[0.002s][info][metaspace]  - commit_granule_bytes: 65536.
[0.002s][info][metaspace]  - commit_granule_words: 8192.
[0.002s][info][metaspace]  - virtual_space_node_default_size: 8388608.
[0.002s][info][metaspace]  - enlarge_chunks_in_place: 1.
[0.005s][info][gc,init  ] CardTable entry size: 512
[0.005s][info][gc       ] Using Parallel
[0.005s][info][gc,init  ] Version: 24-internal-adhoc.root.jdk (release)
[0.006s][info][gc,init  ] CPUs: 2 total, 2 available
[0.006s][info][gc,init  ] Memory: 3908M
[0.006s][info][gc,init  ] Large Page Support: Disabled
[0.006s][info][gc,init  ] NUMA Support: Disabled
[0.006s][info][gc,init  ] Compressed Oops: Enabled (32-bit)
[0.006s][info][gc,init  ] Alignments: Space 512K, Generation 512K, Heap 2M
[0.006s][info][gc,init  ] Heap Min Capacity: 256M
[0.006s][info][gc,init  ] Heap Initial Capacity: 256M
[0.006s][info][gc,init  ] Heap Max Capacity: 978M
[0.006s][info][gc,init  ] Pre-touch: Disabled
[0.006s][info][gc,init  ] Parallel Workers: 2
[0.023s][info][gc,metaspace] CDS archive(s) mapped at: [0x00007fa422000000-0x00007fa422e7b000-0x00007fa422e7b000), size 15183872, SharedBaseAddress: 0x00007fa422000000, ArchiveRelocationMode: 1.
[0.023s][info][gc,metaspace] Compressed class space mapped at: 0x00007fa423000000-0x00007fa463000000, reserved size: 1073741824
[0.023s][info][gc,metaspace] UseCompressedClassPointers 1, UseCompactObjectHeaders 1
[0.023s][info][gc,metaspace] Narrow klass pointer bits 22, Max shift 10
[0.023s][info][gc,metaspace] Narrow klass base: 0x00007fa422000000, Narrow klass shift: 10
[0.023s][info][gc,metaspace] Encoding Range: [0x00007fa422000000 - 0x00007fa522000000), (4294967296 bytes)
[0.023s][info][gc,metaspace] Klass Range:    [0x00007fa422000000 - 0x00007fa463000000), (1090519040 bytes)
[0.023s][info][gc,metaspace] Klass ID Range:  [1 - 1064960) (1064959)
[0.783s][info][gc,start    ] GC(0) Pause Young (Allocation Failure)
[0.794s][info][gc,heap     ] GC(0) PSYoungGen: 65536K(76288K)->3123K(76288K) Eden: 65536K(65536K)->0K(65536K) From: 0K(10752K)->3123K(10752K)
[0.794s][info][gc,heap     ] GC(0) ParOldGen: 1088K(175104K)->1160K(175104K)
[0.794s][info][gc,metaspace] GC(0) Metaspace: 6290K(6464K)->6290K(6464K) NonClass: 5424K(5504K)->5424K(5504K) Class: 865K(960K)->865K(960K)
[0.794s][info][gc          ] GC(0) Pause Young (Allocation Failure) 65M->4M(245M) 11.174ms
[0.794s][info][gc,cpu      ] GC(0) User=0.02s Sys=0.01s Real=0.02s
[1.160s][info][gc,start    ] GC(1) Pause Young (Allocation Failure)
[1.165s][info][gc,heap     ] GC(1) PSYoungGen: 68659K(76288K)->3215K(141824K) Eden: 65536K(65536K)->0K(131072K) From: 3123K(10752K)->3215K(10752K)
[1.165s][info][gc,heap     ] GC(1) ParOldGen: 1160K(175104K)->1176K(175104K)
[1.165s][info][gc,metaspace] GC(1) Metaspace: 6708K(6912K)->6708K(6912K) NonClass: 5773K(5888K)->5773K(5888K) Class: 935K(1024K)->935K(1024K)
[1.165s][info][gc          ] GC(1) Pause Young (Allocation Failure) 68M->4M(309M) 5.242ms
[1.165s][info][gc,cpu      ] GC(1) User=0.01s Sys=0.00s Real=0.01s
[1.678s][info][gc,start    ] GC(2) Pause Young (Allocation Failure)
[1.684s][info][gc,heap     ] GC(2) PSYoungGen: 134287K(141824K)->3463K(141824K) Eden: 131072K(131072K)->0K(131072K) From: 3215K(10752K)->3463K(10752K)
[1.684s][info][gc,heap     ] GC(2) ParOldGen: 1176K(175104K)->1184K(175104K)
[1.684s][info][gc,metaspace] GC(2) Metaspace: 7675K(7872K)->7675K(7872K) NonClass: 6469K(6592K)->6469K(6592K) Class: 1205K(1280K)->1205K(1280K)
[1.684s][info][gc          ] GC(2) Pause Young (Allocation Failure) 132M->4M(309M) 5.298ms
[1.684s][info][gc,cpu      ] GC(2) User=0.00s Sys=0.00s Real=0.01s
[2.092s][info][gc,start    ] GC(3) Pause Young (Allocation Failure)
[2.098s][info][gc,heap     ] GC(3) PSYoungGen: 134535K(141824K)->4007K(272896K) Eden: 131072K(131072K)->0K(262144K) From: 3463K(10752K)->4007K(10752K)
[2.098s][info][gc,heap     ] GC(3) ParOldGen: 1184K(175104K)->1192K(175104K)
[2.098s][info][gc,metaspace] GC(3) Metaspace: 8078K(8256K)->8078K(8256K) NonClass: 6746K(6848K)->6746K(6848K) Class: 1331K(1408K)->1331K(1408K)
[2.098s][info][gc          ] GC(3) Pause Young (Allocation Failure) 132M->5M(437M) 5.694ms
[2.098s][info][gc,cpu      ] GC(3) User=0.01s Sys=0.00s Real=0.01s
[3.272s][info][gc,start    ] GC(4) Pause Young (Allocation Failure)
[3.449s][info][gc,heap     ] GC(4) PSYoungGen: 266151K(272896K)->10743K(272896K) Eden: 262144K(262144K)->0K(262144K) From: 4007K(10752K)->10743K(10752K)
[3.449s][info][gc,heap     ] GC(4) ParOldGen: 1192K(175104K)->87738K(175104K)
[3.449s][info][gc,metaspace] GC(4) Metaspace: 14062K(14272K)->14062K(14272K) NonClass: 11740K(11840K)->11740K(11840K) Class: 2321K(2432K)->2321K(2432K)
[3.449s][info][gc          ] GC(4) Pause Young (Allocation Failure) 261M->96M(437M) 177.021ms
[3.449s][info][gc,cpu      ] GC(4) User=0.26s Sys=0.09s Real=0.18s
[5.138s][info][gc,start    ] GC(5) Pause Young (Allocation Failure)
[5.267s][info][gc,heap     ] GC(5) PSYoungGen: 272887K(272896K)->60921K(211456K) Eden: 262144K(262144K)->0K(150528K) From: 10743K(10752K)->60921K(60928K)
[5.267s][info][gc,heap     ] GC(5) ParOldGen: 87738K(175104K)->104283K(175104K)
[5.267s][info][gc,metaspace] GC(5) Metaspace: 16528K(16640K)->16528K(16640K) NonClass: 13953K(14016K)->13953K(14016K) Class: 2575K(2624K)->2575K(2624K)
[5.267s][info][gc          ] GC(5) Pause Young (Allocation Failure) 352M->161M(377M) 128.901ms
[5.267s][info][gc,cpu      ] GC(5) User=0.20s Sys=0.05s Real=0.13s
[5.761s][info][gc,start    ] GC(6) Pause Young (Allocation Failure)
[5.904s][info][gc,heap     ] GC(6) PSYoungGen: 211449K(211456K)->91632K(242176K) Eden: 150528K(150528K)->0K(150528K) From: 60921K(60928K)->91632K(91648K)
[5.904s][info][gc,heap     ] GC(6) ParOldGen: 104283K(175104K)->118532K(175104K)
[5.904s][info][gc,metaspace] GC(6) Metaspace: 16603K(16768K)->16603K(16768K) NonClass: 14027K(14144K)->14027K(14144K) Class: 2576K(2624K)->2576K(2624K)
[5.904s][info][gc          ] GC(6) Pause Young (Allocation Failure) 308M->205M(407M) 142.996ms
[5.904s][info][gc,cpu      ] GC(6) User=0.28s Sys=0.01s Real=0.15s
[6.161s][info][gc,start    ] GC(7) Pause Young (Allocation Failure)
[6.353s][info][gc,heap     ] GC(7) PSYoungGen: 242160K(242176K)->91632K(203264K) Eden: 150528K(150528K)->0K(111616K) From: 91632K(91648K)->91632K(91648K)
[6.353s][info][gc,heap     ] GC(7) ParOldGen: 118532K(175104K)->123795K(175104K)
[6.353s][info][gc,metaspace] GC(7) Metaspace: 16639K(16768K)->16639K(16768K) NonClass: 14063K(14144K)->14063K(14144K) Class: 2576K(2624K)->2576K(2624K)
[6.353s][info][gc          ] GC(7) Pause Young (Allocation Failure) 352M->210M(369M) 192.196ms
[6.353s][info][gc,cpu      ] GC(7) User=0.36s Sys=0.01s Real=0.20s
[6.600s][info][gc,start    ] GC(8) Pause Young (Allocation Failure)
[6.745s][info][gc,heap     ] GC(8) PSYoungGen: 203248K(203264K)->44512K(222720K) Eden: 111616K(111616K)->0K(111616K) From: 91632K(91648K)->44512K(111104K)
[6.745s][info][gc,heap     ] GC(8) ParOldGen: 123795K(175104K)->176821K(177152K)
[6.745s][info][gc,metaspace] GC(8) Metaspace: 16671K(16832K)->16671K(16832K) NonClass: 14095K(14208K)->14095K(14208K) Class: 2576K(2624K)->2576K(2624K)
[6.745s][info][gc          ] GC(8) Pause Young (Allocation Failure) 319M->216M(390M) 145.076ms
[6.745s][info][gc,cpu      ] GC(8) User=0.25s Sys=0.03s Real=0.15s
[6.958s][info][gc,start    ] GC(9) Pause Young (Allocation Failure)
[7.029s][info][gc,heap     ] GC(9) PSYoungGen: 156128K(222720K)->12352K(222720K) Eden: 111616K(111616K)->0K(111616K) From: 44512K(111104K)->12352K(111104K)
[7.029s][info][gc,heap     ] GC(9) ParOldGen: 176821K(177152K)->215865K(216064K)
[7.029s][info][gc,metaspace] GC(9) Metaspace: 16716K(16832K)->16716K(16832K) NonClass: 14140K(14208K)->14140K(14208K) Class: 2576K(2624K)->2576K(2624K)
[7.029s][info][gc          ] GC(9) Pause Young (Allocation Failure) 325M->222M(428M) 70.832ms
[7.029s][info][gc,cpu      ] GC(9) User=0.11s Sys=0.03s Real=0.07s
[7.256s][info][gc,start    ] GC(10) Pause Young (Allocation Failure)
[7.284s][info][gc,heap     ] GC(10) PSYoungGen: 123968K(222720K)->128K(222720K) Eden: 111616K(111616K)->0K(111616K) From: 12352K(111104K)->128K(111104K)
[7.284s][info][gc,heap     ] GC(10) ParOldGen: 215865K(216064K)->228233K(228352K)
[7.284s][info][gc,metaspace] GC(10) Metaspace: 16780K(16896K)->16780K(16896K) NonClass: 14203K(14272K)->14203K(14272K) Class: 2577K(2624K)->2577K(2624K)
[7.284s][info][gc          ] GC(10) Pause Young (Allocation Failure) 331M->223M(440M) 27.435ms
[7.284s][info][gc,cpu      ] GC(10) User=0.04s Sys=0.02s Real=0.03s
[7.532s][info][gc,start    ] GC(11) Pause Young (Allocation Failure)
[7.543s][info][gc,heap     ] GC(11) PSYoungGen: 111744K(222720K)->2208K(222720K) Eden: 111616K(111616K)->0K(111616K) From: 128K(111104K)->2208K(111104K)
[7.543s][info][gc,heap     ] GC(11) ParOldGen: 228233K(228352K)->228353K(228864K)
[7.543s][info][gc,metaspace] GC(11) Metaspace: 16814K(17024K)->16814K(17024K) NonClass: 14236K(14400K)->14236K(14400K) Class: 2578K(2624K)->2578K(2624K)
[7.543s][info][gc          ] GC(11) Pause Young (Allocation Failure) 332M->225M(441M) 10.557ms
[7.543s][info][gc,cpu      ] GC(11) User=0.02s Sys=0.00s Real=0.01s
[7.739s][info][gc,start    ] GC(12) Pause Young (Allocation Failure)
[7.745s][info][gc,heap     ] GC(12) PSYoungGen: 113824K(222720K)->64K(222720K) Eden: 111616K(111616K)->0K(111616K) From: 2208K(111104K)->64K(111104K)
[7.745s][info][gc,heap     ] GC(12) ParOldGen: 228353K(228864K)->230546K(230912K)
[7.745s][info][gc,metaspace] GC(12) Metaspace: 16829K(17024K)->16829K(17024K) NonClass: 14251K(14400K)->14251K(14400K) Class: 2578K(2624K)->2578K(2624K)
[7.745s][info][gc          ] GC(12) Pause Young (Allocation Failure) 334M->225M(443M) 5.373ms
[7.745s][info][gc,cpu      ] GC(12) User=0.01s Sys=0.00s Real=0.01s
[7.990s][info][gc,start    ] GC(13) Pause Young (Allocation Failure)
[7.994s][info][gc,heap     ] GC(13) PSYoungGen: 111680K(222720K)->2208K(222720K) Eden: 111616K(111616K)->0K(111616K) From: 64K(111104K)->2208K(111104K)
[7.994s][info][gc,heap     ] GC(13) ParOldGen: 230546K(230912K)->230562K(230912K)
[7.994s][info][gc,metaspace] GC(13) Metaspace: 16894K(17088K)->16894K(17088K) NonClass: 14316K(14464K)->14316K(14464K) Class: 2578K(2624K)->2578K(2624K)
[7.994s][info][gc          ] GC(13) Pause Young (Allocation Failure) 334M->227M(443M) 4.400ms
[7.994s][info][gc,cpu      ] GC(13) User=0.01s Sys=0.00s Real=0.01s
[8.156s][info][gc,start    ] GC(14) Pause Young (Allocation Failure)
[8.180s][info][gc,heap     ] GC(14) PSYoungGen: 113824K(222720K)->20000K(132096K) Eden: 111616K(111616K)->0K(111616K) From: 2208K(111104K)->20000K(20480K)
[8.180s][info][gc,heap     ] GC(14) ParOldGen: 230562K(230912K)->232746K(232960K)
[8.180s][info][gc,metaspace] GC(14) Metaspace: 16929K(17088K)->16929K(17088K) NonClass: 14349K(14464K)->14349K(14464K) Class: 2579K(2624K)->2579K(2624K)
[8.180s][info][gc          ] GC(14) Pause Young (Allocation Failure) 336M->246M(356M) 23.318ms
[8.180s][info][gc,cpu      ] GC(14) User=0.04s Sys=0.00s Real=0.02s
[8.469s][info][gc,start    ] GC(15) Pause Young (Allocation Failure)
[8.525s][info][gc,heap     ] GC(15) PSYoungGen: 131616K(132096K)->33664K(226816K) Eden: 111616K(111616K)->0K(117760K) From: 20000K(20480K)->33664K(109056K)
[8.525s][info][gc,heap     ] GC(15) ParOldGen: 232746K(232960K)->252770K(252928K)
[8.525s][info][gc,metaspace] GC(15) Metaspace: 16948K(17088K)->16948K(17088K) NonClass: 14366K(14464K)->14366K(14464K) Class: 2582K(2624K)->2582K(2624K)
[8.525s][info][gc          ] GC(15) Pause Young (Allocation Failure) 355M->279M(468M) 56.692ms
[8.525s][info][gc,cpu      ] GC(15) User=0.10s Sys=0.01s Real=0.06s
[8.910s][info][gc,start    ] GC(16) Pause Young (Allocation Failure)
[8.983s][info][gc,heap     ] GC(16) PSYoungGen: 151424K(226816K)->21411K(139264K) Eden: 117760K(117760K)->0K(117760K) From: 33664K(109056K)->21411K(21504K)
[8.983s][info][gc,heap     ] GC(16) ParOldGen: 252770K(252928K)->286678K(286720K)
[8.983s][info][gc,metaspace] GC(16) Metaspace: 16968K(17152K)->16968K(17152K) NonClass: 14384K(14528K)->14384K(14528K) Class: 2583K(2624K)->2583K(2624K)
[8.983s][info][gc          ] GC(16) Pause Young (Allocation Failure) 394M->300M(416M) 73.871ms
[8.983s][info][gc,cpu      ] GC(16) User=0.11s Sys=0.02s Real=0.08s
[9.210s][info][gc,start    ] GC(17) Pause Young (Allocation Failure)
[9.254s][info][gc,heap     ] GC(17) PSYoungGen: 139171K(139264K)->1056K(220672K) Eden: 117760K(117760K)->0K(123904K) From: 21411K(21504K)->1056K(96768K)
[9.254s][info][gc,heap     ] GC(17) ParOldGen: 286678K(286720K)->308109K(308224K)
[9.254s][info][gc,metaspace] GC(17) Metaspace: 16969K(17152K)->16969K(17152K) NonClass: 14386K(14528K)->14386K(14528K) Class: 2583K(2624K)->2583K(2624K)
[9.254s][info][gc          ] GC(17) Pause Young (Allocation Failure) 415M->301M(516M) 44.249ms
[9.254s][info][gc,cpu      ] GC(17) User=0.06s Sys=0.03s Real=0.05s
[9.576s][info][gc,start    ] GC(18) Pause Young (Allocation Failure)
[9.582s][info][gc,heap     ] GC(18) PSYoungGen: 124960K(220672K)->1824K(218624K) Eden: 123904K(123904K)->0K(123904K) From: 1056K(96768K)->1824K(94720K)
[9.582s][info][gc,heap     ] GC(18) ParOldGen: 308109K(308224K)->308981K(309248K)
[9.582s][info][gc,metaspace] GC(18) Metaspace: 16976K(17152K)->16976K(17152K) NonClass: 14393K(14528K)->14393K(14528K) Class: 2583K(2624K)->2583K(2624K)
[9.582s][info][gc          ] GC(18) Pause Young (Allocation Failure) 422M->303M(515M) 5.906ms
[9.582s][info][gc,cpu      ] GC(18) User=0.01s Sys=0.00s Real=0.00s
[10.089s][info][gc,start    ] GC(19) Pause Young (Allocation Failure)
[10.096s][info][gc,heap     ] GC(19) PSYoungGen: 125728K(218624K)->416K(236544K) Eden: 123904K(123904K)->0K(144896K) From: 1824K(94720K)->416K(91648K)
[10.096s][info][gc,heap     ] GC(19) ParOldGen: 308981K(309248K)->310795K(311296K)
[10.096s][info][gc,metaspace] GC(19) Metaspace: 16982K(17152K)->16982K(17152K) NonClass: 14399K(14528K)->14399K(14528K) Class: 2583K(2624K)->2583K(2624K)
[10.096s][info][gc          ] GC(19) Pause Young (Allocation Failure) 424M->303M(535M) 7.900ms
[10.096s][info][gc,cpu      ] GC(19) User=0.01s Sys=0.01s Real=0.01s
[10.461s][info][gc,start    ] GC(20) Pause Young (Allocation Failure)
[10.497s][info][gc,heap     ] GC(20) PSYoungGen: 145312K(236544K)->29744K(233984K) Eden: 144896K(144896K)->0K(144896K) From: 416K(91648K)->29744K(89088K)
[10.497s][info][gc,heap     ] GC(20) ParOldGen: 310795K(311296K)->310985K(311296K)
[10.497s][info][gc,metaspace] GC(20) Metaspace: 16989K(17152K)->16989K(17152K) NonClass: 14406K(14528K)->14406K(14528K) Class: 2583K(2624K)->2583K(2624K)
[10.497s][info][gc          ] GC(20) Pause Young (Allocation Failure) 445M->332M(532M) 35.899ms
[10.497s][info][gc,cpu      ] GC(20) User=0.07s Sys=0.00s Real=0.04s
[10.819s][info][gc,start    ] GC(21) Pause Young (Allocation Failure)
[10.906s][info][gc,heap     ] GC(21) PSYoungGen: 174640K(233984K)->43840K(237056K) Eden: 144896K(144896K)->0K(151552K) From: 29744K(89088K)->43840K(85504K)
[10.906s][info][gc,heap     ] GC(21) ParOldGen: 310985K(311296K)->340761K(340992K)
[10.906s][info][gc,metaspace] GC(21) Metaspace: 16990K(17152K)->16990K(17152K) NonClass: 14407K(14528K)->14407K(14528K) Class: 2583K(2624K)->2583K(2624K)
[10.906s][info][gc          ] GC(21) Pause Young (Allocation Failure) 474M->375M(564M) 86.731ms
[10.906s][info][gc,cpu      ] GC(21) User=0.15s Sys=0.02s Real=0.09s
[11.108s][info][gc,start    ] GC(22) Pause Young (Allocation Failure)
[11.175s][info][gc,heap     ] GC(22) PSYoungGen: 195392K(237056K)->7264K(238592K) Eden: 151552K(151552K)->0K(151552K) From: 43840K(85504K)->7264K(87040K)
[11.175s][info][gc,heap     ] GC(22) ParOldGen: 340761K(340992K)->384797K(385024K)
[11.175s][info][gc,metaspace] GC(22) Metaspace: 16996K(17152K)->16996K(17152K) NonClass: 14413K(14528K)->14413K(14528K) Class: 2583K(2624K)->2583K(2624K)
[11.176s][info][gc          ] GC(22) Pause Young (Allocation Failure) 523M->382M(609M) 67.409ms
[11.176s][info][gc,cpu      ] GC(22) User=0.10s Sys=0.03s Real=0.07s
[11.516s][info][gc,start    ] GC(23) Pause Young (Allocation Failure)
[11.532s][info][gc,heap     ] GC(23) PSYoungGen: 158816K(238592K)->2016K(242176K) Eden: 151552K(151552K)->0K(162816K) From: 7264K(87040K)->2016K(79360K)
[11.532s][info][gc,heap     ] GC(23) ParOldGen: 384797K(385024K)->392069K(392192K)
[11.532s][info][gc,metaspace] GC(23) Metaspace: 17001K(17152K)->17001K(17152K) NonClass: 14418K(14528K)->14418K(14528K) Class: 2583K(2624K)->2583K(2624K)
[11.532s][info][gc          ] GC(23) Pause Young (Allocation Failure) 530M->384M(619M) 15.400ms
[11.532s][info][gc,cpu      ] GC(23) User=0.03s Sys=0.00s Real=0.01s
[11.896s][info][gc,start    ] GC(24) Pause Young (Allocation Failure)
[12.000s][info][gc,heap     ] GC(24) PSYoungGen: 164832K(242176K)->80896K(243712K) Eden: 162816K(162816K)->0K(162816K) From: 2016K(79360K)->80896K(80896K)
[12.000s][info][gc,heap     ] GC(24) ParOldGen: 392069K(392192K)->397725K(397824K)
[12.000s][info][gc,metaspace] GC(24) Metaspace: 17003K(17152K)->17003K(17152K) NonClass: 14419K(14528K)->14419K(14528K) Class: 2583K(2624K)->2583K(2624K)
[12.000s][info][gc          ] GC(24) Pause Young (Allocation Failure) 543M->467M(626M) 103.603ms
[12.000s][info][gc,cpu      ] GC(24) User=0.20s Sys=0.01s Real=0.10s
[12.400s][info][gc,start    ] GC(25) Pause Young (Allocation Failure)
[12.561s][info][gc,heap     ] GC(25) PSYoungGen: 243712K(243712K)->34995K(233472K) Eden: 162816K(162816K)->0K(143360K) From: 80896K(80896K)->34995K(90112K)
[12.561s][info][gc,heap     ] GC(25) ParOldGen: 397725K(397824K)->478933K(479232K)
[12.561s][info][gc,metaspace] GC(25) Metaspace: 17013K(17152K)->17013K(17152K) NonClass: 14430K(14528K)->14430K(14528K) Class: 2583K(2624K)->2583K(2624K)
[12.561s][info][gc          ] GC(25) Pause Young (Allocation Failure) 626M->501M(696M) 160.630ms
[12.561s][info][gc,cpu      ] GC(25) User=0.26s Sys=0.06s Real=0.16s
[12.836s][info][gc,start    ] GC(26) Pause Young (Allocation Failure)
[12.954s][info][gc,heap     ] GC(26) PSYoungGen: 178355K(233472K)->49759K(193536K) Eden: 143360K(143360K)->0K(143360K) From: 34995K(90112K)->49759K(50176K)
[12.954s][info][gc,heap     ] GC(26) ParOldGen: 478933K(479232K)->514086K(514560K)
[12.954s][info][gc,metaspace] GC(26) Metaspace: 17046K(17152K)->17046K(17152K) NonClass: 14460K(14528K)->14460K(14528K) Class: 2586K(2624K)->2586K(2624K)
[12.954s][info][gc          ] GC(26) Pause Young (Allocation Failure) 641M->550M(691M) 117.884ms
[12.954s][info][gc,cpu      ] GC(26) User=0.21s Sys=0.02s Real=0.12s
[13.144s][info][gc,start    ] GC(27) Pause Young (Allocation Failure)
[13.224s][info][gc,heap     ] GC(27) PSYoungGen: 193119K(193536K)->7140K(240128K) Eden: 143360K(143360K)->0K(143360K) From: 49759K(50176K)->7140K(96768K)
[13.224s][info][gc,heap     ] GC(27) ParOldGen: 514086K(514560K)->560860K(561152K)
[13.224s][info][gc,metaspace] GC(27) Metaspace: 17095K(17344K)->17095K(17344K) NonClass: 14501K(14656K)->14501K(14656K) Class: 2594K(2688K)->2594K(2688K)
[13.224s][info][gc          ] GC(27) Pause Young (Allocation Failure) 690M->554M(782M) 80.039ms
[13.224s][info][gc,cpu      ] GC(27) User=0.11s Sys=0.04s Real=0.08s
[13.406s][info][gc,start    ] GC(28) Pause Young (Allocation Failure)
[13.428s][info][gc,heap     ] GC(28) PSYoungGen: 150500K(240128K)->9616K(153088K) Eden: 143360K(143360K)->0K(143360K) From: 7140K(96768K)->9616K(9728K)
[13.428s][info][gc,heap     ] GC(28) ParOldGen: 560860K(561152K)->567984K(568320K)
[13.428s][info][gc,metaspace] GC(28) Metaspace: 17100K(17344K)->17100K(17344K) NonClass: 14504K(14656K)->14504K(14656K) Class: 2595K(2688K)->2595K(2688K)
[13.428s][info][gc          ] GC(28) Pause Young (Allocation Failure) 694M->564M(704M) 21.577ms
[13.428s][info][gc,cpu      ] GC(28) User=0.04s Sys=0.01s Real=0.02s
[13.670s][info][gc,start    ] GC(29) Pause Young (Allocation Failure)
[13.710s][info][gc,heap     ] GC(29) PSYoungGen: 152976K(153088K)->28656K(239616K) Eden: 143360K(143360K)->0K(148992K) From: 9616K(9728K)->28656K(90624K)
[13.710s][info][gc,heap     ] GC(29) ParOldGen: 567984K(568320K)->577616K(578048K)
[13.710s][info][gc,metaspace] GC(29) Metaspace: 17123K(17344K)->17123K(17344K) NonClass: 14525K(14656K)->14525K(14656K) Class: 2598K(2688K)->2598K(2688K)
[13.710s][info][gc          ] GC(29) Pause Young (Allocation Failure) 704M->592M(798M) 40.070ms
[13.710s][info][gc,cpu      ] GC(29) User=0.07s Sys=0.01s Real=0.04s
[14.035s][info][gc,start    ] GC(30) Pause Young (Allocation Failure)
[14.104s][info][gc,heap     ] GC(30) PSYoungGen: 177648K(239616K)->40288K(233984K) Eden: 148992K(148992K)->0K(148992K) From: 28656K(90624K)->40288K(84992K)
[14.104s][info][gc,heap     ] GC(30) ParOldGen: 577616K(578048K)->606568K(606720K)
[14.104s][info][gc,metaspace] GC(30) Metaspace: 17129K(17344K)->17129K(17344K) NonClass: 14531K(14656K)->14531K(14656K) Class: 2598K(2688K)->2598K(2688K)
[14.104s][info][gc          ] GC(30) Pause Young (Allocation Failure) 737M->631M(821M) 68.904ms
[14.104s][info][gc,cpu      ] GC(30) User=0.12s Sys=0.02s Real=0.07s
[14.320s][info][gc,start    ] GC(31) Pause Full (Allocation Failure)
[14.320s][info][gc,phases,start] GC(31) Marking Phase
[14.437s][info][gc,phases      ] GC(31) Marking Phase 117.396ms
[14.437s][info][gc,phases,start] GC(31) Summary Phase
[14.437s][info][gc,phases      ] GC(31) Summary Phase 0.026ms
[14.437s][info][gc,phases,start] GC(31) Forward
[14.486s][info][gc,phases      ] GC(31) Forward 49.065ms
[14.486s][info][gc,phases,start] GC(31) Adjust Pointers
[14.563s][info][gc,phases      ] GC(31) Adjust Pointers 76.453ms
[14.563s][info][gc,phases,start] GC(31) Compaction Phase
[14.612s][info][gc,phases      ] GC(31) Compaction Phase 48.596ms
[14.615s][info][gc,phases,start] GC(31) Post Compact
[14.626s][info][gc,phases      ] GC(31) Post Compact 10.829ms
[14.645s][info][gc,heap        ] GC(31) PSYoungGen: 189280K(233984K)->0K(242688K) Eden: 148992K(148992K)->0K(158208K) From: 40288K(84992K)->0K(84480K)
[14.645s][info][gc,heap        ] GC(31) ParOldGen: 606568K(606720K)->178303K(322048K)
[14.645s][info][gc,metaspace   ] GC(31) Metaspace: 17130K(17344K)->17130K(17344K) NonClass: 14532K(14656K)->14532K(14656K) Class: 2598K(2688K)->2598K(2688K)
[14.645s][info][gc             ] GC(31) Pause Full (Allocation Failure) 777M->174M(551M) 325.323ms
[14.645s][info][gc,cpu         ] GC(31) User=0.52s Sys=0.03s Real=0.33s
[14.868s][info][gc,start       ] GC(32) Pause Young (Allocation Failure)
[14.929s][info][gc,heap        ] GC(32) PSYoungGen: 158208K(242688K)->68496K(226816K) Eden: 158208K(158208K)->0K(158208K) From: 0K(84480K)->68496K(68608K)
[14.929s][info][gc,heap        ] GC(32) ParOldGen: 178303K(322048K)->178303K(322048K)
[14.929s][info][gc,metaspace   ] GC(32) Metaspace: 17130K(17344K)->17130K(17344K) NonClass: 14532K(14656K)->14532K(14656K) Class: 2598K(2688K)->2598K(2688K)
[14.929s][info][gc             ] GC(32) Pause Young (Allocation Failure) 328M->241M(536M) 60.947ms
[14.929s][info][gc,cpu         ] GC(32) User=0.12s Sys=0.00s Real=0.06s
[15.232s][info][gc,start       ] GC(33) Pause Young (Allocation Failure)
[15.341s][info][gc,heap        ] GC(33) PSYoungGen: 226704K(226816K)->52868K(236032K) Eden: 158208K(158208K)->0K(142336K) From: 68496K(68608K)->52868K(93696K)
[15.341s][info][gc,heap        ] GC(33) ParOldGen: 178303K(322048K)->247271K(322048K)
[15.341s][info][gc,metaspace   ] GC(33) Metaspace: 17133K(17344K)->17133K(17344K) NonClass: 14533K(14656K)->14533K(14656K) Class: 2600K(2688K)->2600K(2688K)
[15.341s][info][gc             ] GC(33) Pause Young (Allocation Failure) 395M->293M(545M) 109.394ms
[15.341s][info][gc,cpu         ] GC(33) User=0.22s Sys=0.00s Real=0.11s
[15.538s][info][gc,start       ] GC(34) Pause Young (Allocation Failure)
[15.604s][info][gc,heap        ] GC(34) PSYoungGen: 195204K(236032K)->13984K(156672K) Eden: 142336K(142336K)->0K(142336K) From: 52868K(93696K)->13984K(14336K)
[15.604s][info][gc,heap        ] GC(34) ParOldGen: 247271K(322048K)->300527K(322048K)
[15.604s][info][gc,metaspace   ] GC(34) Metaspace: 17134K(17344K)->17134K(17344K) NonClass: 14534K(14656K)->14534K(14656K) Class: 2600K(2688K)->2600K(2688K)
[15.604s][info][gc             ] GC(34) Pause Young (Allocation Failure) 432M->307M(467M) 65.333ms
[15.604s][info][gc,cpu         ] GC(34) User=0.13s Sys=0.00s Real=0.07s
[15.796s][info][gc,start       ] GC(35) Pause Young (Allocation Failure)
[15.842s][info][gc,heap        ] GC(35) PSYoungGen: 156320K(156672K)->20736K(241152K) Eden: 142336K(142336K)->0K(148480K) From: 13984K(14336K)->20736K(92672K)
[15.842s][info][gc,heap        ] GC(35) ParOldGen: 300527K(322048K)->314503K(322048K)
[15.842s][info][gc,metaspace   ] GC(35) Metaspace: 17136K(17344K)->17136K(17344K) NonClass: 14536K(14656K)->14536K(14656K) Class: 2600K(2688K)->2600K(2688K)
[15.842s][info][gc             ] GC(35) Pause Young (Allocation Failure) 446M->327M(550M) 46.180ms
[15.842s][info][gc,cpu         ] GC(35) User=0.09s Sys=0.00s Real=0.04s
[16.027s][info][gc,start       ] GC(36) Pause Young (Allocation Failure)
[16.085s][info][gc,heap        ] GC(36) PSYoungGen: 169216K(241152K)->17377K(237056K) Eden: 148480K(148480K)->0K(148480K) From: 20736K(92672K)->17377K(88576K)
[16.085s][info][gc,heap        ] GC(36) ParOldGen: 314503K(322048K)->335255K(335360K)
[16.085s][info][gc,metaspace   ] GC(36) Metaspace: 17138K(17344K)->17138K(17344K) NonClass: 14538K(14656K)->14538K(14656K) Class: 2600K(2688K)->2600K(2688K)
[16.085s][info][gc             ] GC(36) Pause Young (Allocation Failure) 472M->344M(559M) 57.187ms
[16.085s][info][gc,cpu         ] GC(36) User=0.10s Sys=0.01s Real=0.06s
[16.333s][info][gc,start       ] GC(37) Pause Young (Allocation Failure)
[16.394s][info][gc,heap        ] GC(37) PSYoungGen: 165857K(237056K)->9600K(239616K) Eden: 148480K(148480K)->0K(154624K) From: 17377K(88576K)->9600K(84992K)
[16.394s][info][gc,heap        ] GC(37) ParOldGen: 335255K(335360K)->352589K(352768K)
[16.394s][info][gc,metaspace   ] GC(37) Metaspace: 17148K(17344K)->17148K(17344K) NonClass: 14541K(14656K)->14541K(14656K) Class: 2606K(2688K)->2606K(2688K)
[16.394s][info][gc             ] GC(37) Pause Young (Allocation Failure) 489M->353M(578M) 61.498ms
[16.394s][info][gc,cpu         ] GC(37) User=0.11s Sys=0.01s Real=0.07s
[16.618s][info][gc,start       ] GC(38) Pause Young (Allocation Failure)
[16.665s][info][gc,heap        ] GC(38) PSYoungGen: 164224K(239616K)->29472K(237568K) Eden: 154624K(154624K)->0K(154624K) From: 9600K(84992K)->29472K(82944K)
[16.665s][info][gc,heap        ] GC(38) ParOldGen: 352589K(352768K)->362189K(362496K)
[16.665s][info][gc,metaspace   ] GC(38) Metaspace: 17149K(17344K)->17149K(17344K) NonClass: 14543K(14656K)->14543K(14656K) Class: 2606K(2688K)->2606K(2688K)
[16.665s][info][gc             ] GC(38) Pause Young (Allocation Failure) 504M->382M(586M) 47.135ms
[16.665s][info][gc,cpu         ] GC(38) User=0.08s Sys=0.01s Real=0.05s
[16.832s][info][gc,start       ] GC(39) Pause Young (Allocation Failure)
[16.895s][info][gc,heap        ] GC(39) PSYoungGen: 184096K(237568K)->17504K(247296K) Eden: 154624K(154624K)->0K(169472K) From: 29472K(82944K)->17504K(77824K)
[16.895s][info][gc,heap        ] GC(39) ParOldGen: 362189K(362496K)->391725K(392192K)
[16.895s][info][gc,metaspace   ] GC(39) Metaspace: 17150K(17344K)->17150K(17344K) NonClass: 14544K(14656K)->14544K(14656K) Class: 2606K(2688K)->2606K(2688K)
[16.895s][info][gc             ] GC(39) Pause Young (Allocation Failure) 533M->399M(624M) 63.312ms
[16.895s][info][gc,cpu         ] GC(39) User=0.10s Sys=0.02s Real=0.07s
[17.199s][info][gc,start       ] GC(40) Pause Young (Allocation Failure)
[17.237s][info][gc,heap        ] GC(40) PSYoungGen: 186976K(247296K)->4416K(244224K) Eden: 169472K(169472K)->0K(169472K) From: 17504K(77824K)->4416K(74752K)
[17.237s][info][gc,heap        ] GC(40) ParOldGen: 391725K(392192K)->409226K(409600K)
[17.237s][info][gc,metaspace   ] GC(40) Metaspace: 17152K(17344K)->17152K(17344K) NonClass: 14546K(14656K)->14546K(14656K) Class: 2606K(2688K)->2606K(2688K)
[17.237s][info][gc             ] GC(40) Pause Young (Allocation Failure) 565M->403M(638M) 38.089ms
[17.237s][info][gc,cpu         ] GC(40) User=0.06s Sys=0.02s Real=0.04s
[17.632s][info][gc,start       ] GC(41) Pause Young (Allocation Failure)
[17.657s][info][gc,heap        ] GC(41) PSYoungGen: 173888K(244224K)->15904K(255488K) Eden: 169472K(169472K)->0K(184832K) From: 4416K(74752K)->15904K(70656K)
[17.657s][info][gc,heap        ] GC(41) ParOldGen: 409226K(409600K)->413626K(413696K)
[17.657s][info][gc,metaspace   ] GC(41) Metaspace: 17153K(17344K)->17153K(17344K) NonClass: 14547K(14656K)->14547K(14656K) Class: 2606K(2688K)->2606K(2688K)
[17.657s][info][gc             ] GC(41) Pause Young (Allocation Failure) 569M->419M(653M) 25.869ms
[17.658s][info][gc,cpu         ] GC(41) User=0.04s Sys=0.00s Real=0.03s
[18.425s][info][gc,start       ] GC(42) Pause Young (Allocation Failure)
[18.459s][info][gc,heap        ] GC(42) PSYoungGen: 200736K(255488K)->5696K(254976K) Eden: 184832K(184832K)->0K(184832K) From: 15904K(70656K)->5696K(70144K)
[18.459s][info][gc,heap        ] GC(42) ParOldGen: 413626K(413696K)->429472K(429568K)
[18.459s][info][gc,metaspace   ] GC(42) Metaspace: 17169K(17344K)->17169K(17344K) NonClass: 14563K(14656K)->14563K(14656K) Class: 2606K(2688K)->2606K(2688K)
[18.459s][info][gc             ] GC(42) Pause Young (Allocation Failure) 599M->424M(668M) 34.095ms
[18.459s][info][gc,cpu         ] GC(42) User=0.06s Sys=0.02s Real=0.03s
[19.021s][info][gc,start       ] GC(43) Pause Young (Allocation Failure)
[19.032s][info][gc,heap        ] GC(43) PSYoungGen: 190528K(254976K)->64K(262656K) Eden: 184832K(184832K)->0K(194048K) From: 5696K(70144K)->64K(68608K)
[19.032s][info][gc,heap        ] GC(43) ParOldGen: 429472K(429568K)->435152K(435200K)
[19.032s][info][gc,metaspace   ] GC(43) Metaspace: 17181K(17344K)->17181K(17344K) NonClass: 14575K(14656K)->14575K(14656K) Class: 2606K(2688K)->2606K(2688K)
[19.032s][info][gc             ] GC(43) Pause Young (Allocation Failure) 605M->425M(681M) 10.371ms
[19.032s][info][gc,cpu         ] GC(43) User=0.01s Sys=0.00s Real=0.01s
[19.574s][info][gc,start       ] GC(44) Pause Young (Allocation Failure)
[19.586s][info][gc,heap        ] GC(44) PSYoungGen: 194112K(262656K)->192K(261632K) Eden: 194048K(194048K)->0K(194048K) From: 64K(68608K)->192K(67584K)
[19.586s][info][gc,heap        ] GC(44) ParOldGen: 435152K(435200K)->435176K(435200K)
[19.586s][info][gc,metaspace   ] GC(44) Metaspace: 17182K(17344K)->17182K(17344K) NonClass: 14576K(14656K)->14576K(14656K) Class: 2606K(2688K)->2606K(2688K)
[19.586s][info][gc             ] GC(44) Pause Young (Allocation Failure) 614M->425M(680M) 12.787ms
[19.586s][info][gc,cpu         ] GC(44) User=0.02s Sys=0.00s Real=0.01s
[19.974s][info][gc,start       ] GC(45) Pause Young (Allocation Failure)
[20.005s][info][gc,heap        ] GC(45) PSYoungGen: 194240K(261632K)->33350K(262656K) Eden: 194048K(194048K)->0K(196608K) From: 192K(67584K)->33350K(66048K)
[20.005s][info][gc,heap        ] GC(45) ParOldGen: 435176K(435200K)->435344K(435712K)
[20.005s][info][gc,metaspace   ] GC(45) Metaspace: 17187K(17344K)->17187K(17344K) NonClass: 14581K(14656K)->14581K(14656K) Class: 2606K(2688K)->2606K(2688K)
[20.005s][info][gc             ] GC(45) Pause Young (Allocation Failure) 614M->457M(682M) 31.301ms
[20.005s][info][gc,cpu         ] GC(45) User=0.06s Sys=0.00s Real=0.03s
[20.370s][info][gc,start       ] GC(46) Pause Young (Allocation Failure)
[20.447s][info][gc,heap        ] GC(46) PSYoungGen: 229958K(262656K)->44672K(241664K) Eden: 196608K(196608K)->0K(196608K) From: 33350K(66048K)->44672K(45056K)
[20.447s][info][gc,heap        ] GC(46) ParOldGen: 435344K(435712K)->469058K(469504K)
[20.447s][info][gc,metaspace   ] GC(46) Metaspace: 17191K(17344K)->17191K(17344K) NonClass: 14585K(14656K)->14585K(14656K) Class: 2606K(2688K)->2606K(2688K)
[20.447s][info][gc             ] GC(46) Pause Young (Allocation Failure) 649M->501M(694M) 77.041ms
[20.447s][info][gc,cpu         ] GC(46) User=0.12s Sys=0.02s Real=0.08s
[20.831s][info][gc,start       ] GC(47) Pause Young (Allocation Failure)
[20.939s][info][gc,heap        ] GC(47) PSYoungGen: 241280K(241664K)->30108K(263680K) Eden: 196608K(196608K)->0K(192000K) From: 44672K(45056K)->30108K(71680K)
[20.939s][info][gc,heap        ] GC(47) ParOldGen: 469058K(469504K)->514206K(514560K)
[20.939s][info][gc,metaspace   ] GC(47) Metaspace: 17204K(17408K)->17204K(17408K) NonClass: 14597K(14720K)->14597K(14720K) Class: 2607K(2688K)->2607K(2688K)
[20.939s][info][gc             ] GC(47) Pause Young (Allocation Failure) 693M->531M(760M) 107.878ms
[20.939s][info][gc,cpu         ] GC(47) User=0.17s Sys=0.04s Real=0.11s
[21.188s][info][gc,start       ] GC(48) Pause Young (Allocation Failure)
[21.291s][info][gc,heap        ] GC(48) PSYoungGen: 222108K(263680K)->45376K(237568K) Eden: 192000K(192000K)->0K(192000K) From: 30108K(71680K)->45376K(45568K)
[21.291s][info][gc,heap        ] GC(48) ParOldGen: 514206K(514560K)->544364K(544768K)
[21.291s][info][gc,metaspace   ] GC(48) Metaspace: 17216K(17408K)->17216K(17408K) NonClass: 14609K(14720K)->14609K(14720K) Class: 2607K(2688K)->2607K(2688K)
[21.291s][info][gc             ] GC(48) Pause Young (Allocation Failure) 719M->575M(764M) 102.443ms
[21.291s][info][gc,cpu         ] GC(48) User=0.17s Sys=0.02s Real=0.10s
[21.512s][info][gc,start       ] GC(49) Pause Young (Allocation Failure)
[21.599s][info][gc,heap        ] GC(49) PSYoungGen: 237376K(237568K)->19840K(264192K) Eden: 192000K(192000K)->0K(190464K) From: 45376K(45568K)->19840K(73728K)
[21.599s][info][gc,heap        ] GC(49) ParOldGen: 544364K(544768K)->590068K(590336K)
[21.599s][info][gc,metaspace   ] GC(49) Metaspace: 17220K(17408K)->17220K(17408K) NonClass: 14613K(14720K)->14613K(14720K) Class: 2607K(2688K)->2607K(2688K)
[21.599s][info][gc             ] GC(49) Pause Young (Allocation Failure) 763M->595M(834M) 87.024ms
[21.599s][info][gc,cpu         ] GC(49) User=0.13s Sys=0.03s Real=0.09s
[21.746s][info][gc,start       ] GC(50) Pause Young (Allocation Failure)
[21.786s][info][gc,heap        ] GC(50) PSYoungGen: 210304K(264192K)->5152K(196096K) Eden: 190464K(190464K)->0K(190464K) From: 19840K(73728K)->5152K(5632K)
[21.787s][info][gc,heap        ] GC(50) ParOldGen: 590068K(590336K)->609964K(610304K)
[21.787s][info][gc,metaspace   ] GC(50) Metaspace: 17220K(17408K)->17220K(17408K) NonClass: 14613K(14720K)->14613K(14720K) Class: 2607K(2688K)->2607K(2688K)
[21.787s][info][gc             ] GC(50) Pause Young (Allocation Failure) 781M->600M(787M) 40.194ms
[21.787s][info][gc,cpu         ] GC(50) User=0.06s Sys=0.02s Real=0.04s
[22.052s][info][gc,start       ] GC(51) Pause Full (Allocation Failure)
[22.052s][info][gc,phases,start] GC(51) Marking Phase
[22.310s][info][gc,phases      ] GC(51) Marking Phase 257.518ms
[22.310s][info][gc,phases,start] GC(51) Summary Phase
[22.310s][info][gc,phases      ] GC(51) Summary Phase 0.029ms
[22.310s][info][gc,phases,start] GC(51) Forward
[22.408s][info][gc,phases      ] GC(51) Forward 97.766ms
[22.408s][info][gc,phases,start] GC(51) Adjust Pointers
[22.620s][info][gc,phases      ] GC(51) Adjust Pointers 211.953ms
[22.620s][info][gc,phases,start] GC(51) Compaction Phase
[22.748s][info][gc,phases      ] GC(51) Compaction Phase 127.793ms
[22.756s][info][gc,phases,start] GC(51) Post Compact
[22.759s][info][gc,phases      ] GC(51) Post Compact 2.700ms
[22.764s][info][gc,heap        ] GC(51) PSYoungGen: 195616K(196096K)->0K(259072K) Eden: 190464K(190464K)->0K(190464K) From: 5152K(5632K)->0K(68608K)
[22.764s][info][gc,heap        ] GC(51) ParOldGen: 609964K(610304K)->367701K(522240K)
[22.764s][info][gc,metaspace   ] GC(51) Metaspace: 17220K(17408K)->17220K(17408K) NonClass: 14613K(14720K)->14613K(14720K) Class: 2607K(2688K)->2607K(2688K)
[22.764s][info][gc             ] GC(51) Pause Full (Allocation Failure) 786M->359M(763M) 712.221ms
[22.764s][info][gc,cpu         ] GC(51) User=1.32s Sys=0.01s Real=0.72s
[22.967s][info][gc,start       ] GC(52) Pause Young (Allocation Failure)
[22.985s][info][gc,heap        ] GC(52) PSYoungGen: 190464K(259072K)->7104K(259072K) Eden: 190464K(190464K)->0K(190464K) From: 0K(68608K)->7104K(68608K)
[22.985s][info][gc,heap        ] GC(52) ParOldGen: 367701K(522240K)->367701K(522240K)
[22.985s][info][gc,metaspace   ] GC(52) Metaspace: 17237K(17408K)->17237K(17408K) NonClass: 14630K(14720K)->14630K(14720K) Class: 2607K(2688K)->2607K(2688K)
[22.985s][info][gc             ] GC(52) Pause Young (Allocation Failure) 545M->366M(763M) 18.221ms
[22.985s][info][gc,cpu         ] GC(52) User=0.04s Sys=0.00s Real=0.02s
[23.255s][info][gc,start       ] GC(53) Pause Young (Allocation Failure)
[23.331s][info][gc,heap        ] GC(53) PSYoungGen: 197568K(259072K)->30688K(264192K) Eden: 190464K(190464K)->0K(197632K) From: 7104K(68608K)->30688K(66560K)
[23.331s][info][gc,heap        ] GC(53) ParOldGen: 367701K(522240K)->374789K(522240K)
[23.331s][info][gc,metaspace   ] GC(53) Metaspace: 17239K(17408K)->17239K(17408K) NonClass: 14632K(14720K)->14632K(14720K) Class: 2607K(2688K)->2607K(2688K)
[23.331s][info][gc             ] GC(53) Pause Young (Allocation Failure) 552M->395M(768M) 76.135ms
[23.331s][info][gc,cpu         ] GC(53) User=0.15s Sys=0.00s Real=0.07s
[24.277s][info][gc,start       ] GC(54) Pause Young (Allocation Failure)
[24.316s][info][gc,heap        ] GC(54) PSYoungGen: 228320K(264192K)->960K(263168K) Eden: 197632K(197632K)->0K(197632K) From: 30688K(66560K)->960K(65536K)
[24.316s][info][gc,heap        ] GC(54) ParOldGen: 374789K(522240K)->405479K(522240K)
[24.316s][info][gc,metaspace   ] GC(54) Metaspace: 17264K(17472K)->17264K(17472K) NonClass: 14657K(14784K)->14657K(14784K) Class: 2607K(2688K)->2607K(2688K)
[24.316s][info][gc             ] GC(54) Pause Young (Allocation Failure) 588M->396M(767M) 39.115ms
[24.316s][info][gc,cpu         ] GC(54) User=0.07s Sys=0.00s Real=0.04s
[24.785s][info][gc,start       ] GC(55) Pause Young (Allocation Failure)
[24.808s][info][gc,heap        ] GC(55) PSYoungGen: 198592K(263168K)->20752K(262144K) Eden: 197632K(197632K)->0K(203776K) From: 960K(65536K)->20752K(58368K)
[24.808s][info][gc,heap        ] GC(55) ParOldGen: 405479K(522240K)->406396K(522240K)
[24.808s][info][gc,metaspace   ] GC(55) Metaspace: 17274K(17472K)->17274K(17472K) NonClass: 14666K(14784K)->14666K(14784K) Class: 2608K(2688K)->2608K(2688K)
[24.808s][info][gc             ] GC(55) Pause Young (Allocation Failure) 589M->417M(766M) 22.922ms
[24.808s][info][gc,cpu         ] GC(55) User=0.04s Sys=0.00s Real=0.02s
[25.150s][info][gc,start       ] GC(56) Pause Young (Allocation Failure)
[25.206s][info][gc,heap        ] GC(56) PSYoungGen: 224528K(262144K)->49120K(264192K) Eden: 203776K(203776K)->0K(203776K) From: 20752K(58368K)->49120K(60416K)
[25.206s][info][gc,heap        ] GC(56) ParOldGen: 406396K(522240K)->427209K(522240K)
[25.206s][info][gc,metaspace   ] GC(56) Metaspace: 17298K(17472K)->17298K(17472K) NonClass: 14690K(14784K)->14690K(14784K) Class: 2608K(2688K)->2608K(2688K)
[25.206s][info][gc             ] GC(56) Pause Young (Allocation Failure) 616M->465M(768M) 55.861ms
[25.206s][info][gc,cpu         ] GC(56) User=0.11s Sys=0.00s Real=0.06s
[25.653s][info][gc,start       ] GC(57) Pause Young (Allocation Failure)
[25.707s][info][gc,heap        ] GC(57) PSYoungGen: 252896K(264192K)->28576K(268800K) Eden: 203776K(203776K)->0K(201216K) From: 49120K(60416K)->28576K(67584K)
[25.707s][info][gc,heap        ] GC(57) ParOldGen: 427209K(522240K)->476889K(522240K)
[25.707s][info][gc,metaspace   ] GC(57) Metaspace: 17302K(17472K)->17302K(17472K) NonClass: 14694K(14784K)->14694K(14784K) Class: 2608K(2688K)->2608K(2688K)
[25.707s][info][gc             ] GC(57) Pause Young (Allocation Failure) 664M->493M(772M) 54.064ms
[25.707s][info][gc,cpu         ] GC(57) User=0.11s Sys=0.00s Real=0.05s
[26.149s][info][gc,start       ] GC(58) Pause Young (Allocation Failure)
[26.219s][info][gc,heap        ] GC(58) PSYoungGen: 229792K(268800K)->31999K(233472K) Eden: 201216K(201216K)->0K(201216K) From: 28576K(67584K)->31999K(32256K)
[26.219s][info][gc,heap        ] GC(58) ParOldGen: 476889K(522240K)->505734K(522240K)
[26.219s][info][gc,metaspace   ] GC(58) Metaspace: 17303K(17472K)->17303K(17472K) NonClass: 14695K(14784K)->14695K(14784K) Class: 2608K(2688K)->2608K(2688K)
[26.219s][info][gc             ] GC(58) Pause Young (Allocation Failure) 690M->525M(738M) 70.308ms
[26.219s][info][gc,cpu         ] GC(58) User=0.14s Sys=0.00s Real=0.07s
[26.470s][info][gc,start       ] GC(59) Pause Young (Allocation Failure)
[26.559s][info][gc,heap        ] GC(59) PSYoungGen: 233215K(233472K)->25920K(268288K) Eden: 201216K(201216K)->0K(204288K) From: 31999K(32256K)->25920K(64000K)
[26.559s][info][gc,heap        ] GC(59) ParOldGen: 505734K(522240K)->537780K(538112K)
[26.559s][info][gc,metaspace   ] GC(59) Metaspace: 17303K(17472K)->17303K(17472K) NonClass: 14695K(14784K)->14695K(14784K) Class: 2608K(2688K)->2608K(2688K)
[26.559s][info][gc             ] GC(59) Pause Young (Allocation Failure) 721M->550M(787M) 88.540ms
[26.559s][info][gc,cpu         ] GC(59) User=0.16s Sys=0.01s Real=0.09s
[26.789s][info][gc,start       ] GC(60) Pause Young (Allocation Failure)
[26.837s][info][gc,heap        ] GC(60) PSYoungGen: 230208K(268288K)->5600K(265216K) Eden: 204288K(204288K)->0K(204288K) From: 25920K(64000K)->5600K(60928K)
[26.837s][info][gc,heap        ] GC(60) ParOldGen: 537780K(538112K)->563740K(564224K)
[26.837s][info][gc,metaspace   ] GC(60) Metaspace: 17303K(17472K)->17303K(17472K) NonClass: 14695K(14784K)->14695K(14784K) Class: 2608K(2688K)->2608K(2688K)
[26.837s][info][gc             ] GC(60) Pause Young (Allocation Failure) 749M->555M(810M) 47.435ms
[26.837s][info][gc,cpu         ] GC(60) User=0.08s Sys=0.02s Real=0.05s
[27.040s][info][gc,start       ] GC(61) Pause Young (Allocation Failure)
[27.103s][info][gc,heap        ] GC(61) PSYoungGen: 209888K(265216K)->52114K(259072K) Eden: 204288K(204288K)->0K(198656K) From: 5600K(60928K)->52114K(60416K)
[27.103s][info][gc,heap        ] GC(61) ParOldGen: 563740K(564224K)->569324K(569344K)
[27.103s][info][gc,metaspace   ] GC(61) Metaspace: 17309K(17472K)->17309K(17472K) NonClass: 14700K(14784K)->14700K(14784K) Class: 2608K(2688K)->2608K(2688K)
[27.103s][info][gc             ] GC(61) Pause Young (Allocation Failure) 755M->606M(809M) 63.021ms
[27.103s][info][gc,cpu         ] GC(61) User=0.12s Sys=0.01s Real=0.07s
[27.445s][info][gc,start       ] GC(62) Pause Young (Allocation Failure)
[27.559s][info][gc,heap        ] GC(62) PSYoungGen: 250770K(259072K)->36640K(266240K) Eden: 198656K(198656K)->0K(198656K) From: 52114K(60416K)->36640K(67584K)
[27.559s][info][gc,heap        ] GC(62) ParOldGen: 569324K(569344K)->622041K(622080K)
[27.559s][info][gc,metaspace   ] GC(62) Metaspace: 17310K(17472K)->17310K(17472K) NonClass: 14701K(14784K)->14701K(14784K) Class: 2608K(2688K)->2608K(2688K)
[27.559s][info][gc             ] GC(62) Pause Young (Allocation Failure) 800M->643M(867M) 113.545ms
[27.559s][info][gc,cpu         ] GC(62) User=0.18s Sys=0.03s Real=0.11s
[27.874s][info][gc,start       ] GC(63) Pause Full (Allocation Failure)
[27.874s][info][gc,phases,start] GC(63) Marking Phase
[28.223s][info][gc,phases      ] GC(63) Marking Phase 349.216ms
[28.223s][info][gc,phases,start] GC(63) Summary Phase
[28.224s][info][gc,phases      ] GC(63) Summary Phase 0.032ms
[28.224s][info][gc,phases,start] GC(63) Forward
[28.360s][info][gc,phases      ] GC(63) Forward 136.579ms
[28.360s][info][gc,phases,start] GC(63) Adjust Pointers
[28.630s][info][gc,phases      ] GC(63) Adjust Pointers 270.011ms
[28.630s][info][gc,phases,start] GC(63) Compaction Phase
[28.792s][info][gc,phases      ] GC(63) Compaction Phase 162.031ms
[28.804s][info][gc,phases,start] GC(63) Post Compact
[28.807s][info][gc,phases      ] GC(63) Post Compact 2.589ms
[28.807s][info][gc,heap        ] GC(63) PSYoungGen: 235296K(266240K)->0K(266240K) Eden: 198656K(198656K)->0K(198656K) From: 36640K(67584K)->0K(67584K)
[28.807s][info][gc,heap        ] GC(63) ParOldGen: 622041K(622080K)->490308K(662016K)
[28.807s][info][gc,metaspace   ] GC(63) Metaspace: 17312K(17472K)->17312K(17472K) NonClass: 14703K(14784K)->14703K(14784K) Class: 2608K(2688K)->2608K(2688K)
[28.807s][info][gc             ] GC(63) Pause Full (Allocation Failure) 837M->478M(906M) 933.108ms
[28.807s][info][gc,cpu         ] GC(63) User=1.75s Sys=0.01s Real=0.93s
[29.102s][info][gc,start       ] GC(64) Pause Young (Allocation Failure)
[29.130s][info][gc,heap        ] GC(64) PSYoungGen: 198656K(266240K)->24512K(223232K) Eden: 198656K(198656K)->0K(198656K) From: 0K(67584K)->24512K(24576K)
[29.130s][info][gc,heap        ] GC(64) ParOldGen: 490308K(662016K)->490308K(662016K)
[29.130s][info][gc,metaspace   ] GC(64) Metaspace: 17317K(17536K)->17317K(17536K) NonClass: 14709K(14848K)->14709K(14848K) Class: 2608K(2688K)->2608K(2688K)
[29.130s][info][gc             ] GC(64) Pause Young (Allocation Failure) 672M->502M(864M) 27.766ms
[29.130s][info][gc,cpu         ] GC(64) User=0.05s Sys=0.00s Real=0.03s
[29.429s][info][gc,start       ] GC(65) Pause Young (Allocation Failure)
[29.467s][info][gc,heap        ] GC(65) PSYoungGen: 223168K(223232K)->4608K(262656K) Eden: 198656K(198656K)->0K(198656K) From: 24512K(24576K)->4608K(64000K)
[29.467s][info][gc,heap        ] GC(65) ParOldGen: 490308K(662016K)->514868K(662016K)
[29.467s][info][gc,metaspace   ] GC(65) Metaspace: 17317K(17536K)->17317K(17536K) NonClass: 14709K(14848K)->14709K(14848K) Class: 2608K(2688K)->2608K(2688K)
[29.467s][info][gc             ] GC(65) Pause Young (Allocation Failure) 696M->507M(903M) 38.095ms
[29.467s][info][gc,cpu         ] GC(65) User=0.07s Sys=0.00s Real=0.04s
[29.867s][info][gc,start       ] GC(66) Pause Young (Allocation Failure)
[29.891s][info][gc,heap        ] GC(66) PSYoungGen: 203264K(262656K)->17232K(262656K) Eden: 198656K(198656K)->0K(198656K) From: 4608K(64000K)->17232K(64000K)
[29.891s][info][gc,heap        ] GC(66) ParOldGen: 514868K(662016K)->519452K(662016K)
[29.891s][info][gc,metaspace   ] GC(66) Metaspace: 17322K(17536K)->17322K(17536K) NonClass: 14714K(14848K)->14714K(14848K) Class: 2608K(2688K)->2608K(2688K)
[29.891s][info][gc             ] GC(66) Pause Young (Allocation Failure) 701M->524M(903M) 24.265ms
[29.891s][info][gc,cpu         ] GC(66) User=0.04s Sys=0.00s Real=0.02s
[30.425s][info][gc,start       ] GC(67) Pause Young (Allocation Failure)
[30.467s][info][gc,heap        ] GC(67) PSYoungGen: 215888K(262656K)->9728K(267776K) Eden: 198656K(198656K)->0K(206848K) From: 17232K(64000K)->9728K(60928K)
[30.467s][info][gc,heap        ] GC(67) ParOldGen: 519452K(662016K)->536676K(662016K)
[30.467s][info][gc,metaspace   ] GC(67) Metaspace: 17324K(17536K)->17324K(17536K) NonClass: 14715K(14848K)->14715K(14848K) Class: 2608K(2688K)->2608K(2688K)
[30.467s][info][gc             ] GC(67) Pause Young (Allocation Failure) 718M->533M(908M) 42.001ms
[30.467s][info][gc,cpu         ] GC(67) User=0.08s Sys=0.01s Real=0.04s
[31.023s][info][gc,start       ] GC(68) Pause Young (Allocation Failure)
[31.034s][info][gc,heap        ] GC(68) PSYoungGen: 216576K(267776K)->64K(266752K) Eden: 206848K(206848K)->0K(206848K) From: 9728K(60928K)->64K(59904K)
[31.034s][info][gc,heap        ] GC(68) ParOldGen: 536676K(662016K)->546204K(662016K)
[31.034s][info][gc,metaspace   ] GC(68) Metaspace: 17324K(17536K)->17324K(17536K) NonClass: 14716K(14848K)->14716K(14848K) Class: 2608K(2688K)->2608K(2688K)
[31.034s][info][gc             ] GC(68) Pause Young (Allocation Failure) 735M->533M(907M) 11.645ms
[31.034s][info][gc,cpu         ] GC(68) User=0.02s Sys=0.00s Real=0.02s
[31.549s][info][gc,start       ] GC(69) Pause Young (Allocation Failure)
[31.551s][info][gc,heap        ] GC(69) PSYoungGen: 206912K(266752K)->64K(272896K) Eden: 206848K(206848K)->0K(214016K) From: 64K(59904K)->64K(58880K)
[31.551s][info][gc,heap        ] GC(69) ParOldGen: 546204K(662016K)->546220K(662016K)
[31.551s][info][gc,metaspace   ] GC(69) Metaspace: 17325K(17536K)->17325K(17536K) NonClass: 14716K(14848K)->14716K(14848K) Class: 2608K(2688K)->2608K(2688K)
[31.551s][info][gc             ] GC(69) Pause Young (Allocation Failure) 735M->533M(913M) 1.981ms
[31.551s][info][gc,cpu         ] GC(69) User=0.01s Sys=0.00s Real=0.00s
[32.128s][info][gc,start       ] GC(70) Pause Young (Allocation Failure)
[32.140s][info][gc,heap        ] GC(70) PSYoungGen: 214080K(272896K)->320K(272896K) Eden: 214016K(214016K)->0K(214016K) From: 64K(58880K)->320K(58880K)
[32.140s][info][gc,heap        ] GC(70) ParOldGen: 546220K(662016K)->546220K(662016K)
[32.140s][info][gc,metaspace   ] GC(70) Metaspace: 17325K(17536K)->17325K(17536K) NonClass: 14716K(14848K)->14716K(14848K) Class: 2608K(2688K)->2608K(2688K)
[32.140s][info][gc             ] GC(70) Pause Young (Allocation Failure) 742M->533M(913M) 11.590ms
[32.140s][info][gc,cpu         ] GC(70) User=0.02s Sys=0.00s Real=0.01s
[32.453s][info][gc,start       ] GC(71) Pause Young (Allocation Failure)
[32.488s][info][gc,heap        ] GC(71) PSYoungGen: 214336K(272896K)->44128K(263680K) Eden: 214016K(214016K)->0K(205824K) From: 320K(58880K)->44128K(57856K)
[32.488s][info][gc,heap        ] GC(71) ParOldGen: 546220K(662016K)->546220K(662016K)
[32.488s][info][gc,metaspace   ] GC(71) Metaspace: 17326K(17536K)->17326K(17536K) NonClass: 14718K(14848K)->14718K(14848K) Class: 2608K(2688K)->2608K(2688K)
[32.488s][info][gc             ] GC(71) Pause Young (Allocation Failure) 742M->576M(904M) 35.375ms
[32.488s][info][gc,cpu         ] GC(71) User=0.07s Sys=0.00s Real=0.04s
[32.945s][info][gc,start       ] GC(72) Pause Young (Allocation Failure)
[32.997s][info][gc,heap        ] GC(72) PSYoungGen: 249952K(263680K)->63968K(269824K) Eden: 205824K(205824K)->0K(205824K) From: 44128K(57856K)->63968K(64000K)
[32.997s][info][gc,heap        ] GC(72) ParOldGen: 546220K(662016K)->557772K(662016K)
[32.997s][info][gc,metaspace   ] GC(72) Metaspace: 17327K(17536K)->17327K(17536K) NonClass: 14719K(14848K)->14719K(14848K) Class: 2608K(2688K)->2608K(2688K)
[32.997s][info][gc             ] GC(72) Pause Young (Allocation Failure) 777M->607M(910M) 51.710ms
[32.997s][info][gc,cpu         ] GC(72) User=0.10s Sys=0.00s Real=0.05s
[33.391s][info][gc,start       ] GC(73) Pause Young (Allocation Failure)
[33.499s][info][gc,heap        ] GC(73) PSYoungGen: 269792K(269824K)->63968K(194048K) Eden: 205824K(205824K)->0K(130048K) From: 63968K(64000K)->63968K(64000K)
[33.499s][info][gc,heap        ] GC(73) ParOldGen: 557772K(662016K)->591597K(662016K)
[33.499s][info][gc,metaspace   ] GC(73) Metaspace: 17328K(17536K)->17328K(17536K) NonClass: 14720K(14848K)->14720K(14848K) Class: 2608K(2688K)->2608K(2688K)
[33.499s][info][gc             ] GC(73) Pause Young (Allocation Failure) 808M->640M(836M) 108.306ms
[33.499s][info][gc,cpu         ] GC(73) User=0.21s Sys=0.01s Real=0.11s
[33.659s][info][gc,start       ] GC(74) Pause Young (Allocation Failure)
[33.754s][info][gc,heap        ] GC(74) PSYoungGen: 194016K(194048K)->31947K(231936K) Eden: 130048K(130048K)->0K(130048K) From: 63968K(64000K)->31947K(101888K)
[33.755s][info][gc,heap        ] GC(74) ParOldGen: 591597K(662016K)->647089K(662016K)
[33.755s][info][gc,metaspace   ] GC(74) Metaspace: 17331K(17536K)->17331K(17536K) NonClass: 14723K(14848K)->14723K(14848K) Class: 2608K(2688K)->2608K(2688K)
[33.755s][info][gc             ] GC(74) Pause Young (Allocation Failure) 767M->663M(873M) 95.882ms
[33.755s][info][gc,cpu         ] GC(74) User=0.18s Sys=0.01s Real=0.10s
[33.885s][info][gc,start       ] GC(75) Pause Full (Allocation Failure)
[33.885s][info][gc,phases,start] GC(75) Marking Phase
[34.130s][info][gc,phases      ] GC(75) Marking Phase 245.513ms
[34.130s][info][gc,phases,start] GC(75) Summary Phase
[34.130s][info][gc,phases      ] GC(75) Summary Phase 0.028ms
[34.130s][info][gc,phases,start] GC(75) Forward
[34.202s][info][gc,phases      ] GC(75) Forward 71.269ms
[34.202s][info][gc,phases,start] GC(75) Adjust Pointers
[34.395s][info][gc,phases      ] GC(75) Adjust Pointers 192.811ms
[34.395s][info][gc,phases,start] GC(75) Compaction Phase
[34.507s][info][gc,phases      ] GC(75) Compaction Phase 112.210ms
[34.513s][info][gc,phases,start] GC(75) Post Compact
[34.515s][info][gc,phases      ] GC(75) Post Compact 2.419ms
[34.524s][info][gc,heap        ] GC(75) PSYoungGen: 161995K(231936K)->0K(225280K) Eden: 130048K(130048K)->0K(136704K) From: 31947K(101888K)->0K(88576K)
[34.524s][info][gc,heap        ] GC(75) ParOldGen: 647089K(662016K)->354040K(543744K)
[34.524s][info][gc,metaspace   ] GC(75) Metaspace: 17345K(17600K)->17345K(17600K) NonClass: 14735K(14848K)->14735K(14848K) Class: 2610K(2752K)->2610K(2752K)
[34.524s][info][gc             ] GC(75) Pause Full (Allocation Failure) 790M->345M(751M) 639.677ms
[34.524s][info][gc,cpu         ] GC(75) User=1.23s Sys=0.01s Real=0.64s
[34.661s][info][gc,start       ] GC(76) Pause Young (Allocation Failure)
[34.673s][info][gc,heap        ] GC(76) PSYoungGen: 136704K(225280K)->5184K(231936K) Eden: 136704K(136704K)->0K(136704K) From: 0K(88576K)->5184K(95232K)
[34.673s][info][gc,heap        ] GC(76) ParOldGen: 354040K(543744K)->354040K(543744K)
[34.673s][info][gc,metaspace   ] GC(76) Metaspace: 17347K(17600K)->17347K(17600K) NonClass: 14737K(14848K)->14737K(14848K) Class: 2610K(2752K)->2610K(2752K)
[34.673s][info][gc             ] GC(76) Pause Young (Allocation Failure) 479M->350M(757M) 12.713ms
[34.673s][info][gc,cpu         ] GC(76) User=0.03s Sys=0.00s Real=0.02s
[34.806s][info][gc,start       ] GC(77) Pause Young (Allocation Failure)
[34.829s][info][gc,heap        ] GC(77) PSYoungGen: 141888K(231936K)->10608K(230400K) Eden: 136704K(136704K)->0K(145408K) From: 5184K(95232K)->10608K(84992K)
[34.829s][info][gc,heap        ] GC(77) ParOldGen: 354040K(543744K)->359209K(543744K)
[34.829s][info][gc,metaspace   ] GC(77) Metaspace: 17370K(17600K)->17370K(17600K) NonClass: 14757K(14848K)->14757K(14848K) Class: 2612K(2752K)->2612K(2752K)
[34.829s][info][gc             ] GC(77) Pause Young (Allocation Failure) 484M->361M(756M) 23.855ms
[34.829s][info][gc,cpu         ] GC(77) User=0.04s Sys=0.01s Real=0.02s
[35.016s][info][gc,start       ] GC(78) Pause Young (Allocation Failure)
[35.052s][info][gc,heap        ] GC(78) PSYoungGen: 156016K(230400K)->27072K(235520K) Eden: 145408K(145408K)->0K(145408K) From: 10608K(84992K)->27072K(90112K)
[35.052s][info][gc,heap        ] GC(78) ParOldGen: 359209K(543744K)->364601K(543744K)
[35.052s][info][gc,metaspace   ] GC(78) Metaspace: 17378K(17600K)->17378K(17600K) NonClass: 14766K(14848K)->14766K(14848K) Class: 2612K(2752K)->2612K(2752K)
[35.052s][info][gc             ] GC(78) Pause Young (Allocation Failure) 503M->382M(761M) 35.565ms
[35.052s][info][gc,cpu         ] GC(78) User=0.07s Sys=0.00s Real=0.03s
[35.319s][info][gc,start       ] GC(79) Pause Young (Allocation Failure)
[35.364s][info][gc,heap        ] GC(79) PSYoungGen: 172480K(235520K)->20080K(235520K) Eden: 145408K(145408K)->0K(159744K) From: 27072K(90112K)->20080K(75776K)
[35.364s][info][gc,heap        ] GC(79) ParOldGen: 364601K(543744K)->386017K(543744K)
[35.364s][info][gc,metaspace   ] GC(79) Metaspace: 17410K(17664K)->17410K(17664K) NonClass: 14792K(14912K)->14792K(14912K) Class: 2618K(2752K)->2618K(2752K)
[35.364s][info][gc             ] GC(79) Pause Young (Allocation Failure) 524M->396M(761M) 44.684ms
[35.364s][info][gc,cpu         ] GC(79) User=0.08s Sys=0.00s Real=0.05s
[35.611s][info][gc,start       ] GC(80) Pause Young (Allocation Failure)
[35.693s][info][gc,heap        ] GC(80) PSYoungGen: 179824K(235520K)->19296K(239104K) Eden: 159744K(159744K)->0K(159744K) From: 20080K(75776K)->19296K(79360K)
[35.693s][info][gc,heap        ] GC(80) ParOldGen: 386017K(543744K)->406113K(543744K)
[35.693s][info][gc,metaspace   ] GC(80) Metaspace: 17416K(17664K)->17416K(17664K) NonClass: 14797K(14912K)->14797K(14912K) Class: 2618K(2752K)->2618K(2752K)
[35.693s][info][gc             ] GC(80) Pause Young (Allocation Failure) 552M->415M(764M) 82.838ms
[35.693s][info][gc,cpu         ] GC(80) User=0.17s Sys=0.00s Real=0.09s
[36.202s][info][gc,start       ] GC(81) Pause Young (Allocation Failure)
[36.229s][info][gc,heap        ] GC(81) PSYoungGen: 179040K(239104K)->3392K(251392K) Eden: 159744K(159744K)->0K(178688K) From: 19296K(79360K)->3392K(72704K)
[36.229s][info][gc,heap        ] GC(81) ParOldGen: 406113K(543744K)->425441K(543744K)
[36.229s][info][gc,metaspace   ] GC(81) Metaspace: 17437K(17664K)->17437K(17664K) NonClass: 14818K(14912K)->14818K(14912K) Class: 2619K(2752K)->2619K(2752K)
[36.229s][info][gc             ] GC(81) Pause Young (Allocation Failure) 571M->418M(776M) 26.775ms
[36.229s][info][gc,cpu         ] GC(81) User=0.05s Sys=0.00s Real=0.03s
[36.606s][info][gc,start       ] GC(82) Pause Young (Allocation Failure)
[36.625s][info][gc,heap        ] GC(82) PSYoungGen: 182080K(251392K)->15728K(252928K) Eden: 178688K(178688K)->0K(178688K) From: 3392K(72704K)->15728K(74240K)
[36.625s][info][gc,heap        ] GC(82) ParOldGen: 425441K(543744K)->428577K(543744K)
[36.625s][info][gc,metaspace   ] GC(82) Metaspace: 17449K(17664K)->17449K(17664K) NonClass: 14830K(14912K)->14830K(14912K) Class: 2619K(2752K)->2619K(2752K)
[36.625s][info][gc             ] GC(82) Pause Young (Allocation Failure) 593M->433M(778M) 19.457ms
[36.625s][info][gc,cpu         ] GC(82) User=0.03s Sys=0.00s Real=0.02s
[36.806s][info][gc,start       ] GC(83) Pause Young (Allocation Failure)
[36.857s][info][gc,heap        ] GC(83) PSYoungGen: 194416K(252928K)->50752K(251904K) Eden: 178688K(178688K)->0K(181248K) From: 15728K(74240K)->50752K(70656K)
[36.857s][info][gc,heap        ] GC(83) ParOldGen: 428577K(543744K)->444334K(543744K)
[36.857s][info][gc,metaspace   ] GC(83) Metaspace: 17451K(17664K)->17451K(17664K) NonClass: 14832K(14912K)->14832K(14912K) Class: 2619K(2752K)->2619K(2752K)
[36.857s][info][gc             ] GC(83) Pause Young (Allocation Failure) 608M->483M(777M) 50.950ms
[36.857s][info][gc,cpu         ] GC(83) User=0.10s Sys=0.00s Real=0.05s
[37.209s][info][gc,start       ] GC(84) Pause Young (Allocation Failure)
[37.260s][info][gc,heap        ] GC(84) PSYoungGen: 232000K(251904K)->24672K(257536K) Eden: 181248K(181248K)->0K(181248K) From: 50752K(70656K)->24672K(76288K)
[37.260s][info][gc,heap        ] GC(84) ParOldGen: 444334K(543744K)->495678K(543744K)
[37.260s][info][gc,metaspace   ] GC(84) Metaspace: 17451K(17664K)->17451K(17664K) NonClass: 14832K(14912K)->14832K(14912K) Class: 2619K(2752K)->2619K(2752K)
[37.260s][info][gc             ] GC(84) Pause Young (Allocation Failure) 660M->508M(782M) 50.959ms
[37.260s][info][gc,cpu         ] GC(84) User=0.10s Sys=0.00s Real=0.05s
[37.572s][info][gc,start       ] GC(85) Pause Young (Allocation Failure)
[37.643s][info][gc,heap        ] GC(85) PSYoungGen: 205920K(257536K)->35776K(254464K) Eden: 181248K(181248K)->0K(185856K) From: 24672K(76288K)->35776K(68608K)
[37.643s][info][gc,heap        ] GC(85) ParOldGen: 495678K(543744K)->520594K(543744K)
[37.643s][info][gc,metaspace   ] GC(85) Metaspace: 17453K(17664K)->17453K(17664K) NonClass: 14833K(14912K)->14833K(14912K) Class: 2619K(2752K)->2619K(2752K)
[37.643s][info][gc             ] GC(85) Pause Young (Allocation Failure) 685M->543M(779M) 71.314ms
[37.643s][info][gc,cpu         ] GC(85) User=0.14s Sys=0.00s Real=0.08s
[37.847s][info][gc,start       ] GC(86) Pause Young (Allocation Failure)
[37.923s][info][gc,heap        ] GC(86) PSYoungGen: 221632K(254464K)->21120K(256512K) Eden: 185856K(185856K)->0K(185856K) From: 35776K(68608K)->21120K(70656K)
[37.923s][info][gc,heap        ] GC(86) ParOldGen: 520594K(543744K)->556410K(556544K)
[37.923s][info][gc,metaspace   ] GC(86) Metaspace: 17453K(17664K)->17453K(17664K) NonClass: 14833K(14912K)->14833K(14912K) Class: 2619K(2752K)->2619K(2752K)
[37.923s][info][gc             ] GC(86) Pause Young (Allocation Failure) 724M->563M(794M) 76.248ms
[37.923s][info][gc,cpu         ] GC(86) User=0.14s Sys=0.02s Real=0.08s
[38.118s][info][gc,start       ] GC(87) Pause Young (Allocation Failure)
[38.155s][info][gc,heap        ] GC(87) PSYoungGen: 206976K(256512K)->1376K(261632K) Eden: 185856K(185856K)->0K(194560K) From: 21120K(70656K)->1376K(67072K)
[38.155s][info][gc,heap        ] GC(87) ParOldGen: 556410K(556544K)->577570K(578048K)
[38.155s][info][gc,metaspace   ] GC(87) Metaspace: 17453K(17664K)->17453K(17664K) NonClass: 14833K(14912K)->14833K(14912K) Class: 2619K(2752K)->2619K(2752K)
[38.155s][info][gc             ] GC(87) Pause Young (Allocation Failure) 745M->565M(820M) 36.838ms
[38.155s][info][gc,cpu         ] GC(87) User=0.05s Sys=0.01s Real=0.04s
[38.433s][info][gc,start       ] GC(88) Pause Young (Allocation Failure)
[38.451s][info][gc,heap        ] GC(88) PSYoungGen: 195936K(261632K)->12960K(261632K) Eden: 194560K(194560K)->0K(194560K) From: 1376K(67072K)->12960K(67072K)
[38.451s][info][gc,heap        ] GC(88) ParOldGen: 577570K(578048K)->578930K(579072K)
[38.451s][info][gc,metaspace   ] GC(88) Metaspace: 17453K(17664K)->17453K(17664K) NonClass: 14834K(14912K)->14834K(14912K) Class: 2619K(2752K)->2619K(2752K)
[38.451s][info][gc             ] GC(88) Pause Young (Allocation Failure) 755M->578M(821M) 18.116ms
[38.451s][info][gc,cpu         ] GC(88) User=0.04s Sys=0.01s Real=0.01s
[38.958s][info][gc,start       ] GC(89) Pause Young (Allocation Failure)
[38.998s][info][gc,heap        ] GC(89) PSYoungGen: 207520K(261632K)->17312K(263168K) Eden: 194560K(194560K)->0K(202240K) From: 12960K(67072K)->17312K(60928K)
[38.998s][info][gc,heap        ] GC(89) ParOldGen: 578930K(579072K)->591882K(592384K)
[38.998s][info][gc,metaspace   ] GC(89) Metaspace: 17453K(17664K)->17453K(17664K) NonClass: 14834K(14912K)->14834K(14912K) Class: 2619K(2752K)->2619K(2752K)
[38.998s][info][gc             ] GC(89) Pause Young (Allocation Failure) 768M->594M(835M) 39.375ms
[38.998s][info][gc,cpu         ] GC(89) User=0.07s Sys=0.01s Real=0.04s
[39.568s][info][gc,start       ] GC(90) Pause Young (Allocation Failure)
[39.613s][info][gc,heap        ] GC(90) PSYoungGen: 219552K(263168K)->352K(263680K) Eden: 202240K(202240K)->0K(202240K) From: 17312K(60928K)->352K(61440K)
[39.613s][info][gc,heap        ] GC(90) ParOldGen: 591882K(592384K)->609203K(609280K)
[39.613s][info][gc,metaspace   ] GC(90) Metaspace: 17453K(17664K)->17453K(17664K) NonClass: 14834K(14912K)->14834K(14912K) Class: 2619K(2752K)->2619K(2752K)
[39.614s][info][gc             ] GC(90) Pause Young (Allocation Failure) 792M->595M(852M) 45.232ms
[39.614s][info][gc,cpu         ] GC(90) User=0.08s Sys=0.01s Real=0.05s
[39.957s][info][gc,start       ] GC(91) Pause Young (Allocation Failure)
[39.990s][info][gc,heap        ] GC(91) PSYoungGen: 202592K(263680K)->40384K(266240K) Eden: 202240K(202240K)->0K(204800K) From: 352K(61440K)->40384K(61440K)
[39.990s][info][gc,heap        ] GC(91) ParOldGen: 609203K(609280K)->609539K(609792K)
[39.990s][info][gc,metaspace   ] GC(91) Metaspace: 17454K(17664K)->17454K(17664K) NonClass: 14835K(14912K)->14835K(14912K) Class: 2619K(2752K)->2619K(2752K)
[39.990s][info][gc             ] GC(91) Pause Young (Allocation Failure) 792M->634M(855M) 33.291ms
[39.990s][info][gc,cpu         ] GC(91) User=0.06s Sys=0.00s Real=0.03s
[40.328s][info][gc,start       ] GC(92) Pause Young (Allocation Failure)
[40.392s][info][gc,heap        ] GC(92) PSYoungGen: 245184K(266240K)->10752K(269312K) Eden: 204800K(204800K)->0K(204800K) From: 40384K(61440K)->10752K(64512K)
[40.392s][info][gc,heap        ] GC(92) ParOldGen: 609539K(609792K)->650296K(650752K)
[40.392s][info][gc,metaspace   ] GC(92) Metaspace: 17454K(17664K)->17454K(17664K) NonClass: 14835K(14912K)->14835K(14912K) Class: 2619K(2752K)->2619K(2752K)
[40.392s][info][gc             ] GC(92) Pause Young (Allocation Failure) 834M->645M(898M) 63.444ms
[40.392s][info][gc,cpu         ] GC(92) User=0.10s Sys=0.03s Real=0.06s
[40.649s][info][gc,start       ] GC(93) Pause Full (Allocation Failure)
[40.649s][info][gc,phases,start] GC(93) Marking Phase
[40.963s][info][gc,phases      ] GC(93) Marking Phase 313.234ms
[40.963s][info][gc,phases,start] GC(93) Summary Phase
[40.963s][info][gc,phases      ] GC(93) Summary Phase 0.028ms
[40.963s][info][gc,phases,start] GC(93) Forward
[41.080s][info][gc,phases      ] GC(93) Forward 117.549ms
[41.080s][info][gc,phases,start] GC(93) Adjust Pointers
[41.323s][info][gc,phases      ] GC(93) Adjust Pointers 242.544ms
[41.323s][info][gc,phases,start] GC(93) Compaction Phase
[41.475s][info][gc,phases      ] GC(93) Compaction Phase 152.168ms
[41.485s][info][gc,phases,start] GC(93) Post Compact
[41.487s][info][gc,phases      ] GC(93) Post Compact 2.491ms
[41.487s][info][gc,heap        ] GC(93) PSYoungGen: 215552K(269312K)->0K(268288K) Eden: 204800K(204800K)->0K(206848K) From: 10752K(64512K)->0K(61440K)
[41.487s][info][gc,heap        ] GC(93) ParOldGen: 650296K(650752K)->448578K(652288K)
[41.487s][info][gc,metaspace   ] GC(93) Metaspace: 17454K(17664K)->17454K(17664K) NonClass: 14835K(14912K)->14835K(14912K) Class: 2619K(2752K)->2619K(2752K)
[41.487s][info][gc             ] GC(93) Pause Full (Allocation Failure) 845M->438M(899M) 838.091ms
[41.487s][info][gc,cpu         ] GC(93) User=1.59s Sys=0.00s Real=0.84s
[41.723s][info][gc,start       ] GC(94) Pause Young (Allocation Failure)
[41.741s][info][gc,heap        ] GC(94) PSYoungGen: 206848K(268288K)->8064K(269312K) Eden: 206848K(206848K)->0K(206848K) From: 0K(61440K)->8064K(62464K)
[41.741s][info][gc,heap        ] GC(94) ParOldGen: 448578K(652288K)->448578K(652288K)
[41.741s][info][gc,metaspace   ] GC(94) Metaspace: 17454K(17664K)->17454K(17664K) NonClass: 14835K(14912K)->14835K(14912K) Class: 2619K(2752K)->2619K(2752K)
[41.741s][info][gc             ] GC(94) Pause Young (Allocation Failure) 640M->445M(900M) 17.874ms
[41.741s][info][gc,cpu         ] GC(94) User=0.04s Sys=0.00s Real=0.01s
[42.209s][info][gc,start       ] GC(95) Pause Young (Allocation Failure)
[42.229s][info][gc,heap        ] GC(95) PSYoungGen: 214912K(269312K)->9440K(267264K) Eden: 206848K(206848K)->0K(210944K) From: 8064K(62464K)->9440K(56320K)
[42.229s][info][gc,heap        ] GC(95) ParOldGen: 448578K(652288K)->456618K(652288K)
[42.229s][info][gc,metaspace   ] GC(95) Metaspace: 17455K(17664K)->17455K(17664K) NonClass: 14836K(14912K)->14836K(14912K) Class: 2619K(2752K)->2619K(2752K)
[42.229s][info][gc             ] GC(95) Pause Young (Allocation Failure) 647M->455M(898M) 20.061ms
[42.229s][info][gc,cpu         ] GC(95) User=0.04s Sys=0.00s Real=0.02s
[42.656s][info][gc,start       ] GC(96) Pause Young (Allocation Failure)
[42.675s][info][gc,heap        ] GC(96) PSYoungGen: 220384K(267264K)->9472K(268800K) Eden: 210944K(210944K)->0K(210944K) From: 9440K(56320K)->9472K(57856K)
[42.676s][info][gc,heap        ] GC(96) ParOldGen: 456618K(652288K)->456618K(652288K)
[42.676s][info][gc,metaspace   ] GC(96) Metaspace: 17457K(17664K)->17457K(17664K) NonClass: 14838K(14912K)->14838K(14912K) Class: 2619K(2752K)->2619K(2752K)
[42.676s][info][gc             ] GC(96) Pause Young (Allocation Failure) 661M->455M(899M) 19.196ms
[42.676s][info][gc,cpu         ] GC(96) User=0.04s Sys=0.00s Real=0.02s
[42.973s][info][gc,start       ] GC(97) Pause Young (Allocation Failure)
[43.018s][info][gc,heap        ] GC(97) PSYoungGen: 220416K(268800K)->47817K(263680K) Eden: 210944K(210944K)->0K(207872K) From: 9472K(57856K)->47817K(55808K)
[43.018s][info][gc,heap        ] GC(97) ParOldGen: 456618K(652288K)->456618K(652288K)
[43.018s][info][gc,metaspace   ] GC(97) Metaspace: 17460K(17664K)->17460K(17664K) NonClass: 14841K(14912K)->14841K(14912K) Class: 2619K(2752K)->2619K(2752K)
[43.018s][info][gc             ] GC(97) Pause Young (Allocation Failure) 661M->492M(894M) 45.401ms
[43.018s][info][gc,cpu         ] GC(97) User=0.09s Sys=0.00s Real=0.05s
[43.177s][info][gc,start       ] GC(98) Pause Young (Allocation Failure)
[43.282s][info][gc,heap        ] GC(98) PSYoungGen: 255689K(263680K)->62976K(270848K) Eden: 207872K(207872K)->0K(207872K) From: 47817K(55808K)->62976K(62976K)
[43.282s][info][gc,heap        ] GC(98) ParOldGen: 456618K(652288K)->527338K(652288K)
[43.282s][info][gc,metaspace   ] GC(98) Metaspace: 17466K(17728K)->17466K(17728K) NonClass: 14847K(14976K)->14847K(14976K) Class: 2619K(2752K)->2619K(2752K)
[43.282s][info][gc             ] GC(98) Pause Young (Allocation Failure) 695M->576M(901M) 104.912ms
[43.282s][info][gc,cpu         ] GC(98) User=0.20s Sys=0.00s Real=0.10s
[43.620s][info][gc,start       ] GC(99) Pause Young (Allocation Failure)
[43.716s][info][gc,heap        ] GC(99) PSYoungGen: 270848K(270848K)->62960K(174592K) Eden: 207872K(207872K)->0K(111616K) From: 62976K(62976K)->62960K(62976K)
[43.716s][info][gc,heap        ] GC(99) ParOldGen: 527338K(652288K)->546815K(652288K)
[43.716s][info][gc,metaspace   ] GC(99) Metaspace: 17471K(17728K)->17471K(17728K) NonClass: 14851K(14976K)->14851K(14976K) Class: 2619K(2752K)->2619K(2752K)
[43.716s][info][gc             ] GC(99) Pause Young (Allocation Failure) 779M->595M(807M) 95.476ms
[43.716s][info][gc,cpu         ] GC(99) User=0.19s Sys=0.01s Real=0.10s
[43.872s][info][gc,start       ] GC(100) Pause Young (Allocation Failure)
[43.967s][info][gc,heap        ] GC(100) PSYoungGen: 174576K(174592K)->35360K(222720K) Eden: 111616K(111616K)->0K(111616K) From: 62960K(62976K)->35360K(111104K)
[43.967s][info][gc,heap        ] GC(100) ParOldGen: 546815K(652288K)->593162K(652288K)
[43.967s][info][gc,metaspace   ] GC(100) Metaspace: 17472K(17728K)->17472K(17728K) NonClass: 14853K(14976K)->14853K(14976K) Class: 2619K(2752K)->2619K(2752K)
[43.967s][info][gc             ] GC(100) Pause Young (Allocation Failure) 704M->613M(854M) 95.261ms
[43.967s][info][gc,cpu         ] GC(100) User=0.19s Sys=0.00s Real=0.10s
[44.125s][info][gc,start       ] GC(101) Pause Young (Allocation Failure)
[44.195s][info][gc,heap        ] GC(101) PSYoungGen: 146976K(222720K)->16672K(209920K) Eden: 111616K(111616K)->0K(117248K) From: 35360K(111104K)->16672K(92672K)
[44.196s][info][gc,heap        ] GC(101) ParOldGen: 593162K(652288K)->628650K(652288K)
[44.196s][info][gc,metaspace   ] GC(101) Metaspace: 17472K(17728K)->17472K(17728K) NonClass: 14853K(14976K)->14853K(14976K) Class: 2619K(2752K)->2619K(2752K)
[44.196s][info][gc             ] GC(101) Pause Young (Allocation Failure) 722M->630M(842M) 70.841ms
[44.196s][info][gc,cpu         ] GC(101) User=0.14s Sys=0.00s Real=0.07s
[44.353s][info][gc,start       ] GC(102) Pause Full (Allocation Failure)
[44.353s][info][gc,phases,start] GC(102) Marking Phase
[44.664s][info][gc,phases      ] GC(102) Marking Phase 311.030ms
[44.664s][info][gc,phases,start] GC(102) Summary Phase
[44.664s][info][gc,phases      ] GC(102) Summary Phase 0.024ms
[44.664s][info][gc,phases,start] GC(102) Forward
[44.785s][info][gc,phases      ] GC(102) Forward 120.469ms
[44.785s][info][gc,phases,start] GC(102) Adjust Pointers
[45.041s][info][gc,phases      ] GC(102) Adjust Pointers 256.557ms
[45.042s][info][gc,phases,start] GC(102) Compaction Phase
[45.180s][info][gc,phases      ] GC(102) Compaction Phase 138.840ms
[45.195s][info][gc,phases,start] GC(102) Post Compact
[45.198s][info][gc,phases      ] GC(102) Post Compact 2.346ms
[45.198s][info][gc,heap        ] GC(102) PSYoungGen: 133920K(209920K)->0K(219136K) Eden: 117248K(117248K)->0K(117248K) From: 16672K(92672K)->0K(101888K)
[45.198s][info][gc,heap        ] GC(102) ParOldGen: 628650K(652288K)->479570K(667648K)
[45.198s][info][gc,metaspace   ] GC(102) Metaspace: 17473K(17728K)->17473K(17728K) NonClass: 14854K(14976K)->14854K(14976K) Class: 2619K(2752K)->2619K(2752K)
[45.198s][info][gc             ] GC(102) Pause Full (Allocation Failure) 744M->468M(866M) 844.675ms
[45.198s][info][gc,cpu         ] GC(102) User=1.58s Sys=0.00s Real=0.85s
[45.358s][info][gc,start       ] GC(103) Pause Young (Allocation Failure)
[45.359s][info][gc,heap        ] GC(103) PSYoungGen: 117248K(219136K)->64K(229888K) Eden: 117248K(117248K)->0K(130048K) From: 0K(101888K)->64K(99840K)
[45.359s][info][gc,heap        ] GC(103) ParOldGen: 479570K(667648K)->479570K(667648K)
[45.359s][info][gc,metaspace   ] GC(103) Metaspace: 17473K(17728K)->17473K(17728K) NonClass: 14854K(14976K)->14854K(14976K) Class: 2619K(2752K)->2619K(2752K)
[45.359s][info][gc             ] GC(103) Pause Young (Allocation Failure) 582M->468M(876M) 1.624ms
[45.359s][info][gc,cpu         ] GC(103) User=0.00s Sys=0.00s Real=0.00s
[45.530s][info][gc,start       ] GC(104) Pause Young (Allocation Failure)
[45.532s][info][gc,heap        ] GC(104) PSYoungGen: 130112K(229888K)->64K(230912K) Eden: 130048K(130048K)->0K(130048K) From: 64K(99840K)->64K(100864K)
[45.532s][info][gc,heap        ] GC(104) ParOldGen: 479570K(667648K)->479586K(667648K)
[45.532s][info][gc,metaspace   ] GC(104) Metaspace: 17473K(17728K)->17473K(17728K) NonClass: 14854K(14976K)->14854K(14976K) Class: 2619K(2752K)->2619K(2752K)
[45.532s][info][gc             ] GC(104) Pause Young (Allocation Failure) 595M->468M(877M) 1.561ms
[45.532s][info][gc,cpu         ] GC(104) User=0.00s Sys=0.00s Real=0.00s
[45.698s][info][gc,start       ] GC(105) Pause Young (Allocation Failure)
[45.700s][info][gc,heap        ] GC(105) PSYoungGen: 130112K(230912K)->64K(229376K) Eden: 130048K(130048K)->0K(133632K) From: 64K(100864K)->64K(95744K)
[45.700s][info][gc,heap        ] GC(105) ParOldGen: 479586K(667648K)->479586K(667648K)
[45.700s][info][gc,metaspace   ] GC(105) Metaspace: 17473K(17728K)->17473K(17728K) NonClass: 14854K(14976K)->14854K(14976K) Class: 2619K(2752K)->2619K(2752K)
[45.700s][info][gc             ] GC(105) Pause Young (Allocation Failure) 595M->468M(876M) 1.643ms
[45.700s][info][gc,cpu         ] GC(105) User=0.01s Sys=0.00s Real=0.00s
[45.874s][info][gc,start       ] GC(106) Pause Young (Allocation Failure)
[45.875s][info][gc,heap        ] GC(106) PSYoungGen: 133696K(229376K)->64K(230912K) Eden: 133632K(133632K)->0K(133632K) From: 64K(95744K)->64K(97280K)
[45.875s][info][gc,heap        ] GC(106) ParOldGen: 479586K(667648K)->479586K(667648K)
[45.875s][info][gc,metaspace   ] GC(106) Metaspace: 17473K(17728K)->17473K(17728K) NonClass: 14854K(14976K)->14854K(14976K) Class: 2619K(2752K)->2619K(2752K)
[45.875s][info][gc             ] GC(106) Pause Young (Allocation Failure) 598M->468M(877M) 1.674ms
[45.875s][info][gc,cpu         ] GC(106) User=0.00s Sys=0.00s Real=0.00s
[46.048s][info][gc,start       ] GC(107) Pause Young (Allocation Failure)
[46.050s][info][gc,heap        ] GC(107) PSYoungGen: 133696K(230912K)->64K(231936K) Eden: 133632K(133632K)->0K(142336K) From: 64K(97280K)->64K(89600K)
[46.050s][info][gc,heap        ] GC(107) ParOldGen: 479586K(667648K)->479586K(667648K)
[46.050s][info][gc,metaspace   ] GC(107) Metaspace: 17473K(17728K)->17473K(17728K) NonClass: 14854K(14976K)->14854K(14976K) Class: 2619K(2752K)->2619K(2752K)
[46.050s][info][gc             ] GC(107) Pause Young (Allocation Failure) 598M->468M(878M) 1.615ms
[46.050s][info][gc,cpu         ] GC(107) User=0.01s Sys=0.00s Real=0.00s
[46.232s][info][gc,start       ] GC(108) Pause Young (Allocation Failure)
[46.234s][info][gc,heap        ] GC(108) PSYoungGen: 142400K(231936K)->64K(233472K) Eden: 142336K(142336K)->0K(142336K) From: 64K(89600K)->64K(91136K)
[46.234s][info][gc,heap        ] GC(108) ParOldGen: 479586K(667648K)->479586K(667648K)
[46.234s][info][gc,metaspace   ] GC(108) Metaspace: 17473K(17728K)->17473K(17728K) NonClass: 14854K(14976K)->14854K(14976K) Class: 2619K(2752K)->2619K(2752K)
[46.234s][info][gc             ] GC(108) Pause Young (Allocation Failure) 607M->468M(880M) 1.584ms
[46.234s][info][gc,cpu         ] GC(108) User=0.00s Sys=0.00s Real=0.01s
[46.414s][info][gc,start       ] GC(109) Pause Young (Allocation Failure)
[46.416s][info][gc,heap        ] GC(109) PSYoungGen: 142400K(233472K)->64K(228864K) Eden: 142336K(142336K)->0K(149504K) From: 64K(91136K)->64K(79360K)
[46.416s][info][gc,heap        ] GC(109) ParOldGen: 479586K(667648K)->479586K(667648K)
[46.416s][info][gc,metaspace   ] GC(109) Metaspace: 17475K(17728K)->17475K(17728K) NonClass: 14856K(14976K)->14856K(14976K) Class: 2619K(2752K)->2619K(2752K)
[46.416s][info][gc             ] GC(109) Pause Young (Allocation Failure) 607M->468M(875M) 1.893ms
[46.416s][info][gc,cpu         ] GC(109) User=0.00s Sys=0.00s Real=0.00s
[46.603s][info][gc,start       ] GC(110) Pause Young (Allocation Failure)
[46.605s][info][gc,heap        ] GC(110) PSYoungGen: 149568K(228864K)->64K(233472K) Eden: 149504K(149504K)->0K(149504K) From: 64K(79360K)->64K(83968K)
[46.605s][info][gc,heap        ] GC(110) ParOldGen: 479586K(667648K)->479586K(667648K)
[46.605s][info][gc,metaspace   ] GC(110) Metaspace: 17475K(17728K)->17475K(17728K) NonClass: 14856K(14976K)->14856K(14976K) Class: 2619K(2752K)->2619K(2752K)
[46.605s][info][gc             ] GC(110) Pause Young (Allocation Failure) 614M->468M(880M) 1.780ms
[46.605s][info][gc,cpu         ] GC(110) User=0.00s Sys=0.00s Real=0.00s
[46.752s][info][gc,start       ] GC(111) Pause Young (Allocation Failure)
[46.775s][info][gc,heap        ] GC(111) PSYoungGen: 149568K(233472K)->20192K(232448K) Eden: 149504K(149504K)->0K(158720K) From: 64K(83968K)->20192K(73728K)
[46.775s][info][gc,heap        ] GC(111) ParOldGen: 479586K(667648K)->479586K(667648K)
[46.775s][info][gc,metaspace   ] GC(111) Metaspace: 17475K(17728K)->17475K(17728K) NonClass: 14856K(14976K)->14856K(14976K) Class: 2619K(2752K)->2619K(2752K)
[46.775s][info][gc             ] GC(111) Pause Young (Allocation Failure) 614M->488M(879M) 23.035ms
[46.775s][info][gc,cpu         ] GC(111) User=0.05s Sys=0.00s Real=0.03s
[46.921s][info][gc,start       ] GC(112) Pause Young (Allocation Failure)
[46.970s][info][gc,heap        ] GC(112) PSYoungGen: 178912K(232448K)->47808K(233984K) Eden: 158720K(158720K)->0K(158720K) From: 20192K(73728K)->47808K(75264K)
[46.970s][info][gc,heap        ] GC(112) ParOldGen: 479586K(667648K)->479586K(667648K)
[46.970s][info][gc,metaspace   ] GC(112) Metaspace: 17475K(17728K)->17475K(17728K) NonClass: 14856K(14976K)->14856K(14976K) Class: 2619K(2752K)->2619K(2752K)
[46.970s][info][gc             ] GC(112) Pause Young (Allocation Failure) 643M->515M(880M) 48.892ms
[46.970s][info][gc,cpu         ] GC(112) User=0.09s Sys=0.00s Real=0.05s
[47.068s][info][gc,start       ] GC(113) Pause Young (Allocation Failure)
[47.138s][info][gc,heap        ] GC(113) PSYoungGen: 206528K(233984K)->67808K(228864K) Eden: 158720K(158720K)->0K(147456K) From: 47808K(75264K)->67808K(81408K)
[47.138s][info][gc,heap        ] GC(113) ParOldGen: 479586K(667648K)->479586K(667648K)
[47.138s][info][gc,metaspace   ] GC(113) Metaspace: 17475K(17728K)->17475K(17728K) NonClass: 14856K(14976K)->14856K(14976K) Class: 2619K(2752K)->2619K(2752K)
[47.138s][info][gc             ] GC(113) Pause Young (Allocation Failure) 670M->534M(875M) 69.893ms
[47.138s][info][gc,cpu         ] GC(113) User=0.13s Sys=0.00s Real=0.07s
[47.238s][info][gc,start       ] GC(114) Pause Young (Allocation Failure)
[47.308s][info][gc,heap        ] GC(114) PSYoungGen: 215264K(228864K)->71616K(219136K) Eden: 147456K(147456K)->0K(147456K) From: 67808K(81408K)->71616K(71680K)
[47.308s][info][gc,heap        ] GC(114) ParOldGen: 479586K(667648K)->479586K(667648K)
[47.308s][info][gc,metaspace   ] GC(114) Metaspace: 17475K(17728K)->17475K(17728K) NonClass: 14856K(14976K)->14856K(14976K) Class: 2619K(2752K)->2619K(2752K)
[47.308s][info][gc             ] GC(114) Pause Young (Allocation Failure) 678M->538M(866M) 69.895ms
[47.308s][info][gc,cpu         ] GC(114) User=0.14s Sys=0.00s Real=0.07s
[47.408s][info][gc,start       ] GC(115) Pause Young (Allocation Failure)
[47.481s][info][gc,heap        ] GC(115) PSYoungGen: 219072K(219136K)->76384K(215552K) Eden: 147456K(147456K)->0K(111616K) From: 71616K(71680K)->76384K(103936K)
[47.481s][info][gc,heap        ] GC(115) ParOldGen: 479586K(667648K)->479586K(667648K)
[47.481s][info][gc,metaspace   ] GC(115) Metaspace: 17478K(17728K)->17478K(17728K) NonClass: 14859K(14976K)->14859K(14976K) Class: 2619K(2752K)->2619K(2752K)
[47.481s][info][gc             ] GC(115) Pause Young (Allocation Failure) 682M->542M(862M) 73.106ms
[47.481s][info][gc,cpu         ] GC(115) User=0.14s Sys=0.00s Real=0.07s
[47.544s][info][gc,start       ] GC(116) Pause Young (Allocation Failure)
[47.621s][info][gc,heap        ] GC(116) PSYoungGen: 188000K(215552K)->76480K(222720K) Eden: 111616K(111616K)->0K(111616K) From: 76384K(103936K)->76480K(111104K)
[47.621s][info][gc,heap        ] GC(116) ParOldGen: 479586K(667648K)->479586K(667648K)
[47.621s][info][gc,metaspace   ] GC(116) Metaspace: 17478K(17728K)->17478K(17728K) NonClass: 14859K(14976K)->14859K(14976K) Class: 2619K(2752K)->2619K(2752K)
[47.621s][info][gc             ] GC(116) Pause Young (Allocation Failure) 651M->543M(869M) 77.109ms
[47.621s][info][gc,cpu         ] GC(116) User=0.16s Sys=0.00s Real=0.07s
[47.726s][info][gc,start       ] GC(117) Pause Young (Allocation Failure)
[47.810s][info][gc,heap        ] GC(117) PSYoungGen: 188096K(222720K)->40608K(222720K) Eden: 111616K(111616K)->0K(111616K) From: 76480K(111104K)->40608K(111104K)
[47.811s][info][gc,heap        ] GC(117) ParOldGen: 479586K(667648K)->527466K(667648K)
[47.811s][info][gc,metaspace   ] GC(117) Metaspace: 17497K(17728K)->17497K(17728K) NonClass: 14878K(14976K)->14878K(14976K) Class: 2619K(2752K)->2619K(2752K)
[47.811s][info][gc             ] GC(117) Pause Young (Allocation Failure) 652M->554M(869M) 84.290ms
[47.811s][info][gc,cpu         ] GC(117) User=0.16s Sys=0.00s Real=0.08s
[47.892s][info][gc,start       ] GC(118) Pause Young (Allocation Failure)
[47.947s][info][gc,heap        ] GC(118) PSYoungGen: 152224K(222720K)->30672K(142336K) Eden: 111616K(111616K)->0K(111616K) From: 40608K(111104K)->30672K(30720K)
[47.947s][info][gc,heap        ] GC(118) ParOldGen: 527466K(667648K)->551354K(667648K)
[47.947s][info][gc,metaspace   ] GC(118) Metaspace: 17498K(17728K)->17498K(17728K) NonClass: 14878K(14976K)->14878K(14976K) Class: 2619K(2752K)->2619K(2752K)
[47.947s][info][gc             ] GC(118) Pause Young (Allocation Failure) 663M->568M(791M) 54.536ms
[47.947s][info][gc,cpu         ] GC(118) User=0.10s Sys=0.00s Real=0.06s
[48.069s][info][gc,start       ] GC(119) Pause Young (Allocation Failure)
[48.111s][info][gc,heap        ] GC(119) PSYoungGen: 142288K(142336K)->35072K(226816K) Eden: 111616K(111616K)->0K(118272K) From: 30672K(30720K)->35072K(108544K)
[48.111s][info][gc,heap        ] GC(119) ParOldGen: 551354K(667648K)->556234K(667648K)
[48.111s][info][gc,metaspace   ] GC(119) Metaspace: 17498K(17728K)->17498K(17728K) NonClass: 14878K(14976K)->14878K(14976K) Class: 2619K(2752K)->2619K(2752K)
[48.111s][info][gc             ] GC(119) Pause Young (Allocation Failure) 677M->577M(873M) 41.626ms
[48.111s][info][gc,cpu         ] GC(119) User=0.08s Sys=0.00s Real=0.04s
[48.350s][info][gc,start       ] GC(120) Pause Young (Allocation Failure)
[48.402s][info][gc,heap        ] GC(120) PSYoungGen: 153344K(226816K)->24480K(220160K) Eden: 118272K(118272K)->0K(118272K) From: 35072K(108544K)->24480K(101888K)
[48.402s][info][gc,heap        ] GC(120) ParOldGen: 556234K(667648K)->582050K(667648K)
[48.402s][info][gc,metaspace   ] GC(120) Metaspace: 17499K(17728K)->17499K(17728K) NonClass: 14880K(14976K)->14880K(14976K) Class: 2619K(2752K)->2619K(2752K)
[48.402s][info][gc             ] GC(120) Pause Young (Allocation Failure) 692M->592M(867M) 51.876ms
[48.402s][info][gc,cpu         ] GC(120) User=0.11s Sys=0.00s Real=0.05s
[48.842s][info][gc,start       ] GC(121) Pause Young (Allocation Failure)
[48.868s][info][gc,heap        ] GC(121) PSYoungGen: 142752K(220160K)->96K(220672K) Eden: 118272K(118272K)->0K(123392K) From: 24480K(101888K)->96K(97280K)
[48.868s][info][gc,heap        ] GC(121) ParOldGen: 582050K(667648K)->606563K(667648K)
[48.868s][info][gc,metaspace   ] GC(121) Metaspace: 17501K(17728K)->17501K(17728K) NonClass: 14882K(14976K)->14882K(14976K) Class: 2619K(2752K)->2619K(2752K)
[48.868s][info][gc             ] GC(121) Pause Young (Allocation Failure) 707M->592M(867M) 25.659ms
[48.868s][info][gc,cpu         ] GC(121) User=0.05s Sys=0.00s Real=0.03s
[49.231s][info][gc,start       ] GC(122) Pause Young (Allocation Failure)
[49.234s][info][gc,heap        ] GC(122) PSYoungGen: 123488K(220672K)->128K(220672K) Eden: 123392K(123392K)->0K(123392K) From: 96K(97280K)->128K(97280K)
[49.234s][info][gc,heap        ] GC(122) ParOldGen: 606563K(667648K)->606651K(667648K)
[49.234s][info][gc,metaspace   ] GC(122) Metaspace: 17502K(17728K)->17502K(17728K) NonClass: 14883K(14976K)->14883K(14976K) Class: 2619K(2752K)->2619K(2752K)
[49.234s][info][gc             ] GC(122) Pause Young (Allocation Failure) 712M->592M(867M) 3.252ms
[49.234s][info][gc,cpu         ] GC(122) User=0.00s Sys=0.00s Real=0.01s
[49.516s][info][gc,start       ] GC(123) Pause Young (Allocation Failure)
[49.518s][info][gc,heap        ] GC(123) PSYoungGen: 123520K(220672K)->64K(227328K) Eden: 123392K(123392K)->0K(136704K) From: 128K(97280K)->64K(90624K)
[49.518s][info][gc,heap        ] GC(123) ParOldGen: 606651K(667648K)->606707K(667648K)
[49.518s][info][gc,metaspace   ] GC(123) Metaspace: 17502K(17728K)->17502K(17728K) NonClass: 14883K(14976K)->14883K(14976K) Class: 2619K(2752K)->2619K(2752K)
[49.518s][info][gc             ] GC(123) Pause Young (Allocation Failure) 713M->592M(874M) 2.491ms
[49.518s][info][gc,cpu         ] GC(123) User=0.01s Sys=0.00s Real=0.00s
[49.819s][info][gc,start       ] GC(124) Pause Young (Allocation Failure)
[49.821s][info][gc,heap        ] GC(124) PSYoungGen: 136768K(227328K)->64K(230912K) Eden: 136704K(136704K)->0K(136704K) From: 64K(90624K)->64K(94208K)
[49.821s][info][gc,heap        ] GC(124) ParOldGen: 606707K(667648K)->606723K(667648K)
[49.821s][info][gc,metaspace   ] GC(124) Metaspace: 17502K(17728K)->17502K(17728K) NonClass: 14883K(14976K)->14883K(14976K) Class: 2619K(2752K)->2619K(2752K)
[49.821s][info][gc             ] GC(124) Pause Young (Allocation Failure) 726M->592M(877M) 2.075ms
[49.821s][info][gc,cpu         ] GC(124) User=0.01s Sys=0.00s Real=0.00s
[50.122s][info][gc,start       ] GC(125) Pause Young (Allocation Failure)
[50.124s][info][gc,heap        ] GC(125) PSYoungGen: 136768K(230912K)->64K(231936K) Eden: 136704K(136704K)->0K(147456K) From: 64K(94208K)->64K(84480K)
[50.124s][info][gc,heap        ] GC(125) ParOldGen: 606723K(667648K)->606723K(667648K)
[50.124s][info][gc,metaspace   ] GC(125) Metaspace: 17502K(17728K)->17502K(17728K) NonClass: 14883K(14976K)->14883K(14976K) Class: 2619K(2752K)->2619K(2752K)
[50.124s][info][gc             ] GC(125) Pause Young (Allocation Failure) 726M->592M(878M) 1.958ms
[50.124s][info][gc,cpu         ] GC(125) User=0.00s Sys=0.00s Real=0.01s
[50.462s][info][gc,start       ] GC(126) Pause Young (Allocation Failure)
[50.464s][info][gc,heap        ] GC(126) PSYoungGen: 147520K(231936K)->64K(236544K) Eden: 147456K(147456K)->0K(147456K) From: 64K(84480K)->64K(89088K)
[50.464s][info][gc,heap        ] GC(126) ParOldGen: 606723K(667648K)->606723K(667648K)
[50.464s][info][gc,metaspace   ] GC(126) Metaspace: 17503K(17728K)->17503K(17728K) NonClass: 14884K(14976K)->14884K(14976K) Class: 2619K(2752K)->2619K(2752K)
[50.464s][info][gc             ] GC(126) Pause Young (Allocation Failure) 736M->592M(883M) 2.164ms
[50.464s][info][gc,cpu         ] GC(126) User=0.00s Sys=0.00s Real=0.01s
[50.819s][info][gc,start       ] GC(127) Pause Young (Allocation Failure)
[50.822s][info][gc,heap        ] GC(127) PSYoungGen: 147520K(236544K)->832K(232960K) Eden: 147456K(147456K)->0K(155648K) From: 64K(89088K)->832K(77312K)
[50.822s][info][gc,heap        ] GC(127) ParOldGen: 606723K(667648K)->606723K(667648K)
[50.822s][info][gc,metaspace   ] GC(127) Metaspace: 17503K(17728K)->17503K(17728K) NonClass: 14884K(14976K)->14884K(14976K) Class: 2619K(2752K)->2619K(2752K)
[50.822s][info][gc             ] GC(127) Pause Young (Allocation Failure) 736M->593M(879M) 3.111ms
[50.822s][info][gc,cpu         ] GC(127) User=0.00s Sys=0.00s Real=0.00s
[51.057s][info][gc,start       ] GC(128) Pause Young (Allocation Failure)
[51.085s][info][gc,heap        ] GC(128) PSYoungGen: 156480K(232960K)->35840K(238080K) Eden: 155648K(155648K)->0K(155648K) From: 832K(77312K)->35840K(82432K)
[51.085s][info][gc,heap        ] GC(128) ParOldGen: 606723K(667648K)->606723K(667648K)
[51.085s][info][gc,metaspace   ] GC(128) Metaspace: 17504K(17728K)->17504K(17728K) NonClass: 14885K(14976K)->14885K(14976K) Class: 2619K(2752K)->2619K(2752K)
[51.085s][info][gc             ] GC(128) Pause Young (Allocation Failure) 745M->627M(884M) 27.389ms
[51.085s][info][gc,cpu         ] GC(128) User=0.06s Sys=0.00s Real=0.03s
[51.391s][info][gc,start       ] GC(129) Pause Young (Allocation Failure)
[51.441s][info][gc,heap        ] GC(129) PSYoungGen: 191488K(238080K)->72272K(224256K) Eden: 155648K(155648K)->0K(141312K) From: 35840K(82432K)->72272K(82944K)
[51.441s][info][gc,heap        ] GC(129) ParOldGen: 606723K(667648K)->606723K(667648K)
[51.441s][info][gc,metaspace   ] GC(129) Metaspace: 17506K(17728K)->17506K(17728K) NonClass: 14887K(14976K)->14887K(14976K) Class: 2619K(2752K)->2619K(2752K)
[51.441s][info][gc             ] GC(129) Pause Young (Allocation Failure) 779M->663M(871M) 49.578ms
[51.441s][info][gc,cpu         ] GC(129) User=0.10s Sys=0.00s Real=0.05s
[51.597s][info][gc,start       ] GC(130) Pause Young (Allocation Failure)
[51.646s][info][gc,heap        ] GC(130) PSYoungGen: 213584K(224256K)->76880K(218624K) Eden: 141312K(141312K)->0K(141312K) From: 72272K(82944K)->76880K(77312K)
[51.646s][info][gc,heap        ] GC(130) ParOldGen: 606723K(667648K)->606723K(667648K)
[51.646s][info][gc,metaspace   ] GC(130) Metaspace: 17511K(17728K)->17511K(17728K) NonClass: 14892K(14976K)->14892K(14976K) Class: 2619K(2752K)->2619K(2752K)
[51.646s][info][gc             ] GC(130) Pause Young (Allocation Failure) 801M->667M(865M) 48.732ms
[51.646s][info][gc,cpu         ] GC(130) User=0.09s Sys=0.00s Real=0.05s
[51.776s][info][gc,start       ] GC(131) Pause Young (Allocation Failure)
[51.887s][info][gc,heap        ] GC(131) PSYoungGen: 218192K(218624K)->108519K(220160K) Eden: 141312K(141312K)->0K(111616K) From: 76880K(77312K)->108519K(108544K)
[51.887s][info][gc,heap        ] GC(131) ParOldGen: 606723K(667648K)->636171K(667648K)
[51.887s][info][gc,metaspace   ] GC(131) Metaspace: 17514K(17728K)->17514K(17728K) NonClass: 14894K(14976K)->14894K(14976K) Class: 2619K(2752K)->2619K(2752K)
[51.888s][info][gc             ] GC(131) Pause Young (Allocation Failure) 805M->727M(867M) 111.854ms
[51.888s][info][gc,cpu         ] GC(131) User=0.22s Sys=0.00s Real=0.11s
[52.059s][info][gc,start       ] GC(132) Pause Full (Allocation Failure)
[52.059s][info][gc,phases,start] GC(132) Marking Phase
[52.292s][info][gc,phases      ] GC(132) Marking Phase 233.228ms
[52.292s][info][gc,phases,start] GC(132) Summary Phase
[52.292s][info][gc,phases      ] GC(132) Summary Phase 0.028ms
[52.292s][info][gc,phases,start] GC(132) Forward
[52.384s][info][gc,phases      ] GC(132) Forward 92.238ms
[52.385s][info][gc,phases,start] GC(132) Adjust Pointers
[52.568s][info][gc,phases      ] GC(132) Adjust Pointers 183.441ms
[52.568s][info][gc,phases,start] GC(132) Compaction Phase
[52.676s][info][gc,phases      ] GC(132) Compaction Phase 107.817ms
[52.682s][info][gc,phases,start] GC(132) Post Compact
[52.685s][info][gc,phases      ] GC(132) Post Compact 2.535ms
[52.687s][info][gc,heap        ] GC(132) PSYoungGen: 220135K(220160K)->0K(222720K) Eden: 111616K(111616K)->0K(111616K) From: 108519K(108544K)->0K(111104K)
[52.687s][info][gc,heap        ] GC(132) ParOldGen: 636171K(667648K)->373865K(615424K)
[52.687s][info][gc,metaspace   ] GC(132) Metaspace: 17514K(17728K)->17514K(17728K) NonClass: 14894K(14976K)->14894K(14976K) Class: 2619K(2752K)->2619K(2752K)
[52.687s][info][gc             ] GC(132) Pause Full (Allocation Failure) 836M->365M(818M) 628.655ms
[52.687s][info][gc,cpu         ] GC(132) User=1.17s Sys=0.01s Real=0.63s
[52.853s][info][gc,start       ] GC(133) Pause Young (Allocation Failure)
[52.857s][info][gc,heap        ] GC(133) PSYoungGen: 111616K(222720K)->96K(222720K) Eden: 111616K(111616K)->0K(111616K) From: 0K(111104K)->96K(111104K)
[52.857s][info][gc,heap        ] GC(133) ParOldGen: 373865K(615424K)->373865K(615424K)
[52.857s][info][gc,metaspace   ] GC(133) Metaspace: 17514K(17728K)->17514K(17728K) NonClass: 14894K(14976K)->14894K(14976K) Class: 2619K(2752K)->2619K(2752K)
[52.857s][info][gc             ] GC(133) Pause Young (Allocation Failure) 474M->365M(818M) 3.788ms
[52.857s][info][gc,cpu         ] GC(133) User=0.01s Sys=0.00s Real=0.01s
[53.013s][info][gc,start       ] GC(134) Pause Young (Allocation Failure)
[53.015s][info][gc,heap        ] GC(134) PSYoungGen: 111712K(222720K)->160K(222720K) Eden: 111616K(111616K)->0K(111616K) From: 96K(111104K)->160K(111104K)
[53.015s][info][gc,heap        ] GC(134) ParOldGen: 373865K(615424K)->373865K(615424K)
[53.015s][info][gc,metaspace   ] GC(134) Metaspace: 17514K(17728K)->17514K(17728K) NonClass: 14894K(14976K)->14894K(14976K) Class: 2619K(2752K)->2619K(2752K)
[53.015s][info][gc             ] GC(134) Pause Young (Allocation Failure) 474M->365M(818M) 1.808ms
[53.015s][info][gc,cpu         ] GC(134) User=0.00s Sys=0.00s Real=0.01s
[53.189s][info][gc,start       ] GC(135) Pause Young (Allocation Failure)
[53.193s][info][gc,heap        ] GC(135) PSYoungGen: 111776K(222720K)->320K(222720K) Eden: 111616K(111616K)->0K(111616K) From: 160K(111104K)->320K(111104K)
[53.193s][info][gc,heap        ] GC(135) ParOldGen: 373865K(615424K)->373865K(615424K)
[53.193s][info][gc,metaspace   ] GC(135) Metaspace: 17514K(17728K)->17514K(17728K) NonClass: 14894K(14976K)->14894K(14976K) Class: 2619K(2752K)->2619K(2752K)
[53.193s][info][gc             ] GC(135) Pause Young (Allocation Failure) 474M->365M(818M) 3.633ms
[53.193s][info][gc,cpu         ] GC(135) User=0.00s Sys=0.00s Real=0.00s
[53.331s][info][gc,start       ] GC(136) Pause Young (Allocation Failure)
[53.333s][info][gc,heap        ] GC(136) PSYoungGen: 111936K(222720K)->320K(222720K) Eden: 111616K(111616K)->0K(111616K) From: 320K(111104K)->320K(111104K)
[53.333s][info][gc,heap        ] GC(136) ParOldGen: 373865K(615424K)->373937K(615424K)
[53.333s][info][gc,metaspace   ] GC(136) Metaspace: 17514K(17728K)->17514K(17728K) NonClass: 14894K(14976K)->14894K(14976K) Class: 2619K(2752K)->2619K(2752K)
[53.333s][info][gc             ] GC(136) Pause Young (Allocation Failure) 474M->365M(818M) 1.870ms
[53.333s][info][gc,cpu         ] GC(136) User=0.00s Sys=0.00s Real=0.00s
[53.444s][info][gc,start       ] GC(137) Pause Young (Allocation Failure)
[53.447s][info][gc,heap        ] GC(137) PSYoungGen: 111936K(222720K)->192K(222720K) Eden: 111616K(111616K)->0K(111616K) From: 320K(111104K)->192K(111104K)
[53.447s][info][gc,heap        ] GC(137) ParOldGen: 373937K(615424K)->374153K(615424K)
[53.447s][info][gc,metaspace   ] GC(137) Metaspace: 17514K(17728K)->17514K(17728K) NonClass: 14894K(14976K)->14894K(14976K) Class: 2619K(2752K)->2619K(2752K)
[53.447s][info][gc             ] GC(137) Pause Young (Allocation Failure) 474M->365M(818M) 2.509ms
[53.447s][info][gc,cpu         ] GC(137) User=0.00s Sys=0.00s Real=0.00s
[53.558s][info][gc,start       ] GC(138) Pause Young (Allocation Failure)
[53.559s][info][gc,heap        ] GC(138) PSYoungGen: 111808K(222720K)->128K(222720K) Eden: 111616K(111616K)->0K(111616K) From: 192K(111104K)->128K(111104K)
[53.559s][info][gc,heap        ] GC(138) ParOldGen: 374153K(615424K)->374321K(615424K)
[53.559s][info][gc,metaspace   ] GC(138) Metaspace: 17514K(17728K)->17514K(17728K) NonClass: 14894K(14976K)->14894K(14976K) Class: 2619K(2752K)->2619K(2752K)
[53.560s][info][gc             ] GC(138) Pause Young (Allocation Failure) 474M->365M(818M) 1.814ms
[53.560s][info][gc,cpu         ] GC(138) User=0.00s Sys=0.00s Real=0.00s
[53.667s][info][gc,start       ] GC(139) Pause Young (Allocation Failure)
[53.670s][info][gc,heap        ] GC(139) PSYoungGen: 111744K(222720K)->128K(216576K) Eden: 111616K(111616K)->0K(111616K) From: 128K(111104K)->128K(104960K)
[53.670s][info][gc,heap        ] GC(139) ParOldGen: 374321K(615424K)->374401K(615424K)
[53.670s][info][gc,metaspace   ] GC(139) Metaspace: 17514K(17728K)->17514K(17728K) NonClass: 14894K(14976K)->14894K(14976K) Class: 2619K(2752K)->2619K(2752K)
[53.670s][info][gc             ] GC(139) Pause Young (Allocation Failure) 474M->365M(812M) 2.278ms
[53.670s][info][gc,cpu         ] GC(139) User=0.01s Sys=0.00s Real=0.00s
[53.781s][info][gc,start       ] GC(140) Pause Young (Allocation Failure)
[53.783s][info][gc,heap        ] GC(140) PSYoungGen: 111744K(216576K)->224K(112128K) Eden: 111616K(111616K)->0K(111616K) From: 128K(104960K)->224K(512K)
[53.783s][info][gc,heap        ] GC(140) ParOldGen: 374401K(615424K)->374401K(615424K)
[53.783s][info][gc,metaspace   ] GC(140) Metaspace: 17514K(17728K)->17514K(17728K) NonClass: 14894K(14976K)->14894K(14976K) Class: 2619K(2752K)->2619K(2752K)
[53.783s][info][gc             ] GC(140) Pause Young (Allocation Failure) 474M->365M(710M) 2.253ms
[53.783s][info][gc,cpu         ] GC(140) User=0.00s Sys=0.00s Real=0.01s
[53.896s][info][gc,start       ] GC(141) Pause Young (Allocation Failure)
[53.899s][info][gc,heap        ] GC(141) PSYoungGen: 111840K(112128K)->288K(206848K) Eden: 111616K(111616K)->0K(116224K) From: 224K(512K)->288K(90624K)
[53.899s][info][gc,heap        ] GC(141) ParOldGen: 374401K(615424K)->374401K(615424K)
[53.899s][info][gc,metaspace   ] GC(141) Metaspace: 17514K(17728K)->17514K(17728K) NonClass: 14894K(14976K)->14894K(14976K) Class: 2619K(2752K)->2619K(2752K)
[53.899s][info][gc             ] GC(141) Pause Young (Allocation Failure) 474M->365M(803M) 2.977ms
[53.899s][info][gc,cpu         ] GC(141) User=0.01s Sys=0.00s Real=0.00s
[54.051s][info][gc,start       ] GC(142) Pause Young (Allocation Failure)
[54.061s][info][gc,heap        ] GC(142) PSYoungGen: 116512K(206848K)->3712K(120320K) Eden: 116224K(116224K)->0K(116224K) From: 288K(90624K)->3712K(4096K)
[54.061s][info][gc,heap        ] GC(142) ParOldGen: 374401K(615424K)->374401K(615424K)
[54.061s][info][gc,metaspace   ] GC(142) Metaspace: 17514K(17728K)->17514K(17728K) NonClass: 14894K(14976K)->14894K(14976K) Class: 2619K(2752K)->2619K(2752K)
[54.061s][info][gc             ] GC(142) Pause Young (Allocation Failure) 479M->369M(718M) 10.185ms
[54.061s][info][gc,cpu         ] GC(142) User=0.02s Sys=0.00s Real=0.01s
[54.238s][info][gc,start       ] GC(143) Pause Young (Allocation Failure)
[54.259s][info][gc,heap        ] GC(143) PSYoungGen: 119936K(120320K)->7883K(204288K) Eden: 116224K(116224K)->0K(123904K) From: 3712K(4096K)->7883K(80384K)
[54.259s][info][gc,heap        ] GC(143) ParOldGen: 374401K(615424K)->374401K(615424K)
[54.259s][info][gc,metaspace   ] GC(143) Metaspace: 17514K(17728K)->17514K(17728K) NonClass: 14894K(14976K)->14894K(14976K) Class: 2619K(2752K)->2619K(2752K)
[54.259s][info][gc             ] GC(143) Pause Young (Allocation Failure) 482M->373M(800M) 21.699ms
[54.259s][info][gc,cpu         ] GC(143) User=0.04s Sys=0.00s Real=0.02s
[54.411s][info][gc,start       ] GC(144) Pause Young (Allocation Failure)
[54.444s][info][gc,heap        ] GC(144) PSYoungGen: 131787K(204288K)->19435K(208384K) Eden: 123904K(123904K)->0K(123904K) From: 7883K(80384K)->19435K(84480K)
[54.444s][info][gc,heap        ] GC(144) ParOldGen: 374401K(615424K)->374401K(615424K)
[54.444s][info][gc,metaspace   ] GC(144) Metaspace: 17514K(17728K)->17514K(17728K) NonClass: 14894K(14976K)->14894K(14976K) Class: 2619K(2752K)->2619K(2752K)
[54.444s][info][gc             ] GC(144) Pause Young (Allocation Failure) 494M->384M(804M) 32.676ms
[54.444s][info][gc,cpu         ] GC(144) User=0.06s Sys=0.00s Real=0.04s
[54.598s][info][gc,start       ] GC(145) Pause Young (Allocation Failure)
[54.633s][info][gc,heap        ] GC(145) PSYoungGen: 143339K(208384K)->19403K(207872K) Eden: 123904K(123904K)->0K(136192K) From: 19435K(84480K)->19403K(71680K)
[54.634s][info][gc,heap        ] GC(145) ParOldGen: 374401K(615424K)->374401K(615424K)
[54.634s][info][gc,metaspace   ] GC(145) Metaspace: 17514K(17728K)->17514K(17728K) NonClass: 14894K(14976K)->14894K(14976K) Class: 2619K(2752K)->2619K(2752K)
[54.634s][info][gc             ] GC(145) Pause Young (Allocation Failure) 505M->384M(804M) 35.932ms
[54.634s][info][gc,cpu         ] GC(145) User=0.07s Sys=0.00s Real=0.04s
[54.802s][info][gc,start       ] GC(146) Pause Young (Allocation Failure)
[54.834s][info][gc,heap        ] GC(146) PSYoungGen: 155595K(207872K)->19339K(210944K) Eden: 136192K(136192K)->0K(136192K) From: 19403K(71680K)->19339K(74752K)
[54.834s][info][gc,heap        ] GC(146) ParOldGen: 374401K(615424K)->374505K(615424K)
[54.834s][info][gc,metaspace   ] GC(146) Metaspace: 17514K(17728K)->17514K(17728K) NonClass: 14894K(14976K)->14894K(14976K) Class: 2619K(2752K)->2619K(2752K)
[54.834s][info][gc             ] GC(146) Pause Young (Allocation Failure) 517M->384M(807M) 32.142ms
[54.834s][info][gc,cpu         ] GC(146) User=0.07s Sys=0.00s Real=0.04s
[54.962s][info][gc,start       ] GC(147) Pause Young (Allocation Failure)
[55.017s][info][gc,heap        ] GC(147) PSYoungGen: 155531K(210944K)->40299K(217600K) Eden: 136192K(136192K)->0K(146944K) From: 19339K(74752K)->40299K(70656K)
[55.017s][info][gc,heap        ] GC(147) ParOldGen: 374505K(615424K)->374593K(615424K)
[55.017s][info][gc,metaspace   ] GC(147) Metaspace: 17514K(17728K)->17514K(17728K) NonClass: 14894K(14976K)->14894K(14976K) Class: 2619K(2752K)->2619K(2752K)
[55.017s][info][gc             ] GC(147) Pause Young (Allocation Failure) 517M->405M(813M) 54.820ms
[55.017s][info][gc,cpu         ] GC(147) User=0.11s Sys=0.01s Real=0.06s
[55.183s][info][gc,start       ] GC(148) Pause Young (Allocation Failure)
[55.251s][info][gc,heap        ] GC(148) PSYoungGen: 187243K(217600K)->51019K(221184K) Eden: 146944K(146944K)->0K(146944K) From: 40299K(70656K)->51019K(74240K)
[55.251s][info][gc,heap        ] GC(148) ParOldGen: 374593K(615424K)->378097K(615424K)
[55.251s][info][gc,metaspace   ] GC(148) Metaspace: 17517K(17728K)->17517K(17728K) NonClass: 14898K(14976K)->14898K(14976K) Class: 2619K(2752K)->2619K(2752K)
[55.251s][info][gc             ] GC(148) Pause Young (Allocation Failure) 548M->419M(817M) 67.617ms
[55.251s][info][gc,cpu         ] GC(148) User=0.13s Sys=0.00s Real=0.06s
[55.359s][info][gc,start       ] GC(149) Pause Young (Allocation Failure)
[55.423s][info][gc,heap        ] GC(149) PSYoungGen: 197963K(221184K)->36768K(247296K) Eden: 146944K(146944K)->0K(166400K) From: 51019K(74240K)->36768K(80896K)
[55.423s][info][gc,heap        ] GC(149) ParOldGen: 378097K(615424K)->393857K(615424K)
[55.423s][info][gc,metaspace   ] GC(149) Metaspace: 17517K(17728K)->17517K(17728K) NonClass: 14898K(14976K)->14898K(14976K) Class: 2619K(2752K)->2619K(2752K)
[55.423s][info][gc             ] GC(149) Pause Young (Allocation Failure) 562M->420M(842M) 63.465ms
[55.423s][info][gc,cpu         ] GC(149) User=0.12s Sys=0.00s Real=0.06s
[55.580s][info][gc,start       ] GC(150) Pause Young (Allocation Failure)
[55.618s][info][gc,heap        ] GC(150) PSYoungGen: 203168K(247296K)->40224K(246784K) Eden: 166400K(166400K)->0K(166400K) From: 36768K(80896K)->40224K(80384K)
[55.618s][info][gc,heap        ] GC(150) ParOldGen: 393857K(615424K)->393857K(615424K)
[55.618s][info][gc,metaspace   ] GC(150) Metaspace: 17517K(17728K)->17517K(17728K) NonClass: 14898K(14976K)->14898K(14976K) Class: 2619K(2752K)->2619K(2752K)
[55.619s][info][gc             ] GC(150) Pause Young (Allocation Failure) 583M->423M(842M) 38.687ms
[55.619s][info][gc,cpu         ] GC(150) User=0.08s Sys=0.00s Real=0.04s
[55.773s][info][gc,start       ] GC(151) Pause Young (Allocation Failure)
[55.813s][info][gc,heap        ] GC(151) PSYoungGen: 206624K(246784K)->4992K(249344K) Eden: 166400K(166400K)->0K(172032K) From: 40224K(80384K)->4992K(77312K)
[55.813s][info][gc,heap        ] GC(151) ParOldGen: 393857K(615424K)->429225K(615424K)
[55.813s][info][gc,metaspace   ] GC(151) Metaspace: 17517K(17728K)->17517K(17728K) NonClass: 14898K(14976K)->14898K(14976K) Class: 2619K(2752K)->2619K(2752K)
[55.813s][info][gc             ] GC(151) Pause Young (Allocation Failure) 586M->424M(844M) 40.127ms
[55.813s][info][gc,cpu         ] GC(151) User=0.08s Sys=0.00s Real=0.04s
[55.998s][info][gc,start       ] GC(152) Pause Young (Allocation Failure)
[56.025s][info][gc,heap        ] GC(152) PSYoungGen: 177024K(249344K)->20912K(250880K) Eden: 172032K(172032K)->0K(172032K) From: 4992K(77312K)->20912K(78848K)
[56.025s][info][gc,heap        ] GC(152) ParOldGen: 429225K(615424K)->434137K(615424K)
[56.025s][info][gc,metaspace   ] GC(152) Metaspace: 17517K(17728K)->17517K(17728K) NonClass: 14898K(14976K)->14898K(14976K) Class: 2619K(2752K)->2619K(2752K)
[56.025s][info][gc             ] GC(152) Pause Young (Allocation Failure) 592M->444M(846M) 26.462ms
[56.025s][info][gc,cpu         ] GC(152) User=0.05s Sys=0.00s Real=0.03s
[56.231s][info][gc,start       ] GC(153) Pause Young (Allocation Failure)
[56.287s][info][gc,heap        ] GC(153) PSYoungGen: 192944K(250880K)->28832K(252416K) Eden: 172032K(172032K)->0K(180224K) From: 20912K(78848K)->28832K(72192K)
[56.287s][info][gc,heap        ] GC(153) ParOldGen: 434137K(615424K)->455058K(615424K)
[56.287s][info][gc,metaspace   ] GC(153) Metaspace: 17517K(17728K)->17517K(17728K) NonClass: 14898K(14976K)->14898K(14976K) Class: 2619K(2752K)->2619K(2752K)
[56.287s][info][gc             ] GC(153) Pause Young (Allocation Failure) 612M->472M(847M) 55.788ms
[56.287s][info][gc,cpu         ] GC(153) User=0.11s Sys=0.00s Real=0.06s
[56.504s][info][gc,start       ] GC(154) Pause Young (Allocation Failure)
[56.548s][info][gc,heap        ] GC(154) PSYoungGen: 209056K(252416K)->15584K(251392K) Eden: 180224K(180224K)->0K(180224K) From: 28832K(72192K)->15584K(71168K)
[56.548s][info][gc,heap        ] GC(154) ParOldGen: 455058K(615424K)->483914K(615424K)
[56.548s][info][gc,metaspace   ] GC(154) Metaspace: 17518K(17728K)->17518K(17728K) NonClass: 14899K(14976K)->14899K(14976K) Class: 2619K(2752K)->2619K(2752K)
[56.548s][info][gc             ] GC(154) Pause Young (Allocation Failure) 648M->487M(846M) 43.885ms
[56.548s][info][gc,cpu         ] GC(154) User=0.08s Sys=0.00s Real=0.04s
[56.755s][info][gc,start       ] GC(155) Pause Young (Allocation Failure)
[56.783s][info][gc,heap        ] GC(155) PSYoungGen: 195808K(251392K)->6144K(260096K) Eden: 180224K(180224K)->0K(192512K) From: 15584K(71168K)->6144K(67584K)
[56.783s][info][gc,heap        ] GC(155) ParOldGen: 483914K(615424K)->499498K(615424K)
[56.783s][info][gc,metaspace   ] GC(155) Metaspace: 17519K(17728K)->17519K(17728K) NonClass: 14900K(14976K)->14900K(14976K) Class: 2619K(2752K)->2619K(2752K)
[56.783s][info][gc             ] GC(155) Pause Young (Allocation Failure) 663M->493M(855M) 28.285ms
[56.783s][info][gc,cpu         ] GC(155) User=0.06s Sys=0.00s Real=0.03s
[56.950s][info][gc,start       ] GC(156) Pause Young (Allocation Failure)
[56.959s][info][gc,heap        ] GC(156) PSYoungGen: 198656K(260096K)->96K(258048K) Eden: 192512K(192512K)->0K(192512K) From: 6144K(67584K)->96K(65536K)
[56.959s][info][gc,heap        ] GC(156) ParOldGen: 499498K(615424K)->505626K(615424K)
[56.959s][info][gc,metaspace   ] GC(156) Metaspace: 17519K(17728K)->17519K(17728K) NonClass: 14900K(14976K)->14900K(14976K) Class: 2619K(2752K)->2619K(2752K)
[56.959s][info][gc             ] GC(156) Pause Young (Allocation Failure) 681M->493M(853M) 9.145ms
[56.959s][info][gc,cpu         ] GC(156) User=0.02s Sys=0.00s Real=0.01s
[57.190s][info][gc,start       ] GC(157) Pause Young (Allocation Failure)
[57.206s][info][gc,heap        ] GC(157) PSYoungGen: 192608K(258048K)->13504K(264192K) Eden: 192512K(192512K)->0K(203776K) From: 96K(65536K)->13504K(60416K)
[57.206s][info][gc,heap        ] GC(157) ParOldGen: 505626K(615424K)->505674K(615424K)
[57.206s][info][gc,metaspace   ] GC(157) Metaspace: 17523K(17728K)->17523K(17728K) NonClass: 14904K(14976K)->14904K(14976K) Class: 2619K(2752K)->2619K(2752K)
[57.206s][info][gc             ] GC(157) Pause Young (Allocation Failure) 681M->507M(859M) 16.078ms
[57.206s][info][gc,cpu         ] GC(157) User=0.03s Sys=0.00s Real=0.02s
[57.728s][info][gc,start       ] GC(158) Pause Young (Allocation Failure)
[57.745s][info][gc,heap        ] GC(158) PSYoungGen: 217280K(264192K)->2080K(264704K) Eden: 203776K(203776K)->0K(203776K) From: 13504K(60416K)->2080K(60928K)
[57.745s][info][gc,heap        ] GC(158) ParOldGen: 505674K(615424K)->519191K(615424K)
[57.745s][info][gc,metaspace   ] GC(158) Metaspace: 17524K(17728K)->17524K(17728K) NonClass: 14904K(14976K)->14904K(14976K) Class: 2619K(2752K)->2619K(2752K)
[57.745s][info][gc             ] GC(158) Pause Young (Allocation Failure) 706M->509M(859M) 17.235ms
[57.745s][info][gc,cpu         ] GC(158) User=0.04s Sys=0.00s Real=0.02s
[58.392s][info][gc,start       ] GC(159) Pause Young (Allocation Failure)
[58.396s][info][gc,heap        ] GC(159) PSYoungGen: 205856K(264704K)->2224K(270848K) Eden: 203776K(203776K)->0K(213504K) From: 2080K(60928K)->2224K(57344K)
[58.397s][info][gc,heap        ] GC(159) ParOldGen: 519191K(615424K)->519191K(615424K)
[58.397s][info][gc,metaspace   ] GC(159) Metaspace: 17525K(17728K)->17525K(17728K) NonClass: 14906K(14976K)->14906K(14976K) Class: 2619K(2752K)->2619K(2752K)
[58.397s][info][gc             ] GC(159) Pause Young (Allocation Failure) 708M->509M(865M) 4.491ms
[58.397s][info][gc,cpu         ] GC(159) User=0.01s Sys=0.00s Real=0.01s
[58.921s][info][gc,start       ] GC(160) Pause Young (Allocation Failure)
[58.931s][info][gc,heap        ] GC(160) PSYoungGen: 215728K(270848K)->7392K(271360K) Eden: 213504K(213504K)->0K(213504K) From: 2224K(57344K)->7392K(57856K)
[58.931s][info][gc,heap        ] GC(160) ParOldGen: 519191K(615424K)->519191K(615424K)
[58.931s][info][gc,metaspace   ] GC(160) Metaspace: 17529K(17728K)->17529K(17728K) NonClass: 14910K(14976K)->14910K(14976K) Class: 2619K(2752K)->2619K(2752K)
[58.931s][info][gc             ] GC(160) Pause Young (Allocation Failure) 717M->514M(866M) 9.633ms
[58.931s][info][gc,cpu         ] GC(160) User=0.02s Sys=0.00s Real=0.01s
[59.232s][info][gc,start       ] GC(161) Pause Young (Allocation Failure)
[59.304s][info][gc,heap        ] GC(161) PSYoungGen: 220896K(271360K)->54752K(247296K) Eden: 213504K(213504K)->0K(192512K) From: 7392K(57856K)->54752K(54784K)
[59.304s][info][gc,heap        ] GC(161) ParOldGen: 519191K(615424K)->532975K(615424K)
[59.304s][info][gc,metaspace   ] GC(161) Metaspace: 17531K(17728K)->17531K(17728K) NonClass: 14912K(14976K)->14912K(14976K) Class: 2619K(2752K)->2619K(2752K)
[59.304s][info][gc             ] GC(161) Pause Young (Allocation Failure) 722M->573M(842M) 72.898ms
[59.304s][info][gc,cpu         ] GC(161) User=0.13s Sys=0.02s Real=0.08s
[59.584s][info][gc,start       ] GC(162) Pause Young (Allocation Failure)
[59.681s][info][gc,heap        ] GC(162) PSYoungGen: 247264K(247296K)->70640K(263168K) Eden: 192512K(192512K)->0K(192512K) From: 54752K(54784K)->70640K(70656K)
[59.681s][info][gc,heap        ] GC(162) ParOldGen: 532975K(615424K)->588696K(615424K)
[59.681s][info][gc,metaspace   ] GC(162) Metaspace: 17536K(17728K)->17536K(17728K) NonClass: 14917K(14976K)->14917K(14976K) Class: 2619K(2752K)->2619K(2752K)
[59.681s][info][gc             ] GC(162) Pause Young (Allocation Failure) 761M->643M(858M) 97.256ms
[59.681s][info][gc,cpu         ] GC(162) User=0.20s Sys=0.00s Real=0.09s
[60.011s][info][gc,start       ] GC(163) Pause Young (Allocation Failure)
[60.115s][info][gc,heap        ] GC(163) PSYoungGen: 263152K(263168K)->70629K(182272K) Eden: 192512K(192512K)->0K(111616K) From: 70640K(70656K)->70629K(70656K)
[60.115s][info][gc,heap        ] GC(163) ParOldGen: 588696K(615424K)->629352K(629760K)
[60.115s][info][gc,metaspace   ] GC(163) Metaspace: 17536K(17728K)->17536K(17728K) NonClass: 14917K(14976K)->14917K(14976K) Class: 2619K(2752K)->2619K(2752K)
[60.115s][info][gc             ] GC(163) Pause Young (Allocation Failure) 831M->683M(793M) 103.935ms
[60.115s][info][gc,cpu         ] GC(163) User=0.19s Sys=0.02s Real=0.11s
[60.226s][info][gc,start       ] GC(164) Pause Full (Allocation Failure)
[60.227s][info][gc,phases,start] GC(164) Marking Phase
[60.592s][info][gc,phases      ] GC(164) Marking Phase 365.126ms
[60.592s][info][gc,phases,start] GC(164) Summary Phase
[60.592s][info][gc,phases      ] GC(164) Summary Phase 0.027ms
[60.592s][info][gc,phases,start] GC(164) Forward
[60.736s][info][gc,phases      ] GC(164) Forward 143.765ms
[60.736s][info][gc,phases,start] GC(164) Adjust Pointers
[61.009s][info][gc,phases      ] GC(164) Adjust Pointers 273.297ms
[61.009s][info][gc,phases,start] GC(164) Compaction Phase
[61.197s][info][gc,phases      ] GC(164) Compaction Phase 187.777ms
[61.207s][info][gc,phases,start] GC(164) Post Compact
[61.209s][info][gc,phases      ] GC(164) Post Compact 2.323ms
[61.210s][info][gc,heap        ] GC(164) PSYoungGen: 182245K(182272K)->0K(222720K) Eden: 111616K(111616K)->0K(111616K) From: 70629K(70656K)->0K(111104K)
[61.210s][info][gc,heap        ] GC(164) ParOldGen: 629352K(629760K)->568113K(667648K)
[61.210s][info][gc,metaspace   ] GC(164) Metaspace: 17536K(17728K)->17536K(17728K) NonClass: 14917K(14976K)->14917K(14976K) Class: 2619K(2752K)->2619K(2752K)
[61.210s][info][gc             ] GC(164) Pause Full (Allocation Failure) 792M->554M(869M) 983.081ms
[61.210s][info][gc,cpu         ] GC(164) User=1.85s Sys=0.00s Real=0.98s
[61.390s][info][gc,start       ] GC(165) Pause Young (Allocation Failure)
[61.416s][info][gc,heap        ] GC(165) PSYoungGen: 111616K(222720K)->3200K(222720K) Eden: 111616K(111616K)->0K(111616K) From: 0K(111104K)->3200K(111104K)
[61.416s][info][gc,heap        ] GC(165) ParOldGen: 568113K(667648K)->568113K(667648K)
[61.416s][info][gc,metaspace   ] GC(165) Metaspace: 17537K(17728K)->17537K(17728K) NonClass: 14918K(14976K)->14918K(14976K) Class: 2619K(2752K)->2619K(2752K)
[61.416s][info][gc             ] GC(165) Pause Young (Allocation Failure) 663M->557M(869M) 25.988ms
[61.416s][info][gc,cpu         ] GC(165) User=0.05s Sys=0.00s Real=0.03s
[61.590s][info][gc,start       ] GC(166) Pause Young (Allocation Failure)
[61.667s][info][gc,heap        ] GC(166) PSYoungGen: 114816K(222720K)->39053K(222720K) Eden: 111616K(111616K)->0K(111616K) From: 3200K(111104K)->39053K(111104K)
[61.667s][info][gc,heap        ] GC(166) ParOldGen: 568113K(667648K)->571297K(667648K)
[61.667s][info][gc,metaspace   ] GC(166) Metaspace: 17537K(17728K)->17537K(17728K) NonClass: 14918K(14976K)->14918K(14976K) Class: 2619K(2752K)->2619K(2752K)
[61.667s][info][gc             ] GC(166) Pause Young (Allocation Failure) 666M->596M(869M) 76.948ms
[61.667s][info][gc,cpu         ] GC(166) User=0.15s Sys=0.00s Real=0.08s
[61.821s][info][gc,start       ] GC(167) Pause Young (Allocation Failure)
[61.880s][info][gc,heap        ] GC(167) PSYoungGen: 150669K(222720K)->32K(222720K) Eden: 111616K(111616K)->0K(111616K) From: 39053K(111104K)->32K(111104K)
[61.880s][info][gc,heap        ] GC(167) ParOldGen: 571297K(667648K)->610411K(667648K)
[61.880s][info][gc,metaspace   ] GC(167) Metaspace: 17537K(17728K)->17537K(17728K) NonClass: 14918K(14976K)->14918K(14976K) Class: 2619K(2752K)->2619K(2752K)
[61.880s][info][gc             ] GC(167) Pause Young (Allocation Failure) 705M->596M(869M) 59.264ms
[61.880s][info][gc,cpu         ] GC(167) User=0.12s Sys=0.00s Real=0.06s
[62.036s][info][gc,start       ] GC(168) Pause Full (Allocation Failure)
[62.036s][info][gc,phases,start] GC(168) Marking Phase
[62.328s][info][gc,phases      ] GC(168) Marking Phase 291.886ms
[62.328s][info][gc,phases,start] GC(168) Summary Phase
[62.328s][info][gc,phases      ] GC(168) Summary Phase 0.026ms
[62.328s][info][gc,phases,start] GC(168) Forward
[62.426s][info][gc,phases      ] GC(168) Forward 98.575ms
[62.426s][info][gc,phases,start] GC(168) Adjust Pointers
[62.672s][info][gc,phases      ] GC(168) Adjust Pointers 245.740ms
[62.672s][info][gc,phases,start] GC(168) Compaction Phase
[62.790s][info][gc,phases      ] GC(168) Compaction Phase 118.313ms
[62.805s][info][gc,phases,start] GC(168) Post Compact
[62.807s][info][gc,phases      ] GC(168) Post Compact 2.195ms
[62.808s][info][gc,heap        ] GC(168) PSYoungGen: 111648K(222720K)->0K(222720K) Eden: 111616K(111616K)->0K(111616K) From: 32K(111104K)->0K(111104K)
[62.808s][info][gc,heap        ] GC(168) ParOldGen: 610411K(667648K)->457972K(667648K)
[62.808s][info][gc,metaspace   ] GC(168) Metaspace: 17537K(17728K)->17537K(17728K) NonClass: 14918K(14976K)->14918K(14976K) Class: 2619K(2752K)->2619K(2752K)
[62.808s][info][gc             ] GC(168) Pause Full (Allocation Failure) 705M->447M(869M) 771.917ms
[62.808s][info][gc,cpu         ] GC(168) User=1.45s Sys=0.01s Real=0.77s
[62.964s][info][gc,start       ] GC(169) Pause Young (Allocation Failure)
[62.965s][info][gc,heap        ] GC(169) PSYoungGen: 111616K(222720K)->64K(222720K) Eden: 111616K(111616K)->0K(111616K) From: 0K(111104K)->64K(111104K)
[62.965s][info][gc,heap        ] GC(169) ParOldGen: 457972K(667648K)->457972K(667648K)
[62.965s][info][gc,metaspace   ] GC(169) Metaspace: 17537K(17728K)->17537K(17728K) NonClass: 14918K(14976K)->14918K(14976K) Class: 2619K(2752K)->2619K(2752K)
[62.965s][info][gc             ] GC(169) Pause Young (Allocation Failure) 556M->447M(869M) 1.525ms
[62.965s][info][gc,cpu         ] GC(169) User=0.01s Sys=0.00s Real=0.00s
[63.115s][info][gc,start       ] GC(170) Pause Young (Allocation Failure)
[63.116s][info][gc,heap        ] GC(170) PSYoungGen: 111680K(222720K)->64K(112128K) Eden: 111616K(111616K)->0K(111616K) From: 64K(111104K)->64K(512K)
[63.117s][info][gc,heap        ] GC(170) ParOldGen: 457972K(667648K)->457988K(667648K)
[63.117s][info][gc,metaspace   ] GC(170) Metaspace: 17537K(17728K)->17537K(17728K) NonClass: 14918K(14976K)->14918K(14976K) Class: 2619K(2752K)->2619K(2752K)
[63.117s][info][gc             ] GC(170) Pause Young (Allocation Failure) 556M->447M(761M) 1.953ms
[63.117s][info][gc,cpu         ] GC(170) User=0.00s Sys=0.00s Real=0.00s
[63.263s][info][gc,start       ] GC(171) Pause Young (Allocation Failure)
[63.265s][info][gc,heap        ] GC(171) PSYoungGen: 111680K(112128K)->64K(223232K) Eden: 111616K(111616K)->0K(115200K) From: 64K(512K)->64K(108032K)
[63.265s][info][gc,heap        ] GC(171) ParOldGen: 457988K(667648K)->457988K(667648K)
[63.265s][info][gc,metaspace   ] GC(171) Metaspace: 17537K(17728K)->17537K(17728K) NonClass: 14918K(14976K)->14918K(14976K) Class: 2619K(2752K)->2619K(2752K)
[63.265s][info][gc             ] GC(171) Pause Young (Allocation Failure) 556M->447M(870M) 1.628ms
[63.265s][info][gc,cpu         ] GC(171) User=0.01s Sys=0.00s Real=0.01s
[63.416s][info][gc,start       ] GC(172) Pause Young (Allocation Failure)
[63.418s][info][gc,heap        ] GC(172) PSYoungGen: 115264K(223232K)->64K(220160K) Eden: 115200K(115200K)->0K(115200K) From: 64K(108032K)->64K(104960K)
[63.418s][info][gc,heap        ] GC(172) ParOldGen: 457988K(667648K)->457988K(667648K)
[63.418s][info][gc,metaspace   ] GC(172) Metaspace: 17537K(17728K)->17537K(17728K) NonClass: 14918K(14976K)->14918K(14976K) Class: 2619K(2752K)->2619K(2752K)
[63.418s][info][gc             ] GC(172) Pause Young (Allocation Failure) 559M->447M(867M) 2.021ms
[63.418s][info][gc,cpu         ] GC(172) User=0.00s Sys=0.00s Real=0.00s
[63.572s][info][gc,start       ] GC(173) Pause Young (Allocation Failure)
[63.574s][info][gc,heap        ] GC(173) PSYoungGen: 115264K(220160K)->64K(211456K) Eden: 115200K(115200K)->0K(120320K) From: 64K(104960K)->64K(91136K)
[63.574s][info][gc,heap        ] GC(173) ParOldGen: 457988K(667648K)->457988K(667648K)
[63.574s][info][gc,metaspace   ] GC(173) Metaspace: 17537K(17728K)->17537K(17728K) NonClass: 14918K(14976K)->14918K(14976K) Class: 2619K(2752K)->2619K(2752K)
[63.574s][info][gc             ] GC(173) Pause Young (Allocation Failure) 559M->447M(858M) 2.251ms
[63.574s][info][gc,cpu         ] GC(173) User=0.01s Sys=0.00s Real=0.01s
[63.734s][info][gc,start       ] GC(174) Pause Young (Allocation Failure)
[63.736s][info][gc,heap        ] GC(174) PSYoungGen: 120384K(211456K)->64K(120832K) Eden: 120320K(120320K)->0K(120320K) From: 64K(91136K)->64K(512K)
[63.736s][info][gc,heap        ] GC(174) ParOldGen: 457988K(667648K)->457988K(667648K)
[63.736s][info][gc,metaspace   ] GC(174) Metaspace: 17537K(17728K)->17537K(17728K) NonClass: 14918K(14976K)->14918K(14976K) Class: 2619K(2752K)->2619K(2752K)
[63.736s][info][gc             ] GC(174) Pause Young (Allocation Failure) 564M->447M(770M) 1.926ms
[63.736s][info][gc,cpu         ] GC(174) User=0.01s Sys=0.00s Real=0.00s
[63.894s][info][gc,start       ] GC(175) Pause Young (Allocation Failure)
[63.896s][info][gc,heap        ] GC(175) PSYoungGen: 120384K(120832K)->64K(205824K) Eden: 120320K(120320K)->0K(123904K) From: 64K(512K)->64K(81920K)
[63.896s][info][gc,heap        ] GC(175) ParOldGen: 457988K(667648K)->457988K(667648K)
[63.896s][info][gc,metaspace   ] GC(175) Metaspace: 17537K(17728K)->17537K(17728K) NonClass: 14918K(14976K)->14918K(14976K) Class: 2619K(2752K)->2619K(2752K)
[63.896s][info][gc             ] GC(175) Pause Young (Allocation Failure) 564M->447M(853M) 2.225ms
[63.896s][info][gc,cpu         ] GC(175) User=0.00s Sys=0.00s Real=0.00s
[64.038s][info][gc,start       ] GC(176) Pause Young (Allocation Failure)
[64.053s][info][gc,heap        ] GC(176) PSYoungGen: 123968K(205824K)->12192K(136192K) Eden: 123904K(123904K)->0K(123904K) From: 64K(81920K)->12192K(12288K)
[64.053s][info][gc,heap        ] GC(176) ParOldGen: 457988K(667648K)->457988K(667648K)
[64.053s][info][gc,metaspace   ] GC(176) Metaspace: 17537K(17728K)->17537K(17728K) NonClass: 14918K(14976K)->14918K(14976K) Class: 2619K(2752K)->2619K(2752K)
[64.053s][info][gc             ] GC(176) Pause Young (Allocation Failure) 568M->459M(785M) 15.207ms
[64.053s][info][gc,cpu         ] GC(176) User=0.03s Sys=0.00s Real=0.01s
[64.172s][info][gc,start       ] GC(177) Pause Young (Allocation Failure)
[64.200s][info][gc,heap        ] GC(177) PSYoungGen: 136096K(136192K)->27296K(209408K) Eden: 123904K(123904K)->0K(131072K) From: 12192K(12288K)->27296K(78336K)
[64.200s][info][gc,heap        ] GC(177) ParOldGen: 457988K(667648K)->457988K(667648K)
[64.200s][info][gc,metaspace   ] GC(177) Metaspace: 17537K(17728K)->17537K(17728K) NonClass: 14918K(14976K)->14918K(14976K) Class: 2619K(2752K)->2619K(2752K)
[64.200s][info][gc             ] GC(177) Pause Young (Allocation Failure) 580M->473M(856M) 28.242ms
[64.200s][info][gc,cpu         ] GC(177) User=0.05s Sys=0.00s Real=0.03s
[64.302s][info][gc,start       ] GC(178) Pause Young (Allocation Failure)
[64.332s][info][gc,heap        ] GC(178) PSYoungGen: 158368K(209408K)->31040K(209408K) Eden: 131072K(131072K)->0K(131072K) From: 27296K(78336K)->31040K(78336K)
[64.332s][info][gc,heap        ] GC(178) ParOldGen: 457988K(667648K)->457988K(667648K)
[64.332s][info][gc,metaspace   ] GC(178) Metaspace: 17537K(17728K)->17537K(17728K) NonClass: 14918K(14976K)->14918K(14976K) Class: 2619K(2752K)->2619K(2752K)
[64.332s][info][gc             ] GC(178) Pause Young (Allocation Failure) 601M->477M(856M) 30.247ms
[64.332s][info][gc,cpu         ] GC(178) User=0.06s Sys=0.00s Real=0.03s
[64.449s][info][gc,start       ] GC(179) Pause Young (Allocation Failure)
[64.481s][info][gc,heap        ] GC(179) PSYoungGen: 162112K(209408K)->32832K(219136K) Eden: 131072K(131072K)->0K(141312K) From: 31040K(78336K)->32832K(77824K)
[64.481s][info][gc,heap        ] GC(179) ParOldGen: 457988K(667648K)->457988K(667648K)
[64.481s][info][gc,metaspace   ] GC(179) Metaspace: 17537K(17728K)->17537K(17728K) NonClass: 14918K(14976K)->14918K(14976K) Class: 2619K(2752K)->2619K(2752K)
[64.481s][info][gc             ] GC(179) Pause Young (Allocation Failure) 605M->479M(866M) 32.530ms
[64.481s][info][gc,cpu         ] GC(179) User=0.06s Sys=0.01s Real=0.03s
[64.645s][info][gc,start       ] GC(180) Pause Young (Allocation Failure)
[64.681s][info][gc,heap        ] GC(180) PSYoungGen: 174144K(219136K)->37856K(218624K) Eden: 141312K(141312K)->0K(141312K) From: 32832K(77824K)->37856K(77312K)
[64.681s][info][gc,heap        ] GC(180) ParOldGen: 457988K(667648K)->457988K(667648K)
[64.681s][info][gc,metaspace   ] GC(180) Metaspace: 17537K(17728K)->17537K(17728K) NonClass: 14918K(14976K)->14918K(14976K) Class: 2619K(2752K)->2619K(2752K)
[64.681s][info][gc             ] GC(180) Pause Young (Allocation Failure) 617M->484M(865M) 35.990ms
[64.681s][info][gc,cpu         ] GC(180) User=0.07s Sys=0.00s Real=0.03s
[64.878s][info][gc,start       ] GC(181) Pause Young (Allocation Failure)
[64.918s][info][gc,heap        ] GC(181) PSYoungGen: 179168K(218624K)->40960K(229888K) Eden: 141312K(141312K)->0K(151552K) From: 37856K(77312K)->40960K(78336K)
[64.918s][info][gc,heap        ] GC(181) ParOldGen: 457988K(667648K)->457988K(667648K)
[64.918s][info][gc,metaspace   ] GC(181) Metaspace: 17538K(17728K)->17538K(17728K) NonClass: 14919K(14976K)->14919K(14976K) Class: 2619K(2752K)->2619K(2752K)
[64.918s][info][gc             ] GC(181) Pause Young (Allocation Failure) 622M->487M(876M) 39.638ms
[64.918s][info][gc,cpu         ] GC(181) User=0.08s Sys=0.00s Real=0.04s
[65.201s][info][gc,start       ] GC(182) Pause Young (Allocation Failure)
[65.241s][info][gc,heap        ] GC(182) PSYoungGen: 192512K(229888K)->41056K(231936K) Eden: 151552K(151552K)->0K(151552K) From: 40960K(78336K)->41056K(80384K)
[65.241s][info][gc,heap        ] GC(182) ParOldGen: 457988K(667648K)->457988K(667648K)
[65.241s][info][gc,metaspace   ] GC(182) Metaspace: 17538K(17728K)->17538K(17728K) NonClass: 14919K(14976K)->14919K(14976K) Class: 2619K(2752K)->2619K(2752K)
[65.241s][info][gc             ] GC(182) Pause Young (Allocation Failure) 635M->487M(878M) 39.566ms
[65.241s][info][gc,cpu         ] GC(182) User=0.08s Sys=0.00s Real=0.04s
[65.494s][info][gc,start       ] GC(183) Pause Young (Allocation Failure)
[65.534s][info][gc,heap        ] GC(183) PSYoungGen: 192608K(231936K)->41088K(245760K) Eden: 151552K(151552K)->0K(164352K) From: 41056K(80384K)->41088K(81408K)
[65.534s][info][gc,heap        ] GC(183) ParOldGen: 457988K(667648K)->457988K(667648K)
[65.534s][info][gc,metaspace   ] GC(183) Metaspace: 17538K(17728K)->17538K(17728K) NonClass: 14919K(14976K)->14919K(14976K) Class: 2619K(2752K)->2619K(2752K)
[65.534s][info][gc             ] GC(183) Pause Young (Allocation Failure) 635M->487M(892M) 39.916ms
[65.534s][info][gc,cpu         ] GC(183) User=0.08s Sys=0.00s Real=0.04s
[65.810s][info][gc,start       ] GC(184) Pause Young (Allocation Failure)
[65.856s][info][gc,heap        ] GC(184) PSYoungGen: 205440K(245760K)->48864K(245760K) Eden: 164352K(164352K)->0K(164352K) From: 41088K(81408K)->48864K(81408K)
[65.856s][info][gc,heap        ] GC(184) ParOldGen: 457988K(667648K)->457988K(667648K)
[65.856s][info][gc,metaspace   ] GC(184) Metaspace: 17538K(17728K)->17538K(17728K) NonClass: 14919K(14976K)->14919K(14976K) Class: 2619K(2752K)->2619K(2752K)
[65.856s][info][gc             ] GC(184) Pause Young (Allocation Failure) 647M->494M(892M) 45.967ms
[65.856s][info][gc,cpu         ] GC(184) User=0.09s Sys=0.00s Real=0.05s
[66.090s][info][gc,start       ] GC(185) Pause Young (Allocation Failure)
[66.146s][info][gc,heap        ] GC(185) PSYoungGen: 213216K(245760K)->54144K(242176K) Eden: 164352K(164352K)->0K(157696K) From: 48864K(81408K)->54144K(84480K)
[66.146s][info][gc,heap        ] GC(185) ParOldGen: 457988K(667648K)->457988K(667648K)
[66.146s][info][gc,metaspace   ] GC(185) Metaspace: 17538K(17728K)->17538K(17728K) NonClass: 14919K(14976K)->14919K(14976K) Class: 2619K(2752K)->2619K(2752K)
[66.146s][info][gc             ] GC(185) Pause Young (Allocation Failure) 655M->500M(888M) 56.571ms
[66.146s][info][gc,cpu         ] GC(185) User=0.11s Sys=0.00s Real=0.06s
[66.301s][info][gc,start       ] GC(186) Pause Young (Allocation Failure)
[66.374s][info][gc,heap        ] GC(186) PSYoungGen: 211840K(242176K)->87552K(245760K) Eden: 157696K(157696K)->0K(157696K) From: 54144K(84480K)->87552K(88064K)
[66.374s][info][gc,heap        ] GC(186) ParOldGen: 457988K(667648K)->457988K(667648K)
[66.374s][info][gc,metaspace   ] GC(186) Metaspace: 17538K(17728K)->17538K(17728K) NonClass: 14919K(14976K)->14919K(14976K) Class: 2619K(2752K)->2619K(2752K)
[66.374s][info][gc             ] GC(186) Pause Young (Allocation Failure) 654M->532M(892M) 73.380ms
[66.374s][info][gc,cpu         ] GC(186) User=0.15s Sys=0.00s Real=0.08s
[66.719s][info][gc,start       ] GC(187) Pause Young (Allocation Failure)
[66.822s][info][gc,heap        ] GC(187) PSYoungGen: 245248K(245760K)->88032K(199680K) Eden: 157696K(157696K)->0K(111616K) From: 87552K(88064K)->88032K(88064K)
[66.822s][info][gc,heap        ] GC(187) ParOldGen: 457988K(667648K)->479492K(667648K)
[66.822s][info][gc,metaspace   ] GC(187) Metaspace: 17547K(17728K)->17547K(17728K) NonClass: 14928K(14976K)->14928K(14976K) Class: 2619K(2752K)->2619K(2752K)
[66.822s][info][gc             ] GC(187) Pause Young (Allocation Failure) 686M->554M(847M) 102.627ms
[66.822s][info][gc,cpu         ] GC(187) User=0.20s Sys=0.01s Real=0.10s
[67.010s][info][gc,start       ] GC(188) Pause Young (Allocation Failure)
[67.109s][info][gc,heap        ] GC(188) PSYoungGen: 199648K(199680K)->100384K(222720K) Eden: 111616K(111616K)->0K(111616K) From: 88032K(88064K)->100384K(111104K)
[67.109s][info][gc,heap        ] GC(188) ParOldGen: 479492K(667648K)->479492K(667648K)
[67.109s][info][gc,metaspace   ] GC(188) Metaspace: 17571K(17792K)->17571K(17792K) NonClass: 14947K(15040K)->14947K(15040K) Class: 2624K(2752K)->2624K(2752K)
[67.109s][info][gc             ] GC(188) Pause Young (Allocation Failure) 663M->566M(869M) 99.453ms
[67.109s][info][gc,cpu         ] GC(188) User=0.19s Sys=0.00s Real=0.10s
[67.260s][info][gc,start       ] GC(189) Pause Young (Allocation Failure)
[67.359s][info][gc,heap        ] GC(189) PSYoungGen: 212000K(222720K)->88224K(222720K) Eden: 111616K(111616K)->0K(111616K) From: 100384K(111104K)->88224K(111104K)
[67.359s][info][gc,heap        ] GC(189) ParOldGen: 479492K(667648K)->491692K(667648K)
[67.359s][info][gc,metaspace   ] GC(189) Metaspace: 17571K(17792K)->17571K(17792K) NonClass: 14947K(15040K)->14947K(15040K) Class: 2624K(2752K)->2624K(2752K)
[67.359s][info][gc             ] GC(189) Pause Young (Allocation Failure) 675M->566M(869M) 98.853ms
[67.359s][info][gc,cpu         ] GC(189) User=0.20s Sys=0.00s Real=0.10s
[67.512s][info][gc,start       ] GC(190) Pause Young (Allocation Failure)
[67.606s][info][gc,heap        ] GC(190) PSYoungGen: 199840K(222720K)->69376K(222720K) Eden: 111616K(111616K)->0K(111616K) From: 88224K(111104K)->69376K(111104K)
[67.607s][info][gc,heap        ] GC(190) ParOldGen: 491692K(667648K)->510588K(667648K)
[67.607s][info][gc,metaspace   ] GC(190) Metaspace: 17571K(17792K)->17571K(17792K) NonClass: 14947K(15040K)->14947K(15040K) Class: 2624K(2752K)->2624K(2752K)
[67.607s][info][gc             ] GC(190) Pause Young (Allocation Failure) 675M->566M(869M) 94.700ms
[67.607s][info][gc,cpu         ] GC(190) User=0.19s Sys=0.00s Real=0.10s
[67.760s][info][gc,start       ] GC(191) Pause Young (Allocation Failure)
[67.841s][info][gc,heap        ] GC(191) PSYoungGen: 180992K(222720K)->62592K(222720K) Eden: 111616K(111616K)->0K(111616K) From: 69376K(111104K)->62592K(111104K)
[67.841s][info][gc,heap        ] GC(191) ParOldGen: 510588K(667648K)->517396K(667648K)
[67.841s][info][gc,metaspace   ] GC(191) Metaspace: 17571K(17792K)->17571K(17792K) NonClass: 14947K(15040K)->14947K(15040K) Class: 2624K(2752K)->2624K(2752K)
[67.842s][info][gc             ] GC(191) Pause Young (Allocation Failure) 675M->566M(869M) 81.280ms
[67.842s][info][gc,cpu         ] GC(191) User=0.16s Sys=0.00s Real=0.08s
[67.994s][info][gc,start       ] GC(192) Pause Young (Allocation Failure)
[68.063s][info][gc,heap        ] GC(192) PSYoungGen: 174208K(222720K)->59360K(222720K) Eden: 111616K(111616K)->0K(111616K) From: 62592K(111104K)->59360K(111104K)
[68.063s][info][gc,heap        ] GC(192) ParOldGen: 517396K(667648K)->520657K(667648K)
[68.064s][info][gc,metaspace   ] GC(192) Metaspace: 17571K(17792K)->17571K(17792K) NonClass: 14947K(15040K)->14947K(15040K) Class: 2624K(2752K)->2624K(2752K)
[68.064s][info][gc             ] GC(192) Pause Young (Allocation Failure) 675M->566M(869M) 69.166ms
[68.064s][info][gc,cpu         ] GC(192) User=0.14s Sys=0.00s Real=0.07s
[68.215s][info][gc,start       ] GC(193) Pause Young (Allocation Failure)
[68.282s][info][gc,heap        ] GC(193) PSYoungGen: 170976K(222720K)->51584K(222720K) Eden: 111616K(111616K)->0K(111616K) From: 59360K(111104K)->51584K(111104K)
[68.282s][info][gc,heap        ] GC(193) ParOldGen: 520657K(667648K)->528457K(667648K)
[68.282s][info][gc,metaspace   ] GC(193) Metaspace: 17571K(17792K)->17571K(17792K) NonClass: 14947K(15040K)->14947K(15040K) Class: 2624K(2752K)->2624K(2752K)
[68.282s][info][gc             ] GC(193) Pause Young (Allocation Failure) 675M->566M(869M) 66.928ms
[68.282s][info][gc,cpu         ] GC(193) User=0.13s Sys=0.00s Real=0.06s
[68.433s][info][gc,start       ] GC(194) Pause Young (Allocation Failure)
[68.484s][info][gc,heap        ] GC(194) PSYoungGen: 163200K(222720K)->30368K(222720K) Eden: 111616K(111616K)->0K(111616K) From: 51584K(111104K)->30368K(111104K)
[68.484s][info][gc,heap        ] GC(194) ParOldGen: 528457K(667648K)->549900K(667648K)
[68.484s][info][gc,metaspace   ] GC(194) Metaspace: 17571K(17792K)->17571K(17792K) NonClass: 14947K(15040K)->14947K(15040K) Class: 2624K(2752K)->2624K(2752K)
[68.484s][info][gc             ] GC(194) Pause Young (Allocation Failure) 675M->566M(869M) 50.297ms
[68.484s][info][gc,cpu         ] GC(194) User=0.10s Sys=0.00s Real=0.05s
[68.635s][info][gc,start       ] GC(195) Pause Young (Allocation Failure)
[68.670s][info][gc,heap        ] GC(195) PSYoungGen: 141984K(222720K)->32K(222720K) Eden: 111616K(111616K)->0K(111616K) From: 30368K(111104K)->32K(111104K)
[68.670s][info][gc,heap        ] GC(195) ParOldGen: 549900K(667648K)->580344K(667648K)
[68.670s][info][gc,metaspace   ] GC(195) Metaspace: 17571K(17792K)->17571K(17792K) NonClass: 14947K(15040K)->14947K(15040K) Class: 2624K(2752K)->2624K(2752K)
[68.670s][info][gc             ] GC(195) Pause Young (Allocation Failure) 675M->566M(869M) 34.537ms
[68.670s][info][gc,cpu         ] GC(195) User=0.07s Sys=0.00s Real=0.03s
[68.806s][info][gc,start       ] GC(196) Pause Young (Allocation Failure)
[68.829s][info][gc,heap        ] GC(196) PSYoungGen: 111648K(222720K)->18304K(222720K) Eden: 111616K(111616K)->0K(111616K) From: 32K(111104K)->18304K(111104K)
[68.829s][info][gc,heap        ] GC(196) ParOldGen: 580344K(667648K)->580344K(667648K)
[68.829s][info][gc,metaspace   ] GC(196) Metaspace: 17571K(17792K)->17571K(17792K) NonClass: 14947K(15040K)->14947K(15040K) Class: 2624K(2752K)->2624K(2752K)
[68.829s][info][gc             ] GC(196) Pause Young (Allocation Failure) 675M->584M(869M) 23.136ms
[68.829s][info][gc,cpu         ] GC(196) User=0.05s Sys=0.00s Real=0.02s
[68.951s][info][gc,start       ] GC(197) Pause Young (Allocation Failure)
[68.993s][info][gc,heap        ] GC(197) PSYoungGen: 129920K(222720K)->40256K(222720K) Eden: 111616K(111616K)->0K(111616K) From: 18304K(111104K)->40256K(111104K)
[68.993s][info][gc,heap        ] GC(197) ParOldGen: 580344K(667648K)->580344K(667648K)
[68.993s][info][gc,metaspace   ] GC(197) Metaspace: 17571K(17792K)->17571K(17792K) NonClass: 14947K(15040K)->14947K(15040K) Class: 2624K(2752K)->2624K(2752K)
[68.993s][info][gc             ] GC(197) Pause Young (Allocation Failure) 693M->606M(869M) 42.283ms
[68.994s][info][gc,cpu         ] GC(197) User=0.08s Sys=0.00s Real=0.05s
[69.067s][info][gc,start       ] GC(198) Pause Young (Allocation Failure)
[69.132s][info][gc,heap        ] GC(198) PSYoungGen: 151872K(222720K)->63968K(222720K) Eden: 111616K(111616K)->0K(111616K) From: 40256K(111104K)->63968K(111104K)
[69.132s][info][gc,heap        ] GC(198) ParOldGen: 580344K(667648K)->580344K(667648K)
[69.132s][info][gc,metaspace   ] GC(198) Metaspace: 17571K(17792K)->17571K(17792K) NonClass: 14947K(15040K)->14947K(15040K) Class: 2624K(2752K)->2624K(2752K)
[69.132s][info][gc             ] GC(198) Pause Young (Allocation Failure) 715M->629M(869M) 64.465ms
[69.132s][info][gc,cpu         ] GC(198) User=0.13s Sys=0.00s Real=0.06s
[69.207s][info][gc,start       ] GC(199) Pause Young (Allocation Failure)
[69.282s][info][gc,heap        ] GC(199) PSYoungGen: 175584K(222720K)->58784K(221696K) Eden: 111616K(111616K)->0K(111616K) From: 63968K(111104K)->58784K(110080K)
[69.282s][info][gc,heap        ] GC(199) ParOldGen: 580344K(667648K)->598648K(667648K)
[69.282s][info][gc,metaspace   ] GC(199) Metaspace: 17571K(17792K)->17571K(17792K) NonClass: 14947K(15040K)->14947K(15040K) Class: 2624K(2752K)->2624K(2752K)
[69.282s][info][gc             ] GC(199) Pause Young (Allocation Failure) 738M->642M(868M) 75.121ms
[69.282s][info][gc,cpu         ] GC(199) User=0.15s Sys=0.00s Real=0.07s
[69.371s][info][gc,start       ] GC(200) Pause Young (Allocation Failure)
[69.446s][info][gc,heap        ] GC(200) PSYoungGen: 170400K(221696K)->23552K(135168K) Eden: 111616K(111616K)->0K(111616K) From: 58784K(110080K)->23552K(23552K)
[69.446s][info][gc,heap        ] GC(200) ParOldGen: 598648K(667648K)->644440K(667648K)
[69.446s][info][gc,metaspace   ] GC(200) Metaspace: 17571K(17792K)->17571K(17792K) NonClass: 14947K(15040K)->14947K(15040K) Class: 2624K(2752K)->2624K(2752K)
[69.446s][info][gc             ] GC(200) Pause Young (Allocation Failure) 751M->652M(784M) 74.977ms
[69.446s][info][gc,cpu         ] GC(200) User=0.14s Sys=0.02s Real=0.08s
[69.524s][info][gc,start       ] GC(201) Pause Full (Allocation Failure)
[69.524s][info][gc,phases,start] GC(201) Marking Phase
[69.902s][info][gc,phases      ] GC(201) Marking Phase 378.746ms
[69.902s][info][gc,phases,start] GC(201) Summary Phase
[69.902s][info][gc,phases      ] GC(201) Summary Phase 0.026ms
[69.902s][info][gc,phases,start] GC(201) Forward
[70.013s][info][gc,phases      ] GC(201) Forward 110.103ms
[70.013s][info][gc,phases,start] GC(201) Adjust Pointers
[70.322s][info][gc,phases      ] GC(201) Adjust Pointers 309.532ms
[70.322s][info][gc,phases,start] GC(201) Compaction Phase
[70.506s][info][gc,phases      ] GC(201) Compaction Phase 183.526ms
[70.516s][info][gc,phases,start] GC(201) Post Compact
[70.519s][info][gc,phases      ] GC(201) Post Compact 2.300ms
[70.519s][info][gc,heap        ] GC(201) PSYoungGen: 135168K(135168K)->0K(221696K) Eden: 111616K(111616K)->0K(113152K) From: 23552K(23552K)->0K(108544K)
[70.519s][info][gc,heap        ] GC(201) ParOldGen: 644440K(667648K)->554323K(667648K)
[70.519s][info][gc,metaspace   ] GC(201) Metaspace: 17571K(17792K)->17571K(17792K) NonClass: 14947K(15040K)->14947K(15040K) Class: 2624K(2752K)->2624K(2752K)
[70.519s][info][gc             ] GC(201) Pause Full (Allocation Failure) 761M->541M(868M) 995.414ms
[70.519s][info][gc,cpu         ] GC(201) User=1.94s Sys=0.00s Real=0.99s
[70.578s][info][gc,start       ] GC(202) Pause Young (Allocation Failure)
[70.582s][info][gc,heap        ] GC(202) PSYoungGen: 113152K(221696K)->2944K(221696K) Eden: 113152K(113152K)->0K(113152K) From: 0K(108544K)->2944K(108544K)
[70.582s][info][gc,heap        ] GC(202) ParOldGen: 554323K(667648K)->554323K(667648K)
[70.582s][info][gc,metaspace   ] GC(202) Metaspace: 17571K(17792K)->17571K(17792K) NonClass: 14947K(15040K)->14947K(15040K) Class: 2624K(2752K)->2624K(2752K)
[70.582s][info][gc             ] GC(202) Pause Young (Allocation Failure) 651M->544M(868M) 4.667ms
[70.582s][info][gc,cpu         ] GC(202) User=0.01s Sys=0.00s Real=0.00s
[70.668s][info][gc,start       ] GC(203) Pause Young (Allocation Failure)
[70.675s][info][gc,heap        ] GC(203) PSYoungGen: 116096K(221696K)->1792K(224768K) Eden: 113152K(113152K)->0K(115200K) From: 2944K(108544K)->1792K(109568K)
[70.675s][info][gc,heap        ] GC(203) ParOldGen: 554323K(667648K)->557235K(667648K)
[70.675s][info][gc,metaspace   ] GC(203) Metaspace: 17571K(17792K)->17571K(17792K) NonClass: 14947K(15040K)->14947K(15040K) Class: 2624K(2752K)->2624K(2752K)
[70.675s][info][gc             ] GC(203) Pause Young (Allocation Failure) 654M->545M(871M) 7.534ms
[70.675s][info][gc,cpu         ] GC(203) User=0.02s Sys=0.00s Real=0.01s
[70.761s][info][gc,start       ] GC(204) Pause Young (Allocation Failure)
[70.778s][info][gc,heap        ] GC(204) PSYoungGen: 116992K(224768K)->8960K(124416K) Eden: 115200K(115200K)->0K(115200K) From: 1792K(109568K)->8960K(9216K)
[70.778s][info][gc,heap        ] GC(204) ParOldGen: 557235K(667648K)->558987K(667648K)
[70.778s][info][gc,metaspace   ] GC(204) Metaspace: 17595K(17856K)->17595K(17856K) NonClass: 14970K(15104K)->14970K(15104K) Class: 2625K(2752K)->2625K(2752K)
[70.778s][info][gc             ] GC(204) Pause Young (Allocation Failure) 658M->554M(773M) 16.603ms
[70.778s][info][gc,cpu         ] GC(204) User=0.03s Sys=0.00s Real=0.02s
[70.924s][info][gc,start       ] GC(205) Pause Young (Allocation Failure)
[70.941s][info][gc,heap        ] GC(205) PSYoungGen: 124160K(124416K)->2272K(224256K) Eden: 115200K(115200K)->0K(117248K) From: 8960K(9216K)->2272K(107008K)
[70.941s][info][gc,heap        ] GC(205) ParOldGen: 558987K(667648K)->567927K(667648K)
[70.941s][info][gc,metaspace   ] GC(205) Metaspace: 17596K(17856K)->17596K(17856K) NonClass: 14971K(15104K)->14971K(15104K) Class: 2625K(2752K)->2625K(2752K)
[70.941s][info][gc             ] GC(205) Pause Young (Allocation Failure) 667M->556M(871M) 16.757ms
[70.941s][info][gc,cpu         ] GC(205) User=0.03s Sys=0.00s Real=0.01s
[71.106s][info][gc,start       ] GC(206) Pause Young (Allocation Failure)
[71.120s][info][gc,heap        ] GC(206) PSYoungGen: 119520K(224256K)->3328K(222208K) Eden: 117248K(117248K)->0K(117248K) From: 2272K(107008K)->3328K(104960K)
[71.121s][info][gc,heap        ] GC(206) ParOldGen: 567927K(667648K)->570167K(667648K)
[71.121s][info][gc,metaspace   ] GC(206) Metaspace: 17597K(17856K)->17597K(17856K) NonClass: 14971K(15104K)->14971K(15104K) Class: 2625K(2752K)->2625K(2752K)
[71.121s][info][gc             ] GC(206) Pause Young (Allocation Failure) 671M->560M(869M) 14.239ms
[71.121s][info][gc,cpu         ] GC(206) User=0.03s Sys=0.00s Real=0.01s
[71.216s][info][gc,start       ] GC(207) Pause Young (Allocation Failure)
[71.222s][info][gc,heap        ] GC(207) PSYoungGen: 120576K(222208K)->3392K(225792K) Eden: 117248K(117248K)->0K(124928K) From: 3328K(104960K)->3392K(100864K)
[71.222s][info][gc,heap        ] GC(207) ParOldGen: 570167K(667648K)->570167K(667648K)
[71.222s][info][gc,metaspace   ] GC(207) Metaspace: 17597K(17856K)->17597K(17856K) NonClass: 14972K(15104K)->14972K(15104K) Class: 2625K(2752K)->2625K(2752K)
[71.222s][info][gc             ] GC(207) Pause Young (Allocation Failure) 674M->560M(872M) 6.340ms
[71.222s][info][gc,cpu         ] GC(207) User=0.01s Sys=0.00s Real=0.00s
[71.474s][info][gc,start       ] GC(208) Pause Young (Allocation Failure)
[71.480s][info][gc,heap        ] GC(208) PSYoungGen: 128320K(225792K)->3520K(224256K) Eden: 124928K(124928K)->0K(124928K) From: 3392K(100864K)->3520K(99328K)
[71.480s][info][gc,heap        ] GC(208) ParOldGen: 570167K(667648K)->570167K(667648K)
[71.480s][info][gc,metaspace   ] GC(208) Metaspace: 17597K(17856K)->17597K(17856K) NonClass: 14972K(15104K)->14972K(15104K) Class: 2625K(2752K)->2625K(2752K)
[71.480s][info][gc             ] GC(208) Pause Young (Allocation Failure) 682M->560M(871M) 6.596ms
[71.480s][info][gc,cpu         ] GC(208) User=0.02s Sys=0.00s Real=0.00s
[71.690s][info][gc,start       ] GC(209) Pause Young (Allocation Failure)
[71.713s][info][gc,heap        ] GC(209) PSYoungGen: 128448K(224256K)->19184K(217088K) Eden: 124928K(124928K)->0K(134144K) From: 3520K(99328K)->19184K(82944K)
[71.713s][info][gc,heap        ] GC(209) ParOldGen: 570167K(667648K)->570167K(667648K)
[71.713s][info][gc,metaspace   ] GC(209) Metaspace: 17597K(17856K)->17597K(17856K) NonClass: 14972K(15104K)->14972K(15104K) Class: 2625K(2752K)->2625K(2752K)
[71.713s][info][gc             ] GC(209) Pause Young (Allocation Failure) 682M->575M(864M) 22.286ms
[71.713s][info][gc,cpu         ] GC(209) User=0.05s Sys=0.01s Real=0.02s
[72.030s][info][gc,start       ] GC(210) Pause Young (Allocation Failure)
[72.065s][info][gc,heap        ] GC(210) PSYoungGen: 153328K(217088K)->33048K(223232K) Eden: 134144K(134144K)->0K(134144K) From: 19184K(82944K)->33048K(89088K)
[72.065s][info][gc,heap        ] GC(210) ParOldGen: 570167K(667648K)->570167K(667648K)
[72.065s][info][gc,metaspace   ] GC(210) Metaspace: 17597K(17856K)->17597K(17856K) NonClass: 14972K(15104K)->14972K(15104K) Class: 2625K(2752K)->2625K(2752K)
[72.065s][info][gc             ] GC(210) Pause Young (Allocation Failure) 706M->589M(870M) 35.098ms
[72.065s][info][gc,cpu         ] GC(210) User=0.07s Sys=0.00s Real=0.04s
[72.275s][info][gc,start       ] GC(211) Pause Young (Allocation Failure)
[72.331s][info][gc,heap        ] GC(211) PSYoungGen: 167192K(223232K)->62208K(222720K) Eden: 134144K(134144K)->0K(136192K) From: 33048K(89088K)->62208K(86528K)
[72.331s][info][gc,heap        ] GC(211) ParOldGen: 570167K(667648K)->570167K(667648K)
[72.331s][info][gc,metaspace   ] GC(211) Metaspace: 17604K(17856K)->17604K(17856K) NonClass: 14975K(15104K)->14975K(15104K) Class: 2629K(2752K)->2629K(2752K)
[72.331s][info][gc             ] GC(211) Pause Young (Allocation Failure) 720M->617M(869M) 56.780ms
[72.331s][info][gc,cpu         ] GC(211) User=0.11s Sys=0.00s Real=0.05s
[72.524s][info][gc,start       ] GC(212) Pause Young (Allocation Failure)
[72.617s][info][gc,heap        ] GC(212) PSYoungGen: 198400K(222720K)->94192K(230400K) Eden: 136192K(136192K)->0K(136192K) From: 62208K(86528K)->94192K(94208K)
[72.617s][info][gc,heap        ] GC(212) ParOldGen: 570167K(667648K)->581935K(667648K)
[72.617s][info][gc,metaspace   ] GC(212) Metaspace: 17623K(17856K)->17623K(17856K) NonClass: 14994K(15104K)->14994K(15104K) Class: 2629K(2752K)->2629K(2752K)
[72.617s][info][gc             ] GC(212) Pause Young (Allocation Failure) 750M->660M(877M) 93.215ms
[72.617s][info][gc,cpu         ] GC(212) User=0.18s Sys=0.00s Real=0.09s
[72.997s][info][gc,start       ] GC(213) Pause Young (Allocation Failure)
[73.111s][info][gc,heap        ] GC(213) PSYoungGen: 230384K(230400K)->91120K(215040K) Eden: 136192K(136192K)->0K(111616K) From: 94192K(94208K)->91120K(103424K)
[73.112s][info][gc,heap        ] GC(213) ParOldGen: 581935K(667648K)->585311K(667648K)
[73.112s][info][gc,metaspace   ] GC(213) Metaspace: 17623K(17856K)->17623K(17856K) NonClass: 14994K(15104K)->14994K(15104K) Class: 2629K(2752K)->2629K(2752K)
[73.112s][info][gc             ] GC(213) Pause Young (Allocation Failure) 793M->660M(862M) 114.463ms
[73.112s][info][gc,cpu         ] GC(213) User=0.22s Sys=0.00s Real=0.11s
[73.409s][info][gc,start       ] GC(214) Pause Young (Allocation Failure)
[73.479s][info][gc,heap        ] GC(214) PSYoungGen: 202736K(215040K)->75616K(222720K) Eden: 111616K(111616K)->0K(111616K) From: 91120K(103424K)->75616K(111104K)
[73.479s][info][gc,heap        ] GC(214) ParOldGen: 585311K(667648K)->601125K(667648K)
[73.479s][info][gc,metaspace   ] GC(214) Metaspace: 17623K(17856K)->17623K(17856K) NonClass: 14994K(15104K)->14994K(15104K) Class: 2629K(2752K)->2629K(2752K)
[73.479s][info][gc             ] GC(214) Pause Young (Allocation Failure) 769M->660M(869M) 70.904ms
[73.480s][info][gc,cpu         ] GC(214) User=0.14s Sys=0.00s Real=0.07s
[73.695s][info][gc,start       ] GC(215) Pause Young (Allocation Failure)
[73.780s][info][gc,heap        ] GC(215) PSYoungGen: 187232K(222720K)->37280K(222720K) Eden: 111616K(111616K)->0K(111616K) From: 75616K(111104K)->37280K(111104K)
[73.780s][info][gc,heap        ] GC(215) ParOldGen: 601125K(667648K)->640032K(667648K)
[73.780s][info][gc,metaspace   ] GC(215) Metaspace: 17623K(17856K)->17623K(17856K) NonClass: 14994K(15104K)->14994K(15104K) Class: 2629K(2752K)->2629K(2752K)
[73.780s][info][gc             ] GC(215) Pause Young (Allocation Failure) 769M->661M(869M) 85.152ms
[73.780s][info][gc,cpu         ] GC(215) User=0.17s Sys=0.00s Real=0.08s
[73.988s][info][gc,start       ] GC(216) Pause Full (Allocation Failure)
[73.988s][info][gc,phases,start] GC(216) Marking Phase
[74.442s][info][gc,phases      ] GC(216) Marking Phase 453.620ms
[74.442s][info][gc,phases,start] GC(216) Summary Phase
[74.442s][info][gc,phases      ] GC(216) Summary Phase 0.024ms
[74.442s][info][gc,phases,start] GC(216) Forward
[74.466s][info][gc,phases      ] GC(216) Forward 24.013ms
[74.466s][info][gc,phases,start] GC(216) Adjust Pointers
[74.782s][info][gc,phases      ] GC(216) Adjust Pointers 315.369ms
[74.782s][info][gc,phases,start] GC(216) Compaction Phase
[74.937s][info][gc,phases      ] GC(216) Compaction Phase 154.940ms
[74.937s][info][gc,phases,start] GC(216) Post Compact
[74.939s][info][gc,phases      ] GC(216) Post Compact 2.244ms
[74.939s][info][gc,heap        ] GC(216) PSYoungGen: 148896K(222720K)->9538K(222720K) Eden: 111616K(111616K)->0K(111616K) From: 37280K(111104K)->9538K(111104K)
[74.939s][info][gc,heap        ] GC(216) ParOldGen: 640032K(667648K)->667404K(667648K)
[74.939s][info][gc,metaspace   ] GC(216) Metaspace: 17623K(17856K)->17623K(17856K) NonClass: 14994K(15104K)->14994K(15104K) Class: 2629K(2752K)->2629K(2752K)
[74.939s][info][gc             ] GC(216) Pause Full (Allocation Failure) 770M->661M(869M) 950.619ms
[74.939s][info][gc,cpu         ] GC(216) User=1.85s Sys=0.02s Real=0.95s
[75.128s][info][gc,start       ] GC(217) Pause Full (Allocation Failure)
[75.129s][info][gc,phases,start] GC(217) Marking Phase
[75.584s][info][gc,phases      ] GC(217) Marking Phase 455.100ms
[75.584s][info][gc,phases,start] GC(217) Summary Phase
[75.584s][info][gc,phases      ] GC(217) Summary Phase 0.024ms
[75.584s][info][gc,phases,start] GC(217) Forward
[75.587s][info][gc,phases      ] GC(217) Forward 3.079ms
[75.587s][info][gc,phases,start] GC(217) Adjust Pointers
[75.901s][info][gc,phases      ] GC(217) Adjust Pointers 313.776ms
[75.901s][info][gc,phases,start] GC(217) Compaction Phase
[76.041s][info][gc,phases      ] GC(217) Compaction Phase 140.544ms
[76.041s][info][gc,phases,start] GC(217) Post Compact
[76.044s][info][gc,phases      ] GC(217) Post Compact 2.285ms
[76.044s][info][gc,heap        ] GC(217) PSYoungGen: 121154K(222720K)->10580K(222720K) Eden: 111616K(111616K)->10580K(111616K) From: 9538K(111104K)->0K(111104K)
[76.044s][info][gc,heap        ] GC(217) ParOldGen: 667404K(667648K)->667612K(667648K)
[76.044s][info][gc,metaspace   ] GC(217) Metaspace: 17624K(17856K)->17624K(17856K) NonClass: 14995K(15104K)->14995K(15104K) Class: 2629K(2752K)->2629K(2752K)
[76.044s][info][gc             ] GC(217) Pause Full (Allocation Failure) 770M->662M(869M) 915.170ms
[76.044s][info][gc,cpu         ] GC(217) User=1.80s Sys=0.00s Real=0.92s
[76.151s][info][gc,start       ] GC(218) Pause Full (Allocation Failure)
[76.151s][info][gc,phases,start] GC(218) Marking Phase
[76.605s][info][gc,phases      ] GC(218) Marking Phase 453.267ms
[76.605s][info][gc,phases,start] GC(218) Summary Phase
[76.605s][info][gc,phases      ] GC(218) Summary Phase 0.023ms
[76.605s][info][gc,phases,start] GC(218) Forward
[76.609s][info][gc,phases      ] GC(218) Forward 4.130ms
[76.609s][info][gc,phases,start] GC(218) Adjust Pointers
[76.923s][info][gc,phases      ] GC(218) Adjust Pointers 313.933ms
[76.923s][info][gc,phases,start] GC(218) Compaction Phase
[77.062s][info][gc,phases      ] GC(218) Compaction Phase 139.418ms
[77.062s][info][gc,phases,start] GC(218) Post Compact
[77.065s][info][gc,phases      ] GC(218) Post Compact 2.222ms
[77.065s][info][gc,heap        ] GC(218) PSYoungGen: 111616K(222720K)->11262K(222720K) Eden: 111616K(111616K)->11262K(111616K) From: 0K(111104K)->0K(111104K)
[77.065s][info][gc,heap        ] GC(218) ParOldGen: 667612K(667648K)->667612K(667648K)
[77.065s][info][gc,metaspace   ] GC(218) Metaspace: 17626K(17856K)->17626K(17856K) NonClass: 14997K(15104K)->14997K(15104K) Class: 2629K(2752K)->2629K(2752K)
[77.065s][info][gc             ] GC(218) Pause Full (Allocation Failure) 760M->662M(869M) 913.395ms
[77.065s][info][gc,cpu         ] GC(218) User=1.79s Sys=0.00s Real=0.92s
[77.227s][info][gc,start       ] GC(219) Pause Full (Allocation Failure)
[77.227s][info][gc,phases,start] GC(219) Marking Phase
[77.685s][info][gc,phases      ] GC(219) Marking Phase 457.198ms
[77.685s][info][gc,phases,start] GC(219) Summary Phase
[77.685s][info][gc,phases      ] GC(219) Summary Phase 0.026ms
[77.685s][info][gc,phases,start] GC(219) Forward
[77.715s][info][gc,phases      ] GC(219) Forward 30.764ms
[77.715s][info][gc,phases,start] GC(219) Adjust Pointers
[78.038s][info][gc,phases      ] GC(219) Adjust Pointers 322.522ms
[78.038s][info][gc,phases,start] GC(219) Compaction Phase
[78.183s][info][gc,phases      ] GC(219) Compaction Phase 144.489ms
[78.183s][info][gc,phases,start] GC(219) Post Compact
[78.185s][info][gc,phases      ] GC(219) Post Compact 2.242ms
[78.185s][info][gc,heap        ] GC(219) PSYoungGen: 111616K(222720K)->12654K(222720K) Eden: 111616K(111616K)->12654K(111616K) From: 0K(111104K)->0K(111104K)
[78.185s][info][gc,heap        ] GC(219) ParOldGen: 667612K(667648K)->667500K(667648K)
[78.185s][info][gc,metaspace   ] GC(219) Metaspace: 17630K(17856K)->17630K(17856K) NonClass: 15001K(15104K)->15001K(15104K) Class: 2629K(2752K)->2629K(2752K)
[78.185s][info][gc             ] GC(219) Pause Full (Allocation Failure) 760M->664M(869M) 957.662ms
[78.185s][info][gc,cpu         ] GC(219) User=1.87s Sys=0.00s Real=0.96s
[78.419s][info][gc,start       ] GC(220) Pause Full (Allocation Failure)
[78.419s][info][gc,phases,start] GC(220) Marking Phase
[78.878s][info][gc,phases      ] GC(220) Marking Phase 458.640ms
[78.878s][info][gc,phases,start] GC(220) Summary Phase
[78.878s][info][gc,phases      ] GC(220) Summary Phase 0.025ms
[78.878s][info][gc,phases,start] GC(220) Forward
[79.008s][info][gc,phases      ] GC(220) Forward 129.913ms
[79.008s][info][gc,phases,start] GC(220) Adjust Pointers
[79.370s][info][gc,phases      ] GC(220) Adjust Pointers 361.741ms
[79.370s][info][gc,phases,start] GC(220) Compaction Phase
[79.543s][info][gc,phases      ] GC(220) Compaction Phase 172.556ms
[79.555s][info][gc,phases,start] GC(220) Post Compact
[79.558s][info][gc,phases      ] GC(220) Post Compact 2.346ms
[79.558s][info][gc,heap        ] GC(220) PSYoungGen: 111616K(222720K)->13928K(222720K) Eden: 111616K(111616K)->13928K(111616K) From: 0K(111104K)->0K(111104K)
[79.558s][info][gc,heap        ] GC(220) ParOldGen: 667500K(667648K)->667417K(667648K)
[79.558s][info][gc,metaspace   ] GC(220) Metaspace: 17648K(17856K)->17648K(17856K) NonClass: 15015K(15104K)->15015K(15104K) Class: 2633K(2752K)->2633K(2752K)
[79.558s][info][gc             ] GC(220) Pause Full (Allocation Failure) 760M->665M(869M) 1138.265ms
[79.558s][info][gc,cpu         ] GC(220) User=2.23s Sys=0.00s Real=1.14s
[79.785s][info][gc,start       ] GC(221) Pause Full (Allocation Failure)
[79.786s][info][gc,phases,start] GC(221) Marking Phase
[80.263s][info][gc,phases      ] GC(221) Marking Phase 477.595ms
[80.263s][info][gc,phases,start] GC(221) Summary Phase
[80.263s][info][gc,phases      ] GC(221) Summary Phase 0.033ms
[80.263s][info][gc,phases,start] GC(221) Forward
[80.276s][info][gc,phases      ] GC(221) Forward 12.740ms
[80.276s][info][gc,phases,start] GC(221) Adjust Pointers
[80.610s][info][gc,phases      ] GC(221) Adjust Pointers 334.234ms
[80.610s][info][gc,phases,start] GC(221) Compaction Phase
[80.750s][info][gc,phases      ] GC(221) Compaction Phase 139.184ms
[80.750s][info][gc,phases,start] GC(221) Post Compact
[80.752s][info][gc,phases      ] GC(221) Post Compact 2.216ms
[80.752s][info][gc,heap        ] GC(221) PSYoungGen: 111616K(222720K)->30619K(222720K) Eden: 111616K(111616K)->30619K(111616K) From: 0K(111104K)->0K(111104K)
[80.752s][info][gc,heap        ] GC(221) ParOldGen: 667417K(667648K)->667417K(667648K)
[80.752s][info][gc,metaspace   ] GC(221) Metaspace: 17654K(17856K)->17654K(17856K) NonClass: 15020K(15104K)->15020K(15104K) Class: 2634K(2752K)->2634K(2752K)
[80.752s][info][gc             ] GC(221) Pause Full (Allocation Failure) 760M->681M(869M) 966.441ms
[80.752s][info][gc,cpu         ] GC(221) User=1.89s Sys=0.00s Real=0.96s
[80.858s][info][gc,start       ] GC(222) Pause Full (Allocation Failure)
[80.858s][info][gc,phases,start] GC(222) Marking Phase
[81.345s][info][gc,phases      ] GC(222) Marking Phase 487.539ms
[81.345s][info][gc,phases,start] GC(222) Summary Phase
[81.345s][info][gc,phases      ] GC(222) Summary Phase 0.026ms
[81.345s][info][gc,phases,start] GC(222) Forward
[81.498s][info][gc,phases      ] GC(222) Forward 152.165ms
[81.498s][info][gc,phases,start] GC(222) Adjust Pointers
[81.902s][info][gc,phases      ] GC(222) Adjust Pointers 404.767ms
[81.902s][info][gc,phases,start] GC(222) Compaction Phase
[82.105s][info][gc,phases      ] GC(222) Compaction Phase 202.620ms
[82.121s][info][gc,phases,start] GC(222) Post Compact
[82.124s][info][gc,phases      ] GC(222) Post Compact 2.285ms
[82.124s][info][gc,heap        ] GC(222) PSYoungGen: 111616K(222720K)->8364K(222720K) Eden: 111616K(111616K)->8364K(111616K) From: 0K(111104K)->0K(111104K)
[82.124s][info][gc,heap        ] GC(222) ParOldGen: 667417K(667648K)->667596K(667648K)
[82.124s][info][gc,metaspace   ] GC(222) Metaspace: 17654K(17856K)->17654K(17856K) NonClass: 15020K(15104K)->15020K(15104K) Class: 2634K(2752K)->2634K(2752K)
[82.124s][info][gc             ] GC(222) Pause Full (Allocation Failure) 760M->660M(869M) 1266.086ms
[82.124s][info][gc,cpu         ] GC(222) User=2.48s Sys=0.00s Real=1.27s
[82.235s][info][gc,start       ] GC(223) Pause Full (Allocation Failure)
[82.235s][info][gc,phases,start] GC(223) Marking Phase
[82.743s][info][gc,phases      ] GC(223) Marking Phase 508.564ms
[82.743s][info][gc,phases,start] GC(223) Summary Phase
[82.743s][info][gc,phases      ] GC(223) Summary Phase 0.034ms
[82.743s][info][gc,phases,start] GC(223) Forward
[82.755s][info][gc,phases      ] GC(223) Forward 12.110ms
[82.755s][info][gc,phases,start] GC(223) Adjust Pointers
[83.104s][info][gc,phases      ] GC(223) Adjust Pointers 348.569ms
[83.104s][info][gc,phases,start] GC(223) Compaction Phase
[83.251s][info][gc,phases      ] GC(223) Compaction Phase 146.701ms
[83.251s][info][gc,phases,start] GC(223) Post Compact
[83.253s][info][gc,phases      ] GC(223) Post Compact 2.321ms
[83.253s][info][gc,heap        ] GC(223) PSYoungGen: 111616K(222720K)->25579K(222720K) Eden: 111616K(111616K)->25579K(111616K) From: 0K(111104K)->0K(111104K)
[83.253s][info][gc,heap        ] GC(223) ParOldGen: 667596K(667648K)->667596K(667648K)
[83.253s][info][gc,metaspace   ] GC(223) Metaspace: 17655K(17856K)->17655K(17856K) NonClass: 15020K(15104K)->15020K(15104K) Class: 2634K(2752K)->2634K(2752K)
[83.253s][info][gc             ] GC(223) Pause Full (Allocation Failure) 760M->676M(869M) 1018.693ms
[83.253s][info][gc,cpu         ] GC(223) User=2.01s Sys=0.00s Real=1.02s
[83.342s][info][gc,start       ] GC(224) Pause Full (Allocation Failure)
[83.342s][info][gc,phases,start] GC(224) Marking Phase
[83.850s][info][gc,phases      ] GC(224) Marking Phase 507.324ms
[83.850s][info][gc,phases,start] GC(224) Summary Phase
[83.850s][info][gc,phases      ] GC(224) Summary Phase 0.023ms
[83.850s][info][gc,phases,start] GC(224) Forward
[83.865s][info][gc,phases      ] GC(224) Forward 14.986ms
[83.865s][info][gc,phases,start] GC(224) Adjust Pointers
[84.210s][info][gc,phases      ] GC(224) Adjust Pointers 345.453ms
[84.210s][info][gc,phases,start] GC(224) Compaction Phase
[84.357s][info][gc,phases      ] GC(224) Compaction Phase 147.286ms
[84.358s][info][gc,phases,start] GC(224) Post Compact
[84.360s][info][gc,phases      ] GC(224) Post Compact 2.237ms
[84.360s][info][gc,heap        ] GC(224) PSYoungGen: 111616K(222720K)->29291K(222720K) Eden: 111616K(111616K)->29291K(111616K) From: 0K(111104K)->0K(111104K)
[84.360s][info][gc,heap        ] GC(224) ParOldGen: 667596K(667648K)->667596K(667648K)
[84.360s][info][gc,metaspace   ] GC(224) Metaspace: 17660K(17920K)->17660K(17920K) NonClass: 15026K(15168K)->15026K(15168K) Class: 2634K(2752K)->2634K(2752K)
[84.360s][info][gc             ] GC(224) Pause Full (Allocation Failure) 760M->680M(869M) 1017.741ms
[84.360s][info][gc,cpu         ] GC(224) User=1.99s Sys=0.00s Real=1.02s
[84.449s][info][gc,start       ] GC(225) Pause Full (Allocation Failure)
[84.449s][info][gc,phases,start] GC(225) Marking Phase
[84.961s][info][gc,phases      ] GC(225) Marking Phase 511.857ms
[84.961s][info][gc,phases,start] GC(225) Summary Phase
[84.961s][info][gc,phases      ] GC(225) Summary Phase 0.022ms
[84.961s][info][gc,phases,start] GC(225) Forward
[84.975s][info][gc,phases      ] GC(225) Forward 14.821ms
[84.975s][info][gc,phases,start] GC(225) Adjust Pointers
[85.322s][info][gc,phases      ] GC(225) Adjust Pointers 346.271ms
[85.322s][info][gc,phases,start] GC(225) Compaction Phase
[85.469s][info][gc,phases      ] GC(225) Compaction Phase 147.314ms
[85.469s][info][gc,phases,start] GC(225) Post Compact
[85.471s][info][gc,phases      ] GC(225) Post Compact 2.205ms
[85.471s][info][gc,heap        ] GC(225) PSYoungGen: 111616K(222720K)->31631K(222720K) Eden: 111616K(111616K)->31631K(111616K) From: 0K(111104K)->0K(111104K)
[85.471s][info][gc,heap        ] GC(225) ParOldGen: 667596K(667648K)->667596K(667648K)
[85.471s][info][gc,metaspace   ] GC(225) Metaspace: 17662K(17920K)->17662K(17920K) NonClass: 15028K(15168K)->15028K(15168K) Class: 2634K(2752K)->2634K(2752K)
[85.471s][info][gc             ] GC(225) Pause Full (Allocation Failure) 760M->682M(869M) 1022.879ms
[85.472s][info][gc,cpu         ] GC(225) User=2.00s Sys=0.00s Real=1.02s
[85.638s][info][gc,start       ] GC(226) Pause Full (Allocation Failure)
[85.638s][info][gc,phases,start] GC(226) Marking Phase
[86.035s][info][gc,phases      ] GC(226) Marking Phase 396.435ms
[86.035s][info][gc,phases,start] GC(226) Summary Phase
[86.035s][info][gc,phases      ] GC(226) Summary Phase 0.025ms
[86.035s][info][gc,phases,start] GC(226) Forward
[86.176s][info][gc,phases      ] GC(226) Forward 141.033ms
[86.176s][info][gc,phases,start] GC(226) Adjust Pointers
[86.483s][info][gc,phases      ] GC(226) Adjust Pointers 306.929ms
[86.483s][info][gc,phases,start] GC(226) Compaction Phase
[86.671s][info][gc,phases      ] GC(226) Compaction Phase 188.614ms
[86.683s][info][gc,phases,start] GC(226) Post Compact
[86.685s][info][gc,phases      ] GC(226) Post Compact 2.268ms
[86.685s][info][gc,heap        ] GC(226) PSYoungGen: 111616K(222720K)->0K(222720K) Eden: 111616K(111616K)->0K(111616K) From: 0K(111104K)->0K(111104K)
[86.685s][info][gc,heap        ] GC(226) ParOldGen: 667596K(667648K)->568723K(667648K)
[86.685s][info][gc,metaspace   ] GC(226) Metaspace: 17664K(17920K)->17664K(17920K) NonClass: 15030K(15168K)->15030K(15168K) Class: 2634K(2752K)->2634K(2752K)
[86.685s][info][gc             ] GC(226) Pause Full (Allocation Failure) 760M->555M(869M) 1047.271ms
[86.685s][info][gc,cpu         ] GC(226) User=2.00s Sys=0.00s Real=1.05s
[86.853s][info][gc,start       ] GC(227) Pause Young (Allocation Failure)
[86.860s][info][gc,heap        ] GC(227) PSYoungGen: 111616K(222720K)->2752K(222720K) Eden: 111616K(111616K)->0K(111616K) From: 0K(111104K)->2752K(111104K)
[86.860s][info][gc,heap        ] GC(227) ParOldGen: 568723K(667648K)->568723K(667648K)
[86.860s][info][gc,metaspace   ] GC(227) Metaspace: 17667K(17920K)->17667K(17920K) NonClass: 15033K(15168K)->15033K(15168K) Class: 2634K(2752K)->2634K(2752K)
[86.860s][info][gc             ] GC(227) Pause Young (Allocation Failure) 664M->558M(869M) 6.372ms
[86.860s][info][gc,cpu         ] GC(227) User=0.02s Sys=0.00s Real=0.00s
[86.995s][info][gc,start       ] GC(228) Pause Young (Allocation Failure)
[87.000s][info][gc,heap        ] GC(228) PSYoungGen: 114368K(222720K)->2752K(222720K) Eden: 111616K(111616K)->0K(111616K) From: 2752K(111104K)->2752K(111104K)
[87.000s][info][gc,heap        ] GC(228) ParOldGen: 568723K(667648K)->568723K(667648K)
[87.000s][info][gc,metaspace   ] GC(228) Metaspace: 17667K(17920K)->17667K(17920K) NonClass: 15033K(15168K)->15033K(15168K) Class: 2634K(2752K)->2634K(2752K)
[87.000s][info][gc             ] GC(228) Pause Young (Allocation Failure) 667M->558M(869M) 5.183ms
[87.000s][info][gc,cpu         ] GC(228) User=0.01s Sys=0.00s Real=0.00s
[87.074s][info][gc,start       ] GC(229) Pause Young (Allocation Failure)
[87.079s][info][gc,heap        ] GC(229) PSYoungGen: 114368K(222720K)->128K(222720K) Eden: 111616K(111616K)->0K(111616K) From: 2752K(111104K)->128K(111104K)
[87.079s][info][gc,heap        ] GC(229) ParOldGen: 568723K(667648K)->571451K(667648K)
[87.079s][info][gc,metaspace   ] GC(229) Metaspace: 17667K(17920K)->17667K(17920K) NonClass: 15033K(15168K)->15033K(15168K) Class: 2634K(2752K)->2634K(2752K)
[87.079s][info][gc             ] GC(229) Pause Young (Allocation Failure) 667M->558M(869M) 4.975ms
[87.079s][info][gc,cpu         ] GC(229) User=0.01s Sys=0.00s Real=0.00s
[87.207s][info][gc,start       ] GC(230) Pause Young (Allocation Failure)
[87.235s][info][gc,heap        ] GC(230) PSYoungGen: 111744K(222720K)->26192K(222720K) Eden: 111616K(111616K)->0K(111616K) From: 128K(111104K)->26192K(111104K)
[87.235s][info][gc,heap        ] GC(230) ParOldGen: 571451K(667648K)->571531K(667648K)
[87.235s][info][gc,metaspace   ] GC(230) Metaspace: 17678K(17920K)->17678K(17920K) NonClass: 15037K(15168K)->15037K(15168K) Class: 2640K(2752K)->2640K(2752K)
[87.235s][info][gc             ] GC(230) Pause Young (Allocation Failure) 667M->583M(869M) 28.211ms
[87.235s][info][gc,cpu         ] GC(230) User=0.06s Sys=0.00s Real=0.03s
[87.364s][info][gc,start       ] GC(231) Pause Young (Allocation Failure)
[87.393s][info][gc,heap        ] GC(231) PSYoungGen: 137808K(222720K)->2464K(114176K) Eden: 111616K(111616K)->0K(111616K) From: 26192K(111104K)->2464K(2560K)
[87.393s][info][gc,heap        ] GC(231) ParOldGen: 571531K(667648K)->597812K(667648K)
[87.393s][info][gc,metaspace   ] GC(231) Metaspace: 17678K(17920K)->17678K(17920K) NonClass: 15037K(15168K)->15037K(15168K) Class: 2640K(2752K)->2640K(2752K)
[87.393s][info][gc             ] GC(231) Pause Young (Allocation Failure) 692M->586M(763M) 29.348ms
[87.393s][info][gc,cpu         ] GC(231) User=0.06s Sys=0.00s Real=0.02s
[87.490s][info][gc,start       ] GC(232) Pause Young (Allocation Failure)
[87.495s][info][gc,heap        ] GC(232) PSYoungGen: 114080K(114176K)->2528K(219648K) Eden: 111616K(111616K)->0K(114688K) From: 2464K(2560K)->2528K(104960K)
[87.495s][info][gc,heap        ] GC(232) ParOldGen: 597812K(667648K)->597812K(667648K)
[87.495s][info][gc,metaspace   ] GC(232) Metaspace: 17678K(17920K)->17678K(17920K) NonClass: 15038K(15168K)->15038K(15168K) Class: 2640K(2752K)->2640K(2752K)
[87.495s][info][gc             ] GC(232) Pause Young (Allocation Failure) 695M->586M(866M) 4.923ms
[87.495s][info][gc,cpu         ] GC(232) User=0.01s Sys=0.00s Real=0.01s
[87.662s][info][gc,start       ] GC(233) Pause Young (Allocation Failure)
[87.667s][info][gc,heap        ] GC(233) PSYoungGen: 117216K(219648K)->2560K(117248K) Eden: 114688K(114688K)->0K(114688K) From: 2528K(104960K)->2560K(2560K)
[87.667s][info][gc,heap        ] GC(233) ParOldGen: 597812K(667648K)->597812K(667648K)
[87.667s][info][gc,metaspace   ] GC(233) Metaspace: 17681K(17920K)->17681K(17920K) NonClass: 15040K(15168K)->15040K(15168K) Class: 2640K(2752K)->2640K(2752K)
[87.667s][info][gc             ] GC(233) Pause Young (Allocation Failure) 698M->586M(766M) 4.504ms
[87.667s][info][gc,cpu         ] GC(233) User=0.01s Sys=0.00s Real=0.01s
[87.950s][info][gc,start       ] GC(234) Pause Young (Allocation Failure)
[87.955s][info][gc,heap        ] GC(234) PSYoungGen: 117248K(117248K)->2880K(209920K) Eden: 114688K(114688K)->0K(116736K) From: 2560K(2560K)->2880K(93184K)
[87.955s][info][gc,heap        ] GC(234) ParOldGen: 597812K(667648K)->597812K(667648K)
[87.955s][info][gc,metaspace   ] GC(234) Metaspace: 17701K(17920K)->17701K(17920K) NonClass: 15060K(15168K)->15060K(15168K) Class: 2640K(2752K)->2640K(2752K)
[87.955s][info][gc             ] GC(234) Pause Young (Allocation Failure) 698M->586M(857M) 5.282ms
[87.955s][info][gc,cpu         ] GC(234) User=0.00s Sys=0.00s Real=0.01s
[89.470s][info][gc,start       ] GC(235) Pause Young (Allocation Failure)
[89.476s][info][gc,heap        ] GC(235) PSYoungGen: 119616K(209920K)->3204K(120320K) Eden: 116736K(116736K)->0K(116736K) From: 2880K(93184K)->3204K(3584K)
[89.476s][info][gc,heap        ] GC(235) ParOldGen: 597812K(667648K)->597812K(667648K)
[89.476s][info][gc,metaspace   ] GC(235) Metaspace: 17702K(17920K)->17702K(17920K) NonClass: 15061K(15168K)->15061K(15168K) Class: 2640K(2752K)->2640K(2752K)
[89.476s][info][gc             ] GC(235) Pause Young (Allocation Failure) 700M->586M(769M) 5.658ms
[89.476s][info][gc,cpu         ] GC(235) User=0.01s Sys=0.00s Real=0.01s
[90.079s][info][gc,start       ] GC(236) Pause Young (Allocation Failure)
[90.086s][info][gc,heap        ] GC(236) PSYoungGen: 119940K(120320K)->3524K(202240K) Eden: 116736K(116736K)->0K(118272K) From: 3204K(3584K)->3524K(83968K)
[90.086s][info][gc,heap        ] GC(236) ParOldGen: 597812K(667648K)->597812K(667648K)
[90.086s][info][gc,metaspace   ] GC(236) Metaspace: 17706K(17920K)->17706K(17920K) NonClass: 15065K(15168K)->15065K(15168K) Class: 2640K(2752K)->2640K(2752K)
[90.086s][info][gc             ] GC(236) Pause Young (Allocation Failure) 700M->587M(849M) 6.793ms
[90.086s][info][gc,cpu         ] GC(236) User=0.01s Sys=0.00s Real=0.01s
[90.838s][info][gc,start       ] GC(237) Pause Young (Allocation Failure)
[90.846s][info][gc,heap        ] GC(237) PSYoungGen: 121796K(202240K)->4685K(123392K) Eden: 118272K(118272K)->0K(118272K) From: 3524K(83968K)->4685K(5120K)
[90.846s][info][gc,heap        ] GC(237) ParOldGen: 597812K(667648K)->597820K(667648K)
[90.846s][info][gc,metaspace   ] GC(237) Metaspace: 17837K(18048K)->17837K(18048K) NonClass: 15181K(15296K)->15181K(15296K) Class: 2656K(2752K)->2656K(2752K)
[90.846s][info][gc             ] GC(237) Pause Young (Allocation Failure) 702M->588M(772M) 7.878ms
[90.846s][info][gc,cpu         ] GC(237) User=0.01s Sys=0.00s Real=0.01s
[91.184s][info][gc,start       ] GC(238) Pause Young (Allocation Failure)
[91.196s][info][gc,heap        ] GC(238) PSYoungGen: 122868K(123392K)->5468K(194048K) Eden: 118183K(118272K)->0K(119296K) From: 4685K(5120K)->5468K(74752K)
[91.196s][info][gc,heap        ] GC(238) ParOldGen: 597820K(667648K)->597828K(667648K)
[91.196s][info][gc,metaspace   ] GC(238) Metaspace: 17914K(18112K)->17914K(18112K) NonClass: 15256K(15360K)->15256K(15360K) Class: 2658K(2752K)->2658K(2752K)
[91.196s][info][gc             ] GC(238) Pause Young (Allocation Failure) 703M->589M(841M) 11.411ms
[91.196s][info][gc,cpu         ] GC(238) User=0.02s Sys=0.00s Real=0.01s
[91.488s][info][gc,start       ] GC(239) Pause Young (Allocation Failure)
[91.495s][info][gc,heap        ] GC(239) PSYoungGen: 124764K(194048K)->5181K(124928K) Eden: 119296K(119296K)->0K(119296K) From: 5468K(74752K)->5181K(5632K)
[91.495s][info][gc,heap        ] GC(239) ParOldGen: 597828K(667648K)->597836K(667648K)
[91.495s][info][gc,metaspace   ] GC(239) Metaspace: 17937K(18112K)->17937K(18112K) NonClass: 15279K(15360K)->15279K(15360K) Class: 2658K(2752K)->2658K(2752K)
[91.495s][info][gc             ] GC(239) Pause Young (Allocation Failure) 705M->588M(774M) 7.708ms
[91.495s][info][gc,cpu         ] GC(239) User=0.01s Sys=0.00s Real=0.01s
[91.786s][info][gc,start       ] GC(240) Pause Young (Allocation Failure)
[91.794s][info][gc,heap        ] GC(240) PSYoungGen: 124477K(124928K)->5213K(186880K) Eden: 119296K(119296K)->0K(120320K) From: 5181K(5632K)->5213K(66560K)
[91.794s][info][gc,heap        ] GC(240) ParOldGen: 597836K(667648K)->597844K(667648K)
[91.794s][info][gc,metaspace   ] GC(240) Metaspace: 17978K(18176K)->17978K(18176K) NonClass: 15320K(15424K)->15320K(15424K) Class: 2658K(2752K)->2658K(2752K)
[91.794s][info][gc             ] GC(240) Pause Young (Allocation Failure) 705M->588M(834M) 7.896ms
[91.794s][info][gc,cpu         ] GC(240) User=0.02s Sys=0.00s Real=0.01s
[91.931s][info][gc,start       ] GC(241) Pause Young (Allocation Failure)
[91.979s][info][gc,heap        ] GC(241) PSYoungGen: 125533K(186880K)->53725K(190976K) Eden: 120320K(120320K)->0K(120320K) From: 5213K(66560K)->53725K(70656K)
[91.979s][info][gc,heap        ] GC(241) ParOldGen: 597844K(667648K)->597844K(667648K)
[91.979s][info][gc,metaspace   ] GC(241) Metaspace: 18011K(18240K)->18011K(18240K) NonClass: 15353K(15488K)->15353K(15488K) Class: 2658K(2752K)->2658K(2752K)
[91.979s][info][gc             ] GC(241) Pause Young (Allocation Failure) 706M->636M(838M) 48.143ms
[91.979s][info][gc,cpu         ] GC(241) User=0.10s Sys=0.00s Real=0.05s
[92.158s][info][gc,start       ] GC(242) Pause Young (Allocation Failure)
[92.247s][info][gc,heap        ] GC(242) PSYoungGen: 174045K(190976K)->79357K(175616K) Eden: 120320K(120320K)->0K(96256K) From: 53725K(70656K)->79357K(79360K)
[92.247s][info][gc,heap        ] GC(242) ParOldGen: 597844K(667648K)->624772K(667648K)
[92.247s][info][gc,metaspace   ] GC(242) Metaspace: 18105K(18304K)->18105K(18304K) NonClass: 15447K(15552K)->15447K(15552K) Class: 2658K(2752K)->2658K(2752K)
[92.247s][info][gc             ] GC(242) Pause Young (Allocation Failure) 753M->687M(823M) 89.039ms
[92.247s][info][gc,cpu         ] GC(242) User=0.16s Sys=0.01s Real=0.09s
[92.375s][info][gc,start       ] GC(243) Pause Young (Allocation Failure)
[92.463s][info][gc,heap        ] GC(243) PSYoungGen: 175613K(175616K)->99396K(202240K) Eden: 96256K(96256K)->0K(96256K) From: 79357K(79360K)->99396K(105984K)
[92.463s][info][gc,heap        ] GC(243) ParOldGen: 624772K(667648K)->627292K(667648K)
[92.463s][info][gc,metaspace   ] GC(243) Metaspace: 18105K(18304K)->18105K(18304K) NonClass: 15447K(15552K)->15447K(15552K) Class: 2658K(2752K)->2658K(2752K)
[92.463s][info][gc             ] GC(243) Pause Young (Allocation Failure) 781M->709M(849M) 87.983ms
[92.463s][info][gc,cpu         ] GC(243) User=0.17s Sys=0.00s Real=0.08s
[92.684s][info][gc,start       ] GC(244) Pause Young (Allocation Failure)
[92.798s][info][gc,heap        ] GC(244) PSYoungGen: 195652K(202240K)->111085K(211968K) Eden: 96256K(96256K)->0K(100864K) From: 99396K(105984K)->111085K(111104K)
[92.798s][info][gc,heap        ] GC(244) ParOldGen: 627292K(667648K)->645732K(667648K)
[92.798s][info][gc,metaspace   ] GC(244) Metaspace: 18107K(18304K)->18107K(18304K) NonClass: 15449K(15552K)->15449K(15552K) Class: 2658K(2752K)->2658K(2752K)
[92.798s][info][gc             ] GC(244) Pause Young (Allocation Failure) 803M->739M(859M) 113.761ms
[92.798s][info][gc,cpu         ] GC(244) User=0.21s Sys=0.02s Real=0.11s
[93.030s][info][gc,start       ] GC(245) Pause Full (Allocation Failure)
[93.030s][info][gc,phases,start] GC(245) Marking Phase
[93.192s][info][gc,phases      ] GC(245) Marking Phase 161.802ms
[93.192s][info][gc,phases,start] GC(245) Summary Phase
[93.192s][info][gc,phases      ] GC(245) Summary Phase 0.041ms
[93.192s][info][gc,phases,start] GC(245) Forward
[93.232s][info][gc,phases      ] GC(245) Forward 39.289ms
[93.232s][info][gc,phases,start] GC(245) Adjust Pointers
[93.324s][info][gc,phases      ] GC(245) Adjust Pointers 92.077ms
[93.324s][info][gc,phases,start] GC(245) Compaction Phase
[93.385s][info][gc,phases      ] GC(245) Compaction Phase 61.705ms
[93.388s][info][gc,phases,start] GC(245) Post Compact
[93.390s][info][gc,phases      ] GC(245) Post Compact 2.470ms
[93.403s][info][gc,heap        ] GC(245) PSYoungGen: 211949K(211968K)->0K(211968K) Eden: 100864K(100864K)->0K(100864K) From: 111085K(111104K)->0K(111104K)
[93.403s][info][gc,heap        ] GC(245) ParOldGen: 645732K(667648K)->218660K(495616K)
[93.403s][info][gc,metaspace   ] GC(245) Metaspace: 18148K(18368K)->18148K(18368K) NonClass: 15490K(15616K)->15490K(15616K) Class: 2658K(2752K)->2658K(2752K)
[93.403s][info][gc             ] GC(245) Pause Full (Allocation Failure) 837M->213M(691M) 373.028ms
[93.403s][info][gc,cpu         ] GC(245) User=0.69s Sys=0.01s Real=0.38s
[93.533s][info][gc,start       ] GC(246) Pause Young (Allocation Failure)
[93.570s][info][gc,heap        ] GC(246) PSYoungGen: 100864K(211968K)->25376K(216576K) Eden: 100864K(100864K)->0K(105984K) From: 0K(111104K)->25376K(110592K)
[93.570s][info][gc,heap        ] GC(246) ParOldGen: 218660K(495616K)->218660K(495616K)
[93.570s][info][gc,metaspace   ] GC(246) Metaspace: 18148K(18368K)->18148K(18368K) NonClass: 15490K(15616K)->15490K(15616K) Class: 2658K(2752K)->2658K(2752K)
[93.570s][info][gc             ] GC(246) Pause Young (Allocation Failure) 312M->238M(695M) 37.113ms
[93.570s][info][gc,cpu         ] GC(246) User=0.07s Sys=0.00s Real=0.04s
[93.707s][info][gc,start       ] GC(247) Pause Young (Allocation Failure)
[93.747s][info][gc,heap        ] GC(247) PSYoungGen: 131360K(216576K)->31840K(217088K) Eden: 105984K(105984K)->0K(105984K) From: 25376K(110592K)->31840K(111104K)
[93.747s][info][gc,heap        ] GC(247) ParOldGen: 218660K(495616K)->218660K(495616K)
[93.747s][info][gc,metaspace   ] GC(247) Metaspace: 18148K(18368K)->18148K(18368K) NonClass: 15490K(15616K)->15490K(15616K) Class: 2658K(2752K)->2658K(2752K)
[93.747s][info][gc             ] GC(247) Pause Young (Allocation Failure) 341M->244M(696M) 39.831ms
[93.747s][info][gc,cpu         ] GC(247) User=0.08s Sys=0.00s Real=0.04s
[93.858s][info][gc,start       ] GC(248) Pause Young (Allocation Failure)
[93.905s][info][gc,heap        ] GC(248) PSYoungGen: 137824K(217088K)->35584K(222208K) Eden: 105984K(105984K)->0K(111104K) From: 31840K(111104K)->35584K(111104K)
[93.905s][info][gc,heap        ] GC(248) ParOldGen: 218660K(495616K)->218660K(495616K)
[93.905s][info][gc,metaspace   ] GC(248) Metaspace: 18148K(18368K)->18148K(18368K) NonClass: 15490K(15616K)->15490K(15616K) Class: 2658K(2752K)->2658K(2752K)
[93.905s][info][gc             ] GC(248) Pause Young (Allocation Failure) 348M->248M(701M) 46.989ms
[93.905s][info][gc,cpu         ] GC(248) User=0.09s Sys=0.00s Real=0.05s
[94.068s][info][gc,start       ] GC(249) Pause Young (Allocation Failure)
[94.121s][info][gc,heap        ] GC(249) PSYoungGen: 146688K(222208K)->44704K(222208K) Eden: 111104K(111104K)->0K(111104K) From: 35584K(111104K)->44704K(111104K)
[94.121s][info][gc,heap        ] GC(249) ParOldGen: 218660K(495616K)->218668K(495616K)
[94.121s][info][gc,metaspace   ] GC(249) Metaspace: 18157K(18368K)->18157K(18368K) NonClass: 15499K(15616K)->15499K(15616K) Class: 2658K(2752K)->2658K(2752K)
[94.121s][info][gc             ] GC(249) Pause Young (Allocation Failure) 356M->257M(701M) 52.600ms
[94.121s][info][gc,cpu         ] GC(249) User=0.10s Sys=0.00s Real=0.05s
[94.251s][info][gc,start       ] GC(250) Pause Young (Allocation Failure)
[94.304s][info][gc,heap        ] GC(250) PSYoungGen: 155808K(222208K)->45024K(222720K) Eden: 111104K(111104K)->0K(111616K) From: 44704K(111104K)->45024K(111104K)
[94.304s][info][gc,heap        ] GC(250) ParOldGen: 218668K(495616K)->218668K(495616K)
[94.304s][info][gc,metaspace   ] GC(250) Metaspace: 18157K(18368K)->18157K(18368K) NonClass: 15499K(15616K)->15499K(15616K) Class: 2658K(2752K)->2658K(2752K)
[94.304s][info][gc             ] GC(250) Pause Young (Allocation Failure) 365M->257M(701M) 53.068ms
[94.304s][info][gc,cpu         ] GC(250) User=0.11s Sys=0.00s Real=0.06s
[94.399s][info][gc,start       ] GC(251) Pause Young (Allocation Failure)
[94.452s][info][gc,heap        ] GC(251) PSYoungGen: 156640K(222720K)->13248K(222720K) Eden: 111616K(111616K)->0K(111616K) From: 45024K(111104K)->13248K(111104K)
[94.452s][info][gc,heap        ] GC(251) ParOldGen: 218668K(495616K)->250556K(495616K)
[94.453s][info][gc,metaspace   ] GC(251) Metaspace: 18157K(18368K)->18157K(18368K) NonClass: 15499K(15616K)->15499K(15616K) Class: 2658K(2752K)->2658K(2752K)
[94.453s][info][gc             ] GC(251) Pause Young (Allocation Failure) 366M->257M(701M) 53.943ms
[94.453s][info][gc,cpu         ] GC(251) User=0.11s Sys=0.00s Real=0.05s
[94.540s][info][gc,start       ] GC(252) Pause Young (Allocation Failure)
[94.576s][info][gc,heap        ] GC(252) PSYoungGen: 124864K(222720K)->35520K(209408K) Eden: 111616K(111616K)->0K(111616K) From: 13248K(111104K)->35520K(97792K)
[94.576s][info][gc,heap        ] GC(252) ParOldGen: 250556K(495616K)->250556K(495616K)
[94.576s][info][gc,metaspace   ] GC(252) Metaspace: 18157K(18368K)->18157K(18368K) NonClass: 15499K(15616K)->15499K(15616K) Class: 2658K(2752K)->2658K(2752K)
[94.576s][info][gc             ] GC(252) Pause Young (Allocation Failure) 366M->279M(688M) 36.000ms
[94.576s][info][gc,cpu         ] GC(252) User=0.07s Sys=0.00s Real=0.04s
[94.642s][info][gc,start       ] GC(253) Pause Young (Allocation Failure)
[94.717s][info][gc,heap        ] GC(253) PSYoungGen: 147136K(209408K)->69536K(216064K) Eden: 111616K(111616K)->0K(111616K) From: 35520K(97792K)->69536K(104448K)
[94.717s][info][gc,heap        ] GC(253) ParOldGen: 250556K(495616K)->250556K(495616K)
[94.717s][info][gc,metaspace   ] GC(253) Metaspace: 18157K(18368K)->18157K(18368K) NonClass: 15499K(15616K)->15499K(15616K) Class: 2658K(2752K)->2658K(2752K)
[94.717s][info][gc             ] GC(253) Pause Young (Allocation Failure) 388M->312M(695M) 74.867ms
[94.717s][info][gc,cpu         ] GC(253) User=0.15s Sys=0.00s Real=0.08s
[94.871s][info][gc,start       ] GC(254) Pause Young (Allocation Failure)
[94.946s][info][gc,heap        ] GC(254) PSYoungGen: 181152K(216064K)->83875K(220672K) Eden: 111616K(111616K)->0K(111616K) From: 69536K(104448K)->83875K(109056K)
[94.946s][info][gc,heap        ] GC(254) ParOldGen: 250556K(495616K)->250556K(495616K)
[94.946s][info][gc,metaspace   ] GC(254) Metaspace: 18157K(18368K)->18157K(18368K) NonClass: 15499K(15616K)->15499K(15616K) Class: 2658K(2752K)->2658K(2752K)
[94.946s][info][gc             ] GC(254) Pause Young (Allocation Failure) 421M->326M(699M) 74.924ms
[94.946s][info][gc,cpu         ] GC(254) User=0.15s Sys=0.00s Real=0.08s
[95.042s][info][gc,start       ] GC(255) Pause Young (Allocation Failure)
[95.123s][info][gc,heap        ] GC(255) PSYoungGen: 195491K(220672K)->76275K(222720K) Eden: 111616K(111616K)->0K(111616K) From: 83875K(109056K)->76275K(111104K)
[95.123s][info][gc,heap        ] GC(255) ParOldGen: 250556K(495616K)->263441K(495616K)
[95.123s][info][gc,metaspace   ] GC(255) Metaspace: 18157K(18368K)->18157K(18368K) NonClass: 15499K(15616K)->15499K(15616K) Class: 2658K(2752K)->2658K(2752K)
[95.123s][info][gc             ] GC(255) Pause Young (Allocation Failure) 435M->331M(701M) 80.658ms
[95.123s][info][gc,cpu         ] GC(255) User=0.16s Sys=0.00s Real=0.08s
[95.184s][info][gc,start       ] GC(256) Pause Young (Allocation Failure)
[95.253s][info][gc,heap        ] GC(256) PSYoungGen: 187891K(222720K)->79251K(222720K) Eden: 111616K(111616K)->0K(111616K) From: 76275K(111104K)->79251K(111104K)
[95.253s][info][gc,heap        ] GC(256) ParOldGen: 263441K(495616K)->263809K(495616K)
[95.253s][info][gc,metaspace   ] GC(256) Metaspace: 18157K(18368K)->18157K(18368K) NonClass: 15499K(15616K)->15499K(15616K) Class: 2658K(2752K)->2658K(2752K)
[95.253s][info][gc             ] GC(256) Pause Young (Allocation Failure) 440M->335M(701M) 69.461ms
[95.253s][info][gc,cpu         ] GC(256) User=0.14s Sys=0.00s Real=0.06s
[95.357s][info][gc,start       ] GC(257) Pause Young (Allocation Failure)
[95.434s][info][gc,heap        ] GC(257) PSYoungGen: 190867K(222720K)->24643K(222720K) Eden: 111616K(111616K)->0K(111616K) From: 79251K(111104K)->24643K(111104K)
[95.434s][info][gc,heap        ] GC(257) ParOldGen: 263809K(495616K)->320447K(495616K)
[95.434s][info][gc,metaspace   ] GC(257) Metaspace: 18157K(18368K)->18157K(18368K) NonClass: 15499K(15616K)->15499K(15616K) Class: 2658K(2752K)->2658K(2752K)
[95.434s][info][gc             ] GC(257) Pause Young (Allocation Failure) 444M->337M(701M) 76.309ms
[95.434s][info][gc,cpu         ] GC(257) User=0.14s Sys=0.00s Real=0.08s
[95.846s][info][gc,start       ] GC(258) Pause Young (Allocation Failure)
[95.885s][info][gc,heap        ] GC(258) PSYoungGen: 136259K(222720K)->5728K(222720K) Eden: 111616K(111616K)->0K(111616K) From: 24643K(111104K)->5728K(111104K)
[95.885s][info][gc,heap        ] GC(258) ParOldGen: 320447K(495616K)->340131K(495616K)
[95.885s][info][gc,metaspace   ] GC(258) Metaspace: 18158K(18368K)->18158K(18368K) NonClass: 15500K(15616K)->15500K(15616K) Class: 2658K(2752K)->2658K(2752K)
[95.885s][info][gc             ] GC(258) Pause Young (Allocation Failure) 446M->337M(701M) 39.250ms
[95.885s][info][gc,cpu         ] GC(258) User=0.08s Sys=0.00s Real=0.04s
[96.203s][info][gc,start       ] GC(259) Pause Young (Allocation Failure)
[96.217s][info][gc,heap        ] GC(259) PSYoungGen: 117344K(222720K)->5344K(222720K) Eden: 111616K(111616K)->0K(111616K) From: 5728K(111104K)->5344K(111104K)
[96.217s][info][gc,heap        ] GC(259) ParOldGen: 340131K(495616K)->345147K(495616K)
[96.217s][info][gc,metaspace   ] GC(259) Metaspace: 18158K(18368K)->18158K(18368K) NonClass: 15500K(15616K)->15500K(15616K) Class: 2658K(2752K)->2658K(2752K)
[96.217s][info][gc             ] GC(259) Pause Young (Allocation Failure) 446M->342M(701M) 13.627ms
[96.217s][info][gc,cpu         ] GC(259) User=0.02s Sys=0.00s Real=0.01s
[96.347s][info][gc,start       ] GC(260) Pause Young (Allocation Failure)
[96.395s][info][gc,heap        ] GC(260) PSYoungGen: 116960K(222720K)->46112K(222720K) Eden: 111616K(111616K)->0K(111616K) From: 5344K(111104K)->46112K(111104K)
[96.395s][info][gc,heap        ] GC(260) ParOldGen: 345147K(495616K)->350431K(495616K)
[96.395s][info][gc,metaspace   ] GC(260) Metaspace: 18158K(18368K)->18158K(18368K) NonClass: 15500K(15616K)->15500K(15616K) Class: 2658K(2752K)->2658K(2752K)
[96.395s][info][gc             ] GC(260) Pause Young (Allocation Failure) 451M->387M(701M) 47.922ms
[96.395s][info][gc,cpu         ] GC(260) User=0.10s Sys=0.00s Real=0.05s
[96.577s][info][gc,start       ] GC(261) Pause Young (Allocation Failure)
[96.652s][info][gc,heap        ] GC(261) PSYoungGen: 157728K(222720K)->26272K(222720K) Eden: 111616K(111616K)->0K(111616K) From: 46112K(111104K)->26272K(111104K)
[96.652s][info][gc,heap        ] GC(261) ParOldGen: 350431K(495616K)->396754K(495616K)
[96.652s][info][gc,metaspace   ] GC(261) Metaspace: 18158K(18368K)->18158K(18368K) NonClass: 15500K(15616K)->15500K(15616K) Class: 2658K(2752K)->2658K(2752K)
[96.652s][info][gc             ] GC(261) Pause Young (Allocation Failure) 496M->413M(701M) 75.078ms
[96.652s][info][gc,cpu         ] GC(261) User=0.15s Sys=0.00s Real=0.07s
[96.752s][info][gc,start       ] GC(262) Pause Young (Allocation Failure)
[96.785s][info][gc,heap        ] GC(262) PSYoungGen: 137888K(222720K)->30400K(211456K) Eden: 111616K(111616K)->0K(111616K) From: 26272K(111104K)->30400K(99840K)
[96.785s][info][gc,heap        ] GC(262) ParOldGen: 396754K(495616K)->396754K(495616K)
[96.785s][info][gc,metaspace   ] GC(262) Metaspace: 18158K(18368K)->18158K(18368K) NonClass: 15500K(15616K)->15500K(15616K) Class: 2658K(2752K)->2658K(2752K)
[96.785s][info][gc             ] GC(262) Pause Young (Allocation Failure) 522M->417M(690M) 32.857ms
[96.785s][info][gc,cpu         ] GC(262) User=0.06s Sys=0.00s Real=0.04s
[96.907s][info][gc,start       ] GC(263) Pause Young (Allocation Failure)
[96.941s][info][gc,heap        ] GC(263) PSYoungGen: 142016K(211456K)->31168K(217088K) Eden: 111616K(111616K)->0K(111616K) From: 30400K(99840K)->31168K(105472K)
[96.941s][info][gc,heap        ] GC(263) ParOldGen: 396754K(495616K)->396754K(495616K)
[96.941s][info][gc,metaspace   ] GC(263) Metaspace: 18159K(18368K)->18159K(18368K) NonClass: 15501K(15616K)->15501K(15616K) Class: 2658K(2752K)->2658K(2752K)
[96.941s][info][gc             ] GC(263) Pause Young (Allocation Failure) 526M->417M(696M) 34.006ms
[96.941s][info][gc,cpu         ] GC(263) User=0.07s Sys=0.00s Real=0.03s
[97.109s][info][gc,start       ] GC(264) Pause Young (Allocation Failure)
[97.146s][info][gc,heap        ] GC(264) PSYoungGen: 142784K(217088K)->32448K(207360K) Eden: 111616K(111616K)->0K(117760K) From: 31168K(105472K)->32448K(89600K)
[97.146s][info][gc,heap        ] GC(264) ParOldGen: 396754K(495616K)->396754K(495616K)
[97.146s][info][gc,metaspace   ] GC(264) Metaspace: 18159K(18368K)->18159K(18368K) NonClass: 15501K(15616K)->15501K(15616K) Class: 2658K(2752K)->2658K(2752K)
[97.146s][info][gc             ] GC(264) Pause Young (Allocation Failure) 526M->419M(686M) 36.679ms
[97.146s][info][gc,cpu         ] GC(264) User=0.07s Sys=0.00s Real=0.04s
[97.461s][info][gc,start       ] GC(265) Pause Young (Allocation Failure)
[97.498s][info][gc,heap        ] GC(265) PSYoungGen: 150208K(207360K)->32576K(212992K) Eden: 117760K(117760K)->0K(117760K) From: 32448K(89600K)->32576K(95232K)
[97.498s][info][gc,heap        ] GC(265) ParOldGen: 396754K(495616K)->396754K(495616K)
[97.498s][info][gc,metaspace   ] GC(265) Metaspace: 18159K(18368K)->18159K(18368K) NonClass: 15501K(15616K)->15501K(15616K) Class: 2658K(2752K)->2658K(2752K)
[97.498s][info][gc             ] GC(265) Pause Young (Allocation Failure) 534M->419M(692M) 37.162ms
[97.498s][info][gc,cpu         ] GC(265) User=0.07s Sys=0.00s Real=0.04s
[97.718s][info][gc,start       ] GC(266) Pause Young (Allocation Failure)
[97.805s][info][gc,heap        ] GC(266) PSYoungGen: 150336K(212992K)->83296K(201728K) Eden: 117760K(117760K)->0K(111616K) From: 32576K(95232K)->83296K(90112K)
[97.805s][info][gc,heap        ] GC(266) ParOldGen: 396754K(495616K)->396754K(495616K)
[97.805s][info][gc,metaspace   ] GC(266) Metaspace: 18159K(18368K)->18159K(18368K) NonClass: 15501K(15616K)->15501K(15616K) Class: 2658K(2752K)->2658K(2752K)
[97.805s][info][gc             ] GC(266) Pause Young (Allocation Failure) 534M->468M(681M) 87.042ms
[97.805s][info][gc,cpu         ] GC(266) User=0.17s Sys=0.00s Real=0.09s
[97.926s][info][gc,start       ] GC(267) Pause Young (Allocation Failure)
[98.084s][info][gc,heap        ] GC(267) PSYoungGen: 194912K(201728K)->101888K(213504K) Eden: 111616K(111616K)->0K(111616K) From: 83296K(90112K)->101888K(101888K)
[98.084s][info][gc,heap        ] GC(267) ParOldGen: 396754K(495616K)->453130K(495616K)
[98.084s][info][gc,metaspace   ] GC(267) Metaspace: 18159K(18368K)->18159K(18368K) NonClass: 15501K(15616K)->15501K(15616K) Class: 2658K(2752K)->2658K(2752K)
[98.084s][info][gc             ] GC(267) Pause Young (Allocation Failure) 577M->542M(692M) 157.317ms
[98.084s][info][gc,cpu         ] GC(267) User=0.31s Sys=0.00s Real=0.16s
[98.222s][info][gc,start       ] GC(268) Pause Young (Allocation Failure)
[98.366s][info][gc,heap        ] GC(268) PSYoungGen: 213504K(213504K)->111103K(222720K) Eden: 111616K(111616K)->0K(111616K) From: 101888K(101888K)->111103K(111104K)
[98.366s][info][gc,heap        ] GC(268) ParOldGen: 453130K(495616K)->478818K(495616K)
[98.366s][info][gc,metaspace   ] GC(268) Metaspace: 18159K(18368K)->18159K(18368K) NonClass: 15501K(15616K)->15501K(15616K) Class: 2658K(2752K)->2658K(2752K)
[98.366s][info][gc             ] GC(268) Pause Young (Allocation Failure) 651M->576M(701M) 143.309ms
[98.366s][info][gc,cpu         ] GC(268) User=0.27s Sys=0.02s Real=0.15s
[98.471s][info][gc,start       ] GC(269) Pause Young (Allocation Failure)
[98.588s][info][gc,heap        ] GC(269) PSYoungGen: 222719K(222720K)->111080K(222720K) Eden: 111616K(111616K)->0K(111616K) From: 111103K(111104K)->111080K(111104K)
[98.588s][info][gc,heap        ] GC(269) ParOldGen: 478818K(495616K)->496062K(496128K)
[98.588s][info][gc,metaspace   ] GC(269) Metaspace: 18162K(18368K)->18162K(18368K) NonClass: 15504K(15616K)->15504K(15616K) Class: 2658K(2752K)->2658K(2752K)
[98.588s][info][gc             ] GC(269) Pause Young (Allocation Failure) 685M->592M(702M) 116.867ms
[98.588s][info][gc,cpu         ] GC(269) User=0.23s Sys=0.00s Real=0.12s
[98.678s][info][gc,start       ] GC(270) Pause Young (Allocation Failure)
[98.797s][info][gc,heap        ] GC(270) PSYoungGen: 222696K(222720K)->99800K(222720K) Eden: 111616K(111616K)->0K(111616K) From: 111080K(111104K)->99800K(111104K)
[98.797s][info][gc,heap        ] GC(270) ParOldGen: 496062K(496128K)->515606K(516096K)
[98.797s][info][gc,metaspace   ] GC(270) Metaspace: 18162K(18368K)->18162K(18368K) NonClass: 15504K(15616K)->15504K(15616K) Class: 2658K(2752K)->2658K(2752K)
[98.797s][info][gc             ] GC(270) Pause Young (Allocation Failure) 701M->600M(721M) 118.773ms
[98.797s][info][gc,cpu         ] GC(270) User=0.22s Sys=0.02s Real=0.12s
[98.893s][info][gc,start       ] GC(271) Pause Young (Allocation Failure)
[99.034s][info][gc,heap        ] GC(271) PSYoungGen: 211416K(222720K)->31529K(222720K) Eden: 111616K(111616K)->0K(111616K) From: 99800K(111104K)->31529K(111104K)
[99.034s][info][gc,heap        ] GC(271) ParOldGen: 515606K(516096K)->598927K(599040K)
[99.034s][info][gc,metaspace   ] GC(271) Metaspace: 18163K(18368K)->18163K(18368K) NonClass: 15505K(15616K)->15505K(15616K) Class: 2658K(2752K)->2658K(2752K)
[99.034s][info][gc             ] GC(271) Pause Young (Allocation Failure) 709M->615M(802M) 140.895ms
[99.034s][info][gc,cpu         ] GC(271) User=0.23s Sys=0.05s Real=0.15s
[99.126s][info][gc,start       ] GC(272) Pause Full (Allocation Failure)
[99.126s][info][gc,phases,start] GC(272) Marking Phase
[99.210s][info][gc,phases      ] GC(272) Marking Phase 83.337ms
[99.210s][info][gc,phases,start] GC(272) Summary Phase
[99.210s][info][gc,phases      ] GC(272) Summary Phase 0.028ms
[99.210s][info][gc,phases,start] GC(272) Forward
[99.239s][info][gc,phases      ] GC(272) Forward 29.568ms
[99.239s][info][gc,phases,start] GC(272) Adjust Pointers
[99.300s][info][gc,phases      ] GC(272) Adjust Pointers 60.220ms
[99.300s][info][gc,phases,start] GC(272) Compaction Phase
[99.334s][info][gc,phases      ] GC(272) Compaction Phase 34.489ms
[99.337s][info][gc,phases,start] GC(272) Post Compact
[99.339s][info][gc,phases      ] GC(272) Post Compact 2.207ms
[99.349s][info][gc,heap        ] GC(272) PSYoungGen: 143145K(222720K)->0K(222720K) Eden: 111616K(111616K)->0K(111616K) From: 31529K(111104K)->0K(111104K)
[99.349s][info][gc,heap        ] GC(272) ParOldGen: 598927K(599040K)->139483K(458752K)
[99.349s][info][gc,metaspace   ] GC(272) Metaspace: 18163K(18368K)->18163K(18368K) NonClass: 15505K(15616K)->15505K(15616K) Class: 2658K(2752K)->2658K(2752K)
[99.349s][info][gc             ] GC(272) Pause Full (Allocation Failure) 724M->136M(665M) 223.111ms
[99.349s][info][gc,cpu         ] GC(272) User=0.38s Sys=0.01s Real=0.22s
[99.455s][info][gc,start       ] GC(273) Pause Young (Allocation Failure)
[99.474s][info][gc,heap        ] GC(273) PSYoungGen: 111616K(222720K)->25888K(222720K) Eden: 111616K(111616K)->0K(111616K) From: 0K(111104K)->25888K(111104K)
[99.474s][info][gc,heap        ] GC(273) ParOldGen: 139483K(458752K)->139483K(458752K)
[99.474s][info][gc,metaspace   ] GC(273) Metaspace: 18168K(18368K)->18168K(18368K) NonClass: 15510K(15616K)->15510K(15616K) Class: 2658K(2752K)->2658K(2752K)
[99.474s][info][gc             ] GC(273) Pause Young (Allocation Failure) 245M->161M(665M) 19.254ms
[99.474s][info][gc,cpu         ] GC(273) User=0.04s Sys=0.00s Real=0.02s
[99.640s][info][gc,start       ] GC(274) Pause Young (Allocation Failure)
[99.665s][info][gc,heap        ] GC(274) PSYoungGen: 137504K(222720K)->2656K(222720K) Eden: 111616K(111616K)->0K(111616K) From: 25888K(111104K)->2656K(111104K)
[99.665s][info][gc,heap        ] GC(274) ParOldGen: 139483K(458752K)->165619K(458752K)
[99.665s][info][gc,metaspace   ] GC(274) Metaspace: 18168K(18368K)->18168K(18368K) NonClass: 15510K(15616K)->15510K(15616K) Class: 2658K(2752K)->2658K(2752K)
[99.665s][info][gc             ] GC(274) Pause Young (Allocation Failure) 270M->164M(665M) 24.398ms
[99.665s][info][gc,cpu         ] GC(274) User=0.05s Sys=0.00s Real=0.03s
[99.824s][info][gc,start       ] GC(275) Pause Young (Allocation Failure)
[99.859s][info][gc,heap        ] GC(275) PSYoungGen: 114272K(222720K)->16321K(222720K) Eden: 111616K(111616K)->0K(111616K) From: 2656K(111104K)->16321K(111104K)
[99.859s][info][gc,heap        ] GC(275) ParOldGen: 165619K(458752K)->168267K(458752K)
[99.859s][info][gc,metaspace   ] GC(275) Metaspace: 18168K(18368K)->18168K(18368K) NonClass: 15510K(15616K)->15510K(15616K) Class: 2658K(2752K)->2658K(2752K)
[99.859s][info][gc             ] GC(275) Pause Young (Allocation Failure) 273M->180M(665M) 35.501ms
[99.859s][info][gc,cpu         ] GC(275) User=0.07s Sys=0.00s Real=0.03s
[99.987s][info][gc,start       ] GC(276) Pause Young (Allocation Failure)
[100.051s][info][gc,heap        ] GC(276) PSYoungGen: 127937K(222720K)->40192K(222720K) Eden: 111616K(111616K)->0K(111616K) From: 16321K(111104K)->40192K(111104K)
[100.051s][info][gc,heap        ] GC(276) ParOldGen: 168267K(458752K)->184584K(458752K)
[100.051s][info][gc,metaspace   ] GC(276) Metaspace: 18168K(18368K)->18168K(18368K) NonClass: 15510K(15616K)->15510K(15616K) Class: 2658K(2752K)->2658K(2752K)
[100.051s][info][gc             ] GC(276) Pause Young (Allocation Failure) 289M->219M(665M) 63.893ms
[100.051s][info][gc,cpu         ] GC(276) User=0.12s Sys=0.00s Real=0.06s
[100.129s][info][gc,start       ] GC(277) Pause Young (Allocation Failure)
[100.204s][info][gc,heap        ] GC(277) PSYoungGen: 151808K(222720K)->41936K(222720K) Eden: 111616K(111616K)->0K(111616K) From: 40192K(111104K)->41936K(111104K)
[100.204s][info][gc,heap        ] GC(277) ParOldGen: 184584K(458752K)->224888K(458752K)
[100.204s][info][gc,metaspace   ] GC(277) Metaspace: 18168K(18368K)->18168K(18368K) NonClass: 15510K(15616K)->15510K(15616K) Class: 2658K(2752K)->2658K(2752K)
[100.204s][info][gc             ] GC(277) Pause Young (Allocation Failure) 328M->260M(665M) 74.686ms
[100.204s][info][gc,cpu         ] GC(277) User=0.15s Sys=0.00s Real=0.08s
[100.258s][info][gc,start       ] GC(278) Pause Young (Allocation Failure)
[100.327s][info][gc,heap        ] GC(278) PSYoungGen: 153552K(222720K)->43360K(222720K) Eden: 111616K(111616K)->0K(111616K) From: 41936K(111104K)->43360K(111104K)
[100.327s][info][gc,heap        ] GC(278) ParOldGen: 224888K(458752K)->267000K(458752K)
[100.327s][info][gc,metaspace   ] GC(278) Metaspace: 18168K(18368K)->18168K(18368K) NonClass: 15510K(15616K)->15510K(15616K) Class: 2658K(2752K)->2658K(2752K)
[100.327s][info][gc             ] GC(278) Pause Young (Allocation Failure) 369M->303M(665M) 69.595ms
[100.327s][info][gc,cpu         ] GC(278) User=0.14s Sys=0.00s Real=0.07s
[100.421s][info][gc,start       ] GC(279) Pause Young (Allocation Failure)
[100.471s][info][gc,heap        ] GC(279) PSYoungGen: 154976K(222720K)->24064K(222720K) Eden: 111616K(111616K)->0K(111616K) From: 43360K(111104K)->24064K(111104K)
[100.471s][info][gc,heap        ] GC(279) ParOldGen: 267000K(458752K)->310816K(458752K)
[100.471s][info][gc,metaspace   ] GC(279) Metaspace: 18168K(18368K)->18168K(18368K) NonClass: 15510K(15616K)->15510K(15616K) Class: 2658K(2752K)->2658K(2752K)
[100.471s][info][gc             ] GC(279) Pause Young (Allocation Failure) 412M->327M(665M) 49.973ms
[100.471s][info][gc,cpu         ] GC(279) User=0.09s Sys=0.00s Real=0.05s
[100.554s][info][gc,start       ] GC(280) Pause Young (Allocation Failure)
[100.578s][info][gc,heap        ] GC(280) PSYoungGen: 135680K(222720K)->2240K(222720K) Eden: 111616K(111616K)->0K(111616K) From: 24064K(111104K)->2240K(111104K)
[100.578s][info][gc,heap        ] GC(280) ParOldGen: 310816K(458752K)->335112K(458752K)
[100.578s][info][gc,metaspace   ] GC(280) Metaspace: 18168K(18368K)->18168K(18368K) NonClass: 15510K(15616K)->15510K(15616K) Class: 2658K(2752K)->2658K(2752K)
[100.578s][info][gc             ] GC(280) Pause Young (Allocation Failure) 436M->329M(665M) 23.924ms
[100.578s][info][gc,cpu         ] GC(280) User=0.05s Sys=0.00s Real=0.02s
[100.645s][info][gc,start       ] GC(281) Pause Young (Allocation Failure)
[100.655s][info][gc,heap        ] GC(281) PSYoungGen: 113856K(222720K)->1632K(222720K) Eden: 111616K(111616K)->0K(111616K) From: 2240K(111104K)->1632K(111104K)
[100.655s][info][gc,heap        ] GC(281) ParOldGen: 335112K(458752K)->337336K(458752K)
[100.655s][info][gc,metaspace   ] GC(281) Metaspace: 18168K(18368K)->18168K(18368K) NonClass: 15510K(15616K)->15510K(15616K) Class: 2658K(2752K)->2658K(2752K)
[100.655s][info][gc             ] GC(281) Pause Young (Allocation Failure) 438M->331M(665M) 9.848ms
[100.655s][info][gc,cpu         ] GC(281) User=0.02s Sys=0.00s Real=0.01s
[100.764s][info][gc,start       ] GC(282) Pause Young (Allocation Failure)
[100.794s][info][gc,heap        ] GC(282) PSYoungGen: 113248K(222720K)->12993K(222720K) Eden: 111616K(111616K)->0K(111616K) From: 1632K(111104K)->12993K(111104K)
[100.794s][info][gc,heap        ] GC(282) ParOldGen: 337336K(458752K)->338944K(458752K)
[100.794s][info][gc,metaspace   ] GC(282) Metaspace: 18175K(18368K)->18175K(18368K) NonClass: 15517K(15616K)->15517K(15616K) Class: 2658K(2752K)->2658K(2752K)
[100.794s][info][gc             ] GC(282) Pause Young (Allocation Failure) 440M->343M(665M) 30.659ms
[100.794s][info][gc,cpu         ] GC(282) User=0.06s Sys=0.00s Real=0.03s
[100.907s][info][gc,start       ] GC(283) Pause Young (Allocation Failure)
[100.951s][info][gc,heap        ] GC(283) PSYoungGen: 124609K(222720K)->17856K(222720K) Eden: 111616K(111616K)->0K(111616K) From: 12993K(111104K)->17856K(111104K)
[100.951s][info][gc,heap        ] GC(283) ParOldGen: 338944K(458752K)->351397K(458752K)
[100.951s][info][gc,metaspace   ] GC(283) Metaspace: 18175K(18368K)->18175K(18368K) NonClass: 15517K(15616K)->15517K(15616K) Class: 2658K(2752K)->2658K(2752K)
[100.951s][info][gc             ] GC(283) Pause Young (Allocation Failure) 452M->360M(665M) 43.573ms
[100.951s][info][gc,cpu         ] GC(283) User=0.08s Sys=0.00s Real=0.04s
[101.068s][info][gc,start       ] GC(284) Pause Young (Allocation Failure)
[101.114s][info][gc,heap        ] GC(284) PSYoungGen: 129472K(222720K)->23392K(222720K) Eden: 111616K(111616K)->0K(111616K) From: 17856K(111104K)->23392K(111104K)
[101.114s][info][gc,heap        ] GC(284) ParOldGen: 351397K(458752K)->369237K(458752K)
[101.114s][info][gc,metaspace   ] GC(284) Metaspace: 18179K(18368K)->18179K(18368K) NonClass: 15521K(15616K)->15521K(15616K) Class: 2658K(2752K)->2658K(2752K)
[101.114s][info][gc             ] GC(284) Pause Young (Allocation Failure) 469M->383M(665M) 45.328ms
[101.114s][info][gc,cpu         ] GC(284) User=0.09s Sys=0.00s Real=0.05s
[101.301s][info][gc,start       ] GC(285) Pause Young (Allocation Failure)
[101.344s][info][gc,heap        ] GC(285) PSYoungGen: 135008K(222720K)->16640K(128512K) Eden: 111616K(111616K)->0K(111616K) From: 23392K(111104K)->16640K(16896K)
[101.344s][info][gc,heap        ] GC(285) ParOldGen: 369237K(458752K)->392658K(458752K)
[101.344s][info][gc,metaspace   ] GC(285) Metaspace: 18180K(18368K)->18180K(18368K) NonClass: 15522K(15616K)->15522K(15616K) Class: 2658K(2752K)->2658K(2752K)
[101.344s][info][gc             ] GC(285) Pause Young (Allocation Failure) 492M->399M(573M) 42.246ms
[101.344s][info][gc,cpu         ] GC(285) User=0.09s Sys=0.00s Real=0.05s
[101.447s][info][gc,start       ] GC(286) Pause Young (Allocation Failure)
[101.469s][info][gc,heap        ] GC(286) PSYoungGen: 128256K(128512K)->20864K(221696K) Eden: 111616K(111616K)->0K(117760K) From: 16640K(16896K)->20864K(103936K)
[101.469s][info][gc,heap        ] GC(286) ParOldGen: 392658K(458752K)->392658K(458752K)
[101.469s][info][gc,metaspace   ] GC(286) Metaspace: 18180K(18368K)->18180K(18368K) NonClass: 15522K(15616K)->15522K(15616K) Class: 2658K(2752K)->2658K(2752K)
[101.470s][info][gc             ] GC(286) Pause Young (Allocation Failure) 508M->403M(664M) 22.162ms
[101.470s][info][gc,cpu         ] GC(286) User=0.04s Sys=0.00s Real=0.02s
[101.626s][info][gc,start       ] GC(287) Pause Young (Allocation Failure)
[101.653s][info][gc,heap        ] GC(287) PSYoungGen: 138624K(221696K)->24064K(220672K) Eden: 117760K(117760K)->0K(117760K) From: 20864K(103936K)->24064K(102912K)
[101.653s][info][gc,heap        ] GC(287) ParOldGen: 392658K(458752K)->392658K(458752K)
[101.653s][info][gc,metaspace   ] GC(287) Metaspace: 18183K(18368K)->18183K(18368K) NonClass: 15525K(15616K)->15525K(15616K) Class: 2658K(2752K)->2658K(2752K)
[101.653s][info][gc             ] GC(287) Pause Young (Allocation Failure) 518M->406M(663M) 27.495ms
[101.653s][info][gc,cpu         ] GC(287) User=0.06s Sys=0.00s Real=0.02s
[101.794s][info][gc,start       ] GC(288) Pause Young (Allocation Failure)
[101.822s][info][gc,heap        ] GC(288) PSYoungGen: 141824K(220672K)->26112K(210432K) Eden: 117760K(117760K)->0K(124928K) From: 24064K(102912K)->26112K(85504K)
[101.822s][info][gc,heap        ] GC(288) ParOldGen: 392658K(458752K)->392658K(458752K)
[101.822s][info][gc,metaspace   ] GC(288) Metaspace: 18186K(18368K)->18186K(18368K) NonClass: 15528K(15616K)->15528K(15616K) Class: 2658K(2752K)->2658K(2752K)
[101.822s][info][gc             ] GC(288) Pause Young (Allocation Failure) 521M->408M(653M) 28.446ms
[101.822s][info][gc,cpu         ] GC(288) User=0.06s Sys=0.00s Real=0.02s
[101.980s][info][gc,start       ] GC(289) Pause Young (Allocation Failure)
[102.025s][info][gc,heap        ] GC(289) PSYoungGen: 151040K(210432K)->45408K(216064K) Eden: 124928K(124928K)->0K(124928K) From: 26112K(85504K)->45408K(91136K)
[102.025s][info][gc,heap        ] GC(289) ParOldGen: 392658K(458752K)->392658K(458752K)
[102.025s][info][gc,metaspace   ] GC(289) Metaspace: 18186K(18368K)->18186K(18368K) NonClass: 15528K(15616K)->15528K(15616K) Class: 2658K(2752K)->2658K(2752K)
[102.026s][info][gc             ] GC(289) Pause Young (Allocation Failure) 530M->427M(659M) 45.250ms
[102.026s][info][gc,cpu         ] GC(289) User=0.09s Sys=0.00s Real=0.05s
[102.409s][info][gc,start       ] GC(290) Pause Young (Allocation Failure)
[102.452s][info][gc,heap        ] GC(290) PSYoungGen: 170336K(216064K)->45472K(220160K) Eden: 124928K(124928K)->0K(131584K) From: 45408K(91136K)->45472K(88576K)
[102.453s][info][gc,heap        ] GC(290) ParOldGen: 392658K(458752K)->392666K(458752K)
[102.453s][info][gc,metaspace   ] GC(290) Metaspace: 18197K(18368K)->18197K(18368K) NonClass: 15539K(15616K)->15539K(15616K) Class: 2658K(2752K)->2658K(2752K)
[102.453s][info][gc             ] GC(290) Pause Young (Allocation Failure) 549M->427M(663M) 43.600ms
[102.453s][info][gc,cpu         ] GC(290) User=0.09s Sys=0.00s Real=0.04s
[102.790s][info][gc,start       ] GC(291) Pause Young (Allocation Failure)
[102.835s][info][gc,heap        ] GC(291) PSYoungGen: 177056K(220160K)->45536K(221696K) Eden: 131584K(131584K)->0K(131584K) From: 45472K(88576K)->45536K(90112K)
[102.835s][info][gc,heap        ] GC(291) ParOldGen: 392666K(458752K)->392666K(458752K)
[102.835s][info][gc,metaspace   ] GC(291) Metaspace: 18197K(18368K)->18197K(18368K) NonClass: 15539K(15616K)->15539K(15616K) Class: 2658K(2752K)->2658K(2752K)
[102.835s][info][gc             ] GC(291) Pause Young (Allocation Failure) 556M->427M(664M) 44.757ms
[102.835s][info][gc,cpu         ] GC(291) User=0.09s Sys=0.01s Real=0.05s
[103.126s][info][gc,start       ] GC(292) Pause Young (Allocation Failure)
[103.178s][info][gc,heap        ] GC(292) PSYoungGen: 177120K(221696K)->45536K(225280K) Eden: 131584K(131584K)->0K(138240K) From: 45536K(90112K)->45536K(87040K)
[103.178s][info][gc,heap        ] GC(292) ParOldGen: 392666K(458752K)->392666K(458752K)
[103.178s][info][gc,metaspace   ] GC(292) Metaspace: 18200K(18368K)->18200K(18368K) NonClass: 15542K(15616K)->15542K(15616K) Class: 2658K(2752K)->2658K(2752K)
[103.178s][info][gc             ] GC(292) Pause Young (Allocation Failure) 556M->427M(668M) 52.342ms
[103.178s][info][gc,cpu         ] GC(292) User=0.10s Sys=0.00s Real=0.05s
[103.459s][info][gc,start       ] GC(293) Pause Young (Allocation Failure)
[103.507s][info][gc,heap        ] GC(293) PSYoungGen: 183776K(225280K)->50208K(226304K) Eden: 138240K(138240K)->0K(138240K) From: 45536K(87040K)->50208K(88064K)
[103.507s][info][gc,heap        ] GC(293) ParOldGen: 392666K(458752K)->392666K(458752K)
[103.507s][info][gc,metaspace   ] GC(293) Metaspace: 18203K(18368K)->18203K(18368K) NonClass: 15545K(15616K)->15545K(15616K) Class: 2658K(2752K)->2658K(2752K)
[103.507s][info][gc             ] GC(293) Pause Young (Allocation Failure) 562M->432M(669M) 48.033ms
[103.507s][info][gc,cpu         ] GC(293) User=0.09s Sys=0.00s Real=0.05s
[103.588s][info][gc,start       ] GC(294) Pause Young (Allocation Failure)
[103.678s][info][gc,heap        ] GC(294) PSYoungGen: 188448K(226304K)->88038K(208896K) Eden: 138240K(138240K)->0K(120832K) From: 50208K(88064K)->88038K(88064K)
[103.678s][info][gc,heap        ] GC(294) ParOldGen: 392666K(458752K)->404122K(458752K)
[103.678s][info][gc,metaspace   ] GC(294) Metaspace: 18203K(18368K)->18203K(18368K) NonClass: 15545K(15616K)->15545K(15616K) Class: 2658K(2752K)->2658K(2752K)
[103.678s][info][gc             ] GC(294) Pause Young (Allocation Failure) 567M->480M(652M) 89.616ms
[103.678s][info][gc,cpu         ] GC(294) User=0.17s Sys=0.00s Real=0.09s
[103.850s][info][gc,start       ] GC(295) Pause Young (Allocation Failure)
[103.940s][info][gc,heap        ] GC(295) PSYoungGen: 208870K(208896K)->88278K(209408K) Eden: 120832K(120832K)->0K(120832K) From: 88038K(88064K)->88278K(88576K)
[103.940s][info][gc,heap        ] GC(295) ParOldGen: 404122K(458752K)->425002K(458752K)
[103.940s][info][gc,metaspace   ] GC(295) Metaspace: 18203K(18368K)->18203K(18368K) NonClass: 15545K(15616K)->15545K(15616K) Class: 2658K(2752K)->2658K(2752K)
[103.940s][info][gc             ] GC(295) Pause Young (Allocation Failure) 598M->501M(652M) 90.219ms
[103.940s][info][gc,cpu         ] GC(295) User=0.18s Sys=0.00s Real=0.09s
[104.064s][info][gc,start       ] GC(296) Pause Young (Allocation Failure)
[104.143s][info][gc,heap        ] GC(296) PSYoungGen: 209110K(209408K)->85366K(222720K) Eden: 120832K(120832K)->0K(111616K) From: 88278K(88576K)->85366K(111104K)
[104.143s][info][gc,heap        ] GC(296) ParOldGen: 425002K(458752K)->430290K(458752K)
[104.143s][info][gc,metaspace   ] GC(296) Metaspace: 18203K(18368K)->18203K(18368K) NonClass: 15545K(15616K)->15545K(15616K) Class: 2658K(2752K)->2658K(2752K)
[104.143s][info][gc             ] GC(296) Pause Young (Allocation Failure) 619M->503M(665M) 79.037ms
[104.143s][info][gc,cpu         ] GC(296) User=0.16s Sys=0.00s Real=0.08s
[104.322s][info][gc,start       ] GC(297) Pause Young (Allocation Failure)
[104.422s][info][gc,heap        ] GC(297) PSYoungGen: 196982K(222720K)->87555K(222720K) Eden: 111616K(111616K)->0K(111616K) From: 85366K(111104K)->87555K(111104K)
[104.422s][info][gc,heap        ] GC(297) ParOldGen: 430290K(458752K)->449656K(458752K)
[104.422s][info][gc,metaspace   ] GC(297) Metaspace: 18203K(18368K)->18203K(18368K) NonClass: 15545K(15616K)->15545K(15616K) Class: 2658K(2752K)->2658K(2752K)
[104.422s][info][gc             ] GC(297) Pause Young (Allocation Failure) 612M->524M(665M) 99.513ms
[104.422s][info][gc,cpu         ] GC(297) User=0.20s Sys=0.00s Real=0.10s
[104.540s][info][gc,start       ] GC(298) Pause Young (Allocation Failure)
[104.644s][info][gc,heap        ] GC(298) PSYoungGen: 199171K(222720K)->109107K(222720K) Eden: 111616K(111616K)->0K(111616K) From: 87555K(111104K)->109107K(111104K)
[104.644s][info][gc,heap        ] GC(298) ParOldGen: 449656K(458752K)->449752K(458752K)
[104.644s][info][gc,metaspace   ] GC(298) Metaspace: 18207K(18368K)->18207K(18368K) NonClass: 15549K(15616K)->15549K(15616K) Class: 2658K(2752K)->2658K(2752K)
[104.644s][info][gc             ] GC(298) Pause Young (Allocation Failure) 633M->545M(665M) 104.461ms
[104.644s][info][gc,cpu         ] GC(298) User=0.21s Sys=0.01s Real=0.11s
[104.731s][info][gc,start       ] GC(299) Pause Young (Allocation Failure)
[104.867s][info][gc,heap        ] GC(299) PSYoungGen: 220723K(222720K)->89644K(222720K) Eden: 111616K(111616K)->0K(111616K) From: 109107K(111104K)->89644K(111104K)
[104.867s][info][gc,heap        ] GC(299) ParOldGen: 449752K(458752K)->492730K(493056K)
[104.867s][info][gc,metaspace   ] GC(299) Metaspace: 18207K(18368K)->18207K(18368K) NonClass: 15549K(15616K)->15549K(15616K) Class: 2658K(2752K)->2658K(2752K)
[104.867s][info][gc             ] GC(299) Pause Young (Allocation Failure) 654M->568M(699M) 135.815ms
[104.867s][info][gc,cpu         ] GC(299) User=0.24s Sys=0.02s Real=0.14s
[104.966s][info][gc,start       ] GC(300) Pause Young (Allocation Failure)
[105.089s][info][gc,heap        ] GC(300) PSYoungGen: 201260K(222720K)->95916K(222720K) Eden: 111616K(111616K)->0K(111616K) From: 89644K(111104K)->95916K(111104K)
[105.089s][info][gc,heap        ] GC(300) ParOldGen: 492730K(493056K)->516330K(516608K)
[105.089s][info][gc,metaspace   ] GC(300) Metaspace: 18207K(18368K)->18207K(18368K) NonClass: 15549K(15616K)->15549K(15616K) Class: 2658K(2752K)->2658K(2752K)
[105.089s][info][gc             ] GC(300) Pause Young (Allocation Failure) 677M->597M(722M) 123.170ms
[105.089s][info][gc,cpu         ] GC(300) User=0.23s Sys=0.02s Real=0.12s
[105.153s][info][gc,start       ] GC(301) Pause Young (Allocation Failure)
[105.264s][info][gc,heap        ] GC(301) PSYoungGen: 207532K(222720K)->56192K(222720K) Eden: 111616K(111616K)->0K(111616K) From: 95916K(111104K)->56192K(111104K)
[105.264s][info][gc,heap        ] GC(301) ParOldGen: 516330K(516608K)->559568K(559616K)
[105.264s][info][gc,metaspace   ] GC(301) Metaspace: 18207K(18368K)->18207K(18368K) NonClass: 15549K(15616K)->15549K(15616K) Class: 2658K(2752K)->2658K(2752K)
[105.264s][info][gc             ] GC(301) Pause Young (Allocation Failure) 706M->601M(764M) 111.234ms
[105.264s][info][gc,cpu         ] GC(301) User=0.20s Sys=0.02s Real=0.12s
[105.313s][info][gc,start       ] GC(302) Pause Young (Allocation Failure)
[105.384s][info][gc,heap        ] GC(302) PSYoungGen: 167808K(222720K)->4576K(222720K) Eden: 111616K(111616K)->0K(111616K) From: 56192K(111104K)->4576K(111104K)
[105.384s][info][gc,heap        ] GC(302) ParOldGen: 559568K(559616K)->612696K(612864K)
[105.384s][info][gc,metaspace   ] GC(302) Metaspace: 18207K(18368K)->18207K(18368K) NonClass: 15549K(15616K)->15549K(15616K) Class: 2658K(2752K)->2658K(2752K)
[105.384s][info][gc             ] GC(302) Pause Young (Allocation Failure) 710M->602M(816M) 71.091ms
[105.384s][info][gc,cpu         ] GC(302) User=0.10s Sys=0.03s Real=0.08s
[105.479s][info][gc,start       ] GC(303) Pause Full (Allocation Failure)
[105.479s][info][gc,phases,start] GC(303) Marking Phase
[105.727s][info][gc,phases      ] GC(303) Marking Phase 247.874ms
[105.727s][info][gc,phases,start] GC(303) Summary Phase
[105.727s][info][gc,phases      ] GC(303) Summary Phase 0.027ms
[105.727s][info][gc,phases,start] GC(303) Forward
[105.808s][info][gc,phases      ] GC(303) Forward 81.458ms
[105.809s][info][gc,phases,start] GC(303) Adjust Pointers
[106.001s][info][gc,phases      ] GC(303) Adjust Pointers 192.298ms
[106.001s][info][gc,phases,start] GC(303) Compaction Phase
[106.112s][info][gc,phases      ] GC(303) Compaction Phase 111.301ms
[106.120s][info][gc,phases,start] GC(303) Post Compact
[106.122s][info][gc,phases      ] GC(303) Post Compact 2.182ms
[106.123s][info][gc,heap        ] GC(303) PSYoungGen: 116192K(222720K)->0K(222720K) Eden: 111616K(111616K)->0K(111616K) From: 4576K(111104K)->0K(111104K)
[106.123s][info][gc,heap        ] GC(303) ParOldGen: 612696K(612864K)->359141K(667648K)
[106.123s][info][gc,metaspace   ] GC(303) Metaspace: 18207K(18368K)->18207K(18368K) NonClass: 15549K(15616K)->15549K(15616K) Class: 2658K(2752K)->2658K(2752K)
[106.123s][info][gc             ] GC(303) Pause Full (Allocation Failure) 711M->350M(869M) 643.569ms
[106.123s][info][gc,cpu         ] GC(303) User=1.23s Sys=0.01s Real=0.64s
[106.203s][info][gc,start       ] GC(304) Pause Young (Allocation Failure)
[106.219s][info][gc,heap        ] GC(304) PSYoungGen: 111616K(222720K)->10848K(222720K) Eden: 111616K(111616K)->0K(111616K) From: 0K(111104K)->10848K(111104K)
[106.219s][info][gc,heap        ] GC(304) ParOldGen: 359141K(667648K)->359141K(667648K)
[106.219s][info][gc,metaspace   ] GC(304) Metaspace: 18207K(18368K)->18207K(18368K) NonClass: 15549K(15616K)->15549K(15616K) Class: 2658K(2752K)->2658K(2752K)
[106.219s][info][gc             ] GC(304) Pause Young (Allocation Failure) 459M->361M(869M) 15.528ms
[106.219s][info][gc,cpu         ] GC(304) User=0.03s Sys=0.00s Real=0.01s
[106.295s][info][gc,start       ] GC(305) Pause Young (Allocation Failure)
[106.316s][info][gc,heap        ] GC(305) PSYoungGen: 122464K(222720K)->7712K(222720K) Eden: 111616K(111616K)->0K(111616K) From: 10848K(111104K)->7712K(111104K)
[106.316s][info][gc,heap        ] GC(305) ParOldGen: 359141K(667648K)->370005K(667648K)
[106.316s][info][gc,metaspace   ] GC(305) Metaspace: 18215K(18432K)->18215K(18432K) NonClass: 15557K(15680K)->15557K(15680K) Class: 2658K(2752K)->2658K(2752K)
[106.316s][info][gc             ] GC(305) Pause Young (Allocation Failure) 470M->368M(869M) 21.224ms
[106.316s][info][gc,cpu         ] GC(305) User=0.04s Sys=0.00s Real=0.02s
[106.399s][info][gc,start       ] GC(306) Pause Young (Allocation Failure)
[106.412s][info][gc,heap        ] GC(306) PSYoungGen: 119328K(222720K)->1568K(222720K) Eden: 111616K(111616K)->0K(111616K) From: 7712K(111104K)->1568K(111104K)
[106.412s][info][gc,heap        ] GC(306) ParOldGen: 370005K(667648K)->377725K(667648K)
[106.412s][info][gc,metaspace   ] GC(306) Metaspace: 18219K(18432K)->18219K(18432K) NonClass: 15561K(15680K)->15561K(15680K) Class: 2658K(2752K)->2658K(2752K)
[106.412s][info][gc             ] GC(306) Pause Young (Allocation Failure) 477M->370M(869M) 12.950ms
[106.412s][info][gc,cpu         ] GC(306) User=0.03s Sys=0.00s Real=0.01s
[106.512s][info][gc,start       ] GC(307) Pause Young (Allocation Failure)
[106.530s][info][gc,heap        ] GC(307) PSYoungGen: 113184K(222720K)->15424K(222720K) Eden: 111616K(111616K)->0K(111616K) From: 1568K(111104K)->15424K(111104K)
[106.530s][info][gc,heap        ] GC(307) ParOldGen: 377725K(667648K)->379261K(667648K)
[106.530s][info][gc,metaspace   ] GC(307) Metaspace: 18223K(18432K)->18223K(18432K) NonClass: 15565K(15680K)->15565K(15680K) Class: 2658K(2752K)->2658K(2752K)
[106.530s][info][gc             ] GC(307) Pause Young (Allocation Failure) 479M->385M(869M) 18.152ms
[106.530s][info][gc,cpu         ] GC(307) User=0.03s Sys=0.00s Real=0.02s
[106.681s][info][gc,start       ] GC(308) Pause Young (Allocation Failure)
[106.713s][info][gc,heap        ] GC(308) PSYoungGen: 127040K(222720K)->14656K(222720K) Eden: 111616K(111616K)->0K(111616K) From: 15424K(111104K)->14656K(111104K)
[106.713s][info][gc,heap        ] GC(308) ParOldGen: 379261K(667648K)->394683K(667648K)
[106.713s][info][gc,metaspace   ] GC(308) Metaspace: 18224K(18432K)->18224K(18432K) NonClass: 15566K(15680K)->15566K(15680K) Class: 2658K(2752K)->2658K(2752K)
[106.713s][info][gc             ] GC(308) Pause Young (Allocation Failure) 494M->399M(869M) 31.649ms
[106.713s][info][gc,cpu         ] GC(308) User=0.06s Sys=0.00s Real=0.03s
[106.983s][info][gc,start       ] GC(309) Pause Young (Allocation Failure)
[107.006s][info][gc,heap        ] GC(309) PSYoungGen: 126272K(222720K)->3296K(222720K) Eden: 111616K(111616K)->0K(111616K) From: 14656K(111104K)->3296K(111104K)
[107.006s][info][gc,heap        ] GC(309) ParOldGen: 394683K(667648K)->409328K(667648K)
[107.006s][info][gc,metaspace   ] GC(309) Metaspace: 18228K(18432K)->18228K(18432K) NonClass: 15570K(15680K)->15570K(15680K) Class: 2658K(2752K)->2658K(2752K)
[107.006s][info][gc             ] GC(309) Pause Young (Allocation Failure) 508M->402M(869M) 22.538ms
[107.006s][info][gc,cpu         ] GC(309) User=0.04s Sys=0.00s Real=0.02s
[107.145s][info][gc,start       ] GC(310) Pause Young (Allocation Failure)
[107.162s][info][gc,heap        ] GC(310) PSYoungGen: 114912K(222720K)->15296K(222720K) Eden: 111616K(111616K)->0K(111616K) From: 3296K(111104K)->15296K(111104K)
[107.162s][info][gc,heap        ] GC(310) ParOldGen: 409328K(667648K)->412608K(667648K)
[107.162s][info][gc,metaspace   ] GC(310) Metaspace: 18230K(18432K)->18230K(18432K) NonClass: 15572K(15680K)->15572K(15680K) Class: 2658K(2752K)->2658K(2752K)
[107.162s][info][gc             ] GC(310) Pause Young (Allocation Failure) 511M->417M(869M) 17.754ms
[107.162s][info][gc,cpu         ] GC(310) User=0.03s Sys=0.00s Real=0.01s
[107.318s][info][gc,start       ] GC(311) Pause Young (Allocation Failure)
[107.341s][info][gc,heap        ] GC(311) PSYoungGen: 126912K(222720K)->4704K(222720K) Eden: 111616K(111616K)->0K(111616K) From: 15296K(111104K)->4704K(111104K)
[107.341s][info][gc,heap        ] GC(311) ParOldGen: 412608K(667648K)->427901K(667648K)
[107.341s][info][gc,metaspace   ] GC(311) Metaspace: 18231K(18432K)->18231K(18432K) NonClass: 15573K(15680K)->15573K(15680K) Class: 2658K(2752K)->2658K(2752K)
[107.341s][info][gc             ] GC(311) Pause Young (Allocation Failure) 526M->422M(869M) 22.515ms
[107.341s][info][gc,cpu         ] GC(311) User=0.05s Sys=0.00s Real=0.02s
[107.413s][info][gc,start       ] GC(312) Pause Young (Allocation Failure)
[107.448s][info][gc,heap        ] GC(312) PSYoungGen: 116320K(222720K)->42032K(222720K) Eden: 111616K(111616K)->0K(111616K) From: 4704K(111104K)->42032K(111104K)
[107.448s][info][gc,heap        ] GC(312) ParOldGen: 427901K(667648K)->432589K(667648K)
[107.448s][info][gc,metaspace   ] GC(312) Metaspace: 18231K(18432K)->18231K(18432K) NonClass: 15573K(15680K)->15573K(15680K) Class: 2658K(2752K)->2658K(2752K)
[107.448s][info][gc             ] GC(312) Pause Young (Allocation Failure) 531M->463M(869M) 35.343ms
[107.448s][info][gc,cpu         ] GC(312) User=0.07s Sys=0.00s Real=0.04s
[107.627s][info][gc,start       ] GC(313) Pause Young (Allocation Failure)
[107.674s][info][gc,heap        ] GC(313) PSYoungGen: 153648K(222720K)->31136K(142848K) Eden: 111616K(111616K)->0K(111616K) From: 42032K(111104K)->31136K(31232K)
[107.674s][info][gc,heap        ] GC(313) ParOldGen: 432589K(667648K)->475109K(667648K)
[107.674s][info][gc,metaspace   ] GC(313) Metaspace: 18233K(18432K)->18233K(18432K) NonClass: 15575K(15680K)->15575K(15680K) Class: 2658K(2752K)->2658K(2752K)
[107.674s][info][gc             ] GC(313) Pause Young (Allocation Failure) 572M->494M(791M) 46.932ms
[107.674s][info][gc,cpu         ] GC(313) User=0.09s Sys=0.00s Real=0.05s
[107.802s][info][gc,start       ] GC(314) Pause Young (Allocation Failure)
[107.836s][info][gc,heap        ] GC(314) PSYoungGen: 142752K(142848K)->34032K(220160K) Eden: 111616K(111616K)->0K(118272K) From: 31136K(31232K)->34032K(101888K)
[107.836s][info][gc,heap        ] GC(314) ParOldGen: 475109K(667648K)->475109K(667648K)
[107.836s][info][gc,metaspace   ] GC(314) Metaspace: 18233K(18432K)->18233K(18432K) NonClass: 15575K(15680K)->15575K(15680K) Class: 2658K(2752K)->2658K(2752K)
[107.836s][info][gc             ] GC(314) Pause Young (Allocation Failure) 603M->497M(867M) 33.720ms
[107.836s][info][gc,cpu         ] GC(314) User=0.07s Sys=0.00s Real=0.04s
[108.003s][info][gc,start       ] GC(315) Pause Young (Allocation Failure)
[108.070s][info][gc,heap        ] GC(315) PSYoungGen: 152304K(220160K)->66159K(218624K) Eden: 118272K(118272K)->0K(118272K) From: 34032K(101888K)->66159K(100352K)
[108.070s][info][gc,heap        ] GC(315) ParOldGen: 475109K(667648K)->475109K(667648K)
[108.070s][info][gc,metaspace   ] GC(315) Metaspace: 18233K(18432K)->18233K(18432K) NonClass: 15575K(15680K)->15575K(15680K) Class: 2658K(2752K)->2658K(2752K)
[108.070s][info][gc             ] GC(315) Pause Young (Allocation Failure) 612M->528M(865M) 67.462ms
[108.070s][info][gc,cpu         ] GC(315) User=0.14s Sys=0.00s Real=0.07s
[108.211s][info][gc,start       ] GC(316) Pause Young (Allocation Failure)
[108.299s][info][gc,heap        ] GC(316) PSYoungGen: 184431K(218624K)->86575K(217600K) Eden: 118272K(118272K)->0K(111616K) From: 66159K(100352K)->86575K(105984K)
[108.299s][info][gc,heap        ] GC(316) ParOldGen: 475109K(667648K)->475109K(667648K)
[108.299s][info][gc,metaspace   ] GC(316) Metaspace: 18233K(18432K)->18233K(18432K) NonClass: 15575K(15680K)->15575K(15680K) Class: 2658K(2752K)->2658K(2752K)
[108.299s][info][gc             ] GC(316) Pause Young (Allocation Failure) 644M->548M(864M) 87.680ms
[108.299s][info][gc,cpu         ] GC(316) User=0.18s Sys=0.00s Real=0.09s
[108.388s][info][gc,start       ] GC(317) Pause Young (Allocation Failure)
[108.480s][info][gc,heap        ] GC(317) PSYoungGen: 198191K(217600K)->56552K(222720K) Eden: 111616K(111616K)->0K(111616K) From: 86575K(105984K)->56552K(111104K)
[108.480s][info][gc,heap        ] GC(317) ParOldGen: 475109K(667648K)->509381K(667648K)
[108.480s][info][gc,metaspace   ] GC(317) Metaspace: 18233K(18432K)->18233K(18432K) NonClass: 15575K(15680K)->15575K(15680K) Class: 2658K(2752K)->2658K(2752K)
[108.480s][info][gc             ] GC(317) Pause Young (Allocation Failure) 657M->552M(869M) 92.110ms
[108.480s][info][gc,cpu         ] GC(317) User=0.19s Sys=0.00s Real=0.09s
[108.602s][info][gc,start       ] GC(318) Pause Young (Allocation Failure)
[108.668s][info][gc,heap        ] GC(318) PSYoungGen: 168168K(222720K)->4672K(222720K) Eden: 111616K(111616K)->0K(111616K) From: 56552K(111104K)->4672K(111104K)
[108.668s][info][gc,heap        ] GC(318) ParOldGen: 509381K(667648K)->562052K(667648K)
[108.668s][info][gc,metaspace   ] GC(318) Metaspace: 18233K(18432K)->18233K(18432K) NonClass: 15575K(15680K)->15575K(15680K) Class: 2658K(2752K)->2658K(2752K)
[108.668s][info][gc             ] GC(318) Pause Young (Allocation Failure) 661M->553M(869M) 66.276ms
[108.668s][info][gc,cpu         ] GC(318) User=0.13s Sys=0.00s Real=0.07s
[108.788s][info][gc,start       ] GC(319) Pause Young (Allocation Failure)
[108.803s][info][gc,heap        ] GC(319) PSYoungGen: 116288K(222720K)->3904K(222720K) Eden: 111616K(111616K)->0K(111616K) From: 4672K(111104K)->3904K(111104K)
[108.803s][info][gc,heap        ] GC(319) ParOldGen: 562052K(667648K)->566740K(667648K)
[108.803s][info][gc,metaspace   ] GC(319) Metaspace: 18233K(18432K)->18233K(18432K) NonClass: 15575K(15680K)->15575K(15680K) Class: 2658K(2752K)->2658K(2752K)
[108.803s][info][gc             ] GC(319) Pause Young (Allocation Failure) 662M->557M(869M) 15.657ms
[108.803s][info][gc,cpu         ] GC(319) User=0.03s Sys=0.00s Real=0.02s
[108.946s][info][gc,start       ] GC(320) Pause Young (Allocation Failure)
[108.961s][info][gc,heap        ] GC(320) PSYoungGen: 115520K(222720K)->9152K(220672K) Eden: 111616K(111616K)->0K(111616K) From: 3904K(111104K)->9152K(109056K)
[108.961s][info][gc,heap        ] GC(320) ParOldGen: 566740K(667648K)->570620K(667648K)
[108.961s][info][gc,metaspace   ] GC(320) Metaspace: 18233K(18432K)->18233K(18432K) NonClass: 15575K(15680K)->15575K(15680K) Class: 2658K(2752K)->2658K(2752K)
[108.961s][info][gc             ] GC(320) Pause Young (Allocation Failure) 666M->566M(867M) 15.513ms
[108.961s][info][gc,cpu         ] GC(320) User=0.03s Sys=0.00s Real=0.01s
[109.133s][info][gc,start       ] GC(321) Pause Young (Allocation Failure)
[109.169s][info][gc,heap        ] GC(321) PSYoungGen: 120768K(220672K)->26672K(138752K) Eden: 111616K(111616K)->0K(111616K) From: 9152K(109056K)->26672K(27136K)
[109.169s][info][gc,heap        ] GC(321) ParOldGen: 570620K(667648K)->570620K(667648K)
[109.169s][info][gc,metaspace   ] GC(321) Metaspace: 18233K(18432K)->18233K(18432K) NonClass: 15575K(15680K)->15575K(15680K) Class: 2658K(2752K)->2658K(2752K)
[109.169s][info][gc             ] GC(321) Pause Young (Allocation Failure) 675M->583M(787M) 35.837ms
[109.169s][info][gc,cpu         ] GC(321) User=0.08s Sys=0.00s Real=0.04s
[109.452s][info][gc,start       ] GC(322) Pause Young (Allocation Failure)
[109.487s][info][gc,heap        ] GC(322) PSYoungGen: 138288K(138752K)->33202K(214016K) Eden: 111616K(111616K)->0K(119296K) From: 26672K(27136K)->33202K(94720K)
[109.487s][info][gc,heap        ] GC(322) ParOldGen: 570620K(667648K)->570620K(667648K)
[109.487s][info][gc,metaspace   ] GC(322) Metaspace: 18233K(18432K)->18233K(18432K) NonClass: 15575K(15680K)->15575K(15680K) Class: 2658K(2752K)->2658K(2752K)
[109.487s][info][gc             ] GC(322) Pause Young (Allocation Failure) 692M->589M(861M) 34.560ms
[109.487s][info][gc,cpu         ] GC(322) User=0.06s Sys=0.01s Real=0.04s
[109.566s][info][gc,start       ] GC(323) Pause Young (Allocation Failure)
[109.632s][info][gc,heap        ] GC(323) PSYoungGen: 152498K(214016K)->80178K(216064K) Eden: 119296K(119296K)->0K(119296K) From: 33202K(94720K)->80178K(96768K)
[109.632s][info][gc,heap        ] GC(323) ParOldGen: 570620K(667648K)->570620K(667648K)
[109.632s][info][gc,metaspace   ] GC(323) Metaspace: 18233K(18432K)->18233K(18432K) NonClass: 15575K(15680K)->15575K(15680K) Class: 2658K(2752K)->2658K(2752K)
[109.632s][info][gc             ] GC(323) Pause Young (Allocation Failure) 706M->635M(863M) 65.539ms
[109.632s][info][gc,cpu         ] GC(323) User=0.13s Sys=0.00s Real=0.06s
[109.836s][info][gc,start       ] GC(324) Pause Young (Allocation Failure)
[109.922s][info][gc,heap        ] GC(324) PSYoungGen: 199474K(216064K)->104978K(219648K) Eden: 119296K(119296K)->0K(111616K) From: 80178K(96768K)->104978K(108032K)
[109.922s][info][gc,heap        ] GC(324) ParOldGen: 570620K(667648K)->570620K(667648K)
[109.922s][info][gc,metaspace   ] GC(324) Metaspace: 18236K(18432K)->18236K(18432K) NonClass: 15577K(15680K)->15577K(15680K) Class: 2658K(2752K)->2658K(2752K)
[109.922s][info][gc             ] GC(324) Pause Young (Allocation Failure) 752M->659M(866M) 86.413ms
[109.922s][info][gc,cpu         ] GC(324) User=0.15s Sys=0.02s Real=0.08s
[110.045s][info][gc,start       ] GC(325) Pause Young (Allocation Failure)
[110.122s][info][gc,heap        ] GC(325) PSYoungGen: 216594K(219648K)->81010K(222720K) Eden: 111616K(111616K)->0K(111616K) From: 104978K(108032K)->81010K(111104K)
[110.122s][info][gc,heap        ] GC(325) ParOldGen: 570620K(667648K)->597332K(667648K)
[110.122s][info][gc,metaspace   ] GC(325) Metaspace: 18236K(18432K)->18236K(18432K) NonClass: 15577K(15680K)->15577K(15680K) Class: 2658K(2752K)->2658K(2752K)
[110.122s][info][gc             ] GC(325) Pause Young (Allocation Failure) 768M->662M(869M) 77.008ms
[110.122s][info][gc,cpu         ] GC(325) User=0.15s Sys=0.00s Real=0.07s
[110.294s][info][gc,start       ] GC(326) Pause Young (Allocation Failure)
[110.409s][info][gc,heap        ] GC(326) PSYoungGen: 192626K(222720K)->59504K(222720K) Eden: 111616K(111616K)->0K(111616K) From: 81010K(111104K)->59504K(111104K)
[110.409s][info][gc,heap        ] GC(326) ParOldGen: 597332K(667648K)->651465K(667648K)
[110.409s][info][gc,metaspace   ] GC(326) Metaspace: 18236K(18432K)->18236K(18432K) NonClass: 15577K(15680K)->15577K(15680K) Class: 2658K(2752K)->2658K(2752K)
[110.409s][info][gc             ] GC(326) Pause Young (Allocation Failure) 771M->694M(869M) 115.029ms
[110.409s][info][gc,cpu         ] GC(326) User=0.21s Sys=0.02s Real=0.11s
[110.539s][info][gc,start       ] GC(327) Pause Full (Allocation Failure)
[110.539s][info][gc,phases,start] GC(327) Marking Phase
[110.898s][info][gc,phases      ] GC(327) Marking Phase 358.730ms
[110.898s][info][gc,phases,start] GC(327) Summary Phase
[110.898s][info][gc,phases      ] GC(327) Summary Phase 0.028ms
[110.898s][info][gc,phases,start] GC(327) Forward
[111.035s][info][gc,phases      ] GC(327) Forward 137.289ms
[111.036s][info][gc,phases,start] GC(327) Adjust Pointers
[111.316s][info][gc,phases      ] GC(327) Adjust Pointers 280.822ms
[111.316s][info][gc,phases,start] GC(327) Compaction Phase
[111.490s][info][gc,phases      ] GC(327) Compaction Phase 174.012ms
[111.501s][info][gc,phases,start] GC(327) Post Compact
[111.503s][info][gc,phases      ] GC(327) Post Compact 2.416ms
[111.503s][info][gc,heap        ] GC(327) PSYoungGen: 171120K(222720K)->0K(222720K) Eden: 111616K(111616K)->0K(111616K) From: 59504K(111104K)->0K(111104K)
[111.503s][info][gc,heap        ] GC(327) ParOldGen: 651465K(667648K)->515813K(667648K)
[111.503s][info][gc,metaspace   ] GC(327) Metaspace: 18236K(18432K)->18236K(18432K) NonClass: 15577K(15680K)->15577K(15680K) Class: 2658K(2752K)->2658K(2752K)
[111.504s][info][gc             ] GC(327) Pause Full (Allocation Failure) 803M->503M(869M) 964.257ms
[111.504s][info][gc,cpu         ] GC(327) User=1.82s Sys=0.00s Real=0.97s
[111.604s][info][gc,start       ] GC(328) Pause Young (Allocation Failure)
[111.611s][info][gc,heap        ] GC(328) PSYoungGen: 111616K(222720K)->3968K(222720K) Eden: 111616K(111616K)->0K(111616K) From: 0K(111104K)->3968K(111104K)
[111.611s][info][gc,heap        ] GC(328) ParOldGen: 515813K(667648K)->515813K(667648K)
[111.611s][info][gc,metaspace   ] GC(328) Metaspace: 18236K(18432K)->18236K(18432K) NonClass: 15577K(15680K)->15577K(15680K) Class: 2658K(2752K)->2658K(2752K)
[111.611s][info][gc             ] GC(328) Pause Young (Allocation Failure) 612M->507M(869M) 7.082ms
[111.611s][info][gc,cpu         ] GC(328) User=0.02s Sys=0.00s Real=0.00s
[111.726s][info][gc,start       ] GC(329) Pause Young (Allocation Failure)
[111.735s][info][gc,heap        ] GC(329) PSYoungGen: 115584K(222720K)->608K(222720K) Eden: 111616K(111616K)->0K(111616K) From: 3968K(111104K)->608K(111104K)
[111.735s][info][gc,heap        ] GC(329) ParOldGen: 515813K(667648K)->519781K(667648K)
[111.735s][info][gc,metaspace   ] GC(329) Metaspace: 18236K(18432K)->18236K(18432K) NonClass: 15577K(15680K)->15577K(15680K) Class: 2658K(2752K)->2658K(2752K)
[111.736s][info][gc             ] GC(329) Pause Young (Allocation Failure) 616M->508M(869M) 9.992ms
[111.736s][info][gc,cpu         ] GC(329) User=0.02s Sys=0.00s Real=0.01s
[111.858s][info][gc,start       ] GC(330) Pause Young (Allocation Failure)
[111.868s][info][gc,heap        ] GC(330) PSYoungGen: 112224K(222720K)->4064K(222720K) Eden: 111616K(111616K)->0K(111616K) From: 608K(111104K)->4064K(111104K)
[111.868s][info][gc,heap        ] GC(330) ParOldGen: 519781K(667648K)->520357K(667648K)
[111.868s][info][gc,metaspace   ] GC(330) Metaspace: 18236K(18432K)->18236K(18432K) NonClass: 15578K(15680K)->15578K(15680K) Class: 2658K(2752K)->2658K(2752K)
[111.868s][info][gc             ] GC(330) Pause Young (Allocation Failure) 617M->512M(869M) 10.478ms
[111.868s][info][gc,cpu         ] GC(330) User=0.02s Sys=0.00s Real=0.01s
[112.008s][info][gc,start       ] GC(331) Pause Young (Allocation Failure)
[112.023s][info][gc,heap        ] GC(331) PSYoungGen: 115680K(222720K)->9152K(222720K) Eden: 111616K(111616K)->0K(111616K) From: 4064K(111104K)->9152K(111104K)
[112.023s][info][gc,heap        ] GC(331) ParOldGen: 520357K(667648K)->524389K(667648K)
[112.023s][info][gc,metaspace   ] GC(331) Metaspace: 18236K(18432K)->18236K(18432K) NonClass: 15578K(15680K)->15578K(15680K) Class: 2658K(2752K)->2658K(2752K)
[112.023s][info][gc             ] GC(331) Pause Young (Allocation Failure) 621M->521M(869M) 15.176ms
[112.023s][info][gc,cpu         ] GC(331) User=0.03s Sys=0.00s Real=0.01s
[112.189s][info][gc,start       ] GC(332) Pause Young (Allocation Failure)
[112.213s][info][gc,heap        ] GC(332) PSYoungGen: 120768K(222720K)->13328K(222720K) Eden: 111616K(111616K)->0K(111616K) From: 9152K(111104K)->13328K(111104K)
[112.213s][info][gc,heap        ] GC(332) ParOldGen: 524389K(667648K)->533541K(667648K)
[112.213s][info][gc,metaspace   ] GC(332) Metaspace: 18236K(18432K)->18236K(18432K) NonClass: 15578K(15680K)->15578K(15680K) Class: 2658K(2752K)->2658K(2752K)
[112.213s][info][gc             ] GC(332) Pause Young (Allocation Failure) 630M->534M(869M) 23.960ms
[112.213s][info][gc,cpu         ] GC(332) User=0.05s Sys=0.00s Real=0.02s
[112.482s][info][gc,start       ] GC(333) Pause Young (Allocation Failure)
[112.502s][info][gc,heap        ] GC(333) PSYoungGen: 124944K(222720K)->4256K(222720K) Eden: 111616K(111616K)->0K(111616K) From: 13328K(111104K)->4256K(111104K)
[112.503s][info][gc,heap        ] GC(333) ParOldGen: 533541K(667648K)->546894K(667648K)
[112.503s][info][gc,metaspace   ] GC(333) Metaspace: 18236K(18432K)->18236K(18432K) NonClass: 15578K(15680K)->15578K(15680K) Class: 2658K(2752K)->2658K(2752K)
[112.503s][info][gc             ] GC(333) Pause Young (Allocation Failure) 643M->538M(869M) 20.225ms
[112.503s][info][gc,cpu         ] GC(333) User=0.04s Sys=0.00s Real=0.02s
[112.779s][info][gc,start       ] GC(334) Pause Young (Allocation Failure)
[112.786s][info][gc,heap        ] GC(334) PSYoungGen: 115872K(222720K)->4256K(214528K) Eden: 111616K(111616K)->0K(111616K) From: 4256K(111104K)->4256K(102912K)
[112.786s][info][gc,heap        ] GC(334) ParOldGen: 546894K(667648K)->546894K(667648K)
[112.786s][info][gc,metaspace   ] GC(334) Metaspace: 18236K(18432K)->18236K(18432K) NonClass: 15578K(15680K)->15578K(15680K) Class: 2658K(2752K)->2658K(2752K)
[112.786s][info][gc             ] GC(334) Pause Young (Allocation Failure) 647M->538M(861M) 6.908ms
[112.786s][info][gc,cpu         ] GC(334) User=0.01s Sys=0.00s Real=0.01s
[113.087s][info][gc,start       ] GC(335) Pause Young (Allocation Failure)
[113.093s][info][gc,heap        ] GC(335) PSYoungGen: 115872K(214528K)->4288K(218624K) Eden: 111616K(111616K)->0K(111616K) From: 4256K(102912K)->4288K(107008K)
[113.093s][info][gc,heap        ] GC(335) ParOldGen: 546894K(667648K)->546894K(667648K)
[113.093s][info][gc,metaspace   ] GC(335) Metaspace: 18236K(18432K)->18236K(18432K) NonClass: 15578K(15680K)->15578K(15680K) Class: 2658K(2752K)->2658K(2752K)
[113.093s][info][gc             ] GC(335) Pause Young (Allocation Failure) 647M->538M(865M) 6.395ms
[113.093s][info][gc,cpu         ] GC(335) User=0.01s Sys=0.00s Real=0.01s
[113.352s][info][gc,start       ] GC(336) Pause Young (Allocation Failure)
[113.368s][info][gc,heap        ] GC(336) PSYoungGen: 115904K(218624K)->4288K(208896K) Eden: 111616K(111616K)->0K(115712K) From: 4288K(107008K)->4288K(93184K)
[113.368s][info][gc,heap        ] GC(336) ParOldGen: 546894K(667648K)->546894K(667648K)
[113.368s][info][gc,metaspace   ] GC(336) Metaspace: 18240K(18432K)->18240K(18432K) NonClass: 15582K(15680K)->15582K(15680K) Class: 2658K(2752K)->2658K(2752K)
[113.368s][info][gc             ] GC(336) Pause Young (Allocation Failure) 647M->538M(856M) 15.396ms
[113.368s][info][gc,cpu         ] GC(336) User=0.02s Sys=0.00s Real=0.02s
[113.577s][info][gc,start       ] GC(337) Pause Young (Allocation Failure)
[113.589s][info][gc,heap        ] GC(337) PSYoungGen: 120000K(208896K)->11584K(127488K) Eden: 115712K(115712K)->0K(115712K) From: 4288K(93184K)->11584K(11776K)
[113.589s][info][gc,heap        ] GC(337) ParOldGen: 546894K(667648K)->546894K(667648K)
[113.589s][info][gc,metaspace   ] GC(337) Metaspace: 18241K(18432K)->18241K(18432K) NonClass: 15583K(15680K)->15583K(15680K) Class: 2658K(2752K)->2658K(2752K)
[113.589s][info][gc             ] GC(337) Pause Young (Allocation Failure) 651M->545M(776M) 11.752ms
[113.589s][info][gc,cpu         ] GC(337) User=0.02s Sys=0.00s Real=0.01s
[113.681s][info][gc,start       ] GC(338) Pause Young (Allocation Failure)
[113.720s][info][gc,heap        ] GC(338) PSYoungGen: 127296K(127488K)->51184K(207872K) Eden: 115712K(115712K)->0K(115712K) From: 11584K(11776K)->51184K(92160K)
[113.720s][info][gc,heap        ] GC(338) ParOldGen: 546894K(667648K)->546894K(667648K)
[113.720s][info][gc,metaspace   ] GC(338) Metaspace: 18241K(18432K)->18241K(18432K) NonClass: 15583K(15680K)->15583K(15680K) Class: 2658K(2752K)->2658K(2752K)
[113.720s][info][gc             ] GC(338) Pause Young (Allocation Failure) 658M->584M(855M) 39.110ms
[113.720s][info][gc,cpu         ] GC(338) User=0.08s Sys=0.00s Real=0.04s
[113.934s][info][gc,start       ] GC(339) Pause Young (Allocation Failure)
[113.984s][info][gc,heap        ] GC(339) PSYoungGen: 166896K(207872K)->77696K(211968K) Eden: 115712K(115712K)->0K(115712K) From: 51184K(92160K)->77696K(96256K)
[113.984s][info][gc,heap        ] GC(339) ParOldGen: 546894K(667648K)->546894K(667648K)
[113.984s][info][gc,metaspace   ] GC(339) Metaspace: 18241K(18432K)->18241K(18432K) NonClass: 15583K(15680K)->15583K(15680K) Class: 2658K(2752K)->2658K(2752K)
[113.984s][info][gc             ] GC(339) Pause Young (Allocation Failure) 697M->609M(859M) 50.436ms
[113.984s][info][gc,cpu         ] GC(339) User=0.10s Sys=0.00s Real=0.05s
[114.108s][info][gc,start       ] GC(340) Pause Young (Allocation Failure)
[114.160s][info][gc,heap        ] GC(340) PSYoungGen: 193408K(211968K)->80672K(220672K) Eden: 115712K(115712K)->0K(111616K) From: 77696K(96256K)->80672K(109056K)
[114.160s][info][gc,heap        ] GC(340) ParOldGen: 546894K(667648K)->546894K(667648K)
[114.160s][info][gc,metaspace   ] GC(340) Metaspace: 18241K(18432K)->18241K(18432K) NonClass: 15583K(15680K)->15583K(15680K) Class: 2658K(2752K)->2658K(2752K)
[114.161s][info][gc             ] GC(340) Pause Young (Allocation Failure) 722M->612M(867M) 52.553ms
[114.161s][info][gc,cpu         ] GC(340) User=0.11s Sys=0.00s Real=0.05s
[114.327s][info][gc,start       ] GC(341) Pause Young (Allocation Failure)
[114.422s][info][gc,heap        ] GC(341) PSYoungGen: 192288K(220672K)->107280K(222720K) Eden: 111616K(111616K)->0K(111616K) From: 80672K(109056K)->107280K(111104K)
[114.422s][info][gc,heap        ] GC(341) ParOldGen: 546894K(667648K)->551150K(667648K)
[114.422s][info][gc,metaspace   ] GC(341) Metaspace: 18241K(18432K)->18241K(18432K) NonClass: 15583K(15680K)->15583K(15680K) Class: 2658K(2752K)->2658K(2752K)
[114.422s][info][gc             ] GC(341) Pause Young (Allocation Failure) 721M->642M(869M) 94.560ms
[114.422s][info][gc,cpu         ] GC(341) User=0.18s Sys=0.00s Real=0.09s
[114.555s][info][gc,start       ] GC(342) Pause Young (Allocation Failure)
[114.685s][info][gc,heap        ] GC(342) PSYoungGen: 218896K(222720K)->111088K(222720K) Eden: 111616K(111616K)->0K(111616K) From: 107280K(111104K)->111088K(111104K)
[114.685s][info][gc,heap        ] GC(342) ParOldGen: 551150K(667648K)->564630K(667648K)
[114.685s][info][gc,metaspace   ] GC(342) Metaspace: 18241K(18432K)->18241K(18432K) NonClass: 15583K(15680K)->15583K(15680K) Class: 2658K(2752K)->2658K(2752K)
[114.685s][info][gc             ] GC(342) Pause Young (Allocation Failure) 751M->659M(869M) 129.228ms
[114.685s][info][gc,cpu         ] GC(342) User=0.24s Sys=0.02s Real=0.13s
[114.801s][info][gc,start       ] GC(343) Pause Young (Allocation Failure)
[114.916s][info][gc,heap        ] GC(343) PSYoungGen: 222704K(222720K)->72896K(222720K) Eden: 111616K(111616K)->0K(111616K) From: 111088K(111104K)->72896K(111104K)
[114.916s][info][gc,heap        ] GC(343) ParOldGen: 564630K(667648K)->612094K(667648K)
[114.916s][info][gc,metaspace   ] GC(343) Metaspace: 18241K(18432K)->18241K(18432K) NonClass: 15583K(15680K)->15583K(15680K) Class: 2658K(2752K)->2658K(2752K)
[114.916s][info][gc             ] GC(343) Pause Young (Allocation Failure) 768M->668M(869M) 114.803ms
[114.916s][info][gc,cpu         ] GC(343) User=0.23s Sys=0.00s Real=0.12s
[115.023s][info][gc,start       ] GC(344) Pause Young (Allocation Failure)
[115.100s][info][gc,heap        ] GC(344) PSYoungGen: 184512K(222720K)->43968K(222720K) Eden: 111616K(111616K)->0K(111616K) From: 72896K(111104K)->43968K(111104K)
[115.100s][info][gc,heap        ] GC(344) ParOldGen: 612094K(667648K)->641923K(667648K)
[115.100s][info][gc,metaspace   ] GC(344) Metaspace: 18241K(18432K)->18241K(18432K) NonClass: 15583K(15680K)->15583K(15680K) Class: 2658K(2752K)->2658K(2752K)
[115.100s][info][gc             ] GC(344) Pause Young (Allocation Failure) 777M->669M(869M) 77.457ms
[115.100s][info][gc,cpu         ] GC(344) User=0.15s Sys=0.00s Real=0.08s
[115.212s][info][gc,start       ] GC(345) Pause Full (Allocation Failure)
[115.212s][info][gc,phases,start] GC(345) Marking Phase
[115.684s][info][gc,phases      ] GC(345) Marking Phase 471.105ms
[115.684s][info][gc,phases,start] GC(345) Summary Phase
[115.684s][info][gc,phases      ] GC(345) Summary Phase 0.025ms
[115.684s][info][gc,phases,start] GC(345) Forward
[115.792s][info][gc,phases      ] GC(345) Forward 108.158ms
[115.792s][info][gc,phases,start] GC(345) Adjust Pointers
[116.145s][info][gc,phases      ] GC(345) Adjust Pointers 353.280ms
[116.145s][info][gc,phases,start] GC(345) Compaction Phase
[116.352s][info][gc,phases      ] GC(345) Compaction Phase 206.420ms
[116.360s][info][gc,phases,start] GC(345) Post Compact
[116.363s][info][gc,phases      ] GC(345) Post Compact 2.318ms
[116.363s][info][gc,heap        ] GC(345) PSYoungGen: 155584K(222720K)->1435K(222720K) Eden: 111616K(111616K)->0K(111616K) From: 43968K(111104K)->1435K(111104K)
[116.363s][info][gc,heap        ] GC(345) ParOldGen: 641923K(667648K)->667519K(667648K)
[116.363s][info][gc,metaspace   ] GC(345) Metaspace: 18241K(18432K)->18241K(18432K) NonClass: 15583K(15680K)->15583K(15680K) Class: 2658K(2752K)->2658K(2752K)
[116.363s][info][gc             ] GC(345) Pause Full (Allocation Failure) 778M->653M(869M) 1150.376ms
[116.363s][info][gc,cpu         ] GC(345) User=2.24s Sys=0.01s Real=1.15s
[116.512s][info][gc,start       ] GC(346) Pause Full (Allocation Failure)
[116.512s][info][gc,phases,start] GC(346) Marking Phase
[116.866s][info][gc,phases      ] GC(346) Marking Phase 354.201ms
[116.866s][info][gc,phases,start] GC(346) Summary Phase
[116.866s][info][gc,phases      ] GC(346) Summary Phase 0.025ms
[116.866s][info][gc,phases,start] GC(346) Forward
[116.997s][info][gc,phases      ] GC(346) Forward 130.841ms
[116.997s][info][gc,phases,start] GC(346) Adjust Pointers
[117.276s][info][gc,phases      ] GC(346) Adjust Pointers 278.951ms
[117.276s][info][gc,phases,start] GC(346) Compaction Phase
[117.474s][info][gc,phases      ] GC(346) Compaction Phase 197.718ms
[117.485s][info][gc,phases,start] GC(346) Post Compact
[117.488s][info][gc,phases      ] GC(346) Post Compact 2.233ms
[117.488s][info][gc,heap        ] GC(346) PSYoungGen: 113051K(222720K)->0K(222720K) Eden: 111616K(111616K)->0K(111616K) From: 1435K(111104K)->0K(111104K)
[117.488s][info][gc,heap        ] GC(346) ParOldGen: 667519K(667648K)->514859K(667648K)
[117.488s][info][gc,metaspace   ] GC(346) Metaspace: 18241K(18432K)->18241K(18432K) NonClass: 15583K(15680K)->15583K(15680K) Class: 2658K(2752K)->2658K(2752K)
[117.488s][info][gc             ] GC(346) Pause Full (Allocation Failure) 762M->502M(869M) 976.143ms
[117.488s][info][gc,cpu         ] GC(346) User=1.86s Sys=0.00s Real=0.98s
[117.679s][info][gc,start       ] GC(347) Pause Young (Allocation Failure)
[117.704s][info][gc,heap        ] GC(347) PSYoungGen: 111616K(222720K)->16368K(222720K) Eden: 111616K(111616K)->0K(111616K) From: 0K(111104K)->16368K(111104K)
[117.704s][info][gc,heap        ] GC(347) ParOldGen: 514859K(667648K)->514859K(667648K)
[117.704s][info][gc,metaspace   ] GC(347) Metaspace: 18241K(18432K)->18241K(18432K) NonClass: 15583K(15680K)->15583K(15680K) Class: 2658K(2752K)->2658K(2752K)
[117.704s][info][gc             ] GC(347) Pause Young (Allocation Failure) 611M->518M(869M) 25.075ms
[117.704s][info][gc,cpu         ] GC(347) User=0.05s Sys=0.00s Real=0.03s
[117.863s][info][gc,start       ] GC(348) Pause Young (Allocation Failure)
[117.893s][info][gc,heap        ] GC(348) PSYoungGen: 127984K(222720K)->27275K(222720K) Eden: 111616K(111616K)->0K(111616K) From: 16368K(111104K)->27275K(111104K)
[117.893s][info][gc,heap        ] GC(348) ParOldGen: 514859K(667648K)->514859K(667648K)
[117.893s][info][gc,metaspace   ] GC(348) Metaspace: 18241K(18432K)->18241K(18432K) NonClass: 15583K(15680K)->15583K(15680K) Class: 2658K(2752K)->2658K(2752K)
[117.893s][info][gc             ] GC(348) Pause Young (Allocation Failure) 627M->529M(869M) 29.401ms
[117.893s][info][gc,cpu         ] GC(348) User=0.05s Sys=0.00s Real=0.02s
[118.131s][info][gc,start       ] GC(349) Pause Young (Allocation Failure)
[118.171s][info][gc,heap        ] GC(349) PSYoungGen: 138891K(222720K)->13168K(222720K) Eden: 111616K(111616K)->0K(111616K) From: 27275K(111104K)->13168K(111104K)
[118.171s][info][gc,heap        ] GC(349) ParOldGen: 514859K(667648K)->542159K(667648K)
[118.171s][info][gc,metaspace   ] GC(349) Metaspace: 18251K(18432K)->18251K(18432K) NonClass: 15592K(15680K)->15592K(15680K) Class: 2658K(2752K)->2658K(2752K)
[118.171s][info][gc             ] GC(349) Pause Young (Allocation Failure) 638M->542M(869M) 40.539ms
[118.171s][info][gc,cpu         ] GC(349) User=0.08s Sys=0.00s Real=0.04s
[118.311s][info][gc,start       ] GC(350) Pause Young (Allocation Failure)
[118.320s][info][gc,heap        ] GC(350) PSYoungGen: 124784K(222720K)->4768K(222720K) Eden: 111616K(111616K)->0K(111616K) From: 13168K(111104K)->4768K(111104K)
[118.320s][info][gc,heap        ] GC(350) ParOldGen: 542159K(667648K)->546303K(667648K)
[118.320s][info][gc,metaspace   ] GC(350) Metaspace: 18251K(18432K)->18251K(18432K) NonClass: 15593K(15680K)->15593K(15680K) Class: 2658K(2752K)->2658K(2752K)
[118.320s][info][gc             ] GC(350) Pause Young (Allocation Failure) 651M->538M(869M) 9.545ms
[118.321s][info][gc,cpu         ] GC(350) User=0.02s Sys=0.00s Real=0.01s
[118.470s][info][gc,start       ] GC(351) Pause Young (Allocation Failure)
[118.490s][info][gc,heap        ] GC(351) PSYoungGen: 116384K(222720K)->19648K(222720K) Eden: 111616K(111616K)->0K(111616K) From: 4768K(111104K)->19648K(111104K)
[118.490s][info][gc,heap        ] GC(351) ParOldGen: 546303K(667648K)->550831K(667648K)
[118.490s][info][gc,metaspace   ] GC(351) Metaspace: 18251K(18432K)->18251K(18432K) NonClass: 15593K(15680K)->15593K(15680K) Class: 2658K(2752K)->2658K(2752K)
[118.490s][info][gc             ] GC(351) Pause Young (Allocation Failure) 647M->557M(869M) 20.121ms
[118.490s][info][gc,cpu         ] GC(351) User=0.04s Sys=0.00s Real=0.02s
[118.675s][info][gc,start       ] GC(352) Pause Young (Allocation Failure)
[118.709s][info][gc,heap        ] GC(352) PSYoungGen: 131264K(222720K)->14432K(222720K) Eden: 111616K(111616K)->0K(111616K) From: 19648K(111104K)->14432K(111104K)
[118.709s][info][gc,heap        ] GC(352) ParOldGen: 550831K(667648K)->570655K(667648K)
[118.709s][info][gc,metaspace   ] GC(352) Metaspace: 18251K(18432K)->18251K(18432K) NonClass: 15593K(15680K)->15593K(15680K) Class: 2658K(2752K)->2658K(2752K)
[118.709s][info][gc             ] GC(352) Pause Young (Allocation Failure) 666M->571M(869M) 34.890ms
[118.709s][info][gc,cpu         ] GC(352) User=0.07s Sys=0.00s Real=0.03s
[118.861s][info][gc,start       ] GC(353) Pause Young (Allocation Failure)
[118.883s][info][gc,heap        ] GC(353) PSYoungGen: 126048K(222720K)->3296K(222720K) Eden: 111616K(111616K)->0K(111616K) From: 14432K(111104K)->3296K(111104K)
[118.883s][info][gc,heap        ] GC(353) ParOldGen: 570655K(667648K)->585063K(667648K)
[118.883s][info][gc,metaspace   ] GC(353) Metaspace: 18252K(18432K)->18252K(18432K) NonClass: 15594K(15680K)->15594K(15680K) Class: 2658K(2752K)->2658K(2752K)
[118.883s][info][gc             ] GC(353) Pause Young (Allocation Failure) 680M->574M(869M) 22.189ms
[118.883s][info][gc,cpu         ] GC(353) User=0.04s Sys=0.00s Real=0.02s
[119.139s][info][gc,start       ] GC(354) Pause Young (Allocation Failure)
[119.146s][info][gc,heap        ] GC(354) PSYoungGen: 114912K(222720K)->1024K(222720K) Eden: 111616K(111616K)->0K(111616K) From: 3296K(111104K)->1024K(111104K)
[119.146s][info][gc,heap        ] GC(354) ParOldGen: 585063K(667648K)->588335K(667648K)
[119.146s][info][gc,metaspace   ] GC(354) Metaspace: 18253K(18432K)->18253K(18432K) NonClass: 15595K(15680K)->15595K(15680K) Class: 2658K(2752K)->2658K(2752K)
[119.146s][info][gc             ] GC(354) Pause Young (Allocation Failure) 683M->575M(869M) 6.947ms
[119.146s][info][gc,cpu         ] GC(354) User=0.02s Sys=0.00s Real=0.01s
[119.331s][info][gc,start       ] GC(355) Pause Young (Allocation Failure)
[119.338s][info][gc,heap        ] GC(355) PSYoungGen: 112640K(222720K)->5344K(219648K) Eden: 111616K(111616K)->0K(111616K) From: 1024K(111104K)->5344K(108032K)
[119.338s][info][gc,heap        ] GC(355) ParOldGen: 588335K(667648K)->589319K(667648K)
[119.338s][info][gc,metaspace   ] GC(355) Metaspace: 18253K(18432K)->18253K(18432K) NonClass: 15595K(15680K)->15595K(15680K) Class: 2658K(2752K)->2658K(2752K)
[119.338s][info][gc             ] GC(355) Pause Young (Allocation Failure) 684M->580M(866M) 7.341ms
[119.338s][info][gc,cpu         ] GC(355) User=0.02s Sys=0.00s Real=0.01s
[119.474s][info][gc,start       ] GC(356) Pause Young (Allocation Failure)
[119.490s][info][gc,heap        ] GC(356) PSYoungGen: 116960K(219648K)->15728K(127488K) Eden: 111616K(111616K)->0K(111616K) From: 5344K(108032K)->15728K(15872K)
[119.490s][info][gc,heap        ] GC(356) ParOldGen: 589319K(667648K)->589319K(667648K)
[119.490s][info][gc,metaspace   ] GC(356) Metaspace: 18254K(18432K)->18254K(18432K) NonClass: 15596K(15680K)->15596K(15680K) Class: 2658K(2752K)->2658K(2752K)
[119.490s][info][gc             ] GC(356) Pause Young (Allocation Failure) 689M->590M(776M) 16.551ms
[119.490s][info][gc,cpu         ] GC(356) User=0.03s Sys=0.00s Real=0.01s
[119.617s][info][gc,start       ] GC(357) Pause Young (Allocation Failure)
[119.646s][info][gc,heap        ] GC(357) PSYoungGen: 127344K(127488K)->36032K(212992K) Eden: 111616K(111616K)->0K(116736K) From: 15728K(15872K)->36032K(96256K)
[119.646s][info][gc,heap        ] GC(357) ParOldGen: 589319K(667648K)->589319K(667648K)
[119.646s][info][gc,metaspace   ] GC(357) Metaspace: 18256K(18432K)->18256K(18432K) NonClass: 15598K(15680K)->15598K(15680K) Class: 2658K(2752K)->2658K(2752K)
[119.646s][info][gc             ] GC(357) Pause Young (Allocation Failure) 699M->610M(860M) 29.000ms
[119.646s][info][gc,cpu         ] GC(357) User=0.05s Sys=0.00s Real=0.03s
[119.709s][info][gc,start       ] GC(358) Pause Young (Allocation Failure)
[119.765s][info][gc,heap        ] GC(358) PSYoungGen: 152768K(212992K)->79392K(216064K) Eden: 116736K(116736K)->0K(116736K) From: 36032K(96256K)->79392K(99328K)
[119.765s][info][gc,heap        ] GC(358) ParOldGen: 589319K(667648K)->589319K(667648K)
[119.765s][info][gc,metaspace   ] GC(358) Metaspace: 18256K(18432K)->18256K(18432K) NonClass: 15598K(15680K)->15598K(15680K) Class: 2658K(2752K)->2658K(2752K)
[119.765s][info][gc             ] GC(358) Pause Young (Allocation Failure) 724M->653M(863M) 56.226ms
[119.765s][info][gc,cpu         ] GC(358) User=0.11s Sys=0.00s Real=0.06s
[119.954s][info][gc,start       ] GC(359) Pause Young (Allocation Failure)
[120.014s][info][gc,heap        ] GC(359) PSYoungGen: 196128K(216064K)->74880K(222720K) Eden: 116736K(116736K)->0K(111616K) From: 79392K(99328K)->74880K(111104K)
[120.014s][info][gc,heap        ] GC(359) ParOldGen: 589319K(667648K)->605068K(667648K)
[120.014s][info][gc,metaspace   ] GC(359) Metaspace: 18256K(18432K)->18256K(18432K) NonClass: 15598K(15680K)->15598K(15680K) Class: 2658K(2752K)->2658K(2752K)
[120.014s][info][gc             ] GC(359) Pause Young (Allocation Failure) 767M->664M(869M) 60.043ms
[120.014s][info][gc,cpu         ] GC(359) User=0.12s Sys=0.01s Real=0.06s
[120.178s][info][gc,start       ] GC(360) Pause Young (Allocation Failure)
[120.255s][info][gc,promotion   ] GC(360) Promotion failed
[120.255s][info][gc,heap        ] GC(360) PSYoungGen: 186496K(222720K)->186496K(222720K) Eden: 111616K(111616K)->111616K(111616K) From: 74880K(111104K)->74880K(111104K)
[120.255s][info][gc,heap        ] GC(360) ParOldGen: 605068K(667648K)->667645K(667648K)
[120.255s][info][gc,metaspace   ] GC(360) Metaspace: 18257K(18432K)->18257K(18432K) NonClass: 15599K(15680K)->15599K(15680K) Class: 2658K(2752K)->2658K(2752K)
[120.255s][info][gc             ] GC(360) Pause Young (Allocation Failure) 773M->834M(869M) 77.849ms
[120.256s][info][gc,cpu         ] GC(360) User=0.15s Sys=0.00s Real=0.08s
[120.256s][info][gc,start       ] GC(361) Pause Full (Allocation Failure)
[120.256s][info][gc,phases,start] GC(361) Marking Phase
[120.574s][info][gc,phases      ] GC(361) Marking Phase 318.465ms
[120.574s][info][gc,phases,start] GC(361) Summary Phase
[120.574s][info][gc,phases      ] GC(361) Summary Phase 0.025ms
[120.574s][info][gc,phases,start] GC(361) Forward
[120.650s][info][gc,phases      ] GC(361) Forward 75.493ms
[120.650s][info][gc,phases,start] GC(361) Adjust Pointers
[120.891s][info][gc,phases      ] GC(361) Adjust Pointers 241.165ms
[120.891s][info][gc,phases,start] GC(361) Compaction Phase
[121.017s][info][gc,phases      ] GC(361) Compaction Phase 126.212ms
[121.024s][info][gc,phases,start] GC(361) Post Compact
[121.027s][info][gc,phases      ] GC(361) Post Compact 2.497ms
[121.027s][info][gc,heap        ] GC(361) PSYoungGen: 186496K(222720K)->0K(222720K) Eden: 111616K(111616K)->0K(111616K) From: 74880K(111104K)->0K(111104K)
[121.027s][info][gc,heap        ] GC(361) ParOldGen: 667645K(667648K)->469590K(667648K)
[121.027s][info][gc,metaspace   ] GC(361) Metaspace: 18257K(18432K)->18257K(18432K) NonClass: 15599K(15680K)->15599K(15680K) Class: 2658K(2752K)->2658K(2752K)
[121.027s][info][gc             ] GC(361) Pause Full (Allocation Failure) 834M->458M(869M) 771.250ms
[121.027s][info][gc,cpu         ] GC(361) User=1.46s Sys=0.00s Real=0.77s
[121.152s][info][gc,start       ] GC(362) Pause Young (Allocation Failure)
[121.178s][info][gc,heap        ] GC(362) PSYoungGen: 111616K(222720K)->23200K(222720K) Eden: 111616K(111616K)->0K(111616K) From: 0K(111104K)->23200K(111104K)
[121.178s][info][gc,heap        ] GC(362) ParOldGen: 469590K(667648K)->469590K(667648K)
[121.178s][info][gc,metaspace   ] GC(362) Metaspace: 18257K(18432K)->18257K(18432K) NonClass: 15599K(15680K)->15599K(15680K) Class: 2658K(2752K)->2658K(2752K)
[121.178s][info][gc             ] GC(362) Pause Young (Allocation Failure) 567M->481M(869M) 25.889ms
[121.178s][info][gc,cpu         ] GC(362) User=0.05s Sys=0.00s Real=0.03s
[121.310s][info][gc,start       ] GC(363) Pause Young (Allocation Failure)
[121.351s][info][gc,heap        ] GC(363) PSYoungGen: 134816K(222720K)->17696K(129536K) Eden: 111616K(111616K)->0K(111616K) From: 23200K(111104K)->17696K(17920K)
[121.351s][info][gc,heap        ] GC(363) ParOldGen: 469590K(667648K)->492806K(667648K)
[121.351s][info][gc,metaspace   ] GC(363) Metaspace: 18257K(18432K)->18257K(18432K) NonClass: 15599K(15680K)->15599K(15680K) Class: 2658K(2752K)->2658K(2752K)
[121.351s][info][gc             ] GC(363) Pause Young (Allocation Failure) 590M->498M(778M) 40.849ms
[121.351s][info][gc,cpu         ] GC(363) User=0.08s Sys=0.00s Real=0.04s
[121.435s][info][gc,start       ] GC(364) Pause Young (Allocation Failure)
[121.453s][info][gc,heap        ] GC(364) PSYoungGen: 129312K(129536K)->18240K(222720K) Eden: 111616K(111616K)->0K(116736K) From: 17696K(17920K)->18240K(105984K)
[121.453s][info][gc,heap        ] GC(364) ParOldGen: 492806K(667648K)->492806K(667648K)
[121.453s][info][gc,metaspace   ] GC(364) Metaspace: 18257K(18432K)->18257K(18432K) NonClass: 15599K(15680K)->15599K(15680K) Class: 2658K(2752K)->2658K(2752K)
[121.454s][info][gc             ] GC(364) Pause Young (Allocation Failure) 607M->499M(869M) 18.656ms
[121.454s][info][gc,cpu         ] GC(364) User=0.04s Sys=0.00s Real=0.02s
[121.572s][info][gc,start       ] GC(365) Pause Young (Allocation Failure)
[121.594s][info][gc,heap        ] GC(365) PSYoungGen: 134976K(222720K)->18880K(220160K) Eden: 116736K(116736K)->0K(116736K) From: 18240K(105984K)->18880K(103424K)
[121.594s][info][gc,heap        ] GC(365) ParOldGen: 492806K(667648K)->492806K(667648K)
[121.594s][info][gc,metaspace   ] GC(365) Metaspace: 18257K(18432K)->18257K(18432K) NonClass: 15599K(15680K)->15599K(15680K) Class: 2658K(2752K)->2658K(2752K)
[121.594s][info][gc             ] GC(365) Pause Young (Allocation Failure) 613M->499M(867M) 22.239ms
[121.594s][info][gc,cpu         ] GC(365) User=0.05s Sys=0.00s Real=0.03s
[121.725s][info][gc,start       ] GC(366) Pause Young (Allocation Failure)
[121.753s][info][gc,heap        ] GC(366) PSYoungGen: 135616K(220160K)->22848K(211456K) Eden: 116736K(116736K)->0K(124416K) From: 18880K(103424K)->22848K(87040K)
[121.753s][info][gc,heap        ] GC(366) ParOldGen: 492806K(667648K)->492806K(667648K)
[121.753s][info][gc,metaspace   ] GC(366) Metaspace: 18257K(18432K)->18257K(18432K) NonClass: 15599K(15680K)->15599K(15680K) Class: 2658K(2752K)->2658K(2752K)
[121.753s][info][gc             ] GC(366) Pause Young (Allocation Failure) 613M->503M(858M) 28.185ms
[121.753s][info][gc,cpu         ] GC(366) User=0.05s Sys=0.00s Real=0.03s
[121.967s][info][gc,start       ] GC(367) Pause Young (Allocation Failure)
[122.005s][info][gc,heap        ] GC(367) PSYoungGen: 147264K(211456K)->32896K(217088K) Eden: 124416K(124416K)->0K(124416K) From: 22848K(87040K)->32896K(92672K)
[122.005s][info][gc,heap        ] GC(367) ParOldGen: 492806K(667648K)->492806K(667648K)
[122.005s][info][gc,metaspace   ] GC(367) Metaspace: 18257K(18432K)->18257K(18432K) NonClass: 15599K(15680K)->15599K(15680K) Class: 2658K(2752K)->2658K(2752K)
[122.005s][info][gc             ] GC(367) Pause Young (Allocation Failure) 625M->513M(864M) 38.194ms
[122.005s][info][gc,cpu         ] GC(367) User=0.08s Sys=0.00s Real=0.04s
[122.173s][info][gc,start       ] GC(368) Pause Young (Allocation Failure)
[122.225s][info][gc,heap        ] GC(368) PSYoungGen: 157312K(217088K)->53488K(218112K) Eden: 124416K(124416K)->0K(130048K) From: 32896K(92672K)->53488K(88064K)
[122.225s][info][gc,heap        ] GC(368) ParOldGen: 492806K(667648K)->492806K(667648K)
[122.225s][info][gc,metaspace   ] GC(368) Metaspace: 18257K(18432K)->18257K(18432K) NonClass: 15599K(15680K)->15599K(15680K) Class: 2658K(2752K)->2658K(2752K)
[122.225s][info][gc             ] GC(368) Pause Young (Allocation Failure) 634M->533M(865M) 51.574ms
[122.225s][info][gc,cpu         ] GC(368) User=0.10s Sys=0.00s Real=0.05s
[122.365s][info][gc,start       ] GC(369) Pause Young (Allocation Failure)
[122.441s][info][gc,heap        ] GC(369) PSYoungGen: 183536K(218112K)->90384K(220672K) Eden: 130048K(130048K)->0K(130048K) From: 53488K(88064K)->90384K(90624K)
[122.441s][info][gc,heap        ] GC(369) ParOldGen: 492806K(667648K)->492806K(667648K)
[122.441s][info][gc,metaspace   ] GC(369) Metaspace: 18257K(18432K)->18257K(18432K) NonClass: 15599K(15680K)->15599K(15680K) Class: 2658K(2752K)->2658K(2752K)
[122.441s][info][gc             ] GC(369) Pause Young (Allocation Failure) 660M->569M(867M) 75.925ms
[122.441s][info][gc,cpu         ] GC(369) User=0.15s Sys=0.00s Real=0.07s
[122.640s][info][gc,start       ] GC(370) Pause Young (Allocation Failure)
[122.739s][info][gc,heap        ] GC(370) PSYoungGen: 220432K(220672K)->101120K(218112K) Eden: 130048K(130048K)->0K(111616K) From: 90384K(90624K)->101120K(106496K)
[122.739s][info][gc,heap        ] GC(370) ParOldGen: 492806K(667648K)->492806K(667648K)
[122.739s][info][gc,metaspace   ] GC(370) Metaspace: 18262K(18432K)->18262K(18432K) NonClass: 15604K(15680K)->15604K(15680K) Class: 2658K(2752K)->2658K(2752K)
[122.739s][info][gc             ] GC(370) Pause Young (Allocation Failure) 696M->580M(865M) 98.937ms
[122.739s][info][gc,cpu         ] GC(370) User=0.18s Sys=0.02s Real=0.10s
[122.921s][info][gc,start       ] GC(371) Pause Young (Allocation Failure)
[123.011s][info][gc,heap        ] GC(371) PSYoungGen: 212736K(218112K)->83904K(222720K) Eden: 111616K(111616K)->0K(111616K) From: 101120K(106496K)->83904K(111104K)
[123.011s][info][gc,heap        ] GC(371) ParOldGen: 492806K(667648K)->511062K(667648K)
[123.011s][info][gc,metaspace   ] GC(371) Metaspace: 18264K(18432K)->18264K(18432K) NonClass: 15606K(15680K)->15606K(15680K) Class: 2658K(2752K)->2658K(2752K)
[123.011s][info][gc             ] GC(371) Pause Young (Allocation Failure) 689M->581M(869M) 90.547ms
[123.011s][info][gc,cpu         ] GC(371) User=0.18s Sys=0.00s Real=0.09s
[123.144s][info][gc,start       ] GC(372) Pause Young (Allocation Failure)
[123.238s][info][gc,heap        ] GC(372) PSYoungGen: 195520K(222720K)->98848K(222720K) Eden: 111616K(111616K)->0K(111616K) From: 83904K(111104K)->98848K(111104K)
[123.238s][info][gc,heap        ] GC(372) ParOldGen: 511062K(667648K)->515670K(667648K)
[123.238s][info][gc,metaspace   ] GC(372) Metaspace: 18264K(18432K)->18264K(18432K) NonClass: 15606K(15680K)->15606K(15680K) Class: 2658K(2752K)->2658K(2752K)
[123.238s][info][gc             ] GC(372) Pause Young (Allocation Failure) 690M->600M(869M) 93.503ms
[123.238s][info][gc,cpu         ] GC(372) User=0.19s Sys=0.00s Real=0.09s
[123.358s][info][gc,start       ] GC(373) Pause Young (Allocation Failure)
[123.447s][info][gc,heap        ] GC(373) PSYoungGen: 210464K(222720K)->69152K(222720K) Eden: 111616K(111616K)->0K(111616K) From: 98848K(111104K)->69152K(111104K)
[123.447s][info][gc,heap        ] GC(373) ParOldGen: 515670K(667648K)->546423K(667648K)
[123.447s][info][gc,metaspace   ] GC(373) Metaspace: 18264K(18432K)->18264K(18432K) NonClass: 15606K(15680K)->15606K(15680K) Class: 2658K(2752K)->2658K(2752K)
[123.447s][info][gc             ] GC(373) Pause Young (Allocation Failure) 709M->601M(869M) 88.359ms
[123.447s][info][gc,cpu         ] GC(373) User=0.18s Sys=0.00s Real=0.09s
[123.574s][info][gc,start       ] GC(374) Pause Young (Allocation Failure)
[123.644s][info][gc,heap        ] GC(374) PSYoungGen: 180768K(222720K)->28800K(222720K) Eden: 111616K(111616K)->0K(111616K) From: 69152K(111104K)->28800K(111104K)
[123.644s][info][gc,heap        ] GC(374) ParOldGen: 546423K(667648K)->594188K(667648K)
[123.644s][info][gc,metaspace   ] GC(374) Metaspace: 18264K(18432K)->18264K(18432K) NonClass: 15606K(15680K)->15606K(15680K) Class: 2658K(2752K)->2658K(2752K)
[123.644s][info][gc             ] GC(374) Pause Young (Allocation Failure) 710M->608M(869M) 70.409ms
[123.644s][info][gc,cpu         ] GC(374) User=0.14s Sys=0.00s Real=0.07s
[123.847s][info][gc,start       ] GC(375) Pause Young (Allocation Failure)
[123.886s][info][gc,heap        ] GC(375) PSYoungGen: 140416K(222720K)->17440K(222720K) Eden: 111616K(111616K)->0K(111616K) From: 28800K(111104K)->17440K(111104K)
[123.886s][info][gc,heap        ] GC(375) ParOldGen: 594188K(667648K)->614988K(667648K)
[123.886s][info][gc,metaspace   ] GC(375) Metaspace: 18264K(18432K)->18264K(18432K) NonClass: 15606K(15680K)->15606K(15680K) Class: 2658K(2752K)->2658K(2752K)
[123.886s][info][gc             ] GC(375) Pause Young (Allocation Failure) 717M->617M(869M) 38.531ms
[123.886s][info][gc,cpu         ] GC(375) User=0.08s Sys=0.00s Real=0.04s
[124.131s][info][gc,start       ] GC(376) Pause Young (Allocation Failure)
[124.149s][info][gc,heap        ] GC(376) PSYoungGen: 129056K(222720K)->9440K(222720K) Eden: 111616K(111616K)->0K(111616K) From: 17440K(111104K)->9440K(111104K)
[124.149s][info][gc,heap        ] GC(376) ParOldGen: 614988K(667648K)->623052K(667648K)
[124.149s][info][gc,metaspace   ] GC(376) Metaspace: 18264K(18432K)->18264K(18432K) NonClass: 15606K(15680K)->15606K(15680K) Class: 2658K(2752K)->2658K(2752K)
[124.149s][info][gc             ] GC(376) Pause Young (Allocation Failure) 726M->617M(869M) 18.654ms
[124.149s][info][gc,cpu         ] GC(376) User=0.04s Sys=0.00s Real=0.02s
[124.370s][info][gc,start       ] GC(377) Pause Full (Allocation Failure)
[124.370s][info][gc,phases,start] GC(377) Marking Phase
[124.700s][info][gc,phases      ] GC(377) Marking Phase 330.115ms
[124.700s][info][gc,phases,start] GC(377) Summary Phase
[124.700s][info][gc,phases      ] GC(377) Summary Phase 0.026ms
[124.700s][info][gc,phases,start] GC(377) Forward
[124.828s][info][gc,phases      ] GC(377) Forward 127.823ms
[124.828s][info][gc,phases,start] GC(377) Adjust Pointers
[125.075s][info][gc,phases      ] GC(377) Adjust Pointers 247.032ms
[125.075s][info][gc,phases,start] GC(377) Compaction Phase
[125.239s][info][gc,phases      ] GC(377) Compaction Phase 163.429ms
[125.248s][info][gc,phases,start] GC(377) Post Compact
[125.250s][info][gc,phases      ] GC(377) Post Compact 2.228ms
[125.250s][info][gc,heap        ] GC(377) PSYoungGen: 121056K(222720K)->0K(222720K) Eden: 111616K(111616K)->0K(111616K) From: 9440K(111104K)->0K(111104K)
[125.250s][info][gc,heap        ] GC(377) ParOldGen: 623052K(667648K)->468847K(667648K)
[125.250s][info][gc,metaspace   ] GC(377) Metaspace: 18264K(18432K)->18264K(18432K) NonClass: 15606K(15680K)->15606K(15680K) Class: 2658K(2752K)->2658K(2752K)
[125.250s][info][gc             ] GC(377) Pause Full (Allocation Failure) 726M->457M(869M) 880.279ms
[125.250s][info][gc,cpu         ] GC(377) User=1.65s Sys=0.00s Real=0.88s
[125.494s][info][gc,start       ] GC(378) Pause Young (Allocation Failure)
[125.496s][info][gc,heap        ] GC(378) PSYoungGen: 111616K(222720K)->64K(222720K) Eden: 111616K(111616K)->0K(111616K) From: 0K(111104K)->64K(111104K)
[125.496s][info][gc,heap        ] GC(378) ParOldGen: 468847K(667648K)->468847K(667648K)
[125.496s][info][gc,metaspace   ] GC(378) Metaspace: 18264K(18432K)->18264K(18432K) NonClass: 15606K(15680K)->15606K(15680K) Class: 2658K(2752K)->2658K(2752K)
[125.496s][info][gc             ] GC(378) Pause Young (Allocation Failure) 566M->457M(869M) 1.728ms
[125.496s][info][gc,cpu         ] GC(378) User=0.01s Sys=0.00s Real=0.00s
[125.696s][info][gc,start       ] GC(379) Pause Young (Allocation Failure)
[125.708s][info][gc,heap        ] GC(379) PSYoungGen: 111680K(222720K)->7600K(222720K) Eden: 111616K(111616K)->0K(111616K) From: 64K(111104K)->7600K(111104K)
[125.708s][info][gc,heap        ] GC(379) ParOldGen: 468847K(667648K)->468863K(667648K)
[125.708s][info][gc,metaspace   ] GC(379) Metaspace: 18264K(18432K)->18264K(18432K) NonClass: 15606K(15680K)->15606K(15680K) Class: 2658K(2752K)->2658K(2752K)
[125.708s][info][gc             ] GC(379) Pause Young (Allocation Failure) 566M->465M(869M) 11.875ms
[125.708s][info][gc,cpu         ] GC(379) User=0.03s Sys=0.00s Real=0.01s
[125.767s][info][gc,start       ] GC(380) Pause Young (Allocation Failure)
[125.800s][info][gc,heap        ] GC(380) PSYoungGen: 119216K(222720K)->40032K(222720K) Eden: 111616K(111616K)->0K(111616K) From: 7600K(111104K)->40032K(111104K)
[125.800s][info][gc,heap        ] GC(380) ParOldGen: 468863K(667648K)->476514K(667648K)
[125.800s][info][gc,metaspace   ] GC(380) Metaspace: 18264K(18432K)->18264K(18432K) NonClass: 15606K(15680K)->15606K(15680K) Class: 2658K(2752K)->2658K(2752K)
[125.800s][info][gc             ] GC(380) Pause Young (Allocation Failure) 574M->504M(869M) 33.130ms
[125.800s][info][gc,cpu         ] GC(380) User=0.07s Sys=0.00s Real=0.03s
[125.963s][info][gc,start       ] GC(381) Pause Young (Allocation Failure)
[126.004s][info][gc,heap        ] GC(381) PSYoungGen: 151648K(222720K)->21984K(222720K) Eden: 111616K(111616K)->0K(111616K) From: 40032K(111104K)->21984K(111104K)
[126.004s][info][gc,heap        ] GC(381) ParOldGen: 476514K(667648K)->516978K(667648K)
[126.004s][info][gc,metaspace   ] GC(381) Metaspace: 18264K(18432K)->18264K(18432K) NonClass: 15606K(15680K)->15606K(15680K) Class: 2658K(2752K)->2658K(2752K)
[126.004s][info][gc             ] GC(381) Pause Young (Allocation Failure) 613M->526M(869M) 40.469ms
[126.004s][info][gc,cpu         ] GC(381) User=0.08s Sys=0.00s Real=0.04s
[126.094s][info][gc,start       ] GC(382) Pause Young (Allocation Failure)
[126.116s][info][gc,heap        ] GC(382) PSYoungGen: 133600K(222720K)->2208K(221696K) Eden: 111616K(111616K)->0K(111616K) From: 21984K(111104K)->2208K(110080K)
[126.116s][info][gc,heap        ] GC(382) ParOldGen: 516978K(667648K)->539161K(667648K)
[126.116s][info][gc,metaspace   ] GC(382) Metaspace: 18264K(18432K)->18264K(18432K) NonClass: 15606K(15680K)->15606K(15680K) Class: 2658K(2752K)->2658K(2752K)
[126.116s][info][gc             ] GC(382) Pause Young (Allocation Failure) 635M->528M(868M) 21.748ms
[126.116s][info][gc,cpu         ] GC(382) User=0.04s Sys=0.00s Real=0.02s
[126.321s][info][gc,start       ] GC(383) Pause Young (Allocation Failure)
[126.364s][info][gc,heap        ] GC(383) PSYoungGen: 113824K(221696K)->19040K(131072K) Eden: 111616K(111616K)->0K(111616K) From: 2208K(110080K)->19040K(19456K)
[126.364s][info][gc,heap        ] GC(383) ParOldGen: 539161K(667648K)->539161K(667648K)
[126.364s][info][gc,metaspace   ] GC(383) Metaspace: 18267K(18432K)->18267K(18432K) NonClass: 15609K(15680K)->15609K(15680K) Class: 2658K(2752K)->2658K(2752K)
[126.364s][info][gc             ] GC(383) Pause Young (Allocation Failure) 637M->545M(780M) 42.800ms
[126.364s][info][gc,cpu         ] GC(383) User=0.08s Sys=0.00s Real=0.05s
[126.532s][info][gc,start       ] GC(384) Pause Young (Allocation Failure)
[126.563s][info][gc,heap        ] GC(384) PSYoungGen: 130656K(131072K)->19328K(219648K) Eden: 111616K(111616K)->0K(118784K) From: 19040K(19456K)->19328K(100864K)
[126.563s][info][gc,heap        ] GC(384) ParOldGen: 539161K(667648K)->539161K(667648K)
[126.563s][info][gc,metaspace   ] GC(384) Metaspace: 18267K(18432K)->18267K(18432K) NonClass: 15609K(15680K)->15609K(15680K) Class: 2658K(2752K)->2658K(2752K)
[126.563s][info][gc             ] GC(384) Pause Young (Allocation Failure) 654M->545M(866M) 30.741ms
[126.563s][info][gc,cpu         ] GC(384) User=0.06s Sys=0.00s Real=0.03s
[126.708s][info][gc,start       ] GC(385) Pause Young (Allocation Failure)
[126.748s][info][gc,heap        ] GC(385) PSYoungGen: 138112K(219648K)->37065K(218624K) Eden: 118784K(118784K)->0K(118784K) From: 19328K(100864K)->37065K(99840K)
[126.748s][info][gc,heap        ] GC(385) ParOldGen: 539161K(667648K)->539161K(667648K)
[126.748s][info][gc,metaspace   ] GC(385) Metaspace: 18271K(18432K)->18271K(18432K) NonClass: 15613K(15680K)->15613K(15680K) Class: 2658K(2752K)->2658K(2752K)
[126.748s][info][gc             ] GC(385) Pause Young (Allocation Failure) 661M->562M(865M) 40.736ms
[126.748s][info][gc,cpu         ] GC(385) User=0.08s Sys=0.00s Real=0.04s
[126.807s][info][gc,start       ] GC(386) Pause Young (Allocation Failure)
[126.876s][info][gc,heap        ] GC(386) PSYoungGen: 155849K(218624K)->76809K(212992K) Eden: 118784K(118784K)->0K(117248K) From: 37065K(99840K)->76809K(95744K)
[126.876s][info][gc,heap        ] GC(386) ParOldGen: 539161K(667648K)->539161K(667648K)
[126.876s][info][gc,metaspace   ] GC(386) Metaspace: 18271K(18432K)->18271K(18432K) NonClass: 15613K(15680K)->15613K(15680K) Class: 2658K(2752K)->2658K(2752K)
[126.876s][info][gc             ] GC(386) Pause Young (Allocation Failure) 678M->601M(860M) 68.993ms
[126.876s][info][gc,cpu         ] GC(386) User=0.14s Sys=0.01s Real=0.07s
[127.032s][info][gc,start       ] GC(387) Pause Young (Allocation Failure)
[127.106s][info][gc,heap        ] GC(387) PSYoungGen: 194057K(212992K)->89289K(206848K) Eden: 117248K(117248K)->0K(117248K) From: 76809K(95744K)->89289K(89600K)
[127.106s][info][gc,heap        ] GC(387) ParOldGen: 539161K(667648K)->539161K(667648K)
[127.106s][info][gc,metaspace   ] GC(387) Metaspace: 18271K(18432K)->18271K(18432K) NonClass: 15613K(15680K)->15613K(15680K) Class: 2658K(2752K)->2658K(2752K)
[127.106s][info][gc             ] GC(387) Pause Young (Allocation Failure) 716M->613M(854M) 74.386ms
[127.107s][info][gc,cpu         ] GC(387) User=0.14s Sys=0.00s Real=0.08s
[127.204s][info][gc,start       ] GC(388) Pause Young (Allocation Failure)
[127.276s][info][gc,heap        ] GC(388) PSYoungGen: 206537K(206848K)->72265K(222720K) Eden: 117248K(117248K)->0K(111616K) From: 89289K(89600K)->72265K(111104K)
[127.276s][info][gc,heap        ] GC(388) ParOldGen: 539161K(667648K)->558185K(667648K)
[127.276s][info][gc,metaspace   ] GC(388) Metaspace: 18271K(18432K)->18271K(18432K) NonClass: 15613K(15680K)->15613K(15680K) Class: 2658K(2752K)->2658K(2752K)
[127.276s][info][gc             ] GC(388) Pause Young (Allocation Failure) 728M->615M(869M) 72.715ms
[127.276s][info][gc,cpu         ] GC(388) User=0.14s Sys=0.00s Real=0.07s
[127.425s][info][gc,start       ] GC(389) Pause Young (Allocation Failure)
[127.499s][info][gc,heap        ] GC(389) PSYoungGen: 183881K(222720K)->70976K(222720K) Eden: 111616K(111616K)->0K(111616K) From: 72265K(111104K)->70976K(111104K)
[127.499s][info][gc,heap        ] GC(389) ParOldGen: 558185K(667648K)->576410K(667648K)
[127.499s][info][gc,metaspace   ] GC(389) Metaspace: 18271K(18432K)->18271K(18432K) NonClass: 15613K(15680K)->15613K(15680K) Class: 2658K(2752K)->2658K(2752K)
[127.499s][info][gc             ] GC(389) Pause Young (Allocation Failure) 724M->632M(869M) 74.056ms
[127.499s][info][gc,cpu         ] GC(389) User=0.15s Sys=0.00s Real=0.07s
[127.648s][info][gc,start       ] GC(390) Pause Young (Allocation Failure)
[127.713s][info][gc,heap        ] GC(390) PSYoungGen: 182592K(222720K)->18752K(222720K) Eden: 111616K(111616K)->0K(111616K) From: 70976K(111104K)->18752K(111104K)
[127.713s][info][gc,heap        ] GC(390) ParOldGen: 576410K(667648K)->629266K(667648K)
[127.713s][info][gc,metaspace   ] GC(390) Metaspace: 18271K(18432K)->18271K(18432K) NonClass: 15613K(15680K)->15613K(15680K) Class: 2658K(2752K)->2658K(2752K)
[127.713s][info][gc             ] GC(390) Pause Young (Allocation Failure) 741M->632M(869M) 64.965ms
[127.713s][info][gc,cpu         ] GC(390) User=0.13s Sys=0.00s Real=0.07s
[127.862s][info][gc,start       ] GC(391) Pause Full (Allocation Failure)
[127.863s][info][gc,phases,start] GC(391) Marking Phase
[128.176s][info][gc,phases      ] GC(391) Marking Phase 313.136ms
[128.176s][info][gc,phases,start] GC(391) Summary Phase
[128.176s][info][gc,phases      ] GC(391) Summary Phase 0.024ms
[128.176s][info][gc,phases,start] GC(391) Forward
[128.296s][info][gc,phases      ] GC(391) Forward 120.006ms
[128.296s][info][gc,phases,start] GC(391) Adjust Pointers
[128.549s][info][gc,phases      ] GC(391) Adjust Pointers 253.433ms
[128.549s][info][gc,phases,start] GC(391) Compaction Phase
[128.684s][info][gc,phases      ] GC(391) Compaction Phase 134.164ms
[128.698s][info][gc,phases,start] GC(391) Post Compact
[128.700s][info][gc,phases      ] GC(391) Post Compact 2.249ms
[128.700s][info][gc,heap        ] GC(391) PSYoungGen: 130368K(222720K)->0K(222720K) Eden: 111616K(111616K)->0K(111616K) From: 18752K(111104K)->0K(111104K)
[128.700s][info][gc,heap        ] GC(391) ParOldGen: 629266K(667648K)->482337K(667648K)
[128.700s][info][gc,metaspace   ] GC(391) Metaspace: 18271K(18432K)->18271K(18432K) NonClass: 15613K(15680K)->15613K(15680K) Class: 2658K(2752K)->2658K(2752K)
[128.700s][info][gc             ] GC(391) Pause Full (Allocation Failure) 741M->471M(869M) 837.503ms
[128.700s][info][gc,cpu         ] GC(391) User=1.57s Sys=0.00s Real=0.84s
[128.850s][info][gc,start       ] GC(392) Pause Young (Allocation Failure)
[128.852s][info][gc,heap        ] GC(392) PSYoungGen: 111616K(222720K)->64K(222720K) Eden: 111616K(111616K)->0K(111616K) From: 0K(111104K)->64K(111104K)
[128.852s][info][gc,heap        ] GC(392) ParOldGen: 482337K(667648K)->482337K(667648K)
[128.852s][info][gc,metaspace   ] GC(392) Metaspace: 18271K(18432K)->18271K(18432K) NonClass: 15613K(15680K)->15613K(15680K) Class: 2658K(2752K)->2658K(2752K)
[128.852s][info][gc             ] GC(392) Pause Young (Allocation Failure) 580M->471M(869M) 1.574ms
[128.852s][info][gc,cpu         ] GC(392) User=0.00s Sys=0.00s Real=0.00s
[128.996s][info][gc,start       ] GC(393) Pause Young (Allocation Failure)
[128.998s][info][gc,heap        ] GC(393) PSYoungGen: 111680K(222720K)->64K(222720K) Eden: 111616K(111616K)->0K(111616K) From: 64K(111104K)->64K(111104K)
[128.998s][info][gc,heap        ] GC(393) ParOldGen: 482337K(667648K)->482353K(667648K)
[128.998s][info][gc,metaspace   ] GC(393) Metaspace: 18271K(18432K)->18271K(18432K) NonClass: 15613K(15680K)->15613K(15680K) Class: 2658K(2752K)->2658K(2752K)
[128.998s][info][gc             ] GC(393) Pause Young (Allocation Failure) 580M->471M(869M) 1.607ms
[128.998s][info][gc,cpu         ] GC(393) User=0.00s Sys=0.00s Real=0.00s
[129.140s][info][gc,start       ] GC(394) Pause Young (Allocation Failure)
[129.142s][info][gc,heap        ] GC(394) PSYoungGen: 111680K(222720K)->64K(222720K) Eden: 111616K(111616K)->0K(111616K) From: 64K(111104K)->64K(111104K)
[129.142s][info][gc,heap        ] GC(394) ParOldGen: 482353K(667648K)->482353K(667648K)
[129.142s][info][gc,metaspace   ] GC(394) Metaspace: 18271K(18432K)->18271K(18432K) NonClass: 15613K(15680K)->15613K(15680K) Class: 2658K(2752K)->2658K(2752K)
[129.142s][info][gc             ] GC(394) Pause Young (Allocation Failure) 580M->471M(869M) 1.585ms
[129.142s][info][gc,cpu         ] GC(394) User=0.00s Sys=0.00s Real=0.00s
[129.283s][info][gc,start       ] GC(395) Pause Young (Allocation Failure)
[129.285s][info][gc,heap        ] GC(395) PSYoungGen: 111680K(222720K)->64K(222720K) Eden: 111616K(111616K)->0K(111616K) From: 64K(111104K)->64K(111104K)
[129.285s][info][gc,heap        ] GC(395) ParOldGen: 482353K(667648K)->482353K(667648K)
[129.285s][info][gc,metaspace   ] GC(395) Metaspace: 18271K(18432K)->18271K(18432K) NonClass: 15613K(15680K)->15613K(15680K) Class: 2658K(2752K)->2658K(2752K)
[129.285s][info][gc             ] GC(395) Pause Young (Allocation Failure) 580M->471M(869M) 1.585ms
[129.285s][info][gc,cpu         ] GC(395) User=0.00s Sys=0.00s Real=0.01s
[129.406s][info][gc,start       ] GC(396) Pause Young (Allocation Failure)
[129.419s][info][gc,heap        ] GC(396) PSYoungGen: 111680K(222720K)->11712K(218624K) Eden: 111616K(111616K)->0K(111616K) From: 64K(111104K)->11712K(107008K)
[129.419s][info][gc,heap        ] GC(396) ParOldGen: 482353K(667648K)->482353K(667648K)
[129.419s][info][gc,metaspace   ] GC(396) Metaspace: 18271K(18432K)->18271K(18432K) NonClass: 15613K(15680K)->15613K(15680K) Class: 2658K(2752K)->2658K(2752K)
[129.419s][info][gc             ] GC(396) Pause Young (Allocation Failure) 580M->482M(865M) 13.726ms
[129.419s][info][gc,cpu         ] GC(396) User=0.03s Sys=0.00s Real=0.01s
[129.520s][info][gc,start       ] GC(397) Pause Young (Allocation Failure)
[129.552s][info][gc,heap        ] GC(397) PSYoungGen: 123328K(218624K)->31360K(143360K) Eden: 111616K(111616K)->0K(111616K) From: 11712K(107008K)->31360K(31744K)
[129.552s][info][gc,heap        ] GC(397) ParOldGen: 482353K(667648K)->482353K(667648K)
[129.552s][info][gc,metaspace   ] GC(397) Metaspace: 18271K(18432K)->18271K(18432K) NonClass: 15613K(15680K)->15613K(15680K) Class: 2658K(2752K)->2658K(2752K)
[129.552s][info][gc             ] GC(397) Pause Young (Allocation Failure) 591M->501M(792M) 31.876ms
[129.552s][info][gc,cpu         ] GC(397) User=0.06s Sys=0.00s Real=0.03s
[129.654s][info][gc,start       ] GC(398) Pause Young (Allocation Failure)
[129.691s][info][gc,heap        ] GC(398) PSYoungGen: 142976K(143360K)->35040K(215040K) Eden: 111616K(111616K)->0K(119808K) From: 31360K(31744K)->35040K(95232K)
[129.691s][info][gc,heap        ] GC(398) ParOldGen: 482353K(667648K)->482353K(667648K)
[129.691s][info][gc,metaspace   ] GC(398) Metaspace: 18271K(18432K)->18271K(18432K) NonClass: 15613K(15680K)->15613K(15680K) Class: 2658K(2752K)->2658K(2752K)
[129.691s][info][gc             ] GC(398) Pause Young (Allocation Failure) 610M->505M(862M) 37.075ms
[129.691s][info][gc,cpu         ] GC(398) User=0.07s Sys=0.00s Real=0.03s
[129.788s][info][gc,start       ] GC(399) Pause Young (Allocation Failure)
[129.823s][info][gc,heap        ] GC(399) PSYoungGen: 154848K(215040K)->36416K(217600K) Eden: 119808K(119808K)->0K(119808K) From: 35040K(95232K)->36416K(97792K)
[129.823s][info][gc,heap        ] GC(399) ParOldGen: 482353K(667648K)->482353K(667648K)
[129.823s][info][gc,metaspace   ] GC(399) Metaspace: 18271K(18432K)->18271K(18432K) NonClass: 15613K(15680K)->15613K(15680K) Class: 2658K(2752K)->2658K(2752K)
[129.823s][info][gc             ] GC(399) Pause Young (Allocation Failure) 622M->506M(864M) 35.801ms
[129.824s][info][gc,cpu         ] GC(399) User=0.07s Sys=0.00s Real=0.04s
[129.933s][info][gc,start       ] GC(400) Pause Young (Allocation Failure)
[129.971s][info][gc,heap        ] GC(400) PSYoungGen: 156224K(217600K)->39840K(218624K) Eden: 119808K(119808K)->0K(129536K) From: 36416K(97792K)->39840K(89088K)
[129.971s][info][gc,heap        ] GC(400) ParOldGen: 482353K(667648K)->482353K(667648K)
[129.972s][info][gc,metaspace   ] GC(400) Metaspace: 18271K(18432K)->18271K(18432K) NonClass: 15613K(15680K)->15613K(15680K) Class: 2658K(2752K)->2658K(2752K)
[129.972s][info][gc             ] GC(400) Pause Young (Allocation Failure) 623M->509M(865M) 39.007ms
[129.972s][info][gc,cpu         ] GC(400) User=0.07s Sys=0.00s Real=0.04s
[130.086s][info][gc,start       ] GC(401) Pause Young (Allocation Failure)
[130.125s][info][gc,heap        ] GC(401) PSYoungGen: 169376K(218624K)->39904K(220672K) Eden: 129536K(129536K)->0K(129536K) From: 39840K(89088K)->39904K(91136K)
[130.125s][info][gc,heap        ] GC(401) ParOldGen: 482353K(667648K)->482353K(667648K)
[130.125s][info][gc,metaspace   ] GC(401) Metaspace: 18275K(18432K)->18275K(18432K) NonClass: 15617K(15680K)->15617K(15680K) Class: 2658K(2752K)->2658K(2752K)
[130.125s][info][gc             ] GC(401) Pause Young (Allocation Failure) 636M->510M(867M) 38.890ms
[130.125s][info][gc,cpu         ] GC(401) User=0.08s Sys=0.00s Real=0.04s
[130.242s][info][gc,start       ] GC(402) Pause Young (Allocation Failure)
[130.288s][info][gc,heap        ] GC(402) PSYoungGen: 169440K(220672K)->48160K(228864K) Eden: 129536K(129536K)->0K(139776K) From: 39904K(91136K)->48160K(89088K)
[130.288s][info][gc,heap        ] GC(402) ParOldGen: 482353K(667648K)->482353K(667648K)
[130.288s][info][gc,metaspace   ] GC(402) Metaspace: 18275K(18432K)->18275K(18432K) NonClass: 15617K(15680K)->15617K(15680K) Class: 2658K(2752K)->2658K(2752K)
[130.288s][info][gc             ] GC(402) Pause Young (Allocation Failure) 636M->518M(875M) 45.629ms
[130.288s][info][gc,cpu         ] GC(402) User=0.09s Sys=0.00s Real=0.05s
[130.420s][info][gc,start       ] GC(403) Pause Young (Allocation Failure)
[130.491s][info][gc,heap        ] GC(403) PSYoungGen: 187936K(228864K)->72720K(229376K) Eden: 139776K(139776K)->0K(139776K) From: 48160K(89088K)->72720K(89600K)
[130.491s][info][gc,heap        ] GC(403) ParOldGen: 482353K(667648K)->482353K(667648K)
[130.491s][info][gc,metaspace   ] GC(403) Metaspace: 18275K(18432K)->18275K(18432K) NonClass: 15617K(15680K)->15617K(15680K) Class: 2658K(2752K)->2658K(2752K)
[130.491s][info][gc             ] GC(403) Pause Young (Allocation Failure) 654M->542M(876M) 70.660ms
[130.491s][info][gc,cpu         ] GC(403) User=0.14s Sys=0.00s Real=0.07s
[130.650s][info][gc,start       ] GC(404) Pause Young (Allocation Failure)
[130.750s][info][gc,heap        ] GC(404) PSYoungGen: 212496K(229376K)->94688K(209920K) Eden: 139776K(139776K)->0K(111616K) From: 72720K(89600K)->94688K(98304K)
[130.750s][info][gc,heap        ] GC(404) ParOldGen: 482353K(667648K)->482353K(667648K)
[130.750s][info][gc,metaspace   ] GC(404) Metaspace: 18275K(18432K)->18275K(18432K) NonClass: 15617K(15680K)->15617K(15680K) Class: 2658K(2752K)->2658K(2752K)
[130.750s][info][gc             ] GC(404) Pause Young (Allocation Failure) 678M->563M(857M) 100.273ms
[130.750s][info][gc,cpu         ] GC(404) User=0.19s Sys=0.01s Real=0.10s
[130.868s][info][gc,start       ] GC(405) Pause Young (Allocation Failure)
[130.961s][info][gc,heap        ] GC(405) PSYoungGen: 206304K(209920K)->67408K(222720K) Eden: 111616K(111616K)->0K(111616K) From: 94688K(98304K)->67408K(111104K)
[130.961s][info][gc,heap        ] GC(405) ParOldGen: 482353K(667648K)->513753K(667648K)
[130.961s][info][gc,metaspace   ] GC(405) Metaspace: 18275K(18432K)->18275K(18432K) NonClass: 15617K(15680K)->15617K(15680K) Class: 2658K(2752K)->2658K(2752K)
[130.961s][info][gc             ] GC(405) Pause Young (Allocation Failure) 672M->567M(869M) 92.319ms
[130.961s][info][gc,cpu         ] GC(405) User=0.19s Sys=0.00s Real=0.09s
[131.122s][info][gc,start       ] GC(406) Pause Young (Allocation Failure)
[131.189s][info][gc,heap        ] GC(406) PSYoungGen: 179024K(222720K)->63568K(222720K) Eden: 111616K(111616K)->0K(111616K) From: 67408K(111104K)->63568K(111104K)
[131.189s][info][gc,heap        ] GC(406) ParOldGen: 513753K(667648K)->518833K(667648K)
[131.189s][info][gc,metaspace   ] GC(406) Metaspace: 18275K(18432K)->18275K(18432K) NonClass: 15617K(15680K)->15617K(15680K) Class: 2658K(2752K)->2658K(2752K)
[131.189s][info][gc             ] GC(406) Pause Young (Allocation Failure) 676M->568M(869M) 66.364ms
[131.189s][info][gc,cpu         ] GC(406) User=0.13s Sys=0.00s Real=0.07s
[131.316s][info][gc,start       ] GC(407) Pause Young (Allocation Failure)
[131.380s][info][gc,heap        ] GC(407) PSYoungGen: 175184K(222720K)->63472K(222720K) Eden: 111616K(111616K)->0K(111616K) From: 63568K(111104K)->63472K(111104K)
[131.380s][info][gc,heap        ] GC(407) ParOldGen: 518833K(667648K)->522337K(667648K)
[131.380s][info][gc,metaspace   ] GC(407) Metaspace: 18276K(18432K)->18276K(18432K) NonClass: 15618K(15680K)->15618K(15680K) Class: 2658K(2752K)->2658K(2752K)
[131.380s][info][gc             ] GC(407) Pause Young (Allocation Failure) 677M->572M(869M) 64.066ms
[131.380s][info][gc,cpu         ] GC(407) User=0.13s Sys=0.00s Real=0.06s
[131.501s][info][gc,start       ] GC(408) Pause Young (Allocation Failure)
[131.567s][info][gc,heap        ] GC(408) PSYoungGen: 175088K(222720K)->35680K(221696K) Eden: 111616K(111616K)->0K(111616K) From: 63472K(111104K)->35680K(110080K)
[131.567s][info][gc,heap        ] GC(408) ParOldGen: 522337K(667648K)->555233K(667648K)
[131.567s][info][gc,metaspace   ] GC(408) Metaspace: 18276K(18432K)->18276K(18432K) NonClass: 15618K(15680K)->15618K(15680K) Class: 2658K(2752K)->2658K(2752K)
[131.567s][info][gc             ] GC(408) Pause Young (Allocation Failure) 681M->577M(868M) 65.673ms
[131.567s][info][gc,cpu         ] GC(408) User=0.13s Sys=0.00s Real=0.07s
[131.710s][info][gc,start       ] GC(409) Pause Young (Allocation Failure)
[131.762s][info][gc,heap        ] GC(409) PSYoungGen: 147296K(221696K)->31344K(143360K) Eden: 111616K(111616K)->0K(111616K) From: 35680K(110080K)->31344K(31744K)
[131.762s][info][gc,heap        ] GC(409) ParOldGen: 555233K(667648K)->577257K(667648K)
[131.762s][info][gc,metaspace   ] GC(409) Metaspace: 18276K(18432K)->18276K(18432K) NonClass: 15618K(15680K)->15618K(15680K) Class: 2658K(2752K)->2658K(2752K)
[131.762s][info][gc             ] GC(409) Pause Young (Allocation Failure) 686M->594M(792M) 51.679ms
[131.762s][info][gc,cpu         ] GC(409) User=0.10s Sys=0.00s Real=0.05s
[132.014s][info][gc,start       ] GC(410) Pause Young (Allocation Failure)
[132.048s][info][gc,heap        ] GC(410) PSYoungGen: 142960K(143360K)->28080K(223232K) Eden: 111616K(111616K)->0K(116224K) From: 31344K(31744K)->28080K(107008K)
[132.048s][info][gc,heap        ] GC(410) ParOldGen: 577257K(667648K)->581313K(667648K)
[132.048s][info][gc,metaspace   ] GC(410) Metaspace: 18276K(18432K)->18276K(18432K) NonClass: 15618K(15680K)->15618K(15680K) Class: 2658K(2752K)->2658K(2752K)
[132.048s][info][gc             ] GC(410) Pause Young (Allocation Failure) 703M->595M(870M) 33.993ms
[132.048s][info][gc,cpu         ] GC(410) User=0.07s Sys=0.00s Real=0.03s
[132.345s][info][gc,start       ] GC(411) Pause Young (Allocation Failure)
[132.374s][info][gc,heap        ] GC(411) PSYoungGen: 144304K(223232K)->28080K(220160K) Eden: 116224K(116224K)->0K(116224K) From: 28080K(107008K)->28080K(103936K)
[132.374s][info][gc,heap        ] GC(411) ParOldGen: 581313K(667648K)->581313K(667648K)
[132.374s][info][gc,metaspace   ] GC(411) Metaspace: 18277K(18432K)->18277K(18432K) NonClass: 15618K(15680K)->15618K(15680K) Class: 2658K(2752K)->2658K(2752K)
[132.374s][info][gc             ] GC(411) Pause Young (Allocation Failure) 708M->595M(867M) 28.393ms
[132.374s][info][gc,cpu         ] GC(411) User=0.06s Sys=0.00s Real=0.03s
[132.663s][info][gc,start       ] GC(412) Pause Young (Allocation Failure)
[132.692s][info][gc,heap        ] GC(412) PSYoungGen: 144304K(220160K)->28128K(221184K) Eden: 116224K(116224K)->0K(124928K) From: 28080K(103936K)->28128K(96256K)
[132.692s][info][gc,heap        ] GC(412) ParOldGen: 581313K(667648K)->581313K(667648K)
[132.692s][info][gc,metaspace   ] GC(412) Metaspace: 18277K(18432K)->18277K(18432K) NonClass: 15618K(15680K)->15618K(15680K) Class: 2658K(2752K)->2658K(2752K)
[132.692s][info][gc             ] GC(412) Pause Young (Allocation Failure) 708M->595M(868M) 28.630ms
[132.692s][info][gc,cpu         ] GC(412) User=0.06s Sys=0.00s Real=0.02s
[132.959s][info][gc,start       ] GC(413) Pause Young (Allocation Failure)
[132.990s][info][gc,heap        ] GC(413) PSYoungGen: 153056K(221184K)->28128K(222208K) Eden: 124928K(124928K)->0K(124928K) From: 28128K(96256K)->28128K(97280K)
[132.990s][info][gc,heap        ] GC(413) ParOldGen: 581313K(667648K)->581313K(667648K)
[132.990s][info][gc,metaspace   ] GC(413) Metaspace: 18277K(18432K)->18277K(18432K) NonClass: 15618K(15680K)->15618K(15680K) Class: 2658K(2752K)->2658K(2752K)
[132.991s][info][gc             ] GC(413) Pause Young (Allocation Failure) 717M->595M(869M) 31.401ms
[132.991s][info][gc,cpu         ] GC(413) User=0.06s Sys=0.00s Real=0.03s
[133.254s][info][gc,start       ] GC(414) Pause Young (Allocation Failure)
[133.285s][info][gc,heap        ] GC(414) PSYoungGen: 153056K(222208K)->28160K(219136K) Eden: 124928K(124928K)->0K(133120K) From: 28128K(97280K)->28160K(86016K)
[133.285s][info][gc,heap        ] GC(414) ParOldGen: 581313K(667648K)->581313K(667648K)
[133.285s][info][gc,metaspace   ] GC(414) Metaspace: 18277K(18432K)->18277K(18432K) NonClass: 15618K(15680K)->15618K(15680K) Class: 2658K(2752K)->2658K(2752K)
[133.285s][info][gc             ] GC(414) Pause Young (Allocation Failure) 717M->595M(866M) 31.583ms
[133.285s][info][gc,cpu         ] GC(414) User=0.07s Sys=0.00s Real=0.03s
[133.605s][info][gc,start       ] GC(415) Pause Young (Allocation Failure)
[133.633s][info][gc,heap        ] GC(415) PSYoungGen: 161280K(219136K)->28304K(223232K) Eden: 133120K(133120K)->0K(133120K) From: 28160K(86016K)->28304K(90112K)
[133.633s][info][gc,heap        ] GC(415) ParOldGen: 581313K(667648K)->581313K(667648K)
[133.633s][info][gc,metaspace   ] GC(415) Metaspace: 18277K(18432K)->18277K(18432K) NonClass: 15618K(15680K)->15618K(15680K) Class: 2658K(2752K)->2658K(2752K)
[133.634s][info][gc             ] GC(415) Pause Young (Allocation Failure) 725M->595M(870M) 28.758ms
[133.634s][info][gc,cpu         ] GC(415) User=0.06s Sys=0.00s Real=0.03s
[133.873s][info][gc,start       ] GC(416) Pause Young (Allocation Failure)
[133.909s][info][gc,heap        ] GC(416) PSYoungGen: 161424K(223232K)->38032K(219136K) Eden: 133120K(133120K)->0K(141312K) From: 28304K(90112K)->38032K(77824K)
[133.910s][info][gc,heap        ] GC(416) ParOldGen: 581313K(667648K)->581313K(667648K)
[133.910s][info][gc,metaspace   ] GC(416) Metaspace: 18277K(18432K)->18277K(18432K) NonClass: 15618K(15680K)->15618K(15680K) Class: 2658K(2752K)->2658K(2752K)
[133.910s][info][gc             ] GC(416) Pause Young (Allocation Failure) 725M->604M(866M) 36.757ms
[133.910s][info][gc,cpu         ] GC(416) User=0.07s Sys=0.00s Real=0.04s
[133.988s][info][gc,start       ] GC(417) Pause Young (Allocation Failure)
[134.063s][info][gc,heap        ] GC(417) PSYoungGen: 179344K(219136K)->82400K(223744K) Eden: 141312K(141312K)->0K(141312K) From: 38032K(77824K)->82400K(82432K)
[134.064s][info][gc,heap        ] GC(417) ParOldGen: 581313K(667648K)->587665K(667648K)
[134.064s][info][gc,metaspace   ] GC(417) Metaspace: 18277K(18432K)->18277K(18432K) NonClass: 15618K(15680K)->15618K(15680K) Class: 2658K(2752K)->2658K(2752K)
[134.064s][info][gc             ] GC(417) Pause Young (Allocation Failure) 742M->654M(870M) 75.115ms
[134.064s][info][gc,cpu         ] GC(417) User=0.15s Sys=0.00s Real=0.08s
[134.253s][info][gc,start       ] GC(418) Pause Young (Allocation Failure)
[134.333s][info][gc,heap        ] GC(418) PSYoungGen: 223712K(223744K)->90336K(212480K) Eden: 141312K(141312K)->0K(115712K) From: 82400K(82432K)->90336K(96768K)
[134.333s][info][gc,heap        ] GC(418) ParOldGen: 587665K(667648K)->592281K(667648K)
[134.333s][info][gc,metaspace   ] GC(418) Metaspace: 18278K(18432K)->18278K(18432K) NonClass: 15620K(15680K)->15620K(15680K) Class: 2658K(2752K)->2658K(2752K)
[134.333s][info][gc             ] GC(418) Pause Young (Allocation Failure) 792M->666M(859M) 80.618ms
[134.333s][info][gc,cpu         ] GC(418) User=0.15s Sys=0.01s Real=0.08s
[134.518s][info][gc,start       ] GC(419) Pause Young (Allocation Failure)
[134.612s][info][gc,heap        ] GC(419) PSYoungGen: 206048K(212480K)->106000K(222208K) Eden: 115712K(115712K)->0K(115712K) From: 90336K(96768K)->106000K(106496K)
[134.612s][info][gc,heap        ] GC(419) ParOldGen: 592281K(667648K)->592281K(667648K)
[134.612s][info][gc,metaspace   ] GC(419) Metaspace: 18278K(18432K)->18278K(18432K) NonClass: 15620K(15680K)->15620K(15680K) Class: 2658K(2752K)->2658K(2752K)
[134.612s][info][gc             ] GC(419) Pause Young (Allocation Failure) 779M->681M(869M) 94.142ms
[134.612s][info][gc,cpu         ] GC(419) User=0.19s Sys=0.00s Real=0.09s
[134.808s][info][gc,start       ] GC(420) Pause Young (Allocation Failure)
[134.905s][info][gc,heap        ] GC(420) PSYoungGen: 221712K(222208K)->86006K(222720K) Eden: 115712K(115712K)->0K(111616K) From: 106000K(106496K)->86006K(111104K)
[134.905s][info][gc,heap        ] GC(420) ParOldGen: 592281K(667648K)->614986K(667648K)
[134.905s][info][gc,metaspace   ] GC(420) Metaspace: 18278K(18432K)->18278K(18432K) NonClass: 15620K(15680K)->15620K(15680K) Class: 2658K(2752K)->2658K(2752K)
[134.905s][info][gc             ] GC(420) Pause Young (Allocation Failure) 794M->684M(869M) 97.527ms
[134.905s][info][gc,cpu         ] GC(420) User=0.19s Sys=0.00s Real=0.10s
[135.069s][info][gc,start       ] GC(421) Pause Young (Allocation Failure)
[135.148s][info][gc,heap        ] GC(421) PSYoungGen: 197622K(222720K)->91104K(222720K) Eden: 111616K(111616K)->0K(111616K) From: 86006K(111104K)->91104K(111104K)
[135.149s][info][gc,heap        ] GC(421) ParOldGen: 614986K(667648K)->615802K(667648K)
[135.149s][info][gc,metaspace   ] GC(421) Metaspace: 18278K(18432K)->18278K(18432K) NonClass: 15620K(15680K)->15620K(15680K) Class: 2658K(2752K)->2658K(2752K)
[135.149s][info][gc             ] GC(421) Pause Young (Allocation Failure) 793M->690M(869M) 79.235ms
[135.149s][info][gc,cpu         ] GC(421) User=0.15s Sys=0.00s Real=0.08s
[135.256s][info][gc,start       ] GC(422) Pause Young (Allocation Failure)
[135.406s][info][gc,heap        ] GC(422) PSYoungGen: 202720K(222720K)->111094K(222720K) Eden: 111616K(111616K)->0K(111616K) From: 91104K(111104K)->111094K(111104K)
[135.406s][info][gc,heap        ] GC(422) ParOldGen: 615802K(667648K)->629146K(667648K)
[135.406s][info][gc,metaspace   ] GC(422) Metaspace: 18278K(18432K)->18278K(18432K) NonClass: 15620K(15680K)->15620K(15680K) Class: 2658K(2752K)->2658K(2752K)
[135.406s][info][gc             ] GC(422) Pause Young (Allocation Failure) 799M->722M(869M) 150.052ms
[135.406s][info][gc,cpu         ] GC(422) User=0.30s Sys=0.01s Real=0.15s
[135.474s][info][gc,start       ] GC(423) Pause Young (Allocation Failure)
[135.596s][info][gc,heap        ] GC(423) PSYoungGen: 222710K(222720K)->111072K(222720K) Eden: 111616K(111616K)->0K(111616K) From: 111094K(111104K)->111072K(111104K)
[135.596s][info][gc,heap        ] GC(423) ParOldGen: 629146K(667648K)->666994K(667648K)
[135.596s][info][gc,metaspace   ] GC(423) Metaspace: 18278K(18432K)->18278K(18432K) NonClass: 15620K(15680K)->15620K(15680K) Class: 2658K(2752K)->2658K(2752K)
[135.596s][info][gc             ] GC(423) Pause Young (Allocation Failure) 831M->759M(869M) 122.188ms
[135.596s][info][gc,cpu         ] GC(423) User=0.24s Sys=0.00s Real=0.12s
[135.743s][info][gc,start       ] GC(424) Pause Full (Allocation Failure)
[135.743s][info][gc,phases,start] GC(424) Marking Phase
[135.975s][info][gc,phases      ] GC(424) Marking Phase 231.985ms
[135.975s][info][gc,phases,start] GC(424) Summary Phase
[135.975s][info][gc,phases      ] GC(424) Summary Phase 0.028ms
[135.975s][info][gc,phases,start] GC(424) Forward
[136.081s][info][gc,phases      ] GC(424) Forward 105.371ms
[136.081s][info][gc,phases,start] GC(424) Adjust Pointers
[136.262s][info][gc,phases      ] GC(424) Adjust Pointers 181.202ms
[136.262s][info][gc,phases,start] GC(424) Compaction Phase
[136.371s][info][gc,phases      ] GC(424) Compaction Phase 108.734ms
[136.378s][info][gc,phases,start] GC(424) Post Compact
[136.381s][info][gc,phases      ] GC(424) Post Compact 2.554ms
[136.381s][info][gc,heap        ] GC(424) PSYoungGen: 222688K(222720K)->0K(222720K) Eden: 111616K(111616K)->0K(111616K) From: 111072K(111104K)->0K(111104K)
[136.381s][info][gc,heap        ] GC(424) ParOldGen: 666994K(667648K)->375870K(663040K)
[136.381s][info][gc,metaspace   ] GC(424) Metaspace: 18278K(18432K)->18278K(18432K) NonClass: 15620K(15680K)->15620K(15680K) Class: 2658K(2752K)->2658K(2752K)
[136.381s][info][gc             ] GC(424) Pause Full (Allocation Failure) 868M->367M(865M) 638.452ms
[136.382s][info][gc,cpu         ] GC(424) User=1.16s Sys=0.00s Real=0.64s
[136.496s][info][gc,start       ] GC(425) Pause Young (Allocation Failure)
[136.498s][info][gc,heap        ] GC(425) PSYoungGen: 111616K(222720K)->128K(222720K) Eden: 111616K(111616K)->0K(111616K) From: 0K(111104K)->128K(111104K)
[136.498s][info][gc,heap        ] GC(425) ParOldGen: 375870K(663040K)->375870K(663040K)
[136.498s][info][gc,metaspace   ] GC(425) Metaspace: 18278K(18432K)->18278K(18432K) NonClass: 15620K(15680K)->15620K(15680K) Class: 2658K(2752K)->2658K(2752K)
[136.498s][info][gc             ] GC(425) Pause Young (Allocation Failure) 476M->367M(865M) 1.565ms
[136.498s][info][gc,cpu         ] GC(425) User=0.00s Sys=0.00s Real=0.00s
[136.610s][info][gc,start       ] GC(426) Pause Young (Allocation Failure)
[136.612s][info][gc,heap        ] GC(426) PSYoungGen: 111744K(222720K)->224K(222720K) Eden: 111616K(111616K)->0K(111616K) From: 128K(111104K)->224K(111104K)
[136.612s][info][gc,heap        ] GC(426) ParOldGen: 375870K(663040K)->375870K(663040K)
[136.612s][info][gc,metaspace   ] GC(426) Metaspace: 18278K(18432K)->18278K(18432K) NonClass: 15620K(15680K)->15620K(15680K) Class: 2658K(2752K)->2658K(2752K)
[136.612s][info][gc             ] GC(426) Pause Young (Allocation Failure) 476M->367M(865M) 1.797ms
[136.612s][info][gc,cpu         ] GC(426) User=0.00s Sys=0.00s Real=0.00s
[136.722s][info][gc,start       ] GC(427) Pause Young (Allocation Failure)
[136.724s][info][gc,heap        ] GC(427) PSYoungGen: 111840K(222720K)->352K(222720K) Eden: 111616K(111616K)->0K(111616K) From: 224K(111104K)->352K(111104K)
[136.724s][info][gc,heap        ] GC(427) ParOldGen: 375870K(663040K)->375870K(663040K)
[136.724s][info][gc,metaspace   ] GC(427) Metaspace: 18278K(18432K)->18278K(18432K) NonClass: 15620K(15680K)->15620K(15680K) Class: 2658K(2752K)->2658K(2752K)
[136.724s][info][gc             ] GC(427) Pause Young (Allocation Failure) 476M->367M(865M) 1.918ms
[136.724s][info][gc,cpu         ] GC(427) User=0.00s Sys=0.00s Real=0.01s
[136.836s][info][gc,start       ] GC(428) Pause Young (Allocation Failure)
[136.838s][info][gc,heap        ] GC(428) PSYoungGen: 111968K(222720K)->384K(222720K) Eden: 111616K(111616K)->0K(111616K) From: 352K(111104K)->384K(111104K)
[136.838s][info][gc,heap        ] GC(428) ParOldGen: 375870K(663040K)->375870K(663040K)
[136.838s][info][gc,metaspace   ] GC(428) Metaspace: 18278K(18432K)->18278K(18432K) NonClass: 15620K(15680K)->15620K(15680K) Class: 2658K(2752K)->2658K(2752K)
[136.838s][info][gc             ] GC(428) Pause Young (Allocation Failure) 476M->367M(865M) 1.909ms
[136.838s][info][gc,cpu         ] GC(428) User=0.01s Sys=0.00s Real=0.00s
[136.951s][info][gc,start       ] GC(429) Pause Young (Allocation Failure)
[136.953s][info][gc,heap        ] GC(429) PSYoungGen: 112000K(222720K)->288K(222720K) Eden: 111616K(111616K)->0K(111616K) From: 384K(111104K)->288K(111104K)
[136.953s][info][gc,heap        ] GC(429) ParOldGen: 375870K(663040K)->376054K(663040K)
[136.953s][info][gc,metaspace   ] GC(429) Metaspace: 18278K(18432K)->18278K(18432K) NonClass: 15620K(15680K)->15620K(15680K) Class: 2658K(2752K)->2658K(2752K)
[136.953s][info][gc             ] GC(429) Pause Young (Allocation Failure) 476M->367M(865M) 1.941ms
[136.953s][info][gc,cpu         ] GC(429) User=0.01s Sys=0.00s Real=0.00s
[137.063s][info][gc,start       ] GC(430) Pause Young (Allocation Failure)
[137.065s][info][gc,heap        ] GC(430) PSYoungGen: 111904K(222720K)->192K(222720K) Eden: 111616K(111616K)->0K(111616K) From: 288K(111104K)->192K(111104K)
[137.065s][info][gc,heap        ] GC(430) ParOldGen: 376054K(663040K)->376254K(663040K)
[137.065s][info][gc,metaspace   ] GC(430) Metaspace: 18278K(18432K)->18278K(18432K) NonClass: 15620K(15680K)->15620K(15680K) Class: 2658K(2752K)->2658K(2752K)
[137.065s][info][gc             ] GC(430) Pause Young (Allocation Failure) 476M->367M(865M) 1.967ms
[137.065s][info][gc,cpu         ] GC(430) User=0.01s Sys=0.00s Real=0.01s
[137.175s][info][gc,start       ] GC(431) Pause Young (Allocation Failure)
[137.176s][info][gc,heap        ] GC(431) PSYoungGen: 111808K(222720K)->128K(222720K) Eden: 111616K(111616K)->0K(111616K) From: 192K(111104K)->128K(111104K)
[137.177s][info][gc,heap        ] GC(431) ParOldGen: 376254K(663040K)->376422K(663040K)
[137.177s][info][gc,metaspace   ] GC(431) Metaspace: 18278K(18432K)->18278K(18432K) NonClass: 15620K(15680K)->15620K(15680K) Class: 2658K(2752K)->2658K(2752K)
[137.177s][info][gc             ] GC(431) Pause Young (Allocation Failure) 476M->367M(865M) 1.820ms
[137.177s][info][gc,cpu         ] GC(431) User=0.00s Sys=0.00s Real=0.00s
[137.285s][info][gc,start       ] GC(432) Pause Young (Allocation Failure)
[137.287s][info][gc,heap        ] GC(432) PSYoungGen: 111744K(222720K)->96K(222720K) Eden: 111616K(111616K)->0K(111616K) From: 128K(111104K)->96K(111104K)
[137.287s][info][gc,heap        ] GC(432) ParOldGen: 376422K(663040K)->376518K(663040K)
[137.287s][info][gc,metaspace   ] GC(432) Metaspace: 18278K(18432K)->18278K(18432K) NonClass: 15620K(15680K)->15620K(15680K) Class: 2658K(2752K)->2658K(2752K)
[137.287s][info][gc             ] GC(432) Pause Young (Allocation Failure) 476M->367M(865M) 2.153ms
[137.287s][info][gc,cpu         ] GC(432) User=0.01s Sys=0.00s Real=0.00s
[137.413s][info][gc,start       ] GC(433) Pause Young (Allocation Failure)
[137.418s][info][gc,heap        ] GC(433) PSYoungGen: 111712K(222720K)->2080K(222720K) Eden: 111616K(111616K)->0K(111616K) From: 96K(111104K)->2080K(111104K)
[137.418s][info][gc,heap        ] GC(433) ParOldGen: 376518K(663040K)->376574K(663040K)
[137.418s][info][gc,metaspace   ] GC(433) Metaspace: 18278K(18432K)->18278K(18432K) NonClass: 15620K(15680K)->15620K(15680K) Class: 2658K(2752K)->2658K(2752K)
[137.418s][info][gc             ] GC(433) Pause Young (Allocation Failure) 476M->369M(865M) 5.588ms
[137.418s][info][gc,cpu         ] GC(433) User=0.01s Sys=0.00s Real=0.01s
[137.539s][info][gc,start       ] GC(434) Pause Young (Allocation Failure)
[137.554s][info][gc,heap        ] GC(434) PSYoungGen: 113696K(222720K)->1675K(222720K) Eden: 111616K(111616K)->0K(111616K) From: 2080K(111104K)->1675K(111104K)
[137.554s][info][gc,heap        ] GC(434) ParOldGen: 376574K(663040K)->378638K(663040K)
[137.554s][info][gc,metaspace   ] GC(434) Metaspace: 18278K(18432K)->18278K(18432K) NonClass: 15620K(15680K)->15620K(15680K) Class: 2658K(2752K)->2658K(2752K)
[137.554s][info][gc             ] GC(434) Pause Young (Allocation Failure) 478M->371M(865M) 15.680ms
[137.554s][info][gc,cpu         ] GC(434) User=0.03s Sys=0.00s Real=0.02s
[137.679s][info][gc,start       ] GC(435) Pause Young (Allocation Failure)
[137.718s][info][gc,heap        ] GC(435) PSYoungGen: 113291K(222720K)->25568K(222720K) Eden: 111616K(111616K)->0K(111616K) From: 1675K(111104K)->25568K(111104K)
[137.718s][info][gc,heap        ] GC(435) ParOldGen: 378638K(663040K)->380282K(663040K)
[137.718s][info][gc,metaspace   ] GC(435) Metaspace: 18278K(18432K)->18278K(18432K) NonClass: 15620K(15680K)->15620K(15680K) Class: 2658K(2752K)->2658K(2752K)
[137.718s][info][gc             ] GC(435) Pause Young (Allocation Failure) 480M->396M(865M) 39.312ms
[137.718s][info][gc,cpu         ] GC(435) User=0.08s Sys=0.00s Real=0.04s
[137.823s][info][gc,start       ] GC(436) Pause Young (Allocation Failure)
[137.868s][info][gc,heap        ] GC(436) PSYoungGen: 137184K(222720K)->11872K(222720K) Eden: 111616K(111616K)->0K(111616K) From: 25568K(111104K)->11872K(111104K)
[137.868s][info][gc,heap        ] GC(436) ParOldGen: 380282K(663040K)->405874K(663040K)
[137.868s][info][gc,metaspace   ] GC(436) Metaspace: 18278K(18432K)->18278K(18432K) NonClass: 15620K(15680K)->15620K(15680K) Class: 2658K(2752K)->2658K(2752K)
[137.868s][info][gc             ] GC(436) Pause Young (Allocation Failure) 505M->407M(865M) 45.460ms
[137.868s][info][gc,cpu         ] GC(436) User=0.09s Sys=0.00s Real=0.05s
[137.976s][info][gc,start       ] GC(437) Pause Young (Allocation Failure)
[138.002s][info][gc,heap        ] GC(437) PSYoungGen: 123488K(222720K)->13184K(222720K) Eden: 111616K(111616K)->0K(111616K) From: 11872K(111104K)->13184K(111104K)
[138.003s][info][gc,heap        ] GC(437) ParOldGen: 405874K(663040K)->417746K(663040K)
[138.003s][info][gc,metaspace   ] GC(437) Metaspace: 18278K(18432K)->18278K(18432K) NonClass: 15620K(15680K)->15620K(15680K) Class: 2658K(2752K)->2658K(2752K)
[138.003s][info][gc             ] GC(437) Pause Young (Allocation Failure) 516M->420M(865M) 26.205ms
[138.003s][info][gc,cpu         ] GC(437) User=0.06s Sys=0.00s Real=0.02s
[138.075s][info][gc,start       ] GC(438) Pause Young (Allocation Failure)
[138.090s][info][gc,heap        ] GC(438) PSYoungGen: 124800K(222720K)->416K(215552K) Eden: 111616K(111616K)->0K(111616K) From: 13184K(111104K)->416K(103936K)
[138.091s][info][gc,heap        ] GC(438) ParOldGen: 417746K(663040K)->430962K(663040K)
[138.091s][info][gc,metaspace   ] GC(438) Metaspace: 18278K(18432K)->18278K(18432K) NonClass: 15620K(15680K)->15620K(15680K) Class: 2658K(2752K)->2658K(2752K)
[138.091s][info][gc             ] GC(438) Pause Young (Allocation Failure) 529M->421M(858M) 15.259ms
[138.091s][info][gc,cpu         ] GC(438) User=0.03s Sys=0.00s Real=0.01s
[138.192s][info][gc,start       ] GC(439) Pause Young (Allocation Failure)
[138.199s][info][gc,heap        ] GC(439) PSYoungGen: 112032K(215552K)->1568K(219136K) Eden: 111616K(111616K)->0K(111616K) From: 416K(103936K)->1568K(107520K)
[138.199s][info][gc,heap        ] GC(439) ParOldGen: 430962K(663040K)->430962K(663040K)
[138.199s][info][gc,metaspace   ] GC(439) Metaspace: 18278K(18432K)->18278K(18432K) NonClass: 15620K(15680K)->15620K(15680K) Class: 2658K(2752K)->2658K(2752K)
[138.199s][info][gc             ] GC(439) Pause Young (Allocation Failure) 530M->422M(861M) 6.571ms
[138.199s][info][gc,cpu         ] GC(439) User=0.01s Sys=0.00s Real=0.01s
[138.305s][info][gc,start       ] GC(440) Pause Young (Allocation Failure)
[138.318s][info][gc,heap        ] GC(440) PSYoungGen: 113184K(219136K)->4928K(208896K) Eden: 111616K(111616K)->0K(119296K) From: 1568K(107520K)->4928K(89600K)
[138.318s][info][gc,heap        ] GC(440) ParOldGen: 430962K(663040K)->430962K(663040K)
[138.318s][info][gc,metaspace   ] GC(440) Metaspace: 18278K(18432K)->18278K(18432K) NonClass: 15620K(15680K)->15620K(15680K) Class: 2658K(2752K)->2658K(2752K)
[138.318s][info][gc             ] GC(440) Pause Young (Allocation Failure) 531M->425M(851M) 13.084ms
[138.318s][info][gc,cpu         ] GC(440) User=0.03s Sys=0.00s Real=0.01s
[138.412s][info][gc,start       ] GC(441) Pause Young (Allocation Failure)
[138.420s][info][gc,heap        ] GC(441) PSYoungGen: 124224K(208896K)->4992K(215552K) Eden: 119296K(119296K)->0K(119296K) From: 4928K(89600K)->4992K(96256K)
[138.420s][info][gc,heap        ] GC(441) ParOldGen: 430962K(663040K)->430962K(663040K)
[138.420s][info][gc,metaspace   ] GC(441) Metaspace: 18278K(18432K)->18278K(18432K) NonClass: 15620K(15680K)->15620K(15680K) Class: 2658K(2752K)->2658K(2752K)
[138.420s][info][gc             ] GC(441) Pause Young (Allocation Failure) 542M->425M(858M) 7.801ms
[138.420s][info][gc,cpu         ] GC(441) User=0.01s Sys=0.00s Real=0.01s
[138.540s][info][gc,start       ] GC(442) Pause Young (Allocation Failure)
[138.556s][info][gc,heap        ] GC(442) PSYoungGen: 124288K(215552K)->13632K(204288K) Eden: 119296K(119296K)->0K(126976K) From: 4992K(96256K)->13632K(77312K)
[138.557s][info][gc,heap        ] GC(442) ParOldGen: 430962K(663040K)->430962K(663040K)
[138.557s][info][gc,metaspace   ] GC(442) Metaspace: 18278K(18432K)->18278K(18432K) NonClass: 15620K(15680K)->15620K(15680K) Class: 2658K(2752K)->2658K(2752K)
[138.557s][info][gc             ] GC(442) Pause Young (Allocation Failure) 542M->434M(847M) 16.133ms
[138.557s][info][gc,cpu         ] GC(442) User=0.03s Sys=0.00s Real=0.02s
[138.668s][info][gc,start       ] GC(443) Pause Young (Allocation Failure)
[138.697s][info][gc,heap        ] GC(443) PSYoungGen: 140608K(204288K)->28496K(210944K) Eden: 126976K(126976K)->0K(126976K) From: 13632K(77312K)->28496K(83968K)
[138.698s][info][gc,heap        ] GC(443) ParOldGen: 430962K(663040K)->430962K(663040K)
[138.698s][info][gc,metaspace   ] GC(443) Metaspace: 18278K(18432K)->18278K(18432K) NonClass: 15620K(15680K)->15620K(15680K) Class: 2658K(2752K)->2658K(2752K)
[138.698s][info][gc             ] GC(443) Pause Young (Allocation Failure) 558M->448M(853M) 29.976ms
[138.698s][info][gc,cpu         ] GC(443) User=0.06s Sys=0.00s Real=0.03s
[138.920s][info][gc,start       ] GC(444) Pause Young (Allocation Failure)
[138.948s][info][gc,heap        ] GC(444) PSYoungGen: 155472K(210944K)->28528K(211968K) Eden: 126976K(126976K)->0K(135680K) From: 28496K(83968K)->28528K(76288K)
[138.948s][info][gc,heap        ] GC(444) ParOldGen: 430962K(663040K)->430962K(663040K)
[138.948s][info][gc,metaspace   ] GC(444) Metaspace: 18278K(18432K)->18278K(18432K) NonClass: 15620K(15680K)->15620K(15680K) Class: 2658K(2752K)->2658K(2752K)
[138.948s][info][gc             ] GC(444) Pause Young (Allocation Failure) 572M->448M(854M) 28.486ms
[138.949s][info][gc,cpu         ] GC(444) User=0.05s Sys=0.00s Real=0.03s
[139.170s][info][gc,start       ] GC(445) Pause Young (Allocation Failure)
[139.210s][info][gc,heap        ] GC(445) PSYoungGen: 164208K(211968K)->37584K(215040K) Eden: 135680K(135680K)->0K(135680K) From: 28528K(76288K)->37584K(79360K)
[139.210s][info][gc,heap        ] GC(445) ParOldGen: 430962K(663040K)->430962K(663040K)
[139.210s][info][gc,metaspace   ] GC(445) Metaspace: 18278K(18432K)->18278K(18432K) NonClass: 15620K(15680K)->15620K(15680K) Class: 2658K(2752K)->2658K(2752K)
[139.210s][info][gc             ] GC(445) Pause Young (Allocation Failure) 581M->457M(857M) 40.849ms
[139.210s][info][gc,cpu         ] GC(445) User=0.08s Sys=0.00s Real=0.04s
[139.361s][info][gc,start       ] GC(446) Pause Young (Allocation Failure)
[139.428s][info][gc,heap        ] GC(446) PSYoungGen: 173264K(215040K)->62464K(216576K) Eden: 135680K(135680K)->0K(136192K) From: 37584K(79360K)->62464K(80384K)
[139.428s][info][gc,heap        ] GC(446) ParOldGen: 430962K(663040K)->430962K(663040K)
[139.428s][info][gc,metaspace   ] GC(446) Metaspace: 18278K(18432K)->18278K(18432K) NonClass: 15620K(15680K)->15620K(15680K) Class: 2658K(2752K)->2658K(2752K)
[139.428s][info][gc             ] GC(446) Pause Young (Allocation Failure) 590M->481M(859M) 66.831ms
[139.428s][info][gc,cpu         ] GC(446) User=0.13s Sys=0.00s Real=0.07s
[139.564s][info][gc,start       ] GC(447) Pause Young (Allocation Failure)
[139.630s][info][gc,heap        ] GC(447) PSYoungGen: 198656K(216576K)->69840K(225792K) Eden: 136192K(136192K)->0K(136192K) From: 62464K(80384K)->69840K(89600K)
[139.630s][info][gc,heap        ] GC(447) ParOldGen: 430962K(663040K)->430962K(663040K)
[139.630s][info][gc,metaspace   ] GC(447) Metaspace: 18278K(18432K)->18278K(18432K) NonClass: 15620K(15680K)->15620K(15680K) Class: 2658K(2752K)->2658K(2752K)
[139.630s][info][gc             ] GC(447) Pause Young (Allocation Failure) 614M->489M(868M) 66.662ms
[139.630s][info][gc,cpu         ] GC(447) User=0.13s Sys=0.00s Real=0.06s
[139.776s][info][gc,start       ] GC(448) Pause Young (Allocation Failure)
[139.853s][info][gc,heap        ] GC(448) PSYoungGen: 206032K(225792K)->72016K(216576K) Eden: 136192K(136192K)->0K(116736K) From: 69840K(89600K)->72016K(99840K)
[139.853s][info][gc,heap        ] GC(448) ParOldGen: 430962K(663040K)->430962K(663040K)
[139.853s][info][gc,metaspace   ] GC(448) Metaspace: 18278K(18432K)->18278K(18432K) NonClass: 15620K(15680K)->15620K(15680K) Class: 2658K(2752K)->2658K(2752K)
[139.853s][info][gc             ] GC(448) Pause Young (Allocation Failure) 622M->491M(859M) 76.806ms
[139.853s][info][gc,cpu         ] GC(448) User=0.15s Sys=0.00s Real=0.07s
[139.978s][info][gc,start       ] GC(449) Pause Young (Allocation Failure)
[140.049s][info][gc,heap        ] GC(449) PSYoungGen: 188752K(216576K)->75872K(193024K) Eden: 116736K(116736K)->0K(116736K) From: 72016K(99840K)->75872K(76288K)
[140.049s][info][gc,heap        ] GC(449) ParOldGen: 430962K(663040K)->431362K(663040K)
[140.049s][info][gc,metaspace   ] GC(449) Metaspace: 18278K(18432K)->18278K(18432K) NonClass: 15620K(15680K)->15620K(15680K) Class: 2658K(2752K)->2658K(2752K)
[140.049s][info][gc             ] GC(449) Pause Young (Allocation Failure) 605M->495M(836M) 71.799ms
[140.049s][info][gc,cpu         ] GC(449) User=0.15s Sys=0.00s Real=0.07s
[140.158s][info][gc,start       ] GC(450) Pause Young (Allocation Failure)
[140.229s][info][gc,heap        ] GC(450) PSYoungGen: 192608K(193024K)->71408K(222720K) Eden: 116736K(116736K)->0K(111616K) From: 75872K(76288K)->71408K(111104K)
[140.229s][info][gc,heap        ] GC(450) ParOldGen: 431362K(663040K)->435890K(663040K)
[140.229s][info][gc,metaspace   ] GC(450) Metaspace: 18278K(18432K)->18278K(18432K) NonClass: 15620K(15680K)->15620K(15680K) Class: 2658K(2752K)->2658K(2752K)
[140.229s][info][gc             ] GC(450) Pause Young (Allocation Failure) 609M->495M(865M) 71.210ms
[140.229s][info][gc,cpu         ] GC(450) User=0.14s Sys=0.00s Real=0.07s
[140.319s][info][gc,start       ] GC(451) Pause Young (Allocation Failure)
[140.386s][info][gc,heap        ] GC(451) PSYoungGen: 183024K(222720K)->62736K(222720K) Eden: 111616K(111616K)->0K(111616K) From: 71408K(111104K)->62736K(111104K)
[140.386s][info][gc,heap        ] GC(451) ParOldGen: 435890K(663040K)->444594K(663040K)
[140.386s][info][gc,metaspace   ] GC(451) Metaspace: 18278K(18432K)->18278K(18432K) NonClass: 15620K(15680K)->15620K(15680K) Class: 2658K(2752K)->2658K(2752K)
[140.386s][info][gc             ] GC(451) Pause Young (Allocation Failure) 604M->495M(865M) 66.720ms
[140.386s][info][gc,cpu         ] GC(451) User=0.13s Sys=0.01s Real=0.07s
[140.547s][info][gc,start       ] GC(452) Pause Young (Allocation Failure)
[140.616s][info][gc,heap        ] GC(452) PSYoungGen: 174352K(222720K)->58976K(222720K) Eden: 111616K(111616K)->0K(111616K) From: 62736K(111104K)->58976K(111104K)
[140.616s][info][gc,heap        ] GC(452) ParOldGen: 444594K(663040K)->459547K(663040K)
[140.616s][info][gc,metaspace   ] GC(452) Metaspace: 18278K(18432K)->18278K(18432K) NonClass: 15620K(15680K)->15620K(15680K) Class: 2658K(2752K)->2658K(2752K)
[140.616s][info][gc             ] GC(452) Pause Young (Allocation Failure) 604M->506M(865M) 69.184ms
[140.616s][info][gc,cpu         ] GC(452) User=0.14s Sys=0.00s Real=0.07s
[140.806s][info][gc,start       ] GC(453) Pause Young (Allocation Failure)
[140.865s][info][gc,heap        ] GC(453) PSYoungGen: 170592K(222720K)->29216K(222720K) Eden: 111616K(111616K)->0K(111616K) From: 58976K(111104K)->29216K(111104K)
[140.865s][info][gc,heap        ] GC(453) ParOldGen: 459547K(663040K)->493571K(663040K)
[140.865s][info][gc,metaspace   ] GC(453) Metaspace: 18278K(18432K)->18278K(18432K) NonClass: 15620K(15680K)->15620K(15680K) Class: 2658K(2752K)->2658K(2752K)
[140.865s][info][gc             ] GC(453) Pause Young (Allocation Failure) 615M->510M(865M) 59.101ms
[140.865s][info][gc,cpu         ] GC(453) User=0.12s Sys=0.00s Real=0.06s
[141.190s][info][gc,start       ] GC(454) Pause Young (Allocation Failure)
[141.221s][info][gc,heap        ] GC(454) PSYoungGen: 140832K(222720K)->19712K(222720K) Eden: 111616K(111616K)->0K(111616K) From: 29216K(111104K)->19712K(111104K)
[141.221s][info][gc,heap        ] GC(454) ParOldGen: 493571K(663040K)->503171K(663040K)
[141.221s][info][gc,metaspace   ] GC(454) Metaspace: 18278K(18432K)->18278K(18432K) NonClass: 15620K(15680K)->15620K(15680K) Class: 2658K(2752K)->2658K(2752K)
[141.221s][info][gc             ] GC(454) Pause Young (Allocation Failure) 619M->510M(865M) 30.634ms
[141.221s][info][gc,cpu         ] GC(454) User=0.06s Sys=0.00s Real=0.03s
[141.472s][info][gc,start       ] GC(455) Pause Young (Allocation Failure)
[141.493s][info][gc,heap        ] GC(455) PSYoungGen: 131328K(222720K)->15568K(127488K) Eden: 111616K(111616K)->0K(111616K) From: 19712K(111104K)->15568K(15872K)
[141.493s][info][gc,heap        ] GC(455) ParOldGen: 503171K(663040K)->507451K(663040K)
[141.493s][info][gc,metaspace   ] GC(455) Metaspace: 18278K(18432K)->18278K(18432K) NonClass: 15620K(15680K)->15620K(15680K) Class: 2658K(2752K)->2658K(2752K)
[141.493s][info][gc             ] GC(455) Pause Young (Allocation Failure) 619M->510M(772M) 20.984ms
[141.493s][info][gc,cpu         ] GC(455) User=0.04s Sys=0.00s Real=0.02s
[141.745s][info][gc,start       ] GC(456) Pause Young (Allocation Failure)
[141.761s][info][gc,heap        ] GC(456) PSYoungGen: 127184K(127488K)->15616K(223744K) Eden: 111616K(111616K)->0K(114688K) From: 15568K(15872K)->15616K(109056K)
[141.761s][info][gc,heap        ] GC(456) ParOldGen: 507451K(663040K)->507451K(663040K)
[141.761s][info][gc,metaspace   ] GC(456) Metaspace: 18278K(18432K)->18278K(18432K) NonClass: 15620K(15680K)->15620K(15680K) Class: 2658K(2752K)->2658K(2752K)
[141.761s][info][gc             ] GC(456) Pause Young (Allocation Failure) 619M->510M(866M) 16.831ms
[141.761s][info][gc,cpu         ] GC(456) User=0.03s Sys=0.00s Real=0.01s
[141.982s][info][gc,start       ] GC(457) Pause Young (Allocation Failure)
[141.999s][info][gc,heap        ] GC(457) PSYoungGen: 130304K(223744K)->15872K(220672K) Eden: 114688K(114688K)->0K(114688K) From: 15616K(109056K)->15872K(105984K)
[141.999s][info][gc,heap        ] GC(457) ParOldGen: 507451K(663040K)->507451K(663040K)
[141.999s][info][gc,metaspace   ] GC(457) Metaspace: 18278K(18432K)->18278K(18432K) NonClass: 15620K(15680K)->15620K(15680K) Class: 2658K(2752K)->2658K(2752K)
[141.999s][info][gc             ] GC(457) Pause Young (Allocation Failure) 622M->511M(863M) 17.309ms
[141.999s][info][gc,cpu         ] GC(457) User=0.03s Sys=0.00s Real=0.02s
[142.174s][info][gc,start       ] GC(458) Pause Young (Allocation Failure)
[142.209s][info][gc,heap        ] GC(458) PSYoungGen: 130560K(220672K)->39920K(221184K) Eden: 114688K(114688K)->0K(123392K) From: 15872K(105984K)->39920K(97792K)
[142.209s][info][gc,heap        ] GC(458) ParOldGen: 507451K(663040K)->507451K(663040K)
[142.209s][info][gc,metaspace   ] GC(458) Metaspace: 18280K(18432K)->18280K(18432K) NonClass: 15621K(15680K)->15621K(15680K) Class: 2658K(2752K)->2658K(2752K)
[142.209s][info][gc             ] GC(458) Pause Young (Allocation Failure) 623M->534M(863M) 35.256ms
[142.209s][info][gc,cpu         ] GC(458) User=0.07s Sys=0.00s Real=0.03s
[142.286s][info][gc,start       ] GC(459) Pause Young (Allocation Failure)
[142.352s][info][gc,heap        ] GC(459) PSYoungGen: 163312K(221184K)->85264K(221184K) Eden: 123392K(123392K)->0K(123392K) From: 39920K(97792K)->85264K(97792K)
[142.352s][info][gc,heap        ] GC(459) ParOldGen: 507451K(663040K)->507451K(663040K)
[142.352s][info][gc,metaspace   ] GC(459) Metaspace: 18280K(18432K)->18280K(18432K) NonClass: 15621K(15680K)->15621K(15680K) Class: 2658K(2752K)->2658K(2752K)
[142.352s][info][gc             ] GC(459) Pause Young (Allocation Failure) 655M->578M(863M) 66.752ms
[142.352s][info][gc,cpu         ] GC(459) User=0.13s Sys=0.00s Real=0.06s
[142.424s][info][gc,start       ] GC(460) Pause Young (Allocation Failure)
[142.527s][info][gc,heap        ] GC(460) PSYoungGen: 208656K(221184K)->110064K(221696K) Eden: 123392K(123392K)->0K(111616K) From: 85264K(97792K)->110064K(110080K)
[142.527s][info][gc,heap        ] GC(460) ParOldGen: 507451K(663040K)->528515K(663040K)
[142.527s][info][gc,metaspace   ] GC(460) Metaspace: 18280K(18432K)->18280K(18432K) NonClass: 15621K(15680K)->15621K(15680K) Class: 2658K(2752K)->2658K(2752K)
[142.527s][info][gc             ] GC(460) Pause Young (Allocation Failure) 699M->623M(864M) 102.839ms
[142.527s][info][gc,cpu         ] GC(460) User=0.18s Sys=0.02s Real=0.10s
[142.699s][info][gc,start       ] GC(461) Pause Young (Allocation Failure)
[142.809s][info][gc,heap        ] GC(461) PSYoungGen: 221680K(221696K)->111072K(222720K) Eden: 111616K(111616K)->0K(111616K) From: 110064K(110080K)->111072K(111104K)
[142.809s][info][gc,heap        ] GC(461) ParOldGen: 528515K(663040K)->560385K(663040K)
[142.809s][info][gc,metaspace   ] GC(461) Metaspace: 18280K(18432K)->18280K(18432K) NonClass: 15621K(15680K)->15621K(15680K) Class: 2658K(2752K)->2658K(2752K)
[142.809s][info][gc             ] GC(461) Pause Young (Allocation Failure) 732M->655M(865M) 109.986ms
[142.809s][info][gc,cpu         ] GC(461) User=0.21s Sys=0.00s Real=0.11s
[142.881s][info][gc,start       ] GC(462) Pause Young (Allocation Failure)
[142.995s][info][gc,heap        ] GC(462) PSYoungGen: 222688K(222720K)->111088K(222720K) Eden: 111616K(111616K)->0K(111616K) From: 111072K(111104K)->111088K(111104K)
[142.995s][info][gc,heap        ] GC(462) ParOldGen: 560385K(663040K)->607329K(663040K)
[142.996s][info][gc,metaspace   ] GC(462) Metaspace: 18280K(18432K)->18280K(18432K) NonClass: 15621K(15680K)->15621K(15680K) Class: 2658K(2752K)->2658K(2752K)
[142.996s][info][gc             ] GC(462) Pause Young (Allocation Failure) 764M->701M(865M) 114.528ms
[142.996s][info][gc,cpu         ] GC(462) User=0.23s Sys=0.00s Real=0.12s
[143.234s][info][gc,start       ] GC(463) Pause Young (Allocation Failure)
[143.348s][info][gc,heap        ] GC(463) PSYoungGen: 222704K(222720K)->111072K(222720K) Eden: 111616K(111616K)->0K(111616K) From: 111088K(111104K)->111072K(111104K)
[143.348s][info][gc,heap        ] GC(463) ParOldGen: 607329K(663040K)->627138K(663040K)
[143.348s][info][gc,metaspace   ] GC(463) Metaspace: 18280K(18432K)->18280K(18432K) NonClass: 15621K(15680K)->15621K(15680K) Class: 2658K(2752K)->2658K(2752K)
[143.348s][info][gc             ] GC(463) Pause Young (Allocation Failure) 810M->720M(865M) 114.297ms
[143.348s][info][gc,cpu         ] GC(463) User=0.23s Sys=0.00s Real=0.11s
[143.459s][info][gc,start       ] GC(464) Pause Full (Allocation Failure)
[143.459s][info][gc,phases,start] GC(464) Marking Phase
[143.834s][info][gc,phases      ] GC(464) Marking Phase 374.391ms
[143.834s][info][gc,phases,start] GC(464) Summary Phase
[143.834s][info][gc,phases      ] GC(464) Summary Phase 0.029ms
[143.834s][info][gc,phases,start] GC(464) Forward
[143.977s][info][gc,phases      ] GC(464) Forward 143.263ms
[143.977s][info][gc,phases,start] GC(464) Adjust Pointers
[144.270s][info][gc,phases      ] GC(464) Adjust Pointers 292.771ms
[144.270s][info][gc,phases,start] GC(464) Compaction Phase
[144.464s][info][gc,phases      ] GC(464) Compaction Phase 194.320ms
[144.475s][info][gc,phases,start] GC(464) Post Compact
[144.478s][info][gc,phases      ] GC(464) Post Compact 2.444ms
[144.478s][info][gc,heap        ] GC(464) PSYoungGen: 222688K(222720K)->0K(222720K) Eden: 111616K(111616K)->0K(111616K) From: 111072K(111104K)->0K(111104K)
[144.478s][info][gc,heap        ] GC(464) ParOldGen: 627138K(663040K)->585571K(667648K)
[144.478s][info][gc,metaspace   ] GC(464) Metaspace: 18280K(18432K)->18280K(18432K) NonClass: 15621K(15680K)->15621K(15680K) Class: 2658K(2752K)->2658K(2752K)
[144.478s][info][gc             ] GC(464) Pause Full (Allocation Failure) 829M->571M(869M) 1018.428ms
[144.478s][info][gc,cpu         ] GC(464) User=1.93s Sys=0.00s Real=1.02s
[144.584s][info][gc,start       ] GC(465) Pause Young (Allocation Failure)
[144.605s][info][gc,heap        ] GC(465) PSYoungGen: 111616K(222720K)->1152K(222720K) Eden: 111616K(111616K)->0K(111616K) From: 0K(111104K)->1152K(111104K)
[144.605s][info][gc,heap        ] GC(465) ParOldGen: 585571K(667648K)->585571K(667648K)
[144.605s][info][gc,metaspace   ] GC(465) Metaspace: 18280K(18432K)->18280K(18432K) NonClass: 15621K(15680K)->15621K(15680K) Class: 2658K(2752K)->2658K(2752K)
[144.605s][info][gc             ] GC(465) Pause Young (Allocation Failure) 680M->572M(869M) 20.168ms
[144.605s][info][gc,cpu         ] GC(465) User=0.04s Sys=0.00s Real=0.02s
[144.766s][info][gc,start       ] GC(466) Pause Young (Allocation Failure)
[144.817s][info][gc,heap        ] GC(466) PSYoungGen: 112768K(222720K)->28323K(222720K) Eden: 111616K(111616K)->0K(111616K) From: 1152K(111104K)->28323K(111104K)
[144.817s][info][gc,heap        ] GC(466) ParOldGen: 585571K(667648K)->585571K(667648K)
[144.817s][info][gc,metaspace   ] GC(466) Metaspace: 18280K(18432K)->18280K(18432K) NonClass: 15621K(15680K)->15621K(15680K) Class: 2658K(2752K)->2658K(2752K)
[144.817s][info][gc             ] GC(466) Pause Young (Allocation Failure) 681M->599M(869M) 51.883ms
[144.817s][info][gc,cpu         ] GC(466) User=0.10s Sys=0.00s Real=0.05s
[144.979s][info][gc,start       ] GC(467) Pause Young (Allocation Failure)
[145.031s][info][gc,heap        ] GC(467) PSYoungGen: 139939K(222720K)->28333K(222720K) Eden: 111616K(111616K)->0K(111616K) From: 28323K(111104K)->28333K(111104K)
[145.031s][info][gc,heap        ] GC(467) ParOldGen: 585571K(667648K)->585571K(667648K)
[145.031s][info][gc,metaspace   ] GC(467) Metaspace: 18280K(18432K)->18280K(18432K) NonClass: 15621K(15680K)->15621K(15680K) Class: 2658K(2752K)->2658K(2752K)
[145.031s][info][gc             ] GC(467) Pause Young (Allocation Failure) 708M->599M(869M) 51.720ms
[145.031s][info][gc,cpu         ] GC(467) User=0.10s Sys=0.00s Real=0.05s
[145.185s][info][gc,start       ] GC(468) Pause Young (Allocation Failure)
[145.237s][info][gc,heap        ] GC(468) PSYoungGen: 139949K(222720K)->27203K(222720K) Eden: 111616K(111616K)->0K(111616K) From: 28333K(111104K)->27203K(111104K)
[145.237s][info][gc,heap        ] GC(468) ParOldGen: 585571K(667648K)->586675K(667648K)
[145.237s][info][gc,metaspace   ] GC(468) Metaspace: 18280K(18432K)->18280K(18432K) NonClass: 15621K(15680K)->15621K(15680K) Class: 2658K(2752K)->2658K(2752K)
[145.237s][info][gc             ] GC(468) Pause Young (Allocation Failure) 708M->599M(869M) 51.847ms
[145.237s][info][gc,cpu         ] GC(468) User=0.10s Sys=0.00s Real=0.05s
[145.394s][info][gc,start       ] GC(469) Pause Young (Allocation Failure)
[145.435s][info][gc,heap        ] GC(469) PSYoungGen: 138819K(222720K)->64K(222720K) Eden: 111616K(111616K)->0K(111616K) From: 27203K(111104K)->64K(111104K)
[145.435s][info][gc,heap        ] GC(469) ParOldGen: 586675K(667648K)->613911K(667648K)
[145.435s][info][gc,metaspace   ] GC(469) Metaspace: 18280K(18432K)->18280K(18432K) NonClass: 15621K(15680K)->15621K(15680K) Class: 2658K(2752K)->2658K(2752K)
[145.435s][info][gc             ] GC(469) Pause Young (Allocation Failure) 708M->599M(869M) 41.011ms
[145.435s][info][gc,cpu         ] GC(469) User=0.08s Sys=0.00s Real=0.04s
[145.590s][info][gc,start       ] GC(470) Pause Young (Allocation Failure)
[145.592s][info][gc,heap        ] GC(470) PSYoungGen: 111680K(222720K)->64K(222720K) Eden: 111616K(111616K)->0K(111616K) From: 64K(111104K)->64K(111104K)
[145.592s][info][gc,heap        ] GC(470) ParOldGen: 613911K(667648K)->613911K(667648K)
[145.592s][info][gc,metaspace   ] GC(470) Metaspace: 18280K(18432K)->18280K(18432K) NonClass: 15621K(15680K)->15621K(15680K) Class: 2658K(2752K)->2658K(2752K)
[145.592s][info][gc             ] GC(470) Pause Young (Allocation Failure) 708M->599M(869M) 1.900ms
[145.592s][info][gc,cpu         ] GC(470) User=0.00s Sys=0.00s Real=0.00s
[145.740s][info][gc,start       ] GC(471) Pause Young (Allocation Failure)
[145.742s][info][gc,heap        ] GC(471) PSYoungGen: 111680K(222720K)->64K(222720K) Eden: 111616K(111616K)->0K(111616K) From: 64K(111104K)->64K(111104K)
[145.742s][info][gc,heap        ] GC(471) ParOldGen: 613911K(667648K)->613911K(667648K)
[145.742s][info][gc,metaspace   ] GC(471) Metaspace: 18280K(18432K)->18280K(18432K) NonClass: 15621K(15680K)->15621K(15680K) Class: 2658K(2752K)->2658K(2752K)
[145.742s][info][gc             ] GC(471) Pause Young (Allocation Failure) 708M->599M(869M) 1.913ms
[145.742s][info][gc,cpu         ] GC(471) User=0.00s Sys=0.00s Real=0.00s
[145.889s][info][gc,start       ] GC(472) Pause Young (Allocation Failure)
[145.891s][info][gc,heap        ] GC(472) PSYoungGen: 111680K(222720K)->64K(222720K) Eden: 111616K(111616K)->0K(111616K) From: 64K(111104K)->64K(111104K)
[145.891s][info][gc,heap        ] GC(472) ParOldGen: 613911K(667648K)->613911K(667648K)
[145.891s][info][gc,metaspace   ] GC(472) Metaspace: 18280K(18432K)->18280K(18432K) NonClass: 15621K(15680K)->15621K(15680K) Class: 2658K(2752K)->2658K(2752K)
[145.891s][info][gc             ] GC(472) Pause Young (Allocation Failure) 708M->599M(869M) 1.959ms
[145.891s][info][gc,cpu         ] GC(472) User=0.01s Sys=0.00s Real=0.00s
[146.039s][info][gc,start       ] GC(473) Pause Young (Allocation Failure)
[146.041s][info][gc,heap        ] GC(473) PSYoungGen: 111680K(222720K)->64K(222720K) Eden: 111616K(111616K)->0K(111616K) From: 64K(111104K)->64K(111104K)
[146.041s][info][gc,heap        ] GC(473) ParOldGen: 613911K(667648K)->613911K(667648K)
[146.041s][info][gc,metaspace   ] GC(473) Metaspace: 18280K(18432K)->18280K(18432K) NonClass: 15621K(15680K)->15621K(15680K) Class: 2658K(2752K)->2658K(2752K)
[146.041s][info][gc             ] GC(473) Pause Young (Allocation Failure) 708M->599M(869M) 1.968ms
[146.041s][info][gc,cpu         ] GC(473) User=0.00s Sys=0.00s Real=0.00s
[146.170s][info][gc,start       ] GC(474) Pause Young (Allocation Failure)
[146.183s][info][gc,heap        ] GC(474) PSYoungGen: 111680K(222720K)->9856K(222720K) Eden: 111616K(111616K)->0K(111616K) From: 64K(111104K)->9856K(111104K)
[146.183s][info][gc,heap        ] GC(474) ParOldGen: 613911K(667648K)->613911K(667648K)
[146.183s][info][gc,metaspace   ] GC(474) Metaspace: 18280K(18432K)->18280K(18432K) NonClass: 15621K(15680K)->15621K(15680K) Class: 2658K(2752K)->2658K(2752K)
[146.183s][info][gc             ] GC(474) Pause Young (Allocation Failure) 708M->609M(869M) 12.227ms
[146.183s][info][gc,cpu         ] GC(474) User=0.02s Sys=0.00s Real=0.01s
[146.291s][info][gc,start       ] GC(475) Pause Young (Allocation Failure)
[146.316s][info][gc,heap        ] GC(475) PSYoungGen: 121472K(222720K)->14016K(222720K) Eden: 111616K(111616K)->0K(111616K) From: 9856K(111104K)->14016K(111104K)
[146.316s][info][gc,heap        ] GC(475) ParOldGen: 613911K(667648K)->623751K(667648K)
[146.316s][info][gc,metaspace   ] GC(475) Metaspace: 18280K(18432K)->18280K(18432K) NonClass: 15621K(15680K)->15621K(15680K) Class: 2658K(2752K)->2658K(2752K)
[146.316s][info][gc             ] GC(475) Pause Young (Allocation Failure) 718M->622M(869M) 25.070ms
[146.316s][info][gc,cpu         ] GC(475) User=0.05s Sys=0.00s Real=0.03s
[146.403s][info][gc,start       ] GC(476) Pause Young (Allocation Failure)
[146.426s][info][gc,heap        ] GC(476) PSYoungGen: 125632K(222720K)->6976K(222720K) Eden: 111616K(111616K)->0K(111616K) From: 14016K(111104K)->6976K(111104K)
[146.426s][info][gc,heap        ] GC(476) ParOldGen: 623751K(667648K)->637767K(667648K)
[146.426s][info][gc,metaspace   ] GC(476) Metaspace: 18280K(18432K)->18280K(18432K) NonClass: 15621K(15680K)->15621K(15680K) Class: 2658K(2752K)->2658K(2752K)
[146.426s][info][gc             ] GC(476) Pause Young (Allocation Failure) 731M->629M(869M) 22.689ms
[146.426s][info][gc,cpu         ] GC(476) User=0.05s Sys=0.01s Real=0.03s
[146.526s][info][gc,start       ] GC(477) Pause Full (Allocation Failure)
[146.526s][info][gc,phases,start] GC(477) Marking Phase
[146.840s][info][gc,phases      ] GC(477) Marking Phase 314.320ms
[146.840s][info][gc,phases,start] GC(477) Summary Phase
[146.840s][info][gc,phases      ] GC(477) Summary Phase 0.032ms
[146.840s][info][gc,phases,start] GC(477) Forward
[146.955s][info][gc,phases      ] GC(477) Forward 115.203ms
[146.956s][info][gc,phases,start] GC(477) Adjust Pointers
[147.227s][info][gc,phases      ] GC(477) Adjust Pointers 271.493ms
[147.227s][info][gc,phases,start] GC(477) Compaction Phase
[147.397s][info][gc,phases      ] GC(477) Compaction Phase 169.493ms
[147.411s][info][gc,phases,start] GC(477) Post Compact
[147.414s][info][gc,phases      ] GC(477) Post Compact 2.235ms
[147.414s][info][gc,heap        ] GC(477) PSYoungGen: 118592K(222720K)->0K(222720K) Eden: 111616K(111616K)->0K(111616K) From: 6976K(111104K)->0K(111104K)
[147.414s][info][gc,heap        ] GC(477) ParOldGen: 637767K(667648K)->490942K(667648K)
[147.414s][info][gc,metaspace   ] GC(477) Metaspace: 18280K(18432K)->18280K(18432K) NonClass: 15621K(15680K)->15621K(15680K) Class: 2658K(2752K)->2658K(2752K)
[147.414s][info][gc             ] GC(477) Pause Full (Allocation Failure) 738M->479M(869M) 888.009ms
[147.414s][info][gc,cpu         ] GC(477) User=1.68s Sys=0.00s Real=0.89s
[147.513s][info][gc,start       ] GC(478) Pause Young (Allocation Failure)
[147.518s][info][gc,heap        ] GC(478) PSYoungGen: 111616K(222720K)->1440K(222720K) Eden: 111616K(111616K)->0K(111616K) From: 0K(111104K)->1440K(111104K)
[147.518s][info][gc,heap        ] GC(478) ParOldGen: 490942K(667648K)->490942K(667648K)
[147.518s][info][gc,metaspace   ] GC(478) Metaspace: 18280K(18432K)->18280K(18432K) NonClass: 15621K(15680K)->15621K(15680K) Class: 2658K(2752K)->2658K(2752K)
[147.518s][info][gc             ] GC(478) Pause Young (Allocation Failure) 588M->480M(869M) 5.081ms
[147.518s][info][gc,cpu         ] GC(478) User=0.01s Sys=0.00s Real=0.01s
[147.645s][info][gc,start       ] GC(479) Pause Young (Allocation Failure)
[147.654s][info][gc,heap        ] GC(479) PSYoungGen: 113056K(222720K)->5760K(222720K) Eden: 111616K(111616K)->0K(111616K) From: 1440K(111104K)->5760K(111104K)
[147.654s][info][gc,heap        ] GC(479) ParOldGen: 490942K(667648K)->492358K(667648K)
[147.654s][info][gc,metaspace   ] GC(479) Metaspace: 18280K(18432K)->18280K(18432K) NonClass: 15621K(15680K)->15621K(15680K) Class: 2658K(2752K)->2658K(2752K)
[147.654s][info][gc             ] GC(479) Pause Young (Allocation Failure) 589M->486M(869M) 8.884ms
[147.654s][info][gc,cpu         ] GC(479) User=0.02s Sys=0.00s Real=0.01s
[147.792s][info][gc,start       ] GC(480) Pause Young (Allocation Failure)
[147.802s][info][gc,heap        ] GC(480) PSYoungGen: 117376K(222720K)->2432K(222720K) Eden: 111616K(111616K)->0K(111616K) From: 5760K(111104K)->2432K(111104K)
[147.802s][info][gc,heap        ] GC(480) ParOldGen: 492358K(667648K)->498092K(667648K)
[147.802s][info][gc,metaspace   ] GC(480) Metaspace: 18280K(18432K)->18280K(18432K) NonClass: 15621K(15680K)->15621K(15680K) Class: 2658K(2752K)->2658K(2752K)
[147.802s][info][gc             ] GC(480) Pause Young (Allocation Failure) 595M->488M(869M) 9.910ms
[147.802s][info][gc,cpu         ] GC(480) User=0.01s Sys=0.00s Real=0.01s
[148.025s][info][gc,start       ] GC(481) Pause Young (Allocation Failure)
[148.030s][info][gc,heap        ] GC(481) PSYoungGen: 114048K(222720K)->64K(112128K) Eden: 111616K(111616K)->0K(111616K) From: 2432K(111104K)->64K(512K)
[148.030s][info][gc,heap        ] GC(481) ParOldGen: 498092K(667648K)->500500K(667648K)
[148.030s][info][gc,metaspace   ] GC(481) Metaspace: 18280K(18432K)->18280K(18432K) NonClass: 15621K(15680K)->15621K(15680K) Class: 2658K(2752K)->2658K(2752K)
[148.030s][info][gc             ] GC(481) Pause Young (Allocation Failure) 597M->488M(761M) 4.935ms
[148.030s][info][gc,cpu         ] GC(481) User=0.01s Sys=0.00s Real=0.00s
[148.223s][info][gc,start       ] GC(482) Pause Young (Allocation Failure)
[148.226s][info][gc,heap        ] GC(482) PSYoungGen: 111680K(112128K)->192K(215552K) Eden: 111616K(111616K)->0K(115712K) From: 64K(512K)->192K(99840K)
[148.226s][info][gc,heap        ] GC(482) ParOldGen: 500500K(667648K)->500500K(667648K)
[148.226s][info][gc,metaspace   ] GC(482) Metaspace: 18280K(18432K)->18280K(18432K) NonClass: 15621K(15680K)->15621K(15680K) Class: 2658K(2752K)->2658K(2752K)
[148.226s][info][gc             ] GC(482) Pause Young (Allocation Failure) 597M->488M(862M) 2.594ms
[148.226s][info][gc,cpu         ] GC(482) User=0.00s Sys=0.00s Real=0.00s
[148.424s][info][gc,start       ] GC(483) Pause Young (Allocation Failure)
[148.428s][info][gc,heap        ] GC(483) PSYoungGen: 115904K(215552K)->192K(116224K) Eden: 115712K(115712K)->0K(115712K) From: 192K(99840K)->192K(512K)
[148.428s][info][gc,heap        ] GC(483) ParOldGen: 500500K(667648K)->500500K(667648K)
[148.428s][info][gc,metaspace   ] GC(483) Metaspace: 18280K(18432K)->18280K(18432K) NonClass: 15621K(15680K)->15621K(15680K) Class: 2658K(2752K)->2658K(2752K)
[148.428s][info][gc             ] GC(483) Pause Young (Allocation Failure) 601M->488M(765M) 3.211ms
[148.428s][info][gc,cpu         ] GC(483) User=0.00s Sys=0.00s Real=0.00s
[148.630s][info][gc,start       ] GC(484) Pause Young (Allocation Failure)
[148.633s][info][gc,heap        ] GC(484) PSYoungGen: 115904K(116224K)->480K(202752K) Eden: 115712K(115712K)->0K(118784K) From: 192K(512K)->480K(83968K)
[148.633s][info][gc,heap        ] GC(484) ParOldGen: 500500K(667648K)->500500K(667648K)
[148.633s][info][gc,metaspace   ] GC(484) Metaspace: 18280K(18432K)->18280K(18432K) NonClass: 15621K(15680K)->15621K(15680K) Class: 2658K(2752K)->2658K(2752K)
[148.633s][info][gc             ] GC(484) Pause Young (Allocation Failure) 601M->489M(850M) 3.253ms
[148.633s][info][gc,cpu         ] GC(484) User=0.00s Sys=0.00s Real=0.00s
[148.773s][info][gc,start       ] GC(485) Pause Young (Allocation Failure)
[148.789s][info][gc,heap        ] GC(485) PSYoungGen: 119264K(202752K)->13280K(132096K) Eden: 118784K(118784K)->0K(118784K) From: 480K(83968K)->13280K(13312K)
[148.789s][info][gc,heap        ] GC(485) ParOldGen: 500500K(667648K)->500500K(667648K)
[148.789s][info][gc,metaspace   ] GC(485) Metaspace: 18280K(18432K)->18280K(18432K) NonClass: 15621K(15680K)->15621K(15680K) Class: 2658K(2752K)->2658K(2752K)
[148.789s][info][gc             ] GC(485) Pause Young (Allocation Failure) 605M->501M(781M) 16.061ms
[148.789s][info][gc,cpu         ] GC(485) User=0.03s Sys=0.00s Real=0.01s
[148.922s][info][gc,start       ] GC(486) Pause Young (Allocation Failure)
[148.945s][info][gc,heap        ] GC(486) PSYoungGen: 132064K(132096K)->24960K(203264K) Eden: 118784K(118784K)->0K(124416K) From: 13280K(13312K)->24960K(78848K)
[148.945s][info][gc,heap        ] GC(486) ParOldGen: 500500K(667648K)->500500K(667648K)
[148.945s][info][gc,metaspace   ] GC(486) Metaspace: 18280K(18432K)->18280K(18432K) NonClass: 15621K(15680K)->15621K(15680K) Class: 2658K(2752K)->2658K(2752K)
[148.945s][info][gc             ] GC(486) Pause Young (Allocation Failure) 617M->513M(850M) 22.363ms
[148.945s][info][gc,cpu         ] GC(486) User=0.04s Sys=0.00s Real=0.03s
[149.021s][info][gc,start       ] GC(487) Pause Young (Allocation Failure)
[149.073s][info][gc,heap        ] GC(487) PSYoungGen: 149376K(203264K)->66368K(204288K) Eden: 124416K(124416K)->0K(124416K) From: 24960K(78848K)->66368K(79872K)
[149.073s][info][gc,heap        ] GC(487) ParOldGen: 500500K(667648K)->500500K(667648K)
[149.073s][info][gc,metaspace   ] GC(487) Metaspace: 18280K(18432K)->18280K(18432K) NonClass: 15621K(15680K)->15621K(15680K) Class: 2658K(2752K)->2658K(2752K)
[149.073s][info][gc             ] GC(487) Pause Young (Allocation Failure) 634M->553M(851M) 52.125ms
[149.073s][info][gc,cpu         ] GC(487) User=0.10s Sys=0.00s Real=0.05s
[149.292s][info][gc,start       ] GC(488) Pause Young (Allocation Failure)
[149.352s][info][gc,heap        ] GC(488) PSYoungGen: 190784K(204288K)->72816K(214528K) Eden: 124416K(124416K)->0K(121856K) From: 66368K(79872K)->72816K(92672K)
[149.352s][info][gc,heap        ] GC(488) ParOldGen: 500500K(667648K)->500500K(667648K)
[149.352s][info][gc,metaspace   ] GC(488) Metaspace: 18280K(18432K)->18280K(18432K) NonClass: 15622K(15680K)->15622K(15680K) Class: 2658K(2752K)->2658K(2752K)
[149.352s][info][gc             ] GC(488) Pause Young (Allocation Failure) 675M->559M(861M) 60.371ms
[149.352s][info][gc,cpu         ] GC(488) User=0.11s Sys=0.00s Real=0.06s
[149.511s][info][gc,start       ] GC(489) Pause Young (Allocation Failure)
[149.577s][info][gc,heap        ] GC(489) PSYoungGen: 194672K(214528K)->80080K(202240K) Eden: 121856K(121856K)->0K(121856K) From: 72816K(92672K)->80080K(80384K)
[149.577s][info][gc,heap        ] GC(489) ParOldGen: 500500K(667648K)->500500K(667648K)
[149.577s][info][gc,metaspace   ] GC(489) Metaspace: 18280K(18432K)->18280K(18432K) NonClass: 15622K(15680K)->15622K(15680K) Class: 2658K(2752K)->2658K(2752K)
[149.577s][info][gc             ] GC(489) Pause Young (Allocation Failure) 678M->566M(849M) 65.841ms
[149.577s][info][gc,cpu         ] GC(489) User=0.13s Sys=0.01s Real=0.07s
[149.745s][info][gc,start       ] GC(490) Pause Young (Allocation Failure)
[149.817s][info][gc,heap        ] GC(490) PSYoungGen: 201936K(202240K)->79920K(222720K) Eden: 121856K(121856K)->0K(111616K) From: 80080K(80384K)->79920K(111104K)
[149.817s][info][gc,heap        ] GC(490) ParOldGen: 500500K(667648K)->500666K(667648K)
[149.817s][info][gc,metaspace   ] GC(490) Metaspace: 18280K(18432K)->18280K(18432K) NonClass: 15622K(15680K)->15622K(15680K) Class: 2658K(2752K)->2658K(2752K)
[149.817s][info][gc             ] GC(490) Pause Young (Allocation Failure) 685M->566M(869M) 72.473ms
[149.817s][info][gc,cpu         ] GC(490) User=0.15s Sys=0.00s Real=0.07s
[149.970s][info][gc,start       ] GC(491) Pause Young (Allocation Failure)
[150.040s][info][gc,heap        ] GC(491) PSYoungGen: 191536K(222720K)->79632K(222720K) Eden: 111616K(111616K)->0K(111616K) From: 79920K(111104K)->79632K(111104K)
[150.040s][info][gc,heap        ] GC(491) ParOldGen: 500666K(667648K)->500970K(667648K)
[150.040s][info][gc,metaspace   ] GC(491) Metaspace: 18280K(18432K)->18280K(18432K) NonClass: 15622K(15680K)->15622K(15680K) Class: 2658K(2752K)->2658K(2752K)
[150.040s][info][gc             ] GC(491) Pause Young (Allocation Failure) 675M->566M(869M) 70.692ms
[150.040s][info][gc,cpu         ] GC(491) User=0.14s Sys=0.00s Real=0.07s
[150.192s][info][gc,start       ] GC(492) Pause Young (Allocation Failure)
[150.258s][info][gc,heap        ] GC(492) PSYoungGen: 191248K(222720K)->55136K(222720K) Eden: 111616K(111616K)->0K(111616K) From: 79632K(111104K)->55136K(111104K)
[150.258s][info][gc,heap        ] GC(492) ParOldGen: 500970K(667648K)->525661K(667648K)
[150.258s][info][gc,metaspace   ] GC(492) Metaspace: 18280K(18432K)->18280K(18432K) NonClass: 15622K(15680K)->15622K(15680K) Class: 2658K(2752K)->2658K(2752K)
[150.258s][info][gc             ] GC(492) Pause Young (Allocation Failure) 675M->567M(869M) 65.644ms
[150.258s][info][gc,cpu         ] GC(492) User=0.13s Sys=0.00s Real=0.07s
[150.409s][info][gc,start       ] GC(493) Pause Young (Allocation Failure)
[150.459s][info][gc,heap        ] GC(493) PSYoungGen: 166752K(222720K)->7584K(222720K) Eden: 111616K(111616K)->0K(111616K) From: 55136K(111104K)->7584K(111104K)
[150.459s][info][gc,heap        ] GC(493) ParOldGen: 525661K(667648K)->573529K(667648K)
[150.459s][info][gc,metaspace   ] GC(493) Metaspace: 18280K(18432K)->18280K(18432K) NonClass: 15622K(15680K)->15622K(15680K) Class: 2658K(2752K)->2658K(2752K)
[150.459s][info][gc             ] GC(493) Pause Young (Allocation Failure) 676M->567M(869M) 49.783ms
[150.459s][info][gc,cpu         ] GC(493) User=0.10s Sys=0.00s Real=0.05s
[150.613s][info][gc,start       ] GC(494) Pause Young (Allocation Failure)
[150.623s][info][gc,heap        ] GC(494) PSYoungGen: 119200K(222720K)->32K(222720K) Eden: 111616K(111616K)->0K(111616K) From: 7584K(111104K)->32K(111104K)
[150.623s][info][gc,heap        ] GC(494) ParOldGen: 573529K(667648K)->581097K(667648K)
[150.623s][info][gc,metaspace   ] GC(494) Metaspace: 18280K(18432K)->18280K(18432K) NonClass: 15622K(15680K)->15622K(15680K) Class: 2658K(2752K)->2658K(2752K)
[150.623s][info][gc             ] GC(494) Pause Young (Allocation Failure) 676M->567M(869M) 10.210ms
[150.623s][info][gc,cpu         ] GC(494) User=0.02s Sys=0.00s Real=0.02s
[150.772s][info][gc,start       ] GC(495) Pause Young (Allocation Failure)
[150.774s][info][gc,heap        ] GC(495) PSYoungGen: 111648K(222720K)->64K(222720K) Eden: 111616K(111616K)->0K(111616K) From: 32K(111104K)->64K(111104K)
[150.774s][info][gc,heap        ] GC(495) ParOldGen: 581097K(667648K)->581097K(667648K)
[150.774s][info][gc,metaspace   ] GC(495) Metaspace: 18280K(18432K)->18280K(18432K) NonClass: 15622K(15680K)->15622K(15680K) Class: 2658K(2752K)->2658K(2752K)
[150.774s][info][gc             ] GC(495) Pause Young (Allocation Failure) 676M->567M(869M) 1.854ms
[150.774s][info][gc,cpu         ] GC(495) User=0.01s Sys=0.00s Real=0.01s
[150.918s][info][gc,start       ] GC(496) Pause Young (Allocation Failure)
[150.920s][info][gc,heap        ] GC(496) PSYoungGen: 111680K(222720K)->64K(222720K) Eden: 111616K(111616K)->0K(111616K) From: 64K(111104K)->64K(111104K)
[150.920s][info][gc,heap        ] GC(496) ParOldGen: 581097K(667648K)->581097K(667648K)
[150.920s][info][gc,metaspace   ] GC(496) Metaspace: 18280K(18432K)->18280K(18432K) NonClass: 15622K(15680K)->15622K(15680K) Class: 2658K(2752K)->2658K(2752K)
[150.920s][info][gc             ] GC(496) Pause Young (Allocation Failure) 676M->567M(869M) 1.935ms
[150.920s][info][gc,cpu         ] GC(496) User=0.01s Sys=0.00s Real=0.00s
[151.032s][info][gc,start       ] GC(497) Pause Young (Allocation Failure)
[151.049s][info][gc,heap        ] GC(497) PSYoungGen: 111680K(222720K)->14496K(222720K) Eden: 111616K(111616K)->0K(111616K) From: 64K(111104K)->14496K(111104K)
[151.049s][info][gc,heap        ] GC(497) ParOldGen: 581097K(667648K)->581097K(667648K)
[151.049s][info][gc,metaspace   ] GC(497) Metaspace: 18280K(18432K)->18280K(18432K) NonClass: 15622K(15680K)->15622K(15680K) Class: 2658K(2752K)->2658K(2752K)
[151.049s][info][gc             ] GC(497) Pause Young (Allocation Failure) 676M->581M(869M) 17.159ms
[151.049s][info][gc,cpu         ] GC(497) User=0.03s Sys=0.00s Real=0.02s
[151.152s][info][gc,start       ] GC(498) Pause Young (Allocation Failure)
[151.178s][info][gc,heap        ] GC(498) PSYoungGen: 126112K(222720K)->25056K(206336K) Eden: 111616K(111616K)->0K(111616K) From: 14496K(111104K)->25056K(94720K)
[151.178s][info][gc,heap        ] GC(498) ParOldGen: 581097K(667648K)->581097K(667648K)
[151.178s][info][gc,metaspace   ] GC(498) Metaspace: 18280K(18432K)->18280K(18432K) NonClass: 15622K(15680K)->15622K(15680K) Class: 2658K(2752K)->2658K(2752K)
[151.178s][info][gc             ] GC(498) Pause Young (Allocation Failure) 690M->591M(853M) 25.820ms
[151.178s][info][gc,cpu         ] GC(498) User=0.05s Sys=0.00s Real=0.03s
[151.269s][info][gc,start       ] GC(499) Pause Young (Allocation Failure)
[151.295s][info][gc,heap        ] GC(499) PSYoungGen: 136672K(206336K)->26368K(214528K) Eden: 111616K(111616K)->0K(111616K) From: 25056K(94720K)->26368K(102912K)
[151.295s][info][gc,heap        ] GC(499) ParOldGen: 581097K(667648K)->581097K(667648K)
[151.295s][info][gc,metaspace   ] GC(499) Metaspace: 18280K(18432K)->18280K(18432K) NonClass: 15622K(15680K)->15622K(15680K) Class: 2658K(2752K)->2658K(2752K)
[151.295s][info][gc             ] GC(499) Pause Young (Allocation Failure) 700M->593M(861M) 26.618ms
[151.295s][info][gc,cpu         ] GC(499) User=0.05s Sys=0.00s Real=0.03s
[151.398s][info][gc,start       ] GC(500) Pause Young (Allocation Failure)
[151.427s][info][gc,heap        ] GC(500) PSYoungGen: 137984K(214528K)->29568K(205824K) Eden: 111616K(111616K)->0K(121344K) From: 26368K(102912K)->29568K(84480K)
[151.427s][info][gc,heap        ] GC(500) ParOldGen: 581097K(667648K)->581097K(667648K)
[151.427s][info][gc,metaspace   ] GC(500) Metaspace: 18280K(18432K)->18280K(18432K) NonClass: 15622K(15680K)->15622K(15680K) Class: 2658K(2752K)->2658K(2752K)
[151.427s][info][gc             ] GC(500) Pause Young (Allocation Failure) 702M->596M(853M) 29.804ms
[151.427s][info][gc,cpu         ] GC(500) User=0.06s Sys=0.00s Real=0.03s
[151.520s][info][gc,start       ] GC(501) Pause Young (Allocation Failure)
[151.552s][info][gc,heap        ] GC(501) PSYoungGen: 150912K(205824K)->29632K(210944K) Eden: 121344K(121344K)->0K(121344K) From: 29568K(84480K)->29632K(89600K)
[151.552s][info][gc,heap        ] GC(501) ParOldGen: 581097K(667648K)->581097K(667648K)
[151.552s][info][gc,metaspace   ] GC(501) Metaspace: 18280K(18432K)->18280K(18432K) NonClass: 15622K(15680K)->15622K(15680K) Class: 2658K(2752K)->2658K(2752K)
[151.552s][info][gc             ] GC(501) Pause Young (Allocation Failure) 714M->596M(858M) 31.830ms
[151.552s][info][gc,cpu         ] GC(501) User=0.07s Sys=0.00s Real=0.03s
[151.648s][info][gc,start       ] GC(502) Pause Young (Allocation Failure)
[151.707s][info][gc,heap        ] GC(502) PSYoungGen: 150976K(210944K)->59040K(210944K) Eden: 121344K(121344K)->0K(126464K) From: 29632K(89600K)->59040K(84480K)
[151.707s][info][gc,heap        ] GC(502) ParOldGen: 581097K(667648K)->581097K(667648K)
[151.707s][info][gc,metaspace   ] GC(502) Metaspace: 18280K(18432K)->18280K(18432K) NonClass: 15622K(15680K)->15622K(15680K) Class: 2658K(2752K)->2658K(2752K)
[151.707s][info][gc             ] GC(502) Pause Young (Allocation Failure) 714M->625M(858M) 58.819ms
[151.707s][info][gc,cpu         ] GC(502) User=0.11s Sys=0.00s Real=0.06s
[151.809s][info][gc,start       ] GC(503) Pause Young (Allocation Failure)
[151.886s][info][gc,heap        ] GC(503) PSYoungGen: 185504K(210944K)->64928K(217088K) Eden: 126464K(126464K)->0K(126464K) From: 59040K(84480K)->64928K(90624K)
[151.886s][info][gc,heap        ] GC(503) ParOldGen: 581097K(667648K)->595593K(667648K)
[151.886s][info][gc,metaspace   ] GC(503) Metaspace: 18280K(18432K)->18280K(18432K) NonClass: 15622K(15680K)->15622K(15680K) Class: 2658K(2752K)->2658K(2752K)
[151.887s][info][gc             ] GC(503) Pause Young (Allocation Failure) 748M->645M(864M) 77.121ms
[151.887s][info][gc,cpu         ] GC(503) User=0.15s Sys=0.00s Real=0.08s
[152.076s][info][gc,start       ] GC(504) Pause Young (Allocation Failure)
[152.163s][info][gc,heap        ] GC(504) PSYoungGen: 191392K(217088K)->73760K(219136K) Eden: 126464K(126464K)->0K(121856K) From: 64928K(90624K)->73760K(97280K)
[152.163s][info][gc,heap        ] GC(504) ParOldGen: 595593K(667648K)->607489K(667648K)
[152.163s][info][gc,metaspace   ] GC(504) Metaspace: 18281K(18432K)->18281K(18432K) NonClass: 15623K(15680K)->15623K(15680K) Class: 2658K(2752K)->2658K(2752K)
[152.163s][info][gc             ] GC(504) Pause Young (Allocation Failure) 768M->665M(866M) 86.896ms
[152.163s][info][gc,cpu         ] GC(504) User=0.16s Sys=0.01s Real=0.08s
[152.262s][info][gc,start       ] GC(505) Pause Young (Allocation Failure)
[152.345s][info][gc,heap        ] GC(505) PSYoungGen: 195616K(219136K)->83744K(205824K) Eden: 121856K(121856K)->0K(121856K) From: 73760K(97280K)->83744K(83968K)
[152.345s][info][gc,heap        ] GC(505) ParOldGen: 607489K(667648K)->610785K(667648K)
[152.345s][info][gc,metaspace   ] GC(505) Metaspace: 18281K(18432K)->18281K(18432K) NonClass: 15623K(15680K)->15623K(15680K) Class: 2658K(2752K)->2658K(2752K)
[152.345s][info][gc             ] GC(505) Pause Young (Allocation Failure) 784M->678M(853M) 83.186ms
[152.345s][info][gc,cpu         ] GC(505) User=0.16s Sys=0.00s Real=0.09s
[152.454s][info][gc,start       ] GC(506) Pause Young (Allocation Failure)
[152.537s][info][gc,heap        ] GC(506) PSYoungGen: 205600K(205824K)->37344K(224256K) Eden: 121856K(121856K)->0K(113152K) From: 83744K(83968K)->37344K(111104K)
[152.537s][info][gc,heap        ] GC(506) ParOldGen: 610785K(667648K)->660633K(667648K)
[152.537s][info][gc,metaspace   ] GC(506) Metaspace: 18281K(18432K)->18281K(18432K) NonClass: 15623K(15680K)->15623K(15680K) Class: 2658K(2752K)->2658K(2752K)
[152.537s][info][gc             ] GC(506) Pause Young (Allocation Failure) 797M->681M(871M) 83.257ms
[152.537s][info][gc,cpu         ] GC(506) User=0.16s Sys=0.00s Real=0.08s
[152.660s][info][gc,start       ] GC(507) Pause Full (Allocation Failure)
[152.660s][info][gc,phases,start] GC(507) Marking Phase
[152.934s][info][gc,phases      ] GC(507) Marking Phase 273.803ms
[152.934s][info][gc,phases,start] GC(507) Summary Phase
[152.934s][info][gc,phases      ] GC(507) Summary Phase 0.028ms
[152.934s][info][gc,phases,start] GC(507) Forward
[153.046s][info][gc,phases      ] GC(507) Forward 112.226ms
[153.046s][info][gc,phases,start] GC(507) Adjust Pointers
[153.263s][info][gc,phases      ] GC(507) Adjust Pointers 217.065ms
[153.263s][info][gc,phases,start] GC(507) Compaction Phase
[153.386s][info][gc,phases      ] GC(507) Compaction Phase 122.483ms
[153.396s][info][gc,phases,start] GC(507) Post Compact
[153.399s][info][gc,phases      ] GC(507) Post Compact 2.399ms
[153.399s][info][gc,heap        ] GC(507) PSYoungGen: 150496K(224256K)->0K(222720K) Eden: 113152K(113152K)->0K(113152K) From: 37344K(111104K)->0K(109568K)
[153.399s][info][gc,heap        ] GC(507) ParOldGen: 660633K(667648K)->406476K(667648K)
[153.399s][info][gc,metaspace   ] GC(507) Metaspace: 18282K(18432K)->18282K(18432K) NonClass: 15624K(15680K)->15624K(15680K) Class: 2658K(2752K)->2658K(2752K)
[153.399s][info][gc             ] GC(507) Pause Full (Allocation Failure) 792M->396M(869M) 738.825ms
[153.399s][info][gc,cpu         ] GC(507) User=1.37s Sys=0.00s Real=0.74s
[153.506s][info][gc,start       ] GC(508) Pause Young (Allocation Failure)
[153.514s][info][gc,heap        ] GC(508) PSYoungGen: 113152K(222720K)->1248K(222720K) Eden: 113152K(113152K)->0K(113152K) From: 0K(109568K)->1248K(109568K)
[153.514s][info][gc,heap        ] GC(508) ParOldGen: 406476K(667648K)->406476K(667648K)
[153.514s][info][gc,metaspace   ] GC(508) Metaspace: 18282K(18432K)->18282K(18432K) NonClass: 15624K(15680K)->15624K(15680K) Class: 2658K(2752K)->2658K(2752K)
[153.514s][info][gc             ] GC(508) Pause Young (Allocation Failure) 507M->398M(869M) 8.445ms
[153.514s][info][gc,cpu         ] GC(508) User=0.02s Sys=0.00s Real=0.01s
[153.653s][info][gc,start       ] GC(509) Pause Young (Allocation Failure)
[153.663s][info][gc,heap        ] GC(509) PSYoungGen: 114400K(222720K)->3392K(222720K) Eden: 113152K(113152K)->0K(113152K) From: 1248K(109568K)->3392K(109568K)
[153.664s][info][gc,heap        ] GC(509) ParOldGen: 406476K(667648K)->407700K(667648K)
[153.664s][info][gc,metaspace   ] GC(509) Metaspace: 18282K(18432K)->18282K(18432K) NonClass: 15624K(15680K)->15624K(15680K) Class: 2658K(2752K)->2658K(2752K)
[153.664s][info][gc             ] GC(509) Pause Young (Allocation Failure) 508M->401M(869M) 10.214ms
[153.664s][info][gc,cpu         ] GC(509) User=0.02s Sys=0.00s Real=0.01s
[153.767s][info][gc,start       ] GC(510) Pause Young (Allocation Failure)
[153.775s][info][gc,heap        ] GC(510) PSYoungGen: 116544K(222720K)->1952K(221184K) Eden: 113152K(113152K)->0K(115712K) From: 3392K(109568K)->1952K(105472K)
[153.775s][info][gc,heap        ] GC(510) ParOldGen: 407700K(667648K)->411076K(667648K)
[153.775s][info][gc,metaspace   ] GC(510) Metaspace: 18282K(18432K)->18282K(18432K) NonClass: 15624K(15680K)->15624K(15680K) Class: 2658K(2752K)->2658K(2752K)
[153.775s][info][gc             ] GC(510) Pause Young (Allocation Failure) 511M->403M(868M) 7.612ms
[153.775s][info][gc,cpu         ] GC(510) User=0.01s Sys=0.00s Real=0.01s
[153.898s][info][gc,start       ] GC(511) Pause Young (Allocation Failure)
[153.918s][info][gc,heap        ] GC(511) PSYoungGen: 117664K(221184K)->21376K(222208K) Eden: 115712K(115712K)->0K(115712K) From: 1952K(105472K)->21376K(106496K)
[153.918s][info][gc,heap        ] GC(511) ParOldGen: 411076K(667648K)->411076K(667648K)
[153.918s][info][gc,metaspace   ] GC(511) Metaspace: 18282K(18432K)->18282K(18432K) NonClass: 15624K(15680K)->15624K(15680K) Class: 2658K(2752K)->2658K(2752K)
[153.918s][info][gc             ] GC(511) Pause Young (Allocation Failure) 516M->422M(869M) 19.562ms
[153.918s][info][gc,cpu         ] GC(511) User=0.03s Sys=0.00s Real=0.02s
[153.976s][info][gc,start       ] GC(512) Pause Young (Allocation Failure)
[154.030s][info][gc,heap        ] GC(512) PSYoungGen: 137088K(222208K)->69248K(215552K) Eden: 115712K(115712K)->0K(114688K) From: 21376K(106496K)->69248K(100864K)
[154.030s][info][gc,heap        ] GC(512) ParOldGen: 411076K(667648K)->411076K(667648K)
[154.030s][info][gc,metaspace   ] GC(512) Metaspace: 18286K(18432K)->18286K(18432K) NonClass: 15628K(15680K)->15628K(15680K) Class: 2658K(2752K)->2658K(2752K)
[154.030s][info][gc             ] GC(512) Pause Young (Allocation Failure) 535M->469M(862M) 53.706ms
[154.030s][info][gc,cpu         ] GC(512) User=0.11s Sys=0.00s Real=0.05s
[154.143s][info][gc,start       ] GC(513) Pause Young (Allocation Failure)
[154.209s][info][gc,heap        ] GC(513) PSYoungGen: 183936K(215552K)->71488K(222720K) Eden: 114688K(114688K)->0K(114688K) From: 69248K(100864K)->71488K(108032K)
[154.209s][info][gc,heap        ] GC(513) ParOldGen: 411076K(667648K)->432567K(667648K)
[154.209s][info][gc,metaspace   ] GC(513) Metaspace: 18293K(18432K)->18293K(18432K) NonClass: 15635K(15680K)->15635K(15680K) Class: 2658K(2752K)->2658K(2752K)
[154.209s][info][gc             ] GC(513) Pause Young (Allocation Failure) 581M->492M(869M) 66.581ms
[154.209s][info][gc,cpu         ] GC(513) User=0.13s Sys=0.00s Real=0.07s
[154.387s][info][gc,start       ] GC(514) Pause Young (Allocation Failure)
[154.439s][info][gc,heap        ] GC(514) PSYoungGen: 186176K(222720K)->1008K(222720K) Eden: 114688K(114688K)->0K(111616K) From: 71488K(108032K)->1008K(111104K)
[154.439s][info][gc,heap        ] GC(514) ParOldGen: 432567K(667648K)->504587K(667648K)
[154.439s][info][gc,metaspace   ] GC(514) Metaspace: 18293K(18432K)->18293K(18432K) NonClass: 15635K(15680K)->15635K(15680K) Class: 2658K(2752K)->2658K(2752K)
[154.439s][info][gc             ] GC(514) Pause Young (Allocation Failure) 604M->493M(869M) 51.736ms
[154.439s][info][gc,cpu         ] GC(514) User=0.11s Sys=0.00s Real=0.05s
[154.529s][info][gc,start       ] GC(515) Pause Young (Allocation Failure)
[154.539s][info][gc,heap        ] GC(515) PSYoungGen: 112624K(222720K)->6784K(118784K) Eden: 111616K(111616K)->0K(111616K) From: 1008K(111104K)->6784K(7168K)
[154.539s][info][gc,heap        ] GC(515) ParOldGen: 504587K(667648K)->505564K(667648K)
[154.539s][info][gc,metaspace   ] GC(515) Metaspace: 18293K(18432K)->18293K(18432K) NonClass: 15635K(15680K)->15635K(15680K) Class: 2658K(2752K)->2658K(2752K)
[154.539s][info][gc             ] GC(515) Pause Young (Allocation Failure) 602M->500M(768M) 9.368ms
[154.539s][info][gc,cpu         ] GC(515) User=0.02s Sys=0.00s Real=0.01s
[154.639s][info][gc,start       ] GC(516) Pause Young (Allocation Failure)
[154.651s][info][gc,heap        ] GC(516) PSYoungGen: 118400K(118784K)->2240K(224768K) Eden: 111616K(111616K)->0K(114688K) From: 6784K(7168K)->2240K(110080K)
[154.651s][info][gc,heap        ] GC(516) ParOldGen: 505564K(667648K)->512348K(667648K)
[154.651s][info][gc,metaspace   ] GC(516) Metaspace: 18293K(18432K)->18293K(18432K) NonClass: 15635K(15680K)->15635K(15680K) Class: 2658K(2752K)->2658K(2752K)
[154.651s][info][gc             ] GC(516) Pause Young (Allocation Failure) 609M->502M(871M) 11.939ms
[154.651s][info][gc,cpu         ] GC(516) User=0.02s Sys=0.00s Real=0.01s
[154.800s][info][gc,start       ] GC(517) Pause Young (Allocation Failure)
[154.805s][info][gc,heap        ] GC(517) PSYoungGen: 116928K(224768K)->2496K(117248K) Eden: 114688K(114688K)->0K(114688K) From: 2240K(110080K)->2496K(2560K)
[154.805s][info][gc,heap        ] GC(517) ParOldGen: 512348K(667648K)->512348K(667648K)
[154.805s][info][gc,metaspace   ] GC(517) Metaspace: 18293K(18432K)->18293K(18432K) NonClass: 15635K(15680K)->15635K(15680K) Class: 2658K(2752K)->2658K(2752K)
[154.805s][info][gc             ] GC(517) Pause Young (Allocation Failure) 614M->502M(766M) 5.137ms
[154.805s][info][gc,cpu         ] GC(517) User=0.01s Sys=0.00s Real=0.01s
[154.965s][info][gc,start       ] GC(518) Pause Young (Allocation Failure)
[154.971s][info][gc,heap        ] GC(518) PSYoungGen: 117184K(117248K)->3072K(223232K) Eden: 114688K(114688K)->0K(120320K) From: 2496K(2560K)->3072K(102912K)
[154.971s][info][gc,heap        ] GC(518) ParOldGen: 512348K(667648K)->512348K(667648K)
[154.971s][info][gc,metaspace   ] GC(518) Metaspace: 18294K(18432K)->18294K(18432K) NonClass: 15636K(15680K)->15636K(15680K) Class: 2658K(2752K)->2658K(2752K)
[154.971s][info][gc             ] GC(518) Pause Young (Allocation Failure) 614M->503M(870M) 6.578ms
[154.971s][info][gc,cpu         ] GC(518) User=0.01s Sys=0.00s Real=0.00s
[155.089s][info][gc,start       ] GC(519) Pause Young (Allocation Failure)
[155.098s][info][gc,heap        ] GC(519) PSYoungGen: 123392K(223232K)->4416K(220160K) Eden: 120320K(120320K)->0K(120320K) From: 3072K(102912K)->4416K(99840K)
[155.098s][info][gc,heap        ] GC(519) ParOldGen: 512348K(667648K)->512348K(667648K)
[155.098s][info][gc,metaspace   ] GC(519) Metaspace: 18294K(18432K)->18294K(18432K) NonClass: 15636K(15680K)->15636K(15680K) Class: 2658K(2752K)->2658K(2752K)
[155.098s][info][gc             ] GC(519) Pause Young (Allocation Failure) 620M->504M(867M) 8.784ms
[155.098s][info][gc,cpu         ] GC(519) User=0.02s Sys=0.00s Real=0.01s
[155.317s][info][gc,start       ] GC(520) Pause Young (Allocation Failure)
[155.343s][info][gc,heap        ] GC(520) PSYoungGen: 124736K(220160K)->11905K(212480K) Eden: 120320K(120320K)->0K(128512K) From: 4416K(99840K)->11905K(83968K)
[155.343s][info][gc,heap        ] GC(520) ParOldGen: 512348K(667648K)->512356K(667648K)
[155.343s][info][gc,metaspace   ] GC(520) Metaspace: 18302K(18496K)->18302K(18496K) NonClass: 15644K(15744K)->15644K(15744K) Class: 2658K(2752K)->2658K(2752K)
[155.343s][info][gc             ] GC(520) Pause Young (Allocation Failure) 622M->511M(859M) 25.750ms
[155.343s][info][gc,cpu         ] GC(520) User=0.05s Sys=0.00s Real=0.02s
[155.569s][info][gc,start       ] GC(521) Pause Young (Allocation Failure)
[155.612s][info][gc,heap        ] GC(521) PSYoungGen: 140417K(212480K)->29409K(218112K) Eden: 128512K(128512K)->0K(128512K) From: 11905K(83968K)->29409K(89600K)
[155.612s][info][gc,heap        ] GC(521) ParOldGen: 512356K(667648K)->512356K(667648K)
[155.612s][info][gc,metaspace   ] GC(521) Metaspace: 18302K(18496K)->18302K(18496K) NonClass: 15644K(15744K)->15644K(15744K) Class: 2658K(2752K)->2658K(2752K)
[155.612s][info][gc             ] GC(521) Pause Young (Allocation Failure) 637M->529M(865M) 42.424ms
[155.612s][info][gc,cpu         ] GC(521) User=0.08s Sys=0.00s Real=0.04s
[155.776s][info][gc,start       ] GC(522) Pause Young (Allocation Failure)
[155.838s][info][gc,heap        ] GC(522) PSYoungGen: 157921K(218112K)->50890K(219648K) Eden: 128512K(128512K)->0K(133632K) From: 29409K(89600K)->50890K(86016K)
[155.838s][info][gc,heap        ] GC(522) ParOldGen: 512356K(667648K)->512356K(667648K)
[155.838s][info][gc,metaspace   ] GC(522) Metaspace: 18305K(18496K)->18305K(18496K) NonClass: 15647K(15744K)->15647K(15744K) Class: 2658K(2752K)->2658K(2752K)
[155.838s][info][gc             ] GC(522) Pause Young (Allocation Failure) 654M->550M(866M) 62.319ms
[155.838s][info][gc,cpu         ] GC(522) User=0.12s Sys=0.00s Real=0.06s
[156.000s][info][gc,start       ] GC(523) Pause Young (Allocation Failure)
[156.067s][info][gc,heap        ] GC(523) PSYoungGen: 184522K(219648K)->55850K(224256K) Eden: 133632K(133632K)->0K(133632K) From: 50890K(86016K)->55850K(90624K)
[156.067s][info][gc,heap        ] GC(523) ParOldGen: 512356K(667648K)->512356K(667648K)
[156.067s][info][gc,metaspace   ] GC(523) Metaspace: 18310K(18496K)->18310K(18496K) NonClass: 15651K(15744K)->15651K(15744K) Class: 2658K(2752K)->2658K(2752K)
[156.067s][info][gc             ] GC(523) Pause Young (Allocation Failure) 680M->554M(871M) 67.175ms
[156.067s][info][gc,cpu         ] GC(523) User=0.13s Sys=0.00s Real=0.07s
[156.239s][info][gc,start       ] GC(524) Pause Young (Allocation Failure)
[156.311s][info][gc,heap        ] GC(524) PSYoungGen: 189482K(224256K)->60330K(227840K) Eden: 133632K(133632K)->0K(132096K) From: 55850K(90624K)->60330K(95744K)
[156.311s][info][gc,heap        ] GC(524) ParOldGen: 512356K(667648K)->512356K(667648K)
[156.311s][info][gc,metaspace   ] GC(524) Metaspace: 18312K(18496K)->18312K(18496K) NonClass: 15654K(15744K)->15654K(15744K) Class: 2658K(2752K)->2658K(2752K)
[156.311s][info][gc             ] GC(524) Pause Young (Allocation Failure) 685M->559M(874M) 71.980ms
[156.311s][info][gc,cpu         ] GC(524) User=0.15s Sys=0.00s Real=0.07s
[156.451s][info][gc,start       ] GC(525) Pause Young (Allocation Failure)
[156.522s][info][gc,heap        ] GC(525) PSYoungGen: 192426K(227840K)->58410K(190976K) Eden: 132096K(132096K)->0K(132096K) From: 60330K(95744K)->58410K(58880K)
[156.522s][info][gc,heap        ] GC(525) ParOldGen: 512356K(667648K)->514572K(667648K)
[156.522s][info][gc,metaspace   ] GC(525) Metaspace: 18314K(18560K)->18314K(18560K) NonClass: 15656K(15808K)->15656K(15808K) Class: 2658K(2752K)->2658K(2752K)
[156.522s][info][gc             ] GC(525) Pause Young (Allocation Failure) 688M->559M(838M) 70.817ms
[156.522s][info][gc,cpu         ] GC(525) User=0.14s Sys=0.00s Real=0.07s
[156.603s][info][gc,start       ] GC(526) Pause Young (Allocation Failure)
[156.672s][info][gc,heap        ] GC(526) PSYoungGen: 190506K(190976K)->57610K(225792K) Eden: 132096K(132096K)->0K(121856K) From: 58410K(58880K)->57610K(103936K)
[156.672s][info][gc,heap        ] GC(526) ParOldGen: 514572K(667648K)->515404K(667648K)
[156.672s][info][gc,metaspace   ] GC(526) Metaspace: 18314K(18560K)->18314K(18560K) NonClass: 15656K(15808K)->15656K(15808K) Class: 2658K(2752K)->2658K(2752K)
[156.672s][info][gc             ] GC(526) Pause Young (Allocation Failure) 688M->559M(872M) 68.971ms
[156.672s][info][gc,cpu         ] GC(526) User=0.13s Sys=0.00s Real=0.07s
[156.860s][info][gc,start       ] GC(527) Pause Young (Allocation Failure)
[156.934s][info][gc,heap        ] GC(527) PSYoungGen: 179466K(225792K)->55161K(227840K) Eden: 121856K(121856K)->0K(121856K) From: 57610K(103936K)->55161K(105984K)
[156.934s][info][gc,heap        ] GC(527) ParOldGen: 515404K(667648K)->523764K(667648K)
[156.934s][info][gc,metaspace   ] GC(527) Metaspace: 18314K(18560K)->18314K(18560K) NonClass: 15656K(15808K)->15656K(15808K) Class: 2658K(2752K)->2658K(2752K)
[156.934s][info][gc             ] GC(527) Pause Young (Allocation Failure) 678M->565M(874M) 74.159ms
[156.934s][info][gc,cpu         ] GC(527) User=0.15s Sys=0.00s Real=0.08s
[157.055s][info][gc,start       ] GC(528) Pause Young (Allocation Failure)
[157.115s][info][gc,heap        ] GC(528) PSYoungGen: 177017K(227840K)->17328K(221696K) Eden: 121856K(121856K)->0K(121856K) From: 55161K(105984K)->17328K(99840K)
[157.116s][info][gc,heap        ] GC(528) ParOldGen: 523764K(667648K)->563333K(667648K)
[157.116s][info][gc,metaspace   ] GC(528) Metaspace: 18318K(18560K)->18318K(18560K) NonClass: 15660K(15808K)->15660K(15808K) Class: 2658K(2752K)->2658K(2752K)
[157.116s][info][gc             ] GC(528) Pause Young (Allocation Failure) 684M->567M(868M) 60.440ms
[157.116s][info][gc,cpu         ] GC(528) User=0.12s Sys=0.00s Real=0.06s
[157.460s][info][gc,start       ] GC(529) Pause Young (Allocation Failure)
[157.480s][info][gc,heap        ] GC(529) PSYoungGen: 139184K(221696K)->7968K(224768K) Eden: 121856K(121856K)->0K(121856K) From: 17328K(99840K)->7968K(102912K)
[157.481s][info][gc,heap        ] GC(529) ParOldGen: 563333K(667648K)->572797K(667648K)
[157.481s][info][gc,metaspace   ] GC(529) Metaspace: 18319K(18560K)->18319K(18560K) NonClass: 15661K(15808K)->15661K(15808K) Class: 2658K(2752K)->2658K(2752K)
[157.481s][info][gc             ] GC(529) Pause Young (Allocation Failure) 686M->567M(871M) 20.590ms
[157.481s][info][gc,cpu         ] GC(529) User=0.04s Sys=0.00s Real=0.02s
[157.802s][info][gc,start       ] GC(530) Pause Young (Allocation Failure)
[157.812s][info][gc,heap        ] GC(530) PSYoungGen: 129824K(224768K)->7816K(224768K) Eden: 121856K(121856K)->0K(130048K) From: 7968K(102912K)->7816K(94720K)
[157.812s][info][gc,heap        ] GC(530) ParOldGen: 572797K(667648K)->573125K(667648K)
[157.812s][info][gc,metaspace   ] GC(530) Metaspace: 18323K(18560K)->18323K(18560K) NonClass: 15665K(15808K)->15665K(15808K) Class: 2658K(2752K)->2658K(2752K)
[157.812s][info][gc             ] GC(530) Pause Young (Allocation Failure) 686M->567M(871M) 10.483ms
[157.812s][info][gc,cpu         ] GC(530) User=0.02s Sys=0.00s Real=0.01s
[158.070s][info][gc,start       ] GC(531) Pause Young (Allocation Failure)
[158.099s][info][gc,heap        ] GC(531) PSYoungGen: 137864K(224768K)->29016K(228352K) Eden: 130048K(130048K)->0K(130048K) From: 7816K(94720K)->29016K(98304K)
[158.099s][info][gc,heap        ] GC(531) ParOldGen: 573125K(667648K)->573125K(667648K)
[158.099s][info][gc,metaspace   ] GC(531) Metaspace: 18323K(18560K)->18323K(18560K) NonClass: 15665K(15808K)->15665K(15808K) Class: 2658K(2752K)->2658K(2752K)
[158.099s][info][gc             ] GC(531) Pause Young (Allocation Failure) 694M->588M(875M) 29.823ms
[158.099s][info][gc,cpu         ] GC(531) User=0.06s Sys=0.00s Real=0.03s
[158.352s][info][gc,start       ] GC(532) Pause Young (Allocation Failure)
[158.386s][info][gc,heap        ] GC(532) PSYoungGen: 159064K(228352K)->29048K(222208K) Eden: 130048K(130048K)->0K(141312K) From: 29016K(98304K)->29048K(80896K)
[158.386s][info][gc,heap        ] GC(532) ParOldGen: 573125K(667648K)->573125K(667648K)
[158.386s][info][gc,metaspace   ] GC(532) Metaspace: 18323K(18560K)->18323K(18560K) NonClass: 15665K(15808K)->15665K(15808K) Class: 2658K(2752K)->2658K(2752K)
[158.386s][info][gc             ] GC(532) Pause Young (Allocation Failure) 715M->588M(869M) 34.282ms
[158.386s][info][gc,cpu         ] GC(532) User=0.07s Sys=0.00s Real=0.04s
[159.038s][info][gc,start       ] GC(533) Pause Young (Allocation Failure)
[159.067s][info][gc,heap        ] GC(533) PSYoungGen: 170360K(222208K)->29453K(227328K) Eden: 141312K(141312K)->0K(141312K) From: 29048K(80896K)->29453K(86016K)
[159.068s][info][gc,heap        ] GC(533) ParOldGen: 573125K(667648K)->573125K(667648K)
[159.068s][info][gc,metaspace   ] GC(533) Metaspace: 18323K(18560K)->18323K(18560K) NonClass: 15665K(15808K)->15665K(15808K) Class: 2658K(2752K)->2658K(2752K)
[159.068s][info][gc             ] GC(533) Pause Young (Allocation Failure) 726M->588M(874M) 29.687ms
[159.068s][info][gc,cpu         ] GC(533) User=0.06s Sys=0.00s Real=0.03s
[159.848s][info][gc,start       ] GC(534) Pause Young (Allocation Failure)
[159.879s][info][gc,heap        ] GC(534) PSYoungGen: 170765K(227328K)->29853K(221184K) Eden: 141312K(141312K)->0K(151040K) From: 29453K(86016K)->29853K(70144K)
[159.879s][info][gc,heap        ] GC(534) ParOldGen: 573125K(667648K)->573125K(667648K)
[159.879s][info][gc,metaspace   ] GC(534) Metaspace: 18324K(18560K)->18324K(18560K) NonClass: 15666K(15808K)->15666K(15808K) Class: 2658K(2752K)->2658K(2752K)
[159.879s][info][gc             ] GC(534) Pause Young (Allocation Failure) 726M->588M(868M) 31.243ms
[159.879s][info][gc,cpu         ] GC(534) User=0.06s Sys=0.00s Real=0.03s
[160.735s][info][gc,start       ] GC(535) Pause Young (Allocation Failure)
[160.767s][info][gc,heap        ] GC(535) PSYoungGen: 180893K(221184K)->31149K(226816K) Eden: 151040K(151040K)->0K(151040K) From: 29853K(70144K)->31149K(75776K)
[160.767s][info][gc,heap        ] GC(535) ParOldGen: 573125K(667648K)->573125K(667648K)
[160.767s][info][gc,metaspace   ] GC(535) Metaspace: 18350K(18560K)->18350K(18560K) NonClass: 15692K(15808K)->15692K(15808K) Class: 2658K(2752K)->2658K(2752K)
[160.767s][info][gc             ] GC(535) Pause Young (Allocation Failure) 736M->590M(873M) 31.832ms
[160.767s][info][gc,cpu         ] GC(535) User=0.06s Sys=0.00s Real=0.03s
[161.128s][info][gc,start       ] GC(536) Pause Young (Allocation Failure)
[161.161s][info][gc,heap        ] GC(536) PSYoungGen: 182189K(226816K)->31911K(223744K) Eden: 151040K(151040K)->0K(159744K) From: 31149K(75776K)->31911K(64000K)
[161.161s][info][gc,heap        ] GC(536) ParOldGen: 573125K(667648K)->573133K(667648K)
[161.161s][info][gc,metaspace   ] GC(536) Metaspace: 18363K(18560K)->18363K(18560K) NonClass: 15705K(15808K)->15705K(15808K) Class: 2658K(2752K)->2658K(2752K)
[161.161s][info][gc             ] GC(536) Pause Young (Allocation Failure) 737M->590M(870M) 32.581ms
[161.161s][info][gc,cpu         ] GC(536) User=0.07s Sys=0.00s Real=0.03s
[161.524s][info][gc,start       ] GC(537) Pause Young (Allocation Failure)
[161.556s][info][gc,heap        ] GC(537) PSYoungGen: 191655K(223744K)->31501K(227840K) Eden: 159744K(159744K)->0K(159744K) From: 31911K(64000K)->31501K(68096K)
[161.556s][info][gc,heap        ] GC(537) ParOldGen: 573133K(667648K)->573141K(667648K)
[161.556s][info][gc,metaspace   ] GC(537) Metaspace: 18451K(18624K)->18451K(18624K) NonClass: 15793K(15872K)->15793K(15872K) Class: 2658K(2752K)->2658K(2752K)
[161.556s][info][gc             ] GC(537) Pause Young (Allocation Failure) 746M->590M(874M) 31.963ms
[161.556s][info][gc,cpu         ] GC(537) User=0.07s Sys=0.01s Real=0.03s
[161.740s][info][gc,start       ] GC(538) Pause Young (Allocation Failure)
[161.824s][info][gc,heap        ] GC(538) PSYoungGen: 191245K(227840K)->64509K(214528K) Eden: 159744K(159744K)->0K(150016K) From: 31501K(68096K)->64509K(64512K)
[161.824s][info][gc,heap        ] GC(538) ParOldGen: 573141K(667648K)->599541K(667648K)
[161.824s][info][gc,metaspace   ] GC(538) Metaspace: 18489K(18688K)->18489K(18688K) NonClass: 15831K(15936K)->15831K(15936K) Class: 2658K(2752K)->2658K(2752K)
[161.824s][info][gc             ] GC(538) Pause Young (Allocation Failure) 746M->648M(861M) 83.314ms
[161.824s][info][gc,cpu         ] GC(538) User=0.16s Sys=0.00s Real=0.09s
[161.946s][info][gc,start       ] GC(539) Pause Young (Allocation Failure)
[162.045s][info][gc,heap        ] GC(539) PSYoungGen: 214525K(214528K)->83428K(233472K) Eden: 150016K(150016K)->0K(150016K) From: 64509K(64512K)->83428K(83456K)
[162.045s][info][gc,heap        ] GC(539) ParOldGen: 599541K(667648K)->625782K(667648K)
[162.045s][info][gc,metaspace   ] GC(539) Metaspace: 18489K(18688K)->18489K(18688K) NonClass: 15831K(15936K)->15831K(15936K) Class: 2658K(2752K)->2658K(2752K)
[162.045s][info][gc             ] GC(539) Pause Young (Allocation Failure) 794M->692M(880M) 98.812ms
[162.045s][info][gc,cpu         ] GC(539) User=0.19s Sys=0.00s Real=0.10s
[162.277s][info][gc,start       ] GC(540) Pause Full (Allocation Failure)
[162.277s][info][gc,phases,start] GC(540) Marking Phase
[162.401s][info][gc,phases      ] GC(540) Marking Phase 123.360ms
[162.401s][info][gc,phases,start] GC(540) Summary Phase
[162.401s][info][gc,phases      ] GC(540) Summary Phase 0.026ms
[162.401s][info][gc,phases,start] GC(540) Forward
[162.449s][info][gc,phases      ] GC(540) Forward 47.647ms
[162.449s][info][gc,phases,start] GC(540) Adjust Pointers
[162.526s][info][gc,phases      ] GC(540) Adjust Pointers 77.361ms
[162.526s][info][gc,phases,start] GC(540) Compaction Phase
[162.578s][info][gc,phases      ] GC(540) Compaction Phase 52.276ms
[162.579s][info][gc,phases,start] GC(540) Post Compact
[162.581s][info][gc,phases      ] GC(540) Post Compact 2.410ms
[162.595s][info][gc,heap        ] GC(540) PSYoungGen: 233444K(233472K)->0K(222208K) Eden: 150016K(150016K)->0K(121856K) From: 83428K(83456K)->0K(100352K)
[162.595s][info][gc,heap        ] GC(540) ParOldGen: 625782K(667648K)->202465K(487424K)
[162.595s][info][gc,metaspace   ] GC(540) Metaspace: 18489K(18688K)->18489K(18688K) NonClass: 15831K(15936K)->15831K(15936K) Class: 2658K(2752K)->2658K(2752K)
[162.595s][info][gc             ] GC(540) Pause Full (Allocation Failure) 839M->197M(693M) 317.719ms
[162.595s][info][gc,cpu         ] GC(540) User=0.56s Sys=0.01s Real=0.32s
[162.755s][info][gc,start       ] GC(541) Pause Young (Allocation Failure)
[162.781s][info][gc,heap        ] GC(541) PSYoungGen: 121856K(222208K)->15959K(227840K) Eden: 121856K(121856K)->0K(121856K) From: 0K(100352K)->15959K(105984K)
[162.781s][info][gc,heap        ] GC(541) ParOldGen: 202465K(487424K)->202465K(487424K)
[162.781s][info][gc,metaspace   ] GC(541) Metaspace: 18489K(18688K)->18489K(18688K) NonClass: 15831K(15936K)->15831K(15936K) Class: 2658K(2752K)->2658K(2752K)
[162.781s][info][gc             ] GC(541) Pause Young (Allocation Failure) 316M->213M(698M) 26.378ms
[162.781s][info][gc,cpu         ] GC(541) User=0.05s Sys=0.00s Real=0.02s
[162.958s][info][gc,start       ] GC(542) Pause Young (Allocation Failure)
[162.996s][info][gc,heap        ] GC(542) PSYoungGen: 137815K(227840K)->21244K(220160K) Eden: 121856K(121856K)->0K(123392K) From: 15959K(105984K)->21244K(96768K)
[162.996s][info][gc,heap        ] GC(542) ParOldGen: 202465K(487424K)->202473K(487424K)
[162.996s][info][gc,metaspace   ] GC(542) Metaspace: 18529K(18752K)->18529K(18752K) NonClass: 15871K(16000K)->15871K(16000K) Class: 2658K(2752K)->2658K(2752K)
[162.996s][info][gc             ] GC(542) Pause Young (Allocation Failure) 332M->218M(691M) 38.262ms
[162.996s][info][gc,cpu         ] GC(542) User=0.08s Sys=0.00s Real=0.04s
[163.252s][info][gc,start       ] GC(543) Pause Young (Allocation Failure)
[163.325s][info][gc,heap        ] GC(543) PSYoungGen: 144636K(220160K)->50643K(224768K) Eden: 123392K(123392K)->0K(123392K) From: 21244K(96768K)->50643K(101376K)
[163.325s][info][gc,heap        ] GC(543) ParOldGen: 202473K(487424K)->202473K(487424K)
[163.325s][info][gc,metaspace   ] GC(543) Metaspace: 18529K(18752K)->18529K(18752K) NonClass: 15871K(16000K)->15871K(16000K) Class: 2658K(2752K)->2658K(2752K)
[163.325s][info][gc             ] GC(543) Pause Young (Allocation Failure) 338M->247M(695M) 73.753ms
[163.325s][info][gc,cpu         ] GC(543) User=0.15s Sys=0.00s Real=0.08s
[163.452s][info][gc,start       ] GC(544) Pause Young (Allocation Failure)
[163.529s][info][gc,heap        ] GC(544) PSYoungGen: 174035K(224768K)->55337K(229888K) Eden: 123392K(123392K)->0K(132608K) From: 50643K(101376K)->55337K(97280K)
[163.529s][info][gc,heap        ] GC(544) ParOldGen: 202473K(487424K)->202473K(487424K)
[163.529s][info][gc,metaspace   ] GC(544) Metaspace: 18530K(18752K)->18530K(18752K) NonClass: 15871K(16000K)->15871K(16000K) Class: 2658K(2752K)->2658K(2752K)
[163.529s][info][gc             ] GC(544) Pause Young (Allocation Failure) 367M->251M(700M) 77.692ms
[163.529s][info][gc,cpu         ] GC(544) User=0.15s Sys=0.00s Real=0.08s
[163.640s][info][gc,start       ] GC(545) Pause Young (Allocation Failure)
[163.729s][info][gc,heap        ] GC(545) PSYoungGen: 187945K(229888K)->67241K(200192K) Eden: 132608K(132608K)->0K(132608K) From: 55337K(97280K)->67241K(67584K)
[163.729s][info][gc,heap        ] GC(545) ParOldGen: 202473K(487424K)->202473K(487424K)
[163.729s][info][gc,metaspace   ] GC(545) Metaspace: 18530K(18752K)->18530K(18752K) NonClass: 15871K(16000K)->15871K(16000K) Class: 2658K(2752K)->2658K(2752K)
[163.729s][info][gc             ] GC(545) Pause Young (Allocation Failure) 381M->263M(671M) 88.988ms
[163.729s][info][gc,cpu         ] GC(545) User=0.18s Sys=0.00s Real=0.09s
[163.816s][info][gc,start       ] GC(546) Pause Young (Allocation Failure)
[163.941s][info][gc,heap        ] GC(546) PSYoungGen: 199849K(200192K)->96569K(214528K) Eden: 132608K(132608K)->0K(111616K) From: 67241K(67584K)->96569K(102912K)
[163.941s][info][gc,heap        ] GC(546) ParOldGen: 202473K(487424K)->202473K(487424K)
[163.941s][info][gc,metaspace   ] GC(546) Metaspace: 18530K(18752K)->18530K(18752K) NonClass: 15871K(16000K)->15871K(16000K) Class: 2658K(2752K)->2658K(2752K)
[163.941s][info][gc             ] GC(546) Pause Young (Allocation Failure) 392M->292M(685M) 124.516ms
[163.941s][info][gc,cpu         ] GC(546) User=0.23s Sys=0.02s Real=0.12s
[164.028s][info][gc,start       ] GC(547) Pause Young (Allocation Failure)
[164.158s][info][gc,heap        ] GC(547) PSYoungGen: 208185K(214528K)->111097K(222720K) Eden: 111616K(111616K)->0K(111616K) From: 96569K(102912K)->111097K(111104K)
[164.158s][info][gc,heap        ] GC(547) ParOldGen: 202473K(487424K)->210937K(487424K)
[164.158s][info][gc,metaspace   ] GC(547) Metaspace: 18530K(18752K)->18530K(18752K) NonClass: 15871K(16000K)->15871K(16000K) Class: 2658K(2752K)->2658K(2752K)
[164.158s][info][gc             ] GC(547) Pause Young (Allocation Failure) 401M->314M(693M) 129.574ms
[164.158s][info][gc,cpu         ] GC(547) User=0.26s Sys=0.00s Real=0.13s
[164.284s][info][gc,start       ] GC(548) Pause Young (Allocation Failure)
[164.435s][info][gc,heap        ] GC(548) PSYoungGen: 222713K(222720K)->102677K(222720K) Eden: 111616K(111616K)->0K(111616K) From: 111097K(111104K)->102677K(111104K)
[164.435s][info][gc,heap        ] GC(548) ParOldGen: 210937K(487424K)->231647K(487424K)
[164.435s][info][gc,metaspace   ] GC(548) Metaspace: 18530K(18752K)->18530K(18752K) NonClass: 15871K(16000K)->15871K(16000K) Class: 2658K(2752K)->2658K(2752K)
[164.435s][info][gc             ] GC(548) Pause Young (Allocation Failure) 423M->326M(693M) 150.824ms
[164.435s][info][gc,cpu         ] GC(548) User=0.30s Sys=0.00s Real=0.15s
[164.516s][info][gc,start       ] GC(549) Pause Young (Allocation Failure)
[164.622s][info][gc,heap        ] GC(549) PSYoungGen: 214293K(222720K)->72211K(222720K) Eden: 111616K(111616K)->0K(111616K) From: 102677K(111104K)->72211K(111104K)
[164.622s][info][gc,heap        ] GC(549) ParOldGen: 231647K(487424K)->266215K(487424K)
[164.622s][info][gc,metaspace   ] GC(549) Metaspace: 18530K(18752K)->18530K(18752K) NonClass: 15871K(16000K)->15871K(16000K) Class: 2658K(2752K)->2658K(2752K)
[164.623s][info][gc             ] GC(549) Pause Young (Allocation Failure) 435M->330M(693M) 106.263ms
[164.623s][info][gc,cpu         ] GC(549) User=0.21s Sys=0.00s Real=0.10s
[164.707s][info][gc,start       ] GC(550) Pause Young (Allocation Failure)
[164.775s][info][gc,heap        ] GC(550) PSYoungGen: 183827K(222720K)->33251K(222720K) Eden: 111616K(111616K)->0K(111616K) From: 72211K(111104K)->33251K(111104K)
[164.775s][info][gc,heap        ] GC(550) ParOldGen: 266215K(487424K)->306222K(487424K)
[164.775s][info][gc,metaspace   ] GC(550) Metaspace: 18530K(18752K)->18530K(18752K) NonClass: 15871K(16000K)->15871K(16000K) Class: 2658K(2752K)->2658K(2752K)
[164.775s][info][gc             ] GC(550) Pause Young (Allocation Failure) 439M->331M(693M) 68.209ms
[164.775s][info][gc,cpu         ] GC(550) User=0.13s Sys=0.00s Real=0.07s
[164.861s][info][gc,start       ] GC(551) Pause Young (Allocation Failure)
[164.899s][info][gc,heap        ] GC(551) PSYoungGen: 144867K(222720K)->7840K(222720K) Eden: 111616K(111616K)->0K(111616K) From: 33251K(111104K)->7840K(111104K)
[164.899s][info][gc,heap        ] GC(551) ParOldGen: 306222K(487424K)->334656K(487424K)
[164.899s][info][gc,metaspace   ] GC(551) Metaspace: 18530K(18752K)->18530K(18752K) NonClass: 15871K(16000K)->15871K(16000K) Class: 2658K(2752K)->2658K(2752K)
[164.899s][info][gc             ] GC(551) Pause Young (Allocation Failure) 440M->334M(693M) 38.734ms
[164.899s][info][gc,cpu         ] GC(551) User=0.08s Sys=0.00s Real=0.04s
[165.026s][info][gc,start       ] GC(552) Pause Young (Allocation Failure)
[165.039s][info][gc,heap        ] GC(552) PSYoungGen: 119456K(222720K)->6208K(222720K) Eden: 111616K(111616K)->0K(111616K) From: 7840K(111104K)->6208K(111104K)
[165.039s][info][gc,heap        ] GC(552) ParOldGen: 334656K(487424K)->339552K(487424K)
[165.039s][info][gc,metaspace   ] GC(552) Metaspace: 18530K(18752K)->18530K(18752K) NonClass: 15871K(16000K)->15871K(16000K) Class: 2658K(2752K)->2658K(2752K)
[165.039s][info][gc             ] GC(552) Pause Young (Allocation Failure) 443M->337M(693M) 12.647ms
[165.039s][info][gc,cpu         ] GC(552) User=0.03s Sys=0.00s Real=0.01s
[165.300s][info][gc,start       ] GC(553) Pause Young (Allocation Failure)
[165.309s][info][gc,heap        ] GC(553) PSYoungGen: 117824K(222720K)->224K(222720K) Eden: 111616K(111616K)->0K(111616K) From: 6208K(111104K)->224K(111104K)
[165.309s][info][gc,heap        ] GC(553) ParOldGen: 339552K(487424K)->345720K(487424K)
[165.309s][info][gc,metaspace   ] GC(553) Metaspace: 18530K(18752K)->18530K(18752K) NonClass: 15871K(16000K)->15871K(16000K) Class: 2658K(2752K)->2658K(2752K)
[165.309s][info][gc             ] GC(553) Pause Young (Allocation Failure) 446M->337M(693M) 8.905ms
[165.309s][info][gc,cpu         ] GC(553) User=0.01s Sys=0.00s Real=0.01s
[165.477s][info][gc,start       ] GC(554) Pause Young (Allocation Failure)
[165.517s][info][gc,heap        ] GC(554) PSYoungGen: 111840K(222720K)->42704K(222720K) Eden: 111616K(111616K)->0K(111616K) From: 224K(111104K)->42704K(111104K)
[165.517s][info][gc,heap        ] GC(554) ParOldGen: 345720K(487424K)->345920K(487424K)
[165.517s][info][gc,metaspace   ] GC(554) Metaspace: 18531K(18752K)->18531K(18752K) NonClass: 15873K(16000K)->15873K(16000K) Class: 2658K(2752K)->2658K(2752K)
[165.517s][info][gc             ] GC(554) Pause Young (Allocation Failure) 446M->379M(693M) 40.333ms
[165.517s][info][gc,cpu         ] GC(554) User=0.08s Sys=0.00s Real=0.04s
[165.674s][info][gc,start       ] GC(555) Pause Young (Allocation Failure)
[165.743s][info][gc,heap        ] GC(555) PSYoungGen: 154320K(222720K)->31328K(222720K) Eden: 111616K(111616K)->0K(111616K) From: 42704K(111104K)->31328K(111104K)
[165.743s][info][gc,heap        ] GC(555) ParOldGen: 345920K(487424K)->388805K(487424K)
[165.743s][info][gc,metaspace   ] GC(555) Metaspace: 18531K(18752K)->18531K(18752K) NonClass: 15873K(16000K)->15873K(16000K) Class: 2658K(2752K)->2658K(2752K)
[165.743s][info][gc             ] GC(555) Pause Young (Allocation Failure) 488M->410M(693M) 68.454ms
[165.743s][info][gc,cpu         ] GC(555) User=0.14s Sys=0.00s Real=0.06s
[165.854s][info][gc,start       ] GC(556) Pause Young (Allocation Failure)
[165.892s][info][gc,heap        ] GC(556) PSYoungGen: 142944K(222720K)->7072K(222720K) Eden: 111616K(111616K)->0K(111616K) From: 31328K(111104K)->7072K(111104K)
[165.892s][info][gc,heap        ] GC(556) ParOldGen: 388805K(487424K)->420261K(487424K)
[165.892s][info][gc,metaspace   ] GC(556) Metaspace: 18531K(18752K)->18531K(18752K) NonClass: 15873K(16000K)->15873K(16000K) Class: 2658K(2752K)->2658K(2752K)
[165.892s][info][gc             ] GC(556) Pause Young (Allocation Failure) 519M->417M(693M) 37.952ms
[165.892s][info][gc,cpu         ] GC(556) User=0.07s Sys=0.01s Real=0.03s
[166.002s][info][gc,start       ] GC(557) Pause Young (Allocation Failure)
[166.012s][info][gc,heap        ] GC(557) PSYoungGen: 118688K(222720K)->832K(222720K) Eden: 111616K(111616K)->0K(111616K) From: 7072K(111104K)->832K(111104K)
[166.012s][info][gc,heap        ] GC(557) ParOldGen: 420261K(487424K)->427306K(487424K)
[166.012s][info][gc,metaspace   ] GC(557) Metaspace: 18531K(18752K)->18531K(18752K) NonClass: 15873K(16000K)->15873K(16000K) Class: 2658K(2752K)->2658K(2752K)
[166.012s][info][gc             ] GC(557) Pause Young (Allocation Failure) 526M->418M(693M) 9.337ms
[166.012s][info][gc,cpu         ] GC(557) User=0.02s Sys=0.00s Real=0.01s
[166.134s][info][gc,start       ] GC(558) Pause Young (Allocation Failure)
[166.138s][info][gc,heap        ] GC(558) PSYoungGen: 112448K(222720K)->1280K(222720K) Eden: 111616K(111616K)->0K(111616K) From: 832K(111104K)->1280K(111104K)
[166.138s][info][gc,heap        ] GC(558) ParOldGen: 427306K(487424K)->428098K(487424K)
[166.138s][info][gc,metaspace   ] GC(558) Metaspace: 18531K(18752K)->18531K(18752K) NonClass: 15873K(16000K)->15873K(16000K) Class: 2658K(2752K)->2658K(2752K)
[166.138s][info][gc             ] GC(558) Pause Young (Allocation Failure) 527M->419M(693M) 3.987ms
[166.138s][info][gc,cpu         ] GC(558) User=0.01s Sys=0.00s Real=0.00s
[166.376s][info][gc,start       ] GC(559) Pause Young (Allocation Failure)
[166.380s][info][gc,heap        ] GC(559) PSYoungGen: 112896K(222720K)->288K(222720K) Eden: 111616K(111616K)->0K(111616K) From: 1280K(111104K)->288K(111104K)
[166.380s][info][gc,heap        ] GC(559) ParOldGen: 428098K(487424K)->429346K(487424K)
[166.380s][info][gc,metaspace   ] GC(559) Metaspace: 18531K(18752K)->18531K(18752K) NonClass: 15873K(16000K)->15873K(16000K) Class: 2658K(2752K)->2658K(2752K)
[166.380s][info][gc             ] GC(559) Pause Young (Allocation Failure) 528M->419M(693M) 4.036ms
[166.380s][info][gc,cpu         ] GC(559) User=0.01s Sys=0.00s Real=0.00s
[166.534s][info][gc,start       ] GC(560) Pause Young (Allocation Failure)
[166.563s][info][gc,heap        ] GC(560) PSYoungGen: 111904K(222720K)->28480K(211456K) Eden: 111616K(111616K)->0K(111616K) From: 288K(111104K)->28480K(99840K)
[166.563s][info][gc,heap        ] GC(560) ParOldGen: 429346K(487424K)->429506K(487424K)
[166.563s][info][gc,metaspace   ] GC(560) Metaspace: 18531K(18752K)->18531K(18752K) NonClass: 15873K(16000K)->15873K(16000K) Class: 2658K(2752K)->2658K(2752K)
[166.564s][info][gc             ] GC(560) Pause Young (Allocation Failure) 528M->447M(682M) 29.406ms
[166.564s][info][gc,cpu         ] GC(560) User=0.05s Sys=0.00s Real=0.03s
[166.707s][info][gc,start       ] GC(561) Pause Young (Allocation Failure)
[166.767s][info][gc,heap        ] GC(561) PSYoungGen: 140096K(211456K)->68275K(217088K) Eden: 111616K(111616K)->0K(111616K) From: 28480K(99840K)->68275K(105472K)
[166.767s][info][gc,heap        ] GC(561) ParOldGen: 429506K(487424K)->429506K(487424K)
[166.767s][info][gc,metaspace   ] GC(561) Metaspace: 18531K(18752K)->18531K(18752K) NonClass: 15873K(16000K)->15873K(16000K) Class: 2658K(2752K)->2658K(2752K)
[166.767s][info][gc             ] GC(561) Pause Young (Allocation Failure) 556M->486M(688M) 59.991ms
[166.767s][info][gc,cpu         ] GC(561) User=0.12s Sys=0.00s Real=0.06s
[166.919s][info][gc,start       ] GC(562) Pause Young (Allocation Failure)
[166.991s][info][gc,heap        ] GC(562) PSYoungGen: 179891K(217088K)->8148K(225280K) Eden: 111616K(111616K)->0K(114176K) From: 68275K(105472K)->8148K(111104K)
[166.991s][info][gc,heap        ] GC(562) ParOldGen: 429506K(487424K)->498053K(498176K)
[166.991s][info][gc,metaspace   ] GC(562) Metaspace: 18531K(18752K)->18531K(18752K) NonClass: 15873K(16000K)->15873K(16000K) Class: 2658K(2752K)->2658K(2752K)
[166.991s][info][gc             ] GC(562) Pause Young (Allocation Failure) 595M->494M(706M) 71.519ms
[166.991s][info][gc,cpu         ] GC(562) User=0.13s Sys=0.01s Real=0.07s
[167.102s][info][gc,start       ] GC(563) Pause Young (Allocation Failure)
[167.122s][info][gc,heap        ] GC(563) PSYoungGen: 122324K(225280K)->315K(114688K) Eden: 114176K(114176K)->0K(114176K) From: 8148K(111104K)->315K(512K)
[167.122s][info][gc,heap        ] GC(563) ParOldGen: 498053K(498176K)->506175K(506368K)
[167.122s][info][gc,metaspace   ] GC(563) Metaspace: 18531K(18752K)->18531K(18752K) NonClass: 15873K(16000K)->15873K(16000K) Class: 2658K(2752K)->2658K(2752K)
[167.122s][info][gc             ] GC(563) Pause Young (Allocation Failure) 605M->494M(606M) 20.210ms
[167.122s][info][gc,cpu         ] GC(563) User=0.04s Sys=0.00s Real=0.02s
[167.198s][info][gc,start       ] GC(564) Pause Young (Allocation Failure)
[167.240s][info][gc,heap        ] GC(564) PSYoungGen: 114491K(114688K)->45152K(221696K) Eden: 114176K(114176K)->0K(115712K) From: 315K(512K)->45152K(105984K)
[167.240s][info][gc,heap        ] GC(564) ParOldGen: 506175K(506368K)->506359K(506368K)
[167.240s][info][gc,metaspace   ] GC(564) Metaspace: 18531K(18752K)->18531K(18752K) NonClass: 15873K(16000K)->15873K(16000K) Class: 2658K(2752K)->2658K(2752K)
[167.240s][info][gc             ] GC(564) Pause Young (Allocation Failure) 606M->538M(711M) 42.309ms
[167.240s][info][gc,cpu         ] GC(564) User=0.08s Sys=0.00s Real=0.04s
[167.373s][info][gc,start       ] GC(565) Pause Young (Allocation Failure)
[167.477s][info][gc,heap        ] GC(565) PSYoungGen: 160864K(221696K)->45408K(220160K) Eden: 115712K(115712K)->0K(115712K) From: 45152K(105984K)->45408K(104448K)
[167.477s][info][gc,heap        ] GC(565) ParOldGen: 506359K(506368K)->551647K(551936K)
[167.477s][info][gc,metaspace   ] GC(565) Metaspace: 18531K(18752K)->18531K(18752K) NonClass: 15873K(16000K)->15873K(16000K) Class: 2658K(2752K)->2658K(2752K)
[167.477s][info][gc             ] GC(565) Pause Young (Allocation Failure) 651M->583M(754M) 104.507ms
[167.477s][info][gc,cpu         ] GC(565) User=0.18s Sys=0.03s Real=0.11s
[167.625s][info][gc,start       ] GC(566) Pause Young (Allocation Failure)
[167.694s][info][gc,heap        ] GC(566) PSYoungGen: 161120K(220160K)->7412K(226304K) Eden: 115712K(115712K)->0K(126464K) From: 45408K(104448K)->7412K(99840K)
[167.694s][info][gc,heap        ] GC(566) ParOldGen: 551647K(551936K)->597183K(597504K)
[167.694s][info][gc,metaspace   ] GC(566) Metaspace: 18532K(18752K)->18532K(18752K) NonClass: 15874K(16000K)->15874K(16000K) Class: 2658K(2752K)->2658K(2752K)
[167.694s][info][gc             ] GC(566) Pause Young (Allocation Failure) 696M->590M(804M) 69.398ms
[167.694s][info][gc,cpu         ] GC(566) User=0.11s Sys=0.03s Real=0.07s
[167.818s][info][gc,start       ] GC(567) Pause Full (Allocation Failure)
[167.818s][info][gc,phases,start] GC(567) Marking Phase
[167.898s][info][gc,phases      ] GC(567) Marking Phase 79.676ms
[167.898s][info][gc,phases,start] GC(567) Summary Phase
[167.898s][info][gc,phases      ] GC(567) Summary Phase 0.025ms
[167.898s][info][gc,phases,start] GC(567) Forward
[167.928s][info][gc,phases      ] GC(567) Forward 29.630ms
[167.928s][info][gc,phases,start] GC(567) Adjust Pointers
[167.983s][info][gc,phases      ] GC(567) Adjust Pointers 55.583ms
[167.983s][info][gc,phases,start] GC(567) Compaction Phase
[168.016s][info][gc,phases      ] GC(567) Compaction Phase 32.653ms
[168.019s][info][gc,phases,start] GC(567) Post Compact
[168.021s][info][gc,phases      ] GC(567) Post Compact 2.105ms
[168.033s][info][gc,heap        ] GC(567) PSYoungGen: 133876K(226304K)->0K(226304K) Eden: 126464K(126464K)->0K(126464K) From: 7412K(99840K)->0K(99840K)
[168.033s][info][gc,heap        ] GC(567) ParOldGen: 597183K(597504K)->122569K(437760K)
[168.033s][info][gc,metaspace   ] GC(567) Metaspace: 18532K(18752K)->18532K(18752K) NonClass: 15874K(16000K)->15874K(16000K) Class: 2658K(2752K)->2658K(2752K)
[168.033s][info][gc             ] GC(567) Pause Full (Allocation Failure) 713M->119M(648M) 215.186ms
[168.033s][info][gc,cpu         ] GC(567) User=0.36s Sys=0.01s Real=0.22s
[168.117s][info][gc,start       ] GC(568) Pause Young (Allocation Failure)
[168.164s][info][gc,heap        ] GC(568) PSYoungGen: 126464K(226304K)->58576K(225792K) Eden: 126464K(126464K)->0K(125952K) From: 0K(99840K)->58576K(99840K)
[168.164s][info][gc,heap        ] GC(568) ParOldGen: 122569K(437760K)->122569K(437760K)
[168.164s][info][gc,metaspace   ] GC(568) Metaspace: 18532K(18752K)->18532K(18752K) NonClass: 15874K(16000K)->15874K(16000K) Class: 2658K(2752K)->2658K(2752K)
[168.164s][info][gc             ] GC(568) Pause Young (Allocation Failure) 243M->176M(648M) 46.798ms
[168.164s][info][gc,cpu         ] GC(568) User=0.09s Sys=0.00s Real=0.05s
[168.242s][info][gc,start       ] GC(569) Pause Young (Allocation Failure)
[168.360s][info][gc,heap        ] GC(569) PSYoungGen: 184528K(225792K)->51936K(178176K) Eden: 125952K(125952K)->0K(125952K) From: 58576K(99840K)->51936K(52224K)
[168.360s][info][gc,heap        ] GC(569) ParOldGen: 122569K(437760K)->181473K(437760K)
[168.360s][info][gc,metaspace   ] GC(569) Metaspace: 18532K(18752K)->18532K(18752K) NonClass: 15874K(16000K)->15874K(16000K) Class: 2658K(2752K)->2658K(2752K)
[168.360s][info][gc             ] GC(569) Pause Young (Allocation Failure) 299M->227M(601M) 118.056ms
[168.360s][info][gc,cpu         ] GC(569) User=0.18s Sys=0.00s Real=0.12s
[168.434s][info][gc,start       ] GC(570) Pause Young (Allocation Failure)
[168.498s][info][gc,heap        ] GC(570) PSYoungGen: 177888K(178176K)->51392K(229888K) Eden: 125952K(125952K)->0K(125440K) From: 51936K(52224K)->51392K(104448K)
[168.498s][info][gc,heap        ] GC(570) ParOldGen: 181473K(437760K)->234025K(437760K)
[168.498s][info][gc,metaspace   ] GC(570) Metaspace: 18533K(18752K)->18533K(18752K) NonClass: 15875K(16000K)->15875K(16000K) Class: 2658K(2752K)->2658K(2752K)
[168.498s][info][gc             ] GC(570) Pause Young (Allocation Failure) 350M->278M(652M) 64.301ms
[168.498s][info][gc,cpu         ] GC(570) User=0.13s Sys=0.00s Real=0.06s
[168.635s][info][gc,start       ] GC(571) Pause Young (Allocation Failure)
[168.679s][info][gc,heap        ] GC(571) PSYoungGen: 176832K(229888K)->8640K(134144K) Eden: 125440K(125440K)->0K(125440K) From: 51392K(104448K)->8640K(8704K)
[168.679s][info][gc,heap        ] GC(571) ParOldGen: 234025K(437760K)->286009K(437760K)
[168.679s][info][gc,metaspace   ] GC(571) Metaspace: 18536K(18752K)->18536K(18752K) NonClass: 15878K(16000K)->15878K(16000K) Class: 2658K(2752K)->2658K(2752K)
[168.679s][info][gc             ] GC(571) Pause Young (Allocation Failure) 401M->287M(558M) 44.324ms
[168.679s][info][gc,cpu         ] GC(571) User=0.09s Sys=0.00s Real=0.04s
[168.751s][info][gc,start       ] GC(572) Pause Young (Allocation Failure)
[168.773s][info][gc,heap        ] GC(572) PSYoungGen: 134080K(134144K)->2912K(228352K) Eden: 125440K(125440K)->0K(126976K) From: 8640K(8704K)->2912K(101376K)
[168.773s][info][gc,heap        ] GC(572) ParOldGen: 286009K(437760K)->294697K(437760K)
[168.773s][info][gc,metaspace   ] GC(572) Metaspace: 18536K(18752K)->18536K(18752K) NonClass: 15878K(16000K)->15878K(16000K) Class: 2658K(2752K)->2658K(2752K)
[168.773s][info][gc             ] GC(572) Pause Young (Allocation Failure) 410M->290M(650M) 22.063ms
[168.773s][info][gc,cpu         ] GC(572) User=0.04s Sys=0.00s Real=0.03s
[168.932s][info][gc,start       ] GC(573) Pause Young (Allocation Failure)
[169.000s][info][gc,heap        ] GC(573) PSYoungGen: 129888K(228352K)->39491K(226816K) Eden: 126976K(126976K)->0K(126976K) From: 2912K(101376K)->39491K(99840K)
[169.000s][info][gc,heap        ] GC(573) ParOldGen: 294697K(437760K)->297585K(437760K)
[169.000s][info][gc,metaspace   ] GC(573) Metaspace: 18537K(18752K)->18537K(18752K) NonClass: 15879K(16000K)->15879K(16000K) Class: 2658K(2752K)->2658K(2752K)
[169.000s][info][gc             ] GC(573) Pause Young (Allocation Failure) 414M->329M(649M) 68.520ms
[169.000s][info][gc,cpu         ] GC(573) User=0.14s Sys=0.00s Real=0.07s
[169.101s][info][gc,start       ] GC(574) Pause Young (Allocation Failure)
[169.185s][info][gc,heap        ] GC(574) PSYoungGen: 166467K(226816K)->28480K(226816K) Eden: 126976K(126976K)->0K(137728K) From: 39491K(99840K)->28480K(89088K)
[169.185s][info][gc,heap        ] GC(574) ParOldGen: 297585K(437760K)->337068K(437760K)
[169.185s][info][gc,metaspace   ] GC(574) Metaspace: 18537K(18752K)->18537K(18752K) NonClass: 15879K(16000K)->15879K(16000K) Class: 2658K(2752K)->2658K(2752K)
[169.185s][info][gc             ] GC(574) Pause Young (Allocation Failure) 453M->356M(649M) 84.160ms
[169.185s][info][gc,cpu         ] GC(574) User=0.17s Sys=0.00s Real=0.09s
[169.298s][info][gc,start       ] GC(575) Pause Young (Allocation Failure)
[169.353s][info][gc,heap        ] GC(575) PSYoungGen: 166208K(226816K)->25984K(227840K) Eden: 137728K(137728K)->0K(137728K) From: 28480K(89088K)->25984K(90112K)
[169.353s][info][gc,heap        ] GC(575) ParOldGen: 337068K(437760K)->365564K(437760K)
[169.353s][info][gc,metaspace   ] GC(575) Metaspace: 18537K(18752K)->18537K(18752K) NonClass: 15879K(16000K)->15879K(16000K) Class: 2658K(2752K)->2658K(2752K)
[169.353s][info][gc             ] GC(575) Pause Young (Allocation Failure) 491M->382M(650M) 54.798ms
[169.353s][info][gc,cpu         ] GC(575) User=0.11s Sys=0.00s Real=0.05s
[169.418s][info][gc,start       ] GC(576) Pause Young (Allocation Failure)
[169.448s][info][gc,heap        ] GC(576) PSYoungGen: 163712K(227840K)->4288K(240640K) Eden: 137728K(137728K)->0K(155648K) From: 25984K(90112K)->4288K(84992K)
[169.448s][info][gc,heap        ] GC(576) ParOldGen: 365564K(437760K)->391604K(437760K)
[169.448s][info][gc,metaspace   ] GC(576) Metaspace: 18537K(18752K)->18537K(18752K) NonClass: 15879K(16000K)->15879K(16000K) Class: 2658K(2752K)->2658K(2752K)
[169.448s][info][gc             ] GC(576) Pause Young (Allocation Failure) 516M->386M(662M) 30.539ms
[169.448s][info][gc,cpu         ] GC(576) User=0.06s Sys=0.00s Real=0.03s
[169.554s][info][gc,start       ] GC(577) Pause Young (Allocation Failure)
[169.568s][info][gc,heap        ] GC(577) PSYoungGen: 159936K(240640K)->1280K(239616K) Eden: 155648K(155648K)->0K(155648K) From: 4288K(84992K)->1280K(83968K)
[169.568s][info][gc,heap        ] GC(577) ParOldGen: 391604K(437760K)->395876K(437760K)
[169.568s][info][gc,metaspace   ] GC(577) Metaspace: 18539K(18752K)->18539K(18752K) NonClass: 15881K(16000K)->15881K(16000K) Class: 2658K(2752K)->2658K(2752K)
[169.568s][info][gc             ] GC(577) Pause Young (Allocation Failure) 538M->387M(661M) 13.693ms
[169.568s][info][gc,cpu         ] GC(577) User=0.03s Sys=0.00s Real=0.01s
[169.677s][info][gc,start       ] GC(578) Pause Young (Allocation Failure)
[169.693s][info][gc,heap        ] GC(578) PSYoungGen: 156928K(239616K)->6336K(245760K) Eden: 155648K(155648K)->0K(166912K) From: 1280K(83968K)->6336K(78848K)
[169.693s][info][gc,heap        ] GC(578) ParOldGen: 395876K(437760K)->397116K(437760K)
[169.693s][info][gc,metaspace   ] GC(578) Metaspace: 18539K(18752K)->18539K(18752K) NonClass: 15881K(16000K)->15881K(16000K) Class: 2658K(2752K)->2658K(2752K)
[169.693s][info][gc             ] GC(578) Pause Young (Allocation Failure) 539M->393M(667M) 15.651ms
[169.693s][info][gc,cpu         ] GC(578) User=0.03s Sys=0.00s Real=0.01s
[169.842s][info][gc,start       ] GC(579) Pause Young (Allocation Failure)
[169.864s][info][gc,heap        ] GC(579) PSYoungGen: 173248K(245760K)->14336K(246784K) Eden: 166912K(166912K)->0K(166912K) From: 6336K(78848K)->14336K(79872K)
[169.864s][info][gc,heap        ] GC(579) ParOldGen: 397116K(437760K)->403460K(437760K)
[169.864s][info][gc,metaspace   ] GC(579) Metaspace: 18539K(18752K)->18539K(18752K) NonClass: 15881K(16000K)->15881K(16000K) Class: 2658K(2752K)->2658K(2752K)
[169.864s][info][gc             ] GC(579) Pause Young (Allocation Failure) 556M->408M(668M) 22.810ms
[169.865s][info][gc,cpu         ] GC(579) User=0.04s Sys=0.00s Real=0.03s
[170.048s][info][gc,start       ] GC(580) Pause Young (Allocation Failure)
[170.094s][info][gc,heap        ] GC(580) PSYoungGen: 181248K(246784K)->28384K(250880K) Eden: 166912K(166912K)->0K(178176K) From: 14336K(79872K)->28384K(72704K)
[170.094s][info][gc,heap        ] GC(580) ParOldGen: 403460K(437760K)->417772K(437760K)
[170.094s][info][gc,metaspace   ] GC(580) Metaspace: 18539K(18752K)->18539K(18752K) NonClass: 15881K(16000K)->15881K(16000K) Class: 2658K(2752K)->2658K(2752K)
[170.094s][info][gc             ] GC(580) Pause Young (Allocation Failure) 571M->435M(672M) 45.251ms
[170.094s][info][gc,cpu         ] GC(580) User=0.09s Sys=0.00s Real=0.05s
[170.706s][info][gc,start       ] GC(581) Pause Young (Allocation Failure)
[170.739s][info][gc,heap        ] GC(581) PSYoungGen: 206560K(250880K)->256K(250880K) Eden: 178176K(178176K)->0K(178176K) From: 28384K(72704K)->256K(72704K)
[170.739s][info][gc,heap        ] GC(581) ParOldGen: 417772K(437760K)->446183K(446464K)
[170.739s][info][gc,metaspace   ] GC(581) Metaspace: 18541K(18752K)->18541K(18752K) NonClass: 15883K(16000K)->15883K(16000K) Class: 2658K(2752K)->2658K(2752K)
[170.739s][info][gc             ] GC(581) Pause Young (Allocation Failure) 609M->435M(681M) 33.025ms
[170.739s][info][gc,cpu         ] GC(581) User=0.06s Sys=0.00s Real=0.03s
[171.152s][info][gc,start       ] GC(582) Pause Young (Allocation Failure)
[171.155s][info][gc,heap        ] GC(582) PSYoungGen: 178432K(250880K)->64K(259072K) Eden: 178176K(178176K)->0K(189440K) From: 256K(72704K)->64K(69632K)
[171.155s][info][gc,heap        ] GC(582) ParOldGen: 446183K(446464K)->446399K(446464K)
[171.155s][info][gc,metaspace   ] GC(582) Metaspace: 18542K(18752K)->18542K(18752K) NonClass: 15884K(16000K)->15884K(16000K) Class: 2658K(2752K)->2658K(2752K)
[171.155s][info][gc             ] GC(582) Pause Young (Allocation Failure) 609M->435M(689M) 2.391ms
[171.155s][info][gc,cpu         ] GC(582) User=0.00s Sys=0.01s Real=0.01s
[171.538s][info][gc,start       ] GC(583) Pause Young (Allocation Failure)
[171.540s][info][gc,heap        ] GC(583) PSYoungGen: 189504K(259072K)->64K(259584K) Eden: 189440K(189440K)->0K(189440K) From: 64K(69632K)->64K(70144K)
[171.540s][info][gc,heap        ] GC(583) ParOldGen: 446399K(446464K)->446415K(446464K)
[171.540s][info][gc,metaspace   ] GC(583) Metaspace: 18542K(18752K)->18542K(18752K) NonClass: 15884K(16000K)->15884K(16000K) Class: 2658K(2752K)->2658K(2752K)
[171.540s][info][gc             ] GC(583) Pause Young (Allocation Failure) 620M->436M(689M) 2.069ms
[171.540s][info][gc,cpu         ] GC(583) User=0.01s Sys=0.00s Real=0.00s
[171.926s][info][gc,start       ] GC(584) Pause Young (Allocation Failure)
[171.952s][info][gc,heap        ] GC(584) PSYoungGen: 189504K(259584K)->9088K(257024K) Eden: 189440K(189440K)->0K(195584K) From: 64K(70144K)->9088K(61440K)
[171.952s][info][gc,heap        ] GC(584) ParOldGen: 446415K(446464K)->446415K(446464K)
[171.952s][info][gc,metaspace   ] GC(584) Metaspace: 18542K(18752K)->18542K(18752K) NonClass: 15884K(16000K)->15884K(16000K) Class: 2658K(2752K)->2658K(2752K)
[171.952s][info][gc             ] GC(584) Pause Young (Allocation Failure) 621M->444M(687M) 25.793ms
[171.952s][info][gc,cpu         ] GC(584) User=0.05s Sys=0.00s Real=0.02s
[172.075s][info][gc,start       ] GC(585) Pause Young (Allocation Failure)
[172.141s][info][gc,heap        ] GC(585) PSYoungGen: 204672K(257024K)->63990K(259584K) Eden: 195584K(195584K)->0K(195584K) From: 9088K(61440K)->63990K(64000K)
[172.141s][info][gc,heap        ] GC(585) ParOldGen: 446415K(446464K)->460367K(460800K)
[172.141s][info][gc,metaspace   ] GC(585) Metaspace: 18542K(18752K)->18542K(18752K) NonClass: 15884K(16000K)->15884K(16000K) Class: 2658K(2752K)->2658K(2752K)
[172.141s][info][gc             ] GC(585) Pause Young (Allocation Failure) 635M->512M(703M) 66.395ms
[172.141s][info][gc,cpu         ] GC(585) User=0.12s Sys=0.02s Real=0.06s
[172.315s][info][gc,start       ] GC(586) Pause Young (Allocation Failure)
[172.421s][info][gc,heap        ] GC(586) PSYoungGen: 259574K(259584K)->74224K(189952K) Eden: 195584K(195584K)->0K(115712K) From: 63990K(64000K)->74224K(74240K)
[172.421s][info][gc,heap        ] GC(586) ParOldGen: 460367K(460800K)->496006K(496128K)
[172.421s][info][gc,metaspace   ] GC(586) Metaspace: 18544K(18752K)->18544K(18752K) NonClass: 15886K(16000K)->15886K(16000K) Class: 2658K(2752K)->2658K(2752K)
[172.421s][info][gc             ] GC(586) Pause Young (Allocation Failure) 703M->556M(670M) 105.981ms
[172.421s][info][gc,cpu         ] GC(586) User=0.18s Sys=0.03s Real=0.10s
[172.483s][info][gc,start       ] GC(587) Pause Young (Allocation Failure)
[172.580s][info][gc,heap        ] GC(587) PSYoungGen: 189936K(189952K)->2016K(224768K) Eden: 115712K(115712K)->0K(115712K) From: 74224K(74240K)->2016K(109056K)
[172.580s][info][gc,heap        ] GC(587) ParOldGen: 496006K(496128K)->570912K(571392K)
[172.580s][info][gc,metaspace   ] GC(587) Metaspace: 18544K(18752K)->18544K(18752K) NonClass: 15886K(16000K)->15886K(16000K) Class: 2658K(2752K)->2658K(2752K)
[172.580s][info][gc             ] GC(587) Pause Young (Allocation Failure) 669M->559M(777M) 96.627ms
[172.580s][info][gc,cpu         ] GC(587) User=0.15s Sys=0.05s Real=0.09s
[172.666s][info][gc,start       ] GC(588) Pause Young (Allocation Failure)
[172.689s][info][gc,heap        ] GC(588) PSYoungGen: 117728K(224768K)->5644K(213504K) Eden: 115712K(115712K)->0K(118784K) From: 2016K(109056K)->5644K(94720K)
[172.689s][info][gc,heap        ] GC(588) ParOldGen: 570912K(571392K)->572904K(572928K)
[172.689s][info][gc,metaspace   ] GC(588) Metaspace: 18544K(18752K)->18544K(18752K) NonClass: 15886K(16000K)->15886K(16000K) Class: 2658K(2752K)->2658K(2752K)
[172.689s][info][gc             ] GC(588) Pause Young (Allocation Failure) 672M->564M(768M) 23.055ms
[172.689s][info][gc,cpu         ] GC(588) User=0.04s Sys=0.00s Real=0.02s
[172.794s][info][gc,start       ] GC(589) Pause Young (Allocation Failure)
[172.840s][info][gc,heap        ] GC(589) PSYoungGen: 124428K(213504K)->21504K(220672K) Eden: 118784K(118784K)->0K(118784K) From: 5644K(94720K)->21504K(101888K)
[172.840s][info][gc,heap        ] GC(589) ParOldGen: 572904K(572928K)->578267K(578560K)
[172.840s][info][gc,metaspace   ] GC(589) Metaspace: 18544K(18752K)->18544K(18752K) NonClass: 15886K(16000K)->15886K(16000K) Class: 2658K(2752K)->2658K(2752K)
[172.840s][info][gc             ] GC(589) Pause Young (Allocation Failure) 680M->585M(780M) 46.806ms
[172.840s][info][gc,cpu         ] GC(589) User=0.08s Sys=0.00s Real=0.04s
[172.947s][info][gc,start       ] GC(590) Pause Young (Allocation Failure)
[173.012s][info][gc,heap        ] GC(590) PSYoungGen: 140288K(220672K)->24192K(218112K) Eden: 118784K(118784K)->0K(135680K) From: 21504K(101888K)->24192K(82432K)
[173.012s][info][gc,heap        ] GC(590) ParOldGen: 578267K(578560K)->599779K(600064K)
[173.012s][info][gc,metaspace   ] GC(590) Metaspace: 18544K(18752K)->18544K(18752K) NonClass: 15886K(16000K)->15886K(16000K) Class: 2658K(2752K)->2658K(2752K)
[173.012s][info][gc             ] GC(590) Pause Young (Allocation Failure) 701M->609M(799M) 64.521ms
[173.012s][info][gc,cpu         ] GC(590) User=0.11s Sys=0.02s Real=0.06s
[173.100s][info][gc,start       ] GC(591) Pause Young (Allocation Failure)
[173.157s][info][gc,heap        ] GC(591) PSYoungGen: 159872K(218112K)->20320K(224256K) Eden: 135680K(135680K)->0K(135680K) From: 24192K(82432K)->20320K(88576K)
[173.157s][info][gc,heap        ] GC(591) ParOldGen: 599779K(600064K)->624011K(624128K)
[173.157s][info][gc,metaspace   ] GC(591) Metaspace: 18544K(18752K)->18544K(18752K) NonClass: 15886K(16000K)->15886K(16000K) Class: 2658K(2752K)->2658K(2752K)
[173.157s][info][gc             ] GC(591) Pause Young (Allocation Failure) 741M->629M(828M) 57.150ms
[173.157s][info][gc,cpu         ] GC(591) User=0.10s Sys=0.01s Real=0.06s
[173.253s][info][gc,start       ] GC(592) Pause Full (Allocation Failure)
[173.253s][info][gc,phases,start] GC(592) Marking Phase
[173.509s][info][gc,phases      ] GC(592) Marking Phase 256.227ms
[173.509s][info][gc,phases,start] GC(592) Summary Phase
[173.509s][info][gc,phases      ] GC(592) Summary Phase 0.027ms
[173.509s][info][gc,phases,start] GC(592) Forward
[173.611s][info][gc,phases      ] GC(592) Forward 101.861ms
[173.611s][info][gc,phases,start] GC(592) Adjust Pointers
[173.820s][info][gc,phases      ] GC(592) Adjust Pointers 208.985ms
[173.820s][info][gc,phases,start] GC(592) Compaction Phase
[173.940s][info][gc,phases      ] GC(592) Compaction Phase 120.017ms
[173.949s][info][gc,phases,start] GC(592) Post Compact
[173.951s][info][gc,phases      ] GC(592) Post Compact 2.252ms
[173.951s][info][gc,heap        ] GC(592) PSYoungGen: 156000K(224256K)->0K(238080K) Eden: 135680K(135680K)->0K(155136K) From: 20320K(88576K)->0K(82944K)
[173.951s][info][gc,heap        ] GC(592) ParOldGen: 624011K(624128K)->375715K(667648K)
[173.951s][info][gc,metaspace   ] GC(592) Metaspace: 18544K(18752K)->18544K(18752K) NonClass: 15886K(16000K)->15886K(16000K) Class: 2658K(2752K)->2658K(2752K)
[173.951s][info][gc             ] GC(592) Pause Full (Allocation Failure) 761M->366M(884M) 698.498ms
[173.951s][info][gc,cpu         ] GC(592) User=1.31s Sys=0.00s Real=0.70s
[174.069s][info][gc,start       ] GC(593) Pause Young (Allocation Failure)
[174.083s][info][gc,heap        ] GC(593) PSYoungGen: 155136K(238080K)->8640K(238080K) Eden: 155136K(155136K)->0K(155136K) From: 0K(82944K)->8640K(82944K)
[174.083s][info][gc,heap        ] GC(593) ParOldGen: 375715K(667648K)->375715K(667648K)
[174.083s][info][gc,metaspace   ] GC(593) Metaspace: 18544K(18752K)->18544K(18752K) NonClass: 15886K(16000K)->15886K(16000K) Class: 2658K(2752K)->2658K(2752K)
[174.083s][info][gc             ] GC(593) Pause Young (Allocation Failure) 518M->375M(884M) 13.555ms
[174.083s][info][gc,cpu         ] GC(593) User=0.03s Sys=0.00s Real=0.01s
[174.249s][info][gc,start       ] GC(594) Pause Young (Allocation Failure)
[174.267s][info][gc,heap        ] GC(594) PSYoungGen: 163776K(238080K)->3424K(248320K) Eden: 155136K(155136K)->0K(170496K) From: 8640K(82944K)->3424K(77824K)
[174.267s][info][gc,heap        ] GC(594) ParOldGen: 375715K(667648K)->384339K(667648K)
[174.267s][info][gc,metaspace   ] GC(594) Metaspace: 18544K(18752K)->18544K(18752K) NonClass: 15886K(16000K)->15886K(16000K) Class: 2658K(2752K)->2658K(2752K)
[174.267s][info][gc             ] GC(594) Pause Young (Allocation Failure) 526M->378M(894M) 17.355ms
[174.267s][info][gc,cpu         ] GC(594) User=0.03s Sys=0.00s Real=0.02s
[174.479s][info][gc,start       ] GC(595) Pause Young (Allocation Failure)
[174.503s][info][gc,heap        ] GC(595) PSYoungGen: 173920K(248320K)->14592K(247808K) Eden: 170496K(170496K)->0K(170496K) From: 3424K(77824K)->14592K(77312K)
[174.503s][info][gc,heap        ] GC(595) ParOldGen: 384339K(667648K)->387739K(667648K)
[174.503s][info][gc,metaspace   ] GC(595) Metaspace: 18544K(18752K)->18544K(18752K) NonClass: 15886K(16000K)->15886K(16000K) Class: 2658K(2752K)->2658K(2752K)
[174.503s][info][gc             ] GC(595) Pause Young (Allocation Failure) 545M->392M(894M) 23.450ms
[174.503s][info][gc,cpu         ] GC(595) User=0.05s Sys=0.00s Real=0.02s
[174.690s][info][gc,start       ] GC(596) Pause Young (Allocation Failure)
[174.731s][info][gc,heap        ] GC(596) PSYoungGen: 185088K(247808K)->26832K(253440K) Eden: 170496K(170496K)->0K(181760K) From: 14592K(77312K)->26832K(71680K)
[174.731s][info][gc,heap        ] GC(596) ParOldGen: 387739K(667648K)->402320K(667648K)
[174.731s][info][gc,metaspace   ] GC(596) Metaspace: 18544K(18752K)->18544K(18752K) NonClass: 15886K(16000K)->15886K(16000K) Class: 2658K(2752K)->2658K(2752K)
[174.731s][info][gc             ] GC(596) Pause Young (Allocation Failure) 559M->419M(899M) 40.581ms
[174.731s][info][gc,cpu         ] GC(596) User=0.08s Sys=0.00s Real=0.04s
[174.947s][info][gc,start       ] GC(597) Pause Young (Allocation Failure)
[175.002s][info][gc,heap        ] GC(597) PSYoungGen: 208592K(253440K)->41440K(251904K) Eden: 181760K(181760K)->0K(181760K) From: 26832K(71680K)->41440K(70144K)
[175.002s][info][gc,heap        ] GC(597) ParOldGen: 402320K(667648K)->429253K(667648K)
[175.002s][info][gc,metaspace   ] GC(597) Metaspace: 18544K(18752K)->18544K(18752K) NonClass: 15886K(16000K)->15886K(16000K) Class: 2658K(2752K)->2658K(2752K)
[175.002s][info][gc             ] GC(597) Pause Young (Allocation Failure) 596M->459M(898M) 55.102ms
[175.002s][info][gc,cpu         ] GC(597) User=0.11s Sys=0.00s Real=0.05s
[175.232s][info][gc,start       ] GC(598) Pause Young (Allocation Failure)
[175.285s][info][gc,heap        ] GC(598) PSYoungGen: 223200K(251904K)->37008K(260096K) Eden: 181760K(181760K)->0K(187392K) From: 41440K(70144K)->37008K(72704K)
[175.285s][info][gc,heap        ] GC(598) ParOldGen: 429253K(667648K)->471117K(667648K)
[175.285s][info][gc,metaspace   ] GC(598) Metaspace: 18544K(18752K)->18544K(18752K) NonClass: 15886K(16000K)->15886K(16000K) Class: 2658K(2752K)->2658K(2752K)
[175.285s][info][gc             ] GC(598) Pause Young (Allocation Failure) 637M->496M(906M) 53.618ms
[175.285s][info][gc,cpu         ] GC(598) User=0.11s Sys=0.00s Real=0.06s
[175.538s][info][gc,start       ] GC(599) Pause Young (Allocation Failure)
[175.612s][info][gc,heap        ] GC(599) PSYoungGen: 224400K(260096K)->33471K(221184K) Eden: 187392K(187392K)->0K(187392K) From: 37008K(72704K)->33471K(33792K)
[175.612s][info][gc,heap        ] GC(599) ParOldGen: 471117K(667648K)->508534K(667648K)
[175.612s][info][gc,metaspace   ] GC(599) Metaspace: 18544K(18752K)->18544K(18752K) NonClass: 15886K(16000K)->15886K(16000K) Class: 2658K(2752K)->2658K(2752K)
[175.612s][info][gc             ] GC(599) Pause Young (Allocation Failure) 679M->529M(868M) 73.756ms
[175.612s][info][gc,cpu         ] GC(599) User=0.14s Sys=0.00s Real=0.07s
[175.825s][info][gc,start       ] GC(600) Pause Young (Allocation Failure)
[175.897s][info][gc,heap        ] GC(600) PSYoungGen: 220863K(221184K)->24800K(264192K) Eden: 187392K(187392K)->0K(192512K) From: 33471K(33792K)->24800K(71680K)
[175.897s][info][gc,heap        ] GC(600) ParOldGen: 508534K(667648K)->542060K(667648K)
[175.897s][info][gc,metaspace   ] GC(600) Metaspace: 18544K(18752K)->18544K(18752K) NonClass: 15886K(16000K)->15886K(16000K) Class: 2658K(2752K)->2658K(2752K)
[175.897s][info][gc             ] GC(600) Pause Young (Allocation Failure) 712M->553M(910M) 71.234ms
[175.897s][info][gc,cpu         ] GC(600) User=0.14s Sys=0.00s Real=0.07s
[176.080s][info][gc,start       ] GC(601) Pause Young (Allocation Failure)
[176.109s][info][gc,heap        ] GC(601) PSYoungGen: 217312K(264192K)->832K(259584K) Eden: 192512K(192512K)->0K(192512K) From: 24800K(71680K)->832K(67072K)
[176.109s][info][gc,heap        ] GC(601) ParOldGen: 542060K(667648K)->566876K(667648K)
[176.109s][info][gc,metaspace   ] GC(601) Metaspace: 18544K(18752K)->18544K(18752K) NonClass: 15886K(16000K)->15886K(16000K) Class: 2658K(2752K)->2658K(2752K)
[176.109s][info][gc             ] GC(601) Pause Young (Allocation Failure) 741M->554M(905M) 28.576ms
[176.109s][info][gc,cpu         ] GC(601) User=0.06s Sys=0.00s Real=0.03s
[176.341s][info][gc,start       ] GC(602) Pause Young (Allocation Failure)
[176.358s][info][gc,heap        ] GC(602) PSYoungGen: 193344K(259584K)->11392K(264192K) Eden: 192512K(192512K)->0K(197632K) From: 832K(67072K)->11392K(66560K)
[176.358s][info][gc,heap        ] GC(602) ParOldGen: 566876K(667648K)->567700K(667648K)
[176.358s][info][gc,metaspace   ] GC(602) Metaspace: 18544K(18752K)->18544K(18752K) NonClass: 15886K(16000K)->15886K(16000K) Class: 2658K(2752K)->2658K(2752K)
[176.358s][info][gc             ] GC(602) Pause Young (Allocation Failure) 742M->565M(910M) 17.213ms
[176.358s][info][gc,cpu         ] GC(602) User=0.04s Sys=0.00s Real=0.02s
[176.697s][info][gc,start       ] GC(603) Pause Young (Allocation Failure)
[176.739s][info][gc,heap        ] GC(603) PSYoungGen: 209024K(264192K)->19568K(262144K) Eden: 197632K(197632K)->0K(197632K) From: 11392K(66560K)->19568K(64512K)
[176.739s][info][gc,heap        ] GC(603) ParOldGen: 567700K(667648K)->578740K(667648K)
[176.739s][info][gc,metaspace   ] GC(603) Metaspace: 18544K(18752K)->18544K(18752K) NonClass: 15886K(16000K)->15886K(16000K) Class: 2658K(2752K)->2658K(2752K)
[176.739s][info][gc             ] GC(603) Pause Young (Allocation Failure) 758M->584M(908M) 41.973ms
[176.739s][info][gc,cpu         ] GC(603) User=0.08s Sys=0.00s Real=0.04s
[176.986s][info][gc,start       ] GC(604) Pause Young (Allocation Failure)
[177.056s][info][gc,heap        ] GC(604) PSYoungGen: 217200K(262144K)->60914K(237056K) Eden: 197632K(197632K)->0K(176128K) From: 19568K(64512K)->60914K(60928K)
[177.056s][info][gc,heap        ] GC(604) ParOldGen: 578740K(667648K)->599133K(667648K)
[177.056s][info][gc,metaspace   ] GC(604) Metaspace: 18544K(18752K)->18544K(18752K) NonClass: 15886K(16000K)->15886K(16000K) Class: 2658K(2752K)->2658K(2752K)
[177.056s][info][gc             ] GC(604) Pause Young (Allocation Failure) 777M->644M(883M) 69.981ms
[177.056s][info][gc,cpu         ] GC(604) User=0.13s Sys=0.01s Real=0.07s
[177.294s][info][gc,start       ] GC(605) Pause Young (Allocation Failure)
[177.365s][info][gc,heap        ] GC(605) PSYoungGen: 237042K(237056K)->18720K(254976K) Eden: 176128K(176128K)->0K(176128K) From: 60914K(60928K)->18720K(78848K)
[177.365s][info][gc,heap        ] GC(605) ParOldGen: 599133K(667648K)->660778K(667648K)
[177.365s][info][gc,metaspace   ] GC(605) Metaspace: 18544K(18752K)->18544K(18752K) NonClass: 15886K(16000K)->15886K(16000K) Class: 2658K(2752K)->2658K(2752K)
[177.365s][info][gc             ] GC(605) Pause Young (Allocation Failure) 816M->663M(901M) 70.419ms
[177.365s][info][gc,cpu         ] GC(605) User=0.12s Sys=0.03s Real=0.07s
[177.622s][info][gc,start       ] GC(606) Pause Full (Allocation Failure)
[177.622s][info][gc,phases,start] GC(606) Marking Phase
[177.976s][info][gc,phases      ] GC(606) Marking Phase 353.381ms
[177.976s][info][gc,phases,start] GC(606) Summary Phase
[177.976s][info][gc,phases      ] GC(606) Summary Phase 0.028ms
[177.976s][info][gc,phases,start] GC(606) Forward
[178.118s][info][gc,phases      ] GC(606) Forward 142.340ms
[178.118s][info][gc,phases,start] GC(606) Adjust Pointers
[178.394s][info][gc,phases      ] GC(606) Adjust Pointers 276.075ms
[178.394s][info][gc,phases,start] GC(606) Compaction Phase
[178.554s][info][gc,phases      ] GC(606) Compaction Phase 159.782ms
[178.566s][info][gc,phases,start] GC(606) Post Compact
[178.569s][info][gc,phases      ] GC(606) Post Compact 2.459ms
[178.569s][info][gc,heap        ] GC(606) PSYoungGen: 194848K(254976K)->0K(251392K) Eden: 176128K(176128K)->0K(179712K) From: 18720K(78848K)->0K(71680K)
[178.569s][info][gc,heap        ] GC(606) ParOldGen: 660778K(667648K)->504025K(667648K)
[178.569s][info][gc,metaspace   ] GC(606) Metaspace: 18544K(18752K)->18544K(18752K) NonClass: 15886K(16000K)->15886K(16000K) Class: 2658K(2752K)->2658K(2752K)
[178.569s][info][gc             ] GC(606) Pause Full (Allocation Failure) 835M->492M(897M) 946.756ms
[178.569s][info][gc,cpu         ] GC(606) User=1.77s Sys=0.00s Real=0.95s
[178.743s][info][gc,start       ] GC(607) Pause Young (Allocation Failure)
[178.763s][info][gc,heap        ] GC(607) PSYoungGen: 179712K(251392K)->15840K(254976K) Eden: 179712K(179712K)->0K(179712K) From: 0K(71680K)->15840K(75264K)
[178.763s][info][gc,heap        ] GC(607) ParOldGen: 504025K(667648K)->504025K(667648K)
[178.763s][info][gc,metaspace   ] GC(607) Metaspace: 18544K(18752K)->18544K(18752K) NonClass: 15886K(16000K)->15886K(16000K) Class: 2658K(2752K)->2658K(2752K)
[178.763s][info][gc             ] GC(607) Pause Young (Allocation Failure) 667M->507M(901M) 19.438ms
[178.763s][info][gc,cpu         ] GC(607) User=0.03s Sys=0.00s Real=0.01s
[178.942s][info][gc,start       ] GC(608) Pause Young (Allocation Failure)
[178.966s][info][gc,heap        ] GC(608) PSYoungGen: 195552K(254976K)->4224K(256000K) Eden: 179712K(179712K)->0K(186368K) From: 15840K(75264K)->4224K(69632K)
[178.966s][info][gc,heap        ] GC(608) ParOldGen: 504025K(667648K)->519873K(667648K)
[178.966s][info][gc,metaspace   ] GC(608) Metaspace: 18544K(18752K)->18544K(18752K) NonClass: 15886K(16000K)->15886K(16000K) Class: 2658K(2752K)->2658K(2752K)
[178.966s][info][gc             ] GC(608) Pause Young (Allocation Failure) 683M->511M(902M) 24.502ms
[178.966s][info][gc,cpu         ] GC(608) User=0.05s Sys=0.00s Real=0.03s
[179.209s][info][gc,start       ] GC(609) Pause Young (Allocation Failure)
[179.225s][info][gc,heap        ] GC(609) PSYoungGen: 190592K(256000K)->14240K(257536K) Eden: 186368K(186368K)->0K(186368K) From: 4224K(69632K)->14240K(71168K)
[179.226s][info][gc,heap        ] GC(609) ParOldGen: 519873K(667648K)->519873K(667648K)
[179.226s][info][gc,metaspace   ] GC(609) Metaspace: 18544K(18752K)->18544K(18752K) NonClass: 15886K(16000K)->15886K(16000K) Class: 2658K(2752K)->2658K(2752K)
[179.226s][info][gc             ] GC(609) Pause Young (Allocation Failure) 693M->521M(903M) 16.251ms
[179.226s][info][gc,cpu         ] GC(609) User=0.03s Sys=0.00s Real=0.02s
[179.616s][info][gc,start       ] GC(610) Pause Young (Allocation Failure)
[179.649s][info][gc,heap        ] GC(610) PSYoungGen: 200608K(257536K)->31296K(261120K) Eden: 186368K(186368K)->0K(194560K) From: 14240K(71168K)->31296K(66560K)
[179.649s][info][gc,heap        ] GC(610) ParOldGen: 519873K(667648K)->519873K(667648K)
[179.649s][info][gc,metaspace   ] GC(610) Metaspace: 18544K(18752K)->18544K(18752K) NonClass: 15886K(16000K)->15886K(16000K) Class: 2658K(2752K)->2658K(2752K)
[179.649s][info][gc             ] GC(610) Pause Young (Allocation Failure) 703M->538M(907M) 32.709ms
[179.649s][info][gc,cpu         ] GC(610) User=0.06s Sys=0.00s Real=0.03s
[180.098s][info][gc,start       ] GC(611) Pause Young (Allocation Failure)
[180.128s][info][gc,heap        ] GC(611) PSYoungGen: 225856K(261120K)->31296K(261120K) Eden: 194560K(194560K)->0K(194560K) From: 31296K(66560K)->31296K(66560K)
[180.128s][info][gc,heap        ] GC(611) ParOldGen: 519873K(667648K)->519873K(667648K)
[180.128s][info][gc,metaspace   ] GC(611) Metaspace: 18544K(18752K)->18544K(18752K) NonClass: 15886K(16000K)->15886K(16000K) Class: 2658K(2752K)->2658K(2752K)
[180.129s][info][gc             ] GC(611) Pause Young (Allocation Failure) 728M->538M(907M) 30.883ms
[180.129s][info][gc,cpu         ] GC(611) User=0.07s Sys=0.00s Real=0.03s
[180.546s][info][gc,start       ] GC(612) Pause Young (Allocation Failure)
[180.586s][info][gc,heap        ] GC(612) PSYoungGen: 225856K(261120K)->31312K(265216K) Eden: 194560K(194560K)->0K(201728K) From: 31296K(66560K)->31312K(63488K)
[180.586s][info][gc,heap        ] GC(612) ParOldGen: 519873K(667648K)->519873K(667648K)
[180.586s][info][gc,metaspace   ] GC(612) Metaspace: 18544K(18752K)->18544K(18752K) NonClass: 15886K(16000K)->15886K(16000K) Class: 2658K(2752K)->2658K(2752K)
[180.586s][info][gc             ] GC(612) Pause Young (Allocation Failure) 728M->538M(911M) 39.663ms
[180.586s][info][gc,cpu         ] GC(612) User=0.08s Sys=0.00s Real=0.04s
[180.876s][info][gc,start       ] GC(613) Pause Young (Allocation Failure)
[180.930s][info][gc,heap        ] GC(613) PSYoungGen: 233040K(265216K)->63152K(265216K) Eden: 201728K(201728K)->0K(201728K) From: 31312K(63488K)->63152K(63488K)
[180.930s][info][gc,heap        ] GC(613) ParOldGen: 519873K(667648K)->519873K(667648K)
[180.930s][info][gc,metaspace   ] GC(613) Metaspace: 18544K(18752K)->18544K(18752K) NonClass: 15886K(16000K)->15886K(16000K) Class: 2658K(2752K)->2658K(2752K)
[180.930s][info][gc             ] GC(613) Pause Young (Allocation Failure) 735M->569M(911M) 53.935ms
[180.930s][info][gc,cpu         ] GC(613) User=0.11s Sys=0.00s Real=0.05s
[181.211s][info][gc,start       ] GC(614) Pause Young (Allocation Failure)
[181.297s][info][gc,heap        ] GC(614) PSYoungGen: 264880K(265216K)->68592K(205824K) Eden: 201728K(201728K)->0K(137216K) From: 63152K(63488K)->68592K(68608K)
[181.297s][info][gc,heap        ] GC(614) ParOldGen: 519873K(667648K)->557697K(667648K)
[181.297s][info][gc,metaspace   ] GC(614) Metaspace: 18544K(18752K)->18544K(18752K) NonClass: 15886K(16000K)->15886K(16000K) Class: 2658K(2752K)->2658K(2752K)
[181.297s][info][gc             ] GC(614) Pause Young (Allocation Failure) 766M->611M(853M) 86.341ms
[181.297s][info][gc,cpu         ] GC(614) User=0.16s Sys=0.01s Real=0.09s
[181.482s][info][gc,start       ] GC(615) Pause Young (Allocation Failure)
[181.581s][info][gc,heap        ] GC(615) PSYoungGen: 205808K(205824K)->71952K(209408K) Eden: 137216K(137216K)->0K(137216K) From: 68592K(68608K)->71952K(72192K)
[181.581s][info][gc,heap        ] GC(615) ParOldGen: 557697K(667648K)->571913K(667648K)
[181.581s][info][gc,metaspace   ] GC(615) Metaspace: 18544K(18752K)->18544K(18752K) NonClass: 15886K(16000K)->15886K(16000K) Class: 2658K(2752K)->2658K(2752K)
[181.581s][info][gc             ] GC(615) Pause Young (Allocation Failure) 745M->628M(856M) 98.785ms
[181.581s][info][gc,cpu         ] GC(615) User=0.19s Sys=0.00s Real=0.10s
[181.736s][info][gc,start       ] GC(616) Pause Young (Allocation Failure)
[181.837s][info][gc,heap        ] GC(616) PSYoungGen: 209168K(209408K)->81520K(217088K) Eden: 137216K(137216K)->0K(111616K) From: 71952K(72192K)->81520K(105472K)
[181.837s][info][gc,heap        ] GC(616) ParOldGen: 571913K(667648K)->589025K(667648K)
[181.837s][info][gc,metaspace   ] GC(616) Metaspace: 18544K(18752K)->18544K(18752K) NonClass: 15886K(16000K)->15886K(16000K) Class: 2658K(2752K)->2658K(2752K)
[181.837s][info][gc             ] GC(616) Pause Young (Allocation Failure) 762M->654M(864M) 101.044ms
[181.837s][info][gc,cpu         ] GC(616) User=0.20s Sys=0.00s Real=0.10s
[181.959s][info][gc,start       ] GC(617) Pause Young (Allocation Failure)
[182.059s][info][gc,heap        ] GC(617) PSYoungGen: 193136K(217088K)->81216K(222720K) Eden: 111616K(111616K)->0K(111616K) From: 81520K(105472K)->81216K(111104K)
[182.059s][info][gc,heap        ] GC(617) ParOldGen: 589025K(667648K)->603753K(667648K)
[182.059s][info][gc,metaspace   ] GC(617) Metaspace: 18544K(18752K)->18544K(18752K) NonClass: 15886K(16000K)->15886K(16000K) Class: 2658K(2752K)->2658K(2752K)
[182.059s][info][gc             ] GC(617) Pause Young (Allocation Failure) 763M->668M(869M) 99.706ms
[182.059s][info][gc,cpu         ] GC(617) User=0.20s Sys=0.00s Real=0.10s
[182.146s][info][gc,start       ] GC(618) Pause Young (Allocation Failure)
[182.236s][info][gc,heap        ] GC(618) PSYoungGen: 192832K(222720K)->41600K(222720K) Eden: 111616K(111616K)->0K(111616K) From: 81216K(111104K)->41600K(111104K)
[182.236s][info][gc,heap        ] GC(618) ParOldGen: 603753K(667648K)->644250K(667648K)
[182.236s][info][gc,metaspace   ] GC(618) Metaspace: 18544K(18752K)->18544K(18752K) NonClass: 15886K(16000K)->15886K(16000K) Class: 2658K(2752K)->2658K(2752K)
[182.236s][info][gc             ] GC(618) Pause Young (Allocation Failure) 777M->669M(869M) 90.198ms
[182.236s][info][gc,cpu         ] GC(618) User=0.18s Sys=0.00s Real=0.09s
[182.362s][info][gc,start       ] GC(619) Pause Full (Allocation Failure)
[182.362s][info][gc,phases,start] GC(619) Marking Phase
[182.718s][info][gc,phases      ] GC(619) Marking Phase 356.414ms
[182.718s][info][gc,phases,start] GC(619) Summary Phase
[182.718s][info][gc,phases      ] GC(619) Summary Phase 0.024ms
[182.718s][info][gc,phases,start] GC(619) Forward
[182.852s][info][gc,phases      ] GC(619) Forward 133.744ms
[182.852s][info][gc,phases,start] GC(619) Adjust Pointers
[183.122s][info][gc,phases      ] GC(619) Adjust Pointers 269.552ms
[183.122s][info][gc,phases,start] GC(619) Compaction Phase
[183.292s][info][gc,phases      ] GC(619) Compaction Phase 170.304ms
[183.304s][info][gc,phases,start] GC(619) Post Compact
[183.306s][info][gc,phases      ] GC(619) Post Compact 2.330ms
[183.306s][info][gc,heap        ] GC(619) PSYoungGen: 153216K(222720K)->0K(222720K) Eden: 111616K(111616K)->0K(111616K) From: 41600K(111104K)->0K(111104K)
[183.306s][info][gc,heap        ] GC(619) ParOldGen: 644250K(667648K)->510931K(667648K)
[183.306s][info][gc,metaspace   ] GC(619) Metaspace: 18544K(18752K)->18544K(18752K) NonClass: 15886K(16000K)->15886K(16000K) Class: 2658K(2752K)->2658K(2752K)
[183.307s][info][gc             ] GC(619) Pause Full (Allocation Failure) 778M->498M(869M) 944.940ms
[183.307s][info][gc,cpu         ] GC(619) User=1.79s Sys=0.00s Real=0.95s
[183.446s][info][gc,start       ] GC(620) Pause Young (Allocation Failure)
[183.453s][info][gc,heap        ] GC(620) PSYoungGen: 111616K(222720K)->3904K(222720K) Eden: 111616K(111616K)->0K(111616K) From: 0K(111104K)->3904K(111104K)
[183.453s][info][gc,heap        ] GC(620) ParOldGen: 510931K(667648K)->510931K(667648K)
[183.453s][info][gc,metaspace   ] GC(620) Metaspace: 18544K(18752K)->18544K(18752K) NonClass: 15886K(16000K)->15886K(16000K) Class: 2658K(2752K)->2658K(2752K)
[183.453s][info][gc             ] GC(620) Pause Young (Allocation Failure) 607M->502M(869M) 7.478ms
[183.453s][info][gc,cpu         ] GC(620) User=0.02s Sys=0.00s Real=0.00s
[183.579s][info][gc,start       ] GC(621) Pause Young (Allocation Failure)
[183.594s][info][gc,heap        ] GC(621) PSYoungGen: 115520K(222720K)->9856K(222720K) Eden: 111616K(111616K)->0K(111616K) From: 3904K(111104K)->9856K(111104K)
[183.594s][info][gc,heap        ] GC(621) ParOldGen: 510931K(667648K)->514819K(667648K)
[183.594s][info][gc,metaspace   ] GC(621) Metaspace: 18544K(18752K)->18544K(18752K) NonClass: 15886K(16000K)->15886K(16000K) Class: 2658K(2752K)->2658K(2752K)
[183.594s][info][gc             ] GC(621) Pause Young (Allocation Failure) 611M->512M(869M) 15.316ms
[183.594s][info][gc,cpu         ] GC(621) User=0.03s Sys=0.00s Real=0.02s
[183.732s][info][gc,start       ] GC(622) Pause Young (Allocation Failure)
[183.767s][info][gc,heap        ] GC(622) PSYoungGen: 121472K(222720K)->24155K(218624K) Eden: 111616K(111616K)->0K(111616K) From: 9856K(111104K)->24155K(107008K)
[183.767s][info][gc,heap        ] GC(622) ParOldGen: 514819K(667648K)->524651K(667648K)
[183.767s][info][gc,metaspace   ] GC(622) Metaspace: 18544K(18752K)->18544K(18752K) NonClass: 15886K(16000K)->15886K(16000K) Class: 2658K(2752K)->2658K(2752K)
[183.767s][info][gc             ] GC(622) Pause Young (Allocation Failure) 621M->535M(865M) 34.235ms
[183.767s][info][gc,cpu         ] GC(622) User=0.06s Sys=0.00s Real=0.04s
[183.905s][info][gc,start       ] GC(623) Pause Young (Allocation Failure)
[183.939s][info][gc,heap        ] GC(623) PSYoungGen: 135771K(218624K)->12464K(220672K) Eden: 111616K(111616K)->0K(111616K) From: 24155K(107008K)->12464K(109056K)
[183.939s][info][gc,heap        ] GC(623) ParOldGen: 524651K(667648K)->548848K(667648K)
[183.939s][info][gc,metaspace   ] GC(623) Metaspace: 18544K(18752K)->18544K(18752K) NonClass: 15886K(16000K)->15886K(16000K) Class: 2658K(2752K)->2658K(2752K)
[183.939s][info][gc             ] GC(623) Pause Young (Allocation Failure) 644M->548M(867M) 34.610ms
[183.939s][info][gc,cpu         ] GC(623) User=0.07s Sys=0.00s Real=0.03s
[184.087s][info][gc,start       ] GC(624) Pause Young (Allocation Failure)
[184.115s][info][gc,heap        ] GC(624) PSYoungGen: 124080K(220672K)->23872K(215040K) Eden: 111616K(111616K)->0K(118272K) From: 12464K(109056K)->23872K(96768K)
[184.115s][info][gc,heap        ] GC(624) ParOldGen: 548848K(667648K)->556800K(667648K)
[184.115s][info][gc,metaspace   ] GC(624) Metaspace: 18549K(18752K)->18549K(18752K) NonClass: 15890K(16000K)->15890K(16000K) Class: 2658K(2752K)->2658K(2752K)
[184.115s][info][gc             ] GC(624) Pause Young (Allocation Failure) 657M->567M(862M) 27.603ms
[184.115s][info][gc,cpu         ] GC(624) User=0.05s Sys=0.00s Real=0.03s
[184.248s][info][gc,start       ] GC(625) Pause Young (Allocation Failure)
[184.277s][info][gc,heap        ] GC(625) PSYoungGen: 142144K(215040K)->13152K(219648K) Eden: 118272K(118272K)->0K(118272K) From: 23872K(96768K)->13152K(101376K)
[184.277s][info][gc,heap        ] GC(625) ParOldGen: 556800K(667648K)->575016K(667648K)
[184.277s][info][gc,metaspace   ] GC(625) Metaspace: 18549K(18752K)->18549K(18752K) NonClass: 15891K(16000K)->15891K(16000K) Class: 2658K(2752K)->2658K(2752K)
[184.277s][info][gc             ] GC(625) Pause Young (Allocation Failure) 682M->574M(866M) 29.486ms
[184.277s][info][gc,cpu         ] GC(625) User=0.06s Sys=0.00s Real=0.03s
[184.390s][info][gc,start       ] GC(626) Pause Young (Allocation Failure)
[184.411s][info][gc,heap        ] GC(626) PSYoungGen: 131424K(219648K)->2720K(225792K) Eden: 118272K(118272K)->0K(131072K) From: 13152K(101376K)->2720K(94720K)
[184.411s][info][gc,heap        ] GC(626) ParOldGen: 575016K(667648K)->588168K(667648K)
[184.411s][info][gc,metaspace   ] GC(626) Metaspace: 18549K(18752K)->18549K(18752K) NonClass: 15891K(16000K)->15891K(16000K) Class: 2658K(2752K)->2658K(2752K)
[184.411s][info][gc             ] GC(626) Pause Young (Allocation Failure) 689M->577M(872M) 20.555ms
[184.411s][info][gc,cpu         ] GC(626) User=0.04s Sys=0.00s Real=0.02s
[184.726s][info][gc,start       ] GC(627) Pause Young (Allocation Failure)
[184.734s][info][gc,heap        ] GC(627) PSYoungGen: 133792K(225792K)->3104K(227840K) Eden: 131072K(131072K)->0K(131072K) From: 2720K(94720K)->3104K(96768K)
[184.734s][info][gc,heap        ] GC(627) ParOldGen: 588168K(667648K)->590888K(667648K)
[184.734s][info][gc,metaspace   ] GC(627) Metaspace: 18552K(18752K)->18552K(18752K) NonClass: 15894K(16000K)->15894K(16000K) Class: 2658K(2752K)->2658K(2752K)
[184.734s][info][gc             ] GC(627) Pause Young (Allocation Failure) 705M->580M(874M) 8.389ms
[184.734s][info][gc,cpu         ] GC(627) User=0.02s Sys=0.00s Real=0.01s
[184.918s][info][gc,start       ] GC(628) Pause Young (Allocation Failure)
[184.933s][info][gc,heap        ] GC(628) PSYoungGen: 134176K(227840K)->15376K(228352K) Eden: 131072K(131072K)->0K(142848K) From: 3104K(96768K)->15376K(85504K)
[184.933s][info][gc,heap        ] GC(628) ParOldGen: 590888K(667648K)->590888K(667648K)
[184.933s][info][gc,metaspace   ] GC(628) Metaspace: 18555K(18752K)->18555K(18752K) NonClass: 15896K(16000K)->15896K(16000K) Class: 2658K(2752K)->2658K(2752K)
[184.933s][info][gc             ] GC(628) Pause Young (Allocation Failure) 708M->592M(875M) 15.782ms
[184.933s][info][gc,cpu         ] GC(628) User=0.03s Sys=0.00s Real=0.02s
[185.110s][info][gc,start       ] GC(629) Pause Young (Allocation Failure)
[185.132s][info][gc,heap        ] GC(629) PSYoungGen: 158224K(228352K)->25920K(232448K) Eden: 142848K(142848K)->0K(142848K) From: 15376K(85504K)->25920K(89600K)
[185.132s][info][gc,heap        ] GC(629) ParOldGen: 590888K(667648K)->590888K(667648K)
[185.132s][info][gc,metaspace   ] GC(629) Metaspace: 18555K(18752K)->18555K(18752K) NonClass: 15896K(16000K)->15896K(16000K) Class: 2658K(2752K)->2658K(2752K)
[185.132s][info][gc             ] GC(629) Pause Young (Allocation Failure) 731M->602M(879M) 22.929ms
[185.132s][info][gc,cpu         ] GC(629) User=0.05s Sys=0.00s Real=0.02s
[185.212s][info][gc,start       ] GC(630) Pause Young (Allocation Failure)
[185.270s][info][gc,heap        ] GC(630) PSYoungGen: 168768K(232448K)->78048K(223744K) Eden: 142848K(142848K)->0K(140288K) From: 25920K(89600K)->78048K(83456K)
[185.270s][info][gc,heap        ] GC(630) ParOldGen: 590888K(667648K)->590888K(667648K)
[185.270s][info][gc,metaspace   ] GC(630) Metaspace: 18555K(18752K)->18555K(18752K) NonClass: 15896K(16000K)->15896K(16000K) Class: 2658K(2752K)->2658K(2752K)
[185.270s][info][gc             ] GC(630) Pause Young (Allocation Failure) 741M->653M(870M) 58.058ms
[185.270s][info][gc,cpu         ] GC(630) User=0.11s Sys=0.00s Real=0.06s
[185.496s][info][gc,start       ] GC(631) Pause Young (Allocation Failure)
[185.560s][info][gc,heap        ] GC(631) PSYoungGen: 218336K(223744K)->78432K(219136K) Eden: 140288K(140288K)->0K(140288K) From: 78048K(83456K)->78432K(78848K)
[185.560s][info][gc,heap        ] GC(631) ParOldGen: 590888K(667648K)->606301K(667648K)
[185.560s][info][gc,metaspace   ] GC(631) Metaspace: 18555K(18752K)->18555K(18752K) NonClass: 15896K(16000K)->15896K(16000K) Class: 2658K(2752K)->2658K(2752K)
[185.560s][info][gc             ] GC(631) Pause Young (Allocation Failure) 790M->668M(866M) 63.807ms
[185.560s][info][gc,cpu         ] GC(631) User=0.12s Sys=0.00s Real=0.06s
[185.758s][info][gc,start       ] GC(632) Pause Young (Allocation Failure)
[185.851s][info][gc,promotion   ] GC(632) Promotion failed
[185.851s][info][gc,heap        ] GC(632) PSYoungGen: 218720K(219136K)->218720K(219136K) Eden: 140288K(140288K)->140288K(140288K) From: 78432K(78848K)->78432K(78848K)
[185.851s][info][gc,heap        ] GC(632) ParOldGen: 606301K(667648K)->667645K(667648K)
[185.851s][info][gc,metaspace   ] GC(632) Metaspace: 18555K(18752K)->18555K(18752K) NonClass: 15896K(16000K)->15896K(16000K) Class: 2658K(2752K)->2658K(2752K)
[185.851s][info][gc             ] GC(632) Pause Young (Allocation Failure) 805M->865M(866M) 93.922ms
[185.851s][info][gc,cpu         ] GC(632) User=0.18s Sys=0.01s Real=0.09s
[185.852s][info][gc,start       ] GC(633) Pause Full (Allocation Failure)
[185.852s][info][gc,phases,start] GC(633) Marking Phase
[186.178s][info][gc,phases      ] GC(633) Marking Phase 326.039ms
[186.178s][info][gc,phases,start] GC(633) Summary Phase
[186.178s][info][gc,phases      ] GC(633) Summary Phase 0.026ms
[186.178s][info][gc,phases,start] GC(633) Forward
[186.256s][info][gc,phases      ] GC(633) Forward 78.727ms
[186.256s][info][gc,phases,start] GC(633) Adjust Pointers
[186.501s][info][gc,phases      ] GC(633) Adjust Pointers 244.208ms
[186.501s][info][gc,phases,start] GC(633) Compaction Phase
[186.635s][info][gc,phases      ] GC(633) Compaction Phase 133.832ms
[186.641s][info][gc,phases,start] GC(633) Post Compact
[186.643s][info][gc,phases      ] GC(633) Post Compact 2.618ms
[186.643s][info][gc,heap        ] GC(633) PSYoungGen: 218720K(219136K)->0K(225792K) Eden: 140288K(140288K)->0K(117760K) From: 78432K(78848K)->0K(108032K)
[186.643s][info][gc,heap        ] GC(633) ParOldGen: 667645K(667648K)->478755K(667648K)
[186.643s][info][gc,metaspace   ] GC(633) Metaspace: 18555K(18752K)->18555K(18752K) NonClass: 15896K(16000K)->15896K(16000K) Class: 2658K(2752K)->2658K(2752K)
[186.643s][info][gc             ] GC(633) Pause Full (Allocation Failure) 865M->467M(872M) 791.797ms
[186.643s][info][gc,cpu         ] GC(633) User=1.51s Sys=0.00s Real=0.80s
[186.780s][info][gc,start       ] GC(634) Pause Young (Allocation Failure)
[186.801s][info][gc,heap        ] GC(634) PSYoungGen: 117760K(225792K)->18976K(137216K) Eden: 117760K(117760K)->0K(117760K) From: 0K(108032K)->18976K(19456K)
[186.802s][info][gc,heap        ] GC(634) ParOldGen: 478755K(667648K)->478755K(667648K)
[186.802s][info][gc,metaspace   ] GC(634) Metaspace: 18555K(18752K)->18555K(18752K) NonClass: 15896K(16000K)->15896K(16000K) Class: 2658K(2752K)->2658K(2752K)
[186.802s][info][gc             ] GC(634) Pause Young (Allocation Failure) 582M->486M(786M) 21.718ms
[186.802s][info][gc,cpu         ] GC(634) User=0.04s Sys=0.00s Real=0.02s
[186.918s][info][gc,start       ] GC(635) Pause Young (Allocation Failure)
[186.950s][info][gc,heap        ] GC(635) PSYoungGen: 136736K(137216K)->32032K(226816K) Eden: 117760K(117760K)->0K(124416K) From: 18976K(19456K)->32032K(102400K)
[186.950s][info][gc,heap        ] GC(635) ParOldGen: 478755K(667648K)->478755K(667648K)
[186.950s][info][gc,metaspace   ] GC(635) Metaspace: 18555K(18752K)->18555K(18752K) NonClass: 15896K(16000K)->15896K(16000K) Class: 2658K(2752K)->2658K(2752K)
[186.950s][info][gc             ] GC(635) Pause Young (Allocation Failure) 601M->498M(873M) 32.105ms
[186.950s][info][gc,cpu         ] GC(635) User=0.07s Sys=0.00s Real=0.03s
[187.068s][info][gc,start       ] GC(636) Pause Young (Allocation Failure)
[187.101s][info][gc,heap        ] GC(636) PSYoungGen: 156448K(226816K)->13696K(221184K) Eden: 124416K(124416K)->0K(124416K) From: 32032K(102400K)->13696K(96768K)
[187.101s][info][gc,heap        ] GC(636) ParOldGen: 478755K(667648K)->497723K(667648K)
[187.101s][info][gc,metaspace   ] GC(636) Metaspace: 18555K(18752K)->18555K(18752K) NonClass: 15896K(16000K)->15896K(16000K) Class: 2658K(2752K)->2658K(2752K)
[187.101s][info][gc             ] GC(636) Pause Young (Allocation Failure) 620M->499M(868M) 32.964ms
[187.101s][info][gc,cpu         ] GC(636) User=0.07s Sys=0.00s Real=0.03s
[187.238s][info][gc,start       ] GC(637) Pause Young (Allocation Failure)
[187.261s][info][gc,heap        ] GC(637) PSYoungGen: 138112K(221184K)->4768K(229888K) Eden: 124416K(124416K)->0K(136192K) From: 13696K(96768K)->4768K(93696K)
[187.261s][info][gc,heap        ] GC(637) ParOldGen: 497723K(667648K)->510859K(667648K)
[187.261s][info][gc,metaspace   ] GC(637) Metaspace: 18555K(18752K)->18555K(18752K) NonClass: 15896K(16000K)->15896K(16000K) Class: 2658K(2752K)->2658K(2752K)
[187.261s][info][gc             ] GC(637) Pause Young (Allocation Failure) 620M->503M(876M) 23.149ms
[187.261s][info][gc,cpu         ] GC(637) User=0.05s Sys=0.00s Real=0.02s
[187.427s][info][gc,start       ] GC(638) Pause Young (Allocation Failure)
[187.443s][info][gc,heap        ] GC(638) PSYoungGen: 140960K(229888K)->13760K(228864K) Eden: 136192K(136192K)->0K(136192K) From: 4768K(93696K)->13760K(92672K)
[187.443s][info][gc,heap        ] GC(638) ParOldGen: 510859K(667648K)->511475K(667648K)
[187.443s][info][gc,metaspace   ] GC(638) Metaspace: 18555K(18752K)->18555K(18752K) NonClass: 15896K(16000K)->15896K(16000K) Class: 2658K(2752K)->2658K(2752K)
[187.443s][info][gc             ] GC(638) Pause Young (Allocation Failure) 636M->512M(875M) 15.978ms
[187.443s][info][gc,cpu         ] GC(638) User=0.03s Sys=0.00s Real=0.01s
[187.657s][info][gc,start       ] GC(639) Pause Young (Allocation Failure)
[187.697s][info][gc,heap        ] GC(639) PSYoungGen: 149952K(228864K)->30960K(230912K) Eden: 136192K(136192K)->0K(149504K) From: 13760K(92672K)->30960K(81408K)
[187.697s][info][gc,heap        ] GC(639) ParOldGen: 511475K(667648K)->511475K(667648K)
[187.697s][info][gc,metaspace   ] GC(639) Metaspace: 18555K(18752K)->18555K(18752K) NonClass: 15896K(16000K)->15896K(16000K) Class: 2658K(2752K)->2658K(2752K)
[187.697s][info][gc             ] GC(639) Pause Young (Allocation Failure) 645M->529M(877M) 39.864ms
[187.697s][info][gc,cpu         ] GC(639) User=0.08s Sys=0.00s Real=0.04s
[188.066s][info][gc,start       ] GC(640) Pause Young (Allocation Failure)
[188.106s][info][gc,heap        ] GC(640) PSYoungGen: 180464K(230912K)->40512K(233472K) Eden: 149504K(149504K)->0K(149504K) From: 30960K(81408K)->40512K(83968K)
[188.106s][info][gc,heap        ] GC(640) ParOldGen: 511475K(667648K)->511475K(667648K)
[188.106s][info][gc,metaspace   ] GC(640) Metaspace: 18555K(18752K)->18555K(18752K) NonClass: 15896K(16000K)->15896K(16000K) Class: 2658K(2752K)->2658K(2752K)
[188.106s][info][gc             ] GC(640) Pause Young (Allocation Failure) 675M->539M(880M) 40.108ms
[188.106s][info][gc,cpu         ] GC(640) User=0.08s Sys=0.00s Real=0.04s
[188.244s][info][gc,start       ] GC(641) Pause Young (Allocation Failure)
[188.304s][info][gc,heap        ] GC(641) PSYoungGen: 190016K(233472K)->72016K(229376K) Eden: 149504K(149504K)->0K(146432K) From: 40512K(83968K)->72016K(82944K)
[188.304s][info][gc,heap        ] GC(641) ParOldGen: 511475K(667648K)->511475K(667648K)
[188.304s][info][gc,metaspace   ] GC(641) Metaspace: 18555K(18752K)->18555K(18752K) NonClass: 15896K(16000K)->15896K(16000K) Class: 2658K(2752K)->2658K(2752K)
[188.304s][info][gc             ] GC(641) Pause Young (Allocation Failure) 685M->569M(876M) 60.022ms
[188.304s][info][gc,cpu         ] GC(641) User=0.12s Sys=0.00s Real=0.06s
[188.521s][info][gc,start       ] GC(642) Pause Young (Allocation Failure)
[188.593s][info][gc,heap        ] GC(642) PSYoungGen: 218448K(229376K)->78144K(224768K) Eden: 146432K(146432K)->0K(146432K) From: 72016K(82944K)->78144K(78336K)
[188.593s][info][gc,heap        ] GC(642) ParOldGen: 511475K(667648K)->515611K(667648K)
[188.593s][info][gc,metaspace   ] GC(642) Metaspace: 18555K(18752K)->18555K(18752K) NonClass: 15897K(16000K)->15897K(16000K) Class: 2658K(2752K)->2658K(2752K)
[188.593s][info][gc             ] GC(642) Pause Young (Allocation Failure) 712M->579M(871M) 72.120ms
[188.593s][info][gc,cpu         ] GC(642) User=0.15s Sys=0.00s Real=0.07s
[188.793s][info][gc,start       ] GC(643) Pause Young (Allocation Failure)
[188.873s][info][gc,heap        ] GC(643) PSYoungGen: 224576K(224768K)->81600K(215552K) Eden: 146432K(146432K)->0K(111616K) From: 78144K(78336K)->81600K(103936K)
[188.873s][info][gc,heap        ] GC(643) ParOldGen: 515611K(667648K)->524827K(667648K)
[188.873s][info][gc,metaspace   ] GC(643) Metaspace: 18555K(18752K)->18555K(18752K) NonClass: 15897K(16000K)->15897K(16000K) Class: 2658K(2752K)->2658K(2752K)
[188.873s][info][gc             ] GC(643) Pause Young (Allocation Failure) 722M->592M(862M) 80.339ms
[188.873s][info][gc,cpu         ] GC(643) User=0.16s Sys=0.00s Real=0.09s
[188.982s][info][gc,start       ] GC(644) Pause Young (Allocation Failure)
[189.061s][info][gc,heap        ] GC(644) PSYoungGen: 193216K(215552K)->62848K(222720K) Eden: 111616K(111616K)->0K(111616K) From: 81600K(103936K)->62848K(111104K)
[189.061s][info][gc,heap        ] GC(644) ParOldGen: 524827K(667648K)->551939K(667648K)
[189.061s][info][gc,metaspace   ] GC(644) Metaspace: 18555K(18752K)->18555K(18752K) NonClass: 15897K(16000K)->15897K(16000K) Class: 2658K(2752K)->2658K(2752K)
[189.061s][info][gc             ] GC(644) Pause Young (Allocation Failure) 701M->600M(869M) 79.403ms
[189.062s][info][gc,cpu         ] GC(644) User=0.15s Sys=0.00s Real=0.08s
[189.181s][info][gc,start       ] GC(645) Pause Young (Allocation Failure)
[189.242s][info][gc,heap        ] GC(645) PSYoungGen: 174464K(222720K)->23680K(221696K) Eden: 111616K(111616K)->0K(111616K) From: 62848K(111104K)->23680K(110080K)
[189.242s][info][gc,heap        ] GC(645) ParOldGen: 551939K(667648K)->594168K(667648K)
[189.242s][info][gc,metaspace   ] GC(645) Metaspace: 18555K(18752K)->18555K(18752K) NonClass: 15897K(16000K)->15897K(16000K) Class: 2658K(2752K)->2658K(2752K)
[189.242s][info][gc             ] GC(645) Pause Young (Allocation Failure) 709M->603M(868M) 61.191ms
[189.242s][info][gc,cpu         ] GC(645) User=0.12s Sys=0.00s Real=0.06s
[189.378s][info][gc,start       ] GC(646) Pause Young (Allocation Failure)
[189.416s][info][gc,heap        ] GC(646) PSYoungGen: 135296K(221696K)->16448K(128512K) Eden: 111616K(111616K)->0K(111616K) From: 23680K(110080K)->16448K(16896K)
[189.416s][info][gc,heap        ] GC(646) ParOldGen: 594168K(667648K)->615088K(667648K)
[189.416s][info][gc,metaspace   ] GC(646) Metaspace: 18555K(18752K)->18555K(18752K) NonClass: 15897K(16000K)->15897K(16000K) Class: 2658K(2752K)->2658K(2752K)
[189.416s][info][gc             ] GC(646) Pause Young (Allocation Failure) 712M->616M(777M) 37.177ms
[189.416s][info][gc,cpu         ] GC(646) User=0.08s Sys=0.00s Real=0.04s
[189.680s][info][gc,start       ] GC(647) Pause Young (Allocation Failure)
[189.701s][info][gc,heap        ] GC(647) PSYoungGen: 128064K(128512K)->960K(222208K) Eden: 111616K(111616K)->0K(113664K) From: 16448K(16896K)->960K(108544K)
[189.701s][info][gc,heap        ] GC(647) ParOldGen: 615088K(667648K)->631504K(667648K)
[189.702s][info][gc,metaspace   ] GC(647) Metaspace: 18555K(18752K)->18555K(18752K) NonClass: 15897K(16000K)->15897K(16000K) Class: 2658K(2752K)->2658K(2752K)
[189.702s][info][gc             ] GC(647) Pause Young (Allocation Failure) 725M->617M(869M) 21.058ms
[189.702s][info][gc,cpu         ] GC(647) User=0.05s Sys=0.00s Real=0.02s
[189.942s][info][gc,start       ] GC(648) Pause Full (Allocation Failure)
[189.942s][info][gc,phases,start] GC(648) Marking Phase
[190.270s][info][gc,phases      ] GC(648) Marking Phase 327.681ms
[190.270s][info][gc,phases,start] GC(648) Summary Phase
[190.270s][info][gc,phases      ] GC(648) Summary Phase 0.025ms
[190.270s][info][gc,phases,start] GC(648) Forward
[190.411s][info][gc,phases      ] GC(648) Forward 140.983ms
[190.411s][info][gc,phases,start] GC(648) Adjust Pointers
[190.669s][info][gc,phases      ] GC(648) Adjust Pointers 257.568ms
[190.669s][info][gc,phases,start] GC(648) Compaction Phase
[190.834s][info][gc,phases      ] GC(648) Compaction Phase 164.581ms
[190.843s][info][gc,phases,start] GC(648) Post Compact
[190.845s][info][gc,phases      ] GC(648) Post Compact 2.194ms
[190.845s][info][gc,heap        ] GC(648) PSYoungGen: 114624K(222208K)->0K(221696K) Eden: 113664K(113664K)->0K(113664K) From: 960K(108544K)->0K(108032K)
[190.845s][info][gc,heap        ] GC(648) ParOldGen: 631504K(667648K)->435570K(667648K)
[190.845s][info][gc,metaspace   ] GC(648) Metaspace: 18555K(18752K)->18555K(18752K) NonClass: 15897K(16000K)->15897K(16000K) Class: 2658K(2752K)->2658K(2752K)
[190.845s][info][gc             ] GC(648) Pause Full (Allocation Failure) 728M->425M(868M) 902.599ms
[190.845s][info][gc,cpu         ] GC(648) User=1.68s Sys=0.00s Real=0.91s
[191.099s][info][gc,start       ] GC(649) Pause Young (Allocation Failure)
[191.100s][info][gc,heap        ] GC(649) PSYoungGen: 113664K(221696K)->64K(224256K) Eden: 113664K(113664K)->0K(117760K) From: 0K(108032K)->64K(106496K)
[191.100s][info][gc,heap        ] GC(649) ParOldGen: 435570K(667648K)->435570K(667648K)
[191.100s][info][gc,metaspace   ] GC(649) Metaspace: 18555K(18752K)->18555K(18752K) NonClass: 15897K(16000K)->15897K(16000K) Class: 2658K(2752K)->2658K(2752K)
[191.100s][info][gc             ] GC(649) Pause Young (Allocation Failure) 536M->425M(871M) 1.565ms
[191.100s][info][gc,cpu         ] GC(649) User=0.00s Sys=0.00s Real=0.00s
[191.341s][info][gc,start       ] GC(650) Pause Young (Allocation Failure)
[191.347s][info][gc,heap        ] GC(650) PSYoungGen: 117824K(224256K)->64K(224768K) Eden: 117760K(117760K)->0K(117760K) From: 64K(106496K)->64K(107008K)
[191.347s][info][gc,heap        ] GC(650) ParOldGen: 435570K(667648K)->435570K(667648K)
[191.347s][info][gc,metaspace   ] GC(650) Metaspace: 18555K(18752K)->18555K(18752K) NonClass: 15897K(16000K)->15897K(16000K) Class: 2658K(2752K)->2658K(2752K)
[191.347s][info][gc             ] GC(650) Pause Young (Allocation Failure) 540M->425M(871M) 6.761ms
[191.347s][info][gc,cpu         ] GC(650) User=0.01s Sys=0.00s Real=0.01s
[191.471s][info][gc,start       ] GC(651) Pause Young (Allocation Failure)
[191.493s][info][gc,heap        ] GC(651) PSYoungGen: 117824K(224768K)->29312K(212992K) Eden: 117760K(117760K)->0K(121856K) From: 64K(107008K)->29312K(91136K)
[191.493s][info][gc,heap        ] GC(651) ParOldGen: 435570K(667648K)->435570K(667648K)
[191.493s][info][gc,metaspace   ] GC(651) Metaspace: 18567K(18752K)->18567K(18752K) NonClass: 15909K(16000K)->15909K(16000K) Class: 2658K(2752K)->2658K(2752K)
[191.493s][info][gc             ] GC(651) Pause Young (Allocation Failure) 540M->453M(860M) 22.125ms
[191.493s][info][gc,cpu         ] GC(651) User=0.04s Sys=0.00s Real=0.02s
[191.610s][info][gc,start       ] GC(652) Pause Young (Allocation Failure)
[191.664s][info][gc,heap        ] GC(652) PSYoungGen: 151168K(212992K)->68544K(219136K) Eden: 121856K(121856K)->0K(121856K) From: 29312K(91136K)->68544K(97280K)
[191.664s][info][gc,heap        ] GC(652) ParOldGen: 435570K(667648K)->435570K(667648K)
[191.664s][info][gc,metaspace   ] GC(652) Metaspace: 18567K(18752K)->18567K(18752K) NonClass: 15909K(16000K)->15909K(16000K) Class: 2658K(2752K)->2658K(2752K)
[191.664s][info][gc             ] GC(652) Pause Young (Allocation Failure) 572M->492M(866M) 53.364ms
[191.664s][info][gc,cpu         ] GC(652) User=0.11s Sys=0.00s Real=0.06s
[191.799s][info][gc,start       ] GC(653) Pause Young (Allocation Failure)
[191.843s][info][gc,heap        ] GC(653) PSYoungGen: 190400K(219136K)->71360K(217088K) Eden: 121856K(121856K)->0K(111616K) From: 68544K(97280K)->71360K(105472K)
[191.843s][info][gc,heap        ] GC(653) ParOldGen: 435570K(667648K)->435586K(667648K)
[191.843s][info][gc,metaspace   ] GC(653) Metaspace: 18567K(18752K)->18567K(18752K) NonClass: 15909K(16000K)->15909K(16000K) Class: 2658K(2752K)->2658K(2752K)
[191.843s][info][gc             ] GC(653) Pause Young (Allocation Failure) 611M->495M(864M) 43.647ms
[191.843s][info][gc,cpu         ] GC(653) User=0.08s Sys=0.00s Real=0.04s
[192.009s][info][gc,start       ] GC(654) Pause Young (Allocation Failure)
[192.088s][info][gc,heap        ] GC(654) PSYoungGen: 182976K(217088K)->59865K(222720K) Eden: 111616K(111616K)->0K(111616K) From: 71360K(105472K)->59865K(111104K)
[192.088s][info][gc,heap        ] GC(654) ParOldGen: 435586K(667648K)->465205K(667648K)
[192.088s][info][gc,metaspace   ] GC(654) Metaspace: 18567K(18752K)->18567K(18752K) NonClass: 15909K(16000K)->15909K(16000K) Class: 2658K(2752K)->2658K(2752K)
[192.088s][info][gc             ] GC(654) Pause Young (Allocation Failure) 604M->512M(869M) 79.446ms
[192.088s][info][gc,cpu         ] GC(654) User=0.15s Sys=0.00s Real=0.08s
[192.156s][info][gc,start       ] GC(655) Pause Young (Allocation Failure)
[192.242s][info][gc,heap        ] GC(655) PSYoungGen: 171481K(222720K)->54841K(222720K) Eden: 111616K(111616K)->0K(111616K) From: 59865K(111104K)->54841K(111104K)
[192.242s][info][gc,heap        ] GC(655) ParOldGen: 465205K(667648K)->507628K(667648K)
[192.242s][info][gc,metaspace   ] GC(655) Metaspace: 18568K(18752K)->18568K(18752K) NonClass: 15910K(16000K)->15910K(16000K) Class: 2658K(2752K)->2658K(2752K)
[192.242s][info][gc             ] GC(655) Pause Young (Allocation Failure) 621M->549M(869M) 86.000ms
[192.242s][info][gc,cpu         ] GC(655) User=0.17s Sys=0.00s Real=0.08s
[192.351s][info][gc,start       ] GC(656) Pause Young (Allocation Failure)
[192.422s][info][gc,heap        ] GC(656) PSYoungGen: 166457K(222720K)->31392K(143360K) Eden: 111616K(111616K)->0K(111616K) From: 54841K(111104K)->31392K(31744K)
[192.422s][info][gc,heap        ] GC(656) ParOldGen: 507628K(667648K)->562902K(667648K)
[192.422s][info][gc,metaspace   ] GC(656) Metaspace: 18569K(18752K)->18569K(18752K) NonClass: 15911K(16000K)->15911K(16000K) Class: 2658K(2752K)->2658K(2752K)
[192.422s][info][gc             ] GC(656) Pause Young (Allocation Failure) 658M->580M(792M) 71.265ms
[192.422s][info][gc,cpu         ] GC(656) User=0.14s Sys=0.00s Real=0.07s
[192.533s][info][gc,start       ] GC(657) Pause Young (Allocation Failure)
[192.559s][info][gc,heap        ] GC(657) PSYoungGen: 143008K(143360K)->2176K(217600K) Eden: 111616K(111616K)->0K(111616K) From: 31392K(31744K)->2176K(105984K)
[192.559s][info][gc,heap        ] GC(657) ParOldGen: 562902K(667648K)->594621K(667648K)
[192.559s][info][gc,metaspace   ] GC(657) Metaspace: 18569K(18752K)->18569K(18752K) NonClass: 15911K(16000K)->15911K(16000K) Class: 2658K(2752K)->2658K(2752K)
[192.559s][info][gc             ] GC(657) Pause Young (Allocation Failure) 689M->582M(864M) 25.855ms
[192.559s][info][gc,cpu         ] GC(657) User=0.05s Sys=0.00s Real=0.02s
[192.691s][info][gc,start       ] GC(658) Pause Young (Allocation Failure)
[192.716s][info][gc,heap        ] GC(658) PSYoungGen: 113792K(217600K)->9184K(217600K) Eden: 111616K(111616K)->0K(111616K) From: 2176K(105984K)->9184K(105984K)
[192.716s][info][gc,heap        ] GC(658) ParOldGen: 594621K(667648K)->596773K(667648K)
[192.716s][info][gc,metaspace   ] GC(658) Metaspace: 18571K(18752K)->18571K(18752K) NonClass: 15913K(16000K)->15913K(16000K) Class: 2658K(2752K)->2658K(2752K)
[192.716s][info][gc             ] GC(658) Pause Young (Allocation Failure) 691M->591M(864M) 25.670ms
[192.716s][info][gc,cpu         ] GC(658) User=0.05s Sys=0.00s Real=0.03s
[192.855s][info][gc,start       ] GC(659) Pause Young (Allocation Failure)
[192.884s][info][gc,heap        ] GC(659) PSYoungGen: 120800K(217600K)->9248K(225280K) Eden: 111616K(111616K)->0K(124416K) From: 9184K(105984K)->9248K(100864K)
[192.884s][info][gc,heap        ] GC(659) ParOldGen: 596773K(667648K)->605429K(667648K)
[192.884s][info][gc,metaspace   ] GC(659) Metaspace: 18571K(18752K)->18571K(18752K) NonClass: 15913K(16000K)->15913K(16000K) Class: 2658K(2752K)->2658K(2752K)
[192.884s][info][gc             ] GC(659) Pause Young (Allocation Failure) 700M->600M(872M) 28.773ms
[192.884s][info][gc,cpu         ] GC(659) User=0.05s Sys=0.00s Real=0.03s
[193.046s][info][gc,start       ] GC(660) Pause Young (Allocation Failure)
[193.060s][info][gc,heap        ] GC(660) PSYoungGen: 133664K(225280K)->64K(225280K) Eden: 124416K(124416K)->0K(124416K) From: 9248K(100864K)->64K(100864K)
[193.060s][info][gc,heap        ] GC(660) ParOldGen: 605429K(667648K)->614669K(667648K)
[193.060s][info][gc,metaspace   ] GC(660) Metaspace: 18571K(18752K)->18571K(18752K) NonClass: 15913K(16000K)->15913K(16000K) Class: 2658K(2752K)->2658K(2752K)
[193.060s][info][gc             ] GC(660) Pause Young (Allocation Failure) 721M->600M(872M) 13.382ms
[193.060s][info][gc,cpu         ] GC(660) User=0.02s Sys=0.00s Real=0.01s
[193.219s][info][gc,start       ] GC(661) Pause Full (Allocation Failure)
[193.219s][info][gc,phases,start] GC(661) Marking Phase
[193.533s][info][gc,phases      ] GC(661) Marking Phase 314.507ms
[193.533s][info][gc,phases,start] GC(661) Summary Phase
[193.533s][info][gc,phases      ] GC(661) Summary Phase 0.024ms
[193.533s][info][gc,phases,start] GC(661) Forward
[193.646s][info][gc,phases      ] GC(661) Forward 112.752ms
[193.646s][info][gc,phases,start] GC(661) Adjust Pointers
[193.911s][info][gc,phases      ] GC(661) Adjust Pointers 264.391ms
[193.911s][info][gc,phases,start] GC(661) Compaction Phase
[194.045s][info][gc,phases      ] GC(661) Compaction Phase 134.407ms
[194.059s][info][gc,phases,start] GC(661) Post Compact
[194.061s][info][gc,phases      ] GC(661) Post Compact 2.250ms
[194.062s][info][gc,heap        ] GC(661) PSYoungGen: 124480K(225280K)->0K(230912K) Eden: 124416K(124416K)->0K(132096K) From: 64K(100864K)->0K(98816K)
[194.062s][info][gc,heap        ] GC(661) ParOldGen: 614669K(667648K)->482335K(667648K)
[194.062s][info][gc,metaspace   ] GC(661) Metaspace: 18571K(18752K)->18571K(18752K) NonClass: 15913K(16000K)->15913K(16000K) Class: 2658K(2752K)->2658K(2752K)
[194.062s][info][gc             ] GC(661) Pause Full (Allocation Failure) 721M->471M(877M) 842.807ms
[194.062s][info][gc,cpu         ] GC(661) User=1.60s Sys=0.00s Real=0.84s
[194.234s][info][gc,start       ] GC(662) Pause Young (Allocation Failure)
[194.235s][info][gc,heap        ] GC(662) PSYoungGen: 132096K(230912K)->64K(230912K) Eden: 132096K(132096K)->0K(132096K) From: 0K(98816K)->64K(98816K)
[194.235s][info][gc,heap        ] GC(662) ParOldGen: 482335K(667648K)->482335K(667648K)
[194.235s][info][gc,metaspace   ] GC(662) Metaspace: 18571K(18752K)->18571K(18752K) NonClass: 15913K(16000K)->15913K(16000K) Class: 2658K(2752K)->2658K(2752K)
[194.235s][info][gc             ] GC(662) Pause Young (Allocation Failure) 600M->471M(877M) 1.605ms
[194.235s][info][gc,cpu         ] GC(662) User=0.00s Sys=0.00s Real=0.00s
[194.404s][info][gc,start       ] GC(663) Pause Young (Allocation Failure)
[194.406s][info][gc,heap        ] GC(663) PSYoungGen: 132160K(230912K)->64K(230912K) Eden: 132096K(132096K)->0K(138240K) From: 64K(98816K)->64K(92672K)
[194.406s][info][gc,heap        ] GC(663) ParOldGen: 482335K(667648K)->482335K(667648K)
[194.406s][info][gc,metaspace   ] GC(663) Metaspace: 18571K(18752K)->18571K(18752K) NonClass: 15913K(16000K)->15913K(16000K) Class: 2658K(2752K)->2658K(2752K)
[194.406s][info][gc             ] GC(663) Pause Young (Allocation Failure) 600M->471M(877M) 1.686ms
[194.406s][info][gc,cpu         ] GC(663) User=0.00s Sys=0.00s Real=0.00s
[194.581s][info][gc,start       ] GC(664) Pause Young (Allocation Failure)
[194.583s][info][gc,heap        ] GC(664) PSYoungGen: 138304K(230912K)->64K(231936K) Eden: 138240K(138240K)->0K(138240K) From: 64K(92672K)->64K(93696K)
[194.583s][info][gc,heap        ] GC(664) ParOldGen: 482335K(667648K)->482335K(667648K)
[194.583s][info][gc,metaspace   ] GC(664) Metaspace: 18571K(18752K)->18571K(18752K) NonClass: 15913K(16000K)->15913K(16000K) Class: 2658K(2752K)->2658K(2752K)
[194.583s][info][gc             ] GC(664) Pause Young (Allocation Failure) 606M->471M(878M) 1.673ms
[194.583s][info][gc,cpu         ] GC(664) User=0.00s Sys=0.00s Real=0.00s
[194.761s][info][gc,start       ] GC(665) Pause Young (Allocation Failure)
[194.763s][info][gc,heap        ] GC(665) PSYoungGen: 138304K(231936K)->64K(227840K) Eden: 138240K(138240K)->0K(145408K) From: 64K(93696K)->64K(82432K)
[194.763s][info][gc,heap        ] GC(665) ParOldGen: 482335K(667648K)->482335K(667648K)
[194.763s][info][gc,metaspace   ] GC(665) Metaspace: 18571K(18752K)->18571K(18752K) NonClass: 15913K(16000K)->15913K(16000K) Class: 2658K(2752K)->2658K(2752K)
[194.763s][info][gc             ] GC(665) Pause Young (Allocation Failure) 606M->471M(874M) 1.697ms
[194.763s][info][gc,cpu         ] GC(665) User=0.00s Sys=0.00s Real=0.00s
[194.950s][info][gc,start       ] GC(666) Pause Young (Allocation Failure)
[194.952s][info][gc,heap        ] GC(666) PSYoungGen: 145472K(227840K)->64K(232448K) Eden: 145408K(145408K)->0K(145408K) From: 64K(82432K)->64K(87040K)
[194.952s][info][gc,heap        ] GC(666) ParOldGen: 482335K(667648K)->482335K(667648K)
[194.952s][info][gc,metaspace   ] GC(666) Metaspace: 18571K(18752K)->18571K(18752K) NonClass: 15913K(16000K)->15913K(16000K) Class: 2658K(2752K)->2658K(2752K)
[194.952s][info][gc             ] GC(666) Pause Young (Allocation Failure) 613M->471M(879M) 1.685ms
[194.952s][info][gc,cpu         ] GC(666) User=0.00s Sys=0.00s Real=0.00s
[195.093s][info][gc,start       ] GC(667) Pause Young (Allocation Failure)
[195.118s][info][gc,heap        ] GC(667) PSYoungGen: 145472K(232448K)->21792K(229376K) Eden: 145408K(145408K)->0K(153600K) From: 64K(87040K)->21792K(75776K)
[195.118s][info][gc,heap        ] GC(667) ParOldGen: 482335K(667648K)->482335K(667648K)
[195.119s][info][gc,metaspace   ] GC(667) Metaspace: 18571K(18752K)->18571K(18752K) NonClass: 15913K(16000K)->15913K(16000K) Class: 2658K(2752K)->2658K(2752K)
[195.119s][info][gc             ] GC(667) Pause Young (Allocation Failure) 613M->492M(876M) 25.381ms
[195.119s][info][gc,cpu         ] GC(667) User=0.05s Sys=0.00s Real=0.03s
[195.277s][info][gc,start       ] GC(668) Pause Young (Allocation Failure)
[195.313s][info][gc,heap        ] GC(668) PSYoungGen: 175392K(229376K)->35008K(231936K) Eden: 153600K(153600K)->0K(153600K) From: 21792K(75776K)->35008K(78336K)
[195.313s][info][gc,heap        ] GC(668) ParOldGen: 482335K(667648K)->482335K(667648K)
[195.313s][info][gc,metaspace   ] GC(668) Metaspace: 18571K(18752K)->18571K(18752K) NonClass: 15913K(16000K)->15913K(16000K) Class: 2658K(2752K)->2658K(2752K)
[195.313s][info][gc             ] GC(668) Pause Young (Allocation Failure) 642M->505M(878M) 35.890ms
[195.313s][info][gc,cpu         ] GC(668) User=0.07s Sys=0.00s Real=0.03s
[195.439s][info][gc,start       ] GC(669) Pause Young (Allocation Failure)
[195.476s][info][gc,heap        ] GC(669) PSYoungGen: 188608K(231936K)->36416K(242176K) Eden: 153600K(153600K)->0K(163328K) From: 35008K(78336K)->36416K(78848K)
[195.476s][info][gc,heap        ] GC(669) ParOldGen: 482335K(667648K)->482335K(667648K)
[195.476s][info][gc,metaspace   ] GC(669) Metaspace: 18571K(18752K)->18571K(18752K) NonClass: 15913K(16000K)->15913K(16000K) Class: 2658K(2752K)->2658K(2752K)
[195.476s][info][gc             ] GC(669) Pause Young (Allocation Failure) 655M->506M(888M) 36.719ms
[195.476s][info][gc,cpu         ] GC(669) User=0.07s Sys=0.00s Real=0.04s
[195.611s][info][gc,start       ] GC(670) Pause Young (Allocation Failure)
[195.667s][info][gc,heap        ] GC(670) PSYoungGen: 199744K(242176K)->54816K(242688K) Eden: 163328K(163328K)->0K(163328K) From: 36416K(78848K)->54816K(79360K)
[195.667s][info][gc,heap        ] GC(670) ParOldGen: 482335K(667648K)->482335K(667648K)
[195.667s][info][gc,metaspace   ] GC(670) Metaspace: 18571K(18752K)->18571K(18752K) NonClass: 15913K(16000K)->15913K(16000K) Class: 2658K(2752K)->2658K(2752K)
[195.667s][info][gc             ] GC(670) Pause Young (Allocation Failure) 666M->524M(889M) 55.614ms
[195.667s][info][gc,cpu         ] GC(670) User=0.11s Sys=0.00s Real=0.06s
[195.770s][info][gc,start       ] GC(671) Pause Young (Allocation Failure)
[195.844s][info][gc,heap        ] GC(671) PSYoungGen: 218144K(242688K)->71328K(224768K) Eden: 163328K(163328K)->0K(138240K) From: 54816K(79360K)->71328K(86528K)
[195.844s][info][gc,heap        ] GC(671) ParOldGen: 482335K(667648K)->482335K(667648K)
[195.844s][info][gc,metaspace   ] GC(671) Metaspace: 18571K(18752K)->18571K(18752K) NonClass: 15913K(16000K)->15913K(16000K) Class: 2658K(2752K)->2658K(2752K)
[195.844s][info][gc             ] GC(671) Pause Young (Allocation Failure) 684M->540M(871M) 74.417ms
[195.844s][info][gc,cpu         ] GC(671) User=0.14s Sys=0.01s Real=0.08s
[195.943s][info][gc,start       ] GC(672) Pause Young (Allocation Failure)
[196.023s][info][gc,heap        ] GC(672) PSYoungGen: 209568K(224768K)->83488K(222208K) Eden: 138240K(138240K)->0K(138240K) From: 71328K(86528K)->83488K(83968K)
[196.023s][info][gc,heap        ] GC(672) ParOldGen: 482335K(667648K)->482343K(667648K)
[196.023s][info][gc,metaspace   ] GC(672) Metaspace: 18571K(18752K)->18571K(18752K) NonClass: 15913K(16000K)->15913K(16000K) Class: 2658K(2752K)->2658K(2752K)
[196.023s][info][gc             ] GC(672) Pause Young (Allocation Failure) 675M->552M(869M) 80.116ms
[196.023s][info][gc,cpu         ] GC(672) User=0.16s Sys=0.00s Real=0.08s
[196.130s][info][gc,start       ] GC(673) Pause Young (Allocation Failure)
[196.235s][info][gc,heap        ] GC(673) PSYoungGen: 221728K(222208K)->99760K(222720K) Eden: 138240K(138240K)->0K(111616K) From: 83488K(83968K)->99760K(111104K)
[196.235s][info][gc,heap        ] GC(673) ParOldGen: 482343K(667648K)->482343K(667648K)
[196.235s][info][gc,metaspace   ] GC(673) Metaspace: 18571K(18752K)->18571K(18752K) NonClass: 15913K(16000K)->15913K(16000K) Class: 2658K(2752K)->2658K(2752K)
[196.235s][info][gc             ] GC(673) Pause Young (Allocation Failure) 687M->568M(869M) 105.034ms
[196.235s][info][gc,cpu         ] GC(673) User=0.19s Sys=0.00s Real=0.11s
[196.350s][info][gc,start       ] GC(674) Pause Young (Allocation Failure)
[196.449s][info][gc,heap        ] GC(674) PSYoungGen: 211376K(222720K)->81456K(222720K) Eden: 111616K(111616K)->0K(111616K) From: 99760K(111104K)->81456K(111104K)
[196.449s][info][gc,heap        ] GC(674) ParOldGen: 482343K(667648K)->504159K(667648K)
[196.449s][info][gc,metaspace   ] GC(674) Metaspace: 18571K(18752K)->18571K(18752K) NonClass: 15913K(16000K)->15913K(16000K) Class: 2658K(2752K)->2658K(2752K)
[196.449s][info][gc             ] GC(674) Pause Young (Allocation Failure) 677M->571M(869M) 99.015ms
[196.449s][info][gc,cpu         ] GC(674) User=0.20s Sys=0.00s Real=0.10s
[196.559s][info][gc,start       ] GC(675) Pause Young (Allocation Failure)
[196.638s][info][gc,heap        ] GC(675) PSYoungGen: 193072K(222720K)->66880K(222720K) Eden: 111616K(111616K)->0K(111616K) From: 81456K(111104K)->66880K(111104K)
[196.638s][info][gc,heap        ] GC(675) ParOldGen: 504159K(667648K)->518823K(667648K)
[196.638s][info][gc,metaspace   ] GC(675) Metaspace: 18576K(18752K)->18576K(18752K) NonClass: 15918K(16000K)->15918K(16000K) Class: 2658K(2752K)->2658K(2752K)
[196.638s][info][gc             ] GC(675) Pause Young (Allocation Failure) 680M->571M(869M) 78.399ms
[196.638s][info][gc,cpu         ] GC(675) User=0.16s Sys=0.00s Real=0.08s
[196.831s][info][gc,start       ] GC(676) Pause Young (Allocation Failure)
[196.913s][info][gc,heap        ] GC(676) PSYoungGen: 178496K(222720K)->50288K(222720K) Eden: 111616K(111616K)->0K(111616K) From: 66880K(111104K)->50288K(111104K)
[196.913s][info][gc,heap        ] GC(676) ParOldGen: 518823K(667648K)->553807K(667648K)
[196.913s][info][gc,metaspace   ] GC(676) Metaspace: 18576K(18752K)->18576K(18752K) NonClass: 15918K(16000K)->15918K(16000K) Class: 2658K(2752K)->2658K(2752K)
[196.914s][info][gc             ] GC(676) Pause Young (Allocation Failure) 680M->589M(869M) 82.755ms
[196.914s][info][gc,cpu         ] GC(676) User=0.17s Sys=0.00s Real=0.09s
[197.113s][info][gc,start       ] GC(677) Pause Young (Allocation Failure)
[197.170s][info][gc,heap        ] GC(677) PSYoungGen: 161904K(222720K)->27008K(222720K) Eden: 111616K(111616K)->0K(111616K) From: 50288K(111104K)->27008K(111104K)
[197.170s][info][gc,heap        ] GC(677) ParOldGen: 553807K(667648K)->582320K(667648K)
[197.170s][info][gc,metaspace   ] GC(677) Metaspace: 18576K(18752K)->18576K(18752K) NonClass: 15918K(16000K)->15918K(16000K) Class: 2658K(2752K)->2658K(2752K)
[197.170s][info][gc             ] GC(677) Pause Young (Allocation Failure) 698M->595M(869M) 57.300ms
[197.170s][info][gc,cpu         ] GC(677) User=0.12s Sys=0.00s Real=0.06s
[197.516s][info][gc,start       ] GC(678) Pause Young (Allocation Failure)
[197.545s][info][gc,heap        ] GC(678) PSYoungGen: 138624K(222720K)->23632K(222720K) Eden: 111616K(111616K)->0K(111616K) From: 27008K(111104K)->23632K(111104K)
[197.545s][info][gc,heap        ] GC(678) ParOldGen: 582320K(667648K)->585848K(667648K)
[197.545s][info][gc,metaspace   ] GC(678) Metaspace: 18576K(18752K)->18576K(18752K) NonClass: 15918K(16000K)->15918K(16000K) Class: 2658K(2752K)->2658K(2752K)
[197.545s][info][gc             ] GC(678) Pause Young (Allocation Failure) 704M->595M(869M) 28.250ms
[197.545s][info][gc,cpu         ] GC(678) User=0.06s Sys=0.00s Real=0.03s
[197.820s][info][gc,start       ] GC(679) Pause Young (Allocation Failure)
[197.846s][info][gc,heap        ] GC(679) PSYoungGen: 135248K(222720K)->96K(222720K) Eden: 111616K(111616K)->0K(111616K) From: 23632K(111104K)->96K(111104K)
[197.846s][info][gc,heap        ] GC(679) ParOldGen: 585848K(667648K)->609376K(667648K)
[197.846s][info][gc,metaspace   ] GC(679) Metaspace: 18576K(18752K)->18576K(18752K) NonClass: 15918K(16000K)->15918K(16000K) Class: 2658K(2752K)->2658K(2752K)
[197.846s][info][gc             ] GC(679) Pause Young (Allocation Failure) 704M->595M(869M) 25.237ms
[197.846s][info][gc,cpu         ] GC(679) User=0.05s Sys=0.00s Real=0.03s
[198.095s][info][gc,start       ] GC(680) Pause Young (Allocation Failure)
[198.098s][info][gc,heap        ] GC(680) PSYoungGen: 111712K(222720K)->64K(222720K) Eden: 111616K(111616K)->0K(111616K) From: 96K(111104K)->64K(111104K)
[198.098s][info][gc,heap        ] GC(680) ParOldGen: 609376K(667648K)->609472K(667648K)
[198.098s][info][gc,metaspace   ] GC(680) Metaspace: 18576K(18752K)->18576K(18752K) NonClass: 15918K(16000K)->15918K(16000K) Class: 2658K(2752K)->2658K(2752K)
[198.098s][info][gc             ] GC(680) Pause Young (Allocation Failure) 704M->595M(869M) 2.571ms
[198.098s][info][gc,cpu         ] GC(680) User=0.01s Sys=0.00s Real=0.00s
[198.341s][info][gc,start       ] GC(681) Pause Young (Allocation Failure)
[198.343s][info][gc,heap        ] GC(681) PSYoungGen: 111680K(222720K)->64K(222720K) Eden: 111616K(111616K)->0K(111616K) From: 64K(111104K)->64K(111104K)
[198.343s][info][gc,heap        ] GC(681) ParOldGen: 609472K(667648K)->609488K(667648K)
[198.343s][info][gc,metaspace   ] GC(681) Metaspace: 18576K(18752K)->18576K(18752K) NonClass: 15918K(16000K)->15918K(16000K) Class: 2658K(2752K)->2658K(2752K)
[198.343s][info][gc             ] GC(681) Pause Young (Allocation Failure) 704M->595M(869M) 1.902ms
[198.343s][info][gc,cpu         ] GC(681) User=0.00s Sys=0.00s Real=0.00s
[198.587s][info][gc,start       ] GC(682) Pause Young (Allocation Failure)
[198.589s][info][gc,heap        ] GC(682) PSYoungGen: 111680K(222720K)->64K(222720K) Eden: 111616K(111616K)->0K(111616K) From: 64K(111104K)->64K(111104K)
[198.589s][info][gc,heap        ] GC(682) ParOldGen: 609488K(667648K)->609504K(667648K)
[198.589s][info][gc,metaspace   ] GC(682) Metaspace: 18576K(18752K)->18576K(18752K) NonClass: 15918K(16000K)->15918K(16000K) Class: 2658K(2752K)->2658K(2752K)
[198.589s][info][gc             ] GC(682) Pause Young (Allocation Failure) 704M->595M(869M) 1.903ms
[198.589s][info][gc,cpu         ] GC(682) User=0.00s Sys=0.00s Real=0.00s
[198.834s][info][gc,start       ] GC(683) Pause Young (Allocation Failure)
[198.836s][info][gc,heap        ] GC(683) PSYoungGen: 111680K(222720K)->64K(215552K) Eden: 111616K(111616K)->0K(111616K) From: 64K(111104K)->64K(103936K)
[198.836s][info][gc,heap        ] GC(683) ParOldGen: 609504K(667648K)->609504K(667648K)
[198.836s][info][gc,metaspace   ] GC(683) Metaspace: 18576K(18752K)->18576K(18752K) NonClass: 15918K(16000K)->15918K(16000K) Class: 2658K(2752K)->2658K(2752K)
[198.836s][info][gc             ] GC(683) Pause Young (Allocation Failure) 704M->595M(862M) 2.030ms
[198.836s][info][gc,cpu         ] GC(683) User=0.00s Sys=0.00s Real=0.00s
[199.081s][info][gc,start       ] GC(684) Pause Young (Allocation Failure)
[199.083s][info][gc,heap        ] GC(684) PSYoungGen: 111680K(215552K)->64K(219136K) Eden: 111616K(111616K)->0K(111616K) From: 64K(103936K)->64K(107520K)
[199.083s][info][gc,heap        ] GC(684) ParOldGen: 609504K(667648K)->609504K(667648K)
[199.083s][info][gc,metaspace   ] GC(684) Metaspace: 18576K(18752K)->18576K(18752K) NonClass: 15918K(16000K)->15918K(16000K) Class: 2658K(2752K)->2658K(2752K)
[199.083s][info][gc             ] GC(684) Pause Young (Allocation Failure) 704M->595M(866M) 2.202ms
[199.083s][info][gc,cpu         ] GC(684) User=0.00s Sys=0.00s Real=0.01s
[199.321s][info][gc,start       ] GC(685) Pause Young (Allocation Failure)
[199.324s][info][gc,heap        ] GC(685) PSYoungGen: 111680K(219136K)->320K(210432K) Eden: 111616K(111616K)->0K(115712K) From: 64K(107520K)->320K(94720K)
[199.325s][info][gc,heap        ] GC(685) ParOldGen: 609504K(667648K)->609504K(667648K)
[199.325s][info][gc,metaspace   ] GC(685) Metaspace: 18576K(18752K)->18576K(18752K) NonClass: 15918K(16000K)->15918K(16000K) Class: 2658K(2752K)->2658K(2752K)
[199.325s][info][gc             ] GC(685) Pause Young (Allocation Failure) 704M->595M(857M) 3.119ms
[199.325s][info][gc,cpu         ] GC(685) User=0.01s Sys=0.00s Real=0.01s
[199.497s][info][gc,start       ] GC(686) Pause Young (Allocation Failure)
[199.517s][info][gc,heap        ] GC(686) PSYoungGen: 116032K(210432K)->23792K(139776K) Eden: 115712K(115712K)->0K(115712K) From: 320K(94720K)->23792K(24064K)
[199.517s][info][gc,heap        ] GC(686) ParOldGen: 609504K(667648K)->609504K(667648K)
[199.517s][info][gc,metaspace   ] GC(686) Metaspace: 18576K(18752K)->18576K(18752K) NonClass: 15918K(16000K)->15918K(16000K) Class: 2658K(2752K)->2658K(2752K)
[199.517s][info][gc             ] GC(686) Pause Young (Allocation Failure) 708M->618M(788M) 19.760ms
[199.517s][info][gc,cpu         ] GC(686) User=0.04s Sys=0.00s Real=0.02s
[199.581s][info][gc,start       ] GC(687) Pause Young (Allocation Failure)
[199.627s][info][gc,heap        ] GC(687) PSYoungGen: 139504K(139776K)->65760K(205312K) Eden: 115712K(115712K)->0K(112128K) From: 23792K(24064K)->65760K(93184K)
[199.627s][info][gc,heap        ] GC(687) ParOldGen: 609504K(667648K)->609504K(667648K)
[199.627s][info][gc,metaspace   ] GC(687) Metaspace: 18576K(18752K)->18576K(18752K) NonClass: 15918K(16000K)->15918K(16000K) Class: 2658K(2752K)->2658K(2752K)
[199.627s][info][gc             ] GC(687) Pause Young (Allocation Failure) 731M->659M(852M) 45.887ms
[199.627s][info][gc,cpu         ] GC(687) User=0.09s Sys=0.00s Real=0.05s
[199.794s][info][gc,start       ] GC(688) Pause Young (Allocation Failure)
[199.842s][info][gc,heap        ] GC(688) PSYoungGen: 177888K(205312K)->75136K(214528K) Eden: 112128K(112128K)->0K(112128K) From: 65760K(93184K)->75136K(102400K)
[199.842s][info][gc,heap        ] GC(688) ParOldGen: 609504K(667648K)->609504K(667648K)
[199.842s][info][gc,metaspace   ] GC(688) Metaspace: 18576K(18752K)->18576K(18752K) NonClass: 15918K(16000K)->15918K(16000K) Class: 2658K(2752K)->2658K(2752K)
[199.842s][info][gc             ] GC(688) Pause Young (Allocation Failure) 768M->668M(861M) 48.187ms
[199.842s][info][gc,cpu         ] GC(688) User=0.09s Sys=0.00s Real=0.04s
[199.913s][info][gc,start       ] GC(689) Pause Young (Allocation Failure)
[199.980s][info][gc,heap        ] GC(689) PSYoungGen: 187264K(214528K)->95840K(222720K) Eden: 112128K(112128K)->0K(111616K) From: 75136K(102400K)->95840K(111104K)
[199.980s][info][gc,heap        ] GC(689) ParOldGen: 609504K(667648K)->609520K(667648K)
[199.980s][info][gc,metaspace   ] GC(689) Metaspace: 18576K(18752K)->18576K(18752K) NonClass: 15918K(16000K)->15918K(16000K) Class: 2658K(2752K)->2658K(2752K)
[199.980s][info][gc             ] GC(689) Pause Young (Allocation Failure) 778M->688M(869M) 66.828ms
[199.980s][info][gc,cpu         ] GC(689) User=0.13s Sys=0.01s Real=0.07s
[200.041s][info][gc,start       ] GC(690) Pause Young (Allocation Failure)
[200.129s][info][gc,heap        ] GC(690) PSYoungGen: 207456K(222720K)->111088K(222720K) Eden: 111616K(111616K)->0K(111616K) From: 95840K(111104K)->111088K(111104K)
[200.130s][info][gc,heap        ] GC(690) ParOldGen: 609520K(667648K)->633496K(667648K)
[200.130s][info][gc,metaspace   ] GC(690) Metaspace: 18583K(18752K)->18583K(18752K) NonClass: 15925K(16000K)->15925K(16000K) Class: 2658K(2752K)->2658K(2752K)
[200.130s][info][gc             ] GC(690) Pause Young (Allocation Failure) 797M->727M(869M) 88.300ms
[200.130s][info][gc,cpu         ] GC(690) User=0.17s Sys=0.00s Real=0.09s
[200.250s][info][gc,start       ] GC(691) Pause Full (Allocation Failure)
[200.250s][info][gc,phases,start] GC(691) Marking Phase
[200.494s][info][gc,phases      ] GC(691) Marking Phase 244.159ms
[200.494s][info][gc,phases,start] GC(691) Summary Phase
[200.494s][info][gc,phases      ] GC(691) Summary Phase 0.027ms
[200.494s][info][gc,phases,start] GC(691) Forward
[200.595s][info][gc,phases      ] GC(691) Forward 100.653ms
[200.595s][info][gc,phases,start] GC(691) Adjust Pointers
[200.777s][info][gc,phases      ] GC(691) Adjust Pointers 182.260ms
[200.777s][info][gc,phases,start] GC(691) Compaction Phase
[200.889s][info][gc,phases      ] GC(691) Compaction Phase 111.296ms
[200.896s][info][gc,phases,start] GC(691) Post Compact
[200.899s][info][gc,phases      ] GC(691) Post Compact 2.471ms
[200.899s][info][gc,heap        ] GC(691) PSYoungGen: 222704K(222720K)->0K(222720K) Eden: 111616K(111616K)->0K(111616K) From: 111088K(111104K)->0K(111104K)
[200.899s][info][gc,heap        ] GC(691) ParOldGen: 633496K(667648K)->375841K(664576K)
[200.899s][info][gc,metaspace   ] GC(691) Metaspace: 18584K(18752K)->18584K(18752K) NonClass: 15926K(16000K)->15926K(16000K) Class: 2658K(2752K)->2658K(2752K)
[200.899s][info][gc             ] GC(691) Pause Full (Allocation Failure) 836M->367M(866M) 649.168ms
[200.899s][info][gc,cpu         ] GC(691) User=1.20s Sys=0.00s Real=0.65s
[201.011s][info][gc,start       ] GC(692) Pause Young (Allocation Failure)
[201.012s][info][gc,heap        ] GC(692) PSYoungGen: 111616K(222720K)->96K(222720K) Eden: 111616K(111616K)->0K(111616K) From: 0K(111104K)->96K(111104K)
[201.012s][info][gc,heap        ] GC(692) ParOldGen: 375841K(664576K)->375841K(664576K)
[201.012s][info][gc,metaspace   ] GC(692) Metaspace: 18584K(18752K)->18584K(18752K) NonClass: 15926K(16000K)->15926K(16000K) Class: 2658K(2752K)->2658K(2752K)
[201.012s][info][gc             ] GC(692) Pause Young (Allocation Failure) 476M->367M(866M) 1.600ms
[201.012s][info][gc,cpu         ] GC(692) User=0.00s Sys=0.00s Real=0.00s
[201.121s][info][gc,start       ] GC(693) Pause Young (Allocation Failure)
[201.123s][info][gc,heap        ] GC(693) PSYoungGen: 111712K(222720K)->160K(222720K) Eden: 111616K(111616K)->0K(111616K) From: 96K(111104K)->160K(111104K)
[201.123s][info][gc,heap        ] GC(693) ParOldGen: 375841K(664576K)->375841K(664576K)
[201.123s][info][gc,metaspace   ] GC(693) Metaspace: 18584K(18752K)->18584K(18752K) NonClass: 15926K(16000K)->15926K(16000K) Class: 2658K(2752K)->2658K(2752K)
[201.123s][info][gc             ] GC(693) Pause Young (Allocation Failure) 476M->367M(866M) 1.689ms
[201.123s][info][gc,cpu         ] GC(693) User=0.00s Sys=0.00s Real=0.00s
[201.231s][info][gc,start       ] GC(694) Pause Young (Allocation Failure)
[201.232s][info][gc,heap        ] GC(694) PSYoungGen: 111776K(222720K)->224K(222720K) Eden: 111616K(111616K)->0K(111616K) From: 160K(111104K)->224K(111104K)
[201.232s][info][gc,heap        ] GC(694) ParOldGen: 375841K(664576K)->375913K(664576K)
[201.232s][info][gc,metaspace   ] GC(694) Metaspace: 18584K(18752K)->18584K(18752K) NonClass: 15926K(16000K)->15926K(16000K) Class: 2658K(2752K)->2658K(2752K)
[201.233s][info][gc             ] GC(694) Pause Young (Allocation Failure) 476M->367M(866M) 1.908ms
[201.233s][info][gc,cpu         ] GC(694) User=0.01s Sys=0.00s Real=0.00s
[201.340s][info][gc,start       ] GC(695) Pause Young (Allocation Failure)
[201.342s][info][gc,heap        ] GC(695) PSYoungGen: 111840K(222720K)->128K(222720K) Eden: 111616K(111616K)->0K(111616K) From: 224K(111104K)->128K(111104K)
[201.342s][info][gc,heap        ] GC(695) ParOldGen: 375913K(664576K)->376097K(664576K)
[201.342s][info][gc,metaspace   ] GC(695) Metaspace: 18584K(18752K)->18584K(18752K) NonClass: 15926K(16000K)->15926K(16000K) Class: 2658K(2752K)->2658K(2752K)
[201.342s][info][gc             ] GC(695) Pause Young (Allocation Failure) 476M->367M(866M) 1.906ms
[201.342s][info][gc,cpu         ] GC(695) User=0.00s Sys=0.00s Real=0.00s
[201.451s][info][gc,start       ] GC(696) Pause Young (Allocation Failure)
[201.453s][info][gc,heap        ] GC(696) PSYoungGen: 111744K(222720K)->96K(222720K) Eden: 111616K(111616K)->0K(111616K) From: 128K(111104K)->96K(111104K)
[201.453s][info][gc,heap        ] GC(696) ParOldGen: 376097K(664576K)->376209K(664576K)
[201.453s][info][gc,metaspace   ] GC(696) Metaspace: 18584K(18752K)->18584K(18752K) NonClass: 15926K(16000K)->15926K(16000K) Class: 2658K(2752K)->2658K(2752K)
[201.453s][info][gc             ] GC(696) Pause Young (Allocation Failure) 476M->367M(866M) 1.705ms
[201.453s][info][gc,cpu         ] GC(696) User=0.00s Sys=0.00s Real=0.00s
[201.563s][info][gc,start       ] GC(697) Pause Young (Allocation Failure)
[201.565s][info][gc,heap        ] GC(697) PSYoungGen: 111712K(222720K)->96K(222720K) Eden: 111616K(111616K)->0K(111616K) From: 96K(111104K)->96K(111104K)
[201.565s][info][gc,heap        ] GC(697) ParOldGen: 376209K(664576K)->376289K(664576K)
[201.565s][info][gc,metaspace   ] GC(697) Metaspace: 18584K(18752K)->18584K(18752K) NonClass: 15926K(16000K)->15926K(16000K) Class: 2658K(2752K)->2658K(2752K)
[201.565s][info][gc             ] GC(697) Pause Young (Allocation Failure) 476M->367M(866M) 1.727ms
[201.565s][info][gc,cpu         ] GC(697) User=0.01s Sys=0.00s Real=0.00s
[201.673s][info][gc,start       ] GC(698) Pause Young (Allocation Failure)
[201.674s][info][gc,heap        ] GC(698) PSYoungGen: 111712K(222720K)->128K(222720K) Eden: 111616K(111616K)->0K(111616K) From: 96K(111104K)->128K(111104K)
[201.674s][info][gc,heap        ] GC(698) ParOldGen: 376289K(664576K)->376361K(664576K)
[201.674s][info][gc,metaspace   ] GC(698) Metaspace: 18584K(18752K)->18584K(18752K) NonClass: 15926K(16000K)->15926K(16000K) Class: 2658K(2752K)->2658K(2752K)
[201.674s][info][gc             ] GC(698) Pause Young (Allocation Failure) 476M->367M(866M) 1.799ms
[201.674s][info][gc,cpu         ] GC(698) User=0.00s Sys=0.00s Real=0.01s
[201.783s][info][gc,start       ] GC(699) Pause Young (Allocation Failure)
[201.785s][info][gc,heap        ] GC(699) PSYoungGen: 111744K(222720K)->128K(222720K) Eden: 111616K(111616K)->0K(111616K) From: 128K(111104K)->128K(111104K)
[201.785s][info][gc,heap        ] GC(699) ParOldGen: 376361K(664576K)->376457K(664576K)
[201.785s][info][gc,metaspace   ] GC(699) Metaspace: 18584K(18752K)->18584K(18752K) NonClass: 15926K(16000K)->15926K(16000K) Class: 2658K(2752K)->2658K(2752K)
[201.785s][info][gc             ] GC(699) Pause Young (Allocation Failure) 476M->367M(866M) 1.761ms
[201.785s][info][gc,cpu         ] GC(699) User=0.00s Sys=0.00s Real=0.01s
[201.891s][info][gc,start       ] GC(700) Pause Young (Allocation Failure)
[201.892s][info][gc,heap        ] GC(700) PSYoungGen: 111744K(222720K)->96K(112128K) Eden: 111616K(111616K)->0K(111616K) From: 128K(111104K)->96K(512K)
[201.892s][info][gc,heap        ] GC(700) ParOldGen: 376457K(664576K)->376561K(664576K)
[201.892s][info][gc,metaspace   ] GC(700) Metaspace: 18584K(18752K)->18584K(18752K) NonClass: 15926K(16000K)->15926K(16000K) Class: 2658K(2752K)->2658K(2752K)
[201.892s][info][gc             ] GC(700) Pause Young (Allocation Failure) 476M->367M(758M) 1.766ms
[201.892s][info][gc,cpu         ] GC(700) User=0.00s Sys=0.01s Real=0.00s
[202.016s][info][gc,start       ] GC(701) Pause Young (Allocation Failure)
[202.022s][info][gc,heap        ] GC(701) PSYoungGen: 111712K(112128K)->2432K(217088K) Eden: 111616K(111616K)->0K(116224K) From: 96K(512K)->2432K(100864K)
[202.022s][info][gc,heap        ] GC(701) ParOldGen: 376561K(664576K)->376561K(664576K)
[202.022s][info][gc,metaspace   ] GC(701) Metaspace: 18584K(18752K)->18584K(18752K) NonClass: 15926K(16000K)->15926K(16000K) Class: 2658K(2752K)->2658K(2752K)
[202.022s][info][gc             ] GC(701) Pause Young (Allocation Failure) 476M->370M(861M) 6.275ms
[202.022s][info][gc,cpu         ] GC(701) User=0.01s Sys=0.00s Real=0.00s
[202.142s][info][gc,start       ] GC(702) Pause Young (Allocation Failure)
[202.166s][info][gc,heap        ] GC(702) PSYoungGen: 118656K(217088K)->9035K(125440K) Eden: 116224K(116224K)->0K(116224K) From: 2432K(100864K)->9035K(9216K)
[202.166s][info][gc,heap        ] GC(702) ParOldGen: 376561K(664576K)->376561K(664576K)
[202.166s][info][gc,metaspace   ] GC(702) Metaspace: 18587K(18752K)->18587K(18752K) NonClass: 15929K(16000K)->15929K(16000K) Class: 2658K(2752K)->2658K(2752K)
[202.166s][info][gc             ] GC(702) Pause Young (Allocation Failure) 483M->376M(771M) 23.679ms
[202.166s][info][gc,cpu         ] GC(702) User=0.04s Sys=0.00s Real=0.03s
[202.305s][info][gc,start       ] GC(703) Pause Young (Allocation Failure)
[202.338s][info][gc,heap        ] GC(703) PSYoungGen: 125259K(125440K)->18987K(209408K) Eden: 116224K(116224K)->0K(124928K) From: 9035K(9216K)->18987K(84480K)
[202.338s][info][gc,heap        ] GC(703) ParOldGen: 376561K(664576K)->376561K(664576K)
[202.338s][info][gc,metaspace   ] GC(703) Metaspace: 18587K(18752K)->18587K(18752K) NonClass: 15929K(16000K)->15929K(16000K) Class: 2658K(2752K)->2658K(2752K)
[202.339s][info][gc             ] GC(703) Pause Young (Allocation Failure) 490M->386M(853M) 33.676ms
[202.339s][info][gc,cpu         ] GC(703) User=0.06s Sys=0.00s Real=0.03s
[202.491s][info][gc,start       ] GC(704) Pause Young (Allocation Failure)
[202.522s][info][gc,heap        ] GC(704) PSYoungGen: 143915K(209408K)->18987K(214016K) Eden: 124928K(124928K)->0K(124928K) From: 18987K(84480K)->18987K(89088K)
[202.522s][info][gc,heap        ] GC(704) ParOldGen: 376561K(664576K)->376561K(664576K)
[202.522s][info][gc,metaspace   ] GC(704) Metaspace: 18587K(18752K)->18587K(18752K) NonClass: 15929K(16000K)->15929K(16000K) Class: 2658K(2752K)->2658K(2752K)
[202.522s][info][gc             ] GC(704) Pause Young (Allocation Failure) 508M->386M(858M) 31.597ms
[202.522s][info][gc,cpu         ] GC(704) User=0.06s Sys=0.00s Real=0.03s
[202.660s][info][gc,start       ] GC(705) Pause Young (Allocation Failure)
[202.703s][info][gc,heap        ] GC(705) PSYoungGen: 143915K(214016K)->29003K(217088K) Eden: 124928K(124928K)->0K(136704K) From: 18987K(89088K)->29003K(80384K)
[202.703s][info][gc,heap        ] GC(705) ParOldGen: 376561K(664576K)->376561K(664576K)
[202.703s][info][gc,metaspace   ] GC(705) Metaspace: 18587K(18752K)->18587K(18752K) NonClass: 15929K(16000K)->15929K(16000K) Class: 2658K(2752K)->2658K(2752K)
[202.703s][info][gc             ] GC(705) Pause Young (Allocation Failure) 508M->396M(861M) 42.849ms
[202.703s][info][gc,cpu         ] GC(705) User=0.08s Sys=0.00s Real=0.04s
[202.833s][info][gc,start       ] GC(706) Pause Young (Allocation Failure)
[202.892s][info][gc,heap        ] GC(706) PSYoungGen: 165707K(217088K)->45995K(217600K) Eden: 136704K(136704K)->0K(136704K) From: 29003K(80384K)->45995K(80896K)
[202.892s][info][gc,heap        ] GC(706) ParOldGen: 376561K(664576K)->376561K(664576K)
[202.892s][info][gc,metaspace   ] GC(706) Metaspace: 18587K(18752K)->18587K(18752K) NonClass: 15929K(16000K)->15929K(16000K) Class: 2658K(2752K)->2658K(2752K)
[202.892s][info][gc             ] GC(706) Pause Young (Allocation Failure) 529M->412M(861M) 58.969ms
[202.892s][info][gc,cpu         ] GC(706) User=0.12s Sys=0.00s Real=0.06s
[203.007s][info][gc,start       ] GC(707) Pause Young (Allocation Failure)
[203.073s][info][gc,heap        ] GC(707) PSYoungGen: 182699K(217600K)->54315K(229888K) Eden: 136704K(136704K)->0K(144896K) From: 45995K(80896K)->54315K(84992K)
[203.073s][info][gc,heap        ] GC(707) ParOldGen: 376561K(664576K)->376617K(664576K)
[203.073s][info][gc,metaspace   ] GC(707) Metaspace: 18587K(18752K)->18587K(18752K) NonClass: 15929K(16000K)->15929K(16000K) Class: 2658K(2752K)->2658K(2752K)
[203.073s][info][gc             ] GC(707) Pause Young (Allocation Failure) 546M->420M(873M) 66.673ms
[203.073s][info][gc,cpu         ] GC(707) User=0.13s Sys=0.00s Real=0.07s
[203.196s][info][gc,start       ] GC(708) Pause Young (Allocation Failure)
[203.264s][info][gc,heap        ] GC(708) PSYoungGen: 199211K(229888K)->47520K(236032K) Eden: 144896K(144896K)->0K(144896K) From: 54315K(84992K)->47520K(91136K)
[203.264s][info][gc,heap        ] GC(708) ParOldGen: 376617K(664576K)->384837K(664576K)
[203.264s][info][gc,metaspace   ] GC(708) Metaspace: 18587K(18752K)->18587K(18752K) NonClass: 15929K(16000K)->15929K(16000K) Class: 2658K(2752K)->2658K(2752K)
[203.264s][info][gc             ] GC(708) Pause Young (Allocation Failure) 562M->422M(879M) 68.015ms
[203.264s][info][gc,cpu         ] GC(708) User=0.14s Sys=0.00s Real=0.07s
[203.393s][info][gc,start       ] GC(709) Pause Young (Allocation Failure)
[203.448s][info][gc,heap        ] GC(709) PSYoungGen: 192416K(236032K)->40224K(241152K) Eden: 144896K(144896K)->0K(148992K) From: 47520K(91136K)->40224K(92160K)
[203.448s][info][gc,heap        ] GC(709) ParOldGen: 384837K(664576K)->395597K(664576K)
[203.448s][info][gc,metaspace   ] GC(709) Metaspace: 18587K(18752K)->18587K(18752K) NonClass: 15929K(16000K)->15929K(16000K) Class: 2658K(2752K)->2658K(2752K)
[203.448s][info][gc             ] GC(709) Pause Young (Allocation Failure) 563M->425M(884M) 54.415ms
[203.448s][info][gc,cpu         ] GC(709) User=0.11s Sys=0.00s Real=0.05s
[203.578s][info][gc,start       ] GC(710) Pause Young (Allocation Failure)
[203.618s][info][gc,heap        ] GC(710) PSYoungGen: 189216K(241152K)->13280K(162304K) Eden: 148992K(148992K)->0K(148992K) From: 40224K(92160K)->13280K(13312K)
[203.618s][info][gc,heap        ] GC(710) ParOldGen: 395597K(664576K)->422661K(664576K)
[203.618s][info][gc,metaspace   ] GC(710) Metaspace: 18587K(18752K)->18587K(18752K) NonClass: 15929K(16000K)->15929K(16000K) Class: 2658K(2752K)->2658K(2752K)
[203.619s][info][gc             ] GC(710) Pause Young (Allocation Failure) 571M->425M(807M) 40.993ms
[203.619s][info][gc,cpu         ] GC(710) User=0.08s Sys=0.00s Real=0.04s
[203.774s][info][gc,start       ] GC(711) Pause Young (Allocation Failure)
[203.808s][info][gc,heap        ] GC(711) PSYoungGen: 162272K(162304K)->23216K(243200K) Eden: 148992K(148992K)->0K(155648K) From: 13280K(13312K)->23216K(87552K)
[203.808s][info][gc,heap        ] GC(711) ParOldGen: 422661K(664576K)->432437K(664576K)
[203.808s][info][gc,metaspace   ] GC(711) Metaspace: 18587K(18752K)->18587K(18752K) NonClass: 15929K(16000K)->15929K(16000K) Class: 2658K(2752K)->2658K(2752K)
[203.808s][info][gc             ] GC(711) Pause Young (Allocation Failure) 571M->444M(886M) 33.547ms
[203.808s][info][gc,cpu         ] GC(711) User=0.06s Sys=0.00s Real=0.03s
[203.996s][info][gc,start       ] GC(712) Pause Young (Allocation Failure)
[204.036s][info][gc,heap        ] GC(712) PSYoungGen: 178864K(243200K)->31984K(237568K) Eden: 155648K(155648K)->0K(155648K) From: 23216K(87552K)->31984K(81920K)
[204.036s][info][gc,heap        ] GC(712) ParOldGen: 432437K(664576K)->435949K(664576K)
[204.036s][info][gc,metaspace   ] GC(712) Metaspace: 18587K(18752K)->18587K(18752K) NonClass: 15929K(16000K)->15929K(16000K) Class: 2658K(2752K)->2658K(2752K)
[204.036s][info][gc             ] GC(712) Pause Young (Allocation Failure) 596M->456M(881M) 39.769ms
[204.036s][info][gc,cpu         ] GC(712) User=0.08s Sys=0.00s Real=0.04s
[204.269s][info][gc,start       ] GC(713) Pause Young (Allocation Failure)
[204.329s][info][gc,heap        ] GC(713) PSYoungGen: 187632K(237568K)->26624K(246784K) Eden: 155648K(155648K)->0K(169472K) From: 31984K(81920K)->26624K(77312K)
[204.329s][info][gc,heap        ] GC(713) ParOldGen: 435949K(664576K)->467966K(664576K)
[204.329s][info][gc,metaspace   ] GC(713) Metaspace: 18587K(18752K)->18587K(18752K) NonClass: 15929K(16000K)->15929K(16000K) Class: 2658K(2752K)->2658K(2752K)
[204.329s][info][gc             ] GC(713) Pause Young (Allocation Failure) 608M->482M(890M) 60.880ms
[204.329s][info][gc,cpu         ] GC(713) User=0.12s Sys=0.00s Real=0.06s
[204.470s][info][gc,start       ] GC(714) Pause Young (Allocation Failure)
[204.505s][info][gc,heap        ] GC(714) PSYoungGen: 196096K(246784K)->6720K(243200K) Eden: 169472K(169472K)->0K(169472K) From: 26624K(77312K)->6720K(73728K)
[204.505s][info][gc,heap        ] GC(714) ParOldGen: 467966K(664576K)->494630K(664576K)
[204.505s][info][gc,metaspace   ] GC(714) Metaspace: 18587K(18752K)->18587K(18752K) NonClass: 15929K(16000K)->15929K(16000K) Class: 2658K(2752K)->2658K(2752K)
[204.505s][info][gc             ] GC(714) Pause Young (Allocation Failure) 648M->489M(886M) 34.528ms
[204.505s][info][gc,cpu         ] GC(714) User=0.07s Sys=0.00s Real=0.04s
[204.706s][info][gc,start       ] GC(715) Pause Young (Allocation Failure)
[204.727s][info][gc,heap        ] GC(715) PSYoungGen: 176192K(243200K)->6080K(256512K) Eden: 169472K(169472K)->0K(184320K) From: 6720K(73728K)->6080K(72192K)
[204.727s][info][gc,heap        ] GC(715) ParOldGen: 494630K(664576K)->501334K(664576K)
[204.727s][info][gc,metaspace   ] GC(715) Metaspace: 18587K(18752K)->18587K(18752K) NonClass: 15929K(16000K)->15929K(16000K) Class: 2658K(2752K)->2658K(2752K)
[204.727s][info][gc             ] GC(715) Pause Young (Allocation Failure) 655M->495M(899M) 20.610ms
[204.727s][info][gc,cpu         ] GC(715) User=0.04s Sys=0.00s Real=0.02s
[204.883s][info][gc,start       ] GC(716) Pause Young (Allocation Failure)
[204.893s][info][gc,heap        ] GC(716) PSYoungGen: 190400K(256512K)->64K(254976K) Eden: 184320K(184320K)->0K(184320K) From: 6080K(72192K)->64K(70656K)
[204.893s][info][gc,heap        ] GC(716) ParOldGen: 501334K(664576K)->507414K(664576K)
[204.893s][info][gc,metaspace   ] GC(716) Metaspace: 18589K(18752K)->18589K(18752K) NonClass: 15931K(16000K)->15931K(16000K) Class: 2658K(2752K)->2658K(2752K)
[204.893s][info][gc             ] GC(716) Pause Young (Allocation Failure) 675M->495M(898M) 9.661ms
[204.893s][info][gc,cpu         ] GC(716) User=0.02s Sys=0.00s Real=0.00s
[205.120s][info][gc,start       ] GC(717) Pause Young (Allocation Failure)
[205.136s][info][gc,heap        ] GC(717) PSYoungGen: 184384K(254976K)->14080K(258560K) Eden: 184320K(184320K)->0K(193536K) From: 64K(70656K)->14080K(65024K)
[205.136s][info][gc,heap        ] GC(717) ParOldGen: 507414K(664576K)->507414K(664576K)
[205.136s][info][gc,metaspace   ] GC(717) Metaspace: 18589K(18752K)->18589K(18752K) NonClass: 15931K(16000K)->15931K(16000K) Class: 2658K(2752K)->2658K(2752K)
[205.136s][info][gc             ] GC(717) Pause Young (Allocation Failure) 675M->509M(901M) 16.225ms
[205.136s][info][gc,cpu         ] GC(717) User=0.03s Sys=0.00s Real=0.02s
[205.627s][info][gc,start       ] GC(718) Pause Young (Allocation Failure)
[205.644s][info][gc,heap        ] GC(718) PSYoungGen: 207616K(258560K)->15552K(259584K) Eden: 193536K(193536K)->0K(193536K) From: 14080K(65024K)->15552K(66048K)
[205.644s][info][gc,heap        ] GC(718) ParOldGen: 507414K(664576K)->507414K(664576K)
[205.644s][info][gc,metaspace   ] GC(718) Metaspace: 18589K(18752K)->18589K(18752K) NonClass: 15931K(16000K)->15931K(16000K) Class: 2658K(2752K)->2658K(2752K)
[205.644s][info][gc             ] GC(718) Pause Young (Allocation Failure) 698M->510M(902M) 17.100ms
[205.644s][info][gc,cpu         ] GC(718) User=0.03s Sys=0.00s Real=0.02s
[206.088s][info][gc,start       ] GC(719) Pause Young (Allocation Failure)
[206.105s][info][gc,heap        ] GC(719) PSYoungGen: 209088K(259584K)->15648K(263680K) Eden: 193536K(193536K)->0K(205824K) From: 15552K(66048K)->15648K(57856K)
[206.105s][info][gc,heap        ] GC(719) ParOldGen: 507414K(664576K)->507414K(664576K)
[206.105s][info][gc,metaspace   ] GC(719) Metaspace: 18589K(18752K)->18589K(18752K) NonClass: 15931K(16000K)->15931K(16000K) Class: 2658K(2752K)->2658K(2752K)
[206.105s][info][gc             ] GC(719) Pause Young (Allocation Failure) 699M->510M(906M) 17.135ms
[206.105s][info][gc,cpu         ] GC(719) User=0.04s Sys=0.00s Real=0.02s
[206.559s][info][gc,start       ] GC(720) Pause Young (Allocation Failure)
[206.577s][info][gc,heap        ] GC(720) PSYoungGen: 221472K(263680K)->15712K(264192K) Eden: 205824K(205824K)->0K(205824K) From: 15648K(57856K)->15712K(58368K)
[206.577s][info][gc,heap        ] GC(720) ParOldGen: 507414K(664576K)->507414K(664576K)
[206.577s][info][gc,metaspace   ] GC(720) Metaspace: 18597K(18752K)->18597K(18752K) NonClass: 15939K(16000K)->15939K(16000K) Class: 2658K(2752K)->2658K(2752K)
[206.577s][info][gc             ] GC(720) Pause Young (Allocation Failure) 711M->510M(907M) 17.760ms
[206.577s][info][gc,cpu         ] GC(720) User=0.03s Sys=0.00s Real=0.02s
[206.862s][info][gc,start       ] GC(721) Pause Young (Allocation Failure)
[206.918s][info][gc,heap        ] GC(721) PSYoungGen: 221536K(264192K)->49360K(263168K) Eden: 205824K(205824K)->0K(207872K) From: 15712K(58368K)->49360K(55296K)
[206.918s][info][gc,heap        ] GC(721) ParOldGen: 507414K(664576K)->507414K(664576K)
[206.918s][info][gc,metaspace   ] GC(721) Metaspace: 18597K(18752K)->18597K(18752K) NonClass: 15939K(16000K)->15939K(16000K) Class: 2658K(2752K)->2658K(2752K)
[206.918s][info][gc             ] GC(721) Pause Young (Allocation Failure) 711M->543M(906M) 55.327ms
[206.918s][info][gc,cpu         ] GC(721) User=0.09s Sys=0.02s Real=0.06s
[207.025s][info][gc,start       ] GC(722) Pause Young (Allocation Failure)
[207.133s][info][gc,heap        ] GC(722) PSYoungGen: 257232K(263168K)->62966K(270848K) Eden: 207872K(207872K)->0K(207872K) From: 49360K(55296K)->62966K(62976K)
[207.133s][info][gc,heap        ] GC(722) ParOldGen: 507414K(664576K)->582598K(664576K)
[207.133s][info][gc,metaspace   ] GC(722) Metaspace: 18597K(18752K)->18597K(18752K) NonClass: 15939K(16000K)->15939K(16000K) Class: 2658K(2752K)->2658K(2752K)
[207.133s][info][gc             ] GC(722) Pause Young (Allocation Failure) 746M->630M(913M) 108.192ms
[207.133s][info][gc,cpu         ] GC(722) User=0.22s Sys=0.00s Real=0.10s
[207.356s][info][gc,start       ] GC(723) Pause Young (Allocation Failure)
[207.486s][info][gc,heap        ] GC(723) PSYoungGen: 270838K(270848K)->62944K(174592K) Eden: 207872K(207872K)->0K(111616K) From: 62966K(62976K)->62944K(62976K)
[207.486s][info][gc,heap        ] GC(723) ParOldGen: 582598K(664576K)->661452K(664576K)
[207.486s][info][gc,metaspace   ] GC(723) Metaspace: 18598K(18752K)->18598K(18752K) NonClass: 15940K(16000K)->15940K(16000K) Class: 2658K(2752K)->2658K(2752K)
[207.487s][info][gc             ] GC(723) Pause Young (Allocation Failure) 833M->707M(819M) 130.940ms
[207.487s][info][gc,cpu         ] GC(723) User=0.25s Sys=0.02s Real=0.13s
[207.697s][info][gc,start       ] GC(724) Pause Full (Allocation Failure)
[207.697s][info][gc,phases,start] GC(724) Marking Phase
[207.963s][info][gc,phases      ] GC(724) Marking Phase 265.870ms
[207.963s][info][gc,phases,start] GC(724) Summary Phase
[207.963s][info][gc,phases      ] GC(724) Summary Phase 0.027ms
[207.963s][info][gc,phases,start] GC(724) Forward
[208.068s][info][gc,phases      ] GC(724) Forward 104.678ms
[208.068s][info][gc,phases,start] GC(724) Adjust Pointers
[208.268s][info][gc,phases      ] GC(724) Adjust Pointers 200.215ms
[208.268s][info][gc,phases,start] GC(724) Compaction Phase
[208.393s][info][gc,phases      ] GC(724) Compaction Phase 125.252ms
[208.400s][info][gc,phases,start] GC(724) Post Compact
[208.402s][info][gc,phases      ] GC(724) Post Compact 2.402ms
[208.402s][info][gc,heap        ] GC(724) PSYoungGen: 174560K(174592K)->0K(222720K) Eden: 111616K(111616K)->0K(111616K) From: 62944K(62976K)->0K(111104K)
[208.402s][info][gc,heap        ] GC(724) ParOldGen: 661452K(664576K)->427669K(667648K)
[208.402s][info][gc,metaspace   ] GC(724) Metaspace: 18598K(18752K)->18598K(18752K) NonClass: 15940K(16000K)->15940K(16000K) Class: 2658K(2752K)->2658K(2752K)
[208.402s][info][gc             ] GC(724) Pause Full (Allocation Failure) 816M->417M(869M) 705.421ms
[208.402s][info][gc,cpu         ] GC(724) User=1.32s Sys=0.00s Real=0.70s
[208.518s][info][gc,start       ] GC(725) Pause Young (Allocation Failure)
[208.526s][info][gc,heap        ] GC(725) PSYoungGen: 111616K(222720K)->3424K(222720K) Eden: 111616K(111616K)->0K(111616K) From: 0K(111104K)->3424K(111104K)
[208.526s][info][gc,heap        ] GC(725) ParOldGen: 427669K(667648K)->427669K(667648K)
[208.526s][info][gc,metaspace   ] GC(725) Metaspace: 18598K(18752K)->18598K(18752K) NonClass: 15940K(16000K)->15940K(16000K) Class: 2658K(2752K)->2658K(2752K)
[208.526s][info][gc             ] GC(725) Pause Young (Allocation Failure) 526M->420M(869M) 8.672ms
[208.526s][info][gc,cpu         ] GC(725) User=0.01s Sys=0.00s Real=0.01s
[208.623s][info][gc,start       ] GC(726) Pause Young (Allocation Failure)
[208.644s][info][gc,heap        ] GC(726) PSYoungGen: 115040K(222720K)->4640K(222720K) Eden: 111616K(111616K)->0K(111616K) From: 3424K(111104K)->4640K(111104K)
[208.644s][info][gc,heap        ] GC(726) ParOldGen: 427669K(667648K)->427669K(667648K)
[208.644s][info][gc,metaspace   ] GC(726) Metaspace: 18598K(18752K)->18598K(18752K) NonClass: 15940K(16000K)->15940K(16000K) Class: 2658K(2752K)->2658K(2752K)
[208.644s][info][gc             ] GC(726) Pause Young (Allocation Failure) 529M->422M(869M) 20.339ms
[208.644s][info][gc,cpu         ] GC(726) User=0.04s Sys=0.00s Real=0.02s
[208.785s][info][gc,start       ] GC(727) Pause Young (Allocation Failure)
[208.836s][info][gc,heap        ] GC(727) PSYoungGen: 116256K(222720K)->27735K(222720K) Eden: 111616K(111616K)->0K(111616K) From: 4640K(111104K)->27735K(111104K)
[208.836s][info][gc,heap        ] GC(727) ParOldGen: 427669K(667648K)->427669K(667648K)
[208.836s][info][gc,metaspace   ] GC(727) Metaspace: 18598K(18752K)->18598K(18752K) NonClass: 15940K(16000K)->15940K(16000K) Class: 2658K(2752K)->2658K(2752K)
[208.836s][info][gc             ] GC(727) Pause Young (Allocation Failure) 531M->444M(869M) 51.567ms
[208.836s][info][gc,cpu         ] GC(727) User=0.11s Sys=0.00s Real=0.05s
[208.979s][info][gc,start       ] GC(728) Pause Young (Allocation Failure)
[209.035s][info][gc,heap        ] GC(728) PSYoungGen: 139351K(222720K)->26862K(222720K) Eden: 111616K(111616K)->0K(111616K) From: 27735K(111104K)->26862K(111104K)
[209.035s][info][gc,heap        ] GC(728) ParOldGen: 427669K(667648K)->432309K(667648K)
[209.035s][info][gc,metaspace   ] GC(728) Metaspace: 18598K(18752K)->18598K(18752K) NonClass: 15940K(16000K)->15940K(16000K) Class: 2658K(2752K)->2658K(2752K)
[209.035s][info][gc             ] GC(728) Pause Young (Allocation Failure) 553M->448M(869M) 56.102ms
[209.035s][info][gc,cpu         ] GC(728) User=0.11s Sys=0.00s Real=0.06s
[209.181s][info][gc,start       ] GC(729) Pause Young (Allocation Failure)
[209.223s][info][gc,heap        ] GC(729) PSYoungGen: 138478K(222720K)->32K(222720K) Eden: 111616K(111616K)->0K(111616K) From: 26862K(111104K)->32K(111104K)
[209.224s][info][gc,heap        ] GC(729) ParOldGen: 432309K(667648K)->459195K(667648K)
[209.224s][info][gc,metaspace   ] GC(729) Metaspace: 18598K(18752K)->18598K(18752K) NonClass: 15940K(16000K)->15940K(16000K) Class: 2658K(2752K)->2658K(2752K)
[209.224s][info][gc             ] GC(729) Pause Young (Allocation Failure) 557M->448M(869M) 42.832ms
[209.224s][info][gc,cpu         ] GC(729) User=0.08s Sys=0.00s Real=0.05s
[209.370s][info][gc,start       ] GC(730) Pause Young (Allocation Failure)
[209.372s][info][gc,heap        ] GC(730) PSYoungGen: 111648K(222720K)->64K(112128K) Eden: 111616K(111616K)->0K(111616K) From: 32K(111104K)->64K(512K)
[209.372s][info][gc,heap        ] GC(730) ParOldGen: 459195K(667648K)->459195K(667648K)
[209.372s][info][gc,metaspace   ] GC(730) Metaspace: 18598K(18752K)->18598K(18752K) NonClass: 15940K(16000K)->15940K(16000K) Class: 2658K(2752K)->2658K(2752K)
[209.372s][info][gc             ] GC(730) Pause Young (Allocation Failure) 557M->448M(761M) 1.775ms
[209.372s][info][gc,cpu         ] GC(730) User=0.01s Sys=0.00s Real=0.00s
[209.515s][info][gc,start       ] GC(731) Pause Young (Allocation Failure)
[209.517s][info][gc,heap        ] GC(731) PSYoungGen: 111680K(112128K)->64K(225280K) Eden: 111616K(111616K)->0K(115200K) From: 64K(512K)->64K(110080K)
[209.517s][info][gc,heap        ] GC(731) ParOldGen: 459195K(667648K)->459195K(667648K)
[209.517s][info][gc,metaspace   ] GC(731) Metaspace: 18598K(18752K)->18598K(18752K) NonClass: 15940K(16000K)->15940K(16000K) Class: 2658K(2752K)->2658K(2752K)
[209.517s][info][gc             ] GC(731) Pause Young (Allocation Failure) 557M->448M(872M) 1.619ms
[209.517s][info][gc,cpu         ] GC(731) User=0.01s Sys=0.00s Real=0.00s
[209.665s][info][gc,start       ] GC(732) Pause Young (Allocation Failure)
[209.667s][info][gc,heap        ] GC(732) PSYoungGen: 115264K(225280K)->64K(115712K) Eden: 115200K(115200K)->0K(115200K) From: 64K(110080K)->64K(512K)
[209.667s][info][gc,heap        ] GC(732) ParOldGen: 459195K(667648K)->459195K(667648K)
[209.667s][info][gc,metaspace   ] GC(732) Metaspace: 18598K(18752K)->18598K(18752K) NonClass: 15940K(16000K)->15940K(16000K) Class: 2658K(2752K)->2658K(2752K)
[209.667s][info][gc             ] GC(732) Pause Young (Allocation Failure) 560M->448M(765M) 2.191ms
[209.667s][info][gc,cpu         ] GC(732) User=0.00s Sys=0.01s Real=0.00s
[209.814s][info][gc,start       ] GC(733) Pause Young (Allocation Failure)
[209.816s][info][gc,heap        ] GC(733) PSYoungGen: 115264K(115712K)->64K(221696K) Eden: 115200K(115200K)->0K(121344K) From: 64K(512K)->64K(100352K)
[209.816s][info][gc,heap        ] GC(733) ParOldGen: 459195K(667648K)->459195K(667648K)
[209.816s][info][gc,metaspace   ] GC(733) Metaspace: 18598K(18752K)->18598K(18752K) NonClass: 15940K(16000K)->15940K(16000K) Class: 2658K(2752K)->2658K(2752K)
[209.816s][info][gc             ] GC(733) Pause Young (Allocation Failure) 560M->448M(868M) 1.788ms
[209.816s][info][gc,cpu         ] GC(733) User=0.01s Sys=0.00s Real=0.00s
[209.949s][info][gc,start       ] GC(734) Pause Young (Allocation Failure)
[209.964s][info][gc,heap        ] GC(734) PSYoungGen: 121408K(221696K)->11968K(220160K) Eden: 121344K(121344K)->0K(121344K) From: 64K(100352K)->11968K(98816K)
[209.964s][info][gc,heap        ] GC(734) ParOldGen: 459195K(667648K)->459195K(667648K)
[209.964s][info][gc,metaspace   ] GC(734) Metaspace: 18598K(18752K)->18598K(18752K) NonClass: 15940K(16000K)->15940K(16000K) Class: 2658K(2752K)->2658K(2752K)
[209.964s][info][gc             ] GC(734) Pause Young (Allocation Failure) 566M->460M(867M) 14.582ms
[209.964s][info][gc,cpu         ] GC(734) User=0.03s Sys=0.00s Real=0.02s
[210.078s][info][gc,start       ] GC(735) Pause Young (Allocation Failure)
[210.106s][info][gc,heap        ] GC(735) PSYoungGen: 133312K(220160K)->27104K(216576K) Eden: 121344K(121344K)->0K(131584K) From: 11968K(98816K)->27104K(84992K)
[210.106s][info][gc,heap        ] GC(735) ParOldGen: 459195K(667648K)->459195K(667648K)
[210.106s][info][gc,metaspace   ] GC(735) Metaspace: 18598K(18752K)->18598K(18752K) NonClass: 15940K(16000K)->15940K(16000K) Class: 2658K(2752K)->2658K(2752K)
[210.106s][info][gc             ] GC(735) Pause Young (Allocation Failure) 578M->474M(863M) 28.079ms
[210.106s][info][gc,cpu         ] GC(735) User=0.06s Sys=0.00s Real=0.03s
[210.203s][info][gc,start       ] GC(736) Pause Young (Allocation Failure)
[210.234s][info][gc,heap        ] GC(736) PSYoungGen: 158688K(216576K)->31040K(219648K) Eden: 131584K(131584K)->0K(131584K) From: 27104K(84992K)->31040K(88064K)
[210.234s][info][gc,heap        ] GC(736) ParOldGen: 459195K(667648K)->459195K(667648K)
[210.234s][info][gc,metaspace   ] GC(736) Metaspace: 18598K(18752K)->18598K(18752K) NonClass: 15940K(16000K)->15940K(16000K) Class: 2658K(2752K)->2658K(2752K)
[210.234s][info][gc             ] GC(736) Pause Young (Allocation Failure) 603M->478M(866M) 30.777ms
[210.234s][info][gc,cpu         ] GC(736) User=0.06s Sys=0.00s Real=0.03s
[210.349s][info][gc,start       ] GC(737) Pause Young (Allocation Failure)
[210.382s][info][gc,heap        ] GC(737) PSYoungGen: 162624K(219648K)->32832K(227328K) Eden: 131584K(131584K)->0K(145408K) From: 31040K(88064K)->32832K(81920K)
[210.382s][info][gc,heap        ] GC(737) ParOldGen: 459195K(667648K)->459195K(667648K)
[210.382s][info][gc,metaspace   ] GC(737) Metaspace: 18598K(18752K)->18598K(18752K) NonClass: 15940K(16000K)->15940K(16000K) Class: 2658K(2752K)->2658K(2752K)
[210.382s][info][gc             ] GC(737) Pause Young (Allocation Failure) 607M->480M(874M) 32.440ms
[210.382s][info][gc,cpu         ] GC(737) User=0.07s Sys=0.00s Real=0.03s
[210.535s][info][gc,start       ] GC(738) Pause Young (Allocation Failure)
[210.572s][info][gc,heap        ] GC(738) PSYoungGen: 178240K(227328K)->38560K(228352K) Eden: 145408K(145408K)->0K(145408K) From: 32832K(81920K)->38560K(82944K)
[210.572s][info][gc,heap        ] GC(738) ParOldGen: 459195K(667648K)->459195K(667648K)
[210.572s][info][gc,metaspace   ] GC(738) Metaspace: 18602K(18752K)->18602K(18752K) NonClass: 15944K(16000K)->15944K(16000K) Class: 2658K(2752K)->2658K(2752K)
[210.572s][info][gc             ] GC(738) Pause Young (Allocation Failure) 622M->486M(875M) 37.218ms
[210.572s][info][gc,cpu         ] GC(738) User=0.07s Sys=0.00s Real=0.03s
[210.799s][info][gc,start       ] GC(739) Pause Young (Allocation Failure)
[210.839s][info][gc,heap        ] GC(739) PSYoungGen: 183968K(228352K)->40928K(243712K) Eden: 145408K(145408K)->0K(160768K) From: 38560K(82944K)->40928K(82944K)
[210.839s][info][gc,heap        ] GC(739) ParOldGen: 459195K(667648K)->459195K(667648K)
[210.839s][info][gc,metaspace   ] GC(739) Metaspace: 18602K(18752K)->18602K(18752K) NonClass: 15944K(16000K)->15944K(16000K) Class: 2658K(2752K)->2658K(2752K)
[210.839s][info][gc             ] GC(739) Pause Young (Allocation Failure) 628M->488M(890M) 39.731ms
[210.839s][info][gc,cpu         ] GC(739) User=0.08s Sys=0.00s Real=0.04s
[211.154s][info][gc,start       ] GC(740) Pause Young (Allocation Failure)
[211.193s][info][gc,heap        ] GC(740) PSYoungGen: 201696K(243712K)->41056K(243712K) Eden: 160768K(160768K)->0K(160768K) From: 40928K(82944K)->41056K(82944K)
[211.193s][info][gc,heap        ] GC(740) ParOldGen: 459195K(667648K)->459195K(667648K)
[211.193s][info][gc,metaspace   ] GC(740) Metaspace: 18602K(18752K)->18602K(18752K) NonClass: 15944K(16000K)->15944K(16000K) Class: 2658K(2752K)->2658K(2752K)
[211.193s][info][gc             ] GC(740) Pause Young (Allocation Failure) 645M->488M(890M) 39.608ms
[211.194s][info][gc,cpu         ] GC(740) User=0.07s Sys=0.00s Real=0.04s
[211.455s][info][gc,start       ] GC(741) Pause Young (Allocation Failure)
[211.496s][info][gc,heap        ] GC(741) PSYoungGen: 201824K(243712K)->29152K(241664K) Eden: 160768K(160768K)->0K(167936K) From: 41056K(82944K)->29152K(73728K)
[211.496s][info][gc,heap        ] GC(741) ParOldGen: 459195K(667648K)->471155K(667648K)
[211.496s][info][gc,metaspace   ] GC(741) Metaspace: 18602K(18752K)->18602K(18752K) NonClass: 15944K(16000K)->15944K(16000K) Class: 2658K(2752K)->2658K(2752K)
[211.496s][info][gc             ] GC(741) Pause Young (Allocation Failure) 645M->488M(888M) 40.315ms
[211.496s][info][gc,cpu         ] GC(741) User=0.08s Sys=0.00s Real=0.04s
[211.752s][info][gc,start       ] GC(742) Pause Young (Allocation Failure)
[211.793s][info][gc,heap        ] GC(742) PSYoungGen: 197088K(241664K)->27104K(246272K) Eden: 167936K(167936K)->0K(167936K) From: 29152K(73728K)->27104K(78336K)
[211.793s][info][gc,heap        ] GC(742) ParOldGen: 471155K(667648K)->486307K(667648K)
[211.793s][info][gc,metaspace   ] GC(742) Metaspace: 18602K(18752K)->18602K(18752K) NonClass: 15944K(16000K)->15944K(16000K) Class: 2658K(2752K)->2658K(2752K)
[211.793s][info][gc             ] GC(742) Pause Young (Allocation Failure) 652M->501M(892M) 40.952ms
[211.793s][info][gc,cpu         ] GC(742) User=0.08s Sys=0.00s Real=0.04s
[211.990s][info][gc,start       ] GC(743) Pause Young (Allocation Failure)
[212.020s][info][gc,heap        ] GC(743) PSYoungGen: 195040K(246272K)->26688K(246784K) Eden: 167936K(167936K)->0K(182272K) From: 27104K(78336K)->26688K(64512K)
[212.020s][info][gc,heap        ] GC(743) ParOldGen: 486307K(667648K)->490291K(667648K)
[212.020s][info][gc,metaspace   ] GC(743) Metaspace: 18602K(18752K)->18602K(18752K) NonClass: 15944K(16000K)->15944K(16000K) Class: 2658K(2752K)->2658K(2752K)
[212.020s][info][gc             ] GC(743) Pause Young (Allocation Failure) 665M->504M(893M) 29.277ms
[212.020s][info][gc,cpu         ] GC(743) User=0.06s Sys=0.00s Real=0.03s
[212.179s][info][gc,start       ] GC(744) Pause Young (Allocation Failure)
[212.241s][info][gc,heap        ] GC(744) PSYoungGen: 208960K(246784K)->68592K(250880K) Eden: 182272K(182272K)->0K(182272K) From: 26688K(64512K)->68592K(68608K)
[212.241s][info][gc,heap        ] GC(744) ParOldGen: 490291K(667648K)->498543K(667648K)
[212.241s][info][gc,metaspace   ] GC(744) Metaspace: 18613K(18816K)->18613K(18816K) NonClass: 15955K(16064K)->15955K(16064K) Class: 2658K(2752K)->2658K(2752K)
[212.241s][info][gc             ] GC(744) Pause Young (Allocation Failure) 682M->553M(897M) 61.767ms
[212.241s][info][gc,cpu         ] GC(744) User=0.12s Sys=0.00s Real=0.06s
[212.509s][info][gc,start       ] GC(745) Pause Young (Allocation Failure)
[212.596s][info][gc,heap        ] GC(745) PSYoungGen: 250864K(250880K)->74304K(229376K) Eden: 182272K(182272K)->0K(146432K) From: 68592K(68608K)->74304K(82944K)
[212.596s][info][gc,heap        ] GC(745) ParOldGen: 498543K(667648K)->506071K(667648K)
[212.596s][info][gc,metaspace   ] GC(745) Metaspace: 18613K(18816K)->18613K(18816K) NonClass: 15955K(16064K)->15955K(16064K) Class: 2658K(2752K)->2658K(2752K)
[212.596s][info][gc             ] GC(745) Pause Young (Allocation Failure) 731M->566M(876M) 86.625ms
[212.596s][info][gc,cpu         ] GC(745) User=0.16s Sys=0.02s Real=0.09s
[212.792s][info][gc,start       ] GC(746) Pause Young (Allocation Failure)
[212.863s][info][gc,heap        ] GC(746) PSYoungGen: 220736K(229376K)->71808K(218624K) Eden: 146432K(146432K)->0K(146432K) From: 74304K(82944K)->71808K(72192K)
[212.863s][info][gc,heap        ] GC(746) ParOldGen: 506071K(667648K)->508605K(667648K)
[212.863s][info][gc,metaspace   ] GC(746) Metaspace: 18613K(18816K)->18613K(18816K) NonClass: 15955K(16064K)->15955K(16064K) Class: 2658K(2752K)->2658K(2752K)
[212.863s][info][gc             ] GC(746) Pause Young (Allocation Failure) 709M->566M(865M) 70.647ms
[212.863s][info][gc,cpu         ] GC(746) User=0.14s Sys=0.00s Real=0.07s
[213.061s][info][gc,start       ] GC(747) Pause Young (Allocation Failure)
[213.129s][info][gc,heap        ] GC(747) PSYoungGen: 218240K(218624K)->58720K(230912K) Eden: 146432K(146432K)->0K(130048K) From: 71808K(72192K)->58720K(100864K)
[213.129s][info][gc,heap        ] GC(747) ParOldGen: 508605K(667648K)->521725K(667648K)
[213.130s][info][gc,metaspace   ] GC(747) Metaspace: 18613K(18816K)->18613K(18816K) NonClass: 15955K(16064K)->15955K(16064K) Class: 2658K(2752K)->2658K(2752K)
[213.130s][info][gc             ] GC(747) Pause Young (Allocation Failure) 709M->566M(877M) 68.637ms
[213.130s][info][gc,cpu         ] GC(747) User=0.13s Sys=0.00s Real=0.07s
[213.307s][info][gc,start       ] GC(748) Pause Young (Allocation Failure)
[213.359s][info][gc,heap        ] GC(748) PSYoungGen: 188768K(230912K)->13248K(231936K) Eden: 130048K(130048K)->0K(130048K) From: 58720K(100864K)->13248K(101888K)
[213.359s][info][gc,heap        ] GC(748) ParOldGen: 521725K(667648K)->567712K(667648K)
[213.359s][info][gc,metaspace   ] GC(748) Metaspace: 18613K(18816K)->18613K(18816K) NonClass: 15955K(16064K)->15955K(16064K) Class: 2658K(2752K)->2658K(2752K)
[213.359s][info][gc             ] GC(748) Pause Young (Allocation Failure) 693M->567M(878M) 52.168ms
[213.359s][info][gc,cpu         ] GC(748) User=0.11s Sys=0.00s Real=0.05s
[213.534s][info][gc,start       ] GC(749) Pause Young (Allocation Failure)
[213.555s][info][gc,heap        ] GC(749) PSYoungGen: 143296K(231936K)->32K(231424K) Eden: 130048K(130048K)->0K(130560K) From: 13248K(101888K)->32K(100864K)
[213.556s][info][gc,heap        ] GC(749) ParOldGen: 567712K(667648K)->580940K(667648K)
[213.556s][info][gc,metaspace   ] GC(749) Metaspace: 18613K(18816K)->18613K(18816K) NonClass: 15955K(16064K)->15955K(16064K) Class: 2658K(2752K)->2658K(2752K)
[213.556s][info][gc             ] GC(749) Pause Young (Allocation Failure) 694M->567M(878M) 21.335ms
[213.556s][info][gc,cpu         ] GC(749) User=0.04s Sys=0.00s Real=0.02s
[213.730s][info][gc,start       ] GC(750) Pause Young (Allocation Failure)
[213.732s][info][gc,heap        ] GC(750) PSYoungGen: 130592K(231424K)->64K(231936K) Eden: 130560K(130560K)->0K(130560K) From: 32K(100864K)->64K(101376K)
[213.732s][info][gc,heap        ] GC(750) ParOldGen: 580940K(667648K)->580940K(667648K)
[213.732s][info][gc,metaspace   ] GC(750) Metaspace: 18613K(18816K)->18613K(18816K) NonClass: 15955K(16064K)->15955K(16064K) Class: 2658K(2752K)->2658K(2752K)
[213.732s][info][gc             ] GC(750) Pause Young (Allocation Failure) 694M->567M(878M) 1.821ms
[213.732s][info][gc,cpu         ] GC(750) User=0.00s Sys=0.00s Real=0.00s
[213.899s][info][gc,start       ] GC(751) Pause Young (Allocation Failure)
[213.901s][info][gc,heap        ] GC(751) PSYoungGen: 130624K(231936K)->64K(229888K) Eden: 130560K(130560K)->0K(132096K) From: 64K(101376K)->64K(97792K)
[213.901s][info][gc,heap        ] GC(751) ParOldGen: 580940K(667648K)->580940K(667648K)
[213.901s][info][gc,metaspace   ] GC(751) Metaspace: 18613K(18816K)->18613K(18816K) NonClass: 15955K(16064K)->15955K(16064K) Class: 2658K(2752K)->2658K(2752K)
[213.901s][info][gc             ] GC(751) Pause Young (Allocation Failure) 694M->567M(876M) 1.867ms
[213.901s][info][gc,cpu         ] GC(751) User=0.00s Sys=0.00s Real=0.00s
[214.039s][info][gc,start       ] GC(752) Pause Young (Allocation Failure)
[214.057s][info][gc,heap        ] GC(752) PSYoungGen: 132160K(229888K)->14752K(230912K) Eden: 132096K(132096K)->0K(132096K) From: 64K(97792K)->14752K(98816K)
[214.057s][info][gc,heap        ] GC(752) ParOldGen: 580940K(667648K)->580940K(667648K)
[214.057s][info][gc,metaspace   ] GC(752) Metaspace: 18614K(18816K)->18614K(18816K) NonClass: 15956K(16064K)->15956K(16064K) Class: 2658K(2752K)->2658K(2752K)
[214.057s][info][gc             ] GC(752) Pause Young (Allocation Failure) 696M->581M(877M) 17.553ms
[214.057s][info][gc,cpu         ] GC(752) User=0.03s Sys=0.00s Real=0.02s
[214.173s][info][gc,start       ] GC(753) Pause Young (Allocation Failure)
[214.200s][info][gc,heap        ] GC(753) PSYoungGen: 146848K(230912K)->25856K(226304K) Eden: 132096K(132096K)->0K(140800K) From: 14752K(98816K)->25856K(85504K)
[214.200s][info][gc,heap        ] GC(753) ParOldGen: 580940K(667648K)->580940K(667648K)
[214.200s][info][gc,metaspace   ] GC(753) Metaspace: 18615K(18816K)->18615K(18816K) NonClass: 15957K(16064K)->15957K(16064K) Class: 2658K(2752K)->2658K(2752K)
[214.200s][info][gc             ] GC(753) Pause Young (Allocation Failure) 710M->592M(873M) 27.059ms
[214.200s][info][gc,cpu         ] GC(753) User=0.05s Sys=0.00s Real=0.03s
[214.322s][info][gc,start       ] GC(754) Pause Young (Allocation Failure)
[214.349s][info][gc,heap        ] GC(754) PSYoungGen: 166656K(226304K)->26944K(228864K) Eden: 140800K(140800K)->0K(140800K) From: 25856K(85504K)->26944K(88064K)
[214.349s][info][gc,heap        ] GC(754) ParOldGen: 580940K(667648K)->580940K(667648K)
[214.349s][info][gc,metaspace   ] GC(754) Metaspace: 18615K(18816K)->18615K(18816K) NonClass: 15957K(16064K)->15957K(16064K) Class: 2658K(2752K)->2658K(2752K)
[214.349s][info][gc             ] GC(754) Pause Young (Allocation Failure) 730M->593M(875M) 26.966ms
[214.349s][info][gc,cpu         ] GC(754) User=0.05s Sys=0.00s Real=0.03s
[214.477s][info][gc,start       ] GC(755) Pause Young (Allocation Failure)
[214.507s][info][gc,heap        ] GC(755) PSYoungGen: 167744K(228864K)->29632K(228352K) Eden: 140800K(140800K)->0K(155136K) From: 26944K(88064K)->29632K(73216K)
[214.507s][info][gc,heap        ] GC(755) ParOldGen: 580940K(667648K)->580940K(667648K)
[214.507s][info][gc,metaspace   ] GC(755) Metaspace: 18617K(18816K)->18617K(18816K) NonClass: 15959K(16064K)->15959K(16064K) Class: 2658K(2752K)->2658K(2752K)
[214.507s][info][gc             ] GC(755) Pause Young (Allocation Failure) 731M->596M(875M) 29.810ms
[214.507s][info][gc,cpu         ] GC(755) User=0.06s Sys=0.00s Real=0.03s
[214.694s][info][gc,start       ] GC(756) Pause Young (Allocation Failure)
[214.741s][info][gc,heap        ] GC(756) PSYoungGen: 184768K(228352K)->39520K(232448K) Eden: 155136K(155136K)->0K(155136K) From: 29632K(73216K)->39520K(77312K)
[214.741s][info][gc,heap        ] GC(756) ParOldGen: 580940K(667648K)->580940K(667648K)
[214.741s][info][gc,metaspace   ] GC(756) Metaspace: 18620K(18816K)->18620K(18816K) NonClass: 15962K(16064K)->15962K(16064K) Class: 2658K(2752K)->2658K(2752K)
[214.741s][info][gc             ] GC(756) Pause Young (Allocation Failure) 747M->605M(879M) 47.376ms
[214.741s][info][gc,cpu         ] GC(756) User=0.10s Sys=0.00s Real=0.04s
[214.956s][info][gc,start       ] GC(757) Pause Young (Allocation Failure)
[215.026s][info][gc,heap        ] GC(757) PSYoungGen: 194656K(232448K)->66496K(238592K) Eden: 155136K(155136K)->0K(161792K) From: 39520K(77312K)->66496K(76800K)
[215.026s][info][gc,heap        ] GC(757) ParOldGen: 580940K(667648K)->580940K(667648K)
[215.026s][info][gc,metaspace   ] GC(757) Metaspace: 18624K(18816K)->18624K(18816K) NonClass: 15966K(16064K)->15966K(16064K) Class: 2658K(2752K)->2658K(2752K)
[215.026s][info][gc             ] GC(757) Pause Young (Allocation Failure) 757M->632M(885M) 69.307ms
[215.026s][info][gc,cpu         ] GC(757) User=0.13s Sys=0.01s Real=0.07s
[215.194s][info][gc,start       ] GC(758) Pause Young (Allocation Failure)
[215.289s][info][gc,heap        ] GC(758) PSYoungGen: 228288K(238592K)->72416K(234496K) Eden: 161792K(161792K)->0K(161792K) From: 66496K(76800K)->72416K(72704K)
[215.289s][info][gc,heap        ] GC(758) ParOldGen: 580940K(667648K)->606796K(667648K)
[215.289s][info][gc,metaspace   ] GC(758) Metaspace: 18627K(18816K)->18627K(18816K) NonClass: 15969K(16064K)->15969K(16064K) Class: 2658K(2752K)->2658K(2752K)
[215.289s][info][gc             ] GC(758) Pause Young (Allocation Failure) 790M->663M(881M) 94.400ms
[215.289s][info][gc,cpu         ] GC(758) User=0.19s Sys=0.00s Real=0.09s
[215.477s][info][gc,start       ] GC(759) Pause Young (Allocation Failure)
[215.565s][info][gc,heap        ] GC(759) PSYoungGen: 234208K(234496K)->83456K(215552K) Eden: 161792K(161792K)->0K(119808K) From: 72416K(72704K)->83456K(95744K)
[215.565s][info][gc,heap        ] GC(759) ParOldGen: 606796K(667648K)->610596K(667648K)
[215.565s][info][gc,metaspace   ] GC(759) Metaspace: 18644K(18816K)->18644K(18816K) NonClass: 15986K(16064K)->15986K(16064K) Class: 2658K(2752K)->2658K(2752K)
[215.565s][info][gc             ] GC(759) Pause Young (Allocation Failure) 821M->677M(862M) 87.717ms
[215.565s][info][gc,cpu         ] GC(759) User=0.17s Sys=0.01s Real=0.09s
[215.655s][info][gc,start       ] GC(760) Pause Young (Allocation Failure)
[215.737s][info][gc,heap        ] GC(760) PSYoungGen: 203264K(215552K)->50176K(226816K) Eden: 119808K(119808K)->0K(119808K) From: 83456K(95744K)->50176K(107008K)
[215.737s][info][gc,heap        ] GC(760) ParOldGen: 610596K(667648K)->647532K(667648K)
[215.737s][info][gc,metaspace   ] GC(760) Metaspace: 18660K(18816K)->18660K(18816K) NonClass: 16002K(16064K)->16002K(16064K) Class: 2658K(2752K)->2658K(2752K)
[215.737s][info][gc             ] GC(760) Pause Young (Allocation Failure) 794M->681M(873M) 82.464ms
[215.737s][info][gc,cpu         ] GC(760) User=0.17s Sys=0.00s Real=0.08s
[215.878s][info][gc,start       ] GC(761) Pause Full (Allocation Failure)
[215.878s][info][gc,phases,start] GC(761) Marking Phase
[216.268s][info][gc,phases      ] GC(761) Marking Phase 390.089ms
[216.268s][info][gc,phases,start] GC(761) Summary Phase
[216.268s][info][gc,phases      ] GC(761) Summary Phase 0.035ms
[216.268s][info][gc,phases,start] GC(761) Forward
[216.344s][info][gc,phases      ] GC(761) Forward 75.829ms
[216.344s][info][gc,phases,start] GC(761) Adjust Pointers
[216.637s][info][gc,phases      ] GC(761) Adjust Pointers 292.907ms
[216.637s][info][gc,phases,start] GC(761) Compaction Phase
[216.787s][info][gc,phases      ] GC(761) Compaction Phase 150.155ms
[216.791s][info][gc,phases,start] GC(761) Post Compact
[216.794s][info][gc,phases      ] GC(761) Post Compact 2.359ms
[216.794s][info][gc,heap        ] GC(761) PSYoungGen: 169984K(226816K)->0K(223744K) Eden: 119808K(119808K)->0K(122880K) From: 50176K(107008K)->0K(100864K)
[216.794s][info][gc,heap        ] GC(761) ParOldGen: 647532K(667648K)->569937K(667648K)
[216.794s][info][gc,metaspace   ] GC(761) Metaspace: 18660K(18816K)->18660K(18816K) NonClass: 16002K(16064K)->16002K(16064K) Class: 2658K(2752K)->2658K(2752K)
[216.794s][info][gc             ] GC(761) Pause Full (Allocation Failure) 798M->556M(870M) 916.078ms
[216.794s][info][gc,cpu         ] GC(761) User=1.77s Sys=0.00s Real=0.92s
[216.922s][info][gc,start       ] GC(762) Pause Young (Allocation Failure)
[216.931s][info][gc,heap        ] GC(762) PSYoungGen: 122880K(223744K)->1408K(226816K) Eden: 122880K(122880K)->0K(122880K) From: 0K(100864K)->1408K(103936K)
[216.931s][info][gc,heap        ] GC(762) ParOldGen: 569937K(667648K)->569937K(667648K)
[216.931s][info][gc,metaspace   ] GC(762) Metaspace: 18661K(18816K)->18661K(18816K) NonClass: 16003K(16064K)->16003K(16064K) Class: 2658K(2752K)->2658K(2752K)
[216.931s][info][gc             ] GC(762) Pause Young (Allocation Failure) 676M->557M(873M) 8.620ms
[216.931s][info][gc,cpu         ] GC(762) User=0.01s Sys=0.00s Real=0.01s
[217.055s][info][gc,start       ] GC(763) Pause Young (Allocation Failure)
[217.079s][info][gc,heap        ] GC(763) PSYoungGen: 124288K(226816K)->18400K(224256K) Eden: 122880K(122880K)->0K(125440K) From: 1408K(103936K)->18400K(98816K)
[217.079s][info][gc,heap        ] GC(763) ParOldGen: 569937K(667648K)->571337K(667648K)
[217.079s][info][gc,metaspace   ] GC(763) Metaspace: 18662K(18816K)->18662K(18816K) NonClass: 16004K(16064K)->16004K(16064K) Class: 2658K(2752K)->2658K(2752K)
[217.079s][info][gc             ] GC(763) Pause Young (Allocation Failure) 677M->575M(871M) 24.041ms
[217.079s][info][gc,cpu         ] GC(763) User=0.04s Sys=0.00s Real=0.02s
[217.131s][info][gc,start       ] GC(764) Pause Young (Allocation Failure)
[217.173s][info][gc,heap        ] GC(764) PSYoungGen: 143840K(224256K)->33088K(226816K) Eden: 125440K(125440K)->0K(125440K) From: 18400K(98816K)->33088K(101376K)
[217.174s][info][gc,heap        ] GC(764) ParOldGen: 571337K(667648K)->589804K(667648K)
[217.174s][info][gc,metaspace   ] GC(764) Metaspace: 18664K(18816K)->18664K(18816K) NonClass: 16005K(16064K)->16005K(16064K) Class: 2658K(2752K)->2658K(2752K)
[217.174s][info][gc             ] GC(764) Pause Young (Allocation Failure) 698M->608M(873M) 42.929ms
[217.174s][info][gc,cpu         ] GC(764) User=0.08s Sys=0.00s Real=0.05s
[217.270s][info][gc,start       ] GC(765) Pause Young (Allocation Failure)
[217.312s][info][gc,heap        ] GC(765) PSYoungGen: 158528K(226816K)->29056K(226816K) Eden: 125440K(125440K)->0K(137216K) From: 33088K(101376K)->29056K(89600K)
[217.312s][info][gc,heap        ] GC(765) ParOldGen: 589804K(667648K)->623252K(667648K)
[217.312s][info][gc,metaspace   ] GC(765) Metaspace: 18664K(18816K)->18664K(18816K) NonClass: 16005K(16064K)->16005K(16064K) Class: 2658K(2752K)->2658K(2752K)
[217.312s][info][gc             ] GC(765) Pause Young (Allocation Failure) 730M->637M(873M) 42.000ms
[217.312s][info][gc,cpu         ] GC(765) User=0.08s Sys=0.00s Real=0.04s
[217.443s][info][gc,start       ] GC(766) Pause Full (Allocation Failure)
[217.443s][info][gc,phases,start] GC(766) Marking Phase
[217.893s][info][gc,phases      ] GC(766) Marking Phase 449.242ms
[217.893s][info][gc,phases,start] GC(766) Summary Phase
[217.893s][info][gc,phases      ] GC(766) Summary Phase 0.025ms
[217.893s][info][gc,phases,start] GC(766) Forward
[217.905s][info][gc,phases      ] GC(766) Forward 11.880ms
[217.905s][info][gc,phases,start] GC(766) Adjust Pointers
[218.213s][info][gc,phases      ] GC(766) Adjust Pointers 308.856ms
[218.214s][info][gc,phases,start] GC(766) Compaction Phase
[218.345s][info][gc,phases      ] GC(766) Compaction Phase 131.888ms
[218.345s][info][gc,phases,start] GC(766) Post Compact
[218.348s][info][gc,phases      ] GC(766) Post Compact 2.228ms
[218.348s][info][gc,heap        ] GC(766) PSYoungGen: 166272K(226816K)->0K(227840K) Eden: 137216K(137216K)->0K(137216K) From: 29056K(89600K)->0K(90624K)
[218.348s][info][gc,heap        ] GC(766) ParOldGen: 623252K(667648K)->651872K(667648K)
[218.348s][info][gc,metaspace   ] GC(766) Metaspace: 18664K(18816K)->18664K(18816K) NonClass: 16005K(16064K)->16005K(16064K) Class: 2658K(2752K)->2658K(2752K)
[218.348s][info][gc             ] GC(766) Pause Full (Allocation Failure) 771M->636M(874M) 904.581ms
[218.348s][info][gc,cpu         ] GC(766) User=1.78s Sys=0.01s Real=0.90s
[218.471s][info][gc,start       ] GC(767) Pause Full (Allocation Failure)
[218.471s][info][gc,phases,start] GC(767) Marking Phase
[218.935s][info][gc,phases      ] GC(767) Marking Phase 463.126ms
[218.935s][info][gc,phases,start] GC(767) Summary Phase
[218.935s][info][gc,phases      ] GC(767) Summary Phase 0.025ms
[218.935s][info][gc,phases,start] GC(767) Forward
[218.948s][info][gc,phases      ] GC(767) Forward 13.791ms
[218.948s][info][gc,phases,start] GC(767) Adjust Pointers
[219.264s][info][gc,phases      ] GC(767) Adjust Pointers 315.772ms
[219.264s][info][gc,phases,start] GC(767) Compaction Phase
[219.402s][info][gc,phases      ] GC(767) Compaction Phase 137.588ms
[219.402s][info][gc,phases,start] GC(767) Post Compact
[219.404s][info][gc,phases      ] GC(767) Post Compact 2.297ms
[219.404s][info][gc,heap        ] GC(767) PSYoungGen: 137216K(227840K)->0K(235520K) Eden: 137216K(137216K)->0K(148480K) From: 0K(90624K)->0K(87040K)
[219.404s][info][gc,heap        ] GC(767) ParOldGen: 651872K(667648K)->666937K(667648K)
[219.404s][info][gc,metaspace   ] GC(767) Metaspace: 18664K(18816K)->18664K(18816K) NonClass: 16005K(16064K)->16005K(16064K) Class: 2658K(2752K)->2658K(2752K)
[219.405s][info][gc             ] GC(767) Pause Full (Allocation Failure) 770M->651M(882M) 933.137ms
[219.405s][info][gc,cpu         ] GC(767) User=1.83s Sys=0.00s Real=0.94s
[219.631s][info][gc,start       ] GC(768) Pause Full (Allocation Failure)
[219.631s][info][gc,phases,start] GC(768) Marking Phase
[220.097s][info][gc,phases      ] GC(768) Marking Phase 465.097ms
[220.097s][info][gc,phases,start] GC(768) Summary Phase
[220.097s][info][gc,phases      ] GC(768) Summary Phase 0.025ms
[220.097s][info][gc,phases,start] GC(768) Forward
[220.108s][info][gc,phases      ] GC(768) Forward 11.526ms
[220.108s][info][gc,phases,start] GC(768) Adjust Pointers
[220.426s][info][gc,phases      ] GC(768) Adjust Pointers 317.497ms
[220.426s][info][gc,phases,start] GC(768) Compaction Phase
[220.563s][info][gc,phases      ] GC(768) Compaction Phase 137.249ms
[220.563s][info][gc,phases,start] GC(768) Post Compact
[220.565s][info][gc,phases      ] GC(768) Post Compact 2.325ms
[220.566s][info][gc,heap        ] GC(768) PSYoungGen: 148480K(235520K)->849K(239104K) Eden: 148480K(148480K)->849K(148480K) From: 0K(87040K)->0K(90624K)
[220.566s][info][gc,heap        ] GC(768) ParOldGen: 666937K(667648K)->667647K(667648K)
[220.566s][info][gc,metaspace   ] GC(768) Metaspace: 18664K(18816K)->18664K(18816K) NonClass: 16005K(16064K)->16005K(16064K) Class: 2658K(2752K)->2658K(2752K)
[220.566s][info][gc             ] GC(768) Pause Full (Allocation Failure) 796M->652M(885M) 934.163ms
[220.566s][info][gc,cpu         ] GC(768) User=1.83s Sys=0.00s Real=0.94s
[220.713s][info][gc,start       ] GC(769) Pause Full (Allocation Failure)
[220.713s][info][gc,phases,start] GC(769) Marking Phase
[221.183s][info][gc,phases      ] GC(769) Marking Phase 470.314ms
[221.183s][info][gc,phases,start] GC(769) Summary Phase
[221.183s][info][gc,phases      ] GC(769) Summary Phase 0.026ms
[221.183s][info][gc,phases,start] GC(769) Forward
[221.191s][info][gc,phases      ] GC(769) Forward 8.164ms
[221.191s][info][gc,phases,start] GC(769) Adjust Pointers
[221.510s][info][gc,phases      ] GC(769) Adjust Pointers 318.480ms
[221.510s][info][gc,phases,start] GC(769) Compaction Phase
[221.648s][info][gc,phases      ] GC(769) Compaction Phase 138.503ms
[221.648s][info][gc,phases,start] GC(769) Post Compact
[221.651s][info][gc,phases      ] GC(769) Post Compact 2.328ms
[221.651s][info][gc,heap        ] GC(769) PSYoungGen: 148480K(239104K)->8028K(235520K) Eden: 148480K(148480K)->8028K(148480K) From: 0K(90624K)->0K(87040K)
[221.651s][info][gc,heap        ] GC(769) ParOldGen: 667647K(667648K)->667647K(667648K)
[221.651s][info][gc,metaspace   ] GC(769) Metaspace: 18664K(18816K)->18664K(18816K) NonClass: 16005K(16064K)->16005K(16064K) Class: 2658K(2752K)->2658K(2752K)
[221.651s][info][gc             ] GC(769) Pause Full (Allocation Failure) 796M->659M(882M) 938.208ms
[221.651s][info][gc,cpu         ] GC(769) User=1.83s Sys=0.00s Real=0.94s
[221.771s][info][gc,start       ] GC(770) Pause Full (Allocation Failure)
[221.771s][info][gc,phases,start] GC(770) Marking Phase
[222.244s][info][gc,phases      ] GC(770) Marking Phase 473.715ms
[222.244s][info][gc,phases,start] GC(770) Summary Phase
[222.244s][info][gc,phases      ] GC(770) Summary Phase 0.028ms
[222.245s][info][gc,phases,start] GC(770) Forward
[222.255s][info][gc,phases      ] GC(770) Forward 10.570ms
[222.255s][info][gc,phases,start] GC(770) Adjust Pointers
[222.580s][info][gc,phases      ] GC(770) Adjust Pointers 324.612ms
[222.580s][info][gc,phases,start] GC(770) Compaction Phase
[222.718s][info][gc,phases      ] GC(770) Compaction Phase 137.889ms
[222.718s][info][gc,phases,start] GC(770) Post Compact
[222.720s][info][gc,phases      ] GC(770) Post Compact 2.311ms
[222.720s][info][gc,heap        ] GC(770) PSYoungGen: 148480K(235520K)->11080K(239104K) Eden: 148480K(148480K)->11080K(148480K) From: 0K(87040K)->0K(90624K)
[222.720s][info][gc,heap        ] GC(770) ParOldGen: 667647K(667648K)->667646K(667648K)
[222.720s][info][gc,metaspace   ] GC(770) Metaspace: 18664K(18816K)->18664K(18816K) NonClass: 16005K(16064K)->16005K(16064K) Class: 2658K(2752K)->2658K(2752K)
[222.720s][info][gc             ] GC(770) Pause Full (Allocation Failure) 796M->662M(885M) 949.518ms
[222.720s][info][gc,cpu         ] GC(770) User=1.86s Sys=0.00s Real=0.95s
[222.834s][info][gc,start       ] GC(771) Pause Full (Allocation Failure)
[222.834s][info][gc,phases,start] GC(771) Marking Phase
[223.314s][info][gc,phases      ] GC(771) Marking Phase 479.416ms
[223.314s][info][gc,phases,start] GC(771) Summary Phase
[223.314s][info][gc,phases      ] GC(771) Summary Phase 0.026ms
[223.314s][info][gc,phases,start] GC(771) Forward
[223.320s][info][gc,phases      ] GC(771) Forward 6.040ms
[223.320s][info][gc,phases,start] GC(771) Adjust Pointers
[223.641s][info][gc,phases      ] GC(771) Adjust Pointers 321.278ms
[223.641s][info][gc,phases,start] GC(771) Compaction Phase
[223.782s][info][gc,phases      ] GC(771) Compaction Phase 141.131ms
[223.782s][info][gc,phases,start] GC(771) Post Compact
[223.785s][info][gc,phases      ] GC(771) Post Compact 2.314ms
[223.785s][info][gc,heap        ] GC(771) PSYoungGen: 148480K(239104K)->12025K(235520K) Eden: 148480K(148480K)->12025K(148480K) From: 0K(90624K)->0K(87040K)
[223.785s][info][gc,heap        ] GC(771) ParOldGen: 667646K(667648K)->667646K(667648K)
[223.785s][info][gc,metaspace   ] GC(771) Metaspace: 18664K(18816K)->18664K(18816K) NonClass: 16005K(16064K)->16005K(16064K) Class: 2658K(2752K)->2658K(2752K)
[223.785s][info][gc             ] GC(771) Pause Full (Allocation Failure) 796M->663M(882M) 950.582ms
[223.785s][info][gc,cpu         ] GC(771) User=1.86s Sys=0.01s Real=0.95s
[224.067s][info][gc,start       ] GC(772) Pause Full (Allocation Failure)
[224.067s][info][gc,phases,start] GC(772) Marking Phase
[224.560s][info][gc,phases      ] GC(772) Marking Phase 492.811ms
[224.560s][info][gc,phases,start] GC(772) Summary Phase
[224.560s][info][gc,phases      ] GC(772) Summary Phase 0.027ms
[224.560s][info][gc,phases,start] GC(772) Forward
[224.585s][info][gc,phases      ] GC(772) Forward 24.923ms
[224.585s][info][gc,phases,start] GC(772) Adjust Pointers
[224.927s][info][gc,phases      ] GC(772) Adjust Pointers 341.872ms
[224.927s][info][gc,phases,start] GC(772) Compaction Phase
[225.072s][info][gc,phases      ] GC(772) Compaction Phase 144.773ms
[225.075s][info][gc,phases,start] GC(772) Post Compact
[225.077s][info][gc,phases      ] GC(772) Post Compact 2.320ms
[225.077s][info][gc,heap        ] GC(772) PSYoungGen: 148480K(235520K)->27232K(239104K) Eden: 148480K(148480K)->27232K(148480K) From: 0K(87040K)->0K(90624K)
[225.077s][info][gc,heap        ] GC(772) ParOldGen: 667646K(667648K)->667565K(667648K)
[225.077s][info][gc,metaspace   ] GC(772) Metaspace: 18664K(18816K)->18664K(18816K) NonClass: 16005K(16064K)->16005K(16064K) Class: 2658K(2752K)->2658K(2752K)
[225.077s][info][gc             ] GC(772) Pause Full (Allocation Failure) 796M->678M(885M) 1010.239ms
[225.077s][info][gc,cpu         ] GC(772) User=1.98s Sys=0.00s Real=1.01s
[225.281s][info][gc,start       ] GC(773) Pause Full (Allocation Failure)
[225.281s][info][gc,phases,start] GC(773) Marking Phase
[225.797s][info][gc,phases      ] GC(773) Marking Phase 516.206ms
[225.797s][info][gc,phases,start] GC(773) Summary Phase
[225.797s][info][gc,phases      ] GC(773) Summary Phase 0.027ms
[225.797s][info][gc,phases,start] GC(773) Forward
[225.957s][info][gc,phases      ] GC(773) Forward 159.770ms
[225.957s][info][gc,phases,start] GC(773) Adjust Pointers
[226.369s][info][gc,phases      ] GC(773) Adjust Pointers 412.183ms
[226.369s][info][gc,phases,start] GC(773) Compaction Phase
[226.654s][info][gc,phases      ] GC(773) Compaction Phase 284.444ms
[226.669s][info][gc,phases,start] GC(773) Post Compact
[226.672s][info][gc,phases      ] GC(773) Post Compact 2.367ms
[226.672s][info][gc,heap        ] GC(773) PSYoungGen: 148480K(239104K)->17635K(235520K) Eden: 148480K(148480K)->17635K(148480K) From: 0K(90624K)->0K(87040K)
[226.672s][info][gc,heap        ] GC(773) ParOldGen: 667565K(667648K)->667471K(667648K)
[226.672s][info][gc,metaspace   ] GC(773) Metaspace: 18664K(18816K)->18664K(18816K) NonClass: 16005K(16064K)->16005K(16064K) Class: 2658K(2752K)->2658K(2752K)
[226.672s][info][gc             ] GC(773) Pause Full (Allocation Failure) 796M->669M(882M) 1391.007ms
[226.672s][info][gc,cpu         ] GC(773) User=2.72s Sys=0.00s Real=1.39s
[226.828s][info][gc,start       ] GC(774) Pause Full (Allocation Failure)
[226.828s][info][gc,phases,start] GC(774) Marking Phase
[227.376s][info][gc,phases      ] GC(774) Marking Phase 548.096ms
[227.376s][info][gc,phases,start] GC(774) Summary Phase
[227.376s][info][gc,phases      ] GC(774) Summary Phase 0.026ms
[227.376s][info][gc,phases,start] GC(774) Forward
[227.401s][info][gc,phases      ] GC(774) Forward 24.272ms
[227.401s][info][gc,phases,start] GC(774) Adjust Pointers
[227.768s][info][gc,phases      ] GC(774) Adjust Pointers 367.185ms
[227.768s][info][gc,phases,start] GC(774) Compaction Phase
[227.926s][info][gc,phases      ] GC(774) Compaction Phase 157.542ms
[227.926s][info][gc,phases,start] GC(774) Post Compact
[227.928s][info][gc,phases      ] GC(774) Post Compact 2.308ms
[227.928s][info][gc,heap        ] GC(774) PSYoungGen: 148480K(235520K)->29063K(239104K) Eden: 148480K(148480K)->29063K(148480K) From: 0K(87040K)->0K(90624K)
[227.928s][info][gc,heap        ] GC(774) ParOldGen: 667471K(667648K)->667471K(667648K)
[227.928s][info][gc,metaspace   ] GC(774) Metaspace: 18668K(18816K)->18668K(18816K) NonClass: 16010K(16064K)->16010K(16064K) Class: 2658K(2752K)->2658K(2752K)
[227.928s][info][gc             ] GC(774) Pause Full (Allocation Failure) 796M->680M(885M) 1099.882ms
[227.928s][info][gc,cpu         ] GC(774) User=2.14s Sys=0.00s Real=1.10s
[228.059s][info][gc,start       ] GC(775) Pause Full (Allocation Failure)
[228.059s][info][gc,phases,start] GC(775) Marking Phase
[228.604s][info][gc,phases      ] GC(775) Marking Phase 544.583ms
[228.604s][info][gc,phases,start] GC(775) Summary Phase
[228.604s][info][gc,phases      ] GC(775) Summary Phase 0.023ms
[228.604s][info][gc,phases,start] GC(775) Forward
[228.619s][info][gc,phases      ] GC(775) Forward 15.445ms
[228.619s][info][gc,phases,start] GC(775) Adjust Pointers
[228.979s][info][gc,phases      ] GC(775) Adjust Pointers 359.242ms
[228.979s][info][gc,phases,start] GC(775) Compaction Phase
[229.130s][info][gc,phases      ] GC(775) Compaction Phase 150.777ms
[229.130s][info][gc,phases,start] GC(775) Post Compact
[229.132s][info][gc,phases      ] GC(775) Post Compact 2.296ms
[229.132s][info][gc,heap        ] GC(775) PSYoungGen: 148480K(239104K)->31772K(235520K) Eden: 148480K(148480K)->31772K(148480K) From: 0K(90624K)->0K(87040K)
[229.132s][info][gc,heap        ] GC(775) ParOldGen: 667471K(667648K)->667471K(667648K)
[229.132s][info][gc,metaspace   ] GC(775) Metaspace: 18668K(18816K)->18668K(18816K) NonClass: 16010K(16064K)->16010K(16064K) Class: 2658K(2752K)->2658K(2752K)
[229.132s][info][gc             ] GC(775) Pause Full (Allocation Failure) 796M->682M(882M) 1072.782ms
[229.132s][info][gc,cpu         ] GC(775) User=2.10s Sys=0.00s Real=1.07s
[229.286s][info][gc,start       ] GC(776) Pause Full (Allocation Failure)
[229.286s][info][gc,phases,start] GC(776) Marking Phase
[229.817s][info][gc,phases      ] GC(776) Marking Phase 530.404ms
[229.817s][info][gc,phases,start] GC(776) Summary Phase
[229.817s][info][gc,phases      ] GC(776) Summary Phase 0.023ms
[229.817s][info][gc,phases,start] GC(776) Forward
[229.842s][info][gc,phases      ] GC(776) Forward 25.034ms
[229.842s][info][gc,phases,start] GC(776) Adjust Pointers
[230.203s][info][gc,phases      ] GC(776) Adjust Pointers 360.855ms
[230.203s][info][gc,phases,start] GC(776) Compaction Phase
[230.356s][info][gc,phases      ] GC(776) Compaction Phase 153.284ms
[230.356s][info][gc,phases,start] GC(776) Post Compact
[230.358s][info][gc,phases      ] GC(776) Post Compact 2.323ms
[230.359s][info][gc,heap        ] GC(776) PSYoungGen: 148480K(235520K)->34437K(239104K) Eden: 148480K(148480K)->34437K(148480K) From: 0K(87040K)->0K(90624K)
[230.359s][info][gc,heap        ] GC(776) ParOldGen: 667471K(667648K)->667422K(667648K)
[230.359s][info][gc,metaspace   ] GC(776) Metaspace: 18672K(18880K)->18672K(18880K) NonClass: 16014K(16128K)->16014K(16128K) Class: 2658K(2752K)->2658K(2752K)
[230.359s][info][gc             ] GC(776) Pause Full (Allocation Failure) 796M->685M(885M) 1072.357ms
[230.359s][info][gc,cpu         ] GC(776) User=2.09s Sys=0.01s Real=1.07s
[230.455s][info][gc,start       ] GC(777) Pause Full (Allocation Failure)
[230.455s][info][gc,phases,start] GC(777) Marking Phase
[230.981s][info][gc,phases      ] GC(777) Marking Phase 525.913ms
[230.981s][info][gc,phases,start] GC(777) Summary Phase
[230.981s][info][gc,phases      ] GC(777) Summary Phase 0.039ms
[230.981s][info][gc,phases,start] GC(777) Forward
[231.131s][info][gc,phases      ] GC(777) Forward 149.606ms
[231.131s][info][gc,phases,start] GC(777) Adjust Pointers
[231.532s][info][gc,phases      ] GC(777) Adjust Pointers 400.854ms
[231.532s][info][gc,phases,start] GC(777) Compaction Phase
[231.710s][info][gc,phases      ] GC(777) Compaction Phase 178.221ms
[231.728s][info][gc,phases,start] GC(777) Post Compact
[231.730s][info][gc,phases      ] GC(777) Post Compact 2.355ms
[231.730s][info][gc,heap        ] GC(777) PSYoungGen: 148480K(239104K)->34620K(235520K) Eden: 148480K(148480K)->34620K(148480K) From: 0K(90624K)->0K(87040K)
[231.730s][info][gc,heap        ] GC(777) ParOldGen: 667422K(667648K)->667422K(667648K)
[231.730s][info][gc,metaspace   ] GC(777) Metaspace: 18673K(18880K)->18673K(18880K) NonClass: 16015K(16128K)->16015K(16128K) Class: 2658K(2752K)->2658K(2752K)
[231.730s][info][gc             ] GC(777) Pause Full (Allocation Failure) 796M->685M(882M) 1274.918ms
[231.730s][info][gc,cpu         ] GC(777) User=2.49s Sys=0.00s Real=1.27s
[231.814s][info][gc,start       ] GC(778) Pause Full (Allocation Failure)
[231.814s][info][gc,phases,start] GC(778) Marking Phase
[232.334s][info][gc,phases      ] GC(778) Marking Phase 519.313ms
[232.334s][info][gc,phases,start] GC(778) Summary Phase
[232.334s][info][gc,phases      ] GC(778) Summary Phase 0.027ms
[232.334s][info][gc,phases,start] GC(778) Forward
[232.439s][info][gc,phases      ] GC(778) Forward 105.159ms
[232.439s][info][gc,phases,start] GC(778) Adjust Pointers
[232.821s][info][gc,phases      ] GC(778) Adjust Pointers 381.990ms
[232.821s][info][gc,phases,start] GC(778) Compaction Phase
[232.993s][info][gc,phases      ] GC(778) Compaction Phase 171.996ms
[233.001s][info][gc,phases,start] GC(778) Post Compact
[233.003s][info][gc,phases      ] GC(778) Post Compact 2.358ms
[233.003s][info][gc,heap        ] GC(778) PSYoungGen: 148480K(235520K)->34695K(239104K) Eden: 148480K(148480K)->34695K(148480K) From: 0K(87040K)->0K(90624K)
[233.003s][info][gc,heap        ] GC(778) ParOldGen: 667422K(667648K)->667422K(667648K)
[233.003s][info][gc,metaspace   ] GC(778) Metaspace: 18673K(18880K)->18673K(18880K) NonClass: 16015K(16128K)->16015K(16128K) Class: 2658K(2752K)->2658K(2752K)
[233.003s][info][gc             ] GC(778) Pause Full (Allocation Failure) 796M->685M(885M) 1188.784ms
[233.003s][info][gc,cpu         ] GC(778) User=2.32s Sys=0.00s Real=1.18s
[233.189s][info][gc,start       ] GC(779) Pause Full (Allocation Failure)
[233.189s][info][gc,phases,start] GC(779) Marking Phase
[233.713s][info][gc,phases      ] GC(779) Marking Phase 524.764ms
[233.713s][info][gc,phases,start] GC(779) Summary Phase
[233.713s][info][gc,phases      ] GC(779) Summary Phase 0.024ms
[233.713s][info][gc,phases,start] GC(779) Forward
[233.736s][info][gc,phases      ] GC(779) Forward 22.040ms
[233.736s][info][gc,phases,start] GC(779) Adjust Pointers
[234.092s][info][gc,phases      ] GC(779) Adjust Pointers 356.399ms
[234.092s][info][gc,phases,start] GC(779) Compaction Phase
[234.252s][info][gc,phases      ] GC(779) Compaction Phase 160.236ms
[234.252s][info][gc,phases,start] GC(779) Post Compact
[234.255s][info][gc,phases      ] GC(779) Post Compact 2.318ms
[234.255s][info][gc,heap        ] GC(779) PSYoungGen: 148480K(239104K)->42053K(235520K) Eden: 148480K(148480K)->42053K(148480K) From: 0K(90624K)->0K(87040K)
[234.255s][info][gc,heap        ] GC(779) ParOldGen: 667422K(667648K)->667422K(667648K)
[234.255s][info][gc,metaspace   ] GC(779) Metaspace: 18676K(18880K)->18676K(18880K) NonClass: 16017K(16128K)->16017K(16128K) Class: 2658K(2752K)->2658K(2752K)
[234.255s][info][gc             ] GC(779) Pause Full (Allocation Failure) 796M->692M(882M) 1066.212ms
[234.255s][info][gc,cpu         ] GC(779) User=2.08s Sys=0.01s Real=1.07s
[234.371s][info][gc,start       ] GC(780) Pause Full (Allocation Failure)
[234.371s][info][gc,phases,start] GC(780) Marking Phase
[234.903s][info][gc,phases      ] GC(780) Marking Phase 532.259ms
[234.903s][info][gc,phases,start] GC(780) Summary Phase
[234.903s][info][gc,phases      ] GC(780) Summary Phase 0.039ms
[234.903s][info][gc,phases,start] GC(780) Forward
[234.924s][info][gc,phases      ] GC(780) Forward 20.740ms
[234.924s][info][gc,phases,start] GC(780) Adjust Pointers
[235.282s][info][gc,phases      ] GC(780) Adjust Pointers 358.179ms
[235.282s][info][gc,phases,start] GC(780) Compaction Phase
[235.433s][info][gc,phases      ] GC(780) Compaction Phase 151.252ms
[235.433s][info][gc,phases,start] GC(780) Post Compact
[235.436s][info][gc,phases      ] GC(780) Post Compact 2.343ms
[235.436s][info][gc,heap        ] GC(780) PSYoungGen: 148480K(235520K)->42168K(239104K) Eden: 148480K(148480K)->42168K(148480K) From: 0K(87040K)->0K(90624K)
[235.436s][info][gc,heap        ] GC(780) ParOldGen: 667422K(667648K)->667422K(667648K)
[235.436s][info][gc,metaspace   ] GC(780) Metaspace: 18676K(18880K)->18676K(18880K) NonClass: 16017K(16128K)->16017K(16128K) Class: 2658K(2752K)->2658K(2752K)
[235.436s][info][gc             ] GC(780) Pause Full (Allocation Failure) 796M->692M(885M) 1065.212ms
[235.436s][info][gc,cpu         ] GC(780) User=2.07s Sys=0.00s Real=1.07s
[235.842s][info][gc,start       ] GC(781) Pause Full (Allocation Failure)
[235.842s][info][gc,phases,start] GC(781) Marking Phase
[236.366s][info][gc,phases      ] GC(781) Marking Phase 523.187ms
[236.366s][info][gc,phases,start] GC(781) Summary Phase
[236.366s][info][gc,phases      ] GC(781) Summary Phase 0.024ms
[236.366s][info][gc,phases,start] GC(781) Forward
[236.387s][info][gc,phases      ] GC(781) Forward 21.325ms
[236.387s][info][gc,phases,start] GC(781) Adjust Pointers
[236.738s][info][gc,phases      ] GC(781) Adjust Pointers 351.291ms
[236.738s][info][gc,phases,start] GC(781) Compaction Phase
[236.887s][info][gc,phases      ] GC(781) Compaction Phase 148.226ms
[236.887s][info][gc,phases,start] GC(781) Post Compact
[236.889s][info][gc,phases      ] GC(781) Post Compact 2.387ms
[236.889s][info][gc,heap        ] GC(781) PSYoungGen: 148480K(239104K)->42326K(235520K) Eden: 148480K(148480K)->42326K(148480K) From: 0K(90624K)->0K(87040K)
[236.889s][info][gc,heap        ] GC(781) ParOldGen: 667422K(667648K)->667422K(667648K)
[236.889s][info][gc,metaspace   ] GC(781) Metaspace: 18679K(18880K)->18679K(18880K) NonClass: 16021K(16128K)->16021K(16128K) Class: 2658K(2752K)->2658K(2752K)
[236.889s][info][gc             ] GC(781) Pause Full (Allocation Failure) 796M->693M(882M) 1046.830ms
[236.889s][info][gc,cpu         ] GC(781) User=2.04s Sys=0.00s Real=1.05s
[237.081s][info][gc,start       ] GC(782) Pause Full (Allocation Failure)
[237.081s][info][gc,phases,start] GC(782) Marking Phase
[237.608s][info][gc,phases      ] GC(782) Marking Phase 527.474ms
[237.608s][info][gc,phases,start] GC(782) Summary Phase
[237.608s][info][gc,phases      ] GC(782) Summary Phase 0.024ms
[237.608s][info][gc,phases,start] GC(782) Forward
[237.656s][info][gc,phases      ] GC(782) Forward 47.576ms
[237.656s][info][gc,phases,start] GC(782) Adjust Pointers
[238.023s][info][gc,phases      ] GC(782) Adjust Pointers 366.981ms
[238.023s][info][gc,phases,start] GC(782) Compaction Phase
[238.177s][info][gc,phases      ] GC(782) Compaction Phase 153.914ms
[238.181s][info][gc,phases,start] GC(782) Post Compact
[238.183s][info][gc,phases      ] GC(782) Post Compact 2.369ms
[238.183s][info][gc,heap        ] GC(782) PSYoungGen: 148480K(235520K)->42363K(239104K) Eden: 148480K(148480K)->42363K(148480K) From: 0K(87040K)->0K(90624K)
[238.183s][info][gc,heap        ] GC(782) ParOldGen: 667422K(667648K)->667422K(667648K)
[238.183s][info][gc,metaspace   ] GC(782) Metaspace: 18679K(18880K)->18679K(18880K) NonClass: 16021K(16128K)->16021K(16128K) Class: 2658K(2752K)->2658K(2752K)
[238.183s][info][gc             ] GC(782) Pause Full (Allocation Failure) 796M->693M(885M) 1102.148ms
[238.183s][info][gc,cpu         ] GC(782) User=2.14s Sys=0.00s Real=1.10s
[238.685s][info][gc,start       ] GC(783) Pause Full (Allocation Failure)
[238.685s][info][gc,phases,start] GC(783) Marking Phase
[239.098s][info][gc,phases      ] GC(783) Marking Phase 413.699ms
[239.098s][info][gc,phases,start] GC(783) Summary Phase
[239.098s][info][gc,phases      ] GC(783) Summary Phase 0.027ms
[239.098s][info][gc,phases,start] GC(783) Forward
[239.239s][info][gc,phases      ] GC(783) Forward 140.096ms
[239.239s][info][gc,phases,start] GC(783) Adjust Pointers
[239.552s][info][gc,phases      ] GC(783) Adjust Pointers 313.050ms
[239.552s][info][gc,phases,start] GC(783) Compaction Phase
[239.756s][info][gc,phases      ] GC(783) Compaction Phase 204.674ms
[239.768s][info][gc,phases,start] GC(783) Post Compact
[239.770s][info][gc,phases      ] GC(783) Post Compact 2.390ms
[239.770s][info][gc,heap        ] GC(783) PSYoungGen: 148480K(239104K)->0K(239104K) Eden: 148480K(148480K)->0K(152064K) From: 0K(90624K)->0K(87040K)
[239.770s][info][gc,heap        ] GC(783) ParOldGen: 667422K(667648K)->578936K(667648K)
[239.770s][info][gc,metaspace   ] GC(783) Metaspace: 18680K(18880K)->18680K(18880K) NonClass: 16022K(16128K)->16022K(16128K) Class: 2658K(2752K)->2658K(2752K)
[239.770s][info][gc             ] GC(783) Pause Full (Allocation Failure) 796M->565M(885M) 1085.771ms
[239.770s][info][gc,cpu         ] GC(783) User=2.08s Sys=0.00s Real=1.08s
[240.165s][info][gc,start       ] GC(784) Pause Young (Allocation Failure)
[240.187s][info][gc,heap        ] GC(784) PSYoungGen: 152064K(239104K)->21280K(242688K) Eden: 152064K(152064K)->0K(152064K) From: 0K(87040K)->21280K(90624K)
[240.187s][info][gc,heap        ] GC(784) ParOldGen: 578936K(667648K)->578936K(667648K)
[240.187s][info][gc,metaspace   ] GC(784) Metaspace: 18680K(18880K)->18680K(18880K) NonClass: 16022K(16128K)->16022K(16128K) Class: 2658K(2752K)->2658K(2752K)
[240.187s][info][gc             ] GC(784) Pause Young (Allocation Failure) 713M->586M(889M) 22.401ms
[240.187s][info][gc,cpu         ] GC(784) User=0.05s Sys=0.00s Real=0.02s
[240.455s][info][gc,start       ] GC(785) Pause Young (Allocation Failure)
[240.481s][info][gc,heap        ] GC(785) PSYoungGen: 173344K(242688K)->21280K(237056K) Eden: 152064K(152064K)->0K(156160K) From: 21280K(90624K)->21280K(80896K)
[240.481s][info][gc,heap        ] GC(785) ParOldGen: 578936K(667648K)->578936K(667648K)
[240.481s][info][gc,metaspace   ] GC(785) Metaspace: 18680K(18880K)->18680K(18880K) NonClass: 16022K(16128K)->16022K(16128K) Class: 2658K(2752K)->2658K(2752K)
[240.481s][info][gc             ] GC(785) Pause Young (Allocation Failure) 734M->586M(883M) 26.152ms
[240.481s][info][gc,cpu         ] GC(785) User=0.05s Sys=0.01s Real=0.02s
[240.824s][info][gc,start       ] GC(786) Pause Young (Allocation Failure)
[240.847s][info][gc,heap        ] GC(786) PSYoungGen: 177440K(237056K)->21560K(240128K) Eden: 156160K(156160K)->0K(156160K) From: 21280K(80896K)->21560K(83968K)
[240.847s][info][gc,heap        ] GC(786) ParOldGen: 578936K(667648K)->578936K(667648K)
[240.847s][info][gc,metaspace   ] GC(786) Metaspace: 18688K(18880K)->18688K(18880K) NonClass: 16030K(16128K)->16030K(16128K) Class: 2658K(2752K)->2658K(2752K)
[240.847s][info][gc             ] GC(786) Pause Young (Allocation Failure) 738M->586M(886M) 22.946ms
[240.847s][info][gc,cpu         ] GC(786) User=0.04s Sys=0.00s Real=0.02s
[241.572s][info][gc,start       ] GC(787) Pause Young (Allocation Failure)
[241.597s][info][gc,heap        ] GC(787) PSYoungGen: 177720K(240128K)->24037K(232960K) Eden: 156160K(156160K)->0K(160256K) From: 21560K(83968K)->24037K(72704K)
[241.597s][info][gc,heap        ] GC(787) ParOldGen: 578936K(667648K)->578936K(667648K)
[241.597s][info][gc,metaspace   ] GC(787) Metaspace: 18690K(18880K)->18690K(18880K) NonClass: 16032K(16128K)->16032K(16128K) Class: 2658K(2752K)->2658K(2752K)
[241.597s][info][gc             ] GC(787) Pause Young (Allocation Failure) 738M->588M(879M) 24.561ms
[241.597s][info][gc,cpu         ] GC(787) User=0.05s Sys=0.00s Real=0.03s
[242.184s][info][gc,start       ] GC(788) Pause Young (Allocation Failure)
[242.209s][info][gc,heap        ] GC(788) PSYoungGen: 184283K(232960K)->23616K(237568K) Eden: 160246K(160256K)->0K(160256K) From: 24037K(72704K)->23616K(77312K)
[242.209s][info][gc,heap        ] GC(788) ParOldGen: 578936K(667648K)->578944K(667648K)
[242.209s][info][gc,metaspace   ] GC(788) Metaspace: 18719K(18944K)->18719K(18944K) NonClass: 16061K(16192K)->16061K(16192K) Class: 2658K(2752K)->2658K(2752K)
[242.209s][info][gc             ] GC(788) Pause Young (Allocation Failure) 745M->588M(884M) 25.031ms
[242.209s][info][gc,cpu         ] GC(788) User=0.04s Sys=0.00s Real=0.02s
[242.583s][info][gc,start       ] GC(789) Pause Young (Allocation Failure)
[242.608s][info][gc,heap        ] GC(789) PSYoungGen: 183872K(237568K)->24143K(229888K) Eden: 160256K(160256K)->0K(163840K) From: 23616K(77312K)->24143K(66048K)
[242.608s][info][gc,heap        ] GC(789) ParOldGen: 578944K(667648K)->578952K(667648K)
[242.608s][info][gc,metaspace   ] GC(789) Metaspace: 18721K(18944K)->18721K(18944K) NonClass: 16063K(16192K)->16063K(16192K) Class: 2658K(2752K)->2658K(2752K)
[242.608s][info][gc             ] GC(789) Pause Young (Allocation Failure) 744M->588M(876M) 25.053ms
[242.608s][info][gc,cpu         ] GC(789) User=0.04s Sys=0.00s Real=0.03s
[242.891s][info][gc,start       ] GC(790) Pause Young (Allocation Failure)
[242.942s][info][gc,heap        ] GC(790) PSYoungGen: 187983K(229888K)->56052K(233984K) Eden: 163840K(163840K)->0K(163840K) From: 24143K(66048K)->56052K(70144K)
[242.942s][info][gc,heap        ] GC(790) ParOldGen: 578952K(667648K)->578952K(667648K)
[242.942s][info][gc,metaspace   ] GC(790) Metaspace: 18741K(18944K)->18741K(18944K) NonClass: 16082K(16192K)->16082K(16192K) Class: 2659K(2752K)->2659K(2752K)
[242.942s][info][gc             ] GC(790) Pause Young (Allocation Failure) 748M->620M(880M) 50.831ms
[242.942s][info][gc,cpu         ] GC(790) User=0.10s Sys=0.00s Real=0.05s
[243.111s][info][gc,start       ] GC(791) Pause Young (Allocation Failure)
[243.218s][info][gc,heap        ] GC(791) PSYoungGen: 219892K(233984K)->76276K(211456K) Eden: 163840K(163840K)->0K(135168K) From: 56052K(70144K)->76276K(76288K)
[243.218s][info][gc,heap        ] GC(791) ParOldGen: 578952K(667648K)->609360K(667648K)
[243.218s][info][gc,metaspace   ] GC(791) Metaspace: 18745K(18944K)->18745K(18944K) NonClass: 16086K(16192K)->16086K(16192K) Class: 2659K(2752K)->2659K(2752K)
[243.218s][info][gc             ] GC(791) Pause Young (Allocation Failure) 780M->669M(858M) 107.237ms
[243.218s][info][gc,cpu         ] GC(791) User=0.21s Sys=0.01s Real=0.11s
[243.363s][info][gc,start       ] GC(792) Pause Young (Allocation Failure)
[243.474s][info][gc,heap        ] GC(792) PSYoungGen: 211444K(211456K)->99300K(234496K) Eden: 135168K(135168K)->0K(135168K) From: 76276K(76288K)->99300K(99328K)
[243.474s][info][gc,heap        ] GC(792) ParOldGen: 609360K(667648K)->640422K(667648K)
[243.474s][info][gc,metaspace   ] GC(792) Metaspace: 18749K(18944K)->18749K(18944K) NonClass: 16090K(16192K)->16090K(16192K) Class: 2659K(2752K)->2659K(2752K)
[243.474s][info][gc             ] GC(792) Pause Young (Allocation Failure) 801M->722M(881M) 111.448ms
[243.474s][info][gc,cpu         ] GC(792) User=0.23s Sys=0.00s Real=0.12s
[243.661s][info][gc,start       ] GC(793) Pause Full (Allocation Failure)
[243.662s][info][gc,phases,start] GC(793) Marking Phase
[243.789s][info][gc,phases      ] GC(793) Marking Phase 127.080ms
[243.789s][info][gc,phases,start] GC(793) Summary Phase
[243.789s][info][gc,phases      ] GC(793) Summary Phase 0.025ms
[243.789s][info][gc,phases,start] GC(793) Forward
[243.828s][info][gc,phases      ] GC(793) Forward 39.557ms
[243.828s][info][gc,phases,start] GC(793) Adjust Pointers
[243.916s][info][gc,phases      ] GC(793) Adjust Pointers 87.528ms
[243.916s][info][gc,phases,start] GC(793) Compaction Phase
[243.976s][info][gc,phases      ] GC(793) Compaction Phase 60.525ms
[243.978s][info][gc,phases,start] GC(793) Post Compact
[243.981s][info][gc,phases      ] GC(793) Post Compact 2.496ms
[243.993s][info][gc,heap        ] GC(793) PSYoungGen: 234468K(234496K)->0K(210944K) Eden: 135168K(135168K)->0K(111616K) From: 99300K(99328K)->0K(99328K)
[243.993s][info][gc,heap        ] GC(793) ParOldGen: 640422K(667648K)->215435K(513536K)
[243.993s][info][gc,metaspace   ] GC(793) Metaspace: 18749K(18944K)->18749K(18944K) NonClass: 16090K(16192K)->16090K(16192K) Class: 2659K(2752K)->2659K(2752K)
[243.993s][info][gc             ] GC(793) Pause Full (Allocation Failure) 854M->210M(707M) 331.240ms
[243.993s][info][gc,cpu         ] GC(793) User=0.60s Sys=0.01s Real=0.33s
[244.105s][info][gc,start       ] GC(794) Pause Young (Allocation Failure)
[244.123s][info][gc,heap        ] GC(794) PSYoungGen: 111616K(210944K)->4576K(222720K) Eden: 111616K(111616K)->0K(111616K) From: 0K(99328K)->4576K(111104K)
[244.123s][info][gc,heap        ] GC(794) ParOldGen: 215435K(513536K)->215435K(513536K)
[244.123s][info][gc,metaspace   ] GC(794) Metaspace: 18749K(18944K)->18749K(18944K) NonClass: 16090K(16192K)->16090K(16192K) Class: 2659K(2752K)->2659K(2752K)
[244.123s][info][gc             ] GC(794) Pause Young (Allocation Failure) 319M->214M(719M) 18.780ms
[244.123s][info][gc,cpu         ] GC(794) User=0.04s Sys=0.00s Real=0.02s
[244.377s][info][gc,start       ] GC(795) Pause Young (Allocation Failure)
[244.444s][info][gc,heap        ] GC(795) PSYoungGen: 116192K(222720K)->31698K(222720K) Eden: 111616K(111616K)->0K(111616K) From: 4576K(111104K)->31698K(111104K)
[244.444s][info][gc,heap        ] GC(795) ParOldGen: 215435K(513536K)->215443K(513536K)
[244.444s][info][gc,metaspace   ] GC(795) Metaspace: 18759K(18944K)->18759K(18944K) NonClass: 16100K(16192K)->16100K(16192K) Class: 2659K(2752K)->2659K(2752K)
[244.444s][info][gc             ] GC(795) Pause Young (Allocation Failure) 323M->241M(719M) 66.421ms
[244.444s][info][gc,cpu         ] GC(795) User=0.13s Sys=0.00s Real=0.07s
[244.672s][info][gc,start       ] GC(796) Pause Young (Allocation Failure)
[244.730s][info][gc,heap        ] GC(796) PSYoungGen: 143314K(222720K)->38450K(222720K) Eden: 111616K(111616K)->0K(111616K) From: 31698K(111104K)->38450K(111104K)
[244.730s][info][gc,heap        ] GC(796) ParOldGen: 215443K(513536K)->215443K(513536K)
[244.730s][info][gc,metaspace   ] GC(796) Metaspace: 18759K(18944K)->18759K(18944K) NonClass: 16100K(16192K)->16100K(16192K) Class: 2659K(2752K)->2659K(2752K)
[244.730s][info][gc             ] GC(796) Pause Young (Allocation Failure) 350M->247M(719M) 58.217ms
[244.730s][info][gc,cpu         ] GC(796) User=0.11s Sys=0.00s Real=0.06s
[244.833s][info][gc,start       ] GC(797) Pause Young (Allocation Failure)
[244.899s][info][gc,heap        ] GC(797) PSYoungGen: 150066K(222720K)->41522K(213504K) Eden: 111616K(111616K)->0K(111616K) From: 38450K(111104K)->41522K(101888K)
[244.899s][info][gc,heap        ] GC(797) ParOldGen: 215443K(513536K)->220003K(513536K)
[244.899s][info][gc,metaspace   ] GC(797) Metaspace: 18759K(18944K)->18759K(18944K) NonClass: 16100K(16192K)->16100K(16192K) Class: 2659K(2752K)->2659K(2752K)
[244.899s][info][gc             ] GC(797) Pause Young (Allocation Failure) 356M->255M(710M) 65.551ms
[244.899s][info][gc,cpu         ] GC(797) User=0.13s Sys=0.00s Real=0.06s
[244.990s][info][gc,start       ] GC(798) Pause Young (Allocation Failure)
[245.054s][info][gc,heap        ] GC(798) PSYoungGen: 153138K(213504K)->57426K(218112K) Eden: 111616K(111616K)->0K(111616K) From: 41522K(101888K)->57426K(106496K)
[245.054s][info][gc,heap        ] GC(798) ParOldGen: 220003K(513536K)->220003K(513536K)
[245.054s][info][gc,metaspace   ] GC(798) Metaspace: 18759K(18944K)->18759K(18944K) NonClass: 16100K(16192K)->16100K(16192K) Class: 2659K(2752K)->2659K(2752K)
[245.055s][info][gc             ] GC(798) Pause Young (Allocation Failure) 364M->270M(714M) 64.392ms
[245.055s][info][gc,cpu         ] GC(798) User=0.13s Sys=0.00s Real=0.07s
[245.127s][info][gc,start       ] GC(799) Pause Young (Allocation Failure)
[245.209s][info][gc,heap        ] GC(799) PSYoungGen: 169042K(218112K)->79186K(217600K) Eden: 111616K(111616K)->0K(111616K) From: 57426K(106496K)->79186K(105984K)
[245.209s][info][gc,heap        ] GC(799) ParOldGen: 220003K(513536K)->220003K(513536K)
[245.209s][info][gc,metaspace   ] GC(799) Metaspace: 18759K(18944K)->18759K(18944K) NonClass: 16100K(16192K)->16100K(16192K) Class: 2659K(2752K)->2659K(2752K)
[245.209s][info][gc             ] GC(799) Pause Young (Allocation Failure) 379M->292M(714M) 82.035ms
[245.209s][info][gc,cpu         ] GC(799) User=0.16s Sys=0.00s Real=0.08s
[245.279s][info][gc,start       ] GC(800) Pause Young (Allocation Failure)
[245.373s][info][gc,heap        ] GC(800) PSYoungGen: 190802K(217600K)->66864K(222720K) Eden: 111616K(111616K)->0K(111616K) From: 79186K(105984K)->66864K(111104K)
[245.373s][info][gc,heap        ] GC(800) ParOldGen: 220003K(513536K)->253935K(513536K)
[245.373s][info][gc,metaspace   ] GC(800) Metaspace: 18759K(18944K)->18759K(18944K) NonClass: 16100K(16192K)->16100K(16192K) Class: 2659K(2752K)->2659K(2752K)
[245.373s][info][gc             ] GC(800) Pause Young (Allocation Failure) 401M->313M(719M) 94.304ms
[245.373s][info][gc,cpu         ] GC(800) User=0.19s Sys=0.00s Real=0.09s
[245.469s][info][gc,start       ] GC(801) Pause Young (Allocation Failure)
[245.541s][info][gc,heap        ] GC(801) PSYoungGen: 178480K(222720K)->56787K(219648K) Eden: 111616K(111616K)->0K(111616K) From: 66864K(111104K)->56787K(108032K)
[245.541s][info][gc,heap        ] GC(801) ParOldGen: 253935K(513536K)->277543K(513536K)
[245.541s][info][gc,metaspace   ] GC(801) Metaspace: 18759K(18944K)->18759K(18944K) NonClass: 16100K(16192K)->16100K(16192K) Class: 2659K(2752K)->2659K(2752K)
[245.541s][info][gc             ] GC(801) Pause Young (Allocation Failure) 422M->326M(716M) 72.432ms
[245.541s][info][gc,cpu         ] GC(801) User=0.14s Sys=0.00s Real=0.07s
[245.614s][info][gc,start       ] GC(802) Pause Young (Allocation Failure)
[245.669s][info][gc,heap        ] GC(802) PSYoungGen: 168403K(219648K)->60915K(221184K) Eden: 111616K(111616K)->0K(111616K) From: 56787K(108032K)->60915K(109568K)
[245.669s][info][gc,heap        ] GC(802) ParOldGen: 277543K(513536K)->277543K(513536K)
[245.669s][info][gc,metaspace   ] GC(802) Metaspace: 18759K(18944K)->18759K(18944K) NonClass: 16100K(16192K)->16100K(16192K) Class: 2659K(2752K)->2659K(2752K)
[245.669s][info][gc             ] GC(802) Pause Young (Allocation Failure) 435M->330M(717M) 54.580ms
[245.669s][info][gc,cpu         ] GC(802) User=0.10s Sys=0.00s Real=0.05s
[245.754s][info][gc,start       ] GC(803) Pause Young (Allocation Failure)
[245.805s][info][gc,heap        ] GC(803) PSYoungGen: 172531K(221184K)->61747K(220160K) Eden: 111616K(111616K)->0K(116224K) From: 60915K(109568K)->61747K(103936K)
[245.806s][info][gc,heap        ] GC(803) ParOldGen: 277543K(513536K)->277543K(513536K)
[245.806s][info][gc,metaspace   ] GC(803) Metaspace: 18759K(18944K)->18759K(18944K) NonClass: 16100K(16192K)->16100K(16192K) Class: 2659K(2752K)->2659K(2752K)
[245.806s][info][gc             ] GC(803) Pause Young (Allocation Failure) 439M->331M(716M) 52.050ms
[245.806s][info][gc,cpu         ] GC(803) User=0.10s Sys=0.00s Real=0.05s
[245.898s][info][gc,start       ] GC(804) Pause Young (Allocation Failure)
[245.955s][info][gc,heap        ] GC(804) PSYoungGen: 177971K(220160K)->64435K(222208K) Eden: 116224K(116224K)->0K(116224K) From: 61747K(103936K)->64435K(105984K)
[245.955s][info][gc,heap        ] GC(804) ParOldGen: 277543K(513536K)->277543K(513536K)
[245.955s][info][gc,metaspace   ] GC(804) Metaspace: 18759K(18944K)->18759K(18944K) NonClass: 16100K(16192K)->16100K(16192K) Class: 2659K(2752K)->2659K(2752K)
[245.955s][info][gc             ] GC(804) Pause Young (Allocation Failure) 444M->333M(718M) 56.976ms
[245.955s][info][gc,cpu         ] GC(804) User=0.11s Sys=0.00s Real=0.06s
[246.082s][info][gc,start       ] GC(805) Pause Young (Allocation Failure)
[246.141s][info][gc,heap        ] GC(805) PSYoungGen: 180659K(222208K)->67891K(227328K) Eden: 116224K(116224K)->0K(122368K) From: 64435K(105984K)->67891K(104960K)
[246.141s][info][gc,heap        ] GC(805) ParOldGen: 277543K(513536K)->277543K(513536K)
[246.141s][info][gc,metaspace   ] GC(805) Metaspace: 18759K(18944K)->18759K(18944K) NonClass: 16100K(16192K)->16100K(16192K) Class: 2659K(2752K)->2659K(2752K)
[246.141s][info][gc             ] GC(805) Pause Young (Allocation Failure) 447M->337M(723M) 58.810ms
[246.141s][info][gc,cpu         ] GC(805) User=0.12s Sys=0.00s Real=0.06s
[246.470s][info][gc,start       ] GC(806) Pause Young (Allocation Failure)
[246.528s][info][gc,heap        ] GC(806) PSYoungGen: 190259K(227328K)->68179K(227840K) Eden: 122368K(122368K)->0K(122368K) From: 67891K(104960K)->68179K(105472K)
[246.528s][info][gc,heap        ] GC(806) ParOldGen: 277543K(513536K)->277543K(513536K)
[246.528s][info][gc,metaspace   ] GC(806) Metaspace: 18759K(18944K)->18759K(18944K) NonClass: 16100K(16192K)->16100K(16192K) Class: 2659K(2752K)->2659K(2752K)
[246.528s][info][gc             ] GC(806) Pause Young (Allocation Failure) 456M->337M(724M) 57.937ms
[246.528s][info][gc,cpu         ] GC(806) User=0.12s Sys=0.00s Real=0.06s
[246.706s][info][gc,start       ] GC(807) Pause Young (Allocation Failure)
[246.814s][info][gc,heap        ] GC(807) PSYoungGen: 190547K(227840K)->105459K(217088K) Eden: 122368K(122368K)->0K(111616K) From: 68179K(105472K)->105459K(105472K)
[246.814s][info][gc,heap        ] GC(807) ParOldGen: 277543K(513536K)->286303K(513536K)
[246.814s][info][gc,metaspace   ] GC(807) Metaspace: 18761K(18944K)->18761K(18944K) NonClass: 16102K(16192K)->16102K(16192K) Class: 2659K(2752K)->2659K(2752K)
[246.814s][info][gc             ] GC(807) Pause Young (Allocation Failure) 457M->382M(713M) 108.752ms
[246.814s][info][gc,cpu         ] GC(807) User=0.21s Sys=0.01s Real=0.11s
[246.975s][info][gc,start       ] GC(808) Pause Young (Allocation Failure)
[247.109s][info][gc,heap        ] GC(808) PSYoungGen: 217075K(217088K)->92627K(222720K) Eden: 111616K(111616K)->0K(111616K) From: 105459K(105472K)->92627K(111104K)
[247.109s][info][gc,heap        ] GC(808) ParOldGen: 286303K(513536K)->329910K(513536K)
[247.109s][info][gc,metaspace   ] GC(808) Metaspace: 18761K(18944K)->18761K(18944K) NonClass: 16102K(16192K)->16102K(16192K) Class: 2659K(2752K)->2659K(2752K)
[247.109s][info][gc             ] GC(808) Pause Young (Allocation Failure) 491M->412M(719M) 133.658ms
[247.109s][info][gc,cpu         ] GC(808) User=0.26s Sys=0.00s Real=0.13s
[247.227s][info][gc,start       ] GC(809) Pause Young (Allocation Failure)
[247.322s][info][gc,heap        ] GC(809) PSYoungGen: 204243K(222720K)->82960K(222720K) Eden: 111616K(111616K)->0K(111616K) From: 92627K(111104K)->82960K(111104K)
[247.322s][info][gc,heap        ] GC(809) ParOldGen: 329910K(513536K)->344097K(513536K)
[247.322s][info][gc,metaspace   ] GC(809) Metaspace: 18761K(18944K)->18761K(18944K) NonClass: 16102K(16192K)->16102K(16192K) Class: 2659K(2752K)->2659K(2752K)
[247.322s][info][gc             ] GC(809) Pause Young (Allocation Failure) 521M->417M(719M) 94.967ms
[247.322s][info][gc,cpu         ] GC(809) User=0.19s Sys=0.00s Real=0.09s
[247.440s][info][gc,start       ] GC(810) Pause Young (Allocation Failure)
[247.515s][info][gc,heap        ] GC(810) PSYoungGen: 194576K(222720K)->80544K(222720K) Eden: 111616K(111616K)->0K(111616K) From: 82960K(111104K)->80544K(111104K)
[247.515s][info][gc,heap        ] GC(810) ParOldGen: 344097K(513536K)->347321K(513536K)
[247.515s][info][gc,metaspace   ] GC(810) Metaspace: 18761K(18944K)->18761K(18944K) NonClass: 16102K(16192K)->16102K(16192K) Class: 2659K(2752K)->2659K(2752K)
[247.516s][info][gc             ] GC(810) Pause Young (Allocation Failure) 526M->417M(719M) 75.191ms
[247.516s][info][gc,cpu         ] GC(810) User=0.15s Sys=0.00s Real=0.08s
[247.656s][info][gc,start       ] GC(811) Pause Young (Allocation Failure)
[247.727s][info][gc,heap        ] GC(811) PSYoungGen: 192160K(222720K)->78400K(222720K) Eden: 111616K(111616K)->0K(111616K) From: 80544K(111104K)->78400K(111104K)
[247.727s][info][gc,heap        ] GC(811) ParOldGen: 347321K(513536K)->350705K(513536K)
[247.727s][info][gc,metaspace   ] GC(811) Metaspace: 18761K(18944K)->18761K(18944K) NonClass: 16102K(16192K)->16102K(16192K) Class: 2659K(2752K)->2659K(2752K)
[247.727s][info][gc             ] GC(811) Pause Young (Allocation Failure) 526M->419M(719M) 71.273ms
[247.727s][info][gc,cpu         ] GC(811) User=0.14s Sys=0.00s Real=0.07s
[247.970s][info][gc,start       ] GC(812) Pause Young (Allocation Failure)
[248.040s][info][gc,heap        ] GC(812) PSYoungGen: 190016K(222720K)->6656K(222720K) Eden: 111616K(111616K)->0K(111616K) From: 78400K(111104K)->6656K(111104K)
[248.040s][info][gc,heap        ] GC(812) ParOldGen: 350705K(513536K)->422884K(513536K)
[248.040s][info][gc,metaspace   ] GC(812) Metaspace: 18761K(18944K)->18761K(18944K) NonClass: 16102K(16192K)->16102K(16192K) Class: 2659K(2752K)->2659K(2752K)
[248.040s][info][gc             ] GC(812) Pause Young (Allocation Failure) 528M->419M(719M) 69.717ms
[248.040s][info][gc,cpu         ] GC(812) User=0.14s Sys=0.00s Real=0.07s
[248.240s][info][gc,start       ] GC(813) Pause Young (Allocation Failure)
[248.275s][info][gc,heap        ] GC(813) PSYoungGen: 118272K(222720K)->29344K(222720K) Eden: 111616K(111616K)->0K(111616K) From: 6656K(111104K)->29344K(111104K)
[248.275s][info][gc,heap        ] GC(813) ParOldGen: 422884K(513536K)->428116K(513536K)
[248.275s][info][gc,metaspace   ] GC(813) Metaspace: 18761K(18944K)->18761K(18944K) NonClass: 16102K(16192K)->16102K(16192K) Class: 2659K(2752K)->2659K(2752K)
[248.275s][info][gc             ] GC(813) Pause Young (Allocation Failure) 528M->446M(719M) 34.897ms
[248.275s][info][gc,cpu         ] GC(813) User=0.07s Sys=0.00s Real=0.04s
[248.404s][info][gc,start       ] GC(814) Pause Young (Allocation Failure)
[248.467s][info][gc,heap        ] GC(814) PSYoungGen: 140960K(222720K)->68307K(222720K) Eden: 111616K(111616K)->0K(111616K) From: 29344K(111104K)->68307K(111104K)
[248.467s][info][gc,heap        ] GC(814) ParOldGen: 428116K(513536K)->429516K(513536K)
[248.467s][info][gc,metaspace   ] GC(814) Metaspace: 18761K(18944K)->18761K(18944K) NonClass: 16102K(16192K)->16102K(16192K) Class: 2659K(2752K)->2659K(2752K)
[248.467s][info][gc             ] GC(814) Pause Young (Allocation Failure) 555M->486M(719M) 62.389ms
[248.467s][info][gc,cpu         ] GC(814) User=0.12s Sys=0.00s Real=0.06s
[248.614s][info][gc,start       ] GC(815) Pause Young (Allocation Failure)
[248.681s][info][gc,heap        ] GC(815) PSYoungGen: 179923K(222720K)->8116K(222720K) Eden: 111616K(111616K)->0K(111616K) From: 68307K(111104K)->8116K(111104K)
[248.682s][info][gc,heap        ] GC(815) ParOldGen: 429516K(513536K)->498113K(513536K)
[248.682s][info][gc,metaspace   ] GC(815) Metaspace: 18761K(18944K)->18761K(18944K) NonClass: 16102K(16192K)->16102K(16192K) Class: 2659K(2752K)->2659K(2752K)
[248.682s][info][gc             ] GC(815) Pause Young (Allocation Failure) 595M->494M(719M) 67.722ms
[248.682s][info][gc,cpu         ] GC(815) User=0.13s Sys=0.00s Real=0.06s
[248.741s][info][gc,start       ] GC(816) Pause Young (Allocation Failure)
[248.800s][info][gc,heap        ] GC(816) PSYoungGen: 119732K(222720K)->47808K(222720K) Eden: 111616K(111616K)->0K(111616K) From: 8116K(111104K)->47808K(111104K)
[248.800s][info][gc,heap        ] GC(816) ParOldGen: 498113K(513536K)->506215K(513536K)
[248.800s][info][gc,metaspace   ] GC(816) Metaspace: 18761K(18944K)->18761K(18944K) NonClass: 16102K(16192K)->16102K(16192K) Class: 2659K(2752K)->2659K(2752K)
[248.800s][info][gc             ] GC(816) Pause Young (Allocation Failure) 603M->541M(719M) 58.876ms
[248.800s][info][gc,cpu         ] GC(816) User=0.12s Sys=0.00s Real=0.06s
[248.868s][info][gc,start       ] GC(817) Pause Young (Allocation Failure)
[248.972s][info][gc,heap        ] GC(817) PSYoungGen: 159424K(222720K)->42432K(222720K) Eden: 111616K(111616K)->0K(111616K) From: 47808K(111104K)->42432K(111104K)
[248.972s][info][gc,heap        ] GC(817) ParOldGen: 506215K(513536K)->554175K(554496K)
[248.972s][info][gc,metaspace   ] GC(817) Metaspace: 18761K(18944K)->18761K(18944K) NonClass: 16102K(16192K)->16102K(16192K) Class: 2659K(2752K)->2659K(2752K)
[248.972s][info][gc             ] GC(817) Pause Young (Allocation Failure) 650M->582M(759M) 104.130ms
[248.972s][info][gc,cpu         ] GC(817) User=0.19s Sys=0.02s Real=0.10s
[249.116s][info][gc,start       ] GC(818) Pause Young (Allocation Failure)
[249.179s][info][gc,heap        ] GC(818) PSYoungGen: 154048K(222720K)->3848K(222720K) Eden: 111616K(111616K)->0K(111616K) From: 42432K(111104K)->3848K(111104K)
[249.179s][info][gc,heap        ] GC(818) ParOldGen: 554175K(554496K)->596743K(596992K)
[249.179s][info][gc,metaspace   ] GC(818) Metaspace: 18763K(18944K)->18763K(18944K) NonClass: 16104K(16192K)->16104K(16192K) Class: 2659K(2752K)->2659K(2752K)
[249.179s][info][gc             ] GC(818) Pause Young (Allocation Failure) 691M->586M(800M) 63.149ms
[249.179s][info][gc,cpu         ] GC(818) User=0.11s Sys=0.02s Real=0.06s
[249.313s][info][gc,start       ] GC(819) Pause Full (Allocation Failure)
[249.313s][info][gc,phases,start] GC(819) Marking Phase
[249.373s][info][gc,phases      ] GC(819) Marking Phase 60.475ms
[249.373s][info][gc,phases,start] GC(819) Summary Phase
[249.373s][info][gc,phases      ] GC(819) Summary Phase 0.024ms
[249.373s][info][gc,phases,start] GC(819) Forward
[249.394s][info][gc,phases      ] GC(819) Forward 20.893ms
[249.394s][info][gc,phases,start] GC(819) Adjust Pointers
[249.438s][info][gc,phases      ] GC(819) Adjust Pointers 43.952ms
[249.438s][info][gc,phases,start] GC(819) Compaction Phase
[249.461s][info][gc,phases      ] GC(819) Compaction Phase 22.575ms
[249.464s][info][gc,phases,start] GC(819) Post Compact
[249.466s][info][gc,phases      ] GC(819) Post Compact 2.084ms
[249.479s][info][gc,heap        ] GC(819) PSYoungGen: 115464K(222720K)->0K(222720K) Eden: 111616K(111616K)->0K(111616K) From: 3848K(111104K)->0K(111104K)
[249.480s][info][gc,heap        ] GC(819) ParOldGen: 596743K(596992K)->101380K(427520K)
[249.480s][info][gc,metaspace   ] GC(819) Metaspace: 18767K(18944K)->18767K(18944K) NonClass: 16108K(16192K)->16108K(16192K) Class: 2659K(2752K)->2659K(2752K)
[249.480s][info][gc             ] GC(819) Pause Full (Allocation Failure) 695M->99M(635M) 166.745ms
[249.480s][info][gc,cpu         ] GC(819) User=0.27s Sys=0.01s Real=0.17s
[249.609s][info][gc,start       ] GC(820) Pause Young (Allocation Failure)
[249.619s][info][gc,heap        ] GC(820) PSYoungGen: 111616K(222720K)->9552K(222720K) Eden: 111616K(111616K)->0K(111616K) From: 0K(111104K)->9552K(111104K)
[249.619s][info][gc,heap        ] GC(820) ParOldGen: 101380K(427520K)->101380K(427520K)
[249.619s][info][gc,metaspace   ] GC(820) Metaspace: 18767K(18944K)->18767K(18944K) NonClass: 16108K(16192K)->16108K(16192K) Class: 2659K(2752K)->2659K(2752K)
[249.619s][info][gc             ] GC(820) Pause Young (Allocation Failure) 208M->108M(635M) 10.023ms
[249.619s][info][gc,cpu         ] GC(820) User=0.02s Sys=0.01s Real=0.01s
[249.684s][info][gc,start       ] GC(821) Pause Young (Allocation Failure)
[249.724s][info][gc,heap        ] GC(821) PSYoungGen: 121168K(222720K)->42592K(222720K) Eden: 111616K(111616K)->0K(111616K) From: 9552K(111104K)->42592K(111104K)
[249.724s][info][gc,heap        ] GC(821) ParOldGen: 101380K(427520K)->110964K(427520K)
[249.724s][info][gc,metaspace   ] GC(821) Metaspace: 18767K(18944K)->18767K(18944K) NonClass: 16108K(16192K)->16108K(16192K) Class: 2659K(2752K)->2659K(2752K)
[249.725s][info][gc             ] GC(821) Pause Young (Allocation Failure) 217M->149M(635M) 40.687ms
[249.725s][info][gc,cpu         ] GC(821) User=0.08s Sys=0.00s Real=0.04s
[249.824s][info][gc,start       ] GC(822) Pause Young (Allocation Failure)
[249.899s][info][gc,heap        ] GC(822) PSYoungGen: 154208K(222720K)->61280K(222720K) Eden: 111616K(111616K)->0K(111616K) From: 42592K(111104K)->61280K(111104K)
[249.899s][info][gc,heap        ] GC(822) ParOldGen: 110964K(427520K)->154068K(427520K)
[249.899s][info][gc,metaspace   ] GC(822) Metaspace: 18767K(18944K)->18767K(18944K) NonClass: 16108K(16192K)->16108K(16192K) Class: 2659K(2752K)->2659K(2752K)
[249.899s][info][gc             ] GC(822) Pause Young (Allocation Failure) 258M->210M(635M) 75.294ms
[249.899s][info][gc,cpu         ] GC(822) User=0.15s Sys=0.00s Real=0.07s
[249.975s][info][gc,start       ] GC(823) Pause Young (Allocation Failure)
[250.049s][info][gc,heap        ] GC(823) PSYoungGen: 172896K(222720K)->89968K(222720K) Eden: 111616K(111616K)->0K(111616K) From: 61280K(111104K)->89968K(111104K)
[250.049s][info][gc,heap        ] GC(823) ParOldGen: 154068K(427520K)->154068K(427520K)
[250.049s][info][gc,metaspace   ] GC(823) Metaspace: 18767K(18944K)->18767K(18944K) NonClass: 16108K(16192K)->16108K(16192K) Class: 2659K(2752K)->2659K(2752K)
[250.049s][info][gc             ] GC(823) Pause Young (Allocation Failure) 319M->238M(635M) 74.245ms
[250.049s][info][gc,cpu         ] GC(823) User=0.14s Sys=0.00s Real=0.07s
[250.093s][info][gc,start       ] GC(824) Pause Young (Allocation Failure)
[250.189s][info][gc,heap        ] GC(824) PSYoungGen: 201584K(222720K)->29984K(222720K) Eden: 111616K(111616K)->0K(111616K) From: 89968K(111104K)->29984K(111104K)
[250.189s][info][gc,heap        ] GC(824) ParOldGen: 154068K(427520K)->244612K(427520K)
[250.189s][info][gc,metaspace   ] GC(824) Metaspace: 18767K(18944K)->18767K(18944K) NonClass: 16108K(16192K)->16108K(16192K) Class: 2659K(2752K)->2659K(2752K)
[250.189s][info][gc             ] GC(824) Pause Young (Allocation Failure) 347M->268M(635M) 96.242ms
[250.189s][info][gc,cpu         ] GC(824) User=0.19s Sys=0.00s Real=0.10s
[250.321s][info][gc,start       ] GC(825) Pause Young (Allocation Failure)
[250.384s][info][gc,heap        ] GC(825) PSYoungGen: 141600K(222720K)->33793K(222720K) Eden: 111616K(111616K)->0K(111616K) From: 29984K(111104K)->33793K(111104K)
[250.384s][info][gc,heap        ] GC(825) ParOldGen: 244612K(427520K)->274924K(427520K)
[250.384s][info][gc,metaspace   ] GC(825) Metaspace: 18767K(18944K)->18767K(18944K) NonClass: 16108K(16192K)->16108K(16192K) Class: 2659K(2752K)->2659K(2752K)
[250.384s][info][gc             ] GC(825) Pause Young (Allocation Failure) 377M->301M(635M) 62.681ms
[250.384s][info][gc,cpu         ] GC(825) User=0.13s Sys=0.00s Real=0.07s
[250.466s][info][gc,start       ] GC(826) Pause Young (Allocation Failure)
[250.512s][info][gc,heap        ] GC(826) PSYoungGen: 145409K(222720K)->5632K(222720K) Eden: 111616K(111616K)->0K(111616K) From: 33793K(111104K)->5632K(111104K)
[250.512s][info][gc,heap        ] GC(826) ParOldGen: 274924K(427520K)->308889K(427520K)
[250.512s][info][gc,metaspace   ] GC(826) Metaspace: 18767K(18944K)->18767K(18944K) NonClass: 16108K(16192K)->16108K(16192K) Class: 2659K(2752K)->2659K(2752K)
[250.512s][info][gc             ] GC(826) Pause Young (Allocation Failure) 410M->307M(635M) 45.937ms
[250.512s][info][gc,cpu         ] GC(826) User=0.09s Sys=0.00s Real=0.04s
[250.607s][info][gc,start       ] GC(827) Pause Young (Allocation Failure)
[250.642s][info][gc,heap        ] GC(827) PSYoungGen: 117248K(222720K)->18273K(221696K) Eden: 111616K(111616K)->0K(111616K) From: 5632K(111104K)->18273K(110080K)
[250.643s][info][gc,heap        ] GC(827) ParOldGen: 308889K(427520K)->314521K(427520K)
[250.643s][info][gc,metaspace   ] GC(827) Metaspace: 18768K(18944K)->18768K(18944K) NonClass: 16109K(16192K)->16109K(16192K) Class: 2659K(2752K)->2659K(2752K)
[250.643s][info][gc             ] GC(827) Pause Young (Allocation Failure) 416M->324M(634M) 35.588ms
[250.643s][info][gc,cpu         ] GC(827) User=0.07s Sys=0.00s Real=0.03s
[250.763s][info][gc,start       ] GC(828) Pause Young (Allocation Failure)
[250.820s][info][gc,heap        ] GC(828) PSYoungGen: 129889K(221696K)->45313K(157184K) Eden: 111616K(111616K)->0K(111616K) From: 18273K(110080K)->45313K(45568K)
[250.820s][info][gc,heap        ] GC(828) ParOldGen: 314521K(427520K)->314521K(427520K)
[250.820s][info][gc,metaspace   ] GC(828) Metaspace: 18768K(18944K)->18768K(18944K) NonClass: 16109K(16192K)->16109K(16192K) Class: 2659K(2752K)->2659K(2752K)
[250.820s][info][gc             ] GC(828) Pause Young (Allocation Failure) 433M->351M(571M) 57.115ms
[250.820s][info][gc,cpu         ] GC(828) User=0.12s Sys=0.00s Real=0.06s
[250.885s][info][gc,start       ] GC(829) Pause Young (Allocation Failure)
[250.955s][info][gc,heap        ] GC(829) PSYoungGen: 156929K(157184K)->60225K(218112K) Eden: 111616K(111616K)->0K(112640K) From: 45313K(45568K)->60225K(105472K)
[250.955s][info][gc,heap        ] GC(829) ParOldGen: 314521K(427520K)->314521K(427520K)
[250.955s][info][gc,metaspace   ] GC(829) Metaspace: 18768K(18944K)->18768K(18944K) NonClass: 16109K(16192K)->16109K(16192K) Class: 2659K(2752K)->2659K(2752K)
[250.955s][info][gc             ] GC(829) Pause Young (Allocation Failure) 460M->365M(630M) 69.811ms
[250.955s][info][gc,cpu         ] GC(829) User=0.13s Sys=0.00s Real=0.07s
[251.039s][info][gc,start       ] GC(830) Pause Young (Allocation Failure)
[251.121s][info][gc,heap        ] GC(830) PSYoungGen: 172865K(218112K)->71809K(218624K) Eden: 112640K(112640K)->0K(112640K) From: 60225K(105472K)->71809K(105984K)
[251.121s][info][gc,heap        ] GC(830) ParOldGen: 314521K(427520K)->314521K(427520K)
[251.121s][info][gc,metaspace   ] GC(830) Metaspace: 18768K(18944K)->18768K(18944K) NonClass: 16109K(16192K)->16109K(16192K) Class: 2659K(2752K)->2659K(2752K)
[251.121s][info][gc             ] GC(830) Pause Young (Allocation Failure) 475M->377M(631M) 81.889ms
[251.121s][info][gc,cpu         ] GC(830) User=0.16s Sys=0.00s Real=0.08s
[251.208s][info][gc,start       ] GC(831) Pause Young (Allocation Failure)
[251.300s][info][gc,heap        ] GC(831) PSYoungGen: 184449K(218624K)->81889K(222208K) Eden: 112640K(112640K)->0K(111616K) From: 71809K(105984K)->81889K(110592K)
[251.300s][info][gc,heap        ] GC(831) ParOldGen: 314521K(427520K)->314521K(427520K)
[251.300s][info][gc,metaspace   ] GC(831) Metaspace: 18768K(18944K)->18768K(18944K) NonClass: 16109K(16192K)->16109K(16192K) Class: 2659K(2752K)->2659K(2752K)
[251.300s][info][gc             ] GC(831) Pause Young (Allocation Failure) 487M->387M(634M) 92.073ms
[251.300s][info][gc,cpu         ] GC(831) User=0.18s Sys=0.00s Real=0.09s
[251.363s][info][gc,start       ] GC(832) Pause Young (Allocation Failure)
[251.459s][info][gc,heap        ] GC(832) PSYoungGen: 193505K(222208K)->39872K(222720K) Eden: 111616K(111616K)->0K(111616K) From: 81889K(110592K)->39872K(111104K)
[251.459s][info][gc,heap        ] GC(832) ParOldGen: 314521K(427520K)->359886K(427520K)
[251.459s][info][gc,metaspace   ] GC(832) Metaspace: 18768K(18944K)->18768K(18944K) NonClass: 16109K(16192K)->16109K(16192K) Class: 2659K(2752K)->2659K(2752K)
[251.459s][info][gc             ] GC(832) Pause Young (Allocation Failure) 496M->390M(635M) 95.601ms
[251.459s][info][gc,cpu         ] GC(832) User=0.19s Sys=0.00s Real=0.09s
[251.556s][info][gc,start       ] GC(833) Pause Young (Allocation Failure)
[251.598s][info][gc,heap        ] GC(833) PSYoungGen: 151488K(222720K)->13856K(222720K) Eden: 111616K(111616K)->0K(111616K) From: 39872K(111104K)->13856K(111104K)
[251.598s][info][gc,heap        ] GC(833) ParOldGen: 359886K(427520K)->386462K(427520K)
[251.598s][info][gc,metaspace   ] GC(833) Metaspace: 18768K(18944K)->18768K(18944K) NonClass: 16109K(16192K)->16109K(16192K) Class: 2659K(2752K)->2659K(2752K)
[251.598s][info][gc             ] GC(833) Pause Young (Allocation Failure) 499M->390M(635M) 42.087ms
[251.598s][info][gc,cpu         ] GC(833) User=0.08s Sys=0.00s Real=0.04s
[251.699s][info][gc,start       ] GC(834) Pause Young (Allocation Failure)
[251.731s][info][gc,heap        ] GC(834) PSYoungGen: 125472K(222720K)->13408K(125440K) Eden: 111616K(111616K)->0K(111616K) From: 13856K(111104K)->13408K(13824K)
[251.731s][info][gc,heap        ] GC(834) ParOldGen: 386462K(427520K)->399830K(427520K)
[251.731s][info][gc,metaspace   ] GC(834) Metaspace: 18774K(19008K)->18774K(19008K) NonClass: 16115K(16256K)->16115K(16256K) Class: 2659K(2752K)->2659K(2752K)
[251.731s][info][gc             ] GC(834) Pause Young (Allocation Failure) 499M->403M(540M) 31.972ms
[251.731s][info][gc,cpu         ] GC(834) User=0.06s Sys=0.00s Real=0.03s
[251.812s][info][gc,start       ] GC(835) Pause Young (Allocation Failure)
[251.840s][info][gc,heap        ] GC(835) PSYoungGen: 125024K(125440K)->24960K(226304K) Eden: 111616K(111616K)->0K(115712K) From: 13408K(13824K)->24960K(110592K)
[251.840s][info][gc,heap        ] GC(835) ParOldGen: 399830K(427520K)->399830K(427520K)
[251.840s][info][gc,metaspace   ] GC(835) Metaspace: 18774K(19008K)->18774K(19008K) NonClass: 16115K(16256K)->16115K(16256K) Class: 2659K(2752K)->2659K(2752K)
[251.840s][info][gc             ] GC(835) Pause Young (Allocation Failure) 512M->414M(638M) 27.742ms
[251.840s][info][gc,cpu         ] GC(835) User=0.06s Sys=0.00s Real=0.03s
[252.013s][info][gc,start       ] GC(836) Pause Young (Allocation Failure)
[252.057s][info][gc,heap        ] GC(836) PSYoungGen: 140672K(226304K)->44448K(160256K) Eden: 115712K(115712K)->0K(115712K) From: 24960K(110592K)->44448K(44544K)
[252.058s][info][gc,heap        ] GC(836) ParOldGen: 399830K(427520K)->399830K(427520K)
[252.058s][info][gc,metaspace   ] GC(836) Metaspace: 18774K(19008K)->18774K(19008K) NonClass: 16115K(16256K)->16115K(16256K) Class: 2659K(2752K)->2659K(2752K)
[252.058s][info][gc             ] GC(836) Pause Young (Allocation Failure) 527M->433M(574M) 44.926ms
[252.058s][info][gc,cpu         ] GC(836) User=0.09s Sys=0.00s Real=0.05s
[252.443s][info][gc,start       ] GC(837) Pause Young (Allocation Failure)
[252.490s][info][gc,heap        ] GC(837) PSYoungGen: 160160K(160256K)->46368K(221696K) Eden: 115712K(115712K)->0K(120320K) From: 44448K(44544K)->46368K(101376K)
[252.490s][info][gc,heap        ] GC(837) ParOldGen: 399830K(427520K)->399830K(427520K)
[252.490s][info][gc,metaspace   ] GC(837) Metaspace: 18774K(19008K)->18774K(19008K) NonClass: 16115K(16256K)->16115K(16256K) Class: 2659K(2752K)->2659K(2752K)
[252.491s][info][gc             ] GC(837) Pause Young (Allocation Failure) 546M->435M(634M) 47.276ms
[252.491s][info][gc,cpu         ] GC(837) User=0.09s Sys=0.00s Real=0.04s
[252.802s][info][gc,start       ] GC(838) Pause Young (Allocation Failure)
[252.848s][info][gc,heap        ] GC(838) PSYoungGen: 166688K(221696K)->46464K(218112K) Eden: 120320K(120320K)->0K(120320K) From: 46368K(101376K)->46464K(97792K)
[252.848s][info][gc,heap        ] GC(838) ParOldGen: 399830K(427520K)->399830K(427520K)
[252.848s][info][gc,metaspace   ] GC(838) Metaspace: 18774K(19008K)->18774K(19008K) NonClass: 16115K(16256K)->16115K(16256K) Class: 2659K(2752K)->2659K(2752K)
[252.848s][info][gc             ] GC(838) Pause Young (Allocation Failure) 553M->435M(630M) 46.041ms
[252.848s][info][gc,cpu         ] GC(838) User=0.09s Sys=0.00s Real=0.05s
[253.133s][info][gc,start       ] GC(839) Pause Young (Allocation Failure)
[253.180s][info][gc,heap        ] GC(839) PSYoungGen: 166784K(218112K)->46432K(214528K) Eden: 120320K(120320K)->0K(128000K) From: 46464K(97792K)->46432K(86528K)
[253.180s][info][gc,heap        ] GC(839) ParOldGen: 399830K(427520K)->399830K(427520K)
[253.180s][info][gc,metaspace   ] GC(839) Metaspace: 18774K(19008K)->18774K(19008K) NonClass: 16115K(16256K)->16115K(16256K) Class: 2659K(2752K)->2659K(2752K)
[253.180s][info][gc             ] GC(839) Pause Young (Allocation Failure) 553M->435M(627M) 46.718ms
[253.180s][info][gc,cpu         ] GC(839) User=0.10s Sys=0.00s Real=0.05s
[253.461s][info][gc,start       ] GC(840) Pause Young (Allocation Failure)
[253.512s][info][gc,heap        ] GC(840) PSYoungGen: 174432K(214528K)->46432K(218624K) Eden: 128000K(128000K)->0K(128000K) From: 46432K(86528K)->46432K(90624K)
[253.512s][info][gc,heap        ] GC(840) ParOldGen: 399830K(427520K)->399830K(427520K)
[253.512s][info][gc,metaspace   ] GC(840) Metaspace: 18774K(19008K)->18774K(19008K) NonClass: 16115K(16256K)->16115K(16256K) Class: 2659K(2752K)->2659K(2752K)
[253.512s][info][gc             ] GC(840) Pause Young (Allocation Failure) 560M->435M(631M) 50.669ms
[253.512s][info][gc,cpu         ] GC(840) User=0.11s Sys=0.00s Real=0.05s
[253.801s][info][gc,start       ] GC(841) Pause Young (Allocation Failure)
[253.857s][info][gc,heap        ] GC(841) PSYoungGen: 174432K(218624K)->46496K(217088K) Eden: 128000K(128000K)->0K(135680K) From: 46432K(90624K)->46496K(81408K)
[253.857s][info][gc,heap        ] GC(841) ParOldGen: 399830K(427520K)->399830K(427520K)
[253.857s][info][gc,metaspace   ] GC(841) Metaspace: 18774K(19008K)->18774K(19008K) NonClass: 16115K(16256K)->16115K(16256K) Class: 2659K(2752K)->2659K(2752K)
[253.858s][info][gc             ] GC(841) Pause Young (Allocation Failure) 560M->435M(629M) 56.897ms
[253.858s][info][gc,cpu         ] GC(841) User=0.11s Sys=0.00s Real=0.06s
[254.093s][info][gc,start       ] GC(842) Pause Young (Allocation Failure)
[254.161s][info][gc,heap        ] GC(842) PSYoungGen: 182176K(217088K)->64806K(220160K) Eden: 135680K(135680K)->0K(135680K) From: 46496K(81408K)->64806K(84480K)
[254.161s][info][gc,heap        ] GC(842) ParOldGen: 399830K(427520K)->399830K(427520K)
[254.161s][info][gc,metaspace   ] GC(842) Metaspace: 18775K(19008K)->18775K(19008K) NonClass: 16116K(16256K)->16116K(16256K) Class: 2659K(2752K)->2659K(2752K)
[254.161s][info][gc             ] GC(842) Pause Young (Allocation Failure) 568M->453M(632M) 67.889ms
[254.161s][info][gc,cpu         ] GC(842) User=0.13s Sys=0.00s Real=0.06s
[254.236s][info][gc,start       ] GC(843) Pause Young (Allocation Failure)
[254.344s][info][gc,heap        ] GC(843) PSYoungGen: 200486K(220160K)->88054K(201728K) Eden: 135680K(135680K)->0K(113664K) From: 64806K(84480K)->88054K(88064K)
[254.344s][info][gc,heap        ] GC(843) ParOldGen: 399830K(427520K)->427702K(428032K)
[254.344s][info][gc,metaspace   ] GC(843) Metaspace: 18775K(19008K)->18775K(19008K) NonClass: 16116K(16256K)->16116K(16256K) Class: 2659K(2752K)->2659K(2752K)
[254.344s][info][gc             ] GC(843) Pause Young (Allocation Failure) 586M->503M(615M) 107.317ms
[254.344s][info][gc,cpu         ] GC(843) User=0.20s Sys=0.01s Real=0.11s
[254.506s][info][gc,start       ] GC(844) Pause Young (Allocation Failure)
[254.611s][info][gc,heap        ] GC(844) PSYoungGen: 201718K(201728K)->89702K(203776K) Eden: 113664K(113664K)->0K(113664K) From: 88054K(88064K)->89702K(90112K)
[254.611s][info][gc,heap        ] GC(844) ParOldGen: 427702K(428032K)->441115K(441344K)
[254.611s][info][gc,metaspace   ] GC(844) Metaspace: 18775K(19008K)->18775K(19008K) NonClass: 16116K(16256K)->16116K(16256K) Class: 2659K(2752K)->2659K(2752K)
[254.611s][info][gc             ] GC(844) Pause Young (Allocation Failure) 614M->518M(630M) 104.746ms
[254.611s][info][gc,cpu         ] GC(844) User=0.20s Sys=0.00s Real=0.10s
[254.673s][info][gc,start       ] GC(845) Pause Young (Allocation Failure)
[254.779s][info][gc,heap        ] GC(845) PSYoungGen: 203366K(203776K)->66486K(222720K) Eden: 113664K(113664K)->0K(111616K) From: 89702K(90112K)->66486K(111104K)
[254.780s][info][gc,heap        ] GC(845) ParOldGen: 441115K(441344K)->472185K(472576K)
[254.780s][info][gc,metaspace   ] GC(845) Metaspace: 18775K(19008K)->18775K(19008K) NonClass: 16116K(16256K)->16116K(16256K) Class: 2659K(2752K)->2659K(2752K)
[254.780s][info][gc             ] GC(845) Pause Young (Allocation Failure) 629M->526M(679M) 106.523ms
[254.780s][info][gc,cpu         ] GC(845) User=0.19s Sys=0.03s Real=0.11s
[254.873s][info][gc,start       ] GC(846) Pause Young (Allocation Failure)
[254.954s][info][gc,heap        ] GC(846) PSYoungGen: 178102K(222720K)->93212K(222720K) Eden: 111616K(111616K)->0K(111616K) From: 66486K(111104K)->93212K(111104K)
[254.954s][info][gc,heap        ] GC(846) ParOldGen: 472185K(472576K)->474217K(474624K)
[254.954s][info][gc,metaspace   ] GC(846) Metaspace: 18775K(19008K)->18775K(19008K) NonClass: 16116K(16256K)->16116K(16256K) Class: 2659K(2752K)->2659K(2752K)
[254.954s][info][gc             ] GC(846) Pause Young (Allocation Failure) 635M->554M(681M) 80.599ms
[254.954s][info][gc,cpu         ] GC(846) User=0.16s Sys=0.00s Real=0.09s
[255.058s][info][gc,start       ] GC(847) Pause Young (Allocation Failure)
[255.174s][info][gc,heap        ] GC(847) PSYoungGen: 204828K(222720K)->111097K(222720K) Eden: 111616K(111616K)->0K(111616K) From: 93212K(111104K)->111097K(111104K)
[255.174s][info][gc,heap        ] GC(847) ParOldGen: 474217K(474624K)->478331K(478720K)
[255.174s][info][gc,metaspace   ] GC(847) Metaspace: 18775K(19008K)->18775K(19008K) NonClass: 16116K(16256K)->16116K(16256K) Class: 2659K(2752K)->2659K(2752K)
[255.174s][info][gc             ] GC(847) Pause Young (Allocation Failure) 663M->575M(685M) 116.556ms
[255.174s][info][gc,cpu         ] GC(847) User=0.22s Sys=0.01s Real=0.12s
[255.249s][info][gc,start       ] GC(848) Pause Young (Allocation Failure)
[255.370s][info][gc,heap        ] GC(848) PSYoungGen: 222713K(222720K)->102707K(222720K) Eden: 111616K(111616K)->0K(111616K) From: 111097K(111104K)->102707K(111104K)
[255.370s][info][gc,heap        ] GC(848) ParOldGen: 478331K(478720K)->496838K(497152K)
[255.370s][info][gc,metaspace   ] GC(848) Metaspace: 18775K(19008K)->18775K(19008K) NonClass: 16116K(16256K)->16116K(16256K) Class: 2659K(2752K)->2659K(2752K)
[255.370s][info][gc             ] GC(848) Pause Young (Allocation Failure) 684M->585M(703M) 121.473ms
[255.370s][info][gc,cpu         ] GC(848) User=0.23s Sys=0.01s Real=0.12s
[255.443s][info][gc,start       ] GC(849) Pause Young (Allocation Failure)
[255.571s][info][gc,heap        ] GC(849) PSYoungGen: 214323K(222720K)->74489K(222720K) Eden: 111616K(111616K)->0K(111616K) From: 102707K(111104K)->74489K(111104K)
[255.571s][info][gc,heap        ] GC(849) ParOldGen: 496838K(497152K)->533840K(534016K)
[255.571s][info][gc,metaspace   ] GC(849) Metaspace: 18775K(19008K)->18775K(19008K) NonClass: 16116K(16256K)->16116K(16256K) Class: 2659K(2752K)->2659K(2752K)
[255.571s][info][gc             ] GC(849) Pause Young (Allocation Failure) 694M->594M(739M) 127.615ms
[255.571s][info][gc,cpu         ] GC(849) User=0.22s Sys=0.03s Real=0.12s
[255.675s][info][gc,start       ] GC(850) Pause Young (Allocation Failure)
[255.802s][info][gc,heap        ] GC(850) PSYoungGen: 186105K(222720K)->68096K(222720K) Eden: 111616K(111616K)->0K(111616K) From: 74489K(111104K)->68096K(111104K)
[255.802s][info][gc,heap        ] GC(850) ParOldGen: 533840K(534016K)->568361K(568832K)
[255.802s][info][gc,metaspace   ] GC(850) Metaspace: 18775K(19008K)->18775K(19008K) NonClass: 16116K(16256K)->16116K(16256K) Class: 2659K(2752K)->2659K(2752K)
[255.802s][info][gc             ] GC(850) Pause Young (Allocation Failure) 703M->621M(773M) 126.685ms
[255.802s][info][gc,cpu         ] GC(850) User=0.23s Sys=0.02s Real=0.12s
[255.882s][info][gc,start       ] GC(851) Pause Young (Allocation Failure)
[255.986s][info][gc,heap        ] GC(851) PSYoungGen: 179712K(222720K)->47360K(222720K) Eden: 111616K(111616K)->0K(111616K) From: 68096K(111104K)->47360K(111104K)
[255.986s][info][gc,heap        ] GC(851) ParOldGen: 568361K(568832K)->600281K(600576K)
[255.987s][info][gc,metaspace   ] GC(851) Metaspace: 18775K(19008K)->18775K(19008K) NonClass: 16116K(16256K)->16116K(16256K) Class: 2659K(2752K)->2659K(2752K)
[255.987s][info][gc             ] GC(851) Pause Young (Allocation Failure) 730M->632M(804M) 104.622ms
[255.987s][info][gc,cpu         ] GC(851) User=0.18s Sys=0.02s Real=0.11s
[256.050s][info][gc,start       ] GC(852) Pause Young (Allocation Failure)
[256.125s][info][gc,heap        ] GC(852) PSYoungGen: 158976K(222720K)->13632K(222720K) Eden: 111616K(111616K)->0K(111616K) From: 47360K(111104K)->13632K(111104K)
[256.125s][info][gc,heap        ] GC(852) ParOldGen: 600281K(600576K)->636641K(636928K)
[256.125s][info][gc,metaspace   ] GC(852) Metaspace: 18775K(19008K)->18775K(19008K) NonClass: 16116K(16256K)->16116K(16256K) Class: 2659K(2752K)->2659K(2752K)
[256.125s][info][gc             ] GC(852) Pause Young (Allocation Failure) 741M->635M(839M) 75.135ms
[256.125s][info][gc,cpu         ] GC(852) User=0.12s Sys=0.03s Real=0.08s
[256.208s][info][gc,start       ] GC(853) Pause Full (Allocation Failure)
[256.208s][info][gc,phases,start] GC(853) Marking Phase
[256.473s][info][gc,phases      ] GC(853) Marking Phase 265.219ms
[256.473s][info][gc,phases,start] GC(853) Summary Phase
[256.473s][info][gc,phases      ] GC(853) Summary Phase 0.026ms
[256.473s][info][gc,phases,start] GC(853) Forward
[256.568s][info][gc,phases      ] GC(853) Forward 94.701ms
[256.568s][info][gc,phases,start] GC(853) Adjust Pointers
[256.776s][info][gc,phases      ] GC(853) Adjust Pointers 208.348ms
[256.776s][info][gc,phases,start] GC(853) Compaction Phase
[256.902s][info][gc,phases      ] GC(853) Compaction Phase 125.706ms
[256.911s][info][gc,phases,start] GC(853) Post Compact
[256.913s][info][gc,phases      ] GC(853) Post Compact 2.255ms
[256.913s][info][gc,heap        ] GC(853) PSYoungGen: 125248K(222720K)->0K(222720K) Eden: 111616K(111616K)->0K(111616K) From: 13632K(111104K)->0K(111104K)
[256.913s][info][gc,heap        ] GC(853) ParOldGen: 636641K(636928K)->377420K(667648K)
[256.913s][info][gc,metaspace   ] GC(853) Metaspace: 18775K(19008K)->18775K(19008K) NonClass: 16116K(16256K)->16116K(16256K) Class: 2659K(2752K)->2659K(2752K)
[256.913s][info][gc             ] GC(853) Pause Full (Allocation Failure) 744M->368M(869M) 705.267ms
[256.913s][info][gc,cpu         ] GC(853) User=1.34s Sys=0.00s Real=0.70s
[257.003s][info][gc,start       ] GC(854) Pause Young (Allocation Failure)
[257.019s][info][gc,heap        ] GC(854) PSYoungGen: 111616K(222720K)->10784K(222720K) Eden: 111616K(111616K)->0K(111616K) From: 0K(111104K)->10784K(111104K)
[257.019s][info][gc,heap        ] GC(854) ParOldGen: 377420K(667648K)->377420K(667648K)
[257.019s][info][gc,metaspace   ] GC(854) Metaspace: 18775K(19008K)->18775K(19008K) NonClass: 16116K(16256K)->16116K(16256K) Class: 2659K(2752K)->2659K(2752K)
[257.019s][info][gc             ] GC(854) Pause Young (Allocation Failure) 477M->379M(869M) 16.100ms
[257.019s][info][gc,cpu         ] GC(854) User=0.03s Sys=0.00s Real=0.01s
[257.166s][info][gc,start       ] GC(855) Pause Young (Allocation Failure)
[257.181s][info][gc,heap        ] GC(855) PSYoungGen: 122400K(222720K)->1952K(222720K) Eden: 111616K(111616K)->0K(111616K) From: 10784K(111104K)->1952K(111104K)
[257.181s][info][gc,heap        ] GC(855) ParOldGen: 377420K(667648K)->388196K(667648K)
[257.181s][info][gc,metaspace   ] GC(855) Metaspace: 18775K(19008K)->18775K(19008K) NonClass: 16116K(16256K)->16116K(16256K) Class: 2659K(2752K)->2659K(2752K)
[257.181s][info][gc             ] GC(855) Pause Young (Allocation Failure) 488M->381M(869M) 14.859ms
[257.181s][info][gc,cpu         ] GC(855) User=0.03s Sys=0.00s Real=0.01s
[257.308s][info][gc,start       ] GC(856) Pause Young (Allocation Failure)
[257.328s][info][gc,heap        ] GC(856) PSYoungGen: 113568K(222720K)->17056K(222720K) Eden: 111616K(111616K)->0K(111616K) From: 1952K(111104K)->17056K(111104K)
[257.328s][info][gc,heap        ] GC(856) ParOldGen: 388196K(667648K)->390084K(667648K)
[257.328s][info][gc,metaspace   ] GC(856) Metaspace: 18775K(19008K)->18775K(19008K) NonClass: 16116K(16256K)->16116K(16256K) Class: 2659K(2752K)->2659K(2752K)
[257.328s][info][gc             ] GC(856) Pause Young (Allocation Failure) 490M->397M(869M) 20.810ms
[257.329s][info][gc,cpu         ] GC(856) User=0.04s Sys=0.00s Real=0.02s
[257.589s][info][gc,start       ] GC(857) Pause Young (Allocation Failure)
[257.620s][info][gc,heap        ] GC(857) PSYoungGen: 128672K(222720K)->6880K(222720K) Eden: 111616K(111616K)->0K(111616K) From: 17056K(111104K)->6880K(111104K)
[257.620s][info][gc,heap        ] GC(857) ParOldGen: 390084K(667648K)->407118K(667648K)
[257.620s][info][gc,metaspace   ] GC(857) Metaspace: 18775K(19008K)->18775K(19008K) NonClass: 16116K(16256K)->16116K(16256K) Class: 2659K(2752K)->2659K(2752K)
[257.620s][info][gc             ] GC(857) Pause Young (Allocation Failure) 506M->404M(869M) 31.347ms
[257.620s][info][gc,cpu         ] GC(857) User=0.06s Sys=0.00s Real=0.03s
[257.799s][info][gc,start       ] GC(858) Pause Young (Allocation Failure)
[257.823s][info][gc,heap        ] GC(858) PSYoungGen: 118496K(222720K)->16016K(222720K) Eden: 111616K(111616K)->0K(111616K) From: 6880K(111104K)->16016K(111104K)
[257.823s][info][gc,heap        ] GC(858) ParOldGen: 407118K(667648K)->413990K(667648K)
[257.823s][info][gc,metaspace   ] GC(858) Metaspace: 18786K(19008K)->18786K(19008K) NonClass: 16127K(16256K)->16127K(16256K) Class: 2659K(2752K)->2659K(2752K)
[257.823s][info][gc             ] GC(858) Pause Young (Allocation Failure) 513M->419M(869M) 23.473ms
[257.823s][info][gc,cpu         ] GC(858) User=0.05s Sys=0.00s Real=0.02s
[257.983s][info][gc,start       ] GC(859) Pause Young (Allocation Failure)
[258.004s][info][gc,heap        ] GC(859) PSYoungGen: 127632K(222720K)->5664K(222720K) Eden: 111616K(111616K)->0K(111616K) From: 16016K(111104K)->5664K(111104K)
[258.004s][info][gc,heap        ] GC(859) ParOldGen: 413990K(667648K)->430075K(667648K)
[258.004s][info][gc,metaspace   ] GC(859) Metaspace: 18789K(19008K)->18789K(19008K) NonClass: 16130K(16256K)->16130K(16256K) Class: 2659K(2752K)->2659K(2752K)
[258.004s][info][gc             ] GC(859) Pause Young (Allocation Failure) 528M->425M(869M) 20.702ms
[258.004s][info][gc,cpu         ] GC(859) User=0.04s Sys=0.00s Real=0.03s
[258.088s][info][gc,start       ] GC(860) Pause Young (Allocation Failure)
[258.122s][info][gc,heap        ] GC(860) PSYoungGen: 117280K(222720K)->40704K(222720K) Eden: 111616K(111616K)->0K(111616K) From: 5664K(111104K)->40704K(111104K)
[258.122s][info][gc,heap        ] GC(860) ParOldGen: 430075K(667648K)->435716K(667648K)
[258.122s][info][gc,metaspace   ] GC(860) Metaspace: 18789K(19008K)->18789K(19008K) NonClass: 16130K(16256K)->16130K(16256K) Class: 2659K(2752K)->2659K(2752K)
[258.122s][info][gc             ] GC(860) Pause Young (Allocation Failure) 534M->465M(869M) 34.543ms
[258.122s][info][gc,cpu         ] GC(860) User=0.07s Sys=0.00s Real=0.03s
[258.279s][info][gc,start       ] GC(861) Pause Young (Allocation Failure)
[258.325s][info][gc,heap        ] GC(861) PSYoungGen: 152320K(222720K)->30624K(222720K) Eden: 111616K(111616K)->0K(111616K) From: 40704K(111104K)->30624K(111104K)
[258.326s][info][gc,heap        ] GC(861) ParOldGen: 435716K(667648K)->476884K(667648K)
[258.326s][info][gc,metaspace   ] GC(861) Metaspace: 18789K(19008K)->18789K(19008K) NonClass: 16130K(16256K)->16130K(16256K) Class: 2659K(2752K)->2659K(2752K)
[258.326s][info][gc             ] GC(861) Pause Young (Allocation Failure) 574M->495M(869M) 46.580ms
[258.326s][info][gc,cpu         ] GC(861) User=0.10s Sys=0.00s Real=0.05s
[258.449s][info][gc,start       ] GC(862) Pause Young (Allocation Failure)
[258.477s][info][gc,heap        ] GC(862) PSYoungGen: 142240K(222720K)->33520K(145408K) Eden: 111616K(111616K)->0K(111616K) From: 30624K(111104K)->33520K(33792K)
[258.477s][info][gc,heap        ] GC(862) ParOldGen: 476884K(667648K)->476884K(667648K)
[258.477s][info][gc,metaspace   ] GC(862) Metaspace: 18789K(19008K)->18789K(19008K) NonClass: 16130K(16256K)->16130K(16256K) Class: 2659K(2752K)->2659K(2752K)
[258.477s][info][gc             ] GC(862) Pause Young (Allocation Failure) 604M->498M(794M) 28.253ms
[258.477s][info][gc,cpu         ] GC(862) User=0.05s Sys=0.00s Real=0.03s
[258.647s][info][gc,start       ] GC(863) Pause Young (Allocation Failure)
[258.716s][info][gc,heap        ] GC(863) PSYoungGen: 145136K(145408K)->64255K(212992K) Eden: 111616K(111616K)->0K(108544K) From: 33520K(33792K)->64255K(104448K)
[258.716s][info][gc,heap        ] GC(863) ParOldGen: 476884K(667648K)->476884K(667648K)
[258.716s][info][gc,metaspace   ] GC(863) Metaspace: 18789K(19008K)->18789K(19008K) NonClass: 16130K(16256K)->16130K(16256K) Class: 2659K(2752K)->2659K(2752K)
[258.716s][info][gc             ] GC(863) Pause Young (Allocation Failure) 607M->528M(860M) 68.358ms
[258.716s][info][gc,cpu         ] GC(863) User=0.14s Sys=0.00s Real=0.07s
[258.848s][info][gc,start       ] GC(864) Pause Young (Allocation Failure)
[258.933s][info][gc,heap        ] GC(864) PSYoungGen: 172799K(212992K)->82127K(216064K) Eden: 108544K(108544K)->0K(108544K) From: 64255K(104448K)->82127K(107520K)
[258.933s][info][gc,heap        ] GC(864) ParOldGen: 476884K(667648K)->476884K(667648K)
[258.933s][info][gc,metaspace   ] GC(864) Metaspace: 18789K(19008K)->18789K(19008K) NonClass: 16130K(16256K)->16130K(16256K) Class: 2659K(2752K)->2659K(2752K)
[258.933s][info][gc             ] GC(864) Pause Young (Allocation Failure) 634M->545M(863M) 84.996ms
[258.933s][info][gc,cpu         ] GC(864) User=0.17s Sys=0.00s Real=0.09s
[259.053s][info][gc,start       ] GC(865) Pause Young (Allocation Failure)
[259.148s][info][gc,heap        ] GC(865) PSYoungGen: 190671K(216064K)->56607K(222720K) Eden: 108544K(108544K)->0K(111616K) From: 82127K(107520K)->56607K(111104K)
[259.148s][info][gc,heap        ] GC(865) ParOldGen: 476884K(667648K)->510668K(667648K)
[259.148s][info][gc,metaspace   ] GC(865) Metaspace: 18789K(19008K)->18789K(19008K) NonClass: 16130K(16256K)->16130K(16256K) Class: 2659K(2752K)->2659K(2752K)
[259.148s][info][gc             ] GC(865) Pause Young (Allocation Failure) 651M->553M(869M) 94.680ms
[259.148s][info][gc,cpu         ] GC(865) User=0.19s Sys=0.00s Real=0.09s
[259.257s][info][gc,start       ] GC(866) Pause Young (Allocation Failure)
[259.326s][info][gc,heap        ] GC(866) PSYoungGen: 168223K(222720K)->8608K(222720K) Eden: 111616K(111616K)->0K(111616K) From: 56607K(111104K)->8608K(111104K)
[259.326s][info][gc,heap        ] GC(866) ParOldGen: 510668K(667648K)->559394K(667648K)
[259.326s][info][gc,metaspace   ] GC(866) Metaspace: 18789K(19008K)->18789K(19008K) NonClass: 16130K(16256K)->16130K(16256K) Class: 2659K(2752K)->2659K(2752K)
[259.326s][info][gc             ] GC(866) Pause Young (Allocation Failure) 662M->554M(869M) 69.734ms
[259.326s][info][gc,cpu         ] GC(866) User=0.14s Sys=0.00s Real=0.07s
[259.453s][info][gc,start       ] GC(867) Pause Young (Allocation Failure)
[259.473s][info][gc,heap        ] GC(867) PSYoungGen: 120224K(222720K)->4032K(222720K) Eden: 111616K(111616K)->0K(111616K) From: 8608K(111104K)->4032K(111104K)
[259.473s][info][gc,heap        ] GC(867) ParOldGen: 559394K(667648K)->568010K(667648K)
[259.473s][info][gc,metaspace   ] GC(867) Metaspace: 18789K(19008K)->18789K(19008K) NonClass: 16130K(16256K)->16130K(16256K) Class: 2659K(2752K)->2659K(2752K)
[259.473s][info][gc             ] GC(867) Pause Young (Allocation Failure) 663M->558M(869M) 19.834ms
[259.473s][info][gc,cpu         ] GC(867) User=0.04s Sys=0.00s Real=0.02s
[259.612s][info][gc,start       ] GC(868) Pause Young (Allocation Failure)
[259.619s][info][gc,heap        ] GC(868) PSYoungGen: 115648K(222720K)->64K(222720K) Eden: 111616K(111616K)->0K(111616K) From: 4032K(111104K)->64K(111104K)
[259.619s][info][gc,heap        ] GC(868) ParOldGen: 568010K(667648K)->572034K(667648K)
[259.619s][info][gc,metaspace   ] GC(868) Metaspace: 18794K(19008K)->18794K(19008K) NonClass: 16134K(16256K)->16134K(16256K) Class: 2659K(2752K)->2659K(2752K)
[259.619s][info][gc             ] GC(868) Pause Young (Allocation Failure) 667M->558M(869M) 6.989ms
[259.619s][info][gc,cpu         ] GC(868) User=0.01s Sys=0.00s Real=0.01s
[259.867s][info][gc,start       ] GC(869) Pause Young (Allocation Failure)
[259.893s][info][gc,heap        ] GC(869) PSYoungGen: 111680K(222720K)->13936K(215552K) Eden: 111616K(111616K)->0K(111616K) From: 64K(111104K)->13936K(103936K)
[259.893s][info][gc,heap        ] GC(869) ParOldGen: 572034K(667648K)->572066K(667648K)
[259.893s][info][gc,metaspace   ] GC(869) Metaspace: 18794K(19008K)->18794K(19008K) NonClass: 16134K(16256K)->16134K(16256K) Class: 2659K(2752K)->2659K(2752K)
[259.893s][info][gc             ] GC(869) Pause Young (Allocation Failure) 667M->572M(862M) 25.631ms
[259.893s][info][gc,cpu         ] GC(869) User=0.05s Sys=0.00s Real=0.02s
[260.059s][info][gc,start       ] GC(870) Pause Young (Allocation Failure)
[260.094s][info][gc,heap        ] GC(870) PSYoungGen: 125552K(215552K)->31504K(219136K) Eden: 111616K(111616K)->0K(111616K) From: 13936K(103936K)->31504K(107520K)
[260.094s][info][gc,heap        ] GC(870) ParOldGen: 572066K(667648K)->572066K(667648K)
[260.094s][info][gc,metaspace   ] GC(870) Metaspace: 18794K(19008K)->18794K(19008K) NonClass: 16134K(16256K)->16134K(16256K) Class: 2659K(2752K)->2659K(2752K)
[260.094s][info][gc             ] GC(870) Pause Young (Allocation Failure) 681M->589M(866M) 34.449ms
[260.094s][info][gc,cpu         ] GC(870) User=0.07s Sys=0.00s Real=0.04s
[260.215s][info][gc,start       ] GC(871) Pause Young (Allocation Failure)
[260.272s][info][gc,heap        ] GC(871) PSYoungGen: 143120K(219136K)->69442K(211968K) Eden: 111616K(111616K)->0K(112128K) From: 31504K(107520K)->69442K(99840K)
[260.272s][info][gc,heap        ] GC(871) ParOldGen: 572066K(667648K)->572066K(667648K)
[260.272s][info][gc,metaspace   ] GC(871) Metaspace: 18799K(19008K)->18799K(19008K) NonClass: 16140K(16256K)->16140K(16256K) Class: 2659K(2752K)->2659K(2752K)
[260.272s][info][gc             ] GC(871) Pause Young (Allocation Failure) 698M->626M(859M) 57.616ms
[260.272s][info][gc,cpu         ] GC(871) User=0.12s Sys=0.00s Real=0.05s
[260.460s][info][gc,start       ] GC(872) Pause Young (Allocation Failure)
[260.539s][info][gc,heap        ] GC(872) PSYoungGen: 181570K(211968K)->104786K(219136K) Eden: 112128K(112128K)->0K(112128K) From: 69442K(99840K)->104786K(107008K)
[260.539s][info][gc,heap        ] GC(872) ParOldGen: 572066K(667648K)->572066K(667648K)
[260.539s][info][gc,metaspace   ] GC(872) Metaspace: 18799K(19008K)->18799K(19008K) NonClass: 16140K(16256K)->16140K(16256K) Class: 2659K(2752K)->2659K(2752K)
[260.539s][info][gc             ] GC(872) Pause Young (Allocation Failure) 735M->660M(866M) 78.541ms
[260.539s][info][gc,cpu         ] GC(872) User=0.15s Sys=0.00s Real=0.08s
[260.650s][info][gc,start       ] GC(873) Pause Young (Allocation Failure)
[260.729s][info][gc,heap        ] GC(873) PSYoungGen: 216914K(219136K)->76274K(222720K) Eden: 112128K(112128K)->0K(111616K) From: 104786K(107008K)->76274K(111104K)
[260.729s][info][gc,heap        ] GC(873) ParOldGen: 572066K(667648K)->603595K(667648K)
[260.729s][info][gc,metaspace   ] GC(873) Metaspace: 18799K(19008K)->18799K(19008K) NonClass: 16140K(16256K)->16140K(16256K) Class: 2659K(2752K)->2659K(2752K)
[260.729s][info][gc             ] GC(873) Pause Young (Allocation Failure) 770M->663M(869M) 78.584ms
[260.729s][info][gc,cpu         ] GC(873) User=0.16s Sys=0.00s Real=0.08s
[260.901s][info][gc,start       ] GC(874) Pause Young (Allocation Failure)
[261.012s][info][gc,promotion   ] GC(874) Promotion failed
[261.012s][info][gc,heap        ] GC(874) PSYoungGen: 187890K(222720K)->187890K(222720K) Eden: 111616K(111616K)->111616K(111616K) From: 76274K(111104K)->76274K(111104K)
[261.012s][info][gc,heap        ] GC(874) ParOldGen: 603595K(667648K)->667647K(667648K)
[261.012s][info][gc,metaspace   ] GC(874) Metaspace: 18799K(19008K)->18799K(19008K) NonClass: 16140K(16256K)->16140K(16256K) Class: 2659K(2752K)->2659K(2752K)
[261.012s][info][gc             ] GC(874) Pause Young (Allocation Failure) 772M->835M(869M) 111.188ms
[261.012s][info][gc,cpu         ] GC(874) User=0.20s Sys=0.02s Real=0.11s
[261.013s][info][gc,start       ] GC(875) Pause Full (Allocation Failure)
[261.013s][info][gc,phases,start] GC(875) Marking Phase
[261.359s][info][gc,phases      ] GC(875) Marking Phase 346.493ms
[261.359s][info][gc,phases,start] GC(875) Summary Phase
[261.359s][info][gc,phases      ] GC(875) Summary Phase 0.039ms
[261.359s][info][gc,phases,start] GC(875) Forward
[261.498s][info][gc,phases      ] GC(875) Forward 139.319ms
[261.499s][info][gc,phases,start] GC(875) Adjust Pointers
[261.771s][info][gc,phases      ] GC(875) Adjust Pointers 272.444ms
[261.771s][info][gc,phases,start] GC(875) Compaction Phase
[261.934s][info][gc,phases      ] GC(875) Compaction Phase 162.790ms
[261.946s][info][gc,phases,start] GC(875) Post Compact
[261.949s][info][gc,phases      ] GC(875) Post Compact 2.573ms
[261.949s][info][gc,heap        ] GC(875) PSYoungGen: 187890K(222720K)->0K(222720K) Eden: 111616K(111616K)->0K(111616K) From: 76274K(111104K)->0K(111104K)
[261.949s][info][gc,heap        ] GC(875) ParOldGen: 667647K(667648K)->493919K(667648K)
[261.949s][info][gc,metaspace   ] GC(875) Metaspace: 18799K(19008K)->18799K(19008K) NonClass: 16140K(16256K)->16140K(16256K) Class: 2659K(2752K)->2659K(2752K)
[261.949s][info][gc             ] GC(875) Pause Full (Allocation Failure) 835M->482M(869M) 936.507ms
[261.949s][info][gc,cpu         ] GC(875) User=1.75s Sys=0.00s Real=0.94s
[262.092s][info][gc,start       ] GC(876) Pause Young (Allocation Failure)
[262.117s][info][gc,heap        ] GC(876) PSYoungGen: 111616K(222720K)->22016K(222720K) Eden: 111616K(111616K)->0K(111616K) From: 0K(111104K)->22016K(111104K)
[262.117s][info][gc,heap        ] GC(876) ParOldGen: 493919K(667648K)->493919K(667648K)
[262.117s][info][gc,metaspace   ] GC(876) Metaspace: 18799K(19008K)->18799K(19008K) NonClass: 16140K(16256K)->16140K(16256K) Class: 2659K(2752K)->2659K(2752K)
[262.117s][info][gc             ] GC(876) Pause Young (Allocation Failure) 591M->503M(869M) 25.078ms
[262.117s][info][gc,cpu         ] GC(876) User=0.05s Sys=0.00s Real=0.03s
[262.232s][info][gc,start       ] GC(877) Pause Young (Allocation Failure)
[262.260s][info][gc,heap        ] GC(877) PSYoungGen: 133632K(222720K)->3936K(222720K) Eden: 111616K(111616K)->0K(111616K) From: 22016K(111104K)->3936K(111104K)
[262.260s][info][gc,heap        ] GC(877) ParOldGen: 493919K(667648K)->515935K(667648K)
[262.260s][info][gc,metaspace   ] GC(877) Metaspace: 18799K(19008K)->18799K(19008K) NonClass: 16140K(16256K)->16140K(16256K) Class: 2659K(2752K)->2659K(2752K)
[262.260s][info][gc             ] GC(877) Pause Young (Allocation Failure) 612M->507M(869M) 28.315ms
[262.260s][info][gc,cpu         ] GC(877) User=0.06s Sys=0.00s Real=0.03s
[262.376s][info][gc,start       ] GC(878) Pause Young (Allocation Failure)
[262.387s][info][gc,heap        ] GC(878) PSYoungGen: 115552K(222720K)->640K(222720K) Eden: 111616K(111616K)->0K(111616K) From: 3936K(111104K)->640K(111104K)
[262.387s][info][gc,heap        ] GC(878) ParOldGen: 515935K(667648K)->519863K(667648K)
[262.387s][info][gc,metaspace   ] GC(878) Metaspace: 18799K(19008K)->18799K(19008K) NonClass: 16140K(16256K)->16140K(16256K) Class: 2659K(2752K)->2659K(2752K)
[262.387s][info][gc             ] GC(878) Pause Young (Allocation Failure) 616M->508M(869M) 11.125ms
[262.387s][info][gc,cpu         ] GC(878) User=0.02s Sys=0.00s Real=0.01s
[262.520s][info][gc,start       ] GC(879) Pause Young (Allocation Failure)
[262.531s][info][gc,heap        ] GC(879) PSYoungGen: 112256K(222720K)->4032K(222720K) Eden: 111616K(111616K)->0K(111616K) From: 640K(111104K)->4032K(111104K)
[262.531s][info][gc,heap        ] GC(879) ParOldGen: 519863K(667648K)->520479K(667648K)
[262.531s][info][gc,metaspace   ] GC(879) Metaspace: 18799K(19008K)->18799K(19008K) NonClass: 16140K(16256K)->16140K(16256K) Class: 2659K(2752K)->2659K(2752K)
[262.531s][info][gc             ] GC(879) Pause Young (Allocation Failure) 617M->512M(869M) 11.390ms
[262.531s][info][gc,cpu         ] GC(879) User=0.03s Sys=0.00s Real=0.01s
[262.679s][info][gc,start       ] GC(880) Pause Young (Allocation Failure)
[262.689s][info][gc,heap        ] GC(880) PSYoungGen: 115648K(222720K)->3712K(222720K) Eden: 111616K(111616K)->0K(111616K) From: 4032K(111104K)->3712K(111104K)
[262.689s][info][gc,heap        ] GC(880) ParOldGen: 520479K(667648K)->524495K(667648K)
[262.689s][info][gc,metaspace   ] GC(880) Metaspace: 18799K(19008K)->18799K(19008K) NonClass: 16140K(16256K)->16140K(16256K) Class: 2659K(2752K)->2659K(2752K)
[262.689s][info][gc             ] GC(880) Pause Young (Allocation Failure) 621M->515M(869M) 10.292ms
[262.689s][info][gc,cpu         ] GC(880) User=0.02s Sys=0.00s Real=0.01s
[262.869s][info][gc,start       ] GC(881) Pause Young (Allocation Failure)
[262.890s][info][gc,heap        ] GC(881) PSYoungGen: 115328K(222720K)->15936K(128000K) Eden: 111616K(111616K)->0K(111616K) From: 3712K(111104K)->15936K(16384K)
[262.890s][info][gc,heap        ] GC(881) ParOldGen: 524495K(667648K)->528215K(667648K)
[262.890s][info][gc,metaspace   ] GC(881) Metaspace: 18799K(19008K)->18799K(19008K) NonClass: 16140K(16256K)->16140K(16256K) Class: 2659K(2752K)->2659K(2752K)
[262.890s][info][gc             ] GC(881) Pause Young (Allocation Failure) 624M->531M(777M) 21.684ms
[262.890s][info][gc,cpu         ] GC(881) User=0.04s Sys=0.00s Real=0.02s
[263.150s][info][gc,start       ] GC(882) Pause Young (Allocation Failure)
[263.176s][info][gc,heap        ] GC(882) PSYoungGen: 127552K(128000K)->23024K(218624K) Eden: 111616K(111616K)->0K(117760K) From: 15936K(16384K)->23024K(100864K)
[263.176s][info][gc,heap        ] GC(882) ParOldGen: 528215K(667648K)->528215K(667648K)
[263.176s][info][gc,metaspace   ] GC(882) Metaspace: 18799K(19008K)->18799K(19008K) NonClass: 16140K(16256K)->16140K(16256K) Class: 2659K(2752K)->2659K(2752K)
[263.176s][info][gc             ] GC(882) Pause Young (Allocation Failure) 640M->538M(865M) 25.755ms
[263.176s][info][gc,cpu         ] GC(882) User=0.05s Sys=0.00s Real=0.03s
[263.502s][info][gc,start       ] GC(883) Pause Young (Allocation Failure)
[263.530s][info][gc,heap        ] GC(883) PSYoungGen: 140784K(218624K)->23008K(140800K) Eden: 117760K(117760K)->0K(117760K) From: 23024K(100864K)->23008K(23040K)
[263.530s][info][gc,heap        ] GC(883) ParOldGen: 528215K(667648K)->528215K(667648K)
[263.530s][info][gc,metaspace   ] GC(883) Metaspace: 18799K(19008K)->18799K(19008K) NonClass: 16140K(16256K)->16140K(16256K) Class: 2659K(2752K)->2659K(2752K)
[263.530s][info][gc             ] GC(883) Pause Young (Allocation Failure) 653M->538M(789M) 28.184ms
[263.530s][info][gc,cpu         ] GC(883) User=0.06s Sys=0.00s Real=0.03s
[263.825s][info][gc,start       ] GC(884) Pause Young (Allocation Failure)
[263.850s][info][gc,heap        ] GC(884) PSYoungGen: 140768K(140800K)->23744K(205824K) Eden: 117760K(117760K)->0K(123392K) From: 23008K(23040K)->23744K(82432K)
[263.850s][info][gc,heap        ] GC(884) ParOldGen: 528215K(667648K)->528215K(667648K)
[263.850s][info][gc,metaspace   ] GC(884) Metaspace: 18799K(19008K)->18799K(19008K) NonClass: 16140K(16256K)->16140K(16256K) Class: 2659K(2752K)->2659K(2752K)
[263.850s][info][gc             ] GC(884) Pause Young (Allocation Failure) 653M->539M(853M) 24.857ms
[263.850s][info][gc,cpu         ] GC(884) User=0.05s Sys=0.00s Real=0.02s
[264.174s][info][gc,start       ] GC(885) Pause Young (Allocation Failure)
[264.207s][info][gc,heap        ] GC(885) PSYoungGen: 147136K(205824K)->23040K(212480K) Eden: 123392K(123392K)->0K(123392K) From: 23744K(82432K)->23040K(89088K)
[264.207s][info][gc,heap        ] GC(885) ParOldGen: 528215K(667648K)->528215K(667648K)
[264.207s][info][gc,metaspace   ] GC(885) Metaspace: 18799K(19008K)->18799K(19008K) NonClass: 16140K(16256K)->16140K(16256K) Class: 2659K(2752K)->2659K(2752K)
[264.207s][info][gc             ] GC(885) Pause Young (Allocation Failure) 659M->538M(859M) 33.334ms
[264.207s][info][gc,cpu         ] GC(885) User=0.07s Sys=0.00s Real=0.03s
[264.486s][info][gc,start       ] GC(886) Pause Young (Allocation Failure)
[264.511s][info][gc,heap        ] GC(886) PSYoungGen: 146432K(212480K)->23424K(201728K) Eden: 123392K(123392K)->0K(129024K) From: 23040K(89088K)->23424K(72704K)
[264.511s][info][gc,heap        ] GC(886) ParOldGen: 528215K(667648K)->528215K(667648K)
[264.512s][info][gc,metaspace   ] GC(886) Metaspace: 18799K(19008K)->18799K(19008K) NonClass: 16140K(16256K)->16140K(16256K) Class: 2659K(2752K)->2659K(2752K)
[264.512s][info][gc             ] GC(886) Pause Young (Allocation Failure) 658M->538M(849M) 26.019ms
[264.512s][info][gc,cpu         ] GC(886) User=0.04s Sys=0.00s Real=0.02s
[264.653s][info][gc,start       ] GC(887) Pause Young (Allocation Failure)
[264.707s][info][gc,heap        ] GC(887) PSYoungGen: 152448K(201728K)->63712K(207360K) Eden: 129024K(129024K)->0K(129024K) From: 23424K(72704K)->63712K(78336K)
[264.707s][info][gc,heap        ] GC(887) ParOldGen: 528215K(667648K)->528215K(667648K)
[264.707s][info][gc,metaspace   ] GC(887) Metaspace: 18799K(19008K)->18799K(19008K) NonClass: 16140K(16256K)->16140K(16256K) Class: 2659K(2752K)->2659K(2752K)
[264.707s][info][gc             ] GC(887) Pause Young (Allocation Failure) 664M->578M(854M) 53.654ms
[264.707s][info][gc,cpu         ] GC(887) User=0.11s Sys=0.00s Real=0.06s
[264.886s][info][gc,start       ] GC(888) Pause Young (Allocation Failure)
[264.968s][info][gc,heap        ] GC(888) PSYoungGen: 192736K(207360K)->87024K(205312K) Eden: 129024K(129024K)->0K(118272K) From: 63712K(78336K)->87024K(87040K)
[264.968s][info][gc,heap        ] GC(888) ParOldGen: 528215K(667648K)->537999K(667648K)
[264.968s][info][gc,metaspace   ] GC(888) Metaspace: 18800K(19008K)->18800K(19008K) NonClass: 16140K(16256K)->16140K(16256K) Class: 2659K(2752K)->2659K(2752K)
[264.968s][info][gc             ] GC(888) Pause Young (Allocation Failure) 704M->610M(852M) 81.974ms
[264.968s][info][gc,cpu         ] GC(888) User=0.15s Sys=0.02s Real=0.08s
[265.096s][info][gc,start       ] GC(889) Pause Young (Allocation Failure)
[265.162s][info][gc,heap        ] GC(889) PSYoungGen: 205296K(205312K)->66944K(185344K) Eden: 118272K(118272K)->0K(118272K) From: 87024K(87040K)->66944K(67072K)
[265.162s][info][gc,heap        ] GC(889) ParOldGen: 537999K(667648K)->561008K(667648K)
[265.162s][info][gc,metaspace   ] GC(889) Metaspace: 18800K(19008K)->18800K(19008K) NonClass: 16140K(16256K)->16140K(16256K) Class: 2659K(2752K)->2659K(2752K)
[265.162s][info][gc             ] GC(889) Pause Young (Allocation Failure) 725M->613M(833M) 66.532ms
[265.162s][info][gc,cpu         ] GC(889) User=0.14s Sys=0.00s Real=0.06s
[265.331s][info][gc,start       ] GC(890) Pause Young (Allocation Failure)
[265.426s][info][gc,heap        ] GC(890) PSYoungGen: 185216K(185344K)->99088K(222208K) Eden: 118272K(118272K)->0K(111616K) From: 66944K(67072K)->99088K(110592K)
[265.426s][info][gc,heap        ] GC(890) ParOldGen: 561008K(667648K)->561008K(667648K)
[265.426s][info][gc,metaspace   ] GC(890) Metaspace: 18800K(19008K)->18800K(19008K) NonClass: 16140K(16256K)->16140K(16256K) Class: 2659K(2752K)->2659K(2752K)
[265.426s][info][gc             ] GC(890) Pause Young (Allocation Failure) 728M->644M(869M) 95.112ms
[265.426s][info][gc,cpu         ] GC(890) User=0.18s Sys=0.01s Real=0.10s
[265.564s][info][gc,start       ] GC(891) Pause Young (Allocation Failure)
[265.681s][info][gc,heap        ] GC(891) PSYoungGen: 210704K(222208K)->111088K(222720K) Eden: 111616K(111616K)->0K(111616K) From: 99088K(110592K)->111088K(111104K)
[265.681s][info][gc,heap        ] GC(891) ParOldGen: 561008K(667648K)->569552K(667648K)
[265.681s][info][gc,metaspace   ] GC(891) Metaspace: 18800K(19008K)->18800K(19008K) NonClass: 16140K(16256K)->16140K(16256K) Class: 2659K(2752K)->2659K(2752K)
[265.681s][info][gc             ] GC(891) Pause Young (Allocation Failure) 753M->664M(869M) 116.994ms
[265.681s][info][gc,cpu         ] GC(891) User=0.24s Sys=0.00s Real=0.11s
[265.790s][info][gc,start       ] GC(892) Pause Young (Allocation Failure)
[265.909s][info][gc,heap        ] GC(892) PSYoungGen: 222704K(222720K)->111072K(222720K) Eden: 111616K(111616K)->0K(111616K) From: 111088K(111104K)->111072K(111104K)
[265.909s][info][gc,heap        ] GC(892) ParOldGen: 569552K(667648K)->573528K(667648K)
[265.909s][info][gc,metaspace   ] GC(892) Metaspace: 18800K(19008K)->18800K(19008K) NonClass: 16140K(16256K)->16140K(16256K) Class: 2659K(2752K)->2659K(2752K)
[265.909s][info][gc             ] GC(892) Pause Young (Allocation Failure) 773M->668M(869M) 119.835ms
[265.909s][info][gc,cpu         ] GC(892) User=0.23s Sys=0.00s Real=0.12s
[266.025s][info][gc,start       ] GC(893) Pause Young (Allocation Failure)
[266.135s][info][gc,heap        ] GC(893) PSYoungGen: 222688K(222720K)->48032K(222720K) Eden: 111616K(111616K)->0K(111616K) From: 111072K(111104K)->48032K(111104K)
[266.135s][info][gc,heap        ] GC(893) ParOldGen: 573528K(667648K)->637949K(667648K)
[266.135s][info][gc,metaspace   ] GC(893) Metaspace: 18800K(19008K)->18800K(19008K) NonClass: 16140K(16256K)->16140K(16256K) Class: 2659K(2752K)->2659K(2752K)
[266.135s][info][gc             ] GC(893) Pause Young (Allocation Failure) 777M->669M(869M) 109.617ms
[266.135s][info][gc,cpu         ] GC(893) User=0.22s Sys=0.00s Real=0.11s
[266.254s][info][gc,start       ] GC(894) Pause Full (Allocation Failure)
[266.254s][info][gc,phases,start] GC(894) Marking Phase
[266.729s][info][gc,phases      ] GC(894) Marking Phase 474.552ms
[266.729s][info][gc,phases,start] GC(894) Summary Phase
[266.729s][info][gc,phases      ] GC(894) Summary Phase 0.025ms
[266.729s][info][gc,phases,start] GC(894) Forward
[266.835s][info][gc,phases      ] GC(894) Forward 106.023ms
[266.835s][info][gc,phases,start] GC(894) Adjust Pointers
[267.190s][info][gc,phases      ] GC(894) Adjust Pointers 354.605ms
[267.190s][info][gc,phases,start] GC(894) Compaction Phase
[267.398s][info][gc,phases      ] GC(894) Compaction Phase 208.407ms
[267.408s][info][gc,phases,start] GC(894) Post Compact
[267.411s][info][gc,phases      ] GC(894) Post Compact 2.314ms
[267.411s][info][gc,heap        ] GC(894) PSYoungGen: 159648K(222720K)->1425K(222720K) Eden: 111616K(111616K)->0K(111616K) From: 48032K(111104K)->1425K(111104K)
[267.411s][info][gc,heap        ] GC(894) ParOldGen: 637949K(667648K)->667551K(667648K)
[267.411s][info][gc,metaspace   ] GC(894) Metaspace: 18800K(19008K)->18800K(19008K) NonClass: 16140K(16256K)->16140K(16256K) Class: 2659K(2752K)->2659K(2752K)
[267.411s][info][gc             ] GC(894) Pause Full (Allocation Failure) 778M->653M(869M) 1156.296ms
[267.411s][info][gc,cpu         ] GC(894) User=2.26s Sys=0.00s Real=1.15s
[267.556s][info][gc,start       ] GC(895) Pause Full (Allocation Failure)
[267.556s][info][gc,phases,start] GC(895) Marking Phase
[267.919s][info][gc,phases      ] GC(895) Marking Phase 362.884ms
[267.919s][info][gc,phases,start] GC(895) Summary Phase
[267.919s][info][gc,phases      ] GC(895) Summary Phase 0.026ms
[267.919s][info][gc,phases,start] GC(895) Forward
[268.056s][info][gc,phases      ] GC(895) Forward 136.702ms
[268.056s][info][gc,phases,start] GC(895) Adjust Pointers
[268.339s][info][gc,phases      ] GC(895) Adjust Pointers 282.451ms
[268.339s][info][gc,phases,start] GC(895) Compaction Phase
[268.498s][info][gc,phases      ] GC(895) Compaction Phase 159.300ms
[268.510s][info][gc,phases,start] GC(895) Post Compact
[268.512s][info][gc,phases      ] GC(895) Post Compact 2.260ms
[268.512s][info][gc,heap        ] GC(895) PSYoungGen: 113041K(222720K)->0K(222720K) Eden: 111616K(111616K)->0K(111616K) From: 1425K(111104K)->0K(111104K)
[268.512s][info][gc,heap        ] GC(895) ParOldGen: 667551K(667648K)->521227K(667648K)
[268.512s][info][gc,metaspace   ] GC(895) Metaspace: 18800K(19008K)->18800K(19008K) NonClass: 16140K(16256K)->16140K(16256K) Class: 2659K(2752K)->2659K(2752K)
[268.512s][info][gc             ] GC(895) Pause Full (Allocation Failure) 762M->509M(869M) 955.745ms
[268.512s][info][gc,cpu         ] GC(895) User=1.80s Sys=0.00s Real=0.95s
[268.740s][info][gc,start       ] GC(896) Pause Young (Allocation Failure)
[268.754s][info][gc,heap        ] GC(896) PSYoungGen: 111616K(222720K)->11440K(222720K) Eden: 111616K(111616K)->0K(111616K) From: 0K(111104K)->11440K(111104K)
[268.754s][info][gc,heap        ] GC(896) ParOldGen: 521227K(667648K)->521227K(667648K)
[268.754s][info][gc,metaspace   ] GC(896) Metaspace: 18800K(19008K)->18800K(19008K) NonClass: 16140K(16256K)->16140K(16256K) Class: 2659K(2752K)->2659K(2752K)
[268.754s][info][gc             ] GC(896) Pause Young (Allocation Failure) 618M->520M(869M) 14.126ms
[268.754s][info][gc,cpu         ] GC(896) User=0.03s Sys=0.00s Real=0.02s
[268.926s][info][gc,start       ] GC(897) Pause Young (Allocation Failure)
[268.952s][info][gc,heap        ] GC(897) PSYoungGen: 123056K(222720K)->24459K(222720K) Eden: 111616K(111616K)->0K(111616K) From: 11440K(111104K)->24459K(111104K)
[268.952s][info][gc,heap        ] GC(897) ParOldGen: 521227K(667648K)->521227K(667648K)
[268.952s][info][gc,metaspace   ] GC(897) Metaspace: 18800K(19008K)->18800K(19008K) NonClass: 16140K(16256K)->16140K(16256K) Class: 2659K(2752K)->2659K(2752K)
[268.952s][info][gc             ] GC(897) Pause Young (Allocation Failure) 629M->532M(869M) 26.336ms
[268.952s][info][gc,cpu         ] GC(897) User=0.05s Sys=0.00s Real=0.02s
[269.150s][info][gc,start       ] GC(898) Pause Young (Allocation Failure)
[269.188s][info][gc,heap        ] GC(898) PSYoungGen: 136075K(222720K)->28507K(222720K) Eden: 111616K(111616K)->0K(111616K) From: 24459K(111104K)->28507K(111104K)
[269.188s][info][gc,heap        ] GC(898) ParOldGen: 521227K(667648K)->532652K(667648K)
[269.188s][info][gc,metaspace   ] GC(898) Metaspace: 18801K(19008K)->18801K(19008K) NonClass: 16142K(16256K)->16142K(16256K) Class: 2659K(2752K)->2659K(2752K)
[269.188s][info][gc             ] GC(898) Pause Young (Allocation Failure) 641M->548M(869M) 38.309ms
[269.188s][info][gc,cpu         ] GC(898) User=0.08s Sys=0.00s Real=0.04s
[269.305s][info][gc,start       ] GC(899) Pause Young (Allocation Failure)
[269.332s][info][gc,heap        ] GC(899) PSYoungGen: 140123K(222720K)->16896K(222720K) Eden: 111616K(111616K)->0K(111616K) From: 28507K(111104K)->16896K(111104K)
[269.332s][info][gc,heap        ] GC(899) ParOldGen: 532652K(667648K)->546216K(667648K)
[269.332s][info][gc,metaspace   ] GC(899) Metaspace: 18802K(19008K)->18802K(19008K) NonClass: 16143K(16256K)->16143K(16256K) Class: 2659K(2752K)->2659K(2752K)
[269.332s][info][gc             ] GC(899) Pause Young (Allocation Failure) 657M->549M(869M) 27.133ms
[269.332s][info][gc,cpu         ] GC(899) User=0.05s Sys=0.00s Real=0.02s
[269.445s][info][gc,start       ] GC(900) Pause Young (Allocation Failure)
[269.460s][info][gc,heap        ] GC(900) PSYoungGen: 128512K(222720K)->8096K(222720K) Eden: 111616K(111616K)->0K(111616K) From: 16896K(111104K)->8096K(111104K)
[269.460s][info][gc,heap        ] GC(900) ParOldGen: 546216K(667648K)->557216K(667648K)
[269.460s][info][gc,metaspace   ] GC(900) Metaspace: 18802K(19008K)->18802K(19008K) NonClass: 16143K(16256K)->16143K(16256K) Class: 2659K(2752K)->2659K(2752K)
[269.460s][info][gc             ] GC(900) Pause Young (Allocation Failure) 658M->552M(869M) 15.142ms
[269.460s][info][gc,cpu         ] GC(900) User=0.03s Sys=0.00s Real=0.01s
[269.578s][info][gc,start       ] GC(901) Pause Young (Allocation Failure)
[269.602s][info][gc,heap        ] GC(901) PSYoungGen: 119712K(222720K)->14272K(222720K) Eden: 111616K(111616K)->0K(111616K) From: 8096K(111104K)->14272K(111104K)
[269.602s][info][gc,heap        ] GC(901) ParOldGen: 557216K(667648K)->565320K(667648K)
[269.602s][info][gc,metaspace   ] GC(901) Metaspace: 18802K(19008K)->18802K(19008K) NonClass: 16143K(16256K)->16143K(16256K) Class: 2659K(2752K)->2659K(2752K)
[269.602s][info][gc             ] GC(901) Pause Young (Allocation Failure) 661M->566M(869M) 24.058ms
[269.602s][info][gc,cpu         ] GC(901) User=0.05s Sys=0.00s Real=0.02s
[269.768s][info][gc,start       ] GC(902) Pause Young (Allocation Failure)
[269.789s][info][gc,heap        ] GC(902) PSYoungGen: 125888K(222720K)->3712K(222720K) Eden: 111616K(111616K)->0K(111616K) From: 14272K(111104K)->3712K(111104K)
[269.789s][info][gc,heap        ] GC(902) ParOldGen: 565320K(667648K)->579592K(667648K)
[269.789s][info][gc,metaspace   ] GC(902) Metaspace: 18805K(19008K)->18805K(19008K) NonClass: 16146K(16256K)->16146K(16256K) Class: 2659K(2752K)->2659K(2752K)
[269.789s][info][gc             ] GC(902) Pause Young (Allocation Failure) 675M->569M(869M) 21.363ms
[269.789s][info][gc,cpu         ] GC(902) User=0.04s Sys=0.00s Real=0.02s
[270.027s][info][gc,start       ] GC(903) Pause Young (Allocation Failure)
[270.035s][info][gc,heap        ] GC(903) PSYoungGen: 115328K(222720K)->1280K(222720K) Eden: 111616K(111616K)->0K(111616K) From: 3712K(111104K)->1280K(111104K)
[270.035s][info][gc,heap        ] GC(903) ParOldGen: 579592K(667648K)->583304K(667648K)
[270.035s][info][gc,metaspace   ] GC(903) Metaspace: 18805K(19008K)->18805K(19008K) NonClass: 16146K(16256K)->16146K(16256K) Class: 2659K(2752K)->2659K(2752K)
[270.035s][info][gc             ] GC(903) Pause Young (Allocation Failure) 678M->570M(869M) 7.471ms
[270.035s][info][gc,cpu         ] GC(903) User=0.02s Sys=0.00s Real=0.01s
[270.159s][info][gc,start       ] GC(904) Pause Young (Allocation Failure)
[270.174s][info][gc,heap        ] GC(904) PSYoungGen: 112896K(222720K)->12688K(222720K) Eden: 111616K(111616K)->0K(111616K) From: 1280K(111104K)->12688K(111104K)
[270.174s][info][gc,heap        ] GC(904) ParOldGen: 583304K(667648K)->584568K(667648K)
[270.174s][info][gc,metaspace   ] GC(904) Metaspace: 18805K(19008K)->18805K(19008K) NonClass: 16146K(16256K)->16146K(16256K) Class: 2659K(2752K)->2659K(2752K)
[270.174s][info][gc             ] GC(904) Pause Young (Allocation Failure) 679M->583M(869M) 14.135ms
[270.174s][info][gc,cpu         ] GC(904) User=0.03s Sys=0.00s Real=0.02s
[270.331s][info][gc,start       ] GC(905) Pause Young (Allocation Failure)
[270.349s][info][gc,heap        ] GC(905) PSYoungGen: 124304K(222720K)->8176K(222720K) Eden: 111616K(111616K)->0K(111616K) From: 12688K(111104K)->8176K(111104K)
[270.350s][info][gc,heap        ] GC(905) ParOldGen: 584568K(667648K)->597272K(667648K)
[270.350s][info][gc,metaspace   ] GC(905) Metaspace: 18805K(19008K)->18805K(19008K) NonClass: 16146K(16256K)->16146K(16256K) Class: 2659K(2752K)->2659K(2752K)
[270.350s][info][gc             ] GC(905) Pause Young (Allocation Failure) 692M->591M(869M) 18.759ms
[270.350s][info][gc,cpu         ] GC(905) User=0.04s Sys=0.00s Real=0.02s
[270.409s][info][gc,start       ] GC(906) Pause Young (Allocation Failure)
[270.445s][info][gc,heap        ] GC(906) PSYoungGen: 119792K(222720K)->41248K(153088K) Eden: 111616K(111616K)->0K(111616K) From: 8176K(111104K)->41248K(41472K)
[270.445s][info][gc,heap        ] GC(906) ParOldGen: 597272K(667648K)->605464K(667648K)
[270.445s][info][gc,metaspace   ] GC(906) Metaspace: 18805K(19008K)->18805K(19008K) NonClass: 16146K(16256K)->16146K(16256K) Class: 2659K(2752K)->2659K(2752K)
[270.445s][info][gc             ] GC(906) Pause Young (Allocation Failure) 700M->631M(801M) 35.477ms
[270.445s][info][gc,cpu         ] GC(906) User=0.07s Sys=0.00s Real=0.04s
[270.617s][info][gc,start       ] GC(907) Pause Young (Allocation Failure)
[270.659s][info][gc,heap        ] GC(907) PSYoungGen: 152864K(153088K)->67280K(216576K) Eden: 111616K(111616K)->0K(108544K) From: 41248K(41472K)->67280K(108032K)
[270.659s][info][gc,heap        ] GC(907) ParOldGen: 605464K(667648K)->605464K(667648K)
[270.659s][info][gc,metaspace   ] GC(907) Metaspace: 18805K(19008K)->18805K(19008K) NonClass: 16146K(16256K)->16146K(16256K) Class: 2659K(2752K)->2659K(2752K)
[270.659s][info][gc             ] GC(907) Pause Young (Allocation Failure) 740M->656M(863M) 42.131ms
[270.659s][info][gc,cpu         ] GC(907) User=0.08s Sys=0.00s Real=0.04s
[270.760s][info][gc,start       ] GC(908) Pause Young (Allocation Failure)
[270.806s][info][gc,promotion   ] GC(908) Promotion failed
[270.807s][info][gc,heap        ] GC(908) PSYoungGen: 175824K(216576K)->175824K(216576K) Eden: 108544K(108544K)->108544K(108544K) From: 67280K(108032K)->67280K(108032K)
[270.807s][info][gc,heap        ] GC(908) ParOldGen: 605464K(667648K)->667644K(667648K)
[270.807s][info][gc,metaspace   ] GC(908) Metaspace: 18805K(19008K)->18805K(19008K) NonClass: 16146K(16256K)->16146K(16256K) Class: 2659K(2752K)->2659K(2752K)
[270.807s][info][gc             ] GC(908) Pause Young (Allocation Failure) 762M->823M(863M) 46.398ms
[270.807s][info][gc,cpu         ] GC(908) User=0.09s Sys=0.00s Real=0.05s
[270.807s][info][gc,start       ] GC(909) Pause Full (Allocation Failure)
[270.807s][info][gc,phases,start] GC(909) Marking Phase
[271.123s][info][gc,phases      ] GC(909) Marking Phase 316.087ms
[271.123s][info][gc,phases,start] GC(909) Summary Phase
[271.123s][info][gc,phases      ] GC(909) Summary Phase 0.028ms
[271.123s][info][gc,phases,start] GC(909) Forward
[271.202s][info][gc,phases      ] GC(909) Forward 79.430ms
[271.202s][info][gc,phases,start] GC(909) Adjust Pointers
[271.429s][info][gc,phases      ] GC(909) Adjust Pointers 226.258ms
[271.429s][info][gc,phases,start] GC(909) Compaction Phase
[271.555s][info][gc,phases      ] GC(909) Compaction Phase 125.984ms
[271.558s][info][gc,phases,start] GC(909) Post Compact
[271.561s][info][gc,phases      ] GC(909) Post Compact 2.387ms
[271.561s][info][gc,heap        ] GC(909) PSYoungGen: 175824K(216576K)->0K(219648K) Eden: 108544K(108544K)->0K(108544K) From: 67280K(108032K)->0K(111104K)
[271.561s][info][gc,heap        ] GC(909) ParOldGen: 667644K(667648K)->469666K(667648K)
[271.561s][info][gc,metaspace   ] GC(909) Metaspace: 18805K(19008K)->18805K(19008K) NonClass: 16146K(16256K)->16146K(16256K) Class: 2659K(2752K)->2659K(2752K)
[271.561s][info][gc             ] GC(909) Pause Full (Allocation Failure) 823M->458M(866M) 754.302ms
[271.561s][info][gc,cpu         ] GC(909) User=1.43s Sys=0.00s Real=0.75s
[271.721s][info][gc,start       ] GC(910) Pause Young (Allocation Failure)
[271.764s][info][gc,heap        ] GC(910) PSYoungGen: 108544K(219648K)->30208K(213504K) Eden: 108544K(108544K)->0K(111616K) From: 0K(111104K)->30208K(101888K)
[271.764s][info][gc,heap        ] GC(910) ParOldGen: 469666K(667648K)->469666K(667648K)
[271.764s][info][gc,metaspace   ] GC(910) Metaspace: 18805K(19008K)->18805K(19008K) NonClass: 16146K(16256K)->16146K(16256K) Class: 2659K(2752K)->2659K(2752K)
[271.764s][info][gc             ] GC(910) Pause Young (Allocation Failure) 564M->488M(860M) 43.778ms
[271.764s][info][gc,cpu         ] GC(910) User=0.09s Sys=0.01s Real=0.05s
[271.894s][info][gc,start       ] GC(911) Pause Young (Allocation Failure)
[271.953s][info][gc,heap        ] GC(911) PSYoungGen: 141824K(213504K)->50112K(218112K) Eden: 111616K(111616K)->0K(111616K) From: 30208K(101888K)->50112K(106496K)
[271.953s][info][gc,heap        ] GC(911) ParOldGen: 469666K(667648K)->469666K(667648K)
[271.953s][info][gc,metaspace   ] GC(911) Metaspace: 18805K(19008K)->18805K(19008K) NonClass: 16146K(16256K)->16146K(16256K) Class: 2659K(2752K)->2659K(2752K)
[271.953s][info][gc             ] GC(911) Pause Young (Allocation Failure) 597M->507M(865M) 59.162ms
[271.953s][info][gc,cpu         ] GC(911) User=0.12s Sys=0.00s Real=0.05s
[272.069s][info][gc,start       ] GC(912) Pause Young (Allocation Failure)
[272.134s][info][gc,heap        ] GC(912) PSYoungGen: 161728K(218112K)->55936K(225280K) Eden: 111616K(111616K)->0K(119296K) From: 50112K(106496K)->55936K(105984K)
[272.134s][info][gc,heap        ] GC(912) ParOldGen: 469666K(667648K)->469666K(667648K)
[272.134s][info][gc,metaspace   ] GC(912) Metaspace: 18805K(19008K)->18805K(19008K) NonClass: 16146K(16256K)->16146K(16256K) Class: 2659K(2752K)->2659K(2752K)
[272.134s][info][gc             ] GC(912) Pause Young (Allocation Failure) 616M->513M(872M) 65.233ms
[272.134s][info][gc,cpu         ] GC(912) User=0.13s Sys=0.00s Real=0.07s
[272.250s][info][gc,start       ] GC(913) Pause Young (Allocation Failure)
[272.316s][info][gc,heap        ] GC(913) PSYoungGen: 175232K(225280K)->56544K(225792K) Eden: 119296K(119296K)->0K(119296K) From: 55936K(105984K)->56544K(106496K)
[272.316s][info][gc,heap        ] GC(913) ParOldGen: 469666K(667648K)->469666K(667648K)
[272.316s][info][gc,metaspace   ] GC(913) Metaspace: 18805K(19008K)->18805K(19008K) NonClass: 16146K(16256K)->16146K(16256K) Class: 2659K(2752K)->2659K(2752K)
[272.316s][info][gc             ] GC(913) Pause Young (Allocation Failure) 629M->513M(872M) 65.557ms
[272.316s][info][gc,cpu         ] GC(913) User=0.13s Sys=0.00s Real=0.07s
[272.451s][info][gc,start       ] GC(914) Pause Young (Allocation Failure)
[272.521s][info][gc,heap        ] GC(914) PSYoungGen: 175840K(225792K)->60640K(223744K) Eden: 119296K(119296K)->0K(116736K) From: 56544K(106496K)->60640K(107008K)
[272.521s][info][gc,heap        ] GC(914) ParOldGen: 469666K(667648K)->469666K(667648K)
[272.521s][info][gc,metaspace   ] GC(914) Metaspace: 18805K(19008K)->18805K(19008K) NonClass: 16146K(16256K)->16146K(16256K) Class: 2659K(2752K)->2659K(2752K)
[272.521s][info][gc             ] GC(914) Pause Young (Allocation Failure) 630M->517M(870M) 69.797ms
[272.521s][info][gc,cpu         ] GC(914) User=0.14s Sys=0.00s Real=0.07s
[272.661s][info][gc,start       ] GC(915) Pause Young (Allocation Failure)
[272.736s][info][gc,heap        ] GC(915) PSYoungGen: 177376K(223744K)->67104K(184320K) Eden: 116736K(116736K)->0K(116736K) From: 60640K(107008K)->67104K(67584K)
[272.736s][info][gc,heap        ] GC(915) ParOldGen: 469666K(667648K)->469666K(667648K)
[272.737s][info][gc,metaspace   ] GC(915) Metaspace: 18805K(19008K)->18805K(19008K) NonClass: 16146K(16256K)->16146K(16256K) Class: 2659K(2752K)->2659K(2752K)
[272.737s][info][gc             ] GC(915) Pause Young (Allocation Failure) 631M->524M(832M) 75.352ms
[272.737s][info][gc,cpu         ] GC(915) User=0.15s Sys=0.00s Real=0.08s
[272.917s][info][gc,start       ] GC(916) Pause Young (Allocation Failure)
[273.023s][info][gc,heap        ] GC(916) PSYoungGen: 183840K(184320K)->34400K(227840K) Eden: 116736K(116736K)->0K(116736K) From: 67104K(67584K)->34400K(111104K)
[273.024s][info][gc,heap        ] GC(916) ParOldGen: 469666K(667648K)->519858K(667648K)
[273.024s][info][gc,metaspace   ] GC(916) Metaspace: 18805K(19008K)->18805K(19008K) NonClass: 16146K(16256K)->16146K(16256K) Class: 2659K(2752K)->2659K(2752K)
[273.024s][info][gc             ] GC(916) Pause Young (Allocation Failure) 638M->541M(874M) 106.914ms
[273.024s][info][gc,cpu         ] GC(916) User=0.21s Sys=0.00s Real=0.11s
[273.299s][info][gc,start       ] GC(917) Pause Young (Allocation Failure)
[273.340s][info][gc,heap        ] GC(917) PSYoungGen: 151136K(227840K)->37872K(154624K) Eden: 116736K(116736K)->0K(116736K) From: 34400K(111104K)->37872K(37888K)
[273.340s][info][gc,heap        ] GC(917) ParOldGen: 519858K(667648K)->519858K(667648K)
[273.340s][info][gc,metaspace   ] GC(917) Metaspace: 18805K(19008K)->18805K(19008K) NonClass: 16146K(16256K)->16146K(16256K) Class: 2659K(2752K)->2659K(2752K)
[273.340s][info][gc             ] GC(917) Pause Young (Allocation Failure) 655M->544M(803M) 40.937ms
[273.340s][info][gc,cpu         ] GC(917) User=0.08s Sys=0.00s Real=0.04s
[273.474s][info][gc,start       ] GC(918) Pause Young (Allocation Failure)
[273.541s][info][gc,heap        ] GC(918) PSYoungGen: 154608K(154624K)->77280K(209408K) Eden: 116736K(116736K)->0K(109056K) From: 37872K(37888K)->77280K(100352K)
[273.541s][info][gc,heap        ] GC(918) ParOldGen: 519858K(667648K)->519858K(667648K)
[273.541s][info][gc,metaspace   ] GC(918) Metaspace: 18805K(19008K)->18805K(19008K) NonClass: 16146K(16256K)->16146K(16256K) Class: 2659K(2752K)->2659K(2752K)
[273.541s][info][gc             ] GC(918) Pause Young (Allocation Failure) 658M->583M(856M) 66.177ms
[273.541s][info][gc,cpu         ] GC(918) User=0.13s Sys=0.00s Real=0.06s
[273.666s][info][gc,start       ] GC(919) Pause Young (Allocation Failure)
[273.740s][info][gc,heap        ] GC(919) PSYoungGen: 186336K(209408K)->84256K(217088K) Eden: 109056K(109056K)->0K(109056K) From: 77280K(100352K)->84256K(108032K)
[273.740s][info][gc,heap        ] GC(919) ParOldGen: 519858K(667648K)->519858K(667648K)
[273.740s][info][gc,metaspace   ] GC(919) Metaspace: 18805K(19008K)->18805K(19008K) NonClass: 16146K(16256K)->16146K(16256K) Class: 2659K(2752K)->2659K(2752K)
[273.740s][info][gc             ] GC(919) Pause Young (Allocation Failure) 689M->589M(864M) 73.752ms
[273.740s][info][gc,cpu         ] GC(919) User=0.15s Sys=0.00s Real=0.07s
[273.915s][info][gc,start       ] GC(920) Pause Young (Allocation Failure)
[273.995s][info][gc,heap        ] GC(920) PSYoungGen: 193312K(217088K)->82240K(222720K) Eden: 109056K(109056K)->0K(111616K) From: 84256K(108032K)->82240K(111104K)
[273.995s][info][gc,heap        ] GC(920) ParOldGen: 519858K(667648K)->526314K(667648K)
[273.995s][info][gc,metaspace   ] GC(920) Metaspace: 18805K(19008K)->18805K(19008K) NonClass: 16146K(16256K)->16146K(16256K) Class: 2659K(2752K)->2659K(2752K)
[273.995s][info][gc             ] GC(920) Pause Young (Allocation Failure) 696M->594M(869M) 80.080ms
[273.995s][info][gc,cpu         ] GC(920) User=0.16s Sys=0.00s Real=0.08s
[274.161s][info][gc,start       ] GC(921) Pause Young (Allocation Failure)
[274.248s][info][gc,heap        ] GC(921) PSYoungGen: 193856K(222720K)->82992K(222720K) Eden: 111616K(111616K)->0K(111616K) From: 82240K(111104K)->82992K(111104K)
[274.248s][info][gc,heap        ] GC(921) ParOldGen: 526314K(667648K)->536914K(667648K)
[274.248s][info][gc,metaspace   ] GC(921) Metaspace: 18805K(19008K)->18805K(19008K) NonClass: 16146K(16256K)->16146K(16256K) Class: 2659K(2752K)->2659K(2752K)
[274.248s][info][gc             ] GC(921) Pause Young (Allocation Failure) 703M->605M(869M) 86.398ms
[274.248s][info][gc,cpu         ] GC(921) User=0.17s Sys=0.00s Real=0.09s
[274.356s][info][gc,start       ] GC(922) Pause Young (Allocation Failure)
[274.440s][info][gc,heap        ] GC(922) PSYoungGen: 194608K(222720K)->71648K(222720K) Eden: 111616K(111616K)->0K(111616K) From: 82992K(111104K)->71648K(111104K)
[274.440s][info][gc,heap        ] GC(922) ParOldGen: 536914K(667648K)->557763K(667648K)
[274.440s][info][gc,metaspace   ] GC(922) Metaspace: 18805K(19008K)->18805K(19008K) NonClass: 16146K(16256K)->16146K(16256K) Class: 2659K(2752K)->2659K(2752K)
[274.440s][info][gc             ] GC(922) Pause Young (Allocation Failure) 714M->614M(869M) 84.262ms
[274.440s][info][gc,cpu         ] GC(922) User=0.17s Sys=0.00s Real=0.08s
[274.562s][info][gc,start       ] GC(923) Pause Young (Allocation Failure)
[274.628s][info][gc,heap        ] GC(923) PSYoungGen: 183264K(222720K)->28096K(222720K) Eden: 111616K(111616K)->0K(111616K) From: 71648K(111104K)->28096K(111104K)
[274.628s][info][gc,heap        ] GC(923) ParOldGen: 557763K(667648K)->604504K(667648K)
[274.628s][info][gc,metaspace   ] GC(923) Metaspace: 18805K(19008K)->18805K(19008K) NonClass: 16146K(16256K)->16146K(16256K) Class: 2659K(2752K)->2659K(2752K)
[274.628s][info][gc             ] GC(923) Pause Young (Allocation Failure) 723M->617M(869M) 66.375ms
[274.628s][info][gc,cpu         ] GC(923) User=0.13s Sys=0.00s Real=0.07s
[274.765s][info][gc,start       ] GC(924) Pause Young (Allocation Failure)
[274.807s][info][gc,heap        ] GC(924) PSYoungGen: 139712K(222720K)->23968K(222720K) Eden: 111616K(111616K)->0K(111616K) From: 28096K(111104K)->23968K(111104K)
[274.807s][info][gc,heap        ] GC(924) ParOldGen: 604504K(667648K)->620304K(667648K)
[274.807s][info][gc,metaspace   ] GC(924) Metaspace: 18805K(19008K)->18805K(19008K) NonClass: 16146K(16256K)->16146K(16256K) Class: 2659K(2752K)->2659K(2752K)
[274.808s][info][gc             ] GC(924) Pause Young (Allocation Failure) 726M->629M(869M) 42.034ms
[274.808s][info][gc,cpu         ] GC(924) User=0.08s Sys=0.00s Real=0.04s
[275.057s][info][gc,start       ] GC(925) Pause Young (Allocation Failure)
[275.085s][info][gc,heap        ] GC(925) PSYoungGen: 135584K(222720K)->14560K(222720K) Eden: 111616K(111616K)->0K(111616K) From: 23968K(111104K)->14560K(111104K)
[275.085s][info][gc,heap        ] GC(925) ParOldGen: 620304K(667648K)->632656K(667648K)
[275.085s][info][gc,metaspace   ] GC(925) Metaspace: 18805K(19008K)->18805K(19008K) NonClass: 16146K(16256K)->16146K(16256K) Class: 2659K(2752K)->2659K(2752K)
[275.085s][info][gc             ] GC(925) Pause Young (Allocation Failure) 738M->632M(869M) 28.153ms
[275.085s][info][gc,cpu         ] GC(925) User=0.05s Sys=0.00s Real=0.03s
[275.325s][info][gc,start       ] GC(926) Pause Full (Allocation Failure)
[275.325s][info][gc,phases,start] GC(926) Marking Phase
[275.659s][info][gc,phases      ] GC(926) Marking Phase 334.200ms
[275.659s][info][gc,phases,start] GC(926) Summary Phase
[275.659s][info][gc,phases      ] GC(926) Summary Phase 0.024ms
[275.659s][info][gc,phases,start] GC(926) Forward
[275.784s][info][gc,phases      ] GC(926) Forward 124.576ms
[275.784s][info][gc,phases,start] GC(926) Adjust Pointers
[276.033s][info][gc,phases      ] GC(926) Adjust Pointers 249.538ms
[276.033s][info][gc,phases,start] GC(926) Compaction Phase
[276.185s][info][gc,phases      ] GC(926) Compaction Phase 151.922ms
[276.195s][info][gc,phases,start] GC(926) Post Compact
[276.197s][info][gc,phases      ] GC(926) Post Compact 2.217ms
[276.197s][info][gc,heap        ] GC(926) PSYoungGen: 126176K(222720K)->0K(222720K) Eden: 111616K(111616K)->0K(111616K) From: 14560K(111104K)->0K(111104K)
[276.197s][info][gc,heap        ] GC(926) ParOldGen: 632656K(667648K)->468860K(667648K)
[276.197s][info][gc,metaspace   ] GC(926) Metaspace: 18805K(19008K)->18805K(19008K) NonClass: 16146K(16256K)->16146K(16256K) Class: 2659K(2752K)->2659K(2752K)
[276.197s][info][gc             ] GC(926) Pause Full (Allocation Failure) 741M->457M(869M) 872.272ms
[276.197s][info][gc,cpu         ] GC(926) User=1.64s Sys=0.01s Real=0.87s
[276.448s][info][gc,start       ] GC(927) Pause Young (Allocation Failure)
[276.450s][info][gc,heap        ] GC(927) PSYoungGen: 111616K(222720K)->64K(222720K) Eden: 111616K(111616K)->0K(111616K) From: 0K(111104K)->64K(111104K)
[276.450s][info][gc,heap        ] GC(927) ParOldGen: 468860K(667648K)->468860K(667648K)
[276.450s][info][gc,metaspace   ] GC(927) Metaspace: 18805K(19008K)->18805K(19008K) NonClass: 16146K(16256K)->16146K(16256K) Class: 2659K(2752K)->2659K(2752K)
[276.450s][info][gc             ] GC(927) Pause Young (Allocation Failure) 566M->457M(869M) 1.540ms
[276.450s][info][gc,cpu         ] GC(927) User=0.00s Sys=0.00s Real=0.00s
[276.674s][info][gc,start       ] GC(928) Pause Young (Allocation Failure)
[276.681s][info][gc,heap        ] GC(928) PSYoungGen: 111680K(222720K)->320K(222720K) Eden: 111616K(111616K)->0K(111616K) From: 64K(111104K)->320K(111104K)
[276.681s][info][gc,heap        ] GC(928) ParOldGen: 468860K(667648K)->468876K(667648K)
[276.681s][info][gc,metaspace   ] GC(928) Metaspace: 18805K(19008K)->18805K(19008K) NonClass: 16146K(16256K)->16146K(16256K) Class: 2659K(2752K)->2659K(2752K)
[276.681s][info][gc             ] GC(928) Pause Young (Allocation Failure) 566M->458M(869M) 6.909ms
[276.681s][info][gc,cpu         ] GC(928) User=0.02s Sys=0.00s Real=0.00s
[276.786s][info][gc,start       ] GC(929) Pause Young (Allocation Failure)
[276.808s][info][gc,heap        ] GC(929) PSYoungGen: 111936K(222720K)->30144K(222720K) Eden: 111616K(111616K)->0K(111616K) From: 320K(111104K)->30144K(111104K)
[276.808s][info][gc,heap        ] GC(929) ParOldGen: 468876K(667648K)->469180K(667648K)
[276.808s][info][gc,metaspace   ] GC(929) Metaspace: 18805K(19008K)->18805K(19008K) NonClass: 16146K(16256K)->16146K(16256K) Class: 2659K(2752K)->2659K(2752K)
[276.808s][info][gc             ] GC(929) Pause Young (Allocation Failure) 567M->487M(869M) 21.993ms
[276.808s][info][gc,cpu         ] GC(929) User=0.04s Sys=0.00s Real=0.02s
[276.896s][info][gc,start       ] GC(930) Pause Young (Allocation Failure)
[276.939s][info][gc,heap        ] GC(930) PSYoungGen: 141760K(222720K)->37792K(213504K) Eden: 111616K(111616K)->0K(111616K) From: 30144K(111104K)->37792K(101888K)
[276.939s][info][gc,heap        ] GC(930) ParOldGen: 469180K(667648K)->499655K(667648K)
[276.939s][info][gc,metaspace   ] GC(930) Metaspace: 18805K(19008K)->18805K(19008K) NonClass: 16146K(16256K)->16146K(16256K) Class: 2659K(2752K)->2659K(2752K)
[276.939s][info][gc             ] GC(930) Pause Young (Allocation Failure) 596M->524M(860M) 43.722ms
[276.939s][info][gc,cpu         ] GC(930) User=0.08s Sys=0.00s Real=0.04s
[277.078s][info][gc,start       ] GC(931) Pause Young (Allocation Failure)
[277.105s][info][gc,heap        ] GC(931) PSYoungGen: 149408K(213504K)->40288K(218112K) Eden: 111616K(111616K)->0K(111616K) From: 37792K(101888K)->40288K(106496K)
[277.105s][info][gc,heap        ] GC(931) ParOldGen: 499655K(667648K)->499655K(667648K)
[277.105s][info][gc,metaspace   ] GC(931) Metaspace: 18805K(19008K)->18805K(19008K) NonClass: 16146K(16256K)->16146K(16256K) Class: 2659K(2752K)->2659K(2752K)
[277.105s][info][gc             ] GC(931) Pause Young (Allocation Failure) 633M->527M(865M) 27.298ms
[277.105s][info][gc,cpu         ] GC(931) User=0.05s Sys=0.00s Real=0.03s
[277.272s][info][gc,start       ] GC(932) Pause Young (Allocation Failure)
[277.338s][info][gc,heap        ] GC(932) PSYoungGen: 151904K(218112K)->58112K(218624K) Eden: 111616K(111616K)->0K(118272K) From: 40288K(106496K)->58112K(100352K)
[277.338s][info][gc,heap        ] GC(932) ParOldGen: 499655K(667648K)->499655K(667648K)
[277.338s][info][gc,metaspace   ] GC(932) Metaspace: 18805K(19008K)->18805K(19008K) NonClass: 16146K(16256K)->16146K(16256K) Class: 2659K(2752K)->2659K(2752K)
[277.338s][info][gc             ] GC(932) Pause Young (Allocation Failure) 636M->544M(865M) 65.591ms
[277.338s][info][gc,cpu         ] GC(932) User=0.13s Sys=0.00s Real=0.07s
[277.521s][info][gc,start       ] GC(933) Pause Young (Allocation Failure)
[277.578s][info][gc,heap        ] GC(933) PSYoungGen: 176384K(218624K)->58368K(220160K) Eden: 118272K(118272K)->0K(118272K) From: 58112K(100352K)->58368K(101888K)
[277.578s][info][gc,heap        ] GC(933) ParOldGen: 499655K(667648K)->499655K(667648K)
[277.578s][info][gc,metaspace   ] GC(933) Metaspace: 18805K(19008K)->18805K(19008K) NonClass: 16146K(16256K)->16146K(16256K) Class: 2659K(2752K)->2659K(2752K)
[277.578s][info][gc             ] GC(933) Pause Young (Allocation Failure) 660M->544M(867M) 57.048ms
[277.578s][info][gc,cpu         ] GC(933) User=0.11s Sys=0.00s Real=0.06s
[277.724s][info][gc,start       ] GC(934) Pause Young (Allocation Failure)
[277.792s][info][gc,heap        ] GC(934) PSYoungGen: 176640K(220160K)->74729K(219136K) Eden: 118272K(118272K)->0K(116736K) From: 58368K(101888K)->74729K(102400K)
[277.792s][info][gc,heap        ] GC(934) ParOldGen: 499655K(667648K)->499655K(667648K)
[277.792s][info][gc,metaspace   ] GC(934) Metaspace: 18805K(19008K)->18805K(19008K) NonClass: 16146K(16256K)->16146K(16256K) Class: 2659K(2752K)->2659K(2752K)
[277.792s][info][gc             ] GC(934) Pause Young (Allocation Failure) 660M->560M(866M) 67.798ms
[277.792s][info][gc,cpu         ] GC(934) User=0.14s Sys=0.00s Real=0.06s
[277.850s][info][gc,start       ] GC(935) Pause Young (Allocation Failure)
[277.943s][info][gc,heap        ] GC(935) PSYoungGen: 191465K(219136K)->108537K(225280K) Eden: 116736K(116736K)->0K(116736K) From: 74729K(102400K)->108537K(108544K)
[277.943s][info][gc,heap        ] GC(935) ParOldGen: 499655K(667648K)->504791K(667648K)
[277.943s][info][gc,metaspace   ] GC(935) Metaspace: 18805K(19008K)->18805K(19008K) NonClass: 16146K(16256K)->16146K(16256K) Class: 2659K(2752K)->2659K(2752K)
[277.943s][info][gc             ] GC(935) Pause Young (Allocation Failure) 674M->598M(872M) 93.160ms
[277.943s][info][gc,cpu         ] GC(935) User=0.18s Sys=0.00s Real=0.09s
[278.100s][info][gc,start       ] GC(936) Pause Young (Allocation Failure)
[278.198s][info][gc,heap        ] GC(936) PSYoungGen: 225273K(225280K)->83001K(220160K) Eden: 116736K(116736K)->0K(111616K) From: 108537K(108544K)->83001K(108544K)
[278.198s][info][gc,heap        ] GC(936) ParOldGen: 504791K(667648K)->545471K(667648K)
[278.199s][info][gc,metaspace   ] GC(936) Metaspace: 18805K(19008K)->18805K(19008K) NonClass: 16146K(16256K)->16146K(16256K) Class: 2659K(2752K)->2659K(2752K)
[278.199s][info][gc             ] GC(936) Pause Young (Allocation Failure) 712M->613M(867M) 98.271ms
[278.199s][info][gc,cpu         ] GC(936) User=0.20s Sys=0.00s Real=0.10s
[278.284s][info][gc,start       ] GC(937) Pause Young (Allocation Failure)
[278.356s][info][gc,heap        ] GC(937) PSYoungGen: 194617K(220160K)->66873K(222720K) Eden: 111616K(111616K)->0K(111616K) From: 83001K(108544K)->66873K(111104K)
[278.356s][info][gc,heap        ] GC(937) ParOldGen: 545471K(667648K)->563591K(667648K)
[278.356s][info][gc,metaspace   ] GC(937) Metaspace: 18805K(19008K)->18805K(19008K) NonClass: 16146K(16256K)->16146K(16256K) Class: 2659K(2752K)->2659K(2752K)
[278.356s][info][gc             ] GC(937) Pause Young (Allocation Failure) 722M->615M(869M) 72.143ms
[278.356s][info][gc,cpu         ] GC(937) User=0.14s Sys=0.00s Real=0.07s
[278.508s][info][gc,start       ] GC(938) Pause Young (Allocation Failure)
[278.581s][info][gc,heap        ] GC(938) PSYoungGen: 178489K(222720K)->33536K(222720K) Eden: 111616K(111616K)->0K(111616K) From: 66873K(111104K)->33536K(111104K)
[278.581s][info][gc,heap        ] GC(938) ParOldGen: 563591K(667648K)->614352K(667648K)
[278.581s][info][gc,metaspace   ] GC(938) Metaspace: 18805K(19008K)->18805K(19008K) NonClass: 16146K(16256K)->16146K(16256K) Class: 2659K(2752K)->2659K(2752K)
[278.581s][info][gc             ] GC(938) Pause Young (Allocation Failure) 724M->632M(869M) 73.159ms
[278.581s][info][gc,cpu         ] GC(938) User=0.15s Sys=0.00s Real=0.07s
[278.732s][info][gc,start       ] GC(939) Pause Full (Allocation Failure)
[278.732s][info][gc,phases,start] GC(939) Marking Phase
[279.048s][info][gc,phases      ] GC(939) Marking Phase 316.566ms
[279.048s][info][gc,phases,start] GC(939) Summary Phase
[279.048s][info][gc,phases      ] GC(939) Summary Phase 0.024ms
[279.048s][info][gc,phases,start] GC(939) Forward
[279.170s][info][gc,phases      ] GC(939) Forward 121.364ms
[279.170s][info][gc,phases,start] GC(939) Adjust Pointers
[279.427s][info][gc,phases      ] GC(939) Adjust Pointers 256.954ms
[279.427s][info][gc,phases,start] GC(939) Compaction Phase
[279.561s][info][gc,phases      ] GC(939) Compaction Phase 133.979ms
[279.575s][info][gc,phases,start] GC(939) Post Compact
[279.577s][info][gc,phases      ] GC(939) Post Compact 2.240ms
[279.577s][info][gc,heap        ] GC(939) PSYoungGen: 145152K(222720K)->0K(222720K) Eden: 111616K(111616K)->0K(111616K) From: 33536K(111104K)->0K(111104K)
[279.577s][info][gc,heap        ] GC(939) ParOldGen: 614352K(667648K)->482351K(667648K)
[279.577s][info][gc,metaspace   ] GC(939) Metaspace: 18805K(19008K)->18805K(19008K) NonClass: 16146K(16256K)->16146K(16256K) Class: 2659K(2752K)->2659K(2752K)
[279.577s][info][gc             ] GC(939) Pause Full (Allocation Failure) 741M->471M(869M) 845.299ms
[279.577s][info][gc,cpu         ] GC(939) User=1.58s Sys=0.00s Real=0.85s
[279.733s][info][gc,start       ] GC(940) Pause Young (Allocation Failure)
[279.735s][info][gc,heap        ] GC(940) PSYoungGen: 111616K(222720K)->64K(222720K) Eden: 111616K(111616K)->0K(111616K) From: 0K(111104K)->64K(111104K)
[279.735s][info][gc,heap        ] GC(940) ParOldGen: 482351K(667648K)->482351K(667648K)
[279.735s][info][gc,metaspace   ] GC(940) Metaspace: 18805K(19008K)->18805K(19008K) NonClass: 16146K(16256K)->16146K(16256K) Class: 2659K(2752K)->2659K(2752K)
[279.735s][info][gc             ] GC(940) Pause Young (Allocation Failure) 580M->471M(869M) 1.595ms
[279.735s][info][gc,cpu         ] GC(940) User=0.00s Sys=0.00s Real=0.01s
[279.879s][info][gc,start       ] GC(941) Pause Young (Allocation Failure)
[279.881s][info][gc,heap        ] GC(941) PSYoungGen: 111680K(222720K)->64K(222720K) Eden: 111616K(111616K)->0K(111616K) From: 64K(111104K)->64K(111104K)
[279.881s][info][gc,heap        ] GC(941) ParOldGen: 482351K(667648K)->482359K(667648K)
[279.881s][info][gc,metaspace   ] GC(941) Metaspace: 18805K(19008K)->18805K(19008K) NonClass: 16146K(16256K)->16146K(16256K) Class: 2659K(2752K)->2659K(2752K)
[279.881s][info][gc             ] GC(941) Pause Young (Allocation Failure) 580M->471M(869M) 1.561ms
[279.881s][info][gc,cpu         ] GC(941) User=0.01s Sys=0.00s Real=0.00s
[280.023s][info][gc,start       ] GC(942) Pause Young (Allocation Failure)
[280.024s][info][gc,heap        ] GC(942) PSYoungGen: 111680K(222720K)->64K(222720K) Eden: 111616K(111616K)->0K(111616K) From: 64K(111104K)->64K(111104K)
[280.024s][info][gc,heap        ] GC(942) ParOldGen: 482359K(667648K)->482359K(667648K)
[280.024s][info][gc,metaspace   ] GC(942) Metaspace: 18805K(19008K)->18805K(19008K) NonClass: 16146K(16256K)->16146K(16256K) Class: 2659K(2752K)->2659K(2752K)
[280.024s][info][gc             ] GC(942) Pause Young (Allocation Failure) 580M->471M(869M) 1.560ms
[280.024s][info][gc,cpu         ] GC(942) User=0.00s Sys=0.00s Real=0.01s
[280.167s][info][gc,start       ] GC(943) Pause Young (Allocation Failure)
[280.168s][info][gc,heap        ] GC(943) PSYoungGen: 111680K(222720K)->64K(222720K) Eden: 111616K(111616K)->0K(111616K) From: 64K(111104K)->64K(111104K)
[280.168s][info][gc,heap        ] GC(943) ParOldGen: 482359K(667648K)->482359K(667648K)
[280.168s][info][gc,metaspace   ] GC(943) Metaspace: 18805K(19008K)->18805K(19008K) NonClass: 16146K(16256K)->16146K(16256K) Class: 2659K(2752K)->2659K(2752K)
[280.168s][info][gc             ] GC(943) Pause Young (Allocation Failure) 580M->471M(869M) 1.623ms
[280.168s][info][gc,cpu         ] GC(943) User=0.01s Sys=0.01s Real=0.00s
[280.309s][info][gc,start       ] GC(944) Pause Young (Allocation Failure)
[280.310s][info][gc,heap        ] GC(944) PSYoungGen: 111680K(222720K)->64K(222720K) Eden: 111616K(111616K)->0K(111616K) From: 64K(111104K)->64K(111104K)
[280.310s][info][gc,heap        ] GC(944) ParOldGen: 482359K(667648K)->482359K(667648K)
[280.310s][info][gc,metaspace   ] GC(944) Metaspace: 18805K(19008K)->18805K(19008K) NonClass: 16146K(16256K)->16146K(16256K) Class: 2659K(2752K)->2659K(2752K)
[280.310s][info][gc             ] GC(944) Pause Young (Allocation Failure) 580M->471M(869M) 1.604ms
[280.310s][info][gc,cpu         ] GC(944) User=0.00s Sys=0.00s Real=0.00s
[280.450s][info][gc,start       ] GC(945) Pause Young (Allocation Failure)
[280.452s][info][gc,heap        ] GC(945) PSYoungGen: 111680K(222720K)->64K(222720K) Eden: 111616K(111616K)->0K(111616K) From: 64K(111104K)->64K(111104K)
[280.452s][info][gc,heap        ] GC(945) ParOldGen: 482359K(667648K)->482359K(667648K)
[280.452s][info][gc,metaspace   ] GC(945) Metaspace: 18805K(19008K)->18805K(19008K) NonClass: 16146K(16256K)->16146K(16256K) Class: 2659K(2752K)->2659K(2752K)
[280.452s][info][gc             ] GC(945) Pause Young (Allocation Failure) 580M->471M(869M) 1.708ms
[280.452s][info][gc,cpu         ] GC(945) User=0.00s Sys=0.00s Real=0.00s
[280.551s][info][gc,start       ] GC(946) Pause Young (Allocation Failure)
[280.574s][info][gc,heap        ] GC(946) PSYoungGen: 111680K(222720K)->19904K(221696K) Eden: 111616K(111616K)->0K(111616K) From: 64K(111104K)->19904K(110080K)
[280.574s][info][gc,heap        ] GC(946) ParOldGen: 482359K(667648K)->482391K(667648K)
[280.574s][info][gc,metaspace   ] GC(946) Metaspace: 18805K(19008K)->18805K(19008K) NonClass: 16146K(16256K)->16146K(16256K) Class: 2659K(2752K)->2659K(2752K)
[280.574s][info][gc             ] GC(946) Pause Young (Allocation Failure) 580M->490M(868M) 23.577ms
[280.574s][info][gc,cpu         ] GC(946) User=0.04s Sys=0.00s Real=0.03s
[280.690s][info][gc,start       ] GC(947) Pause Young (Allocation Failure)
[280.721s][info][gc,heap        ] GC(947) PSYoungGen: 131520K(221696K)->31968K(143872K) Eden: 111616K(111616K)->0K(111616K) From: 19904K(110080K)->31968K(32256K)
[280.721s][info][gc,heap        ] GC(947) ParOldGen: 482391K(667648K)->482391K(667648K)
[280.722s][info][gc,metaspace   ] GC(947) Metaspace: 18805K(19008K)->18805K(19008K) NonClass: 16146K(16256K)->16146K(16256K) Class: 2659K(2752K)->2659K(2752K)
[280.722s][info][gc             ] GC(947) Pause Young (Allocation Failure) 599M->502M(792M) 31.932ms
[280.722s][info][gc,cpu         ] GC(947) User=0.06s Sys=0.00s Real=0.03s
[280.793s][info][gc,start       ] GC(948) Pause Young (Allocation Failure)
[280.827s][info][gc,heap        ] GC(948) PSYoungGen: 143584K(143872K)->35360K(219136K) Eden: 111616K(111616K)->0K(117760K) From: 31968K(32256K)->35360K(101376K)
[280.827s][info][gc,heap        ] GC(948) ParOldGen: 482391K(667648K)->482391K(667648K)
[280.827s][info][gc,metaspace   ] GC(948) Metaspace: 18805K(19008K)->18805K(19008K) NonClass: 16146K(16256K)->16146K(16256K) Class: 2659K(2752K)->2659K(2752K)
[280.827s][info][gc             ] GC(948) Pause Young (Allocation Failure) 611M->505M(866M) 34.262ms
[280.827s][info][gc,cpu         ] GC(948) User=0.07s Sys=0.00s Real=0.04s
[280.936s][info][gc,start       ] GC(949) Pause Young (Allocation Failure)
[280.971s][info][gc,heap        ] GC(949) PSYoungGen: 153120K(219136K)->36480K(217088K) Eden: 117760K(117760K)->0K(117760K) From: 35360K(101376K)->36480K(99328K)
[280.971s][info][gc,heap        ] GC(949) ParOldGen: 482391K(667648K)->482391K(667648K)
[280.971s][info][gc,metaspace   ] GC(949) Metaspace: 18805K(19008K)->18805K(19008K) NonClass: 16146K(16256K)->16146K(16256K) Class: 2659K(2752K)->2659K(2752K)
[280.971s][info][gc             ] GC(949) Pause Young (Allocation Failure) 620M->506M(864M) 35.481ms
[280.971s][info][gc,cpu         ] GC(949) User=0.07s Sys=0.00s Real=0.03s
[281.078s][info][gc,start       ] GC(950) Pause Young (Allocation Failure)
[281.117s][info][gc,heap        ] GC(950) PSYoungGen: 154240K(217088K)->39808K(217600K) Eden: 117760K(117760K)->0K(127488K) From: 36480K(99328K)->39808K(90112K)
[281.117s][info][gc,heap        ] GC(950) ParOldGen: 482391K(667648K)->482391K(667648K)
[281.117s][info][gc,metaspace   ] GC(950) Metaspace: 18805K(19008K)->18805K(19008K) NonClass: 16146K(16256K)->16146K(16256K) Class: 2659K(2752K)->2659K(2752K)
[281.117s][info][gc             ] GC(950) Pause Young (Allocation Failure) 621M->509M(864M) 38.949ms
[281.117s][info][gc,cpu         ] GC(950) User=0.08s Sys=0.00s Real=0.04s
[281.213s][info][gc,start       ] GC(951) Pause Young (Allocation Failure)
[281.252s][info][gc,heap        ] GC(951) PSYoungGen: 167296K(217600K)->39904K(219648K) Eden: 127488K(127488K)->0K(127488K) From: 39808K(90112K)->39904K(92160K)
[281.252s][info][gc,heap        ] GC(951) ParOldGen: 482391K(667648K)->482391K(667648K)
[281.252s][info][gc,metaspace   ] GC(951) Metaspace: 18805K(19008K)->18805K(19008K) NonClass: 16146K(16256K)->16146K(16256K) Class: 2659K(2752K)->2659K(2752K)
[281.252s][info][gc             ] GC(951) Pause Young (Allocation Failure) 634M->510M(866M) 39.871ms
[281.253s][info][gc,cpu         ] GC(951) User=0.08s Sys=0.00s Real=0.04s
[281.411s][info][gc,start       ] GC(952) Pause Young (Allocation Failure)
[281.460s][info][gc,heap        ] GC(952) PSYoungGen: 167392K(219648K)->51776K(226816K) Eden: 127488K(127488K)->0K(137216K) From: 39904K(92160K)->51776K(89600K)
[281.460s][info][gc,heap        ] GC(952) ParOldGen: 482391K(667648K)->482391K(667648K)
[281.460s][info][gc,metaspace   ] GC(952) Metaspace: 18805K(19008K)->18805K(19008K) NonClass: 16146K(16256K)->16146K(16256K) Class: 2659K(2752K)->2659K(2752K)
[281.460s][info][gc             ] GC(952) Pause Young (Allocation Failure) 634M->521M(873M) 48.924ms
[281.460s][info][gc,cpu         ] GC(952) User=0.09s Sys=0.00s Real=0.05s
[281.554s][info][gc,start       ] GC(953) Pause Young (Allocation Failure)
[281.634s][info][gc,heap        ] GC(953) PSYoungGen: 188992K(226816K)->81824K(228352K) Eden: 137216K(137216K)->0K(137216K) From: 51776K(89600K)->81824K(91136K)
[281.634s][info][gc,heap        ] GC(953) ParOldGen: 482391K(667648K)->482391K(667648K)
[281.634s][info][gc,metaspace   ] GC(953) Metaspace: 18805K(19008K)->18805K(19008K) NonClass: 16146K(16256K)->16146K(16256K) Class: 2659K(2752K)->2659K(2752K)
[281.634s][info][gc             ] GC(953) Pause Young (Allocation Failure) 655M->550M(875M) 79.352ms
[281.634s][info][gc,cpu         ] GC(953) User=0.16s Sys=0.00s Real=0.08s
[281.797s][info][gc,start       ] GC(954) Pause Young (Allocation Failure)
[281.896s][info][gc,heap        ] GC(954) PSYoungGen: 219040K(228352K)->98400K(215040K) Eden: 137216K(137216K)->0K(111616K) From: 81824K(91136K)->98400K(103424K)
[281.896s][info][gc,heap        ] GC(954) ParOldGen: 482391K(667648K)->482391K(667648K)
[281.896s][info][gc,metaspace   ] GC(954) Metaspace: 18805K(19008K)->18805K(19008K) NonClass: 16146K(16256K)->16146K(16256K) Class: 2659K(2752K)->2659K(2752K)
[281.896s][info][gc             ] GC(954) Pause Young (Allocation Failure) 684M->567M(862M) 99.091ms
[281.896s][info][gc,cpu         ] GC(954) User=0.18s Sys=0.01s Real=0.10s
[282.032s][info][gc,start       ] GC(955) Pause Young (Allocation Failure)
[282.125s][info][gc,heap        ] GC(955) PSYoungGen: 210016K(215040K)->67872K(222720K) Eden: 111616K(111616K)->0K(111616K) From: 98400K(103424K)->67872K(111104K)
[282.125s][info][gc,heap        ] GC(955) ParOldGen: 482391K(667648K)->514391K(667648K)
[282.125s][info][gc,metaspace   ] GC(955) Metaspace: 18805K(19008K)->18805K(19008K) NonClass: 16146K(16256K)->16146K(16256K) Class: 2659K(2752K)->2659K(2752K)
[282.125s][info][gc             ] GC(955) Pause Young (Allocation Failure) 676M->568M(869M) 93.202ms
[282.125s][info][gc,cpu         ] GC(955) User=0.19s Sys=0.00s Real=0.10s
[282.247s][info][gc,start       ] GC(956) Pause Young (Allocation Failure)
[282.317s][info][gc,heap        ] GC(956) PSYoungGen: 179488K(222720K)->66832K(222720K) Eden: 111616K(111616K)->0K(111616K) From: 67872K(111104K)->66832K(111104K)
[282.317s][info][gc,heap        ] GC(956) ParOldGen: 514391K(667648K)->518951K(667648K)
[282.317s][info][gc,metaspace   ] GC(956) Metaspace: 18805K(19008K)->18805K(19008K) NonClass: 16146K(16256K)->16146K(16256K) Class: 2659K(2752K)->2659K(2752K)
[282.317s][info][gc             ] GC(956) Pause Young (Allocation Failure) 677M->572M(869M) 69.898ms
[282.317s][info][gc,cpu         ] GC(956) User=0.14s Sys=0.00s Real=0.07s
[282.415s][info][gc,start       ] GC(957) Pause Young (Allocation Failure)
[282.481s][info][gc,heap        ] GC(957) PSYoungGen: 178448K(222720K)->63472K(222720K) Eden: 111616K(111616K)->0K(111616K) From: 66832K(111104K)->63472K(111104K)
[282.481s][info][gc,heap        ] GC(957) ParOldGen: 518951K(667648K)->522359K(667648K)
[282.481s][info][gc,metaspace   ] GC(957) Metaspace: 18805K(19008K)->18805K(19008K) NonClass: 16146K(16256K)->16146K(16256K) Class: 2659K(2752K)->2659K(2752K)
[282.481s][info][gc             ] GC(957) Pause Young (Allocation Failure) 681M->572M(869M) 65.473ms
[282.481s][info][gc,cpu         ] GC(957) User=0.13s Sys=0.00s Real=0.06s
[282.662s][info][gc,start       ] GC(958) Pause Young (Allocation Failure)
[282.736s][info][gc,heap        ] GC(958) PSYoungGen: 175088K(222720K)->36304K(222720K) Eden: 111616K(111616K)->0K(111616K) From: 63472K(111104K)->36304K(111104K)
[282.736s][info][gc,heap        ] GC(958) ParOldGen: 522359K(667648K)->564400K(667648K)
[282.736s][info][gc,metaspace   ] GC(958) Metaspace: 18805K(19008K)->18805K(19008K) NonClass: 16146K(16256K)->16146K(16256K) Class: 2659K(2752K)->2659K(2752K)
[282.736s][info][gc             ] GC(958) Pause Young (Allocation Failure) 681M->586M(869M) 74.551ms
[282.736s][info][gc,cpu         ] GC(958) User=0.15s Sys=0.00s Real=0.08s
[282.906s][info][gc,start       ] GC(959) Pause Young (Allocation Failure)
[282.951s][info][gc,heap        ] GC(959) PSYoungGen: 147920K(222720K)->26976K(222720K) Eden: 111616K(111616K)->0K(111616K) From: 36304K(111104K)->26976K(111104K)
[282.951s][info][gc,heap        ] GC(959) ParOldGen: 564400K(667648K)->582408K(667648K)
[282.951s][info][gc,metaspace   ] GC(959) Metaspace: 18805K(19008K)->18805K(19008K) NonClass: 16146K(16256K)->16146K(16256K) Class: 2659K(2752K)->2659K(2752K)
[282.951s][info][gc             ] GC(959) Pause Young (Allocation Failure) 695M->595M(869M) 45.380ms
[282.951s][info][gc,cpu         ] GC(959) User=0.09s Sys=0.00s Real=0.04s
[283.273s][info][gc,start       ] GC(960) Pause Young (Allocation Failure)
[283.301s][info][gc,heap        ] GC(960) PSYoungGen: 138592K(222720K)->23680K(218624K) Eden: 111616K(111616K)->0K(111616K) From: 26976K(111104K)->23680K(107008K)
[283.301s][info][gc,heap        ] GC(960) ParOldGen: 582408K(667648K)->585840K(667648K)
[283.301s][info][gc,metaspace   ] GC(960) Metaspace: 18805K(19008K)->18805K(19008K) NonClass: 16146K(16256K)->16146K(16256K) Class: 2659K(2752K)->2659K(2752K)
[283.301s][info][gc             ] GC(960) Pause Young (Allocation Failure) 704M->595M(865M) 27.695ms
[283.301s][info][gc,cpu         ] GC(960) User=0.06s Sys=0.00s Real=0.03s
[283.565s][info][gc,start       ] GC(961) Pause Young (Allocation Failure)
[283.589s][info][gc,heap        ] GC(961) PSYoungGen: 135296K(218624K)->23648K(220672K) Eden: 111616K(111616K)->0K(111616K) From: 23680K(107008K)->23648K(109056K)
[283.589s][info][gc,heap        ] GC(961) ParOldGen: 585840K(667648K)->585840K(667648K)
[283.589s][info][gc,metaspace   ] GC(961) Metaspace: 18805K(19008K)->18805K(19008K) NonClass: 16146K(16256K)->16146K(16256K) Class: 2659K(2752K)->2659K(2752K)
[283.589s][info][gc             ] GC(961) Pause Young (Allocation Failure) 704M->595M(867M) 23.939ms
[283.589s][info][gc,cpu         ] GC(961) User=0.05s Sys=0.00s Real=0.02s
[283.839s][info][gc,start       ] GC(962) Pause Young (Allocation Failure)
[283.866s][info][gc,heap        ] GC(962) PSYoungGen: 135264K(220672K)->23632K(219648K) Eden: 111616K(111616K)->0K(118784K) From: 23648K(109056K)->23632K(100864K)
[283.866s][info][gc,heap        ] GC(962) ParOldGen: 585840K(667648K)->585840K(667648K)
[283.866s][info][gc,metaspace   ] GC(962) Metaspace: 18805K(19008K)->18805K(19008K) NonClass: 16146K(16256K)->16146K(16256K) Class: 2659K(2752K)->2659K(2752K)
[283.866s][info][gc             ] GC(962) Pause Young (Allocation Failure) 704M->595M(866M) 26.591ms
[283.866s][info][gc,cpu         ] GC(962) User=0.05s Sys=0.00s Real=0.03s
[284.128s][info][gc,start       ] GC(963) Pause Young (Allocation Failure)
[284.154s][info][gc,heap        ] GC(963) PSYoungGen: 142416K(219648K)->23648K(221696K) Eden: 118784K(118784K)->0K(118784K) From: 23632K(100864K)->23648K(102912K)
[284.154s][info][gc,heap        ] GC(963) ParOldGen: 585840K(667648K)->585840K(667648K)
[284.154s][info][gc,metaspace   ] GC(963) Metaspace: 18805K(19008K)->18805K(19008K) NonClass: 16146K(16256K)->16146K(16256K) Class: 2659K(2752K)->2659K(2752K)
[284.154s][info][gc             ] GC(963) Pause Young (Allocation Failure) 711M->595M(868M) 25.866ms
[284.154s][info][gc,cpu         ] GC(963) User=0.05s Sys=0.01s Real=0.03s
[284.399s][info][gc,start       ] GC(964) Pause Young (Allocation Failure)
[284.425s][info][gc,heap        ] GC(964) PSYoungGen: 142432K(221696K)->23680K(218112K) Eden: 118784K(118784K)->0K(126464K) From: 23648K(102912K)->23680K(91648K)
[284.425s][info][gc,heap        ] GC(964) ParOldGen: 585840K(667648K)->585840K(667648K)
[284.425s][info][gc,metaspace   ] GC(964) Metaspace: 18805K(19008K)->18805K(19008K) NonClass: 16146K(16256K)->16146K(16256K) Class: 2659K(2752K)->2659K(2752K)
[284.425s][info][gc             ] GC(964) Pause Young (Allocation Failure) 711M->595M(865M) 26.656ms
[284.425s][info][gc,cpu         ] GC(964) User=0.05s Sys=0.00s Real=0.03s
[284.743s][info][gc,start       ] GC(965) Pause Young (Allocation Failure)
[284.767s][info][gc,heap        ] GC(965) PSYoungGen: 150144K(218112K)->23808K(222208K) Eden: 126464K(126464K)->0K(126464K) From: 23680K(91648K)->23808K(95744K)
[284.767s][info][gc,heap        ] GC(965) ParOldGen: 585840K(667648K)->585840K(667648K)
[284.767s][info][gc,metaspace   ] GC(965) Metaspace: 18805K(19008K)->18805K(19008K) NonClass: 16146K(16256K)->16146K(16256K) Class: 2659K(2752K)->2659K(2752K)
[284.767s][info][gc             ] GC(965) Pause Young (Allocation Failure) 718M->595M(869M) 24.040ms
[284.767s][info][gc,cpu         ] GC(965) User=0.05s Sys=0.00s Real=0.03s
[284.976s][info][gc,start       ] GC(966) Pause Young (Allocation Failure)
[285.009s][info][gc,heap        ] GC(966) PSYoungGen: 150272K(222208K)->34672K(216576K) Eden: 126464K(126464K)->0K(134144K) From: 23808K(95744K)->34672K(82432K)
[285.009s][info][gc,heap        ] GC(966) ParOldGen: 585840K(667648K)->585840K(667648K)
[285.009s][info][gc,metaspace   ] GC(966) Metaspace: 18805K(19008K)->18805K(19008K) NonClass: 16146K(16256K)->16146K(16256K) Class: 2659K(2752K)->2659K(2752K)
[285.009s][info][gc             ] GC(966) Pause Young (Allocation Failure) 718M->605M(863M) 32.954ms
[285.009s][info][gc,cpu         ] GC(966) User=0.06s Sys=0.00s Real=0.03s
[285.080s][info][gc,start       ] GC(967) Pause Young (Allocation Failure)
[285.148s][info][gc,heap        ] GC(967) PSYoungGen: 168816K(216576K)->82816K(221184K) Eden: 134144K(134144K)->0K(134144K) From: 34672K(82432K)->82816K(87040K)
[285.148s][info][gc,heap        ] GC(967) ParOldGen: 585840K(667648K)->585840K(667648K)
[285.148s][info][gc,metaspace   ] GC(967) Metaspace: 18805K(19008K)->18805K(19008K) NonClass: 16146K(16256K)->16146K(16256K) Class: 2659K(2752K)->2659K(2752K)
[285.148s][info][gc             ] GC(967) Pause Young (Allocation Failure) 736M->652M(868M) 67.416ms
[285.148s][info][gc,cpu         ] GC(967) User=0.14s Sys=0.00s Real=0.07s
[285.331s][info][gc,start       ] GC(968) Pause Young (Allocation Failure)
[285.414s][info][gc,heap        ] GC(968) PSYoungGen: 216960K(221184K)->96672K(210944K) Eden: 134144K(134144K)->0K(111616K) From: 82816K(87040K)->96672K(99328K)
[285.414s][info][gc,heap        ] GC(968) ParOldGen: 585840K(667648K)->585840K(667648K)
[285.414s][info][gc,metaspace   ] GC(968) Metaspace: 18805K(19008K)->18805K(19008K) NonClass: 16146K(16256K)->16146K(16256K) Class: 2659K(2752K)->2659K(2752K)
[285.414s][info][gc             ] GC(968) Pause Young (Allocation Failure) 783M->666M(858M) 82.972ms
[285.414s][info][gc,cpu         ] GC(968) User=0.15s Sys=0.02s Real=0.09s
[285.586s][info][gc,start       ] GC(969) Pause Young (Allocation Failure)
[285.682s][info][gc,heap        ] GC(969) PSYoungGen: 208288K(210944K)->96646K(222720K) Eden: 111616K(111616K)->0K(111616K) From: 96672K(99328K)->96646K(111104K)
[285.682s][info][gc,heap        ] GC(969) ParOldGen: 585840K(667648K)->600761K(667648K)
[285.682s][info][gc,metaspace   ] GC(969) Metaspace: 18805K(19008K)->18805K(19008K) NonClass: 16146K(16256K)->16146K(16256K) Class: 2659K(2752K)->2659K(2752K)
[285.682s][info][gc             ] GC(969) Pause Young (Allocation Failure) 775M->681M(869M) 96.037ms
[285.682s][info][gc,cpu         ] GC(969) User=0.19s Sys=0.00s Real=0.09s
[285.849s][info][gc,start       ] GC(970) Pause Young (Allocation Failure)
[285.936s][info][gc,heap        ] GC(970) PSYoungGen: 208262K(222720K)->93542K(222720K) Eden: 111616K(111616K)->0K(111616K) From: 96646K(111104K)->93542K(111104K)
[285.937s][info][gc,heap        ] GC(970) ParOldGen: 600761K(667648K)->609465K(667648K)
[285.937s][info][gc,metaspace   ] GC(970) Metaspace: 18805K(19008K)->18805K(19008K) NonClass: 16146K(16256K)->16146K(16256K) Class: 2659K(2752K)->2659K(2752K)
[285.937s][info][gc             ] GC(970) Pause Young (Allocation Failure) 790M->686M(869M) 88.015ms
[285.937s][info][gc,cpu         ] GC(970) User=0.17s Sys=0.00s Real=0.09s
[286.073s][info][gc,start       ] GC(971) Pause Young (Allocation Failure)
[286.161s][info][gc,heap        ] GC(971) PSYoungGen: 205158K(222720K)->107696K(222720K) Eden: 111616K(111616K)->0K(111616K) From: 93542K(111104K)->107696K(111104K)
[286.161s][info][gc,heap        ] GC(971) ParOldGen: 609465K(667648K)->609529K(667648K)
[286.161s][info][gc,metaspace   ] GC(971) Metaspace: 18805K(19008K)->18805K(19008K) NonClass: 16146K(16256K)->16146K(16256K) Class: 2659K(2752K)->2659K(2752K)
[286.162s][info][gc             ] GC(971) Pause Young (Allocation Failure) 795M->700M(869M) 88.345ms
[286.162s][info][gc,cpu         ] GC(971) User=0.18s Sys=0.00s Real=0.09s
[286.220s][info][gc,start       ] GC(972) Pause Young (Allocation Failure)
[286.337s][info][gc,heap        ] GC(972) PSYoungGen: 219312K(222720K)->111072K(222720K) Eden: 111616K(111616K)->0K(111616K) From: 107696K(111104K)->111072K(111104K)
[286.337s][info][gc,heap        ] GC(972) ParOldGen: 609529K(667648K)->642916K(667648K)
[286.337s][info][gc,metaspace   ] GC(972) Metaspace: 18805K(19008K)->18805K(19008K) NonClass: 16146K(16256K)->16146K(16256K) Class: 2659K(2752K)->2659K(2752K)
[286.337s][info][gc             ] GC(972) Pause Young (Allocation Failure) 809M->736M(869M) 117.896ms
[286.337s][info][gc,cpu         ] GC(972) User=0.24s Sys=0.00s Real=0.12s
[286.445s][info][gc,start       ] GC(973) Pause Full (Allocation Failure)
[286.445s][info][gc,phases,start] GC(973) Marking Phase
[286.682s][info][gc,phases      ] GC(973) Marking Phase 237.471ms
[286.683s][info][gc,phases,start] GC(973) Summary Phase
[286.683s][info][gc,phases      ] GC(973) Summary Phase 0.027ms
[286.683s][info][gc,phases,start] GC(973) Forward
[286.783s][info][gc,phases      ] GC(973) Forward 100.289ms
[286.783s][info][gc,phases,start] GC(973) Adjust Pointers
[286.964s][info][gc,phases      ] GC(973) Adjust Pointers 181.500ms
[286.965s][info][gc,phases,start] GC(973) Compaction Phase
[287.067s][info][gc,phases      ] GC(973) Compaction Phase 102.045ms
[287.074s][info][gc,phases,start] GC(973) Post Compact
[287.076s][info][gc,phases      ] GC(973) Post Compact 2.481ms
[287.076s][info][gc,heap        ] GC(973) PSYoungGen: 222688K(222720K)->0K(222720K) Eden: 111616K(111616K)->0K(111616K) From: 111072K(111104K)->0K(111104K)
[287.076s][info][gc,heap        ] GC(973) ParOldGen: 642916K(667648K)->375853K(667136K)
[287.076s][info][gc,metaspace   ] GC(973) Metaspace: 18805K(19008K)->18805K(19008K) NonClass: 16146K(16256K)->16146K(16256K) Class: 2659K(2752K)->2659K(2752K)
[287.076s][info][gc             ] GC(973) Pause Full (Allocation Failure) 845M->367M(869M) 631.365ms
[287.076s][info][gc,cpu         ] GC(973) User=1.16s Sys=0.01s Real=0.63s
[287.193s][info][gc,start       ] GC(974) Pause Young (Allocation Failure)
[287.195s][info][gc,heap        ] GC(974) PSYoungGen: 111616K(222720K)->96K(222720K) Eden: 111616K(111616K)->0K(111616K) From: 0K(111104K)->96K(111104K)
[287.195s][info][gc,heap        ] GC(974) ParOldGen: 375853K(667136K)->375853K(667136K)
[287.195s][info][gc,metaspace   ] GC(974) Metaspace: 18805K(19008K)->18805K(19008K) NonClass: 16146K(16256K)->16146K(16256K) Class: 2659K(2752K)->2659K(2752K)
[287.195s][info][gc             ] GC(974) Pause Young (Allocation Failure) 476M->367M(869M) 1.573ms
[287.195s][info][gc,cpu         ] GC(974) User=0.00s Sys=0.00s Real=0.00s
[287.307s][info][gc,start       ] GC(975) Pause Young (Allocation Failure)
[287.309s][info][gc,heap        ] GC(975) PSYoungGen: 111712K(222720K)->160K(222720K) Eden: 111616K(111616K)->0K(111616K) From: 96K(111104K)->160K(111104K)
[287.309s][info][gc,heap        ] GC(975) ParOldGen: 375853K(667136K)->375853K(667136K)
[287.309s][info][gc,metaspace   ] GC(975) Metaspace: 18805K(19008K)->18805K(19008K) NonClass: 16146K(16256K)->16146K(16256K) Class: 2659K(2752K)->2659K(2752K)
[287.309s][info][gc             ] GC(975) Pause Young (Allocation Failure) 476M->367M(869M) 1.678ms
[287.309s][info][gc,cpu         ] GC(975) User=0.00s Sys=0.00s Real=0.00s
[287.420s][info][gc,start       ] GC(976) Pause Young (Allocation Failure)
[287.422s][info][gc,heap        ] GC(976) PSYoungGen: 111776K(222720K)->288K(222720K) Eden: 111616K(111616K)->0K(111616K) From: 160K(111104K)->288K(111104K)
[287.422s][info][gc,heap        ] GC(976) ParOldGen: 375853K(667136K)->375853K(667136K)
[287.422s][info][gc,metaspace   ] GC(976) Metaspace: 18805K(19008K)->18805K(19008K) NonClass: 16146K(16256K)->16146K(16256K) Class: 2659K(2752K)->2659K(2752K)
[287.422s][info][gc             ] GC(976) Pause Young (Allocation Failure) 476M->367M(869M) 1.834ms
[287.422s][info][gc,cpu         ] GC(976) User=0.00s Sys=0.00s Real=0.00s
[287.533s][info][gc,start       ] GC(977) Pause Young (Allocation Failure)
[287.535s][info][gc,heap        ] GC(977) PSYoungGen: 111904K(222720K)->384K(222720K) Eden: 111616K(111616K)->0K(111616K) From: 288K(111104K)->384K(111104K)
[287.535s][info][gc,heap        ] GC(977) ParOldGen: 375853K(667136K)->375853K(667136K)
[287.535s][info][gc,metaspace   ] GC(977) Metaspace: 18805K(19008K)->18805K(19008K) NonClass: 16146K(16256K)->16146K(16256K) Class: 2659K(2752K)->2659K(2752K)
[287.535s][info][gc             ] GC(977) Pause Young (Allocation Failure) 476M->367M(869M) 2.052ms
[287.535s][info][gc,cpu         ] GC(977) User=0.01s Sys=0.00s Real=0.00s
[287.648s][info][gc,start       ] GC(978) Pause Young (Allocation Failure)
[287.650s][info][gc,heap        ] GC(978) PSYoungGen: 112000K(222720K)->320K(222720K) Eden: 111616K(111616K)->0K(111616K) From: 384K(111104K)->320K(111104K)
[287.650s][info][gc,heap        ] GC(978) ParOldGen: 375853K(667136K)->375989K(667136K)
[287.650s][info][gc,metaspace   ] GC(978) Metaspace: 18805K(19008K)->18805K(19008K) NonClass: 16146K(16256K)->16146K(16256K) Class: 2659K(2752K)->2659K(2752K)
[287.650s][info][gc             ] GC(978) Pause Young (Allocation Failure) 476M->367M(869M) 1.997ms
[287.650s][info][gc,cpu         ] GC(978) User=0.00s Sys=0.00s Real=0.00s
[287.764s][info][gc,start       ] GC(979) Pause Young (Allocation Failure)
[287.766s][info][gc,heap        ] GC(979) PSYoungGen: 111936K(222720K)->160K(222720K) Eden: 111616K(111616K)->0K(111616K) From: 320K(111104K)->160K(111104K)
[287.766s][info][gc,heap        ] GC(979) ParOldGen: 375989K(667136K)->376213K(667136K)
[287.766s][info][gc,metaspace   ] GC(979) Metaspace: 18805K(19008K)->18805K(19008K) NonClass: 16146K(16256K)->16146K(16256K) Class: 2659K(2752K)->2659K(2752K)
[287.766s][info][gc             ] GC(979) Pause Young (Allocation Failure) 476M->367M(869M) 1.933ms
[287.766s][info][gc,cpu         ] GC(979) User=0.00s Sys=0.00s Real=0.00s
[287.875s][info][gc,start       ] GC(980) Pause Young (Allocation Failure)
[287.877s][info][gc,heap        ] GC(980) PSYoungGen: 111776K(222720K)->128K(222720K) Eden: 111616K(111616K)->0K(111616K) From: 160K(111104K)->128K(111104K)
[287.877s][info][gc,heap        ] GC(980) ParOldGen: 376213K(667136K)->376357K(667136K)
[287.877s][info][gc,metaspace   ] GC(980) Metaspace: 18805K(19008K)->18805K(19008K) NonClass: 16146K(16256K)->16146K(16256K) Class: 2659K(2752K)->2659K(2752K)
[287.877s][info][gc             ] GC(980) Pause Young (Allocation Failure) 476M->367M(869M) 1.876ms
[287.877s][info][gc,cpu         ] GC(980) User=0.00s Sys=0.00s Real=0.00s
[287.989s][info][gc,start       ] GC(981) Pause Young (Allocation Failure)
[287.991s][info][gc,heap        ] GC(981) PSYoungGen: 111744K(222720K)->96K(222720K) Eden: 111616K(111616K)->0K(111616K) From: 128K(111104K)->96K(111104K)
[287.991s][info][gc,heap        ] GC(981) ParOldGen: 376357K(667136K)->376469K(667136K)
[287.991s][info][gc,metaspace   ] GC(981) Metaspace: 18805K(19008K)->18805K(19008K) NonClass: 16146K(16256K)->16146K(16256K) Class: 2659K(2752K)->2659K(2752K)
[287.991s][info][gc             ] GC(981) Pause Young (Allocation Failure) 476M->367M(869M) 1.801ms
[287.991s][info][gc,cpu         ] GC(981) User=0.01s Sys=0.00s Real=0.00s
[288.101s][info][gc,start       ] GC(982) Pause Young (Allocation Failure)
[288.103s][info][gc,heap        ] GC(982) PSYoungGen: 111712K(222720K)->128K(222720K) Eden: 111616K(111616K)->0K(111616K) From: 96K(111104K)->128K(111104K)
[288.103s][info][gc,heap        ] GC(982) ParOldGen: 376469K(667136K)->376557K(667136K)
[288.103s][info][gc,metaspace   ] GC(982) Metaspace: 18805K(19008K)->18805K(19008K) NonClass: 16146K(16256K)->16146K(16256K) Class: 2659K(2752K)->2659K(2752K)
[288.103s][info][gc             ] GC(982) Pause Young (Allocation Failure) 476M->367M(869M) 1.749ms
[288.103s][info][gc,cpu         ] GC(982) User=0.00s Sys=0.00s Real=0.01s
[288.222s][info][gc,start       ] GC(983) Pause Young (Allocation Failure)
[288.232s][info][gc,heap        ] GC(983) PSYoungGen: 111744K(222720K)->3360K(222720K) Eden: 111616K(111616K)->0K(111616K) From: 128K(111104K)->3360K(111104K)
[288.232s][info][gc,heap        ] GC(983) ParOldGen: 376557K(667136K)->376629K(667136K)
[288.232s][info][gc,metaspace   ] GC(983) Metaspace: 18805K(19008K)->18805K(19008K) NonClass: 16146K(16256K)->16146K(16256K) Class: 2659K(2752K)->2659K(2752K)
[288.232s][info][gc             ] GC(983) Pause Young (Allocation Failure) 476M->371M(869M) 9.868ms
[288.232s][info][gc,cpu         ] GC(983) User=0.01s Sys=0.00s Real=0.01s
[288.365s][info][gc,start       ] GC(984) Pause Young (Allocation Failure)
[288.400s][info][gc,heap        ] GC(984) PSYoungGen: 114976K(222720K)->15563K(222720K) Eden: 111616K(111616K)->0K(111616K) From: 3360K(111104K)->15563K(111104K)
[288.401s][info][gc,heap        ] GC(984) ParOldGen: 376629K(667136K)->379981K(667136K)
[288.401s][info][gc,metaspace   ] GC(984) Metaspace: 18805K(19008K)->18805K(19008K) NonClass: 16146K(16256K)->16146K(16256K) Class: 2659K(2752K)->2659K(2752K)
[288.401s][info][gc             ] GC(984) Pause Young (Allocation Failure) 480M->386M(869M) 35.594ms
[288.401s][info][gc,cpu         ] GC(984) User=0.07s Sys=0.00s Real=0.03s
[288.543s][info][gc,start       ] GC(985) Pause Young (Allocation Failure)
[288.568s][info][gc,heap        ] GC(985) PSYoungGen: 127179K(222720K)->32K(222720K) Eden: 111616K(111616K)->0K(111616K) From: 15563K(111104K)->32K(111104K)
[288.568s][info][gc,heap        ] GC(985) ParOldGen: 379981K(667136K)->395565K(667136K)
[288.568s][info][gc,metaspace   ] GC(985) Metaspace: 18805K(19008K)->18805K(19008K) NonClass: 16146K(16256K)->16146K(16256K) Class: 2659K(2752K)->2659K(2752K)
[288.568s][info][gc             ] GC(985) Pause Young (Allocation Failure) 495M->386M(869M) 25.810ms
[288.568s][info][gc,cpu         ] GC(985) User=0.05s Sys=0.00s Real=0.03s
[288.671s][info][gc,start       ] GC(986) Pause Young (Allocation Failure)
[288.693s][info][gc,heap        ] GC(986) PSYoungGen: 111648K(222720K)->18528K(213504K) Eden: 111616K(111616K)->0K(111616K) From: 32K(111104K)->18528K(101888K)
[288.693s][info][gc,heap        ] GC(986) ParOldGen: 395565K(667136K)->395565K(667136K)
[288.693s][info][gc,metaspace   ] GC(986) Metaspace: 18805K(19008K)->18805K(19008K) NonClass: 16146K(16256K)->16146K(16256K) Class: 2659K(2752K)->2659K(2752K)
[288.693s][info][gc             ] GC(986) Pause Young (Allocation Failure) 495M->404M(860M) 21.693ms
[288.693s][info][gc,cpu         ] GC(986) User=0.04s Sys=0.00s Real=0.02s
[288.805s][info][gc,start       ] GC(987) Pause Young (Allocation Failure)
[288.837s][info][gc,heap        ] GC(987) PSYoungGen: 130144K(213504K)->31648K(218112K) Eden: 111616K(111616K)->0K(111616K) From: 18528K(101888K)->31648K(106496K)
[288.837s][info][gc,heap        ] GC(987) ParOldGen: 395565K(667136K)->395565K(667136K)
[288.837s][info][gc,metaspace   ] GC(987) Metaspace: 18805K(19008K)->18805K(19008K) NonClass: 16146K(16256K)->16146K(16256K) Class: 2659K(2752K)->2659K(2752K)
[288.837s][info][gc             ] GC(987) Pause Young (Allocation Failure) 513M->417M(864M) 31.827ms
[288.837s][info][gc,cpu         ] GC(987) User=0.06s Sys=0.00s Real=0.03s
[288.911s][info][gc,start       ] GC(988) Pause Young (Allocation Failure)
[288.946s][info][gc,heap        ] GC(988) PSYoungGen: 143264K(218112K)->35552K(219648K) Eden: 111616K(111616K)->0K(121344K) From: 31648K(106496K)->35552K(98304K)
[288.946s][info][gc,heap        ] GC(988) ParOldGen: 395565K(667136K)->395565K(667136K)
[288.946s][info][gc,metaspace   ] GC(988) Metaspace: 18805K(19008K)->18805K(19008K) NonClass: 16146K(16256K)->16146K(16256K) Class: 2659K(2752K)->2659K(2752K)
[288.946s][info][gc             ] GC(988) Pause Young (Allocation Failure) 526M->421M(866M) 35.128ms
[288.946s][info][gc,cpu         ] GC(988) User=0.07s Sys=0.00s Real=0.04s
[289.051s][info][gc,start       ] GC(989) Pause Young (Allocation Failure)
[289.087s][info][gc,heap        ] GC(989) PSYoungGen: 156896K(219648K)->36768K(220672K) Eden: 121344K(121344K)->0K(121344K) From: 35552K(98304K)->36768K(99328K)
[289.087s][info][gc,heap        ] GC(989) ParOldGen: 395565K(667136K)->395565K(667136K)
[289.087s][info][gc,metaspace   ] GC(989) Metaspace: 18805K(19008K)->18805K(19008K) NonClass: 16146K(16256K)->16146K(16256K) Class: 2659K(2752K)->2659K(2752K)
[289.087s][info][gc             ] GC(989) Pause Young (Allocation Failure) 539M->422M(867M) 36.310ms
[289.087s][info][gc,cpu         ] GC(989) User=0.07s Sys=0.00s Real=0.04s
[289.201s][info][gc,start       ] GC(990) Pause Young (Allocation Failure)
[289.240s][info][gc,heap        ] GC(990) PSYoungGen: 158112K(220672K)->40224K(226304K) Eden: 121344K(121344K)->0K(132608K) From: 36768K(99328K)->40224K(93696K)
[289.240s][info][gc,heap        ] GC(990) ParOldGen: 395565K(667136K)->395565K(667136K)
[289.240s][info][gc,metaspace   ] GC(990) Metaspace: 18805K(19008K)->18805K(19008K) NonClass: 16146K(16256K)->16146K(16256K) Class: 2659K(2752K)->2659K(2752K)
[289.240s][info][gc             ] GC(990) Pause Young (Allocation Failure) 540M->425M(872M) 39.312ms
[289.240s][info][gc,cpu         ] GC(990) User=0.08s Sys=0.00s Real=0.04s
[289.348s][info][gc,start       ] GC(991) Pause Young (Allocation Failure)
[289.389s][info][gc,heap        ] GC(991) PSYoungGen: 172832K(226304K)->40288K(227840K) Eden: 132608K(132608K)->0K(132608K) From: 40224K(93696K)->40288K(95232K)
[289.389s][info][gc,heap        ] GC(991) ParOldGen: 395565K(667136K)->395565K(667136K)
[289.389s][info][gc,metaspace   ] GC(991) Metaspace: 18805K(19008K)->18805K(19008K) NonClass: 16146K(16256K)->16146K(16256K) Class: 2659K(2752K)->2659K(2752K)
[289.389s][info][gc             ] GC(991) Pause Young (Allocation Failure) 555M->425M(874M) 41.008ms
[289.389s][info][gc,cpu         ] GC(991) User=0.09s Sys=0.00s Real=0.04s
[289.522s][info][gc,start       ] GC(992) Pause Young (Allocation Failure)
[289.569s][info][gc,heap        ] GC(992) PSYoungGen: 172896K(227840K)->48928K(236544K) Eden: 132608K(132608K)->0K(143360K) From: 40288K(95232K)->48928K(93184K)
[289.569s][info][gc,heap        ] GC(992) ParOldGen: 395565K(667136K)->395565K(667136K)
[289.569s][info][gc,metaspace   ] GC(992) Metaspace: 18805K(19008K)->18805K(19008K) NonClass: 16146K(16256K)->16146K(16256K) Class: 2659K(2752K)->2659K(2752K)
[289.569s][info][gc             ] GC(992) Pause Young (Allocation Failure) 555M->434M(882M) 46.704ms
[289.569s][info][gc,cpu         ] GC(992) User=0.09s Sys=0.00s Real=0.05s
[289.706s][info][gc,start       ] GC(993) Pause Young (Allocation Failure)
[289.767s][info][gc,heap        ] GC(993) PSYoungGen: 192288K(236544K)->45312K(238080K) Eden: 143360K(143360K)->0K(143360K) From: 48928K(93184K)->45312K(94720K)
[289.767s][info][gc,heap        ] GC(993) ParOldGen: 395565K(667136K)->414101K(667136K)
[289.767s][info][gc,metaspace   ] GC(993) Metaspace: 18805K(19008K)->18805K(19008K) NonClass: 16146K(16256K)->16146K(16256K) Class: 2659K(2752K)->2659K(2752K)
[289.767s][info][gc             ] GC(993) Pause Young (Allocation Failure) 574M->448M(884M) 61.491ms
[289.767s][info][gc,cpu         ] GC(993) User=0.13s Sys=0.00s Real=0.06s
[290.033s][info][gc,start       ] GC(994) Pause Young (Allocation Failure)
[290.080s][info][gc,heap        ] GC(994) PSYoungGen: 188672K(238080K)->34080K(227328K) Eden: 143360K(143360K)->0K(144896K) From: 45312K(94720K)->34080K(82432K)
[290.080s][info][gc,heap        ] GC(994) ParOldGen: 414101K(667136K)->427277K(667136K)
[290.080s][info][gc,metaspace   ] GC(994) Metaspace: 18805K(19008K)->18805K(19008K) NonClass: 16146K(16256K)->16146K(16256K) Class: 2659K(2752K)->2659K(2752K)
[290.081s][info][gc             ] GC(994) Pause Young (Allocation Failure) 588M->450M(873M) 47.125ms
[290.081s][info][gc,cpu         ] GC(994) User=0.10s Sys=0.00s Real=0.04s
[290.246s][info][gc,start       ] GC(995) Pause Young (Allocation Failure)
[290.306s][info][gc,heap        ] GC(995) PSYoungGen: 178976K(227328K)->58368K(233472K) Eden: 144896K(144896K)->0K(144896K) From: 34080K(82432K)->58368K(88576K)
[290.306s][info][gc,heap        ] GC(995) ParOldGen: 427277K(667136K)->427277K(667136K)
[290.306s][info][gc,metaspace   ] GC(995) Metaspace: 18805K(19008K)->18805K(19008K) NonClass: 16146K(16256K)->16146K(16256K) Class: 2659K(2752K)->2659K(2752K)
[290.306s][info][gc             ] GC(995) Pause Young (Allocation Failure) 592M->474M(879M) 60.295ms
[290.306s][info][gc,cpu         ] GC(995) User=0.12s Sys=0.00s Real=0.06s
[290.452s][info][gc,start       ] GC(996) Pause Young (Allocation Failure)
[290.523s][info][gc,heap        ] GC(996) PSYoungGen: 203264K(233472K)->69392K(226304K) Eden: 144896K(144896K)->0K(133120K) From: 58368K(88576K)->69392K(93184K)
[290.523s][info][gc,heap        ] GC(996) ParOldGen: 427277K(667136K)->431173K(667136K)
[290.523s][info][gc,metaspace   ] GC(996) Metaspace: 18805K(19008K)->18805K(19008K) NonClass: 16146K(16256K)->16146K(16256K) Class: 2659K(2752K)->2659K(2752K)
[290.523s][info][gc             ] GC(996) Pause Young (Allocation Failure) 615M->488M(872M) 71.028ms
[290.523s][info][gc,cpu         ] GC(996) User=0.14s Sys=0.01s Real=0.07s
[290.668s][info][gc,start       ] GC(997) Pause Young (Allocation Failure)
[290.736s][info][gc,heap        ] GC(997) PSYoungGen: 202512K(226304K)->70592K(203776K) Eden: 133120K(133120K)->0K(133120K) From: 69392K(93184K)->70592K(70656K)
[290.736s][info][gc,heap        ] GC(997) ParOldGen: 431173K(667136K)->432397K(667136K)
[290.736s][info][gc,metaspace   ] GC(997) Metaspace: 18805K(19008K)->18805K(19008K) NonClass: 16146K(16256K)->16146K(16256K) Class: 2659K(2752K)->2659K(2752K)
[290.736s][info][gc             ] GC(997) Pause Young (Allocation Failure) 618M->491M(850M) 68.009ms
[290.736s][info][gc,cpu         ] GC(997) User=0.13s Sys=0.00s Real=0.07s
[290.878s][info][gc,start       ] GC(998) Pause Young (Allocation Failure)
[290.950s][info][gc,heap        ] GC(998) PSYoungGen: 203712K(203776K)->71392K(218624K) Eden: 133120K(133120K)->0K(112640K) From: 70592K(70656K)->71392K(105984K)
[290.950s][info][gc,heap        ] GC(998) ParOldGen: 432397K(667136K)->435869K(667136K)
[290.950s][info][gc,metaspace   ] GC(998) Metaspace: 18805K(19008K)->18805K(19008K) NonClass: 16146K(16256K)->16146K(16256K) Class: 2659K(2752K)->2659K(2752K)
[290.950s][info][gc             ] GC(998) Pause Young (Allocation Failure) 621M->495M(865M) 71.437ms
[290.950s][info][gc,cpu         ] GC(998) User=0.14s Sys=0.00s Real=0.07s
[291.054s][info][gc,start       ] GC(999) Pause Young (Allocation Failure)
[291.121s][info][gc,heap        ] GC(999) PSYoungGen: 184032K(218624K)->62672K(175616K) Eden: 112640K(112640K)->0K(112640K) From: 71392K(105984K)->62672K(62976K)
[291.121s][info][gc,heap        ] GC(999) ParOldGen: 435869K(667136K)->444629K(667136K)
[291.121s][info][gc,metaspace   ] GC(999) Metaspace: 18805K(19008K)->18805K(19008K) NonClass: 16146K(16256K)->16146K(16256K) Class: 2659K(2752K)->2659K(2752K)
[291.121s][info][gc             ] GC(999) Pause Young (Allocation Failure) 605M->495M(823M) 67.181ms
[291.121s][info][gc,cpu         ] GC(999) User=0.14s Sys=0.00s Real=0.06s
[291.217s][info][gc,start       ] GC(1000) Pause Young (Allocation Failure)
[291.277s][info][gc,heap        ] GC(1000) PSYoungGen: 175312K(175616K)->45920K(229376K) Eden: 112640K(112640K)->0K(118272K) From: 62672K(62976K)->45920K(111104K)
[291.277s][info][gc,heap        ] GC(1000) ParOldGen: 444629K(667136K)->461429K(667136K)
[291.277s][info][gc,metaspace   ] GC(1000) Metaspace: 18805K(19008K)->18805K(19008K) NonClass: 16146K(16256K)->16146K(16256K) Class: 2659K(2752K)->2659K(2752K)
[291.277s][info][gc             ] GC(1000) Pause Young (Allocation Failure) 605M->495M(875M) 60.012ms
[291.277s][info][gc,cpu         ] GC(1000) User=0.12s Sys=0.00s Real=0.06s
[291.432s][info][gc,start       ] GC(1001) Pause Young (Allocation Failure)
[291.488s][info][gc,heap        ] GC(1001) PSYoungGen: 164192K(229376K)->19360K(137728K) Eden: 118272K(118272K)->0K(118272K) From: 45920K(111104K)->19360K(19456K)
[291.488s][info][gc,heap        ] GC(1001) ParOldGen: 461429K(667136K)->500733K(667136K)
[291.488s][info][gc,metaspace   ] GC(1001) Metaspace: 18805K(19008K)->18805K(19008K) NonClass: 16146K(16256K)->16146K(16256K) Class: 2659K(2752K)->2659K(2752K)
[291.488s][info][gc             ] GC(1001) Pause Young (Allocation Failure) 610M->507M(786M) 56.276ms
[291.488s][info][gc,cpu         ] GC(1001) User=0.11s Sys=0.00s Real=0.06s
[291.708s][info][gc,start       ] GC(1002) Pause Young (Allocation Failure)
[291.732s][info][gc,heap        ] GC(1002) PSYoungGen: 137632K(137728K)->15424K(223232K) Eden: 118272K(118272K)->0K(119808K) From: 19360K(19456K)->15424K(103424K)
[291.732s][info][gc,heap        ] GC(1002) ParOldGen: 500733K(667136K)->507405K(667136K)
[291.732s][info][gc,metaspace   ] GC(1002) Metaspace: 18805K(19008K)->18805K(19008K) NonClass: 16146K(16256K)->16146K(16256K) Class: 2659K(2752K)->2659K(2752K)
[291.732s][info][gc             ] GC(1002) Pause Young (Allocation Failure) 623M->510M(869M) 23.714ms
[291.732s][info][gc,cpu         ] GC(1002) User=0.05s Sys=0.00s Real=0.02s
[292.063s][info][gc,start       ] GC(1003) Pause Young (Allocation Failure)
[292.079s][info][gc,heap        ] GC(1003) PSYoungGen: 135232K(223232K)->15552K(221696K) Eden: 119808K(119808K)->0K(119808K) From: 15424K(103424K)->15552K(101888K)
[292.079s][info][gc,heap        ] GC(1003) ParOldGen: 507405K(667136K)->507445K(667136K)
[292.079s][info][gc,metaspace   ] GC(1003) Metaspace: 18805K(19008K)->18805K(19008K) NonClass: 16146K(16256K)->16146K(16256K) Class: 2659K(2752K)->2659K(2752K)
[292.079s][info][gc             ] GC(1003) Pause Young (Allocation Failure) 627M->510M(868M) 16.345ms
[292.079s][info][gc,cpu         ] GC(1003) User=0.03s Sys=0.00s Real=0.02s
[292.348s][info][gc,start       ] GC(1004) Pause Young (Allocation Failure)
[292.365s][info][gc,heap        ] GC(1004) PSYoungGen: 135360K(221696K)->15712K(225792K) Eden: 119808K(119808K)->0K(129536K) From: 15552K(101888K)->15712K(96256K)
[292.365s][info][gc,heap        ] GC(1004) ParOldGen: 507445K(667136K)->507445K(667136K)
[292.365s][info][gc,metaspace   ] GC(1004) Metaspace: 18805K(19008K)->18805K(19008K) NonClass: 16146K(16256K)->16146K(16256K) Class: 2659K(2752K)->2659K(2752K)
[292.365s][info][gc             ] GC(1004) Pause Young (Allocation Failure) 627M->510M(872M) 16.775ms
[292.365s][info][gc,cpu         ] GC(1004) User=0.04s Sys=0.00s Real=0.02s
[292.610s][info][gc,start       ] GC(1005) Pause Young (Allocation Failure)
[292.627s][info][gc,heap        ] GC(1005) PSYoungGen: 145248K(225792K)->16016K(227328K) Eden: 129536K(129536K)->0K(129536K) From: 15712K(96256K)->16016K(97792K)
[292.627s][info][gc,heap        ] GC(1005) ParOldGen: 507445K(667136K)->507445K(667136K)
[292.627s][info][gc,metaspace   ] GC(1005) Metaspace: 18806K(19008K)->18806K(19008K) NonClass: 16147K(16256K)->16147K(16256K) Class: 2659K(2752K)->2659K(2752K)
[292.627s][info][gc             ] GC(1005) Pause Young (Allocation Failure) 637M->511M(873M) 17.119ms
[292.627s][info][gc,cpu         ] GC(1005) User=0.04s Sys=0.00s Real=0.02s
[292.938s][info][gc,start       ] GC(1006) Pause Young (Allocation Failure)
[292.957s][info][gc,heap        ] GC(1006) PSYoungGen: 145552K(227328K)->17904K(225792K) Eden: 129536K(129536K)->0K(138240K) From: 16016K(97792K)->17904K(87552K)
[292.957s][info][gc,heap        ] GC(1006) ParOldGen: 507445K(667136K)->507445K(667136K)
[292.957s][info][gc,metaspace   ] GC(1006) Metaspace: 18806K(19008K)->18806K(19008K) NonClass: 16147K(16256K)->16147K(16256K) Class: 2659K(2752K)->2659K(2752K)
[292.957s][info][gc             ] GC(1006) Pause Young (Allocation Failure) 637M->513M(872M) 19.275ms
[292.957s][info][gc,cpu         ] GC(1006) User=0.04s Sys=0.00s Real=0.02s
[293.119s][info][gc,start       ] GC(1007) Pause Young (Allocation Failure)
[293.162s][info][gc,heap        ] GC(1007) PSYoungGen: 156144K(225792K)->49536K(229888K) Eden: 138240K(138240K)->0K(138240K) From: 17904K(87552K)->49536K(91648K)
[293.162s][info][gc,heap        ] GC(1007) ParOldGen: 507445K(667136K)->507445K(667136K)
[293.162s][info][gc,metaspace   ] GC(1007) Metaspace: 18806K(19008K)->18806K(19008K) NonClass: 16147K(16256K)->16147K(16256K) Class: 2659K(2752K)->2659K(2752K)
[293.162s][info][gc             ] GC(1007) Pause Young (Allocation Failure) 648M->543M(876M) 42.874ms
[293.162s][info][gc,cpu         ] GC(1007) User=0.09s Sys=0.00s Real=0.04s
[293.239s][info][gc,start       ] GC(1008) Pause Young (Allocation Failure)
[293.319s][info][gc,heap        ] GC(1008) PSYoungGen: 187776K(229888K)->92144K(204800K) Eden: 138240K(138240K)->0K(112640K) From: 49536K(91648K)->92144K(92160K)
[293.319s][info][gc,heap        ] GC(1008) ParOldGen: 507445K(667136K)->514661K(667136K)
[293.319s][info][gc,metaspace   ] GC(1008) Metaspace: 18806K(19008K)->18806K(19008K) NonClass: 16147K(16256K)->16147K(16256K) Class: 2659K(2752K)->2659K(2752K)
[293.319s][info][gc             ] GC(1008) Pause Young (Allocation Failure) 678M->592M(851M) 79.518ms
[293.319s][info][gc,cpu         ] GC(1008) User=0.15s Sys=0.01s Real=0.08s
[293.373s][info][gc,start       ] GC(1009) Pause Young (Allocation Failure)
[293.472s][info][gc,heap        ] GC(1009) PSYoungGen: 204784K(204800K)->110566K(223232K) Eden: 112640K(112640K)->0K(112640K) From: 92144K(92160K)->110566K(110592K)
[293.472s][info][gc,heap        ] GC(1009) ParOldGen: 514661K(667136K)->544301K(667136K)
[293.472s][info][gc,metaspace   ] GC(1009) Metaspace: 18806K(19008K)->18806K(19008K) NonClass: 16147K(16256K)->16147K(16256K) Class: 2659K(2752K)->2659K(2752K)
[293.472s][info][gc             ] GC(1009) Pause Young (Allocation Failure) 702M->639M(869M) 99.142ms
[293.472s][info][gc,cpu         ] GC(1009) User=0.19s Sys=0.00s Real=0.10s
[293.515s][info][gc,start       ] GC(1010) Pause Young (Allocation Failure)
[293.627s][info][gc,heap        ] GC(1010) PSYoungGen: 223206K(223232K)->110560K(222208K) Eden: 112640K(112640K)->0K(111616K) From: 110566K(110592K)->110560K(110592K)
[293.628s][info][gc,heap        ] GC(1010) ParOldGen: 544301K(667136K)->592932K(667136K)
[293.628s][info][gc,metaspace   ] GC(1010) Metaspace: 18806K(19008K)->18806K(19008K) NonClass: 16147K(16256K)->16147K(16256K) Class: 2659K(2752K)->2659K(2752K)
[293.628s][info][gc             ] GC(1010) Pause Young (Allocation Failure) 749M->687M(868M) 112.341ms
[293.628s][info][gc,cpu         ] GC(1010) User=0.22s Sys=0.00s Real=0.11s
[293.835s][info][gc,start       ] GC(1011) Pause Young (Allocation Failure)
[293.947s][info][gc,heap        ] GC(1011) PSYoungGen: 222176K(222208K)->111104K(222720K) Eden: 111616K(111616K)->0K(111616K) From: 110560K(110592K)->111104K(111104K)
[293.947s][info][gc,heap        ] GC(1011) ParOldGen: 592932K(667136K)->614589K(667136K)
[293.947s][info][gc,metaspace   ] GC(1011) Metaspace: 18806K(19008K)->18806K(19008K) NonClass: 16147K(16256K)->16147K(16256K) Class: 2659K(2752K)->2659K(2752K)
[293.947s][info][gc             ] GC(1011) Pause Young (Allocation Failure) 796M->708M(869M) 112.500ms
[293.947s][info][gc,cpu         ] GC(1011) User=0.23s Sys=0.00s Real=0.11s
[294.177s][info][gc,start       ] GC(1012) Pause Young (Allocation Failure)
[294.309s][info][gc,heap        ] GC(1012) PSYoungGen: 222720K(222720K)->93632K(222720K) Eden: 111616K(111616K)->0K(111616K) From: 111104K(111104K)->93632K(111104K)
[294.309s][info][gc,heap        ] GC(1012) ParOldGen: 614589K(667136K)->645053K(667136K)
[294.309s][info][gc,metaspace   ] GC(1012) Metaspace: 18806K(19008K)->18806K(19008K) NonClass: 16147K(16256K)->16147K(16256K) Class: 2659K(2752K)->2659K(2752K)
[294.309s][info][gc             ] GC(1012) Pause Young (Allocation Failure) 817M->721M(869M) 131.839ms
[294.309s][info][gc,cpu         ] GC(1012) User=0.26s Sys=0.00s Real=0.13s
[294.408s][info][gc,start       ] GC(1013) Pause Full (Allocation Failure)
[294.408s][info][gc,phases,start] GC(1013) Marking Phase
[294.800s][info][gc,phases      ] GC(1013) Marking Phase 391.850ms
[294.800s][info][gc,phases,start] GC(1013) Summary Phase
[294.800s][info][gc,phases      ] GC(1013) Summary Phase 0.029ms
[294.800s][info][gc,phases,start] GC(1013) Forward
[294.947s][info][gc,phases      ] GC(1013) Forward 147.648ms
[294.947s][info][gc,phases,start] GC(1013) Adjust Pointers
[295.249s][info][gc,phases      ] GC(1013) Adjust Pointers 301.590ms
[295.249s][info][gc,phases,start] GC(1013) Compaction Phase
[295.432s][info][gc,phases      ] GC(1013) Compaction Phase 183.236ms
[295.445s][info][gc,phases,start] GC(1013) Post Compact
[295.448s][info][gc,phases      ] GC(1013) Post Compact 2.459ms
[295.448s][info][gc,heap        ] GC(1013) PSYoungGen: 205248K(222720K)->0K(222720K) Eden: 111616K(111616K)->0K(111616K) From: 93632K(111104K)->0K(111104K)
[295.448s][info][gc,heap        ] GC(1013) ParOldGen: 645053K(667136K)->586062K(667648K)
[295.448s][info][gc,metaspace   ] GC(1013) Metaspace: 18806K(19008K)->18806K(19008K) NonClass: 16147K(16256K)->16147K(16256K) Class: 2659K(2752K)->2659K(2752K)
[295.448s][info][gc             ] GC(1013) Pause Full (Allocation Failure) 830M->572M(869M) 1040.247ms
[295.448s][info][gc,cpu         ] GC(1013) User=1.96s Sys=0.00s Real=1.04s
[295.563s][info][gc,start       ] GC(1014) Pause Young (Allocation Failure)
[295.584s][info][gc,heap        ] GC(1014) PSYoungGen: 111616K(222720K)->800K(222720K) Eden: 111616K(111616K)->0K(111616K) From: 0K(111104K)->800K(111104K)
[295.584s][info][gc,heap        ] GC(1014) ParOldGen: 586062K(667648K)->586062K(667648K)
[295.584s][info][gc,metaspace   ] GC(1014) Metaspace: 18806K(19008K)->18806K(19008K) NonClass: 16147K(16256K)->16147K(16256K) Class: 2659K(2752K)->2659K(2752K)
[295.584s][info][gc             ] GC(1014) Pause Young (Allocation Failure) 681M->573M(869M) 21.459ms
[295.584s][info][gc,cpu         ] GC(1014) User=0.04s Sys=0.00s Real=0.03s
[295.742s][info][gc,start       ] GC(1015) Pause Young (Allocation Failure)
[295.793s][info][gc,heap        ] GC(1015) PSYoungGen: 112416K(222720K)->27907K(222720K) Eden: 111616K(111616K)->0K(111616K) From: 800K(111104K)->27907K(111104K)
[295.793s][info][gc,heap        ] GC(1015) ParOldGen: 586062K(667648K)->586062K(667648K)
[295.793s][info][gc,metaspace   ] GC(1015) Metaspace: 18806K(19008K)->18806K(19008K) NonClass: 16147K(16256K)->16147K(16256K) Class: 2659K(2752K)->2659K(2752K)
[295.793s][info][gc             ] GC(1015) Pause Young (Allocation Failure) 682M->599M(869M) 51.210ms
[295.793s][info][gc,cpu         ] GC(1015) User=0.10s Sys=0.00s Real=0.05s
[295.948s][info][gc,start       ] GC(1016) Pause Young (Allocation Failure)
[295.998s][info][gc,heap        ] GC(1016) PSYoungGen: 139523K(222720K)->27149K(222720K) Eden: 111616K(111616K)->0K(111616K) From: 27907K(111104K)->27149K(111104K)
[295.998s][info][gc,heap        ] GC(1016) ParOldGen: 586062K(667648K)->586854K(667648K)
[295.998s][info][gc,metaspace   ] GC(1016) Metaspace: 18806K(19008K)->18806K(19008K) NonClass: 16147K(16256K)->16147K(16256K) Class: 2659K(2752K)->2659K(2752K)
[295.998s][info][gc             ] GC(1016) Pause Young (Allocation Failure) 708M->599M(869M) 50.506ms
[295.998s][info][gc,cpu         ] GC(1016) User=0.10s Sys=0.00s Real=0.05s
[296.153s][info][gc,start       ] GC(1017) Pause Young (Allocation Failure)
[296.192s][info][gc,heap        ] GC(1017) PSYoungGen: 138765K(222720K)->64K(222720K) Eden: 111616K(111616K)->0K(111616K) From: 27149K(111104K)->64K(111104K)
[296.192s][info][gc,heap        ] GC(1017) ParOldGen: 586854K(667648K)->614010K(667648K)
[296.192s][info][gc,metaspace   ] GC(1017) Metaspace: 18806K(19008K)->18806K(19008K) NonClass: 16147K(16256K)->16147K(16256K) Class: 2659K(2752K)->2659K(2752K)
[296.192s][info][gc             ] GC(1017) Pause Young (Allocation Failure) 708M->599M(869M) 39.725ms
[296.192s][info][gc,cpu         ] GC(1017) User=0.08s Sys=0.00s Real=0.04s
[296.345s][info][gc,start       ] GC(1018) Pause Young (Allocation Failure)
[296.347s][info][gc,heap        ] GC(1018) PSYoungGen: 111680K(222720K)->64K(222720K) Eden: 111616K(111616K)->0K(111616K) From: 64K(111104K)->64K(111104K)
[296.347s][info][gc,heap        ] GC(1018) ParOldGen: 614010K(667648K)->614010K(667648K)
[296.347s][info][gc,metaspace   ] GC(1018) Metaspace: 18806K(19008K)->18806K(19008K) NonClass: 16147K(16256K)->16147K(16256K) Class: 2659K(2752K)->2659K(2752K)
[296.347s][info][gc             ] GC(1018) Pause Young (Allocation Failure) 708M->599M(869M) 1.998ms
[296.347s][info][gc,cpu         ] GC(1018) User=0.01s Sys=0.00s Real=0.00s
[296.496s][info][gc,start       ] GC(1019) Pause Young (Allocation Failure)
[296.497s][info][gc,heap        ] GC(1019) PSYoungGen: 111680K(222720K)->64K(222720K) Eden: 111616K(111616K)->0K(111616K) From: 64K(111104K)->64K(111104K)
[296.497s][info][gc,heap        ] GC(1019) ParOldGen: 614010K(667648K)->614010K(667648K)
[296.498s][info][gc,metaspace   ] GC(1019) Metaspace: 18806K(19008K)->18806K(19008K) NonClass: 16147K(16256K)->16147K(16256K) Class: 2659K(2752K)->2659K(2752K)
[296.498s][info][gc             ] GC(1019) Pause Young (Allocation Failure) 708M->599M(869M) 1.916ms
[296.498s][info][gc,cpu         ] GC(1019) User=0.00s Sys=0.00s Real=0.00s
[296.646s][info][gc,start       ] GC(1020) Pause Young (Allocation Failure)
[296.647s][info][gc,heap        ] GC(1020) PSYoungGen: 111680K(222720K)->64K(222720K) Eden: 111616K(111616K)->0K(111616K) From: 64K(111104K)->64K(111104K)
[296.647s][info][gc,heap        ] GC(1020) ParOldGen: 614010K(667648K)->614010K(667648K)
[296.648s][info][gc,metaspace   ] GC(1020) Metaspace: 18806K(19008K)->18806K(19008K) NonClass: 16147K(16256K)->16147K(16256K) Class: 2659K(2752K)->2659K(2752K)
[296.648s][info][gc             ] GC(1020) Pause Young (Allocation Failure) 708M->599M(869M) 2.030ms
[296.648s][info][gc,cpu         ] GC(1020) User=0.00s Sys=0.00s Real=0.00s
[296.796s][info][gc,start       ] GC(1021) Pause Young (Allocation Failure)
[296.797s][info][gc,heap        ] GC(1021) PSYoungGen: 111680K(222720K)->64K(222720K) Eden: 111616K(111616K)->0K(111616K) From: 64K(111104K)->64K(111104K)
[296.797s][info][gc,heap        ] GC(1021) ParOldGen: 614010K(667648K)->614010K(667648K)
[296.797s][info][gc,metaspace   ] GC(1021) Metaspace: 18806K(19008K)->18806K(19008K) NonClass: 16147K(16256K)->16147K(16256K) Class: 2659K(2752K)->2659K(2752K)
[296.797s][info][gc             ] GC(1021) Pause Young (Allocation Failure) 708M->599M(869M) 1.908ms
[296.798s][info][gc,cpu         ] GC(1021) User=0.00s Sys=0.00s Real=0.00s
[296.927s][info][gc,start       ] GC(1022) Pause Young (Allocation Failure)
[296.939s][info][gc,heap        ] GC(1022) PSYoungGen: 111680K(222720K)->9856K(222720K) Eden: 111616K(111616K)->0K(111616K) From: 64K(111104K)->9856K(111104K)
[296.940s][info][gc,heap        ] GC(1022) ParOldGen: 614010K(667648K)->614010K(667648K)
[296.940s][info][gc,metaspace   ] GC(1022) Metaspace: 18806K(19008K)->18806K(19008K) NonClass: 16147K(16256K)->16147K(16256K) Class: 2659K(2752K)->2659K(2752K)
[296.940s][info][gc             ] GC(1022) Pause Young (Allocation Failure) 708M->609M(869M) 12.502ms
[296.940s][info][gc,cpu         ] GC(1022) User=0.02s Sys=0.00s Real=0.01s
[297.048s][info][gc,start       ] GC(1023) Pause Young (Allocation Failure)
[297.073s][info][gc,heap        ] GC(1023) PSYoungGen: 121472K(222720K)->14016K(222720K) Eden: 111616K(111616K)->0K(111616K) From: 9856K(111104K)->14016K(111104K)
[297.073s][info][gc,heap        ] GC(1023) ParOldGen: 614010K(667648K)->623858K(667648K)
[297.073s][info][gc,metaspace   ] GC(1023) Metaspace: 18806K(19008K)->18806K(19008K) NonClass: 16147K(16256K)->16147K(16256K) Class: 2659K(2752K)->2659K(2752K)
[297.073s][info][gc             ] GC(1023) Pause Young (Allocation Failure) 718M->622M(869M) 24.744ms
[297.073s][info][gc,cpu         ] GC(1023) User=0.05s Sys=0.00s Real=0.02s
[297.159s][info][gc,start       ] GC(1024) Pause Young (Allocation Failure)
[297.181s][info][gc,heap        ] GC(1024) PSYoungGen: 125632K(222720K)->6976K(222720K) Eden: 111616K(111616K)->0K(111616K) From: 14016K(111104K)->6976K(111104K)
[297.181s][info][gc,heap        ] GC(1024) ParOldGen: 623858K(667648K)->637866K(667648K)
[297.181s][info][gc,metaspace   ] GC(1024) Metaspace: 18806K(19008K)->18806K(19008K) NonClass: 16147K(16256K)->16147K(16256K) Class: 2659K(2752K)->2659K(2752K)
[297.181s][info][gc             ] GC(1024) Pause Young (Allocation Failure) 731M->629M(869M) 22.124ms
[297.181s][info][gc,cpu         ] GC(1024) User=0.04s Sys=0.00s Real=0.02s
[297.280s][info][gc,start       ] GC(1025) Pause Full (Allocation Failure)
[297.280s][info][gc,phases,start] GC(1025) Marking Phase
[297.596s][info][gc,phases      ] GC(1025) Marking Phase 315.904ms
[297.596s][info][gc,phases,start] GC(1025) Summary Phase
[297.596s][info][gc,phases      ] GC(1025) Summary Phase 0.025ms
[297.596s][info][gc,phases,start] GC(1025) Forward
[297.715s][info][gc,phases      ] GC(1025) Forward 118.195ms
[297.715s][info][gc,phases,start] GC(1025) Adjust Pointers
[297.989s][info][gc,phases      ] GC(1025) Adjust Pointers 274.674ms
[297.989s][info][gc,phases,start] GC(1025) Compaction Phase
[298.153s][info][gc,phases      ] GC(1025) Compaction Phase 163.395ms
[298.168s][info][gc,phases,start] GC(1025) Post Compact
[298.170s][info][gc,phases      ] GC(1025) Post Compact 2.272ms
[298.170s][info][gc,heap        ] GC(1025) PSYoungGen: 118592K(222720K)->0K(222720K) Eden: 111616K(111616K)->0K(111616K) From: 6976K(111104K)->0K(111104K)
[298.170s][info][gc,heap        ] GC(1025) ParOldGen: 637866K(667648K)->490996K(667648K)
[298.170s][info][gc,metaspace   ] GC(1025) Metaspace: 18806K(19008K)->18806K(19008K) NonClass: 16147K(16256K)->16147K(16256K) Class: 2659K(2752K)->2659K(2752K)
[298.170s][info][gc             ] GC(1025) Pause Full (Allocation Failure) 738M->479M(869M) 890.012ms
[298.170s][info][gc,cpu         ] GC(1025) User=1.68s Sys=0.01s Real=0.89s
[298.269s][info][gc,start       ] GC(1026) Pause Young (Allocation Failure)
[298.274s][info][gc,heap        ] GC(1026) PSYoungGen: 111616K(222720K)->1440K(222720K) Eden: 111616K(111616K)->0K(111616K) From: 0K(111104K)->1440K(111104K)
[298.274s][info][gc,heap        ] GC(1026) ParOldGen: 490996K(667648K)->490996K(667648K)
[298.274s][info][gc,metaspace   ] GC(1026) Metaspace: 18806K(19008K)->18806K(19008K) NonClass: 16147K(16256K)->16147K(16256K) Class: 2659K(2752K)->2659K(2752K)
[298.274s][info][gc             ] GC(1026) Pause Young (Allocation Failure) 588M->480M(869M) 5.072ms
[298.274s][info][gc,cpu         ] GC(1026) User=0.01s Sys=0.00s Real=0.01s
[298.402s][info][gc,start       ] GC(1027) Pause Young (Allocation Failure)
[298.411s][info][gc,heap        ] GC(1027) PSYoungGen: 113056K(222720K)->5856K(222720K) Eden: 111616K(111616K)->0K(111616K) From: 1440K(111104K)->5856K(111104K)
[298.411s][info][gc,heap        ] GC(1027) ParOldGen: 490996K(667648K)->492412K(667648K)
[298.411s][info][gc,metaspace   ] GC(1027) Metaspace: 18806K(19008K)->18806K(19008K) NonClass: 16147K(16256K)->16147K(16256K) Class: 2659K(2752K)->2659K(2752K)
[298.411s][info][gc             ] GC(1027) Pause Young (Allocation Failure) 589M->486M(869M) 8.917ms
[298.411s][info][gc,cpu         ] GC(1027) User=0.01s Sys=0.00s Real=0.01s
[298.554s][info][gc,start       ] GC(1028) Pause Young (Allocation Failure)
[298.563s][info][gc,heap        ] GC(1028) PSYoungGen: 117472K(222720K)->2304K(222720K) Eden: 111616K(111616K)->0K(111616K) From: 5856K(111104K)->2304K(111104K)
[298.563s][info][gc,heap        ] GC(1028) ParOldGen: 492412K(667648K)->498243K(667648K)
[298.563s][info][gc,metaspace   ] GC(1028) Metaspace: 18806K(19008K)->18806K(19008K) NonClass: 16147K(16256K)->16147K(16256K) Class: 2659K(2752K)->2659K(2752K)
[298.563s][info][gc             ] GC(1028) Pause Young (Allocation Failure) 595M->488M(869M) 9.736ms
[298.563s][info][gc,cpu         ] GC(1028) User=0.02s Sys=0.00s Real=0.01s
[298.788s][info][gc,start       ] GC(1029) Pause Young (Allocation Failure)
[298.793s][info][gc,heap        ] GC(1029) PSYoungGen: 113920K(222720K)->2368K(114176K) Eden: 111616K(111616K)->0K(111616K) From: 2304K(111104K)->2368K(2560K)
[298.793s][info][gc,heap        ] GC(1029) ParOldGen: 498243K(667648K)->498243K(667648K)
[298.793s][info][gc,metaspace   ] GC(1029) Metaspace: 18806K(19008K)->18806K(19008K) NonClass: 16147K(16256K)->16147K(16256K) Class: 2659K(2752K)->2659K(2752K)
[298.793s][info][gc             ] GC(1029) Pause Young (Allocation Failure) 597M->488M(763M) 4.921ms
[298.793s][info][gc,cpu         ] GC(1029) User=0.01s Sys=0.00s Real=0.00s
[298.988s][info][gc,start       ] GC(1030) Pause Young (Allocation Failure)
[298.993s][info][gc,heap        ] GC(1030) PSYoungGen: 113984K(114176K)->2496K(215040K) Eden: 111616K(111616K)->0K(116224K) From: 2368K(2560K)->2496K(98816K)
[298.993s][info][gc,heap        ] GC(1030) ParOldGen: 498243K(667648K)->498243K(667648K)
[298.993s][info][gc,metaspace   ] GC(1030) Metaspace: 18806K(19008K)->18806K(19008K) NonClass: 16147K(16256K)->16147K(16256K) Class: 2659K(2752K)->2659K(2752K)
[298.993s][info][gc             ] GC(1030) Pause Young (Allocation Failure) 597M->489M(862M) 5.077ms
[298.993s][info][gc,cpu         ] GC(1030) User=0.00s Sys=0.00s Real=0.00s
[299.179s][info][gc,start       ] GC(1031) Pause Young (Allocation Failure)
[299.185s][info][gc,heap        ] GC(1031) PSYoungGen: 118720K(215040K)->2496K(118784K) Eden: 116224K(116224K)->0K(116224K) From: 2496K(98816K)->2496K(2560K)
[299.185s][info][gc,heap        ] GC(1031) ParOldGen: 498243K(667648K)->498243K(667648K)
[299.185s][info][gc,metaspace   ] GC(1031) Metaspace: 18806K(19008K)->18806K(19008K) NonClass: 16147K(16256K)->16147K(16256K) Class: 2659K(2752K)->2659K(2752K)
[299.185s][info][gc             ] GC(1031) Pause Young (Allocation Failure) 602M->489M(768M) 6.119ms
[299.185s][info][gc,cpu         ] GC(1031) User=0.01s Sys=0.00s Real=0.01s
[299.389s][info][gc,start       ] GC(1032) Pause Young (Allocation Failure)
[299.396s][info][gc,heap        ] GC(1032) PSYoungGen: 118720K(118784K)->3840K(201728K) Eden: 116224K(116224K)->0K(119808K) From: 2496K(2560K)->3840K(81920K)
[299.396s][info][gc,heap        ] GC(1032) ParOldGen: 498243K(667648K)->498243K(667648K)
[299.396s][info][gc,metaspace   ] GC(1032) Metaspace: 18806K(19008K)->18806K(19008K) NonClass: 16147K(16256K)->16147K(16256K) Class: 2659K(2752K)->2659K(2752K)
[299.396s][info][gc             ] GC(1032) Pause Young (Allocation Failure) 602M->490M(849M) 6.962ms
[299.396s][info][gc,cpu         ] GC(1032) User=0.01s Sys=0.00s Real=0.01s
[299.527s][info][gc,start       ] GC(1033) Pause Young (Allocation Failure)
[299.545s][info][gc,heap        ] GC(1033) PSYoungGen: 123648K(201728K)->15552K(135680K) Eden: 119808K(119808K)->0K(119808K) From: 3840K(81920K)->15552K(15872K)
[299.545s][info][gc,heap        ] GC(1033) ParOldGen: 498243K(667648K)->498243K(667648K)
[299.545s][info][gc,metaspace   ] GC(1033) Metaspace: 18806K(19008K)->18806K(19008K) NonClass: 16147K(16256K)->16147K(16256K) Class: 2659K(2752K)->2659K(2752K)
[299.545s][info][gc             ] GC(1033) Pause Young (Allocation Failure) 607M->501M(784M) 18.017ms
[299.545s][info][gc,cpu         ] GC(1033) User=0.04s Sys=0.00s Real=0.02s
[299.683s][info][gc,start       ] GC(1034) Pause Young (Allocation Failure)
[299.706s][info][gc,heap        ] GC(1034) PSYoungGen: 135360K(135680K)->24800K(202240K) Eden: 119808K(119808K)->0K(125952K) From: 15552K(15872K)->24800K(76288K)
[299.706s][info][gc,heap        ] GC(1034) ParOldGen: 498243K(667648K)->498243K(667648K)
[299.706s][info][gc,metaspace   ] GC(1034) Metaspace: 18806K(19008K)->18806K(19008K) NonClass: 16147K(16256K)->16147K(16256K) Class: 2659K(2752K)->2659K(2752K)
[299.706s][info][gc             ] GC(1034) Pause Young (Allocation Failure) 618M->510M(849M) 23.136ms
[299.706s][info][gc,cpu         ] GC(1034) User=0.04s Sys=0.00s Real=0.03s
[299.778s][info][gc,start       ] GC(1035) Pause Young (Allocation Failure)
[299.831s][info][gc,heap        ] GC(1035) PSYoungGen: 150752K(202240K)->66064K(204288K) Eden: 125952K(125952K)->0K(125952K) From: 24800K(76288K)->66064K(78336K)
[299.831s][info][gc,heap        ] GC(1035) ParOldGen: 498243K(667648K)->498243K(667648K)
[299.831s][info][gc,metaspace   ] GC(1035) Metaspace: 18806K(19008K)->18806K(19008K) NonClass: 16147K(16256K)->16147K(16256K) Class: 2659K(2752K)->2659K(2752K)
[299.831s][info][gc             ] GC(1035) Pause Young (Allocation Failure) 633M->551M(851M) 53.623ms
[299.831s][info][gc,cpu         ] GC(1035) User=0.10s Sys=0.01s Real=0.05s
[300.048s][info][gc,start       ] GC(1036) Pause Young (Allocation Failure)
[300.105s][info][gc,heap        ] GC(1036) PSYoungGen: 192016K(204288K)->71440K(215040K) Eden: 125952K(125952K)->0K(124416K) From: 66064K(78336K)->71440K(90624K)
[300.105s][info][gc,heap        ] GC(1036) ParOldGen: 498243K(667648K)->498243K(667648K)
[300.105s][info][gc,metaspace   ] GC(1036) Metaspace: 18806K(19008K)->18806K(19008K) NonClass: 16147K(16256K)->16147K(16256K) Class: 2659K(2752K)->2659K(2752K)
[300.105s][info][gc             ] GC(1036) Pause Young (Allocation Failure) 674M->556M(862M) 56.756ms
[300.105s][info][gc,cpu         ] GC(1036) User=0.11s Sys=0.00s Real=0.06s
[300.269s][info][gc,start       ] GC(1037) Pause Young (Allocation Failure)
[300.338s][info][gc,heap        ] GC(1037) PSYoungGen: 195856K(215040K)->82352K(206848K) Eden: 124416K(124416K)->0K(124416K) From: 71440K(90624K)->82352K(82432K)
[300.338s][info][gc,heap        ] GC(1037) ParOldGen: 498243K(667648K)->498243K(667648K)
[300.338s][info][gc,metaspace   ] GC(1037) Metaspace: 18806K(19008K)->18806K(19008K) NonClass: 16147K(16256K)->16147K(16256K) Class: 2659K(2752K)->2659K(2752K)
[300.338s][info][gc             ] GC(1037) Pause Young (Allocation Failure) 677M->566M(854M) 69.151ms
[300.338s][info][gc,cpu         ] GC(1037) User=0.14s Sys=0.00s Real=0.07s
[300.506s][info][gc,start       ] GC(1038) Pause Young (Allocation Failure)
[300.581s][info][gc,heap        ] GC(1038) PSYoungGen: 206768K(206848K)->80048K(222720K) Eden: 124416K(124416K)->0K(111616K) From: 82352K(82432K)->80048K(111104K)
[300.581s][info][gc,heap        ] GC(1038) ParOldGen: 498243K(667648K)->500571K(667648K)
[300.581s][info][gc,metaspace   ] GC(1038) Metaspace: 18806K(19008K)->18806K(19008K) NonClass: 16147K(16256K)->16147K(16256K) Class: 2659K(2752K)->2659K(2752K)
[300.581s][info][gc             ] GC(1038) Pause Young (Allocation Failure) 688M->567M(869M) 74.827ms
[300.581s][info][gc,cpu         ] GC(1038) User=0.15s Sys=0.01s Real=0.07s
[300.734s][info][gc,start       ] GC(1039) Pause Young (Allocation Failure)
[300.805s][info][gc,heap        ] GC(1039) PSYoungGen: 191664K(222720K)->79920K(222720K) Eden: 111616K(111616K)->0K(111616K) From: 80048K(111104K)->79920K(111104K)
[300.805s][info][gc,heap        ] GC(1039) ParOldGen: 500571K(667648K)->500721K(667648K)
[300.805s][info][gc,metaspace   ] GC(1039) Metaspace: 18806K(19008K)->18806K(19008K) NonClass: 16147K(16256K)->16147K(16256K) Class: 2659K(2752K)->2659K(2752K)
[300.805s][info][gc             ] GC(1039) Pause Young (Allocation Failure) 676M->567M(869M) 71.668ms
[300.805s][info][gc,cpu         ] GC(1039) User=0.14s Sys=0.00s Real=0.07s
[300.958s][info][gc,start       ] GC(1040) Pause Young (Allocation Failure)
[301.029s][info][gc,heap        ] GC(1040) PSYoungGen: 191536K(222720K)->66864K(222720K) Eden: 111616K(111616K)->0K(111616K) From: 79920K(111104K)->66864K(111104K)
[301.029s][info][gc,heap        ] GC(1040) ParOldGen: 500721K(667648K)->513833K(667648K)
[301.029s][info][gc,metaspace   ] GC(1040) Metaspace: 18806K(19008K)->18806K(19008K) NonClass: 16147K(16256K)->16147K(16256K) Class: 2659K(2752K)->2659K(2752K)
[301.029s][info][gc             ] GC(1040) Pause Young (Allocation Failure) 676M->567M(869M) 70.826ms
[301.029s][info][gc,cpu         ] GC(1040) User=0.14s Sys=0.00s Real=0.07s
[301.180s][info][gc,start       ] GC(1041) Pause Young (Allocation Failure)
[301.237s][info][gc,heap        ] GC(1041) PSYoungGen: 178480K(222720K)->16352K(222720K) Eden: 111616K(111616K)->0K(111616K) From: 66864K(111104K)->16352K(111104K)
[301.237s][info][gc,heap        ] GC(1041) ParOldGen: 513833K(667648K)->565004K(667648K)
[301.237s][info][gc,metaspace   ] GC(1041) Metaspace: 18806K(19008K)->18806K(19008K) NonClass: 16147K(16256K)->16147K(16256K) Class: 2659K(2752K)->2659K(2752K)
[301.237s][info][gc             ] GC(1041) Pause Young (Allocation Failure) 676M->567M(869M) 56.669ms
[301.237s][info][gc,cpu         ] GC(1041) User=0.11s Sys=0.00s Real=0.06s
[301.389s][info][gc,start       ] GC(1042) Pause Young (Allocation Failure)
[301.413s][info][gc,heap        ] GC(1042) PSYoungGen: 127968K(222720K)->32K(222720K) Eden: 111616K(111616K)->0K(111616K) From: 16352K(111104K)->32K(111104K)
[301.413s][info][gc,heap        ] GC(1042) ParOldGen: 565004K(667648K)->581388K(667648K)
[301.413s][info][gc,metaspace   ] GC(1042) Metaspace: 18806K(19008K)->18806K(19008K) NonClass: 16147K(16256K)->16147K(16256K) Class: 2659K(2752K)->2659K(2752K)
[301.413s][info][gc             ] GC(1042) Pause Young (Allocation Failure) 676M->567M(869M) 23.938ms
[301.413s][info][gc,cpu         ] GC(1042) User=0.05s Sys=0.00s Real=0.03s
[301.565s][info][gc,start       ] GC(1043) Pause Young (Allocation Failure)
[301.567s][info][gc,heap        ] GC(1043) PSYoungGen: 111648K(222720K)->64K(222720K) Eden: 111616K(111616K)->0K(111616K) From: 32K(111104K)->64K(111104K)
[301.567s][info][gc,heap        ] GC(1043) ParOldGen: 581388K(667648K)->581388K(667648K)
[301.567s][info][gc,metaspace   ] GC(1043) Metaspace: 18806K(19008K)->18806K(19008K) NonClass: 16147K(16256K)->16147K(16256K) Class: 2659K(2752K)->2659K(2752K)
[301.567s][info][gc             ] GC(1043) Pause Young (Allocation Failure) 676M->567M(869M) 1.883ms
[301.567s][info][gc,cpu         ] GC(1043) User=0.00s Sys=0.00s Real=0.00s
[301.713s][info][gc,start       ] GC(1044) Pause Young (Allocation Failure)
[301.715s][info][gc,heap        ] GC(1044) PSYoungGen: 111680K(222720K)->64K(222720K) Eden: 111616K(111616K)->0K(111616K) From: 64K(111104K)->64K(111104K)
[301.715s][info][gc,heap        ] GC(1044) ParOldGen: 581388K(667648K)->581388K(667648K)
[301.715s][info][gc,metaspace   ] GC(1044) Metaspace: 18806K(19008K)->18806K(19008K) NonClass: 16147K(16256K)->16147K(16256K) Class: 2659K(2752K)->2659K(2752K)
[301.715s][info][gc             ] GC(1044) Pause Young (Allocation Failure) 676M->567M(869M) 1.827ms
[301.715s][info][gc,cpu         ] GC(1044) User=0.01s Sys=0.00s Real=0.01s
[301.827s][info][gc,start       ] GC(1045) Pause Young (Allocation Failure)
[301.845s][info][gc,heap        ] GC(1045) PSYoungGen: 111680K(222720K)->14688K(222720K) Eden: 111616K(111616K)->0K(111616K) From: 64K(111104K)->14688K(111104K)
[301.845s][info][gc,heap        ] GC(1045) ParOldGen: 581388K(667648K)->581388K(667648K)
[301.845s][info][gc,metaspace   ] GC(1045) Metaspace: 18806K(19008K)->18806K(19008K) NonClass: 16147K(16256K)->16147K(16256K) Class: 2659K(2752K)->2659K(2752K)
[301.845s][info][gc             ] GC(1045) Pause Young (Allocation Failure) 676M->582M(869M) 17.469ms
[301.845s][info][gc,cpu         ] GC(1045) User=0.03s Sys=0.00s Real=0.02s
[301.947s][info][gc,start       ] GC(1046) Pause Young (Allocation Failure)
[301.974s][info][gc,heap        ] GC(1046) PSYoungGen: 126304K(222720K)->10560K(217600K) Eden: 111616K(111616K)->0K(111616K) From: 14688K(111104K)->10560K(105984K)
[301.974s][info][gc,heap        ] GC(1046) ParOldGen: 581388K(667648K)->596076K(667648K)
[301.974s][info][gc,metaspace   ] GC(1046) Metaspace: 18806K(19008K)->18806K(19008K) NonClass: 16147K(16256K)->16147K(16256K) Class: 2659K(2752K)->2659K(2752K)
[301.974s][info][gc             ] GC(1046) Pause Young (Allocation Failure) 691M->592M(864M) 27.123ms
[301.974s][info][gc,cpu         ] GC(1046) User=0.05s Sys=0.00s Real=0.03s
[302.067s][info][gc,start       ] GC(1047) Pause Young (Allocation Failure)
[302.082s][info][gc,heap        ] GC(1047) PSYoungGen: 122176K(217600K)->11712K(220160K) Eden: 111616K(111616K)->0K(111616K) From: 10560K(105984K)->11712K(108544K)
[302.082s][info][gc,heap        ] GC(1047) ParOldGen: 596076K(667648K)->596076K(667648K)
[302.082s][info][gc,metaspace   ] GC(1047) Metaspace: 18806K(19008K)->18806K(19008K) NonClass: 16147K(16256K)->16147K(16256K) Class: 2659K(2752K)->2659K(2752K)
[302.082s][info][gc             ] GC(1047) Pause Young (Allocation Failure) 701M->593M(867M) 14.845ms
[302.082s][info][gc,cpu         ] GC(1047) User=0.03s Sys=0.00s Real=0.01s
[302.184s][info][gc,start       ] GC(1048) Pause Young (Allocation Failure)
[302.202s][info][gc,heap        ] GC(1048) PSYoungGen: 123328K(220160K)->14912K(211968K) Eden: 111616K(111616K)->0K(120320K) From: 11712K(108544K)->14912K(91648K)
[302.202s][info][gc,heap        ] GC(1048) ParOldGen: 596076K(667648K)->596076K(667648K)
[302.202s][info][gc,metaspace   ] GC(1048) Metaspace: 18806K(19008K)->18806K(19008K) NonClass: 16147K(16256K)->16147K(16256K) Class: 2659K(2752K)->2659K(2752K)
[302.202s][info][gc             ] GC(1048) Pause Young (Allocation Failure) 702M->596M(859M) 18.397ms
[302.202s][info][gc,cpu         ] GC(1048) User=0.04s Sys=0.00s Real=0.01s
[302.296s][info][gc,start       ] GC(1049) Pause Young (Allocation Failure)
[302.313s][info][gc,heap        ] GC(1049) PSYoungGen: 135232K(211968K)->14976K(217088K) Eden: 120320K(120320K)->0K(120320K) From: 14912K(91648K)->14976K(96768K)
[302.313s][info][gc,heap        ] GC(1049) ParOldGen: 596076K(667648K)->596076K(667648K)
[302.313s][info][gc,metaspace   ] GC(1049) Metaspace: 18806K(19008K)->18806K(19008K) NonClass: 16147K(16256K)->16147K(16256K) Class: 2659K(2752K)->2659K(2752K)
[302.313s][info][gc             ] GC(1049) Pause Young (Allocation Failure) 714M->596M(864M) 17.282ms
[302.313s][info][gc,cpu         ] GC(1049) User=0.03s Sys=0.00s Real=0.01s
[302.429s][info][gc,start       ] GC(1050) Pause Young (Allocation Failure)
[302.457s][info][gc,heap        ] GC(1050) PSYoungGen: 135296K(217088K)->24832K(209408K) Eden: 120320K(120320K)->0K(130048K) From: 14976K(96768K)->24832K(79360K)
[302.457s][info][gc,heap        ] GC(1050) ParOldGen: 596076K(667648K)->596076K(667648K)
[302.457s][info][gc,metaspace   ] GC(1050) Metaspace: 18806K(19008K)->18806K(19008K) NonClass: 16147K(16256K)->16147K(16256K) Class: 2659K(2752K)->2659K(2752K)
[302.457s][info][gc             ] GC(1050) Pause Young (Allocation Failure) 714M->606M(856M) 27.466ms
[302.457s][info][gc,cpu         ] GC(1050) User=0.06s Sys=0.00s Real=0.03s
[302.603s][info][gc,start       ] GC(1051) Pause Young (Allocation Failure)
[302.659s][info][gc,heap        ] GC(1051) PSYoungGen: 154880K(209408K)->53792K(215040K) Eden: 130048K(130048K)->0K(130048K) From: 24832K(79360K)->53792K(84992K)
[302.660s][info][gc,heap        ] GC(1051) ParOldGen: 596076K(667648K)->596076K(667648K)
[302.660s][info][gc,metaspace   ] GC(1051) Metaspace: 18806K(19008K)->18806K(19008K) NonClass: 16147K(16256K)->16147K(16256K) Class: 2659K(2752K)->2659K(2752K)
[302.660s][info][gc             ] GC(1051) Pause Young (Allocation Failure) 733M->634M(862M) 56.254ms
[302.660s][info][gc,cpu         ] GC(1051) User=0.11s Sys=0.00s Real=0.05s
[302.812s][info][gc,start       ] GC(1052) Pause Young (Allocation Failure)
[302.894s][info][gc,heap        ] GC(1052) PSYoungGen: 183840K(215040K)->78880K(218112K) Eden: 130048K(130048K)->0K(128000K) From: 53792K(84992K)->78880K(90112K)
[302.894s][info][gc,heap        ] GC(1052) ParOldGen: 596076K(667648K)->596076K(667648K)
[302.894s][info][gc,metaspace   ] GC(1052) Metaspace: 18806K(19008K)->18806K(19008K) NonClass: 16147K(16256K)->16147K(16256K) Class: 2659K(2752K)->2659K(2752K)
[302.894s][info][gc             ] GC(1052) Pause Young (Allocation Failure) 761M->659M(865M) 82.250ms
[302.894s][info][gc,cpu         ] GC(1052) User=0.15s Sys=0.01s Real=0.09s
[303.056s][info][gc,start       ] GC(1053) Pause Young (Allocation Failure)
[303.150s][info][gc,heap        ] GC(1053) PSYoungGen: 206880K(218112K)->86272K(214528K) Eden: 128000K(128000K)->0K(128000K) From: 78880K(90112K)->86272K(86528K)
[303.150s][info][gc,heap        ] GC(1053) ParOldGen: 596076K(667648K)->606628K(667648K)
[303.150s][info][gc,metaspace   ] GC(1053) Metaspace: 18806K(19008K)->18806K(19008K) NonClass: 16147K(16256K)->16147K(16256K) Class: 2659K(2752K)->2659K(2752K)
[303.150s][info][gc             ] GC(1053) Pause Young (Allocation Failure) 784M->676M(861M) 93.708ms
[303.150s][info][gc,cpu         ] GC(1053) User=0.18s Sys=0.00s Real=0.09s
[303.238s][info][gc,start       ] GC(1054) Pause Young (Allocation Failure)
[303.324s][info][gc,heap        ] GC(1054) PSYoungGen: 214272K(214528K)->86720K(222720K) Eden: 128000K(128000K)->0K(111616K) From: 86272K(86528K)->86720K(111104K)
[303.324s][info][gc,heap        ] GC(1054) ParOldGen: 606628K(667648K)->610988K(667648K)
[303.324s][info][gc,metaspace   ] GC(1054) Metaspace: 18806K(19008K)->18806K(19008K) NonClass: 16147K(16256K)->16147K(16256K) Class: 2659K(2752K)->2659K(2752K)
[303.324s][info][gc             ] GC(1054) Pause Young (Allocation Failure) 801M->681M(869M) 86.790ms
[303.324s][info][gc,cpu         ] GC(1054) User=0.17s Sys=0.00s Real=0.09s
[303.442s][info][gc,start       ] GC(1055) Pause Young (Allocation Failure)
[303.525s][info][gc,heap        ] GC(1055) PSYoungGen: 198336K(222720K)->77248K(222720K) Eden: 111616K(111616K)->0K(111616K) From: 86720K(111104K)->77248K(111104K)
[303.525s][info][gc,heap        ] GC(1055) ParOldGen: 610988K(667648K)->620956K(667648K)
[303.525s][info][gc,metaspace   ] GC(1055) Metaspace: 18806K(19008K)->18806K(19008K) NonClass: 16147K(16256K)->16147K(16256K) Class: 2659K(2752K)->2659K(2752K)
[303.525s][info][gc             ] GC(1055) Pause Young (Allocation Failure) 790M->681M(869M) 83.036ms
[303.525s][info][gc,cpu         ] GC(1055) User=0.17s Sys=0.00s Real=0.09s
[303.653s][info][gc,start       ] GC(1056) Pause Young (Allocation Failure)
[303.734s][info][gc,promotion   ] GC(1056) Promotion failed
[303.734s][info][gc,heap        ] GC(1056) PSYoungGen: 188864K(222720K)->188864K(222720K) Eden: 111616K(111616K)->111616K(111616K) From: 77248K(111104K)->77248K(111104K)
[303.734s][info][gc,heap        ] GC(1056) ParOldGen: 620956K(667648K)->667644K(667648K)
[303.734s][info][gc,metaspace   ] GC(1056) Metaspace: 18806K(19008K)->18806K(19008K) NonClass: 16147K(16256K)->16147K(16256K) Class: 2659K(2752K)->2659K(2752K)
[303.734s][info][gc             ] GC(1056) Pause Young (Allocation Failure) 790M->836M(869M) 80.803ms
[303.734s][info][gc,cpu         ] GC(1056) User=0.16s Sys=0.00s Real=0.09s
[303.734s][info][gc,start       ] GC(1057) Pause Full (Allocation Failure)
[303.734s][info][gc,phases,start] GC(1057) Marking Phase
[304.012s][info][gc,phases      ] GC(1057) Marking Phase 278.012ms
[304.012s][info][gc,phases,start] GC(1057) Summary Phase
[304.012s][info][gc,phases      ] GC(1057) Summary Phase 0.027ms
[304.012s][info][gc,phases,start] GC(1057) Forward
[304.126s][info][gc,phases      ] GC(1057) Forward 113.456ms
[304.126s][info][gc,phases,start] GC(1057) Adjust Pointers
[304.349s][info][gc,phases      ] GC(1057) Adjust Pointers 222.977ms
[304.349s][info][gc,phases,start] GC(1057) Compaction Phase
[304.477s][info][gc,phases      ] GC(1057) Compaction Phase 128.401ms
[304.485s][info][gc,phases,start] GC(1057) Post Compact
[304.488s][info][gc,phases      ] GC(1057) Post Compact 2.539ms
[304.488s][info][gc,heap        ] GC(1057) PSYoungGen: 188864K(222720K)->0K(222720K) Eden: 111616K(111616K)->0K(111616K) From: 77248K(111104K)->0K(111104K)
[304.488s][info][gc,heap        ] GC(1057) ParOldGen: 667644K(667648K)->407685K(667648K)
[304.488s][info][gc,metaspace   ] GC(1057) Metaspace: 18806K(19008K)->18806K(19008K) NonClass: 16147K(16256K)->16147K(16256K) Class: 2659K(2752K)->2659K(2752K)
[304.488s][info][gc             ] GC(1057) Pause Full (Allocation Failure) 836M->398M(869M) 753.560ms
[304.488s][info][gc,cpu         ] GC(1057) User=1.40s Sys=0.00s Real=0.75s
[304.608s][info][gc,start       ] GC(1058) Pause Young (Allocation Failure)
[304.619s][info][gc,heap        ] GC(1058) PSYoungGen: 111616K(222720K)->3424K(222720K) Eden: 111616K(111616K)->0K(111616K) From: 0K(111104K)->3424K(111104K)
[304.619s][info][gc,heap        ] GC(1058) ParOldGen: 407685K(667648K)->407685K(667648K)
[304.619s][info][gc,metaspace   ] GC(1058) Metaspace: 18806K(19008K)->18806K(19008K) NonClass: 16147K(16256K)->16147K(16256K) Class: 2659K(2752K)->2659K(2752K)
[304.619s][info][gc             ] GC(1058) Pause Young (Allocation Failure) 507M->401M(869M) 11.015ms
[304.619s][info][gc,cpu         ] GC(1058) User=0.02s Sys=0.00s Real=0.01s
[304.716s][info][gc,start       ] GC(1059) Pause Young (Allocation Failure)
[304.733s][info][gc,heap        ] GC(1059) PSYoungGen: 115040K(222720K)->14432K(222720K) Eden: 111616K(111616K)->0K(111616K) From: 3424K(111104K)->14432K(111104K)
[304.733s][info][gc,heap        ] GC(1059) ParOldGen: 407685K(667648K)->407685K(667648K)
[304.733s][info][gc,metaspace   ] GC(1059) Metaspace: 18806K(19008K)->18806K(19008K) NonClass: 16147K(16256K)->16147K(16256K) Class: 2659K(2752K)->2659K(2752K)
[304.733s][info][gc             ] GC(1059) Pause Young (Allocation Failure) 510M->412M(869M) 16.494ms
[304.733s][info][gc,cpu         ] GC(1059) User=0.04s Sys=0.00s Real=0.01s
[304.817s][info][gc,start       ] GC(1060) Pause Young (Allocation Failure)
[304.849s][info][gc,heap        ] GC(1060) PSYoungGen: 126048K(222720K)->33488K(222720K) Eden: 111616K(111616K)->0K(111616K) From: 14432K(111104K)->33488K(111104K)
[304.849s][info][gc,heap        ] GC(1060) ParOldGen: 407685K(667648K)->411117K(667648K)
[304.849s][info][gc,metaspace   ] GC(1060) Metaspace: 18806K(19008K)->18806K(19008K) NonClass: 16147K(16256K)->16147K(16256K) Class: 2659K(2752K)->2659K(2752K)
[304.849s][info][gc             ] GC(1060) Pause Young (Allocation Failure) 521M->434M(869M) 31.815ms
[304.849s][info][gc,cpu         ] GC(1060) User=0.06s Sys=0.00s Real=0.03s
[304.910s][info][gc,start       ] GC(1061) Pause Young (Allocation Failure)
[304.959s][info][gc,heap        ] GC(1061) PSYoungGen: 145104K(222720K)->35264K(221696K) Eden: 111616K(111616K)->0K(111616K) From: 33488K(111104K)->35264K(110080K)
[304.959s][info][gc,heap        ] GC(1061) ParOldGen: 411117K(667648K)->444872K(667648K)
[304.959s][info][gc,metaspace   ] GC(1061) Metaspace: 18806K(19008K)->18806K(19008K) NonClass: 16147K(16256K)->16147K(16256K) Class: 2659K(2752K)->2659K(2752K)
[304.959s][info][gc             ] GC(1061) Pause Young (Allocation Failure) 543M->468M(868M) 49.521ms
[304.959s][info][gc,cpu         ] GC(1061) User=0.10s Sys=0.00s Real=0.05s
[305.080s][info][gc,start       ] GC(1062) Pause Young (Allocation Failure)
[305.115s][info][gc,heap        ] GC(1062) PSYoungGen: 146880K(221696K)->13696K(125440K) Eden: 111616K(111616K)->0K(111616K) From: 35264K(110080K)->13696K(13824K)
[305.115s][info][gc,heap        ] GC(1062) ParOldGen: 444872K(667648K)->480512K(667648K)
[305.115s][info][gc,metaspace   ] GC(1062) Metaspace: 18806K(19008K)->18806K(19008K) NonClass: 16147K(16256K)->16147K(16256K) Class: 2659K(2752K)->2659K(2752K)
[305.115s][info][gc             ] GC(1062) Pause Young (Allocation Failure) 577M->482M(774M) 34.676ms
[305.115s][info][gc,cpu         ] GC(1062) User=0.06s Sys=0.00s Real=0.04s
[305.208s][info][gc,start       ] GC(1063) Pause Young (Allocation Failure)
[305.231s][info][gc,heap        ] GC(1063) PSYoungGen: 125312K(125440K)->10304K(223744K) Eden: 111616K(111616K)->0K(116224K) From: 13696K(13824K)->10304K(107520K)
[305.231s][info][gc,heap        ] GC(1063) ParOldGen: 480512K(667648K)->494280K(667648K)
[305.231s][info][gc,metaspace   ] GC(1063) Metaspace: 18806K(19008K)->18806K(19008K) NonClass: 16147K(16256K)->16147K(16256K) Class: 2659K(2752K)->2659K(2752K)
[305.231s][info][gc             ] GC(1063) Pause Young (Allocation Failure) 591M->492M(870M) 23.378ms
[305.231s][info][gc,cpu         ] GC(1063) User=0.05s Sys=0.00s Real=0.02s
[305.421s][info][gc,start       ] GC(1064) Pause Young (Allocation Failure)
[305.435s][info][gc,heap        ] GC(1064) PSYoungGen: 126528K(223744K)->1264K(220672K) Eden: 116224K(116224K)->0K(116224K) From: 10304K(107520K)->1264K(104448K)
[305.435s][info][gc,heap        ] GC(1064) ParOldGen: 494280K(667648K)->504568K(667648K)
[305.435s][info][gc,metaspace   ] GC(1064) Metaspace: 18806K(19008K)->18806K(19008K) NonClass: 16147K(16256K)->16147K(16256K) Class: 2659K(2752K)->2659K(2752K)
[305.435s][info][gc             ] GC(1064) Pause Young (Allocation Failure) 606M->493M(867M) 13.587ms
[305.435s][info][gc,cpu         ] GC(1064) User=0.03s Sys=0.00s Real=0.02s
[305.543s][info][gc,start       ] GC(1065) Pause Young (Allocation Failure)
[305.552s][info][gc,heap        ] GC(1065) PSYoungGen: 117488K(220672K)->6112K(226304K) Eden: 116224K(116224K)->0K(124928K) From: 1264K(104448K)->6112K(101376K)
[305.552s][info][gc,heap        ] GC(1065) ParOldGen: 504568K(667648K)->505801K(667648K)
[305.552s][info][gc,metaspace   ] GC(1065) Metaspace: 18806K(19008K)->18806K(19008K) NonClass: 16147K(16256K)->16147K(16256K) Class: 2659K(2752K)->2659K(2752K)
[305.552s][info][gc             ] GC(1065) Pause Young (Allocation Failure) 607M->499M(873M) 9.105ms
[305.552s][info][gc,cpu         ] GC(1065) User=0.02s Sys=0.00s Real=0.01s
[305.661s][info][gc,start       ] GC(1066) Pause Young (Allocation Failure)
[305.673s][info][gc,heap        ] GC(1066) PSYoungGen: 131040K(226304K)->9152K(224256K) Eden: 124928K(124928K)->0K(124928K) From: 6112K(101376K)->9152K(99328K)
[305.673s][info][gc,heap        ] GC(1066) ParOldGen: 505801K(667648K)->505801K(667648K)
[305.673s][info][gc,metaspace   ] GC(1066) Metaspace: 18806K(19008K)->18806K(19008K) NonClass: 16147K(16256K)->16147K(16256K) Class: 2659K(2752K)->2659K(2752K)
[305.673s][info][gc             ] GC(1066) Pause Young (Allocation Failure) 621M->502M(871M) 11.728ms
[305.673s][info][gc,cpu         ] GC(1066) User=0.03s Sys=0.00s Real=0.01s
[305.828s][info][gc,start       ] GC(1067) Pause Young (Allocation Failure)
[305.842s][info][gc,heap        ] GC(1067) PSYoungGen: 134080K(224256K)->9824K(223232K) Eden: 124928K(124928K)->0K(134656K) From: 9152K(99328K)->9824K(88576K)
[305.842s][info][gc,heap        ] GC(1067) ParOldGen: 505801K(667648K)->505801K(667648K)
[305.842s][info][gc,metaspace   ] GC(1067) Metaspace: 18806K(19008K)->18806K(19008K) NonClass: 16147K(16256K)->16147K(16256K) Class: 2659K(2752K)->2659K(2752K)
[305.842s][info][gc             ] GC(1067) Pause Young (Allocation Failure) 624M->503M(870M) 14.073ms
[305.842s][info][gc,cpu         ] GC(1067) User=0.03s Sys=0.00s Real=0.01s
[305.951s][info][gc,start       ] GC(1068) Pause Young (Allocation Failure)
[305.965s][info][gc,heap        ] GC(1068) PSYoungGen: 144480K(223232K)->11072K(225792K) Eden: 134656K(134656K)->0K(134656K) From: 9824K(88576K)->11072K(91136K)
[305.965s][info][gc,heap        ] GC(1068) ParOldGen: 505801K(667648K)->505801K(667648K)
[305.965s][info][gc,metaspace   ] GC(1068) Metaspace: 18807K(19008K)->18807K(19008K) NonClass: 16148K(16256K)->16148K(16256K) Class: 2659K(2752K)->2659K(2752K)
[305.965s][info][gc             ] GC(1068) Pause Young (Allocation Failure) 635M->504M(872M) 14.300ms
[305.965s][info][gc,cpu         ] GC(1068) User=0.03s Sys=0.00s Real=0.02s
[306.240s][info][gc,start       ] GC(1069) Pause Young (Allocation Failure)
[306.282s][info][gc,heap        ] GC(1069) PSYoungGen: 145728K(225792K)->26561K(221184K) Eden: 134656K(134656K)->0K(144896K) From: 11072K(91136K)->26561K(76288K)
[306.282s][info][gc,heap        ] GC(1069) ParOldGen: 505801K(667648K)->505801K(667648K)
[306.282s][info][gc,metaspace   ] GC(1069) Metaspace: 18807K(19008K)->18807K(19008K) NonClass: 16148K(16256K)->16148K(16256K) Class: 2659K(2752K)->2659K(2752K)
[306.282s][info][gc             ] GC(1069) Pause Young (Allocation Failure) 636M->519M(868M) 41.858ms
[306.282s][info][gc,cpu         ] GC(1069) User=0.08s Sys=0.00s Real=0.04s
[306.513s][info][gc,start       ] GC(1070) Pause Young (Allocation Failure)
[306.570s][info][gc,heap        ] GC(1070) PSYoungGen: 171457K(221184K)->44993K(226304K) Eden: 144896K(144896K)->0K(144896K) From: 26561K(76288K)->44993K(81408K)
[306.570s][info][gc,heap        ] GC(1070) ParOldGen: 505801K(667648K)->505801K(667648K)
[306.570s][info][gc,metaspace   ] GC(1070) Metaspace: 18807K(19008K)->18807K(19008K) NonClass: 16148K(16256K)->16148K(16256K) Class: 2659K(2752K)->2659K(2752K)
[306.570s][info][gc             ] GC(1070) Pause Young (Allocation Failure) 661M->537M(873M) 56.933ms
[306.570s][info][gc,cpu         ] GC(1070) User=0.12s Sys=0.00s Real=0.06s
[306.745s][info][gc,start       ] GC(1071) Pause Young (Allocation Failure)
[306.821s][info][gc,heap        ] GC(1071) PSYoungGen: 189889K(226304K)->61738K(233472K) Eden: 144896K(144896K)->0K(149504K) From: 44993K(81408K)->61738K(83968K)
[306.821s][info][gc,heap        ] GC(1071) ParOldGen: 505801K(667648K)->505801K(667648K)
[306.821s][info][gc,metaspace   ] GC(1071) Metaspace: 18807K(19008K)->18807K(19008K) NonClass: 16148K(16256K)->16148K(16256K) Class: 2659K(2752K)->2659K(2752K)
[306.822s][info][gc             ] GC(1071) Pause Young (Allocation Failure) 679M->554M(880M) 76.738ms
[306.822s][info][gc,cpu         ] GC(1071) User=0.15s Sys=0.00s Real=0.07s
[307.001s][info][gc,start       ] GC(1072) Pause Young (Allocation Failure)
[307.076s][info][gc,heap        ] GC(1072) PSYoungGen: 211242K(233472K)->64586K(214528K) Eden: 149504K(149504K)->0K(149504K) From: 61738K(83968K)->64586K(65024K)
[307.076s][info][gc,heap        ] GC(1072) ParOldGen: 505801K(667648K)->505801K(667648K)
[307.076s][info][gc,metaspace   ] GC(1072) Metaspace: 18807K(19008K)->18807K(19008K) NonClass: 16148K(16256K)->16148K(16256K) Class: 2659K(2752K)->2659K(2752K)
[307.076s][info][gc             ] GC(1072) Pause Young (Allocation Failure) 700M->557M(861M) 75.906ms
[307.076s][info][gc,cpu         ] GC(1072) User=0.15s Sys=0.00s Real=0.08s
[307.266s][info][gc,start       ] GC(1073) Pause Young (Allocation Failure)
[307.345s][info][gc,heap        ] GC(1073) PSYoungGen: 214090K(214528K)->61194K(227328K) Eden: 149504K(149504K)->0K(129024K) From: 64586K(65024K)->61194K(98304K)
[307.345s][info][gc,heap        ] GC(1073) ParOldGen: 505801K(667648K)->511897K(667648K)
[307.345s][info][gc,metaspace   ] GC(1073) Metaspace: 18808K(19008K)->18808K(19008K) NonClass: 16149K(16256K)->16149K(16256K) Class: 2659K(2752K)->2659K(2752K)
[307.345s][info][gc             ] GC(1073) Pause Young (Allocation Failure) 703M->559M(874M) 78.622ms
[307.345s][info][gc,cpu         ] GC(1073) User=0.15s Sys=0.00s Real=0.08s
[307.424s][info][gc,start       ] GC(1074) Pause Young (Allocation Failure)
[307.497s][info][gc,heap        ] GC(1074) PSYoungGen: 190218K(227328K)->58154K(187392K) Eden: 129024K(129024K)->0K(129024K) From: 61194K(98304K)->58154K(58368K)
[307.497s][info][gc,heap        ] GC(1074) ParOldGen: 511897K(667648K)->514977K(667648K)
[307.497s][info][gc,metaspace   ] GC(1074) Metaspace: 18808K(19008K)->18808K(19008K) NonClass: 16149K(16256K)->16149K(16256K) Class: 2659K(2752K)->2659K(2752K)
[307.497s][info][gc             ] GC(1074) Pause Young (Allocation Failure) 685M->559M(835M) 72.755ms
[307.497s][info][gc,cpu         ] GC(1074) User=0.15s Sys=0.00s Real=0.07s
[307.679s][info][gc,start       ] GC(1075) Pause Young (Allocation Failure)
[307.753s][info][gc,heap        ] GC(1075) PSYoungGen: 187178K(187392K)->61339K(225280K) Eden: 129024K(129024K)->0K(120832K) From: 58154K(58368K)->61339K(104448K)
[307.753s][info][gc,heap        ] GC(1075) ParOldGen: 514977K(667648K)->516889K(667648K)
[307.753s][info][gc,metaspace   ] GC(1075) Metaspace: 18808K(19008K)->18808K(19008K) NonClass: 16149K(16256K)->16149K(16256K) Class: 2659K(2752K)->2659K(2752K)
[307.753s][info][gc             ] GC(1075) Pause Young (Allocation Failure) 685M->564M(872M) 74.024ms
[307.753s][info][gc,cpu         ] GC(1075) User=0.14s Sys=0.00s Real=0.07s
[307.886s][info][gc,start       ] GC(1076) Pause Young (Allocation Failure)
[307.960s][info][gc,heap        ] GC(1076) PSYoungGen: 182171K(225280K)->29865K(151040K) Eden: 120832K(120832K)->0K(120832K) From: 61339K(104448K)->29865K(30208K)
[307.960s][info][gc,heap        ] GC(1076) ParOldGen: 516889K(667648K)->550858K(667648K)
[307.960s][info][gc,metaspace   ] GC(1076) Metaspace: 18808K(19008K)->18808K(19008K) NonClass: 16149K(16256K)->16149K(16256K) Class: 2659K(2752K)->2659K(2752K)
[307.960s][info][gc             ] GC(1076) Pause Young (Allocation Failure) 682M->567M(799M) 74.081ms
[307.960s][info][gc,cpu         ] GC(1076) User=0.15s Sys=0.00s Real=0.07s
[308.208s][info][gc,start       ] GC(1077) Pause Young (Allocation Failure)
[308.242s][info][gc,heap        ] GC(1077) PSYoungGen: 150697K(151040K)->10304K(225280K) Eden: 120832K(120832K)->0K(123904K) From: 29865K(30208K)->10304K(101376K)
[308.242s][info][gc,heap        ] GC(1077) ParOldGen: 550858K(667648K)->570515K(667648K)
[308.242s][info][gc,metaspace   ] GC(1077) Metaspace: 18808K(19008K)->18808K(19008K) NonClass: 16149K(16256K)->16149K(16256K) Class: 2659K(2752K)->2659K(2752K)
[308.242s][info][gc             ] GC(1077) Pause Young (Allocation Failure) 685M->567M(872M) 34.020ms
[308.242s][info][gc,cpu         ] GC(1077) User=0.06s Sys=0.00s Real=0.03s
[308.595s][info][gc,start       ] GC(1078) Pause Young (Allocation Failure)
[308.608s][info][gc,heap        ] GC(1078) PSYoungGen: 134208K(225280K)->7784K(224256K) Eden: 123904K(123904K)->0K(123904K) From: 10304K(101376K)->7784K(100352K)
[308.608s][info][gc,heap        ] GC(1078) ParOldGen: 570515K(667648K)->573211K(667648K)
[308.608s][info][gc,metaspace   ] GC(1078) Metaspace: 18808K(19008K)->18808K(19008K) NonClass: 16149K(16256K)->16149K(16256K) Class: 2659K(2752K)->2659K(2752K)
[308.608s][info][gc             ] GC(1078) Pause Young (Allocation Failure) 688M->567M(871M) 13.344ms
[308.608s][info][gc,cpu         ] GC(1078) User=0.03s Sys=0.00s Real=0.01s
[309.000s][info][gc,start       ] GC(1079) Pause Young (Allocation Failure)
[309.023s][info][gc,heap        ] GC(1079) PSYoungGen: 131688K(224256K)->16664K(227840K) Eden: 123904K(123904K)->0K(134656K) From: 7784K(100352K)->16664K(93184K)
[309.023s][info][gc,heap        ] GC(1079) ParOldGen: 573211K(667648K)->578339K(667648K)
[309.023s][info][gc,metaspace   ] GC(1079) Metaspace: 18808K(19008K)->18808K(19008K) NonClass: 16149K(16256K)->16149K(16256K) Class: 2659K(2752K)->2659K(2752K)
[309.023s][info][gc             ] GC(1079) Pause Young (Allocation Failure) 688M->581M(874M) 23.531ms
[309.023s][info][gc,cpu         ] GC(1079) User=0.05s Sys=0.00s Real=0.03s
[309.280s][info][gc,start       ] GC(1080) Pause Young (Allocation Failure)
[309.304s][info][gc,heap        ] GC(1080) PSYoungGen: 151320K(227840K)->23968K(229376K) Eden: 134656K(134656K)->0K(134656K) From: 16664K(93184K)->23968K(94720K)
[309.304s][info][gc,heap        ] GC(1080) ParOldGen: 578339K(667648K)->578339K(667648K)
[309.304s][info][gc,metaspace   ] GC(1080) Metaspace: 18808K(19008K)->18808K(19008K) NonClass: 16149K(16256K)->16149K(16256K) Class: 2659K(2752K)->2659K(2752K)
[309.304s][info][gc             ] GC(1080) Pause Young (Allocation Failure) 712M->588M(876M) 24.742ms
[309.304s][info][gc,cpu         ] GC(1080) User=0.05s Sys=0.00s Real=0.03s
[309.559s][info][gc,start       ] GC(1081) Pause Young (Allocation Failure)
[309.586s][info][gc,heap        ] GC(1081) PSYoungGen: 158624K(229376K)->23968K(224768K) Eden: 134656K(134656K)->0K(145408K) From: 23968K(94720K)->23968K(79360K)
[309.586s][info][gc,heap        ] GC(1081) ParOldGen: 578339K(667648K)->578339K(667648K)
[309.586s][info][gc,metaspace   ] GC(1081) Metaspace: 18808K(19008K)->18808K(19008K) NonClass: 16149K(16256K)->16149K(16256K) Class: 2659K(2752K)->2659K(2752K)
[309.586s][info][gc             ] GC(1081) Pause Young (Allocation Failure) 719M->588M(871M) 27.049ms
[309.586s][info][gc,cpu         ] GC(1081) User=0.05s Sys=0.00s Real=0.03s
[310.395s][info][gc,start       ] GC(1082) Pause Young (Allocation Failure)
[310.421s][info][gc,heap        ] GC(1082) PSYoungGen: 169376K(224768K)->24381K(230400K) Eden: 145408K(145408K)->0K(145408K) From: 23968K(79360K)->24381K(84992K)
[310.421s][info][gc,heap        ] GC(1082) ParOldGen: 578339K(667648K)->578339K(667648K)
[310.421s][info][gc,metaspace   ] GC(1082) Metaspace: 18808K(19008K)->18808K(19008K) NonClass: 16149K(16256K)->16149K(16256K) Class: 2659K(2752K)->2659K(2752K)
[310.421s][info][gc             ] GC(1082) Pause Young (Allocation Failure) 730M->588M(877M) 26.060ms
[310.421s][info][gc,cpu         ] GC(1082) User=0.05s Sys=0.00s Real=0.02s
[311.111s][info][gc,start       ] GC(1083) Pause Young (Allocation Failure)
[311.138s][info][gc,heap        ] GC(1083) PSYoungGen: 169789K(230400K)->25837K(224768K) Eden: 145408K(145408K)->0K(154112K) From: 24381K(84992K)->25837K(70656K)
[311.138s][info][gc,heap        ] GC(1083) ParOldGen: 578339K(667648K)->578339K(667648K)
[311.138s][info][gc,metaspace   ] GC(1083) Metaspace: 18810K(19008K)->18810K(19008K) NonClass: 16151K(16256K)->16151K(16256K) Class: 2659K(2752K)->2659K(2752K)
[311.138s][info][gc             ] GC(1083) Pause Young (Allocation Failure) 730M->590M(871M) 27.571ms
[311.138s][info][gc,cpu         ] GC(1083) User=0.05s Sys=0.00s Real=0.03s
[311.662s][info][gc,start       ] GC(1084) Pause Young (Allocation Failure)
[311.689s][info][gc,heap        ] GC(1084) PSYoungGen: 179949K(224768K)->26253K(230400K) Eden: 154112K(154112K)->0K(154112K) From: 25837K(70656K)->26253K(76288K)
[311.689s][info][gc,heap        ] GC(1084) ParOldGen: 578339K(667648K)->578339K(667648K)
[311.689s][info][gc,metaspace   ] GC(1084) Metaspace: 18819K(19008K)->18819K(19008K) NonClass: 16160K(16256K)->16160K(16256K) Class: 2659K(2752K)->2659K(2752K)
[311.689s][info][gc             ] GC(1084) Pause Young (Allocation Failure) 740M->590M(877M) 27.119ms
[311.689s][info][gc,cpu         ] GC(1084) User=0.05s Sys=0.00s Real=0.03s
[312.036s][info][gc,start       ] GC(1085) Pause Young (Allocation Failure)
[312.064s][info][gc,heap        ] GC(1085) PSYoungGen: 180331K(230400K)->26509K(226816K) Eden: 154078K(154112K)->0K(162816K) From: 26253K(76288K)->26509K(64000K)
[312.064s][info][gc,heap        ] GC(1085) ParOldGen: 578339K(667648K)->578347K(667648K)
[312.064s][info][gc,metaspace   ] GC(1085) Metaspace: 18824K(19008K)->18824K(19008K) NonClass: 16165K(16256K)->16165K(16256K) Class: 2659K(2752K)->2659K(2752K)
[312.064s][info][gc             ] GC(1085) Pause Young (Allocation Failure) 740M->590M(873M) 27.896ms
[312.064s][info][gc,cpu         ] GC(1085) User=0.06s Sys=0.00s Real=0.03s
[312.298s][info][gc,start       ] GC(1086) Pause Young (Allocation Failure)
[312.356s][info][gc,heap        ] GC(1086) PSYoungGen: 189325K(226816K)->64477K(230912K) Eden: 162816K(162816K)->0K(162816K) From: 26509K(64000K)->64477K(68096K)
[312.356s][info][gc,heap        ] GC(1086) ParOldGen: 578347K(667648K)->578355K(667648K)
[312.356s][info][gc,metaspace   ] GC(1086) Metaspace: 18835K(19008K)->18835K(19008K) NonClass: 16175K(16256K)->16175K(16256K) Class: 2659K(2752K)->2659K(2752K)
[312.356s][info][gc             ] GC(1086) Pause Young (Allocation Failure) 749M->627M(877M) 58.417ms
[312.356s][info][gc,cpu         ] GC(1086) User=0.12s Sys=0.00s Real=0.06s
[312.489s][info][gc,start       ] GC(1087) Pause Young (Allocation Failure)
[312.598s][info][gc,heap        ] GC(1087) PSYoungGen: 227293K(230912K)->77293K(201216K) Eden: 162816K(162816K)->0K(123904K) From: 64477K(68096K)->77293K(77312K)
[312.598s][info][gc,heap        ] GC(1087) ParOldGen: 578355K(667648K)->618963K(667648K)
[312.598s][info][gc,metaspace   ] GC(1087) Metaspace: 18845K(19008K)->18845K(19008K) NonClass: 16185K(16256K)->16185K(16256K) Class: 2659K(2752K)->2659K(2752K)
[312.598s][info][gc             ] GC(1087) Pause Young (Allocation Failure) 786M->679M(848M) 108.833ms
[312.598s][info][gc,cpu         ] GC(1087) User=0.19s Sys=0.02s Real=0.11s
[312.727s][info][gc,start       ] GC(1088) Pause Young (Allocation Failure)
[312.833s][info][gc,heap        ] GC(1088) PSYoungGen: 201197K(201216K)->104941K(228864K) Eden: 123904K(123904K)->0K(123904K) From: 77293K(77312K)->104941K(104960K)
[312.833s][info][gc,heap        ] GC(1088) ParOldGen: 618963K(667648K)->635516K(667648K)
[312.833s][info][gc,metaspace   ] GC(1088) Metaspace: 18846K(19008K)->18846K(19008K) NonClass: 16185K(16256K)->16185K(16256K) Class: 2660K(2752K)->2660K(2752K)
[312.833s][info][gc             ] GC(1088) Pause Young (Allocation Failure) 800M->723M(875M) 106.649ms
[312.833s][info][gc,cpu         ] GC(1088) User=0.21s Sys=0.00s Real=0.11s
[312.998s][info][gc,start       ] GC(1089) Pause Full (Allocation Failure)
[312.998s][info][gc,phases,start] GC(1089) Marking Phase
[313.127s][info][gc,phases      ] GC(1089) Marking Phase 128.667ms
[313.127s][info][gc,phases,start] GC(1089) Summary Phase
[313.127s][info][gc,phases      ] GC(1089) Summary Phase 0.024ms
[313.127s][info][gc,phases,start] GC(1089) Forward
[313.175s][info][gc,phases      ] GC(1089) Forward 47.873ms
[313.175s][info][gc,phases,start] GC(1089) Adjust Pointers
[313.262s][info][gc,phases      ] GC(1089) Adjust Pointers 87.542ms
[313.262s][info][gc,phases,start] GC(1089) Compaction Phase
[313.325s][info][gc,phases      ] GC(1089) Compaction Phase 62.358ms
[313.326s][info][gc,phases,start] GC(1089) Post Compact
[313.329s][info][gc,phases      ] GC(1089) Post Compact 2.425ms
[313.342s][info][gc,heap        ] GC(1089) PSYoungGen: 228845K(228864K)->0K(216576K) Eden: 123904K(123904K)->0K(111616K) From: 104941K(104960K)->0K(104960K)
[313.342s][info][gc,heap        ] GC(1089) ParOldGen: 635516K(667648K)->214951K(499712K)
[313.342s][info][gc,metaspace   ] GC(1089) Metaspace: 18846K(19008K)->18846K(19008K) NonClass: 16185K(16256K)->16185K(16256K) Class: 2660K(2752K)->2660K(2752K)
[313.342s][info][gc             ] GC(1089) Pause Full (Allocation Failure) 844M->209M(699M) 343.946ms
[313.342s][info][gc,cpu         ] GC(1089) User=0.61s Sys=0.02s Real=0.34s
[313.454s][info][gc,start       ] GC(1090) Pause Young (Allocation Failure)
[313.492s][info][gc,heap        ] GC(1090) PSYoungGen: 111616K(216576K)->5728K(222720K) Eden: 111616K(111616K)->0K(111616K) From: 0K(104960K)->5728K(111104K)
[313.493s][info][gc,heap        ] GC(1090) ParOldGen: 214951K(499712K)->214951K(499712K)
[313.493s][info][gc,metaspace   ] GC(1090) Metaspace: 18849K(19008K)->18849K(19008K) NonClass: 16189K(16256K)->16189K(16256K) Class: 2660K(2752K)->2660K(2752K)
[313.493s][info][gc             ] GC(1090) Pause Young (Allocation Failure) 318M->215M(705M) 38.641ms
[313.493s][info][gc,cpu         ] GC(1090) User=0.03s Sys=0.00s Real=0.03s
[313.677s][info][gc,start       ] GC(1091) Pause Young (Allocation Failure)
[313.742s][info][gc,heap        ] GC(1091) PSYoungGen: 117344K(222720K)->27387K(222720K) Eden: 111616K(111616K)->0K(111616K) From: 5728K(111104K)->27387K(111104K)
[313.742s][info][gc,heap        ] GC(1091) ParOldGen: 214951K(499712K)->214951K(499712K)
[313.742s][info][gc,metaspace   ] GC(1091) Metaspace: 18851K(19008K)->18851K(19008K) NonClass: 16190K(16256K)->16190K(16256K) Class: 2660K(2752K)->2660K(2752K)
[313.742s][info][gc             ] GC(1091) Pause Young (Allocation Failure) 324M->236M(705M) 65.049ms
[313.742s][info][gc,cpu         ] GC(1091) User=0.10s Sys=0.00s Real=0.06s
[313.897s][info][gc,start       ] GC(1092) Pause Young (Allocation Failure)
[313.954s][info][gc,heap        ] GC(1092) PSYoungGen: 139003K(222720K)->38770K(222720K) Eden: 111616K(111616K)->0K(111616K) From: 27387K(111104K)->38770K(111104K)
[313.954s][info][gc,heap        ] GC(1092) ParOldGen: 214951K(499712K)->214951K(499712K)
[313.954s][info][gc,metaspace   ] GC(1092) Metaspace: 18851K(19008K)->18851K(19008K) NonClass: 16190K(16256K)->16190K(16256K) Class: 2660K(2752K)->2660K(2752K)
[313.954s][info][gc             ] GC(1092) Pause Young (Allocation Failure) 345M->247M(705M) 56.682ms
[313.954s][info][gc,cpu         ] GC(1092) User=0.11s Sys=0.00s Real=0.06s
[314.065s][info][gc,start       ] GC(1093) Pause Young (Allocation Failure)
[314.129s][info][gc,heap        ] GC(1093) PSYoungGen: 150386K(222720K)->46555K(219648K) Eden: 111616K(111616K)->0K(111616K) From: 38770K(111104K)->46555K(108032K)
[314.129s][info][gc,heap        ] GC(1093) ParOldGen: 214951K(499712K)->214951K(499712K)
[314.129s][info][gc,metaspace   ] GC(1093) Metaspace: 18851K(19008K)->18851K(19008K) NonClass: 16190K(16256K)->16190K(16256K) Class: 2660K(2752K)->2660K(2752K)
[314.129s][info][gc             ] GC(1093) Pause Young (Allocation Failure) 356M->255M(702M) 64.288ms
[314.129s][info][gc,cpu         ] GC(1093) User=0.13s Sys=0.00s Real=0.06s
[314.232s][info][gc,start       ] GC(1094) Pause Young (Allocation Failure)
[314.299s][info][gc,heap        ] GC(1094) PSYoungGen: 158171K(219648K)->48891K(221184K) Eden: 111616K(111616K)->0K(111616K) From: 46555K(108032K)->48891K(109568K)
[314.299s][info][gc,heap        ] GC(1094) ParOldGen: 214951K(499712K)->214951K(499712K)
[314.299s][info][gc,metaspace   ] GC(1094) Metaspace: 18851K(19008K)->18851K(19008K) NonClass: 16190K(16256K)->16190K(16256K) Class: 2660K(2752K)->2660K(2752K)
[314.299s][info][gc             ] GC(1094) Pause Young (Allocation Failure) 364M->257M(704M) 66.924ms
[314.299s][info][gc,cpu         ] GC(1094) User=0.13s Sys=0.00s Real=0.07s
[314.384s][info][gc,start       ] GC(1095) Pause Young (Allocation Failure)
[314.468s][info][gc,heap        ] GC(1095) PSYoungGen: 160507K(221184K)->63538K(219648K) Eden: 111616K(111616K)->0K(114688K) From: 48891K(109568K)->63538K(104960K)
[314.469s][info][gc,heap        ] GC(1095) ParOldGen: 214951K(499712K)->220679K(499712K)
[314.469s][info][gc,metaspace   ] GC(1095) Metaspace: 18851K(19008K)->18851K(19008K) NonClass: 16190K(16256K)->16190K(16256K) Class: 2660K(2752K)->2660K(2752K)
[314.469s][info][gc             ] GC(1095) Pause Young (Allocation Failure) 366M->277M(702M) 84.582ms
[314.469s][info][gc,cpu         ] GC(1095) User=0.17s Sys=0.00s Real=0.08s
[314.524s][info][gc,start       ] GC(1096) Pause Young (Allocation Failure)
[314.616s][info][gc,heap        ] GC(1096) PSYoungGen: 178226K(219648K)->60576K(221184K) Eden: 114688K(114688K)->0K(114688K) From: 63538K(104960K)->60576K(106496K)
[314.616s][info][gc,heap        ] GC(1096) ParOldGen: 220679K(499712K)->253777K(499712K)
[314.616s][info][gc,metaspace   ] GC(1096) Metaspace: 18851K(19008K)->18851K(19008K) NonClass: 16190K(16256K)->16190K(16256K) Class: 2660K(2752K)->2660K(2752K)
[314.616s][info][gc             ] GC(1096) Pause Young (Allocation Failure) 389M->306M(704M) 92.024ms
[314.616s][info][gc,cpu         ] GC(1096) User=0.18s Sys=0.00s Real=0.09s
[314.718s][info][gc,start       ] GC(1097) Pause Young (Allocation Failure)
[314.783s][info][gc,heap        ] GC(1097) PSYoungGen: 175264K(221184K)->64851K(226816K) Eden: 114688K(114688K)->0K(120832K) From: 60576K(106496K)->64851K(105984K)
[314.783s][info][gc,heap        ] GC(1097) ParOldGen: 253777K(499712K)->263929K(499712K)
[314.783s][info][gc,metaspace   ] GC(1097) Metaspace: 18851K(19008K)->18851K(19008K) NonClass: 16190K(16256K)->16190K(16256K) Class: 2660K(2752K)->2660K(2752K)
[314.783s][info][gc             ] GC(1097) Pause Young (Allocation Failure) 418M->321M(709M) 65.146ms
[314.783s][info][gc,cpu         ] GC(1097) User=0.13s Sys=0.00s Real=0.06s
[314.879s][info][gc,start       ] GC(1098) Pause Young (Allocation Failure)
[314.943s][info][gc,heap        ] GC(1098) PSYoungGen: 185683K(226816K)->22787K(143872K) Eden: 120832K(120832K)->0K(120832K) From: 64851K(105984K)->22787K(23040K)
[314.943s][info][gc,heap        ] GC(1098) ParOldGen: 263929K(499712K)->314660K(499712K)
[314.943s][info][gc,metaspace   ] GC(1098) Metaspace: 18851K(19008K)->18851K(19008K) NonClass: 16190K(16256K)->16190K(16256K) Class: 2660K(2752K)->2660K(2752K)
[314.943s][info][gc             ] GC(1098) Pause Young (Allocation Failure) 439M->329M(628M) 64.106ms
[314.943s][info][gc,cpu         ] GC(1098) User=0.13s Sys=0.00s Real=0.06s
[315.038s][info][gc,start       ] GC(1099) Pause Young (Allocation Failure)
[315.069s][info][gc,heap        ] GC(1099) PSYoungGen: 143619K(143872K)->2176K(224256K) Eden: 120832K(120832K)->0K(119296K) From: 22787K(23040K)->2176K(104960K)
[315.069s][info][gc,heap        ] GC(1099) ParOldGen: 314660K(499712K)->337475K(499712K)
[315.069s][info][gc,metaspace   ] GC(1099) Metaspace: 18853K(19008K)->18853K(19008K) NonClass: 16193K(16256K)->16193K(16256K) Class: 2660K(2752K)->2660K(2752K)
[315.069s][info][gc             ] GC(1099) Pause Young (Allocation Failure) 447M->331M(707M) 31.135ms
[315.069s][info][gc,cpu         ] GC(1099) User=0.06s Sys=0.00s Real=0.03s
[315.144s][info][gc,start       ] GC(1100) Pause Young (Allocation Failure)
[315.151s][info][gc,heap        ] GC(1100) PSYoungGen: 121472K(224256K)->3168K(226304K) Eden: 119296K(119296K)->0K(119296K) From: 2176K(104960K)->3168K(107008K)
[315.151s][info][gc,heap        ] GC(1100) ParOldGen: 337475K(499712K)->339659K(499712K)
[315.151s][info][gc,metaspace   ] GC(1100) Metaspace: 18858K(19008K)->18858K(19008K) NonClass: 16198K(16256K)->16198K(16256K) Class: 2660K(2752K)->2660K(2752K)
[315.151s][info][gc             ] GC(1100) Pause Young (Allocation Failure) 448M->334M(709M) 7.066ms
[315.151s][info][gc,cpu         ] GC(1100) User=0.01s Sys=0.00s Real=0.00s
[315.321s][info][gc,start       ] GC(1101) Pause Young (Allocation Failure)
[315.329s][info][gc,heap        ] GC(1101) PSYoungGen: 122464K(226304K)->3040K(224768K) Eden: 119296K(119296K)->0K(119808K) From: 3168K(107008K)->3040K(104960K)
[315.329s][info][gc,heap        ] GC(1101) ParOldGen: 339659K(499712K)->342835K(499712K)
[315.329s][info][gc,metaspace   ] GC(1101) Metaspace: 18858K(19008K)->18858K(19008K) NonClass: 16198K(16256K)->16198K(16256K) Class: 2660K(2752K)->2660K(2752K)
[315.329s][info][gc             ] GC(1101) Pause Young (Allocation Failure) 451M->337M(707M) 7.986ms
[315.329s][info][gc,cpu         ] GC(1101) User=0.01s Sys=0.00s Real=0.01s
[315.627s][info][gc,start       ] GC(1102) Pause Young (Allocation Failure)
[315.633s][info][gc,heap        ] GC(1102) PSYoungGen: 122848K(224768K)->704K(225792K) Eden: 119808K(119808K)->0K(119808K) From: 3040K(104960K)->704K(105984K)
[315.633s][info][gc,heap        ] GC(1102) ParOldGen: 342835K(499712K)->345843K(499712K)
[315.633s][info][gc,metaspace   ] GC(1102) Metaspace: 18858K(19008K)->18858K(19008K) NonClass: 16198K(16256K)->16198K(16256K) Class: 2660K(2752K)->2660K(2752K)
[315.633s][info][gc             ] GC(1102) Pause Young (Allocation Failure) 454M->338M(708M) 6.288ms
[315.633s][info][gc,cpu         ] GC(1102) User=0.01s Sys=0.00s Real=0.01s
[315.751s][info][gc,start       ] GC(1103) Pause Young (Allocation Failure)
[315.797s][info][gc,heap        ] GC(1103) PSYoungGen: 120512K(225792K)->51728K(226816K) Eden: 119808K(119808K)->0K(122368K) From: 704K(105984K)->51728K(104448K)
[315.797s][info][gc,heap        ] GC(1103) ParOldGen: 345843K(499712K)->346507K(499712K)
[315.797s][info][gc,metaspace   ] GC(1103) Metaspace: 18858K(19008K)->18858K(19008K) NonClass: 16198K(16256K)->16198K(16256K) Class: 2660K(2752K)->2660K(2752K)
[315.797s][info][gc             ] GC(1103) Pause Young (Allocation Failure) 455M->388M(709M) 46.361ms
[315.797s][info][gc,cpu         ] GC(1103) User=0.09s Sys=0.00s Real=0.05s
[315.970s][info][gc,start       ] GC(1104) Pause Young (Allocation Failure)
[316.042s][info][gc,heap        ] GC(1104) PSYoungGen: 174096K(226816K)->25664K(148480K) Eden: 122368K(122368K)->0K(122368K) From: 51728K(104448K)->25664K(26112K)
[316.042s][info][gc,heap        ] GC(1104) ParOldGen: 346507K(499712K)->398480K(499712K)
[316.042s][info][gc,metaspace   ] GC(1104) Metaspace: 18858K(19008K)->18858K(19008K) NonClass: 16198K(16256K)->16198K(16256K) Class: 2660K(2752K)->2660K(2752K)
[316.042s][info][gc             ] GC(1104) Pause Young (Allocation Failure) 508M->414M(633M) 72.175ms
[316.042s][info][gc,cpu         ] GC(1104) User=0.14s Sys=0.00s Real=0.07s
[316.159s][info][gc,start       ] GC(1105) Pause Young (Allocation Failure)
[316.191s][info][gc,heap        ] GC(1105) PSYoungGen: 148032K(148480K)->4000K(224768K) Eden: 122368K(122368K)->0K(125952K) From: 25664K(26112K)->4000K(98816K)
[316.191s][info][gc,heap        ] GC(1105) ParOldGen: 398480K(499712K)->424246K(499712K)
[316.191s][info][gc,metaspace   ] GC(1105) Metaspace: 18858K(19008K)->18858K(19008K) NonClass: 16198K(16256K)->16198K(16256K) Class: 2660K(2752K)->2660K(2752K)
[316.191s][info][gc             ] GC(1105) Pause Young (Allocation Failure) 533M->418M(707M) 32.085ms
[316.191s][info][gc,cpu         ] GC(1105) User=0.07s Sys=0.00s Real=0.03s
[316.329s][info][gc,start       ] GC(1106) Pause Young (Allocation Failure)
[316.336s][info][gc,heap        ] GC(1106) PSYoungGen: 129952K(224768K)->1472K(223232K) Eden: 125952K(125952K)->0K(125952K) From: 4000K(98816K)->1472K(97280K)
[316.336s][info][gc,heap        ] GC(1106) ParOldGen: 424246K(499712K)->428206K(499712K)
[316.336s][info][gc,metaspace   ] GC(1106) Metaspace: 18858K(19008K)->18858K(19008K) NonClass: 16198K(16256K)->16198K(16256K) Class: 2660K(2752K)->2660K(2752K)
[316.336s][info][gc             ] GC(1106) Pause Young (Allocation Failure) 541M->419M(706M) 7.468ms
[316.336s][info][gc,cpu         ] GC(1106) User=0.02s Sys=0.00s Real=0.01s
[316.560s][info][gc,start       ] GC(1107) Pause Young (Allocation Failure)
[316.564s][info][gc,heap        ] GC(1107) PSYoungGen: 127424K(223232K)->192K(227840K) Eden: 125952K(125952K)->0K(137728K) From: 1472K(97280K)->192K(90112K)
[316.564s][info][gc,heap        ] GC(1107) ParOldGen: 428206K(499712K)->429470K(499712K)
[316.564s][info][gc,metaspace   ] GC(1107) Metaspace: 18858K(19008K)->18858K(19008K) NonClass: 16198K(16256K)->16198K(16256K) Class: 2660K(2752K)->2660K(2752K)
[316.564s][info][gc             ] GC(1107) Pause Young (Allocation Failure) 542M->419M(710M) 3.960ms
[316.564s][info][gc,cpu         ] GC(1107) User=0.01s Sys=0.00s Real=0.01s
[316.768s][info][gc,start       ] GC(1108) Pause Young (Allocation Failure)
[316.795s][info][gc,heap        ] GC(1108) PSYoungGen: 137920K(227840K)->25248K(230400K) Eden: 137728K(137728K)->0K(137728K) From: 192K(90112K)->25248K(92672K)
[316.795s][info][gc,heap        ] GC(1108) ParOldGen: 429470K(499712K)->429470K(499712K)
[316.795s][info][gc,metaspace   ] GC(1108) Metaspace: 18858K(19008K)->18858K(19008K) NonClass: 16198K(16256K)->16198K(16256K) Class: 2660K(2752K)->2660K(2752K)
[316.795s][info][gc             ] GC(1108) Pause Young (Allocation Failure) 554M->444M(713M) 26.312ms
[316.795s][info][gc,cpu         ] GC(1108) User=0.05s Sys=0.00s Real=0.03s
[317.008s][info][gc,start       ] GC(1109) Pause Young (Allocation Failure)
[317.071s][info][gc,heap        ] GC(1109) PSYoungGen: 162976K(230400K)->69383K(226304K) Eden: 137728K(137728K)->0K(139776K) From: 25248K(92672K)->69383K(86528K)
[317.071s][info][gc,heap        ] GC(1109) ParOldGen: 429470K(499712K)->429470K(499712K)
[317.071s][info][gc,metaspace   ] GC(1109) Metaspace: 18859K(19008K)->18859K(19008K) NonClass: 16199K(16256K)->16199K(16256K) Class: 2660K(2752K)->2660K(2752K)
[317.071s][info][gc             ] GC(1109) Pause Young (Allocation Failure) 578M->487M(709M) 62.706ms
[317.071s][info][gc,cpu         ] GC(1109) User=0.12s Sys=0.00s Real=0.06s
[317.203s][info][gc,start       ] GC(1110) Pause Young (Allocation Failure)
[317.269s][info][gc,heap        ] GC(1110) PSYoungGen: 209159K(226304K)->76552K(216576K) Eden: 139776K(139776K)->0K(139776K) From: 69383K(86528K)->76552K(76800K)
[317.269s][info][gc,heap        ] GC(1110) ParOldGen: 429470K(499712K)->429470K(499712K)
[317.269s][info][gc,metaspace   ] GC(1110) Metaspace: 18859K(19008K)->18859K(19008K) NonClass: 16199K(16256K)->16199K(16256K) Class: 2660K(2752K)->2660K(2752K)
[317.269s][info][gc             ] GC(1110) Pause Young (Allocation Failure) 623M->494M(699M) 65.243ms
[317.269s][info][gc,cpu         ] GC(1110) User=0.12s Sys=0.00s Real=0.06s
[317.378s][info][gc,start       ] GC(1111) Pause Young (Allocation Failure)
[317.480s][info][gc,heap        ] GC(1111) PSYoungGen: 216328K(216576K)->91192K(219648K) Eden: 139776K(139776K)->0K(111616K) From: 76552K(76800K)->91192K(108032K)
[317.480s][info][gc,heap        ] GC(1111) ParOldGen: 429470K(499712K)->454774K(499712K)
[317.480s][info][gc,metaspace   ] GC(1111) Metaspace: 18859K(19008K)->18859K(19008K) NonClass: 16199K(16256K)->16199K(16256K) Class: 2660K(2752K)->2660K(2752K)
[317.480s][info][gc             ] GC(1111) Pause Young (Allocation Failure) 630M->533M(702M) 102.088ms
[317.480s][info][gc,cpu         ] GC(1111) User=0.20s Sys=0.00s Real=0.10s
[317.568s][info][gc,start       ] GC(1112) Pause Young (Allocation Failure)
[317.697s][info][gc,heap        ] GC(1112) PSYoungGen: 202808K(219648K)->90656K(222720K) Eden: 111616K(111616K)->0K(111616K) From: 91192K(108032K)->90656K(111104K)
[317.697s][info][gc,heap        ] GC(1112) ParOldGen: 454774K(499712K)->506325K(506368K)
[317.697s][info][gc,metaspace   ] GC(1112) Metaspace: 18859K(19008K)->18859K(19008K) NonClass: 16199K(16256K)->16199K(16256K) Class: 2660K(2752K)->2660K(2752K)
[317.697s][info][gc             ] GC(1112) Pause Young (Allocation Failure) 642M->582M(712M) 129.187ms
[317.697s][info][gc,cpu         ] GC(1112) User=0.25s Sys=0.01s Real=0.13s
[317.864s][info][gc,start       ] GC(1113) Pause Young (Allocation Failure)
[317.994s][info][gc,heap        ] GC(1113) PSYoungGen: 202272K(222720K)->4980K(222720K) Eden: 111616K(111616K)->0K(111616K) From: 90656K(111104K)->4980K(111104K)
[317.994s][info][gc,heap        ] GC(1113) ParOldGen: 506325K(506368K)->597309K(597504K)
[317.994s][info][gc,metaspace   ] GC(1113) Metaspace: 18859K(19008K)->18859K(19008K) NonClass: 16199K(16256K)->16199K(16256K) Class: 2660K(2752K)->2660K(2752K)
[317.994s][info][gc             ] GC(1113) Pause Young (Allocation Failure) 691M->588M(801M) 130.493ms
[317.994s][info][gc,cpu         ] GC(1113) User=0.20s Sys=0.05s Real=0.13s
[318.116s][info][gc,start       ] GC(1114) Pause Full (Allocation Failure)
[318.117s][info][gc,phases,start] GC(1114) Marking Phase
[318.181s][info][gc,phases      ] GC(1114) Marking Phase 64.393ms
[318.181s][info][gc,phases,start] GC(1114) Summary Phase
[318.181s][info][gc,phases      ] GC(1114) Summary Phase 0.041ms
[318.181s][info][gc,phases,start] GC(1114) Forward
[318.204s][info][gc,phases      ] GC(1114) Forward 23.116ms
[318.204s][info][gc,phases,start] GC(1114) Adjust Pointers
[318.251s][info][gc,phases      ] GC(1114) Adjust Pointers 47.306ms
[318.252s][info][gc,phases,start] GC(1114) Compaction Phase
[318.276s][info][gc,phases      ] GC(1114) Compaction Phase 24.327ms
[318.279s][info][gc,phases,start] GC(1114) Post Compact
[318.281s][info][gc,phases      ] GC(1114) Post Compact 2.134ms
[318.295s][info][gc,heap        ] GC(1114) PSYoungGen: 116596K(222720K)->0K(222720K) Eden: 111616K(111616K)->0K(111616K) From: 4980K(111104K)->0K(111104K)
[318.295s][info][gc,heap        ] GC(1114) ParOldGen: 597309K(597504K)->104991K(436224K)
[318.295s][info][gc,metaspace   ] GC(1114) Metaspace: 18859K(19008K)->18859K(19008K) NonClass: 16199K(16256K)->16199K(16256K) Class: 2660K(2752K)->2660K(2752K)
[318.295s][info][gc             ] GC(1114) Pause Full (Allocation Failure) 697M->102M(643M) 178.216ms
[318.295s][info][gc,cpu         ] GC(1114) User=0.29s Sys=0.01s Real=0.18s
[318.403s][info][gc,start       ] GC(1115) Pause Young (Allocation Failure)
[318.424s][info][gc,heap        ] GC(1115) PSYoungGen: 111616K(222720K)->27616K(222720K) Eden: 111616K(111616K)->0K(111616K) From: 0K(111104K)->27616K(111104K)
[318.424s][info][gc,heap        ] GC(1115) ParOldGen: 104991K(436224K)->104991K(436224K)
[318.424s][info][gc,metaspace   ] GC(1115) Metaspace: 18859K(19008K)->18859K(19008K) NonClass: 16199K(16256K)->16199K(16256K) Class: 2660K(2752K)->2660K(2752K)
[318.424s][info][gc             ] GC(1115) Pause Young (Allocation Failure) 211M->129M(643M) 21.540ms
[318.424s][info][gc,cpu         ] GC(1115) User=0.04s Sys=0.00s Real=0.03s
[318.464s][info][gc,start       ] GC(1116) Pause Young (Allocation Failure)
[318.541s][info][gc,heap        ] GC(1116) PSYoungGen: 139232K(222720K)->68256K(222720K) Eden: 111616K(111616K)->0K(111616K) From: 27616K(111104K)->68256K(111104K)
[318.542s][info][gc,heap        ] GC(1116) ParOldGen: 104991K(436224K)->132823K(436224K)
[318.542s][info][gc,metaspace   ] GC(1116) Metaspace: 18859K(19008K)->18859K(19008K) NonClass: 16199K(16256K)->16199K(16256K) Class: 2660K(2752K)->2660K(2752K)
[318.542s][info][gc             ] GC(1116) Pause Young (Allocation Failure) 238M->196M(643M) 77.562ms
[318.542s][info][gc,cpu         ] GC(1116) User=0.15s Sys=0.00s Real=0.07s
[318.643s][info][gc,start       ] GC(1117) Pause Young (Allocation Failure)
[318.726s][info][gc,heap        ] GC(1117) PSYoungGen: 179872K(222720K)->39872K(222720K) Eden: 111616K(111616K)->0K(111616K) From: 68256K(111104K)->39872K(111104K)
[318.726s][info][gc,heap        ] GC(1117) ParOldGen: 132823K(436224K)->201535K(436224K)
[318.726s][info][gc,metaspace   ] GC(1117) Metaspace: 18859K(19008K)->18859K(19008K) NonClass: 16199K(16256K)->16199K(16256K) Class: 2660K(2752K)->2660K(2752K)
[318.726s][info][gc             ] GC(1117) Pause Young (Allocation Failure) 305M->235M(643M) 82.908ms
[318.726s][info][gc,cpu         ] GC(1117) User=0.17s Sys=0.00s Real=0.08s
[318.782s][info][gc,start       ] GC(1118) Pause Young (Allocation Failure)
[318.834s][info][gc,heap        ] GC(1118) PSYoungGen: 151488K(222720K)->39328K(222720K) Eden: 111616K(111616K)->0K(111616K) From: 39872K(111104K)->39328K(111104K)
[318.834s][info][gc,heap        ] GC(1118) ParOldGen: 201535K(436224K)->241839K(436224K)
[318.834s][info][gc,metaspace   ] GC(1118) Metaspace: 18859K(19008K)->18859K(19008K) NonClass: 16199K(16256K)->16199K(16256K) Class: 2660K(2752K)->2660K(2752K)
[318.834s][info][gc             ] GC(1118) Pause Young (Allocation Failure) 344M->274M(643M) 51.976ms
[318.834s][info][gc,cpu         ] GC(1118) User=0.10s Sys=0.00s Real=0.06s
[318.910s][info][gc,start       ] GC(1119) Pause Young (Allocation Failure)
[318.946s][info][gc,heap        ] GC(1119) PSYoungGen: 150944K(222720K)->12448K(218624K) Eden: 111616K(111616K)->0K(111616K) From: 39328K(111104K)->12448K(107008K)
[318.946s][info][gc,heap        ] GC(1119) ParOldGen: 241839K(436224K)->281623K(436224K)
[318.946s][info][gc,metaspace   ] GC(1119) Metaspace: 18859K(19008K)->18859K(19008K) NonClass: 16199K(16256K)->16199K(16256K) Class: 2660K(2752K)->2660K(2752K)
[318.946s][info][gc             ] GC(1119) Pause Young (Allocation Failure) 383M->287M(639M) 35.505ms
[318.946s][info][gc,cpu         ] GC(1119) User=0.07s Sys=0.00s Real=0.04s
[319.048s][info][gc,start       ] GC(1120) Pause Young (Allocation Failure)
[319.084s][info][gc,heap        ] GC(1120) PSYoungGen: 124064K(218624K)->11201K(220672K) Eden: 111616K(111616K)->0K(111616K) From: 12448K(107008K)->11201K(109056K)
[319.084s][info][gc,heap        ] GC(1120) ParOldGen: 281623K(436224K)->294159K(436224K)
[319.084s][info][gc,metaspace   ] GC(1120) Metaspace: 18859K(19008K)->18859K(19008K) NonClass: 16199K(16256K)->16199K(16256K) Class: 2660K(2752K)->2660K(2752K)
[319.084s][info][gc             ] GC(1120) Pause Young (Allocation Failure) 396M->298M(641M) 36.044ms
[319.084s][info][gc,cpu         ] GC(1120) User=0.07s Sys=0.00s Real=0.04s
[319.191s][info][gc,start       ] GC(1121) Pause Young (Allocation Failure)
[319.240s][info][gc,heap        ] GC(1121) PSYoungGen: 122817K(220672K)->18561K(217088K) Eden: 111616K(111616K)->0K(118272K) From: 11201K(109056K)->18561K(98816K)
[319.240s][info][gc,heap        ] GC(1121) ParOldGen: 294159K(436224K)->304852K(436224K)
[319.240s][info][gc,metaspace   ] GC(1121) Metaspace: 18859K(19008K)->18859K(19008K) NonClass: 16199K(16256K)->16199K(16256K) Class: 2660K(2752K)->2660K(2752K)
[319.240s][info][gc             ] GC(1121) Pause Young (Allocation Failure) 407M->315M(638M) 49.488ms
[319.240s][info][gc,cpu         ] GC(1121) User=0.09s Sys=0.00s Real=0.05s
[319.352s][info][gc,start       ] GC(1122) Pause Young (Allocation Failure)
[319.410s][info][gc,heap        ] GC(1122) PSYoungGen: 136833K(217088K)->28672K(220672K) Eden: 118272K(118272K)->0K(118272K) From: 18561K(98816K)->28672K(102400K)
[319.410s][info][gc,heap        ] GC(1122) ParOldGen: 304852K(436224K)->323275K(436224K)
[319.410s][info][gc,metaspace   ] GC(1122) Metaspace: 18859K(19008K)->18859K(19008K) NonClass: 16199K(16256K)->16199K(16256K) Class: 2660K(2752K)->2660K(2752K)
[319.410s][info][gc             ] GC(1122) Pause Young (Allocation Failure) 431M->343M(641M) 58.674ms
[319.410s][info][gc,cpu         ] GC(1122) User=0.11s Sys=0.00s Real=0.06s
[319.503s][info][gc,start       ] GC(1123) Pause Young (Allocation Failure)
[319.565s][info][gc,heap        ] GC(1123) PSYoungGen: 146944K(220672K)->28192K(222208K) Eden: 118272K(118272K)->0K(134656K) From: 28672K(102400K)->28192K(87552K)
[319.565s][info][gc,heap        ] GC(1123) ParOldGen: 323275K(436224K)->351987K(436224K)
[319.565s][info][gc,metaspace   ] GC(1123) Metaspace: 18859K(19008K)->18859K(19008K) NonClass: 16199K(16256K)->16199K(16256K) Class: 2660K(2752K)->2660K(2752K)
[319.565s][info][gc             ] GC(1123) Pause Young (Allocation Failure) 459M->371M(643M) 61.815ms
[319.565s][info][gc,cpu         ] GC(1123) User=0.12s Sys=0.00s Real=0.07s
[319.644s][info][gc,start       ] GC(1124) Pause Young (Allocation Failure)
[319.684s][info][gc,heap        ] GC(1124) PSYoungGen: 162848K(222208K)->12160K(225792K) Eden: 134656K(134656K)->0K(134656K) From: 28192K(87552K)->12160K(91136K)
[319.684s][info][gc,heap        ] GC(1124) ParOldGen: 351987K(436224K)->380219K(436224K)
[319.684s][info][gc,metaspace   ] GC(1124) Metaspace: 18859K(19008K)->18859K(19008K) NonClass: 16199K(16256K)->16199K(16256K) Class: 2660K(2752K)->2660K(2752K)
[319.684s][info][gc             ] GC(1124) Pause Young (Allocation Failure) 502M->383M(646M) 40.044ms
[319.684s][info][gc,cpu         ] GC(1124) User=0.08s Sys=0.00s Real=0.04s
[319.768s][info][gc,start       ] GC(1125) Pause Young (Allocation Failure)
[319.788s][info][gc,heap        ] GC(1125) PSYoungGen: 146816K(225792K)->4128K(239616K) Eden: 134656K(134656K)->0K(153600K) From: 12160K(91136K)->4128K(86016K)
[319.788s][info][gc,heap        ] GC(1125) ParOldGen: 380219K(436224K)->392355K(436224K)
[319.788s][info][gc,metaspace   ] GC(1125) Metaspace: 18859K(19008K)->18859K(19008K) NonClass: 16199K(16256K)->16199K(16256K) Class: 2660K(2752K)->2660K(2752K)
[319.788s][info][gc             ] GC(1125) Pause Young (Allocation Failure) 514M->387M(660M) 20.417ms
[319.788s][info][gc,cpu         ] GC(1125) User=0.04s Sys=0.00s Real=0.02s
[319.894s][info][gc,start       ] GC(1126) Pause Young (Allocation Failure)
[319.910s][info][gc,heap        ] GC(1126) PSYoungGen: 157728K(239616K)->3840K(241664K) Eden: 153600K(153600K)->0K(153600K) From: 4128K(86016K)->3840K(88064K)
[319.910s][info][gc,heap        ] GC(1126) ParOldGen: 392355K(436224K)->396459K(436224K)
[319.910s][info][gc,metaspace   ] GC(1126) Metaspace: 18859K(19008K)->18859K(19008K) NonClass: 16199K(16256K)->16199K(16256K) Class: 2660K(2752K)->2660K(2752K)
[319.910s][info][gc             ] GC(1126) Pause Young (Allocation Failure) 537M->390M(662M) 16.501ms
[319.911s][info][gc,cpu         ] GC(1126) User=0.03s Sys=0.00s Real=0.01s
[320.029s][info][gc,start       ] GC(1127) Pause Young (Allocation Failure)
[320.046s][info][gc,heap        ] GC(1127) PSYoungGen: 157440K(241664K)->7488K(240640K) Eden: 153600K(153600K)->0K(159744K) From: 3840K(88064K)->7488K(80896K)
[320.046s][info][gc,heap        ] GC(1127) ParOldGen: 396459K(436224K)->400283K(436224K)
[320.046s][info][gc,metaspace   ] GC(1127) Metaspace: 18859K(19008K)->18859K(19008K) NonClass: 16199K(16256K)->16199K(16256K) Class: 2660K(2752K)->2660K(2752K)
[320.046s][info][gc             ] GC(1127) Pause Young (Allocation Failure) 540M->398M(661M) 17.217ms
[320.046s][info][gc,cpu         ] GC(1127) User=0.03s Sys=0.00s Real=0.02s
[320.174s][info][gc,start       ] GC(1128) Pause Young (Allocation Failure)
[320.207s][info][gc,heap        ] GC(1128) PSYoungGen: 167232K(240640K)->24064K(243200K) Eden: 159744K(159744K)->0K(159744K) From: 7488K(80896K)->24064K(83456K)
[320.207s][info][gc,heap        ] GC(1128) ParOldGen: 400283K(436224K)->407763K(436224K)
[320.207s][info][gc,metaspace   ] GC(1128) Metaspace: 18859K(19008K)->18859K(19008K) NonClass: 16199K(16256K)->16199K(16256K) Class: 2660K(2752K)->2660K(2752K)
[320.207s][info][gc             ] GC(1128) Pause Young (Allocation Failure) 554M->421M(663M) 32.924ms
[320.207s][info][gc,cpu         ] GC(1128) User=0.07s Sys=0.00s Real=0.03s
[320.583s][info][gc,start       ] GC(1129) Pause Young (Allocation Failure)
[320.625s][info][gc,heap        ] GC(1129) PSYoungGen: 183808K(243200K)->14432K(246784K) Eden: 159744K(159744K)->0K(173056K) From: 24064K(83456K)->14432K(73728K)
[320.625s][info][gc,heap        ] GC(1129) ParOldGen: 407763K(436224K)->431832K(436224K)
[320.625s][info][gc,metaspace   ] GC(1129) Metaspace: 18859K(19008K)->18859K(19008K) NonClass: 16199K(16256K)->16199K(16256K) Class: 2660K(2752K)->2660K(2752K)
[320.625s][info][gc             ] GC(1129) Pause Young (Allocation Failure) 577M->435M(667M) 42.293ms
[320.625s][info][gc,cpu         ] GC(1129) User=0.08s Sys=0.00s Real=0.05s
[321.066s][info][gc,start       ] GC(1130) Pause Young (Allocation Failure)
[321.088s][info][gc,heap        ] GC(1130) PSYoungGen: 187488K(246784K)->192K(246784K) Eden: 173056K(173056K)->0K(173056K) From: 14432K(73728K)->192K(73728K)
[321.088s][info][gc,heap        ] GC(1130) ParOldGen: 431832K(436224K)->446230K(446464K)
[321.088s][info][gc,metaspace   ] GC(1130) Metaspace: 18859K(19008K)->18859K(19008K) NonClass: 16199K(16256K)->16199K(16256K) Class: 2660K(2752K)->2660K(2752K)
[321.088s][info][gc             ] GC(1130) Pause Young (Allocation Failure) 604M->435M(677M) 21.590ms
[321.088s][info][gc,cpu         ] GC(1130) User=0.04s Sys=0.01s Real=0.02s
[321.459s][info][gc,start       ] GC(1131) Pause Young (Allocation Failure)
[321.461s][info][gc,heap        ] GC(1131) PSYoungGen: 173248K(246784K)->64K(257024K) Eden: 173056K(173056K)->0K(187392K) From: 192K(73728K)->64K(69632K)
[321.461s][info][gc,heap        ] GC(1131) ParOldGen: 446230K(446464K)->446414K(446464K)
[321.461s][info][gc,metaspace   ] GC(1131) Metaspace: 18859K(19008K)->18859K(19008K) NonClass: 16199K(16256K)->16199K(16256K) Class: 2660K(2752K)->2660K(2752K)
[321.461s][info][gc             ] GC(1131) Pause Young (Allocation Failure) 604M->436M(687M) 2.266ms
[321.461s][info][gc,cpu         ] GC(1131) User=0.01s Sys=0.00s Real=0.00s
[321.844s][info][gc,start       ] GC(1132) Pause Young (Allocation Failure)
[321.852s][info][gc,heap        ] GC(1132) PSYoungGen: 187456K(257024K)->64K(258048K) Eden: 187392K(187392K)->0K(187392K) From: 64K(69632K)->64K(70656K)
[321.852s][info][gc,heap        ] GC(1132) ParOldGen: 446414K(446464K)->446414K(446464K)
[321.852s][info][gc,metaspace   ] GC(1132) Metaspace: 18859K(19008K)->18859K(19008K) NonClass: 16199K(16256K)->16199K(16256K) Class: 2660K(2752K)->2660K(2752K)
[321.852s][info][gc             ] GC(1132) Pause Young (Allocation Failure) 619M->436M(688M) 7.713ms
[321.852s][info][gc,cpu         ] GC(1132) User=0.01s Sys=0.00s Real=0.00s
[322.170s][info][gc,start       ] GC(1133) Pause Young (Allocation Failure)
[322.199s][info][gc,heap        ] GC(1133) PSYoungGen: 187456K(258048K)->22278K(256512K) Eden: 187392K(187392K)->0K(194048K) From: 64K(70656K)->22278K(62464K)
[322.199s][info][gc,heap        ] GC(1133) ParOldGen: 446414K(446464K)->446414K(446464K)
[322.199s][info][gc,metaspace   ] GC(1133) Metaspace: 18859K(19008K)->18859K(19008K) NonClass: 16199K(16256K)->16199K(16256K) Class: 2660K(2752K)->2660K(2752K)
[322.199s][info][gc             ] GC(1133) Pause Young (Allocation Failure) 619M->457M(686M) 28.767ms
[322.199s][info][gc,cpu         ] GC(1133) User=0.06s Sys=0.00s Real=0.03s
[322.322s][info][gc,start       ] GC(1134) Pause Young (Allocation Failure)
[322.399s][info][gc,heap        ] GC(1134) PSYoungGen: 216326K(256512K)->65510K(259584K) Eden: 194048K(194048K)->0K(194048K) From: 22278K(62464K)->65510K(65536K)
[322.399s][info][gc,heap        ] GC(1134) ParOldGen: 446414K(446464K)->468646K(468992K)
[322.399s][info][gc,metaspace   ] GC(1134) Metaspace: 18860K(19008K)->18860K(19008K) NonClass: 16199K(16256K)->16199K(16256K) Class: 2660K(2752K)->2660K(2752K)
[322.399s][info][gc             ] GC(1134) Pause Young (Allocation Failure) 647M->521M(711M) 76.755ms
[322.399s][info][gc,cpu         ] GC(1134) User=0.14s Sys=0.01s Real=0.08s
[322.546s][info][gc,start       ] GC(1135) Pause Young (Allocation Failure)
[322.646s][info][gc,heap        ] GC(1135) PSYoungGen: 259558K(259584K)->74215K(188928K) Eden: 194048K(194048K)->0K(114688K) From: 65510K(65536K)->74215K(74240K)
[322.646s][info][gc,heap        ] GC(1135) ParOldGen: 468646K(468992K)->496718K(497152K)
[322.646s][info][gc,metaspace   ] GC(1135) Metaspace: 18860K(19008K)->18860K(19008K) NonClass: 16200K(16256K)->16200K(16256K) Class: 2660K(2752K)->2660K(2752K)
[322.646s][info][gc             ] GC(1135) Pause Young (Allocation Failure) 711M->557M(670M) 100.142ms
[322.646s][info][gc,cpu         ] GC(1135) User=0.17s Sys=0.02s Real=0.10s
[322.729s][info][gc,start       ] GC(1136) Pause Young (Allocation Failure)
[322.828s][info][gc,heap        ] GC(1136) PSYoungGen: 188903K(188928K)->10608K(224256K) Eden: 114688K(114688K)->0K(114688K) From: 74215K(74240K)->10608K(109568K)
[322.828s][info][gc,heap        ] GC(1136) ParOldGen: 496718K(497152K)->562795K(563200K)
[322.828s][info][gc,metaspace   ] GC(1136) Metaspace: 18860K(19008K)->18860K(19008K) NonClass: 16200K(16256K)->16200K(16256K) Class: 2660K(2752K)->2660K(2752K)
[322.828s][info][gc             ] GC(1136) Pause Young (Allocation Failure) 669M->559M(769M) 98.398ms
[322.828s][info][gc,cpu         ] GC(1136) User=0.14s Sys=0.06s Real=0.10s
[322.909s][info][gc,start       ] GC(1137) Pause Young (Allocation Failure)
[322.961s][info][gc,heap        ] GC(1137) PSYoungGen: 125296K(224256K)->17292K(209920K) Eden: 114688K(114688K)->0K(118784K) From: 10608K(109568K)->17292K(91136K)
[322.961s][info][gc,heap        ] GC(1137) ParOldGen: 562795K(563200K)->573391K(573440K)
[322.961s][info][gc,metaspace   ] GC(1137) Metaspace: 18860K(19008K)->18860K(19008K) NonClass: 16200K(16256K)->16200K(16256K) Class: 2660K(2752K)->2660K(2752K)
[322.961s][info][gc             ] GC(1137) Pause Young (Allocation Failure) 671M->576M(765M) 51.792ms
[322.961s][info][gc,cpu         ] GC(1137) User=0.10s Sys=0.00s Real=0.05s
[323.073s][info][gc,start       ] GC(1138) Pause Young (Allocation Failure)
[323.124s][info][gc,heap        ] GC(1138) PSYoungGen: 136076K(209920K)->13664K(219136K) Eden: 118784K(118784K)->0K(118784K) From: 17292K(91136K)->13664K(100352K)
[323.124s][info][gc,heap        ] GC(1138) ParOldGen: 573391K(573440K)->590714K(590848K)
[323.124s][info][gc,metaspace   ] GC(1138) Metaspace: 18860K(19008K)->18860K(19008K) NonClass: 16200K(16256K)->16200K(16256K) Class: 2660K(2752K)->2660K(2752K)
[323.124s][info][gc             ] GC(1138) Pause Young (Allocation Failure) 692M->590M(791M) 50.999ms
[323.124s][info][gc,cpu         ] GC(1138) User=0.08s Sys=0.02s Real=0.06s
[323.214s][info][gc,start       ] GC(1139) Pause Young (Allocation Failure)
[323.268s][info][gc,heap        ] GC(1139) PSYoungGen: 132448K(219136K)->26720K(219136K) Eden: 118784K(118784K)->0K(136192K) From: 13664K(100352K)->26720K(82944K)
[323.268s][info][gc,heap        ] GC(1139) ParOldGen: 590714K(590848K)->604362K(604672K)
[323.268s][info][gc,metaspace   ] GC(1139) Metaspace: 18860K(19008K)->18860K(19008K) NonClass: 16200K(16256K)->16200K(16256K) Class: 2660K(2752K)->2660K(2752K)
[323.268s][info][gc             ] GC(1139) Pause Young (Allocation Failure) 706M->616M(804M) 54.119ms
[323.268s][info][gc,cpu         ] GC(1139) User=0.10s Sys=0.01s Real=0.05s
[323.369s][info][gc,start       ] GC(1140) Pause Young (Allocation Failure)
[323.424s][info][gc,heap        ] GC(1140) PSYoungGen: 162912K(219136K)->14624K(225280K) Eden: 136192K(136192K)->0K(136192K) From: 26720K(82944K)->14624K(89088K)
[323.424s][info][gc,heap        ] GC(1140) ParOldGen: 604362K(604672K)->631106K(631296K)
[323.424s][info][gc,metaspace   ] GC(1140) Metaspace: 18861K(19008K)->18861K(19008K) NonClass: 16201K(16256K)->16201K(16256K) Class: 2660K(2752K)->2660K(2752K)
[323.424s][info][gc             ] GC(1140) Pause Young (Allocation Failure) 749M->630M(836M) 55.148ms
[323.424s][info][gc,cpu         ] GC(1140) User=0.09s Sys=0.02s Real=0.06s
[323.503s][info][gc,start       ] GC(1141) Pause Full (Allocation Failure)
[323.503s][info][gc,phases,start] GC(1141) Marking Phase
[323.767s][info][gc,phases      ] GC(1141) Marking Phase 263.354ms
[323.767s][info][gc,phases,start] GC(1141) Summary Phase
[323.767s][info][gc,phases      ] GC(1141) Summary Phase 0.029ms
[323.767s][info][gc,phases,start] GC(1141) Forward
[323.859s][info][gc,phases      ] GC(1141) Forward 92.038ms
[323.859s][info][gc,phases,start] GC(1141) Adjust Pointers
[324.063s][info][gc,phases      ] GC(1141) Adjust Pointers 203.897ms
[324.063s][info][gc,phases,start] GC(1141) Compaction Phase
[324.184s][info][gc,phases      ] GC(1141) Compaction Phase 121.298ms
[324.193s][info][gc,phases,start] GC(1141) Post Compact
[324.195s][info][gc,phases      ] GC(1141) Post Compact 2.265ms
[324.195s][info][gc,heap        ] GC(1141) PSYoungGen: 150816K(225280K)->0K(241152K) Eden: 136192K(136192K)->0K(156160K) From: 14624K(89088K)->0K(84992K)
[324.195s][info][gc,heap        ] GC(1141) ParOldGen: 631106K(631296K)->376116K(667648K)
[324.195s][info][gc,metaspace   ] GC(1141) Metaspace: 18862K(19008K)->18862K(19008K) NonClass: 16202K(16256K)->16202K(16256K) Class: 2660K(2752K)->2660K(2752K)
[324.195s][info][gc             ] GC(1141) Pause Full (Allocation Failure) 763M->367M(887M) 691.889ms
[324.195s][info][gc,cpu         ] GC(1141) User=1.30s Sys=0.00s Real=0.69s
[324.331s][info][gc,start       ] GC(1142) Pause Young (Allocation Failure)
[324.345s][info][gc,heap        ] GC(1142) PSYoungGen: 156160K(241152K)->8320K(241152K) Eden: 156160K(156160K)->0K(156160K) From: 0K(84992K)->8320K(84992K)
[324.345s][info][gc,heap        ] GC(1142) ParOldGen: 376116K(667648K)->376116K(667648K)
[324.345s][info][gc,metaspace   ] GC(1142) Metaspace: 18863K(19008K)->18863K(19008K) NonClass: 16203K(16256K)->16203K(16256K) Class: 2660K(2752K)->2660K(2752K)
[324.345s][info][gc             ] GC(1142) Pause Young (Allocation Failure) 519M->375M(887M) 13.551ms
[324.345s][info][gc,cpu         ] GC(1142) User=0.03s Sys=0.00s Real=0.02s
[324.518s][info][gc,start       ] GC(1143) Pause Young (Allocation Failure)
[324.534s][info][gc,heap        ] GC(1143) PSYoungGen: 164480K(241152K)->3328K(246784K) Eden: 156160K(156160K)->0K(165888K) From: 8320K(84992K)->3328K(80896K)
[324.534s][info][gc,heap        ] GC(1143) ParOldGen: 376116K(667648K)->384396K(667648K)
[324.534s][info][gc,metaspace   ] GC(1143) Metaspace: 18871K(19072K)->18871K(19072K) NonClass: 16211K(16320K)->16211K(16320K) Class: 2660K(2752K)->2660K(2752K)
[324.534s][info][gc             ] GC(1143) Pause Young (Allocation Failure) 527M->378M(893M) 16.169ms
[324.534s][info][gc,cpu         ] GC(1143) User=0.03s Sys=0.00s Real=0.02s
[324.732s][info][gc,start       ] GC(1144) Pause Young (Allocation Failure)
[324.761s][info][gc,heap        ] GC(1144) PSYoungGen: 169216K(246784K)->21344K(245760K) Eden: 165888K(165888K)->0K(165888K) From: 3328K(80896K)->21344K(79872K)
[324.761s][info][gc,heap        ] GC(1144) ParOldGen: 384396K(667648K)->387726K(667648K)
[324.761s][info][gc,metaspace   ] GC(1144) Metaspace: 18871K(19072K)->18871K(19072K) NonClass: 16211K(16320K)->16211K(16320K) Class: 2660K(2752K)->2660K(2752K)
[324.761s][info][gc             ] GC(1144) Pause Young (Allocation Failure) 540M->399M(892M) 29.933ms
[324.762s][info][gc,cpu         ] GC(1144) User=0.06s Sys=0.00s Real=0.03s
[324.969s][info][gc,start       ] GC(1145) Pause Young (Allocation Failure)
[325.011s][info][gc,heap        ] GC(1145) PSYoungGen: 187232K(245760K)->20560K(248832K) Eden: 165888K(165888K)->0K(178176K) From: 21344K(79872K)->20560K(70656K)
[325.011s][info][gc,heap        ] GC(1145) ParOldGen: 387726K(667648K)->409084K(667648K)
[325.011s][info][gc,metaspace   ] GC(1145) Metaspace: 18871K(19072K)->18871K(19072K) NonClass: 16211K(16320K)->16211K(16320K) Class: 2660K(2752K)->2660K(2752K)
[325.011s][info][gc             ] GC(1145) Pause Young (Allocation Failure) 561M->419M(895M) 41.789ms
[325.011s][info][gc,cpu         ] GC(1145) User=0.09s Sys=0.00s Real=0.04s
[325.213s][info][gc,start       ] GC(1146) Pause Young (Allocation Failure)
[325.265s][info][gc,heap        ] GC(1146) PSYoungGen: 198736K(248832K)->45312K(247296K) Eden: 178176K(178176K)->0K(178176K) From: 20560K(70656K)->45312K(69120K)
[325.265s][info][gc,heap        ] GC(1146) ParOldGen: 409084K(667648K)->429689K(667648K)
[325.265s][info][gc,metaspace   ] GC(1146) Metaspace: 18873K(19072K)->18873K(19072K) NonClass: 16213K(16320K)->16213K(16320K) Class: 2660K(2752K)->2660K(2752K)
[325.265s][info][gc             ] GC(1146) Pause Young (Allocation Failure) 593M->463M(893M) 51.953ms
[325.265s][info][gc,cpu         ] GC(1146) User=0.10s Sys=0.00s Real=0.06s
[325.491s][info][gc,start       ] GC(1147) Pause Young (Allocation Failure)
[325.545s][info][gc,heap        ] GC(1147) PSYoungGen: 223488K(247296K)->33056K(262144K) Eden: 178176K(178176K)->0K(188928K) From: 45312K(69120K)->33056K(73216K)
[325.545s][info][gc,heap        ] GC(1147) ParOldGen: 429689K(667648K)->475481K(667648K)
[325.545s][info][gc,metaspace   ] GC(1147) Metaspace: 18873K(19072K)->18873K(19072K) NonClass: 16213K(16320K)->16213K(16320K) Class: 2660K(2752K)->2660K(2752K)
[325.545s][info][gc             ] GC(1147) Pause Young (Allocation Failure) 637M->496M(908M) 53.679ms
[325.545s][info][gc,cpu         ] GC(1147) User=0.11s Sys=0.00s Real=0.06s
[325.806s][info][gc,start       ] GC(1148) Pause Young (Allocation Failure)
[325.878s][info][gc,heap        ] GC(1148) PSYoungGen: 221984K(262144K)->34303K(223232K) Eden: 188928K(188928K)->0K(188928K) From: 33056K(73216K)->34303K(34304K)
[325.878s][info][gc,heap        ] GC(1148) ParOldGen: 475481K(667648K)->508845K(667648K)
[325.878s][info][gc,metaspace   ] GC(1148) Metaspace: 18873K(19072K)->18873K(19072K) NonClass: 16213K(16320K)->16213K(16320K) Class: 2660K(2752K)->2660K(2752K)
[325.878s][info][gc             ] GC(1148) Pause Young (Allocation Failure) 681M->530M(870M) 72.465ms
[325.878s][info][gc,cpu         ] GC(1148) User=0.15s Sys=0.00s Real=0.07s
[326.084s][info][gc,start       ] GC(1149) Pause Young (Allocation Failure)
[326.155s][info][gc,heap        ] GC(1149) PSYoungGen: 223231K(223232K)->23680K(262656K) Eden: 188928K(188928K)->0K(192512K) From: 34303K(34304K)->23680K(70144K)
[326.155s][info][gc,heap        ] GC(1149) ParOldGen: 508845K(667648K)->543188K(667648K)
[326.155s][info][gc,metaspace   ] GC(1149) Metaspace: 18873K(19072K)->18873K(19072K) NonClass: 16213K(16320K)->16213K(16320K) Class: 2660K(2752K)->2660K(2752K)
[326.155s][info][gc             ] GC(1149) Pause Young (Allocation Failure) 714M->553M(908M) 71.115ms
[326.155s][info][gc,cpu         ] GC(1149) User=0.14s Sys=0.00s Real=0.07s
[326.346s][info][gc,start       ] GC(1150) Pause Young (Allocation Failure)
[326.374s][info][gc,heap        ] GC(1150) PSYoungGen: 216192K(262656K)->800K(259072K) Eden: 192512K(192512K)->0K(192512K) From: 23680K(70144K)->800K(66560K)
[326.374s][info][gc,heap        ] GC(1150) ParOldGen: 543188K(667648K)->566900K(667648K)
[326.374s][info][gc,metaspace   ] GC(1150) Metaspace: 18873K(19072K)->18873K(19072K) NonClass: 16213K(16320K)->16213K(16320K) Class: 2660K(2752K)->2660K(2752K)
[326.374s][info][gc             ] GC(1150) Pause Young (Allocation Failure) 741M->554M(905M) 28.088ms
[326.374s][info][gc,cpu         ] GC(1150) User=0.06s Sys=0.00s Real=0.03s
[326.608s][info][gc,start       ] GC(1151) Pause Young (Allocation Failure)
[326.626s][info][gc,heap        ] GC(1151) PSYoungGen: 193312K(259072K)->12992K(264704K) Eden: 192512K(192512K)->0K(199680K) From: 800K(66560K)->12992K(65024K)
[326.626s][info][gc,heap        ] GC(1151) ParOldGen: 566900K(667648K)->567684K(667648K)
[326.626s][info][gc,metaspace   ] GC(1151) Metaspace: 18873K(19072K)->18873K(19072K) NonClass: 16213K(16320K)->16213K(16320K) Class: 2660K(2752K)->2660K(2752K)
[326.626s][info][gc             ] GC(1151) Pause Young (Allocation Failure) 742M->567M(910M) 17.799ms
[326.626s][info][gc,cpu         ] GC(1151) User=0.04s Sys=0.00s Real=0.02s
[327.007s][info][gc,start       ] GC(1152) Pause Young (Allocation Failure)
[327.051s][info][gc,heap        ] GC(1152) PSYoungGen: 212672K(264704K)->20016K(263680K) Eden: 199680K(199680K)->0K(199680K) From: 12992K(65024K)->20016K(64000K)
[327.051s][info][gc,heap        ] GC(1152) ParOldGen: 567684K(667648K)->580700K(667648K)
[327.051s][info][gc,metaspace   ] GC(1152) Metaspace: 18873K(19072K)->18873K(19072K) NonClass: 16213K(16320K)->16213K(16320K) Class: 2660K(2752K)->2660K(2752K)
[327.051s][info][gc             ] GC(1152) Pause Young (Allocation Failure) 762M->586M(909M) 44.343ms
[327.051s][info][gc,cpu         ] GC(1152) User=0.09s Sys=0.00s Real=0.04s
[327.262s][info][gc,start       ] GC(1153) Pause Young (Allocation Failure)
[327.333s][info][gc,heap        ] GC(1153) PSYoungGen: 219696K(263680K)->60402K(236544K) Eden: 199680K(199680K)->0K(176128K) From: 20016K(64000K)->60402K(60416K)
[327.333s][info][gc,heap        ] GC(1153) ParOldGen: 580700K(667648K)->602716K(667648K)
[327.333s][info][gc,metaspace   ] GC(1153) Metaspace: 18873K(19072K)->18873K(19072K) NonClass: 16213K(16320K)->16213K(16320K) Class: 2660K(2752K)->2660K(2752K)
[327.333s][info][gc             ] GC(1153) Pause Young (Allocation Failure) 781M->647M(883M) 70.933ms
[327.333s][info][gc,cpu         ] GC(1153) User=0.13s Sys=0.01s Real=0.07s
[327.573s][info][gc,start       ] GC(1154) Pause Young (Allocation Failure)
[327.639s][info][gc,heap        ] GC(1154) PSYoungGen: 236530K(236544K)->15872K(254976K) Eden: 176128K(176128K)->0K(176128K) From: 60402K(60416K)->15872K(78848K)
[327.639s][info][gc,heap        ] GC(1154) ParOldGen: 602716K(667648K)->663850K(667648K)
[327.639s][info][gc,metaspace   ] GC(1154) Metaspace: 18873K(19072K)->18873K(19072K) NonClass: 16213K(16320K)->16213K(16320K) Class: 2660K(2752K)->2660K(2752K)
[327.639s][info][gc             ] GC(1154) Pause Young (Allocation Failure) 819M->663M(901M) 66.196ms
[327.639s][info][gc,cpu         ] GC(1154) User=0.11s Sys=0.02s Real=0.07s
[327.890s][info][gc,start       ] GC(1155) Pause Full (Allocation Failure)
[327.890s][info][gc,phases,start] GC(1155) Marking Phase
[328.245s][info][gc,phases      ] GC(1155) Marking Phase 355.250ms
[328.245s][info][gc,phases,start] GC(1155) Summary Phase
[328.245s][info][gc,phases      ] GC(1155) Summary Phase 0.031ms
[328.245s][info][gc,phases,start] GC(1155) Forward
[328.387s][info][gc,phases      ] GC(1155) Forward 141.664ms
[328.387s][info][gc,phases,start] GC(1155) Adjust Pointers
[328.662s][info][gc,phases      ] GC(1155) Adjust Pointers 274.548ms
[328.662s][info][gc,phases,start] GC(1155) Compaction Phase
[328.829s][info][gc,phases      ] GC(1155) Compaction Phase 167.410ms
[328.842s][info][gc,phases,start] GC(1155) Post Compact
[328.844s][info][gc,phases      ] GC(1155) Post Compact 2.485ms
[328.844s][info][gc,heap        ] GC(1155) PSYoungGen: 192000K(254976K)->0K(251904K) Eden: 176128K(176128K)->0K(179200K) From: 15872K(78848K)->0K(72704K)
[328.844s][info][gc,heap        ] GC(1155) ParOldGen: 663850K(667648K)->503622K(667648K)
[328.844s][info][gc,metaspace   ] GC(1155) Metaspace: 18873K(19072K)->18873K(19072K) NonClass: 16213K(16320K)->16213K(16320K) Class: 2660K(2752K)->2660K(2752K)
[328.844s][info][gc             ] GC(1155) Pause Full (Allocation Failure) 835M->491M(898M) 954.240ms
[328.844s][info][gc,cpu         ] GC(1155) User=1.79s Sys=0.01s Real=0.96s
[329.021s][info][gc,start       ] GC(1156) Pause Young (Allocation Failure)
[329.041s][info][gc,heap        ] GC(1156) PSYoungGen: 179200K(251904K)->16224K(254976K) Eden: 179200K(179200K)->0K(179200K) From: 0K(72704K)->16224K(75776K)
[329.041s][info][gc,heap        ] GC(1156) ParOldGen: 503622K(667648K)->503622K(667648K)
[329.041s][info][gc,metaspace   ] GC(1156) Metaspace: 18873K(19072K)->18873K(19072K) NonClass: 16213K(16320K)->16213K(16320K) Class: 2660K(2752K)->2660K(2752K)
[329.041s][info][gc             ] GC(1156) Pause Young (Allocation Failure) 666M->507M(901M) 20.178ms
[329.041s][info][gc,cpu         ] GC(1156) User=0.04s Sys=0.00s Real=0.02s
[329.224s][info][gc,start       ] GC(1157) Pause Young (Allocation Failure)
[329.247s][info][gc,heap        ] GC(1157) PSYoungGen: 195424K(254976K)->1824K(257024K) Eden: 179200K(179200K)->0K(185344K) From: 16224K(75776K)->1824K(71680K)
[329.247s][info][gc,heap        ] GC(1157) ParOldGen: 503622K(667648K)->519878K(667648K)
[329.247s][info][gc,metaspace   ] GC(1157) Metaspace: 18873K(19072K)->18873K(19072K) NonClass: 16213K(16320K)->16213K(16320K) Class: 2660K(2752K)->2660K(2752K)
[329.247s][info][gc             ] GC(1157) Pause Young (Allocation Failure) 682M->509M(903M) 22.914ms
[329.247s][info][gc,cpu         ] GC(1157) User=0.04s Sys=0.00s Real=0.02s
[329.478s][info][gc,start       ] GC(1158) Pause Young (Allocation Failure)
[329.495s][info][gc,heap        ] GC(1158) PSYoungGen: 187168K(257024K)->13952K(257536K) Eden: 185344K(185344K)->0K(185344K) From: 1824K(71680K)->13952K(72192K)
[329.495s][info][gc,heap        ] GC(1158) ParOldGen: 519878K(667648K)->519878K(667648K)
[329.495s][info][gc,metaspace   ] GC(1158) Metaspace: 18873K(19072K)->18873K(19072K) NonClass: 16213K(16320K)->16213K(16320K) Class: 2660K(2752K)->2660K(2752K)
[329.495s][info][gc             ] GC(1158) Pause Young (Allocation Failure) 690M->521M(903M) 16.208ms
[329.495s][info][gc,cpu         ] GC(1158) User=0.04s Sys=0.00s Real=0.02s
[329.874s][info][gc,start       ] GC(1159) Pause Young (Allocation Failure)
[329.907s][info][gc,heap        ] GC(1159) PSYoungGen: 199296K(257536K)->31280K(260096K) Eden: 185344K(185344K)->0K(191488K) From: 13952K(72192K)->31280K(68608K)
[329.907s][info][gc,heap        ] GC(1159) ParOldGen: 519878K(667648K)->519878K(667648K)
[329.907s][info][gc,metaspace   ] GC(1159) Metaspace: 18873K(19072K)->18873K(19072K) NonClass: 16213K(16320K)->16213K(16320K) Class: 2660K(2752K)->2660K(2752K)
[329.907s][info][gc             ] GC(1159) Pause Young (Allocation Failure) 702M->538M(906M) 33.238ms
[329.907s][info][gc,cpu         ] GC(1159) User=0.06s Sys=0.00s Real=0.03s
[330.365s][info][gc,start       ] GC(1160) Pause Young (Allocation Failure)
[330.396s][info][gc,heap        ] GC(1160) PSYoungGen: 222768K(260096K)->31280K(259072K) Eden: 191488K(191488K)->0K(191488K) From: 31280K(68608K)->31280K(67584K)
[330.396s][info][gc,heap        ] GC(1160) ParOldGen: 519878K(667648K)->519878K(667648K)
[330.396s][info][gc,metaspace   ] GC(1160) Metaspace: 18873K(19072K)->18873K(19072K) NonClass: 16213K(16320K)->16213K(16320K) Class: 2660K(2752K)->2660K(2752K)
[330.396s][info][gc             ] GC(1160) Pause Young (Allocation Failure) 725M->538M(905M) 31.324ms
[330.396s][info][gc,cpu         ] GC(1160) User=0.07s Sys=0.00s Real=0.03s
[330.812s][info][gc,start       ] GC(1161) Pause Young (Allocation Failure)
[330.852s][info][gc,heap        ] GC(1161) PSYoungGen: 222768K(259072K)->31600K(264704K) Eden: 191488K(191488K)->0K(199168K) From: 31280K(67584K)->31600K(65536K)
[330.852s][info][gc,heap        ] GC(1161) ParOldGen: 519878K(667648K)->519878K(667648K)
[330.852s][info][gc,metaspace   ] GC(1161) Metaspace: 18873K(19072K)->18873K(19072K) NonClass: 16213K(16320K)->16213K(16320K) Class: 2660K(2752K)->2660K(2752K)
[330.852s][info][gc             ] GC(1161) Pause Young (Allocation Failure) 725M->538M(910M) 40.356ms
[330.852s][info][gc,cpu         ] GC(1161) User=0.08s Sys=0.00s Real=0.04s
[331.062s][info][gc,start       ] GC(1162) Pause Young (Allocation Failure)
[331.131s][info][gc,heap        ] GC(1162) PSYoungGen: 230768K(264704K)->64480K(263680K) Eden: 199168K(199168K)->0K(199168K) From: 31600K(65536K)->64480K(64512K)
[331.131s][info][gc,heap        ] GC(1162) ParOldGen: 519878K(667648K)->539142K(667648K)
[331.131s][info][gc,metaspace   ] GC(1162) Metaspace: 18873K(19072K)->18873K(19072K) NonClass: 16213K(16320K)->16213K(16320K) Class: 2660K(2752K)->2660K(2752K)
[331.131s][info][gc             ] GC(1162) Pause Young (Allocation Failure) 733M->589M(909M) 69.023ms
[331.131s][info][gc,cpu         ] GC(1162) User=0.14s Sys=0.00s Real=0.07s
[331.384s][info][gc,start       ] GC(1163) Pause Young (Allocation Failure)
[331.462s][info][gc,heap        ] GC(1163) PSYoungGen: 263648K(263680K)->70112K(206336K) Eden: 199168K(199168K)->0K(136192K) From: 64480K(64512K)->70112K(70144K)
[331.462s][info][gc,heap        ] GC(1163) ParOldGen: 539142K(667648K)->557606K(667648K)
[331.462s][info][gc,metaspace   ] GC(1163) Metaspace: 18873K(19072K)->18873K(19072K) NonClass: 16213K(16320K)->16213K(16320K) Class: 2660K(2752K)->2660K(2752K)
[331.462s][info][gc             ] GC(1163) Pause Young (Allocation Failure) 783M->613M(853M) 77.941ms
[331.462s][info][gc,cpu         ] GC(1163) User=0.15s Sys=0.01s Real=0.07s
[331.658s][info][gc,start       ] GC(1164) Pause Young (Allocation Failure)
[331.756s][info][gc,heap        ] GC(1164) PSYoungGen: 206304K(206336K)->85264K(221696K) Eden: 136192K(136192K)->0K(136192K) From: 70112K(70144K)->85264K(85504K)
[331.756s][info][gc,heap        ] GC(1164) ParOldGen: 557606K(667648K)->575007K(667648K)
[331.756s][info][gc,metaspace   ] GC(1164) Metaspace: 18873K(19072K)->18873K(19072K) NonClass: 16213K(16320K)->16213K(16320K) Class: 2660K(2752K)->2660K(2752K)
[331.756s][info][gc             ] GC(1164) Pause Young (Allocation Failure) 746M->644M(868M) 97.660ms
[331.756s][info][gc,cpu         ] GC(1164) User=0.19s Sys=0.00s Real=0.10s
[331.935s][info][gc,start       ] GC(1165) Pause Young (Allocation Failure)
[332.039s][info][gc,heap        ] GC(1165) PSYoungGen: 221456K(221696K)->76800K(222208K) Eden: 136192K(136192K)->0K(111616K) From: 85264K(85504K)->76800K(110592K)
[332.039s][info][gc,heap        ] GC(1165) ParOldGen: 575007K(667648K)->604400K(667648K)
[332.039s][info][gc,metaspace   ] GC(1165) Metaspace: 18873K(19072K)->18873K(19072K) NonClass: 16213K(16320K)->16213K(16320K) Class: 2660K(2752K)->2660K(2752K)
[332.040s][info][gc             ] GC(1165) Pause Young (Allocation Failure) 777M->665M(869M) 104.168ms
[332.040s][info][gc,cpu         ] GC(1165) User=0.21s Sys=0.00s Real=0.10s
[332.124s][info][gc,start       ] GC(1166) Pause Young (Allocation Failure)
[332.211s][info][gc,heap        ] GC(1166) PSYoungGen: 188416K(222208K)->24576K(222720K) Eden: 111616K(111616K)->0K(111616K) From: 76800K(110592K)->24576K(111104K)
[332.211s][info][gc,heap        ] GC(1166) ParOldGen: 604400K(667648K)->660864K(667648K)
[332.211s][info][gc,metaspace   ] GC(1166) Metaspace: 18873K(19072K)->18873K(19072K) NonClass: 16213K(16320K)->16213K(16320K) Class: 2660K(2752K)->2660K(2752K)
[332.211s][info][gc             ] GC(1166) Pause Young (Allocation Failure) 774M->669M(869M) 87.234ms
[332.211s][info][gc,cpu         ] GC(1166) User=0.17s Sys=0.00s Real=0.08s
[332.335s][info][gc,start       ] GC(1167) Pause Full (Allocation Failure)
[332.335s][info][gc,phases,start] GC(1167) Marking Phase
[332.803s][info][gc,phases      ] GC(1167) Marking Phase 467.685ms
[332.803s][info][gc,phases,start] GC(1167) Summary Phase
[332.803s][info][gc,phases      ] GC(1167) Summary Phase 0.026ms
[332.803s][info][gc,phases,start] GC(1167) Forward
[332.910s][info][gc,phases      ] GC(1167) Forward 106.686ms
[332.910s][info][gc,phases,start] GC(1167) Adjust Pointers
[333.261s][info][gc,phases      ] GC(1167) Adjust Pointers 351.436ms
[333.261s][info][gc,phases,start] GC(1167) Compaction Phase
[333.458s][info][gc,phases      ] GC(1167) Compaction Phase 197.339ms
[333.468s][info][gc,phases,start] GC(1167) Post Compact
[333.470s][info][gc,phases      ] GC(1167) Post Compact 2.285ms
[333.470s][info][gc,heap        ] GC(1167) PSYoungGen: 136192K(222720K)->0K(222720K) Eden: 111616K(111616K)->0K(111616K) From: 24576K(111104K)->0K(111104K)
[333.470s][info][gc,heap        ] GC(1167) ParOldGen: 660864K(667648K)->665218K(667648K)
[333.470s][info][gc,metaspace   ] GC(1167) Metaspace: 18873K(19072K)->18873K(19072K) NonClass: 16213K(16320K)->16213K(16320K) Class: 2660K(2752K)->2660K(2752K)
[333.470s][info][gc             ] GC(1167) Pause Full (Allocation Failure) 778M->649M(869M) 1135.252ms
[333.470s][info][gc,cpu         ] GC(1167) User=2.23s Sys=0.00s Real=1.13s
[333.590s][info][gc,start       ] GC(1168) Pause Full (Allocation Failure)
[333.590s][info][gc,phases,start] GC(1168) Marking Phase
[334.073s][info][gc,phases      ] GC(1168) Marking Phase 482.987ms
[334.073s][info][gc,phases,start] GC(1168) Summary Phase
[334.073s][info][gc,phases      ] GC(1168) Summary Phase 0.028ms
[334.073s][info][gc,phases,start] GC(1168) Forward
[334.180s][info][gc,phases      ] GC(1168) Forward 106.995ms
[334.180s][info][gc,phases,start] GC(1168) Adjust Pointers
[334.532s][info][gc,phases      ] GC(1168) Adjust Pointers 351.787ms
[334.532s][info][gc,phases,start] GC(1168) Compaction Phase
[334.756s][info][gc,phases      ] GC(1168) Compaction Phase 223.514ms
[334.766s][info][gc,phases,start] GC(1168) Post Compact
[334.769s][info][metaspace      ] ChkMgr @0x00007fa48003f1b0 (non-class-space): : reclaiming memory...
[334.769s][info][metaspace      ] ChkMgr @0x00007fa48003f1b0 (non-class-space): nothing reclaimed.
[334.769s][info][metaspace      ] ChkMgr @0x00007fa48003efc0 (class-space): : reclaiming memory...
[334.769s][info][metaspace      ] ChkMgr @0x00007fa48003efc0 (class-space): nothing reclaimed.
[334.769s][info][gc,phases      ] GC(1168) Post Compact 2.308ms
[334.769s][info][gc,heap        ] GC(1168) PSYoungGen: 111616K(222720K)->1153K(222720K) Eden: 111616K(111616K)->1153K(111616K) From: 0K(111104K)->0K(111104K)
[334.769s][info][gc,heap        ] GC(1168) ParOldGen: 665218K(667648K)->667636K(667648K)
[334.769s][info][gc,metaspace   ] GC(1168) Metaspace: 18873K(19072K)->18851K(19072K) NonClass: 16213K(16320K)->16190K(16320K) Class: 2660K(2752K)->2660K(2752K)
[334.769s][info][gc             ] GC(1168) Pause Full (Allocation Failure) 758M->653M(869M) 1178.895ms
[334.769s][info][gc,cpu         ] GC(1168) User=2.31s Sys=0.00s Real=1.18s
[334.919s][info][gc,start       ] GC(1169) Pause Full (Allocation Failure)
[334.919s][info][gc,phases,start] GC(1169) Marking Phase
[335.403s][info][gc,phases      ] GC(1169) Marking Phase 483.662ms
[335.403s][info][gc,phases,start] GC(1169) Summary Phase
[335.403s][info][gc,phases      ] GC(1169) Summary Phase 0.025ms
[335.403s][info][gc,phases,start] GC(1169) Forward
[335.555s][info][gc,phases      ] GC(1169) Forward 151.860ms
[335.555s][info][gc,phases,start] GC(1169) Adjust Pointers
[335.933s][info][gc,phases      ] GC(1169) Adjust Pointers 378.589ms
[335.933s][info][gc,phases,start] GC(1169) Compaction Phase
[336.220s][info][gc,phases      ] GC(1169) Compaction Phase 286.852ms
[336.232s][info][gc,phases,start] GC(1169) Post Compact
[336.234s][info][gc,phases      ] GC(1169) Post Compact 2.259ms
[336.234s][info][gc,heap        ] GC(1169) PSYoungGen: 111616K(222720K)->0K(222720K) Eden: 111616K(111616K)->0K(111616K) From: 0K(111104K)->0K(111104K)
[336.234s][info][gc,heap        ] GC(1169) ParOldGen: 667636K(667648K)->644707K(667648K)
[336.234s][info][gc,metaspace   ] GC(1169) Metaspace: 18851K(19072K)->18851K(19072K) NonClass: 16190K(16320K)->16190K(16320K) Class: 2660K(2752K)->2660K(2752K)
[336.234s][info][gc             ] GC(1169) Pause Full (Allocation Failure) 760M->629M(869M) 1315.537ms
[336.234s][info][gc,cpu         ] GC(1169) User=2.57s Sys=0.01s Real=1.32s
[336.411s][info][gc,start       ] GC(1170) Pause Full (Allocation Failure)
[336.411s][info][gc,phases,start] GC(1170) Marking Phase
[336.800s][info][gc,phases      ] GC(1170) Marking Phase 388.296ms
[336.800s][info][gc,phases,start] GC(1170) Summary Phase
[336.800s][info][gc,phases      ] GC(1170) Summary Phase 0.026ms
[336.800s][info][gc,phases,start] GC(1170) Forward
[336.936s][info][gc,phases      ] GC(1170) Forward 136.058ms
[336.936s][info][gc,phases,start] GC(1170) Adjust Pointers
[337.227s][info][gc,phases      ] GC(1170) Adjust Pointers 291.634ms
[337.228s][info][gc,phases,start] GC(1170) Compaction Phase
[337.390s][info][gc,phases      ] GC(1170) Compaction Phase 162.015ms
[337.401s][info][gc,phases,start] GC(1170) Post Compact
[337.404s][info][gc,phases      ] GC(1170) Post Compact 2.209ms
[337.404s][info][gc,heap        ] GC(1170) PSYoungGen: 111616K(222720K)->0K(222720K) Eden: 111616K(111616K)->0K(111616K) From: 0K(111104K)->0K(111104K)
[337.404s][info][gc,heap        ] GC(1170) ParOldGen: 644707K(667648K)->541134K(667648K)
[337.404s][info][gc,metaspace   ] GC(1170) Metaspace: 18851K(19072K)->18851K(19072K) NonClass: 16190K(16320K)->16190K(16320K) Class: 2660K(2752K)->2660K(2752K)
[337.404s][info][gc             ] GC(1170) Pause Full (Allocation Failure) 738M->528M(869M) 992.414ms
[337.404s][info][gc,cpu         ] GC(1170) User=1.89s Sys=0.00s Real=1.00s
[337.652s][info][gc,start       ] GC(1171) Pause Young (Allocation Failure)
[337.661s][info][gc,heap        ] GC(1171) PSYoungGen: 111616K(222720K)->4475K(222720K) Eden: 111616K(111616K)->0K(111616K) From: 0K(111104K)->4475K(111104K)
[337.661s][info][gc,heap        ] GC(1171) ParOldGen: 541134K(667648K)->541134K(667648K)
[337.661s][info][gc,metaspace   ] GC(1171) Metaspace: 18852K(19072K)->18852K(19072K) NonClass: 16192K(16320K)->16192K(16320K) Class: 2660K(2752K)->2660K(2752K)
[337.661s][info][gc             ] GC(1171) Pause Young (Allocation Failure) 637M->532M(869M) 8.841ms
[337.661s][info][gc,cpu         ] GC(1171) User=0.02s Sys=0.00s Real=0.01s
[337.846s][info][gc,start       ] GC(1172) Pause Young (Allocation Failure)
[337.861s][info][gc,heap        ] GC(1172) PSYoungGen: 116091K(222720K)->10144K(121856K) Eden: 111616K(111616K)->0K(111616K) From: 4475K(111104K)->10144K(10240K)
[337.861s][info][gc,heap        ] GC(1172) ParOldGen: 541134K(667648K)->545594K(667648K)
[337.861s][info][gc,metaspace   ] GC(1172) Metaspace: 18854K(19072K)->18854K(19072K) NonClass: 16194K(16320K)->16194K(16320K) Class: 2660K(2752K)->2660K(2752K)
[337.861s][info][gc             ] GC(1172) Pause Young (Allocation Failure) 641M->542M(771M) 14.806ms
[337.861s][info][gc,cpu         ] GC(1172) User=0.03s Sys=0.00s Real=0.01s
[338.000s][info][gc,start       ] GC(1173) Pause Young (Allocation Failure)
[338.006s][info][gc,heap        ] GC(1173) PSYoungGen: 121760K(121856K)->5024K(223744K) Eden: 111616K(111616K)->0K(113664K) From: 10144K(10240K)->5024K(110080K)
[338.006s][info][gc,heap        ] GC(1173) ParOldGen: 545594K(667648K)->545594K(667648K)
[338.006s][info][gc,metaspace   ] GC(1173) Metaspace: 18859K(19072K)->18859K(19072K) NonClass: 16198K(16320K)->16198K(16320K) Class: 2660K(2752K)->2660K(2752K)
[338.006s][info][gc             ] GC(1173) Pause Young (Allocation Failure) 651M->537M(870M) 6.332ms
[338.006s][info][gc,cpu         ] GC(1173) User=0.01s Sys=0.00s Real=0.01s
[338.142s][info][gc,start       ] GC(1174) Pause Young (Allocation Failure)
[338.164s][info][gc,heap        ] GC(1174) PSYoungGen: 118688K(223744K)->24560K(138240K) Eden: 113664K(113664K)->0K(113664K) From: 5024K(110080K)->24560K(24576K)
[338.164s][info][gc,heap        ] GC(1174) ParOldGen: 545594K(667648K)->545594K(667648K)
[338.164s][info][gc,metaspace   ] GC(1174) Metaspace: 18859K(19072K)->18859K(19072K) NonClass: 16198K(16320K)->16198K(16320K) Class: 2660K(2752K)->2660K(2752K)
[338.164s][info][gc             ] GC(1174) Pause Young (Allocation Failure) 648M->556M(787M) 21.617ms
[338.164s][info][gc,cpu         ] GC(1174) User=0.04s Sys=0.00s Real=0.03s
[338.290s][info][gc,start       ] GC(1175) Pause Young (Allocation Failure)
[338.322s][info][gc,heap        ] GC(1175) PSYoungGen: 138224K(138240K)->33424K(211456K) Eden: 113664K(113664K)->0K(118784K) From: 24560K(24576K)->33424K(92672K)
[338.322s][info][gc,heap        ] GC(1175) ParOldGen: 545594K(667648K)->545594K(667648K)
[338.322s][info][gc,metaspace   ] GC(1175) Metaspace: 18859K(19072K)->18859K(19072K) NonClass: 16198K(16320K)->16198K(16320K) Class: 2660K(2752K)->2660K(2752K)
[338.322s][info][gc             ] GC(1175) Pause Young (Allocation Failure) 667M->565M(858M) 31.298ms
[338.322s][info][gc,cpu         ] GC(1175) User=0.06s Sys=0.00s Real=0.03s
[338.476s][info][gc,start       ] GC(1176) Pause Young (Allocation Failure)
[338.510s][info][gc,heap        ] GC(1176) PSYoungGen: 152208K(211456K)->37136K(214528K) Eden: 118784K(118784K)->0K(118784K) From: 33424K(92672K)->37136K(95744K)
[338.510s][info][gc,heap        ] GC(1176) ParOldGen: 545594K(667648K)->545594K(667648K)
[338.510s][info][gc,metaspace   ] GC(1176) Metaspace: 18859K(19072K)->18859K(19072K) NonClass: 16198K(16320K)->16198K(16320K) Class: 2660K(2752K)->2660K(2752K)
[338.510s][info][gc             ] GC(1176) Pause Young (Allocation Failure) 681M->569M(861M) 34.341ms
[338.510s][info][gc,cpu         ] GC(1176) User=0.06s Sys=0.00s Real=0.03s
[338.771s][info][gc,start       ] GC(1177) Pause Young (Allocation Failure)
[338.805s][info][gc,heap        ] GC(1177) PSYoungGen: 155920K(214528K)->37264K(206336K) Eden: 118784K(118784K)->0K(123904K) From: 37136K(95744K)->37264K(82432K)
[338.805s][info][gc,heap        ] GC(1177) ParOldGen: 545594K(667648K)->545594K(667648K)
[338.805s][info][gc,metaspace   ] GC(1177) Metaspace: 18859K(19072K)->18859K(19072K) NonClass: 16198K(16320K)->16198K(16320K) Class: 2660K(2752K)->2660K(2752K)
[338.805s][info][gc             ] GC(1177) Pause Young (Allocation Failure) 685M->569M(853M) 34.069ms
[338.805s][info][gc,cpu         ] GC(1177) User=0.07s Sys=0.00s Real=0.04s
[338.957s][info][gc,start       ] GC(1178) Pause Young (Allocation Failure)
[339.003s][info][gc,heap        ] GC(1178) PSYoungGen: 161168K(206336K)->50736K(210944K) Eden: 123904K(123904K)->0K(123904K) From: 37264K(82432K)->50736K(87040K)
[339.003s][info][gc,heap        ] GC(1178) ParOldGen: 545594K(667648K)->545594K(667648K)
[339.003s][info][gc,metaspace   ] GC(1178) Metaspace: 18859K(19072K)->18859K(19072K) NonClass: 16198K(16320K)->16198K(16320K) Class: 2660K(2752K)->2660K(2752K)
[339.004s][info][gc             ] GC(1178) Pause Young (Allocation Failure) 690M->582M(858M) 46.261ms
[339.004s][info][gc,cpu         ] GC(1178) User=0.09s Sys=0.00s Real=0.05s
[339.169s][info][gc,start       ] GC(1179) Pause Young (Allocation Failure)
[339.190s][info][gc,heap        ] GC(1179) PSYoungGen: 174640K(210944K)->24336K(209920K) Eden: 123904K(123904K)->0K(129536K) From: 50736K(87040K)->24336K(80384K)
[339.190s][info][gc,heap        ] GC(1179) ParOldGen: 545594K(667648K)->545594K(667648K)
[339.190s][info][gc,metaspace   ] GC(1179) Metaspace: 18859K(19072K)->18859K(19072K) NonClass: 16198K(16320K)->16198K(16320K) Class: 2660K(2752K)->2660K(2752K)
[339.190s][info][gc             ] GC(1179) Pause Young (Allocation Failure) 703M->556M(857M) 20.772ms
[339.190s][info][gc,cpu         ] GC(1179) User=0.04s Sys=0.00s Real=0.02s
[339.259s][info][gc,start       ] GC(1180) Pause Young (Allocation Failure)
[339.312s][info][gc,heap        ] GC(1180) PSYoungGen: 153872K(209920K)->72048K(214016K) Eden: 129536K(129536K)->0K(129536K) From: 24336K(80384K)->72048K(84480K)
[339.312s][info][gc,heap        ] GC(1180) ParOldGen: 545594K(667648K)->545594K(667648K)
[339.312s][info][gc,metaspace   ] GC(1180) Metaspace: 18859K(19072K)->18859K(19072K) NonClass: 16198K(16320K)->16198K(16320K) Class: 2660K(2752K)->2660K(2752K)
[339.312s][info][gc             ] GC(1180) Pause Young (Allocation Failure) 683M->603M(861M) 53.090ms
[339.312s][info][gc,cpu         ] GC(1180) User=0.10s Sys=0.00s Real=0.05s
[339.516s][info][gc,start       ] GC(1181) Pause Young (Allocation Failure)
[339.590s][info][gc,heap        ] GC(1181) PSYoungGen: 201584K(214016K)->89536K(213504K) Eden: 129536K(129536K)->0K(119808K) From: 72048K(84480K)->89536K(93696K)
[339.590s][info][gc,heap        ] GC(1181) ParOldGen: 545594K(667648K)->545594K(667648K)
[339.590s][info][gc,metaspace   ] GC(1181) Metaspace: 18859K(19072K)->18859K(19072K) NonClass: 16198K(16320K)->16198K(16320K) Class: 2660K(2752K)->2660K(2752K)
[339.590s][info][gc             ] GC(1181) Pause Young (Allocation Failure) 729M->620M(860M) 73.418ms
[339.590s][info][gc,cpu         ] GC(1181) User=0.12s Sys=0.01s Real=0.07s
[339.765s][info][gc,start       ] GC(1182) Pause Young (Allocation Failure)
[339.839s][info][gc,heap        ] GC(1182) PSYoungGen: 209344K(213504K)->90896K(210944K) Eden: 119808K(119808K)->0K(119808K) From: 89536K(93696K)->90896K(91136K)
[339.839s][info][gc,heap        ] GC(1182) ParOldGen: 545594K(667648K)->545594K(667648K)
[339.839s][info][gc,metaspace   ] GC(1182) Metaspace: 18859K(19072K)->18859K(19072K) NonClass: 16198K(16320K)->16198K(16320K) Class: 2660K(2752K)->2660K(2752K)
[339.839s][info][gc             ] GC(1182) Pause Young (Allocation Failure) 737M->621M(858M) 74.250ms
[339.839s][info][gc,cpu         ] GC(1182) User=0.15s Sys=0.00s Real=0.07s
[339.977s][info][gc,start       ] GC(1183) Pause Young (Allocation Failure)
[340.091s][info][gc,heap        ] GC(1183) PSYoungGen: 210704K(210944K)->111088K(222720K) Eden: 119808K(119808K)->0K(111616K) From: 90896K(91136K)->111088K(111104K)
[340.091s][info][gc,heap        ] GC(1183) ParOldGen: 545594K(667648K)->550170K(667648K)
[340.091s][info][gc,metaspace   ] GC(1183) Metaspace: 18859K(19072K)->18859K(19072K) NonClass: 16198K(16320K)->16198K(16320K) Class: 2660K(2752K)->2660K(2752K)
[340.091s][info][gc             ] GC(1183) Pause Young (Allocation Failure) 738M->645M(869M) 114.103ms
[340.092s][info][gc,cpu         ] GC(1183) User=0.22s Sys=0.01s Real=0.11s
[340.227s][info][gc,start       ] GC(1184) Pause Young (Allocation Failure)
[340.351s][info][gc,heap        ] GC(1184) PSYoungGen: 222704K(222720K)->111088K(222720K) Eden: 111616K(111616K)->0K(111616K) From: 111088K(111104K)->111088K(111104K)
[340.351s][info][gc,heap        ] GC(1184) ParOldGen: 550170K(667648K)->566599K(667648K)
[340.351s][info][gc,metaspace   ] GC(1184) Metaspace: 18859K(19072K)->18859K(19072K) NonClass: 16198K(16320K)->16198K(16320K) Class: 2660K(2752K)->2660K(2752K)
[340.351s][info][gc             ] GC(1184) Pause Young (Allocation Failure) 754M->661M(869M) 123.708ms
[340.351s][info][gc,cpu         ] GC(1184) User=0.25s Sys=0.00s Real=0.12s
[340.441s][info][gc,start       ] GC(1185) Pause Young (Allocation Failure)
[340.547s][info][gc,heap        ] GC(1185) PSYoungGen: 222704K(222720K)->111088K(222720K) Eden: 111616K(111616K)->0K(111616K) From: 111088K(111104K)->111088K(111104K)
[340.547s][info][gc,heap        ] GC(1185) ParOldGen: 566599K(667648K)->566799K(667648K)
[340.547s][info][gc,metaspace   ] GC(1185) Metaspace: 18859K(19072K)->18859K(19072K) NonClass: 16198K(16320K)->16198K(16320K) Class: 2660K(2752K)->2660K(2752K)
[340.547s][info][gc             ] GC(1185) Pause Young (Allocation Failure) 770M->661M(869M) 105.608ms
[340.547s][info][gc,cpu         ] GC(1185) User=0.21s Sys=0.00s Real=0.11s
[340.669s][info][gc,start       ] GC(1186) Pause Young (Allocation Failure)
[340.770s][info][gc,heap        ] GC(1186) PSYoungGen: 222704K(222720K)->102896K(222720K) Eden: 111616K(111616K)->0K(111616K) From: 111088K(111104K)->102896K(111104K)
[340.770s][info][gc,heap        ] GC(1186) ParOldGen: 566799K(667648K)->575799K(667648K)
[340.770s][info][gc,metaspace   ] GC(1186) Metaspace: 18859K(19072K)->18859K(19072K) NonClass: 16198K(16320K)->16198K(16320K) Class: 2660K(2752K)->2660K(2752K)
[340.770s][info][gc             ] GC(1186) Pause Young (Allocation Failure) 770M->662M(869M) 101.460ms
[340.770s][info][gc,cpu         ] GC(1186) User=0.21s Sys=0.00s Real=0.10s
[340.899s][info][gc,start       ] GC(1187) Pause Young (Allocation Failure)
[340.998s][info][gc,heap        ] GC(1187) PSYoungGen: 214512K(222720K)->41632K(222720K) Eden: 111616K(111616K)->0K(111616K) From: 102896K(111104K)->41632K(111104K)
[340.998s][info][gc,heap        ] GC(1187) ParOldGen: 575799K(667648K)->641703K(667648K)
[340.998s][info][gc,metaspace   ] GC(1187) Metaspace: 18859K(19072K)->18859K(19072K) NonClass: 16198K(16320K)->16198K(16320K) Class: 2660K(2752K)->2660K(2752K)
[340.998s][info][gc             ] GC(1187) Pause Young (Allocation Failure) 771M->667M(869M) 99.674ms
[340.998s][info][gc,cpu         ] GC(1187) User=0.20s Sys=0.00s Real=0.10s
[341.191s][info][gc,start       ] GC(1188) Pause Full (Allocation Failure)
[341.191s][info][gc,phases,start] GC(1188) Marking Phase
[341.445s][info][gc,phases      ] GC(1188) Marking Phase 254.366ms
[341.445s][info][gc,phases,start] GC(1188) Summary Phase
[341.445s][info][gc,phases      ] GC(1188) Summary Phase 0.025ms
[341.445s][info][gc,phases,start] GC(1188) Forward
[341.566s][info][gc,phases      ] GC(1188) Forward 120.445ms
[341.566s][info][gc,phases,start] GC(1188) Adjust Pointers
[341.763s][info][gc,phases      ] GC(1188) Adjust Pointers 196.983ms
[341.763s][info][gc,phases,start] GC(1188) Compaction Phase
[341.876s][info][gc,phases      ] GC(1188) Compaction Phase 113.577ms
[341.888s][info][gc,phases,start] GC(1188) Post Compact
[341.891s][info][gc,phases      ] GC(1188) Post Compact 2.290ms
[341.891s][info][gc,heap        ] GC(1188) PSYoungGen: 153248K(222720K)->0K(222720K) Eden: 111616K(111616K)->0K(111616K) From: 41632K(111104K)->0K(111104K)
[341.891s][info][gc,heap        ] GC(1188) ParOldGen: 641703K(667648K)->362326K(664576K)
[341.891s][info][gc,metaspace   ] GC(1188) Metaspace: 18859K(19072K)->18859K(19072K) NonClass: 16198K(16320K)->16198K(16320K) Class: 2660K(2752K)->2660K(2752K)
[341.891s][info][gc             ] GC(1188) Pause Full (Allocation Failure) 776M->353M(866M) 700.468ms
[341.891s][info][gc,cpu         ] GC(1188) User=1.25s Sys=0.00s Real=0.70s
[342.021s][info][gc,start       ] GC(1189) Pause Young (Allocation Failure)
[342.041s][info][gc,heap        ] GC(1189) PSYoungGen: 111616K(222720K)->17312K(222720K) Eden: 111616K(111616K)->0K(111616K) From: 0K(111104K)->17312K(111104K)
[342.041s][info][gc,heap        ] GC(1189) ParOldGen: 362326K(664576K)->362326K(664576K)
[342.041s][info][gc,metaspace   ] GC(1189) Metaspace: 18859K(19072K)->18859K(19072K) NonClass: 16198K(16320K)->16198K(16320K) Class: 2660K(2752K)->2660K(2752K)
[342.041s][info][gc             ] GC(1189) Pause Young (Allocation Failure) 462M->370M(866M) 20.062ms
[342.041s][info][gc,cpu         ] GC(1189) User=0.04s Sys=0.00s Real=0.02s
[342.196s][info][gc,start       ] GC(1190) Pause Young (Allocation Failure)
[342.234s][info][gc,heap        ] GC(1190) PSYoungGen: 128928K(222720K)->47024K(222720K) Eden: 111616K(111616K)->0K(111616K) From: 17312K(111104K)->47024K(111104K)
[342.234s][info][gc,heap        ] GC(1190) ParOldGen: 362326K(664576K)->362326K(664576K)
[342.234s][info][gc,metaspace   ] GC(1190) Metaspace: 18859K(19072K)->18859K(19072K) NonClass: 16198K(16320K)->16198K(16320K) Class: 2660K(2752K)->2660K(2752K)
[342.234s][info][gc             ] GC(1190) Pause Young (Allocation Failure) 479M->399M(866M) 38.377ms
[342.234s][info][gc,cpu         ] GC(1190) User=0.07s Sys=0.00s Real=0.04s
[342.407s][info][gc,start       ] GC(1191) Pause Young (Allocation Failure)
[342.452s][info][gc,heap        ] GC(1191) PSYoungGen: 158640K(222720K)->59168K(222720K) Eden: 111616K(111616K)->0K(111616K) From: 47024K(111104K)->59168K(111104K)
[342.452s][info][gc,heap        ] GC(1191) ParOldGen: 362326K(664576K)->362326K(664576K)
[342.452s][info][gc,metaspace   ] GC(1191) Metaspace: 18859K(19072K)->18859K(19072K) NonClass: 16198K(16320K)->16198K(16320K) Class: 2660K(2752K)->2660K(2752K)
[342.453s][info][gc             ] GC(1191) Pause Young (Allocation Failure) 508M->411M(866M) 45.455ms
[342.453s][info][gc,cpu         ] GC(1191) User=0.09s Sys=0.00s Real=0.04s
[342.620s][info][gc,start       ] GC(1192) Pause Young (Allocation Failure)
[342.680s][info][gc,heap        ] GC(1192) PSYoungGen: 170784K(222720K)->21312K(222720K) Eden: 111616K(111616K)->0K(111616K) From: 59168K(111104K)->21312K(111104K)
[342.680s][info][gc,heap        ] GC(1192) ParOldGen: 362326K(664576K)->409711K(664576K)
[342.680s][info][gc,metaspace   ] GC(1192) Metaspace: 18859K(19072K)->18859K(19072K) NonClass: 16198K(16320K)->16198K(16320K) Class: 2660K(2752K)->2660K(2752K)
[342.680s][info][gc             ] GC(1192) Pause Young (Allocation Failure) 520M->420M(866M) 59.861ms
[342.680s][info][gc,cpu         ] GC(1192) User=0.12s Sys=0.00s Real=0.06s
[342.848s][info][gc,start       ] GC(1193) Pause Young (Allocation Failure)
[342.883s][info][gc,heap        ] GC(1193) PSYoungGen: 132928K(222720K)->8640K(222720K) Eden: 111616K(111616K)->0K(111616K) From: 21312K(111104K)->8640K(111104K)
[342.883s][info][gc,heap        ] GC(1193) ParOldGen: 409711K(664576K)->431079K(664576K)
[342.883s][info][gc,metaspace   ] GC(1193) Metaspace: 18859K(19072K)->18859K(19072K) NonClass: 16198K(16320K)->16198K(16320K) Class: 2660K(2752K)->2660K(2752K)
[342.883s][info][gc             ] GC(1193) Pause Young (Allocation Failure) 529M->429M(866M) 34.688ms
[342.883s][info][gc,cpu         ] GC(1193) User=0.07s Sys=0.00s Real=0.03s
[342.999s][info][gc,start       ] GC(1194) Pause Young (Allocation Failure)
[343.022s][info][gc,heap        ] GC(1194) PSYoungGen: 120256K(222720K)->12192K(222720K) Eden: 111616K(111616K)->0K(111616K) From: 8640K(111104K)->12192K(111104K)
[343.022s][info][gc,heap        ] GC(1194) ParOldGen: 431079K(664576K)->439727K(664576K)
[343.022s][info][gc,metaspace   ] GC(1194) Metaspace: 18859K(19072K)->18859K(19072K) NonClass: 16198K(16320K)->16198K(16320K) Class: 2660K(2752K)->2660K(2752K)
[343.022s][info][gc             ] GC(1194) Pause Young (Allocation Failure) 538M->441M(866M) 22.585ms
[343.022s][info][gc,cpu         ] GC(1194) User=0.05s Sys=0.00s Real=0.02s
[343.144s][info][gc,start       ] GC(1195) Pause Young (Allocation Failure)
[343.162s][info][gc,heap        ] GC(1195) PSYoungGen: 123808K(222720K)->2880K(222720K) Eden: 111616K(111616K)->0K(111616K) From: 12192K(111104K)->2880K(111104K)
[343.162s][info][gc,heap        ] GC(1195) ParOldGen: 439727K(664576K)->451943K(664576K)
[343.162s][info][gc,metaspace   ] GC(1195) Metaspace: 18859K(19072K)->18859K(19072K) NonClass: 16198K(16320K)->16198K(16320K) Class: 2660K(2752K)->2660K(2752K)
[343.162s][info][gc             ] GC(1195) Pause Young (Allocation Failure) 550M->444M(866M) 17.863ms
[343.162s][info][gc,cpu         ] GC(1195) User=0.03s Sys=0.00s Real=0.01s
[343.297s][info][gc,start       ] GC(1196) Pause Young (Allocation Failure)
[343.311s][info][gc,heap        ] GC(1196) PSYoungGen: 114496K(222720K)->9760K(222720K) Eden: 111616K(111616K)->0K(111616K) From: 2880K(111104K)->9760K(111104K)
[343.311s][info][gc,heap        ] GC(1196) ParOldGen: 451943K(664576K)->454815K(664576K)
[343.311s][info][gc,metaspace   ] GC(1196) Metaspace: 18859K(19072K)->18859K(19072K) NonClass: 16198K(16320K)->16198K(16320K) Class: 2660K(2752K)->2660K(2752K)
[343.311s][info][gc             ] GC(1196) Pause Young (Allocation Failure) 553M->453M(866M) 14.079ms
[343.311s][info][gc,cpu         ] GC(1196) User=0.03s Sys=0.00s Real=0.01s
[343.568s][info][gc,start       ] GC(1197) Pause Young (Allocation Failure)
[343.585s][info][gc,heap        ] GC(1197) PSYoungGen: 121376K(222720K)->4864K(222720K) Eden: 111616K(111616K)->0K(111616K) From: 9760K(111104K)->4864K(111104K)
[343.585s][info][gc,heap        ] GC(1197) ParOldGen: 454815K(664576K)->464590K(664576K)
[343.585s][info][gc,metaspace   ] GC(1197) Metaspace: 18859K(19072K)->18859K(19072K) NonClass: 16198K(16320K)->16198K(16320K) Class: 2660K(2752K)->2660K(2752K)
[343.585s][info][gc             ] GC(1197) Pause Young (Allocation Failure) 562M->458M(866M) 16.757ms
[343.585s][info][gc,cpu         ] GC(1197) User=0.03s Sys=0.00s Real=0.02s
[343.866s][info][gc,start       ] GC(1198) Pause Young (Allocation Failure)
[343.873s][info][gc,heap        ] GC(1198) PSYoungGen: 116480K(222720K)->64K(222720K) Eden: 111616K(111616K)->0K(111616K) From: 4864K(111104K)->64K(111104K)
[343.873s][info][gc,heap        ] GC(1198) ParOldGen: 464590K(664576K)->469377K(664576K)
[343.873s][info][gc,metaspace   ] GC(1198) Metaspace: 18859K(19072K)->18859K(19072K) NonClass: 16198K(16320K)->16198K(16320K) Class: 2660K(2752K)->2660K(2752K)
[343.873s][info][gc             ] GC(1198) Pause Young (Allocation Failure) 567M->458M(866M) 6.823ms
[343.873s][info][gc,cpu         ] GC(1198) User=0.01s Sys=0.00s Real=0.00s
[344.152s][info][gc,start       ] GC(1199) Pause Young (Allocation Failure)
[344.154s][info][gc,heap        ] GC(1199) PSYoungGen: 111680K(222720K)->64K(222720K) Eden: 111616K(111616K)->0K(111616K) From: 64K(111104K)->64K(111104K)
[344.154s][info][gc,heap        ] GC(1199) ParOldGen: 469377K(664576K)->469412K(664576K)
[344.154s][info][gc,metaspace   ] GC(1199) Metaspace: 18859K(19072K)->18859K(19072K) NonClass: 16198K(16320K)->16198K(16320K) Class: 2660K(2752K)->2660K(2752K)
[344.154s][info][gc             ] GC(1199) Pause Young (Allocation Failure) 567M->458M(866M) 1.713ms
[344.154s][info][gc,cpu         ] GC(1199) User=0.00s Sys=0.00s Real=0.01s
[344.431s][info][gc,start       ] GC(1200) Pause Young (Allocation Failure)
[344.438s][info][gc,heap        ] GC(1200) PSYoungGen: 111680K(222720K)->64K(222720K) Eden: 111616K(111616K)->0K(111616K) From: 64K(111104K)->64K(111104K)
[344.438s][info][gc,heap        ] GC(1200) ParOldGen: 469412K(664576K)->469428K(664576K)
[344.438s][info][gc,metaspace   ] GC(1200) Metaspace: 18859K(19072K)->18859K(19072K) NonClass: 16198K(16320K)->16198K(16320K) Class: 2660K(2752K)->2660K(2752K)
[344.438s][info][gc             ] GC(1200) Pause Young (Allocation Failure) 567M->458M(866M) 6.688ms
[344.438s][info][gc,cpu         ] GC(1200) User=0.02s Sys=0.00s Real=0.01s
[344.615s][info][gc,start       ] GC(1201) Pause Young (Allocation Failure)
[344.627s][info][gc,heap        ] GC(1201) PSYoungGen: 111680K(222720K)->15952K(222720K) Eden: 111616K(111616K)->0K(111616K) From: 64K(111104K)->15952K(111104K)
[344.627s][info][gc,heap        ] GC(1201) ParOldGen: 469428K(664576K)->469444K(664576K)
[344.627s][info][gc,metaspace   ] GC(1201) Metaspace: 18859K(19072K)->18859K(19072K) NonClass: 16199K(16320K)->16199K(16320K) Class: 2660K(2752K)->2660K(2752K)
[344.627s][info][gc             ] GC(1201) Pause Young (Allocation Failure) 567M->474M(866M) 12.356ms
[344.627s][info][gc,cpu         ] GC(1201) User=0.03s Sys=0.00s Real=0.01s
[344.690s][info][gc,start       ] GC(1202) Pause Young (Allocation Failure)
[344.729s][info][gc,heap        ] GC(1202) PSYoungGen: 127568K(222720K)->40544K(152576K) Eden: 111616K(111616K)->0K(111616K) From: 15952K(111104K)->40544K(40960K)
[344.729s][info][gc,heap        ] GC(1202) ParOldGen: 469444K(664576K)->485559K(664576K)
[344.729s][info][gc,metaspace   ] GC(1202) Metaspace: 18859K(19072K)->18859K(19072K) NonClass: 16199K(16320K)->16199K(16320K) Class: 2660K(2752K)->2660K(2752K)
[344.730s][info][gc             ] GC(1202) Pause Young (Allocation Failure) 583M->513M(798M) 39.457ms
[344.730s][info][gc,cpu         ] GC(1202) User=0.08s Sys=0.01s Real=0.04s
[344.897s][info][gc,start       ] GC(1203) Pause Young (Allocation Failure)
[344.933s][info][gc,heap        ] GC(1203) PSYoungGen: 152160K(152576K)->54048K(219648K) Eden: 111616K(111616K)->0K(110080K) From: 40544K(40960K)->54048K(109568K)
[344.933s][info][gc,heap        ] GC(1203) ParOldGen: 485559K(664576K)->485559K(664576K)
[344.933s][info][gc,metaspace   ] GC(1203) Metaspace: 18859K(19072K)->18859K(19072K) NonClass: 16199K(16320K)->16199K(16320K) Class: 2660K(2752K)->2660K(2752K)
[344.933s][info][gc             ] GC(1203) Pause Young (Allocation Failure) 622M->526M(863M) 35.879ms
[344.933s][info][gc,cpu         ] GC(1203) User=0.07s Sys=0.00s Real=0.03s
[345.072s][info][gc,start       ] GC(1204) Pause Young (Allocation Failure)
[345.117s][info][gc,heap        ] GC(1204) PSYoungGen: 164128K(219648K)->2016K(221184K) Eden: 110080K(110080K)->0K(110080K) From: 54048K(109568K)->2016K(111104K)
[345.117s][info][gc,heap        ] GC(1204) ParOldGen: 485559K(664576K)->540158K(664576K)
[345.117s][info][gc,metaspace   ] GC(1204) Metaspace: 18860K(19072K)->18860K(19072K) NonClass: 16200K(16320K)->16200K(16320K) Class: 2660K(2752K)->2660K(2752K)
[345.117s][info][gc             ] GC(1204) Pause Young (Allocation Failure) 634M->529M(865M) 45.102ms
[345.117s][info][gc,cpu         ] GC(1204) User=0.09s Sys=0.00s Real=0.05s
[345.307s][info][gc,start       ] GC(1205) Pause Young (Allocation Failure)
[345.345s][info][gc,heap        ] GC(1205) PSYoungGen: 112096K(221184K)->18560K(210944K) Eden: 110080K(110080K)->0K(114688K) From: 2016K(111104K)->18560K(96256K)
[345.345s][info][gc,heap        ] GC(1205) ParOldGen: 540158K(664576K)->540158K(664576K)
[345.345s][info][gc,metaspace   ] GC(1205) Metaspace: 18860K(19072K)->18860K(19072K) NonClass: 16200K(16320K)->16200K(16320K) Class: 2660K(2752K)->2660K(2752K)
[345.345s][info][gc             ] GC(1205) Pause Young (Allocation Failure) 636M->545M(855M) 38.488ms
[345.345s][info][gc,cpu         ] GC(1205) User=0.07s Sys=0.00s Real=0.04s
[345.521s][info][gc,start       ] GC(1206) Pause Young (Allocation Failure)
[345.553s][info][gc,heap        ] GC(1206) PSYoungGen: 133248K(210944K)->19161K(216064K) Eden: 114688K(114688K)->0K(114688K) From: 18560K(96256K)->19161K(101376K)
[345.553s][info][gc,heap        ] GC(1206) ParOldGen: 540158K(664576K)->540158K(664576K)
[345.553s][info][gc,metaspace   ] GC(1206) Metaspace: 18860K(19072K)->18860K(19072K) NonClass: 16200K(16320K)->16200K(16320K) Class: 2660K(2752K)->2660K(2752K)
[345.553s][info][gc             ] GC(1206) Pause Young (Allocation Failure) 657M->546M(860M) 31.587ms
[345.553s][info][gc,cpu         ] GC(1206) User=0.06s Sys=0.00s Real=0.03s
[345.647s][info][gc,start       ] GC(1207) Pause Young (Allocation Failure)
[345.701s][info][gc,heap        ] GC(1207) PSYoungGen: 133849K(216064K)->52649K(212992K) Eden: 114688K(114688K)->0K(117760K) From: 19161K(101376K)->52649K(95232K)
[345.701s][info][gc,heap        ] GC(1207) ParOldGen: 540158K(664576K)->540158K(664576K)
[345.701s][info][gc,metaspace   ] GC(1207) Metaspace: 18860K(19072K)->18860K(19072K) NonClass: 16200K(16320K)->16200K(16320K) Class: 2660K(2752K)->2660K(2752K)
[345.701s][info][gc             ] GC(1207) Pause Young (Allocation Failure) 658M->578M(857M) 54.358ms
[345.701s][info][gc,cpu         ] GC(1207) User=0.11s Sys=0.00s Real=0.05s
[345.795s][info][gc,start       ] GC(1208) Pause Young (Allocation Failure)
[345.871s][info][gc,heap        ] GC(1208) PSYoungGen: 170409K(212992K)->87353K(216064K) Eden: 117760K(117760K)->0K(117760K) From: 52649K(95232K)->87353K(98304K)
[345.871s][info][gc,heap        ] GC(1208) ParOldGen: 540158K(664576K)->540158K(664576K)
[345.871s][info][gc,metaspace   ] GC(1208) Metaspace: 18860K(19072K)->18860K(19072K) NonClass: 16200K(16320K)->16200K(16320K) Class: 2660K(2752K)->2660K(2752K)
[345.871s][info][gc             ] GC(1208) Pause Young (Allocation Failure) 693M->612M(860M) 75.393ms
[345.871s][info][gc,cpu         ] GC(1208) User=0.15s Sys=0.00s Real=0.07s
[346.001s][info][gc,start       ] GC(1209) Pause Young (Allocation Failure)
[346.075s][info][gc,heap        ] GC(1209) PSYoungGen: 205113K(216064K)->71145K(222720K) Eden: 117760K(117760K)->0K(111616K) From: 87353K(98304K)->71145K(111104K)
[346.076s][info][gc,heap        ] GC(1209) ParOldGen: 540158K(664576K)->558726K(664576K)
[346.076s][info][gc,metaspace   ] GC(1209) Metaspace: 18860K(19072K)->18860K(19072K) NonClass: 16200K(16320K)->16200K(16320K) Class: 2660K(2752K)->2660K(2752K)
[346.076s][info][gc             ] GC(1209) Pause Young (Allocation Failure) 727M->615M(866M) 74.938ms
[346.076s][info][gc,cpu         ] GC(1209) User=0.15s Sys=0.00s Real=0.08s
[346.210s][info][gc,start       ] GC(1210) Pause Young (Allocation Failure)
[346.268s][info][gc,heap        ] GC(1210) PSYoungGen: 182761K(222720K)->44416K(222720K) Eden: 111616K(111616K)->0K(111616K) From: 71145K(111104K)->44416K(111104K)
[346.268s][info][gc,heap        ] GC(1210) ParOldGen: 558726K(664576K)->593191K(664576K)
[346.269s][info][gc,metaspace   ] GC(1210) Metaspace: 18860K(19072K)->18860K(19072K) NonClass: 16200K(16320K)->16200K(16320K) Class: 2660K(2752K)->2660K(2752K)
[346.269s][info][gc             ] GC(1210) Pause Young (Allocation Failure) 724M->622M(866M) 58.236ms
[346.269s][info][gc,cpu         ] GC(1210) User=0.11s Sys=0.00s Real=0.06s
[346.413s][info][gc,start       ] GC(1211) Pause Young (Allocation Failure)
[346.470s][info][gc,heap        ] GC(1211) PSYoungGen: 156032K(222720K)->17920K(219648K) Eden: 111616K(111616K)->0K(111616K) From: 44416K(111104K)->17920K(108032K)
[346.470s][info][gc,heap        ] GC(1211) ParOldGen: 593191K(664576K)->630615K(664576K)
[346.470s][info][gc,metaspace   ] GC(1211) Metaspace: 18860K(19072K)->18860K(19072K) NonClass: 16200K(16320K)->16200K(16320K) Class: 2660K(2752K)->2660K(2752K)
[346.470s][info][gc             ] GC(1211) Pause Young (Allocation Failure) 731M->633M(863M) 57.248ms
[346.470s][info][gc,cpu         ] GC(1211) User=0.11s Sys=0.00s Real=0.06s
[346.623s][info][gc,start       ] GC(1212) Pause Full (Allocation Failure)
[346.624s][info][gc,phases,start] GC(1212) Marking Phase
[346.949s][info][gc,phases      ] GC(1212) Marking Phase 325.933ms
[346.950s][info][gc,phases,start] GC(1212) Summary Phase
[346.950s][info][gc,phases      ] GC(1212) Summary Phase 0.024ms
[346.950s][info][gc,phases,start] GC(1212) Forward
[347.073s][info][gc,phases      ] GC(1212) Forward 123.461ms
[347.073s][info][gc,phases,start] GC(1212) Adjust Pointers
[347.338s][info][gc,phases      ] GC(1212) Adjust Pointers 264.757ms
[347.338s][info][gc,phases,start] GC(1212) Compaction Phase
[347.500s][info][gc,phases      ] GC(1212) Compaction Phase 162.141ms
[347.515s][info][gc,phases,start] GC(1212) Post Compact
[347.517s][info][gc,phases      ] GC(1212) Post Compact 2.276ms
[347.517s][info][gc,heap        ] GC(1212) PSYoungGen: 129536K(219648K)->0K(221184K) Eden: 111616K(111616K)->0K(111616K) From: 17920K(108032K)->0K(109568K)
[347.517s][info][gc,heap        ] GC(1212) ParOldGen: 630615K(664576K)->481887K(667648K)
[347.517s][info][gc,metaspace   ] GC(1212) Metaspace: 18860K(19072K)->18860K(19072K) NonClass: 16200K(16320K)->16200K(16320K) Class: 2660K(2752K)->2660K(2752K)
[347.517s][info][gc             ] GC(1212) Pause Full (Allocation Failure) 742M->470M(868M) 893.880ms
[347.517s][info][gc,cpu         ] GC(1212) User=1.67s Sys=0.01s Real=0.89s
[347.674s][info][gc,start       ] GC(1213) Pause Young (Allocation Failure)
[347.676s][info][gc,heap        ] GC(1213) PSYoungGen: 111616K(221184K)->64K(221184K) Eden: 111616K(111616K)->0K(114688K) From: 0K(109568K)->64K(106496K)
[347.676s][info][gc,heap        ] GC(1213) ParOldGen: 481887K(667648K)->481887K(667648K)
[347.676s][info][gc,metaspace   ] GC(1213) Metaspace: 18860K(19072K)->18860K(19072K) NonClass: 16200K(16320K)->16200K(16320K) Class: 2660K(2752K)->2660K(2752K)
[347.676s][info][gc             ] GC(1213) Pause Young (Allocation Failure) 579M->470M(868M) 1.732ms
[347.676s][info][gc,cpu         ] GC(1213) User=0.01s Sys=0.00s Real=0.00s
[347.835s][info][gc,start       ] GC(1214) Pause Young (Allocation Failure)
[347.836s][info][gc,heap        ] GC(1214) PSYoungGen: 114752K(221184K)->64K(222720K) Eden: 114688K(114688K)->0K(114688K) From: 64K(106496K)->64K(108032K)
[347.836s][info][gc,heap        ] GC(1214) ParOldGen: 481887K(667648K)->481887K(667648K)
[347.836s][info][gc,metaspace   ] GC(1214) Metaspace: 18860K(19072K)->18860K(19072K) NonClass: 16200K(16320K)->16200K(16320K) Class: 2660K(2752K)->2660K(2752K)
[347.836s][info][gc             ] GC(1214) Pause Young (Allocation Failure) 582M->470M(869M) 1.759ms
[347.836s][info][gc,cpu         ] GC(1214) User=0.01s Sys=0.00s Real=0.00s
[347.996s][info][gc,start       ] GC(1215) Pause Young (Allocation Failure)
[347.998s][info][gc,heap        ] GC(1215) PSYoungGen: 114752K(222720K)->64K(219648K) Eden: 114688K(114688K)->0K(119296K) From: 64K(108032K)->64K(100352K)
[347.998s][info][gc,heap        ] GC(1215) ParOldGen: 481887K(667648K)->481887K(667648K)
[347.998s][info][gc,metaspace   ] GC(1215) Metaspace: 18860K(19072K)->18860K(19072K) NonClass: 16200K(16320K)->16200K(16320K) Class: 2660K(2752K)->2660K(2752K)
[347.998s][info][gc             ] GC(1215) Pause Young (Allocation Failure) 582M->470M(866M) 1.717ms
[347.998s][info][gc,cpu         ] GC(1215) User=0.01s Sys=0.00s Real=0.00s
[348.180s][info][gc,start       ] GC(1216) Pause Young (Allocation Failure)
[348.182s][info][gc,heap        ] GC(1216) PSYoungGen: 119360K(219648K)->64K(222720K) Eden: 119296K(119296K)->0K(119296K) From: 64K(100352K)->64K(103424K)
[348.182s][info][gc,heap        ] GC(1216) ParOldGen: 481887K(667648K)->481887K(667648K)
[348.182s][info][gc,metaspace   ] GC(1216) Metaspace: 18860K(19072K)->18860K(19072K) NonClass: 16200K(16320K)->16200K(16320K) Class: 2660K(2752K)->2660K(2752K)
[348.182s][info][gc             ] GC(1216) Pause Young (Allocation Failure) 587M->470M(869M) 1.696ms
[348.182s][info][gc,cpu         ] GC(1216) User=0.00s Sys=0.00s Real=0.00s
[348.350s][info][gc,start       ] GC(1217) Pause Young (Allocation Failure)
[348.352s][info][gc,heap        ] GC(1217) PSYoungGen: 119360K(222720K)->64K(215552K) Eden: 119296K(119296K)->0K(123392K) From: 64K(103424K)->64K(92160K)
[348.352s][info][gc,heap        ] GC(1217) ParOldGen: 481887K(667648K)->481887K(667648K)
[348.352s][info][gc,metaspace   ] GC(1217) Metaspace: 18860K(19072K)->18860K(19072K) NonClass: 16200K(16320K)->16200K(16320K) Class: 2660K(2752K)->2660K(2752K)
[348.352s][info][gc             ] GC(1217) Pause Young (Allocation Failure) 587M->470M(862M) 1.708ms
[348.352s][info][gc,cpu         ] GC(1217) User=0.00s Sys=0.00s Real=0.00s
[348.478s][info][gc,start       ] GC(1218) Pause Young (Allocation Failure)
[348.501s][info][gc,heap        ] GC(1218) PSYoungGen: 123456K(215552K)->19456K(142848K) Eden: 123392K(123392K)->0K(123392K) From: 64K(92160K)->19456K(19456K)
[348.501s][info][gc,heap        ] GC(1218) ParOldGen: 481887K(667648K)->481887K(667648K)
[348.501s][info][gc,metaspace   ] GC(1218) Metaspace: 18860K(19072K)->18860K(19072K) NonClass: 16200K(16320K)->16200K(16320K) Class: 2660K(2752K)->2660K(2752K)
[348.501s][info][gc             ] GC(1218) Pause Young (Allocation Failure) 591M->489M(791M) 22.797ms
[348.501s][info][gc,cpu         ] GC(1218) User=0.04s Sys=0.00s Real=0.02s
[348.633s][info][gc,start       ] GC(1219) Pause Young (Allocation Failure)
[348.669s][info][gc,heap        ] GC(1219) PSYoungGen: 142848K(142848K)->34528K(217088K) Eden: 123392K(123392K)->0K(129536K) From: 19456K(19456K)->34528K(87552K)
[348.669s][info][gc,heap        ] GC(1219) ParOldGen: 481887K(667648K)->481887K(667648K)
[348.669s][info][gc,metaspace   ] GC(1219) Metaspace: 18860K(19072K)->18860K(19072K) NonClass: 16200K(16320K)->16200K(16320K) Class: 2660K(2752K)->2660K(2752K)
[348.669s][info][gc             ] GC(1219) Pause Young (Allocation Failure) 610M->504M(864M) 35.751ms
[348.669s][info][gc,cpu         ] GC(1219) User=0.07s Sys=0.00s Real=0.03s
[348.765s][info][gc,start       ] GC(1220) Pause Young (Allocation Failure)
[348.803s][info][gc,heap        ] GC(1220) PSYoungGen: 164064K(217088K)->36000K(217600K) Eden: 129536K(129536K)->0K(129536K) From: 34528K(87552K)->36000K(88064K)
[348.803s][info][gc,heap        ] GC(1220) ParOldGen: 481887K(667648K)->481887K(667648K)
[348.803s][info][gc,metaspace   ] GC(1220) Metaspace: 18860K(19072K)->18860K(19072K) NonClass: 16200K(16320K)->16200K(16320K) Class: 2660K(2752K)->2660K(2752K)
[348.803s][info][gc             ] GC(1220) Pause Young (Allocation Failure) 630M->505M(864M) 37.766ms
[348.803s][info][gc,cpu         ] GC(1220) User=0.07s Sys=0.00s Real=0.03s
[348.931s][info][gc,start       ] GC(1221) Pause Young (Allocation Failure)
[348.968s][info][gc,heap        ] GC(1221) PSYoungGen: 165536K(217600K)->36512K(221184K) Eden: 129536K(129536K)->0K(137728K) From: 36000K(88064K)->36512K(83456K)
[348.968s][info][gc,heap        ] GC(1221) ParOldGen: 481887K(667648K)->481887K(667648K)
[348.968s][info][gc,metaspace   ] GC(1221) Metaspace: 18860K(19072K)->18860K(19072K) NonClass: 16200K(16320K)->16200K(16320K) Class: 2660K(2752K)->2660K(2752K)
[348.968s][info][gc             ] GC(1221) Pause Young (Allocation Failure) 632M->506M(868M) 37.316ms
[348.968s][info][gc,cpu         ] GC(1221) User=0.07s Sys=0.00s Real=0.04s
[349.102s][info][gc,start       ] GC(1222) Pause Young (Allocation Failure)
[349.142s][info][gc,heap        ] GC(1222) PSYoungGen: 174240K(221184K)->39904K(222208K) Eden: 137728K(137728K)->0K(137728K) From: 36512K(83456K)->39904K(84480K)
[349.142s][info][gc,heap        ] GC(1222) ParOldGen: 481887K(667648K)->481887K(667648K)
[349.142s][info][gc,metaspace   ] GC(1222) Metaspace: 18860K(19072K)->18860K(19072K) NonClass: 16200K(16320K)->16200K(16320K) Class: 2660K(2752K)->2660K(2752K)
[349.142s][info][gc             ] GC(1222) Pause Young (Allocation Failure) 640M->509M(869M) 39.600ms
[349.142s][info][gc,cpu         ] GC(1222) User=0.08s Sys=0.00s Real=0.04s
[349.270s][info][gc,start       ] GC(1223) Pause Young (Allocation Failure)
[349.317s][info][gc,heap        ] GC(1223) PSYoungGen: 177632K(222208K)->48160K(228352K) Eden: 137728K(137728K)->0K(144384K) From: 39904K(84480K)->48160K(83968K)
[349.317s][info][gc,heap        ] GC(1223) ParOldGen: 481887K(667648K)->481887K(667648K)
[349.317s][info][gc,metaspace   ] GC(1223) Metaspace: 18860K(19072K)->18860K(19072K) NonClass: 16200K(16320K)->16200K(16320K) Class: 2660K(2752K)->2660K(2752K)
[349.317s][info][gc             ] GC(1223) Pause Young (Allocation Failure) 644M->517M(875M) 46.887ms
[349.317s][info][gc,cpu         ] GC(1223) User=0.09s Sys=0.00s Real=0.05s
[349.461s][info][gc,start       ] GC(1224) Pause Young (Allocation Failure)
[349.532s][info][gc,heap        ] GC(1224) PSYoungGen: 192544K(228352K)->71536K(230912K) Eden: 144384K(144384K)->0K(144384K) From: 48160K(83968K)->71536K(86528K)
[349.532s][info][gc,heap        ] GC(1224) ParOldGen: 481887K(667648K)->481887K(667648K)
[349.532s][info][gc,metaspace   ] GC(1224) Metaspace: 18860K(19072K)->18860K(19072K) NonClass: 16200K(16320K)->16200K(16320K) Class: 2660K(2752K)->2660K(2752K)
[349.532s][info][gc             ] GC(1224) Pause Young (Allocation Failure) 658M->540M(877M) 70.590ms
[349.532s][info][gc,cpu         ] GC(1224) User=0.14s Sys=0.00s Real=0.07s
[349.724s][info][gc,start       ] GC(1225) Pause Young (Allocation Failure)
[349.828s][info][gc,heap        ] GC(1225) PSYoungGen: 215920K(230912K)->94720K(207872K) Eden: 144384K(144384K)->0K(111616K) From: 71536K(86528K)->94720K(96256K)
[349.828s][info][gc,heap        ] GC(1225) ParOldGen: 481887K(667648K)->481887K(667648K)
[349.828s][info][gc,metaspace   ] GC(1225) Metaspace: 18860K(19072K)->18860K(19072K) NonClass: 16200K(16320K)->16200K(16320K) Class: 2660K(2752K)->2660K(2752K)
[349.828s][info][gc             ] GC(1225) Pause Young (Allocation Failure) 681M->563M(855M) 103.653ms
[349.828s][info][gc,cpu         ] GC(1225) User=0.19s Sys=0.02s Real=0.10s
[349.946s][info][gc,start       ] GC(1226) Pause Young (Allocation Failure)
[350.040s][info][gc,heap        ] GC(1226) PSYoungGen: 206336K(207872K)->98736K(222720K) Eden: 111616K(111616K)->0K(111616K) From: 94720K(96256K)->98736K(111104K)
[350.040s][info][gc,heap        ] GC(1226) ParOldGen: 481887K(667648K)->481887K(667648K)
[350.040s][info][gc,metaspace   ] GC(1226) Metaspace: 18860K(19072K)->18860K(19072K) NonClass: 16200K(16320K)->16200K(16320K) Class: 2660K(2752K)->2660K(2752K)
[350.040s][info][gc             ] GC(1226) Pause Young (Allocation Failure) 672M->567M(869M) 93.947ms
[350.040s][info][gc,cpu         ] GC(1226) User=0.19s Sys=0.00s Real=0.09s
[350.183s][info][gc,start       ] GC(1227) Pause Young (Allocation Failure)
[350.279s][info][gc,heap        ] GC(1227) PSYoungGen: 210352K(222720K)->99936K(222720K) Eden: 111616K(111616K)->0K(111616K) From: 98736K(111104K)->99936K(111104K)
[350.279s][info][gc,heap        ] GC(1227) ParOldGen: 481887K(667648K)->481895K(667648K)
[350.279s][info][gc,metaspace   ] GC(1227) Metaspace: 18860K(19072K)->18860K(19072K) NonClass: 16200K(16320K)->16200K(16320K) Class: 2660K(2752K)->2660K(2752K)
[350.279s][info][gc             ] GC(1227) Pause Young (Allocation Failure) 676M->568M(869M) 96.357ms
[350.279s][info][gc,cpu         ] GC(1227) User=0.20s Sys=0.00s Real=0.10s
[350.412s][info][gc,start       ] GC(1228) Pause Young (Allocation Failure)
[350.526s][info][gc,heap        ] GC(1228) PSYoungGen: 211552K(222720K)->103312K(222720K) Eden: 111616K(111616K)->0K(111616K) From: 99936K(111104K)->103312K(111104K)
[350.526s][info][gc,heap        ] GC(1228) ParOldGen: 481895K(667648K)->481895K(667648K)
[350.526s][info][gc,metaspace   ] GC(1228) Metaspace: 18860K(19072K)->18860K(19072K) NonClass: 16200K(16320K)->16200K(16320K) Class: 2660K(2752K)->2660K(2752K)
[350.526s][info][gc             ] GC(1228) Pause Young (Allocation Failure) 677M->571M(869M) 114.299ms
[350.526s][info][gc,cpu         ] GC(1228) User=0.23s Sys=0.00s Real=0.12s
[350.658s][info][gc,start       ] GC(1229) Pause Young (Allocation Failure)
[350.765s][info][gc,heap        ] GC(1229) PSYoungGen: 214928K(222720K)->92176K(222720K) Eden: 111616K(111616K)->0K(111616K) From: 103312K(111104K)->92176K(111104K)
[350.765s][info][gc,heap        ] GC(1229) ParOldGen: 481895K(667648K)->501359K(667648K)
[350.765s][info][gc,metaspace   ] GC(1229) Metaspace: 18860K(19072K)->18860K(19072K) NonClass: 16200K(16320K)->16200K(16320K) Class: 2660K(2752K)->2660K(2752K)
[350.765s][info][gc             ] GC(1229) Pause Young (Allocation Failure) 680M->579M(869M) 107.330ms
[350.765s][info][gc,cpu         ] GC(1229) User=0.22s Sys=0.00s Real=0.11s
[350.916s][info][gc,start       ] GC(1230) Pause Young (Allocation Failure)
[351.019s][info][gc,heap        ] GC(1230) PSYoungGen: 203792K(222720K)->90816K(222720K) Eden: 111616K(111616K)->0K(111616K) From: 92176K(111104K)->90816K(111104K)
[351.019s][info][gc,heap        ] GC(1230) ParOldGen: 501359K(667648K)->517967K(667648K)
[351.019s][info][gc,metaspace   ] GC(1230) Metaspace: 18860K(19072K)->18860K(19072K) NonClass: 16200K(16320K)->16200K(16320K) Class: 2660K(2752K)->2660K(2752K)
[351.019s][info][gc             ] GC(1230) Pause Young (Allocation Failure) 688M->594M(869M) 102.900ms
[351.019s][info][gc,cpu         ] GC(1230) User=0.20s Sys=0.00s Real=0.10s
[351.376s][info][gc,start       ] GC(1231) Pause Young (Allocation Failure)
[351.465s][info][gc,heap        ] GC(1231) PSYoungGen: 202432K(222720K)->86928K(222720K) Eden: 111616K(111616K)->0K(111616K) From: 90816K(111104K)->86928K(111104K)
[351.465s][info][gc,heap        ] GC(1231) ParOldGen: 517967K(667648K)->521887K(667648K)
[351.465s][info][gc,metaspace   ] GC(1231) Metaspace: 18860K(19072K)->18860K(19072K) NonClass: 16200K(16320K)->16200K(16320K) Class: 2660K(2752K)->2660K(2752K)
[351.465s][info][gc             ] GC(1231) Pause Young (Allocation Failure) 703M->594M(869M) 89.174ms
[351.465s][info][gc,cpu         ] GC(1231) User=0.18s Sys=0.00s Real=0.09s
[351.747s][info][gc,start       ] GC(1232) Pause Young (Allocation Failure)
[351.833s][info][gc,heap        ] GC(1232) PSYoungGen: 198544K(222720K)->55296K(222720K) Eden: 111616K(111616K)->0K(111616K) From: 86928K(111104K)->55296K(111104K)
[351.833s][info][gc,heap        ] GC(1232) ParOldGen: 521887K(667648K)->553591K(667648K)
[351.833s][info][gc,metaspace   ] GC(1232) Metaspace: 18860K(19072K)->18860K(19072K) NonClass: 16200K(16320K)->16200K(16320K) Class: 2660K(2752K)->2660K(2752K)
[351.833s][info][gc             ] GC(1232) Pause Young (Allocation Failure) 703M->594M(869M) 85.950ms
[351.833s][info][gc,cpu         ] GC(1232) User=0.17s Sys=0.00s Real=0.08s
[352.123s][info][gc,start       ] GC(1233) Pause Young (Allocation Failure)
[352.177s][info][gc,heap        ] GC(1233) PSYoungGen: 166912K(222720K)->28144K(222720K) Eden: 111616K(111616K)->0K(111616K) From: 55296K(111104K)->28144K(111104K)
[352.177s][info][gc,heap        ] GC(1233) ParOldGen: 553591K(667648K)->580855K(667648K)
[352.177s][info][gc,metaspace   ] GC(1233) Metaspace: 18860K(19072K)->18860K(19072K) NonClass: 16200K(16320K)->16200K(16320K) Class: 2660K(2752K)->2660K(2752K)
[352.177s][info][gc             ] GC(1233) Pause Young (Allocation Failure) 703M->594M(869M) 54.165ms
[352.177s][info][gc,cpu         ] GC(1233) User=0.11s Sys=0.00s Real=0.06s
[352.442s][info][gc,start       ] GC(1234) Pause Young (Allocation Failure)
[352.471s][info][gc,heap        ] GC(1234) PSYoungGen: 139760K(222720K)->23552K(222720K) Eden: 111616K(111616K)->0K(111616K) From: 28144K(111104K)->23552K(111104K)
[352.471s][info][gc,heap        ] GC(1234) ParOldGen: 580855K(667648K)->585447K(667648K)
[352.471s][info][gc,metaspace   ] GC(1234) Metaspace: 18860K(19072K)->18860K(19072K) NonClass: 16200K(16320K)->16200K(16320K) Class: 2660K(2752K)->2660K(2752K)
[352.471s][info][gc             ] GC(1234) Pause Young (Allocation Failure) 703M->594M(869M) 29.570ms
[352.471s][info][gc,cpu         ] GC(1234) User=0.06s Sys=0.00s Real=0.03s
[352.733s][info][gc,start       ] GC(1235) Pause Young (Allocation Failure)
[352.758s][info][gc,heap        ] GC(1235) PSYoungGen: 135168K(222720K)->128K(222720K) Eden: 111616K(111616K)->0K(111616K) From: 23552K(111104K)->128K(111104K)
[352.758s][info][gc,heap        ] GC(1235) ParOldGen: 585447K(667648K)->608944K(667648K)
[352.758s][info][gc,metaspace   ] GC(1235) Metaspace: 18860K(19072K)->18860K(19072K) NonClass: 16200K(16320K)->16200K(16320K) Class: 2660K(2752K)->2660K(2752K)
[352.758s][info][gc             ] GC(1235) Pause Young (Allocation Failure) 703M->594M(869M) 25.113ms
[352.758s][info][gc,cpu         ] GC(1235) User=0.05s Sys=0.00s Real=0.03s
[353.006s][info][gc,start       ] GC(1236) Pause Young (Allocation Failure)
[353.008s][info][gc,heap        ] GC(1236) PSYoungGen: 111744K(222720K)->64K(222720K) Eden: 111616K(111616K)->0K(111616K) From: 128K(111104K)->64K(111104K)
[353.008s][info][gc,heap        ] GC(1236) ParOldGen: 608944K(667648K)->609032K(667648K)
[353.008s][info][gc,metaspace   ] GC(1236) Metaspace: 18860K(19072K)->18860K(19072K) NonClass: 16200K(16320K)->16200K(16320K) Class: 2660K(2752K)->2660K(2752K)
[353.008s][info][gc             ] GC(1236) Pause Young (Allocation Failure) 703M->594M(869M) 2.346ms
[353.008s][info][gc,cpu         ] GC(1236) User=0.01s Sys=0.00s Real=0.00s
[353.278s][info][gc,start       ] GC(1237) Pause Young (Allocation Failure)
[353.281s][info][gc,heap        ] GC(1237) PSYoungGen: 111680K(222720K)->320K(222720K) Eden: 111616K(111616K)->0K(111616K) From: 64K(111104K)->320K(111104K)
[353.281s][info][gc,heap        ] GC(1237) ParOldGen: 609032K(667648K)->609048K(667648K)
[353.281s][info][gc,metaspace   ] GC(1237) Metaspace: 18860K(19072K)->18860K(19072K) NonClass: 16200K(16320K)->16200K(16320K) Class: 2660K(2752K)->2660K(2752K)
[353.281s][info][gc             ] GC(1237) Pause Young (Allocation Failure) 703M->595M(869M) 2.536ms
[353.281s][info][gc,cpu         ] GC(1237) User=0.01s Sys=0.00s Real=0.00s
[353.444s][info][gc,start       ] GC(1238) Pause Young (Allocation Failure)
[353.459s][info][gc,heap        ] GC(1238) PSYoungGen: 111936K(222720K)->18880K(222720K) Eden: 111616K(111616K)->0K(111616K) From: 320K(111104K)->18880K(111104K)
[353.459s][info][gc,heap        ] GC(1238) ParOldGen: 609048K(667648K)->609064K(667648K)
[353.459s][info][gc,metaspace   ] GC(1238) Metaspace: 18860K(19072K)->18860K(19072K) NonClass: 16200K(16320K)->16200K(16320K) Class: 2660K(2752K)->2660K(2752K)
[353.459s][info][gc             ] GC(1238) Pause Young (Allocation Failure) 704M->613M(869M) 15.339ms
[353.459s][info][gc,cpu         ] GC(1238) User=0.03s Sys=0.00s Real=0.01s
[353.519s][info][gc,start       ] GC(1239) Pause Young (Allocation Failure)
[353.561s][info][gc,heap        ] GC(1239) PSYoungGen: 130496K(222720K)->40224K(222720K) Eden: 111616K(111616K)->0K(111616K) From: 18880K(111104K)->40224K(111104K)
[353.561s][info][gc,heap        ] GC(1239) ParOldGen: 609064K(667648K)->628120K(667648K)
[353.561s][info][gc,metaspace   ] GC(1239) Metaspace: 18860K(19072K)->18860K(19072K) NonClass: 16200K(16320K)->16200K(16320K) Class: 2660K(2752K)->2660K(2752K)
[353.561s][info][gc             ] GC(1239) Pause Young (Allocation Failure) 722M->652M(869M) 41.814ms
[353.561s][info][gc,cpu         ] GC(1239) User=0.08s Sys=0.00s Real=0.04s
[353.731s][info][gc,start       ] GC(1240) Pause Full (Allocation Failure)
[353.731s][info][gc,phases,start] GC(1240) Marking Phase
[354.153s][info][gc,phases      ] GC(1240) Marking Phase 422.010ms
[354.153s][info][gc,phases,start] GC(1240) Summary Phase
[354.153s][info][gc,phases      ] GC(1240) Summary Phase 0.027ms
[354.153s][info][gc,phases,start] GC(1240) Forward
[354.265s][info][gc,phases      ] GC(1240) Forward 112.077ms
[354.265s][info][gc,phases,start] GC(1240) Adjust Pointers
[354.574s][info][gc,phases      ] GC(1240) Adjust Pointers 309.141ms
[354.574s][info][gc,phases,start] GC(1240) Compaction Phase
[354.767s][info][gc,phases      ] GC(1240) Compaction Phase 192.520ms
[354.774s][info][gc,phases,start] GC(1240) Post Compact
[354.776s][info][gc,phases      ] GC(1240) Post Compact 2.270ms
[354.776s][info][gc,heap        ] GC(1240) PSYoungGen: 151840K(222720K)->0K(222720K) Eden: 111616K(111616K)->0K(111616K) From: 40224K(111104K)->0K(111104K)
[354.776s][info][gc,heap        ] GC(1240) ParOldGen: 628120K(667648K)->592360K(667648K)
[354.776s][info][gc,metaspace   ] GC(1240) Metaspace: 18860K(19072K)->18860K(19072K) NonClass: 16200K(16320K)->16200K(16320K) Class: 2660K(2752K)->2660K(2752K)
[354.776s][info][gc             ] GC(1240) Pause Full (Allocation Failure) 761M->578M(869M) 1045.536ms
[354.776s][info][gc,cpu         ] GC(1240) User=2.00s Sys=0.00s Real=1.05s
[354.912s][info][gc,start       ] GC(1241) Pause Young (Allocation Failure)
[354.926s][info][gc,heap        ] GC(1241) PSYoungGen: 111616K(222720K)->2048K(222720K) Eden: 111616K(111616K)->0K(111616K) From: 0K(111104K)->2048K(111104K)
[354.926s][info][gc,heap        ] GC(1241) ParOldGen: 592360K(667648K)->592360K(667648K)
[354.926s][info][gc,metaspace   ] GC(1241) Metaspace: 18860K(19072K)->18860K(19072K) NonClass: 16200K(16320K)->16200K(16320K) Class: 2660K(2752K)->2660K(2752K)
[354.926s][info][gc             ] GC(1241) Pause Young (Allocation Failure) 687M->580M(869M) 14.719ms
[354.926s][info][gc,cpu         ] GC(1241) User=0.03s Sys=0.00s Real=0.02s
[355.120s][info][gc,start       ] GC(1242) Pause Young (Allocation Failure)
[355.151s][info][gc,heap        ] GC(1242) PSYoungGen: 113664K(222720K)->16864K(222720K) Eden: 111616K(111616K)->0K(111616K) From: 2048K(111104K)->16864K(111104K)
[355.151s][info][gc,heap        ] GC(1242) ParOldGen: 592360K(667648K)->594392K(667648K)
[355.151s][info][gc,metaspace   ] GC(1242) Metaspace: 18860K(19072K)->18860K(19072K) NonClass: 16200K(16320K)->16200K(16320K) Class: 2660K(2752K)->2660K(2752K)
[355.151s][info][gc             ] GC(1242) Pause Young (Allocation Failure) 689M->596M(869M) 31.262ms
[355.151s][info][gc,cpu         ] GC(1242) User=0.06s Sys=0.01s Real=0.03s
[355.316s][info][gc,start       ] GC(1243) Pause Young (Allocation Failure)
[355.343s][info][gc,heap        ] GC(1243) PSYoungGen: 128480K(222720K)->2208K(222720K) Eden: 111616K(111616K)->0K(111616K) From: 16864K(111104K)->2208K(111104K)
[355.343s][info][gc,heap        ] GC(1243) ParOldGen: 594392K(667648K)->611255K(667648K)
[355.343s][info][gc,metaspace   ] GC(1243) Metaspace: 18860K(19072K)->18860K(19072K) NonClass: 16200K(16320K)->16200K(16320K) Class: 2660K(2752K)->2660K(2752K)
[355.343s][info][gc             ] GC(1243) Pause Young (Allocation Failure) 705M->599M(869M) 26.702ms
[355.343s][info][gc,cpu         ] GC(1243) User=0.05s Sys=0.00s Real=0.02s
[355.424s][info][gc,start       ] GC(1244) Pause Young (Allocation Failure)
[355.451s][info][gc,heap        ] GC(1244) PSYoungGen: 113824K(222720K)->33328K(145408K) Eden: 111616K(111616K)->0K(111616K) From: 2208K(111104K)->33328K(33792K)
[355.451s][info][gc,heap        ] GC(1244) ParOldGen: 611255K(667648K)->613407K(667648K)
[355.451s][info][gc,metaspace   ] GC(1244) Metaspace: 18860K(19072K)->18860K(19072K) NonClass: 16200K(16320K)->16200K(16320K) Class: 2660K(2752K)->2660K(2752K)
[355.451s][info][gc             ] GC(1244) Pause Young (Allocation Failure) 708M->631M(794M) 27.299ms
[355.451s][info][gc,cpu         ] GC(1244) User=0.06s Sys=0.00s Real=0.02s
[355.514s][info][gc,start       ] GC(1245) Pause Young (Allocation Failure)
[355.560s][info][gc,heap        ] GC(1245) PSYoungGen: 144944K(145408K)->70368K(216576K) Eden: 111616K(111616K)->0K(108544K) From: 33328K(33792K)->70368K(108032K)
[355.560s][info][gc,heap        ] GC(1245) ParOldGen: 613407K(667648K)->613407K(667648K)
[355.560s][info][gc,metaspace   ] GC(1245) Metaspace: 18860K(19072K)->18860K(19072K) NonClass: 16200K(16320K)->16200K(16320K) Class: 2660K(2752K)->2660K(2752K)
[355.560s][info][gc             ] GC(1245) Pause Young (Allocation Failure) 740M->667M(863M) 46.553ms
[355.560s][info][gc,cpu         ] GC(1245) User=0.09s Sys=0.00s Real=0.04s
[355.703s][info][gc,start       ] GC(1246) Pause Young (Allocation Failure)
[355.755s][info][gc,promotion   ] GC(1246) Promotion failed
[355.755s][info][gc,heap        ] GC(1246) PSYoungGen: 178912K(216576K)->178912K(216576K) Eden: 108544K(108544K)->108544K(108544K) From: 70368K(108032K)->70368K(108032K)
[355.755s][info][gc,heap        ] GC(1246) ParOldGen: 613407K(667648K)->667646K(667648K)
[355.755s][info][gc,metaspace   ] GC(1246) Metaspace: 18860K(19072K)->18860K(19072K) NonClass: 16200K(16320K)->16200K(16320K) Class: 2660K(2752K)->2660K(2752K)
[355.755s][info][gc             ] GC(1246) Pause Young (Allocation Failure) 773M->826M(863M) 52.218ms
[355.755s][info][gc,cpu         ] GC(1246) User=0.10s Sys=0.00s Real=0.06s
[355.755s][info][gc,start       ] GC(1247) Pause Full (Allocation Failure)
[355.755s][info][gc,phases,start] GC(1247) Marking Phase
[355.995s][info][gc,phases      ] GC(1247) Marking Phase 240.442ms
[355.995s][info][gc,phases,start] GC(1247) Summary Phase
[355.995s][info][gc,phases      ] GC(1247) Summary Phase 0.027ms
[355.995s][info][gc,phases,start] GC(1247) Forward
[356.103s][info][gc,phases      ] GC(1247) Forward 107.889ms
[356.103s][info][gc,phases,start] GC(1247) Adjust Pointers
[356.296s][info][gc,phases      ] GC(1247) Adjust Pointers 192.454ms
[356.296s][info][gc,phases,start] GC(1247) Compaction Phase
[356.409s][info][gc,phases      ] GC(1247) Compaction Phase 113.031ms
[356.416s][info][gc,phases,start] GC(1247) Post Compact
[356.418s][info][gc,phases      ] GC(1247) Post Compact 2.512ms
[356.419s][info][gc,heap        ] GC(1247) PSYoungGen: 178912K(216576K)->0K(219648K) Eden: 108544K(108544K)->0K(108544K) From: 70368K(108032K)->0K(111104K)
[356.419s][info][gc,heap        ] GC(1247) ParOldGen: 667646K(667648K)->375468K(659456K)
[356.419s][info][gc,metaspace   ] GC(1247) Metaspace: 18860K(19072K)->18860K(19072K) NonClass: 16200K(16320K)->16200K(16320K) Class: 2660K(2752K)->2660K(2752K)
[356.419s][info][gc             ] GC(1247) Pause Full (Allocation Failure) 826M->366M(858M) 664.317ms
[356.419s][info][gc,cpu         ] GC(1247) User=1.21s Sys=0.00s Real=0.66s
[356.536s][info][gc,start       ] GC(1248) Pause Young (Allocation Failure)
[356.538s][info][gc,heap        ] GC(1248) PSYoungGen: 108544K(219648K)->96K(222720K) Eden: 108544K(108544K)->0K(111616K) From: 0K(111104K)->96K(111104K)
[356.538s][info][gc,heap        ] GC(1248) ParOldGen: 375468K(659456K)->375468K(659456K)
[356.538s][info][gc,metaspace   ] GC(1248) Metaspace: 18860K(19072K)->18860K(19072K) NonClass: 16200K(16320K)->16200K(16320K) Class: 2660K(2752K)->2660K(2752K)
[356.538s][info][gc             ] GC(1248) Pause Young (Allocation Failure) 472M->366M(861M) 1.651ms
[356.538s][info][gc,cpu         ] GC(1248) User=0.01s Sys=0.00s Real=0.00s
[356.655s][info][gc,start       ] GC(1249) Pause Young (Allocation Failure)
[356.657s][info][gc,heap        ] GC(1249) PSYoungGen: 111712K(222720K)->128K(112128K) Eden: 111616K(111616K)->0K(111616K) From: 96K(111104K)->128K(512K)
[356.657s][info][gc,heap        ] GC(1249) ParOldGen: 375468K(659456K)->375540K(659456K)
[356.657s][info][gc,metaspace   ] GC(1249) Metaspace: 18860K(19072K)->18860K(19072K) NonClass: 16200K(16320K)->16200K(16320K) Class: 2660K(2752K)->2660K(2752K)
[356.657s][info][gc             ] GC(1249) Pause Young (Allocation Failure) 475M->366M(753M) 1.894ms
[356.657s][info][gc,cpu         ] GC(1249) User=0.00s Sys=0.00s Real=0.00s
[356.774s][info][gc,start       ] GC(1250) Pause Young (Allocation Failure)
[356.776s][info][gc,heap        ] GC(1250) PSYoungGen: 111744K(112128K)->224K(223744K) Eden: 111616K(111616K)->0K(115200K) From: 128K(512K)->224K(108544K)
[356.776s][info][gc,heap        ] GC(1250) ParOldGen: 375540K(659456K)->375540K(659456K)
[356.776s][info][gc,metaspace   ] GC(1250) Metaspace: 18860K(19072K)->18860K(19072K) NonClass: 16200K(16320K)->16200K(16320K) Class: 2660K(2752K)->2660K(2752K)
[356.776s][info][gc             ] GC(1250) Pause Young (Allocation Failure) 475M->366M(862M) 1.956ms
[356.776s][info][gc,cpu         ] GC(1250) User=0.01s Sys=0.00s Real=0.00s
[356.900s][info][gc,start       ] GC(1251) Pause Young (Allocation Failure)
[356.902s][info][gc,heap        ] GC(1251) PSYoungGen: 115424K(223744K)->320K(221696K) Eden: 115200K(115200K)->0K(115200K) From: 224K(108544K)->320K(106496K)
[356.902s][info][gc,heap        ] GC(1251) ParOldGen: 375540K(659456K)->375540K(659456K)
[356.902s][info][gc,metaspace   ] GC(1251) Metaspace: 18860K(19072K)->18860K(19072K) NonClass: 16200K(16320K)->16200K(16320K) Class: 2660K(2752K)->2660K(2752K)
[356.902s][info][gc             ] GC(1251) Pause Young (Allocation Failure) 479M->367M(860M) 2.299ms
[356.902s][info][gc,cpu         ] GC(1251) User=0.01s Sys=0.00s Real=0.00s
[357.026s][info][gc,start       ] GC(1252) Pause Young (Allocation Failure)
[357.029s][info][gc,heap        ] GC(1252) PSYoungGen: 115520K(221696K)->384K(214528K) Eden: 115200K(115200K)->0K(119296K) From: 320K(106496K)->384K(95232K)
[357.029s][info][gc,heap        ] GC(1252) ParOldGen: 375540K(659456K)->375540K(659456K)
[357.029s][info][gc,metaspace   ] GC(1252) Metaspace: 18860K(19072K)->18860K(19072K) NonClass: 16200K(16320K)->16200K(16320K) Class: 2660K(2752K)->2660K(2752K)
[357.029s][info][gc             ] GC(1252) Pause Young (Allocation Failure) 479M->367M(853M) 2.625ms
[357.029s][info][gc,cpu         ] GC(1252) User=0.00s Sys=0.00s Real=0.00s
[357.155s][info][gc,start       ] GC(1253) Pause Young (Allocation Failure)
[357.158s][info][gc,heap        ] GC(1253) PSYoungGen: 119680K(214528K)->480K(119808K) Eden: 119296K(119296K)->0K(119296K) From: 384K(95232K)->480K(512K)
[357.158s][info][gc,heap        ] GC(1253) ParOldGen: 375540K(659456K)->375540K(659456K)
[357.158s][info][gc,metaspace   ] GC(1253) Metaspace: 18860K(19072K)->18860K(19072K) NonClass: 16200K(16320K)->16200K(16320K) Class: 2660K(2752K)->2660K(2752K)
[357.158s][info][gc             ] GC(1253) Pause Young (Allocation Failure) 483M->367M(761M) 2.708ms
[357.158s][info][gc,cpu         ] GC(1253) User=0.00s Sys=0.00s Real=0.00s
[357.283s][info][gc,start       ] GC(1254) Pause Young (Allocation Failure)
[357.285s][info][gc,heap        ] GC(1254) PSYoungGen: 119776K(119808K)->608K(207872K) Eden: 119296K(119296K)->0K(122368K) From: 480K(512K)->608K(85504K)
[357.285s][info][gc,heap        ] GC(1254) ParOldGen: 375540K(659456K)->375540K(659456K)
[357.286s][info][gc,metaspace   ] GC(1254) Metaspace: 18860K(19072K)->18860K(19072K) NonClass: 16200K(16320K)->16200K(16320K) Class: 2660K(2752K)->2660K(2752K)
[357.286s][info][gc             ] GC(1254) Pause Young (Allocation Failure) 483M->367M(847M) 2.955ms
[357.286s][info][gc,cpu         ] GC(1254) User=0.00s Sys=0.00s Real=0.01s
[357.415s][info][gc,start       ] GC(1255) Pause Young (Allocation Failure)
[357.418s][info][gc,heap        ] GC(1255) PSYoungGen: 122976K(207872K)->640K(123392K) Eden: 122368K(122368K)->0K(122368K) From: 608K(85504K)->640K(1024K)
[357.418s][info][gc,heap        ] GC(1255) ParOldGen: 375540K(659456K)->375540K(659456K)
[357.418s][info][gc,metaspace   ] GC(1255) Metaspace: 18860K(19072K)->18860K(19072K) NonClass: 16200K(16320K)->16200K(16320K) Class: 2660K(2752K)->2660K(2752K)
[357.418s][info][gc             ] GC(1255) Pause Young (Allocation Failure) 486M->367M(764M) 2.929ms
[357.418s][info][gc,cpu         ] GC(1255) User=0.00s Sys=0.00s Real=0.00s
[357.564s][info][gc,start       ] GC(1256) Pause Young (Allocation Failure)
[357.574s][info][gc,heap        ] GC(1256) PSYoungGen: 123008K(123392K)->4000K(201216K) Eden: 122368K(122368K)->0K(125440K) From: 640K(1024K)->4000K(75776K)
[357.574s][info][gc,heap        ] GC(1256) ParOldGen: 375540K(659456K)->375540K(659456K)
[357.574s][info][gc,metaspace   ] GC(1256) Metaspace: 18861K(19072K)->18861K(19072K) NonClass: 16201K(16320K)->16201K(16320K) Class: 2660K(2752K)->2660K(2752K)
[357.574s][info][gc             ] GC(1256) Pause Young (Allocation Failure) 486M->370M(840M) 10.326ms
[357.574s][info][gc,cpu         ] GC(1256) User=0.02s Sys=0.00s Real=0.01s
[357.721s][info][gc,start       ] GC(1257) Pause Young (Allocation Failure)
[357.759s][info][gc,heap        ] GC(1257) PSYoungGen: 129440K(201216K)->19531K(205824K) Eden: 125440K(125440K)->0K(125440K) From: 4000K(75776K)->19531K(80384K)
[357.759s][info][gc,heap        ] GC(1257) ParOldGen: 375540K(659456K)->375540K(659456K)
[357.759s][info][gc,metaspace   ] GC(1257) Metaspace: 18861K(19072K)->18861K(19072K) NonClass: 16201K(16320K)->16201K(16320K) Class: 2660K(2752K)->2660K(2752K)
[357.759s][info][gc             ] GC(1257) Pause Young (Allocation Failure) 493M->385M(845M) 38.559ms
[357.760s][info][gc,cpu         ] GC(1257) User=0.07s Sys=0.00s Real=0.04s
[357.902s][info][gc,start       ] GC(1258) Pause Young (Allocation Failure)
[357.948s][info][gc,heap        ] GC(1258) PSYoungGen: 144971K(205824K)->31403K(206336K) Eden: 125440K(125440K)->0K(130560K) From: 19531K(80384K)->31403K(75776K)
[357.948s][info][gc,heap        ] GC(1258) ParOldGen: 375540K(659456K)->375540K(659456K)
[357.948s][info][gc,metaspace   ] GC(1258) Metaspace: 18861K(19072K)->18861K(19072K) NonClass: 16201K(16320K)->16201K(16320K) Class: 2660K(2752K)->2660K(2752K)
[357.948s][info][gc             ] GC(1258) Pause Young (Allocation Failure) 508M->397M(845M) 46.170ms
[357.948s][info][gc,cpu         ] GC(1258) User=0.09s Sys=0.00s Real=0.05s
[358.075s][info][gc,start       ] GC(1259) Pause Young (Allocation Failure)
[358.140s][info][gc,heap        ] GC(1259) PSYoungGen: 161963K(206336K)->51179K(206336K) Eden: 130560K(130560K)->0K(130560K) From: 31403K(75776K)->51179K(75776K)
[358.140s][info][gc,heap        ] GC(1259) ParOldGen: 375540K(659456K)->375540K(659456K)
[358.140s][info][gc,metaspace   ] GC(1259) Metaspace: 18861K(19072K)->18861K(19072K) NonClass: 16201K(16320K)->16201K(16320K) Class: 2660K(2752K)->2660K(2752K)
[358.140s][info][gc             ] GC(1259) Pause Young (Allocation Failure) 524M->416M(845M) 64.986ms
[358.140s][info][gc,cpu         ] GC(1259) User=0.13s Sys=0.00s Real=0.06s
[358.247s][info][gc,start       ] GC(1260) Pause Young (Allocation Failure)
[358.314s][info][gc,heap        ] GC(1260) PSYoungGen: 181739K(206336K)->55019K(216064K) Eden: 130560K(130560K)->0K(133120K) From: 51179K(75776K)->55019K(82944K)
[358.314s][info][gc,heap        ] GC(1260) ParOldGen: 375540K(659456K)->375540K(659456K)
[358.314s][info][gc,metaspace   ] GC(1260) Metaspace: 18861K(19072K)->18861K(19072K) NonClass: 16201K(16320K)->16201K(16320K) Class: 2660K(2752K)->2660K(2752K)
[358.314s][info][gc             ] GC(1260) Pause Young (Allocation Failure) 544M->420M(855M) 66.865ms
[358.314s][info][gc,cpu         ] GC(1260) User=0.13s Sys=0.00s Real=0.07s
[358.433s][info][gc,start       ] GC(1261) Pause Young (Allocation Failure)
[358.501s][info][gc,heap        ] GC(1261) PSYoungGen: 188139K(216064K)->56299K(222720K) Eden: 133120K(133120K)->0K(133120K) From: 55019K(82944K)->56299K(89600K)
[358.501s][info][gc,heap        ] GC(1261) ParOldGen: 375540K(659456K)->375540K(659456K)
[358.501s][info][gc,metaspace   ] GC(1261) Metaspace: 18861K(19072K)->18861K(19072K) NonClass: 16201K(16320K)->16201K(16320K) Class: 2660K(2752K)->2660K(2752K)
[358.501s][info][gc             ] GC(1261) Pause Young (Allocation Failure) 550M->421M(861M) 68.365ms
[358.501s][info][gc,cpu         ] GC(1261) User=0.13s Sys=0.00s Real=0.07s
[358.623s][info][gc,start       ] GC(1262) Pause Young (Allocation Failure)
[358.701s][info][gc,heap        ] GC(1262) PSYoungGen: 189419K(222720K)->59755K(228352K) Eden: 133120K(133120K)->0K(133120K) From: 56299K(89600K)->59755K(95232K)
[358.702s][info][gc,heap        ] GC(1262) ParOldGen: 375540K(659456K)->375540K(659456K)
[358.702s][info][gc,metaspace   ] GC(1262) Metaspace: 18861K(19072K)->18861K(19072K) NonClass: 16201K(16320K)->16201K(16320K) Class: 2660K(2752K)->2660K(2752K)
[358.702s][info][gc             ] GC(1262) Pause Young (Allocation Failure) 551M->425M(867M) 78.729ms
[358.702s][info][gc,cpu         ] GC(1262) User=0.14s Sys=0.01s Real=0.08s
[358.804s][info][gc,start       ] GC(1263) Pause Young (Allocation Failure)
[358.877s][info][gc,heap        ] GC(1263) PSYoungGen: 192875K(228352K)->59819K(193024K) Eden: 133120K(133120K)->0K(133120K) From: 59755K(95232K)->59819K(59904K)
[358.877s][info][gc,heap        ] GC(1263) ParOldGen: 375540K(659456K)->375540K(659456K)
[358.877s][info][gc,metaspace   ] GC(1263) Metaspace: 18861K(19072K)->18861K(19072K) NonClass: 16201K(16320K)->16201K(16320K) Class: 2660K(2752K)->2660K(2752K)
[358.877s][info][gc             ] GC(1263) Pause Young (Allocation Failure) 555M->425M(832M) 73.417ms
[358.877s][info][gc,cpu         ] GC(1263) User=0.15s Sys=0.00s Real=0.07s
[359.049s][info][gc,start       ] GC(1264) Pause Young (Allocation Failure)
[359.132s][info][gc,heap        ] GC(1264) PSYoungGen: 192939K(193024K)->71228K(216064K) Eden: 133120K(133120K)->0K(111616K) From: 59819K(59904K)->71228K(104448K)
[359.132s][info][gc,heap        ] GC(1264) ParOldGen: 375540K(659456K)->375644K(659456K)
[359.132s][info][gc,metaspace   ] GC(1264) Metaspace: 18861K(19072K)->18861K(19072K) NonClass: 16201K(16320K)->16201K(16320K) Class: 2660K(2752K)->2660K(2752K)
[359.132s][info][gc             ] GC(1264) Pause Young (Allocation Failure) 555M->436M(855M) 83.223ms
[359.132s][info][gc,cpu         ] GC(1264) User=0.16s Sys=0.00s Real=0.08s
[359.233s][info][gc,start       ] GC(1265) Pause Young (Allocation Failure)
[359.329s][info][gc,heap        ] GC(1265) PSYoungGen: 182844K(216064K)->83019K(222720K) Eden: 111616K(111616K)->0K(111616K) From: 71228K(104448K)->83019K(111104K)
[359.329s][info][gc,heap        ] GC(1265) ParOldGen: 375644K(659456K)->375844K(659456K)
[359.329s][info][gc,metaspace   ] GC(1265) Metaspace: 18861K(19072K)->18861K(19072K) NonClass: 16201K(16320K)->16201K(16320K) Class: 2660K(2752K)->2660K(2752K)
[359.329s][info][gc             ] GC(1265) Pause Young (Allocation Failure) 545M->448M(861M) 95.739ms
[359.329s][info][gc,cpu         ] GC(1265) User=0.19s Sys=0.00s Real=0.10s
[359.555s][info][gc,start       ] GC(1266) Pause Young (Allocation Failure)
[359.649s][info][gc,heap        ] GC(1266) PSYoungGen: 194635K(222720K)->82860K(222720K) Eden: 111616K(111616K)->0K(111616K) From: 83019K(111104K)->82860K(111104K)
[359.649s][info][gc,heap        ] GC(1266) ParOldGen: 375844K(659456K)->376028K(659456K)
[359.649s][info][gc,metaspace   ] GC(1266) Metaspace: 18861K(19072K)->18861K(19072K) NonClass: 16201K(16320K)->16201K(16320K) Class: 2660K(2752K)->2660K(2752K)
[359.649s][info][gc             ] GC(1266) Pause Young (Allocation Failure) 557M->448M(861M) 94.118ms
[359.649s][info][gc,cpu         ] GC(1266) User=0.19s Sys=0.01s Real=0.09s
[359.845s][info][gc,start       ] GC(1267) Pause Young (Allocation Failure)
[359.942s][info][gc,heap        ] GC(1267) PSYoungGen: 194476K(222720K)->87340K(222720K) Eden: 111616K(111616K)->0K(111616K) From: 82860K(111104K)->87340K(111104K)
[359.942s][info][gc,heap        ] GC(1267) ParOldGen: 376028K(659456K)->376196K(659456K)
[359.942s][info][gc,metaspace   ] GC(1267) Metaspace: 18861K(19072K)->18861K(19072K) NonClass: 16201K(16320K)->16201K(16320K) Class: 2660K(2752K)->2660K(2752K)
[359.942s][info][gc             ] GC(1267) Pause Young (Allocation Failure) 557M->452M(861M) 96.608ms
[359.942s][info][gc,cpu         ] GC(1267) User=0.19s Sys=0.00s Real=0.09s
[360.068s][info][gc,start       ] GC(1268) Pause Young (Allocation Failure)
[360.201s][info][gc,heap        ] GC(1268) PSYoungGen: 198956K(222720K)->89120K(222720K) Eden: 111616K(111616K)->0K(111616K) From: 87340K(111104K)->89120K(111104K)
[360.201s][info][gc,heap        ] GC(1268) ParOldGen: 376196K(659456K)->395104K(659456K)
[360.201s][info][gc,metaspace   ] GC(1268) Metaspace: 18861K(19072K)->18861K(19072K) NonClass: 16201K(16320K)->16201K(16320K) Class: 2660K(2752K)->2660K(2752K)
[360.201s][info][gc             ] GC(1268) Pause Young (Allocation Failure) 561M->472M(861M) 132.598ms
[360.201s][info][gc,cpu         ] GC(1268) User=0.26s Sys=0.00s Real=0.13s
[360.354s][info][gc,start       ] GC(1269) Pause Young (Allocation Failure)
[360.453s][info][gc,heap        ] GC(1269) PSYoungGen: 200736K(222720K)->73280K(222720K) Eden: 111616K(111616K)->0K(111616K) From: 89120K(111104K)->73280K(111104K)
[360.453s][info][gc,heap        ] GC(1269) ParOldGen: 395104K(659456K)->426848K(659456K)
[360.453s][info][gc,metaspace   ] GC(1269) Metaspace: 18861K(19072K)->18861K(19072K) NonClass: 16201K(16320K)->16201K(16320K) Class: 2660K(2752K)->2660K(2752K)
[360.453s][info][gc             ] GC(1269) Pause Young (Allocation Failure) 581M->488M(861M) 99.602ms
[360.453s][info][gc,cpu         ] GC(1269) User=0.20s Sys=0.00s Real=0.10s
[360.545s][info][gc,start       ] GC(1270) Pause Young (Allocation Failure)
[360.617s][info][gc,heap        ] GC(1270) PSYoungGen: 184896K(222720K)->68800K(222720K) Eden: 111616K(111616K)->0K(111616K) From: 73280K(111104K)->68800K(111104K)
[360.617s][info][gc,heap        ] GC(1270) ParOldGen: 426848K(659456K)->432000K(659456K)
[360.617s][info][gc,metaspace   ] GC(1270) Metaspace: 18861K(19072K)->18861K(19072K) NonClass: 16201K(16320K)->16201K(16320K) Class: 2660K(2752K)->2660K(2752K)
[360.617s][info][gc             ] GC(1270) Pause Young (Allocation Failure) 597M->489M(861M) 72.315ms
[360.617s][info][gc,cpu         ] GC(1270) User=0.14s Sys=0.00s Real=0.07s
[360.747s][info][gc,start       ] GC(1271) Pause Young (Allocation Failure)
[360.816s][info][gc,heap        ] GC(1271) PSYoungGen: 180416K(222720K)->67056K(222720K) Eden: 111616K(111616K)->0K(111616K) From: 68800K(111104K)->67056K(111104K)
[360.816s][info][gc,heap        ] GC(1271) ParOldGen: 432000K(659456K)->435512K(659456K)
[360.816s][info][gc,metaspace   ] GC(1271) Metaspace: 18861K(19072K)->18861K(19072K) NonClass: 16201K(16320K)->16201K(16320K) Class: 2660K(2752K)->2660K(2752K)
[360.816s][info][gc             ] GC(1271) Pause Young (Allocation Failure) 598M->490M(861M) 68.888ms
[360.816s][info][gc,cpu         ] GC(1271) User=0.13s Sys=0.00s Real=0.07s
[360.940s][info][gc,start       ] GC(1272) Pause Young (Allocation Failure)
[361.010s][info][gc,heap        ] GC(1272) PSYoungGen: 178672K(222720K)->47776K(222720K) Eden: 111616K(111616K)->0K(111616K) From: 67056K(111104K)->47776K(111104K)
[361.010s][info][gc,heap        ] GC(1272) ParOldGen: 435512K(659456K)->459080K(659456K)
[361.010s][info][gc,metaspace   ] GC(1272) Metaspace: 18861K(19072K)->18861K(19072K) NonClass: 16201K(16320K)->16201K(16320K) Class: 2660K(2752K)->2660K(2752K)
[361.010s][info][gc             ] GC(1272) Pause Young (Allocation Failure) 599M->494M(861M) 70.008ms
[361.010s][info][gc,cpu         ] GC(1272) User=0.14s Sys=0.00s Real=0.07s
[361.119s][info][gc,start       ] GC(1273) Pause Young (Allocation Failure)
[361.166s][info][gc,heap        ] GC(1273) PSYoungGen: 159392K(222720K)->43264K(222720K) Eden: 111616K(111616K)->0K(111616K) From: 47776K(111104K)->43264K(111104K)
[361.166s][info][gc,heap        ] GC(1273) ParOldGen: 459080K(659456K)->463656K(659456K)
[361.166s][info][gc,metaspace   ] GC(1273) Metaspace: 18861K(19072K)->18861K(19072K) NonClass: 16201K(16320K)->16201K(16320K) Class: 2660K(2752K)->2660K(2752K)
[361.166s][info][gc             ] GC(1273) Pause Young (Allocation Failure) 603M->495M(861M) 46.492ms
[361.166s][info][gc,cpu         ] GC(1273) User=0.09s Sys=0.00s Real=0.05s
[361.279s][info][gc,start       ] GC(1274) Pause Young (Allocation Failure)
[361.327s][info][gc,heap        ] GC(1274) PSYoungGen: 154880K(222720K)->10368K(222720K) Eden: 111616K(111616K)->0K(111616K) From: 43264K(111104K)->10368K(111104K)
[361.327s][info][gc,heap        ] GC(1274) ParOldGen: 463656K(659456K)->500272K(659456K)
[361.327s][info][gc,metaspace   ] GC(1274) Metaspace: 18861K(19072K)->18861K(19072K) NonClass: 16201K(16320K)->16201K(16320K) Class: 2660K(2752K)->2660K(2752K)
[361.327s][info][gc             ] GC(1274) Pause Young (Allocation Failure) 604M->498M(861M) 47.779ms
[361.327s][info][gc,cpu         ] GC(1274) User=0.10s Sys=0.00s Real=0.05s
[361.475s][info][gc,start       ] GC(1275) Pause Young (Allocation Failure)
[361.500s][info][gc,heap        ] GC(1275) PSYoungGen: 121984K(222720K)->19360K(222720K) Eden: 111616K(111616K)->0K(111616K) From: 10368K(111104K)->19360K(111104K)
[361.500s][info][gc,heap        ] GC(1275) ParOldGen: 500272K(659456K)->502736K(659456K)
[361.500s][info][gc,metaspace   ] GC(1275) Metaspace: 18861K(19072K)->18861K(19072K) NonClass: 16201K(16320K)->16201K(16320K) Class: 2660K(2752K)->2660K(2752K)
[361.500s][info][gc             ] GC(1275) Pause Young (Allocation Failure) 607M->509M(861M) 24.224ms
[361.500s][info][gc,cpu         ] GC(1275) User=0.05s Sys=0.00s Real=0.02s
[361.760s][info][gc,start       ] GC(1276) Pause Young (Allocation Failure)
[361.782s][info][gc,heap        ] GC(1276) PSYoungGen: 130976K(222720K)->15424K(222720K) Eden: 111616K(111616K)->0K(111616K) From: 19360K(111104K)->15424K(111104K)
[361.782s][info][gc,heap        ] GC(1276) ParOldGen: 502736K(659456K)->507024K(659456K)
[361.782s][info][gc,metaspace   ] GC(1276) Metaspace: 18861K(19072K)->18861K(19072K) NonClass: 16201K(16320K)->16201K(16320K) Class: 2660K(2752K)->2660K(2752K)
[361.782s][info][gc             ] GC(1276) Pause Young (Allocation Failure) 618M->510M(861M) 22.131ms
[361.782s][info][gc,cpu         ] GC(1276) User=0.04s Sys=0.00s Real=0.02s
[362.109s][info][gc,start       ] GC(1277) Pause Young (Allocation Failure)
[362.127s][info][gc,heap        ] GC(1277) PSYoungGen: 127040K(222720K)->544K(222720K) Eden: 111616K(111616K)->0K(111616K) From: 15424K(111104K)->544K(111104K)
[362.127s][info][gc,heap        ] GC(1277) ParOldGen: 507024K(659456K)->522094K(659456K)
[362.127s][info][gc,metaspace   ] GC(1277) Metaspace: 18861K(19072K)->18861K(19072K) NonClass: 16201K(16320K)->16201K(16320K) Class: 2660K(2752K)->2660K(2752K)
[362.127s][info][gc             ] GC(1277) Pause Young (Allocation Failure) 619M->510M(861M) 17.795ms
[362.127s][info][gc,cpu         ] GC(1277) User=0.03s Sys=0.00s Real=0.02s
[362.411s][info][gc,start       ] GC(1278) Pause Young (Allocation Failure)
[362.414s][info][gc,heap        ] GC(1278) PSYoungGen: 112160K(222720K)->336K(222720K) Eden: 111616K(111616K)->0K(111616K) From: 544K(111104K)->336K(111104K)
[362.414s][info][gc,heap        ] GC(1278) ParOldGen: 522094K(659456K)->522462K(659456K)
[362.414s][info][gc,metaspace   ] GC(1278) Metaspace: 18861K(19072K)->18861K(19072K) NonClass: 16201K(16320K)->16201K(16320K) Class: 2660K(2752K)->2660K(2752K)
[362.414s][info][gc             ] GC(1278) Pause Young (Allocation Failure) 619M->510M(861M) 3.071ms
[362.414s][info][gc,cpu         ] GC(1278) User=0.00s Sys=0.00s Real=0.01s
[362.642s][info][gc,start       ] GC(1279) Pause Young (Allocation Failure)
[362.645s][info][gc,heap        ] GC(1279) PSYoungGen: 111952K(222720K)->64K(222720K) Eden: 111616K(111616K)->0K(111616K) From: 336K(111104K)->64K(111104K)
[362.645s][info][gc,heap        ] GC(1279) ParOldGen: 522462K(659456K)->522655K(659456K)
[362.645s][info][gc,metaspace   ] GC(1279) Metaspace: 18861K(19072K)->18861K(19072K) NonClass: 16201K(16320K)->16201K(16320K) Class: 2660K(2752K)->2660K(2752K)
[362.645s][info][gc             ] GC(1279) Pause Young (Allocation Failure) 619M->510M(861M) 2.566ms
[362.645s][info][gc,cpu         ] GC(1279) User=0.00s Sys=0.00s Real=0.01s
[362.912s][info][gc,start       ] GC(1280) Pause Young (Allocation Failure)
[362.914s][info][gc,heap        ] GC(1280) PSYoungGen: 111680K(222720K)->192K(222720K) Eden: 111616K(111616K)->0K(111616K) From: 64K(111104K)->192K(111104K)
[362.915s][info][gc,heap        ] GC(1280) ParOldGen: 522655K(659456K)->522687K(659456K)
[362.915s][info][gc,metaspace   ] GC(1280) Metaspace: 18861K(19072K)->18861K(19072K) NonClass: 16201K(16320K)->16201K(16320K) Class: 2660K(2752K)->2660K(2752K)
[362.915s][info][gc             ] GC(1280) Pause Young (Allocation Failure) 619M->510M(861M) 2.842ms
[362.915s][info][gc,cpu         ] GC(1280) User=0.01s Sys=0.00s Real=0.01s
[363.101s][info][gc,start       ] GC(1281) Pause Young (Allocation Failure)
[363.117s][info][gc,heap        ] GC(1281) PSYoungGen: 111808K(222720K)->16592K(128512K) Eden: 111616K(111616K)->0K(111616K) From: 192K(111104K)->16592K(16896K)
[363.118s][info][gc,heap        ] GC(1281) ParOldGen: 522687K(659456K)->522855K(659456K)
[363.118s][info][gc,metaspace   ] GC(1281) Metaspace: 18861K(19072K)->18861K(19072K) NonClass: 16201K(16320K)->16201K(16320K) Class: 2660K(2752K)->2660K(2752K)
[363.118s][info][gc             ] GC(1281) Pause Young (Allocation Failure) 619M->526M(769M) 16.143ms
[363.118s][info][gc,cpu         ] GC(1281) User=0.03s Sys=0.00s Real=0.02s
[363.179s][info][gc,start       ] GC(1282) Pause Young (Allocation Failure)
[363.222s][info][gc,heap        ] GC(1282) PSYoungGen: 128208K(128512K)->58544K(216064K) Eden: 111616K(111616K)->0K(108544K) From: 16592K(16896K)->58544K(107520K)
[363.222s][info][gc,heap        ] GC(1282) ParOldGen: 522855K(659456K)->522855K(659456K)
[363.222s][info][gc,metaspace   ] GC(1282) Metaspace: 18861K(19072K)->18861K(19072K) NonClass: 16201K(16320K)->16201K(16320K) Class: 2660K(2752K)->2660K(2752K)
[363.222s][info][gc             ] GC(1282) Pause Young (Allocation Failure) 635M->567M(855M) 43.458ms
[363.222s][info][gc,cpu         ] GC(1282) User=0.08s Sys=0.00s Real=0.04s
[363.278s][info][gc,start       ] GC(1283) Pause Young (Allocation Failure)
[363.343s][info][gc,heap        ] GC(1283) PSYoungGen: 167088K(216064K)->96560K(219136K) Eden: 108544K(108544K)->0K(108544K) From: 58544K(107520K)->96560K(110592K)
[363.343s][info][gc,heap        ] GC(1283) ParOldGen: 522855K(659456K)->522855K(659456K)
[363.343s][info][gc,metaspace   ] GC(1283) Metaspace: 18861K(19072K)->18861K(19072K) NonClass: 16201K(16320K)->16201K(16320K) Class: 2660K(2752K)->2660K(2752K)
[363.343s][info][gc             ] GC(1283) Pause Young (Allocation Failure) 673M->604M(858M) 65.410ms
[363.343s][info][gc,cpu         ] GC(1283) User=0.13s Sys=0.00s Real=0.06s
[363.409s][info][gc,start       ] GC(1284) Pause Young (Allocation Failure)
[363.500s][info][gc,heap        ] GC(1284) PSYoungGen: 205104K(219136K)->79008K(222720K) Eden: 108544K(108544K)->0K(111616K) From: 96560K(110592K)->79008K(111104K)
[363.500s][info][gc,heap        ] GC(1284) ParOldGen: 522855K(659456K)->582015K(659456K)
[363.500s][info][gc,metaspace   ] GC(1284) Metaspace: 18861K(19072K)->18861K(19072K) NonClass: 16201K(16320K)->16201K(16320K) Class: 2660K(2752K)->2660K(2752K)
[363.501s][info][gc             ] GC(1284) Pause Young (Allocation Failure) 710M->645M(861M) 91.383ms
[363.501s][info][gc,cpu         ] GC(1284) User=0.19s Sys=0.00s Real=0.09s
[363.598s][info][gc,start       ] GC(1285) Pause Young (Allocation Failure)
[363.686s][info][gc,heap        ] GC(1285) PSYoungGen: 190624K(222720K)->47126K(222720K) Eden: 111616K(111616K)->0K(111616K) From: 79008K(111104K)->47126K(111104K)
[363.687s][info][gc,heap        ] GC(1285) ParOldGen: 582015K(659456K)->662004K(662016K)
[363.687s][info][gc,metaspace   ] GC(1285) Metaspace: 18861K(19072K)->18861K(19072K) NonClass: 16201K(16320K)->16201K(16320K) Class: 2660K(2752K)->2660K(2752K)
[363.687s][info][gc             ] GC(1285) Pause Young (Allocation Failure) 754M->692M(864M) 88.839ms
[363.687s][info][gc,cpu         ] GC(1285) User=0.17s Sys=0.01s Real=0.09s
[363.897s][info][gc,start       ] GC(1286) Pause Full (Allocation Failure)
[363.897s][info][gc,phases,start] GC(1286) Marking Phase
[364.277s][info][gc,phases      ] GC(1286) Marking Phase 379.882ms
[364.277s][info][gc,phases,start] GC(1286) Summary Phase
[364.277s][info][gc,phases      ] GC(1286) Summary Phase 0.028ms
[364.277s][info][gc,phases,start] GC(1286) Forward
[364.423s][info][gc,phases      ] GC(1286) Forward 145.336ms
[364.423s][info][gc,phases,start] GC(1286) Adjust Pointers
[364.713s][info][gc,phases      ] GC(1286) Adjust Pointers 289.889ms
[364.713s][info][gc,phases,start] GC(1286) Compaction Phase
[364.892s][info][gc,phases      ] GC(1286) Compaction Phase 179.059ms
[364.903s][info][gc,phases,start] GC(1286) Post Compact
[364.906s][info][gc,phases      ] GC(1286) Post Compact 2.420ms
[364.906s][info][gc,heap        ] GC(1286) PSYoungGen: 158742K(222720K)->0K(222720K) Eden: 111616K(111616K)->0K(111616K) From: 47126K(111104K)->0K(111104K)
[364.906s][info][gc,heap        ] GC(1286) ParOldGen: 662004K(662016K)->572256K(667648K)
[364.906s][info][gc,metaspace   ] GC(1286) Metaspace: 18861K(19072K)->18861K(19072K) NonClass: 16201K(16320K)->16201K(16320K) Class: 2660K(2752K)->2660K(2752K)
[364.906s][info][gc             ] GC(1286) Pause Full (Allocation Failure) 801M->558M(869M) 1008.376ms
[364.906s][info][gc,cpu         ] GC(1286) User=1.90s Sys=0.00s Real=1.01s
[365.062s][info][gc,start       ] GC(1287) Pause Young (Allocation Failure)
[365.083s][info][gc,heap        ] GC(1287) PSYoungGen: 111616K(222720K)->12000K(222720K) Eden: 111616K(111616K)->0K(111616K) From: 0K(111104K)->12000K(111104K)
[365.083s][info][gc,heap        ] GC(1287) ParOldGen: 572256K(667648K)->572256K(667648K)
[365.083s][info][gc,metaspace   ] GC(1287) Metaspace: 18861K(19072K)->18861K(19072K) NonClass: 16201K(16320K)->16201K(16320K) Class: 2660K(2752K)->2660K(2752K)
[365.083s][info][gc             ] GC(1287) Pause Young (Allocation Failure) 667M->570M(869M) 20.979ms
[365.083s][info][gc,cpu         ] GC(1287) User=0.04s Sys=0.00s Real=0.02s
[365.191s][info][gc,start       ] GC(1288) Pause Young (Allocation Failure)
[365.222s][info][gc,heap        ] GC(1288) PSYoungGen: 123616K(222720K)->2048K(222720K) Eden: 111616K(111616K)->0K(111616K) From: 12000K(111104K)->2048K(111104K)
[365.222s][info][gc,heap        ] GC(1288) ParOldGen: 572256K(667648K)->584248K(667648K)
[365.222s][info][gc,metaspace   ] GC(1288) Metaspace: 18861K(19072K)->18861K(19072K) NonClass: 16201K(16320K)->16201K(16320K) Class: 2660K(2752K)->2660K(2752K)
[365.222s][info][gc             ] GC(1288) Pause Young (Allocation Failure) 679M->572M(869M) 31.029ms
[365.222s][info][gc,cpu         ] GC(1288) User=0.06s Sys=0.00s Real=0.03s
[365.367s][info][gc,start       ] GC(1289) Pause Young (Allocation Failure)
[365.411s][info][gc,heap        ] GC(1289) PSYoungGen: 113664K(222720K)->18253K(222720K) Eden: 111616K(111616K)->0K(111616K) From: 2048K(111104K)->18253K(111104K)
[365.411s][info][gc,heap        ] GC(1289) ParOldGen: 584248K(667648K)->586288K(667648K)
[365.411s][info][gc,metaspace   ] GC(1289) Metaspace: 18861K(19072K)->18861K(19072K) NonClass: 16201K(16320K)->16201K(16320K) Class: 2660K(2752K)->2660K(2752K)
[365.411s][info][gc             ] GC(1289) Pause Young (Allocation Failure) 681M->590M(869M) 44.106ms
[365.411s][info][gc,cpu         ] GC(1289) User=0.09s Sys=0.00s Real=0.04s
[365.579s][info][gc,start       ] GC(1290) Pause Young (Allocation Failure)
[365.630s][info][gc,heap        ] GC(1290) PSYoungGen: 129869K(222720K)->10400K(222720K) Eden: 111616K(111616K)->0K(111616K) From: 18253K(111104K)->10400K(111104K)
[365.630s][info][gc,heap        ] GC(1290) ParOldGen: 586288K(667648K)->603519K(667648K)
[365.630s][info][gc,metaspace   ] GC(1290) Metaspace: 18861K(19072K)->18861K(19072K) NonClass: 16201K(16320K)->16201K(16320K) Class: 2660K(2752K)->2660K(2752K)
[365.630s][info][gc             ] GC(1290) Pause Young (Allocation Failure) 699M->599M(869M) 51.388ms
[365.630s][info][gc,cpu         ] GC(1290) User=0.10s Sys=0.00s Real=0.05s
[365.792s][info][gc,start       ] GC(1291) Pause Young (Allocation Failure)
[365.809s][info][gc,heap        ] GC(1291) PSYoungGen: 122016K(222720K)->10368K(122368K) Eden: 111616K(111616K)->0K(111616K) From: 10400K(111104K)->10368K(10752K)
[365.809s][info][gc,heap        ] GC(1291) ParOldGen: 603519K(667648K)->603519K(667648K)
[365.809s][info][gc,metaspace   ] GC(1291) Metaspace: 18861K(19072K)->18861K(19072K) NonClass: 16201K(16320K)->16201K(16320K) Class: 2660K(2752K)->2660K(2752K)
[365.809s][info][gc             ] GC(1291) Pause Young (Allocation Failure) 708M->599M(771M) 17.484ms
[365.809s][info][gc,cpu         ] GC(1291) User=0.03s Sys=0.00s Real=0.02s
[365.969s][info][gc,start       ] GC(1292) Pause Young (Allocation Failure)
[365.987s][info][gc,heap        ] GC(1292) PSYoungGen: 121984K(122368K)->10368K(223232K) Eden: 111616K(111616K)->0K(116224K) From: 10368K(10752K)->10368K(107008K)
[365.987s][info][gc,heap        ] GC(1292) ParOldGen: 603519K(667648K)->603519K(667648K)
[365.987s][info][gc,metaspace   ] GC(1292) Metaspace: 18861K(19072K)->18861K(19072K) NonClass: 16201K(16320K)->16201K(16320K) Class: 2660K(2752K)->2660K(2752K)
[365.987s][info][gc             ] GC(1292) Pause Young (Allocation Failure) 708M->599M(870M) 17.473ms
[365.987s][info][gc,cpu         ] GC(1292) User=0.03s Sys=0.00s Real=0.02s
[366.154s][info][gc,start       ] GC(1293) Pause Young (Allocation Failure)
[366.171s][info][gc,heap        ] GC(1293) PSYoungGen: 126592K(223232K)->10400K(218624K) Eden: 116224K(116224K)->0K(116224K) From: 10368K(107008K)->10400K(102400K)
[366.171s][info][gc,heap        ] GC(1293) ParOldGen: 603519K(667648K)->603519K(667648K)
[366.171s][info][gc,metaspace   ] GC(1293) Metaspace: 18861K(19072K)->18861K(19072K) NonClass: 16201K(16320K)->16201K(16320K) Class: 2660K(2752K)->2660K(2752K)
[366.171s][info][gc             ] GC(1293) Pause Young (Allocation Failure) 712M->599M(865M) 17.738ms
[366.171s][info][gc,cpu         ] GC(1293) User=0.04s Sys=0.00s Real=0.01s
[366.339s][info][gc,start       ] GC(1294) Pause Young (Allocation Failure)
[366.356s][info][gc,heap        ] GC(1294) PSYoungGen: 126624K(218624K)->10400K(212992K) Eden: 116224K(116224K)->0K(124416K) From: 10400K(102400K)->10400K(88576K)
[366.357s][info][gc,heap        ] GC(1294) ParOldGen: 603519K(667648K)->603519K(667648K)
[366.357s][info][gc,metaspace   ] GC(1294) Metaspace: 18861K(19072K)->18861K(19072K) NonClass: 16201K(16320K)->16201K(16320K) Class: 2660K(2752K)->2660K(2752K)
[366.357s][info][gc             ] GC(1294) Pause Young (Allocation Failure) 713M->599M(860M) 17.889ms
[366.357s][info][gc,cpu         ] GC(1294) User=0.04s Sys=0.00s Real=0.02s
[366.531s][info][gc,start       ] GC(1295) Pause Young (Allocation Failure)
[366.549s][info][gc,heap        ] GC(1295) PSYoungGen: 134816K(212992K)->10400K(217600K) Eden: 124416K(124416K)->0K(124416K) From: 10400K(88576K)->10400K(93184K)
[366.549s][info][gc,heap        ] GC(1295) ParOldGen: 603519K(667648K)->603519K(667648K)
[366.549s][info][gc,metaspace   ] GC(1295) Metaspace: 18861K(19072K)->18861K(19072K) NonClass: 16201K(16320K)->16201K(16320K) Class: 2660K(2752K)->2660K(2752K)
[366.549s][info][gc             ] GC(1295) Pause Young (Allocation Failure) 721M->599M(864M) 17.587ms
[366.549s][info][gc,cpu         ] GC(1295) User=0.04s Sys=0.00s Real=0.02s
[366.723s][info][gc,start       ] GC(1296) Pause Young (Allocation Failure)
[366.741s][info][gc,heap        ] GC(1296) PSYoungGen: 134816K(217600K)->10400K(211968K) Eden: 124416K(124416K)->0K(132096K) From: 10400K(93184K)->10400K(79872K)
[366.741s][info][gc,heap        ] GC(1296) ParOldGen: 603519K(667648K)->603519K(667648K)
[366.741s][info][gc,metaspace   ] GC(1296) Metaspace: 18861K(19072K)->18861K(19072K) NonClass: 16201K(16320K)->16201K(16320K) Class: 2660K(2752K)->2660K(2752K)
[366.741s][info][gc             ] GC(1296) Pause Young (Allocation Failure) 721M->599M(859M) 18.350ms
[366.741s][info][gc,cpu         ] GC(1296) User=0.04s Sys=0.00s Real=0.02s
[366.909s][info][gc,start       ] GC(1297) Pause Young (Allocation Failure)
[366.939s][info][gc,heap        ] GC(1297) PSYoungGen: 142496K(211968K)->22464K(216576K) Eden: 132096K(132096K)->0K(132096K) From: 10400K(79872K)->22464K(84480K)
[366.939s][info][gc,heap        ] GC(1297) ParOldGen: 603519K(667648K)->603519K(667648K)
[366.939s][info][gc,metaspace   ] GC(1297) Metaspace: 18861K(19072K)->18861K(19072K) NonClass: 16201K(16320K)->16201K(16320K) Class: 2660K(2752K)->2660K(2752K)
[366.939s][info][gc             ] GC(1297) Pause Young (Allocation Failure) 728M->611M(863M) 29.930ms
[366.939s][info][gc,cpu         ] GC(1297) User=0.06s Sys=0.00s Real=0.03s
[367.071s][info][gc,start       ] GC(1298) Pause Young (Allocation Failure)
[367.115s][info][gc,heap        ] GC(1298) PSYoungGen: 154560K(216576K)->37920K(218112K) Eden: 132096K(132096K)->0K(139776K) From: 22464K(84480K)->37920K(78336K)
[367.115s][info][gc,heap        ] GC(1298) ParOldGen: 603519K(667648K)->603519K(667648K)
[367.115s][info][gc,metaspace   ] GC(1298) Metaspace: 18861K(19072K)->18861K(19072K) NonClass: 16201K(16320K)->16201K(16320K) Class: 2660K(2752K)->2660K(2752K)
[367.115s][info][gc             ] GC(1298) Pause Young (Allocation Failure) 740M->626M(865M) 43.911ms
[367.115s][info][gc,cpu         ] GC(1298) User=0.09s Sys=0.00s Real=0.05s
[367.233s][info][gc,start       ] GC(1299) Pause Young (Allocation Failure)
[367.278s][info][gc,heap        ] GC(1299) PSYoungGen: 177696K(218112K)->41408K(218624K) Eden: 139776K(139776K)->0K(139776K) From: 37920K(78336K)->41408K(78848K)
[367.278s][info][gc,heap        ] GC(1299) ParOldGen: 603519K(667648K)->603519K(667648K)
[367.278s][info][gc,metaspace   ] GC(1299) Metaspace: 18861K(19072K)->18861K(19072K) NonClass: 16201K(16320K)->16201K(16320K) Class: 2660K(2752K)->2660K(2752K)
[367.278s][info][gc             ] GC(1299) Pause Young (Allocation Failure) 762M->629M(865M) 45.766ms
[367.278s][info][gc,cpu         ] GC(1299) User=0.09s Sys=0.00s Real=0.05s
[367.407s][info][gc,start       ] GC(1300) Pause Young (Allocation Failure)
[367.454s][info][gc,heap        ] GC(1300) PSYoungGen: 181184K(218624K)->43168K(229376K) Eden: 139776K(139776K)->0K(149504K) From: 41408K(78848K)->43168K(79872K)
[367.454s][info][gc,heap        ] GC(1300) ParOldGen: 603519K(667648K)->603519K(667648K)
[367.454s][info][gc,metaspace   ] GC(1300) Metaspace: 18861K(19072K)->18861K(19072K) NonClass: 16201K(16320K)->16201K(16320K) Class: 2660K(2752K)->2660K(2752K)
[367.454s][info][gc             ] GC(1300) Pause Young (Allocation Failure) 766M->631M(876M) 47.546ms
[367.454s][info][gc,cpu         ] GC(1300) User=0.09s Sys=0.00s Real=0.05s
[367.622s][info][gc,start       ] GC(1301) Pause Young (Allocation Failure)
[367.675s][info][gc,heap        ] GC(1301) PSYoungGen: 192672K(229376K)->50208K(230912K) Eden: 149504K(149504K)->0K(149504K) From: 43168K(79872K)->50208K(81408K)
[367.675s][info][gc,heap        ] GC(1301) ParOldGen: 603519K(667648K)->603519K(667648K)
[367.675s][info][gc,metaspace   ] GC(1301) Metaspace: 18861K(19072K)->18861K(19072K) NonClass: 16201K(16320K)->16201K(16320K) Class: 2660K(2752K)->2660K(2752K)
[367.675s][info][gc             ] GC(1301) Pause Young (Allocation Failure) 777M->638M(877M) 53.592ms
[367.675s][info][gc,cpu         ] GC(1301) User=0.11s Sys=0.00s Real=0.06s
[367.965s][info][gc,start       ] GC(1302) Pause Young (Allocation Failure)
[368.022s][info][gc,heap        ] GC(1302) PSYoungGen: 199712K(230912K)->51296K(244224K) Eden: 149504K(149504K)->0K(159744K) From: 50208K(81408K)->51296K(84480K)
[368.022s][info][gc,heap        ] GC(1302) ParOldGen: 603519K(667648K)->603519K(667648K)
[368.022s][info][gc,metaspace   ] GC(1302) Metaspace: 18861K(19072K)->18861K(19072K) NonClass: 16201K(16320K)->16201K(16320K) Class: 2660K(2752K)->2660K(2752K)
[368.022s][info][gc             ] GC(1302) Pause Young (Allocation Failure) 784M->639M(890M) 56.482ms
[368.022s][info][gc,cpu         ] GC(1302) User=0.11s Sys=0.00s Real=0.05s
[368.319s][info][gc,start       ] GC(1303) Pause Young (Allocation Failure)
[368.379s][info][gc,heap        ] GC(1303) PSYoungGen: 211040K(244224K)->51424K(211456K) Eden: 159744K(159744K)->0K(159744K) From: 51296K(84480K)->51424K(51712K)
[368.379s][info][gc,heap        ] GC(1303) ParOldGen: 603519K(667648K)->603519K(667648K)
[368.379s][info][gc,metaspace   ] GC(1303) Metaspace: 18861K(19072K)->18861K(19072K) NonClass: 16201K(16320K)->16201K(16320K) Class: 2660K(2752K)->2660K(2752K)
[368.379s][info][gc             ] GC(1303) Pause Young (Allocation Failure) 795M->639M(858M) 59.847ms
[368.379s][info][gc,cpu         ] GC(1303) User=0.12s Sys=0.00s Real=0.06s
[368.658s][info][gc,start       ] GC(1304) Pause Young (Allocation Failure)
[368.713s][info][gc,heap        ] GC(1304) PSYoungGen: 211168K(211456K)->51424K(242688K) Eden: 159744K(159744K)->0K(153600K) From: 51424K(51712K)->51424K(89088K)
[368.713s][info][gc,heap        ] GC(1304) ParOldGen: 603519K(667648K)->603519K(667648K)
[368.713s][info][gc,metaspace   ] GC(1304) Metaspace: 18861K(19072K)->18861K(19072K) NonClass: 16201K(16320K)->16201K(16320K) Class: 2660K(2752K)->2660K(2752K)
[368.713s][info][gc             ] GC(1304) Pause Young (Allocation Failure) 795M->639M(889M) 55.089ms
[368.713s][info][gc,cpu         ] GC(1304) User=0.11s Sys=0.00s Real=0.05s
[368.985s][info][gc,start       ] GC(1305) Pause Young (Allocation Failure)
[369.049s][info][gc,heap        ] GC(1305) PSYoungGen: 205024K(242688K)->51136K(204800K) Eden: 153600K(153600K)->0K(153600K) From: 51424K(89088K)->51136K(51200K)
[369.049s][info][gc,heap        ] GC(1305) ParOldGen: 603519K(667648K)->613895K(667648K)
[369.049s][info][gc,metaspace   ] GC(1305) Metaspace: 18861K(19072K)->18861K(19072K) NonClass: 16201K(16320K)->16201K(16320K) Class: 2660K(2752K)->2660K(2752K)
[369.049s][info][gc             ] GC(1305) Pause Young (Allocation Failure) 789M->649M(852M) 64.459ms
[369.049s][info][gc,cpu         ] GC(1305) User=0.13s Sys=0.00s Real=0.06s
[369.225s][info][gc,start       ] GC(1306) Pause Young (Allocation Failure)
[369.279s][info][gc,heap        ] GC(1306) PSYoungGen: 204736K(204800K)->54144K(241152K) Eden: 153600K(153600K)->0K(150528K) From: 51136K(51200K)->54144K(90624K)
[369.279s][info][gc,heap        ] GC(1306) ParOldGen: 613895K(667648K)->613895K(667648K)
[369.279s][info][gc,metaspace   ] GC(1306) Metaspace: 18861K(19072K)->18861K(19072K) NonClass: 16201K(16320K)->16201K(16320K) Class: 2660K(2752K)->2660K(2752K)
[369.279s][info][gc             ] GC(1306) Pause Young (Allocation Failure) 799M->652M(887M) 54.703ms
[369.279s][info][gc,cpu         ] GC(1306) User=0.11s Sys=0.00s Real=0.05s
[369.416s][info][gc,start       ] GC(1307) Pause Young (Allocation Failure)
[369.496s][info][gc,heap        ] GC(1307) PSYoungGen: 204672K(241152K)->91632K(242176K) Eden: 150528K(150528K)->0K(150528K) From: 54144K(90624K)->91632K(91648K)
[369.496s][info][gc,heap        ] GC(1307) ParOldGen: 613895K(667648K)->614551K(667648K)
[369.496s][info][gc,metaspace   ] GC(1307) Metaspace: 18861K(19072K)->18861K(19072K) NonClass: 16201K(16320K)->16201K(16320K) Class: 2660K(2752K)->2660K(2752K)
[369.497s][info][gc             ] GC(1307) Pause Young (Allocation Failure) 799M->689M(888M) 80.372ms
[369.497s][info][gc,cpu         ] GC(1307) User=0.15s Sys=0.00s Real=0.08s
[369.724s][info][gc,start       ] GC(1308) Pause Young (Allocation Failure)
[369.836s][info][gc,heap        ] GC(1308) PSYoungGen: 242160K(242176K)->91648K(203264K) Eden: 150528K(150528K)->0K(111616K) From: 91632K(91648K)->91648K(91648K)
[369.836s][info][gc,heap        ] GC(1308) ParOldGen: 614551K(667648K)->632274K(667648K)
[369.836s][info][gc,metaspace   ] GC(1308) Metaspace: 18861K(19072K)->18861K(19072K) NonClass: 16201K(16320K)->16201K(16320K) Class: 2660K(2752K)->2660K(2752K)
[369.836s][info][gc             ] GC(1308) Pause Young (Allocation Failure) 836M->706M(850M) 112.199ms
[369.836s][info][gc,cpu         ] GC(1308) User=0.20s Sys=0.02s Real=0.11s
[369.992s][info][gc,start       ] GC(1309) Pause Full (Allocation Failure)
[369.992s][info][gc,phases,start] GC(1309) Marking Phase
[370.170s][info][gc,phases      ] GC(1309) Marking Phase 178.277ms
[370.170s][info][gc,phases,start] GC(1309) Summary Phase
[370.170s][info][gc,phases      ] GC(1309) Summary Phase 0.029ms
[370.170s][info][gc,phases,start] GC(1309) Forward
[370.254s][info][gc,phases      ] GC(1309) Forward 83.128ms
[370.254s][info][gc,phases,start] GC(1309) Adjust Pointers
[370.411s][info][gc,phases      ] GC(1309) Adjust Pointers 157.666ms
[370.411s][info][gc,phases,start] GC(1309) Compaction Phase
[370.500s][info][gc,phases      ] GC(1309) Compaction Phase 88.904ms
[370.515s][info][gc,phases,start] GC(1309) Post Compact
[370.518s][info][gc,phases      ] GC(1309) Post Compact 2.434ms
[370.525s][info][gc,heap        ] GC(1309) PSYoungGen: 203264K(203264K)->0K(222720K) Eden: 111616K(111616K)->0K(111616K) From: 91648K(91648K)->0K(111104K)
[370.525s][info][gc,heap        ] GC(1309) ParOldGen: 632274K(667648K)->289345K(578048K)
[370.525s][info][gc,metaspace   ] GC(1309) Metaspace: 18861K(19072K)->18861K(19072K) NonClass: 16201K(16320K)->16201K(16320K) Class: 2660K(2752K)->2660K(2752K)
[370.525s][info][gc             ] GC(1309) Pause Full (Allocation Failure) 815M->282M(782M) 532.922ms
[370.525s][info][gc,cpu         ] GC(1309) User=0.93s Sys=0.01s Real=0.54s
[370.686s][info][gc,start       ] GC(1310) Pause Young (Allocation Failure)
[370.687s][info][gc,heap        ] GC(1310) PSYoungGen: 111616K(222720K)->64K(222720K) Eden: 111616K(111616K)->0K(111616K) From: 0K(111104K)->64K(111104K)
[370.687s][info][gc,heap        ] GC(1310) ParOldGen: 289345K(578048K)->289345K(578048K)
[370.687s][info][gc,metaspace   ] GC(1310) Metaspace: 18861K(19072K)->18861K(19072K) NonClass: 16201K(16320K)->16201K(16320K) Class: 2660K(2752K)->2660K(2752K)
[370.687s][info][gc             ] GC(1310) Pause Young (Allocation Failure) 391M->282M(782M) 1.178ms
[370.687s][info][gc,cpu         ] GC(1310) User=0.00s Sys=0.00s Real=0.00s
[370.833s][info][gc,start       ] GC(1311) Pause Young (Allocation Failure)
[370.835s][info][gc,heap        ] GC(1311) PSYoungGen: 111680K(222720K)->64K(222720K) Eden: 111616K(111616K)->0K(111616K) From: 64K(111104K)->64K(111104K)
[370.835s][info][gc,heap        ] GC(1311) ParOldGen: 289345K(578048K)->289345K(578048K)
[370.835s][info][gc,metaspace   ] GC(1311) Metaspace: 18861K(19072K)->18861K(19072K) NonClass: 16201K(16320K)->16201K(16320K) Class: 2660K(2752K)->2660K(2752K)
[370.835s][info][gc             ] GC(1311) Pause Young (Allocation Failure) 391M->282M(782M) 1.712ms
[370.835s][info][gc,cpu         ] GC(1311) User=0.00s Sys=0.00s Real=0.01s
[370.982s][info][gc,start       ] GC(1312) Pause Young (Allocation Failure)
[370.983s][info][gc,heap        ] GC(1312) PSYoungGen: 111680K(222720K)->64K(222720K) Eden: 111616K(111616K)->0K(111616K) From: 64K(111104K)->64K(111104K)
[370.983s][info][gc,heap        ] GC(1312) ParOldGen: 289345K(578048K)->289345K(578048K)
[370.983s][info][gc,metaspace   ] GC(1312) Metaspace: 18861K(19072K)->18861K(19072K) NonClass: 16201K(16320K)->16201K(16320K) Class: 2660K(2752K)->2660K(2752K)
[370.983s][info][gc             ] GC(1312) Pause Young (Allocation Failure) 391M->282M(782M) 1.156ms
[370.983s][info][gc,cpu         ] GC(1312) User=0.01s Sys=0.00s Real=0.00s
[371.129s][info][gc,start       ] GC(1313) Pause Young (Allocation Failure)
[371.130s][info][gc,heap        ] GC(1313) PSYoungGen: 111680K(222720K)->64K(222720K) Eden: 111616K(111616K)->0K(111616K) From: 64K(111104K)->64K(111104K)
[371.130s][info][gc,heap        ] GC(1313) ParOldGen: 289345K(578048K)->289345K(578048K)
[371.130s][info][gc,metaspace   ] GC(1313) Metaspace: 18861K(19072K)->18861K(19072K) NonClass: 16201K(16320K)->16201K(16320K) Class: 2660K(2752K)->2660K(2752K)
[371.130s][info][gc             ] GC(1313) Pause Young (Allocation Failure) 391M->282M(782M) 1.149ms
[371.130s][info][gc,cpu         ] GC(1313) User=0.00s Sys=0.00s Real=0.00s
[371.277s][info][gc,start       ] GC(1314) Pause Young (Allocation Failure)
[371.278s][info][gc,heap        ] GC(1314) PSYoungGen: 111680K(222720K)->64K(222720K) Eden: 111616K(111616K)->0K(111616K) From: 64K(111104K)->64K(111104K)
[371.278s][info][gc,heap        ] GC(1314) ParOldGen: 289345K(578048K)->289345K(578048K)
[371.278s][info][gc,metaspace   ] GC(1314) Metaspace: 18861K(19072K)->18861K(19072K) NonClass: 16201K(16320K)->16201K(16320K) Class: 2660K(2752K)->2660K(2752K)
[371.278s][info][gc             ] GC(1314) Pause Young (Allocation Failure) 391M->282M(782M) 1.176ms
[371.278s][info][gc,cpu         ] GC(1314) User=0.00s Sys=0.00s Real=0.00s
[371.423s][info][gc,start       ] GC(1315) Pause Young (Allocation Failure)
[371.424s][info][gc,heap        ] GC(1315) PSYoungGen: 111680K(222720K)->64K(222720K) Eden: 111616K(111616K)->0K(111616K) From: 64K(111104K)->64K(111104K)
[371.424s][info][gc,heap        ] GC(1315) ParOldGen: 289345K(578048K)->289345K(578048K)
[371.424s][info][gc,metaspace   ] GC(1315) Metaspace: 18861K(19072K)->18861K(19072K) NonClass: 16201K(16320K)->16201K(16320K) Class: 2660K(2752K)->2660K(2752K)
[371.424s][info][gc             ] GC(1315) Pause Young (Allocation Failure) 391M->282M(782M) 1.158ms
[371.424s][info][gc,cpu         ] GC(1315) User=0.00s Sys=0.00s Real=0.01s
[371.573s][info][gc,start       ] GC(1316) Pause Young (Allocation Failure)
[371.574s][info][gc,heap        ] GC(1316) PSYoungGen: 111680K(222720K)->64K(220672K) Eden: 111616K(111616K)->0K(111616K) From: 64K(111104K)->64K(109056K)
[371.574s][info][gc,heap        ] GC(1316) ParOldGen: 289345K(578048K)->289345K(578048K)
[371.574s][info][gc,metaspace   ] GC(1316) Metaspace: 18861K(19072K)->18861K(19072K) NonClass: 16201K(16320K)->16201K(16320K) Class: 2660K(2752K)->2660K(2752K)
[371.574s][info][gc             ] GC(1316) Pause Young (Allocation Failure) 391M->282M(780M) 1.471ms
[371.574s][info][gc,cpu         ] GC(1316) User=0.00s Sys=0.00s Real=0.01s
[371.688s][info][gc,start       ] GC(1317) Pause Young (Allocation Failure)
[371.708s][info][gc,heap        ] GC(1317) PSYoungGen: 111680K(220672K)->16320K(128000K) Eden: 111616K(111616K)->0K(111616K) From: 64K(109056K)->16320K(16384K)
[371.708s][info][gc,heap        ] GC(1317) ParOldGen: 289345K(578048K)->289345K(578048K)
[371.708s][info][gc,metaspace   ] GC(1317) Metaspace: 18861K(19072K)->18861K(19072K) NonClass: 16201K(16320K)->16201K(16320K) Class: 2660K(2752K)->2660K(2752K)
[371.708s][info][gc             ] GC(1317) Pause Young (Allocation Failure) 391M->298M(689M) 19.748ms
[371.708s][info][gc,cpu         ] GC(1317) User=0.03s Sys=0.01s Real=0.02s
[371.811s][info][gc,start       ] GC(1318) Pause Young (Allocation Failure)
[371.838s][info][gc,heap        ] GC(1318) PSYoungGen: 127936K(128000K)->25536K(210432K) Eden: 111616K(111616K)->0K(118272K) From: 16320K(16384K)->25536K(92160K)
[371.838s][info][gc,heap        ] GC(1318) ParOldGen: 289345K(578048K)->289345K(578048K)
[371.838s][info][gc,metaspace   ] GC(1318) Metaspace: 18861K(19072K)->18861K(19072K) NonClass: 16201K(16320K)->16201K(16320K) Class: 2660K(2752K)->2660K(2752K)
[371.838s][info][gc             ] GC(1318) Pause Young (Allocation Failure) 407M->307M(770M) 27.663ms
[371.838s][info][gc,cpu         ] GC(1318) User=0.05s Sys=0.00s Real=0.03s
[371.944s][info][gc,start       ] GC(1319) Pause Young (Allocation Failure)
[371.972s][info][gc,heap        ] GC(1319) PSYoungGen: 143808K(210432K)->26944K(214016K) Eden: 118272K(118272K)->0K(118272K) From: 25536K(92160K)->26944K(95744K)
[371.972s][info][gc,heap        ] GC(1319) ParOldGen: 289345K(578048K)->289345K(578048K)
[371.972s][info][gc,metaspace   ] GC(1319) Metaspace: 18861K(19072K)->18861K(19072K) NonClass: 16201K(16320K)->16201K(16320K) Class: 2660K(2752K)->2660K(2752K)
[371.972s][info][gc             ] GC(1319) Pause Young (Allocation Failure) 423M->308M(773M) 27.680ms
[371.972s][info][gc,cpu         ] GC(1319) User=0.05s Sys=0.00s Real=0.02s
[372.080s][info][gc,start       ] GC(1320) Pause Young (Allocation Failure)
[372.110s][info][gc,heap        ] GC(1320) PSYoungGen: 145216K(214016K)->29600K(209408K) Eden: 118272K(118272K)->0K(127488K) From: 26944K(95744K)->29600K(81920K)
[372.110s][info][gc,heap        ] GC(1320) ParOldGen: 289345K(578048K)->289345K(578048K)
[372.110s][info][gc,metaspace   ] GC(1320) Metaspace: 18861K(19072K)->18861K(19072K) NonClass: 16201K(16320K)->16201K(16320K) Class: 2660K(2752K)->2660K(2752K)
[372.110s][info][gc             ] GC(1320) Pause Young (Allocation Failure) 424M->311M(769M) 30.498ms
[372.110s][info][gc,cpu         ] GC(1320) User=0.06s Sys=0.00s Real=0.03s
[372.202s][info][gc,start       ] GC(1321) Pause Young (Allocation Failure)
[372.253s][info][gc,heap        ] GC(1321) PSYoungGen: 157088K(209408K)->47840K(212992K) Eden: 127488K(127488K)->0K(127488K) From: 29600K(81920K)->47840K(85504K)
[372.253s][info][gc,heap        ] GC(1321) ParOldGen: 289345K(578048K)->289345K(578048K)
[372.253s][info][gc,metaspace   ] GC(1321) Metaspace: 18861K(19072K)->18861K(19072K) NonClass: 16201K(16320K)->16201K(16320K) Class: 2660K(2752K)->2660K(2752K)
[372.253s][info][gc             ] GC(1321) Pause Young (Allocation Failure) 435M->329M(772M) 51.322ms
[372.253s][info][gc,cpu         ] GC(1321) User=0.10s Sys=0.00s Real=0.05s
[372.358s][info][gc,start       ] GC(1322) Pause Young (Allocation Failure)
[372.427s][info][gc,heap        ] GC(1322) PSYoungGen: 175328K(212992K)->69824K(217600K) Eden: 127488K(127488K)->0K(129536K) From: 47840K(85504K)->69824K(88064K)
[372.427s][info][gc,heap        ] GC(1322) ParOldGen: 289345K(578048K)->289345K(578048K)
[372.427s][info][gc,metaspace   ] GC(1322) Metaspace: 18861K(19072K)->18861K(19072K) NonClass: 16201K(16320K)->16201K(16320K) Class: 2660K(2752K)->2660K(2752K)
[372.427s][info][gc             ] GC(1322) Pause Young (Allocation Failure) 453M->350M(777M) 68.855ms
[372.427s][info][gc,cpu         ] GC(1322) User=0.13s Sys=0.00s Real=0.07s
[372.565s][info][gc,start       ] GC(1323) Pause Young (Allocation Failure)
[372.651s][info][gc,heap        ] GC(1323) PSYoungGen: 199360K(217600K)->87552K(217088K) Eden: 129536K(129536K)->0K(129536K) From: 69824K(88064K)->87552K(87552K)
[372.651s][info][gc,heap        ] GC(1323) ParOldGen: 289345K(578048K)->289353K(578048K)
[372.651s][info][gc,metaspace   ] GC(1323) Metaspace: 18861K(19072K)->18861K(19072K) NonClass: 16201K(16320K)->16201K(16320K) Class: 2660K(2752K)->2660K(2752K)
[372.651s][info][gc             ] GC(1323) Pause Young (Allocation Failure) 477M->368M(776M) 85.914ms
[372.651s][info][gc,cpu         ] GC(1323) User=0.17s Sys=0.00s Real=0.08s
[372.850s][info][gc,start       ] GC(1324) Pause Young (Allocation Failure)
[372.972s][info][gc,heap        ] GC(1324) PSYoungGen: 217088K(217088K)->111104K(222720K) Eden: 129536K(129536K)->0K(111616K) From: 87552K(87552K)->111104K(111104K)
[372.972s][info][gc,heap        ] GC(1324) ParOldGen: 289353K(578048K)->289985K(578048K)
[372.972s][info][gc,metaspace   ] GC(1324) Metaspace: 18861K(19072K)->18861K(19072K) NonClass: 16201K(16320K)->16201K(16320K) Class: 2660K(2752K)->2660K(2752K)
[372.972s][info][gc             ] GC(1324) Pause Young (Allocation Failure) 494M->391M(782M) 122.238ms
[372.972s][info][gc,cpu         ] GC(1324) User=0.22s Sys=0.02s Real=0.12s
[373.053s][info][gc,start       ] GC(1325) Pause Young (Allocation Failure)
[373.162s][info][gc,heap        ] GC(1325) PSYoungGen: 222720K(222720K)->111104K(222720K) Eden: 111616K(111616K)->0K(111616K) From: 111104K(111104K)->111104K(111104K)
[373.162s][info][gc,heap        ] GC(1325) ParOldGen: 289985K(578048K)->294225K(578048K)
[373.162s][info][gc,metaspace   ] GC(1325) Metaspace: 18861K(19072K)->18861K(19072K) NonClass: 16201K(16320K)->16201K(16320K) Class: 2660K(2752K)->2660K(2752K)
[373.162s][info][gc             ] GC(1325) Pause Young (Allocation Failure) 500M->395M(782M) 109.842ms
[373.162s][info][gc,cpu         ] GC(1325) User=0.22s Sys=0.00s Real=0.11s
[373.295s][info][gc,start       ] GC(1326) Pause Young (Allocation Failure)
[373.403s][info][gc,heap        ] GC(1326) PSYoungGen: 222720K(222720K)->111104K(222720K) Eden: 111616K(111616K)->0K(111616K) From: 111104K(111104K)->111104K(111104K)
[373.404s][info][gc,heap        ] GC(1326) ParOldGen: 294225K(578048K)->294993K(578048K)
[373.404s][info][gc,metaspace   ] GC(1326) Metaspace: 18861K(19072K)->18861K(19072K) NonClass: 16201K(16320K)->16201K(16320K) Class: 2660K(2752K)->2660K(2752K)
[373.404s][info][gc             ] GC(1326) Pause Young (Allocation Failure) 504M->396M(782M) 108.639ms
[373.404s][info][gc,cpu         ] GC(1326) User=0.22s Sys=0.00s Real=0.11s
[373.527s][info][gc,start       ] GC(1327) Pause Young (Allocation Failure)
[373.634s][info][gc,heap        ] GC(1327) PSYoungGen: 222720K(222720K)->90144K(222720K) Eden: 111616K(111616K)->0K(111616K) From: 111104K(111104K)->90144K(111104K)
[373.634s][info][gc,heap        ] GC(1327) ParOldGen: 294993K(578048K)->317257K(578048K)
[373.634s][info][gc,metaspace   ] GC(1327) Metaspace: 18861K(19072K)->18861K(19072K) NonClass: 16201K(16320K)->16201K(16320K) Class: 2660K(2752K)->2660K(2752K)
[373.634s][info][gc             ] GC(1327) Pause Young (Allocation Failure) 505M->397M(782M) 107.204ms
[373.634s][info][gc,cpu         ] GC(1327) User=0.21s Sys=0.00s Real=0.11s
[373.747s][info][gc,start       ] GC(1328) Pause Young (Allocation Failure)
[373.838s][info][gc,heap        ] GC(1328) PSYoungGen: 201760K(222720K)->89888K(222720K) Eden: 111616K(111616K)->0K(111616K) From: 90144K(111104K)->89888K(111104K)
[373.838s][info][gc,heap        ] GC(1328) ParOldGen: 317257K(578048K)->320753K(578048K)
[373.838s][info][gc,metaspace   ] GC(1328) Metaspace: 18861K(19072K)->18861K(19072K) NonClass: 16201K(16320K)->16201K(16320K) Class: 2660K(2752K)->2660K(2752K)
[373.838s][info][gc             ] GC(1328) Pause Young (Allocation Failure) 506M->401M(782M) 90.883ms
[373.838s][info][gc,cpu         ] GC(1328) User=0.18s Sys=0.00s Real=0.09s
[373.965s][info][gc,start       ] GC(1329) Pause Young (Allocation Failure)
[374.052s][info][gc,heap        ] GC(1329) PSYoungGen: 201504K(222720K)->51168K(222720K) Eden: 111616K(111616K)->0K(111616K) From: 89888K(111104K)->51168K(111104K)
[374.052s][info][gc,heap        ] GC(1329) ParOldGen: 320753K(578048K)->359585K(578048K)
[374.052s][info][gc,metaspace   ] GC(1329) Metaspace: 18861K(19072K)->18861K(19072K) NonClass: 16201K(16320K)->16201K(16320K) Class: 2660K(2752K)->2660K(2752K)
[374.052s][info][gc             ] GC(1329) Pause Young (Allocation Failure) 510M->401M(782M) 87.203ms
[374.052s][info][gc,cpu         ] GC(1329) User=0.17s Sys=0.00s Real=0.08s
[374.205s][info][gc,start       ] GC(1330) Pause Young (Allocation Failure)
[374.258s][info][gc,heap        ] GC(1330) PSYoungGen: 162784K(222720K)->9632K(222720K) Eden: 111616K(111616K)->0K(111616K) From: 51168K(111104K)->9632K(111104K)
[374.258s][info][gc,heap        ] GC(1330) ParOldGen: 359585K(578048K)->401409K(578048K)
[374.258s][info][gc,metaspace   ] GC(1330) Metaspace: 18861K(19072K)->18861K(19072K) NonClass: 16201K(16320K)->16201K(16320K) Class: 2660K(2752K)->2660K(2752K)
[374.258s][info][gc             ] GC(1330) Pause Young (Allocation Failure) 510M->401M(782M) 53.323ms
[374.258s][info][gc,cpu         ] GC(1330) User=0.11s Sys=0.00s Real=0.05s
[374.394s][info][gc,start       ] GC(1331) Pause Young (Allocation Failure)
[374.432s][info][gc,heap        ] GC(1331) PSYoungGen: 121248K(222720K)->31680K(222720K) Eden: 111616K(111616K)->0K(111616K) From: 9632K(111104K)->31680K(111104K)
[374.432s][info][gc,heap        ] GC(1331) ParOldGen: 401409K(578048K)->406367K(578048K)
[374.432s][info][gc,metaspace   ] GC(1331) Metaspace: 18861K(19072K)->18861K(19072K) NonClass: 16201K(16320K)->16201K(16320K) Class: 2660K(2752K)->2660K(2752K)
[374.432s][info][gc             ] GC(1331) Pause Young (Allocation Failure) 510M->427M(782M) 38.100ms
[374.432s][info][gc,cpu         ] GC(1331) User=0.07s Sys=0.00s Real=0.03s
[374.492s][info][gc,start       ] GC(1332) Pause Young (Allocation Failure)
[374.552s][info][gc,heap        ] GC(1332) PSYoungGen: 143296K(222720K)->64656K(222720K) Eden: 111616K(111616K)->0K(111616K) From: 31680K(111104K)->64656K(111104K)
[374.552s][info][gc,heap        ] GC(1332) ParOldGen: 406367K(578048K)->410839K(578048K)
[374.552s][info][gc,metaspace   ] GC(1332) Metaspace: 18861K(19072K)->18861K(19072K) NonClass: 16201K(16320K)->16201K(16320K) Class: 2660K(2752K)->2660K(2752K)
[374.552s][info][gc             ] GC(1332) Pause Young (Allocation Failure) 536M->464M(782M) 60.409ms
[374.552s][info][gc,cpu         ] GC(1332) User=0.12s Sys=0.00s Real=0.06s
[374.712s][info][gc,start       ] GC(1333) Pause Young (Allocation Failure)
[374.783s][info][gc,heap        ] GC(1333) PSYoungGen: 176272K(222720K)->93488K(222720K) Eden: 111616K(111616K)->0K(111616K) From: 64656K(111104K)->93488K(111104K)
[374.783s][info][gc,heap        ] GC(1333) ParOldGen: 410839K(578048K)->411055K(578048K)
[374.783s][info][gc,metaspace   ] GC(1333) Metaspace: 18861K(19072K)->18861K(19072K) NonClass: 16201K(16320K)->16201K(16320K) Class: 2660K(2752K)->2660K(2752K)
[374.783s][info][gc             ] GC(1333) Pause Young (Allocation Failure) 573M->492M(782M) 70.934ms
[374.783s][info][gc,cpu         ] GC(1333) User=0.14s Sys=0.00s Real=0.08s
[374.895s][info][gc,start       ] GC(1334) Pause Young (Allocation Failure)
[374.969s][info][gc,heap        ] GC(1334) PSYoungGen: 205104K(222720K)->34864K(222720K) Eden: 111616K(111616K)->0K(111616K) From: 93488K(111104K)->34864K(111104K)
[374.969s][info][gc,heap        ] GC(1334) ParOldGen: 411055K(578048K)->475937K(578048K)
[374.969s][info][gc,metaspace   ] GC(1334) Metaspace: 18861K(19072K)->18861K(19072K) NonClass: 16201K(16320K)->16201K(16320K) Class: 2660K(2752K)->2660K(2752K)
[374.969s][info][gc             ] GC(1334) Pause Young (Allocation Failure) 601M->498M(782M) 74.403ms
[374.969s][info][gc,cpu         ] GC(1334) User=0.15s Sys=0.00s Real=0.07s
[375.056s][info][gc,start       ] GC(1335) Pause Young (Allocation Failure)
[375.088s][info][gc,heap        ] GC(1335) PSYoungGen: 146480K(222720K)->3200K(222720K) Eden: 111616K(111616K)->0K(111616K) From: 34864K(111104K)->3200K(111104K)
[375.088s][info][gc,heap        ] GC(1335) ParOldGen: 475937K(578048K)->511054K(578048K)
[375.088s][info][gc,metaspace   ] GC(1335) Metaspace: 18861K(19072K)->18861K(19072K) NonClass: 16201K(16320K)->16201K(16320K) Class: 2660K(2752K)->2660K(2752K)
[375.088s][info][gc             ] GC(1335) Pause Young (Allocation Failure) 607M->502M(782M) 31.750ms
[375.088s][info][gc,cpu         ] GC(1335) User=0.06s Sys=0.00s Real=0.03s
[375.247s][info][gc,start       ] GC(1336) Pause Young (Allocation Failure)
[375.253s][info][gc,heap        ] GC(1336) PSYoungGen: 114816K(222720K)->320K(222720K) Eden: 111616K(111616K)->0K(111616K) From: 3200K(111104K)->320K(111104K)
[375.253s][info][gc,heap        ] GC(1336) ParOldGen: 511054K(578048K)->514222K(578048K)
[375.253s][info][gc,metaspace   ] GC(1336) Metaspace: 18861K(19072K)->18861K(19072K) NonClass: 16201K(16320K)->16201K(16320K) Class: 2660K(2752K)->2660K(2752K)
[375.253s][info][gc             ] GC(1336) Pause Young (Allocation Failure) 611M->502M(782M) 6.229ms
[375.253s][info][gc,cpu         ] GC(1336) User=0.01s Sys=0.00s Real=0.00s
[375.410s][info][gc,start       ] GC(1337) Pause Young (Allocation Failure)
[375.414s][info][gc,heap        ] GC(1337) PSYoungGen: 111936K(222720K)->320K(222720K) Eden: 111616K(111616K)->0K(111616K) From: 320K(111104K)->320K(111104K)
[375.414s][info][gc,heap        ] GC(1337) ParOldGen: 514222K(578048K)->514510K(578048K)
[375.414s][info][gc,metaspace   ] GC(1337) Metaspace: 18861K(19072K)->18861K(19072K) NonClass: 16201K(16320K)->16201K(16320K) Class: 2660K(2752K)->2660K(2752K)
[375.414s][info][gc             ] GC(1337) Pause Young (Allocation Failure) 611M->502M(782M) 3.599ms
[375.414s][info][gc,cpu         ] GC(1337) User=0.00s Sys=0.00s Real=0.01s
[375.597s][info][gc,start       ] GC(1338) Pause Young (Allocation Failure)
[375.602s][info][gc,heap        ] GC(1338) PSYoungGen: 111936K(222720K)->704K(222720K) Eden: 111616K(111616K)->0K(111616K) From: 320K(111104K)->704K(111104K)
[375.602s][info][gc,heap        ] GC(1338) ParOldGen: 514510K(578048K)->514790K(578048K)
[375.602s][info][gc,metaspace   ] GC(1338) Metaspace: 18862K(19072K)->18862K(19072K) NonClass: 16202K(16320K)->16202K(16320K) Class: 2660K(2752K)->2660K(2752K)
[375.602s][info][gc             ] GC(1338) Pause Young (Allocation Failure) 611M->503M(782M) 4.858ms
[375.602s][info][gc,cpu         ] GC(1338) User=0.01s Sys=0.00s Real=0.00s
[375.717s][info][gc,start       ] GC(1339) Pause Young (Allocation Failure)
[375.723s][info][gc,heap        ] GC(1339) PSYoungGen: 112320K(222720K)->1280K(222720K) Eden: 111616K(111616K)->0K(111616K) From: 704K(111104K)->1280K(111104K)
[375.723s][info][gc,heap        ] GC(1339) ParOldGen: 514790K(578048K)->515478K(578048K)
[375.723s][info][gc,metaspace   ] GC(1339) Metaspace: 18862K(19072K)->18862K(19072K) NonClass: 16202K(16320K)->16202K(16320K) Class: 2660K(2752K)->2660K(2752K)
[375.723s][info][gc             ] GC(1339) Pause Young (Allocation Failure) 612M->504M(782M) 6.291ms
[375.723s][info][gc,cpu         ] GC(1339) User=0.01s Sys=0.00s Real=0.00s
[375.877s][info][gc,start       ] GC(1340) Pause Young (Allocation Failure)
[375.890s][info][gc,heap        ] GC(1340) PSYoungGen: 112896K(222720K)->1088K(222720K) Eden: 111616K(111616K)->0K(111616K) From: 1280K(111104K)->1088K(111104K)
[375.890s][info][gc,heap        ] GC(1340) ParOldGen: 515478K(578048K)->516750K(578048K)
[375.890s][info][gc,metaspace   ] GC(1340) Metaspace: 18862K(19072K)->18862K(19072K) NonClass: 16202K(16320K)->16202K(16320K) Class: 2660K(2752K)->2660K(2752K)
[375.890s][info][gc             ] GC(1340) Pause Young (Allocation Failure) 613M->505M(782M) 12.414ms
[375.890s][info][gc,cpu         ] GC(1340) User=0.03s Sys=0.00s Real=0.01s
[376.111s][info][gc,start       ] GC(1341) Pause Young (Allocation Failure)
[376.140s][info][gc,heap        ] GC(1341) PSYoungGen: 112704K(222720K)->14465K(222720K) Eden: 111616K(111616K)->0K(111616K) From: 1088K(111104K)->14465K(111104K)
[376.141s][info][gc,heap        ] GC(1341) ParOldGen: 516750K(578048K)->517810K(578048K)
[376.141s][info][gc,metaspace   ] GC(1341) Metaspace: 18865K(19072K)->18865K(19072K) NonClass: 16205K(16320K)->16205K(16320K) Class: 2660K(2752K)->2660K(2752K)
[376.141s][info][gc             ] GC(1341) Pause Young (Allocation Failure) 614M->519M(782M) 29.447ms
[376.141s][info][gc,cpu         ] GC(1341) User=0.06s Sys=0.00s Real=0.03s
[376.310s][info][gc,start       ] GC(1342) Pause Young (Allocation Failure)
[376.357s][info][gc,heap        ] GC(1342) PSYoungGen: 126081K(222720K)->22633K(222720K) Eden: 111616K(111616K)->0K(111616K) From: 14465K(111104K)->22633K(111104K)
[376.357s][info][gc,heap        ] GC(1342) ParOldGen: 517810K(578048K)->532287K(578048K)
[376.357s][info][gc,metaspace   ] GC(1342) Metaspace: 18865K(19072K)->18865K(19072K) NonClass: 16205K(16320K)->16205K(16320K) Class: 2660K(2752K)->2660K(2752K)
[376.357s][info][gc             ] GC(1342) Pause Young (Allocation Failure) 628M->541M(782M) 46.978ms
[376.357s][info][gc,cpu         ] GC(1342) User=0.10s Sys=0.00s Real=0.05s
[376.502s][info][gc,start       ] GC(1343) Pause Young (Allocation Failure)
[376.538s][info][gc,heap        ] GC(1343) PSYoungGen: 134249K(222720K)->12736K(124416K) Eden: 111616K(111616K)->0K(111616K) From: 22633K(111104K)->12736K(12800K)
[376.538s][info][gc,heap        ] GC(1343) ParOldGen: 532287K(578048K)->554952K(578048K)
[376.538s][info][gc,metaspace   ] GC(1343) Metaspace: 18865K(19072K)->18865K(19072K) NonClass: 16205K(16320K)->16205K(16320K) Class: 2660K(2752K)->2660K(2752K)
[376.538s][info][gc             ] GC(1343) Pause Young (Allocation Failure) 650M->554M(686M) 36.298ms
[376.538s][info][gc,cpu         ] GC(1343) User=0.08s Sys=0.00s Real=0.04s
[376.649s][info][gc,start       ] GC(1344) Pause Young (Allocation Failure)
[376.668s][info][gc,heap        ] GC(1344) PSYoungGen: 124352K(124416K)->15104K(224256K) Eden: 111616K(111616K)->0K(117760K) From: 12736K(12800K)->15104K(106496K)
[376.668s][info][gc,heap        ] GC(1344) ParOldGen: 554952K(578048K)->554952K(578048K)
[376.668s][info][gc,metaspace   ] GC(1344) Metaspace: 18865K(19072K)->18865K(19072K) NonClass: 16205K(16320K)->16205K(16320K) Class: 2660K(2752K)->2660K(2752K)
[376.668s][info][gc             ] GC(1344) Pause Young (Allocation Failure) 663M->556M(783M) 19.674ms
[376.668s][info][gc,cpu         ] GC(1344) User=0.03s Sys=0.00s Real=0.02s
[376.810s][info][gc,start       ] GC(1345) Pause Young (Allocation Failure)
[376.834s][info][gc,heap        ] GC(1345) PSYoungGen: 132864K(224256K)->17856K(135680K) Eden: 117760K(117760K)->0K(117760K) From: 15104K(106496K)->17856K(17920K)
[376.834s][info][gc,heap        ] GC(1345) ParOldGen: 554952K(578048K)->554952K(578048K)
[376.834s][info][gc,metaspace   ] GC(1345) Metaspace: 18868K(19072K)->18868K(19072K) NonClass: 16207K(16320K)->16207K(16320K) Class: 2660K(2752K)->2660K(2752K)
[376.834s][info][gc             ] GC(1345) Pause Young (Allocation Failure) 671M->559M(697M) 23.525ms
[376.834s][info][gc,cpu         ] GC(1345) User=0.05s Sys=0.01s Real=0.03s
[376.957s][info][gc,start       ] GC(1346) Pause Young (Allocation Failure)
[376.976s][info][gc,heap        ] GC(1346) PSYoungGen: 135616K(135680K)->18144K(215552K) Eden: 117760K(117760K)->0K(126976K) From: 17856K(17920K)->18144K(88576K)
[376.976s][info][gc,heap        ] GC(1346) ParOldGen: 554952K(578048K)->554952K(578048K)
[376.976s][info][gc,metaspace   ] GC(1346) Metaspace: 18868K(19072K)->18868K(19072K) NonClass: 16207K(16320K)->16207K(16320K) Class: 2660K(2752K)->2660K(2752K)
[376.976s][info][gc             ] GC(1346) Pause Young (Allocation Failure) 674M->559M(775M) 19.829ms
[376.976s][info][gc,cpu         ] GC(1346) User=0.04s Sys=0.00s Real=0.02s
[377.056s][info][gc,start       ] GC(1347) Pause Young (Allocation Failure)
[377.079s][info][gc,heap        ] GC(1347) PSYoungGen: 145120K(215552K)->18112K(218112K) Eden: 126976K(126976K)->0K(126976K) From: 18144K(88576K)->18112K(91136K)
[377.079s][info][gc,heap        ] GC(1347) ParOldGen: 554952K(578048K)->554952K(578048K)
[377.079s][info][gc,metaspace   ] GC(1347) Metaspace: 18868K(19072K)->18868K(19072K) NonClass: 16207K(16320K)->16207K(16320K) Class: 2660K(2752K)->2660K(2752K)
[377.079s][info][gc             ] GC(1347) Pause Young (Allocation Failure) 683M->559M(777M) 23.005ms
[377.079s][info][gc,cpu         ] GC(1347) User=0.04s Sys=0.00s Real=0.02s
[377.255s][info][gc,start       ] GC(1348) Pause Young (Allocation Failure)
[377.281s][info][gc,heap        ] GC(1348) PSYoungGen: 145088K(218112K)->23744K(209920K) Eden: 126976K(126976K)->0K(137216K) From: 18112K(91136K)->23744K(72704K)
[377.281s][info][gc,heap        ] GC(1348) ParOldGen: 554952K(578048K)->554952K(578048K)
[377.281s][info][gc,metaspace   ] GC(1348) Metaspace: 18868K(19072K)->18868K(19072K) NonClass: 16207K(16320K)->16207K(16320K) Class: 2660K(2752K)->2660K(2752K)
[377.281s][info][gc             ] GC(1348) Pause Young (Allocation Failure) 683M->565M(769M) 26.776ms
[377.281s][info][gc,cpu         ] GC(1348) User=0.05s Sys=0.00s Real=0.02s
[377.411s][info][gc,start       ] GC(1349) Pause Young (Allocation Failure)
[377.439s][info][gc,heap        ] GC(1349) PSYoungGen: 160960K(209920K)->25664K(216576K) Eden: 137216K(137216K)->0K(137216K) From: 23744K(72704K)->25664K(79360K)
[377.439s][info][gc,heap        ] GC(1349) ParOldGen: 554952K(578048K)->554952K(578048K)
[377.439s][info][gc,metaspace   ] GC(1349) Metaspace: 18868K(19072K)->18868K(19072K) NonClass: 16208K(16320K)->16208K(16320K) Class: 2660K(2752K)->2660K(2752K)
[377.439s][info][gc             ] GC(1349) Pause Young (Allocation Failure) 699M->567M(776M) 27.791ms
[377.439s][info][gc,cpu         ] GC(1349) User=0.05s Sys=0.00s Real=0.03s
[377.930s][info][gc,start       ] GC(1350) Pause Young (Allocation Failure)
[377.959s][info][gc,heap        ] GC(1350) PSYoungGen: 162880K(216576K)->25840K(212480K) Eden: 137216K(137216K)->0K(147456K) From: 25664K(79360K)->25840K(65024K)
[377.959s][info][gc,heap        ] GC(1350) ParOldGen: 554952K(578048K)->554952K(578048K)
[377.959s][info][gc,metaspace   ] GC(1350) Metaspace: 18868K(19072K)->18868K(19072K) NonClass: 16208K(16320K)->16208K(16320K) Class: 2660K(2752K)->2660K(2752K)
[377.959s][info][gc             ] GC(1350) Pause Young (Allocation Failure) 701M->567M(772M) 28.823ms
[377.959s][info][gc,cpu         ] GC(1350) User=0.06s Sys=0.00s Real=0.03s
[378.245s][info][gc,start       ] GC(1351) Pause Young (Allocation Failure)
[378.290s][info][gc,heap        ] GC(1351) PSYoungGen: 173296K(212480K)->43992K(217600K) Eden: 147456K(147456K)->0K(147456K) From: 25840K(65024K)->43992K(70144K)
[378.290s][info][gc,heap        ] GC(1351) ParOldGen: 554952K(578048K)->554952K(578048K)
[378.290s][info][gc,metaspace   ] GC(1351) Metaspace: 18868K(19072K)->18868K(19072K) NonClass: 16208K(16320K)->16208K(16320K) Class: 2660K(2752K)->2660K(2752K)
[378.290s][info][gc             ] GC(1351) Pause Young (Allocation Failure) 711M->584M(777M) 45.422ms
[378.290s][info][gc,cpu         ] GC(1351) User=0.09s Sys=0.00s Real=0.04s
[378.565s][info][gc,start       ] GC(1352) Pause Young (Allocation Failure)
[378.613s][info][gc,heap        ] GC(1352) PSYoungGen: 191448K(217600K)->47144K(227328K) Eden: 147456K(147456K)->0K(154624K) From: 43992K(70144K)->47144K(72704K)
[378.613s][info][gc,heap        ] GC(1352) ParOldGen: 554952K(578048K)->554952K(578048K)
[378.613s][info][gc,metaspace   ] GC(1352) Metaspace: 18868K(19072K)->18868K(19072K) NonClass: 16208K(16320K)->16208K(16320K) Class: 2660K(2752K)->2660K(2752K)
[378.613s][info][gc             ] GC(1352) Pause Young (Allocation Failure) 728M->587M(786M) 48.824ms
[378.614s][info][gc,cpu         ] GC(1352) User=0.10s Sys=0.00s Real=0.05s
[378.930s][info][gc,start       ] GC(1353) Pause Young (Allocation Failure)
[378.977s][info][gc,heap        ] GC(1353) PSYoungGen: 201768K(227328K)->47160K(230912K) Eden: 154624K(154624K)->0K(154624K) From: 47144K(72704K)->47160K(76288K)
[378.977s][info][gc,heap        ] GC(1353) ParOldGen: 554952K(578048K)->554952K(578048K)
[378.977s][info][gc,metaspace   ] GC(1353) Metaspace: 18868K(19072K)->18868K(19072K) NonClass: 16208K(16320K)->16208K(16320K) Class: 2660K(2752K)->2660K(2752K)
[378.977s][info][gc             ] GC(1353) Pause Young (Allocation Failure) 738M->588M(790M) 46.858ms
[378.977s][info][gc,cpu         ] GC(1353) User=0.09s Sys=0.00s Real=0.05s
[380.322s][info][gc,start       ] GC(1354) Pause Young (Allocation Failure)
[380.375s][info][gc,heap        ] GC(1354) PSYoungGen: 201784K(230912K)->47917K(242176K) Eden: 154624K(154624K)->0K(163840K) From: 47160K(76288K)->47917K(78336K)
[380.375s][info][gc,heap        ] GC(1354) ParOldGen: 554952K(578048K)->554952K(578048K)
[380.375s][info][gc,metaspace   ] GC(1354) Metaspace: 18869K(19072K)->18869K(19072K) NonClass: 16209K(16320K)->16209K(16320K) Class: 2660K(2752K)->2660K(2752K)
[380.375s][info][gc             ] GC(1354) Pause Young (Allocation Failure) 739M->588M(801M) 52.534ms
[380.375s][info][gc,cpu         ] GC(1354) User=0.10s Sys=0.00s Real=0.06s
[381.084s][info][gc,start       ] GC(1355) Pause Young (Allocation Failure)
[381.132s][info][gc,heap        ] GC(1355) PSYoungGen: 211739K(242176K)->49414K(244224K) Eden: 163821K(163840K)->0K(163840K) From: 47917K(78336K)->49414K(80384K)
[381.133s][info][gc,heap        ] GC(1355) ParOldGen: 554952K(578048K)->554952K(578048K)
[381.133s][info][gc,metaspace   ] GC(1355) Metaspace: 18881K(19072K)->18881K(19072K) NonClass: 16221K(16320K)->16221K(16320K) Class: 2660K(2752K)->2660K(2752K)
[381.133s][info][gc             ] GC(1355) Pause Young (Allocation Failure) 748M->590M(803M) 48.517ms
[381.133s][info][gc,cpu         ] GC(1355) User=0.10s Sys=0.00s Real=0.04s
[381.511s][info][gc,start       ] GC(1356) Pause Young (Allocation Failure)
[381.567s][info][gc,heap        ] GC(1356) PSYoungGen: 213254K(244224K)->49967K(249856K) Eden: 163840K(163840K)->0K(167936K) From: 49414K(80384K)->49967K(81920K)
[381.567s][info][gc,heap        ] GC(1356) ParOldGen: 554952K(578048K)->554952K(578048K)
[381.567s][info][gc,metaspace   ] GC(1356) Metaspace: 18882K(19072K)->18882K(19072K) NonClass: 16222K(16320K)->16222K(16320K) Class: 2660K(2752K)->2660K(2752K)
[381.567s][info][gc             ] GC(1356) Pause Young (Allocation Failure) 750M->590M(808M) 55.932ms
[381.567s][info][gc,cpu         ] GC(1356) User=0.10s Sys=0.00s Real=0.06s
[381.946s][info][gc,start       ] GC(1357) Pause Young (Allocation Failure)
[382.001s][info][gc,heap        ] GC(1357) PSYoungGen: 217903K(249856K)->53332K(221696K) Eden: 167936K(167936K)->0K(167936K) From: 49967K(81920K)->53332K(53760K)
[382.001s][info][gc,heap        ] GC(1357) ParOldGen: 554952K(578048K)->554952K(578048K)
[382.001s][info][gc,metaspace   ] GC(1357) Metaspace: 18883K(19072K)->18883K(19072K) NonClass: 16223K(16320K)->16223K(16320K) Class: 2660K(2752K)->2660K(2752K)
[382.001s][info][gc             ] GC(1357) Pause Young (Allocation Failure) 754M->594M(781M) 54.195ms
[382.001s][info][gc,cpu         ] GC(1357) User=0.11s Sys=0.00s Real=0.05s
[382.126s][info][gc,start       ] GC(1358) Pause Young (Allocation Failure)
[382.269s][info][gc,heap        ] GC(1358) PSYoungGen: 221268K(221696K)->84973K(196608K) Eden: 167936K(167936K)->0K(111616K) From: 53332K(53760K)->84973K(84992K)
[382.269s][info][gc,heap        ] GC(1358) ParOldGen: 554952K(578048K)->598112K(598528K)
[382.269s][info][gc,metaspace   ] GC(1358) Metaspace: 18888K(19072K)->18888K(19072K) NonClass: 16228K(16320K)->16228K(16320K) Class: 2660K(2752K)->2660K(2752K)
[382.269s][info][gc             ] GC(1358) Pause Young (Allocation Failure) 758M->667M(776M) 142.334ms
[382.269s][info][gc,cpu         ] GC(1358) User=0.25s Sys=0.04s Real=0.14s
[382.337s][info][gc,start       ] GC(1359) Pause Young (Allocation Failure)
[382.444s][info][gc,heap        ] GC(1359) PSYoungGen: 196589K(196608K)->111092K(222720K) Eden: 111616K(111616K)->0K(111616K) From: 84973K(84992K)->111092K(111104K)
[382.444s][info][gc,heap        ] GC(1359) ParOldGen: 598112K(598528K)->605668K(605696K)
[382.444s][info][gc,metaspace   ] GC(1359) Metaspace: 18888K(19072K)->18888K(19072K) NonClass: 16228K(16320K)->16228K(16320K) Class: 2660K(2752K)->2660K(2752K)
[382.444s][info][gc             ] GC(1359) Pause Young (Allocation Failure) 776M->699M(809M) 107.236ms
[382.444s][info][gc,cpu         ] GC(1359) User=0.21s Sys=0.00s Real=0.11s
[382.603s][info][gc,start       ] GC(1360) Pause Young (Allocation Failure)
[382.735s][info][gc,heap        ] GC(1360) PSYoungGen: 222708K(222720K)->111101K(222720K) Eden: 111616K(111616K)->0K(111616K) From: 111092K(111104K)->111101K(111104K)
[382.735s][info][gc,heap        ] GC(1360) ParOldGen: 605668K(605696K)->639024K(639488K)
[382.735s][info][gc,metaspace   ] GC(1360) Metaspace: 18888K(19072K)->18888K(19072K) NonClass: 16228K(16320K)->16228K(16320K) Class: 2660K(2752K)->2660K(2752K)
[382.735s][info][gc             ] GC(1360) Pause Young (Allocation Failure) 808M->732M(842M) 131.975ms
[382.735s][info][gc,cpu         ] GC(1360) User=0.24s Sys=0.02s Real=0.13s
[382.888s][info][gc,start       ] GC(1361) Pause Full (Allocation Failure)
[382.888s][info][gc,phases,start] GC(1361) Marking Phase
[383.016s][info][gc,phases      ] GC(1361) Marking Phase 127.813ms
[383.016s][info][gc,phases,start] GC(1361) Summary Phase
[383.016s][info][gc,phases      ] GC(1361) Summary Phase 0.026ms
[383.016s][info][gc,phases,start] GC(1361) Forward
[383.066s][info][gc,phases      ] GC(1361) Forward 50.186ms
[383.066s][info][gc,phases,start] GC(1361) Adjust Pointers
[383.156s][info][gc,phases      ] GC(1361) Adjust Pointers 90.274ms
[383.156s][info][gc,phases,start] GC(1361) Compaction Phase
[383.217s][info][gc,phases      ] GC(1361) Compaction Phase 60.585ms
[383.219s][info][gc,phases,start] GC(1361) Post Compact
[383.221s][info][gc,phases      ] GC(1361) Post Compact 2.474ms
[383.231s][info][gc,heap        ] GC(1361) PSYoungGen: 222717K(222720K)->0K(222720K) Eden: 111616K(111616K)->0K(111616K) From: 111101K(111104K)->0K(111104K)
[383.231s][info][gc,heap        ] GC(1361) ParOldGen: 639024K(639488K)->215158K(514048K)
[383.231s][info][gc,metaspace   ] GC(1361) Metaspace: 18888K(19072K)->18888K(19072K) NonClass: 16228K(16320K)->16228K(16320K) Class: 2660K(2752K)->2660K(2752K)
[383.231s][info][gc             ] GC(1361) Pause Full (Allocation Failure) 841M->210M(719M) 343.154ms
[383.231s][info][gc,cpu         ] GC(1361) User=0.61s Sys=0.01s Real=0.34s
[383.378s][info][gc,start       ] GC(1362) Pause Young (Allocation Failure)
[383.408s][info][gc,heap        ] GC(1362) PSYoungGen: 111616K(222720K)->20786K(222720K) Eden: 111616K(111616K)->0K(111616K) From: 0K(111104K)->20786K(111104K)
[383.408s][info][gc,heap        ] GC(1362) ParOldGen: 215158K(514048K)->215158K(514048K)
[383.408s][info][gc,metaspace   ] GC(1362) Metaspace: 18898K(19136K)->18898K(19136K) NonClass: 16238K(16384K)->16238K(16384K) Class: 2660K(2752K)->2660K(2752K)
[383.408s][info][gc             ] GC(1362) Pause Young (Allocation Failure) 319M->230M(719M) 29.670ms
[383.408s][info][gc,cpu         ] GC(1362) User=0.06s Sys=0.00s Real=0.03s
[383.551s][info][gc,start       ] GC(1363) Pause Young (Allocation Failure)
[383.599s][info][gc,heap        ] GC(1363) PSYoungGen: 132402K(222720K)->35026K(222720K) Eden: 111616K(111616K)->0K(111616K) From: 20786K(111104K)->35026K(111104K)
[383.599s][info][gc,heap        ] GC(1363) ParOldGen: 215158K(514048K)->215158K(514048K)
[383.599s][info][gc,metaspace   ] GC(1363) Metaspace: 18898K(19136K)->18898K(19136K) NonClass: 16238K(16384K)->16238K(16384K) Class: 2660K(2752K)->2660K(2752K)
[383.599s][info][gc             ] GC(1363) Pause Young (Allocation Failure) 339M->244M(719M) 47.848ms
[383.599s][info][gc,cpu         ] GC(1363) User=0.09s Sys=0.00s Real=0.05s
[383.723s][info][gc,start       ] GC(1364) Pause Young (Allocation Failure)
[383.771s][info][gc,heap        ] GC(1364) PSYoungGen: 146642K(222720K)->39090K(222720K) Eden: 111616K(111616K)->0K(111616K) From: 35026K(111104K)->39090K(111104K)
[383.771s][info][gc,heap        ] GC(1364) ParOldGen: 215158K(514048K)->215158K(514048K)
[383.771s][info][gc,metaspace   ] GC(1364) Metaspace: 18898K(19136K)->18898K(19136K) NonClass: 16238K(16384K)->16238K(16384K) Class: 2660K(2752K)->2660K(2752K)
[383.771s][info][gc             ] GC(1364) Pause Young (Allocation Failure) 353M->248M(719M) 48.825ms
[383.772s][info][gc,cpu         ] GC(1364) User=0.10s Sys=0.00s Real=0.05s
[383.881s][info][gc,start       ] GC(1365) Pause Young (Allocation Failure)
[383.938s][info][gc,heap        ] GC(1365) PSYoungGen: 150706K(222720K)->47090K(222720K) Eden: 111616K(111616K)->0K(111616K) From: 39090K(111104K)->47090K(111104K)
[383.938s][info][gc,heap        ] GC(1365) ParOldGen: 215158K(514048K)->215158K(514048K)
[383.938s][info][gc,metaspace   ] GC(1365) Metaspace: 18898K(19136K)->18898K(19136K) NonClass: 16238K(16384K)->16238K(16384K) Class: 2660K(2752K)->2660K(2752K)
[383.938s][info][gc             ] GC(1365) Pause Young (Allocation Failure) 357M->256M(719M) 57.267ms
[383.938s][info][gc,cpu         ] GC(1365) User=0.12s Sys=0.00s Real=0.06s
[384.054s][info][gc,start       ] GC(1366) Pause Young (Allocation Failure)
[384.109s][info][gc,heap        ] GC(1366) PSYoungGen: 158706K(222720K)->47186K(222720K) Eden: 111616K(111616K)->0K(111616K) From: 47090K(111104K)->47186K(111104K)
[384.109s][info][gc,heap        ] GC(1366) ParOldGen: 215158K(514048K)->215158K(514048K)
[384.109s][info][gc,metaspace   ] GC(1366) Metaspace: 18898K(19136K)->18898K(19136K) NonClass: 16238K(16384K)->16238K(16384K) Class: 2660K(2752K)->2660K(2752K)
[384.109s][info][gc             ] GC(1366) Pause Young (Allocation Failure) 365M->256M(719M) 55.492ms
[384.109s][info][gc,cpu         ] GC(1366) User=0.11s Sys=0.00s Real=0.05s
[384.205s][info][gc,start       ] GC(1367) Pause Young (Allocation Failure)
[384.263s][info][gc,heap        ] GC(1367) PSYoungGen: 158802K(222720K)->49266K(222720K) Eden: 111616K(111616K)->0K(111616K) From: 47186K(111104K)->49266K(111104K)
[384.263s][info][gc,heap        ] GC(1367) ParOldGen: 215158K(514048K)->215158K(514048K)
[384.263s][info][gc,metaspace   ] GC(1367) Metaspace: 18898K(19136K)->18898K(19136K) NonClass: 16238K(16384K)->16238K(16384K) Class: 2660K(2752K)->2660K(2752K)
[384.263s][info][gc             ] GC(1367) Pause Young (Allocation Failure) 365M->258M(719M) 57.214ms
[384.263s][info][gc,cpu         ] GC(1367) User=0.11s Sys=0.00s Real=0.05s
[384.346s][info][gc,start       ] GC(1368) Pause Young (Allocation Failure)
[384.423s][info][gc,heap        ] GC(1368) PSYoungGen: 160882K(222720K)->49728K(222720K) Eden: 111616K(111616K)->0K(111616K) From: 49266K(111104K)->49728K(111104K)
[384.423s][info][gc,heap        ] GC(1368) ParOldGen: 215158K(514048K)->235955K(514048K)
[384.423s][info][gc,metaspace   ] GC(1368) Metaspace: 18898K(19136K)->18898K(19136K) NonClass: 16238K(16384K)->16238K(16384K) Class: 2660K(2752K)->2660K(2752K)
[384.423s][info][gc             ] GC(1368) Pause Young (Allocation Failure) 367M->278M(719M) 76.931ms
[384.423s][info][gc,cpu         ] GC(1368) User=0.16s Sys=0.00s Real=0.07s
[384.478s][info][gc,start       ] GC(1369) Pause Young (Allocation Failure)
[384.551s][info][gc,heap        ] GC(1369) PSYoungGen: 161344K(222720K)->62048K(222720K) Eden: 111616K(111616K)->0K(111616K) From: 49728K(111104K)->62048K(111104K)
[384.551s][info][gc,heap        ] GC(1369) ParOldGen: 235955K(514048K)->254331K(514048K)
[384.551s][info][gc,metaspace   ] GC(1369) Metaspace: 18898K(19136K)->18898K(19136K) NonClass: 16238K(16384K)->16238K(16384K) Class: 2660K(2752K)->2660K(2752K)
[384.551s][info][gc             ] GC(1369) Pause Young (Allocation Failure) 387M->308M(719M) 72.564ms
[384.551s][info][gc,cpu         ] GC(1369) User=0.15s Sys=0.00s Real=0.07s
[384.687s][info][gc,start       ] GC(1370) Pause Young (Allocation Failure)
[384.761s][info][gc,heap        ] GC(1370) PSYoungGen: 173664K(222720K)->70675K(222720K) Eden: 111616K(111616K)->0K(111616K) From: 62048K(111104K)->70675K(111104K)
[384.761s][info][gc,heap        ] GC(1370) ParOldGen: 254331K(514048K)->262443K(514048K)
[384.761s][info][gc,metaspace   ] GC(1370) Metaspace: 18898K(19136K)->18898K(19136K) NonClass: 16238K(16384K)->16238K(16384K) Class: 2660K(2752K)->2660K(2752K)
[384.761s][info][gc             ] GC(1370) Pause Young (Allocation Failure) 417M->325M(719M) 74.437ms
[384.761s][info][gc,cpu         ] GC(1370) User=0.15s Sys=0.00s Real=0.07s
[384.834s][info][gc,start       ] GC(1371) Pause Young (Allocation Failure)
[384.903s][info][gc,heap        ] GC(1371) PSYoungGen: 182291K(222720K)->53795K(165888K) Eden: 111616K(111616K)->0K(111616K) From: 70675K(111104K)->53795K(54272K)
[384.903s][info][gc,heap        ] GC(1371) ParOldGen: 262443K(514048K)->285759K(514048K)
[384.903s][info][gc,metaspace   ] GC(1371) Metaspace: 18898K(19136K)->18898K(19136K) NonClass: 16238K(16384K)->16238K(16384K) Class: 2660K(2752K)->2660K(2752K)
[384.903s][info][gc             ] GC(1371) Pause Young (Allocation Failure) 434M->331M(664M) 69.407ms
[384.903s][info][gc,cpu         ] GC(1371) User=0.14s Sys=0.00s Real=0.07s
[384.967s][info][gc,start       ] GC(1372) Pause Young (Allocation Failure)
[385.016s][info][gc,heap        ] GC(1372) PSYoungGen: 165411K(165888K)->8448K(217088K) Eden: 111616K(111616K)->0K(109056K) From: 53795K(54272K)->8448K(108032K)
[385.016s][info][gc,heap        ] GC(1372) ParOldGen: 285759K(514048K)->333418K(514048K)
[385.016s][info][gc,metaspace   ] GC(1372) Metaspace: 18898K(19136K)->18898K(19136K) NonClass: 16238K(16384K)->16238K(16384K) Class: 2660K(2752K)->2660K(2752K)
[385.016s][info][gc             ] GC(1372) Pause Young (Allocation Failure) 440M->333M(714M) 48.964ms
[385.016s][info][gc,cpu         ] GC(1372) User=0.10s Sys=0.00s Real=0.05s
[385.144s][info][gc,start       ] GC(1373) Pause Young (Allocation Failure)
[385.156s][info][gc,heap        ] GC(1373) PSYoungGen: 117504K(217088K)->1888K(219648K) Eden: 109056K(109056K)->0K(109056K) From: 8448K(108032K)->1888K(110592K)
[385.156s][info][gc,heap        ] GC(1373) ParOldGen: 333418K(514048K)->341850K(514048K)
[385.156s][info][gc,metaspace   ] GC(1373) Metaspace: 18898K(19136K)->18898K(19136K) NonClass: 16238K(16384K)->16238K(16384K) Class: 2660K(2752K)->2660K(2752K)
[385.156s][info][gc             ] GC(1373) Pause Young (Allocation Failure) 440M->335M(716M) 12.378ms
[385.156s][info][gc,cpu         ] GC(1373) User=0.03s Sys=0.00s Real=0.01s
[385.489s][info][gc,start       ] GC(1374) Pause Young (Allocation Failure)
[385.494s][info][gc,heap        ] GC(1374) PSYoungGen: 110944K(219648K)->736K(222720K) Eden: 109056K(109056K)->0K(111616K) From: 1888K(110592K)->736K(111104K)
[385.494s][info][gc,heap        ] GC(1374) ParOldGen: 341850K(514048K)->343730K(514048K)
[385.494s][info][gc,metaspace   ] GC(1374) Metaspace: 18898K(19136K)->18898K(19136K) NonClass: 16238K(16384K)->16238K(16384K) Class: 2660K(2752K)->2660K(2752K)
[385.494s][info][gc             ] GC(1374) Pause Young (Allocation Failure) 442M->336M(719M) 5.367ms
[385.494s][info][gc,cpu         ] GC(1374) User=0.01s Sys=0.00s Real=0.01s
[385.741s][info][gc,start       ] GC(1375) Pause Young (Allocation Failure)
[385.754s][info][gc,heap        ] GC(1375) PSYoungGen: 112352K(222720K)->9568K(222720K) Eden: 111616K(111616K)->0K(111616K) From: 736K(111104K)->9568K(111104K)
[385.754s][info][gc,heap        ] GC(1375) ParOldGen: 343730K(514048K)->344426K(514048K)
[385.754s][info][gc,metaspace   ] GC(1375) Metaspace: 18898K(19136K)->18898K(19136K) NonClass: 16238K(16384K)->16238K(16384K) Class: 2660K(2752K)->2660K(2752K)
[385.754s][info][gc             ] GC(1375) Pause Young (Allocation Failure) 445M->345M(719M) 12.318ms
[385.754s][info][gc,cpu         ] GC(1375) User=0.02s Sys=0.00s Real=0.02s
[385.873s][info][gc,start       ] GC(1376) Pause Young (Allocation Failure)
[385.922s][info][gc,heap        ] GC(1376) PSYoungGen: 121184K(222720K)->45952K(215552K) Eden: 111616K(111616K)->0K(111616K) From: 9568K(111104K)->45952K(103936K)
[385.922s][info][gc,heap        ] GC(1376) ParOldGen: 344426K(514048K)->353977K(514048K)
[385.922s][info][gc,metaspace   ] GC(1376) Metaspace: 18900K(19136K)->18900K(19136K) NonClass: 16240K(16384K)->16240K(16384K) Class: 2660K(2752K)->2660K(2752K)
[385.922s][info][gc             ] GC(1376) Pause Young (Allocation Failure) 454M->390M(712M) 48.947ms
[385.922s][info][gc,cpu         ] GC(1376) User=0.10s Sys=0.00s Real=0.05s
[386.095s][info][gc,start       ] GC(1377) Pause Young (Allocation Failure)
[386.158s][info][gc,heap        ] GC(1377) PSYoungGen: 157568K(215552K)->22560K(219136K) Eden: 111616K(111616K)->0K(111616K) From: 45952K(103936K)->22560K(107520K)
[386.158s][info][gc,heap        ] GC(1377) ParOldGen: 353977K(514048K)->400151K(514048K)
[386.158s][info][gc,metaspace   ] GC(1377) Metaspace: 18901K(19136K)->18901K(19136K) NonClass: 16241K(16384K)->16241K(16384K) Class: 2660K(2752K)->2660K(2752K)
[386.158s][info][gc             ] GC(1377) Pause Young (Allocation Failure) 499M->412M(716M) 63.070ms
[386.158s][info][gc,cpu         ] GC(1377) User=0.13s Sys=0.00s Real=0.06s
[386.238s][info][gc,start       ] GC(1378) Pause Young (Allocation Failure)
[386.269s][info][gc,heap        ] GC(1378) PSYoungGen: 134176K(219136K)->3232K(224768K) Eden: 111616K(111616K)->0K(122880K) From: 22560K(107520K)->3232K(101888K)
[386.269s][info][gc,heap        ] GC(1378) ParOldGen: 400151K(514048K)->422627K(514048K)
[386.269s][info][gc,metaspace   ] GC(1378) Metaspace: 18901K(19136K)->18901K(19136K) NonClass: 16241K(16384K)->16241K(16384K) Class: 2660K(2752K)->2660K(2752K)
[386.269s][info][gc             ] GC(1378) Pause Young (Allocation Failure) 521M->415M(721M) 31.358ms
[386.269s][info][gc,cpu         ] GC(1378) User=0.06s Sys=0.00s Real=0.03s
[386.418s][info][gc,start       ] GC(1379) Pause Young (Allocation Failure)
[386.426s][info][gc,heap        ] GC(1379) PSYoungGen: 126112K(224768K)->1120K(225280K) Eden: 122880K(122880K)->0K(122880K) From: 3232K(101888K)->1120K(102400K)
[386.426s][info][gc,heap        ] GC(1379) ParOldGen: 422627K(514048K)->425843K(514048K)
[386.426s][info][gc,metaspace   ] GC(1379) Metaspace: 18901K(19136K)->18901K(19136K) NonClass: 16241K(16384K)->16241K(16384K) Class: 2660K(2752K)->2660K(2752K)
[386.426s][info][gc             ] GC(1379) Pause Young (Allocation Failure) 535M->416M(722M) 7.464ms
[386.426s][info][gc,cpu         ] GC(1379) User=0.02s Sys=0.00s Real=0.01s
[386.670s][info][gc,start       ] GC(1380) Pause Young (Allocation Failure)
[386.676s][info][gc,heap        ] GC(1380) PSYoungGen: 124000K(225280K)->1056K(227840K) Eden: 122880K(122880K)->0K(130048K) From: 1120K(102400K)->1056K(97792K)
[386.676s][info][gc,heap        ] GC(1380) ParOldGen: 425843K(514048K)->426907K(514048K)
[386.676s][info][gc,metaspace   ] GC(1380) Metaspace: 18902K(19136K)->18902K(19136K) NonClass: 16242K(16384K)->16242K(16384K) Class: 2660K(2752K)->2660K(2752K)
[386.676s][info][gc             ] GC(1380) Pause Young (Allocation Failure) 536M->417M(724M) 5.313ms
[386.676s][info][gc,cpu         ] GC(1380) User=0.01s Sys=0.00s Real=0.01s
[387.033s][info][gc,start       ] GC(1381) Pause Young (Allocation Failure)
[387.037s][info][gc,heap        ] GC(1381) PSYoungGen: 131104K(227840K)->1216K(229376K) Eden: 130048K(130048K)->0K(130048K) From: 1056K(97792K)->1216K(99328K)
[387.037s][info][gc,heap        ] GC(1381) ParOldGen: 426907K(514048K)->426907K(514048K)
[387.037s][info][gc,metaspace   ] GC(1381) Metaspace: 18906K(19136K)->18906K(19136K) NonClass: 16246K(16384K)->16246K(16384K) Class: 2660K(2752K)->2660K(2752K)
[387.037s][info][gc             ] GC(1381) Pause Young (Allocation Failure) 544M->418M(726M) 3.770ms
[387.037s][info][gc,cpu         ] GC(1381) User=0.01s Sys=0.00s Real=0.00s
[387.146s][info][gc,start       ] GC(1382) Pause Young (Allocation Failure)
[387.225s][info][gc,heap        ] GC(1382) PSYoungGen: 131264K(229376K)->83616K(207872K) Eden: 130048K(130048K)->0K(111616K) From: 1216K(99328K)->83616K(96256K)
[387.225s][info][gc,heap        ] GC(1382) ParOldGen: 426907K(514048K)->426907K(514048K)
[387.225s][info][gc,metaspace   ] GC(1382) Metaspace: 18906K(19136K)->18906K(19136K) NonClass: 16246K(16384K)->16246K(16384K) Class: 2660K(2752K)->2660K(2752K)
[387.225s][info][gc             ] GC(1382) Pause Young (Allocation Failure) 545M->498M(705M) 79.071ms
[387.225s][info][gc,cpu         ] GC(1382) User=0.15s Sys=0.00s Real=0.08s
[387.284s][info][gc,start       ] GC(1383) Pause Young (Allocation Failure)
[387.426s][info][gc,heap        ] GC(1383) PSYoungGen: 195232K(207872K)->111104K(222720K) Eden: 111616K(111616K)->0K(111616K) From: 83616K(96256K)->111104K(111104K)
[387.426s][info][gc,heap        ] GC(1383) ParOldGen: 426907K(514048K)->470493K(514048K)
[387.426s][info][gc,metaspace   ] GC(1383) Metaspace: 18906K(19136K)->18906K(19136K) NonClass: 16246K(16384K)->16246K(16384K) Class: 2660K(2752K)->2660K(2752K)
[387.426s][info][gc             ] GC(1383) Pause Young (Allocation Failure) 607M->567M(719M) 141.862ms
[387.426s][info][gc,cpu         ] GC(1383) User=0.28s Sys=0.00s Real=0.14s
[387.576s][info][gc,start       ] GC(1384) Pause Young (Allocation Failure)
[387.713s][info][gc,heap        ] GC(1384) PSYoungGen: 222720K(222720K)->58548K(222720K) Eden: 111616K(111616K)->0K(111616K) From: 111104K(111104K)->58548K(111104K)
[387.713s][info][gc,heap        ] GC(1384) ParOldGen: 470493K(514048K)->539018K(539136K)
[387.713s][info][gc,metaspace   ] GC(1384) Metaspace: 18911K(19136K)->18911K(19136K) NonClass: 16251K(16384K)->16251K(16384K) Class: 2660K(2752K)->2660K(2752K)
[387.713s][info][gc             ] GC(1384) Pause Young (Allocation Failure) 676M->583M(744M) 137.115ms
[387.713s][info][gc,cpu         ] GC(1384) User=0.26s Sys=0.02s Real=0.13s
[387.788s][info][gc,start       ] GC(1385) Pause Young (Allocation Failure)
[387.880s][info][gc,heap        ] GC(1385) PSYoungGen: 170164K(222720K)->7364K(222720K) Eden: 111616K(111616K)->0K(111616K) From: 58548K(111104K)->7364K(111104K)
[387.880s][info][gc,heap        ] GC(1385) ParOldGen: 539018K(539136K)->594910K(594944K)
[387.880s][info][gc,metaspace   ] GC(1385) Metaspace: 18912K(19136K)->18912K(19136K) NonClass: 16252K(16384K)->16252K(16384K) Class: 2660K(2752K)->2660K(2752K)
[387.880s][info][gc             ] GC(1385) Pause Young (Allocation Failure) 692M->588M(798M) 91.871ms
[387.880s][info][gc,cpu         ] GC(1385) User=0.14s Sys=0.04s Real=0.09s
[387.963s][info][gc,start       ] GC(1386) Pause Full (Allocation Failure)
[387.963s][info][gc,phases,start] GC(1386) Marking Phase
[388.024s][info][gc,phases      ] GC(1386) Marking Phase 61.013ms
[388.024s][info][gc,phases,start] GC(1386) Summary Phase
[388.024s][info][gc,phases      ] GC(1386) Summary Phase 0.026ms
[388.024s][info][gc,phases,start] GC(1386) Forward
[388.046s][info][gc,phases      ] GC(1386) Forward 21.585ms
[388.046s][info][gc,phases,start] GC(1386) Adjust Pointers
[388.091s][info][gc,phases      ] GC(1386) Adjust Pointers 45.358ms
[388.091s][info][gc,phases,start] GC(1386) Compaction Phase
[388.116s][info][gc,phases      ] GC(1386) Compaction Phase 24.534ms
[388.119s][info][gc,phases,start] GC(1386) Post Compact
[388.121s][info][gc,phases      ] GC(1386) Post Compact 2.070ms
[388.134s][info][gc,heap        ] GC(1386) PSYoungGen: 118980K(222720K)->0K(222720K) Eden: 111616K(111616K)->0K(111616K) From: 7364K(111104K)->0K(111104K)
[388.134s][info][gc,heap        ] GC(1386) ParOldGen: 594910K(594944K)->101855K(438272K)
[388.134s][info][gc,metaspace   ] GC(1386) Metaspace: 18912K(19136K)->18912K(19136K) NonClass: 16252K(16384K)->16252K(16384K) Class: 2660K(2752K)->2660K(2752K)
[388.134s][info][gc             ] GC(1386) Pause Full (Allocation Failure) 697M->99M(645M) 170.856ms
[388.134s][info][gc,cpu         ] GC(1386) User=0.27s Sys=0.01s Real=0.17s
[388.225s][info][gc,start       ] GC(1387) Pause Young (Allocation Failure)
[388.230s][info][gc,heap        ] GC(1387) PSYoungGen: 111616K(222720K)->4288K(222720K) Eden: 111616K(111616K)->0K(111616K) From: 0K(111104K)->4288K(111104K)
[388.230s][info][gc,heap        ] GC(1387) ParOldGen: 101855K(438272K)->101855K(438272K)
[388.230s][info][gc,metaspace   ] GC(1387) Metaspace: 18913K(19136K)->18913K(19136K) NonClass: 16253K(16384K)->16253K(16384K) Class: 2660K(2752K)->2660K(2752K)
[388.230s][info][gc             ] GC(1387) Pause Young (Allocation Failure) 208M->103M(645M) 5.032ms
[388.230s][info][gc,cpu         ] GC(1387) User=0.01s Sys=0.00s Real=0.00s
[388.300s][info][gc,start       ] GC(1388) Pause Young (Allocation Failure)
[388.333s][info][gc,heap        ] GC(1388) PSYoungGen: 115904K(222720K)->41696K(222720K) Eden: 111616K(111616K)->0K(111616K) From: 4288K(111104K)->41696K(111104K)
[388.333s][info][gc,heap        ] GC(1388) ParOldGen: 101855K(438272K)->106135K(438272K)
[388.333s][info][gc,metaspace   ] GC(1388) Metaspace: 18914K(19136K)->18914K(19136K) NonClass: 16253K(16384K)->16253K(16384K) Class: 2660K(2752K)->2660K(2752K)
[388.333s][info][gc             ] GC(1388) Pause Young (Allocation Failure) 212M->144M(645M) 33.433ms
[388.333s][info][gc,cpu         ] GC(1388) User=0.06s Sys=0.00s Real=0.04s
[388.460s][info][gc,start       ] GC(1389) Pause Young (Allocation Failure)
[388.502s][info][gc,heap        ] GC(1389) PSYoungGen: 153312K(222720K)->25440K(222720K) Eden: 111616K(111616K)->0K(111616K) From: 41696K(111104K)->25440K(111104K)
[388.502s][info][gc,heap        ] GC(1389) ParOldGen: 106135K(438272K)->148327K(438272K)
[388.502s][info][gc,metaspace   ] GC(1389) Metaspace: 18914K(19136K)->18914K(19136K) NonClass: 16253K(16384K)->16253K(16384K) Class: 2660K(2752K)->2660K(2752K)
[388.502s][info][gc             ] GC(1389) Pause Young (Allocation Failure) 253M->169M(645M) 42.585ms
[388.502s][info][gc,cpu         ] GC(1389) User=0.09s Sys=0.00s Real=0.04s
[388.599s][info][gc,start       ] GC(1390) Pause Young (Allocation Failure)
[388.621s][info][gc,heap        ] GC(1390) PSYoungGen: 137056K(222720K)->2176K(222720K) Eden: 111616K(111616K)->0K(111616K) From: 25440K(111104K)->2176K(111104K)
[388.621s][info][gc,heap        ] GC(1390) ParOldGen: 148327K(438272K)->174015K(438272K)
[388.621s][info][gc,metaspace   ] GC(1390) Metaspace: 18914K(19136K)->18914K(19136K) NonClass: 16253K(16384K)->16253K(16384K) Class: 2660K(2752K)->2660K(2752K)
[388.621s][info][gc             ] GC(1390) Pause Young (Allocation Failure) 278M->172M(645M) 21.596ms
[388.621s][info][gc,cpu         ] GC(1390) User=0.04s Sys=0.00s Real=0.02s
[388.738s][info][gc,start       ] GC(1391) Pause Young (Allocation Failure)
[388.793s][info][gc,heap        ] GC(1391) PSYoungGen: 113792K(222720K)->47681K(222720K) Eden: 111616K(111616K)->0K(111616K) From: 2176K(111104K)->47681K(111104K)
[388.793s][info][gc,heap        ] GC(1391) ParOldGen: 174015K(438272K)->176151K(438272K)
[388.793s][info][gc,metaspace   ] GC(1391) Metaspace: 18914K(19136K)->18914K(19136K) NonClass: 16253K(16384K)->16253K(16384K) Class: 2660K(2752K)->2660K(2752K)
[388.793s][info][gc             ] GC(1391) Pause Young (Allocation Failure) 281M->218M(645M) 55.740ms
[388.793s][info][gc,cpu         ] GC(1391) User=0.11s Sys=0.01s Real=0.06s
[388.881s][info][gc,start       ] GC(1392) Pause Young (Allocation Failure)
[388.969s][info][gc,heap        ] GC(1392) PSYoungGen: 159297K(222720K)->41936K(221696K) Eden: 111616K(111616K)->0K(111616K) From: 47681K(111104K)->41936K(110080K)
[388.969s][info][gc,heap        ] GC(1392) ParOldGen: 176151K(438272K)->223437K(438272K)
[388.969s][info][gc,metaspace   ] GC(1392) Metaspace: 18914K(19136K)->18914K(19136K) NonClass: 16254K(16384K)->16254K(16384K) Class: 2660K(2752K)->2660K(2752K)
[388.969s][info][gc             ] GC(1392) Pause Young (Allocation Failure) 327M->259M(644M) 87.705ms
[388.969s][info][gc,cpu         ] GC(1392) User=0.17s Sys=0.00s Real=0.09s
[389.019s][info][gc,start       ] GC(1393) Pause Young (Allocation Failure)
[389.088s][info][gc,heap        ] GC(1393) PSYoungGen: 153552K(221696K)->43168K(155136K) Eden: 111616K(111616K)->0K(111616K) From: 41936K(110080K)->43168K(43520K)
[389.088s][info][gc,heap        ] GC(1393) ParOldGen: 223437K(438272K)->265661K(438272K)
[389.088s][info][gc,metaspace   ] GC(1393) Metaspace: 18914K(19136K)->18914K(19136K) NonClass: 16254K(16384K)->16254K(16384K) Class: 2660K(2752K)->2660K(2752K)
[389.088s][info][gc             ] GC(1393) Pause Young (Allocation Failure) 368M->301M(579M) 69.537ms
[389.089s][info][gc,cpu         ] GC(1393) User=0.14s Sys=0.00s Real=0.07s
[389.204s][info][gc,start       ] GC(1394) Pause Young (Allocation Failure)
[389.261s][info][gc,heap        ] GC(1394) PSYoungGen: 154784K(155136K)->28832K(224768K) Eden: 111616K(111616K)->0K(118784K) From: 43168K(43520K)->28832K(105984K)
[389.261s][info][gc,heap        ] GC(1394) ParOldGen: 265661K(438272K)->309237K(438272K)
[389.261s][info][gc,metaspace   ] GC(1394) Metaspace: 18914K(19136K)->18914K(19136K) NonClass: 16254K(16384K)->16254K(16384K) Class: 2660K(2752K)->2660K(2752K)
[389.261s][info][gc             ] GC(1394) Pause Young (Allocation Failure) 410M->330M(647M) 56.828ms
[389.261s][info][gc,cpu         ] GC(1394) User=0.12s Sys=0.00s Real=0.05s
[389.342s][info][gc,start       ] GC(1395) Pause Young (Allocation Failure)
[389.378s][info][gc,heap        ] GC(1395) PSYoungGen: 147616K(224768K)->6816K(219136K) Eden: 118784K(118784K)->0K(118784K) From: 28832K(105984K)->6816K(100352K)
[389.378s][info][gc,heap        ] GC(1395) ParOldGen: 309237K(438272K)->338229K(438272K)
[389.378s][info][gc,metaspace   ] GC(1395) Metaspace: 18914K(19136K)->18914K(19136K) NonClass: 16254K(16384K)->16254K(16384K) Class: 2660K(2752K)->2660K(2752K)
[389.378s][info][gc             ] GC(1395) Pause Young (Allocation Failure) 446M->336M(642M) 36.635ms
[389.378s][info][gc,cpu         ] GC(1395) User=0.07s Sys=0.00s Real=0.04s
[389.449s][info][gc,start       ] GC(1396) Pause Young (Allocation Failure)
[389.467s][info][gc,heap        ] GC(1396) PSYoungGen: 125600K(219136K)->1760K(226816K) Eden: 118784K(118784K)->0K(128512K) From: 6816K(100352K)->1760K(98304K)
[389.467s][info][gc,heap        ] GC(1396) ParOldGen: 338229K(438272K)->345045K(438272K)
[389.467s][info][gc,metaspace   ] GC(1396) Metaspace: 18914K(19136K)->18914K(19136K) NonClass: 16254K(16384K)->16254K(16384K) Class: 2660K(2752K)->2660K(2752K)
[389.467s][info][gc             ] GC(1396) Pause Young (Allocation Failure) 452M->338M(649M) 18.341ms
[389.467s][info][gc,cpu         ] GC(1396) User=0.03s Sys=0.00s Real=0.02s
[389.591s][info][gc,start       ] GC(1397) Pause Young (Allocation Failure)
[389.625s][info][gc,heap        ] GC(1397) PSYoungGen: 130272K(226816K)->16737K(225792K) Eden: 128512K(128512K)->0K(128512K) From: 1760K(98304K)->16737K(97280K)
[389.625s][info][gc,heap        ] GC(1397) ParOldGen: 345045K(438272K)->346781K(438272K)
[389.625s][info][gc,metaspace   ] GC(1397) Metaspace: 18914K(19136K)->18914K(19136K) NonClass: 16254K(16384K)->16254K(16384K) Class: 2660K(2752K)->2660K(2752K)
[389.625s][info][gc             ] GC(1397) Pause Young (Allocation Failure) 464M->354M(648M) 34.503ms
[389.626s][info][gc,cpu         ] GC(1397) User=0.07s Sys=0.00s Real=0.04s
[389.728s][info][gc,start       ] GC(1398) Pause Young (Allocation Failure)
[389.773s][info][gc,heap        ] GC(1398) PSYoungGen: 145249K(225792K)->17536K(231936K) Eden: 128512K(128512K)->0K(142848K) From: 16737K(97280K)->17536K(89088K)
[389.773s][info][gc,heap        ] GC(1398) ParOldGen: 346781K(438272K)->363540K(438272K)
[389.773s][info][gc,metaspace   ] GC(1398) Metaspace: 18914K(19136K)->18914K(19136K) NonClass: 16254K(16384K)->16254K(16384K) Class: 2660K(2752K)->2660K(2752K)
[389.773s][info][gc             ] GC(1398) Pause Young (Allocation Failure) 480M->372M(654M) 44.701ms
[389.773s][info][gc,cpu         ] GC(1398) User=0.09s Sys=0.00s Real=0.04s
[389.907s][info][gc,start       ] GC(1399) Pause Young (Allocation Failure)
[389.947s][info][gc,heap        ] GC(1399) PSYoungGen: 160384K(231936K)->21568K(230912K) Eden: 142848K(142848K)->0K(142848K) From: 17536K(89088K)->21568K(88064K)
[389.947s][info][gc,heap        ] GC(1399) ParOldGen: 363540K(438272K)->381092K(438272K)
[389.947s][info][gc,metaspace   ] GC(1399) Metaspace: 18914K(19136K)->18914K(19136K) NonClass: 16254K(16384K)->16254K(16384K) Class: 2660K(2752K)->2660K(2752K)
[389.947s][info][gc             ] GC(1399) Pause Young (Allocation Failure) 511M->393M(653M) 40.244ms
[389.947s][info][gc,cpu         ] GC(1399) User=0.07s Sys=0.00s Real=0.04s
[390.033s][info][gc,start       ] GC(1400) Pause Young (Allocation Failure)
[390.069s][info][gc,heap        ] GC(1400) PSYoungGen: 164416K(230912K)->14784K(241152K) Eden: 142848K(142848K)->0K(160256K) From: 21568K(88064K)->14784K(80896K)
[390.069s][info][gc,heap        ] GC(1400) ParOldGen: 381092K(438272K)->402660K(438272K)
[390.069s][info][gc,metaspace   ] GC(1400) Metaspace: 18914K(19136K)->18914K(19136K) NonClass: 16254K(16384K)->16254K(16384K) Class: 2660K(2752K)->2660K(2752K)
[390.069s][info][gc             ] GC(1400) Pause Young (Allocation Failure) 532M->407M(663M) 36.518ms
[390.069s][info][gc,cpu         ] GC(1400) User=0.07s Sys=0.00s Real=0.04s
[390.245s][info][gc,start       ] GC(1401) Pause Young (Allocation Failure)
[390.276s][info][gc,heap        ] GC(1401) PSYoungGen: 175040K(241152K)->7040K(239616K) Eden: 160256K(160256K)->0K(160256K) From: 14784K(80896K)->7040K(79360K)
[390.276s][info][gc,heap        ] GC(1401) ParOldGen: 402660K(438272K)->417458K(438272K)
[390.276s][info][gc,metaspace   ] GC(1401) Metaspace: 18914K(19136K)->18914K(19136K) NonClass: 16254K(16384K)->16254K(16384K) Class: 2660K(2752K)->2660K(2752K)
[390.276s][info][gc             ] GC(1401) Pause Young (Allocation Failure) 564M->414M(662M) 30.662ms
[390.276s][info][gc,cpu         ] GC(1401) User=0.06s Sys=0.00s Real=0.03s
[390.525s][info][gc,start       ] GC(1402) Pause Young (Allocation Failure)
[390.547s][info][gc,heap        ] GC(1402) PSYoungGen: 167296K(239616K)->12576K(251392K) Eden: 160256K(160256K)->0K(176640K) From: 7040K(79360K)->12576K(74752K)
[390.547s][info][gc,heap        ] GC(1402) ParOldGen: 417458K(438272K)->424482K(438272K)
[390.547s][info][gc,metaspace   ] GC(1402) Metaspace: 18914K(19136K)->18914K(19136K) NonClass: 16254K(16384K)->16254K(16384K) Class: 2660K(2752K)->2660K(2752K)
[390.547s][info][gc             ] GC(1402) Pause Young (Allocation Failure) 571M->426M(673M) 21.596ms
[390.547s][info][gc,cpu         ] GC(1402) User=0.04s Sys=0.00s Real=0.02s
[390.988s][info][gc,start       ] GC(1403) Pause Young (Allocation Failure)
[391.012s][info][gc,heap        ] GC(1403) PSYoungGen: 189216K(251392K)->8960K(250368K) Eden: 176640K(176640K)->0K(176640K) From: 12576K(74752K)->8960K(73728K)
[391.012s][info][gc,heap        ] GC(1403) ParOldGen: 424482K(438272K)->437023K(438272K)
[391.012s][info][gc,metaspace   ] GC(1403) Metaspace: 18914K(19136K)->18914K(19136K) NonClass: 16254K(16384K)->16254K(16384K) Class: 2660K(2752K)->2660K(2752K)
[391.012s][info][gc             ] GC(1403) Pause Young (Allocation Failure) 599M->435M(672M) 24.313ms
[391.012s][info][gc,cpu         ] GC(1403) User=0.05s Sys=0.00s Real=0.02s
[391.481s][info][gc,start       ] GC(1404) Pause Young (Allocation Failure)
[391.495s][info][gc,heap        ] GC(1404) PSYoungGen: 185600K(250368K)->128K(257536K) Eden: 176640K(176640K)->0K(186880K) From: 8960K(73728K)->128K(70656K)
[391.495s][info][gc,heap        ] GC(1404) ParOldGen: 437023K(438272K)->445935K(445952K)
[391.495s][info][gc,metaspace   ] GC(1404) Metaspace: 18914K(19136K)->18914K(19136K) NonClass: 16254K(16384K)->16254K(16384K) Class: 2660K(2752K)->2660K(2752K)
[391.496s][info][gc             ] GC(1404) Pause Young (Allocation Failure) 608M->435M(687M) 14.873ms
[391.496s][info][gc,cpu         ] GC(1404) User=0.02s Sys=0.01s Real=0.02s
[391.939s][info][gc,start       ] GC(1405) Pause Young (Allocation Failure)
[391.948s][info][gc,heap        ] GC(1405) PSYoungGen: 187008K(257536K)->160K(256000K) Eden: 186880K(186880K)->0K(186880K) From: 128K(70656K)->160K(69120K)
[391.948s][info][gc,heap        ] GC(1405) ParOldGen: 445935K(445952K)->445935K(445952K)
[391.948s][info][gc,metaspace   ] GC(1405) Metaspace: 18914K(19136K)->18914K(19136K) NonClass: 16254K(16384K)->16254K(16384K) Class: 2660K(2752K)->2660K(2752K)
[391.948s][info][gc             ] GC(1405) Pause Young (Allocation Failure) 618M->435M(685M) 9.683ms
[391.948s][info][gc,cpu         ] GC(1405) User=0.02s Sys=0.00s Real=0.01s
[392.208s][info][gc,start       ] GC(1406) Pause Young (Allocation Failure)
[392.231s][info][gc,heap        ] GC(1406) PSYoungGen: 187040K(256000K)->28374K(262656K) Eden: 186880K(186880K)->0K(195072K) From: 160K(69120K)->28374K(67584K)
[392.231s][info][gc,heap        ] GC(1406) ParOldGen: 445935K(445952K)->445935K(445952K)
[392.231s][info][gc,metaspace   ] GC(1406) Metaspace: 18914K(19136K)->18914K(19136K) NonClass: 16254K(16384K)->16254K(16384K) Class: 2660K(2752K)->2660K(2752K)
[392.231s][info][gc             ] GC(1406) Pause Young (Allocation Failure) 618M->463M(692M) 22.671ms
[392.231s][info][gc,cpu         ] GC(1406) User=0.04s Sys=0.00s Real=0.02s
[392.444s][info][gc,start       ] GC(1407) Pause Young (Allocation Failure)
[392.511s][info][gc,heap        ] GC(1407) PSYoungGen: 223446K(262656K)->66534K(261632K) Eden: 195072K(195072K)->0K(195072K) From: 28374K(67584K)->66534K(66560K)
[392.511s][info][gc,heap        ] GC(1407) ParOldGen: 445935K(445952K)->454759K(455168K)
[392.511s][info][gc,metaspace   ] GC(1407) Metaspace: 18914K(19136K)->18914K(19136K) NonClass: 16254K(16384K)->16254K(16384K) Class: 2660K(2752K)->2660K(2752K)
[392.511s][info][gc             ] GC(1407) Pause Young (Allocation Failure) 653M->509M(700M) 66.781ms
[392.511s][info][gc,cpu         ] GC(1407) User=0.13s Sys=0.01s Real=0.06s
[392.739s][info][gc,start       ] GC(1408) Pause Young (Allocation Failure)
[392.839s][info][gc,heap        ] GC(1408) PSYoungGen: 261606K(261632K)->72172K(202240K) Eden: 195072K(195072K)->0K(130048K) From: 66534K(66560K)->72172K(72192K)
[392.839s][info][gc,heap        ] GC(1408) ParOldGen: 454759K(455168K)->474006K(474112K)
[392.839s][info][gc,metaspace   ] GC(1408) Metaspace: 18914K(19136K)->18914K(19136K) NonClass: 16254K(16384K)->16254K(16384K) Class: 2660K(2752K)->2660K(2752K)
[392.839s][info][gc             ] GC(1408) Pause Young (Allocation Failure) 699M->533M(660M) 100.440ms
[392.839s][info][gc,cpu         ] GC(1408) User=0.18s Sys=0.02s Real=0.10s
[392.957s][info][gc,start       ] GC(1409) Pause Young (Allocation Failure)
[393.072s][info][gc,heap        ] GC(1409) PSYoungGen: 202220K(202240K)->30060K(231936K) Eden: 130048K(130048K)->0K(130048K) From: 72172K(72192K)->30060K(101888K)
[393.072s][info][gc,heap        ] GC(1409) ParOldGen: 474006K(474112K)->537137K(537600K)
[393.072s][info][gc,metaspace   ] GC(1409) Metaspace: 18914K(19136K)->18914K(19136K) NonClass: 16254K(16384K)->16254K(16384K) Class: 2660K(2752K)->2660K(2752K)
[393.072s][info][gc             ] GC(1409) Pause Young (Allocation Failure) 660M->553M(751M) 114.805ms
[393.072s][info][gc,cpu         ] GC(1409) User=0.18s Sys=0.05s Real=0.11s
[393.154s][info][gc,start       ] GC(1410) Pause Young (Allocation Failure)
[393.242s][info][gc,heap        ] GC(1410) PSYoungGen: 160108K(231936K)->42944K(221184K) Eden: 130048K(130048K)->0K(136704K) From: 30060K(101888K)->42944K(84480K)
[393.242s][info][gc,heap        ] GC(1410) ParOldGen: 537137K(537600K)->567247K(567296K)
[393.242s][info][gc,metaspace   ] GC(1410) Metaspace: 18914K(19136K)->18914K(19136K) NonClass: 16254K(16384K)->16254K(16384K) Class: 2660K(2752K)->2660K(2752K)
[393.242s][info][gc             ] GC(1410) Pause Young (Allocation Failure) 680M->595M(770M) 87.918ms
[393.242s][info][gc,cpu         ] GC(1410) User=0.16s Sys=0.02s Real=0.08s
[393.342s][info][gc,start       ] GC(1411) Pause Young (Allocation Failure)
[393.407s][info][gc,heap        ] GC(1411) PSYoungGen: 179648K(221184K)->9984K(229888K) Eden: 136704K(136704K)->0K(136704K) From: 42944K(84480K)->9984K(93184K)
[393.407s][info][gc,heap        ] GC(1411) ParOldGen: 567247K(567296K)->610559K(610816K)
[393.407s][info][gc,metaspace   ] GC(1411) Metaspace: 18914K(19136K)->18914K(19136K) NonClass: 16254K(16384K)->16254K(16384K) Class: 2660K(2752K)->2660K(2752K)
[393.407s][info][gc             ] GC(1411) Pause Young (Allocation Failure) 729M->605M(821M) 64.497ms
[393.407s][info][gc,cpu         ] GC(1411) User=0.08s Sys=0.04s Real=0.07s
[393.472s][info][gc,start       ] GC(1412) Pause Full (Allocation Failure)
[393.472s][info][gc,phases,start] GC(1412) Marking Phase
[393.722s][info][gc,phases      ] GC(1412) Marking Phase 249.562ms
[393.722s][info][gc,phases,start] GC(1412) Summary Phase
[393.722s][info][gc,phases      ] GC(1412) Summary Phase 0.027ms
[393.722s][info][gc,phases,start] GC(1412) Forward
[393.805s][info][gc,phases      ] GC(1412) Forward 83.194ms
[393.805s][info][gc,phases,start] GC(1412) Adjust Pointers
[393.992s][info][gc,phases      ] GC(1412) Adjust Pointers 187.305ms
[393.993s][info][gc,phases,start] GC(1412) Compaction Phase
[394.111s][info][gc,phases      ] GC(1412) Compaction Phase 118.474ms
[394.117s][info][gc,phases,start] GC(1412) Post Compact
[394.119s][info][gc,phases      ] GC(1412) Post Compact 2.208ms
[394.120s][info][gc,heap        ] GC(1412) PSYoungGen: 146688K(229888K)->0K(238080K) Eden: 136704K(136704K)->0K(150016K) From: 9984K(93184K)->0K(88064K)
[394.120s][info][gc,heap        ] GC(1412) ParOldGen: 610559K(610816K)->360638K(667648K)
[394.120s][info][gc,metaspace   ] GC(1412) Metaspace: 18914K(19136K)->18914K(19136K) NonClass: 16254K(16384K)->16254K(16384K) Class: 2660K(2752K)->2660K(2752K)
[394.120s][info][gc             ] GC(1412) Pause Full (Allocation Failure) 739M->352M(884M) 647.541ms
[394.120s][info][gc,cpu         ] GC(1412) User=1.23s Sys=0.01s Real=0.65s
[394.232s][info][gc,start       ] GC(1413) Pause Young (Allocation Failure)
[394.251s][info][gc,heap        ] GC(1413) PSYoungGen: 150016K(238080K)->9888K(240640K) Eden: 150016K(150016K)->0K(150016K) From: 0K(88064K)->9888K(90624K)
[394.251s][info][gc,heap        ] GC(1413) ParOldGen: 360638K(667648K)->360638K(667648K)
[394.251s][info][gc,metaspace   ] GC(1413) Metaspace: 18914K(19136K)->18914K(19136K) NonClass: 16254K(16384K)->16254K(16384K) Class: 2660K(2752K)->2660K(2752K)
[394.251s][info][gc             ] GC(1413) Pause Young (Allocation Failure) 498M->361M(887M) 19.623ms
[394.251s][info][gc,cpu         ] GC(1413) User=0.04s Sys=0.00s Real=0.02s
[394.366s][info][gc,start       ] GC(1414) Pause Young (Allocation Failure)
[394.403s][info][gc,heap        ] GC(1414) PSYoungGen: 159904K(240640K)->18080K(235008K) Eden: 150016K(150016K)->0K(155136K) From: 9888K(90624K)->18080K(79872K)
[394.403s][info][gc,heap        ] GC(1414) ParOldGen: 360638K(667648K)->370518K(667648K)
[394.403s][info][gc,metaspace   ] GC(1414) Metaspace: 18914K(19136K)->18914K(19136K) NonClass: 16254K(16384K)->16254K(16384K) Class: 2660K(2752K)->2660K(2752K)
[394.403s][info][gc             ] GC(1414) Pause Young (Allocation Failure) 508M->379M(881M) 36.614ms
[394.403s][info][gc,cpu         ] GC(1414) User=0.07s Sys=0.00s Real=0.03s
[394.503s][info][gc,start       ] GC(1415) Pause Young (Allocation Failure)
[394.525s][info][gc,heap        ] GC(1415) PSYoungGen: 173216K(235008K)->2048K(239104K) Eden: 155136K(155136K)->0K(155136K) From: 18080K(79872K)->2048K(83968K)
[394.525s][info][gc,heap        ] GC(1415) ParOldGen: 370518K(667648K)->388598K(667648K)
[394.525s][info][gc,metaspace   ] GC(1415) Metaspace: 18914K(19136K)->18914K(19136K) NonClass: 16254K(16384K)->16254K(16384K) Class: 2660K(2752K)->2660K(2752K)
[394.525s][info][gc             ] GC(1415) Pause Young (Allocation Failure) 530M->381M(885M) 21.842ms
[394.525s][info][gc,cpu         ] GC(1415) User=0.04s Sys=0.00s Real=0.03s
[394.673s][info][gc,start       ] GC(1416) Pause Young (Allocation Failure)
[394.697s][info][gc,heap        ] GC(1416) PSYoungGen: 157184K(239104K)->20384K(238080K) Eden: 155136K(155136K)->0K(167424K) From: 2048K(83968K)->20384K(70656K)
[394.697s][info][gc,heap        ] GC(1416) ParOldGen: 388598K(667648K)->390630K(667648K)
[394.697s][info][gc,metaspace   ] GC(1416) Metaspace: 18914K(19136K)->18914K(19136K) NonClass: 16254K(16384K)->16254K(16384K) Class: 2660K(2752K)->2660K(2752K)
[394.697s][info][gc             ] GC(1416) Pause Young (Allocation Failure) 532M->401M(884M) 23.984ms
[394.697s][info][gc,cpu         ] GC(1416) User=0.05s Sys=0.00s Real=0.03s
[395.091s][info][gc,start       ] GC(1417) Pause Young (Allocation Failure)
[395.128s][info][gc,heap        ] GC(1417) PSYoungGen: 187808K(238080K)->9696K(244736K) Eden: 167424K(167424K)->0K(167424K) From: 20384K(70656K)->9696K(77312K)
[395.128s][info][gc,heap        ] GC(1417) ParOldGen: 390630K(667648K)->411027K(667648K)
[395.128s][info][gc,metaspace   ] GC(1417) Metaspace: 18915K(19136K)->18915K(19136K) NonClass: 16255K(16384K)->16255K(16384K) Class: 2660K(2752K)->2660K(2752K)
[395.128s][info][gc             ] GC(1417) Pause Young (Allocation Failure) 564M->410M(891M) 36.684ms
[395.128s][info][gc,cpu         ] GC(1417) User=0.07s Sys=0.00s Real=0.04s
[395.384s][info][gc,start       ] GC(1418) Pause Young (Allocation Failure)
[395.413s][info][gc,heap        ] GC(1418) PSYoungGen: 177120K(244736K)->19136K(244224K) Eden: 167424K(167424K)->0K(182272K) From: 9696K(77312K)->19136K(61952K)
[395.413s][info][gc,heap        ] GC(1418) ParOldGen: 411027K(667648K)->420720K(667648K)
[395.413s][info][gc,metaspace   ] GC(1418) Metaspace: 18915K(19136K)->18915K(19136K) NonClass: 16255K(16384K)->16255K(16384K) Class: 2660K(2752K)->2660K(2752K)
[395.413s][info][gc             ] GC(1418) Pause Young (Allocation Failure) 574M->429M(890M) 28.978ms
[395.413s][info][gc,cpu         ] GC(1418) User=0.06s Sys=0.00s Real=0.02s
[395.616s][info][gc,start       ] GC(1419) Pause Young (Allocation Failure)
[395.661s][info][gc,heap        ] GC(1419) PSYoungGen: 201408K(244224K)->34112K(251904K) Eden: 182272K(182272K)->0K(182272K) From: 19136K(61952K)->34112K(69632K)
[395.661s][info][gc,heap        ] GC(1419) ParOldGen: 420720K(667648K)->439909K(667648K)
[395.661s][info][gc,metaspace   ] GC(1419) Metaspace: 18915K(19136K)->18915K(19136K) NonClass: 16255K(16384K)->16255K(16384K) Class: 2660K(2752K)->2660K(2752K)
[395.661s][info][gc             ] GC(1419) Pause Young (Allocation Failure) 607M->462M(898M) 45.267ms
[395.661s][info][gc,cpu         ] GC(1419) User=0.09s Sys=0.00s Real=0.04s
[395.903s][info][gc,start       ] GC(1420) Pause Young (Allocation Failure)
[395.958s][info][gc,heap        ] GC(1420) PSYoungGen: 216384K(251904K)->43808K(258560K) Eden: 182272K(182272K)->0K(189440K) From: 34112K(69632K)->43808K(69120K)
[395.958s][info][gc,heap        ] GC(1420) ParOldGen: 439909K(667648K)->474406K(667648K)
[395.958s][info][gc,metaspace   ] GC(1420) Metaspace: 18915K(19136K)->18915K(19136K) NonClass: 16255K(16384K)->16255K(16384K) Class: 2660K(2752K)->2660K(2752K)
[395.958s][info][gc             ] GC(1420) Pause Young (Allocation Failure) 640M->506M(904M) 54.738ms
[395.958s][info][gc,cpu         ] GC(1420) User=0.11s Sys=0.00s Real=0.05s
[396.190s][info][gc,start       ] GC(1421) Pause Young (Allocation Failure)
[396.265s][info][gc,heap        ] GC(1421) PSYoungGen: 233248K(258560K)->31199K(261632K) Eden: 189440K(189440K)->0K(189440K) From: 43808K(69120K)->31199K(72192K)
[396.265s][info][gc,heap        ] GC(1421) ParOldGen: 474406K(667648K)->518690K(667648K)
[396.265s][info][gc,metaspace   ] GC(1421) Metaspace: 18915K(19136K)->18915K(19136K) NonClass: 16255K(16384K)->16255K(16384K) Class: 2660K(2752K)->2660K(2752K)
[396.265s][info][gc             ] GC(1421) Pause Young (Allocation Failure) 691M->537M(907M) 75.324ms
[396.265s][info][gc,cpu         ] GC(1421) User=0.15s Sys=0.00s Real=0.08s
[396.490s][info][gc,start       ] GC(1422) Pause Young (Allocation Failure)
[396.561s][info][gc,heap        ] GC(1422) PSYoungGen: 220639K(261632K)->27392K(253952K) Eden: 189440K(189440K)->0K(192000K) From: 31199K(72192K)->27392K(61952K)
[396.561s][info][gc,heap        ] GC(1422) ParOldGen: 518690K(667648K)->549920K(667648K)
[396.561s][info][gc,metaspace   ] GC(1422) Metaspace: 18915K(19136K)->18915K(19136K) NonClass: 16255K(16384K)->16255K(16384K) Class: 2660K(2752K)->2660K(2752K)
[396.561s][info][gc             ] GC(1422) Pause Young (Allocation Failure) 722M->563M(900M) 71.226ms
[396.561s][info][gc,cpu         ] GC(1422) User=0.15s Sys=0.00s Real=0.07s
[396.727s][info][gc,start       ] GC(1423) Pause Young (Allocation Failure)
[396.758s][info][gc,heap        ] GC(1423) PSYoungGen: 219392K(253952K)->832K(258048K) Eden: 192000K(192000K)->0K(192000K) From: 27392K(61952K)->832K(66048K)
[396.758s][info][gc,heap        ] GC(1423) ParOldGen: 549920K(667648K)->577344K(667648K)
[396.758s][info][gc,metaspace   ] GC(1423) Metaspace: 18915K(19136K)->18915K(19136K) NonClass: 16255K(16384K)->16255K(16384K) Class: 2660K(2752K)->2660K(2752K)
[396.758s][info][gc             ] GC(1423) Pause Young (Allocation Failure) 751M->564M(904M) 31.694ms
[396.758s][info][gc,cpu         ] GC(1423) User=0.07s Sys=0.00s Real=0.03s
[397.020s][info][gc,start       ] GC(1424) Pause Young (Allocation Failure)
[397.045s][info][gc,heap        ] GC(1424) PSYoungGen: 192832K(258048K)->8928K(264192K) Eden: 192000K(192000K)->0K(201216K) From: 832K(66048K)->8928K(62976K)
[397.045s][info][gc,heap        ] GC(1424) ParOldGen: 577344K(667648K)->578168K(667648K)
[397.045s][info][gc,metaspace   ] GC(1424) Metaspace: 18915K(19136K)->18915K(19136K) NonClass: 16255K(16384K)->16255K(16384K) Class: 2660K(2752K)->2660K(2752K)
[397.045s][info][gc             ] GC(1424) Pause Young (Allocation Failure) 752M->573M(910M) 25.249ms
[397.045s][info][gc,cpu         ] GC(1424) User=0.05s Sys=0.00s Real=0.03s
[397.296s][info][gc,start       ] GC(1425) Pause Young (Allocation Failure)
[397.344s][info][gc,heap        ] GC(1425) PSYoungGen: 210144K(264192K)->40466K(265728K) Eden: 201216K(201216K)->0K(201216K) From: 8928K(62976K)->40466K(64512K)
[397.344s][info][gc,heap        ] GC(1425) ParOldGen: 578168K(667648K)->587088K(667648K)
[397.344s][info][gc,metaspace   ] GC(1425) Metaspace: 18915K(19136K)->18915K(19136K) NonClass: 16255K(16384K)->16255K(16384K) Class: 2660K(2752K)->2660K(2752K)
[397.344s][info][gc             ] GC(1425) Pause Young (Allocation Failure) 769M->612M(911M) 48.903ms
[397.344s][info][gc,cpu         ] GC(1425) User=0.10s Sys=0.00s Real=0.05s
[397.592s][info][gc,start       ] GC(1426) Pause Young (Allocation Failure)
[397.681s][info][gc,heap        ] GC(1426) PSYoungGen: 241682K(265728K)->60288K(248320K) Eden: 201216K(201216K)->0K(181248K) From: 40466K(64512K)->60288K(67072K)
[397.681s][info][gc,heap        ] GC(1426) ParOldGen: 587088K(667648K)->627750K(667648K)
[397.681s][info][gc,metaspace   ] GC(1426) Metaspace: 18915K(19136K)->18915K(19136K) NonClass: 16255K(16384K)->16255K(16384K) Class: 2660K(2752K)->2660K(2752K)
[397.681s][info][gc             ] GC(1426) Pause Young (Allocation Failure) 809M->671M(894M) 89.451ms
[397.681s][info][gc,cpu         ] GC(1426) User=0.17s Sys=0.01s Real=0.09s
[397.930s][info][gc,start       ] GC(1427) Pause Full (Allocation Failure)
[397.930s][info][gc,phases,start] GC(1427) Marking Phase
[398.282s][info][gc,phases      ] GC(1427) Marking Phase 352.415ms
[398.282s][info][gc,phases,start] GC(1427) Summary Phase
[398.282s][info][gc,phases      ] GC(1427) Summary Phase 0.029ms
[398.282s][info][gc,phases,start] GC(1427) Forward
[398.420s][info][gc,phases      ] GC(1427) Forward 137.594ms
[398.420s][info][gc,phases,start] GC(1427) Adjust Pointers
[398.690s][info][gc,phases      ] GC(1427) Adjust Pointers 270.424ms
[398.691s][info][gc,phases,start] GC(1427) Compaction Phase
[398.851s][info][gc,phases      ] GC(1427) Compaction Phase 160.092ms
[398.861s][info][gc,phases,start] GC(1427) Post Compact
[398.864s][info][gc,phases      ] GC(1427) Post Compact 2.541ms
[398.864s][info][gc,heap        ] GC(1427) PSYoungGen: 241536K(248320K)->0K(257536K) Eden: 181248K(181248K)->0K(181248K) From: 60288K(67072K)->0K(76288K)
[398.864s][info][gc,heap        ] GC(1427) ParOldGen: 627750K(667648K)->494119K(667648K)
[398.864s][info][gc,metaspace   ] GC(1427) Metaspace: 18915K(19136K)->18915K(19136K) NonClass: 16255K(16384K)->16255K(16384K) Class: 2660K(2752K)->2660K(2752K)
[398.864s][info][gc             ] GC(1427) Pause Full (Allocation Failure) 848M->482M(903M) 934.283ms
[398.864s][info][gc,cpu         ] GC(1427) User=1.75s Sys=0.00s Real=0.94s
[399.076s][info][gc,start       ] GC(1428) Pause Young (Allocation Failure)
[399.104s][info][gc,heap        ] GC(1428) PSYoungGen: 181248K(257536K)->25856K(248320K) Eden: 181248K(181248K)->0K(181248K) From: 0K(76288K)->25856K(67072K)
[399.104s][info][gc,heap        ] GC(1428) ParOldGen: 494119K(667648K)->494119K(667648K)
[399.104s][info][gc,metaspace   ] GC(1428) Metaspace: 18915K(19136K)->18915K(19136K) NonClass: 16255K(16384K)->16255K(16384K) Class: 2660K(2752K)->2660K(2752K)
[399.104s][info][gc             ] GC(1428) Pause Young (Allocation Failure) 659M->507M(894M) 28.592ms
[399.104s][info][gc,cpu         ] GC(1428) User=0.06s Sys=0.00s Real=0.03s
[399.276s][info][gc,start       ] GC(1429) Pause Young (Allocation Failure)
[399.306s][info][gc,heap        ] GC(1429) PSYoungGen: 207104K(248320K)->864K(252928K) Eden: 181248K(181248K)->0K(181248K) From: 25856K(67072K)->864K(71680K)
[399.306s][info][gc,heap        ] GC(1429) ParOldGen: 494119K(667648K)->520007K(667648K)
[399.306s][info][gc,metaspace   ] GC(1429) Metaspace: 18915K(19136K)->18915K(19136K) NonClass: 16255K(16384K)->16255K(16384K) Class: 2660K(2752K)->2660K(2752K)
[399.306s][info][gc             ] GC(1429) Pause Young (Allocation Failure) 684M->508M(899M) 29.592ms
[399.306s][info][gc,cpu         ] GC(1429) User=0.06s Sys=0.00s Real=0.03s
[399.540s][info][gc,start       ] GC(1430) Pause Young (Allocation Failure)
[399.551s][info][gc,heap        ] GC(1430) PSYoungGen: 182112K(252928K)->5152K(260096K) Eden: 181248K(181248K)->0K(190464K) From: 864K(71680K)->5152K(69632K)
[399.551s][info][gc,heap        ] GC(1430) ParOldGen: 520007K(667648K)->520831K(667648K)
[399.551s][info][gc,metaspace   ] GC(1430) Metaspace: 18915K(19136K)->18915K(19136K) NonClass: 16255K(16384K)->16255K(16384K) Class: 2660K(2752K)->2660K(2752K)
[399.551s][info][gc             ] GC(1430) Pause Young (Allocation Failure) 685M->513M(906M) 11.616ms
[399.551s][info][gc,cpu         ] GC(1430) User=0.03s Sys=0.00s Real=0.01s
[399.864s][info][gc,start       ] GC(1431) Pause Young (Allocation Failure)
[399.897s][info][gc,heap        ] GC(1431) PSYoungGen: 195616K(260096K)->30560K(261120K) Eden: 190464K(190464K)->0K(190464K) From: 5152K(69632K)->30560K(70656K)
[399.897s][info][gc,heap        ] GC(1431) ParOldGen: 520831K(667648K)->520831K(667648K)
[399.897s][info][gc,metaspace   ] GC(1431) Metaspace: 18915K(19136K)->18915K(19136K) NonClass: 16255K(16384K)->16255K(16384K) Class: 2660K(2752K)->2660K(2752K)
[399.897s][info][gc             ] GC(1431) Pause Young (Allocation Failure) 699M->538M(907M) 33.643ms
[399.897s][info][gc,cpu         ] GC(1431) User=0.07s Sys=0.00s Real=0.03s
[400.410s][info][gc,start       ] GC(1432) Pause Young (Allocation Failure)
[400.442s][info][gc,heap        ] GC(1432) PSYoungGen: 221024K(261120K)->30576K(260096K) Eden: 190464K(190464K)->0K(194560K) From: 30560K(70656K)->30576K(65536K)
[400.442s][info][gc,heap        ] GC(1432) ParOldGen: 520831K(667648K)->520831K(667648K)
[400.442s][info][gc,metaspace   ] GC(1432) Metaspace: 18915K(19136K)->18915K(19136K) NonClass: 16255K(16384K)->16255K(16384K) Class: 2660K(2752K)->2660K(2752K)
[400.442s][info][gc             ] GC(1432) Pause Young (Allocation Failure) 724M->538M(906M) 31.329ms
[400.442s][info][gc,cpu         ] GC(1432) User=0.06s Sys=0.00s Real=0.03s
[400.892s][info][gc,start       ] GC(1433) Pause Young (Allocation Failure)
[400.923s][info][gc,heap        ] GC(1433) PSYoungGen: 225136K(260096K)->30576K(261120K) Eden: 194560K(194560K)->0K(194560K) From: 30576K(65536K)->30576K(66560K)
[400.923s][info][gc,heap        ] GC(1433) ParOldGen: 520831K(667648K)->520831K(667648K)
[400.923s][info][gc,metaspace   ] GC(1433) Metaspace: 18915K(19136K)->18915K(19136K) NonClass: 16255K(16384K)->16255K(16384K) Class: 2660K(2752K)->2660K(2752K)
[400.923s][info][gc             ] GC(1433) Pause Young (Allocation Failure) 728M->538M(907M) 31.559ms
[400.923s][info][gc,cpu         ] GC(1433) User=0.06s Sys=0.00s Real=0.04s
[401.350s][info][gc,start       ] GC(1434) Pause Young (Allocation Failure)
[401.390s][info][gc,heap        ] GC(1434) PSYoungGen: 225136K(261120K)->30896K(263680K) Eden: 194560K(194560K)->0K(202240K) From: 30576K(66560K)->30896K(61440K)
[401.390s][info][gc,heap        ] GC(1434) ParOldGen: 520831K(667648K)->520831K(667648K)
[401.390s][info][gc,metaspace   ] GC(1434) Metaspace: 18915K(19136K)->18915K(19136K) NonClass: 16255K(16384K)->16255K(16384K) Class: 2660K(2752K)->2660K(2752K)
[401.390s][info][gc             ] GC(1434) Pause Young (Allocation Failure) 728M->538M(909M) 40.375ms
[401.390s][info][gc,cpu         ] GC(1434) User=0.08s Sys=0.00s Real=0.04s
[401.610s][info][gc,start       ] GC(1435) Pause Young (Allocation Failure)
[401.698s][info][gc,heap        ] GC(1435) PSYoungGen: 233136K(263680K)->62944K(265216K) Eden: 202240K(202240K)->0K(202240K) From: 30896K(61440K)->62944K(62976K)
[401.698s][info][gc,heap        ] GC(1435) ParOldGen: 520831K(667648K)->541871K(667648K)
[401.698s][info][gc,metaspace   ] GC(1435) Metaspace: 18915K(19136K)->18915K(19136K) NonClass: 16255K(16384K)->16255K(16384K) Class: 2660K(2752K)->2660K(2752K)
[401.698s][info][gc             ] GC(1435) Pause Young (Allocation Failure) 736M->590M(911M) 88.769ms
[401.699s][info][gc,cpu         ] GC(1435) User=0.17s Sys=0.00s Real=0.09s
[401.993s][info][gc,start       ] GC(1436) Pause Young (Allocation Failure)
[402.068s][info][gc,heap        ] GC(1436) PSYoungGen: 265184K(265216K)->55696K(232448K) Eden: 202240K(202240K)->0K(163840K) From: 62944K(62976K)->55696K(68608K)
[402.068s][info][gc,heap        ] GC(1436) ParOldGen: 541871K(667648K)->572448K(667648K)
[402.068s][info][gc,metaspace   ] GC(1436) Metaspace: 18916K(19136K)->18916K(19136K) NonClass: 16256K(16384K)->16256K(16384K) Class: 2660K(2752K)->2660K(2752K)
[402.068s][info][gc             ] GC(1436) Pause Young (Allocation Failure) 788M->613M(879M) 75.231ms
[402.068s][info][gc,cpu         ] GC(1436) User=0.15s Sys=0.00s Real=0.08s
[402.300s][info][gc,start       ] GC(1437) Pause Young (Allocation Failure)
[402.393s][info][gc,heap        ] GC(1437) PSYoungGen: 219536K(232448K)->84960K(248832K) Eden: 163840K(163840K)->0K(163840K) From: 55696K(68608K)->84960K(84992K)
[402.393s][info][gc,heap        ] GC(1437) ParOldGen: 572448K(667648K)->579976K(667648K)
[402.393s][info][gc,metaspace   ] GC(1437) Metaspace: 18916K(19136K)->18916K(19136K) NonClass: 16256K(16384K)->16256K(16384K) Class: 2660K(2752K)->2660K(2752K)
[402.393s][info][gc             ] GC(1437) Pause Young (Allocation Failure) 773M->649M(895M) 93.001ms
[402.393s][info][gc,cpu         ] GC(1437) User=0.18s Sys=0.00s Real=0.10s
[402.572s][info][gc,start       ] GC(1438) Pause Young (Allocation Failure)
[402.690s][info][gc,heap        ] GC(1438) PSYoungGen: 248800K(248832K)->84976K(196608K) Eden: 163840K(163840K)->0K(111616K) From: 84960K(84992K)->84976K(84992K)
[402.690s][info][gc,heap        ] GC(1438) ParOldGen: 579976K(667648K)->599960K(667648K)
[402.690s][info][gc,metaspace   ] GC(1438) Metaspace: 18916K(19136K)->18916K(19136K) NonClass: 16256K(16384K)->16256K(16384K) Class: 2660K(2752K)->2660K(2752K)
[402.690s][info][gc             ] GC(1438) Pause Young (Allocation Failure) 809M->668M(844M) 118.445ms
[402.690s][info][gc,cpu         ] GC(1438) User=0.22s Sys=0.01s Real=0.12s
[402.792s][info][gc,start       ] GC(1439) Pause Young (Allocation Failure)
[402.908s][info][gc,heap        ] GC(1439) PSYoungGen: 196592K(196608K)->30496K(222720K) Eden: 111616K(111616K)->0K(111616K) From: 84976K(84992K)->30496K(111104K)
[402.908s][info][gc,heap        ] GC(1439) ParOldGen: 599960K(667648K)->655609K(667648K)
[402.908s][info][gc,metaspace   ] GC(1439) Metaspace: 18916K(19136K)->18916K(19136K) NonClass: 16256K(16384K)->16256K(16384K) Class: 2660K(2752K)->2660K(2752K)
[402.908s][info][gc             ] GC(1439) Pause Young (Allocation Failure) 777M->670M(869M) 116.662ms
[402.908s][info][gc,cpu         ] GC(1439) User=0.21s Sys=0.02s Real=0.12s
[403.036s][info][gc,start       ] GC(1440) Pause Full (Allocation Failure)
[403.036s][info][gc,phases,start] GC(1440) Marking Phase
[403.402s][info][gc,phases      ] GC(1440) Marking Phase 366.662ms
[403.402s][info][gc,phases,start] GC(1440) Summary Phase
[403.402s][info][gc,phases      ] GC(1440) Summary Phase 0.026ms
[403.402s][info][gc,phases,start] GC(1440) Forward
[403.544s][info][gc,phases      ] GC(1440) Forward 141.000ms
[403.544s][info][gc,phases,start] GC(1440) Adjust Pointers
[403.824s][info][gc,phases      ] GC(1440) Adjust Pointers 280.185ms
[403.824s][info][gc,phases,start] GC(1440) Compaction Phase
[404.001s][info][gc,phases      ] GC(1440) Compaction Phase 177.314ms
[404.013s][info][gc,phases,start] GC(1440) Post Compact
[404.016s][info][gc,phases      ] GC(1440) Post Compact 2.296ms
[404.016s][info][gc,heap        ] GC(1440) PSYoungGen: 142112K(222720K)->0K(222720K) Eden: 111616K(111616K)->0K(111616K) From: 30496K(111104K)->0K(111104K)
[404.016s][info][gc,heap        ] GC(1440) ParOldGen: 655609K(667648K)->513092K(667648K)
[404.016s][info][gc,metaspace   ] GC(1440) Metaspace: 18916K(19136K)->18916K(19136K) NonClass: 16256K(16384K)->16256K(16384K) Class: 2660K(2752K)->2660K(2752K)
[404.016s][info][gc             ] GC(1440) Pause Full (Allocation Failure) 779M->501M(869M) 979.953ms
[404.016s][info][gc,cpu         ] GC(1440) User=1.83s Sys=0.01s Real=0.98s
[404.134s][info][gc,start       ] GC(1441) Pause Young (Allocation Failure)
[404.139s][info][gc,heap        ] GC(1441) PSYoungGen: 111616K(222720K)->2112K(222720K) Eden: 111616K(111616K)->0K(111616K) From: 0K(111104K)->2112K(111104K)
[404.139s][info][gc,heap        ] GC(1441) ParOldGen: 513092K(667648K)->513092K(667648K)
[404.139s][info][gc,metaspace   ] GC(1441) Metaspace: 18916K(19136K)->18916K(19136K) NonClass: 16256K(16384K)->16256K(16384K) Class: 2660K(2752K)->2660K(2752K)
[404.139s][info][gc             ] GC(1441) Pause Young (Allocation Failure) 610M->503M(869M) 4.440ms
[404.139s][info][gc,cpu         ] GC(1441) User=0.01s Sys=0.00s Real=0.00s
[404.303s][info][gc,start       ] GC(1442) Pause Young (Allocation Failure)
[404.321s][info][gc,heap        ] GC(1442) PSYoungGen: 113728K(222720K)->14027K(222720K) Eden: 111616K(111616K)->0K(111616K) From: 2112K(111104K)->14027K(111104K)
[404.321s][info][gc,heap        ] GC(1442) ParOldGen: 513092K(667648K)->515172K(667648K)
[404.321s][info][gc,metaspace   ] GC(1442) Metaspace: 18928K(19136K)->18928K(19136K) NonClass: 16268K(16384K)->16268K(16384K) Class: 2660K(2752K)->2660K(2752K)
[404.321s][info][gc             ] GC(1442) Pause Young (Allocation Failure) 612M->516M(869M) 17.945ms
[404.321s][info][gc,cpu         ] GC(1442) User=0.04s Sys=0.00s Real=0.01s
[404.408s][info][gc,start       ] GC(1443) Pause Young (Allocation Failure)
[404.447s][info][gc,heap        ] GC(1443) PSYoungGen: 125643K(222720K)->23968K(135680K) Eden: 111616K(111616K)->0K(111616K) From: 14027K(111104K)->23968K(24064K)
[404.447s][info][gc,heap        ] GC(1443) ParOldGen: 515172K(667648K)->529176K(667648K)
[404.447s][info][gc,metaspace   ] GC(1443) Metaspace: 18928K(19136K)->18928K(19136K) NonClass: 16268K(16384K)->16268K(16384K) Class: 2660K(2752K)->2660K(2752K)
[404.447s][info][gc             ] GC(1443) Pause Young (Allocation Failure) 625M->540M(784M) 39.014ms
[404.447s][info][gc,cpu         ] GC(1443) User=0.08s Sys=0.00s Real=0.04s
[404.589s][info][gc,start       ] GC(1444) Pause Young (Allocation Failure)
[404.612s][info][gc,heap        ] GC(1444) PSYoungGen: 135584K(135680K)->4960K(220160K) Eden: 111616K(111616K)->0K(113152K) From: 23968K(24064K)->4960K(107008K)
[404.612s][info][gc,heap        ] GC(1444) ParOldGen: 529176K(667648K)->545065K(667648K)
[404.612s][info][gc,metaspace   ] GC(1444) Metaspace: 18931K(19136K)->18931K(19136K) NonClass: 16270K(16384K)->16270K(16384K) Class: 2660K(2752K)->2660K(2752K)
[404.612s][info][gc             ] GC(1444) Pause Young (Allocation Failure) 649M->537M(867M) 23.551ms
[404.613s][info][gc,cpu         ] GC(1444) User=0.04s Sys=0.00s Real=0.02s
[404.751s][info][gc,start       ] GC(1445) Pause Young (Allocation Failure)
[404.773s][info][gc,heap        ] GC(1445) PSYoungGen: 118112K(220160K)->20576K(218624K) Eden: 113152K(113152K)->0K(113152K) From: 4960K(107008K)->20576K(105472K)
[404.773s][info][gc,heap        ] GC(1445) ParOldGen: 545065K(667648K)->550001K(667648K)
[404.773s][info][gc,metaspace   ] GC(1445) Metaspace: 18931K(19136K)->18931K(19136K) NonClass: 16270K(16384K)->16270K(16384K) Class: 2660K(2752K)->2660K(2752K)
[404.773s][info][gc             ] GC(1445) Pause Young (Allocation Failure) 647M->557M(865M) 21.999ms
[404.773s][info][gc,cpu         ] GC(1445) User=0.04s Sys=0.00s Real=0.02s
[404.909s][info][gc,start       ] GC(1446) Pause Young (Allocation Failure)
[404.943s][info][gc,heap        ] GC(1446) PSYoungGen: 133728K(218624K)->14784K(222208K) Eden: 113152K(113152K)->0K(125440K) From: 20576K(105472K)->14784K(96768K)
[404.943s][info][gc,heap        ] GC(1446) ParOldGen: 550001K(667648K)->570729K(667648K)
[404.943s][info][gc,metaspace   ] GC(1446) Metaspace: 18931K(19136K)->18931K(19136K) NonClass: 16270K(16384K)->16270K(16384K) Class: 2660K(2752K)->2660K(2752K)
[404.943s][info][gc             ] GC(1446) Pause Young (Allocation Failure) 667M->571M(869M) 33.526ms
[404.943s][info][gc,cpu         ] GC(1446) User=0.07s Sys=0.00s Real=0.03s
[405.100s][info][gc,start       ] GC(1447) Pause Young (Allocation Failure)
[405.123s][info][gc,heap        ] GC(1447) PSYoungGen: 140224K(222208K)->3776K(221696K) Eden: 125440K(125440K)->0K(125440K) From: 14784K(96768K)->3776K(96256K)
[405.123s][info][gc,heap        ] GC(1447) ParOldGen: 570729K(667648K)->585521K(667648K)
[405.123s][info][gc,metaspace   ] GC(1447) Metaspace: 18931K(19136K)->18931K(19136K) NonClass: 16270K(16384K)->16270K(16384K) Class: 2660K(2752K)->2660K(2752K)
[405.124s][info][gc             ] GC(1447) Pause Young (Allocation Failure) 694M->575M(868M) 23.864ms
[405.124s][info][gc,cpu         ] GC(1447) User=0.05s Sys=0.00s Real=0.03s
[405.408s][info][gc,start       ] GC(1448) Pause Young (Allocation Failure)
[405.415s][info][gc,heap        ] GC(1448) PSYoungGen: 129216K(221696K)->1344K(225792K) Eden: 125440K(125440K)->0K(137216K) From: 3776K(96256K)->1344K(88576K)
[405.415s][info][gc,heap        ] GC(1448) ParOldGen: 585521K(667648K)->589265K(667648K)
[405.415s][info][gc,metaspace   ] GC(1448) Metaspace: 18931K(19136K)->18931K(19136K) NonClass: 16271K(16384K)->16271K(16384K) Class: 2660K(2752K)->2660K(2752K)
[405.415s][info][gc             ] GC(1448) Pause Young (Allocation Failure) 697M->576M(872M) 7.678ms
[405.415s][info][gc,cpu         ] GC(1448) User=0.02s Sys=0.00s Real=0.01s
[405.575s][info][gc,start       ] GC(1449) Pause Young (Allocation Failure)
[405.591s][info][gc,heap        ] GC(1449) PSYoungGen: 138560K(225792K)->15760K(229376K) Eden: 137216K(137216K)->0K(137216K) From: 1344K(88576K)->15760K(92160K)
[405.591s][info][gc,heap        ] GC(1449) ParOldGen: 589265K(667648K)->589265K(667648K)
[405.591s][info][gc,metaspace   ] GC(1449) Metaspace: 18931K(19136K)->18931K(19136K) NonClass: 16271K(16384K)->16271K(16384K) Class: 2660K(2752K)->2660K(2752K)
[405.591s][info][gc             ] GC(1449) Pause Young (Allocation Failure) 710M->590M(876M) 16.746ms
[405.591s][info][gc,cpu         ] GC(1449) User=0.03s Sys=0.00s Real=0.01s
[405.741s][info][gc,start       ] GC(1450) Pause Young (Allocation Failure)
[405.775s][info][gc,heap        ] GC(1450) PSYoungGen: 152976K(229376K)->42784K(236032K) Eden: 137216K(137216K)->0K(148992K) From: 15760K(92160K)->42784K(87040K)
[405.775s][info][gc,heap        ] GC(1450) ParOldGen: 589265K(667648K)->589265K(667648K)
[405.775s][info][gc,metaspace   ] GC(1450) Metaspace: 18931K(19136K)->18931K(19136K) NonClass: 16271K(16384K)->16271K(16384K) Class: 2660K(2752K)->2660K(2752K)
[405.775s][info][gc             ] GC(1450) Pause Young (Allocation Failure) 724M->617M(882M) 34.098ms
[405.775s][info][gc,cpu         ] GC(1450) User=0.07s Sys=0.00s Real=0.04s
[405.920s][info][gc,start       ] GC(1451) Pause Young (Allocation Failure)
[405.983s][info][gc,heap        ] GC(1451) PSYoungGen: 191776K(236032K)->87536K(236544K) Eden: 148992K(148992K)->0K(148992K) From: 42784K(87040K)->87536K(87552K)
[405.983s][info][gc,heap        ] GC(1451) ParOldGen: 589265K(667648K)->590473K(667648K)
[405.983s][info][gc,metaspace   ] GC(1451) Metaspace: 18931K(19136K)->18931K(19136K) NonClass: 16271K(16384K)->16271K(16384K) Class: 2660K(2752K)->2660K(2752K)
[405.983s][info][gc             ] GC(1451) Pause Young (Allocation Failure) 762M->662M(883M) 63.599ms
[405.983s][info][gc,cpu         ] GC(1451) User=0.13s Sys=0.00s Real=0.07s
[406.183s][info][gc,start       ] GC(1452) Pause Young (Allocation Failure)
[406.236s][info][gc,heap        ] GC(1452) PSYoungGen: 236528K(236544K)->74560K(208896K) Eden: 148992K(148992K)->0K(111616K) From: 87536K(87552K)->74560K(97280K)
[406.236s][info][gc,heap        ] GC(1452) ParOldGen: 590473K(667648K)->592046K(667648K)
[406.236s][info][gc,metaspace   ] GC(1452) Metaspace: 18931K(19136K)->18931K(19136K) NonClass: 16271K(16384K)->16271K(16384K) Class: 2660K(2752K)->2660K(2752K)
[406.236s][info][gc             ] GC(1452) Pause Young (Allocation Failure) 807M->650M(856M) 52.997ms
[406.236s][info][gc,cpu         ] GC(1452) User=0.10s Sys=0.01s Real=0.05s
[406.389s][info][gc,start       ] GC(1453) Pause Young (Allocation Failure)
[406.487s][info][gc,heap        ] GC(1453) PSYoungGen: 186176K(208896K)->35136K(222720K) Eden: 111616K(111616K)->0K(111616K) From: 74560K(97280K)->35136K(111104K)
[406.487s][info][gc,heap        ] GC(1453) ParOldGen: 592046K(667648K)->664038K(667648K)
[406.487s][info][gc,metaspace   ] GC(1453) Metaspace: 18931K(19136K)->18931K(19136K) NonClass: 16271K(16384K)->16271K(16384K) Class: 2660K(2752K)->2660K(2752K)
[406.487s][info][gc             ] GC(1453) Pause Young (Allocation Failure) 759M->682M(869M) 98.338ms
[406.487s][info][gc,cpu         ] GC(1453) User=0.19s Sys=0.01s Real=0.10s
[406.620s][info][gc,start       ] GC(1454) Pause Full (Allocation Failure)
[406.620s][info][gc,phases,start] GC(1454) Marking Phase
[406.998s][info][gc,phases      ] GC(1454) Marking Phase 377.758ms
[406.998s][info][gc,phases,start] GC(1454) Summary Phase
[406.998s][info][gc,phases      ] GC(1454) Summary Phase 0.028ms
[406.998s][info][gc,phases,start] GC(1454) Forward
[407.090s][info][gc,phases      ] GC(1454) Forward 92.040ms
[407.090s][info][gc,phases,start] GC(1454) Adjust Pointers
[407.365s][info][gc,phases      ] GC(1454) Adjust Pointers 275.341ms
[407.365s][info][gc,phases,start] GC(1454) Compaction Phase
[407.515s][info][gc,phases      ] GC(1454) Compaction Phase 149.830ms
[407.525s][info][gc,phases,start] GC(1454) Post Compact
[407.527s][info][gc,phases      ] GC(1454) Post Compact 2.379ms
[407.527s][info][gc,heap        ] GC(1454) PSYoungGen: 146752K(222720K)->0K(217600K) Eden: 111616K(111616K)->0K(116736K) From: 35136K(111104K)->0K(100864K)
[407.527s][info][gc,heap        ] GC(1454) ParOldGen: 664038K(667648K)->506863K(667648K)
[407.527s][info][gc,metaspace   ] GC(1454) Metaspace: 18931K(19136K)->18931K(19136K) NonClass: 16271K(16384K)->16271K(16384K) Class: 2660K(2752K)->2660K(2752K)
[407.527s][info][gc             ] GC(1454) Pause Full (Allocation Failure) 791M->494M(864M) 907.130ms
[407.527s][info][gc,cpu         ] GC(1454) User=1.72s Sys=0.00s Real=0.91s
[407.629s][info][gc,start       ] GC(1455) Pause Young (Allocation Failure)
[407.636s][info][gc,heap        ] GC(1455) PSYoungGen: 116736K(217600K)->4032K(222720K) Eden: 116736K(116736K)->0K(116736K) From: 0K(100864K)->4032K(105984K)
[407.636s][info][gc,heap        ] GC(1455) ParOldGen: 506863K(667648K)->506863K(667648K)
[407.636s][info][gc,metaspace   ] GC(1455) Metaspace: 18931K(19136K)->18931K(19136K) NonClass: 16271K(16384K)->16271K(16384K) Class: 2660K(2752K)->2660K(2752K)
[407.636s][info][gc             ] GC(1455) Pause Young (Allocation Failure) 608M->498M(869M) 6.996ms
[407.636s][info][gc,cpu         ] GC(1455) User=0.01s Sys=0.00s Real=0.01s
[407.765s][info][gc,start       ] GC(1456) Pause Young (Allocation Failure)
[407.775s][info][gc,heap        ] GC(1456) PSYoungGen: 120768K(222720K)->768K(223232K) Eden: 116736K(116736K)->0K(123392K) From: 4032K(105984K)->768K(99840K)
[407.775s][info][gc,heap        ] GC(1456) ParOldGen: 506863K(667648K)->510871K(667648K)
[407.775s][info][gc,metaspace   ] GC(1456) Metaspace: 18931K(19136K)->18931K(19136K) NonClass: 16271K(16384K)->16271K(16384K) Class: 2660K(2752K)->2660K(2752K)
[407.775s][info][gc             ] GC(1456) Pause Young (Allocation Failure) 612M->499M(870M) 10.640ms
[407.775s][info][gc,cpu         ] GC(1456) User=0.02s Sys=0.00s Real=0.01s
[407.908s][info][gc,start       ] GC(1457) Pause Young (Allocation Failure)
[407.918s][info][gc,heap        ] GC(1457) PSYoungGen: 124160K(223232K)->4704K(226304K) Eden: 123392K(123392K)->0K(123392K) From: 768K(99840K)->4704K(102912K)
[407.918s][info][gc,heap        ] GC(1457) ParOldGen: 510871K(667648K)->510871K(667648K)
[407.918s][info][gc,metaspace   ] GC(1457) Metaspace: 18931K(19136K)->18931K(19136K) NonClass: 16271K(16384K)->16271K(16384K) Class: 2660K(2752K)->2660K(2752K)
[407.918s][info][gc             ] GC(1457) Pause Young (Allocation Failure) 620M->503M(873M) 9.962ms
[407.918s][info][gc,cpu         ] GC(1457) User=0.02s Sys=0.00s Real=0.01s
[408.097s][info][gc,start       ] GC(1458) Pause Young (Allocation Failure)
[408.113s][info][gc,heap        ] GC(1458) PSYoungGen: 128096K(226304K)->14336K(220672K) Eden: 123392K(123392K)->0K(131072K) From: 4704K(102912K)->14336K(89600K)
[408.113s][info][gc,heap        ] GC(1458) ParOldGen: 510871K(667648K)->510871K(667648K)
[408.113s][info][gc,metaspace   ] GC(1458) Metaspace: 18931K(19136K)->18931K(19136K) NonClass: 16271K(16384K)->16271K(16384K) Class: 2660K(2752K)->2660K(2752K)
[408.113s][info][gc             ] GC(1458) Pause Young (Allocation Failure) 623M->512M(867M) 16.452ms
[408.114s][info][gc,cpu         ] GC(1458) User=0.04s Sys=0.00s Real=0.02s
[408.308s][info][gc,start       ] GC(1459) Pause Young (Allocation Failure)
[408.342s][info][gc,heap        ] GC(1459) PSYoungGen: 145408K(220672K)->31504K(225792K) Eden: 131072K(131072K)->0K(131072K) From: 14336K(89600K)->31504K(94720K)
[408.342s][info][gc,heap        ] GC(1459) ParOldGen: 510871K(667648K)->510871K(667648K)
[408.342s][info][gc,metaspace   ] GC(1459) Metaspace: 18931K(19136K)->18931K(19136K) NonClass: 16271K(16384K)->16271K(16384K) Class: 2660K(2752K)->2660K(2752K)
[408.343s][info][gc             ] GC(1459) Pause Young (Allocation Failure) 640M->529M(872M) 34.519ms
[408.343s][info][gc,cpu         ] GC(1459) User=0.07s Sys=0.00s Real=0.03s
[408.715s][info][gc,start       ] GC(1460) Pause Young (Allocation Failure)
[408.757s][info][gc,heap        ] GC(1460) PSYoungGen: 162576K(225792K)->32016K(222208K) Eden: 131072K(131072K)->0K(141824K) From: 31504K(94720K)->32016K(80384K)
[408.757s][info][gc,heap        ] GC(1460) ParOldGen: 510871K(667648K)->510871K(667648K)
[408.757s][info][gc,metaspace   ] GC(1460) Metaspace: 18931K(19136K)->18931K(19136K) NonClass: 16271K(16384K)->16271K(16384K) Class: 2660K(2752K)->2660K(2752K)
[408.757s][info][gc             ] GC(1460) Pause Young (Allocation Failure) 657M->530M(869M) 42.595ms
[408.757s][info][gc,cpu         ] GC(1460) User=0.08s Sys=0.00s Real=0.04s
[408.941s][info][gc,start       ] GC(1461) Pause Young (Allocation Failure)
[408.996s][info][gc,heap        ] GC(1461) PSYoungGen: 173840K(222208K)->63728K(227328K) Eden: 141824K(141824K)->0K(141824K) From: 32016K(80384K)->63728K(85504K)
[408.996s][info][gc,heap        ] GC(1461) ParOldGen: 510871K(667648K)->510871K(667648K)
[408.996s][info][gc,metaspace   ] GC(1461) Metaspace: 18931K(19136K)->18931K(19136K) NonClass: 16271K(16384K)->16271K(16384K) Class: 2660K(2752K)->2660K(2752K)
[408.996s][info][gc             ] GC(1461) Pause Young (Allocation Failure) 668M->561M(874M) 55.120ms
[408.996s][info][gc,cpu         ] GC(1461) User=0.11s Sys=0.00s Real=0.06s
[409.198s][info][gc,start       ] GC(1462) Pause Young (Allocation Failure)
[409.277s][info][gc,heap        ] GC(1462) PSYoungGen: 205552K(227328K)->81392K(215040K) Eden: 141824K(141824K)->0K(121856K) From: 63728K(85504K)->81392K(93184K)
[409.277s][info][gc,heap        ] GC(1462) ParOldGen: 510871K(667648K)->510871K(667648K)
[409.277s][info][gc,metaspace   ] GC(1462) Metaspace: 18931K(19136K)->18931K(19136K) NonClass: 16271K(16384K)->16271K(16384K) Class: 2660K(2752K)->2660K(2752K)
[409.277s][info][gc             ] GC(1462) Pause Young (Allocation Failure) 699M->578M(862M) 79.427ms
[409.277s][info][gc,cpu         ] GC(1462) User=0.16s Sys=0.01s Real=0.08s
[409.463s][info][gc,start       ] GC(1463) Pause Young (Allocation Failure)
[409.539s][info][gc,heap        ] GC(1463) PSYoungGen: 203248K(215040K)->82096K(204288K) Eden: 121856K(121856K)->0K(121856K) From: 81392K(93184K)->82096K(82432K)
[409.539s][info][gc,heap        ] GC(1463) ParOldGen: 510871K(667648K)->511591K(667648K)
[409.539s][info][gc,metaspace   ] GC(1463) Metaspace: 18931K(19136K)->18931K(19136K) NonClass: 16271K(16384K)->16271K(16384K) Class: 2660K(2752K)->2660K(2752K)
[409.539s][info][gc             ] GC(1463) Pause Young (Allocation Failure) 697M->579M(851M) 75.988ms
[409.539s][info][gc,cpu         ] GC(1463) User=0.15s Sys=0.00s Real=0.07s
[409.707s][info][gc,start       ] GC(1464) Pause Young (Allocation Failure)
[409.796s][info][gc,heap        ] GC(1464) PSYoungGen: 203952K(204288K)->81232K(222720K) Eden: 121856K(121856K)->0K(111616K) From: 82096K(82432K)->81232K(111104K)
[409.796s][info][gc,heap        ] GC(1464) ParOldGen: 511591K(667648K)->525191K(667648K)
[409.796s][info][gc,metaspace   ] GC(1464) Metaspace: 18931K(19136K)->18931K(19136K) NonClass: 16271K(16384K)->16271K(16384K) Class: 2660K(2752K)->2660K(2752K)
[409.796s][info][gc             ] GC(1464) Pause Young (Allocation Failure) 698M->592M(869M) 88.263ms
[409.796s][info][gc,cpu         ] GC(1464) User=0.18s Sys=0.00s Real=0.09s
[409.904s][info][gc,start       ] GC(1465) Pause Young (Allocation Failure)
[409.988s][info][gc,heap        ] GC(1465) PSYoungGen: 192848K(222720K)->72080K(222720K) Eden: 111616K(111616K)->0K(111616K) From: 81232K(111104K)->72080K(111104K)
[409.988s][info][gc,heap        ] GC(1465) ParOldGen: 525191K(667648K)->542760K(667648K)
[409.988s][info][gc,metaspace   ] GC(1465) Metaspace: 18931K(19136K)->18931K(19136K) NonClass: 16271K(16384K)->16271K(16384K) Class: 2660K(2752K)->2660K(2752K)
[409.988s][info][gc             ] GC(1465) Pause Young (Allocation Failure) 701M->600M(869M) 83.330ms
[409.988s][info][gc,cpu         ] GC(1465) User=0.17s Sys=0.00s Real=0.08s
[410.111s][info][gc,start       ] GC(1466) Pause Young (Allocation Failure)
[410.179s][info][gc,heap        ] GC(1466) PSYoungGen: 183696K(222720K)->25056K(222720K) Eden: 111616K(111616K)->0K(111616K) From: 72080K(111104K)->25056K(111104K)
[410.179s][info][gc,heap        ] GC(1466) ParOldGen: 542760K(667648K)->592672K(667648K)
[410.179s][info][gc,metaspace   ] GC(1466) Metaspace: 18931K(19136K)->18931K(19136K) NonClass: 16271K(16384K)->16271K(16384K) Class: 2660K(2752K)->2660K(2752K)
[410.179s][info][gc             ] GC(1466) Pause Young (Allocation Failure) 709M->603M(869M) 68.271ms
[410.179s][info][gc,cpu         ] GC(1466) User=0.14s Sys=0.00s Real=0.07s
[410.318s][info][gc,start       ] GC(1467) Pause Young (Allocation Failure)
[410.357s][info][gc,heap        ] GC(1467) PSYoungGen: 136672K(222720K)->25440K(222720K) Eden: 111616K(111616K)->0K(111616K) From: 25056K(111104K)->25440K(111104K)
[410.357s][info][gc,heap        ] GC(1467) ParOldGen: 592672K(667648K)->606824K(667648K)
[410.357s][info][gc,metaspace   ] GC(1467) Metaspace: 18931K(19136K)->18931K(19136K) NonClass: 16271K(16384K)->16271K(16384K) Class: 2660K(2752K)->2660K(2752K)
[410.357s][info][gc             ] GC(1467) Pause Young (Allocation Failure) 712M->617M(869M) 39.236ms
[410.357s][info][gc,cpu         ] GC(1467) User=0.08s Sys=0.00s Real=0.04s
[410.637s][info][gc,start       ] GC(1468) Pause Young (Allocation Failure)
[410.664s][info][gc,heap        ] GC(1468) PSYoungGen: 137056K(222720K)->14560K(222720K) Eden: 111616K(111616K)->0K(111616K) From: 25440K(111104K)->14560K(111104K)
[410.664s][info][gc,heap        ] GC(1468) ParOldGen: 606824K(667648K)->617776K(667648K)
[410.664s][info][gc,metaspace   ] GC(1468) Metaspace: 18935K(19136K)->18935K(19136K) NonClass: 16275K(16384K)->16275K(16384K) Class: 2660K(2752K)->2660K(2752K)
[410.664s][info][gc             ] GC(1468) Pause Young (Allocation Failure) 726M->617M(869M) 26.878ms
[410.664s][info][gc,cpu         ] GC(1468) User=0.05s Sys=0.00s Real=0.03s
[410.904s][info][gc,start       ] GC(1469) Pause Young (Allocation Failure)
[410.921s][info][gc,heap        ] GC(1469) PSYoungGen: 126176K(222720K)->64K(222720K) Eden: 111616K(111616K)->0K(111616K) From: 14560K(111104K)->64K(111104K)
[410.921s][info][gc,heap        ] GC(1469) ParOldGen: 617776K(667648K)->632342K(667648K)
[410.921s][info][gc,metaspace   ] GC(1469) Metaspace: 18935K(19136K)->18935K(19136K) NonClass: 16275K(16384K)->16275K(16384K) Class: 2660K(2752K)->2660K(2752K)
[410.921s][info][gc             ] GC(1469) Pause Young (Allocation Failure) 726M->617M(869M) 16.440ms
[410.921s][info][gc,cpu         ] GC(1469) User=0.04s Sys=0.00s Real=0.01s
[411.142s][info][gc,start       ] GC(1470) Pause Full (Allocation Failure)
[411.142s][info][gc,phases,start] GC(1470) Marking Phase
[411.496s][info][gc,phases      ] GC(1470) Marking Phase 354.004ms
[411.497s][info][gc,phases,start] GC(1470) Summary Phase
[411.497s][info][gc,phases      ] GC(1470) Summary Phase 0.026ms
[411.497s][info][gc,phases,start] GC(1470) Forward
[411.628s][info][gc,phases      ] GC(1470) Forward 131.207ms
[411.628s][info][gc,phases,start] GC(1470) Adjust Pointers
[411.885s][info][gc,phases      ] GC(1470) Adjust Pointers 257.389ms
[411.885s][info][gc,phases,start] GC(1470) Compaction Phase
[412.029s][info][gc,phases      ] GC(1470) Compaction Phase 143.990ms
[412.039s][info][gc,phases,start] GC(1470) Post Compact
[412.041s][info][gc,phases      ] GC(1470) Post Compact 2.180ms
[412.041s][info][gc,heap        ] GC(1470) PSYoungGen: 111680K(222720K)->0K(222720K) Eden: 111616K(111616K)->0K(111616K) From: 64K(111104K)->0K(111104K)
[412.041s][info][gc,heap        ] GC(1470) ParOldGen: 632342K(667648K)->468770K(667648K)
[412.041s][info][gc,metaspace   ] GC(1470) Metaspace: 18935K(19136K)->18935K(19136K) NonClass: 16275K(16384K)->16275K(16384K) Class: 2660K(2752K)->2660K(2752K)
[412.041s][info][gc             ] GC(1470) Pause Full (Allocation Failure) 726M->457M(869M) 898.610ms
[412.041s][info][gc,cpu         ] GC(1470) User=1.65s Sys=0.00s Real=0.90s
[412.276s][info][gc,start       ] GC(1471) Pause Young (Allocation Failure)
[412.283s][info][gc,heap        ] GC(1471) PSYoungGen: 111616K(222720K)->320K(222720K) Eden: 111616K(111616K)->0K(111616K) From: 0K(111104K)->320K(111104K)
[412.283s][info][gc,heap        ] GC(1471) ParOldGen: 468770K(667648K)->468770K(667648K)
[412.283s][info][gc,metaspace   ] GC(1471) Metaspace: 18935K(19136K)->18935K(19136K) NonClass: 16275K(16384K)->16275K(16384K) Class: 2660K(2752K)->2660K(2752K)
[412.283s][info][gc             ] GC(1471) Pause Young (Allocation Failure) 566M->458M(869M) 7.320ms
[412.283s][info][gc,cpu         ] GC(1471) User=0.01s Sys=0.00s Real=0.01s
[412.382s][info][gc,start       ] GC(1472) Pause Young (Allocation Failure)
[412.415s][info][gc,heap        ] GC(1472) PSYoungGen: 111936K(222720K)->32320K(210432K) Eden: 111616K(111616K)->0K(111616K) From: 320K(111104K)->32320K(98816K)
[412.415s][info][gc,heap        ] GC(1472) ParOldGen: 468770K(667648K)->469082K(667648K)
[412.415s][info][gc,metaspace   ] GC(1472) Metaspace: 18935K(19136K)->18935K(19136K) NonClass: 16275K(16384K)->16275K(16384K) Class: 2660K(2752K)->2660K(2752K)
[412.415s][info][gc             ] GC(1472) Pause Young (Allocation Failure) 567M->489M(857M) 33.065ms
[412.415s][info][gc,cpu         ] GC(1472) User=0.06s Sys=0.00s Real=0.04s
[412.530s][info][gc,start       ] GC(1473) Pause Young (Allocation Failure)
[412.574s][info][gc,heap        ] GC(1473) PSYoungGen: 143936K(210432K)->68288K(216576K) Eden: 111616K(111616K)->0K(111616K) From: 32320K(98816K)->68288K(104960K)
[412.574s][info][gc,heap        ] GC(1473) ParOldGen: 469082K(667648K)->469082K(667648K)
[412.574s][info][gc,metaspace   ] GC(1473) Metaspace: 18935K(19136K)->18935K(19136K) NonClass: 16275K(16384K)->16275K(16384K) Class: 2660K(2752K)->2660K(2752K)
[412.574s][info][gc             ] GC(1473) Pause Young (Allocation Failure) 598M->524M(863M) 44.679ms
[412.574s][info][gc,cpu         ] GC(1473) User=0.09s Sys=0.01s Real=0.05s
[412.686s][info][gc,start       ] GC(1474) Pause Young (Allocation Failure)
[412.729s][info][gc,heap        ] GC(1474) PSYoungGen: 179904K(216576K)->38496K(221184K) Eden: 111616K(111616K)->0K(118272K) From: 68288K(104960K)->38496K(102912K)
[412.729s][info][gc,heap        ] GC(1474) ParOldGen: 469082K(667648K)->501741K(667648K)
[412.729s][info][gc,metaspace   ] GC(1474) Metaspace: 18935K(19136K)->18935K(19136K) NonClass: 16275K(16384K)->16275K(16384K) Class: 2660K(2752K)->2660K(2752K)
[412.729s][info][gc             ] GC(1474) Pause Young (Allocation Failure) 633M->527M(868M) 43.437ms
[412.729s][info][gc,cpu         ] GC(1474) User=0.09s Sys=0.00s Real=0.04s
[412.861s][info][gc,start       ] GC(1475) Pause Young (Allocation Failure)
[412.915s][info][gc,heap        ] GC(1475) PSYoungGen: 156768K(221184K)->24489K(222208K) Eden: 118272K(118272K)->0K(118272K) From: 38496K(102912K)->24489K(103936K)
[412.915s][info][gc,heap        ] GC(1475) ParOldGen: 501741K(667648K)->540572K(667648K)
[412.915s][info][gc,metaspace   ] GC(1475) Metaspace: 18935K(19136K)->18935K(19136K) NonClass: 16275K(16384K)->16275K(16384K) Class: 2660K(2752K)->2660K(2752K)
[412.915s][info][gc             ] GC(1475) Pause Young (Allocation Failure) 643M->551M(869M) 54.231ms
[412.915s][info][gc,cpu         ] GC(1475) User=0.10s Sys=0.00s Real=0.06s
[412.975s][info][gc,start       ] GC(1476) Pause Young (Allocation Failure)
[413.044s][info][gc,heap        ] GC(1476) PSYoungGen: 142761K(222208K)->48320K(227840K) Eden: 118272K(118272K)->0K(128512K) From: 24489K(103936K)->48320K(99328K)
[413.044s][info][gc,heap        ] GC(1476) ParOldGen: 540572K(667648K)->564710K(667648K)
[413.044s][info][gc,metaspace   ] GC(1476) Metaspace: 18935K(19136K)->18935K(19136K) NonClass: 16275K(16384K)->16275K(16384K) Class: 2660K(2752K)->2660K(2752K)
[413.044s][info][gc             ] GC(1476) Pause Young (Allocation Failure) 667M->598M(874M) 69.060ms
[413.044s][info][gc,cpu         ] GC(1476) User=0.14s Sys=0.00s Real=0.07s
[413.207s][info][gc,start       ] GC(1477) Pause Young (Allocation Failure)
[413.256s][info][gc,heap        ] GC(1477) PSYoungGen: 176832K(227840K)->15584K(226304K) Eden: 128512K(128512K)->0K(128512K) From: 48320K(99328K)->15584K(97792K)
[413.256s][info][gc,heap        ] GC(1477) ParOldGen: 564710K(667648K)->613437K(667648K)
[413.256s][info][gc,metaspace   ] GC(1477) Metaspace: 18935K(19136K)->18935K(19136K) NonClass: 16275K(16384K)->16275K(16384K) Class: 2660K(2752K)->2660K(2752K)
[413.256s][info][gc             ] GC(1477) Pause Young (Allocation Failure) 724M->614M(873M) 49.212ms
[413.256s][info][gc,cpu         ] GC(1477) User=0.10s Sys=0.00s Real=0.05s
[413.371s][info][gc,start       ] GC(1478) Pause Full (Allocation Failure)
[413.371s][info][gc,phases,start] GC(1478) Marking Phase
[413.678s][info][gc,phases      ] GC(1478) Marking Phase 306.962ms
[413.678s][info][gc,phases,start] GC(1478) Summary Phase
[413.678s][info][gc,phases      ] GC(1478) Summary Phase 0.026ms
[413.678s][info][gc,phases,start] GC(1478) Forward
[413.798s][info][gc,phases      ] GC(1478) Forward 119.405ms
[413.798s][info][gc,phases,start] GC(1478) Adjust Pointers
[414.042s][info][gc,phases      ] GC(1478) Adjust Pointers 243.668ms
[414.042s][info][gc,phases,start] GC(1478) Compaction Phase
[414.174s][info][gc,phases      ] GC(1478) Compaction Phase 132.531ms
[414.183s][info][gc,phases,start] GC(1478) Post Compact
[414.185s][info][gc,phases      ] GC(1478) Post Compact 2.198ms
[414.186s][info][gc,heap        ] GC(1478) PSYoungGen: 144096K(226304K)->0K(231936K) Eden: 128512K(128512K)->0K(136704K) From: 15584K(97792K)->0K(95232K)
[414.186s][info][gc,heap        ] GC(1478) ParOldGen: 613437K(667648K)->465606K(667648K)
[414.186s][info][gc,metaspace   ] GC(1478) Metaspace: 18935K(19136K)->18935K(19136K) NonClass: 16275K(16384K)->16275K(16384K) Class: 2660K(2752K)->2660K(2752K)
[414.186s][info][gc             ] GC(1478) Pause Full (Allocation Failure) 739M->454M(878M) 814.301ms
[414.186s][info][gc,cpu         ] GC(1478) User=1.52s Sys=0.00s Real=0.82s
[414.375s][info][gc,start       ] GC(1479) Pause Young (Allocation Failure)
[414.400s][info][gc,heap        ] GC(1479) PSYoungGen: 136704K(231936K)->16704K(231936K) Eden: 136704K(136704K)->0K(136704K) From: 0K(95232K)->16704K(95232K)
[414.400s][info][gc,heap        ] GC(1479) ParOldGen: 465606K(667648K)->465606K(667648K)
[414.400s][info][gc,metaspace   ] GC(1479) Metaspace: 18935K(19136K)->18935K(19136K) NonClass: 16275K(16384K)->16275K(16384K) Class: 2660K(2752K)->2660K(2752K)
[414.400s][info][gc             ] GC(1479) Pause Young (Allocation Failure) 588M->471M(878M) 25.345ms
[414.400s][info][gc,cpu         ] GC(1479) User=0.05s Sys=0.00s Real=0.02s
[414.584s][info][gc,start       ] GC(1480) Pause Young (Allocation Failure)
[414.608s][info][gc,heap        ] GC(1480) PSYoungGen: 153408K(231936K)->64K(236032K) Eden: 136704K(136704K)->0K(143872K) From: 16704K(95232K)->64K(92160K)
[414.608s][info][gc,heap        ] GC(1480) ParOldGen: 465606K(667648K)->482302K(667648K)
[414.608s][info][gc,metaspace   ] GC(1480) Metaspace: 18935K(19136K)->18935K(19136K) NonClass: 16275K(16384K)->16275K(16384K) Class: 2660K(2752K)->2660K(2752K)
[414.608s][info][gc             ] GC(1480) Pause Young (Allocation Failure) 604M->471M(882M) 24.126ms
[414.608s][info][gc,cpu         ] GC(1480) User=0.05s Sys=0.00s Real=0.02s
[414.804s][info][gc,start       ] GC(1481) Pause Young (Allocation Failure)
[414.805s][info][gc,heap        ] GC(1481) PSYoungGen: 143936K(236032K)->64K(235520K) Eden: 143872K(143872K)->0K(143872K) From: 64K(92160K)->64K(91648K)
[414.805s][info][gc,heap        ] GC(1481) ParOldGen: 482302K(667648K)->482302K(667648K)
[414.805s][info][gc,metaspace   ] GC(1481) Metaspace: 18935K(19136K)->18935K(19136K) NonClass: 16275K(16384K)->16275K(16384K) Class: 2660K(2752K)->2660K(2752K)
[414.805s][info][gc             ] GC(1481) Pause Young (Allocation Failure) 611M->471M(882M) 1.666ms
[414.805s][info][gc,cpu         ] GC(1481) User=0.00s Sys=0.00s Real=0.00s
[414.993s][info][gc,start       ] GC(1482) Pause Young (Allocation Failure)
[414.994s][info][gc,heap        ] GC(1482) PSYoungGen: 143936K(235520K)->64K(239616K) Eden: 143872K(143872K)->0K(151552K) From: 64K(91648K)->64K(88064K)
[414.994s][info][gc,heap        ] GC(1482) ParOldGen: 482302K(667648K)->482302K(667648K)
[414.994s][info][gc,metaspace   ] GC(1482) Metaspace: 18935K(19136K)->18935K(19136K) NonClass: 16275K(16384K)->16275K(16384K) Class: 2660K(2752K)->2660K(2752K)
[414.994s][info][gc             ] GC(1482) Pause Young (Allocation Failure) 611M->471M(886M) 1.718ms
[414.994s][info][gc,cpu         ] GC(1482) User=0.01s Sys=0.00s Real=0.01s
[415.190s][info][gc,start       ] GC(1483) Pause Young (Allocation Failure)
[415.192s][info][gc,heap        ] GC(1483) PSYoungGen: 151616K(239616K)->64K(240128K) Eden: 151552K(151552K)->0K(151552K) From: 64K(88064K)->64K(88576K)
[415.192s][info][gc,heap        ] GC(1483) ParOldGen: 482302K(667648K)->482302K(667648K)
[415.192s][info][gc,metaspace   ] GC(1483) Metaspace: 18935K(19136K)->18935K(19136K) NonClass: 16275K(16384K)->16275K(16384K) Class: 2660K(2752K)->2660K(2752K)
[415.192s][info][gc             ] GC(1483) Pause Young (Allocation Failure) 619M->471M(886M) 1.711ms
[415.192s][info][gc,cpu         ] GC(1483) User=0.01s Sys=0.00s Real=0.00s
[415.388s][info][gc,start       ] GC(1484) Pause Young (Allocation Failure)
[415.390s][info][gc,heap        ] GC(1484) PSYoungGen: 151616K(240128K)->64K(240640K) Eden: 151552K(151552K)->0K(158720K) From: 64K(88576K)->64K(81920K)
[415.390s][info][gc,heap        ] GC(1484) ParOldGen: 482302K(667648K)->482302K(667648K)
[415.390s][info][gc,metaspace   ] GC(1484) Metaspace: 18935K(19136K)->18935K(19136K) NonClass: 16275K(16384K)->16275K(16384K) Class: 2660K(2752K)->2660K(2752K)
[415.390s][info][gc             ] GC(1484) Pause Young (Allocation Failure) 619M->471M(887M) 1.764ms
[415.390s][info][gc,cpu         ] GC(1484) User=0.00s Sys=0.00s Real=0.00s
[415.603s][info][gc,start       ] GC(1485) Pause Young (Allocation Failure)
[415.605s][info][gc,heap        ] GC(1485) PSYoungGen: 158784K(240640K)->64K(242176K) Eden: 158720K(158720K)->0K(158720K) From: 64K(81920K)->64K(83456K)
[415.605s][info][gc,heap        ] GC(1485) ParOldGen: 482302K(667648K)->482302K(667648K)
[415.605s][info][gc,metaspace   ] GC(1485) Metaspace: 18935K(19136K)->18935K(19136K) NonClass: 16275K(16384K)->16275K(16384K) Class: 2660K(2752K)->2660K(2752K)
[415.605s][info][gc             ] GC(1485) Pause Young (Allocation Failure) 626M->471M(888M) 1.629ms
[415.605s][info][gc,cpu         ] GC(1485) User=0.00s Sys=0.00s Real=0.00s
[415.801s][info][gc,start       ] GC(1486) Pause Young (Allocation Failure)
[415.814s][info][gc,heap        ] GC(1486) PSYoungGen: 158784K(242176K)->10240K(235008K) Eden: 158720K(158720K)->0K(164864K) From: 64K(83456K)->10240K(70144K)
[415.814s][info][gc,heap        ] GC(1486) ParOldGen: 482302K(667648K)->482302K(667648K)
[415.814s][info][gc,metaspace   ] GC(1486) Metaspace: 18935K(19136K)->18935K(19136K) NonClass: 16275K(16384K)->16275K(16384K) Class: 2660K(2752K)->2660K(2752K)
[415.814s][info][gc             ] GC(1486) Pause Young (Allocation Failure) 626M->480M(881M) 13.642ms
[415.814s][info][gc,cpu         ] GC(1486) User=0.03s Sys=0.00s Real=0.02s
[415.987s][info][gc,start       ] GC(1487) Pause Young (Allocation Failure)
[416.023s][info][gc,heap        ] GC(1487) PSYoungGen: 175104K(235008K)->31360K(240128K) Eden: 164864K(164864K)->0K(164864K) From: 10240K(70144K)->31360K(75264K)
[416.023s][info][gc,heap        ] GC(1487) ParOldGen: 482302K(667648K)->482302K(667648K)
[416.023s][info][gc,metaspace   ] GC(1487) Metaspace: 18935K(19136K)->18935K(19136K) NonClass: 16275K(16384K)->16275K(16384K) Class: 2660K(2752K)->2660K(2752K)
[416.023s][info][gc             ] GC(1487) Pause Young (Allocation Failure) 641M->501M(886M) 35.897ms
[416.023s][info][gc,cpu         ] GC(1487) User=0.08s Sys=0.00s Real=0.04s
[416.150s][info][gc,start       ] GC(1488) Pause Young (Allocation Failure)
[416.186s][info][gc,heap        ] GC(1488) PSYoungGen: 196224K(240128K)->36416K(247296K) Eden: 164864K(164864K)->0K(172544K) From: 31360K(75264K)->36416K(74752K)
[416.186s][info][gc,heap        ] GC(1488) ParOldGen: 482302K(667648K)->482302K(667648K)
[416.186s][info][gc,metaspace   ] GC(1488) Metaspace: 18935K(19136K)->18935K(19136K) NonClass: 16275K(16384K)->16275K(16384K) Class: 2660K(2752K)->2660K(2752K)
[416.186s][info][gc             ] GC(1488) Pause Young (Allocation Failure) 662M->506M(893M) 36.003ms
[416.186s][info][gc,cpu         ] GC(1488) User=0.07s Sys=0.00s Real=0.04s
[416.333s][info][gc,start       ] GC(1489) Pause Young (Allocation Failure)
[416.387s][info][gc,heap        ] GC(1489) PSYoungGen: 208960K(247296K)->51712K(248320K) Eden: 172544K(172544K)->0K(172544K) From: 36416K(74752K)->51712K(75776K)
[416.387s][info][gc,heap        ] GC(1489) ParOldGen: 482302K(667648K)->482302K(667648K)
[416.387s][info][gc,metaspace   ] GC(1489) Metaspace: 18935K(19136K)->18935K(19136K) NonClass: 16275K(16384K)->16275K(16384K) Class: 2660K(2752K)->2660K(2752K)
[416.387s][info][gc             ] GC(1489) Pause Young (Allocation Failure) 675M->521M(894M) 54.587ms
[416.387s][info][gc,cpu         ] GC(1489) User=0.11s Sys=0.00s Real=0.06s
[416.517s][info][gc,start       ] GC(1490) Pause Young (Allocation Failure)
[416.592s][info][gc,heap        ] GC(1490) PSYoungGen: 224256K(248320K)->71328K(227840K) Eden: 172544K(172544K)->0K(145408K) From: 51712K(75776K)->71328K(82432K)
[416.592s][info][gc,heap        ] GC(1490) ParOldGen: 482302K(667648K)->482302K(667648K)
[416.592s][info][gc,metaspace   ] GC(1490) Metaspace: 18935K(19136K)->18935K(19136K) NonClass: 16275K(16384K)->16275K(16384K) Class: 2660K(2752K)->2660K(2752K)
[416.592s][info][gc             ] GC(1490) Pause Young (Allocation Failure) 689M->540M(874M) 74.643ms
[416.592s][info][gc,cpu         ] GC(1490) User=0.15s Sys=0.01s Real=0.07s
[416.688s][info][gc,start       ] GC(1491) Pause Young (Allocation Failure)
[416.768s][info][gc,heap        ] GC(1491) PSYoungGen: 216736K(227840K)->83360K(228864K) Eden: 145408K(145408K)->0K(145408K) From: 71328K(82432K)->83360K(83456K)
[416.768s][info][gc,heap        ] GC(1491) ParOldGen: 482302K(667648K)->482302K(667648K)
[416.768s][info][gc,metaspace   ] GC(1491) Metaspace: 18935K(19136K)->18935K(19136K) NonClass: 16275K(16384K)->16275K(16384K) Class: 2660K(2752K)->2660K(2752K)
[416.768s][info][gc             ] GC(1491) Pause Young (Allocation Failure) 682M->552M(875M) 80.412ms
[416.768s][info][gc,cpu         ] GC(1491) User=0.16s Sys=0.00s Real=0.08s
[416.888s][info][gc,start       ] GC(1492) Pause Young (Allocation Failure)
[416.980s][info][gc,heap        ] GC(1492) PSYoungGen: 228768K(228864K)->95520K(216576K) Eden: 145408K(145408K)->0K(111616K) From: 83360K(83456K)->95520K(104960K)
[416.980s][info][gc,heap        ] GC(1492) ParOldGen: 482302K(667648K)->482302K(667648K)
[416.980s][info][gc,metaspace   ] GC(1492) Metaspace: 18935K(19136K)->18935K(19136K) NonClass: 16275K(16384K)->16275K(16384K) Class: 2660K(2752K)->2660K(2752K)
[416.980s][info][gc             ] GC(1492) Pause Young (Allocation Failure) 694M->564M(863M) 92.539ms
[416.980s][info][gc,cpu         ] GC(1492) User=0.18s Sys=0.00s Real=0.09s
[417.079s][info][gc,start       ] GC(1493) Pause Young (Allocation Failure)
[417.181s][info][gc,heap        ] GC(1493) PSYoungGen: 207136K(216576K)->103232K(222720K) Eden: 111616K(111616K)->0K(111616K) From: 95520K(104960K)->103232K(111104K)
[417.181s][info][gc,heap        ] GC(1493) ParOldGen: 482302K(667648K)->482302K(667648K)
[417.181s][info][gc,metaspace   ] GC(1493) Metaspace: 18935K(19136K)->18935K(19136K) NonClass: 16275K(16384K)->16275K(16384K) Class: 2660K(2752K)->2660K(2752K)
[417.181s][info][gc             ] GC(1493) Pause Young (Allocation Failure) 673M->571M(869M) 102.519ms
[417.181s][info][gc,cpu         ] GC(1493) User=0.21s Sys=0.00s Real=0.10s
[417.288s][info][gc,start       ] GC(1494) Pause Young (Allocation Failure)
[417.395s][info][gc,heap        ] GC(1494) PSYoungGen: 214848K(222720K)->103280K(222720K) Eden: 111616K(111616K)->0K(111616K) From: 103232K(111104K)->103280K(111104K)
[417.395s][info][gc,heap        ] GC(1494) ParOldGen: 482302K(667648K)->482302K(667648K)
[417.395s][info][gc,metaspace   ] GC(1494) Metaspace: 18935K(19136K)->18935K(19136K) NonClass: 16275K(16384K)->16275K(16384K) Class: 2660K(2752K)->2660K(2752K)
[417.395s][info][gc             ] GC(1494) Pause Young (Allocation Failure) 680M->571M(869M) 107.339ms
[417.395s][info][gc,cpu         ] GC(1494) User=0.21s Sys=0.00s Real=0.11s
[417.593s][info][gc,start       ] GC(1495) Pause Young (Allocation Failure)
[417.706s][info][gc,heap        ] GC(1495) PSYoungGen: 214896K(222720K)->88512K(222720K) Eden: 111616K(111616K)->0K(111616K) From: 103280K(111104K)->88512K(111104K)
[417.706s][info][gc,heap        ] GC(1495) ParOldGen: 482302K(667648K)->513718K(667648K)
[417.706s][info][gc,metaspace   ] GC(1495) Metaspace: 18935K(19136K)->18935K(19136K) NonClass: 16275K(16384K)->16275K(16384K) Class: 2660K(2752K)->2660K(2752K)
[417.706s][info][gc             ] GC(1495) Pause Young (Allocation Failure) 680M->588M(869M) 113.464ms
[417.706s][info][gc,cpu         ] GC(1495) User=0.23s Sys=0.00s Real=0.12s
[417.873s][info][gc,start       ] GC(1496) Pause Young (Allocation Failure)
[417.966s][info][gc,heap        ] GC(1496) PSYoungGen: 200128K(222720K)->75040K(222720K) Eden: 111616K(111616K)->0K(111616K) From: 88512K(111104K)->75040K(111104K)
[417.966s][info][gc,heap        ] GC(1496) ParOldGen: 513718K(667648K)->534102K(667648K)
[417.966s][info][gc,metaspace   ] GC(1496) Metaspace: 18935K(19136K)->18935K(19136K) NonClass: 16275K(16384K)->16275K(16384K) Class: 2660K(2752K)->2660K(2752K)
[417.966s][info][gc             ] GC(1496) Pause Young (Allocation Failure) 697M->594M(869M) 93.301ms
[417.966s][info][gc,cpu         ] GC(1496) User=0.18s Sys=0.00s Real=0.10s
[418.318s][info][gc,start       ] GC(1497) Pause Young (Allocation Failure)
[418.391s][info][gc,heap        ] GC(1497) PSYoungGen: 186656K(222720K)->43552K(222720K) Eden: 111616K(111616K)->0K(111616K) From: 75040K(111104K)->43552K(111104K)
[418.391s][info][gc,heap        ] GC(1497) ParOldGen: 534102K(667648K)->565838K(667648K)
[418.391s][info][gc,metaspace   ] GC(1497) Metaspace: 18935K(19136K)->18935K(19136K) NonClass: 16275K(16384K)->16275K(16384K) Class: 2660K(2752K)->2660K(2752K)
[418.391s][info][gc             ] GC(1497) Pause Young (Allocation Failure) 703M->595M(869M) 72.982ms
[418.391s][info][gc,cpu         ] GC(1497) User=0.15s Sys=0.00s Real=0.07s
[418.660s][info][gc,start       ] GC(1498) Pause Young (Allocation Failure)
[418.704s][info][gc,heap        ] GC(1498) PSYoungGen: 155168K(222720K)->23648K(222720K) Eden: 111616K(111616K)->0K(111616K) From: 43552K(111104K)->23648K(111104K)
[418.704s][info][gc,heap        ] GC(1498) ParOldGen: 565838K(667648K)->585735K(667648K)
[418.704s][info][gc,metaspace   ] GC(1498) Metaspace: 18935K(19136K)->18935K(19136K) NonClass: 16275K(16384K)->16275K(16384K) Class: 2660K(2752K)->2660K(2752K)
[418.704s][info][gc             ] GC(1498) Pause Young (Allocation Failure) 704M->595M(869M) 44.123ms
[418.704s][info][gc,cpu         ] GC(1498) User=0.09s Sys=0.00s Real=0.05s
[418.958s][info][gc,start       ] GC(1499) Pause Young (Allocation Failure)
[418.982s][info][gc,heap        ] GC(1499) PSYoungGen: 135264K(222720K)->7040K(222720K) Eden: 111616K(111616K)->0K(111616K) From: 23648K(111104K)->7040K(111104K)
[418.982s][info][gc,heap        ] GC(1499) ParOldGen: 585735K(667648K)->602416K(667648K)
[418.982s][info][gc,metaspace   ] GC(1499) Metaspace: 18935K(19136K)->18935K(19136K) NonClass: 16275K(16384K)->16275K(16384K) Class: 2660K(2752K)->2660K(2752K)
[418.982s][info][gc             ] GC(1499) Pause Young (Allocation Failure) 704M->595M(869M) 24.809ms
[418.983s][info][gc,cpu         ] GC(1499) User=0.05s Sys=0.00s Real=0.02s
[419.228s][info][gc,start       ] GC(1500) Pause Young (Allocation Failure)
[419.237s][info][gc,heap        ] GC(1500) PSYoungGen: 118656K(222720K)->64K(222720K) Eden: 111616K(111616K)->0K(111616K) From: 7040K(111104K)->64K(111104K)
[419.237s][info][gc,heap        ] GC(1500) ParOldGen: 602416K(667648K)->609368K(667648K)
[419.237s][info][gc,metaspace   ] GC(1500) Metaspace: 18935K(19136K)->18935K(19136K) NonClass: 16275K(16384K)->16275K(16384K) Class: 2660K(2752K)->2660K(2752K)
[419.237s][info][gc             ] GC(1500) Pause Young (Allocation Failure) 704M->595M(869M) 9.163ms
[419.237s][info][gc,cpu         ] GC(1500) User=0.02s Sys=0.00s Real=0.01s
[419.482s][info][gc,start       ] GC(1501) Pause Young (Allocation Failure)
[419.484s][info][gc,heap        ] GC(1501) PSYoungGen: 111680K(222720K)->64K(222720K) Eden: 111616K(111616K)->0K(111616K) From: 64K(111104K)->64K(111104K)
[419.484s][info][gc,heap        ] GC(1501) ParOldGen: 609368K(667648K)->609432K(667648K)
[419.484s][info][gc,metaspace   ] GC(1501) Metaspace: 18935K(19136K)->18935K(19136K) NonClass: 16275K(16384K)->16275K(16384K) Class: 2660K(2752K)->2660K(2752K)
[419.484s][info][gc             ] GC(1501) Pause Young (Allocation Failure) 704M->595M(869M) 2.103ms
[419.484s][info][gc,cpu         ] GC(1501) User=0.01s Sys=0.00s Real=0.01s
[419.731s][info][gc,start       ] GC(1502) Pause Young (Allocation Failure)
[419.732s][info][gc,heap        ] GC(1502) PSYoungGen: 111680K(222720K)->64K(222720K) Eden: 111616K(111616K)->0K(111616K) From: 64K(111104K)->64K(111104K)
[419.732s][info][gc,heap        ] GC(1502) ParOldGen: 609432K(667648K)->609448K(667648K)
[419.733s][info][gc,metaspace   ] GC(1502) Metaspace: 18935K(19136K)->18935K(19136K) NonClass: 16275K(16384K)->16275K(16384K) Class: 2660K(2752K)->2660K(2752K)
[419.733s][info][gc             ] GC(1502) Pause Young (Allocation Failure) 704M->595M(869M) 1.953ms
[419.733s][info][gc,cpu         ] GC(1502) User=0.00s Sys=0.00s Real=0.00s
[419.971s][info][gc,start       ] GC(1503) Pause Young (Allocation Failure)
[419.973s][info][gc,heap        ] GC(1503) PSYoungGen: 111680K(222720K)->64K(222720K) Eden: 111616K(111616K)->0K(111616K) From: 64K(111104K)->64K(111104K)
[419.973s][info][gc,heap        ] GC(1503) ParOldGen: 609448K(667648K)->609456K(667648K)
[419.973s][info][gc,metaspace   ] GC(1503) Metaspace: 18935K(19136K)->18935K(19136K) NonClass: 16275K(16384K)->16275K(16384K) Class: 2660K(2752K)->2660K(2752K)
[419.973s][info][gc             ] GC(1503) Pause Young (Allocation Failure) 704M->595M(869M) 2.154ms
[419.973s][info][gc,cpu         ] GC(1503) User=0.01s Sys=0.00s Real=0.00s
[420.220s][info][gc,start       ] GC(1504) Pause Young (Allocation Failure)
[420.222s][info][gc,heap        ] GC(1504) PSYoungGen: 111680K(222720K)->192K(222720K) Eden: 111616K(111616K)->0K(111616K) From: 64K(111104K)->192K(111104K)
[420.222s][info][gc,heap        ] GC(1504) ParOldGen: 609456K(667648K)->609472K(667648K)
[420.222s][info][gc,metaspace   ] GC(1504) Metaspace: 18935K(19136K)->18935K(19136K) NonClass: 16275K(16384K)->16275K(16384K) Class: 2660K(2752K)->2660K(2752K)
[420.222s][info][gc             ] GC(1504) Pause Young (Allocation Failure) 704M->595M(869M) 2.442ms
[420.222s][info][gc,cpu         ] GC(1504) User=0.00s Sys=0.00s Real=0.00s
[420.404s][info][gc,start       ] GC(1505) Pause Young (Allocation Failure)
[420.419s][info][gc,heap        ] GC(1505) PSYoungGen: 111808K(222720K)->19136K(222720K) Eden: 111616K(111616K)->0K(111616K) From: 192K(111104K)->19136K(111104K)
[420.419s][info][gc,heap        ] GC(1505) ParOldGen: 609472K(667648K)->609632K(667648K)
[420.419s][info][gc,metaspace   ] GC(1505) Metaspace: 18935K(19136K)->18935K(19136K) NonClass: 16275K(16384K)->16275K(16384K) Class: 2660K(2752K)->2660K(2752K)
[420.419s][info][gc             ] GC(1505) Pause Young (Allocation Failure) 704M->614M(869M) 15.944ms
[420.419s][info][gc,cpu         ] GC(1505) User=0.03s Sys=0.00s Real=0.01s
[420.481s][info][gc,start       ] GC(1506) Pause Young (Allocation Failure)
[420.523s][info][gc,heap        ] GC(1506) PSYoungGen: 130752K(222720K)->40864K(222720K) Eden: 111616K(111616K)->0K(111616K) From: 19136K(111104K)->40864K(111104K)
[420.523s][info][gc,heap        ] GC(1506) ParOldGen: 609632K(667648K)->628944K(667648K)
[420.523s][info][gc,metaspace   ] GC(1506) Metaspace: 18935K(19136K)->18935K(19136K) NonClass: 16275K(16384K)->16275K(16384K) Class: 2660K(2752K)->2660K(2752K)
[420.523s][info][gc             ] GC(1506) Pause Young (Allocation Failure) 723M->654M(869M) 42.156ms
[420.523s][info][gc,cpu         ] GC(1506) User=0.09s Sys=0.00s Real=0.04s
[420.680s][info][gc,start       ] GC(1507) Pause Full (Allocation Failure)
[420.680s][info][gc,phases,start] GC(1507) Marking Phase
[420.979s][info][gc,phases      ] GC(1507) Marking Phase 298.857ms
[420.979s][info][gc,phases,start] GC(1507) Summary Phase
[420.979s][info][gc,phases      ] GC(1507) Summary Phase 0.027ms
[420.979s][info][gc,phases,start] GC(1507) Forward
[421.115s][info][gc,phases      ] GC(1507) Forward 135.998ms
[421.115s][info][gc,phases,start] GC(1507) Adjust Pointers
[421.340s][info][gc,phases      ] GC(1507) Adjust Pointers 224.135ms
[421.340s][info][gc,phases,start] GC(1507) Compaction Phase
[421.476s][info][gc,phases      ] GC(1507) Compaction Phase 136.065ms
[421.484s][info][gc,phases,start] GC(1507) Post Compact
[421.486s][info][gc,phases      ] GC(1507) Post Compact 2.278ms
[421.486s][info][gc,heap        ] GC(1507) PSYoungGen: 152480K(222720K)->0K(222720K) Eden: 111616K(111616K)->0K(111616K) From: 40864K(111104K)->0K(111104K)
[421.486s][info][gc,heap        ] GC(1507) ParOldGen: 628944K(667648K)->432451K(667648K)
[421.486s][info][gc,metaspace   ] GC(1507) Metaspace: 18935K(19136K)->18935K(19136K) NonClass: 16275K(16384K)->16275K(16384K) Class: 2660K(2752K)->2660K(2752K)
[421.487s][info][gc             ] GC(1507) Pause Full (Allocation Failure) 763M->422M(869M) 806.161ms
[421.487s][info][gc,cpu         ] GC(1507) User=1.46s Sys=0.00s Real=0.81s
[421.569s][info][gc,start       ] GC(1508) Pause Young (Allocation Failure)
[421.582s][info][gc,heap        ] GC(1508) PSYoungGen: 111616K(222720K)->13328K(215552K) Eden: 111616K(111616K)->0K(111616K) From: 0K(111104K)->13328K(103936K)
[421.582s][info][gc,heap        ] GC(1508) ParOldGen: 432451K(667648K)->432451K(667648K)
[421.582s][info][gc,metaspace   ] GC(1508) Metaspace: 18935K(19136K)->18935K(19136K) NonClass: 16275K(16384K)->16275K(16384K) Class: 2660K(2752K)->2660K(2752K)
[421.582s][info][gc             ] GC(1508) Pause Young (Allocation Failure) 531M->435M(862M) 13.311ms
[421.582s][info][gc,cpu         ] GC(1508) User=0.03s Sys=0.00s Real=0.01s
[421.642s][info][gc,start       ] GC(1509) Pause Young (Allocation Failure)
[421.687s][info][gc,heap        ] GC(1509) PSYoungGen: 124944K(215552K)->51536K(219136K) Eden: 111616K(111616K)->0K(111616K) From: 13328K(103936K)->51536K(107520K)
[421.687s][info][gc,heap        ] GC(1509) ParOldGen: 432451K(667648K)->432451K(667648K)
[421.687s][info][gc,metaspace   ] GC(1509) Metaspace: 18935K(19136K)->18935K(19136K) NonClass: 16275K(16384K)->16275K(16384K) Class: 2660K(2752K)->2660K(2752K)
[421.687s][info][gc             ] GC(1509) Pause Young (Allocation Failure) 544M->472M(866M) 45.141ms
[421.687s][info][gc,cpu         ] GC(1509) User=0.09s Sys=0.00s Real=0.05s
[421.809s][info][gc,start       ] GC(1510) Pause Young (Allocation Failure)
[421.887s][info][gc,heap        ] GC(1510) PSYoungGen: 163152K(219136K)->82934K(220160K) Eden: 111616K(111616K)->0K(111616K) From: 51536K(107520K)->82934K(108544K)
[421.887s][info][gc,heap        ] GC(1510) ParOldGen: 432451K(667648K)->445899K(667648K)
[421.887s][info][gc,metaspace   ] GC(1510) Metaspace: 18935K(19136K)->18935K(19136K) NonClass: 16275K(16384K)->16275K(16384K) Class: 2660K(2752K)->2660K(2752K)
[421.887s][info][gc             ] GC(1510) Pause Young (Allocation Failure) 581M->516M(867M) 78.031ms
[421.887s][info][gc,cpu         ] GC(1510) User=0.16s Sys=0.00s Real=0.08s
[422.006s][info][gc,start       ] GC(1511) Pause Young (Allocation Failure)
[422.073s][info][gc,heap        ] GC(1511) PSYoungGen: 194550K(220160K)->96K(222720K) Eden: 111616K(111616K)->0K(111616K) From: 82934K(108544K)->96K(111104K)
[422.073s][info][gc,heap        ] GC(1511) ParOldGen: 445899K(667648K)->529322K(667648K)
[422.073s][info][gc,metaspace   ] GC(1511) Metaspace: 18935K(19136K)->18935K(19136K) NonClass: 16275K(16384K)->16275K(16384K) Class: 2660K(2752K)->2660K(2752K)
[422.073s][info][gc             ] GC(1511) Pause Young (Allocation Failure) 625M->517M(869M) 66.846ms
[422.073s][info][gc,cpu         ] GC(1511) User=0.14s Sys=0.00s Real=0.06s
[422.191s][info][gc,start       ] GC(1512) Pause Young (Allocation Failure)
[422.193s][info][gc,heap        ] GC(1512) PSYoungGen: 111712K(222720K)->128K(222720K) Eden: 111616K(111616K)->0K(111616K) From: 96K(111104K)->128K(111104K)
[422.193s][info][gc,heap        ] GC(1512) ParOldGen: 529322K(667648K)->529394K(667648K)
[422.193s][info][gc,metaspace   ] GC(1512) Metaspace: 18935K(19136K)->18935K(19136K) NonClass: 16275K(16384K)->16275K(16384K) Class: 2660K(2752K)->2660K(2752K)
[422.193s][info][gc             ] GC(1512) Pause Young (Allocation Failure) 626M->517M(869M) 2.136ms
[422.193s][info][gc,cpu         ] GC(1512) User=0.00s Sys=0.00s Real=0.00s
[422.307s][info][gc,start       ] GC(1513) Pause Young (Allocation Failure)
[422.309s][info][gc,heap        ] GC(1513) PSYoungGen: 111744K(222720K)->160K(112128K) Eden: 111616K(111616K)->0K(111616K) From: 128K(111104K)->160K(512K)
[422.309s][info][gc,heap        ] GC(1513) ParOldGen: 529394K(667648K)->529474K(667648K)
[422.309s][info][gc,metaspace   ] GC(1513) Metaspace: 18935K(19136K)->18935K(19136K) NonClass: 16275K(16384K)->16275K(16384K) Class: 2660K(2752K)->2660K(2752K)
[422.309s][info][gc             ] GC(1513) Pause Young (Allocation Failure) 626M->517M(761M) 2.334ms
[422.309s][info][gc,cpu         ] GC(1513) User=0.00s Sys=0.00s Real=0.00s
[422.423s][info][gc,start       ] GC(1514) Pause Young (Allocation Failure)
[422.425s][info][gc,heap        ] GC(1514) PSYoungGen: 111776K(112128K)->256K(226304K) Eden: 111616K(111616K)->0K(115712K) From: 160K(512K)->256K(110592K)
[422.425s][info][gc,heap        ] GC(1514) ParOldGen: 529474K(667648K)->529474K(667648K)
[422.425s][info][gc,metaspace   ] GC(1514) Metaspace: 18935K(19136K)->18935K(19136K) NonClass: 16275K(16384K)->16275K(16384K) Class: 2660K(2752K)->2660K(2752K)
[422.425s][info][gc             ] GC(1514) Pause Young (Allocation Failure) 626M->517M(873M) 2.355ms
[422.425s][info][gc,cpu         ] GC(1514) User=0.00s Sys=0.00s Real=0.01s
[422.545s][info][gc,start       ] GC(1515) Pause Young (Allocation Failure)
[422.547s][info][gc,heap        ] GC(1515) PSYoungGen: 115968K(226304K)->320K(116224K) Eden: 115712K(115712K)->0K(115712K) From: 256K(110592K)->320K(512K)
[422.547s][info][gc,heap        ] GC(1515) ParOldGen: 529474K(667648K)->529474K(667648K)
[422.547s][info][gc,metaspace   ] GC(1515) Metaspace: 18935K(19136K)->18935K(19136K) NonClass: 16275K(16384K)->16275K(16384K) Class: 2660K(2752K)->2660K(2752K)
[422.547s][info][gc             ] GC(1515) Pause Young (Allocation Failure) 630M->517M(765M) 2.734ms
[422.547s][info][gc,cpu         ] GC(1515) User=0.00s Sys=0.00s Real=0.00s
[422.666s][info][gc,start       ] GC(1516) Pause Young (Allocation Failure)
[422.669s][info][gc,heap        ] GC(1516) PSYoungGen: 116032K(116224K)->384K(220160K) Eden: 115712K(115712K)->0K(121344K) From: 320K(512K)->384K(98816K)
[422.669s][info][gc,heap        ] GC(1516) ParOldGen: 529474K(667648K)->529474K(667648K)
[422.669s][info][gc,metaspace   ] GC(1516) Metaspace: 18935K(19136K)->18935K(19136K) NonClass: 16275K(16384K)->16275K(16384K) Class: 2660K(2752K)->2660K(2752K)
[422.669s][info][gc             ] GC(1516) Pause Young (Allocation Failure) 630M->517M(867M) 2.736ms
[422.669s][info][gc,cpu         ] GC(1516) User=0.01s Sys=0.00s Real=0.00s
[422.791s][info][gc,start       ] GC(1517) Pause Young (Allocation Failure)
[422.794s][info][gc,heap        ] GC(1517) PSYoungGen: 121728K(220160K)->512K(219136K) Eden: 121344K(121344K)->0K(121344K) From: 384K(98816K)->512K(97792K)
[422.794s][info][gc,heap        ] GC(1517) ParOldGen: 529474K(667648K)->529474K(667648K)
[422.794s][info][gc,metaspace   ] GC(1517) Metaspace: 18935K(19136K)->18935K(19136K) NonClass: 16275K(16384K)->16275K(16384K) Class: 2660K(2752K)->2660K(2752K)
[422.794s][info][gc             ] GC(1517) Pause Young (Allocation Failure) 635M->517M(866M) 3.132ms
[422.794s][info][gc,cpu         ] GC(1517) User=0.00s Sys=0.00s Real=0.01s
[422.918s][info][gc,start       ] GC(1518) Pause Young (Allocation Failure)
[422.922s][info][gc,heap        ] GC(1518) PSYoungGen: 121856K(219136K)->576K(208896K) Eden: 121344K(121344K)->0K(126464K) From: 512K(97792K)->576K(82432K)
[422.922s][info][gc,heap        ] GC(1518) ParOldGen: 529474K(667648K)->529474K(667648K)
[422.922s][info][gc,metaspace   ] GC(1518) Metaspace: 18935K(19136K)->18935K(19136K) NonClass: 16275K(16384K)->16275K(16384K) Class: 2660K(2752K)->2660K(2752K)
[422.922s][info][gc             ] GC(1518) Pause Young (Allocation Failure) 636M->517M(856M) 3.753ms
[422.922s][info][gc,cpu         ] GC(1518) User=0.00s Sys=0.00s Real=0.00s
[423.068s][info][gc,start       ] GC(1519) Pause Young (Allocation Failure)
[423.071s][info][gc,heap        ] GC(1519) PSYoungGen: 127040K(208896K)->736K(214528K) Eden: 126464K(126464K)->0K(126464K) From: 576K(82432K)->736K(88064K)
[423.071s][info][gc,heap        ] GC(1519) ParOldGen: 529474K(667648K)->529474K(667648K)
[423.071s][info][gc,metaspace   ] GC(1519) Metaspace: 18935K(19136K)->18935K(19136K) NonClass: 16275K(16384K)->16275K(16384K) Class: 2660K(2752K)->2660K(2752K)
[423.071s][info][gc             ] GC(1519) Pause Young (Allocation Failure) 641M->517M(861M) 3.604ms
[423.071s][info][gc,cpu         ] GC(1519) User=0.01s Sys=0.00s Real=0.00s
[423.186s][info][gc,start       ] GC(1520) Pause Young (Allocation Failure)
[423.203s][info][gc,heap        ] GC(1520) PSYoungGen: 127200K(214528K)->4128K(206336K) Eden: 126464K(126464K)->0K(132608K) From: 736K(88064K)->4128K(73728K)
[423.203s][info][gc,heap        ] GC(1520) ParOldGen: 529474K(667648K)->529474K(667648K)
[423.203s][info][gc,metaspace   ] GC(1520) Metaspace: 18935K(19136K)->18935K(19136K) NonClass: 16275K(16384K)->16275K(16384K) Class: 2660K(2752K)->2660K(2752K)
[423.203s][info][gc             ] GC(1520) Pause Young (Allocation Failure) 641M->521M(853M) 17.159ms
[423.203s][info][gc,cpu         ] GC(1520) User=0.04s Sys=0.00s Real=0.01s
[423.372s][info][gc,start       ] GC(1521) Pause Young (Allocation Failure)
[423.406s][info][gc,heap        ] GC(1521) PSYoungGen: 136736K(206336K)->19499K(210432K) Eden: 132608K(132608K)->0K(132608K) From: 4128K(73728K)->19499K(77824K)
[423.406s][info][gc,heap        ] GC(1521) ParOldGen: 529474K(667648K)->529474K(667648K)
[423.406s][info][gc,metaspace   ] GC(1521) Metaspace: 18935K(19136K)->18935K(19136K) NonClass: 16275K(16384K)->16275K(16384K) Class: 2660K(2752K)->2660K(2752K)
[423.406s][info][gc             ] GC(1521) Pause Young (Allocation Failure) 650M->536M(857M) 33.959ms
[423.406s][info][gc,cpu         ] GC(1521) User=0.07s Sys=0.00s Real=0.04s
[423.574s][info][gc,start       ] GC(1522) Pause Young (Allocation Failure)
[423.607s][info][gc,heap        ] GC(1522) PSYoungGen: 152107K(210432K)->19499K(209408K) Eden: 132608K(132608K)->0K(141824K) From: 19499K(77824K)->19499K(67584K)
[423.607s][info][gc,heap        ] GC(1522) ParOldGen: 529474K(667648K)->529474K(667648K)
[423.607s][info][gc,metaspace   ] GC(1522) Metaspace: 18935K(19136K)->18935K(19136K) NonClass: 16275K(16384K)->16275K(16384K) Class: 2660K(2752K)->2660K(2752K)
[423.607s][info][gc             ] GC(1522) Pause Young (Allocation Failure) 665M->536M(856M) 33.299ms
[423.607s][info][gc,cpu         ] GC(1522) User=0.07s Sys=0.00s Real=0.03s
[423.786s][info][gc,start       ] GC(1523) Pause Young (Allocation Failure)
[423.819s][info][gc,heap        ] GC(1523) PSYoungGen: 161323K(209408K)->19531K(211968K) Eden: 141824K(141824K)->0K(141824K) From: 19499K(67584K)->19531K(70144K)
[423.819s][info][gc,heap        ] GC(1523) ParOldGen: 529474K(667648K)->529474K(667648K)
[423.819s][info][gc,metaspace   ] GC(1523) Metaspace: 18935K(19136K)->18935K(19136K) NonClass: 16275K(16384K)->16275K(16384K) Class: 2660K(2752K)->2660K(2752K)
[423.819s][info][gc             ] GC(1523) Pause Young (Allocation Failure) 674M->536M(859M) 32.981ms
[423.819s][info][gc,cpu         ] GC(1523) User=0.07s Sys=0.00s Real=0.03s
[423.980s][info][gc,start       ] GC(1524) Pause Young (Allocation Failure)
[424.024s][info][gc,heap        ] GC(1524) PSYoungGen: 161355K(211968K)->29931K(218624K) Eden: 141824K(141824K)->0K(152064K) From: 19531K(70144K)->29931K(66560K)
[424.024s][info][gc,heap        ] GC(1524) ParOldGen: 529474K(667648K)->529474K(667648K)
[424.024s][info][gc,metaspace   ] GC(1524) Metaspace: 18935K(19136K)->18935K(19136K) NonClass: 16275K(16384K)->16275K(16384K) Class: 2660K(2752K)->2660K(2752K)
[424.024s][info][gc             ] GC(1524) Pause Young (Allocation Failure) 674M->546M(865M) 44.042ms
[424.024s][info][gc,cpu         ] GC(1524) User=0.08s Sys=0.00s Real=0.05s
[424.170s][info][gc,start       ] GC(1525) Pause Young (Allocation Failure)
[424.234s][info][gc,heap        ] GC(1525) PSYoungGen: 181995K(218624K)->51147K(219136K) Eden: 152064K(152064K)->0K(152064K) From: 29931K(66560K)->51147K(67072K)
[424.234s][info][gc,heap        ] GC(1525) ParOldGen: 529474K(667648K)->529474K(667648K)
[424.234s][info][gc,metaspace   ] GC(1525) Metaspace: 18935K(19136K)->18935K(19136K) NonClass: 16275K(16384K)->16275K(16384K) Class: 2660K(2752K)->2660K(2752K)
[424.234s][info][gc             ] GC(1525) Pause Young (Allocation Failure) 694M->567M(866M) 63.995ms
[424.234s][info][gc,cpu         ] GC(1525) User=0.13s Sys=0.00s Real=0.07s
[424.349s][info][gc,start       ] GC(1526) Pause Young (Allocation Failure)
[424.423s][info][gc,heap        ] GC(1526) PSYoungGen: 203211K(219136K)->55179K(233984K) Eden: 152064K(152064K)->0K(159232K) From: 51147K(67072K)->55179K(74752K)
[424.423s][info][gc,heap        ] GC(1526) ParOldGen: 529474K(667648K)->529474K(667648K)
[424.423s][info][gc,metaspace   ] GC(1526) Metaspace: 18935K(19136K)->18935K(19136K) NonClass: 16275K(16384K)->16275K(16384K) Class: 2660K(2752K)->2660K(2752K)
[424.423s][info][gc             ] GC(1526) Pause Young (Allocation Failure) 715M->570M(880M) 73.396ms
[424.423s][info][gc,cpu         ] GC(1526) User=0.14s Sys=0.01s Real=0.07s
[424.569s][info][gc,start       ] GC(1527) Pause Young (Allocation Failure)
[424.637s][info][gc,heap        ] GC(1527) PSYoungGen: 214411K(233984K)->56139K(241664K) Eden: 159232K(159232K)->0K(159232K) From: 55179K(74752K)->56139K(82432K)
[424.637s][info][gc,heap        ] GC(1527) ParOldGen: 529474K(667648K)->529690K(667648K)
[424.637s][info][gc,metaspace   ] GC(1527) Metaspace: 18935K(19136K)->18935K(19136K) NonClass: 16275K(16384K)->16275K(16384K) Class: 2660K(2752K)->2660K(2752K)
[424.637s][info][gc             ] GC(1527) Pause Young (Allocation Failure) 726M->572M(888M) 67.461ms
[424.637s][info][gc,cpu         ] GC(1527) User=0.13s Sys=0.00s Real=0.07s
[424.779s][info][gc,start       ] GC(1528) Pause Young (Allocation Failure)
[424.854s][info][gc,heap        ] GC(1528) PSYoungGen: 215371K(241664K)->59403K(232960K) Eden: 159232K(159232K)->0K(144384K) From: 56139K(82432K)->59403K(88576K)
[424.854s][info][gc,heap        ] GC(1528) ParOldGen: 529690K(667648K)->529842K(667648K)
[424.854s][info][gc,metaspace   ] GC(1528) Metaspace: 18938K(19136K)->18938K(19136K) NonClass: 16277K(16384K)->16277K(16384K) Class: 2660K(2752K)->2660K(2752K)
[424.854s][info][gc             ] GC(1528) Pause Young (Allocation Failure) 727M->575M(879M) 74.869ms
[424.854s][info][gc,cpu         ] GC(1528) User=0.14s Sys=0.01s Real=0.08s
[424.988s][info][gc,start       ] GC(1529) Pause Young (Allocation Failure)
[425.066s][info][gc,heap        ] GC(1529) PSYoungGen: 203787K(232960K)->67723K(212480K) Eden: 144384K(144384K)->0K(144384K) From: 59403K(88576K)->67723K(68096K)
[425.066s][info][gc,heap        ] GC(1529) ParOldGen: 529842K(667648K)->530042K(667648K)
[425.066s][info][gc,metaspace   ] GC(1529) Metaspace: 18938K(19136K)->18938K(19136K) NonClass: 16277K(16384K)->16277K(16384K) Class: 2660K(2752K)->2660K(2752K)
[425.066s][info][gc             ] GC(1529) Pause Young (Allocation Failure) 716M->583M(859M) 78.578ms
[425.066s][info][gc,cpu         ] GC(1529) User=0.16s Sys=0.00s Real=0.08s
[425.194s][info][gc,start       ] GC(1530) Pause Young (Allocation Failure)
[425.306s][info][gc,heap        ] GC(1530) PSYoungGen: 212107K(212480K)->88204K(214016K) Eden: 144384K(144384K)->0K(111616K) From: 67723K(68096K)->88204K(102400K)
[425.306s][info][gc,heap        ] GC(1530) ParOldGen: 530042K(667648K)->533578K(667648K)
[425.306s][info][gc,metaspace   ] GC(1530) Metaspace: 18938K(19136K)->18938K(19136K) NonClass: 16277K(16384K)->16277K(16384K) Class: 2660K(2752K)->2660K(2752K)
[425.306s][info][gc             ] GC(1530) Pause Young (Allocation Failure) 724M->607M(861M) 112.061ms
[425.306s][info][gc,cpu         ] GC(1530) User=0.22s Sys=0.01s Real=0.11s
[425.441s][info][gc,start       ] GC(1531) Pause Young (Allocation Failure)
[425.552s][info][gc,heap        ] GC(1531) PSYoungGen: 199820K(214016K)->91968K(222720K) Eden: 111616K(111616K)->0K(111616K) From: 88204K(102400K)->91968K(111104K)
[425.552s][info][gc,heap        ] GC(1531) ParOldGen: 533578K(667648K)->549034K(667648K)
[425.552s][info][gc,metaspace   ] GC(1531) Metaspace: 18938K(19136K)->18938K(19136K) NonClass: 16277K(16384K)->16277K(16384K) Class: 2660K(2752K)->2660K(2752K)
[425.552s][info][gc             ] GC(1531) Pause Young (Allocation Failure) 716M->625M(869M) 110.796ms
[425.552s][info][gc,cpu         ] GC(1531) User=0.22s Sys=0.00s Real=0.11s
[425.692s][info][gc,start       ] GC(1532) Pause Young (Allocation Failure)
[425.792s][info][gc,heap        ] GC(1532) PSYoungGen: 203584K(222720K)->94416K(222720K) Eden: 111616K(111616K)->0K(111616K) From: 91968K(111104K)->94416K(111104K)
[425.792s][info][gc,heap        ] GC(1532) ParOldGen: 549034K(667648K)->559482K(667648K)
[425.792s][info][gc,metaspace   ] GC(1532) Metaspace: 18938K(19136K)->18938K(19136K) NonClass: 16277K(16384K)->16277K(16384K) Class: 2660K(2752K)->2660K(2752K)
[425.792s][info][gc             ] GC(1532) Pause Young (Allocation Failure) 734M->638M(869M) 99.635ms
[425.792s][info][gc,cpu         ] GC(1532) User=0.20s Sys=0.00s Real=0.10s
[425.923s][info][gc,start       ] GC(1533) Pause Young (Allocation Failure)
[426.014s][info][gc,heap        ] GC(1533) PSYoungGen: 206032K(222720K)->69808K(222720K) Eden: 111616K(111616K)->0K(111616K) From: 94416K(111104K)->69808K(111104K)
[426.014s][info][gc,heap        ] GC(1533) ParOldGen: 559482K(667648K)->584802K(667648K)
[426.014s][info][gc,metaspace   ] GC(1533) Metaspace: 18938K(19136K)->18938K(19136K) NonClass: 16277K(16384K)->16277K(16384K) Class: 2660K(2752K)->2660K(2752K)
[426.014s][info][gc             ] GC(1533) Pause Young (Allocation Failure) 747M->639M(869M) 90.856ms
[426.014s][info][gc,cpu         ] GC(1533) User=0.18s Sys=0.00s Real=0.09s
[426.143s][info][gc,start       ] GC(1534) Pause Young (Allocation Failure)
[426.217s][info][gc,heap        ] GC(1534) PSYoungGen: 181424K(222720K)->71280K(222720K) Eden: 111616K(111616K)->0K(111616K) From: 69808K(111104K)->71280K(111104K)
[426.217s][info][gc,heap        ] GC(1534) ParOldGen: 584802K(667648K)->589386K(667648K)
[426.217s][info][gc,metaspace   ] GC(1534) Metaspace: 18938K(19136K)->18938K(19136K) NonClass: 16277K(16384K)->16277K(16384K) Class: 2660K(2752K)->2660K(2752K)
[426.217s][info][gc             ] GC(1534) Pause Young (Allocation Failure) 748M->645M(869M) 73.953ms
[426.217s][info][gc,cpu         ] GC(1534) User=0.15s Sys=0.00s Real=0.08s
[426.338s][info][gc,start       ] GC(1535) Pause Young (Allocation Failure)
[426.408s][info][gc,heap        ] GC(1535) PSYoungGen: 182896K(222720K)->38848K(222720K) Eden: 111616K(111616K)->0K(111616K) From: 71280K(111104K)->38848K(111104K)
[426.408s][info][gc,heap        ] GC(1535) ParOldGen: 589386K(667648K)->621954K(667648K)
[426.408s][info][gc,metaspace   ] GC(1535) Metaspace: 18938K(19136K)->18938K(19136K) NonClass: 16277K(16384K)->16277K(16384K) Class: 2660K(2752K)->2660K(2752K)
[426.408s][info][gc             ] GC(1535) Pause Young (Allocation Failure) 754M->645M(869M) 69.887ms
[426.408s][info][gc,cpu         ] GC(1535) User=0.14s Sys=0.00s Real=0.07s
[426.482s][info][gc,start       ] GC(1536) Pause Young (Allocation Failure)
[426.522s][info][gc,heap        ] GC(1536) PSYoungGen: 150464K(222720K)->6816K(222720K) Eden: 111616K(111616K)->0K(111616K) From: 38848K(111104K)->6816K(111104K)
[426.522s][info][gc,heap        ] GC(1536) ParOldGen: 621954K(667648K)->654106K(667648K)
[426.522s][info][gc,metaspace   ] GC(1536) Metaspace: 18938K(19136K)->18938K(19136K) NonClass: 16277K(16384K)->16277K(16384K) Class: 2660K(2752K)->2660K(2752K)
[426.522s][info][gc             ] GC(1536) Pause Young (Allocation Failure) 754M->645M(869M) 40.023ms
[426.522s][info][gc,cpu         ] GC(1536) User=0.08s Sys=0.00s Real=0.04s
[426.701s][info][gc,start       ] GC(1537) Pause Full (Allocation Failure)
[426.701s][info][gc,phases,start] GC(1537) Marking Phase
[426.958s][info][gc,phases      ] GC(1537) Marking Phase 257.020ms
[426.958s][info][gc,phases,start] GC(1537) Summary Phase
[426.958s][info][gc,phases      ] GC(1537) Summary Phase 0.026ms
[426.958s][info][gc,phases,start] GC(1537) Forward
[427.086s][info][gc,phases      ] GC(1537) Forward 127.880ms
[427.086s][info][gc,phases,start] GC(1537) Adjust Pointers
[427.290s][info][gc,phases      ] GC(1537) Adjust Pointers 203.672ms
[427.290s][info][gc,phases,start] GC(1537) Compaction Phase
[427.405s][info][gc,phases      ] GC(1537) Compaction Phase 115.501ms
[427.417s][info][gc,phases,start] GC(1537) Post Compact
[427.419s][info][gc,phases      ] GC(1537) Post Compact 2.235ms
[427.419s][info][gc,heap        ] GC(1537) PSYoungGen: 118432K(222720K)->0K(222720K) Eden: 111616K(111616K)->0K(111616K) From: 6816K(111104K)->0K(111104K)
[427.419s][info][gc,heap        ] GC(1537) ParOldGen: 654106K(667648K)->363156K(667648K)
[427.419s][info][gc,metaspace   ] GC(1537) Metaspace: 18938K(19136K)->18938K(19136K) NonClass: 16277K(16384K)->16277K(16384K) Class: 2660K(2752K)->2660K(2752K)
[427.419s][info][gc             ] GC(1537) Pause Full (Allocation Failure) 754M->354M(869M) 718.467ms
[427.419s][info][gc,cpu         ] GC(1537) User=1.28s Sys=0.00s Real=0.72s
[427.594s][info][gc,start       ] GC(1538) Pause Young (Allocation Failure)
[427.602s][info][gc,heap        ] GC(1538) PSYoungGen: 111616K(222720K)->5984K(222720K) Eden: 111616K(111616K)->0K(111616K) From: 0K(111104K)->5984K(111104K)
[427.602s][info][gc,heap        ] GC(1538) ParOldGen: 363156K(667648K)->363156K(667648K)
[427.602s][info][gc,metaspace   ] GC(1538) Metaspace: 18938K(19136K)->18938K(19136K) NonClass: 16277K(16384K)->16277K(16384K) Class: 2660K(2752K)->2660K(2752K)
[427.602s][info][gc             ] GC(1538) Pause Young (Allocation Failure) 463M->360M(869M) 7.537ms
[427.602s][info][gc,cpu         ] GC(1538) User=0.02s Sys=0.00s Real=0.00s
[427.954s][info][gc,start       ] GC(1539) Pause Young (Allocation Failure)
[427.961s][info][gc,heap        ] GC(1539) PSYoungGen: 117600K(222720K)->6016K(222720K) Eden: 111616K(111616K)->0K(111616K) From: 5984K(111104K)->6016K(111104K)
[427.961s][info][gc,heap        ] GC(1539) ParOldGen: 363156K(667648K)->363156K(667648K)
[427.961s][info][gc,metaspace   ] GC(1539) Metaspace: 18938K(19136K)->18938K(19136K) NonClass: 16278K(16384K)->16278K(16384K) Class: 2660K(2752K)->2660K(2752K)
[427.961s][info][gc             ] GC(1539) Pause Young (Allocation Failure) 469M->360M(869M) 7.283ms
[427.961s][info][gc,cpu         ] GC(1539) User=0.01s Sys=0.00s Real=0.00s
[428.224s][info][gc,start       ] GC(1540) Pause Young (Allocation Failure)
[428.232s][info][gc,heap        ] GC(1540) PSYoungGen: 117632K(222720K)->224K(222720K) Eden: 111616K(111616K)->0K(111616K) From: 6016K(111104K)->224K(111104K)
[428.232s][info][gc,heap        ] GC(1540) ParOldGen: 363156K(667648K)->369172K(667648K)
[428.232s][info][gc,metaspace   ] GC(1540) Metaspace: 18938K(19136K)->18938K(19136K) NonClass: 16278K(16384K)->16278K(16384K) Class: 2660K(2752K)->2660K(2752K)
[428.232s][info][gc             ] GC(1540) Pause Young (Allocation Failure) 469M->360M(869M) 7.781ms
[428.232s][info][gc,cpu         ] GC(1540) User=0.02s Sys=0.00s Real=0.00s
[428.497s][info][gc,start       ] GC(1541) Pause Young (Allocation Failure)
[428.499s][info][gc,heap        ] GC(1541) PSYoungGen: 111840K(222720K)->64K(222720K) Eden: 111616K(111616K)->0K(111616K) From: 224K(111104K)->64K(111104K)
[428.499s][info][gc,heap        ] GC(1541) ParOldGen: 369172K(667648K)->369357K(667648K)
[428.499s][info][gc,metaspace   ] GC(1541) Metaspace: 18938K(19136K)->18938K(19136K) NonClass: 16278K(16384K)->16278K(16384K) Class: 2660K(2752K)->2660K(2752K)
[428.499s][info][gc             ] GC(1541) Pause Young (Allocation Failure) 469M->360M(869M) 1.861ms
[428.499s][info][gc,cpu         ] GC(1541) User=0.01s Sys=0.00s Real=0.00s
[428.722s][info][gc,start       ] GC(1542) Pause Young (Allocation Failure)
[428.724s][info][gc,heap        ] GC(1542) PSYoungGen: 111680K(222720K)->64K(222720K) Eden: 111616K(111616K)->0K(111616K) From: 64K(111104K)->64K(111104K)
[428.724s][info][gc,heap        ] GC(1542) ParOldGen: 369357K(667648K)->369381K(667648K)
[428.724s][info][gc,metaspace   ] GC(1542) Metaspace: 18938K(19136K)->18938K(19136K) NonClass: 16278K(16384K)->16278K(16384K) Class: 2660K(2752K)->2660K(2752K)
[428.724s][info][gc             ] GC(1542) Pause Young (Allocation Failure) 469M->360M(869M) 2.280ms
[428.724s][info][gc,cpu         ] GC(1542) User=0.00s Sys=0.00s Real=0.01s
[429.010s][info][gc,start       ] GC(1543) Pause Young (Allocation Failure)
[429.012s][info][gc,heap        ] GC(1543) PSYoungGen: 111680K(222720K)->64K(222720K) Eden: 111616K(111616K)->0K(111616K) From: 64K(111104K)->64K(111104K)
[429.012s][info][gc,heap        ] GC(1543) ParOldGen: 369381K(667648K)->369405K(667648K)
[429.012s][info][gc,metaspace   ] GC(1543) Metaspace: 18938K(19136K)->18938K(19136K) NonClass: 16278K(16384K)->16278K(16384K) Class: 2660K(2752K)->2660K(2752K)
[429.012s][info][gc             ] GC(1543) Pause Young (Allocation Failure) 469M->360M(869M) 2.024ms
[429.013s][info][gc,cpu         ] GC(1543) User=0.01s Sys=0.00s Real=0.00s
[429.259s][info][gc,start       ] GC(1544) Pause Young (Allocation Failure)
[429.269s][info][gc,heap        ] GC(1544) PSYoungGen: 111680K(222720K)->9344K(216576K) Eden: 111616K(111616K)->0K(111616K) From: 64K(111104K)->9344K(104960K)
[429.269s][info][gc,heap        ] GC(1544) ParOldGen: 369405K(667648K)->369469K(667648K)
[429.269s][info][gc,metaspace   ] GC(1544) Metaspace: 18938K(19136K)->18938K(19136K) NonClass: 16278K(16384K)->16278K(16384K) Class: 2660K(2752K)->2660K(2752K)
[429.269s][info][gc             ] GC(1544) Pause Young (Allocation Failure) 469M->369M(863M) 9.529ms
[429.269s][info][gc,cpu         ] GC(1544) User=0.02s Sys=0.00s Real=0.01s
[429.335s][info][gc,start       ] GC(1545) Pause Young (Allocation Failure)
[429.374s][info][gc,heap        ] GC(1545) PSYoungGen: 120960K(216576K)->50992K(219648K) Eden: 111616K(111616K)->0K(111616K) From: 9344K(104960K)->50992K(108032K)
[429.374s][info][gc,heap        ] GC(1545) ParOldGen: 369469K(667648K)->369469K(667648K)
[429.374s][info][gc,metaspace   ] GC(1545) Metaspace: 18938K(19136K)->18938K(19136K) NonClass: 16278K(16384K)->16278K(16384K) Class: 2660K(2752K)->2660K(2752K)
[429.374s][info][gc             ] GC(1545) Pause Young (Allocation Failure) 478M->410M(866M) 39.248ms
[429.374s][info][gc,cpu         ] GC(1545) User=0.08s Sys=0.00s Real=0.04s
[429.432s][info][gc,start       ] GC(1546) Pause Young (Allocation Failure)
[429.493s][info][gc,heap        ] GC(1546) PSYoungGen: 162608K(219648K)->91392K(221184K) Eden: 111616K(111616K)->0K(111616K) From: 50992K(108032K)->91392K(109568K)
[429.493s][info][gc,heap        ] GC(1546) ParOldGen: 369469K(667648K)->369469K(667648K)
[429.493s][info][gc,metaspace   ] GC(1546) Metaspace: 18938K(19136K)->18938K(19136K) NonClass: 16278K(16384K)->16278K(16384K) Class: 2660K(2752K)->2660K(2752K)
[429.493s][info][gc             ] GC(1546) Pause Young (Allocation Failure) 519M->450M(868M) 60.952ms
[429.493s][info][gc,cpu         ] GC(1546) User=0.12s Sys=0.00s Real=0.07s
[429.553s][info][gc,start       ] GC(1547) Pause Young (Allocation Failure)
[429.635s][info][gc,heap        ] GC(1547) PSYoungGen: 203008K(221184K)->77728K(222720K) Eden: 111616K(111616K)->0K(111616K) From: 91392K(109568K)->77728K(111104K)
[429.635s][info][gc,heap        ] GC(1547) ParOldGen: 369469K(667648K)->421005K(667648K)
[429.635s][info][gc,metaspace   ] GC(1547) Metaspace: 18938K(19136K)->18938K(19136K) NonClass: 16278K(16384K)->16278K(16384K) Class: 2660K(2752K)->2660K(2752K)
[429.635s][info][gc             ] GC(1547) Pause Young (Allocation Failure) 559M->487M(869M) 82.387ms
[429.635s][info][gc,cpu         ] GC(1547) User=0.16s Sys=0.01s Real=0.09s
[429.763s][info][gc,start       ] GC(1548) Pause Young (Allocation Failure)
[429.847s][info][gc,heap        ] GC(1548) PSYoungGen: 189344K(222720K)->46038K(222720K) Eden: 111616K(111616K)->0K(111616K) From: 77728K(111104K)->46038K(111104K)
[429.847s][info][gc,heap        ] GC(1548) ParOldGen: 421005K(667648K)->499666K(667648K)
[429.847s][info][gc,metaspace   ] GC(1548) Metaspace: 18938K(19136K)->18938K(19136K) NonClass: 16278K(16384K)->16278K(16384K) Class: 2660K(2752K)->2660K(2752K)
[429.847s][info][gc             ] GC(1548) Pause Young (Allocation Failure) 596M->532M(869M) 84.284ms
[429.847s][info][gc,cpu         ] GC(1548) User=0.17s Sys=0.00s Real=0.09s
[430.024s][info][gc,start       ] GC(1549) Pause Young (Allocation Failure)
[430.079s][info][gc,heap        ] GC(1549) PSYoungGen: 157654K(222720K)->26848K(222720K) Eden: 111616K(111616K)->0K(111616K) From: 46038K(111104K)->26848K(111104K)
[430.079s][info][gc,heap        ] GC(1549) ParOldGen: 499666K(667648K)->546180K(667648K)
[430.079s][info][gc,metaspace   ] GC(1549) Metaspace: 18938K(19136K)->18938K(19136K) NonClass: 16278K(16384K)->16278K(16384K) Class: 2660K(2752K)->2660K(2752K)
[430.079s][info][gc             ] GC(1549) Pause Young (Allocation Failure) 641M->559M(869M) 55.047ms
[430.079s][info][gc,cpu         ] GC(1549) User=0.11s Sys=0.00s Real=0.05s
[430.245s][info][gc,start       ] GC(1550) Pause Young (Allocation Failure)
[430.295s][info][gc,heap        ] GC(1550) PSYoungGen: 138464K(222720K)->14080K(222720K) Eden: 111616K(111616K)->0K(111616K) From: 26848K(111104K)->14080K(111104K)
[430.295s][info][gc,heap        ] GC(1550) ParOldGen: 546180K(667648K)->573216K(667648K)
[430.295s][info][gc,metaspace   ] GC(1550) Metaspace: 18938K(19136K)->18938K(19136K) NonClass: 16278K(16384K)->16278K(16384K) Class: 2660K(2752K)->2660K(2752K)
[430.295s][info][gc             ] GC(1550) Pause Young (Allocation Failure) 668M->573M(869M) 49.358ms
[430.295s][info][gc,cpu         ] GC(1550) User=0.10s Sys=0.00s Real=0.05s
[430.398s][info][gc,start       ] GC(1551) Pause Young (Allocation Failure)
[430.436s][info][gc,heap        ] GC(1551) PSYoungGen: 125696K(222720K)->2528K(222720K) Eden: 111616K(111616K)->0K(111616K) From: 14080K(111104K)->2528K(111104K)
[430.436s][info][gc,heap        ] GC(1551) ParOldGen: 573216K(667648K)->587304K(667648K)
[430.436s][info][gc,metaspace   ] GC(1551) Metaspace: 18938K(19136K)->18938K(19136K) NonClass: 16278K(16384K)->16278K(16384K) Class: 2660K(2752K)->2660K(2752K)
[430.436s][info][gc             ] GC(1551) Pause Young (Allocation Failure) 682M->576M(869M) 37.322ms
[430.436s][info][gc,cpu         ] GC(1551) User=0.08s Sys=0.00s Real=0.04s
[430.576s][info][gc,start       ] GC(1552) Pause Young (Allocation Failure)
[430.616s][info][gc,heap        ] GC(1552) PSYoungGen: 114144K(222720K)->14062K(215552K) Eden: 111616K(111616K)->0K(111616K) From: 2528K(111104K)->14062K(103936K)
[430.616s][info][gc,heap        ] GC(1552) ParOldGen: 587304K(667648K)->589808K(667648K)
[430.616s][info][gc,metaspace   ] GC(1552) Metaspace: 18938K(19136K)->18938K(19136K) NonClass: 16278K(16384K)->16278K(16384K) Class: 2660K(2752K)->2660K(2752K)
[430.616s][info][gc             ] GC(1552) Pause Young (Allocation Failure) 685M->589M(862M) 39.544ms
[430.616s][info][gc,cpu         ] GC(1552) User=0.07s Sys=0.00s Real=0.04s
[430.777s][info][gc,start       ] GC(1553) Pause Young (Allocation Failure)
[430.827s][info][gc,heap        ] GC(1553) PSYoungGen: 125678K(215552K)->14048K(219136K) Eden: 111616K(111616K)->0K(111616K) From: 14062K(103936K)->14048K(107520K)
[430.827s][info][gc,heap        ] GC(1553) ParOldGen: 589808K(667648K)->602851K(667648K)
[430.827s][info][gc,metaspace   ] GC(1553) Metaspace: 18938K(19136K)->18938K(19136K) NonClass: 16278K(16384K)->16278K(16384K) Class: 2660K(2752K)->2660K(2752K)
[430.827s][info][gc             ] GC(1553) Pause Young (Allocation Failure) 698M->602M(866M) 50.363ms
[430.827s][info][gc,cpu         ] GC(1553) User=0.10s Sys=0.00s Real=0.05s
[430.986s][info][gc,start       ] GC(1554) Pause Young (Allocation Failure)
[431.008s][info][gc,heap        ] GC(1554) PSYoungGen: 125664K(219136K)->32K(222208K) Eden: 111616K(111616K)->0K(123392K) From: 14048K(107520K)->32K(98816K)
[431.008s][info][gc,heap        ] GC(1554) ParOldGen: 602851K(667648K)->616915K(667648K)
[431.008s][info][gc,metaspace   ] GC(1554) Metaspace: 18938K(19136K)->18938K(19136K) NonClass: 16278K(16384K)->16278K(16384K) Class: 2660K(2752K)->2660K(2752K)
[431.008s][info][gc             ] GC(1554) Pause Young (Allocation Failure) 711M->602M(869M) 22.326ms
[431.008s][info][gc,cpu         ] GC(1554) User=0.04s Sys=0.00s Real=0.02s
[431.185s][info][gc,start       ] GC(1555) Pause Full (Allocation Failure)
[431.185s][info][gc,phases,start] GC(1555) Marking Phase
[431.484s][info][gc,phases      ] GC(1555) Marking Phase 299.372ms
[431.484s][info][gc,phases,start] GC(1555) Summary Phase
[431.484s][info][gc,phases      ] GC(1555) Summary Phase 0.023ms
[431.484s][info][gc,phases,start] GC(1555) Forward
[431.595s][info][gc,phases      ] GC(1555) Forward 110.762ms
[431.595s][info][gc,phases,start] GC(1555) Adjust Pointers
[431.851s][info][gc,phases      ] GC(1555) Adjust Pointers 255.969ms
[431.851s][info][gc,phases,start] GC(1555) Compaction Phase
[431.991s][info][gc,phases      ] GC(1555) Compaction Phase 139.770ms
[432.006s][info][gc,phases,start] GC(1555) Post Compact
[432.009s][info][gc,phases      ] GC(1555) Post Compact 2.198ms
[432.009s][info][gc,heap        ] GC(1555) PSYoungGen: 123424K(222208K)->0K(223744K) Eden: 123392K(123392K)->0K(123392K) From: 32K(98816K)->0K(100352K)
[432.009s][info][gc,heap        ] GC(1555) ParOldGen: 616915K(667648K)->459055K(667648K)
[432.009s][info][gc,metaspace   ] GC(1555) Metaspace: 18938K(19136K)->18938K(19136K) NonClass: 16278K(16384K)->16278K(16384K) Class: 2660K(2752K)->2660K(2752K)
[432.009s][info][gc             ] GC(1555) Pause Full (Allocation Failure) 722M->448M(870M) 824.117ms
[432.009s][info][gc,cpu         ] GC(1555) User=1.55s Sys=0.00s Real=0.82s
[432.186s][info][gc,start       ] GC(1556) Pause Young (Allocation Failure)
[432.187s][info][gc,heap        ] GC(1556) PSYoungGen: 123392K(223744K)->64K(227328K) Eden: 123392K(123392K)->0K(133120K) From: 0K(100352K)->64K(94208K)
[432.187s][info][gc,heap        ] GC(1556) ParOldGen: 459055K(667648K)->459055K(667648K)
[432.187s][info][gc,metaspace   ] GC(1556) Metaspace: 18938K(19136K)->18938K(19136K) NonClass: 16278K(16384K)->16278K(16384K) Class: 2660K(2752K)->2660K(2752K)
[432.187s][info][gc             ] GC(1556) Pause Young (Allocation Failure) 568M->448M(874M) 1.588ms
[432.187s][info][gc,cpu         ] GC(1556) User=0.00s Sys=0.00s Real=0.00s
[432.374s][info][gc,start       ] GC(1557) Pause Young (Allocation Failure)
[432.376s][info][gc,heap        ] GC(1557) PSYoungGen: 133184K(227328K)->64K(230400K) Eden: 133120K(133120K)->0K(133120K) From: 64K(94208K)->64K(97280K)
[432.376s][info][gc,heap        ] GC(1557) ParOldGen: 459055K(667648K)->459063K(667648K)
[432.376s][info][gc,metaspace   ] GC(1557) Metaspace: 18938K(19136K)->18938K(19136K) NonClass: 16278K(16384K)->16278K(16384K) Class: 2660K(2752K)->2660K(2752K)
[432.376s][info][gc             ] GC(1557) Pause Young (Allocation Failure) 578M->448M(877M) 1.614ms
[432.376s][info][gc,cpu         ] GC(1557) User=0.00s Sys=0.00s Real=0.00s
[432.562s][info][gc,start       ] GC(1558) Pause Young (Allocation Failure)
[432.563s][info][gc,heap        ] GC(1558) PSYoungGen: 133184K(230400K)->64K(229888K) Eden: 133120K(133120K)->0K(142848K) From: 64K(97280K)->64K(87040K)
[432.564s][info][gc,heap        ] GC(1558) ParOldGen: 459063K(667648K)->459063K(667648K)
[432.564s][info][gc,metaspace   ] GC(1558) Metaspace: 18938K(19136K)->18938K(19136K) NonClass: 16278K(16384K)->16278K(16384K) Class: 2660K(2752K)->2660K(2752K)
[432.564s][info][gc             ] GC(1558) Pause Young (Allocation Failure) 578M->448M(876M) 1.684ms
[432.564s][info][gc,cpu         ] GC(1558) User=0.01s Sys=0.00s Real=0.01s
[432.763s][info][gc,start       ] GC(1559) Pause Young (Allocation Failure)
[432.765s][info][gc,heap        ] GC(1559) PSYoungGen: 142912K(229888K)->64K(232960K) Eden: 142848K(142848K)->0K(142848K) From: 64K(87040K)->64K(90112K)
[432.765s][info][gc,heap        ] GC(1559) ParOldGen: 459063K(667648K)->459063K(667648K)
[432.765s][info][gc,metaspace   ] GC(1559) Metaspace: 18938K(19136K)->18938K(19136K) NonClass: 16278K(16384K)->16278K(16384K) Class: 2660K(2752K)->2660K(2752K)
[432.765s][info][gc             ] GC(1559) Pause Young (Allocation Failure) 587M->448M(879M) 1.624ms
[432.765s][info][gc,cpu         ] GC(1559) User=0.01s Sys=0.00s Real=0.01s
[432.910s][info][gc,start       ] GC(1560) Pause Young (Allocation Failure)
[432.932s][info][gc,heap        ] GC(1560) PSYoungGen: 142912K(232960K)->18336K(227328K) Eden: 142848K(142848K)->0K(152576K) From: 64K(90112K)->18336K(74752K)
[432.932s][info][gc,heap        ] GC(1560) ParOldGen: 459063K(667648K)->459063K(667648K)
[432.932s][info][gc,metaspace   ] GC(1560) Metaspace: 18938K(19136K)->18938K(19136K) NonClass: 16278K(16384K)->16278K(16384K) Class: 2660K(2752K)->2660K(2752K)
[432.932s][info][gc             ] GC(1560) Pause Young (Allocation Failure) 587M->466M(874M) 21.535ms
[432.932s][info][gc,cpu         ] GC(1560) User=0.04s Sys=0.00s Real=0.02s
[433.065s][info][gc,start       ] GC(1561) Pause Young (Allocation Failure)
[433.096s][info][gc,heap        ] GC(1561) PSYoungGen: 170912K(227328K)->30752K(232448K) Eden: 152576K(152576K)->0K(152576K) From: 18336K(74752K)->30752K(79872K)
[433.097s][info][gc,heap        ] GC(1561) ParOldGen: 459063K(667648K)->459063K(667648K)
[433.097s][info][gc,metaspace   ] GC(1561) Metaspace: 18938K(19136K)->18938K(19136K) NonClass: 16278K(16384K)->16278K(16384K) Class: 2660K(2752K)->2660K(2752K)
[433.097s][info][gc             ] GC(1561) Pause Young (Allocation Failure) 615M->478M(879M) 31.510ms
[433.097s][info][gc,cpu         ] GC(1561) User=0.06s Sys=0.00s Real=0.03s
[433.241s][info][gc,start       ] GC(1562) Pause Young (Allocation Failure)
[433.273s][info][gc,heap        ] GC(1562) PSYoungGen: 183328K(232448K)->32800K(243200K) Eden: 152576K(152576K)->0K(164864K) From: 30752K(79872K)->32800K(78336K)
[433.273s][info][gc,heap        ] GC(1562) ParOldGen: 459063K(667648K)->459063K(667648K)
[433.273s][info][gc,metaspace   ] GC(1562) Metaspace: 18938K(19136K)->18938K(19136K) NonClass: 16278K(16384K)->16278K(16384K) Class: 2660K(2752K)->2660K(2752K)
[433.273s][info][gc             ] GC(1562) Pause Young (Allocation Failure) 627M->480M(889M) 32.361ms
[433.273s][info][gc,cpu         ] GC(1562) User=0.07s Sys=0.00s Real=0.04s
[433.447s][info][gc,start       ] GC(1563) Pause Young (Allocation Failure)
[433.484s][info][gc,heap        ] GC(1563) PSYoungGen: 197664K(243200K)->37728K(242688K) Eden: 164864K(164864K)->0K(164864K) From: 32800K(78336K)->37728K(77824K)
[433.484s][info][gc,heap        ] GC(1563) ParOldGen: 459063K(667648K)->459063K(667648K)
[433.484s][info][gc,metaspace   ] GC(1563) Metaspace: 18938K(19136K)->18938K(19136K) NonClass: 16278K(16384K)->16278K(16384K) Class: 2660K(2752K)->2660K(2752K)
[433.484s][info][gc             ] GC(1563) Pause Young (Allocation Failure) 641M->485M(889M) 36.628ms
[433.484s][info][gc,cpu         ] GC(1563) User=0.07s Sys=0.00s Real=0.04s
[433.747s][info][gc,start       ] GC(1564) Pause Young (Allocation Failure)
[433.787s][info][gc,heap        ] GC(1564) PSYoungGen: 202592K(242688K)->40928K(251904K) Eden: 164864K(164864K)->0K(173056K) From: 37728K(77824K)->40928K(78848K)
[433.787s][info][gc,heap        ] GC(1564) ParOldGen: 459063K(667648K)->459063K(667648K)
[433.787s][info][gc,metaspace   ] GC(1564) Metaspace: 18938K(19136K)->18938K(19136K) NonClass: 16278K(16384K)->16278K(16384K) Class: 2660K(2752K)->2660K(2752K)
[433.787s][info][gc             ] GC(1564) Pause Young (Allocation Failure) 646M->488M(898M) 40.000ms
[433.787s][info][gc,cpu         ] GC(1564) User=0.07s Sys=0.00s Real=0.04s
[434.120s][info][gc,start       ] GC(1565) Pause Young (Allocation Failure)
[434.160s][info][gc,heap        ] GC(1565) PSYoungGen: 213984K(251904K)->41088K(214528K) Eden: 173056K(173056K)->0K(173056K) From: 40928K(78848K)->41088K(41472K)
[434.160s][info][gc,heap        ] GC(1565) ParOldGen: 459063K(667648K)->459063K(667648K)
[434.160s][info][gc,metaspace   ] GC(1565) Metaspace: 18938K(19136K)->18938K(19136K) NonClass: 16278K(16384K)->16278K(16384K) Class: 2660K(2752K)->2660K(2752K)
[434.160s][info][gc             ] GC(1565) Pause Young (Allocation Failure) 657M->488M(861M) 39.423ms
[434.160s][info][gc,cpu         ] GC(1565) User=0.07s Sys=0.00s Real=0.04s
[434.462s][info][gc,start       ] GC(1566) Pause Young (Allocation Failure)
[434.502s][info][gc,heap        ] GC(1566) PSYoungGen: 214144K(214528K)->41088K(251904K) Eden: 173056K(173056K)->0K(171008K) From: 41088K(41472K)->41088K(80896K)
[434.502s][info][gc,heap        ] GC(1566) ParOldGen: 459063K(667648K)->459063K(667648K)
[434.502s][info][gc,metaspace   ] GC(1566) Metaspace: 18938K(19136K)->18938K(19136K) NonClass: 16278K(16384K)->16278K(16384K) Class: 2660K(2752K)->2660K(2752K)
[434.502s][info][gc             ] GC(1566) Pause Young (Allocation Failure) 657M->488M(898M) 40.208ms
[434.502s][info][gc,cpu         ] GC(1566) User=0.07s Sys=0.00s Real=0.04s
[434.777s][info][gc,start       ] GC(1567) Pause Young (Allocation Failure)
[434.829s][info][gc,heap        ] GC(1567) PSYoungGen: 212096K(251904K)->54144K(225280K) Eden: 171008K(171008K)->0K(171008K) From: 41088K(80896K)->54144K(54272K)
[434.829s][info][gc,heap        ] GC(1567) ParOldGen: 459063K(667648K)->459063K(667648K)
[434.829s][info][gc,metaspace   ] GC(1567) Metaspace: 18938K(19136K)->18938K(19136K) NonClass: 16278K(16384K)->16278K(16384K) Class: 2660K(2752K)->2660K(2752K)
[434.829s][info][gc             ] GC(1567) Pause Young (Allocation Failure) 655M->501M(872M) 51.234ms
[434.829s][info][gc,cpu         ] GC(1567) User=0.10s Sys=0.00s Real=0.05s
[435.036s][info][gc,start       ] GC(1568) Pause Young (Allocation Failure)
[435.091s][info][gc,heap        ] GC(1568) PSYoungGen: 225152K(225280K)->60000K(236544K) Eden: 171008K(171008K)->0K(150528K) From: 54144K(54272K)->60000K(86016K)
[435.091s][info][gc,heap        ] GC(1568) ParOldGen: 459063K(667648K)->459063K(667648K)
[435.091s][info][gc,metaspace   ] GC(1568) Metaspace: 18938K(19136K)->18938K(19136K) NonClass: 16278K(16384K)->16278K(16384K) Class: 2660K(2752K)->2660K(2752K)
[435.091s][info][gc             ] GC(1568) Pause Young (Allocation Failure) 668M->506M(883M) 55.683ms
[435.091s][info][gc,cpu         ] GC(1568) User=0.11s Sys=0.00s Real=0.05s
[435.196s][info][gc,start       ] GC(1569) Pause Young (Allocation Failure)
[435.296s][info][gc,heap        ] GC(1569) PSYoungGen: 210528K(236544K)->91616K(242176K) Eden: 150528K(150528K)->0K(150528K) From: 60000K(86016K)->91616K(91648K)
[435.296s][info][gc,heap        ] GC(1569) ParOldGen: 459063K(667648K)->475063K(667648K)
[435.296s][info][gc,metaspace   ] GC(1569) Metaspace: 18940K(19136K)->18940K(19136K) NonClass: 16280K(16384K)->16280K(16384K) Class: 2660K(2752K)->2660K(2752K)
[435.296s][info][gc             ] GC(1569) Pause Young (Allocation Failure) 653M->553M(888M) 99.840ms
[435.296s][info][gc,cpu         ] GC(1569) User=0.20s Sys=0.00s Real=0.10s
[435.556s][info][gc,start       ] GC(1570) Pause Young (Allocation Failure)
[435.668s][info][gc,heap        ] GC(1570) PSYoungGen: 242144K(242176K)->91616K(203264K) Eden: 150528K(150528K)->0K(111616K) From: 91616K(91648K)->91616K(91648K)
[435.668s][info][gc,heap        ] GC(1570) ParOldGen: 475063K(667648K)->488671K(667648K)
[435.668s][info][gc,metaspace   ] GC(1570) Metaspace: 18940K(19136K)->18940K(19136K) NonClass: 16280K(16384K)->16280K(16384K) Class: 2660K(2752K)->2660K(2752K)
[435.668s][info][gc             ] GC(1570) Pause Young (Allocation Failure) 700M->566M(850M) 112.325ms
[435.668s][info][gc,cpu         ] GC(1570) User=0.20s Sys=0.02s Real=0.11s
[435.825s][info][gc,start       ] GC(1571) Pause Young (Allocation Failure)
[435.918s][info][gc,heap        ] GC(1571) PSYoungGen: 203232K(203264K)->77920K(222720K) Eden: 111616K(111616K)->0K(111616K) From: 91616K(91648K)->77920K(111104K)
[435.918s][info][gc,heap        ] GC(1571) ParOldGen: 488671K(667648K)->502463K(667648K)
[435.918s][info][gc,metaspace   ] GC(1571) Metaspace: 18940K(19136K)->18940K(19136K) NonClass: 16280K(16384K)->16280K(16384K) Class: 2660K(2752K)->2660K(2752K)
[435.918s][info][gc             ] GC(1571) Pause Young (Allocation Failure) 675M->566M(869M) 92.916ms
[435.918s][info][gc,cpu         ] GC(1571) User=0.18s Sys=0.00s Real=0.09s
[436.076s][info][gc,start       ] GC(1572) Pause Young (Allocation Failure)
[436.157s][info][gc,heap        ] GC(1572) PSYoungGen: 189536K(222720K)->66912K(222720K) Eden: 111616K(111616K)->0K(111616K) From: 77920K(111104K)->66912K(111104K)
[436.157s][info][gc,heap        ] GC(1572) ParOldGen: 502463K(667648K)->513471K(667648K)
[436.157s][info][gc,metaspace   ] GC(1572) Metaspace: 18940K(19136K)->18940K(19136K) NonClass: 16280K(16384K)->16280K(16384K) Class: 2660K(2752K)->2660K(2752K)
[436.157s][info][gc             ] GC(1572) Pause Young (Allocation Failure) 675M->566M(869M) 81.482ms
[436.157s][info][gc,cpu         ] GC(1572) User=0.16s Sys=0.00s Real=0.08s
[436.313s][info][gc,start       ] GC(1573) Pause Young (Allocation Failure)
[436.385s][info][gc,heap        ] GC(1573) PSYoungGen: 178528K(222720K)->60640K(222720K) Eden: 111616K(111616K)->0K(111616K) From: 66912K(111104K)->60640K(111104K)
[436.385s][info][gc,heap        ] GC(1573) ParOldGen: 513471K(667648K)->519759K(667648K)
[436.385s][info][gc,metaspace   ] GC(1573) Metaspace: 18940K(19136K)->18940K(19136K) NonClass: 16280K(16384K)->16280K(16384K) Class: 2660K(2752K)->2660K(2752K)
[436.385s][info][gc             ] GC(1573) Pause Young (Allocation Failure) 675M->566M(869M) 71.482ms
[436.385s][info][gc,cpu         ] GC(1573) User=0.14s Sys=0.00s Real=0.07s
[436.542s][info][gc,start       ] GC(1574) Pause Young (Allocation Failure)
[436.605s][info][gc,heap        ] GC(1574) PSYoungGen: 172256K(222720K)->60512K(222720K) Eden: 111616K(111616K)->0K(111616K) From: 60640K(111104K)->60512K(111104K)
[436.605s][info][gc,heap        ] GC(1574) ParOldGen: 519759K(667648K)->519925K(667648K)
[436.605s][info][gc,metaspace   ] GC(1574) Metaspace: 18940K(19136K)->18940K(19136K) NonClass: 16280K(16384K)->16280K(16384K) Class: 2660K(2752K)->2660K(2752K)
[436.605s][info][gc             ] GC(1574) Pause Young (Allocation Failure) 675M->566M(869M) 63.581ms
[436.606s][info][gc,cpu         ] GC(1574) User=0.13s Sys=0.00s Real=0.07s
[436.764s][info][gc,start       ] GC(1575) Pause Young (Allocation Failure)
[436.822s][info][gc,heap        ] GC(1575) PSYoungGen: 172128K(222720K)->45120K(222720K) Eden: 111616K(111616K)->0K(111616K) From: 60512K(111104K)->45120K(111104K)
[436.822s][info][gc,heap        ] GC(1575) ParOldGen: 519925K(667648K)->535408K(667648K)
[436.822s][info][gc,metaspace   ] GC(1575) Metaspace: 18940K(19136K)->18940K(19136K) NonClass: 16280K(16384K)->16280K(16384K) Class: 2660K(2752K)->2660K(2752K)
[436.822s][info][gc             ] GC(1575) Pause Young (Allocation Failure) 675M->566M(869M) 58.492ms
[436.822s][info][gc,cpu         ] GC(1575) User=0.12s Sys=0.00s Real=0.05s
[436.979s][info][gc,start       ] GC(1576) Pause Young (Allocation Failure)
[437.027s][info][gc,heap        ] GC(1576) PSYoungGen: 156736K(222720K)->32K(222720K) Eden: 111616K(111616K)->0K(111616K) From: 45120K(111104K)->32K(111104K)
[437.027s][info][gc,heap        ] GC(1576) ParOldGen: 535408K(667648K)->580725K(667648K)
[437.027s][info][gc,metaspace   ] GC(1576) Metaspace: 18940K(19136K)->18940K(19136K) NonClass: 16280K(16384K)->16280K(16384K) Class: 2660K(2752K)->2660K(2752K)
[437.027s][info][gc             ] GC(1576) Pause Young (Allocation Failure) 675M->567M(869M) 47.365ms
[437.027s][info][gc,cpu         ] GC(1576) User=0.09s Sys=0.00s Real=0.05s
[437.182s][info][gc,start       ] GC(1577) Pause Young (Allocation Failure)
[437.183s][info][gc,heap        ] GC(1577) PSYoungGen: 111648K(222720K)->64K(222720K) Eden: 111616K(111616K)->0K(111616K) From: 32K(111104K)->64K(111104K)
[437.183s][info][gc,heap        ] GC(1577) ParOldGen: 580725K(667648K)->580725K(667648K)
[437.183s][info][gc,metaspace   ] GC(1577) Metaspace: 18940K(19136K)->18940K(19136K) NonClass: 16280K(16384K)->16280K(16384K) Class: 2660K(2752K)->2660K(2752K)
[437.184s][info][gc             ] GC(1577) Pause Young (Allocation Failure) 676M->567M(869M) 1.892ms
[437.184s][info][gc,cpu         ] GC(1577) User=0.01s Sys=0.00s Real=0.01s
[437.335s][info][gc,start       ] GC(1578) Pause Young (Allocation Failure)
[437.337s][info][gc,heap        ] GC(1578) PSYoungGen: 111680K(222720K)->64K(222720K) Eden: 111616K(111616K)->0K(111616K) From: 64K(111104K)->64K(111104K)
[437.337s][info][gc,heap        ] GC(1578) ParOldGen: 580725K(667648K)->580725K(667648K)
[437.337s][info][gc,metaspace   ] GC(1578) Metaspace: 18940K(19136K)->18940K(19136K) NonClass: 16280K(16384K)->16280K(16384K) Class: 2660K(2752K)->2660K(2752K)
[437.337s][info][gc             ] GC(1578) Pause Young (Allocation Failure) 676M->567M(869M) 1.873ms
[437.337s][info][gc,cpu         ] GC(1578) User=0.00s Sys=0.00s Real=0.00s
[437.454s][info][gc,start       ] GC(1579) Pause Young (Allocation Failure)
[437.471s][info][gc,heap        ] GC(1579) PSYoungGen: 111680K(222720K)->14560K(222720K) Eden: 111616K(111616K)->0K(111616K) From: 64K(111104K)->14560K(111104K)
[437.471s][info][gc,heap        ] GC(1579) ParOldGen: 580725K(667648K)->580725K(667648K)
[437.471s][info][gc,metaspace   ] GC(1579) Metaspace: 18940K(19136K)->18940K(19136K) NonClass: 16280K(16384K)->16280K(16384K) Class: 2660K(2752K)->2660K(2752K)
[437.471s][info][gc             ] GC(1579) Pause Young (Allocation Failure) 676M->581M(869M) 17.746ms
[437.471s][info][gc,cpu         ] GC(1579) User=0.04s Sys=0.00s Real=0.01s
[437.578s][info][gc,start       ] GC(1580) Pause Young (Allocation Failure)
[437.605s][info][gc,heap        ] GC(1580) PSYoungGen: 126176K(222720K)->25120K(219648K) Eden: 111616K(111616K)->0K(111616K) From: 14560K(111104K)->25120K(108032K)
[437.605s][info][gc,heap        ] GC(1580) ParOldGen: 580725K(667648K)->580725K(667648K)
[437.605s][info][gc,metaspace   ] GC(1580) Metaspace: 18940K(19136K)->18940K(19136K) NonClass: 16280K(16384K)->16280K(16384K) Class: 2660K(2752K)->2660K(2752K)
[437.605s][info][gc             ] GC(1580) Pause Young (Allocation Failure) 690M->591M(866M) 26.944ms
[437.605s][info][gc,cpu         ] GC(1580) User=0.05s Sys=0.00s Real=0.03s
[437.700s][info][gc,start       ] GC(1581) Pause Young (Allocation Failure)
[437.728s][info][gc,heap        ] GC(1581) PSYoungGen: 136736K(219648K)->26336K(138240K) Eden: 111616K(111616K)->0K(111616K) From: 25120K(108032K)->26336K(26624K)
[437.728s][info][gc,heap        ] GC(1581) ParOldGen: 580725K(667648K)->580725K(667648K)
[437.728s][info][gc,metaspace   ] GC(1581) Metaspace: 18940K(19136K)->18940K(19136K) NonClass: 16280K(16384K)->16280K(16384K) Class: 2660K(2752K)->2660K(2752K)
[437.728s][info][gc             ] GC(1581) Pause Young (Allocation Failure) 700M->592M(787M) 27.768ms
[437.728s][info][gc,cpu         ] GC(1581) User=0.05s Sys=0.00s Real=0.03s
[437.807s][info][gc,start       ] GC(1582) Pause Young (Allocation Failure)
[437.859s][info][gc,heap        ] GC(1582) PSYoungGen: 137952K(138240K)->34112K(221184K) Eden: 111616K(111616K)->0K(122880K) From: 26336K(26624K)->34112K(98304K)
[437.859s][info][gc,heap        ] GC(1582) ParOldGen: 580725K(667648K)->595285K(667648K)
[437.859s][info][gc,metaspace   ] GC(1582) Metaspace: 18940K(19136K)->18940K(19136K) NonClass: 16280K(16384K)->16280K(16384K) Class: 2660K(2752K)->2660K(2752K)
[437.860s][info][gc             ] GC(1582) Pause Young (Allocation Failure) 701M->614M(868M) 52.906ms
[437.860s][info][gc,cpu         ] GC(1582) User=0.10s Sys=0.00s Real=0.05s
[437.953s][info][gc,start       ] GC(1583) Pause Young (Allocation Failure)
[438.003s][info][gc,heap        ] GC(1583) PSYoungGen: 156992K(221184K)->36000K(219648K) Eden: 122880K(122880K)->0K(122880K) From: 34112K(98304K)->36000K(96768K)
[438.003s][info][gc,heap        ] GC(1583) ParOldGen: 595285K(667648K)->607117K(667648K)
[438.003s][info][gc,metaspace   ] GC(1583) Metaspace: 18940K(19136K)->18940K(19136K) NonClass: 16280K(16384K)->16280K(16384K) Class: 2660K(2752K)->2660K(2752K)
[438.003s][info][gc             ] GC(1583) Pause Young (Allocation Failure) 734M->628M(866M) 50.220ms
[438.003s][info][gc,cpu         ] GC(1583) User=0.10s Sys=0.00s Real=0.06s
[438.085s][info][gc,start       ] GC(1584) Pause Young (Allocation Failure)
[438.138s][info][gc,heap        ] GC(1584) PSYoungGen: 158880K(219648K)->13792K(225792K) Eden: 122880K(122880K)->0K(138240K) From: 36000K(96768K)->13792K(87552K)
[438.139s][info][gc,heap        ] GC(1584) ParOldGen: 607117K(667648K)->643149K(667648K)
[438.139s][info][gc,metaspace   ] GC(1584) Metaspace: 18940K(19136K)->18940K(19136K) NonClass: 16280K(16384K)->16280K(16384K) Class: 2660K(2752K)->2660K(2752K)
[438.139s][info][gc             ] GC(1584) Pause Young (Allocation Failure) 748M->641M(872M) 53.503ms
[438.139s][info][gc,cpu         ] GC(1584) User=0.11s Sys=0.00s Real=0.05s
[438.258s][info][gc,start       ] GC(1585) Pause Full (Allocation Failure)
[438.258s][info][gc,phases,start] GC(1585) Marking Phase
[438.648s][info][gc,phases      ] GC(1585) Marking Phase 390.172ms
[438.648s][info][gc,phases,start] GC(1585) Summary Phase
[438.648s][info][gc,phases      ] GC(1585) Summary Phase 0.027ms
[438.648s][info][gc,phases,start] GC(1585) Forward
[438.711s][info][gc,phases      ] GC(1585) Forward 62.844ms
[438.711s][info][gc,phases,start] GC(1585) Adjust Pointers
[438.997s][info][gc,phases      ] GC(1585) Adjust Pointers 285.887ms
[438.997s][info][gc,phases,start] GC(1585) Compaction Phase
[439.140s][info][gc,phases      ] GC(1585) Compaction Phase 142.742ms
[439.143s][info][gc,phases,start] GC(1585) Post Compact
[439.145s][info][gc,phases      ] GC(1585) Post Compact 2.330ms
[439.146s][info][gc,heap        ] GC(1585) PSYoungGen: 152032K(225792K)->0K(227328K) Eden: 138240K(138240K)->0K(138240K) From: 13792K(87552K)->0K(89088K)
[439.146s][info][gc,heap        ] GC(1585) ParOldGen: 643149K(667648K)->553300K(667648K)
[439.146s][info][gc,metaspace   ] GC(1585) Metaspace: 18940K(19136K)->18940K(19136K) NonClass: 16280K(16384K)->16280K(16384K) Class: 2660K(2752K)->2660K(2752K)
[439.146s][info][gc             ] GC(1585) Pause Full (Allocation Failure) 776M->540M(874M) 887.592ms
[439.146s][info][gc,cpu         ] GC(1585) User=1.71s Sys=0.01s Real=0.89s
[439.291s][info][gc,start       ] GC(1586) Pause Young (Allocation Failure)
[439.309s][info][gc,heap        ] GC(1586) PSYoungGen: 138240K(227328K)->13696K(236544K) Eden: 138240K(138240K)->0K(154112K) From: 0K(89088K)->13696K(82432K)
[439.309s][info][gc,heap        ] GC(1586) ParOldGen: 553300K(667648K)->553300K(667648K)
[439.309s][info][gc,metaspace   ] GC(1586) Metaspace: 18940K(19136K)->18940K(19136K) NonClass: 16280K(16384K)->16280K(16384K) Class: 2660K(2752K)->2660K(2752K)
[439.309s][info][gc             ] GC(1586) Pause Young (Allocation Failure) 675M->553M(883M) 18.019ms
[439.309s][info][gc,cpu         ] GC(1586) User=0.04s Sys=0.00s Real=0.02s
[439.469s][info][gc,start       ] GC(1587) Pause Young (Allocation Failure)
[439.493s][info][gc,heap        ] GC(1587) PSYoungGen: 167808K(236544K)->2976K(240640K) Eden: 154112K(154112K)->0K(154112K) From: 13696K(82432K)->2976K(86528K)
[439.493s][info][gc,heap        ] GC(1587) ParOldGen: 553300K(667648K)->566948K(667648K)
[439.493s][info][gc,metaspace   ] GC(1587) Metaspace: 18940K(19136K)->18940K(19136K) NonClass: 16280K(16384K)->16280K(16384K) Class: 2660K(2752K)->2660K(2752K)
[439.493s][info][gc             ] GC(1587) Pause Young (Allocation Failure) 704M->556M(887M) 24.196ms
[439.493s][info][gc,cpu         ] GC(1587) User=0.05s Sys=0.00s Real=0.02s
[439.661s][info][gc,start       ] GC(1588) Pause Young (Allocation Failure)
[439.675s][info][gc,heap        ] GC(1588) PSYoungGen: 157088K(240640K)->1408K(243200K) Eden: 154112K(154112K)->0K(161792K) From: 2976K(86528K)->1408K(81408K)
[439.675s][info][gc,heap        ] GC(1588) ParOldGen: 566948K(667648K)->569844K(667648K)
[439.675s][info][gc,metaspace   ] GC(1588) Metaspace: 18940K(19136K)->18940K(19136K) NonClass: 16280K(16384K)->16280K(16384K) Class: 2660K(2752K)->2660K(2752K)
[439.675s][info][gc             ] GC(1588) Pause Young (Allocation Failure) 707M->557M(889M) 13.674ms
[439.675s][info][gc,cpu         ] GC(1588) User=0.03s Sys=0.00s Real=0.02s
[439.849s][info][gc,start       ] GC(1589) Pause Young (Allocation Failure)
[439.860s][info][gc,heap        ] GC(1589) PSYoungGen: 163200K(243200K)->3296K(245760K) Eden: 161792K(161792K)->0K(161792K) From: 1408K(81408K)->3296K(83968K)
[439.860s][info][gc,heap        ] GC(1589) ParOldGen: 569844K(667648K)->571234K(667648K)
[439.860s][info][gc,metaspace   ] GC(1589) Metaspace: 18940K(19136K)->18940K(19136K) NonClass: 16280K(16384K)->16280K(16384K) Class: 2660K(2752K)->2660K(2752K)
[439.860s][info][gc             ] GC(1589) Pause Young (Allocation Failure) 715M->561M(892M) 10.409ms
[439.860s][info][gc,cpu         ] GC(1589) User=0.02s Sys=0.00s Real=0.01s
[440.095s][info][gc,start       ] GC(1590) Pause Young (Allocation Failure)
[440.102s][info][gc,heap        ] GC(1590) PSYoungGen: 165088K(245760K)->3424K(244224K) Eden: 161792K(161792K)->0K(167936K) From: 3296K(83968K)->3424K(76288K)
[440.102s][info][gc,heap        ] GC(1590) ParOldGen: 571234K(667648K)->571234K(667648K)
[440.102s][info][gc,metaspace   ] GC(1590) Metaspace: 18940K(19136K)->18940K(19136K) NonClass: 16280K(16384K)->16280K(16384K) Class: 2660K(2752K)->2660K(2752K)
[440.102s][info][gc             ] GC(1590) Pause Young (Allocation Failure) 719M->561M(890M) 7.112ms
[440.102s][info][gc,cpu         ] GC(1590) User=0.02s Sys=0.00s Real=0.00s
[440.370s][info][gc,start       ] GC(1591) Pause Young (Allocation Failure)
[440.412s][info][gc,heap        ] GC(1591) PSYoungGen: 171360K(244224K)->43032K(247296K) Eden: 167936K(167936K)->0K(167936K) From: 3424K(76288K)->43032K(79360K)
[440.412s][info][gc,heap        ] GC(1591) ParOldGen: 571234K(667648K)->571234K(667648K)
[440.412s][info][gc,metaspace   ] GC(1591) Metaspace: 18941K(19136K)->18941K(19136K) NonClass: 16281K(16384K)->16281K(16384K) Class: 2660K(2752K)->2660K(2752K)
[440.412s][info][gc             ] GC(1591) Pause Young (Allocation Failure) 725M->599M(893M) 42.529ms
[440.412s][info][gc,cpu         ] GC(1591) User=0.08s Sys=0.00s Real=0.04s
[440.576s][info][gc,start       ] GC(1592) Pause Young (Allocation Failure)
[440.664s][info][gc,heap        ] GC(1592) PSYoungGen: 210968K(247296K)->81912K(207872K) Eden: 167936K(167936K)->0K(125952K) From: 43032K(79360K)->81912K(81920K)
[440.664s][info][gc,heap        ] GC(1592) ParOldGen: 571234K(667648K)->587946K(667648K)
[440.664s][info][gc,metaspace   ] GC(1592) Metaspace: 18943K(19136K)->18943K(19136K) NonClass: 16283K(16384K)->16283K(16384K) Class: 2660K(2752K)->2660K(2752K)
[440.664s][info][gc             ] GC(1592) Pause Young (Allocation Failure) 763M->654M(855M) 88.454ms
[440.664s][info][gc,cpu         ] GC(1592) User=0.17s Sys=0.01s Real=0.09s
[440.748s][info][gc,start       ] GC(1593) Pause Young (Allocation Failure)
[440.821s][info][gc,heap        ] GC(1593) PSYoungGen: 207864K(207872K)->85808K(211968K) Eden: 125952K(125952K)->0K(125952K) From: 81912K(81920K)->85808K(86016K)
[440.821s][info][gc,heap        ] GC(1593) ParOldGen: 587946K(667648K)->591370K(667648K)
[440.821s][info][gc,metaspace   ] GC(1593) Metaspace: 18943K(19136K)->18943K(19136K) NonClass: 16283K(16384K)->16283K(16384K) Class: 2660K(2752K)->2660K(2752K)
[440.821s][info][gc             ] GC(1593) Pause Young (Allocation Failure) 777M->661M(859M) 73.339ms
[440.821s][info][gc,cpu         ] GC(1593) User=0.15s Sys=0.00s Real=0.07s
[440.984s][info][gc,start       ] GC(1594) Pause Young (Allocation Failure)
[441.059s][info][gc,promotion   ] GC(1594) Promotion failed
[441.059s][info][gc,heap        ] GC(1594) PSYoungGen: 211760K(211968K)->211760K(211968K) Eden: 125952K(125952K)->125952K(125952K) From: 85808K(86016K)->85808K(86016K)
[441.059s][info][gc,heap        ] GC(1594) ParOldGen: 591370K(667648K)->667645K(667648K)
[441.059s][info][gc,metaspace   ] GC(1594) Metaspace: 18943K(19136K)->18943K(19136K) NonClass: 16283K(16384K)->16283K(16384K) Class: 2660K(2752K)->2660K(2752K)
[441.059s][info][gc             ] GC(1594) Pause Young (Allocation Failure) 784M->858M(859M) 75.128ms
[441.059s][info][gc,cpu         ] GC(1594) User=0.14s Sys=0.00s Real=0.07s
[441.059s][info][gc,start       ] GC(1595) Pause Full (Allocation Failure)
[441.059s][info][gc,phases,start] GC(1595) Marking Phase
[441.532s][info][gc,phases      ] GC(1595) Marking Phase 473.236ms
[441.533s][info][gc,phases,start] GC(1595) Summary Phase
[441.533s][info][gc,phases      ] GC(1595) Summary Phase 0.026ms
[441.533s][info][gc,phases,start] GC(1595) Forward
[441.563s][info][gc,phases      ] GC(1595) Forward 29.998ms
[441.563s][info][gc,phases,start] GC(1595) Adjust Pointers
[441.900s][info][gc,phases      ] GC(1595) Adjust Pointers 337.440ms
[441.900s][info][gc,phases,start] GC(1595) Compaction Phase
[442.059s][info][gc,phases      ] GC(1595) Compaction Phase 158.602ms
[442.059s][info][gc,phases,start] GC(1595) Post Compact
[442.061s][info][gc,phases      ] GC(1595) Post Compact 2.526ms
[442.061s][info][gc,heap        ] GC(1595) PSYoungGen: 211760K(211968K)->9095K(211968K) Eden: 125952K(125952K)->0K(125952K) From: 85808K(86016K)->9095K(86016K)
[442.061s][info][gc,heap        ] GC(1595) ParOldGen: 667645K(667648K)->667622K(667648K)
[442.061s][info][gc,metaspace   ] GC(1595) Metaspace: 18943K(19136K)->18943K(19136K) NonClass: 16283K(16384K)->16283K(16384K) Class: 2660K(2752K)->2660K(2752K)
[442.061s][info][gc             ] GC(1595) Pause Full (Allocation Failure) 858M->660M(859M) 1002.234ms
[442.061s][info][gc,cpu         ] GC(1595) User=1.96s Sys=0.00s Real=1.00s
[442.228s][info][gc,start       ] GC(1596) Pause Full (Allocation Failure)
[442.228s][info][gc,phases,start] GC(1596) Marking Phase
[442.703s][info][gc,phases      ] GC(1596) Marking Phase 474.991ms
[442.703s][info][gc,phases,start] GC(1596) Summary Phase
[442.703s][info][gc,phases      ] GC(1596) Summary Phase 0.026ms
[442.703s][info][gc,phases,start] GC(1596) Forward
[442.856s][info][gc,phases      ] GC(1596) Forward 153.011ms
[442.856s][info][gc,phases,start] GC(1596) Adjust Pointers
[443.231s][info][gc,phases      ] GC(1596) Adjust Pointers 375.119ms
[443.231s][info][gc,phases,start] GC(1596) Compaction Phase
[443.465s][info][gc,phases      ] GC(1596) Compaction Phase 233.592ms
[443.480s][info][gc,phases,start] GC(1596) Post Compact
[443.483s][info][gc,phases      ] GC(1596) Post Compact 2.347ms
[443.483s][info][gc,heap        ] GC(1596) PSYoungGen: 135047K(211968K)->0K(222720K) Eden: 125952K(125952K)->0K(111616K) From: 9095K(86016K)->0K(111104K)
[443.483s][info][gc,heap        ] GC(1596) ParOldGen: 667622K(667648K)->643656K(667648K)
[443.483s][info][gc,metaspace   ] GC(1596) Metaspace: 18943K(19136K)->18943K(19136K) NonClass: 16283K(16384K)->16283K(16384K) Class: 2660K(2752K)->2660K(2752K)
[443.483s][info][gc             ] GC(1596) Pause Full (Allocation Failure) 783M->628M(869M) 1255.065ms
[443.483s][info][gc,cpu         ] GC(1596) User=2.43s Sys=0.00s Real=1.25s
[443.674s][info][gc,start       ] GC(1597) Pause Full (Allocation Failure)
[443.674s][info][gc,phases,start] GC(1597) Marking Phase
[444.152s][info][gc,phases      ] GC(1597) Marking Phase 477.481ms
[444.152s][info][gc,phases,start] GC(1597) Summary Phase
[444.152s][info][gc,phases      ] GC(1597) Summary Phase 0.024ms
[444.152s][info][gc,phases,start] GC(1597) Forward
[444.152s][info][gc,phases      ] GC(1597) Forward 0.747ms
[444.152s][info][gc,phases,start] GC(1597) Adjust Pointers
[444.474s][info][gc,phases      ] GC(1597) Adjust Pointers 321.690ms
[444.474s][info][gc,phases,start] GC(1597) Compaction Phase
[444.612s][info][gc,phases      ] GC(1597) Compaction Phase 137.471ms
[444.612s][info][gc,phases,start] GC(1597) Post Compact
[444.614s][info][gc,phases      ] GC(1597) Post Compact 2.148ms
[444.614s][info][gc,heap        ] GC(1597) PSYoungGen: 111616K(222720K)->0K(222720K) Eden: 111616K(111616K)->0K(111616K) From: 0K(111104K)->0K(111104K)
[444.614s][info][gc,heap        ] GC(1597) ParOldGen: 643656K(667648K)->643983K(667648K)
[444.614s][info][gc,metaspace   ] GC(1597) Metaspace: 18943K(19136K)->18943K(19136K) NonClass: 16283K(16384K)->16283K(16384K) Class: 2660K(2752K)->2660K(2752K)
[444.614s][info][gc             ] GC(1597) Pause Full (Allocation Failure) 737M->628M(869M) 939.956ms
[444.614s][info][gc,cpu         ] GC(1597) User=1.85s Sys=0.00s Real=0.94s
[444.766s][info][gc,start       ] GC(1598) Pause Full (Allocation Failure)
[444.766s][info][gc,phases,start] GC(1598) Marking Phase
[445.248s][info][gc,phases      ] GC(1598) Marking Phase 481.715ms
[445.248s][info][gc,phases,start] GC(1598) Summary Phase
[445.248s][info][gc,phases      ] GC(1598) Summary Phase 0.024ms
[445.248s][info][gc,phases,start] GC(1598) Forward
[445.249s][info][gc,phases      ] GC(1598) Forward 1.321ms
[445.249s][info][gc,phases,start] GC(1598) Adjust Pointers
[445.575s][info][gc,phases      ] GC(1598) Adjust Pointers 325.579ms
[445.575s][info][gc,phases,start] GC(1598) Compaction Phase
[445.726s][info][gc,phases      ] GC(1598) Compaction Phase 150.931ms
[445.726s][info][gc,phases,start] GC(1598) Post Compact
[445.728s][info][gc,phases      ] GC(1598) Post Compact 2.333ms
[445.728s][info][gc,heap        ] GC(1598) PSYoungGen: 111616K(222720K)->0K(222720K) Eden: 111616K(111616K)->0K(111616K) From: 0K(111104K)->0K(111104K)
[445.728s][info][gc,heap        ] GC(1598) ParOldGen: 643983K(667648K)->645232K(667648K)
[445.728s][info][gc,metaspace   ] GC(1598) Metaspace: 18944K(19136K)->18944K(19136K) NonClass: 16284K(16384K)->16284K(16384K) Class: 2660K(2752K)->2660K(2752K)
[445.728s][info][gc             ] GC(1598) Pause Full (Allocation Failure) 737M->630M(869M) 962.314ms
[445.728s][info][gc,cpu         ] GC(1598) User=1.88s Sys=0.00s Real=0.96s
[445.822s][info][gc,start       ] GC(1599) Pause Full (Allocation Failure)
[445.822s][info][gc,phases,start] GC(1599) Marking Phase
[446.305s][info][gc,phases      ] GC(1599) Marking Phase 482.113ms
[446.305s][info][gc,phases,start] GC(1599) Summary Phase
[446.305s][info][gc,phases      ] GC(1599) Summary Phase 0.024ms
[446.305s][info][gc,phases,start] GC(1599) Forward
[446.306s][info][gc,phases      ] GC(1599) Forward 0.862ms
[446.306s][info][gc,phases,start] GC(1599) Adjust Pointers
[446.632s][info][gc,phases      ] GC(1599) Adjust Pointers 326.282ms
[446.632s][info][gc,phases,start] GC(1599) Compaction Phase
[446.770s][info][gc,phases      ] GC(1599) Compaction Phase 138.023ms
[446.770s][info][gc,phases,start] GC(1599) Post Compact
[446.772s][info][gc,phases      ] GC(1599) Post Compact 2.134ms
[446.772s][info][gc,heap        ] GC(1599) PSYoungGen: 111616K(222720K)->0K(222720K) Eden: 111616K(111616K)->0K(111616K) From: 0K(111104K)->0K(111104K)
[446.772s][info][gc,heap        ] GC(1599) ParOldGen: 645232K(667648K)->645910K(667648K)
[446.772s][info][gc,metaspace   ] GC(1599) Metaspace: 18945K(19136K)->18945K(19136K) NonClass: 16285K(16384K)->16285K(16384K) Class: 2660K(2752K)->2660K(2752K)
[446.772s][info][gc             ] GC(1599) Pause Full (Allocation Failure) 739M->630M(869M) 949.839ms
[446.772s][info][gc,cpu         ] GC(1599) User=1.86s Sys=0.00s Real=0.95s
[446.940s][info][gc,start       ] GC(1600) Pause Full (Allocation Failure)
[446.940s][info][gc,phases,start] GC(1600) Marking Phase
[447.422s][info][gc,phases      ] GC(1600) Marking Phase 481.822ms
[447.422s][info][gc,phases,start] GC(1600) Summary Phase
[447.422s][info][gc,phases      ] GC(1600) Summary Phase 0.027ms
[447.422s][info][gc,phases,start] GC(1600) Forward
[447.423s][info][gc,phases      ] GC(1600) Forward 1.358ms
[447.423s][info][gc,phases,start] GC(1600) Adjust Pointers
[447.751s][info][gc,phases      ] GC(1600) Adjust Pointers 327.871ms
[447.751s][info][gc,phases,start] GC(1600) Compaction Phase
[447.889s][info][gc,phases      ] GC(1600) Compaction Phase 137.879ms
[447.889s][info][gc,phases,start] GC(1600) Post Compact
[447.891s][info][gc,phases      ] GC(1600) Post Compact 2.132ms
[447.892s][info][gc,heap        ] GC(1600) PSYoungGen: 111616K(222720K)->0K(222720K) Eden: 111616K(111616K)->0K(111616K) From: 0K(111104K)->0K(111104K)
[447.892s][info][gc,heap        ] GC(1600) ParOldGen: 645910K(667648K)->647065K(667648K)
[447.892s][info][gc,metaspace   ] GC(1600) Metaspace: 18945K(19136K)->18945K(19136K) NonClass: 16285K(16384K)->16285K(16384K) Class: 2660K(2752K)->2660K(2752K)
[447.892s][info][gc             ] GC(1600) Pause Full (Allocation Failure) 739M->631M(869M) 951.478ms
[447.892s][info][gc,cpu         ] GC(1600) User=1.86s Sys=0.00s Real=0.95s
[448.132s][info][gc,start       ] GC(1601) Pause Full (Allocation Failure)
[448.132s][info][gc,phases,start] GC(1601) Marking Phase
[448.636s][info][gc,phases      ] GC(1601) Marking Phase 503.823ms
[448.636s][info][gc,phases,start] GC(1601) Summary Phase
[448.636s][info][gc,phases      ] GC(1601) Summary Phase 0.025ms
[448.636s][info][gc,phases,start] GC(1601) Forward
[448.790s][info][gc,phases      ] GC(1601) Forward 154.196ms
[448.790s][info][gc,phases,start] GC(1601) Adjust Pointers
[449.189s][info][gc,phases      ] GC(1601) Adjust Pointers 399.145ms
[449.189s][info][gc,phases,start] GC(1601) Compaction Phase
[449.391s][info][gc,phases      ] GC(1601) Compaction Phase 201.558ms
[449.408s][info][gc,phases,start] GC(1601) Post Compact
[449.410s][info][gc,phases      ] GC(1601) Post Compact 2.225ms
[449.410s][info][gc,heap        ] GC(1601) PSYoungGen: 111616K(222720K)->1638K(222720K) Eden: 111616K(111616K)->1638K(111616K) From: 0K(111104K)->0K(111104K)
[449.410s][info][gc,heap        ] GC(1601) ParOldGen: 647065K(667648K)->667489K(667648K)
[449.410s][info][gc,metaspace   ] GC(1601) Metaspace: 18945K(19136K)->18945K(19136K) NonClass: 16285K(16384K)->16285K(16384K) Class: 2660K(2752K)->2660K(2752K)
[449.410s][info][gc             ] GC(1601) Pause Full (Allocation Failure) 740M->653M(869M) 1278.351ms
[449.410s][info][gc,cpu         ] GC(1601) User=2.49s Sys=0.00s Real=1.28s
[449.545s][info][gc,start       ] GC(1602) Pause Full (Allocation Failure)
[449.545s][info][gc,phases,start] GC(1602) Marking Phase
[450.070s][info][gc,phases      ] GC(1602) Marking Phase 524.937ms
[450.070s][info][gc,phases,start] GC(1602) Summary Phase
[450.070s][info][gc,phases      ] GC(1602) Summary Phase 0.025ms
[450.070s][info][gc,phases,start] GC(1602) Forward
[450.195s][info][gc,phases      ] GC(1602) Forward 124.649ms
[450.195s][info][gc,phases,start] GC(1602) Adjust Pointers
[450.588s][info][gc,phases      ] GC(1602) Adjust Pointers 393.278ms
[450.589s][info][gc,phases,start] GC(1602) Compaction Phase
[450.762s][info][gc,phases      ] GC(1602) Compaction Phase 173.323ms
[450.777s][info][gc,phases,start] GC(1602) Post Compact
[450.779s][info][gc,phases      ] GC(1602) Post Compact 2.284ms
[450.779s][info][gc,heap        ] GC(1602) PSYoungGen: 111616K(222720K)->18072K(222720K) Eden: 111616K(111616K)->18072K(111616K) From: 0K(111104K)->0K(111104K)
[450.779s][info][gc,heap        ] GC(1602) ParOldGen: 667489K(667648K)->667489K(667648K)
[450.779s][info][gc,metaspace   ] GC(1602) Metaspace: 18945K(19136K)->18945K(19136K) NonClass: 16285K(16384K)->16285K(16384K) Class: 2660K(2752K)->2660K(2752K)
[450.779s][info][gc             ] GC(1602) Pause Full (Allocation Failure) 760M->669M(869M) 1233.923ms
[450.779s][info][gc,cpu         ] GC(1602) User=2.39s Sys=0.01s Real=1.23s
[450.892s][info][gc,start       ] GC(1603) Pause Full (Allocation Failure)
[450.892s][info][gc,phases,start] GC(1603) Marking Phase
[451.419s][info][gc,phases      ] GC(1603) Marking Phase 527.232ms
[451.419s][info][gc,phases,start] GC(1603) Summary Phase
[451.419s][info][gc,phases      ] GC(1603) Summary Phase 0.022ms
[451.419s][info][gc,phases,start] GC(1603) Forward
[451.434s][info][gc,phases      ] GC(1603) Forward 14.642ms
[451.434s][info][gc,phases,start] GC(1603) Adjust Pointers
[451.790s][info][gc,phases      ] GC(1603) Adjust Pointers 355.557ms
[451.790s][info][gc,phases,start] GC(1603) Compaction Phase
[451.943s][info][gc,phases      ] GC(1603) Compaction Phase 152.812ms
[451.943s][info][gc,phases,start] GC(1603) Post Compact
[451.945s][info][gc,phases      ] GC(1603) Post Compact 2.227ms
[451.945s][info][gc,heap        ] GC(1603) PSYoungGen: 111616K(222720K)->29041K(222720K) Eden: 111616K(111616K)->29041K(111616K) From: 0K(111104K)->0K(111104K)
[451.945s][info][gc,heap        ] GC(1603) ParOldGen: 667489K(667648K)->667489K(667648K)
[451.945s][info][gc,metaspace   ] GC(1603) Metaspace: 18945K(19136K)->18945K(19136K) NonClass: 16285K(16384K)->16285K(16384K) Class: 2660K(2752K)->2660K(2752K)
[451.945s][info][gc             ] GC(1603) Pause Full (Allocation Failure) 760M->680M(869M) 1052.921ms
[451.945s][info][gc,cpu         ] GC(1603) User=2.06s Sys=0.00s Real=1.06s
[452.026s][info][gc,start       ] GC(1604) Pause Full (Allocation Failure)
[452.026s][info][gc,phases,start] GC(1604) Marking Phase
[452.558s][info][gc,phases      ] GC(1604) Marking Phase 531.152ms
[452.558s][info][gc,phases,start] GC(1604) Summary Phase
[452.558s][info][gc,phases      ] GC(1604) Summary Phase 0.025ms
[452.558s][info][gc,phases,start] GC(1604) Forward
[452.573s][info][gc,phases      ] GC(1604) Forward 15.509ms
[452.573s][info][gc,phases,start] GC(1604) Adjust Pointers
[452.930s][info][gc,phases      ] GC(1604) Adjust Pointers 357.024ms
[452.930s][info][gc,phases,start] GC(1604) Compaction Phase
[453.079s][info][gc,phases      ] GC(1604) Compaction Phase 148.279ms
[453.079s][info][gc,phases,start] GC(1604) Post Compact
[453.081s][info][gc,phases      ] GC(1604) Post Compact 2.222ms
[453.081s][info][gc,heap        ] GC(1604) PSYoungGen: 111616K(222720K)->31449K(222720K) Eden: 111616K(111616K)->31449K(111616K) From: 0K(111104K)->0K(111104K)
[453.081s][info][gc,heap        ] GC(1604) ParOldGen: 667489K(667648K)->667489K(667648K)
[453.081s][info][gc,metaspace   ] GC(1604) Metaspace: 18946K(19136K)->18946K(19136K) NonClass: 16286K(16384K)->16286K(16384K) Class: 2660K(2752K)->2660K(2752K)
[453.081s][info][gc             ] GC(1604) Pause Full (Allocation Failure) 760M->682M(869M) 1054.661ms
[453.081s][info][gc,cpu         ] GC(1604) User=2.06s Sys=0.00s Real=1.05s
[453.163s][info][gc,start       ] GC(1605) Pause Full (Allocation Failure)
[453.163s][info][gc,phases,start] GC(1605) Marking Phase
[453.697s][info][gc,phases      ] GC(1605) Marking Phase 534.096ms
[453.697s][info][gc,phases,start] GC(1605) Summary Phase
[453.697s][info][gc,phases      ] GC(1605) Summary Phase 0.047ms
[453.697s][info][gc,phases,start] GC(1605) Forward
[453.713s][info][gc,phases      ] GC(1605) Forward 16.089ms
[453.713s][info][gc,phases,start] GC(1605) Adjust Pointers
[454.072s][info][gc,phases      ] GC(1605) Adjust Pointers 358.535ms
[454.072s][info][gc,phases,start] GC(1605) Compaction Phase
[454.220s][info][gc,phases      ] GC(1605) Compaction Phase 148.367ms
[454.221s][info][gc,phases,start] GC(1605) Post Compact
[454.223s][info][gc,phases      ] GC(1605) Post Compact 2.209ms
[454.223s][info][gc,heap        ] GC(1605) PSYoungGen: 111616K(222720K)->31746K(222720K) Eden: 111616K(111616K)->31746K(111616K) From: 0K(111104K)->0K(111104K)
[454.223s][info][gc,heap        ] GC(1605) ParOldGen: 667489K(667648K)->667489K(667648K)
[454.223s][info][gc,metaspace   ] GC(1605) Metaspace: 18946K(19136K)->18946K(19136K) NonClass: 16286K(16384K)->16286K(16384K) Class: 2660K(2752K)->2660K(2752K)
[454.223s][info][gc             ] GC(1605) Pause Full (Allocation Failure) 760M->682M(869M) 1059.740ms
[454.223s][info][gc,cpu         ] GC(1605) User=2.07s Sys=0.00s Real=1.06s
[454.338s][info][gc,start       ] GC(1606) Pause Full (Allocation Failure)
[454.338s][info][gc,phases,start] GC(1606) Marking Phase
[454.872s][info][gc,phases      ] GC(1606) Marking Phase 533.972ms
[454.872s][info][gc,phases,start] GC(1606) Summary Phase
[454.872s][info][gc,phases      ] GC(1606) Summary Phase 0.022ms
[454.872s][info][gc,phases,start] GC(1606) Forward
[454.889s][info][gc,phases      ] GC(1606) Forward 16.725ms
[454.889s][info][gc,phases,start] GC(1606) Adjust Pointers
[455.246s][info][gc,phases      ] GC(1606) Adjust Pointers 357.366ms
[455.246s][info][gc,phases,start] GC(1606) Compaction Phase
[455.396s][info][gc,phases      ] GC(1606) Compaction Phase 149.403ms
[455.396s][info][gc,phases,start] GC(1606) Post Compact
[455.398s][info][gc,phases      ] GC(1606) Post Compact 2.225ms
[455.398s][info][gc,heap        ] GC(1606) PSYoungGen: 111616K(222720K)->34339K(222720K) Eden: 111616K(111616K)->34339K(111616K) From: 0K(111104K)->0K(111104K)
[455.398s][info][gc,heap        ] GC(1606) ParOldGen: 667489K(667648K)->667489K(667648K)
[455.398s][info][gc,metaspace   ] GC(1606) Metaspace: 18948K(19136K)->18948K(19136K) NonClass: 16288K(16384K)->16288K(16384K) Class: 2660K(2752K)->2660K(2752K)
[455.398s][info][gc             ] GC(1606) Pause Full (Allocation Failure) 760M->685M(869M) 1060.126ms
[455.398s][info][gc,cpu         ] GC(1606) User=2.08s Sys=0.00s Real=1.06s
[455.479s][info][gc,start       ] GC(1607) Pause Full (Allocation Failure)
[455.479s][info][gc,phases,start] GC(1607) Marking Phase
[456.015s][info][gc,phases      ] GC(1607) Marking Phase 535.966ms
[456.015s][info][gc,phases,start] GC(1607) Summary Phase
[456.015s][info][gc,phases      ] GC(1607) Summary Phase 0.025ms
[456.015s][info][gc,phases,start] GC(1607) Forward
[456.168s][info][gc,phases      ] GC(1607) Forward 152.802ms
[456.168s][info][gc,phases,start] GC(1607) Adjust Pointers
[456.585s][info][gc,phases      ] GC(1607) Adjust Pointers 416.834ms
[456.585s][info][gc,phases,start] GC(1607) Compaction Phase
[456.771s][info][gc,phases      ] GC(1607) Compaction Phase 185.790ms
[456.788s][info][gc,phases,start] GC(1607) Post Compact
[456.790s][info][gc,phases      ] GC(1607) Post Compact 2.303ms
[456.790s][info][gc,heap        ] GC(1607) PSYoungGen: 111616K(222720K)->34413K(222720K) Eden: 111616K(111616K)->34413K(111616K) From: 0K(111104K)->0K(111104K)
[456.790s][info][gc,heap        ] GC(1607) ParOldGen: 667489K(667648K)->667488K(667648K)
[456.790s][info][gc,metaspace   ] GC(1607) Metaspace: 18948K(19136K)->18948K(19136K) NonClass: 16288K(16384K)->16288K(16384K) Class: 2660K(2752K)->2660K(2752K)
[456.790s][info][gc             ] GC(1607) Pause Full (Allocation Failure) 760M->685M(869M) 1311.182ms
[456.790s][info][gc,cpu         ] GC(1607) User=2.56s Sys=0.01s Real=1.31s
[456.840s][info][gc,start       ] GC(1608) Pause Full (Allocation Failure)
[456.840s][info][gc,phases,start] GC(1608) Marking Phase
[457.373s][info][gc,phases      ] GC(1608) Marking Phase 533.183ms
[457.373s][info][gc,phases,start] GC(1608) Summary Phase
[457.373s][info][gc,phases      ] GC(1608) Summary Phase 0.024ms
[457.373s][info][gc,phases,start] GC(1608) Forward
[457.391s][info][gc,phases      ] GC(1608) Forward 17.764ms
[457.391s][info][gc,phases,start] GC(1608) Adjust Pointers
[457.750s][info][gc,phases      ] GC(1608) Adjust Pointers 359.358ms
[457.750s][info][gc,phases,start] GC(1608) Compaction Phase
[457.899s][info][gc,phases      ] GC(1608) Compaction Phase 148.628ms
[457.899s][info][gc,phases,start] GC(1608) Post Compact
[457.901s][info][gc,phases      ] GC(1608) Post Compact 2.221ms
[457.901s][info][gc,heap        ] GC(1608) PSYoungGen: 111616K(222720K)->34415K(222720K) Eden: 111616K(111616K)->34415K(111616K) From: 0K(111104K)->0K(111104K)
[457.901s][info][gc,heap        ] GC(1608) ParOldGen: 667488K(667648K)->667488K(667648K)
[457.901s][info][gc,metaspace   ] GC(1608) Metaspace: 18948K(19136K)->18948K(19136K) NonClass: 16288K(16384K)->16288K(16384K) Class: 2660K(2752K)->2660K(2752K)
[457.901s][info][gc             ] GC(1608) Pause Full (Allocation Failure) 760M->685M(869M) 1061.587ms
[457.901s][info][gc,cpu         ] GC(1608) User=2.07s Sys=0.00s Real=1.06s
[457.946s][info][gc,start       ] GC(1609) Pause Full (Allocation Failure)
[457.946s][info][gc,phases,start] GC(1609) Marking Phase
[458.488s][info][gc,phases      ] GC(1609) Marking Phase 542.256ms
[458.488s][info][gc,phases,start] GC(1609) Summary Phase
[458.488s][info][gc,phases      ] GC(1609) Summary Phase 0.024ms
[458.488s][info][gc,phases,start] GC(1609) Forward
[458.508s][info][gc,phases      ] GC(1609) Forward 19.563ms
[458.508s][info][gc,phases,start] GC(1609) Adjust Pointers
[458.864s][info][gc,phases      ] GC(1609) Adjust Pointers 356.464ms
[458.864s][info][gc,phases,start] GC(1609) Compaction Phase
[459.013s][info][gc,phases      ] GC(1609) Compaction Phase 148.365ms
[459.013s][info][gc,phases,start] GC(1609) Post Compact
[459.015s][info][gc,phases      ] GC(1609) Post Compact 2.230ms
[459.015s][info][gc,heap        ] GC(1609) PSYoungGen: 111616K(222720K)->34413K(222720K) Eden: 111616K(111616K)->34413K(111616K) From: 0K(111104K)->0K(111104K)
[459.015s][info][gc,heap        ] GC(1609) ParOldGen: 667488K(667648K)->667488K(667648K)
[459.015s][info][gc,metaspace   ] GC(1609) Metaspace: 18948K(19136K)->18948K(19136K) NonClass: 16288K(16384K)->16288K(16384K) Class: 2660K(2752K)->2660K(2752K)
[459.015s][info][gc             ] GC(1609) Pause Full (Allocation Failure) 760M->685M(869M) 1069.361ms
[459.015s][info][gc,cpu         ] GC(1609) User=2.09s Sys=0.00s Real=1.07s
[459.102s][info][gc,start       ] GC(1610) Pause Full (Allocation Failure)
[459.102s][info][gc,phases,start] GC(1610) Marking Phase
[459.640s][info][gc,phases      ] GC(1610) Marking Phase 538.055ms
[459.640s][info][gc,phases,start] GC(1610) Summary Phase
[459.640s][info][gc,phases      ] GC(1610) Summary Phase 0.024ms
[459.640s][info][gc,phases,start] GC(1610) Forward
[459.658s][info][gc,phases      ] GC(1610) Forward 17.704ms
[459.658s][info][gc,phases,start] GC(1610) Adjust Pointers
[460.020s][info][gc,phases      ] GC(1610) Adjust Pointers 362.607ms
[460.020s][info][gc,phases,start] GC(1610) Compaction Phase
[460.171s][info][gc,phases      ] GC(1610) Compaction Phase 150.393ms
[460.171s][info][gc,phases,start] GC(1610) Post Compact
[460.173s][info][gc,phases      ] GC(1610) Post Compact 2.212ms
[460.173s][info][gc,heap        ] GC(1610) PSYoungGen: 111616K(222720K)->39247K(222720K) Eden: 111616K(111616K)->39247K(111616K) From: 0K(111104K)->0K(111104K)
[460.173s][info][gc,heap        ] GC(1610) ParOldGen: 667488K(667648K)->667488K(667648K)
[460.173s][info][gc,metaspace   ] GC(1610) Metaspace: 18948K(19136K)->18948K(19136K) NonClass: 16288K(16384K)->16288K(16384K) Class: 2660K(2752K)->2660K(2752K)
[460.173s][info][gc             ] GC(1610) Pause Full (Allocation Failure) 760M->690M(869M) 1071.408ms
[460.173s][info][gc,cpu         ] GC(1610) User=2.09s Sys=0.00s Real=1.08s
[460.284s][info][gc,start       ] GC(1611) Pause Full (Allocation Failure)
[460.284s][info][gc,phases,start] GC(1611) Marking Phase
[460.829s][info][gc,phases      ] GC(1611) Marking Phase 545.112ms
[460.830s][info][gc,phases,start] GC(1611) Summary Phase
[460.830s][info][gc,phases      ] GC(1611) Summary Phase 0.024ms
[460.830s][info][gc,phases,start] GC(1611) Forward
[460.851s][info][gc,phases      ] GC(1611) Forward 21.438ms
[460.851s][info][gc,phases,start] GC(1611) Adjust Pointers
[461.215s][info][gc,phases      ] GC(1611) Adjust Pointers 363.881ms
[461.215s][info][gc,phases,start] GC(1611) Compaction Phase
[461.373s][info][gc,phases      ] GC(1611) Compaction Phase 158.039ms
[461.373s][info][gc,phases,start] GC(1611) Post Compact
[461.375s][info][gc,phases      ] GC(1611) Post Compact 2.244ms
[461.375s][info][gc,heap        ] GC(1611) PSYoungGen: 111616K(222720K)->41010K(222720K) Eden: 111616K(111616K)->41010K(111616K) From: 0K(111104K)->0K(111104K)
[461.375s][info][gc,heap        ] GC(1611) ParOldGen: 667488K(667648K)->667488K(667648K)
[461.375s][info][gc,metaspace   ] GC(1611) Metaspace: 18948K(19136K)->18948K(19136K) NonClass: 16288K(16384K)->16288K(16384K) Class: 2660K(2752K)->2660K(2752K)
[461.375s][info][gc             ] GC(1611) Pause Full (Allocation Failure) 760M->691M(869M) 1091.173ms
[461.375s][info][gc,cpu         ] GC(1611) User=2.12s Sys=0.00s Real=1.09s
[461.447s][info][gc,start       ] GC(1612) Pause Full (Allocation Failure)
[461.447s][info][gc,phases,start] GC(1612) Marking Phase
[462.002s][info][gc,phases      ] GC(1612) Marking Phase 554.627ms
[462.002s][info][gc,phases,start] GC(1612) Summary Phase
[462.002s][info][gc,phases      ] GC(1612) Summary Phase 0.025ms
[462.002s][info][gc,phases,start] GC(1612) Forward
[462.024s][info][gc,phases      ] GC(1612) Forward 21.752ms
[462.024s][info][gc,phases,start] GC(1612) Adjust Pointers
[462.384s][info][gc,phases      ] GC(1612) Adjust Pointers 360.085ms
[462.384s][info][gc,phases,start] GC(1612) Compaction Phase
[462.535s][info][gc,phases      ] GC(1612) Compaction Phase 150.654ms
[462.535s][info][gc,phases,start] GC(1612) Post Compact
[462.537s][info][gc,phases      ] GC(1612) Post Compact 2.209ms
[462.537s][info][gc,heap        ] GC(1612) PSYoungGen: 111616K(222720K)->41903K(222720K) Eden: 111616K(111616K)->41903K(111616K) From: 0K(111104K)->0K(111104K)
[462.537s][info][gc,heap        ] GC(1612) ParOldGen: 667488K(667648K)->667488K(667648K)
[462.537s][info][gc,metaspace   ] GC(1612) Metaspace: 18948K(19136K)->18948K(19136K) NonClass: 16288K(16384K)->16288K(16384K) Class: 2660K(2752K)->2660K(2752K)
[462.537s][info][gc             ] GC(1612) Pause Full (Allocation Failure) 760M->692M(869M) 1089.729ms
[462.537s][info][gc,cpu         ] GC(1612) User=2.12s Sys=0.00s Real=1.09s
[462.661s][info][gc,start       ] GC(1613) Pause Full (Allocation Failure)
[462.661s][info][gc,phases,start] GC(1613) Marking Phase
[463.083s][info][gc,phases      ] GC(1613) Marking Phase 422.498ms
[463.083s][info][gc,phases,start] GC(1613) Summary Phase
[463.083s][info][gc,phases      ] GC(1613) Summary Phase 0.025ms
[463.083s][info][gc,phases,start] GC(1613) Forward
[463.226s][info][gc,phases      ] GC(1613) Forward 142.193ms
[463.226s][info][gc,phases,start] GC(1613) Adjust Pointers
[463.550s][info][gc,phases      ] GC(1613) Adjust Pointers 324.623ms
[463.550s][info][gc,phases,start] GC(1613) Compaction Phase
[463.708s][info][gc,phases      ] GC(1613) Compaction Phase 157.473ms
[463.719s][info][gc,phases,start] GC(1613) Post Compact
[463.722s][info][gc,phases      ] GC(1613) Post Compact 2.270ms
[463.722s][info][gc,heap        ] GC(1613) PSYoungGen: 111616K(222720K)->0K(222720K) Eden: 111616K(111616K)->0K(111616K) From: 0K(111104K)->0K(111104K)
[463.722s][info][gc,heap        ] GC(1613) ParOldGen: 667488K(667648K)->578288K(667648K)
[463.722s][info][gc,metaspace   ] GC(1613) Metaspace: 18948K(19136K)->18948K(19136K) NonClass: 16288K(16384K)->16288K(16384K) Class: 2660K(2752K)->2660K(2752K)
[463.722s][info][gc             ] GC(1613) Pause Full (Allocation Failure) 760M->564M(869M) 1060.923ms
[463.722s][info][gc,cpu         ] GC(1613) User=2.02s Sys=0.00s Real=1.06s
[464.114s][info][gc,start       ] GC(1614) Pause Young (Allocation Failure)
[464.116s][info][gc,heap        ] GC(1614) PSYoungGen: 111616K(222720K)->224K(222720K) Eden: 111616K(111616K)->0K(111616K) From: 0K(111104K)->224K(111104K)
[464.116s][info][gc,heap        ] GC(1614) ParOldGen: 578288K(667648K)->578288K(667648K)
[464.116s][info][gc,metaspace   ] GC(1614) Metaspace: 18949K(19136K)->18949K(19136K) NonClass: 16289K(16384K)->16289K(16384K) Class: 2660K(2752K)->2660K(2752K)
[464.116s][info][gc             ] GC(1614) Pause Young (Allocation Failure) 673M->564M(869M) 2.179ms
[464.116s][info][gc,cpu         ] GC(1614) User=0.00s Sys=0.00s Real=0.00s
[464.281s][info][gc,start       ] GC(1615) Pause Young (Allocation Failure)
[464.298s][info][gc,heap        ] GC(1615) PSYoungGen: 111840K(222720K)->15968K(128000K) Eden: 111616K(111616K)->0K(111616K) From: 224K(111104K)->15968K(16384K)
[464.298s][info][gc,heap        ] GC(1615) ParOldGen: 578288K(667648K)->578440K(667648K)
[464.298s][info][gc,metaspace   ] GC(1615) Metaspace: 18949K(19136K)->18949K(19136K) NonClass: 16289K(16384K)->16289K(16384K) Class: 2660K(2752K)->2660K(2752K)
[464.298s][info][gc             ] GC(1615) Pause Young (Allocation Failure) 673M->580M(777M) 17.714ms
[464.298s][info][gc,cpu         ] GC(1615) User=0.04s Sys=0.00s Real=0.02s
[464.502s][info][gc,start       ] GC(1616) Pause Young (Allocation Failure)
[464.526s][info][gc,heap        ] GC(1616) PSYoungGen: 127584K(128000K)->21368K(216064K) Eden: 111616K(111616K)->0K(115200K) From: 15968K(16384K)->21368K(100864K)
[464.526s][info][gc,heap        ] GC(1616) ParOldGen: 578440K(667648K)->578440K(667648K)
[464.526s][info][gc,metaspace   ] GC(1616) Metaspace: 18949K(19136K)->18949K(19136K) NonClass: 16289K(16384K)->16289K(16384K) Class: 2660K(2752K)->2660K(2752K)
[464.526s][info][gc             ] GC(1616) Pause Young (Allocation Failure) 689M->585M(863M) 23.973ms
[464.526s][info][gc,cpu         ] GC(1616) User=0.05s Sys=0.00s Real=0.03s
[464.749s][info][gc,start       ] GC(1617) Pause Young (Allocation Failure)
[464.776s][info][gc,heap        ] GC(1617) PSYoungGen: 136568K(216064K)->21368K(136704K) Eden: 115200K(115200K)->0K(115200K) From: 21368K(100864K)->21368K(21504K)
[464.776s][info][gc,heap        ] GC(1617) ParOldGen: 578440K(667648K)->578440K(667648K)
[464.776s][info][gc,metaspace   ] GC(1617) Metaspace: 18949K(19136K)->18949K(19136K) NonClass: 16289K(16384K)->16289K(16384K) Class: 2660K(2752K)->2660K(2752K)
[464.776s][info][gc             ] GC(1617) Pause Young (Allocation Failure) 698M->585M(785M) 27.120ms
[464.776s][info][gc,cpu         ] GC(1617) User=0.05s Sys=0.00s Real=0.03s
[465.580s][info][gc,start       ] GC(1618) Pause Young (Allocation Failure)
[465.604s][info][gc,heap        ] GC(1618) PSYoungGen: 136568K(136704K)->21789K(204800K) Eden: 115200K(115200K)->0K(118272K) From: 21368K(21504K)->21789K(86528K)
[465.604s][info][gc,heap        ] GC(1618) ParOldGen: 578440K(667648K)->578440K(667648K)
[465.604s][info][gc,metaspace   ] GC(1618) Metaspace: 18949K(19136K)->18949K(19136K) NonClass: 16289K(16384K)->16289K(16384K) Class: 2660K(2752K)->2660K(2752K)
[465.604s][info][gc             ] GC(1618) Pause Young (Allocation Failure) 698M->586M(852M) 23.684ms
[465.604s][info][gc,cpu         ] GC(1618) User=0.04s Sys=0.00s Real=0.03s
[466.316s][info][gc,start       ] GC(1619) Pause Young (Allocation Failure)
[466.343s][info][gc,heap        ] GC(1619) PSYoungGen: 140061K(204800K)->22148K(140800K) Eden: 118272K(118272K)->0K(118272K) From: 21789K(86528K)->22148K(22528K)
[466.343s][info][gc,heap        ] GC(1619) ParOldGen: 578440K(667648K)->578440K(667648K)
[466.343s][info][gc,metaspace   ] GC(1619) Metaspace: 18952K(19136K)->18952K(19136K) NonClass: 16292K(16384K)->16292K(16384K) Class: 2660K(2752K)->2660K(2752K)
[466.343s][info][gc             ] GC(1619) Pause Young (Allocation Failure) 701M->586M(789M) 27.409ms
[466.343s][info][gc,cpu         ] GC(1619) User=0.05s Sys=0.00s Real=0.02s
[466.833s][info][gc,start       ] GC(1620) Pause Young (Allocation Failure)
[466.858s][info][gc,heap        ] GC(1620) PSYoungGen: 140420K(140800K)->23252K(196096K) Eden: 118272K(118272K)->0K(120320K) From: 22148K(22528K)->23252K(75776K)
[466.858s][info][gc,heap        ] GC(1620) ParOldGen: 578440K(667648K)->578440K(667648K)
[466.858s][info][gc,metaspace   ] GC(1620) Metaspace: 18953K(19136K)->18953K(19136K) NonClass: 16293K(16384K)->16293K(16384K) Class: 2660K(2752K)->2660K(2752K)
[466.858s][info][gc             ] GC(1620) Pause Young (Allocation Failure) 702M->587M(843M) 25.551ms
[466.858s][info][gc,cpu         ] GC(1620) User=0.04s Sys=0.00s Real=0.03s
[467.251s][info][gc,start       ] GC(1621) Pause Young (Allocation Failure)
[467.277s][info][gc,heap        ] GC(1621) PSYoungGen: 143545K(196096K)->23688K(144384K) Eden: 120292K(120320K)->0K(120320K) From: 23252K(75776K)->23688K(24064K)
[467.277s][info][gc,heap        ] GC(1621) ParOldGen: 578440K(667648K)->578440K(667648K)
[467.277s][info][gc,metaspace   ] GC(1621) Metaspace: 18956K(19136K)->18956K(19136K) NonClass: 16295K(16384K)->16295K(16384K) Class: 2660K(2752K)->2660K(2752K)
[467.277s][info][gc             ] GC(1621) Pause Young (Allocation Failure) 705M->588M(793M) 25.616ms
[467.277s][info][gc,cpu         ] GC(1621) User=0.05s Sys=0.00s Real=0.03s
[467.547s][info][gc,start       ] GC(1622) Pause Young (Allocation Failure)
[467.573s][info][gc,heap        ] GC(1622) PSYoungGen: 144008K(144384K)->23764K(189952K) Eden: 120320K(120320K)->0K(122368K) From: 23688K(24064K)->23764K(67584K)
[467.573s][info][gc,heap        ] GC(1622) ParOldGen: 578440K(667648K)->578440K(667648K)
[467.573s][info][gc,metaspace   ] GC(1622) Metaspace: 18957K(19136K)->18957K(19136K) NonClass: 16296K(16384K)->16296K(16384K) Class: 2660K(2752K)->2660K(2752K)
[467.573s][info][gc             ] GC(1622) Pause Young (Allocation Failure) 705M->588M(837M) 25.917ms
[467.573s][info][gc,cpu         ] GC(1622) User=0.05s Sys=0.00s Real=0.02s
[467.854s][info][gc,start       ] GC(1623) Pause Young (Allocation Failure)
[467.879s][info][gc,heap        ] GC(1623) PSYoungGen: 146132K(189952K)->23900K(146432K) Eden: 122368K(122368K)->0K(122368K) From: 23764K(67584K)->23900K(24064K)
[467.879s][info][gc,heap        ] GC(1623) ParOldGen: 578440K(667648K)->578440K(667648K)
[467.879s][info][gc,metaspace   ] GC(1623) Metaspace: 18957K(19136K)->18957K(19136K) NonClass: 16296K(16384K)->16296K(16384K) Class: 2660K(2752K)->2660K(2752K)
[467.879s][info][gc             ] GC(1623) Pause Young (Allocation Failure) 707M->588M(795M) 25.352ms
[467.879s][info][gc,cpu         ] GC(1623) User=0.05s Sys=0.00s Real=0.02s
[467.988s][info][gc,start       ] GC(1624) Pause Young (Allocation Failure)
[468.056s][info][gc,heap        ] GC(1624) PSYoungGen: 146268K(146432K)->68093K(179200K) Eden: 122368K(122368K)->0K(111104K) From: 23900K(24064K)->68093K(68096K)
[468.056s][info][gc,heap        ] GC(1624) ParOldGen: 578440K(667648K)->582928K(667648K)
[468.056s][info][gc,metaspace   ] GC(1624) Metaspace: 18961K(19136K)->18961K(19136K) NonClass: 16301K(16384K)->16301K(16384K) Class: 2660K(2752K)->2660K(2752K)
[468.056s][info][gc             ] GC(1624) Pause Young (Allocation Failure) 707M->635M(827M) 67.985ms
[468.056s][info][gc,cpu         ] GC(1624) User=0.13s Sys=0.00s Real=0.07s
[468.134s][info][gc,start       ] GC(1625) Pause Young (Allocation Failure)
[468.220s][info][gc,heap        ] GC(1625) PSYoungGen: 179197K(179200K)->81396K(192512K) Eden: 111104K(111104K)->0K(111104K) From: 68093K(68096K)->81396K(81408K)
[468.220s][info][gc,heap        ] GC(1625) ParOldGen: 582928K(667648K)->608233K(667648K)
[468.220s][info][gc,metaspace   ] GC(1625) Metaspace: 18961K(19136K)->18961K(19136K) NonClass: 16301K(16384K)->16301K(16384K) Class: 2660K(2752K)->2660K(2752K)
[468.220s][info][gc             ] GC(1625) Pause Young (Allocation Failure) 744M->673M(840M) 86.162ms
[468.220s][info][gc,cpu         ] GC(1625) User=0.17s Sys=0.00s Real=0.08s
[468.334s][info][gc,start       ] GC(1626) Pause Young (Allocation Failure)
[468.460s][info][gc,heap        ] GC(1626) PSYoungGen: 192500K(192512K)->104416K(214528K) Eden: 111104K(111104K)->0K(110080K) From: 81396K(81408K)->104416K(104448K)
[468.461s][info][gc,heap        ] GC(1626) ParOldGen: 608233K(667648K)->621045K(667648K)
[468.461s][info][gc,metaspace   ] GC(1626) Metaspace: 18961K(19136K)->18961K(19136K) NonClass: 16301K(16384K)->16301K(16384K) Class: 2660K(2752K)->2660K(2752K)
[468.461s][info][gc             ] GC(1626) Pause Young (Allocation Failure) 781M->708M(861M) 126.242ms
[468.461s][info][gc,cpu         ] GC(1626) User=0.22s Sys=0.04s Real=0.12s
[468.637s][info][gc,start       ] GC(1627) Pause Young (Allocation Failure)
[468.742s][info][gc,heap        ] GC(1627) PSYoungGen: 214496K(214528K)->111088K(221184K) Eden: 110080K(110080K)->0K(110080K) From: 104416K(104448K)->111088K(111104K)
[468.743s][info][gc,heap        ] GC(1627) ParOldGen: 621045K(667648K)->651660K(667648K)
[468.743s][info][gc,metaspace   ] GC(1627) Metaspace: 18961K(19136K)->18961K(19136K) NonClass: 16301K(16384K)->16301K(16384K) Class: 2660K(2752K)->2660K(2752K)
[468.743s][info][gc             ] GC(1627) Pause Young (Allocation Failure) 815M->744M(868M) 105.395ms
[468.743s][info][gc,cpu         ] GC(1627) User=0.21s Sys=0.00s Real=0.10s
[468.876s][info][gc,start       ] GC(1628) Pause Full (Allocation Failure)
[468.876s][info][gc,phases,start] GC(1628) Marking Phase
[469.007s][info][gc,phases      ] GC(1628) Marking Phase 131.405ms
[469.007s][info][gc,phases,start] GC(1628) Summary Phase
[469.007s][info][gc,phases      ] GC(1628) Summary Phase 0.033ms
[469.007s][info][gc,phases,start] GC(1628) Forward
[469.047s][info][gc,phases      ] GC(1628) Forward 40.053ms
[469.047s][info][gc,phases,start] GC(1628) Adjust Pointers
[469.138s][info][gc,phases      ] GC(1628) Adjust Pointers 90.563ms
[469.138s][info][gc,phases,start] GC(1628) Compaction Phase
[469.205s][info][gc,phases      ] GC(1628) Compaction Phase 66.643ms
[469.208s][info][gc,phases,start] GC(1628) Post Compact
[469.210s][info][gc,phases      ] GC(1628) Post Compact 2.462ms
[469.222s][info][gc,heap        ] GC(1628) PSYoungGen: 221168K(221184K)->0K(222720K) Eden: 110080K(110080K)->0K(111616K) From: 111088K(111104K)->0K(111104K)
[469.222s][info][gc,heap        ] GC(1628) ParOldGen: 651660K(667648K)->218617K(519680K)
[469.222s][info][gc,metaspace   ] GC(1628) Metaspace: 18961K(19136K)->18961K(19136K) NonClass: 16301K(16384K)->16301K(16384K) Class: 2660K(2752K)->2660K(2752K)
[469.222s][info][gc             ] GC(1628) Pause Full (Allocation Failure) 852M->213M(725M) 346.309ms
[469.222s][info][gc,cpu         ] GC(1628) User=0.63s Sys=0.01s Real=0.34s
[469.399s][info][gc,start       ] GC(1629) Pause Young (Allocation Failure)
[469.433s][info][gc,heap        ] GC(1629) PSYoungGen: 111616K(222720K)->21074K(222720K) Eden: 111616K(111616K)->0K(111616K) From: 0K(111104K)->21074K(111104K)
[469.433s][info][gc,heap        ] GC(1629) ParOldGen: 218617K(519680K)->218617K(519680K)
[469.433s][info][gc,metaspace   ] GC(1629) Metaspace: 18963K(19136K)->18963K(19136K) NonClass: 16302K(16384K)->16302K(16384K) Class: 2660K(2752K)->2660K(2752K)
[469.433s][info][gc             ] GC(1629) Pause Young (Allocation Failure) 322M->234M(725M) 33.513ms
[469.433s][info][gc,cpu         ] GC(1629) User=0.07s Sys=0.00s Real=0.03s
[469.537s][info][gc,start       ] GC(1630) Pause Young (Allocation Failure)
[469.581s][info][gc,heap        ] GC(1630) PSYoungGen: 132690K(222720K)->33714K(222720K) Eden: 111616K(111616K)->0K(111616K) From: 21074K(111104K)->33714K(111104K)
[469.581s][info][gc,heap        ] GC(1630) ParOldGen: 218617K(519680K)->218617K(519680K)
[469.581s][info][gc,metaspace   ] GC(1630) Metaspace: 18963K(19136K)->18963K(19136K) NonClass: 16302K(16384K)->16302K(16384K) Class: 2660K(2752K)->2660K(2752K)
[469.581s][info][gc             ] GC(1630) Pause Young (Allocation Failure) 343M->246M(725M) 43.462ms
[469.581s][info][gc,cpu         ] GC(1630) User=0.09s Sys=0.00s Real=0.04s
[469.702s][info][gc,start       ] GC(1631) Pause Young (Allocation Failure)
[469.749s][info][gc,heap        ] GC(1631) PSYoungGen: 145330K(222720K)->37746K(222720K) Eden: 111616K(111616K)->0K(111616K) From: 33714K(111104K)->37746K(111104K)
[469.749s][info][gc,heap        ] GC(1631) ParOldGen: 218617K(519680K)->218617K(519680K)
[469.749s][info][gc,metaspace   ] GC(1631) Metaspace: 18963K(19136K)->18963K(19136K) NonClass: 16302K(16384K)->16302K(16384K) Class: 2660K(2752K)->2660K(2752K)
[469.749s][info][gc             ] GC(1631) Pause Young (Allocation Failure) 355M->250M(725M) 47.011ms
[469.749s][info][gc,cpu         ] GC(1631) User=0.09s Sys=0.00s Real=0.05s
[469.836s][info][gc,start       ] GC(1632) Pause Young (Allocation Failure)
[469.891s][info][gc,heap        ] GC(1632) PSYoungGen: 149362K(222720K)->23648K(222720K) Eden: 111616K(111616K)->0K(111616K) From: 37746K(111104K)->23648K(111104K)
[469.891s][info][gc,heap        ] GC(1632) ParOldGen: 218617K(519680K)->239672K(519680K)
[469.891s][info][gc,metaspace   ] GC(1632) Metaspace: 18963K(19136K)->18963K(19136K) NonClass: 16302K(16384K)->16302K(16384K) Class: 2660K(2752K)->2660K(2752K)
[469.891s][info][gc             ] GC(1632) Pause Young (Allocation Failure) 359M->257M(725M) 54.955ms
[469.891s][info][gc,cpu         ] GC(1632) User=0.11s Sys=0.00s Real=0.05s
[470.007s][info][gc,start       ] GC(1633) Pause Young (Allocation Failure)
[470.032s][info][gc,heap        ] GC(1633) PSYoungGen: 135264K(222720K)->7072K(222720K) Eden: 111616K(111616K)->0K(111616K) From: 23648K(111104K)->7072K(111104K)
[470.032s][info][gc,heap        ] GC(1633) ParOldGen: 239672K(519680K)->256413K(519680K)
[470.032s][info][gc,metaspace   ] GC(1633) Metaspace: 18963K(19136K)->18963K(19136K) NonClass: 16302K(16384K)->16302K(16384K) Class: 2660K(2752K)->2660K(2752K)
[470.032s][info][gc             ] GC(1633) Pause Young (Allocation Failure) 366M->257M(725M) 24.826ms
[470.032s][info][gc,cpu         ] GC(1633) User=0.05s Sys=0.00s Real=0.02s
[470.116s][info][gc,start       ] GC(1634) Pause Young (Allocation Failure)
[470.147s][info][gc,heap        ] GC(1634) PSYoungGen: 118688K(222720K)->22336K(222720K) Eden: 111616K(111616K)->0K(111616K) From: 7072K(111104K)->22336K(111104K)
[470.147s][info][gc,heap        ] GC(1634) ParOldGen: 256413K(519680K)->263477K(519680K)
[470.147s][info][gc,metaspace   ] GC(1634) Metaspace: 18963K(19136K)->18963K(19136K) NonClass: 16302K(16384K)->16302K(16384K) Class: 2660K(2752K)->2660K(2752K)
[470.147s][info][gc             ] GC(1634) Pause Young (Allocation Failure) 366M->279M(725M) 30.959ms
[470.147s][info][gc,cpu         ] GC(1634) User=0.06s Sys=0.00s Real=0.03s
[470.208s][info][gc,start       ] GC(1635) Pause Young (Allocation Failure)
[470.256s][info][gc,heap        ] GC(1635) PSYoungGen: 133952K(222720K)->31424K(222720K) Eden: 111616K(111616K)->0K(111616K) From: 22336K(111104K)->31424K(111104K)
[470.256s][info][gc,heap        ] GC(1635) ParOldGen: 263477K(519680K)->285836K(519680K)
[470.256s][info][gc,metaspace   ] GC(1635) Metaspace: 18967K(19136K)->18967K(19136K) NonClass: 16307K(16384K)->16307K(16384K) Class: 2660K(2752K)->2660K(2752K)
[470.256s][info][gc             ] GC(1635) Pause Young (Allocation Failure) 388M->309M(725M) 47.380ms
[470.256s][info][gc,cpu         ] GC(1635) User=0.09s Sys=0.00s Real=0.05s
[470.366s][info][gc,start       ] GC(1636) Pause Young (Allocation Failure)
[470.403s][info][gc,heap        ] GC(1636) PSYoungGen: 143040K(222720K)->13059K(222720K) Eden: 111616K(111616K)->0K(111616K) From: 31424K(111104K)->13059K(111104K)
[470.403s][info][gc,heap        ] GC(1636) ParOldGen: 285836K(519680K)->317468K(519680K)
[470.403s][info][gc,metaspace   ] GC(1636) Metaspace: 18967K(19136K)->18967K(19136K) NonClass: 16307K(16384K)->16307K(16384K) Class: 2660K(2752K)->2660K(2752K)
[470.403s][info][gc             ] GC(1636) Pause Young (Allocation Failure) 418M->322M(725M) 37.462ms
[470.403s][info][gc,cpu         ] GC(1636) User=0.08s Sys=0.00s Real=0.03s
[470.497s][info][gc,start       ] GC(1637) Pause Young (Allocation Failure)
[470.523s][info][gc,heap        ] GC(1637) PSYoungGen: 124675K(222720K)->7008K(222720K) Eden: 111616K(111616K)->0K(111616K) From: 13059K(111104K)->7008K(111104K)
[470.523s][info][gc,heap        ] GC(1637) ParOldGen: 317468K(519680K)->330555K(519680K)
[470.523s][info][gc,metaspace   ] GC(1637) Metaspace: 18967K(19136K)->18967K(19136K) NonClass: 16307K(16384K)->16307K(16384K) Class: 2660K(2752K)->2660K(2752K)
[470.523s][info][gc             ] GC(1637) Pause Young (Allocation Failure) 431M->329M(725M) 26.148ms
[470.523s][info][gc,cpu         ] GC(1637) User=0.05s Sys=0.00s Real=0.03s
[470.596s][info][gc,start       ] GC(1638) Pause Young (Allocation Failure)
[470.607s][info][gc,heap        ] GC(1638) PSYoungGen: 118624K(222720K)->3168K(220672K) Eden: 111616K(111616K)->0K(111616K) From: 7008K(111104K)->3168K(109056K)
[470.607s][info][gc,heap        ] GC(1638) ParOldGen: 330555K(519680K)->337555K(519680K)
[470.607s][info][gc,metaspace   ] GC(1638) Metaspace: 18967K(19136K)->18967K(19136K) NonClass: 16307K(16384K)->16307K(16384K) Class: 2660K(2752K)->2660K(2752K)
[470.607s][info][gc             ] GC(1638) Pause Young (Allocation Failure) 438M->332M(723M) 11.202ms
[470.607s][info][gc,cpu         ] GC(1638) User=0.02s Sys=0.00s Real=0.01s
[470.670s][info][gc,start       ] GC(1639) Pause Young (Allocation Failure)
[470.678s][info][gc,heap        ] GC(1639) PSYoungGen: 114784K(220672K)->6272K(118272K) Eden: 111616K(111616K)->0K(111616K) From: 3168K(109056K)->6272K(6656K)
[470.678s][info][gc,heap        ] GC(1639) ParOldGen: 337555K(519680K)->337555K(519680K)
[470.678s][info][gc,metaspace   ] GC(1639) Metaspace: 18967K(19136K)->18967K(19136K) NonClass: 16307K(16384K)->16307K(16384K) Class: 2660K(2752K)->2660K(2752K)
[470.678s][info][gc             ] GC(1639) Pause Young (Allocation Failure) 441M->335M(623M) 7.901ms
[470.678s][info][gc,cpu         ] GC(1639) User=0.02s Sys=0.00s Real=0.01s
[470.875s][info][gc,start       ] GC(1640) Pause Young (Allocation Failure)
[470.886s][info][gc,heap        ] GC(1640) PSYoungGen: 117888K(118272K)->7776K(215552K) Eden: 111616K(111616K)->0K(116224K) From: 6272K(6656K)->7776K(99328K)
[470.886s][info][gc,heap        ] GC(1640) ParOldGen: 337555K(519680K)->337555K(519680K)
[470.886s][info][gc,metaspace   ] GC(1640) Metaspace: 18967K(19136K)->18967K(19136K) NonClass: 16307K(16384K)->16307K(16384K) Class: 2660K(2752K)->2660K(2752K)
[470.886s][info][gc             ] GC(1640) Pause Young (Allocation Failure) 444M->337M(718M) 10.191ms
[470.886s][info][gc,cpu         ] GC(1640) User=0.02s Sys=0.00s Real=0.01s
[471.182s][info][gc,start       ] GC(1641) Pause Young (Allocation Failure)
[471.193s][info][gc,heap        ] GC(1641) PSYoungGen: 124000K(215552K)->8128K(218112K) Eden: 116224K(116224K)->0K(116224K) From: 7776K(99328K)->8128K(101888K)
[471.193s][info][gc,heap        ] GC(1641) ParOldGen: 337555K(519680K)->337555K(519680K)
[471.193s][info][gc,metaspace   ] GC(1641) Metaspace: 18967K(19136K)->18967K(19136K) NonClass: 16307K(16384K)->16307K(16384K) Class: 2660K(2752K)->2660K(2752K)
[471.193s][info][gc             ] GC(1641) Pause Young (Allocation Failure) 450M->337M(720M) 10.972ms
[471.193s][info][gc,cpu         ] GC(1641) User=0.02s Sys=0.00s Real=0.01s
[471.322s][info][gc,start       ] GC(1642) Pause Young (Allocation Failure)
[471.372s][info][gc,heap        ] GC(1642) PSYoungGen: 124352K(218112K)->53872K(215040K) Eden: 116224K(116224K)->0K(117248K) From: 8128K(101888K)->53872K(97792K)
[471.372s][info][gc,heap        ] GC(1642) ParOldGen: 337555K(519680K)->337555K(519680K)
[471.372s][info][gc,metaspace   ] GC(1642) Metaspace: 18970K(19136K)->18970K(19136K) NonClass: 16310K(16384K)->16310K(16384K) Class: 2660K(2752K)->2660K(2752K)
[471.372s][info][gc             ] GC(1642) Pause Young (Allocation Failure) 451M->382M(717M) 49.599ms
[471.372s][info][gc,cpu         ] GC(1642) User=0.10s Sys=0.00s Real=0.05s
[471.544s][info][gc,start       ] GC(1643) Pause Young (Allocation Failure)
[471.624s][info][gc,heap        ] GC(1643) PSYoungGen: 171120K(215040K)->85168K(218112K) Eden: 117248K(117248K)->0K(117248K) From: 53872K(97792K)->85168K(100864K)
[471.624s][info][gc,heap        ] GC(1643) ParOldGen: 337555K(519680K)->337555K(519680K)
[471.624s][info][gc,metaspace   ] GC(1643) Metaspace: 18970K(19136K)->18970K(19136K) NonClass: 16310K(16384K)->16310K(16384K) Class: 2660K(2752K)->2660K(2752K)
[471.624s][info][gc             ] GC(1643) Pause Young (Allocation Failure) 496M->412M(720M) 79.938ms
[471.624s][info][gc,cpu         ] GC(1643) User=0.16s Sys=0.00s Real=0.08s
[471.735s][info][gc,start       ] GC(1644) Pause Young (Allocation Failure)
[471.815s][info][gc,heap        ] GC(1644) PSYoungGen: 202416K(218112K)->82736K(222720K) Eden: 117248K(117248K)->0K(111616K) From: 85168K(100864K)->82736K(111104K)
[471.815s][info][gc,heap        ] GC(1644) ParOldGen: 337555K(519680K)->343827K(519680K)
[471.815s][info][gc,metaspace   ] GC(1644) Metaspace: 18970K(19136K)->18970K(19136K) NonClass: 16310K(16384K)->16310K(16384K) Class: 2660K(2752K)->2660K(2752K)
[471.815s][info][gc             ] GC(1644) Pause Young (Allocation Failure) 527M->416M(725M) 79.930ms
[471.815s][info][gc,cpu         ] GC(1644) User=0.16s Sys=0.01s Real=0.08s
[471.905s][info][gc,start       ] GC(1645) Pause Young (Allocation Failure)
[471.978s][info][gc,heap        ] GC(1645) PSYoungGen: 194352K(222720K)->81840K(222720K) Eden: 111616K(111616K)->0K(111616K) From: 82736K(111104K)->81840K(111104K)
[471.979s][info][gc,heap        ] GC(1645) ParOldGen: 343827K(519680K)->345658K(519680K)
[471.979s][info][gc,metaspace   ] GC(1645) Metaspace: 18970K(19136K)->18970K(19136K) NonClass: 16310K(16384K)->16310K(16384K) Class: 2660K(2752K)->2660K(2752K)
[471.979s][info][gc             ] GC(1645) Pause Young (Allocation Failure) 525M->417M(725M) 73.095ms
[471.979s][info][gc,cpu         ] GC(1645) User=0.14s Sys=0.00s Real=0.07s
[472.182s][info][gc,start       ] GC(1646) Pause Young (Allocation Failure)
[472.257s][info][gc,heap        ] GC(1646) PSYoungGen: 193456K(222720K)->5888K(222720K) Eden: 111616K(111616K)->0K(111616K) From: 81840K(111104K)->5888K(111104K)
[472.257s][info][gc,heap        ] GC(1646) ParOldGen: 345658K(519680K)->423081K(519680K)
[472.257s][info][gc,metaspace   ] GC(1646) Metaspace: 18970K(19136K)->18970K(19136K) NonClass: 16310K(16384K)->16310K(16384K) Class: 2660K(2752K)->2660K(2752K)
[472.257s][info][gc             ] GC(1646) Pause Young (Allocation Failure) 526M->418M(725M) 74.768ms
[472.257s][info][gc,cpu         ] GC(1646) User=0.15s Sys=0.00s Real=0.08s
[472.453s][info][gc,start       ] GC(1647) Pause Young (Allocation Failure)
[472.463s][info][gc,heap        ] GC(1647) PSYoungGen: 117504K(222720K)->1472K(222720K) Eden: 111616K(111616K)->0K(111616K) From: 5888K(111104K)->1472K(111104K)
[472.463s][info][gc,heap        ] GC(1647) ParOldGen: 423081K(519680K)->427649K(519680K)
[472.463s][info][gc,metaspace   ] GC(1647) Metaspace: 18970K(19136K)->18970K(19136K) NonClass: 16310K(16384K)->16310K(16384K) Class: 2660K(2752K)->2660K(2752K)
[472.463s][info][gc             ] GC(1647) Pause Young (Allocation Failure) 527M->419M(725M) 9.554ms
[472.463s][info][gc,cpu         ] GC(1647) User=0.01s Sys=0.00s Real=0.00s
[472.659s][info][gc,start       ] GC(1648) Pause Young (Allocation Failure)
[472.694s][info][gc,heap        ] GC(1648) PSYoungGen: 113088K(222720K)->33728K(222720K) Eden: 111616K(111616K)->0K(111616K) From: 1472K(111104K)->33728K(111104K)
[472.694s][info][gc,heap        ] GC(1648) ParOldGen: 427649K(519680K)->429073K(519680K)
[472.694s][info][gc,metaspace   ] GC(1648) Metaspace: 18972K(19136K)->18972K(19136K) NonClass: 16312K(16384K)->16312K(16384K) Class: 2660K(2752K)->2660K(2752K)
[472.694s][info][gc             ] GC(1648) Pause Young (Allocation Failure) 528M->451M(725M) 35.080ms
[472.694s][info][gc,cpu         ] GC(1648) User=0.07s Sys=0.00s Real=0.04s
[472.857s][info][gc,start       ] GC(1649) Pause Young (Allocation Failure)
[472.922s][info][gc,heap        ] GC(1649) PSYoungGen: 145344K(222720K)->36952K(148992K) Eden: 111616K(111616K)->0K(111616K) From: 33728K(111104K)->36952K(37376K)
[472.922s][info][gc,heap        ] GC(1649) ParOldGen: 429073K(519680K)->462878K(519680K)
[472.922s][info][gc,metaspace   ] GC(1649) Metaspace: 18972K(19136K)->18972K(19136K) NonClass: 16312K(16384K)->16312K(16384K) Class: 2660K(2752K)->2660K(2752K)
[472.922s][info][gc             ] GC(1649) Pause Young (Allocation Failure) 560M->488M(653M) 65.148ms
[472.922s][info][gc,cpu         ] GC(1649) User=0.13s Sys=0.00s Real=0.06s
[473.010s][info][gc,start       ] GC(1650) Pause Young (Allocation Failure)
[473.068s][info][gc,heap        ] GC(1650) PSYoungGen: 148568K(148992K)->69272K(221696K) Eden: 111616K(111616K)->0K(111104K) From: 36952K(37376K)->69272K(110592K)
[473.068s][info][gc,heap        ] GC(1650) ParOldGen: 462878K(519680K)->462878K(519680K)
[473.068s][info][gc,metaspace   ] GC(1650) Metaspace: 18972K(19136K)->18972K(19136K) NonClass: 16312K(16384K)->16312K(16384K) Class: 2660K(2752K)->2660K(2752K)
[473.069s][info][gc             ] GC(1650) Pause Young (Allocation Failure) 597M->519M(724M) 58.364ms
[473.069s][info][gc,cpu         ] GC(1650) User=0.11s Sys=0.00s Real=0.06s
[473.121s][info][gc,start       ] GC(1651) Pause Young (Allocation Failure)
[473.234s][info][gc,heap        ] GC(1651) PSYoungGen: 180376K(221696K)->48608K(222208K) Eden: 111104K(111104K)->0K(111104K) From: 69272K(110592K)->48608K(111104K)
[473.234s][info][gc,heap        ] GC(1651) ParOldGen: 462878K(519680K)->532417K(532480K)
[473.234s][info][gc,metaspace   ] GC(1651) Metaspace: 18972K(19136K)->18972K(19136K) NonClass: 16312K(16384K)->16312K(16384K) Class: 2660K(2752K)->2660K(2752K)
[473.234s][info][gc             ] GC(1651) Pause Young (Allocation Failure) 628M->567M(737M) 113.300ms
[473.234s][info][gc,cpu         ] GC(1651) User=0.22s Sys=0.01s Real=0.12s
[473.330s][info][gc,start       ] GC(1652) Pause Young (Allocation Failure)
[473.413s][info][gc,heap        ] GC(1652) PSYoungGen: 159712K(222208K)->15040K(217600K) Eden: 111104K(111104K)->0K(111616K) From: 48608K(111104K)->15040K(105984K)
[473.413s][info][gc,heap        ] GC(1652) ParOldGen: 532417K(532480K)->581193K(581632K)
[473.413s][info][gc,metaspace   ] GC(1652) Metaspace: 18972K(19136K)->18972K(19136K) NonClass: 16312K(16384K)->16312K(16384K) Class: 2660K(2752K)->2660K(2752K)
[473.413s][info][gc             ] GC(1652) Pause Young (Allocation Failure) 675M->582M(780M) 83.496ms
[473.413s][info][gc,cpu         ] GC(1652) User=0.13s Sys=0.03s Real=0.09s
[473.554s][info][gc,start       ] GC(1653) Pause Young (Allocation Failure)
[473.575s][info][gc,heap        ] GC(1653) PSYoungGen: 126656K(217600K)->21940K(220160K) Eden: 111616K(111616K)->0K(111616K) From: 15040K(105984K)->21940K(108544K)
[473.575s][info][gc,heap        ] GC(1653) ParOldGen: 581193K(581632K)->581193K(581632K)
[473.575s][info][gc,metaspace   ] GC(1653) Metaspace: 18976K(19136K)->18976K(19136K) NonClass: 16316K(16384K)->16316K(16384K) Class: 2660K(2752K)->2660K(2752K)
[473.575s][info][gc             ] GC(1653) Pause Young (Allocation Failure) 691M->588M(783M) 21.560ms
[473.575s][info][gc,cpu         ] GC(1653) User=0.04s Sys=0.00s Real=0.02s
[473.692s][info][gc,start       ] GC(1654) Pause Young (Allocation Failure)
[473.722s][info][gc,heap        ] GC(1654) PSYoungGen: 133556K(220160K)->31588K(210432K) Eden: 111616K(111616K)->0K(118784K) From: 21940K(108544K)->31588K(91648K)
[473.723s][info][gc,heap        ] GC(1654) ParOldGen: 581193K(581632K)->581193K(581632K)
[473.723s][info][gc,metaspace   ] GC(1654) Metaspace: 18979K(19136K)->18979K(19136K) NonClass: 16319K(16384K)->16319K(16384K) Class: 2660K(2752K)->2660K(2752K)
[473.723s][info][gc             ] GC(1654) Pause Young (Allocation Failure) 697M->598M(773M) 30.390ms
[473.723s][info][gc,cpu         ] GC(1654) User=0.06s Sys=0.00s Real=0.03s
[473.836s][info][gc,start       ] GC(1655) Pause Young (Allocation Failure)
[473.883s][info][gc,heap        ] GC(1655) PSYoungGen: 150372K(210432K)->55092K(217088K) Eden: 118784K(118784K)->0K(118784K) From: 31588K(91648K)->55092K(98304K)
[473.883s][info][gc,heap        ] GC(1655) ParOldGen: 581193K(581632K)->581193K(581632K)
[473.883s][info][gc,metaspace   ] GC(1655) Metaspace: 18980K(19136K)->18980K(19136K) NonClass: 16320K(16384K)->16320K(16384K) Class: 2660K(2752K)->2660K(2752K)
[473.883s][info][gc             ] GC(1655) Pause Young (Allocation Failure) 714M->621M(780M) 46.890ms
[473.883s][info][gc,cpu         ] GC(1655) User=0.09s Sys=0.00s Real=0.04s
[473.955s][info][gc,start       ] GC(1656) Pause Young (Allocation Failure)
[474.033s][info][gc,heap        ] GC(1656) PSYoungGen: 173876K(217088K)->99172K(210944K) Eden: 118784K(118784K)->0K(111616K) From: 55092K(98304K)->99172K(99328K)
[474.033s][info][gc,heap        ] GC(1656) ParOldGen: 581193K(581632K)->581193K(581632K)
[474.033s][info][gc,metaspace   ] GC(1656) Metaspace: 18981K(19200K)->18981K(19200K) NonClass: 16321K(16448K)->16321K(16448K) Class: 2660K(2752K)->2660K(2752K)
[474.033s][info][gc             ] GC(1656) Pause Young (Allocation Failure) 737M->664M(774M) 78.468ms
[474.033s][info][gc,cpu         ] GC(1656) User=0.14s Sys=0.01s Real=0.07s
[474.161s][info][gc,start       ] GC(1657) Pause Young (Allocation Failure)
[474.297s][info][gc,heap        ] GC(1657) PSYoungGen: 210788K(210944K)->111072K(222720K) Eden: 111616K(111616K)->0K(111616K) From: 99172K(99328K)->111072K(111104K)
[474.297s][info][gc,heap        ] GC(1657) ParOldGen: 581193K(581632K)->622057K(622080K)
[474.297s][info][gc,metaspace   ] GC(1657) Metaspace: 18981K(19200K)->18981K(19200K) NonClass: 16321K(16448K)->16321K(16448K) Class: 2660K(2752K)->2660K(2752K)
[474.297s][info][gc             ] GC(1657) Pause Young (Allocation Failure) 773M->715M(825M) 135.509ms
[474.297s][info][gc,cpu         ] GC(1657) User=0.24s Sys=0.03s Real=0.14s
[474.350s][info][gc,start       ] GC(1658) Pause Full (Allocation Failure)
[474.350s][info][gc,phases,start] GC(1658) Marking Phase
[474.509s][info][gc,phases      ] GC(1658) Marking Phase 159.572ms
[474.509s][info][gc,phases,start] GC(1658) Summary Phase
[474.509s][info][gc,phases      ] GC(1658) Summary Phase 0.026ms
[474.509s][info][gc,phases,start] GC(1658) Forward
[474.562s][info][gc,phases      ] GC(1658) Forward 52.311ms
[474.562s][info][gc,phases,start] GC(1658) Adjust Pointers
[474.668s][info][gc,phases      ] GC(1658) Adjust Pointers 105.850ms
[474.668s][info][gc,phases,start] GC(1658) Compaction Phase
[474.739s][info][gc,phases      ] GC(1658) Compaction Phase 71.040ms
[474.741s][info][gc,phases,start] GC(1658) Post Compact
[474.744s][info][gc,phases      ] GC(1658) Post Compact 2.405ms
[474.747s][info][gc,heap        ] GC(1658) PSYoungGen: 222688K(222720K)->0K(222720K) Eden: 111616K(111616K)->0K(111616K) From: 111072K(111104K)->0K(111104K)
[474.747s][info][gc,heap        ] GC(1658) ParOldGen: 622057K(622080K)->241990K(576000K)
[474.747s][info][gc,metaspace   ] GC(1658) Metaspace: 18981K(19200K)->18981K(19200K) NonClass: 16321K(16448K)->16321K(16448K) Class: 2660K(2752K)->2660K(2752K)
[474.747s][info][gc             ] GC(1658) Pause Full (Allocation Failure) 824M->236M(780M) 397.411ms
[474.747s][info][gc,cpu         ] GC(1658) User=0.74s Sys=0.00s Real=0.40s
[474.798s][info][gc,start       ] GC(1659) Pause Young (Allocation Failure)
[474.826s][info][gc,heap        ] GC(1659) PSYoungGen: 111616K(222720K)->32480K(222720K) Eden: 111616K(111616K)->0K(111616K) From: 0K(111104K)->32480K(111104K)
[474.826s][info][gc,heap        ] GC(1659) ParOldGen: 241990K(576000K)->241990K(576000K)
[474.826s][info][gc,metaspace   ] GC(1659) Metaspace: 18981K(19200K)->18981K(19200K) NonClass: 16321K(16448K)->16321K(16448K) Class: 2660K(2752K)->2660K(2752K)
[474.826s][info][gc             ] GC(1659) Pause Young (Allocation Failure) 345M->268M(780M) 27.760ms
[474.826s][info][gc,cpu         ] GC(1659) User=0.06s Sys=0.00s Real=0.03s
[474.972s][info][gc,start       ] GC(1660) Pause Young (Allocation Failure)
[475.032s][info][gc,heap        ] GC(1660) PSYoungGen: 144096K(222720K)->61601K(222720K) Eden: 111616K(111616K)->0K(111616K) From: 32480K(111104K)->61601K(111104K)
[475.032s][info][gc,heap        ] GC(1660) ParOldGen: 241990K(576000K)->241990K(576000K)
[475.032s][info][gc,metaspace   ] GC(1660) Metaspace: 18981K(19200K)->18981K(19200K) NonClass: 16321K(16448K)->16321K(16448K) Class: 2660K(2752K)->2660K(2752K)
[475.032s][info][gc             ] GC(1660) Pause Young (Allocation Failure) 377M->296M(780M) 59.753ms
[475.032s][info][gc,cpu         ] GC(1660) User=0.12s Sys=0.00s Real=0.06s
[475.101s][info][gc,start       ] GC(1661) Pause Young (Allocation Failure)
[475.171s][info][gc,heap        ] GC(1661) PSYoungGen: 173217K(222720K)->13120K(222720K) Eden: 111616K(111616K)->0K(111616K) From: 61601K(111104K)->13120K(111104K)
[475.171s][info][gc,heap        ] GC(1661) ParOldGen: 241990K(576000K)->304043K(576000K)
[475.171s][info][gc,metaspace   ] GC(1661) Metaspace: 18981K(19200K)->18981K(19200K) NonClass: 16321K(16448K)->16321K(16448K) Class: 2660K(2752K)->2660K(2752K)
[475.171s][info][gc             ] GC(1661) Pause Young (Allocation Failure) 405M->309M(780M) 70.523ms
[475.171s][info][gc,cpu         ] GC(1661) User=0.14s Sys=0.00s Real=0.07s
[475.284s][info][gc,start       ] GC(1662) Pause Young (Allocation Failure)
[475.337s][info][gc,heap        ] GC(1662) PSYoungGen: 124736K(222720K)->26177K(222720K) Eden: 111616K(111616K)->0K(111616K) From: 13120K(111104K)->26177K(111104K)
[475.337s][info][gc,heap        ] GC(1662) ParOldGen: 304043K(576000K)->317163K(576000K)
[475.337s][info][gc,metaspace   ] GC(1662) Metaspace: 18981K(19200K)->18981K(19200K) NonClass: 16321K(16448K)->16321K(16448K) Class: 2660K(2752K)->2660K(2752K)
[475.337s][info][gc             ] GC(1662) Pause Young (Allocation Failure) 418M->335M(780M) 52.324ms
[475.337s][info][gc,cpu         ] GC(1662) User=0.10s Sys=0.00s Real=0.05s
[475.433s][info][gc,start       ] GC(1663) Pause Young (Allocation Failure)
[475.484s][info][gc,heap        ] GC(1663) PSYoungGen: 137793K(222720K)->14080K(222720K) Eden: 111616K(111616K)->0K(111616K) From: 26177K(111104K)->14080K(111104K)
[475.484s][info][gc,heap        ] GC(1663) ParOldGen: 317163K(576000K)->342824K(576000K)
[475.484s][info][gc,metaspace   ] GC(1663) Metaspace: 18981K(19200K)->18981K(19200K) NonClass: 16321K(16448K)->16321K(16448K) Class: 2660K(2752K)->2660K(2752K)
[475.485s][info][gc             ] GC(1663) Pause Young (Allocation Failure) 444M->348M(780M) 51.173ms
[475.485s][info][gc,cpu         ] GC(1663) User=0.10s Sys=0.00s Real=0.05s
[475.557s][info][gc,start       ] GC(1664) Pause Young (Allocation Failure)
[475.591s][info][gc,heap        ] GC(1664) PSYoungGen: 125696K(222720K)->13696K(222720K) Eden: 111616K(111616K)->0K(111616K) From: 14080K(111104K)->13696K(111104K)
[475.591s][info][gc,heap        ] GC(1664) ParOldGen: 342824K(576000K)->356880K(576000K)
[475.591s][info][gc,metaspace   ] GC(1664) Metaspace: 18981K(19200K)->18981K(19200K) NonClass: 16321K(16448K)->16321K(16448K) Class: 2660K(2752K)->2660K(2752K)
[475.591s][info][gc             ] GC(1664) Pause Young (Allocation Failure) 457M->361M(780M) 34.110ms
[475.591s][info][gc,cpu         ] GC(1664) User=0.06s Sys=0.00s Real=0.03s
[475.675s][info][gc,start       ] GC(1665) Pause Young (Allocation Failure)
[475.707s][info][gc,heap        ] GC(1665) PSYoungGen: 125312K(222720K)->14336K(222720K) Eden: 111616K(111616K)->0K(111616K) From: 13696K(111104K)->14336K(111104K)
[475.707s][info][gc,heap        ] GC(1665) ParOldGen: 356880K(576000K)->370576K(576000K)
[475.707s][info][gc,metaspace   ] GC(1665) Metaspace: 18981K(19200K)->18981K(19200K) NonClass: 16321K(16448K)->16321K(16448K) Class: 2660K(2752K)->2660K(2752K)
[475.707s][info][gc             ] GC(1665) Pause Young (Allocation Failure) 470M->375M(780M) 32.465ms
[475.707s][info][gc,cpu         ] GC(1665) User=0.06s Sys=0.00s Real=0.03s
[475.792s][info][gc,start       ] GC(1666) Pause Young (Allocation Failure)
[475.818s][info][gc,heap        ] GC(1666) PSYoungGen: 125952K(222720K)->6464K(222720K) Eden: 111616K(111616K)->0K(111616K) From: 14336K(111104K)->6464K(111104K)
[475.818s][info][gc,heap        ] GC(1666) ParOldGen: 370576K(576000K)->384920K(576000K)
[475.818s][info][gc,metaspace   ] GC(1666) Metaspace: 18981K(19200K)->18981K(19200K) NonClass: 16321K(16448K)->16321K(16448K) Class: 2660K(2752K)->2660K(2752K)
[475.818s][info][gc             ] GC(1666) Pause Young (Allocation Failure) 484M->382M(780M) 26.502ms
[475.818s][info][gc,cpu         ] GC(1666) User=0.05s Sys=0.00s Real=0.03s
[475.892s][info][gc,start       ] GC(1667) Pause Young (Allocation Failure)
[475.902s][info][gc,heap        ] GC(1667) PSYoungGen: 118080K(222720K)->1056K(222720K) Eden: 111616K(111616K)->0K(111616K) From: 6464K(111104K)->1056K(111104K)
[475.902s][info][gc,heap        ] GC(1667) ParOldGen: 384920K(576000K)->391368K(576000K)
[475.903s][info][gc,metaspace   ] GC(1667) Metaspace: 18981K(19200K)->18981K(19200K) NonClass: 16321K(16448K)->16321K(16448K) Class: 2660K(2752K)->2660K(2752K)
[475.903s][info][gc             ] GC(1667) Pause Young (Allocation Failure) 491M->383M(780M) 10.901ms
[475.903s][info][gc,cpu         ] GC(1667) User=0.03s Sys=0.00s Real=0.01s
[476.000s][info][gc,start       ] GC(1668) Pause Young (Allocation Failure)
[476.013s][info][gc,heap        ] GC(1668) PSYoungGen: 112672K(222720K)->7072K(222720K) Eden: 111616K(111616K)->0K(111616K) From: 1056K(111104K)->7072K(111104K)
[476.013s][info][gc,heap        ] GC(1668) ParOldGen: 391368K(576000K)->392376K(576000K)
[476.013s][info][gc,metaspace   ] GC(1668) Metaspace: 18981K(19200K)->18981K(19200K) NonClass: 16321K(16448K)->16321K(16448K) Class: 2660K(2752K)->2660K(2752K)
[476.013s][info][gc             ] GC(1668) Pause Young (Allocation Failure) 492M->390M(780M) 12.694ms
[476.013s][info][gc,cpu         ] GC(1668) User=0.02s Sys=0.00s Real=0.01s
[476.100s][info][gc,start       ] GC(1669) Pause Young (Allocation Failure)
[476.126s][info][gc,heap        ] GC(1669) PSYoungGen: 118688K(222720K)->22432K(134144K) Eden: 111616K(111616K)->0K(111616K) From: 7072K(111104K)->22432K(22528K)
[476.126s][info][gc,heap        ] GC(1669) ParOldGen: 392376K(576000K)->392376K(576000K)
[476.126s][info][gc,metaspace   ] GC(1669) Metaspace: 18981K(19200K)->18981K(19200K) NonClass: 16321K(16448K)->16321K(16448K) Class: 2660K(2752K)->2660K(2752K)
[476.126s][info][gc             ] GC(1669) Pause Young (Allocation Failure) 499M->405M(693M) 26.441ms
[476.126s][info][gc,cpu         ] GC(1669) User=0.05s Sys=0.00s Real=0.03s
[476.258s][info][gc,start       ] GC(1670) Pause Young (Allocation Failure)
[476.292s][info][gc,heap        ] GC(1670) PSYoungGen: 134048K(134144K)->31520K(216064K) Eden: 111616K(111616K)->0K(117760K) From: 22432K(22528K)->31520K(98304K)
[476.292s][info][gc,heap        ] GC(1670) ParOldGen: 392376K(576000K)->392376K(576000K)
[476.292s][info][gc,metaspace   ] GC(1670) Metaspace: 18981K(19200K)->18981K(19200K) NonClass: 16321K(16448K)->16321K(16448K) Class: 2660K(2752K)->2660K(2752K)
[476.292s][info][gc             ] GC(1670) Pause Young (Allocation Failure) 514M->413M(773M) 33.954ms
[476.292s][info][gc,cpu         ] GC(1670) User=0.07s Sys=0.00s Real=0.03s
[476.526s][info][gc,start       ] GC(1671) Pause Young (Allocation Failure)
[476.573s][info][gc,heap        ] GC(1671) PSYoungGen: 149280K(216064K)->45856K(215552K) Eden: 117760K(117760K)->0K(117760K) From: 31520K(98304K)->45856K(97792K)
[476.573s][info][gc,heap        ] GC(1671) ParOldGen: 392376K(576000K)->392376K(576000K)
[476.573s][info][gc,metaspace   ] GC(1671) Metaspace: 18981K(19200K)->18981K(19200K) NonClass: 16321K(16448K)->16321K(16448K) Class: 2660K(2752K)->2660K(2752K)
[476.573s][info][gc             ] GC(1671) Pause Young (Allocation Failure) 528M->427M(773M) 46.980ms
[476.573s][info][gc,cpu         ] GC(1671) User=0.09s Sys=0.00s Real=0.05s
[476.937s][info][gc,start       ] GC(1672) Pause Young (Allocation Failure)
[476.983s][info][gc,heap        ] GC(1672) PSYoungGen: 163616K(215552K)->45984K(218624K) Eden: 117760K(117760K)->0K(123904K) From: 45856K(97792K)->45984K(94720K)
[476.983s][info][gc,heap        ] GC(1672) ParOldGen: 392376K(576000K)->392376K(576000K)
[476.983s][info][gc,metaspace   ] GC(1672) Metaspace: 18981K(19200K)->18981K(19200K) NonClass: 16321K(16448K)->16321K(16448K) Class: 2660K(2752K)->2660K(2752K)
[476.983s][info][gc             ] GC(1672) Pause Young (Allocation Failure) 542M->428M(776M) 45.345ms
[476.983s][info][gc,cpu         ] GC(1672) User=0.09s Sys=0.00s Real=0.04s
[477.302s][info][gc,start       ] GC(1673) Pause Young (Allocation Failure)
[477.348s][info][gc,heap        ] GC(1673) PSYoungGen: 169888K(218624K)->46048K(220160K) Eden: 123904K(123904K)->0K(123904K) From: 45984K(94720K)->46048K(96256K)
[477.348s][info][gc,heap        ] GC(1673) ParOldGen: 392376K(576000K)->392376K(576000K)
[477.348s][info][gc,metaspace   ] GC(1673) Metaspace: 18981K(19200K)->18981K(19200K) NonClass: 16321K(16448K)->16321K(16448K) Class: 2660K(2752K)->2660K(2752K)
[477.348s][info][gc             ] GC(1673) Pause Young (Allocation Failure) 549M->428M(777M) 45.551ms
[477.348s][info][gc,cpu         ] GC(1673) User=0.09s Sys=0.00s Real=0.05s
[477.636s][info][gc,start       ] GC(1674) Pause Young (Allocation Failure)
[477.681s][info][gc,heap        ] GC(1674) PSYoungGen: 169952K(220160K)->46048K(222208K) Eden: 123904K(123904K)->0K(130048K) From: 46048K(96256K)->46048K(92160K)
[477.681s][info][gc,heap        ] GC(1674) ParOldGen: 392376K(576000K)->392376K(576000K)
[477.681s][info][gc,metaspace   ] GC(1674) Metaspace: 18981K(19200K)->18981K(19200K) NonClass: 16321K(16448K)->16321K(16448K) Class: 2660K(2752K)->2660K(2752K)
[477.681s][info][gc             ] GC(1674) Pause Young (Allocation Failure) 549M->428M(779M) 45.646ms
[477.681s][info][gc,cpu         ] GC(1674) User=0.09s Sys=0.00s Real=0.04s
[477.979s][info][gc,start       ] GC(1675) Pause Young (Allocation Failure)
[478.025s][info][gc,heap        ] GC(1675) PSYoungGen: 176096K(222208K)->46048K(223744K) Eden: 130048K(130048K)->0K(130048K) From: 46048K(92160K)->46048K(93696K)
[478.025s][info][gc,heap        ] GC(1675) ParOldGen: 392376K(576000K)->392376K(576000K)
[478.025s][info][gc,metaspace   ] GC(1675) Metaspace: 18981K(19200K)->18981K(19200K) NonClass: 16321K(16448K)->16321K(16448K) Class: 2660K(2752K)->2660K(2752K)
[478.025s][info][gc             ] GC(1675) Pause Young (Allocation Failure) 555M->428M(781M) 45.776ms
[478.025s][info][gc,cpu         ] GC(1675) User=0.09s Sys=0.00s Real=0.05s
[478.294s][info][gc,start       ] GC(1676) Pause Young (Allocation Failure)
[478.352s][info][gc,heap        ] GC(1676) PSYoungGen: 176096K(223744K)->50560K(228352K) Eden: 130048K(130048K)->0K(136192K) From: 46048K(93696K)->50560K(92160K)
[478.352s][info][gc,heap        ] GC(1676) ParOldGen: 392376K(576000K)->392376K(576000K)
[478.352s][info][gc,metaspace   ] GC(1676) Metaspace: 18981K(19200K)->18981K(19200K) NonClass: 16321K(16448K)->16321K(16448K) Class: 2660K(2752K)->2660K(2752K)
[478.352s][info][gc             ] GC(1676) Pause Young (Allocation Failure) 555M->432M(785M) 57.328ms
[478.352s][info][gc,cpu         ] GC(1676) User=0.11s Sys=0.00s Real=0.05s
[478.484s][info][gc,start       ] GC(1677) Pause Young (Allocation Failure)
[478.569s][info][gc,heap        ] GC(1677) PSYoungGen: 186752K(228352K)->90230K(226816K) Eden: 136192K(136192K)->0K(136192K) From: 50560K(92160K)->90230K(90624K)
[478.569s][info][gc,heap        ] GC(1677) ParOldGen: 392376K(576000K)->392376K(576000K)
[478.569s][info][gc,metaspace   ] GC(1677) Metaspace: 18981K(19200K)->18981K(19200K) NonClass: 16321K(16448K)->16321K(16448K) Class: 2660K(2752K)->2660K(2752K)
[478.569s][info][gc             ] GC(1677) Pause Young (Allocation Failure) 565M->471M(784M) 85.533ms
[478.569s][info][gc,cpu         ] GC(1677) User=0.17s Sys=0.00s Real=0.08s
[478.736s][info][gc,start       ] GC(1678) Pause Young (Allocation Failure)
[478.843s][info][gc,heap        ] GC(1678) PSYoungGen: 226422K(226816K)->105958K(217600K) Eden: 136192K(136192K)->0K(111616K) From: 90230K(90624K)->105958K(105984K)
[478.843s][info][gc,heap        ] GC(1678) ParOldGen: 392376K(576000K)->411704K(576000K)
[478.843s][info][gc,metaspace   ] GC(1678) Metaspace: 18981K(19200K)->18981K(19200K) NonClass: 16321K(16448K)->16321K(16448K) Class: 2660K(2752K)->2660K(2752K)
[478.843s][info][gc             ] GC(1678) Pause Young (Allocation Failure) 604M->505M(775M) 107.709ms
[478.843s][info][gc,cpu         ] GC(1678) User=0.19s Sys=0.02s Real=0.11s
[478.930s][info][gc,start       ] GC(1679) Pause Young (Allocation Failure)
[479.027s][info][gc,heap        ] GC(1679) PSYoungGen: 217574K(217600K)->91686K(222720K) Eden: 111616K(111616K)->0K(111616K) From: 105958K(105984K)->91686K(111104K)
[479.027s][info][gc,heap        ] GC(1679) ParOldGen: 411704K(576000K)->434126K(576000K)
[479.027s][info][gc,metaspace   ] GC(1679) Metaspace: 18981K(19200K)->18981K(19200K) NonClass: 16321K(16448K)->16321K(16448K) Class: 2660K(2752K)->2660K(2752K)
[479.027s][info][gc             ] GC(1679) Pause Young (Allocation Failure) 614M->513M(780M) 97.449ms
[479.027s][info][gc,cpu         ] GC(1679) User=0.20s Sys=0.00s Real=0.10s
[479.129s][info][gc,start       ] GC(1680) Pause Young (Allocation Failure)
[479.215s][info][gc,heap        ] GC(1680) PSYoungGen: 203302K(222720K)->77766K(222720K) Eden: 111616K(111616K)->0K(111616K) From: 91686K(111104K)->77766K(111104K)
[479.215s][info][gc,heap        ] GC(1680) ParOldGen: 434126K(576000K)->457627K(576000K)
[479.215s][info][gc,metaspace   ] GC(1680) Metaspace: 18981K(19200K)->18981K(19200K) NonClass: 16321K(16448K)->16321K(16448K) Class: 2660K(2752K)->2660K(2752K)
[479.215s][info][gc             ] GC(1680) Pause Young (Allocation Failure) 622M->522M(780M) 85.990ms
[479.215s][info][gc,cpu         ] GC(1680) User=0.17s Sys=0.00s Real=0.09s
[479.302s][info][gc,start       ] GC(1681) Pause Young (Allocation Failure)
[479.414s][info][gc,heap        ] GC(1681) PSYoungGen: 189382K(222720K)->111093K(222720K) Eden: 111616K(111616K)->0K(111616K) From: 77766K(111104K)->111093K(111104K)
[479.414s][info][gc,heap        ] GC(1681) ParOldGen: 457627K(576000K)->470234K(576000K)
[479.414s][info][gc,metaspace   ] GC(1681) Metaspace: 18981K(19200K)->18981K(19200K) NonClass: 16321K(16448K)->16321K(16448K) Class: 2660K(2752K)->2660K(2752K)
[479.414s][info][gc             ] GC(1681) Pause Young (Allocation Failure) 631M->567M(780M) 112.475ms
[479.414s][info][gc,cpu         ] GC(1681) User=0.22s Sys=0.00s Real=0.12s
[479.494s][info][gc,start       ] GC(1682) Pause Young (Allocation Failure)
[479.598s][info][gc,heap        ] GC(1682) PSYoungGen: 222709K(222720K)->111100K(222720K) Eden: 111616K(111616K)->0K(111616K) From: 111093K(111104K)->111100K(111104K)
[479.598s][info][gc,heap        ] GC(1682) ParOldGen: 470234K(576000K)->475258K(576000K)
[479.598s][info][gc,metaspace   ] GC(1682) Metaspace: 18981K(19200K)->18981K(19200K) NonClass: 16321K(16448K)->16321K(16448K) Class: 2660K(2752K)->2660K(2752K)
[479.598s][info][gc             ] GC(1682) Pause Young (Allocation Failure) 676M->572M(780M) 104.080ms
[479.598s][info][gc,cpu         ] GC(1682) User=0.21s Sys=0.00s Real=0.10s
[479.663s][info][gc,start       ] GC(1683) Pause Young (Allocation Failure)
[479.779s][info][gc,heap        ] GC(1683) PSYoungGen: 222716K(222720K)->94099K(222720K) Eden: 111616K(111616K)->0K(111616K) From: 111100K(111104K)->94099K(111104K)
[479.779s][info][gc,heap        ] GC(1683) ParOldGen: 475258K(576000K)->502349K(576000K)
[479.779s][info][gc,metaspace   ] GC(1683) Metaspace: 18981K(19200K)->18981K(19200K) NonClass: 16321K(16448K)->16321K(16448K) Class: 2660K(2752K)->2660K(2752K)
[479.779s][info][gc             ] GC(1683) Pause Young (Allocation Failure) 681M->582M(780M) 115.957ms
[479.779s][info][gc,cpu         ] GC(1683) User=0.23s Sys=0.00s Real=0.12s
[479.869s][info][gc,start       ] GC(1684) Pause Young (Allocation Failure)
[479.974s][info][gc,heap        ] GC(1684) PSYoungGen: 205715K(222720K)->73516K(222720K) Eden: 111616K(111616K)->0K(111616K) From: 94099K(111104K)->73516K(111104K)
[479.974s][info][gc,heap        ] GC(1684) ParOldGen: 502349K(576000K)->533300K(576000K)
[479.974s][info][gc,metaspace   ] GC(1684) Metaspace: 18981K(19200K)->18981K(19200K) NonClass: 16321K(16448K)->16321K(16448K) Class: 2660K(2752K)->2660K(2752K)
[479.974s][info][gc             ] GC(1684) Pause Young (Allocation Failure) 691M->592M(780M) 105.261ms
[479.974s][info][gc,cpu         ] GC(1684) User=0.21s Sys=0.00s Real=0.11s
[480.065s][info][gc,start       ] GC(1685) Pause Young (Allocation Failure)
[480.165s][info][gc,heap        ] GC(1685) PSYoungGen: 185132K(222720K)->52736K(222720K) Eden: 111616K(111616K)->0K(111616K) From: 73516K(111104K)->52736K(111104K)
[480.165s][info][gc,heap        ] GC(1685) ParOldGen: 533300K(576000K)->571015K(576000K)
[480.165s][info][gc,metaspace   ] GC(1685) Metaspace: 18981K(19200K)->18981K(19200K) NonClass: 16321K(16448K)->16321K(16448K) Class: 2660K(2752K)->2660K(2752K)
[480.165s][info][gc             ] GC(1685) Pause Young (Allocation Failure) 701M->609M(780M) 99.608ms
[480.165s][info][gc,cpu         ] GC(1685) User=0.19s Sys=0.00s Real=0.10s
[480.230s][info][gc,start       ] GC(1686) Pause Young (Allocation Failure)
[480.298s][info][gc,heap        ] GC(1686) PSYoungGen: 164352K(222720K)->44224K(222720K) Eden: 111616K(111616K)->0K(111616K) From: 52736K(111104K)->44224K(111104K)
[480.298s][info][gc,heap        ] GC(1686) ParOldGen: 571015K(576000K)->585655K(585728K)
[480.298s][info][gc,metaspace   ] GC(1686) Metaspace: 18981K(19200K)->18981K(19200K) NonClass: 16321K(16448K)->16321K(16448K) Class: 2660K(2752K)->2660K(2752K)
[480.298s][info][gc             ] GC(1686) Pause Young (Allocation Failure) 718M->615M(789M) 68.151ms
[480.298s][info][gc,cpu         ] GC(1686) User=0.13s Sys=0.01s Real=0.07s
[480.374s][info][gc,start       ] GC(1687) Pause Young (Allocation Failure)
[480.446s][info][gc,heap        ] GC(1687) PSYoungGen: 155840K(222720K)->7072K(222720K) Eden: 111616K(111616K)->0K(111616K) From: 44224K(111104K)->7072K(111104K)
[480.446s][info][gc,heap        ] GC(1687) ParOldGen: 585655K(585728K)->623863K(624128K)
[480.446s][info][gc,metaspace   ] GC(1687) Metaspace: 18981K(19200K)->18981K(19200K) NonClass: 16321K(16448K)->16321K(16448K) Class: 2660K(2752K)->2660K(2752K)
[480.446s][info][gc             ] GC(1687) Pause Young (Allocation Failure) 724M->616M(827M) 71.269ms
[480.446s][info][gc,cpu         ] GC(1687) User=0.12s Sys=0.02s Real=0.07s
[480.528s][info][gc,start       ] GC(1688) Pause Full (Allocation Failure)
[480.528s][info][gc,phases,start] GC(1688) Marking Phase
[480.796s][info][gc,phases      ] GC(1688) Marking Phase 267.890ms
[480.796s][info][gc,phases,start] GC(1688) Summary Phase
[480.796s][info][gc,phases      ] GC(1688) Summary Phase 0.026ms
[480.796s][info][gc,phases,start] GC(1688) Forward
[480.893s][info][gc,phases      ] GC(1688) Forward 97.643ms
[480.893s][info][gc,phases,start] GC(1688) Adjust Pointers
[481.105s][info][gc,phases      ] GC(1688) Adjust Pointers 211.851ms
[481.105s][info][gc,phases,start] GC(1688) Compaction Phase
[481.228s][info][gc,phases      ] GC(1688) Compaction Phase 122.422ms
[481.236s][info][gc,phases,start] GC(1688) Post Compact
[481.238s][info][gc,phases      ] GC(1688) Post Compact 2.161ms
[481.238s][info][gc,heap        ] GC(1688) PSYoungGen: 118688K(222720K)->0K(222720K) Eden: 111616K(111616K)->0K(111616K) From: 7072K(111104K)->0K(111104K)
[481.238s][info][gc,heap        ] GC(1688) ParOldGen: 623863K(624128K)->379075K(667648K)
[481.238s][info][gc,metaspace   ] GC(1688) Metaspace: 18981K(19200K)->18981K(19200K) NonClass: 16321K(16448K)->16321K(16448K) Class: 2660K(2752K)->2660K(2752K)
[481.238s][info][gc             ] GC(1688) Pause Full (Allocation Failure) 725M->370M(869M) 710.950ms
[481.239s][info][gc,cpu         ] GC(1688) User=1.34s Sys=0.00s Real=0.71s
[481.334s][info][gc,start       ] GC(1689) Pause Young (Allocation Failure)
[481.344s][info][gc,heap        ] GC(1689) PSYoungGen: 111616K(222720K)->8352K(222720K) Eden: 111616K(111616K)->0K(111616K) From: 0K(111104K)->8352K(111104K)
[481.344s][info][gc,heap        ] GC(1689) ParOldGen: 379075K(667648K)->379075K(667648K)
[481.344s][info][gc,metaspace   ] GC(1689) Metaspace: 18981K(19200K)->18981K(19200K) NonClass: 16321K(16448K)->16321K(16448K) Class: 2660K(2752K)->2660K(2752K)
[481.344s][info][gc             ] GC(1689) Pause Young (Allocation Failure) 479M->378M(869M) 10.545ms
[481.345s][info][gc,cpu         ] GC(1689) User=0.02s Sys=0.00s Real=0.01s
[481.515s][info][gc,start       ] GC(1690) Pause Young (Allocation Failure)
[481.535s][info][gc,heap        ] GC(1690) PSYoungGen: 119968K(222720K)->9696K(222720K) Eden: 111616K(111616K)->0K(111616K) From: 8352K(111104K)->9696K(111104K)
[481.535s][info][gc,heap        ] GC(1690) ParOldGen: 379075K(667648K)->387395K(667648K)
[481.535s][info][gc,metaspace   ] GC(1690) Metaspace: 18981K(19200K)->18981K(19200K) NonClass: 16321K(16448K)->16321K(16448K) Class: 2660K(2752K)->2660K(2752K)
[481.535s][info][gc             ] GC(1690) Pause Young (Allocation Failure) 487M->387M(869M) 19.835ms
[481.535s][info][gc,cpu         ] GC(1690) User=0.04s Sys=0.00s Real=0.02s
[481.678s][info][gc,start       ] GC(1691) Pause Young (Allocation Failure)
[481.703s][info][gc,heap        ] GC(1691) PSYoungGen: 121312K(222720K)->12832K(222720K) Eden: 111616K(111616K)->0K(111616K) From: 9696K(111104K)->12832K(111104K)
[481.703s][info][gc,heap        ] GC(1691) ParOldGen: 387395K(667648K)->397086K(667648K)
[481.703s][info][gc,metaspace   ] GC(1691) Metaspace: 18981K(19200K)->18981K(19200K) NonClass: 16321K(16448K)->16321K(16448K) Class: 2660K(2752K)->2660K(2752K)
[481.703s][info][gc             ] GC(1691) Pause Young (Allocation Failure) 496M->400M(869M) 24.740ms
[481.703s][info][gc,cpu         ] GC(1691) User=0.05s Sys=0.00s Real=0.02s
[481.951s][info][gc,start       ] GC(1692) Pause Young (Allocation Failure)
[481.982s][info][gc,heap        ] GC(1692) PSYoungGen: 124448K(222720K)->14768K(222720K) Eden: 111616K(111616K)->0K(111616K) From: 12832K(111104K)->14768K(111104K)
[481.982s][info][gc,heap        ] GC(1692) ParOldGen: 397086K(667648K)->409910K(667648K)
[481.982s][info][gc,metaspace   ] GC(1692) Metaspace: 18981K(19200K)->18981K(19200K) NonClass: 16321K(16448K)->16321K(16448K) Class: 2660K(2752K)->2660K(2752K)
[481.982s][info][gc             ] GC(1692) Pause Young (Allocation Failure) 509M->414M(869M) 31.016ms
[481.982s][info][gc,cpu         ] GC(1692) User=0.06s Sys=0.00s Real=0.03s
[482.105s][info][gc,start       ] GC(1693) Pause Young (Allocation Failure)
[482.126s][info][gc,heap        ] GC(1693) PSYoungGen: 126384K(222720K)->7872K(222720K) Eden: 111616K(111616K)->0K(111616K) From: 14768K(111104K)->7872K(111104K)
[482.126s][info][gc,heap        ] GC(1693) ParOldGen: 409910K(667648K)->424742K(667648K)
[482.126s][info][gc,metaspace   ] GC(1693) Metaspace: 18981K(19200K)->18981K(19200K) NonClass: 16321K(16448K)->16321K(16448K) Class: 2660K(2752K)->2660K(2752K)
[482.126s][info][gc             ] GC(1693) Pause Young (Allocation Failure) 523M->422M(869M) 21.410ms
[482.126s][info][gc,cpu         ] GC(1693) User=0.04s Sys=0.00s Real=0.02s
[482.255s][info][gc,start       ] GC(1694) Pause Young (Allocation Failure)
[482.280s][info][gc,heap        ] GC(1694) PSYoungGen: 119488K(222720K)->22800K(222720K) Eden: 111616K(111616K)->0K(111616K) From: 7872K(111104K)->22800K(111104K)
[482.280s][info][gc,heap        ] GC(1694) ParOldGen: 424742K(667648K)->432550K(667648K)
[482.280s][info][gc,metaspace   ] GC(1694) Metaspace: 18981K(19200K)->18981K(19200K) NonClass: 16321K(16448K)->16321K(16448K) Class: 2660K(2752K)->2660K(2752K)
[482.281s][info][gc             ] GC(1694) Pause Young (Allocation Failure) 531M->444M(869M) 25.493ms
[482.281s][info][gc,cpu         ] GC(1694) User=0.06s Sys=0.00s Real=0.02s
[482.342s][info][gc,start       ] GC(1695) Pause Young (Allocation Failure)
[482.385s][info][gc,heap        ] GC(1695) PSYoungGen: 134416K(222720K)->41696K(222720K) Eden: 111616K(111616K)->0K(111616K) From: 22800K(111104K)->41696K(111104K)
[482.385s][info][gc,heap        ] GC(1695) ParOldGen: 432550K(667648K)->455622K(667648K)
[482.385s][info][gc,metaspace   ] GC(1695) Metaspace: 18981K(19200K)->18981K(19200K) NonClass: 16321K(16448K)->16321K(16448K) Class: 2660K(2752K)->2660K(2752K)
[482.385s][info][gc             ] GC(1695) Pause Young (Allocation Failure) 553M->485M(869M) 43.224ms
[482.385s][info][gc,cpu         ] GC(1695) User=0.08s Sys=0.00s Real=0.05s
[482.585s][info][gc,start       ] GC(1696) Pause Young (Allocation Failure)
[482.621s][info][gc,heap        ] GC(1696) PSYoungGen: 153312K(222720K)->10784K(222720K) Eden: 111616K(111616K)->0K(111616K) From: 41696K(111104K)->10784K(111104K)
[482.621s][info][gc,heap        ] GC(1696) ParOldGen: 455622K(667648K)->497782K(667648K)
[482.621s][info][gc,metaspace   ] GC(1696) Metaspace: 18981K(19200K)->18981K(19200K) NonClass: 16321K(16448K)->16321K(16448K) Class: 2660K(2752K)->2660K(2752K)
[482.621s][info][gc             ] GC(1696) Pause Young (Allocation Failure) 594M->496M(869M) 36.128ms
[482.621s][info][gc,cpu         ] GC(1696) User=0.07s Sys=0.00s Real=0.03s
[482.784s][info][gc,start       ] GC(1697) Pause Young (Allocation Failure)
[482.826s][info][gc,heap        ] GC(1697) PSYoungGen: 122400K(222720K)->16063K(222720K) Eden: 111616K(111616K)->0K(111616K) From: 10784K(111104K)->16063K(111104K)
[482.826s][info][gc,heap        ] GC(1697) ParOldGen: 497782K(667648K)->508618K(667648K)
[482.826s][info][gc,metaspace   ] GC(1697) Metaspace: 18981K(19200K)->18981K(19200K) NonClass: 16321K(16448K)->16321K(16448K) Class: 2660K(2752K)->2660K(2752K)
[482.826s][info][gc             ] GC(1697) Pause Young (Allocation Failure) 605M->512M(869M) 42.096ms
[482.826s][info][gc,cpu         ] GC(1697) User=0.09s Sys=0.00s Real=0.04s
[482.957s][info][gc,start       ] GC(1698) Pause Young (Allocation Failure)
[483.010s][info][gc,heap        ] GC(1698) PSYoungGen: 127679K(222720K)->22752K(216576K) Eden: 111616K(111616K)->0K(111616K) From: 16063K(111104K)->22752K(104960K)
[483.010s][info][gc,heap        ] GC(1698) ParOldGen: 508618K(667648K)->524673K(667648K)
[483.010s][info][gc,metaspace   ] GC(1698) Metaspace: 18981K(19200K)->18981K(19200K) NonClass: 16321K(16448K)->16321K(16448K) Class: 2660K(2752K)->2660K(2752K)
[483.010s][info][gc             ] GC(1698) Pause Young (Allocation Failure) 621M->534M(863M) 52.424ms
[483.010s][info][gc,cpu         ] GC(1698) User=0.10s Sys=0.00s Real=0.05s
[483.150s][info][gc,start       ] GC(1699) Pause Young (Allocation Failure)
[483.190s][info][gc,heap        ] GC(1699) PSYoungGen: 134368K(216576K)->39232K(219648K) Eden: 111616K(111616K)->0K(111616K) From: 22752K(104960K)->39232K(108032K)
[483.190s][info][gc,heap        ] GC(1699) ParOldGen: 524673K(667648K)->524673K(667648K)
[483.190s][info][gc,metaspace   ] GC(1699) Metaspace: 18981K(19200K)->18981K(19200K) NonClass: 16321K(16448K)->16321K(16448K) Class: 2660K(2752K)->2660K(2752K)
[483.190s][info][gc             ] GC(1699) Pause Young (Allocation Failure) 643M->550M(866M) 40.293ms
[483.190s][info][gc,cpu         ] GC(1699) User=0.08s Sys=0.00s Real=0.04s
[483.274s][info][gc,start       ] GC(1700) Pause Young (Allocation Failure)
[483.316s][info][gc,heap        ] GC(1700) PSYoungGen: 150848K(219648K)->42080K(216576K) Eden: 111616K(111616K)->0K(120320K) From: 39232K(108032K)->42080K(96256K)
[483.316s][info][gc,heap        ] GC(1700) ParOldGen: 524673K(667648K)->524673K(667648K)
[483.316s][info][gc,metaspace   ] GC(1700) Metaspace: 18981K(19200K)->18981K(19200K) NonClass: 16321K(16448K)->16321K(16448K) Class: 2660K(2752K)->2660K(2752K)
[483.316s][info][gc             ] GC(1700) Pause Young (Allocation Failure) 659M->553M(863M) 42.576ms
[483.316s][info][gc,cpu         ] GC(1700) User=0.09s Sys=0.00s Real=0.04s
[483.455s][info][gc,start       ] GC(1701) Pause Young (Allocation Failure)
[483.497s][info][gc,heap        ] GC(1701) PSYoungGen: 162400K(216576K)->42720K(219648K) Eden: 120320K(120320K)->0K(120320K) From: 42080K(96256K)->42720K(99328K)
[483.497s][info][gc,heap        ] GC(1701) ParOldGen: 524673K(667648K)->524673K(667648K)
[483.497s][info][gc,metaspace   ] GC(1701) Metaspace: 18981K(19200K)->18981K(19200K) NonClass: 16321K(16448K)->16321K(16448K) Class: 2660K(2752K)->2660K(2752K)
[483.497s][info][gc             ] GC(1701) Pause Young (Allocation Failure) 670M->554M(866M) 42.240ms
[483.497s][info][gc,cpu         ] GC(1701) User=0.08s Sys=0.00s Real=0.04s
[483.620s][info][gc,start       ] GC(1702) Pause Young (Allocation Failure)
[483.666s][info][gc,heap        ] GC(1702) PSYoungGen: 163040K(219648K)->46560K(221184K) Eden: 120320K(120320K)->0K(129536K) From: 42720K(99328K)->46560K(91648K)
[483.666s][info][gc,heap        ] GC(1702) ParOldGen: 524673K(667648K)->524673K(667648K)
[483.666s][info][gc,metaspace   ] GC(1702) Metaspace: 18981K(19200K)->18981K(19200K) NonClass: 16321K(16448K)->16321K(16448K) Class: 2660K(2752K)->2660K(2752K)
[483.667s][info][gc             ] GC(1702) Pause Young (Allocation Failure) 671M->557M(868M) 46.491ms
[483.667s][info][gc,cpu         ] GC(1702) User=0.09s Sys=0.00s Real=0.05s
[483.928s][info][gc,start       ] GC(1703) Pause Young (Allocation Failure)
[483.992s][info][gc,heap        ] GC(1703) PSYoungGen: 176096K(221184K)->57232K(223232K) Eden: 129536K(129536K)->0K(129536K) From: 46560K(91648K)->57232K(93696K)
[483.992s][info][gc,heap        ] GC(1703) ParOldGen: 524673K(667648K)->524673K(667648K)
[483.992s][info][gc,metaspace   ] GC(1703) Metaspace: 18981K(19200K)->18981K(19200K) NonClass: 16321K(16448K)->16321K(16448K) Class: 2660K(2752K)->2660K(2752K)
[483.992s][info][gc             ] GC(1703) Pause Young (Allocation Failure) 684M->568M(870M) 63.689ms
[483.992s][info][gc,cpu         ] GC(1703) User=0.13s Sys=0.00s Real=0.06s
[484.149s][info][gc,start       ] GC(1704) Pause Young (Allocation Failure)
[484.224s][info][gc,heap        ] GC(1704) PSYoungGen: 186768K(223232K)->78178K(219648K) Eden: 129536K(129536K)->0K(123904K) From: 57232K(93696K)->78178K(95744K)
[484.224s][info][gc,heap        ] GC(1704) ParOldGen: 524673K(667648K)->524673K(667648K)
[484.224s][info][gc,metaspace   ] GC(1704) Metaspace: 18981K(19200K)->18981K(19200K) NonClass: 16321K(16448K)->16321K(16448K) Class: 2660K(2752K)->2660K(2752K)
[484.224s][info][gc             ] GC(1704) Pause Young (Allocation Failure) 694M->588M(866M) 75.453ms
[484.224s][info][gc,cpu         ] GC(1704) User=0.15s Sys=0.00s Real=0.08s
[484.327s][info][gc,start       ] GC(1705) Pause Young (Allocation Failure)
[484.433s][info][gc,heap        ] GC(1705) PSYoungGen: 202082K(219648K)->104930K(228864K) Eden: 123904K(123904K)->0K(123904K) From: 78178K(95744K)->104930K(104960K)
[484.433s][info][gc,heap        ] GC(1705) ParOldGen: 524673K(667648K)->543513K(667648K)
[484.433s][info][gc,metaspace   ] GC(1705) Metaspace: 18982K(19200K)->18982K(19200K) NonClass: 16322K(16448K)->16322K(16448K) Class: 2660K(2752K)->2660K(2752K)
[484.433s][info][gc             ] GC(1705) Pause Young (Allocation Failure) 709M->633M(875M) 106.140ms
[484.433s][info][gc,cpu         ] GC(1705) User=0.21s Sys=0.00s Real=0.10s
[484.652s][info][gc,start       ] GC(1706) Pause Young (Allocation Failure)
[484.777s][info][gc,heap        ] GC(1706) PSYoungGen: 228834K(228864K)->94658K(216576K) Eden: 123904K(123904K)->0K(111616K) From: 104930K(104960K)->94658K(104960K)
[484.777s][info][gc,heap        ] GC(1706) ParOldGen: 543513K(667648K)->582809K(667648K)
[484.777s][info][gc,metaspace   ] GC(1706) Metaspace: 18982K(19200K)->18982K(19200K) NonClass: 16322K(16448K)->16322K(16448K) Class: 2660K(2752K)->2660K(2752K)
[484.777s][info][gc             ] GC(1706) Pause Young (Allocation Failure) 754M->661M(863M) 124.329ms
[484.777s][info][gc,cpu         ] GC(1706) User=0.23s Sys=0.01s Real=0.13s
[484.922s][info][gc,start       ] GC(1707) Pause Young (Allocation Failure)
[485.009s][info][gc,heap        ] GC(1707) PSYoungGen: 206274K(216576K)->98307K(222720K) Eden: 111616K(111616K)->0K(111616K) From: 94658K(104960K)->98307K(111104K)
[485.009s][info][gc,heap        ] GC(1707) ParOldGen: 582809K(667648K)->586289K(667648K)
[485.009s][info][gc,metaspace   ] GC(1707) Metaspace: 18982K(19200K)->18982K(19200K) NonClass: 16322K(16448K)->16322K(16448K) Class: 2660K(2752K)->2660K(2752K)
[485.009s][info][gc             ] GC(1707) Pause Young (Allocation Failure) 770M->668M(869M) 87.407ms
[485.009s][info][gc,cpu         ] GC(1707) User=0.18s Sys=0.00s Real=0.09s
[485.156s][info][gc,start       ] GC(1708) Pause Young (Allocation Failure)
[485.286s][info][gc,heap        ] GC(1708) PSYoungGen: 209923K(222720K)->111074K(222720K) Eden: 111616K(111616K)->0K(111616K) From: 98307K(111104K)->111074K(111104K)
[485.286s][info][gc,heap        ] GC(1708) ParOldGen: 586289K(667648K)->603625K(667648K)
[485.286s][info][gc,metaspace   ] GC(1708) Metaspace: 18982K(19200K)->18982K(19200K) NonClass: 16322K(16448K)->16322K(16448K) Class: 2660K(2752K)->2660K(2752K)
[485.286s][info][gc             ] GC(1708) Pause Young (Allocation Failure) 777M->697M(869M) 130.082ms
[485.286s][info][gc,cpu         ] GC(1708) User=0.25s Sys=0.01s Real=0.13s
[485.434s][info][gc,start       ] GC(1709) Pause Young (Allocation Failure)
[485.568s][info][gc,heap        ] GC(1709) PSYoungGen: 222690K(222720K)->83536K(222720K) Eden: 111616K(111616K)->0K(111616K) From: 111074K(111104K)->83536K(111104K)
[485.569s][info][gc,heap        ] GC(1709) ParOldGen: 603625K(667648K)->649431K(667648K)
[485.569s][info][gc,metaspace   ] GC(1709) Metaspace: 18982K(19200K)->18982K(19200K) NonClass: 16322K(16448K)->16322K(16448K) Class: 2660K(2752K)->2660K(2752K)
[485.569s][info][gc             ] GC(1709) Pause Young (Allocation Failure) 806M->715M(869M) 135.056ms
[485.569s][info][gc,cpu         ] GC(1709) User=0.25s Sys=0.01s Real=0.13s
[485.657s][info][gc,start       ] GC(1710) Pause Full (Allocation Failure)
[485.657s][info][gc,phases,start] GC(1710) Marking Phase
[486.024s][info][gc,phases      ] GC(1710) Marking Phase 367.224ms
[486.024s][info][gc,phases,start] GC(1710) Summary Phase
[486.024s][info][gc,phases      ] GC(1710) Summary Phase 0.028ms
[486.024s][info][gc,phases,start] GC(1710) Forward
[486.164s][info][gc,phases      ] GC(1710) Forward 140.058ms
[486.164s][info][gc,phases,start] GC(1710) Adjust Pointers
[486.452s][info][gc,phases      ] GC(1710) Adjust Pointers 287.790ms
[486.452s][info][gc,phases,start] GC(1710) Compaction Phase
[486.634s][info][gc,phases      ] GC(1710) Compaction Phase 181.997ms
[486.645s][info][gc,phases,start] GC(1710) Post Compact
[486.647s][info][gc,phases      ] GC(1710) Post Compact 2.424ms
[486.647s][info][gc,heap        ] GC(1710) PSYoungGen: 195152K(222720K)->0K(222720K) Eden: 111616K(111616K)->0K(111616K) From: 83536K(111104K)->0K(111104K)
[486.647s][info][gc,heap        ] GC(1710) ParOldGen: 649431K(667648K)->520001K(667648K)
[486.647s][info][gc,metaspace   ] GC(1710) Metaspace: 18982K(19200K)->18982K(19200K) NonClass: 16322K(16448K)->16322K(16448K) Class: 2660K(2752K)->2660K(2752K)
[486.647s][info][gc             ] GC(1710) Pause Full (Allocation Failure) 824M->507M(869M) 990.608ms
[486.647s][info][gc,cpu         ] GC(1710) User=1.87s Sys=0.01s Real=0.99s
[486.771s][info][gc,start       ] GC(1711) Pause Young (Allocation Failure)
[486.778s][info][gc,heap        ] GC(1711) PSYoungGen: 111616K(222720K)->672K(222720K) Eden: 111616K(111616K)->0K(111616K) From: 0K(111104K)->672K(111104K)
[486.778s][info][gc,heap        ] GC(1711) ParOldGen: 520001K(667648K)->520001K(667648K)
[486.778s][info][gc,metaspace   ] GC(1711) Metaspace: 18982K(19200K)->18982K(19200K) NonClass: 16322K(16448K)->16322K(16448K) Class: 2660K(2752K)->2660K(2752K)
[486.778s][info][gc             ] GC(1711) Pause Young (Allocation Failure) 616M->508M(869M) 7.453ms
[486.778s][info][gc,cpu         ] GC(1711) User=0.02s Sys=0.00s Real=0.01s
[486.901s][info][gc,start       ] GC(1712) Pause Young (Allocation Failure)
[486.910s][info][gc,heap        ] GC(1712) PSYoungGen: 112288K(222720K)->4512K(222720K) Eden: 111616K(111616K)->0K(111616K) From: 672K(111104K)->4512K(111104K)
[486.911s][info][gc,heap        ] GC(1712) ParOldGen: 520001K(667648K)->520001K(667648K)
[486.911s][info][gc,metaspace   ] GC(1712) Metaspace: 18982K(19200K)->18982K(19200K) NonClass: 16322K(16448K)->16322K(16448K) Class: 2660K(2752K)->2660K(2752K)
[486.911s][info][gc             ] GC(1712) Pause Young (Allocation Failure) 617M->512M(869M) 10.023ms
[486.911s][info][gc,cpu         ] GC(1712) User=0.02s Sys=0.00s Real=0.01s
[487.074s][info][gc,start       ] GC(1713) Pause Young (Allocation Failure)
[487.093s][info][gc,heap        ] GC(1713) PSYoungGen: 116128K(222720K)->9152K(222720K) Eden: 111616K(111616K)->0K(111616K) From: 4512K(111104K)->9152K(111104K)
[487.093s][info][gc,heap        ] GC(1713) ParOldGen: 520001K(667648K)->524497K(667648K)
[487.093s][info][gc,metaspace   ] GC(1713) Metaspace: 18982K(19200K)->18982K(19200K) NonClass: 16322K(16448K)->16322K(16448K) Class: 2660K(2752K)->2660K(2752K)
[487.093s][info][gc             ] GC(1713) Pause Young (Allocation Failure) 621M->521M(869M) 18.487ms
[487.093s][info][gc,cpu         ] GC(1713) User=0.04s Sys=0.00s Real=0.01s
[487.282s][info][gc,start       ] GC(1714) Pause Young (Allocation Failure)
[487.311s][info][gc,heap        ] GC(1714) PSYoungGen: 120768K(222720K)->17552K(222720K) Eden: 111616K(111616K)->0K(111616K) From: 9152K(111104K)->17552K(111104K)
[487.311s][info][gc,heap        ] GC(1714) ParOldGen: 524497K(667648K)->533649K(667648K)
[487.311s][info][gc,metaspace   ] GC(1714) Metaspace: 18982K(19200K)->18982K(19200K) NonClass: 16322K(16448K)->16322K(16448K) Class: 2660K(2752K)->2660K(2752K)
[487.311s][info][gc             ] GC(1714) Pause Young (Allocation Failure) 630M->538M(869M) 28.678ms
[487.311s][info][gc,cpu         ] GC(1714) User=0.05s Sys=0.00s Real=0.03s
[487.662s][info][gc,start       ] GC(1715) Pause Young (Allocation Failure)
[487.683s][info][gc,heap        ] GC(1715) PSYoungGen: 129168K(222720K)->64K(222720K) Eden: 111616K(111616K)->0K(111616K) From: 17552K(111104K)->64K(111104K)
[487.683s][info][gc,heap        ] GC(1715) ParOldGen: 533649K(667648K)->551209K(667648K)
[487.683s][info][gc,metaspace   ] GC(1715) Metaspace: 18982K(19200K)->18982K(19200K) NonClass: 16322K(16448K)->16322K(16448K) Class: 2660K(2752K)->2660K(2752K)
[487.683s][info][gc             ] GC(1715) Pause Young (Allocation Failure) 647M->538M(869M) 21.149ms
[487.683s][info][gc,cpu         ] GC(1715) User=0.04s Sys=0.00s Real=0.02s
[487.930s][info][gc,start       ] GC(1716) Pause Young (Allocation Failure)
[487.931s][info][gc,heap        ] GC(1716) PSYoungGen: 111680K(222720K)->64K(222720K) Eden: 111616K(111616K)->0K(111616K) From: 64K(111104K)->64K(111104K)
[487.931s][info][gc,heap        ] GC(1716) ParOldGen: 551209K(667648K)->551241K(667648K)
[487.931s][info][gc,metaspace   ] GC(1716) Metaspace: 18982K(19200K)->18982K(19200K) NonClass: 16322K(16448K)->16322K(16448K) Class: 2660K(2752K)->2660K(2752K)
[487.931s][info][gc             ] GC(1716) Pause Young (Allocation Failure) 647M->538M(869M) 1.957ms
[487.932s][info][gc,cpu         ] GC(1716) User=0.00s Sys=0.00s Real=0.00s
[488.191s][info][gc,start       ] GC(1717) Pause Young (Allocation Failure)
[488.193s][info][gc,heap        ] GC(1717) PSYoungGen: 111680K(222720K)->768K(222720K) Eden: 111616K(111616K)->0K(111616K) From: 64K(111104K)->768K(111104K)
[488.193s][info][gc,heap        ] GC(1717) ParOldGen: 551241K(667648K)->551257K(667648K)
[488.193s][info][gc,metaspace   ] GC(1717) Metaspace: 18982K(19200K)->18982K(19200K) NonClass: 16322K(16448K)->16322K(16448K) Class: 2660K(2752K)->2660K(2752K)
[488.193s][info][gc             ] GC(1717) Pause Young (Allocation Failure) 647M->539M(869M) 2.790ms
[488.193s][info][gc,cpu         ] GC(1717) User=0.00s Sys=0.00s Real=0.01s
[488.437s][info][gc,start       ] GC(1718) Pause Young (Allocation Failure)
[488.448s][info][gc,heap        ] GC(1718) PSYoungGen: 112384K(222720K)->64K(222720K) Eden: 111616K(111616K)->0K(111616K) From: 768K(111104K)->64K(111104K)
[488.448s][info][gc,heap        ] GC(1718) ParOldGen: 551257K(667648K)->551273K(667648K)
[488.448s][info][gc,metaspace   ] GC(1718) Metaspace: 18982K(19200K)->18982K(19200K) NonClass: 16322K(16448K)->16322K(16448K) Class: 2660K(2752K)->2660K(2752K)
[488.448s][info][gc             ] GC(1718) Pause Young (Allocation Failure) 648M->538M(869M) 10.613ms
[488.448s][info][gc,cpu         ] GC(1718) User=0.02s Sys=0.00s Real=0.01s
[488.675s][info][gc,start       ] GC(1719) Pause Young (Allocation Failure)
[488.677s][info][gc,heap        ] GC(1719) PSYoungGen: 111680K(222720K)->320K(222720K) Eden: 111616K(111616K)->0K(111616K) From: 64K(111104K)->320K(111104K)
[488.677s][info][gc,heap        ] GC(1719) ParOldGen: 551273K(667648K)->551289K(667648K)
[488.677s][info][gc,metaspace   ] GC(1719) Metaspace: 18982K(19200K)->18982K(19200K) NonClass: 16322K(16448K)->16322K(16448K) Class: 2660K(2752K)->2660K(2752K)
[488.677s][info][gc             ] GC(1719) Pause Young (Allocation Failure) 647M->538M(869M) 2.272ms
[488.677s][info][gc,cpu         ] GC(1719) User=0.01s Sys=0.00s Real=0.00s
[488.818s][info][gc,start       ] GC(1720) Pause Young (Allocation Failure)
[488.839s][info][gc,heap        ] GC(1720) PSYoungGen: 111936K(222720K)->28112K(222720K) Eden: 111616K(111616K)->0K(111616K) From: 320K(111104K)->28112K(111104K)
[488.839s][info][gc,heap        ] GC(1720) ParOldGen: 551289K(667648K)->551593K(667648K)
[488.839s][info][gc,metaspace   ] GC(1720) Metaspace: 18983K(19200K)->18983K(19200K) NonClass: 16323K(16448K)->16323K(16448K) Class: 2660K(2752K)->2660K(2752K)
[488.839s][info][gc             ] GC(1720) Pause Young (Allocation Failure) 647M->566M(869M) 21.131ms
[488.839s][info][gc,cpu         ] GC(1720) User=0.04s Sys=0.00s Real=0.02s
[488.898s][info][gc,start       ] GC(1721) Pause Young (Allocation Failure)
[488.944s][info][gc,heap        ] GC(1721) PSYoungGen: 139728K(222720K)->40512K(222720K) Eden: 111616K(111616K)->0K(111616K) From: 28112K(111104K)->40512K(111104K)
[488.944s][info][gc,heap        ] GC(1721) ParOldGen: 551593K(667648K)->580066K(667648K)
[488.944s][info][gc,metaspace   ] GC(1721) Metaspace: 18983K(19200K)->18983K(19200K) NonClass: 16323K(16448K)->16323K(16448K) Class: 2660K(2752K)->2660K(2752K)
[488.944s][info][gc             ] GC(1721) Pause Young (Allocation Failure) 675M->606M(869M) 45.675ms
[488.944s][info][gc,cpu         ] GC(1721) User=0.09s Sys=0.00s Real=0.05s
[489.144s][info][gc,start       ] GC(1722) Pause Young (Allocation Failure)
[489.177s][info][gc,heap        ] GC(1722) PSYoungGen: 152128K(222720K)->6400K(222720K) Eden: 111616K(111616K)->0K(111616K) From: 40512K(111104K)->6400K(111104K)
[489.177s][info][gc,heap        ] GC(1722) ParOldGen: 580066K(667648K)->621026K(667648K)
[489.177s][info][gc,metaspace   ] GC(1722) Metaspace: 18983K(19200K)->18983K(19200K) NonClass: 16323K(16448K)->16323K(16448K) Class: 2660K(2752K)->2660K(2752K)
[489.177s][info][gc             ] GC(1722) Pause Young (Allocation Failure) 715M->612M(869M) 33.681ms
[489.177s][info][gc,cpu         ] GC(1722) User=0.07s Sys=0.00s Real=0.03s
[489.343s][info][gc,start       ] GC(1723) Pause Full (Allocation Failure)
[489.344s][info][gc,phases,start] GC(1723) Marking Phase
[489.786s][info][gc,phases      ] GC(1723) Marking Phase 442.303ms
[489.786s][info][gc,phases,start] GC(1723) Summary Phase
[489.786s][info][gc,phases      ] GC(1723) Summary Phase 0.026ms
[489.786s][info][gc,phases,start] GC(1723) Forward
[489.887s][info][gc,phases      ] GC(1723) Forward 100.838ms
[489.887s][info][gc,phases,start] GC(1723) Adjust Pointers
[490.218s][info][gc,phases      ] GC(1723) Adjust Pointers 330.992ms
[490.218s][info][gc,phases,start] GC(1723) Compaction Phase
[490.423s][info][gc,phases      ] GC(1723) Compaction Phase 205.082ms
[490.432s][info][gc,phases,start] GC(1723) Post Compact
[490.434s][info][gc,phases      ] GC(1723) Post Compact 2.198ms
[490.434s][info][gc,heap        ] GC(1723) PSYoungGen: 118016K(222720K)->0K(222720K) Eden: 111616K(111616K)->0K(111616K) From: 6400K(111104K)->0K(111104K)
[490.434s][info][gc,heap        ] GC(1723) ParOldGen: 621026K(667648K)->623051K(667648K)
[490.434s][info][gc,metaspace   ] GC(1723) Metaspace: 18983K(19200K)->18983K(19200K) NonClass: 16323K(16448K)->16323K(16448K) Class: 2660K(2752K)->2660K(2752K)
[490.434s][info][gc             ] GC(1723) Pause Full (Allocation Failure) 721M->608M(869M) 1090.958ms
[490.434s][info][gc,cpu         ] GC(1723) User=2.12s Sys=0.00s Real=1.09s
[490.557s][info][gc,start       ] GC(1724) Pause Full (Allocation Failure)
[490.557s][info][gc,phases,start] GC(1724) Marking Phase
[491.024s][info][gc,phases      ] GC(1724) Marking Phase 467.348ms
[491.024s][info][gc,phases,start] GC(1724) Summary Phase
[491.024s][info][gc,phases      ] GC(1724) Summary Phase 0.024ms
[491.024s][info][gc,phases,start] GC(1724) Forward
[491.035s][info][gc,phases      ] GC(1724) Forward 10.529ms
[491.035s][info][gc,phases,start] GC(1724) Adjust Pointers
[491.349s][info][gc,phases      ] GC(1724) Adjust Pointers 313.636ms
[491.349s][info][gc,phases,start] GC(1724) Compaction Phase
[491.484s][info][gc,phases      ] GC(1724) Compaction Phase 135.107ms
[491.484s][info][gc,phases,start] GC(1724) Post Compact
[491.486s][info][gc,phases      ] GC(1724) Post Compact 2.112ms
[491.486s][info][gc,heap        ] GC(1724) PSYoungGen: 111616K(222720K)->0K(222720K) Eden: 111616K(111616K)->0K(111616K) From: 0K(111104K)->0K(111104K)
[491.486s][info][gc,heap        ] GC(1724) ParOldGen: 623051K(667648K)->646881K(667648K)
[491.486s][info][gc,metaspace   ] GC(1724) Metaspace: 18983K(19200K)->18983K(19200K) NonClass: 16323K(16448K)->16323K(16448K) Class: 2660K(2752K)->2660K(2752K)
[491.486s][info][gc             ] GC(1724) Pause Full (Allocation Failure) 717M->631M(869M) 929.215ms
[491.486s][info][gc,cpu         ] GC(1724) User=1.82s Sys=0.00s Real=0.93s
[491.618s][info][gc,start       ] GC(1725) Pause Full (Allocation Failure)
[491.618s][info][gc,phases,start] GC(1725) Marking Phase
[492.097s][info][gc,phases      ] GC(1725) Marking Phase 479.449ms
[492.098s][info][gc,phases,start] GC(1725) Summary Phase
[492.098s][info][gc,phases      ] GC(1725) Summary Phase 0.025ms
[492.098s][info][gc,phases,start] GC(1725) Forward
[492.107s][info][gc,phases      ] GC(1725) Forward 9.094ms
[492.107s][info][gc,phases,start] GC(1725) Adjust Pointers
[492.426s][info][gc,phases      ] GC(1725) Adjust Pointers 319.278ms
[492.426s][info][gc,phases,start] GC(1725) Compaction Phase
[492.569s][info][gc,phases      ] GC(1725) Compaction Phase 143.048ms
[492.569s][info][gc,phases,start] GC(1725) Post Compact
[492.571s][info][gc,phases      ] GC(1725) Post Compact 2.155ms
[492.571s][info][gc,heap        ] GC(1725) PSYoungGen: 111616K(222720K)->0K(222720K) Eden: 111616K(111616K)->0K(111616K) From: 0K(111104K)->0K(111104K)
[492.571s][info][gc,heap        ] GC(1725) ParOldGen: 646881K(667648K)->664181K(667648K)
[492.571s][info][gc,metaspace   ] GC(1725) Metaspace: 18983K(19200K)->18983K(19200K) NonClass: 16323K(16448K)->16323K(16448K) Class: 2660K(2752K)->2660K(2752K)
[492.571s][info][gc             ] GC(1725) Pause Full (Allocation Failure) 740M->648M(869M) 953.462ms
[492.571s][info][gc,cpu         ] GC(1725) User=1.86s Sys=0.01s Real=0.95s
[492.656s][info][gc,start       ] GC(1726) Pause Full (Allocation Failure)
[492.656s][info][gc,phases,start] GC(1726) Marking Phase
[493.137s][info][gc,phases      ] GC(1726) Marking Phase 480.925ms
[493.137s][info][gc,phases,start] GC(1726) Summary Phase
[493.137s][info][gc,phases      ] GC(1726) Summary Phase 0.026ms
[493.137s][info][gc,phases,start] GC(1726) Forward
[493.138s][info][gc,phases      ] GC(1726) Forward 0.368ms
[493.138s][info][gc,phases,start] GC(1726) Adjust Pointers
[493.453s][info][gc,phases      ] GC(1726) Adjust Pointers 315.669ms
[493.453s][info][gc,phases,start] GC(1726) Compaction Phase
[493.597s][info][gc,phases      ] GC(1726) Compaction Phase 143.792ms
[493.597s][info][gc,phases,start] GC(1726) Post Compact
[493.599s][info][gc,phases      ] GC(1726) Post Compact 2.222ms
[493.599s][info][gc,heap        ] GC(1726) PSYoungGen: 111616K(222720K)->0K(222720K) Eden: 111616K(111616K)->0K(111616K) From: 0K(111104K)->0K(111104K)
[493.599s][info][gc,heap        ] GC(1726) ParOldGen: 664181K(667648K)->664385K(667648K)
[493.599s][info][gc,metaspace   ] GC(1726) Metaspace: 18983K(19200K)->18983K(19200K) NonClass: 16323K(16448K)->16323K(16448K) Class: 2660K(2752K)->2660K(2752K)
[493.599s][info][gc             ] GC(1726) Pause Full (Allocation Failure) 757M->648M(869M) 943.381ms
[493.599s][info][gc,cpu         ] GC(1726) User=1.84s Sys=0.00s Real=0.94s
[493.713s][info][gc,start       ] GC(1727) Pause Full (Allocation Failure)
[493.713s][info][gc,phases,start] GC(1727) Marking Phase
[494.207s][info][gc,phases      ] GC(1727) Marking Phase 494.155ms
[494.208s][info][gc,phases,start] GC(1727) Summary Phase
[494.208s][info][gc,phases      ] GC(1727) Summary Phase 0.023ms
[494.208s][info][gc,phases,start] GC(1727) Forward
[494.208s][info][gc,phases      ] GC(1727) Forward 0.741ms
[494.208s][info][gc,phases,start] GC(1727) Adjust Pointers
[494.526s][info][gc,phases      ] GC(1727) Adjust Pointers 317.200ms
[494.526s][info][gc,phases,start] GC(1727) Compaction Phase
[494.670s][info][gc,phases      ] GC(1727) Compaction Phase 143.960ms
[494.670s][info][gc,phases,start] GC(1727) Post Compact
[494.672s][info][gc,phases      ] GC(1727) Post Compact 2.208ms
[494.672s][info][gc,heap        ] GC(1727) PSYoungGen: 111616K(222720K)->0K(222720K) Eden: 111616K(111616K)->0K(111616K) From: 0K(111104K)->0K(111104K)
[494.672s][info][gc,heap        ] GC(1727) ParOldGen: 664385K(667648K)->665016K(667648K)
[494.672s][info][gc,metaspace   ] GC(1727) Metaspace: 18983K(19200K)->18983K(19200K) NonClass: 16323K(16448K)->16323K(16448K) Class: 2660K(2752K)->2660K(2752K)
[494.672s][info][gc             ] GC(1727) Pause Full (Allocation Failure) 757M->649M(869M) 958.687ms
[494.672s][info][gc,cpu         ] GC(1727) User=1.89s Sys=0.00s Real=0.95s
[494.797s][info][gc,start       ] GC(1728) Pause Full (Allocation Failure)
[494.797s][info][gc,phases,start] GC(1728) Marking Phase
[495.278s][info][gc,phases      ] GC(1728) Marking Phase 481.710ms
[495.278s][info][gc,phases,start] GC(1728) Summary Phase
[495.278s][info][gc,phases      ] GC(1728) Summary Phase 0.024ms
[495.278s][info][gc,phases,start] GC(1728) Forward
[495.282s][info][gc,phases      ] GC(1728) Forward 3.174ms
[495.282s][info][gc,phases,start] GC(1728) Adjust Pointers
[495.601s][info][gc,phases      ] GC(1728) Adjust Pointers 318.955ms
[495.601s][info][gc,phases,start] GC(1728) Compaction Phase
[495.747s][info][gc,phases      ] GC(1728) Compaction Phase 146.205ms
[495.747s][info][gc,phases,start] GC(1728) Post Compact
[495.749s][info][gc,phases      ] GC(1728) Post Compact 2.225ms
[495.749s][info][gc,heap        ] GC(1728) PSYoungGen: 111616K(222720K)->1320K(222720K) Eden: 111616K(111616K)->1320K(111616K) From: 0K(111104K)->0K(111104K)
[495.749s][info][gc,heap        ] GC(1728) ParOldGen: 665016K(667648K)->667562K(667648K)
[495.749s][info][gc,metaspace   ] GC(1728) Metaspace: 18983K(19200K)->18983K(19200K) NonClass: 16323K(16448K)->16323K(16448K) Class: 2660K(2752K)->2660K(2752K)
[495.749s][info][gc             ] GC(1728) Pause Full (Allocation Failure) 758M->653M(869M) 952.666ms
[495.749s][info][gc,cpu         ] GC(1728) User=1.86s Sys=0.01s Real=0.95s
[495.937s][info][gc,start       ] GC(1729) Pause Full (Allocation Failure)
[495.937s][info][gc,phases,start] GC(1729) Marking Phase
[496.317s][info][gc,phases      ] GC(1729) Marking Phase 380.439ms
[496.317s][info][gc,phases,start] GC(1729) Summary Phase
[496.317s][info][gc,phases      ] GC(1729) Summary Phase 0.027ms
[496.317s][info][gc,phases,start] GC(1729) Forward
[496.460s][info][gc,phases      ] GC(1729) Forward 142.598ms
[496.460s][info][gc,phases,start] GC(1729) Adjust Pointers
[496.744s][info][gc,phases      ] GC(1729) Adjust Pointers 284.226ms
[496.744s][info][gc,phases,start] GC(1729) Compaction Phase
[496.942s][info][gc,phases      ] GC(1729) Compaction Phase 197.829ms
[496.952s][info][gc,phases,start] GC(1729) Post Compact
[496.954s][info][gc,phases      ] GC(1729) Post Compact 2.266ms
[496.954s][info][gc,heap        ] GC(1729) PSYoungGen: 111616K(222720K)->0K(222720K) Eden: 111616K(111616K)->0K(111616K) From: 0K(111104K)->0K(111104K)
[496.954s][info][gc,heap        ] GC(1729) ParOldGen: 667562K(667648K)->524572K(667648K)
[496.954s][info][gc,metaspace   ] GC(1729) Metaspace: 18983K(19200K)->18983K(19200K) NonClass: 16323K(16448K)->16323K(16448K) Class: 2660K(2752K)->2660K(2752K)
[496.954s][info][gc             ] GC(1729) Pause Full (Allocation Failure) 760M->512M(869M) 1017.498ms
[496.954s][info][gc,cpu         ] GC(1729) User=1.93s Sys=0.00s Real=1.02s
[497.095s][info][gc,start       ] GC(1730) Pause Young (Allocation Failure)
[497.116s][info][gc,heap        ] GC(1730) PSYoungGen: 111616K(222720K)->17232K(212480K) Eden: 111616K(111616K)->0K(111616K) From: 0K(111104K)->17232K(100864K)
[497.116s][info][gc,heap        ] GC(1730) ParOldGen: 524572K(667648K)->524572K(667648K)
[497.116s][info][gc,metaspace   ] GC(1730) Metaspace: 18983K(19200K)->18983K(19200K) NonClass: 16323K(16448K)->16323K(16448K) Class: 2660K(2752K)->2660K(2752K)
[497.116s][info][gc             ] GC(1730) Pause Young (Allocation Failure) 621M->529M(859M) 21.391ms
[497.116s][info][gc,cpu         ] GC(1730) User=0.04s Sys=0.00s Real=0.02s
[497.354s][info][gc,start       ] GC(1731) Pause Young (Allocation Failure)
[497.383s][info][gc,heap        ] GC(1731) PSYoungGen: 128848K(212480K)->29323K(141312K) Eden: 111616K(111616K)->0K(111616K) From: 17232K(100864K)->29323K(29696K)
[497.383s][info][gc,heap        ] GC(1731) ParOldGen: 524572K(667648K)->524572K(667648K)
[497.384s][info][gc,metaspace   ] GC(1731) Metaspace: 18983K(19200K)->18983K(19200K) NonClass: 16323K(16448K)->16323K(16448K) Class: 2660K(2752K)->2660K(2752K)
[497.384s][info][gc             ] GC(1731) Pause Young (Allocation Failure) 638M->540M(790M) 29.904ms
[497.384s][info][gc,cpu         ] GC(1731) User=0.05s Sys=0.00s Real=0.03s
[497.535s][info][gc,start       ] GC(1732) Pause Young (Allocation Failure)
[497.560s][info][gc,heap        ] GC(1732) PSYoungGen: 140939K(141312K)->24012K(200192K) Eden: 111616K(111616K)->0K(114688K) From: 29323K(29696K)->24012K(85504K)
[497.560s][info][gc,heap        ] GC(1732) ParOldGen: 524572K(667648K)->524572K(667648K)
[497.560s][info][gc,metaspace   ] GC(1732) Metaspace: 18988K(19200K)->18988K(19200K) NonClass: 16328K(16448K)->16328K(16448K) Class: 2660K(2752K)->2660K(2752K)
[497.560s][info][gc             ] GC(1732) Pause Young (Allocation Failure) 649M->535M(847M) 25.318ms
[497.561s][info][gc,cpu         ] GC(1732) User=0.05s Sys=0.01s Real=0.02s
[497.672s][info][gc,start       ] GC(1733) Pause Young (Allocation Failure)
[497.713s][info][gc,heap        ] GC(1733) PSYoungGen: 138700K(200192K)->45564K(206848K) Eden: 114688K(114688K)->0K(114688K) From: 24012K(85504K)->45564K(92160K)
[497.713s][info][gc,heap        ] GC(1733) ParOldGen: 524572K(667648K)->524572K(667648K)
[497.713s][info][gc,metaspace   ] GC(1733) Metaspace: 18989K(19200K)->18989K(19200K) NonClass: 16329K(16448K)->16329K(16448K) Class: 2660K(2752K)->2660K(2752K)
[497.713s][info][gc             ] GC(1733) Pause Young (Allocation Failure) 647M->556M(854M) 40.399ms
[497.713s][info][gc,cpu         ] GC(1733) User=0.08s Sys=0.00s Real=0.04s
[497.845s][info][gc,start       ] GC(1734) Pause Young (Allocation Failure)
[497.894s][info][gc,heap        ] GC(1734) PSYoungGen: 160252K(206848K)->52891K(208896K) Eden: 114688K(114688K)->0K(116224K) From: 45564K(92160K)->52891K(92672K)
[497.894s][info][gc,heap        ] GC(1734) ParOldGen: 524572K(667648K)->524572K(667648K)
[497.895s][info][gc,metaspace   ] GC(1734) Metaspace: 18989K(19200K)->18989K(19200K) NonClass: 16329K(16448K)->16329K(16448K) Class: 2660K(2752K)->2660K(2752K)
[497.895s][info][gc             ] GC(1734) Pause Young (Allocation Failure) 668M->563M(856M) 49.721ms
[497.895s][info][gc,cpu         ] GC(1734) User=0.10s Sys=0.00s Real=0.05s
[498.020s][info][gc,start       ] GC(1735) Pause Young (Allocation Failure)
[498.074s][info][gc,heap        ] GC(1735) PSYoungGen: 169115K(208896K)->56940K(211456K) Eden: 116224K(116224K)->0K(116224K) From: 52891K(92672K)->56940K(95232K)
[498.074s][info][gc,heap        ] GC(1735) ParOldGen: 524572K(667648K)->524572K(667648K)
[498.074s][info][gc,metaspace   ] GC(1735) Metaspace: 18989K(19200K)->18989K(19200K) NonClass: 16329K(16448K)->16329K(16448K) Class: 2660K(2752K)->2660K(2752K)
[498.074s][info][gc             ] GC(1735) Pause Young (Allocation Failure) 677M->567M(858M) 54.019ms
[498.074s][info][gc,cpu         ] GC(1735) User=0.11s Sys=0.00s Real=0.06s
[498.328s][info][gc,start       ] GC(1736) Pause Young (Allocation Failure)
[498.383s][info][gc,heap        ] GC(1736) PSYoungGen: 173164K(211456K)->58524K(217600K) Eden: 116224K(116224K)->0K(118784K) From: 56940K(95232K)->58524K(98816K)
[498.383s][info][gc,heap        ] GC(1736) ParOldGen: 524572K(667648K)->524572K(667648K)
[498.383s][info][gc,metaspace   ] GC(1736) Metaspace: 18989K(19200K)->18989K(19200K) NonClass: 16329K(16448K)->16329K(16448K) Class: 2660K(2752K)->2660K(2752K)
[498.383s][info][gc             ] GC(1736) Pause Young (Allocation Failure) 681M->569M(864M) 54.828ms
[498.383s][info][gc,cpu         ] GC(1736) User=0.11s Sys=0.00s Real=0.06s
[498.574s][info][gc,start       ] GC(1737) Pause Young (Allocation Failure)
[498.636s][info][gc,heap        ] GC(1737) PSYoungGen: 177308K(217600K)->66779K(220160K) Eden: 118784K(118784K)->0K(118784K) From: 58524K(98816K)->66779K(101376K)
[498.636s][info][gc,heap        ] GC(1737) ParOldGen: 524572K(667648K)->524572K(667648K)
[498.636s][info][gc,metaspace   ] GC(1737) Metaspace: 18990K(19200K)->18990K(19200K) NonClass: 16329K(16448K)->16329K(16448K) Class: 2660K(2752K)->2660K(2752K)
[498.636s][info][gc             ] GC(1737) Pause Young (Allocation Failure) 685M->577M(867M) 61.924ms
[498.636s][info][gc,cpu         ] GC(1737) User=0.12s Sys=0.00s Real=0.06s
[498.781s][info][gc,start       ] GC(1738) Pause Young (Allocation Failure)
[498.851s][info][gc,heap        ] GC(1738) PSYoungGen: 185563K(220160K)->74204K(218112K) Eden: 118784K(118784K)->0K(111616K) From: 66779K(101376K)->74204K(106496K)
[498.851s][info][gc,heap        ] GC(1738) ParOldGen: 524572K(667648K)->524572K(667648K)
[498.851s][info][gc,metaspace   ] GC(1738) Metaspace: 18990K(19200K)->18990K(19200K) NonClass: 16329K(16448K)->16329K(16448K) Class: 2660K(2752K)->2660K(2752K)
[498.851s][info][gc             ] GC(1738) Pause Young (Allocation Failure) 693M->584M(865M) 69.607ms
[498.851s][info][gc,cpu         ] GC(1738) User=0.14s Sys=0.00s Real=0.07s
[498.945s][info][gc,start       ] GC(1739) Pause Young (Allocation Failure)
[499.002s][info][gc,heap        ] GC(1739) PSYoungGen: 185820K(218112K)->45872K(222720K) Eden: 111616K(111616K)->0K(111616K) From: 74204K(106496K)->45872K(111104K)
[499.002s][info][gc,heap        ] GC(1739) ParOldGen: 524572K(667648K)->546184K(667648K)
[499.002s][info][gc,metaspace   ] GC(1739) Metaspace: 18990K(19200K)->18990K(19200K) NonClass: 16329K(16448K)->16329K(16448K) Class: 2660K(2752K)->2660K(2752K)
[499.002s][info][gc             ] GC(1739) Pause Young (Allocation Failure) 693M->578M(869M) 56.760ms
[499.002s][info][gc,cpu         ] GC(1739) User=0.11s Sys=0.00s Real=0.05s
[499.062s][info][gc,start       ] GC(1740) Pause Young (Allocation Failure)
[499.126s][info][gc,heap        ] GC(1740) PSYoungGen: 157488K(222720K)->86736K(218624K) Eden: 111616K(111616K)->0K(111616K) From: 45872K(111104K)->86736K(107008K)
[499.126s][info][gc,heap        ] GC(1740) ParOldGen: 546184K(667648K)->546184K(667648K)
[499.126s][info][gc,metaspace   ] GC(1740) Metaspace: 18990K(19200K)->18990K(19200K) NonClass: 16329K(16448K)->16329K(16448K) Class: 2660K(2752K)->2660K(2752K)
[499.126s][info][gc             ] GC(1740) Pause Young (Allocation Failure) 687M->618M(865M) 63.501ms
[499.126s][info][gc,cpu         ] GC(1740) User=0.12s Sys=0.00s Real=0.07s
[499.326s][info][gc,start       ] GC(1741) Pause Young (Allocation Failure)
[499.384s][info][gc,heap        ] GC(1741) PSYoungGen: 198352K(218624K)->89808K(222720K) Eden: 111616K(111616K)->0K(111616K) From: 86736K(107008K)->89808K(111104K)
[499.384s][info][gc,heap        ] GC(1741) ParOldGen: 546184K(667648K)->546320K(667648K)
[499.384s][info][gc,metaspace   ] GC(1741) Metaspace: 18990K(19200K)->18990K(19200K) NonClass: 16329K(16448K)->16329K(16448K) Class: 2660K(2752K)->2660K(2752K)
[499.384s][info][gc             ] GC(1741) Pause Young (Allocation Failure) 727M->621M(869M) 58.560ms
[499.384s][info][gc,cpu         ] GC(1741) User=0.11s Sys=0.00s Real=0.06s
[499.555s][info][gc,start       ] GC(1742) Pause Young (Allocation Failure)
[499.635s][info][gc,heap        ] GC(1742) PSYoungGen: 201424K(222720K)->92928K(222720K) Eden: 111616K(111616K)->0K(111616K) From: 89808K(111104K)->92928K(111104K)
[499.635s][info][gc,heap        ] GC(1742) ParOldGen: 546320K(667648K)->546408K(667648K)
[499.635s][info][gc,metaspace   ] GC(1742) Metaspace: 18990K(19200K)->18990K(19200K) NonClass: 16329K(16448K)->16329K(16448K) Class: 2660K(2752K)->2660K(2752K)
[499.635s][info][gc             ] GC(1742) Pause Young (Allocation Failure) 730M->624M(869M) 80.306ms
[499.635s][info][gc,cpu         ] GC(1742) User=0.16s Sys=0.01s Real=0.08s
[499.757s][info][gc,start       ] GC(1743) Pause Young (Allocation Failure)
[499.868s][info][gc,heap        ] GC(1743) PSYoungGen: 204544K(222720K)->111072K(222720K) Eden: 111616K(111616K)->0K(111616K) From: 92928K(111104K)->111072K(111104K)
[499.868s][info][gc,heap        ] GC(1743) ParOldGen: 546408K(667648K)->552232K(667648K)
[499.868s][info][gc,metaspace   ] GC(1743) Metaspace: 18990K(19200K)->18990K(19200K) NonClass: 16329K(16448K)->16329K(16448K) Class: 2660K(2752K)->2660K(2752K)
[499.868s][info][gc             ] GC(1743) Pause Young (Allocation Failure) 733M->647M(869M) 110.526ms
[499.868s][info][gc,cpu         ] GC(1743) User=0.22s Sys=0.00s Real=0.11s
[500.006s][info][gc,start       ] GC(1744) Pause Young (Allocation Failure)
[500.127s][info][gc,heap        ] GC(1744) PSYoungGen: 222688K(222720K)->95312K(222720K) Eden: 111616K(111616K)->0K(111616K) From: 111072K(111104K)->95312K(111104K)
[500.127s][info][gc,heap        ] GC(1744) ParOldGen: 552232K(667648K)->583232K(667648K)
[500.127s][info][gc,metaspace   ] GC(1744) Metaspace: 18990K(19200K)->18990K(19200K) NonClass: 16329K(16448K)->16329K(16448K) Class: 2660K(2752K)->2660K(2752K)
[500.127s][info][gc             ] GC(1744) Pause Young (Allocation Failure) 756M->662M(869M) 121.277ms
[500.127s][info][gc,cpu         ] GC(1744) User=0.24s Sys=0.00s Real=0.12s
[500.221s][info][gc,start       ] GC(1745) Pause Young (Allocation Failure)
[500.314s][info][gc,heap        ] GC(1745) PSYoungGen: 206928K(222720K)->51840K(222720K) Eden: 111616K(111616K)->0K(111616K) From: 95312K(111104K)->51840K(111104K)
[500.314s][info][gc,heap        ] GC(1745) ParOldGen: 583232K(667648K)->627784K(667648K)
[500.314s][info][gc,metaspace   ] GC(1745) Metaspace: 18990K(19200K)->18990K(19200K) NonClass: 16329K(16448K)->16329K(16448K) Class: 2660K(2752K)->2660K(2752K)
[500.314s][info][gc             ] GC(1745) Pause Young (Allocation Failure) 771M->663M(869M) 92.883ms
[500.314s][info][gc,cpu         ] GC(1745) User=0.18s Sys=0.00s Real=0.10s
[500.448s][info][gc,start       ] GC(1746) Pause Full (Allocation Failure)
[500.448s][info][gc,phases,start] GC(1746) Marking Phase
[500.814s][info][gc,phases      ] GC(1746) Marking Phase 366.328ms
[500.814s][info][gc,phases,start] GC(1746) Summary Phase
[500.814s][info][gc,phases      ] GC(1746) Summary Phase 0.026ms
[500.814s][info][gc,phases,start] GC(1746) Forward
[500.928s][info][gc,phases      ] GC(1746) Forward 113.178ms
[500.928s][info][gc,phases,start] GC(1746) Adjust Pointers
[501.197s][info][gc,phases      ] GC(1746) Adjust Pointers 269.170ms
[501.197s][info][gc,phases,start] GC(1746) Compaction Phase
[501.352s][info][gc,phases      ] GC(1746) Compaction Phase 155.359ms
[501.363s][info][gc,phases,start] GC(1746) Post Compact
[501.366s][info][gc,phases      ] GC(1746) Post Compact 2.319ms
[501.366s][info][gc,heap        ] GC(1746) PSYoungGen: 163456K(222720K)->0K(222720K) Eden: 111616K(111616K)->0K(111616K) From: 51840K(111104K)->0K(111104K)
[501.366s][info][gc,heap        ] GC(1746) ParOldGen: 627784K(667648K)->511521K(667648K)
[501.366s][info][gc,metaspace   ] GC(1746) Metaspace: 18990K(19200K)->18990K(19200K) NonClass: 16329K(16448K)->16329K(16448K) Class: 2660K(2752K)->2660K(2752K)
[501.366s][info][gc             ] GC(1746) Pause Full (Allocation Failure) 772M->499M(869M) 917.886ms
[501.366s][info][gc,cpu         ] GC(1746) User=1.73s Sys=0.00s Real=0.92s
[501.483s][info][gc,start       ] GC(1747) Pause Young (Allocation Failure)
[501.491s][info][gc,heap        ] GC(1747) PSYoungGen: 111616K(222720K)->4000K(222720K) Eden: 111616K(111616K)->0K(111616K) From: 0K(111104K)->4000K(111104K)
[501.491s][info][gc,heap        ] GC(1747) ParOldGen: 511521K(667648K)->511521K(667648K)
[501.491s][info][gc,metaspace   ] GC(1747) Metaspace: 18990K(19200K)->18990K(19200K) NonClass: 16329K(16448K)->16329K(16448K) Class: 2660K(2752K)->2660K(2752K)
[501.491s][info][gc             ] GC(1747) Pause Young (Allocation Failure) 608M->503M(869M) 8.069ms
[501.491s][info][gc,cpu         ] GC(1747) User=0.02s Sys=0.00s Real=0.01s
[501.692s][info][gc,start       ] GC(1748) Pause Young (Allocation Failure)
[501.717s][info][gc,heap        ] GC(1748) PSYoungGen: 115616K(222720K)->13888K(222720K) Eden: 111616K(111616K)->0K(111616K) From: 4000K(111104K)->13888K(111104K)
[501.717s][info][gc,heap        ] GC(1748) ParOldGen: 511521K(667648K)->511521K(667648K)
[501.717s][info][gc,metaspace   ] GC(1748) Metaspace: 18990K(19200K)->18990K(19200K) NonClass: 16329K(16448K)->16329K(16448K) Class: 2660K(2752K)->2660K(2752K)
[501.717s][info][gc             ] GC(1748) Pause Young (Allocation Failure) 612M->513M(869M) 25.215ms
[501.717s][info][gc,cpu         ] GC(1748) User=0.05s Sys=0.00s Real=0.03s
[501.860s][info][gc,start       ] GC(1749) Pause Young (Allocation Failure)
[501.897s][info][gc,heap        ] GC(1749) PSYoungGen: 125504K(222720K)->17088K(222720K) Eden: 111616K(111616K)->0K(111616K) From: 13888K(111104K)->17088K(111104K)
[501.897s][info][gc,heap        ] GC(1749) ParOldGen: 511521K(667648K)->525402K(667648K)
[501.897s][info][gc,metaspace   ] GC(1749) Metaspace: 18990K(19200K)->18990K(19200K) NonClass: 16329K(16448K)->16329K(16448K) Class: 2660K(2752K)->2660K(2752K)
[501.897s][info][gc             ] GC(1749) Pause Young (Allocation Failure) 622M->529M(869M) 36.505ms
[501.897s][info][gc,cpu         ] GC(1749) User=0.07s Sys=0.00s Real=0.04s
[502.082s][info][gc,start       ] GC(1750) Pause Young (Allocation Failure)
[502.118s][info][gc,heap        ] GC(1750) PSYoungGen: 128704K(222720K)->24832K(222720K) Eden: 111616K(111616K)->0K(111616K) From: 17088K(111104K)->24832K(111104K)
[502.118s][info][gc,heap        ] GC(1750) ParOldGen: 525402K(667648K)->542498K(667648K)
[502.118s][info][gc,metaspace   ] GC(1750) Metaspace: 18995K(19200K)->18995K(19200K) NonClass: 16335K(16448K)->16335K(16448K) Class: 2660K(2752K)->2660K(2752K)
[502.119s][info][gc             ] GC(1750) Pause Young (Allocation Failure) 638M->554M(869M) 36.186ms
[502.119s][info][gc,cpu         ] GC(1750) User=0.07s Sys=0.00s Real=0.04s
[502.257s][info][gc,start       ] GC(1751) Pause Young (Allocation Failure)
[502.286s][info][gc,heap        ] GC(1751) PSYoungGen: 136448K(222720K)->16576K(222720K) Eden: 111616K(111616K)->0K(111616K) From: 24832K(111104K)->16576K(111104K)
[502.286s][info][gc,heap        ] GC(1751) ParOldGen: 542498K(667648K)->567586K(667648K)
[502.286s][info][gc,metaspace   ] GC(1751) Metaspace: 18995K(19200K)->18995K(19200K) NonClass: 16335K(16448K)->16335K(16448K) Class: 2660K(2752K)->2660K(2752K)
[502.286s][info][gc             ] GC(1751) Pause Young (Allocation Failure) 663M->570M(869M) 29.649ms
[502.286s][info][gc,cpu         ] GC(1751) User=0.06s Sys=0.00s Real=0.03s
[502.459s][info][gc,start       ] GC(1752) Pause Young (Allocation Failure)
[502.490s][info][gc,heap        ] GC(1752) PSYoungGen: 128192K(222720K)->9856K(222720K) Eden: 111616K(111616K)->0K(111616K) From: 16576K(111104K)->9856K(111104K)
[502.490s][info][gc,heap        ] GC(1752) ParOldGen: 567586K(667648K)->584263K(667648K)
[502.490s][info][gc,metaspace   ] GC(1752) Metaspace: 18995K(19200K)->18995K(19200K) NonClass: 16335K(16448K)->16335K(16448K) Class: 2660K(2752K)->2660K(2752K)
[502.490s][info][gc             ] GC(1752) Pause Young (Allocation Failure) 679M->580M(869M) 30.740ms
[502.490s][info][gc,cpu         ] GC(1752) User=0.06s Sys=0.00s Real=0.03s
[502.676s][info][gc,start       ] GC(1753) Pause Young (Allocation Failure)
[502.698s][info][gc,heap        ] GC(1753) PSYoungGen: 121472K(222720K)->6112K(222720K) Eden: 111616K(111616K)->0K(111616K) From: 9856K(111104K)->6112K(111104K)
[502.698s][info][gc,heap        ] GC(1753) ParOldGen: 584263K(667648K)->594119K(667648K)
[502.698s][info][gc,metaspace   ] GC(1753) Metaspace: 18995K(19200K)->18995K(19200K) NonClass: 16335K(16448K)->16335K(16448K) Class: 2660K(2752K)->2660K(2752K)
[502.698s][info][gc             ] GC(1753) Pause Young (Allocation Failure) 689M->586M(869M) 22.531ms
[502.698s][info][gc,cpu         ] GC(1753) User=0.04s Sys=0.00s Real=0.02s
[502.827s][info][gc,start       ] GC(1754) Pause Young (Allocation Failure)
[502.850s][info][gc,heap        ] GC(1754) PSYoungGen: 117728K(222720K)->14752K(222720K) Eden: 111616K(111616K)->0K(111616K) From: 6112K(111104K)->14752K(111104K)
[502.850s][info][gc,heap        ] GC(1754) ParOldGen: 594119K(667648K)->600191K(667648K)
[502.850s][info][gc,metaspace   ] GC(1754) Metaspace: 18995K(19200K)->18995K(19200K) NonClass: 16335K(16448K)->16335K(16448K) Class: 2660K(2752K)->2660K(2752K)
[502.850s][info][gc             ] GC(1754) Pause Young (Allocation Failure) 695M->600M(869M) 22.917ms
[502.850s][info][gc,cpu         ] GC(1754) User=0.04s Sys=0.00s Real=0.02s
[502.970s][info][gc,start       ] GC(1755) Pause Young (Allocation Failure)
[502.989s][info][gc,heap        ] GC(1755) PSYoungGen: 126368K(222720K)->992K(222720K) Eden: 111616K(111616K)->0K(111616K) From: 14752K(111104K)->992K(111104K)
[502.989s][info][gc,heap        ] GC(1755) ParOldGen: 600191K(667648K)->614951K(667648K)
[502.989s][info][gc,metaspace   ] GC(1755) Metaspace: 18995K(19200K)->18995K(19200K) NonClass: 16335K(16448K)->16335K(16448K) Class: 2660K(2752K)->2660K(2752K)
[502.989s][info][gc             ] GC(1755) Pause Young (Allocation Failure) 709M->601M(869M) 19.173ms
[502.989s][info][gc,cpu         ] GC(1755) User=0.04s Sys=0.00s Real=0.02s
[503.119s][info][gc,start       ] GC(1756) Pause Young (Allocation Failure)
[503.130s][info][gc,heap        ] GC(1756) PSYoungGen: 112608K(222720K)->7104K(222720K) Eden: 111616K(111616K)->0K(111616K) From: 992K(111104K)->7104K(111104K)
[503.130s][info][gc,heap        ] GC(1756) ParOldGen: 614951K(667648K)->615911K(667648K)
[503.130s][info][gc,metaspace   ] GC(1756) Metaspace: 18995K(19200K)->18995K(19200K) NonClass: 16335K(16448K)->16335K(16448K) Class: 2660K(2752K)->2660K(2752K)
[503.130s][info][gc             ] GC(1756) Pause Young (Allocation Failure) 710M->608M(869M) 11.044ms
[503.130s][info][gc,cpu         ] GC(1756) User=0.02s Sys=0.00s Real=0.01s
[503.366s][info][gc,start       ] GC(1757) Pause Young (Allocation Failure)
[503.385s][info][gc,heap        ] GC(1757) PSYoungGen: 118720K(222720K)->9408K(121344K) Eden: 111616K(111616K)->0K(111616K) From: 7104K(111104K)->9408K(9728K)
[503.385s][info][gc,heap        ] GC(1757) ParOldGen: 615911K(667648K)->622999K(667648K)
[503.385s][info][gc,metaspace   ] GC(1757) Metaspace: 18995K(19200K)->18995K(19200K) NonClass: 16335K(16448K)->16335K(16448K) Class: 2660K(2752K)->2660K(2752K)
[503.385s][info][gc             ] GC(1757) Pause Young (Allocation Failure) 717M->617M(770M) 19.283ms
[503.385s][info][gc,cpu         ] GC(1757) User=0.04s Sys=0.00s Real=0.02s
[503.672s][info][gc,start       ] GC(1758) Pause Young (Allocation Failure)
[503.683s][info][gc,heap        ] GC(1758) PSYoungGen: 121024K(121344K)->9408K(218624K) Eden: 111616K(111616K)->0K(115200K) From: 9408K(9728K)->9408K(103424K)
[503.683s][info][gc,heap        ] GC(1758) ParOldGen: 622999K(667648K)->622999K(667648K)
[503.683s][info][gc,metaspace   ] GC(1758) Metaspace: 18995K(19200K)->18995K(19200K) NonClass: 16335K(16448K)->16335K(16448K) Class: 2660K(2752K)->2660K(2752K)
[503.683s][info][gc             ] GC(1758) Pause Young (Allocation Failure) 726M->617M(865M) 11.126ms
[503.683s][info][gc,cpu         ] GC(1758) User=0.02s Sys=0.00s Real=0.01s
[503.932s][info][gc,start       ] GC(1759) Pause Young (Allocation Failure)
[503.944s][info][gc,heap        ] GC(1759) PSYoungGen: 124608K(218624K)->9440K(124928K) Eden: 115200K(115200K)->0K(115200K) From: 9408K(103424K)->9440K(9728K)
[503.944s][info][gc,heap        ] GC(1759) ParOldGen: 622999K(667648K)->622999K(667648K)
[503.944s][info][gc,metaspace   ] GC(1759) Metaspace: 18995K(19200K)->18995K(19200K) NonClass: 16335K(16448K)->16335K(16448K) Class: 2660K(2752K)->2660K(2752K)
[503.944s][info][gc             ] GC(1759) Pause Young (Allocation Failure) 730M->617M(774M) 11.713ms
[503.944s][info][gc,cpu         ] GC(1759) User=0.03s Sys=0.00s Real=0.02s
[504.187s][info][gc,start       ] GC(1760) Pause Young (Allocation Failure)
[504.202s][info][gc,heap        ] GC(1760) PSYoungGen: 124640K(124928K)->9440K(206848K) Eden: 115200K(115200K)->0K(117760K) From: 9440K(9728K)->9440K(89088K)
[504.202s][info][gc,heap        ] GC(1760) ParOldGen: 622999K(667648K)->622999K(667648K)
[504.202s][info][gc,metaspace   ] GC(1760) Metaspace: 18995K(19200K)->18995K(19200K) NonClass: 16335K(16448K)->16335K(16448K) Class: 2660K(2752K)->2660K(2752K)
[504.203s][info][gc             ] GC(1760) Pause Young (Allocation Failure) 730M->617M(854M) 15.930ms
[504.203s][info][gc,cpu         ] GC(1760) User=0.03s Sys=0.00s Real=0.01s
[504.395s][info][gc,start       ] GC(1761) Pause Young (Allocation Failure)
[504.421s][info][gc,heap        ] GC(1761) PSYoungGen: 127200K(206848K)->26800K(144896K) Eden: 117760K(117760K)->0K(117760K) From: 9440K(89088K)->26800K(27136K)
[504.421s][info][gc,heap        ] GC(1761) ParOldGen: 622999K(667648K)->622999K(667648K)
[504.421s][info][gc,metaspace   ] GC(1761) Metaspace: 18998K(19200K)->18998K(19200K) NonClass: 16338K(16448K)->16338K(16448K) Class: 2660K(2752K)->2660K(2752K)
[504.421s][info][gc             ] GC(1761) Pause Young (Allocation Failure) 732M->634M(793M) 25.653ms
[504.421s][info][gc,cpu         ] GC(1761) User=0.05s Sys=0.00s Real=0.02s
[504.494s][info][gc,start       ] GC(1762) Pause Young (Allocation Failure)
[504.546s][info][gc,heap        ] GC(1762) PSYoungGen: 144560K(144896K)->68848K(199680K) Eden: 117760K(117760K)->0K(110592K) From: 26800K(27136K)->68848K(89088K)
[504.546s][info][gc,heap        ] GC(1762) ParOldGen: 622999K(667648K)->622999K(667648K)
[504.546s][info][gc,metaspace   ] GC(1762) Metaspace: 18998K(19200K)->18998K(19200K) NonClass: 16338K(16448K)->16338K(16448K) Class: 2660K(2752K)->2660K(2752K)
[504.546s][info][gc             ] GC(1762) Pause Young (Allocation Failure) 749M->675M(847M) 51.835ms
[504.546s][info][gc,cpu         ] GC(1762) User=0.10s Sys=0.00s Real=0.05s
[504.713s][info][gc,start       ] GC(1763) Pause Young (Allocation Failure)
[504.767s][info][gc,heap        ] GC(1763) PSYoungGen: 179440K(199680K)->79552K(209920K) Eden: 110592K(110592K)->0K(110592K) From: 68848K(89088K)->79552K(99328K)
[504.767s][info][gc,heap        ] GC(1763) ParOldGen: 622999K(667648K)->622999K(667648K)
[504.767s][info][gc,metaspace   ] GC(1763) Metaspace: 18998K(19200K)->18998K(19200K) NonClass: 16338K(16448K)->16338K(16448K) Class: 2660K(2752K)->2660K(2752K)
[504.767s][info][gc             ] GC(1763) Pause Young (Allocation Failure) 783M->686M(857M) 53.872ms
[504.767s][info][gc,cpu         ] GC(1763) User=0.11s Sys=0.00s Real=0.05s
[504.911s][info][gc,start       ] GC(1764) Pause Young (Allocation Failure)
[504.974s][info][gc,heap        ] GC(1764) PSYoungGen: 190144K(209920K)->71984K(222720K) Eden: 110592K(110592K)->0K(111616K) From: 79552K(99328K)->71984K(111104K)
[504.974s][info][gc,heap        ] GC(1764) ParOldGen: 622999K(667648K)->632429K(667648K)
[504.974s][info][gc,metaspace   ] GC(1764) Metaspace: 18998K(19200K)->18998K(19200K) NonClass: 16338K(16448K)->16338K(16448K) Class: 2660K(2752K)->2660K(2752K)
[504.974s][info][gc             ] GC(1764) Pause Young (Allocation Failure) 794M->687M(869M) 63.694ms
[504.974s][info][gc,cpu         ] GC(1764) User=0.13s Sys=0.01s Real=0.07s
[505.159s][info][gc,start       ] GC(1765) Pause Young (Allocation Failure)
[505.243s][info][gc,heap        ] GC(1765) PSYoungGen: 183600K(222720K)->88496K(222720K) Eden: 111616K(111616K)->0K(111616K) From: 71984K(111104K)->88496K(111104K)
[505.243s][info][gc,heap        ] GC(1765) ParOldGen: 632429K(667648K)->632445K(667648K)
[505.243s][info][gc,metaspace   ] GC(1765) Metaspace: 18998K(19200K)->18998K(19200K) NonClass: 16338K(16448K)->16338K(16448K) Class: 2660K(2752K)->2660K(2752K)
[505.243s][info][gc             ] GC(1765) Pause Young (Allocation Failure) 796M->704M(869M) 83.743ms
[505.243s][info][gc,cpu         ] GC(1765) User=0.16s Sys=0.00s Real=0.09s
[505.417s][info][gc,start       ] GC(1766) Pause Young (Allocation Failure)
[505.497s][info][gc,promotion   ] GC(1766) Promotion failed
[505.497s][info][gc,heap        ] GC(1766) PSYoungGen: 200112K(222720K)->200112K(222720K) Eden: 111616K(111616K)->111616K(111616K) From: 88496K(111104K)->88496K(111104K)
[505.497s][info][gc,heap        ] GC(1766) ParOldGen: 632445K(667648K)->667644K(667648K)
[505.497s][info][gc,metaspace   ] GC(1766) Metaspace: 18998K(19200K)->18998K(19200K) NonClass: 16338K(16448K)->16338K(16448K) Class: 2660K(2752K)->2660K(2752K)
[505.497s][info][gc             ] GC(1766) Pause Young (Allocation Failure) 813M->847M(869M) 80.628ms
[505.497s][info][gc,cpu         ] GC(1766) User=0.16s Sys=0.00s Real=0.08s
[505.497s][info][gc,start       ] GC(1767) Pause Full (Allocation Failure)
[505.497s][info][gc,phases,start] GC(1767) Marking Phase
[505.770s][info][gc,phases      ] GC(1767) Marking Phase 272.197ms
[505.770s][info][gc,phases,start] GC(1767) Summary Phase
[505.770s][info][gc,phases      ] GC(1767) Summary Phase 0.029ms
[505.770s][info][gc,phases,start] GC(1767) Forward
[505.909s][info][gc,phases      ] GC(1767) Forward 139.720ms
[505.909s][info][gc,phases,start] GC(1767) Adjust Pointers
[506.123s][info][gc,phases      ] GC(1767) Adjust Pointers 213.138ms
[506.123s][info][gc,phases,start] GC(1767) Compaction Phase
[506.243s][info][gc,phases      ] GC(1767) Compaction Phase 120.439ms
[506.257s][info][gc,phases,start] GC(1767) Post Compact
[506.260s][info][gc,phases      ] GC(1767) Post Compact 2.600ms
[506.260s][info][gc,heap        ] GC(1767) PSYoungGen: 200112K(222720K)->0K(222720K) Eden: 111616K(111616K)->0K(111616K) From: 88496K(111104K)->0K(111104K)
[506.260s][info][gc,heap        ] GC(1767) ParOldGen: 667644K(667648K)->394277K(667648K)
[506.260s][info][gc,metaspace   ] GC(1767) Metaspace: 18998K(19200K)->18998K(19200K) NonClass: 16338K(16448K)->16338K(16448K) Class: 2660K(2752K)->2660K(2752K)
[506.260s][info][gc             ] GC(1767) Pause Full (Allocation Failure) 847M->385M(869M) 762.291ms
[506.260s][info][gc,cpu         ] GC(1767) User=1.34s Sys=0.00s Real=0.76s
[506.332s][info][gc,start       ] GC(1768) Pause Young (Allocation Failure)
[506.357s][info][gc,heap        ] GC(1768) PSYoungGen: 111616K(222720K)->34240K(222720K) Eden: 111616K(111616K)->0K(111616K) From: 0K(111104K)->34240K(111104K)
[506.357s][info][gc,heap        ] GC(1768) ParOldGen: 394277K(667648K)->394277K(667648K)
[506.357s][info][gc,metaspace   ] GC(1768) Metaspace: 19000K(19200K)->19000K(19200K) NonClass: 16340K(16448K)->16340K(16448K) Class: 2660K(2752K)->2660K(2752K)
[506.357s][info][gc             ] GC(1768) Pause Young (Allocation Failure) 494M->418M(869M) 24.548ms
[506.357s][info][gc,cpu         ] GC(1768) User=0.05s Sys=0.00s Real=0.03s
[506.438s][info][gc,start       ] GC(1769) Pause Young (Allocation Failure)
[506.481s][info][gc,heap        ] GC(1769) PSYoungGen: 145856K(222720K)->67936K(222720K) Eden: 111616K(111616K)->0K(111616K) From: 34240K(111104K)->67936K(111104K)
[506.481s][info][gc,heap        ] GC(1769) ParOldGen: 394277K(667648K)->394277K(667648K)
[506.481s][info][gc,metaspace   ] GC(1769) Metaspace: 19000K(19200K)->19000K(19200K) NonClass: 16340K(16448K)->16340K(16448K) Class: 2660K(2752K)->2660K(2752K)
[506.481s][info][gc             ] GC(1769) Pause Young (Allocation Failure) 527M->451M(869M) 43.109ms
[506.481s][info][gc,cpu         ] GC(1769) User=0.09s Sys=0.00s Real=0.04s
[506.617s][info][gc,start       ] GC(1770) Pause Young (Allocation Failure)
[506.660s][info][gc,heap        ] GC(1770) PSYoungGen: 179552K(222720K)->36064K(222720K) Eden: 111616K(111616K)->0K(111616K) From: 67936K(111104K)->36064K(111104K)
[506.660s][info][gc,heap        ] GC(1770) ParOldGen: 394277K(667648K)->428893K(667648K)
[506.660s][info][gc,metaspace   ] GC(1770) Metaspace: 19000K(19200K)->19000K(19200K) NonClass: 16340K(16448K)->16340K(16448K) Class: 2660K(2752K)->2660K(2752K)
[506.660s][info][gc             ] GC(1770) Pause Young (Allocation Failure) 560M->454M(869M) 42.920ms
[506.660s][info][gc,cpu         ] GC(1770) User=0.08s Sys=0.00s Real=0.04s
[506.780s][info][gc,start       ] GC(1771) Pause Young (Allocation Failure)
[506.812s][info][gc,heap        ] GC(1771) PSYoungGen: 147680K(222720K)->1600K(222720K) Eden: 111616K(111616K)->0K(111616K) From: 36064K(111104K)->1600K(111104K)
[506.812s][info][gc,heap        ] GC(1771) ParOldGen: 428893K(667648K)->465324K(667648K)
[506.812s][info][gc,metaspace   ] GC(1771) Metaspace: 19000K(19200K)->19000K(19200K) NonClass: 16340K(16448K)->16340K(16448K) Class: 2660K(2752K)->2660K(2752K)
[506.812s][info][gc             ] GC(1771) Pause Young (Allocation Failure) 563M->455M(869M) 32.075ms
[506.812s][info][gc,cpu         ] GC(1771) User=0.07s Sys=0.00s Real=0.03s
[506.952s][info][gc,start       ] GC(1772) Pause Young (Allocation Failure)
[506.981s][info][gc,heap        ] GC(1772) PSYoungGen: 113216K(222720K)->16608K(222720K) Eden: 111616K(111616K)->0K(111616K) From: 1600K(111104K)->16608K(111104K)
[506.981s][info][gc,heap        ] GC(1772) ParOldGen: 465324K(667648K)->466884K(667648K)
[506.981s][info][gc,metaspace   ] GC(1772) Metaspace: 19000K(19200K)->19000K(19200K) NonClass: 16340K(16448K)->16340K(16448K) Class: 2660K(2752K)->2660K(2752K)
[506.981s][info][gc             ] GC(1772) Pause Young (Allocation Failure) 564M->472M(869M) 28.871ms
[506.981s][info][gc,cpu         ] GC(1772) User=0.06s Sys=0.00s Real=0.03s
[507.131s][info][gc,start       ] GC(1773) Pause Young (Allocation Failure)
[507.154s][info][gc,heap        ] GC(1773) PSYoungGen: 128224K(222720K)->64K(222720K) Eden: 111616K(111616K)->0K(111616K) From: 16608K(111104K)->64K(111104K)
[507.154s][info][gc,heap        ] GC(1773) ParOldGen: 466884K(667648K)->483492K(667648K)
[507.154s][info][gc,metaspace   ] GC(1773) Metaspace: 19000K(19200K)->19000K(19200K) NonClass: 16340K(16448K)->16340K(16448K) Class: 2660K(2752K)->2660K(2752K)
[507.154s][info][gc             ] GC(1773) Pause Young (Allocation Failure) 581M->472M(869M) 22.800ms
[507.154s][info][gc,cpu         ] GC(1773) User=0.04s Sys=0.00s Real=0.03s
[507.302s][info][gc,start       ] GC(1774) Pause Young (Allocation Failure)
[507.303s][info][gc,heap        ] GC(1774) PSYoungGen: 111680K(222720K)->64K(112128K) Eden: 111616K(111616K)->0K(111616K) From: 64K(111104K)->64K(512K)
[507.303s][info][gc,heap        ] GC(1774) ParOldGen: 483492K(667648K)->483492K(667648K)
[507.303s][info][gc,metaspace   ] GC(1774) Metaspace: 19000K(19200K)->19000K(19200K) NonClass: 16340K(16448K)->16340K(16448K) Class: 2660K(2752K)->2660K(2752K)
[507.303s][info][gc             ] GC(1774) Pause Young (Allocation Failure) 581M->472M(761M) 1.674ms
[507.303s][info][gc,cpu         ] GC(1774) User=0.00s Sys=0.01s Real=0.01s
[507.450s][info][gc,start       ] GC(1775) Pause Young (Allocation Failure)
[507.451s][info][gc,heap        ] GC(1775) PSYoungGen: 111680K(112128K)->64K(221696K) Eden: 111616K(111616K)->0K(114688K) From: 64K(512K)->64K(107008K)
[507.451s][info][gc,heap        ] GC(1775) ParOldGen: 483492K(667648K)->483492K(667648K)
[507.452s][info][gc,metaspace   ] GC(1775) Metaspace: 19000K(19200K)->19000K(19200K) NonClass: 16340K(16448K)->16340K(16448K) Class: 2660K(2752K)->2660K(2752K)
[507.452s][info][gc             ] GC(1775) Pause Young (Allocation Failure) 581M->472M(868M) 1.687ms
[507.452s][info][gc,cpu         ] GC(1775) User=0.00s Sys=0.00s Real=0.00s
[507.601s][info][gc,start       ] GC(1776) Pause Young (Allocation Failure)
[507.602s][info][gc,heap        ] GC(1776) PSYoungGen: 114752K(221696K)->64K(220672K) Eden: 114688K(114688K)->0K(114688K) From: 64K(107008K)->64K(105984K)
[507.602s][info][gc,heap        ] GC(1776) ParOldGen: 483492K(667648K)->483492K(667648K)
[507.602s][info][gc,metaspace   ] GC(1776) Metaspace: 19000K(19200K)->19000K(19200K) NonClass: 16340K(16448K)->16340K(16448K) Class: 2660K(2752K)->2660K(2752K)
[507.602s][info][gc             ] GC(1776) Pause Young (Allocation Failure) 584M->472M(867M) 1.686ms
[507.602s][info][gc,cpu         ] GC(1776) User=0.00s Sys=0.00s Real=0.00s
[507.752s][info][gc,start       ] GC(1777) Pause Young (Allocation Failure)
[507.754s][info][gc,heap        ] GC(1777) PSYoungGen: 114752K(220672K)->64K(211968K) Eden: 114688K(114688K)->0K(117760K) From: 64K(105984K)->64K(94208K)
[507.754s][info][gc,heap        ] GC(1777) ParOldGen: 483492K(667648K)->483492K(667648K)
[507.754s][info][gc,metaspace   ] GC(1777) Metaspace: 19000K(19200K)->19000K(19200K) NonClass: 16340K(16448K)->16340K(16448K) Class: 2660K(2752K)->2660K(2752K)
[507.754s][info][gc             ] GC(1777) Pause Young (Allocation Failure) 584M->472M(859M) 1.652ms
[507.754s][info][gc,cpu         ] GC(1777) User=0.00s Sys=0.00s Real=0.01s
[507.907s][info][gc,start       ] GC(1778) Pause Young (Allocation Failure)
[507.908s][info][gc,heap        ] GC(1778) PSYoungGen: 117824K(211968K)->64K(118272K) Eden: 117760K(117760K)->0K(117760K) From: 64K(94208K)->64K(512K)
[507.908s][info][gc,heap        ] GC(1778) ParOldGen: 483492K(667648K)->483492K(667648K)
[507.908s][info][gc,metaspace   ] GC(1778) Metaspace: 19000K(19200K)->19000K(19200K) NonClass: 16340K(16448K)->16340K(16448K) Class: 2660K(2752K)->2660K(2752K)
[507.908s][info][gc             ] GC(1778) Pause Young (Allocation Failure) 587M->472M(767M) 1.699ms
[507.908s][info][gc,cpu         ] GC(1778) User=0.00s Sys=0.00s Real=0.00s
[508.030s][info][gc,start       ] GC(1779) Pause Young (Allocation Failure)
[508.048s][info][gc,heap        ] GC(1779) PSYoungGen: 117824K(118272K)->15616K(202240K) Eden: 117760K(117760K)->0K(120832K) From: 64K(512K)->15616K(81408K)
[508.048s][info][gc,heap        ] GC(1779) ParOldGen: 483492K(667648K)->483492K(667648K)
[508.048s][info][gc,metaspace   ] GC(1779) Metaspace: 19000K(19200K)->19000K(19200K) NonClass: 16340K(16448K)->16340K(16448K) Class: 2660K(2752K)->2660K(2752K)
[508.048s][info][gc             ] GC(1779) Pause Young (Allocation Failure) 587M->487M(849M) 18.458ms
[508.048s][info][gc,cpu         ] GC(1779) User=0.03s Sys=0.00s Real=0.02s
[508.173s][info][gc,start       ] GC(1780) Pause Young (Allocation Failure)
[508.205s][info][gc,heap        ] GC(1780) PSYoungGen: 136448K(202240K)->31392K(208896K) Eden: 120832K(120832K)->0K(120832K) From: 15616K(81408K)->31392K(88064K)
[508.205s][info][gc,heap        ] GC(1780) ParOldGen: 483492K(667648K)->483492K(667648K)
[508.205s][info][gc,metaspace   ] GC(1780) Metaspace: 19000K(19200K)->19000K(19200K) NonClass: 16340K(16448K)->16340K(16448K) Class: 2660K(2752K)->2660K(2752K)
[508.205s][info][gc             ] GC(1780) Pause Young (Allocation Failure) 605M->502M(856M) 32.230ms
[508.205s][info][gc,cpu         ] GC(1780) User=0.07s Sys=0.00s Real=0.04s
[508.289s][info][gc,start       ] GC(1781) Pause Young (Allocation Failure)
[508.324s][info][gc,heap        ] GC(1781) PSYoungGen: 152224K(208896K)->35296K(211456K) Eden: 120832K(120832K)->0K(126464K) From: 31392K(88064K)->35296K(84992K)
[508.324s][info][gc,heap        ] GC(1781) ParOldGen: 483492K(667648K)->483492K(667648K)
[508.324s][info][gc,metaspace   ] GC(1781) Metaspace: 19000K(19200K)->19000K(19200K) NonClass: 16340K(16448K)->16340K(16448K) Class: 2660K(2752K)->2660K(2752K)
[508.324s][info][gc             ] GC(1781) Pause Young (Allocation Failure) 620M->506M(858M) 35.439ms
[508.324s][info][gc,cpu         ] GC(1781) User=0.07s Sys=0.00s Real=0.04s
[508.446s][info][gc,start       ] GC(1782) Pause Young (Allocation Failure)
[508.483s][info][gc,heap        ] GC(1782) PSYoungGen: 161760K(211456K)->36512K(211456K) Eden: 126464K(126464K)->0K(126464K) From: 35296K(84992K)->36512K(84992K)
[508.483s][info][gc,heap        ] GC(1782) ParOldGen: 483492K(667648K)->483492K(667648K)
[508.483s][info][gc,metaspace   ] GC(1782) Metaspace: 19000K(19200K)->19000K(19200K) NonClass: 16340K(16448K)->16340K(16448K) Class: 2660K(2752K)->2660K(2752K)
[508.483s][info][gc             ] GC(1782) Pause Young (Allocation Failure) 630M->507M(858M) 36.566ms
[508.483s][info][gc,cpu         ] GC(1782) User=0.07s Sys=0.00s Real=0.03s
[508.601s][info][gc,start       ] GC(1783) Pause Young (Allocation Failure)
[508.641s][info][gc,heap        ] GC(1783) PSYoungGen: 162976K(211456K)->39872K(217088K) Eden: 126464K(126464K)->0K(133120K) From: 36512K(84992K)->39872K(83968K)
[508.641s][info][gc,heap        ] GC(1783) ParOldGen: 483492K(667648K)->483492K(667648K)
[508.641s][info][gc,metaspace   ] GC(1783) Metaspace: 19000K(19200K)->19000K(19200K) NonClass: 16340K(16448K)->16340K(16448K) Class: 2660K(2752K)->2660K(2752K)
[508.641s][info][gc             ] GC(1783) Pause Young (Allocation Failure) 631M->511M(864M) 39.705ms
[508.641s][info][gc,cpu         ] GC(1783) User=0.08s Sys=0.00s Real=0.04s
[508.753s][info][gc,start       ] GC(1784) Pause Young (Allocation Failure)
[508.792s][info][gc,heap        ] GC(1784) PSYoungGen: 172992K(217088K)->39936K(217088K) Eden: 133120K(133120K)->0K(133120K) From: 39872K(83968K)->39936K(83968K)
[508.792s][info][gc,heap        ] GC(1784) ParOldGen: 483492K(667648K)->483492K(667648K)
[508.792s][info][gc,metaspace   ] GC(1784) Metaspace: 19000K(19200K)->19000K(19200K) NonClass: 16340K(16448K)->16340K(16448K) Class: 2660K(2752K)->2660K(2752K)
[508.792s][info][gc             ] GC(1784) Pause Young (Allocation Failure) 641M->511M(864M) 39.555ms
[508.792s][info][gc,cpu         ] GC(1784) User=0.08s Sys=0.00s Real=0.04s
[508.954s][info][gc,start       ] GC(1785) Pause Young (Allocation Failure)
[509.007s][info][gc,heap        ] GC(1785) PSYoungGen: 173056K(217088K)->55312K(220160K) Eden: 133120K(133120K)->0K(136192K) From: 39936K(83968K)->55312K(83968K)
[509.007s][info][gc,heap        ] GC(1785) ParOldGen: 483492K(667648K)->483492K(667648K)
[509.007s][info][gc,metaspace   ] GC(1785) Metaspace: 19000K(19200K)->19000K(19200K) NonClass: 16340K(16448K)->16340K(16448K) Class: 2660K(2752K)->2660K(2752K)
[509.007s][info][gc             ] GC(1785) Pause Young (Allocation Failure) 641M->526M(867M) 53.242ms
[509.007s][info][gc,cpu         ] GC(1785) User=0.11s Sys=0.00s Real=0.05s
[509.126s][info][gc,start       ] GC(1786) Pause Young (Allocation Failure)
[509.208s][info][gc,heap        ] GC(1786) PSYoungGen: 191504K(220160K)->82240K(224768K) Eden: 136192K(136192K)->0K(136192K) From: 55312K(83968K)->82240K(88576K)
[509.208s][info][gc,heap        ] GC(1786) ParOldGen: 483492K(667648K)->483492K(667648K)
[509.208s][info][gc,metaspace   ] GC(1786) Metaspace: 19000K(19200K)->19000K(19200K) NonClass: 16340K(16448K)->16340K(16448K) Class: 2660K(2752K)->2660K(2752K)
[509.208s][info][gc             ] GC(1786) Pause Young (Allocation Failure) 659M->552M(871M) 82.498ms
[509.208s][info][gc,cpu         ] GC(1786) User=0.16s Sys=0.00s Real=0.08s
[509.379s][info][gc,start       ] GC(1787) Pause Young (Allocation Failure)
[509.487s][info][gc,heap        ] GC(1787) PSYoungGen: 218432K(224768K)->98416K(214016K) Eden: 136192K(136192K)->0K(111616K) From: 82240K(88576K)->98416K(102400K)
[509.487s][info][gc,heap        ] GC(1787) ParOldGen: 483492K(667648K)->483492K(667648K)
[509.487s][info][gc,metaspace   ] GC(1787) Metaspace: 19000K(19200K)->19000K(19200K) NonClass: 16340K(16448K)->16340K(16448K) Class: 2660K(2752K)->2660K(2752K)
[509.487s][info][gc             ] GC(1787) Pause Young (Allocation Failure) 685M->568M(861M) 107.895ms
[509.487s][info][gc,cpu         ] GC(1787) User=0.20s Sys=0.02s Real=0.11s
[509.622s][info][gc,start       ] GC(1788) Pause Young (Allocation Failure)
[509.717s][info][gc,heap        ] GC(1788) PSYoungGen: 210032K(214016K)->99792K(222720K) Eden: 111616K(111616K)->0K(111616K) From: 98416K(102400K)->99792K(111104K)
[509.717s][info][gc,heap        ] GC(1788) ParOldGen: 483492K(667648K)->483492K(667648K)
[509.717s][info][gc,metaspace   ] GC(1788) Metaspace: 19000K(19200K)->19000K(19200K) NonClass: 16340K(16448K)->16340K(16448K) Class: 2660K(2752K)->2660K(2752K)
[509.717s][info][gc             ] GC(1788) Pause Young (Allocation Failure) 677M->569M(869M) 95.231ms
[509.717s][info][gc,cpu         ] GC(1788) User=0.18s Sys=0.00s Real=0.10s
[509.842s][info][gc,start       ] GC(1789) Pause Young (Allocation Failure)
[509.954s][info][gc,heap        ] GC(1789) PSYoungGen: 211408K(222720K)->103312K(222720K) Eden: 111616K(111616K)->0K(111616K) From: 99792K(111104K)->103312K(111104K)
[509.954s][info][gc,heap        ] GC(1789) ParOldGen: 483492K(667648K)->483492K(667648K)
[509.954s][info][gc,metaspace   ] GC(1789) Metaspace: 19000K(19200K)->19000K(19200K) NonClass: 16340K(16448K)->16340K(16448K) Class: 2660K(2752K)->2660K(2752K)
[509.954s][info][gc             ] GC(1789) Pause Young (Allocation Failure) 678M->573M(869M) 112.362ms
[509.954s][info][gc,cpu         ] GC(1789) User=0.23s Sys=0.00s Real=0.12s
[510.057s][info][gc,start       ] GC(1790) Pause Young (Allocation Failure)
[510.155s][info][gc,heap        ] GC(1790) PSYoungGen: 214928K(222720K)->103328K(222720K) Eden: 111616K(111616K)->0K(111616K) From: 103312K(111104K)->103328K(111104K)
[510.155s][info][gc,heap        ] GC(1790) ParOldGen: 483492K(667648K)->483492K(667648K)
[510.155s][info][gc,metaspace   ] GC(1790) Metaspace: 19000K(19200K)->19000K(19200K) NonClass: 16340K(16448K)->16340K(16448K) Class: 2660K(2752K)->2660K(2752K)
[510.155s][info][gc             ] GC(1790) Pause Young (Allocation Failure) 682M->573M(869M) 97.694ms
[510.155s][info][gc,cpu         ] GC(1790) User=0.19s Sys=0.00s Real=0.10s
[510.340s][info][gc,start       ] GC(1791) Pause Young (Allocation Failure)
[510.452s][info][gc,heap        ] GC(1791) PSYoungGen: 214944K(222720K)->86992K(222720K) Eden: 111616K(111616K)->0K(111616K) From: 103328K(111104K)->86992K(111104K)
[510.452s][info][gc,heap        ] GC(1791) ParOldGen: 483492K(667648K)->514908K(667648K)
[510.452s][info][gc,metaspace   ] GC(1791) Metaspace: 19000K(19200K)->19000K(19200K) NonClass: 16340K(16448K)->16340K(16448K) Class: 2660K(2752K)->2660K(2752K)
[510.452s][info][gc             ] GC(1791) Pause Young (Allocation Failure) 682M->587M(869M) 112.107ms
[510.452s][info][gc,cpu         ] GC(1791) User=0.22s Sys=0.00s Real=0.11s
[510.628s][info][gc,start       ] GC(1792) Pause Young (Allocation Failure)
[510.721s][info][gc,heap        ] GC(1792) PSYoungGen: 198608K(222720K)->90304K(222720K) Eden: 111616K(111616K)->0K(111616K) From: 86992K(111104K)->90304K(111104K)
[510.721s][info][gc,heap        ] GC(1792) ParOldGen: 514908K(667648K)->520076K(667648K)
[510.721s][info][gc,metaspace   ] GC(1792) Metaspace: 19000K(19200K)->19000K(19200K) NonClass: 16340K(16448K)->16340K(16448K) Class: 2660K(2752K)->2660K(2752K)
[510.721s][info][gc             ] GC(1792) Pause Young (Allocation Failure) 696M->596M(869M) 93.463ms
[510.722s][info][gc,cpu         ] GC(1792) User=0.19s Sys=0.00s Real=0.09s
[511.059s][info][gc,start       ] GC(1793) Pause Young (Allocation Failure)
[511.145s][info][gc,heap        ] GC(1793) PSYoungGen: 201920K(222720K)->86976K(222720K) Eden: 111616K(111616K)->0K(111616K) From: 90304K(111104K)->86976K(111104K)
[511.145s][info][gc,heap        ] GC(1793) ParOldGen: 520076K(667648K)->523476K(667648K)
[511.145s][info][gc,metaspace   ] GC(1793) Metaspace: 19000K(19200K)->19000K(19200K) NonClass: 16340K(16448K)->16340K(16448K) Class: 2660K(2752K)->2660K(2752K)
[511.145s][info][gc             ] GC(1793) Pause Young (Allocation Failure) 705M->596M(869M) 86.015ms
[511.145s][info][gc,cpu         ] GC(1793) User=0.17s Sys=0.00s Real=0.09s
[511.425s][info][gc,start       ] GC(1794) Pause Young (Allocation Failure)
[511.509s][info][gc,heap        ] GC(1794) PSYoungGen: 198592K(222720K)->44640K(222720K) Eden: 111616K(111616K)->0K(111616K) From: 86976K(111104K)->44640K(111104K)
[511.509s][info][gc,heap        ] GC(1794) ParOldGen: 523476K(667648K)->565877K(667648K)
[511.509s][info][gc,metaspace   ] GC(1794) Metaspace: 19000K(19200K)->19000K(19200K) NonClass: 16340K(16448K)->16340K(16448K) Class: 2660K(2752K)->2660K(2752K)
[511.509s][info][gc             ] GC(1794) Pause Young (Allocation Failure) 705M->596M(869M) 84.115ms
[511.509s][info][gc,cpu         ] GC(1794) User=0.17s Sys=0.00s Real=0.08s
[511.775s][info][gc,start       ] GC(1795) Pause Young (Allocation Failure)
[511.819s][info][gc,heap        ] GC(1795) PSYoungGen: 156256K(222720K)->27104K(222720K) Eden: 111616K(111616K)->0K(111616K) From: 44640K(111104K)->27104K(111104K)
[511.819s][info][gc,heap        ] GC(1795) ParOldGen: 565877K(667648K)->583493K(667648K)
[511.819s][info][gc,metaspace   ] GC(1795) Metaspace: 19000K(19200K)->19000K(19200K) NonClass: 16340K(16448K)->16340K(16448K) Class: 2660K(2752K)->2660K(2752K)
[511.819s][info][gc             ] GC(1795) Pause Young (Allocation Failure) 705M->596M(869M) 44.280ms
[511.819s][info][gc,cpu         ] GC(1795) User=0.08s Sys=0.00s Real=0.04s
[512.076s][info][gc,start       ] GC(1796) Pause Young (Allocation Failure)
[512.103s][info][gc,heap        ] GC(1796) PSYoungGen: 138720K(222720K)->23536K(222720K) Eden: 111616K(111616K)->0K(111616K) From: 27104K(111104K)->23536K(111104K)
[512.104s][info][gc,heap        ] GC(1796) ParOldGen: 583493K(667648K)->587061K(667648K)
[512.104s][info][gc,metaspace   ] GC(1796) Metaspace: 19000K(19200K)->19000K(19200K) NonClass: 16340K(16448K)->16340K(16448K) Class: 2660K(2752K)->2660K(2752K)
[512.104s][info][gc             ] GC(1796) Pause Young (Allocation Failure) 705M->596M(869M) 27.857ms
[512.104s][info][gc,cpu         ] GC(1796) User=0.05s Sys=0.00s Real=0.03s
[512.340s][info][gc,start       ] GC(1797) Pause Young (Allocation Failure)
[512.365s][info][gc,heap        ] GC(1797) PSYoungGen: 135152K(222720K)->128K(222720K) Eden: 111616K(111616K)->0K(111616K) From: 23536K(111104K)->128K(111104K)
[512.366s][info][gc,heap        ] GC(1797) ParOldGen: 587061K(667648K)->610533K(667648K)
[512.366s][info][gc,metaspace   ] GC(1797) Metaspace: 19000K(19200K)->19000K(19200K) NonClass: 16340K(16448K)->16340K(16448K) Class: 2660K(2752K)->2660K(2752K)
[512.366s][info][gc             ] GC(1797) Pause Young (Allocation Failure) 705M->596M(869M) 25.674ms
[512.366s][info][gc,cpu         ] GC(1797) User=0.05s Sys=0.00s Real=0.03s
[512.659s][info][gc,start       ] GC(1798) Pause Young (Allocation Failure)
[512.661s][info][gc,heap        ] GC(1798) PSYoungGen: 111744K(222720K)->192K(222720K) Eden: 111616K(111616K)->0K(111616K) From: 128K(111104K)->192K(111104K)
[512.661s][info][gc,heap        ] GC(1798) ParOldGen: 610533K(667648K)->610621K(667648K)
[512.661s][info][gc,metaspace   ] GC(1798) Metaspace: 19000K(19200K)->19000K(19200K) NonClass: 16340K(16448K)->16340K(16448K) Class: 2660K(2752K)->2660K(2752K)
[512.661s][info][gc             ] GC(1798) Pause Young (Allocation Failure) 705M->596M(869M) 2.449ms
[512.661s][info][gc,cpu         ] GC(1798) User=0.01s Sys=0.00s Real=0.00s
[512.865s][info][gc,start       ] GC(1799) Pause Young (Allocation Failure)
[512.875s][info][gc,heap        ] GC(1799) PSYoungGen: 111808K(222720K)->8784K(222720K) Eden: 111616K(111616K)->0K(111616K) From: 192K(111104K)->8784K(111104K)
[512.875s][info][gc,heap        ] GC(1799) ParOldGen: 610621K(667648K)->610637K(667648K)
[512.875s][info][gc,metaspace   ] GC(1799) Metaspace: 19000K(19200K)->19000K(19200K) NonClass: 16340K(16448K)->16340K(16448K) Class: 2660K(2752K)->2660K(2752K)
[512.875s][info][gc             ] GC(1799) Pause Young (Allocation Failure) 705M->604M(869M) 9.935ms
[512.875s][info][gc,cpu         ] GC(1799) User=0.02s Sys=0.00s Real=0.01s
[512.944s][info][gc,start       ] GC(1800) Pause Young (Allocation Failure)
[512.989s][info][gc,heap        ] GC(1800) PSYoungGen: 120400K(222720K)->48576K(222720K) Eden: 111616K(111616K)->0K(111616K) From: 8784K(111104K)->48576K(111104K)
[512.989s][info][gc,heap        ] GC(1800) ParOldGen: 610637K(667648K)->610797K(667648K)
[512.989s][info][gc,metaspace   ] GC(1800) Metaspace: 19000K(19200K)->19000K(19200K) NonClass: 16340K(16448K)->16340K(16448K) Class: 2660K(2752K)->2660K(2752K)
[512.989s][info][gc             ] GC(1800) Pause Young (Allocation Failure) 713M->643M(869M) 44.562ms
[512.989s][info][gc,cpu         ] GC(1800) User=0.09s Sys=0.00s Real=0.04s
[513.172s][info][gc,start       ] GC(1801) Pause Young (Allocation Failure)
[513.221s][info][gc,heap        ] GC(1801) PSYoungGen: 160192K(222720K)->23520K(222720K) Eden: 111616K(111616K)->0K(111616K) From: 48576K(111104K)->23520K(111104K)
[513.221s][info][gc,heap        ] GC(1801) ParOldGen: 610797K(667648K)->659870K(667648K)
[513.221s][info][gc,metaspace   ] GC(1801) Metaspace: 19000K(19200K)->19000K(19200K) NonClass: 16340K(16448K)->16340K(16448K) Class: 2660K(2752K)->2660K(2752K)
[513.221s][info][gc             ] GC(1801) Pause Young (Allocation Failure) 752M->667M(869M) 49.282ms
[513.221s][info][gc,cpu         ] GC(1801) User=0.10s Sys=0.00s Real=0.05s
[513.314s][info][gc,start       ] GC(1802) Pause Full (Allocation Failure)
[513.314s][info][gc,phases,start] GC(1802) Marking Phase
[513.728s][info][gc,phases      ] GC(1802) Marking Phase 414.718ms
[513.729s][info][gc,phases,start] GC(1802) Summary Phase
[513.729s][info][gc,phases      ] GC(1802) Summary Phase 0.026ms
[513.729s][info][gc,phases,start] GC(1802) Forward
[513.842s][info][gc,phases      ] GC(1802) Forward 113.105ms
[513.842s][info][gc,phases,start] GC(1802) Adjust Pointers
[514.152s][info][gc,phases      ] GC(1802) Adjust Pointers 310.463ms
[514.152s][info][gc,phases,start] GC(1802) Compaction Phase
[514.338s][info][gc,phases      ] GC(1802) Compaction Phase 185.602ms
[514.346s][info][gc,phases,start] GC(1802) Post Compact
[514.348s][info][gc,phases      ] GC(1802) Post Compact 2.284ms
[514.348s][info][gc,heap        ] GC(1802) PSYoungGen: 135136K(222720K)->0K(222720K) Eden: 111616K(111616K)->0K(111616K) From: 23520K(111104K)->0K(111104K)
[514.348s][info][gc,heap        ] GC(1802) ParOldGen: 659870K(667648K)->594961K(667648K)
[514.348s][info][gc,metaspace   ] GC(1802) Metaspace: 19000K(19200K)->19000K(19200K) NonClass: 16340K(16448K)->16340K(16448K) Class: 2660K(2752K)->2660K(2752K)
[514.348s][info][gc             ] GC(1802) Pause Full (Allocation Failure) 776M->581M(869M) 1034.749ms
[514.348s][info][gc,cpu         ] GC(1802) User=1.98s Sys=0.00s Real=1.03s
[514.553s][info][gc,start       ] GC(1803) Pause Young (Allocation Failure)
[514.586s][info][gc,heap        ] GC(1803) PSYoungGen: 111616K(222720K)->17014K(222720K) Eden: 111616K(111616K)->0K(111616K) From: 0K(111104K)->17014K(111104K)
[514.586s][info][gc,heap        ] GC(1803) ParOldGen: 594961K(667648K)->594961K(667648K)
[514.586s][info][gc,metaspace   ] GC(1803) Metaspace: 19000K(19200K)->19000K(19200K) NonClass: 16340K(16448K)->16340K(16448K) Class: 2660K(2752K)->2660K(2752K)
[514.586s][info][gc             ] GC(1803) Pause Young (Allocation Failure) 690M->597M(869M) 32.979ms
[514.586s][info][gc,cpu         ] GC(1803) User=0.07s Sys=0.00s Real=0.04s
[514.782s][info][gc,start       ] GC(1804) Pause Young (Allocation Failure)
[514.811s][info][gc,heap        ] GC(1804) PSYoungGen: 128630K(222720K)->160K(222720K) Eden: 111616K(111616K)->0K(111616K) From: 17014K(111104K)->160K(111104K)
[514.811s][info][gc,heap        ] GC(1804) ParOldGen: 594961K(667648K)->611992K(667648K)
[514.811s][info][gc,metaspace   ] GC(1804) Metaspace: 19000K(19200K)->19000K(19200K) NonClass: 16340K(16448K)->16340K(16448K) Class: 2660K(2752K)->2660K(2752K)
[514.811s][info][gc             ] GC(1804) Pause Young (Allocation Failure) 706M->597M(869M) 29.159ms
[514.811s][info][gc,cpu         ] GC(1804) User=0.05s Sys=0.00s Real=0.03s
[514.971s][info][gc,start       ] GC(1805) Pause Young (Allocation Failure)
[514.980s][info][gc,heap        ] GC(1805) PSYoungGen: 111776K(222720K)->8240K(222720K) Eden: 111616K(111616K)->0K(111616K) From: 160K(111104K)->8240K(111104K)
[514.980s][info][gc,heap        ] GC(1805) ParOldGen: 611992K(667648K)->612144K(667648K)
[514.980s][info][gc,metaspace   ] GC(1805) Metaspace: 19000K(19200K)->19000K(19200K) NonClass: 16340K(16448K)->16340K(16448K) Class: 2660K(2752K)->2660K(2752K)
[514.980s][info][gc             ] GC(1805) Pause Young (Allocation Failure) 706M->605M(869M) 8.475ms
[514.980s][info][gc,cpu         ] GC(1805) User=0.02s Sys=0.00s Real=0.01s
[515.038s][info][gc,start       ] GC(1806) Pause Young (Allocation Failure)
[515.070s][info][gc,heap        ] GC(1806) PSYoungGen: 119856K(222720K)->36096K(147968K) Eden: 111616K(111616K)->0K(111616K) From: 8240K(111104K)->36096K(36352K)
[515.070s][info][gc,heap        ] GC(1806) ParOldGen: 612144K(667648K)->620424K(667648K)
[515.070s][info][gc,metaspace   ] GC(1806) Metaspace: 19000K(19200K)->19000K(19200K) NonClass: 16340K(16448K)->16340K(16448K) Class: 2660K(2752K)->2660K(2752K)
[515.070s][info][gc             ] GC(1806) Pause Young (Allocation Failure) 714M->641M(796M) 32.562ms
[515.070s][info][gc,cpu         ] GC(1806) User=0.07s Sys=0.00s Real=0.03s
[515.149s][info][gc,start       ] GC(1807) Pause Young (Allocation Failure)
[515.193s][info][gc,heap        ] GC(1807) PSYoungGen: 147712K(147968K)->70496K(221696K) Eden: 111616K(111616K)->0K(111104K) From: 36096K(36352K)->70496K(110592K)
[515.193s][info][gc,heap        ] GC(1807) ParOldGen: 620424K(667648K)->620424K(667648K)
[515.193s][info][gc,metaspace   ] GC(1807) Metaspace: 19000K(19200K)->19000K(19200K) NonClass: 16340K(16448K)->16340K(16448K) Class: 2660K(2752K)->2660K(2752K)
[515.193s][info][gc             ] GC(1807) Pause Young (Allocation Failure) 750M->674M(868M) 44.489ms
[515.193s][info][gc,cpu         ] GC(1807) User=0.09s Sys=0.00s Real=0.05s
[515.328s][info][gc,start       ] GC(1808) Pause Young (Allocation Failure)
[515.373s][info][gc,promotion   ] GC(1808) Promotion failed
[515.373s][info][gc,heap        ] GC(1808) PSYoungGen: 181600K(221696K)->181600K(221696K) Eden: 111104K(111104K)->111104K(111104K) From: 70496K(110592K)->70496K(110592K)
[515.373s][info][gc,heap        ] GC(1808) ParOldGen: 620424K(667648K)->667640K(667648K)
[515.373s][info][gc,metaspace   ] GC(1808) Metaspace: 19000K(19200K)->19000K(19200K) NonClass: 16340K(16448K)->16340K(16448K) Class: 2660K(2752K)->2660K(2752K)
[515.373s][info][gc             ] GC(1808) Pause Young (Allocation Failure) 783M->829M(868M) 45.787ms
[515.373s][info][gc,cpu         ] GC(1808) User=0.09s Sys=0.00s Real=0.05s
[515.374s][info][gc,start       ] GC(1809) Pause Full (Allocation Failure)
[515.374s][info][gc,phases,start] GC(1809) Marking Phase
[515.609s][info][gc,phases      ] GC(1809) Marking Phase 235.789ms
[515.609s][info][gc,phases,start] GC(1809) Summary Phase
[515.609s][info][gc,phases      ] GC(1809) Summary Phase 0.026ms
[515.609s][info][gc,phases,start] GC(1809) Forward
[515.709s][info][gc,phases      ] GC(1809) Forward 99.507ms
[515.709s][info][gc,phases,start] GC(1809) Adjust Pointers
[515.902s][info][gc,phases      ] GC(1809) Adjust Pointers 192.951ms
[515.902s][info][gc,phases,start] GC(1809) Compaction Phase
[516.002s][info][gc,phases      ] GC(1809) Compaction Phase 100.066ms
[516.009s][info][gc,phases,start] GC(1809) Post Compact
[516.011s][info][gc,phases      ] GC(1809) Post Compact 2.457ms
[516.011s][info][gc,heap        ] GC(1809) PSYoungGen: 181600K(221696K)->0K(222208K) Eden: 111104K(111104K)->0K(111104K) From: 70496K(110592K)->0K(111104K)
[516.011s][info][gc,heap        ] GC(1809) ParOldGen: 667640K(667648K)->375756K(667648K)
[516.011s][info][gc,metaspace   ] GC(1809) Metaspace: 19000K(19200K)->19000K(19200K) NonClass: 16340K(16448K)->16340K(16448K) Class: 2660K(2752K)->2660K(2752K)
[516.011s][info][gc             ] GC(1809) Pause Full (Allocation Failure) 829M->366M(869M) 637.808ms
[516.011s][info][gc,cpu         ] GC(1809) User=1.16s Sys=0.00s Real=0.63s
[516.130s][info][gc,start       ] GC(1810) Pause Young (Allocation Failure)
[516.132s][info][gc,heap        ] GC(1810) PSYoungGen: 111104K(222208K)->96K(222720K) Eden: 111104K(111104K)->0K(111616K) From: 0K(111104K)->96K(111104K)
[516.132s][info][gc,heap        ] GC(1810) ParOldGen: 375756K(667648K)->375756K(667648K)
[516.132s][info][gc,metaspace   ] GC(1810) Metaspace: 19000K(19200K)->19000K(19200K) NonClass: 16340K(16448K)->16340K(16448K) Class: 2660K(2752K)->2660K(2752K)
[516.132s][info][gc             ] GC(1810) Pause Young (Allocation Failure) 475M->367M(869M) 1.639ms
[516.132s][info][gc,cpu         ] GC(1810) User=0.00s Sys=0.00s Real=0.00s
[516.247s][info][gc,start       ] GC(1811) Pause Young (Allocation Failure)
[516.249s][info][gc,heap        ] GC(1811) PSYoungGen: 111712K(222720K)->128K(222720K) Eden: 111616K(111616K)->0K(111616K) From: 96K(111104K)->128K(111104K)
[516.249s][info][gc,heap        ] GC(1811) ParOldGen: 375756K(667648K)->375828K(667648K)
[516.249s][info][gc,metaspace   ] GC(1811) Metaspace: 19000K(19200K)->19000K(19200K) NonClass: 16340K(16448K)->16340K(16448K) Class: 2660K(2752K)->2660K(2752K)
[516.249s][info][gc             ] GC(1811) Pause Young (Allocation Failure) 476M->367M(869M) 1.829ms
[516.249s][info][gc,cpu         ] GC(1811) User=0.00s Sys=0.00s Real=0.00s
[516.363s][info][gc,start       ] GC(1812) Pause Young (Allocation Failure)
[516.365s][info][gc,heap        ] GC(1812) PSYoungGen: 111744K(222720K)->160K(218624K) Eden: 111616K(111616K)->0K(111616K) From: 128K(111104K)->160K(107008K)
[516.365s][info][gc,heap        ] GC(1812) ParOldGen: 375828K(667648K)->375948K(667648K)
[516.365s][info][gc,metaspace   ] GC(1812) Metaspace: 19000K(19200K)->19000K(19200K) NonClass: 16340K(16448K)->16340K(16448K) Class: 2660K(2752K)->2660K(2752K)
[516.365s][info][gc             ] GC(1812) Pause Young (Allocation Failure) 476M->367M(865M) 1.919ms
[516.365s][info][gc,cpu         ] GC(1812) User=0.00s Sys=0.00s Real=0.01s
[516.480s][info][gc,start       ] GC(1813) Pause Young (Allocation Failure)
[516.482s][info][gc,heap        ] GC(1813) PSYoungGen: 111776K(218624K)->192K(220672K) Eden: 111616K(111616K)->0K(111616K) From: 160K(107008K)->192K(109056K)
[516.482s][info][gc,heap        ] GC(1813) ParOldGen: 375948K(667648K)->375948K(667648K)
[516.482s][info][gc,metaspace   ] GC(1813) Metaspace: 19000K(19200K)->19000K(19200K) NonClass: 16340K(16448K)->16340K(16448K) Class: 2660K(2752K)->2660K(2752K)
[516.482s][info][gc             ] GC(1813) Pause Young (Allocation Failure) 476M->367M(867M) 2.212ms
[516.482s][info][gc,cpu         ] GC(1813) User=0.01s Sys=0.00s Real=0.00s
[516.600s][info][gc,start       ] GC(1814) Pause Young (Allocation Failure)
[516.602s][info][gc,heap        ] GC(1814) PSYoungGen: 111808K(220672K)->288K(211968K) Eden: 111616K(111616K)->0K(115200K) From: 192K(109056K)->288K(96768K)
[516.602s][info][gc,heap        ] GC(1814) ParOldGen: 375948K(667648K)->375948K(667648K)
[516.602s][info][gc,metaspace   ] GC(1814) Metaspace: 19000K(19200K)->19000K(19200K) NonClass: 16340K(16448K)->16340K(16448K) Class: 2660K(2752K)->2660K(2752K)
[516.602s][info][gc             ] GC(1814) Pause Young (Allocation Failure) 476M->367M(859M) 2.475ms
[516.602s][info][gc,cpu         ] GC(1814) User=0.00s Sys=0.00s Real=0.00s
[516.718s][info][gc,start       ] GC(1815) Pause Young (Allocation Failure)
[516.721s][info][gc,heap        ] GC(1815) PSYoungGen: 115488K(211968K)->384K(115712K) Eden: 115200K(115200K)->0K(115200K) From: 288K(96768K)->384K(512K)
[516.721s][info][gc,heap        ] GC(1815) ParOldGen: 375948K(667648K)->375948K(667648K)
[516.721s][info][gc,metaspace   ] GC(1815) Metaspace: 19000K(19200K)->19000K(19200K) NonClass: 16340K(16448K)->16340K(16448K) Class: 2660K(2752K)->2660K(2752K)
[516.721s][info][gc             ] GC(1815) Pause Young (Allocation Failure) 479M->367M(765M) 2.493ms
[516.721s][info][gc,cpu         ] GC(1815) User=0.00s Sys=0.00s Real=0.00s
[516.838s][info][gc,start       ] GC(1816) Pause Young (Allocation Failure)
[516.841s][info][gc,heap        ] GC(1816) PSYoungGen: 115584K(115712K)->480K(204800K) Eden: 115200K(115200K)->0K(117760K) From: 384K(512K)->480K(87040K)
[516.841s][info][gc,heap        ] GC(1816) ParOldGen: 375948K(667648K)->375948K(667648K)
[516.841s][info][gc,metaspace   ] GC(1816) Metaspace: 19000K(19200K)->19000K(19200K) NonClass: 16340K(16448K)->16340K(16448K) Class: 2660K(2752K)->2660K(2752K)
[516.841s][info][gc             ] GC(1816) Pause Young (Allocation Failure) 480M->367M(852M) 2.861ms
[516.841s][info][gc,cpu         ] GC(1816) User=0.00s Sys=0.00s Real=0.00s
[516.960s][info][gc,start       ] GC(1817) Pause Young (Allocation Failure)
[516.962s][info][gc,heap        ] GC(1817) PSYoungGen: 118240K(204800K)->512K(118272K) Eden: 117760K(117760K)->0K(117760K) From: 480K(87040K)->512K(512K)
[516.962s][info][gc,heap        ] GC(1817) ParOldGen: 375948K(667648K)->375948K(667648K)
[516.962s][info][gc,metaspace   ] GC(1817) Metaspace: 19000K(19200K)->19000K(19200K) NonClass: 16340K(16448K)->16340K(16448K) Class: 2660K(2752K)->2660K(2752K)
[516.962s][info][gc             ] GC(1817) Pause Young (Allocation Failure) 482M->367M(767M) 2.748ms
[516.962s][info][gc,cpu         ] GC(1817) User=0.00s Sys=0.00s Real=0.00s
[517.097s][info][gc,start       ] GC(1818) Pause Young (Allocation Failure)
[517.109s][info][gc,heap        ] GC(1818) PSYoungGen: 118272K(118272K)->3904K(198144K) Eden: 117760K(117760K)->0K(120320K) From: 512K(512K)->3904K(77824K)
[517.109s][info][gc,heap        ] GC(1818) ParOldGen: 375948K(667648K)->375948K(667648K)
[517.109s][info][gc,metaspace   ] GC(1818) Metaspace: 19000K(19200K)->19000K(19200K) NonClass: 16340K(16448K)->16340K(16448K) Class: 2660K(2752K)->2660K(2752K)
[517.109s][info][gc             ] GC(1818) Pause Young (Allocation Failure) 482M->370M(845M) 11.334ms
[517.109s][info][gc,cpu         ] GC(1818) User=0.02s Sys=0.01s Real=0.01s
[517.254s][info][gc,start       ] GC(1819) Pause Young (Allocation Failure)
[517.291s][info][gc,heap        ] GC(1819) PSYoungGen: 124224K(198144K)->19435K(139776K) Eden: 120320K(120320K)->0K(120320K) From: 3904K(77824K)->19435K(19456K)
[517.291s][info][gc,heap        ] GC(1819) ParOldGen: 375948K(667648K)->375948K(667648K)
[517.291s][info][gc,metaspace   ] GC(1819) Metaspace: 19000K(19200K)->19000K(19200K) NonClass: 16340K(16448K)->16340K(16448K) Class: 2660K(2752K)->2660K(2752K)
[517.291s][info][gc             ] GC(1819) Pause Young (Allocation Failure) 488M->386M(788M) 37.490ms
[517.291s][info][gc,cpu         ] GC(1819) User=0.08s Sys=0.00s Real=0.03s
[517.409s][info][gc,start       ] GC(1820) Pause Young (Allocation Failure)
[517.461s][info][gc,heap        ] GC(1820) PSYoungGen: 139755K(139776K)->37611K(199168K) Eden: 120320K(120320K)->0K(121856K) From: 19435K(19456K)->37611K(77312K)
[517.461s][info][gc,heap        ] GC(1820) ParOldGen: 375948K(667648K)->375948K(667648K)
[517.461s][info][gc,metaspace   ] GC(1820) Metaspace: 19000K(19200K)->19000K(19200K) NonClass: 16340K(16448K)->16340K(16448K) Class: 2660K(2752K)->2660K(2752K)
[517.461s][info][gc             ] GC(1820) Pause Young (Allocation Failure) 503M->403M(846M) 52.082ms
[517.461s][info][gc,cpu         ] GC(1820) User=0.11s Sys=0.00s Real=0.05s
[517.588s][info][gc,start       ] GC(1821) Pause Young (Allocation Failure)
[517.652s][info][gc,heap        ] GC(1821) PSYoungGen: 159467K(199168K)->51083K(201728K) Eden: 121856K(121856K)->0K(121856K) From: 37611K(77312K)->51083K(79872K)
[517.652s][info][gc,heap        ] GC(1821) ParOldGen: 375948K(667648K)->375948K(667648K)
[517.652s][info][gc,metaspace   ] GC(1821) Metaspace: 19000K(19200K)->19000K(19200K) NonClass: 16340K(16448K)->16340K(16448K) Class: 2660K(2752K)->2660K(2752K)
[517.652s][info][gc             ] GC(1821) Pause Young (Allocation Failure) 522M->417M(849M) 64.157ms
[517.652s][info][gc,cpu         ] GC(1821) User=0.12s Sys=0.00s Real=0.06s
[517.735s][info][gc,start       ] GC(1822) Pause Young (Allocation Failure)
[517.802s][info][gc,heap        ] GC(1822) PSYoungGen: 172939K(201728K)->55115K(209920K) Eden: 121856K(121856K)->0K(123904K) From: 51083K(79872K)->55115K(86016K)
[517.802s][info][gc,heap        ] GC(1822) ParOldGen: 375948K(667648K)->375948K(667648K)
[517.802s][info][gc,metaspace   ] GC(1822) Metaspace: 19001K(19200K)->19001K(19200K) NonClass: 16341K(16448K)->16341K(16448K) Class: 2660K(2752K)->2660K(2752K)
[517.802s][info][gc             ] GC(1822) Pause Young (Allocation Failure) 536M->420M(857M) 66.981ms
[517.802s][info][gc,cpu         ] GC(1822) User=0.13s Sys=0.00s Real=0.06s
[517.919s][info][gc,start       ] GC(1823) Pause Young (Allocation Failure)
[517.987s][info][gc,heap        ] GC(1823) PSYoungGen: 179019K(209920K)->56235K(216064K) Eden: 123904K(123904K)->0K(123904K) From: 55115K(86016K)->56235K(92160K)
[517.987s][info][gc,heap        ] GC(1823) ParOldGen: 375948K(667648K)->375948K(667648K)
[517.987s][info][gc,metaspace   ] GC(1823) Metaspace: 19001K(19200K)->19001K(19200K) NonClass: 16341K(16448K)->16341K(16448K) Class: 2660K(2752K)->2660K(2752K)
[517.987s][info][gc             ] GC(1823) Pause Young (Allocation Failure) 541M->422M(863M) 67.733ms
[517.987s][info][gc,cpu         ] GC(1823) User=0.14s Sys=0.00s Real=0.07s
[518.100s][info][gc,start       ] GC(1824) Pause Young (Allocation Failure)
[518.176s][info][gc,heap        ] GC(1824) PSYoungGen: 180139K(216064K)->59627K(226304K) Eden: 123904K(123904K)->0K(129024K) From: 56235K(92160K)->59627K(97280K)
[518.176s][info][gc,heap        ] GC(1824) ParOldGen: 375948K(667648K)->375948K(667648K)
[518.176s][info][gc,metaspace   ] GC(1824) Metaspace: 19001K(19200K)->19001K(19200K) NonClass: 16341K(16448K)->16341K(16448K) Class: 2660K(2752K)->2660K(2752K)
[518.176s][info][gc             ] GC(1824) Pause Young (Allocation Failure) 543M->425M(873M) 76.304ms
[518.176s][info][gc,cpu         ] GC(1824) User=0.14s Sys=0.01s Real=0.08s
[518.278s][info][gc,start       ] GC(1825) Pause Young (Allocation Failure)
[518.349s][info][gc,heap        ] GC(1825) PSYoungGen: 188651K(226304K)->59691K(188928K) Eden: 129024K(129024K)->0K(129024K) From: 59627K(97280K)->59691K(59904K)
[518.349s][info][gc,heap        ] GC(1825) ParOldGen: 375948K(667648K)->375948K(667648K)
[518.349s][info][gc,metaspace   ] GC(1825) Metaspace: 19001K(19200K)->19001K(19200K) NonClass: 16341K(16448K)->16341K(16448K) Class: 2660K(2752K)->2660K(2752K)
[518.349s][info][gc             ] GC(1825) Pause Young (Allocation Failure) 551M->425M(836M) 71.741ms
[518.349s][info][gc,cpu         ] GC(1825) User=0.15s Sys=0.00s Real=0.07s
[518.510s][info][gc,start       ] GC(1826) Pause Young (Allocation Failure)
[518.595s][info][gc,heap        ] GC(1826) PSYoungGen: 188715K(188928K)->71324K(217600K) Eden: 129024K(129024K)->0K(111616K) From: 59691K(59904K)->71324K(105984K)
[518.595s][info][gc,heap        ] GC(1826) ParOldGen: 375948K(667648K)->375948K(667648K)
[518.595s][info][gc,metaspace   ] GC(1826) Metaspace: 19001K(19200K)->19001K(19200K) NonClass: 16341K(16448K)->16341K(16448K) Class: 2660K(2752K)->2660K(2752K)
[518.595s][info][gc             ] GC(1826) Pause Young (Allocation Failure) 551M->436M(864M) 85.247ms
[518.595s][info][gc,cpu         ] GC(1826) User=0.16s Sys=0.01s Real=0.09s
[518.697s][info][gc,start       ] GC(1827) Pause Young (Allocation Failure)
[518.796s][info][gc,heap        ] GC(1827) PSYoungGen: 182940K(217600K)->83004K(222720K) Eden: 111616K(111616K)->0K(111616K) From: 71324K(105984K)->83004K(111104K)
[518.796s][info][gc,heap        ] GC(1827) ParOldGen: 375948K(667648K)->376140K(667648K)
[518.796s][info][gc,metaspace   ] GC(1827) Metaspace: 19001K(19200K)->19001K(19200K) NonClass: 16341K(16448K)->16341K(16448K) Class: 2660K(2752K)->2660K(2752K)
[518.796s][info][gc             ] GC(1827) Pause Young (Allocation Failure) 545M->448M(869M) 99.185ms
[518.796s][info][gc,cpu         ] GC(1827) User=0.19s Sys=0.00s Real=0.10s
[519.014s][info][gc,start       ] GC(1828) Pause Young (Allocation Failure)
[519.113s][info][gc,heap        ] GC(1828) PSYoungGen: 194620K(222720K)->82860K(222720K) Eden: 111616K(111616K)->0K(111616K) From: 83004K(111104K)->82860K(111104K)
[519.113s][info][gc,heap        ] GC(1828) ParOldGen: 376140K(667648K)->376308K(667648K)
[519.113s][info][gc,metaspace   ] GC(1828) Metaspace: 19001K(19200K)->19001K(19200K) NonClass: 16341K(16448K)->16341K(16448K) Class: 2660K(2752K)->2660K(2752K)
[519.114s][info][gc             ] GC(1828) Pause Young (Allocation Failure) 557M->448M(869M) 99.756ms
[519.114s][info][gc,cpu         ] GC(1828) User=0.19s Sys=0.01s Real=0.10s
[519.315s][info][gc,start       ] GC(1829) Pause Young (Allocation Failure)
[519.407s][info][gc,heap        ] GC(1829) PSYoungGen: 194476K(222720K)->82795K(222720K) Eden: 111616K(111616K)->0K(111616K) From: 82860K(111104K)->82795K(111104K)
[519.407s][info][gc,heap        ] GC(1829) ParOldGen: 376308K(667648K)->376468K(667648K)
[519.407s][info][gc,metaspace   ] GC(1829) Metaspace: 19001K(19200K)->19001K(19200K) NonClass: 16341K(16448K)->16341K(16448K) Class: 2660K(2752K)->2660K(2752K)
[519.407s][info][gc             ] GC(1829) Pause Young (Allocation Failure) 557M->448M(869M) 91.654ms
[519.407s][info][gc,cpu         ] GC(1829) User=0.18s Sys=0.00s Real=0.09s
[519.556s][info][gc,start       ] GC(1830) Pause Young (Allocation Failure)
[519.697s][info][gc,heap        ] GC(1830) PSYoungGen: 194411K(222720K)->83616K(222720K) Eden: 111616K(111616K)->0K(111616K) From: 82795K(111104K)->83616K(111104K)
[519.697s][info][gc,heap        ] GC(1830) ParOldGen: 376468K(667648K)->395407K(667648K)
[519.697s][info][gc,metaspace   ] GC(1830) Metaspace: 19001K(19200K)->19001K(19200K) NonClass: 16341K(16448K)->16341K(16448K) Class: 2660K(2752K)->2660K(2752K)
[519.697s][info][gc             ] GC(1830) Pause Young (Allocation Failure) 557M->467M(869M) 141.458ms
[519.697s][info][gc,cpu         ] GC(1830) User=0.28s Sys=0.00s Real=0.14s
[519.850s][info][gc,start       ] GC(1831) Pause Young (Allocation Failure)
[519.951s][info][gc,heap        ] GC(1831) PSYoungGen: 195232K(222720K)->69584K(222720K) Eden: 111616K(111616K)->0K(111616K) From: 83616K(111104K)->69584K(111104K)
[519.951s][info][gc,heap        ] GC(1831) ParOldGen: 395407K(667648K)->427143K(667648K)
[519.951s][info][gc,metaspace   ] GC(1831) Metaspace: 19001K(19200K)->19001K(19200K) NonClass: 16341K(16448K)->16341K(16448K) Class: 2660K(2752K)->2660K(2752K)
[519.951s][info][gc             ] GC(1831) Pause Young (Allocation Failure) 576M->485M(869M) 101.047ms
[519.951s][info][gc,cpu         ] GC(1831) User=0.20s Sys=0.00s Real=0.10s
[520.038s][info][gc,start       ] GC(1832) Pause Young (Allocation Failure)
[520.110s][info][gc,heap        ] GC(1832) PSYoungGen: 181200K(222720K)->68656K(222720K) Eden: 111616K(111616K)->0K(111616K) From: 69584K(111104K)->68656K(111104K)
[520.111s][info][gc,heap        ] GC(1832) ParOldGen: 427143K(667648K)->432327K(667648K)
[520.111s][info][gc,metaspace   ] GC(1832) Metaspace: 19001K(19200K)->19001K(19200K) NonClass: 16341K(16448K)->16341K(16448K) Class: 2660K(2752K)->2660K(2752K)
[520.111s][info][gc             ] GC(1832) Pause Young (Allocation Failure) 594M->489M(869M) 72.360ms
[520.111s][info][gc,cpu         ] GC(1832) User=0.15s Sys=0.00s Real=0.07s
[520.237s][info][gc,start       ] GC(1833) Pause Young (Allocation Failure)
[520.306s][info][gc,heap        ] GC(1833) PSYoungGen: 180272K(222720K)->67088K(222720K) Eden: 111616K(111616K)->0K(111616K) From: 68656K(111104K)->67088K(111104K)
[520.306s][info][gc,heap        ] GC(1833) ParOldGen: 432327K(667648K)->435759K(667648K)
[520.306s][info][gc,metaspace   ] GC(1833) Metaspace: 19001K(19200K)->19001K(19200K) NonClass: 16341K(16448K)->16341K(16448K) Class: 2660K(2752K)->2660K(2752K)
[520.306s][info][gc             ] GC(1833) Pause Young (Allocation Failure) 598M->491M(869M) 68.584ms
[520.306s][info][gc,cpu         ] GC(1833) User=0.14s Sys=0.00s Real=0.07s
[520.430s][info][gc,start       ] GC(1834) Pause Young (Allocation Failure)
[520.499s][info][gc,heap        ] GC(1834) PSYoungGen: 178704K(222720K)->47776K(222720K) Eden: 111616K(111616K)->0K(111616K) From: 67088K(111104K)->47776K(111104K)
[520.499s][info][gc,heap        ] GC(1834) ParOldGen: 435759K(667648K)->459328K(667648K)
[520.499s][info][gc,metaspace   ] GC(1834) Metaspace: 19001K(19200K)->19001K(19200K) NonClass: 16341K(16448K)->16341K(16448K) Class: 2660K(2752K)->2660K(2752K)
[520.499s][info][gc             ] GC(1834) Pause Young (Allocation Failure) 600M->495M(869M) 69.636ms
[520.499s][info][gc,cpu         ] GC(1834) User=0.14s Sys=0.00s Real=0.07s
[520.608s][info][gc,start       ] GC(1835) Pause Young (Allocation Failure)
[520.654s][info][gc,heap        ] GC(1835) PSYoungGen: 159392K(222720K)->47808K(222720K) Eden: 111616K(111616K)->0K(111616K) From: 47776K(111104K)->47808K(111104K)
[520.655s][info][gc,heap        ] GC(1835) ParOldGen: 459328K(667648K)->459360K(667648K)
[520.655s][info][gc,metaspace   ] GC(1835) Metaspace: 19001K(19200K)->19001K(19200K) NonClass: 16341K(16448K)->16341K(16448K) Class: 2660K(2752K)->2660K(2752K)
[520.655s][info][gc             ] GC(1835) Pause Young (Allocation Failure) 604M->495M(869M) 46.371ms
[520.655s][info][gc,cpu         ] GC(1835) User=0.10s Sys=0.00s Real=0.05s
[520.731s][info][gc,start       ] GC(1836) Pause Young (Allocation Failure)
[520.780s][info][gc,heap        ] GC(1836) PSYoungGen: 159424K(222720K)->10368K(222720K) Eden: 111616K(111616K)->0K(111616K) From: 47808K(111104K)->10368K(111104K)
[520.780s][info][gc,heap        ] GC(1836) ParOldGen: 459360K(667648K)->496872K(667648K)
[520.780s][info][gc,metaspace   ] GC(1836) Metaspace: 19001K(19200K)->19001K(19200K) NonClass: 16341K(16448K)->16341K(16448K) Class: 2660K(2752K)->2660K(2752K)
[520.780s][info][gc             ] GC(1836) Pause Young (Allocation Failure) 604M->495M(869M) 48.949ms
[520.780s][info][gc,cpu         ] GC(1836) User=0.09s Sys=0.00s Real=0.05s
[520.949s][info][gc,start       ] GC(1837) Pause Young (Allocation Failure)
[520.972s][info][gc,heap        ] GC(1837) PSYoungGen: 121984K(222720K)->14880K(222720K) Eden: 111616K(111616K)->0K(111616K) From: 10368K(111104K)->14880K(111104K)
[520.972s][info][gc,heap        ] GC(1837) ParOldGen: 496872K(667648K)->502960K(667648K)
[520.972s][info][gc,metaspace   ] GC(1837) Metaspace: 19001K(19200K)->19001K(19200K) NonClass: 16341K(16448K)->16341K(16448K) Class: 2660K(2752K)->2660K(2752K)
[520.972s][info][gc             ] GC(1837) Pause Young (Allocation Failure) 604M->505M(869M) 23.768ms
[520.972s][info][gc,cpu         ] GC(1837) User=0.04s Sys=0.00s Real=0.02s
[521.147s][info][gc,start       ] GC(1838) Pause Young (Allocation Failure)
[521.169s][info][gc,heap        ] GC(1838) PSYoungGen: 126496K(222720K)->15392K(222720K) Eden: 111616K(111616K)->0K(111616K) From: 14880K(111104K)->15392K(111104K)
[521.169s][info][gc,heap        ] GC(1838) ParOldGen: 502960K(667648K)->507240K(667648K)
[521.169s][info][gc,metaspace   ] GC(1838) Metaspace: 19001K(19200K)->19001K(19200K) NonClass: 16341K(16448K)->16341K(16448K) Class: 2660K(2752K)->2660K(2752K)
[521.169s][info][gc             ] GC(1838) Pause Young (Allocation Failure) 614M->510M(869M) 21.706ms
[521.169s][info][gc,cpu         ] GC(1838) User=0.04s Sys=0.00s Real=0.02s
[521.498s][info][gc,start       ] GC(1839) Pause Young (Allocation Failure)
[521.515s][info][gc,heap        ] GC(1839) PSYoungGen: 127008K(222720K)->4928K(222720K) Eden: 111616K(111616K)->0K(111616K) From: 15392K(111104K)->4928K(111104K)
[521.515s][info][gc,heap        ] GC(1839) ParOldGen: 507240K(667648K)->517822K(667648K)
[521.515s][info][gc,metaspace   ] GC(1839) Metaspace: 19001K(19200K)->19001K(19200K) NonClass: 16341K(16448K)->16341K(16448K) Class: 2660K(2752K)->2660K(2752K)
[521.515s][info][gc             ] GC(1839) Pause Young (Allocation Failure) 619M->510M(869M) 16.927ms
[521.515s][info][gc,cpu         ] GC(1839) User=0.03s Sys=0.00s Real=0.02s
[521.771s][info][gc,start       ] GC(1840) Pause Young (Allocation Failure)
[521.778s][info][gc,heap        ] GC(1840) PSYoungGen: 116544K(222720K)->224K(222720K) Eden: 111616K(111616K)->0K(111616K) From: 4928K(111104K)->224K(111104K)
[521.778s][info][gc,heap        ] GC(1840) ParOldGen: 517822K(667648K)->522678K(667648K)
[521.778s][info][gc,metaspace   ] GC(1840) Metaspace: 19001K(19200K)->19001K(19200K) NonClass: 16341K(16448K)->16341K(16448K) Class: 2660K(2752K)->2660K(2752K)
[521.779s][info][gc             ] GC(1840) Pause Young (Allocation Failure) 619M->510M(869M) 7.096ms
[521.779s][info][gc,cpu         ] GC(1840) User=0.01s Sys=0.00s Real=0.01s
[522.017s][info][gc,start       ] GC(1841) Pause Young (Allocation Failure)
[522.020s][info][gc,heap        ] GC(1841) PSYoungGen: 111840K(222720K)->64K(222720K) Eden: 111616K(111616K)->0K(111616K) From: 224K(111104K)->64K(111104K)
[522.020s][info][gc,heap        ] GC(1841) ParOldGen: 522678K(667648K)->522862K(667648K)
[522.020s][info][gc,metaspace   ] GC(1841) Metaspace: 19001K(19200K)->19001K(19200K) NonClass: 16341K(16448K)->16341K(16448K) Class: 2660K(2752K)->2660K(2752K)
[522.020s][info][gc             ] GC(1841) Pause Young (Allocation Failure) 619M->510M(869M) 2.393ms
[522.020s][info][gc,cpu         ] GC(1841) User=0.00s Sys=0.00s Real=0.00s
[522.253s][info][gc,start       ] GC(1842) Pause Young (Allocation Failure)
[522.256s][info][gc,heap        ] GC(1842) PSYoungGen: 111680K(222720K)->192K(222720K) Eden: 111616K(111616K)->0K(111616K) From: 64K(111104K)->192K(111104K)
[522.256s][info][gc,heap        ] GC(1842) ParOldGen: 522862K(667648K)->522894K(667648K)
[522.256s][info][gc,metaspace   ] GC(1842) Metaspace: 19001K(19200K)->19001K(19200K) NonClass: 16341K(16448K)->16341K(16448K) Class: 2660K(2752K)->2660K(2752K)
[522.256s][info][gc             ] GC(1842) Pause Young (Allocation Failure) 619M->510M(869M) 2.951ms
[522.256s][info][gc,cpu         ] GC(1842) User=0.00s Sys=0.00s Real=0.00s
[522.452s][info][gc,start       ] GC(1843) Pause Young (Allocation Failure)
[522.466s][info][gc,heap        ] GC(1843) PSYoungGen: 111808K(222720K)->15120K(126976K) Eden: 111616K(111616K)->0K(111616K) From: 192K(111104K)->15120K(15360K)
[522.466s][info][gc,heap        ] GC(1843) ParOldGen: 522894K(667648K)->523062K(667648K)
[522.466s][info][gc,metaspace   ] GC(1843) Metaspace: 19010K(19200K)->19010K(19200K) NonClass: 16350K(16448K)->16350K(16448K) Class: 2660K(2752K)->2660K(2752K)
[522.466s][info][gc             ] GC(1843) Pause Young (Allocation Failure) 619M->525M(776M) 13.721ms
[522.466s][info][gc,cpu         ] GC(1843) User=0.03s Sys=0.00s Real=0.02s
[522.530s][info][gc,start       ] GC(1844) Pause Young (Allocation Failure)
[522.571s][info][gc,heap        ] GC(1844) PSYoungGen: 126736K(126976K)->56448K(215040K) Eden: 111616K(111616K)->0K(109056K) From: 15120K(15360K)->56448K(105984K)
[522.571s][info][gc,heap        ] GC(1844) ParOldGen: 523062K(667648K)->523062K(667648K)
[522.571s][info][gc,metaspace   ] GC(1844) Metaspace: 19010K(19200K)->19010K(19200K) NonClass: 16350K(16448K)->16350K(16448K) Class: 2660K(2752K)->2660K(2752K)
[522.571s][info][gc             ] GC(1844) Pause Young (Allocation Failure) 634M->565M(862M) 41.017ms
[522.571s][info][gc,cpu         ] GC(1844) User=0.08s Sys=0.00s Real=0.04s
[522.629s][info][gc,start       ] GC(1845) Pause Young (Allocation Failure)
[522.695s][info][gc,heap        ] GC(1845) PSYoungGen: 165504K(215040K)->98976K(217600K) Eden: 109056K(109056K)->0K(109056K) From: 56448K(105984K)->98976K(108544K)
[522.695s][info][gc,heap        ] GC(1845) ParOldGen: 523062K(667648K)->523062K(667648K)
[522.695s][info][gc,metaspace   ] GC(1845) Metaspace: 19010K(19200K)->19010K(19200K) NonClass: 16350K(16448K)->16350K(16448K) Class: 2660K(2752K)->2660K(2752K)
[522.695s][info][gc             ] GC(1845) Pause Young (Allocation Failure) 672M->607M(864M) 66.115ms
[522.695s][info][gc,cpu         ] GC(1845) User=0.13s Sys=0.00s Real=0.07s
[522.752s][info][gc,start       ] GC(1846) Pause Young (Allocation Failure)
[522.839s][info][gc,heap        ] GC(1846) PSYoungGen: 208032K(217600K)->77856K(222720K) Eden: 109056K(109056K)->0K(111616K) From: 98976K(108544K)->77856K(111104K)
[522.839s][info][gc,heap        ] GC(1846) ParOldGen: 523062K(667648K)->580143K(667648K)
[522.839s][info][gc,metaspace   ] GC(1846) Metaspace: 19010K(19200K)->19010K(19200K) NonClass: 16350K(16448K)->16350K(16448K) Class: 2660K(2752K)->2660K(2752K)
[522.839s][info][gc             ] GC(1846) Pause Young (Allocation Failure) 713M->642M(869M) 86.681ms
[522.839s][info][gc,cpu         ] GC(1846) User=0.17s Sys=0.00s Real=0.09s
[522.990s][info][gc,start       ] GC(1847) Pause Young (Allocation Failure)
[523.074s][info][gc,heap        ] GC(1847) PSYoungGen: 189472K(222720K)->42774K(222720K) Eden: 111616K(111616K)->0K(111616K) From: 77856K(111104K)->42774K(111104K)
[523.074s][info][gc,heap        ] GC(1847) ParOldGen: 580143K(667648K)->658923K(667648K)
[523.074s][info][gc,metaspace   ] GC(1847) Metaspace: 19015K(19200K)->19015K(19200K) NonClass: 16355K(16448K)->16355K(16448K) Class: 2660K(2752K)->2660K(2752K)
[523.074s][info][gc             ] GC(1847) Pause Young (Allocation Failure) 751M->685M(869M) 83.555ms
[523.074s][info][gc,cpu         ] GC(1847) User=0.17s Sys=0.00s Real=0.09s
[523.272s][info][gc,start       ] GC(1848) Pause Full (Allocation Failure)
[523.272s][info][gc,phases,start] GC(1848) Marking Phase
[523.660s][info][gc,phases      ] GC(1848) Marking Phase 387.844ms
[523.660s][info][gc,phases,start] GC(1848) Summary Phase
[523.660s][info][gc,phases      ] GC(1848) Summary Phase 0.028ms
[523.660s][info][gc,phases,start] GC(1848) Forward
[523.804s][info][gc,phases      ] GC(1848) Forward 144.109ms
[523.804s][info][gc,phases,start] GC(1848) Adjust Pointers
[524.091s][info][gc,phases      ] GC(1848) Adjust Pointers 286.426ms
[524.091s][info][gc,phases,start] GC(1848) Compaction Phase
[524.275s][info][gc,phases      ] GC(1848) Compaction Phase 183.905ms
[524.285s][info][gc,phases,start] GC(1848) Post Compact
[524.287s][info][gc,phases      ] GC(1848) Post Compact 2.355ms
[524.287s][info][gc,heap        ] GC(1848) PSYoungGen: 154390K(222720K)->0K(222720K) Eden: 111616K(111616K)->0K(111616K) From: 42774K(111104K)->0K(111104K)
[524.287s][info][gc,heap        ] GC(1848) ParOldGen: 658923K(667648K)->570055K(667648K)
[524.287s][info][gc,metaspace   ] GC(1848) Metaspace: 19026K(19200K)->19026K(19200K) NonClass: 16366K(16448K)->16366K(16448K) Class: 2660K(2752K)->2660K(2752K)
[524.287s][info][gc             ] GC(1848) Pause Full (Allocation Failure) 794M->556M(869M) 1014.867ms
[524.287s][info][gc,cpu         ] GC(1848) User=1.92s Sys=0.00s Real=1.02s
[524.432s][info][gc,start       ] GC(1849) Pause Young (Allocation Failure)
[524.459s][info][gc,heap        ] GC(1849) PSYoungGen: 111616K(222720K)->14624K(222720K) Eden: 111616K(111616K)->0K(111616K) From: 0K(111104K)->14624K(111104K)
[524.459s][info][gc,heap        ] GC(1849) ParOldGen: 570055K(667648K)->570055K(667648K)
[524.459s][info][gc,metaspace   ] GC(1849) Metaspace: 19028K(19200K)->19028K(19200K) NonClass: 16367K(16448K)->16367K(16448K) Class: 2660K(2752K)->2660K(2752K)
[524.459s][info][gc             ] GC(1849) Pause Young (Allocation Failure) 665M->570M(869M) 27.675ms
[524.459s][info][gc,cpu         ] GC(1849) User=0.06s Sys=0.00s Real=0.03s
[524.565s][info][gc,start       ] GC(1850) Pause Young (Allocation Failure)
[524.603s][info][gc,heap        ] GC(1850) PSYoungGen: 126240K(222720K)->1824K(222720K) Eden: 111616K(111616K)->0K(111616K) From: 14624K(111104K)->1824K(111104K)
[524.603s][info][gc,heap        ] GC(1850) ParOldGen: 570055K(667648K)->584687K(667648K)
[524.603s][info][gc,metaspace   ] GC(1850) Metaspace: 19028K(19200K)->19028K(19200K) NonClass: 16367K(16448K)->16367K(16448K) Class: 2660K(2752K)->2660K(2752K)
[524.603s][info][gc             ] GC(1850) Pause Young (Allocation Failure) 679M->572M(869M) 38.573ms
[524.603s][info][gc,cpu         ] GC(1850) User=0.07s Sys=0.00s Real=0.04s
[524.755s][info][gc,start       ] GC(1851) Pause Young (Allocation Failure)
[524.803s][info][gc,heap        ] GC(1851) PSYoungGen: 113440K(222720K)->22275K(222720K) Eden: 111616K(111616K)->0K(111616K) From: 1824K(111104K)->22275K(111104K)
[524.803s][info][gc,heap        ] GC(1851) ParOldGen: 584687K(667648K)->586503K(667648K)
[524.803s][info][gc,metaspace   ] GC(1851) Metaspace: 19028K(19200K)->19028K(19200K) NonClass: 16367K(16448K)->16367K(16448K) Class: 2660K(2752K)->2660K(2752K)
[524.803s][info][gc             ] GC(1851) Pause Young (Allocation Failure) 681M->594M(869M) 48.022ms
[524.803s][info][gc,cpu         ] GC(1851) User=0.09s Sys=0.00s Real=0.04s
[524.960s][info][gc,start       ] GC(1852) Pause Young (Allocation Failure)
[525.009s][info][gc,heap        ] GC(1852) PSYoungGen: 133891K(222720K)->5248K(218624K) Eden: 111616K(111616K)->0K(111616K) From: 22275K(111104K)->5248K(107008K)
[525.009s][info][gc,heap        ] GC(1852) ParOldGen: 586503K(667648K)->608806K(667648K)
[525.009s][info][gc,metaspace   ] GC(1852) Metaspace: 19028K(19200K)->19028K(19200K) NonClass: 16367K(16448K)->16367K(16448K) Class: 2660K(2752K)->2660K(2752K)
[525.009s][info][gc             ] GC(1852) Pause Young (Allocation Failure) 703M->599M(865M) 49.062ms
[525.009s][info][gc,cpu         ] GC(1852) User=0.10s Sys=0.00s Real=0.05s
[525.166s][info][gc,start       ] GC(1853) Pause Young (Allocation Failure)
[525.177s][info][gc,heap        ] GC(1853) PSYoungGen: 116864K(218624K)->5248K(220672K) Eden: 111616K(111616K)->0K(111616K) From: 5248K(107008K)->5248K(109056K)
[525.177s][info][gc,heap        ] GC(1853) ParOldGen: 608806K(667648K)->608806K(667648K)
[525.177s][info][gc,metaspace   ] GC(1853) Metaspace: 19028K(19200K)->19028K(19200K) NonClass: 16367K(16448K)->16367K(16448K) Class: 2660K(2752K)->2660K(2752K)
[525.177s][info][gc             ] GC(1853) Pause Young (Allocation Failure) 708M->599M(867M) 10.892ms
[525.177s][info][gc,cpu         ] GC(1853) User=0.02s Sys=0.00s Real=0.01s
[525.331s][info][gc,start       ] GC(1854) Pause Young (Allocation Failure)
[525.342s][info][gc,heap        ] GC(1854) PSYoungGen: 116864K(220672K)->5248K(218624K) Eden: 111616K(111616K)->0K(118784K) From: 5248K(109056K)->5248K(99840K)
[525.342s][info][gc,heap        ] GC(1854) ParOldGen: 608806K(667648K)->608806K(667648K)
[525.342s][info][gc,metaspace   ] GC(1854) Metaspace: 19028K(19200K)->19028K(19200K) NonClass: 16367K(16448K)->16367K(16448K) Class: 2660K(2752K)->2660K(2752K)
[525.342s][info][gc             ] GC(1854) Pause Young (Allocation Failure) 708M->599M(865M) 10.999ms
[525.342s][info][gc,cpu         ] GC(1854) User=0.02s Sys=0.00s Real=0.01s
[525.508s][info][gc,start       ] GC(1855) Pause Young (Allocation Failure)
[525.519s][info][gc,heap        ] GC(1855) PSYoungGen: 124032K(218624K)->5248K(221184K) Eden: 118784K(118784K)->0K(118784K) From: 5248K(99840K)->5248K(102400K)
[525.519s][info][gc,heap        ] GC(1855) ParOldGen: 608806K(667648K)->608806K(667648K)
[525.519s][info][gc,metaspace   ] GC(1855) Metaspace: 19028K(19200K)->19028K(19200K) NonClass: 16367K(16448K)->16367K(16448K) Class: 2660K(2752K)->2660K(2752K)
[525.519s][info][gc             ] GC(1855) Pause Young (Allocation Failure) 715M->599M(868M) 11.175ms
[525.519s][info][gc,cpu         ] GC(1855) User=0.02s Sys=0.00s Real=0.01s
[525.685s][info][gc,start       ] GC(1856) Pause Young (Allocation Failure)
[525.696s][info][gc,heap        ] GC(1856) PSYoungGen: 124032K(221184K)->5248K(215040K) Eden: 118784K(118784K)->0K(125440K) From: 5248K(102400K)->5248K(89600K)
[525.696s][info][gc,heap        ] GC(1856) ParOldGen: 608806K(667648K)->608806K(667648K)
[525.696s][info][gc,metaspace   ] GC(1856) Metaspace: 19028K(19200K)->19028K(19200K) NonClass: 16367K(16448K)->16367K(16448K) Class: 2660K(2752K)->2660K(2752K)
[525.696s][info][gc             ] GC(1856) Pause Young (Allocation Failure) 715M->599M(862M) 11.164ms
[525.696s][info][gc,cpu         ] GC(1856) User=0.02s Sys=0.00s Real=0.01s
[525.872s][info][gc,start       ] GC(1857) Pause Young (Allocation Failure)
[525.883s][info][gc,heap        ] GC(1857) PSYoungGen: 130688K(215040K)->5248K(219648K) Eden: 125440K(125440K)->0K(125440K) From: 5248K(89600K)->5248K(94208K)
[525.883s][info][gc,heap        ] GC(1857) ParOldGen: 608806K(667648K)->608806K(667648K)
[525.883s][info][gc,metaspace   ] GC(1857) Metaspace: 19028K(19200K)->19028K(19200K) NonClass: 16367K(16448K)->16367K(16448K) Class: 2660K(2752K)->2660K(2752K)
[525.883s][info][gc             ] GC(1857) Pause Young (Allocation Failure) 722M->599M(866M) 10.928ms
[525.883s][info][gc,cpu         ] GC(1857) User=0.02s Sys=0.00s Real=0.02s
[526.059s][info][gc,start       ] GC(1858) Pause Young (Allocation Failure)
[526.071s][info][gc,heap        ] GC(1858) PSYoungGen: 130688K(219648K)->5248K(211968K) Eden: 125440K(125440K)->0K(131072K) From: 5248K(94208K)->5248K(80896K)
[526.071s][info][gc,heap        ] GC(1858) ParOldGen: 608806K(667648K)->608806K(667648K)
[526.071s][info][gc,metaspace   ] GC(1858) Metaspace: 19028K(19200K)->19028K(19200K) NonClass: 16367K(16448K)->16367K(16448K) Class: 2660K(2752K)->2660K(2752K)
[526.071s][info][gc             ] GC(1858) Pause Young (Allocation Failure) 722M->599M(859M) 11.645ms
[526.071s][info][gc,cpu         ] GC(1858) User=0.02s Sys=0.01s Real=0.01s
[526.236s][info][gc,start       ] GC(1859) Pause Young (Allocation Failure)
[526.258s][info][gc,heap        ] GC(1859) PSYoungGen: 136320K(211968K)->15072K(216576K) Eden: 131072K(131072K)->0K(131072K) From: 5248K(80896K)->15072K(85504K)
[526.258s][info][gc,heap        ] GC(1859) ParOldGen: 608806K(667648K)->608806K(667648K)
[526.258s][info][gc,metaspace   ] GC(1859) Metaspace: 19029K(19200K)->19029K(19200K) NonClass: 16368K(16448K)->16368K(16448K) Class: 2660K(2752K)->2660K(2752K)
[526.258s][info][gc             ] GC(1859) Pause Young (Allocation Failure) 727M->609M(863M) 22.185ms
[526.258s][info][gc,cpu         ] GC(1859) User=0.04s Sys=0.00s Real=0.02s
[526.389s][info][gc,start       ] GC(1860) Pause Young (Allocation Failure)
[526.425s][info][gc,heap        ] GC(1860) PSYoungGen: 146144K(216576K)->31520K(217088K) Eden: 131072K(131072K)->0K(138240K) From: 15072K(85504K)->31520K(78848K)
[526.425s][info][gc,heap        ] GC(1860) ParOldGen: 608806K(667648K)->608806K(667648K)
[526.425s][info][gc,metaspace   ] GC(1860) Metaspace: 19029K(19200K)->19029K(19200K) NonClass: 16368K(16448K)->16368K(16448K) Class: 2660K(2752K)->2660K(2752K)
[526.425s][info][gc             ] GC(1860) Pause Young (Allocation Failure) 737M->625M(864M) 36.710ms
[526.425s][info][gc,cpu         ] GC(1860) User=0.07s Sys=0.00s Real=0.04s
[526.537s][info][gc,start       ] GC(1861) Pause Young (Allocation Failure)
[526.577s][info][gc,heap        ] GC(1861) PSYoungGen: 169760K(217088K)->36256K(216576K) Eden: 138240K(138240K)->0K(138240K) From: 31520K(78848K)->36256K(78336K)
[526.577s][info][gc,heap        ] GC(1861) ParOldGen: 608806K(667648K)->608806K(667648K)
[526.577s][info][gc,metaspace   ] GC(1861) Metaspace: 19029K(19200K)->19029K(19200K) NonClass: 16368K(16448K)->16368K(16448K) Class: 2660K(2752K)->2660K(2752K)
[526.577s][info][gc             ] GC(1861) Pause Young (Allocation Failure) 760M->629M(863M) 40.218ms
[526.577s][info][gc,cpu         ] GC(1861) User=0.08s Sys=0.00s Real=0.04s
[526.706s][info][gc,start       ] GC(1862) Pause Young (Allocation Failure)
[526.748s][info][gc,heap        ] GC(1862) PSYoungGen: 174496K(216576K)->38048K(225280K) Eden: 138240K(138240K)->0K(146944K) From: 36256K(78336K)->38048K(78336K)
[526.748s][info][gc,heap        ] GC(1862) ParOldGen: 608806K(667648K)->608806K(667648K)
[526.748s][info][gc,metaspace   ] GC(1862) Metaspace: 19029K(19200K)->19029K(19200K) NonClass: 16368K(16448K)->16368K(16448K) Class: 2660K(2752K)->2660K(2752K)
[526.748s][info][gc             ] GC(1862) Pause Young (Allocation Failure) 764M->631M(872M) 41.568ms
[526.748s][info][gc,cpu         ] GC(1862) User=0.08s Sys=0.00s Real=0.04s
[526.910s][info][gc,start       ] GC(1863) Pause Young (Allocation Failure)
[526.957s][info][gc,heap        ] GC(1863) PSYoungGen: 184992K(225280K)->43840K(225792K) Eden: 146944K(146944K)->0K(146944K) From: 38048K(78336K)->43840K(78848K)
[526.957s][info][gc,heap        ] GC(1863) ParOldGen: 608806K(667648K)->608806K(667648K)
[526.957s][info][gc,metaspace   ] GC(1863) Metaspace: 19029K(19200K)->19029K(19200K) NonClass: 16369K(16448K)->16369K(16448K) Class: 2660K(2752K)->2660K(2752K)
[526.957s][info][gc             ] GC(1863) Pause Young (Allocation Failure) 775M->637M(872M) 47.139ms
[526.957s][info][gc,cpu         ] GC(1863) User=0.10s Sys=0.00s Real=0.05s
[527.201s][info][gc,start       ] GC(1864) Pause Young (Allocation Failure)
[527.250s][info][gc,heap        ] GC(1864) PSYoungGen: 190784K(225792K)->46144K(237056K) Eden: 146944K(146944K)->0K(156160K) From: 43840K(78848K)->46144K(80896K)
[527.250s][info][gc,heap        ] GC(1864) ParOldGen: 608806K(667648K)->608806K(667648K)
[527.250s][info][gc,metaspace   ] GC(1864) Metaspace: 19032K(19200K)->19032K(19200K) NonClass: 16372K(16448K)->16372K(16448K) Class: 2660K(2752K)->2660K(2752K)
[527.250s][info][gc             ] GC(1864) Pause Young (Allocation Failure) 780M->639M(883M) 49.225ms
[527.250s][info][gc,cpu         ] GC(1864) User=0.10s Sys=0.00s Real=0.05s
[527.561s][info][gc,start       ] GC(1865) Pause Young (Allocation Failure)
[527.610s][info][gc,heap        ] GC(1865) PSYoungGen: 202304K(237056K)->46304K(239104K) Eden: 156160K(156160K)->0K(156160K) From: 46144K(80896K)->46304K(82944K)
[527.610s][info][gc,heap        ] GC(1865) ParOldGen: 608806K(667648K)->608806K(667648K)
[527.610s][info][gc,metaspace   ] GC(1865) Metaspace: 19034K(19200K)->19034K(19200K) NonClass: 16374K(16448K)->16374K(16448K) Class: 2660K(2752K)->2660K(2752K)
[527.610s][info][gc             ] GC(1865) Pause Young (Allocation Failure) 792M->639M(885M) 48.915ms
[527.610s][info][gc,cpu         ] GC(1865) User=0.10s Sys=0.00s Real=0.05s
[527.894s][info][gc,start       ] GC(1866) Pause Young (Allocation Failure)
[527.943s][info][gc,heap        ] GC(1866) PSYoungGen: 202464K(239104K)->46304K(247296K) Eden: 156160K(156160K)->0K(162816K) From: 46304K(82944K)->46304K(84480K)
[527.943s][info][gc,heap        ] GC(1866) ParOldGen: 608806K(667648K)->608806K(667648K)
[527.943s][info][gc,metaspace   ] GC(1866) Metaspace: 19036K(19200K)->19036K(19200K) NonClass: 16376K(16448K)->16376K(16448K) Class: 2660K(2752K)->2660K(2752K)
[527.943s][info][gc             ] GC(1866) Pause Young (Allocation Failure) 792M->639M(893M) 49.467ms
[527.943s][info][gc,cpu         ] GC(1866) User=0.09s Sys=0.00s Real=0.05s
[528.253s][info][gc,start       ] GC(1867) Pause Young (Allocation Failure)
[528.302s][info][gc,heap        ] GC(1867) PSYoungGen: 209120K(247296K)->41088K(204288K) Eden: 162816K(162816K)->0K(162816K) From: 46304K(84480K)->41088K(41472K)
[528.302s][info][gc,heap        ] GC(1867) ParOldGen: 608806K(667648K)->614030K(667648K)
[528.302s][info][gc,metaspace   ] GC(1867) Metaspace: 19044K(19200K)->19044K(19200K) NonClass: 16384K(16448K)->16384K(16448K) Class: 2660K(2752K)->2660K(2752K)
[528.302s][info][gc             ] GC(1867) Pause Young (Allocation Failure) 798M->639M(851M) 49.129ms
[528.302s][info][gc,cpu         ] GC(1867) User=0.10s Sys=0.00s Real=0.05s
[528.490s][info][gc,start       ] GC(1868) Pause Young (Allocation Failure)
[528.544s][info][gc,heap        ] GC(1868) PSYoungGen: 203904K(204288K)->54144K(243712K) Eden: 162816K(162816K)->0K(159744K) From: 41088K(41472K)->54144K(83968K)
[528.544s][info][gc,heap        ] GC(1868) ParOldGen: 614030K(667648K)->614030K(667648K)
[528.544s][info][gc,metaspace   ] GC(1868) Metaspace: 19044K(19200K)->19044K(19200K) NonClass: 16384K(16448K)->16384K(16448K) Class: 2660K(2752K)->2660K(2752K)
[528.544s][info][gc             ] GC(1868) Pause Young (Allocation Failure) 798M->652M(890M) 54.332ms
[528.544s][info][gc,cpu         ] GC(1868) User=0.10s Sys=0.01s Real=0.06s
[528.698s][info][gc,start       ] GC(1869) Pause Young (Allocation Failure)
[528.773s][info][gc,heap        ] GC(1869) PSYoungGen: 213888K(243712K)->85952K(245760K) Eden: 159744K(159744K)->0K(159744K) From: 54144K(83968K)->85952K(86016K)
[528.773s][info][gc,heap        ] GC(1869) ParOldGen: 614030K(667648K)->614038K(667648K)
[528.773s][info][gc,metaspace   ] GC(1869) Metaspace: 19048K(19200K)->19048K(19200K) NonClass: 16388K(16448K)->16388K(16448K) Class: 2660K(2752K)->2660K(2752K)
[528.773s][info][gc             ] GC(1869) Pause Young (Allocation Failure) 808M->683M(892M) 74.214ms
[528.773s][info][gc,cpu         ] GC(1869) User=0.15s Sys=0.00s Real=0.07s
[528.992s][info][gc,start       ] GC(1870) Pause Young (Allocation Failure)
[529.107s][info][gc,heap        ] GC(1870) PSYoungGen: 245696K(245760K)->88032K(199680K) Eden: 159744K(159744K)->0K(111616K) From: 85952K(86016K)->88032K(88064K)
[529.107s][info][gc,heap        ] GC(1870) ParOldGen: 614038K(667648K)->635950K(667648K)
[529.107s][info][gc,metaspace   ] GC(1870) Metaspace: 19048K(19200K)->19048K(19200K) NonClass: 16388K(16448K)->16388K(16448K) Class: 2660K(2752K)->2660K(2752K)
[529.107s][info][gc             ] GC(1870) Pause Young (Allocation Failure) 839M->707M(847M) 114.936ms
[529.107s][info][gc,cpu         ] GC(1870) User=0.21s Sys=0.02s Real=0.12s
[529.266s][info][gc,start       ] GC(1871) Pause Full (Allocation Failure)
[529.266s][info][gc,phases,start] GC(1871) Marking Phase
[529.440s][info][gc,phases      ] GC(1871) Marking Phase 174.736ms
[529.440s][info][gc,phases,start] GC(1871) Summary Phase
[529.440s][info][gc,phases      ] GC(1871) Summary Phase 0.028ms
[529.440s][info][gc,phases,start] GC(1871) Forward
[529.520s][info][gc,phases      ] GC(1871) Forward 79.905ms
[529.520s][info][gc,phases,start] GC(1871) Adjust Pointers
[529.676s][info][gc,phases      ] GC(1871) Adjust Pointers 155.047ms
[529.676s][info][gc,phases,start] GC(1871) Compaction Phase
[529.749s][info][gc,phases      ] GC(1871) Compaction Phase 73.861ms
[529.765s][info][gc,phases,start] GC(1871) Post Compact
[529.767s][info][gc,phases      ] GC(1871) Post Compact 2.352ms
[529.773s][info][gc,heap        ] GC(1871) PSYoungGen: 199648K(199680K)->0K(222720K) Eden: 111616K(111616K)->0K(111616K) From: 88032K(88064K)->0K(111104K)
[529.773s][info][gc,heap        ] GC(1871) ParOldGen: 635950K(667648K)->289419K(591872K)
[529.773s][info][gc,metaspace   ] GC(1871) Metaspace: 19048K(19200K)->19048K(19200K) NonClass: 16388K(16448K)->16388K(16448K) Class: 2660K(2752K)->2660K(2752K)
[529.773s][info][gc             ] GC(1871) Pause Full (Allocation Failure) 816M->282M(795M) 507.469ms
[529.773s][info][gc,cpu         ] GC(1871) User=0.89s Sys=0.00s Real=0.50s
[529.921s][info][gc,start       ] GC(1872) Pause Young (Allocation Failure)
[529.922s][info][gc,heap        ] GC(1872) PSYoungGen: 111616K(222720K)->64K(222720K) Eden: 111616K(111616K)->0K(111616K) From: 0K(111104K)->64K(111104K)
[529.922s][info][gc,heap        ] GC(1872) ParOldGen: 289419K(591872K)->289419K(591872K)
[529.922s][info][gc,metaspace   ] GC(1872) Metaspace: 19048K(19200K)->19048K(19200K) NonClass: 16388K(16448K)->16388K(16448K) Class: 2660K(2752K)->2660K(2752K)
[529.922s][info][gc             ] GC(1872) Pause Young (Allocation Failure) 391M->282M(795M) 1.141ms
[529.922s][info][gc,cpu         ] GC(1872) User=0.00s Sys=0.00s Real=0.00s
[530.066s][info][gc,start       ] GC(1873) Pause Young (Allocation Failure)
[530.067s][info][gc,heap        ] GC(1873) PSYoungGen: 111680K(222720K)->64K(222720K) Eden: 111616K(111616K)->0K(111616K) From: 64K(111104K)->64K(111104K)
[530.067s][info][gc,heap        ] GC(1873) ParOldGen: 289419K(591872K)->289419K(591872K)
[530.067s][info][gc,metaspace   ] GC(1873) Metaspace: 19048K(19200K)->19048K(19200K) NonClass: 16388K(16448K)->16388K(16448K) Class: 2660K(2752K)->2660K(2752K)
[530.067s][info][gc             ] GC(1873) Pause Young (Allocation Failure) 391M->282M(795M) 1.130ms
[530.067s][info][gc,cpu         ] GC(1873) User=0.00s Sys=0.00s Real=0.00s
[530.212s][info][gc,start       ] GC(1874) Pause Young (Allocation Failure)
[530.213s][info][gc,heap        ] GC(1874) PSYoungGen: 111680K(222720K)->64K(222720K) Eden: 111616K(111616K)->0K(111616K) From: 64K(111104K)->64K(111104K)
[530.213s][info][gc,heap        ] GC(1874) ParOldGen: 289419K(591872K)->289419K(591872K)
[530.213s][info][gc,metaspace   ] GC(1874) Metaspace: 19048K(19200K)->19048K(19200K) NonClass: 16388K(16448K)->16388K(16448K) Class: 2660K(2752K)->2660K(2752K)
[530.213s][info][gc             ] GC(1874) Pause Young (Allocation Failure) 391M->282M(795M) 1.136ms
[530.213s][info][gc,cpu         ] GC(1874) User=0.00s Sys=0.00s Real=0.01s
[530.358s][info][gc,start       ] GC(1875) Pause Young (Allocation Failure)
[530.359s][info][gc,heap        ] GC(1875) PSYoungGen: 111680K(222720K)->64K(222720K) Eden: 111616K(111616K)->0K(111616K) From: 64K(111104K)->64K(111104K)
[530.359s][info][gc,heap        ] GC(1875) ParOldGen: 289419K(591872K)->289419K(591872K)
[530.359s][info][gc,metaspace   ] GC(1875) Metaspace: 19048K(19200K)->19048K(19200K) NonClass: 16388K(16448K)->16388K(16448K) Class: 2660K(2752K)->2660K(2752K)
[530.359s][info][gc             ] GC(1875) Pause Young (Allocation Failure) 391M->282M(795M) 1.121ms
[530.359s][info][gc,cpu         ] GC(1875) User=0.00s Sys=0.00s Real=0.00s
[530.505s][info][gc,start       ] GC(1876) Pause Young (Allocation Failure)
[530.506s][info][gc,heap        ] GC(1876) PSYoungGen: 111680K(222720K)->64K(222720K) Eden: 111616K(111616K)->0K(111616K) From: 64K(111104K)->64K(111104K)
[530.506s][info][gc,heap        ] GC(1876) ParOldGen: 289419K(591872K)->289419K(591872K)
[530.506s][info][gc,metaspace   ] GC(1876) Metaspace: 19048K(19200K)->19048K(19200K) NonClass: 16388K(16448K)->16388K(16448K) Class: 2660K(2752K)->2660K(2752K)
[530.506s][info][gc             ] GC(1876) Pause Young (Allocation Failure) 391M->282M(795M) 1.144ms
[530.506s][info][gc,cpu         ] GC(1876) User=0.00s Sys=0.00s Real=0.00s
[530.650s][info][gc,start       ] GC(1877) Pause Young (Allocation Failure)
[530.652s][info][gc,heap        ] GC(1877) PSYoungGen: 111680K(222720K)->64K(112128K) Eden: 111616K(111616K)->0K(111616K) From: 64K(111104K)->64K(512K)
[530.652s][info][gc,heap        ] GC(1877) ParOldGen: 289419K(591872K)->289419K(591872K)
[530.652s][info][gc,metaspace   ] GC(1877) Metaspace: 19048K(19200K)->19048K(19200K) NonClass: 16388K(16448K)->16388K(16448K) Class: 2660K(2752K)->2660K(2752K)
[530.652s][info][gc             ] GC(1877) Pause Young (Allocation Failure) 391M->282M(687M) 1.725ms
[530.652s][info][gc,cpu         ] GC(1877) User=0.00s Sys=0.00s Real=0.00s
[530.798s][info][gc,start       ] GC(1878) Pause Young (Allocation Failure)
[530.800s][info][gc,heap        ] GC(1878) PSYoungGen: 111680K(112128K)->64K(218112K) Eden: 111616K(111616K)->0K(114688K) From: 64K(512K)->64K(103424K)
[530.800s][info][gc,heap        ] GC(1878) ParOldGen: 289419K(591872K)->289419K(591872K)
[530.800s][info][gc,metaspace   ] GC(1878) Metaspace: 19048K(19200K)->19048K(19200K) NonClass: 16388K(16448K)->16388K(16448K) Class: 2660K(2752K)->2660K(2752K)
[530.800s][info][gc             ] GC(1878) Pause Young (Allocation Failure) 391M->282M(791M) 2.196ms
[530.800s][info][gc,cpu         ] GC(1878) User=0.00s Sys=0.01s Real=0.00s
[530.916s][info][gc,start       ] GC(1879) Pause Young (Allocation Failure)
[530.933s][info][gc,heap        ] GC(1879) PSYoungGen: 114752K(218112K)->14784K(129536K) Eden: 114688K(114688K)->0K(114688K) From: 64K(103424K)->14784K(14848K)
[530.933s][info][gc,heap        ] GC(1879) ParOldGen: 289419K(591872K)->289419K(591872K)
[530.933s][info][gc,metaspace   ] GC(1879) Metaspace: 19048K(19200K)->19048K(19200K) NonClass: 16388K(16448K)->16388K(16448K) Class: 2660K(2752K)->2660K(2752K)
[530.933s][info][gc             ] GC(1879) Pause Young (Allocation Failure) 394M->297M(704M) 17.817ms
[530.933s][info][gc,cpu         ] GC(1879) User=0.03s Sys=0.00s Real=0.02s
[531.037s][info][gc,start       ] GC(1880) Pause Young (Allocation Failure)
[531.064s][info][gc,heap        ] GC(1880) PSYoungGen: 129472K(129536K)->25376K(207872K) Eden: 114688K(114688K)->0K(120832K) From: 14784K(14848K)->25376K(87040K)
[531.064s][info][gc,heap        ] GC(1880) ParOldGen: 289419K(591872K)->289419K(591872K)
[531.064s][info][gc,metaspace   ] GC(1880) Metaspace: 19048K(19200K)->19048K(19200K) NonClass: 16388K(16448K)->16388K(16448K) Class: 2660K(2752K)->2660K(2752K)
[531.064s][info][gc             ] GC(1880) Pause Young (Allocation Failure) 409M->307M(781M) 27.212ms
[531.064s][info][gc,cpu         ] GC(1880) User=0.05s Sys=0.00s Real=0.03s
[531.165s][info][gc,start       ] GC(1881) Pause Young (Allocation Failure)
[531.192s][info][gc,heap        ] GC(1881) PSYoungGen: 146208K(207872K)->26944K(212480K) Eden: 120832K(120832K)->0K(120832K) From: 25376K(87040K)->26944K(91648K)
[531.192s][info][gc,heap        ] GC(1881) ParOldGen: 289419K(591872K)->289419K(591872K)
[531.192s][info][gc,metaspace   ] GC(1881) Metaspace: 19048K(19200K)->19048K(19200K) NonClass: 16388K(16448K)->16388K(16448K) Class: 2660K(2752K)->2660K(2752K)
[531.192s][info][gc             ] GC(1881) Pause Young (Allocation Failure) 425M->308M(785M) 27.428ms
[531.192s][info][gc,cpu         ] GC(1881) User=0.05s Sys=0.00s Real=0.02s
[531.287s][info][gc,start       ] GC(1882) Pause Young (Allocation Failure)
[531.328s][info][gc,heap        ] GC(1882) PSYoungGen: 147776K(212480K)->38656K(215552K) Eden: 120832K(120832K)->0K(129024K) From: 26944K(91648K)->38656K(86528K)
[531.328s][info][gc,heap        ] GC(1882) ParOldGen: 289419K(591872K)->289419K(591872K)
[531.328s][info][gc,metaspace   ] GC(1882) Metaspace: 19048K(19200K)->19048K(19200K) NonClass: 16388K(16448K)->16388K(16448K) Class: 2660K(2752K)->2660K(2752K)
[531.328s][info][gc             ] GC(1882) Pause Young (Allocation Failure) 426M->320M(788M) 41.049ms
[531.328s][info][gc,cpu         ] GC(1882) User=0.08s Sys=0.00s Real=0.04s
[531.419s][info][gc,start       ] GC(1883) Pause Young (Allocation Failure)
[531.471s][info][gc,heap        ] GC(1883) PSYoungGen: 167680K(215552K)->51712K(215040K) Eden: 129024K(129024K)->0K(129024K) From: 38656K(86528K)->51712K(86016K)
[531.471s][info][gc,heap        ] GC(1883) ParOldGen: 289419K(591872K)->289419K(591872K)
[531.471s][info][gc,metaspace   ] GC(1883) Metaspace: 19048K(19200K)->19048K(19200K) NonClass: 16388K(16448K)->16388K(16448K) Class: 2660K(2752K)->2660K(2752K)
[531.471s][info][gc             ] GC(1883) Pause Young (Allocation Failure) 446M->333M(788M) 51.907ms
[531.471s][info][gc,cpu         ] GC(1883) User=0.10s Sys=0.00s Real=0.05s
[531.560s][info][gc,start       ] GC(1884) Pause Young (Allocation Failure)
[531.638s][info][gc,heap        ] GC(1884) PSYoungGen: 180736K(215040K)->77408K(218624K) Eden: 129024K(129024K)->0K(128512K) From: 51712K(86016K)->77408K(90112K)
[531.638s][info][gc,heap        ] GC(1884) ParOldGen: 289419K(591872K)->289419K(591872K)
[531.638s][info][gc,metaspace   ] GC(1884) Metaspace: 19048K(19200K)->19048K(19200K) NonClass: 16388K(16448K)->16388K(16448K) Class: 2660K(2752K)->2660K(2752K)
[531.639s][info][gc             ] GC(1884) Pause Young (Allocation Failure) 459M->358M(791M) 78.764ms
[531.639s][info][gc,cpu         ] GC(1884) User=0.15s Sys=0.00s Real=0.08s
[531.764s][info][gc,start       ] GC(1885) Pause Young (Allocation Failure)
[531.861s][info][gc,heap        ] GC(1885) PSYoungGen: 205920K(218624K)->100032K(228864K) Eden: 128512K(128512K)->0K(128512K) From: 77408K(90112K)->100032K(100352K)
[531.861s][info][gc,heap        ] GC(1885) ParOldGen: 289419K(591872K)->289419K(591872K)
[531.861s][info][gc,metaspace   ] GC(1885) Metaspace: 19048K(19200K)->19048K(19200K) NonClass: 16388K(16448K)->16388K(16448K) Class: 2660K(2752K)->2660K(2752K)
[531.861s][info][gc             ] GC(1885) Pause Young (Allocation Failure) 483M->380M(801M) 96.347ms
[531.861s][info][gc,cpu         ] GC(1885) User=0.19s Sys=0.00s Real=0.09s
[532.039s][info][gc,start       ] GC(1886) Pause Young (Allocation Failure)
[532.162s][info][gc,heap        ] GC(1886) PSYoungGen: 228544K(228864K)->104960K(216576K) Eden: 128512K(128512K)->0K(111616K) From: 100032K(100352K)->104960K(104960K)
[532.162s][info][gc,heap        ] GC(1886) ParOldGen: 289419K(591872K)->297511K(591872K)
[532.162s][info][gc,metaspace   ] GC(1886) Metaspace: 19048K(19200K)->19048K(19200K) NonClass: 16388K(16448K)->16388K(16448K) Class: 2660K(2752K)->2660K(2752K)
[532.162s][info][gc             ] GC(1886) Pause Young (Allocation Failure) 505M->393M(789M) 123.614ms
[532.162s][info][gc,cpu         ] GC(1886) User=0.23s Sys=0.02s Real=0.12s
[532.252s][info][gc,start       ] GC(1887) Pause Young (Allocation Failure)
[532.355s][info][gc,heap        ] GC(1887) PSYoungGen: 216576K(216576K)->108448K(222720K) Eden: 111616K(111616K)->0K(111616K) From: 104960K(104960K)->108448K(111104K)
[532.355s][info][gc,heap        ] GC(1887) ParOldGen: 297511K(591872K)->297511K(591872K)
[532.355s][info][gc,metaspace   ] GC(1887) Metaspace: 19048K(19200K)->19048K(19200K) NonClass: 16388K(16448K)->16388K(16448K) Class: 2660K(2752K)->2660K(2752K)
[532.355s][info][gc             ] GC(1887) Pause Young (Allocation Failure) 502M->396M(795M) 102.981ms
[532.355s][info][gc,cpu         ] GC(1887) User=0.21s Sys=0.00s Real=0.11s
[532.486s][info][gc,start       ] GC(1888) Pause Young (Allocation Failure)
[532.599s][info][gc,heap        ] GC(1888) PSYoungGen: 220064K(222720K)->108672K(222720K) Eden: 111616K(111616K)->0K(111616K) From: 108448K(111104K)->108672K(111104K)
[532.599s][info][gc,heap        ] GC(1888) ParOldGen: 297511K(591872K)->297511K(591872K)
[532.599s][info][gc,metaspace   ] GC(1888) Metaspace: 19048K(19200K)->19048K(19200K) NonClass: 16388K(16448K)->16388K(16448K) Class: 2660K(2752K)->2660K(2752K)
[532.599s][info][gc             ] GC(1888) Pause Young (Allocation Failure) 505M->396M(795M) 113.137ms
[532.599s][info][gc,cpu         ] GC(1888) User=0.22s Sys=0.00s Real=0.11s
[532.720s][info][gc,start       ] GC(1889) Pause Young (Allocation Failure)
[532.823s][info][gc,heap        ] GC(1889) PSYoungGen: 220288K(222720K)->109888K(222720K) Eden: 111616K(111616K)->0K(111616K) From: 108672K(111104K)->109888K(111104K)
[532.824s][info][gc,heap        ] GC(1889) ParOldGen: 297511K(591872K)->297511K(591872K)
[532.824s][info][gc,metaspace   ] GC(1889) Metaspace: 19048K(19200K)->19048K(19200K) NonClass: 16388K(16448K)->16388K(16448K) Class: 2660K(2752K)->2660K(2752K)
[532.824s][info][gc             ] GC(1889) Pause Young (Allocation Failure) 505M->397M(795M) 103.937ms
[532.824s][info][gc,cpu         ] GC(1889) User=0.21s Sys=0.00s Real=0.11s
[532.952s][info][gc,start       ] GC(1890) Pause Young (Allocation Failure)
[533.060s][info][gc,heap        ] GC(1890) PSYoungGen: 221504K(222720K)->92512K(222720K) Eden: 111616K(111616K)->0K(111616K) From: 109888K(111104K)->92512K(111104K)
[533.061s][info][gc,heap        ] GC(1890) ParOldGen: 297511K(591872K)->318215K(591872K)
[533.061s][info][gc,metaspace   ] GC(1890) Metaspace: 19048K(19200K)->19048K(19200K) NonClass: 16388K(16448K)->16388K(16448K) Class: 2660K(2752K)->2660K(2752K)
[533.061s][info][gc             ] GC(1890) Pause Young (Allocation Failure) 506M->401M(795M) 108.400ms
[533.061s][info][gc,cpu         ] GC(1890) User=0.22s Sys=0.00s Real=0.11s
[533.167s][info][gc,start       ] GC(1891) Pause Young (Allocation Failure)
[533.256s][info][gc,heap        ] GC(1891) PSYoungGen: 204128K(222720K)->80160K(222720K) Eden: 111616K(111616K)->0K(111616K) From: 92512K(111104K)->80160K(111104K)
[533.256s][info][gc,heap        ] GC(1891) ParOldGen: 318215K(591872K)->330607K(591872K)
[533.256s][info][gc,metaspace   ] GC(1891) Metaspace: 19048K(19200K)->19048K(19200K) NonClass: 16388K(16448K)->16388K(16448K) Class: 2660K(2752K)->2660K(2752K)
[533.256s][info][gc             ] GC(1891) Pause Young (Allocation Failure) 510M->401M(795M) 88.735ms
[533.256s][info][gc,cpu         ] GC(1891) User=0.18s Sys=0.00s Real=0.09s
[533.399s][info][gc,start       ] GC(1892) Pause Young (Allocation Failure)
[533.486s][info][gc,heap        ] GC(1892) PSYoungGen: 191776K(222720K)->51552K(222720K) Eden: 111616K(111616K)->0K(111616K) From: 80160K(111104K)->51552K(111104K)
[533.486s][info][gc,heap        ] GC(1892) ParOldGen: 330607K(591872K)->368143K(591872K)
[533.486s][info][gc,metaspace   ] GC(1892) Metaspace: 19048K(19200K)->19048K(19200K) NonClass: 16388K(16448K)->16388K(16448K) Class: 2660K(2752K)->2660K(2752K)
[533.486s][info][gc             ] GC(1892) Pause Young (Allocation Failure) 510M->409M(795M) 86.662ms
[533.486s][info][gc,cpu         ] GC(1892) User=0.17s Sys=0.00s Real=0.09s
[533.594s][info][gc,start       ] GC(1893) Pause Young (Allocation Failure)
[533.672s][info][gc,heap        ] GC(1893) PSYoungGen: 163168K(222720K)->47744K(222720K) Eden: 111616K(111616K)->0K(111616K) From: 51552K(111104K)->47744K(111104K)
[533.672s][info][gc,heap        ] GC(1893) ParOldGen: 368143K(591872K)->402743K(591872K)
[533.672s][info][gc,metaspace   ] GC(1893) Metaspace: 19048K(19200K)->19048K(19200K) NonClass: 16388K(16448K)->16388K(16448K) Class: 2660K(2752K)->2660K(2752K)
[533.672s][info][gc             ] GC(1893) Pause Young (Allocation Failure) 518M->439M(795M) 78.417ms
[533.672s][info][gc,cpu         ] GC(1893) User=0.15s Sys=0.00s Real=0.07s
[533.729s][info][gc,start       ] GC(1894) Pause Young (Allocation Failure)
[533.798s][info][gc,heap        ] GC(1894) PSYoungGen: 159360K(222720K)->80736K(222720K) Eden: 111616K(111616K)->0K(111616K) From: 47744K(111104K)->80736K(111104K)
[533.798s][info][gc,heap        ] GC(1894) ParOldGen: 402743K(591872K)->406445K(591872K)
[533.798s][info][gc,metaspace   ] GC(1894) Metaspace: 19048K(19200K)->19048K(19200K) NonClass: 16388K(16448K)->16388K(16448K) Class: 2660K(2752K)->2660K(2752K)
[533.798s][info][gc             ] GC(1894) Pause Young (Allocation Failure) 548M->475M(795M) 69.306ms
[533.798s][info][gc,cpu         ] GC(1894) User=0.14s Sys=0.00s Real=0.07s
[533.972s][info][gc,start       ] GC(1895) Pause Young (Allocation Failure)
[534.046s][info][gc,heap        ] GC(1895) PSYoungGen: 192352K(222720K)->93736K(222720K) Eden: 111616K(111616K)->0K(111616K) From: 80736K(111104K)->93736K(111104K)
[534.046s][info][gc,heap        ] GC(1895) ParOldGen: 406445K(591872K)->410925K(591872K)
[534.046s][info][gc,metaspace   ] GC(1895) Metaspace: 19048K(19200K)->19048K(19200K) NonClass: 16388K(16448K)->16388K(16448K) Class: 2660K(2752K)->2660K(2752K)
[534.046s][info][gc             ] GC(1895) Pause Young (Allocation Failure) 584M->492M(795M) 73.879ms
[534.046s][info][gc,cpu         ] GC(1895) User=0.14s Sys=0.00s Real=0.08s
[534.156s][info][gc,start       ] GC(1896) Pause Young (Allocation Failure)
[534.228s][info][gc,heap        ] GC(1896) PSYoungGen: 205352K(222720K)->90824K(222720K) Eden: 111616K(111616K)->0K(111616K) From: 93736K(111104K)->90824K(111104K)
[534.228s][info][gc,heap        ] GC(1896) ParOldGen: 410925K(591872K)->419829K(591872K)
[534.228s][info][gc,metaspace   ] GC(1896) Metaspace: 19048K(19200K)->19048K(19200K) NonClass: 16388K(16448K)->16388K(16448K) Class: 2660K(2752K)->2660K(2752K)
[534.228s][info][gc             ] GC(1896) Pause Young (Allocation Failure) 601M->498M(795M) 72.057ms
[534.228s][info][gc,cpu         ] GC(1896) User=0.14s Sys=0.00s Real=0.07s
[534.312s][info][gc,start       ] GC(1897) Pause Young (Allocation Failure)
[534.381s][info][gc,heap        ] GC(1897) PSYoungGen: 202440K(222720K)->26464K(222720K) Eden: 111616K(111616K)->0K(111616K) From: 90824K(111104K)->26464K(111104K)
[534.382s][info][gc,heap        ] GC(1897) ParOldGen: 419829K(591872K)->487752K(591872K)
[534.382s][info][gc,metaspace   ] GC(1897) Metaspace: 19048K(19200K)->19048K(19200K) NonClass: 16388K(16448K)->16388K(16448K) Class: 2660K(2752K)->2660K(2752K)
[534.382s][info][gc             ] GC(1897) Pause Young (Allocation Failure) 607M->502M(795M) 69.229ms
[534.382s][info][gc,cpu         ] GC(1897) User=0.14s Sys=0.00s Real=0.07s
[534.536s][info][gc,start       ] GC(1898) Pause Young (Allocation Failure)
[534.561s][info][gc,heap        ] GC(1898) PSYoungGen: 138080K(222720K)->3296K(222720K) Eden: 111616K(111616K)->0K(111616K) From: 26464K(111104K)->3296K(111104K)
[534.561s][info][gc,heap        ] GC(1898) ParOldGen: 487752K(591872K)->511384K(591872K)
[534.561s][info][gc,metaspace   ] GC(1898) Metaspace: 19048K(19200K)->19048K(19200K) NonClass: 16388K(16448K)->16388K(16448K) Class: 2660K(2752K)->2660K(2752K)
[534.561s][info][gc             ] GC(1898) Pause Young (Allocation Failure) 611M->502M(795M) 25.079ms
[534.561s][info][gc,cpu         ] GC(1898) User=0.05s Sys=0.00s Real=0.02s
[534.724s][info][gc,start       ] GC(1899) Pause Young (Allocation Failure)
[534.730s][info][gc,heap        ] GC(1899) PSYoungGen: 114912K(222720K)->352K(222720K) Eden: 111616K(111616K)->0K(111616K) From: 3296K(111104K)->352K(111104K)
[534.730s][info][gc,heap        ] GC(1899) ParOldGen: 511384K(591872K)->514632K(591872K)
[534.730s][info][gc,metaspace   ] GC(1899) Metaspace: 19048K(19200K)->19048K(19200K) NonClass: 16388K(16448K)->16388K(16448K) Class: 2660K(2752K)->2660K(2752K)
[534.730s][info][gc             ] GC(1899) Pause Young (Allocation Failure) 611M->502M(795M) 6.752ms
[534.730s][info][gc,cpu         ] GC(1899) User=0.01s Sys=0.00s Real=0.00s
[534.897s][info][gc,start       ] GC(1900) Pause Young (Allocation Failure)
[534.903s][info][gc,heap        ] GC(1900) PSYoungGen: 111968K(222720K)->1280K(222720K) Eden: 111616K(111616K)->0K(111616K) From: 352K(111104K)->1280K(111104K)
[534.903s][info][gc,heap        ] GC(1900) ParOldGen: 514632K(591872K)->514944K(591872K)
[534.903s][info][gc,metaspace   ] GC(1900) Metaspace: 19049K(19200K)->19049K(19200K) NonClass: 16389K(16448K)->16389K(16448K) Class: 2660K(2752K)->2660K(2752K)
[534.903s][info][gc             ] GC(1900) Pause Young (Allocation Failure) 611M->504M(795M) 5.753ms
[534.903s][info][gc,cpu         ] GC(1900) User=0.02s Sys=0.00s Real=0.00s
[535.000s][info][gc,start       ] GC(1901) Pause Young (Allocation Failure)
[535.006s][info][gc,heap        ] GC(1901) PSYoungGen: 112896K(222720K)->768K(222720K) Eden: 111616K(111616K)->0K(111616K) From: 1280K(111104K)->768K(111104K)
[535.006s][info][gc,heap        ] GC(1901) ParOldGen: 514944K(591872K)->516184K(591872K)
[535.006s][info][gc,metaspace   ] GC(1901) Metaspace: 19049K(19200K)->19049K(19200K) NonClass: 16389K(16448K)->16389K(16448K) Class: 2660K(2752K)->2660K(2752K)
[535.006s][info][gc             ] GC(1901) Pause Young (Allocation Failure) 613M->504M(795M) 6.085ms
[535.006s][info][gc,cpu         ] GC(1901) User=0.01s Sys=0.00s Real=0.01s
[535.208s][info][gc,start       ] GC(1902) Pause Young (Allocation Failure)
[535.235s][info][gc,heap        ] GC(1902) PSYoungGen: 112384K(222720K)->11809K(222720K) Eden: 111616K(111616K)->0K(111616K) From: 768K(111104K)->11809K(111104K)
[535.235s][info][gc,heap        ] GC(1902) ParOldGen: 516184K(591872K)->516896K(591872K)
[535.235s][info][gc,metaspace   ] GC(1902) Metaspace: 19049K(19200K)->19049K(19200K) NonClass: 16389K(16448K)->16389K(16448K) Class: 2660K(2752K)->2660K(2752K)
[535.235s][info][gc             ] GC(1902) Pause Young (Allocation Failure) 613M->516M(795M) 27.594ms
[535.235s][info][gc,cpu         ] GC(1902) User=0.05s Sys=0.00s Real=0.03s
[535.444s][info][gc,start       ] GC(1903) Pause Young (Allocation Failure)
[535.478s][info][gc,heap        ] GC(1903) PSYoungGen: 123425K(222720K)->9664K(222720K) Eden: 111616K(111616K)->0K(111616K) From: 11809K(111104K)->9664K(111104K)
[535.479s][info][gc,heap        ] GC(1903) ParOldGen: 516896K(591872K)->528741K(591872K)
[535.479s][info][gc,metaspace   ] GC(1903) Metaspace: 19049K(19200K)->19049K(19200K) NonClass: 16389K(16448K)->16389K(16448K) Class: 2660K(2752K)->2660K(2752K)
[535.479s][info][gc             ] GC(1903) Pause Young (Allocation Failure) 625M->525M(795M) 34.491ms
[535.479s][info][gc,cpu         ] GC(1903) User=0.07s Sys=0.00s Real=0.03s
[535.627s][info][gc,start       ] GC(1904) Pause Young (Allocation Failure)
[535.660s][info][gc,heap        ] GC(1904) PSYoungGen: 121280K(222720K)->18313K(222720K) Eden: 111616K(111616K)->0K(111616K) From: 9664K(111104K)->18313K(111104K)
[535.660s][info][gc,heap        ] GC(1904) ParOldGen: 528741K(591872K)->538405K(591872K)
[535.660s][info][gc,metaspace   ] GC(1904) Metaspace: 19049K(19200K)->19049K(19200K) NonClass: 16389K(16448K)->16389K(16448K) Class: 2660K(2752K)->2660K(2752K)
[535.660s][info][gc             ] GC(1904) Pause Young (Allocation Failure) 634M->543M(795M) 33.529ms
[535.660s][info][gc,cpu         ] GC(1904) User=0.07s Sys=0.00s Real=0.03s
[535.790s][info][gc,start       ] GC(1905) Pause Young (Allocation Failure)
[535.821s][info][gc,heap        ] GC(1905) PSYoungGen: 129929K(222720K)->11104K(222720K) Eden: 111616K(111616K)->0K(111616K) From: 18313K(111104K)->11104K(111104K)
[535.821s][info][gc,heap        ] GC(1905) ParOldGen: 538405K(591872K)->556742K(591872K)
[535.821s][info][gc,metaspace   ] GC(1905) Metaspace: 19049K(19200K)->19049K(19200K) NonClass: 16389K(16448K)->16389K(16448K) Class: 2660K(2752K)->2660K(2752K)
[535.821s][info][gc             ] GC(1905) Pause Young (Allocation Failure) 652M->554M(795M) 31.253ms
[535.821s][info][gc,cpu         ] GC(1905) User=0.06s Sys=0.00s Real=0.03s
[535.954s][info][gc,start       ] GC(1906) Pause Young (Allocation Failure)
[535.974s][info][gc,heap        ] GC(1906) PSYoungGen: 122720K(222720K)->2656K(222720K) Eden: 111616K(111616K)->0K(111616K) From: 11104K(111104K)->2656K(111104K)
[535.974s][info][gc,heap        ] GC(1906) ParOldGen: 556742K(591872K)->567830K(591872K)
[535.974s][info][gc,metaspace   ] GC(1906) Metaspace: 19049K(19200K)->19049K(19200K) NonClass: 16389K(16448K)->16389K(16448K) Class: 2660K(2752K)->2660K(2752K)
[535.974s][info][gc             ] GC(1906) Pause Young (Allocation Failure) 663M->557M(795M) 19.661ms
[535.974s][info][gc,cpu         ] GC(1906) User=0.04s Sys=0.00s Real=0.02s
[536.109s][info][gc,start       ] GC(1907) Pause Young (Allocation Failure)
[536.121s][info][gc,heap        ] GC(1907) PSYoungGen: 114272K(222720K)->2656K(222720K) Eden: 111616K(111616K)->0K(111616K) From: 2656K(111104K)->2656K(111104K)
[536.121s][info][gc,heap        ] GC(1907) ParOldGen: 567830K(591872K)->570475K(591872K)
[536.121s][info][gc,metaspace   ] GC(1907) Metaspace: 19049K(19200K)->19049K(19200K) NonClass: 16389K(16448K)->16389K(16448K) Class: 2660K(2752K)->2660K(2752K)
[536.121s][info][gc             ] GC(1907) Pause Young (Allocation Failure) 666M->559M(795M) 11.902ms
[536.121s][info][gc,cpu         ] GC(1907) User=0.03s Sys=0.00s Real=0.01s
[536.223s][info][gc,start       ] GC(1908) Pause Young (Allocation Failure)
[536.229s][info][gc,heap        ] GC(1908) PSYoungGen: 114272K(222720K)->128K(222720K) Eden: 111616K(111616K)->0K(111616K) From: 2656K(111104K)->128K(111104K)
[536.229s][info][gc,heap        ] GC(1908) ParOldGen: 570475K(591872K)->573099K(591872K)
[536.229s][info][gc,metaspace   ] GC(1908) Metaspace: 19049K(19200K)->19049K(19200K) NonClass: 16389K(16448K)->16389K(16448K) Class: 2660K(2752K)->2660K(2752K)
[536.229s][info][gc             ] GC(1908) Pause Young (Allocation Failure) 668M->559M(795M) 6.410ms
[536.229s][info][gc,cpu         ] GC(1908) User=0.01s Sys=0.00s Real=0.01s
[536.308s][info][gc,start       ] GC(1909) Pause Young (Allocation Failure)
[536.310s][info][gc,heap        ] GC(1909) PSYoungGen: 111744K(222720K)->64K(112128K) Eden: 111616K(111616K)->0K(111616K) From: 128K(111104K)->64K(512K)
[536.311s][info][gc,heap        ] GC(1909) ParOldGen: 573099K(591872K)->573187K(591872K)
[536.311s][info][gc,metaspace   ] GC(1909) Metaspace: 19049K(19200K)->19049K(19200K) NonClass: 16389K(16448K)->16389K(16448K) Class: 2660K(2752K)->2660K(2752K)
[536.311s][info][gc             ] GC(1909) Pause Young (Allocation Failure) 668M->559M(687M) 2.529ms
[536.311s][info][gc,cpu         ] GC(1909) User=0.00s Sys=0.00s Real=0.00s
[536.506s][info][gc,start       ] GC(1910) Pause Young (Allocation Failure)
[536.515s][info][gc,heap        ] GC(1910) PSYoungGen: 111680K(112128K)->5296K(221696K) Eden: 111616K(111616K)->0K(117248K) From: 64K(512K)->5296K(104448K)
[536.515s][info][gc,heap        ] GC(1910) ParOldGen: 573187K(591872K)->573187K(591872K)
[536.515s][info][gc,metaspace   ] GC(1910) Metaspace: 19049K(19200K)->19049K(19200K) NonClass: 16389K(16448K)->16389K(16448K) Class: 2660K(2752K)->2660K(2752K)
[536.515s][info][gc             ] GC(1910) Pause Young (Allocation Failure) 668M->564M(794M) 9.123ms
[536.515s][info][gc,cpu         ] GC(1910) User=0.02s Sys=0.00s Real=0.01s
[536.628s][info][gc,start       ] GC(1911) Pause Young (Allocation Failure)
[536.638s][info][gc,heap        ] GC(1911) PSYoungGen: 122544K(221696K)->7568K(124928K) Eden: 117248K(117248K)->0K(117248K) From: 5296K(104448K)->7568K(7680K)
[536.638s][info][gc,heap        ] GC(1911) ParOldGen: 573187K(591872K)->573187K(591872K)
[536.638s][info][gc,metaspace   ] GC(1911) Metaspace: 19049K(19200K)->19049K(19200K) NonClass: 16389K(16448K)->16389K(16448K) Class: 2660K(2752K)->2660K(2752K)
[536.638s][info][gc             ] GC(1911) Pause Young (Allocation Failure) 679M->567M(700M) 10.069ms
[536.638s][info][gc,cpu         ] GC(1911) User=0.02s Sys=0.00s Real=0.01s
[536.952s][info][gc,start       ] GC(1912) Pause Young (Allocation Failure)
[536.963s][info][gc,heap        ] GC(1912) PSYoungGen: 124816K(124928K)->7632K(207872K) Eden: 117248K(117248K)->0K(122368K) From: 7568K(7680K)->7632K(85504K)
[536.963s][info][gc,heap        ] GC(1912) ParOldGen: 573187K(591872K)->573187K(591872K)
[536.963s][info][gc,metaspace   ] GC(1912) Metaspace: 19052K(19200K)->19052K(19200K) NonClass: 16391K(16448K)->16391K(16448K) Class: 2660K(2752K)->2660K(2752K)
[536.963s][info][gc             ] GC(1912) Pause Young (Allocation Failure) 681M->567M(781M) 11.164ms
[536.963s][info][gc,cpu         ] GC(1912) User=0.02s Sys=0.00s Real=0.01s
[537.292s][info][gc,start       ] GC(1913) Pause Young (Allocation Failure)
[537.302s][info][gc,heap        ] GC(1913) PSYoungGen: 130000K(207872K)->7800K(130560K) Eden: 122368K(122368K)->0K(122368K) From: 7632K(85504K)->7800K(8192K)
[537.302s][info][gc,heap        ] GC(1913) ParOldGen: 573187K(591872K)->573187K(591872K)
[537.302s][info][gc,metaspace   ] GC(1913) Metaspace: 19052K(19200K)->19052K(19200K) NonClass: 16392K(16448K)->16392K(16448K) Class: 2660K(2752K)->2660K(2752K)
[537.302s][info][gc             ] GC(1913) Pause Young (Allocation Failure) 686M->567M(705M) 10.441ms
[537.302s][info][gc,cpu         ] GC(1913) User=0.02s Sys=0.00s Real=0.01s
[537.574s][info][gc,start       ] GC(1914) Pause Young (Allocation Failure)
[537.604s][info][gc,heap        ] GC(1914) PSYoungGen: 130168K(130560K)->29056K(209408K) Eden: 122368K(122368K)->0K(127488K) From: 7800K(8192K)->29056K(81920K)
[537.604s][info][gc,heap        ] GC(1914) ParOldGen: 573187K(591872K)->573187K(591872K)
[537.604s][info][gc,metaspace   ] GC(1914) Metaspace: 19052K(19200K)->19052K(19200K) NonClass: 16392K(16448K)->16392K(16448K) Class: 2660K(2752K)->2660K(2752K)
[537.604s][info][gc             ] GC(1914) Pause Young (Allocation Failure) 686M->588M(782M) 30.865ms
[537.604s][info][gc,cpu         ] GC(1914) User=0.05s Sys=0.00s Real=0.03s
[537.850s][info][gc,start       ] GC(1915) Pause Young (Allocation Failure)
[537.886s][info][gc,heap        ] GC(1915) PSYoungGen: 156544K(209408K)->29056K(211456K) Eden: 127488K(127488K)->0K(127488K) From: 29056K(81920K)->29056K(83968K)
[537.886s][info][gc,heap        ] GC(1915) ParOldGen: 573187K(591872K)->573187K(591872K)
[537.886s][info][gc,metaspace   ] GC(1915) Metaspace: 19052K(19200K)->19052K(19200K) NonClass: 16392K(16448K)->16392K(16448K) Class: 2660K(2752K)->2660K(2752K)
[537.886s][info][gc             ] GC(1915) Pause Young (Allocation Failure) 712M->588M(784M) 35.841ms
[537.886s][info][gc,cpu         ] GC(1915) User=0.08s Sys=0.00s Real=0.04s
[538.142s][info][gc,start       ] GC(1916) Pause Young (Allocation Failure)
[538.172s][info][gc,heap        ] GC(1916) PSYoungGen: 156544K(211456K)->29096K(210944K) Eden: 127488K(127488K)->0K(134144K) From: 29056K(83968K)->29096K(76800K)
[538.172s][info][gc,heap        ] GC(1916) ParOldGen: 573187K(591872K)->573187K(591872K)
[538.172s][info][gc,metaspace   ] GC(1916) Metaspace: 19052K(19200K)->19052K(19200K) NonClass: 16392K(16448K)->16392K(16448K) Class: 2660K(2752K)->2660K(2752K)
[538.172s][info][gc             ] GC(1916) Pause Young (Allocation Failure) 712M->588M(784M) 30.292ms
[538.172s][info][gc,cpu         ] GC(1916) User=0.06s Sys=0.00s Real=0.03s
[539.212s][info][gc,start       ] GC(1917) Pause Young (Allocation Failure)
[539.243s][info][gc,heap        ] GC(1917) PSYoungGen: 163240K(210944K)->29485K(212992K) Eden: 134144K(134144K)->0K(134144K) From: 29096K(76800K)->29485K(78848K)
[539.243s][info][gc,heap        ] GC(1917) ParOldGen: 573187K(591872K)->573187K(591872K)
[539.243s][info][gc,metaspace   ] GC(1917) Metaspace: 19052K(19200K)->19052K(19200K) NonClass: 16392K(16448K)->16392K(16448K) Class: 2660K(2752K)->2660K(2752K)
[539.243s][info][gc             ] GC(1917) Pause Young (Allocation Failure) 719M->588M(786M) 31.289ms
[539.243s][info][gc,cpu         ] GC(1917) User=0.06s Sys=0.01s Real=0.04s
[539.816s][info][gc,start       ] GC(1918) Pause Young (Allocation Failure)
[539.857s][info][gc,heap        ] GC(1918) PSYoungGen: 163629K(212992K)->30909K(212480K) Eden: 134144K(134144K)->0K(139776K) From: 29485K(78848K)->30909K(72704K)
[539.857s][info][gc,heap        ] GC(1918) ParOldGen: 573187K(591872K)->573187K(591872K)
[539.857s][info][gc,metaspace   ] GC(1918) Metaspace: 19053K(19200K)->19053K(19200K) NonClass: 16393K(16448K)->16393K(16448K) Class: 2660K(2752K)->2660K(2752K)
[539.857s][info][gc             ] GC(1918) Pause Young (Allocation Failure) 719M->589M(785M) 40.421ms
[539.857s][info][gc,cpu         ] GC(1918) User=0.08s Sys=0.00s Real=0.04s
[540.325s][info][gc,start       ] GC(1919) Pause Young (Allocation Failure)
[540.358s][info][gc,heap        ] GC(1919) PSYoungGen: 170685K(212480K)->32071K(214528K) Eden: 139776K(139776K)->0K(139776K) From: 30909K(72704K)->32071K(74752K)
[540.358s][info][gc,heap        ] GC(1919) ParOldGen: 573187K(591872K)->573195K(591872K)
[540.358s][info][gc,metaspace   ] GC(1919) Metaspace: 19054K(19200K)->19054K(19200K) NonClass: 16394K(16448K)->16394K(16448K) Class: 2660K(2752K)->2660K(2752K)
[540.358s][info][gc             ] GC(1919) Pause Young (Allocation Failure) 726M->591M(787M) 33.081ms
[540.358s][info][gc,cpu         ] GC(1919) User=0.07s Sys=0.00s Real=0.03s
[540.682s][info][gc,start       ] GC(1920) Pause Young (Allocation Failure)
[540.716s][info][gc,heap        ] GC(1920) PSYoungGen: 171847K(214528K)->31966K(215040K) Eden: 139776K(139776K)->0K(145920K) From: 32071K(74752K)->31966K(69120K)
[540.716s][info][gc,heap        ] GC(1920) ParOldGen: 573195K(591872K)->573195K(591872K)
[540.716s][info][gc,metaspace   ] GC(1920) Metaspace: 19055K(19200K)->19055K(19200K) NonClass: 16394K(16448K)->16394K(16448K) Class: 2660K(2752K)->2660K(2752K)
[540.716s][info][gc             ] GC(1920) Pause Young (Allocation Failure) 727M->590M(788M) 34.165ms
[540.716s][info][gc,cpu         ] GC(1920) User=0.07s Sys=0.01s Real=0.04s
[540.988s][info][gc,start       ] GC(1921) Pause Young (Allocation Failure)
[541.038s][info][gc,heap        ] GC(1921) PSYoungGen: 177886K(215040K)->52589K(217088K) Eden: 145920K(145920K)->0K(145920K) From: 31966K(69120K)->52589K(71168K)
[541.038s][info][gc,heap        ] GC(1921) ParOldGen: 573195K(591872K)->573195K(591872K)
[541.038s][info][gc,metaspace   ] GC(1921) Metaspace: 19057K(19200K)->19057K(19200K) NonClass: 16397K(16448K)->16397K(16448K) Class: 2660K(2752K)->2660K(2752K)
[541.038s][info][gc             ] GC(1921) Pause Young (Allocation Failure) 733M->611M(790M) 49.124ms
[541.038s][info][gc,cpu         ] GC(1921) User=0.10s Sys=0.00s Real=0.05s
[541.148s][info][gc,start       ] GC(1922) Pause Young (Allocation Failure)
[541.268s][info][gc,heap        ] GC(1922) PSYoungGen: 198509K(217088K)->77293K(201216K) Eden: 145920K(145920K)->0K(123904K) From: 52589K(71168K)->77293K(77312K)
[541.268s][info][gc,heap        ] GC(1922) ParOldGen: 573195K(591872K)->610955K(611328K)
[541.268s][info][gc,metaspace   ] GC(1922) Metaspace: 19060K(19264K)->19060K(19264K) NonClass: 16400K(16512K)->16400K(16512K) Class: 2660K(2752K)->2660K(2752K)
[541.268s][info][gc             ] GC(1922) Pause Young (Allocation Failure) 753M->672M(793M) 120.281ms
[541.268s][info][gc,cpu         ] GC(1922) User=0.22s Sys=0.03s Real=0.12s
[541.337s][info][gc,start       ] GC(1923) Pause Young (Allocation Failure)
[541.448s][info][gc,heap        ] GC(1923) PSYoungGen: 201197K(201216K)->104957K(228864K) Eden: 123904K(123904K)->0K(123904K) From: 77293K(77312K)->104957K(104960K)
[541.448s][info][gc,heap        ] GC(1923) ParOldGen: 610955K(611328K)->620940K(621056K)
[541.448s][info][gc,metaspace   ] GC(1923) Metaspace: 19060K(19264K)->19060K(19264K) NonClass: 16400K(16512K)->16400K(16512K) Class: 2660K(2752K)->2660K(2752K)
[541.448s][info][gc             ] GC(1923) Pause Young (Allocation Failure) 793M->708M(830M) 110.761ms
[541.448s][info][gc,cpu         ] GC(1923) User=0.21s Sys=0.00s Real=0.11s
[541.666s][info][gc,start       ] GC(1924) Pause Young (Allocation Failure)
[541.823s][info][gc,heap        ] GC(1924) PSYoungGen: 228861K(228864K)->104948K(216576K) Eden: 123904K(123904K)->0K(111616K) From: 104957K(104960K)->104948K(104960K)
[541.823s][info][gc,heap        ] GC(1924) ParOldGen: 620940K(621056K)->659937K(659968K)
[541.823s][info][gc,metaspace   ] GC(1924) Metaspace: 19060K(19264K)->19060K(19264K) NonClass: 16400K(16512K)->16400K(16512K) Class: 2660K(2752K)->2660K(2752K)
[541.823s][info][gc             ] GC(1924) Pause Young (Allocation Failure) 829M->746M(856M) 156.570ms
[541.823s][info][gc,cpu         ] GC(1924) User=0.26s Sys=0.05s Real=0.15s
[541.982s][info][gc,start       ] GC(1925) Pause Full (Allocation Failure)
[541.982s][info][gc,phases,start] GC(1925) Marking Phase
[542.118s][info][gc,phases      ] GC(1925) Marking Phase 135.530ms
[542.118s][info][gc,phases,start] GC(1925) Summary Phase
[542.118s][info][gc,phases      ] GC(1925) Summary Phase 0.027ms
[542.118s][info][gc,phases,start] GC(1925) Forward
[542.172s][info][gc,phases      ] GC(1925) Forward 54.311ms
[542.172s][info][gc,phases,start] GC(1925) Adjust Pointers
[542.267s][info][gc,phases      ] GC(1925) Adjust Pointers 94.601ms
[542.267s][info][gc,phases,start] GC(1925) Compaction Phase
[542.329s][info][gc,phases      ] GC(1925) Compaction Phase 61.773ms
[542.332s][info][gc,phases,start] GC(1925) Post Compact
[542.334s][info][gc,phases      ] GC(1925) Post Compact 2.488ms
[542.345s][info][gc,heap        ] GC(1925) PSYoungGen: 216564K(216576K)->0K(222720K) Eden: 111616K(111616K)->0K(111616K) From: 104948K(104960K)->0K(111104K)
[542.345s][info][gc,heap        ] GC(1925) ParOldGen: 659937K(659968K)->220322K(526848K)
[542.345s][info][gc,metaspace   ] GC(1925) Metaspace: 19069K(19264K)->19069K(19264K) NonClass: 16409K(16512K)->16409K(16512K) Class: 2660K(2752K)->2660K(2752K)
[542.345s][info][gc             ] GC(1925) Pause Full (Allocation Failure) 855M->215M(732M) 362.659ms
[542.345s][info][gc,cpu         ] GC(1925) User=0.64s Sys=0.01s Real=0.37s
[542.496s][info][gc,start       ] GC(1926) Pause Young (Allocation Failure)
[542.529s][info][gc,heap        ] GC(1926) PSYoungGen: 111616K(222720K)->19783K(222720K) Eden: 111616K(111616K)->0K(111616K) From: 0K(111104K)->19783K(111104K)
[542.529s][info][gc,heap        ] GC(1926) ParOldGen: 220322K(526848K)->220322K(526848K)
[542.529s][info][gc,metaspace   ] GC(1926) Metaspace: 19069K(19264K)->19069K(19264K) NonClass: 16409K(16512K)->16409K(16512K) Class: 2660K(2752K)->2660K(2752K)
[542.529s][info][gc             ] GC(1926) Pause Young (Allocation Failure) 324M->234M(732M) 32.399ms
[542.529s][info][gc,cpu         ] GC(1926) User=0.07s Sys=0.00s Real=0.03s
[542.626s][info][gc,start       ] GC(1927) Pause Young (Allocation Failure)
[542.667s][info][gc,heap        ] GC(1927) PSYoungGen: 131399K(222720K)->32487K(222720K) Eden: 111616K(111616K)->0K(111616K) From: 19783K(111104K)->32487K(111104K)
[542.668s][info][gc,heap        ] GC(1927) ParOldGen: 220322K(526848K)->220322K(526848K)
[542.668s][info][gc,metaspace   ] GC(1927) Metaspace: 19069K(19264K)->19069K(19264K) NonClass: 16409K(16512K)->16409K(16512K) Class: 2660K(2752K)->2660K(2752K)
[542.668s][info][gc             ] GC(1927) Pause Young (Allocation Failure) 343M->246M(732M) 41.559ms
[542.668s][info][gc,cpu         ] GC(1927) User=0.08s Sys=0.00s Real=0.04s
[542.798s][info][gc,start       ] GC(1928) Pause Young (Allocation Failure)
[542.846s][info][gc,heap        ] GC(1928) PSYoungGen: 144103K(222720K)->38535K(222720K) Eden: 111616K(111616K)->0K(111616K) From: 32487K(111104K)->38535K(111104K)
[542.846s][info][gc,heap        ] GC(1928) ParOldGen: 220322K(526848K)->220322K(526848K)
[542.846s][info][gc,metaspace   ] GC(1928) Metaspace: 19069K(19264K)->19069K(19264K) NonClass: 16409K(16512K)->16409K(16512K) Class: 2660K(2752K)->2660K(2752K)
[542.846s][info][gc             ] GC(1928) Pause Young (Allocation Failure) 355M->252M(732M) 47.877ms
[542.846s][info][gc,cpu         ] GC(1928) User=0.10s Sys=0.00s Real=0.05s
[542.941s][info][gc,start       ] GC(1929) Pause Young (Allocation Failure)
[542.992s][info][gc,heap        ] GC(1929) PSYoungGen: 150151K(222720K)->43399K(222720K) Eden: 111616K(111616K)->0K(111616K) From: 38535K(111104K)->43399K(111104K)
[542.992s][info][gc,heap        ] GC(1929) ParOldGen: 220322K(526848K)->220322K(526848K)
[542.992s][info][gc,metaspace   ] GC(1929) Metaspace: 19069K(19264K)->19069K(19264K) NonClass: 16409K(16512K)->16409K(16512K) Class: 2660K(2752K)->2660K(2752K)
[542.992s][info][gc             ] GC(1929) Pause Young (Allocation Failure) 361M->257M(732M) 50.937ms
[542.992s][info][gc,cpu         ] GC(1929) User=0.11s Sys=0.00s Real=0.05s
[543.090s][info][gc,start       ] GC(1930) Pause Young (Allocation Failure)
[543.141s][info][gc,heap        ] GC(1930) PSYoungGen: 155015K(222720K)->43495K(222720K) Eden: 111616K(111616K)->0K(111616K) From: 43399K(111104K)->43495K(111104K)
[543.141s][info][gc,heap        ] GC(1930) ParOldGen: 220322K(526848K)->220322K(526848K)
[543.141s][info][gc,metaspace   ] GC(1930) Metaspace: 19069K(19264K)->19069K(19264K) NonClass: 16409K(16512K)->16409K(16512K) Class: 2660K(2752K)->2660K(2752K)
[543.141s][info][gc             ] GC(1930) Pause Young (Allocation Failure) 366M->257M(732M) 51.083ms
[543.141s][info][gc,cpu         ] GC(1930) User=0.10s Sys=0.00s Real=0.05s
[543.223s][info][gc,start       ] GC(1931) Pause Young (Allocation Failure)
[543.293s][info][gc,heap        ] GC(1931) PSYoungGen: 155111K(222720K)->65735K(222720K) Eden: 111616K(111616K)->0K(111616K) From: 43495K(111104K)->65735K(111104K)
[543.293s][info][gc,heap        ] GC(1931) ParOldGen: 220322K(526848K)->220322K(526848K)
[543.293s][info][gc,metaspace   ] GC(1931) Metaspace: 19069K(19264K)->19069K(19264K) NonClass: 16409K(16512K)->16409K(16512K) Class: 2660K(2752K)->2660K(2752K)
[543.293s][info][gc             ] GC(1931) Pause Young (Allocation Failure) 366M->279M(732M) 70.615ms
[543.293s][info][gc,cpu         ] GC(1931) User=0.14s Sys=0.00s Real=0.07s
[543.356s][info][gc,start       ] GC(1932) Pause Young (Allocation Failure)
[543.445s][info][gc,heap        ] GC(1932) PSYoungGen: 177351K(222720K)->57408K(222720K) Eden: 111616K(111616K)->0K(111616K) From: 65735K(111104K)->57408K(111104K)
[543.445s][info][gc,heap        ] GC(1932) ParOldGen: 220322K(526848K)->252824K(526848K)
[543.445s][info][gc,metaspace   ] GC(1932) Metaspace: 19069K(19264K)->19069K(19264K) NonClass: 16409K(16512K)->16409K(16512K) Class: 2660K(2752K)->2660K(2752K)
[543.445s][info][gc             ] GC(1932) Pause Young (Allocation Failure) 388M->302M(732M) 89.218ms
[543.445s][info][gc,cpu         ] GC(1932) User=0.17s Sys=0.00s Real=0.09s
[543.549s][info][gc,start       ] GC(1933) Pause Young (Allocation Failure)
[543.609s][info][gc,heap        ] GC(1933) PSYoungGen: 169024K(222720K)->61331K(222720K) Eden: 111616K(111616K)->0K(111616K) From: 57408K(111104K)->61331K(111104K)
[543.609s][info][gc,heap        ] GC(1933) ParOldGen: 252824K(526848K)->263781K(526848K)
[543.609s][info][gc,metaspace   ] GC(1933) Metaspace: 19069K(19264K)->19069K(19264K) NonClass: 16409K(16512K)->16409K(16512K) Class: 2660K(2752K)->2660K(2752K)
[543.609s][info][gc             ] GC(1933) Pause Young (Allocation Failure) 411M->317M(732M) 60.152ms
[543.609s][info][gc,cpu         ] GC(1933) User=0.12s Sys=0.00s Real=0.06s
[543.710s][info][gc,start       ] GC(1934) Pause Young (Allocation Failure)
[543.773s][info][gc,heap        ] GC(1934) PSYoungGen: 172947K(222720K)->50083K(216576K) Eden: 111616K(111616K)->0K(111616K) From: 61331K(111104K)->50083K(104960K)
[543.773s][info][gc,heap        ] GC(1934) ParOldGen: 263781K(526848K)->286173K(526848K)
[543.773s][info][gc,metaspace   ] GC(1934) Metaspace: 19069K(19264K)->19069K(19264K) NonClass: 16409K(16512K)->16409K(16512K) Class: 2660K(2752K)->2660K(2752K)
[543.773s][info][gc             ] GC(1934) Pause Young (Allocation Failure) 426M->328M(726M) 63.048ms
[543.773s][info][gc,cpu         ] GC(1934) User=0.12s Sys=0.00s Real=0.07s
[543.837s][info][gc,start       ] GC(1935) Pause Young (Allocation Failure)
[543.885s][info][gc,heap        ] GC(1935) PSYoungGen: 161699K(216576K)->16192K(219648K) Eden: 111616K(111616K)->0K(111616K) From: 50083K(104960K)->16192K(108032K)
[543.885s][info][gc,heap        ] GC(1935) ParOldGen: 286173K(526848K)->325316K(526848K)
[543.885s][info][gc,metaspace   ] GC(1935) Metaspace: 19069K(19264K)->19069K(19264K) NonClass: 16409K(16512K)->16409K(16512K) Class: 2660K(2752K)->2660K(2752K)
[543.885s][info][gc             ] GC(1935) Pause Young (Allocation Failure) 437M->333M(729M) 48.142ms
[543.885s][info][gc,cpu         ] GC(1935) User=0.09s Sys=0.00s Real=0.05s
[543.956s][info][gc,start       ] GC(1936) Pause Young (Allocation Failure)
[543.978s][info][gc,heap        ] GC(1936) PSYoungGen: 127808K(219648K)->2624K(222720K) Eden: 111616K(111616K)->0K(114688K) From: 16192K(108032K)->2624K(108032K)
[543.978s][info][gc,heap        ] GC(1936) ParOldGen: 325316K(526848K)->341516K(526848K)
[543.978s][info][gc,metaspace   ] GC(1936) Metaspace: 19069K(19264K)->19069K(19264K) NonClass: 16409K(16512K)->16409K(16512K) Class: 2660K(2752K)->2660K(2752K)
[543.978s][info][gc             ] GC(1936) Pause Young (Allocation Failure) 442M->336M(732M) 21.958ms
[543.978s][info][gc,cpu         ] GC(1936) User=0.05s Sys=0.00s Real=0.02s
[544.225s][info][gc,start       ] GC(1937) Pause Young (Allocation Failure)
[544.232s][info][gc,heap        ] GC(1937) PSYoungGen: 117312K(222720K)->1568K(116736K) Eden: 114688K(114688K)->0K(114688K) From: 2624K(108032K)->1568K(2048K)
[544.232s][info][gc,heap        ] GC(1937) ParOldGen: 341516K(526848K)->344140K(526848K)
[544.232s][info][gc,metaspace   ] GC(1937) Metaspace: 19069K(19264K)->19069K(19264K) NonClass: 16409K(16512K)->16409K(16512K) Class: 2660K(2752K)->2660K(2752K)
[544.232s][info][gc             ] GC(1937) Pause Young (Allocation Failure) 448M->337M(628M) 6.890ms
[544.232s][info][gc,cpu         ] GC(1937) User=0.01s Sys=0.00s Real=0.00s
[544.545s][info][gc,start       ] GC(1938) Pause Young (Allocation Failure)
[544.550s][info][gc,heap        ] GC(1938) PSYoungGen: 116256K(116736K)->416K(224256K) Eden: 114688K(114688K)->0K(114176K) From: 1568K(2048K)->416K(110080K)
[544.550s][info][gc,heap        ] GC(1938) ParOldGen: 344140K(526848K)->345660K(526848K)
[544.550s][info][gc,metaspace   ] GC(1938) Metaspace: 19069K(19264K)->19069K(19264K) NonClass: 16409K(16512K)->16409K(16512K) Class: 2660K(2752K)->2660K(2752K)
[544.550s][info][gc             ] GC(1938) Pause Young (Allocation Failure) 449M->337M(733M) 4.532ms
[544.550s][info][gc,cpu         ] GC(1938) User=0.01s Sys=0.00s Real=0.00s
[544.747s][info][gc,start       ] GC(1939) Pause Young (Allocation Failure)
[544.780s][info][gc,heap        ] GC(1939) PSYoungGen: 114592K(224256K)->32160K(146432K) Eden: 114176K(114176K)->0K(114176K) From: 416K(110080K)->32160K(32256K)
[544.780s][info][gc,heap        ] GC(1939) ParOldGen: 345660K(526848K)->345881K(526848K)
[544.780s][info][gc,metaspace   ] GC(1939) Metaspace: 19069K(19264K)->19069K(19264K) NonClass: 16409K(16512K)->16409K(16512K) Class: 2660K(2752K)->2660K(2752K)
[544.780s][info][gc             ] GC(1939) Pause Young (Allocation Failure) 449M->369M(657M) 32.823ms
[544.780s][info][gc,cpu         ] GC(1939) User=0.06s Sys=0.00s Real=0.03s
[544.935s][info][gc,start       ] GC(1940) Pause Young (Allocation Failure)
[544.993s][info][gc,heap        ] GC(1940) PSYoungGen: 146336K(146432K)->68176K(210944K) Eden: 114176K(114176K)->0K(108544K) From: 32160K(32256K)->68176K(102400K)
[544.993s][info][gc,heap        ] GC(1940) ParOldGen: 345881K(526848K)->345881K(526848K)
[544.993s][info][gc,metaspace   ] GC(1940) Metaspace: 19069K(19264K)->19069K(19264K) NonClass: 16409K(16512K)->16409K(16512K) Class: 2660K(2752K)->2660K(2752K)
[544.993s][info][gc             ] GC(1940) Pause Young (Allocation Failure) 480M->404M(720M) 58.331ms
[544.993s][info][gc,cpu         ] GC(1940) User=0.12s Sys=0.00s Real=0.06s
[545.083s][info][gc,start       ] GC(1941) Pause Young (Allocation Failure)
[545.150s][info][gc,heap        ] GC(1941) PSYoungGen: 176720K(210944K)->46976K(216576K) Eden: 108544K(108544K)->0K(108544K) From: 68176K(102400K)->46976K(108032K)
[545.150s][info][gc,heap        ] GC(1941) ParOldGen: 345881K(526848K)->378094K(526848K)
[545.150s][info][gc,metaspace   ] GC(1941) Metaspace: 19069K(19264K)->19069K(19264K) NonClass: 16409K(16512K)->16409K(16512K) Class: 2660K(2752K)->2660K(2752K)
[545.150s][info][gc             ] GC(1941) Pause Young (Allocation Failure) 510M->415M(726M) 66.579ms
[545.150s][info][gc,cpu         ] GC(1941) User=0.13s Sys=0.00s Real=0.07s
[545.250s][info][gc,start       ] GC(1942) Pause Young (Allocation Failure)
[545.294s][info][gc,heap        ] GC(1942) PSYoungGen: 155520K(216576K)->2720K(225280K) Eden: 108544K(108544K)->0K(121344K) From: 46976K(108032K)->2720K(103936K)
[545.294s][info][gc,heap        ] GC(1942) ParOldGen: 378094K(526848K)->425266K(526848K)
[545.294s][info][gc,metaspace   ] GC(1942) Metaspace: 19069K(19264K)->19069K(19264K) NonClass: 16409K(16512K)->16409K(16512K) Class: 2660K(2752K)->2660K(2752K)
[545.294s][info][gc             ] GC(1942) Pause Young (Allocation Failure) 521M->417M(734M) 44.264ms
[545.294s][info][gc,cpu         ] GC(1942) User=0.08s Sys=0.00s Real=0.05s
[545.427s][info][gc,start       ] GC(1943) Pause Young (Allocation Failure)
[545.433s][info][gc,heap        ] GC(1943) PSYoungGen: 124064K(225280K)->1280K(225280K) Eden: 121344K(121344K)->0K(121344K) From: 2720K(103936K)->1280K(103936K)
[545.433s][info][gc,heap        ] GC(1943) ParOldGen: 425266K(526848K)->427970K(526848K)
[545.433s][info][gc,metaspace   ] GC(1943) Metaspace: 19069K(19264K)->19069K(19264K) NonClass: 16409K(16512K)->16409K(16512K) Class: 2660K(2752K)->2660K(2752K)
[545.433s][info][gc             ] GC(1943) Pause Young (Allocation Failure) 536M->419M(734M) 6.096ms
[545.433s][info][gc,cpu         ] GC(1943) User=0.01s Sys=0.00s Real=0.00s
[545.680s][info][gc,start       ] GC(1944) Pause Young (Allocation Failure)
[545.684s][info][gc,heap        ] GC(1944) PSYoungGen: 122624K(225280K)->192K(227840K) Eden: 121344K(121344K)->0K(126976K) From: 1280K(103936K)->192K(100864K)
[545.684s][info][gc,heap        ] GC(1944) ParOldGen: 427970K(526848K)->429210K(526848K)
[545.684s][info][gc,metaspace   ] GC(1944) Metaspace: 19069K(19264K)->19069K(19264K) NonClass: 16409K(16512K)->16409K(16512K) Class: 2660K(2752K)->2660K(2752K)
[545.684s][info][gc             ] GC(1944) Pause Young (Allocation Failure) 537M->419M(737M) 3.868ms
[545.684s][info][gc,cpu         ] GC(1944) User=0.01s Sys=0.00s Real=0.01s
[545.909s][info][gc,start       ] GC(1945) Pause Young (Allocation Failure)
[545.940s][info][gc,heap        ] GC(1945) PSYoungGen: 127168K(227840K)->31872K(159232K) Eden: 126976K(126976K)->0K(126976K) From: 192K(100864K)->31872K(32256K)
[545.940s][info][gc,heap        ] GC(1945) ParOldGen: 429210K(526848K)->429210K(526848K)
[545.940s][info][gc,metaspace   ] GC(1945) Metaspace: 19069K(19264K)->19069K(19264K) NonClass: 16409K(16512K)->16409K(16512K) Class: 2660K(2752K)->2660K(2752K)
[545.940s][info][gc             ] GC(1945) Pause Young (Allocation Failure) 543M->450M(670M) 31.699ms
[545.940s][info][gc,cpu         ] GC(1945) User=0.06s Sys=0.00s Real=0.03s
[546.073s][info][gc,start       ] GC(1946) Pause Young (Allocation Failure)
[546.156s][info][gc,heap        ] GC(1946) PSYoungGen: 158848K(159232K)->91955K(206848K) Eden: 126976K(126976K)->0K(111616K) From: 31872K(32256K)->91955K(95232K)
[546.156s][info][gc,heap        ] GC(1946) ParOldGen: 429210K(526848K)->429210K(526848K)
[546.156s][info][gc,metaspace   ] GC(1946) Metaspace: 19069K(19264K)->19069K(19264K) NonClass: 16409K(16512K)->16409K(16512K) Class: 2660K(2752K)->2660K(2752K)
[546.156s][info][gc             ] GC(1946) Pause Young (Allocation Failure) 574M->508M(716M) 83.239ms
[546.156s][info][gc,cpu         ] GC(1946) User=0.17s Sys=0.00s Real=0.09s
[546.253s][info][gc,start       ] GC(1947) Pause Young (Allocation Failure)
[546.404s][info][gc,heap        ] GC(1947) PSYoungGen: 203571K(206848K)->111076K(222720K) Eden: 111616K(111616K)->0K(111616K) From: 91955K(95232K)->111076K(111104K)
[546.405s][info][gc,heap        ] GC(1947) ParOldGen: 429210K(526848K)->484526K(526848K)
[546.405s][info][gc,metaspace   ] GC(1947) Metaspace: 19069K(19264K)->19069K(19264K) NonClass: 16409K(16512K)->16409K(16512K) Class: 2660K(2752K)->2660K(2752K)
[546.405s][info][gc             ] GC(1947) Pause Young (Allocation Failure) 617M->581M(732M) 151.646ms
[546.405s][info][gc,cpu         ] GC(1947) User=0.30s Sys=0.00s Real=0.16s
[546.498s][info][gc,start       ] GC(1948) Pause Young (Allocation Failure)
[546.636s][info][gc,heap        ] GC(1948) PSYoungGen: 222692K(222720K)->320K(222720K) Eden: 111616K(111616K)->0K(111616K) From: 111076K(111104K)->320K(111104K)
[546.636s][info][gc,heap        ] GC(1948) ParOldGen: 484526K(526848K)->596082K(596480K)
[546.636s][info][gc,metaspace   ] GC(1948) Metaspace: 19069K(19264K)->19069K(19264K) NonClass: 16409K(16512K)->16409K(16512K) Class: 2660K(2752K)->2660K(2752K)
[546.636s][info][gc             ] GC(1948) Pause Young (Allocation Failure) 690M->582M(800M) 137.348ms
[546.636s][info][gc,cpu         ] GC(1948) User=0.22s Sys=0.05s Real=0.14s
[546.732s][info][gc,start       ] GC(1949) Pause Full (Allocation Failure)
[546.732s][info][gc,phases,start] GC(1949) Marking Phase
[546.789s][info][gc,phases      ] GC(1949) Marking Phase 57.185ms
[546.789s][info][gc,phases,start] GC(1949) Summary Phase
[546.789s][info][gc,phases      ] GC(1949) Summary Phase 0.035ms
[546.789s][info][gc,phases,start] GC(1949) Forward
[546.808s][info][gc,phases      ] GC(1949) Forward 19.288ms
[546.808s][info][gc,phases,start] GC(1949) Adjust Pointers
[546.849s][info][gc,phases      ] GC(1949) Adjust Pointers 40.709ms
[546.849s][info][gc,phases,start] GC(1949) Compaction Phase
[546.869s][info][gc,phases      ] GC(1949) Compaction Phase 20.018ms
[546.872s][info][gc,phases,start] GC(1949) Post Compact
[546.874s][info][gc,phases      ] GC(1949) Post Compact 2.070ms
[546.886s][info][gc,heap        ] GC(1949) PSYoungGen: 111936K(222720K)->0K(222720K) Eden: 111616K(111616K)->0K(111616K) From: 320K(111104K)->0K(111104K)
[546.886s][info][gc,heap        ] GC(1949) ParOldGen: 596082K(596480K)->92973K(449024K)
[546.886s][info][gc,metaspace   ] GC(1949) Metaspace: 19069K(19264K)->19069K(19264K) NonClass: 16409K(16512K)->16409K(16512K) Class: 2660K(2752K)->2660K(2752K)
[546.886s][info][gc             ] GC(1949) Pause Full (Allocation Failure) 691M->90M(656M) 154.635ms
[546.886s][info][gc,cpu         ] GC(1949) User=0.24s Sys=0.02s Real=0.16s
[546.989s][info][gc,start       ] GC(1950) Pause Young (Allocation Failure)
[546.997s][info][gc,heap        ] GC(1950) PSYoungGen: 111616K(222720K)->9568K(222720K) Eden: 111616K(111616K)->0K(111616K) From: 0K(111104K)->9568K(111104K)
[546.997s][info][gc,heap        ] GC(1950) ParOldGen: 92973K(449024K)->92973K(449024K)
[546.997s][info][gc,metaspace   ] GC(1950) Metaspace: 19069K(19264K)->19069K(19264K) NonClass: 16409K(16512K)->16409K(16512K) Class: 2660K(2752K)->2660K(2752K)
[546.997s][info][gc             ] GC(1950) Pause Young (Allocation Failure) 199M->100M(656M) 8.692ms
[546.997s][info][gc,cpu         ] GC(1950) User=0.01s Sys=0.00s Real=0.01s
[547.117s][info][gc,start       ] GC(1951) Pause Young (Allocation Failure)
[547.139s][info][gc,heap        ] GC(1951) PSYoungGen: 121184K(222720K)->16880K(222720K) Eden: 111616K(111616K)->0K(111616K) From: 9568K(111104K)->16880K(111104K)
[547.139s][info][gc,heap        ] GC(1951) ParOldGen: 92973K(449024K)->102549K(449024K)
[547.139s][info][gc,metaspace   ] GC(1951) Metaspace: 19069K(19264K)->19069K(19264K) NonClass: 16409K(16512K)->16409K(16512K) Class: 2660K(2752K)->2660K(2752K)
[547.139s][info][gc             ] GC(1951) Pause Young (Allocation Failure) 209M->116M(656M) 22.155ms
[547.139s][info][gc,cpu         ] GC(1951) User=0.05s Sys=0.00s Real=0.02s
[547.195s][info][gc,start       ] GC(1952) Pause Young (Allocation Failure)
[547.234s][info][gc,heap        ] GC(1952) PSYoungGen: 128496K(222720K)->38752K(222720K) Eden: 111616K(111616K)->0K(111616K) From: 16880K(111104K)->38752K(111104K)
[547.234s][info][gc,heap        ] GC(1952) ParOldGen: 102549K(449024K)->119533K(449024K)
[547.234s][info][gc,metaspace   ] GC(1952) Metaspace: 19069K(19264K)->19069K(19264K) NonClass: 16409K(16512K)->16409K(16512K) Class: 2660K(2752K)->2660K(2752K)
[547.234s][info][gc             ] GC(1952) Pause Young (Allocation Failure) 225M->154M(656M) 38.992ms
[547.234s][info][gc,cpu         ] GC(1952) User=0.07s Sys=0.00s Real=0.04s
[547.379s][info][gc,start       ] GC(1953) Pause Young (Allocation Failure)
[547.415s][info][gc,heap        ] GC(1953) PSYoungGen: 150368K(222720K)->16992K(222720K) Eden: 111616K(111616K)->0K(111616K) From: 38752K(111104K)->16992K(111104K)
[547.415s][info][gc,heap        ] GC(1953) ParOldGen: 119533K(449024K)->158757K(449024K)
[547.415s][info][gc,metaspace   ] GC(1953) Metaspace: 19069K(19264K)->19069K(19264K) NonClass: 16409K(16512K)->16409K(16512K) Class: 2660K(2752K)->2660K(2752K)
[547.415s][info][gc             ] GC(1953) Pause Young (Allocation Failure) 263M->171M(656M) 35.422ms
[547.415s][info][gc,cpu         ] GC(1953) User=0.07s Sys=0.00s Real=0.04s
[547.492s][info][gc,start       ] GC(1954) Pause Young (Allocation Failure)
[547.516s][info][gc,heap        ] GC(1954) PSYoungGen: 128608K(222720K)->11264K(222720K) Eden: 111616K(111616K)->0K(111616K) From: 16992K(111104K)->11264K(111104K)
[547.516s][info][gc,heap        ] GC(1954) ParOldGen: 158757K(449024K)->175917K(449024K)
[547.516s][info][gc,metaspace   ] GC(1954) Metaspace: 19069K(19264K)->19069K(19264K) NonClass: 16409K(16512K)->16409K(16512K) Class: 2660K(2752K)->2660K(2752K)
[547.517s][info][gc             ] GC(1954) Pause Young (Allocation Failure) 280M->182M(656M) 24.304ms
[547.517s][info][gc,cpu         ] GC(1954) User=0.05s Sys=0.00s Real=0.03s
[547.604s][info][gc,start       ] GC(1955) Pause Young (Allocation Failure)
[547.673s][info][gc,heap        ] GC(1955) PSYoungGen: 122880K(222720K)->56145K(222720K) Eden: 111616K(111616K)->0K(111616K) From: 11264K(111104K)->56145K(111104K)
[547.673s][info][gc,heap        ] GC(1955) ParOldGen: 175917K(449024K)->187197K(449024K)
[547.673s][info][gc,metaspace   ] GC(1955) Metaspace: 19069K(19264K)->19069K(19264K) NonClass: 16409K(16512K)->16409K(16512K) Class: 2660K(2752K)->2660K(2752K)
[547.673s][info][gc             ] GC(1955) Pause Young (Allocation Failure) 291M->237M(656M) 68.875ms
[547.673s][info][gc,cpu         ] GC(1955) User=0.13s Sys=0.00s Real=0.06s
[547.725s][info][gc,start       ] GC(1956) Pause Young (Allocation Failure)
[547.821s][info][gc,heap        ] GC(1956) PSYoungGen: 167761K(222720K)->47744K(222720K) Eden: 111616K(111616K)->0K(111616K) From: 56145K(111104K)->47744K(111104K)
[547.821s][info][gc,heap        ] GC(1956) ParOldGen: 187197K(449024K)->243011K(449024K)
[547.821s][info][gc,metaspace   ] GC(1956) Metaspace: 19069K(19264K)->19069K(19264K) NonClass: 16409K(16512K)->16409K(16512K) Class: 2660K(2752K)->2660K(2752K)
[547.821s][info][gc             ] GC(1956) Pause Young (Allocation Failure) 346M->283M(656M) 95.741ms
[547.821s][info][gc,cpu         ] GC(1956) User=0.19s Sys=0.00s Real=0.09s
[547.926s][info][gc,start       ] GC(1957) Pause Young (Allocation Failure)
[547.989s][info][gc,heap        ] GC(1957) PSYoungGen: 159360K(222720K)->32384K(144384K) Eden: 111616K(111616K)->0K(111616K) From: 47744K(111104K)->32384K(32768K)
[547.989s][info][gc,heap        ] GC(1957) ParOldGen: 243011K(449024K)->291179K(449024K)
[547.989s][info][gc,metaspace   ] GC(1957) Metaspace: 19069K(19264K)->19069K(19264K) NonClass: 16409K(16512K)->16409K(16512K) Class: 2660K(2752K)->2660K(2752K)
[547.989s][info][gc             ] GC(1957) Pause Young (Allocation Failure) 392M->315M(579M) 62.862ms
[547.989s][info][gc,cpu         ] GC(1957) User=0.13s Sys=0.00s Real=0.06s
[548.070s][info][gc,start       ] GC(1958) Pause Young (Allocation Failure)
[548.112s][info][gc,heap        ] GC(1958) PSYoungGen: 144000K(144384K)->11104K(222208K) Eden: 111616K(111616K)->0K(114176K) From: 32384K(32768K)->11104K(108032K)
[548.112s][info][gc,heap        ] GC(1958) ParOldGen: 291179K(449024K)->323787K(449024K)
[548.112s][info][gc,metaspace   ] GC(1958) Metaspace: 19069K(19264K)->19069K(19264K) NonClass: 16409K(16512K)->16409K(16512K) Class: 2660K(2752K)->2660K(2752K)
[548.112s][info][gc             ] GC(1958) Pause Young (Allocation Failure) 424M->327M(655M) 41.517ms
[548.112s][info][gc,cpu         ] GC(1958) User=0.08s Sys=0.00s Real=0.04s
[548.203s][info][gc,start       ] GC(1959) Pause Young (Allocation Failure)
[548.236s][info][gc,heap        ] GC(1959) PSYoungGen: 125280K(222208K)->12448K(219648K) Eden: 114176K(114176K)->0K(114176K) From: 11104K(108032K)->12448K(105472K)
[548.236s][info][gc,heap        ] GC(1959) ParOldGen: 323787K(449024K)->334891K(449024K)
[548.236s][info][gc,metaspace   ] GC(1959) Metaspace: 19069K(19264K)->19069K(19264K) NonClass: 16409K(16512K)->16409K(16512K) Class: 2660K(2752K)->2660K(2752K)
[548.236s][info][gc             ] GC(1959) Pause Young (Allocation Failure) 438M->339M(653M) 33.453ms
[548.236s][info][gc,cpu         ] GC(1959) User=0.07s Sys=0.00s Real=0.04s
[548.320s][info][gc,start       ] GC(1960) Pause Young (Allocation Failure)
[548.361s][info][gc,heap        ] GC(1960) PSYoungGen: 126624K(219648K)->16641K(223744K) Eden: 114176K(114176K)->0K(124928K) From: 12448K(105472K)->16641K(98816K)
[548.361s][info][gc,heap        ] GC(1960) ParOldGen: 334891K(449024K)->347355K(449024K)
[548.361s][info][gc,metaspace   ] GC(1960) Metaspace: 19069K(19264K)->19069K(19264K) NonClass: 16409K(16512K)->16409K(16512K) Class: 2660K(2752K)->2660K(2752K)
[548.361s][info][gc             ] GC(1960) Pause Young (Allocation Failure) 450M->355M(657M) 40.666ms
[548.361s][info][gc,cpu         ] GC(1960) User=0.09s Sys=0.00s Real=0.04s
[548.470s][info][gc,start       ] GC(1961) Pause Young (Allocation Failure)
[548.509s][info][gc,heap        ] GC(1961) PSYoungGen: 141569K(223744K)->11008K(222208K) Eden: 124928K(124928K)->0K(124928K) From: 16641K(98816K)->11008K(97280K)
[548.509s][info][gc,heap        ] GC(1961) ParOldGen: 347355K(449024K)->363985K(449024K)
[548.509s][info][gc,metaspace   ] GC(1961) Metaspace: 19069K(19264K)->19069K(19264K) NonClass: 16409K(16512K)->16409K(16512K) Class: 2660K(2752K)->2660K(2752K)
[548.509s][info][gc             ] GC(1961) Pause Young (Allocation Failure) 477M->366M(655M) 38.858ms
[548.509s][info][gc,cpu         ] GC(1961) User=0.08s Sys=0.00s Real=0.04s
[548.605s][info][gc,start       ] GC(1962) Pause Young (Allocation Failure)
[548.634s][info][gc,heap        ] GC(1962) PSYoungGen: 135936K(222208K)->14016K(230912K) Eden: 124928K(124928K)->0K(141312K) From: 11008K(97280K)->14016K(89600K)
[548.634s][info][gc,heap        ] GC(1962) ParOldGen: 363985K(449024K)->374977K(449024K)
[548.634s][info][gc,metaspace   ] GC(1962) Metaspace: 19069K(19264K)->19069K(19264K) NonClass: 16409K(16512K)->16409K(16512K) Class: 2660K(2752K)->2660K(2752K)
[548.634s][info][gc             ] GC(1962) Pause Young (Allocation Failure) 488M->379M(664M) 29.246ms
[548.634s][info][gc,cpu         ] GC(1962) User=0.06s Sys=0.00s Real=0.03s
[548.749s][info][gc,start       ] GC(1963) Pause Young (Allocation Failure)
[548.780s][info][gc,heap        ] GC(1963) PSYoungGen: 155328K(230912K)->15392K(231424K) Eden: 141312K(141312K)->0K(141312K) From: 14016K(89600K)->15392K(90112K)
[548.780s][info][gc,heap        ] GC(1963) ParOldGen: 374977K(449024K)->389017K(449024K)
[548.780s][info][gc,metaspace   ] GC(1963) Metaspace: 19069K(19264K)->19069K(19264K) NonClass: 16409K(16512K)->16409K(16512K) Class: 2660K(2752K)->2660K(2752K)
[548.780s][info][gc             ] GC(1963) Pause Young (Allocation Failure) 517M->394M(664M) 30.663ms
[548.780s][info][gc,cpu         ] GC(1963) User=0.06s Sys=0.00s Real=0.03s
[548.875s][info][gc,start       ] GC(1964) Pause Young (Allocation Failure)
[548.905s][info][gc,heap        ] GC(1964) PSYoungGen: 156704K(231424K)->12672K(240128K) Eden: 141312K(141312K)->0K(157696K) From: 15392K(90112K)->12672K(82432K)
[548.905s][info][gc,heap        ] GC(1964) ParOldGen: 389017K(449024K)->404441K(449024K)
[548.905s][info][gc,metaspace   ] GC(1964) Metaspace: 19069K(19264K)->19069K(19264K) NonClass: 16409K(16512K)->16409K(16512K) Class: 2660K(2752K)->2660K(2752K)
[548.905s][info][gc             ] GC(1964) Pause Young (Allocation Failure) 532M->407M(673M) 29.903ms
[548.905s][info][gc,cpu         ] GC(1964) User=0.06s Sys=0.00s Real=0.03s
[549.052s][info][gc,start       ] GC(1965) Pause Young (Allocation Failure)
[549.079s][info][gc,heap        ] GC(1965) PSYoungGen: 170368K(240128K)->8800K(239616K) Eden: 157696K(157696K)->0K(157696K) From: 12672K(82432K)->8800K(81920K)
[549.079s][info][gc,heap        ] GC(1965) ParOldGen: 404441K(449024K)->417103K(449024K)
[549.079s][info][gc,metaspace   ] GC(1965) Metaspace: 19069K(19264K)->19069K(19264K) NonClass: 16409K(16512K)->16409K(16512K) Class: 2660K(2752K)->2660K(2752K)
[549.079s][info][gc             ] GC(1965) Pause Young (Allocation Failure) 561M->415M(672M) 26.793ms
[549.079s][info][gc,cpu         ] GC(1965) User=0.05s Sys=0.00s Real=0.03s
[549.308s][info][gc,start       ] GC(1966) Pause Young (Allocation Failure)
[549.337s][info][gc,heap        ] GC(1966) PSYoungGen: 166496K(239616K)->19264K(245248K) Eden: 157696K(157696K)->0K(173056K) From: 8800K(81920K)->19264K(72192K)
[549.337s][info][gc,heap        ] GC(1966) ParOldGen: 417103K(449024K)->425895K(449024K)
[549.337s][info][gc,metaspace   ] GC(1966) Metaspace: 19069K(19264K)->19069K(19264K) NonClass: 16409K(16512K)->16409K(16512K) Class: 2660K(2752K)->2660K(2752K)
[549.337s][info][gc             ] GC(1966) Pause Young (Allocation Failure) 569M->434M(678M) 28.716ms
[549.337s][info][gc,cpu         ] GC(1966) User=0.06s Sys=0.00s Real=0.03s
[549.803s][info][gc,start       ] GC(1967) Pause Young (Allocation Failure)
[549.827s][info][gc,heap        ] GC(1967) PSYoungGen: 192320K(245248K)->2304K(246784K) Eden: 173056K(173056K)->0K(173056K) From: 19264K(72192K)->2304K(73728K)
[549.827s][info][gc,heap        ] GC(1967) ParOldGen: 425895K(449024K)->445116K(449024K)
[549.827s][info][gc,metaspace   ] GC(1967) Metaspace: 19069K(19264K)->19069K(19264K) NonClass: 16409K(16512K)->16409K(16512K) Class: 2660K(2752K)->2660K(2752K)
[549.827s][info][gc             ] GC(1967) Pause Young (Allocation Failure) 603M->436M(679M) 24.599ms
[549.827s][info][gc,cpu         ] GC(1967) User=0.05s Sys=0.00s Real=0.03s
[550.274s][info][gc,start       ] GC(1968) Pause Young (Allocation Failure)
[550.279s][info][gc,heap        ] GC(1968) PSYoungGen: 175360K(246784K)->128K(257024K) Eden: 173056K(173056K)->0K(187904K) From: 2304K(73728K)->128K(69120K)
[550.279s][info][gc,heap        ] GC(1968) ParOldGen: 445116K(449024K)->447356K(449024K)
[550.279s][info][gc,metaspace   ] GC(1968) Metaspace: 19069K(19264K)->19069K(19264K) NonClass: 16409K(16512K)->16409K(16512K) Class: 2660K(2752K)->2660K(2752K)
[550.279s][info][gc             ] GC(1968) Pause Young (Allocation Failure) 605M->436M(689M) 4.488ms
[550.279s][info][gc,cpu         ] GC(1968) User=0.01s Sys=0.00s Real=0.00s
[550.730s][info][gc,start       ] GC(1969) Pause Young (Allocation Failure)
[550.739s][info][gc,heap        ] GC(1969) PSYoungGen: 188032K(257024K)->128K(258560K) Eden: 187904K(187904K)->0K(187904K) From: 128K(69120K)->128K(70656K)
[550.739s][info][gc,heap        ] GC(1969) ParOldGen: 447356K(449024K)->447356K(449024K)
[550.739s][info][gc,metaspace   ] GC(1969) Metaspace: 19069K(19264K)->19069K(19264K) NonClass: 16409K(16512K)->16409K(16512K) Class: 2660K(2752K)->2660K(2752K)
[550.739s][info][gc             ] GC(1969) Pause Young (Allocation Failure) 620M->436M(691M) 9.557ms
[550.739s][info][gc,cpu         ] GC(1969) User=0.02s Sys=0.00s Real=0.01s
[550.991s][info][gc,start       ] GC(1970) Pause Young (Allocation Failure)
[551.015s][info][gc,heap        ] GC(1970) PSYoungGen: 188032K(258560K)->31542K(262656K) Eden: 187904K(187904K)->0K(194048K) From: 128K(70656K)->31542K(68608K)
[551.016s][info][gc,heap        ] GC(1970) ParOldGen: 447356K(449024K)->447356K(449024K)
[551.016s][info][gc,metaspace   ] GC(1970) Metaspace: 19069K(19264K)->19069K(19264K) NonClass: 16409K(16512K)->16409K(16512K) Class: 2660K(2752K)->2660K(2752K)
[551.016s][info][gc             ] GC(1970) Pause Young (Allocation Failure) 620M->467M(695M) 24.655ms
[551.016s][info][gc,cpu         ] GC(1970) User=0.05s Sys=0.00s Real=0.03s
[551.232s][info][gc,start       ] GC(1971) Pause Young (Allocation Failure)
[551.296s][info][gc,heap        ] GC(1971) PSYoungGen: 225590K(262656K)->68598K(262656K) Eden: 194048K(194048K)->0K(194048K) From: 31542K(68608K)->68598K(68608K)
[551.296s][info][gc,heap        ] GC(1971) ParOldGen: 447356K(449024K)->454276K(454656K)
[551.296s][info][gc,metaspace   ] GC(1971) Metaspace: 19069K(19264K)->19069K(19264K) NonClass: 16409K(16512K)->16409K(16512K) Class: 2660K(2752K)->2660K(2752K)
[551.296s][info][gc             ] GC(1971) Pause Young (Allocation Failure) 657M->510M(700M) 64.024ms
[551.296s][info][gc,cpu         ] GC(1971) User=0.12s Sys=0.01s Real=0.07s
[551.513s][info][gc,start       ] GC(1972) Pause Young (Allocation Failure)
[551.618s][info][gc,heap        ] GC(1972) PSYoungGen: 262646K(262656K)->71154K(193024K) Eden: 194048K(194048K)->0K(121856K) From: 68598K(68608K)->71154K(71168K)
[551.618s][info][gc,heap        ] GC(1972) ParOldGen: 454276K(454656K)->480726K(480768K)
[551.618s][info][gc,metaspace   ] GC(1972) Metaspace: 19069K(19264K)->19069K(19264K) NonClass: 16409K(16512K)->16409K(16512K) Class: 2660K(2752K)->2660K(2752K)
[551.618s][info][gc             ] GC(1972) Pause Young (Allocation Failure) 700M->538M(658M) 105.400ms
[551.618s][info][gc,cpu         ] GC(1972) User=0.18s Sys=0.03s Real=0.11s
[551.728s][info][gc,start       ] GC(1973) Pause Young (Allocation Failure)
[551.840s][info][gc,heap        ] GC(1973) PSYoungGen: 193010K(193024K)->25144K(227840K) Eden: 121856K(121856K)->0K(121856K) From: 71154K(71168K)->25144K(105984K)
[551.840s][info][gc,heap        ] GC(1973) ParOldGen: 480726K(480768K)->545126K(545280K)
[551.840s][info][gc,metaspace   ] GC(1973) Metaspace: 19069K(19264K)->19069K(19264K) NonClass: 16409K(16512K)->16409K(16512K) Class: 2660K(2752K)->2660K(2752K)
[551.840s][info][gc             ] GC(1973) Pause Young (Allocation Failure) 657M->556M(755M) 111.407ms
[551.840s][info][gc,cpu         ] GC(1973) User=0.17s Sys=0.05s Real=0.11s
[551.915s][info][gc,start       ] GC(1974) Pause Young (Allocation Failure)
[551.996s][info][gc,heap        ] GC(1974) PSYoungGen: 147000K(227840K)->40320K(214528K) Eden: 121856K(121856K)->0K(128000K) From: 25144K(105984K)->40320K(86528K)
[551.996s][info][gc,heap        ] GC(1974) ParOldGen: 545126K(545280K)->570269K(570368K)
[551.996s][info][gc,metaspace   ] GC(1974) Metaspace: 19069K(19264K)->19069K(19264K) NonClass: 16409K(16512K)->16409K(16512K) Class: 2660K(2752K)->2660K(2752K)
[551.996s][info][gc             ] GC(1974) Pause Young (Allocation Failure) 675M->596M(766M) 80.737ms
[551.996s][info][gc,cpu         ] GC(1974) User=0.14s Sys=0.01s Real=0.08s
[552.085s][info][gc,start       ] GC(1975) Pause Young (Allocation Failure)
[552.147s][info][gc,heap        ] GC(1975) PSYoungGen: 168320K(214528K)->11584K(224256K) Eden: 128000K(128000K)->0K(128000K) From: 40320K(86528K)->11584K(96256K)
[552.147s][info][gc,heap        ] GC(1975) ParOldGen: 570269K(570368K)->610941K(611328K)
[552.147s][info][gc,metaspace   ] GC(1975) Metaspace: 19069K(19264K)->19069K(19264K) NonClass: 16409K(16512K)->16409K(16512K) Class: 2660K(2752K)->2660K(2752K)
[552.147s][info][gc             ] GC(1975) Pause Young (Allocation Failure) 721M->607M(816M) 61.966ms
[552.147s][info][gc,cpu         ] GC(1975) User=0.10s Sys=0.02s Real=0.06s
[552.219s][info][gc,start       ] GC(1976) Pause Full (Allocation Failure)
[552.219s][info][gc,phases,start] GC(1976) Marking Phase
[552.469s][info][gc,phases      ] GC(1976) Marking Phase 250.174ms
[552.469s][info][gc,phases,start] GC(1976) Summary Phase
[552.469s][info][gc,phases      ] GC(1976) Summary Phase 0.030ms
[552.469s][info][gc,phases,start] GC(1976) Forward
[552.566s][info][gc,phases      ] GC(1976) Forward 96.857ms
[552.566s][info][gc,phases,start] GC(1976) Adjust Pointers
[552.769s][info][gc,phases      ] GC(1976) Adjust Pointers 202.198ms
[552.769s][info][gc,phases,start] GC(1976) Compaction Phase
[552.885s][info][gc,phases      ] GC(1976) Compaction Phase 116.791ms
[552.891s][info][gc,phases,start] GC(1976) Post Compact
[552.894s][info][gc,phases      ] GC(1976) Post Compact 2.159ms
[552.894s][info][gc,heap        ] GC(1976) PSYoungGen: 139584K(224256K)->0K(236544K) Eden: 128000K(128000K)->0K(144384K) From: 11584K(96256K)->0K(92160K)
[552.894s][info][gc,heap        ] GC(1976) ParOldGen: 610941K(611328K)->329913K(655360K)
[552.894s][info][gc,metaspace   ] GC(1976) Metaspace: 19069K(19264K)->19069K(19264K) NonClass: 16409K(16512K)->16409K(16512K) Class: 2660K(2752K)->2660K(2752K)
[552.894s][info][gc             ] GC(1976) Pause Full (Allocation Failure) 732M->322M(871M) 674.692ms
[552.894s][info][gc,cpu         ] GC(1976) User=1.26s Sys=0.00s Real=0.68s
[552.994s][info][gc,start       ] GC(1977) Pause Young (Allocation Failure)
[553.015s][info][gc,heap        ] GC(1977) PSYoungGen: 144384K(236544K)->10208K(237568K) Eden: 144384K(144384K)->0K(144384K) From: 0K(92160K)->10208K(93184K)
[553.015s][info][gc,heap        ] GC(1977) ParOldGen: 329913K(655360K)->329913K(655360K)
[553.015s][info][gc,metaspace   ] GC(1977) Metaspace: 19069K(19264K)->19069K(19264K) NonClass: 16409K(16512K)->16409K(16512K) Class: 2660K(2752K)->2660K(2752K)
[553.015s][info][gc             ] GC(1977) Pause Young (Allocation Failure) 463M->332M(872M) 21.014ms
[553.015s][info][gc,cpu         ] GC(1977) User=0.04s Sys=0.00s Real=0.02s
[553.131s][info][gc,start       ] GC(1978) Pause Young (Allocation Failure)
[553.166s][info][gc,heap        ] GC(1978) PSYoungGen: 154592K(237568K)->14752K(235520K) Eden: 144384K(144384K)->0K(150528K) From: 10208K(93184K)->14752K(84992K)
[553.166s][info][gc,heap        ] GC(1978) ParOldGen: 329913K(655360K)->340137K(655360K)
[553.166s][info][gc,metaspace   ] GC(1978) Metaspace: 19069K(19264K)->19069K(19264K) NonClass: 16409K(16512K)->16409K(16512K) Class: 2660K(2752K)->2660K(2752K)
[553.166s][info][gc             ] GC(1978) Pause Young (Allocation Failure) 473M->346M(870M) 35.320ms
[553.166s][info][gc,cpu         ] GC(1978) User=0.07s Sys=0.00s Real=0.04s
[553.277s][info][gc,start       ] GC(1979) Pause Young (Allocation Failure)
[553.299s][info][gc,heap        ] GC(1979) PSYoungGen: 165280K(235520K)->3936K(237056K) Eden: 150528K(150528K)->0K(150528K) From: 14752K(84992K)->3936K(86528K)
[553.299s][info][gc,heap        ] GC(1979) ParOldGen: 340137K(655360K)->354905K(655360K)
[553.299s][info][gc,metaspace   ] GC(1979) Metaspace: 19069K(19264K)->19069K(19264K) NonClass: 16409K(16512K)->16409K(16512K) Class: 2660K(2752K)->2660K(2752K)
[553.299s][info][gc             ] GC(1979) Pause Young (Allocation Failure) 493M->350M(871M) 21.586ms
[553.299s][info][gc,cpu         ] GC(1979) User=0.04s Sys=0.00s Real=0.02s
[553.440s][info][gc,start       ] GC(1980) Pause Young (Allocation Failure)
[553.463s][info][gc,heap        ] GC(1980) PSYoungGen: 154464K(237056K)->14816K(240128K) Eden: 150528K(150528K)->0K(163328K) From: 3936K(86528K)->14816K(76800K)
[553.463s][info][gc,heap        ] GC(1980) ParOldGen: 354905K(655360K)->358825K(655360K)
[553.463s][info][gc,metaspace   ] GC(1980) Metaspace: 19069K(19264K)->19069K(19264K) NonClass: 16409K(16512K)->16409K(16512K) Class: 2660K(2752K)->2660K(2752K)
[553.463s][info][gc             ] GC(1980) Pause Young (Allocation Failure) 497M->364M(874M) 22.385ms
[553.463s][info][gc,cpu         ] GC(1980) User=0.04s Sys=0.00s Real=0.02s
[553.822s][info][gc,start       ] GC(1981) Pause Young (Allocation Failure)
[553.857s][info][gc,heap        ] GC(1981) PSYoungGen: 178144K(240128K)->16672K(243200K) Eden: 163328K(163328K)->0K(163328K) From: 14816K(76800K)->16672K(79872K)
[553.857s][info][gc,heap        ] GC(1981) ParOldGen: 358825K(655360K)->373641K(655360K)
[553.857s][info][gc,metaspace   ] GC(1981) Metaspace: 19069K(19264K)->19069K(19264K) NonClass: 16409K(16512K)->16409K(16512K) Class: 2660K(2752K)->2660K(2752K)
[553.857s][info][gc             ] GC(1981) Pause Young (Allocation Failure) 524M->381M(877M) 34.922ms
[553.857s][info][gc,cpu         ] GC(1981) User=0.06s Sys=0.00s Real=0.04s
[554.199s][info][gc,start       ] GC(1982) Pause Young (Allocation Failure)
[554.232s][info][gc,heap        ] GC(1982) PSYoungGen: 180000K(243200K)->12688K(248320K) Eden: 163328K(163328K)->0K(178688K) From: 16672K(79872K)->12688K(69632K)
[554.232s][info][gc,heap        ] GC(1982) ParOldGen: 373641K(655360K)->390309K(655360K)
[554.232s][info][gc,metaspace   ] GC(1982) Metaspace: 19069K(19264K)->19069K(19264K) NonClass: 16409K(16512K)->16409K(16512K) Class: 2660K(2752K)->2660K(2752K)
[554.232s][info][gc             ] GC(1982) Pause Young (Allocation Failure) 540M->393M(882M) 32.495ms
[554.232s][info][gc,cpu         ] GC(1982) User=0.07s Sys=0.00s Real=0.03s
[554.492s][info][gc,start       ] GC(1983) Pause Young (Allocation Failure)
[554.516s][info][gc,heap        ] GC(1983) PSYoungGen: 191376K(248320K)->11648K(250368K) Eden: 178688K(178688K)->0K(178688K) From: 12688K(69632K)->11648K(71680K)
[554.516s][info][gc,heap        ] GC(1983) ParOldGen: 390309K(655360K)->403067K(655360K)
[554.516s][info][gc,metaspace   ] GC(1983) Metaspace: 19069K(19264K)->19069K(19264K) NonClass: 16409K(16512K)->16409K(16512K) Class: 2660K(2752K)->2660K(2752K)
[554.516s][info][gc             ] GC(1983) Pause Young (Allocation Failure) 568M->404M(884M) 23.935ms
[554.516s][info][gc,cpu         ] GC(1983) User=0.05s Sys=0.00s Real=0.03s
[554.612s][info][gc,start       ] GC(1984) Pause Young (Allocation Failure)
[554.676s][info][gc,heap        ] GC(1984) PSYoungGen: 190336K(250368K)->68080K(232960K) Eden: 178688K(178688K)->0K(164864K) From: 11648K(71680K)->68080K(68096K)
[554.676s][info][gc,heap        ] GC(1984) ParOldGen: 403067K(655360K)->412403K(655360K)
[554.676s][info][gc,metaspace   ] GC(1984) Metaspace: 19069K(19264K)->19069K(19264K) NonClass: 16409K(16512K)->16409K(16512K) Class: 2660K(2752K)->2660K(2752K)
[554.676s][info][gc             ] GC(1984) Pause Young (Allocation Failure) 579M->469M(867M) 64.158ms
[554.676s][info][gc,cpu         ] GC(1984) User=0.13s Sys=0.01s Real=0.07s
[554.927s][info][gc,start       ] GC(1985) Pause Young (Allocation Failure)
[554.985s][info][gc,heap        ] GC(1985) PSYoungGen: 232944K(232960K)->9024K(249344K) Eden: 164864K(164864K)->0K(164864K) From: 68080K(68096K)->9024K(84480K)
[554.985s][info][gc,heap        ] GC(1985) ParOldGen: 412403K(655360K)->481227K(655360K)
[554.985s][info][gc,metaspace   ] GC(1985) Metaspace: 19069K(19264K)->19069K(19264K) NonClass: 16409K(16512K)->16409K(16512K) Class: 2660K(2752K)->2660K(2752K)
[554.985s][info][gc             ] GC(1985) Pause Young (Allocation Failure) 630M->478M(883M) 57.710ms
[554.985s][info][gc,cpu         ] GC(1985) User=0.12s Sys=0.00s Real=0.06s
[555.215s][info][gc,start       ] GC(1986) Pause Young (Allocation Failure)
[555.275s][info][gc,heap        ] GC(1986) PSYoungGen: 173888K(249344K)->36680K(243712K) Eden: 164864K(164864K)->0K(167424K) From: 9024K(84480K)->36680K(76288K)
[555.275s][info][gc,heap        ] GC(1986) ParOldGen: 481227K(655360K)->490275K(655360K)
[555.275s][info][gc,metaspace   ] GC(1986) Metaspace: 19069K(19264K)->19069K(19264K) NonClass: 16409K(16512K)->16409K(16512K) Class: 2660K(2752K)->2660K(2752K)
[555.275s][info][gc             ] GC(1986) Pause Young (Allocation Failure) 639M->514M(878M) 60.219ms
[555.275s][info][gc,cpu         ] GC(1986) User=0.12s Sys=0.00s Real=0.06s
[555.453s][info][gc,start       ] GC(1987) Pause Young (Allocation Failure)
[555.521s][info][gc,heap        ] GC(1987) PSYoungGen: 204104K(243712K)->20032K(247808K) Eden: 167424K(167424K)->0K(167424K) From: 36680K(76288K)->20032K(80384K)
[555.521s][info][gc,heap        ] GC(1987) ParOldGen: 490275K(655360K)->527001K(655360K)
[555.521s][info][gc,metaspace   ] GC(1987) Metaspace: 19069K(19264K)->19069K(19264K) NonClass: 16409K(16512K)->16409K(16512K) Class: 2660K(2752K)->2660K(2752K)
[555.521s][info][gc             ] GC(1987) Pause Young (Allocation Failure) 678M->534M(882M) 68.064ms
[555.521s][info][gc,cpu         ] GC(1987) User=0.13s Sys=0.00s Real=0.06s
[555.684s][info][gc,start       ] GC(1988) Pause Young (Allocation Failure)
[555.712s][info][gc,heap        ] GC(1988) PSYoungGen: 187456K(247808K)->832K(251392K) Eden: 167424K(167424K)->0K(177152K) From: 20032K(80384K)->832K(74240K)
[555.712s][info][gc,heap        ] GC(1988) ParOldGen: 527001K(655360K)->547065K(655360K)
[555.712s][info][gc,metaspace   ] GC(1988) Metaspace: 19069K(19264K)->19069K(19264K) NonClass: 16409K(16512K)->16409K(16512K) Class: 2660K(2752K)->2660K(2752K)
[555.712s][info][gc             ] GC(1988) Pause Young (Allocation Failure) 697M->535M(885M) 27.479ms
[555.712s][info][gc,cpu         ] GC(1988) User=0.05s Sys=0.00s Real=0.02s
[555.943s][info][gc,start       ] GC(1989) Pause Young (Allocation Failure)
[555.962s][info][gc,heap        ] GC(1989) PSYoungGen: 177984K(251392K)->5824K(252416K) Eden: 177152K(177152K)->0K(177152K) From: 832K(74240K)->5824K(75264K)
[555.962s][info][gc,heap        ] GC(1989) ParOldGen: 547065K(655360K)->547857K(655360K)
[555.962s][info][gc,metaspace   ] GC(1989) Metaspace: 19069K(19264K)->19069K(19264K) NonClass: 16409K(16512K)->16409K(16512K) Class: 2660K(2752K)->2660K(2752K)
[555.962s][info][gc             ] GC(1989) Pause Young (Allocation Failure) 708M->540M(886M) 19.294ms
[555.962s][info][gc,cpu         ] GC(1989) User=0.03s Sys=0.00s Real=0.02s
[556.141s][info][gc,start       ] GC(1990) Pause Young (Allocation Failure)
[556.189s][info][gc,heap        ] GC(1990) PSYoungGen: 182976K(252416K)->50194K(249856K) Eden: 177152K(177152K)->0K(177152K) From: 5824K(75264K)->50194K(72704K)
[556.189s][info][gc,heap        ] GC(1990) ParOldGen: 547857K(655360K)->553681K(655360K)
[556.189s][info][gc,metaspace   ] GC(1990) Metaspace: 19069K(19264K)->19069K(19264K) NonClass: 16409K(16512K)->16409K(16512K) Class: 2660K(2752K)->2660K(2752K)
[556.189s][info][gc             ] GC(1990) Pause Young (Allocation Failure) 713M->589M(884M) 48.099ms
[556.189s][info][gc,cpu         ] GC(1990) User=0.09s Sys=0.00s Real=0.05s
[556.373s][info][gc,start       ] GC(1991) Pause Young (Allocation Failure)
[556.453s][info][gc,heap        ] GC(1991) PSYoungGen: 227346K(249856K)->52688K(229888K) Eden: 177152K(177152K)->0K(177152K) From: 50194K(72704K)->52688K(52736K)
[556.453s][info][gc,heap        ] GC(1991) ParOldGen: 553681K(655360K)->604303K(655360K)
[556.453s][info][gc,metaspace   ] GC(1991) Metaspace: 19069K(19264K)->19069K(19264K) NonClass: 16409K(16512K)->16409K(16512K) Class: 2660K(2752K)->2660K(2752K)
[556.453s][info][gc             ] GC(1991) Pause Young (Allocation Failure) 762M->641M(864M) 80.091ms
[556.453s][info][gc,cpu         ] GC(1991) User=0.16s Sys=0.00s Real=0.08s
[556.733s][info][gc,start       ] GC(1992) Pause Full (Allocation Failure)
[556.733s][info][gc,phases,start] GC(1992) Marking Phase
[557.079s][info][gc,phases      ] GC(1992) Marking Phase 346.255ms
[557.079s][info][gc,phases,start] GC(1992) Summary Phase
[557.079s][info][gc,phases      ] GC(1992) Summary Phase 0.029ms
[557.079s][info][gc,phases,start] GC(1992) Forward
[557.211s][info][gc,phases      ] GC(1992) Forward 131.618ms
[557.211s][info][gc,phases,start] GC(1992) Adjust Pointers
[557.478s][info][gc,phases      ] GC(1992) Adjust Pointers 266.892ms
[557.478s][info][gc,phases,start] GC(1992) Compaction Phase
[557.643s][info][gc,phases      ] GC(1992) Compaction Phase 164.536ms
[557.655s][info][gc,phases,start] GC(1992) Post Compact
[557.657s][info][gc,phases      ] GC(1992) Post Compact 2.410ms
[557.657s][info][gc,heap        ] GC(1992) PSYoungGen: 229840K(229888K)->0K(250368K) Eden: 177152K(177152K)->0K(166912K) From: 52688K(52736K)->0K(83456K)
[557.657s][info][gc,heap        ] GC(1992) ParOldGen: 604303K(655360K)->493386K(667648K)
[557.657s][info][gc,metaspace   ] GC(1992) Metaspace: 19069K(19264K)->19069K(19264K) NonClass: 16409K(16512K)->16409K(16512K) Class: 2660K(2752K)->2660K(2752K)
[557.657s][info][gc             ] GC(1992) Pause Full (Allocation Failure) 814M->481M(896M) 924.374ms
[557.657s][info][gc,cpu         ] GC(1992) User=1.75s Sys=0.00s Real=0.93s
[557.854s][info][gc,start       ] GC(1993) Pause Young (Allocation Failure)
[557.882s][info][gc,heap        ] GC(1993) PSYoungGen: 166912K(250368K)->24096K(191488K) Eden: 166912K(166912K)->0K(166912K) From: 0K(83456K)->24096K(24576K)
[557.882s][info][gc,heap        ] GC(1993) ParOldGen: 493386K(667648K)->493386K(667648K)
[557.882s][info][gc,metaspace   ] GC(1993) Metaspace: 19069K(19264K)->19069K(19264K) NonClass: 16409K(16512K)->16409K(16512K) Class: 2660K(2752K)->2660K(2752K)
[557.882s][info][gc             ] GC(1993) Pause Young (Allocation Failure) 644M->505M(839M) 27.204ms
[557.882s][info][gc,cpu         ] GC(1993) User=0.05s Sys=0.00s Real=0.02s
[558.036s][info][gc,start       ] GC(1994) Pause Young (Allocation Failure)
[558.066s][info][gc,heap        ] GC(1994) PSYoungGen: 191008K(191488K)->2464K(246272K) Eden: 166912K(166912K)->0K(167936K) From: 24096K(24576K)->2464K(78336K)
[558.066s][info][gc,heap        ] GC(1994) ParOldGen: 493386K(667648K)->517506K(667648K)
[558.066s][info][gc,metaspace   ] GC(1994) Metaspace: 19069K(19264K)->19069K(19264K) NonClass: 16409K(16512K)->16409K(16512K) Class: 2660K(2752K)->2660K(2752K)
[558.066s][info][gc             ] GC(1994) Pause Young (Allocation Failure) 668M->507M(892M) 29.818ms
[558.066s][info][gc,cpu         ] GC(1994) User=0.05s Sys=0.00s Real=0.03s
[558.266s][info][gc,start       ] GC(1995) Pause Young (Allocation Failure)
[558.280s][info][gc,heap        ] GC(1995) PSYoungGen: 170400K(246272K)->4032K(245248K) Eden: 167936K(167936K)->0K(167936K) From: 2464K(78336K)->4032K(77312K)
[558.280s][info][gc,heap        ] GC(1995) ParOldGen: 517506K(667648K)->519946K(667648K)
[558.280s][info][gc,metaspace   ] GC(1995) Metaspace: 19069K(19264K)->19069K(19264K) NonClass: 16409K(16512K)->16409K(16512K) Class: 2660K(2752K)->2660K(2752K)
[558.280s][info][gc             ] GC(1995) Pause Young (Allocation Failure) 671M->511M(891M) 13.610ms
[558.280s][info][gc,cpu         ] GC(1995) User=0.03s Sys=0.00s Real=0.01s
[558.539s][info][gc,start       ] GC(1996) Pause Young (Allocation Failure)
[558.569s][info][gc,heap        ] GC(1996) PSYoungGen: 171968K(245248K)->28080K(253440K) Eden: 167936K(167936K)->0K(181248K) From: 4032K(77312K)->28080K(72192K)
[558.569s][info][gc,heap        ] GC(1996) ParOldGen: 519946K(667648K)->519946K(667648K)
[558.569s][info][gc,metaspace   ] GC(1996) Metaspace: 19069K(19264K)->19069K(19264K) NonClass: 16409K(16512K)->16409K(16512K) Class: 2660K(2752K)->2660K(2752K)
[558.569s][info][gc             ] GC(1996) Pause Young (Allocation Failure) 675M->535M(899M) 30.335ms
[558.569s][info][gc,cpu         ] GC(1996) User=0.06s Sys=0.00s Real=0.03s
[559.042s][info][gc,start       ] GC(1997) Pause Young (Allocation Failure)
[559.074s][info][gc,heap        ] GC(1997) PSYoungGen: 209328K(253440K)->30928K(253440K) Eden: 181248K(181248K)->0K(181248K) From: 28080K(72192K)->30928K(72192K)
[559.074s][info][gc,heap        ] GC(1997) ParOldGen: 519946K(667648K)->519946K(667648K)
[559.074s][info][gc,metaspace   ] GC(1997) Metaspace: 19069K(19264K)->19069K(19264K) NonClass: 16409K(16512K)->16409K(16512K) Class: 2660K(2752K)->2660K(2752K)
[559.075s][info][gc             ] GC(1997) Pause Young (Allocation Failure) 712M->537M(899M) 32.516ms
[559.075s][info][gc,cpu         ] GC(1997) User=0.07s Sys=0.00s Real=0.04s
[559.492s][info][gc,start       ] GC(1998) Pause Young (Allocation Failure)
[559.527s][info][gc,heap        ] GC(1998) PSYoungGen: 212176K(253440K)->30736K(259072K) Eden: 181248K(181248K)->0K(190976K) From: 30928K(72192K)->30736K(68096K)
[559.527s][info][gc,heap        ] GC(1998) ParOldGen: 519946K(667648K)->519946K(667648K)
[559.527s][info][gc,metaspace   ] GC(1998) Metaspace: 19069K(19264K)->19069K(19264K) NonClass: 16409K(16512K)->16409K(16512K) Class: 2660K(2752K)->2660K(2752K)
[559.527s][info][gc             ] GC(1998) Pause Young (Allocation Failure) 714M->537M(905M) 34.148ms
[559.527s][info][gc,cpu         ] GC(1998) User=0.07s Sys=0.00s Real=0.04s
[559.951s][info][gc,start       ] GC(1999) Pause Young (Allocation Failure)
[559.982s][info][gc,heap        ] GC(1999) PSYoungGen: 221712K(259072K)->30768K(259584K) Eden: 190976K(190976K)->0K(190976K) From: 30736K(68096K)->30768K(68608K)
[559.982s][info][gc,heap        ] GC(1999) ParOldGen: 519946K(667648K)->519946K(667648K)
[559.982s][info][gc,metaspace   ] GC(1999) Metaspace: 19069K(19264K)->19069K(19264K) NonClass: 16409K(16512K)->16409K(16512K) Class: 2660K(2752K)->2660K(2752K)
[559.982s][info][gc             ] GC(1999) Pause Young (Allocation Failure) 724M->537M(905M) 31.708ms
[559.982s][info][gc,cpu         ] GC(1999) User=0.06s Sys=0.00s Real=0.03s
[560.427s][info][gc,start       ] GC(2000) Pause Young (Allocation Failure)
[560.468s][info][gc,heap        ] GC(2000) PSYoungGen: 221744K(259584K)->31072K(262656K) Eden: 190976K(190976K)->0K(198656K) From: 30768K(68608K)->31072K(64000K)
[560.468s][info][gc,heap        ] GC(2000) ParOldGen: 519946K(667648K)->519946K(667648K)
[560.468s][info][gc,metaspace   ] GC(2000) Metaspace: 19069K(19264K)->19069K(19264K) NonClass: 16409K(16512K)->16409K(16512K) Class: 2660K(2752K)->2660K(2752K)
[560.468s][info][gc             ] GC(2000) Pause Young (Allocation Failure) 724M->538M(908M) 40.783ms
[560.468s][info][gc,cpu         ] GC(2000) User=0.09s Sys=0.00s Real=0.04s
[560.682s][info][gc,start       ] GC(2001) Pause Young (Allocation Failure)
[560.750s][info][gc,heap        ] GC(2001) PSYoungGen: 229728K(262656K)->64480K(263168K) Eden: 198656K(198656K)->0K(198656K) From: 31072K(64000K)->64480K(64512K)
[560.750s][info][gc,heap        ] GC(2001) ParOldGen: 519946K(667648K)->538978K(667648K)
[560.750s][info][gc,metaspace   ] GC(2001) Metaspace: 19069K(19264K)->19069K(19264K) NonClass: 16409K(16512K)->16409K(16512K) Class: 2660K(2752K)->2660K(2752K)
[560.750s][info][gc             ] GC(2001) Pause Young (Allocation Failure) 732M->589M(909M) 68.214ms
[560.750s][info][gc,cpu         ] GC(2001) User=0.13s Sys=0.00s Real=0.07s
[561.003s][info][gc,start       ] GC(2002) Pause Young (Allocation Failure)
[561.078s][info][gc,heap        ] GC(2002) PSYoungGen: 263136K(263168K)->60144K(229376K) Eden: 198656K(198656K)->0K(158720K) From: 64480K(64512K)->60144K(70656K)
[561.078s][info][gc,heap        ] GC(2002) ParOldGen: 538978K(667648K)->567098K(667648K)
[561.078s][info][gc,metaspace   ] GC(2002) Metaspace: 19069K(19264K)->19069K(19264K) NonClass: 16409K(16512K)->16409K(16512K) Class: 2660K(2752K)->2660K(2752K)
[561.078s][info][gc             ] GC(2002) Pause Young (Allocation Failure) 783M->612M(876M) 74.554ms
[561.078s][info][gc,cpu         ] GC(2002) User=0.15s Sys=0.00s Real=0.07s
[561.299s][info][gc,start       ] GC(2003) Pause Young (Allocation Failure)
[561.394s][info][gc,heap        ] GC(2003) PSYoungGen: 218864K(229376K)->87520K(246272K) Eden: 158720K(158720K)->0K(158720K) From: 60144K(70656K)->87520K(87552K)
[561.394s][info][gc,heap        ] GC(2003) ParOldGen: 567098K(667648K)->572714K(667648K)
[561.394s][info][gc,metaspace   ] GC(2003) Metaspace: 19069K(19264K)->19069K(19264K) NonClass: 16409K(16512K)->16409K(16512K) Class: 2660K(2752K)->2660K(2752K)
[561.394s][info][gc             ] GC(2003) Pause Young (Allocation Failure) 767M->644M(892M) 95.198ms
[561.394s][info][gc,cpu         ] GC(2003) User=0.19s Sys=0.00s Real=0.10s
[561.580s][info][gc,start       ] GC(2004) Pause Young (Allocation Failure)
[561.709s][info][gc,heap        ] GC(2004) PSYoungGen: 246240K(246272K)->87520K(199168K) Eden: 158720K(158720K)->0K(111616K) From: 87520K(87552K)->87520K(87552K)
[561.709s][info][gc,heap        ] GC(2004) ParOldGen: 572714K(667648K)->596658K(667648K)
[561.710s][info][gc,metaspace   ] GC(2004) Metaspace: 19069K(19264K)->19069K(19264K) NonClass: 16409K(16512K)->16409K(16512K) Class: 2660K(2752K)->2660K(2752K)
[561.710s][info][gc             ] GC(2004) Pause Young (Allocation Failure) 799M->668M(846M) 129.678ms
[561.710s][info][gc,cpu         ] GC(2004) User=0.25s Sys=0.01s Real=0.13s
[561.780s][info][gc,start       ] GC(2005) Pause Young (Allocation Failure)
[561.881s][info][gc,heap        ] GC(2005) PSYoungGen: 199136K(199168K)->54432K(222720K) Eden: 111616K(111616K)->0K(111616K) From: 87520K(87552K)->54432K(111104K)
[561.881s][info][gc,heap        ] GC(2005) ParOldGen: 596658K(667648K)->630731K(667648K)
[561.881s][info][gc,metaspace   ] GC(2005) Metaspace: 19069K(19264K)->19069K(19264K) NonClass: 16409K(16512K)->16409K(16512K) Class: 2660K(2752K)->2660K(2752K)
[561.881s][info][gc             ] GC(2005) Pause Young (Allocation Failure) 777M->669M(869M) 101.447ms
[561.882s][info][gc,cpu         ] GC(2005) User=0.19s Sys=0.01s Real=0.10s
[562.005s][info][gc,start       ] GC(2006) Pause Full (Allocation Failure)
[562.005s][info][gc,phases,start] GC(2006) Marking Phase
[562.379s][info][gc,phases      ] GC(2006) Marking Phase 373.155ms
[562.379s][info][gc,phases,start] GC(2006) Summary Phase
[562.379s][info][gc,phases      ] GC(2006) Summary Phase 0.028ms
[562.379s][info][gc,phases,start] GC(2006) Forward
[562.522s][info][gc,phases      ] GC(2006) Forward 143.138ms
[562.522s][info][gc,phases,start] GC(2006) Adjust Pointers
[562.798s][info][gc,phases      ] GC(2006) Adjust Pointers 276.517ms
[562.799s][info][gc,phases,start] GC(2006) Compaction Phase
[562.973s][info][gc,phases      ] GC(2006) Compaction Phase 174.501ms
[562.983s][info][gc,phases,start] GC(2006) Post Compact
[562.986s][info][gc,phases      ] GC(2006) Post Compact 2.333ms
[562.986s][info][gc,heap        ] GC(2006) PSYoungGen: 166048K(222720K)->0K(222720K) Eden: 111616K(111616K)->0K(111616K) From: 54432K(111104K)->0K(111104K)
[562.986s][info][gc,heap        ] GC(2006) ParOldGen: 630731K(667648K)->515212K(667648K)
[562.986s][info][gc,metaspace   ] GC(2006) Metaspace: 19069K(19264K)->19069K(19264K) NonClass: 16409K(16512K)->16409K(16512K) Class: 2660K(2752K)->2660K(2752K)
[562.986s][info][gc             ] GC(2006) Pause Full (Allocation Failure) 778M->503M(869M) 980.368ms
[562.986s][info][gc,cpu         ] GC(2006) User=1.85s Sys=0.00s Real=0.98s
[563.078s][info][gc,start       ] GC(2007) Pause Young (Allocation Failure)
[563.094s][info][gc,heap        ] GC(2007) PSYoungGen: 111616K(222720K)->11968K(222720K) Eden: 111616K(111616K)->0K(111616K) From: 0K(111104K)->11968K(111104K)
[563.094s][info][gc,heap        ] GC(2007) ParOldGen: 515212K(667648K)->515212K(667648K)
[563.094s][info][gc,metaspace   ] GC(2007) Metaspace: 19069K(19264K)->19069K(19264K) NonClass: 16409K(16512K)->16409K(16512K) Class: 2660K(2752K)->2660K(2752K)
[563.094s][info][gc             ] GC(2007) Pause Young (Allocation Failure) 612M->514M(869M) 16.286ms
[563.094s][info][gc,cpu         ] GC(2007) User=0.03s Sys=0.00s Real=0.02s
[563.184s][info][gc,start       ] GC(2008) Pause Young (Allocation Failure)
[563.203s][info][gc,heap        ] GC(2008) PSYoungGen: 123584K(222720K)->19280K(222720K) Eden: 111616K(111616K)->0K(111616K) From: 11968K(111104K)->19280K(111104K)
[563.203s][info][gc,heap        ] GC(2008) ParOldGen: 515212K(667648K)->515212K(667648K)
[563.203s][info][gc,metaspace   ] GC(2008) Metaspace: 19069K(19264K)->19069K(19264K) NonClass: 16409K(16512K)->16409K(16512K) Class: 2660K(2752K)->2660K(2752K)
[563.203s][info][gc             ] GC(2008) Pause Young (Allocation Failure) 623M->521M(869M) 18.976ms
[563.203s][info][gc,cpu         ] GC(2008) User=0.04s Sys=0.00s Real=0.02s
[563.299s][info][gc,start       ] GC(2009) Pause Young (Allocation Failure)
[563.321s][info][gc,heap        ] GC(2009) PSYoungGen: 130896K(222720K)->17824K(222720K) Eden: 111616K(111616K)->0K(111616K) From: 19280K(111104K)->17824K(111104K)
[563.321s][info][gc,heap        ] GC(2009) ParOldGen: 515212K(667648K)->519284K(667648K)
[563.321s][info][gc,metaspace   ] GC(2009) Metaspace: 19069K(19264K)->19069K(19264K) NonClass: 16409K(16512K)->16409K(16512K) Class: 2660K(2752K)->2660K(2752K)
[563.321s][info][gc             ] GC(2009) Pause Young (Allocation Failure) 630M->524M(869M) 21.985ms
[563.321s][info][gc,cpu         ] GC(2009) User=0.04s Sys=0.00s Real=0.02s
[563.438s][info][gc,start       ] GC(2010) Pause Young (Allocation Failure)
[563.469s][info][gc,heap        ] GC(2010) PSYoungGen: 129440K(222720K)->17888K(217600K) Eden: 111616K(111616K)->0K(111616K) From: 17824K(111104K)->17888K(105984K)
[563.469s][info][gc,heap        ] GC(2010) ParOldGen: 519284K(667648K)->537140K(667648K)
[563.469s][info][gc,metaspace   ] GC(2010) Metaspace: 19069K(19264K)->19069K(19264K) NonClass: 16409K(16512K)->16409K(16512K) Class: 2660K(2752K)->2660K(2752K)
[563.469s][info][gc             ] GC(2010) Pause Young (Allocation Failure) 633M->542M(864M) 31.451ms
[563.469s][info][gc,cpu         ] GC(2010) User=0.06s Sys=0.00s Real=0.03s
[563.551s][info][gc,start       ] GC(2011) Pause Young (Allocation Failure)
[563.600s][info][gc,heap        ] GC(2011) PSYoungGen: 129504K(217600K)->28928K(220160K) Eden: 111616K(111616K)->0K(111616K) From: 17888K(105984K)->28928K(108544K)
[563.600s][info][gc,heap        ] GC(2011) ParOldGen: 537140K(667648K)->555133K(667648K)
[563.600s][info][gc,metaspace   ] GC(2011) Metaspace: 19069K(19264K)->19069K(19264K) NonClass: 16409K(16512K)->16409K(16512K) Class: 2660K(2752K)->2660K(2752K)
[563.600s][info][gc             ] GC(2011) Pause Young (Allocation Failure) 651M->570M(867M) 48.575ms
[563.600s][info][gc,cpu         ] GC(2011) User=0.09s Sys=0.00s Real=0.05s
[563.720s][info][gc,start       ] GC(2012) Pause Young (Allocation Failure)
[563.756s][info][gc,heap        ] GC(2012) PSYoungGen: 140544K(220160K)->3232K(223232K) Eden: 111616K(111616K)->0K(120320K) From: 28928K(108544K)->3232K(102912K)
[563.756s][info][gc,heap        ] GC(2012) ParOldGen: 555133K(667648K)->584085K(667648K)
[563.756s][info][gc,metaspace   ] GC(2012) Metaspace: 19069K(19264K)->19069K(19264K) NonClass: 16409K(16512K)->16409K(16512K) Class: 2660K(2752K)->2660K(2752K)
[563.756s][info][gc             ] GC(2012) Pause Young (Allocation Failure) 679M->573M(870M) 36.052ms
[563.756s][info][gc,cpu         ] GC(2012) User=0.07s Sys=0.00s Real=0.04s
[564.116s][info][gc,start       ] GC(2013) Pause Young (Allocation Failure)
[564.124s][info][gc,heap        ] GC(2013) PSYoungGen: 123552K(223232K)->1984K(222208K) Eden: 120320K(120320K)->0K(120320K) From: 3232K(102912K)->1984K(101888K)
[564.124s][info][gc,heap        ] GC(2013) ParOldGen: 584085K(667648K)->587293K(667648K)
[564.124s][info][gc,metaspace   ] GC(2013) Metaspace: 19069K(19264K)->19069K(19264K) NonClass: 16409K(16512K)->16409K(16512K) Class: 2660K(2752K)->2660K(2752K)
[564.124s][info][gc             ] GC(2013) Pause Young (Allocation Failure) 691M->575M(869M) 8.161ms
[564.124s][info][gc,cpu         ] GC(2013) User=0.01s Sys=0.00s Real=0.01s
[564.280s][info][gc,start       ] GC(2014) Pause Young (Allocation Failure)
[564.297s][info][gc,heap        ] GC(2014) PSYoungGen: 122304K(222208K)->13520K(226304K) Eden: 120320K(120320K)->0K(131584K) From: 1984K(101888K)->13520K(94720K)
[564.297s][info][gc,heap        ] GC(2014) ParOldGen: 587293K(667648K)->589061K(667648K)
[564.297s][info][gc,metaspace   ] GC(2014) Metaspace: 19069K(19264K)->19069K(19264K) NonClass: 16409K(16512K)->16409K(16512K) Class: 2660K(2752K)->2660K(2752K)
[564.297s][info][gc             ] GC(2014) Pause Young (Allocation Failure) 692M->588M(873M) 16.935ms
[564.297s][info][gc,cpu         ] GC(2014) User=0.04s Sys=0.00s Real=0.02s
[564.476s][info][gc,start       ] GC(2015) Pause Young (Allocation Failure)
[564.501s][info][gc,heap        ] GC(2015) PSYoungGen: 145104K(226304K)->14416K(227840K) Eden: 131584K(131584K)->0K(131584K) From: 13520K(94720K)->14416K(96256K)
[564.501s][info][gc,heap        ] GC(2015) ParOldGen: 589061K(667648K)->602594K(667648K)
[564.501s][info][gc,metaspace   ] GC(2015) Metaspace: 19069K(19264K)->19069K(19264K) NonClass: 16409K(16512K)->16409K(16512K) Class: 2660K(2752K)->2660K(2752K)
[564.501s][info][gc             ] GC(2015) Pause Young (Allocation Failure) 716M->602M(874M) 25.405ms
[564.501s][info][gc,cpu         ] GC(2015) User=0.05s Sys=0.00s Real=0.02s
[564.574s][info][gc,start       ] GC(2016) Pause Young (Allocation Failure)
[564.620s][info][gc,heap        ] GC(2016) PSYoungGen: 146000K(227840K)->49536K(232448K) Eden: 131584K(131584K)->0K(140800K) From: 14416K(96256K)->49536K(91648K)
[564.620s][info][gc,heap        ] GC(2016) ParOldGen: 602594K(667648K)->617146K(667648K)
[564.620s][info][gc,metaspace   ] GC(2016) Metaspace: 19069K(19264K)->19069K(19264K) NonClass: 16409K(16512K)->16409K(16512K) Class: 2660K(2752K)->2660K(2752K)
[564.620s][info][gc             ] GC(2016) Pause Young (Allocation Failure) 731M->651M(879M) 45.379ms
[564.620s][info][gc,cpu         ] GC(2016) User=0.09s Sys=0.00s Real=0.04s
[564.836s][info][gc,start       ] GC(2017) Pause Young (Allocation Failure)
[564.895s][info][gc,heap        ] GC(2017) PSYoungGen: 190336K(232448K)->13664K(234496K) Eden: 140800K(140800K)->0K(140800K) From: 49536K(91648K)->13664K(93696K)
[564.895s][info][gc,heap        ] GC(2017) ParOldGen: 617146K(667648K)->667258K(667648K)
[564.895s][info][gc,metaspace   ] GC(2017) Metaspace: 19069K(19264K)->19069K(19264K) NonClass: 16409K(16512K)->16409K(16512K) Class: 2660K(2752K)->2660K(2752K)
[564.895s][info][gc             ] GC(2017) Pause Young (Allocation Failure) 788M->664M(881M) 58.791ms
[564.895s][info][gc,cpu         ] GC(2017) User=0.10s Sys=0.02s Real=0.06s
[565.101s][info][gc,start       ] GC(2018) Pause Full (Allocation Failure)
[565.101s][info][gc,phases,start] GC(2018) Marking Phase
[565.449s][info][gc,phases      ] GC(2018) Marking Phase 348.097ms
[565.449s][info][gc,phases,start] GC(2018) Summary Phase
[565.449s][info][gc,phases      ] GC(2018) Summary Phase 0.028ms
[565.449s][info][gc,phases,start] GC(2018) Forward
[565.537s][info][gc,phases      ] GC(2018) Forward 87.291ms
[565.537s][info][gc,phases,start] GC(2018) Adjust Pointers
[565.797s][info][gc,phases      ] GC(2018) Adjust Pointers 260.452ms
[565.797s][info][gc,phases,start] GC(2018) Compaction Phase
[565.929s][info][gc,phases      ] GC(2018) Compaction Phase 131.625ms
[565.938s][info][gc,phases,start] GC(2018) Post Compact
[565.941s][info][gc,phases      ] GC(2018) Post Compact 2.393ms
[565.941s][info][gc,heap        ] GC(2018) PSYoungGen: 154464K(234496K)->0K(238080K) Eden: 140800K(140800K)->0K(148480K) From: 13664K(93696K)->0K(89600K)
[565.941s][info][gc,heap        ] GC(2018) ParOldGen: 667258K(667648K)->485058K(667648K)
[565.941s][info][gc,metaspace   ] GC(2018) Metaspace: 19069K(19264K)->19069K(19264K) NonClass: 16409K(16512K)->16409K(16512K) Class: 2660K(2752K)->2660K(2752K)
[565.941s][info][gc             ] GC(2018) Pause Full (Allocation Failure) 802M->473M(884M) 839.734ms
[565.941s][info][gc,cpu         ] GC(2018) User=1.59s Sys=0.01s Real=0.84s
[566.128s][info][gc,start       ] GC(2019) Pause Young (Allocation Failure)
[566.153s][info][gc,heap        ] GC(2019) PSYoungGen: 148480K(238080K)->21856K(238080K) Eden: 148480K(148480K)->0K(148480K) From: 0K(89600K)->21856K(89600K)
[566.153s][info][gc,heap        ] GC(2019) ParOldGen: 485058K(667648K)->485058K(667648K)
[566.153s][info][gc,metaspace   ] GC(2019) Metaspace: 19069K(19264K)->19069K(19264K) NonClass: 16409K(16512K)->16409K(16512K) Class: 2660K(2752K)->2660K(2752K)
[566.153s][info][gc             ] GC(2019) Pause Young (Allocation Failure) 618M->495M(884M) 24.572ms
[566.153s][info][gc,cpu         ] GC(2019) User=0.05s Sys=0.00s Real=0.02s
[566.277s][info][gc,start       ] GC(2020) Pause Young (Allocation Failure)
[566.308s][info][gc,heap        ] GC(2020) PSYoungGen: 170336K(238080K)->26400K(238080K) Eden: 148480K(148480K)->0K(159744K) From: 21856K(89600K)->26400K(78336K)
[566.308s][info][gc,heap        ] GC(2020) ParOldGen: 485058K(667648K)->485058K(667648K)
[566.308s][info][gc,metaspace   ] GC(2020) Metaspace: 19069K(19264K)->19069K(19264K) NonClass: 16409K(16512K)->16409K(16512K) Class: 2660K(2752K)->2660K(2752K)
[566.308s][info][gc             ] GC(2020) Pause Young (Allocation Failure) 640M->499M(884M) 30.669ms
[566.308s][info][gc,cpu         ] GC(2020) User=0.06s Sys=0.00s Real=0.03s
[566.491s][info][gc,start       ] GC(2021) Pause Young (Allocation Failure)
[566.523s][info][gc,heap        ] GC(2021) PSYoungGen: 186144K(238080K)->30496K(238592K) Eden: 159744K(159744K)->0K(159744K) From: 26400K(78336K)->30496K(78848K)
[566.523s][info][gc,heap        ] GC(2021) ParOldGen: 485058K(667648K)->485058K(667648K)
[566.523s][info][gc,metaspace   ] GC(2021) Metaspace: 19069K(19264K)->19069K(19264K) NonClass: 16409K(16512K)->16409K(16512K) Class: 2660K(2752K)->2660K(2752K)
[566.523s][info][gc             ] GC(2021) Pause Young (Allocation Failure) 655M->503M(885M) 32.650ms
[566.523s][info][gc,cpu         ] GC(2021) User=0.06s Sys=0.00s Real=0.04s
[566.779s][info][gc,start       ] GC(2022) Pause Young (Allocation Failure)
[566.820s][info][gc,heap        ] GC(2022) PSYoungGen: 190240K(238592K)->40368K(249856K) Eden: 159744K(159744K)->0K(174592K) From: 30496K(78848K)->40368K(75264K)
[566.820s][info][gc,heap        ] GC(2022) ParOldGen: 485058K(667648K)->485058K(667648K)
[566.820s][info][gc,metaspace   ] GC(2022) Metaspace: 19069K(19264K)->19069K(19264K) NonClass: 16409K(16512K)->16409K(16512K) Class: 2660K(2752K)->2660K(2752K)
[566.820s][info][gc             ] GC(2022) Pause Young (Allocation Failure) 659M->513M(896M) 40.416ms
[566.820s][info][gc,cpu         ] GC(2022) User=0.08s Sys=0.00s Real=0.04s
[567.213s][info][gc,start       ] GC(2023) Pause Young (Allocation Failure)
[567.271s][info][gc,heap        ] GC(2023) PSYoungGen: 214960K(249856K)->57360K(249856K) Eden: 174592K(174592K)->0K(174592K) From: 40368K(75264K)->57360K(75264K)
[567.271s][info][gc,heap        ] GC(2023) ParOldGen: 485058K(667648K)->485058K(667648K)
[567.271s][info][gc,metaspace   ] GC(2023) Metaspace: 19069K(19264K)->19069K(19264K) NonClass: 16409K(16512K)->16409K(16512K) Class: 2660K(2752K)->2660K(2752K)
[567.271s][info][gc             ] GC(2023) Pause Young (Allocation Failure) 683M->529M(896M) 57.342ms
[567.271s][info][gc,cpu         ] GC(2023) User=0.11s Sys=0.00s Real=0.05s
[567.715s][info][gc,start       ] GC(2024) Pause Young (Allocation Failure)
[567.779s][info][gc,heap        ] GC(2024) PSYoungGen: 231952K(249856K)->57392K(243200K) Eden: 174592K(174592K)->0K(161792K) From: 57360K(75264K)->57392K(81408K)
[567.779s][info][gc,heap        ] GC(2024) ParOldGen: 485058K(667648K)->485058K(667648K)
[567.779s][info][gc,metaspace   ] GC(2024) Metaspace: 19069K(19264K)->19069K(19264K) NonClass: 16409K(16512K)->16409K(16512K) Class: 2660K(2752K)->2660K(2752K)
[567.779s][info][gc             ] GC(2024) Pause Young (Allocation Failure) 700M->529M(889M) 64.478ms
[567.779s][info][gc,cpu         ] GC(2024) User=0.13s Sys=0.00s Real=0.06s
[568.100s][info][gc,start       ] GC(2025) Pause Young (Allocation Failure)
[568.166s][info][gc,heap        ] GC(2025) PSYoungGen: 219184K(243200K)->71088K(232960K) Eden: 161792K(161792K)->0K(161792K) From: 57392K(81408K)->71088K(71168K)
[568.166s][info][gc,heap        ] GC(2025) ParOldGen: 485058K(667648K)->485058K(667648K)
[568.166s][info][gc,metaspace   ] GC(2025) Metaspace: 19069K(19264K)->19069K(19264K) NonClass: 16409K(16512K)->16409K(16512K) Class: 2660K(2752K)->2660K(2752K)
[568.166s][info][gc             ] GC(2025) Pause Young (Allocation Failure) 687M->543M(879M) 65.803ms
[568.166s][info][gc,cpu         ] GC(2025) User=0.13s Sys=0.00s Real=0.07s
[568.326s][info][gc,start       ] GC(2026) Pause Young (Allocation Failure)
[568.426s][info][gc,heap        ] GC(2026) PSYoungGen: 232880K(232960K)->94176K(205824K) Eden: 161792K(161792K)->0K(111616K) From: 71088K(71168K)->94176K(94208K)
[568.427s][info][gc,heap        ] GC(2026) ParOldGen: 485058K(667648K)->489674K(667648K)
[568.427s][info][gc,metaspace   ] GC(2026) Metaspace: 19069K(19264K)->19069K(19264K) NonClass: 16409K(16512K)->16409K(16512K) Class: 2660K(2752K)->2660K(2752K)
[568.427s][info][gc             ] GC(2026) Pause Young (Allocation Failure) 701M->570M(853M) 100.725ms
[568.427s][info][gc,cpu         ] GC(2026) User=0.19s Sys=0.01s Real=0.10s
[568.608s][info][gc,start       ] GC(2027) Pause Young (Allocation Failure)
[568.705s][info][gc,heap        ] GC(2027) PSYoungGen: 205792K(205824K)->77712K(222720K) Eden: 111616K(111616K)->0K(111616K) From: 94176K(94208K)->77712K(111104K)
[568.705s][info][gc,heap        ] GC(2027) ParOldGen: 489674K(667648K)->516098K(667648K)
[568.705s][info][gc,metaspace   ] GC(2027) Metaspace: 19069K(19264K)->19069K(19264K) NonClass: 16409K(16512K)->16409K(16512K) Class: 2660K(2752K)->2660K(2752K)
[568.705s][info][gc             ] GC(2027) Pause Young (Allocation Failure) 679M->579M(869M) 97.385ms
[568.705s][info][gc,cpu         ] GC(2027) User=0.19s Sys=0.00s Real=0.10s
[568.887s][info][gc,start       ] GC(2028) Pause Young (Allocation Failure)
[568.966s][info][gc,heap        ] GC(2028) PSYoungGen: 189328K(222720K)->69280K(222720K) Eden: 111616K(111616K)->0K(111616K) From: 77712K(111104K)->69280K(111104K)
[568.966s][info][gc,heap        ] GC(2028) ParOldGen: 516098K(667648K)->530138K(667648K)
[568.966s][info][gc,metaspace   ] GC(2028) Metaspace: 19069K(19264K)->19069K(19264K) NonClass: 16409K(16512K)->16409K(16512K) Class: 2660K(2752K)->2660K(2752K)
[568.966s][info][gc             ] GC(2028) Pause Young (Allocation Failure) 688M->585M(869M) 79.536ms
[568.966s][info][gc,cpu         ] GC(2028) User=0.16s Sys=0.00s Real=0.08s
[569.101s][info][gc,start       ] GC(2029) Pause Young (Allocation Failure)
[569.183s][info][gc,heap        ] GC(2029) PSYoungGen: 180896K(222720K)->67472K(222720K) Eden: 111616K(111616K)->0K(111616K) From: 69280K(111104K)->67472K(111104K)
[569.183s][info][gc,heap        ] GC(2029) ParOldGen: 530138K(667648K)->547154K(667648K)
[569.183s][info][gc,metaspace   ] GC(2029) Metaspace: 19069K(19264K)->19069K(19264K) NonClass: 16409K(16512K)->16409K(16512K) Class: 2660K(2752K)->2660K(2752K)
[569.183s][info][gc             ] GC(2029) Pause Young (Allocation Failure) 694M->600M(869M) 81.807ms
[569.183s][info][gc,cpu         ] GC(2029) User=0.17s Sys=0.00s Real=0.08s
[569.296s][info][gc,start       ] GC(2030) Pause Young (Allocation Failure)
[569.361s][info][gc,heap        ] GC(2030) PSYoungGen: 179088K(222720K)->31584K(222720K) Eden: 111616K(111616K)->0K(111616K) From: 67472K(111104K)->31584K(111104K)
[569.361s][info][gc,heap        ] GC(2030) ParOldGen: 547154K(667648K)->584331K(667648K)
[569.361s][info][gc,metaspace   ] GC(2030) Metaspace: 19069K(19264K)->19069K(19264K) NonClass: 16409K(16512K)->16409K(16512K) Class: 2660K(2752K)->2660K(2752K)
[569.361s][info][gc             ] GC(2030) Pause Young (Allocation Failure) 709M->601M(869M) 65.183ms
[569.361s][info][gc,cpu         ] GC(2030) User=0.13s Sys=0.01s Real=0.06s
[569.499s][info][gc,start       ] GC(2031) Pause Young (Allocation Failure)
[569.545s][info][gc,heap        ] GC(2031) PSYoungGen: 143200K(222720K)->23264K(222720K) Eden: 111616K(111616K)->0K(111616K) From: 31584K(111104K)->23264K(111104K)
[569.545s][info][gc,heap        ] GC(2031) ParOldGen: 584331K(667648K)->599795K(667648K)
[569.545s][info][gc,metaspace   ] GC(2031) Metaspace: 19069K(19264K)->19069K(19264K) NonClass: 16409K(16512K)->16409K(16512K) Class: 2660K(2752K)->2660K(2752K)
[569.545s][info][gc             ] GC(2031) Pause Young (Allocation Failure) 710M->608M(869M) 45.507ms
[569.545s][info][gc,cpu         ] GC(2031) User=0.10s Sys=0.00s Real=0.05s
[569.794s][info][gc,start       ] GC(2032) Pause Young (Allocation Failure)
[569.828s][info][gc,heap        ] GC(2032) PSYoungGen: 134880K(222720K)->16480K(222720K) Eden: 111616K(111616K)->0K(111616K) From: 23264K(111104K)->16480K(111104K)
[569.828s][info][gc,heap        ] GC(2032) ParOldGen: 599795K(667648K)->615971K(667648K)
[569.828s][info][gc,metaspace   ] GC(2032) Metaspace: 19069K(19264K)->19069K(19264K) NonClass: 16409K(16512K)->16409K(16512K) Class: 2660K(2752K)->2660K(2752K)
[569.828s][info][gc             ] GC(2032) Pause Young (Allocation Failure) 717M->617M(869M) 34.455ms
[569.828s][info][gc,cpu         ] GC(2032) User=0.07s Sys=0.00s Real=0.03s
[570.098s][info][gc,start       ] GC(2033) Pause Young (Allocation Failure)
[570.117s][info][gc,heap        ] GC(2033) PSYoungGen: 128096K(222720K)->64K(222720K) Eden: 111616K(111616K)->0K(111616K) From: 16480K(111104K)->64K(111104K)
[570.117s][info][gc,heap        ] GC(2033) ParOldGen: 615971K(667648K)->632453K(667648K)
[570.117s][info][gc,metaspace   ] GC(2033) Metaspace: 19069K(19264K)->19069K(19264K) NonClass: 16409K(16512K)->16409K(16512K) Class: 2660K(2752K)->2660K(2752K)
[570.117s][info][gc             ] GC(2033) Pause Young (Allocation Failure) 726M->617M(869M) 18.936ms
[570.117s][info][gc,cpu         ] GC(2033) User=0.04s Sys=0.00s Real=0.02s
[570.390s][info][gc,start       ] GC(2034) Pause Full (Allocation Failure)
[570.390s][info][gc,phases,start] GC(2034) Marking Phase
[570.734s][info][gc,phases      ] GC(2034) Marking Phase 344.004ms
[570.734s][info][gc,phases,start] GC(2034) Summary Phase
[570.734s][info][gc,phases      ] GC(2034) Summary Phase 0.025ms
[570.734s][info][gc,phases,start] GC(2034) Forward
[570.868s][info][gc,phases      ] GC(2034) Forward 134.528ms
[570.868s][info][gc,phases,start] GC(2034) Adjust Pointers
[571.130s][info][gc,phases      ] GC(2034) Adjust Pointers 261.524ms
[571.130s][info][gc,phases,start] GC(2034) Compaction Phase
[571.275s][info][gc,phases      ] GC(2034) Compaction Phase 144.927ms
[571.284s][info][gc,phases,start] GC(2034) Post Compact
[571.286s][info][gc,phases      ] GC(2034) Post Compact 2.227ms
[571.286s][info][gc,heap        ] GC(2034) PSYoungGen: 111680K(222720K)->0K(222720K) Eden: 111616K(111616K)->0K(111616K) From: 64K(111104K)->0K(111104K)
[571.286s][info][gc,heap        ] GC(2034) ParOldGen: 632453K(667648K)->468787K(667648K)
[571.286s][info][gc,metaspace   ] GC(2034) Metaspace: 19069K(19264K)->19069K(19264K) NonClass: 16409K(16512K)->16409K(16512K) Class: 2660K(2752K)->2660K(2752K)
[571.286s][info][gc             ] GC(2034) Pause Full (Allocation Failure) 726M->457M(869M) 896.926ms
[571.286s][info][gc,cpu         ] GC(2034) User=1.67s Sys=0.00s Real=0.90s
[571.494s][info][gc,start       ] GC(2035) Pause Young (Allocation Failure)
[571.496s][info][gc,heap        ] GC(2035) PSYoungGen: 111616K(222720K)->320K(222720K) Eden: 111616K(111616K)->0K(111616K) From: 0K(111104K)->320K(111104K)
[571.496s][info][gc,heap        ] GC(2035) ParOldGen: 468787K(667648K)->468787K(667648K)
[571.496s][info][gc,metaspace   ] GC(2035) Metaspace: 19069K(19264K)->19069K(19264K) NonClass: 16409K(16512K)->16409K(16512K) Class: 2660K(2752K)->2660K(2752K)
[571.496s][info][gc             ] GC(2035) Pause Young (Allocation Failure) 566M->458M(869M) 1.912ms
[571.496s][info][gc,cpu         ] GC(2035) User=0.00s Sys=0.00s Real=0.00s
[571.619s][info][gc,start       ] GC(2036) Pause Young (Allocation Failure)
[571.644s][info][gc,heap        ] GC(2036) PSYoungGen: 111936K(222720K)->32489K(209408K) Eden: 111616K(111616K)->0K(111616K) From: 320K(111104K)->32489K(97792K)
[571.644s][info][gc,heap        ] GC(2036) ParOldGen: 468787K(667648K)->468787K(667648K)
[571.644s][info][gc,metaspace   ] GC(2036) Metaspace: 19069K(19264K)->19069K(19264K) NonClass: 16409K(16512K)->16409K(16512K) Class: 2660K(2752K)->2660K(2752K)
[571.644s][info][gc             ] GC(2036) Pause Young (Allocation Failure) 567M->489M(856M) 25.239ms
[571.644s][info][gc,cpu         ] GC(2036) User=0.05s Sys=0.00s Real=0.03s
[571.760s][info][gc,start       ] GC(2037) Pause Young (Allocation Failure)
[571.811s][info][gc,heap        ] GC(2037) PSYoungGen: 144105K(209408K)->68825K(216064K) Eden: 111616K(111616K)->0K(111616K) From: 32489K(97792K)->68825K(104448K)
[571.811s][info][gc,heap        ] GC(2037) ParOldGen: 468787K(667648K)->468787K(667648K)
[571.811s][info][gc,metaspace   ] GC(2037) Metaspace: 19069K(19264K)->19069K(19264K) NonClass: 16409K(16512K)->16409K(16512K) Class: 2660K(2752K)->2660K(2752K)
[571.811s][info][gc             ] GC(2037) Pause Young (Allocation Failure) 598M->525M(863M) 50.956ms
[571.811s][info][gc,cpu         ] GC(2037) User=0.10s Sys=0.00s Real=0.05s
[571.929s][info][gc,start       ] GC(2038) Pause Young (Allocation Failure)
[571.975s][info][gc,heap        ] GC(2038) PSYoungGen: 180441K(216064K)->73769K(221696K) Eden: 111616K(111616K)->0K(111616K) From: 68825K(104448K)->73769K(110080K)
[571.975s][info][gc,heap        ] GC(2038) ParOldGen: 468787K(667648K)->469099K(667648K)
[571.975s][info][gc,metaspace   ] GC(2038) Metaspace: 19069K(19264K)->19069K(19264K) NonClass: 16409K(16512K)->16409K(16512K) Class: 2660K(2752K)->2660K(2752K)
[571.975s][info][gc             ] GC(2038) Pause Young (Allocation Failure) 634M->530M(868M) 46.368ms
[571.975s][info][gc,cpu         ] GC(2038) User=0.09s Sys=0.00s Real=0.05s
[572.022s][info][gc,start       ] GC(2039) Pause Young (Allocation Failure)
[572.091s][info][gc,heap        ] GC(2039) PSYoungGen: 185385K(221696K)->37152K(148992K) Eden: 111616K(111616K)->0K(111616K) From: 73769K(110080K)->37152K(37376K)
[572.091s][info][gc,heap        ] GC(2039) ParOldGen: 469099K(667648K)->538404K(667648K)
[572.091s][info][gc,metaspace   ] GC(2039) Metaspace: 19069K(19264K)->19069K(19264K) NonClass: 16409K(16512K)->16409K(16512K) Class: 2660K(2752K)->2660K(2752K)
[572.091s][info][gc             ] GC(2039) Pause Young (Allocation Failure) 639M->562M(797M) 68.960ms
[572.091s][info][gc,cpu         ] GC(2039) User=0.13s Sys=0.00s Real=0.07s
[572.182s][info][gc,start       ] GC(2040) Pause Young (Allocation Failure)
[572.252s][info][gc,heap        ] GC(2040) PSYoungGen: 148037K(148992K)->44256K(227328K) Eden: 110885K(111616K)->0K(118272K) From: 37152K(37376K)->44256K(109056K)
[572.252s][info][gc,heap        ] GC(2040) ParOldGen: 538404K(667648K)->575943K(667648K)
[572.252s][info][gc,metaspace   ] GC(2040) Metaspace: 19069K(19264K)->19069K(19264K) NonClass: 16409K(16512K)->16409K(16512K) Class: 2660K(2752K)->2660K(2752K)
[572.252s][info][gc             ] GC(2040) Pause Young (Allocation Failure) 670M->605M(874M) 70.706ms
[572.252s][info][gc,cpu         ] GC(2040) User=0.14s Sys=0.00s Real=0.07s
[572.380s][info][gc,start       ] GC(2041) Pause Young (Allocation Failure)
[572.434s][info][gc,heap        ] GC(2041) PSYoungGen: 162528K(227328K)->9760K(221696K) Eden: 118272K(118272K)->0K(118272K) From: 44256K(109056K)->9760K(103424K)
[572.434s][info][gc,heap        ] GC(2041) ParOldGen: 575943K(667648K)->620062K(667648K)
[572.434s][info][gc,metaspace   ] GC(2041) Metaspace: 19069K(19264K)->19069K(19264K) NonClass: 16409K(16512K)->16409K(16512K) Class: 2660K(2752K)->2660K(2752K)
[572.434s][info][gc             ] GC(2041) Pause Young (Allocation Failure) 721M->615M(868M) 54.462ms
[572.434s][info][gc,cpu         ] GC(2041) User=0.10s Sys=0.00s Real=0.06s
[572.574s][info][gc,start       ] GC(2042) Pause Full (Allocation Failure)
[572.574s][info][gc,phases,start] GC(2042) Marking Phase
[572.894s][info][gc,phases      ] GC(2042) Marking Phase 320.114ms
[572.894s][info][gc,phases,start] GC(2042) Summary Phase
[572.894s][info][gc,phases      ] GC(2042) Summary Phase 0.025ms
[572.894s][info][gc,phases,start] GC(2042) Forward
[573.017s][info][gc,phases      ] GC(2042) Forward 122.443ms
[573.017s][info][gc,phases,start] GC(2042) Adjust Pointers
[573.268s][info][gc,phases      ] GC(2042) Adjust Pointers 251.696ms
[573.269s][info][gc,phases,start] GC(2042) Compaction Phase
[573.405s][info][gc,phases      ] GC(2042) Compaction Phase 136.717ms
[573.416s][info][gc,phases,start] GC(2042) Post Compact
[573.419s][info][gc,phases      ] GC(2042) Post Compact 2.220ms
[573.419s][info][gc,heap        ] GC(2042) PSYoungGen: 128032K(221696K)->0K(224256K) Eden: 118272K(118272K)->0K(121344K) From: 9760K(103424K)->0K(102912K)
[573.419s][info][gc,heap        ] GC(2042) ParOldGen: 620062K(667648K)->472142K(667648K)
[573.419s][info][gc,metaspace   ] GC(2042) Metaspace: 19069K(19264K)->19069K(19264K) NonClass: 16409K(16512K)->16409K(16512K) Class: 2660K(2752K)->2660K(2752K)
[573.419s][info][gc             ] GC(2042) Pause Full (Allocation Failure) 730M->461M(871M) 844.716ms
[573.419s][info][gc,cpu         ] GC(2042) User=1.58s Sys=0.00s Real=0.84s
[573.574s][info][gc,start       ] GC(2043) Pause Young (Allocation Failure)
[573.592s][info][gc,heap        ] GC(2043) PSYoungGen: 121344K(224256K)->10688K(224256K) Eden: 121344K(121344K)->0K(121344K) From: 0K(102912K)->10688K(102912K)
[573.592s][info][gc,heap        ] GC(2043) ParOldGen: 472142K(667648K)->472142K(667648K)
[573.592s][info][gc,metaspace   ] GC(2043) Metaspace: 19069K(19264K)->19069K(19264K) NonClass: 16409K(16512K)->16409K(16512K) Class: 2660K(2752K)->2660K(2752K)
[573.592s][info][gc             ] GC(2043) Pause Young (Allocation Failure) 579M->471M(871M) 17.728ms
[573.592s][info][gc,cpu         ] GC(2043) User=0.04s Sys=0.00s Real=0.01s
[573.753s][info][gc,start       ] GC(2044) Pause Young (Allocation Failure)
[573.771s][info][gc,heap        ] GC(2044) PSYoungGen: 132032K(224256K)->64K(229888K) Eden: 121344K(121344K)->0K(128512K) From: 10688K(102912K)->64K(101376K)
[573.771s][info][gc,heap        ] GC(2044) ParOldGen: 472142K(667648K)->482798K(667648K)
[573.771s][info][gc,metaspace   ] GC(2044) Metaspace: 19069K(19264K)->19069K(19264K) NonClass: 16409K(16512K)->16409K(16512K) Class: 2660K(2752K)->2660K(2752K)
[573.771s][info][gc             ] GC(2044) Pause Young (Allocation Failure) 590M->471M(876M) 17.215ms
[573.771s][info][gc,cpu         ] GC(2044) User=0.03s Sys=0.00s Real=0.01s
[573.942s][info][gc,start       ] GC(2045) Pause Young (Allocation Failure)
[573.943s][info][gc,heap        ] GC(2045) PSYoungGen: 128576K(229888K)->64K(229376K) Eden: 128512K(128512K)->0K(128512K) From: 64K(101376K)->64K(100864K)
[573.943s][info][gc,heap        ] GC(2045) ParOldGen: 482798K(667648K)->482798K(667648K)
[573.943s][info][gc,metaspace   ] GC(2045) Metaspace: 19069K(19264K)->19069K(19264K) NonClass: 16409K(16512K)->16409K(16512K) Class: 2660K(2752K)->2660K(2752K)
[573.943s][info][gc             ] GC(2045) Pause Young (Allocation Failure) 597M->471M(876M) 1.682ms
[573.943s][info][gc,cpu         ] GC(2045) User=0.00s Sys=0.00s Real=0.01s
[574.114s][info][gc,start       ] GC(2046) Pause Young (Allocation Failure)
[574.115s][info][gc,heap        ] GC(2046) PSYoungGen: 128576K(229376K)->64K(230912K) Eden: 128512K(128512K)->0K(133632K) From: 64K(100864K)->64K(97280K)
[574.115s][info][gc,heap        ] GC(2046) ParOldGen: 482798K(667648K)->482798K(667648K)
[574.115s][info][gc,metaspace   ] GC(2046) Metaspace: 19069K(19264K)->19069K(19264K) NonClass: 16409K(16512K)->16409K(16512K) Class: 2660K(2752K)->2660K(2752K)
[574.116s][info][gc             ] GC(2046) Pause Young (Allocation Failure) 597M->471M(877M) 1.715ms
[574.116s][info][gc,cpu         ] GC(2046) User=0.01s Sys=0.00s Real=0.00s
[574.290s][info][gc,start       ] GC(2047) Pause Young (Allocation Failure)
[574.292s][info][gc,heap        ] GC(2047) PSYoungGen: 133696K(230912K)->64K(230912K) Eden: 133632K(133632K)->0K(133632K) From: 64K(97280K)->64K(97280K)
[574.292s][info][gc,heap        ] GC(2047) ParOldGen: 482798K(667648K)->482798K(667648K)
[574.292s][info][gc,metaspace   ] GC(2047) Metaspace: 19069K(19264K)->19069K(19264K) NonClass: 16409K(16512K)->16409K(16512K) Class: 2660K(2752K)->2660K(2752K)
[574.292s][info][gc             ] GC(2047) Pause Young (Allocation Failure) 602M->471M(877M) 1.637ms
[574.292s][info][gc,cpu         ] GC(2047) User=0.01s Sys=0.00s Real=0.00s
[574.465s][info][gc,start       ] GC(2048) Pause Young (Allocation Failure)
[574.467s][info][gc,heap        ] GC(2048) PSYoungGen: 133696K(230912K)->64K(229888K) Eden: 133632K(133632K)->0K(140288K) From: 64K(97280K)->64K(89600K)
[574.467s][info][gc,heap        ] GC(2048) ParOldGen: 482798K(667648K)->482798K(667648K)
[574.467s][info][gc,metaspace   ] GC(2048) Metaspace: 19069K(19264K)->19069K(19264K) NonClass: 16409K(16512K)->16409K(16512K) Class: 2660K(2752K)->2660K(2752K)
[574.467s][info][gc             ] GC(2048) Pause Young (Allocation Failure) 602M->471M(876M) 1.673ms
[574.467s][info][gc,cpu         ] GC(2048) User=0.00s Sys=0.00s Real=0.00s
[574.654s][info][gc,start       ] GC(2049) Pause Young (Allocation Failure)
[574.656s][info][gc,heap        ] GC(2049) PSYoungGen: 140352K(229888K)->64K(231936K) Eden: 140288K(140288K)->0K(140288K) From: 64K(89600K)->64K(91648K)
[574.656s][info][gc,heap        ] GC(2049) ParOldGen: 482798K(667648K)->482798K(667648K)
[574.656s][info][gc,metaspace   ] GC(2049) Metaspace: 19069K(19264K)->19069K(19264K) NonClass: 16409K(16512K)->16409K(16512K) Class: 2660K(2752K)->2660K(2752K)
[574.656s][info][gc             ] GC(2049) Pause Young (Allocation Failure) 608M->471M(878M) 1.664ms
[574.656s][info][gc,cpu         ] GC(2049) User=0.00s Sys=0.00s Real=0.00s
[574.842s][info][gc,start       ] GC(2050) Pause Young (Allocation Failure)
[574.844s][info][gc,heap        ] GC(2050) PSYoungGen: 140352K(231936K)->64K(224768K) Eden: 140288K(140288K)->0K(144896K) From: 64K(91648K)->64K(79872K)
[574.844s][info][gc,heap        ] GC(2050) ParOldGen: 482798K(667648K)->482798K(667648K)
[574.844s][info][gc,metaspace   ] GC(2050) Metaspace: 19069K(19264K)->19069K(19264K) NonClass: 16409K(16512K)->16409K(16512K) Class: 2660K(2752K)->2660K(2752K)
[574.844s][info][gc             ] GC(2050) Pause Young (Allocation Failure) 608M->471M(871M) 2.187ms
[574.844s][info][gc,cpu         ] GC(2050) User=0.00s Sys=0.00s Real=0.01s
[575.041s][info][gc,start       ] GC(2051) Pause Young (Allocation Failure)
[575.046s][info][gc,heap        ] GC(2051) PSYoungGen: 144960K(224768K)->32K(229376K) Eden: 144896K(144896K)->0K(144896K) From: 64K(79872K)->32K(84480K)
[575.046s][info][gc,heap        ] GC(2051) ParOldGen: 482798K(667648K)->482798K(667648K)
[575.046s][info][gc,metaspace   ] GC(2051) Metaspace: 19069K(19264K)->19069K(19264K) NonClass: 16409K(16512K)->16409K(16512K) Class: 2660K(2752K)->2660K(2752K)
[575.046s][info][gc             ] GC(2051) Pause Young (Allocation Failure) 613M->471M(876M) 4.911ms
[575.046s][info][gc,cpu         ] GC(2051) User=0.01s Sys=0.00s Real=0.01s
[575.197s][info][gc,start       ] GC(2052) Pause Young (Allocation Failure)
[575.220s][info][gc,heap        ] GC(2052) PSYoungGen: 144928K(229376K)->18048K(222720K) Eden: 144896K(144896K)->0K(151040K) From: 32K(84480K)->18048K(71680K)
[575.220s][info][gc,heap        ] GC(2052) ParOldGen: 482798K(667648K)->482798K(667648K)
[575.220s][info][gc,metaspace   ] GC(2052) Metaspace: 19069K(19264K)->19069K(19264K) NonClass: 16409K(16512K)->16409K(16512K) Class: 2660K(2752K)->2660K(2752K)
[575.220s][info][gc             ] GC(2052) Pause Young (Allocation Failure) 613M->489M(869M) 23.569ms
[575.220s][info][gc,cpu         ] GC(2052) User=0.04s Sys=0.00s Real=0.02s
[575.352s][info][gc,start       ] GC(2053) Pause Young (Allocation Failure)
[575.399s][info][gc,heap        ] GC(2053) PSYoungGen: 169088K(222720K)->45664K(226304K) Eden: 151040K(151040K)->0K(151040K) From: 18048K(71680K)->45664K(75264K)
[575.399s][info][gc,heap        ] GC(2053) ParOldGen: 482798K(667648K)->482798K(667648K)
[575.399s][info][gc,metaspace   ] GC(2053) Metaspace: 19069K(19264K)->19069K(19264K) NonClass: 16409K(16512K)->16409K(16512K) Class: 2660K(2752K)->2660K(2752K)
[575.399s][info][gc             ] GC(2053) Pause Young (Allocation Failure) 636M->516M(873M) 46.505ms
[575.399s][info][gc,cpu         ] GC(2053) User=0.09s Sys=0.00s Real=0.05s
[575.487s][info][gc,start       ] GC(2054) Pause Young (Allocation Failure)
[575.544s][info][gc,heap        ] GC(2054) PSYoungGen: 196704K(226304K)->57440K(232960K) Eden: 151040K(151040K)->0K(152576K) From: 45664K(75264K)->57440K(80384K)
[575.544s][info][gc,heap        ] GC(2054) ParOldGen: 482798K(667648K)->482798K(667648K)
[575.544s][info][gc,metaspace   ] GC(2054) Metaspace: 19069K(19264K)->19069K(19264K) NonClass: 16409K(16512K)->16409K(16512K) Class: 2660K(2752K)->2660K(2752K)
[575.544s][info][gc             ] GC(2054) Pause Young (Allocation Failure) 663M->527M(879M) 56.293ms
[575.544s][info][gc,cpu         ] GC(2054) User=0.11s Sys=0.00s Real=0.06s
[575.650s][info][gc,start       ] GC(2055) Pause Young (Allocation Failure)
[575.718s][info][gc,heap        ] GC(2055) PSYoungGen: 210016K(232960K)->71584K(224256K) Eden: 152576K(152576K)->0K(152576K) From: 57440K(80384K)->71584K(71680K)
[575.718s][info][gc,heap        ] GC(2055) ParOldGen: 482798K(667648K)->482798K(667648K)
[575.718s][info][gc,metaspace   ] GC(2055) Metaspace: 19069K(19264K)->19069K(19264K) NonClass: 16409K(16512K)->16409K(16512K) Class: 2660K(2752K)->2660K(2752K)
[575.718s][info][gc             ] GC(2055) Pause Young (Allocation Failure) 676M->541M(871M) 68.590ms
[575.718s][info][gc,cpu         ] GC(2055) User=0.14s Sys=0.00s Real=0.07s
[575.812s][info][gc,start       ] GC(2056) Pause Young (Allocation Failure)
[575.888s][info][gc,heap        ] GC(2056) PSYoungGen: 224160K(224256K)->76320K(211456K) Eden: 152576K(152576K)->0K(111616K) From: 71584K(71680K)->76320K(99840K)
[575.888s][info][gc,heap        ] GC(2056) ParOldGen: 482798K(667648K)->482798K(667648K)
[575.888s][info][gc,metaspace   ] GC(2056) Metaspace: 19069K(19264K)->19069K(19264K) NonClass: 16409K(16512K)->16409K(16512K) Class: 2660K(2752K)->2660K(2752K)
[575.888s][info][gc             ] GC(2056) Pause Young (Allocation Failure) 690M->546M(858M) 75.952ms
[575.888s][info][gc,cpu         ] GC(2056) User=0.15s Sys=0.01s Real=0.08s
[575.960s][info][gc,start       ] GC(2057) Pause Young (Allocation Failure)
[576.032s][info][gc,heap        ] GC(2057) PSYoungGen: 187936K(211456K)->76480K(222720K) Eden: 111616K(111616K)->0K(111616K) From: 76320K(99840K)->76480K(111104K)
[576.032s][info][gc,heap        ] GC(2057) ParOldGen: 482798K(667648K)->482798K(667648K)
[576.032s][info][gc,metaspace   ] GC(2057) Metaspace: 19069K(19264K)->19069K(19264K) NonClass: 16409K(16512K)->16409K(16512K) Class: 2660K(2752K)->2660K(2752K)
[576.032s][info][gc             ] GC(2057) Pause Young (Allocation Failure) 655M->546M(869M) 72.013ms
[576.032s][info][gc,cpu         ] GC(2057) User=0.14s Sys=0.00s Real=0.07s
[576.116s][info][gc,start       ] GC(2058) Pause Young (Allocation Failure)
[576.200s][info][gc,heap        ] GC(2058) PSYoungGen: 188096K(222720K)->88064K(222720K) Eden: 111616K(111616K)->0K(111616K) From: 76480K(111104K)->88064K(111104K)
[576.200s][info][gc,heap        ] GC(2058) ParOldGen: 482798K(667648K)->482798K(667648K)
[576.200s][info][gc,metaspace   ] GC(2058) Metaspace: 19069K(19264K)->19069K(19264K) NonClass: 16409K(16512K)->16409K(16512K) Class: 2660K(2752K)->2660K(2752K)
[576.200s][info][gc             ] GC(2058) Pause Young (Allocation Failure) 655M->557M(869M) 84.824ms
[576.200s][info][gc,cpu         ] GC(2058) User=0.17s Sys=0.00s Real=0.08s
[576.295s][info][gc,start       ] GC(2059) Pause Young (Allocation Failure)
[576.383s][info][gc,heap        ] GC(2059) PSYoungGen: 199680K(222720K)->90144K(222720K) Eden: 111616K(111616K)->0K(111616K) From: 88064K(111104K)->90144K(111104K)
[576.383s][info][gc,heap        ] GC(2059) ParOldGen: 482798K(667648K)->482798K(667648K)
[576.383s][info][gc,metaspace   ] GC(2059) Metaspace: 19069K(19264K)->19069K(19264K) NonClass: 16409K(16512K)->16409K(16512K) Class: 2660K(2752K)->2660K(2752K)
[576.383s][info][gc             ] GC(2059) Pause Young (Allocation Failure) 666M->559M(869M) 88.033ms
[576.383s][info][gc,cpu         ] GC(2059) User=0.17s Sys=0.00s Real=0.09s
[576.460s][info][gc,start       ] GC(2060) Pause Young (Allocation Failure)
[576.567s][info][gc,heap        ] GC(2060) PSYoungGen: 201760K(222720K)->91296K(222720K) Eden: 111616K(111616K)->0K(111616K) From: 90144K(111104K)->91296K(111104K)
[576.567s][info][gc,heap        ] GC(2060) ParOldGen: 482798K(667648K)->500846K(667648K)
[576.567s][info][gc,metaspace   ] GC(2060) Metaspace: 19069K(19264K)->19069K(19264K) NonClass: 16409K(16512K)->16409K(16512K) Class: 2660K(2752K)->2660K(2752K)
[576.567s][info][gc             ] GC(2060) Pause Young (Allocation Failure) 668M->578M(869M) 106.441ms
[576.567s][info][gc,cpu         ] GC(2060) User=0.21s Sys=0.00s Real=0.11s
[576.720s][info][gc,start       ] GC(2061) Pause Young (Allocation Failure)
[576.824s][info][gc,heap        ] GC(2061) PSYoungGen: 202912K(222720K)->69184K(222720K) Eden: 111616K(111616K)->0K(111616K) From: 91296K(111104K)->69184K(111104K)
[576.824s][info][gc,heap        ] GC(2061) ParOldGen: 500846K(667648K)->540342K(667648K)
[576.824s][info][gc,metaspace   ] GC(2061) Metaspace: 19069K(19264K)->19069K(19264K) NonClass: 16409K(16512K)->16409K(16512K) Class: 2660K(2752K)->2660K(2752K)
[576.824s][info][gc             ] GC(2061) Pause Young (Allocation Failure) 687M->595M(869M) 103.975ms
[576.824s][info][gc,cpu         ] GC(2061) User=0.21s Sys=0.00s Real=0.11s
[577.216s][info][gc,start       ] GC(2062) Pause Young (Allocation Failure)
[577.284s][info][gc,heap        ] GC(2062) PSYoungGen: 180800K(222720K)->50448K(222720K) Eden: 111616K(111616K)->0K(111616K) From: 69184K(111104K)->50448K(111104K)
[577.284s][info][gc,heap        ] GC(2062) ParOldGen: 540342K(667648K)->559286K(667648K)
[577.284s][info][gc,metaspace   ] GC(2062) Metaspace: 19069K(19264K)->19069K(19264K) NonClass: 16409K(16512K)->16409K(16512K) Class: 2660K(2752K)->2660K(2752K)
[577.284s][info][gc             ] GC(2062) Pause Young (Allocation Failure) 704M->595M(869M) 67.544ms
[577.284s][info][gc,cpu         ] GC(2062) User=0.13s Sys=0.00s Real=0.07s
[577.565s][info][gc,start       ] GC(2063) Pause Young (Allocation Failure)
[577.614s][info][gc,heap        ] GC(2063) PSYoungGen: 162064K(222720K)->38800K(222720K) Eden: 111616K(111616K)->0K(111616K) From: 50448K(111104K)->38800K(111104K)
[577.614s][info][gc,heap        ] GC(2063) ParOldGen: 559286K(667648K)->571062K(667648K)
[577.614s][info][gc,metaspace   ] GC(2063) Metaspace: 19069K(19264K)->19069K(19264K) NonClass: 16409K(16512K)->16409K(16512K) Class: 2660K(2752K)->2660K(2752K)
[577.614s][info][gc             ] GC(2063) Pause Young (Allocation Failure) 704M->595M(869M) 48.677ms
[577.614s][info][gc,cpu         ] GC(2063) User=0.10s Sys=0.00s Real=0.05s
[577.871s][info][gc,start       ] GC(2064) Pause Young (Allocation Failure)
[577.910s][info][gc,heap        ] GC(2064) PSYoungGen: 150416K(222720K)->17616K(222720K) Eden: 111616K(111616K)->0K(111616K) From: 38800K(111104K)->17616K(111104K)
[577.910s][info][gc,heap        ] GC(2064) ParOldGen: 571062K(667648K)->592326K(667648K)
[577.910s][info][gc,metaspace   ] GC(2064) Metaspace: 19069K(19264K)->19069K(19264K) NonClass: 16409K(16512K)->16409K(16512K) Class: 2660K(2752K)->2660K(2752K)
[577.910s][info][gc             ] GC(2064) Pause Young (Allocation Failure) 704M->595M(869M) 38.824ms
[577.910s][info][gc,cpu         ] GC(2064) User=0.08s Sys=0.00s Real=0.04s
[578.166s][info][gc,start       ] GC(2065) Pause Young (Allocation Failure)
[578.186s][info][gc,heap        ] GC(2065) PSYoungGen: 129232K(222720K)->128K(222720K) Eden: 111616K(111616K)->0K(111616K) From: 17616K(111104K)->128K(111104K)
[578.186s][info][gc,heap        ] GC(2065) ParOldGen: 592326K(667648K)->609839K(667648K)
[578.186s][info][gc,metaspace   ] GC(2065) Metaspace: 19069K(19264K)->19069K(19264K) NonClass: 16409K(16512K)->16409K(16512K) Class: 2660K(2752K)->2660K(2752K)
[578.186s][info][gc             ] GC(2065) Pause Young (Allocation Failure) 704M->595M(869M) 19.303ms
[578.186s][info][gc,cpu         ] GC(2065) User=0.03s Sys=0.00s Real=0.02s
[578.455s][info][gc,start       ] GC(2066) Pause Young (Allocation Failure)
[578.458s][info][gc,heap        ] GC(2066) PSYoungGen: 111744K(222720K)->64K(222720K) Eden: 111616K(111616K)->0K(111616K) From: 128K(111104K)->64K(111104K)
[578.458s][info][gc,heap        ] GC(2066) ParOldGen: 609839K(667648K)->609935K(667648K)
[578.458s][info][gc,metaspace   ] GC(2066) Metaspace: 19069K(19264K)->19069K(19264K) NonClass: 16409K(16512K)->16409K(16512K) Class: 2660K(2752K)->2660K(2752K)
[578.458s][info][gc             ] GC(2066) Pause Young (Allocation Failure) 704M->595M(869M) 2.354ms
[578.458s][info][gc,cpu         ] GC(2066) User=0.00s Sys=0.00s Real=0.00s
[578.727s][info][gc,start       ] GC(2067) Pause Young (Allocation Failure)
[578.729s][info][gc,heap        ] GC(2067) PSYoungGen: 111680K(222720K)->64K(222720K) Eden: 111616K(111616K)->0K(111616K) From: 64K(111104K)->64K(111104K)
[578.729s][info][gc,heap        ] GC(2067) ParOldGen: 609935K(667648K)->609951K(667648K)
[578.729s][info][gc,metaspace   ] GC(2067) Metaspace: 19069K(19264K)->19069K(19264K) NonClass: 16409K(16512K)->16409K(16512K) Class: 2660K(2752K)->2660K(2752K)
[578.729s][info][gc             ] GC(2067) Pause Young (Allocation Failure) 704M->595M(869M) 1.969ms
[578.729s][info][gc,cpu         ] GC(2067) User=0.00s Sys=0.00s Real=0.00s
[579.001s][info][gc,start       ] GC(2068) Pause Young (Allocation Failure)
[579.003s][info][gc,heap        ] GC(2068) PSYoungGen: 111680K(222720K)->64K(222720K) Eden: 111616K(111616K)->0K(111616K) From: 64K(111104K)->64K(111104K)
[579.003s][info][gc,heap        ] GC(2068) ParOldGen: 609951K(667648K)->609967K(667648K)
[579.003s][info][gc,metaspace   ] GC(2068) Metaspace: 19069K(19264K)->19069K(19264K) NonClass: 16409K(16512K)->16409K(16512K) Class: 2660K(2752K)->2660K(2752K)
[579.003s][info][gc             ] GC(2068) Pause Young (Allocation Failure) 704M->595M(869M) 1.955ms
[579.003s][info][gc,cpu         ] GC(2068) User=0.00s Sys=0.00s Real=0.00s
[579.235s][info][gc,start       ] GC(2069) Pause Young (Allocation Failure)
[579.237s][info][gc,heap        ] GC(2069) PSYoungGen: 111680K(222720K)->64K(222720K) Eden: 111616K(111616K)->0K(111616K) From: 64K(111104K)->64K(111104K)
[579.237s][info][gc,heap        ] GC(2069) ParOldGen: 609967K(667648K)->609983K(667648K)
[579.237s][info][gc,metaspace   ] GC(2069) Metaspace: 19069K(19264K)->19069K(19264K) NonClass: 16409K(16512K)->16409K(16512K) Class: 2660K(2752K)->2660K(2752K)
[579.238s][info][gc             ] GC(2069) Pause Young (Allocation Failure) 704M->595M(869M) 2.137ms
[579.238s][info][gc,cpu         ] GC(2069) User=0.01s Sys=0.00s Real=0.00s
[579.517s][info][gc,start       ] GC(2070) Pause Young (Allocation Failure)
[579.519s][info][gc,heap        ] GC(2070) PSYoungGen: 111680K(222720K)->192K(222720K) Eden: 111616K(111616K)->0K(111616K) From: 64K(111104K)->192K(111104K)
[579.519s][info][gc,heap        ] GC(2070) ParOldGen: 609983K(667648K)->609999K(667648K)
[579.519s][info][gc,metaspace   ] GC(2070) Metaspace: 19069K(19264K)->19069K(19264K) NonClass: 16409K(16512K)->16409K(16512K) Class: 2660K(2752K)->2660K(2752K)
[579.519s][info][gc             ] GC(2070) Pause Young (Allocation Failure) 704M->595M(869M) 2.352ms
[579.519s][info][gc,cpu         ] GC(2070) User=0.01s Sys=0.00s Real=0.00s
[579.702s][info][gc,start       ] GC(2071) Pause Young (Allocation Failure)
[579.711s][info][gc,heap        ] GC(2071) PSYoungGen: 111808K(222720K)->10384K(122368K) Eden: 111616K(111616K)->0K(111616K) From: 192K(111104K)->10384K(10752K)
[579.712s][info][gc,heap        ] GC(2071) ParOldGen: 609999K(667648K)->610159K(667648K)
[579.712s][info][gc,metaspace   ] GC(2071) Metaspace: 19069K(19264K)->19069K(19264K) NonClass: 16409K(16512K)->16409K(16512K) Class: 2660K(2752K)->2660K(2752K)
[579.712s][info][gc             ] GC(2071) Pause Young (Allocation Failure) 704M->605M(771M) 9.933ms
[579.712s][info][gc,cpu         ] GC(2071) User=0.02s Sys=0.00s Real=0.01s
[579.766s][info][gc,start       ] GC(2072) Pause Young (Allocation Failure)
[579.802s][info][gc,heap        ] GC(2072) PSYoungGen: 122000K(122368K)->48224K(218624K) Eden: 111616K(111616K)->0K(111104K) From: 10384K(10752K)->48224K(107520K)
[579.802s][info][gc,heap        ] GC(2072) ParOldGen: 610159K(667648K)->610159K(667648K)
[579.802s][info][gc,metaspace   ] GC(2072) Metaspace: 19069K(19264K)->19069K(19264K) NonClass: 16409K(16512K)->16409K(16512K) Class: 2660K(2752K)->2660K(2752K)
[579.802s][info][gc             ] GC(2072) Pause Young (Allocation Failure) 714M->642M(865M) 35.844ms
[579.802s][info][gc,cpu         ] GC(2072) User=0.07s Sys=0.00s Real=0.03s
[579.908s][info][gc,start       ] GC(2073) Pause Young (Allocation Failure)
[579.965s][info][gc,heap        ] GC(2073) PSYoungGen: 159328K(218624K)->86864K(219136K) Eden: 111104K(111104K)->0K(111104K) From: 48224K(107520K)->86864K(108032K)
[579.965s][info][gc,heap        ] GC(2073) ParOldGen: 610159K(667648K)->610159K(667648K)
[579.965s][info][gc,metaspace   ] GC(2073) Metaspace: 19069K(19264K)->19069K(19264K) NonClass: 16409K(16512K)->16409K(16512K) Class: 2660K(2752K)->2660K(2752K)
[579.965s][info][gc             ] GC(2073) Pause Young (Allocation Failure) 751M->680M(866M) 56.326ms
[579.965s][info][gc,cpu         ] GC(2073) User=0.11s Sys=0.00s Real=0.06s
[580.024s][info][gc,start       ] GC(2074) Pause Young (Allocation Failure)
[580.104s][info][gc,heap        ] GC(2074) PSYoungGen: 197968K(219136K)->76816K(222720K) Eden: 111104K(111104K)->0K(111616K) From: 86864K(108032K)->76816K(111104K)
[580.104s][info][gc,heap        ] GC(2074) ParOldGen: 610159K(667648K)->658903K(667648K)
[580.104s][info][gc,metaspace   ] GC(2074) Metaspace: 19069K(19264K)->19069K(19264K) NonClass: 16409K(16512K)->16409K(16512K) Class: 2660K(2752K)->2660K(2752K)
[580.104s][info][gc             ] GC(2074) Pause Young (Allocation Failure) 789M->718M(869M) 80.151ms
[580.104s][info][gc,cpu         ] GC(2074) User=0.16s Sys=0.00s Real=0.08s
[580.152s][info][gc,start       ] GC(2075) Pause Full (Allocation Failure)
[580.152s][info][gc,phases,start] GC(2075) Marking Phase
[580.495s][info][gc,phases      ] GC(2075) Marking Phase 343.580ms
[580.495s][info][gc,phases,start] GC(2075) Summary Phase
[580.495s][info][gc,phases      ] GC(2075) Summary Phase 0.028ms
[580.495s][info][gc,phases,start] GC(2075) Forward
[580.645s][info][gc,phases      ] GC(2075) Forward 149.869ms
[580.645s][info][gc,phases,start] GC(2075) Adjust Pointers
[580.902s][info][gc,phases      ] GC(2075) Adjust Pointers 256.912ms
[580.902s][info][gc,phases,start] GC(2075) Compaction Phase
[581.062s][info][gc,phases      ] GC(2075) Compaction Phase 159.198ms
[581.069s][info][gc,phases,start] GC(2075) Post Compact
[581.071s][info][gc,phases      ] GC(2075) Post Compact 2.446ms
[581.071s][info][gc,heap        ] GC(2075) PSYoungGen: 188432K(222720K)->0K(222720K) Eden: 111616K(111616K)->0K(111616K) From: 76816K(111104K)->0K(111104K)
[581.071s][info][gc,heap        ] GC(2075) ParOldGen: 658903K(667648K)->509474K(667648K)
[581.071s][info][gc,metaspace   ] GC(2075) Metaspace: 19069K(19264K)->19069K(19264K) NonClass: 16409K(16512K)->16409K(16512K) Class: 2660K(2752K)->2660K(2752K)
[581.071s][info][gc             ] GC(2075) Pause Full (Allocation Failure) 827M->497M(869M) 919.808ms
[581.071s][info][gc,cpu         ] GC(2075) User=1.69s Sys=0.01s Real=0.92s
[581.201s][info][gc,start       ] GC(2076) Pause Young (Allocation Failure)
[581.223s][info][gc,heap        ] GC(2076) PSYoungGen: 111616K(222720K)->6912K(222720K) Eden: 111616K(111616K)->0K(111616K) From: 0K(111104K)->6912K(111104K)
[581.223s][info][gc,heap        ] GC(2076) ParOldGen: 509474K(667648K)->509474K(667648K)
[581.223s][info][gc,metaspace   ] GC(2076) Metaspace: 19076K(19264K)->19076K(19264K) NonClass: 16416K(16512K)->16416K(16512K) Class: 2660K(2752K)->2660K(2752K)
[581.223s][info][gc             ] GC(2076) Pause Young (Allocation Failure) 606M->504M(869M) 21.194ms
[581.223s][info][gc,cpu         ] GC(2076) User=0.04s Sys=0.00s Real=0.02s
[581.330s][info][gc,start       ] GC(2077) Pause Young (Allocation Failure)
[581.360s][info][gc,heap        ] GC(2077) PSYoungGen: 118528K(222720K)->12256K(222720K) Eden: 111616K(111616K)->0K(111616K) From: 6912K(111104K)->12256K(111104K)
[581.360s][info][gc,heap        ] GC(2077) ParOldGen: 509474K(667648K)->516130K(667648K)
[581.360s][info][gc,metaspace   ] GC(2077) Metaspace: 19076K(19264K)->19076K(19264K) NonClass: 16416K(16512K)->16416K(16512K) Class: 2660K(2752K)->2660K(2752K)
[581.360s][info][gc             ] GC(2077) Pause Young (Allocation Failure) 613M->516M(869M) 30.955ms
[581.360s][info][gc,cpu         ] GC(2077) User=0.06s Sys=0.00s Real=0.03s
[581.473s][info][gc,start       ] GC(2078) Pause Young (Allocation Failure)
[581.489s][info][gc,heap        ] GC(2078) PSYoungGen: 123872K(222720K)->160K(222720K) Eden: 111616K(111616K)->0K(111616K) From: 12256K(111104K)->160K(111104K)
[581.489s][info][gc,heap        ] GC(2078) ParOldGen: 516130K(667648K)->528370K(667648K)
[581.489s][info][gc,metaspace   ] GC(2078) Metaspace: 19076K(19264K)->19076K(19264K) NonClass: 16416K(16512K)->16416K(16512K) Class: 2660K(2752K)->2660K(2752K)
[581.489s][info][gc             ] GC(2078) Pause Young (Allocation Failure) 625M->516M(869M) 16.639ms
[581.489s][info][gc,cpu         ] GC(2078) User=0.03s Sys=0.00s Real=0.02s
[581.600s][info][gc,start       ] GC(2079) Pause Young (Allocation Failure)
[581.602s][info][gc,heap        ] GC(2079) PSYoungGen: 111776K(222720K)->160K(222720K) Eden: 111616K(111616K)->0K(111616K) From: 160K(111104K)->160K(111104K)
[581.602s][info][gc,heap        ] GC(2079) ParOldGen: 528370K(667648K)->528482K(667648K)
[581.602s][info][gc,metaspace   ] GC(2079) Metaspace: 19076K(19264K)->19076K(19264K) NonClass: 16416K(16512K)->16416K(16512K) Class: 2660K(2752K)->2660K(2752K)
[581.602s][info][gc             ] GC(2079) Pause Young (Allocation Failure) 625M->516M(869M) 2.311ms
[581.602s][info][gc,cpu         ] GC(2079) User=0.00s Sys=0.00s Real=0.00s
[581.714s][info][gc,start       ] GC(2080) Pause Young (Allocation Failure)
[581.716s][info][gc,heap        ] GC(2080) PSYoungGen: 111776K(222720K)->96K(217600K) Eden: 111616K(111616K)->0K(111616K) From: 160K(111104K)->96K(105984K)
[581.716s][info][gc,heap        ] GC(2080) ParOldGen: 528482K(667648K)->528610K(667648K)
[581.716s][info][gc,metaspace   ] GC(2080) Metaspace: 19076K(19264K)->19076K(19264K) NonClass: 16416K(16512K)->16416K(16512K) Class: 2660K(2752K)->2660K(2752K)
[581.716s][info][gc             ] GC(2080) Pause Young (Allocation Failure) 625M->516M(864M) 2.183ms
[581.716s][info][gc,cpu         ] GC(2080) User=0.01s Sys=0.00s Real=0.00s
[581.826s][info][gc,start       ] GC(2081) Pause Young (Allocation Failure)
[581.828s][info][gc,heap        ] GC(2081) PSYoungGen: 111712K(217600K)->192K(220160K) Eden: 111616K(111616K)->0K(111616K) From: 96K(105984K)->192K(108544K)
[581.829s][info][gc,heap        ] GC(2081) ParOldGen: 528610K(667648K)->528610K(667648K)
[581.829s][info][gc,metaspace   ] GC(2081) Metaspace: 19076K(19264K)->19076K(19264K) NonClass: 16416K(16512K)->16416K(16512K) Class: 2660K(2752K)->2660K(2752K)
[581.829s][info][gc             ] GC(2081) Pause Young (Allocation Failure) 625M->516M(867M) 2.096ms
[581.829s][info][gc,cpu         ] GC(2081) User=0.00s Sys=0.00s Real=0.00s
[581.938s][info][gc,start       ] GC(2082) Pause Young (Allocation Failure)
[581.941s][info][gc,heap        ] GC(2082) PSYoungGen: 111808K(220160K)->256K(210432K) Eden: 111616K(111616K)->0K(117760K) From: 192K(108544K)->256K(92672K)
[581.941s][info][gc,heap        ] GC(2082) ParOldGen: 528610K(667648K)->528610K(667648K)
[581.941s][info][gc,metaspace   ] GC(2082) Metaspace: 19076K(19264K)->19076K(19264K) NonClass: 16416K(16512K)->16416K(16512K) Class: 2660K(2752K)->2660K(2752K)
[581.941s][info][gc             ] GC(2082) Pause Young (Allocation Failure) 625M->516M(857M) 2.378ms
[581.941s][info][gc,cpu         ] GC(2082) User=0.00s Sys=0.00s Real=0.00s
[582.062s][info][gc,start       ] GC(2083) Pause Young (Allocation Failure)
[582.064s][info][gc,heap        ] GC(2083) PSYoungGen: 118016K(210432K)->384K(216576K) Eden: 117760K(117760K)->0K(117760K) From: 256K(92672K)->384K(98816K)
[582.064s][info][gc,heap        ] GC(2083) ParOldGen: 528610K(667648K)->528610K(667648K)
[582.064s][info][gc,metaspace   ] GC(2083) Metaspace: 19076K(19264K)->19076K(19264K) NonClass: 16416K(16512K)->16416K(16512K) Class: 2660K(2752K)->2660K(2752K)
[582.064s][info][gc             ] GC(2083) Pause Young (Allocation Failure) 631M->516M(863M) 2.586ms
[582.064s][info][gc,cpu         ] GC(2083) User=0.01s Sys=0.00s Real=0.01s
[582.183s][info][gc,start       ] GC(2084) Pause Young (Allocation Failure)
[582.187s][info][gc,heap        ] GC(2084) PSYoungGen: 118144K(216576K)->448K(205312K) Eden: 117760K(117760K)->0K(122368K) From: 384K(98816K)->448K(82944K)
[582.187s][info][gc,heap        ] GC(2084) ParOldGen: 528610K(667648K)->528610K(667648K)
[582.187s][info][gc,metaspace   ] GC(2084) Metaspace: 19076K(19264K)->19076K(19264K) NonClass: 16416K(16512K)->16416K(16512K) Class: 2660K(2752K)->2660K(2752K)
[582.187s][info][gc             ] GC(2084) Pause Young (Allocation Failure) 631M->516M(852M) 3.225ms
[582.187s][info][gc,cpu         ] GC(2084) User=0.01s Sys=0.00s Real=0.00s
[582.330s][info][gc,start       ] GC(2085) Pause Young (Allocation Failure)
[582.341s][info][gc,heap        ] GC(2085) PSYoungGen: 122816K(205312K)->3776K(211456K) Eden: 122368K(122368K)->0K(122368K) From: 448K(82944K)->3776K(89088K)
[582.341s][info][gc,heap        ] GC(2085) ParOldGen: 528610K(667648K)->528610K(667648K)
[582.341s][info][gc,metaspace   ] GC(2085) Metaspace: 19079K(19264K)->19079K(19264K) NonClass: 16419K(16512K)->16419K(16512K) Class: 2660K(2752K)->2660K(2752K)
[582.341s][info][gc             ] GC(2085) Pause Young (Allocation Failure) 636M->519M(858M) 10.998ms
[582.341s][info][gc,cpu         ] GC(2085) User=0.02s Sys=0.00s Real=0.01s
[582.489s][info][gc,start       ] GC(2086) Pause Young (Allocation Failure)
[582.528s][info][gc,heap        ] GC(2086) PSYoungGen: 126144K(211456K)->19426K(206336K) Eden: 122368K(122368K)->0K(130048K) From: 3776K(89088K)->19426K(76288K)
[582.528s][info][gc,heap        ] GC(2086) ParOldGen: 528610K(667648K)->528610K(667648K)
[582.528s][info][gc,metaspace   ] GC(2086) Metaspace: 19079K(19264K)->19079K(19264K) NonClass: 16419K(16512K)->16419K(16512K) Class: 2660K(2752K)->2660K(2752K)
[582.528s][info][gc             ] GC(2086) Pause Young (Allocation Failure) 639M->535M(853M) 38.924ms
[582.528s][info][gc,cpu         ] GC(2086) User=0.07s Sys=0.00s Real=0.04s
[582.702s][info][gc,start       ] GC(2087) Pause Young (Allocation Failure)
[582.737s][info][gc,heap        ] GC(2087) PSYoungGen: 149474K(206336K)->19426K(208896K) Eden: 130048K(130048K)->0K(130048K) From: 19426K(76288K)->19426K(78848K)
[582.737s][info][gc,heap        ] GC(2087) ParOldGen: 528610K(667648K)->528610K(667648K)
[582.737s][info][gc,metaspace   ] GC(2087) Metaspace: 19079K(19264K)->19079K(19264K) NonClass: 16419K(16512K)->16419K(16512K) Class: 2660K(2752K)->2660K(2752K)
[582.737s][info][gc             ] GC(2087) Pause Young (Allocation Failure) 662M->535M(856M) 34.920ms
[582.737s][info][gc,cpu         ] GC(2087) User=0.07s Sys=0.00s Real=0.04s
[582.906s][info][gc,start       ] GC(2088) Pause Young (Allocation Failure)
[582.938s][info][gc,heap        ] GC(2088) PSYoungGen: 149474K(208896K)->19416K(206336K) Eden: 130048K(130048K)->0K(139776K) From: 19426K(78848K)->19416K(66560K)
[582.938s][info][gc,heap        ] GC(2088) ParOldGen: 528610K(667648K)->528610K(667648K)
[582.938s][info][gc,metaspace   ] GC(2088) Metaspace: 19079K(19264K)->19079K(19264K) NonClass: 16419K(16512K)->16419K(16512K) Class: 2660K(2752K)->2660K(2752K)
[582.938s][info][gc             ] GC(2088) Pause Young (Allocation Failure) 662M->535M(853M) 32.938ms
[582.938s][info][gc,cpu         ] GC(2088) User=0.06s Sys=0.01s Real=0.03s
[583.111s][info][gc,start       ] GC(2089) Pause Young (Allocation Failure)
[583.143s][info][gc,heap        ] GC(2089) PSYoungGen: 159192K(206336K)->19384K(209920K) Eden: 139776K(139776K)->0K(139776K) From: 19416K(66560K)->19384K(70144K)
[583.143s][info][gc,heap        ] GC(2089) ParOldGen: 528610K(667648K)->528610K(667648K)
[583.143s][info][gc,metaspace   ] GC(2089) Metaspace: 19079K(19264K)->19079K(19264K) NonClass: 16419K(16512K)->16419K(16512K) Class: 2660K(2752K)->2660K(2752K)
[583.143s][info][gc             ] GC(2089) Pause Young (Allocation Failure) 671M->535M(857M) 31.905ms
[583.143s][info][gc,cpu         ] GC(2089) User=0.06s Sys=0.00s Real=0.03s
[583.317s][info][gc,start       ] GC(2090) Pause Young (Allocation Failure)
[583.349s][info][gc,heap        ] GC(2090) PSYoungGen: 159160K(209920K)->19426K(210432K) Eden: 139776K(139776K)->0K(151040K) From: 19384K(70144K)->19426K(59392K)
[583.349s][info][gc,heap        ] GC(2090) ParOldGen: 528610K(667648K)->528610K(667648K)
[583.349s][info][gc,metaspace   ] GC(2090) Metaspace: 19079K(19264K)->19079K(19264K) NonClass: 16419K(16512K)->16419K(16512K) Class: 2660K(2752K)->2660K(2752K)
[583.349s][info][gc             ] GC(2090) Pause Young (Allocation Failure) 671M->535M(857M) 32.380ms
[583.349s][info][gc,cpu         ] GC(2090) User=0.06s Sys=0.00s Real=0.03s
[583.502s][info][gc,start       ] GC(2091) Pause Young (Allocation Failure)
[583.552s][info][gc,heap        ] GC(2091) PSYoungGen: 170466K(210432K)->36930K(213504K) Eden: 151040K(151040K)->0K(151040K) From: 19426K(59392K)->36930K(62464K)
[583.552s][info][gc,heap        ] GC(2091) ParOldGen: 528610K(667648K)->528610K(667648K)
[583.552s][info][gc,metaspace   ] GC(2091) Metaspace: 19079K(19264K)->19079K(19264K) NonClass: 16419K(16512K)->16419K(16512K) Class: 2660K(2752K)->2660K(2752K)
[583.552s][info][gc             ] GC(2091) Pause Young (Allocation Failure) 682M->552M(860M) 50.247ms
[583.552s][info][gc,cpu         ] GC(2091) User=0.10s Sys=0.00s Real=0.05s
[583.697s][info][gc,start       ] GC(2092) Pause Young (Allocation Failure)
[583.770s][info][gc,heap        ] GC(2092) PSYoungGen: 187970K(213504K)->54690K(221184K) Eden: 151040K(151040K)->0K(155648K) From: 36930K(62464K)->54690K(65536K)
[583.770s][info][gc,heap        ] GC(2092) ParOldGen: 528610K(667648K)->528610K(667648K)
[583.770s][info][gc,metaspace   ] GC(2092) Metaspace: 19079K(19264K)->19079K(19264K) NonClass: 16419K(16512K)->16419K(16512K) Class: 2660K(2752K)->2660K(2752K)
[583.770s][info][gc             ] GC(2092) Pause Young (Allocation Failure) 699M->569M(868M) 72.699ms
[583.770s][info][gc,cpu         ] GC(2092) User=0.14s Sys=0.00s Real=0.07s
[583.886s][info][gc,start       ] GC(2093) Pause Young (Allocation Failure)
[583.957s][info][gc,heap        ] GC(2093) PSYoungGen: 210338K(221184K)->56066K(229888K) Eden: 155648K(155648K)->0K(155648K) From: 54690K(65536K)->56066K(74240K)
[583.957s][info][gc,heap        ] GC(2093) ParOldGen: 528610K(667648K)->528690K(667648K)
[583.957s][info][gc,metaspace   ] GC(2093) Metaspace: 19079K(19264K)->19079K(19264K) NonClass: 16419K(16512K)->16419K(16512K) Class: 2660K(2752K)->2660K(2752K)
[583.957s][info][gc             ] GC(2093) Pause Young (Allocation Failure) 721M->571M(876M) 71.495ms
[583.957s][info][gc,cpu         ] GC(2093) User=0.14s Sys=0.00s Real=0.07s
[584.109s][info][gc,start       ] GC(2094) Pause Young (Allocation Failure)
[584.193s][info][gc,heap        ] GC(2094) PSYoungGen: 211714K(229888K)->59330K(238080K) Eden: 155648K(155648K)->0K(156672K) From: 56066K(74240K)->59330K(81408K)
[584.193s][info][gc,heap        ] GC(2094) ParOldGen: 528690K(667648K)->528866K(667648K)
[584.193s][info][gc,metaspace   ] GC(2094) Metaspace: 19079K(19264K)->19079K(19264K) NonClass: 16419K(16512K)->16419K(16512K) Class: 2660K(2752K)->2660K(2752K)
[584.193s][info][gc             ] GC(2094) Pause Young (Allocation Failure) 723M->574M(884M) 84.388ms
[584.193s][info][gc,cpu         ] GC(2094) User=0.15s Sys=0.02s Real=0.08s
[584.311s][info][gc,start       ] GC(2095) Pause Young (Allocation Failure)
[584.390s][info][gc,heap        ] GC(2095) PSYoungGen: 216002K(238080K)->63352K(220160K) Eden: 156672K(156672K)->0K(156672K) From: 59330K(81408K)->63352K(63488K)
[584.390s][info][gc,heap        ] GC(2095) ParOldGen: 528866K(667648K)->529026K(667648K)
[584.390s][info][gc,metaspace   ] GC(2095) Metaspace: 19079K(19264K)->19079K(19264K) NonClass: 16419K(16512K)->16419K(16512K) Class: 2660K(2752K)->2660K(2752K)
[584.390s][info][gc             ] GC(2095) Pause Young (Allocation Failure) 727M->578M(867M) 79.039ms
[584.390s][info][gc,cpu         ] GC(2095) User=0.16s Sys=0.00s Real=0.08s
[584.541s][info][gc,start       ] GC(2096) Pause Young (Allocation Failure)
[584.648s][info][gc,heap        ] GC(2096) PSYoungGen: 220024K(220160K)->75232K(219136K) Eden: 156672K(156672K)->0K(123904K) From: 63352K(63488K)->75232K(95232K)
[584.648s][info][gc,heap        ] GC(2096) ParOldGen: 529026K(667648K)->548051K(667648K)
[584.648s][info][gc,metaspace   ] GC(2096) Metaspace: 19079K(19264K)->19079K(19264K) NonClass: 16419K(16512K)->16419K(16512K) Class: 2660K(2752K)->2660K(2752K)
[584.648s][info][gc             ] GC(2096) Pause Young (Allocation Failure) 731M->608M(866M) 107.274ms
[584.648s][info][gc,cpu         ] GC(2096) User=0.21s Sys=0.00s Real=0.11s
[584.747s][info][gc,start       ] GC(2097) Pause Young (Allocation Failure)
[584.841s][info][gc,heap        ] GC(2097) PSYoungGen: 199136K(219136K)->97728K(221696K) Eden: 123904K(123904K)->0K(123904K) From: 75232K(95232K)->97728K(97792K)
[584.841s][info][gc,heap        ] GC(2097) ParOldGen: 548051K(667648K)->548051K(667648K)
[584.842s][info][gc,metaspace   ] GC(2097) Metaspace: 19079K(19264K)->19079K(19264K) NonClass: 16419K(16512K)->16419K(16512K) Class: 2660K(2752K)->2660K(2752K)
[584.842s][info][gc             ] GC(2097) Pause Young (Allocation Failure) 729M->630M(868M) 94.096ms
[584.842s][info][gc,cpu         ] GC(2097) User=0.19s Sys=0.00s Real=0.09s
[584.944s][info][gc,start       ] GC(2098) Pause Young (Allocation Failure)
[585.058s][info][gc,heap        ] GC(2098) PSYoungGen: 221632K(221696K)->105392K(222720K) Eden: 123904K(123904K)->0K(111616K) From: 97728K(97792K)->105392K(111104K)
[585.058s][info][gc,heap        ] GC(2098) ParOldGen: 548051K(667648K)->548051K(667648K)
[585.058s][info][gc,metaspace   ] GC(2098) Metaspace: 19079K(19264K)->19079K(19264K) NonClass: 16419K(16512K)->16419K(16512K) Class: 2660K(2752K)->2660K(2752K)
[585.058s][info][gc             ] GC(2098) Pause Young (Allocation Failure) 751M->638M(869M) 114.235ms
[585.058s][info][gc,cpu         ] GC(2098) User=0.22s Sys=0.01s Real=0.11s
[585.208s][info][gc,start       ] GC(2099) Pause Young (Allocation Failure)
[585.310s][info][gc,heap        ] GC(2099) PSYoungGen: 217008K(222720K)->71968K(222720K) Eden: 111616K(111616K)->0K(111616K) From: 105392K(111104K)->71968K(111104K)
[585.310s][info][gc,heap        ] GC(2099) ParOldGen: 548051K(667648K)->583427K(667648K)
[585.310s][info][gc,metaspace   ] GC(2099) Metaspace: 19079K(19264K)->19079K(19264K) NonClass: 16419K(16512K)->16419K(16512K) Class: 2660K(2752K)->2660K(2752K)
[585.310s][info][gc             ] GC(2099) Pause Young (Allocation Failure) 747M->640M(869M) 102.092ms
[585.310s][info][gc,cpu         ] GC(2099) User=0.21s Sys=0.00s Real=0.10s
[585.452s][info][gc,start       ] GC(2100) Pause Young (Allocation Failure)
[585.527s][info][gc,heap        ] GC(2100) PSYoungGen: 183584K(222720K)->71360K(222720K) Eden: 111616K(111616K)->0K(111616K) From: 71968K(111104K)->71360K(111104K)
[585.527s][info][gc,heap        ] GC(2100) ParOldGen: 583427K(667648K)->588339K(667648K)
[585.527s][info][gc,metaspace   ] GC(2100) Metaspace: 19079K(19264K)->19079K(19264K) NonClass: 16419K(16512K)->16419K(16512K) Class: 2660K(2752K)->2660K(2752K)
[585.527s][info][gc             ] GC(2100) Pause Young (Allocation Failure) 749M->644M(869M) 74.568ms
[585.527s][info][gc,cpu         ] GC(2100) User=0.15s Sys=0.00s Real=0.08s
[585.622s][info][gc,start       ] GC(2101) Pause Young (Allocation Failure)
[585.692s][info][gc,heap        ] GC(2101) PSYoungGen: 182976K(222720K)->36432K(222720K) Eden: 111616K(111616K)->0K(111616K) From: 71360K(111104K)->36432K(111104K)
[585.692s][info][gc,heap        ] GC(2101) ParOldGen: 588339K(667648K)->623411K(667648K)
[585.692s][info][gc,metaspace   ] GC(2101) Metaspace: 19079K(19264K)->19079K(19264K) NonClass: 16419K(16512K)->16419K(16512K) Class: 2660K(2752K)->2660K(2752K)
[585.692s][info][gc             ] GC(2101) Pause Young (Allocation Failure) 753M->644M(869M) 69.910ms
[585.692s][info][gc,cpu         ] GC(2101) User=0.14s Sys=0.00s Real=0.07s
[585.816s][info][gc,start       ] GC(2102) Pause Young (Allocation Failure)
[585.860s][info][gc,heap        ] GC(2102) PSYoungGen: 148048K(222720K)->12736K(222720K) Eden: 111616K(111616K)->0K(111616K) From: 36432K(111104K)->12736K(111104K)
[585.860s][info][gc,heap        ] GC(2102) ParOldGen: 623411K(667648K)->653668K(667648K)
[585.860s][info][gc,metaspace   ] GC(2102) Metaspace: 19079K(19264K)->19079K(19264K) NonClass: 16419K(16512K)->16419K(16512K) Class: 2660K(2752K)->2660K(2752K)
[585.860s][info][gc             ] GC(2102) Pause Young (Allocation Failure) 753M->650M(869M) 44.246ms
[585.860s][info][gc,cpu         ] GC(2102) User=0.09s Sys=0.00s Real=0.04s
[586.000s][info][gc,start       ] GC(2103) Pause Full (Allocation Failure)
[586.000s][info][gc,phases,start] GC(2103) Marking Phase
[586.257s][info][gc,phases      ] GC(2103) Marking Phase 257.147ms
[586.258s][info][gc,phases,start] GC(2103) Summary Phase
[586.258s][info][gc,phases      ] GC(2103) Summary Phase 0.028ms
[586.258s][info][gc,phases,start] GC(2103) Forward
[586.387s][info][gc,phases      ] GC(2103) Forward 129.313ms
[586.387s][info][gc,phases,start] GC(2103) Adjust Pointers
[586.583s][info][gc,phases      ] GC(2103) Adjust Pointers 196.161ms
[586.583s][info][gc,phases,start] GC(2103) Compaction Phase
[586.697s][info][gc,phases      ] GC(2103) Compaction Phase 114.017ms
[586.709s][info][gc,phases,start] GC(2103) Post Compact
[586.711s][info][gc,phases      ] GC(2103) Post Compact 2.285ms
[586.711s][info][gc,heap        ] GC(2103) PSYoungGen: 124352K(222720K)->0K(222720K) Eden: 111616K(111616K)->0K(111616K) From: 12736K(111104K)->0K(111104K)
[586.711s][info][gc,heap        ] GC(2103) ParOldGen: 653668K(667648K)->368762K(667648K)
[586.711s][info][gc,metaspace   ] GC(2103) Metaspace: 19079K(19264K)->19079K(19264K) NonClass: 16419K(16512K)->16419K(16512K) Class: 2660K(2752K)->2660K(2752K)
[586.711s][info][gc             ] GC(2103) Pause Full (Allocation Failure) 759M->360M(869M) 711.234ms
[586.711s][info][gc,cpu         ] GC(2103) User=1.26s Sys=0.00s Real=0.71s
[587.034s][info][gc,start       ] GC(2104) Pause Young (Allocation Failure)
[587.036s][info][gc,heap        ] GC(2104) PSYoungGen: 111616K(222720K)->64K(222720K) Eden: 111616K(111616K)->0K(111616K) From: 0K(111104K)->64K(111104K)
[587.036s][info][gc,heap        ] GC(2104) ParOldGen: 368762K(667648K)->368762K(667648K)
[587.036s][info][gc,metaspace   ] GC(2104) Metaspace: 19079K(19264K)->19079K(19264K) NonClass: 16419K(16512K)->16419K(16512K) Class: 2660K(2752K)->2660K(2752K)
[587.036s][info][gc             ] GC(2104) Pause Young (Allocation Failure) 469M->360M(869M) 2.505ms
[587.036s][info][gc,cpu         ] GC(2104) User=0.01s Sys=0.00s Real=0.00s
[587.318s][info][gc,start       ] GC(2105) Pause Young (Allocation Failure)
[587.320s][info][gc,heap        ] GC(2105) PSYoungGen: 111680K(222720K)->208K(222720K) Eden: 111616K(111616K)->0K(111616K) From: 64K(111104K)->208K(111104K)
[587.320s][info][gc,heap        ] GC(2105) ParOldGen: 368762K(667648K)->368762K(667648K)
[587.320s][info][gc,metaspace   ] GC(2105) Metaspace: 19079K(19264K)->19079K(19264K) NonClass: 16419K(16512K)->16419K(16512K) Class: 2660K(2752K)->2660K(2752K)
[587.320s][info][gc             ] GC(2105) Pause Young (Allocation Failure) 469M->360M(869M) 2.050ms
[587.320s][info][gc,cpu         ] GC(2105) User=0.00s Sys=0.00s Real=0.00s
[587.582s][info][gc,start       ] GC(2106) Pause Young (Allocation Failure)
[587.584s][info][gc,heap        ] GC(2106) PSYoungGen: 111824K(222720K)->96K(222720K) Eden: 111616K(111616K)->0K(111616K) From: 208K(111104K)->96K(111104K)
[587.585s][info][gc,heap        ] GC(2106) ParOldGen: 368762K(667648K)->368947K(667648K)
[587.585s][info][gc,metaspace   ] GC(2106) Metaspace: 19079K(19264K)->19079K(19264K) NonClass: 16419K(16512K)->16419K(16512K) Class: 2660K(2752K)->2660K(2752K)
[587.585s][info][gc             ] GC(2106) Pause Young (Allocation Failure) 469M->360M(869M) 2.157ms
[587.585s][info][gc,cpu         ] GC(2106) User=0.01s Sys=0.00s Real=0.01s
[587.823s][info][gc,start       ] GC(2107) Pause Young (Allocation Failure)
[587.825s][info][gc,heap        ] GC(2107) PSYoungGen: 111712K(222720K)->416K(222720K) Eden: 111616K(111616K)->0K(111616K) From: 96K(111104K)->416K(111104K)
[587.825s][info][gc,heap        ] GC(2107) ParOldGen: 368947K(667648K)->369019K(667648K)
[587.825s][info][gc,metaspace   ] GC(2107) Metaspace: 19079K(19264K)->19079K(19264K) NonClass: 16419K(16512K)->16419K(16512K) Class: 2660K(2752K)->2660K(2752K)
[587.825s][info][gc             ] GC(2107) Pause Young (Allocation Failure) 469M->360M(869M) 2.195ms
[587.825s][info][gc,cpu         ] GC(2107) User=0.00s Sys=0.00s Real=0.01s
[588.080s][info][gc,start       ] GC(2108) Pause Young (Allocation Failure)
[588.082s][info][gc,heap        ] GC(2108) PSYoungGen: 112032K(222720K)->64K(222720K) Eden: 111616K(111616K)->0K(111616K) From: 416K(111104K)->64K(111104K)
[588.082s][info][gc,heap        ] GC(2108) ParOldGen: 369019K(667648K)->369035K(667648K)
[588.082s][info][gc,metaspace   ] GC(2108) Metaspace: 19079K(19264K)->19079K(19264K) NonClass: 16419K(16512K)->16419K(16512K) Class: 2660K(2752K)->2660K(2752K)
[588.082s][info][gc             ] GC(2108) Pause Young (Allocation Failure) 469M->360M(869M) 1.951ms
[588.082s][info][gc,cpu         ] GC(2108) User=0.01s Sys=0.01s Real=0.00s
[588.290s][info][gc,start       ] GC(2109) Pause Young (Allocation Failure)
[588.296s][info][gc,heap        ] GC(2109) PSYoungGen: 111680K(222720K)->5280K(222720K) Eden: 111616K(111616K)->0K(111616K) From: 64K(111104K)->5280K(111104K)
[588.296s][info][gc,heap        ] GC(2109) ParOldGen: 369035K(667648K)->369059K(667648K)
[588.296s][info][gc,metaspace   ] GC(2109) Metaspace: 19079K(19264K)->19079K(19264K) NonClass: 16419K(16512K)->16419K(16512K) Class: 2660K(2752K)->2660K(2752K)
[588.296s][info][gc             ] GC(2109) Pause Young (Allocation Failure) 469M->365M(869M) 6.714ms
[588.297s][info][gc,cpu         ] GC(2109) User=0.01s Sys=0.00s Real=0.01s
[588.448s][info][gc,start       ] GC(2110) Pause Young (Allocation Failure)
[588.471s][info][gc,heap        ] GC(2110) PSYoungGen: 116896K(222720K)->23664K(210432K) Eden: 111616K(111616K)->0K(111616K) From: 5280K(111104K)->23664K(98816K)
[588.471s][info][gc,heap        ] GC(2110) ParOldGen: 369059K(667648K)->374323K(667648K)
[588.471s][info][gc,metaspace   ] GC(2110) Metaspace: 19079K(19264K)->19079K(19264K) NonClass: 16419K(16512K)->16419K(16512K) Class: 2660K(2752K)->2660K(2752K)
[588.471s][info][gc             ] GC(2110) Pause Young (Allocation Failure) 474M->388M(857M) 23.740ms
[588.471s][info][gc,cpu         ] GC(2110) User=0.04s Sys=0.00s Real=0.02s
[588.537s][info][gc,start       ] GC(2111) Pause Young (Allocation Failure)
[588.582s][info][gc,heap        ] GC(2111) PSYoungGen: 135280K(210432K)->68000K(216576K) Eden: 111616K(111616K)->0K(111616K) From: 23664K(98816K)->68000K(104960K)
[588.582s][info][gc,heap        ] GC(2111) ParOldGen: 374323K(667648K)->374323K(667648K)
[588.582s][info][gc,metaspace   ] GC(2111) Metaspace: 19079K(19264K)->19079K(19264K) NonClass: 16419K(16512K)->16419K(16512K) Class: 2660K(2752K)->2660K(2752K)
[588.582s][info][gc             ] GC(2111) Pause Young (Allocation Failure) 497M->431M(863M) 45.470ms
[588.582s][info][gc,cpu         ] GC(2111) User=0.09s Sys=0.00s Real=0.04s
[588.649s][info][gc,start       ] GC(2112) Pause Young (Allocation Failure)
[588.721s][info][gc,heap        ] GC(2112) PSYoungGen: 179616K(216576K)->43136K(224768K) Eden: 111616K(111616K)->0K(113664K) From: 68000K(104960K)->43136K(111104K)
[588.721s][info][gc,heap        ] GC(2112) ParOldGen: 374323K(667648K)->443091K(667648K)
[588.721s][info][gc,metaspace   ] GC(2112) Metaspace: 19079K(19264K)->19079K(19264K) NonClass: 16419K(16512K)->16419K(16512K) Class: 2660K(2752K)->2660K(2752K)
[588.721s][info][gc             ] GC(2112) Pause Young (Allocation Failure) 540M->474M(871M) 71.257ms
[588.721s][info][gc,cpu         ] GC(2112) User=0.14s Sys=0.00s Real=0.07s
[588.914s][info][gc,start       ] GC(2113) Pause Young (Allocation Failure)
[588.961s][info][gc,heap        ] GC(2113) PSYoungGen: 156800K(224768K)->23136K(137216K) Eden: 113664K(113664K)->0K(113664K) From: 43136K(111104K)->23136K(23552K)
[588.961s][info][gc,heap        ] GC(2113) ParOldGen: 443091K(667648K)->486752K(667648K)
[588.961s][info][gc,metaspace   ] GC(2113) Metaspace: 19079K(19264K)->19079K(19264K) NonClass: 16419K(16512K)->16419K(16512K) Class: 2660K(2752K)->2660K(2752K)
[588.961s][info][gc             ] GC(2113) Pause Young (Allocation Failure) 585M->497M(786M) 46.706ms
[588.961s][info][gc,cpu         ] GC(2113) User=0.09s Sys=0.00s Real=0.04s
[589.111s][info][gc,start       ] GC(2114) Pause Young (Allocation Failure)
[589.161s][info][gc,heap        ] GC(2114) PSYoungGen: 136800K(137216K)->39925K(220160K) Eden: 113664K(113664K)->0K(117248K) From: 23136K(23552K)->39925K(102912K)
[589.161s][info][gc,heap        ] GC(2114) ParOldGen: 486752K(667648K)->510072K(667648K)
[589.161s][info][gc,metaspace   ] GC(2114) Metaspace: 19079K(19264K)->19079K(19264K) NonClass: 16419K(16512K)->16419K(16512K) Class: 2660K(2752K)->2660K(2752K)
[589.161s][info][gc             ] GC(2114) Pause Young (Allocation Failure) 608M->537M(867M) 49.934ms
[589.161s][info][gc,cpu         ] GC(2114) User=0.10s Sys=0.00s Real=0.05s
[589.302s][info][gc,start       ] GC(2115) Pause Young (Allocation Failure)
[589.351s][info][gc,heap        ] GC(2115) PSYoungGen: 157173K(220160K)->24000K(216576K) Eden: 117248K(117248K)->0K(117248K) From: 39925K(102912K)->24000K(99328K)
[589.351s][info][gc,heap        ] GC(2115) ParOldGen: 510072K(667648K)->550446K(667648K)
[589.351s][info][gc,metaspace   ] GC(2115) Metaspace: 19079K(19264K)->19079K(19264K) NonClass: 16419K(16512K)->16419K(16512K) Class: 2660K(2752K)->2660K(2752K)
[589.351s][info][gc             ] GC(2115) Pause Young (Allocation Failure) 651M->560M(863M) 49.073ms
[589.351s][info][gc,cpu         ] GC(2115) User=0.10s Sys=0.00s Real=0.05s
[589.452s][info][gc,start       ] GC(2116) Pause Young (Allocation Failure)
[589.505s][info][gc,heap        ] GC(2116) PSYoungGen: 141248K(216576K)->12160K(219136K) Eden: 117248K(117248K)->0K(131072K) From: 24000K(99328K)->12160K(88064K)
[589.505s][info][gc,heap        ] GC(2116) ParOldGen: 550446K(667648K)->574686K(667648K)
[589.505s][info][gc,metaspace   ] GC(2116) Metaspace: 19079K(19264K)->19079K(19264K) NonClass: 16419K(16512K)->16419K(16512K) Class: 2660K(2752K)->2660K(2752K)
[589.505s][info][gc             ] GC(2116) Pause Young (Allocation Failure) 675M->573M(866M) 53.308ms
[589.505s][info][gc,cpu         ] GC(2116) User=0.11s Sys=0.00s Real=0.06s
[589.669s][info][gc,start       ] GC(2117) Pause Young (Allocation Failure)
[589.741s][info][gc,heap        ] GC(2117) PSYoungGen: 142231K(219136K)->23629K(221696K) Eden: 130071K(131072K)->0K(131072K) From: 12160K(88064K)->23629K(90624K)
[589.741s][info][gc,heap        ] GC(2117) ParOldGen: 574686K(667648K)->586342K(667648K)
[589.741s][info][gc,metaspace   ] GC(2117) Metaspace: 19079K(19264K)->19079K(19264K) NonClass: 16419K(16512K)->16419K(16512K) Class: 2660K(2752K)->2660K(2752K)
[589.741s][info][gc             ] GC(2117) Pause Young (Allocation Failure) 700M->595M(868M) 71.397ms
[589.741s][info][gc,cpu         ] GC(2117) User=0.15s Sys=0.00s Real=0.07s
[589.923s][info][gc,start       ] GC(2118) Pause Young (Allocation Failure)
[589.976s][info][gc,heap        ] GC(2118) PSYoungGen: 154701K(221696K)->8256K(227840K) Eden: 131072K(131072K)->0K(146944K) From: 23629K(90624K)->8256K(80896K)
[589.976s][info][gc,heap        ] GC(2118) ParOldGen: 586342K(667648K)->608935K(667648K)
[589.976s][info][gc,metaspace   ] GC(2118) Metaspace: 19079K(19264K)->19079K(19264K) NonClass: 16419K(16512K)->16419K(16512K) Class: 2660K(2752K)->2660K(2752K)
[589.976s][info][gc             ] GC(2118) Pause Young (Allocation Failure) 723M->602M(874M) 52.978ms
[589.976s][info][gc,cpu         ] GC(2118) User=0.10s Sys=0.00s Real=0.06s
[590.177s][info][gc,start       ] GC(2119) Pause Young (Allocation Failure)
[590.190s][info][gc,heap        ] GC(2119) PSYoungGen: 155200K(227840K)->64K(229888K) Eden: 146944K(146944K)->0K(146944K) From: 8256K(80896K)->64K(82944K)
[590.191s][info][gc,heap        ] GC(2119) ParOldGen: 608935K(667648K)->617167K(667648K)
[590.191s][info][gc,metaspace   ] GC(2119) Metaspace: 19079K(19264K)->19079K(19264K) NonClass: 16419K(16512K)->16419K(16512K) Class: 2660K(2752K)->2660K(2752K)
[590.191s][info][gc             ] GC(2119) Pause Young (Allocation Failure) 746M->602M(876M) 13.677ms
[590.191s][info][gc,cpu         ] GC(2119) User=0.03s Sys=0.00s Real=0.01s
[590.387s][info][gc,start       ] GC(2120) Pause Full (Allocation Failure)
[590.387s][info][gc,phases,start] GC(2120) Marking Phase
[590.679s][info][gc,phases      ] GC(2120) Marking Phase 292.010ms
[590.679s][info][gc,phases,start] GC(2120) Summary Phase
[590.679s][info][gc,phases      ] GC(2120) Summary Phase 0.025ms
[590.679s][info][gc,phases,start] GC(2120) Forward
[590.787s][info][gc,phases      ] GC(2120) Forward 107.810ms
[590.787s][info][gc,phases,start] GC(2120) Adjust Pointers
[591.049s][info][gc,phases      ] GC(2120) Adjust Pointers 262.443ms
[591.050s][info][gc,phases,start] GC(2120) Compaction Phase
[591.192s][info][gc,phases      ] GC(2120) Compaction Phase 142.272ms
[591.208s][info][gc,phases,start] GC(2120) Post Compact
[591.210s][info][gc,phases      ] GC(2120) Post Compact 2.295ms
[591.210s][info][gc,heap        ] GC(2120) PSYoungGen: 147008K(229888K)->0K(244736K) Eden: 146944K(146944K)->0K(162816K) From: 64K(82944K)->0K(81920K)
[591.210s][info][gc,heap        ] GC(2120) ParOldGen: 617167K(667648K)->459490K(667648K)
[591.210s][info][gc,metaspace   ] GC(2120) Metaspace: 19079K(19264K)->19079K(19264K) NonClass: 16419K(16512K)->16419K(16512K) Class: 2660K(2752K)->2660K(2752K)
[591.210s][info][gc             ] GC(2120) Pause Full (Allocation Failure) 746M->448M(891M) 823.055ms
[591.210s][info][gc,cpu         ] GC(2120) User=1.54s Sys=0.01s Real=0.82s
[591.448s][info][gc,start       ] GC(2121) Pause Young (Allocation Failure)
[591.449s][info][gc,heap        ] GC(2121) PSYoungGen: 162816K(244736K)->64K(244736K) Eden: 162816K(162816K)->0K(162816K) From: 0K(81920K)->64K(81920K)
[591.449s][info][gc,heap        ] GC(2121) ParOldGen: 459490K(667648K)->459490K(667648K)
[591.449s][info][gc,metaspace   ] GC(2121) Metaspace: 19079K(19264K)->19079K(19264K) NonClass: 16419K(16512K)->16419K(16512K) Class: 2660K(2752K)->2660K(2752K)
[591.449s][info][gc             ] GC(2121) Pause Young (Allocation Failure) 607M->448M(891M) 1.691ms
[591.449s][info][gc,cpu         ] GC(2121) User=0.00s Sys=0.00s Real=0.00s
[591.685s][info][gc,start       ] GC(2122) Pause Young (Allocation Failure)
[591.687s][info][gc,heap        ] GC(2122) PSYoungGen: 162880K(244736K)->64K(249856K) Eden: 162816K(162816K)->0K(172032K) From: 64K(81920K)->64K(77824K)
[591.687s][info][gc,heap        ] GC(2122) ParOldGen: 459490K(667648K)->459490K(667648K)
[591.687s][info][gc,metaspace   ] GC(2122) Metaspace: 19079K(19264K)->19079K(19264K) NonClass: 16419K(16512K)->16419K(16512K) Class: 2660K(2752K)->2660K(2752K)
[591.687s][info][gc             ] GC(2122) Pause Young (Allocation Failure) 607M->448M(896M) 1.633ms
[591.687s][info][gc,cpu         ] GC(2122) User=0.00s Sys=0.00s Real=0.00s
[591.920s][info][gc,start       ] GC(2123) Pause Young (Allocation Failure)
[591.921s][info][gc,heap        ] GC(2123) PSYoungGen: 172096K(249856K)->64K(249856K) Eden: 172032K(172032K)->0K(172032K) From: 64K(77824K)->64K(77824K)
[591.921s][info][gc,heap        ] GC(2123) ParOldGen: 459490K(667648K)->459490K(667648K)
[591.921s][info][gc,metaspace   ] GC(2123) Metaspace: 19079K(19264K)->19079K(19264K) NonClass: 16419K(16512K)->16419K(16512K) Class: 2660K(2752K)->2660K(2752K)
[591.921s][info][gc             ] GC(2123) Pause Young (Allocation Failure) 616M->448M(896M) 1.605ms
[591.921s][info][gc,cpu         ] GC(2123) User=0.00s Sys=0.00s Real=0.00s
[592.131s][info][gc,start       ] GC(2124) Pause Young (Allocation Failure)
[592.143s][info][gc,heap        ] GC(2124) PSYoungGen: 172096K(249856K)->9824K(249344K) Eden: 172032K(172032K)->0K(180736K) From: 64K(77824K)->9824K(68608K)
[592.143s][info][gc,heap        ] GC(2124) ParOldGen: 459490K(667648K)->459490K(667648K)
[592.143s][info][gc,metaspace   ] GC(2124) Metaspace: 19079K(19264K)->19079K(19264K) NonClass: 16419K(16512K)->16419K(16512K) Class: 2660K(2752K)->2660K(2752K)
[592.143s][info][gc             ] GC(2124) Pause Young (Allocation Failure) 616M->458M(895M) 12.248ms
[592.143s][info][gc,cpu         ] GC(2124) User=0.02s Sys=0.00s Real=0.02s
[592.300s][info][gc,start       ] GC(2125) Pause Young (Allocation Failure)
[592.330s][info][gc,heap        ] GC(2125) PSYoungGen: 190560K(249344K)->29824K(251392K) Eden: 180736K(180736K)->0K(180736K) From: 9824K(68608K)->29824K(70656K)
[592.330s][info][gc,heap        ] GC(2125) ParOldGen: 459490K(667648K)->459490K(667648K)
[592.330s][info][gc,metaspace   ] GC(2125) Metaspace: 19079K(19264K)->19079K(19264K) NonClass: 16419K(16512K)->16419K(16512K) Class: 2660K(2752K)->2660K(2752K)
[592.330s][info][gc             ] GC(2125) Pause Young (Allocation Failure) 634M->477M(897M) 30.462ms
[592.330s][info][gc,cpu         ] GC(2125) User=0.06s Sys=0.00s Real=0.03s
[592.487s][info][gc,start       ] GC(2126) Pause Young (Allocation Failure)
[592.518s][info][gc,heap        ] GC(2126) PSYoungGen: 210560K(251392K)->31840K(262656K) Eden: 180736K(180736K)->0K(193024K) From: 29824K(70656K)->31840K(69632K)
[592.518s][info][gc,heap        ] GC(2126) ParOldGen: 459490K(667648K)->459490K(667648K)
[592.518s][info][gc,metaspace   ] GC(2126) Metaspace: 19079K(19264K)->19079K(19264K) NonClass: 16419K(16512K)->16419K(16512K) Class: 2660K(2752K)->2660K(2752K)
[592.518s][info][gc             ] GC(2126) Pause Young (Allocation Failure) 654M->479M(908M) 30.979ms
[592.518s][info][gc,cpu         ] GC(2126) User=0.06s Sys=0.00s Real=0.03s
[592.714s][info][gc,start       ] GC(2127) Pause Young (Allocation Failure)
[592.752s][info][gc,heap        ] GC(2127) PSYoungGen: 224864K(262656K)->38880K(231936K) Eden: 193024K(193024K)->0K(193024K) From: 31840K(69632K)->38880K(38912K)
[592.752s][info][gc,heap        ] GC(2127) ParOldGen: 459490K(667648K)->459490K(667648K)
[592.752s][info][gc,metaspace   ] GC(2127) Metaspace: 19079K(19264K)->19079K(19264K) NonClass: 16419K(16512K)->16419K(16512K) Class: 2660K(2752K)->2660K(2752K)
[592.752s][info][gc             ] GC(2127) Pause Young (Allocation Failure) 668M->486M(878M) 37.694ms
[592.752s][info][gc,cpu         ] GC(2127) User=0.08s Sys=0.00s Real=0.03s
[593.098s][info][gc,start       ] GC(2128) Pause Young (Allocation Failure)
[593.139s][info][gc,heap        ] GC(2128) PSYoungGen: 231904K(231936K)->40960K(256512K) Eden: 193024K(193024K)->0K(184320K) From: 38880K(38912K)->40960K(72192K)
[593.139s][info][gc,heap        ] GC(2128) ParOldGen: 459490K(667648K)->459490K(667648K)
[593.139s][info][gc,metaspace   ] GC(2128) Metaspace: 19079K(19264K)->19079K(19264K) NonClass: 16419K(16512K)->16419K(16512K) Class: 2660K(2752K)->2660K(2752K)
[593.139s][info][gc             ] GC(2128) Pause Young (Allocation Failure) 675M->488M(902M) 40.344ms
[593.139s][info][gc,cpu         ] GC(2128) User=0.08s Sys=0.00s Real=0.04s
[593.483s][info][gc,start       ] GC(2129) Pause Young (Allocation Failure)
[593.522s][info][gc,heap        ] GC(2129) PSYoungGen: 225280K(256512K)->41088K(225792K) Eden: 184320K(184320K)->0K(184320K) From: 40960K(72192K)->41088K(41472K)
[593.522s][info][gc,heap        ] GC(2129) ParOldGen: 459490K(667648K)->459490K(667648K)
[593.522s][info][gc,metaspace   ] GC(2129) Metaspace: 19079K(19264K)->19079K(19264K) NonClass: 16419K(16512K)->16419K(16512K) Class: 2660K(2752K)->2660K(2752K)
[593.522s][info][gc             ] GC(2129) Pause Young (Allocation Failure) 668M->488M(872M) 39.534ms
[593.522s][info][gc,cpu         ] GC(2129) User=0.08s Sys=0.00s Real=0.04s
[593.851s][info][gc,start       ] GC(2130) Pause Young (Allocation Failure)
[593.891s][info][gc,heap        ] GC(2130) PSYoungGen: 225408K(225792K)->41088K(256512K) Eden: 184320K(184320K)->0K(180224K) From: 41088K(41472K)->41088K(76288K)
[593.891s][info][gc,heap        ] GC(2130) ParOldGen: 459490K(667648K)->459490K(667648K)
[593.891s][info][gc,metaspace   ] GC(2130) Metaspace: 19079K(19264K)->19079K(19264K) NonClass: 16419K(16512K)->16419K(16512K) Class: 2660K(2752K)->2660K(2752K)
[593.891s][info][gc             ] GC(2130) Pause Young (Allocation Failure) 668M->488M(902M) 39.312ms
[593.891s][info][gc,cpu         ] GC(2130) User=0.08s Sys=0.00s Real=0.04s
[594.113s][info][gc,start       ] GC(2131) Pause Young (Allocation Failure)
[594.163s][info][gc,heap        ] GC(2131) PSYoungGen: 221312K(256512K)->54144K(234496K) Eden: 180224K(180224K)->0K(180224K) From: 41088K(76288K)->54144K(54272K)
[594.163s][info][gc,heap        ] GC(2131) ParOldGen: 459490K(667648K)->459490K(667648K)
[594.163s][info][gc,metaspace   ] GC(2131) Metaspace: 19079K(19264K)->19079K(19264K) NonClass: 16419K(16512K)->16419K(16512K) Class: 2660K(2752K)->2660K(2752K)
[594.163s][info][gc             ] GC(2131) Pause Young (Allocation Failure) 664M->501M(881M) 50.285ms
[594.163s][info][gc,cpu         ] GC(2131) User=0.10s Sys=0.00s Real=0.05s
[594.330s][info][gc,start       ] GC(2132) Pause Young (Allocation Failure)
[594.412s][info][gc,heap        ] GC(2132) PSYoungGen: 234368K(234496K)->81904K(221184K) Eden: 180224K(180224K)->0K(139264K) From: 54144K(54272K)->81904K(81920K)
[594.412s][info][gc,heap        ] GC(2132) ParOldGen: 459490K(667648K)->462666K(667648K)
[594.412s][info][gc,metaspace   ] GC(2132) Metaspace: 19079K(19264K)->19079K(19264K) NonClass: 16419K(16512K)->16419K(16512K) Class: 2660K(2752K)->2660K(2752K)
[594.412s][info][gc             ] GC(2132) Pause Young (Allocation Failure) 677M->531M(868M) 82.567ms
[594.412s][info][gc,cpu         ] GC(2132) User=0.15s Sys=0.01s Real=0.08s
[594.591s][info][gc,start       ] GC(2133) Pause Young (Allocation Failure)
[594.682s][info][gc,heap        ] GC(2133) PSYoungGen: 221168K(221184K)->97280K(236544K) Eden: 139264K(139264K)->0K(139264K) From: 81904K(81920K)->97280K(97280K)
[594.682s][info][gc,heap        ] GC(2133) ParOldGen: 462666K(667648K)->470922K(667648K)
[594.682s][info][gc,metaspace   ] GC(2133) Metaspace: 19079K(19264K)->19079K(19264K) NonClass: 16419K(16512K)->16419K(16512K) Class: 2660K(2752K)->2660K(2752K)
[594.682s][info][gc             ] GC(2133) Pause Young (Allocation Failure) 667M->554M(883M) 90.780ms
[594.682s][info][gc,cpu         ] GC(2133) User=0.18s Sys=0.00s Real=0.09s
[594.883s][info][gc,start       ] GC(2134) Pause Young (Allocation Failure)
[594.987s][info][gc,heap        ] GC(2134) PSYoungGen: 236544K(236544K)->97248K(208896K) Eden: 139264K(139264K)->0K(111616K) From: 97280K(97280K)->97248K(97280K)
[594.987s][info][gc,heap        ] GC(2134) ParOldGen: 470922K(667648K)->483378K(667648K)
[594.988s][info][gc,metaspace   ] GC(2134) Metaspace: 19079K(19264K)->19079K(19264K) NonClass: 16419K(16512K)->16419K(16512K) Class: 2660K(2752K)->2660K(2752K)
[594.988s][info][gc             ] GC(2134) Pause Young (Allocation Failure) 690M->567M(856M) 104.416ms
[594.988s][info][gc,cpu         ] GC(2134) User=0.20s Sys=0.00s Real=0.11s
[595.148s][info][gc,start       ] GC(2135) Pause Young (Allocation Failure)
[595.245s][info][gc,heap        ] GC(2135) PSYoungGen: 208864K(208896K)->76544K(222720K) Eden: 111616K(111616K)->0K(111616K) From: 97248K(97280K)->76544K(111104K)
[595.245s][info][gc,heap        ] GC(2135) ParOldGen: 483378K(667648K)->504146K(667648K)
[595.245s][info][gc,metaspace   ] GC(2135) Metaspace: 19079K(19264K)->19079K(19264K) NonClass: 16419K(16512K)->16419K(16512K) Class: 2660K(2752K)->2660K(2752K)
[595.245s][info][gc             ] GC(2135) Pause Young (Allocation Failure) 676M->567M(869M) 97.232ms
[595.245s][info][gc,cpu         ] GC(2135) User=0.20s Sys=0.00s Real=0.10s
[595.407s][info][gc,start       ] GC(2136) Pause Young (Allocation Failure)
[595.486s][info][gc,heap        ] GC(2136) PSYoungGen: 188160K(222720K)->68096K(222720K) Eden: 111616K(111616K)->0K(111616K) From: 76544K(111104K)->68096K(111104K)
[595.486s][info][gc,heap        ] GC(2136) ParOldGen: 504146K(667648K)->512626K(667648K)
[595.486s][info][gc,metaspace   ] GC(2136) Metaspace: 19079K(19264K)->19079K(19264K) NonClass: 16419K(16512K)->16419K(16512K) Class: 2660K(2752K)->2660K(2752K)
[595.486s][info][gc             ] GC(2136) Pause Young (Allocation Failure) 676M->567M(869M) 79.195ms
[595.486s][info][gc,cpu         ] GC(2136) User=0.15s Sys=0.00s Real=0.08s
[595.647s][info][gc,start       ] GC(2137) Pause Young (Allocation Failure)
[595.716s][info][gc,heap        ] GC(2137) PSYoungGen: 179712K(222720K)->68000K(222720K) Eden: 111616K(111616K)->0K(111616K) From: 68096K(111104K)->68000K(111104K)
[595.717s][info][gc,heap        ] GC(2137) ParOldGen: 512626K(667648K)->512746K(667648K)
[595.717s][info][gc,metaspace   ] GC(2137) Metaspace: 19079K(19264K)->19079K(19264K) NonClass: 16419K(16512K)->16419K(16512K) Class: 2660K(2752K)->2660K(2752K)
[595.717s][info][gc             ] GC(2137) Pause Young (Allocation Failure) 676M->567M(869M) 69.564ms
[595.717s][info][gc,cpu         ] GC(2137) User=0.14s Sys=0.00s Real=0.07s
[595.877s][info][gc,start       ] GC(2138) Pause Young (Allocation Failure)
[595.940s][info][gc,heap        ] GC(2138) PSYoungGen: 179616K(222720K)->34720K(222720K) Eden: 111616K(111616K)->0K(111616K) From: 68000K(111104K)->34720K(111104K)
[595.940s][info][gc,heap        ] GC(2138) ParOldGen: 512746K(667648K)->546322K(667648K)
[595.940s][info][gc,metaspace   ] GC(2138) Metaspace: 19079K(19264K)->19079K(19264K) NonClass: 16419K(16512K)->16419K(16512K) Class: 2660K(2752K)->2660K(2752K)
[595.941s][info][gc             ] GC(2138) Pause Young (Allocation Failure) 676M->567M(869M) 63.859ms
[595.941s][info][gc,cpu         ] GC(2138) User=0.12s Sys=0.00s Real=0.06s
[596.102s][info][gc,start       ] GC(2139) Pause Young (Allocation Failure)
[596.141s][info][gc,heap        ] GC(2139) PSYoungGen: 146336K(222720K)->32K(222720K) Eden: 111616K(111616K)->0K(111616K) From: 34720K(111104K)->32K(111104K)
[596.141s][info][gc,heap        ] GC(2139) ParOldGen: 546322K(667648K)->581190K(667648K)
[596.141s][info][gc,metaspace   ] GC(2139) Metaspace: 19079K(19264K)->19079K(19264K) NonClass: 16419K(16512K)->16419K(16512K) Class: 2660K(2752K)->2660K(2752K)
[596.141s][info][gc             ] GC(2139) Pause Young (Allocation Failure) 676M->567M(869M) 39.403ms
[596.141s][info][gc,cpu         ] GC(2139) User=0.08s Sys=0.00s Real=0.04s
[596.302s][info][gc,start       ] GC(2140) Pause Young (Allocation Failure)
[596.304s][info][gc,heap        ] GC(2140) PSYoungGen: 111648K(222720K)->64K(222720K) Eden: 111616K(111616K)->0K(111616K) From: 32K(111104K)->64K(111104K)
[596.304s][info][gc,heap        ] GC(2140) ParOldGen: 581190K(667648K)->581190K(667648K)
[596.304s][info][gc,metaspace   ] GC(2140) Metaspace: 19079K(19264K)->19079K(19264K) NonClass: 16419K(16512K)->16419K(16512K) Class: 2660K(2752K)->2660K(2752K)
[596.304s][info][gc             ] GC(2140) Pause Young (Allocation Failure) 676M->567M(869M) 1.884ms
[596.304s][info][gc,cpu         ] GC(2140) User=0.01s Sys=0.00s Real=0.01s
[596.461s][info][gc,start       ] GC(2141) Pause Young (Allocation Failure)
[596.463s][info][gc,heap        ] GC(2141) PSYoungGen: 111680K(222720K)->64K(222720K) Eden: 111616K(111616K)->0K(111616K) From: 64K(111104K)->64K(111104K)
[596.463s][info][gc,heap        ] GC(2141) ParOldGen: 581190K(667648K)->581190K(667648K)
[596.463s][info][gc,metaspace   ] GC(2141) Metaspace: 19079K(19264K)->19079K(19264K) NonClass: 16419K(16512K)->16419K(16512K) Class: 2660K(2752K)->2660K(2752K)
[596.463s][info][gc             ] GC(2141) Pause Young (Allocation Failure) 676M->567M(869M) 1.878ms
[596.463s][info][gc,cpu         ] GC(2141) User=0.00s Sys=0.00s Real=0.00s
[596.610s][info][gc,start       ] GC(2142) Pause Young (Allocation Failure)
[596.619s][info][gc,heap        ] GC(2142) PSYoungGen: 111680K(222720K)->4960K(222720K) Eden: 111616K(111616K)->0K(111616K) From: 64K(111104K)->4960K(111104K)
[596.619s][info][gc,heap        ] GC(2142) ParOldGen: 581190K(667648K)->581190K(667648K)
[596.619s][info][gc,metaspace   ] GC(2142) Metaspace: 19079K(19264K)->19079K(19264K) NonClass: 16419K(16512K)->16419K(16512K) Class: 2660K(2752K)->2660K(2752K)
[596.619s][info][gc             ] GC(2142) Pause Young (Allocation Failure) 676M->572M(869M) 9.689ms
[596.619s][info][gc,cpu         ] GC(2142) User=0.02s Sys=0.00s Real=0.01s
[596.700s][info][gc,start       ] GC(2143) Pause Young (Allocation Failure)
[596.741s][info][gc,heap        ] GC(2143) PSYoungGen: 116576K(222720K)->32960K(222720K) Eden: 111616K(111616K)->0K(111616K) From: 4960K(111104K)->32960K(111104K)
[596.741s][info][gc,heap        ] GC(2143) ParOldGen: 581190K(667648K)->586158K(667648K)
[596.741s][info][gc,metaspace   ] GC(2143) Metaspace: 19079K(19264K)->19079K(19264K) NonClass: 16419K(16512K)->16419K(16512K) Class: 2660K(2752K)->2660K(2752K)
[596.741s][info][gc             ] GC(2143) Pause Young (Allocation Failure) 681M->604M(869M) 40.181ms
[596.741s][info][gc,cpu         ] GC(2143) User=0.08s Sys=0.00s Real=0.04s
[596.826s][info][gc,start       ] GC(2144) Pause Young (Allocation Failure)
[596.881s][info][gc,heap        ] GC(2144) PSYoungGen: 144576K(222720K)->20448K(220672K) Eden: 111616K(111616K)->0K(111616K) From: 32960K(111104K)->20448K(109056K)
[596.881s][info][gc,heap        ] GC(2144) ParOldGen: 586158K(667648K)->619142K(667648K)
[596.881s][info][gc,metaspace   ] GC(2144) Metaspace: 19079K(19264K)->19079K(19264K) NonClass: 16419K(16512K)->16419K(16512K) Class: 2660K(2752K)->2660K(2752K)
[596.881s][info][gc             ] GC(2144) Pause Young (Allocation Failure) 713M->624M(867M) 54.748ms
[596.881s][info][gc,cpu         ] GC(2144) User=0.11s Sys=0.00s Real=0.05s
[596.943s][info][gc,start       ] GC(2145) Pause Young (Allocation Failure)
[596.978s][info][gc,heap        ] GC(2145) PSYoungGen: 132064K(220672K)->11136K(122880K) Eden: 111616K(111616K)->0K(111616K) From: 20448K(109056K)->11136K(11264K)
[596.978s][info][gc,heap        ] GC(2145) ParOldGen: 619142K(667648K)->639574K(667648K)
[596.978s][info][gc,metaspace   ] GC(2145) Metaspace: 19079K(19264K)->19079K(19264K) NonClass: 16419K(16512K)->16419K(16512K) Class: 2660K(2752K)->2660K(2752K)
[596.978s][info][gc             ] GC(2145) Pause Young (Allocation Failure) 733M->635M(772M) 35.215ms
[596.978s][info][gc,cpu         ] GC(2145) User=0.07s Sys=0.00s Real=0.04s
[597.057s][info][gc,start       ] GC(2146) Pause Full (Allocation Failure)
[597.057s][info][gc,phases,start] GC(2146) Marking Phase
[597.424s][info][gc,phases      ] GC(2146) Marking Phase 366.845ms
[597.424s][info][gc,phases,start] GC(2146) Summary Phase
[597.424s][info][gc,phases      ] GC(2146) Summary Phase 0.026ms
[597.424s][info][gc,phases,start] GC(2146) Forward
[597.489s][info][gc,phases      ] GC(2146) Forward 64.734ms
[597.489s][info][gc,phases,start] GC(2146) Adjust Pointers
[597.770s][info][gc,phases      ] GC(2146) Adjust Pointers 281.402ms
[597.770s][info][gc,phases,start] GC(2146) Compaction Phase
[597.906s][info][gc,phases      ] GC(2146) Compaction Phase 135.470ms
[597.909s][info][gc,phases,start] GC(2146) Post Compact
[597.911s][info][gc,phases      ] GC(2146) Post Compact 2.306ms
[597.911s][info][gc,heap        ] GC(2146) PSYoungGen: 122752K(122880K)->0K(221184K) Eden: 111616K(111616K)->0K(114688K) From: 11136K(11264K)->0K(106496K)
[597.911s][info][gc,heap        ] GC(2146) ParOldGen: 639574K(667648K)->541119K(667648K)
[597.911s][info][gc,metaspace   ] GC(2146) Metaspace: 19079K(19264K)->19079K(19264K) NonClass: 16419K(16512K)->16419K(16512K) Class: 2660K(2752K)->2660K(2752K)
[597.911s][info][gc             ] GC(2146) Pause Full (Allocation Failure) 744M->528M(868M) 854.493ms
[597.911s][info][gc,cpu         ] GC(2146) User=1.63s Sys=0.00s Real=0.85s
[598.013s][info][gc,start       ] GC(2147) Pause Young (Allocation Failure)
[598.027s][info][gc,heap        ] GC(2147) PSYoungGen: 114688K(221184K)->4832K(221184K) Eden: 114688K(114688K)->0K(114688K) From: 0K(106496K)->4832K(106496K)
[598.027s][info][gc,heap        ] GC(2147) ParOldGen: 541119K(667648K)->541119K(667648K)
[598.027s][info][gc,metaspace   ] GC(2147) Metaspace: 19079K(19264K)->19079K(19264K) NonClass: 16419K(16512K)->16419K(16512K) Class: 2660K(2752K)->2660K(2752K)
[598.027s][info][gc             ] GC(2147) Pause Young (Allocation Failure) 640M->533M(868M) 14.029ms
[598.027s][info][gc,cpu         ] GC(2147) User=0.03s Sys=0.00s Real=0.01s
[598.089s][info][gc,start       ] GC(2148) Pause Young (Allocation Failure)
[598.110s][info][gc,heap        ] GC(2148) PSYoungGen: 119520K(221184K)->10400K(221184K) Eden: 114688K(114688K)->0K(123904K) From: 4832K(106496K)->10400K(97280K)
[598.110s][info][gc,heap        ] GC(2148) ParOldGen: 541119K(667648K)->545943K(667648K)
[598.110s][info][gc,metaspace   ] GC(2148) Metaspace: 19079K(19264K)->19079K(19264K) NonClass: 16419K(16512K)->16419K(16512K) Class: 2660K(2752K)->2660K(2752K)
[598.110s][info][gc             ] GC(2148) Pause Young (Allocation Failure) 645M->543M(868M) 20.493ms
[598.110s][info][gc,cpu         ] GC(2148) User=0.04s Sys=0.00s Real=0.02s
[598.187s][info][gc,start       ] GC(2149) Pause Young (Allocation Failure)
[598.208s][info][gc,heap        ] GC(2149) PSYoungGen: 134304K(221184K)->7392K(222720K) Eden: 123904K(123904K)->0K(123904K) From: 10400K(97280K)->7392K(98816K)
[598.208s][info][gc,heap        ] GC(2149) ParOldGen: 545943K(667648K)->556319K(667648K)
[598.208s][info][gc,metaspace   ] GC(2149) Metaspace: 19079K(19264K)->19079K(19264K) NonClass: 16419K(16512K)->16419K(16512K) Class: 2660K(2752K)->2660K(2752K)
[598.208s][info][gc             ] GC(2149) Pause Young (Allocation Failure) 664M->550M(869M) 21.085ms
[598.208s][info][gc,cpu         ] GC(2149) User=0.04s Sys=0.00s Real=0.02s
[598.307s][info][gc,start       ] GC(2150) Pause Young (Allocation Failure)
[598.327s][info][gc,heap        ] GC(2150) PSYoungGen: 131296K(222720K)->6528K(224768K) Eden: 123904K(123904K)->0K(137728K) From: 7392K(98816K)->6528K(87040K)
[598.327s][info][gc,heap        ] GC(2150) ParOldGen: 556319K(667648K)->563702K(667648K)
[598.327s][info][gc,metaspace   ] GC(2150) Metaspace: 19079K(19264K)->19079K(19264K) NonClass: 16419K(16512K)->16419K(16512K) Class: 2660K(2752K)->2660K(2752K)
[598.327s][info][gc             ] GC(2150) Pause Young (Allocation Failure) 671M->556M(871M) 19.686ms
[598.327s][info][gc,cpu         ] GC(2150) User=0.04s Sys=0.00s Real=0.02s
[598.494s][info][gc,start       ] GC(2151) Pause Young (Allocation Failure)
[598.511s][info][gc,heap        ] GC(2151) PSYoungGen: 144256K(224768K)->1216K(228864K) Eden: 137728K(137728K)->0K(137728K) From: 6528K(87040K)->1216K(91136K)
[598.511s][info][gc,heap        ] GC(2151) ParOldGen: 563702K(667648K)->570214K(667648K)
[598.511s][info][gc,metaspace   ] GC(2151) Metaspace: 19079K(19264K)->19079K(19264K) NonClass: 16419K(16512K)->16419K(16512K) Class: 2660K(2752K)->2660K(2752K)
[598.511s][info][gc             ] GC(2151) Pause Young (Allocation Failure) 691M->558M(875M) 16.847ms
[598.511s][info][gc,cpu         ] GC(2151) User=0.04s Sys=0.00s Real=0.01s
[598.670s][info][gc,start       ] GC(2152) Pause Young (Allocation Failure)
[598.681s][info][gc,heap        ] GC(2152) PSYoungGen: 138944K(228864K)->3360K(230400K) Eden: 137728K(137728K)->0K(150528K) From: 1216K(91136K)->3360K(79872K)
[598.681s][info][gc,heap        ] GC(2152) ParOldGen: 570214K(667648K)->571438K(667648K)
[598.681s][info][gc,metaspace   ] GC(2152) Metaspace: 19079K(19264K)->19079K(19264K) NonClass: 16419K(16512K)->16419K(16512K) Class: 2660K(2752K)->2660K(2752K)
[598.681s][info][gc             ] GC(2152) Pause Young (Allocation Failure) 692M->561M(877M) 11.245ms
[598.681s][info][gc,cpu         ] GC(2152) User=0.02s Sys=0.00s Real=0.01s
[598.834s][info][gc,start       ] GC(2153) Pause Young (Allocation Failure)
[598.841s][info][gc,heap        ] GC(2153) PSYoungGen: 153888K(230400K)->3520K(235008K) Eden: 150528K(150528K)->0K(150528K) From: 3360K(79872K)->3520K(84480K)
[598.841s][info][gc,heap        ] GC(2153) ParOldGen: 571438K(667648K)->571438K(667648K)
[598.841s][info][gc,metaspace   ] GC(2153) Metaspace: 19079K(19264K)->19079K(19264K) NonClass: 16419K(16512K)->16419K(16512K) Class: 2660K(2752K)->2660K(2752K)
[598.841s][info][gc             ] GC(2153) Pause Young (Allocation Failure) 708M->561M(881M) 6.492ms
[598.841s][info][gc,cpu         ] GC(2153) User=0.01s Sys=0.00s Real=0.00s
[599.034s][info][gc,start       ] GC(2154) Pause Young (Allocation Failure)
[599.056s][info][gc,heap        ] GC(2154) PSYoungGen: 154048K(235008K)->18528K(231936K) Eden: 150528K(150528K)->0K(162816K) From: 3520K(84480K)->18528K(69120K)
[599.056s][info][gc,heap        ] GC(2154) ParOldGen: 571438K(667648K)->571438K(667648K)
[599.056s][info][gc,metaspace   ] GC(2154) Metaspace: 19079K(19264K)->19079K(19264K) NonClass: 16419K(16512K)->16419K(16512K) Class: 2660K(2752K)->2660K(2752K)
[599.056s][info][gc             ] GC(2154) Pause Young (Allocation Failure) 708M->576M(878M) 21.587ms
[599.056s][info][gc,cpu         ] GC(2154) User=0.04s Sys=0.00s Real=0.02s
[599.432s][info][gc,start       ] GC(2155) Pause Young (Allocation Failure)
[599.482s][info][gc,heap        ] GC(2155) PSYoungGen: 181344K(231936K)->49408K(237568K) Eden: 162816K(162816K)->0K(162816K) From: 18528K(69120K)->49408K(74752K)
[599.482s][info][gc,heap        ] GC(2155) ParOldGen: 571438K(667648K)->571438K(667648K)
[599.483s][info][gc,metaspace   ] GC(2155) Metaspace: 19079K(19264K)->19079K(19264K) NonClass: 16419K(16512K)->16419K(16512K) Class: 2660K(2752K)->2660K(2752K)
[599.483s][info][gc             ] GC(2155) Pause Young (Allocation Failure) 735M->606M(884M) 50.608ms
[599.483s][info][gc,cpu         ] GC(2155) User=0.10s Sys=0.00s Real=0.05s
[599.560s][info][gc,start       ] GC(2156) Pause Young (Allocation Failure)
[599.650s][info][gc,heap        ] GC(2156) PSYoungGen: 212224K(237568K)->80880K(210944K) Eden: 162816K(162816K)->0K(130048K) From: 49408K(74752K)->80880K(80896K)
[599.650s][info][gc,heap        ] GC(2156) ParOldGen: 571438K(667648K)->585038K(667648K)
[599.650s][info][gc,metaspace   ] GC(2156) Metaspace: 19079K(19264K)->19079K(19264K) NonClass: 16419K(16512K)->16419K(16512K) Class: 2660K(2752K)->2660K(2752K)
[599.650s][info][gc             ] GC(2156) Pause Young (Allocation Failure) 765M->650M(858M) 89.459ms
[599.650s][info][gc,cpu         ] GC(2156) User=0.17s Sys=0.01s Real=0.09s
[599.818s][info][gc,start       ] GC(2157) Pause Young (Allocation Failure)
[599.898s][info][gc,heap        ] GC(2157) PSYoungGen: 210928K(210944K)->89056K(219136K) Eden: 130048K(130048K)->0K(130048K) From: 80880K(80896K)->89056K(89088K)
[599.898s][info][gc,heap        ] GC(2157) ParOldGen: 585038K(667648K)->588531K(667648K)
[599.898s][info][gc,metaspace   ] GC(2157) Metaspace: 19079K(19264K)->19079K(19264K) NonClass: 16419K(16512K)->16419K(16512K) Class: 2660K(2752K)->2660K(2752K)
[599.898s][info][gc             ] GC(2157) Pause Young (Allocation Failure) 777M->661M(866M) 80.679ms
[599.898s][info][gc,cpu         ] GC(2157) User=0.16s Sys=0.00s Real=0.08s
[600.071s][info][gc,start       ] GC(2158) Pause Young (Allocation Failure)
[600.147s][info][gc,heap        ] GC(2158) PSYoungGen: 219104K(219136K)->43328K(222720K) Eden: 130048K(130048K)->0K(111616K) From: 89056K(89088K)->43328K(111104K)
[600.147s][info][gc,heap        ] GC(2158) ParOldGen: 588531K(667648K)->634647K(667648K)
[600.147s][info][gc,metaspace   ] GC(2158) Metaspace: 19079K(19264K)->19079K(19264K) NonClass: 16419K(16512K)->16419K(16512K) Class: 2660K(2752K)->2660K(2752K)
[600.147s][info][gc             ] GC(2158) Pause Young (Allocation Failure) 788M->662M(869M) 75.904ms
[600.147s][info][gc,cpu         ] GC(2158) User=0.16s Sys=0.00s Real=0.08s
[600.335s][info][gc,start       ] GC(2159) Pause Full (Allocation Failure)
[600.335s][info][gc,phases,start] GC(2159) Marking Phase
[600.801s][info][gc,phases      ] GC(2159) Marking Phase 465.434ms
[600.801s][info][gc,phases,start] GC(2159) Summary Phase
[600.801s][info][gc,phases      ] GC(2159) Summary Phase 0.024ms
[600.801s][info][gc,phases,start] GC(2159) Forward
[600.839s][info][gc,phases      ] GC(2159) Forward 38.260ms
[600.839s][info][gc,phases,start] GC(2159) Adjust Pointers
[601.159s][info][gc,phases      ] GC(2159) Adjust Pointers 320.335ms
[601.159s][info][gc,phases,start] GC(2159) Compaction Phase
[601.307s][info][gc,phases      ] GC(2159) Compaction Phase 147.672ms
[601.307s][info][gc,phases,start] GC(2159) Post Compact
[601.309s][info][gc,phases      ] GC(2159) Post Compact 2.214ms
[601.310s][info][gc,heap        ] GC(2159) PSYoungGen: 154944K(222720K)->9986K(222720K) Eden: 111616K(111616K)->0K(111616K) From: 43328K(111104K)->9986K(111104K)
[601.310s][info][gc,heap        ] GC(2159) ParOldGen: 634647K(667648K)->667372K(667648K)
[601.310s][info][gc,metaspace   ] GC(2159) Metaspace: 19079K(19264K)->19079K(19264K) NonClass: 16419K(16512K)->16419K(16512K) Class: 2660K(2752K)->2660K(2752K)
[601.310s][info][gc             ] GC(2159) Pause Full (Allocation Failure) 771M->661M(869M) 974.411ms
[601.310s][info][gc,cpu         ] GC(2159) User=1.90s Sys=0.01s Real=0.97s
[601.492s][info][gc,start       ] GC(2160) Pause Full (Allocation Failure)
[601.492s][info][gc,phases,start] GC(2160) Marking Phase
[601.968s][info][gc,phases      ] GC(2160) Marking Phase 475.446ms
[601.968s][info][gc,phases,start] GC(2160) Summary Phase
[601.968s][info][gc,phases      ] GC(2160) Summary Phase 0.028ms
[601.968s][info][gc,phases,start] GC(2160) Forward
[601.980s][info][gc,phases      ] GC(2160) Forward 11.655ms
[601.980s][info][gc,phases,start] GC(2160) Adjust Pointers
[602.310s][info][gc,phases      ] GC(2160) Adjust Pointers 329.953ms
[602.310s][info][gc,phases,start] GC(2160) Compaction Phase
[602.448s][info][gc,phases      ] GC(2160) Compaction Phase 138.221ms
[602.448s][info][gc,phases,start] GC(2160) Post Compact
[602.450s][info][gc,phases      ] GC(2160) Post Compact 2.288ms
[602.450s][info][gc,heap        ] GC(2160) PSYoungGen: 121602K(222720K)->10089K(222720K) Eden: 111616K(111616K)->10089K(111616K) From: 9986K(111104K)->0K(111104K)
[602.450s][info][gc,heap        ] GC(2160) ParOldGen: 667372K(667648K)->667646K(667648K)
[602.450s][info][gc,metaspace   ] GC(2160) Metaspace: 19079K(19264K)->19079K(19264K) NonClass: 16419K(16512K)->16419K(16512K) Class: 2660K(2752K)->2660K(2752K)
[602.450s][info][gc             ] GC(2160) Pause Full (Allocation Failure) 770M->661M(869M) 958.076ms
[602.450s][info][gc,cpu         ] GC(2160) User=1.88s Sys=0.00s Real=0.96s
[602.556s][info][gc,start       ] GC(2161) Pause Full (Allocation Failure)
[602.556s][info][gc,phases,start] GC(2161) Marking Phase
[603.020s][info][gc,phases      ] GC(2161) Marking Phase 463.343ms
[603.020s][info][gc,phases,start] GC(2161) Summary Phase
[603.020s][info][gc,phases      ] GC(2161) Summary Phase 0.025ms
[603.020s][info][gc,phases,start] GC(2161) Forward
[603.032s][info][gc,phases      ] GC(2161) Forward 12.798ms
[603.032s][info][gc,phases,start] GC(2161) Adjust Pointers
[603.350s][info][gc,phases      ] GC(2161) Adjust Pointers 317.340ms
[603.350s][info][gc,phases,start] GC(2161) Compaction Phase
[603.484s][info][gc,phases      ] GC(2161) Compaction Phase 134.145ms
[603.484s][info][gc,phases,start] GC(2161) Post Compact
[603.486s][info][gc,phases      ] GC(2161) Post Compact 2.275ms
[603.486s][info][gc,heap        ] GC(2161) PSYoungGen: 111616K(222720K)->11119K(222720K) Eden: 111616K(111616K)->11119K(111616K) From: 0K(111104K)->0K(111104K)
[603.486s][info][gc,heap        ] GC(2161) ParOldGen: 667646K(667648K)->667643K(667648K)
[603.486s][info][gc,metaspace   ] GC(2161) Metaspace: 19079K(19264K)->19079K(19264K) NonClass: 16419K(16512K)->16419K(16512K) Class: 2660K(2752K)->2660K(2752K)
[603.486s][info][gc             ] GC(2161) Pause Full (Allocation Failure) 760M->662M(869M) 930.347ms
[603.486s][info][gc,cpu         ] GC(2161) User=1.82s Sys=0.00s Real=0.93s
[603.565s][info][gc,start       ] GC(2162) Pause Full (Allocation Failure)
[603.565s][info][gc,phases,start] GC(2162) Marking Phase
[604.043s][info][gc,phases      ] GC(2162) Marking Phase 477.962ms
[604.043s][info][gc,phases,start] GC(2162) Summary Phase
[604.043s][info][gc,phases      ] GC(2162) Summary Phase 0.027ms
[604.043s][info][gc,phases,start] GC(2162) Forward
[604.048s][info][gc,phases      ] GC(2162) Forward 5.297ms
[604.048s][info][gc,phases,start] GC(2162) Adjust Pointers
[604.377s][info][gc,phases      ] GC(2162) Adjust Pointers 328.731ms
[604.377s][info][gc,phases,start] GC(2162) Compaction Phase
[604.518s][info][gc,phases      ] GC(2162) Compaction Phase 140.933ms
[604.518s][info][gc,phases,start] GC(2162) Post Compact
[604.521s][info][gc,phases      ] GC(2162) Post Compact 2.197ms
[604.521s][info][gc,heap        ] GC(2162) PSYoungGen: 111616K(222720K)->11902K(222720K) Eden: 111616K(111616K)->11902K(111616K) From: 0K(111104K)->0K(111104K)
[604.521s][info][gc,heap        ] GC(2162) ParOldGen: 667643K(667648K)->667643K(667648K)
[604.521s][info][gc,metaspace   ] GC(2162) Metaspace: 19079K(19264K)->19079K(19264K) NonClass: 16419K(16512K)->16419K(16512K) Class: 2660K(2752K)->2660K(2752K)
[604.521s][info][gc             ] GC(2162) Pause Full (Allocation Failure) 760M->663M(869M) 955.585ms
[604.521s][info][gc,cpu         ] GC(2162) User=1.87s Sys=0.00s Real=0.95s
[604.627s][info][gc,start       ] GC(2163) Pause Full (Allocation Failure)
[604.627s][info][gc,phases,start] GC(2163) Marking Phase
[605.092s][info][gc,phases      ] GC(2163) Marking Phase 464.180ms
[605.092s][info][gc,phases,start] GC(2163) Summary Phase
[605.092s][info][gc,phases      ] GC(2163) Summary Phase 0.025ms
[605.092s][info][gc,phases,start] GC(2163) Forward
[605.097s][info][gc,phases      ] GC(2163) Forward 5.295ms
[605.097s][info][gc,phases,start] GC(2163) Adjust Pointers
[605.415s][info][gc,phases      ] GC(2163) Adjust Pointers 318.075ms
[605.415s][info][gc,phases,start] GC(2163) Compaction Phase
[605.559s][info][gc,phases      ] GC(2163) Compaction Phase 143.660ms
[605.559s][info][gc,phases,start] GC(2163) Post Compact
[605.561s][info][gc,phases      ] GC(2163) Post Compact 2.280ms
[605.561s][info][gc,heap        ] GC(2163) PSYoungGen: 111616K(222720K)->12766K(222720K) Eden: 111616K(111616K)->12766K(111616K) From: 0K(111104K)->0K(111104K)
[605.561s][info][gc,heap        ] GC(2163) ParOldGen: 667643K(667648K)->667643K(667648K)
[605.561s][info][gc,metaspace   ] GC(2163) Metaspace: 19079K(19264K)->19079K(19264K) NonClass: 16419K(16512K)->16419K(16512K) Class: 2660K(2752K)->2660K(2752K)
[605.561s][info][gc             ] GC(2163) Pause Full (Allocation Failure) 760M->664M(869M) 933.990ms
[605.561s][info][gc,cpu         ] GC(2163) User=1.83s Sys=0.00s Real=0.93s
[605.872s][info][gc,start       ] GC(2164) Pause Full (Allocation Failure)
[605.872s][info][gc,phases,start] GC(2164) Marking Phase
[606.375s][info][gc,phases      ] GC(2164) Marking Phase 503.065ms
[606.375s][info][gc,phases,start] GC(2164) Summary Phase
[606.375s][info][gc,phases      ] GC(2164) Summary Phase 0.027ms
[606.375s][info][gc,phases,start] GC(2164) Forward
[606.525s][info][gc,phases      ] GC(2164) Forward 149.651ms
[606.525s][info][gc,phases,start] GC(2164) Adjust Pointers
[606.923s][info][gc,phases      ] GC(2164) Adjust Pointers 398.173ms
[606.923s][info][gc,phases,start] GC(2164) Compaction Phase
[607.124s][info][gc,phases      ] GC(2164) Compaction Phase 200.796ms
[607.141s][info][gc,phases,start] GC(2164) Post Compact
[607.143s][info][gc,phases      ] GC(2164) Post Compact 2.262ms
[607.143s][info][gc,heap        ] GC(2164) PSYoungGen: 111616K(222720K)->27673K(222720K) Eden: 111616K(111616K)->27673K(111616K) From: 0K(111104K)->0K(111104K)
[607.143s][info][gc,heap        ] GC(2164) ParOldGen: 667643K(667648K)->667498K(667648K)
[607.143s][info][gc,metaspace   ] GC(2164) Metaspace: 19082K(19328K)->19082K(19328K) NonClass: 16422K(16576K)->16422K(16576K) Class: 2660K(2752K)->2660K(2752K)
[607.143s][info][gc             ] GC(2164) Pause Full (Allocation Failure) 760M->678M(869M) 1271.163ms
[607.143s][info][gc,cpu         ] GC(2164) User=2.47s Sys=0.01s Real=1.28s
[607.280s][info][gc,start       ] GC(2165) Pause Full (Allocation Failure)
[607.280s][info][gc,phases,start] GC(2165) Marking Phase
[607.777s][info][gc,phases      ] GC(2165) Marking Phase 497.601ms
[607.777s][info][gc,phases,start] GC(2165) Summary Phase
[607.777s][info][gc,phases      ] GC(2165) Summary Phase 0.024ms
[607.777s][info][gc,phases,start] GC(2165) Forward
[607.938s][info][gc,phases      ] GC(2165) Forward 160.707ms
[607.938s][info][gc,phases,start] GC(2165) Adjust Pointers
[608.335s][info][gc,phases      ] GC(2165) Adjust Pointers 396.546ms
[608.335s][info][gc,phases,start] GC(2165) Compaction Phase
[608.531s][info][gc,phases      ] GC(2165) Compaction Phase 196.771ms
[608.548s][info][gc,phases,start] GC(2165) Post Compact
[608.550s][info][gc,phases      ] GC(2165) Post Compact 2.271ms
[608.550s][info][gc,heap        ] GC(2165) PSYoungGen: 111616K(222720K)->5505K(222720K) Eden: 111616K(111616K)->5505K(111616K) From: 0K(111104K)->0K(111104K)
[608.550s][info][gc,heap        ] GC(2165) ParOldGen: 667498K(667648K)->667446K(667648K)
[608.550s][info][gc,metaspace   ] GC(2165) Metaspace: 19082K(19328K)->19082K(19328K) NonClass: 16422K(16576K)->16422K(16576K) Class: 2660K(2752K)->2660K(2752K)
[608.550s][info][gc             ] GC(2165) Pause Full (Allocation Failure) 760M->657M(869M) 1270.483ms
[608.550s][info][gc,cpu         ] GC(2165) User=2.46s Sys=0.00s Real=1.27s
[608.665s][info][gc,start       ] GC(2166) Pause Full (Allocation Failure)
[608.665s][info][gc,phases,start] GC(2166) Marking Phase
[609.189s][info][gc,phases      ] GC(2166) Marking Phase 524.307ms
[609.189s][info][gc,phases,start] GC(2166) Summary Phase
[609.189s][info][gc,phases      ] GC(2166) Summary Phase 0.024ms
[609.189s][info][gc,phases,start] GC(2166) Forward
[609.200s][info][gc,phases      ] GC(2166) Forward 10.222ms
[609.200s][info][gc,phases,start] GC(2166) Adjust Pointers
[609.550s][info][gc,phases      ] GC(2166) Adjust Pointers 350.304ms
[609.550s][info][gc,phases,start] GC(2166) Compaction Phase
[609.694s][info][gc,phases      ] GC(2166) Compaction Phase 144.418ms
[609.695s][info][gc,phases,start] GC(2166) Post Compact
[609.697s][info][gc,phases      ] GC(2166) Post Compact 2.218ms
[609.697s][info][gc,heap        ] GC(2166) PSYoungGen: 111616K(222720K)->18435K(222720K) Eden: 111616K(111616K)->18435K(111616K) From: 0K(111104K)->0K(111104K)
[609.697s][info][gc,heap        ] GC(2166) ParOldGen: 667446K(667648K)->667446K(667648K)
[609.697s][info][gc,metaspace   ] GC(2166) Metaspace: 19082K(19328K)->19082K(19328K) NonClass: 16422K(16576K)->16422K(16576K) Class: 2660K(2752K)->2660K(2752K)
[609.697s][info][gc             ] GC(2166) Pause Full (Allocation Failure) 760M->669M(869M) 1031.924ms
[609.697s][info][gc,cpu         ] GC(2166) User=2.02s Sys=0.00s Real=1.03s
[609.802s][info][gc,start       ] GC(2167) Pause Full (Allocation Failure)
[609.802s][info][gc,phases,start] GC(2167) Marking Phase
[610.325s][info][gc,phases      ] GC(2167) Marking Phase 522.862ms
[610.325s][info][gc,phases,start] GC(2167) Summary Phase
[610.325s][info][gc,phases      ] GC(2167) Summary Phase 0.023ms
[610.325s][info][gc,phases,start] GC(2167) Forward
[610.340s][info][gc,phases      ] GC(2167) Forward 14.842ms
[610.340s][info][gc,phases,start] GC(2167) Adjust Pointers
[610.701s][info][gc,phases      ] GC(2167) Adjust Pointers 360.838ms
[610.701s][info][gc,phases,start] GC(2167) Compaction Phase
[610.853s][info][gc,phases      ] GC(2167) Compaction Phase 151.833ms
[610.853s][info][gc,phases,start] GC(2167) Post Compact
[610.855s][info][gc,phases      ] GC(2167) Post Compact 2.265ms
[610.855s][info][gc,heap        ] GC(2167) PSYoungGen: 111616K(222720K)->29407K(222720K) Eden: 111616K(111616K)->29407K(111616K) From: 0K(111104K)->0K(111104K)
[610.855s][info][gc,heap        ] GC(2167) ParOldGen: 667446K(667648K)->667446K(667648K)
[610.855s][info][gc,metaspace   ] GC(2167) Metaspace: 19082K(19328K)->19082K(19328K) NonClass: 16422K(16576K)->16422K(16576K) Class: 2660K(2752K)->2660K(2752K)
[610.855s][info][gc             ] GC(2167) Pause Full (Allocation Failure) 760M->680M(869M) 1053.064ms
[610.855s][info][gc,cpu         ] GC(2167) User=2.05s Sys=0.00s Real=1.06s
[610.939s][info][gc,start       ] GC(2168) Pause Full (Allocation Failure)
[610.939s][info][gc,phases,start] GC(2168) Marking Phase
[611.465s][info][gc,phases      ] GC(2168) Marking Phase 525.670ms
[611.465s][info][gc,phases,start] GC(2168) Summary Phase
[611.465s][info][gc,phases      ] GC(2168) Summary Phase 0.025ms
[611.465s][info][gc,phases,start] GC(2168) Forward
[611.620s][info][gc,phases      ] GC(2168) Forward 155.530ms
[611.620s][info][gc,phases,start] GC(2168) Adjust Pointers
[612.032s][info][gc,phases      ] GC(2168) Adjust Pointers 411.623ms
[612.032s][info][gc,phases,start] GC(2168) Compaction Phase
[612.216s][info][gc,phases      ] GC(2168) Compaction Phase 184.045ms
[612.234s][info][gc,phases,start] GC(2168) Post Compact
[612.236s][info][gc,phases      ] GC(2168) Post Compact 2.269ms
[612.236s][info][gc,heap        ] GC(2168) PSYoungGen: 111616K(222720K)->31765K(222720K) Eden: 111616K(111616K)->31765K(111616K) From: 0K(111104K)->0K(111104K)
[612.236s][info][gc,heap        ] GC(2168) ParOldGen: 667446K(667648K)->667446K(667648K)
[612.236s][info][gc,metaspace   ] GC(2168) Metaspace: 19082K(19328K)->19082K(19328K) NonClass: 16422K(16576K)->16422K(16576K) Class: 2660K(2752K)->2660K(2752K)
[612.236s][info][gc             ] GC(2168) Pause Full (Allocation Failure) 760M->682M(869M) 1296.919ms
[612.236s][info][gc,cpu         ] GC(2168) User=2.54s Sys=0.00s Real=1.30s
[612.331s][info][gc,start       ] GC(2169) Pause Full (Allocation Failure)
[612.331s][info][gc,phases,start] GC(2169) Marking Phase
[612.869s][info][gc,phases      ] GC(2169) Marking Phase 537.749ms
[612.869s][info][gc,phases,start] GC(2169) Summary Phase
[612.869s][info][gc,phases      ] GC(2169) Summary Phase 0.036ms
[612.869s][info][gc,phases,start] GC(2169) Forward
[612.886s][info][gc,phases      ] GC(2169) Forward 16.560ms
[612.886s][info][gc,phases,start] GC(2169) Adjust Pointers
[613.245s][info][gc,phases      ] GC(2169) Adjust Pointers 359.540ms
[613.245s][info][gc,phases,start] GC(2169) Compaction Phase
[613.391s][info][gc,phases      ] GC(2169) Compaction Phase 145.405ms
[613.391s][info][gc,phases,start] GC(2169) Post Compact
[613.393s][info][gc,phases      ] GC(2169) Post Compact 2.218ms
[613.393s][info][gc,heap        ] GC(2169) PSYoungGen: 111616K(222720K)->32088K(222720K) Eden: 111616K(111616K)->32088K(111616K) From: 0K(111104K)->0K(111104K)
[613.393s][info][gc,heap        ] GC(2169) ParOldGen: 667446K(667648K)->667446K(667648K)
[613.393s][info][gc,metaspace   ] GC(2169) Metaspace: 19082K(19328K)->19082K(19328K) NonClass: 16422K(16576K)->16422K(16576K) Class: 2660K(2752K)->2660K(2752K)
[613.393s][info][gc             ] GC(2169) Pause Full (Allocation Failure) 760M->683M(869M) 1062.009ms
[613.393s][info][gc,cpu         ] GC(2169) User=2.07s Sys=0.00s Real=1.07s
[613.515s][info][gc,start       ] GC(2170) Pause Full (Allocation Failure)
[613.515s][info][gc,phases,start] GC(2170) Marking Phase
[614.040s][info][gc,phases      ] GC(2170) Marking Phase 524.220ms
[614.040s][info][gc,phases,start] GC(2170) Summary Phase
[614.040s][info][gc,phases      ] GC(2170) Summary Phase 0.023ms
[614.040s][info][gc,phases,start] GC(2170) Forward
[614.056s][info][gc,phases      ] GC(2170) Forward 16.238ms
[614.056s][info][gc,phases,start] GC(2170) Adjust Pointers
[614.416s][info][gc,phases      ] GC(2170) Adjust Pointers 360.197ms
[614.416s][info][gc,phases,start] GC(2170) Compaction Phase
[614.566s][info][gc,phases      ] GC(2170) Compaction Phase 150.210ms
[614.567s][info][gc,phases,start] GC(2170) Post Compact
[614.569s][info][gc,phases      ] GC(2170) Post Compact 2.222ms
[614.569s][info][gc,heap        ] GC(2170) PSYoungGen: 111616K(222720K)->35119K(222720K) Eden: 111616K(111616K)->35119K(111616K) From: 0K(111104K)->0K(111104K)
[614.569s][info][gc,heap        ] GC(2170) ParOldGen: 667446K(667648K)->667446K(667648K)
[614.569s][info][gc,metaspace   ] GC(2170) Metaspace: 19083K(19328K)->19083K(19328K) NonClass: 16423K(16576K)->16423K(16576K) Class: 2660K(2752K)->2660K(2752K)
[614.569s][info][gc             ] GC(2170) Pause Full (Allocation Failure) 760M->686M(869M) 1053.543ms
[614.569s][info][gc,cpu         ] GC(2170) User=2.06s Sys=0.00s Real=1.05s
[614.647s][info][gc,start       ] GC(2171) Pause Full (Allocation Failure)
[614.648s][info][gc,phases,start] GC(2171) Marking Phase
[615.180s][info][gc,phases      ] GC(2171) Marking Phase 532.826ms
[615.180s][info][gc,phases,start] GC(2171) Summary Phase
[615.180s][info][gc,phases      ] GC(2171) Summary Phase 0.026ms
[615.180s][info][gc,phases,start] GC(2171) Forward
[615.329s][info][gc,phases      ] GC(2171) Forward 148.376ms
[615.329s][info][gc,phases,start] GC(2171) Adjust Pointers
[615.733s][info][gc,phases      ] GC(2171) Adjust Pointers 404.345ms
[615.733s][info][gc,phases,start] GC(2171) Compaction Phase
[615.915s][info][gc,phases      ] GC(2171) Compaction Phase 181.632ms
[615.932s][info][gc,phases,start] GC(2171) Post Compact
[615.934s][info][gc,phases      ] GC(2171) Post Compact 2.262ms
[615.934s][info][gc,heap        ] GC(2171) PSYoungGen: 111616K(222720K)->34756K(222720K) Eden: 111616K(111616K)->34756K(111616K) From: 0K(111104K)->0K(111104K)
[615.934s][info][gc,heap        ] GC(2171) ParOldGen: 667446K(667648K)->667445K(667648K)
[615.934s][info][gc,metaspace   ] GC(2171) Metaspace: 19083K(19328K)->19083K(19328K) NonClass: 16423K(16576K)->16423K(16576K) Class: 2660K(2752K)->2660K(2752K)
[615.934s][info][gc             ] GC(2171) Pause Full (Allocation Failure) 760M->685M(869M) 1286.813ms
[615.934s][info][gc,cpu         ] GC(2171) User=2.51s Sys=0.00s Real=1.29s
[615.977s][info][gc,start       ] GC(2172) Pause Full (Allocation Failure)
[615.977s][info][gc,phases,start] GC(2172) Marking Phase
[616.512s][info][gc,phases      ] GC(2172) Marking Phase 534.711ms
[616.512s][info][gc,phases,start] GC(2172) Summary Phase
[616.512s][info][gc,phases      ] GC(2172) Summary Phase 0.023ms
[616.512s][info][gc,phases,start] GC(2172) Forward
[616.530s][info][gc,phases      ] GC(2172) Forward 17.825ms
[616.530s][info][gc,phases,start] GC(2172) Adjust Pointers
[616.892s][info][gc,phases      ] GC(2172) Adjust Pointers 362.382ms
[616.892s][info][gc,phases,start] GC(2172) Compaction Phase
[617.042s][info][gc,phases      ] GC(2172) Compaction Phase 149.881ms
[617.042s][info][gc,phases,start] GC(2172) Post Compact
[617.045s][info][gc,phases      ] GC(2172) Post Compact 2.222ms
[617.045s][info][gc,heap        ] GC(2172) PSYoungGen: 111616K(222720K)->34769K(222720K) Eden: 111616K(111616K)->34769K(111616K) From: 0K(111104K)->0K(111104K)
[617.045s][info][gc,heap        ] GC(2172) ParOldGen: 667445K(667648K)->667445K(667648K)
[617.045s][info][gc,metaspace   ] GC(2172) Metaspace: 19083K(19328K)->19083K(19328K) NonClass: 16423K(16576K)->16423K(16576K) Class: 2660K(2752K)->2660K(2752K)
[617.045s][info][gc             ] GC(2172) Pause Full (Allocation Failure) 760M->685M(869M) 1067.475ms
[617.045s][info][gc,cpu         ] GC(2172) User=2.08s Sys=0.00s Real=1.07s
[617.092s][info][gc,start       ] GC(2173) Pause Full (Allocation Failure)
[617.092s][info][gc,phases,start] GC(2173) Marking Phase
[617.615s][info][gc,phases      ] GC(2173) Marking Phase 522.598ms
[617.615s][info][gc,phases,start] GC(2173) Summary Phase
[617.615s][info][gc,phases      ] GC(2173) Summary Phase 0.023ms
[617.615s][info][gc,phases,start] GC(2173) Forward
[617.632s][info][gc,phases      ] GC(2173) Forward 17.447ms
[617.632s][info][gc,phases,start] GC(2173) Adjust Pointers
[617.984s][info][gc,phases      ] GC(2173) Adjust Pointers 351.373ms
[617.984s][info][gc,phases,start] GC(2173) Compaction Phase
[618.129s][info][gc,phases      ] GC(2173) Compaction Phase 145.274ms
[618.129s][info][gc,phases,start] GC(2173) Post Compact
[618.131s][info][gc,phases      ] GC(2173) Post Compact 2.200ms
[618.131s][info][gc,heap        ] GC(2173) PSYoungGen: 111616K(222720K)->34769K(222720K) Eden: 111616K(111616K)->34769K(111616K) From: 0K(111104K)->0K(111104K)
[618.131s][info][gc,heap        ] GC(2173) ParOldGen: 667445K(667648K)->667445K(667648K)
[618.131s][info][gc,metaspace   ] GC(2173) Metaspace: 19083K(19328K)->19083K(19328K) NonClass: 16423K(16576K)->16423K(16576K) Class: 2660K(2752K)->2660K(2752K)
[618.131s][info][gc             ] GC(2173) Pause Full (Allocation Failure) 760M->685M(869M) 1039.273ms
[618.131s][info][gc,cpu         ] GC(2173) User=2.03s Sys=0.00s Real=1.04s
[618.216s][info][gc,start       ] GC(2174) Pause Full (Allocation Failure)
[618.216s][info][gc,phases,start] GC(2174) Marking Phase
[618.740s][info][gc,phases      ] GC(2174) Marking Phase 524.737ms
[618.740s][info][gc,phases,start] GC(2174) Summary Phase
[618.740s][info][gc,phases      ] GC(2174) Summary Phase 0.022ms
[618.740s][info][gc,phases,start] GC(2174) Forward
[618.758s][info][gc,phases      ] GC(2174) Forward 17.548ms
[618.758s][info][gc,phases,start] GC(2174) Adjust Pointers
[619.109s][info][gc,phases      ] GC(2174) Adjust Pointers 350.718ms
[619.109s][info][gc,phases,start] GC(2174) Compaction Phase
[619.256s][info][gc,phases      ] GC(2174) Compaction Phase 147.233ms
[619.256s][info][gc,phases,start] GC(2174) Post Compact
[619.258s][info][gc,phases      ] GC(2174) Post Compact 2.254ms
[619.258s][info][gc,heap        ] GC(2174) PSYoungGen: 111616K(222720K)->38629K(222720K) Eden: 111616K(111616K)->38629K(111616K) From: 0K(111104K)->0K(111104K)
[619.258s][info][gc,heap        ] GC(2174) ParOldGen: 667445K(667648K)->667445K(667648K)
[619.258s][info][gc,metaspace   ] GC(2174) Metaspace: 19083K(19328K)->19083K(19328K) NonClass: 16423K(16576K)->16423K(16576K) Class: 2660K(2752K)->2660K(2752K)
[619.258s][info][gc             ] GC(2174) Pause Full (Allocation Failure) 760M->689M(869M) 1042.893ms
[619.258s][info][gc,cpu         ] GC(2174) User=2.03s Sys=0.00s Real=1.04s
[619.387s][info][gc,start       ] GC(2175) Pause Full (Allocation Failure)
[619.387s][info][gc,phases,start] GC(2175) Marking Phase
[619.801s][info][gc,phases      ] GC(2175) Marking Phase 414.200ms
[619.801s][info][gc,phases,start] GC(2175) Summary Phase
[619.801s][info][gc,phases      ] GC(2175) Summary Phase 0.026ms
[619.801s][info][gc,phases,start] GC(2175) Forward
[619.943s][info][gc,phases      ] GC(2175) Forward 142.162ms
[619.944s][info][gc,phases,start] GC(2175) Adjust Pointers
[620.260s][info][gc,phases      ] GC(2175) Adjust Pointers 316.583ms
[620.260s][info][gc,phases,start] GC(2175) Compaction Phase
[620.434s][info][gc,phases      ] GC(2175) Compaction Phase 173.810ms
[620.445s][info][gc,phases,start] GC(2175) Post Compact
[620.447s][info][gc,phases      ] GC(2175) Post Compact 2.228ms
[620.448s][info][gc,heap        ] GC(2175) PSYoungGen: 111616K(222720K)->0K(222720K) Eden: 111616K(111616K)->0K(111616K) From: 0K(111104K)->0K(111104K)
[620.448s][info][gc,heap        ] GC(2175) ParOldGen: 667445K(667648K)->578418K(667648K)
[620.448s][info][gc,metaspace   ] GC(2175) Metaspace: 19083K(19328K)->19083K(19328K) NonClass: 16423K(16576K)->16423K(16576K) Class: 2660K(2752K)->2660K(2752K)
[620.448s][info][gc             ] GC(2175) Pause Full (Allocation Failure) 760M->564M(869M) 1060.592ms
[620.448s][info][gc,cpu         ] GC(2175) User=2.02s Sys=0.00s Real=1.06s
[620.594s][info][gc,start       ] GC(2176) Pause Young (Allocation Failure)
[620.597s][info][gc,heap        ] GC(2176) PSYoungGen: 111616K(222720K)->672K(112640K) Eden: 111616K(111616K)->0K(111616K) From: 0K(111104K)->672K(1024K)
[620.598s][info][gc,heap        ] GC(2176) ParOldGen: 578418K(667648K)->578418K(667648K)
[620.598s][info][gc,metaspace   ] GC(2176) Metaspace: 19083K(19328K)->19083K(19328K) NonClass: 16423K(16576K)->16423K(16576K) Class: 2660K(2752K)->2660K(2752K)
[620.598s][info][gc             ] GC(2176) Pause Young (Allocation Failure) 673M->565M(762M) 3.491ms
[620.598s][info][gc,cpu         ] GC(2176) User=0.01s Sys=0.00s Real=0.00s
[620.887s][info][gc,start       ] GC(2177) Pause Young (Allocation Failure)
[620.900s][info][gc,heap        ] GC(2177) PSYoungGen: 112288K(112640K)->9600K(221184K) Eden: 111616K(111616K)->0K(115200K) From: 672K(1024K)->9600K(105984K)
[620.900s][info][gc,heap        ] GC(2177) ParOldGen: 578418K(667648K)->578418K(667648K)
[620.900s][info][gc,metaspace   ] GC(2177) Metaspace: 19083K(19328K)->19083K(19328K) NonClass: 16423K(16576K)->16423K(16576K) Class: 2660K(2752K)->2660K(2752K)
[620.900s][info][gc             ] GC(2177) Pause Young (Allocation Failure) 674M->574M(868M) 12.825ms
[620.900s][info][gc,cpu         ] GC(2177) User=0.03s Sys=0.00s Real=0.01s
[621.049s][info][gc,start       ] GC(2178) Pause Young (Allocation Failure)
[621.073s][info][gc,heap        ] GC(2178) PSYoungGen: 124800K(221184K)->22048K(137728K) Eden: 115200K(115200K)->0K(115200K) From: 9600K(105984K)->22048K(22528K)
[621.073s][info][gc,heap        ] GC(2178) ParOldGen: 578418K(667648K)->578418K(667648K)
[621.073s][info][gc,metaspace   ] GC(2178) Metaspace: 19083K(19328K)->19083K(19328K) NonClass: 16423K(16576K)->16423K(16576K) Class: 2660K(2752K)->2660K(2752K)
[621.073s][info][gc             ] GC(2178) Pause Young (Allocation Failure) 686M->586M(786M) 23.878ms
[621.073s][info][gc,cpu         ] GC(2178) User=0.05s Sys=0.00s Real=0.02s
[621.221s][info][gc,start       ] GC(2179) Pause Young (Allocation Failure)
[621.247s][info][gc,heap        ] GC(2179) PSYoungGen: 137248K(137728K)->22104K(207360K) Eden: 115200K(115200K)->0K(118784K) From: 22048K(22528K)->22104K(88576K)
[621.247s][info][gc,heap        ] GC(2179) ParOldGen: 578418K(667648K)->578418K(667648K)
[621.247s][info][gc,metaspace   ] GC(2179) Metaspace: 19083K(19328K)->19083K(19328K) NonClass: 16423K(16576K)->16423K(16576K) Class: 2660K(2752K)->2660K(2752K)
[621.247s][info][gc             ] GC(2179) Pause Young (Allocation Failure) 698M->586M(854M) 25.668ms
[621.247s][info][gc,cpu         ] GC(2179) User=0.05s Sys=0.00s Real=0.03s
[621.454s][info][gc,start       ] GC(2180) Pause Young (Allocation Failure)
[621.481s][info][gc,heap        ] GC(2180) PSYoungGen: 140888K(207360K)->22104K(141312K) Eden: 118784K(118784K)->0K(118784K) From: 22104K(88576K)->22104K(22528K)
[621.481s][info][gc,heap        ] GC(2180) ParOldGen: 578418K(667648K)->578418K(667648K)
[621.481s][info][gc,metaspace   ] GC(2180) Metaspace: 19083K(19328K)->19083K(19328K) NonClass: 16423K(16576K)->16423K(16576K) Class: 2660K(2752K)->2660K(2752K)
[621.481s][info][gc             ] GC(2180) Pause Young (Allocation Failure) 702M->586M(790M) 27.008ms
[621.481s][info][gc,cpu         ] GC(2180) User=0.05s Sys=0.00s Real=0.02s
[622.693s][info][gc,start       ] GC(2181) Pause Young (Allocation Failure)
[622.717s][info][gc,heap        ] GC(2181) PSYoungGen: 140888K(141312K)->22564K(198656K) Eden: 118784K(118784K)->0K(121856K) From: 22104K(22528K)->22564K(76800K)
[622.717s][info][gc,heap        ] GC(2181) ParOldGen: 578418K(667648K)->578418K(667648K)
[622.717s][info][gc,metaspace   ] GC(2181) Metaspace: 19083K(19328K)->19083K(19328K) NonClass: 16423K(16576K)->16423K(16576K) Class: 2660K(2752K)->2660K(2752K)
[622.717s][info][gc             ] GC(2181) Pause Young (Allocation Failure) 702M->586M(846M) 24.293ms
[622.717s][info][gc,cpu         ] GC(2181) User=0.05s Sys=0.00s Real=0.03s
[623.241s][info][gc,start       ] GC(2182) Pause Young (Allocation Failure)
[623.269s][info][gc,heap        ] GC(2182) PSYoungGen: 144420K(198656K)->23005K(144896K) Eden: 121856K(121856K)->0K(121856K) From: 22564K(76800K)->23005K(23040K)
[623.269s][info][gc,heap        ] GC(2182) ParOldGen: 578418K(667648K)->578418K(667648K)
[623.269s][info][gc,metaspace   ] GC(2182) Metaspace: 19083K(19328K)->19083K(19328K) NonClass: 16423K(16576K)->16423K(16576K) Class: 2660K(2752K)->2660K(2752K)
[623.269s][info][gc             ] GC(2182) Pause Young (Allocation Failure) 705M->587M(793M) 27.190ms
[623.269s][info][gc,cpu         ] GC(2182) User=0.05s Sys=0.00s Real=0.03s
[623.846s][info][gc,start       ] GC(2183) Pause Young (Allocation Failure)
[623.872s][info][gc,heap        ] GC(2183) PSYoungGen: 144861K(144896K)->24871K(191488K) Eden: 121856K(121856K)->0K(123904K) From: 23005K(23040K)->24871K(67584K)
[623.872s][info][gc,heap        ] GC(2183) ParOldGen: 578418K(667648K)->578426K(667648K)
[623.872s][info][gc,metaspace   ] GC(2183) Metaspace: 19090K(19328K)->19090K(19328K) NonClass: 16430K(16576K)->16430K(16576K) Class: 2660K(2752K)->2660K(2752K)
[623.872s][info][gc             ] GC(2183) Pause Young (Allocation Failure) 706M->589M(839M) 26.115ms
[623.872s][info][gc,cpu         ] GC(2183) User=0.05s Sys=0.00s Real=0.02s
[624.156s][info][gc,start       ] GC(2184) Pause Young (Allocation Failure)
[624.181s][info][gc,heap        ] GC(2184) PSYoungGen: 148775K(191488K)->24477K(148480K) Eden: 123904K(123904K)->0K(123904K) From: 24871K(67584K)->24477K(24576K)
[624.181s][info][gc,heap        ] GC(2184) ParOldGen: 578426K(667648K)->578426K(667648K)
[624.181s][info][gc,metaspace   ] GC(2184) Metaspace: 19090K(19328K)->19090K(19328K) NonClass: 16430K(16576K)->16430K(16576K) Class: 2660K(2752K)->2660K(2752K)
[624.181s][info][gc             ] GC(2184) Pause Young (Allocation Failure) 710M->588M(797M) 25.424ms
[624.181s][info][gc,cpu         ] GC(2184) User=0.05s Sys=0.00s Real=0.02s
[624.447s][info][gc,start       ] GC(2185) Pause Young (Allocation Failure)
[624.473s][info][gc,heap        ] GC(2185) PSYoungGen: 148381K(148480K)->25101K(187904K) Eden: 123904K(123904K)->0K(126464K) From: 24477K(24576K)->25101K(61440K)
[624.473s][info][gc,heap        ] GC(2185) ParOldGen: 578426K(667648K)->578426K(667648K)
[624.473s][info][gc,metaspace   ] GC(2185) Metaspace: 19090K(19328K)->19090K(19328K) NonClass: 16430K(16576K)->16430K(16576K) Class: 2660K(2752K)->2660K(2752K)
[624.473s][info][gc             ] GC(2185) Pause Young (Allocation Failure) 709M->589M(835M) 26.264ms
[624.473s][info][gc,cpu         ] GC(2185) User=0.05s Sys=0.00s Real=0.03s
[624.678s][info][gc,start       ] GC(2186) Pause Young (Allocation Failure)
[624.722s][info][gc,heap        ] GC(2186) PSYoungGen: 151565K(187904K)->45629K(191488K) Eden: 126464K(126464K)->0K(126464K) From: 25101K(61440K)->45629K(65024K)
[624.722s][info][gc,heap        ] GC(2186) ParOldGen: 578426K(667648K)->578434K(667648K)
[624.722s][info][gc,metaspace   ] GC(2186) Metaspace: 19092K(19328K)->19092K(19328K) NonClass: 16432K(16576K)->16432K(16576K) Class: 2660K(2752K)->2660K(2752K)
[624.722s][info][gc             ] GC(2186) Pause Young (Allocation Failure) 712M->609M(839M) 44.363ms
[624.722s][info][gc,cpu         ] GC(2186) User=0.08s Sys=0.00s Real=0.04s
[624.808s][info][gc,start       ] GC(2187) Pause Young (Allocation Failure)
[624.887s][info][gc,heap        ] GC(2187) PSYoungGen: 172093K(191488K)->68589K(180736K) Eden: 126464K(126464K)->0K(112128K) From: 45629K(65024K)->68589K(68608K)
[624.887s][info][gc,heap        ] GC(2187) ParOldGen: 578434K(667648K)->596546K(667648K)
[624.887s][info][gc,metaspace   ] GC(2187) Metaspace: 19092K(19328K)->19092K(19328K) NonClass: 16432K(16576K)->16432K(16576K) Class: 2660K(2752K)->2660K(2752K)
[624.887s][info][gc             ] GC(2187) Pause Young (Allocation Failure) 732M->649M(828M) 78.661ms
[624.887s][info][gc,cpu         ] GC(2187) User=0.15s Sys=0.01s Real=0.08s
[624.962s][info][gc,start       ] GC(2188) Pause Young (Allocation Failure)
[625.057s][info][gc,heap        ] GC(2188) PSYoungGen: 180717K(180736K)->86013K(198144K) Eden: 112128K(112128K)->0K(112128K) From: 68589K(68608K)->86013K(86016K)
[625.057s][info][gc,heap        ] GC(2188) ParOldGen: 596546K(667648K)->620282K(667648K)
[625.057s][info][gc,metaspace   ] GC(2188) Metaspace: 19092K(19328K)->19092K(19328K) NonClass: 16432K(16576K)->16432K(16576K) Class: 2660K(2752K)->2660K(2752K)
[625.057s][info][gc             ] GC(2188) Pause Young (Allocation Failure) 759M->689M(845M) 94.559ms
[625.057s][info][gc,cpu         ] GC(2188) User=0.19s Sys=0.00s Real=0.10s
[625.158s][info][gc,start       ] GC(2189) Pause Young (Allocation Failure)
[625.296s][info][gc,heap        ] GC(2189) PSYoungGen: 198141K(198144K)->108013K(220672K) Eden: 112128K(112128K)->0K(111616K) From: 86013K(86016K)->108013K(109056K)
[625.296s][info][gc,heap        ] GC(2189) ParOldGen: 620282K(667648K)->641738K(667648K)
[625.297s][info][gc,metaspace   ] GC(2189) Metaspace: 19095K(19328K)->19095K(19328K) NonClass: 16434K(16576K)->16434K(16576K) Class: 2660K(2752K)->2660K(2752K)
[625.297s][info][gc             ] GC(2189) Pause Young (Allocation Failure) 799M->732M(867M) 138.163ms
[625.297s][info][gc,cpu         ] GC(2189) User=0.23s Sys=0.05s Real=0.14s
[625.467s][info][gc,start       ] GC(2190) Pause Full (Allocation Failure)
[625.467s][info][gc,phases,start] GC(2190) Marking Phase
[625.595s][info][gc,phases      ] GC(2190) Marking Phase 127.399ms
[625.595s][info][gc,phases,start] GC(2190) Summary Phase
[625.595s][info][gc,phases      ] GC(2190) Summary Phase 0.025ms
[625.595s][info][gc,phases,start] GC(2190) Forward
[625.633s][info][gc,phases      ] GC(2190) Forward 38.665ms
[625.634s][info][gc,phases,start] GC(2190) Adjust Pointers
[625.721s][info][gc,phases      ] GC(2190) Adjust Pointers 87.159ms
[625.721s][info][gc,phases,start] GC(2190) Compaction Phase
[625.784s][info][gc,phases      ] GC(2190) Compaction Phase 63.114ms
[625.786s][info][gc,phases,start] GC(2190) Post Compact
[625.788s][info][gc,phases      ] GC(2190) Post Compact 2.433ms
[625.800s][info][gc,heap        ] GC(2190) PSYoungGen: 219629K(220672K)->0K(222720K) Eden: 111616K(111616K)->0K(111616K) From: 108013K(109056K)->0K(111104K)
[625.800s][info][gc,heap        ] GC(2190) ParOldGen: 641738K(667648K)->215646K(516608K)
[625.800s][info][gc,metaspace   ] GC(2190) Metaspace: 19095K(19328K)->19095K(19328K) NonClass: 16434K(16576K)->16434K(16576K) Class: 2660K(2752K)->2660K(2752K)
[625.800s][info][gc             ] GC(2190) Pause Full (Allocation Failure) 841M->210M(722M) 332.814ms
[625.800s][info][gc,cpu         ] GC(2190) User=0.61s Sys=0.01s Real=0.33s
[625.928s][info][gc,start       ] GC(2191) Pause Young (Allocation Failure)
[625.945s][info][gc,heap        ] GC(2191) PSYoungGen: 111616K(222720K)->5568K(222720K) Eden: 111616K(111616K)->0K(111616K) From: 0K(111104K)->5568K(111104K)
[625.945s][info][gc,heap        ] GC(2191) ParOldGen: 215646K(516608K)->215646K(516608K)
[625.945s][info][gc,metaspace   ] GC(2191) Metaspace: 19096K(19328K)->19096K(19328K) NonClass: 16436K(16576K)->16436K(16576K) Class: 2660K(2752K)->2660K(2752K)
[625.945s][info][gc             ] GC(2191) Pause Young (Allocation Failure) 319M->216M(722M) 16.872ms
[625.945s][info][gc,cpu         ] GC(2191) User=0.03s Sys=0.00s Real=0.02s
[626.056s][info][gc,start       ] GC(2192) Pause Young (Allocation Failure)
[626.106s][info][gc,heap        ] GC(2192) PSYoungGen: 117184K(222720K)->30962K(222720K) Eden: 111616K(111616K)->0K(111616K) From: 5568K(111104K)->30962K(111104K)
[626.106s][info][gc,heap        ] GC(2192) ParOldGen: 215646K(516608K)->215646K(516608K)
[626.106s][info][gc,metaspace   ] GC(2192) Metaspace: 19096K(19328K)->19096K(19328K) NonClass: 16436K(16576K)->16436K(16576K) Class: 2660K(2752K)->2660K(2752K)
[626.106s][info][gc             ] GC(2192) Pause Young (Allocation Failure) 325M->240M(722M) 49.341ms
[626.106s][info][gc,cpu         ] GC(2192) User=0.10s Sys=0.00s Real=0.05s
[626.229s][info][gc,start       ] GC(2193) Pause Young (Allocation Failure)
[626.284s][info][gc,heap        ] GC(2193) PSYoungGen: 142578K(222720K)->37938K(222720K) Eden: 111616K(111616K)->0K(111616K) From: 30962K(111104K)->37938K(111104K)
[626.284s][info][gc,heap        ] GC(2193) ParOldGen: 215646K(516608K)->215646K(516608K)
[626.284s][info][gc,metaspace   ] GC(2193) Metaspace: 19096K(19328K)->19096K(19328K) NonClass: 16436K(16576K)->16436K(16576K) Class: 2660K(2752K)->2660K(2752K)
[626.285s][info][gc             ] GC(2193) Pause Young (Allocation Failure) 349M->247M(722M) 55.170ms
[626.285s][info][gc,cpu         ] GC(2193) User=0.11s Sys=0.00s Real=0.06s
[626.388s][info][gc,start       ] GC(2194) Pause Young (Allocation Failure)
[626.452s][info][gc,heap        ] GC(2194) PSYoungGen: 149554K(222720K)->47122K(159232K) Eden: 111616K(111616K)->0K(111616K) From: 37938K(111104K)->47122K(47616K)
[626.452s][info][gc,heap        ] GC(2194) ParOldGen: 215646K(516608K)->215646K(516608K)
[626.452s][info][gc,metaspace   ] GC(2194) Metaspace: 19096K(19328K)->19096K(19328K) NonClass: 16436K(16576K)->16436K(16576K) Class: 2660K(2752K)->2660K(2752K)
[626.452s][info][gc             ] GC(2194) Pause Young (Allocation Failure) 356M->256M(660M) 63.894ms
[626.452s][info][gc,cpu         ] GC(2194) User=0.12s Sys=0.01s Real=0.06s
[626.556s][info][gc,start       ] GC(2195) Pause Young (Allocation Failure)
[626.620s][info][gc,heap        ] GC(2195) PSYoungGen: 158738K(159232K)->47666K(222720K) Eden: 111616K(111616K)->0K(116224K) From: 47122K(47616K)->47666K(106496K)
[626.620s][info][gc,heap        ] GC(2195) ParOldGen: 215646K(516608K)->215646K(516608K)
[626.620s][info][gc,metaspace   ] GC(2195) Metaspace: 19096K(19328K)->19096K(19328K) NonClass: 16436K(16576K)->16436K(16576K) Class: 2660K(2752K)->2660K(2752K)
[626.620s][info][gc             ] GC(2195) Pause Young (Allocation Failure) 365M->257M(722M) 64.438ms
[626.620s][info][gc,cpu         ] GC(2195) User=0.13s Sys=0.00s Real=0.06s
[626.706s][info][gc,start       ] GC(2196) Pause Young (Allocation Failure)
[626.787s][info][gc,heap        ] GC(2196) PSYoungGen: 163890K(222720K)->67986K(219648K) Eden: 116224K(116224K)->0K(116224K) From: 47666K(106496K)->67986K(103424K)
[626.788s][info][gc,heap        ] GC(2196) ParOldGen: 215646K(516608K)->215646K(516608K)
[626.788s][info][gc,metaspace   ] GC(2196) Metaspace: 19096K(19328K)->19096K(19328K) NonClass: 16436K(16576K)->16436K(16576K) Class: 2660K(2752K)->2660K(2752K)
[626.788s][info][gc             ] GC(2196) Pause Young (Allocation Failure) 370M->276M(719M) 81.663ms
[626.788s][info][gc,cpu         ] GC(2196) User=0.16s Sys=0.00s Real=0.08s
[626.850s][info][gc,start       ] GC(2197) Pause Young (Allocation Failure)
[626.960s][info][gc,heap        ] GC(2197) PSYoungGen: 184210K(219648K)->102898K(218112K) Eden: 116224K(116224K)->0K(111616K) From: 67986K(103424K)->102898K(106496K)
[626.960s][info][gc,heap        ] GC(2197) ParOldGen: 215646K(516608K)->215646K(516608K)
[626.960s][info][gc,metaspace   ] GC(2197) Metaspace: 19096K(19328K)->19096K(19328K) NonClass: 16436K(16576K)->16436K(16576K) Class: 2660K(2752K)->2660K(2752K)
[626.960s][info][gc             ] GC(2197) Pause Young (Allocation Failure) 390M->311M(717M) 110.158ms
[626.960s][info][gc,cpu         ] GC(2197) User=0.22s Sys=0.00s Real=0.11s
[627.051s][info][gc,start       ] GC(2198) Pause Young (Allocation Failure)
[627.161s][info][gc,heap        ] GC(2198) PSYoungGen: 214514K(218112K)->109631K(222720K) Eden: 111616K(111616K)->0K(111616K) From: 102898K(106496K)->109631K(111104K)
[627.161s][info][gc,heap        ] GC(2198) ParOldGen: 215646K(516608K)->215646K(516608K)
[627.161s][info][gc,metaspace   ] GC(2198) Metaspace: 19096K(19328K)->19096K(19328K) NonClass: 16436K(16576K)->16436K(16576K) Class: 2660K(2752K)->2660K(2752K)
[627.161s][info][gc             ] GC(2198) Pause Young (Allocation Failure) 420M->317M(722M) 109.821ms
[627.161s][info][gc,cpu         ] GC(2198) User=0.21s Sys=0.00s Real=0.11s
[627.259s][info][gc,start       ] GC(2199) Pause Young (Allocation Failure)
[627.387s][info][gc,heap        ] GC(2199) PSYoungGen: 221247K(222720K)->111099K(222720K) Eden: 111616K(111616K)->0K(111616K) From: 109631K(111104K)->111099K(111104K)
[627.387s][info][gc,heap        ] GC(2199) ParOldGen: 215646K(516608K)->224549K(516608K)
[627.387s][info][gc,metaspace   ] GC(2199) Metaspace: 19096K(19328K)->19096K(19328K) NonClass: 16436K(16576K)->16436K(16576K) Class: 2660K(2752K)->2660K(2752K)
[627.387s][info][gc             ] GC(2199) Pause Young (Allocation Failure) 426M->327M(722M) 127.972ms
[627.387s][info][gc,cpu         ] GC(2199) User=0.25s Sys=0.01s Real=0.13s
[627.489s][info][gc,start       ] GC(2200) Pause Young (Allocation Failure)
[627.599s][info][gc,heap        ] GC(2200) PSYoungGen: 222715K(222720K)->85507K(222720K) Eden: 111616K(111616K)->0K(111616K) From: 111099K(111104K)->85507K(111104K)
[627.599s][info][gc,heap        ] GC(2200) ParOldGen: 224549K(516608K)->253624K(516608K)
[627.599s][info][gc,metaspace   ] GC(2200) Metaspace: 19096K(19328K)->19096K(19328K) NonClass: 16436K(16576K)->16436K(16576K) Class: 2660K(2752K)->2660K(2752K)
[627.599s][info][gc             ] GC(2200) Pause Young (Allocation Failure) 436M->331M(722M) 110.045ms
[627.599s][info][gc,cpu         ] GC(2200) User=0.22s Sys=0.00s Real=0.11s
[627.656s][info][gc,start       ] GC(2201) Pause Young (Allocation Failure)
[627.738s][info][gc,heap        ] GC(2201) PSYoungGen: 197123K(222720K)->78979K(222720K) Eden: 111616K(111616K)->0K(111616K) From: 85507K(111104K)->78979K(111104K)
[627.738s][info][gc,heap        ] GC(2201) ParOldGen: 253624K(516608K)->263400K(516608K)
[627.738s][info][gc,metaspace   ] GC(2201) Metaspace: 19096K(19328K)->19096K(19328K) NonClass: 16436K(16576K)->16436K(16576K) Class: 2660K(2752K)->2660K(2752K)
[627.738s][info][gc             ] GC(2201) Pause Young (Allocation Failure) 440M->334M(722M) 81.327ms
[627.738s][info][gc,cpu         ] GC(2201) User=0.17s Sys=0.00s Real=0.08s
[627.859s][info][gc,start       ] GC(2202) Pause Young (Allocation Failure)
[627.932s][info][gc,heap        ] GC(2202) PSYoungGen: 190595K(222720K)->26275K(222720K) Eden: 111616K(111616K)->0K(111616K) From: 78979K(111104K)->26275K(111104K)
[627.932s][info][gc,heap        ] GC(2202) ParOldGen: 263400K(516608K)->318923K(516608K)
[627.932s][info][gc,metaspace   ] GC(2202) Metaspace: 19096K(19328K)->19096K(19328K) NonClass: 16436K(16576K)->16436K(16576K) Class: 2660K(2752K)->2660K(2752K)
[627.932s][info][gc             ] GC(2202) Pause Young (Allocation Failure) 443M->337M(722M) 73.514ms
[627.932s][info][gc,cpu         ] GC(2202) User=0.14s Sys=0.00s Real=0.07s
[628.247s][info][gc,start       ] GC(2203) Pause Young (Allocation Failure)
[628.280s][info][gc,heap        ] GC(2203) PSYoungGen: 137891K(222720K)->9408K(222720K) Eden: 111616K(111616K)->0K(111616K) From: 26275K(111104K)->9408K(111104K)
[628.280s][info][gc,heap        ] GC(2203) ParOldGen: 318923K(516608K)->336142K(516608K)
[628.280s][info][gc,metaspace   ] GC(2203) Metaspace: 19096K(19328K)->19096K(19328K) NonClass: 16436K(16576K)->16436K(16576K) Class: 2660K(2752K)->2660K(2752K)
[628.280s][info][gc             ] GC(2203) Pause Young (Allocation Failure) 446M->337M(722M) 32.769ms
[628.280s][info][gc,cpu         ] GC(2203) User=0.06s Sys=0.00s Real=0.03s
[628.453s][info][gc,start       ] GC(2204) Pause Young (Allocation Failure)
[628.491s][info][gc,heap        ] GC(2204) PSYoungGen: 121024K(222720K)->32064K(222720K) Eden: 111616K(111616K)->0K(111616K) From: 9408K(111104K)->32064K(111104K)
[628.491s][info][gc,heap        ] GC(2204) ParOldGen: 336142K(516608K)->342798K(516608K)
[628.491s][info][gc,metaspace   ] GC(2204) Metaspace: 19096K(19328K)->19096K(19328K) NonClass: 16436K(16576K)->16436K(16576K) Class: 2660K(2752K)->2660K(2752K)
[628.491s][info][gc             ] GC(2204) Pause Young (Allocation Failure) 446M->366M(722M) 37.300ms
[628.491s][info][gc,cpu         ] GC(2204) User=0.07s Sys=0.00s Real=0.03s
[628.616s][info][gc,start       ] GC(2205) Pause Young (Allocation Failure)
[628.675s][info][gc,heap        ] GC(2205) PSYoungGen: 143680K(222720K)->66416K(222720K) Eden: 111616K(111616K)->0K(111616K) From: 32064K(111104K)->66416K(111104K)
[628.675s][info][gc,heap        ] GC(2205) ParOldGen: 342798K(516608K)->345534K(516608K)
[628.675s][info][gc,metaspace   ] GC(2205) Metaspace: 19096K(19328K)->19096K(19328K) NonClass: 16436K(16576K)->16436K(16576K) Class: 2660K(2752K)->2660K(2752K)
[628.675s][info][gc             ] GC(2205) Pause Young (Allocation Failure) 475M->402M(722M) 58.641ms
[628.675s][info][gc,cpu         ] GC(2205) User=0.11s Sys=0.00s Real=0.06s
[628.816s][info][gc,start       ] GC(2206) Pause Young (Allocation Failure)
[628.886s][info][gc,heap        ] GC(2206) PSYoungGen: 178032K(222720K)->14592K(222720K) Eden: 111616K(111616K)->0K(111616K) From: 66416K(111104K)->14592K(111104K)
[628.886s][info][gc,heap        ] GC(2206) ParOldGen: 345534K(516608K)->412320K(516608K)
[628.887s][info][gc,metaspace   ] GC(2206) Metaspace: 19096K(19328K)->19096K(19328K) NonClass: 16436K(16576K)->16436K(16576K) Class: 2660K(2752K)->2660K(2752K)
[628.887s][info][gc             ] GC(2206) Pause Young (Allocation Failure) 511M->416M(722M) 70.818ms
[628.887s][info][gc,cpu         ] GC(2206) User=0.14s Sys=0.00s Real=0.07s
[628.992s][info][gc,start       ] GC(2207) Pause Young (Allocation Failure)
[629.015s][info][gc,heap        ] GC(2207) PSYoungGen: 126208K(222720K)->992K(222720K) Eden: 111616K(111616K)->0K(111616K) From: 14592K(111104K)->992K(111104K)
[629.015s][info][gc,heap        ] GC(2207) ParOldGen: 412320K(516608K)->426904K(516608K)
[629.015s][info][gc,metaspace   ] GC(2207) Metaspace: 19096K(19328K)->19096K(19328K) NonClass: 16436K(16576K)->16436K(16576K) Class: 2660K(2752K)->2660K(2752K)
[629.015s][info][gc             ] GC(2207) Pause Young (Allocation Failure) 525M->417M(722M) 23.669ms
[629.015s][info][gc,cpu         ] GC(2207) User=0.05s Sys=0.00s Real=0.03s
[629.104s][info][gc,start       ] GC(2208) Pause Young (Allocation Failure)
[629.108s][info][gc,heap        ] GC(2208) PSYoungGen: 112608K(222720K)->1152K(222720K) Eden: 111616K(111616K)->0K(111616K) From: 992K(111104K)->1152K(111104K)
[629.108s][info][gc,heap        ] GC(2208) ParOldGen: 426904K(516608K)->427704K(516608K)
[629.108s][info][gc,metaspace   ] GC(2208) Metaspace: 19096K(19328K)->19096K(19328K) NonClass: 16436K(16576K)->16436K(16576K) Class: 2660K(2752K)->2660K(2752K)
[629.108s][info][gc             ] GC(2208) Pause Young (Allocation Failure) 526M->418M(722M) 4.280ms
[629.108s][info][gc,cpu         ] GC(2208) User=0.01s Sys=0.00s Real=0.00s
[629.336s][info][gc,start       ] GC(2209) Pause Young (Allocation Failure)
[629.340s][info][gc,heap        ] GC(2209) PSYoungGen: 112768K(222720K)->352K(222720K) Eden: 111616K(111616K)->0K(111616K) From: 1152K(111104K)->352K(111104K)
[629.340s][info][gc,heap        ] GC(2209) ParOldGen: 427704K(516608K)->428816K(516608K)
[629.340s][info][gc,metaspace   ] GC(2209) Metaspace: 19096K(19328K)->19096K(19328K) NonClass: 16436K(16576K)->16436K(16576K) Class: 2660K(2752K)->2660K(2752K)
[629.340s][info][gc             ] GC(2209) Pause Young (Allocation Failure) 527M->419M(722M) 3.826ms
[629.340s][info][gc,cpu         ] GC(2209) User=0.00s Sys=0.00s Real=0.00s
[629.547s][info][gc,start       ] GC(2210) Pause Young (Allocation Failure)
[629.560s][info][gc,heap        ] GC(2210) PSYoungGen: 111968K(222720K)->11776K(222720K) Eden: 111616K(111616K)->0K(111616K) From: 352K(111104K)->11776K(111104K)
[629.560s][info][gc,heap        ] GC(2210) ParOldGen: 428816K(516608K)->429104K(516608K)
[629.560s][info][gc,metaspace   ] GC(2210) Metaspace: 19096K(19328K)->19096K(19328K) NonClass: 16436K(16576K)->16436K(16576K) Class: 2660K(2752K)->2660K(2752K)
[629.560s][info][gc             ] GC(2210) Pause Young (Allocation Failure) 528M->430M(722M) 13.433ms
[629.560s][info][gc,cpu         ] GC(2210) User=0.03s Sys=0.00s Real=0.01s
[629.688s][info][gc,start       ] GC(2211) Pause Young (Allocation Failure)
[629.742s][info][gc,heap        ] GC(2211) PSYoungGen: 123392K(222720K)->48099K(222720K) Eden: 111616K(111616K)->0K(111616K) From: 11776K(111104K)->48099K(111104K)
[629.742s][info][gc,heap        ] GC(2211) ParOldGen: 429104K(516608K)->440872K(516608K)
[629.742s][info][gc,metaspace   ] GC(2211) Metaspace: 19096K(19328K)->19096K(19328K) NonClass: 16436K(16576K)->16436K(16576K) Class: 2660K(2752K)->2660K(2752K)
[629.742s][info][gc             ] GC(2211) Pause Young (Allocation Failure) 539M->477M(722M) 54.031ms
[629.742s][info][gc,cpu         ] GC(2211) User=0.11s Sys=0.00s Real=0.05s
[629.894s][info][gc,start       ] GC(2212) Pause Young (Allocation Failure)
[629.953s][info][gc,heap        ] GC(2212) PSYoungGen: 159715K(222720K)->16564K(222720K) Eden: 111616K(111616K)->0K(111616K) From: 48099K(111104K)->16564K(111104K)
[629.953s][info][gc,heap        ] GC(2212) ParOldGen: 440872K(516608K)->489243K(516608K)
[629.953s][info][gc,metaspace   ] GC(2212) Metaspace: 19096K(19328K)->19096K(19328K) NonClass: 16436K(16576K)->16436K(16576K) Class: 2660K(2752K)->2660K(2752K)
[629.953s][info][gc             ] GC(2212) Pause Young (Allocation Failure) 586M->493M(722M) 58.630ms
[629.953s][info][gc,cpu         ] GC(2212) User=0.12s Sys=0.00s Real=0.05s
[630.026s][info][gc,start       ] GC(2213) Pause Young (Allocation Failure)
[630.072s][info][gc,heap        ] GC(2213) PSYoungGen: 128180K(222720K)->29088K(222720K) Eden: 111616K(111616K)->0K(111616K) From: 16564K(111104K)->29088K(111104K)
[630.072s][info][gc,heap        ] GC(2213) ParOldGen: 489243K(516608K)->505841K(516608K)
[630.072s][info][gc,metaspace   ] GC(2213) Metaspace: 19096K(19328K)->19096K(19328K) NonClass: 16436K(16576K)->16436K(16576K) Class: 2660K(2752K)->2660K(2752K)
[630.072s][info][gc             ] GC(2213) Pause Young (Allocation Failure) 602M->522M(722M) 46.776ms
[630.072s][info][gc,cpu         ] GC(2213) User=0.10s Sys=0.00s Real=0.04s
[630.130s][info][gc,start       ] GC(2214) Pause Young (Allocation Failure)
[630.206s][info][gc,heap        ] GC(2214) PSYoungGen: 140704K(222720K)->83579K(222720K) Eden: 111616K(111616K)->0K(111616K) From: 29088K(111104K)->83579K(111104K)
[630.206s][info][gc,heap        ] GC(2214) ParOldGen: 505841K(516608K)->505841K(516608K)
[630.206s][info][gc,metaspace   ] GC(2214) Metaspace: 19096K(19328K)->19096K(19328K) NonClass: 16436K(16576K)->16436K(16576K) Class: 2660K(2752K)->2660K(2752K)
[630.206s][info][gc             ] GC(2214) Pause Young (Allocation Failure) 631M->575M(722M) 75.900ms
[630.206s][info][gc,cpu         ] GC(2214) User=0.15s Sys=0.00s Real=0.08s
[630.345s][info][gc,start       ] GC(2215) Pause Young (Allocation Failure)
[630.462s][info][gc,heap        ] GC(2215) PSYoungGen: 195195K(222720K)->7384K(222720K) Eden: 111616K(111616K)->0K(111616K) From: 83579K(111104K)->7384K(111104K)
[630.462s][info][gc,heap        ] GC(2215) ParOldGen: 505841K(516608K)->589585K(589824K)
[630.462s][info][gc,metaspace   ] GC(2215) Metaspace: 19096K(19328K)->19096K(19328K) NonClass: 16436K(16576K)->16436K(16576K) Class: 2660K(2752K)->2660K(2752K)
[630.463s][info][gc             ] GC(2215) Pause Young (Allocation Failure) 684M->582M(793M) 117.762ms
[630.463s][info][gc,cpu         ] GC(2215) User=0.17s Sys=0.06s Real=0.11s
[630.600s][info][gc,start       ] GC(2216) Pause Young (Allocation Failure)
[630.617s][info][gc,heap        ] GC(2216) PSYoungGen: 119000K(222720K)->6820K(222720K) Eden: 111616K(111616K)->0K(111616K) From: 7384K(111104K)->6820K(111104K)
[630.617s][info][gc,heap        ] GC(2216) ParOldGen: 589585K(589824K)->596945K(596992K)
[630.617s][info][gc,metaspace   ] GC(2216) Metaspace: 19098K(19328K)->19098K(19328K) NonClass: 16438K(16576K)->16438K(16576K) Class: 2660K(2752K)->2660K(2752K)
[630.617s][info][gc             ] GC(2216) Pause Young (Allocation Failure) 691M->589M(800M) 17.793ms
[630.617s][info][gc,cpu         ] GC(2216) User=0.02s Sys=0.00s Real=0.02s
[630.744s][info][gc,start       ] GC(2217) Pause Full (Allocation Failure)
[630.744s][info][gc,phases,start] GC(2217) Marking Phase
[630.803s][info][gc,phases      ] GC(2217) Marking Phase 59.217ms
[630.803s][info][gc,phases,start] GC(2217) Summary Phase
[630.803s][info][gc,phases      ] GC(2217) Summary Phase 0.025ms
[630.803s][info][gc,phases,start] GC(2217) Forward
[630.822s][info][gc,phases      ] GC(2217) Forward 18.477ms
[630.822s][info][gc,phases,start] GC(2217) Adjust Pointers
[630.867s][info][gc,phases      ] GC(2217) Adjust Pointers 45.389ms
[630.867s][info][gc,phases,start] GC(2217) Compaction Phase
[630.889s][info][gc,phases      ] GC(2217) Compaction Phase 21.685ms
[630.892s][info][gc,phases,start] GC(2217) Post Compact
[630.894s][info][gc,phases      ] GC(2217) Post Compact 2.043ms
[630.908s][info][gc,heap        ] GC(2217) PSYoungGen: 118436K(222720K)->0K(222720K) Eden: 111616K(111616K)->0K(111616K) From: 6820K(111104K)->0K(111104K)
[630.908s][info][gc,heap        ] GC(2217) ParOldGen: 596945K(596992K)->98683K(431104K)
[630.908s][info][gc,metaspace   ] GC(2217) Metaspace: 19098K(19328K)->19098K(19328K) NonClass: 16438K(16576K)->16438K(16576K) Class: 2660K(2752K)->2660K(2752K)
[630.908s][info][gc             ] GC(2217) Pause Full (Allocation Failure) 698M->96M(638M) 163.673ms
[630.908s][info][gc,cpu         ] GC(2217) User=0.26s Sys=0.02s Real=0.16s
[630.981s][info][gc,start       ] GC(2218) Pause Young (Allocation Failure)
[631.008s][info][gc,heap        ] GC(2218) PSYoungGen: 111616K(222720K)->38896K(150528K) Eden: 111616K(111616K)->0K(111616K) From: 0K(111104K)->38896K(38912K)
[631.008s][info][gc,heap        ] GC(2218) ParOldGen: 98683K(431104K)->98683K(431104K)
[631.008s][info][gc,metaspace   ] GC(2218) Metaspace: 19098K(19328K)->19098K(19328K) NonClass: 16438K(16576K)->16438K(16576K) Class: 2660K(2752K)->2660K(2752K)
[631.008s][info][gc             ] GC(2218) Pause Young (Allocation Failure) 205M->134M(568M) 27.156ms
[631.008s][info][gc,cpu         ] GC(2218) User=0.05s Sys=0.00s Real=0.03s
[631.094s][info][gc,start       ] GC(2219) Pause Young (Allocation Failure)
[631.156s][info][gc,heap        ] GC(2219) PSYoungGen: 150512K(150528K)->92320K(219648K) Eden: 111616K(111616K)->0K(110080K) From: 38896K(38912K)->92320K(109568K)
[631.156s][info][gc,heap        ] GC(2219) ParOldGen: 98683K(431104K)->98683K(431104K)
[631.156s][info][gc,metaspace   ] GC(2219) Metaspace: 19098K(19328K)->19098K(19328K) NonClass: 16438K(16576K)->16438K(16576K) Class: 2660K(2752K)->2660K(2752K)
[631.156s][info][gc             ] GC(2219) Pause Young (Allocation Failure) 243M->186M(635M) 62.534ms
[631.156s][info][gc,cpu         ] GC(2219) User=0.12s Sys=0.00s Real=0.06s
[631.239s][info][gc,start       ] GC(2220) Pause Young (Allocation Failure)
[631.336s][info][gc,heap        ] GC(2220) PSYoungGen: 202400K(219648K)->39936K(221184K) Eden: 110080K(110080K)->0K(110080K) From: 92320K(109568K)->39936K(111104K)
[631.336s][info][gc,heap        ] GC(2220) ParOldGen: 98683K(431104K)->191843K(431104K)
[631.336s][info][gc,metaspace   ] GC(2220) Metaspace: 19098K(19328K)->19098K(19328K) NonClass: 16438K(16576K)->16438K(16576K) Class: 2660K(2752K)->2660K(2752K)
[631.336s][info][gc             ] GC(2220) Pause Young (Allocation Failure) 294M->226M(637M) 97.163ms
[631.336s][info][gc,cpu         ] GC(2220) User=0.19s Sys=0.00s Real=0.10s
[631.378s][info][gc,start       ] GC(2221) Pause Young (Allocation Failure)
[631.433s][info][gc,heap        ] GC(2221) PSYoungGen: 150016K(221184K)->29344K(219648K) Eden: 110080K(110080K)->0K(111616K) From: 39936K(111104K)->29344K(108032K)
[631.433s][info][gc,heap        ] GC(2221) ParOldGen: 191843K(431104K)->232019K(431104K)
[631.434s][info][gc,metaspace   ] GC(2221) Metaspace: 19098K(19328K)->19098K(19328K) NonClass: 16438K(16576K)->16438K(16576K) Class: 2660K(2752K)->2660K(2752K)
[631.434s][info][gc             ] GC(2221) Pause Young (Allocation Failure) 333M->255M(635M) 55.420ms
[631.434s][info][gc,cpu         ] GC(2221) User=0.11s Sys=0.00s Real=0.06s
[631.521s][info][gc,start       ] GC(2222) Pause Young (Allocation Failure)
[631.566s][info][gc,heap        ] GC(2222) PSYoungGen: 140960K(219648K)->54304K(221184K) Eden: 111616K(111616K)->0K(111616K) From: 29344K(108032K)->54304K(109568K)
[631.566s][info][gc,heap        ] GC(2222) ParOldGen: 232019K(431104K)->232027K(431104K)
[631.566s][info][gc,metaspace   ] GC(2222) Metaspace: 19100K(19328K)->19100K(19328K) NonClass: 16440K(16576K)->16440K(16576K) Class: 2660K(2752K)->2660K(2752K)
[631.566s][info][gc             ] GC(2222) Pause Young (Allocation Failure) 364M->279M(637M) 45.001ms
[631.566s][info][gc,cpu         ] GC(2222) User=0.09s Sys=0.00s Real=0.05s
[631.673s][info][gc,start       ] GC(2223) Pause Young (Allocation Failure)
[631.735s][info][gc,heap        ] GC(2223) PSYoungGen: 165920K(221184K)->72577K(220160K) Eden: 111616K(111616K)->0K(111616K) From: 54304K(109568K)->72577K(108544K)
[631.735s][info][gc,heap        ] GC(2223) ParOldGen: 232027K(431104K)->232027K(431104K)
[631.735s][info][gc,metaspace   ] GC(2223) Metaspace: 19100K(19328K)->19100K(19328K) NonClass: 16440K(16576K)->16440K(16576K) Class: 2660K(2752K)->2660K(2752K)
[631.735s][info][gc             ] GC(2223) Pause Young (Allocation Failure) 388M->297M(636M) 61.245ms
[631.735s][info][gc,cpu         ] GC(2223) User=0.12s Sys=0.00s Real=0.06s
[631.827s][info][gc,start       ] GC(2224) Pause Young (Allocation Failure)
[631.904s][info][gc,heap        ] GC(2224) PSYoungGen: 184193K(220160K)->32321K(222720K) Eden: 111616K(111616K)->0K(111616K) From: 72577K(108544K)->32321K(111104K)
[631.904s][info][gc,heap        ] GC(2224) ParOldGen: 232027K(431104K)->286923K(431104K)
[631.904s][info][gc,metaspace   ] GC(2224) Metaspace: 19100K(19328K)->19100K(19328K) NonClass: 16440K(16576K)->16440K(16576K) Class: 2660K(2752K)->2660K(2752K)
[631.904s][info][gc             ] GC(2224) Pause Young (Allocation Failure) 406M->311M(638M) 76.910ms
[631.904s][info][gc,cpu         ] GC(2224) User=0.15s Sys=0.00s Real=0.08s
[632.015s][info][gc,start       ] GC(2225) Pause Young (Allocation Failure)
[632.096s][info][gc,heap        ] GC(2225) PSYoungGen: 143937K(222720K)->64643K(221184K) Eden: 111616K(111616K)->0K(112640K) From: 32321K(111104K)->64643K(108544K)
[632.096s][info][gc,heap        ] GC(2225) ParOldGen: 286923K(431104K)->286923K(431104K)
[632.096s][info][gc,metaspace   ] GC(2225) Metaspace: 19100K(19328K)->19100K(19328K) NonClass: 16440K(16576K)->16440K(16576K) Class: 2660K(2752K)->2660K(2752K)
[632.096s][info][gc             ] GC(2225) Pause Young (Allocation Failure) 420M->343M(637M) 81.199ms
[632.096s][info][gc,cpu         ] GC(2225) User=0.17s Sys=0.00s Real=0.08s
[632.182s][info][gc,start       ] GC(2226) Pause Young (Allocation Failure)
[632.278s][info][gc,heap        ] GC(2226) PSYoungGen: 177283K(221184K)->79459K(222720K) Eden: 112640K(112640K)->0K(112640K) From: 64643K(108544K)->79459K(110080K)
[632.278s][info][gc,heap        ] GC(2226) ParOldGen: 286923K(431104K)->286923K(431104K)
[632.278s][info][gc,metaspace   ] GC(2226) Metaspace: 19100K(19328K)->19100K(19328K) NonClass: 16440K(16576K)->16440K(16576K) Class: 2660K(2752K)->2660K(2752K)
[632.278s][info][gc             ] GC(2226) Pause Young (Allocation Failure) 453M->357M(638M) 96.524ms
[632.278s][info][gc,cpu         ] GC(2226) User=0.19s Sys=0.00s Real=0.10s
[632.354s][info][gc,start       ] GC(2227) Pause Young (Allocation Failure)
[632.462s][info][gc,heap        ] GC(2227) PSYoungGen: 192099K(222720K)->57569K(222720K) Eden: 112640K(112640K)->0K(111616K) From: 79459K(110080K)->57569K(111104K)
[632.462s][info][gc,heap        ] GC(2227) ParOldGen: 286923K(431104K)->319264K(431104K)
[632.462s][info][gc,metaspace   ] GC(2227) Metaspace: 19100K(19328K)->19100K(19328K) NonClass: 16440K(16576K)->16440K(16576K) Class: 2660K(2752K)->2660K(2752K)
[632.462s][info][gc             ] GC(2227) Pause Young (Allocation Failure) 467M->368M(638M) 108.251ms
[632.462s][info][gc,cpu         ] GC(2227) User=0.21s Sys=0.00s Real=0.10s
[632.551s][info][gc,start       ] GC(2228) Pause Young (Allocation Failure)
[632.629s][info][gc,heap        ] GC(2228) PSYoungGen: 169185K(222720K)->21504K(222720K) Eden: 111616K(111616K)->0K(111616K) From: 57569K(111104K)->21504K(111104K)
[632.629s][info][gc,heap        ] GC(2228) ParOldGen: 319264K(431104K)->366485K(431104K)
[632.629s][info][gc,metaspace   ] GC(2228) Metaspace: 19100K(19328K)->19100K(19328K) NonClass: 16440K(16576K)->16440K(16576K) Class: 2660K(2752K)->2660K(2752K)
[632.629s][info][gc             ] GC(2228) Pause Young (Allocation Failure) 477M->378M(638M) 77.527ms
[632.629s][info][gc,cpu         ] GC(2228) User=0.15s Sys=0.00s Real=0.08s
[632.694s][info][gc,start       ] GC(2229) Pause Young (Allocation Failure)
[632.724s][info][gc,heap        ] GC(2229) PSYoungGen: 133120K(222720K)->4000K(222720K) Eden: 111616K(111616K)->0K(111616K) From: 21504K(111104K)->4000K(111104K)
[632.724s][info][gc,heap        ] GC(2229) ParOldGen: 366485K(431104K)->388029K(431104K)
[632.724s][info][gc,metaspace   ] GC(2229) Metaspace: 19100K(19328K)->19100K(19328K) NonClass: 16440K(16576K)->16440K(16576K) Class: 2660K(2752K)->2660K(2752K)
[632.724s][info][gc             ] GC(2229) Pause Young (Allocation Failure) 487M->382M(638M) 30.186ms
[632.724s][info][gc,cpu         ] GC(2229) User=0.06s Sys=0.00s Real=0.03s
[632.808s][info][gc,start       ] GC(2230) Pause Young (Allocation Failure)
[632.818s][info][gc,heap        ] GC(2230) PSYoungGen: 115616K(222720K)->448K(222720K) Eden: 111616K(111616K)->0K(111616K) From: 4000K(111104K)->448K(111104K)
[632.818s][info][gc,heap        ] GC(2230) ParOldGen: 388029K(431104K)->391989K(431104K)
[632.818s][info][gc,metaspace   ] GC(2230) Metaspace: 19100K(19328K)->19100K(19328K) NonClass: 16440K(16576K)->16440K(16576K) Class: 2660K(2752K)->2660K(2752K)
[632.818s][info][gc             ] GC(2230) Pause Young (Allocation Failure) 491M->383M(638M) 10.245ms
[632.818s][info][gc,cpu         ] GC(2230) User=0.02s Sys=0.00s Real=0.01s
[632.915s][info][gc,start       ] GC(2231) Pause Young (Allocation Failure)
[632.931s][info][gc,heap        ] GC(2231) PSYoungGen: 112064K(222720K)->10240K(219648K) Eden: 111616K(111616K)->0K(111616K) From: 448K(111104K)->10240K(108032K)
[632.931s][info][gc,heap        ] GC(2231) ParOldGen: 391989K(431104K)->392405K(431104K)
[632.931s][info][gc,metaspace   ] GC(2231) Metaspace: 19100K(19328K)->19100K(19328K) NonClass: 16440K(16576K)->16440K(16576K) Class: 2660K(2752K)->2660K(2752K)
[632.931s][info][gc             ] GC(2231) Pause Young (Allocation Failure) 492M->393M(635M) 16.497ms
[632.932s][info][gc,cpu         ] GC(2231) User=0.03s Sys=0.00s Real=0.01s
[633.015s][info][gc,start       ] GC(2232) Pause Young (Allocation Failure)
[633.041s][info][gc,heap        ] GC(2232) PSYoungGen: 121856K(219648K)->23712K(135680K) Eden: 111616K(111616K)->0K(111616K) From: 10240K(108032K)->23712K(24064K)
[633.041s][info][gc,heap        ] GC(2232) ParOldGen: 392405K(431104K)->392405K(431104K)
[633.041s][info][gc,metaspace   ] GC(2232) Metaspace: 19100K(19328K)->19100K(19328K) NonClass: 16440K(16576K)->16440K(16576K) Class: 2660K(2752K)->2660K(2752K)
[633.041s][info][gc             ] GC(2232) Pause Young (Allocation Failure) 502M->406M(553M) 26.045ms
[633.041s][info][gc,cpu         ] GC(2232) User=0.05s Sys=0.00s Real=0.02s
[633.224s][info][gc,start       ] GC(2233) Pause Young (Allocation Failure)
[633.264s][info][gc,heap        ] GC(2233) PSYoungGen: 135328K(135680K)->36032K(214016K) Eden: 111616K(111616K)->0K(119296K) From: 23712K(24064K)->36032K(94720K)
[633.264s][info][gc,heap        ] GC(2233) ParOldGen: 392405K(431104K)->392405K(431104K)
[633.264s][info][gc,metaspace   ] GC(2233) Metaspace: 19100K(19328K)->19100K(19328K) NonClass: 16440K(16576K)->16440K(16576K) Class: 2660K(2752K)->2660K(2752K)
[633.264s][info][gc             ] GC(2233) Pause Young (Allocation Failure) 515M->418M(630M) 39.488ms
[633.264s][info][gc,cpu         ] GC(2233) User=0.08s Sys=0.01s Real=0.04s
[633.624s][info][gc,start       ] GC(2234) Pause Young (Allocation Failure)
[633.671s][info][gc,heap        ] GC(2234) PSYoungGen: 155328K(214016K)->45920K(217088K) Eden: 119296K(119296K)->0K(119296K) From: 36032K(94720K)->45920K(97792K)
[633.672s][info][gc,heap        ] GC(2234) ParOldGen: 392405K(431104K)->392405K(431104K)
[633.672s][info][gc,metaspace   ] GC(2234) Metaspace: 19100K(19328K)->19100K(19328K) NonClass: 16440K(16576K)->16440K(16576K) Class: 2660K(2752K)->2660K(2752K)
[633.672s][info][gc             ] GC(2234) Pause Young (Allocation Failure) 534M->428M(633M) 47.849ms
[633.672s][info][gc,cpu         ] GC(2234) User=0.10s Sys=0.00s Real=0.04s
[634.003s][info][gc,start       ] GC(2235) Pause Young (Allocation Failure)
[634.052s][info][gc,heap        ] GC(2235) PSYoungGen: 165216K(217088K)->46048K(217088K) Eden: 119296K(119296K)->0K(125952K) From: 45920K(97792K)->46048K(91136K)
[634.052s][info][gc,heap        ] GC(2235) ParOldGen: 392405K(431104K)->392405K(431104K)
[634.052s][info][gc,metaspace   ] GC(2235) Metaspace: 19100K(19328K)->19100K(19328K) NonClass: 16440K(16576K)->16440K(16576K) Class: 2660K(2752K)->2660K(2752K)
[634.052s][info][gc             ] GC(2235) Pause Young (Allocation Failure) 544M->428M(633M) 48.645ms
[634.052s][info][gc,cpu         ] GC(2235) User=0.09s Sys=0.00s Real=0.04s
[634.364s][info][gc,start       ] GC(2236) Pause Young (Allocation Failure)
[634.411s][info][gc,heap        ] GC(2236) PSYoungGen: 172000K(217088K)->46080K(219648K) Eden: 125952K(125952K)->0K(125952K) From: 46048K(91136K)->46080K(93696K)
[634.411s][info][gc,heap        ] GC(2236) ParOldGen: 392405K(431104K)->392405K(431104K)
[634.411s][info][gc,metaspace   ] GC(2236) Metaspace: 19100K(19328K)->19100K(19328K) NonClass: 16440K(16576K)->16440K(16576K) Class: 2660K(2752K)->2660K(2752K)
[634.411s][info][gc             ] GC(2236) Pause Young (Allocation Failure) 551M->428M(635M) 46.532ms
[634.411s][info][gc,cpu         ] GC(2236) User=0.10s Sys=0.00s Real=0.04s
[634.711s][info][gc,start       ] GC(2237) Pause Young (Allocation Failure)
[634.763s][info][gc,heap        ] GC(2237) PSYoungGen: 172032K(219648K)->46080K(220160K) Eden: 125952K(125952K)->0K(132608K) From: 46080K(93696K)->46080K(87552K)
[634.763s][info][gc,heap        ] GC(2237) ParOldGen: 392405K(431104K)->392405K(431104K)
[634.763s][info][gc,metaspace   ] GC(2237) Metaspace: 19100K(19328K)->19100K(19328K) NonClass: 16440K(16576K)->16440K(16576K) Class: 2660K(2752K)->2660K(2752K)
[634.763s][info][gc             ] GC(2237) Pause Young (Allocation Failure) 551M->428M(636M) 52.881ms
[634.763s][info][gc,cpu         ] GC(2237) User=0.10s Sys=0.00s Real=0.06s
[635.053s][info][gc,start       ] GC(2238) Pause Young (Allocation Failure)
[635.101s][info][gc,heap        ] GC(2238) PSYoungGen: 178688K(220160K)->46080K(222208K) Eden: 132608K(132608K)->0K(132608K) From: 46080K(87552K)->46080K(89600K)
[635.101s][info][gc,heap        ] GC(2238) ParOldGen: 392405K(431104K)->392405K(431104K)
[635.101s][info][gc,metaspace   ] GC(2238) Metaspace: 19100K(19328K)->19100K(19328K) NonClass: 16440K(16576K)->16440K(16576K) Class: 2660K(2752K)->2660K(2752K)
[635.101s][info][gc             ] GC(2238) Pause Young (Allocation Failure) 557M->428M(638M) 47.844ms
[635.101s][info][gc,cpu         ] GC(2238) User=0.09s Sys=0.00s Real=0.05s
[635.410s][info][gc,start       ] GC(2239) Pause Young (Allocation Failure)
[635.478s][info][gc,heap        ] GC(2239) PSYoungGen: 178688K(222208K)->50624K(225792K) Eden: 132608K(132608K)->0K(139264K) From: 46080K(89600K)->50624K(86528K)
[635.478s][info][gc,heap        ] GC(2239) ParOldGen: 392405K(431104K)->392405K(431104K)
[635.478s][info][gc,metaspace   ] GC(2239) Metaspace: 19100K(19328K)->19100K(19328K) NonClass: 16440K(16576K)->16440K(16576K) Class: 2660K(2752K)->2660K(2752K)
[635.478s][info][gc             ] GC(2239) Pause Young (Allocation Failure) 557M->432M(641M) 67.398ms
[635.478s][info][gc,cpu         ] GC(2239) User=0.13s Sys=0.00s Real=0.07s
[635.581s][info][gc,start       ] GC(2240) Pause Young (Allocation Failure)
[635.665s][info][gc,heap        ] GC(2240) PSYoungGen: 189888K(225792K)->87030K(226304K) Eden: 139264K(139264K)->0K(139264K) From: 50624K(86528K)->87030K(87040K)
[635.665s][info][gc,heap        ] GC(2240) ParOldGen: 392405K(431104K)->398973K(431104K)
[635.665s][info][gc,metaspace   ] GC(2240) Metaspace: 19102K(19328K)->19102K(19328K) NonClass: 16442K(16576K)->16442K(16576K) Class: 2660K(2752K)->2660K(2752K)
[635.665s][info][gc             ] GC(2240) Pause Young (Allocation Failure) 568M->474M(642M) 84.498ms
[635.665s][info][gc,cpu         ] GC(2240) User=0.16s Sys=0.00s Real=0.09s
[635.782s][info][gc,start       ] GC(2241) Pause Young (Allocation Failure)
[635.898s][info][gc,heap        ] GC(2241) PSYoungGen: 226294K(226304K)->101872K(213504K) Eden: 139264K(139264K)->0K(111616K) From: 87030K(87040K)->101872K(101888K)
[635.899s][info][gc,heap        ] GC(2241) ParOldGen: 398973K(431104K)->424890K(431104K)
[635.899s][info][gc,metaspace   ] GC(2241) Metaspace: 19102K(19328K)->19102K(19328K) NonClass: 16442K(16576K)->16442K(16576K) Class: 2660K(2752K)->2660K(2752K)
[635.899s][info][gc             ] GC(2241) Pause Young (Allocation Failure) 610M->514M(629M) 116.341ms
[635.899s][info][gc,cpu         ] GC(2241) User=0.22s Sys=0.01s Real=0.12s
[635.987s][info][gc,start       ] GC(2242) Pause Young (Allocation Failure)
[636.085s][info][gc,heap        ] GC(2242) PSYoungGen: 213488K(213504K)->98816K(222720K) Eden: 111616K(111616K)->0K(111616K) From: 101872K(101888K)->98816K(111104K)
[636.085s][info][gc,heap        ] GC(2242) ParOldGen: 424890K(431104K)->447160K(447488K)
[636.085s][info][gc,metaspace   ] GC(2242) Metaspace: 19102K(19328K)->19102K(19328K) NonClass: 16442K(16576K)->16442K(16576K) Class: 2660K(2752K)->2660K(2752K)
[636.085s][info][gc             ] GC(2242) Pause Young (Allocation Failure) 623M->533M(654M) 98.234ms
[636.085s][info][gc,cpu         ] GC(2242) User=0.18s Sys=0.01s Real=0.10s
[636.152s][info][gc,start       ] GC(2243) Pause Young (Allocation Failure)
[636.238s][info][gc,heap        ] GC(2243) PSYoungGen: 210432K(222720K)->111088K(222720K) Eden: 111616K(111616K)->0K(111616K) From: 98816K(111104K)->111088K(111104K)
[636.238s][info][gc,heap        ] GC(2243) ParOldGen: 447160K(447488K)->452880K(453120K)
[636.238s][info][gc,metaspace   ] GC(2243) Metaspace: 19102K(19328K)->19102K(19328K) NonClass: 16442K(16576K)->16442K(16576K) Class: 2660K(2752K)->2660K(2752K)
[636.239s][info][gc             ] GC(2243) Pause Young (Allocation Failure) 642M->550M(660M) 86.185ms
[636.239s][info][gc,cpu         ] GC(2243) User=0.16s Sys=0.00s Real=0.09s
[636.328s][info][gc,start       ] GC(2244) Pause Young (Allocation Failure)
[636.425s][info][gc,heap        ] GC(2244) PSYoungGen: 222704K(222720K)->111084K(222720K) Eden: 111616K(111616K)->0K(111616K) From: 111088K(111104K)->111084K(111104K)
[636.425s][info][gc,heap        ] GC(2244) ParOldGen: 452880K(453120K)->459976K(460288K)
[636.425s][info][gc,metaspace   ] GC(2244) Metaspace: 19102K(19328K)->19102K(19328K) NonClass: 16442K(16576K)->16442K(16576K) Class: 2660K(2752K)->2660K(2752K)
[636.425s][info][gc             ] GC(2244) Pause Young (Allocation Failure) 659M->557M(667M) 97.217ms
[636.425s][info][gc,cpu         ] GC(2244) User=0.19s Sys=0.01s Real=0.10s
[636.499s][info][gc,start       ] GC(2245) Pause Young (Allocation Failure)
[636.620s][info][gc,heap        ] GC(2245) PSYoungGen: 222700K(222720K)->83349K(222720K) Eden: 111616K(111616K)->0K(111616K) From: 111084K(111104K)->83349K(111104K)
[636.620s][info][gc,heap        ] GC(2245) ParOldGen: 459976K(460288K)->499403K(499712K)
[636.620s][info][gc,metaspace   ] GC(2245) Metaspace: 19102K(19328K)->19102K(19328K) NonClass: 16442K(16576K)->16442K(16576K) Class: 2660K(2752K)->2660K(2752K)
[636.620s][info][gc             ] GC(2245) Pause Young (Allocation Failure) 666M->569M(705M) 120.594ms
[636.620s][info][gc,cpu         ] GC(2245) User=0.22s Sys=0.02s Real=0.12s
[636.734s][info][gc,start       ] GC(2246) Pause Young (Allocation Failure)
[636.860s][info][gc,heap        ] GC(2246) PSYoungGen: 194965K(222720K)->51212K(222720K) Eden: 111616K(111616K)->0K(111616K) From: 83349K(111104K)->51212K(111104K)
[636.860s][info][gc,heap        ] GC(2246) ParOldGen: 499403K(499712K)->553693K(553984K)
[636.860s][info][gc,metaspace   ] GC(2246) Metaspace: 19102K(19328K)->19102K(19328K) NonClass: 16442K(16576K)->16442K(16576K) Class: 2660K(2752K)->2660K(2752K)
[636.861s][info][gc             ] GC(2246) Pause Young (Allocation Failure) 678M->590M(758M) 126.913ms
[636.861s][info][gc,cpu         ] GC(2246) User=0.21s Sys=0.04s Real=0.12s
[636.950s][info][gc,start       ] GC(2247) Pause Young (Allocation Failure)
[637.043s][info][gc,heap        ] GC(2247) PSYoungGen: 162828K(222720K)->55712K(222720K) Eden: 111616K(111616K)->0K(111616K) From: 51212K(111104K)->55712K(111104K)
[637.043s][info][gc,heap        ] GC(2247) ParOldGen: 553693K(553984K)->572169K(572416K)
[637.043s][info][gc,metaspace   ] GC(2247) Metaspace: 19102K(19328K)->19102K(19328K) NonClass: 16442K(16576K)->16442K(16576K) Class: 2660K(2752K)->2660K(2752K)
[637.043s][info][gc             ] GC(2247) Pause Young (Allocation Failure) 699M->613M(776M) 92.600ms
[637.043s][info][gc,cpu         ] GC(2247) User=0.17s Sys=0.01s Real=0.09s
[637.131s][info][gc,start       ] GC(2248) Pause Young (Allocation Failure)
[637.223s][info][gc,heap        ] GC(2248) PSYoungGen: 167328K(222720K)->33184K(222720K) Eden: 111616K(111616K)->0K(111616K) From: 55712K(111104K)->33184K(111104K)
[637.223s][info][gc,heap        ] GC(2248) ParOldGen: 572169K(572416K)->605145K(605184K)
[637.223s][info][gc,metaspace   ] GC(2248) Metaspace: 19102K(19328K)->19102K(19328K) NonClass: 16442K(16576K)->16442K(16576K) Class: 2660K(2752K)->2660K(2752K)
[637.223s][info][gc             ] GC(2248) Pause Young (Allocation Failure) 722M->623M(808M) 91.533ms
[637.223s][info][gc,cpu         ] GC(2248) User=0.15s Sys=0.02s Real=0.09s
[637.286s][info][gc,start       ] GC(2249) Pause Full (Allocation Failure)
[637.286s][info][gc,phases,start] GC(2249) Marking Phase
[637.551s][info][gc,phases      ] GC(2249) Marking Phase 264.572ms
[637.551s][info][gc,phases,start] GC(2249) Summary Phase
[637.551s][info][gc,phases      ] GC(2249) Summary Phase 0.028ms
[637.551s][info][gc,phases,start] GC(2249) Forward
[637.642s][info][gc,phases      ] GC(2249) Forward 90.928ms
[637.642s][info][gc,phases,start] GC(2249) Adjust Pointers
[637.853s][info][gc,phases      ] GC(2249) Adjust Pointers 210.987ms
[637.853s][info][gc,phases,start] GC(2249) Compaction Phase
[637.975s][info][gc,phases      ] GC(2249) Compaction Phase 121.705ms
[637.983s][info][gc,phases,start] GC(2249) Post Compact
[637.985s][info][gc,phases      ] GC(2249) Post Compact 2.194ms
[637.986s][info][gc,heap        ] GC(2249) PSYoungGen: 144800K(222720K)->0K(222720K) Eden: 111616K(111616K)->0K(111616K) From: 33184K(111104K)->0K(111104K)
[637.986s][info][gc,heap        ] GC(2249) ParOldGen: 605145K(605184K)->374440K(667648K)
[637.986s][info][gc,metaspace   ] GC(2249) Metaspace: 19102K(19328K)->19102K(19328K) NonClass: 16442K(16576K)->16442K(16576K) Class: 2660K(2752K)->2660K(2752K)
[637.986s][info][gc             ] GC(2249) Pause Full (Allocation Failure) 732M->365M(869M) 699.276ms
[637.986s][info][gc,cpu         ] GC(2249) User=1.32s Sys=0.01s Real=0.70s
[638.070s][info][gc,start       ] GC(2250) Pause Young (Allocation Failure)
[638.080s][info][gc,heap        ] GC(2250) PSYoungGen: 111616K(222720K)->6176K(222720K) Eden: 111616K(111616K)->0K(111616K) From: 0K(111104K)->6176K(111104K)
[638.080s][info][gc,heap        ] GC(2250) ParOldGen: 374440K(667648K)->374440K(667648K)
[638.080s][info][gc,metaspace   ] GC(2250) Metaspace: 19102K(19328K)->19102K(19328K) NonClass: 16442K(16576K)->16442K(16576K) Class: 2660K(2752K)->2660K(2752K)
[638.080s][info][gc             ] GC(2250) Pause Young (Allocation Failure) 474M->371M(869M) 10.131ms
[638.080s][info][gc,cpu         ] GC(2250) User=0.02s Sys=0.00s Real=0.01s
[638.212s][info][gc,start       ] GC(2251) Pause Young (Allocation Failure)
[638.230s][info][gc,heap        ] GC(2251) PSYoungGen: 117792K(222720K)->5536K(222720K) Eden: 111616K(111616K)->0K(111616K) From: 6176K(111104K)->5536K(111104K)
[638.230s][info][gc,heap        ] GC(2251) ParOldGen: 374440K(667648K)->380608K(667648K)
[638.230s][info][gc,metaspace   ] GC(2251) Metaspace: 19102K(19328K)->19102K(19328K) NonClass: 16442K(16576K)->16442K(16576K) Class: 2660K(2752K)->2660K(2752K)
[638.230s][info][gc             ] GC(2251) Pause Young (Allocation Failure) 480M->377M(869M) 18.150ms
[638.230s][info][gc,cpu         ] GC(2251) User=0.04s Sys=0.00s Real=0.02s
[638.371s][info][gc,start       ] GC(2252) Pause Young (Allocation Failure)
[638.379s][info][gc,heap        ] GC(2252) PSYoungGen: 117152K(222720K)->96K(222720K) Eden: 111616K(111616K)->0K(111616K) From: 5536K(111104K)->96K(111104K)
[638.379s][info][gc,heap        ] GC(2252) ParOldGen: 380608K(667648K)->386128K(667648K)
[638.379s][info][gc,metaspace   ] GC(2252) Metaspace: 19102K(19328K)->19102K(19328K) NonClass: 16442K(16576K)->16442K(16576K) Class: 2660K(2752K)->2660K(2752K)
[638.379s][info][gc             ] GC(2252) Pause Young (Allocation Failure) 486M->377M(869M) 7.971ms
[638.379s][info][gc,cpu         ] GC(2252) User=0.02s Sys=0.00s Real=0.01s
[638.530s][info][gc,start       ] GC(2253) Pause Young (Allocation Failure)
[638.549s][info][gc,heap        ] GC(2253) PSYoungGen: 111712K(222720K)->17600K(222720K) Eden: 111616K(111616K)->0K(111616K) From: 96K(111104K)->17600K(111104K)
[638.549s][info][gc,heap        ] GC(2253) ParOldGen: 386128K(667648K)->386205K(667648K)
[638.549s][info][gc,metaspace   ] GC(2253) Metaspace: 19102K(19328K)->19102K(19328K) NonClass: 16442K(16576K)->16442K(16576K) Class: 2660K(2752K)->2660K(2752K)
[638.549s][info][gc             ] GC(2253) Pause Young (Allocation Failure) 486M->394M(869M) 18.963ms
[638.549s][info][gc,cpu         ] GC(2253) User=0.04s Sys=0.00s Real=0.02s
[638.779s][info][gc,start       ] GC(2254) Pause Young (Allocation Failure)
[638.810s][info][gc,heap        ] GC(2254) PSYoungGen: 129216K(222720K)->8160K(222720K) Eden: 111616K(111616K)->0K(111616K) From: 17600K(111104K)->8160K(111104K)
[638.810s][info][gc,heap        ] GC(2254) ParOldGen: 386205K(667648K)->403779K(667648K)
[638.810s][info][gc,metaspace   ] GC(2254) Metaspace: 19102K(19328K)->19102K(19328K) NonClass: 16442K(16576K)->16442K(16576K) Class: 2660K(2752K)->2660K(2752K)
[638.810s][info][gc             ] GC(2254) Pause Young (Allocation Failure) 503M->402M(869M) 31.894ms
[638.810s][info][gc,cpu         ] GC(2254) User=0.07s Sys=0.00s Real=0.03s
[638.977s][info][gc,start       ] GC(2255) Pause Young (Allocation Failure)
[639.001s][info][gc,heap        ] GC(2255) PSYoungGen: 119776K(222720K)->16064K(222720K) Eden: 111616K(111616K)->0K(111616K) From: 8160K(111104K)->16064K(111104K)
[639.001s][info][gc,heap        ] GC(2255) ParOldGen: 403779K(667648K)->411923K(667648K)
[639.001s][info][gc,metaspace   ] GC(2255) Metaspace: 19102K(19328K)->19102K(19328K) NonClass: 16442K(16576K)->16442K(16576K) Class: 2660K(2752K)->2660K(2752K)
[639.001s][info][gc             ] GC(2255) Pause Young (Allocation Failure) 511M->417M(869M) 24.263ms
[639.001s][info][gc,cpu         ] GC(2255) User=0.05s Sys=0.00s Real=0.02s
[639.155s][info][gc,start       ] GC(2256) Pause Young (Allocation Failure)
[639.179s][info][gc,heap        ] GC(2256) PSYoungGen: 127680K(222720K)->9344K(222720K) Eden: 111616K(111616K)->0K(111616K) From: 16064K(111104K)->9344K(111104K)
[639.179s][info][gc,heap        ] GC(2256) ParOldGen: 411923K(667648K)->428051K(667648K)
[639.179s][info][gc,metaspace   ] GC(2256) Metaspace: 19102K(19328K)->19102K(19328K) NonClass: 16442K(16576K)->16442K(16576K) Class: 2660K(2752K)->2660K(2752K)
[639.179s][info][gc             ] GC(2256) Pause Young (Allocation Failure) 526M->427M(869M) 23.802ms
[639.179s][info][gc,cpu         ] GC(2256) User=0.04s Sys=0.00s Real=0.02s
[639.239s][info][gc,start       ] GC(2257) Pause Young (Allocation Failure)
[639.277s][info][gc,heap        ] GC(2257) PSYoungGen: 120960K(222720K)->41264K(222720K) Eden: 111616K(111616K)->0K(111616K) From: 9344K(111104K)->41264K(111104K)
[639.277s][info][gc,heap        ] GC(2257) ParOldGen: 428051K(667648K)->437443K(667648K)
[639.277s][info][gc,metaspace   ] GC(2257) Metaspace: 19102K(19328K)->19102K(19328K) NonClass: 16442K(16576K)->16442K(16576K) Class: 2660K(2752K)->2660K(2752K)
[639.277s][info][gc             ] GC(2257) Pause Young (Allocation Failure) 536M->467M(869M) 37.286ms
[639.277s][info][gc,cpu         ] GC(2257) User=0.08s Sys=0.00s Real=0.04s
[639.466s][info][gc,start       ] GC(2258) Pause Young (Allocation Failure)
[639.510s][info][gc,heap        ] GC(2258) PSYoungGen: 152880K(222720K)->26736K(222720K) Eden: 111616K(111616K)->0K(111616K) From: 41264K(111104K)->26736K(111104K)
[639.510s][info][gc,heap        ] GC(2258) ParOldGen: 437443K(667648K)->479164K(667648K)
[639.510s][info][gc,metaspace   ] GC(2258) Metaspace: 19102K(19328K)->19102K(19328K) NonClass: 16442K(16576K)->16442K(16576K) Class: 2660K(2752K)->2660K(2752K)
[639.510s][info][gc             ] GC(2258) Pause Young (Allocation Failure) 576M->494M(869M) 43.913ms
[639.510s][info][gc,cpu         ] GC(2258) User=0.09s Sys=0.00s Real=0.04s
[639.641s][info][gc,start       ] GC(2259) Pause Young (Allocation Failure)
[639.671s][info][gc,heap        ] GC(2259) PSYoungGen: 138352K(222720K)->2752K(222720K) Eden: 111616K(111616K)->0K(111616K) From: 26736K(111104K)->2752K(111104K)
[639.672s][info][gc,heap        ] GC(2259) ParOldGen: 479164K(667648K)->506160K(667648K)
[639.672s][info][gc,metaspace   ] GC(2259) Metaspace: 19102K(19328K)->19102K(19328K) NonClass: 16442K(16576K)->16442K(16576K) Class: 2660K(2752K)->2660K(2752K)
[639.672s][info][gc             ] GC(2259) Pause Young (Allocation Failure) 603M->496M(869M) 30.678ms
[639.672s][info][gc,cpu         ] GC(2259) User=0.06s Sys=0.00s Real=0.03s
[639.820s][info][gc,start       ] GC(2260) Pause Young (Allocation Failure)
[639.870s][info][gc,heap        ] GC(2260) PSYoungGen: 114368K(222720K)->32008K(143872K) Eden: 111616K(111616K)->0K(111616K) From: 2752K(111104K)->32008K(32256K)
[639.870s][info][gc,heap        ] GC(2260) ParOldGen: 506160K(667648K)->508864K(667648K)
[639.870s][info][gc,metaspace   ] GC(2260) Metaspace: 19102K(19328K)->19102K(19328K) NonClass: 16442K(16576K)->16442K(16576K) Class: 2660K(2752K)->2660K(2752K)
[639.870s][info][gc             ] GC(2260) Pause Young (Allocation Failure) 605M->528M(792M) 49.601ms
[639.870s][info][gc,cpu         ] GC(2260) User=0.09s Sys=0.00s Real=0.05s
[640.003s][info][gc,start       ] GC(2261) Pause Young (Allocation Failure)
[640.064s][info][gc,heap        ] GC(2261) PSYoungGen: 143624K(143872K)->52552K(215040K) Eden: 111616K(111616K)->0K(111104K) From: 32008K(32256K)->52552K(103936K)
[640.064s][info][gc,heap        ] GC(2261) ParOldGen: 508864K(667648K)->508864K(667648K)
[640.064s][info][gc,metaspace   ] GC(2261) Metaspace: 19102K(19328K)->19102K(19328K) NonClass: 16442K(16576K)->16442K(16576K) Class: 2660K(2752K)->2660K(2752K)
[640.064s][info][gc             ] GC(2261) Pause Young (Allocation Failure) 637M->548M(862M) 60.189ms
[640.064s][info][gc,cpu         ] GC(2261) User=0.12s Sys=0.00s Real=0.06s
[640.175s][info][gc,start       ] GC(2262) Pause Young (Allocation Failure)
[640.239s][info][gc,heap        ] GC(2262) PSYoungGen: 163656K(215040K)->56456K(215552K) Eden: 111104K(111104K)->0K(111104K) From: 52552K(103936K)->56456K(104448K)
[640.239s][info][gc,heap        ] GC(2262) ParOldGen: 508864K(667648K)->508864K(667648K)
[640.239s][info][gc,metaspace   ] GC(2262) Metaspace: 19102K(19328K)->19102K(19328K) NonClass: 16442K(16576K)->16442K(16576K) Class: 2660K(2752K)->2660K(2752K)
[640.239s][info][gc             ] GC(2262) Pause Young (Allocation Failure) 656M->552M(862M) 64.748ms
[640.239s][info][gc,cpu         ] GC(2262) User=0.13s Sys=0.00s Real=0.06s
[640.360s][info][gc,start       ] GC(2263) Pause Young (Allocation Failure)
[640.425s][info][gc,heap        ] GC(2263) PSYoungGen: 167560K(215552K)->57055K(224768K) Eden: 111104K(111104K)->0K(119296K) From: 56456K(104448K)->57055K(105472K)
[640.425s][info][gc,heap        ] GC(2263) ParOldGen: 508864K(667648K)->508864K(667648K)
[640.425s][info][gc,metaspace   ] GC(2263) Metaspace: 19102K(19328K)->19102K(19328K) NonClass: 16442K(16576K)->16442K(16576K) Class: 2660K(2752K)->2660K(2752K)
[640.425s][info][gc             ] GC(2263) Pause Young (Allocation Failure) 660M->552M(871M) 65.079ms
[640.425s][info][gc,cpu         ] GC(2263) User=0.12s Sys=0.00s Real=0.07s
[640.564s][info][gc,start       ] GC(2264) Pause Young (Allocation Failure)
[640.632s][info][gc,heap        ] GC(2264) PSYoungGen: 176351K(224768K)->61055K(225792K) Eden: 119296K(119296K)->0K(119296K) From: 57055K(105472K)->61055K(106496K)
[640.633s][info][gc,heap        ] GC(2264) ParOldGen: 508864K(667648K)->508864K(667648K)
[640.633s][info][gc,metaspace   ] GC(2264) Metaspace: 19102K(19328K)->19102K(19328K) NonClass: 16442K(16576K)->16442K(16576K) Class: 2660K(2752K)->2660K(2752K)
[640.633s][info][gc             ] GC(2264) Pause Young (Allocation Failure) 669M->556M(872M) 68.261ms
[640.633s][info][gc,cpu         ] GC(2264) User=0.14s Sys=0.00s Real=0.06s
[640.774s][info][gc,start       ] GC(2265) Pause Young (Allocation Failure)
[640.851s][info][gc,heap        ] GC(2265) PSYoungGen: 180351K(225792K)->70207K(219648K) Eden: 119296K(119296K)->0K(111616K) From: 61055K(106496K)->70207K(108032K)
[640.851s][info][gc,heap        ] GC(2265) ParOldGen: 508864K(667648K)->508864K(667648K)
[640.851s][info][gc,metaspace   ] GC(2265) Metaspace: 19102K(19328K)->19102K(19328K) NonClass: 16442K(16576K)->16442K(16576K) Class: 2660K(2752K)->2660K(2752K)
[640.851s][info][gc             ] GC(2265) Pause Young (Allocation Failure) 673M->565M(866M) 76.566ms
[640.851s][info][gc,cpu         ] GC(2265) User=0.15s Sys=0.00s Real=0.07s
[641.024s][info][gc,start       ] GC(2266) Pause Young (Allocation Failure)
[641.125s][info][gc,heap        ] GC(2266) PSYoungGen: 181823K(219648K)->34320K(146432K) Eden: 111616K(111616K)->0K(111616K) From: 70207K(108032K)->34320K(34816K)
[641.125s][info][gc,heap        ] GC(2266) ParOldGen: 508864K(667648K)->561462K(667648K)
[641.125s][info][gc,metaspace   ] GC(2266) Metaspace: 19102K(19328K)->19102K(19328K) NonClass: 16442K(16576K)->16442K(16576K) Class: 2660K(2752K)->2660K(2752K)
[641.125s][info][gc             ] GC(2266) Pause Young (Allocation Failure) 674M->581M(795M) 100.576ms
[641.125s][info][gc,cpu         ] GC(2266) User=0.20s Sys=0.00s Real=0.10s
[641.390s][info][gc,start       ] GC(2267) Pause Young (Allocation Failure)
[641.433s][info][gc,heap        ] GC(2267) PSYoungGen: 145936K(146432K)->40706K(221696K) Eden: 111616K(111616K)->0K(120832K) From: 34320K(34816K)->40706K(100864K)
[641.433s][info][gc,heap        ] GC(2267) ParOldGen: 561462K(667648K)->561462K(667648K)
[641.433s][info][gc,metaspace   ] GC(2267) Metaspace: 19102K(19328K)->19102K(19328K) NonClass: 16442K(16576K)->16442K(16576K) Class: 2660K(2752K)->2660K(2752K)
[641.433s][info][gc             ] GC(2267) Pause Young (Allocation Failure) 690M->588M(868M) 43.130ms
[641.433s][info][gc,cpu         ] GC(2267) User=0.08s Sys=0.00s Real=0.05s
[641.505s][info][gc,start       ] GC(2268) Pause Young (Allocation Failure)
[641.579s][info][gc,heap        ] GC(2268) PSYoungGen: 161538K(221696K)->88978K(221696K) Eden: 120832K(120832K)->0K(120832K) From: 40706K(100864K)->88978K(100864K)
[641.579s][info][gc,heap        ] GC(2268) ParOldGen: 561462K(667648K)->561462K(667648K)
[641.579s][info][gc,metaspace   ] GC(2268) Metaspace: 19102K(19328K)->19102K(19328K) NonClass: 16442K(16576K)->16442K(16576K) Class: 2660K(2752K)->2660K(2752K)
[641.579s][info][gc             ] GC(2268) Pause Young (Allocation Failure) 706M->635M(868M) 74.187ms
[641.579s][info][gc,cpu         ] GC(2268) User=0.15s Sys=0.00s Real=0.07s
[641.766s][info][gc,start       ] GC(2269) Pause Young (Allocation Failure)
[641.858s][info][gc,heap        ] GC(2269) PSYoungGen: 209810K(221696K)->109186K(222720K) Eden: 120832K(120832K)->0K(111616K) From: 88978K(100864K)->109186K(111104K)
[641.858s][info][gc,heap        ] GC(2269) ParOldGen: 561462K(667648K)->565998K(667648K)
[641.858s][info][gc,metaspace   ] GC(2269) Metaspace: 19102K(19328K)->19102K(19328K) NonClass: 16442K(16576K)->16442K(16576K) Class: 2660K(2752K)->2660K(2752K)
[641.858s][info][gc             ] GC(2269) Pause Young (Allocation Failure) 753M->659M(869M) 92.193ms
[641.858s][info][gc,cpu         ] GC(2269) User=0.17s Sys=0.01s Real=0.09s
[641.986s][info][gc,start       ] GC(2270) Pause Young (Allocation Failure)
[642.069s][info][gc,heap        ] GC(2270) PSYoungGen: 220802K(222720K)->98578K(222720K) Eden: 111616K(111616K)->0K(111616K) From: 109186K(111104K)->98578K(111104K)
[642.069s][info][gc,heap        ] GC(2270) ParOldGen: 565998K(667648K)->579174K(667648K)
[642.069s][info][gc,metaspace   ] GC(2270) Metaspace: 19102K(19328K)->19102K(19328K) NonClass: 16442K(16576K)->16442K(16576K) Class: 2660K(2752K)->2660K(2752K)
[642.069s][info][gc             ] GC(2270) Pause Young (Allocation Failure) 768M->661M(869M) 83.484ms
[642.069s][info][gc,cpu         ] GC(2270) User=0.17s Sys=0.00s Real=0.08s
[642.247s][info][gc,start       ] GC(2271) Pause Young (Allocation Failure)
[642.364s][info][gc,heap        ] GC(2271) PSYoungGen: 210194K(222720K)->107568K(222720K) Eden: 111616K(111616K)->0K(111616K) From: 98578K(111104K)->107568K(111104K)
[642.364s][info][gc,heap        ] GC(2271) ParOldGen: 579174K(667648K)->602220K(667648K)
[642.364s][info][gc,metaspace   ] GC(2271) Metaspace: 19102K(19328K)->19102K(19328K) NonClass: 16442K(16576K)->16442K(16576K) Class: 2660K(2752K)->2660K(2752K)
[642.364s][info][gc             ] GC(2271) Pause Young (Allocation Failure) 770M->693M(869M) 116.998ms
[642.364s][info][gc,cpu         ] GC(2271) User=0.24s Sys=0.00s Real=0.12s
[642.500s][info][gc,start       ] GC(2272) Pause Young (Allocation Failure)
[642.644s][info][gc,promotion   ] GC(2272) Promotion failed
[642.644s][info][gc,heap        ] GC(2272) PSYoungGen: 219184K(222720K)->219184K(222720K) Eden: 111616K(111616K)->111616K(111616K) From: 107568K(111104K)->107568K(111104K)
[642.644s][info][gc,heap        ] GC(2272) ParOldGen: 602220K(667648K)->667644K(667648K)
[642.644s][info][gc,metaspace   ] GC(2272) Metaspace: 19102K(19328K)->19102K(19328K) NonClass: 16442K(16576K)->16442K(16576K) Class: 2660K(2752K)->2660K(2752K)
[642.644s][info][gc             ] GC(2272) Pause Young (Allocation Failure) 802M->866M(869M) 143.656ms
[642.644s][info][gc,cpu         ] GC(2272) User=0.24s Sys=0.05s Real=0.15s
[642.644s][info][gc,start       ] GC(2273) Pause Full (Allocation Failure)
[642.644s][info][gc,phases,start] GC(2273) Marking Phase
[643.004s][info][gc,phases      ] GC(2273) Marking Phase 359.976ms
[643.004s][info][gc,phases,start] GC(2273) Summary Phase
[643.004s][info][gc,phases      ] GC(2273) Summary Phase 0.029ms
[643.004s][info][gc,phases,start] GC(2273) Forward
[643.139s][info][gc,phases      ] GC(2273) Forward 134.846ms
[643.139s][info][gc,phases,start] GC(2273) Adjust Pointers
[643.415s][info][gc,phases      ] GC(2273) Adjust Pointers 276.091ms
[643.415s][info][gc,phases,start] GC(2273) Compaction Phase
[643.590s][info][gc,phases      ] GC(2273) Compaction Phase 175.383ms
[643.603s][info][gc,phases,start] GC(2273) Post Compact
[643.606s][info][gc,phases      ] GC(2273) Post Compact 2.696ms
[643.606s][info][gc,heap        ] GC(2273) PSYoungGen: 219184K(222720K)->0K(222720K) Eden: 111616K(111616K)->0K(111616K) From: 107568K(111104K)->0K(111104K)
[643.606s][info][gc,heap        ] GC(2273) ParOldGen: 667644K(667648K)->515848K(667648K)
[643.606s][info][gc,metaspace   ] GC(2273) Metaspace: 19102K(19328K)->19102K(19328K) NonClass: 16442K(16576K)->16442K(16576K) Class: 2660K(2752K)->2660K(2752K)
[643.606s][info][gc             ] GC(2273) Pause Full (Allocation Failure) 866M->503M(869M) 961.998ms
[643.606s][info][gc,cpu         ] GC(2273) User=1.82s Sys=0.00s Real=0.96s
[643.708s][info][gc,start       ] GC(2274) Pause Young (Allocation Failure)
[643.716s][info][gc,heap        ] GC(2274) PSYoungGen: 111616K(222720K)->4000K(222720K) Eden: 111616K(111616K)->0K(111616K) From: 0K(111104K)->4000K(111104K)
[643.716s][info][gc,heap        ] GC(2274) ParOldGen: 515848K(667648K)->515848K(667648K)
[643.716s][info][gc,metaspace   ] GC(2274) Metaspace: 19102K(19328K)->19102K(19328K) NonClass: 16442K(16576K)->16442K(16576K) Class: 2660K(2752K)->2660K(2752K)
[643.716s][info][gc             ] GC(2274) Pause Young (Allocation Failure) 612M->507M(869M) 7.329ms
[643.716s][info][gc,cpu         ] GC(2274) User=0.01s Sys=0.00s Real=0.01s
[643.837s][info][gc,start       ] GC(2275) Pause Young (Allocation Failure)
[643.849s][info][gc,heap        ] GC(2275) PSYoungGen: 115616K(222720K)->4576K(222720K) Eden: 111616K(111616K)->0K(111616K) From: 4000K(111104K)->4576K(111104K)
[643.849s][info][gc,heap        ] GC(2275) ParOldGen: 515848K(667648K)->515848K(667648K)
[643.849s][info][gc,metaspace   ] GC(2275) Metaspace: 19102K(19328K)->19102K(19328K) NonClass: 16442K(16576K)->16442K(16576K) Class: 2660K(2752K)->2660K(2752K)
[643.849s][info][gc             ] GC(2275) Pause Young (Allocation Failure) 616M->508M(869M) 11.309ms
[643.849s][info][gc,cpu         ] GC(2275) User=0.03s Sys=0.00s Real=0.01s
[643.978s][info][gc,start       ] GC(2276) Pause Young (Allocation Failure)
[643.995s][info][gc,heap        ] GC(2276) PSYoungGen: 116192K(222720K)->4032K(222720K) Eden: 111616K(111616K)->0K(111616K) From: 4576K(111104K)->4032K(111104K)
[643.995s][info][gc,heap        ] GC(2276) ParOldGen: 515848K(667648K)->520384K(667648K)
[643.995s][info][gc,metaspace   ] GC(2276) Metaspace: 19102K(19328K)->19102K(19328K) NonClass: 16442K(16576K)->16442K(16576K) Class: 2660K(2752K)->2660K(2752K)
[643.995s][info][gc             ] GC(2276) Pause Young (Allocation Failure) 617M->512M(869M) 16.213ms
[643.995s][info][gc,cpu         ] GC(2276) User=0.04s Sys=0.00s Real=0.02s
[644.148s][info][gc,start       ] GC(2277) Pause Young (Allocation Failure)
[644.164s][info][gc,heap        ] GC(2277) PSYoungGen: 115648K(222720K)->9152K(222720K) Eden: 111616K(111616K)->0K(111616K) From: 4032K(111104K)->9152K(111104K)
[644.164s][info][gc,heap        ] GC(2277) ParOldGen: 520384K(667648K)->524416K(667648K)
[644.164s][info][gc,metaspace   ] GC(2277) Metaspace: 19102K(19328K)->19102K(19328K) NonClass: 16442K(16576K)->16442K(16576K) Class: 2660K(2752K)->2660K(2752K)
[644.164s][info][gc             ] GC(2277) Pause Young (Allocation Failure) 621M->521M(869M) 15.965ms
[644.164s][info][gc,cpu         ] GC(2277) User=0.03s Sys=0.00s Real=0.02s
[644.339s][info][gc,start       ] GC(2278) Pause Young (Allocation Failure)
[644.365s][info][gc,heap        ] GC(2278) PSYoungGen: 120768K(222720K)->15152K(222720K) Eden: 111616K(111616K)->0K(111616K) From: 9152K(111104K)->15152K(111104K)
[644.365s][info][gc,heap        ] GC(2278) ParOldGen: 524416K(667648K)->533568K(667648K)
[644.365s][info][gc,metaspace   ] GC(2278) Metaspace: 19102K(19328K)->19102K(19328K) NonClass: 16442K(16576K)->16442K(16576K) Class: 2660K(2752K)->2660K(2752K)
[644.365s][info][gc             ] GC(2278) Pause Young (Allocation Failure) 630M->535M(869M) 26.225ms
[644.365s][info][gc,cpu         ] GC(2278) User=0.05s Sys=0.00s Real=0.03s
[644.675s][info][gc,start       ] GC(2279) Pause Young (Allocation Failure)
[644.695s][info][gc,heap        ] GC(2279) PSYoungGen: 126768K(222720K)->2432K(222720K) Eden: 111616K(111616K)->0K(111616K) From: 15152K(111104K)->2432K(111104K)
[644.695s][info][gc,heap        ] GC(2279) ParOldGen: 533568K(667648K)->548737K(667648K)
[644.695s][info][gc,metaspace   ] GC(2279) Metaspace: 19102K(19328K)->19102K(19328K) NonClass: 16442K(16576K)->16442K(16576K) Class: 2660K(2752K)->2660K(2752K)
[644.695s][info][gc             ] GC(2279) Pause Young (Allocation Failure) 644M->538M(869M) 20.348ms
[644.695s][info][gc,cpu         ] GC(2279) User=0.04s Sys=0.00s Real=0.02s
[644.956s][info][gc,start       ] GC(2280) Pause Young (Allocation Failure)
[644.960s][info][gc,heap        ] GC(2280) PSYoungGen: 114048K(222720K)->64K(222720K) Eden: 111616K(111616K)->0K(111616K) From: 2432K(111104K)->64K(111104K)
[644.960s][info][gc,heap        ] GC(2280) ParOldGen: 548737K(667648K)->551161K(667648K)
[644.960s][info][gc,metaspace   ] GC(2280) Metaspace: 19102K(19328K)->19102K(19328K) NonClass: 16442K(16576K)->16442K(16576K) Class: 2660K(2752K)->2660K(2752K)
[644.960s][info][gc             ] GC(2280) Pause Young (Allocation Failure) 647M->538M(869M) 4.290ms
[644.960s][info][gc,cpu         ] GC(2280) User=0.01s Sys=0.00s Real=0.00s
[645.218s][info][gc,start       ] GC(2281) Pause Young (Allocation Failure)
[645.220s][info][gc,heap        ] GC(2281) PSYoungGen: 111680K(222720K)->64K(222720K) Eden: 111616K(111616K)->0K(111616K) From: 64K(111104K)->64K(111104K)
[645.220s][info][gc,heap        ] GC(2281) ParOldGen: 551161K(667648K)->551177K(667648K)
[645.220s][info][gc,metaspace   ] GC(2281) Metaspace: 19102K(19328K)->19102K(19328K) NonClass: 16442K(16576K)->16442K(16576K) Class: 2660K(2752K)->2660K(2752K)
[645.220s][info][gc             ] GC(2281) Pause Young (Allocation Failure) 647M->538M(869M) 2.098ms
[645.220s][info][gc,cpu         ] GC(2281) User=0.01s Sys=0.00s Real=0.00s
[645.481s][info][gc,start       ] GC(2282) Pause Young (Allocation Failure)
[645.492s][info][gc,heap        ] GC(2282) PSYoungGen: 111680K(222720K)->64K(222720K) Eden: 111616K(111616K)->0K(111616K) From: 64K(111104K)->64K(111104K)
[645.492s][info][gc,heap        ] GC(2282) ParOldGen: 551177K(667648K)->551209K(667648K)
[645.492s][info][gc,metaspace   ] GC(2282) Metaspace: 19102K(19328K)->19102K(19328K) NonClass: 16442K(16576K)->16442K(16576K) Class: 2660K(2752K)->2660K(2752K)
[645.492s][info][gc             ] GC(2282) Pause Young (Allocation Failure) 647M->538M(869M) 10.827ms
[645.492s][info][gc,cpu         ] GC(2282) User=0.02s Sys=0.00s Real=0.01s
[645.708s][info][gc,start       ] GC(2283) Pause Young (Allocation Failure)
[645.714s][info][gc,heap        ] GC(2283) PSYoungGen: 111680K(222720K)->6576K(222720K) Eden: 111616K(111616K)->0K(111616K) From: 64K(111104K)->6576K(111104K)
[645.714s][info][gc,heap        ] GC(2283) ParOldGen: 551209K(667648K)->551233K(667648K)
[645.714s][info][gc,metaspace   ] GC(2283) Metaspace: 19102K(19328K)->19102K(19328K) NonClass: 16442K(16576K)->16442K(16576K) Class: 2660K(2752K)->2660K(2752K)
[645.715s][info][gc             ] GC(2283) Pause Young (Allocation Failure) 647M->544M(869M) 6.216ms
[645.715s][info][gc,cpu         ] GC(2283) User=0.01s Sys=0.00s Real=0.01s
[645.775s][info][gc,start       ] GC(2284) Pause Young (Allocation Failure)
[645.808s][info][gc,heap        ] GC(2284) PSYoungGen: 118192K(222720K)->41056K(222720K) Eden: 111616K(111616K)->0K(111616K) From: 6576K(111104K)->41056K(111104K)
[645.808s][info][gc,heap        ] GC(2284) ParOldGen: 551233K(667648K)->557857K(667648K)
[645.808s][info][gc,metaspace   ] GC(2284) Metaspace: 19102K(19328K)->19102K(19328K) NonClass: 16442K(16576K)->16442K(16576K) Class: 2660K(2752K)->2660K(2752K)
[645.808s][info][gc             ] GC(2284) Pause Young (Allocation Failure) 653M->584M(869M) 33.761ms
[645.808s][info][gc,cpu         ] GC(2284) User=0.06s Sys=0.00s Real=0.03s
[645.994s][info][gc,start       ] GC(2285) Pause Young (Allocation Failure)
[646.038s][info][gc,heap        ] GC(2285) PSYoungGen: 152672K(222720K)->26304K(138240K) Eden: 111616K(111616K)->0K(111616K) From: 41056K(111104K)->26304K(26624K)
[646.038s][info][gc,heap        ] GC(2285) ParOldGen: 557857K(667648K)->599377K(667648K)
[646.038s][info][gc,metaspace   ] GC(2285) Metaspace: 19102K(19328K)->19102K(19328K) NonClass: 16442K(16576K)->16442K(16576K) Class: 2660K(2752K)->2660K(2752K)
[646.038s][info][gc             ] GC(2285) Pause Young (Allocation Failure) 693M->611M(787M) 44.376ms
[646.038s][info][gc,cpu         ] GC(2285) User=0.08s Sys=0.00s Real=0.04s
[646.155s][info][gc,start       ] GC(2286) Pause Young (Allocation Failure)
[646.186s][info][gc,heap        ] GC(2286) PSYoungGen: 137920K(138240K)->29072K(216576K) Eden: 111616K(111616K)->0K(118784K) From: 26304K(26624K)->29072K(97792K)
[646.186s][info][gc,heap        ] GC(2286) ParOldGen: 599377K(667648K)->599377K(667648K)
[646.186s][info][gc,metaspace   ] GC(2286) Metaspace: 19102K(19328K)->19102K(19328K) NonClass: 16442K(16576K)->16442K(16576K) Class: 2660K(2752K)->2660K(2752K)
[646.186s][info][gc             ] GC(2286) Pause Young (Allocation Failure) 720M->613M(863M) 30.530ms
[646.186s][info][gc,cpu         ] GC(2286) User=0.06s Sys=0.00s Real=0.03s
[646.362s][info][gc,start       ] GC(2287) Pause Young (Allocation Failure)
[646.427s][info][gc,heap        ] GC(2287) PSYoungGen: 147856K(216576K)->61200K(216576K) Eden: 118784K(118784K)->0K(118784K) From: 29072K(97792K)->61200K(97792K)
[646.427s][info][gc,heap        ] GC(2287) ParOldGen: 599377K(667648K)->599377K(667648K)
[646.427s][info][gc,metaspace   ] GC(2287) Metaspace: 19102K(19328K)->19102K(19328K) NonClass: 16442K(16576K)->16442K(16576K) Class: 2660K(2752K)->2660K(2752K)
[646.427s][info][gc             ] GC(2287) Pause Young (Allocation Failure) 729M->645M(863M) 65.603ms
[646.427s][info][gc,cpu         ] GC(2287) User=0.13s Sys=0.00s Real=0.07s
[646.573s][info][gc,start       ] GC(2288) Pause Young (Allocation Failure)
[646.657s][info][gc,heap        ] GC(2288) PSYoungGen: 179984K(216576K)->81760K(215552K) Eden: 118784K(118784K)->0K(111616K) From: 61200K(97792K)->81760K(103936K)
[646.657s][info][gc,heap        ] GC(2288) ParOldGen: 599377K(667648K)->599377K(667648K)
[646.657s][info][gc,metaspace   ] GC(2288) Metaspace: 19102K(19328K)->19102K(19328K) NonClass: 16442K(16576K)->16442K(16576K) Class: 2660K(2752K)->2660K(2752K)
[646.657s][info][gc             ] GC(2288) Pause Young (Allocation Failure) 761M->665M(862M) 84.824ms
[646.657s][info][gc,cpu         ] GC(2288) User=0.17s Sys=0.00s Real=0.09s
[646.753s][info][gc,start       ] GC(2289) Pause Young (Allocation Failure)
[646.841s][info][gc,heap        ] GC(2289) PSYoungGen: 193376K(215552K)->56704K(222720K) Eden: 111616K(111616K)->0K(111616K) From: 81760K(103936K)->56704K(111104K)
[646.842s][info][gc,heap        ] GC(2289) ParOldGen: 599377K(667648K)->628661K(667648K)
[646.842s][info][gc,metaspace   ] GC(2289) Metaspace: 19102K(19328K)->19102K(19328K) NonClass: 16442K(16576K)->16442K(16576K) Class: 2660K(2752K)->2660K(2752K)
[646.842s][info][gc             ] GC(2289) Pause Young (Allocation Failure) 774M->669M(869M) 88.614ms
[646.842s][info][gc,cpu         ] GC(2289) User=0.18s Sys=0.00s Real=0.09s
[646.962s][info][gc,start       ] GC(2290) Pause Full (Allocation Failure)
[646.962s][info][gc,phases,start] GC(2290) Marking Phase
[647.432s][info][gc,phases      ] GC(2290) Marking Phase 470.691ms
[647.432s][info][gc,phases,start] GC(2290) Summary Phase
[647.432s][info][gc,phases      ] GC(2290) Summary Phase 0.026ms
[647.432s][info][gc,phases,start] GC(2290) Forward
[647.537s][info][gc,phases      ] GC(2290) Forward 104.395ms
[647.537s][info][gc,phases,start] GC(2290) Adjust Pointers
[647.899s][info][gc,phases      ] GC(2290) Adjust Pointers 361.740ms
[647.899s][info][gc,phases,start] GC(2290) Compaction Phase
[648.108s][info][gc,phases      ] GC(2290) Compaction Phase 209.514ms
[648.118s][info][gc,phases,start] GC(2290) Post Compact
[648.121s][info][gc,phases      ] GC(2290) Post Compact 2.354ms
[648.121s][info][gc,heap        ] GC(2290) PSYoungGen: 168320K(222720K)->0K(222720K) Eden: 111616K(111616K)->0K(111616K) From: 56704K(111104K)->0K(111104K)
[648.121s][info][gc,heap        ] GC(2290) ParOldGen: 628661K(667648K)->664909K(667648K)
[648.121s][info][gc,metaspace   ] GC(2290) Metaspace: 19102K(19328K)->19102K(19328K) NonClass: 16442K(16576K)->16442K(16576K) Class: 2660K(2752K)->2660K(2752K)
[648.121s][info][gc             ] GC(2290) Pause Full (Allocation Failure) 778M->649M(869M) 1159.240ms
[648.121s][info][gc,cpu         ] GC(2290) User=2.27s Sys=0.00s Real=1.16s
[648.250s][info][gc,start       ] GC(2291) Pause Full (Allocation Failure)
[648.250s][info][gc,phases,start] GC(2291) Marking Phase
[648.724s][info][gc,phases      ] GC(2291) Marking Phase 474.630ms
[648.724s][info][gc,phases,start] GC(2291) Summary Phase
[648.724s][info][gc,phases      ] GC(2291) Summary Phase 0.024ms
[648.724s][info][gc,phases,start] GC(2291) Forward
[648.727s][info][gc,phases      ] GC(2291) Forward 3.055ms
[648.727s][info][gc,phases,start] GC(2291) Adjust Pointers
[649.039s][info][gc,phases      ] GC(2291) Adjust Pointers 311.999ms
[649.040s][info][gc,phases,start] GC(2291) Compaction Phase
[649.177s][info][gc,phases      ] GC(2291) Compaction Phase 136.966ms
[649.177s][info][gc,phases,start] GC(2291) Post Compact
[649.179s][info][gc,phases      ] GC(2291) Post Compact 2.221ms
[649.179s][info][gc,heap        ] GC(2291) PSYoungGen: 111616K(222720K)->1255K(222720K) Eden: 111616K(111616K)->1255K(111616K) From: 0K(111104K)->0K(111104K)
[649.179s][info][gc,heap        ] GC(2291) ParOldGen: 664909K(667648K)->667522K(667648K)
[649.179s][info][gc,metaspace   ] GC(2291) Metaspace: 19102K(19328K)->19102K(19328K) NonClass: 16442K(16576K)->16442K(16576K) Class: 2660K(2752K)->2660K(2752K)
[649.179s][info][gc             ] GC(2291) Pause Full (Allocation Failure) 758M->653M(869M) 929.324ms
[649.179s][info][gc,cpu         ] GC(2291) User=1.82s Sys=0.00s Real=0.93s
[649.315s][info][gc,start       ] GC(2292) Pause Full (Allocation Failure)
[649.315s][info][gc,phases,start] GC(2292) Marking Phase
[649.805s][info][gc,phases      ] GC(2292) Marking Phase 490.123ms
[649.806s][info][gc,phases,start] GC(2292) Summary Phase
[649.806s][info][gc,phases      ] GC(2292) Summary Phase 0.027ms
[649.806s][info][gc,phases,start] GC(2292) Forward
[649.812s][info][gc,phases      ] GC(2292) Forward 6.242ms
[649.812s][info][gc,phases,start] GC(2292) Adjust Pointers
[650.141s][info][gc,phases      ] GC(2292) Adjust Pointers 329.346ms
[650.141s][info][gc,phases,start] GC(2292) Compaction Phase
[650.283s][info][gc,phases      ] GC(2292) Compaction Phase 141.467ms
[650.283s][info][gc,phases,start] GC(2292) Post Compact
[650.285s][info][gc,phases      ] GC(2292) Post Compact 2.249ms
[650.285s][info][gc,heap        ] GC(2292) PSYoungGen: 111616K(222720K)->10405K(222720K) Eden: 111616K(111616K)->10405K(111616K) From: 0K(111104K)->0K(111104K)
[650.285s][info][gc,heap        ] GC(2292) ParOldGen: 667522K(667648K)->667522K(667648K)
[650.285s][info][gc,metaspace   ] GC(2292) Metaspace: 19102K(19328K)->19102K(19328K) NonClass: 16442K(16576K)->16442K(16576K) Class: 2660K(2752K)->2660K(2752K)
[650.285s][info][gc             ] GC(2292) Pause Full (Allocation Failure) 760M->662M(869M) 969.949ms
[650.285s][info][gc,cpu         ] GC(2292) User=1.89s Sys=0.00s Real=0.97s
[650.459s][info][gc,start       ] GC(2293) Pause Full (Allocation Failure)
[650.459s][info][gc,phases,start] GC(2293) Marking Phase
[650.848s][info][gc,phases      ] GC(2293) Marking Phase 388.812ms
[650.848s][info][gc,phases,start] GC(2293) Summary Phase
[650.848s][info][gc,phases      ] GC(2293) Summary Phase 0.028ms
[650.848s][info][gc,phases,start] GC(2293) Forward
[650.992s][info][gc,phases      ] GC(2293) Forward 144.013ms
[650.992s][info][gc,phases,start] GC(2293) Adjust Pointers
[651.290s][info][gc,phases      ] GC(2293) Adjust Pointers 298.275ms
[651.290s][info][gc,phases,start] GC(2293) Compaction Phase
[651.481s][info][gc,phases      ] GC(2293) Compaction Phase 190.885ms
[651.493s][info][gc,phases,start] GC(2293) Post Compact
[651.495s][info][gc,phases      ] GC(2293) Post Compact 2.259ms
[651.495s][info][gc,heap        ] GC(2293) PSYoungGen: 111616K(222720K)->0K(222720K) Eden: 111616K(111616K)->0K(111616K) From: 0K(111104K)->0K(111104K)
[651.495s][info][gc,heap        ] GC(2293) ParOldGen: 667522K(667648K)->536984K(667648K)
[651.495s][info][gc,metaspace   ] GC(2293) Metaspace: 19102K(19328K)->19102K(19328K) NonClass: 16442K(16576K)->16442K(16576K) Class: 2660K(2752K)->2660K(2752K)
[651.495s][info][gc             ] GC(2293) Pause Full (Allocation Failure) 760M->524M(869M) 1036.440ms
[651.495s][info][gc,cpu         ] GC(2293) User=1.96s Sys=0.00s Real=1.04s
[651.748s][info][gc,start       ] GC(2294) Pause Young (Allocation Failure)
[651.758s][info][gc,heap        ] GC(2294) PSYoungGen: 111616K(222720K)->4800K(222720K) Eden: 111616K(111616K)->0K(111616K) From: 0K(111104K)->4800K(111104K)
[651.758s][info][gc,heap        ] GC(2294) ParOldGen: 536984K(667648K)->536984K(667648K)
[651.758s][info][gc,metaspace   ] GC(2294) Metaspace: 19102K(19328K)->19102K(19328K) NonClass: 16442K(16576K)->16442K(16576K) Class: 2660K(2752K)->2660K(2752K)
[651.758s][info][gc             ] GC(2294) Pause Young (Allocation Failure) 633M->529M(869M) 10.603ms
[651.759s][info][gc,cpu         ] GC(2294) User=0.02s Sys=0.00s Real=0.01s
[651.974s][info][gc,start       ] GC(2295) Pause Young (Allocation Failure)
[651.989s][info][gc,heap        ] GC(2295) PSYoungGen: 116416K(222720K)->10315K(122368K) Eden: 111616K(111616K)->0K(111616K) From: 4800K(111104K)->10315K(10752K)
[651.989s][info][gc,heap        ] GC(2295) ParOldGen: 536984K(667648K)->541744K(667648K)
[651.989s][info][gc,metaspace   ] GC(2295) Metaspace: 19102K(19328K)->19102K(19328K) NonClass: 16442K(16576K)->16442K(16576K) Class: 2660K(2752K)->2660K(2752K)
[651.989s][info][gc             ] GC(2295) Pause Young (Allocation Failure) 638M->539M(771M) 15.343ms
[651.989s][info][gc,cpu         ] GC(2295) User=0.03s Sys=0.00s Real=0.01s
[652.111s][info][gc,start       ] GC(2296) Pause Young (Allocation Failure)
[652.130s][info][gc,heap        ] GC(2296) PSYoungGen: 121931K(122368K)->19995K(219136K) Eden: 111616K(111616K)->0K(116736K) From: 10315K(10752K)->19995K(102400K)
[652.130s][info][gc,heap        ] GC(2296) ParOldGen: 541744K(667648K)->541744K(667648K)
[652.130s][info][gc,metaspace   ] GC(2296) Metaspace: 19102K(19328K)->19102K(19328K) NonClass: 16442K(16576K)->16442K(16576K) Class: 2660K(2752K)->2660K(2752K)
[652.130s][info][gc             ] GC(2296) Pause Young (Allocation Failure) 648M->548M(866M) 18.768ms
[652.130s][info][gc,cpu         ] GC(2296) User=0.04s Sys=0.00s Real=0.02s
[652.263s][info][gc,start       ] GC(2297) Pause Young (Allocation Failure)
[652.287s][info][gc,heap        ] GC(2297) PSYoungGen: 136731K(219136K)->28299K(145408K) Eden: 116736K(116736K)->0K(116736K) From: 19995K(102400K)->28299K(28672K)
[652.287s][info][gc,heap        ] GC(2297) ParOldGen: 541744K(667648K)->541744K(667648K)
[652.287s][info][gc,metaspace   ] GC(2297) Metaspace: 19102K(19328K)->19102K(19328K) NonClass: 16442K(16576K)->16442K(16576K) Class: 2660K(2752K)->2660K(2752K)
[652.287s][info][gc             ] GC(2297) Pause Young (Allocation Failure) 662M->556M(794M) 23.790ms
[652.287s][info][gc,cpu         ] GC(2297) User=0.05s Sys=0.00s Real=0.03s
[652.421s][info][gc,start       ] GC(2298) Pause Young (Allocation Failure)
[652.453s][info][gc,heap        ] GC(2298) PSYoungGen: 145035K(145408K)->33899K(208384K) Eden: 116736K(116736K)->0K(121856K) From: 28299K(28672K)->33899K(86528K)
[652.453s][info][gc,heap        ] GC(2298) ParOldGen: 541744K(667648K)->541744K(667648K)
[652.453s][info][gc,metaspace   ] GC(2298) Metaspace: 19102K(19328K)->19102K(19328K) NonClass: 16442K(16576K)->16442K(16576K) Class: 2660K(2752K)->2660K(2752K)
[652.453s][info][gc             ] GC(2298) Pause Young (Allocation Failure) 670M->562M(855M) 32.417ms
[652.453s][info][gc,cpu         ] GC(2298) User=0.07s Sys=0.00s Real=0.03s
[652.580s][info][gc,start       ] GC(2299) Pause Young (Allocation Failure)
[652.617s][info][gc,heap        ] GC(2299) PSYoungGen: 155755K(208384K)->38251K(213504K) Eden: 121856K(121856K)->0K(121856K) From: 33899K(86528K)->38251K(91648K)
[652.617s][info][gc,heap        ] GC(2299) ParOldGen: 541744K(667648K)->541744K(667648K)
[652.617s][info][gc,metaspace   ] GC(2299) Metaspace: 19102K(19328K)->19102K(19328K) NonClass: 16442K(16576K)->16442K(16576K) Class: 2660K(2752K)->2660K(2752K)
[652.617s][info][gc             ] GC(2299) Pause Young (Allocation Failure) 681M->566M(860M) 37.005ms
[652.617s][info][gc,cpu         ] GC(2299) User=0.07s Sys=0.00s Real=0.04s
[652.884s][info][gc,start       ] GC(2300) Pause Young (Allocation Failure)
[652.924s][info][gc,heap        ] GC(2300) PSYoungGen: 160107K(213504K)->41323K(211456K) Eden: 121856K(121856K)->0K(127488K) From: 38251K(91648K)->41323K(83968K)
[652.924s][info][gc,heap        ] GC(2300) ParOldGen: 541744K(667648K)->541744K(667648K)
[652.924s][info][gc,metaspace   ] GC(2300) Metaspace: 19102K(19328K)->19102K(19328K) NonClass: 16442K(16576K)->16442K(16576K) Class: 2660K(2752K)->2660K(2752K)
[652.924s][info][gc             ] GC(2300) Pause Young (Allocation Failure) 685M->569M(858M) 39.585ms
[652.924s][info][gc,cpu         ] GC(2300) User=0.08s Sys=0.00s Real=0.04s
[653.160s][info][gc,start       ] GC(2301) Pause Young (Allocation Failure)
[653.205s][info][gc,heap        ] GC(2301) PSYoungGen: 168811K(211456K)->47627K(213504K) Eden: 127488K(127488K)->0K(127488K) From: 41323K(83968K)->47627K(86016K)
[653.205s][info][gc,heap        ] GC(2301) ParOldGen: 541744K(667648K)->541744K(667648K)
[653.205s][info][gc,metaspace   ] GC(2301) Metaspace: 19103K(19328K)->19103K(19328K) NonClass: 16443K(16576K)->16443K(16576K) Class: 2660K(2752K)->2660K(2752K)
[653.205s][info][gc             ] GC(2301) Pause Young (Allocation Failure) 693M->575M(860M) 44.855ms
[653.205s][info][gc,cpu         ] GC(2301) User=0.09s Sys=0.00s Real=0.05s
[653.353s][info][gc,start       ] GC(2302) Pause Young (Allocation Failure)
[653.404s][info][gc,heap        ] GC(2302) PSYoungGen: 175115K(213504K)->57003K(216576K) Eden: 127488K(127488K)->0K(130048K) From: 47627K(86016K)->57003K(86528K)
[653.404s][info][gc,heap        ] GC(2302) ParOldGen: 541744K(667648K)->541744K(667648K)
[653.404s][info][gc,metaspace   ] GC(2302) Metaspace: 19103K(19328K)->19103K(19328K) NonClass: 16443K(16576K)->16443K(16576K) Class: 2660K(2752K)->2660K(2752K)
[653.404s][info][gc             ] GC(2302) Pause Young (Allocation Failure) 700M->584M(863M) 51.175ms
[653.404s][info][gc,cpu         ] GC(2302) User=0.10s Sys=0.00s Real=0.05s
[653.512s][info][gc,start       ] GC(2303) Pause Young (Allocation Failure)
[653.554s][info][gc,heap        ] GC(2303) PSYoungGen: 187051K(216576K)->54939K(219648K) Eden: 130048K(130048K)->0K(130048K) From: 57003K(86528K)->54939K(89600K)
[653.554s][info][gc,heap        ] GC(2303) ParOldGen: 541744K(667648K)->541744K(667648K)
[653.554s][info][gc,metaspace   ] GC(2303) Metaspace: 19103K(19328K)->19103K(19328K) NonClass: 16443K(16576K)->16443K(16576K) Class: 2660K(2752K)->2660K(2752K)
[653.554s][info][gc             ] GC(2303) Pause Young (Allocation Failure) 711M->582M(866M) 42.016ms
[653.554s][info][gc,cpu         ] GC(2303) User=0.09s Sys=0.00s Real=0.05s
[653.701s][info][gc,start       ] GC(2304) Pause Young (Allocation Failure)
[653.773s][info][gc,heap        ] GC(2304) PSYoungGen: 184987K(219648K)->91131K(212992K) Eden: 130048K(130048K)->0K(121856K) From: 54939K(89600K)->91131K(91136K)
[653.773s][info][gc,heap        ] GC(2304) ParOldGen: 541744K(667648K)->542776K(667648K)
[653.773s][info][gc,metaspace   ] GC(2304) Metaspace: 19103K(19328K)->19103K(19328K) NonClass: 16443K(16576K)->16443K(16576K) Class: 2660K(2752K)->2660K(2752K)
[653.773s][info][gc             ] GC(2304) Pause Young (Allocation Failure) 709M->619M(860M) 71.991ms
[653.773s][info][gc,cpu         ] GC(2304) User=0.12s Sys=0.02s Real=0.07s
[653.908s][info][gc,start       ] GC(2305) Pause Young (Allocation Failure)
[653.970s][info][gc,heap        ] GC(2305) PSYoungGen: 212987K(212992K)->89824K(211968K) Eden: 121856K(121856K)->0K(121856K) From: 91131K(91136K)->89824K(90112K)
[653.970s][info][gc,heap        ] GC(2305) ParOldGen: 542776K(667648K)->547220K(667648K)
[653.970s][info][gc,metaspace   ] GC(2305) Metaspace: 19103K(19328K)->19103K(19328K) NonClass: 16443K(16576K)->16443K(16576K) Class: 2660K(2752K)->2660K(2752K)
[653.970s][info][gc             ] GC(2305) Pause Young (Allocation Failure) 738M->622M(859M) 62.431ms
[653.970s][info][gc,cpu         ] GC(2305) User=0.13s Sys=0.00s Real=0.06s
[654.141s][info][gc,start       ] GC(2306) Pause Young (Allocation Failure)
[654.236s][info][gc,heap        ] GC(2306) PSYoungGen: 211680K(211968K)->106480K(222720K) Eden: 121856K(121856K)->0K(111616K) From: 89824K(90112K)->106480K(111104K)
[654.236s][info][gc,heap        ] GC(2306) ParOldGen: 547220K(667648K)->547292K(667648K)
[654.236s][info][gc,metaspace   ] GC(2306) Metaspace: 19103K(19328K)->19103K(19328K) NonClass: 16443K(16576K)->16443K(16576K) Class: 2660K(2752K)->2660K(2752K)
[654.236s][info][gc             ] GC(2306) Pause Young (Allocation Failure) 741M->638M(869M) 95.549ms
[654.236s][info][gc,cpu         ] GC(2306) User=0.18s Sys=0.00s Real=0.10s
[654.374s][info][gc,start       ] GC(2307) Pause Young (Allocation Failure)
[654.497s][info][gc,heap        ] GC(2307) PSYoungGen: 218096K(222720K)->111088K(222720K) Eden: 111616K(111616K)->0K(111616K) From: 106480K(111104K)->111088K(111104K)
[654.497s][info][gc,heap        ] GC(2307) ParOldGen: 547292K(667648K)->563044K(667648K)
[654.497s][info][gc,metaspace   ] GC(2307) Metaspace: 19103K(19328K)->19103K(19328K) NonClass: 16443K(16576K)->16443K(16576K) Class: 2660K(2752K)->2660K(2752K)
[654.497s][info][gc             ] GC(2307) Pause Young (Allocation Failure) 747M->658M(869M) 122.864ms
[654.497s][info][gc,cpu         ] GC(2307) User=0.25s Sys=0.00s Real=0.12s
[654.606s][info][gc,start       ] GC(2308) Pause Young (Allocation Failure)
[654.724s][info][gc,heap        ] GC(2308) PSYoungGen: 222704K(222720K)->111088K(222720K) Eden: 111616K(111616K)->0K(111616K) From: 111088K(111104K)->111088K(111104K)
[654.724s][info][gc,heap        ] GC(2308) ParOldGen: 563044K(667648K)->567001K(667648K)
[654.724s][info][gc,metaspace   ] GC(2308) Metaspace: 19103K(19328K)->19103K(19328K) NonClass: 16443K(16576K)->16443K(16576K) Class: 2660K(2752K)->2660K(2752K)
[654.725s][info][gc             ] GC(2308) Pause Young (Allocation Failure) 767M->662M(869M) 118.146ms
[654.725s][info][gc,cpu         ] GC(2308) User=0.23s Sys=0.01s Real=0.12s
[654.844s][info][gc,start       ] GC(2309) Pause Young (Allocation Failure)
[654.962s][info][gc,heap        ] GC(2309) PSYoungGen: 222704K(222720K)->40288K(222720K) Eden: 111616K(111616K)->0K(111616K) From: 111088K(111104K)->40288K(111104K)
[654.962s][info][gc,heap        ] GC(2309) ParOldGen: 567001K(667648K)->639346K(667648K)
[654.962s][info][gc,metaspace   ] GC(2309) Metaspace: 19103K(19328K)->19103K(19328K) NonClass: 16443K(16576K)->16443K(16576K) Class: 2660K(2752K)->2660K(2752K)
[654.962s][info][gc             ] GC(2309) Pause Young (Allocation Failure) 771M->663M(869M) 117.558ms
[654.962s][info][gc,cpu         ] GC(2309) User=0.23s Sys=0.00s Real=0.11s
[655.095s][info][gc,start       ] GC(2310) Pause Full (Allocation Failure)
[655.095s][info][gc,phases,start] GC(2310) Marking Phase
[655.341s][info][gc,phases      ] GC(2310) Marking Phase 246.372ms
[655.341s][info][gc,phases,start] GC(2310) Summary Phase
[655.341s][info][gc,phases      ] GC(2310) Summary Phase 0.033ms
[655.341s][info][gc,phases,start] GC(2310) Forward
[655.458s][info][gc,phases      ] GC(2310) Forward 117.041ms
[655.458s][info][gc,phases,start] GC(2310) Adjust Pointers
[655.643s][info][gc,phases      ] GC(2310) Adjust Pointers 185.055ms
[655.644s][info][gc,phases,start] GC(2310) Compaction Phase
[655.749s][info][gc,phases      ] GC(2310) Compaction Phase 105.807ms
[655.761s][info][gc,phases,start] GC(2310) Post Compact
[655.764s][info][gc,phases      ] GC(2310) Post Compact 2.295ms
[655.764s][info][gc,heap        ] GC(2310) PSYoungGen: 151904K(222720K)->0K(222720K) Eden: 111616K(111616K)->0K(111616K) From: 40288K(111104K)->0K(111104K)
[655.764s][info][gc,heap        ] GC(2310) ParOldGen: 639346K(667648K)->352772K(663040K)
[655.764s][info][gc,metaspace   ] GC(2310) Metaspace: 19103K(19328K)->19103K(19328K) NonClass: 16443K(16576K)->16443K(16576K) Class: 2660K(2752K)->2660K(2752K)
[655.764s][info][gc             ] GC(2310) Pause Full (Allocation Failure) 772M->344M(865M) 669.319ms
[655.764s][info][gc,cpu         ] GC(2310) User=1.19s Sys=0.00s Real=0.67s
[655.909s][info][gc,start       ] GC(2311) Pause Young (Allocation Failure)
[655.918s][info][gc,heap        ] GC(2311) PSYoungGen: 111616K(222720K)->7808K(222720K) Eden: 111616K(111616K)->0K(111616K) From: 0K(111104K)->7808K(111104K)
[655.918s][info][gc,heap        ] GC(2311) ParOldGen: 352772K(663040K)->352772K(663040K)
[655.918s][info][gc,metaspace   ] GC(2311) Metaspace: 19103K(19328K)->19103K(19328K) NonClass: 16443K(16576K)->16443K(16576K) Class: 2660K(2752K)->2660K(2752K)
[655.918s][info][gc             ] GC(2311) Pause Young (Allocation Failure) 453M->352M(865M) 9.246ms
[655.918s][info][gc,cpu         ] GC(2311) User=0.02s Sys=0.00s Real=0.01s
[656.081s][info][gc,start       ] GC(2312) Pause Young (Allocation Failure)
[656.103s][info][gc,heap        ] GC(2312) PSYoungGen: 119424K(222720K)->21440K(222720K) Eden: 111616K(111616K)->0K(111616K) From: 7808K(111104K)->21440K(111104K)
[656.103s][info][gc,heap        ] GC(2312) ParOldGen: 352772K(663040K)->352772K(663040K)
[656.103s][info][gc,metaspace   ] GC(2312) Metaspace: 19103K(19328K)->19103K(19328K) NonClass: 16443K(16576K)->16443K(16576K) Class: 2660K(2752K)->2660K(2752K)
[656.103s][info][gc             ] GC(2312) Pause Young (Allocation Failure) 461M->365M(865M) 21.861ms
[656.103s][info][gc,cpu         ] GC(2312) User=0.04s Sys=0.00s Real=0.02s
[656.161s][info][gc,start       ] GC(2313) Pause Young (Allocation Failure)
[656.212s][info][gc,heap        ] GC(2313) PSYoungGen: 133056K(222720K)->52448K(222720K) Eden: 111616K(111616K)->0K(111616K) From: 21440K(111104K)->52448K(111104K)
[656.212s][info][gc,heap        ] GC(2313) ParOldGen: 352772K(663040K)->360572K(663040K)
[656.212s][info][gc,metaspace   ] GC(2313) Metaspace: 19103K(19328K)->19103K(19328K) NonClass: 16443K(16576K)->16443K(16576K) Class: 2660K(2752K)->2660K(2752K)
[656.212s][info][gc             ] GC(2313) Pause Young (Allocation Failure) 474M->403M(865M) 51.655ms
[656.212s][info][gc,cpu         ] GC(2313) User=0.11s Sys=0.00s Real=0.05s
[656.363s][info][gc,start       ] GC(2314) Pause Young (Allocation Failure)
[656.411s][info][gc,heap        ] GC(2314) PSYoungGen: 164064K(222720K)->8288K(222720K) Eden: 111616K(111616K)->0K(111616K) From: 52448K(111104K)->8288K(111104K)
[656.411s][info][gc,heap        ] GC(2314) ParOldGen: 360572K(663040K)->413420K(663040K)
[656.411s][info][gc,metaspace   ] GC(2314) Metaspace: 19103K(19328K)->19103K(19328K) NonClass: 16443K(16576K)->16443K(16576K) Class: 2660K(2752K)->2660K(2752K)
[656.411s][info][gc             ] GC(2314) Pause Young (Allocation Failure) 512M->411M(865M) 48.001ms
[656.411s][info][gc,cpu         ] GC(2314) User=0.10s Sys=0.00s Real=0.05s
[656.638s][info][gc,start       ] GC(2315) Pause Young (Allocation Failure)
[656.662s][info][gc,heap        ] GC(2315) PSYoungGen: 119904K(222720K)->9696K(222720K) Eden: 111616K(111616K)->0K(111616K) From: 8288K(111104K)->9696K(111104K)
[656.662s][info][gc,heap        ] GC(2315) ParOldGen: 413420K(663040K)->421748K(663040K)
[656.662s][info][gc,metaspace   ] GC(2315) Metaspace: 19103K(19328K)->19103K(19328K) NonClass: 16443K(16576K)->16443K(16576K) Class: 2660K(2752K)->2660K(2752K)
[656.662s][info][gc             ] GC(2315) Pause Young (Allocation Failure) 520M->421M(865M) 24.158ms
[656.662s][info][gc,cpu         ] GC(2315) User=0.05s Sys=0.00s Real=0.02s
[656.813s][info][gc,start       ] GC(2316) Pause Young (Allocation Failure)
[656.841s][info][gc,heap        ] GC(2316) PSYoungGen: 121312K(222720K)->12704K(222720K) Eden: 111616K(111616K)->0K(111616K) From: 9696K(111104K)->12704K(111104K)
[656.841s][info][gc,heap        ] GC(2316) ParOldGen: 421748K(663040K)->431436K(663040K)
[656.841s][info][gc,metaspace   ] GC(2316) Metaspace: 19103K(19328K)->19103K(19328K) NonClass: 16443K(16576K)->16443K(16576K) Class: 2660K(2752K)->2660K(2752K)
[656.841s][info][gc             ] GC(2316) Pause Young (Allocation Failure) 530M->433M(865M) 27.692ms
[656.841s][info][gc,cpu         ] GC(2316) User=0.05s Sys=0.00s Real=0.02s
[656.956s][info][gc,start       ] GC(2317) Pause Young (Allocation Failure)
[656.984s][info][gc,heap        ] GC(2317) PSYoungGen: 124320K(222720K)->8224K(222720K) Eden: 111616K(111616K)->0K(111616K) From: 12704K(111104K)->8224K(111104K)
[656.984s][info][gc,heap        ] GC(2317) ParOldGen: 431436K(663040K)->444132K(663040K)
[656.984s][info][gc,metaspace   ] GC(2317) Metaspace: 19103K(19328K)->19103K(19328K) NonClass: 16443K(16576K)->16443K(16576K) Class: 2660K(2752K)->2660K(2752K)
[656.984s][info][gc             ] GC(2317) Pause Young (Allocation Failure) 542M->441M(865M) 27.338ms
[656.984s][info][gc,cpu         ] GC(2317) User=0.04s Sys=0.01s Real=0.03s
[657.119s][info][gc,start       ] GC(2318) Pause Young (Allocation Failure)
[657.133s][info][gc,heap        ] GC(2318) PSYoungGen: 119840K(222720K)->2848K(222720K) Eden: 111616K(111616K)->0K(111616K) From: 8224K(111104K)->2848K(111104K)
[657.133s][info][gc,heap        ] GC(2318) ParOldGen: 444132K(663040K)->452372K(663040K)
[657.133s][info][gc,metaspace   ] GC(2318) Metaspace: 19103K(19328K)->19103K(19328K) NonClass: 16443K(16576K)->16443K(16576K) Class: 2660K(2752K)->2660K(2752K)
[657.133s][info][gc             ] GC(2318) Pause Young (Allocation Failure) 550M->444M(865M) 14.978ms
[657.134s][info][gc,cpu         ] GC(2318) User=0.03s Sys=0.00s Real=0.02s
[657.276s][info][gc,start       ] GC(2319) Pause Young (Allocation Failure)
[657.295s][info][gc,heap        ] GC(2319) PSYoungGen: 114464K(222720K)->14528K(222720K) Eden: 111616K(111616K)->0K(111616K) From: 2848K(111104K)->14528K(111104K)
[657.295s][info][gc,heap        ] GC(2319) ParOldGen: 452372K(663040K)->455164K(663040K)
[657.295s][info][gc,metaspace   ] GC(2319) Metaspace: 19103K(19328K)->19103K(19328K) NonClass: 16443K(16576K)->16443K(16576K) Class: 2660K(2752K)->2660K(2752K)
[657.295s][info][gc             ] GC(2319) Pause Young (Allocation Failure) 553M->458M(865M) 19.282ms
[657.295s][info][gc,cpu         ] GC(2319) User=0.03s Sys=0.00s Real=0.02s
[657.564s][info][gc,start       ] GC(2320) Pause Young (Allocation Failure)
[657.580s][info][gc,heap        ] GC(2320) PSYoungGen: 126144K(222720K)->64K(222720K) Eden: 111616K(111616K)->0K(111616K) From: 14528K(111104K)->64K(111104K)
[657.580s][info][gc,heap        ] GC(2320) ParOldGen: 455164K(663040K)->469676K(663040K)
[657.580s][info][gc,metaspace   ] GC(2320) Metaspace: 19103K(19328K)->19103K(19328K) NonClass: 16443K(16576K)->16443K(16576K) Class: 2660K(2752K)->2660K(2752K)
[657.580s][info][gc             ] GC(2320) Pause Young (Allocation Failure) 567M->458M(865M) 15.623ms
[657.580s][info][gc,cpu         ] GC(2320) User=0.03s Sys=0.00s Real=0.01s
[657.813s][info][gc,start       ] GC(2321) Pause Young (Allocation Failure)
[657.815s][info][gc,heap        ] GC(2321) PSYoungGen: 111680K(222720K)->64K(222720K) Eden: 111616K(111616K)->0K(111616K) From: 64K(111104K)->64K(111104K)
[657.815s][info][gc,heap        ] GC(2321) ParOldGen: 469676K(663040K)->469730K(663040K)
[657.815s][info][gc,metaspace   ] GC(2321) Metaspace: 19103K(19328K)->19103K(19328K) NonClass: 16443K(16576K)->16443K(16576K) Class: 2660K(2752K)->2660K(2752K)
[657.815s][info][gc             ] GC(2321) Pause Young (Allocation Failure) 567M->458M(865M) 1.958ms
[657.815s][info][gc,cpu         ] GC(2321) User=0.01s Sys=0.00s Real=0.01s
[658.031s][info][gc,start       ] GC(2322) Pause Young (Allocation Failure)
[658.032s][info][gc,heap        ] GC(2322) PSYoungGen: 111680K(222720K)->64K(222720K) Eden: 111616K(111616K)->0K(111616K) From: 64K(111104K)->64K(111104K)
[658.032s][info][gc,heap        ] GC(2322) ParOldGen: 469730K(663040K)->469746K(663040K)
[658.032s][info][gc,metaspace   ] GC(2322) Metaspace: 19103K(19328K)->19103K(19328K) NonClass: 16443K(16576K)->16443K(16576K) Class: 2660K(2752K)->2660K(2752K)
[658.032s][info][gc             ] GC(2322) Pause Young (Allocation Failure) 567M->458M(865M) 1.657ms
[658.032s][info][gc,cpu         ] GC(2322) User=0.01s Sys=0.00s Real=0.00s
[658.260s][info][gc,start       ] GC(2323) Pause Young (Allocation Failure)
[658.267s][info][gc,heap        ] GC(2323) PSYoungGen: 111680K(222720K)->320K(112128K) Eden: 111616K(111616K)->0K(111616K) From: 64K(111104K)->320K(512K)
[658.267s][info][gc,heap        ] GC(2323) ParOldGen: 469746K(663040K)->469762K(663040K)
[658.267s][info][gc,metaspace   ] GC(2323) Metaspace: 19103K(19328K)->19103K(19328K) NonClass: 16443K(16576K)->16443K(16576K) Class: 2660K(2752K)->2660K(2752K)
[658.267s][info][gc             ] GC(2323) Pause Young (Allocation Failure) 567M->459M(757M) 7.516ms
[658.267s][info][gc,cpu         ] GC(2323) User=0.01s Sys=0.00s Real=0.01s
[658.348s][info][gc,start       ] GC(2324) Pause Young (Allocation Failure)
[658.376s][info][gc,heap        ] GC(2324) PSYoungGen: 111936K(112128K)->38240K(220672K) Eden: 111616K(111616K)->0K(114176K) From: 320K(512K)->38240K(106496K)
[658.376s][info][gc,heap        ] GC(2324) ParOldGen: 469762K(663040K)->469762K(663040K)
[658.376s][info][gc,metaspace   ] GC(2324) Metaspace: 19103K(19328K)->19103K(19328K) NonClass: 16443K(16576K)->16443K(16576K) Class: 2660K(2752K)->2660K(2752K)
[658.376s][info][gc             ] GC(2324) Pause Young (Allocation Failure) 568M->496M(863M) 27.977ms
[658.376s][info][gc,cpu         ] GC(2324) User=0.06s Sys=0.00s Real=0.03s
[658.528s][info][gc,start       ] GC(2325) Pause Young (Allocation Failure)
[658.573s][info][gc,heap        ] GC(2325) PSYoungGen: 152416K(220672K)->69088K(219136K) Eden: 114176K(114176K)->0K(114176K) From: 38240K(106496K)->69088K(104960K)
[658.573s][info][gc,heap        ] GC(2325) ParOldGen: 469762K(663040K)->469762K(663040K)
[658.573s][info][gc,metaspace   ] GC(2325) Metaspace: 19103K(19328K)->19103K(19328K) NonClass: 16443K(16576K)->16443K(16576K) Class: 2660K(2752K)->2660K(2752K)
[658.573s][info][gc             ] GC(2325) Pause Young (Allocation Failure) 607M->526M(861M) 45.077ms
[658.573s][info][gc,cpu         ] GC(2325) User=0.09s Sys=0.00s Real=0.04s
[658.674s][info][gc,start       ] GC(2326) Pause Young (Allocation Failure)
[658.719s][info][gc,heap        ] GC(2326) PSYoungGen: 183264K(219136K)->33312K(224768K) Eden: 114176K(114176K)->0K(115712K) From: 69088K(104960K)->33312K(109056K)
[658.719s][info][gc,heap        ] GC(2326) ParOldGen: 469762K(663040K)->508405K(663040K)
[658.719s][info][gc,metaspace   ] GC(2326) Metaspace: 19103K(19328K)->19103K(19328K) NonClass: 16443K(16576K)->16443K(16576K) Class: 2660K(2752K)->2660K(2752K)
[658.719s][info][gc             ] GC(2326) Pause Young (Allocation Failure) 637M->529M(867M) 45.113ms
[658.719s][info][gc,cpu         ] GC(2326) User=0.09s Sys=0.00s Real=0.04s
[658.921s][info][gc,start       ] GC(2327) Pause Young (Allocation Failure)
[658.976s][info][gc,heap        ] GC(2327) PSYoungGen: 149024K(224768K)->50272K(222720K) Eden: 115712K(115712K)->0K(115712K) From: 33312K(109056K)->50272K(107008K)
[658.976s][info][gc,heap        ] GC(2327) ParOldGen: 508405K(663040K)->508405K(663040K)
[658.976s][info][gc,metaspace   ] GC(2327) Metaspace: 19103K(19328K)->19103K(19328K) NonClass: 16443K(16576K)->16443K(16576K) Class: 2660K(2752K)->2660K(2752K)
[658.976s][info][gc             ] GC(2327) Pause Young (Allocation Failure) 642M->545M(865M) 55.352ms
[658.976s][info][gc,cpu         ] GC(2327) User=0.11s Sys=0.00s Real=0.06s
[659.169s][info][gc,start       ] GC(2328) Pause Young (Allocation Failure)
[659.220s][info][gc,heap        ] GC(2328) PSYoungGen: 165984K(222720K)->50304K(225792K) Eden: 115712K(115712K)->0K(118272K) From: 50272K(107008K)->50304K(107520K)
[659.220s][info][gc,heap        ] GC(2328) ParOldGen: 508405K(663040K)->508405K(663040K)
[659.220s][info][gc,metaspace   ] GC(2328) Metaspace: 19103K(19328K)->19103K(19328K) NonClass: 16443K(16576K)->16443K(16576K) Class: 2660K(2752K)->2660K(2752K)
[659.220s][info][gc             ] GC(2328) Pause Young (Allocation Failure) 658M->545M(868M) 51.401ms
[659.220s][info][gc,cpu         ] GC(2328) User=0.10s Sys=0.00s Real=0.05s
[659.425s][info][gc,start       ] GC(2329) Pause Young (Allocation Failure)
[659.485s][info][gc,heap        ] GC(2329) PSYoungGen: 168576K(225792K)->50304K(225280K) Eden: 118272K(118272K)->0K(118272K) From: 50304K(107520K)->50304K(107008K)
[659.485s][info][gc,heap        ] GC(2329) ParOldGen: 508405K(663040K)->508405K(663040K)
[659.485s][info][gc,metaspace   ] GC(2329) Metaspace: 19103K(19328K)->19103K(19328K) NonClass: 16443K(16576K)->16443K(16576K) Class: 2660K(2752K)->2660K(2752K)
[659.485s][info][gc             ] GC(2329) Pause Young (Allocation Failure) 661M->545M(867M) 60.102ms
[659.485s][info][gc,cpu         ] GC(2329) User=0.12s Sys=0.00s Real=0.06s
[659.651s][info][gc,start       ] GC(2330) Pause Young (Allocation Failure)
[659.701s][info][gc,heap        ] GC(2330) PSYoungGen: 168576K(225280K)->50841K(225792K) Eden: 118272K(118272K)->0K(120320K) From: 50304K(107008K)->50841K(105472K)
[659.701s][info][gc,heap        ] GC(2330) ParOldGen: 508405K(663040K)->508405K(663040K)
[659.701s][info][gc,metaspace   ] GC(2330) Metaspace: 19103K(19328K)->19103K(19328K) NonClass: 16443K(16576K)->16443K(16576K) Class: 2660K(2752K)->2660K(2752K)
[659.701s][info][gc             ] GC(2330) Pause Young (Allocation Failure) 661M->546M(868M) 50.745ms
[659.701s][info][gc,cpu         ] GC(2330) User=0.10s Sys=0.00s Real=0.05s
[659.806s][info][gc,start       ] GC(2331) Pause Young (Allocation Failure)
[659.878s][info][gc,heap        ] GC(2331) PSYoungGen: 171161K(225792K)->83161K(203776K) Eden: 120320K(120320K)->0K(120320K) From: 50841K(105472K)->83161K(83456K)
[659.878s][info][gc,heap        ] GC(2331) ParOldGen: 508405K(663040K)->508405K(663040K)
[659.878s][info][gc,metaspace   ] GC(2331) Metaspace: 19103K(19328K)->19103K(19328K) NonClass: 16443K(16576K)->16443K(16576K) Class: 2660K(2752K)->2660K(2752K)
[659.878s][info][gc             ] GC(2331) Pause Young (Allocation Failure) 663M->577M(846M) 71.896ms
[659.878s][info][gc,cpu         ] GC(2331) User=0.14s Sys=0.00s Real=0.07s
[659.969s][info][gc,start       ] GC(2332) Pause Young (Allocation Failure)
[660.064s][info][gc,heap        ] GC(2332) PSYoungGen: 203481K(203776K)->85833K(222720K) Eden: 120320K(120320K)->0K(111616K) From: 83161K(83456K)->85833K(111104K)
[660.064s][info][gc,heap        ] GC(2332) ParOldGen: 508405K(663040K)->541948K(663040K)
[660.064s][info][gc,metaspace   ] GC(2332) Metaspace: 19103K(19328K)->19103K(19328K) NonClass: 16443K(16576K)->16443K(16576K) Class: 2660K(2752K)->2660K(2752K)
[660.064s][info][gc             ] GC(2332) Pause Young (Allocation Failure) 695M->613M(865M) 94.640ms
[660.064s][info][gc,cpu         ] GC(2332) User=0.19s Sys=0.00s Real=0.10s
[660.188s][info][gc,start       ] GC(2333) Pause Young (Allocation Failure)
[660.259s][info][gc,heap        ] GC(2333) PSYoungGen: 197449K(222720K)->70937K(222720K) Eden: 111616K(111616K)->0K(111616K) From: 85833K(111104K)->70937K(111104K)
[660.259s][info][gc,heap        ] GC(2333) ParOldGen: 541948K(663040K)->558980K(663040K)
[660.259s][info][gc,metaspace   ] GC(2333) Metaspace: 19103K(19328K)->19103K(19328K) NonClass: 16443K(16576K)->16443K(16576K) Class: 2660K(2752K)->2660K(2752K)
[660.259s][info][gc             ] GC(2333) Pause Young (Allocation Failure) 722M->615M(865M) 70.920ms
[660.259s][info][gc,cpu         ] GC(2333) User=0.14s Sys=0.00s Real=0.07s
[660.398s][info][gc,start       ] GC(2334) Pause Young (Allocation Failure)
[660.452s][info][gc,heap        ] GC(2334) PSYoungGen: 182553K(222720K)->71888K(222720K) Eden: 111616K(111616K)->0K(111616K) From: 70937K(111104K)->71888K(111104K)
[660.452s][info][gc,heap        ] GC(2334) ParOldGen: 558980K(663040K)->559534K(663040K)
[660.452s][info][gc,metaspace   ] GC(2334) Metaspace: 19103K(19328K)->19103K(19328K) NonClass: 16443K(16576K)->16443K(16576K) Class: 2660K(2752K)->2660K(2752K)
[660.452s][info][gc             ] GC(2334) Pause Young (Allocation Failure) 724M->616M(865M) 53.780ms
[660.452s][info][gc,cpu         ] GC(2334) User=0.10s Sys=0.00s Real=0.05s
[660.600s][info][gc,start       ] GC(2335) Pause Young (Allocation Failure)
[660.680s][info][gc,heap        ] GC(2335) PSYoungGen: 183504K(222720K)->20224K(222720K) Eden: 111616K(111616K)->0K(111616K) From: 71888K(111104K)->20224K(111104K)
[660.680s][info][gc,heap        ] GC(2335) ParOldGen: 559534K(663040K)->628565K(663040K)
[660.680s][info][gc,metaspace   ] GC(2335) Metaspace: 19103K(19328K)->19103K(19328K) NonClass: 16443K(16576K)->16443K(16576K) Class: 2660K(2752K)->2660K(2752K)
[660.681s][info][gc             ] GC(2335) Pause Young (Allocation Failure) 725M->633M(865M) 80.265ms
[660.681s][info][gc,cpu         ] GC(2335) User=0.16s Sys=0.00s Real=0.08s
[660.838s][info][gc,start       ] GC(2336) Pause Full (Allocation Failure)
[660.838s][info][gc,phases,start] GC(2336) Marking Phase
[661.164s][info][gc,phases      ] GC(2336) Marking Phase 326.354ms
[661.164s][info][gc,phases,start] GC(2336) Summary Phase
[661.164s][info][gc,phases      ] GC(2336) Summary Phase 0.026ms
[661.164s][info][gc,phases,start] GC(2336) Forward
[661.288s][info][gc,phases      ] GC(2336) Forward 123.095ms
[661.288s][info][gc,phases,start] GC(2336) Adjust Pointers
[661.555s][info][gc,phases      ] GC(2336) Adjust Pointers 267.775ms
[661.555s][info][gc,phases,start] GC(2336) Compaction Phase
[661.715s][info][gc,phases      ] GC(2336) Compaction Phase 159.383ms
[661.729s][info][gc,phases,start] GC(2336) Post Compact
[661.731s][info][gc,phases      ] GC(2336) Post Compact 2.272ms
[661.731s][info][gc,heap        ] GC(2336) PSYoungGen: 131840K(222720K)->0K(222720K) Eden: 111616K(111616K)->0K(111616K) From: 20224K(111104K)->0K(111104K)
[661.731s][info][gc,heap        ] GC(2336) ParOldGen: 628565K(663040K)->481601K(667648K)
[661.731s][info][gc,metaspace   ] GC(2336) Metaspace: 19103K(19328K)->19103K(19328K) NonClass: 16443K(16576K)->16443K(16576K) Class: 2660K(2752K)->2660K(2752K)
[661.731s][info][gc             ] GC(2336) Pause Full (Allocation Failure) 742M->470M(869M) 893.504ms
[661.731s][info][gc,cpu         ] GC(2336) User=1.68s Sys=0.00s Real=0.89s
[661.888s][info][gc,start       ] GC(2337) Pause Young (Allocation Failure)
[661.889s][info][gc,heap        ] GC(2337) PSYoungGen: 111616K(222720K)->64K(222720K) Eden: 111616K(111616K)->0K(111616K) From: 0K(111104K)->64K(111104K)
[661.889s][info][gc,heap        ] GC(2337) ParOldGen: 481601K(667648K)->481601K(667648K)
[661.889s][info][gc,metaspace   ] GC(2337) Metaspace: 19103K(19328K)->19103K(19328K) NonClass: 16443K(16576K)->16443K(16576K) Class: 2660K(2752K)->2660K(2752K)
[661.889s][info][gc             ] GC(2337) Pause Young (Allocation Failure) 579M->470M(869M) 1.656ms
[661.889s][info][gc,cpu         ] GC(2337) User=0.00s Sys=0.00s Real=0.00s
[662.043s][info][gc,start       ] GC(2338) Pause Young (Allocation Failure)
[662.045s][info][gc,heap        ] GC(2338) PSYoungGen: 111680K(222720K)->64K(222720K) Eden: 111616K(111616K)->0K(111616K) From: 64K(111104K)->64K(111104K)
[662.045s][info][gc,heap        ] GC(2338) ParOldGen: 481601K(667648K)->481609K(667648K)
[662.045s][info][gc,metaspace   ] GC(2338) Metaspace: 19103K(19328K)->19103K(19328K) NonClass: 16443K(16576K)->16443K(16576K) Class: 2660K(2752K)->2660K(2752K)
[662.045s][info][gc             ] GC(2338) Pause Young (Allocation Failure) 579M->470M(869M) 1.604ms
[662.045s][info][gc,cpu         ] GC(2338) User=0.00s Sys=0.00s Real=0.01s
[662.189s][info][gc,start       ] GC(2339) Pause Young (Allocation Failure)
[662.193s][info][gc,heap        ] GC(2339) PSYoungGen: 111680K(222720K)->2272K(222720K) Eden: 111616K(111616K)->0K(111616K) From: 64K(111104K)->2272K(111104K)
[662.193s][info][gc,heap        ] GC(2339) ParOldGen: 481609K(667648K)->481609K(667648K)
[662.193s][info][gc,metaspace   ] GC(2339) Metaspace: 19103K(19328K)->19103K(19328K) NonClass: 16443K(16576K)->16443K(16576K) Class: 2660K(2752K)->2660K(2752K)
[662.193s][info][gc             ] GC(2339) Pause Young (Allocation Failure) 579M->472M(869M) 3.952ms
[662.193s][info][gc,cpu         ] GC(2339) User=0.01s Sys=0.00s Real=0.00s
[662.292s][info][gc,start       ] GC(2340) Pause Young (Allocation Failure)
[662.315s][info][gc,heap        ] GC(2340) PSYoungGen: 113888K(222720K)->19008K(222720K) Eden: 111616K(111616K)->0K(111616K) From: 2272K(111104K)->19008K(111104K)
[662.315s][info][gc,heap        ] GC(2340) ParOldGen: 481609K(667648K)->483849K(667648K)
[662.315s][info][gc,metaspace   ] GC(2340) Metaspace: 19103K(19328K)->19103K(19328K) NonClass: 16443K(16576K)->16443K(16576K) Class: 2660K(2752K)->2660K(2752K)
[662.315s][info][gc             ] GC(2340) Pause Young (Allocation Failure) 581M->491M(869M) 23.314ms
[662.315s][info][gc,cpu         ] GC(2340) User=0.05s Sys=0.00s Real=0.03s
[662.428s][info][gc,start       ] GC(2341) Pause Young (Allocation Failure)
[662.461s][info][gc,heap        ] GC(2341) PSYoungGen: 130624K(222720K)->13216K(124928K) Eden: 111616K(111616K)->0K(111616K) From: 19008K(111104K)->13216K(13312K)
[662.461s][info][gc,heap        ] GC(2341) ParOldGen: 483849K(667648K)->502873K(667648K)
[662.461s][info][gc,metaspace   ] GC(2341) Metaspace: 19103K(19328K)->19103K(19328K) NonClass: 16443K(16576K)->16443K(16576K) Class: 2660K(2752K)->2660K(2752K)
[662.461s][info][gc             ] GC(2341) Pause Young (Allocation Failure) 600M->503M(774M) 32.712ms
[662.461s][info][gc,cpu         ] GC(2341) User=0.07s Sys=0.00s Real=0.03s
[662.534s][info][gc,start       ] GC(2342) Pause Young (Allocation Failure)
[662.549s][info][gc,heap        ] GC(2342) PSYoungGen: 124832K(124928K)->14176K(224256K) Eden: 111616K(111616K)->0K(116224K) From: 13216K(13312K)->14176K(108032K)
[662.549s][info][gc,heap        ] GC(2342) ParOldGen: 502873K(667648K)->502873K(667648K)
[662.549s][info][gc,metaspace   ] GC(2342) Metaspace: 19103K(19328K)->19103K(19328K) NonClass: 16443K(16576K)->16443K(16576K) Class: 2660K(2752K)->2660K(2752K)
[662.549s][info][gc             ] GC(2342) Pause Young (Allocation Failure) 612M->504M(871M) 14.716ms
[662.549s][info][gc,cpu         ] GC(2342) User=0.03s Sys=0.00s Real=0.01s
[662.655s][info][gc,start       ] GC(2343) Pause Young (Allocation Failure)
[662.675s][info][gc,heap        ] GC(2343) PSYoungGen: 130400K(224256K)->15328K(131584K) Eden: 116224K(116224K)->0K(116224K) From: 14176K(108032K)->15328K(15360K)
[662.675s][info][gc,heap        ] GC(2343) ParOldGen: 502873K(667648K)->502873K(667648K)
[662.675s][info][gc,metaspace   ] GC(2343) Metaspace: 19103K(19328K)->19103K(19328K) NonClass: 16443K(16576K)->16443K(16576K) Class: 2660K(2752K)->2660K(2752K)
[662.675s][info][gc             ] GC(2343) Pause Young (Allocation Failure) 618M->506M(780M) 19.346ms
[662.675s][info][gc,cpu         ] GC(2343) User=0.04s Sys=0.00s Real=0.02s
[662.779s][info][gc,start       ] GC(2344) Pause Young (Allocation Failure)
[662.801s][info][gc,heap        ] GC(2344) PSYoungGen: 131552K(131584K)->18624K(215040K) Eden: 116224K(116224K)->0K(122880K) From: 15328K(15360K)->18624K(92160K)
[662.801s][info][gc,heap        ] GC(2344) ParOldGen: 502873K(667648K)->502873K(667648K)
[662.801s][info][gc,metaspace   ] GC(2344) Metaspace: 19103K(19328K)->19103K(19328K) NonClass: 16443K(16576K)->16443K(16576K) Class: 2660K(2752K)->2660K(2752K)
[662.801s][info][gc             ] GC(2344) Pause Young (Allocation Failure) 619M->509M(862M) 22.127ms
[662.801s][info][gc,cpu         ] GC(2344) User=0.04s Sys=0.00s Real=0.02s
[662.892s][info][gc,start       ] GC(2345) Pause Young (Allocation Failure)
[662.912s][info][gc,heap        ] GC(2345) PSYoungGen: 141504K(215040K)->18720K(217600K) Eden: 122880K(122880K)->0K(122880K) From: 18624K(92160K)->18720K(94720K)
[662.912s][info][gc,heap        ] GC(2345) ParOldGen: 502873K(667648K)->502873K(667648K)
[662.912s][info][gc,metaspace   ] GC(2345) Metaspace: 19103K(19328K)->19103K(19328K) NonClass: 16443K(16576K)->16443K(16576K) Class: 2660K(2752K)->2660K(2752K)
[662.912s][info][gc             ] GC(2345) Pause Young (Allocation Failure) 629M->509M(864M) 20.355ms
[662.912s][info][gc,cpu         ] GC(2345) User=0.04s Sys=0.00s Real=0.02s
[663.070s][info][gc,start       ] GC(2346) Pause Young (Allocation Failure)
[663.100s][info][gc,heap        ] GC(2346) PSYoungGen: 141600K(217600K)->29408K(209408K) Eden: 122880K(122880K)->0K(130048K) From: 18720K(94720K)->29408K(79360K)
[663.101s][info][gc,heap        ] GC(2346) ParOldGen: 502873K(667648K)->502873K(667648K)
[663.101s][info][gc,metaspace   ] GC(2346) Metaspace: 19103K(19328K)->19103K(19328K) NonClass: 16443K(16576K)->16443K(16576K) Class: 2660K(2752K)->2660K(2752K)
[663.101s][info][gc             ] GC(2346) Pause Young (Allocation Failure) 629M->519M(856M) 30.640ms
[663.101s][info][gc,cpu         ] GC(2346) User=0.06s Sys=0.00s Real=0.03s
[663.237s][info][gc,start       ] GC(2347) Pause Young (Allocation Failure)
[663.280s][info][gc,heap        ] GC(2347) PSYoungGen: 159456K(209408K)->42112K(214528K) Eden: 130048K(130048K)->0K(130048K) From: 29408K(79360K)->42112K(84480K)
[663.280s][info][gc,heap        ] GC(2347) ParOldGen: 502873K(667648K)->502873K(667648K)
[663.280s][info][gc,metaspace   ] GC(2347) Metaspace: 19103K(19328K)->19103K(19328K) NonClass: 16443K(16576K)->16443K(16576K) Class: 2660K(2752K)->2660K(2752K)
[663.280s][info][gc             ] GC(2347) Pause Young (Allocation Failure) 646M->532M(861M) 42.395ms
[663.280s][info][gc,cpu         ] GC(2347) User=0.09s Sys=0.00s Real=0.04s
[663.572s][info][gc,start       ] GC(2348) Pause Young (Allocation Failure)
[663.615s][info][gc,heap        ] GC(2348) PSYoungGen: 172160K(214528K)->43680K(221696K) Eden: 130048K(130048K)->0K(137728K) From: 42112K(84480K)->43680K(83968K)
[663.615s][info][gc,heap        ] GC(2348) ParOldGen: 502873K(667648K)->502873K(667648K)
[663.615s][info][gc,metaspace   ] GC(2348) Metaspace: 19103K(19328K)->19103K(19328K) NonClass: 16443K(16576K)->16443K(16576K) Class: 2660K(2752K)->2660K(2752K)
[663.615s][info][gc             ] GC(2348) Pause Young (Allocation Failure) 659M->533M(868M) 42.839ms
[663.615s][info][gc,cpu         ] GC(2348) User=0.08s Sys=0.00s Real=0.05s
[663.775s][info][gc,start       ] GC(2349) Pause Young (Allocation Failure)
[663.856s][info][gc,heap        ] GC(2349) PSYoungGen: 181408K(221696K)->72288K(222208K) Eden: 137728K(137728K)->0K(137728K) From: 43680K(83968K)->72288K(84480K)
[663.856s][info][gc,heap        ] GC(2349) ParOldGen: 502873K(667648K)->502873K(667648K)
[663.856s][info][gc,metaspace   ] GC(2349) Metaspace: 19103K(19328K)->19103K(19328K) NonClass: 16443K(16576K)->16443K(16576K) Class: 2660K(2752K)->2660K(2752K)
[663.856s][info][gc             ] GC(2349) Pause Young (Allocation Failure) 668M->561M(869M) 81.095ms
[663.856s][info][gc,cpu         ] GC(2349) User=0.16s Sys=0.00s Real=0.08s
[663.995s][info][gc,start       ] GC(2350) Pause Young (Allocation Failure)
[664.085s][info][gc,heap        ] GC(2350) PSYoungGen: 210016K(222208K)->77520K(218624K) Eden: 137728K(137728K)->0K(123904K) From: 72288K(84480K)->77520K(94720K)
[664.085s][info][gc,heap        ] GC(2350) ParOldGen: 502873K(667648K)->502873K(667648K)
[664.085s][info][gc,metaspace   ] GC(2350) Metaspace: 19103K(19328K)->19103K(19328K) NonClass: 16443K(16576K)->16443K(16576K) Class: 2660K(2752K)->2660K(2752K)
[664.085s][info][gc             ] GC(2350) Pause Young (Allocation Failure) 696M->566M(865M) 89.396ms
[664.085s][info][gc,cpu         ] GC(2350) User=0.16s Sys=0.02s Real=0.09s
[664.229s][info][gc,start       ] GC(2351) Pause Young (Allocation Failure)
[664.303s][info][gc,heap        ] GC(2351) PSYoungGen: 201424K(218624K)->78752K(202752K) Eden: 123904K(123904K)->0K(123904K) From: 77520K(94720K)->78752K(78848K)
[664.303s][info][gc,heap        ] GC(2351) ParOldGen: 502873K(667648K)->502873K(667648K)
[664.303s][info][gc,metaspace   ] GC(2351) Metaspace: 19103K(19328K)->19103K(19328K) NonClass: 16443K(16576K)->16443K(16576K) Class: 2660K(2752K)->2660K(2752K)
[664.303s][info][gc             ] GC(2351) Pause Young (Allocation Failure) 687M->567M(850M) 74.132ms
[664.303s][info][gc,cpu         ] GC(2351) User=0.14s Sys=0.00s Real=0.07s
[664.444s][info][gc,start       ] GC(2352) Pause Young (Allocation Failure)
[664.522s][info][gc,heap        ] GC(2352) PSYoungGen: 202656K(202752K)->68000K(222720K) Eden: 123904K(123904K)->0K(111616K) From: 78752K(78848K)->68000K(111104K)
[664.522s][info][gc,heap        ] GC(2352) ParOldGen: 502873K(667648K)->517065K(667648K)
[664.522s][info][gc,metaspace   ] GC(2352) Metaspace: 19103K(19328K)->19103K(19328K) NonClass: 16443K(16576K)->16443K(16576K) Class: 2660K(2752K)->2660K(2752K)
[664.522s][info][gc             ] GC(2352) Pause Young (Allocation Failure) 688M->571M(869M) 77.371ms
[664.522s][info][gc,cpu         ] GC(2352) User=0.16s Sys=0.00s Real=0.07s
[664.635s][info][gc,start       ] GC(2353) Pause Young (Allocation Failure)
[664.707s][info][gc,heap        ] GC(2353) PSYoungGen: 179616K(222720K)->71792K(222720K) Eden: 111616K(111616K)->0K(111616K) From: 68000K(111104K)->71792K(111104K)
[664.707s][info][gc,heap        ] GC(2353) ParOldGen: 517065K(667648K)->521561K(667648K)
[664.707s][info][gc,metaspace   ] GC(2353) Metaspace: 19103K(19328K)->19103K(19328K) NonClass: 16443K(16576K)->16443K(16576K) Class: 2660K(2752K)->2660K(2752K)
[664.707s][info][gc             ] GC(2353) Pause Young (Allocation Failure) 680M->579M(869M) 71.768ms
[664.707s][info][gc,cpu         ] GC(2353) User=0.14s Sys=0.00s Real=0.07s
[664.845s][info][gc,start       ] GC(2354) Pause Young (Allocation Failure)
[664.926s][info][gc,heap        ] GC(2354) PSYoungGen: 183408K(222720K)->76192K(222720K) Eden: 111616K(111616K)->0K(111616K) From: 71792K(111104K)->76192K(111104K)
[664.926s][info][gc,heap        ] GC(2354) ParOldGen: 521561K(667648K)->532346K(667648K)
[664.926s][info][gc,metaspace   ] GC(2354) Metaspace: 19103K(19328K)->19103K(19328K) NonClass: 16443K(16576K)->16443K(16576K) Class: 2660K(2752K)->2660K(2752K)
[664.926s][info][gc             ] GC(2354) Pause Young (Allocation Failure) 688M->594M(869M) 80.475ms
[664.926s][info][gc,cpu         ] GC(2354) User=0.16s Sys=0.00s Real=0.08s
[665.235s][info][gc,start       ] GC(2355) Pause Young (Allocation Failure)
[665.309s][info][gc,heap        ] GC(2355) PSYoungGen: 187808K(222720K)->61936K(222720K) Eden: 111616K(111616K)->0K(111616K) From: 76192K(111104K)->61936K(111104K)
[665.309s][info][gc,heap        ] GC(2355) ParOldGen: 532346K(667648K)->546658K(667648K)
[665.309s][info][gc,metaspace   ] GC(2355) Metaspace: 19103K(19328K)->19103K(19328K) NonClass: 16443K(16576K)->16443K(16576K) Class: 2660K(2752K)->2660K(2752K)
[665.309s][info][gc             ] GC(2355) Pause Young (Allocation Failure) 703M->594M(869M) 74.286ms
[665.309s][info][gc,cpu         ] GC(2355) User=0.15s Sys=0.00s Real=0.07s
[665.605s][info][gc,start       ] GC(2356) Pause Young (Allocation Failure)
[665.665s][info][gc,heap        ] GC(2356) PSYoungGen: 173552K(222720K)->28096K(222720K) Eden: 111616K(111616K)->0K(111616K) From: 61936K(111104K)->28096K(111104K)
[665.665s][info][gc,heap        ] GC(2356) ParOldGen: 546658K(667648K)->580594K(667648K)
[665.665s][info][gc,metaspace   ] GC(2356) Metaspace: 19103K(19328K)->19103K(19328K) NonClass: 16443K(16576K)->16443K(16576K) Class: 2660K(2752K)->2660K(2752K)
[665.665s][info][gc             ] GC(2356) Pause Young (Allocation Failure) 703M->594M(869M) 59.926ms
[665.665s][info][gc,cpu         ] GC(2356) User=0.12s Sys=0.00s Real=0.06s
[665.974s][info][gc,start       ] GC(2357) Pause Young (Allocation Failure)
[666.002s][info][gc,heap        ] GC(2357) PSYoungGen: 139712K(222720K)->23504K(222720K) Eden: 111616K(111616K)->0K(111616K) From: 28096K(111104K)->23504K(111104K)
[666.002s][info][gc,heap        ] GC(2357) ParOldGen: 580594K(667648K)->585226K(667648K)
[666.002s][info][gc,metaspace   ] GC(2357) Metaspace: 19103K(19328K)->19103K(19328K) NonClass: 16443K(16576K)->16443K(16576K) Class: 2660K(2752K)->2660K(2752K)
[666.002s][info][gc             ] GC(2357) Pause Young (Allocation Failure) 703M->594M(869M) 28.394ms
[666.002s][info][gc,cpu         ] GC(2357) User=0.05s Sys=0.00s Real=0.02s
[666.238s][info][gc,start       ] GC(2358) Pause Young (Allocation Failure)
[666.263s][info][gc,heap        ] GC(2358) PSYoungGen: 135120K(222720K)->128K(222720K) Eden: 111616K(111616K)->0K(111616K) From: 23504K(111104K)->128K(111104K)
[666.263s][info][gc,heap        ] GC(2358) ParOldGen: 585226K(667648K)->608690K(667648K)
[666.263s][info][gc,metaspace   ] GC(2358) Metaspace: 19103K(19328K)->19103K(19328K) NonClass: 16443K(16576K)->16443K(16576K) Class: 2660K(2752K)->2660K(2752K)
[666.263s][info][gc             ] GC(2358) Pause Young (Allocation Failure) 703M->594M(869M) 24.674ms
[666.263s][info][gc,cpu         ] GC(2358) User=0.05s Sys=0.00s Real=0.02s
[666.536s][info][gc,start       ] GC(2359) Pause Young (Allocation Failure)
[666.539s][info][gc,heap        ] GC(2359) PSYoungGen: 111744K(222720K)->224K(222720K) Eden: 111616K(111616K)->0K(111616K) From: 128K(111104K)->224K(111104K)
[666.539s][info][gc,heap        ] GC(2359) ParOldGen: 608690K(667648K)->608754K(667648K)
[666.539s][info][gc,metaspace   ] GC(2359) Metaspace: 19103K(19328K)->19103K(19328K) NonClass: 16443K(16576K)->16443K(16576K) Class: 2660K(2752K)->2660K(2752K)
[666.539s][info][gc             ] GC(2359) Pause Young (Allocation Failure) 703M->594M(869M) 2.412ms
[666.539s][info][gc,cpu         ] GC(2359) User=0.01s Sys=0.00s Real=0.00s
[666.741s][info][gc,start       ] GC(2360) Pause Young (Allocation Failure)
[666.745s][info][gc,heap        ] GC(2360) PSYoungGen: 111840K(222720K)->2208K(222720K) Eden: 111616K(111616K)->0K(111616K) From: 224K(111104K)->2208K(111104K)
[666.745s][info][gc,heap        ] GC(2360) ParOldGen: 608754K(667648K)->608794K(667648K)
[666.745s][info][gc,metaspace   ] GC(2360) Metaspace: 19103K(19328K)->19103K(19328K) NonClass: 16443K(16576K)->16443K(16576K) Class: 2660K(2752K)->2660K(2752K)
[666.745s][info][gc             ] GC(2360) Pause Young (Allocation Failure) 703M->596M(869M) 4.281ms
[666.745s][info][gc,cpu         ] GC(2360) User=0.01s Sys=0.00s Real=0.01s
[666.848s][info][gc,start       ] GC(2361) Pause Young (Allocation Failure)
[666.875s][info][gc,heap        ] GC(2361) PSYoungGen: 113824K(222720K)->34304K(146432K) Eden: 111616K(111616K)->0K(111616K) From: 2208K(111104K)->34304K(34816K)
[666.875s][info][gc,heap        ] GC(2361) ParOldGen: 608794K(667648K)->610978K(667648K)
[666.875s][info][gc,metaspace   ] GC(2361) Metaspace: 19103K(19328K)->19103K(19328K) NonClass: 16443K(16576K)->16443K(16576K) Class: 2660K(2752K)->2660K(2752K)
[666.875s][info][gc             ] GC(2361) Pause Young (Allocation Failure) 705M->630M(795M) 26.914ms
[666.875s][info][gc,cpu         ] GC(2361) User=0.05s Sys=0.00s Real=0.03s
[667.010s][info][gc,start       ] GC(2362) Pause Young (Allocation Failure)
[667.055s][info][gc,heap        ] GC(2362) PSYoungGen: 145920K(146432K)->68768K(211456K) Eden: 111616K(111616K)->0K(105984K) From: 34304K(34816K)->68768K(105472K)
[667.055s][info][gc,heap        ] GC(2362) ParOldGen: 610978K(667648K)->610978K(667648K)
[667.055s][info][gc,metaspace   ] GC(2362) Metaspace: 19103K(19328K)->19103K(19328K) NonClass: 16443K(16576K)->16443K(16576K) Class: 2660K(2752K)->2660K(2752K)
[667.055s][info][gc             ] GC(2362) Pause Young (Allocation Failure) 739M->663M(858M) 44.440ms
[667.055s][info][gc,cpu         ] GC(2362) User=0.09s Sys=0.00s Real=0.05s
[667.234s][info][gc,start       ] GC(2363) Pause Young (Allocation Failure)
[667.279s][info][gc,heap        ] GC(2363) PSYoungGen: 174752K(211456K)->71328K(217088K) Eden: 105984K(105984K)->0K(105984K) From: 68768K(105472K)->71328K(111104K)
[667.279s][info][gc,heap        ] GC(2363) ParOldGen: 610978K(667648K)->610978K(667648K)
[667.279s][info][gc,metaspace   ] GC(2363) Metaspace: 19103K(19328K)->19103K(19328K) NonClass: 16443K(16576K)->16443K(16576K) Class: 2660K(2752K)->2660K(2752K)
[667.279s][info][gc             ] GC(2363) Pause Young (Allocation Failure) 767M->666M(864M) 44.820ms
[667.279s][info][gc,cpu         ] GC(2363) User=0.09s Sys=0.00s Real=0.04s
[667.449s][info][gc,start       ] GC(2364) Pause Young (Allocation Failure)
[667.532s][info][gc,promotion   ] GC(2364) Promotion failed
[667.532s][info][gc,heap        ] GC(2364) PSYoungGen: 177312K(217088K)->177312K(217088K) Eden: 105984K(105984K)->105984K(105984K) From: 71328K(111104K)->71328K(111104K)
[667.532s][info][gc,heap        ] GC(2364) ParOldGen: 610978K(667648K)->667642K(667648K)
[667.532s][info][gc,metaspace   ] GC(2364) Metaspace: 19103K(19328K)->19103K(19328K) NonClass: 16443K(16576K)->16443K(16576K) Class: 2660K(2752K)->2660K(2752K)
[667.532s][info][gc             ] GC(2364) Pause Young (Allocation Failure) 769M->825M(864M) 83.069ms
[667.532s][info][gc,cpu         ] GC(2364) User=0.16s Sys=0.01s Real=0.08s
[667.532s][info][gc,start       ] GC(2365) Pause Full (Allocation Failure)
[667.532s][info][gc,phases,start] GC(2365) Marking Phase
[667.854s][info][gc,phases      ] GC(2365) Marking Phase 321.932ms
[667.854s][info][gc,phases,start] GC(2365) Summary Phase
[667.854s][info][gc,phases      ] GC(2365) Summary Phase 0.027ms
[667.854s][info][gc,phases,start] GC(2365) Forward
[667.934s][info][gc,phases      ] GC(2365) Forward 79.857ms
[667.934s][info][gc,phases,start] GC(2365) Adjust Pointers
[668.169s][info][gc,phases      ] GC(2365) Adjust Pointers 235.410ms
[668.169s][info][gc,phases,start] GC(2365) Compaction Phase
[668.285s][info][gc,phases      ] GC(2365) Compaction Phase 115.207ms
[668.292s][info][gc,phases,start] GC(2365) Post Compact
[668.294s][info][gc,phases      ] GC(2365) Post Compact 2.458ms
[668.294s][info][gc,heap        ] GC(2365) PSYoungGen: 177312K(217088K)->0K(222720K) Eden: 105984K(105984K)->0K(111616K) From: 71328K(111104K)->0K(111104K)
[668.294s][info][gc,heap        ] GC(2365) ParOldGen: 667642K(667648K)->458736K(667648K)
[668.294s][info][gc,metaspace   ] GC(2365) Metaspace: 19103K(19328K)->19103K(19328K) NonClass: 16443K(16576K)->16443K(16576K) Class: 2660K(2752K)->2660K(2752K)
[668.295s][info][gc             ] GC(2365) Pause Full (Allocation Failure) 825M->447M(869M) 762.679ms
[668.295s][info][gc,cpu         ] GC(2365) User=1.43s Sys=0.00s Real=0.77s
[668.477s][info][gc,start       ] GC(2366) Pause Young (Allocation Failure)
[668.479s][info][gc,heap        ] GC(2366) PSYoungGen: 111616K(222720K)->608K(222720K) Eden: 111616K(111616K)->0K(111616K) From: 0K(111104K)->608K(111104K)
[668.479s][info][gc,heap        ] GC(2366) ParOldGen: 458736K(667648K)->458736K(667648K)
[668.479s][info][gc,metaspace   ] GC(2366) Metaspace: 19103K(19328K)->19103K(19328K) NonClass: 16443K(16576K)->16443K(16576K) Class: 2660K(2752K)->2660K(2752K)
[668.479s][info][gc             ] GC(2366) Pause Young (Allocation Failure) 556M->448M(869M) 2.169ms
[668.479s][info][gc,cpu         ] GC(2366) User=0.00s Sys=0.00s Real=0.00s
[668.668s][info][gc,start       ] GC(2367) Pause Young (Allocation Failure)
[668.669s][info][gc,heap        ] GC(2367) PSYoungGen: 112224K(222720K)->64K(222720K) Eden: 111616K(111616K)->0K(111616K) From: 608K(111104K)->64K(111104K)
[668.670s][info][gc,heap        ] GC(2367) ParOldGen: 458736K(667648K)->458752K(667648K)
[668.670s][info][gc,metaspace   ] GC(2367) Metaspace: 19103K(19328K)->19103K(19328K) NonClass: 16443K(16576K)->16443K(16576K) Class: 2660K(2752K)->2660K(2752K)
[668.670s][info][gc             ] GC(2367) Pause Young (Allocation Failure) 557M->448M(869M) 1.712ms
[668.670s][info][gc,cpu         ] GC(2367) User=0.01s Sys=0.00s Real=0.00s
[668.857s][info][gc,start       ] GC(2368) Pause Young (Allocation Failure)
[668.858s][info][gc,heap        ] GC(2368) PSYoungGen: 111680K(222720K)->160K(222720K) Eden: 111616K(111616K)->0K(111616K) From: 64K(111104K)->160K(111104K)
[668.858s][info][gc,heap        ] GC(2368) ParOldGen: 458752K(667648K)->458768K(667648K)
[668.858s][info][gc,metaspace   ] GC(2368) Metaspace: 19103K(19328K)->19103K(19328K) NonClass: 16443K(16576K)->16443K(16576K) Class: 2660K(2752K)->2660K(2752K)
[668.858s][info][gc             ] GC(2368) Pause Young (Allocation Failure) 557M->448M(869M) 1.863ms
[668.858s][info][gc,cpu         ] GC(2368) User=0.00s Sys=0.00s Real=0.00s
[669.028s][info][gc,start       ] GC(2369) Pause Young (Allocation Failure)
[669.033s][info][gc,heap        ] GC(2369) PSYoungGen: 111776K(222720K)->4128K(216576K) Eden: 111616K(111616K)->0K(111616K) From: 160K(111104K)->4128K(104960K)
[669.033s][info][gc,heap        ] GC(2369) ParOldGen: 458768K(667648K)->458920K(667648K)
[669.033s][info][gc,metaspace   ] GC(2369) Metaspace: 19103K(19328K)->19103K(19328K) NonClass: 16443K(16576K)->16443K(16576K) Class: 2660K(2752K)->2660K(2752K)
[669.033s][info][gc             ] GC(2369) Pause Young (Allocation Failure) 557M->452M(863M) 5.194ms
[669.033s][info][gc,cpu         ] GC(2369) User=0.01s Sys=0.00s Real=0.01s
[669.093s][info][gc,start       ] GC(2370) Pause Young (Allocation Failure)
[669.122s][info][gc,heap        ] GC(2370) PSYoungGen: 115744K(216576K)->40112K(219648K) Eden: 111616K(111616K)->0K(111616K) From: 4128K(104960K)->40112K(108032K)
[669.122s][info][gc,heap        ] GC(2370) ParOldGen: 458920K(667648K)->458920K(667648K)
[669.122s][info][gc,metaspace   ] GC(2370) Metaspace: 19103K(19328K)->19103K(19328K) NonClass: 16443K(16576K)->16443K(16576K) Class: 2660K(2752K)->2660K(2752K)
[669.122s][info][gc             ] GC(2370) Pause Young (Allocation Failure) 561M->487M(866M) 29.719ms
[669.122s][info][gc,cpu         ] GC(2370) User=0.05s Sys=0.00s Real=0.03s
[669.186s][info][gc,start       ] GC(2371) Pause Young (Allocation Failure)
[669.237s][info][gc,heap        ] GC(2371) PSYoungGen: 151728K(219648K)->77776K(216064K) Eden: 111616K(111616K)->0K(111616K) From: 40112K(108032K)->77776K(104448K)
[669.237s][info][gc,heap        ] GC(2371) ParOldGen: 458920K(667648K)->458920K(667648K)
[669.237s][info][gc,metaspace   ] GC(2371) Metaspace: 19103K(19328K)->19103K(19328K) NonClass: 16443K(16576K)->16443K(16576K) Class: 2660K(2752K)->2660K(2752K)
[669.237s][info][gc             ] GC(2371) Pause Young (Allocation Failure) 596M->524M(863M) 51.263ms
[669.237s][info][gc,cpu         ] GC(2371) User=0.10s Sys=0.00s Real=0.05s
[669.389s][info][gc,start       ] GC(2372) Pause Young (Allocation Failure)
[669.436s][info][gc,heap        ] GC(2372) PSYoungGen: 189392K(216064K)->39296K(222720K) Eden: 111616K(111616K)->0K(111616K) From: 77776K(104448K)->39296K(111104K)
[669.436s][info][gc,heap        ] GC(2372) ParOldGen: 458920K(667648K)->499321K(667648K)
[669.436s][info][gc,metaspace   ] GC(2372) Metaspace: 19103K(19328K)->19103K(19328K) NonClass: 16443K(16576K)->16443K(16576K) Class: 2660K(2752K)->2660K(2752K)
[669.436s][info][gc             ] GC(2372) Pause Young (Allocation Failure) 633M->525M(869M) 47.392ms
[669.436s][info][gc,cpu         ] GC(2372) User=0.10s Sys=0.00s Real=0.05s
[669.555s][info][gc,start       ] GC(2373) Pause Young (Allocation Failure)
[669.579s][info][gc,heap        ] GC(2373) PSYoungGen: 150912K(222720K)->39360K(209408K) Eden: 111616K(111616K)->0K(113664K) From: 39296K(111104K)->39360K(95744K)
[669.579s][info][gc,heap        ] GC(2373) ParOldGen: 499321K(667648K)->499321K(667648K)
[669.579s][info][gc,metaspace   ] GC(2373) Metaspace: 19103K(19328K)->19103K(19328K) NonClass: 16443K(16576K)->16443K(16576K) Class: 2660K(2752K)->2660K(2752K)
[669.579s][info][gc             ] GC(2373) Pause Young (Allocation Failure) 634M->526M(856M) 24.113ms
[669.579s][info][gc,cpu         ] GC(2373) User=0.05s Sys=0.00s Real=0.02s
[669.701s][info][gc,start       ] GC(2374) Pause Young (Allocation Failure)
[669.726s][info][gc,heap        ] GC(2374) PSYoungGen: 153024K(209408K)->39488K(217088K) Eden: 113664K(113664K)->0K(113664K) From: 39360K(95744K)->39488K(103424K)
[669.726s][info][gc,heap        ] GC(2374) ParOldGen: 499321K(667648K)->499321K(667648K)
[669.726s][info][gc,metaspace   ] GC(2374) Metaspace: 19103K(19328K)->19103K(19328K) NonClass: 16443K(16576K)->16443K(16576K) Class: 2660K(2752K)->2660K(2752K)
[669.726s][info][gc             ] GC(2374) Pause Young (Allocation Failure) 637M->526M(864M) 24.938ms
[669.726s][info][gc,cpu         ] GC(2374) User=0.05s Sys=0.00s Real=0.03s
[669.848s][info][gc,start       ] GC(2375) Pause Young (Allocation Failure)
[669.874s][info][gc,heap        ] GC(2375) PSYoungGen: 153152K(217088K)->39616K(209920K) Eden: 113664K(113664K)->0K(121856K) From: 39488K(103424K)->39616K(88064K)
[669.874s][info][gc,heap        ] GC(2375) ParOldGen: 499321K(667648K)->499321K(667648K)
[669.874s][info][gc,metaspace   ] GC(2375) Metaspace: 19103K(19328K)->19103K(19328K) NonClass: 16443K(16576K)->16443K(16576K) Class: 2660K(2752K)->2660K(2752K)
[669.874s][info][gc             ] GC(2375) Pause Young (Allocation Failure) 637M->526M(857M) 25.401ms
[669.874s][info][gc,cpu         ] GC(2375) User=0.05s Sys=0.00s Real=0.03s
[669.999s][info][gc,start       ] GC(2376) Pause Young (Allocation Failure)
[670.024s][info][gc,heap        ] GC(2376) PSYoungGen: 161472K(209920K)->39680K(215552K) Eden: 121856K(121856K)->0K(121856K) From: 39616K(88064K)->39680K(93696K)
[670.024s][info][gc,heap        ] GC(2376) ParOldGen: 499321K(667648K)->499321K(667648K)
[670.024s][info][gc,metaspace   ] GC(2376) Metaspace: 19103K(19328K)->19103K(19328K) NonClass: 16443K(16576K)->16443K(16576K) Class: 2660K(2752K)->2660K(2752K)
[670.024s][info][gc             ] GC(2376) Pause Young (Allocation Failure) 645M->526M(862M) 24.882ms
[670.024s][info][gc,cpu         ] GC(2376) User=0.05s Sys=0.00s Real=0.03s
[670.149s][info][gc,start       ] GC(2377) Pause Young (Allocation Failure)
[670.175s][info][gc,heap        ] GC(2377) PSYoungGen: 161536K(215552K)->39744K(211968K) Eden: 121856K(121856K)->0K(130560K) From: 39680K(93696K)->39744K(81408K)
[670.175s][info][gc,heap        ] GC(2377) ParOldGen: 499321K(667648K)->499321K(667648K)
[670.175s][info][gc,metaspace   ] GC(2377) Metaspace: 19103K(19328K)->19103K(19328K) NonClass: 16443K(16576K)->16443K(16576K) Class: 2660K(2752K)->2660K(2752K)
[670.175s][info][gc             ] GC(2377) Pause Young (Allocation Failure) 645M->526M(859M) 25.772ms
[670.175s][info][gc,cpu         ] GC(2377) User=0.05s Sys=0.00s Real=0.03s
[670.303s][info][gc,start       ] GC(2378) Pause Young (Allocation Failure)
[670.329s][info][gc,heap        ] GC(2378) PSYoungGen: 170304K(211968K)->39840K(216064K) Eden: 130560K(130560K)->0K(130560K) From: 39744K(81408K)->39840K(85504K)
[670.329s][info][gc,heap        ] GC(2378) ParOldGen: 499321K(667648K)->499321K(667648K)
[670.329s][info][gc,metaspace   ] GC(2378) Metaspace: 19103K(19328K)->19103K(19328K) NonClass: 16443K(16576K)->16443K(16576K) Class: 2660K(2752K)->2660K(2752K)
[670.329s][info][gc             ] GC(2378) Pause Young (Allocation Failure) 653M->526M(863M) 25.378ms
[670.329s][info][gc,cpu         ] GC(2378) User=0.05s Sys=0.00s Real=0.02s
[670.461s][info][gc,start       ] GC(2379) Pause Young (Allocation Failure)
[670.487s][info][gc,heap        ] GC(2379) PSYoungGen: 170400K(216064K)->39936K(214528K) Eden: 130560K(130560K)->0K(139264K) From: 39840K(85504K)->39936K(75264K)
[670.487s][info][gc,heap        ] GC(2379) ParOldGen: 499321K(667648K)->499321K(667648K)
[670.487s][info][gc,metaspace   ] GC(2379) Metaspace: 19103K(19328K)->19103K(19328K) NonClass: 16443K(16576K)->16443K(16576K) Class: 2660K(2752K)->2660K(2752K)
[670.487s][info][gc             ] GC(2379) Pause Young (Allocation Failure) 654M->526M(861M) 26.048ms
[670.487s][info][gc,cpu         ] GC(2379) User=0.06s Sys=0.00s Real=0.03s
[670.622s][info][gc,start       ] GC(2380) Pause Young (Allocation Failure)
[670.663s][info][gc,heap        ] GC(2380) PSYoungGen: 179200K(214528K)->55360K(218112K) Eden: 139264K(139264K)->0K(139264K) From: 39936K(75264K)->55360K(78848K)
[670.663s][info][gc,heap        ] GC(2380) ParOldGen: 499321K(667648K)->499321K(667648K)
[670.663s][info][gc,metaspace   ] GC(2380) Metaspace: 19103K(19328K)->19103K(19328K) NonClass: 16443K(16576K)->16443K(16576K) Class: 2660K(2752K)->2660K(2752K)
[670.663s][info][gc             ] GC(2380) Pause Young (Allocation Failure) 662M->541M(865M) 41.483ms
[670.663s][info][gc,cpu         ] GC(2380) User=0.09s Sys=0.00s Real=0.05s
[670.762s][info][gc,start       ] GC(2381) Pause Young (Allocation Failure)
[670.832s][info][gc,heap        ] GC(2381) PSYoungGen: 194624K(218112K)->75008K(221696K) Eden: 139264K(139264K)->0K(140288K) From: 55360K(78848K)->75008K(81408K)
[670.832s][info][gc,heap        ] GC(2381) ParOldGen: 499321K(667648K)->499321K(667648K)
[670.832s][info][gc,metaspace   ] GC(2381) Metaspace: 19103K(19328K)->19103K(19328K) NonClass: 16443K(16576K)->16443K(16576K) Class: 2660K(2752K)->2660K(2752K)
[670.832s][info][gc             ] GC(2381) Pause Young (Allocation Failure) 677M->560M(868M) 70.269ms
[670.832s][info][gc,cpu         ] GC(2381) User=0.14s Sys=0.00s Real=0.07s
[670.950s][info][gc,start       ] GC(2382) Pause Young (Allocation Failure)
[671.046s][info][gc,heap        ] GC(2382) PSYoungGen: 215296K(221696K)->90603K(230912K) Eden: 140288K(140288K)->0K(140288K) From: 75008K(81408K)->90603K(90624K)
[671.046s][info][gc,heap        ] GC(2382) ParOldGen: 499321K(667648K)->503201K(667648K)
[671.046s][info][gc,metaspace   ] GC(2382) Metaspace: 19103K(19328K)->19103K(19328K) NonClass: 16443K(16576K)->16443K(16576K) Class: 2660K(2752K)->2660K(2752K)
[671.046s][info][gc             ] GC(2382) Pause Young (Allocation Failure) 697M->579M(877M) 95.701ms
[671.046s][info][gc,cpu         ] GC(2382) User=0.19s Sys=0.00s Real=0.10s
[671.181s][info][gc,start       ] GC(2383) Pause Young (Allocation Failure)
[671.279s][info][gc,heap        ] GC(2383) PSYoungGen: 230891K(230912K)->52555K(232960K) Eden: 140288K(140288K)->0K(130048K) From: 90603K(90624K)->52555K(102912K)
[671.279s][info][gc,heap        ] GC(2383) ParOldGen: 503201K(667648K)->542833K(667648K)
[671.279s][info][gc,metaspace   ] GC(2383) Metaspace: 19103K(19328K)->19103K(19328K) NonClass: 16443K(16576K)->16443K(16576K) Class: 2660K(2752K)->2660K(2752K)
[671.279s][info][gc             ] GC(2383) Pause Young (Allocation Failure) 716M->581M(879M) 97.568ms
[671.279s][info][gc,cpu         ] GC(2383) User=0.19s Sys=0.00s Real=0.10s
[671.399s][info][gc,start       ] GC(2384) Pause Young (Allocation Failure)
[671.465s][info][gc,heap        ] GC(2384) PSYoungGen: 182603K(232960K)->55915K(186368K) Eden: 130048K(130048K)->0K(130048K) From: 52555K(102912K)->55915K(56320K)
[671.465s][info][gc,heap        ] GC(2384) ParOldGen: 542833K(667648K)->542905K(667648K)
[671.465s][info][gc,metaspace   ] GC(2384) Metaspace: 19103K(19328K)->19103K(19328K) NonClass: 16443K(16576K)->16443K(16576K) Class: 2660K(2752K)->2660K(2752K)
[671.465s][info][gc             ] GC(2384) Pause Young (Allocation Failure) 708M->584M(834M) 65.639ms
[671.465s][info][gc,cpu         ] GC(2384) User=0.13s Sys=0.00s Real=0.07s
[671.578s][info][gc,start       ] GC(2385) Pause Young (Allocation Failure)
[671.646s][info][gc,heap        ] GC(2385) PSYoungGen: 185963K(186368K)->55819K(231424K) Eden: 130048K(130048K)->0K(132608K) From: 55915K(56320K)->55819K(98816K)
[671.646s][info][gc,heap        ] GC(2385) ParOldGen: 542905K(667648K)->543025K(667648K)
[671.646s][info][gc,metaspace   ] GC(2385) Metaspace: 19103K(19328K)->19103K(19328K) NonClass: 16443K(16576K)->16443K(16576K) Class: 2660K(2752K)->2660K(2752K)
[671.646s][info][gc             ] GC(2385) Pause Young (Allocation Failure) 711M->584M(878M) 67.413ms
[671.646s][info][gc,cpu         ] GC(2385) User=0.14s Sys=0.00s Real=0.07s
[671.803s][info][gc,start       ] GC(2386) Pause Young (Allocation Failure)
[671.882s][info][gc,heap        ] GC(2386) PSYoungGen: 188427K(231424K)->71772K(228864K) Eden: 132608K(132608K)->0K(132608K) From: 55819K(98816K)->71772K(96256K)
[671.882s][info][gc,heap        ] GC(2386) ParOldGen: 543025K(667648K)->543153K(667648K)
[671.882s][info][gc,metaspace   ] GC(2386) Metaspace: 19103K(19328K)->19103K(19328K) NonClass: 16443K(16576K)->16443K(16576K) Class: 2660K(2752K)->2660K(2752K)
[671.882s][info][gc             ] GC(2386) Pause Young (Allocation Failure) 714M->600M(875M) 79.081ms
[671.882s][info][gc,cpu         ] GC(2386) User=0.16s Sys=0.00s Real=0.08s
[672.045s][info][gc,start       ] GC(2387) Pause Young (Allocation Failure)
[672.135s][info][gc,heap        ] GC(2387) PSYoungGen: 204380K(228864K)->79132K(223744K) Eden: 132608K(132608K)->0K(123904K) From: 71772K(96256K)->79132K(99840K)
[672.135s][info][gc,heap        ] GC(2387) ParOldGen: 543153K(667648K)->543241K(667648K)
[672.135s][info][gc,metaspace   ] GC(2387) Metaspace: 19103K(19328K)->19103K(19328K) NonClass: 16443K(16576K)->16443K(16576K) Class: 2660K(2752K)->2660K(2752K)
[672.135s][info][gc             ] GC(2387) Pause Young (Allocation Failure) 730M->607M(870M) 90.743ms
[672.135s][info][gc,cpu         ] GC(2387) User=0.17s Sys=0.00s Real=0.09s
[672.405s][info][gc,start       ] GC(2388) Pause Young (Allocation Failure)
[672.491s][info][gc,heap        ] GC(2388) PSYoungGen: 203036K(223744K)->79083K(203264K) Eden: 123904K(123904K)->0K(123904K) From: 79132K(99840K)->79083K(79360K)
[672.491s][info][gc,heap        ] GC(2388) ParOldGen: 543241K(667648K)->543321K(667648K)
[672.491s][info][gc,metaspace   ] GC(2388) Metaspace: 19103K(19328K)->19103K(19328K) NonClass: 16443K(16576K)->16443K(16576K) Class: 2660K(2752K)->2660K(2752K)
[672.491s][info][gc             ] GC(2388) Pause Young (Allocation Failure) 728M->607M(850M) 85.988ms
[672.491s][info][gc,cpu         ] GC(2388) User=0.17s Sys=0.00s Real=0.08s
[672.693s][info][gc,start       ] GC(2389) Pause Young (Allocation Failure)
[672.777s][info][gc,heap        ] GC(2389) PSYoungGen: 202987K(203264K)->79100K(220672K) Eden: 123904K(123904K)->0K(111616K) From: 79083K(79360K)->79100K(109056K)
[672.777s][info][gc,heap        ] GC(2389) ParOldGen: 543321K(667648K)->543321K(667648K)
[672.777s][info][gc,metaspace   ] GC(2389) Metaspace: 19103K(19328K)->19103K(19328K) NonClass: 16443K(16576K)->16443K(16576K) Class: 2660K(2752K)->2660K(2752K)
[672.777s][info][gc             ] GC(2389) Pause Young (Allocation Failure) 728M->607M(867M) 84.301ms
[672.777s][info][gc,cpu         ] GC(2389) User=0.17s Sys=0.00s Real=0.09s
[672.967s][info][gc,start       ] GC(2390) Pause Young (Allocation Failure)
[673.050s][info][gc,heap        ] GC(2390) PSYoungGen: 190716K(220672K)->78955K(222720K) Eden: 111616K(111616K)->0K(111616K) From: 79100K(109056K)->78955K(111104K)
[673.050s][info][gc,heap        ] GC(2390) ParOldGen: 543321K(667648K)->543537K(667648K)
[673.050s][info][gc,metaspace   ] GC(2390) Metaspace: 19103K(19328K)->19103K(19328K) NonClass: 16443K(16576K)->16443K(16576K) Class: 2660K(2752K)->2660K(2752K)
[673.050s][info][gc             ] GC(2390) Pause Young (Allocation Failure) 716M->607M(869M) 83.198ms
[673.050s][info][gc,cpu         ] GC(2390) User=0.16s Sys=0.00s Real=0.08s
[673.186s][info][gc,start       ] GC(2391) Pause Young (Allocation Failure)
[673.290s][info][gc,heap        ] GC(2391) PSYoungGen: 190571K(222720K)->62748K(219648K) Eden: 111616K(111616K)->0K(111616K) From: 78955K(111104K)->62748K(108032K)
[673.290s][info][gc,heap        ] GC(2391) ParOldGen: 543537K(667648K)->578689K(667648K)
[673.290s][info][gc,metaspace   ] GC(2391) Metaspace: 19103K(19328K)->19103K(19328K) NonClass: 16443K(16576K)->16443K(16576K) Class: 2660K(2752K)->2660K(2752K)
[673.290s][info][gc             ] GC(2391) Pause Young (Allocation Failure) 716M->626M(866M) 104.159ms
[673.290s][info][gc,cpu         ] GC(2391) User=0.21s Sys=0.00s Real=0.10s
[673.425s][info][gc,start       ] GC(2392) Pause Young (Allocation Failure)
[673.507s][info][gc,heap        ] GC(2392) PSYoungGen: 174364K(219648K)->62176K(221184K) Eden: 111616K(111616K)->0K(111616K) From: 62748K(108032K)->62176K(109568K)
[673.507s][info][gc,heap        ] GC(2392) ParOldGen: 578689K(667648K)->594357K(667648K)
[673.507s][info][gc,metaspace   ] GC(2392) Metaspace: 19103K(19328K)->19103K(19328K) NonClass: 16443K(16576K)->16443K(16576K) Class: 2660K(2752K)->2660K(2752K)
[673.507s][info][gc             ] GC(2392) Pause Young (Allocation Failure) 735M->641M(868M) 81.595ms
[673.507s][info][gc,cpu         ] GC(2392) User=0.16s Sys=0.00s Real=0.08s
[673.594s][info][gc,start       ] GC(2393) Pause Young (Allocation Failure)
[673.660s][info][gc,heap        ] GC(2393) PSYoungGen: 173792K(221184K)->68432K(222720K) Eden: 111616K(111616K)->0K(117760K) From: 62176K(109568K)->68432K(104960K)
[673.660s][info][gc,heap        ] GC(2393) ParOldGen: 594357K(667648K)->595573K(667648K)
[673.660s][info][gc,metaspace   ] GC(2393) Metaspace: 19103K(19328K)->19103K(19328K) NonClass: 16443K(16576K)->16443K(16576K) Class: 2660K(2752K)->2660K(2752K)
[673.660s][info][gc             ] GC(2393) Pause Young (Allocation Failure) 750M->648M(869M) 66.672ms
[673.660s][info][gc,cpu         ] GC(2393) User=0.13s Sys=0.00s Real=0.06s
[673.791s][info][gc,start       ] GC(2394) Pause Young (Allocation Failure)
[673.860s][info][gc,heap        ] GC(2394) PSYoungGen: 186192K(222720K)->67056K(221184K) Eden: 117760K(117760K)->0K(117760K) From: 68432K(104960K)->67056K(103424K)
[673.860s][info][gc,heap        ] GC(2394) ParOldGen: 595573K(667648K)->598997K(667648K)
[673.860s][info][gc,metaspace   ] GC(2394) Metaspace: 19103K(19328K)->19103K(19328K) NonClass: 16443K(16576K)->16443K(16576K) Class: 2660K(2752K)->2660K(2752K)
[673.860s][info][gc             ] GC(2394) Pause Young (Allocation Failure) 763M->650M(868M) 69.023ms
[673.860s][info][gc,cpu         ] GC(2394) User=0.14s Sys=0.00s Real=0.07s
[673.995s][info][gc,start       ] GC(2395) Pause Young (Allocation Failure)
[674.065s][info][gc,heap        ] GC(2395) PSYoungGen: 184816K(221184K)->71296K(226816K) Eden: 117760K(117760K)->0K(125952K) From: 67056K(103424K)->71296K(100864K)
[674.065s][info][gc,heap        ] GC(2395) ParOldGen: 598997K(667648K)->599013K(667648K)
[674.065s][info][gc,metaspace   ] GC(2395) Metaspace: 19103K(19328K)->19103K(19328K) NonClass: 16443K(16576K)->16443K(16576K) Class: 2660K(2752K)->2660K(2752K)
[674.065s][info][gc             ] GC(2395) Pause Young (Allocation Failure) 765M->654M(873M) 69.454ms
[674.065s][info][gc,cpu         ] GC(2395) User=0.14s Sys=0.00s Real=0.07s
[674.186s][info][gc,start       ] GC(2396) Pause Young (Allocation Failure)
[674.256s][info][gc,heap        ] GC(2396) PSYoungGen: 197248K(226816K)->55232K(226304K) Eden: 125952K(125952K)->0K(125952K) From: 71296K(100864K)->55232K(100352K)
[674.256s][info][gc,heap        ] GC(2396) ParOldGen: 599013K(667648K)->615149K(667648K)
[674.256s][info][gc,metaspace   ] GC(2396) Metaspace: 19103K(19328K)->19103K(19328K) NonClass: 16443K(16576K)->16443K(16576K) Class: 2660K(2752K)->2660K(2752K)
[674.256s][info][gc             ] GC(2396) Pause Young (Allocation Failure) 777M->654M(873M) 69.462ms
[674.256s][info][gc,cpu         ] GC(2396) User=0.13s Sys=0.00s Real=0.07s
[674.380s][info][gc,start       ] GC(2397) Pause Young (Allocation Failure)
[674.437s][info][gc,heap        ] GC(2397) PSYoungGen: 181184K(226304K)->51328K(231936K) Eden: 125952K(125952K)->0K(134144K) From: 55232K(100352K)->51328K(97792K)
[674.437s][info][gc,heap        ] GC(2397) ParOldGen: 615149K(667648K)->622597K(667648K)
[674.437s][info][gc,metaspace   ] GC(2397) Metaspace: 19103K(19328K)->19103K(19328K) NonClass: 16443K(16576K)->16443K(16576K) Class: 2660K(2752K)->2660K(2752K)
[674.437s][info][gc             ] GC(2397) Pause Young (Allocation Failure) 777M->658M(878M) 57.158ms
[674.437s][info][gc,cpu         ] GC(2397) User=0.11s Sys=0.00s Real=0.06s
[674.609s][info][gc,start       ] GC(2398) Pause Young (Allocation Failure)
[674.669s][info][gc,heap        ] GC(2398) PSYoungGen: 185472K(231936K)->63136K(230912K) Eden: 134144K(134144K)->0K(134144K) From: 51328K(97792K)->63136K(96768K)
[674.670s][info][gc,heap        ] GC(2398) ParOldGen: 622597K(667648K)->622629K(667648K)
[674.670s][info][gc,metaspace   ] GC(2398) Metaspace: 19103K(19328K)->19103K(19328K) NonClass: 16443K(16576K)->16443K(16576K) Class: 2660K(2752K)->2660K(2752K)
[674.670s][info][gc             ] GC(2398) Pause Young (Allocation Failure) 789M->669M(877M) 60.272ms
[674.670s][info][gc,cpu         ] GC(2398) User=0.11s Sys=0.00s Real=0.06s
[675.052s][info][gc,start       ] GC(2399) Pause Young (Allocation Failure)
[675.110s][info][gc,heap        ] GC(2399) PSYoungGen: 197280K(230912K)->63168K(234496K) Eden: 134144K(134144K)->0K(141824K) From: 63136K(96768K)->63168K(92672K)
[675.111s][info][gc,heap        ] GC(2399) ParOldGen: 622629K(667648K)->622661K(667648K)
[675.111s][info][gc,metaspace   ] GC(2399) Metaspace: 19103K(19328K)->19103K(19328K) NonClass: 16443K(16576K)->16443K(16576K) Class: 2660K(2752K)->2660K(2752K)
[675.111s][info][gc             ] GC(2399) Pause Young (Allocation Failure) 800M->669M(881M) 58.814ms
[675.111s][info][gc,cpu         ] GC(2399) User=0.12s Sys=0.00s Real=0.06s
[675.419s][info][gc,start       ] GC(2400) Pause Young (Allocation Failure)
[675.478s][info][gc,heap        ] GC(2400) PSYoungGen: 204992K(234496K)->63360K(232960K) Eden: 141824K(141824K)->0K(141824K) From: 63168K(92672K)->63360K(91136K)
[675.478s][info][gc,heap        ] GC(2400) ParOldGen: 622661K(667648K)->622661K(667648K)
[675.478s][info][gc,metaspace   ] GC(2400) Metaspace: 19103K(19328K)->19103K(19328K) NonClass: 16443K(16576K)->16443K(16576K) Class: 2660K(2752K)->2660K(2752K)
[675.478s][info][gc             ] GC(2400) Pause Young (Allocation Failure) 808M->669M(879M) 59.158ms
[675.478s][info][gc,cpu         ] GC(2400) User=0.12s Sys=0.00s Real=0.06s
[675.783s][info][gc,start       ] GC(2401) Pause Young (Allocation Failure)
[675.846s][info][gc,heap        ] GC(2401) PSYoungGen: 205184K(232960K)->65568K(239616K) Eden: 141824K(141824K)->0K(151040K) From: 63360K(91136K)->65568K(88576K)
[675.846s][info][gc,heap        ] GC(2401) ParOldGen: 622661K(667648K)->622661K(667648K)
[675.846s][info][gc,metaspace   ] GC(2401) Metaspace: 19103K(19328K)->19103K(19328K) NonClass: 16443K(16576K)->16443K(16576K) Class: 2660K(2752K)->2660K(2752K)
[675.846s][info][gc             ] GC(2401) Pause Young (Allocation Failure) 808M->672M(886M) 62.444ms
[675.846s][info][gc,cpu         ] GC(2401) User=0.12s Sys=0.00s Real=0.06s
[676.002s][info][gc,start       ] GC(2402) Pause Young (Allocation Failure)
[676.093s][info][gc,heap        ] GC(2402) PSYoungGen: 216608K(239616K)->87520K(238592K) Eden: 151040K(151040K)->0K(151040K) From: 65568K(88576K)->87520K(87552K)
[676.093s][info][gc,heap        ] GC(2402) ParOldGen: 622661K(667648K)->636909K(667648K)
[676.093s][info][gc,metaspace   ] GC(2402) Metaspace: 19103K(19328K)->19103K(19328K) NonClass: 16443K(16576K)->16443K(16576K) Class: 2660K(2752K)->2660K(2752K)
[676.093s][info][gc             ] GC(2402) Pause Young (Allocation Failure) 819M->707M(885M) 90.536ms
[676.093s][info][gc,cpu         ] GC(2402) User=0.18s Sys=0.00s Real=0.09s
[676.183s][info][gc,start       ] GC(2403) Pause Young (Allocation Failure)
[676.318s][info][gc,promotion   ] GC(2403) Promotion failed
[676.318s][info][gc,heap        ] GC(2403) PSYoungGen: 238560K(238592K)->238560K(238592K) Eden: 151040K(151040K)->151040K(151040K) From: 87520K(87552K)->87520K(87552K)
[676.318s][info][gc,heap        ] GC(2403) ParOldGen: 636909K(667648K)->667645K(667648K)
[676.318s][info][gc,metaspace   ] GC(2403) Metaspace: 19103K(19328K)->19103K(19328K) NonClass: 16443K(16576K)->16443K(16576K) Class: 2660K(2752K)->2660K(2752K)
[676.318s][info][gc             ] GC(2403) Pause Young (Allocation Failure) 854M->884M(885M) 135.226ms
[676.319s][info][gc,cpu         ] GC(2403) User=0.25s Sys=0.02s Real=0.13s
[676.319s][info][gc,start       ] GC(2404) Pause Full (Allocation Failure)
[676.319s][info][gc,phases,start] GC(2404) Marking Phase
[676.634s][info][gc,phases      ] GC(2404) Marking Phase 315.823ms
[676.634s][info][gc,phases,start] GC(2404) Summary Phase
[676.634s][info][gc,phases      ] GC(2404) Summary Phase 0.032ms
[676.634s][info][gc,phases,start] GC(2404) Forward
[676.780s][info][gc,phases      ] GC(2404) Forward 145.453ms
[676.780s][info][gc,phases,start] GC(2404) Adjust Pointers
[677.013s][info][gc,phases      ] GC(2404) Adjust Pointers 232.508ms
[677.013s][info][gc,phases,start] GC(2404) Compaction Phase
[677.162s][info][gc,phases      ] GC(2404) Compaction Phase 149.624ms
[677.174s][info][gc,phases,start] GC(2404) Post Compact
[677.177s][info][gc,phases      ] GC(2404) Post Compact 2.814ms
[677.177s][info][gc,heap        ] GC(2404) PSYoungGen: 238560K(238592K)->0K(230400K) Eden: 151040K(151040K)->0K(135168K) From: 87520K(87552K)->0K(95232K)
[677.177s][info][gc,heap        ] GC(2404) ParOldGen: 667645K(667648K)->465790K(667648K)
[677.177s][info][gc,metaspace   ] GC(2404) Metaspace: 19103K(19328K)->19103K(19328K) NonClass: 16443K(16576K)->16443K(16576K) Class: 2660K(2752K)->2660K(2752K)
[677.177s][info][gc             ] GC(2404) Pause Full (Allocation Failure) 884M->454M(877M) 858.474ms
[677.177s][info][gc,cpu         ] GC(2404) User=1.56s Sys=0.00s Real=0.86s
[677.384s][info][gc,start       ] GC(2405) Pause Young (Allocation Failure)
[677.414s][info][gc,heap        ] GC(2405) PSYoungGen: 135168K(230400K)->36928K(172544K) Eden: 135168K(135168K)->0K(135168K) From: 0K(95232K)->36928K(37376K)
[677.414s][info][gc,heap        ] GC(2405) ParOldGen: 465790K(667648K)->465790K(667648K)
[677.414s][info][gc,metaspace   ] GC(2405) Metaspace: 19103K(19328K)->19103K(19328K) NonClass: 16443K(16576K)->16443K(16576K) Class: 2660K(2752K)->2660K(2752K)
[677.414s][info][gc             ] GC(2405) Pause Young (Allocation Failure) 586M->490M(820M) 30.381ms
[677.414s][info][gc,cpu         ] GC(2405) User=0.06s Sys=0.00s Real=0.03s
[677.652s][info][gc,start       ] GC(2406) Pause Young (Allocation Failure)
[677.704s][info][gc,heap        ] GC(2406) PSYoungGen: 172096K(172544K)->69942K(233984K) Eden: 135168K(135168K)->0K(132608K) From: 36928K(37376K)->69942K(101376K)
[677.704s][info][gc,heap        ] GC(2406) ParOldGen: 465790K(667648K)->465790K(667648K)
[677.704s][info][gc,metaspace   ] GC(2406) Metaspace: 19103K(19328K)->19103K(19328K) NonClass: 16443K(16576K)->16443K(16576K) Class: 2660K(2752K)->2660K(2752K)
[677.704s][info][gc             ] GC(2406) Pause Young (Allocation Failure) 622M->523M(880M) 52.755ms
[677.704s][info][gc,cpu         ] GC(2406) User=0.10s Sys=0.00s Real=0.06s
[677.779s][info][gc,start       ] GC(2407) Pause Young (Allocation Failure)
[677.856s][info][gc,heap        ] GC(2407) PSYoungGen: 202550K(233984K)->99830K(232448K) Eden: 132608K(132608K)->0K(132608K) From: 69942K(101376K)->99830K(99840K)
[677.856s][info][gc,heap        ] GC(2407) ParOldGen: 465790K(667648K)->471262K(667648K)
[677.856s][info][gc,metaspace   ] GC(2407) Metaspace: 19103K(19328K)->19103K(19328K) NonClass: 16443K(16576K)->16443K(16576K) Class: 2660K(2752K)->2660K(2752K)
[677.856s][info][gc             ] GC(2407) Pause Young (Allocation Failure) 652M->557M(879M) 76.702ms
[677.856s][info][gc,cpu         ] GC(2407) User=0.15s Sys=0.00s Real=0.08s
[677.981s][info][gc,start       ] GC(2408) Pause Young (Allocation Failure)
[678.067s][info][gc,heap        ] GC(2408) PSYoungGen: 232438K(232448K)->101350K(212992K) Eden: 132608K(132608K)->0K(111616K) From: 99830K(99840K)->101350K(101376K)
[678.067s][info][gc,heap        ] GC(2408) ParOldGen: 471262K(667648K)->473998K(667648K)
[678.067s][info][gc,metaspace   ] GC(2408) Metaspace: 19103K(19328K)->19103K(19328K) NonClass: 16443K(16576K)->16443K(16576K) Class: 2660K(2752K)->2660K(2752K)
[678.067s][info][gc             ] GC(2408) Pause Young (Allocation Failure) 687M->561M(860M) 85.877ms
[678.067s][info][gc,cpu         ] GC(2408) User=0.17s Sys=0.00s Real=0.09s
[678.234s][info][gc,start       ] GC(2409) Pause Young (Allocation Failure)
[678.381s][info][gc,heap        ] GC(2409) PSYoungGen: 212966K(212992K)->111072K(222720K) Eden: 111616K(111616K)->0K(111616K) From: 101350K(101376K)->111072K(111104K)
[678.381s][info][gc,heap        ] GC(2409) ParOldGen: 473998K(667648K)->503311K(667648K)
[678.381s][info][gc,metaspace   ] GC(2409) Metaspace: 19103K(19328K)->19103K(19328K) NonClass: 16443K(16576K)->16443K(16576K) Class: 2660K(2752K)->2660K(2752K)
[678.381s][info][gc             ] GC(2409) Pause Young (Allocation Failure) 670M->599M(869M) 146.694ms
[678.381s][info][gc,cpu         ] GC(2409) User=0.30s Sys=0.00s Real=0.14s
[678.544s][info][gc,start       ] GC(2410) Pause Young (Allocation Failure)
[678.648s][info][gc,heap        ] GC(2410) PSYoungGen: 222688K(222720K)->111072K(222720K) Eden: 111616K(111616K)->0K(111616K) From: 111072K(111104K)->111072K(111104K)
[678.648s][info][gc,heap        ] GC(2410) ParOldGen: 503311K(667648K)->503335K(667648K)
[678.648s][info][gc,metaspace   ] GC(2410) Metaspace: 19103K(19328K)->19103K(19328K) NonClass: 16443K(16576K)->16443K(16576K) Class: 2660K(2752K)->2660K(2752K)
[678.648s][info][gc             ] GC(2410) Pause Young (Allocation Failure) 708M->600M(869M) 103.745ms
[678.648s][info][gc,cpu         ] GC(2410) User=0.20s Sys=0.00s Real=0.10s
[678.802s][info][gc,start       ] GC(2411) Pause Young (Allocation Failure)
[678.905s][info][gc,heap        ] GC(2411) PSYoungGen: 222688K(222720K)->111072K(222720K) Eden: 111616K(111616K)->0K(111616K) From: 111072K(111104K)->111072K(111104K)
[678.905s][info][gc,heap        ] GC(2411) ParOldGen: 503335K(667648K)->503359K(667648K)
[678.905s][info][gc,metaspace   ] GC(2411) Metaspace: 19103K(19328K)->19103K(19328K) NonClass: 16443K(16576K)->16443K(16576K) Class: 2660K(2752K)->2660K(2752K)
[678.905s][info][gc             ] GC(2411) Pause Young (Allocation Failure) 709M->600M(869M) 103.370ms
[678.905s][info][gc,cpu         ] GC(2411) User=0.21s Sys=0.00s Real=0.11s
[679.060s][info][gc,start       ] GC(2412) Pause Young (Allocation Failure)
[679.165s][info][gc,heap        ] GC(2412) PSYoungGen: 222688K(222720K)->111072K(222720K) Eden: 111616K(111616K)->0K(111616K) From: 111072K(111104K)->111072K(111104K)
[679.165s][info][gc,heap        ] GC(2412) ParOldGen: 503359K(667648K)->503359K(667648K)
[679.165s][info][gc,metaspace   ] GC(2412) Metaspace: 19103K(19328K)->19103K(19328K) NonClass: 16443K(16576K)->16443K(16576K) Class: 2660K(2752K)->2660K(2752K)
[679.165s][info][gc             ] GC(2412) Pause Young (Allocation Failure) 709M->600M(869M) 105.004ms
[679.165s][info][gc,cpu         ] GC(2412) User=0.21s Sys=0.00s Real=0.11s
[679.321s][info][gc,start       ] GC(2413) Pause Young (Allocation Failure)
[679.422s][info][gc,heap        ] GC(2413) PSYoungGen: 222688K(222720K)->44768K(222720K) Eden: 111616K(111616K)->0K(111616K) From: 111072K(111104K)->44768K(111104K)
[679.423s][info][gc,heap        ] GC(2413) ParOldGen: 503359K(667648K)->570351K(667648K)
[679.423s][info][gc,metaspace   ] GC(2413) Metaspace: 19103K(19328K)->19103K(19328K) NonClass: 16443K(16576K)->16443K(16576K) Class: 2660K(2752K)->2660K(2752K)
[679.423s][info][gc             ] GC(2413) Pause Young (Allocation Failure) 709M->600M(869M) 101.955ms
[679.423s][info][gc,cpu         ] GC(2413) User=0.20s Sys=0.00s Real=0.10s
[679.579s][info][gc,start       ] GC(2414) Pause Young (Allocation Failure)
[679.639s][info][gc,heap        ] GC(2414) PSYoungGen: 156384K(222720K)->11872K(222720K) Eden: 111616K(111616K)->0K(111616K) From: 44768K(111104K)->11872K(111104K)
[679.639s][info][gc,heap        ] GC(2414) ParOldGen: 570351K(667648K)->603507K(667648K)
[679.639s][info][gc,metaspace   ] GC(2414) Metaspace: 19103K(19328K)->19103K(19328K) NonClass: 16443K(16576K)->16443K(16576K) Class: 2660K(2752K)->2660K(2752K)
[679.639s][info][gc             ] GC(2414) Pause Young (Allocation Failure) 709M->600M(869M) 59.660ms
[679.639s][info][gc,cpu         ] GC(2414) User=0.12s Sys=0.00s Real=0.06s
[679.800s][info][gc,start       ] GC(2415) Pause Young (Allocation Failure)
[679.821s][info][gc,heap        ] GC(2415) PSYoungGen: 123488K(222720K)->64K(222720K) Eden: 111616K(111616K)->0K(111616K) From: 11872K(111104K)->64K(111104K)
[679.821s][info][gc,heap        ] GC(2415) ParOldGen: 603507K(667648K)->615371K(667648K)
[679.821s][info][gc,metaspace   ] GC(2415) Metaspace: 19103K(19328K)->19103K(19328K) NonClass: 16443K(16576K)->16443K(16576K) Class: 2660K(2752K)->2660K(2752K)
[679.821s][info][gc             ] GC(2415) Pause Young (Allocation Failure) 709M->601M(869M) 21.036ms
[679.821s][info][gc,cpu         ] GC(2415) User=0.04s Sys=0.00s Real=0.02s
[679.986s][info][gc,start       ] GC(2416) Pause Young (Allocation Failure)
[679.988s][info][gc,heap        ] GC(2416) PSYoungGen: 111680K(222720K)->64K(222720K) Eden: 111616K(111616K)->0K(111616K) From: 64K(111104K)->64K(111104K)
[679.988s][info][gc,heap        ] GC(2416) ParOldGen: 615371K(667648K)->615379K(667648K)
[679.988s][info][gc,metaspace   ] GC(2416) Metaspace: 19103K(19328K)->19103K(19328K) NonClass: 16443K(16576K)->16443K(16576K) Class: 2660K(2752K)->2660K(2752K)
[679.988s][info][gc             ] GC(2416) Pause Young (Allocation Failure) 710M->601M(869M) 1.982ms
[679.988s][info][gc,cpu         ] GC(2416) User=0.01s Sys=0.00s Real=0.00s
[680.151s][info][gc,start       ] GC(2417) Pause Young (Allocation Failure)
[680.152s][info][gc,heap        ] GC(2417) PSYoungGen: 111680K(222720K)->64K(222720K) Eden: 111616K(111616K)->0K(111616K) From: 64K(111104K)->64K(111104K)
[680.152s][info][gc,heap        ] GC(2417) ParOldGen: 615379K(667648K)->615379K(667648K)
[680.152s][info][gc,metaspace   ] GC(2417) Metaspace: 19103K(19328K)->19103K(19328K) NonClass: 16443K(16576K)->16443K(16576K) Class: 2660K(2752K)->2660K(2752K)
[680.152s][info][gc             ] GC(2417) Pause Young (Allocation Failure) 710M->601M(869M) 1.931ms
[680.152s][info][gc,cpu         ] GC(2417) User=0.00s Sys=0.00s Real=0.00s
[680.315s][info][gc,start       ] GC(2418) Pause Young (Allocation Failure)
[680.317s][info][gc,heap        ] GC(2418) PSYoungGen: 111680K(222720K)->64K(222720K) Eden: 111616K(111616K)->0K(111616K) From: 64K(111104K)->64K(111104K)
[680.317s][info][gc,heap        ] GC(2418) ParOldGen: 615379K(667648K)->615379K(667648K)
[680.317s][info][gc,metaspace   ] GC(2418) Metaspace: 19103K(19328K)->19103K(19328K) NonClass: 16443K(16576K)->16443K(16576K) Class: 2660K(2752K)->2660K(2752K)
[680.317s][info][gc             ] GC(2418) Pause Young (Allocation Failure) 710M->601M(869M) 1.993ms
[680.317s][info][gc,cpu         ] GC(2418) User=0.01s Sys=0.00s Real=0.00s
[680.467s][info][gc,start       ] GC(2419) Pause Young (Allocation Failure)
[680.476s][info][gc,heap        ] GC(2419) PSYoungGen: 111680K(222720K)->6624K(222720K) Eden: 111616K(111616K)->0K(111616K) From: 64K(111104K)->6624K(111104K)
[680.476s][info][gc,heap        ] GC(2419) ParOldGen: 615379K(667648K)->615379K(667648K)
[680.476s][info][gc,metaspace   ] GC(2419) Metaspace: 19103K(19328K)->19103K(19328K) NonClass: 16443K(16576K)->16443K(16576K) Class: 2660K(2752K)->2660K(2752K)
[680.476s][info][gc             ] GC(2419) Pause Young (Allocation Failure) 710M->607M(869M) 9.696ms
[680.476s][info][gc,cpu         ] GC(2419) User=0.01s Sys=0.00s Real=0.01s
[680.582s][info][gc,start       ] GC(2420) Pause Young (Allocation Failure)
[680.603s][info][gc,heap        ] GC(2420) PSYoungGen: 118240K(222720K)->12736K(222720K) Eden: 111616K(111616K)->0K(111616K) From: 6624K(111104K)->12736K(111104K)
[680.603s][info][gc,heap        ] GC(2420) ParOldGen: 615379K(667648K)->621987K(667648K)
[680.603s][info][gc,metaspace   ] GC(2420) Metaspace: 19103K(19328K)->19103K(19328K) NonClass: 16443K(16576K)->16443K(16576K) Class: 2660K(2752K)->2660K(2752K)
[680.603s][info][gc             ] GC(2420) Pause Young (Allocation Failure) 716M->619M(869M) 20.930ms
[680.603s][info][gc,cpu         ] GC(2420) User=0.05s Sys=0.00s Real=0.02s
[680.692s][info][gc,start       ] GC(2421) Pause Young (Allocation Failure)
[680.716s][info][gc,heap        ] GC(2421) PSYoungGen: 124352K(222720K)->11136K(222720K) Eden: 111616K(111616K)->0K(111616K) From: 12736K(111104K)->11136K(111104K)
[680.716s][info][gc,heap        ] GC(2421) ParOldGen: 621987K(667648K)->634731K(667648K)
[680.716s][info][gc,metaspace   ] GC(2421) Metaspace: 19103K(19328K)->19103K(19328K) NonClass: 16443K(16576K)->16443K(16576K) Class: 2660K(2752K)->2660K(2752K)
[680.716s][info][gc             ] GC(2421) Pause Young (Allocation Failure) 728M->630M(869M) 24.667ms
[680.716s][info][gc,cpu         ] GC(2421) User=0.05s Sys=0.00s Real=0.03s
[680.815s][info][gc,start       ] GC(2422) Pause Full (Allocation Failure)
[680.815s][info][gc,phases,start] GC(2422) Marking Phase
[681.133s][info][gc,phases      ] GC(2422) Marking Phase 318.277ms
[681.133s][info][gc,phases,start] GC(2422) Summary Phase
[681.133s][info][gc,phases      ] GC(2422) Summary Phase 0.026ms
[681.133s][info][gc,phases,start] GC(2422) Forward
[681.253s][info][gc,phases      ] GC(2422) Forward 119.825ms
[681.253s][info][gc,phases,start] GC(2422) Adjust Pointers
[681.521s][info][gc,phases      ] GC(2422) Adjust Pointers 267.539ms
[681.521s][info][gc,phases,start] GC(2422) Compaction Phase
[681.687s][info][gc,phases      ] GC(2422) Compaction Phase 166.358ms
[681.700s][info][gc,phases,start] GC(2422) Post Compact
[681.702s][info][gc,phases      ] GC(2422) Post Compact 2.258ms
[681.702s][info][gc,heap        ] GC(2422) PSYoungGen: 122752K(222720K)->0K(222720K) Eden: 111616K(111616K)->0K(111616K) From: 11136K(111104K)->0K(111104K)
[681.702s][info][gc,heap        ] GC(2422) ParOldGen: 634731K(667648K)->490788K(667648K)
[681.702s][info][gc,metaspace   ] GC(2422) Metaspace: 19103K(19328K)->19103K(19328K) NonClass: 16443K(16576K)->16443K(16576K) Class: 2660K(2752K)->2660K(2752K)
[681.702s][info][gc             ] GC(2422) Pause Full (Allocation Failure) 739M->479M(869M) 887.634ms
[681.702s][info][gc,cpu         ] GC(2422) User=1.67s Sys=0.01s Real=0.88s
[681.805s][info][gc,start       ] GC(2423) Pause Young (Allocation Failure)
[681.811s][info][gc,heap        ] GC(2423) PSYoungGen: 111616K(222720K)->1440K(222720K) Eden: 111616K(111616K)->0K(111616K) From: 0K(111104K)->1440K(111104K)
[681.811s][info][gc,heap        ] GC(2423) ParOldGen: 490788K(667648K)->490788K(667648K)
[681.811s][info][gc,metaspace   ] GC(2423) Metaspace: 19103K(19328K)->19103K(19328K) NonClass: 16443K(16576K)->16443K(16576K) Class: 2660K(2752K)->2660K(2752K)
[681.811s][info][gc             ] GC(2423) Pause Young (Allocation Failure) 588M->480M(869M) 5.819ms
[681.811s][info][gc,cpu         ] GC(2423) User=0.01s Sys=0.00s Real=0.00s
[681.937s][info][gc,start       ] GC(2424) Pause Young (Allocation Failure)
[681.945s][info][gc,heap        ] GC(2424) PSYoungGen: 113056K(222720K)->4704K(222720K) Eden: 111616K(111616K)->0K(111616K) From: 1440K(111104K)->4704K(111104K)
[681.945s][info][gc,heap        ] GC(2424) ParOldGen: 490788K(667648K)->492204K(667648K)
[681.945s][info][gc,metaspace   ] GC(2424) Metaspace: 19103K(19328K)->19103K(19328K) NonClass: 16443K(16576K)->16443K(16576K) Class: 2660K(2752K)->2660K(2752K)
[681.945s][info][gc             ] GC(2424) Pause Young (Allocation Failure) 589M->485M(869M) 8.129ms
[681.945s][info][gc,cpu         ] GC(2424) User=0.02s Sys=0.00s Real=0.01s
[682.089s][info][gc,start       ] GC(2425) Pause Young (Allocation Failure)
[682.099s][info][gc,heap        ] GC(2425) PSYoungGen: 116320K(222720K)->3488K(222720K) Eden: 111616K(111616K)->0K(111616K) From: 4704K(111104K)->3488K(111104K)
[682.099s][info][gc,heap        ] GC(2425) ParOldGen: 492204K(667648K)->496892K(667648K)
[682.099s][info][gc,metaspace   ] GC(2425) Metaspace: 19103K(19328K)->19103K(19328K) NonClass: 16443K(16576K)->16443K(16576K) Class: 2660K(2752K)->2660K(2752K)
[682.099s][info][gc             ] GC(2425) Pause Young (Allocation Failure) 594M->488M(869M) 10.502ms
[682.099s][info][gc,cpu         ] GC(2425) User=0.02s Sys=0.00s Real=0.01s
[682.351s][info][gc,start       ] GC(2426) Pause Young (Allocation Failure)
[682.356s][info][gc,heap        ] GC(2426) PSYoungGen: 115104K(222720K)->64K(222720K) Eden: 111616K(111616K)->0K(111616K) From: 3488K(111104K)->64K(111104K)
[682.356s][info][gc,heap        ] GC(2426) ParOldGen: 496892K(667648K)->500355K(667648K)
[682.356s][info][gc,metaspace   ] GC(2426) Metaspace: 19103K(19328K)->19103K(19328K) NonClass: 16443K(16576K)->16443K(16576K) Class: 2660K(2752K)->2660K(2752K)
[682.356s][info][gc             ] GC(2426) Pause Young (Allocation Failure) 597M->488M(869M) 5.313ms
[682.356s][info][gc,cpu         ] GC(2426) User=0.01s Sys=0.00s Real=0.01s
[682.566s][info][gc,start       ] GC(2427) Pause Young (Allocation Failure)
[682.568s][info][gc,heap        ] GC(2427) PSYoungGen: 111680K(222720K)->160K(222720K) Eden: 111616K(111616K)->0K(111616K) From: 64K(111104K)->160K(111104K)
[682.568s][info][gc,heap        ] GC(2427) ParOldGen: 500355K(667648K)->500387K(667648K)
[682.568s][info][gc,metaspace   ] GC(2427) Metaspace: 19103K(19328K)->19103K(19328K) NonClass: 16443K(16576K)->16443K(16576K) Class: 2660K(2752K)->2660K(2752K)
[682.568s][info][gc             ] GC(2427) Pause Young (Allocation Failure) 597M->488M(869M) 2.017ms
[682.568s][info][gc,cpu         ] GC(2427) User=0.01s Sys=0.00s Real=0.00s
[682.772s][info][gc,start       ] GC(2428) Pause Young (Allocation Failure)
[682.775s][info][gc,heap        ] GC(2428) PSYoungGen: 111776K(222720K)->64K(222720K) Eden: 111616K(111616K)->0K(111616K) From: 160K(111104K)->64K(111104K)
[682.775s][info][gc,heap        ] GC(2428) ParOldGen: 500387K(667648K)->500528K(667648K)
[682.775s][info][gc,metaspace   ] GC(2428) Metaspace: 19103K(19328K)->19103K(19328K) NonClass: 16443K(16576K)->16443K(16576K) Class: 2660K(2752K)->2660K(2752K)
[682.775s][info][gc             ] GC(2428) Pause Young (Allocation Failure) 597M->488M(869M) 2.192ms
[682.775s][info][gc,cpu         ] GC(2428) User=0.01s Sys=0.00s Real=0.01s
[682.976s][info][gc,start       ] GC(2429) Pause Young (Allocation Failure)
[682.978s][info][gc,heap        ] GC(2429) PSYoungGen: 111680K(222720K)->64K(112128K) Eden: 111616K(111616K)->0K(111616K) From: 64K(111104K)->64K(512K)
[682.978s][info][gc,heap        ] GC(2429) ParOldGen: 500528K(667648K)->500544K(667648K)
[682.978s][info][gc,metaspace   ] GC(2429) Metaspace: 19103K(19328K)->19103K(19328K) NonClass: 16443K(16576K)->16443K(16576K) Class: 2660K(2752K)->2660K(2752K)
[682.978s][info][gc             ] GC(2429) Pause Young (Allocation Failure) 597M->488M(761M) 2.561ms
[682.978s][info][gc,cpu         ] GC(2429) User=0.00s Sys=0.00s Real=0.00s
[683.168s][info][gc,start       ] GC(2430) Pause Young (Allocation Failure)
[683.180s][info][gc,heap        ] GC(2430) PSYoungGen: 111680K(112128K)->9312K(212992K) Eden: 111616K(111616K)->0K(114688K) From: 64K(512K)->9312K(98304K)
[683.180s][info][gc,heap        ] GC(2430) ParOldGen: 500544K(667648K)->500544K(667648K)
[683.180s][info][gc,metaspace   ] GC(2430) Metaspace: 19103K(19328K)->19103K(19328K) NonClass: 16443K(16576K)->16443K(16576K) Class: 2660K(2752K)->2660K(2752K)
[683.180s][info][gc             ] GC(2430) Pause Young (Allocation Failure) 597M->497M(860M) 12.010ms
[683.180s][info][gc,cpu         ] GC(2430) User=0.02s Sys=0.00s Real=0.01s
[683.314s][info][gc,start       ] GC(2431) Pause Young (Allocation Failure)
[683.330s][info][gc,heap        ] GC(2431) PSYoungGen: 124000K(212992K)->13088K(128000K) Eden: 114688K(114688K)->0K(114688K) From: 9312K(98304K)->13088K(13312K)
[683.330s][info][gc,heap        ] GC(2431) ParOldGen: 500544K(667648K)->500544K(667648K)
[683.330s][info][gc,metaspace   ] GC(2431) Metaspace: 19103K(19328K)->19103K(19328K) NonClass: 16443K(16576K)->16443K(16576K) Class: 2660K(2752K)->2660K(2752K)
[683.330s][info][gc             ] GC(2431) Pause Young (Allocation Failure) 609M->501M(777M) 15.326ms
[683.330s][info][gc,cpu         ] GC(2431) User=0.03s Sys=0.00s Real=0.01s
[683.463s][info][gc,start       ] GC(2432) Pause Young (Allocation Failure)
[683.487s][info][gc,heap        ] GC(2432) PSYoungGen: 127776K(128000K)->25408K(207360K) Eden: 114688K(114688K)->0K(120320K) From: 13088K(13312K)->25408K(87040K)
[683.487s][info][gc,heap        ] GC(2432) ParOldGen: 500544K(667648K)->500544K(667648K)
[683.487s][info][gc,metaspace   ] GC(2432) Metaspace: 19103K(19328K)->19103K(19328K) NonClass: 16443K(16576K)->16443K(16576K) Class: 2660K(2752K)->2660K(2752K)
[683.487s][info][gc             ] GC(2432) Pause Young (Allocation Failure) 613M->513M(854M) 23.865ms
[683.487s][info][gc,cpu         ] GC(2432) User=0.05s Sys=0.00s Real=0.03s
[683.556s][info][gc,start       ] GC(2433) Pause Young (Allocation Failure)
[683.608s][info][gc,heap        ] GC(2433) PSYoungGen: 145728K(207360K)->65216K(210944K) Eden: 120320K(120320K)->0K(120320K) From: 25408K(87040K)->65216K(90624K)
[683.608s][info][gc,heap        ] GC(2433) ParOldGen: 500544K(667648K)->500544K(667648K)
[683.608s][info][gc,metaspace   ] GC(2433) Metaspace: 19103K(19328K)->19103K(19328K) NonClass: 16443K(16576K)->16443K(16576K) Class: 2660K(2752K)->2660K(2752K)
[683.608s][info][gc             ] GC(2433) Pause Young (Allocation Failure) 631M->552M(858M) 52.159ms
[683.608s][info][gc,cpu         ] GC(2433) User=0.10s Sys=0.00s Real=0.05s
[683.829s][info][gc,start       ] GC(2434) Pause Young (Allocation Failure)
[683.878s][info][gc,heap        ] GC(2434) PSYoungGen: 185536K(210944K)->68992K(214528K) Eden: 120320K(120320K)->0K(113664K) From: 65216K(90624K)->68992K(100864K)
[683.878s][info][gc,heap        ] GC(2434) ParOldGen: 500544K(667648K)->500544K(667648K)
[683.878s][info][gc,metaspace   ] GC(2434) Metaspace: 19103K(19328K)->19103K(19328K) NonClass: 16443K(16576K)->16443K(16576K) Class: 2660K(2752K)->2660K(2752K)
[683.878s][info][gc             ] GC(2434) Pause Young (Allocation Failure) 670M->556M(861M) 49.289ms
[683.878s][info][gc,cpu         ] GC(2434) User=0.10s Sys=0.00s Real=0.05s
[684.032s][info][gc,start       ] GC(2435) Pause Young (Allocation Failure)
[684.101s][info][gc,heap        ] GC(2435) PSYoungGen: 182656K(214528K)->79936K(194048K) Eden: 113664K(113664K)->0K(113664K) From: 68992K(100864K)->79936K(80384K)
[684.101s][info][gc,heap        ] GC(2435) ParOldGen: 500544K(667648K)->500544K(667648K)
[684.101s][info][gc,metaspace   ] GC(2435) Metaspace: 19103K(19328K)->19103K(19328K) NonClass: 16443K(16576K)->16443K(16576K) Class: 2660K(2752K)->2660K(2752K)
[684.101s][info][gc             ] GC(2435) Pause Young (Allocation Failure) 667M->566M(841M) 69.036ms
[684.101s][info][gc,cpu         ] GC(2435) User=0.14s Sys=0.00s Real=0.07s
[684.264s][info][gc,start       ] GC(2436) Pause Young (Allocation Failure)
[684.337s][info][gc,heap        ] GC(2436) PSYoungGen: 193600K(194048K)->70656K(222720K) Eden: 113664K(113664K)->0K(111616K) From: 79936K(80384K)->70656K(111104K)
[684.337s][info][gc,heap        ] GC(2436) ParOldGen: 500544K(667648K)->509864K(667648K)
[684.337s][info][gc,metaspace   ] GC(2436) Metaspace: 19103K(19328K)->19103K(19328K) NonClass: 16443K(16576K)->16443K(16576K) Class: 2660K(2752K)->2660K(2752K)
[684.337s][info][gc             ] GC(2436) Pause Young (Allocation Failure) 677M->566M(869M) 73.423ms
[684.337s][info][gc,cpu         ] GC(2436) User=0.15s Sys=0.00s Real=0.07s
[684.496s][info][gc,start       ] GC(2437) Pause Young (Allocation Failure)
[684.555s][info][gc,heap        ] GC(2437) PSYoungGen: 182272K(222720K)->54560K(222720K) Eden: 111616K(111616K)->0K(111616K) From: 70656K(111104K)->54560K(111104K)
[684.555s][info][gc,heap        ] GC(2437) ParOldGen: 509864K(667648K)->526155K(667648K)
[684.555s][info][gc,metaspace   ] GC(2437) Metaspace: 19103K(19328K)->19103K(19328K) NonClass: 16443K(16576K)->16443K(16576K) Class: 2660K(2752K)->2660K(2752K)
[684.555s][info][gc             ] GC(2437) Pause Young (Allocation Failure) 675M->567M(869M) 59.157ms
[684.555s][info][gc,cpu         ] GC(2437) User=0.12s Sys=0.00s Real=0.06s
[684.712s][info][gc,start       ] GC(2438) Pause Young (Allocation Failure)
[684.762s][info][gc,heap        ] GC(2438) PSYoungGen: 166176K(222720K)->10976K(222720K) Eden: 111616K(111616K)->0K(111616K) From: 54560K(111104K)->10976K(111104K)
[684.762s][info][gc,heap        ] GC(2438) ParOldGen: 526155K(667648K)->570007K(667648K)
[684.762s][info][gc,metaspace   ] GC(2438) Metaspace: 19103K(19328K)->19103K(19328K) NonClass: 16443K(16576K)->16443K(16576K) Class: 2660K(2752K)->2660K(2752K)
[684.762s][info][gc             ] GC(2438) Pause Young (Allocation Failure) 676M->567M(869M) 50.676ms
[684.762s][info][gc,cpu         ] GC(2438) User=0.10s Sys=0.00s Real=0.05s
[684.925s][info][gc,start       ] GC(2439) Pause Young (Allocation Failure)
[684.942s][info][gc,heap        ] GC(2439) PSYoungGen: 122592K(222720K)->64K(222720K) Eden: 111616K(111616K)->0K(111616K) From: 10976K(111104K)->64K(111104K)
[684.942s][info][gc,heap        ] GC(2439) ParOldGen: 570007K(667648K)->580975K(667648K)
[684.942s][info][gc,metaspace   ] GC(2439) Metaspace: 19103K(19328K)->19103K(19328K) NonClass: 16443K(16576K)->16443K(16576K) Class: 2660K(2752K)->2660K(2752K)
[684.942s][info][gc             ] GC(2439) Pause Young (Allocation Failure) 676M->567M(869M) 17.182ms
[684.942s][info][gc,cpu         ] GC(2439) User=0.03s Sys=0.00s Real=0.01s
[685.100s][info][gc,start       ] GC(2440) Pause Young (Allocation Failure)
[685.102s][info][gc,heap        ] GC(2440) PSYoungGen: 111680K(222720K)->64K(222720K) Eden: 111616K(111616K)->0K(111616K) From: 64K(111104K)->64K(111104K)
[685.102s][info][gc,heap        ] GC(2440) ParOldGen: 580975K(667648K)->580975K(667648K)
[685.102s][info][gc,metaspace   ] GC(2440) Metaspace: 19103K(19328K)->19103K(19328K) NonClass: 16443K(16576K)->16443K(16576K) Class: 2660K(2752K)->2660K(2752K)
[685.102s][info][gc             ] GC(2440) Pause Young (Allocation Failure) 676M->567M(869M) 1.874ms
[685.102s][info][gc,cpu         ] GC(2440) User=0.01s Sys=0.00s Real=0.00s
[685.259s][info][gc,start       ] GC(2441) Pause Young (Allocation Failure)
[685.261s][info][gc,heap        ] GC(2441) PSYoungGen: 111680K(222720K)->64K(222720K) Eden: 111616K(111616K)->0K(111616K) From: 64K(111104K)->64K(111104K)
[685.261s][info][gc,heap        ] GC(2441) ParOldGen: 580975K(667648K)->580975K(667648K)
[685.261s][info][gc,metaspace   ] GC(2441) Metaspace: 19103K(19328K)->19103K(19328K) NonClass: 16443K(16576K)->16443K(16576K) Class: 2660K(2752K)->2660K(2752K)
[685.261s][info][gc             ] GC(2441) Pause Young (Allocation Failure) 676M->567M(869M) 1.823ms
[685.261s][info][gc,cpu         ] GC(2441) User=0.00s Sys=0.00s Real=0.00s
[685.403s][info][gc,start       ] GC(2442) Pause Young (Allocation Failure)
[685.417s][info][gc,heap        ] GC(2442) PSYoungGen: 111680K(222720K)->9600K(211456K) Eden: 111616K(111616K)->0K(111616K) From: 64K(111104K)->9600K(99840K)
[685.417s][info][gc,heap        ] GC(2442) ParOldGen: 580975K(667648K)->580975K(667648K)
[685.417s][info][gc,metaspace   ] GC(2442) Metaspace: 19103K(19328K)->19103K(19328K) NonClass: 16443K(16576K)->16443K(16576K) Class: 2660K(2752K)->2660K(2752K)
[685.417s][info][gc             ] GC(2442) Pause Young (Allocation Failure) 676M->576M(858M) 14.038ms
[685.417s][info][gc,cpu         ] GC(2442) User=0.03s Sys=0.00s Real=0.02s
[685.528s][info][gc,start       ] GC(2443) Pause Young (Allocation Failure)
[685.558s][info][gc,heap        ] GC(2443) PSYoungGen: 121216K(211456K)->26720K(217088K) Eden: 111616K(111616K)->0K(111616K) From: 9600K(99840K)->26720K(105472K)
[685.558s][info][gc,heap        ] GC(2443) ParOldGen: 580975K(667648K)->580975K(667648K)
[685.558s][info][gc,metaspace   ] GC(2443) Metaspace: 19103K(19328K)->19103K(19328K) NonClass: 16443K(16576K)->16443K(16576K) Class: 2660K(2752K)->2660K(2752K)
[685.558s][info][gc             ] GC(2443) Pause Young (Allocation Failure) 685M->593M(864M) 29.380ms
[685.558s][info][gc,cpu         ] GC(2443) User=0.06s Sys=0.00s Real=0.03s
[685.635s][info][gc,start       ] GC(2444) Pause Young (Allocation Failure)
[685.693s][info][gc,heap        ] GC(2444) PSYoungGen: 138336K(217088K)->53696K(214528K) Eden: 111616K(111616K)->0K(116224K) From: 26720K(105472K)->53696K(98304K)
[685.693s][info][gc,heap        ] GC(2444) ParOldGen: 580975K(667648K)->580975K(667648K)
[685.693s][info][gc,metaspace   ] GC(2444) Metaspace: 19103K(19328K)->19103K(19328K) NonClass: 16443K(16576K)->16443K(16576K) Class: 2660K(2752K)->2660K(2752K)
[685.693s][info][gc             ] GC(2444) Pause Young (Allocation Failure) 702M->619M(861M) 57.645ms
[685.693s][info][gc,cpu         ] GC(2444) User=0.12s Sys=0.00s Real=0.05s
[685.787s][info][gc,start       ] GC(2445) Pause Young (Allocation Failure)
[685.868s][info][gc,heap        ] GC(2445) PSYoungGen: 169920K(214528K)->81952K(217600K) Eden: 116224K(116224K)->0K(116224K) From: 53696K(98304K)->81952K(101376K)
[685.868s][info][gc,heap        ] GC(2445) ParOldGen: 580975K(667648K)->580975K(667648K)
[685.868s][info][gc,metaspace   ] GC(2445) Metaspace: 19103K(19328K)->19103K(19328K) NonClass: 16443K(16576K)->16443K(16576K) Class: 2660K(2752K)->2660K(2752K)
[685.868s][info][gc             ] GC(2445) Pause Young (Allocation Failure) 733M->647M(864M) 81.332ms
[685.868s][info][gc,cpu         ] GC(2445) User=0.17s Sys=0.00s Real=0.08s
[685.956s][info][gc,start       ] GC(2446) Pause Young (Allocation Failure)
[686.040s][info][gc,heap        ] GC(2446) PSYoungGen: 198176K(217600K)->77312K(222720K) Eden: 116224K(116224K)->0K(111616K) From: 81952K(101376K)->77312K(111104K)
[686.040s][info][gc,heap        ] GC(2446) ParOldGen: 580975K(667648K)->590591K(667648K)
[686.040s][info][gc,metaspace   ] GC(2446) Metaspace: 19103K(19328K)->19103K(19328K) NonClass: 16443K(16576K)->16443K(16576K) Class: 2660K(2752K)->2660K(2752K)
[686.040s][info][gc             ] GC(2446) Pause Young (Allocation Failure) 760M->652M(869M) 84.909ms
[686.040s][info][gc,cpu         ] GC(2446) User=0.16s Sys=0.00s Real=0.08s
[686.117s][info][gc,start       ] GC(2447) Pause Young (Allocation Failure)
[686.205s][info][gc,heap        ] GC(2447) PSYoungGen: 188928K(222720K)->45696K(222720K) Eden: 111616K(111616K)->0K(111616K) From: 77312K(111104K)->45696K(111104K)
[686.205s][info][gc,heap        ] GC(2447) ParOldGen: 590591K(667648K)->634751K(667648K)
[686.205s][info][gc,metaspace   ] GC(2447) Metaspace: 19103K(19328K)->19103K(19328K) NonClass: 16443K(16576K)->16443K(16576K) Class: 2660K(2752K)->2660K(2752K)
[686.205s][info][gc             ] GC(2447) Pause Young (Allocation Failure) 761M->664M(869M) 88.256ms
[686.205s][info][gc,cpu         ] GC(2447) User=0.17s Sys=0.00s Real=0.09s
[686.268s][info][gc,start       ] GC(2448) Pause Full (Allocation Failure)
[686.268s][info][gc,phases,start] GC(2448) Marking Phase
[686.538s][info][gc,phases      ] GC(2448) Marking Phase 270.020ms
[686.538s][info][gc,phases,start] GC(2448) Summary Phase
[686.538s][info][gc,phases      ] GC(2448) Summary Phase 0.027ms
[686.538s][info][gc,phases,start] GC(2448) Forward
[686.628s][info][gc,phases      ] GC(2448) Forward 89.958ms
[686.628s][info][gc,phases,start] GC(2448) Adjust Pointers
[686.846s][info][gc,phases      ] GC(2448) Adjust Pointers 218.261ms
[686.846s][info][gc,phases,start] GC(2448) Compaction Phase
[686.970s][info][gc,phases      ] GC(2448) Compaction Phase 123.222ms
[686.978s][info][gc,phases,start] GC(2448) Post Compact
[686.980s][info][gc,phases      ] GC(2448) Post Compact 2.267ms
[686.980s][info][gc,heap        ] GC(2448) PSYoungGen: 157312K(222720K)->0K(222720K) Eden: 111616K(111616K)->0K(111616K) From: 45696K(111104K)->0K(111104K)
[686.980s][info][gc,heap        ] GC(2448) ParOldGen: 634751K(667648K)->394369K(667648K)
[686.980s][info][gc,metaspace   ] GC(2448) Metaspace: 19103K(19328K)->19103K(19328K) NonClass: 16443K(16576K)->16443K(16576K) Class: 2660K(2752K)->2660K(2752K)
[686.980s][info][gc             ] GC(2448) Pause Full (Allocation Failure) 773M->385M(869M) 711.946ms
[686.980s][info][gc,cpu         ] GC(2448) User=1.36s Sys=0.00s Real=0.71s
[687.056s][info][gc,start       ] GC(2449) Pause Young (Allocation Failure)
[687.060s][info][gc,heap        ] GC(2449) PSYoungGen: 111616K(222720K)->1824K(222720K) Eden: 111616K(111616K)->0K(111616K) From: 0K(111104K)->1824K(111104K)
[687.060s][info][gc,heap        ] GC(2449) ParOldGen: 394369K(667648K)->394369K(667648K)
[687.060s][info][gc,metaspace   ] GC(2449) Metaspace: 19103K(19328K)->19103K(19328K) NonClass: 16443K(16576K)->16443K(16576K) Class: 2660K(2752K)->2660K(2752K)
[687.060s][info][gc             ] GC(2449) Pause Young (Allocation Failure) 494M->386M(869M) 4.024ms
[687.060s][info][gc,cpu         ] GC(2449) User=0.01s Sys=0.00s Real=0.00s
[687.135s][info][gc,start       ] GC(2450) Pause Young (Allocation Failure)
[687.143s][info][gc,heap        ] GC(2450) PSYoungGen: 113440K(222720K)->64K(222720K) Eden: 111616K(111616K)->0K(111616K) From: 1824K(111104K)->64K(111104K)
[687.143s][info][gc,heap        ] GC(2450) ParOldGen: 394369K(667648K)->396169K(667648K)
[687.144s][info][gc,metaspace   ] GC(2450) Metaspace: 19103K(19328K)->19103K(19328K) NonClass: 16443K(16576K)->16443K(16576K) Class: 2660K(2752K)->2660K(2752K)
[687.144s][info][gc             ] GC(2450) Pause Young (Allocation Failure) 495M->386M(869M) 8.078ms
[687.144s][info][gc,cpu         ] GC(2450) User=0.01s Sys=0.00s Real=0.01s
[687.224s][info][gc,start       ] GC(2451) Pause Young (Allocation Failure)
[687.240s][info][gc,heap        ] GC(2451) PSYoungGen: 111680K(222720K)->10912K(122880K) Eden: 111616K(111616K)->0K(111616K) From: 64K(111104K)->10912K(11264K)
[687.240s][info][gc,heap        ] GC(2451) ParOldGen: 396169K(667648K)->396201K(667648K)
[687.240s][info][gc,metaspace   ] GC(2451) Metaspace: 19103K(19328K)->19103K(19328K) NonClass: 16443K(16576K)->16443K(16576K) Class: 2660K(2752K)->2660K(2752K)
[687.240s][info][gc             ] GC(2451) Pause Young (Allocation Failure) 495M->397M(772M) 15.809ms
[687.240s][info][gc,cpu         ] GC(2451) User=0.03s Sys=0.00s Real=0.01s
[687.344s][info][gc,start       ] GC(2452) Pause Young (Allocation Failure)
[687.363s][info][gc,heap        ] GC(2452) PSYoungGen: 122528K(122880K)->192K(223232K) Eden: 111616K(111616K)->0K(114688K) From: 10912K(11264K)->192K(108544K)
[687.363s][info][gc,heap        ] GC(2452) ParOldGen: 396201K(667648K)->407101K(667648K)
[687.363s][info][gc,metaspace   ] GC(2452) Metaspace: 19103K(19328K)->19103K(19328K) NonClass: 16443K(16576K)->16443K(16576K) Class: 2660K(2752K)->2660K(2752K)
[687.363s][info][gc             ] GC(2452) Pause Young (Allocation Failure) 506M->397M(870M) 18.698ms
[687.363s][info][gc,cpu         ] GC(2452) User=0.04s Sys=0.00s Real=0.01s
[687.515s][info][gc,start       ] GC(2453) Pause Young (Allocation Failure)
[687.523s][info][gc,heap        ] GC(2453) PSYoungGen: 114880K(223232K)->3456K(220160K) Eden: 114688K(114688K)->0K(114688K) From: 192K(108544K)->3456K(105472K)
[687.523s][info][gc,heap        ] GC(2453) ParOldGen: 407101K(667648K)->407101K(667648K)
[687.523s][info][gc,metaspace   ] GC(2453) Metaspace: 19103K(19328K)->19103K(19328K) NonClass: 16443K(16576K)->16443K(16576K) Class: 2660K(2752K)->2660K(2752K)
[687.523s][info][gc             ] GC(2453) Pause Young (Allocation Failure) 509M->400M(867M) 7.807ms
[687.523s][info][gc,cpu         ] GC(2453) User=0.02s Sys=0.00s Real=0.00s
[687.658s][info][gc,start       ] GC(2454) Pause Young (Allocation Failure)
[687.664s][info][gc,heap        ] GC(2454) PSYoungGen: 118144K(220160K)->3584K(220160K) Eden: 114688K(114688K)->0K(123392K) From: 3456K(105472K)->3584K(96768K)
[687.664s][info][gc,heap        ] GC(2454) ParOldGen: 407101K(667648K)->407101K(667648K)
[687.665s][info][gc,metaspace   ] GC(2454) Metaspace: 19103K(19328K)->19103K(19328K) NonClass: 16443K(16576K)->16443K(16576K) Class: 2660K(2752K)->2660K(2752K)
[687.665s][info][gc             ] GC(2454) Pause Young (Allocation Failure) 512M->401M(867M) 6.497ms
[687.665s][info][gc,cpu         ] GC(2454) User=0.02s Sys=0.00s Real=0.01s
[687.850s][info][gc,start       ] GC(2455) Pause Young (Allocation Failure)
[687.871s][info][gc,heap        ] GC(2455) PSYoungGen: 126976K(220160K)->18784K(220672K) Eden: 123392K(123392K)->0K(123392K) From: 3584K(96768K)->18784K(97280K)
[687.871s][info][gc,heap        ] GC(2455) ParOldGen: 407101K(667648K)->407101K(667648K)
[687.871s][info][gc,metaspace   ] GC(2455) Metaspace: 19103K(19328K)->19103K(19328K) NonClass: 16443K(16576K)->16443K(16576K) Class: 2660K(2752K)->2660K(2752K)
[687.871s][info][gc             ] GC(2455) Pause Young (Allocation Failure) 521M->415M(867M) 21.595ms
[687.871s][info][gc,cpu         ] GC(2455) User=0.05s Sys=0.00s Real=0.02s
[688.263s][info][gc,start       ] GC(2456) Pause Young (Allocation Failure)
[688.287s][info][gc,heap        ] GC(2456) PSYoungGen: 142176K(220672K)->22384K(208384K) Eden: 123392K(123392K)->0K(131584K) From: 18784K(97280K)->22384K(76800K)
[688.287s][info][gc,heap        ] GC(2456) ParOldGen: 407101K(667648K)->407101K(667648K)
[688.287s][info][gc,metaspace   ] GC(2456) Metaspace: 19103K(19328K)->19103K(19328K) NonClass: 16443K(16576K)->16443K(16576K) Class: 2660K(2752K)->2660K(2752K)
[688.287s][info][gc             ] GC(2456) Pause Young (Allocation Failure) 536M->419M(855M) 24.743ms
[688.287s][info][gc,cpu         ] GC(2456) User=0.04s Sys=0.00s Real=0.03s
[688.421s][info][gc,start       ] GC(2457) Pause Young (Allocation Failure)
[688.463s][info][gc,heap        ] GC(2457) PSYoungGen: 153968K(208384K)->39792K(215552K) Eden: 131584K(131584K)->0K(131584K) From: 22384K(76800K)->39792K(83968K)
[688.463s][info][gc,heap        ] GC(2457) ParOldGen: 407101K(667648K)->407101K(667648K)
[688.463s][info][gc,metaspace   ] GC(2457) Metaspace: 19103K(19328K)->19103K(19328K) NonClass: 16443K(16576K)->16443K(16576K) Class: 2660K(2752K)->2660K(2752K)
[688.463s][info][gc             ] GC(2457) Pause Young (Allocation Failure) 547M->436M(862M) 42.338ms
[688.463s][info][gc,cpu         ] GC(2457) User=0.08s Sys=0.00s Real=0.04s
[688.617s][info][gc,start       ] GC(2458) Pause Young (Allocation Failure)
[688.682s][info][gc,heap        ] GC(2458) PSYoungGen: 171376K(215552K)->74048K(214016K) Eden: 131584K(131584K)->0K(129536K) From: 39792K(83968K)->74048K(84480K)
[688.682s][info][gc,heap        ] GC(2458) ParOldGen: 407101K(667648K)->407101K(667648K)
[688.682s][info][gc,metaspace   ] GC(2458) Metaspace: 19108K(19328K)->19108K(19328K) NonClass: 16448K(16576K)->16448K(16576K) Class: 2660K(2752K)->2660K(2752K)
[688.682s][info][gc             ] GC(2458) Pause Young (Allocation Failure) 564M->469M(861M) 64.919ms
[688.682s][info][gc,cpu         ] GC(2458) User=0.13s Sys=0.00s Real=0.06s
[688.832s][info][gc,start       ] GC(2459) Pause Young (Allocation Failure)
[688.917s][info][gc,heap        ] GC(2459) PSYoungGen: 203584K(214016K)->96760K(226304K) Eden: 129536K(129536K)->0K(129536K) From: 74048K(84480K)->96760K(96768K)
[688.917s][info][gc,heap        ] GC(2459) ParOldGen: 407101K(667648K)->416541K(667648K)
[688.917s][info][gc,metaspace   ] GC(2459) Metaspace: 19108K(19328K)->19108K(19328K) NonClass: 16448K(16576K)->16448K(16576K) Class: 2660K(2752K)->2660K(2752K)
[688.917s][info][gc             ] GC(2459) Pause Young (Allocation Failure) 596M->501M(873M) 84.358ms
[688.917s][info][gc,cpu         ] GC(2459) User=0.17s Sys=0.00s Real=0.09s
[689.131s][info][gc,start       ] GC(2460) Pause Young (Allocation Failure)
[689.218s][info][gc,heap        ] GC(2460) PSYoungGen: 226296K(226304K)->93504K(219136K) Eden: 129536K(129536K)->0K(111616K) From: 96760K(96768K)->93504K(107520K)
[689.218s][info][gc,heap        ] GC(2460) ParOldGen: 416541K(667648K)->419997K(667648K)
[689.218s][info][gc,metaspace   ] GC(2460) Metaspace: 19108K(19328K)->19108K(19328K) NonClass: 16448K(16576K)->16448K(16576K) Class: 2660K(2752K)->2660K(2752K)
[689.218s][info][gc             ] GC(2460) Pause Young (Allocation Failure) 627M->501M(866M) 86.586ms
[689.218s][info][gc,cpu         ] GC(2460) User=0.15s Sys=0.01s Real=0.09s
[689.389s][info][gc,start       ] GC(2461) Pause Young (Allocation Failure)
[689.462s][info][gc,heap        ] GC(2461) PSYoungGen: 205120K(219136K)->78640K(222720K) Eden: 111616K(111616K)->0K(111616K) From: 93504K(107520K)->78640K(111104K)
[689.463s][info][gc,heap        ] GC(2461) ParOldGen: 419997K(667648K)->435243K(667648K)
[689.463s][info][gc,metaspace   ] GC(2461) Metaspace: 19111K(19328K)->19111K(19328K) NonClass: 16451K(16576K)->16451K(16576K) Class: 2660K(2752K)->2660K(2752K)
[689.463s][info][gc             ] GC(2461) Pause Young (Allocation Failure) 610M->501M(869M) 73.447ms
[689.463s][info][gc,cpu         ] GC(2461) User=0.14s Sys=0.01s Real=0.07s
[689.602s][info][gc,start       ] GC(2462) Pause Young (Allocation Failure)
[689.662s][info][gc,heap        ] GC(2462) PSYoungGen: 190256K(222720K)->57824K(222720K) Eden: 111616K(111616K)->0K(111616K) From: 78640K(111104K)->57824K(111104K)
[689.662s][info][gc,heap        ] GC(2462) ParOldGen: 435243K(667648K)->456404K(667648K)
[689.662s][info][gc,metaspace   ] GC(2462) Metaspace: 19111K(19328K)->19111K(19328K) NonClass: 16451K(16576K)->16451K(16576K) Class: 2660K(2752K)->2660K(2752K)
[689.662s][info][gc             ] GC(2462) Pause Young (Allocation Failure) 610M->502M(869M) 60.211ms
[689.662s][info][gc,cpu         ] GC(2462) User=0.12s Sys=0.00s Real=0.06s
[689.813s][info][gc,start       ] GC(2463) Pause Young (Allocation Failure)
[689.858s][info][gc,heap        ] GC(2463) PSYoungGen: 169440K(222720K)->1545K(222720K) Eden: 111616K(111616K)->0K(111616K) From: 57824K(111104K)->1545K(111104K)
[689.858s][info][gc,heap        ] GC(2463) ParOldGen: 456404K(667648K)->513911K(667648K)
[689.858s][info][gc,metaspace   ] GC(2463) Metaspace: 19111K(19328K)->19111K(19328K) NonClass: 16451K(16576K)->16451K(16576K) Class: 2660K(2752K)->2660K(2752K)
[689.858s][info][gc             ] GC(2463) Pause Young (Allocation Failure) 611M->503M(869M) 45.029ms
[689.858s][info][gc,cpu         ] GC(2463) User=0.09s Sys=0.00s Real=0.05s
[689.957s][info][gc,start       ] GC(2464) Pause Young (Allocation Failure)
[689.964s][info][gc,heap        ] GC(2464) PSYoungGen: 113161K(222720K)->2217K(222720K) Eden: 111616K(111616K)->0K(111616K) From: 1545K(111104K)->2217K(111104K)
[689.964s][info][gc,heap        ] GC(2464) ParOldGen: 513911K(667648K)->514423K(667648K)
[689.964s][info][gc,metaspace   ] GC(2464) Metaspace: 19111K(19328K)->19111K(19328K) NonClass: 16451K(16576K)->16451K(16576K) Class: 2660K(2752K)->2660K(2752K)
[689.964s][info][gc             ] GC(2464) Pause Young (Allocation Failure) 612M->504M(869M) 7.150ms
[689.964s][info][gc,cpu         ] GC(2464) User=0.02s Sys=0.00s Real=0.01s
[690.072s][info][gc,start       ] GC(2465) Pause Young (Allocation Failure)
[690.082s][info][gc,heap        ] GC(2465) PSYoungGen: 113833K(222720K)->2368K(222720K) Eden: 111616K(111616K)->0K(111616K) From: 2217K(111104K)->2368K(111104K)
[690.082s][info][gc,heap        ] GC(2465) ParOldGen: 514423K(667648K)->515440K(667648K)
[690.082s][info][gc,metaspace   ] GC(2465) Metaspace: 19111K(19328K)->19111K(19328K) NonClass: 16451K(16576K)->16451K(16576K) Class: 2660K(2752K)->2660K(2752K)
[690.082s][info][gc             ] GC(2465) Pause Young (Allocation Failure) 613M->505M(869M) 9.769ms
[690.082s][info][gc,cpu         ] GC(2465) User=0.02s Sys=0.00s Real=0.01s
[690.327s][info][gc,start       ] GC(2466) Pause Young (Allocation Failure)
[690.357s][info][gc,heap        ] GC(2466) PSYoungGen: 113984K(222720K)->14689K(222720K) Eden: 111616K(111616K)->0K(111616K) From: 2368K(111104K)->14689K(111104K)
[690.357s][info][gc,heap        ] GC(2466) ParOldGen: 515440K(667648K)->517796K(667648K)
[690.357s][info][gc,metaspace   ] GC(2466) Metaspace: 19111K(19328K)->19111K(19328K) NonClass: 16451K(16576K)->16451K(16576K) Class: 2660K(2752K)->2660K(2752K)
[690.357s][info][gc             ] GC(2466) Pause Young (Allocation Failure) 614M->520M(869M) 30.793ms
[690.357s][info][gc,cpu         ] GC(2466) User=0.06s Sys=0.00s Real=0.03s
[690.504s][info][gc,start       ] GC(2467) Pause Young (Allocation Failure)
[690.543s][info][gc,heap        ] GC(2467) PSYoungGen: 126305K(222720K)->13856K(222720K) Eden: 111616K(111616K)->0K(111616K) From: 14689K(111104K)->13856K(111104K)
[690.543s][info][gc,heap        ] GC(2467) ParOldGen: 517796K(667648K)->532372K(667648K)
[690.543s][info][gc,metaspace   ] GC(2467) Metaspace: 19111K(19328K)->19111K(19328K) NonClass: 16451K(16576K)->16451K(16576K) Class: 2660K(2752K)->2660K(2752K)
[690.543s][info][gc             ] GC(2467) Pause Young (Allocation Failure) 629M->533M(869M) 39.150ms
[690.543s][info][gc,cpu         ] GC(2467) User=0.08s Sys=0.00s Real=0.04s
[690.680s][info][gc,start       ] GC(2468) Pause Young (Allocation Failure)
[690.713s][info][gc,heap        ] GC(2468) PSYoungGen: 125472K(222720K)->18112K(217600K) Eden: 111616K(111616K)->0K(111616K) From: 13856K(111104K)->18112K(105984K)
[690.713s][info][gc,heap        ] GC(2468) ParOldGen: 532372K(667648K)->546228K(667648K)
[690.713s][info][gc,metaspace   ] GC(2468) Metaspace: 19111K(19328K)->19111K(19328K) NonClass: 16451K(16576K)->16451K(16576K) Class: 2660K(2752K)->2660K(2752K)
[690.713s][info][gc             ] GC(2468) Pause Young (Allocation Failure) 642M->551M(864M) 33.365ms
[690.713s][info][gc,cpu         ] GC(2468) User=0.06s Sys=0.00s Real=0.04s
[690.802s][info][gc,start       ] GC(2469) Pause Young (Allocation Failure)
[690.826s][info][gc,heap        ] GC(2469) PSYoungGen: 129728K(217600K)->21856K(220160K) Eden: 111616K(111616K)->0K(111616K) From: 18112K(105984K)->21856K(108544K)
[690.826s][info][gc,heap        ] GC(2469) ParOldGen: 546228K(667648K)->546228K(667648K)
[690.826s][info][gc,metaspace   ] GC(2469) Metaspace: 19111K(19328K)->19111K(19328K) NonClass: 16451K(16576K)->16451K(16576K) Class: 2660K(2752K)->2660K(2752K)
[690.826s][info][gc             ] GC(2469) Pause Young (Allocation Failure) 660M->554M(867M) 23.535ms
[690.826s][info][gc,cpu         ] GC(2469) User=0.05s Sys=0.00s Real=0.03s
[690.944s][info][gc,start       ] GC(2470) Pause Young (Allocation Failure)
[690.970s][info][gc,heap        ] GC(2470) PSYoungGen: 133472K(220160K)->23968K(214016K) Eden: 111616K(111616K)->0K(121856K) From: 21856K(108544K)->23968K(92160K)
[690.970s][info][gc,heap        ] GC(2470) ParOldGen: 546228K(667648K)->546228K(667648K)
[690.970s][info][gc,metaspace   ] GC(2470) Metaspace: 19111K(19328K)->19111K(19328K) NonClass: 16451K(16576K)->16451K(16576K) Class: 2660K(2752K)->2660K(2752K)
[690.970s][info][gc             ] GC(2470) Pause Young (Allocation Failure) 663M->556M(861M) 26.695ms
[690.970s][info][gc,cpu         ] GC(2470) User=0.05s Sys=0.00s Real=0.02s
[691.128s][info][gc,start       ] GC(2471) Pause Young (Allocation Failure)
[691.156s][info][gc,heap        ] GC(2471) PSYoungGen: 145824K(214016K)->26656K(217600K) Eden: 121856K(121856K)->0K(121856K) From: 23968K(92160K)->26656K(95744K)
[691.156s][info][gc,heap        ] GC(2471) ParOldGen: 546228K(667648K)->546228K(667648K)
[691.156s][info][gc,metaspace   ] GC(2471) Metaspace: 19111K(19328K)->19111K(19328K) NonClass: 16451K(16576K)->16451K(16576K) Class: 2660K(2752K)->2660K(2752K)
[691.156s][info][gc             ] GC(2471) Pause Young (Allocation Failure) 675M->559M(864M) 28.454ms
[691.156s][info][gc,cpu         ] GC(2471) User=0.06s Sys=0.00s Real=0.03s
[691.252s][info][gc,start       ] GC(2472) Pause Young (Allocation Failure)
[691.286s][info][gc,heap        ] GC(2472) PSYoungGen: 148512K(217600K)->26656K(211456K) Eden: 121856K(121856K)->0K(133120K) From: 26656K(95744K)->26656K(78336K)
[691.286s][info][gc,heap        ] GC(2472) ParOldGen: 546228K(667648K)->546228K(667648K)
[691.286s][info][gc,metaspace   ] GC(2472) Metaspace: 19111K(19328K)->19111K(19328K) NonClass: 16451K(16576K)->16451K(16576K) Class: 2660K(2752K)->2660K(2752K)
[691.286s][info][gc             ] GC(2472) Pause Young (Allocation Failure) 678M->559M(858M) 33.879ms
[691.286s][info][gc,cpu         ] GC(2472) User=0.06s Sys=0.00s Real=0.04s
[691.425s][info][gc,start       ] GC(2473) Pause Young (Allocation Failure)
[691.457s][info][gc,heap        ] GC(2473) PSYoungGen: 159776K(211456K)->31264K(216576K) Eden: 133120K(133120K)->0K(133120K) From: 26656K(78336K)->31264K(83456K)
[691.457s][info][gc,heap        ] GC(2473) ParOldGen: 546228K(667648K)->546228K(667648K)
[691.457s][info][gc,metaspace   ] GC(2473) Metaspace: 19111K(19328K)->19111K(19328K) NonClass: 16451K(16576K)->16451K(16576K) Class: 2660K(2752K)->2660K(2752K)
[691.457s][info][gc             ] GC(2473) Pause Young (Allocation Failure) 689M->563M(863M) 32.525ms
[691.457s][info][gc,cpu         ] GC(2473) User=0.07s Sys=0.00s Real=0.03s
[691.647s][info][gc,start       ] GC(2474) Pause Young (Allocation Failure)
[691.682s][info][gc,heap        ] GC(2474) PSYoungGen: 164384K(216576K)->34160K(219136K) Eden: 133120K(133120K)->0K(145408K) From: 31264K(83456K)->34160K(73728K)
[691.682s][info][gc,heap        ] GC(2474) ParOldGen: 546228K(667648K)->546228K(667648K)
[691.682s][info][gc,metaspace   ] GC(2474) Metaspace: 19111K(19328K)->19111K(19328K) NonClass: 16451K(16576K)->16451K(16576K) Class: 2660K(2752K)->2660K(2752K)
[691.682s][info][gc             ] GC(2474) Pause Young (Allocation Failure) 693M->566M(866M) 35.503ms
[691.682s][info][gc,cpu         ] GC(2474) User=0.07s Sys=0.00s Real=0.03s
[691.912s][info][gc,start       ] GC(2475) Pause Young (Allocation Failure)
[691.968s][info][gc,heap        ] GC(2475) PSYoungGen: 179568K(219136K)->55456K(221696K) Eden: 145408K(145408K)->0K(145408K) From: 34160K(73728K)->55456K(76288K)
[691.968s][info][gc,heap        ] GC(2475) ParOldGen: 546228K(667648K)->546228K(667648K)
[691.968s][info][gc,metaspace   ] GC(2475) Metaspace: 19111K(19328K)->19111K(19328K) NonClass: 16451K(16576K)->16451K(16576K) Class: 2660K(2752K)->2660K(2752K)
[691.968s][info][gc             ] GC(2475) Pause Young (Allocation Failure) 708M->587M(868M) 56.411ms
[691.968s][info][gc,cpu         ] GC(2475) User=0.11s Sys=0.00s Real=0.06s
[692.216s][info][gc,start       ] GC(2476) Pause Young (Allocation Failure)
[692.272s][info][gc,heap        ] GC(2476) PSYoungGen: 200864K(221696K)->55552K(236544K) Eden: 145408K(145408K)->0K(155136K) From: 55456K(76288K)->55552K(81408K)
[692.272s][info][gc,heap        ] GC(2476) ParOldGen: 546228K(667648K)->546228K(667648K)
[692.272s][info][gc,metaspace   ] GC(2476) Metaspace: 19111K(19328K)->19111K(19328K) NonClass: 16451K(16576K)->16451K(16576K) Class: 2660K(2752K)->2660K(2752K)
[692.272s][info][gc             ] GC(2476) Pause Young (Allocation Failure) 729M->587M(883M) 56.211ms
[692.272s][info][gc,cpu         ] GC(2476) User=0.11s Sys=0.00s Real=0.05s
[692.463s][info][gc,start       ] GC(2477) Pause Young (Allocation Failure)
[692.519s][info][gc,heap        ] GC(2477) PSYoungGen: 210688K(236544K)->55608K(240128K) Eden: 155136K(155136K)->0K(155136K) From: 55552K(81408K)->55608K(84992K)
[692.519s][info][gc,heap        ] GC(2477) ParOldGen: 546228K(667648K)->546228K(667648K)
[692.519s][info][gc,metaspace   ] GC(2477) Metaspace: 19111K(19328K)->19111K(19328K) NonClass: 16451K(16576K)->16451K(16576K) Class: 2660K(2752K)->2660K(2752K)
[692.519s][info][gc             ] GC(2477) Pause Young (Allocation Failure) 739M->587M(886M) 55.857ms
[692.519s][info][gc,cpu         ] GC(2477) User=0.11s Sys=0.00s Real=0.06s
[694.059s][info][gc,start       ] GC(2478) Pause Young (Allocation Failure)
[694.115s][info][gc,heap        ] GC(2478) PSYoungGen: 210744K(240128K)->56061K(241664K) Eden: 155136K(155136K)->0K(153600K) From: 55608K(84992K)->56061K(88064K)
[694.115s][info][gc,heap        ] GC(2478) ParOldGen: 546228K(667648K)->546228K(667648K)
[694.115s][info][gc,metaspace   ] GC(2478) Metaspace: 19112K(19328K)->19112K(19328K) NonClass: 16452K(16576K)->16452K(16576K) Class: 2660K(2752K)->2660K(2752K)
[694.115s][info][gc             ] GC(2478) Pause Young (Allocation Failure) 739M->588M(888M) 56.080ms
[694.115s][info][gc,cpu         ] GC(2478) User=0.11s Sys=0.00s Real=0.06s
[694.746s][info][gc,start       ] GC(2479) Pause Young (Allocation Failure)
[694.802s][info][gc,heap        ] GC(2479) PSYoungGen: 209661K(241664K)->57309K(210944K) Eden: 153600K(153600K)->0K(153600K) From: 56061K(88064K)->57309K(57344K)
[694.802s][info][gc,heap        ] GC(2479) ParOldGen: 546228K(667648K)->546228K(667648K)
[694.802s][info][gc,metaspace   ] GC(2479) Metaspace: 19112K(19328K)->19112K(19328K) NonClass: 16452K(16576K)->16452K(16576K) Class: 2660K(2752K)->2660K(2752K)
[694.802s][info][gc             ] GC(2479) Pause Young (Allocation Failure) 738M->589M(858M) 55.577ms
[694.802s][info][gc,cpu         ] GC(2479) User=0.11s Sys=0.00s Real=0.05s
[695.461s][info][gc,start       ] GC(2480) Pause Young (Allocation Failure)
[695.519s][info][gc,heap        ] GC(2480) PSYoungGen: 210909K(210944K)->58375K(238592K) Eden: 153600K(153600K)->0K(146432K) From: 57309K(57344K)->58375K(92160K)
[695.519s][info][gc,heap        ] GC(2480) ParOldGen: 546228K(667648K)->546228K(667648K)
[695.519s][info][gc,metaspace   ] GC(2480) Metaspace: 19119K(19328K)->19119K(19328K) NonClass: 16459K(16576K)->16459K(16576K) Class: 2660K(2752K)->2660K(2752K)
[695.519s][info][gc             ] GC(2480) Pause Young (Allocation Failure) 739M->590M(885M) 57.883ms
[695.519s][info][gc,cpu         ] GC(2480) User=0.11s Sys=0.00s Real=0.06s
[695.859s][info][gc,start       ] GC(2481) Pause Young (Allocation Failure)
[695.918s][info][gc,heap        ] GC(2481) PSYoungGen: 204807K(238592K)->57981K(204800K) Eden: 146432K(146432K)->0K(146432K) From: 58375K(92160K)->57981K(58368K)
[695.918s][info][gc,heap        ] GC(2481) ParOldGen: 546228K(667648K)->546228K(667648K)
[695.918s][info][gc,metaspace   ] GC(2481) Metaspace: 19119K(19328K)->19119K(19328K) NonClass: 16459K(16576K)->16459K(16576K) Class: 2660K(2752K)->2660K(2752K)
[695.918s][info][gc             ] GC(2481) Pause Young (Allocation Failure) 733M->590M(852M) 59.009ms
[695.918s][info][gc,cpu         ] GC(2481) User=0.11s Sys=0.00s Real=0.06s
[696.183s][info][gc,start       ] GC(2482) Pause Young (Allocation Failure)
[696.258s][info][gc,heap        ] GC(2482) PSYoungGen: 204413K(204800K)->75005K(225792K) Eden: 146432K(146432K)->0K(131072K) From: 57981K(58368K)->75005K(94720K)
[696.258s][info][gc,heap        ] GC(2482) ParOldGen: 546228K(667648K)->546228K(667648K)
[696.258s][info][gc,metaspace   ] GC(2482) Metaspace: 19121K(19328K)->19121K(19328K) NonClass: 16461K(16576K)->16461K(16576K) Class: 2660K(2752K)->2660K(2752K)
[696.258s][info][gc             ] GC(2482) Pause Young (Allocation Failure) 733M->606M(872M) 74.987ms
[696.258s][info][gc,cpu         ] GC(2482) User=0.14s Sys=0.01s Real=0.08s
[696.360s][info][gc,start       ] GC(2483) Pause Young (Allocation Failure)
[696.474s][info][gc,heap        ] GC(2483) PSYoungGen: 206077K(225792K)->101348K(232448K) Eden: 131072K(131072K)->0K(131072K) From: 75005K(94720K)->101348K(101376K)
[696.474s][info][gc,heap        ] GC(2483) ParOldGen: 546228K(667648K)->572532K(667648K)
[696.474s][info][gc,metaspace   ] GC(2483) Metaspace: 19128K(19328K)->19128K(19328K) NonClass: 16468K(16576K)->16468K(16576K) Class: 2660K(2752K)->2660K(2752K)
[696.474s][info][gc             ] GC(2483) Pause Young (Allocation Failure) 734M->658M(879M) 113.332ms
[696.474s][info][gc,cpu         ] GC(2483) User=0.23s Sys=0.00s Real=0.12s
[696.550s][info][gc,start       ] GC(2484) Pause Young (Allocation Failure)
[696.677s][info][gc,heap        ] GC(2484) PSYoungGen: 232420K(232448K)->101348K(212992K) Eden: 131072K(131072K)->0K(111616K) From: 101348K(101376K)->101348K(101376K)
[696.677s][info][gc,heap        ] GC(2484) ParOldGen: 572532K(667648K)->614208K(667648K)
[696.677s][info][gc,metaspace   ] GC(2484) Metaspace: 19128K(19328K)->19128K(19328K) NonClass: 16468K(16576K)->16468K(16576K) Class: 2660K(2752K)->2660K(2752K)
[696.677s][info][gc             ] GC(2484) Pause Young (Allocation Failure) 786M->698M(860M) 127.021ms
[696.677s][info][gc,cpu         ] GC(2484) User=0.24s Sys=0.01s Real=0.13s
[696.812s][info][gc,start       ] GC(2485) Pause Young (Allocation Failure)
[696.933s][info][gc,heap        ] GC(2485) PSYoungGen: 212964K(212992K)->111076K(222720K) Eden: 111616K(111616K)->0K(111616K) From: 101348K(101376K)->111076K(111104K)
[696.933s][info][gc,heap        ] GC(2485) ParOldGen: 614208K(667648K)->643944K(667648K)
[696.933s][info][gc,metaspace   ] GC(2485) Metaspace: 19128K(19328K)->19128K(19328K) NonClass: 16468K(16576K)->16468K(16576K) Class: 2660K(2752K)->2660K(2752K)
[696.933s][info][gc             ] GC(2485) Pause Young (Allocation Failure) 807M->737M(869M) 120.545ms
[696.933s][info][gc,cpu         ] GC(2485) User=0.24s Sys=0.00s Real=0.12s
[697.101s][info][gc,start       ] GC(2486) Pause Full (Allocation Failure)
[697.101s][info][gc,phases,start] GC(2486) Marking Phase
[697.233s][info][gc,phases      ] GC(2486) Marking Phase 132.079ms
[697.233s][info][gc,phases,start] GC(2486) Summary Phase
[697.233s][info][gc,phases      ] GC(2486) Summary Phase 0.028ms
[697.233s][info][gc,phases,start] GC(2486) Forward
[697.285s][info][gc,phases      ] GC(2486) Forward 51.475ms
[697.285s][info][gc,phases,start] GC(2486) Adjust Pointers
[697.378s][info][gc,phases      ] GC(2486) Adjust Pointers 93.034ms
[697.378s][info][gc,phases,start] GC(2486) Compaction Phase
[697.433s][info][gc,phases      ] GC(2486) Compaction Phase 54.930ms
[697.435s][info][gc,phases,start] GC(2486) Post Compact
[697.438s][info][gc,phases      ] GC(2486) Post Compact 2.509ms
[697.448s][info][gc,heap        ] GC(2486) PSYoungGen: 222692K(222720K)->0K(222720K) Eden: 111616K(111616K)->0K(111616K) From: 111076K(111104K)->0K(111104K)
[697.448s][info][gc,heap        ] GC(2486) ParOldGen: 643944K(667648K)->217385K(530944K)
[697.448s][info][gc,metaspace   ] GC(2486) Metaspace: 19128K(19328K)->19128K(19328K) NonClass: 16468K(16576K)->16468K(16576K) Class: 2660K(2752K)->2660K(2752K)
[697.448s][info][gc             ] GC(2486) Pause Full (Allocation Failure) 846M->212M(736M) 347.299ms
[697.448s][info][gc,cpu         ] GC(2486) User=0.61s Sys=0.01s Real=0.35s
[697.560s][info][gc,start       ] GC(2487) Pause Young (Allocation Failure)
[697.589s][info][gc,heap        ] GC(2487) PSYoungGen: 111616K(222720K)->19570K(222720K) Eden: 111616K(111616K)->0K(111616K) From: 0K(111104K)->19570K(111104K)
[697.589s][info][gc,heap        ] GC(2487) ParOldGen: 217385K(530944K)->217385K(530944K)
[697.589s][info][gc,metaspace   ] GC(2487) Metaspace: 19130K(19328K)->19130K(19328K) NonClass: 16470K(16576K)->16470K(16576K) Class: 2660K(2752K)->2660K(2752K)
[697.589s][info][gc             ] GC(2487) Pause Young (Allocation Failure) 321M->231M(736M) 28.663ms
[697.589s][info][gc,cpu         ] GC(2487) User=0.06s Sys=0.00s Real=0.03s
[697.682s][info][gc,start       ] GC(2488) Pause Young (Allocation Failure)
[697.730s][info][gc,heap        ] GC(2488) PSYoungGen: 131186K(222720K)->34747K(222720K) Eden: 111616K(111616K)->0K(111616K) From: 19570K(111104K)->34747K(111104K)
[697.730s][info][gc,heap        ] GC(2488) ParOldGen: 217385K(530944K)->217385K(530944K)
[697.730s][info][gc,metaspace   ] GC(2488) Metaspace: 19130K(19328K)->19130K(19328K) NonClass: 16470K(16576K)->16470K(16576K) Class: 2660K(2752K)->2660K(2752K)
[697.730s][info][gc             ] GC(2488) Pause Young (Allocation Failure) 340M->246M(736M) 47.807ms
[697.730s][info][gc,cpu         ] GC(2488) User=0.09s Sys=0.00s Real=0.05s
[697.872s][info][gc,start       ] GC(2489) Pause Young (Allocation Failure)
[697.920s][info][gc,heap        ] GC(2489) PSYoungGen: 146363K(222720K)->37906K(222720K) Eden: 111616K(111616K)->0K(111616K) From: 34747K(111104K)->37906K(111104K)
[697.920s][info][gc,heap        ] GC(2489) ParOldGen: 217385K(530944K)->217385K(530944K)
[697.920s][info][gc,metaspace   ] GC(2489) Metaspace: 19130K(19328K)->19130K(19328K) NonClass: 16470K(16576K)->16470K(16576K) Class: 2660K(2752K)->2660K(2752K)
[697.920s][info][gc             ] GC(2489) Pause Young (Allocation Failure) 355M->249M(736M) 47.443ms
[697.920s][info][gc,cpu         ] GC(2489) User=0.09s Sys=0.00s Real=0.05s
[698.017s][info][gc,start       ] GC(2490) Pause Young (Allocation Failure)
[698.072s][info][gc,heap        ] GC(2490) PSYoungGen: 149522K(222720K)->45938K(222720K) Eden: 111616K(111616K)->0K(111616K) From: 37906K(111104K)->45938K(111104K)
[698.072s][info][gc,heap        ] GC(2490) ParOldGen: 217385K(530944K)->217385K(530944K)
[698.072s][info][gc,metaspace   ] GC(2490) Metaspace: 19130K(19328K)->19130K(19328K) NonClass: 16470K(16576K)->16470K(16576K) Class: 2660K(2752K)->2660K(2752K)
[698.072s][info][gc             ] GC(2490) Pause Young (Allocation Failure) 358M->257M(736M) 55.638ms
[698.072s][info][gc,cpu         ] GC(2490) User=0.11s Sys=0.00s Real=0.05s
[698.172s][info][gc,start       ] GC(2491) Pause Young (Allocation Failure)
[698.226s][info][gc,heap        ] GC(2491) PSYoungGen: 157554K(222720K)->46034K(222720K) Eden: 111616K(111616K)->0K(111616K) From: 45938K(111104K)->46034K(111104K)
[698.226s][info][gc,heap        ] GC(2491) ParOldGen: 217385K(530944K)->217385K(530944K)
[698.226s][info][gc,metaspace   ] GC(2491) Metaspace: 19130K(19328K)->19130K(19328K) NonClass: 16470K(16576K)->16470K(16576K) Class: 2660K(2752K)->2660K(2752K)
[698.226s][info][gc             ] GC(2491) Pause Young (Allocation Failure) 366M->257M(736M) 54.366ms
[698.226s][info][gc,cpu         ] GC(2491) User=0.11s Sys=0.00s Real=0.06s
[698.307s][info][gc,start       ] GC(2492) Pause Young (Allocation Failure)
[698.376s][info][gc,heap        ] GC(2492) PSYoungGen: 157650K(222720K)->62011K(222720K) Eden: 111616K(111616K)->0K(111616K) From: 46034K(111104K)->62011K(111104K)
[698.376s][info][gc,heap        ] GC(2492) ParOldGen: 217385K(530944K)->217385K(530944K)
[698.376s][info][gc,metaspace   ] GC(2492) Metaspace: 19130K(19328K)->19130K(19328K) NonClass: 16470K(16576K)->16470K(16576K) Class: 2660K(2752K)->2660K(2752K)
[698.376s][info][gc             ] GC(2492) Pause Young (Allocation Failure) 366M->272M(736M) 68.922ms
[698.376s][info][gc,cpu         ] GC(2492) User=0.14s Sys=0.00s Real=0.07s
[698.451s][info][gc,start       ] GC(2493) Pause Young (Allocation Failure)
[698.539s][info][gc,heap        ] GC(2493) PSYoungGen: 173627K(222720K)->67632K(222720K) Eden: 111616K(111616K)->0K(111616K) From: 62011K(111104K)->67632K(111104K)
[698.539s][info][gc,heap        ] GC(2493) ParOldGen: 217385K(530944K)->236966K(530944K)
[698.539s][info][gc,metaspace   ] GC(2493) Metaspace: 19130K(19328K)->19130K(19328K) NonClass: 16470K(16576K)->16470K(16576K) Class: 2660K(2752K)->2660K(2752K)
[698.539s][info][gc             ] GC(2493) Pause Young (Allocation Failure) 381M->297M(736M) 88.528ms
[698.539s][info][gc,cpu         ] GC(2493) User=0.18s Sys=0.00s Real=0.09s
[698.610s][info][gc,start       ] GC(2494) Pause Young (Allocation Failure)
[698.683s][info][gc,heap        ] GC(2494) PSYoungGen: 179248K(222720K)->67040K(222720K) Eden: 111616K(111616K)->0K(111616K) From: 67632K(111104K)->67040K(111104K)
[698.683s][info][gc,heap        ] GC(2494) ParOldGen: 236966K(530944K)->255350K(530944K)
[698.683s][info][gc,metaspace   ] GC(2494) Metaspace: 19130K(19328K)->19130K(19328K) NonClass: 16470K(16576K)->16470K(16576K) Class: 2660K(2752K)->2660K(2752K)
[698.684s][info][gc             ] GC(2494) Pause Young (Allocation Failure) 406M->314M(736M) 73.103ms
[698.684s][info][gc,cpu         ] GC(2494) User=0.14s Sys=0.00s Real=0.08s
[698.794s][info][gc,start       ] GC(2495) Pause Young (Allocation Failure)
[698.865s][info][gc,heap        ] GC(2495) PSYoungGen: 178656K(222720K)->71251K(222720K) Eden: 111616K(111616K)->0K(111616K) From: 67040K(111104K)->71251K(111104K)
[698.865s][info][gc,heap        ] GC(2495) ParOldGen: 255350K(530944K)->263475K(530944K)
[698.865s][info][gc,metaspace   ] GC(2495) Metaspace: 19130K(19328K)->19130K(19328K) NonClass: 16470K(16576K)->16470K(16576K) Class: 2660K(2752K)->2660K(2752K)
[698.865s][info][gc             ] GC(2495) Pause Young (Allocation Failure) 423M->326M(736M) 70.745ms
[698.865s][info][gc,cpu         ] GC(2495) User=0.14s Sys=0.00s Real=0.07s
[698.952s][info][gc,start       ] GC(2496) Pause Young (Allocation Failure)
[699.021s][info][gc,heap        ] GC(2496) PSYoungGen: 182867K(222720K)->35235K(222720K) Eden: 111616K(111616K)->0K(111616K) From: 71251K(111104K)->35235K(111104K)
[699.021s][info][gc,heap        ] GC(2496) ParOldGen: 263475K(530944K)->304842K(530944K)
[699.021s][info][gc,metaspace   ] GC(2496) Metaspace: 19130K(19328K)->19130K(19328K) NonClass: 16470K(16576K)->16470K(16576K) Class: 2660K(2752K)->2660K(2752K)
[699.021s][info][gc             ] GC(2496) Pause Young (Allocation Failure) 435M->332M(736M) 69.110ms
[699.021s][info][gc,cpu         ] GC(2496) User=0.13s Sys=0.00s Real=0.07s
[699.082s][info][gc,start       ] GC(2497) Pause Young (Allocation Failure)
[699.122s][info][gc,heap        ] GC(2497) PSYoungGen: 146851K(222720K)->8384K(222720K) Eden: 111616K(111616K)->0K(111616K) From: 35235K(111104K)->8384K(111104K)
[699.122s][info][gc,heap        ] GC(2497) ParOldGen: 304842K(530944K)->335088K(530944K)
[699.122s][info][gc,metaspace   ] GC(2497) Metaspace: 19130K(19328K)->19130K(19328K) NonClass: 16470K(16576K)->16470K(16576K) Class: 2660K(2752K)->2660K(2752K)
[699.122s][info][gc             ] GC(2497) Pause Young (Allocation Failure) 441M->335M(736M) 39.721ms
[699.122s][info][gc,cpu         ] GC(2497) User=0.07s Sys=0.00s Real=0.04s
[699.252s][info][gc,start       ] GC(2498) Pause Young (Allocation Failure)
[699.264s][info][gc,heap        ] GC(2498) PSYoungGen: 120000K(222720K)->1792K(222720K) Eden: 111616K(111616K)->0K(111616K) From: 8384K(111104K)->1792K(111104K)
[699.264s][info][gc,heap        ] GC(2498) ParOldGen: 335088K(530944K)->343480K(530944K)
[699.264s][info][gc,metaspace   ] GC(2498) Metaspace: 19130K(19328K)->19130K(19328K) NonClass: 16470K(16576K)->16470K(16576K) Class: 2660K(2752K)->2660K(2752K)
[699.264s][info][gc             ] GC(2498) Pause Young (Allocation Failure) 444M->337M(736M) 12.244ms
[699.264s][info][gc,cpu         ] GC(2498) User=0.03s Sys=0.00s Real=0.02s
[699.636s][info][gc,start       ] GC(2499) Pause Young (Allocation Failure)
[699.641s][info][gc,heap        ] GC(2499) PSYoungGen: 113408K(222720K)->320K(222720K) Eden: 111616K(111616K)->0K(111616K) From: 1792K(111104K)->320K(111104K)
[699.641s][info][gc,heap        ] GC(2499) ParOldGen: 343480K(530944K)->345240K(530944K)
[699.641s][info][gc,metaspace   ] GC(2499) Metaspace: 19130K(19328K)->19130K(19328K) NonClass: 16470K(16576K)->16470K(16576K) Class: 2660K(2752K)->2660K(2752K)
[699.641s][info][gc             ] GC(2499) Pause Young (Allocation Failure) 446M->337M(736M) 4.484ms
[699.641s][info][gc,cpu         ] GC(2499) User=0.01s Sys=0.00s Real=0.00s
[699.839s][info][gc,start       ] GC(2500) Pause Young (Allocation Failure)
[699.867s][info][gc,heap        ] GC(2500) PSYoungGen: 111936K(222720K)->24736K(222720K) Eden: 111616K(111616K)->0K(111616K) From: 320K(111104K)->24736K(111104K)
[699.867s][info][gc,heap        ] GC(2500) ParOldGen: 345240K(530944K)->345509K(530944K)
[699.867s][info][gc,metaspace   ] GC(2500) Metaspace: 19130K(19328K)->19130K(19328K) NonClass: 16470K(16576K)->16470K(16576K) Class: 2660K(2752K)->2660K(2752K)
[699.867s][info][gc             ] GC(2500) Pause Young (Allocation Failure) 446M->361M(736M) 27.915ms
[699.867s][info][gc,cpu         ] GC(2500) User=0.05s Sys=0.00s Real=0.03s
[699.984s][info][gc,start       ] GC(2501) Pause Young (Allocation Failure)
[700.040s][info][gc,heap        ] GC(2501) PSYoungGen: 136352K(222720K)->38576K(222720K) Eden: 111616K(111616K)->0K(111616K) From: 24736K(111104K)->38576K(111104K)
[700.040s][info][gc,heap        ] GC(2501) ParOldGen: 345509K(530944K)->370284K(530944K)
[700.040s][info][gc,metaspace   ] GC(2501) Metaspace: 19130K(19328K)->19130K(19328K) NonClass: 16470K(16576K)->16470K(16576K) Class: 2660K(2752K)->2660K(2752K)
[700.040s][info][gc             ] GC(2501) Pause Young (Allocation Failure) 470M->399M(736M) 55.799ms
[700.040s][info][gc,cpu         ] GC(2501) User=0.11s Sys=0.00s Real=0.05s
[700.218s][info][gc,start       ] GC(2502) Pause Young (Allocation Failure)
[700.267s][info][gc,heap        ] GC(2502) PSYoungGen: 150192K(222720K)->16032K(222720K) Eden: 111616K(111616K)->0K(111616K) From: 38576K(111104K)->16032K(111104K)
[700.267s][info][gc,heap        ] GC(2502) ParOldGen: 370284K(530944K)->409138K(530944K)
[700.267s][info][gc,metaspace   ] GC(2502) Metaspace: 19130K(19328K)->19130K(19328K) NonClass: 16470K(16576K)->16470K(16576K) Class: 2660K(2752K)->2660K(2752K)
[700.267s][info][gc             ] GC(2502) Pause Young (Allocation Failure) 508M->415M(736M) 49.349ms
[700.267s][info][gc,cpu         ] GC(2502) User=0.09s Sys=0.00s Real=0.05s
[700.338s][info][gc,start       ] GC(2503) Pause Young (Allocation Failure)
[700.364s][info][gc,heap        ] GC(2503) PSYoungGen: 127648K(222720K)->1920K(222720K) Eden: 111616K(111616K)->0K(111616K) From: 16032K(111104K)->1920K(111104K)
[700.364s][info][gc,heap        ] GC(2503) ParOldGen: 409138K(530944K)->425095K(530944K)
[700.364s][info][gc,metaspace   ] GC(2503) Metaspace: 19130K(19328K)->19130K(19328K) NonClass: 16470K(16576K)->16470K(16576K) Class: 2660K(2752K)->2660K(2752K)
[700.364s][info][gc             ] GC(2503) Pause Young (Allocation Failure) 524M->417M(736M) 25.924ms
[700.364s][info][gc,cpu         ] GC(2503) User=0.06s Sys=0.00s Real=0.03s
[700.501s][info][gc,start       ] GC(2504) Pause Young (Allocation Failure)
[700.507s][info][gc,heap        ] GC(2504) PSYoungGen: 113536K(222720K)->1184K(218624K) Eden: 111616K(111616K)->0K(111616K) From: 1920K(111104K)->1184K(107008K)
[700.507s][info][gc,heap        ] GC(2504) ParOldGen: 425095K(530944K)->427007K(530944K)
[700.507s][info][gc,metaspace   ] GC(2504) Metaspace: 19130K(19328K)->19130K(19328K) NonClass: 16470K(16576K)->16470K(16576K) Class: 2660K(2752K)->2660K(2752K)
[700.508s][info][gc             ] GC(2504) Pause Young (Allocation Failure) 526M->418M(732M) 6.223ms
[700.508s][info][gc,cpu         ] GC(2504) User=0.01s Sys=0.00s Real=0.01s
[700.724s][info][gc,start       ] GC(2505) Pause Young (Allocation Failure)
[700.729s][info][gc,heap        ] GC(2505) PSYoungGen: 112800K(218624K)->928K(220672K) Eden: 111616K(111616K)->0K(111616K) From: 1184K(107008K)->928K(109056K)
[700.729s][info][gc,heap        ] GC(2505) ParOldGen: 427007K(530944K)->428183K(530944K)
[700.729s][info][gc,metaspace   ] GC(2505) Metaspace: 19130K(19328K)->19130K(19328K) NonClass: 16470K(16576K)->16470K(16576K) Class: 2660K(2752K)->2660K(2752K)
[700.729s][info][gc             ] GC(2505) Pause Young (Allocation Failure) 527M->419M(734M) 4.954ms
[700.729s][info][gc,cpu         ] GC(2505) User=0.01s Sys=0.00s Real=0.00s
[701.015s][info][gc,start       ] GC(2506) Pause Young (Allocation Failure)
[701.018s][info][gc,heap        ] GC(2506) PSYoungGen: 112544K(220672K)->1024K(219136K) Eden: 111616K(111616K)->0K(118272K) From: 928K(109056K)->1024K(100864K)
[701.018s][info][gc,heap        ] GC(2506) ParOldGen: 428183K(530944K)->428183K(530944K)
[701.018s][info][gc,metaspace   ] GC(2506) Metaspace: 19130K(19328K)->19130K(19328K) NonClass: 16470K(16576K)->16470K(16576K) Class: 2660K(2752K)->2660K(2752K)
[701.018s][info][gc             ] GC(2506) Pause Young (Allocation Failure) 528M->419M(732M) 3.796ms
[701.018s][info][gc,cpu         ] GC(2506) User=0.01s Sys=0.00s Real=0.00s
[701.171s][info][gc,start       ] GC(2507) Pause Young (Allocation Failure)
[701.214s][info][gc,heap        ] GC(2507) PSYoungGen: 119296K(219136K)->46320K(221696K) Eden: 118272K(118272K)->0K(118272K) From: 1024K(100864K)->46320K(103424K)
[701.214s][info][gc,heap        ] GC(2507) ParOldGen: 428183K(530944K)->428183K(530944K)
[701.214s][info][gc,metaspace   ] GC(2507) Metaspace: 19130K(19328K)->19130K(19328K) NonClass: 16470K(16576K)->16470K(16576K) Class: 2660K(2752K)->2660K(2752K)
[701.214s][info][gc             ] GC(2507) Pause Young (Allocation Failure) 534M->463M(735M) 42.652ms
[701.214s][info][gc,cpu         ] GC(2507) User=0.08s Sys=0.00s Real=0.05s
[701.277s][info][gc,start       ] GC(2508) Pause Young (Allocation Failure)
[701.393s][info][gc,heap        ] GC(2508) PSYoungGen: 164592K(221696K)->103412K(215040K) Eden: 118272K(118272K)->0K(111616K) From: 46320K(103424K)->103412K(103424K)
[701.393s][info][gc,heap        ] GC(2508) ParOldGen: 428183K(530944K)->452318K(530944K)
[701.393s][info][gc,metaspace   ] GC(2508) Metaspace: 19130K(19328K)->19130K(19328K) NonClass: 16470K(16576K)->16470K(16576K) Class: 2660K(2752K)->2660K(2752K)
[701.393s][info][gc             ] GC(2508) Pause Young (Allocation Failure) 578M->542M(728M) 115.660ms
[701.393s][info][gc,cpu         ] GC(2508) User=0.22s Sys=0.01s Real=0.11s
[701.490s][info][gc,start       ] GC(2509) Pause Young (Allocation Failure)
[701.633s][info][gc,heap        ] GC(2509) PSYoungGen: 215028K(215040K)->111076K(222720K) Eden: 111616K(111616K)->0K(111616K) From: 103412K(103424K)->111076K(111104K)
[701.633s][info][gc,heap        ] GC(2509) ParOldGen: 452318K(530944K)->484394K(530944K)
[701.633s][info][gc,metaspace   ] GC(2509) Metaspace: 19130K(19328K)->19130K(19328K) NonClass: 16470K(16576K)->16470K(16576K) Class: 2660K(2752K)->2660K(2752K)
[701.633s][info][gc             ] GC(2509) Pause Young (Allocation Failure) 651M->581M(736M) 142.894ms
[701.633s][info][gc,cpu         ] GC(2509) User=0.28s Sys=0.00s Real=0.14s
[701.724s][info][gc,start       ] GC(2510) Pause Young (Allocation Failure)
[701.848s][info][gc,heap        ] GC(2510) PSYoungGen: 222692K(222720K)->40679K(222720K) Eden: 111616K(111616K)->0K(111616K) From: 111076K(111104K)->40679K(111104K)
[701.848s][info][gc,heap        ] GC(2510) ParOldGen: 484394K(530944K)->558398K(558592K)
[701.848s][info][gc,metaspace   ] GC(2510) Metaspace: 19130K(19328K)->19130K(19328K) NonClass: 16470K(16576K)->16470K(16576K) Class: 2660K(2752K)->2660K(2752K)
[701.848s][info][gc             ] GC(2510) Pause Young (Allocation Failure) 690M->585M(763M) 124.457ms
[701.848s][info][gc,cpu         ] GC(2510) User=0.23s Sys=0.02s Real=0.12s
[701.930s][info][gc,start       ] GC(2511) Pause Young (Allocation Failure)
[701.994s][info][gc,heap        ] GC(2511) PSYoungGen: 152295K(222720K)->7300K(222720K) Eden: 111616K(111616K)->0K(111616K) From: 40679K(111104K)->7300K(111104K)
[701.994s][info][gc,heap        ] GC(2511) ParOldGen: 558398K(558592K)->596430K(596480K)
[701.994s][info][gc,metaspace   ] GC(2511) Metaspace: 19130K(19328K)->19130K(19328K) NonClass: 16470K(16576K)->16470K(16576K) Class: 2660K(2752K)->2660K(2752K)
[701.994s][info][gc             ] GC(2511) Pause Young (Allocation Failure) 694M->589M(800M) 63.973ms
[701.994s][info][gc,cpu         ] GC(2511) User=0.10s Sys=0.03s Real=0.07s
[702.088s][info][gc,start       ] GC(2512) Pause Full (Allocation Failure)
[702.088s][info][gc,phases,start] GC(2512) Marking Phase
[702.153s][info][gc,phases      ] GC(2512) Marking Phase 65.010ms
[702.153s][info][gc,phases,start] GC(2512) Summary Phase
[702.153s][info][gc,phases      ] GC(2512) Summary Phase 0.027ms
[702.153s][info][gc,phases,start] GC(2512) Forward
[702.176s][info][gc,phases      ] GC(2512) Forward 22.772ms
[702.176s][info][gc,phases,start] GC(2512) Adjust Pointers
[702.224s][info][gc,phases      ] GC(2512) Adjust Pointers 48.321ms
[702.224s][info][gc,phases,start] GC(2512) Compaction Phase
[702.247s][info][gc,phases      ] GC(2512) Compaction Phase 22.731ms
[702.250s][info][gc,phases,start] GC(2512) Post Compact
[702.252s][info][gc,phases      ] GC(2512) Post Compact 2.083ms
[702.265s][info][gc,heap        ] GC(2512) PSYoungGen: 118916K(222720K)->0K(222720K) Eden: 111616K(111616K)->0K(111616K) From: 7300K(111104K)->0K(111104K)
[702.265s][info][gc,heap        ] GC(2512) ParOldGen: 596430K(596480K)->104475K(437760K)
[702.265s][info][gc,metaspace   ] GC(2512) Metaspace: 19130K(19328K)->19130K(19328K) NonClass: 16470K(16576K)->16470K(16576K) Class: 2660K(2752K)->2660K(2752K)
[702.265s][info][gc             ] GC(2512) Pause Full (Allocation Failure) 698M->102M(645M) 176.833ms
[702.265s][info][gc,cpu         ] GC(2512) User=0.28s Sys=0.01s Real=0.18s
[702.384s][info][gc,start       ] GC(2513) Pause Young (Allocation Failure)
[702.405s][info][gc,heap        ] GC(2513) PSYoungGen: 111616K(222720K)->28400K(222720K) Eden: 111616K(111616K)->0K(111616K) From: 0K(111104K)->28400K(111104K)
[702.405s][info][gc,heap        ] GC(2513) ParOldGen: 104475K(437760K)->104475K(437760K)
[702.405s][info][gc,metaspace   ] GC(2513) Metaspace: 19131K(19328K)->19131K(19328K) NonClass: 16470K(16576K)->16470K(16576K) Class: 2660K(2752K)->2660K(2752K)
[702.405s][info][gc             ] GC(2513) Pause Young (Allocation Failure) 211M->129M(645M) 20.922ms
[702.405s][info][gc,cpu         ] GC(2513) User=0.04s Sys=0.00s Real=0.02s
[702.474s][info][gc,start       ] GC(2514) Pause Young (Allocation Failure)
[702.519s][info][gc,heap        ] GC(2514) PSYoungGen: 140016K(222720K)->39296K(222720K) Eden: 111616K(111616K)->0K(111616K) From: 28400K(111104K)->39296K(111104K)
[702.519s][info][gc,heap        ] GC(2514) ParOldGen: 104475K(437760K)->133179K(437760K)
[702.519s][info][gc,metaspace   ] GC(2514) Metaspace: 19131K(19328K)->19131K(19328K) NonClass: 16470K(16576K)->16470K(16576K) Class: 2660K(2752K)->2660K(2752K)
[702.519s][info][gc             ] GC(2514) Pause Young (Allocation Failure) 238M->168M(645M) 45.320ms
[702.519s][info][gc,cpu         ] GC(2514) User=0.09s Sys=0.00s Real=0.04s
[702.688s][info][gc,start       ] GC(2515) Pause Young (Allocation Failure)
[702.718s][info][gc,heap        ] GC(2515) PSYoungGen: 150912K(222720K)->2752K(222720K) Eden: 111616K(111616K)->0K(111616K) From: 39296K(111104K)->2752K(111104K)
[702.718s][info][gc,heap        ] GC(2515) ParOldGen: 133179K(437760K)->172931K(437760K)
[702.718s][info][gc,metaspace   ] GC(2515) Metaspace: 19131K(19328K)->19131K(19328K) NonClass: 16470K(16576K)->16470K(16576K) Class: 2660K(2752K)->2660K(2752K)
[702.718s][info][gc             ] GC(2515) Pause Young (Allocation Failure) 277M->171M(645M) 29.569ms
[702.718s][info][gc,cpu         ] GC(2515) User=0.05s Sys=0.00s Real=0.03s
[702.875s][info][gc,start       ] GC(2516) Pause Young (Allocation Failure)
[702.909s][info][gc,heap        ] GC(2516) PSYoungGen: 114368K(222720K)->17057K(222720K) Eden: 111616K(111616K)->0K(111616K) From: 2752K(111104K)->17057K(111104K)
[702.909s][info][gc,heap        ] GC(2516) ParOldGen: 172931K(437760K)->175643K(437760K)
[702.909s][info][gc,metaspace   ] GC(2516) Metaspace: 19131K(19328K)->19131K(19328K) NonClass: 16470K(16576K)->16470K(16576K) Class: 2660K(2752K)->2660K(2752K)
[702.909s][info][gc             ] GC(2516) Pause Young (Allocation Failure) 280M->188M(645M) 34.173ms
[702.909s][info][gc,cpu         ] GC(2516) User=0.06s Sys=0.00s Real=0.03s
[702.997s][info][gc,start       ] GC(2517) Pause Young (Allocation Failure)
[703.074s][info][gc,heap        ] GC(2517) PSYoungGen: 128673K(222720K)->57664K(222720K) Eden: 111616K(111616K)->0K(111616K) From: 17057K(111104K)->57664K(111104K)
[703.074s][info][gc,heap        ] GC(2517) ParOldGen: 175643K(437760K)->192712K(437760K)
[703.074s][info][gc,metaspace   ] GC(2517) Metaspace: 19131K(19328K)->19131K(19328K) NonClass: 16470K(16576K)->16470K(16576K) Class: 2660K(2752K)->2660K(2752K)
[703.074s][info][gc             ] GC(2517) Pause Young (Allocation Failure) 297M->244M(645M) 76.318ms
[703.074s][info][gc,cpu         ] GC(2517) User=0.15s Sys=0.00s Real=0.08s
[703.122s][info][gc,start       ] GC(2518) Pause Young (Allocation Failure)
[703.205s][info][gc,heap        ] GC(2518) PSYoungGen: 169280K(222720K)->40064K(222720K) Eden: 111616K(111616K)->0K(111616K) From: 57664K(111104K)->40064K(111104K)
[703.205s][info][gc,heap        ] GC(2518) ParOldGen: 192712K(437760K)->250536K(437760K)
[703.205s][info][gc,metaspace   ] GC(2518) Metaspace: 19131K(19328K)->19131K(19328K) NonClass: 16470K(16576K)->16470K(16576K) Class: 2660K(2752K)->2660K(2752K)
[703.205s][info][gc             ] GC(2518) Pause Young (Allocation Failure) 353M->283M(645M) 82.838ms
[703.205s][info][gc,cpu         ] GC(2518) User=0.16s Sys=0.00s Real=0.09s
[703.250s][info][gc,start       ] GC(2519) Pause Young (Allocation Failure)
[703.305s][info][gc,heap        ] GC(2519) PSYoungGen: 151680K(222720K)->39168K(151040K) Eden: 111616K(111616K)->0K(111616K) From: 40064K(111104K)->39168K(39424K)
[703.305s][info][gc,heap        ] GC(2519) ParOldGen: 250536K(437760K)->291008K(437760K)
[703.305s][info][gc,metaspace   ] GC(2519) Metaspace: 19131K(19328K)->19131K(19328K) NonClass: 16470K(16576K)->16470K(16576K) Class: 2660K(2752K)->2660K(2752K)
[703.305s][info][gc             ] GC(2519) Pause Young (Allocation Failure) 392M->322M(575M) 55.320ms
[703.305s][info][gc,cpu         ] GC(2519) User=0.11s Sys=0.00s Real=0.06s
[703.429s][info][gc,start       ] GC(2520) Pause Young (Allocation Failure)
[703.471s][info][gc,heap        ] GC(2520) PSYoungGen: 150784K(151040K)->13152K(222720K) Eden: 111616K(111616K)->0K(114688K) From: 39168K(39424K)->13152K(108032K)
[703.471s][info][gc,heap        ] GC(2520) ParOldGen: 291008K(437760K)->330544K(437760K)
[703.471s][info][gc,metaspace   ] GC(2520) Metaspace: 19131K(19328K)->19131K(19328K) NonClass: 16470K(16576K)->16470K(16576K) Class: 2660K(2752K)->2660K(2752K)
[703.471s][info][gc             ] GC(2520) Pause Young (Allocation Failure) 431M->335M(645M) 42.179ms
[703.471s][info][gc,cpu         ] GC(2520) User=0.08s Sys=0.01s Real=0.04s
[703.524s][info][gc,start       ] GC(2521) Pause Young (Allocation Failure)
[703.543s][info][gc,heap        ] GC(2521) PSYoungGen: 127840K(222720K)->2016K(219648K) Eden: 114688K(114688K)->0K(114688K) From: 13152K(108032K)->2016K(104960K)
[703.543s][info][gc,heap        ] GC(2521) ParOldGen: 330544K(437760K)->343712K(437760K)
[703.543s][info][gc,metaspace   ] GC(2521) Metaspace: 19131K(19328K)->19131K(19328K) NonClass: 16470K(16576K)->16470K(16576K) Class: 2660K(2752K)->2660K(2752K)
[703.543s][info][gc             ] GC(2521) Pause Young (Allocation Failure) 447M->337M(642M) 19.344ms
[703.543s][info][gc,cpu         ] GC(2521) User=0.04s Sys=0.00s Real=0.02s
[703.635s][info][gc,start       ] GC(2522) Pause Young (Allocation Failure)
[703.652s][info][gc,heap        ] GC(2522) PSYoungGen: 116704K(219648K)->1853K(226816K) Eden: 114688K(114688K)->0K(122880K) From: 2016K(104960K)->1853K(103936K)
[703.652s][info][gc,heap        ] GC(2522) ParOldGen: 343712K(437760K)->345696K(437760K)
[703.652s][info][gc,metaspace   ] GC(2522) Metaspace: 19131K(19328K)->19131K(19328K) NonClass: 16470K(16576K)->16470K(16576K) Class: 2660K(2752K)->2660K(2752K)
[703.652s][info][gc             ] GC(2522) Pause Young (Allocation Failure) 449M->339M(649M) 16.810ms
[703.652s][info][gc,cpu         ] GC(2522) User=0.03s Sys=0.00s Real=0.01s
[703.758s][info][gc,start       ] GC(2523) Pause Young (Allocation Failure)
[703.792s][info][gc,heap        ] GC(2523) PSYoungGen: 124733K(226816K)->19181K(224768K) Eden: 122880K(122880K)->0K(122880K) From: 1853K(103936K)->19181K(101888K)
[703.792s][info][gc,heap        ] GC(2523) ParOldGen: 345696K(437760K)->347410K(437760K)
[703.792s][info][gc,metaspace   ] GC(2523) Metaspace: 19131K(19328K)->19131K(19328K) NonClass: 16470K(16576K)->16470K(16576K) Class: 2660K(2752K)->2660K(2752K)
[703.792s][info][gc             ] GC(2523) Pause Young (Allocation Failure) 459M->358M(647M) 33.779ms
[703.792s][info][gc,cpu         ] GC(2523) User=0.07s Sys=0.00s Real=0.03s
[703.896s][info][gc,start       ] GC(2524) Pause Young (Allocation Failure)
[703.941s][info][gc,heap        ] GC(2524) PSYoungGen: 142061K(224768K)->18528K(226816K) Eden: 122880K(122880K)->0K(133120K) From: 19181K(101888K)->18528K(93696K)
[703.941s][info][gc,heap        ] GC(2524) ParOldGen: 347410K(437760K)->366597K(437760K)
[703.941s][info][gc,metaspace   ] GC(2524) Metaspace: 19131K(19328K)->19131K(19328K) NonClass: 16470K(16576K)->16470K(16576K) Class: 2660K(2752K)->2660K(2752K)
[703.941s][info][gc             ] GC(2524) Pause Young (Allocation Failure) 478M->376M(649M) 44.975ms
[703.941s][info][gc,cpu         ] GC(2524) User=0.09s Sys=0.00s Real=0.04s
[704.058s][info][gc,start       ] GC(2525) Pause Young (Allocation Failure)
[704.104s][info][gc,heap        ] GC(2525) PSYoungGen: 151648K(226816K)->27552K(224768K) Eden: 133120K(133120K)->0K(133120K) From: 18528K(93696K)->27552K(91648K)
[704.104s][info][gc,heap        ] GC(2525) ParOldGen: 366597K(437760K)->385149K(437760K)
[704.104s][info][gc,metaspace   ] GC(2525) Metaspace: 19131K(19328K)->19131K(19328K) NonClass: 16470K(16576K)->16470K(16576K) Class: 2660K(2752K)->2660K(2752K)
[704.105s][info][gc             ] GC(2525) Pause Young (Allocation Failure) 506M->403M(647M) 46.509ms
[704.105s][info][gc,cpu         ] GC(2525) User=0.09s Sys=0.00s Real=0.05s
[704.200s][info][gc,start       ] GC(2526) Pause Young (Allocation Failure)
[704.237s][info][gc,heap        ] GC(2526) PSYoungGen: 160672K(224768K)->8480K(233472K) Eden: 133120K(133120K)->0K(151040K) From: 27552K(91648K)->8480K(82432K)
[704.237s][info][gc,heap        ] GC(2526) ParOldGen: 385149K(437760K)->412731K(437760K)
[704.237s][info][gc,metaspace   ] GC(2526) Metaspace: 19131K(19328K)->19131K(19328K) NonClass: 16470K(16576K)->16470K(16576K) Class: 2660K(2752K)->2660K(2752K)
[704.237s][info][gc             ] GC(2526) Pause Young (Allocation Failure) 533M->411M(655M) 37.673ms
[704.237s][info][gc,cpu         ] GC(2526) User=0.08s Sys=0.00s Real=0.04s
[704.435s][info][gc,start       ] GC(2527) Pause Young (Allocation Failure)
[704.453s][info][gc,heap        ] GC(2527) PSYoungGen: 159520K(233472K)->3232K(233472K) Eden: 151040K(151040K)->0K(151040K) From: 8480K(82432K)->3232K(82432K)
[704.453s][info][gc,heap        ] GC(2527) ParOldGen: 412731K(437760K)->421203K(437760K)
[704.453s][info][gc,metaspace   ] GC(2527) Metaspace: 19131K(19328K)->19131K(19328K) NonClass: 16470K(16576K)->16470K(16576K) Class: 2660K(2752K)->2660K(2752K)
[704.453s][info][gc             ] GC(2527) Pause Young (Allocation Failure) 558M->414M(655M) 17.745ms
[704.453s][info][gc,cpu         ] GC(2527) User=0.03s Sys=0.00s Real=0.01s
[704.674s][info][gc,start       ] GC(2528) Pause Young (Allocation Failure)
[704.695s][info][gc,heap        ] GC(2528) PSYoungGen: 154272K(233472K)->16192K(240640K) Eden: 151040K(151040K)->0K(168960K) From: 3232K(82432K)->16192K(71680K)
[704.695s][info][gc,heap        ] GC(2528) ParOldGen: 421203K(437760K)->424419K(437760K)
[704.695s][info][gc,metaspace   ] GC(2528) Metaspace: 19131K(19328K)->19131K(19328K) NonClass: 16470K(16576K)->16470K(16576K) Class: 2660K(2752K)->2660K(2752K)
[704.695s][info][gc             ] GC(2528) Pause Young (Allocation Failure) 561M->430M(662M) 21.186ms
[704.695s][info][gc,cpu         ] GC(2528) User=0.05s Sys=0.00s Real=0.02s
[705.132s][info][gc,start       ] GC(2529) Pause Young (Allocation Failure)
[705.157s][info][gc,heap        ] GC(2529) PSYoungGen: 185152K(240640K)->5408K(245248K) Eden: 168960K(168960K)->0K(168960K) From: 16192K(71680K)->5408K(76288K)
[705.157s][info][gc,heap        ] GC(2529) ParOldGen: 424419K(437760K)->440537K(440832K)
[705.157s][info][gc,metaspace   ] GC(2529) Metaspace: 19131K(19328K)->19131K(19328K) NonClass: 16470K(16576K)->16470K(16576K) Class: 2660K(2752K)->2660K(2752K)
[705.157s][info][gc             ] GC(2529) Pause Young (Allocation Failure) 595M->435M(670M) 24.985ms
[705.157s][info][gc,cpu         ] GC(2529) User=0.05s Sys=0.01s Real=0.03s
[705.547s][info][gc,start       ] GC(2530) Pause Young (Allocation Failure)
[705.556s][info][gc,heap        ] GC(2530) PSYoungGen: 174368K(245248K)->128K(252416K) Eden: 168960K(168960K)->0K(183808K) From: 5408K(76288K)->128K(68608K)
[705.556s][info][gc,heap        ] GC(2530) ParOldGen: 440537K(440832K)->445873K(445952K)
[705.556s][info][gc,metaspace   ] GC(2530) Metaspace: 19131K(19328K)->19131K(19328K) NonClass: 16470K(16576K)->16470K(16576K) Class: 2660K(2752K)->2660K(2752K)
[705.556s][info][gc             ] GC(2530) Pause Young (Allocation Failure) 600M->435M(682M) 9.717ms
[705.556s][info][gc,cpu         ] GC(2530) User=0.01s Sys=0.00s Real=0.01s
[705.964s][info][gc,start       ] GC(2531) Pause Young (Allocation Failure)
[705.974s][info][gc,heap        ] GC(2531) PSYoungGen: 183936K(252416K)->128K(256000K) Eden: 183808K(183808K)->0K(183808K) From: 128K(68608K)->128K(72192K)
[705.974s][info][gc,heap        ] GC(2531) ParOldGen: 445873K(445952K)->445873K(445952K)
[705.974s][info][gc,metaspace   ] GC(2531) Metaspace: 19131K(19328K)->19131K(19328K) NonClass: 16470K(16576K)->16470K(16576K) Class: 2660K(2752K)->2660K(2752K)
[705.974s][info][gc             ] GC(2531) Pause Young (Allocation Failure) 615M->435M(685M) 9.572ms
[705.974s][info][gc,cpu         ] GC(2531) User=0.02s Sys=0.00s Real=0.01s
[706.296s][info][gc,start       ] GC(2532) Pause Young (Allocation Failure)
[706.313s][info][gc,heap        ] GC(2532) PSYoungGen: 183936K(256000K)->19942K(252416K) Eden: 183808K(183808K)->0K(192000K) From: 128K(72192K)->19942K(60416K)
[706.313s][info][gc,heap        ] GC(2532) ParOldGen: 445873K(445952K)->445873K(445952K)
[706.313s][info][gc,metaspace   ] GC(2532) Metaspace: 19131K(19328K)->19131K(19328K) NonClass: 16470K(16576K)->16470K(16576K) Class: 2660K(2752K)->2660K(2752K)
[706.313s][info][gc             ] GC(2532) Pause Young (Allocation Failure) 615M->454M(682M) 17.053ms
[706.313s][info][gc,cpu         ] GC(2532) User=0.03s Sys=0.00s Real=0.01s
[706.524s][info][gc,start       ] GC(2533) Pause Young (Allocation Failure)
[706.592s][info][gc,heap        ] GC(2533) PSYoungGen: 211942K(252416K)->65526K(257536K) Eden: 192000K(192000K)->0K(192000K) From: 19942K(60416K)->65526K(65536K)
[706.592s][info][gc,heap        ] GC(2533) ParOldGen: 445873K(445952K)->455369K(455680K)
[706.592s][info][gc,metaspace   ] GC(2533) Metaspace: 19131K(19328K)->19131K(19328K) NonClass: 16470K(16576K)->16470K(16576K) Class: 2660K(2752K)->2660K(2752K)
[706.592s][info][gc             ] GC(2533) Pause Young (Allocation Failure) 642M->508M(696M) 68.159ms
[706.592s][info][gc,cpu         ] GC(2533) User=0.13s Sys=0.00s Real=0.06s
[706.780s][info][gc,start       ] GC(2534) Pause Young (Allocation Failure)
[706.863s][info][gc,heap        ] GC(2534) PSYoungGen: 257526K(257536K)->76277K(210432K) Eden: 192000K(192000K)->0K(134144K) From: 65526K(65536K)->76277K(76288K)
[706.863s][info][gc,heap        ] GC(2534) ParOldGen: 455369K(455680K)->464872K(464896K)
[706.863s][info][gc,metaspace   ] GC(2534) Metaspace: 19131K(19328K)->19131K(19328K) NonClass: 16471K(16576K)->16471K(16576K) Class: 2660K(2752K)->2660K(2752K)
[706.863s][info][gc             ] GC(2534) Pause Young (Allocation Failure) 696M->528M(659M) 83.432ms
[706.863s][info][gc,cpu         ] GC(2534) User=0.15s Sys=0.02s Real=0.08s
[706.979s][info][gc,start       ] GC(2535) Pause Young (Allocation Failure)
[707.099s][info][gc,heap        ] GC(2535) PSYoungGen: 210421K(210432K)->36661K(233984K) Eden: 134144K(134144K)->0K(134144K) From: 76277K(76288K)->36661K(99840K)
[707.099s][info][gc,heap        ] GC(2535) ParOldGen: 464872K(464896K)->530919K(530944K)
[707.099s][info][gc,metaspace   ] GC(2535) Metaspace: 19131K(19328K)->19131K(19328K) NonClass: 16471K(16576K)->16471K(16576K) Class: 2660K(2752K)->2660K(2752K)
[707.099s][info][gc             ] GC(2535) Pause Young (Allocation Failure) 659M->554M(747M) 119.581ms
[707.099s][info][gc,cpu         ] GC(2535) User=0.19s Sys=0.04s Real=0.12s
[707.194s][info][gc,start       ] GC(2536) Pause Young (Allocation Failure)
[707.285s][info][gc,heap        ] GC(2536) PSYoungGen: 170805K(233984K)->37216K(222208K) Eden: 134144K(134144K)->0K(138752K) From: 36661K(99840K)->37216K(83456K)
[707.285s][info][gc,heap        ] GC(2536) ParOldGen: 530919K(530944K)->567709K(567808K)
[707.285s][info][gc,metaspace   ] GC(2536) Metaspace: 19131K(19328K)->19131K(19328K) NonClass: 16471K(16576K)->16471K(16576K) Class: 2660K(2752K)->2660K(2752K)
[707.285s][info][gc             ] GC(2536) Pause Young (Allocation Failure) 685M->590M(771M) 91.469ms
[707.285s][info][gc,cpu         ] GC(2536) User=0.16s Sys=0.03s Real=0.09s
[707.368s][info][gc,start       ] GC(2537) Pause Young (Allocation Failure)
[707.432s][info][gc,heap        ] GC(2537) PSYoungGen: 175968K(222208K)->15808K(230400K) Eden: 138752K(138752K)->0K(138752K) From: 37216K(83456K)->15808K(91648K)
[707.432s][info][gc,heap        ] GC(2537) ParOldGen: 567709K(567808K)->605157K(605184K)
[707.432s][info][gc,metaspace   ] GC(2537) Metaspace: 19131K(19328K)->19131K(19328K) NonClass: 16471K(16576K)->16471K(16576K) Class: 2660K(2752K)->2660K(2752K)
[707.432s][info][gc             ] GC(2537) Pause Young (Allocation Failure) 726M->606M(816M) 63.504ms
[707.432s][info][gc,cpu         ] GC(2537) User=0.10s Sys=0.03s Real=0.06s
[707.514s][info][gc,start       ] GC(2538) Pause Full (Allocation Failure)
[707.514s][info][gc,phases,start] GC(2538) Marking Phase
[707.760s][info][gc,phases      ] GC(2538) Marking Phase 245.354ms
[707.760s][info][gc,phases,start] GC(2538) Summary Phase
[707.760s][info][gc,phases      ] GC(2538) Summary Phase 0.027ms
[707.760s][info][gc,phases,start] GC(2538) Forward
[707.850s][info][gc,phases      ] GC(2538) Forward 89.932ms
[707.850s][info][gc,phases,start] GC(2538) Adjust Pointers
[708.043s][info][gc,phases      ] GC(2538) Adjust Pointers 193.604ms
[708.044s][info][gc,phases,start] GC(2538) Compaction Phase
[708.158s][info][gc,phases      ] GC(2538) Compaction Phase 114.175ms
[708.164s][info][gc,phases,start] GC(2538) Post Compact
[708.166s][info][gc,phases      ] GC(2538) Post Compact 2.247ms
[708.166s][info][gc,heap        ] GC(2538) PSYoungGen: 154560K(230400K)->0K(238592K) Eden: 138752K(138752K)->0K(154112K) From: 15808K(91648K)->0K(84480K)
[708.166s][info][gc,heap        ] GC(2538) ParOldGen: 605157K(605184K)->360292K(667648K)
[708.166s][info][gc,metaspace   ] GC(2538) Metaspace: 19131K(19328K)->19131K(19328K) NonClass: 16471K(16576K)->16471K(16576K) Class: 2660K(2752K)->2660K(2752K)
[708.166s][info][gc             ] GC(2538) Pause Full (Allocation Failure) 741M->351M(885M) 652.157ms
[708.167s][info][gc,cpu         ] GC(2538) User=1.23s Sys=0.00s Real=0.65s
[708.280s][info][gc,start       ] GC(2539) Pause Young (Allocation Failure)
[708.305s][info][gc,heap        ] GC(2539) PSYoungGen: 154112K(238592K)->15968K(242176K) Eden: 154112K(154112K)->0K(154112K) From: 0K(84480K)->15968K(88064K)
[708.305s][info][gc,heap        ] GC(2539) ParOldGen: 360292K(667648K)->360292K(667648K)
[708.305s][info][gc,metaspace   ] GC(2539) Metaspace: 19131K(19328K)->19131K(19328K) NonClass: 16471K(16576K)->16471K(16576K) Class: 2660K(2752K)->2660K(2752K)
[708.305s][info][gc             ] GC(2539) Pause Young (Allocation Failure) 502M->367M(888M) 25.431ms
[708.305s][info][gc,cpu         ] GC(2539) User=0.04s Sys=0.00s Real=0.03s
[708.416s][info][gc,start       ] GC(2540) Pause Young (Allocation Failure)
[708.450s][info][gc,heap        ] GC(2540) PSYoungGen: 170080K(242176K)->9696K(240640K) Eden: 154112K(154112K)->0K(161280K) From: 15968K(88064K)->9696K(79360K)
[708.450s][info][gc,heap        ] GC(2540) ParOldGen: 360292K(667648K)->376284K(667648K)
[708.450s][info][gc,metaspace   ] GC(2540) Metaspace: 19131K(19328K)->19131K(19328K) NonClass: 16471K(16576K)->16471K(16576K) Class: 2660K(2752K)->2660K(2752K)
[708.450s][info][gc             ] GC(2540) Pause Young (Allocation Failure) 517M->376M(887M) 34.869ms
[708.451s][info][gc,cpu         ] GC(2540) User=0.07s Sys=0.00s Real=0.03s
[708.573s][info][gc,start       ] GC(2541) Pause Young (Allocation Failure)
[708.590s][info][gc,heap        ] GC(2541) PSYoungGen: 170976K(240640K)->4192K(243200K) Eden: 161280K(161280K)->0K(161280K) From: 9696K(79360K)->4192K(81920K)
[708.590s][info][gc,heap        ] GC(2541) ParOldGen: 376284K(667648K)->385980K(667648K)
[708.590s][info][gc,metaspace   ] GC(2541) Metaspace: 19131K(19328K)->19131K(19328K) NonClass: 16471K(16576K)->16471K(16576K) Class: 2660K(2752K)->2660K(2752K)
[708.590s][info][gc             ] GC(2541) Pause Young (Allocation Failure) 534M->381M(889M) 17.514ms
[708.590s][info][gc,cpu         ] GC(2541) User=0.04s Sys=0.00s Real=0.02s
[708.776s][info][gc,start       ] GC(2542) Pause Young (Allocation Failure)
[708.807s][info][gc,heap        ] GC(2542) PSYoungGen: 165472K(243200K)->25120K(241152K) Eden: 161280K(161280K)->0K(172032K) From: 4192K(81920K)->25120K(69120K)
[708.807s][info][gc,heap        ] GC(2542) ParOldGen: 385980K(667648K)->390172K(667648K)
[708.807s][info][gc,metaspace   ] GC(2542) Metaspace: 19131K(19328K)->19131K(19328K) NonClass: 16471K(16576K)->16471K(16576K) Class: 2660K(2752K)->2660K(2752K)
[708.807s][info][gc             ] GC(2542) Pause Young (Allocation Failure) 538M->405M(887M) 30.743ms
[708.807s][info][gc,cpu         ] GC(2542) User=0.06s Sys=0.00s Real=0.03s
[709.149s][info][gc,start       ] GC(2543) Pause Young (Allocation Failure)
[709.187s][info][gc,heap        ] GC(2543) PSYoungGen: 197152K(241152K)->8160K(246784K) Eden: 172032K(172032K)->0K(172032K) From: 25120K(69120K)->8160K(74752K)
[709.187s][info][gc,heap        ] GC(2543) ParOldGen: 390172K(667648K)->415282K(667648K)
[709.187s][info][gc,metaspace   ] GC(2543) Metaspace: 19131K(19328K)->19131K(19328K) NonClass: 16471K(16576K)->16471K(16576K) Class: 2660K(2752K)->2660K(2752K)
[709.187s][info][gc             ] GC(2543) Pause Young (Allocation Failure) 573M->413M(893M) 38.060ms
[709.187s][info][gc,cpu         ] GC(2543) User=0.07s Sys=0.00s Real=0.04s
[709.377s][info][gc,start       ] GC(2544) Pause Young (Allocation Failure)
[709.404s][info][gc,heap        ] GC(2544) PSYoungGen: 180192K(246784K)->19312K(247808K) Eden: 172032K(172032K)->0K(186368K) From: 8160K(74752K)->19312K(61440K)
[709.404s][info][gc,heap        ] GC(2544) ParOldGen: 415282K(667648K)->423438K(667648K)
[709.404s][info][gc,metaspace   ] GC(2544) Metaspace: 19131K(19328K)->19131K(19328K) NonClass: 16471K(16576K)->16471K(16576K) Class: 2660K(2752K)->2660K(2752K)
[709.404s][info][gc             ] GC(2544) Pause Young (Allocation Failure) 581M->432M(894M) 26.366ms
[709.404s][info][gc,cpu         ] GC(2544) User=0.05s Sys=0.00s Real=0.03s
[709.578s][info][gc,start       ] GC(2545) Pause Young (Allocation Failure)
[709.630s][info][gc,heap        ] GC(2545) PSYoungGen: 205680K(247808K)->49232K(254464K) Eden: 186368K(186368K)->0K(186368K) From: 19312K(61440K)->49232K(68096K)
[709.630s][info][gc,heap        ] GC(2545) ParOldGen: 423438K(667648K)->442811K(667648K)
[709.630s][info][gc,metaspace   ] GC(2545) Metaspace: 19131K(19328K)->19131K(19328K) NonClass: 16471K(16576K)->16471K(16576K) Class: 2660K(2752K)->2660K(2752K)
[709.630s][info][gc             ] GC(2545) Pause Young (Allocation Failure) 614M->480M(900M) 52.220ms
[709.630s][info][gc,cpu         ] GC(2545) User=0.10s Sys=0.00s Real=0.05s
[709.881s][info][gc,start       ] GC(2546) Pause Young (Allocation Failure)
[709.933s][info][gc,heap        ] GC(2546) PSYoungGen: 235600K(254464K)->26720K(261632K) Eden: 186368K(186368K)->0K(190464K) From: 49232K(68096K)->26720K(71168K)
[709.933s][info][gc,heap        ] GC(2546) ParOldGen: 442811K(667648K)->492644K(667648K)
[709.933s][info][gc,metaspace   ] GC(2546) Metaspace: 19131K(19328K)->19131K(19328K) NonClass: 16471K(16576K)->16471K(16576K) Class: 2660K(2752K)->2660K(2752K)
[709.933s][info][gc             ] GC(2546) Pause Young (Allocation Failure) 662M->507M(907M) 52.022ms
[709.933s][info][gc,cpu         ] GC(2546) User=0.10s Sys=0.00s Real=0.05s
[710.198s][info][gc,start       ] GC(2547) Pause Young (Allocation Failure)
[710.274s][info][gc,heap        ] GC(2547) PSYoungGen: 217184K(261632K)->39263K(260096K) Eden: 190464K(190464K)->0K(190464K) From: 26720K(71168K)->39263K(69632K)
[710.274s][info][gc,heap        ] GC(2547) ParOldGen: 492644K(667648K)->519616K(667648K)
[710.274s][info][gc,metaspace   ] GC(2547) Metaspace: 19131K(19328K)->19131K(19328K) NonClass: 16471K(16576K)->16471K(16576K) Class: 2660K(2752K)->2660K(2752K)
[710.274s][info][gc             ] GC(2547) Pause Young (Allocation Failure) 693M->545M(906M) 75.752ms
[710.274s][info][gc,cpu         ] GC(2547) User=0.14s Sys=0.00s Real=0.08s
[710.477s][info][gc,start       ] GC(2548) Pause Young (Allocation Failure)
[710.550s][info][gc,heap        ] GC(2548) PSYoungGen: 229727K(260096K)->17984K(260096K) Eden: 190464K(190464K)->0K(194048K) From: 39263K(69632K)->17984K(66048K)
[710.550s][info][gc,heap        ] GC(2548) ParOldGen: 519616K(667648K)->558934K(667648K)
[710.550s][info][gc,metaspace   ] GC(2548) Metaspace: 19131K(19328K)->19131K(19328K) NonClass: 16471K(16576K)->16471K(16576K) Class: 2660K(2752K)->2660K(2752K)
[710.550s][info][gc             ] GC(2548) Pause Young (Allocation Failure) 731M->563M(906M) 72.457ms
[710.550s][info][gc,cpu         ] GC(2548) User=0.14s Sys=0.00s Real=0.07s
[710.763s][info][gc,start       ] GC(2549) Pause Young (Allocation Failure)
[710.791s][info][gc,heap        ] GC(2549) PSYoungGen: 212032K(260096K)->4608K(261632K) Eden: 194048K(194048K)->0K(194048K) From: 17984K(66048K)->4608K(67584K)
[710.791s][info][gc,heap        ] GC(2549) ParOldGen: 558934K(667648K)->576942K(667648K)
[710.791s][info][gc,metaspace   ] GC(2549) Metaspace: 19131K(19328K)->19131K(19328K) NonClass: 16471K(16576K)->16471K(16576K) Class: 2660K(2752K)->2660K(2752K)
[710.791s][info][gc             ] GC(2549) Pause Young (Allocation Failure) 752M->567M(907M) 28.549ms
[710.791s][info][gc,cpu         ] GC(2549) User=0.05s Sys=0.00s Real=0.03s
[711.124s][info][gc,start       ] GC(2550) Pause Young (Allocation Failure)
[711.151s][info][gc,heap        ] GC(2550) PSYoungGen: 198656K(261632K)->10800K(261632K) Eden: 194048K(194048K)->0K(199680K) From: 4608K(67584K)->10800K(61952K)
[711.151s][info][gc,heap        ] GC(2550) ParOldGen: 576942K(667648K)->581526K(667648K)
[711.151s][info][gc,metaspace   ] GC(2550) Metaspace: 19131K(19328K)->19131K(19328K) NonClass: 16471K(16576K)->16471K(16576K) Class: 2660K(2752K)->2660K(2752K)
[711.151s][info][gc             ] GC(2550) Pause Young (Allocation Failure) 757M->578M(907M) 27.296ms
[711.151s][info][gc,cpu         ] GC(2550) User=0.05s Sys=0.01s Real=0.02s
[711.392s][info][gc,start       ] GC(2551) Pause Young (Allocation Failure)
[711.443s][info][gc,heap        ] GC(2551) PSYoungGen: 210480K(261632K)->43202K(264192K) Eden: 199680K(199680K)->0K(199680K) From: 10800K(61952K)->43202K(64512K)
[711.443s][info][gc,heap        ] GC(2551) ParOldGen: 581526K(667648K)->592343K(667648K)
[711.443s][info][gc,metaspace   ] GC(2551) Metaspace: 19131K(19328K)->19131K(19328K) NonClass: 16471K(16576K)->16471K(16576K) Class: 2660K(2752K)->2660K(2752K)
[711.443s][info][gc             ] GC(2551) Pause Young (Allocation Failure) 773M->620M(910M) 50.923ms
[711.443s][info][gc,cpu         ] GC(2551) User=0.10s Sys=0.00s Real=0.05s
[711.696s][info][gc,start       ] GC(2552) Pause Young (Allocation Failure)
[711.781s][info][gc,heap        ] GC(2552) PSYoungGen: 242882K(264192K)->52288K(253440K) Eden: 199680K(199680K)->0K(185344K) From: 43202K(64512K)->52288K(68096K)
[711.781s][info][gc,heap        ] GC(2552) ParOldGen: 592343K(667648K)->635876K(667648K)
[711.781s][info][gc,metaspace   ] GC(2552) Metaspace: 19131K(19328K)->19131K(19328K) NonClass: 16471K(16576K)->16471K(16576K) Class: 2660K(2752K)->2660K(2752K)
[711.781s][info][gc             ] GC(2552) Pause Young (Allocation Failure) 815M->672M(899M) 84.641ms
[711.781s][info][gc,cpu         ] GC(2552) User=0.15s Sys=0.02s Real=0.08s
[712.019s][info][gc,start       ] GC(2553) Pause Full (Allocation Failure)
[712.019s][info][gc,phases,start] GC(2553) Marking Phase
[712.365s][info][gc,phases      ] GC(2553) Marking Phase 345.943ms
[712.365s][info][gc,phases,start] GC(2553) Summary Phase
[712.365s][info][gc,phases      ] GC(2553) Summary Phase 0.028ms
[712.366s][info][gc,phases,start] GC(2553) Forward
[712.504s][info][gc,phases      ] GC(2553) Forward 138.402ms
[712.504s][info][gc,phases,start] GC(2553) Adjust Pointers
[712.771s][info][gc,phases      ] GC(2553) Adjust Pointers 266.626ms
[712.771s][info][gc,phases,start] GC(2553) Compaction Phase
[712.935s][info][gc,phases      ] GC(2553) Compaction Phase 164.731ms
[712.947s][info][gc,phases,start] GC(2553) Post Compact
[712.949s][info][gc,phases      ] GC(2553) Post Compact 2.520ms
[712.949s][info][gc,heap        ] GC(2553) PSYoungGen: 237632K(253440K)->0K(259584K) Eden: 185344K(185344K)->0K(185344K) From: 52288K(68096K)->0K(74240K)
[712.949s][info][gc,heap        ] GC(2553) ParOldGen: 635876K(667648K)->495354K(667648K)
[712.949s][info][gc,metaspace   ] GC(2553) Metaspace: 19131K(19328K)->19131K(19328K) NonClass: 16471K(16576K)->16471K(16576K) Class: 2660K(2752K)->2660K(2752K)
[712.949s][info][gc             ] GC(2553) Pause Full (Allocation Failure) 853M->483M(905M) 929.799ms
[712.949s][info][gc,cpu         ] GC(2553) User=1.74s Sys=0.00s Real=0.93s
[713.163s][info][gc,start       ] GC(2554) Pause Young (Allocation Failure)
[713.191s][info][gc,heap        ] GC(2554) PSYoungGen: 185344K(259584K)->24448K(251392K) Eden: 185344K(185344K)->0K(185344K) From: 0K(74240K)->24448K(66048K)
[713.191s][info][gc,heap        ] GC(2554) ParOldGen: 495354K(667648K)->495354K(667648K)
[713.191s][info][gc,metaspace   ] GC(2554) Metaspace: 19131K(19328K)->19131K(19328K) NonClass: 16471K(16576K)->16471K(16576K) Class: 2660K(2752K)->2660K(2752K)
[713.191s][info][gc             ] GC(2554) Pause Young (Allocation Failure) 664M->507M(897M) 27.737ms
[713.191s][info][gc,cpu         ] GC(2554) User=0.06s Sys=0.00s Real=0.03s
[713.374s][info][gc,start       ] GC(2555) Pause Young (Allocation Failure)
[713.403s][info][gc,heap        ] GC(2555) PSYoungGen: 209792K(251392K)->800K(255488K) Eden: 185344K(185344K)->0K(185344K) From: 24448K(66048K)->800K(70144K)
[713.403s][info][gc,heap        ] GC(2555) ParOldGen: 495354K(667648K)->519842K(667648K)
[713.403s][info][gc,metaspace   ] GC(2555) Metaspace: 19131K(19328K)->19131K(19328K) NonClass: 16471K(16576K)->16471K(16576K) Class: 2660K(2752K)->2660K(2752K)
[713.403s][info][gc             ] GC(2555) Pause Young (Allocation Failure) 688M->508M(901M) 29.198ms
[713.403s][info][gc,cpu         ] GC(2555) User=0.06s Sys=0.00s Real=0.02s
[713.633s][info][gc,start       ] GC(2556) Pause Young (Allocation Failure)
[713.650s][info][gc,heap        ] GC(2556) PSYoungGen: 186144K(255488K)->12992K(258560K) Eden: 185344K(185344K)->0K(193536K) From: 800K(70144K)->12992K(65024K)
[713.650s][info][gc,heap        ] GC(2556) ParOldGen: 519842K(667648K)->520626K(667648K)
[713.650s][info][gc,metaspace   ] GC(2556) Metaspace: 19131K(19328K)->19131K(19328K) NonClass: 16471K(16576K)->16471K(16576K) Class: 2660K(2752K)->2660K(2752K)
[713.650s][info][gc             ] GC(2556) Pause Young (Allocation Failure) 689M->521M(904M) 17.153ms
[713.650s][info][gc,cpu         ] GC(2556) User=0.04s Sys=0.00s Real=0.01s
[714.018s][info][gc,start       ] GC(2557) Pause Young (Allocation Failure)
[714.050s][info][gc,heap        ] GC(2557) PSYoungGen: 206528K(258560K)->30528K(261120K) Eden: 193536K(193536K)->0K(193536K) From: 12992K(65024K)->30528K(67584K)
[714.050s][info][gc,heap        ] GC(2557) ParOldGen: 520626K(667648K)->520626K(667648K)
[714.051s][info][gc,metaspace   ] GC(2557) Metaspace: 19131K(19328K)->19131K(19328K) NonClass: 16471K(16576K)->16471K(16576K) Class: 2660K(2752K)->2660K(2752K)
[714.051s][info][gc             ] GC(2557) Pause Young (Allocation Failure) 710M->538M(907M) 32.726ms
[714.051s][info][gc,cpu         ] GC(2557) User=0.06s Sys=0.00s Real=0.03s
[714.534s][info][gc,start       ] GC(2558) Pause Young (Allocation Failure)
[714.565s][info][gc,heap        ] GC(2558) PSYoungGen: 224064K(261120K)->30576K(262656K) Eden: 193536K(193536K)->0K(200704K) From: 30528K(67584K)->30576K(61952K)
[714.565s][info][gc,heap        ] GC(2558) ParOldGen: 520626K(667648K)->520626K(667648K)
[714.565s][info][gc,metaspace   ] GC(2558) Metaspace: 19131K(19328K)->19131K(19328K) NonClass: 16471K(16576K)->16471K(16576K) Class: 2660K(2752K)->2660K(2752K)
[714.565s][info][gc             ] GC(2558) Pause Young (Allocation Failure) 727M->538M(908M) 31.195ms
[714.565s][info][gc,cpu         ] GC(2558) User=0.06s Sys=0.00s Real=0.03s
[715.031s][info][gc,start       ] GC(2559) Pause Young (Allocation Failure)
[715.071s][info][gc,heap        ] GC(2559) PSYoungGen: 231280K(262656K)->30592K(264704K) Eden: 200704K(200704K)->0K(200704K) From: 30576K(61952K)->30592K(64000K)
[715.071s][info][gc,heap        ] GC(2559) ParOldGen: 520626K(667648K)->520626K(667648K)
[715.071s][info][gc,metaspace   ] GC(2559) Metaspace: 19133K(19328K)->19133K(19328K) NonClass: 16473K(16576K)->16473K(16576K) Class: 2660K(2752K)->2660K(2752K)
[715.071s][info][gc             ] GC(2559) Pause Young (Allocation Failure) 734M->538M(910M) 40.292ms
[715.071s][info][gc,cpu         ] GC(2559) User=0.08s Sys=0.00s Real=0.04s
[715.465s][info][gc,start       ] GC(2560) Pause Young (Allocation Failure)
[715.508s][info][gc,heap        ] GC(2560) PSYoungGen: 231296K(264704K)->46800K(263168K) Eden: 200704K(200704K)->0K(200704K) From: 30592K(64000K)->46800K(62464K)
[715.508s][info][gc,heap        ] GC(2560) ParOldGen: 520626K(667648K)->520626K(667648K)
[715.508s][info][gc,metaspace   ] GC(2560) Metaspace: 19133K(19328K)->19133K(19328K) NonClass: 16473K(16576K)->16473K(16576K) Class: 2660K(2752K)->2660K(2752K)
[715.508s][info][gc             ] GC(2560) Pause Young (Allocation Failure) 734M->554M(909M) 42.888ms
[715.508s][info][gc,cpu         ] GC(2560) User=0.09s Sys=0.00s Real=0.04s
[715.724s][info][gc,start       ] GC(2561) Pause Young (Allocation Failure)
[715.809s][info][gc,heap        ] GC(2561) PSYoungGen: 247504K(263168K)->66528K(267264K) Eden: 200704K(200704K)->0K(200704K) From: 46800K(62464K)->66528K(66560K)
[715.809s][info][gc,heap        ] GC(2561) ParOldGen: 520626K(667648K)->558954K(667648K)
[715.809s][info][gc,metaspace   ] GC(2561) Metaspace: 19133K(19328K)->19133K(19328K) NonClass: 16473K(16576K)->16473K(16576K) Class: 2660K(2752K)->2660K(2752K)
[715.809s][info][gc             ] GC(2561) Pause Young (Allocation Failure) 750M->610M(913M) 85.602ms
[715.809s][info][gc,cpu         ] GC(2561) User=0.17s Sys=0.00s Real=0.08s
[716.055s][info][gc,start       ] GC(2562) Pause Young (Allocation Failure)
[716.168s][info][gc,heap        ] GC(2562) PSYoungGen: 267232K(267264K)->64304K(206848K) Eden: 200704K(200704K)->0K(140288K) From: 66528K(66560K)->64304K(66560K)
[716.168s][info][gc,heap        ] GC(2562) ParOldGen: 558954K(667648K)->589539K(667648K)
[716.168s][info][gc,metaspace   ] GC(2562) Metaspace: 19133K(19328K)->19133K(19328K) NonClass: 16473K(16576K)->16473K(16576K) Class: 2660K(2752K)->2660K(2752K)
[716.168s][info][gc             ] GC(2562) Pause Young (Allocation Failure) 806M->638M(854M) 113.007ms
[716.168s][info][gc,cpu         ] GC(2562) User=0.22s Sys=0.01s Real=0.11s
[716.325s][info][gc,start       ] GC(2563) Pause Young (Allocation Failure)
[716.423s][info][gc,heap        ] GC(2563) PSYoungGen: 204592K(206848K)->91440K(231936K) Eden: 140288K(140288K)->0K(140288K) From: 64304K(66560K)->91440K(91648K)
[716.424s][info][gc,heap        ] GC(2563) ParOldGen: 589539K(667648K)->589579K(667648K)
[716.424s][info][gc,metaspace   ] GC(2563) Metaspace: 19133K(19328K)->19133K(19328K) NonClass: 16473K(16576K)->16473K(16576K) Class: 2660K(2752K)->2660K(2752K)
[716.424s][info][gc             ] GC(2563) Pause Young (Allocation Failure) 775M->665M(878M) 98.722ms
[716.424s][info][gc,cpu         ] GC(2563) User=0.19s Sys=0.00s Real=0.10s
[716.555s][info][gc,start       ] GC(2564) Pause Young (Allocation Failure)
[716.660s][info][gc,heap        ] GC(2564) PSYoungGen: 231728K(231936K)->59456K(215552K) Eden: 140288K(140288K)->0K(113664K) From: 91440K(91648K)->59456K(101888K)
[716.660s][info][gc,heap        ] GC(2564) ParOldGen: 589579K(667648K)->625951K(667648K)
[716.660s][info][gc,metaspace   ] GC(2564) Metaspace: 19133K(19328K)->19133K(19328K) NonClass: 16473K(16576K)->16473K(16576K) Class: 2660K(2752K)->2660K(2752K)
[716.660s][info][gc             ] GC(2564) Pause Young (Allocation Failure) 802M->669M(862M) 104.250ms
[716.660s][info][gc,cpu         ] GC(2564) User=0.20s Sys=0.00s Real=0.10s
[716.787s][info][gc,start       ] GC(2565) Pause Full (Allocation Failure)
[716.787s][info][gc,phases,start] GC(2565) Marking Phase
[717.272s][info][gc,phases      ] GC(2565) Marking Phase 484.562ms
[717.272s][info][gc,phases,start] GC(2565) Summary Phase
[717.272s][info][gc,phases      ] GC(2565) Summary Phase 0.026ms
[717.272s][info][gc,phases,start] GC(2565) Forward
[717.379s][info][gc,phases      ] GC(2565) Forward 106.666ms
[717.379s][info][gc,phases,start] GC(2565) Adjust Pointers
[717.723s][info][gc,phases      ] GC(2565) Adjust Pointers 343.814ms
[717.723s][info][gc,phases,start] GC(2565) Compaction Phase
[717.931s][info][gc,phases      ] GC(2565) Compaction Phase 208.167ms
[717.941s][info][gc,phases,start] GC(2565) Post Compact
[717.943s][info][gc,phases      ] GC(2565) Post Compact 2.329ms
[717.943s][info][gc,heap        ] GC(2565) PSYoungGen: 173120K(215552K)->0K(223744K) Eden: 113664K(113664K)->0K(113664K) From: 59456K(101888K)->0K(110080K)
[717.943s][info][gc,heap        ] GC(2565) ParOldGen: 625951K(667648K)->664927K(667648K)
[717.943s][info][gc,metaspace   ] GC(2565) Metaspace: 19133K(19328K)->19133K(19328K) NonClass: 16473K(16576K)->16473K(16576K) Class: 2660K(2752K)->2660K(2752K)
[717.943s][info][gc             ] GC(2565) Pause Full (Allocation Failure) 780M->649M(870M) 1155.715ms
[717.943s][info][gc,cpu         ] GC(2565) User=2.25s Sys=0.01s Real=1.15s
[718.068s][info][gc,start       ] GC(2566) Pause Full (Allocation Failure)
[718.068s][info][gc,phases,start] GC(2566) Marking Phase
[718.431s][info][gc,phases      ] GC(2566) Marking Phase 363.062ms
[718.431s][info][gc,phases,start] GC(2566) Summary Phase
[718.431s][info][gc,phases      ] GC(2566) Summary Phase 0.034ms
[718.431s][info][gc,phases,start] GC(2566) Forward
[718.576s][info][gc,phases      ] GC(2566) Forward 144.992ms
[718.576s][info][gc,phases,start] GC(2566) Adjust Pointers
[718.857s][info][gc,phases      ] GC(2566) Adjust Pointers 280.298ms
[718.857s][info][gc,phases,start] GC(2566) Compaction Phase
[719.049s][info][gc,phases      ] GC(2566) Compaction Phase 191.932ms
[719.061s][info][gc,phases,start] GC(2566) Post Compact
[719.063s][info][gc,phases      ] GC(2566) Post Compact 2.293ms
[719.063s][info][gc,heap        ] GC(2566) PSYoungGen: 113664K(223744K)->0K(223744K) Eden: 113664K(113664K)->0K(113664K) From: 0K(110080K)->0K(110080K)
[719.063s][info][gc,heap        ] GC(2566) ParOldGen: 664927K(667648K)->481501K(667648K)
[719.063s][info][gc,metaspace   ] GC(2566) Metaspace: 19133K(19328K)->19133K(19328K) NonClass: 16473K(16576K)->16473K(16576K) Class: 2660K(2752K)->2660K(2752K)
[719.063s][info][gc             ] GC(2566) Pause Full (Allocation Failure) 760M->470M(870M) 995.248ms
[719.063s][info][gc,cpu         ] GC(2566) User=1.87s Sys=0.00s Real=1.00s
[719.218s][info][gc,start       ] GC(2567) Pause Young (Allocation Failure)
[719.229s][info][gc,heap        ] GC(2567) PSYoungGen: 113664K(223744K)->9312K(123392K) Eden: 113664K(113664K)->0K(113664K) From: 0K(110080K)->9312K(9728K)
[719.229s][info][gc,heap        ] GC(2567) ParOldGen: 481501K(667648K)->481501K(667648K)
[719.229s][info][gc,metaspace   ] GC(2567) Metaspace: 19133K(19328K)->19133K(19328K) NonClass: 16473K(16576K)->16473K(16576K) Class: 2660K(2752K)->2660K(2752K)
[719.229s][info][gc             ] GC(2567) Pause Young (Allocation Failure) 581M->479M(772M) 11.401ms
[719.229s][info][gc,cpu         ] GC(2567) User=0.03s Sys=0.01s Real=0.01s
[719.390s][info][gc,start       ] GC(2568) Pause Young (Allocation Failure)
[719.418s][info][gc,heap        ] GC(2568) PSYoungGen: 122976K(123392K)->27900K(227328K) Eden: 113664K(113664K)->0K(118272K) From: 9312K(9728K)->27900K(109056K)
[719.418s][info][gc,heap        ] GC(2568) ParOldGen: 481501K(667648K)->481501K(667648K)
[719.418s][info][gc,metaspace   ] GC(2568) Metaspace: 19133K(19328K)->19133K(19328K) NonClass: 16473K(16576K)->16473K(16576K) Class: 2660K(2752K)->2660K(2752K)
[719.418s][info][gc             ] GC(2568) Pause Young (Allocation Failure) 590M->497M(874M) 28.281ms
[719.418s][info][gc,cpu         ] GC(2568) User=0.06s Sys=0.00s Real=0.03s
[719.548s][info][gc,start       ] GC(2569) Pause Young (Allocation Failure)
[719.589s][info][gc,heap        ] GC(2569) PSYoungGen: 146172K(227328K)->40379K(158720K) Eden: 118272K(118272K)->0K(118272K) From: 27900K(109056K)->40379K(40448K)
[719.589s][info][gc,heap        ] GC(2569) ParOldGen: 481501K(667648K)->481501K(667648K)
[719.589s][info][gc,metaspace   ] GC(2569) Metaspace: 19133K(19328K)->19133K(19328K) NonClass: 16473K(16576K)->16473K(16576K) Class: 2660K(2752K)->2660K(2752K)
[719.589s][info][gc             ] GC(2569) Pause Young (Allocation Failure) 612M->509M(807M) 41.055ms
[719.589s][info][gc,cpu         ] GC(2569) User=0.08s Sys=0.00s Real=0.04s
[719.754s][info][gc,start       ] GC(2570) Pause Young (Allocation Failure)
[719.794s][info][gc,heap        ] GC(2570) PSYoungGen: 158651K(158720K)->43772K(221696K) Eden: 118272K(118272K)->0K(124416K) From: 40379K(40448K)->43772K(97280K)
[719.794s][info][gc,heap        ] GC(2570) ParOldGen: 481501K(667648K)->481501K(667648K)
[719.795s][info][gc,metaspace   ] GC(2570) Metaspace: 19134K(19328K)->19134K(19328K) NonClass: 16474K(16576K)->16474K(16576K) Class: 2660K(2752K)->2660K(2752K)
[719.795s][info][gc             ] GC(2570) Pause Young (Allocation Failure) 625M->512M(868M) 40.625ms
[719.795s][info][gc,cpu         ] GC(2570) User=0.08s Sys=0.00s Real=0.04s
[719.938s][info][gc,start       ] GC(2571) Pause Young (Allocation Failure)
[719.992s][info][gc,heap        ] GC(2571) PSYoungGen: 168188K(221696K)->57404K(218624K) Eden: 124416K(124416K)->0K(124416K) From: 43772K(97280K)->57404K(94208K)
[719.992s][info][gc,heap        ] GC(2571) ParOldGen: 481501K(667648K)->481501K(667648K)
[719.992s][info][gc,metaspace   ] GC(2571) Metaspace: 19134K(19328K)->19134K(19328K) NonClass: 16474K(16576K)->16474K(16576K) Class: 2660K(2752K)->2660K(2752K)
[719.992s][info][gc             ] GC(2571) Pause Young (Allocation Failure) 634M->526M(865M) 54.014ms
[719.992s][info][gc,cpu         ] GC(2571) User=0.11s Sys=0.00s Real=0.05s
[720.113s][info][gc,start       ] GC(2572) Pause Young (Allocation Failure)
[720.174s][info][gc,heap        ] GC(2572) PSYoungGen: 181820K(218624K)->65148K(226304K) Eden: 124416K(124416K)->0K(131072K) From: 57404K(94208K)->65148K(95232K)
[720.174s][info][gc,heap        ] GC(2572) ParOldGen: 481501K(667648K)->481501K(667648K)
[720.174s][info][gc,metaspace   ] GC(2572) Metaspace: 19134K(19328K)->19134K(19328K) NonClass: 16474K(16576K)->16474K(16576K) Class: 2660K(2752K)->2660K(2752K)
[720.174s][info][gc             ] GC(2572) Pause Young (Allocation Failure) 647M->533M(873M) 61.308ms
[720.174s][info][gc,cpu         ] GC(2572) User=0.12s Sys=0.00s Real=0.07s
[720.436s][info][gc,start       ] GC(2573) Pause Young (Allocation Failure)
[720.501s][info][gc,heap        ] GC(2573) PSYoungGen: 196220K(226304K)->68251K(229376K) Eden: 131072K(131072K)->0K(131072K) From: 65148K(95232K)->68251K(98304K)
[720.501s][info][gc,heap        ] GC(2573) ParOldGen: 481501K(667648K)->481501K(667648K)
[720.501s][info][gc,metaspace   ] GC(2573) Metaspace: 19134K(19328K)->19134K(19328K) NonClass: 16474K(16576K)->16474K(16576K) Class: 2660K(2752K)->2660K(2752K)
[720.501s][info][gc             ] GC(2573) Pause Young (Allocation Failure) 661M->536M(876M) 65.024ms
[720.501s][info][gc,cpu         ] GC(2573) User=0.13s Sys=0.00s Real=0.06s
[720.730s][info][gc,start       ] GC(2574) Pause Young (Allocation Failure)
[720.805s][info][gc,heap        ] GC(2574) PSYoungGen: 199323K(229376K)->76475K(220672K) Eden: 131072K(131072K)->0K(118784K) From: 68251K(98304K)->76475K(101888K)
[720.805s][info][gc,heap        ] GC(2574) ParOldGen: 481501K(667648K)->481501K(667648K)
[720.805s][info][gc,metaspace   ] GC(2574) Metaspace: 19134K(19328K)->19134K(19328K) NonClass: 16474K(16576K)->16474K(16576K) Class: 2660K(2752K)->2660K(2752K)
[720.805s][info][gc             ] GC(2574) Pause Young (Allocation Failure) 664M->544M(867M) 75.084ms
[720.805s][info][gc,cpu         ] GC(2574) User=0.15s Sys=0.00s Real=0.08s
[720.964s][info][gc,start       ] GC(2575) Pause Young (Allocation Failure)
[721.046s][info][gc,heap        ] GC(2575) PSYoungGen: 195259K(220672K)->83932K(202752K) Eden: 118784K(118784K)->0K(118784K) From: 76475K(101888K)->83932K(83968K)
[721.046s][info][gc,heap        ] GC(2575) ParOldGen: 481501K(667648K)->481501K(667648K)
[721.046s][info][gc,metaspace   ] GC(2575) Metaspace: 19134K(19328K)->19134K(19328K) NonClass: 16474K(16576K)->16474K(16576K) Class: 2660K(2752K)->2660K(2752K)
[721.046s][info][gc             ] GC(2575) Pause Young (Allocation Failure) 660M->552M(850M) 81.938ms
[721.046s][info][gc,cpu         ] GC(2575) User=0.16s Sys=0.00s Real=0.08s
[721.158s][info][gc,start       ] GC(2576) Pause Young (Allocation Failure)
[721.225s][info][gc,heap        ] GC(2576) PSYoungGen: 202716K(202752K)->67739K(222720K) Eden: 118784K(118784K)->0K(111616K) From: 83932K(83968K)->67739K(111104K)
[721.225s][info][gc,heap        ] GC(2576) ParOldGen: 481501K(667648K)->490797K(667648K)
[721.225s][info][gc,metaspace   ] GC(2576) Metaspace: 19134K(19328K)->19134K(19328K) NonClass: 16474K(16576K)->16474K(16576K) Class: 2660K(2752K)->2660K(2752K)
[721.225s][info][gc             ] GC(2576) Pause Young (Allocation Failure) 668M->545M(869M) 66.885ms
[721.225s][info][gc,cpu         ] GC(2576) User=0.13s Sys=0.00s Real=0.07s
[721.285s][info][gc,start       ] GC(2577) Pause Young (Allocation Failure)
[721.367s][info][gc,heap        ] GC(2577) PSYoungGen: 179355K(222720K)->86768K(222720K) Eden: 111616K(111616K)->0K(111616K) From: 67739K(111104K)->86768K(111104K)
[721.367s][info][gc,heap        ] GC(2577) ParOldGen: 490797K(667648K)->512914K(667648K)
[721.367s][info][gc,metaspace   ] GC(2577) Metaspace: 19134K(19328K)->19134K(19328K) NonClass: 16474K(16576K)->16474K(16576K) Class: 2660K(2752K)->2660K(2752K)
[721.367s][info][gc             ] GC(2577) Pause Young (Allocation Failure) 654M->585M(869M) 81.757ms
[721.367s][info][gc,cpu         ] GC(2577) User=0.17s Sys=0.00s Real=0.08s
[721.572s][info][gc,start       ] GC(2578) Pause Young (Allocation Failure)
[721.632s][info][gc,heap        ] GC(2578) PSYoungGen: 198384K(222720K)->89840K(222720K) Eden: 111616K(111616K)->0K(111616K) From: 86768K(111104K)->89840K(111104K)
[721.632s][info][gc,heap        ] GC(2578) ParOldGen: 512914K(667648K)->513026K(667648K)
[721.632s][info][gc,metaspace   ] GC(2578) Metaspace: 19134K(19328K)->19134K(19328K) NonClass: 16474K(16576K)->16474K(16576K) Class: 2660K(2752K)->2660K(2752K)
[721.632s][info][gc             ] GC(2578) Pause Young (Allocation Failure) 694M->588M(869M) 60.607ms
[721.632s][info][gc,cpu         ] GC(2578) User=0.12s Sys=0.00s Real=0.06s
[721.813s][info][gc,start       ] GC(2579) Pause Young (Allocation Failure)
[721.894s][info][gc,heap        ] GC(2579) PSYoungGen: 201456K(222720K)->93488K(222720K) Eden: 111616K(111616K)->0K(111616K) From: 89840K(111104K)->93488K(111104K)
[721.894s][info][gc,heap        ] GC(2579) ParOldGen: 513026K(667648K)->513226K(667648K)
[721.894s][info][gc,metaspace   ] GC(2579) Metaspace: 19134K(19328K)->19134K(19328K) NonClass: 16474K(16576K)->16474K(16576K) Class: 2660K(2752K)->2660K(2752K)
[721.894s][info][gc             ] GC(2579) Pause Young (Allocation Failure) 697M->592M(869M) 81.032ms
[721.894s][info][gc,cpu         ] GC(2579) User=0.16s Sys=0.00s Real=0.08s
[722.025s][info][gc,start       ] GC(2580) Pause Young (Allocation Failure)
[722.148s][info][gc,heap        ] GC(2580) PSYoungGen: 205104K(222720K)->111088K(222720K) Eden: 111616K(111616K)->0K(111616K) From: 93488K(111104K)->111088K(111104K)
[722.148s][info][gc,heap        ] GC(2580) ParOldGen: 513226K(667648K)->519279K(667648K)
[722.148s][info][gc,metaspace   ] GC(2580) Metaspace: 19134K(19328K)->19134K(19328K) NonClass: 16474K(16576K)->16474K(16576K) Class: 2660K(2752K)->2660K(2752K)
[722.148s][info][gc             ] GC(2580) Pause Young (Allocation Failure) 701M->615M(869M) 123.357ms
[722.148s][info][gc,cpu         ] GC(2580) User=0.23s Sys=0.01s Real=0.12s
[722.288s][info][gc,start       ] GC(2581) Pause Young (Allocation Failure)
[722.406s][info][gc,heap        ] GC(2581) PSYoungGen: 222704K(222720K)->54112K(222720K) Eden: 111616K(111616K)->0K(111616K) From: 111088K(111104K)->54112K(111104K)
[722.406s][info][gc,heap        ] GC(2581) ParOldGen: 519279K(667648K)->591631K(667648K)
[722.406s][info][gc,metaspace   ] GC(2581) Metaspace: 19134K(19328K)->19134K(19328K) NonClass: 16474K(16576K)->16474K(16576K) Class: 2660K(2752K)->2660K(2752K)
[722.406s][info][gc             ] GC(2581) Pause Young (Allocation Failure) 724M->630M(869M) 118.763ms
[722.407s][info][gc,cpu         ] GC(2581) User=0.24s Sys=0.00s Real=0.12s
[722.501s][info][gc,start       ] GC(2582) Pause Young (Allocation Failure)
[722.565s][info][gc,heap        ] GC(2582) PSYoungGen: 165728K(222720K)->37216K(222720K) Eden: 111616K(111616K)->0K(111616K) From: 54112K(111104K)->37216K(111104K)
[722.565s][info][gc,heap        ] GC(2582) ParOldGen: 591631K(667648K)->609239K(667648K)
[722.565s][info][gc,metaspace   ] GC(2582) Metaspace: 19134K(19328K)->19134K(19328K) NonClass: 16474K(16576K)->16474K(16576K) Class: 2660K(2752K)->2660K(2752K)
[722.565s][info][gc             ] GC(2582) Pause Young (Allocation Failure) 739M->631M(869M) 63.852ms
[722.565s][info][gc,cpu         ] GC(2582) User=0.13s Sys=0.00s Real=0.07s
[722.686s][info][gc,start       ] GC(2583) Pause Young (Allocation Failure)
[722.724s][info][gc,heap        ] GC(2583) PSYoungGen: 148832K(222720K)->864K(222720K) Eden: 111616K(111616K)->0K(111616K) From: 37216K(111104K)->864K(111104K)
[722.724s][info][gc,heap        ] GC(2583) ParOldGen: 609239K(667648K)->645863K(667648K)
[722.724s][info][gc,metaspace   ] GC(2583) Metaspace: 19134K(19328K)->19134K(19328K) NonClass: 16474K(16576K)->16474K(16576K) Class: 2660K(2752K)->2660K(2752K)
[722.724s][info][gc             ] GC(2583) Pause Young (Allocation Failure) 740M->631M(869M) 37.906ms
[722.724s][info][gc,cpu         ] GC(2583) User=0.08s Sys=0.00s Real=0.04s
[722.854s][info][gc,start       ] GC(2584) Pause Full (Allocation Failure)
[722.854s][info][gc,phases,start] GC(2584) Marking Phase
[723.219s][info][gc,phases      ] GC(2584) Marking Phase 364.289ms
[723.219s][info][gc,phases,start] GC(2584) Summary Phase
[723.219s][info][gc,phases      ] GC(2584) Summary Phase 0.025ms
[723.219s][info][gc,phases,start] GC(2584) Forward
[723.315s][info][gc,phases      ] GC(2584) Forward 96.220ms
[723.315s][info][gc,phases,start] GC(2584) Adjust Pointers
[723.597s][info][gc,phases      ] GC(2584) Adjust Pointers 281.501ms
[723.597s][info][gc,phases,start] GC(2584) Compaction Phase
[723.739s][info][gc,phases      ] GC(2584) Compaction Phase 142.063ms
[723.745s][info][gc,phases,start] GC(2584) Post Compact
[723.747s][info][gc,phases      ] GC(2584) Post Compact 2.218ms
[723.747s][info][gc,heap        ] GC(2584) PSYoungGen: 112480K(222720K)->0K(222720K) Eden: 111616K(111616K)->0K(111616K) From: 864K(111104K)->0K(111104K)
[723.747s][info][gc,heap        ] GC(2584) ParOldGen: 645863K(667648K)->515081K(667648K)
[723.747s][info][gc,metaspace   ] GC(2584) Metaspace: 19134K(19328K)->19134K(19328K) NonClass: 16474K(16576K)->16474K(16576K) Class: 2660K(2752K)->2660K(2752K)
[723.747s][info][gc             ] GC(2584) Pause Full (Allocation Failure) 740M->503M(869M) 892.754ms
[723.747s][info][gc,cpu         ] GC(2584) User=1.67s Sys=0.00s Real=0.89s
[723.951s][info][gc,start       ] GC(2585) Pause Young (Allocation Failure)
[723.963s][info][gc,heap        ] GC(2585) PSYoungGen: 111616K(222720K)->10064K(222720K) Eden: 111616K(111616K)->0K(111616K) From: 0K(111104K)->10064K(111104K)
[723.963s][info][gc,heap        ] GC(2585) ParOldGen: 515081K(667648K)->515081K(667648K)
[723.963s][info][gc,metaspace   ] GC(2585) Metaspace: 19134K(19328K)->19134K(19328K) NonClass: 16474K(16576K)->16474K(16576K) Class: 2660K(2752K)->2660K(2752K)
[723.963s][info][gc             ] GC(2585) Pause Young (Allocation Failure) 612M->512M(869M) 11.788ms
[723.963s][info][gc,cpu         ] GC(2585) User=0.03s Sys=0.00s Real=0.01s
[724.132s][info][gc,start       ] GC(2586) Pause Young (Allocation Failure)
[724.169s][info][gc,heap        ] GC(2586) PSYoungGen: 121680K(222720K)->16832K(222720K) Eden: 111616K(111616K)->0K(111616K) From: 10064K(111104K)->16832K(111104K)
[724.169s][info][gc,heap        ] GC(2586) ParOldGen: 515081K(667648K)->525129K(667648K)
[724.169s][info][gc,metaspace   ] GC(2586) Metaspace: 19134K(19328K)->19134K(19328K) NonClass: 16474K(16576K)->16474K(16576K) Class: 2660K(2752K)->2660K(2752K)
[724.169s][info][gc             ] GC(2586) Pause Young (Allocation Failure) 621M->529M(869M) 37.184ms
[724.169s][info][gc,cpu         ] GC(2586) User=0.08s Sys=0.00s Real=0.04s
[724.486s][info][gc,start       ] GC(2587) Pause Young (Allocation Failure)
[724.506s][info][gc,heap        ] GC(2587) PSYoungGen: 128448K(222720K)->416K(222720K) Eden: 111616K(111616K)->0K(111616K) From: 16832K(111104K)->416K(111104K)
[724.506s][info][gc,heap        ] GC(2587) ParOldGen: 525129K(667648K)->541969K(667648K)
[724.506s][info][gc,metaspace   ] GC(2587) Metaspace: 19134K(19328K)->19134K(19328K) NonClass: 16474K(16576K)->16474K(16576K) Class: 2660K(2752K)->2660K(2752K)
[724.506s][info][gc             ] GC(2587) Pause Young (Allocation Failure) 638M->529M(869M) 19.469ms
[724.506s][info][gc,cpu         ] GC(2587) User=0.04s Sys=0.00s Real=0.02s
[724.612s][info][gc,start       ] GC(2588) Pause Young (Allocation Failure)
[724.637s][info][gc,heap        ] GC(2588) PSYoungGen: 112032K(222720K)->33984K(222720K) Eden: 111616K(111616K)->0K(111616K) From: 416K(111104K)->33984K(111104K)
[724.637s][info][gc,heap        ] GC(2588) ParOldGen: 541969K(667648K)->542345K(667648K)
[724.637s][info][gc,metaspace   ] GC(2588) Metaspace: 19134K(19328K)->19134K(19328K) NonClass: 16474K(16576K)->16474K(16576K) Class: 2660K(2752K)->2660K(2752K)
[724.637s][info][gc             ] GC(2588) Pause Young (Allocation Failure) 638M->562M(869M) 24.830ms
[724.637s][info][gc,cpu         ] GC(2588) User=0.05s Sys=0.00s Real=0.03s
[724.772s][info][gc,start       ] GC(2589) Pause Young (Allocation Failure)
[724.800s][info][gc,heap        ] GC(2589) PSYoungGen: 145600K(222720K)->7328K(222720K) Eden: 111616K(111616K)->0K(111616K) From: 33984K(111104K)->7328K(111104K)
[724.800s][info][gc,heap        ] GC(2589) ParOldGen: 542345K(667648K)->576686K(667648K)
[724.800s][info][gc,metaspace   ] GC(2589) Metaspace: 19134K(19328K)->19134K(19328K) NonClass: 16474K(16576K)->16474K(16576K) Class: 2660K(2752K)->2660K(2752K)
[724.800s][info][gc             ] GC(2589) Pause Young (Allocation Failure) 671M->570M(869M) 28.410ms
[724.800s][info][gc,cpu         ] GC(2589) User=0.06s Sys=0.00s Real=0.03s
[724.983s][info][gc,start       ] GC(2590) Pause Young (Allocation Failure)
[725.006s][info][gc,heap        ] GC(2590) PSYoungGen: 118944K(222720K)->9728K(222720K) Eden: 111616K(111616K)->0K(111616K) From: 7328K(111104K)->9728K(111104K)
[725.006s][info][gc,heap        ] GC(2590) ParOldGen: 576686K(667648K)->584046K(667648K)
[725.006s][info][gc,metaspace   ] GC(2590) Metaspace: 19134K(19328K)->19134K(19328K) NonClass: 16474K(16576K)->16474K(16576K) Class: 2660K(2752K)->2660K(2752K)
[725.006s][info][gc             ] GC(2590) Pause Young (Allocation Failure) 679M->579M(869M) 23.347ms
[725.006s][info][gc,cpu         ] GC(2590) User=0.05s Sys=0.00s Real=0.03s
[725.160s][info][gc,start       ] GC(2591) Pause Young (Allocation Failure)
[725.182s][info][gc,heap        ] GC(2591) PSYoungGen: 121344K(222720K)->6880K(222720K) Eden: 111616K(111616K)->0K(111616K) From: 9728K(111104K)->6880K(111104K)
[725.182s][info][gc,heap        ] GC(2591) ParOldGen: 584046K(667648K)->593774K(667648K)
[725.182s][info][gc,metaspace   ] GC(2591) Metaspace: 19134K(19328K)->19134K(19328K) NonClass: 16474K(16576K)->16474K(16576K) Class: 2660K(2752K)->2660K(2752K)
[725.182s][info][gc             ] GC(2591) Pause Young (Allocation Failure) 688M->586M(869M) 21.527ms
[725.182s][info][gc,cpu         ] GC(2591) User=0.05s Sys=0.00s Real=0.02s
[725.298s][info][gc,start       ] GC(2592) Pause Young (Allocation Failure)
[725.321s][info][gc,heap        ] GC(2592) PSYoungGen: 118496K(222720K)->13952K(222720K) Eden: 111616K(111616K)->0K(111616K) From: 6880K(111104K)->13952K(111104K)
[725.321s][info][gc,heap        ] GC(2592) ParOldGen: 593774K(667648K)->600638K(667648K)
[725.321s][info][gc,metaspace   ] GC(2592) Metaspace: 19134K(19328K)->19134K(19328K) NonClass: 16474K(16576K)->16474K(16576K) Class: 2660K(2752K)->2660K(2752K)
[725.321s][info][gc             ] GC(2592) Pause Young (Allocation Failure) 695M->600M(869M) 22.756ms
[725.321s][info][gc,cpu         ] GC(2592) User=0.04s Sys=0.00s Real=0.02s
[725.438s][info][gc,start       ] GC(2593) Pause Young (Allocation Failure)
[725.456s][info][gc,heap        ] GC(2593) PSYoungGen: 125568K(222720K)->1632K(222720K) Eden: 111616K(111616K)->0K(111616K) From: 13952K(111104K)->1632K(111104K)
[725.456s][info][gc,heap        ] GC(2593) ParOldGen: 600638K(667648K)->614606K(667648K)
[725.456s][info][gc,metaspace   ] GC(2593) Metaspace: 19134K(19328K)->19134K(19328K) NonClass: 16474K(16576K)->16474K(16576K) Class: 2660K(2752K)->2660K(2752K)
[725.456s][info][gc             ] GC(2593) Pause Young (Allocation Failure) 709M->601M(869M) 17.798ms
[725.456s][info][gc,cpu         ] GC(2593) User=0.03s Sys=0.00s Real=0.02s
[725.608s][info][gc,start       ] GC(2594) Pause Young (Allocation Failure)
[725.619s][info][gc,heap        ] GC(2594) PSYoungGen: 113248K(222720K)->6880K(216576K) Eden: 111616K(111616K)->0K(111616K) From: 1632K(111104K)->6880K(104960K)
[725.619s][info][gc,heap        ] GC(2594) ParOldGen: 614606K(667648K)->616190K(667648K)
[725.619s][info][gc,metaspace   ] GC(2594) Metaspace: 19134K(19328K)->19134K(19328K) NonClass: 16474K(16576K)->16474K(16576K) Class: 2660K(2752K)->2660K(2752K)
[725.619s][info][gc             ] GC(2594) Pause Young (Allocation Failure) 710M->608M(863M) 11.235ms
[725.619s][info][gc,cpu         ] GC(2594) User=0.02s Sys=0.00s Real=0.01s
[725.878s][info][gc,start       ] GC(2595) Pause Young (Allocation Failure)
[725.897s][info][gc,heap        ] GC(2595) PSYoungGen: 118496K(216576K)->15840K(219648K) Eden: 111616K(111616K)->0K(111616K) From: 6880K(104960K)->15840K(108032K)
[725.897s][info][gc,heap        ] GC(2595) ParOldGen: 616190K(667648K)->616190K(667648K)
[725.897s][info][gc,metaspace   ] GC(2595) Metaspace: 19134K(19328K)->19134K(19328K) NonClass: 16474K(16576K)->16474K(16576K) Class: 2660K(2752K)->2660K(2752K)
[725.897s][info][gc             ] GC(2595) Pause Young (Allocation Failure) 717M->617M(866M) 18.890ms
[725.897s][info][gc,cpu         ] GC(2595) User=0.03s Sys=0.00s Real=0.02s
[726.179s][info][gc,start       ] GC(2596) Pause Young (Allocation Failure)
[726.197s][info][gc,heap        ] GC(2596) PSYoungGen: 127456K(219648K)->15872K(207360K) Eden: 111616K(111616K)->0K(117248K) From: 15840K(108032K)->15872K(90112K)
[726.197s][info][gc,heap        ] GC(2596) ParOldGen: 616190K(667648K)->616190K(667648K)
[726.197s][info][gc,metaspace   ] GC(2596) Metaspace: 19134K(19328K)->19134K(19328K) NonClass: 16474K(16576K)->16474K(16576K) Class: 2660K(2752K)->2660K(2752K)
[726.197s][info][gc             ] GC(2596) Pause Young (Allocation Failure) 726M->617M(854M) 18.415ms
[726.197s][info][gc,cpu         ] GC(2596) User=0.03s Sys=0.00s Real=0.02s
[726.459s][info][gc,start       ] GC(2597) Pause Young (Allocation Failure)
[726.479s][info][gc,heap        ] GC(2597) PSYoungGen: 133120K(207360K)->15872K(213504K) Eden: 117248K(117248K)->0K(117248K) From: 15872K(90112K)->15872K(96256K)
[726.479s][info][gc,heap        ] GC(2597) ParOldGen: 616190K(667648K)->616190K(667648K)
[726.479s][info][gc,metaspace   ] GC(2597) Metaspace: 19134K(19328K)->19134K(19328K) NonClass: 16474K(16576K)->16474K(16576K) Class: 2660K(2752K)->2660K(2752K)
[726.479s][info][gc             ] GC(2597) Pause Young (Allocation Failure) 731M->617M(860M) 19.531ms
[726.479s][info][gc,cpu         ] GC(2597) User=0.04s Sys=0.00s Real=0.02s
[726.708s][info][gc,start       ] GC(2598) Pause Young (Allocation Failure)
[726.730s][info][gc,heap        ] GC(2598) PSYoungGen: 133120K(213504K)->15872K(202240K) Eden: 117248K(117248K)->0K(122880K) From: 15872K(96256K)->15872K(79360K)
[726.730s][info][gc,heap        ] GC(2598) ParOldGen: 616190K(667648K)->616190K(667648K)
[726.730s][info][gc,metaspace   ] GC(2598) Metaspace: 19134K(19328K)->19134K(19328K) NonClass: 16474K(16576K)->16474K(16576K) Class: 2660K(2752K)->2660K(2752K)
[726.730s][info][gc             ] GC(2598) Pause Young (Allocation Failure) 731M->617M(849M) 22.147ms
[726.730s][info][gc,cpu         ] GC(2598) User=0.04s Sys=0.00s Real=0.02s
[726.924s][info][gc,start       ] GC(2599) Pause Young (Allocation Failure)
[726.963s][info][gc,heap        ] GC(2599) PSYoungGen: 138752K(202240K)->30752K(207872K) Eden: 122880K(122880K)->0K(122880K) From: 15872K(79360K)->30752K(84992K)
[726.963s][info][gc,heap        ] GC(2599) ParOldGen: 616190K(667648K)->616190K(667648K)
[726.963s][info][gc,metaspace   ] GC(2599) Metaspace: 19134K(19328K)->19134K(19328K) NonClass: 16474K(16576K)->16474K(16576K) Class: 2660K(2752K)->2660K(2752K)
[726.963s][info][gc             ] GC(2599) Pause Young (Allocation Failure) 737M->631M(855M) 38.401ms
[726.963s][info][gc,cpu         ] GC(2599) User=0.08s Sys=0.00s Real=0.03s
[727.031s][info][gc,start       ] GC(2600) Pause Young (Allocation Failure)
[727.092s][info][gc,heap        ] GC(2600) PSYoungGen: 153632K(207872K)->76480K(197632K) Eden: 122880K(122880K)->0K(115712K) From: 30752K(84992K)->76480K(81920K)
[727.092s][info][gc,heap        ] GC(2600) ParOldGen: 616190K(667648K)->616190K(667648K)
[727.092s][info][gc,metaspace   ] GC(2600) Metaspace: 19134K(19328K)->19134K(19328K) NonClass: 16474K(16576K)->16474K(16576K) Class: 2660K(2752K)->2660K(2752K)
[727.092s][info][gc             ] GC(2600) Pause Young (Allocation Failure) 751M->676M(845M) 60.609ms
[727.092s][info][gc,cpu         ] GC(2600) User=0.12s Sys=0.00s Real=0.06s
[727.259s][info][gc,start       ] GC(2601) Pause Young (Allocation Failure)
[727.319s][info][gc,heap        ] GC(2601) PSYoungGen: 192192K(197632K)->86416K(211456K) Eden: 115712K(115712K)->0K(115712K) From: 76480K(81920K)->86416K(95744K)
[727.319s][info][gc,heap        ] GC(2601) ParOldGen: 616190K(667648K)->616190K(667648K)
[727.319s][info][gc,metaspace   ] GC(2601) Metaspace: 19134K(19328K)->19134K(19328K) NonClass: 16474K(16576K)->16474K(16576K) Class: 2660K(2752K)->2660K(2752K)
[727.319s][info][gc             ] GC(2601) Pause Young (Allocation Failure) 789M->686M(858M) 59.316ms
[727.319s][info][gc,cpu         ] GC(2601) User=0.11s Sys=0.00s Real=0.06s
[727.454s][info][gc,start       ] GC(2602) Pause Young (Allocation Failure)
[727.531s][info][gc,heap        ] GC(2602) PSYoungGen: 202128K(211456K)->94169K(221696K) Eden: 115712K(115712K)->0K(111616K) From: 86416K(95744K)->94169K(110080K)
[727.531s][info][gc,heap        ] GC(2602) ParOldGen: 616190K(667648K)->616190K(667648K)
[727.531s][info][gc,metaspace   ] GC(2602) Metaspace: 19134K(19328K)->19134K(19328K) NonClass: 16474K(16576K)->16474K(16576K) Class: 2660K(2752K)->2660K(2752K)
[727.531s][info][gc             ] GC(2602) Pause Young (Allocation Failure) 799M->693M(868M) 76.958ms
[727.531s][info][gc,cpu         ] GC(2602) User=0.14s Sys=0.01s Real=0.07s
[727.587s][info][gc,start       ] GC(2603) Pause Young (Allocation Failure)
[727.707s][info][gc,heap        ] GC(2603) PSYoungGen: 205785K(221696K)->111081K(222720K) Eden: 111616K(111616K)->0K(111616K) From: 94169K(110080K)->111081K(111104K)
[727.707s][info][gc,heap        ] GC(2603) ParOldGen: 616190K(667648K)->651489K(667648K)
[727.707s][info][gc,metaspace   ] GC(2603) Metaspace: 19134K(19328K)->19134K(19328K) NonClass: 16474K(16576K)->16474K(16576K) Class: 2660K(2752K)->2660K(2752K)
[727.707s][info][gc             ] GC(2603) Pause Young (Allocation Failure) 802M->744M(869M) 120.023ms
[727.707s][info][gc,cpu         ] GC(2603) User=0.24s Sys=0.00s Real=0.12s
[727.824s][info][gc,start       ] GC(2604) Pause Full (Allocation Failure)
[727.824s][info][gc,phases,start] GC(2604) Marking Phase
[728.136s][info][gc,phases      ] GC(2604) Marking Phase 311.598ms
[728.136s][info][gc,phases,start] GC(2604) Summary Phase
[728.136s][info][gc,phases      ] GC(2604) Summary Phase 0.029ms
[728.136s][info][gc,phases,start] GC(2604) Forward
[728.278s][info][gc,phases      ] GC(2604) Forward 141.686ms
[728.278s][info][gc,phases,start] GC(2604) Adjust Pointers
[728.514s][info][gc,phases      ] GC(2604) Adjust Pointers 236.790ms
[728.514s][info][gc,phases,start] GC(2604) Compaction Phase
[728.656s][info][gc,phases      ] GC(2604) Compaction Phase 141.916ms
[728.667s][info][gc,phases,start] GC(2604) Post Compact
[728.670s][info][gc,phases      ] GC(2604) Post Compact 2.519ms
[728.670s][info][gc,heap        ] GC(2604) PSYoungGen: 222697K(222720K)->0K(222720K) Eden: 111616K(111616K)->0K(111616K) From: 111081K(111104K)->0K(111104K)
[728.670s][info][gc,heap        ] GC(2604) ParOldGen: 651489K(667648K)->462048K(667648K)
[728.670s][info][gc,metaspace   ] GC(2604) Metaspace: 19134K(19328K)->19134K(19328K) NonClass: 16474K(16576K)->16474K(16576K) Class: 2660K(2752K)->2660K(2752K)
[728.670s][info][gc             ] GC(2604) Pause Full (Allocation Failure) 853M->451M(869M) 845.900ms
[728.670s][info][gc,cpu         ] GC(2604) User=1.54s Sys=0.00s Real=0.84s
[728.774s][info][gc,start       ] GC(2605) Pause Young (Allocation Failure)
[728.781s][info][gc,heap        ] GC(2605) PSYoungGen: 111616K(222720K)->2144K(222720K) Eden: 111616K(111616K)->0K(111616K) From: 0K(111104K)->2144K(111104K)
[728.781s][info][gc,heap        ] GC(2605) ParOldGen: 462048K(667648K)->462048K(667648K)
[728.781s][info][gc,metaspace   ] GC(2605) Metaspace: 19134K(19328K)->19134K(19328K) NonClass: 16474K(16576K)->16474K(16576K) Class: 2660K(2752K)->2660K(2752K)
[728.781s][info][gc             ] GC(2605) Pause Young (Allocation Failure) 560M->453M(869M) 6.649ms
[728.781s][info][gc,cpu         ] GC(2605) User=0.01s Sys=0.00s Real=0.00s
[728.919s][info][gc,start       ] GC(2606) Pause Young (Allocation Failure)
[728.948s][info][gc,heap        ] GC(2606) PSYoungGen: 113760K(222720K)->14080K(222720K) Eden: 111616K(111616K)->0K(111616K) From: 2144K(111104K)->14080K(111104K)
[728.948s][info][gc,heap        ] GC(2606) ParOldGen: 462048K(667648K)->462048K(667648K)
[728.948s][info][gc,metaspace   ] GC(2606) Metaspace: 19134K(19328K)->19134K(19328K) NonClass: 16474K(16576K)->16474K(16576K) Class: 2660K(2752K)->2660K(2752K)
[728.948s][info][gc             ] GC(2606) Pause Young (Allocation Failure) 562M->464M(869M) 28.826ms
[728.948s][info][gc,cpu         ] GC(2606) User=0.06s Sys=0.01s Real=0.03s
[729.093s][info][gc,start       ] GC(2607) Pause Young (Allocation Failure)
[729.124s][info][gc,heap        ] GC(2607) PSYoungGen: 125696K(222720K)->19808K(222720K) Eden: 111616K(111616K)->0K(111616K) From: 14080K(111104K)->19808K(111104K)
[729.124s][info][gc,heap        ] GC(2607) ParOldGen: 462048K(667648K)->462048K(667648K)
[729.124s][info][gc,metaspace   ] GC(2607) Metaspace: 19134K(19328K)->19134K(19328K) NonClass: 16474K(16576K)->16474K(16576K) Class: 2660K(2752K)->2660K(2752K)
[729.124s][info][gc             ] GC(2607) Pause Young (Allocation Failure) 573M->470M(869M) 30.580ms
[729.124s][info][gc,cpu         ] GC(2607) User=0.06s Sys=0.00s Real=0.04s
[729.274s][info][gc,start       ] GC(2608) Pause Young (Allocation Failure)
[729.305s][info][gc,heap        ] GC(2608) PSYoungGen: 131424K(222720K)->19776K(222720K) Eden: 111616K(111616K)->0K(111616K) From: 19808K(111104K)->19776K(111104K)
[729.305s][info][gc,heap        ] GC(2608) ParOldGen: 462048K(667648K)->462048K(667648K)
[729.305s][info][gc,metaspace   ] GC(2608) Metaspace: 19134K(19328K)->19134K(19328K) NonClass: 16474K(16576K)->16474K(16576K) Class: 2660K(2752K)->2660K(2752K)
[729.305s][info][gc             ] GC(2608) Pause Young (Allocation Failure) 579M->470M(869M) 31.597ms
[729.306s][info][gc,cpu         ] GC(2608) User=0.06s Sys=0.00s Real=0.03s
[729.462s][info][gc,start       ] GC(2609) Pause Young (Allocation Failure)
[729.494s][info][gc,heap        ] GC(2609) PSYoungGen: 131392K(222720K)->5760K(222720K) Eden: 111616K(111616K)->0K(111616K) From: 19776K(111104K)->5760K(111104K)
[729.494s][info][gc,heap        ] GC(2609) ParOldGen: 462048K(667648K)->476120K(667648K)
[729.494s][info][gc,metaspace   ] GC(2609) Metaspace: 19134K(19328K)->19134K(19328K) NonClass: 16474K(16576K)->16474K(16576K) Class: 2660K(2752K)->2660K(2752K)
[729.494s][info][gc             ] GC(2609) Pause Young (Allocation Failure) 579M->470M(869M) 32.102ms
[729.494s][info][gc,cpu         ] GC(2609) User=0.06s Sys=0.00s Real=0.04s
[729.650s][info][gc,start       ] GC(2610) Pause Young (Allocation Failure)
[729.660s][info][gc,heap        ] GC(2610) PSYoungGen: 117376K(222720K)->64K(222720K) Eden: 111616K(111616K)->0K(111616K) From: 5760K(111104K)->64K(111104K)
[729.660s][info][gc,heap        ] GC(2610) ParOldGen: 476120K(667648K)->481864K(667648K)
[729.660s][info][gc,metaspace   ] GC(2610) Metaspace: 19134K(19328K)->19134K(19328K) NonClass: 16474K(16576K)->16474K(16576K) Class: 2660K(2752K)->2660K(2752K)
[729.660s][info][gc             ] GC(2610) Pause Young (Allocation Failure) 579M->470M(869M) 9.733ms
[729.660s][info][gc,cpu         ] GC(2610) User=0.02s Sys=0.00s Real=0.01s
[729.815s][info][gc,start       ] GC(2611) Pause Young (Allocation Failure)
[729.816s][info][gc,heap        ] GC(2611) PSYoungGen: 111680K(222720K)->64K(222720K) Eden: 111616K(111616K)->0K(111616K) From: 64K(111104K)->64K(111104K)
[729.816s][info][gc,heap        ] GC(2611) ParOldGen: 481864K(667648K)->481864K(667648K)
[729.816s][info][gc,metaspace   ] GC(2611) Metaspace: 19134K(19328K)->19134K(19328K) NonClass: 16474K(16576K)->16474K(16576K) Class: 2660K(2752K)->2660K(2752K)
[729.816s][info][gc             ] GC(2611) Pause Young (Allocation Failure) 579M->470M(869M) 1.630ms
[729.816s][info][gc,cpu         ] GC(2611) User=0.00s Sys=0.00s Real=0.00s
[729.974s][info][gc,start       ] GC(2612) Pause Young (Allocation Failure)
[729.976s][info][gc,heap        ] GC(2612) PSYoungGen: 111680K(222720K)->64K(222720K) Eden: 111616K(111616K)->0K(111616K) From: 64K(111104K)->64K(111104K)
[729.976s][info][gc,heap        ] GC(2612) ParOldGen: 481864K(667648K)->481864K(667648K)
[729.976s][info][gc,metaspace   ] GC(2612) Metaspace: 19134K(19328K)->19134K(19328K) NonClass: 16474K(16576K)->16474K(16576K) Class: 2660K(2752K)->2660K(2752K)
[729.976s][info][gc             ] GC(2612) Pause Young (Allocation Failure) 579M->470M(869M) 1.616ms
[729.976s][info][gc,cpu         ] GC(2612) User=0.01s Sys=0.00s Real=0.00s
[730.129s][info][gc,start       ] GC(2613) Pause Young (Allocation Failure)
[730.130s][info][gc,heap        ] GC(2613) PSYoungGen: 111680K(222720K)->64K(222720K) Eden: 111616K(111616K)->0K(111616K) From: 64K(111104K)->64K(111104K)
[730.130s][info][gc,heap        ] GC(2613) ParOldGen: 481864K(667648K)->481864K(667648K)
[730.130s][info][gc,metaspace   ] GC(2613) Metaspace: 19134K(19328K)->19134K(19328K) NonClass: 16474K(16576K)->16474K(16576K) Class: 2660K(2752K)->2660K(2752K)
[730.130s][info][gc             ] GC(2613) Pause Young (Allocation Failure) 579M->470M(869M) 1.587ms
[730.130s][info][gc,cpu         ] GC(2613) User=0.00s Sys=0.00s Real=0.00s
[730.278s][info][gc,start       ] GC(2614) Pause Young (Allocation Failure)
[730.279s][info][gc,heap        ] GC(2614) PSYoungGen: 111680K(222720K)->64K(218624K) Eden: 111616K(111616K)->0K(111616K) From: 64K(111104K)->64K(107008K)
[730.279s][info][gc,heap        ] GC(2614) ParOldGen: 481864K(667648K)->481864K(667648K)
[730.279s][info][gc,metaspace   ] GC(2614) Metaspace: 19134K(19328K)->19134K(19328K) NonClass: 16474K(16576K)->16474K(16576K) Class: 2660K(2752K)->2660K(2752K)
[730.279s][info][gc             ] GC(2614) Pause Young (Allocation Failure) 579M->470M(865M) 1.640ms
[730.279s][info][gc,cpu         ] GC(2614) User=0.00s Sys=0.00s Real=0.00s
[730.423s][info][gc,start       ] GC(2615) Pause Young (Allocation Failure)
[730.425s][info][gc,heap        ] GC(2615) PSYoungGen: 111680K(218624K)->64K(112128K) Eden: 111616K(111616K)->0K(111616K) From: 64K(107008K)->64K(512K)
[730.425s][info][gc,heap        ] GC(2615) ParOldGen: 481864K(667648K)->481864K(667648K)
[730.425s][info][gc,metaspace   ] GC(2615) Metaspace: 19134K(19328K)->19134K(19328K) NonClass: 16474K(16576K)->16474K(16576K) Class: 2660K(2752K)->2660K(2752K)
[730.425s][info][gc             ] GC(2615) Pause Young (Allocation Failure) 579M->470M(761M) 1.660ms
[730.425s][info][gc,cpu         ] GC(2615) User=0.01s Sys=0.00s Real=0.01s
[730.563s][info][gc,start       ] GC(2616) Pause Young (Allocation Failure)
[730.570s][info][gc,heap        ] GC(2616) PSYoungGen: 111680K(112128K)->4384K(206848K) Eden: 111616K(111616K)->0K(115200K) From: 64K(512K)->4384K(91648K)
[730.570s][info][gc,heap        ] GC(2616) ParOldGen: 481864K(667648K)->481864K(667648K)
[730.570s][info][gc,metaspace   ] GC(2616) Metaspace: 19134K(19328K)->19134K(19328K) NonClass: 16474K(16576K)->16474K(16576K) Class: 2660K(2752K)->2660K(2752K)
[730.570s][info][gc             ] GC(2616) Pause Young (Allocation Failure) 579M->474M(854M) 7.020ms
[730.570s][info][gc,cpu         ] GC(2616) User=0.01s Sys=0.00s Real=0.01s
[730.675s][info][gc,start       ] GC(2617) Pause Young (Allocation Failure)
[730.700s][info][gc,heap        ] GC(2617) PSYoungGen: 119584K(206848K)->21792K(137216K) Eden: 115200K(115200K)->0K(115200K) From: 4384K(91648K)->21792K(22016K)
[730.700s][info][gc,heap        ] GC(2617) ParOldGen: 481864K(667648K)->481864K(667648K)
[730.700s][info][gc,metaspace   ] GC(2617) Metaspace: 19134K(19328K)->19134K(19328K) NonClass: 16474K(16576K)->16474K(16576K) Class: 2660K(2752K)->2660K(2752K)
[730.700s][info][gc             ] GC(2617) Pause Young (Allocation Failure) 587M->491M(786M) 25.063ms
[730.700s][info][gc,cpu         ] GC(2617) User=0.05s Sys=0.00s Real=0.02s
[730.817s][info][gc,start       ] GC(2618) Pause Young (Allocation Failure)
[730.855s][info][gc,heap        ] GC(2618) PSYoungGen: 136992K(137216K)->34944K(212480K) Eden: 115200K(115200K)->0K(121856K) From: 21792K(22016K)->34944K(90624K)
[730.855s][info][gc,heap        ] GC(2618) ParOldGen: 481864K(667648K)->481864K(667648K)
[730.855s][info][gc,metaspace   ] GC(2618) Metaspace: 19134K(19328K)->19134K(19328K) NonClass: 16474K(16576K)->16474K(16576K) Class: 2660K(2752K)->2660K(2752K)
[730.855s][info][gc             ] GC(2618) Pause Young (Allocation Failure) 604M->504M(859M) 37.116ms
[730.855s][info][gc,cpu         ] GC(2618) User=0.08s Sys=0.00s Real=0.04s
[730.941s][info][gc,start       ] GC(2619) Pause Young (Allocation Failure)
[730.977s][info][gc,heap        ] GC(2619) PSYoungGen: 156800K(212480K)->35648K(211968K) Eden: 121856K(121856K)->0K(121856K) From: 34944K(90624K)->35648K(90112K)
[730.977s][info][gc,heap        ] GC(2619) ParOldGen: 481864K(667648K)->481864K(667648K)
[730.977s][info][gc,metaspace   ] GC(2619) Metaspace: 19134K(19328K)->19134K(19328K) NonClass: 16474K(16576K)->16474K(16576K) Class: 2660K(2752K)->2660K(2752K)
[730.977s][info][gc             ] GC(2619) Pause Young (Allocation Failure) 623M->505M(859M) 35.452ms
[730.977s][info][gc,cpu         ] GC(2619) User=0.07s Sys=0.00s Real=0.04s
[731.082s][info][gc,start       ] GC(2620) Pause Young (Allocation Failure)
[731.132s][info][gc,heap        ] GC(2620) PSYoungGen: 157504K(211968K)->46720K(217600K) Eden: 121856K(121856K)->0K(128512K) From: 35648K(90112K)->46720K(89088K)
[731.132s][info][gc,heap        ] GC(2620) ParOldGen: 481864K(667648K)->481864K(667648K)
[731.132s][info][gc,metaspace   ] GC(2620) Metaspace: 19134K(19328K)->19134K(19328K) NonClass: 16474K(16576K)->16474K(16576K) Class: 2660K(2752K)->2660K(2752K)
[731.132s][info][gc             ] GC(2620) Pause Young (Allocation Failure) 624M->516M(864M) 49.236ms
[731.132s][info][gc,cpu         ] GC(2620) User=0.09s Sys=0.00s Real=0.05s
[731.230s][info][gc,start       ] GC(2621) Pause Young (Allocation Failure)
[731.292s][info][gc,heap        ] GC(2621) PSYoungGen: 175232K(217600K)->61728K(220160K) Eden: 128512K(128512K)->0K(128512K) From: 46720K(89088K)->61728K(91648K)
[731.292s][info][gc,heap        ] GC(2621) ParOldGen: 481864K(667648K)->481864K(667648K)
[731.292s][info][gc,metaspace   ] GC(2621) Metaspace: 19134K(19328K)->19134K(19328K) NonClass: 16474K(16576K)->16474K(16576K) Class: 2660K(2752K)->2660K(2752K)
[731.292s][info][gc             ] GC(2621) Pause Young (Allocation Failure) 641M->530M(867M) 62.148ms
[731.292s][info][gc,cpu         ] GC(2621) User=0.12s Sys=0.00s Real=0.06s
[731.386s][info][gc,start       ] GC(2622) Pause Young (Allocation Failure)
[731.460s][info][gc,heap        ] GC(2622) PSYoungGen: 190240K(220160K)->71328K(217088K) Eden: 128512K(128512K)->0K(117760K) From: 61728K(91648K)->71328K(99328K)
[731.460s][info][gc,heap        ] GC(2622) ParOldGen: 481864K(667648K)->481864K(667648K)
[731.460s][info][gc,metaspace   ] GC(2622) Metaspace: 19134K(19328K)->19134K(19328K) NonClass: 16474K(16576K)->16474K(16576K) Class: 2660K(2752K)->2660K(2752K)
[731.460s][info][gc             ] GC(2622) Pause Young (Allocation Failure) 656M->540M(864M) 74.463ms
[731.460s][info][gc,cpu         ] GC(2622) User=0.14s Sys=0.01s Real=0.07s
[731.535s][info][gc,start       ] GC(2623) Pause Young (Allocation Failure)
[731.615s][info][gc,heap        ] GC(2623) PSYoungGen: 189088K(217088K)->83424K(201216K) Eden: 117760K(117760K)->0K(117760K) From: 71328K(99328K)->83424K(83456K)
[731.615s][info][gc,heap        ] GC(2623) ParOldGen: 481864K(667648K)->481864K(667648K)
[731.615s][info][gc,metaspace   ] GC(2623) Metaspace: 19134K(19328K)->19134K(19328K) NonClass: 16474K(16576K)->16474K(16576K) Class: 2660K(2752K)->2660K(2752K)
[731.615s][info][gc             ] GC(2623) Pause Young (Allocation Failure) 655M->552M(848M) 80.445ms
[731.616s][info][gc,cpu         ] GC(2623) User=0.16s Sys=0.00s Real=0.08s
[731.725s][info][gc,start       ] GC(2624) Pause Young (Allocation Failure)
[731.814s][info][gc,heap        ] GC(2624) PSYoungGen: 201184K(201216K)->86400K(222720K) Eden: 117760K(117760K)->0K(111616K) From: 83424K(83456K)->86400K(111104K)
[731.814s][info][gc,heap        ] GC(2624) ParOldGen: 481864K(667648K)->486208K(667648K)
[731.814s][info][gc,metaspace   ] GC(2624) Metaspace: 19134K(19328K)->19134K(19328K) NonClass: 16474K(16576K)->16474K(16576K) Class: 2660K(2752K)->2660K(2752K)
[731.814s][info][gc             ] GC(2624) Pause Young (Allocation Failure) 667M->559M(869M) 88.852ms
[731.814s][info][gc,cpu         ] GC(2624) User=0.17s Sys=0.00s Real=0.09s
[731.890s][info][gc,start       ] GC(2625) Pause Young (Allocation Failure)
[731.985s][info][gc,heap        ] GC(2625) PSYoungGen: 198016K(222720K)->66240K(222720K) Eden: 111616K(111616K)->0K(111616K) From: 86400K(111104K)->66240K(111104K)
[731.985s][info][gc,heap        ] GC(2625) ParOldGen: 486208K(667648K)->516864K(667648K)
[731.985s][info][gc,metaspace   ] GC(2625) Metaspace: 19134K(19328K)->19134K(19328K) NonClass: 16474K(16576K)->16474K(16576K) Class: 2660K(2752K)->2660K(2752K)
[731.985s][info][gc             ] GC(2625) Pause Young (Allocation Failure) 668M->569M(869M) 95.311ms
[731.985s][info][gc,cpu         ] GC(2625) User=0.19s Sys=0.00s Real=0.10s
[732.115s][info][gc,start       ] GC(2626) Pause Young (Allocation Failure)
[732.182s][info][gc,heap        ] GC(2626) PSYoungGen: 177856K(222720K)->56576K(222720K) Eden: 111616K(111616K)->0K(111616K) From: 66240K(111104K)->56576K(111104K)
[732.182s][info][gc,heap        ] GC(2626) ParOldGen: 516864K(667648K)->528680K(667648K)
[732.182s][info][gc,metaspace   ] GC(2626) Metaspace: 19134K(19328K)->19134K(19328K) NonClass: 16474K(16576K)->16474K(16576K) Class: 2660K(2752K)->2660K(2752K)
[732.182s][info][gc             ] GC(2626) Pause Young (Allocation Failure) 678M->571M(869M) 67.121ms
[732.182s][info][gc,cpu         ] GC(2626) User=0.13s Sys=0.00s Real=0.06s
[732.388s][info][gc,start       ] GC(2627) Pause Young (Allocation Failure)
[732.458s][info][gc,heap        ] GC(2627) PSYoungGen: 168192K(222720K)->43888K(222720K) Eden: 111616K(111616K)->0K(111616K) From: 56576K(111104K)->43888K(111104K)
[732.458s][info][gc,heap        ] GC(2627) ParOldGen: 528680K(667648K)->553352K(667648K)
[732.458s][info][gc,metaspace   ] GC(2627) Metaspace: 19134K(19328K)->19134K(19328K) NonClass: 16474K(16576K)->16474K(16576K) Class: 2660K(2752K)->2660K(2752K)
[732.458s][info][gc             ] GC(2627) Pause Young (Allocation Failure) 680M->583M(869M) 70.325ms
[732.458s][info][gc,cpu         ] GC(2627) User=0.14s Sys=0.00s Real=0.07s
[732.615s][info][gc,start       ] GC(2628) Pause Young (Allocation Failure)
[732.673s][info][gc,heap        ] GC(2628) PSYoungGen: 155504K(222720K)->36096K(222720K) Eden: 111616K(111616K)->0K(111616K) From: 43888K(111104K)->36096K(111104K)
[732.674s][info][gc,heap        ] GC(2628) ParOldGen: 553352K(667648K)->572801K(667648K)
[732.674s][info][gc,metaspace   ] GC(2628) Metaspace: 19134K(19328K)->19134K(19328K) NonClass: 16474K(16576K)->16474K(16576K) Class: 2660K(2752K)->2660K(2752K)
[732.674s][info][gc             ] GC(2628) Pause Young (Allocation Failure) 692M->594M(869M) 59.005ms
[732.674s][info][gc,cpu         ] GC(2628) User=0.11s Sys=0.00s Real=0.06s
[733.057s][info][gc,start       ] GC(2629) Pause Young (Allocation Failure)
[733.095s][info][gc,heap        ] GC(2629) PSYoungGen: 147712K(222720K)->23648K(135680K) Eden: 111616K(111616K)->0K(111616K) From: 36096K(111104K)->23648K(24064K)
[733.095s][info][gc,heap        ] GC(2629) ParOldGen: 572801K(667648K)->585369K(667648K)
[733.095s][info][gc,metaspace   ] GC(2629) Metaspace: 19134K(19328K)->19134K(19328K) NonClass: 16474K(16576K)->16474K(16576K) Class: 2660K(2752K)->2660K(2752K)
[733.095s][info][gc             ] GC(2629) Pause Young (Allocation Failure) 703M->594M(784M) 38.125ms
[733.095s][info][gc,cpu         ] GC(2629) User=0.07s Sys=0.00s Real=0.04s
[733.377s][info][gc,start       ] GC(2630) Pause Young (Allocation Failure)
[733.402s][info][gc,heap        ] GC(2630) PSYoungGen: 135264K(135680K)->11712K(222720K) Eden: 111616K(111616K)->0K(113152K) From: 23648K(24064K)->11712K(109568K)
[733.402s][info][gc,heap        ] GC(2630) ParOldGen: 585369K(667648K)->597321K(667648K)
[733.402s][info][gc,metaspace   ] GC(2630) Metaspace: 19134K(19328K)->19134K(19328K) NonClass: 16474K(16576K)->16474K(16576K) Class: 2660K(2752K)->2660K(2752K)
[733.402s][info][gc             ] GC(2630) Pause Young (Allocation Failure) 703M->594M(869M) 25.306ms
[733.402s][info][gc,cpu         ] GC(2630) User=0.05s Sys=0.00s Real=0.02s
[733.684s][info][gc,start       ] GC(2631) Pause Young (Allocation Failure)
[733.697s][info][gc,heap        ] GC(2631) PSYoungGen: 124864K(222720K)->11680K(221184K) Eden: 113152K(113152K)->0K(113152K) From: 11712K(109568K)->11680K(108032K)
[733.697s][info][gc,heap        ] GC(2631) ParOldGen: 597321K(667648K)->597321K(667648K)
[733.697s][info][gc,metaspace   ] GC(2631) Metaspace: 19134K(19328K)->19134K(19328K) NonClass: 16474K(16576K)->16474K(16576K) Class: 2660K(2752K)->2660K(2752K)
[733.698s][info][gc             ] GC(2631) Pause Young (Allocation Failure) 705M->594M(868M) 13.950ms
[733.698s][info][gc,cpu         ] GC(2631) User=0.02s Sys=0.00s Real=0.01s
[733.965s][info][gc,start       ] GC(2632) Pause Young (Allocation Failure)
[733.981s][info][gc,heap        ] GC(2632) PSYoungGen: 124832K(221184K)->11712K(222720K) Eden: 113152K(113152K)->0K(119296K) From: 11680K(108032K)->11712K(103424K)
[733.981s][info][gc,heap        ] GC(2632) ParOldGen: 597321K(667648K)->597321K(667648K)
[733.981s][info][gc,metaspace   ] GC(2632) Metaspace: 19134K(19328K)->19134K(19328K) NonClass: 16474K(16576K)->16474K(16576K) Class: 2660K(2752K)->2660K(2752K)
[733.981s][info][gc             ] GC(2632) Pause Young (Allocation Failure) 705M->594M(869M) 16.022ms
[733.981s][info][gc,cpu         ] GC(2632) User=0.03s Sys=0.00s Real=0.01s
[734.264s][info][gc,start       ] GC(2633) Pause Young (Allocation Failure)
[734.280s][info][gc,heap        ] GC(2633) PSYoungGen: 131008K(222720K)->11680K(222208K) Eden: 119296K(119296K)->0K(119296K) From: 11712K(103424K)->11680K(102912K)
[734.280s][info][gc,heap        ] GC(2633) ParOldGen: 597321K(667648K)->597321K(667648K)
[734.280s][info][gc,metaspace   ] GC(2633) Metaspace: 19134K(19328K)->19134K(19328K) NonClass: 16474K(16576K)->16474K(16576K) Class: 2660K(2752K)->2660K(2752K)
[734.280s][info][gc             ] GC(2633) Pause Young (Allocation Failure) 711M->594M(869M) 15.937ms
[734.280s][info][gc,cpu         ] GC(2633) User=0.03s Sys=0.00s Real=0.01s
[734.563s][info][gc,start       ] GC(2634) Pause Young (Allocation Failure)
[734.578s][info][gc,heap        ] GC(2634) PSYoungGen: 130976K(222208K)->11712K(219648K) Eden: 119296K(119296K)->0K(126464K) From: 11680K(102912K)->11712K(93184K)
[734.578s][info][gc,heap        ] GC(2634) ParOldGen: 597321K(667648K)->597321K(667648K)
[734.578s][info][gc,metaspace   ] GC(2634) Metaspace: 19134K(19328K)->19134K(19328K) NonClass: 16474K(16576K)->16474K(16576K) Class: 2660K(2752K)->2660K(2752K)
[734.578s][info][gc             ] GC(2634) Pause Young (Allocation Failure) 711M->594M(866M) 15.870ms
[734.578s][info][gc,cpu         ] GC(2634) User=0.03s Sys=0.00s Real=0.02s
[734.901s][info][gc,start       ] GC(2635) Pause Young (Allocation Failure)
[734.916s][info][gc,heap        ] GC(2635) PSYoungGen: 138176K(219648K)->11712K(223232K) Eden: 126464K(126464K)->0K(126464K) From: 11712K(93184K)->11712K(96768K)
[734.916s][info][gc,heap        ] GC(2635) ParOldGen: 597321K(667648K)->597321K(667648K)
[734.916s][info][gc,metaspace   ] GC(2635) Metaspace: 19134K(19328K)->19134K(19328K) NonClass: 16474K(16576K)->16474K(16576K) Class: 2660K(2752K)->2660K(2752K)
[734.916s][info][gc             ] GC(2635) Pause Young (Allocation Failure) 718M->594M(870M) 14.702ms
[734.916s][info][gc,cpu         ] GC(2635) User=0.03s Sys=0.00s Real=0.02s
[735.162s][info][gc,start       ] GC(2636) Pause Young (Allocation Failure)
[735.178s][info][gc,heap        ] GC(2636) PSYoungGen: 138176K(223232K)->13856K(217088K) Eden: 126464K(126464K)->0K(132608K) From: 11712K(96768K)->13856K(84480K)
[735.178s][info][gc,heap        ] GC(2636) ParOldGen: 597321K(667648K)->597321K(667648K)
[735.178s][info][gc,metaspace   ] GC(2636) Metaspace: 19134K(19328K)->19134K(19328K) NonClass: 16474K(16576K)->16474K(16576K) Class: 2660K(2752K)->2660K(2752K)
[735.178s][info][gc             ] GC(2636) Pause Young (Allocation Failure) 718M->596M(864M) 15.629ms
[735.178s][info][gc,cpu         ] GC(2636) User=0.03s Sys=0.00s Real=0.02s
[735.296s][info][gc,start       ] GC(2637) Pause Young (Allocation Failure)
[735.342s][info][gc,heap        ] GC(2637) PSYoungGen: 146464K(217088K)->57184K(221696K) Eden: 132608K(132608K)->0K(132608K) From: 13856K(84480K)->57184K(89088K)
[735.342s][info][gc,heap        ] GC(2637) ParOldGen: 597321K(667648K)->597321K(667648K)
[735.342s][info][gc,metaspace   ] GC(2637) Metaspace: 19134K(19328K)->19134K(19328K) NonClass: 16474K(16576K)->16474K(16576K) Class: 2660K(2752K)->2660K(2752K)
[735.342s][info][gc             ] GC(2637) Pause Young (Allocation Failure) 726M->639M(868M) 46.457ms
[735.342s][info][gc,cpu         ] GC(2637) User=0.10s Sys=0.00s Real=0.04s
[735.535s][info][gc,start       ] GC(2638) Pause Young (Allocation Failure)
[735.602s][info][gc,heap        ] GC(2638) PSYoungGen: 189792K(221696K)->84464K(211968K) Eden: 132608K(132608K)->0K(117760K) From: 57184K(89088K)->84464K(94208K)
[735.602s][info][gc,heap        ] GC(2638) ParOldGen: 597321K(667648K)->597321K(667648K)
[735.602s][info][gc,metaspace   ] GC(2638) Metaspace: 19134K(19328K)->19134K(19328K) NonClass: 16474K(16576K)->16474K(16576K) Class: 2660K(2752K)->2660K(2752K)
[735.602s][info][gc             ] GC(2638) Pause Young (Allocation Failure) 768M->665M(859M) 67.547ms
[735.602s][info][gc,cpu         ] GC(2638) User=0.12s Sys=0.00s Real=0.06s
[735.721s][info][gc,start       ] GC(2639) Pause Young (Allocation Failure)
[735.783s][info][gc,heap        ] GC(2639) PSYoungGen: 202224K(211968K)->88432K(206336K) Eden: 117760K(117760K)->0K(117760K) From: 84464K(94208K)->88432K(88576K)
[735.783s][info][gc,heap        ] GC(2639) ParOldGen: 597321K(667648K)->597321K(667648K)
[735.783s][info][gc,metaspace   ] GC(2639) Metaspace: 19134K(19328K)->19134K(19328K) NonClass: 16474K(16576K)->16474K(16576K) Class: 2660K(2752K)->2660K(2752K)
[735.783s][info][gc             ] GC(2639) Pause Young (Allocation Failure) 780M->669M(853M) 61.558ms
[735.783s][info][gc,cpu         ] GC(2639) User=0.12s Sys=0.00s Real=0.06s
[735.926s][info][gc,start       ] GC(2640) Pause Young (Allocation Failure)
[736.034s][info][gc,heap        ] GC(2640) PSYoungGen: 206192K(206336K)->108711K(222720K) Eden: 117760K(117760K)->0K(111616K) From: 88432K(88576K)->108711K(111104K)
[736.034s][info][gc,heap        ] GC(2640) ParOldGen: 597321K(667648K)->608945K(667648K)
[736.034s][info][gc,metaspace   ] GC(2640) Metaspace: 19134K(19328K)->19134K(19328K) NonClass: 16474K(16576K)->16474K(16576K) Class: 2660K(2752K)->2660K(2752K)
[736.035s][info][gc             ] GC(2640) Pause Young (Allocation Failure) 784M->700M(869M) 108.110ms
[736.035s][info][gc,cpu         ] GC(2640) User=0.21s Sys=0.00s Real=0.11s
[736.094s][info][gc,start       ] GC(2641) Pause Young (Allocation Failure)
[736.209s][info][gc,heap        ] GC(2641) PSYoungGen: 220327K(222720K)->111088K(222720K) Eden: 111616K(111616K)->0K(111616K) From: 108711K(111104K)->111088K(111104K)
[736.209s][info][gc,heap        ] GC(2641) ParOldGen: 608945K(667648K)->643160K(667648K)
[736.209s][info][gc,metaspace   ] GC(2641) Metaspace: 19134K(19328K)->19134K(19328K) NonClass: 16474K(16576K)->16474K(16576K) Class: 2660K(2752K)->2660K(2752K)
[736.209s][info][gc             ] GC(2641) Pause Young (Allocation Failure) 809M->736M(869M) 114.695ms
[736.209s][info][gc,cpu         ] GC(2641) User=0.22s Sys=0.00s Real=0.11s
[736.322s][info][gc,start       ] GC(2642) Pause Full (Allocation Failure)
[736.322s][info][gc,phases,start] GC(2642) Marking Phase
[736.567s][info][gc,phases      ] GC(2642) Marking Phase 245.323ms
[736.567s][info][gc,phases,start] GC(2642) Summary Phase
[736.567s][info][gc,phases      ] GC(2642) Summary Phase 0.030ms
[736.567s][info][gc,phases,start] GC(2642) Forward
[736.658s][info][gc,phases      ] GC(2642) Forward 90.890ms
[736.658s][info][gc,phases,start] GC(2642) Adjust Pointers
[736.851s][info][gc,phases      ] GC(2642) Adjust Pointers 192.401ms
[736.851s][info][gc,phases,start] GC(2642) Compaction Phase
[736.962s][info][gc,phases      ] GC(2642) Compaction Phase 111.633ms
[736.970s][info][gc,phases,start] GC(2642) Post Compact
[736.973s][info][gc,phases      ] GC(2642) Post Compact 2.441ms
[736.973s][info][gc,heap        ] GC(2642) PSYoungGen: 222704K(222720K)->0K(222720K) Eden: 111616K(111616K)->0K(111616K) From: 111088K(111104K)->0K(111104K)
[736.973s][info][gc,heap        ] GC(2642) ParOldGen: 643160K(667648K)->375696K(667648K)
[736.973s][info][gc,metaspace   ] GC(2642) Metaspace: 19134K(19328K)->19134K(19328K) NonClass: 16474K(16576K)->16474K(16576K) Class: 2660K(2752K)->2660K(2752K)
[736.973s][info][gc             ] GC(2642) Pause Full (Allocation Failure) 845M->366M(869M) 651.200ms
[736.973s][info][gc,cpu         ] GC(2642) User=1.22s Sys=0.00s Real=0.65s
[737.093s][info][gc,start       ] GC(2643) Pause Young (Allocation Failure)
[737.094s][info][gc,heap        ] GC(2643) PSYoungGen: 111616K(222720K)->96K(222720K) Eden: 111616K(111616K)->0K(111616K) From: 0K(111104K)->96K(111104K)
[737.094s][info][gc,heap        ] GC(2643) ParOldGen: 375696K(667648K)->375696K(667648K)
[737.094s][info][gc,metaspace   ] GC(2643) Metaspace: 19134K(19328K)->19134K(19328K) NonClass: 16474K(16576K)->16474K(16576K) Class: 2660K(2752K)->2660K(2752K)
[737.094s][info][gc             ] GC(2643) Pause Young (Allocation Failure) 475M->366M(869M) 1.624ms
[737.094s][info][gc,cpu         ] GC(2643) User=0.01s Sys=0.00s Real=0.01s
[737.209s][info][gc,start       ] GC(2644) Pause Young (Allocation Failure)
[737.211s][info][gc,heap        ] GC(2644) PSYoungGen: 111712K(222720K)->192K(222720K) Eden: 111616K(111616K)->0K(111616K) From: 96K(111104K)->192K(111104K)
[737.211s][info][gc,heap        ] GC(2644) ParOldGen: 375696K(667648K)->375696K(667648K)
[737.211s][info][gc,metaspace   ] GC(2644) Metaspace: 19134K(19328K)->19134K(19328K) NonClass: 16474K(16576K)->16474K(16576K) Class: 2660K(2752K)->2660K(2752K)
[737.211s][info][gc             ] GC(2644) Pause Young (Allocation Failure) 475M->367M(869M) 1.674ms
[737.211s][info][gc,cpu         ] GC(2644) User=0.01s Sys=0.00s Real=0.00s
[737.323s][info][gc,start       ] GC(2645) Pause Young (Allocation Failure)
[737.325s][info][gc,heap        ] GC(2645) PSYoungGen: 111808K(222720K)->288K(222720K) Eden: 111616K(111616K)->0K(111616K) From: 192K(111104K)->288K(111104K)
[737.325s][info][gc,heap        ] GC(2645) ParOldGen: 375696K(667648K)->375696K(667648K)
[737.325s][info][gc,metaspace   ] GC(2645) Metaspace: 19134K(19328K)->19134K(19328K) NonClass: 16474K(16576K)->16474K(16576K) Class: 2660K(2752K)->2660K(2752K)
[737.325s][info][gc             ] GC(2645) Pause Young (Allocation Failure) 476M->367M(869M) 1.869ms
[737.325s][info][gc,cpu         ] GC(2645) User=0.00s Sys=0.00s Real=0.01s
[737.438s][info][gc,start       ] GC(2646) Pause Young (Allocation Failure)
[737.440s][info][gc,heap        ] GC(2646) PSYoungGen: 111904K(222720K)->384K(222720K) Eden: 111616K(111616K)->0K(111616K) From: 288K(111104K)->384K(111104K)
[737.440s][info][gc,heap        ] GC(2646) ParOldGen: 375696K(667648K)->375696K(667648K)
[737.440s][info][gc,metaspace   ] GC(2646) Metaspace: 19134K(19328K)->19134K(19328K) NonClass: 16474K(16576K)->16474K(16576K) Class: 2660K(2752K)->2660K(2752K)
[737.440s][info][gc             ] GC(2646) Pause Young (Allocation Failure) 476M->367M(869M) 1.952ms
[737.440s][info][gc,cpu         ] GC(2646) User=0.00s Sys=0.00s Real=0.00s
[737.555s][info][gc,start       ] GC(2647) Pause Young (Allocation Failure)
[737.557s][info][gc,heap        ] GC(2647) PSYoungGen: 112000K(222720K)->448K(222720K) Eden: 111616K(111616K)->0K(111616K) From: 384K(111104K)->448K(111104K)
[737.557s][info][gc,heap        ] GC(2647) ParOldGen: 375696K(667648K)->375696K(667648K)
[737.557s][info][gc,metaspace   ] GC(2647) Metaspace: 19134K(19328K)->19134K(19328K) NonClass: 16474K(16576K)->16474K(16576K) Class: 2660K(2752K)->2660K(2752K)
[737.557s][info][gc             ] GC(2647) Pause Young (Allocation Failure) 476M->367M(869M) 1.974ms
[737.557s][info][gc,cpu         ] GC(2647) User=0.00s Sys=0.00s Real=0.00s
[737.673s][info][gc,start       ] GC(2648) Pause Young (Allocation Failure)
[737.675s][info][gc,heap        ] GC(2648) PSYoungGen: 112064K(222720K)->416K(222720K) Eden: 111616K(111616K)->0K(111616K) From: 448K(111104K)->416K(111104K)
[737.675s][info][gc,heap        ] GC(2648) ParOldGen: 375696K(667648K)->375840K(667648K)
[737.675s][info][gc,metaspace   ] GC(2648) Metaspace: 19134K(19328K)->19134K(19328K) NonClass: 16474K(16576K)->16474K(16576K) Class: 2660K(2752K)->2660K(2752K)
[737.675s][info][gc             ] GC(2648) Pause Young (Allocation Failure) 476M->367M(869M) 2.064ms
[737.675s][info][gc,cpu         ] GC(2648) User=0.00s Sys=0.00s Real=0.01s
[737.786s][info][gc,start       ] GC(2649) Pause Young (Allocation Failure)
[737.788s][info][gc,heap        ] GC(2649) PSYoungGen: 112032K(222720K)->288K(222720K) Eden: 111616K(111616K)->0K(111616K) From: 416K(111104K)->288K(111104K)
[737.788s][info][gc,heap        ] GC(2649) ParOldGen: 375840K(667648K)->376056K(667648K)
[737.788s][info][gc,metaspace   ] GC(2649) Metaspace: 19134K(19328K)->19134K(19328K) NonClass: 16474K(16576K)->16474K(16576K) Class: 2660K(2752K)->2660K(2752K)
[737.788s][info][gc             ] GC(2649) Pause Young (Allocation Failure) 476M->367M(869M) 2.084ms
[737.788s][info][gc,cpu         ] GC(2649) User=0.01s Sys=0.00s Real=0.00s
[737.903s][info][gc,start       ] GC(2650) Pause Young (Allocation Failure)
[737.905s][info][gc,heap        ] GC(2650) PSYoungGen: 111904K(222720K)->224K(222720K) Eden: 111616K(111616K)->0K(111616K) From: 288K(111104K)->224K(111104K)
[737.905s][info][gc,heap        ] GC(2650) ParOldGen: 376056K(667648K)->376208K(667648K)
[737.905s][info][gc,metaspace   ] GC(2650) Metaspace: 19134K(19328K)->19134K(19328K) NonClass: 16474K(16576K)->16474K(16576K) Class: 2660K(2752K)->2660K(2752K)
[737.905s][info][gc             ] GC(2650) Pause Young (Allocation Failure) 476M->367M(869M) 1.955ms
[737.905s][info][gc,cpu         ] GC(2650) User=0.00s Sys=0.00s Real=0.01s
[738.018s][info][gc,start       ] GC(2651) Pause Young (Allocation Failure)
[738.020s][info][gc,heap        ] GC(2651) PSYoungGen: 111840K(222720K)->128K(222720K) Eden: 111616K(111616K)->0K(111616K) From: 224K(111104K)->128K(111104K)
[738.020s][info][gc,heap        ] GC(2651) ParOldGen: 376208K(667648K)->376400K(667648K)
[738.020s][info][gc,metaspace   ] GC(2651) Metaspace: 19134K(19328K)->19134K(19328K) NonClass: 16474K(16576K)->16474K(16576K) Class: 2660K(2752K)->2660K(2752K)
[738.020s][info][gc             ] GC(2651) Pause Young (Allocation Failure) 476M->367M(869M) 1.821ms
[738.020s][info][gc,cpu         ] GC(2651) User=0.00s Sys=0.00s Real=0.00s
[738.138s][info][gc,start       ] GC(2652) Pause Young (Allocation Failure)
[738.148s][info][gc,heap        ] GC(2652) PSYoungGen: 111744K(222720K)->3392K(222720K) Eden: 111616K(111616K)->0K(111616K) From: 128K(111104K)->3392K(111104K)
[738.148s][info][gc,heap        ] GC(2652) ParOldGen: 376400K(667648K)->376480K(667648K)
[738.148s][info][gc,metaspace   ] GC(2652) Metaspace: 19134K(19328K)->19134K(19328K) NonClass: 16474K(16576K)->16474K(16576K) Class: 2660K(2752K)->2660K(2752K)
[738.148s][info][gc             ] GC(2652) Pause Young (Allocation Failure) 476M->370M(869M) 10.058ms
[738.148s][info][gc,cpu         ] GC(2652) User=0.02s Sys=0.00s Real=0.01s
[738.285s][info][gc,start       ] GC(2653) Pause Young (Allocation Failure)
[738.321s][info][gc,heap        ] GC(2653) PSYoungGen: 115008K(222720K)->15595K(127488K) Eden: 111616K(111616K)->0K(111616K) From: 3392K(111104K)->15595K(15872K)
[738.321s][info][gc,heap        ] GC(2653) ParOldGen: 376480K(667648K)->379824K(667648K)
[738.321s][info][gc,metaspace   ] GC(2653) Metaspace: 19134K(19328K)->19134K(19328K) NonClass: 16474K(16576K)->16474K(16576K) Class: 2660K(2752K)->2660K(2752K)
[738.321s][info][gc             ] GC(2653) Pause Young (Allocation Failure) 479M->386M(776M) 36.146ms
[738.321s][info][gc,cpu         ] GC(2653) User=0.07s Sys=0.00s Real=0.03s
[738.467s][info][gc,start       ] GC(2654) Pause Young (Allocation Failure)
[738.493s][info][gc,heap        ] GC(2654) PSYoungGen: 127211K(127488K)->15563K(217600K) Eden: 111616K(111616K)->0K(118784K) From: 15595K(15872K)->15563K(98816K)
[738.493s][info][gc,heap        ] GC(2654) ParOldGen: 379824K(667648K)->379824K(667648K)
[738.493s][info][gc,metaspace   ] GC(2654) Metaspace: 19134K(19328K)->19134K(19328K) NonClass: 16474K(16576K)->16474K(16576K) Class: 2660K(2752K)->2660K(2752K)
[738.493s][info][gc             ] GC(2654) Pause Young (Allocation Failure) 495M->386M(864M) 26.608ms
[738.493s][info][gc,cpu         ] GC(2654) User=0.06s Sys=0.00s Real=0.03s
[738.647s][info][gc,start       ] GC(2655) Pause Young (Allocation Failure)
[738.673s][info][gc,heap        ] GC(2655) PSYoungGen: 134347K(217600K)->15563K(218624K) Eden: 118784K(118784K)->0K(118784K) From: 15563K(98816K)->15563K(99840K)
[738.673s][info][gc,heap        ] GC(2655) ParOldGen: 379824K(667648K)->379824K(667648K)
[738.673s][info][gc,metaspace   ] GC(2655) Metaspace: 19134K(19328K)->19134K(19328K) NonClass: 16474K(16576K)->16474K(16576K) Class: 2660K(2752K)->2660K(2752K)
[738.673s][info][gc             ] GC(2655) Pause Young (Allocation Failure) 502M->386M(865M) 26.156ms
[738.673s][info][gc,cpu         ] GC(2655) User=0.05s Sys=0.00s Real=0.02s
[738.804s][info][gc,start       ] GC(2656) Pause Young (Allocation Failure)
[738.843s][info][gc,heap        ] GC(2656) PSYoungGen: 134347K(218624K)->27371K(214528K) Eden: 118784K(118784K)->0K(128512K) From: 15563K(99840K)->27371K(86016K)
[738.843s][info][gc,heap        ] GC(2656) ParOldGen: 379824K(667648K)->379824K(667648K)
[738.843s][info][gc,metaspace   ] GC(2656) Metaspace: 19134K(19328K)->19134K(19328K) NonClass: 16474K(16576K)->16474K(16576K) Class: 2660K(2752K)->2660K(2752K)
[738.843s][info][gc             ] GC(2656) Pause Young (Allocation Failure) 502M->397M(861M) 39.260ms
[738.843s][info][gc,cpu         ] GC(2656) User=0.08s Sys=0.00s Real=0.04s
[738.968s][info][gc,start       ] GC(2657) Pause Young (Allocation Failure)
[739.025s][info][gc,heap        ] GC(2657) PSYoungGen: 155883K(214528K)->47179K(217088K) Eden: 128512K(128512K)->0K(128512K) From: 27371K(86016K)->47179K(88576K)
[739.025s][info][gc,heap        ] GC(2657) ParOldGen: 379824K(667648K)->379824K(667648K)
[739.025s][info][gc,metaspace   ] GC(2657) Metaspace: 19134K(19328K)->19134K(19328K) NonClass: 16474K(16576K)->16474K(16576K) Class: 2660K(2752K)->2660K(2752K)
[739.025s][info][gc             ] GC(2657) Pause Young (Allocation Failure) 523M->416M(864M) 56.837ms
[739.025s][info][gc,cpu         ] GC(2657) User=0.12s Sys=0.00s Real=0.06s
[739.130s][info][gc,start       ] GC(2658) Pause Young (Allocation Failure)
[739.191s][info][gc,heap        ] GC(2658) PSYoungGen: 175691K(217088K)->51019K(228352K) Eden: 128512K(128512K)->0K(136704K) From: 47179K(88576K)->51019K(91648K)
[739.191s][info][gc,heap        ] GC(2658) ParOldGen: 379824K(667648K)->379824K(667648K)
[739.191s][info][gc,metaspace   ] GC(2658) Metaspace: 19134K(19328K)->19134K(19328K) NonClass: 16474K(16576K)->16474K(16576K) Class: 2660K(2752K)->2660K(2752K)
[739.191s][info][gc             ] GC(2658) Pause Young (Allocation Failure) 542M->420M(875M) 60.644ms
[739.191s][info][gc,cpu         ] GC(2658) User=0.12s Sys=0.00s Real=0.06s
[739.313s][info][gc,start       ] GC(2659) Pause Young (Allocation Failure)
[739.374s][info][gc,heap        ] GC(2659) PSYoungGen: 187723K(228352K)->36864K(231936K) Eden: 136704K(136704K)->0K(136704K) From: 51019K(91648K)->36864K(95232K)
[739.374s][info][gc,heap        ] GC(2659) ParOldGen: 379824K(667648K)->395411K(667648K)
[739.374s][info][gc,metaspace   ] GC(2659) Metaspace: 19134K(19328K)->19134K(19328K) NonClass: 16474K(16576K)->16474K(16576K) Class: 2660K(2752K)->2660K(2752K)
[739.374s][info][gc             ] GC(2659) Pause Young (Allocation Failure) 554M->422M(878M) 61.393ms
[739.374s][info][gc,cpu         ] GC(2659) User=0.12s Sys=0.00s Real=0.07s
[739.498s][info][gc,start       ] GC(2660) Pause Young (Allocation Failure)
[739.538s][info][gc,heap        ] GC(2660) PSYoungGen: 173568K(231936K)->40224K(234496K) Eden: 136704K(136704K)->0K(145920K) From: 36864K(95232K)->40224K(88576K)
[739.538s][info][gc,heap        ] GC(2660) ParOldGen: 395411K(667648K)->395411K(667648K)
[739.538s][info][gc,metaspace   ] GC(2660) Metaspace: 19134K(19328K)->19134K(19328K) NonClass: 16474K(16576K)->16474K(16576K) Class: 2660K(2752K)->2660K(2752K)
[739.538s][info][gc             ] GC(2660) Pause Young (Allocation Failure) 555M->425M(881M) 39.486ms
[739.538s][info][gc,cpu         ] GC(2660) User=0.08s Sys=0.00s Real=0.04s
[739.661s][info][gc,start       ] GC(2661) Pause Young (Allocation Failure)
[739.701s][info][gc,heap        ] GC(2661) PSYoungGen: 186144K(234496K)->8640K(237056K) Eden: 145920K(145920K)->0K(145920K) From: 40224K(88576K)->8640K(91136K)
[739.701s][info][gc,heap        ] GC(2661) ParOldGen: 395411K(667648K)->427107K(667648K)
[739.701s][info][gc,metaspace   ] GC(2661) Metaspace: 19134K(19328K)->19134K(19328K) NonClass: 16474K(16576K)->16474K(16576K) Class: 2660K(2752K)->2660K(2752K)
[739.701s][info][gc             ] GC(2661) Pause Young (Allocation Failure) 567M->425M(883M) 40.174ms
[739.701s][info][gc,cpu         ] GC(2661) User=0.08s Sys=0.00s Real=0.04s
[739.857s][info][gc,start       ] GC(2662) Pause Young (Allocation Failure)
[739.886s][info][gc,heap        ] GC(2662) PSYoungGen: 154560K(237056K)->21744K(231936K) Eden: 145920K(145920K)->0K(154624K) From: 8640K(91136K)->21744K(77312K)
[739.886s][info][gc,heap        ] GC(2662) ParOldGen: 427107K(667648K)->432339K(667648K)
[739.886s][info][gc,metaspace   ] GC(2662) Metaspace: 19134K(19328K)->19134K(19328K) NonClass: 16474K(16576K)->16474K(16576K) Class: 2660K(2752K)->2660K(2752K)
[739.886s][info][gc             ] GC(2662) Pause Young (Allocation Failure) 568M->443M(878M) 28.307ms
[739.886s][info][gc,cpu         ] GC(2662) User=0.05s Sys=0.00s Real=0.03s
[740.068s][info][gc,start       ] GC(2663) Pause Young (Allocation Failure)
[740.105s][info][gc,heap        ] GC(2663) PSYoungGen: 176368K(231936K)->30176K(237056K) Eden: 154624K(154624K)->0K(154624K) From: 21744K(77312K)->30176K(82432K)
[740.105s][info][gc,heap        ] GC(2663) ParOldGen: 432339K(667648K)->435715K(667648K)
[740.105s][info][gc,metaspace   ] GC(2663) Metaspace: 19134K(19328K)->19134K(19328K) NonClass: 16474K(16576K)->16474K(16576K) Class: 2660K(2752K)->2660K(2752K)
[740.105s][info][gc             ] GC(2663) Pause Young (Allocation Failure) 594M->454M(883M) 37.627ms
[740.105s][info][gc,cpu         ] GC(2663) User=0.07s Sys=0.00s Real=0.04s
[740.336s][info][gc,start       ] GC(2664) Pause Young (Allocation Failure)
[740.394s][info][gc,heap        ] GC(2664) PSYoungGen: 184800K(237056K)->57520K(241664K) Eden: 154624K(154624K)->0K(163328K) From: 30176K(82432K)->57520K(78336K)
[740.394s][info][gc,heap        ] GC(2664) ParOldGen: 435715K(667648K)->435787K(667648K)
[740.394s][info][gc,metaspace   ] GC(2664) Metaspace: 19134K(19328K)->19134K(19328K) NonClass: 16474K(16576K)->16474K(16576K) Class: 2660K(2752K)->2660K(2752K)
[740.394s][info][gc             ] GC(2664) Pause Young (Allocation Failure) 605M->481M(888M) 58.512ms
[740.394s][info][gc,cpu         ] GC(2664) User=0.11s Sys=0.01s Real=0.06s
[740.524s][info][gc,start       ] GC(2665) Pause Young (Allocation Failure)
[740.587s][info][gc,heap        ] GC(2665) PSYoungGen: 220848K(241664K)->46944K(210432K) Eden: 163328K(163328K)->0K(163328K) From: 57520K(78336K)->46944K(47104K)
[740.587s][info][gc,heap        ] GC(2665) ParOldGen: 435787K(667648K)->454140K(667648K)
[740.587s][info][gc,metaspace   ] GC(2665) Metaspace: 19134K(19328K)->19134K(19328K) NonClass: 16474K(16576K)->16474K(16576K) Class: 2660K(2752K)->2660K(2752K)
[740.587s][info][gc             ] GC(2665) Pause Young (Allocation Failure) 641M->489M(857M) 63.170ms
[740.587s][info][gc,cpu         ] GC(2665) User=0.12s Sys=0.00s Real=0.06s
[740.782s][info][gc,start       ] GC(2666) Pause Young (Allocation Failure)
[740.833s][info][gc,heap        ] GC(2666) PSYoungGen: 210272K(210432K)->41248K(249344K) Eden: 163328K(163328K)->0K(163328K) From: 46944K(47104K)->41248K(86016K)
[740.833s][info][gc,heap        ] GC(2666) ParOldGen: 454140K(667648K)->465932K(667648K)
[740.833s][info][gc,metaspace   ] GC(2666) Metaspace: 19134K(19328K)->19134K(19328K) NonClass: 16474K(16576K)->16474K(16576K) Class: 2660K(2752K)->2660K(2752K)
[740.833s][info][gc             ] GC(2666) Pause Young (Allocation Failure) 648M->495M(895M) 51.739ms
[740.833s][info][gc,cpu         ] GC(2666) User=0.10s Sys=0.00s Real=0.06s
[740.980s][info][gc,start       ] GC(2667) Pause Young (Allocation Failure)
[741.021s][info][gc,heap        ] GC(2667) PSYoungGen: 204576K(249344K)->13856K(177664K) Eden: 163328K(163328K)->0K(163328K) From: 41248K(86016K)->13856K(14336K)
[741.021s][info][gc,heap        ] GC(2667) ParOldGen: 465932K(667648K)->493436K(667648K)
[741.021s][info][gc,metaspace   ] GC(2667) Metaspace: 19134K(19328K)->19134K(19328K) NonClass: 16474K(16576K)->16474K(16576K) Class: 2660K(2752K)->2660K(2752K)
[741.021s][info][gc             ] GC(2667) Pause Young (Allocation Failure) 654M->495M(825M) 41.158ms
[741.021s][info][gc,cpu         ] GC(2667) User=0.08s Sys=0.00s Real=0.04s
[741.220s][info][gc,start       ] GC(2668) Pause Young (Allocation Failure)
[741.245s][info][gc,heap        ] GC(2668) PSYoungGen: 177184K(177664K)->13888K(248320K) Eden: 163328K(163328K)->0K(165888K) From: 13856K(14336K)->13888K(82432K)
[741.245s][info][gc,heap        ] GC(2668) ParOldGen: 493436K(667648K)->501180K(667648K)
[741.245s][info][gc,metaspace   ] GC(2668) Metaspace: 19134K(19328K)->19134K(19328K) NonClass: 16474K(16576K)->16474K(16576K) Class: 2660K(2752K)->2660K(2752K)
[741.245s][info][gc             ] GC(2668) Pause Young (Allocation Failure) 654M->502M(894M) 24.439ms
[741.245s][info][gc,cpu         ] GC(2668) User=0.04s Sys=0.00s Real=0.03s
[741.499s][info][gc,start       ] GC(2669) Pause Young (Allocation Failure)
[741.523s][info][gc,heap        ] GC(2669) PSYoungGen: 179776K(248320K)->21504K(245760K) Eden: 165888K(165888K)->0K(165888K) From: 13888K(82432K)->21504K(79872K)
[741.523s][info][gc,heap        ] GC(2669) ParOldGen: 501180K(667648K)->501180K(667648K)
[741.523s][info][gc,metaspace   ] GC(2669) Metaspace: 19134K(19328K)->19134K(19328K) NonClass: 16474K(16576K)->16474K(16576K) Class: 2660K(2752K)->2660K(2752K)
[741.523s][info][gc             ] GC(2669) Pause Young (Allocation Failure) 664M->510M(892M) 23.642ms
[741.523s][info][gc,cpu         ] GC(2669) User=0.05s Sys=0.00s Real=0.02s
[741.953s][info][gc,start       ] GC(2670) Pause Young (Allocation Failure)
[741.976s][info][gc,heap        ] GC(2670) PSYoungGen: 187392K(245760K)->21680K(250368K) Eden: 165888K(165888K)->0K(175104K) From: 21504K(79872K)->21680K(75264K)
[741.976s][info][gc,heap        ] GC(2670) ParOldGen: 501180K(667648K)->501180K(667648K)
[741.976s][info][gc,metaspace   ] GC(2670) Metaspace: 19134K(19328K)->19134K(19328K) NonClass: 16474K(16576K)->16474K(16576K) Class: 2660K(2752K)->2660K(2752K)
[741.977s][info][gc             ] GC(2670) Pause Young (Allocation Failure) 672M->510M(896M) 23.596ms
[741.977s][info][gc,cpu         ] GC(2670) User=0.05s Sys=0.00s Real=0.03s
[742.362s][info][gc,start       ] GC(2671) Pause Young (Allocation Failure)
[742.385s][info][gc,heap        ] GC(2671) PSYoungGen: 196784K(250368K)->21808K(247296K) Eden: 175104K(175104K)->0K(175104K) From: 21680K(75264K)->21808K(72192K)
[742.385s][info][gc,heap        ] GC(2671) ParOldGen: 501180K(667648K)->501180K(667648K)
[742.385s][info][gc,metaspace   ] GC(2671) Metaspace: 19134K(19328K)->19134K(19328K) NonClass: 16474K(16576K)->16474K(16576K) Class: 2660K(2752K)->2660K(2752K)
[742.385s][info][gc             ] GC(2671) Pause Young (Allocation Failure) 681M->510M(893M) 23.751ms
[742.385s][info][gc,cpu         ] GC(2671) User=0.05s Sys=0.00s Real=0.03s
[742.787s][info][gc,start       ] GC(2672) Pause Young (Allocation Failure)
[742.811s][info][gc,heap        ] GC(2672) PSYoungGen: 196912K(247296K)->21888K(247808K) Eden: 175104K(175104K)->0K(186368K) From: 21808K(72192K)->21888K(61440K)
[742.811s][info][gc,heap        ] GC(2672) ParOldGen: 501180K(667648K)->501180K(667648K)
[742.811s][info][gc,metaspace   ] GC(2672) Metaspace: 19134K(19328K)->19134K(19328K) NonClass: 16474K(16576K)->16474K(16576K) Class: 2660K(2752K)->2660K(2752K)
[742.811s][info][gc             ] GC(2672) Pause Young (Allocation Failure) 681M->510M(894M) 24.068ms
[742.811s][info][gc,cpu         ] GC(2672) User=0.05s Sys=0.00s Real=0.02s
[743.080s][info][gc,start       ] GC(2673) Pause Young (Allocation Failure)
[743.131s][info][gc,heap        ] GC(2673) PSYoungGen: 208256K(247808K)->57110K(251392K) Eden: 186368K(186368K)->0K(186368K) From: 21888K(61440K)->57110K(65024K)
[743.131s][info][gc,heap        ] GC(2673) ParOldGen: 501180K(667648K)->501180K(667648K)
[743.131s][info][gc,metaspace   ] GC(2673) Metaspace: 19134K(19328K)->19134K(19328K) NonClass: 16474K(16576K)->16474K(16576K) Class: 2660K(2752K)->2660K(2752K)
[743.131s][info][gc             ] GC(2673) Pause Young (Allocation Failure) 692M->545M(897M) 51.806ms
[743.132s][info][gc,cpu         ] GC(2673) User=0.10s Sys=0.00s Real=0.05s
[743.195s][info][gc,start       ] GC(2674) Pause Young (Allocation Failure)
[743.317s][info][gc,heap        ] GC(2674) PSYoungGen: 243478K(251392K)->72688K(189440K) Eden: 186368K(186368K)->0K(116736K) From: 57110K(65024K)->72688K(72704K)
[743.317s][info][gc,heap        ] GC(2674) ParOldGen: 501180K(667648K)->566331K(667648K)
[743.317s][info][gc,metaspace   ] GC(2674) Metaspace: 19134K(19328K)->19134K(19328K) NonClass: 16474K(16576K)->16474K(16576K) Class: 2660K(2752K)->2660K(2752K)
[743.317s][info][gc             ] GC(2674) Pause Young (Allocation Failure) 727M->624M(837M) 121.641ms
[743.317s][info][gc,cpu         ] GC(2674) User=0.22s Sys=0.02s Real=0.12s
[743.364s][info][gc,start       ] GC(2675) Pause Young (Allocation Failure)
[743.472s][info][gc,heap        ] GC(2675) PSYoungGen: 189424K(189440K)->108512K(225280K) Eden: 116736K(116736K)->0K(116736K) From: 72688K(72704K)->108512K(108544K)
[743.472s][info][gc,heap        ] GC(2675) ParOldGen: 566331K(667648K)->579595K(667648K)
[743.472s][info][gc,metaspace   ] GC(2675) Metaspace: 19134K(19328K)->19134K(19328K) NonClass: 16474K(16576K)->16474K(16576K) Class: 2660K(2752K)->2660K(2752K)
[743.472s][info][gc             ] GC(2675) Pause Young (Allocation Failure) 738M->671M(872M) 108.371ms
[743.472s][info][gc,cpu         ] GC(2675) User=0.21s Sys=0.00s Real=0.10s
[743.579s][info][gc,start       ] GC(2676) Pause Young (Allocation Failure)
[743.700s][info][gc,heap        ] GC(2676) PSYoungGen: 225248K(225280K)->108528K(220160K) Eden: 116736K(116736K)->0K(111616K) From: 108512K(108544K)->108528K(108544K)
[743.700s][info][gc,heap        ] GC(2676) ParOldGen: 579595K(667648K)->615883K(667648K)
[743.700s][info][gc,metaspace   ] GC(2676) Metaspace: 19134K(19328K)->19134K(19328K) NonClass: 16474K(16576K)->16474K(16576K) Class: 2660K(2752K)->2660K(2752K)
[743.700s][info][gc             ] GC(2676) Pause Young (Allocation Failure) 785M->707M(867M) 120.843ms
[743.700s][info][gc,cpu         ] GC(2676) User=0.24s Sys=0.00s Real=0.12s
[743.936s][info][gc,start       ] GC(2677) Pause Full (Allocation Failure)
[743.936s][info][gc,phases,start] GC(2677) Marking Phase
[744.206s][info][gc,phases      ] GC(2677) Marking Phase 269.937ms
[744.206s][info][gc,phases,start] GC(2677) Summary Phase
[744.206s][info][gc,phases      ] GC(2677) Summary Phase 0.027ms
[744.206s][info][gc,phases,start] GC(2677) Forward
[744.310s][info][gc,phases      ] GC(2677) Forward 103.797ms
[744.310s][info][gc,phases,start] GC(2677) Adjust Pointers
[744.514s][info][gc,phases      ] GC(2677) Adjust Pointers 204.508ms
[744.514s][info][gc,phases,start] GC(2677) Compaction Phase
[744.642s][info][gc,phases      ] GC(2677) Compaction Phase 127.631ms
[744.649s][info][gc,phases,start] GC(2677) Post Compact
[744.651s][info][gc,phases      ] GC(2677) Post Compact 2.470ms
[744.652s][info][gc,heap        ] GC(2677) PSYoungGen: 220144K(220160K)->0K(222720K) Eden: 111616K(111616K)->0K(111616K) From: 108528K(108544K)->0K(111104K)
[744.652s][info][gc,heap        ] GC(2677) ParOldGen: 615883K(667648K)->427708K(667648K)
[744.652s][info][gc,metaspace   ] GC(2677) Metaspace: 19134K(19328K)->19134K(19328K) NonClass: 16474K(16576K)->16474K(16576K) Class: 2660K(2752K)->2660K(2752K)
[744.652s][info][gc             ] GC(2677) Pause Full (Allocation Failure) 816M->417M(869M) 715.764ms
[744.652s][info][gc,cpu         ] GC(2677) User=1.34s Sys=0.00s Real=0.71s
[744.829s][info][gc,start       ] GC(2678) Pause Young (Allocation Failure)
[744.835s][info][gc,heap        ] GC(2678) PSYoungGen: 111616K(222720K)->1824K(222720K) Eden: 111616K(111616K)->0K(111616K) From: 0K(111104K)->1824K(111104K)
[744.835s][info][gc,heap        ] GC(2678) ParOldGen: 427708K(667648K)->427708K(667648K)
[744.835s][info][gc,metaspace   ] GC(2678) Metaspace: 19134K(19328K)->19134K(19328K) NonClass: 16474K(16576K)->16474K(16576K) Class: 2660K(2752K)->2660K(2752K)
[744.835s][info][gc             ] GC(2678) Pause Young (Allocation Failure) 526M->419M(869M) 6.151ms
[744.835s][info][gc,cpu         ] GC(2678) User=0.01s Sys=0.00s Real=0.01s
[744.936s][info][gc,start       ] GC(2679) Pause Young (Allocation Failure)
[744.952s][info][gc,heap        ] GC(2679) PSYoungGen: 113440K(222720K)->4704K(222720K) Eden: 111616K(111616K)->0K(111616K) From: 1824K(111104K)->4704K(111104K)
[744.952s][info][gc,heap        ] GC(2679) ParOldGen: 427708K(667648K)->427708K(667648K)
[744.952s][info][gc,metaspace   ] GC(2679) Metaspace: 19134K(19328K)->19134K(19328K) NonClass: 16474K(16576K)->16474K(16576K) Class: 2660K(2752K)->2660K(2752K)
[744.952s][info][gc             ] GC(2679) Pause Young (Allocation Failure) 528M->422M(869M) 15.827ms
[744.952s][info][gc,cpu         ] GC(2679) User=0.04s Sys=0.00s Real=0.01s
[745.073s][info][gc,start       ] GC(2680) Pause Young (Allocation Failure)
[745.103s][info][gc,heap        ] GC(2680) PSYoungGen: 116320K(222720K)->10190K(222720K) Eden: 111616K(111616K)->0K(111616K) From: 4704K(111104K)->10190K(111104K)
[745.103s][info][gc,heap        ] GC(2680) ParOldGen: 427708K(667648K)->427708K(667648K)
[745.103s][info][gc,metaspace   ] GC(2680) Metaspace: 19134K(19328K)->19134K(19328K) NonClass: 16474K(16576K)->16474K(16576K) Class: 2660K(2752K)->2660K(2752K)
[745.103s][info][gc             ] GC(2680) Pause Young (Allocation Failure) 531M->427M(869M) 30.230ms
[745.103s][info][gc,cpu         ] GC(2680) User=0.05s Sys=0.00s Real=0.03s
[745.251s][info][gc,start       ] GC(2681) Pause Young (Allocation Failure)
[745.309s][info][gc,heap        ] GC(2681) PSYoungGen: 121806K(222720K)->30007K(222720K) Eden: 111616K(111616K)->0K(111616K) From: 10190K(111104K)->30007K(111104K)
[745.309s][info][gc,heap        ] GC(2681) ParOldGen: 427708K(667648K)->429532K(667648K)
[745.309s][info][gc,metaspace   ] GC(2681) Metaspace: 19134K(19328K)->19134K(19328K) NonClass: 16474K(16576K)->16474K(16576K) Class: 2660K(2752K)->2660K(2752K)
[745.309s][info][gc             ] GC(2681) Pause Young (Allocation Failure) 536M->448M(869M) 58.323ms
[745.309s][info][gc,cpu         ] GC(2681) User=0.11s Sys=0.01s Real=0.06s
[745.458s][info][gc,start       ] GC(2682) Pause Young (Allocation Failure)
[745.514s][info][gc,heap        ] GC(2682) PSYoungGen: 141623K(222720K)->21920K(222720K) Eden: 111616K(111616K)->0K(111616K) From: 30007K(111104K)->21920K(111104K)
[745.514s][info][gc,heap        ] GC(2682) ParOldGen: 429532K(667648K)->437630K(667648K)
[745.514s][info][gc,metaspace   ] GC(2682) Metaspace: 19134K(19328K)->19134K(19328K) NonClass: 16474K(16576K)->16474K(16576K) Class: 2660K(2752K)->2660K(2752K)
[745.514s][info][gc             ] GC(2682) Pause Young (Allocation Failure) 557M->448M(869M) 55.727ms
[745.514s][info][gc,cpu         ] GC(2682) User=0.11s Sys=0.00s Real=0.06s
[745.663s][info][gc,start       ] GC(2683) Pause Young (Allocation Failure)
[745.695s][info][gc,heap        ] GC(2683) PSYoungGen: 133536K(222720K)->32K(222720K) Eden: 111616K(111616K)->0K(111616K) From: 21920K(111104K)->32K(111104K)
[745.695s][info][gc,heap        ] GC(2683) ParOldGen: 437630K(667648K)->459574K(667648K)
[745.695s][info][gc,metaspace   ] GC(2683) Metaspace: 19134K(19328K)->19134K(19328K) NonClass: 16474K(16576K)->16474K(16576K) Class: 2660K(2752K)->2660K(2752K)
[745.695s][info][gc             ] GC(2683) Pause Young (Allocation Failure) 557M->448M(869M) 32.110ms
[745.695s][info][gc,cpu         ] GC(2683) User=0.06s Sys=0.00s Real=0.04s
[745.843s][info][gc,start       ] GC(2684) Pause Young (Allocation Failure)
[745.844s][info][gc,heap        ] GC(2684) PSYoungGen: 111648K(222720K)->64K(222720K) Eden: 111616K(111616K)->0K(111616K) From: 32K(111104K)->64K(111104K)
[745.844s][info][gc,heap        ] GC(2684) ParOldGen: 459574K(667648K)->459574K(667648K)
[745.844s][info][gc,metaspace   ] GC(2684) Metaspace: 19134K(19328K)->19134K(19328K) NonClass: 16474K(16576K)->16474K(16576K) Class: 2660K(2752K)->2660K(2752K)
[745.844s][info][gc             ] GC(2684) Pause Young (Allocation Failure) 557M->448M(869M) 1.600ms
[745.844s][info][gc,cpu         ] GC(2684) User=0.01s Sys=0.00s Real=0.01s
[745.994s][info][gc,start       ] GC(2685) Pause Young (Allocation Failure)
[745.996s][info][gc,heap        ] GC(2685) PSYoungGen: 111680K(222720K)->64K(222720K) Eden: 111616K(111616K)->0K(111616K) From: 64K(111104K)->64K(111104K)
[745.996s][info][gc,heap        ] GC(2685) ParOldGen: 459574K(667648K)->459574K(667648K)
[745.996s][info][gc,metaspace   ] GC(2685) Metaspace: 19134K(19328K)->19134K(19328K) NonClass: 16474K(16576K)->16474K(16576K) Class: 2660K(2752K)->2660K(2752K)
[745.996s][info][gc             ] GC(2685) Pause Young (Allocation Failure) 557M->448M(869M) 1.568ms
[745.996s][info][gc,cpu         ] GC(2685) User=0.00s Sys=0.00s Real=0.00s
[746.143s][info][gc,start       ] GC(2686) Pause Young (Allocation Failure)
[746.144s][info][gc,heap        ] GC(2686) PSYoungGen: 111680K(222720K)->64K(222720K) Eden: 111616K(111616K)->0K(111616K) From: 64K(111104K)->64K(111104K)
[746.144s][info][gc,heap        ] GC(2686) ParOldGen: 459574K(667648K)->459574K(667648K)
[746.144s][info][gc,metaspace   ] GC(2686) Metaspace: 19134K(19328K)->19134K(19328K) NonClass: 16474K(16576K)->16474K(16576K) Class: 2660K(2752K)->2660K(2752K)
[746.144s][info][gc             ] GC(2686) Pause Young (Allocation Failure) 557M->448M(869M) 1.562ms
[746.144s][info][gc,cpu         ] GC(2686) User=0.00s Sys=0.00s Real=0.01s
[746.250s][info][gc,start       ] GC(2687) Pause Young (Allocation Failure)
[746.269s][info][gc,heap        ] GC(2687) PSYoungGen: 111680K(222720K)->17024K(222720K) Eden: 111616K(111616K)->0K(111616K) From: 64K(111104K)->17024K(111104K)
[746.269s][info][gc,heap        ] GC(2687) ParOldGen: 459574K(667648K)->459574K(667648K)
[746.269s][info][gc,metaspace   ] GC(2687) Metaspace: 19134K(19328K)->19134K(19328K) NonClass: 16474K(16576K)->16474K(16576K) Class: 2660K(2752K)->2660K(2752K)
[746.269s][info][gc             ] GC(2687) Pause Young (Allocation Failure) 557M->465M(869M) 19.680ms
[746.269s][info][gc,cpu         ] GC(2687) User=0.04s Sys=0.00s Real=0.02s
[746.372s][info][gc,start       ] GC(2688) Pause Young (Allocation Failure)
[746.403s][info][gc,heap        ] GC(2688) PSYoungGen: 128640K(222720K)->11840K(215552K) Eden: 111616K(111616K)->0K(111616K) From: 17024K(111104K)->11840K(103936K)
[746.403s][info][gc,heap        ] GC(2688) ParOldGen: 459574K(667648K)->476638K(667648K)
[746.403s][info][gc,metaspace   ] GC(2688) Metaspace: 19134K(19328K)->19134K(19328K) NonClass: 16474K(16576K)->16474K(16576K) Class: 2660K(2752K)->2660K(2752K)
[746.403s][info][gc             ] GC(2688) Pause Young (Allocation Failure) 574M->477M(862M) 30.781ms
[746.403s][info][gc,cpu         ] GC(2688) User=0.06s Sys=0.00s Real=0.03s
[746.492s][info][gc,start       ] GC(2689) Pause Young (Allocation Failure)
[746.510s][info][gc,heap        ] GC(2689) PSYoungGen: 123456K(215552K)->14016K(219136K) Eden: 111616K(111616K)->0K(111616K) From: 11840K(103936K)->14016K(107520K)
[746.510s][info][gc,heap        ] GC(2689) ParOldGen: 476638K(667648K)->476638K(667648K)
[746.510s][info][gc,metaspace   ] GC(2689) Metaspace: 19134K(19328K)->19134K(19328K) NonClass: 16474K(16576K)->16474K(16576K) Class: 2660K(2752K)->2660K(2752K)
[746.510s][info][gc             ] GC(2689) Pause Young (Allocation Failure) 586M->479M(866M) 18.124ms
[746.510s][info][gc,cpu         ] GC(2689) User=0.03s Sys=0.00s Real=0.02s
[746.611s][info][gc,start       ] GC(2690) Pause Young (Allocation Failure)
[746.632s][info][gc,heap        ] GC(2690) PSYoungGen: 125632K(219136K)->15808K(209408K) Eden: 111616K(111616K)->0K(121856K) From: 14016K(107520K)->15808K(87552K)
[746.632s][info][gc,heap        ] GC(2690) ParOldGen: 476638K(667648K)->476638K(667648K)
[746.632s][info][gc,metaspace   ] GC(2690) Metaspace: 19134K(19328K)->19134K(19328K) NonClass: 16474K(16576K)->16474K(16576K) Class: 2660K(2752K)->2660K(2752K)
[746.632s][info][gc             ] GC(2690) Pause Young (Allocation Failure) 588M->480M(856M) 20.756ms
[746.632s][info][gc,cpu         ] GC(2690) User=0.04s Sys=0.00s Real=0.02s
[746.754s][info][gc,start       ] GC(2691) Pause Young (Allocation Failure)
[746.776s][info][gc,heap        ] GC(2691) PSYoungGen: 137664K(209408K)->20448K(216064K) Eden: 121856K(121856K)->0K(121856K) From: 15808K(87552K)->20448K(94208K)
[746.776s][info][gc,heap        ] GC(2691) ParOldGen: 476638K(667648K)->476638K(667648K)
[746.776s][info][gc,metaspace   ] GC(2691) Metaspace: 19134K(19328K)->19134K(19328K) NonClass: 16474K(16576K)->16474K(16576K) Class: 2660K(2752K)->2660K(2752K)
[746.776s][info][gc             ] GC(2691) Pause Young (Allocation Failure) 599M->485M(863M) 21.387ms
[746.776s][info][gc,cpu         ] GC(2691) User=0.05s Sys=0.00s Real=0.02s
[746.916s][info][gc,start       ] GC(2692) Pause Young (Allocation Failure)
[746.942s][info][gc,heap        ] GC(2692) PSYoungGen: 142304K(216064K)->23904K(208384K) Eden: 121856K(121856K)->0K(133120K) From: 20448K(94208K)->23904K(75264K)
[746.942s][info][gc,heap        ] GC(2692) ParOldGen: 476638K(667648K)->476638K(667648K)
[746.942s][info][gc,metaspace   ] GC(2692) Metaspace: 19134K(19328K)->19134K(19328K) NonClass: 16474K(16576K)->16474K(16576K) Class: 2660K(2752K)->2660K(2752K)
[746.942s][info][gc             ] GC(2692) Pause Young (Allocation Failure) 604M->488M(855M) 26.114ms
[746.942s][info][gc,cpu         ] GC(2692) User=0.05s Sys=0.00s Real=0.02s
[747.210s][info][gc,start       ] GC(2693) Pause Young (Allocation Failure)
[747.235s][info][gc,heap        ] GC(2693) PSYoungGen: 157024K(208384K)->23968K(214528K) Eden: 133120K(133120K)->0K(133120K) From: 23904K(75264K)->23968K(81408K)
[747.235s][info][gc,heap        ] GC(2693) ParOldGen: 476638K(667648K)->476638K(667648K)
[747.235s][info][gc,metaspace   ] GC(2693) Metaspace: 19134K(19328K)->19134K(19328K) NonClass: 16474K(16576K)->16474K(16576K) Class: 2660K(2752K)->2660K(2752K)
[747.235s][info][gc             ] GC(2693) Pause Young (Allocation Failure) 618M->488M(861M) 24.758ms
[747.235s][info][gc,cpu         ] GC(2693) User=0.05s Sys=0.00s Real=0.03s
[747.479s][info][gc,start       ] GC(2694) Pause Young (Allocation Failure)
[747.504s][info][gc,heap        ] GC(2694) PSYoungGen: 157088K(214528K)->24064K(210432K) Eden: 133120K(133120K)->0K(143872K) From: 23968K(81408K)->24064K(66560K)
[747.504s][info][gc,heap        ] GC(2694) ParOldGen: 476638K(667648K)->476638K(667648K)
[747.504s][info][gc,metaspace   ] GC(2694) Metaspace: 19134K(19328K)->19134K(19328K) NonClass: 16474K(16576K)->16474K(16576K) Class: 2660K(2752K)->2660K(2752K)
[747.504s][info][gc             ] GC(2694) Pause Young (Allocation Failure) 618M->488M(857M) 25.741ms
[747.504s][info][gc,cpu         ] GC(2694) User=0.05s Sys=0.00s Real=0.03s
[747.748s][info][gc,start       ] GC(2695) Pause Young (Allocation Failure)
[747.779s][info][gc,heap        ] GC(2695) PSYoungGen: 167936K(210432K)->24064K(215552K) Eden: 143872K(143872K)->0K(143872K) From: 24064K(66560K)->24064K(71680K)
[747.779s][info][gc,heap        ] GC(2695) ParOldGen: 476638K(667648K)->476638K(667648K)
[747.779s][info][gc,metaspace   ] GC(2695) Metaspace: 19134K(19328K)->19134K(19328K) NonClass: 16474K(16576K)->16474K(16576K) Class: 2660K(2752K)->2660K(2752K)
[747.779s][info][gc             ] GC(2695) Pause Young (Allocation Failure) 629M->488M(862M) 30.722ms
[747.779s][info][gc,cpu         ] GC(2695) User=0.06s Sys=0.00s Real=0.03s
[747.986s][info][gc,start       ] GC(2696) Pause Young (Allocation Failure)
[748.022s][info][gc,heap        ] GC(2696) PSYoungGen: 167936K(215552K)->37120K(221184K) Eden: 143872K(143872K)->0K(154112K) From: 24064K(71680K)->37120K(67072K)
[748.022s][info][gc,heap        ] GC(2696) ParOldGen: 476638K(667648K)->476638K(667648K)
[748.022s][info][gc,metaspace   ] GC(2696) Metaspace: 19134K(19328K)->19134K(19328K) NonClass: 16474K(16576K)->16474K(16576K) Class: 2660K(2752K)->2660K(2752K)
[748.022s][info][gc             ] GC(2696) Pause Young (Allocation Failure) 629M->501M(868M) 36.427ms
[748.022s][info][gc,cpu         ] GC(2696) User=0.08s Sys=0.01s Real=0.03s
[748.210s][info][gc,start       ] GC(2697) Pause Young (Allocation Failure)
[748.250s][info][gc,heap        ] GC(2697) PSYoungGen: 191232K(221184K)->39984K(222208K) Eden: 154112K(154112K)->0K(154112K) From: 37120K(67072K)->39984K(68096K)
[748.251s][info][gc,heap        ] GC(2697) ParOldGen: 476638K(667648K)->476638K(667648K)
[748.251s][info][gc,metaspace   ] GC(2697) Metaspace: 19134K(19328K)->19134K(19328K) NonClass: 16474K(16576K)->16474K(16576K) Class: 2660K(2752K)->2660K(2752K)
[748.251s][info][gc             ] GC(2697) Pause Young (Allocation Failure) 652M->504M(869M) 40.348ms
[748.251s][info][gc,cpu         ] GC(2697) User=0.08s Sys=0.00s Real=0.04s
[748.341s][info][gc,start       ] GC(2698) Pause Young (Allocation Failure)
[748.433s][info][gc,heap        ] GC(2698) PSYoungGen: 194096K(222208K)->69600K(217600K) Eden: 154112K(154112K)->0K(147968K) From: 39984K(68096K)->69600K(69632K)
[748.433s][info][gc,heap        ] GC(2698) ParOldGen: 476638K(667648K)->497606K(667648K)
[748.433s][info][gc,metaspace   ] GC(2698) Metaspace: 19134K(19328K)->19134K(19328K) NonClass: 16474K(16576K)->16474K(16576K) Class: 2660K(2752K)->2660K(2752K)
[748.433s][info][gc             ] GC(2698) Pause Young (Allocation Failure) 655M->553M(864M) 91.570ms
[748.433s][info][gc,cpu         ] GC(2698) User=0.17s Sys=0.01s Real=0.09s
[748.689s][info][gc,start       ] GC(2699) Pause Young (Allocation Failure)
[748.776s][info][gc,heap        ] GC(2699) PSYoungGen: 217568K(217600K)->69344K(217600K) Eden: 147968K(147968K)->0K(147968K) From: 69600K(69632K)->69344K(69632K)
[748.776s][info][gc,heap        ] GC(2699) ParOldGen: 497606K(667648K)->511638K(667648K)
[748.776s][info][gc,metaspace   ] GC(2699) Metaspace: 19134K(19328K)->19134K(19328K) NonClass: 16474K(16576K)->16474K(16576K) Class: 2660K(2752K)->2660K(2752K)
[748.776s][info][gc             ] GC(2699) Pause Young (Allocation Failure) 698M->567M(864M) 86.616ms
[748.776s][info][gc,cpu         ] GC(2699) User=0.18s Sys=0.00s Real=0.09s
[748.985s][info][gc,start       ] GC(2700) Pause Young (Allocation Failure)
[749.061s][info][gc,heap        ] GC(2700) PSYoungGen: 217312K(217600K)->62880K(229376K) Eden: 147968K(147968K)->0K(132096K) From: 69344K(69632K)->62880K(97280K)
[749.061s][info][gc,heap        ] GC(2700) ParOldGen: 511638K(667648K)->518102K(667648K)
[749.061s][info][gc,metaspace   ] GC(2700) Metaspace: 19134K(19328K)->19134K(19328K) NonClass: 16474K(16576K)->16474K(16576K) Class: 2660K(2752K)->2660K(2752K)
[749.061s][info][gc             ] GC(2700) Pause Young (Allocation Failure) 711M->567M(876M) 76.553ms
[749.061s][info][gc,cpu         ] GC(2700) User=0.15s Sys=0.00s Real=0.07s
[749.244s][info][gc,start       ] GC(2701) Pause Young (Allocation Failure)
[749.316s][info][gc,heap        ] GC(2701) PSYoungGen: 194976K(229376K)->59456K(192000K) Eden: 132096K(132096K)->0K(132096K) From: 62880K(97280K)->59456K(59904K)
[749.316s][info][gc,heap        ] GC(2701) ParOldGen: 518102K(667648K)->521566K(667648K)
[749.316s][info][gc,metaspace   ] GC(2701) Metaspace: 19134K(19328K)->19134K(19328K) NonClass: 16474K(16576K)->16474K(16576K) Class: 2660K(2752K)->2660K(2752K)
[749.316s][info][gc             ] GC(2701) Pause Young (Allocation Failure) 696M->567M(839M) 72.008ms
[749.316s][info][gc,cpu         ] GC(2701) User=0.14s Sys=0.00s Real=0.07s
[749.498s][info][gc,start       ] GC(2702) Pause Young (Allocation Failure)
[749.566s][info][gc,heap        ] GC(2702) PSYoungGen: 191552K(192000K)->59296K(230400K) Eden: 132096K(132096K)->0K(128000K) From: 59456K(59904K)->59296K(102400K)
[749.566s][info][gc,heap        ] GC(2702) ParOldGen: 521566K(667648K)->521716K(667648K)
[749.566s][info][gc,metaspace   ] GC(2702) Metaspace: 19134K(19328K)->19134K(19328K) NonClass: 16474K(16576K)->16474K(16576K) Class: 2660K(2752K)->2660K(2752K)
[749.566s][info][gc             ] GC(2702) Pause Young (Allocation Failure) 696M->567M(877M) 67.627ms
[749.566s][info][gc,cpu         ] GC(2702) User=0.13s Sys=0.00s Real=0.07s
[749.744s][info][gc,start       ] GC(2703) Pause Young (Allocation Failure)
[749.808s][info][gc,heap        ] GC(2703) PSYoungGen: 187296K(230400K)->43392K(171520K) Eden: 128000K(128000K)->0K(128000K) From: 59296K(102400K)->43392K(43520K)
[749.808s][info][gc,heap        ] GC(2703) ParOldGen: 521716K(667648K)->537671K(667648K)
[749.808s][info][gc,metaspace   ] GC(2703) Metaspace: 19134K(19328K)->19134K(19328K) NonClass: 16474K(16576K)->16474K(16576K) Class: 2660K(2752K)->2660K(2752K)
[749.808s][info][gc             ] GC(2703) Pause Young (Allocation Failure) 692M->567M(819M) 64.259ms
[749.808s][info][gc,cpu         ] GC(2703) User=0.13s Sys=0.00s Real=0.06s
[749.985s][info][gc,start       ] GC(2704) Pause Young (Allocation Failure)
[750.031s][info][gc,heap        ] GC(2704) PSYoungGen: 171392K(171520K)->32K(223744K) Eden: 128000K(128000K)->0K(126464K) From: 43392K(43520K)->32K(97280K)
[750.031s][info][gc,heap        ] GC(2704) ParOldGen: 537671K(667648K)->581264K(667648K)
[750.031s][info][gc,metaspace   ] GC(2704) Metaspace: 19134K(19328K)->19134K(19328K) NonClass: 16474K(16576K)->16474K(16576K) Class: 2660K(2752K)->2660K(2752K)
[750.031s][info][gc             ] GC(2704) Pause Young (Allocation Failure) 692M->567M(870M) 45.984ms
[750.031s][info][gc,cpu         ] GC(2704) User=0.09s Sys=0.00s Real=0.04s
[750.204s][info][gc,start       ] GC(2705) Pause Young (Allocation Failure)
[750.206s][info][gc,heap        ] GC(2705) PSYoungGen: 126496K(223744K)->64K(225792K) Eden: 126464K(126464K)->0K(126464K) From: 32K(97280K)->64K(99328K)
[750.206s][info][gc,heap        ] GC(2705) ParOldGen: 581264K(667648K)->581264K(667648K)
[750.206s][info][gc,metaspace   ] GC(2705) Metaspace: 19134K(19328K)->19134K(19328K) NonClass: 16474K(16576K)->16474K(16576K) Class: 2660K(2752K)->2660K(2752K)
[750.206s][info][gc             ] GC(2705) Pause Young (Allocation Failure) 691M->567M(872M) 1.874ms
[750.206s][info][gc,cpu         ] GC(2705) User=0.01s Sys=0.00s Real=0.00s
[750.373s][info][gc,start       ] GC(2706) Pause Young (Allocation Failure)
[750.375s][info][gc,heap        ] GC(2706) PSYoungGen: 126528K(225792K)->64K(233984K) Eden: 126464K(126464K)->0K(134656K) From: 64K(99328K)->64K(99328K)
[750.375s][info][gc,heap        ] GC(2706) ParOldGen: 581264K(667648K)->581264K(667648K)
[750.375s][info][gc,metaspace   ] GC(2706) Metaspace: 19134K(19328K)->19134K(19328K) NonClass: 16474K(16576K)->16474K(16576K) Class: 2660K(2752K)->2660K(2752K)
[750.375s][info][gc             ] GC(2706) Pause Young (Allocation Failure) 691M->567M(880M) 2.204ms
[750.375s][info][gc,cpu         ] GC(2706) User=0.00s Sys=0.00s Real=0.01s
[750.500s][info][gc,start       ] GC(2707) Pause Young (Allocation Failure)
[750.525s][info][gc,heap        ] GC(2707) PSYoungGen: 134720K(233984K)->21632K(156672K) Eden: 134656K(134656K)->0K(134656K) From: 64K(99328K)->21632K(22016K)
[750.525s][info][gc,heap        ] GC(2707) ParOldGen: 581264K(667648K)->581264K(667648K)
[750.525s][info][gc,metaspace   ] GC(2707) Metaspace: 19134K(19328K)->19134K(19328K) NonClass: 16474K(16576K)->16474K(16576K) Class: 2660K(2752K)->2660K(2752K)
[750.525s][info][gc             ] GC(2707) Pause Young (Allocation Failure) 699M->588M(805M) 24.501ms
[750.525s][info][gc,cpu         ] GC(2707) User=0.05s Sys=0.00s Real=0.03s
[750.637s][info][gc,start       ] GC(2708) Pause Young (Allocation Failure)
[750.664s][info][gc,heap        ] GC(2708) PSYoungGen: 156288K(156672K)->26368K(234496K) Eden: 134656K(134656K)->0K(140800K) From: 21632K(22016K)->26368K(93696K)
[750.664s][info][gc,heap        ] GC(2708) ParOldGen: 581264K(667648K)->581264K(667648K)
[750.664s][info][gc,metaspace   ] GC(2708) Metaspace: 19134K(19328K)->19134K(19328K) NonClass: 16474K(16576K)->16474K(16576K) Class: 2660K(2752K)->2660K(2752K)
[750.664s][info][gc             ] GC(2708) Pause Young (Allocation Failure) 720M->593M(881M) 27.458ms
[750.664s][info][gc,cpu         ] GC(2708) User=0.06s Sys=0.00s Real=0.03s
[750.797s][info][gc,start       ] GC(2709) Pause Young (Allocation Failure)
[750.827s][info][gc,heap        ] GC(2709) PSYoungGen: 167168K(234496K)->29536K(228864K) Eden: 140800K(140800K)->0K(140800K) From: 26368K(93696K)->29536K(88064K)
[750.827s][info][gc,heap        ] GC(2709) ParOldGen: 581264K(667648K)->581264K(667648K)
[750.827s][info][gc,metaspace   ] GC(2709) Metaspace: 19134K(19328K)->19134K(19328K) NonClass: 16474K(16576K)->16474K(16576K) Class: 2660K(2752K)->2660K(2752K)
[750.827s][info][gc             ] GC(2709) Pause Young (Allocation Failure) 730M->596M(875M) 30.195ms
[750.827s][info][gc,cpu         ] GC(2709) User=0.06s Sys=0.01s Real=0.03s
[750.945s][info][gc,start       ] GC(2710) Pause Young (Allocation Failure)
[750.976s][info][gc,heap        ] GC(2710) PSYoungGen: 170336K(228864K)->29632K(229376K) Eden: 140800K(140800K)->0K(154624K) From: 29536K(88064K)->29632K(74752K)
[750.976s][info][gc,heap        ] GC(2710) ParOldGen: 581264K(667648K)->581264K(667648K)
[750.976s][info][gc,metaspace   ] GC(2710) Metaspace: 19134K(19328K)->19134K(19328K) NonClass: 16474K(16576K)->16474K(16576K) Class: 2660K(2752K)->2660K(2752K)
[750.976s][info][gc             ] GC(2710) Pause Young (Allocation Failure) 733M->596M(876M) 30.352ms
[750.976s][info][gc,cpu         ] GC(2710) User=0.06s Sys=0.00s Real=0.03s
[751.152s][info][gc,start       ] GC(2711) Pause Young (Allocation Failure)
[751.191s][info][gc,heap        ] GC(2711) PSYoungGen: 184256K(229376K)->39488K(231936K) Eden: 154624K(154624K)->0K(154624K) From: 29632K(74752K)->39488K(77312K)
[751.191s][info][gc,heap        ] GC(2711) ParOldGen: 581264K(667648K)->581264K(667648K)
[751.191s][info][gc,metaspace   ] GC(2711) Metaspace: 19134K(19328K)->19134K(19328K) NonClass: 16474K(16576K)->16474K(16576K) Class: 2660K(2752K)->2660K(2752K)
[751.191s][info][gc             ] GC(2711) Pause Young (Allocation Failure) 747M->606M(878M) 39.616ms
[751.191s][info][gc,cpu         ] GC(2711) User=0.08s Sys=0.00s Real=0.04s
[751.434s][info][gc,start       ] GC(2712) Pause Young (Allocation Failure)
[751.499s][info][gc,heap        ] GC(2712) PSYoungGen: 194112K(231936K)->61536K(239616K) Eden: 154624K(154624K)->0K(163328K) From: 39488K(77312K)->61536K(76288K)
[751.499s][info][gc,heap        ] GC(2712) ParOldGen: 581264K(667648K)->581264K(667648K)
[751.499s][info][gc,metaspace   ] GC(2712) Metaspace: 19134K(19328K)->19134K(19328K) NonClass: 16474K(16576K)->16474K(16576K) Class: 2660K(2752K)->2660K(2752K)
[751.499s][info][gc             ] GC(2712) Pause Young (Allocation Failure) 757M->627M(886M) 64.343ms
[751.499s][info][gc,cpu         ] GC(2712) User=0.13s Sys=0.00s Real=0.06s
[751.677s][info][gc,start       ] GC(2713) Pause Young (Allocation Failure)
[751.759s][info][gc,heap        ] GC(2713) PSYoungGen: 224864K(239616K)->82944K(246272K) Eden: 163328K(163328K)->0K(163328K) From: 61536K(76288K)->82944K(82944K)
[751.759s][info][gc,heap        ] GC(2713) ParOldGen: 581264K(667648K)->581624K(667648K)
[751.759s][info][gc,metaspace   ] GC(2713) Metaspace: 19134K(19328K)->19134K(19328K) NonClass: 16474K(16576K)->16474K(16576K) Class: 2660K(2752K)->2660K(2752K)
[751.759s][info][gc             ] GC(2713) Pause Young (Allocation Failure) 787M->648M(892M) 82.607ms
[751.759s][info][gc,cpu         ] GC(2713) User=0.17s Sys=0.00s Real=0.08s
[751.949s][info][gc,start       ] GC(2714) Pause Young (Allocation Failure)
[752.068s][info][gc,heap        ] GC(2714) PSYoungGen: 246272K(246272K)->87552K(199168K) Eden: 163328K(163328K)->0K(111616K) From: 82944K(82944K)->87552K(87552K)
[752.068s][info][gc,heap        ] GC(2714) ParOldGen: 581624K(667648K)->605136K(667648K)
[752.068s][info][gc,metaspace   ] GC(2714) Metaspace: 19134K(19328K)->19134K(19328K) NonClass: 16474K(16576K)->16474K(16576K) Class: 2660K(2752K)->2660K(2752K)
[752.068s][info][gc             ] GC(2714) Pause Young (Allocation Failure) 808M->676M(846M) 119.427ms
[752.068s][info][gc,cpu         ] GC(2714) User=0.22s Sys=0.01s Real=0.12s
[752.153s][info][gc,start       ] GC(2715) Pause Young (Allocation Failure)
[752.241s][info][gc,heap        ] GC(2715) PSYoungGen: 199168K(199168K)->81376K(222720K) Eden: 111616K(111616K)->0K(111616K) From: 87552K(87552K)->81376K(111104K)
[752.241s][info][gc,heap        ] GC(2715) ParOldGen: 605136K(667648K)->615720K(667648K)
[752.241s][info][gc,metaspace   ] GC(2715) Metaspace: 19134K(19328K)->19134K(19328K) NonClass: 16474K(16576K)->16474K(16576K) Class: 2660K(2752K)->2660K(2752K)
[752.241s][info][gc             ] GC(2715) Pause Young (Allocation Failure) 785M->680M(869M) 88.666ms
[752.241s][info][gc,cpu         ] GC(2715) User=0.18s Sys=0.00s Real=0.09s
[752.369s][info][gc,start       ] GC(2716) Pause Young (Allocation Failure)
[752.449s][info][gc,heap        ] GC(2716) PSYoungGen: 192992K(222720K)->81248K(222720K) Eden: 111616K(111616K)->0K(111616K) From: 81376K(111104K)->81248K(111104K)
[752.449s][info][gc,heap        ] GC(2716) ParOldGen: 615720K(667648K)->616944K(667648K)
[752.449s][info][gc,metaspace   ] GC(2716) Metaspace: 19134K(19328K)->19134K(19328K) NonClass: 16474K(16576K)->16474K(16576K) Class: 2660K(2752K)->2660K(2752K)
[752.449s][info][gc             ] GC(2716) Pause Young (Allocation Failure) 789M->681M(869M) 79.763ms
[752.449s][info][gc,cpu         ] GC(2716) User=0.16s Sys=0.00s Real=0.08s
[752.550s][info][gc,start       ] GC(2717) Pause Young (Allocation Failure)
[752.640s][info][gc,heap        ] GC(2717) PSYoungGen: 192864K(222720K)->67520K(222720K) Eden: 111616K(111616K)->0K(111616K) From: 81248K(111104K)->67520K(111104K)
[752.640s][info][gc,heap        ] GC(2717) ParOldGen: 616944K(667648K)->642968K(667648K)
[752.640s][info][gc,metaspace   ] GC(2717) Metaspace: 19134K(19328K)->19134K(19328K) NonClass: 16474K(16576K)->16474K(16576K) Class: 2660K(2752K)->2660K(2752K)
[752.640s][info][gc             ] GC(2717) Pause Young (Allocation Failure) 790M->693M(869M) 89.870ms
[752.640s][info][gc,cpu         ] GC(2717) User=0.18s Sys=0.00s Real=0.09s
[752.727s][info][gc,start       ] GC(2718) Pause Full (Allocation Failure)
[752.727s][info][gc,phases,start] GC(2718) Marking Phase
[753.148s][info][gc,phases      ] GC(2718) Marking Phase 421.574ms
[753.148s][info][gc,phases,start] GC(2718) Summary Phase
[753.149s][info][gc,phases      ] GC(2718) Summary Phase 0.027ms
[753.149s][info][gc,phases,start] GC(2718) Forward
[753.269s][info][gc,phases      ] GC(2718) Forward 120.249ms
[753.269s][info][gc,phases,start] GC(2718) Adjust Pointers
[753.604s][info][gc,phases      ] GC(2718) Adjust Pointers 334.863ms
[753.604s][info][gc,phases,start] GC(2718) Compaction Phase
[753.805s][info][gc,phases      ] GC(2718) Compaction Phase 201.630ms
[753.819s][info][gc,phases,start] GC(2718) Post Compact
[753.821s][info][gc,phases      ] GC(2718) Post Compact 2.367ms
[753.821s][info][gc,heap        ] GC(2718) PSYoungGen: 179136K(222720K)->0K(222720K) Eden: 111616K(111616K)->0K(111616K) From: 67520K(111104K)->0K(111104K)
[753.821s][info][gc,heap        ] GC(2718) ParOldGen: 642968K(667648K)->597075K(667648K)
[753.821s][info][gc,metaspace   ] GC(2718) Metaspace: 19134K(19328K)->19134K(19328K) NonClass: 16474K(16576K)->16474K(16576K) Class: 2660K(2752K)->2660K(2752K)
[753.821s][info][gc             ] GC(2718) Pause Full (Allocation Failure) 802M->583M(869M) 1094.382ms
[753.821s][info][gc,cpu         ] GC(2718) User=2.14s Sys=0.00s Real=1.09s
[753.876s][info][gc,start       ] GC(2719) Pause Young (Allocation Failure)
[753.906s][info][gc,heap        ] GC(2719) PSYoungGen: 111616K(222720K)->33760K(222720K) Eden: 111616K(111616K)->0K(111616K) From: 0K(111104K)->33760K(111104K)
[753.906s][info][gc,heap        ] GC(2719) ParOldGen: 597075K(667648K)->597075K(667648K)
[753.906s][info][gc,metaspace   ] GC(2719) Metaspace: 19134K(19328K)->19134K(19328K) NonClass: 16474K(16576K)->16474K(16576K) Class: 2660K(2752K)->2660K(2752K)
[753.906s][info][gc             ] GC(2719) Pause Young (Allocation Failure) 692M->616M(869M) 30.066ms
[753.906s][info][gc,cpu         ] GC(2719) User=0.06s Sys=0.00s Real=0.03s
[753.993s][info][gc,start       ] GC(2720) Pause Young (Allocation Failure)
[754.031s][info][gc,heap        ] GC(2720) PSYoungGen: 145376K(222720K)->54464K(222720K) Eden: 111616K(111616K)->0K(111616K) From: 33760K(111104K)->54464K(111104K)
[754.031s][info][gc,heap        ] GC(2720) ParOldGen: 597075K(667648K)->597075K(667648K)
[754.031s][info][gc,metaspace   ] GC(2720) Metaspace: 19134K(19328K)->19134K(19328K) NonClass: 16474K(16576K)->16474K(16576K) Class: 2660K(2752K)->2660K(2752K)
[754.031s][info][gc             ] GC(2720) Pause Young (Allocation Failure) 725M->636M(869M) 38.014ms
[754.031s][info][gc,cpu         ] GC(2720) User=0.08s Sys=0.00s Real=0.04s
[754.110s][info][gc,start       ] GC(2721) Pause Young (Allocation Failure)
[754.146s][info][gc,heap        ] GC(2721) PSYoungGen: 166080K(222720K)->20832K(222720K) Eden: 111616K(111616K)->0K(111616K) From: 54464K(111104K)->20832K(111104K)
[754.146s][info][gc,heap        ] GC(2721) ParOldGen: 597075K(667648K)->631155K(667648K)
[754.146s][info][gc,metaspace   ] GC(2721) Metaspace: 19134K(19328K)->19134K(19328K) NonClass: 16474K(16576K)->16474K(16576K) Class: 2660K(2752K)->2660K(2752K)
[754.146s][info][gc             ] GC(2721) Pause Young (Allocation Failure) 745M->636M(869M) 36.343ms
[754.146s][info][gc,cpu         ] GC(2721) User=0.07s Sys=0.00s Real=0.04s
[754.253s][info][gc,start       ] GC(2722) Pause Full (Allocation Failure)
[754.253s][info][gc,phases,start] GC(2722) Marking Phase
[754.702s][info][gc,phases      ] GC(2722) Marking Phase 449.190ms
[754.702s][info][gc,phases,start] GC(2722) Summary Phase
[754.702s][info][gc,phases      ] GC(2722) Summary Phase 0.025ms
[754.702s][info][gc,phases,start] GC(2722) Forward
[754.709s][info][gc,phases      ] GC(2722) Forward 7.317ms
[754.710s][info][gc,phases,start] GC(2722) Adjust Pointers
[755.015s][info][gc,phases      ] GC(2722) Adjust Pointers 305.886ms
[755.015s][info][gc,phases,start] GC(2722) Compaction Phase
[755.148s][info][gc,phases      ] GC(2722) Compaction Phase 132.107ms
[755.148s][info][gc,phases,start] GC(2722) Post Compact
[755.150s][info][gc,phases      ] GC(2722) Post Compact 2.165ms
[755.150s][info][gc,heap        ] GC(2722) PSYoungGen: 132448K(222720K)->0K(222720K) Eden: 111616K(111616K)->0K(111616K) From: 20832K(111104K)->0K(111104K)
[755.150s][info][gc,heap        ] GC(2722) ParOldGen: 631155K(667648K)->651740K(667648K)
[755.150s][info][gc,metaspace   ] GC(2722) Metaspace: 19134K(19328K)->19134K(19328K) NonClass: 16474K(16576K)->16474K(16576K) Class: 2660K(2752K)->2660K(2752K)
[755.150s][info][gc             ] GC(2722) Pause Full (Allocation Failure) 745M->636M(869M) 897.044ms
[755.150s][info][gc,cpu         ] GC(2722) User=1.76s Sys=0.00s Real=0.90s
[755.254s][info][gc,start       ] GC(2723) Pause Full (Allocation Failure)
[755.255s][info][gc,phases,start] GC(2723) Marking Phase
[755.718s][info][gc,phases      ] GC(2723) Marking Phase 463.531ms
[755.718s][info][gc,phases,start] GC(2723) Summary Phase
[755.718s][info][gc,phases      ] GC(2723) Summary Phase 0.025ms
[755.718s][info][gc,phases,start] GC(2723) Forward
[755.729s][info][gc,phases      ] GC(2723) Forward 10.510ms
[755.729s][info][gc,phases,start] GC(2723) Adjust Pointers
[756.046s][info][gc,phases      ] GC(2723) Adjust Pointers 317.521ms
[756.046s][info][gc,phases,start] GC(2723) Compaction Phase
[756.184s][info][gc,phases      ] GC(2723) Compaction Phase 137.232ms
[756.184s][info][gc,phases,start] GC(2723) Post Compact
[756.186s][info][gc,phases      ] GC(2723) Post Compact 2.159ms
[756.186s][info][gc,heap        ] GC(2723) PSYoungGen: 111616K(222720K)->0K(222720K) Eden: 111616K(111616K)->0K(111616K) From: 0K(111104K)->0K(111104K)
[756.186s][info][gc,heap        ] GC(2723) ParOldGen: 651740K(667648K)->666715K(667648K)
[756.186s][info][gc,metaspace   ] GC(2723) Metaspace: 19134K(19328K)->19134K(19328K) NonClass: 16474K(16576K)->16474K(16576K) Class: 2660K(2752K)->2660K(2752K)
[756.186s][info][gc             ] GC(2723) Pause Full (Allocation Failure) 745M->651M(869M) 931.389ms
[756.186s][info][gc,cpu         ] GC(2723) User=1.81s Sys=0.00s Real=0.93s
[756.318s][info][gc,start       ] GC(2724) Pause Full (Allocation Failure)
[756.318s][info][gc,phases,start] GC(2724) Marking Phase
[756.783s][info][gc,phases      ] GC(2724) Marking Phase 464.794ms
[756.783s][info][gc,phases,start] GC(2724) Summary Phase
[756.783s][info][gc,phases      ] GC(2724) Summary Phase 0.025ms
[756.783s][info][gc,phases,start] GC(2724) Forward
[756.785s][info][gc,phases      ] GC(2724) Forward 1.760ms
[756.785s][info][gc,phases,start] GC(2724) Adjust Pointers
[757.098s][info][gc,phases      ] GC(2724) Adjust Pointers 313.443ms
[757.098s][info][gc,phases,start] GC(2724) Compaction Phase
[757.239s][info][gc,phases      ] GC(2724) Compaction Phase 141.163ms
[757.240s][info][gc,phases,start] GC(2724) Post Compact
[757.242s][info][gc,phases      ] GC(2724) Post Compact 2.180ms
[757.242s][info][gc,heap        ] GC(2724) PSYoungGen: 111616K(222720K)->126K(222720K) Eden: 111616K(111616K)->126K(111616K) From: 0K(111104K)->0K(111104K)
[757.242s][info][gc,heap        ] GC(2724) ParOldGen: 666715K(667648K)->667635K(667648K)
[757.242s][info][gc,metaspace   ] GC(2724) Metaspace: 19134K(19328K)->19134K(19328K) NonClass: 16474K(16576K)->16474K(16576K) Class: 2660K(2752K)->2660K(2752K)
[757.242s][info][gc             ] GC(2724) Pause Full (Allocation Failure) 760M->652M(869M) 923.775ms
[757.242s][info][gc,cpu         ] GC(2724) User=1.81s Sys=0.00s Real=0.92s
[757.432s][info][gc,start       ] GC(2725) Pause Full (Allocation Failure)
[757.432s][info][gc,phases,start] GC(2725) Marking Phase
[757.899s][info][gc,phases      ] GC(2725) Marking Phase 467.031ms
[757.899s][info][gc,phases,start] GC(2725) Summary Phase
[757.899s][info][gc,phases      ] GC(2725) Summary Phase 0.024ms
[757.899s][info][gc,phases,start] GC(2725) Forward
[757.901s][info][gc,phases      ] GC(2725) Forward 1.727ms
[757.901s][info][gc,phases,start] GC(2725) Adjust Pointers
[758.216s][info][gc,phases      ] GC(2725) Adjust Pointers 315.577ms
[758.216s][info][gc,phases,start] GC(2725) Compaction Phase
[758.358s][info][gc,phases      ] GC(2725) Compaction Phase 141.397ms
[758.358s][info][gc,phases,start] GC(2725) Post Compact
[758.360s][info][gc,phases      ] GC(2725) Post Compact 2.213ms
[758.360s][info][gc,heap        ] GC(2725) PSYoungGen: 111616K(222720K)->1172K(222720K) Eden: 111616K(111616K)->1172K(111616K) From: 0K(111104K)->0K(111104K)
[758.360s][info][gc,heap        ] GC(2725) ParOldGen: 667635K(667648K)->667599K(667648K)
[758.360s][info][gc,metaspace   ] GC(2725) Metaspace: 19134K(19328K)->19134K(19328K) NonClass: 16474K(16576K)->16474K(16576K) Class: 2660K(2752K)->2660K(2752K)
[758.360s][info][gc             ] GC(2725) Pause Full (Allocation Failure) 760M->653M(869M) 928.333ms
[758.360s][info][gc,cpu         ] GC(2725) User=1.82s Sys=0.00s Real=0.93s
[758.436s][info][gc,start       ] GC(2726) Pause Full (Allocation Failure)
[758.436s][info][gc,phases,start] GC(2726) Marking Phase
[758.910s][info][gc,phases      ] GC(2726) Marking Phase 473.829ms
[758.910s][info][gc,phases,start] GC(2726) Summary Phase
[758.910s][info][gc,phases      ] GC(2726) Summary Phase 0.026ms
[758.910s][info][gc,phases,start] GC(2726) Forward
[758.915s][info][gc,phases      ] GC(2726) Forward 5.372ms
[758.915s][info][gc,phases,start] GC(2726) Adjust Pointers
[759.233s][info][gc,phases      ] GC(2726) Adjust Pointers 317.874ms
[759.233s][info][gc,phases,start] GC(2726) Compaction Phase
[759.375s][info][gc,phases      ] GC(2726) Compaction Phase 142.033ms
[759.375s][info][gc,phases,start] GC(2726) Post Compact
[759.378s][info][gc,phases      ] GC(2726) Post Compact 2.248ms
[759.378s][info][gc,heap        ] GC(2726) PSYoungGen: 111616K(222720K)->8613K(222720K) Eden: 111616K(111616K)->8613K(111616K) From: 0K(111104K)->0K(111104K)
[759.378s][info][gc,heap        ] GC(2726) ParOldGen: 667599K(667648K)->667599K(667648K)
[759.378s][info][gc,metaspace   ] GC(2726) Metaspace: 19134K(19328K)->19134K(19328K) NonClass: 16474K(16576K)->16474K(16576K) Class: 2660K(2752K)->2660K(2752K)
[759.378s][info][gc             ] GC(2726) Pause Full (Allocation Failure) 760M->660M(869M) 941.776ms
[759.378s][info][gc,cpu         ] GC(2726) User=1.83s Sys=0.00s Real=0.94s
[759.479s][info][gc,start       ] GC(2727) Pause Full (Allocation Failure)
[759.479s][info][gc,phases,start] GC(2727) Marking Phase
[759.959s][info][gc,phases      ] GC(2727) Marking Phase 479.884ms
[759.959s][info][gc,phases,start] GC(2727) Summary Phase
[759.959s][info][gc,phases      ] GC(2727) Summary Phase 0.024ms
[759.959s][info][gc,phases,start] GC(2727) Forward
[759.965s][info][gc,phases      ] GC(2727) Forward 6.583ms
[759.965s][info][gc,phases,start] GC(2727) Adjust Pointers
[760.287s][info][gc,phases      ] GC(2727) Adjust Pointers 321.462ms
[760.287s][info][gc,phases,start] GC(2727) Compaction Phase
[760.428s][info][gc,phases      ] GC(2727) Compaction Phase 141.269ms
[760.428s][info][gc,phases,start] GC(2727) Post Compact
[760.431s][info][gc,phases      ] GC(2727) Post Compact 2.218ms
[760.431s][info][gc,heap        ] GC(2727) PSYoungGen: 111616K(222720K)->10833K(222720K) Eden: 111616K(111616K)->10833K(111616K) From: 0K(111104K)->0K(111104K)
[760.431s][info][gc,heap        ] GC(2727) ParOldGen: 667599K(667648K)->667598K(667648K)
[760.431s][info][gc,metaspace   ] GC(2727) Metaspace: 19134K(19328K)->19134K(19328K) NonClass: 16474K(16576K)->16474K(16576K) Class: 2660K(2752K)->2660K(2752K)
[760.431s][info][gc             ] GC(2727) Pause Full (Allocation Failure) 760M->662M(869M) 951.827ms
[760.431s][info][gc,cpu         ] GC(2727) User=1.86s Sys=0.00s Real=0.95s
[760.532s][info][gc,start       ] GC(2728) Pause Full (Allocation Failure)
[760.532s][info][gc,phases,start] GC(2728) Marking Phase
[761.010s][info][gc,phases      ] GC(2728) Marking Phase 477.338ms
[761.010s][info][gc,phases,start] GC(2728) Summary Phase
[761.010s][info][gc,phases      ] GC(2728) Summary Phase 0.025ms
[761.010s][info][gc,phases,start] GC(2728) Forward
[761.015s][info][gc,phases      ] GC(2728) Forward 5.727ms
[761.015s][info][gc,phases,start] GC(2728) Adjust Pointers
[761.337s][info][gc,phases      ] GC(2728) Adjust Pointers 321.943ms
[761.337s][info][gc,phases,start] GC(2728) Compaction Phase
[761.479s][info][gc,phases      ] GC(2728) Compaction Phase 141.411ms
[761.479s][info][gc,phases,start] GC(2728) Post Compact
[761.481s][info][gc,phases      ] GC(2728) Post Compact 2.184ms
[761.481s][info][gc,heap        ] GC(2728) PSYoungGen: 111616K(222720K)->11565K(222720K) Eden: 111616K(111616K)->11565K(111616K) From: 0K(111104K)->0K(111104K)
[761.481s][info][gc,heap        ] GC(2728) ParOldGen: 667598K(667648K)->667598K(667648K)
[761.481s][info][gc,metaspace   ] GC(2728) Metaspace: 19134K(19328K)->19134K(19328K) NonClass: 16474K(16576K)->16474K(16576K) Class: 2660K(2752K)->2660K(2752K)
[761.481s][info][gc             ] GC(2728) Pause Full (Allocation Failure) 760M->663M(869M) 949.002ms
[761.481s][info][gc,cpu         ] GC(2728) User=1.86s Sys=0.00s Real=0.95s
[761.577s][info][gc,start       ] GC(2729) Pause Full (Allocation Failure)
[761.577s][info][gc,phases,start] GC(2729) Marking Phase
[762.058s][info][gc,phases      ] GC(2729) Marking Phase 481.175ms
[762.058s][info][gc,phases,start] GC(2729) Summary Phase
[762.058s][info][gc,phases      ] GC(2729) Summary Phase 0.023ms
[762.058s][info][gc,phases,start] GC(2729) Forward
[762.065s][info][gc,phases      ] GC(2729) Forward 6.264ms
[762.065s][info][gc,phases,start] GC(2729) Adjust Pointers
[762.388s][info][gc,phases      ] GC(2729) Adjust Pointers 322.983ms
[762.388s][info][gc,phases,start] GC(2729) Compaction Phase
[762.532s][info][gc,phases      ] GC(2729) Compaction Phase 144.636ms
[762.532s][info][gc,phases,start] GC(2729) Post Compact
[762.535s][info][gc,phases      ] GC(2729) Post Compact 2.223ms
[762.535s][info][gc,heap        ] GC(2729) PSYoungGen: 111616K(222720K)->12490K(222720K) Eden: 111616K(111616K)->12490K(111616K) From: 0K(111104K)->0K(111104K)
[762.535s][info][gc,heap        ] GC(2729) ParOldGen: 667598K(667648K)->667598K(667648K)
[762.535s][info][gc,metaspace   ] GC(2729) Metaspace: 19134K(19328K)->19134K(19328K) NonClass: 16474K(16576K)->16474K(16576K) Class: 2660K(2752K)->2660K(2752K)
[762.535s][info][gc             ] GC(2729) Pause Full (Allocation Failure) 760M->664M(869M) 957.682ms
[762.535s][info][gc,cpu         ] GC(2729) User=1.87s Sys=0.00s Real=0.96s
[762.821s][info][gc,start       ] GC(2730) Pause Full (Allocation Failure)
[762.821s][info][gc,phases,start] GC(2730) Marking Phase
[763.311s][info][gc,phases      ] GC(2730) Marking Phase 489.686ms
[763.311s][info][gc,phases,start] GC(2730) Summary Phase
[763.311s][info][gc,phases      ] GC(2730) Summary Phase 0.048ms
[763.311s][info][gc,phases,start] GC(2730) Forward
[763.334s][info][gc,phases      ] GC(2730) Forward 22.399ms
[763.334s][info][gc,phases,start] GC(2730) Adjust Pointers
[763.671s][info][gc,phases      ] GC(2730) Adjust Pointers 337.179ms
[763.671s][info][gc,phases,start] GC(2730) Compaction Phase
[763.817s][info][gc,phases      ] GC(2730) Compaction Phase 145.879ms
[763.819s][info][gc,phases,start] GC(2730) Post Compact
[763.821s][info][gc,phases      ] GC(2730) Post Compact 2.226ms
[763.821s][info][gc,heap        ] GC(2730) PSYoungGen: 111616K(222720K)->27100K(222720K) Eden: 111616K(111616K)->27100K(111616K) From: 0K(111104K)->0K(111104K)
[763.821s][info][gc,heap        ] GC(2730) ParOldGen: 667598K(667648K)->667513K(667648K)
[763.821s][info][gc,metaspace   ] GC(2730) Metaspace: 19134K(19328K)->19134K(19328K) NonClass: 16474K(16576K)->16474K(16576K) Class: 2660K(2752K)->2660K(2752K)
[763.821s][info][gc             ] GC(2730) Pause Full (Allocation Failure) 760M->678M(869M) 999.954ms
[763.821s][info][gc,cpu         ] GC(2730) User=1.95s Sys=0.00s Real=1.00s
[763.941s][info][gc,start       ] GC(2731) Pause Full (Allocation Failure)
[763.941s][info][gc,phases,start] GC(2731) Marking Phase
[764.455s][info][gc,phases      ] GC(2731) Marking Phase 514.211ms
[764.455s][info][gc,phases,start] GC(2731) Summary Phase
[764.455s][info][gc,phases      ] GC(2731) Summary Phase 0.026ms
[764.455s][info][gc,phases,start] GC(2731) Forward
[764.617s][info][gc,phases      ] GC(2731) Forward 162.339ms
[764.617s][info][gc,phases,start] GC(2731) Adjust Pointers
[765.015s][info][gc,phases      ] GC(2731) Adjust Pointers 397.468ms
[765.015s][info][gc,phases,start] GC(2731) Compaction Phase
[765.295s][info][gc,phases      ] GC(2731) Compaction Phase 280.267ms
[765.311s][info][gc,phases,start] GC(2731) Post Compact
[765.313s][info][gc,phases      ] GC(2731) Post Compact 2.256ms
[765.313s][info][gc,heap        ] GC(2731) PSYoungGen: 111616K(222720K)->13761K(222720K) Eden: 111616K(111616K)->13761K(111616K) From: 0K(111104K)->0K(111104K)
[765.313s][info][gc,heap        ] GC(2731) ParOldGen: 667513K(667648K)->667450K(667648K)
[765.313s][info][gc,metaspace   ] GC(2731) Metaspace: 19134K(19328K)->19134K(19328K) NonClass: 16474K(16576K)->16474K(16576K) Class: 2660K(2752K)->2660K(2752K)
[765.313s][info][gc             ] GC(2731) Pause Full (Allocation Failure) 760M->665M(869M) 1372.613ms
[765.313s][info][gc,cpu         ] GC(2731) User=2.67s Sys=0.01s Real=1.37s
[765.438s][info][gc,start       ] GC(2732) Pause Full (Allocation Failure)
[765.439s][info][gc,phases,start] GC(2732) Marking Phase
[765.964s][info][gc,phases      ] GC(2732) Marking Phase 525.670ms
[765.964s][info][gc,phases,start] GC(2732) Summary Phase
[765.964s][info][gc,phases      ] GC(2732) Summary Phase 0.023ms
[765.964s][info][gc,phases,start] GC(2732) Forward
[765.977s][info][gc,phases      ] GC(2732) Forward 13.030ms
[765.977s][info][gc,phases,start] GC(2732) Adjust Pointers
[766.333s][info][gc,phases      ] GC(2732) Adjust Pointers 355.180ms
[766.333s][info][gc,phases,start] GC(2732) Compaction Phase
[766.484s][info][gc,phases      ] GC(2732) Compaction Phase 151.812ms
[766.485s][info][gc,phases,start] GC(2732) Post Compact
[766.487s][info][gc,phases      ] GC(2732) Post Compact 2.233ms
[766.487s][info][gc,heap        ] GC(2732) PSYoungGen: 111616K(222720K)->25857K(222720K) Eden: 111616K(111616K)->25857K(111616K) From: 0K(111104K)->0K(111104K)
[766.487s][info][gc,heap        ] GC(2732) ParOldGen: 667450K(667648K)->667450K(667648K)
[766.487s][info][gc,metaspace   ] GC(2732) Metaspace: 19134K(19328K)->19134K(19328K) NonClass: 16474K(16576K)->16474K(16576K) Class: 2660K(2752K)->2660K(2752K)
[766.487s][info][gc             ] GC(2732) Pause Full (Allocation Failure) 760M->677M(869M) 1048.374ms
[766.487s][info][gc,cpu         ] GC(2732) User=2.05s Sys=0.00s Real=1.05s
[766.551s][info][gc,start       ] GC(2733) Pause Full (Allocation Failure)
[766.551s][info][gc,phases,start] GC(2733) Marking Phase
[767.076s][info][gc,phases      ] GC(2733) Marking Phase 524.898ms
[767.076s][info][gc,phases,start] GC(2733) Summary Phase
[767.076s][info][gc,phases      ] GC(2733) Summary Phase 0.024ms
[767.076s][info][gc,phases,start] GC(2733) Forward
[767.091s][info][gc,phases      ] GC(2733) Forward 15.449ms
[767.091s][info][gc,phases,start] GC(2733) Adjust Pointers
[767.445s][info][gc,phases      ] GC(2733) Adjust Pointers 353.677ms
[767.445s][info][gc,phases,start] GC(2733) Compaction Phase
[767.595s][info][gc,phases      ] GC(2733) Compaction Phase 149.541ms
[767.595s][info][gc,phases,start] GC(2733) Post Compact
[767.597s][info][gc,phases      ] GC(2733) Post Compact 2.230ms
[767.597s][info][gc,heap        ] GC(2733) PSYoungGen: 111616K(222720K)->29025K(222720K) Eden: 111616K(111616K)->29025K(111616K) From: 0K(111104K)->0K(111104K)
[767.597s][info][gc,heap        ] GC(2733) ParOldGen: 667450K(667648K)->667450K(667648K)
[767.597s][info][gc,metaspace   ] GC(2733) Metaspace: 19134K(19328K)->19134K(19328K) NonClass: 16474K(16576K)->16474K(16576K) Class: 2660K(2752K)->2660K(2752K)
[767.597s][info][gc             ] GC(2733) Pause Full (Allocation Failure) 760M->680M(869M) 1046.240ms
[767.597s][info][gc,cpu         ] GC(2733) User=2.04s Sys=0.00s Real=1.05s
[767.692s][info][gc,start       ] GC(2734) Pause Full (Allocation Failure)
[767.692s][info][gc,phases,start] GC(2734) Marking Phase
[768.221s][info][gc,phases      ] GC(2734) Marking Phase 528.582ms
[768.221s][info][gc,phases,start] GC(2734) Summary Phase
[768.221s][info][gc,phases      ] GC(2734) Summary Phase 0.024ms
[768.221s][info][gc,phases,start] GC(2734) Forward
[768.236s][info][gc,phases      ] GC(2734) Forward 15.676ms
[768.236s][info][gc,phases,start] GC(2734) Adjust Pointers
[768.590s][info][gc,phases      ] GC(2734) Adjust Pointers 353.743ms
[768.590s][info][gc,phases,start] GC(2734) Compaction Phase
[768.739s][info][gc,phases      ] GC(2734) Compaction Phase 148.617ms
[768.739s][info][gc,phases,start] GC(2734) Post Compact
[768.741s][info][gc,phases      ] GC(2734) Post Compact 2.220ms
[768.741s][info][gc,heap        ] GC(2734) PSYoungGen: 111616K(222720K)->31298K(222720K) Eden: 111616K(111616K)->31298K(111616K) From: 0K(111104K)->0K(111104K)
[768.741s][info][gc,heap        ] GC(2734) ParOldGen: 667450K(667648K)->667450K(667648K)
[768.741s][info][gc,metaspace   ] GC(2734) Metaspace: 19134K(19328K)->19134K(19328K) NonClass: 16474K(16576K)->16474K(16576K) Class: 2660K(2752K)->2660K(2752K)
[768.741s][info][gc             ] GC(2734) Pause Full (Allocation Failure) 760M->682M(869M) 1049.251ms
[768.741s][info][gc,cpu         ] GC(2734) User=2.04s Sys=0.00s Real=1.05s
[768.856s][info][gc,start       ] GC(2735) Pause Full (Allocation Failure)
[768.856s][info][gc,phases,start] GC(2735) Marking Phase
[769.384s][info][gc,phases      ] GC(2735) Marking Phase 527.350ms
[769.384s][info][gc,phases,start] GC(2735) Summary Phase
[769.384s][info][gc,phases      ] GC(2735) Summary Phase 0.023ms
[769.384s][info][gc,phases,start] GC(2735) Forward
[769.409s][info][gc,phases      ] GC(2735) Forward 25.316ms
[769.409s][info][gc,phases,start] GC(2735) Adjust Pointers
[769.767s][info][gc,phases      ] GC(2735) Adjust Pointers 357.528ms
[769.767s][info][gc,phases,start] GC(2735) Compaction Phase
[769.920s][info][gc,phases      ] GC(2735) Compaction Phase 153.490ms
[769.920s][info][gc,phases,start] GC(2735) Post Compact
[769.923s][info][gc,phases      ] GC(2735) Post Compact 2.249ms
[769.923s][info][gc,heap        ] GC(2735) PSYoungGen: 111616K(222720K)->34086K(222720K) Eden: 111616K(111616K)->34086K(111616K) From: 0K(111104K)->0K(111104K)
[769.923s][info][gc,heap        ] GC(2735) ParOldGen: 667450K(667648K)->667401K(667648K)
[769.923s][info][gc,metaspace   ] GC(2735) Metaspace: 19137K(19328K)->19137K(19328K) NonClass: 16477K(16576K)->16477K(16576K) Class: 2660K(2752K)->2660K(2752K)
[769.923s][info][gc             ] GC(2735) Pause Full (Allocation Failure) 760M->685M(869M) 1066.399ms
[769.923s][info][gc,cpu         ] GC(2735) User=2.08s Sys=0.00s Real=1.06s
[770.018s][info][gc,start       ] GC(2736) Pause Full (Allocation Failure)
[770.018s][info][gc,phases,start] GC(2736) Marking Phase
[770.550s][info][gc,phases      ] GC(2736) Marking Phase 531.479ms
[770.550s][info][gc,phases,start] GC(2736) Summary Phase
[770.550s][info][gc,phases      ] GC(2736) Summary Phase 0.027ms
[770.550s][info][gc,phases,start] GC(2736) Forward
[770.703s][info][gc,phases      ] GC(2736) Forward 152.784ms
[770.703s][info][gc,phases,start] GC(2736) Adjust Pointers
[771.115s][info][gc,phases      ] GC(2736) Adjust Pointers 412.491ms
[771.115s][info][gc,phases,start] GC(2736) Compaction Phase
[771.301s][info][gc,phases      ] GC(2736) Compaction Phase 185.125ms
[771.317s][info][gc,phases,start] GC(2736) Post Compact
[771.320s][info][gc,phases      ] GC(2736) Post Compact 2.282ms
[771.320s][info][gc,heap        ] GC(2736) PSYoungGen: 111616K(222720K)->34475K(222720K) Eden: 111616K(111616K)->34475K(111616K) From: 0K(111104K)->0K(111104K)
[771.320s][info][gc,heap        ] GC(2736) ParOldGen: 667401K(667648K)->667401K(667648K)
[771.320s][info][gc,metaspace   ] GC(2736) Metaspace: 19137K(19328K)->19137K(19328K) NonClass: 16477K(16576K)->16477K(16576K) Class: 2660K(2752K)->2660K(2752K)
[771.320s][info][gc             ] GC(2736) Pause Full (Allocation Failure) 760M->685M(869M) 1301.297ms
[771.320s][info][gc,cpu         ] GC(2736) User=2.54s Sys=0.01s Real=1.30s
[771.369s][info][gc,start       ] GC(2737) Pause Full (Allocation Failure)
[771.369s][info][gc,phases,start] GC(2737) Marking Phase
[771.901s][info][gc,phases      ] GC(2737) Marking Phase 531.777ms
[771.901s][info][gc,phases,start] GC(2737) Summary Phase
[771.901s][info][gc,phases      ] GC(2737) Summary Phase 0.036ms
[771.901s][info][gc,phases,start] GC(2737) Forward
[772.021s][info][gc,phases      ] GC(2737) Forward 119.851ms
[772.021s][info][gc,phases,start] GC(2737) Adjust Pointers
[772.415s][info][gc,phases      ] GC(2737) Adjust Pointers 393.509ms
[772.415s][info][gc,phases,start] GC(2737) Compaction Phase
[772.594s][info][gc,phases      ] GC(2737) Compaction Phase 178.905ms
[772.607s][info][gc,phases,start] GC(2737) Post Compact
[772.609s][info][gc,phases      ] GC(2737) Post Compact 2.298ms
[772.609s][info][gc,heap        ] GC(2737) PSYoungGen: 111616K(222720K)->34476K(222720K) Eden: 111616K(111616K)->34476K(111616K) From: 0K(111104K)->0K(111104K)
[772.609s][info][gc,heap        ] GC(2737) ParOldGen: 667401K(667648K)->667401K(667648K)
[772.609s][info][gc,metaspace   ] GC(2737) Metaspace: 19137K(19328K)->19137K(19328K) NonClass: 16477K(16576K)->16477K(16576K) Class: 2660K(2752K)->2660K(2752K)
[772.609s][info][gc             ] GC(2737) Pause Full (Allocation Failure) 760M->685M(869M) 1240.136ms
[772.609s][info][gc,cpu         ] GC(2737) User=2.43s Sys=0.00s Real=1.24s
[772.660s][info][gc,start       ] GC(2738) Pause Full (Allocation Failure)
[772.660s][info][gc,phases,start] GC(2738) Marking Phase
[773.186s][info][gc,phases      ] GC(2738) Marking Phase 526.340ms
[773.187s][info][gc,phases,start] GC(2738) Summary Phase
[773.187s][info][gc,phases      ] GC(2738) Summary Phase 0.023ms
[773.187s][info][gc,phases,start] GC(2738) Forward
[773.204s][info][gc,phases      ] GC(2738) Forward 17.854ms
[773.204s][info][gc,phases,start] GC(2738) Adjust Pointers
[773.557s][info][gc,phases      ] GC(2738) Adjust Pointers 352.428ms
[773.557s][info][gc,phases,start] GC(2738) Compaction Phase
[773.706s][info][gc,phases      ] GC(2738) Compaction Phase 149.136ms
[773.706s][info][gc,phases,start] GC(2738) Post Compact
[773.708s][info][gc,phases      ] GC(2738) Post Compact 2.226ms
[773.708s][info][gc,heap        ] GC(2738) PSYoungGen: 111616K(222720K)->34488K(222720K) Eden: 111616K(111616K)->34488K(111616K) From: 0K(111104K)->0K(111104K)
[773.708s][info][gc,heap        ] GC(2738) ParOldGen: 667401K(667648K)->667401K(667648K)
[773.708s][info][gc,metaspace   ] GC(2738) Metaspace: 19137K(19328K)->19137K(19328K) NonClass: 16477K(16576K)->16477K(16576K) Class: 2660K(2752K)->2660K(2752K)
[773.708s][info][gc             ] GC(2738) Pause Full (Allocation Failure) 760M->685M(869M) 1048.394ms
[773.708s][info][gc,cpu         ] GC(2738) User=2.04s Sys=0.00s Real=1.05s
[773.802s][info][gc,start       ] GC(2739) Pause Full (Allocation Failure)
[773.802s][info][gc,phases,start] GC(2739) Marking Phase
[774.339s][info][gc,phases      ] GC(2739) Marking Phase 536.911ms
[774.339s][info][gc,phases,start] GC(2739) Summary Phase
[774.339s][info][gc,phases      ] GC(2739) Summary Phase 0.024ms
[774.339s][info][gc,phases,start] GC(2739) Forward
[774.357s][info][gc,phases      ] GC(2739) Forward 18.058ms
[774.357s][info][gc,phases,start] GC(2739) Adjust Pointers
[774.714s][info][gc,phases      ] GC(2739) Adjust Pointers 357.336ms
[774.715s][info][gc,phases,start] GC(2739) Compaction Phase
[774.867s][info][gc,phases      ] GC(2739) Compaction Phase 152.090ms
[774.867s][info][gc,phases,start] GC(2739) Post Compact
[774.869s][info][gc,phases      ] GC(2739) Post Compact 2.237ms
[774.869s][info][gc,heap        ] GC(2739) PSYoungGen: 111616K(222720K)->39096K(222720K) Eden: 111616K(111616K)->39096K(111616K) From: 0K(111104K)->0K(111104K)
[774.869s][info][gc,heap        ] GC(2739) ParOldGen: 667401K(667648K)->667401K(667648K)
[774.869s][info][gc,metaspace   ] GC(2739) Metaspace: 19137K(19328K)->19137K(19328K) NonClass: 16477K(16576K)->16477K(16576K) Class: 2660K(2752K)->2660K(2752K)
[774.869s][info][gc             ] GC(2739) Pause Full (Allocation Failure) 760M->689M(869M) 1067.059ms
[774.869s][info][gc,cpu         ] GC(2739) User=2.08s Sys=0.00s Real=1.07s
[774.997s][info][gc,start       ] GC(2740) Pause Full (Allocation Failure)
[774.997s][info][gc,phases,start] GC(2740) Marking Phase
[775.532s][info][gc,phases      ] GC(2740) Marking Phase 535.095ms
[775.532s][info][gc,phases,start] GC(2740) Summary Phase
[775.532s][info][gc,phases      ] GC(2740) Summary Phase 0.023ms
[775.532s][info][gc,phases,start] GC(2740) Forward
[775.554s][info][gc,phases      ] GC(2740) Forward 22.260ms
[775.554s][info][gc,phases,start] GC(2740) Adjust Pointers
[775.913s][info][gc,phases      ] GC(2740) Adjust Pointers 358.720ms
[775.913s][info][gc,phases,start] GC(2740) Compaction Phase
[776.073s][info][gc,phases      ] GC(2740) Compaction Phase 159.865ms
[776.073s][info][gc,phases,start] GC(2740) Post Compact
[776.075s][info][gc,phases      ] GC(2740) Post Compact 2.236ms
[776.075s][info][gc,heap        ] GC(2740) PSYoungGen: 111616K(222720K)->41945K(222720K) Eden: 111616K(111616K)->41945K(111616K) From: 0K(111104K)->0K(111104K)
[776.075s][info][gc,heap        ] GC(2740) ParOldGen: 667401K(667648K)->667401K(667648K)
[776.075s][info][gc,metaspace   ] GC(2740) Metaspace: 19137K(19328K)->19137K(19328K) NonClass: 16477K(16576K)->16477K(16576K) Class: 2660K(2752K)->2660K(2752K)
[776.075s][info][gc             ] GC(2740) Pause Full (Allocation Failure) 760M->692M(869M) 1078.624ms
[776.075s][info][gc,cpu         ] GC(2740) User=2.10s Sys=0.00s Real=1.08s
[776.139s][info][gc,start       ] GC(2741) Pause Full (Allocation Failure)
[776.139s][info][gc,phases,start] GC(2741) Marking Phase
[776.677s][info][gc,phases      ] GC(2741) Marking Phase 537.469ms
[776.677s][info][gc,phases,start] GC(2741) Summary Phase
[776.677s][info][gc,phases      ] GC(2741) Summary Phase 0.023ms
[776.677s][info][gc,phases,start] GC(2741) Forward
[776.699s][info][gc,phases      ] GC(2741) Forward 21.623ms
[776.699s][info][gc,phases,start] GC(2741) Adjust Pointers
[777.056s][info][gc,phases      ] GC(2741) Adjust Pointers 357.699ms
[777.056s][info][gc,phases,start] GC(2741) Compaction Phase
[777.208s][info][gc,phases      ] GC(2741) Compaction Phase 151.204ms
[777.208s][info][gc,phases,start] GC(2741) Post Compact
[777.210s][info][gc,phases      ] GC(2741) Post Compact 2.227ms
[777.210s][info][gc,heap        ] GC(2741) PSYoungGen: 111616K(222720K)->42008K(222720K) Eden: 111616K(111616K)->42008K(111616K) From: 0K(111104K)->0K(111104K)
[777.210s][info][gc,heap        ] GC(2741) ParOldGen: 667401K(667648K)->667401K(667648K)
[777.210s][info][gc,metaspace   ] GC(2741) Metaspace: 19137K(19328K)->19137K(19328K) NonClass: 16477K(16576K)->16477K(16576K) Class: 2660K(2752K)->2660K(2752K)
[777.210s][info][gc             ] GC(2741) Pause Full (Allocation Failure) 760M->692M(869M) 1070.643ms
[777.210s][info][gc,cpu         ] GC(2741) User=2.09s Sys=0.00s Real=1.07s
[777.358s][info][gc,start       ] GC(2742) Pause Full (Allocation Failure)
[777.358s][info][gc,phases,start] GC(2742) Marking Phase
[777.903s][info][gc,phases      ] GC(2742) Marking Phase 544.560ms
[777.903s][info][gc,phases,start] GC(2742) Summary Phase
[777.903s][info][gc,phases      ] GC(2742) Summary Phase 0.023ms
[777.903s][info][gc,phases,start] GC(2742) Forward
[777.924s][info][gc,phases      ] GC(2742) Forward 21.461ms
[777.924s][info][gc,phases,start] GC(2742) Adjust Pointers
[778.285s][info][gc,phases      ] GC(2742) Adjust Pointers 361.047ms
[778.285s][info][gc,phases,start] GC(2742) Compaction Phase
[778.436s][info][gc,phases      ] GC(2742) Compaction Phase 151.118ms
[778.436s][info][gc,phases,start] GC(2742) Post Compact
[778.439s][info][gc,phases      ] GC(2742) Post Compact 2.231ms
[778.439s][info][gc,heap        ] GC(2742) PSYoungGen: 111616K(222720K)->42025K(222720K) Eden: 111616K(111616K)->42025K(111616K) From: 0K(111104K)->0K(111104K)
[778.439s][info][gc,heap        ] GC(2742) ParOldGen: 667401K(667648K)->667401K(667648K)
[778.439s][info][gc,metaspace   ] GC(2742) Metaspace: 19137K(19328K)->19137K(19328K) NonClass: 16477K(16576K)->16477K(16576K) Class: 2660K(2752K)->2660K(2752K)
[778.439s][info][gc             ] GC(2742) Pause Full (Allocation Failure) 760M->692M(869M) 1080.845ms
[778.439s][info][gc,cpu         ] GC(2742) User=2.10s Sys=0.00s Real=1.08s
[778.682s][info][gc,start       ] GC(2743) Pause Full (Allocation Failure)
[778.682s][info][gc,phases,start] GC(2743) Marking Phase
[779.221s][info][gc,phases      ] GC(2743) Marking Phase 539.826ms
[779.222s][info][gc,phases,start] GC(2743) Summary Phase
[779.222s][info][gc,phases      ] GC(2743) Summary Phase 0.023ms
[779.222s][info][gc,phases,start] GC(2743) Forward
[779.243s][info][gc,phases      ] GC(2743) Forward 21.271ms
[779.243s][info][gc,phases,start] GC(2743) Adjust Pointers
[779.602s][info][gc,phases      ] GC(2743) Adjust Pointers 359.096ms
[779.602s][info][gc,phases,start] GC(2743) Compaction Phase
[779.753s][info][gc,phases      ] GC(2743) Compaction Phase 150.964ms
[779.753s][info][gc,phases,start] GC(2743) Post Compact
[779.755s][info][gc,phases      ] GC(2743) Post Compact 2.259ms
[779.755s][info][gc,heap        ] GC(2743) PSYoungGen: 111616K(222720K)->42134K(222720K) Eden: 111616K(111616K)->42134K(111616K) From: 0K(111104K)->0K(111104K)
[779.755s][info][gc,heap        ] GC(2743) ParOldGen: 667401K(667648K)->667401K(667648K)
[779.755s][info][gc,metaspace   ] GC(2743) Metaspace: 19137K(19328K)->19137K(19328K) NonClass: 16477K(16576K)->16477K(16576K) Class: 2660K(2752K)->2660K(2752K)
[779.755s][info][gc             ] GC(2743) Pause Full (Allocation Failure) 760M->692M(869M) 1073.831ms
[779.755s][info][gc,cpu         ] GC(2743) User=2.09s Sys=0.01s Real=1.08s
[779.890s][info][gc,start       ] GC(2744) Pause Full (Allocation Failure)
[779.890s][info][gc,phases,start] GC(2744) Marking Phase
[780.429s][info][gc,phases      ] GC(2744) Marking Phase 538.764ms
[780.429s][info][gc,phases,start] GC(2744) Summary Phase
[780.429s][info][gc,phases      ] GC(2744) Summary Phase 0.025ms
[780.429s][info][gc,phases,start] GC(2744) Forward
[780.451s][info][gc,phases      ] GC(2744) Forward 21.425ms
[780.451s][info][gc,phases,start] GC(2744) Adjust Pointers
[780.807s][info][gc,phases      ] GC(2744) Adjust Pointers 356.179ms
[780.807s][info][gc,phases,start] GC(2744) Compaction Phase
[780.960s][info][gc,phases      ] GC(2744) Compaction Phase 152.970ms
[780.960s][info][gc,phases,start] GC(2744) Post Compact
[780.962s][info][gc,phases      ] GC(2744) Post Compact 2.220ms
[780.962s][info][gc,heap        ] GC(2744) PSYoungGen: 111616K(222720K)->42201K(222720K) Eden: 111616K(111616K)->42201K(111616K) From: 0K(111104K)->0K(111104K)
[780.962s][info][gc,heap        ] GC(2744) ParOldGen: 667401K(667648K)->667401K(667648K)
[780.962s][info][gc,metaspace   ] GC(2744) Metaspace: 19137K(19328K)->19137K(19328K) NonClass: 16477K(16576K)->16477K(16576K) Class: 2660K(2752K)->2660K(2752K)
[780.962s][info][gc             ] GC(2744) Pause Full (Allocation Failure) 760M->692M(869M) 1072.005ms
[780.962s][info][gc,cpu         ] GC(2744) User=2.08s Sys=0.00s Real=1.07s
[781.103s][info][gc,start       ] GC(2745) Pause Full (Allocation Failure)
[781.103s][info][gc,phases,start] GC(2745) Marking Phase
[781.641s][info][gc,phases      ] GC(2745) Marking Phase 538.170ms
[781.641s][info][gc,phases,start] GC(2745) Summary Phase
[781.641s][info][gc,phases      ] GC(2745) Summary Phase 0.025ms
[781.641s][info][gc,phases,start] GC(2745) Forward
[781.721s][info][gc,phases      ] GC(2745) Forward 80.499ms
[781.722s][info][gc,phases,start] GC(2745) Adjust Pointers
[782.096s][info][gc,phases      ] GC(2745) Adjust Pointers 374.490ms
[782.096s][info][gc,phases,start] GC(2745) Compaction Phase
[782.264s][info][gc,phases      ] GC(2745) Compaction Phase 167.388ms
[782.268s][info][gc,phases,start] GC(2745) Post Compact
[782.270s][info][gc,phases      ] GC(2745) Post Compact 2.257ms
[782.270s][info][gc,heap        ] GC(2745) PSYoungGen: 111616K(222720K)->42227K(222720K) Eden: 111616K(111616K)->42227K(111616K) From: 0K(111104K)->0K(111104K)
[782.270s][info][gc,heap        ] GC(2745) ParOldGen: 667401K(667648K)->667401K(667648K)
[782.270s][info][gc,metaspace   ] GC(2745) Metaspace: 19137K(19328K)->19137K(19328K) NonClass: 16477K(16576K)->16477K(16576K) Class: 2660K(2752K)->2660K(2752K)
[782.270s][info][gc             ] GC(2745) Pause Full (Allocation Failure) 760M->692M(869M) 1167.295ms
[782.270s][info][gc,cpu         ] GC(2745) User=2.27s Sys=0.00s Real=1.17s
[782.606s][info][gc,start       ] GC(2746) Pause Full (Allocation Failure)
[782.606s][info][gc,phases,start] GC(2746) Marking Phase
[783.027s][info][gc,phases      ] GC(2746) Marking Phase 420.923ms
[783.027s][info][gc,phases,start] GC(2746) Summary Phase
[783.027s][info][gc,phases      ] GC(2746) Summary Phase 0.029ms
[783.027s][info][gc,phases,start] GC(2746) Forward
[783.171s][info][gc,phases      ] GC(2746) Forward 143.938ms
[783.171s][info][gc,phases,start] GC(2746) Adjust Pointers
[783.489s][info][gc,phases      ] GC(2746) Adjust Pointers 317.651ms
[783.489s][info][gc,phases,start] GC(2746) Compaction Phase
[783.675s][info][gc,phases      ] GC(2746) Compaction Phase 186.000ms
[783.686s][info][gc,phases,start] GC(2746) Post Compact
[783.689s][info][gc,phases      ] GC(2746) Post Compact 2.241ms
[783.689s][info][gc,heap        ] GC(2746) PSYoungGen: 111616K(222720K)->0K(222720K) Eden: 111616K(111616K)->0K(111616K) From: 0K(111104K)->0K(111104K)
[783.689s][info][gc,heap        ] GC(2746) ParOldGen: 667401K(667648K)->578951K(667648K)
[783.689s][info][gc,metaspace   ] GC(2746) Metaspace: 19137K(19328K)->19137K(19328K) NonClass: 16477K(16576K)->16477K(16576K) Class: 2660K(2752K)->2660K(2752K)
[783.689s][info][gc             ] GC(2746) Pause Full (Allocation Failure) 760M->565M(869M) 1082.528ms
[783.689s][info][gc,cpu         ] GC(2746) User=2.07s Sys=0.00s Real=1.08s
[784.009s][info][gc,start       ] GC(2747) Pause Young (Allocation Failure)
[784.032s][info][gc,heap        ] GC(2747) PSYoungGen: 111616K(222720K)->21248K(222720K) Eden: 111616K(111616K)->0K(111616K) From: 0K(111104K)->21248K(111104K)
[784.032s][info][gc,heap        ] GC(2747) ParOldGen: 578951K(667648K)->578951K(667648K)
[784.032s][info][gc,metaspace   ] GC(2747) Metaspace: 19137K(19328K)->19137K(19328K) NonClass: 16477K(16576K)->16477K(16576K) Class: 2660K(2752K)->2660K(2752K)
[784.032s][info][gc             ] GC(2747) Pause Young (Allocation Failure) 674M->586M(869M) 22.641ms
[784.032s][info][gc,cpu         ] GC(2747) User=0.05s Sys=0.00s Real=0.02s
[784.247s][info][gc,start       ] GC(2748) Pause Young (Allocation Failure)
[784.270s][info][gc,heap        ] GC(2748) PSYoungGen: 132864K(222720K)->64K(222720K) Eden: 111616K(111616K)->0K(111616K) From: 21248K(111104K)->64K(111104K)
[784.270s][info][gc,heap        ] GC(2748) ParOldGen: 578951K(667648K)->600271K(667648K)
[784.270s][info][gc,metaspace   ] GC(2748) Metaspace: 19137K(19328K)->19137K(19328K) NonClass: 16477K(16576K)->16477K(16576K) Class: 2660K(2752K)->2660K(2752K)
[784.270s][info][gc             ] GC(2748) Pause Young (Allocation Failure) 695M->586M(869M) 22.941ms
[784.270s][info][gc,cpu         ] GC(2748) User=0.05s Sys=0.00s Real=0.02s
[784.482s][info][gc,start       ] GC(2749) Pause Young (Allocation Failure)
[784.484s][info][gc,heap        ] GC(2749) PSYoungGen: 111680K(222720K)->64K(222720K) Eden: 111616K(111616K)->0K(111616K) From: 64K(111104K)->64K(111104K)
[784.484s][info][gc,heap        ] GC(2749) ParOldGen: 600271K(667648K)->600271K(667648K)
[784.484s][info][gc,metaspace   ] GC(2749) Metaspace: 19137K(19328K)->19137K(19328K) NonClass: 16477K(16576K)->16477K(16576K) Class: 2660K(2752K)->2660K(2752K)
[784.484s][info][gc             ] GC(2749) Pause Young (Allocation Failure) 695M->586M(869M) 1.692ms
[784.484s][info][gc,cpu         ] GC(2749) User=0.01s Sys=0.00s Real=0.01s
[784.916s][info][gc,start       ] GC(2750) Pause Young (Allocation Failure)
[784.919s][info][gc,heap        ] GC(2750) PSYoungGen: 111680K(222720K)->408K(222720K) Eden: 111616K(111616K)->0K(111616K) From: 64K(111104K)->408K(111104K)
[784.919s][info][gc,heap        ] GC(2750) ParOldGen: 600271K(667648K)->600279K(667648K)
[784.919s][info][gc,metaspace   ] GC(2750) Metaspace: 19137K(19328K)->19137K(19328K) NonClass: 16477K(16576K)->16477K(16576K) Class: 2660K(2752K)->2660K(2752K)
[784.919s][info][gc             ] GC(2750) Pause Young (Allocation Failure) 695M->586M(869M) 2.425ms
[784.919s][info][gc,cpu         ] GC(2750) User=0.01s Sys=0.00s Real=0.00s
[785.437s][info][gc,start       ] GC(2751) Pause Young (Allocation Failure)
[785.440s][info][gc,heap        ] GC(2751) PSYoungGen: 112024K(222720K)->484K(112128K) Eden: 111616K(111616K)->0K(111616K) From: 408K(111104K)->484K(512K)
[785.440s][info][gc,heap        ] GC(2751) ParOldGen: 600279K(667648K)->600639K(667648K)
[785.440s][info][gc,metaspace   ] GC(2751) Metaspace: 19137K(19328K)->19137K(19328K) NonClass: 16477K(16576K)->16477K(16576K) Class: 2660K(2752K)->2660K(2752K)
[785.440s][info][gc             ] GC(2751) Pause Young (Allocation Failure) 695M->587M(761M) 3.770ms
[785.440s][info][gc,cpu         ] GC(2751) User=0.00s Sys=0.00s Real=0.00s
[786.030s][info][gc,start       ] GC(2752) Pause Young (Allocation Failure)
[786.035s][info][gc,heap        ] GC(2752) PSYoungGen: 112100K(112128K)->2462K(220160K) Eden: 111616K(111616K)->0K(113664K) From: 484K(512K)->2462K(106496K)
[786.035s][info][gc,heap        ] GC(2752) ParOldGen: 600639K(667648K)->600639K(667648K)
[786.035s][info][gc,metaspace   ] GC(2752) Metaspace: 19144K(19328K)->19144K(19328K) NonClass: 16484K(16576K)->16484K(16576K) Class: 2660K(2752K)->2660K(2752K)
[786.035s][info][gc             ] GC(2752) Pause Young (Allocation Failure) 696M->588M(867M) 4.761ms
[786.035s][info][gc,cpu         ] GC(2752) User=0.01s Sys=0.00s Real=0.01s
[786.290s][info][gc,start       ] GC(2753) Pause Young (Allocation Failure)
[786.295s][info][gc,heap        ] GC(2753) PSYoungGen: 116126K(220160K)->2004K(115712K) Eden: 113664K(113664K)->0K(113664K) From: 2462K(106496K)->2004K(2048K)
[786.295s][info][gc,heap        ] GC(2753) ParOldGen: 600639K(667648K)->600639K(667648K)
[786.295s][info][gc,metaspace   ] GC(2753) Metaspace: 19144K(19328K)->19144K(19328K) NonClass: 16484K(16576K)->16484K(16576K) Class: 2660K(2752K)->2660K(2752K)
[786.295s][info][gc             ] GC(2753) Pause Young (Allocation Failure) 699M->588M(765M) 4.514ms
[786.295s][info][gc,cpu         ] GC(2753) User=0.01s Sys=0.00s Real=0.01s
[786.558s][info][gc,start       ] GC(2754) Pause Young (Allocation Failure)
[786.562s][info][gc,heap        ] GC(2754) PSYoungGen: 115668K(115712K)->2168K(210944K) Eden: 113664K(113664K)->0K(115200K) From: 2004K(2048K)->2168K(95744K)
[786.563s][info][gc,heap        ] GC(2754) ParOldGen: 600639K(667648K)->600639K(667648K)
[786.563s][info][gc,metaspace   ] GC(2754) Metaspace: 19144K(19328K)->19144K(19328K) NonClass: 16484K(16576K)->16484K(16576K) Class: 2660K(2752K)->2660K(2752K)
[786.563s][info][gc             ] GC(2754) Pause Young (Allocation Failure) 699M->588M(858M) 4.800ms
[786.563s][info][gc,cpu         ] GC(2754) User=0.00s Sys=0.00s Real=0.00s
[786.827s][info][gc,start       ] GC(2755) Pause Young (Allocation Failure)
[786.833s][info][gc,heap        ] GC(2755) PSYoungGen: 117368K(210944K)->2453K(117760K) Eden: 115200K(115200K)->0K(115200K) From: 2168K(95744K)->2453K(2560K)
[786.833s][info][gc,heap        ] GC(2755) ParOldGen: 600639K(667648K)->600639K(667648K)
[786.833s][info][gc,metaspace   ] GC(2755) Metaspace: 19144K(19328K)->19144K(19328K) NonClass: 16484K(16576K)->16484K(16576K) Class: 2660K(2752K)->2660K(2752K)
[786.833s][info][gc             ] GC(2755) Pause Young (Allocation Failure) 701M->588M(767M) 6.028ms
[786.833s][info][gc,cpu         ] GC(2755) User=0.01s Sys=0.00s Real=0.00s
[786.929s][info][gc,start       ] GC(2756) Pause Young (Allocation Failure)
[786.972s][info][gc,heap        ] GC(2756) PSYoungGen: 117653K(117760K)->50516K(208384K) Eden: 115200K(115200K)->0K(112640K) From: 2453K(2560K)->50516K(95744K)
[786.972s][info][gc,heap        ] GC(2756) ParOldGen: 600639K(667648K)->600639K(667648K)
[786.972s][info][gc,metaspace   ] GC(2756) Metaspace: 19149K(19328K)->19149K(19328K) NonClass: 16489K(16576K)->16489K(16576K) Class: 2660K(2752K)->2660K(2752K)
[786.972s][info][gc             ] GC(2756) Pause Young (Allocation Failure) 701M->635M(855M) 42.826ms
[786.972s][info][gc,cpu         ] GC(2756) User=0.09s Sys=0.00s Real=0.04s
[787.077s][info][gc,start       ] GC(2757) Pause Young (Allocation Failure)
[787.162s][info][gc,heap        ] GC(2757) PSYoungGen: 163156K(208384K)->83396K(211968K) Eden: 112640K(112640K)->0K(112640K) From: 50516K(95744K)->83396K(99328K)
[787.162s][info][gc,heap        ] GC(2757) ParOldGen: 600639K(667648K)->600639K(667648K)
[787.162s][info][gc,metaspace   ] GC(2757) Metaspace: 19150K(19328K)->19150K(19328K) NonClass: 16490K(16576K)->16490K(16576K) Class: 2660K(2752K)->2660K(2752K)
[787.162s][info][gc             ] GC(2757) Pause Young (Allocation Failure) 745M->668M(859M) 85.135ms
[787.162s][info][gc,cpu         ] GC(2757) User=0.16s Sys=0.00s Real=0.08s
[787.264s][info][gc,start       ] GC(2758) Pause Young (Allocation Failure)
[787.360s][info][gc,heap        ] GC(2758) PSYoungGen: 196036K(211968K)->111072K(222720K) Eden: 112640K(112640K)->0K(111616K) From: 83396K(99328K)->111072K(111104K)
[787.360s][info][gc,heap        ] GC(2758) ParOldGen: 600639K(667648K)->611324K(667648K)
[787.360s][info][gc,metaspace   ] GC(2758) Metaspace: 19150K(19328K)->19150K(19328K) NonClass: 16490K(16576K)->16490K(16576K) Class: 2660K(2752K)->2660K(2752K)
[787.360s][info][gc             ] GC(2758) Pause Young (Allocation Failure) 778M->705M(869M) 95.705ms
[787.360s][info][gc,cpu         ] GC(2758) User=0.17s Sys=0.02s Real=0.09s
[787.511s][info][gc,start       ] GC(2759) Pause Young (Allocation Failure)
[787.619s][info][gc,heap        ] GC(2759) PSYoungGen: 222688K(222720K)->111088K(222720K) Eden: 111616K(111616K)->0K(111616K) From: 111072K(111104K)->111088K(111104K)
[787.619s][info][gc,heap        ] GC(2759) ParOldGen: 611324K(667648K)->652073K(667648K)
[787.619s][info][gc,metaspace   ] GC(2759) Metaspace: 19150K(19328K)->19150K(19328K) NonClass: 16490K(16576K)->16490K(16576K) Class: 2660K(2752K)->2660K(2752K)
[787.619s][info][gc             ] GC(2759) Pause Young (Allocation Failure) 814M->745M(869M) 107.813ms
[787.619s][info][gc,cpu         ] GC(2759) User=0.22s Sys=0.00s Real=0.11s
[787.740s][info][gc,start       ] GC(2760) Pause Full (Allocation Failure)
[787.740s][info][gc,phases,start] GC(2760) Marking Phase
[787.871s][info][gc,phases      ] GC(2760) Marking Phase 131.255ms
[787.871s][info][gc,phases,start] GC(2760) Summary Phase
[787.871s][info][gc,phases      ] GC(2760) Summary Phase 0.026ms
[787.871s][info][gc,phases,start] GC(2760) Forward
[787.913s][info][gc,phases      ] GC(2760) Forward 41.573ms
[787.913s][info][gc,phases,start] GC(2760) Adjust Pointers
[788.003s][info][gc,phases      ] GC(2760) Adjust Pointers 89.919ms
[788.003s][info][gc,phases,start] GC(2760) Compaction Phase
[788.071s][info][gc,phases      ] GC(2760) Compaction Phase 67.807ms
[788.073s][info][gc,phases,start] GC(2760) Post Compact
[788.076s][info][gc,phases      ] GC(2760) Post Compact 2.507ms
[788.087s][info][gc,heap        ] GC(2760) PSYoungGen: 222704K(222720K)->0K(222720K) Eden: 111616K(111616K)->0K(111616K) From: 111088K(111104K)->0K(111104K)
[788.087s][info][gc,heap        ] GC(2760) ParOldGen: 652073K(667648K)->218094K(525312K)
[788.087s][info][gc,metaspace   ] GC(2760) Metaspace: 19150K(19328K)->19150K(19328K) NonClass: 16490K(16576K)->16490K(16576K) Class: 2660K(2752K)->2660K(2752K)
[788.087s][info][gc             ] GC(2760) Pause Full (Allocation Failure) 854M->212M(730M) 347.708ms
[788.087s][info][gc,cpu         ] GC(2760) User=0.63s Sys=0.01s Real=0.35s
[788.211s][info][gc,start       ] GC(2761) Pause Young (Allocation Failure)
[788.223s][info][gc,heap        ] GC(2761) PSYoungGen: 111616K(222720K)->4444K(222720K) Eden: 111616K(111616K)->0K(111616K) From: 0K(111104K)->4444K(111104K)
[788.223s][info][gc,heap        ] GC(2761) ParOldGen: 218094K(525312K)->218094K(525312K)
[788.223s][info][gc,metaspace   ] GC(2761) Metaspace: 19154K(19328K)->19154K(19328K) NonClass: 16494K(16576K)->16494K(16576K) Class: 2660K(2752K)->2660K(2752K)
[788.223s][info][gc             ] GC(2761) Pause Young (Allocation Failure) 321M->217M(730M) 12.298ms
[788.223s][info][gc,cpu         ] GC(2761) User=0.03s Sys=0.00s Real=0.01s
[788.415s][info][gc,start       ] GC(2762) Pause Young (Allocation Failure)
[788.465s][info][gc,heap        ] GC(2762) PSYoungGen: 116060K(222720K)->34235K(222720K) Eden: 111616K(111616K)->0K(111616K) From: 4444K(111104K)->34235K(111104K)
[788.465s][info][gc,heap        ] GC(2762) ParOldGen: 218094K(525312K)->218094K(525312K)
[788.465s][info][gc,metaspace   ] GC(2762) Metaspace: 19154K(19328K)->19154K(19328K) NonClass: 16494K(16576K)->16494K(16576K) Class: 2660K(2752K)->2660K(2752K)
[788.465s][info][gc             ] GC(2762) Pause Young (Allocation Failure) 326M->246M(730M) 50.184ms
[788.465s][info][gc,cpu         ] GC(2762) User=0.10s Sys=0.00s Real=0.05s
[788.575s][info][gc,start       ] GC(2763) Pause Young (Allocation Failure)
[788.625s][info][gc,heap        ] GC(2763) PSYoungGen: 145851K(222720K)->32059K(222720K) Eden: 111616K(111616K)->0K(111616K) From: 34235K(111104K)->32059K(111104K)
[788.625s][info][gc,heap        ] GC(2763) ParOldGen: 218094K(525312K)->222013K(525312K)
[788.625s][info][gc,metaspace   ] GC(2763) Metaspace: 19154K(19328K)->19154K(19328K) NonClass: 16494K(16576K)->16494K(16576K) Class: 2660K(2752K)->2660K(2752K)
[788.625s][info][gc             ] GC(2763) Pause Young (Allocation Failure) 355M->248M(730M) 50.279ms
[788.625s][info][gc,cpu         ] GC(2763) User=0.10s Sys=0.00s Real=0.05s
[788.723s][info][gc,start       ] GC(2764) Pause Young (Allocation Failure)
[788.777s][info][gc,heap        ] GC(2764) PSYoungGen: 143675K(222720K)->12800K(222720K) Eden: 111616K(111616K)->0K(111616K) From: 32059K(111104K)->12800K(111104K)
[788.777s][info][gc,heap        ] GC(2764) ParOldGen: 222013K(525312K)->254120K(525312K)
[788.777s][info][gc,metaspace   ] GC(2764) Metaspace: 19154K(19328K)->19154K(19328K) NonClass: 16494K(16576K)->16494K(16576K) Class: 2660K(2752K)->2660K(2752K)
[788.777s][info][gc             ] GC(2764) Pause Young (Allocation Failure) 357M->260M(730M) 54.431ms
[788.777s][info][gc,cpu         ] GC(2764) User=0.11s Sys=0.00s Real=0.06s
[788.851s][info][gc,start       ] GC(2765) Pause Young (Allocation Failure)
[788.888s][info][gc,heap        ] GC(2765) PSYoungGen: 124416K(222720K)->25856K(222720K) Eden: 111616K(111616K)->0K(111616K) From: 12800K(111104K)->25856K(111104K)
[788.888s][info][gc,heap        ] GC(2765) ParOldGen: 254120K(525312K)->266928K(525312K)
[788.888s][info][gc,metaspace   ] GC(2765) Metaspace: 19154K(19328K)->19154K(19328K) NonClass: 16494K(16576K)->16494K(16576K) Class: 2660K(2752K)->2660K(2752K)
[788.888s][info][gc             ] GC(2765) Pause Young (Allocation Failure) 369M->285M(730M) 37.396ms
[788.888s][info][gc,cpu         ] GC(2765) User=0.07s Sys=0.00s Real=0.04s
[788.955s][info][gc,start       ] GC(2766) Pause Young (Allocation Failure)
[788.999s][info][gc,heap        ] GC(2766) PSYoungGen: 137472K(222720K)->27520K(222720K) Eden: 111616K(111616K)->0K(111616K) From: 25856K(111104K)->27520K(111104K)
[788.999s][info][gc,heap        ] GC(2766) ParOldGen: 266928K(525312K)->292864K(525312K)
[788.999s][info][gc,metaspace   ] GC(2766) Metaspace: 19154K(19328K)->19154K(19328K) NonClass: 16494K(16576K)->16494K(16576K) Class: 2660K(2752K)->2660K(2752K)
[788.999s][info][gc             ] GC(2766) Pause Young (Allocation Failure) 394M->312M(730M) 44.035ms
[788.999s][info][gc,cpu         ] GC(2766) User=0.09s Sys=0.00s Real=0.04s
[789.102s][info][gc,start       ] GC(2767) Pause Young (Allocation Failure)
[789.140s][info][gc,heap        ] GC(2767) PSYoungGen: 139136K(222720K)->11683K(222720K) Eden: 111616K(111616K)->0K(111616K) From: 27520K(111104K)->11683K(111104K)
[789.140s][info][gc,heap        ] GC(2767) ParOldGen: 292864K(525312K)->320587K(525312K)
[789.140s][info][gc,metaspace   ] GC(2767) Metaspace: 19154K(19328K)->19154K(19328K) NonClass: 16494K(16576K)->16494K(16576K) Class: 2660K(2752K)->2660K(2752K)
[789.140s][info][gc             ] GC(2767) Pause Young (Allocation Failure) 421M->324M(730M) 37.694ms
[789.140s][info][gc,cpu         ] GC(2767) User=0.08s Sys=0.00s Real=0.04s
[789.205s][info][gc,start       ] GC(2768) Pause Young (Allocation Failure)
[789.230s][info][gc,heap        ] GC(2768) PSYoungGen: 123299K(222720K)->4640K(222720K) Eden: 111616K(111616K)->0K(111616K) From: 11683K(111104K)->4640K(111104K)
[789.230s][info][gc,heap        ] GC(2768) ParOldGen: 320587K(525312K)->332255K(525312K)
[789.230s][info][gc,metaspace   ] GC(2768) Metaspace: 19154K(19328K)->19154K(19328K) NonClass: 16494K(16576K)->16494K(16576K) Class: 2660K(2752K)->2660K(2752K)
[789.230s][info][gc             ] GC(2768) Pause Young (Allocation Failure) 433M->328M(730M) 24.343ms
[789.230s][info][gc,cpu         ] GC(2768) User=0.05s Sys=0.00s Real=0.02s
[789.297s][info][gc,start       ] GC(2769) Pause Young (Allocation Failure)
[789.304s][info][gc,heap        ] GC(2769) PSYoungGen: 116256K(222720K)->1440K(222720K) Eden: 111616K(111616K)->0K(111616K) From: 4640K(111104K)->1440K(111104K)
[789.304s][info][gc,heap        ] GC(2769) ParOldGen: 332255K(525312K)->336879K(525312K)
[789.304s][info][gc,metaspace   ] GC(2769) Metaspace: 19154K(19328K)->19154K(19328K) NonClass: 16494K(16576K)->16494K(16576K) Class: 2660K(2752K)->2660K(2752K)
[789.304s][info][gc             ] GC(2769) Pause Young (Allocation Failure) 437M->330M(730M) 7.318ms
[789.304s][info][gc,cpu         ] GC(2769) User=0.02s Sys=0.00s Real=0.01s
[789.384s][info][gc,start       ] GC(2770) Pause Young (Allocation Failure)
[789.389s][info][gc,heap        ] GC(2770) PSYoungGen: 113056K(222720K)->864K(222720K) Eden: 111616K(111616K)->0K(111616K) From: 1440K(111104K)->864K(111104K)
[789.389s][info][gc,heap        ] GC(2770) ParOldGen: 336879K(525312K)->338287K(525312K)
[789.389s][info][gc,metaspace   ] GC(2770) Metaspace: 19154K(19328K)->19154K(19328K) NonClass: 16494K(16576K)->16494K(16576K) Class: 2660K(2752K)->2660K(2752K)
[789.389s][info][gc             ] GC(2770) Pause Young (Allocation Failure) 439M->331M(730M) 4.757ms
[789.389s][info][gc,cpu         ] GC(2770) User=0.01s Sys=0.00s Real=0.00s
[789.491s][info][gc,start       ] GC(2771) Pause Young (Allocation Failure)
[789.498s][info][gc,heap        ] GC(2771) PSYoungGen: 112480K(222720K)->3776K(115712K) Eden: 111616K(111616K)->0K(111616K) From: 864K(111104K)->3776K(4096K)
[789.499s][info][gc,heap        ] GC(2771) ParOldGen: 338287K(525312K)->339143K(525312K)
[789.499s][info][gc,metaspace   ] GC(2771) Metaspace: 19154K(19328K)->19154K(19328K) NonClass: 16494K(16576K)->16494K(16576K) Class: 2660K(2752K)->2660K(2752K)
[789.499s][info][gc             ] GC(2771) Pause Young (Allocation Failure) 440M->334M(626M) 7.099ms
[789.499s][info][gc,cpu         ] GC(2771) User=0.01s Sys=0.00s Real=0.01s
[789.644s][info][gc,start       ] GC(2772) Pause Young (Allocation Failure)
[789.653s][info][gc,heap        ] GC(2772) PSYoungGen: 115392K(115712K)->6336K(216576K) Eden: 111616K(111616K)->0K(115712K) From: 3776K(4096K)->6336K(100864K)
[789.653s][info][gc,heap        ] GC(2772) ParOldGen: 339143K(525312K)->339143K(525312K)
[789.653s][info][gc,metaspace   ] GC(2772) Metaspace: 19154K(19328K)->19154K(19328K) NonClass: 16494K(16576K)->16494K(16576K) Class: 2660K(2752K)->2660K(2752K)
[789.653s][info][gc             ] GC(2772) Pause Young (Allocation Failure) 443M->337M(724M) 8.399ms
[789.653s][info][gc,cpu         ] GC(2772) User=0.01s Sys=0.00s Real=0.00s
[789.896s][info][gc,start       ] GC(2773) Pause Young (Allocation Failure)
[789.923s][info][gc,heap        ] GC(2773) PSYoungGen: 122048K(216576K)->23264K(139264K) Eden: 115712K(115712K)->0K(115712K) From: 6336K(100864K)->23264K(23552K)
[789.923s][info][gc,heap        ] GC(2773) ParOldGen: 339143K(525312K)->339143K(525312K)
[789.923s][info][gc,metaspace   ] GC(2773) Metaspace: 19154K(19328K)->19154K(19328K) NonClass: 16494K(16576K)->16494K(16576K) Class: 2660K(2752K)->2660K(2752K)
[789.923s][info][gc             ] GC(2773) Pause Young (Allocation Failure) 450M->353M(649M) 26.246ms
[789.923s][info][gc,cpu         ] GC(2773) User=0.05s Sys=0.00s Real=0.02s
[790.046s][info][gc,start       ] GC(2774) Pause Young (Allocation Failure)
[790.107s][info][gc,heap        ] GC(2774) PSYoungGen: 138976K(139264K)->68960K(203776K) Eden: 115712K(115712K)->0K(109568K) From: 23264K(23552K)->68960K(94208K)
[790.108s][info][gc,heap        ] GC(2774) ParOldGen: 339143K(525312K)->339143K(525312K)
[790.108s][info][gc,metaspace   ] GC(2774) Metaspace: 19154K(19328K)->19154K(19328K) NonClass: 16494K(16576K)->16494K(16576K) Class: 2660K(2752K)->2660K(2752K)
[790.108s][info][gc             ] GC(2774) Pause Young (Allocation Failure) 466M->398M(712M) 61.203ms
[790.108s][info][gc,cpu         ] GC(2774) User=0.12s Sys=0.00s Real=0.06s
[790.265s][info][gc,start       ] GC(2775) Pause Young (Allocation Failure)
[790.342s][info][gc,heap        ] GC(2775) PSYoungGen: 178528K(203776K)->84688K(214016K) Eden: 109568K(109568K)->0K(109568K) From: 68960K(94208K)->84688K(104448K)
[790.342s][info][gc,heap        ] GC(2775) ParOldGen: 339143K(525312K)->339143K(525312K)
[790.342s][info][gc,metaspace   ] GC(2775) Metaspace: 19154K(19328K)->19154K(19328K) NonClass: 16494K(16576K)->16494K(16576K) Class: 2660K(2752K)->2660K(2752K)
[790.342s][info][gc             ] GC(2775) Pause Young (Allocation Failure) 505M->413M(722M) 76.669ms
[790.342s][info][gc,cpu         ] GC(2775) User=0.15s Sys=0.00s Real=0.07s
[790.443s][info][gc,start       ] GC(2776) Pause Young (Allocation Failure)
[790.526s][info][gc,heap        ] GC(2776) PSYoungGen: 194256K(214016K)->81216K(222720K) Eden: 109568K(109568K)->0K(111616K) From: 84688K(104448K)->81216K(111104K)
[790.527s][info][gc,heap        ] GC(2776) ParOldGen: 339143K(525312K)->345443K(525312K)
[790.527s][info][gc,metaspace   ] GC(2776) Metaspace: 19154K(19328K)->19154K(19328K) NonClass: 16494K(16576K)->16494K(16576K) Class: 2660K(2752K)->2660K(2752K)
[790.527s][info][gc             ] GC(2776) Pause Young (Allocation Failure) 520M->416M(730M) 83.831ms
[790.527s][info][gc,cpu         ] GC(2776) User=0.17s Sys=0.00s Real=0.09s
[790.647s][info][gc,start       ] GC(2777) Pause Young (Allocation Failure)
[790.722s][info][gc,heap        ] GC(2777) PSYoungGen: 192832K(222720K)->20288K(222720K) Eden: 111616K(111616K)->0K(111616K) From: 81216K(111104K)->20288K(111104K)
[790.722s][info][gc,heap        ] GC(2777) ParOldGen: 345443K(525312K)->408451K(525312K)
[790.722s][info][gc,metaspace   ] GC(2777) Metaspace: 19154K(19328K)->19154K(19328K) NonClass: 16494K(16576K)->16494K(16576K) Class: 2660K(2752K)->2660K(2752K)
[790.722s][info][gc             ] GC(2777) Pause Young (Allocation Failure) 525M->418M(730M) 74.563ms
[790.722s][info][gc,cpu         ] GC(2777) User=0.15s Sys=0.00s Real=0.07s
[790.906s][info][gc,start       ] GC(2778) Pause Young (Allocation Failure)
[790.935s][info][gc,heap        ] GC(2778) PSYoungGen: 131904K(222720K)->2048K(222720K) Eden: 111616K(111616K)->0K(111616K) From: 20288K(111104K)->2048K(111104K)
[790.935s][info][gc,heap        ] GC(2778) ParOldGen: 408451K(525312K)->427097K(525312K)
[790.935s][info][gc,metaspace   ] GC(2778) Metaspace: 19154K(19328K)->19154K(19328K) NonClass: 16494K(16576K)->16494K(16576K) Class: 2660K(2752K)->2660K(2752K)
[790.935s][info][gc             ] GC(2778) Pause Young (Allocation Failure) 527M->419M(730M) 28.877ms
[790.935s][info][gc,cpu         ] GC(2778) User=0.06s Sys=0.00s Real=0.03s
[791.164s][info][gc,start       ] GC(2779) Pause Young (Allocation Failure)
[791.169s][info][gc,heap        ] GC(2779) PSYoungGen: 113664K(222720K)->192K(222720K) Eden: 111616K(111616K)->0K(111616K) From: 2048K(111104K)->192K(111104K)
[791.169s][info][gc,heap        ] GC(2779) ParOldGen: 427097K(525312K)->429121K(525312K)
[791.169s][info][gc,metaspace   ] GC(2779) Metaspace: 19154K(19328K)->19154K(19328K) NonClass: 16494K(16576K)->16494K(16576K) Class: 2660K(2752K)->2660K(2752K)
[791.169s][info][gc             ] GC(2779) Pause Young (Allocation Failure) 528M->419M(730M) 5.057ms
[791.169s][info][gc,cpu         ] GC(2779) User=0.01s Sys=0.00s Real=0.00s
[791.304s][info][gc,start       ] GC(2780) Pause Young (Allocation Failure)
[791.342s][info][gc,heap        ] GC(2780) PSYoungGen: 111808K(222720K)->40592K(222720K) Eden: 111616K(111616K)->0K(111616K) From: 192K(111104K)->40592K(111104K)
[791.342s][info][gc,heap        ] GC(2780) ParOldGen: 429121K(525312K)->429153K(525312K)
[791.342s][info][gc,metaspace   ] GC(2780) Metaspace: 19154K(19328K)->19154K(19328K) NonClass: 16494K(16576K)->16494K(16576K) Class: 2660K(2752K)->2660K(2752K)
[791.342s][info][gc             ] GC(2780) Pause Young (Allocation Failure) 528M->458M(730M) 38.340ms
[791.342s][info][gc,cpu         ] GC(2780) User=0.07s Sys=0.00s Real=0.03s
[791.516s][info][gc,start       ] GC(2781) Pause Young (Allocation Failure)
[791.589s][info][gc,heap        ] GC(2781) PSYoungGen: 152208K(222720K)->76056K(222720K) Eden: 111616K(111616K)->0K(111616K) From: 40592K(111104K)->76056K(111104K)
[791.589s][info][gc,heap        ] GC(2781) ParOldGen: 429153K(525312K)->429153K(525312K)
[791.589s][info][gc,metaspace   ] GC(2781) Metaspace: 19154K(19328K)->19154K(19328K) NonClass: 16494K(16576K)->16494K(16576K) Class: 2660K(2752K)->2660K(2752K)
[791.589s][info][gc             ] GC(2781) Pause Young (Allocation Failure) 567M->493M(730M) 73.080ms
[791.589s][info][gc,cpu         ] GC(2781) User=0.14s Sys=0.00s Real=0.07s
[791.695s][info][gc,start       ] GC(2782) Pause Young (Allocation Failure)
[791.765s][info][gc,heap        ] GC(2782) PSYoungGen: 187672K(222720K)->352K(222720K) Eden: 111616K(111616K)->0K(111616K) From: 76056K(111104K)->352K(111104K)
[791.765s][info][gc,heap        ] GC(2782) ParOldGen: 429153K(525312K)->505481K(525312K)
[791.765s][info][gc,metaspace   ] GC(2782) Metaspace: 19154K(19328K)->19154K(19328K) NonClass: 16494K(16576K)->16494K(16576K) Class: 2660K(2752K)->2660K(2752K)
[791.765s][info][gc             ] GC(2782) Pause Young (Allocation Failure) 602M->493M(730M) 69.685ms
[791.765s][info][gc,cpu         ] GC(2782) User=0.14s Sys=0.00s Real=0.07s
[791.890s][info][gc,start       ] GC(2783) Pause Young (Allocation Failure)
[791.893s][info][gc,heap        ] GC(2783) PSYoungGen: 111968K(222720K)->416K(222720K) Eden: 111616K(111616K)->0K(111616K) From: 352K(111104K)->416K(111104K)
[791.893s][info][gc,heap        ] GC(2783) ParOldGen: 505481K(525312K)->505809K(525312K)
[791.893s][info][gc,metaspace   ] GC(2783) Metaspace: 19154K(19328K)->19154K(19328K) NonClass: 16494K(16576K)->16494K(16576K) Class: 2660K(2752K)->2660K(2752K)
[791.893s][info][gc             ] GC(2783) Pause Young (Allocation Failure) 602M->494M(730M) 2.437ms
[791.893s][info][gc,cpu         ] GC(2783) User=0.01s Sys=0.00s Real=0.00s
[791.970s][info][gc,start       ] GC(2784) Pause Young (Allocation Failure)
[792.032s][info][gc,heap        ] GC(2784) PSYoungGen: 112032K(222720K)->64704K(222720K) Eden: 111616K(111616K)->0K(111616K) From: 416K(111104K)->64704K(111104K)
[792.032s][info][gc,heap        ] GC(2784) ParOldGen: 505809K(525312K)->506201K(525312K)
[792.032s][info][gc,metaspace   ] GC(2784) Metaspace: 19154K(19328K)->19154K(19328K) NonClass: 16494K(16576K)->16494K(16576K) Class: 2660K(2752K)->2660K(2752K)
[792.032s][info][gc             ] GC(2784) Pause Young (Allocation Failure) 603M->557M(730M) 61.551ms
[792.032s][info][gc,cpu         ] GC(2784) User=0.12s Sys=0.00s Real=0.06s
[792.171s][info][gc,start       ] GC(2785) Pause Young (Allocation Failure)
[792.280s][info][gc,heap        ] GC(2785) PSYoungGen: 176320K(222720K)->25632K(222720K) Eden: 111616K(111616K)->0K(111616K) From: 64704K(111104K)->25632K(111104K)
[792.280s][info][gc,heap        ] GC(2785) ParOldGen: 506201K(525312K)->571113K(571392K)
[792.280s][info][gc,metaspace   ] GC(2785) Metaspace: 19154K(19328K)->19154K(19328K) NonClass: 16494K(16576K)->16494K(16576K) Class: 2660K(2752K)->2660K(2752K)
[792.280s][info][gc             ] GC(2785) Pause Young (Allocation Failure) 666M->582M(775M) 109.506ms
[792.281s][info][gc,cpu         ] GC(2785) User=0.18s Sys=0.04s Real=0.11s
[792.430s][info][gc,start       ] GC(2786) Pause Young (Allocation Failure)
[792.477s][info][gc,heap        ] GC(2786) PSYoungGen: 137248K(222720K)->8196K(215552K) Eden: 111616K(111616K)->0K(111616K) From: 25632K(111104K)->8196K(103936K)
