[0.003s][info][metaspace]  - commit_granule_bytes: 65536.
[0.003s][info][metaspace]  - commit_granule_words: 8192.
[0.003s][info][metaspace]  - virtual_space_node_default_size: 8388608.
[0.003s][info][metaspace]  - enlarge_chunks_in_place: 1.
[0.005s][info][gc,init  ] CardTable entry size: 512
[0.005s][info][gc       ] Using Parallel
[0.006s][info][gc,init  ] Version: 24-internal-adhoc.root.jdk (release)
[0.006s][info][gc,init  ] CPUs: 2 total, 2 available
[0.006s][info][gc,init  ] Memory: 3908M
[0.006s][info][gc,init  ] Large Page Support: Disabled
[0.006s][info][gc,init  ] NUMA Support: Disabled
[0.006s][info][gc,init  ] Compressed Oops: Enabled (32-bit)
[0.006s][info][gc,init  ] Alignments: Space 512K, Generation 512K, Heap 2M
[0.006s][info][gc,init  ] Heap Min Capacity: 256M
[0.006s][info][gc,init  ] Heap Initial Capacity: 256M
[0.006s][info][gc,init  ] Heap Max Capacity: 978M
[0.006s][info][gc,init  ] Pre-touch: Disabled
[0.006s][info][gc,init  ] Parallel Workers: 2
[0.023s][info][gc,metaspace] CDS archive(s) mapped at: [0x00007fc2c2000000-0x00007fc2c2dc0000-0x00007fc2c2dc0000), size 14417920, SharedBaseAddress: 0x00007fc2c2000000, ArchiveRelocationMode: 1.
[0.024s][info][gc,metaspace] Compressed class space mapped at: 0x00007fc2c3000000-0x00007fc303000000, reserved size: 1073741824
[0.024s][info][gc,metaspace] UseCompressedClassPointers 1, UseCompactObjectHeaders 0
[0.024s][info][gc,metaspace] Narrow klass pointer bits 32, Max shift 3
[0.024s][info][gc,metaspace] Narrow klass base: 0x00007fc2c2000000, Narrow klass shift: 0
[0.024s][info][gc,metaspace] Encoding Range: [0x00007fc2c2000000 - 0x00007fc3c2000000), (4294967296 bytes)
[0.024s][info][gc,metaspace] Klass Range:    [0x00007fc2c2000000 - 0x00007fc303000000), (1090519040 bytes)
[0.024s][info][gc,metaspace] Klass ID Range:  [8 - 1090519033) (1090519025)
[0.837s][info][gc,start    ] GC(0) Pause Young (Allocation Failure)
[0.860s][info][gc,heap     ] GC(0) PSYoungGen: 65536K(76288K)->10213K(76288K) Eden: 65536K(65536K)->0K(65536K) From: 0K(10752K)->10213K(10752K)
[0.860s][info][gc,heap     ] GC(0) ParOldGen: 1157K(175104K)->1165K(175104K)
[0.860s][info][gc,metaspace] GC(0) Metaspace: 4859K(4992K)->4859K(4992K) NonClass: 4362K(4416K)->4362K(4416K) Class: 497K(576K)->497K(576K)
[0.860s][info][gc          ] GC(0) Pause Young (Allocation Failure) 65M->11M(245M) 23.751ms
[0.860s][info][gc,cpu      ] GC(0) User=0.03s Sys=0.01s Real=0.03s
[12.976s][info][gc,start    ] GC(1) Pause Young (Allocation Failure)
[13.002s][info][gc,heap     ] GC(1) PSYoungGen: 75749K(76288K)->10745K(141824K) Eden: 65536K(65536K)->0K(131072K) From: 10213K(10752K)->10745K(10752K)
[13.002s][info][gc,heap     ] GC(1) ParOldGen: 1165K(175104K)->3633K(175104K)
[13.002s][info][gc,metaspace] GC(1) Metaspace: 5248K(5376K)->5248K(5376K) NonClass: 4750K(4800K)->4750K(4800K) Class: 498K(576K)->498K(576K)
[13.002s][info][gc          ] GC(1) Pause Young (Allocation Failure) 75M->14M(309M) 25.919ms
[13.002s][info][gc,cpu      ] GC(1) User=0.04s Sys=0.01s Real=0.03s
[31.847s][info][gc,start    ] GC(2) Pause Young (Allocation Failure)
[31.869s][info][gc,heap     ] GC(2) PSYoungGen: 141817K(141824K)->10751K(141824K) Eden: 131072K(131072K)->0K(131072K) From: 10745K(10752K)->10751K(10752K)
[31.869s][info][gc,heap     ] GC(2) ParOldGen: 3633K(175104K)->3641K(175104K)
[31.869s][info][gc,metaspace] GC(2) Metaspace: 5258K(5376K)->5258K(5376K) NonClass: 4760K(4800K)->4760K(4800K) Class: 498K(576K)->498K(576K)
[31.869s][info][gc          ] GC(2) Pause Young (Allocation Failure) 142M->14M(309M) 21.667ms
[31.869s][info][gc,cpu      ] GC(2) User=0.04s Sys=0.01s Real=0.02s
[48.958s][info][gc,start    ] GC(3) Pause Young (Allocation Failure)
[48.980s][info][gc,heap     ] GC(3) PSYoungGen: 141823K(141824K)->10720K(141824K) Eden: 131072K(131072K)->0K(131072K) From: 10751K(10752K)->10720K(10752K)
[48.980s][info][gc,heap     ] GC(3) ParOldGen: 3641K(175104K)->3641K(175104K)
[48.980s][info][gc,metaspace] GC(3) Metaspace: 5260K(5376K)->5260K(5376K) NonClass: 4761K(4800K)->4761K(4800K) Class: 498K(576K)->498K(576K)
[48.980s][info][gc          ] GC(3) Pause Young (Allocation Failure) 142M->14M(309M) 22.327ms
[48.980s][info][gc,cpu      ] GC(3) User=0.04s Sys=0.01s Real=0.03s
[66.696s][info][gc,start    ] GC(4) Pause Young (Allocation Failure)
[66.716s][info][gc,heap     ] GC(4) PSYoungGen: 141792K(141824K)->10719K(137728K) Eden: 131072K(131072K)->0K(126976K) From: 10720K(10752K)->10719K(10752K)
[66.716s][info][gc,heap     ] GC(4) ParOldGen: 3641K(175104K)->3641K(175104K)
[66.716s][info][gc,metaspace] GC(4) Metaspace: 5260K(5376K)->5260K(5376K) NonClass: 4761K(4800K)->4761K(4800K) Class: 498K(576K)->498K(576K)
[66.716s][info][gc          ] GC(4) Pause Young (Allocation Failure) 142M->14M(305M) 20.232ms
[66.716s][info][gc,cpu      ] GC(4) User=0.04s Sys=0.00s Real=0.02s
[83.846s][info][gc,start    ] GC(5) Pause Young (Allocation Failure)
[83.868s][info][gc,heap     ] GC(5) PSYoungGen: 137695K(137728K)->10703K(133632K) Eden: 126976K(126976K)->0K(122880K) From: 10719K(10752K)->10703K(10752K)
[83.868s][info][gc,heap     ] GC(5) ParOldGen: 3641K(175104K)->3641K(175104K)
[83.868s][info][gc,metaspace] GC(5) Metaspace: 5260K(5376K)->5260K(5376K) NonClass: 4761K(4800K)->4761K(4800K) Class: 498K(576K)->498K(576K)
[83.868s][info][gc          ] GC(5) Pause Young (Allocation Failure) 138M->14M(301M) 21.908ms
[83.868s][info][gc,cpu      ] GC(5) User=0.04s Sys=0.01s Real=0.02s
[101.514s][info][gc,start    ] GC(6) Pause Young (Allocation Failure)
[101.537s][info][gc,heap     ] GC(6) PSYoungGen: 133583K(133632K)->64K(119808K) Eden: 122880K(122880K)->0K(119296K) From: 10703K(10752K)->64K(512K)
[101.538s][info][gc,heap     ] GC(6) ParOldGen: 3641K(175104K)->14123K(175104K)
[101.538s][info][gc,metaspace] GC(6) Metaspace: 5260K(5376K)->5260K(5376K) NonClass: 4762K(4800K)->4762K(4800K) Class: 498K(576K)->498K(576K)
[101.538s][info][gc          ] GC(6) Pause Young (Allocation Failure) 134M->13M(288M) 23.667ms
[101.538s][info][gc,cpu      ] GC(6) User=0.04s Sys=0.01s Real=0.02s
[117.832s][info][gc,start    ] GC(7) Pause Young (Allocation Failure)
[117.834s][info][gc,heap     ] GC(7) PSYoungGen: 119360K(119808K)->544K(116736K) Eden: 119296K(119296K)->0K(115712K) From: 64K(512K)->544K(1024K)
[117.834s][info][gc,heap     ] GC(7) ParOldGen: 14123K(175104K)->14131K(175104K)
[117.834s][info][gc,metaspace] GC(7) Metaspace: 5260K(5376K)->5260K(5376K) NonClass: 4762K(4800K)->4762K(4800K) Class: 498K(576K)->498K(576K)
[117.834s][info][gc          ] GC(7) Pause Young (Allocation Failure) 130M->14M(285M) 1.943ms
[117.834s][info][gc,cpu      ] GC(7) User=0.00s Sys=0.00s Real=0.00s
[137.560s][info][gc,start    ] GC(8) Pause Young (Allocation Failure)
[137.581s][info][gc,heap     ] GC(8) PSYoungGen: 116256K(116736K)->11697K(123904K) Eden: 115712K(115712K)->0K(112128K) From: 544K(1024K)->11697K(11776K)
[137.581s][info][gc,heap     ] GC(8) ParOldGen: 14131K(175104K)->14139K(175104K)
[137.581s][info][gc,metaspace] GC(8) Metaspace: 5426K(5568K)->5426K(5568K) NonClass: 4917K(4992K)->4917K(4992K) Class: 508K(576K)->508K(576K)
[137.581s][info][gc          ] GC(8) Pause Young (Allocation Failure) 127M->25M(292M) 20.520ms
[137.581s][info][gc,cpu      ] GC(8) User=0.03s Sys=0.01s Real=0.02s
[153.697s][info][gc,start    ] GC(9) Pause Young (Allocation Failure)
[153.717s][info][gc,heap     ] GC(9) PSYoungGen: 123825K(123904K)->11169K(120320K) Eden: 112128K(112128K)->0K(109056K) From: 11697K(11776K)->11169K(11264K)
[153.717s][info][gc,heap     ] GC(9) ParOldGen: 14139K(175104K)->14643K(175104K)
[153.717s][info][gc,metaspace] GC(9) Metaspace: 5427K(5568K)->5427K(5568K) NonClass: 4918K(4992K)->4918K(4992K) Class: 508K(576K)->508K(576K)
[153.717s][info][gc          ] GC(9) Pause Young (Allocation Failure) 134M->25M(288M) 20.318ms
[153.717s][info][gc,cpu      ] GC(9) User=0.03s Sys=0.01s Real=0.02s
[169.111s][info][gc,start    ] GC(10) Pause Young (Allocation Failure)
[169.131s][info][gc,heap     ] GC(10) PSYoungGen: 120225K(120320K)->64K(106496K) Eden: 109056K(109056K)->0K(105984K) From: 11169K(11264K)->64K(512K)
[169.131s][info][gc,heap     ] GC(10) ParOldGen: 14643K(175104K)->25551K(175104K)
[169.131s][info][gc,metaspace] GC(10) Metaspace: 5427K(5568K)->5427K(5568K) NonClass: 4918K(4992K)->4918K(4992K) Class: 508K(576K)->508K(576K)
[169.131s][info][gc          ] GC(10) Pause Young (Allocation Failure) 131M->25M(275M) 20.528ms
[169.131s][info][gc,cpu      ] GC(10) User=0.03s Sys=0.01s Real=0.02s
[184.825s][info][gc,start    ] GC(11) Pause Young (Allocation Failure)
[184.828s][info][gc,heap     ] GC(11) PSYoungGen: 106048K(106496K)->512K(103424K) Eden: 105984K(105984K)->0K(102912K) From: 64K(512K)->512K(512K)
[184.828s][info][gc,heap     ] GC(11) ParOldGen: 25551K(175104K)->25559K(175104K)
[184.828s][info][gc,metaspace] GC(11) Metaspace: 5427K(5568K)->5427K(5568K) NonClass: 4918K(4992K)->4918K(4992K) Class: 508K(576K)->508K(576K)
[184.828s][info][gc          ] GC(11) Pause Young (Allocation Failure) 128M->25M(272M) 3.010ms
[184.828s][info][gc,cpu      ] GC(11) User=0.00s Sys=0.00s Real=0.00s
[200.064s][info][gc,start    ] GC(12) Pause Young (Allocation Failure)
[200.066s][info][gc,heap     ] GC(12) PSYoungGen: 103424K(103424K)->512K(117760K) Eden: 102912K(102912K)->0K(99840K) From: 512K(512K)->512K(17920K)
[200.066s][info][gc,heap     ] GC(12) ParOldGen: 25559K(175104K)->26031K(175104K)
[200.066s][info][gc,metaspace] GC(12) Metaspace: 5427K(5568K)->5427K(5568K) NonClass: 4918K(4992K)->4918K(4992K) Class: 508K(576K)->508K(576K)
[200.066s][info][gc          ] GC(12) Pause Young (Allocation Failure) 125M->25M(286M) 2.505ms
[200.066s][info][gc,cpu      ] GC(12) User=0.01s Sys=0.01s Real=0.00s
[213.922s][info][gc,start    ] GC(13) Pause Young (Allocation Failure)
[213.924s][info][gc,heap     ] GC(13) PSYoungGen: 100352K(117760K)->512K(97792K) Eden: 99840K(99840K)->0K(97280K) From: 512K(17920K)->512K(512K)
[213.924s][info][gc,heap     ] GC(13) ParOldGen: 26031K(175104K)->26487K(175104K)
[213.924s][info][gc,metaspace] GC(13) Metaspace: 5427K(5568K)->5427K(5568K) NonClass: 4918K(4992K)->4918K(4992K) Class: 508K(576K)->508K(576K)
[213.924s][info][gc          ] GC(13) Pause Young (Allocation Failure) 123M->26M(266M) 2.576ms
[213.924s][info][gc,cpu      ] GC(13) User=0.00s Sys=0.00s Real=0.00s
[228.136s][info][gc,start    ] GC(14) Pause Young (Allocation Failure)
[228.138s][info][gc,heap     ] GC(14) PSYoungGen: 97792K(97792K)->448K(112640K) Eden: 97280K(97280K)->0K(94720K) From: 512K(512K)->448K(17920K)
[228.138s][info][gc,heap     ] GC(14) ParOldGen: 26487K(175104K)->26927K(175104K)
[228.138s][info][gc,metaspace] GC(14) Metaspace: 5427K(5568K)->5427K(5568K) NonClass: 4918K(4992K)->4918K(4992K) Class: 508K(576K)->508K(576K)
[228.138s][info][gc          ] GC(14) Pause Young (Allocation Failure) 121M->26M(281M) 2.369ms
[228.138s][info][gc,cpu      ] GC(14) User=0.01s Sys=0.00s Real=0.00s
[241.706s][info][gc,start    ] GC(15) Pause Young (Allocation Failure)
[241.713s][info][gc,heap     ] GC(15) PSYoungGen: 95168K(112640K)->3331K(95744K) Eden: 94720K(94720K)->0K(92160K) From: 448K(17920K)->3331K(3584K)
[241.713s][info][gc,heap     ] GC(15) ParOldGen: 26927K(175104K)->27351K(175104K)
[241.713s][info][gc,metaspace] GC(15) Metaspace: 5432K(5568K)->5432K(5568K) NonClass: 4923K(4992K)->4923K(4992K) Class: 508K(576K)->508K(576K)
[241.713s][info][gc          ] GC(15) Pause Young (Allocation Failure) 119M->29M(264M) 7.355ms
[241.713s][info][gc,cpu      ] GC(15) User=0.01s Sys=0.00s Real=0.01s
[260.501s][info][gc,start    ] GC(16) Pause Young (Allocation Failure)
[260.521s][info][gc,heap     ] GC(16) PSYoungGen: 95491K(95744K)->8063K(97792K) Eden: 92160K(92160K)->0K(89600K) From: 3331K(3584K)->8063K(8192K)
[260.521s][info][gc,heap     ] GC(16) ParOldGen: 27351K(175104K)->30634K(175104K)
[260.521s][info][gc,metaspace] GC(16) Metaspace: 5453K(5632K)->5453K(5632K) NonClass: 4944K(5056K)->4944K(5056K) Class: 508K(576K)->508K(576K)
[260.521s][info][gc          ] GC(16) Pause Young (Allocation Failure) 119M->37M(266M) 19.980ms
[260.521s][info][gc,cpu      ] GC(16) User=0.04s Sys=0.00s Real=0.02s
[274.917s][info][gc,start    ] GC(17) Pause Young (Allocation Failure)
[274.941s][info][gc,heap     ] GC(17) PSYoungGen: 97663K(97792K)->64K(87552K) Eden: 89600K(89600K)->0K(87040K) From: 8063K(8192K)->64K(512K)
[274.941s][info][gc,heap     ] GC(17) ParOldGen: 30634K(175104K)->38441K(175104K)
[274.941s][info][gc,metaspace] GC(17) Metaspace: 5453K(5632K)->5453K(5632K) NonClass: 4944K(5056K)->4944K(5056K) Class: 508K(576K)->508K(576K)
[274.941s][info][gc          ] GC(17) Pause Young (Allocation Failure) 125M->37M(256M) 23.639ms
[274.941s][info][gc,cpu      ] GC(17) User=0.01s Sys=0.01s Real=0.03s
[288.505s][info][gc,start    ] GC(18) Pause Young (Allocation Failure)
[288.507s][info][gc,heap     ] GC(18) PSYoungGen: 87104K(87552K)->448K(101888K) Eden: 87040K(87040K)->0K(84992K) From: 64K(512K)->448K(16896K)
[288.507s][info][gc,heap     ] GC(18) ParOldGen: 38441K(175104K)->38449K(175104K)
[288.507s][info][gc,metaspace] GC(18) Metaspace: 5453K(5632K)->5453K(5632K) NonClass: 4944K(5056K)->4944K(5056K) Class: 508K(576K)->508K(576K)
[288.507s][info][gc          ] GC(18) Pause Young (Allocation Failure) 122M->37M(270M) 1.570ms
[288.507s][info][gc,cpu      ] GC(18) User=0.00s Sys=0.00s Real=0.00s
[302.053s][info][gc,start    ] GC(19) Pause Young (Allocation Failure)
[302.058s][info][gc,heap     ] GC(19) PSYoungGen: 85440K(101888K)->416K(83456K) Eden: 84992K(84992K)->0K(82944K) From: 448K(16896K)->416K(512K)
[302.058s][info][gc,heap     ] GC(19) ParOldGen: 38449K(175104K)->38841K(175104K)
[302.058s][info][gc,metaspace] GC(19) Metaspace: 5453K(5632K)->5453K(5632K) NonClass: 4944K(5056K)->4944K(5056K) Class: 508K(576K)->508K(576K)
[302.058s][info][gc          ] GC(19) Pause Young (Allocation Failure) 120M->38M(252M) 5.582ms
[302.058s][info][gc,cpu      ] GC(19) User=0.00s Sys=0.00s Real=0.00s
[314.522s][info][gc,start    ] GC(20) Pause Young (Allocation Failure)
[314.524s][info][gc,heap     ] GC(20) PSYoungGen: 83360K(83456K)->384K(96768K) Eden: 82944K(82944K)->0K(80896K) From: 416K(512K)->384K(15872K)
[314.524s][info][gc,heap     ] GC(20) ParOldGen: 38841K(175104K)->39225K(175104K)
[314.524s][info][gc,metaspace] GC(20) Metaspace: 5453K(5632K)->5453K(5632K) NonClass: 4944K(5056K)->4944K(5056K) Class: 508K(576K)->508K(576K)
[314.524s][info][gc          ] GC(20) Pause Young (Allocation Failure) 119M->38M(265M) 2.174ms
[314.524s][info][gc,cpu      ] GC(20) User=0.00s Sys=0.01s Real=0.00s
[327.499s][info][gc,start    ] GC(21) Pause Young (Allocation Failure)
[327.502s][info][gc,heap     ] GC(21) PSYoungGen: 81280K(96768K)->416K(79360K) Eden: 80896K(80896K)->0K(78848K) From: 384K(15872K)->416K(512K)
[327.502s][info][gc,heap     ] GC(21) ParOldGen: 39225K(175104K)->39585K(175104K)
[327.502s][info][gc,metaspace] GC(21) Metaspace: 5453K(5632K)->5453K(5632K) NonClass: 4944K(5056K)->4944K(5056K) Class: 508K(576K)->508K(576K)
[327.502s][info][gc          ] GC(21) Pause Young (Allocation Failure) 117M->39M(248M) 3.756ms
[327.502s][info][gc,cpu      ] GC(21) User=0.00s Sys=0.00s Real=0.01s
[339.293s][info][gc,start    ] GC(22) Pause Young (Allocation Failure)
[339.295s][info][gc,heap     ] GC(22) PSYoungGen: 79264K(79360K)->384K(91648K) Eden: 78848K(78848K)->0K(76800K) From: 416K(512K)->384K(14848K)
[339.295s][info][gc,heap     ] GC(22) ParOldGen: 39585K(175104K)->39961K(175104K)
[339.295s][info][gc,metaspace] GC(22) Metaspace: 5453K(5632K)->5453K(5632K) NonClass: 4944K(5056K)->4944K(5056K) Class: 508K(576K)->508K(576K)
[339.295s][info][gc          ] GC(22) Pause Young (Allocation Failure) 116M->39M(260M) 1.999ms
[339.295s][info][gc,cpu      ] GC(22) User=0.00s Sys=0.00s Real=0.00s
[350.578s][info][gc,start    ] GC(23) Pause Young (Allocation Failure)
[350.581s][info][gc,heap     ] GC(23) PSYoungGen: 77184K(91648K)->352K(75264K) Eden: 76800K(76800K)->0K(74752K) From: 384K(14848K)->352K(512K)
[350.581s][info][gc,heap     ] GC(23) ParOldGen: 39961K(175104K)->40289K(175104K)
[350.581s][info][gc,metaspace] GC(23) Metaspace: 5453K(5632K)->5453K(5632K) NonClass: 4944K(5056K)->4944K(5056K) Class: 508K(576K)->508K(576K)
[350.581s][info][gc          ] GC(23) Pause Young (Allocation Failure) 114M->39M(244M) 3.090ms
[350.581s][info][gc,cpu      ] GC(23) User=0.01s Sys=0.00s Real=0.01s
[362.166s][info][gc,start    ] GC(24) Pause Young (Allocation Failure)
[362.169s][info][gc,heap     ] GC(24) PSYoungGen: 75104K(75264K)->384K(87040K) Eden: 74752K(74752K)->0K(73216K) From: 352K(512K)->384K(13824K)
[362.169s][info][gc,heap     ] GC(24) ParOldGen: 40289K(175104K)->40617K(175104K)
[362.169s][info][gc,metaspace] GC(24) Metaspace: 5453K(5632K)->5453K(5632K) NonClass: 4944K(5056K)->4944K(5056K) Class: 508K(576K)->508K(576K)
[362.169s][info][gc          ] GC(24) Pause Young (Allocation Failure) 112M->40M(256M) 2.625ms
[362.169s][info][gc,cpu      ] GC(24) User=0.00s Sys=0.00s Real=0.00s
[371.274s][info][gc,start    ] GC(25) Pause Young (Allocation Failure)
[371.288s][info][gc,heap     ] GC(25) PSYoungGen: 73600K(87040K)->8823K(80896K) Eden: 73216K(73216K)->0K(71680K) From: 384K(13824K)->8823K(9216K)
[371.288s][info][gc,heap     ] GC(25) ParOldGen: 40617K(175104K)->40961K(175104K)
[371.288s][info][gc,metaspace] GC(25) Metaspace: 5459K(5632K)->5459K(5632K) NonClass: 4950K(5056K)->4950K(5056K) Class: 508K(576K)->508K(576K)
[371.288s][info][gc          ] GC(25) Pause Young (Allocation Failure) 111M->48M(250M) 13.646ms
[371.288s][info][gc,cpu      ] GC(25) User=0.03s Sys=0.00s Real=0.01s
[387.315s][info][gc,start    ] GC(26) Pause Young (Allocation Failure)
[387.341s][info][gc,heap     ] GC(26) PSYoungGen: 80503K(80896K)->2395K(72704K) Eden: 71680K(71680K)->0K(70144K) From: 8823K(9216K)->2395K(2560K)
[387.341s][info][gc,heap     ] GC(26) ParOldGen: 40961K(175104K)->49618K(175104K)
[387.341s][info][gc,metaspace] GC(26) Metaspace: 5498K(5632K)->5498K(5632K) NonClass: 4989K(5056K)->4989K(5056K) Class: 508K(576K)->508K(576K)
[387.341s][info][gc          ] GC(26) Pause Young (Allocation Failure) 118M->50M(242M) 25.643ms
[387.341s][info][gc,cpu      ] GC(26) User=0.05s Sys=0.00s Real=0.03s
[399.023s][info][gc,start    ] GC(27) Pause Young (Allocation Failure)
[399.029s][info][gc,heap     ] GC(27) PSYoungGen: 72539K(72704K)->64K(71680K) Eden: 70144K(70144K)->0K(68608K) From: 2395K(2560K)->64K(3072K)
[399.029s][info][gc,heap     ] GC(27) ParOldGen: 49618K(175104K)->51896K(175104K)
[399.029s][info][gc,metaspace] GC(27) Metaspace: 5499K(5632K)->5499K(5632K) NonClass: 4990K(5056K)->4990K(5056K) Class: 508K(576K)->508K(576K)
[399.029s][info][gc          ] GC(27) Pause Young (Allocation Failure) 119M->50M(241M) 5.764ms
[399.029s][info][gc,cpu      ] GC(27) User=0.01s Sys=0.01s Real=0.00s
[408.718s][info][gc,start    ] GC(28) Pause Young (Allocation Failure)
[408.720s][info][gc,heap     ] GC(28) PSYoungGen: 68672K(71680K)->352K(67584K) Eden: 68608K(68608K)->0K(67072K) From: 64K(3072K)->352K(512K)
[408.720s][info][gc,heap     ] GC(28) ParOldGen: 51896K(175104K)->51904K(175104K)
[408.720s][info][gc,metaspace] GC(28) Metaspace: 5499K(5632K)->5499K(5632K) NonClass: 4990K(5056K)->4990K(5056K) Class: 508K(576K)->508K(576K)
[408.720s][info][gc          ] GC(28) Pause Young (Allocation Failure) 117M->51M(237M) 1.878ms
[408.720s][info][gc,cpu      ] GC(28) User=0.00s Sys=0.00s Real=0.00s
[418.450s][info][gc,start    ] GC(29) Pause Young (Allocation Failure)
[418.452s][info][gc,heap     ] GC(29) PSYoungGen: 67424K(67584K)->352K(75264K) Eden: 67072K(67072K)->0K(65536K) From: 352K(512K)->352K(9728K)
[418.452s][info][gc,heap     ] GC(29) ParOldGen: 51904K(175104K)->52224K(175104K)
[418.452s][info][gc,metaspace] GC(29) Metaspace: 5499K(5632K)->5499K(5632K) NonClass: 4990K(5056K)->4990K(5056K) Class: 508K(576K)->508K(576K)
[418.452s][info][gc          ] GC(29) Pause Young (Allocation Failure) 116M->51M(244M) 2.399ms
[418.452s][info][gc,cpu      ] GC(29) User=0.01s Sys=0.00s Real=0.01s
[428.452s][info][gc,start    ] GC(30) Pause Young (Allocation Failure)
[428.454s][info][gc,heap     ] GC(30) PSYoungGen: 65888K(75264K)->288K(66048K) Eden: 65536K(65536K)->0K(65536K) From: 352K(9728K)->288K(512K)
[428.454s][info][gc,heap     ] GC(30) ParOldGen: 52224K(175104K)->52512K(175104K)
[428.454s][info][gc,metaspace] GC(30) Metaspace: 5499K(5632K)->5499K(5632K) NonClass: 4990K(5056K)->4990K(5056K) Class: 508K(576K)->508K(576K)
[428.454s][info][gc          ] GC(30) Pause Young (Allocation Failure) 115M->51M(235M) 2.197ms
[428.454s][info][gc,cpu      ] GC(30) User=0.01s Sys=0.01s Real=0.00s
[438.868s][info][gc,start    ] GC(31) Pause Young (Allocation Failure)
[438.870s][info][gc,heap     ] GC(31) PSYoungGen: 65824K(66048K)->320K(76288K) Eden: 65536K(65536K)->0K(65024K) From: 288K(512K)->320K(11264K)
[438.870s][info][gc,heap     ] GC(31) ParOldGen: 52512K(175104K)->52784K(175104K)
[438.870s][info][gc,metaspace] GC(31) Metaspace: 5499K(5632K)->5499K(5632K) NonClass: 4990K(5056K)->4990K(5056K) Class: 508K(576K)->508K(576K)
[438.870s][info][gc          ] GC(31) Pause Young (Allocation Failure) 115M->51M(245M) 1.728ms
[438.870s][info][gc,cpu      ] GC(31) User=0.00s Sys=0.00s Real=0.00s
[447.963s][info][gc,start    ] GC(32) Pause Young (Allocation Failure)
[447.965s][info][gc,heap     ] GC(32) PSYoungGen: 65344K(76288K)->320K(75776K) Eden: 65024K(65024K)->0K(65024K) From: 320K(11264K)->320K(10752K)
[447.965s][info][gc,heap     ] GC(32) ParOldGen: 52784K(175104K)->53080K(175104K)
[447.965s][info][gc,metaspace] GC(32) Metaspace: 5499K(5632K)->5499K(5632K) NonClass: 4990K(5056K)->4990K(5056K) Class: 508K(576K)->508K(576K)
[447.965s][info][gc          ] GC(32) Pause Young (Allocation Failure) 115M->52M(245M) 1.988ms
[447.965s][info][gc,cpu      ] GC(32) User=0.01s Sys=0.00s Real=0.00s
[457.804s][info][gc,start    ] GC(33) Pause Young (Allocation Failure)
[457.806s][info][gc,heap     ] GC(33) PSYoungGen: 65344K(75776K)->288K(77312K) Eden: 65024K(65024K)->0K(67072K) From: 320K(10752K)->288K(10240K)
[457.806s][info][gc,heap     ] GC(33) ParOldGen: 53080K(175104K)->53360K(175104K)
[457.806s][info][gc,metaspace] GC(33) Metaspace: 5499K(5632K)->5499K(5632K) NonClass: 4990K(5056K)->4990K(5056K) Class: 508K(576K)->508K(576K)
[457.806s][info][gc          ] GC(33) Pause Young (Allocation Failure) 115M->52M(246M) 1.658ms
[457.806s][info][gc,cpu      ] GC(33) User=0.00s Sys=0.00s Real=0.00s
[468.470s][info][gc,start    ] GC(34) Pause Young (Allocation Failure)
[468.472s][info][gc,heap     ] GC(34) PSYoungGen: 67360K(77312K)->320K(76800K) Eden: 67072K(67072K)->0K(67072K) From: 288K(10240K)->320K(9728K)
[468.472s][info][gc,heap     ] GC(34) ParOldGen: 53360K(175104K)->53640K(175104K)
[468.472s][info][gc,metaspace] GC(34) Metaspace: 5499K(5632K)->5499K(5632K) NonClass: 4990K(5056K)->4990K(5056K) Class: 508K(576K)->508K(576K)
[468.472s][info][gc          ] GC(34) Pause Young (Allocation Failure) 117M->52M(246M) 2.192ms
[468.472s][info][gc,cpu      ] GC(34) User=0.01s Sys=0.00s Real=0.01s
[481.162s][info][gc,start    ] GC(35) Pause Young (Allocation Failure)
[481.165s][info][gc,heap     ] GC(35) PSYoungGen: 67392K(76800K)->352K(78336K) Eden: 67072K(67072K)->0K(69120K) From: 320K(9728K)->352K(9216K)
[481.165s][info][gc,heap     ] GC(35) ParOldGen: 53640K(175104K)->53928K(175104K)
[481.165s][info][gc,metaspace] GC(35) Metaspace: 5499K(5632K)->5499K(5632K) NonClass: 4990K(5056K)->4990K(5056K) Class: 508K(576K)->508K(576K)
[481.166s][info][gc          ] GC(35) Pause Young (Allocation Failure) 118M->53M(247M) 3.608ms
[481.166s][info][gc,cpu      ] GC(35) User=0.01s Sys=0.00s Real=0.00s
[493.644s][info][gc,start    ] GC(36) Pause Young (Allocation Failure)
[493.647s][info][gc,heap     ] GC(36) PSYoungGen: 69472K(78336K)->320K(77824K) Eden: 69120K(69120K)->0K(69120K) From: 352K(9216K)->320K(8704K)
[493.647s][info][gc,heap     ] GC(36) ParOldGen: 53928K(175104K)->54232K(175104K)
[493.647s][info][gc,metaspace] GC(36) Metaspace: 5499K(5632K)->5499K(5632K) NonClass: 4990K(5056K)->4990K(5056K) Class: 508K(576K)->508K(576K)
[493.647s][info][gc          ] GC(36) Pause Young (Allocation Failure) 120M->53M(247M) 3.199ms
[493.647s][info][gc,cpu      ] GC(36) User=0.00s Sys=0.00s Real=0.00s
[505.915s][info][gc,start    ] GC(37) Pause Young (Allocation Failure)
[505.918s][info][gc,heap     ] GC(37) PSYoungGen: 69440K(77824K)->1204K(79872K) Eden: 69120K(69120K)->0K(71680K) From: 320K(8704K)->1204K(8192K)
[505.918s][info][gc,heap     ] GC(37) ParOldGen: 54232K(175104K)->54504K(175104K)
[505.918s][info][gc,metaspace] GC(37) Metaspace: 5511K(5632K)->5511K(5632K) NonClass: 5002K(5056K)->5002K(5056K) Class: 508K(576K)->508K(576K)
[505.919s][info][gc          ] GC(37) Pause Young (Allocation Failure) 120M->54M(249M) 3.571ms
[505.919s][info][gc,cpu      ] GC(37) User=0.00s Sys=0.00s Real=0.00s
[523.327s][info][gc,start    ] GC(38) Pause Young (Allocation Failure)
[523.351s][info][gc,heap     ] GC(38) PSYoungGen: 72884K(79872K)->7152K(77312K) Eden: 71679K(71680K)->0K(70144K) From: 1204K(8192K)->7152K(7168K)
[523.351s][info][gc,heap     ] GC(38) ParOldGen: 54504K(175104K)->58450K(175104K)
[523.351s][info][gc,metaspace] GC(38) Metaspace: 5519K(5696K)->5519K(5696K) NonClass: 5010K(5120K)->5010K(5120K) Class: 508K(576K)->508K(576K)
[523.351s][info][gc          ] GC(38) Pause Young (Allocation Failure) 124M->64M(246M) 24.292ms
[523.351s][info][gc,cpu      ] GC(38) User=0.04s Sys=0.01s Real=0.03s
[536.032s][info][gc,start    ] GC(39) Pause Young (Allocation Failure)
[536.046s][info][gc,heap     ] GC(39) PSYoungGen: 77296K(77312K)->64K(76288K) Eden: 70144K(70144K)->0K(68608K) From: 7152K(7168K)->64K(7680K)
[536.046s][info][gc,heap     ] GC(39) ParOldGen: 58450K(175104K)->65471K(175104K)
[536.046s][info][gc,metaspace] GC(39) Metaspace: 5519K(5696K)->5519K(5696K) NonClass: 5010K(5120K)->5010K(5120K) Class: 508K(576K)->508K(576K)
[536.046s][info][gc          ] GC(39) Pause Young (Allocation Failure) 132M->63M(245M) 13.409ms
[536.046s][info][gc,cpu      ] GC(39) User=0.02s Sys=0.01s Real=0.01s
[546.429s][info][gc,start    ] GC(40) Pause Young (Allocation Failure)
[546.431s][info][gc,heap     ] GC(40) PSYoungGen: 68672K(76288K)->352K(69120K) Eden: 68608K(68608K)->0K(68608K) From: 64K(7680K)->352K(512K)
[546.431s][info][gc,heap     ] GC(40) ParOldGen: 65471K(175104K)->65471K(175104K)
[546.431s][info][gc,metaspace] GC(40) Metaspace: 5519K(5696K)->5519K(5696K) NonClass: 5010K(5120K)->5010K(5120K) Class: 508K(576K)->508K(576K)
[546.431s][info][gc          ] GC(40) Pause Young (Allocation Failure) 130M->64M(238M) 1.650ms
[546.431s][info][gc,cpu      ] GC(40) User=0.00s Sys=0.00s Real=0.01s
[557.463s][info][gc,start    ] GC(41) Pause Young (Allocation Failure)
[557.465s][info][gc,heap     ] GC(41) PSYoungGen: 68960K(69120K)->320K(77824K) Eden: 68608K(68608K)->0K(68096K) From: 352K(512K)->320K(9728K)
[557.465s][info][gc,heap     ] GC(41) ParOldGen: 65471K(175104K)->65807K(175104K)
[557.465s][info][gc,metaspace] GC(41) Metaspace: 5519K(5696K)->5519K(5696K) NonClass: 5010K(5120K)->5010K(5120K) Class: 508K(576K)->508K(576K)
[557.465s][info][gc          ] GC(41) Pause Young (Allocation Failure) 131M->64M(247M) 1.861ms
[557.465s][info][gc,cpu      ] GC(41) User=0.01s Sys=0.00s Real=0.00s
[567.730s][info][gc,start    ] GC(42) Pause Young (Allocation Failure)
[567.732s][info][gc,heap     ] GC(42) PSYoungGen: 68416K(77824K)->352K(77312K) Eden: 68096K(68096K)->0K(68096K) From: 320K(9728K)->352K(9216K)
[567.732s][info][gc,heap     ] GC(42) ParOldGen: 65807K(175104K)->66111K(175104K)
[567.732s][info][gc,metaspace] GC(42) Metaspace: 5519K(5696K)->5519K(5696K) NonClass: 5010K(5120K)->5010K(5120K) Class: 508K(576K)->508K(576K)
[567.732s][info][gc          ] GC(42) Pause Young (Allocation Failure) 131M->64M(246M) 1.743ms
[567.732s][info][gc,cpu      ] GC(42) User=0.01s Sys=0.00s Real=0.00s
[577.687s][info][gc,start    ] GC(43) Pause Young (Allocation Failure)
[577.689s][info][gc,heap     ] GC(43) PSYoungGen: 68448K(77312K)->352K(78848K) Eden: 68096K(68096K)->0K(70144K) From: 352K(9216K)->352K(8704K)
[577.689s][info][gc,heap     ] GC(43) ParOldGen: 66111K(175104K)->66407K(175104K)
[577.689s][info][gc,metaspace] GC(43) Metaspace: 5519K(5696K)->5519K(5696K) NonClass: 5010K(5120K)->5010K(5120K) Class: 508K(576K)->508K(576K)
[577.689s][info][gc          ] GC(43) Pause Young (Allocation Failure) 131M->65M(248M) 1.873ms
[577.689s][info][gc,cpu      ] GC(43) User=0.00s Sys=0.00s Real=0.00s
[588.186s][info][gc,start    ] GC(44) Pause Young (Allocation Failure)
[588.188s][info][gc,heap     ] GC(44) PSYoungGen: 70496K(78848K)->320K(78336K) Eden: 70144K(70144K)->0K(70144K) From: 352K(8704K)->320K(8192K)
[588.188s][info][gc,heap     ] GC(44) ParOldGen: 66407K(175104K)->66711K(175104K)
[588.188s][info][gc,metaspace] GC(44) Metaspace: 5519K(5696K)->5519K(5696K) NonClass: 5010K(5120K)->5010K(5120K) Class: 508K(576K)->508K(576K)
[588.188s][info][gc          ] GC(44) Pause Young (Allocation Failure) 133M->65M(247M) 2.013ms
[588.188s][info][gc,cpu      ] GC(44) User=0.00s Sys=0.00s Real=0.00s
[598.893s][info][gc,start    ] GC(45) Pause Young (Allocation Failure)
[598.895s][info][gc,heap     ] GC(45) PSYoungGen: 70464K(78336K)->352K(79872K) Eden: 70144K(70144K)->0K(72192K) From: 320K(8192K)->352K(7680K)
[598.895s][info][gc,heap     ] GC(45) ParOldGen: 66711K(175104K)->67023K(175104K)
[598.895s][info][gc,metaspace] GC(45) Metaspace: 5519K(5696K)->5519K(5696K) NonClass: 5010K(5120K)->5010K(5120K) Class: 508K(576K)->508K(576K)
[598.895s][info][gc          ] GC(45) Pause Young (Allocation Failure) 133M->65M(249M) 2.724ms
[598.895s][info][gc,cpu      ] GC(45) User=0.00s Sys=0.00s Real=0.00s
[610.012s][info][gc,start    ] GC(46) Pause Young (Allocation Failure)
[610.015s][info][gc,heap     ] GC(46) PSYoungGen: 72544K(79872K)->352K(79360K) Eden: 72192K(72192K)->0K(72192K) From: 352K(7680K)->352K(7168K)
[610.015s][info][gc,heap     ] GC(46) ParOldGen: 67023K(175104K)->67343K(175104K)
[610.015s][info][gc,metaspace] GC(46) Metaspace: 5519K(5696K)->5519K(5696K) NonClass: 5010K(5120K)->5010K(5120K) Class: 508K(576K)->508K(576K)
[610.015s][info][gc          ] GC(46) Pause Young (Allocation Failure) 136M->66M(248M) 3.217ms
[610.015s][info][gc,cpu      ] GC(46) User=0.00s Sys=0.00s Real=0.00s
[620.855s][info][gc,start    ] GC(47) Pause Young (Allocation Failure)
[620.857s][info][gc,heap     ] GC(47) PSYoungGen: 72543K(79360K)->352K(80896K) Eden: 72191K(72192K)->0K(74240K) From: 352K(7168K)->352K(6656K)
[620.857s][info][gc,heap     ] GC(47) ParOldGen: 67343K(175104K)->67671K(175104K)
[620.857s][info][gc,metaspace] GC(47) Metaspace: 5519K(5696K)->5519K(5696K) NonClass: 5010K(5120K)->5010K(5120K) Class: 508K(576K)->508K(576K)
[620.857s][info][gc          ] GC(47) Pause Young (Allocation Failure) 136M->66M(250M) 2.680ms
[620.857s][info][gc,cpu      ] GC(47) User=0.01s Sys=0.00s Real=0.00s
[632.493s][info][gc,start    ] GC(48) Pause Young (Allocation Failure)
[632.496s][info][gc,heap     ] GC(48) PSYoungGen: 74592K(80896K)->352K(80384K) Eden: 74240K(74240K)->0K(74240K) From: 352K(6656K)->352K(6144K)
[632.496s][info][gc,heap     ] GC(48) ParOldGen: 67671K(175104K)->67991K(175104K)
[632.496s][info][gc,metaspace] GC(48) Metaspace: 5519K(5696K)->5519K(5696K) NonClass: 5010K(5120K)->5010K(5120K) Class: 508K(576K)->508K(576K)
[632.496s][info][gc          ] GC(48) Pause Young (Allocation Failure) 138M->66M(249M) 2.902ms
[632.496s][info][gc,cpu      ] GC(48) User=0.00s Sys=0.00s Real=0.00s
[645.985s][info][gc,start    ] GC(49) Pause Young (Allocation Failure)
[646.006s][info][gc,heap     ] GC(49) PSYoungGen: 74592K(80384K)->6132K(77824K) Eden: 74240K(74240K)->0K(71680K) From: 352K(6144K)->6132K(6144K)
[646.006s][info][gc,heap     ] GC(49) ParOldGen: 67991K(175104K)->73160K(175104K)
[646.006s][info][gc,metaspace] GC(49) Metaspace: 5529K(5696K)->5529K(5696K) NonClass: 5020K(5120K)->5020K(5120K) Class: 508K(576K)->508K(576K)
[646.006s][info][gc          ] GC(49) Pause Young (Allocation Failure) 139M->77M(247M) 21.566ms
[646.006s][info][gc,cpu      ] GC(49) User=0.02s Sys=0.01s Real=0.02s
[657.816s][info][gc,start    ] GC(50) Pause Young (Allocation Failure)
[657.830s][info][gc,heap     ] GC(50) PSYoungGen: 77812K(77824K)->64K(70656K) Eden: 71679K(71680K)->0K(70144K) From: 6132K(6144K)->64K(512K)
[657.830s][info][gc,heap     ] GC(50) ParOldGen: 73160K(175104K)->79175K(175104K)
[657.830s][info][gc,metaspace] GC(50) Metaspace: 5529K(5696K)->5529K(5696K) NonClass: 5020K(5120K)->5020K(5120K) Class: 508K(576K)->508K(576K)
[657.830s][info][gc          ] GC(50) Pause Young (Allocation Failure) 147M->77M(240M) 13.701ms
[657.830s][info][gc,cpu      ] GC(50) User=0.02s Sys=0.01s Real=0.01s
[667.698s][info][gc,start    ] GC(51) Pause Young (Allocation Failure)
[667.699s][info][gc,heap     ] GC(51) PSYoungGen: 70208K(70656K)->448K(77312K) Eden: 70144K(70144K)->0K(69632K) From: 64K(512K)->448K(7680K)
[667.699s][info][gc,heap     ] GC(51) ParOldGen: 79175K(175104K)->79183K(175104K)
[667.699s][info][gc,metaspace] GC(51) Metaspace: 5529K(5696K)->5529K(5696K) NonClass: 5020K(5120K)->5020K(5120K) Class: 508K(576K)->508K(576K)
[667.699s][info][gc          ] GC(51) Pause Young (Allocation Failure) 145M->77M(246M) 1.698ms
[667.699s][info][gc,cpu      ] GC(51) User=0.00s Sys=0.00s Real=0.00s
[676.648s][info][gc,start    ] GC(52) Pause Young (Allocation Failure)
[676.650s][info][gc,heap     ] GC(52) PSYoungGen: 70080K(77312K)->384K(78336K) Eden: 69632K(69632K)->0K(69632K) From: 448K(7680K)->384K(8704K)
[676.650s][info][gc,heap     ] GC(52) ParOldGen: 79183K(175104K)->79575K(175104K)
[676.650s][info][gc,metaspace] GC(52) Metaspace: 5529K(5696K)->5529K(5696K) NonClass: 5020K(5120K)->5020K(5120K) Class: 508K(576K)->508K(576K)
[676.650s][info][gc          ] GC(52) Pause Young (Allocation Failure) 145M->78M(247M) 2.148ms
[676.650s][info][gc,cpu      ] GC(52) User=0.00s Sys=0.00s Real=0.01s
[685.727s][info][gc,start    ] GC(53) Pause Young (Allocation Failure)
[685.729s][info][gc,heap     ] GC(53) PSYoungGen: 70016K(78336K)->352K(79360K) Eden: 69632K(69632K)->0K(71168K) From: 384K(8704K)->352K(8192K)
[685.729s][info][gc,heap     ] GC(53) ParOldGen: 79575K(175104K)->79895K(175104K)
[685.729s][info][gc,metaspace] GC(53) Metaspace: 5529K(5696K)->5529K(5696K) NonClass: 5020K(5120K)->5020K(5120K) Class: 508K(576K)->508K(576K)
[685.729s][info][gc          ] GC(53) Pause Young (Allocation Failure) 146M->78M(248M) 2.515ms
[685.729s][info][gc,cpu      ] GC(53) User=0.00s Sys=0.00s Real=0.00s
[695.368s][info][gc,start    ] GC(54) Pause Young (Allocation Failure)
[695.371s][info][gc,heap     ] GC(54) PSYoungGen: 71520K(79360K)->352K(78848K) Eden: 71168K(71168K)->0K(71168K) From: 352K(8192K)->352K(7680K)
[695.371s][info][gc,heap     ] GC(54) ParOldGen: 79895K(175104K)->80215K(175104K)
[695.371s][info][gc,metaspace] GC(54) Metaspace: 5529K(5696K)->5529K(5696K) NonClass: 5020K(5120K)->5020K(5120K) Class: 508K(576K)->508K(576K)
[695.371s][info][gc          ] GC(54) Pause Young (Allocation Failure) 147M->78M(248M) 2.799ms
[695.371s][info][gc,cpu      ] GC(54) User=0.01s Sys=0.00s Real=0.01s
[705.823s][info][gc,start    ] GC(55) Pause Young (Allocation Failure)
[705.825s][info][gc,heap     ] GC(55) PSYoungGen: 71520K(78848K)->352K(80384K) Eden: 71168K(71168K)->0K(73216K) From: 352K(7680K)->352K(7168K)
[705.825s][info][gc,heap     ] GC(55) ParOldGen: 80215K(175104K)->80535K(175104K)
[705.825s][info][gc,metaspace] GC(55) Metaspace: 5529K(5696K)->5529K(5696K) NonClass: 5020K(5120K)->5020K(5120K) Class: 508K(576K)->508K(576K)
[705.825s][info][gc          ] GC(55) Pause Young (Allocation Failure) 148M->78M(249M) 1.991ms
[705.825s][info][gc,cpu      ] GC(55) User=0.00s Sys=0.00s Real=0.00s
[715.413s][info][gc,start    ] GC(56) Pause Young (Allocation Failure)
[715.415s][info][gc,heap     ] GC(56) PSYoungGen: 73568K(80384K)->352K(79872K) Eden: 73216K(73216K)->0K(73216K) From: 352K(7168K)->352K(6656K)
[715.415s][info][gc,heap     ] GC(56) ParOldGen: 80535K(175104K)->80863K(175104K)
[715.415s][info][gc,metaspace] GC(56) Metaspace: 5529K(5696K)->5529K(5696K) NonClass: 5020K(5120K)->5020K(5120K) Class: 508K(576K)->508K(576K)
[715.415s][info][gc          ] GC(56) Pause Young (Allocation Failure) 150M->79M(249M) 1.836ms
[715.415s][info][gc,cpu      ] GC(56) User=0.00s Sys=0.00s Real=0.00s
[724.950s][info][gc,start    ] GC(57) Pause Young (Allocation Failure)
[724.952s][info][gc,heap     ] GC(57) PSYoungGen: 73568K(79872K)->352K(80896K) Eden: 73216K(73216K)->0K(74240K) From: 352K(6656K)->352K(6656K)
[724.952s][info][gc,heap     ] GC(57) ParOldGen: 80863K(175104K)->81183K(175104K)
[724.952s][info][gc,metaspace] GC(57) Metaspace: 5529K(5696K)->5529K(5696K) NonClass: 5020K(5120K)->5020K(5120K) Class: 508K(576K)->508K(576K)
[724.952s][info][gc          ] GC(57) Pause Young (Allocation Failure) 150M->79M(250M) 2.627ms
[724.952s][info][gc,cpu      ] GC(57) User=0.00s Sys=0.00s Real=0.01s
[735.178s][info][gc,start    ] GC(58) Pause Young (Allocation Failure)
[735.181s][info][gc,heap     ] GC(58) PSYoungGen: 74592K(80896K)->320K(80384K) Eden: 74240K(74240K)->0K(74240K) From: 352K(6656K)->320K(6144K)
[735.181s][info][gc,heap     ] GC(58) ParOldGen: 81183K(175104K)->81495K(175104K)
[735.181s][info][gc,metaspace] GC(58) Metaspace: 5529K(5696K)->5529K(5696K) NonClass: 5020K(5120K)->5020K(5120K) Class: 508K(576K)->508K(576K)
[735.181s][info][gc          ] GC(58) Pause Young (Allocation Failure) 152M->79M(249M) 2.819ms
[735.181s][info][gc,cpu      ] GC(58) User=0.00s Sys=0.00s Real=0.01s
[745.300s][info][gc,start    ] GC(59) Pause Young (Allocation Failure)
[745.303s][info][gc,heap     ] GC(59) PSYoungGen: 74560K(80384K)->352K(81408K) Eden: 74240K(74240K)->0K(75776K) From: 320K(6144K)->352K(5632K)
[745.303s][info][gc,heap     ] GC(59) ParOldGen: 81495K(175104K)->81799K(175104K)
[745.303s][info][gc,metaspace] GC(59) Metaspace: 5529K(5696K)->5529K(5696K) NonClass: 5020K(5120K)->5020K(5120K) Class: 508K(576K)->508K(576K)
[745.303s][info][gc          ] GC(59) Pause Young (Allocation Failure) 152M->80M(250M) 3.295ms
[745.303s][info][gc,cpu      ] GC(59) User=0.00s Sys=0.01s Real=0.01s
[755.123s][info][gc,start    ] GC(60) Pause Young (Allocation Failure)
[755.131s][info][gc,heap     ] GC(60) PSYoungGen: 76128K(81408K)->5549K(79872K) Eden: 75776K(75776K)->0K(74240K) From: 352K(5632K)->5549K(5632K)
[755.131s][info][gc,heap     ] GC(60) ParOldGen: 81799K(175104K)->82119K(175104K)
[755.131s][info][gc,metaspace] GC(60) Metaspace: 5541K(5696K)->5541K(5696K) NonClass: 5032K(5120K)->5032K(5120K) Class: 508K(576K)->508K(576K)
[755.131s][info][gc          ] GC(60) Pause Young (Allocation Failure) 154M->85M(249M) 7.643ms
[755.131s][info][gc,cpu      ] GC(60) User=0.02s Sys=0.00s Real=0.01s
[770.589s][info][gc,start    ] GC(61) Pause Young (Allocation Failure)
[770.607s][info][gc,heap     ] GC(61) PSYoungGen: 79789K(79872K)->5761K(78848K) Eden: 74240K(74240K)->0K(72704K) From: 5549K(5632K)->5761K(6144K)
[770.608s][info][gc,heap     ] GC(61) ParOldGen: 82119K(175104K)->87618K(175104K)
[770.608s][info][gc,metaspace] GC(61) Metaspace: 5542K(5696K)->5542K(5696K) NonClass: 5033K(5120K)->5033K(5120K) Class: 508K(576K)->508K(576K)
[770.608s][info][gc          ] GC(61) Pause Young (Allocation Failure) 158M->91M(248M) 18.437ms
[770.608s][info][gc,cpu      ] GC(61) User=0.04s Sys=0.00s Real=0.02s
[781.694s][info][gc,start    ] GC(62) Pause Young (Allocation Failure)
[781.704s][info][gc,heap     ] GC(62) PSYoungGen: 78465K(78848K)->64K(73216K) Eden: 72704K(72704K)->0K(72704K) From: 5761K(6144K)->64K(512K)
[781.704s][info][gc,heap     ] GC(62) ParOldGen: 87618K(175104K)->93094K(175104K)
[781.704s][info][gc,metaspace] GC(62) Metaspace: 5542K(5696K)->5542K(5696K) NonClass: 5033K(5120K)->5033K(5120K) Class: 508K(576K)->508K(576K)
[781.704s][info][gc          ] GC(62) Pause Young (Allocation Failure) 162M->90M(242M) 10.232ms
[781.704s][info][gc,cpu      ] GC(62) User=0.02s Sys=0.00s Real=0.01s
[792.133s][info][gc,start    ] GC(63) Pause Young (Allocation Failure)
[792.135s][info][gc,heap     ] GC(63) PSYoungGen: 72768K(73216K)->384K(79872K) Eden: 72704K(72704K)->0K(72192K) From: 64K(512K)->384K(7680K)
[792.135s][info][gc,heap     ] GC(63) ParOldGen: 93094K(175104K)->93102K(175104K)
[792.135s][info][gc,metaspace] GC(63) Metaspace: 5542K(5696K)->5542K(5696K) NonClass: 5033K(5120K)->5033K(5120K) Class: 508K(576K)->508K(576K)
[792.135s][info][gc          ] GC(63) Pause Young (Allocation Failure) 161M->91M(249M) 1.493ms
[792.135s][info][gc,cpu      ] GC(63) User=0.00s Sys=0.00s Real=0.00s
[801.170s][info][gc,start    ] GC(64) Pause Young (Allocation Failure)
[801.172s][info][gc,heap     ] GC(64) PSYoungGen: 72576K(79872K)->384K(79360K) Eden: 72192K(72192K)->0K(72192K) From: 384K(7680K)->384K(7168K)
[801.172s][info][gc,heap     ] GC(64) ParOldGen: 93102K(175104K)->93438K(175104K)
[801.172s][info][gc,metaspace] GC(64) Metaspace: 5542K(5696K)->5542K(5696K) NonClass: 5033K(5120K)->5033K(5120K) Class: 508K(576K)->508K(576K)
[801.172s][info][gc          ] GC(64) Pause Young (Allocation Failure) 161M->91M(248M) 1.899ms
[801.172s][info][gc,cpu      ] GC(64) User=0.01s Sys=0.00s Real=0.00s
[810.937s][info][gc,start    ] GC(65) Pause Young (Allocation Failure)
[810.941s][info][gc,heap     ] GC(65) PSYoungGen: 72576K(79360K)->384K(80384K) Eden: 72192K(72192K)->0K(73728K) From: 384K(7168K)->384K(6656K)
[810.941s][info][gc,heap     ] GC(65) ParOldGen: 93438K(175104K)->93758K(175104K)
[810.941s][info][gc,metaspace] GC(65) Metaspace: 5542K(5696K)->5542K(5696K) NonClass: 5033K(5120K)->5033K(5120K) Class: 508K(576K)->508K(576K)
[810.941s][info][gc          ] GC(65) Pause Young (Allocation Failure) 162M->91M(249M) 3.789ms
[810.941s][info][gc,cpu      ] GC(65) User=0.00s Sys=0.00s Real=0.01s
[822.042s][info][gc,start    ] GC(66) Pause Young (Allocation Failure)
[822.046s][info][gc,heap     ] GC(66) PSYoungGen: 74112K(80384K)->384K(80384K) Eden: 73728K(73728K)->0K(73728K) From: 384K(6656K)->384K(6656K)
[822.046s][info][gc,heap     ] GC(66) ParOldGen: 93758K(175104K)->94070K(175104K)
[822.046s][info][gc,metaspace] GC(66) Metaspace: 5542K(5696K)->5542K(5696K) NonClass: 5033K(5120K)->5033K(5120K) Class: 508K(576K)->508K(576K)
[822.046s][info][gc          ] GC(66) Pause Young (Allocation Failure) 163M->92M(249M) 3.757ms
[822.046s][info][gc,cpu      ] GC(66) User=0.01s Sys=0.00s Real=0.00s
[832.037s][info][gc,start    ] GC(67) Pause Young (Allocation Failure)
[832.039s][info][gc,heap     ] GC(67) PSYoungGen: 74112K(80384K)->384K(81408K) Eden: 73728K(73728K)->0K(75264K) From: 384K(6656K)->384K(6144K)
[832.039s][info][gc,heap     ] GC(67) ParOldGen: 94070K(175104K)->94406K(175104K)
[832.039s][info][gc,metaspace] GC(67) Metaspace: 5542K(5696K)->5542K(5696K) NonClass: 5033K(5120K)->5033K(5120K) Class: 508K(576K)->508K(576K)
[832.039s][info][gc          ] GC(67) Pause Young (Allocation Failure) 164M->92M(250M) 2.249ms
[832.039s][info][gc,cpu      ] GC(67) User=0.00s Sys=0.00s Real=0.00s
[841.732s][info][gc,start    ] GC(68) Pause Young (Allocation Failure)
[841.734s][info][gc,heap     ] GC(68) PSYoungGen: 75648K(81408K)->384K(80896K) Eden: 75264K(75264K)->0K(75264K) From: 384K(6144K)->384K(5632K)
[841.734s][info][gc,heap     ] GC(68) ParOldGen: 94406K(175104K)->94742K(175104K)
[841.734s][info][gc,metaspace] GC(68) Metaspace: 5542K(5696K)->5542K(5696K) NonClass: 5033K(5120K)->5033K(5120K) Class: 508K(576K)->508K(576K)
[841.734s][info][gc          ] GC(68) Pause Young (Allocation Failure) 166M->92M(250M) 1.898ms
[841.734s][info][gc,cpu      ] GC(68) User=0.00s Sys=0.00s Real=0.00s
[851.172s][info][gc,start    ] GC(69) Pause Young (Allocation Failure)
[851.174s][info][gc,heap     ] GC(69) PSYoungGen: 75648K(80896K)->384K(81920K) Eden: 75264K(75264K)->0K(76288K) From: 384K(5632K)->384K(5632K)
[851.174s][info][gc,heap     ] GC(69) ParOldGen: 94742K(175104K)->95062K(175104K)
[851.174s][info][gc,metaspace] GC(69) Metaspace: 5542K(5696K)->5542K(5696K) NonClass: 5033K(5120K)->5033K(5120K) Class: 508K(576K)->508K(576K)
[851.174s][info][gc          ] GC(69) Pause Young (Allocation Failure) 166M->93M(251M) 1.867ms
[851.174s][info][gc,cpu      ] GC(69) User=0.00s Sys=0.00s Real=0.00s
[860.053s][info][gc,start    ] GC(70) Pause Young (Allocation Failure)
[860.055s][info][gc,heap     ] GC(70) PSYoungGen: 76672K(81920K)->384K(81408K) Eden: 76288K(76288K)->0K(76288K) From: 384K(5632K)->384K(5120K)
[860.055s][info][gc,heap     ] GC(70) ParOldGen: 95062K(175104K)->95374K(175104K)
[860.055s][info][gc,metaspace] GC(70) Metaspace: 5542K(5696K)->5542K(5696K) NonClass: 5033K(5120K)->5033K(5120K) Class: 508K(576K)->508K(576K)
[860.055s][info][gc          ] GC(70) Pause Young (Allocation Failure) 167M->93M(250M) 2.140ms
[860.055s][info][gc,cpu      ] GC(70) User=0.01s Sys=0.00s Real=0.00s
[868.596s][info][gc,start    ] GC(71) Pause Young (Allocation Failure)
[868.602s][info][gc,heap     ] GC(71) PSYoungGen: 76672K(81408K)->4195K(80896K) Eden: 76288K(76288K)->0K(75776K) From: 384K(5120K)->4195K(5120K)
[868.602s][info][gc,heap     ] GC(71) ParOldGen: 95374K(175104K)->95694K(175104K)
[868.602s][info][gc,metaspace] GC(71) Metaspace: 5544K(5696K)->5544K(5696K) NonClass: 5035K(5120K)->5035K(5120K) Class: 508K(576K)->508K(576K)
[868.602s][info][gc          ] GC(71) Pause Young (Allocation Failure) 168M->97M(250M) 5.679ms
[868.602s][info][gc,cpu      ] GC(71) User=0.02s Sys=0.00s Real=0.01s
[882.499s][info][gc,start    ] GC(72) Pause Young (Allocation Failure)
[882.518s][info][gc,heap     ] GC(72) PSYoungGen: 79971K(80896K)->5624K(79872K) Eden: 75776K(75776K)->0K(74240K) From: 4195K(5120K)->5624K(5632K)
[882.518s][info][gc,heap     ] GC(72) ParOldGen: 95694K(175104K)->101234K(175104K)
[882.518s][info][gc,metaspace] GC(72) Metaspace: 5609K(5696K)->5609K(5696K) NonClass: 5099K(5120K)->5099K(5120K) Class: 509K(576K)->509K(576K)
[882.518s][info][gc          ] GC(72) Pause Young (Allocation Failure) 171M->104M(249M) 19.200ms
[882.518s][info][gc,cpu      ] GC(72) User=0.03s Sys=0.00s Real=0.02s
[893.400s][info][gc,start    ] GC(73) Pause Young (Allocation Failure)
[893.410s][info][gc,heap     ] GC(73) PSYoungGen: 79864K(79872K)->64K(79360K) Eden: 74240K(74240K)->0K(72704K) From: 5624K(5632K)->64K(6656K)
[893.410s][info][gc,heap     ] GC(73) ParOldGen: 101234K(175104K)->106679K(175104K)
[893.410s][info][gc,metaspace] GC(73) Metaspace: 5610K(5760K)->5610K(5760K) NonClass: 5100K(5184K)->5100K(5184K) Class: 509K(576K)->509K(576K)
[893.410s][info][gc          ] GC(73) Pause Young (Allocation Failure) 176M->104M(248M) 9.841ms
[893.410s][info][gc,cpu      ] GC(73) User=0.01s Sys=0.01s Real=0.01s
[902.410s][info][gc,start    ] GC(74) Pause Young (Allocation Failure)
[902.411s][info][gc,heap     ] GC(74) PSYoungGen: 72768K(79360K)->384K(71680K) Eden: 72704K(72704K)->0K(71168K) From: 64K(6656K)->384K(512K)
[902.411s][info][gc,heap     ] GC(74) ParOldGen: 106679K(175104K)->106679K(175104K)
[902.411s][info][gc,metaspace] GC(74) Metaspace: 5610K(5760K)->5610K(5760K) NonClass: 5100K(5184K)->5100K(5184K) Class: 509K(576K)->509K(576K)
[902.411s][info][gc          ] GC(74) Pause Young (Allocation Failure) 175M->104M(241M) 1.606ms
[902.411s][info][gc,cpu      ] GC(74) User=0.01s Sys=0.00s Real=0.01s
[911.411s][info][gc,start    ] GC(75) Pause Young (Allocation Failure)
[911.414s][info][gc,heap     ] GC(75) PSYoungGen: 71552K(71680K)->352K(78336K) Eden: 71168K(71168K)->0K(70656K) From: 384K(512K)->352K(7680K)
[911.414s][info][gc,heap     ] GC(75) ParOldGen: 106679K(175104K)->107015K(175104K)
[911.414s][info][gc,metaspace] GC(75) Metaspace: 5610K(5760K)->5610K(5760K) NonClass: 5100K(5184K)->5100K(5184K) Class: 509K(576K)->509K(576K)
[911.414s][info][gc          ] GC(75) Pause Young (Allocation Failure) 174M->104M(247M) 2.249ms
[911.414s][info][gc,cpu      ] GC(75) User=0.01s Sys=0.00s Real=0.00s
[920.843s][info][gc,start    ] GC(76) Pause Young (Allocation Failure)
[920.845s][info][gc,heap     ] GC(76) PSYoungGen: 71008K(78336K)->384K(78848K) Eden: 70656K(70656K)->0K(70656K) From: 352K(7680K)->384K(8192K)
[920.845s][info][gc,heap     ] GC(76) ParOldGen: 107015K(175104K)->107335K(175104K)
[920.845s][info][gc,metaspace] GC(76) Metaspace: 5610K(5760K)->5610K(5760K) NonClass: 5100K(5184K)->5100K(5184K) Class: 509K(576K)->509K(576K)
[920.845s][info][gc          ] GC(76) Pause Young (Allocation Failure) 173M->105M(248M) 1.814ms
[920.845s][info][gc,cpu      ] GC(76) User=0.01s Sys=0.00s Real=0.00s
[929.414s][info][gc,start    ] GC(77) Pause Young (Allocation Failure)
[929.416s][info][gc,heap     ] GC(77) PSYoungGen: 71040K(78848K)->352K(79872K) Eden: 70656K(70656K)->0K(72192K) From: 384K(8192K)->352K(7680K)
[929.416s][info][gc,heap     ] GC(77) ParOldGen: 107335K(175104K)->107647K(175104K)
[929.416s][info][gc,metaspace] GC(77) Metaspace: 5610K(5760K)->5610K(5760K) NonClass: 5100K(5184K)->5100K(5184K) Class: 509K(576K)->509K(576K)
[929.416s][info][gc          ] GC(77) Pause Young (Allocation Failure) 174M->105M(249M) 1.873ms
[929.416s][info][gc,cpu      ] GC(77) User=0.01s Sys=0.00s Real=0.00s
[938.559s][info][gc,start    ] GC(78) Pause Young (Allocation Failure)
[938.561s][info][gc,heap     ] GC(78) PSYoungGen: 72544K(79872K)->384K(79360K) Eden: 72192K(72192K)->0K(72192K) From: 352K(7680K)->384K(7168K)
[938.561s][info][gc,heap     ] GC(78) ParOldGen: 107647K(175104K)->107967K(175104K)
[938.561s][info][gc,metaspace] GC(78) Metaspace: 5610K(5760K)->5610K(5760K) NonClass: 5100K(5184K)->5100K(5184K) Class: 509K(576K)->509K(576K)
[938.561s][info][gc          ] GC(78) Pause Young (Allocation Failure) 175M->105M(248M) 1.958ms
[938.561s][info][gc,cpu      ] GC(78) User=0.00s Sys=0.01s Real=0.01s
[947.822s][info][gc,start    ] GC(79) Pause Young (Allocation Failure)
[947.824s][info][gc,heap     ] GC(79) PSYoungGen: 72576K(79360K)->384K(80384K) Eden: 72192K(72192K)->0K(73728K) From: 384K(7168K)->384K(6656K)
[947.824s][info][gc,heap     ] GC(79) ParOldGen: 107967K(175104K)->108295K(175104K)
[947.824s][info][gc,metaspace] GC(79) Metaspace: 5610K(5760K)->5610K(5760K) NonClass: 5100K(5184K)->5100K(5184K) Class: 509K(576K)->509K(576K)
[947.824s][info][gc          ] GC(79) Pause Young (Allocation Failure) 176M->106M(249M) 1.941ms
[947.824s][info][gc,cpu      ] GC(79) User=0.00s Sys=0.00s Real=0.00s
[956.920s][info][gc,start    ] GC(80) Pause Young (Allocation Failure)
[956.922s][info][gc,heap     ] GC(80) PSYoungGen: 74112K(80384K)->352K(80384K) Eden: 73728K(73728K)->0K(73728K) From: 384K(6656K)->352K(6656K)
[956.922s][info][gc,heap     ] GC(80) ParOldGen: 108295K(175104K)->108615K(175104K)
[956.922s][info][gc,metaspace] GC(80) Metaspace: 5610K(5760K)->5610K(5760K) NonClass: 5100K(5184K)->5100K(5184K) Class: 509K(576K)->509K(576K)
[956.922s][info][gc          ] GC(80) Pause Young (Allocation Failure) 178M->106M(249M) 1.827ms
[956.922s][info][gc,cpu      ] GC(80) User=0.01s Sys=0.00s Real=0.01s
[965.610s][info][gc,start    ] GC(81) Pause Young (Allocation Failure)
[965.612s][info][gc,heap     ] GC(81) PSYoungGen: 74080K(80384K)->384K(81408K) Eden: 73728K(73728K)->0K(75264K) From: 352K(6656K)->384K(6144K)
[965.612s][info][gc,heap     ] GC(81) ParOldGen: 108615K(175104K)->108927K(175104K)
[965.612s][info][gc,metaspace] GC(81) Metaspace: 5610K(5760K)->5610K(5760K) NonClass: 5100K(5184K)->5100K(5184K) Class: 509K(576K)->509K(576K)
[965.612s][info][gc          ] GC(81) Pause Young (Allocation Failure) 178M->106M(250M) 1.770ms
[965.612s][info][gc,cpu      ] GC(81) User=0.01s Sys=0.00s Real=0.00s
[974.880s][info][gc,start    ] GC(82) Pause Young (Allocation Failure)
[974.882s][info][gc,heap     ] GC(82) PSYoungGen: 75648K(81408K)->384K(80896K) Eden: 75264K(75264K)->0K(75264K) From: 384K(6144K)->384K(5632K)
[974.882s][info][gc,heap     ] GC(82) ParOldGen: 108927K(175104K)->109239K(175104K)
[974.882s][info][gc,metaspace] GC(82) Metaspace: 5610K(5760K)->5610K(5760K) NonClass: 5100K(5184K)->5100K(5184K) Class: 509K(576K)->509K(576K)
[974.882s][info][gc          ] GC(82) Pause Young (Allocation Failure) 180M->107M(250M) 1.859ms
[974.882s][info][gc,cpu      ] GC(82) User=0.00s Sys=0.00s Real=0.01s
[986.751s][info][gc,start    ] GC(83) Pause Young (Allocation Failure)
[986.768s][info][gc,heap     ] GC(83) PSYoungGen: 75648K(80896K)->5621K(78336K) Eden: 75264K(75264K)->0K(72704K) From: 384K(5632K)->5621K(5632K)
[986.768s][info][gc,heap     ] GC(83) ParOldGen: 109239K(175104K)->114757K(175104K)
[986.768s][info][gc,metaspace] GC(83) Metaspace: 5613K(5760K)->5613K(5760K) NonClass: 5103K(5184K)->5103K(5184K) Class: 509K(576K)->509K(576K)
[986.768s][info][gc          ] GC(83) Pause Young (Allocation Failure) 180M->117M(247M) 17.419ms
[986.768s][info][gc,cpu      ] GC(83) User=0.03s Sys=0.00s Real=0.01s
[996.717s][info][gc,start    ] GC(84) Pause Young (Allocation Failure)
[996.730s][info][gc,heap     ] GC(84) PSYoungGen: 78325K(78336K)->64K(71680K) Eden: 72704K(72704K)->0K(71168K) From: 5621K(5632K)->64K(512K)
[996.731s][info][gc,heap     ] GC(84) ParOldGen: 114757K(175104K)->120276K(175104K)
[996.731s][info][gc,metaspace] GC(84) Metaspace: 5613K(5760K)->5613K(5760K) NonClass: 5103K(5184K)->5103K(5184K) Class: 509K(576K)->509K(576K)
[996.731s][info][gc          ] GC(84) Pause Young (Allocation Failure) 188M->117M(241M) 13.616ms
[996.731s][info][gc,cpu      ] GC(84) User=0.02s Sys=0.00s Real=0.02s
[1005.312s][info][gc,start    ] GC(85) Pause Young (Allocation Failure)
[1005.314s][info][gc,heap     ] GC(85) PSYoungGen: 71232K(71680K)->384K(77824K) Eden: 71168K(71168K)->0K(70656K) From: 64K(512K)->384K(7168K)
[1005.314s][info][gc,heap     ] GC(85) ParOldGen: 120276K(175104K)->120284K(175104K)
[1005.314s][info][gc,metaspace] GC(85) Metaspace: 5613K(5760K)->5613K(5760K) NonClass: 5103K(5184K)->5103K(5184K) Class: 509K(576K)->509K(576K)
[1005.314s][info][gc          ] GC(85) Pause Young (Allocation Failure) 187M->117M(247M) 1.760ms
[1005.314s][info][gc,cpu      ] GC(85) User=0.00s Sys=0.00s Real=0.00s
[1014.881s][info][gc,start    ] GC(86) Pause Young (Allocation Failure)
[1014.883s][info][gc,heap     ] GC(86) PSYoungGen: 71040K(77824K)->352K(78848K) Eden: 70656K(70656K)->0K(70656K) From: 384K(7168K)->352K(8192K)
[1014.883s][info][gc,heap     ] GC(86) ParOldGen: 120284K(175104K)->120636K(175104K)
[1014.883s][info][gc,metaspace] GC(86) Metaspace: 5613K(5760K)->5613K(5760K) NonClass: 5103K(5184K)->5103K(5184K) Class: 509K(576K)->509K(576K)
[1014.884s][info][gc          ] GC(86) Pause Young (Allocation Failure) 186M->118M(248M) 2.306ms
[1014.884s][info][gc,cpu      ] GC(86) User=0.00s Sys=0.01s Real=0.00s
[1024.767s][info][gc,start    ] GC(87) Pause Young (Allocation Failure)
[1024.769s][info][gc,heap     ] GC(87) PSYoungGen: 71008K(78848K)->352K(79872K) Eden: 70656K(70656K)->0K(72192K) From: 352K(8192K)->352K(7680K)
[1024.769s][info][gc,heap     ] GC(87) ParOldGen: 120636K(175104K)->120948K(175104K)
[1024.769s][info][gc,metaspace] GC(87) Metaspace: 5613K(5760K)->5613K(5760K) NonClass: 5103K(5184K)->5103K(5184K) Class: 509K(576K)->509K(576K)
[1024.770s][info][gc          ] GC(87) Pause Young (Allocation Failure) 187M->118M(249M) 2.181ms
[1024.770s][info][gc,cpu      ] GC(87) User=0.01s Sys=0.00s Real=0.00s
[1034.133s][info][gc,start    ] GC(88) Pause Young (Allocation Failure)
[1034.137s][info][gc,heap     ] GC(88) PSYoungGen: 72544K(79872K)->352K(79360K) Eden: 72192K(72192K)->0K(72192K) From: 352K(7680K)->352K(7168K)
[1034.137s][info][gc,heap     ] GC(88) ParOldGen: 120948K(175104K)->121260K(175104K)
[1034.137s][info][gc,metaspace] GC(88) Metaspace: 5613K(5760K)->5613K(5760K) NonClass: 5103K(5184K)->5103K(5184K) Class: 509K(576K)->509K(576K)
[1034.137s][info][gc          ] GC(88) Pause Young (Allocation Failure) 188M->118M(248M) 3.330ms
[1034.137s][info][gc,cpu      ] GC(88) User=0.00s Sys=0.00s Real=0.00s
[1043.153s][info][gc,start    ] GC(89) Pause Young (Allocation Failure)
[1043.155s][info][gc,heap     ] GC(89) PSYoungGen: 72544K(79360K)->352K(80384K) Eden: 72192K(72192K)->0K(73216K) From: 352K(7168K)->352K(7168K)
[1043.155s][info][gc,heap     ] GC(89) ParOldGen: 121260K(175104K)->121580K(175104K)
[1043.155s][info][gc,metaspace] GC(89) Metaspace: 5613K(5760K)->5613K(5760K) NonClass: 5103K(5184K)->5103K(5184K) Class: 509K(576K)->509K(576K)
[1043.155s][info][gc          ] GC(89) Pause Young (Allocation Failure) 189M->119M(249M) 1.902ms
[1043.155s][info][gc,cpu      ] GC(89) User=0.00s Sys=0.00s Real=0.00s
[1052.266s][info][gc,start    ] GC(90) Pause Young (Allocation Failure)
[1052.268s][info][gc,heap     ] GC(90) PSYoungGen: 73568K(80384K)->384K(79872K) Eden: 73216K(73216K)->0K(73216K) From: 352K(7168K)->384K(6656K)
[1052.268s][info][gc,heap     ] GC(90) ParOldGen: 121580K(175104K)->121908K(175104K)
[1052.268s][info][gc,metaspace] GC(90) Metaspace: 5613K(5760K)->5613K(5760K) NonClass: 5103K(5184K)->5103K(5184K) Class: 509K(576K)->509K(576K)
[1052.268s][info][gc          ] GC(90) Pause Young (Allocation Failure) 190M->119M(249M) 1.838ms
[1052.268s][info][gc,cpu      ] GC(90) User=0.01s Sys=0.00s Real=0.00s
[1060.625s][info][gc,start    ] GC(91) Pause Young (Allocation Failure)
[1060.627s][info][gc,heap     ] GC(91) PSYoungGen: 73600K(79872K)->384K(81408K) Eden: 73216K(73216K)->0K(75264K) From: 384K(6656K)->384K(6144K)
[1060.627s][info][gc,heap     ] GC(91) ParOldGen: 121908K(175104K)->122236K(175104K)
[1060.627s][info][gc,metaspace] GC(91) Metaspace: 5613K(5760K)->5613K(5760K) NonClass: 5103K(5184K)->5103K(5184K) Class: 509K(576K)->509K(576K)
[1060.627s][info][gc          ] GC(91) Pause Young (Allocation Failure) 190M->119M(250M) 1.944ms
[1060.627s][info][gc,cpu      ] GC(91) User=0.00s Sys=0.00s Real=0.00s
[1069.857s][info][gc,start    ] GC(92) Pause Young (Allocation Failure)
[1069.860s][info][gc,heap     ] GC(92) PSYoungGen: 75648K(81408K)->320K(80896K) Eden: 75264K(75264K)->0K(75264K) From: 384K(6144K)->320K(5632K)
[1069.860s][info][gc,heap     ] GC(92) ParOldGen: 122236K(175104K)->122548K(175104K)
[1069.860s][info][gc,metaspace] GC(92) Metaspace: 5613K(5760K)->5613K(5760K) NonClass: 5103K(5184K)->5103K(5184K) Class: 509K(576K)->509K(576K)
[1069.860s][info][gc          ] GC(92) Pause Young (Allocation Failure) 193M->119M(250M) 2.436ms
[1069.860s][info][gc,cpu      ] GC(92) User=0.00s Sys=0.00s Real=0.00s
[1079.181s][info][gc,start    ] GC(93) Pause Young (Allocation Failure)
[1079.183s][info][gc,heap     ] GC(93) PSYoungGen: 75584K(80896K)->384K(81920K) Eden: 75264K(75264K)->0K(76288K) From: 320K(5632K)->384K(5632K)
[1079.183s][info][gc,heap     ] GC(93) ParOldGen: 122548K(175104K)->122852K(175104K)
[1079.183s][info][gc,metaspace] GC(93) Metaspace: 5613K(5760K)->5613K(5760K) NonClass: 5103K(5184K)->5103K(5184K) Class: 509K(576K)->509K(576K)
[1079.183s][info][gc          ] GC(93) Pause Young (Allocation Failure) 193M->120M(251M) 2.768ms
[1079.183s][info][gc,cpu      ] GC(93) User=0.00s Sys=0.00s Real=0.00s
[1090.715s][info][gc,start    ] GC(94) Pause Young (Allocation Failure)
[1090.732s][info][gc,heap     ] GC(94) PSYoungGen: 76672K(81920K)->5106K(79360K) Eden: 76288K(76288K)->0K(74240K) From: 384K(5632K)->5106K(5120K)
[1090.732s][info][gc,heap     ] GC(94) ParOldGen: 122852K(175104K)->128920K(175104K)
[1090.732s][info][gc,metaspace] GC(94) Metaspace: 5620K(5760K)->5620K(5760K) NonClass: 5110K(5184K)->5110K(5184K) Class: 509K(576K)->509K(576K)
[1090.732s][info][gc          ] GC(94) Pause Young (Allocation Failure) 194M->130M(248M) 17.342ms
[1090.733s][info][gc,cpu      ] GC(94) User=0.03s Sys=0.01s Real=0.02s
[1101.627s][info][gc,start    ] GC(95) Pause Young (Allocation Failure)
[1101.637s][info][gc,heap     ] GC(95) PSYoungGen: 79346K(79360K)->64K(78848K) Eden: 74240K(74240K)->0K(72704K) From: 5106K(5120K)->64K(6144K)
[1101.637s][info][gc,heap     ] GC(95) ParOldGen: 128920K(175104K)->133932K(175104K)
[1101.637s][info][gc,metaspace] GC(95) Metaspace: 5620K(5760K)->5620K(5760K) NonClass: 5110K(5184K)->5110K(5184K) Class: 509K(576K)->509K(576K)
[1101.637s][info][gc          ] GC(95) Pause Young (Allocation Failure) 203M->130M(248M) 10.573ms
[1101.637s][info][gc,cpu      ] GC(95) User=0.01s Sys=0.01s Real=0.01s
[1110.544s][info][gc,start    ] GC(96) Pause Young (Allocation Failure)
[1110.545s][info][gc,heap     ] GC(96) PSYoungGen: 72768K(78848K)->448K(73216K) Eden: 72704K(72704K)->0K(72704K) From: 64K(6144K)->448K(512K)
[1110.545s][info][gc,heap     ] GC(96) ParOldGen: 133932K(175104K)->133940K(175104K)
[1110.545s][info][gc,metaspace] GC(96) Metaspace: 5620K(5760K)->5620K(5760K) NonClass: 5110K(5184K)->5110K(5184K) Class: 509K(576K)->509K(576K)
[1110.545s][info][gc          ] GC(96) Pause Young (Allocation Failure) 201M->131M(242M) 1.703ms
[1110.545s][info][gc,cpu      ] GC(96) User=0.01s Sys=0.00s Real=0.00s
[1119.457s][info][gc,start    ] GC(97) Pause Young (Allocation Failure)
[1119.459s][info][gc,heap     ] GC(97) PSYoungGen: 73152K(73216K)->352K(79360K) Eden: 72704K(72704K)->0K(71680K) From: 448K(512K)->352K(7680K)
[1119.459s][info][gc,heap     ] GC(97) ParOldGen: 133940K(175104K)->134316K(175104K)
[1119.459s][info][gc,metaspace] GC(97) Metaspace: 5620K(5760K)->5620K(5760K) NonClass: 5110K(5184K)->5110K(5184K) Class: 509K(576K)->509K(576K)
[1119.459s][info][gc          ] GC(97) Pause Young (Allocation Failure) 202M->131M(248M) 2.149ms
[1119.459s][info][gc,cpu      ] GC(97) User=0.00s Sys=0.00s Real=0.00s
[1128.070s][info][gc,start    ] GC(98) Pause Young (Allocation Failure)
[1128.072s][info][gc,heap     ] GC(98) PSYoungGen: 72032K(79360K)->352K(79360K) Eden: 71680K(71680K)->0K(71680K) From: 352K(7680K)->352K(7680K)
[1128.072s][info][gc,heap     ] GC(98) ParOldGen: 134316K(175104K)->134636K(175104K)
[1128.072s][info][gc,metaspace] GC(98) Metaspace: 5620K(5760K)->5620K(5760K) NonClass: 5110K(5184K)->5110K(5184K) Class: 509K(576K)->509K(576K)
[1128.072s][info][gc          ] GC(98) Pause Young (Allocation Failure) 201M->131M(248M) 1.984ms
[1128.072s][info][gc,cpu      ] GC(98) User=0.01s Sys=0.00s Real=0.01s
[1136.818s][info][gc,start    ] GC(99) Pause Young (Allocation Failure)
[1136.820s][info][gc,heap     ] GC(99) PSYoungGen: 72032K(79360K)->384K(80384K) Eden: 71680K(71680K)->0K(73216K) From: 352K(7680K)->384K(7168K)
[1136.820s][info][gc,heap     ] GC(99) ParOldGen: 134636K(175104K)->134956K(175104K)
[1136.820s][info][gc,metaspace] GC(99) Metaspace: 5620K(5760K)->5620K(5760K) NonClass: 5110K(5184K)->5110K(5184K) Class: 509K(576K)->509K(576K)
[1136.820s][info][gc          ] GC(99) Pause Young (Allocation Failure) 201M->132M(249M) 1.928ms
[1136.820s][info][gc,cpu      ] GC(99) User=0.00s Sys=0.00s Real=0.00s
[1145.657s][info][gc,start    ] GC(100) Pause Young (Allocation Failure)
[1145.659s][info][gc,heap     ] GC(100) PSYoungGen: 73600K(80384K)->384K(79872K) Eden: 73216K(73216K)->0K(73216K) From: 384K(7168K)->384K(6656K)
[1145.659s][info][gc,heap     ] GC(100) ParOldGen: 134956K(175104K)->135276K(175104K)
[1145.659s][info][gc,metaspace] GC(100) Metaspace: 5620K(5760K)->5620K(5760K) NonClass: 5110K(5184K)->5110K(5184K) Class: 509K(576K)->509K(576K)
[1145.659s][info][gc          ] GC(100) Pause Young (Allocation Failure) 203M->132M(249M) 1.987ms
[1145.659s][info][gc,cpu      ] GC(100) User=0.00s Sys=0.00s Real=0.00s
[1154.698s][info][gc,start    ] GC(101) Pause Young (Allocation Failure)
[1154.700s][info][gc,heap     ] GC(101) PSYoungGen: 73600K(79872K)->352K(80896K) Eden: 73216K(73216K)->0K(74752K) From: 384K(6656K)->352K(6144K)
[1154.700s][info][gc,heap     ] GC(101) ParOldGen: 135276K(175104K)->135604K(175104K)
[1154.700s][info][gc,metaspace] GC(101) Metaspace: 5620K(5760K)->5620K(5760K) NonClass: 5110K(5184K)->5110K(5184K) Class: 509K(576K)->509K(576K)
[1154.700s][info][gc          ] GC(101) Pause Young (Allocation Failure) 203M->132M(250M) 1.885ms
[1154.700s][info][gc,cpu      ] GC(101) User=0.00s Sys=0.00s Real=0.00s
[1163.168s][info][gc,start    ] GC(102) Pause Young (Allocation Failure)
[1163.170s][info][gc,heap     ] GC(102) PSYoungGen: 75104K(80896K)->384K(80896K) Eden: 74752K(74752K)->0K(74752K) From: 352K(6144K)->384K(6144K)
[1163.170s][info][gc,heap     ] GC(102) ParOldGen: 135604K(175104K)->135924K(175104K)
[1163.170s][info][gc,metaspace] GC(102) Metaspace: 5620K(5760K)->5620K(5760K) NonClass: 5110K(5184K)->5110K(5184K) Class: 509K(576K)->509K(576K)
[1163.170s][info][gc          ] GC(102) Pause Young (Allocation Failure) 205M->133M(250M) 1.868ms
[1163.170s][info][gc,cpu      ] GC(102) User=0.00s Sys=0.01s Real=0.00s
[1171.276s][info][gc,start    ] GC(103) Pause Young (Allocation Failure)
[1171.280s][info][gc,heap     ] GC(103) PSYoungGen: 75136K(80896K)->384K(81920K) Eden: 74752K(74752K)->0K(76288K) From: 384K(6144K)->384K(5632K)
[1171.280s][info][gc,heap     ] GC(103) ParOldGen: 135924K(175104K)->136260K(175104K)
[1171.280s][info][gc,metaspace] GC(103) Metaspace: 5620K(5760K)->5620K(5760K) NonClass: 5110K(5184K)->5110K(5184K) Class: 509K(576K)->509K(576K)
[1171.280s][info][gc          ] GC(103) Pause Young (Allocation Failure) 206M->133M(251M) 3.404ms
[1171.280s][info][gc,cpu      ] GC(103) User=0.00s Sys=0.00s Real=0.00s
[1179.544s][info][gc,start    ] GC(104) Pause Young (Allocation Failure)
[1179.547s][info][gc,heap     ] GC(104) PSYoungGen: 76672K(81920K)->352K(81408K) Eden: 76288K(76288K)->0K(76288K) From: 384K(5632K)->352K(5120K)
[1179.547s][info][gc,heap     ] GC(104) ParOldGen: 136260K(175104K)->136596K(175104K)
[1179.547s][info][gc,metaspace] GC(104) Metaspace: 5620K(5760K)->5620K(5760K) NonClass: 5110K(5184K)->5110K(5184K) Class: 509K(576K)->509K(576K)
[1179.547s][info][gc          ] GC(104) Pause Young (Allocation Failure) 207M->133M(250M) 3.354ms
[1179.547s][info][gc,cpu      ] GC(104) User=0.00s Sys=0.00s Real=0.00s
[1190.139s][info][gc,start    ] GC(105) Pause Young (Allocation Failure)
[1190.167s][info][gc,heap     ] GC(105) PSYoungGen: 76640K(81408K)->5090K(78336K) Eden: 76288K(76288K)->0K(73216K) From: 352K(5120K)->5090K(5120K)
[1190.167s][info][gc,heap     ] GC(105) ParOldGen: 136596K(175104K)->142697K(175104K)
[1190.167s][info][gc,metaspace] GC(105) Metaspace: 5624K(5824K)->5624K(5824K) NonClass: 5114K(5248K)->5114K(5248K) Class: 509K(576K)->509K(576K)
[1190.167s][info][gc          ] GC(105) Pause Young (Allocation Failure) 208M->144M(247M) 28.508ms
[1190.167s][info][gc,cpu      ] GC(105) User=0.03s Sys=0.01s Real=0.03s
[1200.344s][info][gc,start    ] GC(106) Pause Young (Allocation Failure)
[1200.353s][info][gc,heap     ] GC(106) PSYoungGen: 78306K(78336K)->64K(72192K) Eden: 73216K(73216K)->0K(71680K) From: 5090K(5120K)->64K(512K)
[1200.353s][info][gc,heap     ] GC(106) ParOldGen: 142697K(175104K)->147720K(175104K)
[1200.353s][info][gc,metaspace] GC(106) Metaspace: 5624K(5824K)->5624K(5824K) NonClass: 5114K(5248K)->5114K(5248K) Class: 509K(576K)->509K(576K)
[1200.353s][info][gc          ] GC(106) Pause Young (Allocation Failure) 215M->144M(241M) 9.894ms
[1200.353s][info][gc,cpu      ] GC(106) User=0.01s Sys=0.01s Real=0.01s
[1208.429s][info][gc,start    ] GC(107) Pause Young (Allocation Failure)
[1208.431s][info][gc,heap     ] GC(107) PSYoungGen: 71744K(72192K)->416K(78848K) Eden: 71680K(71680K)->0K(71680K) From: 64K(512K)->416K(7168K)
[1208.431s][info][gc,heap     ] GC(107) ParOldGen: 147720K(175104K)->147728K(175104K)
[1208.431s][info][gc,metaspace] GC(107) Metaspace: 5624K(5824K)->5624K(5824K) NonClass: 5114K(5248K)->5114K(5248K) Class: 509K(576K)->509K(576K)
[1208.431s][info][gc          ] GC(107) Pause Young (Allocation Failure) 214M->144M(248M) 1.533ms
[1208.431s][info][gc,cpu      ] GC(107) User=0.00s Sys=0.00s Real=0.01s
[1216.382s][info][gc,start    ] GC(108) Pause Young (Allocation Failure)
[1216.384s][info][gc,heap     ] GC(108) PSYoungGen: 72096K(78848K)->352K(79360K) Eden: 71680K(71680K)->0K(71680K) From: 416K(7168K)->352K(7680K)
[1216.384s][info][gc,heap     ] GC(108) ParOldGen: 147728K(175104K)->148112K(175104K)
[1216.384s][info][gc,metaspace] GC(108) Metaspace: 5624K(5824K)->5624K(5824K) NonClass: 5114K(5248K)->5114K(5248K) Class: 509K(576K)->509K(576K)
[1216.384s][info][gc          ] GC(108) Pause Young (Allocation Failure) 214M->144M(248M) 2.330ms
[1216.384s][info][gc,cpu      ] GC(108) User=0.00s Sys=0.00s Real=0.00s
[1225.104s][info][gc,start    ] GC(109) Pause Young (Allocation Failure)
[1225.106s][info][gc,heap     ] GC(109) PSYoungGen: 72032K(79360K)->352K(79872K) Eden: 71680K(71680K)->0K(72704K) From: 352K(7680K)->352K(7168K)
[1225.106s][info][gc,heap     ] GC(109) ParOldGen: 148112K(175104K)->148432K(175104K)
[1225.106s][info][gc,metaspace] GC(109) Metaspace: 5624K(5824K)->5624K(5824K) NonClass: 5114K(5248K)->5114K(5248K) Class: 509K(576K)->509K(576K)
[1225.106s][info][gc          ] GC(109) Pause Young (Allocation Failure) 214M->145M(249M) 2.110ms
[1225.106s][info][gc,cpu      ] GC(109) User=0.00s Sys=0.00s Real=0.00s
[1233.272s][info][gc,start    ] GC(110) Pause Young (Allocation Failure)
[1233.276s][info][gc,heap     ] GC(110) PSYoungGen: 73056K(79872K)->352K(79872K) Eden: 72704K(72704K)->0K(72704K) From: 352K(7168K)->352K(7168K)
[1233.276s][info][gc,heap     ] GC(110) ParOldGen: 148432K(175104K)->148760K(175104K)
[1233.276s][info][gc,metaspace] GC(110) Metaspace: 5624K(5824K)->5624K(5824K) NonClass: 5114K(5248K)->5114K(5248K) Class: 509K(576K)->509K(576K)
[1233.276s][info][gc          ] GC(110) Pause Young (Allocation Failure) 216M->145M(249M) 4.627ms
[1233.276s][info][gc,cpu      ] GC(110) User=0.00s Sys=0.00s Real=0.00s
[1241.610s][info][gc,start    ] GC(111) Pause Young (Allocation Failure)
[1241.614s][info][gc,heap     ] GC(111) PSYoungGen: 73056K(79872K)->352K(80896K) Eden: 72704K(72704K)->0K(74240K) From: 352K(7168K)->352K(6656K)
[1241.614s][info][gc,heap     ] GC(111) ParOldGen: 148760K(175104K)->149080K(175104K)
[1241.614s][info][gc,metaspace] GC(111) Metaspace: 5624K(5824K)->5624K(5824K) NonClass: 5114K(5248K)->5114K(5248K) Class: 509K(576K)->509K(576K)
[1241.614s][info][gc          ] GC(111) Pause Young (Allocation Failure) 216M->145M(250M) 3.844ms
[1241.614s][info][gc,cpu      ] GC(111) User=0.01s Sys=0.00s Real=0.01s
[1250.485s][info][gc,start    ] GC(112) Pause Young (Allocation Failure)
[1250.487s][info][gc,heap     ] GC(112) PSYoungGen: 74592K(80896K)->384K(80384K) Eden: 74240K(74240K)->0K(74240K) From: 352K(6656K)->384K(6144K)
[1250.487s][info][gc,heap     ] GC(112) ParOldGen: 149080K(175104K)->149424K(175104K)
[1250.487s][info][gc,metaspace] GC(112) Metaspace: 5624K(5824K)->5624K(5824K) NonClass: 5114K(5248K)->5114K(5248K) Class: 509K(576K)->509K(576K)
[1250.487s][info][gc          ] GC(112) Pause Young (Allocation Failure) 218M->146M(249M) 2.176ms
[1250.487s][info][gc,cpu      ] GC(112) User=0.01s Sys=0.00s Real=0.00s
[1259.167s][info][gc,start    ] GC(113) Pause Young (Allocation Failure)
[1259.168s][info][gc,heap     ] GC(113) PSYoungGen: 74624K(80384K)->352K(81408K) Eden: 74240K(74240K)->0K(75264K) From: 384K(6144K)->352K(6144K)
[1259.168s][info][gc,heap     ] GC(113) ParOldGen: 149424K(175104K)->149752K(175104K)
[1259.168s][info][gc,metaspace] GC(113) Metaspace: 5624K(5824K)->5624K(5824K) NonClass: 5114K(5248K)->5114K(5248K) Class: 509K(576K)->509K(576K)
[1259.168s][info][gc          ] GC(113) Pause Young (Allocation Failure) 218M->146M(250M) 1.875ms
[1259.168s][info][gc,cpu      ] GC(113) User=0.01s Sys=0.00s Real=0.00s
[1267.969s][info][gc,start    ] GC(114) Pause Young (Allocation Failure)
[1267.971s][info][gc,heap     ] GC(114) PSYoungGen: 75616K(81408K)->384K(80896K) Eden: 75264K(75264K)->0K(75264K) From: 352K(6144K)->384K(5632K)
[1267.971s][info][gc,heap     ] GC(114) ParOldGen: 149752K(175104K)->150080K(175104K)
[1267.971s][info][gc,metaspace] GC(114) Metaspace: 5624K(5824K)->5624K(5824K) NonClass: 5114K(5248K)->5114K(5248K) Class: 509K(576K)->509K(576K)
[1267.971s][info][gc          ] GC(114) Pause Young (Allocation Failure) 220M->146M(250M) 1.881ms
[1267.971s][info][gc,cpu      ] GC(114) User=0.01s Sys=0.00s Real=0.01s
[1277.000s][info][gc,start    ] GC(115) Pause Young (Allocation Failure)
[1277.003s][info][gc,heap     ] GC(115) PSYoungGen: 75648K(80896K)->384K(81920K) Eden: 75264K(75264K)->0K(76800K) From: 384K(5632K)->384K(5120K)
[1277.003s][info][gc,heap     ] GC(115) ParOldGen: 150080K(175104K)->150400K(175104K)
[1277.003s][info][gc,metaspace] GC(115) Metaspace: 5624K(5824K)->5624K(5824K) NonClass: 5114K(5248K)->5114K(5248K) Class: 509K(576K)->509K(576K)
[1277.003s][info][gc          ] GC(115) Pause Young (Allocation Failure) 220M->147M(251M) 3.620ms
[1277.003s][info][gc,cpu      ] GC(115) User=0.00s Sys=0.01s Real=0.01s
[1281.645s][info][gc,heap,exit] Heap
[1281.645s][info][gc,heap,exit]  PSYoungGen      total 81920K, used 41787K [0x00000000eba00000, 0x00000000f0f00000, 0x0000000100000000)
[1281.645s][info][gc,heap,exit]   eden space 76800K, 53% used [0x00000000eba00000,0x00000000ee26ec18,0x00000000f0500000)
[1281.645s][info][gc,heap,exit]   from space 5120K, 7% used [0x00000000f0a00000,0x00000000f0a60000,0x00000000f0f00000)
[1281.645s][info][gc,heap,exit]   to   space 5120K, 0% used [0x00000000f0500000,0x00000000f0500000,0x00000000f0a00000)
[1281.645s][info][gc,heap,exit]  ParOldGen       total 175104K, used 150400K [0x00000000c2e00000, 0x00000000cd900000, 0x00000000eba00000)
[1281.645s][info][gc,heap,exit]   object space 175104K, 85% used [0x00000000c2e00000,0x00000000cc0e0048,0x00000000cd900000)
[1281.645s][info][gc,heap,exit]  Metaspace       used 5703K, committed 5888K, reserved 1114112K
[1281.645s][info][gc,heap,exit]   class space    used 517K, committed 576K, reserved 1048576K
