[0.003s][info][metaspace]  - commit_granule_bytes: 65536.
[0.003s][info][metaspace]  - commit_granule_words: 8192.
[0.003s][info][metaspace]  - virtual_space_node_default_size: 8388608.
[0.003s][info][metaspace]  - enlarge_chunks_in_place: 1.
[0.005s][info][gc,init  ] CardTable entry size: 512
[0.005s][info][gc       ] Using Parallel
[0.006s][info][gc,init  ] Version: 24-internal-adhoc.root.jdk (release)
[0.006s][info][gc,init  ] CPUs: 2 total, 2 available
[0.006s][info][gc,init  ] Memory: 3908M
[0.006s][info][gc,init  ] Large Page Support: Disabled
[0.006s][info][gc,init  ] NUMA Support: Disabled
[0.006s][info][gc,init  ] Compressed Oops: Enabled (32-bit)
[0.006s][info][gc,init  ] Alignments: Space 512K, Generation 512K, Heap 2M
[0.006s][info][gc,init  ] Heap Min Capacity: 256M
[0.006s][info][gc,init  ] Heap Initial Capacity: 256M
[0.006s][info][gc,init  ] Heap Max Capacity: 978M
[0.006s][info][gc,init  ] Pre-touch: Disabled
[0.006s][info][gc,init  ] Parallel Workers: 2
[0.025s][info][gc,metaspace] CDS archive(s) mapped at: [0x00007f6715000000-0x00007f6715dc0000-0x00007f6715dc0000), size 14417920, SharedBaseAddress: 0x00007f6715000000, ArchiveRelocationMode: 1.
[0.025s][info][gc,metaspace] Compressed class space mapped at: 0x00007f6716000000-0x00007f6756000000, reserved size: 1073741824
[0.025s][info][gc,metaspace] UseCompressedClassPointers 1, UseCompactObjectHeaders 0
[0.025s][info][gc,metaspace] Narrow klass pointer bits 32, Max shift 3
[0.025s][info][gc,metaspace] Narrow klass base: 0x00007f6715000000, Narrow klass shift: 0
[0.025s][info][gc,metaspace] Encoding Range: [0x00007f6715000000 - 0x00007f6815000000), (4294967296 bytes)
[0.025s][info][gc,metaspace] Klass Range:    [0x00007f6715000000 - 0x00007f6756000000), (1090519040 bytes)
[0.025s][info][gc,metaspace] Klass ID Range:  [8 - 1090519033) (1090519025)
[0.755s][info][gc,start    ] GC(0) Pause Young (Allocation Failure)
[0.775s][info][gc,heap     ] GC(0) PSYoungGen: 65536K(76288K)->10229K(76288K) Eden: 65536K(65536K)->0K(65536K) From: 0K(10752K)->10229K(10752K)
[0.775s][info][gc,heap     ] GC(0) ParOldGen: 1157K(175104K)->1165K(175104K)
[0.775s][info][gc,metaspace] GC(0) Metaspace: 4842K(4992K)->4842K(4992K) NonClass: 4345K(4416K)->4345K(4416K) Class: 497K(576K)->497K(576K)
[0.775s][info][gc          ] GC(0) Pause Young (Allocation Failure) 65M->11M(245M) 19.815ms
[0.775s][info][gc,cpu      ] GC(0) User=0.04s Sys=0.01s Real=0.02s
[12.591s][info][gc,start    ] GC(1) Pause Young (Allocation Failure)
[12.621s][info][gc,heap     ] GC(1) PSYoungGen: 75765K(76288K)->10742K(141824K) Eden: 65536K(65536K)->0K(131072K) From: 10229K(10752K)->10742K(10752K)
[12.621s][info][gc,heap     ] GC(1) ParOldGen: 1165K(175104K)->3659K(175104K)
[12.621s][info][gc,metaspace] GC(1) Metaspace: 5228K(5376K)->5228K(5376K) NonClass: 4730K(4800K)->4730K(4800K) Class: 498K(576K)->498K(576K)
[12.621s][info][gc          ] GC(1) Pause Young (Allocation Failure) 75M->14M(309M) 29.975ms
[12.621s][info][gc,cpu      ] GC(1) User=0.04s Sys=0.01s Real=0.03s
[30.781s][info][gc,start    ] GC(2) Pause Young (Allocation Failure)
[30.802s][info][gc,heap     ] GC(2) PSYoungGen: 141814K(141824K)->10675K(141824K) Eden: 131072K(131072K)->0K(131072K) From: 10742K(10752K)->10675K(10752K)
[30.802s][info][gc,heap     ] GC(2) ParOldGen: 3659K(175104K)->3667K(175104K)
[30.802s][info][gc,metaspace] GC(2) Metaspace: 5237K(5376K)->5237K(5376K) NonClass: 4738K(4800K)->4738K(4800K) Class: 498K(576K)->498K(576K)
[30.802s][info][gc          ] GC(2) Pause Young (Allocation Failure) 142M->14M(309M) 21.886ms
[30.802s][info][gc,cpu      ] GC(2) User=0.03s Sys=0.01s Real=0.02s
[45.878s][info][gc,start    ] GC(3) Pause Young (Allocation Failure)
[45.896s][info][gc,heap     ] GC(3) PSYoungGen: 141747K(141824K)->10675K(141824K) Eden: 131072K(131072K)->0K(131072K) From: 10675K(10752K)->10675K(10752K)
[45.896s][info][gc,heap     ] GC(3) ParOldGen: 3667K(175104K)->3667K(175104K)
[45.896s][info][gc,metaspace] GC(3) Metaspace: 5238K(5376K)->5238K(5376K) NonClass: 4739K(4800K)->4739K(4800K) Class: 498K(576K)->498K(576K)
[45.896s][info][gc          ] GC(3) Pause Young (Allocation Failure) 142M->14M(309M) 17.528ms
[45.896s][info][gc,cpu      ] GC(3) User=0.04s Sys=0.00s Real=0.01s
[62.042s][info][gc,start    ] GC(4) Pause Young (Allocation Failure)
[62.060s][info][gc,heap     ] GC(4) PSYoungGen: 141747K(141824K)->10675K(137728K) Eden: 131072K(131072K)->0K(126976K) From: 10675K(10752K)->10675K(10752K)
[62.060s][info][gc,heap     ] GC(4) ParOldGen: 3667K(175104K)->3667K(175104K)
[62.060s][info][gc,metaspace] GC(4) Metaspace: 5238K(5376K)->5238K(5376K) NonClass: 4739K(4800K)->4739K(4800K) Class: 498K(576K)->498K(576K)
[62.060s][info][gc          ] GC(4) Pause Young (Allocation Failure) 142M->14M(305M) 17.393ms
[62.060s][info][gc,cpu      ] GC(4) User=0.04s Sys=0.00s Real=0.02s
[77.084s][info][gc,start    ] GC(5) Pause Young (Allocation Failure)
[77.101s][info][gc,heap     ] GC(5) PSYoungGen: 137651K(137728K)->10659K(133632K) Eden: 126976K(126976K)->0K(122880K) From: 10675K(10752K)->10659K(10752K)
[77.101s][info][gc,heap     ] GC(5) ParOldGen: 3667K(175104K)->3667K(175104K)
[77.101s][info][gc,metaspace] GC(5) Metaspace: 5238K(5376K)->5238K(5376K) NonClass: 4739K(4800K)->4739K(4800K) Class: 498K(576K)->498K(576K)
[77.101s][info][gc          ] GC(5) Pause Young (Allocation Failure) 138M->13M(301M) 17.135ms
[77.101s][info][gc,cpu      ] GC(5) User=0.03s Sys=0.00s Real=0.02s
[92.597s][info][gc,start    ] GC(6) Pause Young (Allocation Failure)
[92.619s][info][gc,heap     ] GC(6) PSYoungGen: 133539K(133632K)->64K(119808K) Eden: 122880K(122880K)->0K(119296K) From: 10659K(10752K)->64K(512K)
[92.619s][info][gc,heap     ] GC(6) ParOldGen: 3667K(175104K)->14126K(175104K)
[92.619s][info][gc,metaspace] GC(6) Metaspace: 5239K(5376K)->5239K(5376K) NonClass: 4740K(4800K)->4740K(4800K) Class: 498K(576K)->498K(576K)
[92.619s][info][gc          ] GC(6) Pause Young (Allocation Failure) 133M->13M(288M) 21.913ms
[92.619s][info][gc,cpu      ] GC(6) User=0.03s Sys=0.01s Real=0.03s
[109.015s][info][gc,start    ] GC(7) Pause Young (Allocation Failure)
[109.017s][info][gc,heap     ] GC(7) PSYoungGen: 119360K(119808K)->512K(129536K) Eden: 119296K(119296K)->0K(115712K) From: 64K(512K)->512K(13824K)
[109.017s][info][gc,heap     ] GC(7) ParOldGen: 14126K(175104K)->14142K(175104K)
[109.017s][info][gc,metaspace] GC(7) Metaspace: 5239K(5376K)->5239K(5376K) NonClass: 4740K(4800K)->4740K(4800K) Class: 498K(576K)->498K(576K)
[109.017s][info][gc          ] GC(7) Pause Young (Allocation Failure) 130M->14M(297M) 1.769ms
[109.017s][info][gc,cpu      ] GC(7) User=0.00s Sys=0.00s Real=0.00s
[125.104s][info][gc,start    ] GC(8) Pause Young (Allocation Failure)
[125.121s][info][gc,heap     ] GC(8) PSYoungGen: 116224K(129536K)->11970K(124416K) Eden: 115712K(115712K)->0K(112128K) From: 512K(13824K)->11970K(12288K)
[125.121s][info][gc,heap     ] GC(8) ParOldGen: 14142K(175104K)->14150K(175104K)
[125.121s][info][gc,metaspace] GC(8) Metaspace: 5432K(5632K)->5432K(5632K) NonClass: 4923K(5056K)->4923K(5056K) Class: 508K(576K)->508K(576K)
[125.121s][info][gc          ] GC(8) Pause Young (Allocation Failure) 127M->25M(292M) 17.001ms
[125.121s][info][gc,cpu      ] GC(8) User=0.03s Sys=0.00s Real=0.02s
[141.982s][info][gc,start    ] GC(9) Pause Young (Allocation Failure)
[141.998s][info][gc,heap     ] GC(9) PSYoungGen: 124098K(124416K)->11441K(122880K) Eden: 112128K(112128K)->0K(109056K) From: 11970K(12288K)->11441K(13824K)
[141.998s][info][gc,heap     ] GC(9) ParOldGen: 14150K(175104K)->14630K(175104K)
[141.999s][info][gc,metaspace] GC(9) Metaspace: 5434K(5632K)->5434K(5632K) NonClass: 4925K(5056K)->4925K(5056K) Class: 508K(576K)->508K(576K)
[141.999s][info][gc          ] GC(9) Pause Young (Allocation Failure) 135M->25M(291M) 16.401ms
[141.999s][info][gc,cpu      ] GC(9) User=0.03s Sys=0.00s Real=0.02s
[155.369s][info][gc,start    ] GC(10) Pause Young (Allocation Failure)
[155.388s][info][gc,heap     ] GC(10) PSYoungGen: 120497K(122880K)->64K(106496K) Eden: 109056K(109056K)->0K(105984K) From: 11441K(13824K)->64K(512K)
[155.388s][info][gc,heap     ] GC(10) ParOldGen: 14630K(175104K)->25810K(175104K)
[155.388s][info][gc,metaspace] GC(10) Metaspace: 5435K(5632K)->5435K(5632K) NonClass: 4926K(5056K)->4926K(5056K) Class: 508K(576K)->508K(576K)
[155.388s][info][gc          ] GC(10) Pause Young (Allocation Failure) 131M->25M(275M) 19.037ms
[155.388s][info][gc,cpu      ] GC(10) User=0.03s Sys=0.01s Real=0.02s
[169.126s][info][gc,start    ] GC(11) Pause Young (Allocation Failure)
[169.128s][info][gc,heap     ] GC(11) PSYoungGen: 106048K(106496K)->512K(118784K) Eden: 105984K(105984K)->0K(102912K) From: 64K(512K)->512K(15872K)
[169.128s][info][gc,heap     ] GC(11) ParOldGen: 25810K(175104K)->25818K(175104K)
[169.128s][info][gc,metaspace] GC(11) Metaspace: 5435K(5632K)->5435K(5632K) NonClass: 4926K(5056K)->4926K(5056K) Class: 508K(576K)->508K(576K)
[169.128s][info][gc          ] GC(11) Pause Young (Allocation Failure) 128M->25M(287M) 1.700ms
[169.128s][info][gc,cpu      ] GC(11) User=0.00s Sys=0.00s Real=0.01s
[182.891s][info][gc,start    ] GC(12) Pause Young (Allocation Failure)
[182.894s][info][gc,heap     ] GC(12) PSYoungGen: 103424K(118784K)->448K(100352K) Eden: 102912K(102912K)->0K(99840K) From: 512K(15872K)->448K(512K)
[182.894s][info][gc,heap     ] GC(12) ParOldGen: 25818K(175104K)->26258K(175104K)
[182.894s][info][gc,metaspace] GC(12) Metaspace: 5435K(5632K)->5435K(5632K) NonClass: 4926K(5056K)->4926K(5056K) Class: 508K(576K)->508K(576K)
[182.894s][info][gc          ] GC(12) Pause Young (Allocation Failure) 126M->26M(269M) 2.420ms
[182.894s][info][gc,cpu      ] GC(12) User=0.00s Sys=0.00s Real=0.00s
[195.603s][info][gc,start    ] GC(13) Pause Young (Allocation Failure)
[195.606s][info][gc,heap     ] GC(13) PSYoungGen: 100288K(100352K)->416K(113152K) Eden: 99840K(99840K)->0K(97280K) From: 448K(512K)->416K(15872K)
[195.606s][info][gc,heap     ] GC(13) ParOldGen: 26258K(175104K)->26674K(175104K)
[195.606s][info][gc,metaspace] GC(13) Metaspace: 5435K(5632K)->5435K(5632K) NonClass: 4926K(5056K)->4926K(5056K) Class: 508K(576K)->508K(576K)
[195.606s][info][gc          ] GC(13) Pause Young (Allocation Failure) 123M->26M(281M) 3.183ms
[195.606s][info][gc,cpu      ] GC(13) User=0.01s Sys=0.00s Real=0.00s
[208.413s][info][gc,start    ] GC(14) Pause Young (Allocation Failure)
[208.416s][info][gc,heap     ] GC(14) PSYoungGen: 97696K(113152K)->448K(95232K) Eden: 97280K(97280K)->0K(94720K) From: 416K(15872K)->448K(512K)
[208.416s][info][gc,heap     ] GC(14) ParOldGen: 26674K(175104K)->27090K(175104K)
[208.416s][info][gc,metaspace] GC(14) Metaspace: 5435K(5632K)->5435K(5632K) NonClass: 4926K(5056K)->4926K(5056K) Class: 508K(576K)->508K(576K)
[208.416s][info][gc          ] GC(14) Pause Young (Allocation Failure) 121M->26M(264M) 3.201ms
[208.416s][info][gc,cpu      ] GC(14) User=0.00s Sys=0.00s Real=0.00s
[219.503s][info][gc,start    ] GC(15) Pause Young (Allocation Failure)
[219.506s][info][gc,heap     ] GC(15) PSYoungGen: 95168K(95232K)->384K(107520K) Eden: 94720K(94720K)->0K(92160K) From: 448K(512K)->384K(15360K)
[219.506s][info][gc,heap     ] GC(15) ParOldGen: 27090K(175104K)->27482K(175104K)
[219.506s][info][gc,metaspace] GC(15) Metaspace: 5435K(5632K)->5435K(5632K) NonClass: 4926K(5056K)->4926K(5056K) Class: 508K(576K)->508K(576K)
[219.506s][info][gc          ] GC(15) Pause Young (Allocation Failure) 119M->27M(276M) 2.900ms
[219.506s][info][gc,cpu      ] GC(15) User=0.00s Sys=0.00s Real=0.00s
[231.201s][info][gc,start    ] GC(16) Pause Young (Allocation Failure)
[231.203s][info][gc,heap     ] GC(16) PSYoungGen: 92544K(107520K)->448K(90112K) Eden: 92160K(92160K)->0K(89600K) From: 384K(15360K)->448K(512K)
[231.203s][info][gc,heap     ] GC(16) ParOldGen: 27482K(175104K)->27834K(175104K)
[231.203s][info][gc,metaspace] GC(16) Metaspace: 5435K(5632K)->5435K(5632K) NonClass: 4926K(5056K)->4926K(5056K) Class: 508K(576K)->508K(576K)
[231.203s][info][gc          ] GC(16) Pause Young (Allocation Failure) 117M->27M(259M) 2.387ms
[231.203s][info][gc,cpu      ] GC(16) User=0.00s Sys=0.00s Real=0.00s
[244.320s][info][gc,start    ] GC(17) Pause Young (Allocation Failure)
[244.338s][info][gc,heap     ] GC(17) PSYoungGen: 90048K(90112K)->11122K(103936K) Eden: 89600K(89600K)->0K(87040K) From: 448K(512K)->11122K(16896K)
[244.338s][info][gc,heap     ] GC(17) ParOldGen: 27834K(175104K)->28186K(175104K)
[244.338s][info][gc,metaspace] GC(17) Metaspace: 5447K(5632K)->5447K(5632K) NonClass: 4938K(5056K)->4938K(5056K) Class: 508K(576K)->508K(576K)
[244.339s][info][gc          ] GC(17) Pause Young (Allocation Failure) 115M->38M(272M) 18.309ms
[244.339s][info][gc,cpu      ] GC(17) User=0.03s Sys=0.00s Real=0.02s
[257.616s][info][gc,start    ] GC(18) Pause Young (Allocation Failure)
[257.640s][info][gc,heap     ] GC(18) PSYoungGen: 98162K(103936K)->64K(85504K) Eden: 87040K(87040K)->0K(84992K) From: 11122K(16896K)->64K(512K)
[257.640s][info][gc,heap     ] GC(18) ParOldGen: 28186K(175104K)->39035K(175104K)
[257.640s][info][gc,metaspace] GC(18) Metaspace: 5450K(5632K)->5450K(5632K) NonClass: 4941K(5056K)->4941K(5056K) Class: 508K(576K)->508K(576K)
[257.640s][info][gc          ] GC(18) Pause Young (Allocation Failure) 123M->38M(254M) 24.006ms
[257.640s][info][gc,cpu      ] GC(18) User=0.04s Sys=0.01s Real=0.03s
[268.500s][info][gc,start    ] GC(19) Pause Young (Allocation Failure)
[268.502s][info][gc,heap     ] GC(19) PSYoungGen: 85056K(85504K)->448K(97792K) Eden: 84992K(84992K)->0K(82944K) From: 64K(512K)->448K(14848K)
[268.502s][info][gc,heap     ] GC(19) ParOldGen: 39035K(175104K)->39043K(175104K)
[268.502s][info][gc,metaspace] GC(19) Metaspace: 5450K(5632K)->5450K(5632K) NonClass: 4941K(5056K)->4941K(5056K) Class: 508K(576K)->508K(576K)
[268.502s][info][gc          ] GC(19) Pause Young (Allocation Failure) 121M->38M(266M) 1.952ms
[268.502s][info][gc,cpu      ] GC(19) User=0.01s Sys=0.00s Real=0.00s
[279.502s][info][gc,start    ] GC(20) Pause Young (Allocation Failure)
[279.504s][info][gc,heap     ] GC(20) PSYoungGen: 83392K(97792K)->416K(81408K) Eden: 82944K(82944K)->0K(80896K) From: 448K(14848K)->416K(512K)
[279.504s][info][gc,heap     ] GC(20) ParOldGen: 39043K(175104K)->39459K(175104K)
[279.504s][info][gc,metaspace] GC(20) Metaspace: 5450K(5632K)->5450K(5632K) NonClass: 4941K(5056K)->4941K(5056K) Class: 508K(576K)->508K(576K)
[279.504s][info][gc          ] GC(20) Pause Young (Allocation Failure) 119M->38M(250M) 2.562ms
[279.504s][info][gc,cpu      ] GC(20) User=0.00s Sys=0.00s Real=0.00s
[290.483s][info][gc,start    ] GC(21) Pause Young (Allocation Failure)
[290.486s][info][gc,heap     ] GC(21) PSYoungGen: 81311K(81408K)->384K(91648K) Eden: 80895K(80896K)->0K(78848K) From: 416K(512K)->384K(12800K)
[290.486s][info][gc,heap     ] GC(21) ParOldGen: 39459K(175104K)->39795K(175104K)
[290.486s][info][gc,metaspace] GC(21) Metaspace: 5450K(5632K)->5450K(5632K) NonClass: 4941K(5056K)->4941K(5056K) Class: 508K(576K)->508K(576K)
[290.486s][info][gc          ] GC(21) Pause Young (Allocation Failure) 117M->39M(260M) 2.960ms
[290.486s][info][gc,cpu      ] GC(21) User=0.00s Sys=0.00s Real=0.00s
[299.862s][info][gc,start    ] GC(22) Pause Young (Allocation Failure)
[299.864s][info][gc,heap     ] GC(22) PSYoungGen: 79232K(91648K)->416K(77312K) Eden: 78848K(78848K)->0K(76800K) From: 384K(12800K)->416K(512K)
[299.864s][info][gc,heap     ] GC(22) ParOldGen: 39795K(175104K)->40123K(175104K)
[299.864s][info][gc,metaspace] GC(22) Metaspace: 5450K(5632K)->5450K(5632K) NonClass: 4941K(5056K)->4941K(5056K) Class: 508K(576K)->508K(576K)
[299.864s][info][gc          ] GC(22) Pause Young (Allocation Failure) 116M->39M(246M) 2.212ms
[299.864s][info][gc,cpu      ] GC(22) User=0.00s Sys=0.00s Real=0.00s
[308.998s][info][gc,start    ] GC(23) Pause Young (Allocation Failure)
[309.002s][info][gc,heap     ] GC(23) PSYoungGen: 77216K(77312K)->352K(87040K) Eden: 76800K(76800K)->0K(74752K) From: 416K(512K)->352K(12288K)
[309.002s][info][gc,heap     ] GC(23) ParOldGen: 40123K(175104K)->40451K(175104K)
[309.002s][info][gc,metaspace] GC(23) Metaspace: 5450K(5632K)->5450K(5632K) NonClass: 4941K(5056K)->4941K(5056K) Class: 508K(576K)->508K(576K)
[309.002s][info][gc          ] GC(23) Pause Young (Allocation Failure) 114M->39M(256M) 4.005ms
[309.002s][info][gc,cpu      ] GC(23) User=0.01s Sys=0.00s Real=0.01s
[318.033s][info][gc,start    ] GC(24) Pause Young (Allocation Failure)
[318.036s][info][gc,heap     ] GC(24) PSYoungGen: 75104K(87040K)->384K(73728K) Eden: 74752K(74752K)->0K(73216K) From: 352K(12288K)->384K(512K)
[318.036s][info][gc,heap     ] GC(24) ParOldGen: 40451K(175104K)->40771K(175104K)
[318.036s][info][gc,metaspace] GC(24) Metaspace: 5450K(5632K)->5450K(5632K) NonClass: 4941K(5056K)->4941K(5056K) Class: 508K(576K)->508K(576K)
[318.036s][info][gc          ] GC(24) Pause Young (Allocation Failure) 112M->40M(243M) 3.130ms
[318.036s][info][gc,cpu      ] GC(24) User=0.00s Sys=0.00s Real=0.00s
[327.615s][info][gc,start    ] GC(25) Pause Young (Allocation Failure)
[327.617s][info][gc,heap     ] GC(25) PSYoungGen: 73600K(73728K)->352K(82944K) Eden: 73216K(73216K)->0K(71680K) From: 384K(512K)->352K(11264K)
[327.617s][info][gc,heap     ] GC(25) ParOldGen: 40771K(175104K)->41083K(175104K)
[327.617s][info][gc,metaspace] GC(25) Metaspace: 5450K(5632K)->5450K(5632K) NonClass: 4941K(5056K)->4941K(5056K) Class: 508K(576K)->508K(576K)
[327.618s][info][gc          ] GC(25) Pause Young (Allocation Failure) 111M->40M(252M) 2.068ms
[327.618s][info][gc,cpu      ] GC(25) User=0.01s Sys=0.00s Real=0.00s
[337.547s][info][gc,start    ] GC(26) Pause Young (Allocation Failure)
[337.549s][info][gc,heap     ] GC(26) PSYoungGen: 72032K(82944K)->320K(70656K) Eden: 71680K(71680K)->0K(70144K) From: 352K(11264K)->320K(512K)
[337.549s][info][gc,heap     ] GC(26) ParOldGen: 41083K(175104K)->41395K(175104K)
[337.549s][info][gc,metaspace] GC(26) Metaspace: 5450K(5632K)->5450K(5632K) NonClass: 4941K(5056K)->4941K(5056K) Class: 508K(576K)->508K(576K)
[337.550s][info][gc          ] GC(26) Pause Young (Allocation Failure) 110M->40M(240M) 2.619ms
[337.550s][info][gc,cpu      ] GC(26) User=0.01s Sys=0.00s Real=0.01s
[345.694s][info][gc,start    ] GC(27) Pause Young (Allocation Failure)
[345.696s][info][gc,heap     ] GC(27) PSYoungGen: 70464K(70656K)->320K(77824K) Eden: 70144K(70144K)->0K(68608K) From: 320K(512K)->320K(9216K)
[345.696s][info][gc,heap     ] GC(27) ParOldGen: 41395K(175104K)->41691K(175104K)
[345.696s][info][gc,metaspace] GC(27) Metaspace: 5450K(5632K)->5450K(5632K) NonClass: 4941K(5056K)->4941K(5056K) Class: 508K(576K)->508K(576K)
[345.696s][info][gc          ] GC(27) Pause Young (Allocation Failure) 109M->41M(247M) 2.045ms
[345.696s][info][gc,cpu      ] GC(27) User=0.01s Sys=0.00s Real=0.00s
[353.439s][info][gc,start    ] GC(28) Pause Young (Allocation Failure)
[353.447s][info][gc,heap     ] GC(28) PSYoungGen: 68928K(77824K)->1932K(69120K) Eden: 68608K(68608K)->0K(67072K) From: 320K(9216K)->1932K(2048K)
[353.447s][info][gc,heap     ] GC(28) ParOldGen: 41691K(175104K)->41971K(175104K)
[353.447s][info][gc,metaspace] GC(28) Metaspace: 5453K(5632K)->5453K(5632K) NonClass: 4944K(5056K)->4944K(5056K) Class: 508K(576K)->508K(576K)
[353.447s][info][gc          ] GC(28) Pause Young (Allocation Failure) 108M->42M(238M) 8.096ms
[353.447s][info][gc,cpu      ] GC(28) User=0.01s Sys=0.01s Real=0.00s
[365.298s][info][gc,start    ] GC(29) Pause Young (Allocation Failure)
[365.315s][info][gc,heap     ] GC(29) PSYoungGen: 69004K(69120K)->9270K(75776K) Eden: 67072K(67072K)->0K(65024K) From: 1932K(2048K)->9270K(10752K)
[365.315s][info][gc,heap     ] GC(29) ParOldGen: 41971K(175104K)->43859K(175104K)
[365.315s][info][gc,metaspace] GC(29) Metaspace: 5496K(5632K)->5496K(5632K) NonClass: 4987K(5056K)->4987K(5056K) Class: 508K(576K)->508K(576K)
[365.315s][info][gc          ] GC(29) Pause Young (Allocation Failure) 108M->51M(245M) 16.807ms
[365.315s][info][gc,cpu      ] GC(29) User=0.03s Sys=0.00s Real=0.01s
[374.650s][info][gc,start    ] GC(30) Pause Young (Allocation Failure)
[374.664s][info][gc,heap     ] GC(30) PSYoungGen: 74294K(75776K)->64K(64000K) Eden: 65024K(65024K)->0K(63488K) From: 9270K(10752K)->64K(512K)
[374.664s][info][gc,heap     ] GC(30) ParOldGen: 43859K(175104K)->52915K(175104K)
[374.664s][info][gc,metaspace] GC(30) Metaspace: 5498K(5632K)->5498K(5632K) NonClass: 4989K(5056K)->4989K(5056K) Class: 508K(576K)->508K(576K)
[374.664s][info][gc          ] GC(30) Pause Young (Allocation Failure) 115M->51M(233M) 14.777ms
[374.664s][info][gc,cpu      ] GC(30) User=0.02s Sys=0.01s Real=0.01s
[382.099s][info][gc,start    ] GC(31) Pause Young (Allocation Failure)
[382.100s][info][gc,heap     ] GC(31) PSYoungGen: 63552K(64000K)->352K(74752K) Eden: 63488K(63488K)->0K(63488K) From: 64K(512K)->352K(11264K)
[382.100s][info][gc,heap     ] GC(31) ParOldGen: 52915K(175104K)->52931K(175104K)
[382.100s][info][gc,metaspace] GC(31) Metaspace: 5498K(5632K)->5498K(5632K) NonClass: 4989K(5056K)->4989K(5056K) Class: 508K(576K)->508K(576K)
[382.100s][info][gc          ] GC(31) Pause Young (Allocation Failure) 113M->52M(244M) 1.368ms
[382.100s][info][gc,cpu      ] GC(31) User=0.00s Sys=0.00s Real=0.00s
[389.373s][info][gc,start    ] GC(32) Pause Young (Allocation Failure)
[389.375s][info][gc,heap     ] GC(32) PSYoungGen: 63840K(74752K)->320K(75264K) Eden: 63488K(63488K)->0K(63488K) From: 352K(11264K)->320K(11776K)
[389.375s][info][gc,heap     ] GC(32) ParOldGen: 52931K(175104K)->53227K(175104K)
[389.375s][info][gc,metaspace] GC(32) Metaspace: 5498K(5632K)->5498K(5632K) NonClass: 4989K(5056K)->4989K(5056K) Class: 508K(576K)->508K(576K)
[389.375s][info][gc          ] GC(32) Pause Young (Allocation Failure) 114M->52M(244M) 1.730ms
[389.375s][info][gc,cpu      ] GC(32) User=0.00s Sys=0.00s Real=0.00s
[397.792s][info][gc,start    ] GC(33) Pause Young (Allocation Failure)
[397.794s][info][gc,heap     ] GC(33) PSYoungGen: 63808K(75264K)->320K(76288K) Eden: 63488K(63488K)->0K(65024K) From: 320K(11776K)->320K(11264K)
[397.794s][info][gc,heap     ] GC(33) ParOldGen: 53227K(175104K)->53491K(175104K)
[397.794s][info][gc,metaspace] GC(33) Metaspace: 5498K(5632K)->5498K(5632K) NonClass: 4989K(5056K)->4989K(5056K) Class: 508K(576K)->508K(576K)
[397.794s][info][gc          ] GC(33) Pause Young (Allocation Failure) 114M->52M(245M) 1.769ms
[397.794s][info][gc,cpu      ] GC(33) User=0.00s Sys=0.00s Real=0.00s
[406.359s][info][gc,start    ] GC(34) Pause Young (Allocation Failure)
[406.360s][info][gc,heap     ] GC(34) PSYoungGen: 65344K(76288K)->320K(75776K) Eden: 65024K(65024K)->0K(65024K) From: 320K(11264K)->320K(10752K)
[406.360s][info][gc,heap     ] GC(34) ParOldGen: 53491K(175104K)->53755K(175104K)
[406.360s][info][gc,metaspace] GC(34) Metaspace: 5498K(5632K)->5498K(5632K) NonClass: 4989K(5056K)->4989K(5056K) Class: 508K(576K)->508K(576K)
[406.360s][info][gc          ] GC(34) Pause Young (Allocation Failure) 116M->52M(245M) 1.709ms
[406.360s][info][gc,cpu      ] GC(34) User=0.01s Sys=0.00s Real=0.00s
[414.498s][info][gc,start    ] GC(35) Pause Young (Allocation Failure)
[414.500s][info][gc,heap     ] GC(35) PSYoungGen: 65344K(75776K)->288K(77824K) Eden: 65024K(65024K)->0K(68096K) From: 320K(10752K)->288K(9728K)
[414.500s][info][gc,heap     ] GC(35) ParOldGen: 53755K(175104K)->54027K(175104K)
[414.500s][info][gc,metaspace] GC(35) Metaspace: 5498K(5632K)->5498K(5632K) NonClass: 4989K(5056K)->4989K(5056K) Class: 508K(576K)->508K(576K)
[414.500s][info][gc          ] GC(35) Pause Young (Allocation Failure) 116M->53M(247M) 1.813ms
[414.500s][info][gc,cpu      ] GC(35) User=0.00s Sys=0.00s Real=0.01s
[422.944s][info][gc,start    ] GC(36) Pause Young (Allocation Failure)
[422.946s][info][gc,heap     ] GC(36) PSYoungGen: 68383K(77824K)->320K(77312K) Eden: 68095K(68096K)->0K(68096K) From: 288K(9728K)->320K(9216K)
[422.946s][info][gc,heap     ] GC(36) ParOldGen: 54027K(175104K)->54291K(175104K)
[422.946s][info][gc,metaspace] GC(36) Metaspace: 5498K(5632K)->5498K(5632K) NonClass: 4989K(5056K)->4989K(5056K) Class: 508K(576K)->508K(576K)
[422.946s][info][gc          ] GC(36) Pause Young (Allocation Failure) 119M->53M(246M) 1.676ms
[422.946s][info][gc,cpu      ] GC(36) User=0.00s Sys=0.00s Real=0.00s
[431.736s][info][gc,start    ] GC(37) Pause Young (Allocation Failure)
[431.738s][info][gc,heap     ] GC(37) PSYoungGen: 68416K(77312K)->352K(78848K) Eden: 68096K(68096K)->0K(70144K) From: 320K(9216K)->352K(8704K)
[431.738s][info][gc,heap     ] GC(37) ParOldGen: 54291K(175104K)->54571K(175104K)
[431.738s][info][gc,metaspace] GC(37) Metaspace: 5498K(5632K)->5498K(5632K) NonClass: 4989K(5056K)->4989K(5056K) Class: 508K(576K)->508K(576K)
[431.738s][info][gc          ] GC(37) Pause Young (Allocation Failure) 119M->53M(248M) 1.789ms
[431.738s][info][gc,cpu      ] GC(37) User=0.01s Sys=0.00s Real=0.01s
[440.622s][info][gc,start    ] GC(38) Pause Young (Allocation Failure)
[440.624s][info][gc,heap     ] GC(38) PSYoungGen: 70496K(78848K)->320K(78336K) Eden: 70144K(70144K)->0K(70144K) From: 352K(8704K)->320K(8192K)
[440.624s][info][gc,heap     ] GC(38) ParOldGen: 54571K(175104K)->54851K(175104K)
[440.624s][info][gc,metaspace] GC(38) Metaspace: 5498K(5632K)->5498K(5632K) NonClass: 4989K(5056K)->4989K(5056K) Class: 508K(576K)->508K(576K)
[440.624s][info][gc          ] GC(38) Pause Young (Allocation Failure) 122M->53M(247M) 2.002ms
[440.624s][info][gc,cpu      ] GC(38) User=0.01s Sys=0.00s Real=0.00s
[450.030s][info][gc,start    ] GC(39) Pause Young (Allocation Failure)
[450.035s][info][gc,heap     ] GC(39) PSYoungGen: 70464K(78336K)->352K(79872K) Eden: 70144K(70144K)->0K(72192K) From: 320K(8192K)->352K(7680K)
[450.035s][info][gc,heap     ] GC(39) ParOldGen: 54851K(175104K)->55139K(175104K)
[450.035s][info][gc,metaspace] GC(39) Metaspace: 5498K(5632K)->5498K(5632K) NonClass: 4989K(5056K)->4989K(5056K) Class: 508K(576K)->508K(576K)
[450.035s][info][gc          ] GC(39) Pause Young (Allocation Failure) 122M->54M(249M) 4.915ms
[450.035s][info][gc,cpu      ] GC(39) User=0.01s Sys=0.00s Real=0.00s
[460.030s][info][gc,start    ] GC(40) Pause Young (Allocation Failure)
[460.032s][info][gc,heap     ] GC(40) PSYoungGen: 72544K(79872K)->352K(79360K) Eden: 72192K(72192K)->0K(72192K) From: 352K(7680K)->352K(7168K)
[460.032s][info][gc,heap     ] GC(40) ParOldGen: 55139K(175104K)->55451K(175104K)
[460.032s][info][gc,metaspace] GC(40) Metaspace: 5498K(5632K)->5498K(5632K) NonClass: 4989K(5056K)->4989K(5056K) Class: 508K(576K)->508K(576K)
[460.032s][info][gc          ] GC(40) Pause Young (Allocation Failure) 124M->54M(248M) 1.857ms
[460.032s][info][gc,cpu      ] GC(40) User=0.00s Sys=0.00s Real=0.00s
[469.681s][info][gc,start    ] GC(41) Pause Young (Allocation Failure)
[469.686s][info][gc,heap     ] GC(41) PSYoungGen: 72544K(79360K)->320K(80384K) Eden: 72192K(72192K)->0K(73728K) From: 352K(7168K)->320K(6656K)
[469.686s][info][gc,heap     ] GC(41) ParOldGen: 55451K(175104K)->55747K(175104K)
[469.686s][info][gc,metaspace] GC(41) Metaspace: 5498K(5632K)->5498K(5632K) NonClass: 4989K(5056K)->4989K(5056K) Class: 508K(576K)->508K(576K)
[469.686s][info][gc          ] GC(41) Pause Young (Allocation Failure) 124M->54M(249M) 4.833ms
[469.686s][info][gc,cpu      ] GC(41) User=0.01s Sys=0.00s Real=0.00s
[482.423s][info][gc,start    ] GC(42) Pause Young (Allocation Failure)
[482.441s][info][gc,heap     ] GC(42) PSYoungGen: 74048K(80384K)->6637K(78848K) Eden: 73728K(73728K)->0K(72192K) From: 320K(6656K)->6637K(6656K)
[482.442s][info][gc,heap     ] GC(42) ParOldGen: 55747K(175104K)->60278K(175104K)
[482.442s][info][gc,metaspace] GC(42) Metaspace: 5512K(5632K)->5512K(5632K) NonClass: 5003K(5056K)->5003K(5056K) Class: 508K(576K)->508K(576K)
[482.442s][info][gc          ] GC(42) Pause Young (Allocation Failure) 126M->65M(248M) 18.605ms
[482.442s][info][gc,cpu      ] GC(42) User=0.03s Sys=0.01s Real=0.02s
[493.186s][info][gc,start    ] GC(43) Pause Young (Allocation Failure)
[493.198s][info][gc,heap     ] GC(43) PSYoungGen: 78829K(78848K)->64K(77824K) Eden: 72192K(72192K)->0K(70656K) From: 6637K(6656K)->64K(7168K)
[493.198s][info][gc,heap     ] GC(43) ParOldGen: 60278K(175104K)->66767K(175104K)
[493.198s][info][gc,metaspace] GC(43) Metaspace: 5512K(5632K)->5512K(5632K) NonClass: 5003K(5056K)->5003K(5056K) Class: 508K(576K)->508K(576K)
[493.198s][info][gc          ] GC(43) Pause Young (Allocation Failure) 135M->65M(247M) 12.162ms
[493.198s][info][gc,cpu      ] GC(43) User=0.02s Sys=0.00s Real=0.01s
[501.977s][info][gc,start    ] GC(44) Pause Young (Allocation Failure)
[501.978s][info][gc,heap     ] GC(44) PSYoungGen: 70720K(77824K)->384K(71168K) Eden: 70656K(70656K)->0K(70656K) From: 64K(7168K)->384K(512K)
[501.978s][info][gc,heap     ] GC(44) ParOldGen: 66767K(175104K)->66783K(175104K)
[501.978s][info][gc,metaspace] GC(44) Metaspace: 5512K(5632K)->5512K(5632K) NonClass: 5003K(5056K)->5003K(5056K) Class: 508K(576K)->508K(576K)
[501.978s][info][gc          ] GC(44) Pause Young (Allocation Failure) 134M->65M(240M) 1.563ms
[501.978s][info][gc,cpu      ] GC(44) User=0.00s Sys=0.00s Real=0.01s
[510.615s][info][gc,start    ] GC(45) Pause Young (Allocation Failure)
[510.619s][info][gc,heap     ] GC(45) PSYoungGen: 71040K(71168K)->352K(78848K) Eden: 70656K(70656K)->0K(70144K) From: 384K(512K)->352K(8704K)
[510.619s][info][gc,heap     ] GC(45) ParOldGen: 66783K(175104K)->67119K(175104K)
[510.619s][info][gc,metaspace] GC(45) Metaspace: 5512K(5632K)->5512K(5632K) NonClass: 5003K(5056K)->5003K(5056K) Class: 508K(576K)->508K(576K)
[510.619s][info][gc          ] GC(45) Pause Young (Allocation Failure) 134M->65M(248M) 3.143ms
[510.619s][info][gc,cpu      ] GC(45) User=0.00s Sys=0.00s Real=0.01s
[520.358s][info][gc,start    ] GC(46) Pause Young (Allocation Failure)
[520.359s][info][gc,heap     ] GC(46) PSYoungGen: 70496K(78848K)->320K(78336K) Eden: 70144K(70144K)->0K(70144K) From: 352K(8704K)->320K(8192K)
[520.359s][info][gc,heap     ] GC(46) ParOldGen: 67119K(175104K)->67407K(175104K)
[520.360s][info][gc,metaspace] GC(46) Metaspace: 5512K(5632K)->5512K(5632K) NonClass: 5003K(5056K)->5003K(5056K) Class: 508K(576K)->508K(576K)
[520.360s][info][gc          ] GC(46) Pause Young (Allocation Failure) 134M->66M(247M) 1.810ms
[520.360s][info][gc,cpu      ] GC(46) User=0.01s Sys=0.00s Real=0.01s
[529.717s][info][gc,start    ] GC(47) Pause Young (Allocation Failure)
[529.718s][info][gc,heap     ] GC(47) PSYoungGen: 70464K(78336K)->320K(79360K) Eden: 70144K(70144K)->0K(71680K) From: 320K(8192K)->320K(7680K)
[529.718s][info][gc,heap     ] GC(47) ParOldGen: 67407K(175104K)->67703K(175104K)
[529.718s][info][gc,metaspace] GC(47) Metaspace: 5512K(5632K)->5512K(5632K) NonClass: 5003K(5056K)->5003K(5056K) Class: 508K(576K)->508K(576K)
[529.718s][info][gc          ] GC(47) Pause Young (Allocation Failure) 134M->66M(248M) 1.785ms
[529.718s][info][gc,cpu      ] GC(47) User=0.00s Sys=0.00s Real=0.01s
[538.783s][info][gc,start    ] GC(48) Pause Young (Allocation Failure)
[538.786s][info][gc,heap     ] GC(48) PSYoungGen: 71999K(79360K)->352K(79360K) Eden: 71679K(71680K)->0K(71680K) From: 320K(7680K)->352K(7680K)
[538.786s][info][gc,heap     ] GC(48) ParOldGen: 67703K(175104K)->67991K(175104K)
[538.786s][info][gc,metaspace] GC(48) Metaspace: 5512K(5632K)->5512K(5632K) NonClass: 5003K(5056K)->5003K(5056K) Class: 508K(576K)->508K(576K)
[538.786s][info][gc          ] GC(48) Pause Young (Allocation Failure) 136M->66M(248M) 3.069ms
[538.786s][info][gc,cpu      ] GC(48) User=0.01s Sys=0.00s Real=0.00s
[547.848s][info][gc,start    ] GC(49) Pause Young (Allocation Failure)
[547.850s][info][gc,heap     ] GC(49) PSYoungGen: 72032K(79360K)->352K(80384K) Eden: 71680K(71680K)->0K(73216K) From: 352K(7680K)->352K(7168K)
[547.850s][info][gc,heap     ] GC(49) ParOldGen: 67991K(175104K)->68279K(175104K)
[547.850s][info][gc,metaspace] GC(49) Metaspace: 5512K(5632K)->5512K(5632K) NonClass: 5003K(5056K)->5003K(5056K) Class: 508K(576K)->508K(576K)
[547.850s][info][gc          ] GC(49) Pause Young (Allocation Failure) 136M->67M(249M) 2.205ms
[547.850s][info][gc,cpu      ] GC(49) User=0.01s Sys=0.01s Real=0.01s
[557.235s][info][gc,start    ] GC(50) Pause Young (Allocation Failure)
[557.238s][info][gc,heap     ] GC(50) PSYoungGen: 73568K(80384K)->320K(79872K) Eden: 73216K(73216K)->0K(73216K) From: 352K(7168K)->320K(6656K)
[557.238s][info][gc,heap     ] GC(50) ParOldGen: 68279K(175104K)->68583K(175104K)
[557.238s][info][gc,metaspace] GC(50) Metaspace: 5512K(5632K)->5512K(5632K) NonClass: 5003K(5056K)->5003K(5056K) Class: 508K(576K)->508K(576K)
[557.238s][info][gc          ] GC(50) Pause Young (Allocation Failure) 138M->67M(249M) 2.215ms
[557.238s][info][gc,cpu      ] GC(50) User=0.00s Sys=0.00s Real=0.00s
[566.384s][info][gc,start    ] GC(51) Pause Young (Allocation Failure)
[566.386s][info][gc,heap     ] GC(51) PSYoungGen: 73536K(79872K)->352K(81408K) Eden: 73216K(73216K)->0K(75264K) From: 320K(6656K)->352K(6144K)
[566.386s][info][gc,heap     ] GC(51) ParOldGen: 68583K(175104K)->68863K(175104K)
[566.386s][info][gc,metaspace] GC(51) Metaspace: 5512K(5632K)->5512K(5632K) NonClass: 5003K(5056K)->5003K(5056K) Class: 508K(576K)->508K(576K)
[566.386s][info][gc          ] GC(51) Pause Young (Allocation Failure) 138M->67M(250M) 1.789ms
[566.386s][info][gc,cpu      ] GC(51) User=0.00s Sys=0.00s Real=0.00s
[575.675s][info][gc,start    ] GC(52) Pause Young (Allocation Failure)
[575.677s][info][gc,heap     ] GC(52) PSYoungGen: 75616K(81408K)->352K(80896K) Eden: 75264K(75264K)->0K(75264K) From: 352K(6144K)->352K(5632K)
[575.677s][info][gc,heap     ] GC(52) ParOldGen: 68863K(175104K)->69159K(175104K)
[575.677s][info][gc,metaspace] GC(52) Metaspace: 5512K(5632K)->5512K(5632K) NonClass: 5003K(5056K)->5003K(5056K) Class: 508K(576K)->508K(576K)
[575.677s][info][gc          ] GC(52) Pause Young (Allocation Failure) 141M->67M(250M) 1.891ms
[575.677s][info][gc,cpu      ] GC(52) User=0.00s Sys=0.01s Real=0.00s
[585.053s][info][gc,start    ] GC(53) Pause Young (Allocation Failure)
[585.055s][info][gc,heap     ] GC(53) PSYoungGen: 75616K(80896K)->384K(81920K) Eden: 75264K(75264K)->0K(76288K) From: 352K(5632K)->384K(5632K)
[585.055s][info][gc,heap     ] GC(53) ParOldGen: 69159K(175104K)->69447K(175104K)
[585.055s][info][gc,metaspace] GC(53) Metaspace: 5512K(5632K)->5512K(5632K) NonClass: 5003K(5056K)->5003K(5056K) Class: 508K(576K)->508K(576K)
[585.055s][info][gc          ] GC(53) Pause Young (Allocation Failure) 141M->68M(251M) 1.853ms
[585.055s][info][gc,cpu      ] GC(53) User=0.01s Sys=0.00s Real=0.00s
[597.739s][info][gc,start    ] GC(54) Pause Young (Allocation Failure)
[597.758s][info][gc,heap     ] GC(54) PSYoungGen: 76672K(81920K)->5096K(79360K) Eden: 76288K(76288K)->0K(74240K) From: 384K(5632K)->5096K(5120K)
[597.758s][info][gc,heap     ] GC(54) ParOldGen: 69447K(175104K)->75619K(175104K)
[597.758s][info][gc,metaspace] GC(54) Metaspace: 5522K(5696K)->5522K(5696K) NonClass: 5013K(5120K)->5013K(5120K) Class: 508K(576K)->508K(576K)
[597.758s][info][gc          ] GC(54) Pause Young (Allocation Failure) 142M->78M(248M) 19.352ms
[597.758s][info][gc,cpu      ] GC(54) User=0.03s Sys=0.00s Real=0.02s
[609.837s][info][gc,start    ] GC(55) Pause Young (Allocation Failure)
[609.850s][info][gc,heap     ] GC(55) PSYoungGen: 79336K(79360K)->704K(78848K) Eden: 74240K(74240K)->0K(72704K) From: 5096K(5120K)->704K(6144K)
[609.850s][info][gc,heap     ] GC(55) ParOldGen: 75619K(175104K)->80619K(175104K)
[609.850s][info][gc,metaspace] GC(55) Metaspace: 5522K(5696K)->5522K(5696K) NonClass: 5013K(5120K)->5013K(5120K) Class: 508K(576K)->508K(576K)
[609.850s][info][gc          ] GC(55) Pause Young (Allocation Failure) 151M->79M(248M) 12.874ms
[609.850s][info][gc,cpu      ] GC(55) User=0.02s Sys=0.01s Real=0.02s
[619.492s][info][gc,start    ] GC(56) Pause Young (Allocation Failure)
[619.495s][info][gc,heap     ] GC(56) PSYoungGen: 73408K(78848K)->416K(73216K) Eden: 72704K(72704K)->0K(72704K) From: 704K(6144K)->416K(512K)
[619.495s][info][gc,heap     ] GC(56) ParOldGen: 80619K(175104K)->81299K(175104K)
[619.495s][info][gc,metaspace] GC(56) Metaspace: 5522K(5696K)->5522K(5696K) NonClass: 5013K(5120K)->5013K(5120K) Class: 508K(576K)->508K(576K)
[619.495s][info][gc          ] GC(56) Pause Young (Allocation Failure) 150M->79M(242M) 2.617ms
[619.495s][info][gc,cpu      ] GC(56) User=0.01s Sys=0.00s Real=0.00s
[628.798s][info][gc,start    ] GC(57) Pause Young (Allocation Failure)
[628.800s][info][gc,heap     ] GC(57) PSYoungGen: 73119K(73216K)->352K(79360K) Eden: 72703K(72704K)->0K(71680K) From: 416K(512K)->352K(7680K)
[628.800s][info][gc,heap     ] GC(57) ParOldGen: 81299K(175104K)->81691K(175104K)
[628.800s][info][gc,metaspace] GC(57) Metaspace: 5522K(5696K)->5522K(5696K) NonClass: 5013K(5120K)->5013K(5120K) Class: 508K(576K)->508K(576K)
[628.800s][info][gc          ] GC(57) Pause Young (Allocation Failure) 150M->80M(248M) 1.953ms
[628.800s][info][gc,cpu      ] GC(57) User=0.00s Sys=0.00s Real=0.01s
[638.186s][info][gc,start    ] GC(58) Pause Young (Allocation Failure)
[638.188s][info][gc,heap     ] GC(58) PSYoungGen: 72032K(79360K)->352K(79360K) Eden: 71680K(71680K)->0K(71680K) From: 352K(7680K)->352K(7680K)
[638.188s][info][gc,heap     ] GC(58) ParOldGen: 81691K(175104K)->81995K(175104K)
[638.188s][info][gc,metaspace] GC(58) Metaspace: 5522K(5696K)->5522K(5696K) NonClass: 5013K(5120K)->5013K(5120K) Class: 508K(576K)->508K(576K)
[638.188s][info][gc          ] GC(58) Pause Young (Allocation Failure) 150M->80M(248M) 1.882ms
[638.188s][info][gc,cpu      ] GC(58) User=0.00s Sys=0.00s Real=0.01s
[647.488s][info][gc,start    ] GC(59) Pause Young (Allocation Failure)
[647.489s][info][gc,heap     ] GC(59) PSYoungGen: 72032K(79360K)->352K(80384K) Eden: 71680K(71680K)->0K(73216K) From: 352K(7680K)->352K(7168K)
[647.489s][info][gc,heap     ] GC(59) ParOldGen: 81995K(175104K)->82299K(175104K)
[647.489s][info][gc,metaspace] GC(59) Metaspace: 5522K(5696K)->5522K(5696K) NonClass: 5013K(5120K)->5013K(5120K) Class: 508K(576K)->508K(576K)
[647.490s][info][gc          ] GC(59) Pause Young (Allocation Failure) 150M->80M(249M) 1.895ms
[647.490s][info][gc,cpu      ] GC(59) User=0.00s Sys=0.00s Real=0.01s
[656.731s][info][gc,start    ] GC(60) Pause Young (Allocation Failure)
[656.733s][info][gc,heap     ] GC(60) PSYoungGen: 73568K(80384K)->320K(79872K) Eden: 73216K(73216K)->0K(73216K) From: 352K(7168K)->320K(6656K)
[656.733s][info][gc,heap     ] GC(60) ParOldGen: 82299K(175104K)->82595K(175104K)
[656.733s][info][gc,metaspace] GC(60) Metaspace: 5522K(5696K)->5522K(5696K) NonClass: 5013K(5120K)->5013K(5120K) Class: 508K(576K)->508K(576K)
[656.733s][info][gc          ] GC(60) Pause Young (Allocation Failure) 152M->80M(249M) 1.901ms
[656.733s][info][gc,cpu      ] GC(60) User=0.00s Sys=0.00s Real=0.00s
[665.822s][info][gc,start    ] GC(61) Pause Young (Allocation Failure)
[665.824s][info][gc,heap     ] GC(61) PSYoungGen: 73536K(79872K)->320K(80896K) Eden: 73216K(73216K)->0K(74752K) From: 320K(6656K)->320K(6144K)
[665.824s][info][gc,heap     ] GC(61) ParOldGen: 82595K(175104K)->82891K(175104K)
[665.824s][info][gc,metaspace] GC(61) Metaspace: 5522K(5696K)->5522K(5696K) NonClass: 5013K(5120K)->5013K(5120K) Class: 508K(576K)->508K(576K)
[665.824s][info][gc          ] GC(61) Pause Young (Allocation Failure) 152M->81M(250M) 1.804ms
[665.824s][info][gc,cpu      ] GC(61) User=0.00s Sys=0.00s Real=0.00s
[674.937s][info][gc,start    ] GC(62) Pause Young (Allocation Failure)
[674.939s][info][gc,heap     ] GC(62) PSYoungGen: 75072K(80896K)->352K(80896K) Eden: 74752K(74752K)->0K(74752K) From: 320K(6144K)->352K(6144K)
[674.939s][info][gc,heap     ] GC(62) ParOldGen: 82891K(175104K)->83195K(175104K)
[674.939s][info][gc,metaspace] GC(62) Metaspace: 5522K(5696K)->5522K(5696K) NonClass: 5013K(5120K)->5013K(5120K) Class: 508K(576K)->508K(576K)
[674.939s][info][gc          ] GC(62) Pause Young (Allocation Failure) 154M->81M(250M) 1.891ms
[674.939s][info][gc,cpu      ] GC(62) User=0.00s Sys=0.00s Real=0.01s
[684.587s][info][gc,start    ] GC(63) Pause Young (Allocation Failure)
[684.589s][info][gc,heap     ] GC(63) PSYoungGen: 75104K(80896K)->384K(81920K) Eden: 74752K(74752K)->0K(76288K) From: 352K(6144K)->384K(5632K)
[684.589s][info][gc,heap     ] GC(63) ParOldGen: 83195K(175104K)->83515K(175104K)
[684.589s][info][gc,metaspace] GC(63) Metaspace: 5522K(5696K)->5522K(5696K) NonClass: 5013K(5120K)->5013K(5120K) Class: 508K(576K)->508K(576K)
[684.589s][info][gc          ] GC(63) Pause Young (Allocation Failure) 154M->81M(251M) 2.118ms
[684.589s][info][gc,cpu      ] GC(63) User=0.00s Sys=0.00s Real=0.01s
[693.841s][info][gc,start    ] GC(64) Pause Young (Allocation Failure)
[693.843s][info][gc,heap     ] GC(64) PSYoungGen: 76672K(81920K)->352K(81408K) Eden: 76288K(76288K)->0K(76288K) From: 384K(5632K)->352K(5120K)
[693.843s][info][gc,heap     ] GC(64) ParOldGen: 83515K(175104K)->83835K(175104K)
[693.843s][info][gc,metaspace] GC(64) Metaspace: 5522K(5696K)->5522K(5696K) NonClass: 5013K(5120K)->5013K(5120K) Class: 508K(576K)->508K(576K)
[693.843s][info][gc          ] GC(64) Pause Young (Allocation Failure) 156M->82M(250M) 1.851ms
[693.843s][info][gc,cpu      ] GC(64) User=0.00s Sys=0.00s Real=0.00s
[703.075s][info][gc,start    ] GC(65) Pause Young (Allocation Failure)
[703.077s][info][gc,heap     ] GC(65) PSYoungGen: 76640K(81408K)->352K(82432K) Eden: 76288K(76288K)->0K(77312K) From: 352K(5120K)->352K(5120K)
[703.077s][info][gc,heap     ] GC(65) ParOldGen: 83835K(175104K)->84147K(175104K)
[703.077s][info][gc,metaspace] GC(65) Metaspace: 5522K(5696K)->5522K(5696K) NonClass: 5013K(5120K)->5013K(5120K) Class: 508K(576K)->508K(576K)
[703.077s][info][gc          ] GC(65) Pause Young (Allocation Failure) 156M->82M(251M) 2.107ms
[703.077s][info][gc,cpu      ] GC(65) User=0.01s Sys=0.00s Real=0.00s
[715.145s][info][gc,start    ] GC(66) Pause Young (Allocation Failure)
[715.164s][info][gc,heap     ] GC(66) PSYoungGen: 77664K(82432K)->4583K(79872K) Eden: 77312K(77312K)->0K(75264K) From: 352K(5120K)->4583K(4608K)
[715.164s][info][gc,heap     ] GC(66) ParOldGen: 84147K(175104K)->90810K(175104K)
[715.164s][info][gc,metaspace] GC(66) Metaspace: 5533K(5696K)->5533K(5696K) NonClass: 5024K(5120K)->5024K(5120K) Class: 508K(576K)->508K(576K)
[715.164s][info][gc          ] GC(66) Pause Young (Allocation Failure) 158M->93M(249M) 19.568ms
[715.164s][info][gc,cpu      ] GC(66) User=0.03s Sys=0.00s Real=0.02s
[727.292s][info][gc,start    ] GC(67) Pause Young (Allocation Failure)
[727.305s][info][gc,heap     ] GC(67) PSYoungGen: 79847K(79872K)->768K(79360K) Eden: 75263K(75264K)->0K(73728K) From: 4583K(4608K)->768K(5632K)
[727.305s][info][gc,heap     ] GC(67) ParOldGen: 90810K(175104K)->95301K(175104K)
[727.305s][info][gc,metaspace] GC(67) Metaspace: 5533K(5696K)->5533K(5696K) NonClass: 5024K(5120K)->5024K(5120K) Class: 508K(576K)->508K(576K)
[727.305s][info][gc          ] GC(67) Pause Young (Allocation Failure) 166M->93M(248M) 12.352ms
[727.305s][info][gc,cpu      ] GC(67) User=0.02s Sys=0.00s Real=0.01s
[737.502s][info][gc,start    ] GC(68) Pause Young (Allocation Failure)
[737.504s][info][gc,heap     ] GC(68) PSYoungGen: 74496K(79360K)->448K(72704K) Eden: 73728K(73728K)->0K(72192K) From: 768K(5632K)->448K(512K)
[737.504s][info][gc,heap     ] GC(68) ParOldGen: 95301K(175104K)->95981K(175104K)
[737.504s][info][gc,metaspace] GC(68) Metaspace: 5533K(5696K)->5533K(5696K) NonClass: 5024K(5120K)->5024K(5120K) Class: 508K(576K)->508K(576K)
[737.504s][info][gc          ] GC(68) Pause Young (Allocation Failure) 165M->94M(242M) 2.633ms
[737.504s][info][gc,cpu      ] GC(68) User=0.00s Sys=0.00s Real=0.00s
[746.502s][info][gc,start    ] GC(69) Pause Young (Allocation Failure)
[746.504s][info][gc,heap     ] GC(69) PSYoungGen: 72640K(72704K)->352K(79872K) Eden: 72192K(72192K)->0K(72704K) From: 448K(512K)->352K(7168K)
[746.504s][info][gc,heap     ] GC(69) ParOldGen: 95981K(175104K)->96365K(175104K)
[746.504s][info][gc,metaspace] GC(69) Metaspace: 5533K(5696K)->5533K(5696K) NonClass: 5024K(5120K)->5024K(5120K) Class: 508K(576K)->508K(576K)
[746.504s][info][gc          ] GC(69) Pause Young (Allocation Failure) 164M->94M(249M) 2.572ms
[746.504s][info][gc,cpu      ] GC(69) User=0.01s Sys=0.01s Real=0.00s
[755.755s][info][gc,start    ] GC(70) Pause Young (Allocation Failure)
[755.757s][info][gc,heap     ] GC(70) PSYoungGen: 73056K(79872K)->352K(79872K) Eden: 72704K(72704K)->0K(72704K) From: 352K(7168K)->352K(7168K)
[755.757s][info][gc,heap     ] GC(70) ParOldGen: 96365K(175104K)->96669K(175104K)
[755.757s][info][gc,metaspace] GC(70) Metaspace: 5533K(5696K)->5533K(5696K) NonClass: 5024K(5120K)->5024K(5120K) Class: 508K(576K)->508K(576K)
[755.757s][info][gc          ] GC(70) Pause Young (Allocation Failure) 165M->94M(249M) 2.539ms
[755.757s][info][gc,cpu      ] GC(70) User=0.01s Sys=0.00s Real=0.00s
[765.853s][info][gc,start    ] GC(71) Pause Young (Allocation Failure)
[765.855s][info][gc,heap     ] GC(71) PSYoungGen: 73056K(79872K)->352K(80384K) Eden: 72704K(72704K)->0K(73728K) From: 352K(7168K)->352K(6656K)
[765.855s][info][gc,heap     ] GC(71) ParOldGen: 96669K(175104K)->96981K(175104K)
[765.855s][info][gc,metaspace] GC(71) Metaspace: 5533K(5696K)->5533K(5696K) NonClass: 5024K(5120K)->5024K(5120K) Class: 508K(576K)->508K(576K)
[765.856s][info][gc          ] GC(71) Pause Young (Allocation Failure) 165M->95M(249M) 2.274ms
[765.856s][info][gc,cpu      ] GC(71) User=0.01s Sys=0.00s Real=0.00s
[776.404s][info][gc,start    ] GC(72) Pause Young (Allocation Failure)
[776.406s][info][gc,heap     ] GC(72) PSYoungGen: 74080K(80384K)->352K(80384K) Eden: 73728K(73728K)->0K(73728K) From: 352K(6656K)->352K(6656K)
[776.406s][info][gc,heap     ] GC(72) ParOldGen: 96981K(175104K)->97277K(175104K)
[776.406s][info][gc,metaspace] GC(72) Metaspace: 5533K(5696K)->5533K(5696K) NonClass: 5024K(5120K)->5024K(5120K) Class: 508K(576K)->508K(576K)
[776.407s][info][gc          ] GC(72) Pause Young (Allocation Failure) 167M->95M(249M) 2.544ms
[776.407s][info][gc,cpu      ] GC(72) User=0.01s Sys=0.01s Real=0.00s
[785.853s][info][gc,start    ] GC(73) Pause Young (Allocation Failure)
[785.855s][info][gc,heap     ] GC(73) PSYoungGen: 74080K(80384K)->352K(81408K) Eden: 73728K(73728K)->0K(75264K) From: 352K(6656K)->352K(6144K)
[785.855s][info][gc,heap     ] GC(73) ParOldGen: 97277K(175104K)->97589K(175104K)
[785.855s][info][gc,metaspace] GC(73) Metaspace: 5533K(5696K)->5533K(5696K) NonClass: 5024K(5120K)->5024K(5120K) Class: 508K(576K)->508K(576K)
[785.855s][info][gc          ] GC(73) Pause Young (Allocation Failure) 167M->95M(250M) 2.001ms
[785.855s][info][gc,cpu      ] GC(73) User=0.01s Sys=0.00s Real=0.00s
[795.466s][info][gc,start    ] GC(74) Pause Young (Allocation Failure)
[795.468s][info][gc,heap     ] GC(74) PSYoungGen: 75616K(81408K)->320K(80896K) Eden: 75264K(75264K)->0K(75264K) From: 352K(6144K)->320K(5632K)
[795.468s][info][gc,heap     ] GC(74) ParOldGen: 97589K(175104K)->97893K(175104K)
[795.468s][info][gc,metaspace] GC(74) Metaspace: 5533K(5696K)->5533K(5696K) NonClass: 5024K(5120K)->5024K(5120K) Class: 508K(576K)->508K(576K)
[795.468s][info][gc          ] GC(74) Pause Young (Allocation Failure) 169M->95M(250M) 2.325ms
[795.468s][info][gc,cpu      ] GC(74) User=0.00s Sys=0.00s Real=0.01s
[805.019s][info][gc,start    ] GC(75) Pause Young (Allocation Failure)
[805.021s][info][gc,heap     ] GC(75) PSYoungGen: 75584K(80896K)->352K(81920K) Eden: 75264K(75264K)->0K(76288K) From: 320K(5632K)->352K(5632K)
[805.021s][info][gc,heap     ] GC(75) ParOldGen: 97893K(175104K)->98181K(175104K)
[805.021s][info][gc,metaspace] GC(75) Metaspace: 5533K(5696K)->5533K(5696K) NonClass: 5024K(5120K)->5024K(5120K) Class: 508K(576K)->508K(576K)
[805.021s][info][gc          ] GC(75) Pause Young (Allocation Failure) 169M->96M(251M) 1.940ms
[805.021s][info][gc,cpu      ] GC(75) User=0.01s Sys=0.00s Real=0.00s
[815.366s][info][gc,start    ] GC(76) Pause Young (Allocation Failure)
[815.368s][info][gc,heap     ] GC(76) PSYoungGen: 76640K(81920K)->320K(81408K) Eden: 76288K(76288K)->0K(76288K) From: 352K(5632K)->320K(5120K)
[815.369s][info][gc,heap     ] GC(76) ParOldGen: 98181K(175104K)->98477K(175104K)
[815.369s][info][gc,metaspace] GC(76) Metaspace: 5533K(5696K)->5533K(5696K) NonClass: 5024K(5120K)->5024K(5120K) Class: 508K(576K)->508K(576K)
[815.369s][info][gc          ] GC(76) Pause Young (Allocation Failure) 170M->96M(250M) 3.030ms
[815.369s][info][gc,cpu      ] GC(76) User=0.01s Sys=0.00s Real=0.01s
[825.728s][info][gc,start    ] GC(77) Pause Young (Allocation Failure)
[825.730s][info][gc,heap     ] GC(77) PSYoungGen: 76608K(81408K)->384K(82432K) Eden: 76288K(76288K)->0K(77312K) From: 320K(5120K)->384K(5120K)
[825.730s][info][gc,heap     ] GC(77) ParOldGen: 98477K(175104K)->98757K(175104K)
[825.730s][info][gc,metaspace] GC(77) Metaspace: 5533K(5696K)->5533K(5696K) NonClass: 5024K(5120K)->5024K(5120K) Class: 508K(576K)->508K(576K)
[825.730s][info][gc          ] GC(77) Pause Young (Allocation Failure) 170M->96M(251M) 2.053ms
[825.730s][info][gc,cpu      ] GC(77) User=0.00s Sys=0.00s Real=0.01s
[839.176s][info][gc,start    ] GC(78) Pause Young (Allocation Failure)
[839.198s][info][gc,heap     ] GC(78) PSYoungGen: 77696K(82432K)->4598K(79872K) Eden: 77312K(77312K)->0K(75264K) From: 384K(5120K)->4598K(4608K)
[839.198s][info][gc,heap     ] GC(78) ParOldGen: 98757K(175104K)->105363K(175104K)
[839.198s][info][gc,metaspace] GC(78) Metaspace: 5594K(5760K)->5594K(5760K) NonClass: 5085K(5184K)->5085K(5184K) Class: 509K(576K)->509K(576K)
[839.198s][info][gc          ] GC(78) Pause Young (Allocation Failure) 172M->107M(249M) 21.441ms
[839.198s][info][gc,cpu      ] GC(78) User=0.03s Sys=0.01s Real=0.02s
[851.681s][info][gc,start    ] GC(79) Pause Young (Allocation Failure)
[851.693s][info][gc,heap     ] GC(79) PSYoungGen: 79862K(79872K)->64K(79360K) Eden: 75264K(75264K)->0K(73728K) From: 4598K(4608K)->64K(5632K)
[851.693s][info][gc,heap     ] GC(79) ParOldGen: 105363K(175104K)->109896K(175104K)
[851.693s][info][gc,metaspace] GC(79) Metaspace: 5594K(5760K)->5594K(5760K) NonClass: 5085K(5184K)->5085K(5184K) Class: 509K(576K)->509K(576K)
[851.693s][info][gc          ] GC(79) Pause Young (Allocation Failure) 180M->107M(248M) 12.454ms
[851.693s][info][gc,cpu      ] GC(79) User=0.02s Sys=0.01s Real=0.01s
[861.345s][info][gc,start    ] GC(80) Pause Young (Allocation Failure)
[861.347s][info][gc,heap     ] GC(80) PSYoungGen: 73792K(79360K)->384K(72704K) Eden: 73728K(73728K)->0K(72192K) From: 64K(5632K)->384K(512K)
[861.347s][info][gc,heap     ] GC(80) ParOldGen: 109896K(175104K)->109904K(175104K)
[861.347s][info][gc,metaspace] GC(80) Metaspace: 5595K(5760K)->5595K(5760K) NonClass: 5085K(5184K)->5085K(5184K) Class: 509K(576K)->509K(576K)
[861.347s][info][gc          ] GC(80) Pause Young (Allocation Failure) 179M->107M(242M) 1.653ms
[861.347s][info][gc,cpu      ] GC(80) User=0.00s Sys=0.00s Real=0.00s
[870.368s][info][gc,start    ] GC(81) Pause Young (Allocation Failure)
[870.371s][info][gc,heap     ] GC(81) PSYoungGen: 72575K(72704K)->320K(79872K) Eden: 72191K(72192K)->0K(72704K) From: 384K(512K)->320K(7168K)
[870.371s][info][gc,heap     ] GC(81) ParOldGen: 109904K(175104K)->110272K(175104K)
[870.371s][info][gc,metaspace] GC(81) Metaspace: 5595K(5760K)->5595K(5760K) NonClass: 5085K(5184K)->5085K(5184K) Class: 509K(576K)->509K(576K)
[870.371s][info][gc          ] GC(81) Pause Young (Allocation Failure) 178M->108M(249M) 2.235ms
[870.371s][info][gc,cpu      ] GC(81) User=0.00s Sys=0.00s Real=0.00s
[880.153s][info][gc,start    ] GC(82) Pause Young (Allocation Failure)
[880.155s][info][gc,heap     ] GC(82) PSYoungGen: 73024K(79872K)->352K(79872K) Eden: 72704K(72704K)->0K(72704K) From: 320K(7168K)->352K(7168K)
[880.155s][info][gc,heap     ] GC(82) ParOldGen: 110272K(175104K)->110568K(175104K)
[880.155s][info][gc,metaspace] GC(82) Metaspace: 5595K(5760K)->5595K(5760K) NonClass: 5085K(5184K)->5085K(5184K) Class: 509K(576K)->509K(576K)
[880.155s][info][gc          ] GC(82) Pause Young (Allocation Failure) 179M->108M(249M) 1.951ms
[880.155s][info][gc,cpu      ] GC(82) User=0.01s Sys=0.00s Real=0.00s
[889.950s][info][gc,start    ] GC(83) Pause Young (Allocation Failure)
[889.952s][info][gc,heap     ] GC(83) PSYoungGen: 73056K(79872K)->320K(80384K) Eden: 72704K(72704K)->0K(73728K) From: 352K(7168K)->320K(6656K)
[889.952s][info][gc,heap     ] GC(83) ParOldGen: 110568K(175104K)->110880K(175104K)
[889.952s][info][gc,metaspace] GC(83) Metaspace: 5595K(5760K)->5595K(5760K) NonClass: 5085K(5184K)->5085K(5184K) Class: 509K(576K)->509K(576K)
[889.952s][info][gc          ] GC(83) Pause Young (Allocation Failure) 179M->108M(249M) 1.967ms
[889.952s][info][gc,cpu      ] GC(83) User=0.00s Sys=0.00s Real=0.00s
[899.242s][info][gc,start    ] GC(84) Pause Young (Allocation Failure)
[899.245s][info][gc,heap     ] GC(84) PSYoungGen: 74048K(80384K)->320K(80384K) Eden: 73728K(73728K)->0K(73728K) From: 320K(6656K)->320K(6656K)
[899.245s][info][gc,heap     ] GC(84) ParOldGen: 110880K(175104K)->111184K(175104K)
[899.245s][info][gc,metaspace] GC(84) Metaspace: 5595K(5760K)->5595K(5760K) NonClass: 5085K(5184K)->5085K(5184K) Class: 509K(576K)->509K(576K)
[899.245s][info][gc          ] GC(84) Pause Young (Allocation Failure) 180M->108M(249M) 2.785ms
[899.245s][info][gc,cpu      ] GC(84) User=0.00s Sys=0.01s Real=0.00s
[908.584s][info][gc,start    ] GC(85) Pause Young (Allocation Failure)
[908.586s][info][gc,heap     ] GC(85) PSYoungGen: 74048K(80384K)->352K(81408K) Eden: 73728K(73728K)->0K(75264K) From: 320K(6656K)->352K(6144K)
[908.586s][info][gc,heap     ] GC(85) ParOldGen: 111184K(175104K)->111480K(175104K)
[908.586s][info][gc,metaspace] GC(85) Metaspace: 5595K(5760K)->5595K(5760K) NonClass: 5085K(5184K)->5085K(5184K) Class: 509K(576K)->509K(576K)
[908.586s][info][gc          ] GC(85) Pause Young (Allocation Failure) 180M->109M(250M) 2.034ms
[908.586s][info][gc,cpu      ] GC(85) User=0.00s Sys=0.00s Real=0.00s
[917.988s][info][gc,start    ] GC(86) Pause Young (Allocation Failure)
[917.990s][info][gc,heap     ] GC(86) PSYoungGen: 75616K(81408K)->352K(80896K) Eden: 75264K(75264K)->0K(75264K) From: 352K(6144K)->352K(5632K)
[917.990s][info][gc,heap     ] GC(86) ParOldGen: 111480K(175104K)->111792K(175104K)
[917.990s][info][gc,metaspace] GC(86) Metaspace: 5595K(5760K)->5595K(5760K) NonClass: 5085K(5184K)->5085K(5184K) Class: 509K(576K)->509K(576K)
[917.990s][info][gc          ] GC(86) Pause Young (Allocation Failure) 182M->109M(250M) 1.950ms
[917.990s][info][gc,cpu      ] GC(86) User=0.00s Sys=0.00s Real=0.00s
[927.702s][info][gc,start    ] GC(87) Pause Young (Allocation Failure)
[927.704s][info][gc,heap     ] GC(87) PSYoungGen: 75616K(80896K)->352K(81920K) Eden: 75264K(75264K)->0K(76288K) From: 352K(5632K)->352K(5632K)
[927.704s][info][gc,heap     ] GC(87) ParOldGen: 111792K(175104K)->112104K(175104K)
[927.704s][info][gc,metaspace] GC(87) Metaspace: 5595K(5760K)->5595K(5760K) NonClass: 5085K(5184K)->5085K(5184K) Class: 509K(576K)->509K(576K)
[927.704s][info][gc          ] GC(87) Pause Young (Allocation Failure) 183M->109M(251M) 2.027ms
[927.704s][info][gc,cpu      ] GC(87) User=0.00s Sys=0.00s Real=0.00s
[937.864s][info][gc,start    ] GC(88) Pause Young (Allocation Failure)
[937.867s][info][gc,heap     ] GC(88) PSYoungGen: 76640K(81920K)->320K(81408K) Eden: 76288K(76288K)->0K(76288K) From: 352K(5632K)->320K(5120K)
[937.867s][info][gc,heap     ] GC(88) ParOldGen: 112104K(175104K)->112392K(175104K)
[937.867s][info][gc,metaspace] GC(88) Metaspace: 5595K(5760K)->5595K(5760K) NonClass: 5085K(5184K)->5085K(5184K) Class: 509K(576K)->509K(576K)
[937.867s][info][gc          ] GC(88) Pause Young (Allocation Failure) 184M->110M(250M) 2.754ms
[937.867s][info][gc,cpu      ] GC(88) User=0.00s Sys=0.00s Real=0.00s
[947.833s][info][gc,start    ] GC(89) Pause Young (Allocation Failure)
[947.835s][info][gc,heap     ] GC(89) PSYoungGen: 76608K(81408K)->352K(82432K) Eden: 76288K(76288K)->0K(77824K) From: 320K(5120K)->352K(4608K)
[947.835s][info][gc,heap     ] GC(89) ParOldGen: 112392K(175104K)->112696K(175104K)
[947.835s][info][gc,metaspace] GC(89) Metaspace: 5595K(5760K)->5595K(5760K) NonClass: 5085K(5184K)->5085K(5184K) Class: 509K(576K)->509K(576K)
[947.835s][info][gc          ] GC(89) Pause Young (Allocation Failure) 184M->110M(251M) 1.939ms
[947.835s][info][gc,cpu      ] GC(89) User=0.00s Sys=0.00s Real=0.00s
[960.624s][info][gc,start    ] GC(90) Pause Young (Allocation Failure)
[960.643s][info][gc,heap     ] GC(90) PSYoungGen: 78176K(82432K)->4578K(80384K) Eden: 77824K(77824K)->0K(75776K) From: 352K(4608K)->4578K(4608K)
[960.643s][info][gc,heap     ] GC(90) ParOldGen: 112696K(175104K)->119333K(175104K)
[960.643s][info][gc,metaspace] GC(90) Metaspace: 5598K(5760K)->5598K(5760K) NonClass: 5088K(5184K)->5088K(5184K) Class: 509K(576K)->509K(576K)
[960.643s][info][gc          ] GC(90) Pause Young (Allocation Failure) 186M->121M(249M) 19.757ms
[960.643s][info][gc,cpu      ] GC(90) User=0.04s Sys=0.01s Real=0.02s
[972.978s][info][gc,start    ] GC(91) Pause Young (Allocation Failure)
[972.991s][info][gc,heap     ] GC(91) PSYoungGen: 80354K(80384K)->672K(79872K) Eden: 75776K(75776K)->0K(74240K) From: 4578K(4608K)->672K(5632K)
[972.991s][info][gc,heap     ] GC(91) ParOldGen: 119333K(175104K)->123839K(175104K)
[972.991s][info][gc,metaspace] GC(91) Metaspace: 5598K(5760K)->5598K(5760K) NonClass: 5088K(5184K)->5088K(5184K) Class: 509K(576K)->509K(576K)
[972.991s][info][gc          ] GC(91) Pause Young (Allocation Failure) 195M->121M(249M) 13.242ms
[972.992s][info][gc,cpu      ] GC(91) User=0.02s Sys=0.01s Real=0.01s
[983.138s][info][gc,start    ] GC(92) Pause Young (Allocation Failure)
[983.141s][info][gc,heap     ] GC(92) PSYoungGen: 74912K(79872K)->448K(74752K) Eden: 74240K(74240K)->0K(74240K) From: 672K(5632K)->448K(512K)
[983.141s][info][gc,heap     ] GC(92) ParOldGen: 123839K(175104K)->124479K(175104K)
[983.141s][info][gc,metaspace] GC(92) Metaspace: 5598K(5760K)->5598K(5760K) NonClass: 5088K(5184K)->5088K(5184K) Class: 509K(576K)->509K(576K)
[983.141s][info][gc          ] GC(92) Pause Young (Allocation Failure) 194M->121M(244M) 3.499ms
[983.141s][info][gc,cpu      ] GC(92) User=0.00s Sys=0.01s Real=0.01s
[992.768s][info][gc,start    ] GC(93) Pause Young (Allocation Failure)
[992.770s][info][gc,heap     ] GC(93) PSYoungGen: 74687K(74752K)->352K(79872K) Eden: 74239K(74240K)->0K(72704K) From: 448K(512K)->352K(7168K)
[992.770s][info][gc,heap     ] GC(93) ParOldGen: 124479K(175104K)->124847K(175104K)
[992.770s][info][gc,metaspace] GC(93) Metaspace: 5598K(5760K)->5598K(5760K) NonClass: 5088K(5184K)->5088K(5184K) Class: 509K(576K)->509K(576K)
[992.770s][info][gc          ] GC(93) Pause Young (Allocation Failure) 194M->122M(249M) 2.105ms
[992.770s][info][gc,cpu      ] GC(93) User=0.00s Sys=0.00s Real=0.00s
[1003.099s][info][gc,start    ] GC(94) Pause Young (Allocation Failure)
[1003.102s][info][gc,heap     ] GC(94) PSYoungGen: 73055K(79872K)->352K(79872K) Eden: 72703K(72704K)->0K(72704K) From: 352K(7168K)->352K(7168K)
[1003.102s][info][gc,heap     ] GC(94) ParOldGen: 124847K(175104K)->125159K(175104K)
[1003.102s][info][gc,metaspace] GC(94) Metaspace: 5598K(5760K)->5598K(5760K) NonClass: 5088K(5184K)->5088K(5184K) Class: 509K(576K)->509K(576K)
[1003.102s][info][gc          ] GC(94) Pause Young (Allocation Failure) 193M->122M(249M) 2.591ms
[1003.102s][info][gc,cpu      ] GC(94) User=0.01s Sys=0.00s Real=0.00s
[1012.804s][info][gc,start    ] GC(95) Pause Young (Allocation Failure)
[1012.806s][info][gc,heap     ] GC(95) PSYoungGen: 73056K(79872K)->352K(80896K) Eden: 72704K(72704K)->0K(74240K) From: 352K(7168K)->352K(6656K)
[1012.806s][info][gc,heap     ] GC(95) ParOldGen: 125159K(175104K)->125463K(175104K)
[1012.806s][info][gc,metaspace] GC(95) Metaspace: 5598K(5760K)->5598K(5760K) NonClass: 5088K(5184K)->5088K(5184K) Class: 509K(576K)->509K(576K)
[1012.806s][info][gc          ] GC(95) Pause Young (Allocation Failure) 193M->122M(250M) 2.053ms
[1012.806s][info][gc,cpu      ] GC(95) User=0.00s Sys=0.00s Real=0.00s
[1022.692s][info][gc,start    ] GC(96) Pause Young (Allocation Failure)
[1022.696s][info][gc,heap     ] GC(96) PSYoungGen: 74592K(80896K)->352K(80384K) Eden: 74240K(74240K)->0K(74240K) From: 352K(6656K)->352K(6144K)
[1022.696s][info][gc,heap     ] GC(96) ParOldGen: 125463K(175104K)->125751K(175104K)
[1022.696s][info][gc,metaspace] GC(96) Metaspace: 5598K(5760K)->5598K(5760K) NonClass: 5088K(5184K)->5088K(5184K) Class: 509K(576K)->509K(576K)
[1022.696s][info][gc          ] GC(96) Pause Young (Allocation Failure) 195M->123M(249M) 4.188ms
[1022.696s][info][gc,cpu      ] GC(96) User=0.00s Sys=0.00s Real=0.00s
[1032.617s][info][gc,start    ] GC(97) Pause Young (Allocation Failure)
[1032.620s][info][gc,heap     ] GC(97) PSYoungGen: 74592K(80384K)->352K(81408K) Eden: 74240K(74240K)->0K(75264K) From: 352K(6144K)->352K(6144K)
[1032.620s][info][gc,heap     ] GC(97) ParOldGen: 125751K(175104K)->126063K(175104K)
[1032.620s][info][gc,metaspace] GC(97) Metaspace: 5598K(5760K)->5598K(5760K) NonClass: 5088K(5184K)->5088K(5184K) Class: 509K(576K)->509K(576K)
[1032.620s][info][gc          ] GC(97) Pause Young (Allocation Failure) 195M->123M(250M) 3.749ms
[1032.620s][info][gc,cpu      ] GC(97) User=0.00s Sys=0.00s Real=0.01s
[1043.020s][info][gc,start    ] GC(98) Pause Young (Allocation Failure)
[1043.023s][info][gc,heap     ] GC(98) PSYoungGen: 75616K(81408K)->352K(80896K) Eden: 75264K(75264K)->0K(75264K) From: 352K(6144K)->352K(5632K)
[1043.023s][info][gc,heap     ] GC(98) ParOldGen: 126063K(175104K)->126383K(175104K)
[1043.023s][info][gc,metaspace] GC(98) Metaspace: 5598K(5760K)->5598K(5760K) NonClass: 5088K(5184K)->5088K(5184K) Class: 509K(576K)->509K(576K)
[1043.024s][info][gc          ] GC(98) Pause Young (Allocation Failure) 196M->123M(250M) 3.871ms
[1043.024s][info][gc,cpu      ] GC(98) User=0.00s Sys=0.00s Real=0.00s
[1053.538s][info][gc,start    ] GC(99) Pause Young (Allocation Failure)
[1053.541s][info][gc,heap     ] GC(99) PSYoungGen: 75616K(80896K)->352K(81920K) Eden: 75264K(75264K)->0K(76800K) From: 352K(5632K)->352K(5120K)
[1053.541s][info][gc,heap     ] GC(99) ParOldGen: 126383K(175104K)->126695K(175104K)
[1053.541s][info][gc,metaspace] GC(99) Metaspace: 5598K(5760K)->5598K(5760K) NonClass: 5088K(5184K)->5088K(5184K) Class: 509K(576K)->509K(576K)
[1053.541s][info][gc          ] GC(99) Pause Young (Allocation Failure) 197M->124M(251M) 3.717ms
[1053.541s][info][gc,cpu      ] GC(99) User=0.00s Sys=0.00s Real=0.01s
[1063.817s][info][gc,start    ] GC(100) Pause Young (Allocation Failure)
[1063.821s][info][gc,heap     ] GC(100) PSYoungGen: 77152K(81920K)->352K(81920K) Eden: 76800K(76800K)->0K(76800K) From: 352K(5120K)->352K(5120K)
[1063.821s][info][gc,heap     ] GC(100) ParOldGen: 126695K(175104K)->126991K(175104K)
[1063.821s][info][gc,metaspace] GC(100) Metaspace: 5598K(5760K)->5598K(5760K) NonClass: 5088K(5184K)->5088K(5184K) Class: 509K(576K)->509K(576K)
[1063.821s][info][gc          ] GC(100) Pause Young (Allocation Failure) 199M->124M(251M) 3.389ms
[1063.821s][info][gc,cpu      ] GC(100) User=0.00s Sys=0.00s Real=0.01s
[1074.321s][info][gc,start    ] GC(101) Pause Young (Allocation Failure)
[1074.324s][info][gc,heap     ] GC(101) PSYoungGen: 77152K(81920K)->352K(82432K) Eden: 76800K(76800K)->0K(77824K) From: 352K(5120K)->352K(4608K)
[1074.324s][info][gc,heap     ] GC(101) ParOldGen: 126991K(175104K)->127295K(175104K)
[1074.324s][info][gc,metaspace] GC(101) Metaspace: 5598K(5760K)->5598K(5760K) NonClass: 5088K(5184K)->5088K(5184K) Class: 509K(576K)->509K(576K)
[1074.324s][info][gc          ] GC(101) Pause Young (Allocation Failure) 199M->124M(251M) 2.968ms
[1074.324s][info][gc,cpu      ] GC(101) User=0.00s Sys=0.00s Real=0.00s
[1087.722s][info][gc,start    ] GC(102) Pause Young (Allocation Failure)
[1087.742s][info][gc,heap     ] GC(102) PSYoungGen: 78176K(82432K)->4584K(80384K) Eden: 77824K(77824K)->0K(75776K) From: 352K(4608K)->4584K(4608K)
[1087.742s][info][gc,heap     ] GC(102) ParOldGen: 127295K(175104K)->133894K(175104K)
[1087.742s][info][gc,metaspace] GC(102) Metaspace: 5605K(5760K)->5605K(5760K) NonClass: 5095K(5184K)->5095K(5184K) Class: 509K(576K)->509K(576K)
[1087.742s][info][gc          ] GC(102) Pause Young (Allocation Failure) 200M->135M(249M) 20.122ms
[1087.742s][info][gc,cpu      ] GC(102) User=0.03s Sys=0.01s Real=0.02s
[1099.689s][info][gc,start    ] GC(103) Pause Young (Allocation Failure)
[1099.701s][info][gc,heap     ] GC(103) PSYoungGen: 80360K(80384K)->640K(79872K) Eden: 75776K(75776K)->0K(74240K) From: 4584K(4608K)->640K(5632K)
[1099.701s][info][gc,heap     ] GC(103) ParOldGen: 133894K(175104K)->138394K(175104K)
[1099.701s][info][gc,metaspace] GC(103) Metaspace: 5605K(5760K)->5605K(5760K) NonClass: 5095K(5184K)->5095K(5184K) Class: 509K(576K)->509K(576K)
[1099.701s][info][gc          ] GC(103) Pause Young (Allocation Failure) 209M->135M(249M) 11.960ms
[1099.701s][info][gc,cpu      ] GC(103) User=0.02s Sys=0.00s Real=0.01s
[1109.306s][info][gc,start    ] GC(104) Pause Young (Allocation Failure)
[1109.308s][info][gc,heap     ] GC(104) PSYoungGen: 74880K(79872K)->384K(74752K) Eden: 74240K(74240K)->0K(74240K) From: 640K(5632K)->384K(512K)
[1109.308s][info][gc,heap     ] GC(104) ParOldGen: 138394K(175104K)->138986K(175104K)
[1109.308s][info][gc,metaspace] GC(104) Metaspace: 5605K(5760K)->5605K(5760K) NonClass: 5095K(5184K)->5095K(5184K) Class: 509K(576K)->509K(576K)
[1109.308s][info][gc          ] GC(104) Pause Young (Allocation Failure) 208M->136M(244M) 2.549ms
[1109.308s][info][gc,cpu      ] GC(104) User=0.01s Sys=0.00s Real=0.01s
[1119.165s][info][gc,start    ] GC(105) Pause Young (Allocation Failure)
[1119.167s][info][gc,heap     ] GC(105) PSYoungGen: 74624K(74752K)->320K(79872K) Eden: 74240K(74240K)->0K(72704K) From: 384K(512K)->320K(7168K)
[1119.167s][info][gc,heap     ] GC(105) ParOldGen: 138986K(175104K)->139346K(175104K)
[1119.167s][info][gc,metaspace] GC(105) Metaspace: 5605K(5760K)->5605K(5760K) NonClass: 5095K(5184K)->5095K(5184K) Class: 509K(576K)->509K(576K)
[1119.167s][info][gc          ] GC(105) Pause Young (Allocation Failure) 208M->136M(249M) 2.142ms
[1119.167s][info][gc,cpu      ] GC(105) User=0.00s Sys=0.00s Real=0.00s
[1130.395s][info][gc,start    ] GC(106) Pause Young (Allocation Failure)
[1130.397s][info][gc,heap     ] GC(106) PSYoungGen: 73024K(79872K)->352K(79872K) Eden: 72704K(72704K)->0K(72704K) From: 320K(7168K)->352K(7168K)
[1130.397s][info][gc,heap     ] GC(106) ParOldGen: 139346K(175104K)->139650K(175104K)
[1130.397s][info][gc,metaspace] GC(106) Metaspace: 5605K(5760K)->5605K(5760K) NonClass: 5095K(5184K)->5095K(5184K) Class: 509K(576K)->509K(576K)
[1130.397s][info][gc          ] GC(106) Pause Young (Allocation Failure) 207M->136M(249M) 2.147ms
[1130.397s][info][gc,cpu      ] GC(106) User=0.00s Sys=0.00s Real=0.00s
[1141.119s][info][gc,start    ] GC(107) Pause Young (Allocation Failure)
[1141.123s][info][gc,heap     ] GC(107) PSYoungGen: 73055K(79872K)->320K(80896K) Eden: 72703K(72704K)->0K(74240K) From: 352K(7168K)->320K(6656K)
[1141.123s][info][gc,heap     ] GC(107) ParOldGen: 139650K(175104K)->139962K(175104K)
[1141.123s][info][gc,metaspace] GC(107) Metaspace: 5605K(5760K)->5605K(5760K) NonClass: 5095K(5184K)->5095K(5184K) Class: 509K(576K)->509K(576K)
[1141.123s][info][gc          ] GC(107) Pause Young (Allocation Failure) 207M->136M(250M) 4.121ms
[1141.123s][info][gc,cpu      ] GC(107) User=0.00s Sys=0.00s Real=0.00s
[1151.611s][info][gc,start    ] GC(108) Pause Young (Allocation Failure)
[1151.614s][info][gc,heap     ] GC(108) PSYoungGen: 74560K(80896K)->352K(80384K) Eden: 74240K(74240K)->0K(74240K) From: 320K(6656K)->352K(6144K)
[1151.614s][info][gc,heap     ] GC(108) ParOldGen: 139962K(175104K)->140250K(175104K)
[1151.614s][info][gc,metaspace] GC(108) Metaspace: 5605K(5760K)->5605K(5760K) NonClass: 5095K(5184K)->5095K(5184K) Class: 509K(576K)->509K(576K)
[1151.614s][info][gc          ] GC(108) Pause Young (Allocation Failure) 209M->137M(249M) 2.948ms
[1151.614s][info][gc,cpu      ] GC(108) User=0.01s Sys=0.01s Real=0.00s
[1162.894s][info][gc,start    ] GC(109) Pause Young (Allocation Failure)
[1162.897s][info][gc,heap     ] GC(109) PSYoungGen: 74592K(80384K)->352K(81408K) Eden: 74240K(74240K)->0K(75264K) From: 352K(6144K)->352K(6144K)
[1162.897s][info][gc,heap     ] GC(109) ParOldGen: 140250K(175104K)->140554K(175104K)
[1162.897s][info][gc,metaspace] GC(109) Metaspace: 5605K(5760K)->5605K(5760K) NonClass: 5095K(5184K)->5095K(5184K) Class: 509K(576K)->509K(576K)
[1162.897s][info][gc          ] GC(109) Pause Young (Allocation Failure) 209M->137M(250M) 2.639ms
[1162.897s][info][gc,cpu      ] GC(109) User=0.01s Sys=0.00s Real=0.00s
[1173.564s][info][gc,start    ] GC(110) Pause Young (Allocation Failure)
[1173.567s][info][gc,heap     ] GC(110) PSYoungGen: 75616K(81408K)->384K(80896K) Eden: 75264K(75264K)->0K(75264K) From: 352K(6144K)->384K(5632K)
[1173.567s][info][gc,heap     ] GC(110) ParOldGen: 140554K(175104K)->140874K(175104K)
[1173.567s][info][gc,metaspace] GC(110) Metaspace: 5605K(5760K)->5605K(5760K) NonClass: 5095K(5184K)->5095K(5184K) Class: 509K(576K)->509K(576K)
[1173.567s][info][gc          ] GC(110) Pause Young (Allocation Failure) 211M->137M(250M) 3.024ms
[1173.567s][info][gc,cpu      ] GC(110) User=0.01s Sys=0.00s Real=0.00s
[1184.053s][info][gc,start    ] GC(111) Pause Young (Allocation Failure)
[1184.055s][info][gc,heap     ] GC(111) PSYoungGen: 75648K(80896K)->320K(81920K) Eden: 75264K(75264K)->0K(76800K) From: 384K(5632K)->320K(5120K)
[1184.055s][info][gc,heap     ] GC(111) ParOldGen: 140874K(175104K)->141178K(175104K)
[1184.055s][info][gc,metaspace] GC(111) Metaspace: 5605K(5760K)->5605K(5760K) NonClass: 5095K(5184K)->5095K(5184K) Class: 509K(576K)->509K(576K)
[1184.055s][info][gc          ] GC(111) Pause Young (Allocation Failure) 211M->138M(251M) 2.084ms
[1184.055s][info][gc,cpu      ] GC(111) User=0.00s Sys=0.00s Real=0.00s
[1193.786s][info][gc,start    ] GC(112) Pause Young (Allocation Failure)
[1193.789s][info][gc,heap     ] GC(112) PSYoungGen: 77120K(81920K)->320K(81920K) Eden: 76800K(76800K)->0K(76800K) From: 320K(5120K)->320K(5120K)
[1193.789s][info][gc,heap     ] GC(112) ParOldGen: 141178K(175104K)->141458K(175104K)
[1193.789s][info][gc,metaspace] GC(112) Metaspace: 5605K(5760K)->5605K(5760K) NonClass: 5095K(5184K)->5095K(5184K) Class: 509K(576K)->509K(576K)
[1193.789s][info][gc          ] GC(112) Pause Young (Allocation Failure) 213M->138M(251M) 3.776ms
[1193.789s][info][gc,cpu      ] GC(112) User=0.00s Sys=0.00s Real=0.01s
[1204.686s][info][gc,start    ] GC(113) Pause Young (Allocation Failure)
[1204.690s][info][gc,heap     ] GC(113) PSYoungGen: 77120K(81920K)->352K(82432K) Eden: 76800K(76800K)->0K(77824K) From: 320K(5120K)->352K(4608K)
[1204.690s][info][gc,heap     ] GC(113) ParOldGen: 141458K(175104K)->141738K(175104K)
[1204.690s][info][gc,metaspace] GC(113) Metaspace: 5605K(5760K)->5605K(5760K) NonClass: 5095K(5184K)->5095K(5184K) Class: 509K(576K)->509K(576K)
[1204.690s][info][gc          ] GC(113) Pause Young (Allocation Failure) 213M->138M(251M) 4.082ms
[1204.690s][info][gc,cpu      ] GC(113) User=0.00s Sys=0.00s Real=0.01s
[1219.248s][info][gc,start    ] GC(114) Pause Young (Allocation Failure)
[1219.267s][info][gc,heap     ] GC(114) PSYoungGen: 78176K(82432K)->4578K(80384K) Eden: 77824K(77824K)->0K(75776K) From: 352K(4608K)->4578K(4608K)
[1219.267s][info][gc,heap     ] GC(114) ParOldGen: 141738K(175104K)->148276K(175104K)
[1219.267s][info][gc,metaspace] GC(114) Metaspace: 5608K(5760K)->5608K(5760K) NonClass: 5098K(5184K)->5098K(5184K) Class: 509K(576K)->509K(576K)
[1219.267s][info][gc          ] GC(114) Pause Young (Allocation Failure) 214M->149M(249M) 18.859ms
[1219.267s][info][gc,cpu      ] GC(114) User=0.04s Sys=0.00s Real=0.01s
[1231.902s][info][gc,start    ] GC(115) Pause Young (Allocation Failure)
[1231.913s][info][gc,heap     ] GC(115) PSYoungGen: 80354K(80384K)->64K(79872K) Eden: 75776K(75776K)->0K(74240K) From: 4578K(4608K)->64K(5632K)
[1231.913s][info][gc,heap     ] GC(115) ParOldGen: 148276K(175104K)->152783K(175104K)
[1231.913s][info][gc,metaspace] GC(115) Metaspace: 5608K(5760K)->5608K(5760K) NonClass: 5098K(5184K)->5098K(5184K) Class: 509K(576K)->509K(576K)
[1231.913s][info][gc          ] GC(115) Pause Young (Allocation Failure) 223M->149M(249M) 10.413ms
[1231.913s][info][gc,cpu      ] GC(115) User=0.01s Sys=0.00s Real=0.01s
[1242.096s][info][gc,start    ] GC(116) Pause Young (Allocation Failure)
[1242.098s][info][gc,heap     ] GC(116) PSYoungGen: 74304K(79872K)->384K(74752K) Eden: 74240K(74240K)->0K(74240K) From: 64K(5632K)->384K(512K)
[1242.098s][info][gc,heap     ] GC(116) ParOldGen: 152783K(175104K)->152783K(175104K)
[1242.098s][info][gc,metaspace] GC(116) Metaspace: 5608K(5760K)->5608K(5760K) NonClass: 5098K(5184K)->5098K(5184K) Class: 509K(576K)->509K(576K)
[1242.098s][info][gc          ] GC(116) Pause Young (Allocation Failure) 221M->149M(244M) 2.038ms
[1242.098s][info][gc,cpu      ] GC(116) User=0.01s Sys=0.00s Real=0.00s
[1253.532s][info][gc,start    ] GC(117) Pause Young (Allocation Failure)
[1253.534s][info][gc,heap     ] GC(117) PSYoungGen: 74624K(74752K)->320K(79872K) Eden: 74240K(74240K)->0K(72704K) From: 384K(512K)->320K(7168K)
[1253.534s][info][gc,heap     ] GC(117) ParOldGen: 152783K(175104K)->153135K(175104K)
[1253.534s][info][gc,metaspace] GC(117) Metaspace: 5608K(5760K)->5608K(5760K) NonClass: 5098K(5184K)->5098K(5184K) Class: 509K(576K)->509K(576K)
[1253.534s][info][gc          ] GC(117) Pause Young (Allocation Failure) 222M->149M(249M) 2.288ms
[1253.534s][info][gc,cpu      ] GC(117) User=0.00s Sys=0.00s Real=0.00s
[1264.081s][info][gc,start    ] GC(118) Pause Young (Allocation Failure)
[1264.084s][info][gc,heap     ] GC(118) PSYoungGen: 73024K(79872K)->352K(79872K) Eden: 72704K(72704K)->0K(72704K) From: 320K(7168K)->352K(7168K)
[1264.084s][info][gc,heap     ] GC(118) ParOldGen: 153135K(175104K)->153439K(175104K)
[1264.084s][info][gc,metaspace] GC(118) Metaspace: 5608K(5760K)->5608K(5760K) NonClass: 5098K(5184K)->5098K(5184K) Class: 509K(576K)->509K(576K)
[1264.084s][info][gc          ] GC(118) Pause Young (Allocation Failure) 220M->150M(249M) 2.451ms
[1264.084s][info][gc,cpu      ] GC(118) User=0.00s Sys=0.00s Real=0.00s
[1274.769s][info][gc,start    ] GC(119) Pause Young (Allocation Failure)
[1274.772s][info][gc,heap     ] GC(119) PSYoungGen: 73056K(79872K)->352K(80896K) Eden: 72704K(72704K)->0K(74240K) From: 352K(7168K)->352K(6656K)
[1274.772s][info][gc,heap     ] GC(119) ParOldGen: 153439K(175104K)->153735K(175104K)
[1274.772s][info][gc,metaspace] GC(119) Metaspace: 5608K(5760K)->5608K(5760K) NonClass: 5098K(5184K)->5098K(5184K) Class: 509K(576K)->509K(576K)
[1274.772s][info][gc          ] GC(119) Pause Young (Allocation Failure) 221M->150M(250M) 2.755ms
[1274.772s][info][gc,cpu      ] GC(119) User=0.01s Sys=0.00s Real=0.00s
[1285.421s][info][gc,start    ] GC(120) Pause Young (Allocation Failure)
[1285.423s][info][gc,heap     ] GC(120) PSYoungGen: 74591K(80896K)->352K(80384K) Eden: 74239K(74240K)->0K(74240K) From: 352K(6656K)->352K(6144K)
[1285.423s][info][gc,heap     ] GC(120) ParOldGen: 153735K(175104K)->154039K(175104K)
[1285.423s][info][gc,metaspace] GC(120) Metaspace: 5608K(5760K)->5608K(5760K) NonClass: 5098K(5184K)->5098K(5184K) Class: 509K(576K)->509K(576K)
[1285.423s][info][gc          ] GC(120) Pause Young (Allocation Failure) 222M->150M(249M) 2.375ms
[1285.423s][info][gc,cpu      ] GC(120) User=0.01s Sys=0.01s Real=0.00s
[1296.240s][info][gc,start    ] GC(121) Pause Young (Allocation Failure)
[1296.242s][info][gc,heap     ] GC(121) PSYoungGen: 74592K(80384K)->352K(81408K) Eden: 74240K(74240K)->0K(75264K) From: 352K(6144K)->352K(6144K)
[1296.242s][info][gc,heap     ] GC(121) ParOldGen: 154039K(175104K)->154351K(175104K)
[1296.242s][info][gc,metaspace] GC(121) Metaspace: 5608K(5760K)->5608K(5760K) NonClass: 5098K(5184K)->5098K(5184K) Class: 509K(576K)->509K(576K)
[1296.242s][info][gc          ] GC(121) Pause Young (Allocation Failure) 223M->151M(250M) 2.391ms
[1296.242s][info][gc,cpu      ] GC(121) User=0.00s Sys=0.00s Real=0.00s
[1307.563s][info][gc,start    ] GC(122) Pause Young (Allocation Failure)
[1307.567s][info][gc,heap     ] GC(122) PSYoungGen: 75616K(81408K)->352K(80896K) Eden: 75264K(75264K)->0K(75264K) From: 352K(6144K)->352K(5632K)
[1307.567s][info][gc,heap     ] GC(122) ParOldGen: 154351K(175104K)->154679K(175104K)
[1307.567s][info][gc,metaspace] GC(122) Metaspace: 5608K(5760K)->5608K(5760K) NonClass: 5098K(5184K)->5098K(5184K) Class: 509K(576K)->509K(576K)
[1307.567s][info][gc          ] GC(122) Pause Young (Allocation Failure) 224M->151M(250M) 3.539ms
[1307.567s][info][gc,cpu      ] GC(122) User=0.00s Sys=0.00s Real=0.00s
[1318.532s][info][gc,start    ] GC(123) Pause Young (Allocation Failure)
[1318.536s][info][gc,heap     ] GC(123) PSYoungGen: 75616K(80896K)->352K(81920K) Eden: 75264K(75264K)->0K(76800K) From: 352K(5632K)->352K(5120K)
[1318.536s][info][gc,heap     ] GC(123) ParOldGen: 154679K(175104K)->154999K(175104K)
[1318.536s][info][gc,metaspace] GC(123) Metaspace: 5608K(5760K)->5608K(5760K) NonClass: 5098K(5184K)->5098K(5184K) Class: 509K(576K)->509K(576K)
[1318.536s][info][gc          ] GC(123) Pause Young (Allocation Failure) 224M->151M(251M) 3.762ms
[1318.536s][info][gc,cpu      ] GC(123) User=0.00s Sys=0.00s Real=0.00s
[1327.919s][info][gc,start    ] GC(124) Pause Young (Allocation Failure)
[1327.921s][info][gc,heap     ] GC(124) PSYoungGen: 77152K(81920K)->352K(81920K) Eden: 76800K(76800K)->0K(76800K) From: 352K(5120K)->352K(5120K)
[1327.921s][info][gc,heap     ] GC(124) ParOldGen: 154999K(175104K)->155303K(175104K)
[1327.921s][info][gc,metaspace] GC(124) Metaspace: 5608K(5760K)->5608K(5760K) NonClass: 5098K(5184K)->5098K(5184K) Class: 509K(576K)->509K(576K)
[1327.921s][info][gc          ] GC(124) Pause Young (Allocation Failure) 226M->152M(251M) 2.084ms
[1327.921s][info][gc,cpu      ] GC(124) User=0.00s Sys=0.00s Real=0.00s
[1338.489s][info][gc,heap,exit] Heap
[1338.489s][info][gc,heap,exit]  PSYoungGen      total 81920K, used 75605K [0x00000000eba00000, 0x00000000f0f00000, 0x0000000100000000)
[1338.489s][info][gc,heap,exit]   eden space 76800K, 97% used [0x00000000eba00000,0x00000000f037d700,0x00000000f0500000)
[1338.489s][info][gc,heap,exit]   from space 5120K, 6% used [0x00000000f0500000,0x00000000f0558000,0x00000000f0a00000)
[1338.489s][info][gc,heap,exit]   to   space 4608K, 0% used [0x00000000f0a80000,0x00000000f0a80000,0x00000000f0f00000)
[1338.489s][info][gc,heap,exit]  ParOldGen       total 175104K, used 155303K [0x00000000c2e00000, 0x00000000cd900000, 0x00000000eba00000)
[1338.489s][info][gc,heap,exit]   object space 175104K, 88% used [0x00000000c2e00000,0x00000000cc5a9f00,0x00000000cd900000)
[1338.489s][info][gc,heap,exit]  Metaspace       used 5683K, committed 5824K, reserved 1114112K
[1338.489s][info][gc,heap,exit]   class space    used 517K, committed 576K, reserved 1048576K
