[0.004s][info][metaspace]  - commit_granule_bytes: 65536.
[0.004s][info][metaspace]  - commit_granule_words: 8192.
[0.004s][info][metaspace]  - virtual_space_node_default_size: 8388608.
[0.004s][info][metaspace]  - enlarge_chunks_in_place: 1.
[0.008s][info][gc,init  ] CardTable entry size: 512
[0.008s][info][gc       ] Using Parallel
[0.010s][info][gc,init  ] Version: 24-internal-adhoc.root.jdk (release)
[0.010s][info][gc,init  ] CPUs: 2 total, 2 available
[0.010s][info][gc,init  ] Memory: 3908M
[0.010s][info][gc,init  ] Large Page Support: Disabled
[0.010s][info][gc,init  ] NUMA Support: Disabled
[0.010s][info][gc,init  ] Compressed Oops: Enabled (32-bit)
[0.010s][info][gc,init  ] Alignments: Space 512K, Generation 512K, Heap 2M
[0.010s][info][gc,init  ] Heap Min Capacity: 256M
[0.010s][info][gc,init  ] Heap Initial Capacity: 256M
[0.010s][info][gc,init  ] Heap Max Capacity: 978M
[0.010s][info][gc,init  ] Pre-touch: Disabled
[0.010s][info][gc,init  ] Parallel Workers: 2
[0.036s][info][gc,metaspace] CDS archive(s) mapped at: [0x00007f7aea000000-0x00007f7aeadc0000-0x00007f7aeadc0000), size 14417920, SharedBaseAddress: 0x00007f7aea000000, ArchiveRelocationMode: 1.
[0.036s][info][gc,metaspace] Compressed class space mapped at: 0x00007f7aeb000000-0x00007f7b2b000000, reserved size: 1073741824
[0.036s][info][gc,metaspace] UseCompressedClassPointers 1, UseCompactObjectHeaders 0
[0.036s][info][gc,metaspace] Narrow klass pointer bits 32, Max shift 3
[0.036s][info][gc,metaspace] Narrow klass base: 0x00007f7aea000000, Narrow klass shift: 0
[0.036s][info][gc,metaspace] Encoding Range: [0x00007f7aea000000 - 0x00007f7bea000000), (4294967296 bytes)
[0.036s][info][gc,metaspace] Klass Range:    [0x00007f7aea000000 - 0x00007f7b2b000000), (1090519040 bytes)
[0.036s][info][gc,metaspace] Klass ID Range:  [8 - 1090519033) (1090519025)
[1.064s][info][gc,start    ] GC(0) Pause Young (Allocation Failure)
[1.089s][info][gc,heap     ] GC(0) PSYoungGen: 65536K(76288K)->10261K(76288K) Eden: 65536K(65536K)->0K(65536K) From: 0K(10752K)->10261K(10752K)
[1.089s][info][gc,heap     ] GC(0) ParOldGen: 1157K(175104K)->1165K(175104K)
[1.089s][info][gc,metaspace] GC(0) Metaspace: 4839K(4992K)->4839K(4992K) NonClass: 4342K(4416K)->4342K(4416K) Class: 497K(576K)->497K(576K)
[1.089s][info][gc          ] GC(0) Pause Young (Allocation Failure) 65M->11M(245M) 24.893ms
[1.089s][info][gc,cpu      ] GC(0) User=0.04s Sys=0.00s Real=0.03s
[15.397s][info][gc,start    ] GC(1) Pause Young (Allocation Failure)
[15.423s][info][gc,heap     ] GC(1) PSYoungGen: 75797K(76288K)->10729K(141824K) Eden: 65536K(65536K)->0K(131072K) From: 10261K(10752K)->10729K(10752K)
[15.423s][info][gc,heap     ] GC(1) ParOldGen: 1165K(175104K)->3690K(175104K)
[15.423s][info][gc,metaspace] GC(1) Metaspace: 5217K(5376K)->5217K(5376K) NonClass: 4718K(4800K)->4718K(4800K) Class: 498K(576K)->498K(576K)
[15.423s][info][gc          ] GC(1) Pause Young (Allocation Failure) 75M->14M(309M) 26.962ms
[15.424s][info][gc,cpu      ] GC(1) User=0.05s Sys=0.01s Real=0.03s
[35.838s][info][gc,start    ] GC(2) Pause Young (Allocation Failure)
[35.860s][info][gc,heap     ] GC(2) PSYoungGen: 141801K(141824K)->10703K(141824K) Eden: 131072K(131072K)->0K(131072K) From: 10729K(10752K)->10703K(10752K)
[35.860s][info][gc,heap     ] GC(2) ParOldGen: 3690K(175104K)->3698K(175104K)
[35.860s][info][gc,metaspace] GC(2) Metaspace: 5225K(5376K)->5225K(5376K) NonClass: 4727K(4800K)->4727K(4800K) Class: 498K(576K)->498K(576K)
[35.860s][info][gc          ] GC(2) Pause Young (Allocation Failure) 142M->14M(309M) 21.706ms
[35.860s][info][gc,cpu      ] GC(2) User=0.03s Sys=0.01s Real=0.02s
[53.137s][info][gc,start    ] GC(3) Pause Young (Allocation Failure)
[53.154s][info][gc,heap     ] GC(3) PSYoungGen: 141775K(141824K)->10719K(141824K) Eden: 131072K(131072K)->0K(131072K) From: 10703K(10752K)->10719K(10752K)
[53.154s][info][gc,heap     ] GC(3) ParOldGen: 3698K(175104K)->3698K(175104K)
[53.154s][info][gc,metaspace] GC(3) Metaspace: 5227K(5376K)->5227K(5376K) NonClass: 4728K(4800K)->4728K(4800K) Class: 498K(576K)->498K(576K)
[53.154s][info][gc          ] GC(3) Pause Young (Allocation Failure) 142M->14M(309M) 17.319ms
[53.154s][info][gc,cpu      ] GC(3) User=0.03s Sys=0.01s Real=0.01s
[70.857s][info][gc,start    ] GC(4) Pause Young (Allocation Failure)
[70.875s][info][gc,heap     ] GC(4) PSYoungGen: 141791K(141824K)->10719K(137728K) Eden: 131072K(131072K)->0K(126976K) From: 10719K(10752K)->10719K(10752K)
[70.875s][info][gc,heap     ] GC(4) ParOldGen: 3698K(175104K)->3698K(175104K)
[70.875s][info][gc,metaspace] GC(4) Metaspace: 5227K(5376K)->5227K(5376K) NonClass: 4728K(4800K)->4728K(4800K) Class: 498K(576K)->498K(576K)
[70.875s][info][gc          ] GC(4) Pause Young (Allocation Failure) 142M->14M(305M) 17.493ms
[70.875s][info][gc,cpu      ] GC(4) User=0.03s Sys=0.00s Real=0.01s
[88.542s][info][gc,start    ] GC(5) Pause Young (Allocation Failure)
[88.560s][info][gc,heap     ] GC(5) PSYoungGen: 137695K(137728K)->10719K(133632K) Eden: 126976K(126976K)->0K(122880K) From: 10719K(10752K)->10719K(10752K)
[88.560s][info][gc,heap     ] GC(5) ParOldGen: 3698K(175104K)->3698K(175104K)
[88.560s][info][gc,metaspace] GC(5) Metaspace: 5227K(5376K)->5227K(5376K) NonClass: 4728K(4800K)->4728K(4800K) Class: 498K(576K)->498K(576K)
[88.560s][info][gc          ] GC(5) Pause Young (Allocation Failure) 138M->14M(301M) 17.523ms
[88.560s][info][gc,cpu      ] GC(5) User=0.03s Sys=0.00s Real=0.02s
[106.624s][info][gc,start    ] GC(6) Pause Young (Allocation Failure)
[106.646s][info][gc,heap     ] GC(6) PSYoungGen: 133599K(133632K)->64K(119808K) Eden: 122880K(122880K)->0K(119296K) From: 10719K(10752K)->64K(512K)
[106.646s][info][gc,heap     ] GC(6) ParOldGen: 3698K(175104K)->14183K(175104K)
[106.646s][info][gc,metaspace] GC(6) Metaspace: 5227K(5376K)->5227K(5376K) NonClass: 4729K(4800K)->4729K(4800K) Class: 498K(576K)->498K(576K)
[106.646s][info][gc          ] GC(6) Pause Young (Allocation Failure) 134M->13M(288M) 22.530ms
[106.646s][info][gc,cpu      ] GC(6) User=0.04s Sys=0.01s Real=0.02s
[123.746s][info][gc,start    ] GC(7) Pause Young (Allocation Failure)
[123.749s][info][gc,heap     ] GC(7) PSYoungGen: 119360K(119808K)->512K(129536K) Eden: 119296K(119296K)->0K(115712K) From: 64K(512K)->512K(13824K)
[123.749s][info][gc,heap     ] GC(7) ParOldGen: 14183K(175104K)->14191K(175104K)
[123.749s][info][gc,metaspace] GC(7) Metaspace: 5227K(5376K)->5227K(5376K) NonClass: 4729K(4800K)->4729K(4800K) Class: 498K(576K)->498K(576K)
[123.749s][info][gc          ] GC(7) Pause Young (Allocation Failure) 130M->14M(297M) 2.140ms
[123.749s][info][gc,cpu      ] GC(7) User=0.00s Sys=0.00s Real=0.01s
[141.889s][info][gc,start    ] GC(8) Pause Young (Allocation Failure)
[141.910s][info][gc,heap     ] GC(8) PSYoungGen: 116224K(129536K)->11953K(124416K) Eden: 115712K(115712K)->0K(112128K) From: 512K(13824K)->11953K(12288K)
[141.910s][info][gc,heap     ] GC(8) ParOldGen: 14191K(175104K)->14207K(175104K)
[141.910s][info][gc,metaspace] GC(8) Metaspace: 5426K(5568K)->5426K(5568K) NonClass: 4917K(4992K)->4917K(4992K) Class: 508K(576K)->508K(576K)
[141.910s][info][gc          ] GC(8) Pause Young (Allocation Failure) 127M->25M(292M) 20.417ms
[141.910s][info][gc,cpu      ] GC(8) User=0.04s Sys=0.00s Real=0.02s
[161.752s][info][gc,start    ] GC(9) Pause Young (Allocation Failure)
[161.774s][info][gc,heap     ] GC(9) PSYoungGen: 124081K(124416K)->11458K(122880K) Eden: 112128K(112128K)->0K(109056K) From: 11953K(12288K)->11458K(13824K)
[161.774s][info][gc,heap     ] GC(9) ParOldGen: 14207K(175104K)->14655K(175104K)
[161.774s][info][gc,metaspace] GC(9) Metaspace: 5428K(5632K)->5428K(5632K) NonClass: 4919K(5056K)->4919K(5056K) Class: 508K(576K)->508K(576K)
[161.774s][info][gc          ] GC(9) Pause Young (Allocation Failure) 135M->25M(291M) 22.188ms
[161.774s][info][gc,cpu      ] GC(9) User=0.04s Sys=0.00s Real=0.02s
[176.818s][info][gc,start    ] GC(10) Pause Young (Allocation Failure)
[176.839s][info][gc,heap     ] GC(10) PSYoungGen: 120514K(122880K)->64K(106496K) Eden: 109056K(109056K)->0K(105984K) From: 11458K(13824K)->64K(512K)
[176.839s][info][gc,heap     ] GC(10) ParOldGen: 14655K(175104K)->25864K(175104K)
[176.839s][info][gc,metaspace] GC(10) Metaspace: 5429K(5632K)->5429K(5632K) NonClass: 4920K(5056K)->4920K(5056K) Class: 508K(576K)->508K(576K)
[176.839s][info][gc          ] GC(10) Pause Young (Allocation Failure) 132M->25M(275M) 21.469ms
[176.839s][info][gc,cpu      ] GC(10) User=0.03s Sys=0.01s Real=0.02s
[192.208s][info][gc,start    ] GC(11) Pause Young (Allocation Failure)
[192.210s][info][gc,heap     ] GC(11) PSYoungGen: 106048K(106496K)->512K(118784K) Eden: 105984K(105984K)->0K(102912K) From: 64K(512K)->512K(15872K)
[192.210s][info][gc,heap     ] GC(11) ParOldGen: 25864K(175104K)->25872K(175104K)
[192.210s][info][gc,metaspace] GC(11) Metaspace: 5429K(5632K)->5429K(5632K) NonClass: 4920K(5056K)->4920K(5056K) Class: 508K(576K)->508K(576K)
[192.211s][info][gc          ] GC(11) Pause Young (Allocation Failure) 128M->25M(287M) 2.404ms
[192.211s][info][gc,cpu      ] GC(11) User=0.00s Sys=0.00s Real=0.00s
[207.427s][info][gc,start    ] GC(12) Pause Young (Allocation Failure)
[207.430s][info][gc,heap     ] GC(12) PSYoungGen: 103424K(118784K)->480K(100352K) Eden: 102912K(102912K)->0K(99840K) From: 512K(15872K)->480K(512K)
[207.430s][info][gc,heap     ] GC(12) ParOldGen: 25872K(175104K)->26320K(175104K)
[207.430s][info][gc,metaspace] GC(12) Metaspace: 5429K(5632K)->5429K(5632K) NonClass: 4920K(5056K)->4920K(5056K) Class: 508K(576K)->508K(576K)
[207.430s][info][gc          ] GC(12) Pause Young (Allocation Failure) 126M->26M(269M) 2.534ms
[207.430s][info][gc,cpu      ] GC(12) User=0.00s Sys=0.00s Real=0.00s
[221.787s][info][gc,start    ] GC(13) Pause Young (Allocation Failure)
[221.789s][info][gc,heap     ] GC(13) PSYoungGen: 100320K(100352K)->448K(113152K) Eden: 99840K(99840K)->0K(97280K) From: 480K(512K)->448K(15872K)
[221.789s][info][gc,heap     ] GC(13) ParOldGen: 26320K(175104K)->26744K(175104K)
[221.789s][info][gc,metaspace] GC(13) Metaspace: 5429K(5632K)->5429K(5632K) NonClass: 4920K(5056K)->4920K(5056K) Class: 508K(576K)->508K(576K)
[221.789s][info][gc          ] GC(13) Pause Young (Allocation Failure) 123M->26M(281M) 2.535ms
[221.789s][info][gc,cpu      ] GC(13) User=0.00s Sys=0.01s Real=0.01s
[235.865s][info][gc,start    ] GC(14) Pause Young (Allocation Failure)
[235.867s][info][gc,heap     ] GC(14) PSYoungGen: 97728K(113152K)->416K(95232K) Eden: 97280K(97280K)->0K(94720K) From: 448K(15872K)->416K(512K)
[235.867s][info][gc,heap     ] GC(14) ParOldGen: 26744K(175104K)->27160K(175104K)
[235.867s][info][gc,metaspace] GC(14) Metaspace: 5429K(5632K)->5429K(5632K) NonClass: 4920K(5056K)->4920K(5056K) Class: 508K(576K)->508K(576K)
[235.867s][info][gc          ] GC(14) Pause Young (Allocation Failure) 121M->26M(264M) 2.462ms
[235.867s][info][gc,cpu      ] GC(14) User=0.01s Sys=0.00s Real=0.01s
[249.442s][info][gc,start    ] GC(15) Pause Young (Allocation Failure)
[249.445s][info][gc,heap     ] GC(15) PSYoungGen: 95136K(95232K)->384K(107520K) Eden: 94720K(94720K)->0K(92160K) From: 416K(512K)->384K(15360K)
[249.445s][info][gc,heap     ] GC(15) ParOldGen: 27160K(175104K)->27552K(175104K)
[249.445s][info][gc,metaspace] GC(15) Metaspace: 5429K(5632K)->5429K(5632K) NonClass: 4920K(5056K)->4920K(5056K) Class: 508K(576K)->508K(576K)
[249.445s][info][gc          ] GC(15) Pause Young (Allocation Failure) 119M->27M(276M) 2.799ms
[249.445s][info][gc,cpu      ] GC(15) User=0.00s Sys=0.00s Real=0.00s
[262.775s][info][gc,start    ] GC(16) Pause Young (Allocation Failure)
[262.778s][info][gc,heap     ] GC(16) PSYoungGen: 92544K(107520K)->384K(90112K) Eden: 92160K(92160K)->0K(89600K) From: 384K(15360K)->384K(512K)
[262.778s][info][gc,heap     ] GC(16) ParOldGen: 27552K(175104K)->27912K(175104K)
[262.778s][info][gc,metaspace] GC(16) Metaspace: 5429K(5632K)->5429K(5632K) NonClass: 4920K(5056K)->4920K(5056K) Class: 508K(576K)->508K(576K)
[262.778s][info][gc          ] GC(16) Pause Young (Allocation Failure) 117M->27M(259M) 2.829ms
[262.778s][info][gc,cpu      ] GC(16) User=0.00s Sys=0.00s Real=0.01s
[277.854s][info][gc,start    ] GC(17) Pause Young (Allocation Failure)
[277.876s][info][gc,heap     ] GC(17) PSYoungGen: 89984K(90112K)->11138K(103936K) Eden: 89600K(89600K)->0K(87040K) From: 384K(512K)->11138K(16896K)
[277.876s][info][gc,heap     ] GC(17) ParOldGen: 27912K(175104K)->28264K(175104K)
[277.876s][info][gc,metaspace] GC(17) Metaspace: 5449K(5632K)->5449K(5632K) NonClass: 4940K(5056K)->4940K(5056K) Class: 508K(576K)->508K(576K)
[277.876s][info][gc          ] GC(17) Pause Young (Allocation Failure) 115M->38M(272M) 21.427ms
[277.876s][info][gc,cpu      ] GC(17) User=0.04s Sys=0.00s Real=0.02s
[293.248s][info][gc,start    ] GC(18) Pause Young (Allocation Failure)
[293.286s][info][gc,heap     ] GC(18) PSYoungGen: 98178K(103936K)->64K(85504K) Eden: 87040K(87040K)->0K(84992K) From: 11138K(16896K)->64K(512K)
[293.286s][info][gc,heap     ] GC(18) ParOldGen: 28264K(175104K)->39108K(175104K)
[293.286s][info][gc,metaspace] GC(18) Metaspace: 5450K(5632K)->5450K(5632K) NonClass: 4941K(5056K)->4941K(5056K) Class: 508K(576K)->508K(576K)
[293.286s][info][gc          ] GC(18) Pause Young (Allocation Failure) 123M->38M(254M) 37.695ms
[293.286s][info][gc,cpu      ] GC(18) User=0.04s Sys=0.01s Real=0.03s
[305.224s][info][gc,start    ] GC(19) Pause Young (Allocation Failure)
[305.226s][info][gc,heap     ] GC(19) PSYoungGen: 85056K(85504K)->448K(97792K) Eden: 84992K(84992K)->0K(82944K) From: 64K(512K)->448K(14848K)
[305.226s][info][gc,heap     ] GC(19) ParOldGen: 39108K(175104K)->39116K(175104K)
[305.226s][info][gc,metaspace] GC(19) Metaspace: 5450K(5632K)->5450K(5632K) NonClass: 4941K(5056K)->4941K(5056K) Class: 508K(576K)->508K(576K)
[305.226s][info][gc          ] GC(19) Pause Young (Allocation Failure) 121M->38M(266M) 1.876ms
[305.226s][info][gc,cpu      ] GC(19) User=0.00s Sys=0.00s Real=0.00s
[317.008s][info][gc,start    ] GC(20) Pause Young (Allocation Failure)
[317.011s][info][gc,heap     ] GC(20) PSYoungGen: 83392K(97792K)->384K(81408K) Eden: 82944K(82944K)->0K(80896K) From: 448K(14848K)->384K(512K)
[317.011s][info][gc,heap     ] GC(20) ParOldGen: 39116K(175104K)->39532K(175104K)
[317.011s][info][gc,metaspace] GC(20) Metaspace: 5450K(5632K)->5450K(5632K) NonClass: 4941K(5056K)->4941K(5056K) Class: 508K(576K)->508K(576K)
[317.011s][info][gc          ] GC(20) Pause Young (Allocation Failure) 119M->38M(250M) 2.890ms
[317.011s][info][gc,cpu      ] GC(20) User=0.01s Sys=0.01s Real=0.00s
[329.439s][info][gc,start    ] GC(21) Pause Young (Allocation Failure)
[329.441s][info][gc,heap     ] GC(21) PSYoungGen: 81280K(81408K)->384K(92672K) Eden: 80896K(80896K)->0K(78848K) From: 384K(512K)->384K(13824K)
[329.441s][info][gc,heap     ] GC(21) ParOldGen: 39532K(175104K)->39868K(175104K)
[329.441s][info][gc,metaspace] GC(21) Metaspace: 5450K(5632K)->5450K(5632K) NonClass: 4941K(5056K)->4941K(5056K) Class: 508K(576K)->508K(576K)
[329.441s][info][gc          ] GC(21) Pause Young (Allocation Failure) 117M->39M(261M) 2.703ms
[329.442s][info][gc,cpu      ] GC(21) User=0.00s Sys=0.00s Real=0.00s
[340.293s][info][gc,start    ] GC(22) Pause Young (Allocation Failure)
[340.295s][info][gc,heap     ] GC(22) PSYoungGen: 79232K(92672K)->352K(77312K) Eden: 78848K(78848K)->0K(76800K) From: 384K(13824K)->352K(512K)
[340.295s][info][gc,heap     ] GC(22) ParOldGen: 39868K(175104K)->40204K(175104K)
[340.295s][info][gc,metaspace] GC(22) Metaspace: 5450K(5632K)->5450K(5632K) NonClass: 4941K(5056K)->4941K(5056K) Class: 508K(576K)->508K(576K)
[340.295s][info][gc          ] GC(22) Pause Young (Allocation Failure) 116M->39M(246M) 2.394ms
[340.295s][info][gc,cpu      ] GC(22) User=0.01s Sys=0.00s Real=0.00s
[350.673s][info][gc,start    ] GC(23) Pause Young (Allocation Failure)
[350.676s][info][gc,heap     ] GC(23) PSYoungGen: 77152K(77312K)->352K(87040K) Eden: 76800K(76800K)->0K(74752K) From: 352K(512K)->352K(12288K)
[350.676s][info][gc,heap     ] GC(23) ParOldGen: 40204K(175104K)->40540K(175104K)
[350.676s][info][gc,metaspace] GC(23) Metaspace: 5450K(5632K)->5450K(5632K) NonClass: 4941K(5056K)->4941K(5056K) Class: 508K(576K)->508K(576K)
[350.676s][info][gc          ] GC(23) Pause Young (Allocation Failure) 114M->39M(256M) 2.471ms
[350.676s][info][gc,cpu      ] GC(23) User=0.01s Sys=0.00s Real=0.00s
[360.378s][info][gc,start    ] GC(24) Pause Young (Allocation Failure)
[360.381s][info][gc,heap     ] GC(24) PSYoungGen: 75104K(87040K)->352K(73728K) Eden: 74752K(74752K)->0K(73216K) From: 352K(12288K)->352K(512K)
[360.381s][info][gc,heap     ] GC(24) ParOldGen: 40540K(175104K)->40868K(175104K)
[360.381s][info][gc,metaspace] GC(24) Metaspace: 5450K(5632K)->5450K(5632K) NonClass: 4941K(5056K)->4941K(5056K) Class: 508K(576K)->508K(576K)
[360.381s][info][gc          ] GC(24) Pause Young (Allocation Failure) 112M->40M(243M) 3.043ms
[360.381s][info][gc,cpu      ] GC(24) User=0.00s Sys=0.00s Real=0.00s
[370.649s][info][gc,start    ] GC(25) Pause Young (Allocation Failure)
[370.653s][info][gc,heap     ] GC(25) PSYoungGen: 73568K(73728K)->352K(82944K) Eden: 73216K(73216K)->0K(71680K) From: 352K(512K)->352K(11264K)
[370.653s][info][gc,heap     ] GC(25) ParOldGen: 40868K(175104K)->41164K(175104K)
[370.653s][info][gc,metaspace] GC(25) Metaspace: 5450K(5632K)->5450K(5632K) NonClass: 4941K(5056K)->4941K(5056K) Class: 508K(576K)->508K(576K)
[370.653s][info][gc          ] GC(25) Pause Young (Allocation Failure) 111M->40M(252M) 3.322ms
[370.653s][info][gc,cpu      ] GC(25) User=0.00s Sys=0.00s Real=0.00s
[379.459s][info][gc,start    ] GC(26) Pause Young (Allocation Failure)
[379.462s][info][gc,heap     ] GC(26) PSYoungGen: 72032K(82944K)->320K(70656K) Eden: 71680K(71680K)->0K(70144K) From: 352K(11264K)->320K(512K)
[379.463s][info][gc,heap     ] GC(26) ParOldGen: 41164K(175104K)->41460K(175104K)
[379.463s][info][gc,metaspace] GC(26) Metaspace: 5450K(5632K)->5450K(5632K) NonClass: 4941K(5056K)->4941K(5056K) Class: 508K(576K)->508K(576K)
[379.463s][info][gc          ] GC(26) Pause Young (Allocation Failure) 110M->40M(240M) 3.544ms
[379.463s][info][gc,cpu      ] GC(26) User=0.00s Sys=0.00s Real=0.00s
[388.338s][info][gc,start    ] GC(27) Pause Young (Allocation Failure)
[388.341s][info][gc,heap     ] GC(27) PSYoungGen: 70464K(70656K)->320K(77824K) Eden: 70144K(70144K)->0K(68608K) From: 320K(512K)->320K(9216K)
[388.341s][info][gc,heap     ] GC(27) ParOldGen: 41460K(175104K)->41756K(175104K)
[388.341s][info][gc,metaspace] GC(27) Metaspace: 5450K(5632K)->5450K(5632K) NonClass: 4941K(5056K)->4941K(5056K) Class: 508K(576K)->508K(576K)
[388.341s][info][gc          ] GC(27) Pause Young (Allocation Failure) 109M->41M(247M) 3.501ms
[388.341s][info][gc,cpu      ] GC(27) User=0.00s Sys=0.00s Real=0.00s
[396.211s][info][gc,start    ] GC(28) Pause Young (Allocation Failure)
[396.217s][info][gc,heap     ] GC(28) PSYoungGen: 68928K(77824K)->4084K(71168K) Eden: 68608K(68608K)->0K(67072K) From: 320K(9216K)->4084K(4096K)
[396.217s][info][gc,heap     ] GC(28) ParOldGen: 41756K(175104K)->42036K(175104K)
[396.217s][info][gc,metaspace] GC(28) Metaspace: 5454K(5632K)->5454K(5632K) NonClass: 4945K(5056K)->4945K(5056K) Class: 508K(576K)->508K(576K)
[396.217s][info][gc          ] GC(28) Pause Young (Allocation Failure) 108M->45M(240M) 6.380ms
[396.217s][info][gc,cpu      ] GC(28) User=0.01s Sys=0.00s Real=0.01s
[408.712s][info][gc,start    ] GC(29) Pause Young (Allocation Failure)
[408.730s][info][gc,heap     ] GC(29) PSYoungGen: 71156K(71168K)->7202K(77312K) Eden: 67072K(67072K)->0K(65536K) From: 4084K(4096K)->7202K(11776K)
[408.730s][info][gc,heap     ] GC(29) ParOldGen: 42036K(175104K)->46032K(175104K)
[408.730s][info][gc,metaspace] GC(29) Metaspace: 5499K(5632K)->5499K(5632K) NonClass: 4990K(5056K)->4990K(5056K) Class: 508K(576K)->508K(576K)
[408.730s][info][gc          ] GC(29) Pause Young (Allocation Failure) 110M->51M(246M) 17.320ms
[408.730s][info][gc,cpu      ] GC(29) User=0.03s Sys=0.00s Real=0.02s
[418.808s][info][gc,start    ] GC(30) Pause Young (Allocation Failure)
[418.821s][info][gc,heap     ] GC(30) PSYoungGen: 72738K(77312K)->64K(64512K) Eden: 65536K(65536K)->0K(64000K) From: 7202K(11776K)->64K(512K)
[418.821s][info][gc,heap     ] GC(30) ParOldGen: 46032K(175104K)->52980K(175104K)
[418.821s][info][gc,metaspace] GC(30) Metaspace: 5501K(5632K)->5501K(5632K) NonClass: 4992K(5056K)->4992K(5056K) Class: 508K(576K)->508K(576K)
[418.821s][info][gc          ] GC(30) Pause Young (Allocation Failure) 115M->51M(234M) 12.601ms
[418.821s][info][gc,cpu      ] GC(30) User=0.01s Sys=0.02s Real=0.01s
[426.853s][info][gc,start    ] GC(31) Pause Young (Allocation Failure)
[426.855s][info][gc,heap     ] GC(31) PSYoungGen: 64064K(64512K)->320K(74240K) Eden: 64000K(64000K)->0K(63488K) From: 64K(512K)->320K(10752K)
[426.855s][info][gc,heap     ] GC(31) ParOldGen: 52980K(175104K)->52996K(175104K)
[426.855s][info][gc,metaspace] GC(31) Metaspace: 5501K(5632K)->5501K(5632K) NonClass: 4992K(5056K)->4992K(5056K) Class: 508K(576K)->508K(576K)
[426.855s][info][gc          ] GC(31) Pause Young (Allocation Failure) 114M->52M(243M) 1.524ms
[426.855s][info][gc,cpu      ] GC(31) User=0.00s Sys=0.00s Real=0.00s
[434.655s][info][gc,start    ] GC(32) Pause Young (Allocation Failure)
[434.657s][info][gc,heap     ] GC(32) PSYoungGen: 63808K(74240K)->320K(75264K) Eden: 63488K(63488K)->0K(63488K) From: 320K(10752K)->320K(11776K)
[434.657s][info][gc,heap     ] GC(32) ParOldGen: 52996K(175104K)->53300K(175104K)
[434.657s][info][gc,metaspace] GC(32) Metaspace: 5501K(5632K)->5501K(5632K) NonClass: 4992K(5056K)->4992K(5056K) Class: 508K(576K)->508K(576K)
[434.657s][info][gc          ] GC(32) Pause Young (Allocation Failure) 114M->52M(244M) 2.083ms
[434.657s][info][gc,cpu      ] GC(32) User=0.01s Sys=0.00s Real=0.01s
[443.162s][info][gc,start    ] GC(33) Pause Young (Allocation Failure)
[443.164s][info][gc,heap     ] GC(33) PSYoungGen: 63808K(75264K)->320K(76800K) Eden: 63488K(63488K)->0K(66048K) From: 320K(11776K)->320K(10752K)
[443.164s][info][gc,heap     ] GC(33) ParOldGen: 53300K(175104K)->53556K(175104K)
[443.164s][info][gc,metaspace] GC(33) Metaspace: 5501K(5632K)->5501K(5632K) NonClass: 4992K(5056K)->4992K(5056K) Class: 508K(576K)->508K(576K)
[443.164s][info][gc          ] GC(33) Pause Young (Allocation Failure) 114M->52M(246M) 2.148ms
[443.164s][info][gc,cpu      ] GC(33) User=0.00s Sys=0.00s Real=0.00s
[452.083s][info][gc,start    ] GC(34) Pause Young (Allocation Failure)
[452.085s][info][gc,heap     ] GC(34) PSYoungGen: 66368K(76800K)->288K(76288K) Eden: 66048K(66048K)->0K(66048K) From: 320K(10752K)->288K(10240K)
[452.085s][info][gc,heap     ] GC(34) ParOldGen: 53556K(175104K)->53820K(175104K)
[452.085s][info][gc,metaspace] GC(34) Metaspace: 5501K(5632K)->5501K(5632K) NonClass: 4992K(5056K)->4992K(5056K) Class: 508K(576K)->508K(576K)
[452.085s][info][gc          ] GC(34) Pause Young (Allocation Failure) 117M->52M(245M) 1.619ms
[452.085s][info][gc,cpu      ] GC(34) User=0.01s Sys=0.00s Real=0.00s
[460.726s][info][gc,start    ] GC(35) Pause Young (Allocation Failure)
[460.729s][info][gc,heap     ] GC(35) PSYoungGen: 66336K(76288K)->320K(77824K) Eden: 66048K(66048K)->0K(68096K) From: 288K(10240K)->320K(9728K)
[460.729s][info][gc,heap     ] GC(35) ParOldGen: 53820K(175104K)->54100K(175104K)
[460.729s][info][gc,metaspace] GC(35) Metaspace: 5501K(5632K)->5501K(5632K) NonClass: 4992K(5056K)->4992K(5056K) Class: 508K(576K)->508K(576K)
[460.729s][info][gc          ] GC(35) Pause Young (Allocation Failure) 117M->53M(247M) 2.512ms
[460.729s][info][gc,cpu      ] GC(35) User=0.00s Sys=0.00s Real=0.01s
[469.699s][info][gc,start    ] GC(36) Pause Young (Allocation Failure)
[469.701s][info][gc,heap     ] GC(36) PSYoungGen: 68415K(77824K)->320K(77312K) Eden: 68095K(68096K)->0K(68096K) From: 320K(9728K)->320K(9216K)
[469.701s][info][gc,heap     ] GC(36) ParOldGen: 54100K(175104K)->54372K(175104K)
[469.701s][info][gc,metaspace] GC(36) Metaspace: 5501K(5632K)->5501K(5632K) NonClass: 4992K(5056K)->4992K(5056K) Class: 508K(576K)->508K(576K)
[469.701s][info][gc          ] GC(36) Pause Young (Allocation Failure) 119M->53M(246M) 2.026ms
[469.701s][info][gc,cpu      ] GC(36) User=0.01s Sys=0.00s Real=0.00s
[478.935s][info][gc,start    ] GC(37) Pause Young (Allocation Failure)
[478.937s][info][gc,heap     ] GC(37) PSYoungGen: 68416K(77312K)->352K(78848K) Eden: 68096K(68096K)->0K(70144K) From: 320K(9216K)->352K(8704K)
[478.937s][info][gc,heap     ] GC(37) ParOldGen: 54372K(175104K)->54652K(175104K)
[478.937s][info][gc,metaspace] GC(37) Metaspace: 5501K(5632K)->5501K(5632K) NonClass: 4992K(5056K)->4992K(5056K) Class: 508K(576K)->508K(576K)
[478.937s][info][gc          ] GC(37) Pause Young (Allocation Failure) 119M->53M(248M) 1.701ms
[478.937s][info][gc,cpu      ] GC(37) User=0.00s Sys=0.00s Real=0.00s
[488.351s][info][gc,start    ] GC(38) Pause Young (Allocation Failure)
[488.353s][info][gc,heap     ] GC(38) PSYoungGen: 70496K(78848K)->352K(78336K) Eden: 70144K(70144K)->0K(70144K) From: 352K(8704K)->352K(8192K)
[488.353s][info][gc,heap     ] GC(38) ParOldGen: 54652K(175104K)->54932K(175104K)
[488.353s][info][gc,metaspace] GC(38) Metaspace: 5501K(5632K)->5501K(5632K) NonClass: 4992K(5056K)->4992K(5056K) Class: 508K(576K)->508K(576K)
[488.353s][info][gc          ] GC(38) Pause Young (Allocation Failure) 122M->53M(247M) 2.468ms
[488.353s][info][gc,cpu      ] GC(38) User=0.00s Sys=0.00s Real=0.00s
[498.275s][info][gc,start    ] GC(39) Pause Young (Allocation Failure)
[498.277s][info][gc,heap     ] GC(39) PSYoungGen: 70496K(78336K)->352K(79872K) Eden: 70144K(70144K)->0K(72192K) From: 352K(8192K)->352K(7680K)
[498.277s][info][gc,heap     ] GC(39) ParOldGen: 54932K(175104K)->55220K(175104K)
[498.277s][info][gc,metaspace] GC(39) Metaspace: 5501K(5632K)->5501K(5632K) NonClass: 4992K(5056K)->4992K(5056K) Class: 508K(576K)->508K(576K)
[498.277s][info][gc          ] GC(39) Pause Young (Allocation Failure) 122M->54M(249M) 1.802ms
[498.277s][info][gc,cpu      ] GC(39) User=0.00s Sys=0.00s Real=0.01s
[508.119s][info][gc,start    ] GC(40) Pause Young (Allocation Failure)
[508.121s][info][gc,heap     ] GC(40) PSYoungGen: 72544K(79872K)->352K(79360K) Eden: 72192K(72192K)->0K(72192K) From: 352K(7680K)->352K(7168K)
[508.121s][info][gc,heap     ] GC(40) ParOldGen: 55220K(175104K)->55516K(175104K)
[508.121s][info][gc,metaspace] GC(40) Metaspace: 5501K(5632K)->5501K(5632K) NonClass: 4992K(5056K)->4992K(5056K) Class: 508K(576K)->508K(576K)
[508.121s][info][gc          ] GC(40) Pause Young (Allocation Failure) 124M->54M(248M) 1.840ms
[508.121s][info][gc,cpu      ] GC(40) User=0.00s Sys=0.01s Real=0.00s
[517.110s][info][gc,start    ] GC(41) Pause Young (Allocation Failure)
[517.112s][info][gc,heap     ] GC(41) PSYoungGen: 72544K(79360K)->352K(80384K) Eden: 72192K(72192K)->0K(73728K) From: 352K(7168K)->352K(6656K)
[517.112s][info][gc,heap     ] GC(41) ParOldGen: 55516K(175104K)->55820K(175104K)
[517.112s][info][gc,metaspace] GC(41) Metaspace: 5501K(5632K)->5501K(5632K) NonClass: 4992K(5056K)->4992K(5056K) Class: 508K(576K)->508K(576K)
[517.112s][info][gc          ] GC(41) Pause Young (Allocation Failure) 125M->54M(249M) 1.770ms
[517.112s][info][gc,cpu      ] GC(41) User=0.00s Sys=0.00s Real=0.00s
[529.010s][info][gc,start    ] GC(42) Pause Young (Allocation Failure)
[529.027s][info][gc,heap     ] GC(42) PSYoungGen: 74080K(80384K)->6637K(78848K) Eden: 73728K(73728K)->0K(72192K) From: 352K(6656K)->6637K(6656K)
[529.027s][info][gc,heap     ] GC(42) ParOldGen: 55820K(175104K)->60329K(175104K)
[529.027s][info][gc,metaspace] GC(42) Metaspace: 5516K(5696K)->5516K(5696K) NonClass: 5007K(5120K)->5007K(5120K) Class: 508K(576K)->508K(576K)
[529.027s][info][gc          ] GC(42) Pause Young (Allocation Failure) 126M->65M(248M) 17.489ms
[529.027s][info][gc,cpu      ] GC(42) User=0.03s Sys=0.01s Real=0.02s
[539.577s][info][gc,start    ] GC(43) Pause Young (Allocation Failure)
[539.593s][info][gc,heap     ] GC(43) PSYoungGen: 78829K(78848K)->64K(77824K) Eden: 72192K(72192K)->0K(70656K) From: 6637K(6656K)->64K(7168K)
[539.593s][info][gc,heap     ] GC(43) ParOldGen: 60329K(175104K)->66806K(175104K)
[539.593s][info][gc,metaspace] GC(43) Metaspace: 5516K(5696K)->5516K(5696K) NonClass: 5007K(5120K)->5007K(5120K) Class: 508K(576K)->508K(576K)
[539.593s][info][gc          ] GC(43) Pause Young (Allocation Failure) 135M->65M(247M) 15.785ms
[539.593s][info][gc,cpu      ] GC(43) User=0.02s Sys=0.01s Real=0.01s
[548.091s][info][gc,start    ] GC(44) Pause Young (Allocation Failure)
[548.092s][info][gc,heap     ] GC(44) PSYoungGen: 70720K(77824K)->384K(71168K) Eden: 70656K(70656K)->0K(70656K) From: 64K(7168K)->384K(512K)
[548.093s][info][gc,heap     ] GC(44) ParOldGen: 66806K(175104K)->66806K(175104K)
[548.093s][info][gc,metaspace] GC(44) Metaspace: 5516K(5696K)->5516K(5696K) NonClass: 5007K(5120K)->5007K(5120K) Class: 508K(576K)->508K(576K)
[548.093s][info][gc          ] GC(44) Pause Young (Allocation Failure) 134M->65M(240M) 1.472ms
[548.093s][info][gc,cpu      ] GC(44) User=0.00s Sys=0.00s Real=0.00s
[556.550s][info][gc,start    ] GC(45) Pause Young (Allocation Failure)
[556.551s][info][gc,heap     ] GC(45) PSYoungGen: 71040K(71168K)->320K(78848K) Eden: 70656K(70656K)->0K(70144K) From: 384K(512K)->320K(8704K)
[556.552s][info][gc,heap     ] GC(45) ParOldGen: 66806K(175104K)->67142K(175104K)
[556.552s][info][gc,metaspace] GC(45) Metaspace: 5516K(5696K)->5516K(5696K) NonClass: 5007K(5120K)->5007K(5120K) Class: 508K(576K)->508K(576K)
[556.552s][info][gc          ] GC(45) Pause Young (Allocation Failure) 134M->65M(248M) 1.910ms
[556.552s][info][gc,cpu      ] GC(45) User=0.00s Sys=0.00s Real=0.00s
[565.502s][info][gc,start    ] GC(46) Pause Young (Allocation Failure)
[565.503s][info][gc,heap     ] GC(46) PSYoungGen: 70463K(78848K)->320K(78336K) Eden: 70143K(70144K)->0K(70144K) From: 320K(8704K)->320K(8192K)
[565.503s][info][gc,heap     ] GC(46) ParOldGen: 67142K(175104K)->67430K(175104K)
[565.503s][info][gc,metaspace] GC(46) Metaspace: 5516K(5696K)->5516K(5696K) NonClass: 5007K(5120K)->5007K(5120K) Class: 508K(576K)->508K(576K)
[565.503s][info][gc          ] GC(46) Pause Young (Allocation Failure) 134M->66M(247M) 1.737ms
[565.503s][info][gc,cpu      ] GC(46) User=0.01s Sys=0.00s Real=0.00s
[574.119s][info][gc,start    ] GC(47) Pause Young (Allocation Failure)
[574.121s][info][gc,heap     ] GC(47) PSYoungGen: 70464K(78336K)->352K(79360K) Eden: 70144K(70144K)->0K(71680K) From: 320K(8192K)->352K(7680K)
[574.121s][info][gc,heap     ] GC(47) ParOldGen: 67430K(175104K)->67726K(175104K)
[574.121s][info][gc,metaspace] GC(47) Metaspace: 5516K(5696K)->5516K(5696K) NonClass: 5007K(5120K)->5007K(5120K) Class: 508K(576K)->508K(576K)
[574.121s][info][gc          ] GC(47) Pause Young (Allocation Failure) 134M->66M(248M) 2.003ms
[574.121s][info][gc,cpu      ] GC(47) User=0.00s Sys=0.00s Real=0.00s
[583.623s][info][gc,start    ] GC(48) Pause Young (Allocation Failure)
[583.627s][info][gc,heap     ] GC(48) PSYoungGen: 72032K(79360K)->352K(79360K) Eden: 71680K(71680K)->0K(71680K) From: 352K(7680K)->352K(7680K)
[583.627s][info][gc,heap     ] GC(48) ParOldGen: 67726K(175104K)->68022K(175104K)
[583.627s][info][gc,metaspace] GC(48) Metaspace: 5516K(5696K)->5516K(5696K) NonClass: 5007K(5120K)->5007K(5120K) Class: 508K(576K)->508K(576K)
[583.627s][info][gc          ] GC(48) Pause Young (Allocation Failure) 136M->66M(248M) 3.839ms
[583.627s][info][gc,cpu      ] GC(48) User=0.00s Sys=0.00s Real=0.00s
[592.669s][info][gc,start    ] GC(49) Pause Young (Allocation Failure)
[592.672s][info][gc,heap     ] GC(49) PSYoungGen: 72032K(79360K)->384K(80384K) Eden: 71680K(71680K)->0K(73216K) From: 352K(7680K)->384K(7168K)
[592.672s][info][gc,heap     ] GC(49) ParOldGen: 68022K(175104K)->68318K(175104K)
[592.672s][info][gc,metaspace] GC(49) Metaspace: 5516K(5696K)->5516K(5696K) NonClass: 5007K(5120K)->5007K(5120K) Class: 508K(576K)->508K(576K)
[592.672s][info][gc          ] GC(49) Pause Young (Allocation Failure) 136M->67M(249M) 2.702ms
[592.672s][info][gc,cpu      ] GC(49) User=0.00s Sys=0.00s Real=0.00s
[601.686s][info][gc,start    ] GC(50) Pause Young (Allocation Failure)
[601.689s][info][gc,heap     ] GC(50) PSYoungGen: 73599K(80384K)->320K(79872K) Eden: 73215K(73216K)->0K(73216K) From: 384K(7168K)->320K(6656K)
[601.689s][info][gc,heap     ] GC(50) ParOldGen: 68318K(175104K)->68614K(175104K)
[601.689s][info][gc,metaspace] GC(50) Metaspace: 5516K(5696K)->5516K(5696K) NonClass: 5007K(5120K)->5007K(5120K) Class: 508K(576K)->508K(576K)
[601.690s][info][gc          ] GC(50) Pause Young (Allocation Failure) 138M->67M(249M) 3.459ms
[601.690s][info][gc,cpu      ] GC(50) User=0.00s Sys=0.00s Real=0.01s
[610.804s][info][gc,start    ] GC(51) Pause Young (Allocation Failure)
[610.806s][info][gc,heap     ] GC(51) PSYoungGen: 73536K(79872K)->320K(81408K) Eden: 73216K(73216K)->0K(75264K) From: 320K(6656K)->320K(6144K)
[610.806s][info][gc,heap     ] GC(51) ParOldGen: 68614K(175104K)->68902K(175104K)
[610.806s][info][gc,metaspace] GC(51) Metaspace: 5516K(5696K)->5516K(5696K) NonClass: 5007K(5120K)->5007K(5120K) Class: 508K(576K)->508K(576K)
[610.806s][info][gc          ] GC(51) Pause Young (Allocation Failure) 138M->67M(250M) 1.801ms
[610.806s][info][gc,cpu      ] GC(51) User=0.00s Sys=0.00s Real=0.00s
[619.948s][info][gc,start    ] GC(52) Pause Young (Allocation Failure)
[619.949s][info][gc,heap     ] GC(52) PSYoungGen: 75584K(81408K)->320K(80896K) Eden: 75264K(75264K)->0K(75264K) From: 320K(6144K)->320K(5632K)
[619.949s][info][gc,heap     ] GC(52) ParOldGen: 68902K(175104K)->69190K(175104K)
[619.949s][info][gc,metaspace] GC(52) Metaspace: 5516K(5696K)->5516K(5696K) NonClass: 5007K(5120K)->5007K(5120K) Class: 508K(576K)->508K(576K)
[619.949s][info][gc          ] GC(52) Pause Young (Allocation Failure) 141M->67M(250M) 1.724ms
[619.949s][info][gc,cpu      ] GC(52) User=0.01s Sys=0.00s Real=0.00s
[629.687s][info][gc,start    ] GC(53) Pause Young (Allocation Failure)
[629.689s][info][gc,heap     ] GC(53) PSYoungGen: 75583K(80896K)->352K(81920K) Eden: 75263K(75264K)->0K(76288K) From: 320K(5632K)->352K(5632K)
[629.689s][info][gc,heap     ] GC(53) ParOldGen: 69190K(175104K)->69478K(175104K)
[629.689s][info][gc,metaspace] GC(53) Metaspace: 5516K(5696K)->5516K(5696K) NonClass: 5007K(5120K)->5007K(5120K) Class: 508K(576K)->508K(576K)
[629.689s][info][gc          ] GC(53) Pause Young (Allocation Failure) 141M->68M(251M) 1.786ms
[629.689s][info][gc,cpu      ] GC(53) User=0.00s Sys=0.00s Real=0.01s
[643.069s][info][gc,start    ] GC(54) Pause Young (Allocation Failure)
[643.091s][info][gc,heap     ] GC(54) PSYoungGen: 76640K(81920K)->5115K(79360K) Eden: 76288K(76288K)->0K(74240K) From: 352K(5632K)->5115K(5120K)
[643.091s][info][gc,heap     ] GC(54) ParOldGen: 69478K(175104K)->75568K(175104K)
[643.091s][info][gc,metaspace] GC(54) Metaspace: 5541K(5696K)->5541K(5696K) NonClass: 5031K(5120K)->5031K(5120K) Class: 509K(576K)->509K(576K)
[643.091s][info][gc          ] GC(54) Pause Young (Allocation Failure) 142M->78M(248M) 21.759ms
[643.091s][info][gc,cpu      ] GC(54) User=0.04s Sys=0.00s Real=0.02s
[654.747s][info][gc,start    ] GC(55) Pause Young (Allocation Failure)
[654.758s][info][gc,heap     ] GC(55) PSYoungGen: 79355K(79360K)->64K(78848K) Eden: 74240K(74240K)->0K(72704K) From: 5115K(5120K)->64K(6144K)
[654.758s][info][gc,heap     ] GC(55) ParOldGen: 75568K(175104K)->80571K(175104K)
[654.758s][info][gc,metaspace] GC(55) Metaspace: 5541K(5696K)->5541K(5696K) NonClass: 5031K(5120K)->5031K(5120K) Class: 509K(576K)->509K(576K)
[654.758s][info][gc          ] GC(55) Pause Young (Allocation Failure) 151M->78M(248M) 11.219ms
[654.758s][info][gc,cpu      ] GC(55) User=0.02s Sys=0.01s Real=0.01s
[664.184s][info][gc,start    ] GC(56) Pause Young (Allocation Failure)
[664.185s][info][gc,heap     ] GC(56) PSYoungGen: 72768K(78848K)->384K(73216K) Eden: 72704K(72704K)->0K(72704K) From: 64K(6144K)->384K(512K)
[664.185s][info][gc,heap     ] GC(56) ParOldGen: 80571K(175104K)->80579K(175104K)
[664.185s][info][gc,metaspace] GC(56) Metaspace: 5541K(5696K)->5541K(5696K) NonClass: 5031K(5120K)->5031K(5120K) Class: 509K(576K)->509K(576K)
[664.185s][info][gc          ] GC(56) Pause Young (Allocation Failure) 149M->79M(242M) 1.531ms
[664.186s][info][gc,cpu      ] GC(56) User=0.00s Sys=0.00s Real=0.00s
[672.338s][info][gc,start    ] GC(57) Pause Young (Allocation Failure)
[672.339s][info][gc,heap     ] GC(57) PSYoungGen: 73088K(73216K)->320K(79360K) Eden: 72704K(72704K)->0K(71680K) From: 384K(512K)->320K(7680K)
[672.339s][info][gc,heap     ] GC(57) ParOldGen: 80579K(175104K)->80923K(175104K)
[672.339s][info][gc,metaspace] GC(57) Metaspace: 5541K(5696K)->5541K(5696K) NonClass: 5031K(5120K)->5031K(5120K) Class: 509K(576K)->509K(576K)
[672.340s][info][gc          ] GC(57) Pause Young (Allocation Failure) 150M->79M(248M) 1.777ms
[672.340s][info][gc,cpu      ] GC(57) User=0.00s Sys=0.00s Real=0.00s
[680.395s][info][gc,start    ] GC(58) Pause Young (Allocation Failure)
[680.397s][info][gc,heap     ] GC(58) PSYoungGen: 72000K(79360K)->352K(79360K) Eden: 71680K(71680K)->0K(71680K) From: 320K(7680K)->352K(7680K)
[680.397s][info][gc,heap     ] GC(58) ParOldGen: 80923K(175104K)->81227K(175104K)
[680.397s][info][gc,metaspace] GC(58) Metaspace: 5541K(5696K)->5541K(5696K) NonClass: 5031K(5120K)->5031K(5120K) Class: 509K(576K)->509K(576K)
[680.397s][info][gc          ] GC(58) Pause Young (Allocation Failure) 149M->79M(248M) 1.828ms
[680.397s][info][gc,cpu      ] GC(58) User=0.00s Sys=0.00s Real=0.01s
[688.930s][info][gc,start    ] GC(59) Pause Young (Allocation Failure)
[688.932s][info][gc,heap     ] GC(59) PSYoungGen: 72032K(79360K)->352K(80384K) Eden: 71680K(71680K)->0K(73216K) From: 352K(7680K)->352K(7168K)
[688.932s][info][gc,heap     ] GC(59) ParOldGen: 81227K(175104K)->81531K(175104K)
[688.932s][info][gc,metaspace] GC(59) Metaspace: 5541K(5696K)->5541K(5696K) NonClass: 5031K(5120K)->5031K(5120K) Class: 509K(576K)->509K(576K)
[688.932s][info][gc          ] GC(59) Pause Young (Allocation Failure) 149M->79M(249M) 1.676ms
[688.932s][info][gc,cpu      ] GC(59) User=0.01s Sys=0.00s Real=0.00s
[697.782s][info][gc,start    ] GC(60) Pause Young (Allocation Failure)
[697.784s][info][gc,heap     ] GC(60) PSYoungGen: 73568K(80384K)->352K(79872K) Eden: 73216K(73216K)->0K(73216K) From: 352K(7168K)->352K(6656K)
[697.784s][info][gc,heap     ] GC(60) ParOldGen: 81531K(175104K)->81835K(175104K)
[697.784s][info][gc,metaspace] GC(60) Metaspace: 5541K(5696K)->5541K(5696K) NonClass: 5031K(5120K)->5031K(5120K) Class: 509K(576K)->509K(576K)
[697.784s][info][gc          ] GC(60) Pause Young (Allocation Failure) 151M->80M(249M) 1.894ms
[697.784s][info][gc,cpu      ] GC(60) User=0.01s Sys=0.01s Real=0.00s
[705.744s][info][gc,start    ] GC(61) Pause Young (Allocation Failure)
[705.746s][info][gc,heap     ] GC(61) PSYoungGen: 73568K(79872K)->352K(80896K) Eden: 73216K(73216K)->0K(74752K) From: 352K(6656K)->352K(6144K)
[705.746s][info][gc,heap     ] GC(61) ParOldGen: 81835K(175104K)->82131K(175104K)
[705.746s][info][gc,metaspace] GC(61) Metaspace: 5541K(5696K)->5541K(5696K) NonClass: 5031K(5120K)->5031K(5120K) Class: 509K(576K)->509K(576K)
[705.746s][info][gc          ] GC(61) Pause Young (Allocation Failure) 151M->80M(250M) 2.334ms
[705.746s][info][gc,cpu      ] GC(61) User=0.00s Sys=0.00s Real=0.00s
[713.796s][info][gc,start    ] GC(62) Pause Young (Allocation Failure)
[713.799s][info][gc,heap     ] GC(62) PSYoungGen: 75104K(80896K)->320K(80896K) Eden: 74752K(74752K)->0K(74752K) From: 352K(6144K)->320K(6144K)
[713.799s][info][gc,heap     ] GC(62) ParOldGen: 82131K(175104K)->82435K(175104K)
[713.799s][info][gc,metaspace] GC(62) Metaspace: 5541K(5696K)->5541K(5696K) NonClass: 5031K(5120K)->5031K(5120K) Class: 509K(576K)->509K(576K)
[713.799s][info][gc          ] GC(62) Pause Young (Allocation Failure) 153M->80M(250M) 3.034ms
[713.799s][info][gc,cpu      ] GC(62) User=0.00s Sys=0.00s Real=0.01s
[722.285s][info][gc,start    ] GC(63) Pause Young (Allocation Failure)
[722.289s][info][gc,heap     ] GC(63) PSYoungGen: 75072K(80896K)->384K(81920K) Eden: 74752K(74752K)->0K(76288K) From: 320K(6144K)->384K(5632K)
[722.289s][info][gc,heap     ] GC(63) ParOldGen: 82435K(175104K)->82715K(175104K)
[722.289s][info][gc,metaspace] GC(63) Metaspace: 5541K(5696K)->5541K(5696K) NonClass: 5031K(5120K)->5031K(5120K) Class: 509K(576K)->509K(576K)
[722.289s][info][gc          ] GC(63) Pause Young (Allocation Failure) 153M->81M(251M) 3.997ms
[722.289s][info][gc,cpu      ] GC(63) User=0.00s Sys=0.00s Real=0.01s
[731.363s][info][gc,start    ] GC(64) Pause Young (Allocation Failure)
[731.369s][info][gc,heap     ] GC(64) PSYoungGen: 76672K(81920K)->320K(81408K) Eden: 76288K(76288K)->0K(76288K) From: 384K(5632K)->320K(5120K)
[731.369s][info][gc,heap     ] GC(64) ParOldGen: 82715K(175104K)->83003K(175104K)
[731.369s][info][gc,metaspace] GC(64) Metaspace: 5541K(5696K)->5541K(5696K) NonClass: 5031K(5120K)->5031K(5120K) Class: 509K(576K)->509K(576K)
[731.369s][info][gc          ] GC(64) Pause Young (Allocation Failure) 155M->81M(250M) 5.466ms
[731.369s][info][gc,cpu      ] GC(64) User=0.00s Sys=0.00s Real=0.01s
[740.924s][info][gc,start    ] GC(65) Pause Young (Allocation Failure)
[740.929s][info][gc,heap     ] GC(65) PSYoungGen: 76608K(81408K)->352K(82432K) Eden: 76288K(76288K)->0K(77312K) From: 320K(5120K)->352K(5120K)
[740.929s][info][gc,heap     ] GC(65) ParOldGen: 83003K(175104K)->83299K(175104K)
[740.929s][info][gc,metaspace] GC(65) Metaspace: 5541K(5696K)->5541K(5696K) NonClass: 5031K(5120K)->5031K(5120K) Class: 509K(576K)->509K(576K)
[740.929s][info][gc          ] GC(65) Pause Young (Allocation Failure) 155M->81M(251M) 4.826ms
[740.929s][info][gc,cpu      ] GC(65) User=0.01s Sys=0.00s Real=0.01s
[752.831s][info][gc,start    ] GC(66) Pause Young (Allocation Failure)
[752.853s][info][gc,heap     ] GC(66) PSYoungGen: 77664K(82432K)->4596K(79872K) Eden: 77312K(77312K)->0K(75264K) From: 352K(5120K)->4596K(4608K)
[752.853s][info][gc,heap     ] GC(66) ParOldGen: 83299K(175104K)->89875K(175104K)
[752.853s][info][gc,metaspace] GC(66) Metaspace: 5552K(5696K)->5552K(5696K) NonClass: 5042K(5120K)->5042K(5120K) Class: 509K(576K)->509K(576K)
[752.853s][info][gc          ] GC(66) Pause Young (Allocation Failure) 157M->92M(249M) 22.435ms
[752.853s][info][gc,cpu      ] GC(66) User=0.04s Sys=0.01s Real=0.02s
[764.903s][info][gc,start    ] GC(67) Pause Young (Allocation Failure)
[764.914s][info][gc,heap     ] GC(67) PSYoungGen: 79860K(79872K)->64K(79360K) Eden: 75264K(75264K)->0K(73728K) From: 4596K(4608K)->64K(5632K)
[764.915s][info][gc,heap     ] GC(67) ParOldGen: 89875K(175104K)->94405K(175104K)
[764.915s][info][gc,metaspace] GC(67) Metaspace: 5552K(5696K)->5552K(5696K) NonClass: 5042K(5120K)->5042K(5120K) Class: 509K(576K)->509K(576K)
[764.915s][info][gc          ] GC(67) Pause Young (Allocation Failure) 165M->92M(248M) 12.026ms
[764.915s][info][gc,cpu      ] GC(67) User=0.02s Sys=0.00s Real=0.01s
[774.318s][info][gc,start    ] GC(68) Pause Young (Allocation Failure)
[774.320s][info][gc,heap     ] GC(68) PSYoungGen: 73791K(79360K)->416K(72704K) Eden: 73727K(73728K)->0K(72192K) From: 64K(5632K)->416K(512K)
[774.320s][info][gc,heap     ] GC(68) ParOldGen: 94405K(175104K)->94413K(175104K)
[774.320s][info][gc,metaspace] GC(68) Metaspace: 5552K(5696K)->5552K(5696K) NonClass: 5042K(5120K)->5042K(5120K) Class: 509K(576K)->509K(576K)
[774.320s][info][gc          ] GC(68) Pause Young (Allocation Failure) 164M->92M(242M) 2.064ms
[774.320s][info][gc,cpu      ] GC(68) User=0.00s Sys=0.00s Real=0.00s
[782.210s][info][gc,start    ] GC(69) Pause Young (Allocation Failure)
[782.212s][info][gc,heap     ] GC(69) PSYoungGen: 72608K(72704K)->352K(79872K) Eden: 72192K(72192K)->0K(72704K) From: 416K(512K)->352K(7168K)
[782.212s][info][gc,heap     ] GC(69) ParOldGen: 94413K(175104K)->94765K(175104K)
[782.212s][info][gc,metaspace] GC(69) Metaspace: 5552K(5696K)->5552K(5696K) NonClass: 5042K(5120K)->5042K(5120K) Class: 509K(576K)->509K(576K)
[782.212s][info][gc          ] GC(69) Pause Young (Allocation Failure) 163M->92M(249M) 1.966ms
[782.212s][info][gc,cpu      ] GC(69) User=0.00s Sys=0.00s Real=0.00s
[791.255s][info][gc,start    ] GC(70) Pause Young (Allocation Failure)
[791.258s][info][gc,heap     ] GC(70) PSYoungGen: 73056K(79872K)->352K(79872K) Eden: 72704K(72704K)->0K(72704K) From: 352K(7168K)->352K(7168K)
[791.258s][info][gc,heap     ] GC(70) ParOldGen: 94765K(175104K)->95069K(175104K)
[791.258s][info][gc,metaspace] GC(70) Metaspace: 5552K(5696K)->5552K(5696K) NonClass: 5042K(5120K)->5042K(5120K) Class: 509K(576K)->509K(576K)
[791.258s][info][gc          ] GC(70) Pause Young (Allocation Failure) 163M->93M(249M) 3.094ms
[791.258s][info][gc,cpu      ] GC(70) User=0.00s Sys=0.00s Real=0.01s
[799.413s][info][gc,start    ] GC(71) Pause Young (Allocation Failure)
[799.414s][info][gc,heap     ] GC(71) PSYoungGen: 73056K(79872K)->320K(80384K) Eden: 72704K(72704K)->0K(73728K) From: 352K(7168K)->320K(6656K)
[799.414s][info][gc,heap     ] GC(71) ParOldGen: 95069K(175104K)->95373K(175104K)
[799.414s][info][gc,metaspace] GC(71) Metaspace: 5552K(5696K)->5552K(5696K) NonClass: 5042K(5120K)->5042K(5120K) Class: 509K(576K)->509K(576K)
[799.414s][info][gc          ] GC(71) Pause Young (Allocation Failure) 164M->93M(249M) 1.745ms
[799.414s][info][gc,cpu      ] GC(71) User=0.01s Sys=0.00s Real=0.00s
[807.855s][info][gc,start    ] GC(72) Pause Young (Allocation Failure)
[807.860s][info][gc,heap     ] GC(72) PSYoungGen: 74048K(80384K)->352K(80384K) Eden: 73728K(73728K)->0K(73728K) From: 320K(6656K)->352K(6656K)
[807.860s][info][gc,heap     ] GC(72) ParOldGen: 95373K(175104K)->95669K(175104K)
[807.860s][info][gc,metaspace] GC(72) Metaspace: 5552K(5696K)->5552K(5696K) NonClass: 5042K(5120K)->5042K(5120K) Class: 509K(576K)->509K(576K)
[807.860s][info][gc          ] GC(72) Pause Young (Allocation Failure) 165M->93M(249M) 5.003ms
[807.860s][info][gc,cpu      ] GC(72) User=0.01s Sys=0.00s Real=0.01s
[816.339s][info][gc,start    ] GC(73) Pause Young (Allocation Failure)
[816.341s][info][gc,heap     ] GC(73) PSYoungGen: 74080K(80384K)->352K(81408K) Eden: 73728K(73728K)->0K(75264K) From: 352K(6656K)->352K(6144K)
[816.341s][info][gc,heap     ] GC(73) ParOldGen: 95669K(175104K)->95981K(175104K)
[816.341s][info][gc,metaspace] GC(73) Metaspace: 5552K(5696K)->5552K(5696K) NonClass: 5042K(5120K)->5042K(5120K) Class: 509K(576K)->509K(576K)
[816.341s][info][gc          ] GC(73) Pause Young (Allocation Failure) 165M->94M(250M) 2.198ms
[816.341s][info][gc,cpu      ] GC(73) User=0.00s Sys=0.00s Real=0.00s
[824.823s][info][gc,start    ] GC(74) Pause Young (Allocation Failure)
[824.825s][info][gc,heap     ] GC(74) PSYoungGen: 75616K(81408K)->320K(80896K) Eden: 75264K(75264K)->0K(75264K) From: 352K(6144K)->320K(5632K)
[824.825s][info][gc,heap     ] GC(74) ParOldGen: 95981K(175104K)->96301K(175104K)
[824.825s][info][gc,metaspace] GC(74) Metaspace: 5552K(5696K)->5552K(5696K) NonClass: 5042K(5120K)->5042K(5120K) Class: 509K(576K)->509K(576K)
[824.825s][info][gc          ] GC(74) Pause Young (Allocation Failure) 167M->94M(250M) 1.736ms
[824.825s][info][gc,cpu      ] GC(74) User=0.00s Sys=0.00s Real=0.00s
[832.997s][info][gc,start    ] GC(75) Pause Young (Allocation Failure)
[832.999s][info][gc,heap     ] GC(75) PSYoungGen: 75584K(80896K)->320K(81920K) Eden: 75264K(75264K)->0K(76288K) From: 320K(5632K)->320K(5632K)
[832.999s][info][gc,heap     ] GC(75) ParOldGen: 96301K(175104K)->96605K(175104K)
[832.999s][info][gc,metaspace] GC(75) Metaspace: 5552K(5696K)->5552K(5696K) NonClass: 5042K(5120K)->5042K(5120K) Class: 509K(576K)->509K(576K)
[832.999s][info][gc          ] GC(75) Pause Young (Allocation Failure) 167M->94M(251M) 1.776ms
[832.999s][info][gc,cpu      ] GC(75) User=0.00s Sys=0.00s Real=0.00s
[842.229s][info][gc,start    ] GC(76) Pause Young (Allocation Failure)
[842.231s][info][gc,heap     ] GC(76) PSYoungGen: 76608K(81920K)->352K(81408K) Eden: 76288K(76288K)->0K(76288K) From: 320K(5632K)->352K(5120K)
[842.231s][info][gc,heap     ] GC(76) ParOldGen: 96605K(175104K)->96901K(175104K)
[842.231s][info][gc,metaspace] GC(76) Metaspace: 5552K(5696K)->5552K(5696K) NonClass: 5042K(5120K)->5042K(5120K) Class: 509K(576K)->509K(576K)
[842.231s][info][gc          ] GC(76) Pause Young (Allocation Failure) 169M->94M(250M) 2.741ms
[842.232s][info][gc,cpu      ] GC(76) User=0.00s Sys=0.00s Real=0.00s
[851.694s][info][gc,start    ] GC(77) Pause Young (Allocation Failure)
[851.696s][info][gc,heap     ] GC(77) PSYoungGen: 76640K(81408K)->352K(82432K) Eden: 76288K(76288K)->0K(77824K) From: 352K(5120K)->352K(4608K)
[851.696s][info][gc,heap     ] GC(77) ParOldGen: 96901K(175104K)->97213K(175104K)
[851.696s][info][gc,metaspace] GC(77) Metaspace: 5552K(5696K)->5552K(5696K) NonClass: 5042K(5120K)->5042K(5120K) Class: 509K(576K)->509K(576K)
[851.696s][info][gc          ] GC(77) Pause Young (Allocation Failure) 169M->95M(251M) 1.864ms
[851.696s][info][gc,cpu      ] GC(77) User=0.01s Sys=0.00s Real=0.00s
[863.569s][info][gc,start    ] GC(78) Pause Young (Allocation Failure)
[863.590s][info][gc,heap     ] GC(78) PSYoungGen: 78176K(82432K)->4581K(80384K) Eden: 77824K(77824K)->0K(75776K) From: 352K(4608K)->4581K(4608K)
[863.590s][info][gc,heap     ] GC(78) ParOldGen: 97213K(175104K)->103797K(175104K)
[863.590s][info][gc,metaspace] GC(78) Metaspace: 5597K(5696K)->5597K(5696K) NonClass: 5087K(5120K)->5087K(5120K) Class: 509K(576K)->509K(576K)
[863.590s][info][gc          ] GC(78) Pause Young (Allocation Failure) 171M->105M(249M) 20.774ms
[863.590s][info][gc,cpu      ] GC(78) User=0.04s Sys=0.01s Real=0.02s
[874.425s][info][gc,start    ] GC(79) Pause Young (Allocation Failure)
[874.437s][info][gc,heap     ] GC(79) PSYoungGen: 80357K(80384K)->64K(79872K) Eden: 75776K(75776K)->0K(74240K) From: 4581K(4608K)->64K(5632K)
[874.437s][info][gc,heap     ] GC(79) ParOldGen: 103797K(175104K)->108291K(175104K)
[874.437s][info][gc,metaspace] GC(79) Metaspace: 5597K(5696K)->5597K(5696K) NonClass: 5087K(5120K)->5087K(5120K) Class: 509K(576K)->509K(576K)
[874.437s][info][gc          ] GC(79) Pause Young (Allocation Failure) 179M->105M(249M) 12.339ms
[874.437s][info][gc,cpu      ] GC(79) User=0.02s Sys=0.00s Real=0.01s
[882.788s][info][gc,start    ] GC(80) Pause Young (Allocation Failure)
[882.789s][info][gc,heap     ] GC(80) PSYoungGen: 74304K(79872K)->384K(74752K) Eden: 74240K(74240K)->0K(74240K) From: 64K(5632K)->384K(512K)
[882.789s][info][gc,heap     ] GC(80) ParOldGen: 108291K(175104K)->108299K(175104K)
[882.789s][info][gc,metaspace] GC(80) Metaspace: 5597K(5760K)->5597K(5760K) NonClass: 5087K(5184K)->5087K(5184K) Class: 509K(576K)->509K(576K)
[882.789s][info][gc          ] GC(80) Pause Young (Allocation Failure) 178M->106M(244M) 1.558ms
[882.789s][info][gc,cpu      ] GC(80) User=0.00s Sys=0.00s Real=0.00s
[891.382s][info][gc,start    ] GC(81) Pause Young (Allocation Failure)
[891.384s][info][gc,heap     ] GC(81) PSYoungGen: 74624K(74752K)->352K(79872K) Eden: 74240K(74240K)->0K(72704K) From: 384K(512K)->352K(7168K)
[891.384s][info][gc,heap     ] GC(81) ParOldGen: 108299K(175104K)->108651K(175104K)
[891.384s][info][gc,metaspace] GC(81) Metaspace: 5597K(5760K)->5597K(5760K) NonClass: 5087K(5184K)->5087K(5184K) Class: 509K(576K)->509K(576K)
[891.384s][info][gc          ] GC(81) Pause Young (Allocation Failure) 178M->106M(249M) 1.810ms
[891.384s][info][gc,cpu      ] GC(81) User=0.01s Sys=0.00s Real=0.00s
[900.381s][info][gc,start    ] GC(82) Pause Young (Allocation Failure)
[900.383s][info][gc,heap     ] GC(82) PSYoungGen: 73056K(79872K)->352K(79872K) Eden: 72704K(72704K)->0K(72704K) From: 352K(7168K)->352K(7168K)
[900.383s][info][gc,heap     ] GC(82) ParOldGen: 108651K(175104K)->108947K(175104K)
[900.383s][info][gc,metaspace] GC(82) Metaspace: 5597K(5760K)->5597K(5760K) NonClass: 5087K(5184K)->5087K(5184K) Class: 509K(576K)->509K(576K)
[900.383s][info][gc          ] GC(82) Pause Young (Allocation Failure) 177M->106M(249M) 1.906ms
[900.383s][info][gc,cpu      ] GC(82) User=0.00s Sys=0.00s Real=0.00s
[909.053s][info][gc,start    ] GC(83) Pause Young (Allocation Failure)
[909.058s][info][gc,heap     ] GC(83) PSYoungGen: 73056K(79872K)->320K(80896K) Eden: 72704K(72704K)->0K(74240K) From: 352K(7168K)->320K(6656K)
[909.058s][info][gc,heap     ] GC(83) ParOldGen: 108947K(175104K)->109275K(175104K)
[909.058s][info][gc,metaspace] GC(83) Metaspace: 5597K(5760K)->5597K(5760K) NonClass: 5087K(5184K)->5087K(5184K) Class: 509K(576K)->509K(576K)
[909.058s][info][gc          ] GC(83) Pause Young (Allocation Failure) 177M->107M(250M) 4.777ms
[909.058s][info][gc,cpu      ] GC(83) User=0.01s Sys=0.00s Real=0.01s
[917.563s][info][gc,start    ] GC(84) Pause Young (Allocation Failure)
[917.565s][info][gc,heap     ] GC(84) PSYoungGen: 74560K(80896K)->352K(80384K) Eden: 74240K(74240K)->0K(74240K) From: 320K(6656K)->352K(6144K)
[917.565s][info][gc,heap     ] GC(84) ParOldGen: 109275K(175104K)->109571K(175104K)
[917.565s][info][gc,metaspace] GC(84) Metaspace: 5597K(5760K)->5597K(5760K) NonClass: 5087K(5184K)->5087K(5184K) Class: 509K(576K)->509K(576K)
[917.565s][info][gc          ] GC(84) Pause Young (Allocation Failure) 179M->107M(249M) 1.822ms
[917.565s][info][gc,cpu      ] GC(84) User=0.01s Sys=0.00s Real=0.00s
[926.083s][info][gc,start    ] GC(85) Pause Young (Allocation Failure)
[926.085s][info][gc,heap     ] GC(85) PSYoungGen: 74592K(80384K)->384K(81408K) Eden: 74240K(74240K)->0K(75264K) From: 352K(6144K)->384K(6144K)
[926.085s][info][gc,heap     ] GC(85) ParOldGen: 109571K(175104K)->109875K(175104K)
[926.085s][info][gc,metaspace] GC(85) Metaspace: 5597K(5760K)->5597K(5760K) NonClass: 5087K(5184K)->5087K(5184K) Class: 509K(576K)->509K(576K)
[926.085s][info][gc          ] GC(85) Pause Young (Allocation Failure) 179M->107M(250M) 1.900ms
[926.085s][info][gc,cpu      ] GC(85) User=0.01s Sys=0.00s Real=0.00s
[934.897s][info][gc,start    ] GC(86) Pause Young (Allocation Failure)
[934.899s][info][gc,heap     ] GC(86) PSYoungGen: 75648K(81408K)->352K(80896K) Eden: 75264K(75264K)->0K(75264K) From: 384K(6144K)->352K(5632K)
[934.899s][info][gc,heap     ] GC(86) ParOldGen: 109875K(175104K)->110203K(175104K)
[934.899s][info][gc,metaspace] GC(86) Metaspace: 5597K(5760K)->5597K(5760K) NonClass: 5087K(5184K)->5087K(5184K) Class: 509K(576K)->509K(576K)
[934.899s][info][gc          ] GC(86) Pause Young (Allocation Failure) 181M->107M(250M) 2.536ms
[934.899s][info][gc,cpu      ] GC(86) User=0.01s Sys=0.00s Real=0.01s
[943.615s][info][gc,start    ] GC(87) Pause Young (Allocation Failure)
[943.620s][info][gc,heap     ] GC(87) PSYoungGen: 75616K(80896K)->352K(81920K) Eden: 75264K(75264K)->0K(76800K) From: 352K(5632K)->352K(5120K)
[943.620s][info][gc,heap     ] GC(87) ParOldGen: 110203K(175104K)->110507K(175104K)
[943.620s][info][gc,metaspace] GC(87) Metaspace: 5597K(5760K)->5597K(5760K) NonClass: 5087K(5184K)->5087K(5184K) Class: 509K(576K)->509K(576K)
[943.620s][info][gc          ] GC(87) Pause Young (Allocation Failure) 181M->108M(251M) 4.943ms
[943.620s][info][gc,cpu      ] GC(87) User=0.00s Sys=0.00s Real=0.01s
[952.624s][info][gc,start    ] GC(88) Pause Young (Allocation Failure)
[952.626s][info][gc,heap     ] GC(88) PSYoungGen: 77152K(81920K)->352K(81920K) Eden: 76800K(76800K)->0K(76800K) From: 352K(5120K)->352K(5120K)
[952.626s][info][gc,heap     ] GC(88) ParOldGen: 110507K(175104K)->110787K(175104K)
[952.626s][info][gc,metaspace] GC(88) Metaspace: 5597K(5760K)->5597K(5760K) NonClass: 5087K(5184K)->5087K(5184K) Class: 509K(576K)->509K(576K)
[952.626s][info][gc          ] GC(88) Pause Young (Allocation Failure) 183M->108M(251M) 2.163ms
[952.626s][info][gc,cpu      ] GC(88) User=0.00s Sys=0.00s Real=0.00s
[961.966s][info][gc,start    ] GC(89) Pause Young (Allocation Failure)
[961.968s][info][gc,heap     ] GC(89) PSYoungGen: 77152K(81920K)->352K(82432K) Eden: 76800K(76800K)->0K(77824K) From: 352K(5120K)->352K(4608K)
[961.968s][info][gc,heap     ] GC(89) ParOldGen: 110787K(175104K)->111099K(175104K)
[961.968s][info][gc,metaspace] GC(89) Metaspace: 5597K(5760K)->5597K(5760K) NonClass: 5087K(5184K)->5087K(5184K) Class: 509K(576K)->509K(576K)
[961.968s][info][gc          ] GC(89) Pause Young (Allocation Failure) 183M->108M(251M) 1.830ms
[961.968s][info][gc,cpu      ] GC(89) User=0.00s Sys=0.00s Real=0.01s
[974.181s][info][gc,start    ] GC(90) Pause Young (Allocation Failure)
[974.200s][info][gc,heap     ] GC(90) PSYoungGen: 78176K(82432K)->4595K(80384K) Eden: 77824K(77824K)->0K(75776K) From: 352K(4608K)->4595K(4608K)
[974.200s][info][gc,heap     ] GC(90) ParOldGen: 111099K(175104K)->117636K(175104K)
[974.200s][info][gc,metaspace] GC(90) Metaspace: 5600K(5760K)->5600K(5760K) NonClass: 5090K(5184K)->5090K(5184K) Class: 509K(576K)->509K(576K)
[974.200s][info][gc          ] GC(90) Pause Young (Allocation Failure) 184M->119M(249M) 18.574ms
[974.200s][info][gc,cpu      ] GC(90) User=0.03s Sys=0.01s Real=0.02s
[984.893s][info][gc,start    ] GC(91) Pause Young (Allocation Failure)
[984.904s][info][gc,heap     ] GC(91) PSYoungGen: 80371K(80384K)->96K(79872K) Eden: 75776K(75776K)->0K(74240K) From: 4595K(4608K)->96K(5632K)
[984.904s][info][gc,heap     ] GC(91) ParOldGen: 117636K(175104K)->122119K(175104K)
[984.904s][info][gc,metaspace] GC(91) Metaspace: 5600K(5760K)->5600K(5760K) NonClass: 5090K(5184K)->5090K(5184K) Class: 509K(576K)->509K(576K)
[984.904s][info][gc          ] GC(91) Pause Young (Allocation Failure) 193M->119M(249M) 11.129ms
[984.904s][info][gc,cpu      ] GC(91) User=0.01s Sys=0.01s Real=0.01s
[993.436s][info][gc,start    ] GC(92) Pause Young (Allocation Failure)
[993.437s][info][gc,heap     ] GC(92) PSYoungGen: 74336K(79872K)->416K(74752K) Eden: 74240K(74240K)->0K(74240K) From: 96K(5632K)->416K(512K)
[993.437s][info][gc,heap     ] GC(92) ParOldGen: 122119K(175104K)->122135K(175104K)
[993.437s][info][gc,metaspace] GC(92) Metaspace: 5600K(5760K)->5600K(5760K) NonClass: 5090K(5184K)->5090K(5184K) Class: 509K(576K)->509K(576K)
[993.437s][info][gc          ] GC(92) Pause Young (Allocation Failure) 191M->119M(244M) 1.707ms
[993.438s][info][gc,cpu      ] GC(92) User=0.00s Sys=0.00s Real=0.01s
[1001.797s][info][gc,start    ] GC(93) Pause Young (Allocation Failure)
[1001.799s][info][gc,heap     ] GC(93) PSYoungGen: 74656K(74752K)->352K(79872K) Eden: 74240K(74240K)->0K(72704K) From: 416K(512K)->352K(7168K)
[1001.799s][info][gc,heap     ] GC(93) ParOldGen: 122135K(175104K)->122471K(175104K)
[1001.799s][info][gc,metaspace] GC(93) Metaspace: 5600K(5760K)->5600K(5760K) NonClass: 5090K(5184K)->5090K(5184K) Class: 509K(576K)->509K(576K)
[1001.799s][info][gc          ] GC(93) Pause Young (Allocation Failure) 192M->119M(249M) 1.966ms
[1001.799s][info][gc,cpu      ] GC(93) User=0.01s Sys=0.00s Real=0.01s
[1010.340s][info][gc,start    ] GC(94) Pause Young (Allocation Failure)
[1010.342s][info][gc,heap     ] GC(94) PSYoungGen: 73056K(79872K)->352K(79872K) Eden: 72704K(72704K)->0K(72704K) From: 352K(7168K)->352K(7168K)
[1010.342s][info][gc,heap     ] GC(94) ParOldGen: 122471K(175104K)->122775K(175104K)
[1010.342s][info][gc,metaspace] GC(94) Metaspace: 5600K(5760K)->5600K(5760K) NonClass: 5090K(5184K)->5090K(5184K) Class: 509K(576K)->509K(576K)
[1010.342s][info][gc          ] GC(94) Pause Young (Allocation Failure) 190M->120M(249M) 2.093ms
[1010.342s][info][gc,cpu      ] GC(94) User=0.00s Sys=0.00s Real=0.00s
[1019.105s][info][gc,start    ] GC(95) Pause Young (Allocation Failure)
[1019.107s][info][gc,heap     ] GC(95) PSYoungGen: 73056K(79872K)->352K(80896K) Eden: 72704K(72704K)->0K(74240K) From: 352K(7168K)->352K(6656K)
[1019.107s][info][gc,heap     ] GC(95) ParOldGen: 122775K(175104K)->123087K(175104K)
[1019.107s][info][gc,metaspace] GC(95) Metaspace: 5600K(5760K)->5600K(5760K) NonClass: 5090K(5184K)->5090K(5184K) Class: 509K(576K)->509K(576K)
[1019.107s][info][gc          ] GC(95) Pause Young (Allocation Failure) 191M->120M(250M) 1.986ms
[1019.107s][info][gc,cpu      ] GC(95) User=0.00s Sys=0.00s Real=0.00s
[1028.252s][info][gc,start    ] GC(96) Pause Young (Allocation Failure)
[1028.254s][info][gc,heap     ] GC(96) PSYoungGen: 74591K(80896K)->352K(80384K) Eden: 74239K(74240K)->0K(74240K) From: 352K(6656K)->352K(6144K)
[1028.254s][info][gc,heap     ] GC(96) ParOldGen: 123087K(175104K)->123391K(175104K)
[1028.254s][info][gc,metaspace] GC(96) Metaspace: 5600K(5760K)->5600K(5760K) NonClass: 5090K(5184K)->5090K(5184K) Class: 509K(576K)->509K(576K)
[1028.254s][info][gc          ] GC(96) Pause Young (Allocation Failure) 193M->120M(249M) 1.936ms
[1028.254s][info][gc,cpu      ] GC(96) User=0.00s Sys=0.00s Real=0.00s
[1036.322s][info][gc,start    ] GC(97) Pause Young (Allocation Failure)
[1036.325s][info][gc,heap     ] GC(97) PSYoungGen: 74592K(80384K)->352K(81408K) Eden: 74240K(74240K)->0K(75264K) From: 352K(6144K)->352K(6144K)
[1036.325s][info][gc,heap     ] GC(97) ParOldGen: 123391K(175104K)->123703K(175104K)
[1036.325s][info][gc,metaspace] GC(97) Metaspace: 5600K(5760K)->5600K(5760K) NonClass: 5090K(5184K)->5090K(5184K) Class: 509K(576K)->509K(576K)
[1036.325s][info][gc          ] GC(97) Pause Young (Allocation Failure) 193M->121M(250M) 3.212ms
[1036.325s][info][gc,cpu      ] GC(97) User=0.01s Sys=0.00s Real=0.00s
[1044.680s][info][gc,start    ] GC(98) Pause Young (Allocation Failure)
[1044.682s][info][gc,heap     ] GC(98) PSYoungGen: 75616K(81408K)->320K(80896K) Eden: 75264K(75264K)->0K(75264K) From: 352K(6144K)->320K(5632K)
[1044.682s][info][gc,heap     ] GC(98) ParOldGen: 123703K(175104K)->123999K(175104K)
[1044.682s][info][gc,metaspace] GC(98) Metaspace: 5600K(5760K)->5600K(5760K) NonClass: 5090K(5184K)->5090K(5184K) Class: 509K(576K)->509K(576K)
[1044.682s][info][gc          ] GC(98) Pause Young (Allocation Failure) 194M->121M(250M) 1.746ms
[1044.682s][info][gc,cpu      ] GC(98) User=0.00s Sys=0.00s Real=0.00s
[1052.996s][info][gc,start    ] GC(99) Pause Young (Allocation Failure)
[1052.997s][info][gc,heap     ] GC(99) PSYoungGen: 75584K(80896K)->352K(81920K) Eden: 75264K(75264K)->0K(76800K) From: 320K(5632K)->352K(5120K)
[1052.997s][info][gc,heap     ] GC(99) ParOldGen: 123999K(175104K)->124287K(175104K)
[1052.997s][info][gc,metaspace] GC(99) Metaspace: 5600K(5760K)->5600K(5760K) NonClass: 5090K(5184K)->5090K(5184K) Class: 509K(576K)->509K(576K)
[1052.998s][info][gc          ] GC(99) Pause Young (Allocation Failure) 194M->121M(251M) 1.786ms
[1052.998s][info][gc,cpu      ] GC(99) User=0.00s Sys=0.00s Real=0.01s
[1061.960s][info][gc,start    ] GC(100) Pause Young (Allocation Failure)
[1061.962s][info][gc,heap     ] GC(100) PSYoungGen: 77152K(81920K)->352K(81920K) Eden: 76800K(76800K)->0K(76800K) From: 352K(5120K)->352K(5120K)
[1061.962s][info][gc,heap     ] GC(100) ParOldGen: 124287K(175104K)->124583K(175104K)
[1061.962s][info][gc,metaspace] GC(100) Metaspace: 5600K(5760K)->5600K(5760K) NonClass: 5090K(5184K)->5090K(5184K) Class: 509K(576K)->509K(576K)
[1061.962s][info][gc          ] GC(100) Pause Young (Allocation Failure) 196M->122M(251M) 2.001ms
[1061.962s][info][gc,cpu      ] GC(100) User=0.01s Sys=0.00s Real=0.00s
[1070.890s][info][gc,start    ] GC(101) Pause Young (Allocation Failure)
[1070.894s][info][gc,heap     ] GC(101) PSYoungGen: 77152K(81920K)->2955K(81408K) Eden: 76800K(76800K)->0K(76800K) From: 352K(5120K)->2955K(4608K)
[1070.895s][info][gc,heap     ] GC(101) ParOldGen: 124583K(175104K)->124887K(175104K)
[1070.895s][info][gc,metaspace] GC(101) Metaspace: 5605K(5760K)->5605K(5760K) NonClass: 5095K(5184K)->5095K(5184K) Class: 509K(576K)->509K(576K)
[1070.895s][info][gc          ] GC(101) Pause Young (Allocation Failure) 197M->124M(250M) 4.671ms
[1070.895s][info][gc,cpu      ] GC(101) User=0.00s Sys=0.01s Real=0.00s
[1083.827s][info][gc,start    ] GC(102) Pause Young (Allocation Failure)
[1083.844s][info][gc,heap     ] GC(102) PSYoungGen: 79755K(81408K)->5114K(79872K) Eden: 76800K(76800K)->0K(74752K) From: 2955K(4608K)->5114K(5120K)
[1083.844s][info][gc,heap     ] GC(102) ParOldGen: 124887K(175104K)->130871K(175104K)
[1083.844s][info][gc,metaspace] GC(102) Metaspace: 5607K(5760K)->5607K(5760K) NonClass: 5097K(5184K)->5097K(5184K) Class: 509K(576K)->509K(576K)
[1083.844s][info][gc          ] GC(102) Pause Young (Allocation Failure) 199M->132M(249M) 17.270ms
[1083.844s][info][gc,cpu      ] GC(102) User=0.03s Sys=0.00s Real=0.01s
[1093.654s][info][gc,start    ] GC(103) Pause Young (Allocation Failure)
[1093.664s][info][gc,heap     ] GC(103) PSYoungGen: 79866K(79872K)->544K(79360K) Eden: 74752K(74752K)->0K(73216K) From: 5114K(5120K)->544K(6144K)
[1093.664s][info][gc,heap     ] GC(103) ParOldGen: 130871K(175104K)->135868K(175104K)
[1093.664s][info][gc,metaspace] GC(103) Metaspace: 5607K(5760K)->5607K(5760K) NonClass: 5097K(5184K)->5097K(5184K) Class: 509K(576K)->509K(576K)
[1093.664s][info][gc          ] GC(103) Pause Young (Allocation Failure) 205M->133M(248M) 9.955ms
[1093.664s][info][gc,cpu      ] GC(103) User=0.02s Sys=0.00s Real=0.01s
[1101.814s][info][gc,start    ] GC(104) Pause Young (Allocation Failure)
[1101.816s][info][gc,heap     ] GC(104) PSYoungGen: 73760K(79360K)->384K(73728K) Eden: 73216K(73216K)->0K(73216K) From: 544K(6144K)->384K(512K)
[1101.816s][info][gc,heap     ] GC(104) ParOldGen: 135868K(175104K)->136340K(175104K)
[1101.816s][info][gc,metaspace] GC(104) Metaspace: 5607K(5760K)->5607K(5760K) NonClass: 5097K(5184K)->5097K(5184K) Class: 509K(576K)->509K(576K)
[1101.816s][info][gc          ] GC(104) Pause Young (Allocation Failure) 204M->133M(243M) 2.094ms
[1101.816s][info][gc,cpu      ] GC(104) User=0.00s Sys=0.00s Real=0.00s
[1110.349s][info][gc,start    ] GC(105) Pause Young (Allocation Failure)
[1110.351s][info][gc,heap     ] GC(105) PSYoungGen: 73600K(73728K)->352K(79360K) Eden: 73216K(73216K)->0K(71680K) From: 384K(512K)->352K(7680K)
[1110.351s][info][gc,heap     ] GC(105) ParOldGen: 136340K(175104K)->136668K(175104K)
[1110.351s][info][gc,metaspace] GC(105) Metaspace: 5607K(5760K)->5607K(5760K) NonClass: 5097K(5184K)->5097K(5184K) Class: 509K(576K)->509K(576K)
[1110.351s][info][gc          ] GC(105) Pause Young (Allocation Failure) 205M->133M(248M) 2.042ms
[1110.351s][info][gc,cpu      ] GC(105) User=0.00s Sys=0.00s Real=0.00s
[1119.721s][info][gc,start    ] GC(106) Pause Young (Allocation Failure)
[1119.723s][info][gc,heap     ] GC(106) PSYoungGen: 72032K(79360K)->352K(79360K) Eden: 71680K(71680K)->0K(71680K) From: 352K(7680K)->352K(7680K)
[1119.723s][info][gc,heap     ] GC(106) ParOldGen: 136668K(175104K)->136972K(175104K)
[1119.723s][info][gc,metaspace] GC(106) Metaspace: 5607K(5760K)->5607K(5760K) NonClass: 5097K(5184K)->5097K(5184K) Class: 509K(576K)->509K(576K)
[1119.723s][info][gc          ] GC(106) Pause Young (Allocation Failure) 203M->134M(248M) 1.832ms
[1119.723s][info][gc,cpu      ] GC(106) User=0.00s Sys=0.00s Real=0.00s
[1127.785s][info][gc,start    ] GC(107) Pause Young (Allocation Failure)
[1127.787s][info][gc,heap     ] GC(107) PSYoungGen: 72032K(79360K)->320K(80384K) Eden: 71680K(71680K)->0K(73216K) From: 352K(7680K)->320K(7168K)
[1127.787s][info][gc,heap     ] GC(107) ParOldGen: 136972K(175104K)->137260K(175104K)
[1127.787s][info][gc,metaspace] GC(107) Metaspace: 5607K(5760K)->5607K(5760K) NonClass: 5097K(5184K)->5097K(5184K) Class: 509K(576K)->509K(576K)
[1127.787s][info][gc          ] GC(107) Pause Young (Allocation Failure) 204M->134M(249M) 1.849ms
[1127.787s][info][gc,cpu      ] GC(107) User=0.01s Sys=0.00s Real=0.00s
[1136.199s][info][gc,start    ] GC(108) Pause Young (Allocation Failure)
[1136.200s][info][gc,heap     ] GC(108) PSYoungGen: 73536K(80384K)->352K(79872K) Eden: 73216K(73216K)->0K(73216K) From: 320K(7168K)->352K(6656K)
[1136.200s][info][gc,heap     ] GC(108) ParOldGen: 137260K(175104K)->137564K(175104K)
[1136.200s][info][gc,metaspace] GC(108) Metaspace: 5607K(5760K)->5607K(5760K) NonClass: 5097K(5184K)->5097K(5184K) Class: 509K(576K)->509K(576K)
[1136.200s][info][gc          ] GC(108) Pause Young (Allocation Failure) 205M->134M(249M) 1.966ms
[1136.201s][info][gc,cpu      ] GC(108) User=0.00s Sys=0.00s Real=0.00s
[1144.490s][info][gc,start    ] GC(109) Pause Young (Allocation Failure)
[1144.494s][info][gc,heap     ] GC(109) PSYoungGen: 73568K(79872K)->352K(80896K) Eden: 73216K(73216K)->0K(74240K) From: 352K(6656K)->352K(6656K)
[1144.494s][info][gc,heap     ] GC(109) ParOldGen: 137564K(175104K)->137868K(175104K)
[1144.494s][info][gc,metaspace] GC(109) Metaspace: 5607K(5760K)->5607K(5760K) NonClass: 5097K(5184K)->5097K(5184K) Class: 509K(576K)->509K(576K)
[1144.494s][info][gc          ] GC(109) Pause Young (Allocation Failure) 206M->134M(250M) 3.654ms
[1144.494s][info][gc,cpu      ] GC(109) User=0.00s Sys=0.00s Real=0.00s
[1153.069s][info][gc,start    ] GC(110) Pause Young (Allocation Failure)
[1153.074s][info][gc,heap     ] GC(110) PSYoungGen: 74592K(80896K)->320K(80384K) Eden: 74240K(74240K)->0K(74240K) From: 352K(6656K)->320K(6144K)
[1153.074s][info][gc,heap     ] GC(110) ParOldGen: 137868K(175104K)->138164K(175104K)
[1153.074s][info][gc,metaspace] GC(110) Metaspace: 5607K(5760K)->5607K(5760K) NonClass: 5097K(5184K)->5097K(5184K) Class: 509K(576K)->509K(576K)
[1153.074s][info][gc          ] GC(110) Pause Young (Allocation Failure) 207M->135M(249M) 4.848ms
[1153.074s][info][gc,cpu      ] GC(110) User=0.01s Sys=0.00s Real=0.00s
[1161.816s][info][gc,start    ] GC(111) Pause Young (Allocation Failure)
[1161.818s][info][gc,heap     ] GC(111) PSYoungGen: 74559K(80384K)->352K(81408K) Eden: 74239K(74240K)->0K(75776K) From: 320K(6144K)->352K(5632K)
[1161.818s][info][gc,heap     ] GC(111) ParOldGen: 138164K(175104K)->138452K(175104K)
[1161.818s][info][gc,metaspace] GC(111) Metaspace: 5607K(5760K)->5607K(5760K) NonClass: 5097K(5184K)->5097K(5184K) Class: 509K(576K)->509K(576K)
[1161.818s][info][gc          ] GC(111) Pause Young (Allocation Failure) 207M->135M(250M) 1.836ms
[1161.818s][info][gc,cpu      ] GC(111) User=0.00s Sys=0.00s Real=0.01s
[1170.328s][info][gc,start    ] GC(112) Pause Young (Allocation Failure)
[1170.331s][info][gc,heap     ] GC(112) PSYoungGen: 76128K(81408K)->352K(81408K) Eden: 75776K(75776K)->0K(75776K) From: 352K(5632K)->352K(5632K)
[1170.331s][info][gc,heap     ] GC(112) ParOldGen: 138452K(175104K)->138740K(175104K)
[1170.331s][info][gc,metaspace] GC(112) Metaspace: 5607K(5760K)->5607K(5760K) NonClass: 5097K(5184K)->5097K(5184K) Class: 509K(576K)->509K(576K)
[1170.331s][info][gc          ] GC(112) Pause Young (Allocation Failure) 209M->135M(250M) 3.421ms
[1170.331s][info][gc,cpu      ] GC(112) User=0.01s Sys=0.00s Real=0.00s
[1178.211s][info][gc,start    ] GC(113) Pause Young (Allocation Failure)
[1178.216s][info][gc,heap     ] GC(113) PSYoungGen: 76128K(81408K)->3947K(80896K) Eden: 75776K(75776K)->0K(75776K) From: 352K(5632K)->3947K(5120K)
[1178.216s][info][gc,heap     ] GC(113) ParOldGen: 138740K(175104K)->139044K(175104K)
[1178.216s][info][gc,metaspace] GC(113) Metaspace: 5609K(5760K)->5609K(5760K) NonClass: 5099K(5184K)->5099K(5184K) Class: 509K(576K)->509K(576K)
[1178.216s][info][gc          ] GC(113) Pause Young (Allocation Failure) 209M->139M(250M) 5.478ms
[1178.216s][info][gc,cpu      ] GC(113) User=0.01s Sys=0.00s Real=0.00s
[1190.779s][info][gc,start    ] GC(114) Pause Young (Allocation Failure)
[1190.798s][info][gc,heap     ] GC(114) PSYoungGen: 79723K(80896K)->5614K(79872K) Eden: 75776K(75776K)->0K(74240K) From: 3947K(5120K)->5614K(5632K)
[1190.798s][info][gc,heap     ] GC(114) ParOldGen: 139044K(175104K)->144521K(175104K)
[1190.798s][info][gc,metaspace] GC(114) Metaspace: 5609K(5760K)->5609K(5760K) NonClass: 5099K(5184K)->5099K(5184K) Class: 509K(576K)->509K(576K)
[1190.798s][info][gc          ] GC(114) Pause Young (Allocation Failure) 213M->146M(249M) 18.676ms
[1190.798s][info][gc,cpu      ] GC(114) User=0.02s Sys=0.01s Real=0.02s
[1200.303s][info][gc,start    ] GC(115) Pause Young (Allocation Failure)
[1200.312s][info][gc,heap     ] GC(115) PSYoungGen: 79854K(79872K)->64K(79360K) Eden: 74240K(74240K)->0K(72704K) From: 5614K(5632K)->64K(6656K)
[1200.312s][info][gc,heap     ] GC(115) ParOldGen: 144521K(175104K)->149995K(175104K)
[1200.312s][info][gc,metaspace] GC(115) Metaspace: 5609K(5760K)->5609K(5760K) NonClass: 5099K(5184K)->5099K(5184K) Class: 509K(576K)->509K(576K)
[1200.312s][info][gc          ] GC(115) Pause Young (Allocation Failure) 219M->146M(248M) 9.410ms
[1200.312s][info][gc,cpu      ] GC(115) User=0.01s Sys=0.01s Real=0.01s
[1208.719s][info][gc,start    ] GC(116) Pause Young (Allocation Failure)
[1208.722s][info][gc,heap     ] GC(116) PSYoungGen: 72768K(79360K)->352K(71680K) Eden: 72704K(72704K)->0K(71168K) From: 64K(6656K)->352K(512K)
[1208.722s][info][gc,heap     ] GC(116) ParOldGen: 149995K(175104K)->149995K(175104K)
[1208.722s][info][gc,metaspace] GC(116) Metaspace: 5609K(5760K)->5609K(5760K) NonClass: 5099K(5184K)->5099K(5184K) Class: 509K(576K)->509K(576K)
[1208.722s][info][gc          ] GC(116) Pause Young (Allocation Failure) 217M->146M(241M) 2.238ms
[1208.722s][info][gc,cpu      ] GC(116) User=0.00s Sys=0.00s Real=0.00s
[1217.744s][info][gc,start    ] GC(117) Pause Young (Allocation Failure)
[1217.749s][info][gc,heap     ] GC(117) PSYoungGen: 71520K(71680K)->352K(78336K) Eden: 71168K(71168K)->0K(70656K) From: 352K(512K)->352K(7680K)
[1217.749s][info][gc,heap     ] GC(117) ParOldGen: 149995K(175104K)->150315K(175104K)
[1217.749s][info][gc,metaspace] GC(117) Metaspace: 5609K(5760K)->5609K(5760K) NonClass: 5099K(5184K)->5099K(5184K) Class: 509K(576K)->509K(576K)
[1217.749s][info][gc          ] GC(117) Pause Young (Allocation Failure) 216M->147M(247M) 5.147ms
[1217.749s][info][gc,cpu      ] GC(117) User=0.01s Sys=0.00s Real=0.01s
[1226.737s][info][gc,start    ] GC(118) Pause Young (Allocation Failure)
[1226.739s][info][gc,heap     ] GC(118) PSYoungGen: 71008K(78336K)->320K(78848K) Eden: 70656K(70656K)->0K(70656K) From: 352K(7680K)->320K(8192K)
[1226.739s][info][gc,heap     ] GC(118) ParOldGen: 150315K(175104K)->150603K(175104K)
[1226.739s][info][gc,metaspace] GC(118) Metaspace: 5609K(5760K)->5609K(5760K) NonClass: 5099K(5184K)->5099K(5184K) Class: 509K(576K)->509K(576K)
[1226.739s][info][gc          ] GC(118) Pause Young (Allocation Failure) 216M->147M(248M) 2.107ms
[1226.739s][info][gc,cpu      ] GC(118) User=0.00s Sys=0.00s Real=0.00s
[1234.895s][info][gc,start    ] GC(119) Pause Young (Allocation Failure)
[1234.897s][info][gc,heap     ] GC(119) PSYoungGen: 70976K(78848K)->320K(79872K) Eden: 70656K(70656K)->0K(72192K) From: 320K(8192K)->320K(7680K)
[1234.897s][info][gc,heap     ] GC(119) ParOldGen: 150603K(175104K)->150891K(175104K)
[1234.897s][info][gc,metaspace] GC(119) Metaspace: 5609K(5760K)->5609K(5760K) NonClass: 5099K(5184K)->5099K(5184K) Class: 509K(576K)->509K(576K)
[1234.897s][info][gc          ] GC(119) Pause Young (Allocation Failure) 216M->147M(249M) 2.661ms
[1234.897s][info][gc,cpu      ] GC(119) User=0.00s Sys=0.00s Real=0.01s
[1244.173s][info][gc,start    ] GC(120) Pause Young (Allocation Failure)
[1244.175s][info][gc,heap     ] GC(120) PSYoungGen: 72512K(79872K)->384K(79360K) Eden: 72192K(72192K)->0K(72192K) From: 320K(7680K)->384K(7168K)
[1244.176s][info][gc,heap     ] GC(120) ParOldGen: 150891K(175104K)->151179K(175104K)
[1244.176s][info][gc,metaspace] GC(120) Metaspace: 5609K(5760K)->5609K(5760K) NonClass: 5099K(5184K)->5099K(5184K) Class: 509K(576K)->509K(576K)
[1244.176s][info][gc          ] GC(120) Pause Young (Allocation Failure) 218M->148M(248M) 2.803ms
[1244.176s][info][gc,cpu      ] GC(120) User=0.00s Sys=0.00s Real=0.00s
[1253.164s][info][gc,start    ] GC(121) Pause Young (Allocation Failure)
[1253.166s][info][gc,heap     ] GC(121) PSYoungGen: 72576K(79360K)->352K(80384K) Eden: 72192K(72192K)->0K(73216K) From: 384K(7168K)->352K(7168K)
[1253.166s][info][gc,heap     ] GC(121) ParOldGen: 151179K(175104K)->151483K(175104K)
[1253.166s][info][gc,metaspace] GC(121) Metaspace: 5609K(5760K)->5609K(5760K) NonClass: 5099K(5184K)->5099K(5184K) Class: 509K(576K)->509K(576K)
[1253.166s][info][gc          ] GC(121) Pause Young (Allocation Failure) 218M->148M(249M) 1.929ms
[1253.166s][info][gc,cpu      ] GC(121) User=0.00s Sys=0.00s Real=0.00s
[1261.701s][info][gc,start    ] GC(122) Pause Young (Allocation Failure)
[1261.703s][info][gc,heap     ] GC(122) PSYoungGen: 73568K(80384K)->320K(79872K) Eden: 73216K(73216K)->0K(73216K) From: 352K(7168K)->320K(6656K)
[1261.703s][info][gc,heap     ] GC(122) ParOldGen: 151483K(175104K)->151787K(175104K)
[1261.703s][info][gc,metaspace] GC(122) Metaspace: 5609K(5760K)->5609K(5760K) NonClass: 5099K(5184K)->5099K(5184K) Class: 509K(576K)->509K(576K)
[1261.703s][info][gc          ] GC(122) Pause Young (Allocation Failure) 219M->148M(249M) 1.994ms
[1261.703s][info][gc,cpu      ] GC(122) User=0.00s Sys=0.00s Real=0.00s
[1269.761s][info][gc,start    ] GC(123) Pause Young (Allocation Failure)
[1269.762s][info][gc,heap     ] GC(123) PSYoungGen: 73536K(79872K)->320K(81408K) Eden: 73216K(73216K)->0K(75264K) From: 320K(6656K)->320K(6144K)
[1269.762s][info][gc,heap     ] GC(123) ParOldGen: 151787K(175104K)->152083K(175104K)
[1269.762s][info][gc,metaspace] GC(123) Metaspace: 5609K(5760K)->5609K(5760K) NonClass: 5099K(5184K)->5099K(5184K) Class: 509K(576K)->509K(576K)
[1269.762s][info][gc          ] GC(123) Pause Young (Allocation Failure) 220M->148M(250M) 1.860ms
[1269.762s][info][gc,cpu      ] GC(123) User=0.01s Sys=0.00s Real=0.00s
[1278.118s][info][gc,start    ] GC(124) Pause Young (Allocation Failure)
[1278.120s][info][gc,heap     ] GC(124) PSYoungGen: 75584K(81408K)->320K(80896K) Eden: 75264K(75264K)->0K(75264K) From: 320K(6144K)->320K(5632K)
[1278.120s][info][gc,heap     ] GC(124) ParOldGen: 152083K(175104K)->152363K(175104K)
[1278.120s][info][gc,metaspace] GC(124) Metaspace: 5609K(5760K)->5609K(5760K) NonClass: 5099K(5184K)->5099K(5184K) Class: 509K(576K)->509K(576K)
[1278.120s][info][gc          ] GC(124) Pause Young (Allocation Failure) 222M->149M(250M) 2.277ms
[1278.120s][info][gc,cpu      ] GC(124) User=0.01s Sys=0.00s Real=0.00s
[1286.202s][info][gc,start    ] GC(125) Pause Young (Allocation Failure)
[1286.204s][info][gc,heap     ] GC(125) PSYoungGen: 75584K(80896K)->352K(81920K) Eden: 75264K(75264K)->0K(76288K) From: 320K(5632K)->352K(5632K)
[1286.204s][info][gc,heap     ] GC(125) ParOldGen: 152363K(175104K)->152651K(175104K)
[1286.204s][info][gc,metaspace] GC(125) Metaspace: 5609K(5760K)->5609K(5760K) NonClass: 5099K(5184K)->5099K(5184K) Class: 509K(576K)->509K(576K)
[1286.204s][info][gc          ] GC(125) Pause Young (Allocation Failure) 222M->149M(251M) 1.906ms
[1286.204s][info][gc,cpu      ] GC(125) User=0.01s Sys=0.00s Real=0.00s
[1286.596s][info][gc,heap,exit] Heap
[1286.596s][info][gc,heap,exit]  PSYoungGen      total 81920K, used 5326K [0x00000000eba00000, 0x00000000f0f00000, 0x0000000100000000)
[1286.596s][info][gc,heap,exit]   eden space 76288K, 6% used [0x00000000eba00000,0x00000000ebedb980,0x00000000f0480000)
[1286.596s][info][gc,heap,exit]   from space 5632K, 6% used [0x00000000f0980000,0x00000000f09d8000,0x00000000f0f00000)
[1286.596s][info][gc,heap,exit]   to   space 5120K, 0% used [0x00000000f0480000,0x00000000f0480000,0x00000000f0980000)
[1286.596s][info][gc,heap,exit]  ParOldGen       total 175104K, used 152651K [0x00000000c2e00000, 0x00000000cd900000, 0x00000000eba00000)
[1286.596s][info][gc,heap,exit]   object space 175104K, 87% used [0x00000000c2e00000,0x00000000cc312c70,0x00000000cd900000)
[1286.596s][info][gc,heap,exit]  Metaspace       used 5687K, committed 5824K, reserved 1114112K
[1286.596s][info][gc,heap,exit]   class space    used 517K, committed 576K, reserved 1048576K
