[0.003s][info][metaspace]  - commit_granule_bytes: 65536.
[0.003s][info][metaspace]  - commit_granule_words: 8192.
[0.003s][info][metaspace]  - virtual_space_node_default_size: 8388608.
[0.003s][info][metaspace]  - enlarge_chunks_in_place: 1.
[0.006s][info][gc,init  ] CardTable entry size: 512
[0.006s][info][gc       ] Using Parallel
[0.007s][info][gc,init  ] Version: 24-internal-adhoc.root.jdk (release)
[0.007s][info][gc,init  ] CPUs: 2 total, 2 available
[0.007s][info][gc,init  ] Memory: 3908M
[0.007s][info][gc,init  ] Large Page Support: Disabled
[0.007s][info][gc,init  ] NUMA Support: Disabled
[0.007s][info][gc,init  ] Compressed Oops: Enabled (32-bit)
[0.007s][info][gc,init  ] Alignments: Space 512K, Generation 512K, Heap 2M
[0.007s][info][gc,init  ] Heap Min Capacity: 256M
[0.007s][info][gc,init  ] Heap Initial Capacity: 256M
[0.007s][info][gc,init  ] Heap Max Capacity: 978M
[0.007s][info][gc,init  ] Pre-touch: Disabled
[0.007s][info][gc,init  ] Parallel Workers: 2
[0.167s][info][gc,metaspace] CDS archive(s) mapped at: [0x00007ff0e6000000-0x00007ff0e6dc0000-0x00007ff0e6dc0000), size 14417920, SharedBaseAddress: 0x00007ff0e6000000, ArchiveRelocationMode: 1.
[0.167s][info][gc,metaspace] Compressed class space mapped at: 0x00007ff0e7000000-0x00007ff127000000, reserved size: 1073741824
[0.167s][info][gc,metaspace] UseCompressedClassPointers 1, UseCompactObjectHeaders 0
[0.167s][info][gc,metaspace] Narrow klass pointer bits 32, Max shift 3
[0.167s][info][gc,metaspace] Narrow klass base: 0x00007ff0e6000000, Narrow klass shift: 0
[0.167s][info][gc,metaspace] Encoding Range: [0x00007ff0e6000000 - 0x00007ff1e6000000), (4294967296 bytes)
[0.167s][info][gc,metaspace] Klass Range:    [0x00007ff0e6000000 - 0x00007ff127000000), (1090519040 bytes)
[0.167s][info][gc,metaspace] Klass ID Range:  [8 - 1090519033) (1090519025)
[0.956s][info][gc,start    ] GC(0) Pause Young (Allocation Failure)
[0.977s][info][gc,heap     ] GC(0) PSYoungGen: 65536K(76288K)->10213K(76288K) Eden: 65536K(65536K)->0K(65536K) From: 0K(10752K)->10213K(10752K)
[0.977s][info][gc,heap     ] GC(0) ParOldGen: 1157K(175104K)->1165K(175104K)
[0.977s][info][gc,metaspace] GC(0) Metaspace: 4868K(5056K)->4868K(5056K) NonClass: 4371K(4480K)->4371K(4480K) Class: 497K(576K)->497K(576K)
[0.977s][info][gc          ] GC(0) Pause Young (Allocation Failure) 65M->11M(245M) 21.586ms
[0.977s][info][gc,cpu      ] GC(0) User=0.02s Sys=0.02s Real=0.02s
[11.421s][info][gc,start    ] GC(1) Pause Young (Allocation Failure)
[11.445s][info][gc,heap     ] GC(1) PSYoungGen: 75749K(76288K)->10729K(141824K) Eden: 65536K(65536K)->0K(131072K) From: 10213K(10752K)->10729K(10752K)
[11.445s][info][gc,heap     ] GC(1) ParOldGen: 1165K(175104K)->3620K(175104K)
[11.445s][info][gc,metaspace] GC(1) Metaspace: 5250K(5376K)->5250K(5376K) NonClass: 4751K(4800K)->4751K(4800K) Class: 498K(576K)->498K(576K)
[11.445s][info][gc          ] GC(1) Pause Young (Allocation Failure) 75M->14M(309M) 23.957ms
[11.445s][info][gc,cpu      ] GC(1) User=0.03s Sys=0.02s Real=0.02s
[27.483s][info][gc,start    ] GC(2) Pause Young (Allocation Failure)
[27.502s][info][gc,heap     ] GC(2) PSYoungGen: 141801K(141824K)->10735K(141824K) Eden: 131072K(131072K)->0K(131072K) From: 10729K(10752K)->10735K(10752K)
[27.502s][info][gc,heap     ] GC(2) ParOldGen: 3620K(175104K)->3628K(175104K)
[27.502s][info][gc,metaspace] GC(2) Metaspace: 5259K(5376K)->5259K(5376K) NonClass: 4761K(4800K)->4761K(4800K) Class: 498K(576K)->498K(576K)
[27.502s][info][gc          ] GC(2) Pause Young (Allocation Failure) 142M->14M(309M) 19.757ms
[27.503s][info][gc,cpu      ] GC(2) User=0.03s Sys=0.01s Real=0.02s
[41.381s][info][gc,start    ] GC(3) Pause Young (Allocation Failure)
[41.397s][info][gc,heap     ] GC(3) PSYoungGen: 141807K(141824K)->10719K(141824K) Eden: 131072K(131072K)->0K(131072K) From: 10735K(10752K)->10719K(10752K)
[41.397s][info][gc,heap     ] GC(3) ParOldGen: 3628K(175104K)->3628K(175104K)
[41.397s][info][gc,metaspace] GC(3) Metaspace: 5261K(5376K)->5261K(5376K) NonClass: 4762K(4800K)->4762K(4800K) Class: 498K(576K)->498K(576K)
[41.397s][info][gc          ] GC(3) Pause Young (Allocation Failure) 142M->14M(309M) 15.189ms
[41.397s][info][gc,cpu      ] GC(3) User=0.03s Sys=0.00s Real=0.02s
[56.988s][info][gc,start    ] GC(4) Pause Young (Allocation Failure)
[57.004s][info][gc,heap     ] GC(4) PSYoungGen: 141791K(141824K)->10719K(137728K) Eden: 131072K(131072K)->0K(126976K) From: 10719K(10752K)->10719K(10752K)
[57.004s][info][gc,heap     ] GC(4) ParOldGen: 3628K(175104K)->3628K(175104K)
[57.004s][info][gc,metaspace] GC(4) Metaspace: 5261K(5376K)->5261K(5376K) NonClass: 4762K(4800K)->4762K(4800K) Class: 498K(576K)->498K(576K)
[57.004s][info][gc          ] GC(4) Pause Young (Allocation Failure) 142M->14M(305M) 15.418ms
[57.004s][info][gc,cpu      ] GC(4) User=0.03s Sys=0.00s Real=0.01s
[72.619s][info][gc,start    ] GC(5) Pause Young (Allocation Failure)
[72.634s][info][gc,heap     ] GC(5) PSYoungGen: 137695K(137728K)->10719K(133632K) Eden: 126976K(126976K)->0K(122880K) From: 10719K(10752K)->10719K(10752K)
[72.634s][info][gc,heap     ] GC(5) ParOldGen: 3628K(175104K)->3628K(175104K)
[72.634s][info][gc,metaspace] GC(5) Metaspace: 5261K(5376K)->5261K(5376K) NonClass: 4762K(4800K)->4762K(4800K) Class: 498K(576K)->498K(576K)
[72.634s][info][gc          ] GC(5) Pause Young (Allocation Failure) 138M->14M(301M) 14.944ms
[72.634s][info][gc,cpu      ] GC(5) User=0.03s Sys=0.00s Real=0.01s
[88.558s][info][gc,start    ] GC(6) Pause Young (Allocation Failure)
[88.578s][info][gc,heap     ] GC(6) PSYoungGen: 133599K(133632K)->64K(119808K) Eden: 122880K(122880K)->0K(119296K) From: 10719K(10752K)->64K(512K)
[88.578s][info][gc,heap     ] GC(6) ParOldGen: 3628K(175104K)->14174K(175104K)
[88.578s][info][gc,metaspace] GC(6) Metaspace: 5261K(5376K)->5261K(5376K) NonClass: 4762K(4800K)->4762K(4800K) Class: 498K(576K)->498K(576K)
[88.578s][info][gc          ] GC(6) Pause Young (Allocation Failure) 134M->13M(288M) 19.605ms
[88.578s][info][gc,cpu      ] GC(6) User=0.03s Sys=0.01s Real=0.02s
[102.674s][info][gc,start    ] GC(7) Pause Young (Allocation Failure)
[102.675s][info][gc,heap     ] GC(7) PSYoungGen: 119360K(119808K)->544K(129536K) Eden: 119296K(119296K)->0K(115712K) From: 64K(512K)->544K(13824K)
[102.675s][info][gc,heap     ] GC(7) ParOldGen: 14174K(175104K)->14182K(175104K)
[102.675s][info][gc,metaspace] GC(7) Metaspace: 5261K(5376K)->5261K(5376K) NonClass: 4763K(4800K)->4763K(4800K) Class: 498K(576K)->498K(576K)
[102.675s][info][gc          ] GC(7) Pause Young (Allocation Failure) 130M->14M(297M) 1.649ms
[102.675s][info][gc,cpu      ] GC(7) User=0.00s Sys=0.00s Real=0.01s
[116.584s][info][gc,start    ] GC(8) Pause Young (Allocation Failure)
[116.599s][info][gc,heap     ] GC(8) PSYoungGen: 116256K(129536K)->11921K(124416K) Eden: 115712K(115712K)->0K(112128K) From: 544K(13824K)->11921K(12288K)
[116.599s][info][gc,heap     ] GC(8) ParOldGen: 14182K(175104K)->14198K(175104K)
[116.599s][info][gc,metaspace] GC(8) Metaspace: 5451K(5568K)->5451K(5568K) NonClass: 4942K(4992K)->4942K(4992K) Class: 508K(576K)->508K(576K)
[116.599s][info][gc          ] GC(8) Pause Young (Allocation Failure) 127M->25M(292M) 15.183ms
[116.599s][info][gc,cpu      ] GC(8) User=0.03s Sys=0.00s Real=0.02s
[132.295s][info][gc,start    ] GC(9) Pause Young (Allocation Failure)
[132.310s][info][gc,heap     ] GC(9) PSYoungGen: 124049K(124416K)->11441K(122880K) Eden: 112128K(112128K)->0K(109056K) From: 11921K(12288K)->11441K(13824K)
[132.310s][info][gc,heap     ] GC(9) ParOldGen: 14198K(175104K)->14694K(175104K)
[132.310s][info][gc,metaspace] GC(9) Metaspace: 5453K(5568K)->5453K(5568K) NonClass: 4944K(4992K)->4944K(4992K) Class: 508K(576K)->508K(576K)
[132.310s][info][gc          ] GC(9) Pause Young (Allocation Failure) 135M->25M(291M) 14.983ms
[132.310s][info][gc,cpu      ] GC(9) User=0.03s Sys=0.00s Real=0.02s
[145.813s][info][gc,start    ] GC(10) Pause Young (Allocation Failure)
[145.833s][info][gc,heap     ] GC(10) PSYoungGen: 120497K(122880K)->64K(106496K) Eden: 109056K(109056K)->0K(105984K) From: 11441K(13824K)->64K(512K)
[145.833s][info][gc,heap     ] GC(10) ParOldGen: 14694K(175104K)->25886K(175104K)
[145.833s][info][gc,metaspace] GC(10) Metaspace: 5453K(5568K)->5453K(5568K) NonClass: 4944K(4992K)->4944K(4992K) Class: 508K(576K)->508K(576K)
[145.833s][info][gc          ] GC(10) Pause Young (Allocation Failure) 132M->25M(275M) 19.227ms
[145.833s][info][gc,cpu      ] GC(10) User=0.02s Sys=0.01s Real=0.02s
[159.000s][info][gc,start    ] GC(11) Pause Young (Allocation Failure)
[159.002s][info][gc,heap     ] GC(11) PSYoungGen: 106048K(106496K)->480K(118784K) Eden: 105984K(105984K)->0K(102912K) From: 64K(512K)->480K(15872K)
[159.002s][info][gc,heap     ] GC(11) ParOldGen: 25886K(175104K)->25894K(175104K)
[159.002s][info][gc,metaspace] GC(11) Metaspace: 5453K(5568K)->5453K(5568K) NonClass: 4944K(4992K)->4944K(4992K) Class: 508K(576K)->508K(576K)
[159.002s][info][gc          ] GC(11) Pause Young (Allocation Failure) 128M->25M(287M) 1.703ms
[159.002s][info][gc,cpu      ] GC(11) User=0.00s Sys=0.00s Real=0.00s
[171.318s][info][gc,start    ] GC(12) Pause Young (Allocation Failure)
[171.322s][info][gc,heap     ] GC(12) PSYoungGen: 103392K(118784K)->448K(100352K) Eden: 102912K(102912K)->0K(99840K) From: 480K(15872K)->448K(512K)
[171.322s][info][gc,heap     ] GC(12) ParOldGen: 25894K(175104K)->26334K(175104K)
[171.322s][info][gc,metaspace] GC(12) Metaspace: 5453K(5568K)->5453K(5568K) NonClass: 4944K(4992K)->4944K(4992K) Class: 508K(576K)->508K(576K)
[171.322s][info][gc          ] GC(12) Pause Young (Allocation Failure) 126M->26M(269M) 3.385ms
[171.322s][info][gc,cpu      ] GC(12) User=0.00s Sys=0.00s Real=0.00s
[183.164s][info][gc,start    ] GC(13) Pause Young (Allocation Failure)
[183.166s][info][gc,heap     ] GC(13) PSYoungGen: 100288K(100352K)->448K(113152K) Eden: 99840K(99840K)->0K(97280K) From: 448K(512K)->448K(15872K)
[183.166s][info][gc,heap     ] GC(13) ParOldGen: 26334K(175104K)->26750K(175104K)
[183.166s][info][gc,metaspace] GC(13) Metaspace: 5453K(5568K)->5453K(5568K) NonClass: 4944K(4992K)->4944K(4992K) Class: 508K(576K)->508K(576K)
[183.166s][info][gc          ] GC(13) Pause Young (Allocation Failure) 123M->26M(281M) 2.226ms
[183.166s][info][gc,cpu      ] GC(13) User=0.00s Sys=0.00s Real=0.01s
[194.560s][info][gc,start    ] GC(14) Pause Young (Allocation Failure)
[194.563s][info][gc,heap     ] GC(14) PSYoungGen: 97728K(113152K)->448K(95232K) Eden: 97280K(97280K)->0K(94720K) From: 448K(15872K)->448K(512K)
[194.563s][info][gc,heap     ] GC(14) ParOldGen: 26750K(175104K)->27166K(175104K)
[194.563s][info][gc,metaspace] GC(14) Metaspace: 5453K(5568K)->5453K(5568K) NonClass: 4944K(4992K)->4944K(4992K) Class: 508K(576K)->508K(576K)
[194.563s][info][gc          ] GC(14) Pause Young (Allocation Failure) 121M->26M(264M) 2.360ms
[194.563s][info][gc,cpu      ] GC(14) User=0.00s Sys=0.00s Real=0.00s
[206.074s][info][gc,start    ] GC(15) Pause Young (Allocation Failure)
[206.077s][info][gc,heap     ] GC(15) PSYoungGen: 95168K(95232K)->416K(107520K) Eden: 94720K(94720K)->0K(92160K) From: 448K(512K)->416K(15360K)
[206.077s][info][gc,heap     ] GC(15) ParOldGen: 27166K(175104K)->27558K(175104K)
[206.077s][info][gc,metaspace] GC(15) Metaspace: 5453K(5568K)->5453K(5568K) NonClass: 4944K(4992K)->4944K(4992K) Class: 508K(576K)->508K(576K)
[206.077s][info][gc          ] GC(15) Pause Young (Allocation Failure) 119M->27M(276M) 2.248ms
[206.077s][info][gc,cpu      ] GC(15) User=0.00s Sys=0.01s Real=0.01s
[216.872s][info][gc,start    ] GC(16) Pause Young (Allocation Failure)
[216.874s][info][gc,heap     ] GC(16) PSYoungGen: 92576K(107520K)->416K(90112K) Eden: 92160K(92160K)->0K(89600K) From: 416K(15360K)->416K(512K)
[216.874s][info][gc,heap     ] GC(16) ParOldGen: 27558K(175104K)->27942K(175104K)
[216.874s][info][gc,metaspace] GC(16) Metaspace: 5453K(5568K)->5453K(5568K) NonClass: 4944K(4992K)->4944K(4992K) Class: 508K(576K)->508K(576K)
[216.874s][info][gc          ] GC(16) Pause Young (Allocation Failure) 117M->27M(259M) 2.233ms
[216.874s][info][gc,cpu      ] GC(16) User=0.00s Sys=0.00s Real=0.00s
[229.693s][info][gc,start    ] GC(17) Pause Young (Allocation Failure)
[229.707s][info][gc,heap     ] GC(17) PSYoungGen: 90016K(90112K)->11154K(103936K) Eden: 89600K(89600K)->0K(87040K) From: 416K(512K)->11154K(16896K)
[229.707s][info][gc,heap     ] GC(17) ParOldGen: 27942K(175104K)->28318K(175104K)
[229.707s][info][gc,metaspace] GC(17) Metaspace: 5475K(5632K)->5475K(5632K) NonClass: 4966K(5056K)->4966K(5056K) Class: 508K(576K)->508K(576K)
[229.707s][info][gc          ] GC(17) Pause Young (Allocation Failure) 115M->38M(272M) 14.519ms
[229.707s][info][gc,cpu      ] GC(17) User=0.03s Sys=0.00s Real=0.02s
[241.621s][info][gc,start    ] GC(18) Pause Young (Allocation Failure)
[241.641s][info][gc,heap     ] GC(18) PSYoungGen: 98194K(103936K)->64K(85504K) Eden: 87040K(87040K)->0K(84992K) From: 11154K(16896K)->64K(512K)
[241.641s][info][gc,heap     ] GC(18) ParOldGen: 28318K(175104K)->39182K(175104K)
[241.641s][info][gc,metaspace] GC(18) Metaspace: 5478K(5632K)->5478K(5632K) NonClass: 4969K(5056K)->4969K(5056K) Class: 508K(576K)->508K(576K)
[241.641s][info][gc          ] GC(18) Pause Young (Allocation Failure) 123M->38M(254M) 19.843ms
[241.641s][info][gc,cpu      ] GC(18) User=0.03s Sys=0.01s Real=0.02s
[251.774s][info][gc,start    ] GC(19) Pause Young (Allocation Failure)
[251.775s][info][gc,heap     ] GC(19) PSYoungGen: 85056K(85504K)->448K(97792K) Eden: 84992K(84992K)->0K(82944K) From: 64K(512K)->448K(14848K)
[251.775s][info][gc,heap     ] GC(19) ParOldGen: 39182K(175104K)->39198K(175104K)
[251.776s][info][gc,metaspace] GC(19) Metaspace: 5478K(5632K)->5478K(5632K) NonClass: 4969K(5056K)->4969K(5056K) Class: 508K(576K)->508K(576K)
[251.776s][info][gc          ] GC(19) Pause Young (Allocation Failure) 121M->38M(266M) 1.840ms
[251.776s][info][gc,cpu      ] GC(19) User=0.00s Sys=0.01s Real=0.01s
[261.664s][info][gc,start    ] GC(20) Pause Young (Allocation Failure)
[261.667s][info][gc,heap     ] GC(20) PSYoungGen: 83392K(97792K)->352K(81408K) Eden: 82944K(82944K)->0K(80896K) From: 448K(14848K)->352K(512K)
[261.667s][info][gc,heap     ] GC(20) ParOldGen: 39198K(175104K)->39598K(175104K)
[261.667s][info][gc,metaspace] GC(20) Metaspace: 5478K(5632K)->5478K(5632K) NonClass: 4969K(5056K)->4969K(5056K) Class: 508K(576K)->508K(576K)
[261.667s][info][gc          ] GC(20) Pause Young (Allocation Failure) 119M->39M(250M) 2.251ms
[261.667s][info][gc,cpu      ] GC(20) User=0.00s Sys=0.00s Real=0.01s
[271.163s][info][gc,start    ] GC(21) Pause Young (Allocation Failure)
[271.165s][info][gc,heap     ] GC(21) PSYoungGen: 81248K(81408K)->384K(91648K) Eden: 80896K(80896K)->0K(78848K) From: 352K(512K)->384K(12800K)
[271.165s][info][gc,heap     ] GC(21) ParOldGen: 39598K(175104K)->39926K(175104K)
[271.165s][info][gc,metaspace] GC(21) Metaspace: 5478K(5632K)->5478K(5632K) NonClass: 4969K(5056K)->4969K(5056K) Class: 508K(576K)->508K(576K)
[271.165s][info][gc          ] GC(21) Pause Young (Allocation Failure) 118M->39M(260M) 2.231ms
[271.165s][info][gc,cpu      ] GC(21) User=0.00s Sys=0.00s Real=0.00s
[280.183s][info][gc,start    ] GC(22) Pause Young (Allocation Failure)
[280.185s][info][gc,heap     ] GC(22) PSYoungGen: 79232K(91648K)->352K(77312K) Eden: 78848K(78848K)->0K(76800K) From: 384K(12800K)->352K(512K)
[280.185s][info][gc,heap     ] GC(22) ParOldGen: 39926K(175104K)->40278K(175104K)
[280.185s][info][gc,metaspace] GC(22) Metaspace: 5478K(5632K)->5478K(5632K) NonClass: 4969K(5056K)->4969K(5056K) Class: 508K(576K)->508K(576K)
[280.185s][info][gc          ] GC(22) Pause Young (Allocation Failure) 116M->39M(246M) 2.177ms
[280.185s][info][gc,cpu      ] GC(22) User=0.01s Sys=0.00s Real=0.00s
[289.393s][info][gc,start    ] GC(23) Pause Young (Allocation Failure)
[289.395s][info][gc,heap     ] GC(23) PSYoungGen: 77152K(77312K)->352K(87040K) Eden: 76800K(76800K)->0K(74752K) From: 352K(512K)->352K(12288K)
[289.395s][info][gc,heap     ] GC(23) ParOldGen: 40278K(175104K)->40598K(175104K)
[289.395s][info][gc,metaspace] GC(23) Metaspace: 5478K(5632K)->5478K(5632K) NonClass: 4969K(5056K)->4969K(5056K) Class: 508K(576K)->508K(576K)
[289.395s][info][gc          ] GC(23) Pause Young (Allocation Failure) 114M->39M(256M) 1.948ms
[289.395s][info][gc,cpu      ] GC(23) User=0.01s Sys=0.00s Real=0.00s
[297.872s][info][gc,start    ] GC(24) Pause Young (Allocation Failure)
[297.874s][info][gc,heap     ] GC(24) PSYoungGen: 75104K(87040K)->320K(73728K) Eden: 74752K(74752K)->0K(73216K) From: 352K(12288K)->320K(512K)
[297.874s][info][gc,heap     ] GC(24) ParOldGen: 40598K(175104K)->40918K(175104K)
[297.874s][info][gc,metaspace] GC(24) Metaspace: 5478K(5632K)->5478K(5632K) NonClass: 4969K(5056K)->4969K(5056K) Class: 508K(576K)->508K(576K)
[297.874s][info][gc          ] GC(24) Pause Young (Allocation Failure) 112M->40M(243M) 2.007ms
[297.874s][info][gc,cpu      ] GC(24) User=0.00s Sys=0.00s Real=0.00s
[306.236s][info][gc,start    ] GC(25) Pause Young (Allocation Failure)
[306.237s][info][gc,heap     ] GC(25) PSYoungGen: 73536K(73728K)->352K(82944K) Eden: 73216K(73216K)->0K(71680K) From: 320K(512K)->352K(11264K)
[306.237s][info][gc,heap     ] GC(25) ParOldGen: 40918K(175104K)->41214K(175104K)
[306.237s][info][gc,metaspace] GC(25) Metaspace: 5478K(5632K)->5478K(5632K) NonClass: 4969K(5056K)->4969K(5056K) Class: 508K(576K)->508K(576K)
[306.237s][info][gc          ] GC(25) Pause Young (Allocation Failure) 111M->40M(252M) 1.860ms
[306.237s][info][gc,cpu      ] GC(25) User=0.00s Sys=0.00s Real=0.00s
[314.476s][info][gc,start    ] GC(26) Pause Young (Allocation Failure)
[314.478s][info][gc,heap     ] GC(26) PSYoungGen: 72032K(82944K)->352K(70656K) Eden: 71680K(71680K)->0K(70144K) From: 352K(11264K)->352K(512K)
[314.478s][info][gc,heap     ] GC(26) ParOldGen: 41214K(175104K)->41518K(175104K)
[314.478s][info][gc,metaspace] GC(26) Metaspace: 5478K(5632K)->5478K(5632K) NonClass: 4969K(5056K)->4969K(5056K) Class: 508K(576K)->508K(576K)
[314.478s][info][gc          ] GC(26) Pause Young (Allocation Failure) 110M->40M(240M) 2.039ms
[314.478s][info][gc,cpu      ] GC(26) User=0.01s Sys=0.01s Real=0.00s
[322.640s][info][gc,start    ] GC(27) Pause Young (Allocation Failure)
[322.642s][info][gc,heap     ] GC(27) PSYoungGen: 70496K(70656K)->352K(77824K) Eden: 70144K(70144K)->0K(68608K) From: 352K(512K)->352K(9216K)
[322.642s][info][gc,heap     ] GC(27) ParOldGen: 41518K(175104K)->41806K(175104K)
[322.642s][info][gc,metaspace] GC(27) Metaspace: 5478K(5632K)->5478K(5632K) NonClass: 4969K(5056K)->4969K(5056K) Class: 508K(576K)->508K(576K)
[322.642s][info][gc          ] GC(27) Pause Young (Allocation Failure) 109M->41M(247M) 1.945ms
[322.642s][info][gc,cpu      ] GC(27) User=0.00s Sys=0.00s Real=0.00s
[330.273s][info][gc,start    ] GC(28) Pause Young (Allocation Failure)
[330.278s][info][gc,heap     ] GC(28) PSYoungGen: 68960K(77824K)->2251K(69632K) Eden: 68608K(68608K)->0K(67072K) From: 352K(9216K)->2251K(2560K)
[330.278s][info][gc,heap     ] GC(28) ParOldGen: 41806K(175104K)->42094K(175104K)
[330.278s][info][gc,metaspace] GC(28) Metaspace: 5478K(5632K)->5478K(5632K) NonClass: 4969K(5056K)->4969K(5056K) Class: 508K(576K)->508K(576K)
[330.278s][info][gc          ] GC(28) Pause Young (Allocation Failure) 108M->43M(239M) 4.774ms
[330.278s][info][gc,cpu      ] GC(28) User=0.01s Sys=0.00s Real=0.01s
[341.893s][info][gc,start    ] GC(29) Pause Young (Allocation Failure)
[341.909s][info][gc,heap     ] GC(29) PSYoungGen: 69323K(69632K)->9031K(76800K) Eden: 67071K(67072K)->0K(65536K) From: 2251K(2560K)->9031K(11264K)
[341.909s][info][gc,heap     ] GC(29) ParOldGen: 42094K(175104K)->44279K(175104K)
[341.909s][info][gc,metaspace] GC(29) Metaspace: 5529K(5632K)->5529K(5632K) NonClass: 5019K(5056K)->5019K(5056K) Class: 509K(576K)->509K(576K)
[341.909s][info][gc          ] GC(29) Pause Young (Allocation Failure) 108M->52M(246M) 15.832ms
[341.909s][info][gc,cpu      ] GC(29) User=0.03s Sys=0.00s Real=0.02s
[350.870s][info][gc,start    ] GC(30) Pause Young (Allocation Failure)
[350.884s][info][gc,heap     ] GC(30) PSYoungGen: 74567K(76800K)->96K(64512K) Eden: 65536K(65536K)->0K(64000K) From: 9031K(11264K)->96K(512K)
[350.884s][info][gc,heap     ] GC(30) ParOldGen: 44279K(175104K)->53066K(175104K)
[350.884s][info][gc,metaspace] GC(30) Metaspace: 5530K(5632K)->5530K(5632K) NonClass: 5020K(5056K)->5020K(5056K) Class: 509K(576K)->509K(576K)
[350.884s][info][gc          ] GC(30) Pause Young (Allocation Failure) 116M->51M(234M) 14.132ms
[350.885s][info][gc,cpu      ] GC(30) User=0.02s Sys=0.00s Real=0.01s
[358.350s][info][gc,start    ] GC(31) Pause Young (Allocation Failure)
[358.352s][info][gc,heap     ] GC(31) PSYoungGen: 64096K(64512K)->352K(74240K) Eden: 64000K(64000K)->0K(63488K) From: 96K(512K)->352K(10752K)
[358.352s][info][gc,heap     ] GC(31) ParOldGen: 53066K(175104K)->53082K(175104K)
[358.352s][info][gc,metaspace] GC(31) Metaspace: 5530K(5632K)->5530K(5632K) NonClass: 5020K(5056K)->5020K(5056K) Class: 509K(576K)->509K(576K)
[358.352s][info][gc          ] GC(31) Pause Young (Allocation Failure) 114M->52M(243M) 1.438ms
[358.352s][info][gc,cpu      ] GC(31) User=0.00s Sys=0.00s Real=0.00s
[365.408s][info][gc,start    ] GC(32) Pause Young (Allocation Failure)
[365.409s][info][gc,heap     ] GC(32) PSYoungGen: 63840K(74240K)->288K(75264K) Eden: 63488K(63488K)->0K(63488K) From: 352K(10752K)->288K(11776K)
[365.409s][info][gc,heap     ] GC(32) ParOldGen: 53082K(175104K)->53394K(175104K)
[365.409s][info][gc,metaspace] GC(32) Metaspace: 5530K(5632K)->5530K(5632K) NonClass: 5020K(5056K)->5020K(5056K) Class: 509K(576K)->509K(576K)
[365.409s][info][gc          ] GC(32) Pause Young (Allocation Failure) 114M->52M(244M) 1.581ms
[365.409s][info][gc,cpu      ] GC(32) User=0.00s Sys=0.00s Real=0.00s
[373.103s][info][gc,start    ] GC(33) Pause Young (Allocation Failure)
[373.105s][info][gc,heap     ] GC(33) PSYoungGen: 63776K(75264K)->288K(76800K) Eden: 63488K(63488K)->0K(65536K) From: 288K(11776K)->288K(11264K)
[373.105s][info][gc,heap     ] GC(33) ParOldGen: 53394K(175104K)->53658K(175104K)
[373.105s][info][gc,metaspace] GC(33) Metaspace: 5530K(5632K)->5530K(5632K) NonClass: 5020K(5056K)->5020K(5056K) Class: 509K(576K)->509K(576K)
[373.105s][info][gc          ] GC(33) Pause Young (Allocation Failure) 114M->52M(246M) 1.602ms
[373.105s][info][gc,cpu      ] GC(33) User=0.00s Sys=0.00s Real=0.00s
[380.964s][info][gc,start    ] GC(34) Pause Young (Allocation Failure)
[380.965s][info][gc,heap     ] GC(34) PSYoungGen: 65824K(76800K)->288K(75776K) Eden: 65536K(65536K)->0K(65536K) From: 288K(11264K)->288K(10240K)
[380.965s][info][gc,heap     ] GC(34) ParOldGen: 53658K(175104K)->53922K(175104K)
[380.965s][info][gc,metaspace] GC(34) Metaspace: 5530K(5632K)->5530K(5632K) NonClass: 5020K(5056K)->5020K(5056K) Class: 509K(576K)->509K(576K)
[380.965s][info][gc          ] GC(34) Pause Young (Allocation Failure) 116M->52M(245M) 1.516ms
[380.965s][info][gc,cpu      ] GC(34) User=0.00s Sys=0.00s Real=0.00s
[388.665s][info][gc,start    ] GC(35) Pause Young (Allocation Failure)
[388.668s][info][gc,heap     ] GC(35) PSYoungGen: 65824K(75776K)->320K(77824K) Eden: 65536K(65536K)->0K(68096K) From: 288K(10240K)->320K(9728K)
[388.668s][info][gc,heap     ] GC(35) ParOldGen: 53922K(175104K)->54194K(175104K)
[388.668s][info][gc,metaspace] GC(35) Metaspace: 5530K(5632K)->5530K(5632K) NonClass: 5020K(5056K)->5020K(5056K) Class: 509K(576K)->509K(576K)
[388.668s][info][gc          ] GC(35) Pause Young (Allocation Failure) 116M->53M(247M) 2.859ms
[388.668s][info][gc,cpu      ] GC(35) User=0.01s Sys=0.00s Real=0.01s
[396.510s][info][gc,start    ] GC(36) Pause Young (Allocation Failure)
[396.511s][info][gc,heap     ] GC(36) PSYoungGen: 68416K(77824K)->320K(77312K) Eden: 68096K(68096K)->0K(68096K) From: 320K(9728K)->320K(9216K)
[396.511s][info][gc,heap     ] GC(36) ParOldGen: 54194K(175104K)->54458K(175104K)
[396.511s][info][gc,metaspace] GC(36) Metaspace: 5530K(5632K)->5530K(5632K) NonClass: 5020K(5056K)->5020K(5056K) Class: 509K(576K)->509K(576K)
[396.512s][info][gc          ] GC(36) Pause Young (Allocation Failure) 119M->53M(246M) 1.665ms
[396.512s][info][gc,cpu      ] GC(36) User=0.00s Sys=0.01s Real=0.00s
[404.510s][info][gc,start    ] GC(37) Pause Young (Allocation Failure)
[404.515s][info][gc,heap     ] GC(37) PSYoungGen: 68416K(77312K)->320K(78848K) Eden: 68096K(68096K)->0K(70144K) From: 320K(9216K)->320K(8704K)
[404.515s][info][gc,heap     ] GC(37) ParOldGen: 54458K(175104K)->54738K(175104K)
[404.515s][info][gc,metaspace] GC(37) Metaspace: 5530K(5632K)->5530K(5632K) NonClass: 5020K(5056K)->5020K(5056K) Class: 509K(576K)->509K(576K)
[404.515s][info][gc          ] GC(37) Pause Young (Allocation Failure) 119M->53M(248M) 4.955ms
[404.515s][info][gc,cpu      ] GC(37) User=0.00s Sys=0.00s Real=0.00s
[412.621s][info][gc,start    ] GC(38) Pause Young (Allocation Failure)
[412.623s][info][gc,heap     ] GC(38) PSYoungGen: 70464K(78848K)->320K(78336K) Eden: 70144K(70144K)->0K(70144K) From: 320K(8704K)->320K(8192K)
[412.623s][info][gc,heap     ] GC(38) ParOldGen: 54738K(175104K)->55010K(175104K)
[412.623s][info][gc,metaspace] GC(38) Metaspace: 5530K(5632K)->5530K(5632K) NonClass: 5020K(5056K)->5020K(5056K) Class: 509K(576K)->509K(576K)
[412.623s][info][gc          ] GC(38) Pause Young (Allocation Failure) 122M->54M(247M) 2.157ms
[412.623s][info][gc,cpu      ] GC(38) User=0.01s Sys=0.00s Real=0.00s
[420.869s][info][gc,start    ] GC(39) Pause Young (Allocation Failure)
[420.871s][info][gc,heap     ] GC(39) PSYoungGen: 70464K(78336K)->320K(79872K) Eden: 70144K(70144K)->0K(72192K) From: 320K(8192K)->320K(7680K)
[420.871s][info][gc,heap     ] GC(39) ParOldGen: 55010K(175104K)->55282K(175104K)
[420.871s][info][gc,metaspace] GC(39) Metaspace: 5530K(5632K)->5530K(5632K) NonClass: 5020K(5056K)->5020K(5056K) Class: 509K(576K)->509K(576K)
[420.871s][info][gc          ] GC(39) Pause Young (Allocation Failure) 122M->54M(249M) 1.800ms
[420.871s][info][gc,cpu      ] GC(39) User=0.00s Sys=0.00s Real=0.00s
[429.447s][info][gc,start    ] GC(40) Pause Young (Allocation Failure)
[429.448s][info][gc,heap     ] GC(40) PSYoungGen: 72512K(79872K)->320K(79360K) Eden: 72192K(72192K)->0K(72192K) From: 320K(7680K)->320K(7168K)
[429.448s][info][gc,heap     ] GC(40) ParOldGen: 55282K(175104K)->55578K(175104K)
[429.448s][info][gc,metaspace] GC(40) Metaspace: 5530K(5632K)->5530K(5632K) NonClass: 5020K(5056K)->5020K(5056K) Class: 509K(576K)->509K(576K)
[429.448s][info][gc          ] GC(40) Pause Young (Allocation Failure) 124M->54M(248M) 1.663ms
[429.448s][info][gc,cpu      ] GC(40) User=0.00s Sys=0.00s Real=0.00s
[438.312s][info][gc,start    ] GC(41) Pause Young (Allocation Failure)
[438.314s][info][gc,heap     ] GC(41) PSYoungGen: 72512K(79360K)->352K(80384K) Eden: 72192K(72192K)->0K(73728K) From: 320K(7168K)->352K(6656K)
[438.314s][info][gc,heap     ] GC(41) ParOldGen: 55578K(175104K)->55858K(175104K)
[438.314s][info][gc,metaspace] GC(41) Metaspace: 5530K(5632K)->5530K(5632K) NonClass: 5020K(5056K)->5020K(5056K) Class: 509K(576K)->509K(576K)
[438.314s][info][gc          ] GC(41) Pause Young (Allocation Failure) 125M->54M(249M) 1.615ms
[438.314s][info][gc,cpu      ] GC(41) User=0.01s Sys=0.00s Real=0.00s
[449.379s][info][gc,start    ] GC(42) Pause Young (Allocation Failure)
[449.396s][info][gc,heap     ] GC(42) PSYoungGen: 74080K(80384K)->6637K(78848K) Eden: 73728K(73728K)->0K(72192K) From: 352K(6656K)->6637K(6656K)
[449.396s][info][gc,heap     ] GC(42) ParOldGen: 55858K(175104K)->60401K(175104K)
[449.396s][info][gc,metaspace] GC(42) Metaspace: 5543K(5696K)->5543K(5696K) NonClass: 5033K(5120K)->5033K(5120K) Class: 509K(576K)->509K(576K)
[449.396s][info][gc          ] GC(42) Pause Young (Allocation Failure) 126M->65M(248M) 16.701ms
[449.396s][info][gc,cpu      ] GC(42) User=0.03s Sys=0.01s Real=0.02s
[459.166s][info][gc,start    ] GC(43) Pause Young (Allocation Failure)
[459.178s][info][gc,heap     ] GC(43) PSYoungGen: 78829K(78848K)->64K(77824K) Eden: 72191K(72192K)->0K(70656K) From: 6637K(6656K)->64K(7168K)
[459.178s][info][gc,heap     ] GC(43) ParOldGen: 60401K(175104K)->66887K(175104K)
[459.178s][info][gc,metaspace] GC(43) Metaspace: 5543K(5696K)->5543K(5696K) NonClass: 5033K(5120K)->5033K(5120K) Class: 509K(576K)->509K(576K)
[459.178s][info][gc          ] GC(43) Pause Young (Allocation Failure) 135M->65M(247M) 12.395ms
[459.178s][info][gc,cpu      ] GC(43) User=0.01s Sys=0.01s Real=0.01s
[467.296s][info][gc,start    ] GC(44) Pause Young (Allocation Failure)
[467.297s][info][gc,heap     ] GC(44) PSYoungGen: 70720K(77824K)->384K(71168K) Eden: 70656K(70656K)->0K(70656K) From: 64K(7168K)->384K(512K)
[467.298s][info][gc,heap     ] GC(44) ParOldGen: 66887K(175104K)->66895K(175104K)
[467.298s][info][gc,metaspace] GC(44) Metaspace: 5543K(5696K)->5543K(5696K) NonClass: 5033K(5120K)->5033K(5120K) Class: 509K(576K)->509K(576K)
[467.298s][info][gc          ] GC(44) Pause Young (Allocation Failure) 134M->65M(240M) 1.399ms
[467.298s][info][gc,cpu      ] GC(44) User=0.00s Sys=0.00s Real=0.00s
[475.014s][info][gc,start    ] GC(45) Pause Young (Allocation Failure)
[475.016s][info][gc,heap     ] GC(45) PSYoungGen: 71040K(71168K)->320K(78848K) Eden: 70656K(70656K)->0K(70144K) From: 384K(512K)->320K(8704K)
[475.016s][info][gc,heap     ] GC(45) ParOldGen: 66895K(175104K)->67231K(175104K)
[475.016s][info][gc,metaspace] GC(45) Metaspace: 5543K(5696K)->5543K(5696K) NonClass: 5033K(5120K)->5033K(5120K) Class: 509K(576K)->509K(576K)
[475.016s][info][gc          ] GC(45) Pause Young (Allocation Failure) 134M->65M(248M) 1.870ms
[475.016s][info][gc,cpu      ] GC(45) User=0.01s Sys=0.00s Real=0.01s
[483.558s][info][gc,start    ] GC(46) Pause Young (Allocation Failure)
[483.559s][info][gc,heap     ] GC(46) PSYoungGen: 70464K(78848K)->320K(78336K) Eden: 70144K(70144K)->0K(70144K) From: 320K(8704K)->320K(8192K)
[483.559s][info][gc,heap     ] GC(46) ParOldGen: 67231K(175104K)->67511K(175104K)
[483.559s][info][gc,metaspace] GC(46) Metaspace: 5543K(5696K)->5543K(5696K) NonClass: 5033K(5120K)->5033K(5120K) Class: 509K(576K)->509K(576K)
[483.559s][info][gc          ] GC(46) Pause Young (Allocation Failure) 134M->66M(247M) 1.619ms
[483.559s][info][gc,cpu      ] GC(46) User=0.01s Sys=0.00s Real=0.00s
[491.532s][info][gc,start    ] GC(47) Pause Young (Allocation Failure)
[491.535s][info][gc,heap     ] GC(47) PSYoungGen: 70464K(78336K)->352K(79360K) Eden: 70144K(70144K)->0K(71680K) From: 320K(8192K)->352K(7680K)
[491.535s][info][gc,heap     ] GC(47) ParOldGen: 67511K(175104K)->67799K(175104K)
[491.535s][info][gc,metaspace] GC(47) Metaspace: 5543K(5696K)->5543K(5696K) NonClass: 5033K(5120K)->5033K(5120K) Class: 509K(576K)->509K(576K)
[491.535s][info][gc          ] GC(47) Pause Young (Allocation Failure) 134M->66M(248M) 3.053ms
[491.535s][info][gc,cpu      ] GC(47) User=0.00s Sys=0.00s Real=0.00s
[499.401s][info][gc,start    ] GC(48) Pause Young (Allocation Failure)
[499.403s][info][gc,heap     ] GC(48) PSYoungGen: 72032K(79360K)->352K(79360K) Eden: 71680K(71680K)->0K(71680K) From: 352K(7680K)->352K(7680K)
[499.403s][info][gc,heap     ] GC(48) ParOldGen: 67799K(175104K)->68087K(175104K)
[499.403s][info][gc,metaspace] GC(48) Metaspace: 5543K(5696K)->5543K(5696K) NonClass: 5033K(5120K)->5033K(5120K) Class: 509K(576K)->509K(576K)
[499.403s][info][gc          ] GC(48) Pause Young (Allocation Failure) 136M->66M(248M) 1.751ms
[499.403s][info][gc,cpu      ] GC(48) User=0.01s Sys=0.00s Real=0.00s
[507.982s][info][gc,start    ] GC(49) Pause Young (Allocation Failure)
[507.984s][info][gc,heap     ] GC(49) PSYoungGen: 72032K(79360K)->320K(80384K) Eden: 71680K(71680K)->0K(73216K) From: 352K(7680K)->320K(7168K)
[507.984s][info][gc,heap     ] GC(49) ParOldGen: 68087K(175104K)->68383K(175104K)
[507.984s][info][gc,metaspace] GC(49) Metaspace: 5543K(5696K)->5543K(5696K) NonClass: 5033K(5120K)->5033K(5120K) Class: 509K(576K)->509K(576K)
[507.984s][info][gc          ] GC(49) Pause Young (Allocation Failure) 136M->67M(249M) 2.108ms
[507.984s][info][gc,cpu      ] GC(49) User=0.01s Sys=0.00s Real=0.00s
[516.453s][info][gc,start    ] GC(50) Pause Young (Allocation Failure)
[516.455s][info][gc,heap     ] GC(50) PSYoungGen: 73536K(80384K)->320K(79872K) Eden: 73216K(73216K)->0K(73216K) From: 320K(7168K)->320K(6656K)
[516.455s][info][gc,heap     ] GC(50) ParOldGen: 68383K(175104K)->68671K(175104K)
[516.455s][info][gc,metaspace] GC(50) Metaspace: 5543K(5696K)->5543K(5696K) NonClass: 5033K(5120K)->5033K(5120K) Class: 509K(576K)->509K(576K)
[516.455s][info][gc          ] GC(50) Pause Young (Allocation Failure) 138M->67M(249M) 2.192ms
[516.455s][info][gc,cpu      ] GC(50) User=0.01s Sys=0.00s Real=0.01s
[525.172s][info][gc,start    ] GC(51) Pause Young (Allocation Failure)
[525.175s][info][gc,heap     ] GC(51) PSYoungGen: 73536K(79872K)->352K(81408K) Eden: 73216K(73216K)->0K(75264K) From: 320K(6656K)->352K(6144K)
[525.175s][info][gc,heap     ] GC(51) ParOldGen: 68671K(175104K)->68967K(175104K)
[525.175s][info][gc,metaspace] GC(51) Metaspace: 5543K(5696K)->5543K(5696K) NonClass: 5033K(5120K)->5033K(5120K) Class: 509K(576K)->509K(576K)
[525.175s][info][gc          ] GC(51) Pause Young (Allocation Failure) 138M->67M(250M) 2.130ms
[525.175s][info][gc,cpu      ] GC(51) User=0.00s Sys=0.01s Real=0.00s
[534.287s][info][gc,start    ] GC(52) Pause Young (Allocation Failure)
[534.290s][info][gc,heap     ] GC(52) PSYoungGen: 75616K(81408K)->352K(80896K) Eden: 75264K(75264K)->0K(75264K) From: 352K(6144K)->352K(5632K)
[534.290s][info][gc,heap     ] GC(52) ParOldGen: 68967K(175104K)->69255K(175104K)
[534.290s][info][gc,metaspace] GC(52) Metaspace: 5543K(5696K)->5543K(5696K) NonClass: 5033K(5120K)->5033K(5120K) Class: 509K(576K)->509K(576K)
[534.290s][info][gc          ] GC(52) Pause Young (Allocation Failure) 141M->67M(250M) 3.700ms
[534.290s][info][gc,cpu      ] GC(52) User=0.00s Sys=0.00s Real=0.00s
[543.253s][info][gc,start    ] GC(53) Pause Young (Allocation Failure)
[543.258s][info][gc,heap     ] GC(53) PSYoungGen: 75616K(80896K)->352K(81920K) Eden: 75264K(75264K)->0K(76288K) From: 352K(5632K)->352K(5632K)
[543.258s][info][gc,heap     ] GC(53) ParOldGen: 69255K(175104K)->69567K(175104K)
[543.258s][info][gc,metaspace] GC(53) Metaspace: 5543K(5696K)->5543K(5696K) NonClass: 5033K(5120K)->5033K(5120K) Class: 509K(576K)->509K(576K)
[543.258s][info][gc          ] GC(53) Pause Young (Allocation Failure) 141M->68M(251M) 4.777ms
[543.258s][info][gc,cpu      ] GC(53) User=0.01s Sys=0.00s Real=0.01s
[554.062s][info][gc,start    ] GC(54) Pause Young (Allocation Failure)
[554.079s][info][gc,heap     ] GC(54) PSYoungGen: 76640K(81920K)->5095K(79360K) Eden: 76288K(76288K)->0K(74240K) From: 352K(5632K)->5095K(5120K)
[554.079s][info][gc,heap     ] GC(54) ParOldGen: 69567K(175104K)->75681K(175104K)
[554.079s][info][gc,metaspace] GC(54) Metaspace: 5554K(5696K)->5554K(5696K) NonClass: 5044K(5120K)->5044K(5120K) Class: 509K(576K)->509K(576K)
[554.079s][info][gc          ] GC(54) Pause Young (Allocation Failure) 142M->78M(248M) 16.924ms
[554.079s][info][gc,cpu      ] GC(54) User=0.03s Sys=0.01s Real=0.02s
[564.322s][info][gc,start    ] GC(55) Pause Young (Allocation Failure)
[564.334s][info][gc,heap     ] GC(55) PSYoungGen: 79335K(79360K)->96K(78848K) Eden: 74240K(74240K)->0K(72704K) From: 5095K(5120K)->96K(6144K)
[564.334s][info][gc,heap     ] GC(55) ParOldGen: 75681K(175104K)->80680K(175104K)
[564.334s][info][gc,metaspace] GC(55) Metaspace: 5554K(5696K)->5554K(5696K) NonClass: 5044K(5120K)->5044K(5120K) Class: 509K(576K)->509K(576K)
[564.334s][info][gc          ] GC(55) Pause Young (Allocation Failure) 151M->78M(248M) 12.156ms
[564.334s][info][gc,cpu      ] GC(55) User=0.02s Sys=0.00s Real=0.01s
[572.728s][info][gc,start    ] GC(56) Pause Young (Allocation Failure)
[572.729s][info][gc,heap     ] GC(56) PSYoungGen: 72800K(78848K)->448K(73216K) Eden: 72704K(72704K)->0K(72704K) From: 96K(6144K)->448K(512K)
[572.729s][info][gc,heap     ] GC(56) ParOldGen: 80680K(175104K)->80688K(175104K)
[572.729s][info][gc,metaspace] GC(56) Metaspace: 5554K(5696K)->5554K(5696K) NonClass: 5044K(5120K)->5044K(5120K) Class: 509K(576K)->509K(576K)
[572.729s][info][gc          ] GC(56) Pause Young (Allocation Failure) 149M->79M(242M) 1.415ms
[572.729s][info][gc,cpu      ] GC(56) User=0.00s Sys=0.00s Real=0.00s
[580.696s][info][gc,start    ] GC(57) Pause Young (Allocation Failure)
[580.697s][info][gc,heap     ] GC(57) PSYoungGen: 73151K(73216K)->352K(79360K) Eden: 72703K(72704K)->0K(71680K) From: 448K(512K)->352K(7680K)
[580.697s][info][gc,heap     ] GC(57) ParOldGen: 80688K(175104K)->81064K(175104K)
[580.697s][info][gc,metaspace] GC(57) Metaspace: 5554K(5696K)->5554K(5696K) NonClass: 5044K(5120K)->5044K(5120K) Class: 509K(576K)->509K(576K)
[580.697s][info][gc          ] GC(57) Pause Young (Allocation Failure) 150M->79M(248M) 1.723ms
[580.697s][info][gc,cpu      ] GC(57) User=0.00s Sys=0.00s Real=0.00s
[589.669s][info][gc,start    ] GC(58) Pause Young (Allocation Failure)
[589.671s][info][gc,heap     ] GC(58) PSYoungGen: 72032K(79360K)->352K(79360K) Eden: 71680K(71680K)->0K(71680K) From: 352K(7680K)->352K(7680K)
[589.671s][info][gc,heap     ] GC(58) ParOldGen: 81064K(175104K)->81368K(175104K)
[589.671s][info][gc,metaspace] GC(58) Metaspace: 5554K(5696K)->5554K(5696K) NonClass: 5044K(5120K)->5044K(5120K) Class: 509K(576K)->509K(576K)
[589.671s][info][gc          ] GC(58) Pause Young (Allocation Failure) 149M->79M(248M) 1.772ms
[589.671s][info][gc,cpu      ] GC(58) User=0.00s Sys=0.00s Real=0.00s
[598.566s][info][gc,start    ] GC(59) Pause Young (Allocation Failure)
[598.568s][info][gc,heap     ] GC(59) PSYoungGen: 72032K(79360K)->352K(80384K) Eden: 71680K(71680K)->0K(73216K) From: 352K(7680K)->352K(7168K)
[598.568s][info][gc,heap     ] GC(59) ParOldGen: 81368K(175104K)->81672K(175104K)
[598.568s][info][gc,metaspace] GC(59) Metaspace: 5554K(5696K)->5554K(5696K) NonClass: 5044K(5120K)->5044K(5120K) Class: 509K(576K)->509K(576K)
[598.568s][info][gc          ] GC(59) Pause Young (Allocation Failure) 149M->80M(249M) 1.751ms
[598.568s][info][gc,cpu      ] GC(59) User=0.00s Sys=0.00s Real=0.00s
[607.298s][info][gc,start    ] GC(60) Pause Young (Allocation Failure)
[607.300s][info][gc,heap     ] GC(60) PSYoungGen: 73568K(80384K)->352K(79872K) Eden: 73216K(73216K)->0K(73216K) From: 352K(7168K)->352K(6656K)
[607.301s][info][gc,heap     ] GC(60) ParOldGen: 81672K(175104K)->81968K(175104K)
[607.301s][info][gc,metaspace] GC(60) Metaspace: 5554K(5696K)->5554K(5696K) NonClass: 5044K(5120K)->5044K(5120K) Class: 509K(576K)->509K(576K)
[607.301s][info][gc          ] GC(60) Pause Young (Allocation Failure) 151M->80M(249M) 3.035ms
[607.301s][info][gc,cpu      ] GC(60) User=0.00s Sys=0.00s Real=0.00s
[615.729s][info][gc,start    ] GC(61) Pause Young (Allocation Failure)
[615.732s][info][gc,heap     ] GC(61) PSYoungGen: 73568K(79872K)->352K(80896K) Eden: 73216K(73216K)->0K(74752K) From: 352K(6656K)->352K(6144K)
[615.732s][info][gc,heap     ] GC(61) ParOldGen: 81968K(175104K)->82264K(175104K)
[615.732s][info][gc,metaspace] GC(61) Metaspace: 5554K(5696K)->5554K(5696K) NonClass: 5044K(5120K)->5044K(5120K) Class: 509K(576K)->509K(576K)
[615.732s][info][gc          ] GC(61) Pause Young (Allocation Failure) 151M->80M(250M) 3.164ms
[615.732s][info][gc,cpu      ] GC(61) User=0.01s Sys=0.00s Real=0.00s
[624.660s][info][gc,start    ] GC(62) Pause Young (Allocation Failure)
[624.664s][info][gc,heap     ] GC(62) PSYoungGen: 75104K(80896K)->352K(80896K) Eden: 74752K(74752K)->0K(74752K) From: 352K(6144K)->352K(6144K)
[624.664s][info][gc,heap     ] GC(62) ParOldGen: 82264K(175104K)->82584K(175104K)
[624.664s][info][gc,metaspace] GC(62) Metaspace: 5554K(5696K)->5554K(5696K) NonClass: 5044K(5120K)->5044K(5120K) Class: 509K(576K)->509K(576K)
[624.664s][info][gc          ] GC(62) Pause Young (Allocation Failure) 153M->80M(250M) 4.657ms
[624.664s][info][gc,cpu      ] GC(62) User=0.00s Sys=0.00s Real=0.00s
[632.786s][info][gc,start    ] GC(63) Pause Young (Allocation Failure)
[632.789s][info][gc,heap     ] GC(63) PSYoungGen: 75104K(80896K)->352K(81920K) Eden: 74752K(74752K)->0K(76288K) From: 352K(6144K)->352K(5632K)
[632.789s][info][gc,heap     ] GC(63) ParOldGen: 82584K(175104K)->82888K(175104K)
[632.789s][info][gc,metaspace] GC(63) Metaspace: 5554K(5696K)->5554K(5696K) NonClass: 5044K(5120K)->5044K(5120K) Class: 509K(576K)->509K(576K)
[632.789s][info][gc          ] GC(63) Pause Young (Allocation Failure) 153M->81M(251M) 2.951ms
[632.789s][info][gc,cpu      ] GC(63) User=0.00s Sys=0.00s Real=0.00s
[641.458s][info][gc,start    ] GC(64) Pause Young (Allocation Failure)
[641.460s][info][gc,heap     ] GC(64) PSYoungGen: 76640K(81920K)->352K(81408K) Eden: 76288K(76288K)->0K(76288K) From: 352K(5632K)->352K(5120K)
[641.460s][info][gc,heap     ] GC(64) ParOldGen: 82888K(175104K)->83176K(175104K)
[641.460s][info][gc,metaspace] GC(64) Metaspace: 5554K(5696K)->5554K(5696K) NonClass: 5044K(5120K)->5044K(5120K) Class: 509K(576K)->509K(576K)
[641.460s][info][gc          ] GC(64) Pause Young (Allocation Failure) 155M->81M(250M) 1.684ms
[641.460s][info][gc,cpu      ] GC(64) User=0.00s Sys=0.00s Real=0.00s
[650.156s][info][gc,start    ] GC(65) Pause Young (Allocation Failure)
[650.158s][info][gc,heap     ] GC(65) PSYoungGen: 76639K(81408K)->352K(82432K) Eden: 76287K(76288K)->0K(77312K) From: 352K(5120K)->352K(5120K)
[650.158s][info][gc,heap     ] GC(65) ParOldGen: 83176K(175104K)->83480K(175104K)
[650.158s][info][gc,metaspace] GC(65) Metaspace: 5554K(5696K)->5554K(5696K) NonClass: 5044K(5120K)->5044K(5120K) Class: 509K(576K)->509K(576K)
[650.158s][info][gc          ] GC(65) Pause Young (Allocation Failure) 156M->81M(251M) 1.756ms
[650.158s][info][gc,cpu      ] GC(65) User=0.00s Sys=0.00s Real=0.00s
[660.716s][info][gc,start    ] GC(66) Pause Young (Allocation Failure)
[660.733s][info][gc,heap     ] GC(66) PSYoungGen: 77664K(82432K)->4583K(79872K) Eden: 77312K(77312K)->0K(75264K) From: 352K(5120K)->4583K(4608K)
[660.733s][info][gc,heap     ] GC(66) ParOldGen: 83480K(175104K)->90122K(175104K)
[660.733s][info][gc,metaspace] GC(66) Metaspace: 5567K(5760K)->5567K(5760K) NonClass: 5057K(5184K)->5057K(5184K) Class: 509K(576K)->509K(576K)
[660.733s][info][gc          ] GC(66) Pause Young (Allocation Failure) 157M->92M(249M) 17.430ms
[660.733s][info][gc,cpu      ] GC(66) User=0.03s Sys=0.00s Real=0.01s
[671.067s][info][gc,start    ] GC(67) Pause Young (Allocation Failure)
[671.077s][info][gc,heap     ] GC(67) PSYoungGen: 79847K(79872K)->64K(79360K) Eden: 75264K(75264K)->0K(73728K) From: 4583K(4608K)->64K(5632K)
[671.077s][info][gc,heap     ] GC(67) ParOldGen: 90122K(175104K)->94618K(175104K)
[671.077s][info][gc,metaspace] GC(67) Metaspace: 5567K(5760K)->5567K(5760K) NonClass: 5057K(5184K)->5057K(5184K) Class: 509K(576K)->509K(576K)
[671.077s][info][gc          ] GC(67) Pause Young (Allocation Failure) 165M->92M(248M) 10.263ms
[671.077s][info][gc,cpu      ] GC(67) User=0.01s Sys=0.00s Real=0.01s
[679.157s][info][gc,start    ] GC(68) Pause Young (Allocation Failure)
[679.159s][info][gc,heap     ] GC(68) PSYoungGen: 73792K(79360K)->416K(72704K) Eden: 73728K(73728K)->0K(72192K) From: 64K(5632K)->416K(512K)
[679.159s][info][gc,heap     ] GC(68) ParOldGen: 94618K(175104K)->94626K(175104K)
[679.159s][info][gc,metaspace] GC(68) Metaspace: 5567K(5760K)->5567K(5760K) NonClass: 5057K(5184K)->5057K(5184K) Class: 509K(576K)->509K(576K)
[679.159s][info][gc          ] GC(68) Pause Young (Allocation Failure) 164M->92M(242M) 1.465ms
[679.159s][info][gc,cpu      ] GC(68) User=0.00s Sys=0.00s Real=0.00s
[687.004s][info][gc,start    ] GC(69) Pause Young (Allocation Failure)
[687.006s][info][gc,heap     ] GC(69) PSYoungGen: 72608K(72704K)->352K(79872K) Eden: 72192K(72192K)->0K(72704K) From: 416K(512K)->352K(7168K)
[687.006s][info][gc,heap     ] GC(69) ParOldGen: 94626K(175104K)->95002K(175104K)
[687.006s][info][gc,metaspace] GC(69) Metaspace: 5567K(5760K)->5567K(5760K) NonClass: 5057K(5184K)->5057K(5184K) Class: 509K(576K)->509K(576K)
[687.006s][info][gc          ] GC(69) Pause Young (Allocation Failure) 163M->93M(249M) 1.934ms
[687.006s][info][gc,cpu      ] GC(69) User=0.00s Sys=0.00s Real=0.01s
[695.618s][info][gc,start    ] GC(70) Pause Young (Allocation Failure)
[695.622s][info][gc,heap     ] GC(70) PSYoungGen: 73056K(79872K)->352K(79872K) Eden: 72704K(72704K)->0K(72704K) From: 352K(7168K)->352K(7168K)
[695.623s][info][gc,heap     ] GC(70) ParOldGen: 95002K(175104K)->95298K(175104K)
[695.623s][info][gc,metaspace] GC(70) Metaspace: 5567K(5760K)->5567K(5760K) NonClass: 5057K(5184K)->5057K(5184K) Class: 509K(576K)->509K(576K)
[695.623s][info][gc          ] GC(70) Pause Young (Allocation Failure) 164M->93M(249M) 4.502ms
[695.623s][info][gc,cpu      ] GC(70) User=0.00s Sys=0.00s Real=0.00s
[704.075s][info][gc,start    ] GC(71) Pause Young (Allocation Failure)
[704.078s][info][gc,heap     ] GC(71) PSYoungGen: 73056K(79872K)->352K(80384K) Eden: 72704K(72704K)->0K(73728K) From: 352K(7168K)->352K(6656K)
[704.078s][info][gc,heap     ] GC(71) ParOldGen: 95298K(175104K)->95610K(175104K)
[704.078s][info][gc,metaspace] GC(71) Metaspace: 5567K(5760K)->5567K(5760K) NonClass: 5057K(5184K)->5057K(5184K) Class: 509K(576K)->509K(576K)
[704.078s][info][gc          ] GC(71) Pause Young (Allocation Failure) 164M->93M(249M) 2.539ms
[704.078s][info][gc,cpu      ] GC(71) User=0.00s Sys=0.00s Real=0.01s
[712.496s][info][gc,start    ] GC(72) Pause Young (Allocation Failure)
[712.497s][info][gc,heap     ] GC(72) PSYoungGen: 74080K(80384K)->320K(80384K) Eden: 73728K(73728K)->0K(73728K) From: 352K(6656K)->320K(6656K)
[712.498s][info][gc,heap     ] GC(72) ParOldGen: 95610K(175104K)->95914K(175104K)
[712.498s][info][gc,metaspace] GC(72) Metaspace: 5567K(5760K)->5567K(5760K) NonClass: 5057K(5184K)->5057K(5184K) Class: 509K(576K)->509K(576K)
[712.498s][info][gc          ] GC(72) Pause Young (Allocation Failure) 165M->93M(249M) 1.794ms
[712.498s][info][gc,cpu      ] GC(72) User=0.01s Sys=0.00s Real=0.00s
[721.235s][info][gc,start    ] GC(73) Pause Young (Allocation Failure)
[721.237s][info][gc,heap     ] GC(73) PSYoungGen: 74048K(80384K)->352K(81408K) Eden: 73728K(73728K)->0K(75264K) From: 320K(6656K)->352K(6144K)
[721.237s][info][gc,heap     ] GC(73) ParOldGen: 95914K(175104K)->96218K(175104K)
[721.237s][info][gc,metaspace] GC(73) Metaspace: 5567K(5760K)->5567K(5760K) NonClass: 5057K(5184K)->5057K(5184K) Class: 509K(576K)->509K(576K)
[721.237s][info][gc          ] GC(73) Pause Young (Allocation Failure) 165M->94M(250M) 1.905ms
[721.237s][info][gc,cpu      ] GC(73) User=0.00s Sys=0.00s Real=0.01s
[729.467s][info][gc,start    ] GC(74) Pause Young (Allocation Failure)
[729.469s][info][gc,heap     ] GC(74) PSYoungGen: 75616K(81408K)->384K(80896K) Eden: 75264K(75264K)->0K(75264K) From: 352K(6144K)->384K(5632K)
[729.469s][info][gc,heap     ] GC(74) ParOldGen: 96218K(175104K)->96530K(175104K)
[729.469s][info][gc,metaspace] GC(74) Metaspace: 5567K(5760K)->5567K(5760K) NonClass: 5057K(5184K)->5057K(5184K) Class: 509K(576K)->509K(576K)
[729.469s][info][gc          ] GC(74) Pause Young (Allocation Failure) 167M->94M(250M) 1.796ms
[729.469s][info][gc,cpu      ] GC(74) User=0.00s Sys=0.00s Real=0.00s
[739.523s][info][gc,start    ] GC(75) Pause Young (Allocation Failure)
[739.525s][info][gc,heap     ] GC(75) PSYoungGen: 75648K(80896K)->352K(81920K) Eden: 75264K(75264K)->0K(76288K) From: 384K(5632K)->352K(5632K)
[739.525s][info][gc,heap     ] GC(75) ParOldGen: 96530K(175104K)->96842K(175104K)
[739.525s][info][gc,metaspace] GC(75) Metaspace: 5567K(5760K)->5567K(5760K) NonClass: 5057K(5184K)->5057K(5184K) Class: 509K(576K)->509K(576K)
[739.525s][info][gc          ] GC(75) Pause Young (Allocation Failure) 168M->94M(251M) 2.027ms
[739.525s][info][gc,cpu      ] GC(75) User=0.00s Sys=0.00s Real=0.00s
[749.479s][info][gc,start    ] GC(76) Pause Young (Allocation Failure)
[749.483s][info][gc,heap     ] GC(76) PSYoungGen: 76640K(81920K)->352K(81408K) Eden: 76288K(76288K)->0K(76288K) From: 352K(5632K)->352K(5120K)
[749.483s][info][gc,heap     ] GC(76) ParOldGen: 96842K(175104K)->97154K(175104K)
[749.483s][info][gc,metaspace] GC(76) Metaspace: 5567K(5760K)->5567K(5760K) NonClass: 5057K(5184K)->5057K(5184K) Class: 509K(576K)->509K(576K)
[749.483s][info][gc          ] GC(76) Pause Young (Allocation Failure) 169M->95M(250M) 3.470ms
[749.483s][info][gc,cpu      ] GC(76) User=0.00s Sys=0.00s Real=0.00s
[758.131s][info][gc,start    ] GC(77) Pause Young (Allocation Failure)
[758.135s][info][gc,heap     ] GC(77) PSYoungGen: 76639K(81408K)->352K(82432K) Eden: 76287K(76288K)->0K(77824K) From: 352K(5120K)->352K(4608K)
[758.135s][info][gc,heap     ] GC(77) ParOldGen: 97154K(175104K)->97474K(175104K)
[758.135s][info][gc,metaspace] GC(77) Metaspace: 5567K(5760K)->5567K(5760K) NonClass: 5057K(5184K)->5057K(5184K) Class: 509K(576K)->509K(576K)
[758.135s][info][gc          ] GC(77) Pause Young (Allocation Failure) 169M->95M(251M) 3.349ms
[758.135s][info][gc,cpu      ] GC(77) User=0.01s Sys=0.00s Real=0.00s
[769.676s][info][gc,start    ] GC(78) Pause Young (Allocation Failure)
[769.695s][info][gc,heap     ] GC(78) PSYoungGen: 78176K(82432K)->4592K(80384K) Eden: 77824K(77824K)->0K(75776K) From: 352K(4608K)->4592K(4608K)
[769.695s][info][gc,heap     ] GC(78) ParOldGen: 97474K(175104K)->104083K(175104K)
[769.695s][info][gc,metaspace] GC(78) Metaspace: 5627K(5824K)->5627K(5824K) NonClass: 5117K(5248K)->5117K(5248K) Class: 509K(576K)->509K(576K)
[769.695s][info][gc          ] GC(78) Pause Young (Allocation Failure) 171M->106M(249M) 18.791ms
[769.695s][info][gc,cpu      ] GC(78) User=0.03s Sys=0.01s Real=0.01s
[780.889s][info][gc,start    ] GC(79) Pause Young (Allocation Failure)
[780.901s][info][gc,heap     ] GC(79) PSYoungGen: 80368K(80384K)->704K(79872K) Eden: 75776K(75776K)->0K(74240K) From: 4592K(4608K)->704K(5632K)
[780.901s][info][gc,heap     ] GC(79) ParOldGen: 104083K(175104K)->108595K(175104K)
[780.901s][info][gc,metaspace] GC(79) Metaspace: 5627K(5824K)->5627K(5824K) NonClass: 5117K(5248K)->5117K(5248K) Class: 509K(576K)->509K(576K)
[780.901s][info][gc          ] GC(79) Pause Young (Allocation Failure) 180M->106M(249M) 12.544ms
[780.901s][info][gc,cpu      ] GC(79) User=0.02s Sys=0.00s Real=0.01s
[789.517s][info][gc,start    ] GC(80) Pause Young (Allocation Failure)
[789.519s][info][gc,heap     ] GC(80) PSYoungGen: 74944K(79872K)->416K(74752K) Eden: 74240K(74240K)->0K(74240K) From: 704K(5632K)->416K(512K)
[789.519s][info][gc,heap     ] GC(80) ParOldGen: 108595K(175104K)->109259K(175104K)
[789.519s][info][gc,metaspace] GC(80) Metaspace: 5628K(5824K)->5628K(5824K) NonClass: 5118K(5248K)->5118K(5248K) Class: 509K(576K)->509K(576K)
[789.519s][info][gc          ] GC(80) Pause Young (Allocation Failure) 179M->107M(244M) 2.294ms
[789.519s][info][gc,cpu      ] GC(80) User=0.00s Sys=0.00s Real=0.00s
[797.739s][info][gc,start    ] GC(81) Pause Young (Allocation Failure)
[797.741s][info][gc,heap     ] GC(81) PSYoungGen: 74656K(74752K)->352K(79872K) Eden: 74240K(74240K)->0K(72704K) From: 416K(512K)->352K(7168K)
[797.741s][info][gc,heap     ] GC(81) ParOldGen: 109259K(175104K)->109635K(175104K)
[797.741s][info][gc,metaspace] GC(81) Metaspace: 5628K(5824K)->5628K(5824K) NonClass: 5118K(5248K)->5118K(5248K) Class: 509K(576K)->509K(576K)
[797.741s][info][gc          ] GC(81) Pause Young (Allocation Failure) 179M->107M(249M) 2.070ms
[797.741s][info][gc,cpu      ] GC(81) User=0.00s Sys=0.00s Real=0.00s
[808.085s][info][gc,start    ] GC(82) Pause Young (Allocation Failure)
[808.087s][info][gc,heap     ] GC(82) PSYoungGen: 73056K(79872K)->352K(79872K) Eden: 72704K(72704K)->0K(72704K) From: 352K(7168K)->352K(7168K)
[808.087s][info][gc,heap     ] GC(82) ParOldGen: 109635K(175104K)->109939K(175104K)
[808.087s][info][gc,metaspace] GC(82) Metaspace: 5628K(5824K)->5628K(5824K) NonClass: 5118K(5248K)->5118K(5248K) Class: 509K(576K)->509K(576K)
[808.087s][info][gc          ] GC(82) Pause Young (Allocation Failure) 178M->107M(249M) 1.760ms
[808.087s][info][gc,cpu      ] GC(82) User=0.00s Sys=0.00s Real=0.01s
[816.418s][info][gc,start    ] GC(83) Pause Young (Allocation Failure)
[816.420s][info][gc,heap     ] GC(83) PSYoungGen: 73056K(79872K)->352K(80896K) Eden: 72704K(72704K)->0K(74240K) From: 352K(7168K)->352K(6656K)
[816.420s][info][gc,heap     ] GC(83) ParOldGen: 109939K(175104K)->110243K(175104K)
[816.420s][info][gc,metaspace] GC(83) Metaspace: 5628K(5824K)->5628K(5824K) NonClass: 5118K(5248K)->5118K(5248K) Class: 509K(576K)->509K(576K)
[816.420s][info][gc          ] GC(83) Pause Young (Allocation Failure) 178M->108M(250M) 2.062ms
[816.420s][info][gc,cpu      ] GC(83) User=0.00s Sys=0.00s Real=0.00s
[824.703s][info][gc,start    ] GC(84) Pause Young (Allocation Failure)
[824.704s][info][gc,heap     ] GC(84) PSYoungGen: 74592K(80896K)->352K(80384K) Eden: 74240K(74240K)->0K(74240K) From: 352K(6656K)->352K(6144K)
[824.704s][info][gc,heap     ] GC(84) ParOldGen: 110243K(175104K)->110539K(175104K)
[824.704s][info][gc,metaspace] GC(84) Metaspace: 5628K(5824K)->5628K(5824K) NonClass: 5118K(5248K)->5118K(5248K) Class: 509K(576K)->509K(576K)
[824.704s][info][gc          ] GC(84) Pause Young (Allocation Failure) 180M->108M(249M) 1.800ms
[824.704s][info][gc,cpu      ] GC(84) User=0.00s Sys=0.00s Real=0.00s
[834.099s][info][gc,start    ] GC(85) Pause Young (Allocation Failure)
[834.101s][info][gc,heap     ] GC(85) PSYoungGen: 74592K(80384K)->352K(81408K) Eden: 74240K(74240K)->0K(75264K) From: 352K(6144K)->352K(6144K)
[834.101s][info][gc,heap     ] GC(85) ParOldGen: 110539K(175104K)->110843K(175104K)
[834.101s][info][gc,metaspace] GC(85) Metaspace: 5628K(5824K)->5628K(5824K) NonClass: 5118K(5248K)->5118K(5248K) Class: 509K(576K)->509K(576K)
[834.101s][info][gc          ] GC(85) Pause Young (Allocation Failure) 180M->108M(250M) 1.967ms
[834.101s][info][gc,cpu      ] GC(85) User=0.01s Sys=0.00s Real=0.00s
[843.393s][info][gc,start    ] GC(86) Pause Young (Allocation Failure)
[843.395s][info][gc,heap     ] GC(86) PSYoungGen: 75616K(81408K)->352K(80896K) Eden: 75264K(75264K)->0K(75264K) From: 352K(6144K)->352K(5632K)
[843.395s][info][gc,heap     ] GC(86) ParOldGen: 110843K(175104K)->111147K(175104K)
[843.395s][info][gc,metaspace] GC(86) Metaspace: 5628K(5824K)->5628K(5824K) NonClass: 5118K(5248K)->5118K(5248K) Class: 509K(576K)->509K(576K)
[843.395s][info][gc          ] GC(86) Pause Young (Allocation Failure) 182M->108M(250M) 1.868ms
[843.395s][info][gc,cpu      ] GC(86) User=0.00s Sys=0.00s Real=0.00s
[851.558s][info][gc,start    ] GC(87) Pause Young (Allocation Failure)
[851.562s][info][gc,heap     ] GC(87) PSYoungGen: 75616K(80896K)->352K(81920K) Eden: 75264K(75264K)->0K(76800K) From: 352K(5632K)->352K(5120K)
[851.562s][info][gc,heap     ] GC(87) ParOldGen: 111147K(175104K)->111467K(175104K)
[851.562s][info][gc,metaspace] GC(87) Metaspace: 5628K(5824K)->5628K(5824K) NonClass: 5118K(5248K)->5118K(5248K) Class: 509K(576K)->509K(576K)
[851.562s][info][gc          ] GC(87) Pause Young (Allocation Failure) 182M->109M(251M) 3.487ms
[851.562s][info][gc,cpu      ] GC(87) User=0.00s Sys=0.00s Real=0.00s
[860.090s][info][gc,start    ] GC(88) Pause Young (Allocation Failure)
[860.092s][info][gc,heap     ] GC(88) PSYoungGen: 77152K(81920K)->352K(81920K) Eden: 76800K(76800K)->0K(76800K) From: 352K(5120K)->352K(5120K)
[860.092s][info][gc,heap     ] GC(88) ParOldGen: 111467K(175104K)->111779K(175104K)
[860.092s][info][gc,metaspace] GC(88) Metaspace: 5628K(5824K)->5628K(5824K) NonClass: 5118K(5248K)->5118K(5248K) Class: 509K(576K)->509K(576K)
[860.092s][info][gc          ] GC(88) Pause Young (Allocation Failure) 184M->109M(251M) 2.627ms
[860.092s][info][gc,cpu      ] GC(88) User=0.00s Sys=0.00s Real=0.00s
[869.327s][info][gc,start    ] GC(89) Pause Young (Allocation Failure)
[869.330s][info][gc,heap     ] GC(89) PSYoungGen: 77151K(81920K)->352K(82432K) Eden: 76799K(76800K)->0K(77824K) From: 352K(5120K)->352K(4608K)
[869.330s][info][gc,heap     ] GC(89) ParOldGen: 111779K(175104K)->112067K(175104K)
[869.330s][info][gc,metaspace] GC(89) Metaspace: 5628K(5824K)->5628K(5824K) NonClass: 5118K(5248K)->5118K(5248K) Class: 509K(576K)->509K(576K)
[869.330s][info][gc          ] GC(89) Pause Young (Allocation Failure) 184M->109M(251M) 3.322ms
[869.330s][info][gc,cpu      ] GC(89) User=0.01s Sys=0.00s Real=0.00s
[880.646s][info][gc,start    ] GC(90) Pause Young (Allocation Failure)
[880.664s][info][gc,heap     ] GC(90) PSYoungGen: 78176K(82432K)->4591K(80384K) Eden: 77824K(77824K)->0K(75776K) From: 352K(4608K)->4591K(4608K)
[880.664s][info][gc,heap     ] GC(90) ParOldGen: 112067K(175104K)->118645K(175104K)
[880.664s][info][gc,metaspace] GC(90) Metaspace: 5631K(5824K)->5631K(5824K) NonClass: 5121K(5248K)->5121K(5248K) Class: 509K(576K)->509K(576K)
[880.664s][info][gc          ] GC(90) Pause Young (Allocation Failure) 185M->120M(249M) 18.679ms
[880.664s][info][gc,cpu      ] GC(90) User=0.02s Sys=0.01s Real=0.01s
[891.233s][info][gc,start    ] GC(91) Pause Young (Allocation Failure)
[891.245s][info][gc,heap     ] GC(91) PSYoungGen: 80367K(80384K)->64K(79872K) Eden: 75776K(75776K)->0K(74240K) From: 4591K(4608K)->64K(5632K)
[891.245s][info][gc,heap     ] GC(91) ParOldGen: 118645K(175104K)->123137K(175104K)
[891.245s][info][gc,metaspace] GC(91) Metaspace: 5631K(5824K)->5631K(5824K) NonClass: 5121K(5248K)->5121K(5248K) Class: 509K(576K)->509K(576K)
[891.245s][info][gc          ] GC(91) Pause Young (Allocation Failure) 194M->120M(249M) 11.826ms
[891.245s][info][gc,cpu      ] GC(91) User=0.02s Sys=0.01s Real=0.01s
[899.670s][info][gc,start    ] GC(92) Pause Young (Allocation Failure)
[899.672s][info][gc,heap     ] GC(92) PSYoungGen: 74304K(79872K)->416K(74752K) Eden: 74240K(74240K)->0K(74240K) From: 64K(5632K)->416K(512K)
[899.672s][info][gc,heap     ] GC(92) ParOldGen: 123137K(175104K)->123153K(175104K)
[899.672s][info][gc,metaspace] GC(92) Metaspace: 5631K(5824K)->5631K(5824K) NonClass: 5121K(5248K)->5121K(5248K) Class: 509K(576K)->509K(576K)
[899.672s][info][gc          ] GC(92) Pause Young (Allocation Failure) 192M->120M(244M) 1.817ms
[899.672s][info][gc,cpu      ] GC(92) User=0.01s Sys=0.00s Real=0.00s
[907.819s][info][gc,start    ] GC(93) Pause Young (Allocation Failure)
[907.821s][info][gc,heap     ] GC(93) PSYoungGen: 74656K(74752K)->352K(79872K) Eden: 74240K(74240K)->0K(72704K) From: 416K(512K)->352K(7168K)
[907.821s][info][gc,heap     ] GC(93) ParOldGen: 123153K(175104K)->123505K(175104K)
[907.821s][info][gc,metaspace] GC(93) Metaspace: 5631K(5824K)->5631K(5824K) NonClass: 5121K(5248K)->5121K(5248K) Class: 509K(576K)->509K(576K)
[907.821s][info][gc          ] GC(93) Pause Young (Allocation Failure) 193M->120M(249M) 1.888ms
[907.821s][info][gc,cpu      ] GC(93) User=0.00s Sys=0.00s Real=0.00s
[915.896s][info][gc,start    ] GC(94) Pause Young (Allocation Failure)
[915.898s][info][gc,heap     ] GC(94) PSYoungGen: 73055K(79872K)->320K(79872K) Eden: 72703K(72704K)->0K(72704K) From: 352K(7168K)->320K(7168K)
[915.898s][info][gc,heap     ] GC(94) ParOldGen: 123505K(175104K)->123809K(175104K)
[915.898s][info][gc,metaspace] GC(94) Metaspace: 5631K(5824K)->5631K(5824K) NonClass: 5121K(5248K)->5121K(5248K) Class: 509K(576K)->509K(576K)
[915.898s][info][gc          ] GC(94) Pause Young (Allocation Failure) 191M->121M(249M) 1.841ms
[915.898s][info][gc,cpu      ] GC(94) User=0.00s Sys=0.00s Real=0.00s
[924.289s][info][gc,start    ] GC(95) Pause Young (Allocation Failure)
[924.291s][info][gc,heap     ] GC(95) PSYoungGen: 73024K(79872K)->352K(80896K) Eden: 72704K(72704K)->0K(74240K) From: 320K(7168K)->352K(6656K)
[924.291s][info][gc,heap     ] GC(95) ParOldGen: 123809K(175104K)->124113K(175104K)
[924.291s][info][gc,metaspace] GC(95) Metaspace: 5631K(5824K)->5631K(5824K) NonClass: 5121K(5248K)->5121K(5248K) Class: 509K(576K)->509K(576K)
[924.291s][info][gc          ] GC(95) Pause Young (Allocation Failure) 192M->121M(250M) 1.857ms
[924.291s][info][gc,cpu      ] GC(95) User=0.00s Sys=0.00s Real=0.00s
[933.105s][info][gc,start    ] GC(96) Pause Young (Allocation Failure)
[933.108s][info][gc,heap     ] GC(96) PSYoungGen: 74592K(80896K)->352K(80384K) Eden: 74240K(74240K)->0K(74240K) From: 352K(6656K)->352K(6144K)
[933.108s][info][gc,heap     ] GC(96) ParOldGen: 124113K(175104K)->124417K(175104K)
[933.108s][info][gc,metaspace] GC(96) Metaspace: 5631K(5824K)->5631K(5824K) NonClass: 5121K(5248K)->5121K(5248K) Class: 509K(576K)->509K(576K)
[933.108s][info][gc          ] GC(96) Pause Young (Allocation Failure) 194M->121M(249M) 2.484ms
[933.108s][info][gc,cpu      ] GC(96) User=0.00s Sys=0.00s Real=0.01s
[941.227s][info][gc,start    ] GC(97) Pause Young (Allocation Failure)
[941.229s][info][gc,heap     ] GC(97) PSYoungGen: 74592K(80384K)->352K(81408K) Eden: 74240K(74240K)->0K(75264K) From: 352K(6144K)->352K(6144K)
[941.229s][info][gc,heap     ] GC(97) ParOldGen: 124417K(175104K)->124721K(175104K)
[941.229s][info][gc,metaspace] GC(97) Metaspace: 5631K(5824K)->5631K(5824K) NonClass: 5121K(5248K)->5121K(5248K) Class: 509K(576K)->509K(576K)
[941.229s][info][gc          ] GC(97) Pause Young (Allocation Failure) 194M->122M(250M) 2.000ms
[941.229s][info][gc,cpu      ] GC(97) User=0.00s Sys=0.00s Real=0.00s
[949.704s][info][gc,start    ] GC(98) Pause Young (Allocation Failure)
[949.706s][info][gc,heap     ] GC(98) PSYoungGen: 75616K(81408K)->352K(80896K) Eden: 75264K(75264K)->0K(75264K) From: 352K(6144K)->352K(5632K)
[949.706s][info][gc,heap     ] GC(98) ParOldGen: 124721K(175104K)->125033K(175104K)
[949.706s][info][gc,metaspace] GC(98) Metaspace: 5631K(5824K)->5631K(5824K) NonClass: 5121K(5248K)->5121K(5248K) Class: 509K(576K)->509K(576K)
[949.706s][info][gc          ] GC(98) Pause Young (Allocation Failure) 195M->122M(250M) 1.849ms
[949.706s][info][gc,cpu      ] GC(98) User=0.00s Sys=0.00s Real=0.01s
[958.149s][info][gc,start    ] GC(99) Pause Young (Allocation Failure)
[958.151s][info][gc,heap     ] GC(99) PSYoungGen: 75616K(80896K)->320K(81920K) Eden: 75264K(75264K)->0K(76800K) From: 352K(5632K)->320K(5120K)
[958.151s][info][gc,heap     ] GC(99) ParOldGen: 125033K(175104K)->125337K(175104K)
[958.151s][info][gc,metaspace] GC(99) Metaspace: 5631K(5824K)->5631K(5824K) NonClass: 5121K(5248K)->5121K(5248K) Class: 509K(576K)->509K(576K)
[958.151s][info][gc          ] GC(99) Pause Young (Allocation Failure) 195M->122M(251M) 1.841ms
[958.151s][info][gc,cpu      ] GC(99) User=0.01s Sys=0.00s Real=0.00s
[967.175s][info][gc,start    ] GC(100) Pause Young (Allocation Failure)
[967.178s][info][gc,heap     ] GC(100) PSYoungGen: 77120K(81920K)->320K(81920K) Eden: 76800K(76800K)->0K(76800K) From: 320K(5120K)->320K(5120K)
[967.178s][info][gc,heap     ] GC(100) ParOldGen: 125337K(175104K)->125617K(175104K)
[967.178s][info][gc,metaspace] GC(100) Metaspace: 5631K(5824K)->5631K(5824K) NonClass: 5121K(5248K)->5121K(5248K) Class: 509K(576K)->509K(576K)
[967.178s][info][gc          ] GC(100) Pause Young (Allocation Failure) 197M->122M(251M) 3.142ms
[967.178s][info][gc,cpu      ] GC(100) User=0.00s Sys=0.00s Real=0.01s
[976.731s][info][gc,start    ] GC(101) Pause Young (Allocation Failure)
[976.734s][info][gc,heap     ] GC(101) PSYoungGen: 77119K(81920K)->352K(82432K) Eden: 76799K(76800K)->0K(77824K) From: 320K(5120K)->352K(4608K)
[976.734s][info][gc,heap     ] GC(101) ParOldGen: 125617K(175104K)->125913K(175104K)
[976.734s][info][gc,metaspace] GC(101) Metaspace: 5631K(5824K)->5631K(5824K) NonClass: 5121K(5248K)->5121K(5248K) Class: 509K(576K)->509K(576K)
[976.734s][info][gc          ] GC(101) Pause Young (Allocation Failure) 197M->123M(251M) 3.298ms
[976.734s][info][gc,cpu      ] GC(101) User=0.00s Sys=0.00s Real=0.00s
[988.664s][info][gc,start    ] GC(102) Pause Young (Allocation Failure)
[988.681s][info][gc,heap     ] GC(102) PSYoungGen: 78176K(82432K)->4582K(80384K) Eden: 77824K(77824K)->0K(75776K) From: 352K(4608K)->4582K(4608K)
[988.681s][info][gc,heap     ] GC(102) ParOldGen: 125913K(175104K)->132487K(175104K)
[988.681s][info][gc,metaspace] GC(102) Metaspace: 5641K(5824K)->5641K(5824K) NonClass: 5131K(5248K)->5131K(5248K) Class: 509K(576K)->509K(576K)
[988.682s][info][gc          ] GC(102) Pause Young (Allocation Failure) 199M->133M(249M) 17.477ms
[988.682s][info][gc,cpu      ] GC(102) User=0.03s Sys=0.00s Real=0.02s
[998.967s][info][gc,start    ] GC(103) Pause Young (Allocation Failure)
[998.978s][info][gc,heap     ] GC(103) PSYoungGen: 80358K(80384K)->64K(79872K) Eden: 75776K(75776K)->0K(74240K) From: 4582K(4608K)->64K(5632K)
[998.978s][info][gc,heap     ] GC(103) ParOldGen: 132487K(175104K)->136979K(175104K)
[998.978s][info][gc,metaspace] GC(103) Metaspace: 5641K(5824K)->5641K(5824K) NonClass: 5131K(5248K)->5131K(5248K) Class: 509K(576K)->509K(576K)
[998.978s][info][gc          ] GC(103) Pause Young (Allocation Failure) 207M->133M(249M) 10.429ms
[998.978s][info][gc,cpu      ] GC(103) User=0.02s Sys=0.00s Real=0.01s
[1007.655s][info][gc,start    ] GC(104) Pause Young (Allocation Failure)
[1007.657s][info][gc,heap     ] GC(104) PSYoungGen: 74304K(79872K)->416K(74752K) Eden: 74240K(74240K)->0K(74240K) From: 64K(5632K)->416K(512K)
[1007.657s][info][gc,heap     ] GC(104) ParOldGen: 136979K(175104K)->136987K(175104K)
[1007.657s][info][gc,metaspace] GC(104) Metaspace: 5641K(5824K)->5641K(5824K) NonClass: 5131K(5248K)->5131K(5248K) Class: 509K(576K)->509K(576K)
[1007.657s][info][gc          ] GC(104) Pause Young (Allocation Failure) 206M->134M(244M) 2.448ms
[1007.657s][info][gc,cpu      ] GC(104) User=0.00s Sys=0.00s Real=0.01s
[1016.108s][info][gc,start    ] GC(105) Pause Young (Allocation Failure)
[1016.110s][info][gc,heap     ] GC(105) PSYoungGen: 74656K(74752K)->352K(79872K) Eden: 74240K(74240K)->0K(72704K) From: 416K(512K)->352K(7168K)
[1016.110s][info][gc,heap     ] GC(105) ParOldGen: 136987K(175104K)->137347K(175104K)
[1016.110s][info][gc,metaspace] GC(105) Metaspace: 5641K(5824K)->5641K(5824K) NonClass: 5131K(5248K)->5131K(5248K) Class: 509K(576K)->509K(576K)
[1016.110s][info][gc          ] GC(105) Pause Young (Allocation Failure) 206M->134M(249M) 2.058ms
[1016.110s][info][gc,cpu      ] GC(105) User=0.00s Sys=0.01s Real=0.00s
[1025.366s][info][gc,start    ] GC(106) Pause Young (Allocation Failure)
[1025.369s][info][gc,heap     ] GC(106) PSYoungGen: 73056K(79872K)->352K(79872K) Eden: 72704K(72704K)->0K(72704K) From: 352K(7168K)->352K(7168K)
[1025.369s][info][gc,heap     ] GC(106) ParOldGen: 137347K(175104K)->137643K(175104K)
[1025.369s][info][gc,metaspace] GC(106) Metaspace: 5641K(5824K)->5641K(5824K) NonClass: 5131K(5248K)->5131K(5248K) Class: 509K(576K)->509K(576K)
[1025.369s][info][gc          ] GC(106) Pause Young (Allocation Failure) 205M->134M(249M) 2.440ms
[1025.369s][info][gc,cpu      ] GC(106) User=0.01s Sys=0.00s Real=0.00s
[1033.561s][info][gc,start    ] GC(107) Pause Young (Allocation Failure)
[1033.563s][info][gc,heap     ] GC(107) PSYoungGen: 73056K(79872K)->320K(80896K) Eden: 72704K(72704K)->0K(74240K) From: 352K(7168K)->320K(6656K)
[1033.563s][info][gc,heap     ] GC(107) ParOldGen: 137643K(175104K)->137955K(175104K)
[1033.563s][info][gc,metaspace] GC(107) Metaspace: 5641K(5824K)->5641K(5824K) NonClass: 5131K(5248K)->5131K(5248K) Class: 509K(576K)->509K(576K)
[1033.563s][info][gc          ] GC(107) Pause Young (Allocation Failure) 205M->135M(250M) 1.856ms
[1033.563s][info][gc,cpu      ] GC(107) User=0.00s Sys=0.00s Real=0.00s
[1041.743s][info][gc,start    ] GC(108) Pause Young (Allocation Failure)
[1041.745s][info][gc,heap     ] GC(108) PSYoungGen: 74560K(80896K)->320K(80384K) Eden: 74240K(74240K)->0K(74240K) From: 320K(6656K)->320K(6144K)
[1041.745s][info][gc,heap     ] GC(108) ParOldGen: 137955K(175104K)->138243K(175104K)
[1041.745s][info][gc,metaspace] GC(108) Metaspace: 5641K(5824K)->5641K(5824K) NonClass: 5131K(5248K)->5131K(5248K) Class: 509K(576K)->509K(576K)
[1041.745s][info][gc          ] GC(108) Pause Young (Allocation Failure) 207M->135M(249M) 1.862ms
[1041.745s][info][gc,cpu      ] GC(108) User=0.00s Sys=0.00s Real=0.00s
[1050.350s][info][gc,start    ] GC(109) Pause Young (Allocation Failure)
[1050.354s][info][gc,heap     ] GC(109) PSYoungGen: 74560K(80384K)->352K(81408K) Eden: 74240K(74240K)->0K(75264K) From: 320K(6144K)->352K(6144K)
[1050.354s][info][gc,heap     ] GC(109) ParOldGen: 138243K(175104K)->138547K(175104K)
[1050.354s][info][gc,metaspace] GC(109) Metaspace: 5641K(5824K)->5641K(5824K) NonClass: 5131K(5248K)->5131K(5248K) Class: 509K(576K)->509K(576K)
[1050.354s][info][gc          ] GC(109) Pause Young (Allocation Failure) 207M->135M(250M) 4.452ms
[1050.354s][info][gc,cpu      ] GC(109) User=0.00s Sys=0.00s Real=0.00s
[1058.614s][info][gc,start    ] GC(110) Pause Young (Allocation Failure)
[1058.617s][info][gc,heap     ] GC(110) PSYoungGen: 75616K(81408K)->352K(80896K) Eden: 75264K(75264K)->0K(75264K) From: 352K(6144K)->352K(5632K)
[1058.617s][info][gc,heap     ] GC(110) ParOldGen: 138547K(175104K)->138867K(175104K)
[1058.617s][info][gc,metaspace] GC(110) Metaspace: 5641K(5824K)->5641K(5824K) NonClass: 5131K(5248K)->5131K(5248K) Class: 509K(576K)->509K(576K)
[1058.617s][info][gc          ] GC(110) Pause Young (Allocation Failure) 209M->135M(250M) 2.614ms
[1058.617s][info][gc,cpu      ] GC(110) User=0.01s Sys=0.01s Real=0.01s
[1067.071s][info][gc,start    ] GC(111) Pause Young (Allocation Failure)
[1067.075s][info][gc,heap     ] GC(111) PSYoungGen: 75616K(80896K)->352K(81920K) Eden: 75264K(75264K)->0K(76800K) From: 352K(5632K)->352K(5120K)
[1067.075s][info][gc,heap     ] GC(111) ParOldGen: 138867K(175104K)->139179K(175104K)
[1067.075s][info][gc,metaspace] GC(111) Metaspace: 5641K(5824K)->5641K(5824K) NonClass: 5131K(5248K)->5131K(5248K) Class: 509K(576K)->509K(576K)
[1067.075s][info][gc          ] GC(111) Pause Young (Allocation Failure) 209M->136M(251M) 3.717ms
[1067.075s][info][gc,cpu      ] GC(111) User=0.00s Sys=0.00s Real=0.00s
[1075.900s][info][gc,start    ] GC(112) Pause Young (Allocation Failure)
[1075.902s][info][gc,heap     ] GC(112) PSYoungGen: 77152K(81920K)->352K(81920K) Eden: 76800K(76800K)->0K(76800K) From: 352K(5120K)->352K(5120K)
[1075.902s][info][gc,heap     ] GC(112) ParOldGen: 139179K(175104K)->139499K(175104K)
[1075.902s][info][gc,metaspace] GC(112) Metaspace: 5641K(5824K)->5641K(5824K) NonClass: 5131K(5248K)->5131K(5248K) Class: 509K(576K)->509K(576K)
[1075.902s][info][gc          ] GC(112) Pause Young (Allocation Failure) 211M->136M(251M) 2.795ms
[1075.902s][info][gc,cpu      ] GC(112) User=0.00s Sys=0.00s Real=0.00s
[1084.794s][info][gc,start    ] GC(113) Pause Young (Allocation Failure)
[1084.796s][info][gc,heap     ] GC(113) PSYoungGen: 77152K(81920K)->384K(82432K) Eden: 76800K(76800K)->0K(77824K) From: 352K(5120K)->384K(4608K)
[1084.796s][info][gc,heap     ] GC(113) ParOldGen: 139499K(175104K)->139787K(175104K)
[1084.796s][info][gc,metaspace] GC(113) Metaspace: 5641K(5824K)->5641K(5824K) NonClass: 5131K(5248K)->5131K(5248K) Class: 509K(576K)->509K(576K)
[1084.796s][info][gc          ] GC(113) Pause Young (Allocation Failure) 211M->136M(251M) 2.230ms
[1084.796s][info][gc,cpu      ] GC(113) User=0.00s Sys=0.00s Real=0.01s
[1096.987s][info][gc,start    ] GC(114) Pause Young (Allocation Failure)
[1097.005s][info][gc,heap     ] GC(114) PSYoungGen: 78208K(82432K)->4606K(80384K) Eden: 77824K(77824K)->0K(75776K) From: 384K(4608K)->4606K(4608K)
[1097.005s][info][gc,heap     ] GC(114) ParOldGen: 139787K(175104K)->146306K(175104K)
[1097.005s][info][gc,metaspace] GC(114) Metaspace: 5644K(5824K)->5644K(5824K) NonClass: 5134K(5248K)->5134K(5248K) Class: 509K(576K)->509K(576K)
[1097.005s][info][gc          ] GC(114) Pause Young (Allocation Failure) 212M->147M(249M) 18.043ms
[1097.005s][info][gc,cpu      ] GC(114) User=0.04s Sys=0.01s Real=0.01s
[1107.620s][info][gc,start    ] GC(115) Pause Young (Allocation Failure)
[1107.631s][info][gc,heap     ] GC(115) PSYoungGen: 80382K(80384K)->64K(80384K) Eden: 75776K(75776K)->0K(74240K) From: 4606K(4608K)->64K(6144K)
[1107.631s][info][gc,heap     ] GC(115) ParOldGen: 146306K(175104K)->150835K(175104K)
[1107.631s][info][gc,metaspace] GC(115) Metaspace: 5644K(5824K)->5644K(5824K) NonClass: 5134K(5248K)->5134K(5248K) Class: 509K(576K)->509K(576K)
[1107.631s][info][gc          ] GC(115) Pause Young (Allocation Failure) 221M->147M(249M) 10.270ms
[1107.631s][info][gc,cpu      ] GC(115) User=0.02s Sys=0.00s Real=0.01s
[1116.079s][info][gc,start    ] GC(116) Pause Young (Allocation Failure)
[1116.081s][info][gc,heap     ] GC(116) PSYoungGen: 74304K(80384K)->384K(74752K) Eden: 74240K(74240K)->0K(74240K) From: 64K(6144K)->384K(512K)
[1116.081s][info][gc,heap     ] GC(116) ParOldGen: 150835K(175104K)->150851K(175104K)
[1116.081s][info][gc,metaspace] GC(116) Metaspace: 5644K(5824K)->5644K(5824K) NonClass: 5134K(5248K)->5134K(5248K) Class: 509K(576K)->509K(576K)
[1116.081s][info][gc          ] GC(116) Pause Young (Allocation Failure) 219M->147M(244M) 1.599ms
[1116.081s][info][gc,cpu      ] GC(116) User=0.00s Sys=0.00s Real=0.00s
[1125.099s][info][gc,start    ] GC(117) Pause Young (Allocation Failure)
[1125.101s][info][gc,heap     ] GC(117) PSYoungGen: 74624K(74752K)->352K(79872K) Eden: 74240K(74240K)->0K(72704K) From: 384K(512K)->352K(7168K)
[1125.101s][info][gc,heap     ] GC(117) ParOldGen: 150851K(175104K)->151195K(175104K)
[1125.101s][info][gc,metaspace] GC(117) Metaspace: 5644K(5824K)->5644K(5824K) NonClass: 5134K(5248K)->5134K(5248K) Class: 509K(576K)->509K(576K)
[1125.101s][info][gc          ] GC(117) Pause Young (Allocation Failure) 220M->147M(249M) 2.165ms
[1125.101s][info][gc,cpu      ] GC(117) User=0.01s Sys=0.00s Real=0.00s
[1134.237s][info][gc,start    ] GC(118) Pause Young (Allocation Failure)
[1134.239s][info][gc,heap     ] GC(118) PSYoungGen: 73056K(79872K)->352K(79872K) Eden: 72704K(72704K)->0K(72704K) From: 352K(7168K)->352K(7168K)
[1134.239s][info][gc,heap     ] GC(118) ParOldGen: 151195K(175104K)->151491K(175104K)
[1134.239s][info][gc,metaspace] GC(118) Metaspace: 5644K(5824K)->5644K(5824K) NonClass: 5134K(5248K)->5134K(5248K) Class: 509K(576K)->509K(576K)
[1134.239s][info][gc          ] GC(118) Pause Young (Allocation Failure) 218M->148M(249M) 2.050ms
[1134.239s][info][gc,cpu      ] GC(118) User=0.00s Sys=0.00s Real=0.00s
[1143.104s][info][gc,start    ] GC(119) Pause Young (Allocation Failure)
[1143.106s][info][gc,heap     ] GC(119) PSYoungGen: 73056K(79872K)->352K(80896K) Eden: 72704K(72704K)->0K(74240K) From: 352K(7168K)->352K(6656K)
[1143.106s][info][gc,heap     ] GC(119) ParOldGen: 151491K(175104K)->151787K(175104K)
[1143.106s][info][gc,metaspace] GC(119) Metaspace: 5644K(5824K)->5644K(5824K) NonClass: 5134K(5248K)->5134K(5248K) Class: 509K(576K)->509K(576K)
[1143.106s][info][gc          ] GC(119) Pause Young (Allocation Failure) 219M->148M(250M) 2.016ms
[1143.106s][info][gc,cpu      ] GC(119) User=0.01s Sys=0.00s Real=0.01s
[1152.497s][info][gc,start    ] GC(120) Pause Young (Allocation Failure)
[1152.499s][info][gc,heap     ] GC(120) PSYoungGen: 74592K(80896K)->384K(80384K) Eden: 74240K(74240K)->0K(74240K) From: 352K(6656K)->384K(6144K)
[1152.499s][info][gc,heap     ] GC(120) ParOldGen: 151787K(175104K)->152083K(175104K)
[1152.499s][info][gc,metaspace] GC(120) Metaspace: 5644K(5824K)->5644K(5824K) NonClass: 5134K(5248K)->5134K(5248K) Class: 509K(576K)->509K(576K)
[1152.499s][info][gc          ] GC(120) Pause Young (Allocation Failure) 221M->148M(249M) 1.941ms
[1152.499s][info][gc,cpu      ] GC(120) User=0.00s Sys=0.00s Real=0.00s
[1162.526s][info][gc,start    ] GC(121) Pause Young (Allocation Failure)
[1162.528s][info][gc,heap     ] GC(121) PSYoungGen: 74623K(80384K)->352K(81408K) Eden: 74239K(74240K)->0K(75264K) From: 384K(6144K)->352K(6144K)
[1162.528s][info][gc,heap     ] GC(121) ParOldGen: 152083K(175104K)->152395K(175104K)
[1162.528s][info][gc,metaspace] GC(121) Metaspace: 5644K(5824K)->5644K(5824K) NonClass: 5134K(5248K)->5134K(5248K) Class: 509K(576K)->509K(576K)
[1162.528s][info][gc          ] GC(121) Pause Young (Allocation Failure) 221M->149M(250M) 1.939ms
[1162.528s][info][gc,cpu      ] GC(121) User=0.00s Sys=0.01s Real=0.00s
[1171.725s][info][gc,start    ] GC(122) Pause Young (Allocation Failure)
[1171.727s][info][gc,heap     ] GC(122) PSYoungGen: 75616K(81408K)->320K(80896K) Eden: 75264K(75264K)->0K(75264K) From: 352K(6144K)->320K(5632K)
[1171.727s][info][gc,heap     ] GC(122) ParOldGen: 152395K(175104K)->152707K(175104K)
[1171.727s][info][gc,metaspace] GC(122) Metaspace: 5644K(5824K)->5644K(5824K) NonClass: 5134K(5248K)->5134K(5248K) Class: 509K(576K)->509K(576K)
[1171.727s][info][gc          ] GC(122) Pause Young (Allocation Failure) 222M->149M(250M) 2.819ms
[1171.727s][info][gc,cpu      ] GC(122) User=0.00s Sys=0.00s Real=0.01s
[1182.270s][info][gc,start    ] GC(123) Pause Young (Allocation Failure)
[1182.273s][info][gc,heap     ] GC(123) PSYoungGen: 75584K(80896K)->352K(81920K) Eden: 75264K(75264K)->0K(76800K) From: 320K(5632K)->352K(5120K)
[1182.273s][info][gc,heap     ] GC(123) ParOldGen: 152707K(175104K)->153003K(175104K)
[1182.273s][info][gc,metaspace] GC(123) Metaspace: 5644K(5824K)->5644K(5824K) NonClass: 5134K(5248K)->5134K(5248K) Class: 509K(576K)->509K(576K)
[1182.273s][info][gc          ] GC(123) Pause Young (Allocation Failure) 222M->149M(251M) 2.724ms
[1182.273s][info][gc,cpu      ] GC(123) User=0.00s Sys=0.00s Real=0.00s
[1192.154s][info][gc,start    ] GC(124) Pause Young (Allocation Failure)
[1192.156s][info][gc,heap     ] GC(124) PSYoungGen: 77151K(81920K)->352K(81920K) Eden: 76799K(76800K)->0K(76800K) From: 352K(5120K)->352K(5120K)
[1192.156s][info][gc,heap     ] GC(124) ParOldGen: 153003K(175104K)->153307K(175104K)
[1192.156s][info][gc,metaspace] GC(124) Metaspace: 5644K(5824K)->5644K(5824K) NonClass: 5134K(5248K)->5134K(5248K) Class: 509K(576K)->509K(576K)
[1192.156s][info][gc          ] GC(124) Pause Young (Allocation Failure) 224M->150M(251M) 2.112ms
[1192.156s][info][gc,cpu      ] GC(124) User=0.00s Sys=0.00s Real=0.01s
[1201.768s][info][gc,start    ] GC(125) Pause Young (Allocation Failure)
[1201.770s][info][gc,heap     ] GC(125) PSYoungGen: 77152K(81920K)->384K(82432K) Eden: 76800K(76800K)->0K(77824K) From: 352K(5120K)->384K(4608K)
[1201.770s][info][gc,heap     ] GC(125) ParOldGen: 153307K(175104K)->153627K(175104K)
[1201.770s][info][gc,metaspace] GC(125) Metaspace: 5644K(5824K)->5644K(5824K) NonClass: 5134K(5248K)->5134K(5248K) Class: 509K(576K)->509K(576K)
[1201.770s][info][gc          ] GC(125) Pause Young (Allocation Failure) 225M->150M(251M) 2.208ms
[1201.770s][info][gc,cpu      ] GC(125) User=0.01s Sys=0.00s Real=0.00s
[1201.874s][info][gc,heap,exit] Heap
[1201.874s][info][gc,heap,exit]  PSYoungGen      total 82432K, used 2464K [0x00000000eba00000, 0x00000000f0f00000, 0x0000000100000000)
[1201.874s][info][gc,heap,exit]   eden space 77824K, 2% used [0x00000000eba00000,0x00000000ebc08390,0x00000000f0600000)
[1201.874s][info][gc,heap,exit]   from space 4608K, 8% used [0x00000000f0a80000,0x00000000f0ae0000,0x00000000f0f00000)
[1201.874s][info][gc,heap,exit]   to   space 4608K, 0% used [0x00000000f0600000,0x00000000f0600000,0x00000000f0a80000)
[1201.874s][info][gc,heap,exit]  ParOldGen       total 175104K, used 153627K [0x00000000c2e00000, 0x00000000cd900000, 0x00000000eba00000)
[1201.874s][info][gc,heap,exit]   object space 175104K, 87% used [0x00000000c2e00000,0x00000000cc406cc8,0x00000000cd900000)
[1201.874s][info][gc,heap,exit]  Metaspace       used 5723K, committed 5888K, reserved 1114112K
[1201.874s][info][gc,heap,exit]   class space    used 517K, committed 576K, reserved 1048576K
