[0.002s][info][metaspace]  - commit_granule_bytes: 65536.
[0.002s][info][metaspace]  - commit_granule_words: 8192.
[0.002s][info][metaspace]  - virtual_space_node_default_size: 8388608.
[0.002s][info][metaspace]  - enlarge_chunks_in_place: 1.
[0.004s][info][gc,init  ] CardTable entry size: 512
[0.004s][info][gc       ] Using Parallel
[0.005s][info][gc,init  ] Version: 24-internal-adhoc.root.jdk (release)
[0.005s][info][gc,init  ] CPUs: 2 total, 2 available
[0.005s][info][gc,init  ] Memory: 3908M
[0.005s][info][gc,init  ] Large Page Support: Disabled
[0.005s][info][gc,init  ] NUMA Support: Disabled
[0.005s][info][gc,init  ] Compressed Oops: Enabled (32-bit)
[0.005s][info][gc,init  ] Alignments: Space 512K, Generation 512K, Heap 2M
[0.005s][info][gc,init  ] Heap Min Capacity: 256M
[0.005s][info][gc,init  ] Heap Initial Capacity: 256M
[0.005s][info][gc,init  ] Heap Max Capacity: 978M
[0.005s][info][gc,init  ] Pre-touch: Disabled
[0.005s][info][gc,init  ] Parallel Workers: 2
[0.022s][info][gc,metaspace] CDS archive(s) mapped at: [0x00007fa6ea000000-0x00007fa6eadc0000-0x00007fa6eadc0000), size 14417920, SharedBaseAddress: 0x00007fa6ea000000, ArchiveRelocationMode: 1.
[0.022s][info][gc,metaspace] Compressed class space mapped at: 0x00007fa6eb000000-0x00007fa72b000000, reserved size: 1073741824
[0.022s][info][gc,metaspace] UseCompressedClassPointers 1, UseCompactObjectHeaders 0
[0.022s][info][gc,metaspace] Narrow klass pointer bits 32, Max shift 3
[0.022s][info][gc,metaspace] Narrow klass base: 0x00007fa6ea000000, Narrow klass shift: 0
[0.022s][info][gc,metaspace] Encoding Range: [0x00007fa6ea000000 - 0x00007fa7ea000000), (4294967296 bytes)
[0.022s][info][gc,metaspace] Klass Range:    [0x00007fa6ea000000 - 0x00007fa72b000000), (1090519040 bytes)
[0.022s][info][gc,metaspace] Klass ID Range:  [8 - 1090519033) (1090519025)
[0.734s][info][gc,start    ] GC(0) Pause Young (Allocation Failure)
[0.755s][info][gc,heap     ] GC(0) PSYoungGen: 65536K(76288K)->10282K(76288K) Eden: 65536K(65536K)->0K(65536K) From: 0K(10752K)->10282K(10752K)
[0.755s][info][gc,heap     ] GC(0) ParOldGen: 1157K(175104K)->1165K(175104K)
[0.755s][info][gc,metaspace] GC(0) Metaspace: 4854K(4992K)->4854K(4992K) NonClass: 4357K(4416K)->4357K(4416K) Class: 497K(576K)->497K(576K)
[0.755s][info][gc          ] GC(0) Pause Young (Allocation Failure) 65M->11M(245M) 20.882ms
[0.755s][info][gc,cpu      ] GC(0) User=0.03s Sys=0.01s Real=0.02s
[10.930s][info][gc,start    ] GC(1) Pause Young (Allocation Failure)
[10.952s][info][gc,heap     ] GC(1) PSYoungGen: 75818K(76288K)->10729K(141824K) Eden: 65536K(65536K)->0K(131072K) From: 10282K(10752K)->10729K(10752K)
[10.952s][info][gc,heap     ] GC(1) ParOldGen: 1165K(175104K)->3629K(175104K)
[10.952s][info][gc,metaspace] GC(1) Metaspace: 5243K(5376K)->5243K(5376K) NonClass: 4744K(4800K)->4744K(4800K) Class: 498K(576K)->498K(576K)
[10.952s][info][gc          ] GC(1) Pause Young (Allocation Failure) 75M->14M(309M) 21.759ms
[10.952s][info][gc,cpu      ] GC(1) User=0.04s Sys=0.00s Real=0.02s
[28.682s][info][gc,start    ] GC(2) Pause Young (Allocation Failure)
[28.703s][info][gc,heap     ] GC(2) PSYoungGen: 141801K(141824K)->10735K(141824K) Eden: 131072K(131072K)->0K(131072K) From: 10729K(10752K)->10735K(10752K)
[28.703s][info][gc,heap     ] GC(2) ParOldGen: 3629K(175104K)->3637K(175104K)
[28.703s][info][gc,metaspace] GC(2) Metaspace: 5251K(5376K)->5251K(5376K) NonClass: 4753K(4800K)->4753K(4800K) Class: 498K(576K)->498K(576K)
[28.703s][info][gc          ] GC(2) Pause Young (Allocation Failure) 142M->14M(309M) 21.343ms
[28.703s][info][gc,cpu      ] GC(2) User=0.03s Sys=0.01s Real=0.02s
[41.127s][info][gc,start    ] GC(3) Pause Young (Allocation Failure)
[41.145s][info][gc,heap     ] GC(3) PSYoungGen: 141807K(141824K)->10703K(141824K) Eden: 131072K(131072K)->0K(131072K) From: 10735K(10752K)->10703K(10752K)
[41.145s][info][gc,heap     ] GC(3) ParOldGen: 3637K(175104K)->3637K(175104K)
[41.145s][info][gc,metaspace] GC(3) Metaspace: 5252K(5376K)->5252K(5376K) NonClass: 4754K(4800K)->4754K(4800K) Class: 498K(576K)->498K(576K)
[41.145s][info][gc          ] GC(3) Pause Young (Allocation Failure) 142M->14M(309M) 18.225ms
[41.145s][info][gc,cpu      ] GC(3) User=0.02s Sys=0.01s Real=0.02s
[53.488s][info][gc,start    ] GC(4) Pause Young (Allocation Failure)
[53.502s][info][gc,heap     ] GC(4) PSYoungGen: 141775K(141824K)->10719K(137728K) Eden: 131072K(131072K)->0K(126976K) From: 10703K(10752K)->10719K(10752K)
[53.502s][info][gc,heap     ] GC(4) ParOldGen: 3637K(175104K)->3637K(175104K)
[53.502s][info][gc,metaspace] GC(4) Metaspace: 5252K(5376K)->5252K(5376K) NonClass: 4754K(4800K)->4754K(4800K) Class: 498K(576K)->498K(576K)
[53.502s][info][gc          ] GC(4) Pause Young (Allocation Failure) 142M->14M(305M) 14.366ms
[53.502s][info][gc,cpu      ] GC(4) User=0.03s Sys=0.00s Real=0.02s
[66.630s][info][gc,start    ] GC(5) Pause Young (Allocation Failure)
[66.649s][info][gc,heap     ] GC(5) PSYoungGen: 137695K(137728K)->10735K(133632K) Eden: 126976K(126976K)->0K(122880K) From: 10719K(10752K)->10735K(10752K)
[66.649s][info][gc,heap     ] GC(5) ParOldGen: 3637K(175104K)->3637K(175104K)
[66.649s][info][gc,metaspace] GC(5) Metaspace: 5252K(5376K)->5252K(5376K) NonClass: 4754K(4800K)->4754K(4800K) Class: 498K(576K)->498K(576K)
[66.649s][info][gc          ] GC(5) Pause Young (Allocation Failure) 138M->14M(301M) 19.064ms
[66.649s][info][gc,cpu      ] GC(5) User=0.03s Sys=0.00s Real=0.02s
[79.652s][info][gc,start    ] GC(6) Pause Young (Allocation Failure)
[79.671s][info][gc,heap     ] GC(6) PSYoungGen: 133615K(133632K)->64K(119808K) Eden: 122880K(122880K)->0K(119296K) From: 10735K(10752K)->64K(512K)
[79.671s][info][gc,heap     ] GC(6) ParOldGen: 3637K(175104K)->14127K(175104K)
[79.671s][info][gc,metaspace] GC(6) Metaspace: 5253K(5376K)->5253K(5376K) NonClass: 4755K(4800K)->4755K(4800K) Class: 498K(576K)->498K(576K)
[79.671s][info][gc          ] GC(6) Pause Young (Allocation Failure) 134M->13M(288M) 18.600ms
[79.671s][info][gc,cpu      ] GC(6) User=0.02s Sys=0.01s Real=0.01s
[92.265s][info][gc,start    ] GC(7) Pause Young (Allocation Failure)
[92.267s][info][gc,heap     ] GC(7) PSYoungGen: 119360K(119808K)->544K(116736K) Eden: 119296K(119296K)->0K(115712K) From: 64K(512K)->544K(1024K)
[92.267s][info][gc,heap     ] GC(7) ParOldGen: 14127K(175104K)->14135K(175104K)
[92.267s][info][gc,metaspace] GC(7) Metaspace: 5253K(5376K)->5253K(5376K) NonClass: 4755K(4800K)->4755K(4800K) Class: 498K(576K)->498K(576K)
[92.267s][info][gc          ] GC(7) Pause Young (Allocation Failure) 130M->14M(285M) 1.716ms
[92.267s][info][gc,cpu      ] GC(7) User=0.00s Sys=0.00s Real=0.00s
[106.648s][info][gc,start    ] GC(8) Pause Young (Allocation Failure)
[106.666s][info][gc,heap     ] GC(8) PSYoungGen: 116256K(116736K)->11953K(124416K) Eden: 115712K(115712K)->0K(112128K) From: 544K(1024K)->11953K(12288K)
[106.666s][info][gc,heap     ] GC(8) ParOldGen: 14135K(175104K)->14151K(175104K)
[106.666s][info][gc,metaspace] GC(8) Metaspace: 5435K(5568K)->5435K(5568K) NonClass: 4926K(4992K)->4926K(4992K) Class: 508K(576K)->508K(576K)
[106.666s][info][gc          ] GC(8) Pause Young (Allocation Failure) 127M->25M(292M) 18.260ms
[106.667s][info][gc,cpu      ] GC(8) User=0.02s Sys=0.01s Real=0.02s
[121.440s][info][gc,start    ] GC(9) Pause Young (Allocation Failure)
[121.459s][info][gc,heap     ] GC(9) PSYoungGen: 124081K(124416K)->11489K(120832K) Eden: 112128K(112128K)->0K(109056K) From: 11953K(12288K)->11489K(11776K)
[121.459s][info][gc,heap     ] GC(9) ParOldGen: 14151K(175104K)->14631K(175104K)
[121.459s][info][gc,metaspace] GC(9) Metaspace: 5437K(5568K)->5437K(5568K) NonClass: 4928K(4992K)->4928K(4992K) Class: 508K(576K)->508K(576K)
[121.459s][info][gc          ] GC(9) Pause Young (Allocation Failure) 134M->25M(289M) 18.158ms
[121.459s][info][gc,cpu      ] GC(9) User=0.02s Sys=0.00s Real=0.02s
[133.013s][info][gc,start    ] GC(10) Pause Young (Allocation Failure)
[133.032s][info][gc,heap     ] GC(10) PSYoungGen: 120545K(120832K)->64K(106496K) Eden: 109056K(109056K)->0K(105984K) From: 11489K(11776K)->64K(512K)
[133.032s][info][gc,heap     ] GC(10) ParOldGen: 14631K(175104K)->25839K(175104K)
[133.032s][info][gc,metaspace] GC(10) Metaspace: 5438K(5632K)->5438K(5632K) NonClass: 4929K(5056K)->4929K(5056K) Class: 508K(576K)->508K(576K)
[133.032s][info][gc          ] GC(10) Pause Young (Allocation Failure) 132M->25M(275M) 18.989ms
[133.032s][info][gc,cpu      ] GC(10) User=0.02s Sys=0.02s Real=0.02s
[145.132s][info][gc,start    ] GC(11) Pause Young (Allocation Failure)
[145.135s][info][gc,heap     ] GC(11) PSYoungGen: 106048K(106496K)->480K(103424K) Eden: 105984K(105984K)->0K(102912K) From: 64K(512K)->480K(512K)
[145.135s][info][gc,heap     ] GC(11) ParOldGen: 25839K(175104K)->25847K(175104K)
[145.135s][info][gc,metaspace] GC(11) Metaspace: 5438K(5632K)->5438K(5632K) NonClass: 4929K(5056K)->4929K(5056K) Class: 508K(576K)->508K(576K)
[145.135s][info][gc          ] GC(11) Pause Young (Allocation Failure) 128M->25M(272M) 2.596ms
[145.135s][info][gc,cpu      ] GC(11) User=0.00s Sys=0.00s Real=0.01s
[156.545s][info][gc,start    ] GC(12) Pause Young (Allocation Failure)
[156.547s][info][gc,heap     ] GC(12) PSYoungGen: 103392K(103424K)->448K(118272K) Eden: 102912K(102912K)->0K(99840K) From: 480K(512K)->448K(18432K)
[156.547s][info][gc,heap     ] GC(12) ParOldGen: 25847K(175104K)->26295K(175104K)
[156.547s][info][gc,metaspace] GC(12) Metaspace: 5438K(5632K)->5438K(5632K) NonClass: 4929K(5056K)->4929K(5056K) Class: 508K(576K)->508K(576K)
[156.547s][info][gc          ] GC(12) Pause Young (Allocation Failure) 126M->26M(286M) 2.222ms
[156.547s][info][gc,cpu      ] GC(12) User=0.00s Sys=0.00s Real=0.00s
[167.597s][info][gc,start    ] GC(13) Pause Young (Allocation Failure)
[167.600s][info][gc,heap     ] GC(13) PSYoungGen: 100288K(118272K)->480K(97792K) Eden: 99840K(99840K)->0K(97280K) From: 448K(18432K)->480K(512K)
[167.600s][info][gc,heap     ] GC(13) ParOldGen: 26295K(175104K)->26711K(175104K)
[167.600s][info][gc,metaspace] GC(13) Metaspace: 5438K(5632K)->5438K(5632K) NonClass: 4929K(5056K)->4929K(5056K) Class: 508K(576K)->508K(576K)
[167.600s][info][gc          ] GC(13) Pause Young (Allocation Failure) 123M->26M(266M) 2.342ms
[167.600s][info][gc,cpu      ] GC(13) User=0.01s Sys=0.00s Real=0.00s
[178.117s][info][gc,start    ] GC(14) Pause Young (Allocation Failure)
[178.120s][info][gc,heap     ] GC(14) PSYoungGen: 97760K(97792K)->448K(113152K) Eden: 97280K(97280K)->0K(94720K) From: 480K(512K)->448K(18432K)
[178.120s][info][gc,heap     ] GC(14) ParOldGen: 26711K(175104K)->27127K(175104K)
[178.120s][info][gc,metaspace] GC(14) Metaspace: 5438K(5632K)->5438K(5632K) NonClass: 4929K(5056K)->4929K(5056K) Class: 508K(576K)->508K(576K)
[178.120s][info][gc          ] GC(14) Pause Young (Allocation Failure) 121M->26M(281M) 3.685ms
[178.120s][info][gc,cpu      ] GC(14) User=0.01s Sys=0.00s Real=0.00s
[187.562s][info][gc,start    ] GC(15) Pause Young (Allocation Failure)
[187.563s][info][gc,heap     ] GC(15) PSYoungGen: 95168K(113152K)->384K(92672K) Eden: 94720K(94720K)->0K(92160K) From: 448K(18432K)->384K(512K)
[187.563s][info][gc,heap     ] GC(15) ParOldGen: 27127K(175104K)->27511K(175104K)
[187.563s][info][gc,metaspace] GC(15) Metaspace: 5438K(5632K)->5438K(5632K) NonClass: 4929K(5056K)->4929K(5056K) Class: 508K(576K)->508K(576K)
[187.564s][info][gc          ] GC(15) Pause Young (Allocation Failure) 119M->27M(261M) 1.961ms
[187.564s][info][gc,cpu      ] GC(15) User=0.00s Sys=0.01s Real=0.01s
[197.321s][info][gc,start    ] GC(16) Pause Young (Allocation Failure)
[197.323s][info][gc,heap     ] GC(16) PSYoungGen: 92544K(92672K)->416K(107520K) Eden: 92160K(92160K)->0K(89600K) From: 384K(512K)->416K(17920K)
[197.323s][info][gc,heap     ] GC(16) ParOldGen: 27511K(175104K)->27863K(175104K)
[197.323s][info][gc,metaspace] GC(16) Metaspace: 5438K(5632K)->5438K(5632K) NonClass: 4929K(5056K)->4929K(5056K) Class: 508K(576K)->508K(576K)
[197.323s][info][gc          ] GC(16) Pause Young (Allocation Failure) 117M->27M(276M) 1.728ms
[197.323s][info][gc,cpu      ] GC(16) User=0.00s Sys=0.00s Real=0.01s
[209.105s][info][gc,start    ] GC(17) Pause Young (Allocation Failure)
[209.124s][info][gc,heap     ] GC(17) PSYoungGen: 90016K(107520K)->11137K(98304K) Eden: 89600K(89600K)->0K(87040K) From: 416K(17920K)->11137K(11264K)
[209.124s][info][gc,heap     ] GC(17) ParOldGen: 27863K(175104K)->28223K(175104K)
[209.124s][info][gc,metaspace] GC(17) Metaspace: 5458K(5632K)->5458K(5632K) NonClass: 4949K(5056K)->4949K(5056K) Class: 508K(576K)->508K(576K)
[209.124s][info][gc          ] GC(17) Pause Young (Allocation Failure) 115M->38M(267M) 18.518ms
[209.124s][info][gc,cpu      ] GC(17) User=0.02s Sys=0.01s Real=0.02s
[220.558s][info][gc,start    ] GC(18) Pause Young (Allocation Failure)
[220.578s][info][gc,heap     ] GC(18) PSYoungGen: 98177K(98304K)->64K(85504K) Eden: 87040K(87040K)->0K(84992K) From: 11137K(11264K)->64K(512K)
[220.578s][info][gc,heap     ] GC(18) ParOldGen: 28223K(175104K)->39052K(175104K)
[220.578s][info][gc,metaspace] GC(18) Metaspace: 5459K(5632K)->5459K(5632K) NonClass: 4950K(5056K)->4950K(5056K) Class: 508K(576K)->508K(576K)
[220.578s][info][gc          ] GC(18) Pause Young (Allocation Failure) 123M->38M(254M) 19.833ms
[220.578s][info][gc,cpu      ] GC(18) User=0.03s Sys=0.01s Real=0.02s
[229.720s][info][gc,start    ] GC(19) Pause Young (Allocation Failure)
[229.722s][info][gc,heap     ] GC(19) PSYoungGen: 85056K(85504K)->416K(83456K) Eden: 84992K(84992K)->0K(82944K) From: 64K(512K)->416K(512K)
[229.722s][info][gc,heap     ] GC(19) ParOldGen: 39052K(175104K)->39060K(175104K)
[229.722s][info][gc,metaspace] GC(19) Metaspace: 5459K(5632K)->5459K(5632K) NonClass: 4950K(5056K)->4950K(5056K) Class: 508K(576K)->508K(576K)
[229.722s][info][gc          ] GC(19) Pause Young (Allocation Failure) 121M->38M(252M) 2.149ms
[229.722s][info][gc,cpu      ] GC(19) User=0.01s Sys=0.00s Real=0.01s
[238.679s][info][gc,start    ] GC(20) Pause Young (Allocation Failure)
[238.681s][info][gc,heap     ] GC(20) PSYoungGen: 83359K(83456K)->352K(98304K) Eden: 82943K(82944K)->0K(80896K) From: 416K(512K)->352K(17408K)
[238.681s][info][gc,heap     ] GC(20) ParOldGen: 39060K(175104K)->39460K(175104K)
[238.681s][info][gc,metaspace] GC(20) Metaspace: 5459K(5632K)->5459K(5632K) NonClass: 4950K(5056K)->4950K(5056K) Class: 508K(576K)->508K(576K)
[238.681s][info][gc          ] GC(20) Pause Young (Allocation Failure) 119M->38M(267M) 1.784ms
[238.681s][info][gc,cpu      ] GC(20) User=0.00s Sys=0.00s Real=0.00s
[247.790s][info][gc,start    ] GC(21) Pause Young (Allocation Failure)
[247.793s][info][gc,heap     ] GC(21) PSYoungGen: 81248K(98304K)->352K(79360K) Eden: 80896K(80896K)->0K(78848K) From: 352K(17408K)->352K(512K)
[247.793s][info][gc,heap     ] GC(21) ParOldGen: 39460K(175104K)->39796K(175104K)
[247.793s][info][gc,metaspace] GC(21) Metaspace: 5459K(5632K)->5459K(5632K) NonClass: 4950K(5056K)->4950K(5056K) Class: 508K(576K)->508K(576K)
[247.793s][info][gc          ] GC(21) Pause Young (Allocation Failure) 117M->39M(248M) 2.745ms
[247.793s][info][gc,cpu      ] GC(21) User=0.00s Sys=0.00s Real=0.01s
[256.193s][info][gc,start    ] GC(22) Pause Young (Allocation Failure)
[256.195s][info][gc,heap     ] GC(22) PSYoungGen: 79200K(79360K)->352K(93184K) Eden: 78848K(78848K)->0K(76800K) From: 352K(512K)->352K(16384K)
[256.195s][info][gc,heap     ] GC(22) ParOldGen: 39796K(175104K)->40132K(175104K)
[256.195s][info][gc,metaspace] GC(22) Metaspace: 5459K(5632K)->5459K(5632K) NonClass: 4950K(5056K)->4950K(5056K) Class: 508K(576K)->508K(576K)
[256.195s][info][gc          ] GC(22) Pause Young (Allocation Failure) 116M->39M(262M) 1.850ms
[256.195s][info][gc,cpu      ] GC(22) User=0.01s Sys=0.00s Real=0.00s
[264.541s][info][gc,start    ] GC(23) Pause Young (Allocation Failure)
[264.544s][info][gc,heap     ] GC(23) PSYoungGen: 77152K(93184K)->352K(75264K) Eden: 76800K(76800K)->0K(74752K) From: 352K(16384K)->352K(512K)
[264.544s][info][gc,heap     ] GC(23) ParOldGen: 40132K(175104K)->40452K(175104K)
[264.544s][info][gc,metaspace] GC(23) Metaspace: 5459K(5632K)->5459K(5632K) NonClass: 4950K(5056K)->4950K(5056K) Class: 508K(576K)->508K(576K)
[264.544s][info][gc          ] GC(23) Pause Young (Allocation Failure) 114M->39M(244M) 2.893ms
[264.544s][info][gc,cpu      ] GC(23) User=0.00s Sys=0.00s Real=0.01s
[272.582s][info][gc,start    ] GC(24) Pause Young (Allocation Failure)
[272.583s][info][gc,heap     ] GC(24) PSYoungGen: 75104K(75264K)->352K(88064K) Eden: 74752K(74752K)->0K(73216K) From: 352K(512K)->352K(14848K)
[272.583s][info][gc,heap     ] GC(24) ParOldGen: 40452K(175104K)->40772K(175104K)
[272.583s][info][gc,metaspace] GC(24) Metaspace: 5459K(5632K)->5459K(5632K) NonClass: 4950K(5056K)->4950K(5056K) Class: 508K(576K)->508K(576K)
[272.583s][info][gc          ] GC(24) Pause Young (Allocation Failure) 112M->40M(257M) 1.708ms
[272.583s][info][gc,cpu      ] GC(24) User=0.00s Sys=0.00s Real=0.01s
[280.263s][info][gc,start    ] GC(25) Pause Young (Allocation Failure)
[280.267s][info][gc,heap     ] GC(25) PSYoungGen: 73568K(88064K)->352K(72192K) Eden: 73216K(73216K)->0K(71680K) From: 352K(14848K)->352K(512K)
[280.267s][info][gc,heap     ] GC(25) ParOldGen: 40772K(175104K)->41076K(175104K)
[280.267s][info][gc,metaspace] GC(25) Metaspace: 5459K(5632K)->5459K(5632K) NonClass: 4950K(5056K)->4950K(5056K) Class: 508K(576K)->508K(576K)
[280.267s][info][gc          ] GC(25) Pause Young (Allocation Failure) 111M->40M(241M) 3.570ms
[280.267s][info][gc,cpu      ] GC(25) User=0.00s Sys=0.00s Real=0.00s
[287.278s][info][gc,start    ] GC(26) Pause Young (Allocation Failure)
[287.282s][info][gc,heap     ] GC(26) PSYoungGen: 72032K(72192K)->320K(83456K) Eden: 71680K(71680K)->0K(70144K) From: 352K(512K)->320K(13312K)
[287.282s][info][gc,heap     ] GC(26) ParOldGen: 41076K(175104K)->41372K(175104K)
[287.282s][info][gc,metaspace] GC(26) Metaspace: 5459K(5632K)->5459K(5632K) NonClass: 4950K(5056K)->4950K(5056K) Class: 508K(576K)->508K(576K)
[287.282s][info][gc          ] GC(26) Pause Young (Allocation Failure) 110M->40M(252M) 3.501ms
[287.282s][info][gc,cpu      ] GC(26) User=0.01s Sys=0.00s Real=0.00s
[294.736s][info][gc,start    ] GC(27) Pause Young (Allocation Failure)
[294.738s][info][gc,heap     ] GC(27) PSYoungGen: 70464K(83456K)->320K(75264K) Eden: 70144K(70144K)->0K(68608K) From: 320K(13312K)->320K(6656K)
[294.738s][info][gc,heap     ] GC(27) ParOldGen: 41372K(175104K)->41636K(175104K)
[294.738s][info][gc,metaspace] GC(27) Metaspace: 5459K(5632K)->5459K(5632K) NonClass: 4950K(5056K)->4950K(5056K) Class: 508K(576K)->508K(576K)
[294.738s][info][gc          ] GC(27) Pause Young (Allocation Failure) 109M->40M(244M) 2.011ms
[294.738s][info][gc,cpu      ] GC(27) User=0.00s Sys=0.00s Real=0.00s
[300.895s][info][gc,start    ] GC(28) Pause Young (Allocation Failure)
[300.902s][info][gc,heap     ] GC(28) PSYoungGen: 68928K(75264K)->4944K(72192K) Eden: 68608K(68608K)->0K(67072K) From: 320K(6656K)->4944K(5120K)
[300.902s][info][gc,heap     ] GC(28) ParOldGen: 41636K(175104K)->41916K(175104K)
[300.902s][info][gc,metaspace] GC(28) Metaspace: 5464K(5632K)->5464K(5632K) NonClass: 4955K(5056K)->4955K(5056K) Class: 508K(576K)->508K(576K)
[300.902s][info][gc          ] GC(28) Pause Young (Allocation Failure) 107M->45M(241M) 6.364ms
[300.902s][info][gc,cpu      ] GC(28) User=0.01s Sys=0.00s Real=0.00s
[311.271s][info][gc,start    ] GC(29) Pause Young (Allocation Failure)
[311.285s][info][gc,heap     ] GC(29) PSYoungGen: 72016K(72192K)->6209K(76800K) Eden: 67072K(67072K)->0K(65536K) From: 4944K(5120K)->6209K(11264K)
[311.285s][info][gc,heap     ] GC(29) ParOldGen: 41916K(175104K)->46810K(175104K)
[311.285s][info][gc,metaspace] GC(29) Metaspace: 5511K(5632K)->5511K(5632K) NonClass: 5001K(5056K)->5001K(5056K) Class: 509K(576K)->509K(576K)
[311.285s][info][gc          ] GC(29) Pause Young (Allocation Failure) 111M->51M(246M) 14.702ms
[311.285s][info][gc,cpu      ] GC(29) User=0.03s Sys=0.00s Real=0.02s
[319.410s][info][gc,start    ] GC(30) Pause Young (Allocation Failure)
[319.418s][info][gc,heap     ] GC(30) PSYoungGen: 71745K(76800K)->64K(64512K) Eden: 65536K(65536K)->0K(64000K) From: 6209K(11264K)->64K(512K)
[319.418s][info][gc,heap     ] GC(30) ParOldGen: 46810K(175104K)->52822K(175104K)
[319.418s][info][gc,metaspace] GC(30) Metaspace: 5513K(5632K)->5513K(5632K) NonClass: 5003K(5056K)->5003K(5056K) Class: 509K(576K)->509K(576K)
[319.418s][info][gc          ] GC(30) Pause Young (Allocation Failure) 115M->51M(234M) 8.923ms
[319.418s][info][gc,cpu      ] GC(30) User=0.02s Sys=0.00s Real=0.01s
[325.959s][info][gc,start    ] GC(31) Pause Young (Allocation Failure)
[325.960s][info][gc,heap     ] GC(31) PSYoungGen: 64064K(64512K)->352K(75776K) Eden: 64000K(64000K)->0K(64512K) From: 64K(512K)->352K(11264K)
[325.960s][info][gc,heap     ] GC(31) ParOldGen: 52822K(175104K)->52838K(175104K)
[325.960s][info][gc,metaspace] GC(31) Metaspace: 5513K(5632K)->5513K(5632K) NonClass: 5003K(5056K)->5003K(5056K) Class: 509K(576K)->509K(576K)
[325.960s][info][gc          ] GC(31) Pause Young (Allocation Failure) 114M->51M(245M) 1.198ms
[325.960s][info][gc,cpu      ] GC(31) User=0.00s Sys=0.00s Real=0.00s
[332.225s][info][gc,start    ] GC(32) Pause Young (Allocation Failure)
[332.226s][info][gc,heap     ] GC(32) PSYoungGen: 64864K(75776K)->320K(75776K) Eden: 64512K(64512K)->0K(64512K) From: 352K(11264K)->320K(11264K)
[332.226s][info][gc,heap     ] GC(32) ParOldGen: 52838K(175104K)->53150K(175104K)
[332.226s][info][gc,metaspace] GC(32) Metaspace: 5513K(5632K)->5513K(5632K) NonClass: 5003K(5056K)->5003K(5056K) Class: 509K(576K)->509K(576K)
[332.226s][info][gc          ] GC(32) Pause Young (Allocation Failure) 114M->52M(245M) 1.791ms
[332.226s][info][gc,cpu      ] GC(32) User=0.00s Sys=0.00s Real=0.00s
[338.561s][info][gc,start    ] GC(33) Pause Young (Allocation Failure)
[338.563s][info][gc,heap     ] GC(33) PSYoungGen: 64831K(75776K)->288K(76800K) Eden: 64511K(64512K)->0K(66048K) From: 320K(11264K)->288K(10752K)
[338.563s][info][gc,heap     ] GC(33) ParOldGen: 53150K(175104K)->53414K(175104K)
[338.563s][info][gc,metaspace] GC(33) Metaspace: 5513K(5632K)->5513K(5632K) NonClass: 5003K(5056K)->5003K(5056K) Class: 509K(576K)->509K(576K)
[338.563s][info][gc          ] GC(33) Pause Young (Allocation Failure) 115M->52M(246M) 1.366ms
[338.563s][info][gc,cpu      ] GC(33) User=0.00s Sys=0.00s Real=0.01s
[345.506s][info][gc,start    ] GC(34) Pause Young (Allocation Failure)
[345.507s][info][gc,heap     ] GC(34) PSYoungGen: 66336K(76800K)->320K(76288K) Eden: 66048K(66048K)->0K(66048K) From: 288K(10752K)->320K(10240K)
[345.507s][info][gc,heap     ] GC(34) ParOldGen: 53414K(175104K)->53662K(175104K)
[345.507s][info][gc,metaspace] GC(34) Metaspace: 5513K(5632K)->5513K(5632K) NonClass: 5003K(5056K)->5003K(5056K) Class: 509K(576K)->509K(576K)
[345.507s][info][gc          ] GC(34) Pause Young (Allocation Failure) 116M->52M(245M) 1.388ms
[345.507s][info][gc,cpu      ] GC(34) User=0.00s Sys=0.00s Real=0.00s
[352.704s][info][gc,start    ] GC(35) Pause Young (Allocation Failure)
[352.705s][info][gc,heap     ] GC(35) PSYoungGen: 66368K(76288K)->320K(77824K) Eden: 66048K(66048K)->0K(68096K) From: 320K(10240K)->320K(9728K)
[352.705s][info][gc,heap     ] GC(35) ParOldGen: 53662K(175104K)->53918K(175104K)
[352.705s][info][gc,metaspace] GC(35) Metaspace: 5513K(5632K)->5513K(5632K) NonClass: 5003K(5056K)->5003K(5056K) Class: 509K(576K)->509K(576K)
[352.705s][info][gc          ] GC(35) Pause Young (Allocation Failure) 117M->52M(247M) 1.461ms
[352.705s][info][gc,cpu      ] GC(35) User=0.00s Sys=0.00s Real=0.00s
[359.385s][info][gc,start    ] GC(36) Pause Young (Allocation Failure)
[359.386s][info][gc,heap     ] GC(36) PSYoungGen: 68416K(77824K)->320K(77312K) Eden: 68096K(68096K)->0K(68096K) From: 320K(9728K)->320K(9216K)
[359.386s][info][gc,heap     ] GC(36) ParOldGen: 53918K(175104K)->54206K(175104K)
[359.386s][info][gc,metaspace] GC(36) Metaspace: 5513K(5632K)->5513K(5632K) NonClass: 5003K(5056K)->5003K(5056K) Class: 509K(576K)->509K(576K)
[359.386s][info][gc          ] GC(36) Pause Young (Allocation Failure) 119M->53M(246M) 1.428ms
[359.386s][info][gc,cpu      ] GC(36) User=0.00s Sys=0.00s Real=0.00s
[366.337s][info][gc,start    ] GC(37) Pause Young (Allocation Failure)
[366.339s][info][gc,heap     ] GC(37) PSYoungGen: 68416K(77312K)->320K(78848K) Eden: 68096K(68096K)->0K(70144K) From: 320K(9216K)->320K(8704K)
[366.339s][info][gc,heap     ] GC(37) ParOldGen: 54206K(175104K)->54470K(175104K)
[366.339s][info][gc,metaspace] GC(37) Metaspace: 5513K(5632K)->5513K(5632K) NonClass: 5003K(5056K)->5003K(5056K) Class: 509K(576K)->509K(576K)
[366.339s][info][gc          ] GC(37) Pause Young (Allocation Failure) 119M->53M(248M) 2.190ms
[366.339s][info][gc,cpu      ] GC(37) User=0.01s Sys=0.00s Real=0.00s
[373.692s][info][gc,start    ] GC(38) Pause Young (Allocation Failure)
[373.695s][info][gc,heap     ] GC(38) PSYoungGen: 70464K(78848K)->320K(78336K) Eden: 70144K(70144K)->0K(70144K) From: 320K(8704K)->320K(8192K)
[373.695s][info][gc,heap     ] GC(38) ParOldGen: 54470K(175104K)->54742K(175104K)
[373.695s][info][gc,metaspace] GC(38) Metaspace: 5513K(5632K)->5513K(5632K) NonClass: 5003K(5056K)->5003K(5056K) Class: 509K(576K)->509K(576K)
[373.695s][info][gc          ] GC(38) Pause Young (Allocation Failure) 122M->53M(247M) 2.540ms
[373.695s][info][gc,cpu      ] GC(38) User=0.00s Sys=0.00s Real=0.00s
[380.850s][info][gc,start    ] GC(39) Pause Young (Allocation Failure)
[380.851s][info][gc,heap     ] GC(39) PSYoungGen: 70464K(78336K)->320K(79872K) Eden: 70144K(70144K)->0K(72192K) From: 320K(8192K)->320K(7680K)
[380.851s][info][gc,heap     ] GC(39) ParOldGen: 54742K(175104K)->55030K(175104K)
[380.851s][info][gc,metaspace] GC(39) Metaspace: 5513K(5632K)->5513K(5632K) NonClass: 5003K(5056K)->5003K(5056K) Class: 509K(576K)->509K(576K)
[380.851s][info][gc          ] GC(39) Pause Young (Allocation Failure) 122M->54M(249M) 1.502ms
[380.851s][info][gc,cpu      ] GC(39) User=0.00s Sys=0.00s Real=0.00s
[388.641s][info][gc,start    ] GC(40) Pause Young (Allocation Failure)
[388.644s][info][gc,heap     ] GC(40) PSYoungGen: 72512K(79872K)->320K(79360K) Eden: 72192K(72192K)->0K(72192K) From: 320K(7680K)->320K(7168K)
[388.644s][info][gc,heap     ] GC(40) ParOldGen: 55030K(175104K)->55302K(175104K)
[388.644s][info][gc,metaspace] GC(40) Metaspace: 5513K(5632K)->5513K(5632K) NonClass: 5003K(5056K)->5003K(5056K) Class: 509K(576K)->509K(576K)
[388.644s][info][gc          ] GC(40) Pause Young (Allocation Failure) 124M->54M(248M) 2.331ms
[388.644s][info][gc,cpu      ] GC(40) User=0.00s Sys=0.00s Real=0.01s
[395.656s][info][gc,start    ] GC(41) Pause Young (Allocation Failure)
[395.657s][info][gc,heap     ] GC(41) PSYoungGen: 72512K(79360K)->320K(80896K) Eden: 72192K(72192K)->0K(74240K) From: 320K(7168K)->320K(6656K)
[395.657s][info][gc,heap     ] GC(41) ParOldGen: 55302K(175104K)->55614K(175104K)
[395.657s][info][gc,metaspace] GC(41) Metaspace: 5513K(5632K)->5513K(5632K) NonClass: 5003K(5056K)->5003K(5056K) Class: 509K(576K)->509K(576K)
[395.657s][info][gc          ] GC(41) Pause Young (Allocation Failure) 124M->54M(250M) 1.787ms
[395.657s][info][gc,cpu      ] GC(41) User=0.00s Sys=0.00s Real=0.00s
[406.189s][info][gc,start    ] GC(42) Pause Young (Allocation Failure)
[406.204s][info][gc,heap     ] GC(42) PSYoungGen: 74560K(80896K)->6129K(78848K) Eden: 74240K(74240K)->0K(72704K) From: 320K(6656K)->6129K(6144K)
[406.204s][info][gc,heap     ] GC(42) ParOldGen: 55614K(175104K)->60611K(175104K)
[406.204s][info][gc,metaspace] GC(42) Metaspace: 5528K(5696K)->5528K(5696K) NonClass: 5018K(5120K)->5018K(5120K) Class: 509K(576K)->509K(576K)
[406.204s][info][gc          ] GC(42) Pause Young (Allocation Failure) 127M->65M(248M) 14.673ms
[406.204s][info][gc,cpu      ] GC(42) User=0.02s Sys=0.00s Real=0.02s
[415.066s][info][gc,start    ] GC(43) Pause Young (Allocation Failure)
[415.078s][info][gc,heap     ] GC(43) PSYoungGen: 78833K(78848K)->544K(78336K) Eden: 72704K(72704K)->0K(71168K) From: 6129K(6144K)->544K(7168K)
[415.078s][info][gc,heap     ] GC(43) ParOldGen: 60611K(175104K)->66620K(175104K)
[415.078s][info][gc,metaspace] GC(43) Metaspace: 5528K(5696K)->5528K(5696K) NonClass: 5018K(5120K)->5018K(5120K) Class: 509K(576K)->509K(576K)
[415.078s][info][gc          ] GC(43) Pause Young (Allocation Failure) 136M->65M(247M) 11.553ms
[415.078s][info][gc,cpu      ] GC(43) User=0.02s Sys=0.00s Real=0.01s
[422.204s][info][gc,start    ] GC(44) Pause Young (Allocation Failure)
[422.206s][info][gc,heap     ] GC(44) PSYoungGen: 71712K(78336K)->384K(71680K) Eden: 71168K(71168K)->0K(71168K) From: 544K(7168K)->384K(512K)
[422.206s][info][gc,heap     ] GC(44) ParOldGen: 66620K(175104K)->67132K(175104K)
[422.206s][info][gc,metaspace] GC(44) Metaspace: 5528K(5696K)->5528K(5696K) NonClass: 5018K(5120K)->5018K(5120K) Class: 509K(576K)->509K(576K)
[422.206s][info][gc          ] GC(44) Pause Young (Allocation Failure) 135M->65M(241M) 2.017ms
[422.206s][info][gc,cpu      ] GC(44) User=0.01s Sys=0.00s Real=0.00s
[429.301s][info][gc,start    ] GC(45) Pause Young (Allocation Failure)
[429.302s][info][gc,heap     ] GC(45) PSYoungGen: 71552K(71680K)->320K(78848K) Eden: 71168K(71168K)->0K(70144K) From: 384K(512K)->320K(8704K)
[429.302s][info][gc,heap     ] GC(45) ParOldGen: 67132K(175104K)->67476K(175104K)
[429.302s][info][gc,metaspace] GC(45) Metaspace: 5528K(5696K)->5528K(5696K) NonClass: 5018K(5120K)->5018K(5120K) Class: 509K(576K)->509K(576K)
[429.302s][info][gc          ] GC(45) Pause Young (Allocation Failure) 135M->66M(248M) 1.556ms
[429.302s][info][gc,cpu      ] GC(45) User=0.00s Sys=0.00s Real=0.01s
[436.985s][info][gc,start    ] GC(46) Pause Young (Allocation Failure)
[436.987s][info][gc,heap     ] GC(46) PSYoungGen: 70464K(78848K)->352K(78336K) Eden: 70144K(70144K)->0K(70144K) From: 320K(8704K)->352K(8192K)
[436.987s][info][gc,heap     ] GC(46) ParOldGen: 67476K(175104K)->67756K(175104K)
[436.987s][info][gc,metaspace] GC(46) Metaspace: 5528K(5696K)->5528K(5696K) NonClass: 5018K(5120K)->5018K(5120K) Class: 509K(576K)->509K(576K)
[436.987s][info][gc          ] GC(46) Pause Young (Allocation Failure) 134M->66M(247M) 1.580ms
[436.987s][info][gc,cpu      ] GC(46) User=0.00s Sys=0.00s Real=0.00s
[444.392s][info][gc,start    ] GC(47) Pause Young (Allocation Failure)
[444.394s][info][gc,heap     ] GC(47) PSYoungGen: 70496K(78336K)->320K(79872K) Eden: 70144K(70144K)->0K(72192K) From: 352K(8192K)->320K(7680K)
[444.394s][info][gc,heap     ] GC(47) ParOldGen: 67756K(175104K)->68060K(175104K)
[444.394s][info][gc,metaspace] GC(47) Metaspace: 5528K(5696K)->5528K(5696K) NonClass: 5018K(5120K)->5018K(5120K) Class: 509K(576K)->509K(576K)
[444.394s][info][gc          ] GC(47) Pause Young (Allocation Failure) 135M->66M(249M) 1.685ms
[444.394s][info][gc,cpu      ] GC(47) User=0.00s Sys=0.00s Real=0.00s
[451.614s][info][gc,start    ] GC(48) Pause Young (Allocation Failure)
[451.616s][info][gc,heap     ] GC(48) PSYoungGen: 72512K(79872K)->320K(79360K) Eden: 72192K(72192K)->0K(72192K) From: 320K(7680K)->320K(7168K)
[451.616s][info][gc,heap     ] GC(48) ParOldGen: 68060K(175104K)->68332K(175104K)
[451.616s][info][gc,metaspace] GC(48) Metaspace: 5528K(5696K)->5528K(5696K) NonClass: 5018K(5120K)->5018K(5120K) Class: 509K(576K)->509K(576K)
[451.616s][info][gc          ] GC(48) Pause Young (Allocation Failure) 137M->67M(248M) 2.243ms
[451.616s][info][gc,cpu      ] GC(48) User=0.01s Sys=0.00s Real=0.00s
[459.394s][info][gc,start    ] GC(49) Pause Young (Allocation Failure)
[459.396s][info][gc,heap     ] GC(49) PSYoungGen: 72512K(79360K)->352K(80384K) Eden: 72192K(72192K)->0K(73216K) From: 320K(7168K)->352K(7168K)
[459.396s][info][gc,heap     ] GC(49) ParOldGen: 68332K(175104K)->68620K(175104K)
[459.396s][info][gc,metaspace] GC(49) Metaspace: 5528K(5696K)->5528K(5696K) NonClass: 5018K(5120K)->5018K(5120K) Class: 509K(576K)->509K(576K)
[459.396s][info][gc          ] GC(49) Pause Young (Allocation Failure) 137M->67M(249M) 2.242ms
[459.396s][info][gc,cpu      ] GC(49) User=0.00s Sys=0.00s Real=0.00s
[467.223s][info][gc,start    ] GC(50) Pause Young (Allocation Failure)
[467.226s][info][gc,heap     ] GC(50) PSYoungGen: 73568K(80384K)->352K(79872K) Eden: 73216K(73216K)->0K(73216K) From: 352K(7168K)->352K(6656K)
[467.226s][info][gc,heap     ] GC(50) ParOldGen: 68620K(175104K)->68932K(175104K)
[467.226s][info][gc,metaspace] GC(50) Metaspace: 5528K(5696K)->5528K(5696K) NonClass: 5018K(5120K)->5018K(5120K) Class: 509K(576K)->509K(576K)
[467.226s][info][gc          ] GC(50) Pause Young (Allocation Failure) 138M->67M(249M) 2.358ms
[467.226s][info][gc,cpu      ] GC(50) User=0.00s Sys=0.00s Real=0.00s
[474.191s][info][gc,start    ] GC(51) Pause Young (Allocation Failure)
[474.192s][info][gc,heap     ] GC(51) PSYoungGen: 73568K(79872K)->352K(81408K) Eden: 73216K(73216K)->0K(75264K) From: 352K(6656K)->352K(6144K)
[474.192s][info][gc,heap     ] GC(51) ParOldGen: 68932K(175104K)->69228K(175104K)
[474.192s][info][gc,metaspace] GC(51) Metaspace: 5528K(5696K)->5528K(5696K) NonClass: 5018K(5120K)->5018K(5120K) Class: 509K(576K)->509K(576K)
[474.192s][info][gc          ] GC(51) Pause Young (Allocation Failure) 139M->67M(250M) 1.581ms
[474.192s][info][gc,cpu      ] GC(51) User=0.00s Sys=0.00s Real=0.01s
[481.988s][info][gc,start    ] GC(52) Pause Young (Allocation Failure)
[481.989s][info][gc,heap     ] GC(52) PSYoungGen: 75616K(81408K)->320K(80896K) Eden: 75264K(75264K)->0K(75264K) From: 352K(6144K)->320K(5632K)
[481.989s][info][gc,heap     ] GC(52) ParOldGen: 69228K(175104K)->69500K(175104K)
[481.989s][info][gc,metaspace] GC(52) Metaspace: 5528K(5696K)->5528K(5696K) NonClass: 5018K(5120K)->5018K(5120K) Class: 509K(576K)->509K(576K)
[481.989s][info][gc          ] GC(52) Pause Young (Allocation Failure) 141M->68M(250M) 1.549ms
[481.989s][info][gc,cpu      ] GC(52) User=0.00s Sys=0.00s Real=0.00s
[490.289s][info][gc,start    ] GC(53) Pause Young (Allocation Failure)
[490.291s][info][gc,heap     ] GC(53) PSYoungGen: 75584K(80896K)->352K(81920K) Eden: 75264K(75264K)->0K(76288K) From: 320K(5632K)->352K(5632K)
[490.291s][info][gc,heap     ] GC(53) ParOldGen: 69500K(175104K)->69780K(175104K)
[490.291s][info][gc,metaspace] GC(53) Metaspace: 5528K(5696K)->5528K(5696K) NonClass: 5018K(5120K)->5018K(5120K) Class: 509K(576K)->509K(576K)
[490.291s][info][gc          ] GC(53) Pause Young (Allocation Failure) 141M->68M(251M) 1.601ms
[490.291s][info][gc,cpu      ] GC(53) User=0.00s Sys=0.00s Real=0.00s
[500.591s][info][gc,start    ] GC(54) Pause Young (Allocation Failure)
[500.606s][info][gc,heap     ] GC(54) PSYoungGen: 76640K(81920K)->5099K(79360K) Eden: 76288K(76288K)->0K(74240K) From: 352K(5632K)->5099K(5120K)
[500.606s][info][gc,heap     ] GC(54) ParOldGen: 69780K(175104K)->75858K(175104K)
[500.606s][info][gc,metaspace] GC(54) Metaspace: 5548K(5696K)->5548K(5696K) NonClass: 5038K(5120K)->5038K(5120K) Class: 509K(576K)->509K(576K)
[500.606s][info][gc          ] GC(54) Pause Young (Allocation Failure) 142M->79M(248M) 15.720ms
[500.606s][info][gc,cpu      ] GC(54) User=0.02s Sys=0.01s Real=0.02s
[510.449s][info][gc,start    ] GC(55) Pause Young (Allocation Failure)
[510.458s][info][gc,heap     ] GC(55) PSYoungGen: 79339K(79360K)->64K(78848K) Eden: 74240K(74240K)->0K(72704K) From: 5099K(5120K)->64K(6144K)
[510.458s][info][gc,heap     ] GC(55) ParOldGen: 75858K(175104K)->80855K(175104K)
[510.458s][info][gc,metaspace] GC(55) Metaspace: 5548K(5696K)->5548K(5696K) NonClass: 5038K(5120K)->5038K(5120K) Class: 509K(576K)->509K(576K)
[510.458s][info][gc          ] GC(55) Pause Young (Allocation Failure) 151M->79M(248M) 9.063ms
[510.458s][info][gc,cpu      ] GC(55) User=0.01s Sys=0.00s Real=0.01s
[518.704s][info][gc,start    ] GC(56) Pause Young (Allocation Failure)
[518.706s][info][gc,heap     ] GC(56) PSYoungGen: 72768K(78848K)->384K(73216K) Eden: 72704K(72704K)->0K(72704K) From: 64K(6144K)->384K(512K)
[518.706s][info][gc,heap     ] GC(56) ParOldGen: 80855K(175104K)->80863K(175104K)
[518.706s][info][gc,metaspace] GC(56) Metaspace: 5548K(5696K)->5548K(5696K) NonClass: 5038K(5120K)->5038K(5120K) Class: 509K(576K)->509K(576K)
[518.706s][info][gc          ] GC(56) Pause Young (Allocation Failure) 150M->79M(242M) 1.501ms
[518.706s][info][gc,cpu      ] GC(56) User=0.00s Sys=0.00s Real=0.00s
[526.540s][info][gc,start    ] GC(57) Pause Young (Allocation Failure)
[526.542s][info][gc,heap     ] GC(57) PSYoungGen: 73088K(73216K)->352K(79360K) Eden: 72704K(72704K)->0K(71680K) From: 384K(512K)->352K(7680K)
[526.542s][info][gc,heap     ] GC(57) ParOldGen: 80863K(175104K)->81215K(175104K)
[526.542s][info][gc,metaspace] GC(57) Metaspace: 5548K(5696K)->5548K(5696K) NonClass: 5038K(5120K)->5038K(5120K) Class: 509K(576K)->509K(576K)
[526.542s][info][gc          ] GC(57) Pause Young (Allocation Failure) 150M->79M(248M) 1.968ms
[526.542s][info][gc,cpu      ] GC(57) User=0.01s Sys=0.00s Real=0.01s
[535.339s][info][gc,start    ] GC(58) Pause Young (Allocation Failure)
[535.340s][info][gc,heap     ] GC(58) PSYoungGen: 72031K(79360K)->352K(79360K) Eden: 71679K(71680K)->0K(71680K) From: 352K(7680K)->352K(7680K)
[535.340s][info][gc,heap     ] GC(58) ParOldGen: 81215K(175104K)->81519K(175104K)
[535.340s][info][gc,metaspace] GC(58) Metaspace: 5548K(5696K)->5548K(5696K) NonClass: 5038K(5120K)->5038K(5120K) Class: 509K(576K)->509K(576K)
[535.340s][info][gc          ] GC(58) Pause Young (Allocation Failure) 149M->79M(248M) 1.734ms
[535.340s][info][gc,cpu      ] GC(58) User=0.00s Sys=0.00s Real=0.00s
[543.731s][info][gc,start    ] GC(59) Pause Young (Allocation Failure)
[543.733s][info][gc,heap     ] GC(59) PSYoungGen: 72032K(79360K)->288K(80384K) Eden: 71680K(71680K)->0K(73216K) From: 352K(7680K)->288K(7168K)
[543.733s][info][gc,heap     ] GC(59) ParOldGen: 81519K(175104K)->81823K(175104K)
[543.733s][info][gc,metaspace] GC(59) Metaspace: 5548K(5696K)->5548K(5696K) NonClass: 5038K(5120K)->5038K(5120K) Class: 509K(576K)->509K(576K)
[543.733s][info][gc          ] GC(59) Pause Young (Allocation Failure) 149M->80M(249M) 1.721ms
[543.733s][info][gc,cpu      ] GC(59) User=0.01s Sys=0.00s Real=0.01s
[552.040s][info][gc,start    ] GC(60) Pause Young (Allocation Failure)
[552.042s][info][gc,heap     ] GC(60) PSYoungGen: 73504K(80384K)->352K(79872K) Eden: 73216K(73216K)->0K(73216K) From: 288K(7168K)->352K(6656K)
[552.042s][info][gc,heap     ] GC(60) ParOldGen: 81823K(175104K)->82111K(175104K)
[552.042s][info][gc,metaspace] GC(60) Metaspace: 5548K(5696K)->5548K(5696K) NonClass: 5038K(5120K)->5038K(5120K) Class: 509K(576K)->509K(576K)
[552.042s][info][gc          ] GC(60) Pause Young (Allocation Failure) 151M->80M(249M) 1.669ms
[552.042s][info][gc,cpu      ] GC(60) User=0.00s Sys=0.00s Real=0.00s
[560.851s][info][gc,start    ] GC(61) Pause Young (Allocation Failure)
[560.854s][info][gc,heap     ] GC(61) PSYoungGen: 73568K(79872K)->352K(80896K) Eden: 73216K(73216K)->0K(74752K) From: 352K(6656K)->352K(6144K)
[560.855s][info][gc,heap     ] GC(61) ParOldGen: 82111K(175104K)->82415K(175104K)
[560.855s][info][gc,metaspace] GC(61) Metaspace: 5548K(5696K)->5548K(5696K) NonClass: 5038K(5120K)->5038K(5120K) Class: 509K(576K)->509K(576K)
[560.855s][info][gc          ] GC(61) Pause Young (Allocation Failure) 152M->80M(250M) 3.147ms
[560.855s][info][gc,cpu      ] GC(61) User=0.00s Sys=0.00s Real=0.01s
[569.554s][info][gc,start    ] GC(62) Pause Young (Allocation Failure)
[569.555s][info][gc,heap     ] GC(62) PSYoungGen: 75104K(80896K)->352K(80896K) Eden: 74752K(74752K)->0K(74752K) From: 352K(6144K)->352K(6144K)
[569.555s][info][gc,heap     ] GC(62) ParOldGen: 82415K(175104K)->82735K(175104K)
[569.555s][info][gc,metaspace] GC(62) Metaspace: 5548K(5696K)->5548K(5696K) NonClass: 5038K(5120K)->5038K(5120K) Class: 509K(576K)->509K(576K)
[569.555s][info][gc          ] GC(62) Pause Young (Allocation Failure) 153M->81M(250M) 1.724ms
[569.555s][info][gc,cpu      ] GC(62) User=0.00s Sys=0.00s Real=0.00s
[578.080s][info][gc,start    ] GC(63) Pause Young (Allocation Failure)
[578.082s][info][gc,heap     ] GC(63) PSYoungGen: 75104K(80896K)->352K(81920K) Eden: 74752K(74752K)->0K(76288K) From: 352K(6144K)->352K(5632K)
[578.082s][info][gc,heap     ] GC(63) ParOldGen: 82735K(175104K)->83047K(175104K)
[578.082s][info][gc,metaspace] GC(63) Metaspace: 5548K(5696K)->5548K(5696K) NonClass: 5038K(5120K)->5038K(5120K) Class: 509K(576K)->509K(576K)
[578.082s][info][gc          ] GC(63) Pause Young (Allocation Failure) 154M->81M(251M) 1.877ms
[578.082s][info][gc,cpu      ] GC(63) User=0.01s Sys=0.00s Real=0.01s
[587.348s][info][gc,start    ] GC(64) Pause Young (Allocation Failure)
[587.350s][info][gc,heap     ] GC(64) PSYoungGen: 76640K(81920K)->352K(81408K) Eden: 76288K(76288K)->0K(76288K) From: 352K(5632K)->352K(5120K)
[587.350s][info][gc,heap     ] GC(64) ParOldGen: 83047K(175104K)->83343K(175104K)
[587.350s][info][gc,metaspace] GC(64) Metaspace: 5548K(5696K)->5548K(5696K) NonClass: 5038K(5120K)->5038K(5120K) Class: 509K(576K)->509K(576K)
[587.350s][info][gc          ] GC(64) Pause Young (Allocation Failure) 155M->81M(250M) 2.259ms
[587.351s][info][gc,cpu      ] GC(64) User=0.01s Sys=0.00s Real=0.00s
[596.935s][info][gc,start    ] GC(65) Pause Young (Allocation Failure)
[596.937s][info][gc,heap     ] GC(65) PSYoungGen: 76640K(81408K)->384K(82432K) Eden: 76288K(76288K)->0K(77312K) From: 352K(5120K)->384K(5120K)
[596.937s][info][gc,heap     ] GC(65) ParOldGen: 83343K(175104K)->83663K(175104K)
[596.937s][info][gc,metaspace] GC(65) Metaspace: 5548K(5696K)->5548K(5696K) NonClass: 5038K(5120K)->5038K(5120K) Class: 509K(576K)->509K(576K)
[596.937s][info][gc          ] GC(65) Pause Young (Allocation Failure) 156M->82M(251M) 1.726ms
[596.937s][info][gc,cpu      ] GC(65) User=0.00s Sys=0.00s Real=0.00s
[608.537s][info][gc,start    ] GC(66) Pause Young (Allocation Failure)
[608.554s][info][gc,heap     ] GC(66) PSYoungGen: 77696K(82432K)->4607K(79872K) Eden: 77312K(77312K)->0K(75264K) From: 384K(5120K)->4607K(4608K)
[608.555s][info][gc,heap     ] GC(66) ParOldGen: 83663K(175104K)->90245K(175104K)
[608.555s][info][gc,metaspace] GC(66) Metaspace: 5559K(5696K)->5559K(5696K) NonClass: 5049K(5120K)->5049K(5120K) Class: 509K(576K)->509K(576K)
[608.555s][info][gc          ] GC(66) Pause Young (Allocation Failure) 157M->92M(249M) 17.875ms
[608.555s][info][gc,cpu      ] GC(66) User=0.03s Sys=0.01s Real=0.02s
[619.393s][info][gc,start    ] GC(67) Pause Young (Allocation Failure)
[619.404s][info][gc,heap     ] GC(67) PSYoungGen: 79871K(79872K)->672K(79360K) Eden: 75264K(75264K)->0K(73728K) From: 4607K(4608K)->672K(5632K)
[619.404s][info][gc,heap     ] GC(67) ParOldGen: 90245K(175104K)->94777K(175104K)
[619.404s][info][gc,metaspace] GC(67) Metaspace: 5559K(5696K)->5559K(5696K) NonClass: 5049K(5120K)->5049K(5120K) Class: 509K(576K)->509K(576K)
[619.404s][info][gc          ] GC(67) Pause Young (Allocation Failure) 166M->93M(248M) 10.968ms
[619.404s][info][gc,cpu      ] GC(67) User=0.02s Sys=0.00s Real=0.01s
[628.392s][info][gc,start    ] GC(68) Pause Young (Allocation Failure)
[628.394s][info][gc,heap     ] GC(68) PSYoungGen: 74400K(79360K)->384K(74240K) Eden: 73728K(73728K)->0K(73728K) From: 672K(5632K)->384K(512K)
[628.395s][info][gc,heap     ] GC(68) ParOldGen: 94777K(175104K)->95409K(175104K)
[628.395s][info][gc,metaspace] GC(68) Metaspace: 5559K(5696K)->5559K(5696K) NonClass: 5049K(5120K)->5049K(5120K) Class: 509K(576K)->509K(576K)
[628.395s][info][gc          ] GC(68) Pause Young (Allocation Failure) 165M->93M(243M) 2.155ms
[628.395s][info][gc,cpu      ] GC(68) User=0.00s Sys=0.00s Real=0.00s
[636.769s][info][gc,start    ] GC(69) Pause Young (Allocation Failure)
[636.771s][info][gc,heap     ] GC(69) PSYoungGen: 74112K(74240K)->320K(79872K) Eden: 73728K(73728K)->0K(72704K) From: 384K(512K)->320K(7168K)
[636.771s][info][gc,heap     ] GC(69) ParOldGen: 95409K(175104K)->95761K(175104K)
[636.771s][info][gc,metaspace] GC(69) Metaspace: 5559K(5696K)->5559K(5696K) NonClass: 5049K(5120K)->5049K(5120K) Class: 509K(576K)->509K(576K)
[636.771s][info][gc          ] GC(69) Pause Young (Allocation Failure) 165M->93M(249M) 1.816ms
[636.771s][info][gc,cpu      ] GC(69) User=0.00s Sys=0.00s Real=0.00s
[646.002s][info][gc,start    ] GC(70) Pause Young (Allocation Failure)
[646.004s][info][gc,heap     ] GC(70) PSYoungGen: 73024K(79872K)->352K(79872K) Eden: 72704K(72704K)->0K(72704K) From: 320K(7168K)->352K(7168K)
[646.004s][info][gc,heap     ] GC(70) ParOldGen: 95761K(175104K)->96065K(175104K)
[646.004s][info][gc,metaspace] GC(70) Metaspace: 5559K(5696K)->5559K(5696K) NonClass: 5049K(5120K)->5049K(5120K) Class: 509K(576K)->509K(576K)
[646.004s][info][gc          ] GC(70) Pause Young (Allocation Failure) 164M->94M(249M) 1.726ms
[646.004s][info][gc,cpu      ] GC(70) User=0.01s Sys=0.00s Real=0.00s
[654.678s][info][gc,start    ] GC(71) Pause Young (Allocation Failure)
[654.679s][info][gc,heap     ] GC(71) PSYoungGen: 73056K(79872K)->320K(80384K) Eden: 72704K(72704K)->0K(73728K) From: 352K(7168K)->320K(6656K)
[654.679s][info][gc,heap     ] GC(71) ParOldGen: 96065K(175104K)->96377K(175104K)
[654.679s][info][gc,metaspace] GC(71) Metaspace: 5559K(5696K)->5559K(5696K) NonClass: 5049K(5120K)->5049K(5120K) Class: 509K(576K)->509K(576K)
[654.679s][info][gc          ] GC(71) Pause Young (Allocation Failure) 165M->94M(249M) 1.731ms
[654.679s][info][gc,cpu      ] GC(71) User=0.00s Sys=0.00s Real=0.00s
[663.272s][info][gc,start    ] GC(72) Pause Young (Allocation Failure)
[663.274s][info][gc,heap     ] GC(72) PSYoungGen: 74048K(80384K)->352K(80384K) Eden: 73728K(73728K)->0K(73728K) From: 320K(6656K)->352K(6656K)
[663.274s][info][gc,heap     ] GC(72) ParOldGen: 96377K(175104K)->96673K(175104K)
[663.274s][info][gc,metaspace] GC(72) Metaspace: 5559K(5696K)->5559K(5696K) NonClass: 5049K(5120K)->5049K(5120K) Class: 509K(576K)->509K(576K)
[663.274s][info][gc          ] GC(72) Pause Young (Allocation Failure) 166M->94M(249M) 1.798ms
[663.274s][info][gc,cpu      ] GC(72) User=0.01s Sys=0.00s Real=0.00s
[672.437s][info][gc,start    ] GC(73) Pause Young (Allocation Failure)
[672.438s][info][gc,heap     ] GC(73) PSYoungGen: 74080K(80384K)->384K(81408K) Eden: 73728K(73728K)->0K(75264K) From: 352K(6656K)->384K(6144K)
[672.438s][info][gc,heap     ] GC(73) ParOldGen: 96673K(175104K)->96977K(175104K)
[672.438s][info][gc,metaspace] GC(73) Metaspace: 5559K(5696K)->5559K(5696K) NonClass: 5049K(5120K)->5049K(5120K) Class: 509K(576K)->509K(576K)
[672.438s][info][gc          ] GC(73) Pause Young (Allocation Failure) 166M->95M(250M) 1.762ms
[672.438s][info][gc,cpu      ] GC(73) User=0.00s Sys=0.00s Real=0.00s
[680.973s][info][gc,start    ] GC(74) Pause Young (Allocation Failure)
[680.975s][info][gc,heap     ] GC(74) PSYoungGen: 75648K(81408K)->352K(80896K) Eden: 75264K(75264K)->0K(75264K) From: 384K(6144K)->352K(5632K)
[680.975s][info][gc,heap     ] GC(74) ParOldGen: 96977K(175104K)->97297K(175104K)
[680.975s][info][gc,metaspace] GC(74) Metaspace: 5559K(5696K)->5559K(5696K) NonClass: 5049K(5120K)->5049K(5120K) Class: 509K(576K)->509K(576K)
[680.975s][info][gc          ] GC(74) Pause Young (Allocation Failure) 168M->95M(250M) 1.860ms
[680.975s][info][gc,cpu      ] GC(74) User=0.00s Sys=0.00s Real=0.00s
[688.727s][info][gc,start    ] GC(75) Pause Young (Allocation Failure)
[688.729s][info][gc,heap     ] GC(75) PSYoungGen: 75616K(80896K)->352K(81920K) Eden: 75264K(75264K)->0K(76288K) From: 352K(5632K)->352K(5632K)
[688.729s][info][gc,heap     ] GC(75) ParOldGen: 97297K(175104K)->97593K(175104K)
[688.729s][info][gc,metaspace] GC(75) Metaspace: 5559K(5696K)->5559K(5696K) NonClass: 5049K(5120K)->5049K(5120K) Class: 509K(576K)->509K(576K)
[688.729s][info][gc          ] GC(75) Pause Young (Allocation Failure) 168M->95M(251M) 1.744ms
[688.729s][info][gc,cpu      ] GC(75) User=0.01s Sys=0.00s Real=0.00s
[697.159s][info][gc,start    ] GC(76) Pause Young (Allocation Failure)
[697.161s][info][gc,heap     ] GC(76) PSYoungGen: 76639K(81920K)->320K(81408K) Eden: 76287K(76288K)->0K(76288K) From: 352K(5632K)->320K(5120K)
[697.161s][info][gc,heap     ] GC(76) ParOldGen: 97593K(175104K)->97873K(175104K)
[697.161s][info][gc,metaspace] GC(76) Metaspace: 5559K(5696K)->5559K(5696K) NonClass: 5049K(5120K)->5049K(5120K) Class: 509K(576K)->509K(576K)
[697.161s][info][gc          ] GC(76) Pause Young (Allocation Failure) 170M->95M(250M) 1.668ms
[697.161s][info][gc,cpu      ] GC(76) User=0.01s Sys=0.00s Real=0.00s
[705.752s][info][gc,start    ] GC(77) Pause Young (Allocation Failure)
[705.754s][info][gc,heap     ] GC(77) PSYoungGen: 76608K(81408K)->352K(82432K) Eden: 76288K(76288K)->0K(77824K) From: 320K(5120K)->352K(4608K)
[705.754s][info][gc,heap     ] GC(77) ParOldGen: 97873K(175104K)->98145K(175104K)
[705.754s][info][gc,metaspace] GC(77) Metaspace: 5559K(5696K)->5559K(5696K) NonClass: 5049K(5120K)->5049K(5120K) Class: 509K(576K)->509K(576K)
[705.754s][info][gc          ] GC(77) Pause Young (Allocation Failure) 170M->96M(251M) 1.900ms
[705.754s][info][gc,cpu      ] GC(77) User=0.01s Sys=0.00s Real=0.01s
[716.727s][info][gc,start    ] GC(78) Pause Young (Allocation Failure)
[716.744s][info][gc,heap     ] GC(78) PSYoungGen: 78176K(82432K)->4601K(80384K) Eden: 77824K(77824K)->0K(75776K) From: 352K(4608K)->4601K(4608K)
[716.744s][info][gc,heap     ] GC(78) ParOldGen: 98145K(175104K)->104672K(175104K)
[716.744s][info][gc,metaspace] GC(78) Metaspace: 5606K(5760K)->5606K(5760K) NonClass: 5096K(5184K)->5096K(5184K) Class: 509K(576K)->509K(576K)
[716.744s][info][gc          ] GC(78) Pause Young (Allocation Failure) 172M->106M(249M) 17.062ms
[716.744s][info][gc,cpu      ] GC(78) User=0.03s Sys=0.00s Real=0.02s
[727.113s][info][gc,start    ] GC(79) Pause Young (Allocation Failure)
[727.123s][info][gc,heap     ] GC(79) PSYoungGen: 80377K(80384K)->64K(79872K) Eden: 75776K(75776K)->0K(74240K) From: 4601K(4608K)->64K(5632K)
[727.123s][info][gc,heap     ] GC(79) ParOldGen: 104672K(175104K)->109219K(175104K)
[727.123s][info][gc,metaspace] GC(79) Metaspace: 5606K(5760K)->5606K(5760K) NonClass: 5096K(5184K)->5096K(5184K) Class: 509K(576K)->509K(576K)
[727.123s][info][gc          ] GC(79) Pause Young (Allocation Failure) 180M->106M(249M) 9.510ms
[727.123s][info][gc,cpu      ] GC(79) User=0.02s Sys=0.01s Real=0.01s
[735.491s][info][gc,start    ] GC(80) Pause Young (Allocation Failure)
[735.492s][info][gc,heap     ] GC(80) PSYoungGen: 74304K(79872K)->384K(74752K) Eden: 74240K(74240K)->0K(74240K) From: 64K(5632K)->384K(512K)
[735.492s][info][gc,heap     ] GC(80) ParOldGen: 109219K(175104K)->109227K(175104K)
[735.492s][info][gc,metaspace] GC(80) Metaspace: 5607K(5760K)->5607K(5760K) NonClass: 5097K(5184K)->5097K(5184K) Class: 509K(576K)->509K(576K)
[735.492s][info][gc          ] GC(80) Pause Young (Allocation Failure) 179M->107M(244M) 1.504ms
[735.492s][info][gc,cpu      ] GC(80) User=0.00s Sys=0.00s Real=0.01s
[743.438s][info][gc,start    ] GC(81) Pause Young (Allocation Failure)
[743.440s][info][gc,heap     ] GC(81) PSYoungGen: 74624K(74752K)->320K(79872K) Eden: 74240K(74240K)->0K(72704K) From: 384K(512K)->320K(7168K)
[743.440s][info][gc,heap     ] GC(81) ParOldGen: 109227K(175104K)->109595K(175104K)
[743.440s][info][gc,metaspace] GC(81) Metaspace: 5607K(5760K)->5607K(5760K) NonClass: 5097K(5184K)->5097K(5184K) Class: 509K(576K)->509K(576K)
[743.440s][info][gc          ] GC(81) Pause Young (Allocation Failure) 179M->107M(249M) 1.835ms
[743.440s][info][gc,cpu      ] GC(81) User=0.00s Sys=0.01s Real=0.00s
[752.171s][info][gc,start    ] GC(82) Pause Young (Allocation Failure)
[752.173s][info][gc,heap     ] GC(82) PSYoungGen: 73024K(79872K)->320K(79872K) Eden: 72704K(72704K)->0K(72704K) From: 320K(7168K)->320K(7168K)
[752.173s][info][gc,heap     ] GC(82) ParOldGen: 109595K(175104K)->109899K(175104K)
[752.173s][info][gc,metaspace] GC(82) Metaspace: 5607K(5760K)->5607K(5760K) NonClass: 5097K(5184K)->5097K(5184K) Class: 509K(576K)->509K(576K)
[752.173s][info][gc          ] GC(82) Pause Young (Allocation Failure) 178M->107M(249M) 2.515ms
[752.173s][info][gc,cpu      ] GC(82) User=0.01s Sys=0.00s Real=0.01s
[760.287s][info][gc,start    ] GC(83) Pause Young (Allocation Failure)
[760.289s][info][gc,heap     ] GC(83) PSYoungGen: 73024K(79872K)->384K(80896K) Eden: 72704K(72704K)->0K(74240K) From: 320K(7168K)->384K(6656K)
[760.289s][info][gc,heap     ] GC(83) ParOldGen: 109899K(175104K)->110219K(175104K)
[760.289s][info][gc,metaspace] GC(83) Metaspace: 5607K(5760K)->5607K(5760K) NonClass: 5097K(5184K)->5097K(5184K) Class: 509K(576K)->509K(576K)
[760.289s][info][gc          ] GC(83) Pause Young (Allocation Failure) 178M->108M(250M) 2.620ms
[760.289s][info][gc,cpu      ] GC(83) User=0.00s Sys=0.00s Real=0.00s
[768.467s][info][gc,start    ] GC(84) Pause Young (Allocation Failure)
[768.469s][info][gc,heap     ] GC(84) PSYoungGen: 74624K(80896K)->320K(80384K) Eden: 74240K(74240K)->0K(74240K) From: 384K(6656K)->320K(6144K)
[768.469s][info][gc,heap     ] GC(84) ParOldGen: 110219K(175104K)->110515K(175104K)
[768.469s][info][gc,metaspace] GC(84) Metaspace: 5607K(5760K)->5607K(5760K) NonClass: 5097K(5184K)->5097K(5184K) Class: 509K(576K)->509K(576K)
[768.469s][info][gc          ] GC(84) Pause Young (Allocation Failure) 180M->108M(249M) 1.791ms
[768.469s][info][gc,cpu      ] GC(84) User=0.00s Sys=0.00s Real=0.00s
[777.508s][info][gc,start    ] GC(85) Pause Young (Allocation Failure)
[777.510s][info][gc,heap     ] GC(85) PSYoungGen: 74560K(80384K)->384K(81408K) Eden: 74240K(74240K)->0K(75264K) From: 320K(6144K)->384K(6144K)
[777.510s][info][gc,heap     ] GC(85) ParOldGen: 110515K(175104K)->110811K(175104K)
[777.510s][info][gc,metaspace] GC(85) Metaspace: 5607K(5760K)->5607K(5760K) NonClass: 5097K(5184K)->5097K(5184K) Class: 509K(576K)->509K(576K)
[777.510s][info][gc          ] GC(85) Pause Young (Allocation Failure) 180M->108M(250M) 2.145ms
[777.510s][info][gc,cpu      ] GC(85) User=0.00s Sys=0.01s Real=0.00s
[785.968s][info][gc,start    ] GC(86) Pause Young (Allocation Failure)
[785.969s][info][gc,heap     ] GC(86) PSYoungGen: 75647K(81408K)->352K(80896K) Eden: 75263K(75264K)->0K(75264K) From: 384K(6144K)->352K(5632K)
[785.969s][info][gc,heap     ] GC(86) ParOldGen: 110811K(175104K)->111123K(175104K)
[785.969s][info][gc,metaspace] GC(86) Metaspace: 5607K(5760K)->5607K(5760K) NonClass: 5097K(5184K)->5097K(5184K) Class: 509K(576K)->509K(576K)
[785.970s][info][gc          ] GC(86) Pause Young (Allocation Failure) 182M->108M(250M) 1.867ms
[785.970s][info][gc,cpu      ] GC(86) User=0.01s Sys=0.00s Real=0.00s
[794.299s][info][gc,start    ] GC(87) Pause Young (Allocation Failure)
[794.301s][info][gc,heap     ] GC(87) PSYoungGen: 75616K(80896K)->352K(81920K) Eden: 75264K(75264K)->0K(76800K) From: 352K(5632K)->352K(5120K)
[794.301s][info][gc,heap     ] GC(87) ParOldGen: 111123K(175104K)->111427K(175104K)
[794.301s][info][gc,metaspace] GC(87) Metaspace: 5607K(5760K)->5607K(5760K) NonClass: 5097K(5184K)->5097K(5184K) Class: 509K(576K)->509K(576K)
[794.301s][info][gc          ] GC(87) Pause Young (Allocation Failure) 182M->109M(251M) 2.163ms
[794.301s][info][gc,cpu      ] GC(87) User=0.01s Sys=0.00s Real=0.00s
[803.159s][info][gc,start    ] GC(88) Pause Young (Allocation Failure)
[803.161s][info][gc,heap     ] GC(88) PSYoungGen: 77152K(81920K)->352K(81920K) Eden: 76800K(76800K)->0K(76800K) From: 352K(5120K)->352K(5120K)
[803.161s][info][gc,heap     ] GC(88) ParOldGen: 111427K(175104K)->111731K(175104K)
[803.161s][info][gc,metaspace] GC(88) Metaspace: 5607K(5760K)->5607K(5760K) NonClass: 5097K(5184K)->5097K(5184K) Class: 509K(576K)->509K(576K)
[803.161s][info][gc          ] GC(88) Pause Young (Allocation Failure) 184M->109M(251M) 1.937ms
[803.161s][info][gc,cpu      ] GC(88) User=0.00s Sys=0.00s Real=0.00s
[812.434s][info][gc,start    ] GC(89) Pause Young (Allocation Failure)
[812.438s][info][gc,heap     ] GC(89) PSYoungGen: 77152K(81920K)->384K(82432K) Eden: 76800K(76800K)->0K(77824K) From: 352K(5120K)->384K(4608K)
[812.438s][info][gc,heap     ] GC(89) ParOldGen: 111731K(175104K)->112035K(175104K)
[812.438s][info][gc,metaspace] GC(89) Metaspace: 5607K(5760K)->5607K(5760K) NonClass: 5097K(5184K)->5097K(5184K) Class: 509K(576K)->509K(576K)
[812.438s][info][gc          ] GC(89) Pause Young (Allocation Failure) 184M->109M(251M) 3.341ms
[812.438s][info][gc,cpu      ] GC(89) User=0.01s Sys=0.00s Real=0.00s
[824.349s][info][gc,start    ] GC(90) Pause Young (Allocation Failure)
[824.367s][info][gc,heap     ] GC(90) PSYoungGen: 78208K(82432K)->4595K(80384K) Eden: 77824K(77824K)->0K(75776K) From: 384K(4608K)->4595K(4608K)
[824.367s][info][gc,heap     ] GC(90) ParOldGen: 112035K(175104K)->118588K(175104K)
[824.367s][info][gc,metaspace] GC(90) Metaspace: 5610K(5760K)->5610K(5760K) NonClass: 5100K(5184K)->5100K(5184K) Class: 509K(576K)->509K(576K)
[824.367s][info][gc          ] GC(90) Pause Young (Allocation Failure) 185M->120M(249M) 18.124ms
[824.367s][info][gc,cpu      ] GC(90) User=0.03s Sys=0.01s Real=0.02s
[834.537s][info][gc,start    ] GC(91) Pause Young (Allocation Failure)
[834.546s][info][gc,heap     ] GC(91) PSYoungGen: 80371K(80384K)->64K(79872K) Eden: 75776K(75776K)->0K(74240K) From: 4595K(4608K)->64K(5632K)
[834.546s][info][gc,heap     ] GC(91) ParOldGen: 118588K(175104K)->123100K(175104K)
[834.546s][info][gc,metaspace] GC(91) Metaspace: 5610K(5760K)->5610K(5760K) NonClass: 5100K(5184K)->5100K(5184K) Class: 509K(576K)->509K(576K)
[834.546s][info][gc          ] GC(91) Pause Young (Allocation Failure) 194M->120M(249M) 9.464ms
[834.546s][info][gc,cpu      ] GC(91) User=0.01s Sys=0.00s Real=0.01s
[842.785s][info][gc,start    ] GC(92) Pause Young (Allocation Failure)
[842.787s][info][gc,heap     ] GC(92) PSYoungGen: 74304K(79872K)->384K(74752K) Eden: 74240K(74240K)->0K(74240K) From: 64K(5632K)->384K(512K)
[842.787s][info][gc,heap     ] GC(92) ParOldGen: 123100K(175104K)->123116K(175104K)
[842.787s][info][gc,metaspace] GC(92) Metaspace: 5610K(5760K)->5610K(5760K) NonClass: 5100K(5184K)->5100K(5184K) Class: 509K(576K)->509K(576K)
[842.787s][info][gc          ] GC(92) Pause Young (Allocation Failure) 192M->120M(244M) 1.614ms
[842.787s][info][gc,cpu      ] GC(92) User=0.01s Sys=0.00s Real=0.00s
[851.423s][info][gc,start    ] GC(93) Pause Young (Allocation Failure)
[851.425s][info][gc,heap     ] GC(93) PSYoungGen: 74624K(74752K)->352K(79872K) Eden: 74240K(74240K)->0K(72704K) From: 384K(512K)->352K(7168K)
[851.425s][info][gc,heap     ] GC(93) ParOldGen: 123116K(175104K)->123468K(175104K)
[851.425s][info][gc,metaspace] GC(93) Metaspace: 5610K(5760K)->5610K(5760K) NonClass: 5100K(5184K)->5100K(5184K) Class: 509K(576K)->509K(576K)
[851.425s][info][gc          ] GC(93) Pause Young (Allocation Failure) 193M->120M(249M) 1.948ms
[851.425s][info][gc,cpu      ] GC(93) User=0.00s Sys=0.00s Real=0.00s
[860.230s][info][gc,start    ] GC(94) Pause Young (Allocation Failure)
[860.232s][info][gc,heap     ] GC(94) PSYoungGen: 73056K(79872K)->448K(79872K) Eden: 72704K(72704K)->0K(72704K) From: 352K(7168K)->448K(7168K)
[860.232s][info][gc,heap     ] GC(94) ParOldGen: 123468K(175104K)->123764K(175104K)
[860.232s][info][gc,metaspace] GC(94) Metaspace: 5610K(5760K)->5610K(5760K) NonClass: 5100K(5184K)->5100K(5184K) Class: 509K(576K)->509K(576K)
[860.232s][info][gc          ] GC(94) Pause Young (Allocation Failure) 191M->121M(249M) 2.074ms
[860.232s][info][gc,cpu      ] GC(94) User=0.00s Sys=0.00s Real=0.00s
[868.775s][info][gc,start    ] GC(95) Pause Young (Allocation Failure)
[868.778s][info][gc,heap     ] GC(95) PSYoungGen: 73152K(79872K)->352K(80896K) Eden: 72704K(72704K)->0K(74240K) From: 448K(7168K)->352K(6656K)
[868.778s][info][gc,heap     ] GC(95) ParOldGen: 123764K(175104K)->124076K(175104K)
[868.779s][info][gc,metaspace] GC(95) Metaspace: 5610K(5760K)->5610K(5760K) NonClass: 5100K(5184K)->5100K(5184K) Class: 509K(576K)->509K(576K)
[868.779s][info][gc          ] GC(95) Pause Young (Allocation Failure) 192M->121M(250M) 3.405ms
[868.779s][info][gc,cpu      ] GC(95) User=0.00s Sys=0.00s Real=0.00s
[877.919s][info][gc,start    ] GC(96) Pause Young (Allocation Failure)
[877.921s][info][gc,heap     ] GC(96) PSYoungGen: 74592K(80896K)->384K(80384K) Eden: 74240K(74240K)->0K(74240K) From: 352K(6656K)->384K(6144K)
[877.922s][info][gc,heap     ] GC(96) ParOldGen: 124076K(175104K)->124372K(175104K)
[877.922s][info][gc,metaspace] GC(96) Metaspace: 5610K(5760K)->5610K(5760K) NonClass: 5100K(5184K)->5100K(5184K) Class: 509K(576K)->509K(576K)
[877.922s][info][gc          ] GC(96) Pause Young (Allocation Failure) 194M->121M(249M) 2.520ms
[877.922s][info][gc,cpu      ] GC(96) User=0.00s Sys=0.00s Real=0.00s
[887.155s][info][gc,start    ] GC(97) Pause Young (Allocation Failure)
[887.157s][info][gc,heap     ] GC(97) PSYoungGen: 74624K(80384K)->352K(81408K) Eden: 74240K(74240K)->0K(75264K) From: 384K(6144K)->352K(6144K)
[887.157s][info][gc,heap     ] GC(97) ParOldGen: 124372K(175104K)->124676K(175104K)
[887.157s][info][gc,metaspace] GC(97) Metaspace: 5610K(5760K)->5610K(5760K) NonClass: 5100K(5184K)->5100K(5184K) Class: 509K(576K)->509K(576K)
[887.157s][info][gc          ] GC(97) Pause Young (Allocation Failure) 194M->122M(250M) 2.064ms
[887.157s][info][gc,cpu      ] GC(97) User=0.01s Sys=0.00s Real=0.00s
[895.679s][info][gc,start    ] GC(98) Pause Young (Allocation Failure)
[895.681s][info][gc,heap     ] GC(98) PSYoungGen: 75616K(81408K)->320K(80896K) Eden: 75264K(75264K)->0K(75264K) From: 352K(6144K)->320K(5632K)
[895.681s][info][gc,heap     ] GC(98) ParOldGen: 124676K(175104K)->124988K(175104K)
[895.681s][info][gc,metaspace] GC(98) Metaspace: 5610K(5760K)->5610K(5760K) NonClass: 5100K(5184K)->5100K(5184K) Class: 509K(576K)->509K(576K)
[895.681s][info][gc          ] GC(98) Pause Young (Allocation Failure) 195M->122M(250M) 1.926ms
[895.681s][info][gc,cpu      ] GC(98) User=0.01s Sys=0.00s Real=0.00s
[904.922s][info][gc,start    ] GC(99) Pause Young (Allocation Failure)
[904.925s][info][gc,heap     ] GC(99) PSYoungGen: 75584K(80896K)->320K(81920K) Eden: 75264K(75264K)->0K(76800K) From: 320K(5632K)->320K(5120K)
[904.925s][info][gc,heap     ] GC(99) ParOldGen: 124988K(175104K)->125284K(175104K)
[904.925s][info][gc,metaspace] GC(99) Metaspace: 5610K(5760K)->5610K(5760K) NonClass: 5100K(5184K)->5100K(5184K) Class: 509K(576K)->509K(576K)
[904.925s][info][gc          ] GC(99) Pause Young (Allocation Failure) 195M->122M(251M) 2.772ms
[904.925s][info][gc,cpu      ] GC(99) User=0.00s Sys=0.00s Real=0.00s
[913.284s][info][gc,start    ] GC(100) Pause Young (Allocation Failure)
[913.286s][info][gc,heap     ] GC(100) PSYoungGen: 77120K(81920K)->384K(81920K) Eden: 76800K(76800K)->0K(76800K) From: 320K(5120K)->384K(5120K)
[913.286s][info][gc,heap     ] GC(100) ParOldGen: 125284K(175104K)->125580K(175104K)
[913.286s][info][gc,metaspace] GC(100) Metaspace: 5610K(5760K)->5610K(5760K) NonClass: 5100K(5184K)->5100K(5184K) Class: 509K(576K)->509K(576K)
[913.286s][info][gc          ] GC(100) Pause Young (Allocation Failure) 197M->123M(251M) 2.017ms
[913.287s][info][gc,cpu      ] GC(100) User=0.00s Sys=0.00s Real=0.00s
[921.590s][info][gc,start    ] GC(101) Pause Young (Allocation Failure)
[921.592s][info][gc,heap     ] GC(101) PSYoungGen: 77184K(81920K)->320K(82432K) Eden: 76800K(76800K)->0K(77824K) From: 384K(5120K)->320K(4608K)
[921.592s][info][gc,heap     ] GC(101) ParOldGen: 125580K(175104K)->125892K(175104K)
[921.592s][info][gc,metaspace] GC(101) Metaspace: 5610K(5760K)->5610K(5760K) NonClass: 5100K(5184K)->5100K(5184K) Class: 509K(576K)->509K(576K)
[921.592s][info][gc          ] GC(101) Pause Young (Allocation Failure) 198M->123M(251M) 1.930ms
[921.592s][info][gc,cpu      ] GC(101) User=0.00s Sys=0.00s Real=0.00s
[933.625s][info][gc,start    ] GC(102) Pause Young (Allocation Failure)
[933.645s][info][gc,heap     ] GC(102) PSYoungGen: 78144K(82432K)->4596K(80384K) Eden: 77824K(77824K)->0K(75776K) From: 320K(4608K)->4596K(4608K)
[933.645s][info][gc,heap     ] GC(102) ParOldGen: 125892K(175104K)->132360K(175104K)
[933.645s][info][gc,metaspace] GC(102) Metaspace: 5616K(5760K)->5616K(5760K) NonClass: 5106K(5184K)->5106K(5184K) Class: 509K(576K)->509K(576K)
[933.645s][info][gc          ] GC(102) Pause Young (Allocation Failure) 199M->133M(249M) 19.604ms
[933.645s][info][gc,cpu      ] GC(102) User=0.03s Sys=0.01s Real=0.02s
[943.924s][info][gc,start    ] GC(103) Pause Young (Allocation Failure)
[943.935s][info][gc,heap     ] GC(103) PSYoungGen: 80372K(80384K)->544K(80384K) Eden: 75776K(75776K)->0K(74240K) From: 4596K(4608K)->544K(6144K)
[943.935s][info][gc,heap     ] GC(103) ParOldGen: 132360K(175104K)->136888K(175104K)
[943.935s][info][gc,metaspace] GC(103) Metaspace: 5616K(5760K)->5616K(5760K) NonClass: 5106K(5184K)->5106K(5184K) Class: 509K(576K)->509K(576K)
[943.935s][info][gc          ] GC(103) Pause Young (Allocation Failure) 207M->134M(249M) 10.659ms
[943.935s][info][gc,cpu      ] GC(103) User=0.01s Sys=0.00s Real=0.01s
[952.224s][info][gc,start    ] GC(104) Pause Young (Allocation Failure)
[952.227s][info][gc,heap     ] GC(104) PSYoungGen: 74784K(80384K)->384K(74752K) Eden: 74240K(74240K)->0K(74240K) From: 544K(6144K)->384K(512K)
[952.227s][info][gc,heap     ] GC(104) ParOldGen: 136888K(175104K)->137400K(175104K)
[952.227s][info][gc,metaspace] GC(104) Metaspace: 5616K(5760K)->5616K(5760K) NonClass: 5106K(5184K)->5106K(5184K) Class: 509K(576K)->509K(576K)
[952.227s][info][gc          ] GC(104) Pause Young (Allocation Failure) 206M->134M(244M) 2.778ms
[952.227s][info][gc,cpu      ] GC(104) User=0.01s Sys=0.00s Real=0.00s
[960.775s][info][gc,start    ] GC(105) Pause Young (Allocation Failure)
[960.778s][info][gc,heap     ] GC(105) PSYoungGen: 74624K(74752K)->352K(80384K) Eden: 74240K(74240K)->0K(73216K) From: 384K(512K)->352K(7168K)
[960.778s][info][gc,heap     ] GC(105) ParOldGen: 137400K(175104K)->137736K(175104K)
[960.778s][info][gc,metaspace] GC(105) Metaspace: 5616K(5760K)->5616K(5760K) NonClass: 5106K(5184K)->5106K(5184K) Class: 509K(576K)->509K(576K)
[960.778s][info][gc          ] GC(105) Pause Young (Allocation Failure) 207M->134M(249M) 2.437ms
[960.778s][info][gc,cpu      ] GC(105) User=0.00s Sys=0.00s Real=0.00s
[969.318s][info][gc,start    ] GC(106) Pause Young (Allocation Failure)
[969.320s][info][gc,heap     ] GC(106) PSYoungGen: 73568K(80384K)->352K(79872K) Eden: 73216K(73216K)->0K(73216K) From: 352K(7168K)->352K(6656K)
[969.320s][info][gc,heap     ] GC(106) ParOldGen: 137736K(175104K)->138040K(175104K)
[969.320s][info][gc,metaspace] GC(106) Metaspace: 5616K(5760K)->5616K(5760K) NonClass: 5106K(5184K)->5106K(5184K) Class: 509K(576K)->509K(576K)
[969.320s][info][gc          ] GC(106) Pause Young (Allocation Failure) 206M->135M(249M) 2.018ms
[969.320s][info][gc,cpu      ] GC(106) User=0.00s Sys=0.00s Real=0.00s
[978.088s][info][gc,start    ] GC(107) Pause Young (Allocation Failure)
[978.090s][info][gc,heap     ] GC(107) PSYoungGen: 73568K(79872K)->320K(80896K) Eden: 73216K(73216K)->0K(74240K) From: 352K(6656K)->320K(6656K)
[978.090s][info][gc,heap     ] GC(107) ParOldGen: 138040K(175104K)->138344K(175104K)
[978.090s][info][gc,metaspace] GC(107) Metaspace: 5616K(5760K)->5616K(5760K) NonClass: 5106K(5184K)->5106K(5184K) Class: 509K(576K)->509K(576K)
[978.090s][info][gc          ] GC(107) Pause Young (Allocation Failure) 206M->135M(250M) 2.125ms
[978.090s][info][gc,cpu      ] GC(107) User=0.01s Sys=0.00s Real=0.00s
[986.508s][info][gc,start    ] GC(108) Pause Young (Allocation Failure)
[986.510s][info][gc,heap     ] GC(108) PSYoungGen: 74560K(80896K)->384K(80384K) Eden: 74240K(74240K)->0K(74240K) From: 320K(6656K)->384K(6144K)
[986.510s][info][gc,heap     ] GC(108) ParOldGen: 138344K(175104K)->138624K(175104K)
[986.510s][info][gc,metaspace] GC(108) Metaspace: 5616K(5760K)->5616K(5760K) NonClass: 5106K(5184K)->5106K(5184K) Class: 509K(576K)->509K(576K)
[986.510s][info][gc          ] GC(108) Pause Young (Allocation Failure) 207M->135M(249M) 2.053ms
[986.510s][info][gc,cpu      ] GC(108) User=0.00s Sys=0.00s Real=0.00s
[995.187s][info][gc,start    ] GC(109) Pause Young (Allocation Failure)
[995.189s][info][gc,heap     ] GC(109) PSYoungGen: 74624K(80384K)->352K(81408K) Eden: 74240K(74240K)->0K(75264K) From: 384K(6144K)->352K(6144K)
[995.189s][info][gc,heap     ] GC(109) ParOldGen: 138624K(175104K)->138952K(175104K)
[995.189s][info][gc,metaspace] GC(109) Metaspace: 5616K(5760K)->5616K(5760K) NonClass: 5106K(5184K)->5106K(5184K) Class: 509K(576K)->509K(576K)
[995.189s][info][gc          ] GC(109) Pause Young (Allocation Failure) 208M->136M(250M) 2.220ms
[995.189s][info][gc,cpu      ] GC(109) User=0.00s Sys=0.00s Real=0.00s
[1003.799s][info][gc,start    ] GC(110) Pause Young (Allocation Failure)
[1003.801s][info][gc,heap     ] GC(110) PSYoungGen: 75616K(81408K)->320K(80896K) Eden: 75264K(75264K)->0K(75264K) From: 352K(6144K)->320K(5632K)
[1003.801s][info][gc,heap     ] GC(110) ParOldGen: 138952K(175104K)->139240K(175104K)
[1003.801s][info][gc,metaspace] GC(110) Metaspace: 5616K(5760K)->5616K(5760K) NonClass: 5106K(5184K)->5106K(5184K) Class: 509K(576K)->509K(576K)
[1003.801s][info][gc          ] GC(110) Pause Young (Allocation Failure) 209M->136M(250M) 2.038ms
[1003.801s][info][gc,cpu      ] GC(110) User=0.01s Sys=0.00s Real=0.00s
[1012.194s][info][gc,start    ] GC(111) Pause Young (Allocation Failure)
[1012.196s][info][gc,heap     ] GC(111) PSYoungGen: 75584K(80896K)->320K(81920K) Eden: 75264K(75264K)->0K(76800K) From: 320K(5632K)->320K(5120K)
[1012.196s][info][gc,heap     ] GC(111) ParOldGen: 139240K(175104K)->139544K(175104K)
[1012.196s][info][gc,metaspace] GC(111) Metaspace: 5616K(5760K)->5616K(5760K) NonClass: 5106K(5184K)->5106K(5184K) Class: 509K(576K)->509K(576K)
[1012.196s][info][gc          ] GC(111) Pause Young (Allocation Failure) 209M->136M(251M) 1.902ms
[1012.196s][info][gc,cpu      ] GC(111) User=0.00s Sys=0.00s Real=0.00s
[1021.090s][info][gc,start    ] GC(112) Pause Young (Allocation Failure)
[1021.092s][info][gc,heap     ] GC(112) PSYoungGen: 77120K(81920K)->352K(81920K) Eden: 76800K(76800K)->0K(76800K) From: 320K(5120K)->352K(5120K)
[1021.092s][info][gc,heap     ] GC(112) ParOldGen: 139544K(175104K)->139832K(175104K)
[1021.092s][info][gc,metaspace] GC(112) Metaspace: 5616K(5760K)->5616K(5760K) NonClass: 5106K(5184K)->5106K(5184K) Class: 509K(576K)->509K(576K)
[1021.092s][info][gc          ] GC(112) Pause Young (Allocation Failure) 211M->136M(251M) 1.818ms
[1021.092s][info][gc,cpu      ] GC(112) User=0.00s Sys=0.00s Real=0.00s
[1028.697s][info][gc,start    ] GC(113) Pause Young (Allocation Failure)
[1028.705s][info][gc,heap     ] GC(113) PSYoungGen: 77152K(81920K)->4592K(79360K) Eden: 76800K(76800K)->0K(74752K) From: 352K(5120K)->4592K(4608K)
[1028.705s][info][gc,heap     ] GC(113) ParOldGen: 139832K(175104K)->141025K(175104K)
[1028.705s][info][gc,metaspace] GC(113) Metaspace: 5619K(5760K)->5619K(5760K) NonClass: 5109K(5184K)->5109K(5184K) Class: 509K(576K)->509K(576K)
[1028.705s][info][gc          ] GC(113) Pause Young (Allocation Failure) 211M->142M(248M) 8.090ms
[1028.705s][info][gc,cpu      ] GC(113) User=0.02s Sys=0.00s Real=0.01s
[1041.820s][info][gc,start    ] GC(114) Pause Young (Allocation Failure)
[1041.842s][info][gc,heap     ] GC(114) PSYoungGen: 79344K(79360K)->6117K(79360K) Eden: 74752K(74752K)->0K(73216K) From: 4592K(4608K)->6117K(6144K)
[1041.842s][info][gc,heap     ] GC(114) ParOldGen: 141025K(175104K)->146294K(175104K)
[1041.842s][info][gc,metaspace] GC(114) Metaspace: 5619K(5760K)->5619K(5760K) NonClass: 5109K(5184K)->5109K(5184K) Class: 509K(576K)->509K(576K)
[1041.842s][info][gc          ] GC(114) Pause Young (Allocation Failure) 215M->148M(248M) 21.939ms
[1041.842s][info][gc,cpu      ] GC(114) User=0.04s Sys=0.01s Real=0.03s
[1051.564s][info][gc,start    ] GC(115) Pause Young (Allocation Failure)
[1051.575s][info][gc,heap     ] GC(115) PSYoungGen: 79333K(79360K)->512K(79360K) Eden: 73216K(73216K)->0K(71680K) From: 6117K(6144K)->512K(7680K)
[1051.575s][info][gc,heap     ] GC(115) ParOldGen: 146294K(175104K)->152242K(175104K)
[1051.575s][info][gc,metaspace] GC(115) Metaspace: 5619K(5760K)->5619K(5760K) NonClass: 5109K(5184K)->5109K(5184K) Class: 509K(576K)->509K(576K)
[1051.575s][info][gc          ] GC(115) Pause Young (Allocation Failure) 220M->149M(248M) 10.790ms
[1051.575s][info][gc,cpu      ] GC(115) User=0.02s Sys=0.00s Real=0.01s
[1059.393s][info][gc,start    ] GC(116) Pause Young (Allocation Failure)
[1059.395s][info][gc,heap     ] GC(116) PSYoungGen: 72192K(79360K)->352K(70656K) Eden: 71680K(71680K)->0K(70144K) From: 512K(7680K)->352K(512K)
[1059.395s][info][gc,heap     ] GC(116) ParOldGen: 152242K(175104K)->152706K(175104K)
[1059.395s][info][gc,metaspace] GC(116) Metaspace: 5619K(5760K)->5619K(5760K) NonClass: 5109K(5184K)->5109K(5184K) Class: 509K(576K)->509K(576K)
[1059.395s][info][gc          ] GC(116) Pause Young (Allocation Failure) 219M->149M(240M) 2.040ms
[1059.395s][info][gc,cpu      ] GC(116) User=0.00s Sys=0.00s Real=0.00s
[1067.359s][info][gc,start    ] GC(117) Pause Young (Allocation Failure)
[1067.361s][info][gc,heap     ] GC(117) PSYoungGen: 70496K(70656K)->352K(78848K) Eden: 70144K(70144K)->0K(70656K) From: 352K(512K)->352K(8192K)
[1067.361s][info][gc,heap     ] GC(117) ParOldGen: 152706K(175104K)->153026K(175104K)
[1067.361s][info][gc,metaspace] GC(117) Metaspace: 5619K(5760K)->5619K(5760K) NonClass: 5109K(5184K)->5109K(5184K) Class: 509K(576K)->509K(576K)
[1067.361s][info][gc          ] GC(117) Pause Young (Allocation Failure) 217M->149M(248M) 1.999ms
[1067.361s][info][gc,cpu      ] GC(117) User=0.01s Sys=0.00s Real=0.00s
[1075.985s][info][gc,start    ] GC(118) Pause Young (Allocation Failure)
[1075.987s][info][gc,heap     ] GC(118) PSYoungGen: 71008K(78848K)->352K(78848K) Eden: 70656K(70656K)->0K(70656K) From: 352K(8192K)->352K(8192K)
[1075.987s][info][gc,heap     ] GC(118) ParOldGen: 153026K(175104K)->153306K(175104K)
[1075.987s][info][gc,metaspace] GC(118) Metaspace: 5619K(5760K)->5619K(5760K) NonClass: 5109K(5184K)->5109K(5184K) Class: 509K(576K)->509K(576K)
[1075.987s][info][gc          ] GC(118) Pause Young (Allocation Failure) 218M->150M(248M) 2.077ms
[1075.987s][info][gc,cpu      ] GC(118) User=0.01s Sys=0.00s Real=0.00s
[1084.524s][info][gc,start    ] GC(119) Pause Young (Allocation Failure)
[1084.526s][info][gc,heap     ] GC(119) PSYoungGen: 71007K(78848K)->352K(79360K) Eden: 70655K(70656K)->0K(71168K) From: 352K(8192K)->352K(8192K)
[1084.526s][info][gc,heap     ] GC(119) ParOldGen: 153306K(175104K)->153594K(175104K)
[1084.526s][info][gc,metaspace] GC(119) Metaspace: 5619K(5760K)->5619K(5760K) NonClass: 5109K(5184K)->5109K(5184K) Class: 509K(576K)->509K(576K)
[1084.526s][info][gc          ] GC(119) Pause Young (Allocation Failure) 219M->150M(248M) 1.902ms
[1084.526s][info][gc,cpu      ] GC(119) User=0.01s Sys=0.00s Real=0.00s
[1093.050s][info][gc,start    ] GC(120) Pause Young (Allocation Failure)
[1093.052s][info][gc,heap     ] GC(120) PSYoungGen: 71520K(79360K)->320K(78848K) Eden: 71168K(71168K)->0K(71168K) From: 352K(8192K)->320K(7680K)
[1093.052s][info][gc,heap     ] GC(120) ParOldGen: 153594K(175104K)->153882K(175104K)
[1093.052s][info][gc,metaspace] GC(120) Metaspace: 5619K(5760K)->5619K(5760K) NonClass: 5109K(5184K)->5109K(5184K) Class: 509K(576K)->509K(576K)
[1093.052s][info][gc          ] GC(120) Pause Young (Allocation Failure) 219M->150M(248M) 1.879ms
[1093.052s][info][gc,cpu      ] GC(120) User=0.00s Sys=0.00s Real=0.00s
[1101.584s][info][gc,start    ] GC(121) Pause Young (Allocation Failure)
[1101.585s][info][gc,heap     ] GC(121) PSYoungGen: 71488K(78848K)->320K(80384K) Eden: 71168K(71168K)->0K(73216K) From: 320K(7680K)->320K(7168K)
[1101.585s][info][gc,heap     ] GC(121) ParOldGen: 153882K(175104K)->154186K(175104K)
[1101.585s][info][gc,metaspace] GC(121) Metaspace: 5619K(5760K)->5619K(5760K) NonClass: 5109K(5184K)->5109K(5184K) Class: 509K(576K)->509K(576K)
[1101.585s][info][gc          ] GC(121) Pause Young (Allocation Failure) 220M->150M(249M) 1.896ms
[1101.585s][info][gc,cpu      ] GC(121) User=0.01s Sys=0.00s Real=0.00s
[1110.544s][info][gc,start    ] GC(122) Pause Young (Allocation Failure)
[1110.546s][info][gc,heap     ] GC(122) PSYoungGen: 73536K(80384K)->320K(79872K) Eden: 73216K(73216K)->0K(73216K) From: 320K(7168K)->320K(6656K)
[1110.546s][info][gc,heap     ] GC(122) ParOldGen: 154186K(175104K)->154474K(175104K)
[1110.546s][info][gc,metaspace] GC(122) Metaspace: 5619K(5760K)->5619K(5760K) NonClass: 5109K(5184K)->5109K(5184K) Class: 509K(576K)->509K(576K)
[1110.546s][info][gc          ] GC(122) Pause Young (Allocation Failure) 222M->151M(249M) 2.185ms
[1110.546s][info][gc,cpu      ] GC(122) User=0.00s Sys=0.00s Real=0.00s
[1119.075s][info][gc,start    ] GC(123) Pause Young (Allocation Failure)
[1119.076s][info][gc,heap     ] GC(123) PSYoungGen: 73536K(79872K)->352K(80896K) Eden: 73216K(73216K)->0K(74240K) From: 320K(6656K)->352K(6656K)
[1119.076s][info][gc,heap     ] GC(123) ParOldGen: 154474K(175104K)->154754K(175104K)
[1119.076s][info][gc,metaspace] GC(123) Metaspace: 5619K(5760K)->5619K(5760K) NonClass: 5109K(5184K)->5109K(5184K) Class: 509K(576K)->509K(576K)
[1119.076s][info][gc          ] GC(123) Pause Young (Allocation Failure) 222M->151M(250M) 1.898ms
[1119.076s][info][gc,cpu      ] GC(123) User=0.00s Sys=0.00s Real=0.00s
[1127.833s][info][gc,start    ] GC(124) Pause Young (Allocation Failure)
[1127.835s][info][gc,heap     ] GC(124) PSYoungGen: 74592K(80896K)->320K(80384K) Eden: 74240K(74240K)->0K(74240K) From: 352K(6656K)->320K(6144K)
[1127.835s][info][gc,heap     ] GC(124) ParOldGen: 154754K(175104K)->155066K(175104K)
[1127.835s][info][gc,metaspace] GC(124) Metaspace: 5619K(5760K)->5619K(5760K) NonClass: 5109K(5184K)->5109K(5184K) Class: 509K(576K)->509K(576K)
[1127.835s][info][gc          ] GC(124) Pause Young (Allocation Failure) 223M->151M(249M) 1.927ms
[1127.835s][info][gc,cpu      ] GC(124) User=0.01s Sys=0.00s Real=0.00s
[1136.305s][info][gc,start    ] GC(125) Pause Young (Allocation Failure)
[1136.307s][info][gc,heap     ] GC(125) PSYoungGen: 74560K(80384K)->320K(81408K) Eden: 74240K(74240K)->0K(75776K) From: 320K(6144K)->320K(5632K)
[1136.307s][info][gc,heap     ] GC(125) ParOldGen: 155066K(175104K)->155370K(175104K)
[1136.307s][info][gc,metaspace] GC(125) Metaspace: 5619K(5760K)->5619K(5760K) NonClass: 5109K(5184K)->5109K(5184K) Class: 509K(576K)->509K(576K)
[1136.307s][info][gc          ] GC(125) Pause Young (Allocation Failure) 224M->152M(250M) 1.908ms
[1136.307s][info][gc,cpu      ] GC(125) User=0.00s Sys=0.00s Real=0.00s
[1138.017s][info][gc,heap,exit] Heap
[1138.017s][info][gc,heap,exit]  PSYoungGen      total 81408K, used 15244K [0x00000000eba00000, 0x00000000f0f00000, 0x0000000100000000)
[1138.017s][info][gc,heap,exit]   eden space 75776K, 19% used [0x00000000eba00000,0x00000000ec893030,0x00000000f0400000)
[1138.017s][info][gc,heap,exit]   from space 5632K, 5% used [0x00000000f0980000,0x00000000f09d0000,0x00000000f0f00000)
[1138.017s][info][gc,heap,exit]   to   space 5632K, 0% used [0x00000000f0400000,0x00000000f0400000,0x00000000f0980000)
[1138.017s][info][gc,heap,exit]  ParOldGen       total 175104K, used 155370K [0x00000000c2e00000, 0x00000000cd900000, 0x00000000eba00000)
[1138.017s][info][gc,heap,exit]   object space 175104K, 88% used [0x00000000c2e00000,0x00000000cc5ba9a8,0x00000000cd900000)
[1138.017s][info][gc,heap,exit]  Metaspace       used 5699K, committed 5888K, reserved 1114112K
[1138.017s][info][gc,heap,exit]   class space    used 517K, committed 576K, reserved 1048576K
