[0.002s][info][metaspace]  - commit_granule_bytes: 65536.
[0.002s][info][metaspace]  - commit_granule_words: 8192.
[0.002s][info][metaspace]  - virtual_space_node_default_size: 8388608.
[0.002s][info][metaspace]  - enlarge_chunks_in_place: 1.
[0.004s][info][gc,init  ] CardTable entry size: 512
[0.004s][info][gc       ] Using Parallel
[0.005s][info][gc,init  ] Version: 24-internal-adhoc.root.jdk (release)
[0.005s][info][gc,init  ] CPUs: 2 total, 2 available
[0.005s][info][gc,init  ] Memory: 3908M
[0.005s][info][gc,init  ] Large Page Support: Disabled
[0.005s][info][gc,init  ] NUMA Support: Disabled
[0.005s][info][gc,init  ] Compressed Oops: Enabled (32-bit)
[0.005s][info][gc,init  ] Alignments: Space 512K, Generation 512K, Heap 2M
[0.005s][info][gc,init  ] Heap Min Capacity: 256M
[0.005s][info][gc,init  ] Heap Initial Capacity: 256M
[0.005s][info][gc,init  ] Heap Max Capacity: 978M
[0.005s][info][gc,init  ] Pre-touch: Disabled
[0.005s][info][gc,init  ] Parallel Workers: 2
[0.018s][info][gc,metaspace] CDS archive(s) mapped at: [0x00007fbfbe000000-0x00007fbfbedc0000-0x00007fbfbedc0000), size 14417920, SharedBaseAddress: 0x00007fbfbe000000, ArchiveRelocationMode: 1.
[0.018s][info][gc,metaspace] Compressed class space mapped at: 0x00007fbfbf000000-0x00007fbfff000000, reserved size: 1073741824
[0.018s][info][gc,metaspace] UseCompressedClassPointers 1, UseCompactObjectHeaders 0
[0.018s][info][gc,metaspace] Narrow klass pointer bits 32, Max shift 3
[0.018s][info][gc,metaspace] Narrow klass base: 0x00007fbfbe000000, Narrow klass shift: 0
[0.018s][info][gc,metaspace] Encoding Range: [0x00007fbfbe000000 - 0x00007fc0be000000), (4294967296 bytes)
[0.018s][info][gc,metaspace] Klass Range:    [0x00007fbfbe000000 - 0x00007fbfff000000), (1090519040 bytes)
[0.018s][info][gc,metaspace] Klass ID Range:  [8 - 1090519033) (1090519025)
[1.757s][info][gc,start    ] GC(0) Pause Young (Allocation Failure)
[1.809s][info][gc,heap     ] GC(0) PSYoungGen: 65536K(76288K)->10721K(76288K) Eden: 65536K(65536K)->0K(65536K) From: 0K(10752K)->10721K(10752K)
[1.809s][info][gc,heap     ] GC(0) ParOldGen: 1157K(175104K)->36704K(175104K)
[1.809s][info][gc,metaspace] GC(0) Metaspace: 6935K(7168K)->6935K(7168K) NonClass: 6358K(6464K)->6358K(6464K) Class: 576K(704K)->576K(704K)
[1.809s][info][gc          ] GC(0) Pause Young (Allocation Failure) 65M->46M(245M) 52.046ms
[1.809s][info][gc,cpu      ] GC(0) User=0.06s Sys=0.04s Real=0.05s
[2.055s][info][gc,start    ] GC(1) Pause Young (Allocation Failure)
[2.130s][info][gc,heap     ] GC(1) PSYoungGen: 76257K(76288K)->10724K(141824K) Eden: 65536K(65536K)->0K(131072K) From: 10721K(10752K)->10724K(10752K)
[2.130s][info][gc,heap     ] GC(1) ParOldGen: 36704K(175104K)->78211K(175104K)
[2.130s][info][gc,metaspace] GC(1) Metaspace: 9072K(9280K)->9072K(9280K) NonClass: 8281K(8384K)->8281K(8384K) Class: 790K(896K)->790K(896K)
[2.130s][info][gc          ] GC(1) Pause Young (Allocation Failure) 110M->86M(309M) 74.832ms
[2.130s][info][gc,cpu      ] GC(1) User=0.12s Sys=0.03s Real=0.07s
[2.377s][info][gc,start    ] GC(2) Pause Young (Allocation Failure)
[2.517s][info][gc,heap     ] GC(2) PSYoungGen: 141796K(141824K)->10726K(141824K) Eden: 131072K(131072K)->0K(131072K) From: 10724K(10752K)->10726K(10752K)
[2.517s][info][gc,heap     ] GC(2) ParOldGen: 78211K(175104K)->173577K(175104K)
[2.517s][info][gc,metaspace] GC(2) Metaspace: 9088K(9280K)->9088K(9280K) NonClass: 8295K(8384K)->8295K(8384K) Class: 793K(896K)->793K(896K)
[2.517s][info][gc          ] GC(2) Pause Young (Allocation Failure) 214M->179M(309M) 139.618ms
[2.517s][info][gc,cpu      ] GC(2) User=0.20s Sys=0.08s Real=0.14s
[2.661s][info][gc,start    ] GC(3) Pause Young (Allocation Failure)
[2.803s][info][gc,heap     ] GC(3) PSYoungGen: 141798K(141824K)->10727K(272896K) Eden: 131072K(131072K)->0K(262144K) From: 10726K(10752K)->10727K(10752K)
[2.803s][info][gc,heap     ] GC(3) ParOldGen: 173577K(175104K)->263418K(263680K)
[2.803s][info][gc,metaspace] GC(3) Metaspace: 9091K(9280K)->9091K(9280K) NonClass: 8297K(8384K)->8297K(8384K) Class: 793K(896K)->793K(896K)
[2.803s][info][gc          ] GC(3) Pause Young (Allocation Failure) 307M->267M(524M) 142.877ms
[2.804s][info][gc,cpu      ] GC(3) User=0.20s Sys=0.08s Real=0.14s
[3.864s][info][gc,start    ] GC(4) Pause Young (Allocation Failure)
[4.037s][info][gc,heap     ] GC(4) PSYoungGen: 272871K(272896K)->10745K(272896K) Eden: 262144K(262144K)->0K(262144K) From: 10727K(10752K)->10745K(10752K)
[4.037s][info][gc,heap     ] GC(4) ParOldGen: 263418K(263680K)->369814K(370176K)
[4.037s][info][gc,metaspace] GC(4) Metaspace: 12257K(12416K)->12257K(12416K) NonClass: 11249K(11328K)->11249K(11328K) Class: 1008K(1088K)->1008K(1088K)
[4.037s][info][gc          ] GC(4) Pause Young (Allocation Failure) 523M->371M(628M) 173.365ms
[4.037s][info][gc,cpu      ] GC(4) User=0.27s Sys=0.07s Real=0.17s
[5.446s][info][gc,start    ] GC(5) Pause Young (Allocation Failure)
[5.605s][info][gc,heap     ] GC(5) PSYoungGen: 272889K(272896K)->60926K(172544K) Eden: 262144K(262144K)->0K(111616K) From: 10745K(10752K)->60926K(60928K)
[5.605s][info][gc,heap     ] GC(5) ParOldGen: 369814K(370176K)->437090K(437248K)
[5.605s][info][gc,metaspace] GC(5) Metaspace: 15462K(15744K)->15462K(15744K) NonClass: 14232K(14400K)->14232K(14400K) Class: 1230K(1344K)->1230K(1344K)
[5.605s][info][gc          ] GC(5) Pause Young (Allocation Failure) 627M->486M(595M) 159.051ms
[5.605s][info][gc,cpu      ] GC(5) User=0.23s Sys=0.09s Real=0.16s
[5.928s][info][gc,start    ] GC(6) Pause Young (Allocation Failure)
[6.116s][info][gc,heap     ] GC(6) PSYoungGen: 172542K(172544K)->76355K(222720K) Eden: 111616K(111616K)->0K(111616K) From: 60926K(60928K)->76355K(111104K)
[6.116s][info][gc,heap     ] GC(6) ParOldGen: 437090K(437248K)->441217K(441344K)
[6.116s][info][gc,metaspace] GC(6) Metaspace: 15487K(15744K)->15487K(15744K) NonClass: 14256K(14400K)->14256K(14400K) Class: 1231K(1344K)->1231K(1344K)
[6.116s][info][gc          ] GC(6) Pause Young (Allocation Failure) 595M->505M(648M) 188.238ms
[6.116s][info][gc,cpu      ] GC(6) User=0.36s Sys=0.01s Real=0.19s
[9.124s][info][gc,start    ] GC(7) Pause Young (Allocation Failure)
[9.257s][info][gc,heap     ] GC(7) PSYoungGen: 187971K(222720K)->92227K(222720K) Eden: 111616K(111616K)->0K(111616K) From: 76355K(111104K)->92227K(111104K)
[9.258s][info][gc,heap     ] GC(7) ParOldGen: 441217K(441344K)->527257K(528384K)
[9.258s][info][gc,metaspace] GC(7) Metaspace: 16474K(16704K)->16474K(16704K) NonClass: 15162K(15296K)->15162K(15296K) Class: 1311K(1408K)->1311K(1408K)
[9.258s][info][gc          ] GC(7) Pause Young (Allocation Failure) 614M->604M(733M) 133.600ms
[9.258s][info][gc,cpu      ] GC(7) User=0.21s Sys=0.05s Real=0.13s
[13.699s][info][gc,start    ] GC(8) Pause Young (Allocation Failure)
[13.767s][info][gc,heap     ] GC(8) PSYoungGen: 203843K(222720K)->71478K(222720K) Eden: 111616K(111616K)->0K(111616K) From: 92227K(111104K)->71478K(111104K)
[13.767s][info][gc,heap     ] GC(8) ParOldGen: 527257K(528384K)->584483K(584704K)
[13.767s][info][gc,metaspace] GC(8) Metaspace: 16760K(17024K)->16760K(17024K) NonClass: 15426K(15616K)->15426K(15616K) Class: 1333K(1408K)->1333K(1408K)
[13.767s][info][gc          ] GC(8) Pause Young (Allocation Failure) 713M->640M(788M) 68.530ms
[13.767s][info][gc,cpu      ] GC(8) User=0.10s Sys=0.04s Real=0.07s
[14.129s][info][gc,start    ] GC(9) Pause Full (Allocation Failure)
[14.129s][info][gc,phases,start] GC(9) Marking Phase
[14.377s][info][gc,phases      ] GC(9) Marking Phase 247.882ms
[14.377s][info][gc,phases,start] GC(9) Summary Phase
[14.377s][info][gc,phases      ] GC(9) Summary Phase 0.023ms
[14.377s][info][gc,phases,start] GC(9) Forward
[14.453s][info][gc,phases      ] GC(9) Forward 76.400ms
[14.453s][info][gc,phases,start] GC(9) Adjust Pointers
[14.602s][info][gc,phases      ] GC(9) Adjust Pointers 149.218ms
[14.602s][info][gc,phases,start] GC(9) Compaction Phase
[14.737s][info][gc,phases      ] GC(9) Compaction Phase 134.685ms
[14.738s][info][gc,phases,start] GC(9) Post Compact
[14.743s][info][gc,phases      ] GC(9) Post Compact 5.291ms
[14.743s][info][gc,heap        ] GC(9) PSYoungGen: 183094K(222720K)->72897K(222720K) Eden: 111616K(111616K)->72897K(111616K) From: 71478K(111104K)->0K(111104K)
[14.743s][info][gc,heap        ] GC(9) ParOldGen: 584483K(584704K)->584268K(667648K)
[14.743s][info][gc,metaspace   ] GC(9) Metaspace: 16763K(17024K)->16763K(17024K) NonClass: 15429K(15616K)->15429K(15616K) Class: 1333K(1408K)->1333K(1408K)
[14.743s][info][gc             ] GC(9) Pause Full (Allocation Failure) 749M->641M(869M) 614.580ms
[14.743s][info][gc,cpu         ] GC(9) User=1.14s Sys=0.02s Real=0.61s
[15.005s][info][gc,start       ] GC(10) Pause Full (Allocation Failure)
[15.005s][info][gc,phases,start] GC(10) Marking Phase
[15.251s][info][gc,phases      ] GC(10) Marking Phase 246.317ms
[15.252s][info][gc,phases,start] GC(10) Summary Phase
[15.252s][info][gc,phases      ] GC(10) Summary Phase 0.023ms
[15.252s][info][gc,phases,start] GC(10) Forward
[15.317s][info][gc,phases      ] GC(10) Forward 65.358ms
[15.317s][info][gc,phases,start] GC(10) Adjust Pointers
[15.470s][info][gc,phases      ] GC(10) Adjust Pointers 153.471ms
[15.471s][info][gc,phases,start] GC(10) Compaction Phase
[15.605s][info][gc,phases      ] GC(10) Compaction Phase 133.960ms
[15.605s][info][gc,phases,start] GC(10) Post Compact
[15.607s][info][gc,phases      ] GC(10) Post Compact 2.308ms
[15.607s][info][gc,heap        ] GC(10) PSYoungGen: 111616K(222720K)->14944K(222720K) Eden: 111616K(111616K)->14944K(111616K) From: 0K(111104K)->0K(111104K)
[15.607s][info][gc,heap        ] GC(10) ParOldGen: 584268K(667648K)->667408K(667648K)
[15.607s][info][gc,metaspace   ] GC(10) Metaspace: 16866K(17152K)->16866K(17152K) NonClass: 15531K(15744K)->15531K(15744K) Class: 1335K(1408K)->1335K(1408K)
[15.607s][info][gc             ] GC(10) Pause Full (Allocation Failure) 679M->666M(869M) 602.204ms
[15.607s][info][gc,cpu         ] GC(10) User=1.12s Sys=0.04s Real=0.60s
[15.877s][info][gc,start       ] GC(11) Pause Full (Allocation Failure)
[15.877s][info][gc,phases,start] GC(11) Marking Phase
[16.147s][info][gc,phases      ] GC(11) Marking Phase 270.390ms
[16.148s][info][gc,phases,start] GC(11) Summary Phase
[16.148s][info][gc,phases      ] GC(11) Summary Phase 0.021ms
[16.148s][info][gc,phases,start] GC(11) Forward
[16.159s][info][gc,phases      ] GC(11) Forward 11.572ms
[16.159s][info][gc,phases,start] GC(11) Adjust Pointers
[16.306s][info][gc,phases      ] GC(11) Adjust Pointers 146.678ms
[16.306s][info][gc,phases,start] GC(11) Compaction Phase
[16.380s][info][gc,phases      ] GC(11) Compaction Phase 73.634ms
[16.380s][info][gc,phases,start] GC(11) Post Compact
[16.382s][info][gc,phases      ] GC(11) Post Compact 2.211ms
[16.382s][info][gc,heap        ] GC(11) PSYoungGen: 111616K(222720K)->35379K(222720K) Eden: 111616K(111616K)->35379K(111616K) From: 0K(111104K)->0K(111104K)
[16.382s][info][gc,heap        ] GC(11) ParOldGen: 667408K(667648K)->667408K(667648K)
[16.382s][info][gc,metaspace   ] GC(11) Metaspace: 16870K(17152K)->16870K(17152K) NonClass: 15534K(15744K)->15534K(15744K) Class: 1335K(1408K)->1335K(1408K)
[16.382s][info][gc             ] GC(11) Pause Full (Allocation Failure) 760M->686M(869M) 504.852ms
[16.382s][info][gc,cpu         ] GC(11) User=0.98s Sys=0.00s Real=0.50s
[16.544s][info][gc,start       ] GC(12) Pause Full (Allocation Failure)
[16.544s][info][gc,phases,start] GC(12) Marking Phase
[16.816s][info][gc,phases      ] GC(12) Marking Phase 271.624ms
[16.816s][info][gc,phases,start] GC(12) Summary Phase
[16.816s][info][gc,phases      ] GC(12) Summary Phase 0.021ms
[16.816s][info][gc,phases,start] GC(12) Forward
[16.830s][info][gc,phases      ] GC(12) Forward 14.109ms
[16.830s][info][gc,phases,start] GC(12) Adjust Pointers
[16.981s][info][gc,phases      ] GC(12) Adjust Pointers 150.762ms
[16.981s][info][gc,phases,start] GC(12) Compaction Phase
[17.057s][info][gc,phases      ] GC(12) Compaction Phase 76.291ms
[17.058s][info][gc,phases,start] GC(12) Post Compact
[17.060s][info][gc,phases      ] GC(12) Post Compact 2.222ms
[17.060s][info][gc,heap        ] GC(12) PSYoungGen: 111616K(222720K)->51453K(222720K) Eden: 111616K(111616K)->51453K(111616K) From: 0K(111104K)->0K(111104K)
[17.060s][info][gc,heap        ] GC(12) ParOldGen: 667408K(667648K)->667408K(667648K)
[17.060s][info][gc,metaspace   ] GC(12) Metaspace: 16870K(17152K)->16870K(17152K) NonClass: 15534K(15744K)->15534K(15744K) Class: 1335K(1408K)->1335K(1408K)
[17.060s][info][gc             ] GC(12) Pause Full (Allocation Failure) 760M->702M(869M) 515.459ms
[17.060s][info][gc,cpu         ] GC(12) User=1.01s Sys=0.00s Real=0.51s
[17.194s][info][gc,start       ] GC(13) Pause Full (Allocation Failure)
[17.194s][info][gc,phases,start] GC(13) Marking Phase
[17.471s][info][gc,phases      ] GC(13) Marking Phase 276.389ms
[17.471s][info][gc,phases,start] GC(13) Summary Phase
[17.471s][info][gc,phases      ] GC(13) Summary Phase 0.022ms
[17.471s][info][gc,phases,start] GC(13) Forward
[17.487s][info][gc,phases      ] GC(13) Forward 16.490ms
[17.487s][info][gc,phases,start] GC(13) Adjust Pointers
[17.642s][info][gc,phases      ] GC(13) Adjust Pointers 154.884ms
[17.642s][info][gc,phases,start] GC(13) Compaction Phase
[17.719s][info][gc,phases      ] GC(13) Compaction Phase 77.076ms
[17.719s][info][gc,phases,start] GC(13) Post Compact
[17.722s][info][gc,phases      ] GC(13) Post Compact 2.216ms
[17.722s][info][gc,heap        ] GC(13) PSYoungGen: 111616K(222720K)->64114K(222720K) Eden: 111616K(111616K)->64114K(111616K) From: 0K(111104K)->0K(111104K)
[17.722s][info][gc,heap        ] GC(13) ParOldGen: 667408K(667648K)->667408K(667648K)
[17.722s][info][gc,metaspace   ] GC(13) Metaspace: 16870K(17152K)->16870K(17152K) NonClass: 15534K(15744K)->15534K(15744K) Class: 1335K(1408K)->1335K(1408K)
[17.722s][info][gc             ] GC(13) Pause Full (Allocation Failure) 760M->714M(869M) 527.427ms
[17.722s][info][gc,cpu         ] GC(13) User=1.03s Sys=0.00s Real=0.52s
[17.828s][info][gc,start       ] GC(14) Pause Full (Allocation Failure)
[17.828s][info][gc,phases,start] GC(14) Marking Phase
[18.119s][info][gc,phases      ] GC(14) Marking Phase 290.879ms
[18.119s][info][gc,phases,start] GC(14) Summary Phase
[18.119s][info][gc,phases      ] GC(14) Summary Phase 0.021ms
[18.119s][info][gc,phases,start] GC(14) Forward
[18.137s][info][gc,phases      ] GC(14) Forward 17.352ms
[18.137s][info][gc,phases,start] GC(14) Adjust Pointers
[18.295s][info][gc,phases      ] GC(14) Adjust Pointers 158.881ms
[18.296s][info][gc,phases,start] GC(14) Compaction Phase
[18.373s][info][gc,phases      ] GC(14) Compaction Phase 77.729ms
[18.373s][info][gc,phases,start] GC(14) Post Compact
[18.376s][info][gc,phases      ] GC(14) Post Compact 2.186ms
[18.376s][info][gc,heap        ] GC(14) PSYoungGen: 111616K(222720K)->74126K(222720K) Eden: 111616K(111616K)->74126K(111616K) From: 0K(111104K)->0K(111104K)
[18.376s][info][gc,heap        ] GC(14) ParOldGen: 667408K(667648K)->667408K(667648K)
[18.376s][info][gc,metaspace   ] GC(14) Metaspace: 16870K(17152K)->16870K(17152K) NonClass: 15534K(15744K)->15534K(15744K) Class: 1335K(1408K)->1335K(1408K)
[18.376s][info][gc             ] GC(14) Pause Full (Allocation Failure) 760M->724M(869M) 547.402ms
[18.376s][info][gc,cpu         ] GC(14) User=1.07s Sys=0.00s Real=0.55s
[18.442s][info][gc,start       ] GC(15) Pause Full (Allocation Failure)
[18.442s][info][gc,phases,start] GC(15) Marking Phase
[18.731s][info][gc,phases      ] GC(15) Marking Phase 288.791ms
[18.731s][info][gc,phases,start] GC(15) Summary Phase
[18.731s][info][gc,phases      ] GC(15) Summary Phase 0.021ms
[18.731s][info][gc,phases,start] GC(15) Forward
[18.748s][info][gc,phases      ] GC(15) Forward 17.207ms
[18.748s][info][gc,phases,start] GC(15) Adjust Pointers
[18.906s][info][gc,phases      ] GC(15) Adjust Pointers 158.221ms
[18.906s][info][gc,phases,start] GC(15) Compaction Phase
[18.984s][info][gc,phases      ] GC(15) Compaction Phase 77.695ms
[18.984s][info][gc,phases,start] GC(15) Post Compact
[18.986s][info][gc,phases      ] GC(15) Post Compact 2.177ms
[18.986s][info][gc,heap        ] GC(15) PSYoungGen: 111616K(222720K)->82088K(222720K) Eden: 111616K(111616K)->82088K(111616K) From: 0K(111104K)->0K(111104K)
[18.986s][info][gc,heap        ] GC(15) ParOldGen: 667408K(667648K)->667408K(667648K)
[18.986s][info][gc,metaspace   ] GC(15) Metaspace: 16870K(17152K)->16870K(17152K) NonClass: 15534K(15744K)->15534K(15744K) Class: 1335K(1408K)->1335K(1408K)
[18.986s][info][gc             ] GC(15) Pause Full (Allocation Failure) 760M->731M(869M) 544.494ms
[18.986s][info][gc,cpu         ] GC(15) User=1.07s Sys=0.01s Real=0.55s
[19.034s][info][gc,start       ] GC(16) Pause Full (Allocation Failure)
[19.034s][info][gc,phases,start] GC(16) Marking Phase
[19.325s][info][gc,phases      ] GC(16) Marking Phase 290.870ms
[19.325s][info][gc,phases,start] GC(16) Summary Phase
[19.325s][info][gc,phases      ] GC(16) Summary Phase 0.022ms
[19.325s][info][gc,phases,start] GC(16) Forward
[19.342s][info][gc,phases      ] GC(16) Forward 17.263ms
[19.343s][info][gc,phases,start] GC(16) Adjust Pointers
[19.502s][info][gc,phases      ] GC(16) Adjust Pointers 159.214ms
[19.502s][info][gc,phases,start] GC(16) Compaction Phase
[19.582s][info][gc,phases      ] GC(16) Compaction Phase 79.974ms
[19.582s][info][gc,phases,start] GC(16) Post Compact
[19.584s][info][gc,phases      ] GC(16) Post Compact 2.187ms
[19.584s][info][gc,heap        ] GC(16) PSYoungGen: 111616K(222720K)->88353K(222720K) Eden: 111616K(111616K)->88353K(111616K) From: 0K(111104K)->0K(111104K)
[19.584s][info][gc,heap        ] GC(16) ParOldGen: 667408K(667648K)->667408K(667648K)
[19.584s][info][gc,metaspace   ] GC(16) Metaspace: 16870K(17152K)->16870K(17152K) NonClass: 15534K(15744K)->15534K(15744K) Class: 1335K(1408K)->1335K(1408K)
[19.584s][info][gc             ] GC(16) Pause Full (Allocation Failure) 760M->738M(869M) 549.910ms
[19.584s][info][gc,cpu         ] GC(16) User=1.08s Sys=0.00s Real=0.55s
[19.620s][info][gc,start       ] GC(17) Pause Full (Allocation Failure)
[19.620s][info][gc,phases,start] GC(17) Marking Phase
[19.916s][info][gc,phases      ] GC(17) Marking Phase 296.519ms
[19.916s][info][gc,phases,start] GC(17) Summary Phase
[19.916s][info][gc,phases      ] GC(17) Summary Phase 0.021ms
[19.916s][info][gc,phases,start] GC(17) Forward
[19.934s][info][gc,phases      ] GC(17) Forward 17.689ms
[19.934s][info][gc,phases,start] GC(17) Adjust Pointers
[20.095s][info][gc,phases      ] GC(17) Adjust Pointers 161.321ms
[20.095s][info][gc,phases,start] GC(17) Compaction Phase
[20.174s][info][gc,phases      ] GC(17) Compaction Phase 78.804ms
[20.174s][info][gc,phases,start] GC(17) Post Compact
[20.176s][info][gc,phases      ] GC(17) Post Compact 2.243ms
[20.176s][info][gc,heap        ] GC(17) PSYoungGen: 111616K(222720K)->93367K(222720K) Eden: 111616K(111616K)->93367K(111616K) From: 0K(111104K)->0K(111104K)
[20.176s][info][gc,heap        ] GC(17) ParOldGen: 667408K(667648K)->667408K(667648K)
[20.176s][info][gc,metaspace   ] GC(17) Metaspace: 16870K(17152K)->16870K(17152K) NonClass: 15534K(15744K)->15534K(15744K) Class: 1335K(1408K)->1335K(1408K)
[20.176s][info][gc             ] GC(17) Pause Full (Allocation Failure) 760M->742M(869M) 556.941ms
[20.176s][info][gc,cpu         ] GC(17) User=1.09s Sys=0.00s Real=0.56s
[20.204s][info][gc,start       ] GC(18) Pause Full (Allocation Failure)
[20.204s][info][gc,phases,start] GC(18) Marking Phase
[20.502s][info][gc,phases      ] GC(18) Marking Phase 297.985ms
[20.502s][info][gc,phases,start] GC(18) Summary Phase
[20.502s][info][gc,phases      ] GC(18) Summary Phase 0.021ms
[20.502s][info][gc,phases,start] GC(18) Forward
[20.520s][info][gc,phases      ] GC(18) Forward 17.386ms
[20.520s][info][gc,phases,start] GC(18) Adjust Pointers
[20.684s][info][gc,phases      ] GC(18) Adjust Pointers 164.198ms
[20.684s][info][gc,phases,start] GC(18) Compaction Phase
[20.767s][info][gc,phases      ] GC(18) Compaction Phase 83.248ms
[20.767s][info][gc,phases,start] GC(18) Post Compact
[20.770s][info][gc,phases      ] GC(18) Post Compact 2.286ms
[20.770s][info][gc,heap        ] GC(18) PSYoungGen: 111616K(222720K)->97271K(222720K) Eden: 111616K(111616K)->97271K(111616K) From: 0K(111104K)->0K(111104K)
[20.770s][info][gc,heap        ] GC(18) ParOldGen: 667408K(667648K)->667408K(667648K)
[20.770s][info][gc,metaspace   ] GC(18) Metaspace: 16870K(17152K)->16870K(17152K) NonClass: 15534K(15744K)->15534K(15744K) Class: 1335K(1408K)->1335K(1408K)
[20.770s][info][gc             ] GC(18) Pause Full (Allocation Failure) 760M->746M(869M) 565.479ms
[20.770s][info][gc,cpu         ] GC(18) User=1.11s Sys=0.00s Real=0.56s
[20.792s][info][gc,start       ] GC(19) Pause Full (Allocation Failure)
[20.792s][info][gc,phases,start] GC(19) Marking Phase
[21.120s][info][gc,phases      ] GC(19) Marking Phase 328.123ms
[21.120s][info][gc,phases,start] GC(19) Summary Phase
[21.120s][info][gc,phases      ] GC(19) Summary Phase 0.020ms
[21.120s][info][gc,phases,start] GC(19) Forward
[21.137s][info][gc,phases      ] GC(19) Forward 17.312ms
[21.137s][info][gc,phases,start] GC(19) Adjust Pointers
[21.303s][info][gc,phases      ] GC(19) Adjust Pointers 165.854ms
[21.303s][info][gc,phases,start] GC(19) Compaction Phase
[21.387s][info][gc,phases      ] GC(19) Compaction Phase 83.475ms
[21.387s][info][gc,phases,start] GC(19) Post Compact
[21.389s][info][gc,phases      ] GC(19) Post Compact 2.258ms
[21.389s][info][gc,heap        ] GC(19) PSYoungGen: 111616K(222720K)->100363K(222720K) Eden: 111616K(111616K)->100363K(111616K) From: 0K(111104K)->0K(111104K)
[21.389s][info][gc,heap        ] GC(19) ParOldGen: 667408K(667648K)->667408K(667648K)
[21.389s][info][gc,metaspace   ] GC(19) Metaspace: 16870K(17152K)->16870K(17152K) NonClass: 15534K(15744K)->15534K(15744K) Class: 1335K(1408K)->1335K(1408K)
[21.389s][info][gc             ] GC(19) Pause Full (Allocation Failure) 760M->749M(869M) 597.432ms
[21.389s][info][gc,cpu         ] GC(19) User=1.17s Sys=0.00s Real=0.60s
[21.407s][info][gc,start       ] GC(20) Pause Full (Allocation Failure)
[21.407s][info][gc,phases,start] GC(20) Marking Phase
[21.716s][info][gc,phases      ] GC(20) Marking Phase 309.267ms
[21.717s][info][gc,phases,start] GC(20) Summary Phase
[21.717s][info][gc,phases      ] GC(20) Summary Phase 0.021ms
[21.717s][info][gc,phases,start] GC(20) Forward
[21.734s][info][gc,phases      ] GC(20) Forward 17.328ms
[21.734s][info][gc,phases,start] GC(20) Adjust Pointers
[21.899s][info][gc,phases      ] GC(20) Adjust Pointers 165.398ms
[21.899s][info][gc,phases,start] GC(20) Compaction Phase
[21.980s][info][gc,phases      ] GC(20) Compaction Phase 80.494ms
[21.980s][info][gc,phases,start] GC(20) Post Compact
[21.982s][info][gc,phases      ] GC(20) Post Compact 2.185ms
[21.982s][info][gc,heap        ] GC(20) PSYoungGen: 111616K(222720K)->102787K(222720K) Eden: 111616K(111616K)->102787K(111616K) From: 0K(111104K)->0K(111104K)
[21.982s][info][gc,heap        ] GC(20) ParOldGen: 667408K(667648K)->667408K(667648K)
[21.982s][info][gc,metaspace   ] GC(20) Metaspace: 16870K(17152K)->16870K(17152K) NonClass: 15534K(15744K)->15534K(15744K) Class: 1335K(1408K)->1335K(1408K)
[21.982s][info][gc             ] GC(20) Pause Full (Allocation Failure) 760M->752M(869M) 575.061ms
[21.982s][info][gc,cpu         ] GC(20) User=1.13s Sys=0.00s Real=0.57s
[21.995s][info][gc,start       ] GC(21) Pause Full (Allocation Failure)
[21.995s][info][gc,phases,start] GC(21) Marking Phase
[22.302s][info][gc,phases      ] GC(21) Marking Phase 307.221ms
[22.302s][info][gc,phases,start] GC(21) Summary Phase
[22.302s][info][gc,phases      ] GC(21) Summary Phase 0.022ms
[22.302s][info][gc,phases,start] GC(21) Forward
[22.319s][info][gc,phases      ] GC(21) Forward 16.999ms
[22.319s][info][gc,phases,start] GC(21) Adjust Pointers
[22.486s][info][gc,phases      ] GC(21) Adjust Pointers 166.874ms
[22.486s][info][gc,phases,start] GC(21) Compaction Phase
[22.567s][info][gc,phases      ] GC(21) Compaction Phase 80.631ms
[22.567s][info][gc,phases,start] GC(21) Post Compact
[22.569s][info][gc,phases      ] GC(21) Post Compact 2.261ms
[22.569s][info][gc,heap        ] GC(21) PSYoungGen: 111616K(222720K)->104632K(222720K) Eden: 111616K(111616K)->104632K(111616K) From: 0K(111104K)->0K(111104K)
[22.569s][info][gc,heap        ] GC(21) ParOldGen: 667408K(667648K)->667408K(667648K)
[22.569s][info][gc,metaspace   ] GC(21) Metaspace: 16870K(17152K)->16870K(17152K) NonClass: 15534K(15744K)->15534K(15744K) Class: 1335K(1408K)->1335K(1408K)
[22.569s][info][gc             ] GC(21) Pause Full (Allocation Failure) 760M->753M(869M) 574.350ms
[22.569s][info][gc,cpu         ] GC(21) User=1.13s Sys=0.00s Real=0.57s
[22.579s][info][gc,start       ] GC(22) Pause Full (Allocation Failure)
[22.579s][info][gc,phases,start] GC(22) Marking Phase
[22.887s][info][gc,phases      ] GC(22) Marking Phase 307.644ms
[22.887s][info][gc,phases,start] GC(22) Summary Phase
[22.887s][info][gc,phases      ] GC(22) Summary Phase 0.022ms
[22.887s][info][gc,phases,start] GC(22) Forward
[22.904s][info][gc,phases      ] GC(22) Forward 17.256ms
[22.904s][info][gc,phases,start] GC(22) Adjust Pointers
[23.070s][info][gc,phases      ] GC(22) Adjust Pointers 166.137ms
[23.071s][info][gc,phases,start] GC(22) Compaction Phase
[23.152s][info][gc,phases      ] GC(22) Compaction Phase 81.540ms
[23.152s][info][gc,phases,start] GC(22) Post Compact
[23.154s][info][gc,phases      ] GC(22) Post Compact 2.255ms
[23.154s][info][gc,heap        ] GC(22) PSYoungGen: 111616K(222720K)->106130K(222720K) Eden: 111616K(111616K)->106130K(111616K) From: 0K(111104K)->0K(111104K)
[23.154s][info][gc,heap        ] GC(22) ParOldGen: 667408K(667648K)->667408K(667648K)
[23.154s][info][gc,metaspace   ] GC(22) Metaspace: 16870K(17152K)->16870K(17152K) NonClass: 15534K(15744K)->15534K(15744K) Class: 1335K(1408K)->1335K(1408K)
[23.154s][info][gc             ] GC(22) Pause Full (Allocation Failure) 760M->755M(869M) 575.189ms
[23.155s][info][gc,cpu         ] GC(22) User=1.12s Sys=0.00s Real=0.58s
[23.164s][info][gc,start       ] GC(23) Pause Full (Allocation Failure)
[23.164s][info][gc,phases,start] GC(23) Marking Phase
[23.473s][info][gc,phases      ] GC(23) Marking Phase 309.026ms
[23.473s][info][gc,phases,start] GC(23) Summary Phase
[23.473s][info][gc,phases      ] GC(23) Summary Phase 0.021ms
[23.473s][info][gc,phases,start] GC(23) Forward
[23.491s][info][gc,phases      ] GC(23) Forward 17.660ms
[23.491s][info][gc,phases,start] GC(23) Adjust Pointers
[23.658s][info][gc,phases      ] GC(23) Adjust Pointers 167.370ms
[23.658s][info][gc,phases,start] GC(23) Compaction Phase
[23.741s][info][gc,phases      ] GC(23) Compaction Phase 83.082ms
[23.741s][info][gc,phases,start] GC(23) Post Compact
[23.744s][info][gc,phases      ] GC(23) Post Compact 2.267ms
[23.744s][info][gc,heap        ] GC(23) PSYoungGen: 111616K(222720K)->107304K(222720K) Eden: 111616K(111616K)->107304K(111616K) From: 0K(111104K)->0K(111104K)
[23.744s][info][gc,heap        ] GC(23) ParOldGen: 667408K(667648K)->667408K(667648K)
[23.744s][info][gc,metaspace   ] GC(23) Metaspace: 16870K(17152K)->16870K(17152K) NonClass: 15534K(15744K)->15534K(15744K) Class: 1335K(1408K)->1335K(1408K)
[23.744s][info][gc             ] GC(23) Pause Full (Allocation Failure) 760M->756M(869M) 579.793ms
[23.744s][info][gc,cpu         ] GC(23) User=1.14s Sys=0.00s Real=0.57s
[23.752s][info][gc,start       ] GC(24) Pause Full (Allocation Failure)
[23.752s][info][gc,phases,start] GC(24) Marking Phase
[24.061s][info][gc,phases      ] GC(24) Marking Phase 309.058ms
[24.061s][info][gc,phases,start] GC(24) Summary Phase
[24.061s][info][gc,phases      ] GC(24) Summary Phase 0.023ms
[24.061s][info][gc,phases,start] GC(24) Forward
[24.079s][info][gc,phases      ] GC(24) Forward 17.907ms
[24.079s][info][gc,phases,start] GC(24) Adjust Pointers
[24.247s][info][gc,phases      ] GC(24) Adjust Pointers 167.995ms
[24.247s][info][gc,phases,start] GC(24) Compaction Phase
[24.330s][info][gc,phases      ] GC(24) Compaction Phase 82.108ms
[24.330s][info][gc,phases,start] GC(24) Post Compact
[24.332s][info][gc,phases      ] GC(24) Post Compact 2.274ms
[24.332s][info][gc,heap        ] GC(24) PSYoungGen: 111616K(222720K)->108221K(222720K) Eden: 111616K(111616K)->108221K(111616K) From: 0K(111104K)->0K(111104K)
[24.332s][info][gc,heap        ] GC(24) ParOldGen: 667408K(667648K)->667408K(667648K)
[24.332s][info][gc,metaspace   ] GC(24) Metaspace: 16870K(17152K)->16870K(17152K) NonClass: 15534K(15744K)->15534K(15744K) Class: 1335K(1408K)->1335K(1408K)
[24.332s][info][gc             ] GC(24) Pause Full (Allocation Failure) 760M->757M(869M) 579.705ms
[24.332s][info][gc,cpu         ] GC(24) User=1.14s Sys=0.00s Real=0.58s
[24.340s][info][gc,start       ] GC(25) Pause Full (Allocation Failure)
[24.340s][info][gc,phases,start] GC(25) Marking Phase
[24.650s][info][gc,phases      ] GC(25) Marking Phase 310.400ms
[24.650s][info][gc,phases,start] GC(25) Summary Phase
[24.650s][info][gc,phases      ] GC(25) Summary Phase 0.021ms
[24.650s][info][gc,phases,start] GC(25) Forward
[24.668s][info][gc,phases      ] GC(25) Forward 17.526ms
[24.668s][info][gc,phases,start] GC(25) Adjust Pointers
[24.838s][info][gc,phases      ] GC(25) Adjust Pointers 169.548ms
[24.838s][info][gc,phases,start] GC(25) Compaction Phase
[24.921s][info][gc,phases      ] GC(25) Compaction Phase 83.042ms
[24.921s][info][gc,phases,start] GC(25) Post Compact
[24.923s][info][gc,phases      ] GC(25) Post Compact 2.308ms
[24.923s][info][gc,heap        ] GC(25) PSYoungGen: 111616K(222720K)->108946K(222720K) Eden: 111616K(111616K)->108946K(111616K) From: 0K(111104K)->0K(111104K)
[24.923s][info][gc,heap        ] GC(25) ParOldGen: 667408K(667648K)->667408K(667648K)
[24.923s][info][gc,metaspace   ] GC(25) Metaspace: 16870K(17152K)->16870K(17152K) NonClass: 15534K(15744K)->15534K(15744K) Class: 1335K(1408K)->1335K(1408K)
[24.923s][info][gc             ] GC(25) Pause Full (Allocation Failure) 760M->758M(869M) 583.182ms
[24.923s][info][gc,cpu         ] GC(25) User=1.14s Sys=0.00s Real=0.58s
[24.929s][info][gc,start       ] GC(26) Pause Full (Allocation Failure)
[24.929s][info][gc,phases,start] GC(26) Marking Phase
[25.244s][info][gc,phases      ] GC(26) Marking Phase 314.947ms
[25.244s][info][gc,phases,start] GC(26) Summary Phase
[25.244s][info][gc,phases      ] GC(26) Summary Phase 0.022ms
[25.244s][info][gc,phases,start] GC(26) Forward
[25.263s][info][gc,phases      ] GC(26) Forward 18.488ms
[25.263s][info][gc,phases,start] GC(26) Adjust Pointers
[25.432s][info][gc,phases      ] GC(26) Adjust Pointers 169.119ms
[25.432s][info][gc,phases,start] GC(26) Compaction Phase
[25.516s][info][gc,phases      ] GC(26) Compaction Phase 83.560ms
[25.516s][info][gc,phases,start] GC(26) Post Compact
[25.518s][info][gc,phases      ] GC(26) Post Compact 2.292ms
[25.518s][info][gc,heap        ] GC(26) PSYoungGen: 111616K(222720K)->109513K(222720K) Eden: 111616K(111616K)->109513K(111616K) From: 0K(111104K)->0K(111104K)
[25.518s][info][gc,heap        ] GC(26) ParOldGen: 667408K(667648K)->667408K(667648K)
[25.518s][info][gc,metaspace   ] GC(26) Metaspace: 16870K(17152K)->16870K(17152K) NonClass: 15534K(15744K)->15534K(15744K) Class: 1335K(1408K)->1335K(1408K)
[25.518s][info][gc             ] GC(26) Pause Full (Allocation Failure) 760M->758M(869M) 588.796ms
[25.518s][info][gc,cpu         ] GC(26) User=1.16s Sys=0.01s Real=0.59s
[25.524s][info][gc,start       ] GC(27) Pause Full (Allocation Failure)
[25.524s][info][gc,phases,start] GC(27) Marking Phase
[25.842s][info][gc,phases      ] GC(27) Marking Phase 317.917ms
[25.842s][info][gc,phases,start] GC(27) Summary Phase
[25.842s][info][gc,phases      ] GC(27) Summary Phase 0.023ms
[25.842s][info][gc,phases,start] GC(27) Forward
[25.860s][info][gc,phases      ] GC(27) Forward 17.751ms
[25.860s][info][gc,phases,start] GC(27) Adjust Pointers
[26.030s][info][gc,phases      ] GC(27) Adjust Pointers 170.551ms
[26.030s][info][gc,phases,start] GC(27) Compaction Phase
[26.114s][info][gc,phases      ] GC(27) Compaction Phase 84.100ms
[26.114s][info][gc,phases,start] GC(27) Post Compact
[26.117s][info][gc,phases      ] GC(27) Post Compact 2.219ms
[26.117s][info][gc,heap        ] GC(27) PSYoungGen: 111616K(222720K)->109963K(222720K) Eden: 111616K(111616K)->109963K(111616K) From: 0K(111104K)->0K(111104K)
[26.117s][info][gc,heap        ] GC(27) ParOldGen: 667408K(667648K)->667408K(667648K)
[26.117s][info][gc,metaspace   ] GC(27) Metaspace: 16870K(17152K)->16870K(17152K) NonClass: 15534K(15744K)->15534K(15744K) Class: 1335K(1408K)->1335K(1408K)
[26.117s][info][gc             ] GC(27) Pause Full (Allocation Failure) 760M->759M(869M) 592.912ms
[26.117s][info][gc,cpu         ] GC(27) User=1.16s Sys=0.00s Real=0.59s
[26.120s][info][gc,start       ] GC(28) Pause Full (Allocation Failure)
[26.120s][info][gc,phases,start] GC(28) Marking Phase
[26.439s][info][gc,phases      ] GC(28) Marking Phase 318.859ms
[26.439s][info][gc,phases,start] GC(28) Summary Phase
[26.439s][info][gc,phases      ] GC(28) Summary Phase 0.023ms
[26.439s][info][gc,phases,start] GC(28) Forward
[26.457s][info][gc,phases      ] GC(28) Forward 17.837ms
[26.457s][info][gc,phases,start] GC(28) Adjust Pointers
[26.629s][info][gc,phases      ] GC(28) Adjust Pointers 172.248ms
[26.629s][info][gc,phases,start] GC(28) Compaction Phase
[26.713s][info][gc,phases      ] GC(28) Compaction Phase 84.301ms
[26.713s][info][gc,phases,start] GC(28) Post Compact
[26.716s][info][gc,phases      ] GC(28) Post Compact 2.324ms
[26.716s][info][gc,heap        ] GC(28) PSYoungGen: 111616K(222720K)->110318K(222720K) Eden: 111616K(111616K)->110318K(111616K) From: 0K(111104K)->0K(111104K)
[26.716s][info][gc,heap        ] GC(28) ParOldGen: 667408K(667648K)->667408K(667648K)
[26.716s][info][gc,metaspace   ] GC(28) Metaspace: 16870K(17152K)->16870K(17152K) NonClass: 15534K(15744K)->15534K(15744K) Class: 1335K(1408K)->1335K(1408K)
[26.716s][info][gc             ] GC(28) Pause Full (Allocation Failure) 760M->759M(869M) 595.966ms
[26.716s][info][gc,cpu         ] GC(28) User=1.17s Sys=0.00s Real=0.60s
[26.720s][info][gc,start       ] GC(29) Pause Full (Allocation Failure)
[26.721s][info][gc,phases,start] GC(29) Marking Phase
[27.035s][info][gc,phases      ] GC(29) Marking Phase 314.036ms
[27.035s][info][gc,phases,start] GC(29) Summary Phase
[27.035s][info][gc,phases      ] GC(29) Summary Phase 0.022ms
[27.035s][info][gc,phases,start] GC(29) Forward
[27.054s][info][gc,phases      ] GC(29) Forward 19.403ms
[27.054s][info][gc,phases,start] GC(29) Adjust Pointers
[27.223s][info][gc,phases      ] GC(29) Adjust Pointers 168.555ms
[27.223s][info][gc,phases,start] GC(29) Compaction Phase
[27.304s][info][gc,phases      ] GC(29) Compaction Phase 81.626ms
[27.304s][info][gc,phases,start] GC(29) Post Compact
[27.307s][info][gc,phases      ] GC(29) Post Compact 2.262ms
[27.307s][info][gc,heap        ] GC(29) PSYoungGen: 111616K(222720K)->110595K(222720K) Eden: 111616K(111616K)->110595K(111616K) From: 0K(111104K)->0K(111104K)
[27.307s][info][gc,heap        ] GC(29) ParOldGen: 667408K(667648K)->667408K(667648K)
[27.307s][info][gc,metaspace   ] GC(29) Metaspace: 16870K(17152K)->16870K(17152K) NonClass: 15534K(15744K)->15534K(15744K) Class: 1335K(1408K)->1335K(1408K)
[27.307s][info][gc             ] GC(29) Pause Full (Allocation Failure) 760M->759M(869M) 586.242ms
[27.307s][info][gc,cpu         ] GC(29) User=1.15s Sys=0.00s Real=0.59s
[27.309s][info][gc,start       ] GC(30) Pause Full (Allocation Failure)
[27.309s][info][gc,phases,start] GC(30) Marking Phase
[27.615s][info][gc,phases      ] GC(30) Marking Phase 306.557ms
[27.615s][info][gc,phases,start] GC(30) Summary Phase
[27.615s][info][gc,phases      ] GC(30) Summary Phase 0.029ms
[27.616s][info][gc,phases,start] GC(30) Forward
[27.638s][info][gc,phases      ] GC(30) Forward 22.381ms
[27.638s][info][gc,phases,start] GC(30) Adjust Pointers
[27.810s][info][gc,phases      ] GC(30) Adjust Pointers 171.847ms
[27.810s][info][gc,phases,start] GC(30) Compaction Phase
[27.894s][info][gc,phases      ] GC(30) Compaction Phase 83.794ms
[27.894s][info][gc,phases,start] GC(30) Post Compact
[27.896s][info][gc,phases      ] GC(30) Post Compact 2.217ms
[27.896s][info][gc,heap        ] GC(30) PSYoungGen: 111616K(222720K)->110820K(222720K) Eden: 111616K(111616K)->110820K(111616K) From: 0K(111104K)->0K(111104K)
[27.896s][info][gc,heap        ] GC(30) ParOldGen: 667408K(667648K)->667408K(667648K)
[27.896s][info][gc,metaspace   ] GC(30) Metaspace: 16870K(17152K)->16870K(17152K) NonClass: 15534K(15744K)->15534K(15744K) Class: 1335K(1408K)->1335K(1408K)
[27.896s][info][gc             ] GC(30) Pause Full (Allocation Failure) 760M->759M(869M) 587.183ms
[27.896s][info][gc,cpu         ] GC(30) User=1.14s Sys=0.00s Real=0.59s
[27.898s][info][gc,start       ] GC(31) Pause Full (Allocation Failure)
[27.898s][info][gc,phases,start] GC(31) Marking Phase
[28.215s][info][gc,phases      ] GC(31) Marking Phase 316.928ms
[28.215s][info][gc,phases,start] GC(31) Summary Phase
[28.215s][info][gc,phases      ] GC(31) Summary Phase 0.022ms
[28.215s][info][gc,phases,start] GC(31) Forward
[28.232s][info][gc,phases      ] GC(31) Forward 17.455ms
[28.233s][info][gc,phases,start] GC(31) Adjust Pointers
[28.400s][info][gc,phases      ] GC(31) Adjust Pointers 167.961ms
[28.401s][info][gc,phases,start] GC(31) Compaction Phase
[28.482s][info][gc,phases      ] GC(31) Compaction Phase 81.414ms
[28.482s][info][gc,phases,start] GC(31) Post Compact
[28.484s][info][gc,phases      ] GC(31) Post Compact 2.220ms
[28.484s][info][gc,heap        ] GC(31) PSYoungGen: 111616K(222720K)->110987K(222720K) Eden: 111616K(111616K)->110987K(111616K) From: 0K(111104K)->0K(111104K)
[28.484s][info][gc,heap        ] GC(31) ParOldGen: 667408K(667648K)->667408K(667648K)
[28.484s][info][gc,metaspace   ] GC(31) Metaspace: 16870K(17152K)->16870K(17152K) NonClass: 15534K(15744K)->15534K(15744K) Class: 1335K(1408K)->1335K(1408K)
[28.484s][info][gc             ] GC(31) Pause Full (Allocation Failure) 760M->760M(869M) 586.381ms
[28.484s][info][gc,cpu         ] GC(31) User=1.15s Sys=0.00s Real=0.59s
[28.486s][info][gc,start       ] GC(32) Pause Full (Allocation Failure)
[28.486s][info][gc,phases,start] GC(32) Marking Phase
[28.799s][info][gc,phases      ] GC(32) Marking Phase 312.698ms
[28.799s][info][gc,phases,start] GC(32) Summary Phase
[28.799s][info][gc,phases      ] GC(32) Summary Phase 0.021ms
[28.799s][info][gc,phases,start] GC(32) Forward
[28.817s][info][gc,phases      ] GC(32) Forward 18.236ms
[28.817s][info][gc,phases,start] GC(32) Adjust Pointers
[28.989s][info][gc,phases      ] GC(32) Adjust Pointers 171.578ms
[28.989s][info][gc,phases,start] GC(32) Compaction Phase
[29.074s][info][gc,phases      ] GC(32) Compaction Phase 84.672ms
[29.074s][info][gc,phases,start] GC(32) Post Compact
[29.076s][info][gc,phases      ] GC(32) Post Compact 2.278ms
[29.076s][info][gc,heap        ] GC(32) PSYoungGen: 111616K(222720K)->111119K(222720K) Eden: 111616K(111616K)->111119K(111616K) From: 0K(111104K)->0K(111104K)
[29.076s][info][gc,heap        ] GC(32) ParOldGen: 667408K(667648K)->667408K(667648K)
[29.076s][info][gc,metaspace   ] GC(32) Metaspace: 16870K(17152K)->16870K(17152K) NonClass: 15534K(15744K)->15534K(15744K) Class: 1335K(1408K)->1335K(1408K)
[29.076s][info][gc             ] GC(32) Pause Full (Allocation Failure) 760M->760M(869M) 589.862ms
[29.076s][info][gc,cpu         ] GC(32) User=1.16s Sys=0.00s Real=0.59s
[29.079s][info][gc,start       ] GC(33) Pause Full (Allocation Failure)
[29.079s][info][gc,phases,start] GC(33) Marking Phase
[29.398s][info][gc,phases      ] GC(33) Marking Phase 318.104ms
[29.398s][info][gc,phases,start] GC(33) Summary Phase
[29.398s][info][gc,phases      ] GC(33) Summary Phase 0.022ms
[29.398s][info][gc,phases,start] GC(33) Forward
[29.416s][info][gc,phases      ] GC(33) Forward 18.247ms
[29.416s][info][gc,phases,start] GC(33) Adjust Pointers
[29.588s][info][gc,phases      ] GC(33) Adjust Pointers 171.934ms
[29.588s][info][gc,phases,start] GC(33) Compaction Phase
[29.673s][info][gc,phases      ] GC(33) Compaction Phase 85.317ms
[29.673s][info][gc,phases,start] GC(33) Post Compact
[29.676s][info][gc,phases      ] GC(33) Post Compact 2.280ms
[29.676s][info][gc,heap        ] GC(33) PSYoungGen: 111616K(222720K)->111224K(222720K) Eden: 111616K(111616K)->111224K(111616K) From: 0K(111104K)->0K(111104K)
[29.676s][info][gc,heap        ] GC(33) ParOldGen: 667408K(667648K)->667408K(667648K)
[29.676s][info][gc,metaspace   ] GC(33) Metaspace: 16870K(17152K)->16870K(17152K) NonClass: 15534K(15744K)->15534K(15744K) Class: 1335K(1408K)->1335K(1408K)
[29.676s][info][gc             ] GC(33) Pause Full (Allocation Failure) 760M->760M(869M) 596.298ms
[29.676s][info][gc,cpu         ] GC(33) User=1.17s Sys=0.00s Real=0.60s
[29.679s][info][gc,start       ] GC(34) Pause Full (Allocation Failure)
[29.679s][info][gc,phases,start] GC(34) Marking Phase
[30.008s][info][gc,phases      ] GC(34) Marking Phase 328.582ms
[30.008s][info][gc,phases,start] GC(34) Summary Phase
[30.008s][info][gc,phases      ] GC(34) Summary Phase 0.023ms
[30.008s][info][gc,phases,start] GC(34) Forward
[30.027s][info][gc,phases      ] GC(34) Forward 19.202ms
[30.027s][info][gc,phases,start] GC(34) Adjust Pointers
[30.202s][info][gc,phases      ] GC(34) Adjust Pointers 174.463ms
[30.202s][info][gc,phases,start] GC(34) Compaction Phase
[30.287s][info][gc,phases      ] GC(34) Compaction Phase 85.571ms
[30.288s][info][gc,phases,start] GC(34) Post Compact
[30.290s][info][gc,phases      ] GC(34) Post Compact 2.285ms
[30.290s][info][gc,heap        ] GC(34) PSYoungGen: 111616K(222720K)->111301K(222720K) Eden: 111616K(111616K)->111301K(111616K) From: 0K(111104K)->0K(111104K)
[30.290s][info][gc,heap        ] GC(34) ParOldGen: 667408K(667648K)->667408K(667648K)
[30.290s][info][gc,metaspace   ] GC(34) Metaspace: 16870K(17152K)->16870K(17152K) NonClass: 15534K(15744K)->15534K(15744K) Class: 1335K(1408K)->1335K(1408K)
[30.290s][info][gc             ] GC(34) Pause Full (Allocation Failure) 760M->760M(869M) 610.534ms
[30.290s][info][gc,cpu         ] GC(34) User=1.20s Sys=0.00s Real=0.61s
[30.291s][info][gc,start       ] GC(35) Pause Full (Allocation Failure)
[30.291s][info][gc,phases,start] GC(35) Marking Phase
[30.609s][info][gc,phases      ] GC(35) Marking Phase 317.739ms
[30.609s][info][gc,phases,start] GC(35) Summary Phase
[30.609s][info][gc,phases      ] GC(35) Summary Phase 0.022ms
[30.609s][info][gc,phases,start] GC(35) Forward
[30.627s][info][gc,phases      ] GC(35) Forward 17.796ms
[30.627s][info][gc,phases,start] GC(35) Adjust Pointers
[30.798s][info][gc,phases      ] GC(35) Adjust Pointers 171.356ms
[30.798s][info][gc,phases,start] GC(35) Compaction Phase
[30.882s][info][gc,phases      ] GC(35) Compaction Phase 83.215ms
[30.882s][info][gc,phases,start] GC(35) Post Compact
[30.884s][info][gc,phases      ] GC(35) Post Compact 2.232ms
[30.884s][info][gc,heap        ] GC(35) PSYoungGen: 111616K(222720K)->111362K(222720K) Eden: 111616K(111616K)->111362K(111616K) From: 0K(111104K)->0K(111104K)
[30.884s][info][gc,heap        ] GC(35) ParOldGen: 667408K(667648K)->667408K(667648K)
[30.884s][info][gc,metaspace   ] GC(35) Metaspace: 16870K(17152K)->16870K(17152K) NonClass: 15534K(15744K)->15534K(15744K) Class: 1335K(1408K)->1335K(1408K)
[30.884s][info][gc             ] GC(35) Pause Full (Allocation Failure) 760M->760M(869M) 592.698ms
[30.884s][info][gc,cpu         ] GC(35) User=1.16s Sys=0.00s Real=0.60s
[30.885s][info][gc,start       ] GC(36) Pause Full (Allocation Failure)
[30.885s][info][gc,phases,start] GC(36) Marking Phase
[31.205s][info][gc,phases      ] GC(36) Marking Phase 319.747ms
[31.205s][info][gc,phases,start] GC(36) Summary Phase
[31.205s][info][gc,phases      ] GC(36) Summary Phase 0.022ms
[31.205s][info][gc,phases,start] GC(36) Forward
[31.224s][info][gc,phases      ] GC(36) Forward 18.734ms
[31.224s][info][gc,phases,start] GC(36) Adjust Pointers
[31.398s][info][gc,phases      ] GC(36) Adjust Pointers 173.619ms
[31.398s][info][gc,phases,start] GC(36) Compaction Phase
[31.483s][info][gc,phases      ] GC(36) Compaction Phase 85.256ms
[31.483s][info][gc,phases,start] GC(36) Post Compact
[31.485s][info][gc,phases      ] GC(36) Post Compact 2.250ms
[31.485s][info][gc,heap        ] GC(36) PSYoungGen: 111616K(222720K)->111412K(222720K) Eden: 111616K(111616K)->111412K(111616K) From: 0K(111104K)->0K(111104K)
[31.485s][info][gc,heap        ] GC(36) ParOldGen: 667408K(667648K)->667408K(667648K)
[31.485s][info][gc,metaspace   ] GC(36) Metaspace: 16870K(17152K)->16870K(17152K) NonClass: 15534K(15744K)->15534K(15744K) Class: 1335K(1408K)->1335K(1408K)
[31.485s][info][gc             ] GC(36) Pause Full (Allocation Failure) 760M->760M(869M) 599.978ms
[31.485s][info][gc,cpu         ] GC(36) User=1.18s Sys=0.01s Real=0.60s
[31.487s][info][gc,start       ] GC(37) Pause Full (Allocation Failure)
[31.487s][info][gc,phases,start] GC(37) Marking Phase
[31.808s][info][gc,phases      ] GC(37) Marking Phase 321.542ms
[31.808s][info][gc,phases,start] GC(37) Summary Phase
[31.808s][info][gc,phases      ] GC(37) Summary Phase 0.023ms
[31.808s][info][gc,phases,start] GC(37) Forward
[31.827s][info][gc,phases      ] GC(37) Forward 18.599ms
[31.827s][info][gc,phases,start] GC(37) Adjust Pointers
[32.003s][info][gc,phases      ] GC(37) Adjust Pointers 176.602ms
[32.004s][info][gc,phases,start] GC(37) Compaction Phase
[32.091s][info][gc,phases      ] GC(37) Compaction Phase 87.028ms
[32.091s][info][gc,phases,start] GC(37) Post Compact
[32.093s][info][gc,phases      ] GC(37) Post Compact 2.279ms
[32.093s][info][gc,heap        ] GC(37) PSYoungGen: 111615K(222720K)->111451K(222720K) Eden: 111615K(111616K)->111451K(111616K) From: 0K(111104K)->0K(111104K)
[32.093s][info][gc,heap        ] GC(37) ParOldGen: 667408K(667648K)->667408K(667648K)
[32.093s][info][gc,metaspace   ] GC(37) Metaspace: 16870K(17152K)->16870K(17152K) NonClass: 15534K(15744K)->15534K(15744K) Class: 1335K(1408K)->1335K(1408K)
[32.093s][info][gc             ] GC(37) Pause Full (Allocation Failure) 760M->760M(869M) 606.494ms
[32.093s][info][gc,cpu         ] GC(37) User=1.19s Sys=0.00s Real=0.60s
[32.094s][info][gc,start       ] GC(38) Pause Full (Allocation Failure)
[32.094s][info][gc,phases,start] GC(38) Marking Phase
[32.418s][info][gc,phases      ] GC(38) Marking Phase 324.299ms
[32.419s][info][gc,phases,start] GC(38) Summary Phase
[32.419s][info][gc,phases      ] GC(38) Summary Phase 0.023ms
[32.419s][info][gc,phases,start] GC(38) Forward
[32.437s][info][gc,phases      ] GC(38) Forward 18.605ms
[32.437s][info][gc,phases,start] GC(38) Adjust Pointers
[32.608s][info][gc,phases      ] GC(38) Adjust Pointers 171.143ms
[32.608s][info][gc,phases,start] GC(38) Compaction Phase
[32.696s][info][gc,phases      ] GC(38) Compaction Phase 87.727ms
[32.696s][info][gc,phases,start] GC(38) Post Compact
[32.699s][info][gc,phases      ] GC(38) Post Compact 2.300ms
[32.699s][info][gc,heap        ] GC(38) PSYoungGen: 111616K(222720K)->111481K(222720K) Eden: 111616K(111616K)->111481K(111616K) From: 0K(111104K)->0K(111104K)
[32.699s][info][gc,heap        ] GC(38) ParOldGen: 667408K(667648K)->667408K(667648K)
[32.699s][info][gc,metaspace   ] GC(38) Metaspace: 16870K(17152K)->16870K(17152K) NonClass: 15534K(15744K)->15534K(15744K) Class: 1335K(1408K)->1335K(1408K)
[32.699s][info][gc             ] GC(38) Pause Full (Allocation Failure) 760M->760M(869M) 604.473ms
[32.699s][info][gc,cpu         ] GC(38) User=1.19s Sys=0.00s Real=0.60s
[32.700s][info][gc,start       ] GC(39) Pause Full (Allocation Failure)
[32.700s][info][gc,phases,start] GC(39) Marking Phase
[33.020s][info][gc,phases      ] GC(39) Marking Phase 320.464ms
[33.020s][info][gc,phases,start] GC(39) Summary Phase
[33.020s][info][gc,phases      ] GC(39) Summary Phase 0.022ms
[33.020s][info][gc,phases,start] GC(39) Forward
[33.040s][info][gc,phases      ] GC(39) Forward 19.555ms
[33.040s][info][gc,phases,start] GC(39) Adjust Pointers
[33.215s][info][gc,phases      ] GC(39) Adjust Pointers 174.766ms
[33.215s][info][gc,phases,start] GC(39) Compaction Phase
[33.300s][info][gc,phases      ] GC(39) Compaction Phase 84.673ms
[33.300s][info][gc,phases,start] GC(39) Post Compact
[33.302s][info][gc,phases      ] GC(39) Post Compact 2.241ms
[33.302s][info][gc,heap        ] GC(39) PSYoungGen: 111615K(222720K)->111506K(222720K) Eden: 111615K(111616K)->111506K(111616K) From: 0K(111104K)->0K(111104K)
[33.302s][info][gc,heap        ] GC(39) ParOldGen: 667408K(667648K)->667408K(667648K)
[33.302s][info][gc,metaspace   ] GC(39) Metaspace: 16870K(17152K)->16870K(17152K) NonClass: 15534K(15744K)->15534K(15744K) Class: 1335K(1408K)->1335K(1408K)
[33.302s][info][gc             ] GC(39) Pause Full (Allocation Failure) 760M->760M(869M) 602.093ms
[33.302s][info][gc,cpu         ] GC(39) User=1.19s Sys=0.00s Real=0.60s
[33.303s][info][gc,start       ] GC(40) Pause Full (Allocation Failure)
[33.303s][info][gc,phases,start] GC(40) Marking Phase
[33.639s][info][gc,phases      ] GC(40) Marking Phase 336.381ms
[33.639s][info][gc,phases,start] GC(40) Summary Phase
[33.639s][info][gc,phases      ] GC(40) Summary Phase 0.046ms
[33.639s][info][gc,phases,start] GC(40) Forward
[33.660s][info][gc,phases      ] GC(40) Forward 20.137ms
[33.660s][info][gc,phases,start] GC(40) Adjust Pointers
[33.842s][info][gc,phases      ] GC(40) Adjust Pointers 182.560ms
[33.842s][info][gc,phases,start] GC(40) Compaction Phase
[33.934s][info][gc,phases      ] GC(40) Compaction Phase 91.797ms
[33.934s][info][gc,phases,start] GC(40) Post Compact
[33.937s][info][gc,phases      ] GC(40) Post Compact 2.305ms
[33.937s][info][gc,heap        ] GC(40) PSYoungGen: 111616K(222720K)->111525K(222720K) Eden: 111616K(111616K)->111525K(111616K) From: 0K(111104K)->0K(111104K)
[33.937s][info][gc,heap        ] GC(40) ParOldGen: 667408K(667648K)->667408K(667648K)
[33.937s][info][gc,metaspace   ] GC(40) Metaspace: 16870K(17152K)->16870K(17152K) NonClass: 15534K(15744K)->15534K(15744K) Class: 1335K(1408K)->1335K(1408K)
[33.937s][info][gc             ] GC(40) Pause Full (Allocation Failure) 760M->760M(869M) 633.624ms
[33.937s][info][gc,cpu         ] GC(40) User=1.24s Sys=0.00s Real=0.64s
[33.938s][info][gc,start       ] GC(41) Pause Full (Allocation Failure)
[33.938s][info][gc,phases,start] GC(41) Marking Phase
[34.278s][info][gc,phases      ] GC(41) Marking Phase 339.810ms
[34.278s][info][gc,phases,start] GC(41) Summary Phase
[34.278s][info][gc,phases      ] GC(41) Summary Phase 0.024ms
[34.278s][info][gc,phases,start] GC(41) Forward
[34.298s][info][gc,phases      ] GC(41) Forward 20.525ms
[34.298s][info][gc,phases,start] GC(41) Adjust Pointers
[34.475s][info][gc,phases      ] GC(41) Adjust Pointers 176.412ms
[34.475s][info][gc,phases,start] GC(41) Compaction Phase
[34.561s][info][gc,phases      ] GC(41) Compaction Phase 86.371ms
[34.561s][info][gc,phases,start] GC(41) Post Compact
[34.563s][info][gc,phases      ] GC(41) Post Compact 2.240ms
[34.563s][info][gc,heap        ] GC(41) PSYoungGen: 111616K(222720K)->111540K(222720K) Eden: 111616K(111616K)->111540K(111616K) From: 0K(111104K)->0K(111104K)
[34.563s][info][gc,heap        ] GC(41) ParOldGen: 667408K(667648K)->667408K(667648K)
[34.563s][info][gc,metaspace   ] GC(41) Metaspace: 16870K(17152K)->16870K(17152K) NonClass: 15534K(15744K)->15534K(15744K) Class: 1335K(1408K)->1335K(1408K)
[34.563s][info][gc             ] GC(41) Pause Full (Allocation Failure) 760M->760M(869M) 625.800ms
[34.563s][info][gc,cpu         ] GC(41) User=1.22s Sys=0.00s Real=0.62s
[34.565s][info][gc,start       ] GC(42) Pause Full (Allocation Failure)
[34.565s][info][gc,phases,start] GC(42) Marking Phase
[34.895s][info][gc,phases      ] GC(42) Marking Phase 330.695ms
[34.895s][info][gc,phases,start] GC(42) Summary Phase
[34.895s][info][gc,phases      ] GC(42) Summary Phase 0.023ms
[34.895s][info][gc,phases,start] GC(42) Forward
[34.914s][info][gc,phases      ] GC(42) Forward 18.916ms
[34.914s][info][gc,phases,start] GC(42) Adjust Pointers
[35.089s][info][gc,phases      ] GC(42) Adjust Pointers 174.953ms
[35.089s][info][gc,phases,start] GC(42) Compaction Phase
[35.176s][info][gc,phases      ] GC(42) Compaction Phase 86.381ms
[35.176s][info][gc,phases,start] GC(42) Post Compact
[35.178s][info][gc,phases      ] GC(42) Post Compact 2.287ms
[35.178s][info][gc,heap        ] GC(42) PSYoungGen: 111616K(222720K)->111553K(222720K) Eden: 111616K(111616K)->111553K(111616K) From: 0K(111104K)->0K(111104K)
[35.178s][info][gc,heap        ] GC(42) ParOldGen: 667408K(667648K)->667408K(667648K)
[35.178s][info][gc,metaspace   ] GC(42) Metaspace: 16870K(17152K)->16870K(17152K) NonClass: 15534K(15744K)->15534K(15744K) Class: 1335K(1408K)->1335K(1408K)
[35.178s][info][gc             ] GC(42) Pause Full (Allocation Failure) 760M->760M(869M) 613.630ms
[35.178s][info][gc,cpu         ] GC(42) User=1.21s Sys=0.00s Real=0.61s
[35.179s][info][gc,start       ] GC(43) Pause Full (Allocation Failure)
[35.179s][info][gc,phases,start] GC(43) Marking Phase
[35.504s][info][gc,phases      ] GC(43) Marking Phase 325.070ms
[35.504s][info][gc,phases,start] GC(43) Summary Phase
[35.504s][info][gc,phases      ] GC(43) Summary Phase 0.022ms
[35.504s][info][gc,phases,start] GC(43) Forward
[35.523s][info][gc,phases      ] GC(43) Forward 19.028ms
[35.523s][info][gc,phases,start] GC(43) Adjust Pointers
[35.696s][info][gc,phases      ] GC(43) Adjust Pointers 172.103ms
[35.696s][info][gc,phases,start] GC(43) Compaction Phase
[35.784s][info][gc,phases      ] GC(43) Compaction Phase 87.898ms
[35.784s][info][gc,phases,start] GC(43) Post Compact
[35.786s][info][gc,phases      ] GC(43) Post Compact 2.262ms
[35.786s][info][gc,heap        ] GC(43) PSYoungGen: 111615K(222720K)->111563K(222720K) Eden: 111615K(111616K)->111563K(111616K) From: 0K(111104K)->0K(111104K)
[35.786s][info][gc,heap        ] GC(43) ParOldGen: 667408K(667648K)->667408K(667648K)
[35.786s][info][gc,metaspace   ] GC(43) Metaspace: 16870K(17152K)->16870K(17152K) NonClass: 15534K(15744K)->15534K(15744K) Class: 1335K(1408K)->1335K(1408K)
[35.786s][info][gc             ] GC(43) Pause Full (Allocation Failure) 760M->760M(869M) 606.769ms
[35.786s][info][gc,cpu         ] GC(43) User=1.19s Sys=0.00s Real=0.61s
[35.787s][info][gc,start       ] GC(44) Pause Full (Allocation Failure)
[35.787s][info][gc,phases,start] GC(44) Marking Phase
[36.109s][info][gc,phases      ] GC(44) Marking Phase 322.531ms
[36.109s][info][gc,phases,start] GC(44) Summary Phase
[36.110s][info][gc,phases      ] GC(44) Summary Phase 0.025ms
[36.110s][info][gc,phases,start] GC(44) Forward
[36.128s][info][gc,phases      ] GC(44) Forward 18.781ms
[36.128s][info][gc,phases,start] GC(44) Adjust Pointers
[36.303s][info][gc,phases      ] GC(44) Adjust Pointers 175.123ms
[36.304s][info][gc,phases,start] GC(44) Compaction Phase
[36.394s][info][gc,phases      ] GC(44) Compaction Phase 90.414ms
[36.394s][info][gc,phases,start] GC(44) Post Compact
[36.396s][info][gc,phases      ] GC(44) Post Compact 2.230ms
[36.396s][info][gc,heap        ] GC(44) PSYoungGen: 111615K(222720K)->111571K(222720K) Eden: 111615K(111616K)->111571K(111616K) From: 0K(111104K)->0K(111104K)
[36.396s][info][gc,heap        ] GC(44) ParOldGen: 667408K(667648K)->667408K(667648K)
[36.396s][info][gc,metaspace   ] GC(44) Metaspace: 16870K(17152K)->16870K(17152K) NonClass: 15534K(15744K)->15534K(15744K) Class: 1335K(1408K)->1335K(1408K)
[36.396s][info][gc             ] GC(44) Pause Full (Allocation Failure) 760M->760M(869M) 609.479ms
[36.396s][info][gc,cpu         ] GC(44) User=1.19s Sys=0.00s Real=0.61s
[36.397s][info][gc,start       ] GC(45) Pause Full (Allocation Failure)
[36.397s][info][gc,phases,start] GC(45) Marking Phase
[36.719s][info][gc,phases      ] GC(45) Marking Phase 321.291ms
[36.719s][info][gc,phases,start] GC(45) Summary Phase
[36.719s][info][gc,phases      ] GC(45) Summary Phase 0.021ms
[36.719s][info][gc,phases,start] GC(45) Forward
[36.739s][info][gc,phases      ] GC(45) Forward 20.708ms
[36.739s][info][gc,phases,start] GC(45) Adjust Pointers
[36.911s][info][gc,phases      ] GC(45) Adjust Pointers 171.490ms
[36.911s][info][gc,phases,start] GC(45) Compaction Phase
[36.995s][info][gc,phases      ] GC(45) Compaction Phase 84.244ms
[36.995s][info][gc,phases,start] GC(45) Post Compact
[36.998s][info][gc,phases      ] GC(45) Post Compact 2.206ms
[36.998s][info][gc,heap        ] GC(45) PSYoungGen: 111616K(222720K)->111578K(222720K) Eden: 111616K(111616K)->111578K(111616K) From: 0K(111104K)->0K(111104K)
[36.998s][info][gc,heap        ] GC(45) ParOldGen: 667408K(667648K)->667408K(667648K)
[36.998s][info][gc,metaspace   ] GC(45) Metaspace: 16870K(17152K)->16870K(17152K) NonClass: 15534K(15744K)->15534K(15744K) Class: 1335K(1408K)->1335K(1408K)
[36.998s][info][gc             ] GC(45) Pause Full (Allocation Failure) 760M->760M(869M) 600.277ms
[36.998s][info][gc,cpu         ] GC(45) User=1.18s Sys=0.00s Real=0.60s
[36.999s][info][gc,start       ] GC(46) Pause Full (Allocation Failure)
[36.999s][info][gc,phases,start] GC(46) Marking Phase
[37.320s][info][gc,phases      ] GC(46) Marking Phase 320.971ms
[37.320s][info][gc,phases,start] GC(46) Summary Phase
[37.320s][info][gc,phases      ] GC(46) Summary Phase 0.023ms
[37.320s][info][gc,phases,start] GC(46) Forward
[37.341s][info][gc,phases      ] GC(46) Forward 21.213ms
[37.341s][info][gc,phases,start] GC(46) Adjust Pointers
[37.517s][info][gc,phases      ] GC(46) Adjust Pointers 175.620ms
[37.517s][info][gc,phases,start] GC(46) Compaction Phase
[37.604s][info][gc,phases      ] GC(46) Compaction Phase 86.970ms
[37.604s][info][gc,phases,start] GC(46) Post Compact
[37.606s][info][gc,phases      ] GC(46) Post Compact 2.266ms
[37.606s][info][gc,heap        ] GC(46) PSYoungGen: 111616K(222720K)->111585K(222720K) Eden: 111616K(111616K)->111585K(111616K) From: 0K(111104K)->0K(111104K)
[37.606s][info][gc,heap        ] GC(46) ParOldGen: 667408K(667648K)->667408K(667648K)
[37.606s][info][gc,metaspace   ] GC(46) Metaspace: 16870K(17152K)->16870K(17152K) NonClass: 15534K(15744K)->15534K(15744K) Class: 1335K(1408K)->1335K(1408K)
[37.606s][info][gc             ] GC(46) Pause Full (Allocation Failure) 760M->760M(869M) 607.478ms
[37.606s][info][gc,cpu         ] GC(46) User=1.19s Sys=0.00s Real=0.61s
[37.607s][info][gc,start       ] GC(47) Pause Full (Allocation Failure)
[37.607s][info][gc,phases,start] GC(47) Marking Phase
[37.937s][info][gc,phases      ] GC(47) Marking Phase 329.627ms
[37.937s][info][gc,phases,start] GC(47) Summary Phase
[37.937s][info][gc,phases      ] GC(47) Summary Phase 0.024ms
[37.937s][info][gc,phases,start] GC(47) Forward
[37.958s][info][gc,phases      ] GC(47) Forward 21.207ms
[37.958s][info][gc,phases,start] GC(47) Adjust Pointers
[38.134s][info][gc,phases      ] GC(47) Adjust Pointers 175.833ms
[38.134s][info][gc,phases,start] GC(47) Compaction Phase
[38.220s][info][gc,phases      ] GC(47) Compaction Phase 86.293ms
[38.220s][info][gc,phases,start] GC(47) Post Compact
[38.223s][info][gc,phases      ] GC(47) Post Compact 2.262ms
[38.223s][info][gc,heap        ] GC(47) PSYoungGen: 111616K(222720K)->111589K(222720K) Eden: 111616K(111616K)->111589K(111616K) From: 0K(111104K)->0K(111104K)
[38.223s][info][gc,heap        ] GC(47) ParOldGen: 667408K(667648K)->667408K(667648K)
[38.223s][info][gc,metaspace   ] GC(47) Metaspace: 16870K(17152K)->16870K(17152K) NonClass: 15534K(15744K)->15534K(15744K) Class: 1335K(1408K)->1335K(1408K)
[38.223s][info][gc             ] GC(47) Pause Full (Allocation Failure) 760M->760M(869M) 615.653ms
[38.223s][info][gc,cpu         ] GC(47) User=1.19s Sys=0.00s Real=0.61s
[38.224s][info][gc,start       ] GC(48) Pause Full (Allocation Failure)
[38.224s][info][gc,phases,start] GC(48) Marking Phase
[38.550s][info][gc,phases      ] GC(48) Marking Phase 325.960ms
[38.550s][info][gc,phases,start] GC(48) Summary Phase
[38.550s][info][gc,phases      ] GC(48) Summary Phase 0.023ms
[38.550s][info][gc,phases,start] GC(48) Forward
[38.569s][info][gc,phases      ] GC(48) Forward 19.566ms
[38.569s][info][gc,phases,start] GC(48) Adjust Pointers
[38.760s][info][gc,phases      ] GC(48) Adjust Pointers 191.092ms
[38.760s][info][gc,phases,start] GC(48) Compaction Phase
[38.847s][info][gc,phases      ] GC(48) Compaction Phase 86.451ms
[38.847s][info][gc,phases,start] GC(48) Post Compact
[38.849s][info][gc,phases      ] GC(48) Post Compact 2.281ms
[38.849s][info][gc,heap        ] GC(48) PSYoungGen: 111615K(222720K)->111594K(222720K) Eden: 111615K(111616K)->111594K(111616K) From: 0K(111104K)->0K(111104K)
[38.849s][info][gc,heap        ] GC(48) ParOldGen: 667408K(667648K)->667408K(667648K)
[38.849s][info][gc,metaspace   ] GC(48) Metaspace: 16870K(17152K)->16870K(17152K) NonClass: 15534K(15744K)->15534K(15744K) Class: 1335K(1408K)->1335K(1408K)
[38.849s][info][gc             ] GC(48) Pause Full (Allocation Failure) 760M->760M(869M) 625.769ms
[38.849s][info][gc,cpu         ] GC(48) User=1.23s Sys=0.00s Real=0.63s
[38.850s][info][gc,start       ] GC(49) Pause Full (Allocation Failure)
[38.850s][info][gc,phases,start] GC(49) Marking Phase
[39.180s][info][gc,phases      ] GC(49) Marking Phase 330.110ms
[39.181s][info][gc,phases,start] GC(49) Summary Phase
[39.181s][info][gc,phases      ] GC(49) Summary Phase 0.023ms
[39.181s][info][gc,phases,start] GC(49) Forward
[39.201s][info][gc,phases      ] GC(49) Forward 20.057ms
[39.201s][info][gc,phases,start] GC(49) Adjust Pointers
[39.378s][info][gc,phases      ] GC(49) Adjust Pointers 177.152ms
[39.378s][info][gc,phases,start] GC(49) Compaction Phase
[39.464s][info][gc,phases      ] GC(49) Compaction Phase 86.243ms
[39.464s][info][gc,phases,start] GC(49) Post Compact
[39.466s][info][gc,phases      ] GC(49) Post Compact 2.248ms
[39.467s][info][gc,heap        ] GC(49) PSYoungGen: 111615K(222720K)->111597K(222720K) Eden: 111615K(111616K)->111597K(111616K) From: 0K(111104K)->0K(111104K)
[39.467s][info][gc,heap        ] GC(49) ParOldGen: 667408K(667648K)->667408K(667648K)
[39.467s][info][gc,metaspace   ] GC(49) Metaspace: 16870K(17152K)->16870K(17152K) NonClass: 15534K(15744K)->15534K(15744K) Class: 1335K(1408K)->1335K(1408K)
[39.467s][info][gc             ] GC(49) Pause Full (Allocation Failure) 760M->760M(869M) 616.235ms
[39.467s][info][gc,cpu         ] GC(49) User=1.21s Sys=0.00s Real=0.62s
[39.467s][info][gc,start       ] GC(50) Pause Full (Allocation Failure)
[39.468s][info][gc,phases,start] GC(50) Marking Phase
[39.801s][info][gc,phases      ] GC(50) Marking Phase 333.811ms
[39.801s][info][gc,phases,start] GC(50) Summary Phase
[39.801s][info][gc,phases      ] GC(50) Summary Phase 0.022ms
[39.801s][info][gc,phases,start] GC(50) Forward
[39.823s][info][gc,phases      ] GC(50) Forward 21.595ms
[39.823s][info][gc,phases,start] GC(50) Adjust Pointers
[40.000s][info][gc,phases      ] GC(50) Adjust Pointers 177.010ms
[40.000s][info][gc,phases,start] GC(50) Compaction Phase
[40.087s][info][gc,phases      ] GC(50) Compaction Phase 86.875ms
[40.087s][info][gc,phases,start] GC(50) Post Compact
[40.089s][info][gc,phases      ] GC(50) Post Compact 2.270ms
[40.089s][info][gc,heap        ] GC(50) PSYoungGen: 111616K(222720K)->111599K(222720K) Eden: 111616K(111616K)->111599K(111616K) From: 0K(111104K)->0K(111104K)
[40.089s][info][gc,heap        ] GC(50) ParOldGen: 667408K(667648K)->667408K(667648K)
[40.089s][info][gc,metaspace   ] GC(50) Metaspace: 16870K(17152K)->16870K(17152K) NonClass: 15534K(15744K)->15534K(15744K) Class: 1335K(1408K)->1335K(1408K)
[40.089s][info][gc             ] GC(50) Pause Full (Allocation Failure) 760M->760M(869M) 621.996ms
[40.089s][info][gc,cpu         ] GC(50) User=1.22s Sys=0.00s Real=0.62s
[40.090s][info][gc,start       ] GC(51) Pause Full (Allocation Failure)
[40.090s][info][gc,phases,start] GC(51) Marking Phase
[40.421s][info][gc,phases      ] GC(51) Marking Phase 330.730ms
[40.421s][info][gc,phases,start] GC(51) Summary Phase
[40.421s][info][gc,phases      ] GC(51) Summary Phase 0.024ms
[40.421s][info][gc,phases,start] GC(51) Forward
[40.440s][info][gc,phases      ] GC(51) Forward 19.111ms
[40.440s][info][gc,phases,start] GC(51) Adjust Pointers
[40.617s][info][gc,phases      ] GC(51) Adjust Pointers 177.001ms
[40.617s][info][gc,phases,start] GC(51) Compaction Phase
[40.704s][info][gc,phases      ] GC(51) Compaction Phase 86.819ms
[40.704s][info][gc,phases,start] GC(51) Post Compact
[40.707s][info][gc,phases      ] GC(51) Post Compact 2.252ms
[40.707s][info][gc,heap        ] GC(51) PSYoungGen: 111616K(222720K)->111602K(222720K) Eden: 111616K(111616K)->111602K(111616K) From: 0K(111104K)->0K(111104K)
[40.707s][info][gc,heap        ] GC(51) ParOldGen: 667408K(667648K)->667408K(667648K)
[40.707s][info][gc,metaspace   ] GC(51) Metaspace: 16870K(17152K)->16870K(17152K) NonClass: 15534K(15744K)->15534K(15744K) Class: 1335K(1408K)->1335K(1408K)
[40.707s][info][gc             ] GC(51) Pause Full (Allocation Failure) 760M->760M(869M) 616.319ms
[40.707s][info][gc,cpu         ] GC(51) User=1.21s Sys=0.01s Real=0.62s
[40.708s][info][gc,start       ] GC(52) Pause Full (Allocation Failure)
[40.708s][info][gc,phases,start] GC(52) Marking Phase
[41.036s][info][gc,phases      ] GC(52) Marking Phase 328.679ms
[41.036s][info][gc,phases,start] GC(52) Summary Phase
[41.036s][info][gc,phases      ] GC(52) Summary Phase 0.024ms
[41.036s][info][gc,phases,start] GC(52) Forward
[41.056s][info][gc,phases      ] GC(52) Forward 19.101ms
[41.056s][info][gc,phases,start] GC(52) Adjust Pointers
[41.233s][info][gc,phases      ] GC(52) Adjust Pointers 177.333ms
[41.233s][info][gc,phases,start] GC(52) Compaction Phase
[41.321s][info][gc,phases      ] GC(52) Compaction Phase 87.735ms
[41.321s][info][gc,phases,start] GC(52) Post Compact
[41.323s][info][gc,phases      ] GC(52) Post Compact 2.299ms
[41.323s][info][gc,heap        ] GC(52) PSYoungGen: 111616K(222720K)->111605K(222720K) Eden: 111616K(111616K)->111605K(111616K) From: 0K(111104K)->0K(111104K)
[41.323s][info][gc,heap        ] GC(52) ParOldGen: 667408K(667648K)->667408K(667648K)
[41.323s][info][gc,metaspace   ] GC(52) Metaspace: 16870K(17152K)->16870K(17152K) NonClass: 15534K(15744K)->15534K(15744K) Class: 1335K(1408K)->1335K(1408K)
[41.323s][info][gc             ] GC(52) Pause Full (Allocation Failure) 760M->760M(869M) 615.614ms
[41.323s][info][gc,cpu         ] GC(52) User=1.21s Sys=0.00s Real=0.61s
[41.324s][info][gc,start       ] GC(53) Pause Full (Allocation Failure)
[41.324s][info][gc,phases,start] GC(53) Marking Phase
[41.687s][info][gc,phases      ] GC(53) Marking Phase 362.769ms
[41.687s][info][gc,phases,start] GC(53) Summary Phase
[41.687s][info][gc,phases      ] GC(53) Summary Phase 0.022ms
[41.687s][info][gc,phases,start] GC(53) Forward
[41.706s][info][gc,phases      ] GC(53) Forward 19.252ms
[41.706s][info][gc,phases,start] GC(53) Adjust Pointers
[41.888s][info][gc,phases      ] GC(53) Adjust Pointers 181.968ms
[41.888s][info][gc,phases,start] GC(53) Compaction Phase
[41.975s][info][gc,phases      ] GC(53) Compaction Phase 86.417ms
[41.975s][info][gc,phases,start] GC(53) Post Compact
[41.977s][info][gc,phases      ] GC(53) Post Compact 2.266ms
[41.977s][info][gc,heap        ] GC(53) PSYoungGen: 111616K(222720K)->111606K(222720K) Eden: 111616K(111616K)->111606K(111616K) From: 0K(111104K)->0K(111104K)
[41.977s][info][gc,heap        ] GC(53) ParOldGen: 667408K(667648K)->667408K(667648K)
[41.977s][info][gc,metaspace   ] GC(53) Metaspace: 16870K(17152K)->16870K(17152K) NonClass: 15534K(15744K)->15534K(15744K) Class: 1335K(1408K)->1335K(1408K)
[41.977s][info][gc             ] GC(53) Pause Full (Allocation Failure) 760M->760M(869M) 653.054ms
[41.977s][info][gc,cpu         ] GC(53) User=1.29s Sys=0.00s Real=0.65s
[41.978s][info][gc,start       ] GC(54) Pause Full (Allocation Failure)
[41.978s][info][gc,phases,start] GC(54) Marking Phase
[42.312s][info][gc,phases      ] GC(54) Marking Phase 334.609ms
[42.313s][info][gc,phases,start] GC(54) Summary Phase
[42.313s][info][gc,phases      ] GC(54) Summary Phase 0.024ms
[42.313s][info][gc,phases,start] GC(54) Forward
[42.331s][info][gc,phases      ] GC(54) Forward 18.878ms
[42.331s][info][gc,phases,start] GC(54) Adjust Pointers
[42.510s][info][gc,phases      ] GC(54) Adjust Pointers 178.248ms
[42.510s][info][gc,phases,start] GC(54) Compaction Phase
[42.597s][info][gc,phases      ] GC(54) Compaction Phase 87.023ms
[42.597s][info][gc,phases,start] GC(54) Post Compact
[42.599s][info][gc,phases      ] GC(54) Post Compact 2.278ms
[42.599s][info][gc,heap        ] GC(54) PSYoungGen: 111615K(222720K)->111608K(222720K) Eden: 111615K(111616K)->111608K(111616K) From: 0K(111104K)->0K(111104K)
[42.599s][info][gc,heap        ] GC(54) ParOldGen: 667408K(667648K)->667408K(667648K)
[42.599s][info][gc,metaspace   ] GC(54) Metaspace: 16870K(17152K)->16870K(17152K) NonClass: 15534K(15744K)->15534K(15744K) Class: 1335K(1408K)->1335K(1408K)
[42.599s][info][gc             ] GC(54) Pause Full (Allocation Failure) 760M->760M(869M) 621.449ms
[42.599s][info][gc,cpu         ] GC(54) User=1.22s Sys=0.00s Real=0.62s
[42.600s][info][gc,start       ] GC(55) Pause Full (Allocation Failure)
[42.600s][info][gc,phases,start] GC(55) Marking Phase
[42.931s][info][gc,phases      ] GC(55) Marking Phase 331.135ms
[42.931s][info][gc,phases,start] GC(55) Summary Phase
[42.931s][info][gc,phases      ] GC(55) Summary Phase 0.025ms
[42.931s][info][gc,phases,start] GC(55) Forward
[42.951s][info][gc,phases      ] GC(55) Forward 19.322ms
[42.951s][info][gc,phases,start] GC(55) Adjust Pointers
[43.129s][info][gc,phases      ] GC(55) Adjust Pointers 178.224ms
[43.129s][info][gc,phases,start] GC(55) Compaction Phase
[43.216s][info][gc,phases      ] GC(55) Compaction Phase 87.134ms
[43.216s][info][gc,phases,start] GC(55) Post Compact
[43.219s][info][gc,phases      ] GC(55) Post Compact 2.277ms
[43.219s][info][gc,heap        ] GC(55) PSYoungGen: 111616K(222720K)->111609K(222720K) Eden: 111616K(111616K)->111609K(111616K) From: 0K(111104K)->0K(111104K)
[43.219s][info][gc,heap        ] GC(55) ParOldGen: 667408K(667648K)->667408K(667648K)
[43.219s][info][gc,metaspace   ] GC(55) Metaspace: 16870K(17152K)->16870K(17152K) NonClass: 15534K(15744K)->15534K(15744K) Class: 1335K(1408K)->1335K(1408K)
[43.219s][info][gc             ] GC(55) Pause Full (Allocation Failure) 760M->760M(869M) 618.535ms
[43.219s][info][gc,cpu         ] GC(55) User=1.21s Sys=0.00s Real=0.62s
[43.219s][info][gc,start       ] GC(56) Pause Full (Allocation Failure)
[43.219s][info][gc,phases,start] GC(56) Marking Phase
[43.563s][info][gc,phases      ] GC(56) Marking Phase 343.996ms
[43.563s][info][gc,phases,start] GC(56) Summary Phase
[43.563s][info][gc,phases      ] GC(56) Summary Phase 0.027ms
[43.563s][info][gc,phases,start] GC(56) Forward
[43.644s][info][gc,phases      ] GC(56) Forward 80.689ms
[43.644s][info][gc,phases,start] GC(56) Adjust Pointers
[43.848s][info][gc,phases      ] GC(56) Adjust Pointers 204.207ms
[43.848s][info][gc,phases,start] GC(56) Compaction Phase
[43.987s][info][gc,phases      ] GC(56) Compaction Phase 138.225ms
[43.987s][info][gc,phases,start] GC(56) Post Compact
[43.989s][info][metaspace      ] ChkMgr @0x00007fc01c03aa80 (non-class-space): : reclaiming memory...
[43.989s][info][metaspace      ] ChkMgr @0x00007fc01c03aa80 (non-class-space): nothing reclaimed.
[43.989s][info][metaspace      ] ChkMgr @0x00007fc01c03a890 (class-space): : reclaiming memory...
[43.989s][info][metaspace      ] ChkMgr @0x00007fc01c03a890 (class-space): nothing reclaimed.
[43.989s][info][gc,phases      ] GC(56) Post Compact 2.450ms
[43.990s][info][gc,heap        ] GC(56) PSYoungGen: 111615K(222720K)->69114K(222720K) Eden: 111615K(111616K)->69114K(111616K) From: 0K(111104K)->0K(111104K)
[43.990s][info][gc,heap        ] GC(56) ParOldGen: 667408K(667648K)->667292K(667648K)
[43.990s][info][gc,metaspace   ] GC(56) Metaspace: 16870K(17152K)->16770K(17152K) NonClass: 15534K(15744K)->15434K(15744K) Class: 1335K(1408K)->1335K(1408K)
[43.990s][info][gc             ] GC(56) Pause Full (Allocation Failure) 760M->719M(869M) 770.364ms
[43.990s][info][gc,cpu         ] GC(56) User=1.51s Sys=0.00s Real=0.77s
[44.042s][info][gc,start       ] GC(57) Pause Full (Allocation Failure)
[44.042s][info][gc,phases,start] GC(57) Marking Phase
[44.235s][info][gc,phases      ] GC(57) Marking Phase 193.482ms
[44.235s][info][gc,phases,start] GC(57) Summary Phase
[44.236s][info][gc,phases      ] GC(57) Summary Phase 0.035ms
[44.236s][info][gc,phases,start] GC(57) Forward
[44.309s][info][gc,phases      ] GC(57) Forward 73.190ms
[44.309s][info][gc,phases,start] GC(57) Adjust Pointers
[44.425s][info][gc,phases      ] GC(57) Adjust Pointers 116.310ms
[44.425s][info][gc,phases,start] GC(57) Compaction Phase
[44.509s][info][gc,phases      ] GC(57) Compaction Phase 83.915ms
[44.509s][info][gc,phases,start] GC(57) Post Compact
[44.512s][info][gc,phases      ] GC(57) Post Compact 2.278ms
[44.525s][info][gc,heap        ] GC(57) PSYoungGen: 111615K(222720K)->0K(222720K) Eden: 111615K(111616K)->0K(111616K) From: 0K(111104K)->0K(111104K)
[44.525s][info][gc,heap        ] GC(57) ParOldGen: 667292K(667648K)->284024K(492544K)
[44.525s][info][gc,metaspace   ] GC(57) Metaspace: 16778K(17152K)->16778K(17152K) NonClass: 15443K(15744K)->15443K(15744K) Class: 1335K(1408K)->1335K(1408K)
[44.525s][info][gc             ] GC(57) Pause Full (Allocation Failure) 760M->277M(698M) 483.397ms
[44.525s][info][gc,cpu         ] GC(57) User=0.87s Sys=0.02s Real=0.49s
[44.664s][info][gc,start       ] GC(58) Pause Young (Allocation Failure)
[44.690s][info][gc,heap        ] GC(58) PSYoungGen: 111616K(222720K)->23984K(222720K) Eden: 111616K(111616K)->0K(111616K) From: 0K(111104K)->23984K(111104K)
[44.690s][info][gc,heap        ] GC(58) ParOldGen: 284024K(492544K)->284024K(492544K)
[44.690s][info][gc,metaspace   ] GC(58) Metaspace: 16778K(17152K)->16778K(17152K) NonClass: 15443K(15744K)->15443K(15744K) Class: 1335K(1408K)->1335K(1408K)
[44.690s][info][gc             ] GC(58) Pause Young (Allocation Failure) 386M->300M(698M) 26.887ms
[44.690s][info][gc,cpu         ] GC(58) User=0.05s Sys=0.00s Real=0.03s
[44.875s][info][gc,start       ] GC(59) Pause Young (Allocation Failure)
[44.936s][info][gc,heap        ] GC(59) PSYoungGen: 135600K(222720K)->30581K(222720K) Eden: 111616K(111616K)->0K(111616K) From: 23984K(111104K)->30581K(111104K)
[44.936s][info][gc,heap        ] GC(59) ParOldGen: 284024K(492544K)->308088K(492544K)
[44.936s][info][gc,metaspace   ] GC(59) Metaspace: 16785K(17152K)->16785K(17152K) NonClass: 15449K(15744K)->15449K(15744K) Class: 1335K(1408K)->1335K(1408K)
[44.936s][info][gc             ] GC(59) Pause Young (Allocation Failure) 409M->330M(698M) 60.821ms
[44.936s][info][gc,cpu         ] GC(59) User=0.11s Sys=0.00s Real=0.06s
[45.216s][info][gc,start       ] GC(60) Pause Young (Allocation Failure)
[45.259s][info][gc,heap        ] GC(60) PSYoungGen: 142197K(222720K)->24554K(222720K) Eden: 111616K(111616K)->0K(111616K) From: 30581K(111104K)->24554K(111104K)
[45.259s][info][gc,heap        ] GC(60) ParOldGen: 308088K(492544K)->339212K(492544K)
[45.259s][info][gc,metaspace   ] GC(60) Metaspace: 16817K(17152K)->16817K(17152K) NonClass: 15482K(15744K)->15482K(15744K) Class: 1335K(1408K)->1335K(1408K)
[45.259s][info][gc             ] GC(60) Pause Young (Allocation Failure) 439M->355M(698M) 43.107ms
[45.259s][info][gc,cpu         ] GC(60) User=0.08s Sys=0.00s Real=0.04s
[45.522s][info][gc,start       ] GC(61) Pause Young (Allocation Failure)
[45.553s][info][gc,heap        ] GC(61) PSYoungGen: 136170K(222720K)->1120K(222720K) Eden: 111616K(111616K)->0K(111616K) From: 24554K(111104K)->1120K(111104K)
[45.553s][info][gc,heap        ] GC(61) ParOldGen: 339212K(492544K)->368886K(492544K)
[45.553s][info][gc,metaspace   ] GC(61) Metaspace: 16817K(17152K)->16817K(17152K) NonClass: 15482K(15744K)->15482K(15744K) Class: 1335K(1408K)->1335K(1408K)
[45.553s][info][gc             ] GC(61) Pause Young (Allocation Failure) 464M->361M(698M) 31.764ms
[45.553s][info][gc,cpu         ] GC(61) User=0.06s Sys=0.00s Real=0.03s
[45.760s][info][gc,start       ] GC(62) Pause Young (Allocation Failure)
[45.781s][info][gc,heap        ] GC(62) PSYoungGen: 112736K(222720K)->1120K(222720K) Eden: 111616K(111616K)->0K(111616K) From: 1120K(111104K)->1120K(111104K)
[45.781s][info][gc,heap        ] GC(62) ParOldGen: 368886K(492544K)->369982K(492544K)
[45.781s][info][gc,metaspace   ] GC(62) Metaspace: 16817K(17152K)->16817K(17152K) NonClass: 15482K(15744K)->15482K(15744K) Class: 1335K(1408K)->1335K(1408K)
[45.781s][info][gc             ] GC(62) Pause Young (Allocation Failure) 470M->362M(698M) 20.823ms
[45.781s][info][gc,cpu         ] GC(62) User=0.04s Sys=0.00s Real=0.02s
[46.731s][info][gc,start       ] GC(63) Pause Young (Allocation Failure)
[46.801s][info][gc,heap        ] GC(63) PSYoungGen: 112736K(222720K)->68048K(222720K) Eden: 111616K(111616K)->0K(111616K) From: 1120K(111104K)->68048K(111104K)
[46.801s][info][gc,heap        ] GC(63) ParOldGen: 369982K(492544K)->371078K(492544K)
[46.801s][info][gc,metaspace   ] GC(63) Metaspace: 17026K(17344K)->17026K(17344K) NonClass: 15660K(15872K)->15660K(15872K) Class: 1366K(1472K)->1366K(1472K)
[46.801s][info][gc             ] GC(63) Pause Young (Allocation Failure) 471M->428M(698M) 69.927ms
[46.801s][info][gc,cpu         ] GC(63) User=0.14s Sys=0.00s Real=0.07s
[47.114s][info][gc,start       ] GC(64) Pause Young (Allocation Failure)
[47.221s][info][gc,heap        ] GC(64) PSYoungGen: 179664K(222720K)->55744K(222720K) Eden: 111616K(111616K)->0K(111616K) From: 68048K(111104K)->55744K(111104K)
[47.221s][info][gc,heap        ] GC(64) ParOldGen: 371078K(492544K)->439387K(492544K)
[47.221s][info][gc,metaspace   ] GC(64) Metaspace: 17058K(17344K)->17058K(17344K) NonClass: 15691K(15872K)->15691K(15872K) Class: 1367K(1472K)->1367K(1472K)
[47.221s][info][gc             ] GC(64) Pause Young (Allocation Failure) 537M->483M(698M) 107.478ms
[47.221s][info][gc,cpu         ] GC(64) User=0.20s Sys=0.00s Real=0.10s
[47.609s][info][gc,start       ] GC(65) Pause Young (Allocation Failure)
[47.674s][info][gc,heap        ] GC(65) PSYoungGen: 167360K(222720K)->40028K(222720K) Eden: 111616K(111616K)->0K(111616K) From: 55744K(111104K)->40028K(111104K)
[47.674s][info][gc,heap        ] GC(65) ParOldGen: 439387K(492544K)->495387K(495616K)
[47.674s][info][gc,metaspace   ] GC(65) Metaspace: 17199K(17472K)->17199K(17472K) NonClass: 15825K(16000K)->15825K(16000K) Class: 1373K(1472K)->1373K(1472K)
[47.674s][info][gc             ] GC(65) Pause Young (Allocation Failure) 592M->522M(701M) 65.064ms
[47.674s][info][gc,cpu         ] GC(65) User=0.13s Sys=0.01s Real=0.06s
[49.400s][info][gc,start       ] GC(66) Pause Young (Allocation Failure)
[49.439s][info][gc,heap        ] GC(66) PSYoungGen: 151644K(222720K)->26678K(222720K) Eden: 111616K(111616K)->0K(111616K) From: 40028K(111104K)->26678K(111104K)
[49.439s][info][gc,heap        ] GC(66) ParOldGen: 495387K(495616K)->520904K(521216K)
[49.439s][info][gc,metaspace   ] GC(66) Metaspace: 17280K(17536K)->17280K(17536K) NonClass: 15906K(16064K)->15906K(16064K) Class: 1374K(1472K)->1374K(1472K)
[49.439s][info][gc             ] GC(66) Pause Young (Allocation Failure) 631M->534M(726M) 39.065ms
[49.439s][info][gc,cpu         ] GC(66) User=0.06s Sys=0.03s Real=0.04s
[51.288s][info][gc,start       ] GC(67) Pause Young (Allocation Failure)
[51.321s][info][gc,heap        ] GC(67) PSYoungGen: 136783K(222720K)->41945K(222720K) Eden: 110105K(111616K)->0K(111616K) From: 26678K(111104K)->41945K(111104K)
[51.321s][info][gc,heap        ] GC(67) ParOldGen: 520904K(521216K)->547378K(547840K)
[51.321s][info][gc,metaspace   ] GC(67) Metaspace: 17295K(17536K)->17295K(17536K) NonClass: 15920K(16064K)->15920K(16064K) Class: 1375K(1472K)->1375K(1472K)
[51.321s][info][gc             ] GC(67) Pause Young (Allocation Failure) 642M->575M(752M) 32.832ms
[51.321s][info][gc,cpu         ] GC(67) User=0.04s Sys=0.03s Real=0.03s
[51.771s][info][gc,start       ] GC(68) Pause Young (Allocation Failure)
[51.815s][info][gc,heap        ] GC(68) PSYoungGen: 145585K(222720K)->86518K(222720K) Eden: 103639K(111616K)->0K(111616K) From: 41945K(111104K)->86518K(111104K)
[51.815s][info][gc,heap        ] GC(68) ParOldGen: 547378K(547840K)->585412K(585728K)
[51.815s][info][gc,metaspace   ] GC(68) Metaspace: 17303K(17536K)->17303K(17536K) NonClass: 15928K(16064K)->15928K(16064K) Class: 1375K(1472K)->1375K(1472K)
[51.815s][info][gc             ] GC(68) Pause Young (Allocation Failure) 676M->656M(789M) 44.081ms
[51.815s][info][gc,cpu         ] GC(68) User=0.05s Sys=0.04s Real=0.05s
[52.560s][info][gc,start       ] GC(69) Pause Full (Allocation Failure)
[52.560s][info][gc,phases,start] GC(69) Marking Phase
[52.843s][info][gc,phases      ] GC(69) Marking Phase 283.755ms
[52.843s][info][gc,phases,start] GC(69) Summary Phase
[52.843s][info][gc,phases      ] GC(69) Summary Phase 0.031ms
[52.843s][info][gc,phases,start] GC(69) Forward
[52.930s][info][gc,phases      ] GC(69) Forward 86.031ms
[52.930s][info][gc,phases,start] GC(69) Adjust Pointers
[53.110s][info][gc,phases      ] GC(69) Adjust Pointers 180.884ms
[53.111s][info][gc,phases,start] GC(69) Compaction Phase
[53.249s][info][gc,phases      ] GC(69) Compaction Phase 138.822ms
[53.250s][info][gc,phases,start] GC(69) Post Compact
[53.252s][info][gc,phases      ] GC(69) Post Compact 2.509ms
[53.252s][info][gc,heap        ] GC(69) PSYoungGen: 193417K(222720K)->3569K(222720K) Eden: 106899K(111616K)->0K(111616K) From: 86518K(111104K)->3569K(111104K)
[53.252s][info][gc,heap        ] GC(69) ParOldGen: 585412K(585728K)->582338K(667648K)
[53.252s][info][gc,metaspace   ] GC(69) Metaspace: 17320K(17600K)->17320K(17600K) NonClass: 15945K(16128K)->15945K(16128K) Class: 1375K(1472K)->1375K(1472K)
[53.252s][info][gc             ] GC(69) Pause Full (Allocation Failure) 760M->572M(869M) 692.774ms
[53.252s][info][gc,cpu         ] GC(69) User=1.33s Sys=0.00s Real=0.69s
[53.714s][info][gc,start       ] GC(70) Pause Full (Allocation Failure)
[53.715s][info][gc,phases,start] GC(70) Marking Phase
[53.729s][info][gc,phases      ] GC(70) Marking Phase 14.133ms
[53.729s][info][gc,phases,start] GC(70) Summary Phase
[53.729s][info][gc,phases      ] GC(70) Summary Phase 0.025ms
[53.729s][info][gc,phases,start] GC(70) Forward
[53.730s][info][gc,phases      ] GC(70) Forward 1.100ms
[53.730s][info][gc,phases,start] GC(70) Adjust Pointers
[53.737s][info][gc,phases      ] GC(70) Adjust Pointers 7.386ms
[53.737s][info][gc,phases,start] GC(70) Compaction Phase
[53.754s][info][gc,phases      ] GC(70) Compaction Phase 16.858ms
[53.754s][info][gc,phases,start] GC(70) Post Compact
[53.756s][info][gc,phases      ] GC(70) Post Compact 2.157ms
[53.774s][info][gc,heap        ] GC(70) PSYoungGen: 113590K(222720K)->0K(222720K) Eden: 110021K(111616K)->0K(111616K) From: 3569K(111104K)->0K(111104K)
[53.774s][info][gc,heap        ] GC(70) ParOldGen: 582338K(667648K)->164934K(357376K)
[53.774s][info][gc,metaspace   ] GC(70) Metaspace: 17320K(17600K)->17320K(17600K) NonClass: 15945K(16128K)->15945K(16128K) Class: 1375K(1472K)->1375K(1472K)
[53.774s][info][gc             ] GC(70) Pause Full (Allocation Failure) 679M->161M(566M) 59.255ms
[53.774s][info][gc,cpu         ] GC(70) User=0.07s Sys=0.02s Real=0.05s
[54.324s][info][gc,start       ] GC(71) Pause Young (Allocation Failure)
[54.332s][info][gc,heap        ] GC(71) PSYoungGen: 100960K(222720K)->51246K(222720K) Eden: 100960K(111616K)->0K(111616K) From: 0K(111104K)->51246K(111104K)
[54.332s][info][gc,heap        ] GC(71) ParOldGen: 164934K(357376K)->164934K(357376K)
[54.332s][info][gc,metaspace   ] GC(71) Metaspace: 17320K(17600K)->17320K(17600K) NonClass: 15945K(16128K)->15945K(16128K) Class: 1375K(1472K)->1375K(1472K)
[54.332s][info][gc             ] GC(71) Pause Young (Allocation Failure) 259M->211M(566M) 7.279ms
[54.332s][info][gc,cpu         ] GC(71) User=0.01s Sys=0.00s Real=0.00s
[54.523s][info][gc,start       ] GC(72) Pause Young (Allocation Failure)
[54.541s][info][gc,heap        ] GC(72) PSYoungGen: 162862K(222720K)->46947K(222720K) Eden: 111616K(111616K)->0K(111616K) From: 51246K(111104K)->46947K(111104K)
[54.541s][info][gc,heap        ] GC(72) ParOldGen: 164934K(357376K)->185927K(357376K)
[54.541s][info][gc,metaspace   ] GC(72) Metaspace: 17320K(17600K)->17320K(17600K) NonClass: 15945K(16128K)->15945K(16128K) Class: 1375K(1472K)->1375K(1472K)
[54.541s][info][gc             ] GC(72) Pause Young (Allocation Failure) 320M->227M(566M) 17.848ms
[54.541s][info][gc,cpu         ] GC(72) User=0.04s Sys=0.00s Real=0.02s
[54.621s][info][gc,start       ] GC(73) Pause Young (Allocation Failure)
[54.658s][info][gc,heap        ] GC(73) PSYoungGen: 158563K(222720K)->56655K(222720K) Eden: 111616K(111616K)->0K(111616K) From: 46947K(111104K)->56655K(111104K)
[54.658s][info][gc,heap        ] GC(73) ParOldGen: 185927K(357376K)->232913K(357376K)
[54.658s][info][gc,metaspace   ] GC(73) Metaspace: 17320K(17600K)->17320K(17600K) NonClass: 15945K(16128K)->15945K(16128K) Class: 1375K(1472K)->1375K(1472K)
[54.659s][info][gc             ] GC(73) Pause Young (Allocation Failure) 336M->282M(566M) 37.591ms
[54.659s][info][gc,cpu         ] GC(73) User=0.08s Sys=0.00s Real=0.04s
[54.739s][info][gc,start       ] GC(74) Pause Young (Allocation Failure)
[54.785s][info][gc,heap        ] GC(74) PSYoungGen: 168271K(222720K)->56724K(219648K) Eden: 111616K(111616K)->0K(111616K) From: 56655K(111104K)->56724K(108032K)
[54.785s][info][gc,heap        ] GC(74) ParOldGen: 232913K(357376K)->289544K(357376K)
[54.785s][info][gc,metaspace   ] GC(74) Metaspace: 17320K(17600K)->17320K(17600K) NonClass: 15945K(16128K)->15945K(16128K) Class: 1375K(1472K)->1375K(1472K)
[54.785s][info][gc             ] GC(74) Pause Young (Allocation Failure) 391M->338M(563M) 46.027ms
[54.785s][info][gc,cpu         ] GC(74) User=0.09s Sys=0.00s Real=0.05s
[54.860s][info][gc,start       ] GC(75) Pause Young (Allocation Failure)
[54.904s][info][gc,heap        ] GC(75) PSYoungGen: 160147K(219648K)->106314K(221184K) Eden: 103423K(111616K)->0K(111616K) From: 56724K(108032K)->106314K(109568K)
[54.904s][info][gc,heap        ] GC(75) ParOldGen: 289544K(357376K)->289544K(357376K)
[54.904s][info][gc,metaspace   ] GC(75) Metaspace: 17320K(17600K)->17320K(17600K) NonClass: 15945K(16128K)->15945K(16128K) Class: 1375K(1472K)->1375K(1472K)
[54.904s][info][gc             ] GC(75) Pause Young (Allocation Failure) 439M->386M(565M) 43.800ms
[54.904s][info][gc,cpu         ] GC(75) User=0.09s Sys=0.00s Real=0.04s
[55.172s][info][gc,start       ] GC(76) Pause Young (Allocation Failure)
[55.249s][info][gc,heap        ] GC(76) PSYoungGen: 198188K(221184K)->91379K(222720K) Eden: 91874K(111616K)->0K(111616K) From: 106314K(109568K)->91379K(111104K)
[55.249s][info][gc,heap        ] GC(76) ParOldGen: 289544K(357376K)->396188K(396288K)
[55.249s][info][gc,metaspace   ] GC(76) Metaspace: 17320K(17600K)->17320K(17600K) NonClass: 15945K(16128K)->15945K(16128K) Class: 1375K(1472K)->1375K(1472K)
[55.249s][info][gc             ] GC(76) Pause Young (Allocation Failure) 476M->476M(604M) 76.997ms
[55.249s][info][gc,cpu         ] GC(76) User=0.13s Sys=0.03s Real=0.08s
[56.961s][info][gc,start       ] GC(77) Pause Young (Allocation Failure)
[57.038s][info][gc,heap        ] GC(77) PSYoungGen: 202995K(222720K)->51362K(222720K) Eden: 111616K(111616K)->0K(111616K) From: 91379K(111104K)->51362K(111104K)
[57.038s][info][gc,heap        ] GC(77) ParOldGen: 396188K(396288K)->457081K(457728K)
[57.038s][info][gc,metaspace   ] GC(77) Metaspace: 17398K(17664K)->17398K(17664K) NonClass: 16011K(16192K)->16011K(16192K) Class: 1387K(1472K)->1387K(1472K)
[57.038s][info][gc             ] GC(77) Pause Young (Allocation Failure) 585M->496M(664M) 77.426ms
[57.038s][info][gc,cpu         ] GC(77) User=0.11s Sys=0.05s Real=0.08s
[57.378s][info][gc,start       ] GC(78) Pause Young (Allocation Failure)
[57.543s][info][gc,heap        ] GC(78) PSYoungGen: 162978K(222720K)->56977K(222720K) Eden: 111616K(111616K)->0K(111616K) From: 51362K(111104K)->56977K(111104K)
[57.543s][info][gc,heap        ] GC(78) ParOldGen: 457081K(457728K)->508541K(508928K)
[57.543s][info][gc,metaspace   ] GC(78) Metaspace: 17436K(17728K)->17436K(17728K) NonClass: 16048K(16256K)->16048K(16256K) Class: 1387K(1472K)->1387K(1472K)
[57.543s][info][gc             ] GC(78) Pause Young (Allocation Failure) 605M->552M(714M) 164.892ms
[57.543s][info][gc,cpu         ] GC(78) User=0.29s Sys=0.04s Real=0.16s
[58.136s][info][gc,start       ] GC(79) Pause Young (Allocation Failure)
[58.251s][info][gc,heap        ] GC(79) PSYoungGen: 168593K(222720K)->68482K(222720K) Eden: 111616K(111616K)->0K(111616K) From: 56977K(111104K)->68482K(111104K)
[58.251s][info][gc,heap        ] GC(79) ParOldGen: 508541K(508928K)->565653K(565760K)
[58.251s][info][gc,metaspace   ] GC(79) Metaspace: 17575K(17792K)->17575K(17792K) NonClass: 16180K(16320K)->16180K(16320K) Class: 1394K(1472K)->1394K(1472K)
[58.251s][info][gc             ] GC(79) Pause Young (Allocation Failure) 661M->619M(770M) 115.683ms
[58.251s][info][gc,cpu         ] GC(79) User=0.18s Sys=0.05s Real=0.11s
[60.355s][info][gc,start       ] GC(80) Pause Full (Allocation Failure)
[60.355s][info][gc,phases,start] GC(80) Marking Phase
[60.482s][info][gc,phases      ] GC(80) Marking Phase 127.426ms
[60.482s][info][gc,phases,start] GC(80) Summary Phase
[60.482s][info][gc,phases      ] GC(80) Summary Phase 0.028ms
[60.482s][info][gc,phases,start] GC(80) Forward
[60.536s][info][gc,phases      ] GC(80) Forward 53.496ms
[60.536s][info][gc,phases,start] GC(80) Adjust Pointers
[60.620s][info][gc,phases      ] GC(80) Adjust Pointers 84.466ms
[60.620s][info][gc,phases,start] GC(80) Compaction Phase
[60.712s][info][gc,phases      ] GC(80) Compaction Phase 91.276ms
[60.712s][info][gc,phases,start] GC(80) Post Compact
[60.714s][info][gc,phases      ] GC(80) Post Compact 2.085ms
[60.714s][info][gc,heap        ] GC(80) PSYoungGen: 180098K(222720K)->20686K(222720K) Eden: 111616K(111616K)->0K(111616K) From: 68482K(111104K)->20686K(111104K)
[60.714s][info][gc,heap        ] GC(80) ParOldGen: 565653K(565760K)->565617K(667648K)
[60.714s][info][gc,metaspace   ] GC(80) Metaspace: 17583K(17792K)->17583K(17792K) NonClass: 16188K(16320K)->16188K(16320K) Class: 1394K(1472K)->1394K(1472K)
[60.714s][info][gc             ] GC(80) Pause Full (Allocation Failure) 728M->572M(869M) 359.545ms
[60.714s][info][gc,cpu         ] GC(80) User=0.66s Sys=0.00s Real=0.36s
[60.833s][info][gc,start       ] GC(81) Pause Full (Allocation Failure)
[60.833s][info][gc,phases,start] GC(81) Marking Phase
[60.904s][info][gc,phases      ] GC(81) Marking Phase 71.094ms
[60.904s][info][gc,phases,start] GC(81) Summary Phase
[60.904s][info][gc,phases      ] GC(81) Summary Phase 0.023ms
[60.904s][info][gc,phases,start] GC(81) Forward
[60.929s][info][gc,phases      ] GC(81) Forward 24.442ms
[60.929s][info][gc,phases,start] GC(81) Adjust Pointers
[60.967s][info][gc,phases      ] GC(81) Adjust Pointers 38.416ms
[60.967s][info][gc,phases,start] GC(81) Compaction Phase
[61.019s][info][gc,phases      ] GC(81) Compaction Phase 51.459ms
[61.019s][info][gc,phases,start] GC(81) Post Compact
[61.021s][info][gc,phases      ] GC(81) Post Compact 2.083ms
[61.021s][info][gc,heap        ] GC(81) PSYoungGen: 132302K(222720K)->0K(222720K) Eden: 111616K(111616K)->0K(111616K) From: 20686K(111104K)->0K(111104K)
[61.021s][info][gc,heap        ] GC(81) ParOldGen: 565617K(667648K)->371499K(582144K)
[61.021s][info][gc,metaspace   ] GC(81) Metaspace: 17583K(17792K)->17583K(17792K) NonClass: 16188K(16320K)->16188K(16320K) Class: 1394K(1472K)->1394K(1472K)
[61.021s][info][gc             ] GC(81) Pause Full (Allocation Failure) 681M->362M(786M) 187.966ms
[61.021s][info][gc,cpu         ] GC(81) User=0.35s Sys=0.00s Real=0.19s
[61.131s][info][gc,start       ] GC(82) Pause Young (Allocation Failure)
[61.166s][info][gc,heap        ] GC(82) PSYoungGen: 111616K(222720K)->80048K(222720K) Eden: 111616K(111616K)->0K(111616K) From: 0K(111104K)->80048K(111104K)
[61.166s][info][gc,heap        ] GC(82) ParOldGen: 371499K(582144K)->371499K(582144K)
[61.166s][info][gc,metaspace   ] GC(82) Metaspace: 17583K(17792K)->17583K(17792K) NonClass: 16188K(16320K)->16188K(16320K) Class: 1394K(1472K)->1394K(1472K)
[61.166s][info][gc             ] GC(82) Pause Young (Allocation Failure) 471M->440M(786M) 34.568ms
[61.166s][info][gc,cpu         ] GC(82) User=0.06s Sys=0.00s Real=0.04s
[61.278s][info][gc,start       ] GC(83) Pause Young (Allocation Failure)
[61.348s][info][gc,heap        ] GC(83) PSYoungGen: 191664K(222720K)->74948K(222720K) Eden: 111616K(111616K)->0K(111616K) From: 80048K(111104K)->74948K(111104K)
[61.348s][info][gc,heap        ] GC(83) ParOldGen: 371499K(582144K)->451226K(582144K)
[61.348s][info][gc,metaspace   ] GC(83) Metaspace: 17583K(17792K)->17583K(17792K) NonClass: 16188K(16320K)->16188K(16320K) Class: 1394K(1472K)->1394K(1472K)
[61.348s][info][gc             ] GC(83) Pause Young (Allocation Failure) 549M->513M(786M) 69.815ms
[61.348s][info][gc,cpu         ] GC(83) User=0.14s Sys=0.00s Real=0.07s
[61.681s][info][gc,start       ] GC(84) Pause Young (Allocation Failure)
[61.733s][info][gc,heap        ] GC(84) PSYoungGen: 186564K(222720K)->107512K(222720K) Eden: 111616K(111616K)->0K(111616K) From: 74948K(111104K)->107512K(111104K)
[61.733s][info][gc,heap        ] GC(84) ParOldGen: 451226K(582144K)->525076K(582144K)
[61.733s][info][gc,metaspace   ] GC(84) Metaspace: 17589K(17792K)->17589K(17792K) NonClass: 16193K(16320K)->16193K(16320K) Class: 1396K(1472K)->1396K(1472K)
[61.733s][info][gc             ] GC(84) Pause Young (Allocation Failure) 622M->617M(786M) 52.611ms
[61.733s][info][gc,cpu         ] GC(84) User=0.11s Sys=0.00s Real=0.05s
[62.643s][info][gc,start       ] GC(85) Pause Young (Allocation Failure)
[62.723s][info][gc,heap        ] GC(85) PSYoungGen: 214923K(222720K)->91637K(222720K) Eden: 107410K(111616K)->0K(111616K) From: 107512K(111104K)->91637K(111104K)
[62.723s][info][gc,heap        ] GC(85) ParOldGen: 525076K(582144K)->626093K(626176K)
[62.723s][info][gc,metaspace   ] GC(85) Metaspace: 17639K(17856K)->17639K(17856K) NonClass: 16225K(16384K)->16225K(16384K) Class: 1414K(1472K)->1414K(1472K)
[62.724s][info][gc             ] GC(85) Pause Young (Allocation Failure) 722M->700M(829M) 80.283ms
[62.724s][info][gc,cpu         ] GC(85) User=0.11s Sys=0.04s Real=0.08s
[62.816s][info][gc,start       ] GC(86) Pause Full (Allocation Failure)
[62.816s][info][gc,phases,start] GC(86) Marking Phase
[62.933s][info][gc,phases      ] GC(86) Marking Phase 116.336ms
[62.933s][info][gc,phases,start] GC(86) Summary Phase
[62.933s][info][gc,phases      ] GC(86) Summary Phase 0.025ms
[62.933s][info][gc,phases,start] GC(86) Forward
[62.976s][info][gc,phases      ] GC(86) Forward 43.658ms
[62.976s][info][gc,phases,start] GC(86) Adjust Pointers
[63.052s][info][gc,phases      ] GC(86) Adjust Pointers 75.685ms
[63.052s][info][gc,phases,start] GC(86) Compaction Phase
[63.155s][info][gc,phases      ] GC(86) Compaction Phase 102.980ms
[63.155s][info][gc,phases,start] GC(86) Post Compact
[63.158s][info][gc,phases      ] GC(86) Post Compact 2.411ms
[63.158s][info][gc,heap        ] GC(86) PSYoungGen: 200178K(222720K)->77437K(222720K) Eden: 108540K(111616K)->0K(111616K) From: 91637K(111104K)->77437K(111104K)
[63.158s][info][gc,heap        ] GC(86) ParOldGen: 626093K(626176K)->625678K(667648K)
[63.158s][info][gc,metaspace   ] GC(86) Metaspace: 17723K(17984K)->17723K(17984K) NonClass: 16291K(16448K)->16291K(16448K) Class: 1431K(1536K)->1431K(1536K)
[63.158s][info][gc             ] GC(86) Pause Full (Allocation Failure) 806M->686M(869M) 341.724ms
[63.158s][info][gc,cpu         ] GC(86) User=0.65s Sys=0.01s Real=0.34s
[63.822s][info][gc,start       ] GC(87) Pause Full (Allocation Failure)
[63.822s][info][gc,phases,start] GC(87) Marking Phase
[63.864s][info][gc,phases      ] GC(87) Marking Phase 42.087ms
[63.864s][info][gc,phases,start] GC(87) Summary Phase
[63.864s][info][gc,phases      ] GC(87) Summary Phase 0.026ms
[63.864s][info][gc,phases,start] GC(87) Forward
[63.881s][info][gc,phases      ] GC(87) Forward 16.723ms
[63.881s][info][gc,phases,start] GC(87) Adjust Pointers
[63.908s][info][gc,phases      ] GC(87) Adjust Pointers 26.791ms
[63.908s][info][gc,phases,start] GC(87) Compaction Phase
[63.959s][info][gc,phases      ] GC(87) Compaction Phase 50.931ms
[63.959s][info][gc,phases,start] GC(87) Post Compact
[63.961s][info][gc,phases      ] GC(87) Post Compact 2.388ms
[63.961s][info][gc,heap        ] GC(87) PSYoungGen: 189053K(222720K)->0K(222720K) Eden: 111616K(111616K)->0K(111616K) From: 77437K(111104K)->0K(111104K)
[63.961s][info][gc,heap        ] GC(87) ParOldGen: 625678K(667648K)->563423K(667648K)
[63.961s][info][gc,metaspace   ] GC(87) Metaspace: 17913K(18176K)->17913K(18176K) NonClass: 16467K(16640K)->16467K(16640K) Class: 1446K(1536K)->1446K(1536K)
[63.961s][info][gc             ] GC(87) Pause Full (Allocation Failure) 795M->550M(869M) 139.319ms
[63.961s][info][gc,cpu         ] GC(87) User=0.25s Sys=0.00s Real=0.14s
[64.719s][info][gc,start       ] GC(88) Pause Full (Allocation Failure)
[64.719s][info][gc,phases,start] GC(88) Marking Phase
[64.802s][info][gc,phases      ] GC(88) Marking Phase 83.511ms
[64.802s][info][gc,phases,start] GC(88) Summary Phase
[64.802s][info][gc,phases      ] GC(88) Summary Phase 0.022ms
[64.802s][info][gc,phases,start] GC(88) Forward
[64.826s][info][gc,phases      ] GC(88) Forward 23.833ms
[64.826s][info][gc,phases,start] GC(88) Adjust Pointers
[64.871s][info][gc,phases      ] GC(88) Adjust Pointers 44.432ms
[64.871s][info][gc,phases,start] GC(88) Compaction Phase
[64.931s][info][gc,phases      ] GC(88) Compaction Phase 60.485ms
[64.931s][info][gc,phases,start] GC(88) Post Compact
[64.933s][info][gc,phases      ] GC(88) Post Compact 1.990ms
[64.933s][info][gc,heap        ] GC(88) PSYoungGen: 111616K(222720K)->0K(222720K) Eden: 111616K(111616K)->0K(111616K) From: 0K(111104K)->0K(111104K)
[64.933s][info][gc,heap        ] GC(88) ParOldGen: 563423K(667648K)->570728K(667648K)
[64.933s][info][gc,metaspace   ] GC(88) Metaspace: 18011K(18304K)->18011K(18304K) NonClass: 16562K(16768K)->16562K(16768K) Class: 1448K(1536K)->1448K(1536K)
[64.933s][info][gc             ] GC(88) Pause Full (Allocation Failure) 659M->557M(869M) 214.729ms
[64.934s][info][gc,cpu         ] GC(88) User=0.41s Sys=0.00s Real=0.21s
[65.101s][info][gc,start       ] GC(89) Pause Full (Allocation Failure)
[65.101s][info][gc,phases,start] GC(89) Marking Phase
[65.241s][info][gc,phases      ] GC(89) Marking Phase 139.911ms
[65.241s][info][gc,phases,start] GC(89) Summary Phase
[65.241s][info][gc,phases      ] GC(89) Summary Phase 0.022ms
[65.241s][info][gc,phases,start] GC(89) Forward
[65.257s][info][gc,phases      ] GC(89) Forward 16.658ms
[65.257s][info][gc,phases,start] GC(89) Adjust Pointers
[65.332s][info][gc,phases      ] GC(89) Adjust Pointers 74.579ms
[65.332s][info][gc,phases,start] GC(89) Compaction Phase
[65.400s][info][gc,phases      ] GC(89) Compaction Phase 67.769ms
[65.400s][info][gc,phases,start] GC(89) Post Compact
[65.403s][info][gc,phases      ] GC(89) Post Compact 3.058ms
[65.403s][info][gc,heap        ] GC(89) PSYoungGen: 111616K(222720K)->0K(222720K) Eden: 111616K(111616K)->0K(111616K) From: 0K(111104K)->0K(111104K)
[65.403s][info][gc,heap        ] GC(89) ParOldGen: 570728K(667648K)->666602K(667648K)
[65.403s][info][gc,metaspace   ] GC(89) Metaspace: 18011K(18304K)->18011K(18304K) NonClass: 16562K(16768K)->16562K(16768K) Class: 1448K(1536K)->1448K(1536K)
[65.403s][info][gc             ] GC(89) Pause Full (Allocation Failure) 666M->650M(869M) 302.364ms
[65.403s][info][gc,cpu         ] GC(89) User=0.55s Sys=0.02s Real=0.30s
[65.510s][info][gc,start       ] GC(90) Pause Full (Allocation Failure)
[65.510s][info][gc,phases,start] GC(90) Marking Phase
[65.712s][info][gc,phases      ] GC(90) Marking Phase 202.021ms
[65.713s][info][gc,phases,start] GC(90) Summary Phase
[65.713s][info][gc,phases      ] GC(90) Summary Phase 0.023ms
[65.713s][info][gc,phases,start] GC(90) Forward
[65.785s][info][gc,phases      ] GC(90) Forward 72.749ms
[65.785s][info][gc,phases,start] GC(90) Adjust Pointers
[65.899s][info][gc,phases      ] GC(90) Adjust Pointers 113.917ms
[65.899s][info][gc,phases,start] GC(90) Compaction Phase
[66.013s][info][gc,phases      ] GC(90) Compaction Phase 113.884ms
[66.013s][info][gc,phases,start] GC(90) Post Compact
[66.016s][info][gc,phases      ] GC(90) Post Compact 2.202ms
[66.016s][info][gc,heap        ] GC(90) PSYoungGen: 111616K(222720K)->54164K(222720K) Eden: 111616K(111616K)->54164K(111616K) From: 0K(111104K)->0K(111104K)
[66.016s][info][gc,heap        ] GC(90) ParOldGen: 666602K(667648K)->667379K(667648K)
[66.016s][info][gc,metaspace   ] GC(90) Metaspace: 18011K(18304K)->18011K(18304K) NonClass: 16562K(16768K)->16562K(16768K) Class: 1448K(1536K)->1448K(1536K)
[66.016s][info][gc             ] GC(90) Pause Full (Allocation Failure) 759M->704M(869M) 505.297ms
[66.016s][info][gc,cpu         ] GC(90) User=0.94s Sys=0.00s Real=0.51s
[66.074s][info][gc,start       ] GC(91) Pause Full (Allocation Failure)
[66.074s][info][gc,phases,start] GC(91) Marking Phase
[66.301s][info][gc,phases      ] GC(91) Marking Phase 226.479ms
[66.301s][info][gc,phases,start] GC(91) Summary Phase
[66.301s][info][gc,phases      ] GC(91) Summary Phase 0.021ms
[66.301s][info][gc,phases,start] GC(91) Forward
[66.328s][info][gc,phases      ] GC(91) Forward 27.408ms
[66.329s][info][gc,phases,start] GC(91) Adjust Pointers
[66.448s][info][gc,phases      ] GC(91) Adjust Pointers 119.339ms
[66.448s][info][gc,phases,start] GC(91) Compaction Phase
[66.516s][info][gc,phases      ] GC(91) Compaction Phase 68.393ms
[66.516s][info][gc,phases,start] GC(91) Post Compact
[66.519s][info][gc,phases      ] GC(91) Post Compact 2.335ms
[66.519s][info][gc,heap        ] GC(91) PSYoungGen: 111616K(222720K)->100051K(222720K) Eden: 111616K(111616K)->100051K(111616K) From: 0K(111104K)->0K(111104K)
[66.519s][info][gc,heap        ] GC(91) ParOldGen: 667379K(667648K)->667379K(667648K)
[66.519s][info][gc,metaspace   ] GC(91) Metaspace: 18011K(18304K)->18011K(18304K) NonClass: 16562K(16768K)->16562K(16768K) Class: 1448K(1536K)->1448K(1536K)
[66.519s][info][gc             ] GC(91) Pause Full (Allocation Failure) 760M->749M(869M) 444.366ms
[66.519s][info][gc,cpu         ] GC(91) User=0.83s Sys=0.00s Real=0.44s
[66.531s][info][gc,start       ] GC(92) Pause Full (Allocation Failure)
[66.531s][info][gc,phases,start] GC(92) Marking Phase
[66.758s][info][gc,phases      ] GC(92) Marking Phase 226.765ms
[66.758s][info][gc,phases,start] GC(92) Summary Phase
[66.758s][info][gc,phases      ] GC(92) Summary Phase 0.020ms
[66.758s][info][gc,phases,start] GC(92) Forward
[66.774s][info][gc,phases      ] GC(92) Forward 15.512ms
[66.774s][info][gc,phases,start] GC(92) Adjust Pointers
[66.889s][info][gc,phases      ] GC(92) Adjust Pointers 115.161ms
[66.889s][info][gc,phases,start] GC(92) Compaction Phase
[66.956s][info][gc,phases      ] GC(92) Compaction Phase 66.726ms
[66.956s][info][gc,phases,start] GC(92) Post Compact
[66.958s][info][gc,phases      ] GC(92) Post Compact 2.173ms
[66.958s][info][gc,heap        ] GC(92) PSYoungGen: 111616K(222720K)->109272K(222720K) Eden: 111616K(111616K)->109272K(111616K) From: 0K(111104K)->0K(111104K)
[66.958s][info][gc,heap        ] GC(92) ParOldGen: 667379K(667648K)->667379K(667648K)
[66.958s][info][gc,metaspace   ] GC(92) Metaspace: 18011K(18304K)->18011K(18304K) NonClass: 16562K(16768K)->16562K(16768K) Class: 1448K(1536K)->1448K(1536K)
[66.958s][info][gc             ] GC(92) Pause Full (Allocation Failure) 760M->758M(869M) 426.700ms
[66.958s][info][gc,cpu         ] GC(92) User=0.83s Sys=0.00s Real=0.43s
[66.961s][info][gc,start       ] GC(93) Pause Full (Allocation Failure)
[66.961s][info][gc,phases,start] GC(93) Marking Phase
[67.187s][info][gc,phases      ] GC(93) Marking Phase 226.621ms
[67.188s][info][gc,phases,start] GC(93) Summary Phase
[67.188s][info][gc,phases      ] GC(93) Summary Phase 0.021ms
[67.188s][info][gc,phases,start] GC(93) Forward
[67.203s][info][gc,phases      ] GC(93) Forward 15.812ms
[67.203s][info][gc,phases,start] GC(93) Adjust Pointers
[67.317s][info][gc,phases      ] GC(93) Adjust Pointers 113.776ms
[67.317s][info][gc,phases,start] GC(93) Compaction Phase
[67.384s][info][gc,phases      ] GC(93) Compaction Phase 66.739ms
[67.384s][info][gc,phases,start] GC(93) Post Compact
[67.386s][info][gc,phases      ] GC(93) Post Compact 2.157ms
[67.386s][info][gc,heap        ] GC(93) PSYoungGen: 111616K(222720K)->111137K(222720K) Eden: 111616K(111616K)->111137K(111616K) From: 0K(111104K)->0K(111104K)
[67.386s][info][gc,heap        ] GC(93) ParOldGen: 667379K(667648K)->667379K(667648K)
[67.386s][info][gc,metaspace   ] GC(93) Metaspace: 18011K(18304K)->18011K(18304K) NonClass: 16562K(16768K)->16562K(16768K) Class: 1448K(1536K)->1448K(1536K)
[67.386s][info][gc             ] GC(93) Pause Full (Allocation Failure) 760M->760M(869M) 425.449ms
[67.386s][info][gc,cpu         ] GC(93) User=0.83s Sys=0.00s Real=0.43s
[67.387s][info][gc,start       ] GC(94) Pause Full (Allocation Failure)
[67.387s][info][gc,phases,start] GC(94) Marking Phase
[67.617s][info][gc,phases      ] GC(94) Marking Phase 229.696ms
[67.617s][info][gc,phases,start] GC(94) Summary Phase
[67.617s][info][gc,phases      ] GC(94) Summary Phase 0.022ms
[67.617s][info][gc,phases,start] GC(94) Forward
[67.633s][info][gc,phases      ] GC(94) Forward 15.752ms
[67.633s][info][gc,phases,start] GC(94) Adjust Pointers
[67.749s][info][gc,phases      ] GC(94) Adjust Pointers 116.422ms
[67.749s][info][gc,phases,start] GC(94) Compaction Phase
[67.817s][info][gc,phases      ] GC(94) Compaction Phase 67.896ms
[67.817s][info][gc,phases,start] GC(94) Post Compact
[67.819s][info][gc,phases      ] GC(94) Post Compact 2.254ms
[67.819s][info][gc,heap        ] GC(94) PSYoungGen: 111616K(222720K)->111518K(222720K) Eden: 111616K(111616K)->111518K(111616K) From: 0K(111104K)->0K(111104K)
[67.819s][info][gc,heap        ] GC(94) ParOldGen: 667379K(667648K)->667379K(667648K)
[67.819s][info][gc,metaspace   ] GC(94) Metaspace: 18011K(18304K)->18011K(18304K) NonClass: 16562K(16768K)->16562K(16768K) Class: 1448K(1536K)->1448K(1536K)
[67.820s][info][gc             ] GC(94) Pause Full (Allocation Failure) 760M->760M(869M) 432.343ms
[67.820s][info][gc,cpu         ] GC(94) User=0.84s Sys=0.00s Real=0.43s
[67.820s][info][gc,start       ] GC(95) Pause Full (Allocation Failure)
[67.820s][info][gc,phases,start] GC(95) Marking Phase
[68.046s][info][gc,phases      ] GC(95) Marking Phase 225.632ms
[68.046s][info][gc,phases,start] GC(95) Summary Phase
[68.046s][info][gc,phases      ] GC(95) Summary Phase 0.021ms
[68.046s][info][gc,phases,start] GC(95) Forward
[68.062s][info][gc,phases      ] GC(95) Forward 15.803ms
[68.062s][info][gc,phases,start] GC(95) Adjust Pointers
[68.176s][info][gc,phases      ] GC(95) Adjust Pointers 114.355ms
[68.176s][info][gc,phases,start] GC(95) Compaction Phase
[68.243s][info][gc,phases      ] GC(95) Compaction Phase 66.947ms
[68.243s][info][gc,phases,start] GC(95) Post Compact
[68.245s][info][gc,phases      ] GC(95) Post Compact 2.134ms
[68.245s][info][gc,heap        ] GC(95) PSYoungGen: 111616K(222720K)->111596K(222720K) Eden: 111616K(111616K)->111596K(111616K) From: 0K(111104K)->0K(111104K)
[68.245s][info][gc,heap        ] GC(95) ParOldGen: 667379K(667648K)->667379K(667648K)
[68.245s][info][gc,metaspace   ] GC(95) Metaspace: 18011K(18304K)->18011K(18304K) NonClass: 16562K(16768K)->16562K(16768K) Class: 1448K(1536K)->1448K(1536K)
[68.245s][info][gc             ] GC(95) Pause Full (Allocation Failure) 760M->760M(869M) 425.227ms
[68.245s][info][gc,cpu         ] GC(95) User=0.83s Sys=0.01s Real=0.43s
[68.246s][info][gc,start       ] GC(96) Pause Full (Allocation Failure)
[68.246s][info][gc,phases,start] GC(96) Marking Phase
[68.473s][info][gc,phases      ] GC(96) Marking Phase 226.923ms
[68.473s][info][gc,phases,start] GC(96) Summary Phase
[68.473s][info][gc,phases      ] GC(96) Summary Phase 0.021ms
[68.473s][info][gc,phases,start] GC(96) Forward
[68.489s][info][gc,phases      ] GC(96) Forward 15.869ms
[68.489s][info][gc,phases,start] GC(96) Adjust Pointers
[68.602s][info][gc,phases      ] GC(96) Adjust Pointers 113.449ms
[68.602s][info][gc,phases,start] GC(96) Compaction Phase
[68.669s][info][gc,phases      ] GC(96) Compaction Phase 66.793ms
[68.669s][info][gc,phases,start] GC(96) Post Compact
[68.671s][info][gc,phases      ] GC(96) Post Compact 2.164ms
[68.671s][info][gc,heap        ] GC(96) PSYoungGen: 111616K(222720K)->111611K(222720K) Eden: 111616K(111616K)->111611K(111616K) From: 0K(111104K)->0K(111104K)
[68.671s][info][gc,heap        ] GC(96) ParOldGen: 667379K(667648K)->667379K(667648K)
[68.671s][info][gc,metaspace   ] GC(96) Metaspace: 18011K(18304K)->18011K(18304K) NonClass: 16562K(16768K)->16562K(16768K) Class: 1448K(1536K)->1448K(1536K)
[68.671s][info][gc             ] GC(96) Pause Full (Allocation Failure) 760M->760M(869M) 425.527ms
[68.671s][info][gc,cpu         ] GC(96) User=0.83s Sys=0.00s Real=0.42s
[68.672s][info][gc,start       ] GC(97) Pause Full (Allocation Failure)
[68.672s][info][gc,phases,start] GC(97) Marking Phase
[68.899s][info][gc,phases      ] GC(97) Marking Phase 227.173ms
[68.899s][info][gc,phases,start] GC(97) Summary Phase
[68.899s][info][gc,phases      ] GC(97) Summary Phase 0.021ms
[68.899s][info][gc,phases,start] GC(97) Forward
[68.915s][info][gc,phases      ] GC(97) Forward 15.608ms
[68.915s][info][gc,phases,start] GC(97) Adjust Pointers
[69.028s][info][gc,phases      ] GC(97) Adjust Pointers 112.991ms
[69.028s][info][gc,phases,start] GC(97) Compaction Phase
[69.094s][info][gc,phases      ] GC(97) Compaction Phase 66.763ms
[69.095s][info][gc,phases,start] GC(97) Post Compact
[69.097s][info][gc,phases      ] GC(97) Post Compact 2.146ms
[69.097s][info][gc,heap        ] GC(97) PSYoungGen: 111616K(222720K)->111614K(222720K) Eden: 111616K(111616K)->111614K(111616K) From: 0K(111104K)->0K(111104K)
[69.097s][info][gc,heap        ] GC(97) ParOldGen: 667379K(667648K)->667379K(667648K)
[69.097s][info][gc,metaspace   ] GC(97) Metaspace: 18011K(18304K)->18011K(18304K) NonClass: 16562K(16768K)->16562K(16768K) Class: 1448K(1536K)->1448K(1536K)
[69.097s][info][gc             ] GC(97) Pause Full (Allocation Failure) 760M->760M(869M) 425.022ms
[69.097s][info][gc,cpu         ] GC(97) User=0.82s Sys=0.00s Real=0.43s
[69.097s][info][gc,start       ] GC(98) Pause Full (Allocation Failure)
[69.097s][info][gc,phases,start] GC(98) Marking Phase
[69.324s][info][gc,phases      ] GC(98) Marking Phase 226.814ms
[69.324s][info][gc,phases,start] GC(98) Summary Phase
[69.324s][info][gc,phases      ] GC(98) Summary Phase 0.021ms
[69.324s][info][gc,phases,start] GC(98) Forward
[69.340s][info][gc,phases      ] GC(98) Forward 15.742ms
[69.340s][info][gc,phases,start] GC(98) Adjust Pointers
[69.453s][info][gc,phases      ] GC(98) Adjust Pointers 113.001ms
[69.453s][info][gc,phases,start] GC(98) Compaction Phase
[69.520s][info][gc,phases      ] GC(98) Compaction Phase 67.100ms
[69.520s][info][gc,phases,start] GC(98) Post Compact
[69.522s][info][gc,phases      ] GC(98) Post Compact 2.124ms
[69.522s][info][gc,heap        ] GC(98) PSYoungGen: 111615K(222720K)->111615K(222720K) Eden: 111615K(111616K)->111615K(111616K) From: 0K(111104K)->0K(111104K)
[69.522s][info][gc,heap        ] GC(98) ParOldGen: 667379K(667648K)->667379K(667648K)
[69.522s][info][gc,metaspace   ] GC(98) Metaspace: 18011K(18304K)->18011K(18304K) NonClass: 16562K(16768K)->16562K(16768K) Class: 1448K(1536K)->1448K(1536K)
[69.522s][info][gc             ] GC(98) Pause Full (Allocation Failure) 760M->760M(869M) 425.102ms
[69.522s][info][gc,cpu         ] GC(98) User=0.83s Sys=0.00s Real=0.42s
[69.522s][info][gc,start       ] GC(99) Pause Full (Allocation Failure)
[69.522s][info][gc,phases,start] GC(99) Marking Phase
[69.750s][info][gc,phases      ] GC(99) Marking Phase 227.169ms
[69.750s][info][gc,phases,start] GC(99) Summary Phase
[69.750s][info][gc,phases      ] GC(99) Summary Phase 0.020ms
[69.750s][info][gc,phases,start] GC(99) Forward
[69.768s][info][gc,phases      ] GC(99) Forward 18.162ms
[69.768s][info][gc,phases,start] GC(99) Adjust Pointers
[69.881s][info][gc,phases      ] GC(99) Adjust Pointers 113.086ms
[69.881s][info][gc,phases,start] GC(99) Compaction Phase
[69.949s][info][gc,phases      ] GC(99) Compaction Phase 68.061ms
[69.949s][info][gc,phases,start] GC(99) Post Compact
[69.951s][info][gc,phases      ] GC(99) Post Compact 2.138ms
[69.951s][info][gc,heap        ] GC(99) PSYoungGen: 111615K(222720K)->111615K(222720K) Eden: 111615K(111616K)->111615K(111616K) From: 0K(111104K)->0K(111104K)
[69.951s][info][gc,heap        ] GC(99) ParOldGen: 667379K(667648K)->667379K(667648K)
[69.951s][info][gc,metaspace   ] GC(99) Metaspace: 18011K(18304K)->18011K(18304K) NonClass: 16562K(16768K)->16562K(16768K) Class: 1448K(1536K)->1448K(1536K)
[69.951s][info][gc             ] GC(99) Pause Full (Allocation Failure) 760M->760M(869M) 428.944ms
[69.951s][info][gc,cpu         ] GC(99) User=0.83s Sys=0.00s Real=0.43s
[69.951s][info][gc,start       ] GC(100) Pause Full (Allocation Failure)
[69.951s][info][gc,phases,start] GC(100) Marking Phase
[70.178s][info][gc,phases      ] GC(100) Marking Phase 226.713ms
[70.178s][info][gc,phases,start] GC(100) Summary Phase
[70.178s][info][gc,phases      ] GC(100) Summary Phase 0.023ms
[70.178s][info][gc,phases,start] GC(100) Forward
[70.194s][info][gc,phases      ] GC(100) Forward 16.158ms
[70.194s][info][gc,phases,start] GC(100) Adjust Pointers
[70.309s][info][gc,phases      ] GC(100) Adjust Pointers 114.985ms
[70.310s][info][gc,phases,start] GC(100) Compaction Phase
[70.377s][info][gc,phases      ] GC(100) Compaction Phase 67.654ms
[70.377s][info][gc,phases,start] GC(100) Post Compact
[70.379s][info][gc,phases      ] GC(100) Post Compact 2.123ms
[70.379s][info][gc,heap        ] GC(100) PSYoungGen: 111615K(222720K)->111615K(222720K) Eden: 111615K(111616K)->111615K(111616K) From: 0K(111104K)->0K(111104K)
[70.379s][info][gc,heap        ] GC(100) ParOldGen: 667379K(667648K)->667379K(667648K)
[70.379s][info][gc,metaspace   ] GC(100) Metaspace: 18011K(18304K)->18011K(18304K) NonClass: 16562K(16768K)->16562K(16768K) Class: 1448K(1536K)->1448K(1536K)
[70.379s][info][gc             ] GC(100) Pause Full (Allocation Failure) 760M->760M(869M) 427.945ms
[70.379s][info][gc,cpu         ] GC(100) User=0.84s Sys=0.00s Real=0.43s
[70.380s][info][gc,start       ] GC(101) Pause Full (Allocation Failure)
[70.380s][info][gc,phases,start] GC(101) Marking Phase
[70.606s][info][gc,phases      ] GC(101) Marking Phase 226.841ms
[70.606s][info][gc,phases,start] GC(101) Summary Phase
[70.606s][info][gc,phases      ] GC(101) Summary Phase 0.023ms
[70.606s][info][gc,phases,start] GC(101) Forward
[70.625s][info][gc,phases      ] GC(101) Forward 18.393ms
[70.625s][info][gc,phases,start] GC(101) Adjust Pointers
[70.739s][info][gc,phases      ] GC(101) Adjust Pointers 114.378ms
[70.739s][info][gc,phases,start] GC(101) Compaction Phase
[70.807s][info][gc,phases      ] GC(101) Compaction Phase 68.054ms
[70.807s][info][gc,phases,start] GC(101) Post Compact
[70.810s][info][gc,phases      ] GC(101) Post Compact 2.116ms
[70.810s][info][gc,heap        ] GC(101) PSYoungGen: 111615K(222720K)->111615K(222720K) Eden: 111615K(111616K)->111615K(111616K) From: 0K(111104K)->0K(111104K)
[70.810s][info][gc,heap        ] GC(101) ParOldGen: 667379K(667648K)->667379K(667648K)
[70.810s][info][gc,metaspace   ] GC(101) Metaspace: 18011K(18304K)->18011K(18304K) NonClass: 16562K(16768K)->16562K(16768K) Class: 1448K(1536K)->1448K(1536K)
[70.810s][info][gc             ] GC(101) Pause Full (Allocation Failure) 760M->760M(869M) 430.136ms
[70.810s][info][gc,cpu         ] GC(101) User=0.83s Sys=0.00s Real=0.43s
[70.810s][info][gc,start       ] GC(102) Pause Full (Allocation Failure)
[70.810s][info][gc,phases,start] GC(102) Marking Phase
[71.037s][info][gc,phases      ] GC(102) Marking Phase 227.117ms
[71.037s][info][gc,phases,start] GC(102) Summary Phase
[71.037s][info][gc,phases      ] GC(102) Summary Phase 0.021ms
[71.037s][info][gc,phases,start] GC(102) Forward
[71.053s][info][gc,phases      ] GC(102) Forward 16.168ms
[71.053s][info][gc,phases,start] GC(102) Adjust Pointers
[71.167s][info][gc,phases      ] GC(102) Adjust Pointers 113.457ms
[71.167s][info][gc,phases,start] GC(102) Compaction Phase
[71.234s][info][gc,phases      ] GC(102) Compaction Phase 67.667ms
[71.234s][info][gc,phases,start] GC(102) Post Compact
[71.237s][info][gc,phases      ] GC(102) Post Compact 2.090ms
[71.237s][info][gc,heap        ] GC(102) PSYoungGen: 111615K(222720K)->111615K(222720K) Eden: 111615K(111616K)->111615K(111616K) From: 0K(111104K)->0K(111104K)
[71.237s][info][gc,heap        ] GC(102) ParOldGen: 667379K(667648K)->667379K(667648K)
[71.237s][info][gc,metaspace   ] GC(102) Metaspace: 18011K(18304K)->18011K(18304K) NonClass: 16562K(16768K)->16562K(16768K) Class: 1448K(1536K)->1448K(1536K)
[71.237s][info][gc             ] GC(102) Pause Full (Allocation Failure) 760M->760M(869M) 426.809ms
[71.237s][info][gc,cpu         ] GC(102) User=0.84s Sys=0.00s Real=0.43s
[71.237s][info][gc,start       ] GC(103) Pause Full (Allocation Failure)
[71.237s][info][gc,phases,start] GC(103) Marking Phase
[71.463s][info][gc,phases      ] GC(103) Marking Phase 226.386ms
[71.463s][info][gc,phases,start] GC(103) Summary Phase
[71.463s][info][gc,phases      ] GC(103) Summary Phase 0.021ms
[71.463s][info][gc,phases,start] GC(103) Forward
[71.479s][info][gc,phases      ] GC(103) Forward 15.960ms
[71.479s][info][gc,phases,start] GC(103) Adjust Pointers
[71.593s][info][gc,phases      ] GC(103) Adjust Pointers 113.368ms
[71.593s][info][gc,phases,start] GC(103) Compaction Phase
[71.661s][info][gc,phases      ] GC(103) Compaction Phase 68.052ms
[71.661s][info][gc,phases,start] GC(103) Post Compact
[71.663s][info][gc,phases      ] GC(103) Post Compact 2.138ms
[71.663s][info][gc,heap        ] GC(103) PSYoungGen: 111615K(222720K)->111615K(222720K) Eden: 111615K(111616K)->111615K(111616K) From: 0K(111104K)->0K(111104K)
[71.663s][info][gc,heap        ] GC(103) ParOldGen: 667379K(667648K)->667379K(667648K)
[71.663s][info][gc,metaspace   ] GC(103) Metaspace: 18011K(18304K)->18011K(18304K) NonClass: 16562K(16768K)->16562K(16768K) Class: 1448K(1536K)->1448K(1536K)
[71.663s][info][gc             ] GC(103) Pause Full (Allocation Failure) 760M->760M(869M) 426.241ms
[71.663s][info][gc,cpu         ] GC(103) User=0.83s Sys=0.00s Real=0.42s
[71.663s][info][gc,start       ] GC(104) Pause Full (Allocation Failure)
[71.663s][info][gc,phases,start] GC(104) Marking Phase
[71.889s][info][gc,phases      ] GC(104) Marking Phase 225.587ms
[71.889s][info][gc,phases,start] GC(104) Summary Phase
[71.889s][info][gc,phases      ] GC(104) Summary Phase 0.021ms
[71.889s][info][gc,phases,start] GC(104) Forward
[71.905s][info][gc,phases      ] GC(104) Forward 15.966ms
[71.905s][info][gc,phases,start] GC(104) Adjust Pointers
[72.018s][info][gc,phases      ] GC(104) Adjust Pointers 112.928ms
[72.018s][info][gc,phases,start] GC(104) Compaction Phase
[72.085s][info][gc,phases      ] GC(104) Compaction Phase 67.433ms
[72.085s][info][gc,phases,start] GC(104) Post Compact
[72.087s][info][gc,phases      ] GC(104) Post Compact 2.120ms
[72.088s][info][gc,heap        ] GC(104) PSYoungGen: 111615K(222720K)->111615K(222720K) Eden: 111615K(111616K)->111615K(111616K) From: 0K(111104K)->0K(111104K)
[72.088s][info][gc,heap        ] GC(104) ParOldGen: 667379K(667648K)->667379K(667648K)
[72.088s][info][gc,metaspace   ] GC(104) Metaspace: 18011K(18304K)->18011K(18304K) NonClass: 16562K(16768K)->16562K(16768K) Class: 1448K(1536K)->1448K(1536K)
[72.088s][info][gc             ] GC(104) Pause Full (Allocation Failure) 760M->760M(869M) 424.411ms
[72.088s][info][gc,cpu         ] GC(104) User=0.82s Sys=0.01s Real=0.43s
[72.088s][info][gc,start       ] GC(105) Pause Full (Allocation Failure)
[72.088s][info][gc,phases,start] GC(105) Marking Phase
[72.316s][info][gc,phases      ] GC(105) Marking Phase 228.243ms
[72.316s][info][gc,phases,start] GC(105) Summary Phase
[72.316s][info][gc,phases      ] GC(105) Summary Phase 0.020ms
[72.316s][info][gc,phases,start] GC(105) Forward
[72.332s][info][gc,phases      ] GC(105) Forward 15.904ms
[72.332s][info][gc,phases,start] GC(105) Adjust Pointers
[72.446s][info][gc,phases      ] GC(105) Adjust Pointers 113.947ms
[72.446s][info][gc,phases,start] GC(105) Compaction Phase
[72.514s][info][gc,phases      ] GC(105) Compaction Phase 68.226ms
[72.514s][info][gc,phases,start] GC(105) Post Compact
[72.516s][info][gc,phases      ] GC(105) Post Compact 2.101ms
[72.516s][info][gc,heap        ] GC(105) PSYoungGen: 111615K(222720K)->111615K(222720K) Eden: 111615K(111616K)->111615K(111616K) From: 0K(111104K)->0K(111104K)
[72.516s][info][gc,heap        ] GC(105) ParOldGen: 667379K(667648K)->667379K(667648K)
[72.516s][info][gc,metaspace   ] GC(105) Metaspace: 18011K(18304K)->18011K(18304K) NonClass: 16562K(16768K)->16562K(16768K) Class: 1448K(1536K)->1448K(1536K)
[72.516s][info][gc             ] GC(105) Pause Full (Allocation Failure) 760M->760M(869M) 428.739ms
[72.516s][info][gc,cpu         ] GC(105) User=0.84s Sys=0.00s Real=0.43s
[72.517s][info][gc,start       ] GC(106) Pause Full (Allocation Failure)
[72.517s][info][gc,phases,start] GC(106) Marking Phase
[72.748s][info][gc,phases      ] GC(106) Marking Phase 230.950ms
[72.748s][info][gc,phases,start] GC(106) Summary Phase
[72.748s][info][gc,phases      ] GC(106) Summary Phase 0.022ms
[72.748s][info][gc,phases,start] GC(106) Forward
[72.764s][info][gc,phases      ] GC(106) Forward 16.056ms
[72.764s][info][gc,phases,start] GC(106) Adjust Pointers
[72.877s][info][gc,phases      ] GC(106) Adjust Pointers 113.325ms
[72.877s][info][gc,phases,start] GC(106) Compaction Phase
[72.945s][info][gc,phases      ] GC(106) Compaction Phase 67.646ms
[72.945s][info][gc,phases,start] GC(106) Post Compact
[72.947s][info][gc,phases      ] GC(106) Post Compact 2.148ms
[72.947s][info][gc,heap        ] GC(106) PSYoungGen: 111615K(222720K)->111615K(222720K) Eden: 111615K(111616K)->111615K(111616K) From: 0K(111104K)->0K(111104K)
[72.947s][info][gc,heap        ] GC(106) ParOldGen: 667379K(667648K)->667379K(667648K)
[72.947s][info][gc,metaspace   ] GC(106) Metaspace: 18011K(18304K)->18011K(18304K) NonClass: 16562K(16768K)->16562K(16768K) Class: 1448K(1536K)->1448K(1536K)
[72.947s][info][gc             ] GC(106) Pause Full (Allocation Failure) 760M->760M(869M) 430.460ms
[72.947s][info][gc,cpu         ] GC(106) User=0.83s Sys=0.00s Real=0.43s
[72.947s][info][gc,start       ] GC(107) Pause Full (Allocation Failure)
[72.947s][info][gc,phases,start] GC(107) Marking Phase
[73.172s][info][gc,phases      ] GC(107) Marking Phase 224.749ms
[73.172s][info][gc,phases,start] GC(107) Summary Phase
[73.172s][info][gc,phases      ] GC(107) Summary Phase 0.044ms
[73.172s][info][gc,phases,start] GC(107) Forward
[73.188s][info][gc,phases      ] GC(107) Forward 15.661ms
[73.188s][info][gc,phases,start] GC(107) Adjust Pointers
[73.301s][info][gc,phases      ] GC(107) Adjust Pointers 113.178ms
[73.301s][info][gc,phases,start] GC(107) Compaction Phase
[73.370s][info][gc,phases      ] GC(107) Compaction Phase 68.570ms
[73.370s][info][gc,phases,start] GC(107) Post Compact
[73.372s][info][gc,phases      ] GC(107) Post Compact 2.128ms
[73.372s][info][gc,heap        ] GC(107) PSYoungGen: 111615K(222720K)->111615K(222720K) Eden: 111615K(111616K)->111615K(111616K) From: 0K(111104K)->0K(111104K)
[73.372s][info][gc,heap        ] GC(107) ParOldGen: 667379K(667648K)->667379K(667648K)
[73.372s][info][gc,metaspace   ] GC(107) Metaspace: 18011K(18304K)->18011K(18304K) NonClass: 16562K(16768K)->16562K(16768K) Class: 1448K(1536K)->1448K(1536K)
[73.372s][info][gc             ] GC(107) Pause Full (Allocation Failure) 760M->760M(869M) 424.647ms
[73.372s][info][gc,cpu         ] GC(107) User=0.83s Sys=0.00s Real=0.42s
[73.372s][info][gc,start       ] GC(108) Pause Full (Allocation Failure)
[73.372s][info][gc,phases,start] GC(108) Marking Phase
[73.605s][info][gc,phases      ] GC(108) Marking Phase 232.489ms
[73.605s][info][gc,phases,start] GC(108) Summary Phase
[73.605s][info][gc,phases      ] GC(108) Summary Phase 0.024ms
[73.605s][info][gc,phases,start] GC(108) Forward
[73.621s][info][gc,phases      ] GC(108) Forward 16.279ms
[73.621s][info][gc,phases,start] GC(108) Adjust Pointers
[73.740s][info][gc,phases      ] GC(108) Adjust Pointers 118.578ms
[73.740s][info][gc,phases,start] GC(108) Compaction Phase
[73.813s][info][gc,phases      ] GC(108) Compaction Phase 73.887ms
[73.814s][info][gc,phases,start] GC(108) Post Compact
[73.816s][info][gc,phases      ] GC(108) Post Compact 2.221ms
[73.816s][info][gc,heap        ] GC(108) PSYoungGen: 111615K(222720K)->111615K(222720K) Eden: 111615K(111616K)->111615K(111616K) From: 0K(111104K)->0K(111104K)
[73.816s][info][gc,heap        ] GC(108) ParOldGen: 667379K(667648K)->667379K(667648K)
[73.816s][info][gc,metaspace   ] GC(108) Metaspace: 18011K(18304K)->18011K(18304K) NonClass: 16562K(16768K)->16562K(16768K) Class: 1448K(1536K)->1448K(1536K)
[73.816s][info][gc             ] GC(108) Pause Full (Allocation Failure) 760M->760M(869M) 443.873ms
[73.816s][info][gc,cpu         ] GC(108) User=0.86s Sys=0.00s Real=0.45s
[73.816s][info][gc,start       ] GC(109) Pause Full (Allocation Failure)
[73.816s][info][gc,phases,start] GC(109) Marking Phase
[74.045s][info][gc,phases      ] GC(109) Marking Phase 229.042ms
[74.045s][info][gc,phases,start] GC(109) Summary Phase
[74.045s][info][gc,phases      ] GC(109) Summary Phase 0.020ms
[74.045s][info][gc,phases,start] GC(109) Forward
[74.062s][info][gc,phases      ] GC(109) Forward 16.556ms
[74.062s][info][gc,phases,start] GC(109) Adjust Pointers
[74.179s][info][gc,phases      ] GC(109) Adjust Pointers 117.180ms
[74.179s][info][gc,phases,start] GC(109) Compaction Phase
[74.247s][info][gc,phases      ] GC(109) Compaction Phase 68.295ms
[74.247s][info][gc,phases,start] GC(109) Post Compact
[74.249s][info][gc,phases      ] GC(109) Post Compact 2.186ms
[74.250s][info][gc,heap        ] GC(109) PSYoungGen: 111615K(222720K)->111615K(222720K) Eden: 111615K(111616K)->111615K(111616K) From: 0K(111104K)->0K(111104K)
[74.250s][info][gc,heap        ] GC(109) ParOldGen: 667380K(667648K)->667380K(667648K)
[74.250s][info][gc,metaspace   ] GC(109) Metaspace: 18011K(18304K)->18011K(18304K) NonClass: 16562K(16768K)->16562K(16768K) Class: 1448K(1536K)->1448K(1536K)
[74.250s][info][gc             ] GC(109) Pause Full (Allocation Failure) 760M->760M(869M) 433.569ms
[74.250s][info][gc,cpu         ] GC(109) User=0.85s Sys=0.00s Real=0.43s
[74.250s][info][gc,start       ] GC(110) Pause Full (Allocation Failure)
[74.250s][info][gc,phases,start] GC(110) Marking Phase
[74.481s][info][gc,phases      ] GC(110) Marking Phase 231.624ms
[74.481s][info][gc,phases,start] GC(110) Summary Phase
[74.481s][info][gc,phases      ] GC(110) Summary Phase 0.044ms
[74.481s][info][gc,phases,start] GC(110) Forward
[74.499s][info][gc,phases      ] GC(110) Forward 17.153ms
[74.499s][info][gc,phases,start] GC(110) Adjust Pointers
[74.614s][info][gc,phases      ] GC(110) Adjust Pointers 114.999ms
[74.614s][info][gc,phases,start] GC(110) Compaction Phase
[74.682s][info][gc,phases      ] GC(110) Compaction Phase 68.677ms
[74.682s][info][gc,phases,start] GC(110) Post Compact
[74.685s][info][gc,phases      ] GC(110) Post Compact 2.176ms
[74.685s][info][gc,heap        ] GC(110) PSYoungGen: 111615K(222720K)->111615K(222720K) Eden: 111615K(111616K)->111615K(111616K) From: 0K(111104K)->0K(111104K)
[74.685s][info][gc,heap        ] GC(110) ParOldGen: 667380K(667648K)->667380K(667648K)
[74.685s][info][gc,metaspace   ] GC(110) Metaspace: 18011K(18304K)->18011K(18304K) NonClass: 16562K(16768K)->16562K(16768K) Class: 1448K(1536K)->1448K(1536K)
[74.685s][info][gc             ] GC(110) Pause Full (Allocation Failure) 760M->760M(869M) 434.968ms
[74.685s][info][gc,cpu         ] GC(110) User=0.85s Sys=0.00s Real=0.44s
[74.685s][info][gc,start       ] GC(111) Pause Full (Allocation Failure)
[74.685s][info][gc,phases,start] GC(111) Marking Phase
[74.920s][info][gc,phases      ] GC(111) Marking Phase 234.982ms
[74.920s][info][gc,phases,start] GC(111) Summary Phase
[74.920s][info][gc,phases      ] GC(111) Summary Phase 0.021ms
[74.920s][info][gc,phases,start] GC(111) Forward
[74.936s][info][gc,phases      ] GC(111) Forward 16.055ms
[74.936s][info][gc,phases,start] GC(111) Adjust Pointers
[75.051s][info][gc,phases      ] GC(111) Adjust Pointers 115.177ms
[75.051s][info][gc,phases,start] GC(111) Compaction Phase
[75.119s][info][gc,phases      ] GC(111) Compaction Phase 67.578ms
[75.119s][info][gc,phases,start] GC(111) Post Compact
[75.121s][info][gc,phases      ] GC(111) Post Compact 2.109ms
[75.121s][info][gc,heap        ] GC(111) PSYoungGen: 111615K(222720K)->111615K(222720K) Eden: 111615K(111616K)->111615K(111616K) From: 0K(111104K)->0K(111104K)
[75.121s][info][gc,heap        ] GC(111) ParOldGen: 667380K(667648K)->667380K(667648K)
[75.121s][info][gc,metaspace   ] GC(111) Metaspace: 18011K(18304K)->18011K(18304K) NonClass: 16562K(16768K)->16562K(16768K) Class: 1448K(1536K)->1448K(1536K)
[75.121s][info][gc             ] GC(111) Pause Full (Allocation Failure) 760M->760M(869M) 436.225ms
[75.121s][info][gc,cpu         ] GC(111) User=0.85s Sys=0.00s Real=0.43s
[75.121s][info][gc,start       ] GC(112) Pause Full (Allocation Failure)
[75.121s][info][gc,phases,start] GC(112) Marking Phase
[75.348s][info][gc,phases      ] GC(112) Marking Phase 226.354ms
[75.348s][info][gc,phases,start] GC(112) Summary Phase
[75.348s][info][gc,phases      ] GC(112) Summary Phase 0.022ms
[75.348s][info][gc,phases,start] GC(112) Forward
[75.364s][info][gc,phases      ] GC(112) Forward 15.883ms
[75.364s][info][gc,phases,start] GC(112) Adjust Pointers
[75.478s][info][gc,phases      ] GC(112) Adjust Pointers 114.558ms
[75.478s][info][gc,phases,start] GC(112) Compaction Phase
[75.546s][info][gc,phases      ] GC(112) Compaction Phase 67.840ms
[75.546s][info][gc,phases,start] GC(112) Post Compact
[75.548s][info][gc,phases      ] GC(112) Post Compact 2.146ms
[75.548s][info][gc,heap        ] GC(112) PSYoungGen: 111615K(222720K)->111615K(222720K) Eden: 111615K(111616K)->111615K(111616K) From: 0K(111104K)->0K(111104K)
[75.548s][info][gc,heap        ] GC(112) ParOldGen: 667380K(667648K)->667380K(667648K)
[75.548s][info][gc,metaspace   ] GC(112) Metaspace: 18011K(18304K)->18011K(18304K) NonClass: 16562K(16768K)->16562K(16768K) Class: 1448K(1536K)->1448K(1536K)
[75.548s][info][gc             ] GC(112) Pause Full (Allocation Failure) 760M->760M(869M) 427.083ms
[75.548s][info][gc,cpu         ] GC(112) User=0.83s Sys=0.00s Real=0.43s
[75.548s][info][gc,start       ] GC(113) Pause Full (Allocation Failure)
[75.548s][info][gc,phases,start] GC(113) Marking Phase
[75.774s][info][gc,phases      ] GC(113) Marking Phase 226.009ms
[75.774s][info][gc,phases,start] GC(113) Summary Phase
[75.775s][info][gc,phases      ] GC(113) Summary Phase 0.046ms
[75.775s][info][gc,phases,start] GC(113) Forward
[75.791s][info][gc,phases      ] GC(113) Forward 16.084ms
[75.791s][info][gc,phases,start] GC(113) Adjust Pointers
[75.905s][info][gc,phases      ] GC(113) Adjust Pointers 114.447ms
[75.905s][info][gc,phases,start] GC(113) Compaction Phase
[75.973s][info][gc,phases      ] GC(113) Compaction Phase 67.444ms
[75.973s][info][gc,phases,start] GC(113) Post Compact
[75.975s][info][gc,phases      ] GC(113) Post Compact 2.102ms
[75.975s][info][gc,heap        ] GC(113) PSYoungGen: 111615K(222720K)->111615K(222720K) Eden: 111615K(111616K)->111615K(111616K) From: 0K(111104K)->0K(111104K)
[75.975s][info][gc,heap        ] GC(113) ParOldGen: 667380K(667648K)->667380K(667648K)
[75.975s][info][gc,metaspace   ] GC(113) Metaspace: 18011K(18304K)->18011K(18304K) NonClass: 16562K(16768K)->16562K(16768K) Class: 1448K(1536K)->1448K(1536K)
[75.975s][info][gc             ] GC(113) Pause Full (Allocation Failure) 760M->760M(869M) 426.444ms
[75.975s][info][gc,cpu         ] GC(113) User=0.83s Sys=0.00s Real=0.43s
[75.975s][info][gc,start       ] GC(114) Pause Full (Allocation Failure)
[75.975s][info][gc,phases,start] GC(114) Marking Phase
[76.202s][info][gc,phases      ] GC(114) Marking Phase 227.295ms
[76.202s][info][gc,phases,start] GC(114) Summary Phase
[76.202s][info][gc,phases      ] GC(114) Summary Phase 0.020ms
[76.202s][info][gc,phases,start] GC(114) Forward
[76.218s][info][gc,phases      ] GC(114) Forward 16.062ms
[76.218s][info][gc,phases,start] GC(114) Adjust Pointers
[76.332s][info][gc,phases      ] GC(114) Adjust Pointers 113.249ms
[76.332s][info][gc,phases,start] GC(114) Compaction Phase
[76.399s][info][gc,phases      ] GC(114) Compaction Phase 66.828ms
[76.399s][info][gc,phases,start] GC(114) Post Compact
[76.401s][info][gc,phases      ] GC(114) Post Compact 2.134ms
[76.401s][info][gc,heap        ] GC(114) PSYoungGen: 111615K(222720K)->111615K(222720K) Eden: 111615K(111616K)->111615K(111616K) From: 0K(111104K)->0K(111104K)
[76.401s][info][gc,heap        ] GC(114) ParOldGen: 667380K(667648K)->667380K(667648K)
[76.401s][info][gc,metaspace   ] GC(114) Metaspace: 18011K(18304K)->18011K(18304K) NonClass: 16562K(16768K)->16562K(16768K) Class: 1448K(1536K)->1448K(1536K)
[76.401s][info][gc             ] GC(114) Pause Full (Allocation Failure) 760M->760M(869M) 425.898ms
[76.401s][info][gc,cpu         ] GC(114) User=0.83s Sys=0.00s Real=0.42s
[76.401s][info][gc,start       ] GC(115) Pause Full (Allocation Failure)
[76.401s][info][gc,phases,start] GC(115) Marking Phase
[76.628s][info][gc,phases      ] GC(115) Marking Phase 227.156ms
[76.628s][info][gc,phases,start] GC(115) Summary Phase
[76.628s][info][gc,phases      ] GC(115) Summary Phase 0.022ms
[76.628s][info][gc,phases,start] GC(115) Forward
[76.644s][info][gc,phases      ] GC(115) Forward 15.692ms
[76.644s][info][gc,phases,start] GC(115) Adjust Pointers
[76.761s][info][gc,phases      ] GC(115) Adjust Pointers 116.537ms
[76.761s][info][gc,phases,start] GC(115) Compaction Phase
[76.832s][info][gc,phases      ] GC(115) Compaction Phase 71.662ms
[76.832s][info][gc,phases,start] GC(115) Post Compact
[76.835s][info][gc,phases      ] GC(115) Post Compact 2.192ms
[76.835s][info][gc,heap        ] GC(115) PSYoungGen: 111615K(222720K)->111615K(222720K) Eden: 111615K(111616K)->111615K(111616K) From: 0K(111104K)->0K(111104K)
[76.835s][info][gc,heap        ] GC(115) ParOldGen: 667380K(667648K)->667380K(667648K)
[76.835s][info][gc,metaspace   ] GC(115) Metaspace: 18011K(18304K)->18011K(18304K) NonClass: 16562K(16768K)->16562K(16768K) Class: 1448K(1536K)->1448K(1536K)
[76.835s][info][gc             ] GC(115) Pause Full (Allocation Failure) 760M->760M(869M) 433.599ms
[76.835s][info][gc,cpu         ] GC(115) User=0.85s Sys=0.00s Real=0.44s
[76.835s][info][gc,start       ] GC(116) Pause Full (Allocation Failure)
[76.835s][info][gc,phases,start] GC(116) Marking Phase
[77.065s][info][gc,phases      ] GC(116) Marking Phase 230.233ms
[77.065s][info][gc,phases,start] GC(116) Summary Phase
[77.065s][info][gc,phases      ] GC(116) Summary Phase 0.043ms
[77.065s][info][gc,phases,start] GC(116) Forward
[77.081s][info][gc,phases      ] GC(116) Forward 15.891ms
[77.081s][info][gc,phases,start] GC(116) Adjust Pointers
[77.197s][info][gc,phases      ] GC(116) Adjust Pointers 116.357ms
[77.197s][info][gc,phases,start] GC(116) Compaction Phase
[77.266s][info][gc,phases      ] GC(116) Compaction Phase 68.625ms
[77.266s][info][gc,phases,start] GC(116) Post Compact
[77.268s][info][gc,phases      ] GC(116) Post Compact 2.163ms
[77.268s][info][gc,heap        ] GC(116) PSYoungGen: 111615K(222720K)->111615K(222720K) Eden: 111615K(111616K)->111615K(111616K) From: 0K(111104K)->0K(111104K)
[77.268s][info][gc,heap        ] GC(116) ParOldGen: 667380K(667648K)->667380K(667648K)
[77.268s][info][gc,metaspace   ] GC(116) Metaspace: 18011K(18304K)->18011K(18304K) NonClass: 16562K(16768K)->16562K(16768K) Class: 1448K(1536K)->1448K(1536K)
[77.268s][info][gc             ] GC(116) Pause Full (Allocation Failure) 760M->760M(869M) 433.597ms
[77.268s][info][gc,cpu         ] GC(116) User=0.84s Sys=0.00s Real=0.43s
[77.268s][info][gc,start       ] GC(117) Pause Full (Allocation Failure)
[77.268s][info][gc,phases,start] GC(117) Marking Phase
[77.496s][info][gc,phases      ] GC(117) Marking Phase 227.450ms
[77.496s][info][gc,phases,start] GC(117) Summary Phase
[77.496s][info][gc,phases      ] GC(117) Summary Phase 0.021ms
[77.496s][info][gc,phases,start] GC(117) Forward
[77.512s][info][gc,phases      ] GC(117) Forward 15.989ms
[77.512s][info][gc,phases,start] GC(117) Adjust Pointers
[77.629s][info][gc,phases      ] GC(117) Adjust Pointers 117.124ms
[77.629s][info][gc,phases,start] GC(117) Compaction Phase
[77.699s][info][gc,phases      ] GC(117) Compaction Phase 69.531ms
[77.699s][info][gc,phases,start] GC(117) Post Compact
[77.701s][info][gc,phases      ] GC(117) Post Compact 2.170ms
[77.701s][info][gc,heap        ] GC(117) PSYoungGen: 111615K(222720K)->111615K(222720K) Eden: 111615K(111616K)->111615K(111616K) From: 0K(111104K)->0K(111104K)
[77.701s][info][gc,heap        ] GC(117) ParOldGen: 667380K(667648K)->667380K(667648K)
[77.701s][info][gc,metaspace   ] GC(117) Metaspace: 18011K(18304K)->18011K(18304K) NonClass: 16562K(16768K)->16562K(16768K) Class: 1448K(1536K)->1448K(1536K)
[77.701s][info][gc             ] GC(117) Pause Full (Allocation Failure) 760M->760M(869M) 432.569ms
[77.701s][info][gc,cpu         ] GC(117) User=0.84s Sys=0.00s Real=0.43s
[77.701s][info][gc,start       ] GC(118) Pause Full (Allocation Failure)
[77.701s][info][gc,phases,start] GC(118) Marking Phase
[77.929s][info][gc,phases      ] GC(118) Marking Phase 228.299ms
[77.929s][info][gc,phases,start] GC(118) Summary Phase
[77.930s][info][gc,phases      ] GC(118) Summary Phase 0.033ms
[77.930s][info][gc,phases,start] GC(118) Forward
[77.946s][info][gc,phases      ] GC(118) Forward 15.988ms
[77.946s][info][gc,phases,start] GC(118) Adjust Pointers
[78.062s][info][gc,phases      ] GC(118) Adjust Pointers 115.965ms
[78.062s][info][gc,phases,start] GC(118) Compaction Phase
[78.130s][info][gc,phases      ] GC(118) Compaction Phase 68.798ms
[78.130s][info][gc,phases,start] GC(118) Post Compact
[78.133s][info][gc,phases      ] GC(118) Post Compact 2.155ms
[78.133s][info][gc,heap        ] GC(118) PSYoungGen: 111615K(222720K)->111615K(222720K) Eden: 111615K(111616K)->111615K(111616K) From: 0K(111104K)->0K(111104K)
[78.133s][info][gc,heap        ] GC(118) ParOldGen: 667380K(667648K)->667380K(667648K)
[78.133s][info][gc,metaspace   ] GC(118) Metaspace: 18011K(18304K)->18011K(18304K) NonClass: 16562K(16768K)->16562K(16768K) Class: 1448K(1536K)->1448K(1536K)
[78.133s][info][gc             ] GC(118) Pause Full (Allocation Failure) 760M->760M(869M) 431.546ms
[78.133s][info][gc,cpu         ] GC(118) User=0.84s Sys=0.00s Real=0.43s
[78.133s][info][gc,start       ] GC(119) Pause Full (Allocation Failure)
[78.133s][info][gc,phases,start] GC(119) Marking Phase
[78.362s][info][gc,phases      ] GC(119) Marking Phase 229.169ms
[78.362s][info][gc,phases,start] GC(119) Summary Phase
[78.362s][info][gc,phases      ] GC(119) Summary Phase 0.021ms
[78.362s][info][gc,phases,start] GC(119) Forward
[78.378s][info][gc,phases      ] GC(119) Forward 15.857ms
[78.378s][info][gc,phases,start] GC(119) Adjust Pointers
[78.492s][info][gc,phases      ] GC(119) Adjust Pointers 114.057ms
[78.492s][info][gc,phases,start] GC(119) Compaction Phase
[78.559s][info][gc,phases      ] GC(119) Compaction Phase 67.179ms
[78.559s][info][gc,phases,start] GC(119) Post Compact
[78.562s][info][gc,phases      ] GC(119) Post Compact 2.209ms
[78.562s][info][gc,heap        ] GC(119) PSYoungGen: 111615K(222720K)->111615K(222720K) Eden: 111615K(111616K)->111615K(111616K) From: 0K(111104K)->0K(111104K)
[78.562s][info][gc,heap        ] GC(119) ParOldGen: 667380K(667648K)->667380K(667648K)
[78.562s][info][gc,metaspace   ] GC(119) Metaspace: 18011K(18304K)->18011K(18304K) NonClass: 16562K(16768K)->16562K(16768K) Class: 1448K(1536K)->1448K(1536K)
[78.562s][info][gc             ] GC(119) Pause Full (Allocation Failure) 760M->760M(869M) 428.812ms
[78.562s][info][gc,cpu         ] GC(119) User=0.84s Sys=0.00s Real=0.43s
[78.562s][info][gc,start       ] GC(120) Pause Full (Allocation Failure)
[78.562s][info][gc,phases,start] GC(120) Marking Phase
[78.789s][info][gc,phases      ] GC(120) Marking Phase 226.915ms
[78.789s][info][gc,phases,start] GC(120) Summary Phase
[78.789s][info][gc,phases      ] GC(120) Summary Phase 0.020ms
[78.789s][info][gc,phases,start] GC(120) Forward
[78.805s][info][gc,phases      ] GC(120) Forward 16.072ms
[78.805s][info][gc,phases,start] GC(120) Adjust Pointers
[78.919s][info][gc,phases      ] GC(120) Adjust Pointers 114.274ms
[78.919s][info][gc,phases,start] GC(120) Compaction Phase
[78.986s][info][gc,phases      ] GC(120) Compaction Phase 67.180ms
[78.986s][info][gc,phases,start] GC(120) Post Compact
[78.989s][info][gc,phases      ] GC(120) Post Compact 2.148ms
[78.989s][info][gc,heap        ] GC(120) PSYoungGen: 111615K(222720K)->111615K(222720K) Eden: 111615K(111616K)->111615K(111616K) From: 0K(111104K)->0K(111104K)
[78.989s][info][gc,heap        ] GC(120) ParOldGen: 667380K(667648K)->667380K(667648K)
[78.989s][info][gc,metaspace   ] GC(120) Metaspace: 18011K(18304K)->18011K(18304K) NonClass: 16562K(16768K)->16562K(16768K) Class: 1448K(1536K)->1448K(1536K)
[78.989s][info][gc             ] GC(120) Pause Full (Allocation Failure) 760M->760M(869M) 426.905ms
[78.989s][info][gc,cpu         ] GC(120) User=0.83s Sys=0.00s Real=0.43s
[78.989s][info][gc,start       ] GC(121) Pause Full (Allocation Failure)
[78.989s][info][gc,phases,start] GC(121) Marking Phase
[79.215s][info][gc,phases      ] GC(121) Marking Phase 226.126ms
[79.215s][info][gc,phases,start] GC(121) Summary Phase
[79.215s][info][gc,phases      ] GC(121) Summary Phase 0.020ms
[79.215s][info][gc,phases,start] GC(121) Forward
[79.230s][info][gc,phases      ] GC(121) Forward 15.527ms
[79.231s][info][gc,phases,start] GC(121) Adjust Pointers
[79.344s][info][gc,phases      ] GC(121) Adjust Pointers 113.249ms
[79.344s][info][gc,phases,start] GC(121) Compaction Phase
[79.411s][info][gc,phases      ] GC(121) Compaction Phase 66.726ms
[79.411s][info][gc,phases,start] GC(121) Post Compact
[79.413s][info][gc,phases      ] GC(121) Post Compact 2.166ms
[79.413s][info][gc,heap        ] GC(121) PSYoungGen: 111615K(222720K)->111615K(222720K) Eden: 111615K(111616K)->111615K(111616K) From: 0K(111104K)->0K(111104K)
[79.413s][info][gc,heap        ] GC(121) ParOldGen: 667380K(667648K)->667380K(667648K)
[79.413s][info][gc,metaspace   ] GC(121) Metaspace: 18011K(18304K)->18011K(18304K) NonClass: 16562K(16768K)->16562K(16768K) Class: 1448K(1536K)->1448K(1536K)
[79.413s][info][gc             ] GC(121) Pause Full (Allocation Failure) 760M->760M(869M) 424.135ms
[79.413s][info][gc,cpu         ] GC(121) User=0.83s Sys=0.01s Real=0.42s
[79.413s][info][gc,start       ] GC(122) Pause Full (Allocation Failure)
[79.413s][info][gc,phases,start] GC(122) Marking Phase
[79.639s][info][gc,phases      ] GC(122) Marking Phase 226.252ms
[79.639s][info][gc,phases,start] GC(122) Summary Phase
[79.639s][info][gc,phases      ] GC(122) Summary Phase 0.022ms
[79.639s][info][gc,phases,start] GC(122) Forward
[79.656s][info][gc,phases      ] GC(122) Forward 16.416ms
[79.656s][info][gc,phases,start] GC(122) Adjust Pointers
[79.770s][info][gc,phases      ] GC(122) Adjust Pointers 114.297ms
[79.770s][info][gc,phases,start] GC(122) Compaction Phase
[79.838s][info][gc,phases      ] GC(122) Compaction Phase 67.800ms
[79.838s][info][gc,phases,start] GC(122) Post Compact
[79.840s][info][gc,phases      ] GC(122) Post Compact 2.134ms
[79.840s][info][gc,heap        ] GC(122) PSYoungGen: 111615K(222720K)->111615K(222720K) Eden: 111615K(111616K)->111615K(111616K) From: 0K(111104K)->0K(111104K)
[79.840s][info][gc,heap        ] GC(122) ParOldGen: 667380K(667648K)->667380K(667648K)
[79.840s][info][gc,metaspace   ] GC(122) Metaspace: 18011K(18304K)->18011K(18304K) NonClass: 16562K(16768K)->16562K(16768K) Class: 1448K(1536K)->1448K(1536K)
[79.840s][info][gc             ] GC(122) Pause Full (Allocation Failure) 760M->760M(869M) 427.278ms
[79.840s][info][gc,cpu         ] GC(122) User=0.83s Sys=0.00s Real=0.43s
[79.840s][info][gc,start       ] GC(123) Pause Full (Allocation Failure)
[79.840s][info][gc,phases,start] GC(123) Marking Phase
[80.066s][info][gc,phases      ] GC(123) Marking Phase 225.113ms
[80.066s][info][gc,phases,start] GC(123) Summary Phase
[80.066s][info][gc,phases      ] GC(123) Summary Phase 0.021ms
[80.066s][info][gc,phases,start] GC(123) Forward
[80.082s][info][gc,phases      ] GC(123) Forward 15.858ms
[80.082s][info][gc,phases,start] GC(123) Adjust Pointers
[80.195s][info][gc,phases      ] GC(123) Adjust Pointers 113.152ms
[80.195s][info][gc,phases,start] GC(123) Compaction Phase
[80.261s][info][gc,phases      ] GC(123) Compaction Phase 66.680ms
[80.262s][info][gc,phases,start] GC(123) Post Compact
[80.264s][info][gc,phases      ] GC(123) Post Compact 2.208ms
[80.264s][info][gc,heap        ] GC(123) PSYoungGen: 111615K(222720K)->111615K(222720K) Eden: 111615K(111616K)->111615K(111616K) From: 0K(111104K)->0K(111104K)
[80.264s][info][gc,heap        ] GC(123) ParOldGen: 667380K(667648K)->667380K(667648K)
[80.264s][info][gc,metaspace   ] GC(123) Metaspace: 18011K(18304K)->18011K(18304K) NonClass: 16562K(16768K)->16562K(16768K) Class: 1448K(1536K)->1448K(1536K)
[80.264s][info][gc             ] GC(123) Pause Full (Allocation Failure) 760M->760M(869M) 423.374ms
[80.264s][info][gc,cpu         ] GC(123) User=0.83s Sys=0.00s Real=0.43s
[80.264s][info][gc,start       ] GC(124) Pause Full (Allocation Failure)
[80.264s][info][gc,phases,start] GC(124) Marking Phase
[80.490s][info][gc,phases      ] GC(124) Marking Phase 225.584ms
[80.490s][info][gc,phases,start] GC(124) Summary Phase
[80.490s][info][gc,phases      ] GC(124) Summary Phase 0.021ms
[80.490s][info][gc,phases,start] GC(124) Forward
[80.505s][info][gc,phases      ] GC(124) Forward 15.815ms
[80.505s][info][gc,phases,start] GC(124) Adjust Pointers
[80.620s][info][gc,phases      ] GC(124) Adjust Pointers 114.285ms
[80.620s][info][gc,phases,start] GC(124) Compaction Phase
[80.687s][info][gc,phases      ] GC(124) Compaction Phase 66.820ms
[80.687s][info][gc,phases,start] GC(124) Post Compact
[80.689s][info][gc,phases      ] GC(124) Post Compact 2.164ms
[80.689s][info][gc,heap        ] GC(124) PSYoungGen: 111615K(222720K)->111615K(222720K) Eden: 111615K(111616K)->111615K(111616K) From: 0K(111104K)->0K(111104K)
[80.689s][info][gc,heap        ] GC(124) ParOldGen: 667380K(667648K)->667380K(667648K)
[80.689s][info][gc,metaspace   ] GC(124) Metaspace: 18011K(18304K)->18011K(18304K) NonClass: 16562K(16768K)->16562K(16768K) Class: 1448K(1536K)->1448K(1536K)
[80.689s][info][gc             ] GC(124) Pause Full (Allocation Failure) 760M->760M(869M) 425.019ms
[80.689s][info][gc,cpu         ] GC(124) User=0.82s Sys=0.00s Real=0.42s
[80.689s][info][gc,start       ] GC(125) Pause Full (Allocation Failure)
[80.689s][info][gc,phases,start] GC(125) Marking Phase
[80.916s][info][gc,phases      ] GC(125) Marking Phase 226.633ms
[80.916s][info][gc,phases,start] GC(125) Summary Phase
[80.916s][info][gc,phases      ] GC(125) Summary Phase 0.032ms
[80.916s][info][gc,phases,start] GC(125) Forward
[80.931s][info][gc,phases      ] GC(125) Forward 15.614ms
[80.931s][info][gc,phases,start] GC(125) Adjust Pointers
[81.044s][info][gc,phases      ] GC(125) Adjust Pointers 112.779ms
[81.044s][info][gc,phases,start] GC(125) Compaction Phase
[81.111s][info][gc,phases      ] GC(125) Compaction Phase 67.118ms
[81.112s][info][gc,phases,start] GC(125) Post Compact
[81.114s][info][gc,phases      ] GC(125) Post Compact 2.130ms
[81.114s][info][gc,heap        ] GC(125) PSYoungGen: 111615K(222720K)->111615K(222720K) Eden: 111615K(111616K)->111615K(111616K) From: 0K(111104K)->0K(111104K)
[81.114s][info][gc,heap        ] GC(125) ParOldGen: 667380K(667648K)->667380K(667648K)
[81.114s][info][gc,metaspace   ] GC(125) Metaspace: 18011K(18304K)->18011K(18304K) NonClass: 16562K(16768K)->16562K(16768K) Class: 1448K(1536K)->1448K(1536K)
[81.114s][info][gc             ] GC(125) Pause Full (Allocation Failure) 760M->760M(869M) 424.636ms
[81.114s][info][gc,cpu         ] GC(125) User=0.83s Sys=0.00s Real=0.42s
[81.114s][info][gc,start       ] GC(126) Pause Full (Allocation Failure)
[81.114s][info][gc,phases,start] GC(126) Marking Phase
[81.341s][info][gc,phases      ] GC(126) Marking Phase 226.576ms
[81.341s][info][gc,phases,start] GC(126) Summary Phase
[81.341s][info][gc,phases      ] GC(126) Summary Phase 0.020ms
[81.341s][info][gc,phases,start] GC(126) Forward
[81.356s][info][gc,phases      ] GC(126) Forward 15.869ms
[81.357s][info][gc,phases,start] GC(126) Adjust Pointers
[81.470s][info][gc,phases      ] GC(126) Adjust Pointers 113.089ms
[81.470s][info][gc,phases,start] GC(126) Compaction Phase
[81.537s][info][gc,phases      ] GC(126) Compaction Phase 67.305ms
[81.537s][info][gc,phases,start] GC(126) Post Compact
[81.539s][info][gc,phases      ] GC(126) Post Compact 2.149ms
[81.539s][info][gc,heap        ] GC(126) PSYoungGen: 111615K(222720K)->111615K(222720K) Eden: 111615K(111616K)->111615K(111616K) From: 0K(111104K)->0K(111104K)
[81.539s][info][gc,heap        ] GC(126) ParOldGen: 667380K(667648K)->667380K(667648K)
[81.539s][info][gc,metaspace   ] GC(126) Metaspace: 18011K(18304K)->18011K(18304K) NonClass: 16562K(16768K)->16562K(16768K) Class: 1448K(1536K)->1448K(1536K)
[81.539s][info][gc             ] GC(126) Pause Full (Allocation Failure) 760M->760M(869M) 425.319ms
[81.539s][info][gc,cpu         ] GC(126) User=0.83s Sys=0.00s Real=0.42s
[81.539s][info][gc,start       ] GC(127) Pause Full (Allocation Failure)
[81.539s][info][gc,phases,start] GC(127) Marking Phase
[81.764s][info][gc,phases      ] GC(127) Marking Phase 224.880ms
[81.764s][info][gc,phases,start] GC(127) Summary Phase
[81.764s][info][gc,phases      ] GC(127) Summary Phase 0.021ms
[81.764s][info][gc,phases,start] GC(127) Forward
[81.783s][info][gc,phases      ] GC(127) Forward 18.215ms
[81.783s][info][gc,phases,start] GC(127) Adjust Pointers
[81.896s][info][gc,phases      ] GC(127) Adjust Pointers 113.071ms
[81.896s][info][gc,phases,start] GC(127) Compaction Phase
[81.963s][info][gc,phases      ] GC(127) Compaction Phase 67.586ms
[81.963s][info][gc,phases,start] GC(127) Post Compact
[81.966s][info][gc,phases      ] GC(127) Post Compact 2.158ms
[81.966s][info][gc,heap        ] GC(127) PSYoungGen: 111615K(222720K)->111615K(222720K) Eden: 111615K(111616K)->111615K(111616K) From: 0K(111104K)->0K(111104K)
[81.966s][info][gc,heap        ] GC(127) ParOldGen: 667380K(667648K)->667380K(667648K)
[81.966s][info][gc,metaspace   ] GC(127) Metaspace: 18011K(18304K)->18011K(18304K) NonClass: 16562K(16768K)->16562K(16768K) Class: 1448K(1536K)->1448K(1536K)
[81.966s][info][gc             ] GC(127) Pause Full (Allocation Failure) 760M->760M(869M) 426.241ms
[81.966s][info][gc,cpu         ] GC(127) User=0.83s Sys=0.00s Real=0.43s
[81.966s][info][gc,start       ] GC(128) Pause Full (Allocation Failure)
[81.966s][info][gc,phases,start] GC(128) Marking Phase
[82.192s][info][gc,phases      ] GC(128) Marking Phase 226.028ms
[82.192s][info][gc,phases,start] GC(128) Summary Phase
[82.192s][info][gc,phases      ] GC(128) Summary Phase 0.034ms
[82.192s][info][gc,phases,start] GC(128) Forward
[82.208s][info][gc,phases      ] GC(128) Forward 15.932ms
[82.208s][info][gc,phases,start] GC(128) Adjust Pointers
[82.324s][info][gc,phases      ] GC(128) Adjust Pointers 116.272ms
[82.324s][info][gc,phases,start] GC(128) Compaction Phase
[82.391s][info][gc,phases      ] GC(128) Compaction Phase 67.137ms
[82.391s][info][gc,phases,start] GC(128) Post Compact
[82.394s][info][gc,phases      ] GC(128) Post Compact 2.184ms
[82.394s][info][gc,heap        ] GC(128) PSYoungGen: 111615K(222720K)->111615K(222720K) Eden: 111615K(111616K)->111615K(111616K) From: 0K(111104K)->0K(111104K)
[82.394s][info][gc,heap        ] GC(128) ParOldGen: 667380K(667648K)->667380K(667648K)
[82.394s][info][gc,metaspace   ] GC(128) Metaspace: 18011K(18304K)->18011K(18304K) NonClass: 16562K(16768K)->16562K(16768K) Class: 1448K(1536K)->1448K(1536K)
[82.394s][info][gc             ] GC(128) Pause Full (Allocation Failure) 760M->760M(869M) 427.904ms
[82.394s][info][gc,cpu         ] GC(128) User=0.83s Sys=0.00s Real=0.42s
[82.394s][info][gc,start       ] GC(129) Pause Full (Allocation Failure)
[82.394s][info][gc,phases,start] GC(129) Marking Phase
[82.620s][info][gc,phases      ] GC(129) Marking Phase 226.300ms
[82.620s][info][gc,phases,start] GC(129) Summary Phase
[82.620s][info][gc,phases      ] GC(129) Summary Phase 0.021ms
[82.620s][info][gc,phases,start] GC(129) Forward
[82.636s][info][gc,phases      ] GC(129) Forward 15.993ms
[82.636s][info][gc,phases,start] GC(129) Adjust Pointers
[82.754s][info][gc,phases      ] GC(129) Adjust Pointers 117.359ms
[82.754s][info][gc,phases,start] GC(129) Compaction Phase
[82.822s][info][gc,phases      ] GC(129) Compaction Phase 67.930ms
[82.822s][info][gc,phases,start] GC(129) Post Compact
[82.824s][info][gc,phases      ] GC(129) Post Compact 2.190ms
[82.824s][info][gc,heap        ] GC(129) PSYoungGen: 111615K(222720K)->111615K(222720K) Eden: 111615K(111616K)->111615K(111616K) From: 0K(111104K)->0K(111104K)
[82.824s][info][gc,heap        ] GC(129) ParOldGen: 667380K(667648K)->667380K(667648K)
[82.824s][info][gc,metaspace   ] GC(129) Metaspace: 18011K(18304K)->18011K(18304K) NonClass: 16562K(16768K)->16562K(16768K) Class: 1448K(1536K)->1448K(1536K)
[82.824s][info][gc             ] GC(129) Pause Full (Allocation Failure) 760M->760M(869M) 430.086ms
[82.824s][info][gc,cpu         ] GC(129) User=0.83s Sys=0.00s Real=0.44s
[82.824s][info][gc,start       ] GC(130) Pause Full (Allocation Failure)
[82.824s][info][gc,phases,start] GC(130) Marking Phase
[83.049s][info][gc,phases      ] GC(130) Marking Phase 225.336ms
[83.049s][info][gc,phases,start] GC(130) Summary Phase
[83.049s][info][gc,phases      ] GC(130) Summary Phase 0.021ms
[83.049s][info][gc,phases,start] GC(130) Forward
[83.065s][info][gc,phases      ] GC(130) Forward 15.902ms
[83.065s][info][gc,phases,start] GC(130) Adjust Pointers
[83.180s][info][gc,phases      ] GC(130) Adjust Pointers 114.403ms
[83.180s][info][gc,phases,start] GC(130) Compaction Phase
[83.247s][info][gc,phases      ] GC(130) Compaction Phase 66.857ms
[83.247s][info][gc,phases,start] GC(130) Post Compact
[83.249s][info][gc,phases      ] GC(130) Post Compact 2.136ms
[83.249s][info][gc,heap        ] GC(130) PSYoungGen: 111615K(222720K)->111615K(222720K) Eden: 111615K(111616K)->111615K(111616K) From: 0K(111104K)->0K(111104K)
[83.249s][info][gc,heap        ] GC(130) ParOldGen: 667380K(667648K)->667380K(667648K)
[83.249s][info][gc,metaspace   ] GC(130) Metaspace: 18011K(18304K)->18011K(18304K) NonClass: 16562K(16768K)->16562K(16768K) Class: 1448K(1536K)->1448K(1536K)
[83.249s][info][gc             ] GC(130) Pause Full (Allocation Failure) 760M->760M(869M) 424.959ms
[83.249s][info][gc,cpu         ] GC(130) User=0.83s Sys=0.00s Real=0.42s
[83.249s][info][gc,start       ] GC(131) Pause Full (Allocation Failure)
[83.249s][info][gc,phases,start] GC(131) Marking Phase
[83.471s][info][gc,phases      ] GC(131) Marking Phase 221.852ms
[83.471s][info][gc,phases,start] GC(131) Summary Phase
[83.471s][info][gc,phases      ] GC(131) Summary Phase 0.024ms
[83.471s][info][gc,phases,start] GC(131) Forward
[83.552s][info][gc,phases      ] GC(131) Forward 80.628ms
[83.552s][info][gc,phases,start] GC(131) Adjust Pointers
[83.670s][info][gc,phases      ] GC(131) Adjust Pointers 118.659ms
[83.670s][info][gc,phases,start] GC(131) Compaction Phase
[83.759s][info][gc,phases      ] GC(131) Compaction Phase 88.602ms
[83.759s][info][gc,phases,start] GC(131) Post Compact
[83.761s][info][metaspace      ] ChkMgr @0x00007fc01c03aa80 (non-class-space): : reclaiming memory...
[83.761s][info][metaspace      ] ChkMgr @0x00007fc01c03aa80 (non-class-space): nothing reclaimed.
[83.761s][info][metaspace      ] ChkMgr @0x00007fc01c03a890 (class-space): : reclaiming memory...
[83.761s][info][metaspace      ] ChkMgr @0x00007fc01c03a890 (class-space): nothing reclaimed.
[83.761s][info][gc,phases      ] GC(131) Post Compact 2.247ms
[83.761s][info][gc,heap        ] GC(131) PSYoungGen: 111615K(222720K)->0K(222720K) Eden: 111615K(111616K)->0K(111616K) From: 0K(111104K)->0K(111104K)
[83.761s][info][gc,heap        ] GC(131) ParOldGen: 667380K(667648K)->437436K(667648K)
[83.761s][info][gc,metaspace   ] GC(131) Metaspace: 18011K(18304K)->18007K(18304K) NonClass: 16562K(16768K)->16558K(16768K) Class: 1448K(1536K)->1448K(1536K)
[83.762s][info][gc             ] GC(131) Pause Full (Allocation Failure) 760M->427M(869M) 512.445ms
[83.762s][info][gc,cpu         ] GC(131) User=0.94s Sys=0.00s Real=0.51s
[83.884s][info][gc,start       ] GC(132) Pause Young (Allocation Failure)
[83.930s][info][gc,heap        ] GC(132) PSYoungGen: 111616K(222720K)->48420K(222720K) Eden: 111616K(111616K)->0K(111616K) From: 0K(111104K)->48420K(111104K)
[83.930s][info][gc,heap        ] GC(132) ParOldGen: 437436K(667648K)->437436K(667648K)
[83.930s][info][gc,metaspace   ] GC(132) Metaspace: 18012K(18304K)->18012K(18304K) NonClass: 16563K(16768K)->16563K(16768K) Class: 1448K(1536K)->1448K(1536K)
[83.930s][info][gc             ] GC(132) Pause Young (Allocation Failure) 536M->474M(869M) 46.593ms
[83.930s][info][gc,cpu         ] GC(132) User=0.09s Sys=0.00s Real=0.05s
[84.077s][info][gc,start       ] GC(133) Pause Young (Allocation Failure)
[84.143s][info][gc,heap        ] GC(133) PSYoungGen: 160036K(222720K)->16712K(222720K) Eden: 111616K(111616K)->0K(111616K) From: 48420K(111104K)->16712K(111104K)
[84.143s][info][gc,heap        ] GC(133) ParOldGen: 437436K(667648K)->486090K(667648K)
[84.143s][info][gc,metaspace   ] GC(133) Metaspace: 18013K(18304K)->18013K(18304K) NonClass: 16565K(16768K)->16565K(16768K) Class: 1448K(1536K)->1448K(1536K)
[84.143s][info][gc             ] GC(133) Pause Young (Allocation Failure) 583M->491M(869M) 65.906ms
[84.143s][info][gc,cpu         ] GC(133) User=0.13s Sys=0.00s Real=0.06s
[85.045s][info][gc,start       ] GC(134) Pause Young (Allocation Failure)
[85.124s][info][gc,heap        ] GC(134) PSYoungGen: 128328K(222720K)->52544K(222720K) Eden: 111616K(111616K)->0K(111616K) From: 16712K(111104K)->52544K(111104K)
[85.124s][info][gc,heap        ] GC(134) ParOldGen: 486090K(667648K)->503334K(667648K)
[85.124s][info][gc,metaspace   ] GC(134) Metaspace: 18027K(18304K)->18027K(18304K) NonClass: 16578K(16768K)->16578K(16768K) Class: 1448K(1536K)->1448K(1536K)
[85.124s][info][gc             ] GC(134) Pause Young (Allocation Failure) 600M->542M(869M) 79.193ms
[85.124s][info][gc,cpu         ] GC(134) User=0.16s Sys=0.00s Real=0.08s
[85.251s][info][gc,start       ] GC(135) Pause Young (Allocation Failure)
[85.398s][info][gc,heap        ] GC(135) PSYoungGen: 164160K(222720K)->110176K(222720K) Eden: 111616K(111616K)->0K(111616K) From: 52544K(111104K)->110176K(111104K)
[85.398s][info][gc,heap        ] GC(135) ParOldGen: 503334K(667648K)->555967K(667648K)
[85.398s][info][gc,metaspace   ] GC(135) Metaspace: 18027K(18304K)->18027K(18304K) NonClass: 16578K(16768K)->16578K(16768K) Class: 1448K(1536K)->1448K(1536K)
[85.398s][info][gc             ] GC(135) Pause Young (Allocation Failure) 651M->650M(869M) 146.579ms
[85.398s][info][gc,cpu         ] GC(135) User=0.30s Sys=0.00s Real=0.15s
[85.529s][info][gc,start       ] GC(136) Pause Young (Allocation Failure)
[85.715s][info][gc,heap        ] GC(136) PSYoungGen: 221792K(222720K)->110144K(222720K) Eden: 111616K(111616K)->0K(111616K) From: 110176K(111104K)->110144K(111104K)
[85.715s][info][gc,heap        ] GC(136) ParOldGen: 555967K(667648K)->666407K(667648K)
[85.715s][info][gc,metaspace   ] GC(136) Metaspace: 18027K(18304K)->18027K(18304K) NonClass: 16578K(16768K)->16578K(16768K) Class: 1448K(1536K)->1448K(1536K)
[85.715s][info][gc             ] GC(136) Pause Young (Allocation Failure) 759M->758M(869M) 186.277ms
[85.715s][info][gc,cpu         ] GC(136) User=0.37s Sys=0.00s Real=0.19s
[85.842s][info][gc,start       ] GC(137) Pause Full (Allocation Failure)
[85.842s][info][gc,phases,start] GC(137) Marking Phase
[86.351s][info][gc,phases      ] GC(137) Marking Phase 508.772ms
[86.351s][info][gc,phases,start] GC(137) Summary Phase
[86.351s][info][gc,phases      ] GC(137) Summary Phase 0.027ms
[86.351s][info][gc,phases,start] GC(137) Forward
[86.490s][info][gc,phases      ] GC(137) Forward 139.454ms
[86.490s][info][gc,phases,start] GC(137) Adjust Pointers
[86.770s][info][gc,phases      ] GC(137) Adjust Pointers 279.277ms
[86.770s][info][gc,phases,start] GC(137) Compaction Phase
[86.983s][info][gc,phases      ] GC(137) Compaction Phase 213.859ms
[86.984s][info][gc,phases,start] GC(137) Post Compact
[86.986s][info][gc,phases      ] GC(137) Post Compact 2.448ms
[86.986s][info][gc,heap        ] GC(137) PSYoungGen: 221760K(222720K)->60917K(222720K) Eden: 111616K(111616K)->0K(111616K) From: 110144K(111104K)->60917K(111104K)
[86.986s][info][gc,heap        ] GC(137) ParOldGen: 666407K(667648K)->667550K(667648K)
[86.986s][info][gc,metaspace   ] GC(137) Metaspace: 18027K(18304K)->18027K(18304K) NonClass: 16578K(16768K)->16578K(16768K) Class: 1448K(1536K)->1448K(1536K)
[86.986s][info][gc             ] GC(137) Pause Full (Allocation Failure) 867M->711M(869M) 1144.316ms
[86.986s][info][gc,cpu         ] GC(137) User=2.22s Sys=0.00s Real=1.15s
[87.113s][info][gc,start       ] GC(138) Pause Full (Allocation Failure)
[87.113s][info][gc,phases,start] GC(138) Marking Phase
[87.701s][info][gc,phases      ] GC(138) Marking Phase 587.367ms
[87.701s][info][gc,phases,start] GC(138) Summary Phase
[87.701s][info][gc,phases      ] GC(138) Summary Phase 0.025ms
[87.701s][info][gc,phases,start] GC(138) Forward
[87.850s][info][gc,phases      ] GC(138) Forward 149.193ms
[87.850s][info][gc,phases,start] GC(138) Adjust Pointers
[88.171s][info][gc,phases      ] GC(138) Adjust Pointers 321.422ms
[88.171s][info][gc,phases,start] GC(138) Compaction Phase
[88.358s][info][gc,phases      ] GC(138) Compaction Phase 186.245ms
[88.358s][info][gc,phases,start] GC(138) Post Compact
[88.360s][info][gc,phases      ] GC(138) Post Compact 2.363ms
[88.360s][info][gc,heap        ] GC(138) PSYoungGen: 172533K(222720K)->170933K(222720K) Eden: 111616K(111616K)->111552K(111616K) From: 60917K(111104K)->59381K(111104K)
[88.360s][info][gc,heap        ] GC(138) ParOldGen: 667550K(667648K)->667550K(667648K)
[88.360s][info][gc,metaspace   ] GC(138) Metaspace: 18027K(18304K)->18027K(18304K) NonClass: 16578K(16768K)->16578K(16768K) Class: 1448K(1536K)->1448K(1536K)
[88.360s][info][gc             ] GC(138) Pause Full (Allocation Failure) 820M->818M(869M) 1246.994ms
[88.360s][info][gc,cpu         ] GC(138) User=2.43s Sys=0.00s Real=1.25s
[88.361s][info][gc,start       ] GC(139) Pause Full (Allocation Failure)
[88.361s][info][gc,phases,start] GC(139) Marking Phase
[88.943s][info][gc,phases      ] GC(139) Marking Phase 581.939ms
[88.943s][info][gc,phases,start] GC(139) Summary Phase
[88.943s][info][gc,phases      ] GC(139) Summary Phase 0.022ms
[88.943s][info][gc,phases,start] GC(139) Forward
[88.974s][info][gc,phases      ] GC(139) Forward 30.802ms
[88.974s][info][gc,phases,start] GC(139) Adjust Pointers
[89.261s][info][gc,phases      ] GC(139) Adjust Pointers 287.121ms
[89.261s][info][gc,phases,start] GC(139) Compaction Phase
[89.402s][info][gc,phases      ] GC(139) Compaction Phase 141.107ms
[89.402s][info][gc,phases,start] GC(139) Post Compact
[89.404s][info][gc,phases      ] GC(139) Post Compact 2.362ms
[89.404s][info][gc,heap        ] GC(139) PSYoungGen: 170997K(222720K)->170995K(222720K) Eden: 111616K(111616K)->111614K(111616K) From: 59381K(111104K)->59381K(111104K)
[89.404s][info][gc,heap        ] GC(139) ParOldGen: 667550K(667648K)->667550K(667648K)
[89.404s][info][gc,metaspace   ] GC(139) Metaspace: 18027K(18304K)->18027K(18304K) NonClass: 16578K(16768K)->16578K(16768K) Class: 1448K(1536K)->1448K(1536K)
[89.404s][info][gc             ] GC(139) Pause Full (Allocation Failure) 818M->818M(869M) 1043.708ms
[89.404s][info][gc,cpu         ] GC(139) User=2.06s Sys=0.01s Real=1.05s
[89.405s][info][gc,start       ] GC(140) Pause Full (Allocation Failure)
[89.405s][info][gc,phases,start] GC(140) Marking Phase
[90.003s][info][gc,phases      ] GC(140) Marking Phase 598.656ms
[90.003s][info][gc,phases,start] GC(140) Summary Phase
[90.003s][info][gc,phases      ] GC(140) Summary Phase 0.025ms
[90.003s][info][gc,phases,start] GC(140) Forward
[90.036s][info][gc,phases      ] GC(140) Forward 32.309ms
[90.036s][info][gc,phases,start] GC(140) Adjust Pointers
[90.330s][info][gc,phases      ] GC(140) Adjust Pointers 294.067ms
[90.330s][info][gc,phases,start] GC(140) Compaction Phase
[90.472s][info][gc,phases      ] GC(140) Compaction Phase 142.231ms
[90.472s][info][gc,phases,start] GC(140) Post Compact
[90.474s][info][gc,phases      ] GC(140) Post Compact 2.352ms
[90.475s][info][gc,heap        ] GC(140) PSYoungGen: 170997K(222720K)->170997K(222720K) Eden: 111615K(111616K)->111615K(111616K) From: 59381K(111104K)->59381K(111104K)
[90.475s][info][gc,heap        ] GC(140) ParOldGen: 667550K(667648K)->667550K(667648K)
[90.475s][info][gc,metaspace   ] GC(140) Metaspace: 18027K(18304K)->18027K(18304K) NonClass: 16578K(16768K)->16578K(16768K) Class: 1448K(1536K)->1448K(1536K)
[90.475s][info][gc             ] GC(140) Pause Full (Allocation Failure) 818M->818M(869M) 1069.973ms
[90.475s][info][gc,cpu         ] GC(140) User=2.11s Sys=0.00s Real=1.07s
[90.475s][info][gc,start       ] GC(141) Pause Full (Allocation Failure)
[90.475s][info][gc,phases,start] GC(141) Marking Phase
[91.060s][info][gc,phases      ] GC(141) Marking Phase 585.386ms
[91.060s][info][gc,phases,start] GC(141) Summary Phase
[91.060s][info][gc,phases      ] GC(141) Summary Phase 0.022ms
[91.060s][info][gc,phases,start] GC(141) Forward
[91.091s][info][gc,phases      ] GC(141) Forward 30.686ms
[91.091s][info][gc,phases,start] GC(141) Adjust Pointers
[91.380s][info][gc,phases      ] GC(141) Adjust Pointers 289.379ms
[91.380s][info][gc,phases,start] GC(141) Compaction Phase
[91.522s][info][gc,phases      ] GC(141) Compaction Phase 141.233ms
[91.522s][info][gc,phases,start] GC(141) Post Compact
[91.524s][info][gc,phases      ] GC(141) Post Compact 2.311ms
[91.524s][info][gc,heap        ] GC(141) PSYoungGen: 170997K(222720K)->170997K(222720K) Eden: 111615K(111616K)->111615K(111616K) From: 59381K(111104K)->59381K(111104K)
[91.524s][info][gc,heap        ] GC(141) ParOldGen: 667550K(667648K)->667550K(667648K)
[91.524s][info][gc,metaspace   ] GC(141) Metaspace: 18027K(18304K)->18027K(18304K) NonClass: 16578K(16768K)->16578K(16768K) Class: 1448K(1536K)->1448K(1536K)
[91.524s][info][gc             ] GC(141) Pause Full (Allocation Failure) 818M->818M(869M) 1049.339ms
[91.524s][info][gc,cpu         ] GC(141) User=2.07s Sys=0.00s Real=1.05s
[91.524s][info][gc,start       ] GC(142) Pause Full (Allocation Failure)
[91.524s][info][gc,phases,start] GC(142) Marking Phase
[92.105s][info][gc,phases      ] GC(142) Marking Phase 580.994ms
[92.105s][info][gc,phases,start] GC(142) Summary Phase
[92.105s][info][gc,phases      ] GC(142) Summary Phase 0.023ms
[92.105s][info][gc,phases,start] GC(142) Forward
[92.136s][info][gc,phases      ] GC(142) Forward 30.668ms
[92.136s][info][gc,phases,start] GC(142) Adjust Pointers
[92.423s][info][gc,phases      ] GC(142) Adjust Pointers 286.943ms
[92.423s][info][gc,phases,start] GC(142) Compaction Phase
[92.563s][info][gc,phases      ] GC(142) Compaction Phase 140.305ms
[92.563s][info][gc,phases,start] GC(142) Post Compact
[92.566s][info][gc,phases      ] GC(142) Post Compact 2.308ms
[92.566s][info][gc,heap        ] GC(142) PSYoungGen: 170997K(222720K)->170997K(222720K) Eden: 111615K(111616K)->111615K(111616K) From: 59381K(111104K)->59381K(111104K)
[92.566s][info][gc,heap        ] GC(142) ParOldGen: 667550K(667648K)->667550K(667648K)
[92.566s][info][gc,metaspace   ] GC(142) Metaspace: 18027K(18304K)->18027K(18304K) NonClass: 16578K(16768K)->16578K(16768K) Class: 1448K(1536K)->1448K(1536K)
[92.566s][info][gc             ] GC(142) Pause Full (Allocation Failure) 818M->818M(869M) 1041.581ms
[92.566s][info][gc,cpu         ] GC(142) User=2.05s Sys=0.00s Real=1.04s
[92.566s][info][gc,start       ] GC(143) Pause Full (Allocation Failure)
[92.566s][info][gc,phases,start] GC(143) Marking Phase
[93.151s][info][gc,phases      ] GC(143) Marking Phase 585.019ms
[93.151s][info][gc,phases,start] GC(143) Summary Phase
[93.151s][info][gc,phases      ] GC(143) Summary Phase 0.022ms
[93.151s][info][gc,phases,start] GC(143) Forward
[93.182s][info][gc,phases      ] GC(143) Forward 30.720ms
[93.182s][info][gc,phases,start] GC(143) Adjust Pointers
[93.471s][info][gc,phases      ] GC(143) Adjust Pointers 288.832ms
[93.471s][info][gc,phases,start] GC(143) Compaction Phase
[93.611s][info][gc,phases      ] GC(143) Compaction Phase 140.492ms
[93.611s][info][gc,phases,start] GC(143) Post Compact
[93.614s][info][gc,phases      ] GC(143) Post Compact 2.310ms
[93.614s][info][gc,heap        ] GC(143) PSYoungGen: 170997K(222720K)->170997K(222720K) Eden: 111615K(111616K)->111615K(111616K) From: 59381K(111104K)->59381K(111104K)
[93.614s][info][gc,heap        ] GC(143) ParOldGen: 667550K(667648K)->667550K(667648K)
[93.614s][info][gc,metaspace   ] GC(143) Metaspace: 18027K(18304K)->18027K(18304K) NonClass: 16578K(16768K)->16578K(16768K) Class: 1448K(1536K)->1448K(1536K)
[93.614s][info][gc             ] GC(143) Pause Full (Allocation Failure) 818M->818M(869M) 1047.736ms
[93.614s][info][gc,cpu         ] GC(143) User=2.07s Sys=0.00s Real=1.04s
[93.614s][info][gc,start       ] GC(144) Pause Full (Allocation Failure)
[93.614s][info][gc,phases,start] GC(144) Marking Phase
[94.195s][info][gc,phases      ] GC(144) Marking Phase 581.512ms
[94.195s][info][gc,phases,start] GC(144) Summary Phase
[94.195s][info][gc,phases      ] GC(144) Summary Phase 0.022ms
[94.195s][info][gc,phases,start] GC(144) Forward
[94.226s][info][gc,phases      ] GC(144) Forward 30.726ms
[94.226s][info][gc,phases,start] GC(144) Adjust Pointers
[94.514s][info][gc,phases      ] GC(144) Adjust Pointers 288.005ms
[94.514s][info][gc,phases,start] GC(144) Compaction Phase
[94.655s][info][gc,phases      ] GC(144) Compaction Phase 140.997ms
[94.655s][info][gc,phases,start] GC(144) Post Compact
[94.658s][info][gc,phases      ] GC(144) Post Compact 2.354ms
[94.658s][info][gc,heap        ] GC(144) PSYoungGen: 170997K(222720K)->170997K(222720K) Eden: 111615K(111616K)->111615K(111616K) From: 59381K(111104K)->59381K(111104K)
[94.658s][info][gc,heap        ] GC(144) ParOldGen: 667550K(667648K)->667550K(667648K)
[94.658s][info][gc,metaspace   ] GC(144) Metaspace: 18027K(18304K)->18027K(18304K) NonClass: 16578K(16768K)->16578K(16768K) Class: 1448K(1536K)->1448K(1536K)
[94.658s][info][gc             ] GC(144) Pause Full (Allocation Failure) 818M->818M(869M) 1043.940ms
[94.658s][info][gc,cpu         ] GC(144) User=2.06s Sys=0.00s Real=1.05s
[94.658s][info][gc,start       ] GC(145) Pause Full (Allocation Failure)
[94.658s][info][gc,phases,start] GC(145) Marking Phase
[95.240s][info][gc,phases      ] GC(145) Marking Phase 582.499ms
[95.240s][info][gc,phases,start] GC(145) Summary Phase
[95.240s][info][gc,phases      ] GC(145) Summary Phase 0.024ms
[95.240s][info][gc,phases,start] GC(145) Forward
[95.271s][info][gc,phases      ] GC(145) Forward 30.899ms
[95.271s][info][gc,phases,start] GC(145) Adjust Pointers
[95.560s][info][gc,phases      ] GC(145) Adjust Pointers 288.571ms
[95.560s][info][gc,phases,start] GC(145) Compaction Phase
[95.701s][info][gc,phases      ] GC(145) Compaction Phase 140.951ms
[95.701s][info][gc,phases,start] GC(145) Post Compact
[95.703s][info][gc,phases      ] GC(145) Post Compact 2.331ms
[95.703s][info][gc,heap        ] GC(145) PSYoungGen: 170997K(222720K)->170997K(222720K) Eden: 111615K(111616K)->111615K(111616K) From: 59381K(111104K)->59381K(111104K)
[95.703s][info][gc,heap        ] GC(145) ParOldGen: 667550K(667648K)->667550K(667648K)
[95.703s][info][gc,metaspace   ] GC(145) Metaspace: 18027K(18304K)->18027K(18304K) NonClass: 16578K(16768K)->16578K(16768K) Class: 1448K(1536K)->1448K(1536K)
[95.703s][info][gc             ] GC(145) Pause Full (Allocation Failure) 818M->818M(869M) 1045.613ms
[95.703s][info][gc,cpu         ] GC(145) User=2.07s Sys=0.00s Real=1.04s
[95.704s][info][gc,start       ] GC(146) Pause Full (Allocation Failure)
[95.704s][info][gc,phases,start] GC(146) Marking Phase
[96.286s][info][gc,phases      ] GC(146) Marking Phase 582.385ms
[96.286s][info][gc,phases,start] GC(146) Summary Phase
[96.286s][info][gc,phases      ] GC(146) Summary Phase 0.022ms
[96.286s][info][gc,phases,start] GC(146) Forward
[96.317s][info][gc,phases      ] GC(146) Forward 30.933ms
[96.317s][info][gc,phases,start] GC(146) Adjust Pointers
[96.603s][info][gc,phases      ] GC(146) Adjust Pointers 286.145ms
[96.603s][info][gc,phases,start] GC(146) Compaction Phase
[96.744s][info][gc,phases      ] GC(146) Compaction Phase 140.743ms
[96.744s][info][gc,phases,start] GC(146) Post Compact
[96.746s][info][gc,phases      ] GC(146) Post Compact 2.302ms
[96.746s][info][gc,heap        ] GC(146) PSYoungGen: 170997K(222720K)->170997K(222720K) Eden: 111615K(111616K)->111615K(111616K) From: 59381K(111104K)->59381K(111104K)
[96.746s][info][gc,heap        ] GC(146) ParOldGen: 667550K(667648K)->667550K(667648K)
[96.746s][info][gc,metaspace   ] GC(146) Metaspace: 18027K(18304K)->18027K(18304K) NonClass: 16578K(16768K)->16578K(16768K) Class: 1448K(1536K)->1448K(1536K)
[96.747s][info][gc             ] GC(146) Pause Full (Allocation Failure) 818M->818M(869M) 1042.842ms
[96.747s][info][gc,cpu         ] GC(146) User=2.06s Sys=0.00s Real=1.05s
[96.747s][info][gc,start       ] GC(147) Pause Full (Allocation Failure)
[96.747s][info][gc,phases,start] GC(147) Marking Phase
[97.330s][info][gc,phases      ] GC(147) Marking Phase 583.169ms
[97.330s][info][gc,phases,start] GC(147) Summary Phase
[97.330s][info][gc,phases      ] GC(147) Summary Phase 0.022ms
[97.330s][info][gc,phases,start] GC(147) Forward
[97.361s][info][gc,phases      ] GC(147) Forward 31.066ms
[97.361s][info][gc,phases,start] GC(147) Adjust Pointers
[97.648s][info][gc,phases      ] GC(147) Adjust Pointers 286.738ms
[97.648s][info][gc,phases,start] GC(147) Compaction Phase
[97.791s][info][gc,phases      ] GC(147) Compaction Phase 143.458ms
[97.791s][info][gc,phases,start] GC(147) Post Compact
[97.794s][info][gc,phases      ] GC(147) Post Compact 2.386ms
[97.794s][info][gc,heap        ] GC(147) PSYoungGen: 170997K(222720K)->170997K(222720K) Eden: 111615K(111616K)->111615K(111616K) From: 59381K(111104K)->59381K(111104K)
[97.794s][info][gc,heap        ] GC(147) ParOldGen: 667550K(667648K)->667550K(667648K)
[97.794s][info][gc,metaspace   ] GC(147) Metaspace: 18027K(18304K)->18027K(18304K) NonClass: 16578K(16768K)->16578K(16768K) Class: 1448K(1536K)->1448K(1536K)
[97.794s][info][gc             ] GC(147) Pause Full (Allocation Failure) 818M->818M(869M) 1047.159ms
[97.794s][info][gc,cpu         ] GC(147) User=2.06s Sys=0.00s Real=1.04s
[97.794s][info][gc,start       ] GC(148) Pause Full (Allocation Failure)
[97.794s][info][gc,phases,start] GC(148) Marking Phase
[98.376s][info][gc,phases      ] GC(148) Marking Phase 581.850ms
[98.376s][info][gc,phases,start] GC(148) Summary Phase
[98.376s][info][gc,phases      ] GC(148) Summary Phase 0.022ms
[98.376s][info][gc,phases,start] GC(148) Forward
[98.407s][info][gc,phases      ] GC(148) Forward 31.282ms
[98.407s][info][gc,phases,start] GC(148) Adjust Pointers
[98.697s][info][gc,phases      ] GC(148) Adjust Pointers 289.455ms
[98.697s][info][gc,phases,start] GC(148) Compaction Phase
[98.838s][info][gc,phases      ] GC(148) Compaction Phase 141.569ms
[98.838s][info][gc,phases,start] GC(148) Post Compact
[98.841s][info][gc,phases      ] GC(148) Post Compact 2.352ms
[98.841s][info][gc,heap        ] GC(148) PSYoungGen: 170997K(222720K)->170997K(222720K) Eden: 111615K(111616K)->111615K(111616K) From: 59381K(111104K)->59381K(111104K)
[98.841s][info][gc,heap        ] GC(148) ParOldGen: 667550K(667648K)->667550K(667648K)
[98.841s][info][gc,metaspace   ] GC(148) Metaspace: 18027K(18304K)->18027K(18304K) NonClass: 16578K(16768K)->16578K(16768K) Class: 1448K(1536K)->1448K(1536K)
[98.841s][info][gc             ] GC(148) Pause Full (Allocation Failure) 818M->818M(869M) 1046.858ms
[98.841s][info][gc,cpu         ] GC(148) User=2.07s Sys=0.00s Real=1.04s
[98.841s][info][gc,start       ] GC(149) Pause Full (Allocation Failure)
[98.841s][info][gc,phases,start] GC(149) Marking Phase
[99.422s][info][gc,phases      ] GC(149) Marking Phase 580.667ms
[99.422s][info][gc,phases,start] GC(149) Summary Phase
[99.422s][info][gc,phases      ] GC(149) Summary Phase 0.023ms
[99.422s][info][gc,phases,start] GC(149) Forward
[99.452s][info][gc,phases      ] GC(149) Forward 30.810ms
[99.452s][info][gc,phases,start] GC(149) Adjust Pointers
[99.739s][info][gc,phases      ] GC(149) Adjust Pointers 286.541ms
[99.739s][info][gc,phases,start] GC(149) Compaction Phase
[99.883s][info][gc,phases      ] GC(149) Compaction Phase 143.444ms
[99.883s][info][gc,phases,start] GC(149) Post Compact
[99.885s][info][gc,phases      ] GC(149) Post Compact 2.377ms
[99.885s][info][gc,heap        ] GC(149) PSYoungGen: 170997K(222720K)->170997K(222720K) Eden: 111615K(111616K)->111615K(111616K) From: 59381K(111104K)->59381K(111104K)
[99.885s][info][gc,heap        ] GC(149) ParOldGen: 667550K(667648K)->667550K(667648K)
[99.885s][info][gc,metaspace   ] GC(149) Metaspace: 18027K(18304K)->18027K(18304K) NonClass: 16578K(16768K)->16578K(16768K) Class: 1448K(1536K)->1448K(1536K)
[99.885s][info][gc             ] GC(149) Pause Full (Allocation Failure) 818M->818M(869M) 1044.213ms
[99.885s][info][gc,cpu         ] GC(149) User=2.06s Sys=0.01s Real=1.05s
[99.885s][info][gc,start       ] GC(150) Pause Full (Allocation Failure)
[99.885s][info][gc,phases,start] GC(150) Marking Phase
[100.481s][info][gc,phases      ] GC(150) Marking Phase 595.455ms
[100.481s][info][gc,phases,start] GC(150) Summary Phase
[100.481s][info][gc,phases      ] GC(150) Summary Phase 0.024ms
[100.481s][info][gc,phases,start] GC(150) Forward
[100.512s][info][gc,phases      ] GC(150) Forward 30.930ms
[100.512s][info][gc,phases,start] GC(150) Adjust Pointers
[100.800s][info][gc,phases      ] GC(150) Adjust Pointers 288.113ms
[100.800s][info][gc,phases,start] GC(150) Compaction Phase
[100.941s][info][gc,phases      ] GC(150) Compaction Phase 140.703ms
[100.941s][info][gc,phases,start] GC(150) Post Compact
[100.943s][info][gc,phases      ] GC(150) Post Compact 2.342ms
[100.943s][info][gc,heap        ] GC(150) PSYoungGen: 170997K(222720K)->170997K(222720K) Eden: 111615K(111616K)->111615K(111616K) From: 59381K(111104K)->59381K(111104K)
[100.943s][info][gc,heap        ] GC(150) ParOldGen: 667550K(667648K)->667550K(667648K)
[100.943s][info][gc,metaspace   ] GC(150) Metaspace: 18027K(18304K)->18027K(18304K) NonClass: 16578K(16768K)->16578K(16768K) Class: 1448K(1536K)->1448K(1536K)
[100.943s][info][gc             ] GC(150) Pause Full (Allocation Failure) 818M->818M(869M) 1057.903ms
[100.943s][info][gc,cpu         ] GC(150) User=2.09s Sys=0.00s Real=1.05s
[100.943s][info][gc,start       ] GC(151) Pause Full (Allocation Failure)
[100.943s][info][gc,phases,start] GC(151) Marking Phase
[101.527s][info][gc,phases      ] GC(151) Marking Phase 583.308ms
[101.527s][info][gc,phases,start] GC(151) Summary Phase
[101.527s][info][gc,phases      ] GC(151) Summary Phase 0.023ms
[101.527s][info][gc,phases,start] GC(151) Forward
[101.558s][info][gc,phases      ] GC(151) Forward 31.365ms
[101.558s][info][gc,phases,start] GC(151) Adjust Pointers
[101.851s][info][gc,phases      ] GC(151) Adjust Pointers 292.783ms
[101.851s][info][gc,phases,start] GC(151) Compaction Phase
[101.991s][info][gc,phases      ] GC(151) Compaction Phase 140.488ms
[101.992s][info][gc,phases,start] GC(151) Post Compact
[101.994s][info][gc,phases      ] GC(151) Post Compact 2.349ms
[101.994s][info][gc,heap        ] GC(151) PSYoungGen: 170997K(222720K)->170997K(222720K) Eden: 111615K(111616K)->111615K(111616K) From: 59381K(111104K)->59381K(111104K)
[101.994s][info][gc,heap        ] GC(151) ParOldGen: 667550K(667648K)->667550K(667648K)
[101.994s][info][gc,metaspace   ] GC(151) Metaspace: 18027K(18304K)->18027K(18304K) NonClass: 16578K(16768K)->16578K(16768K) Class: 1448K(1536K)->1448K(1536K)
[101.994s][info][gc             ] GC(151) Pause Full (Allocation Failure) 818M->818M(869M) 1050.667ms
[101.994s][info][gc,cpu         ] GC(151) User=2.07s Sys=0.00s Real=1.06s
[101.994s][info][gc,start       ] GC(152) Pause Full (Allocation Failure)
[101.994s][info][gc,phases,start] GC(152) Marking Phase
[102.581s][info][gc,phases      ] GC(152) Marking Phase 586.737ms
[102.581s][info][gc,phases,start] GC(152) Summary Phase
[102.581s][info][gc,phases      ] GC(152) Summary Phase 0.023ms
[102.581s][info][gc,phases,start] GC(152) Forward
[102.612s][info][gc,phases      ] GC(152) Forward 31.011ms
[102.612s][info][gc,phases,start] GC(152) Adjust Pointers
[102.903s][info][gc,phases      ] GC(152) Adjust Pointers 290.851ms
[102.903s][info][gc,phases,start] GC(152) Compaction Phase
[103.043s][info][gc,phases      ] GC(152) Compaction Phase 140.267ms
[103.043s][info][gc,phases,start] GC(152) Post Compact
[103.046s][info][gc,phases      ] GC(152) Post Compact 2.360ms
[103.046s][info][gc,heap        ] GC(152) PSYoungGen: 170997K(222720K)->170997K(222720K) Eden: 111615K(111616K)->111615K(111616K) From: 59381K(111104K)->59381K(111104K)
[103.046s][info][gc,heap        ] GC(152) ParOldGen: 667550K(667648K)->667550K(667648K)
[103.046s][info][gc,metaspace   ] GC(152) Metaspace: 18027K(18304K)->18027K(18304K) NonClass: 16578K(16768K)->16578K(16768K) Class: 1448K(1536K)->1448K(1536K)
[103.046s][info][gc             ] GC(152) Pause Full (Allocation Failure) 818M->818M(869M) 1051.571ms
[103.046s][info][gc,cpu         ] GC(152) User=2.07s Sys=0.00s Real=1.05s
[103.046s][info][gc,start       ] GC(153) Pause Full (Allocation Failure)
[103.046s][info][gc,phases,start] GC(153) Marking Phase
[103.631s][info][gc,phases      ] GC(153) Marking Phase 585.394ms
[103.631s][info][gc,phases,start] GC(153) Summary Phase
[103.631s][info][gc,phases      ] GC(153) Summary Phase 0.023ms
[103.631s][info][gc,phases,start] GC(153) Forward
[103.665s][info][gc,phases      ] GC(153) Forward 33.247ms
[103.665s][info][gc,phases,start] GC(153) Adjust Pointers
[103.952s][info][gc,phases      ] GC(153) Adjust Pointers 287.065ms
[103.952s][info][gc,phases,start] GC(153) Compaction Phase
[104.093s][info][gc,phases      ] GC(153) Compaction Phase 140.606ms
[104.093s][info][gc,phases,start] GC(153) Post Compact
[104.095s][info][gc,phases      ] GC(153) Post Compact 2.347ms
[104.095s][info][gc,heap        ] GC(153) PSYoungGen: 170997K(222720K)->170997K(222720K) Eden: 111615K(111616K)->111615K(111616K) From: 59381K(111104K)->59381K(111104K)
[104.095s][info][gc,heap        ] GC(153) ParOldGen: 667550K(667648K)->667550K(667648K)
[104.095s][info][gc,metaspace   ] GC(153) Metaspace: 18027K(18304K)->18027K(18304K) NonClass: 16578K(16768K)->16578K(16768K) Class: 1448K(1536K)->1448K(1536K)
[104.095s][info][gc             ] GC(153) Pause Full (Allocation Failure) 818M->818M(869M) 1049.056ms
[104.095s][info][gc,cpu         ] GC(153) User=2.07s Sys=0.00s Real=1.05s
[104.095s][info][gc,start       ] GC(154) Pause Full (Allocation Failure)
[104.095s][info][gc,phases,start] GC(154) Marking Phase
[104.675s][info][gc,phases      ] GC(154) Marking Phase 580.030ms
[104.675s][info][gc,phases,start] GC(154) Summary Phase
[104.675s][info][gc,phases      ] GC(154) Summary Phase 0.022ms
[104.675s][info][gc,phases,start] GC(154) Forward
[104.706s][info][gc,phases      ] GC(154) Forward 31.024ms
[104.706s][info][gc,phases,start] GC(154) Adjust Pointers
[105.002s][info][gc,phases      ] GC(154) Adjust Pointers 295.644ms
[105.002s][info][gc,phases,start] GC(154) Compaction Phase
[105.143s][info][gc,phases      ] GC(154) Compaction Phase 141.063ms
[105.143s][info][gc,phases,start] GC(154) Post Compact
[105.146s][info][gc,phases      ] GC(154) Post Compact 2.388ms
[105.146s][info][gc,heap        ] GC(154) PSYoungGen: 170997K(222720K)->170997K(222720K) Eden: 111615K(111616K)->111615K(111616K) From: 59381K(111104K)->59381K(111104K)
[105.146s][info][gc,heap        ] GC(154) ParOldGen: 667550K(667648K)->667550K(667648K)
[105.146s][info][gc,metaspace   ] GC(154) Metaspace: 18027K(18304K)->18027K(18304K) NonClass: 16578K(16768K)->16578K(16768K) Class: 1448K(1536K)->1448K(1536K)
[105.146s][info][gc             ] GC(154) Pause Full (Allocation Failure) 818M->818M(869M) 1050.496ms
[105.146s][info][gc,cpu         ] GC(154) User=2.07s Sys=0.00s Real=1.05s
[105.146s][info][gc,start       ] GC(155) Pause Full (Allocation Failure)
[105.146s][info][gc,phases,start] GC(155) Marking Phase
[105.729s][info][gc,phases      ] GC(155) Marking Phase 583.388ms
[105.729s][info][gc,phases,start] GC(155) Summary Phase
[105.729s][info][gc,phases      ] GC(155) Summary Phase 0.023ms
[105.729s][info][gc,phases,start] GC(155) Forward
[105.760s][info][gc,phases      ] GC(155) Forward 30.856ms
[105.760s][info][gc,phases,start] GC(155) Adjust Pointers
[106.048s][info][gc,phases      ] GC(155) Adjust Pointers 288.334ms
[106.048s][info][gc,phases,start] GC(155) Compaction Phase
[106.191s][info][gc,phases      ] GC(155) Compaction Phase 142.806ms
[106.191s][info][gc,phases,start] GC(155) Post Compact
[106.194s][info][gc,phases      ] GC(155) Post Compact 2.439ms
[106.194s][info][gc,heap        ] GC(155) PSYoungGen: 170997K(222720K)->170997K(222720K) Eden: 111615K(111616K)->111615K(111616K) From: 59381K(111104K)->59381K(111104K)
[106.194s][info][gc,heap        ] GC(155) ParOldGen: 667550K(667648K)->667550K(667648K)
[106.194s][info][gc,metaspace   ] GC(155) Metaspace: 18027K(18304K)->18027K(18304K) NonClass: 16578K(16768K)->16578K(16768K) Class: 1448K(1536K)->1448K(1536K)
[106.194s][info][gc             ] GC(155) Pause Full (Allocation Failure) 818M->818M(869M) 1048.200ms
[106.194s][info][gc,cpu         ] GC(155) User=2.07s Sys=0.00s Real=1.05s
[106.194s][info][gc,start       ] GC(156) Pause Full (Allocation Failure)
[106.194s][info][gc,phases,start] GC(156) Marking Phase
[106.777s][info][gc,phases      ] GC(156) Marking Phase 582.618ms
[106.777s][info][gc,phases,start] GC(156) Summary Phase
[106.777s][info][gc,phases      ] GC(156) Summary Phase 0.022ms
[106.777s][info][gc,phases,start] GC(156) Forward
[106.810s][info][gc,phases      ] GC(156) Forward 32.891ms
[106.810s][info][gc,phases,start] GC(156) Adjust Pointers
[107.096s][info][gc,phases      ] GC(156) Adjust Pointers 286.471ms
[107.096s][info][gc,phases,start] GC(156) Compaction Phase
[107.237s][info][gc,phases      ] GC(156) Compaction Phase 140.416ms
[107.237s][info][gc,phases,start] GC(156) Post Compact
[107.239s][info][gc,phases      ] GC(156) Post Compact 2.339ms
[107.239s][info][gc,heap        ] GC(156) PSYoungGen: 170997K(222720K)->170997K(222720K) Eden: 111615K(111616K)->111615K(111616K) From: 59381K(111104K)->59381K(111104K)
[107.239s][info][gc,heap        ] GC(156) ParOldGen: 667550K(667648K)->667550K(667648K)
[107.239s][info][gc,metaspace   ] GC(156) Metaspace: 18027K(18304K)->18027K(18304K) NonClass: 16578K(16768K)->16578K(16768K) Class: 1448K(1536K)->1448K(1536K)
[107.239s][info][gc             ] GC(156) Pause Full (Allocation Failure) 818M->818M(869M) 1045.091ms
[107.239s][info][gc,cpu         ] GC(156) User=2.06s Sys=0.00s Real=1.04s
[107.239s][info][gc,start       ] GC(157) Pause Full (Allocation Failure)
[107.239s][info][gc,phases,start] GC(157) Marking Phase
[107.823s][info][gc,phases      ] GC(157) Marking Phase 583.317ms
[107.823s][info][gc,phases,start] GC(157) Summary Phase
[107.823s][info][gc,phases      ] GC(157) Summary Phase 0.026ms
[107.823s][info][gc,phases,start] GC(157) Forward
[107.853s][info][gc,phases      ] GC(157) Forward 30.677ms
[107.853s][info][gc,phases,start] GC(157) Adjust Pointers
[108.147s][info][gc,phases      ] GC(157) Adjust Pointers 293.082ms
[108.147s][info][gc,phases,start] GC(157) Compaction Phase
[108.287s][info][gc,phases      ] GC(157) Compaction Phase 140.860ms
[108.288s][info][gc,phases,start] GC(157) Post Compact
[108.290s][info][gc,phases      ] GC(157) Post Compact 2.347ms
[108.290s][info][gc,heap        ] GC(157) PSYoungGen: 170997K(222720K)->170997K(222720K) Eden: 111615K(111616K)->111615K(111616K) From: 59381K(111104K)->59381K(111104K)
[108.290s][info][gc,heap        ] GC(157) ParOldGen: 667551K(667648K)->667551K(667648K)
[108.290s][info][gc,metaspace   ] GC(157) Metaspace: 18027K(18304K)->18027K(18304K) NonClass: 16578K(16768K)->16578K(16768K) Class: 1448K(1536K)->1448K(1536K)
[108.290s][info][gc             ] GC(157) Pause Full (Allocation Failure) 818M->818M(869M) 1050.683ms
[108.290s][info][gc,cpu         ] GC(157) User=2.07s Sys=0.00s Real=1.05s
[108.290s][info][gc,start       ] GC(158) Pause Full (Allocation Failure)
[108.290s][info][gc,phases,start] GC(158) Marking Phase
[108.875s][info][gc,phases      ] GC(158) Marking Phase 584.864ms
[108.875s][info][gc,phases,start] GC(158) Summary Phase
[108.875s][info][gc,phases      ] GC(158) Summary Phase 0.023ms
[108.875s][info][gc,phases,start] GC(158) Forward
[108.906s][info][gc,phases      ] GC(158) Forward 30.684ms
[108.906s][info][gc,phases,start] GC(158) Adjust Pointers
[109.194s][info][gc,phases      ] GC(158) Adjust Pointers 288.261ms
[109.194s][info][gc,phases,start] GC(158) Compaction Phase
[109.335s][info][gc,phases      ] GC(158) Compaction Phase 140.844ms
[109.335s][info][gc,phases,start] GC(158) Post Compact
[109.337s][info][gc,phases      ] GC(158) Post Compact 2.340ms
[109.337s][info][gc,heap        ] GC(158) PSYoungGen: 170997K(222720K)->170997K(222720K) Eden: 111615K(111616K)->111615K(111616K) From: 59381K(111104K)->59381K(111104K)
[109.337s][info][gc,heap        ] GC(158) ParOldGen: 667551K(667648K)->667551K(667648K)
[109.337s][info][gc,metaspace   ] GC(158) Metaspace: 18027K(18304K)->18027K(18304K) NonClass: 16578K(16768K)->16578K(16768K) Class: 1448K(1536K)->1448K(1536K)
[109.337s][info][gc             ] GC(158) Pause Full (Allocation Failure) 818M->818M(869M) 1047.327ms
[109.337s][info][gc,cpu         ] GC(158) User=2.07s Sys=0.00s Real=1.05s
[109.337s][info][gc,start       ] GC(159) Pause Full (Allocation Failure)
[109.338s][info][gc,phases,start] GC(159) Marking Phase
[109.925s][info][gc,phases      ] GC(159) Marking Phase 587.505ms
[109.925s][info][gc,phases,start] GC(159) Summary Phase
[109.925s][info][gc,phases      ] GC(159) Summary Phase 0.023ms
[109.925s][info][gc,phases,start] GC(159) Forward
[109.956s][info][gc,phases      ] GC(159) Forward 31.313ms
[109.956s][info][gc,phases,start] GC(159) Adjust Pointers
[110.251s][info][gc,phases      ] GC(159) Adjust Pointers 294.079ms
[110.251s][info][gc,phases,start] GC(159) Compaction Phase
[110.391s][info][gc,phases      ] GC(159) Compaction Phase 140.550ms
[110.391s][info][gc,phases,start] GC(159) Post Compact
[110.394s][info][gc,phases      ] GC(159) Post Compact 2.382ms
[110.394s][info][gc,heap        ] GC(159) PSYoungGen: 170997K(222720K)->170997K(222720K) Eden: 111615K(111616K)->111615K(111616K) From: 59381K(111104K)->59381K(111104K)
[110.394s][info][gc,heap        ] GC(159) ParOldGen: 667551K(667648K)->667551K(667648K)
[110.394s][info][gc,metaspace   ] GC(159) Metaspace: 18027K(18304K)->18027K(18304K) NonClass: 16578K(16768K)->16578K(16768K) Class: 1448K(1536K)->1448K(1536K)
[110.394s][info][gc             ] GC(159) Pause Full (Allocation Failure) 818M->818M(869M) 1056.168ms
[110.394s][info][gc,cpu         ] GC(159) User=2.09s Sys=0.00s Real=1.05s
[110.394s][info][gc,start       ] GC(160) Pause Full (Allocation Failure)
[110.394s][info][gc,phases,start] GC(160) Marking Phase
[110.979s][info][gc,phases      ] GC(160) Marking Phase 584.849ms
[110.979s][info][gc,phases,start] GC(160) Summary Phase
[110.979s][info][gc,phases      ] GC(160) Summary Phase 0.023ms
[110.979s][info][gc,phases,start] GC(160) Forward
[111.012s][info][gc,phases      ] GC(160) Forward 32.798ms
[111.012s][info][gc,phases,start] GC(160) Adjust Pointers
[111.300s][info][gc,phases      ] GC(160) Adjust Pointers 288.229ms
[111.300s][info][gc,phases,start] GC(160) Compaction Phase
[111.440s][info][gc,phases      ] GC(160) Compaction Phase 140.140ms
[111.440s][info][gc,phases,start] GC(160) Post Compact
[111.442s][info][gc,phases      ] GC(160) Post Compact 2.337ms
[111.442s][info][gc,heap        ] GC(160) PSYoungGen: 170997K(222720K)->170997K(222720K) Eden: 111615K(111616K)->111615K(111616K) From: 59381K(111104K)->59381K(111104K)
[111.442s][info][gc,heap        ] GC(160) ParOldGen: 667551K(667648K)->667551K(667648K)
[111.442s][info][gc,metaspace   ] GC(160) Metaspace: 18027K(18304K)->18027K(18304K) NonClass: 16578K(16768K)->16578K(16768K) Class: 1448K(1536K)->1448K(1536K)
[111.442s][info][gc             ] GC(160) Pause Full (Allocation Failure) 818M->818M(869M) 1048.723ms
[111.443s][info][gc,cpu         ] GC(160) User=2.06s Sys=0.00s Real=1.05s
[111.443s][info][gc,start       ] GC(161) Pause Full (Allocation Failure)
[111.443s][info][gc,phases,start] GC(161) Marking Phase
[112.023s][info][gc,phases      ] GC(161) Marking Phase 580.247ms
[112.023s][info][gc,phases,start] GC(161) Summary Phase
[112.023s][info][gc,phases      ] GC(161) Summary Phase 0.022ms
[112.023s][info][gc,phases,start] GC(161) Forward
[112.054s][info][gc,phases      ] GC(161) Forward 30.592ms
[112.054s][info][gc,phases,start] GC(161) Adjust Pointers
[112.343s][info][gc,phases      ] GC(161) Adjust Pointers 289.180ms
[112.343s][info][gc,phases,start] GC(161) Compaction Phase
[112.483s][info][gc,phases      ] GC(161) Compaction Phase 140.176ms
[112.483s][info][gc,phases,start] GC(161) Post Compact
[112.485s][info][gc,phases      ] GC(161) Post Compact 2.343ms
[112.485s][info][gc,heap        ] GC(161) PSYoungGen: 170997K(222720K)->170997K(222720K) Eden: 111615K(111616K)->111615K(111616K) From: 59381K(111104K)->59381K(111104K)
[112.485s][info][gc,heap        ] GC(161) ParOldGen: 667551K(667648K)->667551K(667648K)
[112.485s][info][gc,metaspace   ] GC(161) Metaspace: 18027K(18304K)->18027K(18304K) NonClass: 16578K(16768K)->16578K(16768K) Class: 1448K(1536K)->1448K(1536K)
[112.486s][info][gc             ] GC(161) Pause Full (Allocation Failure) 818M->818M(869M) 1042.893ms
[112.486s][info][gc,cpu         ] GC(161) User=2.06s Sys=0.00s Real=1.05s
[112.486s][info][gc,start       ] GC(162) Pause Full (Allocation Failure)
[112.486s][info][gc,phases,start] GC(162) Marking Phase
[113.073s][info][gc,phases      ] GC(162) Marking Phase 587.328ms
[113.073s][info][gc,phases,start] GC(162) Summary Phase
[113.073s][info][gc,phases      ] GC(162) Summary Phase 0.023ms
[113.073s][info][gc,phases,start] GC(162) Forward
[113.104s][info][gc,phases      ] GC(162) Forward 31.033ms
[113.104s][info][gc,phases,start] GC(162) Adjust Pointers
[113.391s][info][gc,phases      ] GC(162) Adjust Pointers 287.046ms
[113.391s][info][gc,phases,start] GC(162) Compaction Phase
[113.532s][info][gc,phases      ] GC(162) Compaction Phase 141.020ms
[113.532s][info][gc,phases,start] GC(162) Post Compact
[113.535s][info][gc,phases      ] GC(162) Post Compact 2.310ms
[113.535s][info][gc,heap        ] GC(162) PSYoungGen: 170997K(222720K)->170997K(222720K) Eden: 111615K(111616K)->111615K(111616K) From: 59381K(111104K)->59381K(111104K)
[113.535s][info][gc,heap        ] GC(162) ParOldGen: 667551K(667648K)->667551K(667648K)
[113.535s][info][gc,metaspace   ] GC(162) Metaspace: 18027K(18304K)->18027K(18304K) NonClass: 16578K(16768K)->16578K(16768K) Class: 1448K(1536K)->1448K(1536K)
[113.535s][info][gc             ] GC(162) Pause Full (Allocation Failure) 818M->818M(869M) 1049.065ms
[113.535s][info][gc,cpu         ] GC(162) User=2.07s Sys=0.00s Real=1.05s
[113.535s][info][gc,start       ] GC(163) Pause Full (Allocation Failure)
[113.535s][info][gc,phases,start] GC(163) Marking Phase
[114.120s][info][gc,phases      ] GC(163) Marking Phase 585.556ms
[114.120s][info][gc,phases,start] GC(163) Summary Phase
[114.120s][info][gc,phases      ] GC(163) Summary Phase 0.023ms
[114.120s][info][gc,phases,start] GC(163) Forward
[114.154s][info][gc,phases      ] GC(163) Forward 33.375ms
[114.154s][info][gc,phases,start] GC(163) Adjust Pointers
[114.442s][info][gc,phases      ] GC(163) Adjust Pointers 287.846ms
[114.442s][info][gc,phases,start] GC(163) Compaction Phase
[114.582s][info][gc,phases      ] GC(163) Compaction Phase 140.407ms
[114.582s][info][gc,phases,start] GC(163) Post Compact
[114.585s][info][gc,phases      ] GC(163) Post Compact 2.305ms
[114.585s][info][gc,heap        ] GC(163) PSYoungGen: 170997K(222720K)->170997K(222720K) Eden: 111615K(111616K)->111615K(111616K) From: 59381K(111104K)->59381K(111104K)
[114.585s][info][gc,heap        ] GC(163) ParOldGen: 667551K(667648K)->667551K(667648K)
[114.585s][info][gc,metaspace   ] GC(163) Metaspace: 18027K(18304K)->18027K(18304K) NonClass: 16578K(16768K)->16578K(16768K) Class: 1448K(1536K)->1448K(1536K)
[114.585s][info][gc             ] GC(163) Pause Full (Allocation Failure) 818M->818M(869M) 1049.874ms
[114.585s][info][gc,cpu         ] GC(163) User=2.07s Sys=0.01s Real=1.05s
[114.585s][info][gc,start       ] GC(164) Pause Full (Allocation Failure)
[114.585s][info][gc,phases,start] GC(164) Marking Phase
[115.167s][info][gc,phases      ] GC(164) Marking Phase 581.876ms
[115.167s][info][gc,phases,start] GC(164) Summary Phase
[115.167s][info][gc,phases      ] GC(164) Summary Phase 0.023ms
[115.167s][info][gc,phases,start] GC(164) Forward
[115.200s][info][gc,phases      ] GC(164) Forward 32.898ms
[115.200s][info][gc,phases,start] GC(164) Adjust Pointers
[115.486s][info][gc,phases      ] GC(164) Adjust Pointers 285.995ms
[115.486s][info][gc,phases,start] GC(164) Compaction Phase
[115.627s][info][gc,phases      ] GC(164) Compaction Phase 141.645ms
[115.627s][info][gc,phases,start] GC(164) Post Compact
[115.630s][info][gc,phases      ] GC(164) Post Compact 2.307ms
[115.630s][info][gc,heap        ] GC(164) PSYoungGen: 170997K(222720K)->170997K(222720K) Eden: 111615K(111616K)->111615K(111616K) From: 59381K(111104K)->59381K(111104K)
[115.630s][info][gc,heap        ] GC(164) ParOldGen: 667551K(667648K)->667551K(667648K)
[115.630s][info][gc,metaspace   ] GC(164) Metaspace: 18027K(18304K)->18027K(18304K) NonClass: 16578K(16768K)->16578K(16768K) Class: 1448K(1536K)->1448K(1536K)
[115.630s][info][gc             ] GC(164) Pause Full (Allocation Failure) 818M->818M(869M) 1045.091ms
[115.630s][info][gc,cpu         ] GC(164) User=2.06s Sys=0.00s Real=1.04s
[115.630s][info][gc,start       ] GC(165) Pause Full (Allocation Failure)
[115.630s][info][gc,phases,start] GC(165) Marking Phase
[116.221s][info][gc,phases      ] GC(165) Marking Phase 590.996ms
[116.221s][info][gc,phases,start] GC(165) Summary Phase
[116.221s][info][gc,phases      ] GC(165) Summary Phase 0.023ms
[116.221s][info][gc,phases,start] GC(165) Forward
[116.252s][info][gc,phases      ] GC(165) Forward 30.935ms
[116.252s][info][gc,phases,start] GC(165) Adjust Pointers
[116.541s][info][gc,phases      ] GC(165) Adjust Pointers 289.436ms
[116.542s][info][gc,phases,start] GC(165) Compaction Phase
[116.683s][info][gc,phases      ] GC(165) Compaction Phase 141.522ms
[116.683s][info][gc,phases,start] GC(165) Post Compact
[116.686s][info][gc,phases      ] GC(165) Post Compact 2.375ms
[116.686s][info][gc,heap        ] GC(165) PSYoungGen: 170997K(222720K)->170997K(222720K) Eden: 111615K(111616K)->111615K(111616K) From: 59381K(111104K)->59381K(111104K)
[116.686s][info][gc,heap        ] GC(165) ParOldGen: 667551K(667648K)->667551K(667648K)
[116.686s][info][gc,metaspace   ] GC(165) Metaspace: 18027K(18304K)->18027K(18304K) NonClass: 16578K(16768K)->16578K(16768K) Class: 1448K(1536K)->1448K(1536K)
[116.686s][info][gc             ] GC(165) Pause Full (Allocation Failure) 818M->818M(869M) 1055.640ms
[116.686s][info][gc,cpu         ] GC(165) User=2.08s Sys=0.00s Real=1.06s
[116.686s][info][gc,start       ] GC(166) Pause Full (Allocation Failure)
[116.686s][info][gc,phases,start] GC(166) Marking Phase
[117.266s][info][gc,phases      ] GC(166) Marking Phase 580.090ms
[117.266s][info][gc,phases,start] GC(166) Summary Phase
[117.266s][info][gc,phases      ] GC(166) Summary Phase 0.022ms
[117.266s][info][gc,phases,start] GC(166) Forward
[117.296s][info][gc,phases      ] GC(166) Forward 30.383ms
[117.296s][info][gc,phases,start] GC(166) Adjust Pointers
[117.582s][info][gc,phases      ] GC(166) Adjust Pointers 286.103ms
[117.583s][info][gc,phases,start] GC(166) Compaction Phase
[117.726s][info][gc,phases      ] GC(166) Compaction Phase 143.494ms
[117.726s][info][gc,phases,start] GC(166) Post Compact
[117.729s][info][gc,phases      ] GC(166) Post Compact 2.371ms
[117.729s][info][gc,heap        ] GC(166) PSYoungGen: 170997K(222720K)->170997K(222720K) Eden: 111615K(111616K)->111615K(111616K) From: 59381K(111104K)->59381K(111104K)
[117.729s][info][gc,heap        ] GC(166) ParOldGen: 667551K(667648K)->667551K(667648K)
[117.729s][info][gc,metaspace   ] GC(166) Metaspace: 18027K(18304K)->18027K(18304K) NonClass: 16578K(16768K)->16578K(16768K) Class: 1448K(1536K)->1448K(1536K)
[117.729s][info][gc             ] GC(166) Pause Full (Allocation Failure) 818M->818M(869M) 1042.838ms
[117.729s][info][gc,cpu         ] GC(166) User=2.05s Sys=0.00s Real=1.04s
[117.729s][info][gc,start       ] GC(167) Pause Full (Allocation Failure)
[117.729s][info][gc,phases,start] GC(167) Marking Phase
[118.313s][info][gc,phases      ] GC(167) Marking Phase 584.315ms
[118.313s][info][gc,phases,start] GC(167) Summary Phase
[118.313s][info][gc,phases      ] GC(167) Summary Phase 0.025ms
[118.313s][info][gc,phases,start] GC(167) Forward
[118.344s][info][gc,phases      ] GC(167) Forward 30.452ms
[118.344s][info][gc,phases,start] GC(167) Adjust Pointers
[118.632s][info][gc,phases      ] GC(167) Adjust Pointers 288.676ms
[118.632s][info][gc,phases,start] GC(167) Compaction Phase
[118.774s][info][gc,phases      ] GC(167) Compaction Phase 141.215ms
[118.774s][info][gc,phases,start] GC(167) Post Compact
[118.776s][info][gc,phases      ] GC(167) Post Compact 2.343ms
[118.776s][info][gc,heap        ] GC(167) PSYoungGen: 170997K(222720K)->170997K(222720K) Eden: 111615K(111616K)->111615K(111616K) From: 59381K(111104K)->59381K(111104K)
[118.776s][info][gc,heap        ] GC(167) ParOldGen: 667551K(667648K)->667551K(667648K)
[118.776s][info][gc,metaspace   ] GC(167) Metaspace: 18027K(18304K)->18027K(18304K) NonClass: 16578K(16768K)->16578K(16768K) Class: 1448K(1536K)->1448K(1536K)
[118.776s][info][gc             ] GC(167) Pause Full (Allocation Failure) 818M->818M(869M) 1047.347ms
[118.776s][info][gc,cpu         ] GC(167) User=2.07s Sys=0.00s Real=1.05s
[118.776s][info][gc,start       ] GC(168) Pause Full (Allocation Failure)
[118.776s][info][gc,phases,start] GC(168) Marking Phase
[119.355s][info][gc,phases      ] GC(168) Marking Phase 579.154ms
[119.355s][info][gc,phases,start] GC(168) Summary Phase
[119.355s][info][gc,phases      ] GC(168) Summary Phase 0.023ms
[119.355s][info][gc,phases,start] GC(168) Forward
[119.386s][info][gc,phases      ] GC(168) Forward 30.889ms
[119.386s][info][gc,phases,start] GC(168) Adjust Pointers
[119.674s][info][gc,phases      ] GC(168) Adjust Pointers 288.045ms
[119.674s][info][gc,phases,start] GC(168) Compaction Phase
[119.820s][info][gc,phases      ] GC(168) Compaction Phase 145.130ms
[119.820s][info][gc,phases,start] GC(168) Post Compact
[119.822s][info][gc,phases      ] GC(168) Post Compact 2.366ms
[119.822s][info][gc,heap        ] GC(168) PSYoungGen: 170997K(222720K)->170997K(222720K) Eden: 111615K(111616K)->111615K(111616K) From: 59381K(111104K)->59381K(111104K)
[119.822s][info][gc,heap        ] GC(168) ParOldGen: 667551K(667648K)->667551K(667648K)
[119.822s][info][gc,metaspace   ] GC(168) Metaspace: 18027K(18304K)->18027K(18304K) NonClass: 16578K(16768K)->16578K(16768K) Class: 1448K(1536K)->1448K(1536K)
[119.822s][info][gc             ] GC(168) Pause Full (Allocation Failure) 818M->818M(869M) 1045.932ms
[119.822s][info][gc,cpu         ] GC(168) User=2.07s Sys=0.00s Real=1.04s
[119.822s][info][gc,start       ] GC(169) Pause Full (Allocation Failure)
[119.822s][info][gc,phases,start] GC(169) Marking Phase
[120.417s][info][gc,phases      ] GC(169) Marking Phase 594.517ms
[120.417s][info][gc,phases,start] GC(169) Summary Phase
[120.417s][info][gc,phases      ] GC(169) Summary Phase 0.047ms
[120.417s][info][gc,phases,start] GC(169) Forward
[120.447s][info][gc,phases      ] GC(169) Forward 30.574ms
[120.447s][info][gc,phases,start] GC(169) Adjust Pointers
[120.738s][info][gc,phases      ] GC(169) Adjust Pointers 290.858ms
[120.738s][info][gc,phases,start] GC(169) Compaction Phase
[120.881s][info][gc,phases      ] GC(169) Compaction Phase 142.598ms
[120.881s][info][gc,phases,start] GC(169) Post Compact
[120.883s][info][gc,phases      ] GC(169) Post Compact 2.383ms
[120.883s][info][gc,heap        ] GC(169) PSYoungGen: 170997K(222720K)->170997K(222720K) Eden: 111615K(111616K)->111615K(111616K) From: 59381K(111104K)->59381K(111104K)
[120.883s][info][gc,heap        ] GC(169) ParOldGen: 667551K(667648K)->667551K(667648K)
[120.883s][info][gc,metaspace   ] GC(169) Metaspace: 18027K(18304K)->18027K(18304K) NonClass: 16578K(16768K)->16578K(16768K) Class: 1448K(1536K)->1448K(1536K)
[120.883s][info][gc             ] GC(169) Pause Full (Allocation Failure) 818M->818M(869M) 1061.309ms
[120.883s][info][gc,cpu         ] GC(169) User=2.09s Sys=0.00s Real=1.06s
[120.884s][info][gc,start       ] GC(170) Pause Full (Allocation Failure)
[120.884s][info][gc,phases,start] GC(170) Marking Phase
[121.464s][info][gc,phases      ] GC(170) Marking Phase 580.162ms
[121.464s][info][gc,phases,start] GC(170) Summary Phase
[121.464s][info][gc,phases      ] GC(170) Summary Phase 0.023ms
[121.464s][info][gc,phases,start] GC(170) Forward
[121.495s][info][gc,phases      ] GC(170) Forward 30.572ms
[121.495s][info][gc,phases,start] GC(170) Adjust Pointers
[121.784s][info][gc,phases      ] GC(170) Adjust Pointers 289.433ms
[121.784s][info][gc,phases,start] GC(170) Compaction Phase
[121.924s][info][gc,phases      ] GC(170) Compaction Phase 140.215ms
[121.924s][info][gc,phases,start] GC(170) Post Compact
[121.927s][info][gc,phases      ] GC(170) Post Compact 2.358ms
[121.927s][info][gc,heap        ] GC(170) PSYoungGen: 170997K(222720K)->170997K(222720K) Eden: 111615K(111616K)->111615K(111616K) From: 59381K(111104K)->59381K(111104K)
[121.927s][info][gc,heap        ] GC(170) ParOldGen: 667551K(667648K)->667551K(667648K)
[121.927s][info][gc,metaspace   ] GC(170) Metaspace: 18027K(18304K)->18027K(18304K) NonClass: 16578K(16768K)->16578K(16768K) Class: 1448K(1536K)->1448K(1536K)
[121.927s][info][gc             ] GC(170) Pause Full (Allocation Failure) 818M->818M(869M) 1043.084ms
[121.927s][info][gc,cpu         ] GC(170) User=2.06s Sys=0.00s Real=1.05s
[121.927s][info][gc,start       ] GC(171) Pause Full (Allocation Failure)
[121.927s][info][gc,phases,start] GC(171) Marking Phase
[122.513s][info][gc,phases      ] GC(171) Marking Phase 586.469ms
[122.514s][info][gc,phases,start] GC(171) Summary Phase
[122.514s][info][gc,phases      ] GC(171) Summary Phase 0.030ms
[122.514s][info][gc,phases,start] GC(171) Forward
[122.547s][info][gc,phases      ] GC(171) Forward 33.106ms
[122.547s][info][gc,phases,start] GC(171) Adjust Pointers
[122.836s][info][gc,phases      ] GC(171) Adjust Pointers 289.471ms
[122.836s][info][gc,phases,start] GC(171) Compaction Phase
[122.976s][info][gc,phases      ] GC(171) Compaction Phase 140.079ms
[122.976s][info][gc,phases,start] GC(171) Post Compact
[122.979s][info][gc,phases      ] GC(171) Post Compact 2.343ms
[122.979s][info][gc,heap        ] GC(171) PSYoungGen: 170997K(222720K)->170997K(222720K) Eden: 111615K(111616K)->111615K(111616K) From: 59381K(111104K)->59381K(111104K)
[122.979s][info][gc,heap        ] GC(171) ParOldGen: 667551K(667648K)->667551K(667648K)
[122.979s][info][gc,metaspace   ] GC(171) Metaspace: 18027K(18304K)->18027K(18304K) NonClass: 16578K(16768K)->16578K(16768K) Class: 1448K(1536K)->1448K(1536K)
[122.979s][info][gc             ] GC(171) Pause Full (Allocation Failure) 818M->818M(869M) 1051.826ms
[122.979s][info][gc,cpu         ] GC(171) User=2.07s Sys=0.00s Real=1.05s
[122.979s][info][gc,start       ] GC(172) Pause Full (Allocation Failure)
[122.979s][info][gc,phases,start] GC(172) Marking Phase
[123.564s][info][gc,phases      ] GC(172) Marking Phase 585.411ms
[123.565s][info][gc,phases,start] GC(172) Summary Phase
[123.565s][info][gc,phases      ] GC(172) Summary Phase 0.025ms
[123.565s][info][gc,phases,start] GC(172) Forward
[123.596s][info][gc,phases      ] GC(172) Forward 31.602ms
[123.596s][info][gc,phases,start] GC(172) Adjust Pointers
[123.883s][info][gc,phases      ] GC(172) Adjust Pointers 286.998ms
[123.883s][info][gc,phases,start] GC(172) Compaction Phase
[124.024s][info][gc,phases      ] GC(172) Compaction Phase 140.260ms
[124.024s][info][gc,phases,start] GC(172) Post Compact
[124.026s][info][gc,phases      ] GC(172) Post Compact 2.325ms
[124.026s][info][gc,heap        ] GC(172) PSYoungGen: 170997K(222720K)->170997K(222720K) Eden: 111615K(111616K)->111615K(111616K) From: 59381K(111104K)->59381K(111104K)
[124.026s][info][gc,heap        ] GC(172) ParOldGen: 667551K(667648K)->667551K(667648K)
[124.026s][info][gc,metaspace   ] GC(172) Metaspace: 18027K(18304K)->18027K(18304K) NonClass: 16578K(16768K)->16578K(16768K) Class: 1448K(1536K)->1448K(1536K)
[124.026s][info][gc             ] GC(172) Pause Full (Allocation Failure) 818M->818M(869M) 1046.971ms
[124.026s][info][gc,cpu         ] GC(172) User=2.07s Sys=0.00s Real=1.05s
[124.026s][info][gc,start       ] GC(173) Pause Full (Allocation Failure)
[124.026s][info][gc,phases,start] GC(173) Marking Phase
[124.606s][info][gc,phases      ] GC(173) Marking Phase 579.480ms
[124.606s][info][gc,phases,start] GC(173) Summary Phase
[124.606s][info][gc,phases      ] GC(173) Summary Phase 0.024ms
[124.606s][info][gc,phases,start] GC(173) Forward
[124.699s][info][gc,phases      ] GC(173) Forward 93.282ms
[124.699s][info][gc,phases,start] GC(173) Adjust Pointers
[125.003s][info][gc,phases      ] GC(173) Adjust Pointers 304.054ms
[125.003s][info][gc,phases,start] GC(173) Compaction Phase
[125.210s][info][gc,phases      ] GC(173) Compaction Phase 206.815ms
[125.210s][info][gc,phases,start] GC(173) Post Compact
[125.212s][info][gc,phases      ] GC(173) Post Compact 2.370ms
[125.212s][info][gc,heap        ] GC(173) PSYoungGen: 170997K(222720K)->170997K(222720K) Eden: 111615K(111616K)->111615K(111616K) From: 59381K(111104K)->59381K(111104K)
[125.212s][info][gc,heap        ] GC(173) ParOldGen: 667551K(667648K)->667139K(667648K)
[125.212s][info][gc,metaspace   ] GC(173) Metaspace: 18027K(18304K)->18027K(18304K) NonClass: 16578K(16768K)->16578K(16768K) Class: 1448K(1536K)->1448K(1536K)
[125.212s][info][gc             ] GC(173) Pause Full (Allocation Failure) 818M->818M(869M) 1186.393ms
[125.213s][info][gc,cpu         ] GC(173) User=2.34s Sys=0.00s Real=1.18s
[125.213s][info][gc,start       ] GC(174) Pause Full (Allocation Failure)
[125.213s][info][gc,phases,start] GC(174) Marking Phase
[125.800s][info][gc,phases      ] GC(174) Marking Phase 586.611ms
[125.800s][info][gc,phases,start] GC(174) Summary Phase
[125.800s][info][gc,phases      ] GC(174) Summary Phase 0.026ms
[125.800s][info][gc,phases,start] GC(174) Forward
[125.948s][info][gc,phases      ] GC(174) Forward 148.284ms
[125.948s][info][gc,phases,start] GC(174) Adjust Pointers
[126.273s][info][gc,phases      ] GC(174) Adjust Pointers 324.455ms
[126.273s][info][gc,phases,start] GC(174) Compaction Phase
[126.460s][info][gc,phases      ] GC(174) Compaction Phase 187.769ms
[126.461s][info][gc,phases,start] GC(174) Post Compact
[126.463s][info][gc,phases      ] GC(174) Post Compact 2.388ms
[126.463s][info][gc,heap        ] GC(174) PSYoungGen: 170997K(222720K)->170997K(222720K) Eden: 111615K(111616K)->111615K(111616K) From: 59381K(111104K)->59381K(111104K)
[126.463s][info][gc,heap        ] GC(174) ParOldGen: 667139K(667648K)->667138K(667648K)
[126.463s][info][gc,metaspace   ] GC(174) Metaspace: 18029K(18304K)->18029K(18304K) NonClass: 16580K(16768K)->16580K(16768K) Class: 1449K(1536K)->1449K(1536K)
[126.463s][info][gc             ] GC(174) Pause Full (Allocation Failure) 818M->818M(869M) 1249.979ms
[126.463s][info][gc,cpu         ] GC(174) User=2.44s Sys=0.01s Real=1.25s
[126.463s][info][gc,start       ] GC(175) Pause Full (Allocation Failure)
[126.463s][info][gc,phases,start] GC(175) Marking Phase
[127.055s][info][gc,phases      ] GC(175) Marking Phase 591.502ms
[127.055s][info][gc,phases,start] GC(175) Summary Phase
[127.055s][info][gc,phases      ] GC(175) Summary Phase 0.024ms
[127.055s][info][gc,phases,start] GC(175) Forward
[127.085s][info][gc,phases      ] GC(175) Forward 30.612ms
[127.085s][info][gc,phases,start] GC(175) Adjust Pointers
[127.376s][info][gc,phases      ] GC(175) Adjust Pointers 290.157ms
[127.376s][info][gc,phases,start] GC(175) Compaction Phase
[127.517s][info][gc,phases      ] GC(175) Compaction Phase 141.180ms
[127.517s][info][gc,phases,start] GC(175) Post Compact
[127.519s][info][gc,phases      ] GC(175) Post Compact 2.303ms
[127.519s][info][gc,heap        ] GC(175) PSYoungGen: 170997K(222720K)->170997K(222720K) Eden: 111615K(111616K)->111615K(111616K) From: 59381K(111104K)->59381K(111104K)
[127.519s][info][gc,heap        ] GC(175) ParOldGen: 667138K(667648K)->667138K(667648K)
[127.519s][info][gc,metaspace   ] GC(175) Metaspace: 18029K(18304K)->18029K(18304K) NonClass: 16580K(16768K)->16580K(16768K) Class: 1449K(1536K)->1449K(1536K)
[127.519s][info][gc             ] GC(175) Pause Full (Allocation Failure) 818M->818M(869M) 1056.099ms
[127.519s][info][gc,cpu         ] GC(175) User=2.09s Sys=0.00s Real=1.06s
[127.519s][info][gc,start       ] GC(176) Pause Full (Allocation Failure)
[127.520s][info][gc,phases,start] GC(176) Marking Phase
[128.106s][info][gc,phases      ] GC(176) Marking Phase 586.756ms
[128.106s][info][gc,phases,start] GC(176) Summary Phase
[128.106s][info][gc,phases      ] GC(176) Summary Phase 0.024ms
[128.106s][info][gc,phases,start] GC(176) Forward
[128.137s][info][gc,phases      ] GC(176) Forward 30.797ms
[128.137s][info][gc,phases,start] GC(176) Adjust Pointers
[128.423s][info][gc,phases      ] GC(176) Adjust Pointers 286.255ms
[128.424s][info][gc,phases,start] GC(176) Compaction Phase
[128.564s][info][gc,phases      ] GC(176) Compaction Phase 140.469ms
[128.564s][info][gc,phases,start] GC(176) Post Compact
[128.566s][info][gc,phases      ] GC(176) Post Compact 2.338ms
[128.566s][info][gc,heap        ] GC(176) PSYoungGen: 170997K(222720K)->170997K(222720K) Eden: 111616K(111616K)->111616K(111616K) From: 59381K(111104K)->59381K(111104K)
[128.566s][info][gc,heap        ] GC(176) ParOldGen: 667138K(667648K)->667138K(667648K)
[128.566s][info][gc,metaspace   ] GC(176) Metaspace: 18029K(18304K)->18029K(18304K) NonClass: 16580K(16768K)->16580K(16768K) Class: 1449K(1536K)->1449K(1536K)
[128.566s][info][gc             ] GC(176) Pause Full (Allocation Failure) 818M->818M(869M) 1046.963ms
[128.566s][info][gc,cpu         ] GC(176) User=2.06s Sys=0.00s Real=1.05s
[128.567s][info][gc,start       ] GC(177) Pause Full (Allocation Failure)
[128.567s][info][gc,phases,start] GC(177) Marking Phase
[129.145s][info][gc,phases      ] GC(177) Marking Phase 578.506ms
[129.145s][info][gc,phases,start] GC(177) Summary Phase
[129.145s][info][gc,phases      ] GC(177) Summary Phase 0.025ms
[129.145s][info][gc,phases,start] GC(177) Forward
[129.176s][info][gc,phases      ] GC(177) Forward 30.913ms
[129.176s][info][gc,phases,start] GC(177) Adjust Pointers
[129.462s][info][gc,phases      ] GC(177) Adjust Pointers 285.776ms
[129.462s][info][gc,phases,start] GC(177) Compaction Phase
[129.602s][info][gc,phases      ] GC(177) Compaction Phase 139.977ms
[129.602s][info][gc,phases,start] GC(177) Post Compact
[129.604s][info][gc,phases      ] GC(177) Post Compact 2.380ms
[129.604s][info][gc,heap        ] GC(177) PSYoungGen: 170997K(222720K)->170997K(222720K) Eden: 111616K(111616K)->111616K(111616K) From: 59381K(111104K)->59381K(111104K)
[129.604s][info][gc,heap        ] GC(177) ParOldGen: 667138K(667648K)->667138K(667648K)
[129.604s][info][gc,metaspace   ] GC(177) Metaspace: 18029K(18304K)->18029K(18304K) NonClass: 16580K(16768K)->16580K(16768K) Class: 1449K(1536K)->1449K(1536K)
[129.604s][info][gc             ] GC(177) Pause Full (Allocation Failure) 818M->818M(869M) 1037.909ms
[129.605s][info][gc,cpu         ] GC(177) User=2.05s Sys=0.00s Real=1.04s
[129.605s][info][gc,start       ] GC(178) Pause Full (Allocation Failure)
[129.605s][info][gc,phases,start] GC(178) Marking Phase
[130.198s][info][gc,phases      ] GC(178) Marking Phase 593.329ms
[130.198s][info][gc,phases,start] GC(178) Summary Phase
[130.198s][info][gc,phases      ] GC(178) Summary Phase 0.025ms
[130.198s][info][gc,phases,start] GC(178) Forward
[130.287s][info][gc,phases      ] GC(178) Forward 88.499ms
[130.287s][info][gc,phases,start] GC(178) Adjust Pointers
[130.591s][info][gc,phases      ] GC(178) Adjust Pointers 303.988ms
[130.591s][info][gc,phases,start] GC(178) Compaction Phase
[130.748s][info][gc,phases      ] GC(178) Compaction Phase 157.354ms
[130.748s][info][gc,phases,start] GC(178) Post Compact
[130.751s][info][gc,phases      ] GC(178) Post Compact 2.435ms
[130.751s][info][gc,heap        ] GC(178) PSYoungGen: 170997K(222720K)->170997K(222720K) Eden: 111616K(111616K)->111616K(111616K) From: 59381K(111104K)->59381K(111104K)
[130.751s][info][gc,heap        ] GC(178) ParOldGen: 667138K(667648K)->667138K(667648K)
[130.751s][info][gc,metaspace   ] GC(178) Metaspace: 18029K(18304K)->18029K(18304K) NonClass: 16580K(16768K)->16580K(16768K) Class: 1449K(1536K)->1449K(1536K)
[130.751s][info][gc             ] GC(178) Pause Full (Allocation Failure) 818M->818M(869M) 1146.025ms
[130.751s][info][gc,cpu         ] GC(178) User=2.26s Sys=0.00s Real=1.14s
[130.751s][info][gc,start       ] GC(179) Pause Full (Allocation Failure)
[130.751s][info][gc,phases,start] GC(179) Marking Phase
[131.331s][info][gc,phases      ] GC(179) Marking Phase 579.982ms
[131.331s][info][gc,phases,start] GC(179) Summary Phase
[131.331s][info][gc,phases      ] GC(179) Summary Phase 0.027ms
[131.331s][info][gc,phases,start] GC(179) Forward
[131.480s][info][gc,phases      ] GC(179) Forward 148.732ms
[131.480s][info][gc,phases,start] GC(179) Adjust Pointers
[131.803s][info][gc,phases      ] GC(179) Adjust Pointers 322.962ms
[131.803s][info][gc,phases,start] GC(179) Compaction Phase
[132.005s][info][gc,phases      ] GC(179) Compaction Phase 201.576ms
[132.005s][info][gc,phases,start] GC(179) Post Compact
[132.007s][info][gc,phases      ] GC(179) Post Compact 2.367ms
[132.007s][info][gc,heap        ] GC(179) PSYoungGen: 170997K(222720K)->170485K(222720K) Eden: 111616K(111616K)->111104K(111616K) From: 59381K(111104K)->59381K(111104K)
[132.007s][info][gc,heap        ] GC(179) ParOldGen: 667138K(667648K)->667641K(667648K)
[132.007s][info][gc,metaspace   ] GC(179) Metaspace: 18034K(18304K)->18034K(18304K) NonClass: 16583K(16768K)->16583K(16768K) Class: 1450K(1536K)->1450K(1536K)
[132.007s][info][gc             ] GC(179) Pause Full (Allocation Failure) 818M->818M(869M) 1256.157ms
[132.007s][info][gc,cpu         ] GC(179) User=2.47s Sys=0.00s Real=1.26s
[132.009s][info][gc,start       ] GC(180) Pause Full (Allocation Failure)
[132.009s][info][gc,phases,start] GC(180) Marking Phase
[132.231s][info][gc,phases      ] GC(180) Marking Phase 222.050ms
[132.231s][info][gc,phases,start] GC(180) Summary Phase
[132.231s][info][gc,phases      ] GC(180) Summary Phase 0.022ms
[132.231s][info][gc,phases,start] GC(180) Forward
[132.232s][info][gc,phases      ] GC(180) Forward 1.113ms
[132.232s][info][gc,phases,start] GC(180) Adjust Pointers
[132.343s][info][gc,phases      ] GC(180) Adjust Pointers 111.315ms
[132.343s][info][gc,phases,start] GC(180) Compaction Phase
[132.402s][info][gc,phases      ] GC(180) Compaction Phase 58.982ms
[132.402s][info][gc,phases,start] GC(180) Post Compact
[132.405s][info][metaspace      ] ChkMgr @0x00007fc01c03aa80 (non-class-space): : reclaiming memory...
[132.405s][info][metaspace      ] ChkMgr @0x00007fc01c03aa80 (non-class-space): nothing reclaimed.
[132.405s][info][metaspace      ] ChkMgr @0x00007fc01c03a890 (class-space): : reclaiming memory...
[132.405s][info][metaspace      ] ChkMgr @0x00007fc01c03a890 (class-space): nothing reclaimed.
[132.405s][info][gc,phases      ] GC(180) Post Compact 2.276ms
[132.409s][info][gc,heap        ] GC(180) PSYoungGen: 170997K(222720K)->0K(222720K) Eden: 111616K(111616K)->0K(111616K) From: 59381K(111104K)->0K(111104K)
[132.409s][info][gc,heap        ] GC(180) ParOldGen: 667641K(667648K)->380931K(612352K)
[132.409s][info][gc,metaspace   ] GC(180) Metaspace: 18045K(18304K)->18041K(18304K) NonClass: 16593K(16768K)->16589K(16768K) Class: 1451K(1536K)->1451K(1536K)
[132.409s][info][gc             ] GC(180) Pause Full (Allocation Failure) 818M->372M(815M) 400.139ms
[132.409s][info][gc,cpu         ] GC(180) User=0.76s Sys=0.01s Real=0.40s
[132.411s][info][gc,heap,exit   ] Heap
[132.411s][info][gc,heap,exit   ]  PSYoungGen      total 222720K, used 3133K [0x00000000eba00000, 0x0000000100000000, 0x0000000100000000)
[132.411s][info][gc,heap,exit   ]   eden space 111616K, 2% used [0x00000000eba00000,0x00000000ebd0f6a8,0x00000000f2700000)
[132.411s][info][gc,heap,exit   ]   from space 111104K, 0% used [0x00000000f2700000,0x00000000f2700000,0x00000000f9380000)
[132.411s][info][gc,heap,exit   ]   to   space 111104K, 0% used [0x00000000f9380000,0x00000000f9380000,0x0000000100000000)
[132.411s][info][gc,heap,exit   ]  ParOldGen       total 612352K, used 380931K [0x00000000c2e00000, 0x00000000e8400000, 0x00000000eba00000)
[132.411s][info][gc,heap,exit   ]   object space 612352K, 62% used [0x00000000c2e00000,0x00000000da200ca8,0x00000000e8400000)
[132.411s][info][gc,heap,exit   ]  Metaspace       used 18045K, committed 18304K, reserved 1114112K
[132.411s][info][gc,heap,exit   ]   class space    used 1451K, committed 1536K, reserved 1048576K
