[0.003s][info][metaspace]  - commit_granule_bytes: 65536.
[0.003s][info][metaspace]  - commit_granule_words: 8192.
[0.003s][info][metaspace]  - virtual_space_node_default_size: 8388608.
[0.003s][info][metaspace]  - enlarge_chunks_in_place: 1.
[0.005s][info][gc,init  ] CardTable entry size: 512
[0.005s][info][gc       ] Using Parallel
[0.006s][info][gc,init  ] Version: 24-internal-adhoc.root.jdk (release)
[0.006s][info][gc,init  ] CPUs: 2 total, 2 available
[0.006s][info][gc,init  ] Memory: 3908M
[0.006s][info][gc,init  ] Large Page Support: Disabled
[0.006s][info][gc,init  ] NUMA Support: Disabled
[0.006s][info][gc,init  ] Compressed Oops: Enabled (32-bit)
[0.006s][info][gc,init  ] Alignments: Space 512K, Generation 512K, Heap 2M
[0.006s][info][gc,init  ] Heap Min Capacity: 256M
[0.006s][info][gc,init  ] Heap Initial Capacity: 256M
[0.006s][info][gc,init  ] Heap Max Capacity: 978M
[0.006s][info][gc,init  ] Pre-touch: Disabled
[0.006s][info][gc,init  ] Parallel Workers: 2
[0.019s][info][gc,metaspace] CDS archive(s) mapped at: [0x00007fd166000000-0x00007fd166dc0000-0x00007fd166dc0000), size 14417920, SharedBaseAddress: 0x00007fd166000000, ArchiveRelocationMode: 1.
[0.019s][info][gc,metaspace] Compressed class space mapped at: 0x00007fd167000000-0x00007fd1a7000000, reserved size: 1073741824
[0.019s][info][gc,metaspace] UseCompressedClassPointers 1, UseCompactObjectHeaders 0
[0.019s][info][gc,metaspace] Narrow klass pointer bits 32, Max shift 3
[0.019s][info][gc,metaspace] Narrow klass base: 0x00007fd166000000, Narrow klass shift: 0
[0.019s][info][gc,metaspace] Encoding Range: [0x00007fd166000000 - 0x00007fd266000000), (4294967296 bytes)
[0.019s][info][gc,metaspace] Klass Range:    [0x00007fd166000000 - 0x00007fd1a7000000), (1090519040 bytes)
[0.019s][info][gc,metaspace] Klass ID Range:  [8 - 1090519033) (1090519025)
[1.681s][info][gc,start    ] GC(0) Pause Young (Allocation Failure)
[1.734s][info][gc,heap     ] GC(0) PSYoungGen: 65536K(76288K)->10737K(76288K) Eden: 65536K(65536K)->0K(65536K) From: 0K(10752K)->10737K(10752K)
[1.734s][info][gc,heap     ] GC(0) ParOldGen: 1157K(175104K)->36687K(175104K)
[1.734s][info][gc,metaspace] GC(0) Metaspace: 6923K(7168K)->6923K(7168K) NonClass: 6347K(6464K)->6347K(6464K) Class: 575K(704K)->575K(704K)
[1.734s][info][gc          ] GC(0) Pause Young (Allocation Failure) 65M->46M(245M) 53.833ms
[1.735s][info][gc,cpu      ] GC(0) User=0.06s Sys=0.04s Real=0.06s
[2.020s][info][gc,start    ] GC(1) Pause Young (Allocation Failure)
[2.088s][info][gc,heap     ] GC(1) PSYoungGen: 76273K(76288K)->10724K(141824K) Eden: 65536K(65536K)->0K(131072K) From: 10737K(10752K)->10724K(10752K)
[2.088s][info][gc,heap     ] GC(1) ParOldGen: 36687K(175104K)->78281K(175104K)
[2.088s][info][gc,metaspace] GC(1) Metaspace: 9063K(9280K)->9063K(9280K) NonClass: 8272K(8384K)->8272K(8384K) Class: 790K(896K)->790K(896K)
[2.088s][info][gc          ] GC(1) Pause Young (Allocation Failure) 110M->86M(309M) 67.692ms
[2.088s][info][gc,cpu      ] GC(1) User=0.09s Sys=0.04s Real=0.07s
[2.298s][info][gc,start    ] GC(2) Pause Young (Allocation Failure)
[2.442s][info][gc,heap     ] GC(2) PSYoungGen: 141796K(141824K)->10736K(141824K) Eden: 131072K(131072K)->0K(131072K) From: 10724K(10752K)->10736K(10752K)
[2.442s][info][gc,heap     ] GC(2) ParOldGen: 78281K(175104K)->173683K(175104K)
[2.442s][info][gc,metaspace] GC(2) Metaspace: 9081K(9280K)->9081K(9280K) NonClass: 8287K(8384K)->8287K(8384K) Class: 793K(896K)->793K(896K)
[2.442s][info][gc          ] GC(2) Pause Young (Allocation Failure) 214M->180M(309M) 143.417ms
[2.442s][info][gc,cpu      ] GC(2) User=0.20s Sys=0.08s Real=0.14s
[2.574s][info][gc,start    ] GC(3) Pause Young (Allocation Failure)
[2.735s][info][gc,heap     ] GC(3) PSYoungGen: 141808K(141824K)->10736K(272896K) Eden: 131072K(131072K)->0K(262144K) From: 10736K(10752K)->10736K(10752K)
[2.735s][info][gc,heap     ] GC(3) ParOldGen: 173683K(175104K)->263770K(264192K)
[2.735s][info][gc,metaspace] GC(3) Metaspace: 9082K(9280K)->9082K(9280K) NonClass: 8288K(8384K)->8288K(8384K) Class: 793K(896K)->793K(896K)
[2.735s][info][gc          ] GC(3) Pause Young (Allocation Failure) 308M->268M(524M) 161.553ms
[2.735s][info][gc,cpu      ] GC(3) User=0.26s Sys=0.06s Real=0.17s
[3.894s][info][gc,start    ] GC(4) Pause Young (Allocation Failure)
[4.108s][info][gc,heap     ] GC(4) PSYoungGen: 272880K(272896K)->10738K(272896K) Eden: 262144K(262144K)->0K(262144K) From: 10736K(10752K)->10738K(10752K)
[4.108s][info][gc,heap     ] GC(4) ParOldGen: 263770K(264192K)->370745K(371200K)
[4.108s][info][gc,metaspace] GC(4) Metaspace: 12246K(12416K)->12246K(12416K) NonClass: 11238K(11328K)->11238K(11328K) Class: 1008K(1088K)->1008K(1088K)
[4.108s][info][gc          ] GC(4) Pause Young (Allocation Failure) 524M->372M(629M) 214.323ms
[4.108s][info][gc,cpu      ] GC(4) User=0.34s Sys=0.08s Real=0.22s
[5.515s][info][gc,start    ] GC(5) Pause Young (Allocation Failure)
[5.674s][info][gc,heap     ] GC(5) PSYoungGen: 272882K(272896K)->60916K(172544K) Eden: 262144K(262144K)->0K(111616K) From: 10738K(10752K)->60916K(60928K)
[5.674s][info][gc,heap     ] GC(5) ParOldGen: 370745K(371200K)->437252K(438272K)
[5.674s][info][gc,metaspace] GC(5) Metaspace: 15438K(15680K)->15438K(15680K) NonClass: 14208K(14336K)->14208K(14336K) Class: 1230K(1344K)->1230K(1344K)
[5.674s][info][gc          ] GC(5) Pause Young (Allocation Failure) 628M->486M(596M) 158.839ms
[5.674s][info][gc,cpu      ] GC(5) User=0.24s Sys=0.07s Real=0.16s
[6.002s][info][gc,start    ] GC(6) Pause Young (Allocation Failure)
[6.151s][info][gc,heap     ] GC(6) PSYoungGen: 172532K(172544K)->78134K(222720K) Eden: 111616K(111616K)->0K(111616K) From: 60916K(60928K)->78134K(111104K)
[6.151s][info][gc,heap     ] GC(6) ParOldGen: 437252K(438272K)->440079K(440320K)
[6.151s][info][gc,metaspace] GC(6) Metaspace: 15466K(15744K)->15466K(15744K) NonClass: 14234K(14400K)->14234K(14400K) Class: 1231K(1344K)->1231K(1344K)
[6.151s][info][gc          ] GC(6) Pause Young (Allocation Failure) 595M->506M(647M) 148.551ms
[6.151s][info][gc,cpu      ] GC(6) User=0.28s Sys=0.00s Real=0.15s
[8.962s][info][gc,start    ] GC(7) Pause Young (Allocation Failure)
[9.128s][info][gc,heap     ] GC(7) PSYoungGen: 189750K(222720K)->95379K(222720K) Eden: 111616K(111616K)->0K(111616K) From: 78134K(111104K)->95379K(111104K)
[9.128s][info][gc,heap     ] GC(7) ParOldGen: 440079K(440320K)->527067K(527872K)
[9.128s][info][gc,metaspace] GC(7) Metaspace: 16454K(16704K)->16454K(16704K) NonClass: 15143K(15296K)->15143K(15296K) Class: 1311K(1408K)->1311K(1408K)
[9.128s][info][gc          ] GC(7) Pause Young (Allocation Failure) 615M->607M(733M) 165.933ms
[9.128s][info][gc,cpu      ] GC(7) User=0.26s Sys=0.07s Real=0.17s
[13.520s][info][gc,start    ] GC(8) Pause Young (Allocation Failure)
[13.593s][info][gc,heap     ] GC(8) PSYoungGen: 206995K(222720K)->74145K(222720K) Eden: 111616K(111616K)->0K(111616K) From: 95379K(111104K)->74145K(111104K)
[13.593s][info][gc,heap     ] GC(8) ParOldGen: 527067K(527872K)->583987K(584192K)
[13.593s][info][gc,metaspace] GC(8) Metaspace: 16744K(17024K)->16744K(17024K) NonClass: 15410K(15616K)->15410K(15616K) Class: 1333K(1408K)->1333K(1408K)
[13.593s][info][gc          ] GC(8) Pause Young (Allocation Failure) 716M->642M(788M) 73.357ms
[13.593s][info][gc,cpu      ] GC(8) User=0.09s Sys=0.05s Real=0.07s
[13.977s][info][gc,start    ] GC(9) Pause Full (Allocation Failure)
[13.977s][info][gc,phases,start] GC(9) Marking Phase
[14.247s][info][gc,phases      ] GC(9) Marking Phase 269.616ms
[14.247s][info][gc,phases,start] GC(9) Summary Phase
[14.247s][info][gc,phases      ] GC(9) Summary Phase 0.034ms
[14.247s][info][gc,phases,start] GC(9) Forward
[14.328s][info][gc,phases      ] GC(9) Forward 80.970ms
[14.328s][info][gc,phases,start] GC(9) Adjust Pointers
[14.481s][info][gc,phases      ] GC(9) Adjust Pointers 153.330ms
[14.481s][info][gc,phases,start] GC(9) Compaction Phase
[14.616s][info][gc,phases      ] GC(9) Compaction Phase 134.717ms
[14.616s][info][gc,phases,start] GC(9) Post Compact
[14.621s][info][gc,phases      ] GC(9) Post Compact 5.099ms
[14.622s][info][gc,heap        ] GC(9) PSYoungGen: 185761K(222720K)->76100K(222720K) Eden: 111616K(111616K)->76100K(111616K) From: 74145K(111104K)->0K(111104K)
[14.622s][info][gc,heap        ] GC(9) ParOldGen: 583987K(584192K)->583850K(667648K)
[14.622s][info][gc,metaspace   ] GC(9) Metaspace: 16746K(17024K)->16746K(17024K) NonClass: 15412K(15616K)->15412K(15616K) Class: 1333K(1408K)->1333K(1408K)
[14.622s][info][gc             ] GC(9) Pause Full (Allocation Failure) 751M->644M(869M) 644.835ms
[14.622s][info][gc,cpu         ] GC(9) User=1.21s Sys=0.02s Real=0.64s
[14.853s][info][gc,start       ] GC(10) Pause Full (Allocation Failure)
[14.853s][info][gc,phases,start] GC(10) Marking Phase
[15.098s][info][gc,phases      ] GC(10) Marking Phase 244.860ms
[15.098s][info][gc,phases,start] GC(10) Summary Phase
[15.098s][info][gc,phases      ] GC(10) Summary Phase 0.022ms
[15.098s][info][gc,phases,start] GC(10) Forward
[15.161s][info][gc,phases      ] GC(10) Forward 63.540ms
[15.161s][info][gc,phases,start] GC(10) Adjust Pointers
[15.317s][info][gc,phases      ] GC(10) Adjust Pointers 155.461ms
[15.317s][info][gc,phases,start] GC(10) Compaction Phase
[15.450s][info][gc,phases      ] GC(10) Compaction Phase 133.215ms
[15.451s][info][gc,phases,start] GC(10) Post Compact
[15.453s][info][gc,phases      ] GC(10) Post Compact 2.230ms
[15.453s][info][gc,heap        ] GC(10) PSYoungGen: 111616K(222720K)->14655K(222720K) Eden: 111616K(111616K)->14655K(111616K) From: 0K(111104K)->0K(111104K)
[15.453s][info][gc,heap        ] GC(10) ParOldGen: 583850K(667648K)->667632K(667648K)
[15.453s][info][gc,metaspace   ] GC(10) Metaspace: 16796K(17024K)->16796K(17024K) NonClass: 15461K(15616K)->15461K(15616K) Class: 1335K(1408K)->1335K(1408K)
[15.453s][info][gc             ] GC(10) Pause Full (Allocation Failure) 679M->666M(869M) 599.994ms
[15.453s][info][gc,cpu         ] GC(10) User=1.11s Sys=0.05s Real=0.60s
[15.781s][info][gc,start       ] GC(11) Pause Full (Allocation Failure)
[15.781s][info][gc,phases,start] GC(11) Marking Phase
[16.088s][info][gc,phases      ] GC(11) Marking Phase 307.311ms
[16.088s][info][gc,phases,start] GC(11) Summary Phase
[16.088s][info][gc,phases      ] GC(11) Summary Phase 0.022ms
[16.088s][info][gc,phases,start] GC(11) Forward
[16.100s][info][gc,phases      ] GC(11) Forward 11.563ms
[16.100s][info][gc,phases,start] GC(11) Adjust Pointers
[16.245s][info][gc,phases      ] GC(11) Adjust Pointers 145.700ms
[16.246s][info][gc,phases,start] GC(11) Compaction Phase
[16.320s][info][gc,phases      ] GC(11) Compaction Phase 74.381ms
[16.320s][info][gc,phases,start] GC(11) Post Compact
[16.322s][info][gc,phases      ] GC(11) Post Compact 2.236ms
[16.322s][info][gc,heap        ] GC(11) PSYoungGen: 111616K(222720K)->35184K(222720K) Eden: 111616K(111616K)->35184K(111616K) From: 0K(111104K)->0K(111104K)
[16.322s][info][gc,heap        ] GC(11) ParOldGen: 667632K(667648K)->667632K(667648K)
[16.322s][info][gc,metaspace   ] GC(11) Metaspace: 16854K(17088K)->16854K(17088K) NonClass: 15519K(15680K)->15519K(15680K) Class: 1335K(1408K)->1335K(1408K)
[16.322s][info][gc             ] GC(11) Pause Full (Allocation Failure) 760M->686M(869M) 541.584ms
[16.322s][info][gc,cpu         ] GC(11) User=1.07s Sys=0.00s Real=0.54s
[16.505s][info][gc,start       ] GC(12) Pause Full (Allocation Failure)
[16.505s][info][gc,phases,start] GC(12) Marking Phase
[16.775s][info][gc,phases      ] GC(12) Marking Phase 269.442ms
[16.775s][info][gc,phases,start] GC(12) Summary Phase
[16.775s][info][gc,phases      ] GC(12) Summary Phase 0.021ms
[16.775s][info][gc,phases,start] GC(12) Forward
[16.789s][info][gc,phases      ] GC(12) Forward 14.489ms
[16.789s][info][gc,phases,start] GC(12) Adjust Pointers
[16.940s][info][gc,phases      ] GC(12) Adjust Pointers 150.640ms
[16.940s][info][gc,phases,start] GC(12) Compaction Phase
[17.018s][info][gc,phases      ] GC(12) Compaction Phase 78.433ms
[17.018s][info][gc,phases,start] GC(12) Post Compact
[17.021s][info][gc,phases      ] GC(12) Post Compact 2.273ms
[17.021s][info][gc,heap        ] GC(12) PSYoungGen: 111616K(222720K)->51330K(222720K) Eden: 111616K(111616K)->51330K(111616K) From: 0K(111104K)->0K(111104K)
[17.021s][info][gc,heap        ] GC(12) ParOldGen: 667632K(667648K)->667632K(667648K)
[17.021s][info][gc,metaspace   ] GC(12) Metaspace: 16854K(17088K)->16854K(17088K) NonClass: 15519K(15680K)->15519K(15680K) Class: 1335K(1408K)->1335K(1408K)
[17.021s][info][gc             ] GC(12) Pause Full (Allocation Failure) 760M->702M(869M) 515.696ms
[17.021s][info][gc,cpu         ] GC(12) User=1.00s Sys=0.00s Real=0.51s
[17.158s][info][gc,start       ] GC(13) Pause Full (Allocation Failure)
[17.158s][info][gc,phases,start] GC(13) Marking Phase
[17.448s][info][gc,phases      ] GC(13) Marking Phase 289.738ms
[17.448s][info][gc,phases,start] GC(13) Summary Phase
[17.448s][info][gc,phases      ] GC(13) Summary Phase 0.022ms
[17.448s][info][gc,phases,start] GC(13) Forward
[17.465s][info][gc,phases      ] GC(13) Forward 17.271ms
[17.466s][info][gc,phases,start] GC(13) Adjust Pointers
[17.626s][info][gc,phases      ] GC(13) Adjust Pointers 160.757ms
[17.626s][info][gc,phases,start] GC(13) Compaction Phase
[17.707s][info][gc,phases      ] GC(13) Compaction Phase 80.741ms
[17.707s][info][gc,phases,start] GC(13) Post Compact
[17.709s][info][gc,phases      ] GC(13) Post Compact 2.248ms
[17.709s][info][gc,heap        ] GC(13) PSYoungGen: 111616K(222720K)->64051K(222720K) Eden: 111616K(111616K)->64051K(111616K) From: 0K(111104K)->0K(111104K)
[17.709s][info][gc,heap        ] GC(13) ParOldGen: 667632K(667648K)->667632K(667648K)
[17.709s][info][gc,metaspace   ] GC(13) Metaspace: 16854K(17088K)->16854K(17088K) NonClass: 15519K(15680K)->15519K(15680K) Class: 1335K(1408K)->1335K(1408K)
[17.709s][info][gc             ] GC(13) Pause Full (Allocation Failure) 760M->714M(869M) 551.122ms
[17.709s][info][gc,cpu         ] GC(13) User=1.08s Sys=0.00s Real=0.55s
[17.833s][info][gc,start       ] GC(14) Pause Full (Allocation Failure)
[17.834s][info][gc,phases,start] GC(14) Marking Phase
[18.131s][info][gc,phases      ] GC(14) Marking Phase 297.513ms
[18.131s][info][gc,phases,start] GC(14) Summary Phase
[18.131s][info][gc,phases      ] GC(14) Summary Phase 0.021ms
[18.131s][info][gc,phases,start] GC(14) Forward
[18.149s][info][gc,phases      ] GC(14) Forward 17.991ms
[18.149s][info][gc,phases,start] GC(14) Adjust Pointers
[18.313s][info][gc,phases      ] GC(14) Adjust Pointers 163.793ms
[18.313s][info][gc,phases,start] GC(14) Compaction Phase
[18.394s][info][gc,phases      ] GC(14) Compaction Phase 81.281ms
[18.394s][info][gc,phases,start] GC(14) Post Compact
[18.397s][info][gc,phases      ] GC(14) Post Compact 2.244ms
[18.397s][info][gc,heap        ] GC(14) PSYoungGen: 111616K(222720K)->74096K(222720K) Eden: 111616K(111616K)->74096K(111616K) From: 0K(111104K)->0K(111104K)
[18.397s][info][gc,heap        ] GC(14) ParOldGen: 667632K(667648K)->667632K(667648K)
[18.397s][info][gc,metaspace   ] GC(14) Metaspace: 16854K(17088K)->16854K(17088K) NonClass: 15519K(15680K)->15519K(15680K) Class: 1335K(1408K)->1335K(1408K)
[18.397s][info][gc             ] GC(14) Pause Full (Allocation Failure) 760M->724M(869M) 563.211ms
[18.397s][info][gc,cpu         ] GC(14) User=1.10s Sys=0.00s Real=0.57s
[18.487s][info][gc,start       ] GC(15) Pause Full (Allocation Failure)
[18.488s][info][gc,phases,start] GC(15) Marking Phase
[18.792s][info][gc,phases      ] GC(15) Marking Phase 304.553ms
[18.792s][info][gc,phases,start] GC(15) Summary Phase
[18.792s][info][gc,phases      ] GC(15) Summary Phase 0.021ms
[18.792s][info][gc,phases,start] GC(15) Forward
[18.810s][info][gc,phases      ] GC(15) Forward 17.937ms
[18.810s][info][gc,phases,start] GC(15) Adjust Pointers
[18.973s][info][gc,phases      ] GC(15) Adjust Pointers 162.907ms
[18.973s][info][gc,phases,start] GC(15) Compaction Phase
[19.054s][info][gc,phases      ] GC(15) Compaction Phase 81.135ms
[19.054s][info][gc,phases,start] GC(15) Post Compact
[19.057s][info][gc,phases      ] GC(15) Post Compact 2.270ms
[19.057s][info][gc,heap        ] GC(15) PSYoungGen: 111616K(222720K)->82052K(222720K) Eden: 111616K(111616K)->82052K(111616K) From: 0K(111104K)->0K(111104K)
[19.057s][info][gc,heap        ] GC(15) ParOldGen: 667632K(667648K)->667632K(667648K)
[19.057s][info][gc,metaspace   ] GC(15) Metaspace: 16854K(17088K)->16854K(17088K) NonClass: 15519K(15680K)->15519K(15680K) Class: 1335K(1408K)->1335K(1408K)
[19.057s][info][gc             ] GC(15) Pause Full (Allocation Failure) 760M->732M(869M) 569.247ms
[19.057s][info][gc,cpu         ] GC(15) User=1.11s Sys=0.00s Real=0.57s
[19.111s][info][gc,start       ] GC(16) Pause Full (Allocation Failure)
[19.111s][info][gc,phases,start] GC(16) Marking Phase
[19.413s][info][gc,phases      ] GC(16) Marking Phase 301.792ms
[19.413s][info][gc,phases,start] GC(16) Summary Phase
[19.413s][info][gc,phases      ] GC(16) Summary Phase 0.022ms
[19.413s][info][gc,phases,start] GC(16) Forward
[19.431s][info][gc,phases      ] GC(16) Forward 17.803ms
[19.431s][info][gc,phases,start] GC(16) Adjust Pointers
[19.595s][info][gc,phases      ] GC(16) Adjust Pointers 164.815ms
[19.595s][info][gc,phases,start] GC(16) Compaction Phase
[19.677s][info][gc,phases      ] GC(16) Compaction Phase 81.866ms
[19.677s][info][gc,phases,start] GC(16) Post Compact
[19.680s][info][gc,phases      ] GC(16) Post Compact 2.254ms
[19.680s][info][gc,heap        ] GC(16) PSYoungGen: 111616K(222720K)->88334K(222720K) Eden: 111616K(111616K)->88334K(111616K) From: 0K(111104K)->0K(111104K)
[19.680s][info][gc,heap        ] GC(16) ParOldGen: 667632K(667648K)->667632K(667648K)
[19.680s][info][gc,metaspace   ] GC(16) Metaspace: 16854K(17088K)->16854K(17088K) NonClass: 15519K(15680K)->15519K(15680K) Class: 1335K(1408K)->1335K(1408K)
[19.680s][info][gc             ] GC(16) Pause Full (Allocation Failure) 760M->738M(869M) 568.909ms
[19.680s][info][gc,cpu         ] GC(16) User=1.11s Sys=0.00s Real=0.57s
[19.722s][info][gc,start       ] GC(17) Pause Full (Allocation Failure)
[19.722s][info][gc,phases,start] GC(17) Marking Phase
[20.025s][info][gc,phases      ] GC(17) Marking Phase 302.424ms
[20.025s][info][gc,phases,start] GC(17) Summary Phase
[20.025s][info][gc,phases      ] GC(17) Summary Phase 0.024ms
[20.025s][info][gc,phases,start] GC(17) Forward
[20.043s][info][gc,phases      ] GC(17) Forward 18.370ms
[20.043s][info][gc,phases,start] GC(17) Adjust Pointers
[20.214s][info][gc,phases      ] GC(17) Adjust Pointers 171.257ms
[20.214s][info][gc,phases,start] GC(17) Compaction Phase
[20.299s][info][gc,phases      ] GC(17) Compaction Phase 84.117ms
[20.299s][info][gc,phases,start] GC(17) Post Compact
[20.301s][info][gc,phases      ] GC(17) Post Compact 2.298ms
[20.301s][info][gc,heap        ] GC(17) PSYoungGen: 111616K(222720K)->93313K(222720K) Eden: 111616K(111616K)->93313K(111616K) From: 0K(111104K)->0K(111104K)
[20.301s][info][gc,heap        ] GC(17) ParOldGen: 667632K(667648K)->667632K(667648K)
[20.301s][info][gc,metaspace   ] GC(17) Metaspace: 16854K(17088K)->16854K(17088K) NonClass: 15519K(15680K)->15519K(15680K) Class: 1335K(1408K)->1335K(1408K)
[20.301s][info][gc             ] GC(17) Pause Full (Allocation Failure) 760M->743M(869M) 578.874ms
[20.301s][info][gc,cpu         ] GC(17) User=1.13s Sys=0.00s Real=0.58s
[20.335s][info][gc,start       ] GC(18) Pause Full (Allocation Failure)
[20.335s][info][gc,phases,start] GC(18) Marking Phase
[20.644s][info][gc,phases      ] GC(18) Marking Phase 309.205ms
[20.644s][info][gc,phases,start] GC(18) Summary Phase
[20.644s][info][gc,phases      ] GC(18) Summary Phase 0.021ms
[20.644s][info][gc,phases,start] GC(18) Forward
[20.662s][info][gc,phases      ] GC(18) Forward 18.051ms
[20.662s][info][gc,phases,start] GC(18) Adjust Pointers
[20.830s][info][gc,phases      ] GC(18) Adjust Pointers 167.847ms
[20.830s][info][gc,phases,start] GC(18) Compaction Phase
[20.914s][info][gc,phases      ] GC(18) Compaction Phase 83.813ms
[20.914s][info][gc,phases,start] GC(18) Post Compact
[20.916s][info][gc,phases      ] GC(18) Post Compact 2.245ms
[20.916s][info][gc,heap        ] GC(18) PSYoungGen: 111616K(222720K)->97234K(222720K) Eden: 111616K(111616K)->97234K(111616K) From: 0K(111104K)->0K(111104K)
[20.916s][info][gc,heap        ] GC(18) ParOldGen: 667632K(667648K)->667632K(667648K)
[20.916s][info][gc,metaspace   ] GC(18) Metaspace: 16854K(17088K)->16854K(17088K) NonClass: 15519K(15680K)->15519K(15680K) Class: 1335K(1408K)->1335K(1408K)
[20.916s][info][gc             ] GC(18) Pause Full (Allocation Failure) 760M->746M(869M) 581.630ms
[20.916s][info][gc,cpu         ] GC(18) User=1.14s Sys=0.00s Real=0.58s
[20.943s][info][gc,start       ] GC(19) Pause Full (Allocation Failure)
[20.943s][info][gc,phases,start] GC(19) Marking Phase
[21.253s][info][gc,phases      ] GC(19) Marking Phase 310.552ms
[21.253s][info][gc,phases,start] GC(19) Summary Phase
[21.253s][info][gc,phases      ] GC(19) Summary Phase 0.021ms
[21.253s][info][gc,phases,start] GC(19) Forward
[21.271s][info][gc,phases      ] GC(19) Forward 18.011ms
[21.271s][info][gc,phases,start] GC(19) Adjust Pointers
[21.440s][info][gc,phases      ] GC(19) Adjust Pointers 168.141ms
[21.440s][info][gc,phases,start] GC(19) Compaction Phase
[21.524s][info][gc,phases      ] GC(19) Compaction Phase 84.085ms
[21.524s][info][gc,phases,start] GC(19) Post Compact
[21.526s][info][gc,phases      ] GC(19) Post Compact 2.237ms
[21.526s][info][gc,heap        ] GC(19) PSYoungGen: 111616K(222720K)->100342K(222720K) Eden: 111616K(111616K)->100342K(111616K) From: 0K(111104K)->0K(111104K)
[21.526s][info][gc,heap        ] GC(19) ParOldGen: 667632K(667648K)->667632K(667648K)
[21.526s][info][gc,metaspace   ] GC(19) Metaspace: 16854K(17088K)->16854K(17088K) NonClass: 15519K(15680K)->15519K(15680K) Class: 1335K(1408K)->1335K(1408K)
[21.526s][info][gc             ] GC(19) Pause Full (Allocation Failure) 760M->749M(869M) 583.422ms
[21.526s][info][gc,cpu         ] GC(19) User=1.14s Sys=0.01s Real=0.59s
[21.546s][info][gc,start       ] GC(20) Pause Full (Allocation Failure)
[21.546s][info][gc,phases,start] GC(20) Marking Phase
[21.889s][info][gc,phases      ] GC(20) Marking Phase 343.015ms
[21.889s][info][gc,phases,start] GC(20) Summary Phase
[21.889s][info][gc,phases      ] GC(20) Summary Phase 0.025ms
[21.889s][info][gc,phases,start] GC(20) Forward
[21.907s][info][gc,phases      ] GC(20) Forward 18.391ms
[21.907s][info][gc,phases,start] GC(20) Adjust Pointers
[22.080s][info][gc,phases      ] GC(20) Adjust Pointers 172.197ms
[22.080s][info][gc,phases,start] GC(20) Compaction Phase
[22.163s][info][gc,phases      ] GC(20) Compaction Phase 83.329ms
[22.163s][info][gc,phases,start] GC(20) Post Compact
[22.165s][info][gc,phases      ] GC(20) Post Compact 2.245ms
[22.165s][info][gc,heap        ] GC(20) PSYoungGen: 111616K(222720K)->102772K(222720K) Eden: 111616K(111616K)->102772K(111616K) From: 0K(111104K)->0K(111104K)
[22.165s][info][gc,heap        ] GC(20) ParOldGen: 667632K(667648K)->667632K(667648K)
[22.165s][info][gc,metaspace   ] GC(20) Metaspace: 16854K(17088K)->16854K(17088K) NonClass: 15519K(15680K)->15519K(15680K) Class: 1335K(1408K)->1335K(1408K)
[22.165s][info][gc             ] GC(20) Pause Full (Allocation Failure) 760M->752M(869M) 619.563ms
[22.165s][info][gc,cpu         ] GC(20) User=1.21s Sys=0.00s Real=0.62s
[22.182s][info][gc,start       ] GC(21) Pause Full (Allocation Failure)
[22.182s][info][gc,phases,start] GC(21) Marking Phase
[22.498s][info][gc,phases      ] GC(21) Marking Phase 316.411ms
[22.498s][info][gc,phases,start] GC(21) Summary Phase
[22.498s][info][gc,phases      ] GC(21) Summary Phase 0.021ms
[22.498s][info][gc,phases,start] GC(21) Forward
[22.517s][info][gc,phases      ] GC(21) Forward 18.091ms
[22.517s][info][gc,phases,start] GC(21) Adjust Pointers
[22.688s][info][gc,phases      ] GC(21) Adjust Pointers 171.598ms
[22.688s][info][gc,phases,start] GC(21) Compaction Phase
[22.772s][info][gc,phases      ] GC(21) Compaction Phase 83.477ms
[22.772s][info][gc,phases,start] GC(21) Post Compact
[22.774s][info][gc,phases      ] GC(21) Post Compact 2.282ms
[22.774s][info][gc,heap        ] GC(21) PSYoungGen: 111616K(222720K)->104613K(222720K) Eden: 111616K(111616K)->104613K(111616K) From: 0K(111104K)->0K(111104K)
[22.774s][info][gc,heap        ] GC(21) ParOldGen: 667632K(667648K)->667632K(667648K)
[22.774s][info][gc,metaspace   ] GC(21) Metaspace: 16854K(17088K)->16854K(17088K) NonClass: 15519K(15680K)->15519K(15680K) Class: 1335K(1408K)->1335K(1408K)
[22.774s][info][gc             ] GC(21) Pause Full (Allocation Failure) 760M->754M(869M) 592.261ms
[22.774s][info][gc,cpu         ] GC(21) User=1.16s Sys=0.00s Real=0.60s
[22.788s][info][gc,start       ] GC(22) Pause Full (Allocation Failure)
[22.788s][info][gc,phases,start] GC(22) Marking Phase
[23.102s][info][gc,phases      ] GC(22) Marking Phase 313.657ms
[23.102s][info][gc,phases,start] GC(22) Summary Phase
[23.102s][info][gc,phases      ] GC(22) Summary Phase 0.033ms
[23.102s][info][gc,phases,start] GC(22) Forward
[23.120s][info][gc,phases      ] GC(22) Forward 17.938ms
[23.120s][info][gc,phases,start] GC(22) Adjust Pointers
[23.290s][info][gc,phases      ] GC(22) Adjust Pointers 170.597ms
[23.290s][info][gc,phases,start] GC(22) Compaction Phase
[23.374s][info][gc,phases      ] GC(22) Compaction Phase 83.173ms
[23.374s][info][gc,phases,start] GC(22) Post Compact
[23.376s][info][gc,phases      ] GC(22) Post Compact 2.272ms
[23.376s][info][gc,heap        ] GC(22) PSYoungGen: 111616K(222720K)->106150K(222720K) Eden: 111616K(111616K)->106150K(111616K) From: 0K(111104K)->0K(111104K)
[23.376s][info][gc,heap        ] GC(22) ParOldGen: 667632K(667648K)->667632K(667648K)
[23.376s][info][gc,metaspace   ] GC(22) Metaspace: 16854K(17088K)->16854K(17088K) NonClass: 15519K(15680K)->15519K(15680K) Class: 1335K(1408K)->1335K(1408K)
[23.376s][info][gc             ] GC(22) Pause Full (Allocation Failure) 760M->755M(869M) 588.009ms
[23.376s][info][gc,cpu         ] GC(22) User=1.15s Sys=0.00s Real=0.59s
[23.387s][info][gc,start       ] GC(23) Pause Full (Allocation Failure)
[23.387s][info][gc,phases,start] GC(23) Marking Phase
[23.699s][info][gc,phases      ] GC(23) Marking Phase 311.368ms
[23.699s][info][gc,phases,start] GC(23) Summary Phase
[23.699s][info][gc,phases      ] GC(23) Summary Phase 0.022ms
[23.699s][info][gc,phases,start] GC(23) Forward
[23.717s][info][gc,phases      ] GC(23) Forward 17.895ms
[23.717s][info][gc,phases,start] GC(23) Adjust Pointers
[23.887s][info][gc,phases      ] GC(23) Adjust Pointers 170.408ms
[23.887s][info][gc,phases,start] GC(23) Compaction Phase
[23.971s][info][gc,phases      ] GC(23) Compaction Phase 83.433ms
[23.971s][info][gc,phases,start] GC(23) Post Compact
[23.973s][info][gc,phases      ] GC(23) Post Compact 2.321ms
[23.973s][info][gc,heap        ] GC(23) PSYoungGen: 111616K(222720K)->107302K(222720K) Eden: 111616K(111616K)->107302K(111616K) From: 0K(111104K)->0K(111104K)
[23.973s][info][gc,heap        ] GC(23) ParOldGen: 667632K(667648K)->667632K(667648K)
[23.973s][info][gc,metaspace   ] GC(23) Metaspace: 16854K(17088K)->16854K(17088K) NonClass: 15519K(15680K)->15519K(15680K) Class: 1335K(1408K)->1335K(1408K)
[23.973s][info][gc             ] GC(23) Pause Full (Allocation Failure) 760M->756M(869M) 585.757ms
[23.973s][info][gc,cpu         ] GC(23) User=1.16s Sys=0.00s Real=0.58s
[23.984s][info][gc,start       ] GC(24) Pause Full (Allocation Failure)
[23.984s][info][gc,phases,start] GC(24) Marking Phase
[24.300s][info][gc,phases      ] GC(24) Marking Phase 315.444ms
[24.300s][info][gc,phases,start] GC(24) Summary Phase
[24.300s][info][gc,phases      ] GC(24) Summary Phase 0.021ms
[24.300s][info][gc,phases,start] GC(24) Forward
[24.318s][info][gc,phases      ] GC(24) Forward 18.009ms
[24.318s][info][gc,phases,start] GC(24) Adjust Pointers
[24.488s][info][gc,phases      ] GC(24) Adjust Pointers 169.687ms
[24.488s][info][gc,phases,start] GC(24) Compaction Phase
[24.571s][info][gc,phases      ] GC(24) Compaction Phase 83.460ms
[24.571s][info][gc,phases,start] GC(24) Post Compact
[24.574s][info][gc,phases      ] GC(24) Post Compact 2.285ms
[24.574s][info][gc,heap        ] GC(24) PSYoungGen: 111616K(222720K)->108230K(222720K) Eden: 111616K(111616K)->108230K(111616K) From: 0K(111104K)->0K(111104K)
[24.574s][info][gc,heap        ] GC(24) ParOldGen: 667632K(667648K)->667632K(667648K)
[24.574s][info][gc,metaspace   ] GC(24) Metaspace: 16854K(17088K)->16854K(17088K) NonClass: 15519K(15680K)->15519K(15680K) Class: 1335K(1408K)->1335K(1408K)
[24.574s][info][gc             ] GC(24) Pause Full (Allocation Failure) 760M->757M(869M) 589.272ms
[24.574s][info][gc,cpu         ] GC(24) User=1.16s Sys=0.00s Real=0.58s
[24.580s][info][gc,start       ] GC(25) Pause Full (Allocation Failure)
[24.580s][info][gc,phases,start] GC(25) Marking Phase
[24.893s][info][gc,phases      ] GC(25) Marking Phase 313.751ms
[24.894s][info][gc,phases,start] GC(25) Summary Phase
[24.894s][info][gc,phases      ] GC(25) Summary Phase 0.021ms
[24.894s][info][gc,phases,start] GC(25) Forward
[24.912s][info][gc,phases      ] GC(25) Forward 17.991ms
[24.912s][info][gc,phases,start] GC(25) Adjust Pointers
[25.082s][info][gc,phases      ] GC(25) Adjust Pointers 170.623ms
[25.082s][info][gc,phases,start] GC(25) Compaction Phase
[25.166s][info][gc,phases      ] GC(25) Compaction Phase 83.492ms
[25.166s][info][gc,phases,start] GC(25) Post Compact
[25.168s][info][gc,phases      ] GC(25) Post Compact 2.240ms
[25.168s][info][gc,heap        ] GC(25) PSYoungGen: 111616K(222720K)->108944K(222720K) Eden: 111616K(111616K)->108944K(111616K) From: 0K(111104K)->0K(111104K)
[25.168s][info][gc,heap        ] GC(25) ParOldGen: 667632K(667648K)->667632K(667648K)
[25.168s][info][gc,metaspace   ] GC(25) Metaspace: 16854K(17088K)->16854K(17088K) NonClass: 15519K(15680K)->15519K(15680K) Class: 1335K(1408K)->1335K(1408K)
[25.168s][info][gc             ] GC(25) Pause Full (Allocation Failure) 760M->758M(869M) 588.486ms
[25.168s][info][gc,cpu         ] GC(25) User=1.16s Sys=0.00s Real=0.59s
[25.175s][info][gc,start       ] GC(26) Pause Full (Allocation Failure)
[25.175s][info][gc,phases,start] GC(26) Marking Phase
[25.499s][info][gc,phases      ] GC(26) Marking Phase 323.988ms
[25.499s][info][gc,phases,start] GC(26) Summary Phase
[25.499s][info][gc,phases      ] GC(26) Summary Phase 0.023ms
[25.499s][info][gc,phases,start] GC(26) Forward
[25.517s][info][gc,phases      ] GC(26) Forward 17.901ms
[25.517s][info][gc,phases,start] GC(26) Adjust Pointers
[25.688s][info][gc,phases      ] GC(26) Adjust Pointers 171.034ms
[25.688s][info][gc,phases,start] GC(26) Compaction Phase
[25.772s][info][gc,phases      ] GC(26) Compaction Phase 84.010ms
[25.772s][info][gc,phases,start] GC(26) Post Compact
[25.774s][info][gc,phases      ] GC(26) Post Compact 2.248ms
[25.774s][info][gc,heap        ] GC(26) PSYoungGen: 111616K(222720K)->109518K(222720K) Eden: 111616K(111616K)->109518K(111616K) From: 0K(111104K)->0K(111104K)
[25.774s][info][gc,heap        ] GC(26) ParOldGen: 667632K(667648K)->667632K(667648K)
[25.774s][info][gc,metaspace   ] GC(26) Metaspace: 16854K(17088K)->16854K(17088K) NonClass: 15519K(15680K)->15519K(15680K) Class: 1335K(1408K)->1335K(1408K)
[25.774s][info][gc             ] GC(26) Pause Full (Allocation Failure) 760M->758M(869M) 599.551ms
[25.774s][info][gc,cpu         ] GC(26) User=1.18s Sys=0.00s Real=0.60s
[25.781s][info][gc,start       ] GC(27) Pause Full (Allocation Failure)
[25.781s][info][gc,phases,start] GC(27) Marking Phase
[26.098s][info][gc,phases      ] GC(27) Marking Phase 317.673ms
[26.099s][info][gc,phases,start] GC(27) Summary Phase
[26.099s][info][gc,phases      ] GC(27) Summary Phase 0.021ms
[26.099s][info][gc,phases,start] GC(27) Forward
[26.116s][info][gc,phases      ] GC(27) Forward 17.811ms
[26.116s][info][gc,phases,start] GC(27) Adjust Pointers
[26.288s][info][gc,phases      ] GC(27) Adjust Pointers 171.562ms
[26.288s][info][gc,phases,start] GC(27) Compaction Phase
[26.372s][info][gc,phases      ] GC(27) Compaction Phase 84.293ms
[26.372s][info][gc,phases,start] GC(27) Post Compact
[26.375s][info][gc,phases      ] GC(27) Post Compact 2.248ms
[26.375s][info][gc,heap        ] GC(27) PSYoungGen: 111616K(222720K)->109968K(222720K) Eden: 111616K(111616K)->109968K(111616K) From: 0K(111104K)->0K(111104K)
[26.375s][info][gc,heap        ] GC(27) ParOldGen: 667632K(667648K)->667632K(667648K)
[26.375s][info][gc,metaspace   ] GC(27) Metaspace: 16854K(17088K)->16854K(17088K) NonClass: 15519K(15680K)->15519K(15680K) Class: 1335K(1408K)->1335K(1408K)
[26.375s][info][gc             ] GC(27) Pause Full (Allocation Failure) 760M->759M(869M) 593.935ms
[26.375s][info][gc,cpu         ] GC(27) User=1.17s Sys=0.00s Real=0.60s
[26.378s][info][gc,start       ] GC(28) Pause Full (Allocation Failure)
[26.378s][info][gc,phases,start] GC(28) Marking Phase
[26.692s][info][gc,phases      ] GC(28) Marking Phase 314.234ms
[26.692s][info][gc,phases,start] GC(28) Summary Phase
[26.692s][info][gc,phases      ] GC(28) Summary Phase 0.021ms
[26.692s][info][gc,phases,start] GC(28) Forward
[26.711s][info][gc,phases      ] GC(28) Forward 18.103ms
[26.711s][info][gc,phases,start] GC(28) Adjust Pointers
[26.881s][info][gc,phases      ] GC(28) Adjust Pointers 170.639ms
[26.881s][info][gc,phases,start] GC(28) Compaction Phase
[26.965s][info][gc,phases      ] GC(28) Compaction Phase 83.374ms
[26.965s][info][gc,phases,start] GC(28) Post Compact
[26.967s][info][gc,phases      ] GC(28) Post Compact 2.269ms
[26.967s][info][gc,heap        ] GC(28) PSYoungGen: 111615K(222720K)->110325K(222720K) Eden: 111615K(111616K)->110325K(111616K) From: 0K(111104K)->0K(111104K)
[26.967s][info][gc,heap        ] GC(28) ParOldGen: 667632K(667648K)->667632K(667648K)
[26.967s][info][gc,metaspace   ] GC(28) Metaspace: 16854K(17088K)->16854K(17088K) NonClass: 15519K(15680K)->15519K(15680K) Class: 1335K(1408K)->1335K(1408K)
[26.967s][info][gc             ] GC(28) Pause Full (Allocation Failure) 760M->759M(869M) 588.985ms
[26.967s][info][gc,cpu         ] GC(28) User=1.16s Sys=0.00s Real=0.59s
[26.972s][info][gc,start       ] GC(29) Pause Full (Allocation Failure)
[26.972s][info][gc,phases,start] GC(29) Marking Phase
[27.290s][info][gc,phases      ] GC(29) Marking Phase 318.358ms
[27.290s][info][gc,phases,start] GC(29) Summary Phase
[27.290s][info][gc,phases      ] GC(29) Summary Phase 0.021ms
[27.290s][info][gc,phases,start] GC(29) Forward
[27.308s][info][gc,phases      ] GC(29) Forward 18.143ms
[27.308s][info][gc,phases,start] GC(29) Adjust Pointers
[27.480s][info][gc,phases      ] GC(29) Adjust Pointers 171.994ms
[27.480s][info][gc,phases,start] GC(29) Compaction Phase
[27.565s][info][gc,phases      ] GC(29) Compaction Phase 84.079ms
[27.565s][info][gc,phases,start] GC(29) Post Compact
[27.567s][info][gc,phases      ] GC(29) Post Compact 2.251ms
[27.567s][info][gc,heap        ] GC(29) PSYoungGen: 111616K(222720K)->110607K(222720K) Eden: 111616K(111616K)->110607K(111616K) From: 0K(111104K)->0K(111104K)
[27.567s][info][gc,heap        ] GC(29) ParOldGen: 667632K(667648K)->667632K(667648K)
[27.567s][info][gc,metaspace   ] GC(29) Metaspace: 16854K(17088K)->16854K(17088K) NonClass: 15519K(15680K)->15519K(15680K) Class: 1335K(1408K)->1335K(1408K)
[27.567s][info][gc             ] GC(29) Pause Full (Allocation Failure) 760M->759M(869M) 595.198ms
[27.567s][info][gc,cpu         ] GC(29) User=1.17s Sys=0.00s Real=0.60s
[27.571s][info][gc,start       ] GC(30) Pause Full (Allocation Failure)
[27.571s][info][gc,phases,start] GC(30) Marking Phase
[27.886s][info][gc,phases      ] GC(30) Marking Phase 314.469ms
[27.886s][info][gc,phases,start] GC(30) Summary Phase
[27.886s][info][gc,phases      ] GC(30) Summary Phase 0.021ms
[27.886s][info][gc,phases,start] GC(30) Forward
[27.904s][info][gc,phases      ] GC(30) Forward 18.296ms
[27.904s][info][gc,phases,start] GC(30) Adjust Pointers
[28.075s][info][gc,phases      ] GC(30) Adjust Pointers 170.836ms
[28.075s][info][gc,phases,start] GC(30) Compaction Phase
[28.159s][info][gc,phases      ] GC(30) Compaction Phase 83.705ms
[28.159s][info][gc,phases,start] GC(30) Post Compact
[28.161s][info][gc,phases      ] GC(30) Post Compact 2.288ms
[28.161s][info][gc,heap        ] GC(30) PSYoungGen: 111616K(222720K)->110819K(222720K) Eden: 111616K(111616K)->110819K(111616K) From: 0K(111104K)->0K(111104K)
[28.161s][info][gc,heap        ] GC(30) ParOldGen: 667632K(667648K)->667632K(667648K)
[28.161s][info][gc,metaspace   ] GC(30) Metaspace: 16854K(17088K)->16854K(17088K) NonClass: 15519K(15680K)->15519K(15680K) Class: 1335K(1408K)->1335K(1408K)
[28.161s][info][gc             ] GC(30) Pause Full (Allocation Failure) 760M->760M(869M) 589.947ms
[28.161s][info][gc,cpu         ] GC(30) User=1.16s Sys=0.00s Real=0.59s
[28.165s][info][gc,start       ] GC(31) Pause Full (Allocation Failure)
[28.165s][info][gc,phases,start] GC(31) Marking Phase
[28.480s][info][gc,phases      ] GC(31) Marking Phase 315.125ms
[28.480s][info][gc,phases,start] GC(31) Summary Phase
[28.480s][info][gc,phases      ] GC(31) Summary Phase 0.021ms
[28.480s][info][gc,phases,start] GC(31) Forward
[28.498s][info][gc,phases      ] GC(31) Forward 17.996ms
[28.498s][info][gc,phases,start] GC(31) Adjust Pointers
[28.668s][info][gc,phases      ] GC(31) Adjust Pointers 170.246ms
[28.669s][info][gc,phases,start] GC(31) Compaction Phase
[28.753s][info][gc,phases      ] GC(31) Compaction Phase 84.644ms
[28.753s][info][gc,phases,start] GC(31) Post Compact
[28.755s][info][gc,phases      ] GC(31) Post Compact 2.218ms
[28.755s][info][gc,heap        ] GC(31) PSYoungGen: 111616K(222720K)->110990K(222720K) Eden: 111616K(111616K)->110990K(111616K) From: 0K(111104K)->0K(111104K)
[28.755s][info][gc,heap        ] GC(31) ParOldGen: 667632K(667648K)->667632K(667648K)
[28.755s][info][gc,metaspace   ] GC(31) Metaspace: 16854K(17088K)->16854K(17088K) NonClass: 15519K(15680K)->15519K(15680K) Class: 1335K(1408K)->1335K(1408K)
[28.756s][info][gc             ] GC(31) Pause Full (Allocation Failure) 760M->760M(869M) 590.588ms
[28.756s][info][gc,cpu         ] GC(31) User=1.16s Sys=0.00s Real=0.59s
[28.757s][info][gc,start       ] GC(32) Pause Full (Allocation Failure)
[28.757s][info][gc,phases,start] GC(32) Marking Phase
[29.072s][info][gc,phases      ] GC(32) Marking Phase 314.436ms
[29.072s][info][gc,phases,start] GC(32) Summary Phase
[29.072s][info][gc,phases      ] GC(32) Summary Phase 0.024ms
[29.072s][info][gc,phases,start] GC(32) Forward
[29.092s][info][gc,phases      ] GC(32) Forward 20.349ms
[29.092s][info][gc,phases,start] GC(32) Adjust Pointers
[29.263s][info][gc,phases      ] GC(32) Adjust Pointers 171.034ms
[29.263s][info][gc,phases,start] GC(32) Compaction Phase
[29.347s][info][gc,phases      ] GC(32) Compaction Phase 83.428ms
[29.347s][info][gc,phases,start] GC(32) Post Compact
[29.349s][info][gc,phases      ] GC(32) Post Compact 2.214ms
[29.349s][info][gc,heap        ] GC(32) PSYoungGen: 111616K(222720K)->111115K(222720K) Eden: 111616K(111616K)->111115K(111616K) From: 0K(111104K)->0K(111104K)
[29.349s][info][gc,heap        ] GC(32) ParOldGen: 667632K(667648K)->667632K(667648K)
[29.349s][info][gc,metaspace   ] GC(32) Metaspace: 16854K(17088K)->16854K(17088K) NonClass: 15519K(15680K)->15519K(15680K) Class: 1335K(1408K)->1335K(1408K)
[29.349s][info][gc             ] GC(32) Pause Full (Allocation Failure) 760M->760M(869M) 591.830ms
[29.349s][info][gc,cpu         ] GC(32) User=1.16s Sys=0.00s Real=0.59s
[29.351s][info][gc,start       ] GC(33) Pause Full (Allocation Failure)
[29.351s][info][gc,phases,start] GC(33) Marking Phase
[29.666s][info][gc,phases      ] GC(33) Marking Phase 315.232ms
[29.666s][info][gc,phases,start] GC(33) Summary Phase
[29.666s][info][gc,phases      ] GC(33) Summary Phase 0.022ms
[29.666s][info][gc,phases,start] GC(33) Forward
[29.684s][info][gc,phases      ] GC(33) Forward 18.435ms
[29.684s][info][gc,phases,start] GC(33) Adjust Pointers
[29.857s][info][gc,phases      ] GC(33) Adjust Pointers 172.623ms
[29.857s][info][gc,phases,start] GC(33) Compaction Phase
[29.941s][info][gc,phases      ] GC(33) Compaction Phase 83.942ms
[29.941s][info][gc,phases,start] GC(33) Post Compact
[29.943s][info][gc,phases      ] GC(33) Post Compact 2.213ms
[29.943s][info][gc,heap        ] GC(33) PSYoungGen: 111615K(222720K)->111214K(222720K) Eden: 111615K(111616K)->111214K(111616K) From: 0K(111104K)->0K(111104K)
[29.943s][info][gc,heap        ] GC(33) ParOldGen: 667632K(667648K)->667632K(667648K)
[29.943s][info][gc,metaspace   ] GC(33) Metaspace: 16854K(17088K)->16854K(17088K) NonClass: 15519K(15680K)->15519K(15680K) Class: 1335K(1408K)->1335K(1408K)
[29.943s][info][gc             ] GC(33) Pause Full (Allocation Failure) 760M->760M(869M) 592.788ms
[29.943s][info][gc,cpu         ] GC(33) User=1.16s Sys=0.00s Real=0.59s
[29.945s][info][gc,start       ] GC(34) Pause Full (Allocation Failure)
[29.945s][info][gc,phases,start] GC(34) Marking Phase
[30.253s][info][gc,phases      ] GC(34) Marking Phase 308.076ms
[30.253s][info][gc,phases,start] GC(34) Summary Phase
[30.253s][info][gc,phases      ] GC(34) Summary Phase 0.021ms
[30.253s][info][gc,phases,start] GC(34) Forward
[30.270s][info][gc,phases      ] GC(34) Forward 17.272ms
[30.270s][info][gc,phases,start] GC(34) Adjust Pointers
[30.437s][info][gc,phases      ] GC(34) Adjust Pointers 166.215ms
[30.437s][info][gc,phases,start] GC(34) Compaction Phase
[30.518s][info][gc,phases      ] GC(34) Compaction Phase 81.080ms
[30.518s][info][gc,phases,start] GC(34) Post Compact
[30.520s][info][gc,phases      ] GC(34) Post Compact 2.222ms
[30.520s][info][gc,heap        ] GC(34) PSYoungGen: 111616K(222720K)->111294K(222720K) Eden: 111616K(111616K)->111294K(111616K) From: 0K(111104K)->0K(111104K)
[30.520s][info][gc,heap        ] GC(34) ParOldGen: 667632K(667648K)->667632K(667648K)
[30.520s][info][gc,metaspace   ] GC(34) Metaspace: 16854K(17088K)->16854K(17088K) NonClass: 15519K(15680K)->15519K(15680K) Class: 1335K(1408K)->1335K(1408K)
[30.520s][info][gc             ] GC(34) Pause Full (Allocation Failure) 760M->760M(869M) 575.199ms
[30.520s][info][gc,cpu         ] GC(34) User=1.13s Sys=0.01s Real=0.57s
[30.522s][info][gc,start       ] GC(35) Pause Full (Allocation Failure)
[30.522s][info][gc,phases,start] GC(35) Marking Phase
[30.825s][info][gc,phases      ] GC(35) Marking Phase 303.351ms
[30.825s][info][gc,phases,start] GC(35) Summary Phase
[30.825s][info][gc,phases      ] GC(35) Summary Phase 0.020ms
[30.825s][info][gc,phases,start] GC(35) Forward
[30.842s][info][gc,phases      ] GC(35) Forward 17.150ms
[30.843s][info][gc,phases,start] GC(35) Adjust Pointers
[31.009s][info][gc,phases      ] GC(35) Adjust Pointers 166.838ms
[31.009s][info][gc,phases,start] GC(35) Compaction Phase
[31.091s][info][gc,phases      ] GC(35) Compaction Phase 81.308ms
[31.091s][info][gc,phases,start] GC(35) Post Compact
[31.093s][info][gc,phases      ] GC(35) Post Compact 2.271ms
[31.093s][info][gc,heap        ] GC(35) PSYoungGen: 111616K(222720K)->111357K(222720K) Eden: 111616K(111616K)->111357K(111616K) From: 0K(111104K)->0K(111104K)
[31.093s][info][gc,heap        ] GC(35) ParOldGen: 667632K(667648K)->667632K(667648K)
[31.093s][info][gc,metaspace   ] GC(35) Metaspace: 16854K(17088K)->16854K(17088K) NonClass: 15519K(15680K)->15519K(15680K) Class: 1335K(1408K)->1335K(1408K)
[31.093s][info][gc             ] GC(35) Pause Full (Allocation Failure) 760M->760M(869M) 571.284ms
[31.093s][info][gc,cpu         ] GC(35) User=1.12s Sys=0.00s Real=0.57s
[31.096s][info][gc,start       ] GC(36) Pause Full (Allocation Failure)
[31.096s][info][gc,phases,start] GC(36) Marking Phase
[31.403s][info][gc,phases      ] GC(36) Marking Phase 307.047ms
[31.403s][info][gc,phases,start] GC(36) Summary Phase
[31.403s][info][gc,phases      ] GC(36) Summary Phase 0.020ms
[31.403s][info][gc,phases,start] GC(36) Forward
[31.420s][info][gc,phases      ] GC(36) Forward 17.122ms
[31.420s][info][gc,phases,start] GC(36) Adjust Pointers
[31.586s][info][gc,phases      ] GC(36) Adjust Pointers 165.710ms
[31.586s][info][gc,phases,start] GC(36) Compaction Phase
[31.667s][info][gc,phases      ] GC(36) Compaction Phase 80.811ms
[31.667s][info][gc,phases,start] GC(36) Post Compact
[31.669s][info][gc,phases      ] GC(36) Post Compact 2.213ms
[31.669s][info][gc,heap        ] GC(36) PSYoungGen: 111615K(222720K)->111406K(222720K) Eden: 111615K(111616K)->111406K(111616K) From: 0K(111104K)->0K(111104K)
[31.669s][info][gc,heap        ] GC(36) ParOldGen: 667632K(667648K)->667632K(667648K)
[31.669s][info][gc,metaspace   ] GC(36) Metaspace: 16854K(17088K)->16854K(17088K) NonClass: 15519K(15680K)->15519K(15680K) Class: 1335K(1408K)->1335K(1408K)
[31.669s][info][gc             ] GC(36) Pause Full (Allocation Failure) 760M->760M(869M) 573.236ms
[31.669s][info][gc,cpu         ] GC(36) User=1.13s Sys=0.00s Real=0.57s
[31.671s][info][gc,start       ] GC(37) Pause Full (Allocation Failure)
[31.671s][info][gc,phases,start] GC(37) Marking Phase
[31.976s][info][gc,phases      ] GC(37) Marking Phase 305.182ms
[31.976s][info][gc,phases,start] GC(37) Summary Phase
[31.976s][info][gc,phases      ] GC(37) Summary Phase 0.021ms
[31.976s][info][gc,phases,start] GC(37) Forward
[31.993s][info][gc,phases      ] GC(37) Forward 17.411ms
[31.993s][info][gc,phases,start] GC(37) Adjust Pointers
[32.160s][info][gc,phases      ] GC(37) Adjust Pointers 166.585ms
[32.160s][info][gc,phases,start] GC(37) Compaction Phase
[32.242s][info][gc,phases      ] GC(37) Compaction Phase 82.256ms
[32.242s][info][gc,phases,start] GC(37) Post Compact
[32.245s][info][gc,phases      ] GC(37) Post Compact 2.264ms
[32.245s][info][gc,heap        ] GC(37) PSYoungGen: 111616K(222720K)->111446K(222720K) Eden: 111616K(111616K)->111446K(111616K) From: 0K(111104K)->0K(111104K)
[32.245s][info][gc,heap        ] GC(37) ParOldGen: 667632K(667648K)->667632K(667648K)
[32.245s][info][gc,metaspace   ] GC(37) Metaspace: 16854K(17088K)->16854K(17088K) NonClass: 15519K(15680K)->15519K(15680K) Class: 1335K(1408K)->1335K(1408K)
[32.245s][info][gc             ] GC(37) Pause Full (Allocation Failure) 760M->760M(869M) 574.113ms
[32.245s][info][gc,cpu         ] GC(37) User=1.13s Sys=0.00s Real=0.58s
[32.248s][info][gc,start       ] GC(38) Pause Full (Allocation Failure)
[32.248s][info][gc,phases,start] GC(38) Marking Phase
[32.563s][info][gc,phases      ] GC(38) Marking Phase 314.763ms
[32.563s][info][gc,phases,start] GC(38) Summary Phase
[32.563s][info][gc,phases      ] GC(38) Summary Phase 0.020ms
[32.563s][info][gc,phases,start] GC(38) Forward
[32.580s][info][gc,phases      ] GC(38) Forward 17.410ms
[32.580s][info][gc,phases,start] GC(38) Adjust Pointers
[32.747s][info][gc,phases      ] GC(38) Adjust Pointers 166.335ms
[32.747s][info][gc,phases,start] GC(38) Compaction Phase
[32.827s][info][gc,phases      ] GC(38) Compaction Phase 80.441ms
[32.827s][info][gc,phases,start] GC(38) Post Compact
[32.830s][info][gc,phases      ] GC(38) Post Compact 2.254ms
[32.830s][info][gc,heap        ] GC(38) PSYoungGen: 111616K(222720K)->111477K(222720K) Eden: 111616K(111616K)->111477K(111616K) From: 0K(111104K)->0K(111104K)
[32.830s][info][gc,heap        ] GC(38) ParOldGen: 667632K(667648K)->667632K(667648K)
[32.830s][info][gc,metaspace   ] GC(38) Metaspace: 16854K(17088K)->16854K(17088K) NonClass: 15519K(15680K)->15519K(15680K) Class: 1335K(1408K)->1335K(1408K)
[32.830s][info][gc             ] GC(38) Pause Full (Allocation Failure) 760M->760M(869M) 581.558ms
[32.830s][info][gc,cpu         ] GC(38) User=1.14s Sys=0.00s Real=0.58s
[32.833s][info][gc,start       ] GC(39) Pause Full (Allocation Failure)
[32.833s][info][gc,phases,start] GC(39) Marking Phase
[33.139s][info][gc,phases      ] GC(39) Marking Phase 305.768ms
[33.139s][info][gc,phases,start] GC(39) Summary Phase
[33.139s][info][gc,phases      ] GC(39) Summary Phase 0.021ms
[33.139s][info][gc,phases,start] GC(39) Forward
[33.156s][info][gc,phases      ] GC(39) Forward 17.404ms
[33.156s][info][gc,phases,start] GC(39) Adjust Pointers
[33.323s][info][gc,phases      ] GC(39) Adjust Pointers 166.459ms
[33.323s][info][gc,phases,start] GC(39) Compaction Phase
[33.404s][info][gc,phases      ] GC(39) Compaction Phase 81.305ms
[33.404s][info][gc,phases,start] GC(39) Post Compact
[33.406s][info][gc,phases      ] GC(39) Post Compact 2.236ms
[33.407s][info][gc,heap        ] GC(39) PSYoungGen: 111616K(222720K)->111503K(222720K) Eden: 111616K(111616K)->111503K(111616K) From: 0K(111104K)->0K(111104K)
[33.407s][info][gc,heap        ] GC(39) ParOldGen: 667632K(667648K)->667632K(667648K)
[33.407s][info][gc,metaspace   ] GC(39) Metaspace: 16854K(17088K)->16854K(17088K) NonClass: 15519K(15680K)->15519K(15680K) Class: 1335K(1408K)->1335K(1408K)
[33.407s][info][gc             ] GC(39) Pause Full (Allocation Failure) 760M->760M(869M) 573.525ms
[33.407s][info][gc,cpu         ] GC(39) User=1.13s Sys=0.00s Real=0.58s
[33.410s][info][gc,start       ] GC(40) Pause Full (Allocation Failure)
[33.410s][info][gc,phases,start] GC(40) Marking Phase
[33.716s][info][gc,phases      ] GC(40) Marking Phase 305.786ms
[33.716s][info][gc,phases,start] GC(40) Summary Phase
[33.716s][info][gc,phases      ] GC(40) Summary Phase 0.044ms
[33.716s][info][gc,phases,start] GC(40) Forward
[33.733s][info][gc,phases      ] GC(40) Forward 17.208ms
[33.733s][info][gc,phases,start] GC(40) Adjust Pointers
[33.901s][info][gc,phases      ] GC(40) Adjust Pointers 167.490ms
[33.901s][info][gc,phases,start] GC(40) Compaction Phase
[33.981s][info][gc,phases      ] GC(40) Compaction Phase 80.277ms
[33.981s][info][gc,phases,start] GC(40) Post Compact
[33.983s][info][gc,phases      ] GC(40) Post Compact 2.238ms
[33.983s][info][gc,heap        ] GC(40) PSYoungGen: 111616K(222720K)->111522K(222720K) Eden: 111616K(111616K)->111522K(111616K) From: 0K(111104K)->0K(111104K)
[33.983s][info][gc,heap        ] GC(40) ParOldGen: 667632K(667648K)->667632K(667648K)
[33.983s][info][gc,metaspace   ] GC(40) Metaspace: 16854K(17088K)->16854K(17088K) NonClass: 15519K(15680K)->15519K(15680K) Class: 1335K(1408K)->1335K(1408K)
[33.983s][info][gc             ] GC(40) Pause Full (Allocation Failure) 760M->760M(869M) 573.371ms
[33.983s][info][gc,cpu         ] GC(40) User=1.13s Sys=0.00s Real=0.57s
[33.987s][info][gc,start       ] GC(41) Pause Full (Allocation Failure)
[33.987s][info][gc,phases,start] GC(41) Marking Phase
[34.294s][info][gc,phases      ] GC(41) Marking Phase 307.436ms
[34.294s][info][gc,phases,start] GC(41) Summary Phase
[34.294s][info][gc,phases      ] GC(41) Summary Phase 0.020ms
[34.294s][info][gc,phases,start] GC(41) Forward
[34.312s][info][gc,phases      ] GC(41) Forward 17.490ms
[34.312s][info][gc,phases,start] GC(41) Adjust Pointers
[34.478s][info][gc,phases      ] GC(41) Adjust Pointers 166.292ms
[34.478s][info][gc,phases,start] GC(41) Compaction Phase
[34.560s][info][gc,phases      ] GC(41) Compaction Phase 81.244ms
[34.560s][info][gc,phases,start] GC(41) Post Compact
[34.562s][info][gc,phases      ] GC(41) Post Compact 2.219ms
[34.562s][info][gc,heap        ] GC(41) PSYoungGen: 111616K(222720K)->111539K(222720K) Eden: 111616K(111616K)->111539K(111616K) From: 0K(111104K)->0K(111104K)
[34.562s][info][gc,heap        ] GC(41) ParOldGen: 667632K(667648K)->667632K(667648K)
[34.562s][info][gc,metaspace   ] GC(41) Metaspace: 16854K(17088K)->16854K(17088K) NonClass: 15519K(15680K)->15519K(15680K) Class: 1335K(1408K)->1335K(1408K)
[34.562s][info][gc             ] GC(41) Pause Full (Allocation Failure) 760M->760M(869M) 575.024ms
[34.562s][info][gc,cpu         ] GC(41) User=1.13s Sys=0.00s Real=0.57s
[34.565s][info][gc,start       ] GC(42) Pause Full (Allocation Failure)
[34.565s][info][gc,phases,start] GC(42) Marking Phase
[34.870s][info][gc,phases      ] GC(42) Marking Phase 305.366ms
[34.870s][info][gc,phases,start] GC(42) Summary Phase
[34.870s][info][gc,phases      ] GC(42) Summary Phase 0.021ms
[34.870s][info][gc,phases,start] GC(42) Forward
[34.888s][info][gc,phases      ] GC(42) Forward 17.320ms
[34.888s][info][gc,phases,start] GC(42) Adjust Pointers
[35.055s][info][gc,phases      ] GC(42) Adjust Pointers 166.923ms
[35.055s][info][gc,phases,start] GC(42) Compaction Phase
[35.136s][info][gc,phases      ] GC(42) Compaction Phase 81.454ms
[35.136s][info][gc,phases,start] GC(42) Post Compact
[35.138s][info][gc,phases      ] GC(42) Post Compact 2.219ms
[35.138s][info][gc,heap        ] GC(42) PSYoungGen: 111615K(222720K)->111552K(222720K) Eden: 111615K(111616K)->111552K(111616K) From: 0K(111104K)->0K(111104K)
[35.138s][info][gc,heap        ] GC(42) ParOldGen: 667632K(667648K)->667632K(667648K)
[35.139s][info][gc,metaspace   ] GC(42) Metaspace: 16854K(17088K)->16854K(17088K) NonClass: 15519K(15680K)->15519K(15680K) Class: 1335K(1408K)->1335K(1408K)
[35.139s][info][gc             ] GC(42) Pause Full (Allocation Failure) 760M->760M(869M) 573.630ms
[35.139s][info][gc,cpu         ] GC(42) User=1.13s Sys=0.00s Real=0.57s
[35.142s][info][gc,start       ] GC(43) Pause Full (Allocation Failure)
[35.142s][info][gc,phases,start] GC(43) Marking Phase
[35.449s][info][gc,phases      ] GC(43) Marking Phase 307.050ms
[35.449s][info][gc,phases,start] GC(43) Summary Phase
[35.449s][info][gc,phases      ] GC(43) Summary Phase 0.022ms
[35.449s][info][gc,phases,start] GC(43) Forward
[35.467s][info][gc,phases      ] GC(43) Forward 17.420ms
[35.467s][info][gc,phases,start] GC(43) Adjust Pointers
[35.634s][info][gc,phases      ] GC(43) Adjust Pointers 167.669ms
[35.634s][info][gc,phases,start] GC(43) Compaction Phase
[35.715s][info][gc,phases      ] GC(43) Compaction Phase 80.743ms
[35.715s][info][gc,phases,start] GC(43) Post Compact
[35.717s][info][gc,phases      ] GC(43) Post Compact 2.222ms
[35.717s][info][gc,heap        ] GC(43) PSYoungGen: 111616K(222720K)->111561K(222720K) Eden: 111616K(111616K)->111561K(111616K) From: 0K(111104K)->0K(111104K)
[35.717s][info][gc,heap        ] GC(43) ParOldGen: 667632K(667648K)->667632K(667648K)
[35.717s][info][gc,metaspace   ] GC(43) Metaspace: 16854K(17088K)->16854K(17088K) NonClass: 15519K(15680K)->15519K(15680K) Class: 1335K(1408K)->1335K(1408K)
[35.717s][info][gc             ] GC(43) Pause Full (Allocation Failure) 760M->760M(869M) 575.460ms
[35.717s][info][gc,cpu         ] GC(43) User=1.12s Sys=0.00s Real=0.58s
[35.721s][info][gc,start       ] GC(44) Pause Full (Allocation Failure)
[35.721s][info][gc,phases,start] GC(44) Marking Phase
[36.025s][info][gc,phases      ] GC(44) Marking Phase 303.987ms
[36.025s][info][gc,phases,start] GC(44) Summary Phase
[36.025s][info][gc,phases      ] GC(44) Summary Phase 0.021ms
[36.025s][info][gc,phases,start] GC(44) Forward
[36.043s][info][gc,phases      ] GC(44) Forward 17.525ms
[36.043s][info][gc,phases,start] GC(44) Adjust Pointers
[36.210s][info][gc,phases      ] GC(44) Adjust Pointers 167.036ms
[36.210s][info][gc,phases,start] GC(44) Compaction Phase
[36.290s][info][gc,phases      ] GC(44) Compaction Phase 80.497ms
[36.290s][info][gc,phases,start] GC(44) Post Compact
[36.292s][info][gc,phases      ] GC(44) Post Compact 2.259ms
[36.293s][info][gc,heap        ] GC(44) PSYoungGen: 111615K(222720K)->111570K(222720K) Eden: 111615K(111616K)->111570K(111616K) From: 0K(111104K)->0K(111104K)
[36.293s][info][gc,heap        ] GC(44) ParOldGen: 667632K(667648K)->667632K(667648K)
[36.293s][info][gc,metaspace   ] GC(44) Metaspace: 16854K(17088K)->16854K(17088K) NonClass: 15519K(15680K)->15519K(15680K) Class: 1335K(1408K)->1335K(1408K)
[36.293s][info][gc             ] GC(44) Pause Full (Allocation Failure) 760M->760M(869M) 571.672ms
[36.293s][info][gc,cpu         ] GC(44) User=1.12s Sys=0.00s Real=0.57s
[36.296s][info][gc,start       ] GC(45) Pause Full (Allocation Failure)
[36.296s][info][gc,phases,start] GC(45) Marking Phase
[36.602s][info][gc,phases      ] GC(45) Marking Phase 305.894ms
[36.602s][info][gc,phases,start] GC(45) Summary Phase
[36.602s][info][gc,phases      ] GC(45) Summary Phase 0.022ms
[36.602s][info][gc,phases,start] GC(45) Forward
[36.619s][info][gc,phases      ] GC(45) Forward 17.407ms
[36.619s][info][gc,phases,start] GC(45) Adjust Pointers
[36.786s][info][gc,phases      ] GC(45) Adjust Pointers 166.269ms
[36.786s][info][gc,phases,start] GC(45) Compaction Phase
[36.867s][info][gc,phases      ] GC(45) Compaction Phase 80.982ms
[36.867s][info][gc,phases,start] GC(45) Post Compact
[36.869s][info][gc,phases      ] GC(45) Post Compact 2.184ms
[36.869s][info][gc,heap        ] GC(45) PSYoungGen: 111615K(222720K)->111577K(222720K) Eden: 111615K(111616K)->111577K(111616K) From: 0K(111104K)->0K(111104K)
[36.869s][info][gc,heap        ] GC(45) ParOldGen: 667632K(667648K)->667632K(667648K)
[36.869s][info][gc,metaspace   ] GC(45) Metaspace: 16854K(17088K)->16854K(17088K) NonClass: 15519K(15680K)->15519K(15680K) Class: 1335K(1408K)->1335K(1408K)
[36.869s][info][gc             ] GC(45) Pause Full (Allocation Failure) 760M->760M(869M) 573.087ms
[36.869s][info][gc,cpu         ] GC(45) User=1.12s Sys=0.00s Real=0.57s
[36.871s][info][gc,start       ] GC(46) Pause Full (Allocation Failure)
[36.871s][info][gc,phases,start] GC(46) Marking Phase
[37.176s][info][gc,phases      ] GC(46) Marking Phase 305.211ms
[37.176s][info][gc,phases,start] GC(46) Summary Phase
[37.176s][info][gc,phases      ] GC(46) Summary Phase 0.023ms
[37.176s][info][gc,phases,start] GC(46) Forward
[37.194s][info][gc,phases      ] GC(46) Forward 17.991ms
[37.194s][info][gc,phases,start] GC(46) Adjust Pointers
[37.363s][info][gc,phases      ] GC(46) Adjust Pointers 169.075ms
[37.363s][info][gc,phases,start] GC(46) Compaction Phase
[37.446s][info][gc,phases      ] GC(46) Compaction Phase 82.154ms
[37.446s][info][gc,phases,start] GC(46) Post Compact
[37.448s][info][gc,phases      ] GC(46) Post Compact 2.321ms
[37.448s][info][gc,heap        ] GC(46) PSYoungGen: 111615K(222720K)->111583K(222720K) Eden: 111615K(111616K)->111583K(111616K) From: 0K(111104K)->0K(111104K)
[37.448s][info][gc,heap        ] GC(46) ParOldGen: 667632K(667648K)->667632K(667648K)
[37.448s][info][gc,metaspace   ] GC(46) Metaspace: 16854K(17088K)->16854K(17088K) NonClass: 15519K(15680K)->15519K(15680K) Class: 1335K(1408K)->1335K(1408K)
[37.448s][info][gc             ] GC(46) Pause Full (Allocation Failure) 760M->760M(869M) 577.179ms
[37.448s][info][gc,cpu         ] GC(46) User=1.13s Sys=0.00s Real=0.58s
[37.450s][info][gc,start       ] GC(47) Pause Full (Allocation Failure)
[37.450s][info][gc,phases,start] GC(47) Marking Phase
[37.760s][info][gc,phases      ] GC(47) Marking Phase 310.158ms
[37.760s][info][gc,phases,start] GC(47) Summary Phase
[37.760s][info][gc,phases      ] GC(47) Summary Phase 0.021ms
[37.760s][info][gc,phases,start] GC(47) Forward
[37.778s][info][gc,phases      ] GC(47) Forward 17.517ms
[37.778s][info][gc,phases,start] GC(47) Adjust Pointers
[37.945s][info][gc,phases      ] GC(47) Adjust Pointers 167.056ms
[37.945s][info][gc,phases,start] GC(47) Compaction Phase
[38.026s][info][gc,phases      ] GC(47) Compaction Phase 81.039ms
[38.026s][info][gc,phases,start] GC(47) Post Compact
[38.028s][info][gc,phases      ] GC(47) Post Compact 2.200ms
[38.028s][info][gc,heap        ] GC(47) PSYoungGen: 111616K(222720K)->111588K(222720K) Eden: 111616K(111616K)->111588K(111616K) From: 0K(111104K)->0K(111104K)
[38.028s][info][gc,heap        ] GC(47) ParOldGen: 667632K(667648K)->667632K(667648K)
[38.028s][info][gc,metaspace   ] GC(47) Metaspace: 16854K(17088K)->16854K(17088K) NonClass: 15519K(15680K)->15519K(15680K) Class: 1335K(1408K)->1335K(1408K)
[38.028s][info][gc             ] GC(47) Pause Full (Allocation Failure) 760M->760M(869M) 578.337ms
[38.028s][info][gc,cpu         ] GC(47) User=1.14s Sys=0.00s Real=0.58s
[38.029s][info][gc,start       ] GC(48) Pause Full (Allocation Failure)
[38.029s][info][gc,phases,start] GC(48) Marking Phase
[38.334s][info][gc,phases      ] GC(48) Marking Phase 304.639ms
[38.334s][info][gc,phases,start] GC(48) Summary Phase
[38.334s][info][gc,phases      ] GC(48) Summary Phase 0.020ms
[38.334s][info][gc,phases,start] GC(48) Forward
[38.352s][info][gc,phases      ] GC(48) Forward 18.567ms
[38.352s][info][gc,phases,start] GC(48) Adjust Pointers
[38.518s][info][gc,phases      ] GC(48) Adjust Pointers 165.841ms
[38.518s][info][gc,phases,start] GC(48) Compaction Phase
[38.599s][info][gc,phases      ] GC(48) Compaction Phase 80.921ms
[38.599s][info][gc,phases,start] GC(48) Post Compact
[38.602s][info][gc,phases      ] GC(48) Post Compact 2.219ms
[38.602s][info][gc,heap        ] GC(48) PSYoungGen: 111616K(222720K)->111593K(222720K) Eden: 111616K(111616K)->111593K(111616K) From: 0K(111104K)->0K(111104K)
[38.602s][info][gc,heap        ] GC(48) ParOldGen: 667632K(667648K)->667632K(667648K)
[38.602s][info][gc,metaspace   ] GC(48) Metaspace: 16854K(17088K)->16854K(17088K) NonClass: 15519K(15680K)->15519K(15680K) Class: 1335K(1408K)->1335K(1408K)
[38.602s][info][gc             ] GC(48) Pause Full (Allocation Failure) 760M->760M(869M) 572.548ms
[38.602s][info][gc,cpu         ] GC(48) User=1.12s Sys=0.01s Real=0.57s
[38.603s][info][gc,start       ] GC(49) Pause Full (Allocation Failure)
[38.603s][info][gc,phases,start] GC(49) Marking Phase
[38.908s][info][gc,phases      ] GC(49) Marking Phase 304.996ms
[38.908s][info][gc,phases,start] GC(49) Summary Phase
[38.908s][info][gc,phases      ] GC(49) Summary Phase 0.020ms
[38.908s][info][gc,phases,start] GC(49) Forward
[38.926s][info][gc,phases      ] GC(49) Forward 17.838ms
[38.926s][info][gc,phases,start] GC(49) Adjust Pointers
[39.091s][info][gc,phases      ] GC(49) Adjust Pointers 165.460ms
[39.091s][info][gc,phases,start] GC(49) Compaction Phase
[39.172s][info][gc,phases      ] GC(49) Compaction Phase 80.383ms
[39.172s][info][gc,phases,start] GC(49) Post Compact
[39.174s][info][gc,phases      ] GC(49) Post Compact 2.205ms
[39.174s][info][gc,heap        ] GC(49) PSYoungGen: 111615K(222720K)->111597K(222720K) Eden: 111615K(111616K)->111597K(111616K) From: 0K(111104K)->0K(111104K)
[39.174s][info][gc,heap        ] GC(49) ParOldGen: 667632K(667648K)->667632K(667648K)
[39.174s][info][gc,metaspace   ] GC(49) Metaspace: 16854K(17088K)->16854K(17088K) NonClass: 15519K(15680K)->15519K(15680K) Class: 1335K(1408K)->1335K(1408K)
[39.174s][info][gc             ] GC(49) Pause Full (Allocation Failure) 760M->760M(869M) 571.228ms
[39.174s][info][gc,cpu         ] GC(49) User=1.12s Sys=0.00s Real=0.58s
[39.175s][info][gc,start       ] GC(50) Pause Full (Allocation Failure)
[39.175s][info][gc,phases,start] GC(50) Marking Phase
[39.477s][info][gc,phases      ] GC(50) Marking Phase 302.250ms
[39.477s][info][gc,phases,start] GC(50) Summary Phase
[39.477s][info][gc,phases      ] GC(50) Summary Phase 0.021ms
[39.477s][info][gc,phases,start] GC(50) Forward
[39.495s][info][gc,phases      ] GC(50) Forward 17.825ms
[39.495s][info][gc,phases,start] GC(50) Adjust Pointers
[39.661s][info][gc,phases      ] GC(50) Adjust Pointers 165.994ms
[39.661s][info][gc,phases,start] GC(50) Compaction Phase
[39.743s][info][gc,phases      ] GC(50) Compaction Phase 82.075ms
[39.743s][info][gc,phases,start] GC(50) Post Compact
[39.746s][info][gc,phases      ] GC(50) Post Compact 2.251ms
[39.746s][info][gc,heap        ] GC(50) PSYoungGen: 111615K(222720K)->111599K(222720K) Eden: 111615K(111616K)->111599K(111616K) From: 0K(111104K)->0K(111104K)
[39.746s][info][gc,heap        ] GC(50) ParOldGen: 667632K(667648K)->667632K(667648K)
[39.746s][info][gc,metaspace   ] GC(50) Metaspace: 16854K(17088K)->16854K(17088K) NonClass: 15519K(15680K)->15519K(15680K) Class: 1335K(1408K)->1335K(1408K)
[39.746s][info][gc             ] GC(50) Pause Full (Allocation Failure) 760M->760M(869M) 570.747ms
[39.746s][info][gc,cpu         ] GC(50) User=1.12s Sys=0.00s Real=0.57s
[39.747s][info][gc,start       ] GC(51) Pause Full (Allocation Failure)
[39.747s][info][gc,phases,start] GC(51) Marking Phase
[40.061s][info][gc,phases      ] GC(51) Marking Phase 314.576ms
[40.061s][info][gc,phases,start] GC(51) Summary Phase
[40.061s][info][gc,phases      ] GC(51) Summary Phase 0.021ms
[40.061s][info][gc,phases,start] GC(51) Forward
[40.082s][info][gc,phases      ] GC(51) Forward 20.640ms
[40.082s][info][gc,phases,start] GC(51) Adjust Pointers
[40.255s][info][gc,phases      ] GC(51) Adjust Pointers 173.104ms
[40.255s][info][gc,phases,start] GC(51) Compaction Phase
[40.340s][info][gc,phases      ] GC(51) Compaction Phase 84.335ms
[40.340s][info][gc,phases,start] GC(51) Post Compact
[40.342s][info][gc,phases      ] GC(51) Post Compact 2.218ms
[40.342s][info][gc,heap        ] GC(51) PSYoungGen: 111616K(222720K)->111602K(222720K) Eden: 111616K(111616K)->111602K(111616K) From: 0K(111104K)->0K(111104K)
[40.342s][info][gc,heap        ] GC(51) ParOldGen: 667632K(667648K)->667632K(667648K)
[40.342s][info][gc,metaspace   ] GC(51) Metaspace: 16854K(17088K)->16854K(17088K) NonClass: 15519K(15680K)->15519K(15680K) Class: 1335K(1408K)->1335K(1408K)
[40.342s][info][gc             ] GC(51) Pause Full (Allocation Failure) 760M->760M(869M) 595.214ms
[40.342s][info][gc,cpu         ] GC(51) User=1.16s Sys=0.00s Real=0.59s
[40.343s][info][gc,start       ] GC(52) Pause Full (Allocation Failure)
[40.343s][info][gc,phases,start] GC(52) Marking Phase
[40.659s][info][gc,phases      ] GC(52) Marking Phase 316.005ms
[40.659s][info][gc,phases,start] GC(52) Summary Phase
[40.659s][info][gc,phases      ] GC(52) Summary Phase 0.021ms
[40.659s][info][gc,phases,start] GC(52) Forward
[40.677s][info][gc,phases      ] GC(52) Forward 18.251ms
[40.677s][info][gc,phases,start] GC(52) Adjust Pointers
[40.848s][info][gc,phases      ] GC(52) Adjust Pointers 170.614ms
[40.848s][info][gc,phases,start] GC(52) Compaction Phase
[40.931s][info][gc,phases      ] GC(52) Compaction Phase 83.448ms
[40.931s][info][gc,phases,start] GC(52) Post Compact
[40.934s][info][gc,phases      ] GC(52) Post Compact 2.211ms
[40.934s][info][gc,heap        ] GC(52) PSYoungGen: 111616K(222720K)->111604K(222720K) Eden: 111616K(111616K)->111604K(111616K) From: 0K(111104K)->0K(111104K)
[40.934s][info][gc,heap        ] GC(52) ParOldGen: 667632K(667648K)->667632K(667648K)
[40.934s][info][gc,metaspace   ] GC(52) Metaspace: 16854K(17088K)->16854K(17088K) NonClass: 15519K(15680K)->15519K(15680K) Class: 1335K(1408K)->1335K(1408K)
[40.934s][info][gc             ] GC(52) Pause Full (Allocation Failure) 760M->760M(869M) 590.925ms
[40.934s][info][gc,cpu         ] GC(52) User=1.16s Sys=0.00s Real=0.59s
[40.934s][info][gc,start       ] GC(53) Pause Full (Allocation Failure)
[40.935s][info][gc,phases,start] GC(53) Marking Phase
[41.250s][info][gc,phases      ] GC(53) Marking Phase 315.215ms
[41.250s][info][gc,phases,start] GC(53) Summary Phase
[41.250s][info][gc,phases      ] GC(53) Summary Phase 0.021ms
[41.250s][info][gc,phases,start] GC(53) Forward
[41.270s][info][gc,phases      ] GC(53) Forward 20.190ms
[41.270s][info][gc,phases,start] GC(53) Adjust Pointers
[41.441s][info][gc,phases      ] GC(53) Adjust Pointers 171.074ms
[41.441s][info][gc,phases,start] GC(53) Compaction Phase
[41.525s][info][gc,phases      ] GC(53) Compaction Phase 83.539ms
[41.525s][info][gc,phases,start] GC(53) Post Compact
[41.527s][info][gc,phases      ] GC(53) Post Compact 2.207ms
[41.527s][info][gc,heap        ] GC(53) PSYoungGen: 111616K(222720K)->111606K(222720K) Eden: 111616K(111616K)->111606K(111616K) From: 0K(111104K)->0K(111104K)
[41.527s][info][gc,heap        ] GC(53) ParOldGen: 667632K(667648K)->667632K(667648K)
[41.527s][info][gc,metaspace   ] GC(53) Metaspace: 16854K(17088K)->16854K(17088K) NonClass: 15519K(15680K)->15519K(15680K) Class: 1335K(1408K)->1335K(1408K)
[41.527s][info][gc             ] GC(53) Pause Full (Allocation Failure) 760M->760M(869M) 592.564ms
[41.527s][info][gc,cpu         ] GC(53) User=1.16s Sys=0.00s Real=0.59s
[41.528s][info][gc,start       ] GC(54) Pause Full (Allocation Failure)
[41.528s][info][gc,phases,start] GC(54) Marking Phase
[41.844s][info][gc,phases      ] GC(54) Marking Phase 316.158ms
[41.844s][info][gc,phases,start] GC(54) Summary Phase
[41.844s][info][gc,phases      ] GC(54) Summary Phase 0.020ms
[41.844s][info][gc,phases,start] GC(54) Forward
[41.862s][info][gc,phases      ] GC(54) Forward 18.101ms
[41.862s][info][gc,phases,start] GC(54) Adjust Pointers
[42.033s][info][gc,phases      ] GC(54) Adjust Pointers 171.395ms
[42.033s][info][gc,phases,start] GC(54) Compaction Phase
[42.117s][info][gc,phases      ] GC(54) Compaction Phase 83.258ms
[42.117s][info][gc,phases,start] GC(54) Post Compact
[42.119s][info][gc,phases      ] GC(54) Post Compact 2.213ms
[42.119s][info][gc,heap        ] GC(54) PSYoungGen: 111615K(222720K)->111608K(222720K) Eden: 111615K(111616K)->111608K(111616K) From: 0K(111104K)->0K(111104K)
[42.119s][info][gc,heap        ] GC(54) ParOldGen: 667632K(667648K)->667632K(667648K)
[42.119s][info][gc,metaspace   ] GC(54) Metaspace: 16854K(17088K)->16854K(17088K) NonClass: 15519K(15680K)->15519K(15680K) Class: 1335K(1408K)->1335K(1408K)
[42.119s][info][gc             ] GC(54) Pause Full (Allocation Failure) 760M->760M(869M) 591.459ms
[42.119s][info][gc,cpu         ] GC(54) User=1.16s Sys=0.00s Real=0.59s
[42.120s][info][gc,start       ] GC(55) Pause Full (Allocation Failure)
[42.120s][info][gc,phases,start] GC(55) Marking Phase
[42.435s][info][gc,phases      ] GC(55) Marking Phase 314.714ms
[42.435s][info][gc,phases,start] GC(55) Summary Phase
[42.435s][info][gc,phases      ] GC(55) Summary Phase 0.020ms
[42.435s][info][gc,phases,start] GC(55) Forward
[42.453s][info][gc,phases      ] GC(55) Forward 17.981ms
[42.453s][info][gc,phases,start] GC(55) Adjust Pointers
[42.625s][info][gc,phases      ] GC(55) Adjust Pointers 172.246ms
[42.625s][info][gc,phases,start] GC(55) Compaction Phase
[42.708s][info][gc,phases      ] GC(55) Compaction Phase 83.255ms
[42.708s][info][gc,phases,start] GC(55) Post Compact
[42.711s][info][gc,phases      ] GC(55) Post Compact 2.253ms
[42.711s][info][gc,heap        ] GC(55) PSYoungGen: 111616K(222720K)->111609K(222720K) Eden: 111616K(111616K)->111609K(111616K) From: 0K(111104K)->0K(111104K)
[42.711s][info][gc,heap        ] GC(55) ParOldGen: 667632K(667648K)->667632K(667648K)
[42.711s][info][gc,metaspace   ] GC(55) Metaspace: 16854K(17088K)->16854K(17088K) NonClass: 15519K(15680K)->15519K(15680K) Class: 1335K(1408K)->1335K(1408K)
[42.711s][info][gc             ] GC(55) Pause Full (Allocation Failure) 760M->760M(869M) 590.818ms
[42.711s][info][gc,cpu         ] GC(55) User=1.16s Sys=0.00s Real=0.59s
[42.711s][info][gc,start       ] GC(56) Pause Full (Allocation Failure)
[42.711s][info][gc,phases,start] GC(56) Marking Phase
[43.025s][info][gc,phases      ] GC(56) Marking Phase 313.712ms
[43.025s][info][gc,phases,start] GC(56) Summary Phase
[43.025s][info][gc,phases      ] GC(56) Summary Phase 0.024ms
[43.025s][info][gc,phases,start] GC(56) Forward
[43.102s][info][gc,phases      ] GC(56) Forward 77.108ms
[43.102s][info][gc,phases,start] GC(56) Adjust Pointers
[43.297s][info][gc,phases      ] GC(56) Adjust Pointers 194.285ms
[43.297s][info][gc,phases,start] GC(56) Compaction Phase
[43.428s][info][gc,phases      ] GC(56) Compaction Phase 130.744ms
[43.428s][info][gc,phases,start] GC(56) Post Compact
[43.430s][info][metaspace      ] ChkMgr @0x00007fd1c403aa80 (non-class-space): : reclaiming memory...
[43.430s][info][metaspace      ] ChkMgr @0x00007fd1c403aa80 (non-class-space): nothing reclaimed.
[43.430s][info][metaspace      ] ChkMgr @0x00007fd1c403a890 (class-space): : reclaiming memory...
[43.430s][info][metaspace      ] ChkMgr @0x00007fd1c403a890 (class-space): nothing reclaimed.
[43.430s][info][gc,phases      ] GC(56) Post Compact 2.411ms
[43.430s][info][gc,heap        ] GC(56) PSYoungGen: 111615K(222720K)->69114K(222720K) Eden: 111615K(111616K)->69114K(111616K) From: 0K(111104K)->0K(111104K)
[43.430s][info][gc,heap        ] GC(56) ParOldGen: 667632K(667648K)->667516K(667648K)
[43.430s][info][gc,metaspace   ] GC(56) Metaspace: 16854K(17088K)->16754K(17088K) NonClass: 15519K(15680K)->15419K(15680K) Class: 1335K(1408K)->1335K(1408K)
[43.430s][info][gc             ] GC(56) Pause Full (Allocation Failure) 760M->719M(869M) 718.957ms
[43.430s][info][gc,cpu         ] GC(56) User=1.40s Sys=0.00s Real=0.72s
[43.482s][info][gc,start       ] GC(57) Pause Full (Allocation Failure)
[43.482s][info][gc,phases,start] GC(57) Marking Phase
[43.665s][info][gc,phases      ] GC(57) Marking Phase 183.309ms
[43.665s][info][gc,phases,start] GC(57) Summary Phase
[43.665s][info][gc,phases      ] GC(57) Summary Phase 0.022ms
[43.665s][info][gc,phases,start] GC(57) Forward
[43.733s][info][gc,phases      ] GC(57) Forward 68.178ms
[43.733s][info][gc,phases,start] GC(57) Adjust Pointers
[43.842s][info][gc,phases      ] GC(57) Adjust Pointers 109.033ms
[43.842s][info][gc,phases,start] GC(57) Compaction Phase
[43.920s][info][gc,phases      ] GC(57) Compaction Phase 77.486ms
[43.920s][info][gc,phases,start] GC(57) Post Compact
[43.922s][info][gc,phases      ] GC(57) Post Compact 2.140ms
[43.935s][info][gc,heap        ] GC(57) PSYoungGen: 111615K(222720K)->0K(222720K) Eden: 111615K(111616K)->0K(111616K) From: 0K(111104K)->0K(111104K)
[43.935s][info][gc,heap        ] GC(57) ParOldGen: 667516K(667648K)->284274K(494080K)
[43.935s][info][gc,metaspace   ] GC(57) Metaspace: 16758K(17088K)->16758K(17088K) NonClass: 15423K(15680K)->15423K(15680K) Class: 1335K(1408K)->1335K(1408K)
[43.935s][info][gc             ] GC(57) Pause Full (Allocation Failure) 760M->277M(700M) 453.099ms
[43.935s][info][gc,cpu         ] GC(57) User=0.82s Sys=0.02s Real=0.46s
[44.064s][info][gc,start       ] GC(58) Pause Young (Allocation Failure)
[44.089s][info][gc,heap        ] GC(58) PSYoungGen: 111616K(222720K)->24144K(222720K) Eden: 111616K(111616K)->0K(111616K) From: 0K(111104K)->24144K(111104K)
[44.089s][info][gc,heap        ] GC(58) ParOldGen: 284274K(494080K)->284274K(494080K)
[44.089s][info][gc,metaspace   ] GC(58) Metaspace: 16758K(17088K)->16758K(17088K) NonClass: 15423K(15680K)->15423K(15680K) Class: 1335K(1408K)->1335K(1408K)
[44.089s][info][gc             ] GC(58) Pause Young (Allocation Failure) 386M->301M(700M) 25.004ms
[44.089s][info][gc,cpu         ] GC(58) User=0.05s Sys=0.00s Real=0.02s
[44.256s][info][gc,start       ] GC(59) Pause Young (Allocation Failure)
[44.302s][info][gc,heap        ] GC(59) PSYoungGen: 135760K(222720K)->30896K(222720K) Eden: 111616K(111616K)->0K(111616K) From: 24144K(111104K)->30896K(111104K)
[44.302s][info][gc,heap        ] GC(59) ParOldGen: 284274K(494080K)->308482K(494080K)
[44.302s][info][gc,metaspace   ] GC(59) Metaspace: 16765K(17088K)->16765K(17088K) NonClass: 15430K(15680K)->15430K(15680K) Class: 1335K(1408K)->1335K(1408K)
[44.302s][info][gc             ] GC(59) Pause Young (Allocation Failure) 410M->331M(700M) 46.401ms
[44.302s][info][gc,cpu         ] GC(59) User=0.10s Sys=0.00s Real=0.04s
[44.564s][info][gc,start       ] GC(60) Pause Young (Allocation Failure)
[44.603s][info][gc,heap        ] GC(60) PSYoungGen: 142512K(222720K)->23824K(222720K) Eden: 111616K(111616K)->0K(111616K) From: 30896K(111104K)->23824K(111104K)
[44.603s][info][gc,heap        ] GC(60) ParOldGen: 308482K(494080K)->339975K(494080K)
[44.603s][info][gc,metaspace   ] GC(60) Metaspace: 16798K(17088K)->16798K(17088K) NonClass: 15462K(15680K)->15462K(15680K) Class: 1335K(1408K)->1335K(1408K)
[44.603s][info][gc             ] GC(60) Pause Young (Allocation Failure) 440M->355M(700M) 39.365ms
[44.603s][info][gc,cpu         ] GC(60) User=0.08s Sys=0.00s Real=0.03s
[44.864s][info][gc,start       ] GC(61) Pause Young (Allocation Failure)
[44.896s][info][gc,heap        ] GC(61) PSYoungGen: 135440K(222720K)->1120K(222720K) Eden: 111616K(111616K)->0K(111616K) From: 23824K(111104K)->1120K(111104K)
[44.896s][info][gc,heap        ] GC(61) ParOldGen: 339975K(494080K)->364476K(494080K)
[44.896s][info][gc,metaspace   ] GC(61) Metaspace: 16798K(17088K)->16798K(17088K) NonClass: 15462K(15680K)->15462K(15680K) Class: 1335K(1408K)->1335K(1408K)
[44.896s][info][gc             ] GC(61) Pause Young (Allocation Failure) 464M->357M(700M) 31.726ms
[44.896s][info][gc,cpu         ] GC(61) User=0.07s Sys=0.00s Real=0.03s
[45.099s][info][gc,start       ] GC(62) Pause Young (Allocation Failure)
[45.118s][info][gc,heap        ] GC(62) PSYoungGen: 112736K(222720K)->1120K(222720K) Eden: 111616K(111616K)->0K(111616K) From: 1120K(111104K)->1120K(111104K)
[45.118s][info][gc,heap        ] GC(62) ParOldGen: 364476K(494080K)->365572K(494080K)
[45.118s][info][gc,metaspace   ] GC(62) Metaspace: 16798K(17088K)->16798K(17088K) NonClass: 15462K(15680K)->15462K(15680K) Class: 1335K(1408K)->1335K(1408K)
[45.118s][info][gc             ] GC(62) Pause Young (Allocation Failure) 466M->358M(700M) 19.626ms
[45.118s][info][gc,cpu         ] GC(62) User=0.04s Sys=0.00s Real=0.02s
[46.034s][info][gc,start       ] GC(63) Pause Young (Allocation Failure)
[46.138s][info][gc,heap        ] GC(63) PSYoungGen: 112736K(222720K)->69680K(222720K) Eden: 111616K(111616K)->0K(111616K) From: 1120K(111104K)->69680K(111104K)
[46.138s][info][gc,heap        ] GC(63) ParOldGen: 365572K(494080K)->366660K(494080K)
[46.138s][info][gc,metaspace   ] GC(63) Metaspace: 17015K(17280K)->17015K(17280K) NonClass: 15648K(15808K)->15648K(15808K) Class: 1367K(1472K)->1367K(1472K)
[46.138s][info][gc             ] GC(63) Pause Young (Allocation Failure) 467M->426M(700M) 103.231ms
[46.138s][info][gc,cpu         ] GC(63) User=0.20s Sys=0.00s Real=0.10s
[46.457s][info][gc,start       ] GC(64) Pause Young (Allocation Failure)
[46.570s][info][gc,heap        ] GC(64) PSYoungGen: 181296K(222720K)->56000K(222720K) Eden: 111616K(111616K)->0K(111616K) From: 69680K(111104K)->56000K(111104K)
[46.570s][info][gc,heap        ] GC(64) ParOldGen: 366660K(494080K)->436591K(494080K)
[46.570s][info][gc,metaspace   ] GC(64) Metaspace: 17042K(17344K)->17042K(17344K) NonClass: 15675K(15872K)->15675K(15872K) Class: 1367K(1472K)->1367K(1472K)
[46.570s][info][gc             ] GC(64) Pause Young (Allocation Failure) 535M->481M(700M) 112.968ms
[46.570s][info][gc,cpu         ] GC(64) User=0.22s Sys=0.01s Real=0.11s
[46.921s][info][gc,start       ] GC(65) Pause Young (Allocation Failure)
[46.985s][info][gc,heap        ] GC(65) PSYoungGen: 167616K(222720K)->51208K(222720K) Eden: 111616K(111616K)->0K(111616K) From: 56000K(111104K)->51208K(111104K)
[46.985s][info][gc,heap        ] GC(65) ParOldGen: 436591K(494080K)->492855K(494080K)
[46.985s][info][gc,metaspace   ] GC(65) Metaspace: 17195K(17408K)->17195K(17408K) NonClass: 15822K(15936K)->15822K(15936K) Class: 1373K(1472K)->1373K(1472K)
[46.985s][info][gc             ] GC(65) Pause Young (Allocation Failure) 590M->531M(700M) 64.410ms
[46.985s][info][gc,cpu         ] GC(65) User=0.13s Sys=0.00s Real=0.07s
[48.694s][info][gc,start       ] GC(66) Pause Young (Allocation Failure)
[48.733s][info][gc,heap        ] GC(66) PSYoungGen: 162824K(222720K)->28357K(222720K) Eden: 111616K(111616K)->0K(111616K) From: 51208K(111104K)->28357K(111104K)
[48.733s][info][gc,heap        ] GC(66) ParOldGen: 492855K(494080K)->516921K(517120K)
[48.733s][info][gc,metaspace   ] GC(66) Metaspace: 17265K(17536K)->17265K(17536K) NonClass: 15890K(16064K)->15890K(16064K) Class: 1374K(1472K)->1374K(1472K)
[48.733s][info][gc             ] GC(66) Pause Young (Allocation Failure) 640M->532M(722M) 38.939ms
[48.733s][info][gc,cpu         ] GC(66) User=0.05s Sys=0.03s Real=0.03s
[50.641s][info][gc,start       ] GC(67) Pause Young (Allocation Failure)
[50.674s][info][gc,heap        ] GC(67) PSYoungGen: 137012K(222720K)->40701K(222720K) Eden: 108654K(111616K)->0K(111616K) From: 28357K(111104K)->40701K(111104K)
[50.674s][info][gc,heap        ] GC(67) ParOldGen: 516921K(517120K)->544638K(545280K)
[50.674s][info][gc,metaspace   ] GC(67) Metaspace: 17278K(17536K)->17278K(17536K) NonClass: 15903K(16064K)->15903K(16064K) Class: 1375K(1472K)->1375K(1472K)
[50.674s][info][gc             ] GC(67) Pause Young (Allocation Failure) 638M->571M(750M) 33.143ms
[50.674s][info][gc,cpu         ] GC(67) User=0.04s Sys=0.02s Real=0.04s
[51.149s][info][gc,start       ] GC(68) Pause Young (Allocation Failure)
[51.190s][info][gc,heap        ] GC(68) PSYoungGen: 144113K(222720K)->86550K(222720K) Eden: 103411K(111616K)->0K(111616K) From: 40701K(111104K)->86550K(111104K)
[51.190s][info][gc,heap        ] GC(68) ParOldGen: 544638K(545280K)->581469K(581632K)
[51.190s][info][gc,metaspace   ] GC(68) Metaspace: 17286K(17536K)->17286K(17536K) NonClass: 15911K(16064K)->15911K(16064K) Class: 1375K(1472K)->1375K(1472K)
[51.190s][info][gc             ] GC(68) Pause Young (Allocation Failure) 672M->652M(785M) 41.596ms
[51.190s][info][gc,cpu         ] GC(68) User=0.06s Sys=0.02s Real=0.04s
[51.965s][info][gc,start       ] GC(69) Pause Full (Allocation Failure)
[51.965s][info][gc,phases,start] GC(69) Marking Phase
[52.246s][info][gc,phases      ] GC(69) Marking Phase 280.664ms
[52.246s][info][gc,phases,start] GC(69) Summary Phase
[52.246s][info][gc,phases      ] GC(69) Summary Phase 0.032ms
[52.246s][info][gc,phases,start] GC(69) Forward
[52.334s][info][gc,phases      ] GC(69) Forward 88.356ms
[52.334s][info][gc,phases,start] GC(69) Adjust Pointers
[52.517s][info][gc,phases      ] GC(69) Adjust Pointers 183.020ms
[52.518s][info][gc,phases,start] GC(69) Compaction Phase
[52.654s][info][gc,phases      ] GC(69) Compaction Phase 136.121ms
[52.654s][info][gc,phases,start] GC(69) Post Compact
[52.656s][info][gc,phases      ] GC(69) Post Compact 2.407ms
[52.656s][info][gc,heap        ] GC(69) PSYoungGen: 193432K(222720K)->15625K(222720K) Eden: 106882K(111616K)->0K(111616K) From: 86550K(111104K)->15625K(111104K)
[52.657s][info][gc,heap        ] GC(69) ParOldGen: 581469K(581632K)->569768K(667648K)
[52.657s][info][gc,metaspace   ] GC(69) Metaspace: 17303K(17536K)->17303K(17536K) NonClass: 15928K(16064K)->15928K(16064K) Class: 1375K(1472K)->1375K(1472K)
[52.657s][info][gc             ] GC(69) Pause Full (Allocation Failure) 756M->571M(869M) 691.345ms
[52.657s][info][gc,cpu         ] GC(69) User=1.33s Sys=0.00s Real=0.69s
[53.077s][info][gc,start       ] GC(70) Pause Full (Allocation Failure)
[53.077s][info][gc,phases,start] GC(70) Marking Phase
[53.091s][info][gc,phases      ] GC(70) Marking Phase 14.015ms
[53.091s][info][gc,phases,start] GC(70) Summary Phase
[53.091s][info][gc,phases      ] GC(70) Summary Phase 0.024ms
[53.091s][info][gc,phases,start] GC(70) Forward
[53.092s][info][gc,phases      ] GC(70) Forward 1.177ms
[53.092s][info][gc,phases,start] GC(70) Adjust Pointers
[53.099s][info][gc,phases      ] GC(70) Adjust Pointers 6.846ms
[53.099s][info][gc,phases,start] GC(70) Compaction Phase
[53.116s][info][gc,phases      ] GC(70) Compaction Phase 16.814ms
[53.116s][info][gc,phases,start] GC(70) Post Compact
[53.118s][info][gc,phases      ] GC(70) Post Compact 2.153ms
[53.134s][info][gc,heap        ] GC(70) PSYoungGen: 125260K(222720K)->0K(222720K) Eden: 109634K(111616K)->0K(111616K) From: 15625K(111104K)->0K(111104K)
[53.134s][info][gc,heap        ] GC(70) ParOldGen: 569768K(667648K)->164938K(359424K)
[53.134s][info][gc,metaspace   ] GC(70) Metaspace: 17303K(17536K)->17303K(17536K) NonClass: 15928K(16064K)->15928K(16064K) Class: 1375K(1472K)->1375K(1472K)
[53.134s][info][gc             ] GC(70) Pause Full (Allocation Failure) 678M->161M(568M) 57.682ms
[53.134s][info][gc,cpu         ] GC(70) User=0.07s Sys=0.02s Real=0.06s
[53.677s][info][gc,start       ] GC(71) Pause Young (Allocation Failure)
[53.683s][info][gc,heap        ] GC(71) PSYoungGen: 106271K(222720K)->46325K(222720K) Eden: 106271K(111616K)->0K(111616K) From: 0K(111104K)->46325K(111104K)
[53.683s][info][gc,heap        ] GC(71) ParOldGen: 164938K(359424K)->164938K(359424K)
[53.683s][info][gc,metaspace   ] GC(71) Metaspace: 17303K(17536K)->17303K(17536K) NonClass: 15928K(16064K)->15928K(16064K) Class: 1375K(1472K)->1375K(1472K)
[53.683s][info][gc             ] GC(71) Pause Young (Allocation Failure) 264M->206M(568M) 6.104ms
[53.683s][info][gc,cpu         ] GC(71) User=0.02s Sys=0.00s Real=0.00s
[53.863s][info][gc,start       ] GC(72) Pause Young (Allocation Failure)
[53.883s][info][gc,heap        ] GC(72) PSYoungGen: 157926K(222720K)->42271K(222720K) Eden: 111601K(111616K)->0K(111616K) From: 46325K(111104K)->42271K(111104K)
[53.883s][info][gc,heap        ] GC(72) ParOldGen: 164938K(359424K)->196603K(359424K)
[53.883s][info][gc,metaspace   ] GC(72) Metaspace: 17303K(17536K)->17303K(17536K) NonClass: 15928K(16064K)->15928K(16064K) Class: 1375K(1472K)->1375K(1472K)
[53.883s][info][gc             ] GC(72) Pause Young (Allocation Failure) 315M->233M(568M) 19.803ms
[53.883s][info][gc,cpu         ] GC(72) User=0.04s Sys=0.00s Real=0.02s
[53.962s][info][gc,start       ] GC(73) Pause Young (Allocation Failure)
[53.999s][info][gc,heap        ] GC(73) PSYoungGen: 153887K(222720K)->57536K(222720K) Eden: 111616K(111616K)->0K(111616K) From: 42271K(111104K)->57536K(111104K)
[53.999s][info][gc,heap        ] GC(73) ParOldGen: 196603K(359424K)->238316K(359424K)
[53.999s][info][gc,metaspace   ] GC(73) Metaspace: 17303K(17536K)->17303K(17536K) NonClass: 15928K(16064K)->15928K(16064K) Class: 1375K(1472K)->1375K(1472K)
[53.999s][info][gc             ] GC(73) Pause Young (Allocation Failure) 342M->288M(568M) 37.700ms
[53.999s][info][gc,cpu         ] GC(73) User=0.07s Sys=0.00s Real=0.04s
[54.077s][info][gc,start       ] GC(74) Pause Young (Allocation Failure)
[54.121s][info][gc,heap        ] GC(74) PSYoungGen: 169152K(222720K)->55483K(222720K) Eden: 111616K(111616K)->0K(111616K) From: 57536K(111104K)->55483K(111104K)
[54.121s][info][gc,heap        ] GC(74) ParOldGen: 238316K(359424K)->295836K(359424K)
[54.121s][info][gc,metaspace   ] GC(74) Metaspace: 17303K(17536K)->17303K(17536K) NonClass: 15928K(16064K)->15928K(16064K) Class: 1375K(1472K)->1375K(1472K)
[54.121s][info][gc             ] GC(74) Pause Young (Allocation Failure) 397M->343M(568M) 43.856ms
[54.121s][info][gc,cpu         ] GC(74) User=0.09s Sys=0.00s Real=0.04s
[54.187s][info][gc,start       ] GC(75) Pause Young (Allocation Failure)
[54.227s][info][gc,heap        ] GC(75) PSYoungGen: 148433K(222720K)->100045K(222720K) Eden: 92950K(111616K)->0K(111616K) From: 55483K(111104K)->100045K(111104K)
[54.227s][info][gc,heap        ] GC(75) ParOldGen: 295836K(359424K)->295836K(359424K)
[54.227s][info][gc,metaspace   ] GC(75) Metaspace: 17303K(17536K)->17303K(17536K) NonClass: 15928K(16064K)->15928K(16064K) Class: 1375K(1472K)->1375K(1472K)
[54.227s][info][gc             ] GC(75) Pause Young (Allocation Failure) 433M->386M(568M) 40.015ms
[54.227s][info][gc,cpu         ] GC(75) User=0.08s Sys=0.00s Real=0.04s
[54.482s][info][gc,start       ] GC(76) Pause Young (Allocation Failure)
[54.551s][info][gc,heap        ] GC(76) PSYoungGen: 191919K(222720K)->91347K(222720K) Eden: 91874K(111616K)->0K(111616K) From: 100045K(111104K)->91347K(111104K)
[54.551s][info][gc,heap        ] GC(76) ParOldGen: 295836K(359424K)->396188K(396288K)
[54.551s][info][gc,metaspace   ] GC(76) Metaspace: 17303K(17536K)->17303K(17536K) NonClass: 15928K(16064K)->15928K(16064K) Class: 1375K(1472K)->1375K(1472K)
[54.551s][info][gc             ] GC(76) Pause Young (Allocation Failure) 476M->476M(604M) 68.674ms
[54.551s][info][gc,cpu         ] GC(76) User=0.10s Sys=0.03s Real=0.07s
[56.101s][info][gc,start       ] GC(77) Pause Young (Allocation Failure)
[56.171s][info][gc,heap        ] GC(77) PSYoungGen: 202963K(222720K)->51325K(222720K) Eden: 111616K(111616K)->0K(111616K) From: 91347K(111104K)->51325K(111104K)
[56.171s][info][gc,heap        ] GC(77) ParOldGen: 396188K(396288K)->457082K(457728K)
[56.171s][info][gc,metaspace   ] GC(77) Metaspace: 17413K(17664K)->17413K(17664K) NonClass: 16025K(16192K)->16025K(16192K) Class: 1387K(1472K)->1387K(1472K)
[56.171s][info][gc             ] GC(77) Pause Young (Allocation Failure) 585M->496M(664M) 70.481ms
[56.171s][info][gc,cpu         ] GC(77) User=0.10s Sys=0.04s Real=0.07s
[56.493s][info][gc,start       ] GC(78) Pause Young (Allocation Failure)
[56.591s][info][gc,heap        ] GC(78) PSYoungGen: 162941K(222720K)->56929K(222720K) Eden: 111616K(111616K)->0K(111616K) From: 51325K(111104K)->56929K(111104K)
[56.591s][info][gc,heap        ] GC(78) ParOldGen: 457082K(457728K)->508578K(508928K)
[56.591s][info][gc,metaspace   ] GC(78) Metaspace: 17450K(17664K)->17450K(17664K) NonClass: 16063K(16192K)->16063K(16192K) Class: 1387K(1472K)->1387K(1472K)
[56.591s][info][gc             ] GC(78) Pause Young (Allocation Failure) 605M->552M(714M) 97.817ms
[56.591s][info][gc,cpu         ] GC(78) User=0.14s Sys=0.04s Real=0.10s
[57.187s][info][gc,start       ] GC(79) Pause Young (Allocation Failure)
[57.289s][info][gc,heap        ] GC(79) PSYoungGen: 168545K(222720K)->68667K(222720K) Eden: 111616K(111616K)->0K(111616K) From: 56929K(111104K)->68667K(111104K)
[57.289s][info][gc,heap        ] GC(79) ParOldGen: 508578K(508928K)->565646K(565760K)
[57.289s][info][gc,metaspace   ] GC(79) Metaspace: 17588K(17856K)->17588K(17856K) NonClass: 16193K(16384K)->16193K(16384K) Class: 1394K(1472K)->1394K(1472K)
[57.289s][info][gc             ] GC(79) Pause Young (Allocation Failure) 661M->619M(770M) 101.977ms
[57.289s][info][gc,cpu         ] GC(79) User=0.15s Sys=0.04s Real=0.10s
[59.399s][info][gc,start       ] GC(80) Pause Full (Allocation Failure)
[59.399s][info][gc,phases,start] GC(80) Marking Phase
[59.528s][info][gc,phases      ] GC(80) Marking Phase 128.487ms
[59.528s][info][gc,phases,start] GC(80) Summary Phase
[59.528s][info][gc,phases      ] GC(80) Summary Phase 0.028ms
[59.528s][info][gc,phases,start] GC(80) Forward
[59.581s][info][gc,phases      ] GC(80) Forward 52.867ms
[59.581s][info][gc,phases,start] GC(80) Adjust Pointers
[59.665s][info][gc,phases      ] GC(80) Adjust Pointers 84.696ms
[59.665s][info][gc,phases,start] GC(80) Compaction Phase
[59.757s][info][gc,phases      ] GC(80) Compaction Phase 91.914ms
[59.758s][info][gc,phases,start] GC(80) Post Compact
[59.760s][info][gc,phases      ] GC(80) Post Compact 2.116ms
[59.760s][info][gc,heap        ] GC(80) PSYoungGen: 180283K(222720K)->20574K(222720K) Eden: 111616K(111616K)->0K(111616K) From: 68667K(111104K)->20574K(111104K)
[59.760s][info][gc,heap        ] GC(80) ParOldGen: 565646K(565760K)->565758K(667648K)
[59.760s][info][gc,metaspace   ] GC(80) Metaspace: 17596K(17856K)->17596K(17856K) NonClass: 16201K(16384K)->16201K(16384K) Class: 1394K(1472K)->1394K(1472K)
[59.760s][info][gc             ] GC(80) Pause Full (Allocation Failure) 728M->572M(869M) 360.951ms
[59.760s][info][gc,cpu         ] GC(80) User=0.67s Sys=0.00s Real=0.36s
[59.886s][info][gc,start       ] GC(81) Pause Full (Allocation Failure)
[59.886s][info][gc,phases,start] GC(81) Marking Phase
[59.948s][info][gc,phases      ] GC(81) Marking Phase 61.804ms
[59.948s][info][gc,phases,start] GC(81) Summary Phase
[59.948s][info][gc,phases      ] GC(81) Summary Phase 0.024ms
[59.948s][info][gc,phases,start] GC(81) Forward
[59.974s][info][gc,phases      ] GC(81) Forward 25.449ms
[59.974s][info][gc,phases,start] GC(81) Adjust Pointers
[60.012s][info][gc,phases      ] GC(81) Adjust Pointers 38.223ms
[60.012s][info][gc,phases,start] GC(81) Compaction Phase
[60.064s][info][gc,phases      ] GC(81) Compaction Phase 51.728ms
[60.064s][info][gc,phases,start] GC(81) Post Compact
[60.066s][info][gc,phases      ] GC(81) Post Compact 2.057ms
[60.066s][info][gc,heap        ] GC(81) PSYoungGen: 132190K(222720K)->0K(222720K) Eden: 111616K(111616K)->0K(111616K) From: 20574K(111104K)->0K(111104K)
[60.066s][info][gc,heap        ] GC(81) ParOldGen: 565758K(667648K)->371533K(580608K)
[60.066s][info][gc,metaspace   ] GC(81) Metaspace: 17596K(17856K)->17596K(17856K) NonClass: 16201K(16384K)->16201K(16384K) Class: 1394K(1472K)->1394K(1472K)
[60.066s][info][gc             ] GC(81) Pause Full (Allocation Failure) 681M->362M(784M) 179.746ms
[60.066s][info][gc,cpu         ] GC(81) User=0.33s Sys=0.00s Real=0.18s
[60.178s][info][gc,start       ] GC(82) Pause Young (Allocation Failure)
[60.213s][info][gc,heap        ] GC(82) PSYoungGen: 111616K(222720K)->80090K(222720K) Eden: 111616K(111616K)->0K(111616K) From: 0K(111104K)->80090K(111104K)
[60.213s][info][gc,heap        ] GC(82) ParOldGen: 371533K(580608K)->371533K(580608K)
[60.213s][info][gc,metaspace   ] GC(82) Metaspace: 17596K(17856K)->17596K(17856K) NonClass: 16201K(16384K)->16201K(16384K) Class: 1394K(1472K)->1394K(1472K)
[60.213s][info][gc             ] GC(82) Pause Young (Allocation Failure) 471M->441M(784M) 34.226ms
[60.213s][info][gc,cpu         ] GC(82) User=0.07s Sys=0.00s Real=0.03s
[60.330s][info][gc,start       ] GC(83) Pause Young (Allocation Failure)
[60.397s][info][gc,heap        ] GC(83) PSYoungGen: 191706K(222720K)->75008K(222720K) Eden: 111616K(111616K)->0K(111616K) From: 80090K(111104K)->75008K(111104K)
[60.397s][info][gc,heap        ] GC(83) ParOldGen: 371533K(580608K)->451270K(580608K)
[60.397s][info][gc,metaspace   ] GC(83) Metaspace: 17596K(17856K)->17596K(17856K) NonClass: 16201K(16384K)->16201K(16384K) Class: 1394K(1472K)->1394K(1472K)
[60.397s][info][gc             ] GC(83) Pause Young (Allocation Failure) 550M->513M(784M) 66.915ms
[60.397s][info][gc,cpu         ] GC(83) User=0.14s Sys=0.00s Real=0.07s
[60.752s][info][gc,start       ] GC(84) Pause Young (Allocation Failure)
[60.806s][info][gc,heap        ] GC(84) PSYoungGen: 186624K(222720K)->107368K(222720K) Eden: 111616K(111616K)->0K(111616K) From: 75008K(111104K)->107368K(111104K)
[60.806s][info][gc,heap        ] GC(84) ParOldGen: 451270K(580608K)->525160K(580608K)
[60.806s][info][gc,metaspace   ] GC(84) Metaspace: 17602K(17856K)->17602K(17856K) NonClass: 16206K(16384K)->16206K(16384K) Class: 1396K(1472K)->1396K(1472K)
[60.806s][info][gc             ] GC(84) Pause Young (Allocation Failure) 622M->617M(784M) 53.080ms
[60.806s][info][gc,cpu         ] GC(84) User=0.10s Sys=0.00s Real=0.06s
[61.713s][info][gc,start       ] GC(85) Pause Young (Allocation Failure)
[61.775s][info][gc,heap        ] GC(85) PSYoungGen: 215583K(222720K)->91511K(222720K) Eden: 108215K(111616K)->0K(111616K) From: 107368K(111104K)->91511K(111104K)
[61.775s][info][gc,heap        ] GC(85) ParOldGen: 525160K(580608K)->626209K(626688K)
[61.775s][info][gc,metaspace   ] GC(85) Metaspace: 17652K(17856K)->17652K(17856K) NonClass: 16238K(16384K)->16238K(16384K) Class: 1414K(1472K)->1414K(1472K)
[61.775s][info][gc             ] GC(85) Pause Young (Allocation Failure) 723M->700M(829M) 61.816ms
[61.775s][info][gc,cpu         ] GC(85) User=0.08s Sys=0.05s Real=0.07s
[61.844s][info][gc,start       ] GC(86) Pause Full (Allocation Failure)
[61.845s][info][gc,phases,start] GC(86) Marking Phase
[61.959s][info][gc,phases      ] GC(86) Marking Phase 114.246ms
[61.959s][info][gc,phases,start] GC(86) Summary Phase
[61.959s][info][gc,phases      ] GC(86) Summary Phase 0.025ms
[61.959s][info][gc,phases,start] GC(86) Forward
[61.999s][info][gc,phases      ] GC(86) Forward 40.563ms
[61.999s][info][gc,phases,start] GC(86) Adjust Pointers
[62.074s][info][gc,phases      ] GC(86) Adjust Pointers 74.692ms
[62.074s][info][gc,phases,start] GC(86) Compaction Phase
[62.176s][info][gc,phases      ] GC(86) Compaction Phase 101.362ms
[62.176s][info][gc,phases,start] GC(86) Post Compact
[62.178s][info][gc,phases      ] GC(86) Post Compact 2.504ms
[62.178s][info][gc,heap        ] GC(86) PSYoungGen: 200052K(222720K)->66386K(222720K) Eden: 108541K(111616K)->0K(111616K) From: 91511K(111104K)->66386K(111104K)
[62.178s][info][gc,heap        ] GC(86) ParOldGen: 626209K(626688K)->626555K(667648K)
[62.178s][info][gc,metaspace   ] GC(86) Metaspace: 17739K(17984K)->17739K(17984K) NonClass: 16307K(16448K)->16307K(16448K) Class: 1431K(1536K)->1431K(1536K)
[62.178s][info][gc             ] GC(86) Pause Full (Allocation Failure) 806M->676M(869M) 334.020ms
[62.179s][info][gc,cpu         ] GC(86) User=0.63s Sys=0.00s Real=0.33s
[62.935s][info][gc,start       ] GC(87) Pause Full (Allocation Failure)
[62.935s][info][gc,phases,start] GC(87) Marking Phase
[62.980s][info][gc,phases      ] GC(87) Marking Phase 44.671ms
[62.980s][info][gc,phases,start] GC(87) Summary Phase
[62.980s][info][gc,phases      ] GC(87) Summary Phase 0.027ms
[62.980s][info][gc,phases,start] GC(87) Forward
[62.994s][info][gc,phases      ] GC(87) Forward 14.588ms
[62.994s][info][gc,phases,start] GC(87) Adjust Pointers
[63.022s][info][gc,phases      ] GC(87) Adjust Pointers 27.281ms
[63.022s][info][gc,phases,start] GC(87) Compaction Phase
[63.072s][info][gc,phases      ] GC(87) Compaction Phase 50.502ms
[63.072s][info][gc,phases,start] GC(87) Post Compact
[63.075s][info][gc,phases      ] GC(87) Post Compact 2.460ms
[63.075s][info][gc,heap        ] GC(87) PSYoungGen: 178002K(222720K)->0K(222720K) Eden: 111616K(111616K)->0K(111616K) From: 66386K(111104K)->0K(111104K)
[63.075s][info][gc,heap        ] GC(87) ParOldGen: 626555K(667648K)->566880K(667648K)
[63.075s][info][gc,metaspace   ] GC(87) Metaspace: 17969K(18240K)->17969K(18240K) NonClass: 16520K(16704K)->16520K(16704K) Class: 1448K(1536K)->1448K(1536K)
[63.075s][info][gc             ] GC(87) Pause Full (Allocation Failure) 785M->553M(869M) 139.942ms
[63.075s][info][gc,cpu         ] GC(87) User=0.25s Sys=0.00s Real=0.14s
[63.746s][info][gc,start       ] GC(88) Pause Full (Allocation Failure)
[63.746s][info][gc,phases,start] GC(88) Marking Phase
[63.838s][info][gc,phases      ] GC(88) Marking Phase 91.715ms
[63.838s][info][gc,phases,start] GC(88) Summary Phase
[63.838s][info][gc,phases      ] GC(88) Summary Phase 0.022ms
[63.838s][info][gc,phases,start] GC(88) Forward
[63.862s][info][gc,phases      ] GC(88) Forward 24.520ms
[63.862s][info][gc,phases,start] GC(88) Adjust Pointers
[63.910s][info][gc,phases      ] GC(88) Adjust Pointers 48.164ms
[63.910s][info][gc,phases,start] GC(88) Compaction Phase
[63.986s][info][gc,phases      ] GC(88) Compaction Phase 75.450ms
[63.986s][info][gc,phases,start] GC(88) Post Compact
[63.988s][info][gc,phases      ] GC(88) Post Compact 1.970ms
[63.988s][info][gc,heap        ] GC(88) PSYoungGen: 111616K(222720K)->0K(222720K) Eden: 111616K(111616K)->0K(111616K) From: 0K(111104K)->0K(111104K)
[63.988s][info][gc,heap        ] GC(88) ParOldGen: 566880K(667648K)->581168K(667648K)
[63.988s][info][gc,metaspace   ] GC(88) Metaspace: 18025K(18240K)->18025K(18240K) NonClass: 16576K(16704K)->16576K(16704K) Class: 1448K(1536K)->1448K(1536K)
[63.988s][info][gc             ] GC(88) Pause Full (Allocation Failure) 662M->567M(869M) 242.269ms
[63.988s][info][gc,cpu         ] GC(88) User=0.46s Sys=0.00s Real=0.24s
[64.126s][info][gc,start       ] GC(89) Pause Full (Allocation Failure)
[64.126s][info][gc,phases,start] GC(89) Marking Phase
[64.276s][info][gc,phases      ] GC(89) Marking Phase 149.870ms
[64.276s][info][gc,phases,start] GC(89) Summary Phase
[64.276s][info][gc,phases      ] GC(89) Summary Phase 0.022ms
[64.276s][info][gc,phases,start] GC(89) Forward
[64.292s][info][gc,phases      ] GC(89) Forward 15.998ms
[64.292s][info][gc,phases,start] GC(89) Adjust Pointers
[64.371s][info][gc,phases      ] GC(89) Adjust Pointers 78.295ms
[64.371s][info][gc,phases,start] GC(89) Compaction Phase
[64.441s][info][gc,phases      ] GC(89) Compaction Phase 70.797ms
[64.442s][info][gc,phases,start] GC(89) Post Compact
[64.444s][info][gc,phases      ] GC(89) Post Compact 1.995ms
[64.444s][info][gc,heap        ] GC(89) PSYoungGen: 111616K(222720K)->7409K(222720K) Eden: 111616K(111616K)->7409K(111616K) From: 0K(111104K)->0K(111104K)
[64.444s][info][gc,heap        ] GC(89) ParOldGen: 581168K(667648K)->667479K(667648K)
[64.444s][info][gc,metaspace   ] GC(89) Metaspace: 18025K(18240K)->18025K(18240K) NonClass: 16576K(16704K)->16576K(16704K) Class: 1448K(1536K)->1448K(1536K)
[64.444s][info][gc             ] GC(89) Pause Full (Allocation Failure) 676M->659M(869M) 317.365ms
[64.444s][info][gc,cpu         ] GC(89) User=0.59s Sys=0.02s Real=0.31s
[64.558s][info][gc,start       ] GC(90) Pause Full (Allocation Failure)
[64.558s][info][gc,phases,start] GC(90) Marking Phase
[64.809s][info][gc,phases      ] GC(90) Marking Phase 250.585ms
[64.809s][info][gc,phases,start] GC(90) Summary Phase
[64.809s][info][gc,phases      ] GC(90) Summary Phase 0.025ms
[64.809s][info][gc,phases,start] GC(90) Forward
[64.882s][info][gc,phases      ] GC(90) Forward 73.376ms
[64.882s][info][gc,phases,start] GC(90) Adjust Pointers
[64.997s][info][gc,phases      ] GC(90) Adjust Pointers 114.281ms
[64.997s][info][gc,phases,start] GC(90) Compaction Phase
[65.110s][info][gc,phases      ] GC(90) Compaction Phase 113.653ms
[65.111s][info][gc,phases,start] GC(90) Post Compact
[65.113s][info][gc,phases      ] GC(90) Post Compact 2.198ms
[65.113s][info][gc,heap        ] GC(90) PSYoungGen: 111616K(222720K)->56614K(222720K) Eden: 111616K(111616K)->56614K(111616K) From: 0K(111104K)->0K(111104K)
[65.113s][info][gc,heap        ] GC(90) ParOldGen: 667479K(667648K)->667351K(667648K)
[65.113s][info][gc,metaspace   ] GC(90) Metaspace: 18025K(18240K)->18025K(18240K) NonClass: 16576K(16704K)->16576K(16704K) Class: 1448K(1536K)->1448K(1536K)
[65.113s][info][gc             ] GC(90) Pause Full (Allocation Failure) 760M->706M(869M) 554.624ms
[65.113s][info][gc,cpu         ] GC(90) User=1.04s Sys=0.01s Real=0.55s
[65.168s][info][gc,start       ] GC(91) Pause Full (Allocation Failure)
[65.168s][info][gc,phases,start] GC(91) Marking Phase
[65.396s][info][gc,phases      ] GC(91) Marking Phase 228.021ms
[65.396s][info][gc,phases,start] GC(91) Summary Phase
[65.396s][info][gc,phases      ] GC(91) Summary Phase 0.022ms
[65.397s][info][gc,phases,start] GC(91) Forward
[65.412s][info][gc,phases      ] GC(91) Forward 15.174ms
[65.412s][info][gc,phases,start] GC(91) Adjust Pointers
[65.525s][info][gc,phases      ] GC(91) Adjust Pointers 113.026ms
[65.525s][info][gc,phases,start] GC(91) Compaction Phase
[65.595s][info][gc,phases      ] GC(91) Compaction Phase 70.058ms
[65.595s][info][gc,phases,start] GC(91) Post Compact
[65.597s][info][gc,phases      ] GC(91) Post Compact 2.217ms
[65.597s][info][gc,heap        ] GC(91) PSYoungGen: 111616K(222720K)->100548K(222720K) Eden: 111616K(111616K)->100548K(111616K) From: 0K(111104K)->0K(111104K)
[65.597s][info][gc,heap        ] GC(91) ParOldGen: 667351K(667648K)->667351K(667648K)
[65.597s][info][gc,metaspace   ] GC(91) Metaspace: 18025K(18240K)->18025K(18240K) NonClass: 16576K(16704K)->16576K(16704K) Class: 1448K(1536K)->1448K(1536K)
[65.597s][info][gc             ] GC(91) Pause Full (Allocation Failure) 760M->749M(869M) 428.885ms
[65.597s][info][gc,cpu         ] GC(91) User=0.84s Sys=0.00s Real=0.43s
[65.609s][info][gc,start       ] GC(92) Pause Full (Allocation Failure)
[65.609s][info][gc,phases,start] GC(92) Marking Phase
[65.839s][info][gc,phases      ] GC(92) Marking Phase 230.648ms
[65.840s][info][gc,phases,start] GC(92) Summary Phase
[65.840s][info][gc,phases      ] GC(92) Summary Phase 0.021ms
[65.840s][info][gc,phases,start] GC(92) Forward
[65.855s][info][gc,phases      ] GC(92) Forward 15.675ms
[65.855s][info][gc,phases,start] GC(92) Adjust Pointers
[65.970s][info][gc,phases      ] GC(92) Adjust Pointers 114.355ms
[65.970s][info][gc,phases,start] GC(92) Compaction Phase
[66.037s][info][gc,phases      ] GC(92) Compaction Phase 67.431ms
[66.037s][info][gc,phases,start] GC(92) Post Compact
[66.039s][info][gc,phases      ] GC(92) Post Compact 2.149ms
[66.039s][info][gc,heap        ] GC(92) PSYoungGen: 111616K(222720K)->109373K(222720K) Eden: 111616K(111616K)->109373K(111616K) From: 0K(111104K)->0K(111104K)
[66.039s][info][gc,heap        ] GC(92) ParOldGen: 667351K(667648K)->667351K(667648K)
[66.039s][info][gc,metaspace   ] GC(92) Metaspace: 18025K(18240K)->18025K(18240K) NonClass: 16576K(16704K)->16576K(16704K) Class: 1448K(1536K)->1448K(1536K)
[66.039s][info][gc             ] GC(92) Pause Full (Allocation Failure) 760M->758M(869M) 430.618ms
[66.039s][info][gc,cpu         ] GC(92) User=0.84s Sys=0.00s Real=0.43s
[66.042s][info][gc,start       ] GC(93) Pause Full (Allocation Failure)
[66.042s][info][gc,phases,start] GC(93) Marking Phase
[66.268s][info][gc,phases      ] GC(93) Marking Phase 226.189ms
[66.269s][info][gc,phases,start] GC(93) Summary Phase
[66.269s][info][gc,phases      ] GC(93) Summary Phase 0.021ms
[66.269s][info][gc,phases,start] GC(93) Forward
[66.284s][info][gc,phases      ] GC(93) Forward 15.641ms
[66.284s][info][gc,phases,start] GC(93) Adjust Pointers
[66.398s][info][gc,phases      ] GC(93) Adjust Pointers 113.564ms
[66.398s][info][gc,phases,start] GC(93) Compaction Phase
[66.465s][info][gc,phases      ] GC(93) Compaction Phase 67.530ms
[66.465s][info][gc,phases,start] GC(93) Post Compact
[66.468s][info][gc,phases      ] GC(93) Post Compact 2.156ms
[66.468s][info][gc,heap        ] GC(93) PSYoungGen: 111616K(222720K)->111157K(222720K) Eden: 111616K(111616K)->111157K(111616K) From: 0K(111104K)->0K(111104K)
[66.468s][info][gc,heap        ] GC(93) ParOldGen: 667351K(667648K)->667351K(667648K)
[66.468s][info][gc,metaspace   ] GC(93) Metaspace: 18025K(18240K)->18025K(18240K) NonClass: 16576K(16704K)->16576K(16704K) Class: 1448K(1536K)->1448K(1536K)
[66.468s][info][gc             ] GC(93) Pause Full (Allocation Failure) 760M->760M(869M) 425.439ms
[66.468s][info][gc,cpu         ] GC(93) User=0.83s Sys=0.00s Real=0.43s
[66.470s][info][gc,start       ] GC(94) Pause Full (Allocation Failure)
[66.470s][info][gc,phases,start] GC(94) Marking Phase
[66.696s][info][gc,phases      ] GC(94) Marking Phase 225.617ms
[66.696s][info][gc,phases,start] GC(94) Summary Phase
[66.696s][info][gc,phases      ] GC(94) Summary Phase 0.020ms
[66.696s][info][gc,phases,start] GC(94) Forward
[66.712s][info][gc,phases      ] GC(94) Forward 15.939ms
[66.712s][info][gc,phases,start] GC(94) Adjust Pointers
[66.825s][info][gc,phases      ] GC(94) Adjust Pointers 113.728ms
[66.825s][info][gc,phases,start] GC(94) Compaction Phase
[66.893s][info][gc,phases      ] GC(94) Compaction Phase 67.237ms
[66.893s][info][gc,phases,start] GC(94) Post Compact
[66.895s][info][gc,phases      ] GC(94) Post Compact 2.114ms
[66.895s][info][gc,heap        ] GC(94) PSYoungGen: 111616K(222720K)->111522K(222720K) Eden: 111616K(111616K)->111522K(111616K) From: 0K(111104K)->0K(111104K)
[66.895s][info][gc,heap        ] GC(94) ParOldGen: 667351K(667648K)->667351K(667648K)
[66.895s][info][gc,metaspace   ] GC(94) Metaspace: 18025K(18240K)->18025K(18240K) NonClass: 16576K(16704K)->16576K(16704K) Class: 1448K(1536K)->1448K(1536K)
[66.895s][info][gc             ] GC(94) Pause Full (Allocation Failure) 760M->760M(869M) 424.959ms
[66.895s][info][gc,cpu         ] GC(94) User=0.83s Sys=0.00s Real=0.43s
[66.895s][info][gc,start       ] GC(95) Pause Full (Allocation Failure)
[66.895s][info][gc,phases,start] GC(95) Marking Phase
[67.120s][info][gc,phases      ] GC(95) Marking Phase 224.318ms
[67.120s][info][gc,phases,start] GC(95) Summary Phase
[67.120s][info][gc,phases      ] GC(95) Summary Phase 0.023ms
[67.120s][info][gc,phases,start] GC(95) Forward
[67.136s][info][gc,phases      ] GC(95) Forward 15.728ms
[67.136s][info][gc,phases,start] GC(95) Adjust Pointers
[67.252s][info][gc,phases      ] GC(95) Adjust Pointers 115.937ms
[67.252s][info][gc,phases,start] GC(95) Compaction Phase
[67.321s][info][gc,phases      ] GC(95) Compaction Phase 69.543ms
[67.321s][info][gc,phases,start] GC(95) Post Compact
[67.323s][info][gc,phases      ] GC(95) Post Compact 2.168ms
[67.323s][info][gc,heap        ] GC(95) PSYoungGen: 111616K(222720K)->111597K(222720K) Eden: 111616K(111616K)->111597K(111616K) From: 0K(111104K)->0K(111104K)
[67.323s][info][gc,heap        ] GC(95) ParOldGen: 667351K(667648K)->667351K(667648K)
[67.323s][info][gc,metaspace   ] GC(95) Metaspace: 18025K(18240K)->18025K(18240K) NonClass: 16576K(16704K)->16576K(16704K) Class: 1448K(1536K)->1448K(1536K)
[67.323s][info][gc             ] GC(95) Pause Full (Allocation Failure) 760M->760M(869M) 428.068ms
[67.323s][info][gc,cpu         ] GC(95) User=0.83s Sys=0.00s Real=0.42s
[67.325s][info][gc,start       ] GC(96) Pause Full (Allocation Failure)
[67.325s][info][gc,phases,start] GC(96) Marking Phase
[67.552s][info][gc,phases      ] GC(96) Marking Phase 226.841ms
[67.552s][info][gc,phases,start] GC(96) Summary Phase
[67.552s][info][gc,phases      ] GC(96) Summary Phase 0.023ms
[67.552s][info][gc,phases,start] GC(96) Forward
[67.568s][info][gc,phases      ] GC(96) Forward 15.813ms
[67.568s][info][gc,phases,start] GC(96) Adjust Pointers
[67.681s][info][gc,phases      ] GC(96) Adjust Pointers 113.278ms
[67.681s][info][gc,phases,start] GC(96) Compaction Phase
[67.748s][info][gc,phases      ] GC(96) Compaction Phase 67.248ms
[67.748s][info][gc,phases,start] GC(96) Post Compact
[67.751s][info][gc,phases      ] GC(96) Post Compact 2.134ms
[67.751s][info][gc,heap        ] GC(96) PSYoungGen: 111616K(222720K)->111611K(222720K) Eden: 111616K(111616K)->111611K(111616K) From: 0K(111104K)->0K(111104K)
[67.751s][info][gc,heap        ] GC(96) ParOldGen: 667351K(667648K)->667351K(667648K)
[67.751s][info][gc,metaspace   ] GC(96) Metaspace: 18025K(18240K)->18025K(18240K) NonClass: 16576K(16704K)->16576K(16704K) Class: 1448K(1536K)->1448K(1536K)
[67.751s][info][gc             ] GC(96) Pause Full (Allocation Failure) 760M->760M(869M) 425.665ms
[67.751s][info][gc,cpu         ] GC(96) User=0.84s Sys=0.00s Real=0.42s
[67.751s][info][gc,start       ] GC(97) Pause Full (Allocation Failure)
[67.751s][info][gc,phases,start] GC(97) Marking Phase
[67.975s][info][gc,phases      ] GC(97) Marking Phase 224.244ms
[67.975s][info][gc,phases,start] GC(97) Summary Phase
[67.975s][info][gc,phases      ] GC(97) Summary Phase 0.020ms
[67.975s][info][gc,phases,start] GC(97) Forward
[67.991s][info][gc,phases      ] GC(97) Forward 15.634ms
[67.991s][info][gc,phases,start] GC(97) Adjust Pointers
[68.106s][info][gc,phases      ] GC(97) Adjust Pointers 115.142ms
[68.106s][info][gc,phases,start] GC(97) Compaction Phase
[68.174s][info][gc,phases      ] GC(97) Compaction Phase 67.783ms
[68.174s][info][gc,phases,start] GC(97) Post Compact
[68.176s][info][gc,phases      ] GC(97) Post Compact 2.136ms
[68.176s][info][gc,heap        ] GC(97) PSYoungGen: 111616K(222720K)->111614K(222720K) Eden: 111616K(111616K)->111614K(111616K) From: 0K(111104K)->0K(111104K)
[68.176s][info][gc,heap        ] GC(97) ParOldGen: 667351K(667648K)->667351K(667648K)
[68.176s][info][gc,metaspace   ] GC(97) Metaspace: 18025K(18240K)->18025K(18240K) NonClass: 16576K(16704K)->16576K(16704K) Class: 1448K(1536K)->1448K(1536K)
[68.176s][info][gc             ] GC(97) Pause Full (Allocation Failure) 760M->760M(869M) 425.251ms
[68.176s][info][gc,cpu         ] GC(97) User=0.82s Sys=0.00s Real=0.43s
[68.177s][info][gc,start       ] GC(98) Pause Full (Allocation Failure)
[68.177s][info][gc,phases,start] GC(98) Marking Phase
[68.401s][info][gc,phases      ] GC(98) Marking Phase 224.834ms
[68.401s][info][gc,phases,start] GC(98) Summary Phase
[68.401s][info][gc,phases      ] GC(98) Summary Phase 0.020ms
[68.401s][info][gc,phases,start] GC(98) Forward
[68.420s][info][gc,phases      ] GC(98) Forward 18.232ms
[68.420s][info][gc,phases,start] GC(98) Adjust Pointers
[68.533s][info][gc,phases      ] GC(98) Adjust Pointers 113.132ms
[68.533s][info][gc,phases,start] GC(98) Compaction Phase
[68.601s][info][gc,phases      ] GC(98) Compaction Phase 67.605ms
[68.601s][info][gc,phases,start] GC(98) Post Compact
[68.603s][info][gc,phases      ] GC(98) Post Compact 2.106ms
[68.603s][info][gc,heap        ] GC(98) PSYoungGen: 111615K(222720K)->111615K(222720K) Eden: 111615K(111616K)->111615K(111616K) From: 0K(111104K)->0K(111104K)
[68.603s][info][gc,heap        ] GC(98) ParOldGen: 667351K(667648K)->667351K(667648K)
[68.603s][info][gc,metaspace   ] GC(98) Metaspace: 18025K(18240K)->18025K(18240K) NonClass: 16576K(16704K)->16576K(16704K) Class: 1448K(1536K)->1448K(1536K)
[68.603s][info][gc             ] GC(98) Pause Full (Allocation Failure) 760M->760M(869M) 426.250ms
[68.603s][info][gc,cpu         ] GC(98) User=0.82s Sys=0.00s Real=0.42s
[68.603s][info][gc,start       ] GC(99) Pause Full (Allocation Failure)
[68.603s][info][gc,phases,start] GC(99) Marking Phase
[68.830s][info][gc,phases      ] GC(99) Marking Phase 227.300ms
[68.830s][info][gc,phases,start] GC(99) Summary Phase
[68.831s][info][gc,phases      ] GC(99) Summary Phase 0.021ms
[68.831s][info][gc,phases,start] GC(99) Forward
[68.849s][info][gc,phases      ] GC(99) Forward 18.276ms
[68.849s][info][gc,phases,start] GC(99) Adjust Pointers
[68.963s][info][gc,phases      ] GC(99) Adjust Pointers 113.671ms
[68.963s][info][gc,phases,start] GC(99) Compaction Phase
[69.030s][info][gc,phases      ] GC(99) Compaction Phase 67.839ms
[69.031s][info][gc,phases,start] GC(99) Post Compact
[69.033s][info][gc,phases      ] GC(99) Post Compact 2.142ms
[69.033s][info][gc,heap        ] GC(99) PSYoungGen: 111615K(222720K)->111615K(222720K) Eden: 111615K(111616K)->111615K(111616K) From: 0K(111104K)->0K(111104K)
[69.033s][info][gc,heap        ] GC(99) ParOldGen: 667351K(667648K)->667351K(667648K)
[69.033s][info][gc,metaspace   ] GC(99) Metaspace: 18025K(18240K)->18025K(18240K) NonClass: 16576K(16704K)->16576K(16704K) Class: 1448K(1536K)->1448K(1536K)
[69.033s][info][gc             ] GC(99) Pause Full (Allocation Failure) 760M->760M(869M) 429.572ms
[69.033s][info][gc,cpu         ] GC(99) User=0.83s Sys=0.01s Real=0.43s
[69.033s][info][gc,start       ] GC(100) Pause Full (Allocation Failure)
[69.033s][info][gc,phases,start] GC(100) Marking Phase
[69.258s][info][gc,phases      ] GC(100) Marking Phase 225.260ms
[69.258s][info][gc,phases,start] GC(100) Summary Phase
[69.258s][info][gc,phases      ] GC(100) Summary Phase 0.020ms
[69.258s][info][gc,phases,start] GC(100) Forward
[69.274s][info][gc,phases      ] GC(100) Forward 15.886ms
[69.274s][info][gc,phases,start] GC(100) Adjust Pointers
[69.387s][info][gc,phases      ] GC(100) Adjust Pointers 113.211ms
[69.387s][info][gc,phases,start] GC(100) Compaction Phase
[69.455s][info][gc,phases      ] GC(100) Compaction Phase 67.143ms
[69.455s][info][gc,phases,start] GC(100) Post Compact
[69.457s][info][gc,phases      ] GC(100) Post Compact 2.119ms
[69.457s][info][gc,heap        ] GC(100) PSYoungGen: 111615K(222720K)->111615K(222720K) Eden: 111615K(111616K)->111615K(111616K) From: 0K(111104K)->0K(111104K)
[69.457s][info][gc,heap        ] GC(100) ParOldGen: 667352K(667648K)->667352K(667648K)
[69.457s][info][gc,metaspace   ] GC(100) Metaspace: 18025K(18240K)->18025K(18240K) NonClass: 16576K(16704K)->16576K(16704K) Class: 1448K(1536K)->1448K(1536K)
[69.457s][info][gc             ] GC(100) Pause Full (Allocation Failure) 760M->760M(869M) 423.945ms
[69.457s][info][gc,cpu         ] GC(100) User=0.83s Sys=0.00s Real=0.43s
[69.457s][info][gc,start       ] GC(101) Pause Full (Allocation Failure)
[69.457s][info][gc,phases,start] GC(101) Marking Phase
[69.684s][info][gc,phases      ] GC(101) Marking Phase 226.565ms
[69.684s][info][gc,phases,start] GC(101) Summary Phase
[69.684s][info][gc,phases      ] GC(101) Summary Phase 0.021ms
[69.684s][info][gc,phases,start] GC(101) Forward
[69.699s][info][gc,phases      ] GC(101) Forward 15.469ms
[69.699s][info][gc,phases,start] GC(101) Adjust Pointers
[69.815s][info][gc,phases      ] GC(101) Adjust Pointers 115.711ms
[69.815s][info][gc,phases,start] GC(101) Compaction Phase
[69.882s][info][gc,phases      ] GC(101) Compaction Phase 67.395ms
[69.883s][info][gc,phases,start] GC(101) Post Compact
[69.885s][info][gc,phases      ] GC(101) Post Compact 2.218ms
[69.885s][info][gc,heap        ] GC(101) PSYoungGen: 111615K(222720K)->111615K(222720K) Eden: 111615K(111616K)->111615K(111616K) From: 0K(111104K)->0K(111104K)
[69.885s][info][gc,heap        ] GC(101) ParOldGen: 667352K(667648K)->667352K(667648K)
[69.885s][info][gc,metaspace   ] GC(101) Metaspace: 18025K(18240K)->18025K(18240K) NonClass: 16576K(16704K)->16576K(16704K) Class: 1448K(1536K)->1448K(1536K)
[69.885s][info][gc             ] GC(101) Pause Full (Allocation Failure) 760M->760M(869M) 427.734ms
[69.885s][info][gc,cpu         ] GC(101) User=0.83s Sys=0.00s Real=0.43s
[69.887s][info][gc,start       ] GC(102) Pause Full (Allocation Failure)
[69.887s][info][gc,phases,start] GC(102) Marking Phase
[70.121s][info][gc,phases      ] GC(102) Marking Phase 234.058ms
[70.121s][info][gc,phases,start] GC(102) Summary Phase
[70.121s][info][gc,phases      ] GC(102) Summary Phase 0.024ms
[70.121s][info][gc,phases,start] GC(102) Forward
[70.138s][info][gc,phases      ] GC(102) Forward 16.430ms
[70.138s][info][gc,phases,start] GC(102) Adjust Pointers
[70.255s][info][gc,phases      ] GC(102) Adjust Pointers 117.232ms
[70.255s][info][gc,phases,start] GC(102) Compaction Phase
[70.323s][info][gc,phases      ] GC(102) Compaction Phase 68.219ms
[70.323s][info][gc,phases,start] GC(102) Post Compact
[70.325s][info][gc,phases      ] GC(102) Post Compact 2.203ms
[70.325s][info][gc,heap        ] GC(102) PSYoungGen: 111616K(222720K)->111616K(222720K) Eden: 111616K(111616K)->111616K(111616K) From: 0K(111104K)->0K(111104K)
[70.325s][info][gc,heap        ] GC(102) ParOldGen: 667352K(667648K)->667352K(667648K)
[70.325s][info][gc,metaspace   ] GC(102) Metaspace: 18025K(18240K)->18025K(18240K) NonClass: 16576K(16704K)->16576K(16704K) Class: 1448K(1536K)->1448K(1536K)
[70.325s][info][gc             ] GC(102) Pause Full (Allocation Failure) 760M->760M(869M) 438.532ms
[70.325s][info][gc,cpu         ] GC(102) User=0.85s Sys=0.00s Real=0.44s
[70.328s][info][gc,start       ] GC(103) Pause Full (Allocation Failure)
[70.328s][info][gc,phases,start] GC(103) Marking Phase
[70.553s][info][gc,phases      ] GC(103) Marking Phase 224.928ms
[70.553s][info][gc,phases,start] GC(103) Summary Phase
[70.553s][info][gc,phases      ] GC(103) Summary Phase 0.021ms
[70.553s][info][gc,phases,start] GC(103) Forward
[70.569s][info][gc,phases      ] GC(103) Forward 15.961ms
[70.569s][info][gc,phases,start] GC(103) Adjust Pointers
[70.684s][info][gc,phases      ] GC(103) Adjust Pointers 114.647ms
[70.684s][info][gc,phases,start] GC(103) Compaction Phase
[70.754s][info][gc,phases      ] GC(103) Compaction Phase 70.261ms
[70.754s][info][gc,phases,start] GC(103) Post Compact
[70.756s][info][gc,phases      ] GC(103) Post Compact 2.227ms
[70.756s][info][gc,heap        ] GC(103) PSYoungGen: 111616K(222720K)->111616K(222720K) Eden: 111616K(111616K)->111616K(111616K) From: 0K(111104K)->0K(111104K)
[70.756s][info][gc,heap        ] GC(103) ParOldGen: 667352K(667648K)->667352K(667648K)
[70.756s][info][gc,metaspace   ] GC(103) Metaspace: 18025K(18240K)->18025K(18240K) NonClass: 16576K(16704K)->16576K(16704K) Class: 1448K(1536K)->1448K(1536K)
[70.756s][info][gc             ] GC(103) Pause Full (Allocation Failure) 760M->760M(869M) 428.425ms
[70.756s][info][gc,cpu         ] GC(103) User=0.84s Sys=0.00s Real=0.43s
[70.757s][info][gc,start       ] GC(104) Pause Full (Allocation Failure)
[70.757s][info][gc,phases,start] GC(104) Marking Phase
[70.990s][info][gc,phases      ] GC(104) Marking Phase 233.064ms
[70.990s][info][gc,phases,start] GC(104) Summary Phase
[70.990s][info][gc,phases      ] GC(104) Summary Phase 0.023ms
[70.990s][info][gc,phases,start] GC(104) Forward
[71.006s][info][gc,phases      ] GC(104) Forward 15.720ms
[71.006s][info][gc,phases,start] GC(104) Adjust Pointers
[71.119s][info][gc,phases      ] GC(104) Adjust Pointers 112.904ms
[71.119s][info][gc,phases,start] GC(104) Compaction Phase
[71.186s][info][gc,phases      ] GC(104) Compaction Phase 67.524ms
[71.186s][info][gc,phases,start] GC(104) Post Compact
[71.188s][info][gc,phases      ] GC(104) Post Compact 2.135ms
[71.188s][info][gc,heap        ] GC(104) PSYoungGen: 111616K(222720K)->111616K(222720K) Eden: 111616K(111616K)->111616K(111616K) From: 0K(111104K)->0K(111104K)
[71.188s][info][gc,heap        ] GC(104) ParOldGen: 667352K(667648K)->667352K(667648K)
[71.188s][info][gc,metaspace   ] GC(104) Metaspace: 18025K(18240K)->18025K(18240K) NonClass: 16576K(16704K)->16576K(16704K) Class: 1448K(1536K)->1448K(1536K)
[71.188s][info][gc             ] GC(104) Pause Full (Allocation Failure) 760M->760M(869M) 431.690ms
[71.188s][info][gc,cpu         ] GC(104) User=0.84s Sys=0.00s Real=0.43s
[71.189s][info][gc,start       ] GC(105) Pause Full (Allocation Failure)
[71.189s][info][gc,phases,start] GC(105) Marking Phase
[71.416s][info][gc,phases      ] GC(105) Marking Phase 227.059ms
[71.416s][info][gc,phases,start] GC(105) Summary Phase
[71.416s][info][gc,phases      ] GC(105) Summary Phase 0.020ms
[71.416s][info][gc,phases,start] GC(105) Forward
[71.433s][info][gc,phases      ] GC(105) Forward 17.789ms
[71.434s][info][gc,phases,start] GC(105) Adjust Pointers
[71.548s][info][gc,phases      ] GC(105) Adjust Pointers 114.048ms
[71.548s][info][gc,phases,start] GC(105) Compaction Phase
[71.616s][info][gc,phases      ] GC(105) Compaction Phase 68.157ms
[71.616s][info][gc,phases,start] GC(105) Post Compact
[71.618s][info][gc,phases      ] GC(105) Post Compact 2.104ms
[71.618s][info][gc,heap        ] GC(105) PSYoungGen: 111616K(222720K)->111616K(222720K) Eden: 111616K(111616K)->111616K(111616K) From: 0K(111104K)->0K(111104K)
[71.618s][info][gc,heap        ] GC(105) ParOldGen: 667352K(667648K)->667352K(667648K)
[71.618s][info][gc,metaspace   ] GC(105) Metaspace: 18025K(18240K)->18025K(18240K) NonClass: 16576K(16704K)->16576K(16704K) Class: 1448K(1536K)->1448K(1536K)
[71.618s][info][gc             ] GC(105) Pause Full (Allocation Failure) 760M->760M(869M) 429.508ms
[71.618s][info][gc,cpu         ] GC(105) User=0.83s Sys=0.00s Real=0.43s
[71.618s][info][gc,start       ] GC(106) Pause Full (Allocation Failure)
[71.618s][info][gc,phases,start] GC(106) Marking Phase
[71.845s][info][gc,phases      ] GC(106) Marking Phase 226.379ms
[71.845s][info][gc,phases,start] GC(106) Summary Phase
[71.845s][info][gc,phases      ] GC(106) Summary Phase 0.022ms
[71.845s][info][gc,phases,start] GC(106) Forward
[71.863s][info][gc,phases      ] GC(106) Forward 18.592ms
[71.863s][info][gc,phases,start] GC(106) Adjust Pointers
[71.977s][info][gc,phases      ] GC(106) Adjust Pointers 113.850ms
[71.977s][info][gc,phases,start] GC(106) Compaction Phase
[72.044s][info][gc,phases      ] GC(106) Compaction Phase 67.092ms
[72.044s][info][gc,phases,start] GC(106) Post Compact
[72.047s][info][gc,phases      ] GC(106) Post Compact 2.115ms
[72.047s][info][gc,heap        ] GC(106) PSYoungGen: 111616K(222720K)->111616K(222720K) Eden: 111616K(111616K)->111616K(111616K) From: 0K(111104K)->0K(111104K)
[72.047s][info][gc,heap        ] GC(106) ParOldGen: 667352K(667648K)->667352K(667648K)
[72.047s][info][gc,metaspace   ] GC(106) Metaspace: 18025K(18240K)->18025K(18240K) NonClass: 16576K(16704K)->16576K(16704K) Class: 1448K(1536K)->1448K(1536K)
[72.047s][info][gc             ] GC(106) Pause Full (Allocation Failure) 760M->760M(869M) 428.348ms
[72.047s][info][gc,cpu         ] GC(106) User=0.84s Sys=0.00s Real=0.43s
[72.047s][info][gc,start       ] GC(107) Pause Full (Allocation Failure)
[72.047s][info][gc,phases,start] GC(107) Marking Phase
[72.274s][info][gc,phases      ] GC(107) Marking Phase 227.106ms
[72.274s][info][gc,phases,start] GC(107) Summary Phase
[72.274s][info][gc,phases      ] GC(107) Summary Phase 0.021ms
[72.274s][info][gc,phases,start] GC(107) Forward
[72.290s][info][gc,phases      ] GC(107) Forward 15.604ms
[72.290s][info][gc,phases,start] GC(107) Adjust Pointers
[72.403s][info][gc,phases      ] GC(107) Adjust Pointers 113.026ms
[72.403s][info][gc,phases,start] GC(107) Compaction Phase
[72.471s][info][gc,phases      ] GC(107) Compaction Phase 68.514ms
[72.471s][info][gc,phases,start] GC(107) Post Compact
[72.474s][info][gc,phases      ] GC(107) Post Compact 2.183ms
[72.474s][info][gc,heap        ] GC(107) PSYoungGen: 111616K(222720K)->111616K(222720K) Eden: 111616K(111616K)->111616K(111616K) From: 0K(111104K)->0K(111104K)
[72.474s][info][gc,heap        ] GC(107) ParOldGen: 667352K(667648K)->667352K(667648K)
[72.474s][info][gc,metaspace   ] GC(107) Metaspace: 18025K(18240K)->18025K(18240K) NonClass: 16576K(16704K)->16576K(16704K) Class: 1448K(1536K)->1448K(1536K)
[72.474s][info][gc             ] GC(107) Pause Full (Allocation Failure) 760M->760M(869M) 426.793ms
[72.474s][info][gc,cpu         ] GC(107) User=0.83s Sys=0.00s Real=0.42s
[72.474s][info][gc,start       ] GC(108) Pause Full (Allocation Failure)
[72.474s][info][gc,phases,start] GC(108) Marking Phase
[72.708s][info][gc,phases      ] GC(108) Marking Phase 234.527ms
[72.708s][info][gc,phases,start] GC(108) Summary Phase
[72.708s][info][gc,phases      ] GC(108) Summary Phase 0.022ms
[72.708s][info][gc,phases,start] GC(108) Forward
[72.726s][info][gc,phases      ] GC(108) Forward 17.863ms
[72.726s][info][gc,phases,start] GC(108) Adjust Pointers
[72.846s][info][gc,phases      ] GC(108) Adjust Pointers 120.003ms
[72.846s][info][gc,phases,start] GC(108) Compaction Phase
[72.919s][info][gc,phases      ] GC(108) Compaction Phase 72.454ms
[72.919s][info][gc,phases,start] GC(108) Post Compact
[72.921s][info][gc,phases      ] GC(108) Post Compact 2.254ms
[72.921s][info][gc,heap        ] GC(108) PSYoungGen: 111616K(222720K)->111616K(222720K) Eden: 111616K(111616K)->111616K(111616K) From: 0K(111104K)->0K(111104K)
[72.921s][info][gc,heap        ] GC(108) ParOldGen: 667352K(667648K)->667352K(667648K)
[72.921s][info][gc,metaspace   ] GC(108) Metaspace: 18025K(18240K)->18025K(18240K) NonClass: 16576K(16704K)->16576K(16704K) Class: 1448K(1536K)->1448K(1536K)
[72.921s][info][gc             ] GC(108) Pause Full (Allocation Failure) 760M->760M(869M) 447.491ms
[72.921s][info][gc,cpu         ] GC(108) User=0.87s Sys=0.00s Real=0.44s
[72.922s][info][gc,start       ] GC(109) Pause Full (Allocation Failure)
[72.922s][info][gc,phases,start] GC(109) Marking Phase
[73.159s][info][gc,phases      ] GC(109) Marking Phase 237.801ms
[73.159s][info][gc,phases,start] GC(109) Summary Phase
[73.159s][info][gc,phases      ] GC(109) Summary Phase 0.024ms
[73.159s][info][gc,phases,start] GC(109) Forward
[73.179s][info][gc,phases      ] GC(109) Forward 19.260ms
[73.179s][info][gc,phases,start] GC(109) Adjust Pointers
[73.298s][info][gc,phases      ] GC(109) Adjust Pointers 119.061ms
[73.298s][info][gc,phases,start] GC(109) Compaction Phase
[73.369s][info][gc,phases      ] GC(109) Compaction Phase 70.766ms
[73.369s][info][gc,phases,start] GC(109) Post Compact
[73.371s][info][gc,phases      ] GC(109) Post Compact 2.212ms
[73.371s][info][gc,heap        ] GC(109) PSYoungGen: 111616K(222720K)->111616K(222720K) Eden: 111616K(111616K)->111616K(111616K) From: 0K(111104K)->0K(111104K)
[73.371s][info][gc,heap        ] GC(109) ParOldGen: 667352K(667648K)->667352K(667648K)
[73.371s][info][gc,metaspace   ] GC(109) Metaspace: 18025K(18240K)->18025K(18240K) NonClass: 16576K(16704K)->16576K(16704K) Class: 1448K(1536K)->1448K(1536K)
[73.371s][info][gc             ] GC(109) Pause Full (Allocation Failure) 760M->760M(869M) 449.486ms
[73.371s][info][gc,cpu         ] GC(109) User=0.87s Sys=0.01s Real=0.45s
[73.371s][info][gc,start       ] GC(110) Pause Full (Allocation Failure)
[73.371s][info][gc,phases,start] GC(110) Marking Phase
[73.604s][info][gc,phases      ] GC(110) Marking Phase 233.171ms
[73.604s][info][gc,phases,start] GC(110) Summary Phase
[73.604s][info][gc,phases      ] GC(110) Summary Phase 0.047ms
[73.604s][info][gc,phases,start] GC(110) Forward
[73.621s][info][gc,phases      ] GC(110) Forward 16.592ms
[73.621s][info][gc,phases,start] GC(110) Adjust Pointers
[73.740s][info][gc,phases      ] GC(110) Adjust Pointers 119.242ms
[73.740s][info][gc,phases,start] GC(110) Compaction Phase
[73.811s][info][gc,phases      ] GC(110) Compaction Phase 70.429ms
[73.811s][info][gc,phases,start] GC(110) Post Compact
[73.813s][info][gc,phases      ] GC(110) Post Compact 2.227ms
[73.813s][info][gc,heap        ] GC(110) PSYoungGen: 111616K(222720K)->111615K(222720K) Eden: 111616K(111616K)->111615K(111616K) From: 0K(111104K)->0K(111104K)
[73.813s][info][gc,heap        ] GC(110) ParOldGen: 667352K(667648K)->667352K(667648K)
[73.813s][info][gc,metaspace   ] GC(110) Metaspace: 18025K(18240K)->18025K(18240K) NonClass: 16576K(16704K)->16576K(16704K) Class: 1448K(1536K)->1448K(1536K)
[73.813s][info][gc             ] GC(110) Pause Full (Allocation Failure) 760M->760M(869M) 442.104ms
[73.813s][info][gc,cpu         ] GC(110) User=0.86s Sys=0.00s Real=0.44s
[73.813s][info][gc,start       ] GC(111) Pause Full (Allocation Failure)
[73.813s][info][gc,phases,start] GC(111) Marking Phase
[74.050s][info][gc,phases      ] GC(111) Marking Phase 236.055ms
[74.050s][info][gc,phases,start] GC(111) Summary Phase
[74.050s][info][gc,phases      ] GC(111) Summary Phase 0.022ms
[74.050s][info][gc,phases,start] GC(111) Forward
[74.068s][info][gc,phases      ] GC(111) Forward 18.657ms
[74.068s][info][gc,phases,start] GC(111) Adjust Pointers
[74.186s][info][gc,phases      ] GC(111) Adjust Pointers 118.028ms
[74.186s][info][gc,phases,start] GC(111) Compaction Phase
[74.257s][info][gc,phases      ] GC(111) Compaction Phase 70.885ms
[74.257s][info][gc,phases,start] GC(111) Post Compact
[74.260s][info][gc,phases      ] GC(111) Post Compact 2.198ms
[74.260s][info][gc,heap        ] GC(111) PSYoungGen: 111616K(222720K)->111616K(222720K) Eden: 111616K(111616K)->111616K(111616K) From: 0K(111104K)->0K(111104K)
[74.260s][info][gc,heap        ] GC(111) ParOldGen: 667352K(667648K)->667352K(667648K)
[74.260s][info][gc,metaspace   ] GC(111) Metaspace: 18025K(18240K)->18025K(18240K) NonClass: 16576K(16704K)->16576K(16704K) Class: 1448K(1536K)->1448K(1536K)
[74.260s][info][gc             ] GC(111) Pause Full (Allocation Failure) 760M->760M(869M) 446.219ms
[74.260s][info][gc,cpu         ] GC(111) User=0.86s Sys=0.00s Real=0.45s
[74.260s][info][gc,start       ] GC(112) Pause Full (Allocation Failure)
[74.260s][info][gc,phases,start] GC(112) Marking Phase
[74.496s][info][gc,phases      ] GC(112) Marking Phase 235.686ms
[74.496s][info][gc,phases,start] GC(112) Summary Phase
[74.496s][info][gc,phases      ] GC(112) Summary Phase 0.022ms
[74.496s][info][gc,phases,start] GC(112) Forward
[74.512s][info][gc,phases      ] GC(112) Forward 16.603ms
[74.512s][info][gc,phases,start] GC(112) Adjust Pointers
[74.632s][info][gc,phases      ] GC(112) Adjust Pointers 119.589ms
[74.632s][info][gc,phases,start] GC(112) Compaction Phase
[74.703s][info][gc,phases      ] GC(112) Compaction Phase 70.965ms
[74.703s][info][gc,phases,start] GC(112) Post Compact
[74.705s][info][gc,phases      ] GC(112) Post Compact 2.244ms
[74.705s][info][gc,heap        ] GC(112) PSYoungGen: 111616K(222720K)->111616K(222720K) Eden: 111616K(111616K)->111616K(111616K) From: 0K(111104K)->0K(111104K)
[74.705s][info][gc,heap        ] GC(112) ParOldGen: 667352K(667648K)->667352K(667648K)
[74.705s][info][gc,metaspace   ] GC(112) Metaspace: 18025K(18240K)->18025K(18240K) NonClass: 16576K(16704K)->16576K(16704K) Class: 1448K(1536K)->1448K(1536K)
[74.705s][info][gc             ] GC(112) Pause Full (Allocation Failure) 760M->760M(869M) 445.436ms
[74.705s][info][gc,cpu         ] GC(112) User=0.87s Sys=0.00s Real=0.45s
[74.706s][info][gc,start       ] GC(113) Pause Full (Allocation Failure)
[74.706s][info][gc,phases,start] GC(113) Marking Phase
[74.941s][info][gc,phases      ] GC(113) Marking Phase 234.863ms
[74.941s][info][gc,phases,start] GC(113) Summary Phase
[74.941s][info][gc,phases      ] GC(113) Summary Phase 0.060ms
[74.941s][info][gc,phases,start] GC(113) Forward
[74.957s][info][gc,phases      ] GC(113) Forward 16.552ms
[74.957s][info][gc,phases,start] GC(113) Adjust Pointers
[75.075s][info][gc,phases      ] GC(113) Adjust Pointers 117.928ms
[75.075s][info][gc,phases,start] GC(113) Compaction Phase
[75.146s][info][gc,phases      ] GC(113) Compaction Phase 70.401ms
[75.146s][info][gc,phases,start] GC(113) Post Compact
[75.148s][info][gc,phases      ] GC(113) Post Compact 2.202ms
[75.148s][info][gc,heap        ] GC(113) PSYoungGen: 111616K(222720K)->111616K(222720K) Eden: 111616K(111616K)->111616K(111616K) From: 0K(111104K)->0K(111104K)
[75.148s][info][gc,heap        ] GC(113) ParOldGen: 667352K(667648K)->667352K(667648K)
[75.148s][info][gc,metaspace   ] GC(113) Metaspace: 18025K(18240K)->18025K(18240K) NonClass: 16576K(16704K)->16576K(16704K) Class: 1448K(1536K)->1448K(1536K)
[75.148s][info][gc             ] GC(113) Pause Full (Allocation Failure) 760M->760M(869M) 442.369ms
[75.148s][info][gc,cpu         ] GC(113) User=0.86s Sys=0.00s Real=0.44s
[75.149s][info][gc,start       ] GC(114) Pause Full (Allocation Failure)
[75.149s][info][gc,phases,start] GC(114) Marking Phase
[75.385s][info][gc,phases      ] GC(114) Marking Phase 236.118ms
[75.385s][info][gc,phases,start] GC(114) Summary Phase
[75.385s][info][gc,phases      ] GC(114) Summary Phase 0.023ms
[75.385s][info][gc,phases,start] GC(114) Forward
[75.402s][info][gc,phases      ] GC(114) Forward 16.347ms
[75.402s][info][gc,phases,start] GC(114) Adjust Pointers
[75.519s][info][gc,phases      ] GC(114) Adjust Pointers 117.719ms
[75.519s][info][gc,phases,start] GC(114) Compaction Phase
[75.589s][info][gc,phases      ] GC(114) Compaction Phase 69.975ms
[75.590s][info][gc,phases,start] GC(114) Post Compact
[75.592s][info][gc,phases      ] GC(114) Post Compact 2.236ms
[75.592s][info][gc,heap        ] GC(114) PSYoungGen: 111616K(222720K)->111616K(222720K) Eden: 111616K(111616K)->111616K(111616K) From: 0K(111104K)->0K(111104K)
[75.592s][info][gc,heap        ] GC(114) ParOldGen: 667352K(667648K)->667352K(667648K)
[75.592s][info][gc,metaspace   ] GC(114) Metaspace: 18025K(18240K)->18025K(18240K) NonClass: 16576K(16704K)->16576K(16704K) Class: 1448K(1536K)->1448K(1536K)
[75.592s][info][gc             ] GC(114) Pause Full (Allocation Failure) 760M->760M(869M) 442.820ms
[75.592s][info][gc,cpu         ] GC(114) User=0.86s Sys=0.00s Real=0.44s
[75.592s][info][gc,start       ] GC(115) Pause Full (Allocation Failure)
[75.592s][info][gc,phases,start] GC(115) Marking Phase
[75.827s][info][gc,phases      ] GC(115) Marking Phase 235.135ms
[75.827s][info][gc,phases,start] GC(115) Summary Phase
[75.827s][info][gc,phases      ] GC(115) Summary Phase 0.023ms
[75.827s][info][gc,phases,start] GC(115) Forward
[75.844s][info][gc,phases      ] GC(115) Forward 16.330ms
[75.844s][info][gc,phases,start] GC(115) Adjust Pointers
[75.961s][info][gc,phases      ] GC(115) Adjust Pointers 117.662ms
[75.961s][info][gc,phases,start] GC(115) Compaction Phase
[76.032s][info][gc,phases      ] GC(115) Compaction Phase 70.465ms
[76.032s][info][gc,phases,start] GC(115) Post Compact
[76.034s][info][gc,phases      ] GC(115) Post Compact 2.274ms
[76.034s][info][gc,heap        ] GC(115) PSYoungGen: 111616K(222720K)->111616K(222720K) Eden: 111616K(111616K)->111616K(111616K) From: 0K(111104K)->0K(111104K)
[76.034s][info][gc,heap        ] GC(115) ParOldGen: 667352K(667648K)->667352K(667648K)
[76.034s][info][gc,metaspace   ] GC(115) Metaspace: 18025K(18240K)->18025K(18240K) NonClass: 16576K(16704K)->16576K(16704K) Class: 1448K(1536K)->1448K(1536K)
[76.034s][info][gc             ] GC(115) Pause Full (Allocation Failure) 760M->760M(869M) 442.241ms
[76.034s][info][gc,cpu         ] GC(115) User=0.87s Sys=0.00s Real=0.45s
[76.034s][info][gc,start       ] GC(116) Pause Full (Allocation Failure)
[76.034s][info][gc,phases,start] GC(116) Marking Phase
[76.269s][info][gc,phases      ] GC(116) Marking Phase 234.348ms
[76.269s][info][gc,phases,start] GC(116) Summary Phase
[76.269s][info][gc,phases      ] GC(116) Summary Phase 0.049ms
[76.269s][info][gc,phases,start] GC(116) Forward
[76.285s][info][gc,phases      ] GC(116) Forward 16.351ms
[76.285s][info][gc,phases,start] GC(116) Adjust Pointers
[76.403s][info][gc,phases      ] GC(116) Adjust Pointers 117.864ms
[76.403s][info][gc,phases,start] GC(116) Compaction Phase
[76.473s][info][gc,phases      ] GC(116) Compaction Phase 69.624ms
[76.473s][info][gc,phases,start] GC(116) Post Compact
[76.475s][info][gc,phases      ] GC(116) Post Compact 2.266ms
[76.475s][info][gc,heap        ] GC(116) PSYoungGen: 111616K(222720K)->111616K(222720K) Eden: 111616K(111616K)->111616K(111616K) From: 0K(111104K)->0K(111104K)
[76.475s][info][gc,heap        ] GC(116) ParOldGen: 667352K(667648K)->667352K(667648K)
[76.475s][info][gc,metaspace   ] GC(116) Metaspace: 18025K(18240K)->18025K(18240K) NonClass: 16576K(16704K)->16576K(16704K) Class: 1448K(1536K)->1448K(1536K)
[76.475s][info][gc             ] GC(116) Pause Full (Allocation Failure) 760M->760M(869M) 440.832ms
[76.475s][info][gc,cpu         ] GC(116) User=0.86s Sys=0.00s Real=0.44s
[76.476s][info][gc,start       ] GC(117) Pause Full (Allocation Failure)
[76.476s][info][gc,phases,start] GC(117) Marking Phase
[76.710s][info][gc,phases      ] GC(117) Marking Phase 234.931ms
[76.711s][info][gc,phases,start] GC(117) Summary Phase
[76.711s][info][gc,phases      ] GC(117) Summary Phase 0.023ms
[76.711s][info][gc,phases,start] GC(117) Forward
[76.727s][info][gc,phases      ] GC(117) Forward 16.529ms
[76.727s][info][gc,phases,start] GC(117) Adjust Pointers
[76.846s][info][gc,phases      ] GC(117) Adjust Pointers 118.920ms
[76.846s][info][gc,phases,start] GC(117) Compaction Phase
[76.916s][info][gc,phases      ] GC(117) Compaction Phase 70.125ms
[76.916s][info][gc,phases,start] GC(117) Post Compact
[76.919s][info][gc,phases      ] GC(117) Post Compact 2.241ms
[76.919s][info][gc,heap        ] GC(117) PSYoungGen: 111616K(222720K)->111616K(222720K) Eden: 111616K(111616K)->111616K(111616K) From: 0K(111104K)->0K(111104K)
[76.919s][info][gc,heap        ] GC(117) ParOldGen: 667352K(667648K)->667352K(667648K)
[76.919s][info][gc,metaspace   ] GC(117) Metaspace: 18025K(18240K)->18025K(18240K) NonClass: 16576K(16704K)->16576K(16704K) Class: 1448K(1536K)->1448K(1536K)
[76.919s][info][gc             ] GC(117) Pause Full (Allocation Failure) 760M->760M(869M) 443.108ms
[76.919s][info][gc,cpu         ] GC(117) User=0.86s Sys=0.00s Real=0.44s
[76.919s][info][gc,start       ] GC(118) Pause Full (Allocation Failure)
[76.919s][info][gc,phases,start] GC(118) Marking Phase
[77.153s][info][gc,phases      ] GC(118) Marking Phase 234.576ms
[77.153s][info][gc,phases,start] GC(118) Summary Phase
[77.153s][info][gc,phases      ] GC(118) Summary Phase 0.021ms
[77.153s][info][gc,phases,start] GC(118) Forward
[77.170s][info][gc,phases      ] GC(118) Forward 16.168ms
[77.170s][info][gc,phases,start] GC(118) Adjust Pointers
[77.289s][info][gc,phases      ] GC(118) Adjust Pointers 119.184ms
[77.289s][info][gc,phases,start] GC(118) Compaction Phase
[77.359s][info][gc,phases      ] GC(118) Compaction Phase 70.016ms
[77.359s][info][gc,phases,start] GC(118) Post Compact
[77.361s][info][gc,phases      ] GC(118) Post Compact 2.218ms
[77.361s][info][gc,heap        ] GC(118) PSYoungGen: 111616K(222720K)->111616K(222720K) Eden: 111616K(111616K)->111616K(111616K) From: 0K(111104K)->0K(111104K)
[77.361s][info][gc,heap        ] GC(118) ParOldGen: 667352K(667648K)->667352K(667648K)
[77.361s][info][gc,metaspace   ] GC(118) Metaspace: 18025K(18240K)->18025K(18240K) NonClass: 16576K(16704K)->16576K(16704K) Class: 1448K(1536K)->1448K(1536K)
[77.361s][info][gc             ] GC(118) Pause Full (Allocation Failure) 760M->760M(869M) 442.492ms
[77.361s][info][gc,cpu         ] GC(118) User=0.86s Sys=0.00s Real=0.44s
[77.361s][info][gc,start       ] GC(119) Pause Full (Allocation Failure)
[77.361s][info][gc,phases,start] GC(119) Marking Phase
[77.600s][info][gc,phases      ] GC(119) Marking Phase 238.888ms
[77.600s][info][gc,phases,start] GC(119) Summary Phase
[77.600s][info][gc,phases      ] GC(119) Summary Phase 0.049ms
[77.600s][info][gc,phases,start] GC(119) Forward
[77.617s][info][gc,phases      ] GC(119) Forward 16.475ms
[77.617s][info][gc,phases,start] GC(119) Adjust Pointers
[77.737s][info][gc,phases      ] GC(119) Adjust Pointers 120.231ms
[77.737s][info][gc,phases,start] GC(119) Compaction Phase
[77.808s][info][gc,phases      ] GC(119) Compaction Phase 70.568ms
[77.808s][info][gc,phases,start] GC(119) Post Compact
[77.810s][info][gc,phases      ] GC(119) Post Compact 2.279ms
[77.810s][info][gc,heap        ] GC(119) PSYoungGen: 111616K(222720K)->111616K(222720K) Eden: 111616K(111616K)->111616K(111616K) From: 0K(111104K)->0K(111104K)
[77.810s][info][gc,heap        ] GC(119) ParOldGen: 667352K(667648K)->667352K(667648K)
[77.810s][info][gc,metaspace   ] GC(119) Metaspace: 18025K(18240K)->18025K(18240K) NonClass: 16576K(16704K)->16576K(16704K) Class: 1448K(1536K)->1448K(1536K)
[77.810s][info][gc             ] GC(119) Pause Full (Allocation Failure) 760M->760M(869M) 448.854ms
[77.810s][info][gc,cpu         ] GC(119) User=0.88s Sys=0.00s Real=0.45s
[77.811s][info][gc,start       ] GC(120) Pause Full (Allocation Failure)
[77.811s][info][gc,phases,start] GC(120) Marking Phase
[78.048s][info][gc,phases      ] GC(120) Marking Phase 237.303ms
[78.048s][info][gc,phases,start] GC(120) Summary Phase
[78.048s][info][gc,phases      ] GC(120) Summary Phase 0.022ms
[78.048s][info][gc,phases,start] GC(120) Forward
[78.064s][info][gc,phases      ] GC(120) Forward 16.543ms
[78.065s][info][gc,phases,start] GC(120) Adjust Pointers
[78.185s][info][gc,phases      ] GC(120) Adjust Pointers 120.065ms
[78.185s][info][gc,phases,start] GC(120) Compaction Phase
[78.256s][info][gc,phases      ] GC(120) Compaction Phase 71.032ms
[78.256s][info][gc,phases,start] GC(120) Post Compact
[78.258s][info][gc,phases      ] GC(120) Post Compact 2.298ms
[78.258s][info][gc,heap        ] GC(120) PSYoungGen: 111616K(222720K)->111616K(222720K) Eden: 111616K(111616K)->111616K(111616K) From: 0K(111104K)->0K(111104K)
[78.258s][info][gc,heap        ] GC(120) ParOldGen: 667352K(667648K)->667352K(667648K)
[78.258s][info][gc,metaspace   ] GC(120) Metaspace: 18025K(18240K)->18025K(18240K) NonClass: 16576K(16704K)->16576K(16704K) Class: 1448K(1536K)->1448K(1536K)
[78.258s][info][gc             ] GC(120) Pause Full (Allocation Failure) 760M->760M(869M) 447.639ms
[78.258s][info][gc,cpu         ] GC(120) User=0.87s Sys=0.00s Real=0.45s
[78.259s][info][gc,start       ] GC(121) Pause Full (Allocation Failure)
[78.259s][info][gc,phases,start] GC(121) Marking Phase
[78.495s][info][gc,phases      ] GC(121) Marking Phase 236.173ms
[78.495s][info][gc,phases,start] GC(121) Summary Phase
[78.495s][info][gc,phases      ] GC(121) Summary Phase 0.023ms
[78.495s][info][gc,phases,start] GC(121) Forward
[78.512s][info][gc,phases      ] GC(121) Forward 16.517ms
[78.512s][info][gc,phases,start] GC(121) Adjust Pointers
[78.630s][info][gc,phases      ] GC(121) Adjust Pointers 118.110ms
[78.630s][info][gc,phases,start] GC(121) Compaction Phase
[78.702s][info][gc,phases      ] GC(121) Compaction Phase 72.292ms
[78.703s][info][gc,phases,start] GC(121) Post Compact
[78.705s][info][gc,phases      ] GC(121) Post Compact 2.243ms
[78.705s][info][gc,heap        ] GC(121) PSYoungGen: 111616K(222720K)->111616K(222720K) Eden: 111616K(111616K)->111616K(111616K) From: 0K(111104K)->0K(111104K)
[78.705s][info][gc,heap        ] GC(121) ParOldGen: 667352K(667648K)->667352K(667648K)
[78.705s][info][gc,metaspace   ] GC(121) Metaspace: 18025K(18240K)->18025K(18240K) NonClass: 16576K(16704K)->16576K(16704K) Class: 1448K(1536K)->1448K(1536K)
[78.705s][info][gc             ] GC(121) Pause Full (Allocation Failure) 760M->760M(869M) 445.750ms
[78.705s][info][gc,cpu         ] GC(121) User=0.87s Sys=0.00s Real=0.45s
[78.705s][info][gc,start       ] GC(122) Pause Full (Allocation Failure)
[78.705s][info][gc,phases,start] GC(122) Marking Phase
[78.940s][info][gc,phases      ] GC(122) Marking Phase 234.667ms
[78.940s][info][gc,phases,start] GC(122) Summary Phase
[78.940s][info][gc,phases      ] GC(122) Summary Phase 0.022ms
[78.940s][info][gc,phases,start] GC(122) Forward
[78.956s][info][gc,phases      ] GC(122) Forward 16.447ms
[78.956s][info][gc,phases,start] GC(122) Adjust Pointers
[79.074s][info][gc,phases      ] GC(122) Adjust Pointers 118.150ms
[79.074s][info][gc,phases,start] GC(122) Compaction Phase
[79.145s][info][gc,phases      ] GC(122) Compaction Phase 70.570ms
[79.145s][info][gc,phases,start] GC(122) Post Compact
[79.147s][info][gc,phases      ] GC(122) Post Compact 2.233ms
[79.147s][info][gc,heap        ] GC(122) PSYoungGen: 111616K(222720K)->111616K(222720K) Eden: 111616K(111616K)->111616K(111616K) From: 0K(111104K)->0K(111104K)
[79.147s][info][gc,heap        ] GC(122) ParOldGen: 667352K(667648K)->667352K(667648K)
[79.147s][info][gc,metaspace   ] GC(122) Metaspace: 18025K(18240K)->18025K(18240K) NonClass: 16576K(16704K)->16576K(16704K) Class: 1448K(1536K)->1448K(1536K)
[79.147s][info][gc             ] GC(122) Pause Full (Allocation Failure) 760M->760M(869M) 442.469ms
[79.147s][info][gc,cpu         ] GC(122) User=0.87s Sys=0.00s Real=0.44s
[79.148s][info][gc,start       ] GC(123) Pause Full (Allocation Failure)
[79.148s][info][gc,phases,start] GC(123) Marking Phase
[79.385s][info][gc,phases      ] GC(123) Marking Phase 236.991ms
[79.385s][info][gc,phases,start] GC(123) Summary Phase
[79.385s][info][gc,phases      ] GC(123) Summary Phase 0.023ms
[79.385s][info][gc,phases,start] GC(123) Forward
[79.401s][info][gc,phases      ] GC(123) Forward 16.248ms
[79.401s][info][gc,phases,start] GC(123) Adjust Pointers
[79.518s][info][gc,phases      ] GC(123) Adjust Pointers 116.810ms
[79.518s][info][gc,phases,start] GC(123) Compaction Phase
[79.587s][info][gc,phases      ] GC(123) Compaction Phase 69.212ms
[79.587s][info][gc,phases,start] GC(123) Post Compact
[79.589s][info][gc,phases      ] GC(123) Post Compact 2.181ms
[79.589s][info][gc,heap        ] GC(123) PSYoungGen: 111616K(222720K)->111616K(222720K) Eden: 111616K(111616K)->111616K(111616K) From: 0K(111104K)->0K(111104K)
[79.589s][info][gc,heap        ] GC(123) ParOldGen: 667352K(667648K)->667352K(667648K)
[79.589s][info][gc,metaspace   ] GC(123) Metaspace: 18025K(18240K)->18025K(18240K) NonClass: 16576K(16704K)->16576K(16704K) Class: 1448K(1536K)->1448K(1536K)
[79.589s][info][gc             ] GC(123) Pause Full (Allocation Failure) 760M->760M(869M) 441.762ms
[79.589s][info][gc,cpu         ] GC(123) User=0.86s Sys=0.00s Real=0.44s
[79.590s][info][gc,start       ] GC(124) Pause Full (Allocation Failure)
[79.590s][info][gc,phases,start] GC(124) Marking Phase
[79.823s][info][gc,phases      ] GC(124) Marking Phase 233.557ms
[79.823s][info][gc,phases,start] GC(124) Summary Phase
[79.823s][info][gc,phases      ] GC(124) Summary Phase 0.023ms
[79.823s][info][gc,phases,start] GC(124) Forward
[79.839s][info][gc,phases      ] GC(124) Forward 16.099ms
[79.839s][info][gc,phases,start] GC(124) Adjust Pointers
[79.956s][info][gc,phases      ] GC(124) Adjust Pointers 116.684ms
[79.956s][info][gc,phases,start] GC(124) Compaction Phase
[80.026s][info][gc,phases      ] GC(124) Compaction Phase 69.491ms
[80.026s][info][gc,phases,start] GC(124) Post Compact
[80.028s][info][gc,phases      ] GC(124) Post Compact 2.198ms
[80.028s][info][gc,heap        ] GC(124) PSYoungGen: 111616K(222720K)->111616K(222720K) Eden: 111616K(111616K)->111616K(111616K) From: 0K(111104K)->0K(111104K)
[80.028s][info][gc,heap        ] GC(124) ParOldGen: 667353K(667648K)->667353K(667648K)
[80.028s][info][gc,metaspace   ] GC(124) Metaspace: 18025K(18240K)->18025K(18240K) NonClass: 16576K(16704K)->16576K(16704K) Class: 1448K(1536K)->1448K(1536K)
[80.028s][info][gc             ] GC(124) Pause Full (Allocation Failure) 760M->760M(869M) 438.375ms
[80.028s][info][gc,cpu         ] GC(124) User=0.85s Sys=0.01s Real=0.44s
[80.028s][info][gc,start       ] GC(125) Pause Full (Allocation Failure)
[80.028s][info][gc,phases,start] GC(125) Marking Phase
[80.267s][info][gc,phases      ] GC(125) Marking Phase 239.060ms
[80.267s][info][gc,phases,start] GC(125) Summary Phase
[80.267s][info][gc,phases      ] GC(125) Summary Phase 0.023ms
[80.267s][info][gc,phases,start] GC(125) Forward
[80.284s][info][gc,phases      ] GC(125) Forward 16.888ms
[80.284s][info][gc,phases,start] GC(125) Adjust Pointers
[80.405s][info][gc,phases      ] GC(125) Adjust Pointers 120.466ms
[80.405s][info][gc,phases,start] GC(125) Compaction Phase
[80.477s][info][gc,phases      ] GC(125) Compaction Phase 72.615ms
[80.478s][info][gc,phases,start] GC(125) Post Compact
[80.480s][info][gc,phases      ] GC(125) Post Compact 2.278ms
[80.480s][info][gc,heap        ] GC(125) PSYoungGen: 111616K(222720K)->111616K(222720K) Eden: 111616K(111616K)->111616K(111616K) From: 0K(111104K)->0K(111104K)
[80.480s][info][gc,heap        ] GC(125) ParOldGen: 667353K(667648K)->667353K(667648K)
[80.480s][info][gc,metaspace   ] GC(125) Metaspace: 18025K(18240K)->18025K(18240K) NonClass: 16576K(16704K)->16576K(16704K) Class: 1448K(1536K)->1448K(1536K)
[80.480s][info][gc             ] GC(125) Pause Full (Allocation Failure) 760M->760M(869M) 451.766ms
[80.480s][info][gc,cpu         ] GC(125) User=0.88s Sys=0.00s Real=0.45s
[80.480s][info][gc,start       ] GC(126) Pause Full (Allocation Failure)
[80.480s][info][gc,phases,start] GC(126) Marking Phase
[80.717s][info][gc,phases      ] GC(126) Marking Phase 236.358ms
[80.717s][info][gc,phases,start] GC(126) Summary Phase
[80.717s][info][gc,phases      ] GC(126) Summary Phase 0.032ms
[80.717s][info][gc,phases,start] GC(126) Forward
[80.733s][info][gc,phases      ] GC(126) Forward 16.359ms
[80.733s][info][gc,phases,start] GC(126) Adjust Pointers
[80.851s][info][gc,phases      ] GC(126) Adjust Pointers 118.321ms
[80.851s][info][gc,phases,start] GC(126) Compaction Phase
[80.922s][info][gc,phases      ] GC(126) Compaction Phase 70.682ms
[80.922s][info][gc,phases,start] GC(126) Post Compact
[80.924s][info][gc,phases      ] GC(126) Post Compact 2.224ms
[80.924s][info][gc,heap        ] GC(126) PSYoungGen: 111616K(222720K)->111616K(222720K) Eden: 111616K(111616K)->111616K(111616K) From: 0K(111104K)->0K(111104K)
[80.924s][info][gc,heap        ] GC(126) ParOldGen: 667353K(667648K)->667353K(667648K)
[80.924s][info][gc,metaspace   ] GC(126) Metaspace: 18025K(18240K)->18025K(18240K) NonClass: 16576K(16704K)->16576K(16704K) Class: 1448K(1536K)->1448K(1536K)
[80.925s][info][gc             ] GC(126) Pause Full (Allocation Failure) 760M->760M(869M) 444.330ms
[80.925s][info][gc,cpu         ] GC(126) User=0.87s Sys=0.00s Real=0.45s
[80.925s][info][gc,start       ] GC(127) Pause Full (Allocation Failure)
[80.925s][info][gc,phases,start] GC(127) Marking Phase
[81.160s][info][gc,phases      ] GC(127) Marking Phase 234.922ms
[81.160s][info][gc,phases,start] GC(127) Summary Phase
[81.160s][info][gc,phases      ] GC(127) Summary Phase 0.023ms
[81.160s][info][gc,phases,start] GC(127) Forward
[81.178s][info][gc,phases      ] GC(127) Forward 18.339ms
[81.178s][info][gc,phases,start] GC(127) Adjust Pointers
[81.297s][info][gc,phases      ] GC(127) Adjust Pointers 118.331ms
[81.297s][info][gc,phases,start] GC(127) Compaction Phase
[81.367s][info][gc,phases      ] GC(127) Compaction Phase 70.635ms
[81.367s][info][gc,phases,start] GC(127) Post Compact
[81.370s][info][gc,phases      ] GC(127) Post Compact 2.261ms
[81.370s][info][gc,heap        ] GC(127) PSYoungGen: 111616K(222720K)->111616K(222720K) Eden: 111616K(111616K)->111616K(111616K) From: 0K(111104K)->0K(111104K)
[81.370s][info][gc,heap        ] GC(127) ParOldGen: 667353K(667648K)->667353K(667648K)
[81.370s][info][gc,metaspace   ] GC(127) Metaspace: 18025K(18240K)->18025K(18240K) NonClass: 16576K(16704K)->16576K(16704K) Class: 1448K(1536K)->1448K(1536K)
[81.370s][info][gc             ] GC(127) Pause Full (Allocation Failure) 760M->760M(869M) 444.881ms
[81.370s][info][gc,cpu         ] GC(127) User=0.86s Sys=0.00s Real=0.44s
[81.370s][info][gc,start       ] GC(128) Pause Full (Allocation Failure)
[81.370s][info][gc,phases,start] GC(128) Marking Phase
[81.604s][info][gc,phases      ] GC(128) Marking Phase 233.832ms
[81.604s][info][gc,phases,start] GC(128) Summary Phase
[81.604s][info][gc,phases      ] GC(128) Summary Phase 0.022ms
[81.604s][info][gc,phases,start] GC(128) Forward
[81.620s][info][gc,phases      ] GC(128) Forward 16.342ms
[81.620s][info][gc,phases,start] GC(128) Adjust Pointers
[81.739s][info][gc,phases      ] GC(128) Adjust Pointers 119.092ms
[81.739s][info][gc,phases,start] GC(128) Compaction Phase
[81.810s][info][gc,phases      ] GC(128) Compaction Phase 70.172ms
[81.810s][info][gc,phases,start] GC(128) Post Compact
[81.812s][info][gc,phases      ] GC(128) Post Compact 2.236ms
[81.812s][info][gc,heap        ] GC(128) PSYoungGen: 111616K(222720K)->111616K(222720K) Eden: 111616K(111616K)->111616K(111616K) From: 0K(111104K)->0K(111104K)
[81.812s][info][gc,heap        ] GC(128) ParOldGen: 667353K(667648K)->667353K(667648K)
[81.812s][info][gc,metaspace   ] GC(128) Metaspace: 18025K(18240K)->18025K(18240K) NonClass: 16576K(16704K)->16576K(16704K) Class: 1448K(1536K)->1448K(1536K)
[81.812s][info][gc             ] GC(128) Pause Full (Allocation Failure) 760M->760M(869M) 442.057ms
[81.812s][info][gc,cpu         ] GC(128) User=0.86s Sys=0.00s Real=0.44s
[81.812s][info][gc,start       ] GC(129) Pause Full (Allocation Failure)
[81.812s][info][gc,phases,start] GC(129) Marking Phase
[82.047s][info][gc,phases      ] GC(129) Marking Phase 234.868ms
[82.047s][info][gc,phases,start] GC(129) Summary Phase
[82.047s][info][gc,phases      ] GC(129) Summary Phase 0.022ms
[82.047s][info][gc,phases,start] GC(129) Forward
[82.063s][info][gc,phases      ] GC(129) Forward 16.379ms
[82.064s][info][gc,phases,start] GC(129) Adjust Pointers
[82.182s][info][gc,phases      ] GC(129) Adjust Pointers 118.740ms
[82.182s][info][gc,phases,start] GC(129) Compaction Phase
[82.253s][info][gc,phases      ] GC(129) Compaction Phase 70.483ms
[82.253s][info][gc,phases,start] GC(129) Post Compact
[82.255s][info][gc,phases      ] GC(129) Post Compact 2.246ms
[82.255s][info][gc,heap        ] GC(129) PSYoungGen: 111616K(222720K)->111616K(222720K) Eden: 111616K(111616K)->111616K(111616K) From: 0K(111104K)->0K(111104K)
[82.255s][info][gc,heap        ] GC(129) ParOldGen: 667353K(667648K)->667353K(667648K)
[82.255s][info][gc,metaspace   ] GC(129) Metaspace: 18025K(18240K)->18025K(18240K) NonClass: 16576K(16704K)->16576K(16704K) Class: 1448K(1536K)->1448K(1536K)
[82.255s][info][gc             ] GC(129) Pause Full (Allocation Failure) 760M->760M(869M) 443.097ms
[82.255s][info][gc,cpu         ] GC(129) User=0.87s Sys=0.00s Real=0.45s
[82.255s][info][gc,start       ] GC(130) Pause Full (Allocation Failure)
[82.255s][info][gc,phases,start] GC(130) Marking Phase
[82.491s][info][gc,phases      ] GC(130) Marking Phase 235.195ms
[82.491s][info][gc,phases,start] GC(130) Summary Phase
[82.491s][info][gc,phases      ] GC(130) Summary Phase 0.022ms
[82.491s][info][gc,phases,start] GC(130) Forward
[82.507s][info][gc,phases      ] GC(130) Forward 16.379ms
[82.507s][info][gc,phases,start] GC(130) Adjust Pointers
[82.625s][info][gc,phases      ] GC(130) Adjust Pointers 117.500ms
[82.625s][info][gc,phases,start] GC(130) Compaction Phase
[82.695s][info][gc,phases      ] GC(130) Compaction Phase 70.243ms
[82.695s][info][gc,phases,start] GC(130) Post Compact
[82.697s][info][gc,phases      ] GC(130) Post Compact 2.261ms
[82.697s][info][gc,heap        ] GC(130) PSYoungGen: 111616K(222720K)->111616K(222720K) Eden: 111616K(111616K)->111616K(111616K) From: 0K(111104K)->0K(111104K)
[82.697s][info][gc,heap        ] GC(130) ParOldGen: 667353K(667648K)->667353K(667648K)
[82.697s][info][gc,metaspace   ] GC(130) Metaspace: 18025K(18240K)->18025K(18240K) NonClass: 16576K(16704K)->16576K(16704K) Class: 1448K(1536K)->1448K(1536K)
[82.697s][info][gc             ] GC(130) Pause Full (Allocation Failure) 760M->760M(869M) 441.943ms
[82.697s][info][gc,cpu         ] GC(130) User=0.86s Sys=0.00s Real=0.44s
[82.698s][info][gc,start       ] GC(131) Pause Full (Allocation Failure)
[82.698s][info][gc,phases,start] GC(131) Marking Phase
[82.926s][info][gc,phases      ] GC(131) Marking Phase 228.760ms
[82.926s][info][gc,phases,start] GC(131) Summary Phase
[82.926s][info][gc,phases      ] GC(131) Summary Phase 0.026ms
[82.927s][info][gc,phases,start] GC(131) Forward
[83.011s][info][gc,phases      ] GC(131) Forward 83.981ms
[83.011s][info][gc,phases,start] GC(131) Adjust Pointers
[83.134s][info][gc,phases      ] GC(131) Adjust Pointers 123.708ms
[83.134s][info][gc,phases,start] GC(131) Compaction Phase
[83.237s][info][gc,phases      ] GC(131) Compaction Phase 102.221ms
[83.237s][info][gc,phases,start] GC(131) Post Compact
[83.239s][info][metaspace      ] ChkMgr @0x00007fd1c403aa80 (non-class-space): : reclaiming memory...
[83.239s][info][metaspace      ] ChkMgr @0x00007fd1c403aa80 (non-class-space): nothing reclaimed.
[83.239s][info][metaspace      ] ChkMgr @0x00007fd1c403a890 (class-space): : reclaiming memory...
[83.239s][info][metaspace      ] ChkMgr @0x00007fd1c403a890 (class-space): nothing reclaimed.
[83.239s][info][gc,phases      ] GC(131) Post Compact 2.327ms
[83.239s][info][gc,heap        ] GC(131) PSYoungGen: 111616K(222720K)->0K(222720K) Eden: 111616K(111616K)->0K(111616K) From: 0K(111104K)->0K(111104K)
[83.239s][info][gc,heap        ] GC(131) ParOldGen: 667353K(667648K)->437819K(667648K)
[83.239s][info][gc,metaspace   ] GC(131) Metaspace: 18025K(18240K)->18022K(18240K) NonClass: 16576K(16704K)->16573K(16704K) Class: 1448K(1536K)->1448K(1536K)
[83.239s][info][gc             ] GC(131) Pause Full (Allocation Failure) 760M->427M(869M) 541.528ms
[83.239s][info][gc,cpu         ] GC(131) User=0.99s Sys=0.00s Real=0.54s
[83.356s][info][gc,start       ] GC(132) Pause Young (Allocation Failure)
[83.408s][info][gc,heap        ] GC(132) PSYoungGen: 111616K(222720K)->48420K(222720K) Eden: 111616K(111616K)->0K(111616K) From: 0K(111104K)->48420K(111104K)
[83.408s][info][gc,heap        ] GC(132) ParOldGen: 437819K(667648K)->437819K(667648K)
[83.408s][info][gc,metaspace   ] GC(132) Metaspace: 18026K(18240K)->18026K(18240K) NonClass: 16577K(16704K)->16577K(16704K) Class: 1448K(1536K)->1448K(1536K)
[83.408s][info][gc             ] GC(132) Pause Young (Allocation Failure) 536M->474M(869M) 51.926ms
[83.408s][info][gc,cpu         ] GC(132) User=0.10s Sys=0.00s Real=0.05s
[83.561s][info][gc,start       ] GC(133) Pause Young (Allocation Failure)
[83.631s][info][gc,heap        ] GC(133) PSYoungGen: 160036K(222720K)->16712K(222720K) Eden: 111616K(111616K)->0K(111616K) From: 48420K(111104K)->16712K(111104K)
[83.631s][info][gc,heap        ] GC(133) ParOldGen: 437819K(667648K)->486500K(667648K)
[83.631s][info][gc,metaspace   ] GC(133) Metaspace: 18029K(18240K)->18029K(18240K) NonClass: 16580K(16704K)->16580K(16704K) Class: 1448K(1536K)->1448K(1536K)
[83.631s][info][gc             ] GC(133) Pause Young (Allocation Failure) 583M->491M(869M) 70.105ms
[83.631s][info][gc,cpu         ] GC(133) User=0.14s Sys=0.00s Real=0.07s
[84.582s][info][gc,start       ] GC(134) Pause Young (Allocation Failure)
[84.662s][info][gc,heap        ] GC(134) PSYoungGen: 128328K(222720K)->52496K(222720K) Eden: 111616K(111616K)->0K(111616K) From: 16712K(111104K)->52496K(111104K)
[84.662s][info][gc,heap        ] GC(134) ParOldGen: 486500K(667648K)->503737K(667648K)
[84.662s][info][gc,metaspace   ] GC(134) Metaspace: 18039K(18240K)->18039K(18240K) NonClass: 16590K(16704K)->16590K(16704K) Class: 1448K(1536K)->1448K(1536K)
[84.662s][info][gc             ] GC(134) Pause Young (Allocation Failure) 600M->543M(869M) 79.784ms
[84.662s][info][gc,cpu         ] GC(134) User=0.16s Sys=0.00s Real=0.08s
[84.794s][info][gc,start       ] GC(135) Pause Young (Allocation Failure)
[84.948s][info][gc,heap        ] GC(135) PSYoungGen: 164112K(222720K)->110176K(222720K) Eden: 111616K(111616K)->0K(111616K) From: 52496K(111104K)->110176K(111104K)
[84.948s][info][gc,heap        ] GC(135) ParOldGen: 503737K(667648K)->556346K(667648K)
[84.948s][info][gc,metaspace   ] GC(135) Metaspace: 18039K(18240K)->18039K(18240K) NonClass: 16590K(16704K)->16590K(16704K) Class: 1448K(1536K)->1448K(1536K)
[84.948s][info][gc             ] GC(135) Pause Young (Allocation Failure) 652M->650M(869M) 153.506ms
[84.948s][info][gc,cpu         ] GC(135) User=0.31s Sys=0.01s Real=0.15s
[85.080s][info][gc,start       ] GC(136) Pause Young (Allocation Failure)
[85.276s][info][gc,heap        ] GC(136) PSYoungGen: 221792K(222720K)->110176K(222720K) Eden: 111616K(111616K)->0K(111616K) From: 110176K(111104K)->110176K(111104K)
[85.276s][info][gc,heap        ] GC(136) ParOldGen: 556346K(667648K)->666786K(667648K)
[85.276s][info][gc,metaspace   ] GC(136) Metaspace: 18039K(18240K)->18039K(18240K) NonClass: 16590K(16704K)->16590K(16704K) Class: 1448K(1536K)->1448K(1536K)
[85.276s][info][gc             ] GC(136) Pause Young (Allocation Failure) 759M->758M(869M) 196.427ms
[85.276s][info][gc,cpu         ] GC(136) User=0.38s Sys=0.00s Real=0.20s
[85.408s][info][gc,start       ] GC(137) Pause Full (Allocation Failure)
[85.408s][info][gc,phases,start] GC(137) Marking Phase
[85.936s][info][gc,phases      ] GC(137) Marking Phase 527.712ms
[85.936s][info][gc,phases,start] GC(137) Summary Phase
[85.936s][info][gc,phases      ] GC(137) Summary Phase 0.030ms
[85.936s][info][gc,phases,start] GC(137) Forward
[86.080s][info][gc,phases      ] GC(137) Forward 143.895ms
[86.080s][info][gc,phases,start] GC(137) Adjust Pointers
[86.363s][info][gc,phases      ] GC(137) Adjust Pointers 282.381ms
[86.363s][info][gc,phases,start] GC(137) Compaction Phase
[86.580s][info][gc,phases      ] GC(137) Compaction Phase 217.664ms
[86.581s][info][gc,phases,start] GC(137) Post Compact
[86.583s][info][gc,phases      ] GC(137) Post Compact 2.555ms
[86.583s][info][gc,heap        ] GC(137) PSYoungGen: 221792K(222720K)->60918K(222720K) Eden: 111616K(111616K)->0K(111616K) From: 110176K(111104K)->60918K(111104K)
[86.583s][info][gc,heap        ] GC(137) ParOldGen: 666786K(667648K)->667519K(667648K)
[86.583s][info][gc,metaspace   ] GC(137) Metaspace: 18039K(18240K)->18039K(18240K) NonClass: 16590K(16704K)->16590K(16704K) Class: 1448K(1536K)->1448K(1536K)
[86.583s][info][gc             ] GC(137) Pause Full (Allocation Failure) 867M->711M(869M) 1174.783ms
[86.583s][info][gc,cpu         ] GC(137) User=2.28s Sys=0.00s Real=1.17s
[86.711s][info][gc,start       ] GC(138) Pause Full (Allocation Failure)
[86.711s][info][gc,phases,start] GC(138) Marking Phase
[87.300s][info][gc,phases      ] GC(138) Marking Phase 589.181ms
[87.300s][info][gc,phases,start] GC(138) Summary Phase
[87.300s][info][gc,phases      ] GC(138) Summary Phase 0.026ms
[87.300s][info][gc,phases,start] GC(138) Forward
[87.452s][info][gc,phases      ] GC(138) Forward 152.373ms
[87.453s][info][gc,phases,start] GC(138) Adjust Pointers
[87.779s][info][gc,phases      ] GC(138) Adjust Pointers 326.822ms
[87.779s][info][gc,phases,start] GC(138) Compaction Phase
[87.966s][info][gc,phases      ] GC(138) Compaction Phase 186.277ms
[87.966s][info][gc,phases,start] GC(138) Post Compact
[87.968s][info][gc,phases      ] GC(138) Post Compact 2.343ms
[87.968s][info][gc,heap        ] GC(138) PSYoungGen: 172534K(222720K)->170933K(222720K) Eden: 111616K(111616K)->111551K(111616K) From: 60918K(111104K)->59381K(111104K)
[87.968s][info][gc,heap        ] GC(138) ParOldGen: 667519K(667648K)->667518K(667648K)
[87.968s][info][gc,metaspace   ] GC(138) Metaspace: 18041K(18240K)->18041K(18240K) NonClass: 16592K(16704K)->16592K(16704K) Class: 1448K(1536K)->1448K(1536K)
[87.968s][info][gc             ] GC(138) Pause Full (Allocation Failure) 820M->818M(869M) 1257.431ms
[87.968s][info][gc,cpu         ] GC(138) User=2.46s Sys=0.01s Real=1.26s
[87.969s][info][gc,start       ] GC(139) Pause Full (Allocation Failure)
[87.969s][info][gc,phases,start] GC(139) Marking Phase
[88.553s][info][gc,phases      ] GC(139) Marking Phase 584.284ms
[88.553s][info][gc,phases,start] GC(139) Summary Phase
[88.553s][info][gc,phases      ] GC(139) Summary Phase 0.023ms
[88.553s][info][gc,phases,start] GC(139) Forward
[88.584s][info][gc,phases      ] GC(139) Forward 30.922ms
[88.584s][info][gc,phases,start] GC(139) Adjust Pointers
[88.872s][info][gc,phases      ] GC(139) Adjust Pointers 287.841ms
[88.872s][info][gc,phases,start] GC(139) Compaction Phase
[89.013s][info][gc,phases      ] GC(139) Compaction Phase 141.358ms
[89.013s][info][gc,phases,start] GC(139) Post Compact
[89.016s][info][gc,phases      ] GC(139) Post Compact 2.339ms
[89.016s][info][gc,heap        ] GC(139) PSYoungGen: 170997K(222720K)->170996K(222720K) Eden: 111616K(111616K)->111614K(111616K) From: 59381K(111104K)->59381K(111104K)
[89.016s][info][gc,heap        ] GC(139) ParOldGen: 667518K(667648K)->667518K(667648K)
[89.016s][info][gc,metaspace   ] GC(139) Metaspace: 18041K(18240K)->18041K(18240K) NonClass: 16592K(16704K)->16592K(16704K) Class: 1448K(1536K)->1448K(1536K)
[89.016s][info][gc             ] GC(139) Pause Full (Allocation Failure) 818M->818M(869M) 1047.146ms
[89.016s][info][gc,cpu         ] GC(139) User=2.06s Sys=0.00s Real=1.05s
[89.016s][info][gc,start       ] GC(140) Pause Full (Allocation Failure)
[89.016s][info][gc,phases,start] GC(140) Marking Phase
[89.602s][info][gc,phases      ] GC(140) Marking Phase 585.457ms
[89.602s][info][gc,phases,start] GC(140) Summary Phase
[89.602s][info][gc,phases      ] GC(140) Summary Phase 0.024ms
[89.602s][info][gc,phases,start] GC(140) Forward
[89.633s][info][gc,phases      ] GC(140) Forward 31.223ms
[89.633s][info][gc,phases,start] GC(140) Adjust Pointers
[89.925s][info][gc,phases      ] GC(140) Adjust Pointers 292.152ms
[89.925s][info][gc,phases,start] GC(140) Compaction Phase
[90.066s][info][gc,phases      ] GC(140) Compaction Phase 140.470ms
[90.066s][info][gc,phases,start] GC(140) Post Compact
[90.068s][info][gc,phases      ] GC(140) Post Compact 2.314ms
[90.068s][info][gc,heap        ] GC(140) PSYoungGen: 170997K(222720K)->170997K(222720K) Eden: 111616K(111616K)->111615K(111616K) From: 59381K(111104K)->59381K(111104K)
[90.068s][info][gc,heap        ] GC(140) ParOldGen: 667518K(667648K)->667518K(667648K)
[90.068s][info][gc,metaspace   ] GC(140) Metaspace: 18041K(18240K)->18041K(18240K) NonClass: 16592K(16704K)->16592K(16704K) Class: 1448K(1536K)->1448K(1536K)
[90.068s][info][gc             ] GC(140) Pause Full (Allocation Failure) 818M->818M(869M) 1051.978ms
[90.068s][info][gc,cpu         ] GC(140) User=2.08s Sys=0.00s Real=1.05s
[90.068s][info][gc,start       ] GC(141) Pause Full (Allocation Failure)
[90.068s][info][gc,phases,start] GC(141) Marking Phase
[90.651s][info][gc,phases      ] GC(141) Marking Phase 582.868ms
[90.651s][info][gc,phases,start] GC(141) Summary Phase
[90.651s][info][gc,phases      ] GC(141) Summary Phase 0.021ms
[90.651s][info][gc,phases,start] GC(141) Forward
[90.682s][info][gc,phases      ] GC(141) Forward 30.794ms
[90.682s][info][gc,phases,start] GC(141) Adjust Pointers
[90.969s][info][gc,phases      ] GC(141) Adjust Pointers 287.179ms
[90.969s][info][gc,phases,start] GC(141) Compaction Phase
[91.110s][info][gc,phases      ] GC(141) Compaction Phase 140.466ms
[91.110s][info][gc,phases,start] GC(141) Post Compact
[91.112s][info][gc,phases      ] GC(141) Post Compact 2.334ms
[91.112s][info][gc,heap        ] GC(141) PSYoungGen: 170997K(222720K)->170997K(222720K) Eden: 111616K(111616K)->111616K(111616K) From: 59381K(111104K)->59381K(111104K)
[91.112s][info][gc,heap        ] GC(141) ParOldGen: 667518K(667648K)->667518K(667648K)
[91.112s][info][gc,metaspace   ] GC(141) Metaspace: 18041K(18240K)->18041K(18240K) NonClass: 16592K(16704K)->16592K(16704K) Class: 1448K(1536K)->1448K(1536K)
[91.112s][info][gc             ] GC(141) Pause Full (Allocation Failure) 818M->818M(869M) 1043.966ms
[91.112s][info][gc,cpu         ] GC(141) User=2.06s Sys=0.00s Real=1.04s
[91.113s][info][gc,start       ] GC(142) Pause Full (Allocation Failure)
[91.113s][info][gc,phases,start] GC(142) Marking Phase
[91.695s][info][gc,phases      ] GC(142) Marking Phase 582.898ms
[91.696s][info][gc,phases,start] GC(142) Summary Phase
[91.696s][info][gc,phases      ] GC(142) Summary Phase 0.023ms
[91.696s][info][gc,phases,start] GC(142) Forward
[91.729s][info][gc,phases      ] GC(142) Forward 33.054ms
[91.729s][info][gc,phases,start] GC(142) Adjust Pointers
[92.016s][info][gc,phases      ] GC(142) Adjust Pointers 287.154ms
[92.016s][info][gc,phases,start] GC(142) Compaction Phase
[92.157s][info][gc,phases      ] GC(142) Compaction Phase 140.642ms
[92.157s][info][gc,phases,start] GC(142) Post Compact
[92.159s][info][gc,phases      ] GC(142) Post Compact 2.343ms
[92.159s][info][gc,heap        ] GC(142) PSYoungGen: 170997K(222720K)->170997K(222720K) Eden: 111616K(111616K)->111616K(111616K) From: 59381K(111104K)->59381K(111104K)
[92.159s][info][gc,heap        ] GC(142) ParOldGen: 667518K(667648K)->667518K(667648K)
[92.159s][info][gc,metaspace   ] GC(142) Metaspace: 18041K(18240K)->18041K(18240K) NonClass: 16592K(16704K)->16592K(16704K) Class: 1448K(1536K)->1448K(1536K)
[92.159s][info][gc             ] GC(142) Pause Full (Allocation Failure) 818M->818M(869M) 1046.464ms
[92.159s][info][gc,cpu         ] GC(142) User=2.06s Sys=0.00s Real=1.05s
[92.159s][info][gc,start       ] GC(143) Pause Full (Allocation Failure)
[92.159s][info][gc,phases,start] GC(143) Marking Phase
[92.756s][info][gc,phases      ] GC(143) Marking Phase 596.529ms
[92.756s][info][gc,phases,start] GC(143) Summary Phase
[92.756s][info][gc,phases      ] GC(143) Summary Phase 0.023ms
[92.756s][info][gc,phases,start] GC(143) Forward
[92.786s][info][gc,phases      ] GC(143) Forward 30.586ms
[92.786s][info][gc,phases,start] GC(143) Adjust Pointers
[93.076s][info][gc,phases      ] GC(143) Adjust Pointers 289.107ms
[93.076s][info][gc,phases,start] GC(143) Compaction Phase
[93.217s][info][gc,phases      ] GC(143) Compaction Phase 140.881ms
[93.217s][info][gc,phases,start] GC(143) Post Compact
[93.219s][info][gc,phases      ] GC(143) Post Compact 2.330ms
[93.219s][info][gc,heap        ] GC(143) PSYoungGen: 170997K(222720K)->170997K(222720K) Eden: 111616K(111616K)->111616K(111616K) From: 59381K(111104K)->59381K(111104K)
[93.219s][info][gc,heap        ] GC(143) ParOldGen: 667518K(667648K)->667518K(667648K)
[93.219s][info][gc,metaspace   ] GC(143) Metaspace: 18041K(18240K)->18041K(18240K) NonClass: 16592K(16704K)->16592K(16704K) Class: 1448K(1536K)->1448K(1536K)
[93.219s][info][gc             ] GC(143) Pause Full (Allocation Failure) 818M->818M(869M) 1059.801ms
[93.219s][info][gc,cpu         ] GC(143) User=2.09s Sys=0.00s Real=1.06s
[93.219s][info][gc,start       ] GC(144) Pause Full (Allocation Failure)
[93.219s][info][gc,phases,start] GC(144) Marking Phase
[93.806s][info][gc,phases      ] GC(144) Marking Phase 586.975ms
[93.806s][info][gc,phases,start] GC(144) Summary Phase
[93.806s][info][gc,phases      ] GC(144) Summary Phase 0.022ms
[93.806s][info][gc,phases,start] GC(144) Forward
[93.837s][info][gc,phases      ] GC(144) Forward 30.810ms
[93.837s][info][gc,phases,start] GC(144) Adjust Pointers
[94.128s][info][gc,phases      ] GC(144) Adjust Pointers 290.930ms
[94.128s][info][gc,phases,start] GC(144) Compaction Phase
[94.270s][info][gc,phases      ] GC(144) Compaction Phase 142.280ms
[94.270s][info][gc,phases,start] GC(144) Post Compact
[94.273s][info][gc,phases      ] GC(144) Post Compact 2.354ms
[94.273s][info][gc,heap        ] GC(144) PSYoungGen: 170997K(222720K)->170997K(222720K) Eden: 111616K(111616K)->111616K(111616K) From: 59381K(111104K)->59381K(111104K)
[94.273s][info][gc,heap        ] GC(144) ParOldGen: 667518K(667648K)->667518K(667648K)
[94.273s][info][gc,metaspace   ] GC(144) Metaspace: 18041K(18240K)->18041K(18240K) NonClass: 16592K(16704K)->16592K(16704K) Class: 1448K(1536K)->1448K(1536K)
[94.273s][info][gc             ] GC(144) Pause Full (Allocation Failure) 818M->818M(869M) 1053.716ms
[94.273s][info][gc,cpu         ] GC(144) User=2.08s Sys=0.00s Real=1.05s
[94.273s][info][gc,start       ] GC(145) Pause Full (Allocation Failure)
[94.273s][info][gc,phases,start] GC(145) Marking Phase
[94.856s][info][gc,phases      ] GC(145) Marking Phase 582.490ms
[94.856s][info][gc,phases,start] GC(145) Summary Phase
[94.856s][info][gc,phases      ] GC(145) Summary Phase 0.024ms
[94.856s][info][gc,phases,start] GC(145) Forward
[94.886s][info][gc,phases      ] GC(145) Forward 30.855ms
[94.886s][info][gc,phases,start] GC(145) Adjust Pointers
[95.174s][info][gc,phases      ] GC(145) Adjust Pointers 287.588ms
[95.174s][info][gc,phases,start] GC(145) Compaction Phase
[95.317s][info][gc,phases      ] GC(145) Compaction Phase 143.146ms
[95.317s][info][gc,phases,start] GC(145) Post Compact
[95.320s][info][gc,phases      ] GC(145) Post Compact 2.362ms
[95.320s][info][gc,heap        ] GC(145) PSYoungGen: 170997K(222720K)->170997K(222720K) Eden: 111616K(111616K)->111616K(111616K) From: 59381K(111104K)->59381K(111104K)
[95.320s][info][gc,heap        ] GC(145) ParOldGen: 667518K(667648K)->667518K(667648K)
[95.320s][info][gc,metaspace   ] GC(145) Metaspace: 18041K(18240K)->18041K(18240K) NonClass: 16592K(16704K)->16592K(16704K) Class: 1448K(1536K)->1448K(1536K)
[95.320s][info][gc             ] GC(145) Pause Full (Allocation Failure) 818M->818M(869M) 1046.774ms
[95.320s][info][gc,cpu         ] GC(145) User=2.07s Sys=0.00s Real=1.05s
[95.320s][info][gc,start       ] GC(146) Pause Full (Allocation Failure)
[95.320s][info][gc,phases,start] GC(146) Marking Phase
[95.905s][info][gc,phases      ] GC(146) Marking Phase 584.675ms
[95.905s][info][gc,phases,start] GC(146) Summary Phase
[95.905s][info][gc,phases      ] GC(146) Summary Phase 0.022ms
[95.905s][info][gc,phases,start] GC(146) Forward
[95.937s][info][gc,phases      ] GC(146) Forward 32.234ms
[95.937s][info][gc,phases,start] GC(146) Adjust Pointers
[96.227s][info][gc,phases      ] GC(146) Adjust Pointers 289.853ms
[96.227s][info][gc,phases,start] GC(146) Compaction Phase
[96.369s][info][gc,phases      ] GC(146) Compaction Phase 141.632ms
[96.369s][info][gc,phases,start] GC(146) Post Compact
[96.371s][info][gc,phases      ] GC(146) Post Compact 2.313ms
[96.371s][info][gc,heap        ] GC(146) PSYoungGen: 170997K(222720K)->170997K(222720K) Eden: 111616K(111616K)->111616K(111616K) From: 59381K(111104K)->59381K(111104K)
[96.371s][info][gc,heap        ] GC(146) ParOldGen: 667518K(667648K)->667518K(667648K)
[96.371s][info][gc,metaspace   ] GC(146) Metaspace: 18041K(18240K)->18041K(18240K) NonClass: 16592K(16704K)->16592K(16704K) Class: 1448K(1536K)->1448K(1536K)
[96.371s][info][gc             ] GC(146) Pause Full (Allocation Failure) 818M->818M(869M) 1051.064ms
[96.371s][info][gc,cpu         ] GC(146) User=2.07s Sys=0.00s Real=1.05s
[96.371s][info][gc,start       ] GC(147) Pause Full (Allocation Failure)
[96.371s][info][gc,phases,start] GC(147) Marking Phase
[96.953s][info][gc,phases      ] GC(147) Marking Phase 582.038ms
[96.953s][info][gc,phases,start] GC(147) Summary Phase
[96.953s][info][gc,phases      ] GC(147) Summary Phase 0.022ms
[96.953s][info][gc,phases,start] GC(147) Forward
[96.984s][info][gc,phases      ] GC(147) Forward 30.904ms
[96.984s][info][gc,phases,start] GC(147) Adjust Pointers
[97.273s][info][gc,phases      ] GC(147) Adjust Pointers 288.622ms
[97.273s][info][gc,phases,start] GC(147) Compaction Phase
[97.414s][info][gc,phases      ] GC(147) Compaction Phase 140.843ms
[97.414s][info][gc,phases,start] GC(147) Post Compact
[97.416s][info][gc,phases      ] GC(147) Post Compact 2.440ms
[97.416s][info][gc,heap        ] GC(147) PSYoungGen: 170997K(222720K)->170997K(222720K) Eden: 111616K(111616K)->111616K(111616K) From: 59381K(111104K)->59381K(111104K)
[97.416s][info][gc,heap        ] GC(147) ParOldGen: 667518K(667648K)->667518K(667648K)
[97.416s][info][gc,metaspace   ] GC(147) Metaspace: 18041K(18240K)->18041K(18240K) NonClass: 16592K(16704K)->16592K(16704K) Class: 1448K(1536K)->1448K(1536K)
[97.416s][info][gc             ] GC(147) Pause Full (Allocation Failure) 818M->818M(869M) 1045.202ms
[97.416s][info][gc,cpu         ] GC(147) User=2.07s Sys=0.01s Real=1.05s
[97.416s][info][gc,start       ] GC(148) Pause Full (Allocation Failure)
[97.416s][info][gc,phases,start] GC(148) Marking Phase
[98.000s][info][gc,phases      ] GC(148) Marking Phase 583.691ms
[98.000s][info][gc,phases,start] GC(148) Summary Phase
[98.000s][info][gc,phases      ] GC(148) Summary Phase 0.024ms
[98.000s][info][gc,phases,start] GC(148) Forward
[98.032s][info][gc,phases      ] GC(148) Forward 31.253ms
[98.032s][info][gc,phases,start] GC(148) Adjust Pointers
[98.323s][info][gc,phases      ] GC(148) Adjust Pointers 291.500ms
[98.323s][info][gc,phases,start] GC(148) Compaction Phase
[98.464s][info][gc,phases      ] GC(148) Compaction Phase 140.415ms
[98.464s][info][gc,phases,start] GC(148) Post Compact
[98.466s][info][gc,phases      ] GC(148) Post Compact 2.404ms
[98.466s][info][gc,heap        ] GC(148) PSYoungGen: 170997K(222720K)->170997K(222720K) Eden: 111616K(111616K)->111616K(111616K) From: 59381K(111104K)->59381K(111104K)
[98.466s][info][gc,heap        ] GC(148) ParOldGen: 667518K(667648K)->667518K(667648K)
[98.466s][info][gc,metaspace   ] GC(148) Metaspace: 18041K(18240K)->18041K(18240K) NonClass: 16592K(16704K)->16592K(16704K) Class: 1448K(1536K)->1448K(1536K)
[98.466s][info][gc             ] GC(148) Pause Full (Allocation Failure) 818M->818M(869M) 1049.608ms
[98.466s][info][gc,cpu         ] GC(148) User=2.07s Sys=0.00s Real=1.05s
[98.466s][info][gc,start       ] GC(149) Pause Full (Allocation Failure)
[98.466s][info][gc,phases,start] GC(149) Marking Phase
[99.053s][info][gc,phases      ] GC(149) Marking Phase 586.864ms
[99.053s][info][gc,phases,start] GC(149) Summary Phase
[99.053s][info][gc,phases      ] GC(149) Summary Phase 0.023ms
[99.053s][info][gc,phases,start] GC(149) Forward
[99.084s][info][gc,phases      ] GC(149) Forward 30.624ms
[99.084s][info][gc,phases,start] GC(149) Adjust Pointers
[99.380s][info][gc,phases      ] GC(149) Adjust Pointers 296.058ms
[99.380s][info][gc,phases,start] GC(149) Compaction Phase
[99.528s][info][gc,phases      ] GC(149) Compaction Phase 148.242ms
[99.528s][info][gc,phases,start] GC(149) Post Compact
[99.531s][info][gc,phases      ] GC(149) Post Compact 2.449ms
[99.531s][info][gc,heap        ] GC(149) PSYoungGen: 170997K(222720K)->170997K(222720K) Eden: 111616K(111616K)->111616K(111616K) From: 59381K(111104K)->59381K(111104K)
[99.531s][info][gc,heap        ] GC(149) ParOldGen: 667519K(667648K)->667519K(667648K)
[99.531s][info][gc,metaspace   ] GC(149) Metaspace: 18041K(18240K)->18041K(18240K) NonClass: 16592K(16704K)->16592K(16704K) Class: 1448K(1536K)->1448K(1536K)
[99.531s][info][gc             ] GC(149) Pause Full (Allocation Failure) 818M->818M(869M) 1064.615ms
[99.531s][info][gc,cpu         ] GC(149) User=2.10s Sys=0.00s Real=1.06s
[99.531s][info][gc,start       ] GC(150) Pause Full (Allocation Failure)
[99.531s][info][gc,phases,start] GC(150) Marking Phase
[100.116s][info][gc,phases      ] GC(150) Marking Phase 584.866ms
[100.116s][info][gc,phases,start] GC(150) Summary Phase
[100.116s][info][gc,phases      ] GC(150) Summary Phase 0.024ms
[100.116s][info][gc,phases,start] GC(150) Forward
[100.147s][info][gc,phases      ] GC(150) Forward 30.712ms
[100.147s][info][gc,phases,start] GC(150) Adjust Pointers
[100.438s][info][gc,phases      ] GC(150) Adjust Pointers 291.476ms
[100.438s][info][gc,phases,start] GC(150) Compaction Phase
[100.579s][info][gc,phases      ] GC(150) Compaction Phase 140.895ms
[100.579s][info][gc,phases,start] GC(150) Post Compact
[100.581s][info][gc,phases      ] GC(150) Post Compact 2.304ms
[100.581s][info][gc,heap        ] GC(150) PSYoungGen: 170997K(222720K)->170997K(222720K) Eden: 111616K(111616K)->111616K(111616K) From: 59381K(111104K)->59381K(111104K)
[100.582s][info][gc,heap        ] GC(150) ParOldGen: 667519K(667648K)->667519K(667648K)
[100.582s][info][gc,metaspace   ] GC(150) Metaspace: 18041K(18240K)->18041K(18240K) NonClass: 16592K(16704K)->16592K(16704K) Class: 1448K(1536K)->1448K(1536K)
[100.582s][info][gc             ] GC(150) Pause Full (Allocation Failure) 818M->818M(869M) 1050.608ms
[100.582s][info][gc,cpu         ] GC(150) User=2.07s Sys=0.00s Real=1.05s
[100.582s][info][gc,start       ] GC(151) Pause Full (Allocation Failure)
[100.582s][info][gc,phases,start] GC(151) Marking Phase
[101.165s][info][gc,phases      ] GC(151) Marking Phase 583.281ms
[101.165s][info][gc,phases,start] GC(151) Summary Phase
[101.165s][info][gc,phases      ] GC(151) Summary Phase 0.021ms
[101.165s][info][gc,phases,start] GC(151) Forward
[101.196s][info][gc,phases      ] GC(151) Forward 31.221ms
[101.196s][info][gc,phases,start] GC(151) Adjust Pointers
[101.485s][info][gc,phases      ] GC(151) Adjust Pointers 288.371ms
[101.485s][info][gc,phases,start] GC(151) Compaction Phase
[101.626s][info][gc,phases      ] GC(151) Compaction Phase 141.277ms
[101.626s][info][gc,phases,start] GC(151) Post Compact
[101.628s][info][gc,phases      ] GC(151) Post Compact 2.304ms
[101.628s][info][gc,heap        ] GC(151) PSYoungGen: 170997K(222720K)->170997K(222720K) Eden: 111616K(111616K)->111616K(111616K) From: 59381K(111104K)->59381K(111104K)
[101.628s][info][gc,heap        ] GC(151) ParOldGen: 667519K(667648K)->667519K(667648K)
[101.628s][info][gc,metaspace   ] GC(151) Metaspace: 18041K(18240K)->18041K(18240K) NonClass: 16592K(16704K)->16592K(16704K) Class: 1448K(1536K)->1448K(1536K)
[101.628s][info][gc             ] GC(151) Pause Full (Allocation Failure) 818M->818M(869M) 1046.804ms
[101.628s][info][gc,cpu         ] GC(151) User=2.07s Sys=0.00s Real=1.05s
[101.629s][info][gc,start       ] GC(152) Pause Full (Allocation Failure)
[101.629s][info][gc,phases,start] GC(152) Marking Phase
[102.212s][info][gc,phases      ] GC(152) Marking Phase 583.475ms
[102.212s][info][gc,phases,start] GC(152) Summary Phase
[102.212s][info][gc,phases      ] GC(152) Summary Phase 0.023ms
[102.212s][info][gc,phases,start] GC(152) Forward
[102.243s][info][gc,phases      ] GC(152) Forward 31.085ms
[102.243s][info][gc,phases,start] GC(152) Adjust Pointers
[102.532s][info][gc,phases      ] GC(152) Adjust Pointers 289.021ms
[102.532s][info][gc,phases,start] GC(152) Compaction Phase
[102.673s][info][gc,phases      ] GC(152) Compaction Phase 140.653ms
[102.673s][info][gc,phases,start] GC(152) Post Compact
[102.675s][info][gc,phases      ] GC(152) Post Compact 2.306ms
[102.675s][info][gc,heap        ] GC(152) PSYoungGen: 170997K(222720K)->170997K(222720K) Eden: 111616K(111616K)->111616K(111616K) From: 59381K(111104K)->59381K(111104K)
[102.675s][info][gc,heap        ] GC(152) ParOldGen: 667519K(667648K)->667519K(667648K)
[102.675s][info][gc,metaspace   ] GC(152) Metaspace: 18041K(18240K)->18041K(18240K) NonClass: 16592K(16704K)->16592K(16704K) Class: 1448K(1536K)->1448K(1536K)
[102.675s][info][gc             ] GC(152) Pause Full (Allocation Failure) 818M->818M(869M) 1046.871ms
[102.675s][info][gc,cpu         ] GC(152) User=2.07s Sys=0.00s Real=1.05s
[102.676s][info][gc,start       ] GC(153) Pause Full (Allocation Failure)
[102.676s][info][gc,phases,start] GC(153) Marking Phase
[103.260s][info][gc,phases      ] GC(153) Marking Phase 584.643ms
[103.260s][info][gc,phases,start] GC(153) Summary Phase
[103.260s][info][gc,phases      ] GC(153) Summary Phase 0.022ms
[103.260s][info][gc,phases,start] GC(153) Forward
[103.292s][info][gc,phases      ] GC(153) Forward 31.295ms
[103.292s][info][gc,phases,start] GC(153) Adjust Pointers
[103.582s][info][gc,phases      ] GC(153) Adjust Pointers 290.047ms
[103.582s][info][gc,phases,start] GC(153) Compaction Phase
[103.723s][info][gc,phases      ] GC(153) Compaction Phase 141.068ms
[103.723s][info][gc,phases,start] GC(153) Post Compact
[103.725s][info][gc,phases      ] GC(153) Post Compact 2.302ms
[103.725s][info][gc,heap        ] GC(153) PSYoungGen: 170997K(222720K)->170997K(222720K) Eden: 111616K(111616K)->111616K(111616K) From: 59381K(111104K)->59381K(111104K)
[103.725s][info][gc,heap        ] GC(153) ParOldGen: 667519K(667648K)->667519K(667648K)
[103.725s][info][gc,metaspace   ] GC(153) Metaspace: 18041K(18240K)->18041K(18240K) NonClass: 16592K(16704K)->16592K(16704K) Class: 1448K(1536K)->1448K(1536K)
[103.725s][info][gc             ] GC(153) Pause Full (Allocation Failure) 818M->818M(869M) 1049.685ms
[103.725s][info][gc,cpu         ] GC(153) User=2.07s Sys=0.00s Real=1.05s
[103.725s][info][gc,start       ] GC(154) Pause Full (Allocation Failure)
[103.725s][info][gc,phases,start] GC(154) Marking Phase
[104.310s][info][gc,phases      ] GC(154) Marking Phase 584.705ms
[104.310s][info][gc,phases,start] GC(154) Summary Phase
[104.310s][info][gc,phases      ] GC(154) Summary Phase 0.023ms
[104.310s][info][gc,phases,start] GC(154) Forward
[104.341s][info][gc,phases      ] GC(154) Forward 30.779ms
[104.341s][info][gc,phases,start] GC(154) Adjust Pointers
[104.631s][info][gc,phases      ] GC(154) Adjust Pointers 290.055ms
[104.631s][info][gc,phases,start] GC(154) Compaction Phase
[104.773s][info][gc,phases      ] GC(154) Compaction Phase 141.483ms
[104.773s][info][gc,phases,start] GC(154) Post Compact
[104.775s][info][gc,phases      ] GC(154) Post Compact 2.364ms
[104.775s][info][gc,heap        ] GC(154) PSYoungGen: 170997K(222720K)->170997K(222720K) Eden: 111616K(111616K)->111616K(111616K) From: 59381K(111104K)->59381K(111104K)
[104.775s][info][gc,heap        ] GC(154) ParOldGen: 667519K(667648K)->667519K(667648K)
[104.775s][info][gc,metaspace   ] GC(154) Metaspace: 18041K(18240K)->18041K(18240K) NonClass: 16592K(16704K)->16592K(16704K) Class: 1448K(1536K)->1448K(1536K)
[104.775s][info][gc             ] GC(154) Pause Full (Allocation Failure) 818M->818M(869M) 1049.712ms
[104.775s][info][gc,cpu         ] GC(154) User=2.07s Sys=0.00s Real=1.05s
[104.775s][info][gc,start       ] GC(155) Pause Full (Allocation Failure)
[104.775s][info][gc,phases,start] GC(155) Marking Phase
[105.359s][info][gc,phases      ] GC(155) Marking Phase 583.633ms
[105.359s][info][gc,phases,start] GC(155) Summary Phase
[105.359s][info][gc,phases      ] GC(155) Summary Phase 0.023ms
[105.359s][info][gc,phases,start] GC(155) Forward
[105.390s][info][gc,phases      ] GC(155) Forward 30.729ms
[105.390s][info][gc,phases,start] GC(155) Adjust Pointers
[105.677s][info][gc,phases      ] GC(155) Adjust Pointers 287.617ms
[105.677s][info][gc,phases,start] GC(155) Compaction Phase
[105.818s][info][gc,phases      ] GC(155) Compaction Phase 140.872ms
[105.818s][info][gc,phases,start] GC(155) Post Compact
[105.821s][info][gc,phases      ] GC(155) Post Compact 2.386ms
[105.821s][info][gc,heap        ] GC(155) PSYoungGen: 170997K(222720K)->170997K(222720K) Eden: 111616K(111616K)->111616K(111616K) From: 59381K(111104K)->59381K(111104K)
[105.821s][info][gc,heap        ] GC(155) ParOldGen: 667519K(667648K)->667519K(667648K)
[105.821s][info][gc,metaspace   ] GC(155) Metaspace: 18041K(18240K)->18041K(18240K) NonClass: 16592K(16704K)->16592K(16704K) Class: 1448K(1536K)->1448K(1536K)
[105.821s][info][gc             ] GC(155) Pause Full (Allocation Failure) 818M->818M(869M) 1045.568ms
[105.821s][info][gc,cpu         ] GC(155) User=2.06s Sys=0.00s Real=1.04s
[105.821s][info][gc,start       ] GC(156) Pause Full (Allocation Failure)
[105.821s][info][gc,phases,start] GC(156) Marking Phase
[106.402s][info][gc,phases      ] GC(156) Marking Phase 580.613ms
[106.402s][info][gc,phases,start] GC(156) Summary Phase
[106.402s][info][gc,phases      ] GC(156) Summary Phase 0.023ms
[106.402s][info][gc,phases,start] GC(156) Forward
[106.432s][info][gc,phases      ] GC(156) Forward 30.572ms
[106.432s][info][gc,phases,start] GC(156) Adjust Pointers
[106.718s][info][gc,phases      ] GC(156) Adjust Pointers 286.074ms
[106.718s][info][gc,phases,start] GC(156) Compaction Phase
[106.860s][info][gc,phases      ] GC(156) Compaction Phase 141.605ms
[106.860s][info][gc,phases,start] GC(156) Post Compact
[106.862s][info][gc,phases      ] GC(156) Post Compact 2.349ms
[106.862s][info][gc,heap        ] GC(156) PSYoungGen: 170997K(222720K)->170997K(222720K) Eden: 111616K(111616K)->111616K(111616K) From: 59381K(111104K)->59381K(111104K)
[106.862s][info][gc,heap        ] GC(156) ParOldGen: 667519K(667648K)->667519K(667648K)
[106.862s][info][gc,metaspace   ] GC(156) Metaspace: 18041K(18240K)->18041K(18240K) NonClass: 16592K(16704K)->16592K(16704K) Class: 1448K(1536K)->1448K(1536K)
[106.862s][info][gc             ] GC(156) Pause Full (Allocation Failure) 818M->818M(869M) 1041.556ms
[106.862s][info][gc,cpu         ] GC(156) User=2.05s Sys=0.00s Real=1.04s
[106.863s][info][gc,start       ] GC(157) Pause Full (Allocation Failure)
[106.863s][info][gc,phases,start] GC(157) Marking Phase
[107.454s][info][gc,phases      ] GC(157) Marking Phase 591.679ms
[107.454s][info][gc,phases,start] GC(157) Summary Phase
[107.454s][info][gc,phases      ] GC(157) Summary Phase 0.023ms
[107.454s][info][gc,phases,start] GC(157) Forward
[107.485s][info][gc,phases      ] GC(157) Forward 30.967ms
[107.485s][info][gc,phases,start] GC(157) Adjust Pointers
[107.775s][info][gc,phases      ] GC(157) Adjust Pointers 289.659ms
[107.775s][info][gc,phases,start] GC(157) Compaction Phase
[107.917s][info][gc,phases      ] GC(157) Compaction Phase 141.604ms
[107.917s][info][gc,phases,start] GC(157) Post Compact
[107.919s][info][gc,phases      ] GC(157) Post Compact 2.378ms
[107.919s][info][gc,heap        ] GC(157) PSYoungGen: 170997K(222720K)->170997K(222720K) Eden: 111616K(111616K)->111616K(111616K) From: 59381K(111104K)->59381K(111104K)
[107.919s][info][gc,heap        ] GC(157) ParOldGen: 667519K(667648K)->667519K(667648K)
[107.919s][info][gc,metaspace   ] GC(157) Metaspace: 18041K(18240K)->18041K(18240K) NonClass: 16592K(16704K)->16592K(16704K) Class: 1448K(1536K)->1448K(1536K)
[107.919s][info][gc             ] GC(157) Pause Full (Allocation Failure) 818M->818M(869M) 1056.653ms
[107.919s][info][gc,cpu         ] GC(157) User=2.09s Sys=0.00s Real=1.06s
[107.919s][info][gc,start       ] GC(158) Pause Full (Allocation Failure)
[107.919s][info][gc,phases,start] GC(158) Marking Phase
[108.505s][info][gc,phases      ] GC(158) Marking Phase 585.891ms
[108.505s][info][gc,phases,start] GC(158) Summary Phase
[108.505s][info][gc,phases      ] GC(158) Summary Phase 0.023ms
[108.505s][info][gc,phases,start] GC(158) Forward
[108.536s][info][gc,phases      ] GC(158) Forward 30.900ms
[108.536s][info][gc,phases,start] GC(158) Adjust Pointers
[108.826s][info][gc,phases      ] GC(158) Adjust Pointers 289.569ms
[108.826s][info][gc,phases,start] GC(158) Compaction Phase
[108.966s][info][gc,phases      ] GC(158) Compaction Phase 140.478ms
[108.966s][info][gc,phases,start] GC(158) Post Compact
[108.969s][info][gc,phases      ] GC(158) Post Compact 2.414ms
[108.969s][info][gc,heap        ] GC(158) PSYoungGen: 170997K(222720K)->170997K(222720K) Eden: 111616K(111616K)->111616K(111616K) From: 59381K(111104K)->59381K(111104K)
[108.969s][info][gc,heap        ] GC(158) ParOldGen: 667519K(667648K)->667519K(667648K)
[108.969s][info][gc,metaspace   ] GC(158) Metaspace: 18041K(18240K)->18041K(18240K) NonClass: 16592K(16704K)->16592K(16704K) Class: 1448K(1536K)->1448K(1536K)
[108.969s][info][gc             ] GC(158) Pause Full (Allocation Failure) 818M->818M(869M) 1049.596ms
[108.969s][info][gc,cpu         ] GC(158) User=2.07s Sys=0.00s Real=1.05s
[108.969s][info][gc,start       ] GC(159) Pause Full (Allocation Failure)
[108.969s][info][gc,phases,start] GC(159) Marking Phase
[109.550s][info][gc,phases      ] GC(159) Marking Phase 580.615ms
[109.550s][info][gc,phases,start] GC(159) Summary Phase
[109.550s][info][gc,phases      ] GC(159) Summary Phase 0.022ms
[109.550s][info][gc,phases,start] GC(159) Forward
[109.581s][info][gc,phases      ] GC(159) Forward 30.809ms
[109.581s][info][gc,phases,start] GC(159) Adjust Pointers
[109.873s][info][gc,phases      ] GC(159) Adjust Pointers 291.834ms
[109.873s][info][gc,phases,start] GC(159) Compaction Phase
[110.013s][info][gc,phases      ] GC(159) Compaction Phase 140.042ms
[110.013s][info][gc,phases,start] GC(159) Post Compact
[110.015s][info][gc,phases      ] GC(159) Post Compact 2.344ms
[110.015s][info][gc,heap        ] GC(159) PSYoungGen: 170997K(222720K)->170997K(222720K) Eden: 111616K(111616K)->111616K(111616K) From: 59381K(111104K)->59381K(111104K)
[110.015s][info][gc,heap        ] GC(159) ParOldGen: 667519K(667648K)->667519K(667648K)
[110.015s][info][gc,metaspace   ] GC(159) Metaspace: 18041K(18240K)->18041K(18240K) NonClass: 16592K(16704K)->16592K(16704K) Class: 1448K(1536K)->1448K(1536K)
[110.015s][info][gc             ] GC(159) Pause Full (Allocation Failure) 818M->818M(869M) 1046.020ms
[110.015s][info][gc,cpu         ] GC(159) User=2.07s Sys=0.00s Real=1.05s
[110.015s][info][gc,start       ] GC(160) Pause Full (Allocation Failure)
[110.015s][info][gc,phases,start] GC(160) Marking Phase
[110.603s][info][gc,phases      ] GC(160) Marking Phase 588.085ms
[110.603s][info][gc,phases,start] GC(160) Summary Phase
[110.603s][info][gc,phases      ] GC(160) Summary Phase 0.027ms
[110.603s][info][gc,phases,start] GC(160) Forward
[110.635s][info][gc,phases      ] GC(160) Forward 31.140ms
[110.635s][info][gc,phases,start] GC(160) Adjust Pointers
[110.925s][info][gc,phases      ] GC(160) Adjust Pointers 290.450ms
[110.925s][info][gc,phases,start] GC(160) Compaction Phase
[111.066s][info][gc,phases      ] GC(160) Compaction Phase 140.401ms
[111.066s][info][gc,phases,start] GC(160) Post Compact
[111.068s][info][gc,phases      ] GC(160) Post Compact 2.356ms
[111.068s][info][gc,heap        ] GC(160) PSYoungGen: 170997K(222720K)->170997K(222720K) Eden: 111616K(111616K)->111616K(111616K) From: 59381K(111104K)->59381K(111104K)
[111.068s][info][gc,heap        ] GC(160) ParOldGen: 667519K(667648K)->667519K(667648K)
[111.068s][info][gc,metaspace   ] GC(160) Metaspace: 18041K(18240K)->18041K(18240K) NonClass: 16592K(16704K)->16592K(16704K) Class: 1448K(1536K)->1448K(1536K)
[111.068s][info][gc             ] GC(160) Pause Full (Allocation Failure) 818M->818M(869M) 1052.791ms
[111.068s][info][gc,cpu         ] GC(160) User=2.07s Sys=0.00s Real=1.05s
[111.068s][info][gc,start       ] GC(161) Pause Full (Allocation Failure)
[111.068s][info][gc,phases,start] GC(161) Marking Phase
[111.649s][info][gc,phases      ] GC(161) Marking Phase 580.956ms
[111.649s][info][gc,phases,start] GC(161) Summary Phase
[111.649s][info][gc,phases      ] GC(161) Summary Phase 0.025ms
[111.649s][info][gc,phases,start] GC(161) Forward
[111.680s][info][gc,phases      ] GC(161) Forward 30.568ms
[111.680s][info][gc,phases,start] GC(161) Adjust Pointers
[111.967s][info][gc,phases      ] GC(161) Adjust Pointers 286.753ms
[111.967s][info][gc,phases,start] GC(161) Compaction Phase
[112.108s][info][gc,phases      ] GC(161) Compaction Phase 140.905ms
[112.108s][info][gc,phases,start] GC(161) Post Compact
[112.110s][info][gc,phases      ] GC(161) Post Compact 2.421ms
[112.110s][info][gc,heap        ] GC(161) PSYoungGen: 170997K(222720K)->170997K(222720K) Eden: 111616K(111616K)->111616K(111616K) From: 59381K(111104K)->59381K(111104K)
[112.110s][info][gc,heap        ] GC(161) ParOldGen: 667519K(667648K)->667519K(667648K)
[112.110s][info][gc,metaspace   ] GC(161) Metaspace: 18041K(18240K)->18041K(18240K) NonClass: 16592K(16704K)->16592K(16704K) Class: 1448K(1536K)->1448K(1536K)
[112.110s][info][gc             ] GC(161) Pause Full (Allocation Failure) 818M->818M(869M) 1041.953ms
[112.110s][info][gc,cpu         ] GC(161) User=2.06s Sys=0.01s Real=1.04s
[112.110s][info][gc,start       ] GC(162) Pause Full (Allocation Failure)
[112.110s][info][gc,phases,start] GC(162) Marking Phase
[112.692s][info][gc,phases      ] GC(162) Marking Phase 582.111ms
[112.692s][info][gc,phases,start] GC(162) Summary Phase
[112.692s][info][gc,phases      ] GC(162) Summary Phase 0.026ms
[112.692s][info][gc,phases,start] GC(162) Forward
[112.725s][info][gc,phases      ] GC(162) Forward 33.057ms
[112.726s][info][gc,phases,start] GC(162) Adjust Pointers
[113.014s][info][gc,phases      ] GC(162) Adjust Pointers 288.597ms
[113.014s][info][gc,phases,start] GC(162) Compaction Phase
[113.155s][info][gc,phases      ] GC(162) Compaction Phase 140.521ms
[113.155s][info][gc,phases,start] GC(162) Post Compact
[113.157s][info][gc,phases      ] GC(162) Post Compact 2.344ms
[113.157s][info][gc,heap        ] GC(162) PSYoungGen: 170997K(222720K)->170997K(222720K) Eden: 111616K(111616K)->111616K(111616K) From: 59381K(111104K)->59381K(111104K)
[113.157s][info][gc,heap        ] GC(162) ParOldGen: 667519K(667648K)->667519K(667648K)
[113.157s][info][gc,metaspace   ] GC(162) Metaspace: 18041K(18240K)->18041K(18240K) NonClass: 16592K(16704K)->16592K(16704K) Class: 1448K(1536K)->1448K(1536K)
[113.157s][info][gc             ] GC(162) Pause Full (Allocation Failure) 818M->818M(869M) 1046.992ms
[113.157s][info][gc,cpu         ] GC(162) User=2.06s Sys=0.00s Real=1.05s
[113.157s][info][gc,start       ] GC(163) Pause Full (Allocation Failure)
[113.157s][info][gc,phases,start] GC(163) Marking Phase
[113.740s][info][gc,phases      ] GC(163) Marking Phase 583.133ms
[113.741s][info][gc,phases,start] GC(163) Summary Phase
[113.741s][info][gc,phases      ] GC(163) Summary Phase 0.023ms
[113.741s][info][gc,phases,start] GC(163) Forward
[113.774s][info][gc,phases      ] GC(163) Forward 33.095ms
[113.774s][info][gc,phases,start] GC(163) Adjust Pointers
[114.063s][info][gc,phases      ] GC(163) Adjust Pointers 288.871ms
[114.063s][info][gc,phases,start] GC(163) Compaction Phase
[114.204s][info][gc,phases      ] GC(163) Compaction Phase 141.086ms
[114.204s][info][gc,phases,start] GC(163) Post Compact
[114.206s][info][gc,phases      ] GC(163) Post Compact 2.339ms
[114.206s][info][gc,heap        ] GC(163) PSYoungGen: 170997K(222720K)->170997K(222720K) Eden: 111616K(111616K)->111616K(111616K) From: 59381K(111104K)->59381K(111104K)
[114.206s][info][gc,heap        ] GC(163) ParOldGen: 667519K(667648K)->667519K(667648K)
[114.206s][info][gc,metaspace   ] GC(163) Metaspace: 18041K(18240K)->18041K(18240K) NonClass: 16592K(16704K)->16592K(16704K) Class: 1448K(1536K)->1448K(1536K)
[114.206s][info][gc             ] GC(163) Pause Full (Allocation Failure) 818M->818M(869M) 1048.904ms
[114.206s][info][gc,cpu         ] GC(163) User=2.07s Sys=0.00s Real=1.05s
[114.206s][info][gc,start       ] GC(164) Pause Full (Allocation Failure)
[114.206s][info][gc,phases,start] GC(164) Marking Phase
[114.790s][info][gc,phases      ] GC(164) Marking Phase 583.209ms
[114.790s][info][gc,phases,start] GC(164) Summary Phase
[114.790s][info][gc,phases      ] GC(164) Summary Phase 0.031ms
[114.790s][info][gc,phases,start] GC(164) Forward
[114.821s][info][gc,phases      ] GC(164) Forward 30.991ms
[114.821s][info][gc,phases,start] GC(164) Adjust Pointers
[115.108s][info][gc,phases      ] GC(164) Adjust Pointers 287.179ms
[115.108s][info][gc,phases,start] GC(164) Compaction Phase
[115.251s][info][gc,phases      ] GC(164) Compaction Phase 143.074ms
[115.251s][info][gc,phases,start] GC(164) Post Compact
[115.253s][info][gc,phases      ] GC(164) Post Compact 2.348ms
[115.253s][info][gc,heap        ] GC(164) PSYoungGen: 170997K(222720K)->170997K(222720K) Eden: 111616K(111616K)->111616K(111616K) From: 59381K(111104K)->59381K(111104K)
[115.253s][info][gc,heap        ] GC(164) ParOldGen: 667519K(667648K)->667519K(667648K)
[115.253s][info][gc,metaspace   ] GC(164) Metaspace: 18041K(18240K)->18041K(18240K) NonClass: 16592K(16704K)->16592K(16704K) Class: 1448K(1536K)->1448K(1536K)
[115.253s][info][gc             ] GC(164) Pause Full (Allocation Failure) 818M->818M(869M) 1047.135ms
[115.254s][info][gc,cpu         ] GC(164) User=2.07s Sys=0.00s Real=1.04s
[115.254s][info][gc,start       ] GC(165) Pause Full (Allocation Failure)
[115.254s][info][gc,phases,start] GC(165) Marking Phase
[115.838s][info][gc,phases      ] GC(165) Marking Phase 584.322ms
[115.838s][info][gc,phases,start] GC(165) Summary Phase
[115.838s][info][gc,phases      ] GC(165) Summary Phase 0.023ms
[115.838s][info][gc,phases,start] GC(165) Forward
[115.869s][info][gc,phases      ] GC(165) Forward 30.697ms
[115.869s][info][gc,phases,start] GC(165) Adjust Pointers
[116.155s][info][gc,phases      ] GC(165) Adjust Pointers 286.389ms
[116.155s][info][gc,phases,start] GC(165) Compaction Phase
[116.296s][info][gc,phases      ] GC(165) Compaction Phase 141.161ms
[116.296s][info][gc,phases,start] GC(165) Post Compact
[116.299s][info][gc,phases      ] GC(165) Post Compact 2.361ms
[116.299s][info][gc,heap        ] GC(165) PSYoungGen: 170997K(222720K)->170997K(222720K) Eden: 111616K(111616K)->111616K(111616K) From: 59381K(111104K)->59381K(111104K)
[116.299s][info][gc,heap        ] GC(165) ParOldGen: 667519K(667648K)->667519K(667648K)
[116.299s][info][gc,metaspace   ] GC(165) Metaspace: 18041K(18240K)->18041K(18240K) NonClass: 16592K(16704K)->16592K(16704K) Class: 1448K(1536K)->1448K(1536K)
[116.299s][info][gc             ] GC(165) Pause Full (Allocation Failure) 818M->818M(869M) 1045.279ms
[116.299s][info][gc,cpu         ] GC(165) User=2.06s Sys=0.00s Real=1.05s
[116.299s][info][gc,start       ] GC(166) Pause Full (Allocation Failure)
[116.299s][info][gc,phases,start] GC(166) Marking Phase
[116.882s][info][gc,phases      ] GC(166) Marking Phase 582.866ms
[116.882s][info][gc,phases,start] GC(166) Summary Phase
[116.882s][info][gc,phases      ] GC(166) Summary Phase 0.023ms
[116.882s][info][gc,phases,start] GC(166) Forward
[116.913s][info][gc,phases      ] GC(166) Forward 31.063ms
[116.913s][info][gc,phases,start] GC(166) Adjust Pointers
[117.209s][info][gc,phases      ] GC(166) Adjust Pointers 295.589ms
[117.209s][info][gc,phases,start] GC(166) Compaction Phase
[117.353s][info][gc,phases      ] GC(166) Compaction Phase 144.445ms
[117.353s][info][gc,phases,start] GC(166) Post Compact
[117.356s][info][gc,phases      ] GC(166) Post Compact 2.420ms
[117.356s][info][gc,heap        ] GC(166) PSYoungGen: 170997K(222720K)->170997K(222720K) Eden: 111616K(111616K)->111616K(111616K) From: 59381K(111104K)->59381K(111104K)
[117.356s][info][gc,heap        ] GC(166) ParOldGen: 667519K(667648K)->667519K(667648K)
[117.356s][info][gc,metaspace   ] GC(166) Metaspace: 18041K(18240K)->18041K(18240K) NonClass: 16592K(16704K)->16592K(16704K) Class: 1448K(1536K)->1448K(1536K)
[117.356s][info][gc             ] GC(166) Pause Full (Allocation Failure) 818M->818M(869M) 1056.772ms
[117.356s][info][gc,cpu         ] GC(166) User=2.08s Sys=0.00s Real=1.06s
[117.356s][info][gc,start       ] GC(167) Pause Full (Allocation Failure)
[117.356s][info][gc,phases,start] GC(167) Marking Phase
[117.947s][info][gc,phases      ] GC(167) Marking Phase 590.875ms
[117.947s][info][gc,phases,start] GC(167) Summary Phase
[117.947s][info][gc,phases      ] GC(167) Summary Phase 0.025ms
[117.947s][info][gc,phases,start] GC(167) Forward
[117.978s][info][gc,phases      ] GC(167) Forward 30.839ms
[117.978s][info][gc,phases,start] GC(167) Adjust Pointers
[118.269s][info][gc,phases      ] GC(167) Adjust Pointers 291.383ms
[118.269s][info][gc,phases,start] GC(167) Compaction Phase
[118.411s][info][gc,phases      ] GC(167) Compaction Phase 141.445ms
[118.411s][info][gc,phases,start] GC(167) Post Compact
[118.413s][info][gc,phases      ] GC(167) Post Compact 2.347ms
[118.413s][info][gc,heap        ] GC(167) PSYoungGen: 170997K(222720K)->170997K(222720K) Eden: 111616K(111616K)->111616K(111616K) From: 59381K(111104K)->59381K(111104K)
[118.413s][info][gc,heap        ] GC(167) ParOldGen: 667519K(667648K)->667519K(667648K)
[118.413s][info][gc,metaspace   ] GC(167) Metaspace: 18041K(18240K)->18041K(18240K) NonClass: 16592K(16704K)->16592K(16704K) Class: 1448K(1536K)->1448K(1536K)
[118.413s][info][gc             ] GC(167) Pause Full (Allocation Failure) 818M->818M(869M) 1057.246ms
[118.413s][info][gc,cpu         ] GC(167) User=2.08s Sys=0.00s Real=1.05s
[118.413s][info][gc,start       ] GC(168) Pause Full (Allocation Failure)
[118.413s][info][gc,phases,start] GC(168) Marking Phase
[118.997s][info][gc,phases      ] GC(168) Marking Phase 584.110ms
[118.997s][info][gc,phases,start] GC(168) Summary Phase
[118.997s][info][gc,phases      ] GC(168) Summary Phase 0.023ms
[118.997s][info][gc,phases,start] GC(168) Forward
[119.029s][info][gc,phases      ] GC(168) Forward 31.144ms
[119.029s][info][gc,phases,start] GC(168) Adjust Pointers
[119.317s][info][gc,phases      ] GC(168) Adjust Pointers 288.389ms
[119.317s][info][gc,phases,start] GC(168) Compaction Phase
[119.458s][info][gc,phases      ] GC(168) Compaction Phase 140.475ms
[119.458s][info][gc,phases,start] GC(168) Post Compact
[119.460s][info][gc,phases      ] GC(168) Post Compact 2.419ms
[119.460s][info][gc,heap        ] GC(168) PSYoungGen: 170997K(222720K)->170997K(222720K) Eden: 111616K(111616K)->111616K(111616K) From: 59381K(111104K)->59381K(111104K)
[119.460s][info][gc,heap        ] GC(168) ParOldGen: 667519K(667648K)->667519K(667648K)
[119.460s][info][gc,metaspace   ] GC(168) Metaspace: 18041K(18240K)->18041K(18240K) NonClass: 16592K(16704K)->16592K(16704K) Class: 1448K(1536K)->1448K(1536K)
[119.460s][info][gc             ] GC(168) Pause Full (Allocation Failure) 818M->818M(869M) 1046.903ms
[119.460s][info][gc,cpu         ] GC(168) User=2.07s Sys=0.00s Real=1.05s
[119.460s][info][gc,start       ] GC(169) Pause Full (Allocation Failure)
[119.460s][info][gc,phases,start] GC(169) Marking Phase
[120.041s][info][gc,phases      ] GC(169) Marking Phase 580.682ms
[120.041s][info][gc,phases,start] GC(169) Summary Phase
[120.041s][info][gc,phases      ] GC(169) Summary Phase 0.061ms
[120.041s][info][gc,phases,start] GC(169) Forward
[120.072s][info][gc,phases      ] GC(169) Forward 31.116ms
[120.072s][info][gc,phases,start] GC(169) Adjust Pointers
[120.362s][info][gc,phases      ] GC(169) Adjust Pointers 289.741ms
[120.362s][info][gc,phases,start] GC(169) Compaction Phase
[120.502s][info][gc,phases      ] GC(169) Compaction Phase 140.182ms
[120.502s][info][gc,phases,start] GC(169) Post Compact
[120.505s][info][gc,phases      ] GC(169) Post Compact 2.354ms
[120.505s][info][gc,heap        ] GC(169) PSYoungGen: 170997K(222720K)->170997K(222720K) Eden: 111616K(111616K)->111616K(111616K) From: 59381K(111104K)->59381K(111104K)
[120.505s][info][gc,heap        ] GC(169) ParOldGen: 667519K(667648K)->667519K(667648K)
[120.505s][info][gc,metaspace   ] GC(169) Metaspace: 18041K(18240K)->18041K(18240K) NonClass: 16592K(16704K)->16592K(16704K) Class: 1448K(1536K)->1448K(1536K)
[120.505s][info][gc             ] GC(169) Pause Full (Allocation Failure) 818M->818M(869M) 1044.459ms
[120.505s][info][gc,cpu         ] GC(169) User=2.06s Sys=0.00s Real=1.05s
[120.505s][info][gc,start       ] GC(170) Pause Full (Allocation Failure)
[120.505s][info][gc,phases,start] GC(170) Marking Phase
[121.084s][info][gc,phases      ] GC(170) Marking Phase 579.433ms
[121.084s][info][gc,phases,start] GC(170) Summary Phase
[121.085s][info][gc,phases      ] GC(170) Summary Phase 0.022ms
[121.085s][info][gc,phases,start] GC(170) Forward
[121.116s][info][gc,phases      ] GC(170) Forward 31.041ms
[121.116s][info][gc,phases,start] GC(170) Adjust Pointers
[121.403s][info][gc,phases      ] GC(170) Adjust Pointers 287.032ms
[121.403s][info][gc,phases,start] GC(170) Compaction Phase
[121.543s][info][gc,phases      ] GC(170) Compaction Phase 140.527ms
[121.543s][info][gc,phases,start] GC(170) Post Compact
[121.546s][info][gc,phases      ] GC(170) Post Compact 2.410ms
[121.546s][info][gc,heap        ] GC(170) PSYoungGen: 170997K(222720K)->170997K(222720K) Eden: 111616K(111616K)->111616K(111616K) From: 59381K(111104K)->59381K(111104K)
[121.546s][info][gc,heap        ] GC(170) ParOldGen: 667519K(667648K)->667519K(667648K)
[121.546s][info][gc,metaspace   ] GC(170) Metaspace: 18041K(18240K)->18041K(18240K) NonClass: 16592K(16704K)->16592K(16704K) Class: 1448K(1536K)->1448K(1536K)
[121.546s][info][gc             ] GC(170) Pause Full (Allocation Failure) 818M->818M(869M) 1040.828ms
[121.546s][info][gc,cpu         ] GC(170) User=2.06s Sys=0.00s Real=1.04s
[121.546s][info][gc,start       ] GC(171) Pause Full (Allocation Failure)
[121.546s][info][gc,phases,start] GC(171) Marking Phase
[122.131s][info][gc,phases      ] GC(171) Marking Phase 585.174ms
[122.131s][info][gc,phases,start] GC(171) Summary Phase
[122.131s][info][gc,phases      ] GC(171) Summary Phase 0.023ms
[122.131s][info][gc,phases,start] GC(171) Forward
[122.162s][info][gc,phases      ] GC(171) Forward 30.793ms
[122.162s][info][gc,phases,start] GC(171) Adjust Pointers
[122.461s][info][gc,phases      ] GC(171) Adjust Pointers 299.263ms
[122.461s][info][gc,phases,start] GC(171) Compaction Phase
[122.603s][info][gc,phases      ] GC(171) Compaction Phase 142.082ms
[122.604s][info][gc,phases,start] GC(171) Post Compact
[122.606s][info][gc,phases      ] GC(171) Post Compact 2.319ms
[122.606s][info][gc,heap        ] GC(171) PSYoungGen: 170997K(222720K)->170997K(222720K) Eden: 111616K(111616K)->111616K(111616K) From: 59381K(111104K)->59381K(111104K)
[122.606s][info][gc,heap        ] GC(171) ParOldGen: 667519K(667648K)->667519K(667648K)
[122.606s][info][gc,metaspace   ] GC(171) Metaspace: 18041K(18240K)->18041K(18240K) NonClass: 16592K(16704K)->16592K(16704K) Class: 1448K(1536K)->1448K(1536K)
[122.606s][info][gc             ] GC(171) Pause Full (Allocation Failure) 818M->818M(869M) 1059.978ms
[122.606s][info][gc,cpu         ] GC(171) User=2.09s Sys=0.00s Real=1.06s
[122.606s][info][gc,start       ] GC(172) Pause Full (Allocation Failure)
[122.606s][info][gc,phases,start] GC(172) Marking Phase
[123.202s][info][gc,phases      ] GC(172) Marking Phase 595.632ms
[123.202s][info][gc,phases,start] GC(172) Summary Phase
[123.202s][info][gc,phases      ] GC(172) Summary Phase 0.025ms
[123.202s][info][gc,phases,start] GC(172) Forward
[123.233s][info][gc,phases      ] GC(172) Forward 30.985ms
[123.233s][info][gc,phases,start] GC(172) Adjust Pointers
[123.521s][info][gc,phases      ] GC(172) Adjust Pointers 287.822ms
[123.521s][info][gc,phases,start] GC(172) Compaction Phase
[123.662s][info][gc,phases      ] GC(172) Compaction Phase 140.796ms
[123.662s][info][gc,phases,start] GC(172) Post Compact
[123.664s][info][gc,phases      ] GC(172) Post Compact 2.355ms
[123.664s][info][gc,heap        ] GC(172) PSYoungGen: 170997K(222720K)->170997K(222720K) Eden: 111616K(111616K)->111616K(111616K) From: 59381K(111104K)->59381K(111104K)
[123.664s][info][gc,heap        ] GC(172) ParOldGen: 667519K(667648K)->667519K(667648K)
[123.664s][info][gc,metaspace   ] GC(172) Metaspace: 18041K(18240K)->18041K(18240K) NonClass: 16592K(16704K)->16592K(16704K) Class: 1448K(1536K)->1448K(1536K)
[123.664s][info][gc             ] GC(172) Pause Full (Allocation Failure) 818M->818M(869M) 1057.984ms
[123.664s][info][gc,cpu         ] GC(172) User=2.09s Sys=0.01s Real=1.06s
[123.664s][info][gc,start       ] GC(173) Pause Full (Allocation Failure)
[123.664s][info][gc,phases,start] GC(173) Marking Phase
[124.247s][info][gc,phases      ] GC(173) Marking Phase 582.971ms
[124.247s][info][gc,phases,start] GC(173) Summary Phase
[124.247s][info][gc,phases      ] GC(173) Summary Phase 0.025ms
[124.247s][info][gc,phases,start] GC(173) Forward
[124.339s][info][gc,phases      ] GC(173) Forward 92.077ms
[124.339s][info][gc,phases,start] GC(173) Adjust Pointers
[124.646s][info][gc,phases      ] GC(173) Adjust Pointers 306.591ms
[124.646s][info][gc,phases,start] GC(173) Compaction Phase
[124.878s][info][gc,phases      ] GC(173) Compaction Phase 231.888ms
[124.878s][info][gc,phases,start] GC(173) Post Compact
[124.881s][info][gc,phases      ] GC(173) Post Compact 2.444ms
[124.881s][info][gc,heap        ] GC(173) PSYoungGen: 170997K(222720K)->170485K(222720K) Eden: 111616K(111616K)->111103K(111616K) From: 59381K(111104K)->59381K(111104K)
[124.881s][info][gc,heap        ] GC(173) ParOldGen: 667519K(667648K)->667619K(667648K)
[124.881s][info][gc,metaspace   ] GC(173) Metaspace: 18041K(18240K)->18041K(18240K) NonClass: 16592K(16704K)->16592K(16704K) Class: 1448K(1536K)->1448K(1536K)
[124.881s][info][gc             ] GC(173) Pause Full (Allocation Failure) 818M->818M(869M) 1216.367ms
[124.881s][info][gc,cpu         ] GC(173) User=2.40s Sys=0.00s Real=1.21s
[124.886s][info][gc,start       ] GC(174) Pause Full (Allocation Failure)
[124.886s][info][gc,phases,start] GC(174) Marking Phase
[125.110s][info][gc,phases      ] GC(174) Marking Phase 224.710ms
[125.111s][info][gc,phases,start] GC(174) Summary Phase
[125.111s][info][gc,phases      ] GC(174) Summary Phase 0.023ms
[125.111s][info][gc,phases,start] GC(174) Forward
[125.111s][info][gc,phases      ] GC(174) Forward 0.678ms
[125.111s][info][gc,phases,start] GC(174) Adjust Pointers
[125.224s][info][gc,phases      ] GC(174) Adjust Pointers 113.177ms
[125.224s][info][gc,phases,start] GC(174) Compaction Phase
[125.285s][info][gc,phases      ] GC(174) Compaction Phase 60.653ms
[125.285s][info][gc,phases,start] GC(174) Post Compact
[125.287s][info][metaspace      ] ChkMgr @0x00007fd1c403aa80 (non-class-space): : reclaiming memory...
[125.288s][info][metaspace      ] ChkMgr @0x00007fd1c403aa80 (non-class-space): nothing reclaimed.
[125.288s][info][metaspace      ] ChkMgr @0x00007fd1c403a890 (class-space): : reclaiming memory...
[125.288s][info][metaspace      ] ChkMgr @0x00007fd1c403a890 (class-space): nothing reclaimed.
[125.288s][info][gc,phases      ] GC(174) Post Compact 2.347ms
[125.292s][info][gc,heap        ] GC(174) PSYoungGen: 170997K(222720K)->0K(222720K) Eden: 111616K(111616K)->0K(111616K) From: 59381K(111104K)->0K(111104K)
[125.292s][info][gc,heap        ] GC(174) ParOldGen: 667619K(667648K)->380939K(611840K)
[125.292s][info][gc,metaspace   ] GC(174) Metaspace: 18063K(18304K)->18059K(18304K) NonClass: 16611K(16768K)->16607K(16768K) Class: 1451K(1536K)->1451K(1536K)
[125.292s][info][gc             ] GC(174) Pause Full (Allocation Failure) 818M->372M(815M) 405.892ms
[125.292s][info][gc,cpu         ] GC(174) User=0.77s Sys=0.00s Real=0.40s
[125.293s][info][gc,heap,exit   ] Heap
[125.293s][info][gc,heap,exit   ]  PSYoungGen      total 222720K, used 1118K [0x00000000eba00000, 0x0000000100000000, 0x0000000100000000)
[125.293s][info][gc,heap,exit   ]   eden space 111616K, 1% used [0x00000000eba00000,0x00000000ebb17b78,0x00000000f2700000)
[125.293s][info][gc,heap,exit   ]   from space 111104K, 0% used [0x00000000f2700000,0x00000000f2700000,0x00000000f9380000)
[125.293s][info][gc,heap,exit   ]   to   space 111104K, 0% used [0x00000000f9380000,0x00000000f9380000,0x0000000100000000)
[125.293s][info][gc,heap,exit   ]  ParOldGen       total 611840K, used 380939K [0x00000000c2e00000, 0x00000000e8380000, 0x00000000eba00000)
[125.293s][info][gc,heap,exit   ]   object space 611840K, 62% used [0x00000000c2e00000,0x00000000da202d40,0x00000000e8380000)
[125.293s][info][gc,heap,exit   ]  Metaspace       used 18059K, committed 18304K, reserved 1114112K
[125.293s][info][gc,heap,exit   ]   class space    used 1451K, committed 1536K, reserved 1048576K
