[0.002s][info][metaspace]  - commit_granule_bytes: 65536.
[0.002s][info][metaspace]  - commit_granule_words: 8192.
[0.002s][info][metaspace]  - virtual_space_node_default_size: 8388608.
[0.002s][info][metaspace]  - enlarge_chunks_in_place: 1.
[0.005s][info][gc,init  ] CardTable entry size: 512
[0.005s][info][gc       ] Using Parallel
[0.006s][info][gc,init  ] Version: 24-internal-adhoc.root.jdk (release)
[0.006s][info][gc,init  ] CPUs: 2 total, 2 available
[0.006s][info][gc,init  ] Memory: 3908M
[0.006s][info][gc,init  ] Large Page Support: Disabled
[0.006s][info][gc,init  ] NUMA Support: Disabled
[0.006s][info][gc,init  ] Compressed Oops: Enabled (32-bit)
[0.006s][info][gc,init  ] Alignments: Space 512K, Generation 512K, Heap 2M
[0.006s][info][gc,init  ] Heap Min Capacity: 256M
[0.006s][info][gc,init  ] Heap Initial Capacity: 256M
[0.006s][info][gc,init  ] Heap Max Capacity: 978M
[0.006s][info][gc,init  ] Pre-touch: Disabled
[0.006s][info][gc,init  ] Parallel Workers: 2
[0.020s][info][gc,metaspace] CDS archive(s) mapped at: [0x00007ff0dd000000-0x00007ff0dddc0000-0x00007ff0dddc0000), size 14417920, SharedBaseAddress: 0x00007ff0dd000000, ArchiveRelocationMode: 1.
[0.020s][info][gc,metaspace] Compressed class space mapped at: 0x00007ff0de000000-0x00007ff11e000000, reserved size: 1073741824
[0.020s][info][gc,metaspace] UseCompressedClassPointers 1, UseCompactObjectHeaders 0
[0.020s][info][gc,metaspace] Narrow klass pointer bits 32, Max shift 3
[0.020s][info][gc,metaspace] Narrow klass base: 0x00007ff0dd000000, Narrow klass shift: 0
[0.020s][info][gc,metaspace] Encoding Range: [0x00007ff0dd000000 - 0x00007ff1dd000000), (4294967296 bytes)
[0.020s][info][gc,metaspace] Klass Range:    [0x00007ff0dd000000 - 0x00007ff11e000000), (1090519040 bytes)
[0.020s][info][gc,metaspace] Klass ID Range:  [8 - 1090519033) (1090519025)
[2.092s][info][gc,start    ] GC(0) Pause Young (Allocation Failure)
[2.151s][info][gc,heap     ] GC(0) PSYoungGen: 65536K(76288K)->10737K(76288K) Eden: 65536K(65536K)->0K(65536K) From: 0K(10752K)->10737K(10752K)
[2.151s][info][gc,heap     ] GC(0) ParOldGen: 1157K(175104K)->36727K(175104K)
[2.151s][info][gc,metaspace] GC(0) Metaspace: 6922K(7168K)->6922K(7168K) NonClass: 6346K(6464K)->6346K(6464K) Class: 575K(704K)->575K(704K)
[2.151s][info][gc          ] GC(0) Pause Young (Allocation Failure) 65M->46M(245M) 58.921ms
[2.151s][info][gc,cpu      ] GC(0) User=0.09s Sys=0.02s Real=0.05s
[2.428s][info][gc,start    ] GC(1) Pause Young (Allocation Failure)
[2.495s][info][gc,heap     ] GC(1) PSYoungGen: 76273K(76288K)->10739K(141824K) Eden: 65536K(65536K)->0K(131072K) From: 10737K(10752K)->10739K(10752K)
[2.495s][info][gc,heap     ] GC(1) ParOldGen: 36727K(175104K)->78307K(175104K)
[2.495s][info][gc,metaspace] GC(1) Metaspace: 9059K(9280K)->9059K(9280K) NonClass: 8268K(8384K)->8268K(8384K) Class: 790K(896K)->790K(896K)
[2.495s][info][gc          ] GC(1) Pause Young (Allocation Failure) 110M->86M(309M) 67.645ms
[2.495s][info][gc,cpu      ] GC(1) User=0.11s Sys=0.03s Real=0.07s
[2.727s][info][gc,start    ] GC(2) Pause Young (Allocation Failure)
[2.869s][info][gc,heap     ] GC(2) PSYoungGen: 141811K(141824K)->10726K(141824K) Eden: 131072K(131072K)->0K(131072K) From: 10739K(10752K)->10726K(10752K)
[2.869s][info][gc,heap     ] GC(2) ParOldGen: 78307K(175104K)->173619K(175104K)
[2.870s][info][gc,metaspace] GC(2) Metaspace: 9077K(9280K)->9077K(9280K) NonClass: 8283K(8384K)->8283K(8384K) Class: 793K(896K)->793K(896K)
[2.870s][info][gc          ] GC(2) Pause Young (Allocation Failure) 214M->180M(309M) 142.415ms
[2.870s][info][gc,cpu      ] GC(2) User=0.19s Sys=0.09s Real=0.14s
[3.010s][info][gc,start    ] GC(3) Pause Young (Allocation Failure)
[3.190s][info][gc,heap     ] GC(3) PSYoungGen: 141798K(141824K)->10743K(272896K) Eden: 131072K(131072K)->0K(262144K) From: 10726K(10752K)->10743K(10752K)
[3.190s][info][gc,heap     ] GC(3) ParOldGen: 173619K(175104K)->263727K(264192K)
[3.190s][info][gc,metaspace] GC(3) Metaspace: 9080K(9280K)->9080K(9280K) NonClass: 8286K(8384K)->8286K(8384K) Class: 793K(896K)->793K(896K)
[3.190s][info][gc          ] GC(3) Pause Young (Allocation Failure) 308M->268M(524M) 180.182ms
[3.191s][info][gc,cpu      ] GC(3) User=0.27s Sys=0.09s Real=0.18s
[4.516s][info][gc,start    ] GC(4) Pause Young (Allocation Failure)
[4.701s][info][gc,heap     ] GC(4) PSYoungGen: 272744K(272896K)->10739K(272896K) Eden: 262001K(262144K)->0K(262144K) From: 10743K(10752K)->10739K(10752K)
[4.701s][info][gc,heap     ] GC(4) ParOldGen: 263727K(264192K)->377020K(377344K)
[4.701s][info][gc,metaspace] GC(4) Metaspace: 12242K(12416K)->12242K(12416K) NonClass: 11233K(11328K)->11233K(11328K) Class: 1008K(1088K)->1008K(1088K)
[4.701s][info][gc          ] GC(4) Pause Young (Allocation Failure) 523M->378M(635M) 184.312ms
[4.701s][info][gc,cpu      ] GC(4) User=0.27s Sys=0.09s Real=0.18s
[6.180s][info][gc,start    ] GC(5) Pause Young (Allocation Failure)
[6.339s][info][gc,heap     ] GC(5) PSYoungGen: 272883K(272896K)->60922K(172544K) Eden: 262144K(262144K)->0K(111616K) From: 10739K(10752K)->60922K(60928K)
[6.339s][info][gc,heap     ] GC(5) ParOldGen: 377020K(377344K)->438719K(438784K)
[6.339s][info][gc,metaspace] GC(5) Metaspace: 15451K(15744K)->15451K(15744K) NonClass: 14221K(14400K)->14221K(14400K) Class: 1230K(1344K)->1230K(1344K)
[6.339s][info][gc          ] GC(5) Pause Young (Allocation Failure) 634M->487M(597M) 158.982ms
[6.339s][info][gc,cpu      ] GC(5) User=0.22s Sys=0.09s Real=0.16s
[6.677s][info][gc,start    ] GC(6) Pause Young (Allocation Failure)
[6.826s][info][gc,heap     ] GC(6) PSYoungGen: 172538K(172544K)->78894K(222720K) Eden: 111616K(111616K)->0K(111616K) From: 60922K(60928K)->78894K(111104K)
[6.826s][info][gc,heap     ] GC(6) ParOldGen: 438719K(438784K)->441006K(441344K)
[6.826s][info][gc,metaspace] GC(6) Metaspace: 15478K(15744K)->15478K(15744K) NonClass: 14246K(14400K)->14246K(14400K) Class: 1231K(1344K)->1231K(1344K)
[6.826s][info][gc          ] GC(6) Pause Young (Allocation Failure) 596M->507M(648M) 149.298ms
[6.826s][info][gc,cpu      ] GC(6) User=0.28s Sys=0.00s Real=0.15s
[9.904s][info][gc,start    ] GC(7) Pause Young (Allocation Failure)
[10.053s][info][gc,heap     ] GC(7) PSYoungGen: 190510K(222720K)->105293K(222720K) Eden: 111616K(111616K)->0K(111616K) From: 78894K(111104K)->105293K(111104K)
[10.053s][info][gc,heap     ] GC(7) ParOldGen: 441006K(441344K)->527046K(528384K)
[10.053s][info][gc,metaspace] GC(7) Metaspace: 16477K(16704K)->16477K(16704K) NonClass: 15166K(15296K)->15166K(15296K) Class: 1311K(1408K)->1311K(1408K)
[10.053s][info][gc          ] GC(7) Pause Young (Allocation Failure) 616M->617M(733M) 149.590ms
[10.053s][info][gc,cpu      ] GC(7) User=0.23s Sys=0.06s Real=0.15s
[14.573s][info][gc,start    ] GC(8) Pause Young (Allocation Failure)
[14.674s][info][gc,heap     ] GC(8) PSYoungGen: 216909K(222720K)->82273K(222720K) Eden: 111616K(111616K)->0K(111616K) From: 105293K(111104K)->82273K(111104K)
[14.674s][info][gc,heap     ] GC(8) ParOldGen: 527046K(528384K)->586360K(586752K)
[14.674s][info][gc,metaspace] GC(8) Metaspace: 16758K(17024K)->16758K(17024K) NonClass: 15424K(15616K)->15424K(15616K) Class: 1333K(1408K)->1333K(1408K)
[14.674s][info][gc          ] GC(8) Pause Young (Allocation Failure) 726M->652M(790M) 100.670ms
[14.674s][info][gc,cpu      ] GC(8) User=0.12s Sys=0.05s Real=0.10s
[15.012s][info][gc,start    ] GC(9) Pause Full (Allocation Failure)
[15.012s][info][gc,phases,start] GC(9) Marking Phase
[15.282s][info][gc,phases      ] GC(9) Marking Phase 269.906ms
[15.282s][info][gc,phases,start] GC(9) Summary Phase
[15.282s][info][gc,phases      ] GC(9) Summary Phase 0.034ms
[15.282s][info][gc,phases,start] GC(9) Forward
[15.365s][info][gc,phases      ] GC(9) Forward 82.523ms
[15.365s][info][gc,phases,start] GC(9) Adjust Pointers
[15.519s][info][gc,phases      ] GC(9) Adjust Pointers 154.338ms
[15.519s][info][gc,phases,start] GC(9) Compaction Phase
[15.657s][info][gc,phases      ] GC(9) Compaction Phase 137.192ms
[15.657s][info][gc,phases,start] GC(9) Post Compact
[15.662s][info][gc,phases      ] GC(9) Post Compact 5.176ms
[15.663s][info][gc,heap        ] GC(9) PSYoungGen: 193889K(222720K)->83226K(222720K) Eden: 111616K(111616K)->83226K(111616K) From: 82273K(111104K)->0K(111104K)
[15.663s][info][gc,heap        ] GC(9) ParOldGen: 586360K(586752K)->586396K(667648K)
[15.663s][info][gc,metaspace   ] GC(9) Metaspace: 16758K(17024K)->16758K(17024K) NonClass: 15424K(15616K)->15424K(15616K) Class: 1333K(1408K)->1333K(1408K)
[15.663s][info][gc             ] GC(9) Pause Full (Allocation Failure) 761M->653M(869M) 650.428ms
[15.663s][info][gc,cpu         ] GC(9) User=1.17s Sys=0.03s Real=0.65s
[15.898s][info][gc,start       ] GC(10) Pause Full (Allocation Failure)
[15.898s][info][gc,phases,start] GC(10) Marking Phase
[16.146s][info][gc,phases      ] GC(10) Marking Phase 247.187ms
[16.146s][info][gc,phases,start] GC(10) Summary Phase
[16.146s][info][gc,phases      ] GC(10) Summary Phase 0.024ms
[16.146s][info][gc,phases,start] GC(10) Forward
[16.207s][info][gc,phases      ] GC(10) Forward 61.209ms
[16.207s][info][gc,phases,start] GC(10) Adjust Pointers
[16.364s][info][gc,phases      ] GC(10) Adjust Pointers 157.205ms
[16.364s][info][gc,phases,start] GC(10) Compaction Phase
[16.512s][info][gc,phases      ] GC(10) Compaction Phase 147.911ms
[16.513s][info][gc,phases,start] GC(10) Post Compact
[16.515s][info][gc,phases      ] GC(10) Post Compact 2.278ms
[16.515s][info][gc,heap        ] GC(10) PSYoungGen: 111616K(222720K)->15709K(222720K) Eden: 111616K(111616K)->15709K(111616K) From: 0K(111104K)->0K(111104K)
[16.515s][info][gc,heap        ] GC(10) ParOldGen: 586396K(667648K)->667223K(667648K)
[16.515s][info][gc,metaspace   ] GC(10) Metaspace: 16829K(17088K)->16829K(17088K) NonClass: 15493K(15680K)->15493K(15680K) Class: 1335K(1408K)->1335K(1408K)
[16.515s][info][gc             ] GC(10) Pause Full (Allocation Failure) 681M->666M(869M) 616.574ms
[16.515s][info][gc,cpu         ] GC(10) User=1.12s Sys=0.06s Real=0.62s
[16.792s][info][gc,start       ] GC(11) Pause Full (Allocation Failure)
[16.792s][info][gc,phases,start] GC(11) Marking Phase
[17.082s][info][gc,phases      ] GC(11) Marking Phase 290.487ms
[17.082s][info][gc,phases,start] GC(11) Summary Phase
[17.082s][info][gc,phases      ] GC(11) Summary Phase 0.023ms
[17.082s][info][gc,phases,start] GC(11) Forward
[17.096s][info][gc,phases      ] GC(11) Forward 13.982ms
[17.096s][info][gc,phases,start] GC(11) Adjust Pointers
[17.245s][info][gc,phases      ] GC(11) Adjust Pointers 148.524ms
[17.245s][info][gc,phases,start] GC(11) Compaction Phase
[17.319s][info][gc,phases      ] GC(11) Compaction Phase 74.275ms
[17.319s][info][gc,phases,start] GC(11) Post Compact
[17.322s][info][gc,phases      ] GC(11) Post Compact 2.242ms
[17.322s][info][gc,heap        ] GC(11) PSYoungGen: 111616K(222720K)->35960K(222720K) Eden: 111616K(111616K)->35960K(111616K) From: 0K(111104K)->0K(111104K)
[17.322s][info][gc,heap        ] GC(11) ParOldGen: 667223K(667648K)->667223K(667648K)
[17.322s][info][gc,metaspace   ] GC(11) Metaspace: 16867K(17088K)->16867K(17088K) NonClass: 15531K(15680K)->15531K(15680K) Class: 1335K(1408K)->1335K(1408K)
[17.322s][info][gc             ] GC(11) Pause Full (Allocation Failure) 760M->686M(869M) 529.885ms
[17.322s][info][gc,cpu         ] GC(11) User=0.99s Sys=0.00s Real=0.53s
[17.494s][info][gc,start       ] GC(12) Pause Full (Allocation Failure)
[17.494s][info][gc,phases,start] GC(12) Marking Phase
[17.770s][info][gc,phases      ] GC(12) Marking Phase 275.859ms
[17.770s][info][gc,phases,start] GC(12) Summary Phase
[17.770s][info][gc,phases      ] GC(12) Summary Phase 0.023ms
[17.770s][info][gc,phases,start] GC(12) Forward
[17.785s][info][gc,phases      ] GC(12) Forward 14.282ms
[17.785s][info][gc,phases,start] GC(12) Adjust Pointers
[17.936s][info][gc,phases      ] GC(12) Adjust Pointers 151.369ms
[17.936s][info][gc,phases,start] GC(12) Compaction Phase
[18.013s][info][gc,phases      ] GC(12) Compaction Phase 77.333ms
[18.013s][info][gc,phases,start] GC(12) Post Compact
[18.016s][info][gc,phases      ] GC(12) Post Compact 2.340ms
[18.016s][info][gc,heap        ] GC(12) PSYoungGen: 111616K(222720K)->51902K(222720K) Eden: 111616K(111616K)->51902K(111616K) From: 0K(111104K)->0K(111104K)
[18.016s][info][gc,heap        ] GC(12) ParOldGen: 667223K(667648K)->667223K(667648K)
[18.016s][info][gc,metaspace   ] GC(12) Metaspace: 16867K(17088K)->16867K(17088K) NonClass: 15531K(15680K)->15531K(15680K) Class: 1335K(1408K)->1335K(1408K)
[18.016s][info][gc             ] GC(12) Pause Full (Allocation Failure) 760M->702M(869M) 521.617ms
[18.016s][info][gc,cpu         ] GC(12) User=1.02s Sys=0.01s Real=0.52s
[18.156s][info][gc,start       ] GC(13) Pause Full (Allocation Failure)
[18.156s][info][gc,phases,start] GC(13) Marking Phase
[18.436s][info][gc,phases      ] GC(13) Marking Phase 279.206ms
[18.436s][info][gc,phases,start] GC(13) Summary Phase
[18.436s][info][gc,phases      ] GC(13) Summary Phase 0.022ms
[18.436s][info][gc,phases,start] GC(13) Forward
[18.452s][info][gc,phases      ] GC(13) Forward 16.533ms
[18.452s][info][gc,phases,start] GC(13) Adjust Pointers
[18.608s][info][gc,phases      ] GC(13) Adjust Pointers 155.730ms
[18.608s][info][gc,phases,start] GC(13) Compaction Phase
[18.684s][info][gc,phases      ] GC(13) Compaction Phase 76.281ms
[18.684s][info][gc,phases,start] GC(13) Post Compact
[18.687s][info][gc,phases      ] GC(13) Post Compact 2.248ms
[18.687s][info][gc,heap        ] GC(13) PSYoungGen: 111616K(222720K)->64474K(222720K) Eden: 111616K(111616K)->64474K(111616K) From: 0K(111104K)->0K(111104K)
[18.687s][info][gc,heap        ] GC(13) ParOldGen: 667223K(667648K)->667223K(667648K)
[18.687s][info][gc,metaspace   ] GC(13) Metaspace: 16867K(17088K)->16867K(17088K) NonClass: 15531K(15680K)->15531K(15680K) Class: 1335K(1408K)->1335K(1408K)
[18.687s][info][gc             ] GC(13) Pause Full (Allocation Failure) 760M->714M(869M) 530.388ms
[18.687s][info][gc,cpu         ] GC(13) User=1.03s Sys=0.00s Real=0.53s
[18.789s][info][gc,start       ] GC(14) Pause Full (Allocation Failure)
[18.789s][info][gc,phases,start] GC(14) Marking Phase
[19.075s][info][gc,phases      ] GC(14) Marking Phase 286.329ms
[19.075s][info][gc,phases,start] GC(14) Summary Phase
[19.075s][info][gc,phases      ] GC(14) Summary Phase 0.023ms
[19.075s][info][gc,phases,start] GC(14) Forward
[19.093s][info][gc,phases      ] GC(14) Forward 17.719ms
[19.093s][info][gc,phases,start] GC(14) Adjust Pointers
[19.251s][info][gc,phases      ] GC(14) Adjust Pointers 158.506ms
[19.252s][info][gc,phases,start] GC(14) Compaction Phase
[19.330s][info][gc,phases      ] GC(14) Compaction Phase 78.716ms
[19.330s][info][gc,phases,start] GC(14) Post Compact
[19.333s][info][gc,phases      ] GC(14) Post Compact 2.259ms
[19.333s][info][gc,heap        ] GC(14) PSYoungGen: 111616K(222720K)->74421K(222720K) Eden: 111616K(111616K)->74421K(111616K) From: 0K(111104K)->0K(111104K)
[19.333s][info][gc,heap        ] GC(14) ParOldGen: 667223K(667648K)->667223K(667648K)
[19.333s][info][gc,metaspace   ] GC(14) Metaspace: 16867K(17088K)->16867K(17088K) NonClass: 15531K(15680K)->15531K(15680K) Class: 1335K(1408K)->1335K(1408K)
[19.333s][info][gc             ] GC(14) Pause Full (Allocation Failure) 760M->724M(869M) 543.966ms
[19.333s][info][gc,cpu         ] GC(14) User=1.06s Sys=0.00s Real=0.55s
[19.398s][info][gc,start       ] GC(15) Pause Full (Allocation Failure)
[19.398s][info][gc,phases,start] GC(15) Marking Phase
[19.691s][info][gc,phases      ] GC(15) Marking Phase 292.693ms
[19.691s][info][gc,phases,start] GC(15) Summary Phase
[19.691s][info][gc,phases      ] GC(15) Summary Phase 0.023ms
[19.691s][info][gc,phases,start] GC(15) Forward
[19.708s][info][gc,phases      ] GC(15) Forward 17.339ms
[19.708s][info][gc,phases,start] GC(15) Adjust Pointers
[19.873s][info][gc,phases      ] GC(15) Adjust Pointers 164.856ms
[19.873s][info][gc,phases,start] GC(15) Compaction Phase
[19.952s][info][gc,phases      ] GC(15) Compaction Phase 79.178ms
[19.952s][info][gc,phases,start] GC(15) Post Compact
[19.955s][info][gc,phases      ] GC(15) Post Compact 2.264ms
[19.955s][info][gc,heap        ] GC(15) PSYoungGen: 111616K(222720K)->82324K(222720K) Eden: 111616K(111616K)->82324K(111616K) From: 0K(111104K)->0K(111104K)
[19.955s][info][gc,heap        ] GC(15) ParOldGen: 667223K(667648K)->667223K(667648K)
[19.955s][info][gc,metaspace   ] GC(15) Metaspace: 16867K(17088K)->16867K(17088K) NonClass: 15531K(15680K)->15531K(15680K) Class: 1335K(1408K)->1335K(1408K)
[19.955s][info][gc             ] GC(15) Pause Full (Allocation Failure) 760M->731M(869M) 556.761ms
[19.955s][info][gc,cpu         ] GC(15) User=1.09s Sys=0.00s Real=0.56s
[20.004s][info][gc,start       ] GC(16) Pause Full (Allocation Failure)
[20.004s][info][gc,phases,start] GC(16) Marking Phase
[20.303s][info][gc,phases      ] GC(16) Marking Phase 298.418ms
[20.303s][info][gc,phases,start] GC(16) Summary Phase
[20.303s][info][gc,phases      ] GC(16) Summary Phase 0.023ms
[20.303s][info][gc,phases,start] GC(16) Forward
[20.320s][info][gc,phases      ] GC(16) Forward 17.547ms
[20.320s][info][gc,phases,start] GC(16) Adjust Pointers
[20.484s][info][gc,phases      ] GC(16) Adjust Pointers 163.930ms
[20.484s][info][gc,phases,start] GC(16) Compaction Phase
[20.564s][info][gc,phases      ] GC(16) Compaction Phase 79.771ms
[20.564s][info][gc,phases,start] GC(16) Post Compact
[20.566s][info][gc,phases      ] GC(16) Post Compact 2.302ms
[20.567s][info][gc,heap        ] GC(16) PSYoungGen: 111616K(222720K)->88586K(222720K) Eden: 111616K(111616K)->88586K(111616K) From: 0K(111104K)->0K(111104K)
[20.567s][info][gc,heap        ] GC(16) ParOldGen: 667223K(667648K)->667223K(667648K)
[20.567s][info][gc,metaspace   ] GC(16) Metaspace: 16867K(17088K)->16867K(17088K) NonClass: 15531K(15680K)->15531K(15680K) Class: 1335K(1408K)->1335K(1408K)
[20.567s][info][gc             ] GC(16) Pause Full (Allocation Failure) 760M->738M(869M) 562.334ms
[20.567s][info][gc,cpu         ] GC(16) User=1.11s Sys=0.00s Real=0.56s
[20.606s][info][gc,start       ] GC(17) Pause Full (Allocation Failure)
[20.607s][info][gc,phases,start] GC(17) Marking Phase
[20.921s][info][gc,phases      ] GC(17) Marking Phase 314.610ms
[20.921s][info][gc,phases,start] GC(17) Summary Phase
[20.921s][info][gc,phases      ] GC(17) Summary Phase 0.023ms
[20.921s][info][gc,phases,start] GC(17) Forward
[20.939s][info][gc,phases      ] GC(17) Forward 17.641ms
[20.939s][info][gc,phases,start] GC(17) Adjust Pointers
[21.105s][info][gc,phases      ] GC(17) Adjust Pointers 165.880ms
[21.105s][info][gc,phases,start] GC(17) Compaction Phase
[21.186s][info][gc,phases      ] GC(17) Compaction Phase 80.985ms
[21.186s][info][gc,phases,start] GC(17) Post Compact
[21.188s][info][gc,phases      ] GC(17) Post Compact 2.282ms
[21.188s][info][gc,heap        ] GC(17) PSYoungGen: 111616K(222720K)->93549K(222720K) Eden: 111616K(111616K)->93549K(111616K) From: 0K(111104K)->0K(111104K)
[21.188s][info][gc,heap        ] GC(17) ParOldGen: 667223K(667648K)->667223K(667648K)
[21.188s][info][gc,metaspace   ] GC(17) Metaspace: 16867K(17088K)->16867K(17088K) NonClass: 15531K(15680K)->15531K(15680K) Class: 1335K(1408K)->1335K(1408K)
[21.188s][info][gc             ] GC(17) Pause Full (Allocation Failure) 760M->742M(869M) 581.787ms
[21.188s][info][gc,cpu         ] GC(17) User=1.14s Sys=0.00s Real=0.58s
[21.225s][info][gc,start       ] GC(18) Pause Full (Allocation Failure)
[21.225s][info][gc,phases,start] GC(18) Marking Phase
[21.530s][info][gc,phases      ] GC(18) Marking Phase 304.573ms
[21.530s][info][gc,phases,start] GC(18) Summary Phase
[21.530s][info][gc,phases      ] GC(18) Summary Phase 0.023ms
[21.530s][info][gc,phases,start] GC(18) Forward
[21.547s][info][gc,phases      ] GC(18) Forward 17.312ms
[21.547s][info][gc,phases,start] GC(18) Adjust Pointers
[21.713s][info][gc,phases      ] GC(18) Adjust Pointers 165.803ms
[21.713s][info][gc,phases,start] GC(18) Compaction Phase
[21.794s][info][gc,phases      ] GC(18) Compaction Phase 80.749ms
[21.794s][info][gc,phases,start] GC(18) Post Compact
[21.796s][info][gc,phases      ] GC(18) Post Compact 2.267ms
[21.796s][info][gc,heap        ] GC(18) PSYoungGen: 111616K(222720K)->97414K(222720K) Eden: 111616K(111616K)->97414K(111616K) From: 0K(111104K)->0K(111104K)
[21.796s][info][gc,heap        ] GC(18) ParOldGen: 667223K(667648K)->667223K(667648K)
[21.796s][info][gc,metaspace   ] GC(18) Metaspace: 16867K(17088K)->16867K(17088K) NonClass: 15531K(15680K)->15531K(15680K) Class: 1335K(1408K)->1335K(1408K)
[21.796s][info][gc             ] GC(18) Pause Full (Allocation Failure) 760M->746M(869M) 571.106ms
[21.796s][info][gc,cpu         ] GC(18) User=1.12s Sys=0.00s Real=0.57s
[21.821s][info][gc,start       ] GC(19) Pause Full (Allocation Failure)
[21.821s][info][gc,phases,start] GC(19) Marking Phase
[22.122s][info][gc,phases      ] GC(19) Marking Phase 301.638ms
[22.122s][info][gc,phases,start] GC(19) Summary Phase
[22.122s][info][gc,phases      ] GC(19) Summary Phase 0.022ms
[22.122s][info][gc,phases,start] GC(19) Forward
[22.140s][info][gc,phases      ] GC(19) Forward 17.402ms
[22.140s][info][gc,phases,start] GC(19) Adjust Pointers
[22.305s][info][gc,phases      ] GC(19) Adjust Pointers 165.181ms
[22.305s][info][gc,phases,start] GC(19) Compaction Phase
[22.386s][info][gc,phases      ] GC(19) Compaction Phase 80.766ms
[22.386s][info][gc,phases,start] GC(19) Post Compact
[22.388s][info][gc,phases      ] GC(19) Post Compact 2.221ms
[22.388s][info][gc,heap        ] GC(19) PSYoungGen: 111616K(222720K)->100476K(222720K) Eden: 111616K(111616K)->100476K(111616K) From: 0K(111104K)->0K(111104K)
[22.388s][info][gc,heap        ] GC(19) ParOldGen: 667223K(667648K)->667223K(667648K)
[22.388s][info][gc,metaspace   ] GC(19) Metaspace: 16867K(17088K)->16867K(17088K) NonClass: 15531K(15680K)->15531K(15680K) Class: 1335K(1408K)->1335K(1408K)
[22.388s][info][gc             ] GC(19) Pause Full (Allocation Failure) 760M->749M(869M) 567.584ms
[22.388s][info][gc,cpu         ] GC(19) User=1.11s Sys=0.00s Real=0.57s
[22.407s][info][gc,start       ] GC(20) Pause Full (Allocation Failure)
[22.407s][info][gc,phases,start] GC(20) Marking Phase
[22.733s][info][gc,phases      ] GC(20) Marking Phase 326.589ms
[22.733s][info][gc,phases,start] GC(20) Summary Phase
[22.733s][info][gc,phases      ] GC(20) Summary Phase 0.023ms
[22.733s][info][gc,phases,start] GC(20) Forward
[22.752s][info][gc,phases      ] GC(20) Forward 18.944ms
[22.752s][info][gc,phases,start] GC(20) Adjust Pointers
[22.922s][info][gc,phases      ] GC(20) Adjust Pointers 169.613ms
[22.922s][info][gc,phases,start] GC(20) Compaction Phase
[23.005s][info][gc,phases      ] GC(20) Compaction Phase 83.185ms
[23.005s][info][gc,phases,start] GC(20) Post Compact
[23.008s][info][gc,phases      ] GC(20) Post Compact 2.248ms
[23.008s][info][gc,heap        ] GC(20) PSYoungGen: 111616K(222720K)->102873K(222720K) Eden: 111616K(111616K)->102873K(111616K) From: 0K(111104K)->0K(111104K)
[23.008s][info][gc,heap        ] GC(20) ParOldGen: 667223K(667648K)->667223K(667648K)
[23.008s][info][gc,metaspace   ] GC(20) Metaspace: 16867K(17088K)->16867K(17088K) NonClass: 15531K(15680K)->15531K(15680K) Class: 1335K(1408K)->1335K(1408K)
[23.008s][info][gc             ] GC(20) Pause Full (Allocation Failure) 760M->752M(869M) 600.988ms
[23.008s][info][gc,cpu         ] GC(20) User=1.18s Sys=0.00s Real=0.60s
[23.027s][info][gc,start       ] GC(21) Pause Full (Allocation Failure)
[23.027s][info][gc,phases,start] GC(21) Marking Phase
[23.341s][info][gc,phases      ] GC(21) Marking Phase 313.800ms
[23.341s][info][gc,phases,start] GC(21) Summary Phase
[23.341s][info][gc,phases      ] GC(21) Summary Phase 0.023ms
[23.341s][info][gc,phases,start] GC(21) Forward
[23.359s][info][gc,phases      ] GC(21) Forward 17.894ms
[23.359s][info][gc,phases,start] GC(21) Adjust Pointers
[23.529s][info][gc,phases      ] GC(21) Adjust Pointers 170.142ms
[23.529s][info][gc,phases,start] GC(21) Compaction Phase
[23.613s][info][gc,phases      ] GC(21) Compaction Phase 84.337ms
[23.613s][info][gc,phases,start] GC(21) Post Compact
[23.616s][info][gc,phases      ] GC(21) Post Compact 2.246ms
[23.616s][info][gc,heap        ] GC(21) PSYoungGen: 111616K(222720K)->104708K(222720K) Eden: 111616K(111616K)->104708K(111616K) From: 0K(111104K)->0K(111104K)
[23.616s][info][gc,heap        ] GC(21) ParOldGen: 667223K(667648K)->667223K(667648K)
[23.616s][info][gc,metaspace   ] GC(21) Metaspace: 16867K(17088K)->16867K(17088K) NonClass: 15531K(15680K)->15531K(15680K) Class: 1335K(1408K)->1335K(1408K)
[23.616s][info][gc             ] GC(21) Pause Full (Allocation Failure) 760M->753M(869M) 588.787ms
[23.616s][info][gc,cpu         ] GC(21) User=1.16s Sys=0.01s Real=0.59s
[23.630s][info][gc,start       ] GC(22) Pause Full (Allocation Failure)
[23.630s][info][gc,phases,start] GC(22) Marking Phase
[23.944s][info][gc,phases      ] GC(22) Marking Phase 314.240ms
[23.944s][info][gc,phases,start] GC(22) Summary Phase
[23.944s][info][gc,phases      ] GC(22) Summary Phase 0.022ms
[23.944s][info][gc,phases,start] GC(22) Forward
[23.962s][info][gc,phases      ] GC(22) Forward 17.945ms
[23.962s][info][gc,phases,start] GC(22) Adjust Pointers
[24.133s][info][gc,phases      ] GC(22) Adjust Pointers 170.665ms
[24.133s][info][gc,phases,start] GC(22) Compaction Phase
[24.217s][info][gc,phases      ] GC(22) Compaction Phase 84.109ms
[24.217s][info][gc,phases,start] GC(22) Post Compact
[24.219s][info][gc,phases      ] GC(22) Post Compact 2.274ms
[24.219s][info][gc,heap        ] GC(22) PSYoungGen: 111616K(222720K)->106187K(222720K) Eden: 111616K(111616K)->106187K(111616K) From: 0K(111104K)->0K(111104K)
[24.219s][info][gc,heap        ] GC(22) ParOldGen: 667223K(667648K)->667223K(667648K)
[24.219s][info][gc,metaspace   ] GC(22) Metaspace: 16867K(17088K)->16867K(17088K) NonClass: 15531K(15680K)->15531K(15680K) Class: 1335K(1408K)->1335K(1408K)
[24.219s][info][gc             ] GC(22) Pause Full (Allocation Failure) 760M->755M(869M) 589.594ms
[24.219s][info][gc,cpu         ] GC(22) User=1.16s Sys=0.00s Real=0.59s
[24.231s][info][gc,start       ] GC(23) Pause Full (Allocation Failure)
[24.231s][info][gc,phases,start] GC(23) Marking Phase
[24.556s][info][gc,phases      ] GC(23) Marking Phase 324.956ms
[24.556s][info][gc,phases,start] GC(23) Summary Phase
[24.556s][info][gc,phases      ] GC(23) Summary Phase 0.022ms
[24.556s][info][gc,phases,start] GC(23) Forward
[24.574s][info][gc,phases      ] GC(23) Forward 17.765ms
[24.574s][info][gc,phases,start] GC(23) Adjust Pointers
[24.746s][info][gc,phases      ] GC(23) Adjust Pointers 171.939ms
[24.746s][info][gc,phases,start] GC(23) Compaction Phase
[24.829s][info][gc,phases      ] GC(23) Compaction Phase 83.639ms
[24.829s][info][gc,phases,start] GC(23) Post Compact
[24.832s][info][gc,phases      ] GC(23) Post Compact 2.283ms
[24.832s][info][gc,heap        ] GC(23) PSYoungGen: 111616K(222720K)->107347K(222720K) Eden: 111616K(111616K)->107347K(111616K) From: 0K(111104K)->0K(111104K)
[24.832s][info][gc,heap        ] GC(23) ParOldGen: 667223K(667648K)->667223K(667648K)
[24.832s][info][gc,metaspace   ] GC(23) Metaspace: 16867K(17088K)->16867K(17088K) NonClass: 15531K(15680K)->15531K(15680K) Class: 1335K(1408K)->1335K(1408K)
[24.832s][info][gc             ] GC(23) Pause Full (Allocation Failure) 760M->756M(869M) 600.930ms
[24.832s][info][gc,cpu         ] GC(23) User=1.18s Sys=0.00s Real=0.61s
[24.840s][info][gc,start       ] GC(24) Pause Full (Allocation Failure)
[24.840s][info][gc,phases,start] GC(24) Marking Phase
[25.156s][info][gc,phases      ] GC(24) Marking Phase 316.488ms
[25.156s][info][gc,phases,start] GC(24) Summary Phase
[25.156s][info][gc,phases      ] GC(24) Summary Phase 0.023ms
[25.156s][info][gc,phases,start] GC(24) Forward
[25.174s][info][gc,phases      ] GC(24) Forward 17.936ms
[25.174s][info][gc,phases,start] GC(24) Adjust Pointers
[25.348s][info][gc,phases      ] GC(24) Adjust Pointers 173.523ms
[25.348s][info][gc,phases,start] GC(24) Compaction Phase
[25.432s][info][gc,phases      ] GC(24) Compaction Phase 84.266ms
[25.432s][info][gc,phases,start] GC(24) Post Compact
[25.434s][info][gc,phases      ] GC(24) Post Compact 2.283ms
[25.434s][info][gc,heap        ] GC(24) PSYoungGen: 111616K(222720K)->108260K(222720K) Eden: 111616K(111616K)->108260K(111616K) From: 0K(111104K)->0K(111104K)
[25.434s][info][gc,heap        ] GC(24) ParOldGen: 667223K(667648K)->667223K(667648K)
[25.434s][info][gc,metaspace   ] GC(24) Metaspace: 16867K(17088K)->16867K(17088K) NonClass: 15531K(15680K)->15531K(15680K) Class: 1335K(1408K)->1335K(1408K)
[25.434s][info][gc             ] GC(24) Pause Full (Allocation Failure) 760M->757M(869M) 594.826ms
[25.434s][info][gc,cpu         ] GC(24) User=1.17s Sys=0.00s Real=0.60s
[25.441s][info][gc,start       ] GC(25) Pause Full (Allocation Failure)
[25.441s][info][gc,phases,start] GC(25) Marking Phase
[25.763s][info][gc,phases      ] GC(25) Marking Phase 322.561ms
[25.763s][info][gc,phases,start] GC(25) Summary Phase
[25.763s][info][gc,phases      ] GC(25) Summary Phase 0.023ms
[25.763s][info][gc,phases,start] GC(25) Forward
[25.781s][info][gc,phases      ] GC(25) Forward 18.120ms
[25.781s][info][gc,phases,start] GC(25) Adjust Pointers
[25.954s][info][gc,phases      ] GC(25) Adjust Pointers 172.621ms
[25.954s][info][gc,phases,start] GC(25) Compaction Phase
[26.039s][info][gc,phases      ] GC(25) Compaction Phase 84.438ms
[26.039s][info][gc,phases,start] GC(25) Post Compact
[26.041s][info][gc,phases      ] GC(25) Post Compact 2.273ms
[26.041s][info][gc,heap        ] GC(25) PSYoungGen: 111616K(222720K)->108978K(222720K) Eden: 111616K(111616K)->108978K(111616K) From: 0K(111104K)->0K(111104K)
[26.041s][info][gc,heap        ] GC(25) ParOldGen: 667223K(667648K)->667223K(667648K)
[26.041s][info][gc,metaspace   ] GC(25) Metaspace: 16867K(17088K)->16867K(17088K) NonClass: 15531K(15680K)->15531K(15680K) Class: 1335K(1408K)->1335K(1408K)
[26.041s][info][gc             ] GC(25) Pause Full (Allocation Failure) 760M->758M(869M) 600.335ms
[26.041s][info][gc,cpu         ] GC(25) User=1.17s Sys=0.00s Real=0.60s
[26.046s][info][gc,start       ] GC(26) Pause Full (Allocation Failure)
[26.046s][info][gc,phases,start] GC(26) Marking Phase
[26.365s][info][gc,phases      ] GC(26) Marking Phase 319.652ms
[26.366s][info][gc,phases,start] GC(26) Summary Phase
[26.366s][info][gc,phases      ] GC(26) Summary Phase 0.022ms
[26.366s][info][gc,phases,start] GC(26) Forward
[26.384s][info][gc,phases      ] GC(26) Forward 18.829ms
[26.384s][info][gc,phases,start] GC(26) Adjust Pointers
[26.556s][info][gc,phases      ] GC(26) Adjust Pointers 171.649ms
[26.556s][info][gc,phases,start] GC(26) Compaction Phase
[26.640s][info][gc,phases      ] GC(26) Compaction Phase 84.053ms
[26.640s][info][gc,phases,start] GC(26) Post Compact
[26.643s][info][gc,phases      ] GC(26) Post Compact 2.309ms
[26.643s][info][gc,heap        ] GC(26) PSYoungGen: 111616K(222720K)->109536K(222720K) Eden: 111616K(111616K)->109536K(111616K) From: 0K(111104K)->0K(111104K)
[26.643s][info][gc,heap        ] GC(26) ParOldGen: 667223K(667648K)->667223K(667648K)
[26.643s][info][gc,metaspace   ] GC(26) Metaspace: 16867K(17088K)->16867K(17088K) NonClass: 15531K(15680K)->15531K(15680K) Class: 1335K(1408K)->1335K(1408K)
[26.643s][info][gc             ] GC(26) Pause Full (Allocation Failure) 760M->758M(869M) 596.887ms
[26.643s][info][gc,cpu         ] GC(26) User=1.17s Sys=0.00s Real=0.60s
[26.649s][info][gc,start       ] GC(27) Pause Full (Allocation Failure)
[26.649s][info][gc,phases,start] GC(27) Marking Phase
[26.964s][info][gc,phases      ] GC(27) Marking Phase 315.577ms
[26.964s][info][gc,phases,start] GC(27) Summary Phase
[26.964s][info][gc,phases      ] GC(27) Summary Phase 0.022ms
[26.964s][info][gc,phases,start] GC(27) Forward
[26.985s][info][gc,phases      ] GC(27) Forward 20.166ms
[26.985s][info][gc,phases,start] GC(27) Adjust Pointers
[27.157s][info][gc,phases      ] GC(27) Adjust Pointers 172.424ms
[27.157s][info][gc,phases,start] GC(27) Compaction Phase
[27.241s][info][gc,phases      ] GC(27) Compaction Phase 83.726ms
[27.241s][info][gc,phases,start] GC(27) Post Compact
[27.243s][info][gc,phases      ] GC(27) Post Compact 2.282ms
[27.243s][info][gc,heap        ] GC(27) PSYoungGen: 111616K(222720K)->109986K(222720K) Eden: 111616K(111616K)->109986K(111616K) From: 0K(111104K)->0K(111104K)
[27.243s][info][gc,heap        ] GC(27) ParOldGen: 667223K(667648K)->667223K(667648K)
[27.243s][info][gc,metaspace   ] GC(27) Metaspace: 16867K(17088K)->16867K(17088K) NonClass: 15531K(15680K)->15531K(15680K) Class: 1335K(1408K)->1335K(1408K)
[27.243s][info][gc             ] GC(27) Pause Full (Allocation Failure) 760M->758M(869M) 594.581ms
[27.243s][info][gc,cpu         ] GC(27) User=1.17s Sys=0.00s Real=0.60s
[27.247s][info][gc,start       ] GC(28) Pause Full (Allocation Failure)
[27.247s][info][gc,phases,start] GC(28) Marking Phase
[27.562s][info][gc,phases      ] GC(28) Marking Phase 314.805ms
[27.562s][info][gc,phases,start] GC(28) Summary Phase
[27.562s][info][gc,phases      ] GC(28) Summary Phase 0.021ms
[27.562s][info][gc,phases,start] GC(28) Forward
[27.579s][info][gc,phases      ] GC(28) Forward 17.844ms
[27.580s][info][gc,phases,start] GC(28) Adjust Pointers
[27.751s][info][gc,phases      ] GC(28) Adjust Pointers 171.853ms
[27.751s][info][gc,phases,start] GC(28) Compaction Phase
[27.838s][info][gc,phases      ] GC(28) Compaction Phase 86.315ms
[27.838s][info][gc,phases,start] GC(28) Post Compact
[27.840s][info][gc,phases      ] GC(28) Post Compact 2.283ms
[27.840s][info][gc,heap        ] GC(28) PSYoungGen: 111615K(222720K)->110333K(222720K) Eden: 111615K(111616K)->110333K(111616K) From: 0K(111104K)->0K(111104K)
[27.840s][info][gc,heap        ] GC(28) ParOldGen: 667223K(667648K)->667223K(667648K)
[27.840s][info][gc,metaspace   ] GC(28) Metaspace: 16867K(17088K)->16867K(17088K) NonClass: 15531K(15680K)->15531K(15680K) Class: 1335K(1408K)->1335K(1408K)
[27.840s][info][gc             ] GC(28) Pause Full (Allocation Failure) 760M->759M(869M) 593.517ms
[27.840s][info][gc,cpu         ] GC(28) User=1.17s Sys=0.00s Real=0.59s
[27.843s][info][gc,start       ] GC(29) Pause Full (Allocation Failure)
[27.843s][info][gc,phases,start] GC(29) Marking Phase
[28.166s][info][gc,phases      ] GC(29) Marking Phase 323.174ms
[28.166s][info][gc,phases,start] GC(29) Summary Phase
[28.166s][info][gc,phases      ] GC(29) Summary Phase 0.024ms
[28.166s][info][gc,phases,start] GC(29) Forward
[28.185s][info][gc,phases      ] GC(29) Forward 18.301ms
[28.185s][info][gc,phases,start] GC(29) Adjust Pointers
[28.359s][info][gc,phases      ] GC(29) Adjust Pointers 174.391ms
[28.359s][info][gc,phases,start] GC(29) Compaction Phase
[28.444s][info][gc,phases      ] GC(29) Compaction Phase 85.097ms
[28.444s][info][gc,phases,start] GC(29) Post Compact
[28.447s][info][gc,phases      ] GC(29) Post Compact 2.264ms
[28.447s][info][gc,heap        ] GC(29) PSYoungGen: 111616K(222720K)->110608K(222720K) Eden: 111616K(111616K)->110608K(111616K) From: 0K(111104K)->0K(111104K)
[28.447s][info][gc,heap        ] GC(29) ParOldGen: 667223K(667648K)->667223K(667648K)
[28.447s][info][gc,metaspace   ] GC(29) Metaspace: 16867K(17088K)->16867K(17088K) NonClass: 15531K(15680K)->15531K(15680K) Class: 1335K(1408K)->1335K(1408K)
[28.447s][info][gc             ] GC(29) Pause Full (Allocation Failure) 760M->759M(869M) 603.568ms
[28.447s][info][gc,cpu         ] GC(29) User=1.18s Sys=0.00s Real=0.60s
[28.449s][info][gc,start       ] GC(30) Pause Full (Allocation Failure)
[28.449s][info][gc,phases,start] GC(30) Marking Phase
[28.769s][info][gc,phases      ] GC(30) Marking Phase 319.818ms
[28.769s][info][gc,phases,start] GC(30) Summary Phase
[28.769s][info][gc,phases      ] GC(30) Summary Phase 0.022ms
[28.769s][info][gc,phases,start] GC(30) Forward
[28.787s][info][gc,phases      ] GC(30) Forward 17.908ms
[28.787s][info][gc,phases,start] GC(30) Adjust Pointers
[28.962s][info][gc,phases      ] GC(30) Adjust Pointers 175.026ms
[28.962s][info][gc,phases,start] GC(30) Compaction Phase
[29.048s][info][gc,phases      ] GC(30) Compaction Phase 85.632ms
[29.048s][info][gc,phases,start] GC(30) Post Compact
[29.050s][info][gc,phases      ] GC(30) Post Compact 2.260ms
[29.050s][info][gc,heap        ] GC(30) PSYoungGen: 111616K(222720K)->110827K(222720K) Eden: 111616K(111616K)->110827K(111616K) From: 0K(111104K)->0K(111104K)
[29.050s][info][gc,heap        ] GC(30) ParOldGen: 667223K(667648K)->667223K(667648K)
[29.050s][info][gc,metaspace   ] GC(30) Metaspace: 16867K(17088K)->16867K(17088K) NonClass: 15531K(15680K)->15531K(15680K) Class: 1335K(1408K)->1335K(1408K)
[29.050s][info][gc             ] GC(30) Pause Full (Allocation Failure) 760M->759M(869M) 600.964ms
[29.050s][info][gc,cpu         ] GC(30) User=1.18s Sys=0.00s Real=0.60s
[29.052s][info][gc,start       ] GC(31) Pause Full (Allocation Failure)
[29.052s][info][gc,phases,start] GC(31) Marking Phase
[29.375s][info][gc,phases      ] GC(31) Marking Phase 322.274ms
[29.375s][info][gc,phases,start] GC(31) Summary Phase
[29.375s][info][gc,phases      ] GC(31) Summary Phase 0.034ms
[29.375s][info][gc,phases,start] GC(31) Forward
[29.393s][info][gc,phases      ] GC(31) Forward 18.370ms
[29.393s][info][gc,phases,start] GC(31) Adjust Pointers
[29.568s][info][gc,phases      ] GC(31) Adjust Pointers 174.883ms
[29.568s][info][gc,phases,start] GC(31) Compaction Phase
[29.653s][info][gc,phases      ] GC(31) Compaction Phase 85.252ms
[29.653s][info][gc,phases,start] GC(31) Post Compact
[29.656s][info][gc,phases      ] GC(31) Post Compact 2.308ms
[29.656s][info][gc,heap        ] GC(31) PSYoungGen: 111616K(222720K)->111000K(222720K) Eden: 111616K(111616K)->111000K(111616K) From: 0K(111104K)->0K(111104K)
[29.656s][info][gc,heap        ] GC(31) ParOldGen: 667223K(667648K)->667223K(667648K)
[29.656s][info][gc,metaspace   ] GC(31) Metaspace: 16867K(17088K)->16867K(17088K) NonClass: 15531K(15680K)->15531K(15680K) Class: 1335K(1408K)->1335K(1408K)
[29.656s][info][gc             ] GC(31) Pause Full (Allocation Failure) 760M->759M(869M) 603.497ms
[29.656s][info][gc,cpu         ] GC(31) User=1.19s Sys=0.00s Real=0.60s
[29.658s][info][gc,start       ] GC(32) Pause Full (Allocation Failure)
[29.658s][info][gc,phases,start] GC(32) Marking Phase
[29.976s][info][gc,phases      ] GC(32) Marking Phase 318.055ms
[29.976s][info][gc,phases,start] GC(32) Summary Phase
[29.976s][info][gc,phases      ] GC(32) Summary Phase 0.023ms
[29.976s][info][gc,phases,start] GC(32) Forward
[29.994s][info][gc,phases      ] GC(32) Forward 18.099ms
[29.994s][info][gc,phases,start] GC(32) Adjust Pointers
[30.166s][info][gc,phases      ] GC(32) Adjust Pointers 171.790ms
[30.166s][info][gc,phases,start] GC(32) Compaction Phase
[30.251s][info][gc,phases      ] GC(32) Compaction Phase 85.182ms
[30.251s][info][gc,phases,start] GC(32) Post Compact
[30.253s][info][gc,phases      ] GC(32) Post Compact 2.299ms
[30.253s][info][gc,heap        ] GC(32) PSYoungGen: 111616K(222720K)->111129K(222720K) Eden: 111616K(111616K)->111129K(111616K) From: 0K(111104K)->0K(111104K)
[30.253s][info][gc,heap        ] GC(32) ParOldGen: 667223K(667648K)->667223K(667648K)
[30.253s][info][gc,metaspace   ] GC(32) Metaspace: 16867K(17088K)->16867K(17088K) NonClass: 15531K(15680K)->15531K(15680K) Class: 1335K(1408K)->1335K(1408K)
[30.253s][info][gc             ] GC(32) Pause Full (Allocation Failure) 760M->760M(869M) 595.812ms
[30.253s][info][gc,cpu         ] GC(32) User=1.17s Sys=0.00s Real=0.60s
[30.255s][info][gc,start       ] GC(33) Pause Full (Allocation Failure)
[30.255s][info][gc,phases,start] GC(33) Marking Phase
[30.582s][info][gc,phases      ] GC(33) Marking Phase 326.699ms
[30.582s][info][gc,phases,start] GC(33) Summary Phase
[30.582s][info][gc,phases      ] GC(33) Summary Phase 0.023ms
[30.582s][info][gc,phases,start] GC(33) Forward
[30.600s][info][gc,phases      ] GC(33) Forward 18.226ms
[30.600s][info][gc,phases,start] GC(33) Adjust Pointers
[30.777s][info][gc,phases      ] GC(33) Adjust Pointers 176.790ms
[30.777s][info][gc,phases,start] GC(33) Compaction Phase
[30.863s][info][gc,phases      ] GC(33) Compaction Phase 85.890ms
[30.863s][info][gc,phases,start] GC(33) Post Compact
[30.865s][info][gc,phases      ] GC(33) Post Compact 2.275ms
[30.865s][info][gc,heap        ] GC(33) PSYoungGen: 111616K(222720K)->111229K(222720K) Eden: 111616K(111616K)->111229K(111616K) From: 0K(111104K)->0K(111104K)
[30.865s][info][gc,heap        ] GC(33) ParOldGen: 667223K(667648K)->667223K(667648K)
[30.865s][info][gc,metaspace   ] GC(33) Metaspace: 16867K(17088K)->16867K(17088K) NonClass: 15531K(15680K)->15531K(15680K) Class: 1335K(1408K)->1335K(1408K)
[30.865s][info][gc             ] GC(33) Pause Full (Allocation Failure) 760M->760M(869M) 610.288ms
[30.865s][info][gc,cpu         ] GC(33) User=1.19s Sys=0.00s Real=0.61s
[30.869s][info][gc,start       ] GC(34) Pause Full (Allocation Failure)
[30.869s][info][gc,phases,start] GC(34) Marking Phase
[31.189s][info][gc,phases      ] GC(34) Marking Phase 320.124ms
[31.190s][info][gc,phases,start] GC(34) Summary Phase
[31.190s][info][gc,phases      ] GC(34) Summary Phase 0.023ms
[31.190s][info][gc,phases,start] GC(34) Forward
[31.208s][info][gc,phases      ] GC(34) Forward 18.778ms
[31.208s][info][gc,phases,start] GC(34) Adjust Pointers
[31.383s][info][gc,phases      ] GC(34) Adjust Pointers 174.981ms
[31.383s][info][gc,phases,start] GC(34) Compaction Phase
[31.469s][info][gc,phases      ] GC(34) Compaction Phase 85.415ms
[31.469s][info][gc,phases,start] GC(34) Post Compact
[31.471s][info][gc,phases      ] GC(34) Post Compact 2.282ms
[31.471s][info][gc,heap        ] GC(34) PSYoungGen: 111616K(222720K)->111312K(222720K) Eden: 111616K(111616K)->111312K(111616K) From: 0K(111104K)->0K(111104K)
[31.471s][info][gc,heap        ] GC(34) ParOldGen: 667223K(667648K)->667223K(667648K)
[31.471s][info][gc,metaspace   ] GC(34) Metaspace: 16867K(17088K)->16867K(17088K) NonClass: 15531K(15680K)->15531K(15680K) Class: 1335K(1408K)->1335K(1408K)
[31.471s][info][gc             ] GC(34) Pause Full (Allocation Failure) 760M->760M(869M) 601.956ms
[31.471s][info][gc,cpu         ] GC(34) User=1.18s Sys=0.00s Real=0.60s
[31.473s][info][gc,start       ] GC(35) Pause Full (Allocation Failure)
[31.473s][info][gc,phases,start] GC(35) Marking Phase
[31.790s][info][gc,phases      ] GC(35) Marking Phase 317.402ms
[31.790s][info][gc,phases,start] GC(35) Summary Phase
[31.790s][info][gc,phases      ] GC(35) Summary Phase 0.026ms
[31.790s][info][gc,phases,start] GC(35) Forward
[31.812s][info][gc,phases      ] GC(35) Forward 21.322ms
[31.812s][info][gc,phases,start] GC(35) Adjust Pointers
[31.985s][info][gc,phases      ] GC(35) Adjust Pointers 173.657ms
[31.985s][info][gc,phases,start] GC(35) Compaction Phase
[32.071s][info][gc,phases      ] GC(35) Compaction Phase 85.750ms
[32.071s][info][gc,phases,start] GC(35) Post Compact
[32.074s][info][gc,phases      ] GC(35) Post Compact 2.317ms
[32.074s][info][gc,heap        ] GC(35) PSYoungGen: 111616K(222720K)->111375K(222720K) Eden: 111616K(111616K)->111375K(111616K) From: 0K(111104K)->0K(111104K)
[32.074s][info][gc,heap        ] GC(35) ParOldGen: 667223K(667648K)->667223K(667648K)
[32.074s][info][gc,metaspace   ] GC(35) Metaspace: 16867K(17088K)->16867K(17088K) NonClass: 15531K(15680K)->15531K(15680K) Class: 1335K(1408K)->1335K(1408K)
[32.074s][info][gc             ] GC(35) Pause Full (Allocation Failure) 760M->760M(869M) 600.902ms
[32.074s][info][gc,cpu         ] GC(35) User=1.18s Sys=0.01s Real=0.60s
[32.075s][info][gc,start       ] GC(36) Pause Full (Allocation Failure)
[32.075s][info][gc,phases,start] GC(36) Marking Phase
[32.397s][info][gc,phases      ] GC(36) Marking Phase 321.739ms
[32.397s][info][gc,phases,start] GC(36) Summary Phase
[32.397s][info][gc,phases      ] GC(36) Summary Phase 0.023ms
[32.397s][info][gc,phases,start] GC(36) Forward
[32.415s][info][gc,phases      ] GC(36) Forward 18.644ms
[32.415s][info][gc,phases,start] GC(36) Adjust Pointers
[32.591s][info][gc,phases      ] GC(36) Adjust Pointers 175.094ms
[32.591s][info][gc,phases,start] GC(36) Compaction Phase
[32.677s][info][gc,phases      ] GC(36) Compaction Phase 86.389ms
[32.677s][info][gc,phases,start] GC(36) Post Compact
[32.679s][info][gc,phases      ] GC(36) Post Compact 2.280ms
[32.679s][info][gc,heap        ] GC(36) PSYoungGen: 111615K(222720K)->111422K(222720K) Eden: 111615K(111616K)->111422K(111616K) From: 0K(111104K)->0K(111104K)
[32.679s][info][gc,heap        ] GC(36) ParOldGen: 667223K(667648K)->667223K(667648K)
[32.679s][info][gc,metaspace   ] GC(36) Metaspace: 16867K(17088K)->16867K(17088K) NonClass: 15531K(15680K)->15531K(15680K) Class: 1335K(1408K)->1335K(1408K)
[32.679s][info][gc             ] GC(36) Pause Full (Allocation Failure) 760M->760M(869M) 604.581ms
[32.679s][info][gc,cpu         ] GC(36) User=1.19s Sys=0.00s Real=0.60s
[32.683s][info][gc,start       ] GC(37) Pause Full (Allocation Failure)
[32.683s][info][gc,phases,start] GC(37) Marking Phase
[33.006s][info][gc,phases      ] GC(37) Marking Phase 323.379ms
[33.006s][info][gc,phases,start] GC(37) Summary Phase
[33.006s][info][gc,phases      ] GC(37) Summary Phase 0.024ms
[33.006s][info][gc,phases,start] GC(37) Forward
[33.025s][info][gc,phases      ] GC(37) Forward 18.327ms
[33.025s][info][gc,phases,start] GC(37) Adjust Pointers
[33.198s][info][gc,phases      ] GC(37) Adjust Pointers 173.139ms
[33.198s][info][gc,phases,start] GC(37) Compaction Phase
[33.283s][info][gc,phases      ] GC(37) Compaction Phase 85.266ms
[33.283s][info][gc,phases,start] GC(37) Post Compact
[33.286s][info][gc,phases      ] GC(37) Post Compact 2.287ms
[33.286s][info][gc,heap        ] GC(37) PSYoungGen: 111616K(222720K)->111459K(222720K) Eden: 111616K(111616K)->111459K(111616K) From: 0K(111104K)->0K(111104K)
[33.286s][info][gc,heap        ] GC(37) ParOldGen: 667223K(667648K)->667223K(667648K)
[33.286s][info][gc,metaspace   ] GC(37) Metaspace: 16867K(17088K)->16867K(17088K) NonClass: 15531K(15680K)->15531K(15680K) Class: 1335K(1408K)->1335K(1408K)
[33.286s][info][gc             ] GC(37) Pause Full (Allocation Failure) 760M->760M(869M) 602.823ms
[33.286s][info][gc,cpu         ] GC(37) User=1.18s Sys=0.00s Real=0.60s
[33.287s][info][gc,start       ] GC(38) Pause Full (Allocation Failure)
[33.287s][info][gc,phases,start] GC(38) Marking Phase
[33.611s][info][gc,phases      ] GC(38) Marking Phase 324.194ms
[33.611s][info][gc,phases,start] GC(38) Summary Phase
[33.611s][info][gc,phases      ] GC(38) Summary Phase 0.023ms
[33.611s][info][gc,phases,start] GC(38) Forward
[33.632s][info][gc,phases      ] GC(38) Forward 20.458ms
[33.632s][info][gc,phases,start] GC(38) Adjust Pointers
[33.807s][info][gc,phases      ] GC(38) Adjust Pointers 175.415ms
[33.807s][info][gc,phases,start] GC(38) Compaction Phase
[33.894s][info][gc,phases      ] GC(38) Compaction Phase 86.815ms
[33.894s][info][gc,phases,start] GC(38) Post Compact
[33.897s][info][gc,phases      ] GC(38) Post Compact 2.324ms
[33.897s][info][gc,heap        ] GC(38) PSYoungGen: 111615K(222720K)->111489K(222720K) Eden: 111615K(111616K)->111489K(111616K) From: 0K(111104K)->0K(111104K)
[33.897s][info][gc,heap        ] GC(38) ParOldGen: 667223K(667648K)->667223K(667648K)
[33.897s][info][gc,metaspace   ] GC(38) Metaspace: 16867K(17088K)->16867K(17088K) NonClass: 15531K(15680K)->15531K(15680K) Class: 1335K(1408K)->1335K(1408K)
[33.897s][info][gc             ] GC(38) Pause Full (Allocation Failure) 760M->760M(869M) 609.615ms
[33.897s][info][gc,cpu         ] GC(38) User=1.20s Sys=0.00s Real=0.61s
[33.898s][info][gc,start       ] GC(39) Pause Full (Allocation Failure)
[33.898s][info][gc,phases,start] GC(39) Marking Phase
[34.225s][info][gc,phases      ] GC(39) Marking Phase 327.218ms
[34.225s][info][gc,phases,start] GC(39) Summary Phase
[34.225s][info][gc,phases      ] GC(39) Summary Phase 0.026ms
[34.225s][info][gc,phases,start] GC(39) Forward
[34.245s][info][gc,phases      ] GC(39) Forward 19.279ms
[34.245s][info][gc,phases,start] GC(39) Adjust Pointers
[34.419s][info][gc,phases      ] GC(39) Adjust Pointers 174.337ms
[34.419s][info][gc,phases,start] GC(39) Compaction Phase
[34.504s][info][gc,phases      ] GC(39) Compaction Phase 85.028ms
[34.504s][info][gc,phases,start] GC(39) Post Compact
[34.506s][info][gc,phases      ] GC(39) Post Compact 2.302ms
[34.506s][info][gc,heap        ] GC(39) PSYoungGen: 111616K(222720K)->111512K(222720K) Eden: 111616K(111616K)->111512K(111616K) From: 0K(111104K)->0K(111104K)
[34.506s][info][gc,heap        ] GC(39) ParOldGen: 667223K(667648K)->667223K(667648K)
[34.506s][info][gc,metaspace   ] GC(39) Metaspace: 16867K(17088K)->16867K(17088K) NonClass: 15531K(15680K)->15531K(15680K) Class: 1335K(1408K)->1335K(1408K)
[34.506s][info][gc             ] GC(39) Pause Full (Allocation Failure) 760M->760M(869M) 608.561ms
[34.506s][info][gc,cpu         ] GC(39) User=1.19s Sys=0.00s Real=0.61s
[34.508s][info][gc,start       ] GC(40) Pause Full (Allocation Failure)
[34.508s][info][gc,phases,start] GC(40) Marking Phase
[34.823s][info][gc,phases      ] GC(40) Marking Phase 315.010ms
[34.823s][info][gc,phases,start] GC(40) Summary Phase
[34.823s][info][gc,phases      ] GC(40) Summary Phase 0.046ms
[34.823s][info][gc,phases,start] GC(40) Forward
[34.841s][info][gc,phases      ] GC(40) Forward 18.081ms
[34.841s][info][gc,phases,start] GC(40) Adjust Pointers
[35.012s][info][gc,phases      ] GC(40) Adjust Pointers 171.049ms
[35.012s][info][gc,phases,start] GC(40) Compaction Phase
[35.096s][info][gc,phases      ] GC(40) Compaction Phase 83.877ms
[35.096s][info][gc,phases,start] GC(40) Post Compact
[35.098s][info][gc,phases      ] GC(40) Post Compact 2.247ms
[35.098s][info][gc,heap        ] GC(40) PSYoungGen: 111615K(222720K)->111530K(222720K) Eden: 111615K(111616K)->111530K(111616K) From: 0K(111104K)->0K(111104K)
[35.098s][info][gc,heap        ] GC(40) ParOldGen: 667223K(667648K)->667223K(667648K)
[35.098s][info][gc,metaspace   ] GC(40) Metaspace: 16867K(17088K)->16867K(17088K) NonClass: 15531K(15680K)->15531K(15680K) Class: 1335K(1408K)->1335K(1408K)
[35.098s][info][gc             ] GC(40) Pause Full (Allocation Failure) 760M->760M(869M) 590.644ms
[35.098s][info][gc,cpu         ] GC(40) User=1.16s Sys=0.00s Real=0.59s
[35.099s][info][gc,start       ] GC(41) Pause Full (Allocation Failure)
[35.099s][info][gc,phases,start] GC(41) Marking Phase
[35.406s][info][gc,phases      ] GC(41) Marking Phase 306.434ms
[35.406s][info][gc,phases,start] GC(41) Summary Phase
[35.406s][info][gc,phases      ] GC(41) Summary Phase 0.021ms
[35.406s][info][gc,phases,start] GC(41) Forward
[35.423s][info][gc,phases      ] GC(41) Forward 17.318ms
[35.423s][info][gc,phases,start] GC(41) Adjust Pointers
[35.592s][info][gc,phases      ] GC(41) Adjust Pointers 168.797ms
[35.592s][info][gc,phases,start] GC(41) Compaction Phase
[35.674s][info][gc,phases      ] GC(41) Compaction Phase 81.661ms
[35.674s][info][gc,phases,start] GC(41) Post Compact
[35.676s][info][gc,phases      ] GC(41) Post Compact 2.240ms
[35.676s][info][gc,heap        ] GC(41) PSYoungGen: 111616K(222720K)->111545K(222720K) Eden: 111616K(111616K)->111545K(111616K) From: 0K(111104K)->0K(111104K)
[35.676s][info][gc,heap        ] GC(41) ParOldGen: 667223K(667648K)->667223K(667648K)
[35.676s][info][gc,metaspace   ] GC(41) Metaspace: 16867K(17088K)->16867K(17088K) NonClass: 15531K(15680K)->15531K(15680K) Class: 1335K(1408K)->1335K(1408K)
[35.676s][info][gc             ] GC(41) Pause Full (Allocation Failure) 760M->760M(869M) 576.788ms
[35.676s][info][gc,cpu         ] GC(41) User=1.13s Sys=0.00s Real=0.58s
[35.677s][info][gc,start       ] GC(42) Pause Full (Allocation Failure)
[35.677s][info][gc,phases,start] GC(42) Marking Phase
[35.988s][info][gc,phases      ] GC(42) Marking Phase 311.149ms
[35.988s][info][gc,phases,start] GC(42) Summary Phase
[35.988s][info][gc,phases      ] GC(42) Summary Phase 0.021ms
[35.989s][info][gc,phases,start] GC(42) Forward
[36.008s][info][gc,phases      ] GC(42) Forward 19.772ms
[36.008s][info][gc,phases,start] GC(42) Adjust Pointers
[36.184s][info][gc,phases      ] GC(42) Adjust Pointers 175.859ms
[36.184s][info][gc,phases,start] GC(42) Compaction Phase
[36.274s][info][gc,phases      ] GC(42) Compaction Phase 89.341ms
[36.274s][info][gc,phases,start] GC(42) Post Compact
[36.276s][info][gc,phases      ] GC(42) Post Compact 2.347ms
[36.276s][info][gc,heap        ] GC(42) PSYoungGen: 111616K(222720K)->111557K(222720K) Eden: 111616K(111616K)->111557K(111616K) From: 0K(111104K)->0K(111104K)
[36.276s][info][gc,heap        ] GC(42) ParOldGen: 667223K(667648K)->667223K(667648K)
[36.276s][info][gc,metaspace   ] GC(42) Metaspace: 16867K(17088K)->16867K(17088K) NonClass: 15531K(15680K)->15531K(15680K) Class: 1335K(1408K)->1335K(1408K)
[36.276s][info][gc             ] GC(42) Pause Full (Allocation Failure) 760M->760M(869M) 598.892ms
[36.276s][info][gc,cpu         ] GC(42) User=1.18s Sys=0.00s Real=0.60s
[36.277s][info][gc,start       ] GC(43) Pause Full (Allocation Failure)
[36.277s][info][gc,phases,start] GC(43) Marking Phase
[36.597s][info][gc,phases      ] GC(43) Marking Phase 319.242ms
[36.597s][info][gc,phases,start] GC(43) Summary Phase
[36.597s][info][gc,phases      ] GC(43) Summary Phase 0.022ms
[36.597s][info][gc,phases,start] GC(43) Forward
[36.615s][info][gc,phases      ] GC(43) Forward 18.447ms
[36.615s][info][gc,phases,start] GC(43) Adjust Pointers
[36.796s][info][gc,phases      ] GC(43) Adjust Pointers 180.749ms
[36.796s][info][gc,phases,start] GC(43) Compaction Phase
[36.884s][info][gc,phases      ] GC(43) Compaction Phase 87.848ms
[36.884s][info][gc,phases,start] GC(43) Post Compact
[36.886s][info][gc,phases      ] GC(43) Post Compact 2.321ms
[36.886s][info][gc,heap        ] GC(43) PSYoungGen: 111615K(222720K)->111566K(222720K) Eden: 111615K(111616K)->111566K(111616K) From: 0K(111104K)->0K(111104K)
[36.886s][info][gc,heap        ] GC(43) ParOldGen: 667223K(667648K)->667223K(667648K)
[36.886s][info][gc,metaspace   ] GC(43) Metaspace: 16867K(17088K)->16867K(17088K) NonClass: 15531K(15680K)->15531K(15680K) Class: 1335K(1408K)->1335K(1408K)
[36.886s][info][gc             ] GC(43) Pause Full (Allocation Failure) 760M->760M(869M) 609.028ms
[36.886s][info][gc,cpu         ] GC(43) User=1.19s Sys=0.00s Real=0.61s
[36.887s][info][gc,start       ] GC(44) Pause Full (Allocation Failure)
[36.887s][info][gc,phases,start] GC(44) Marking Phase
[37.215s][info][gc,phases      ] GC(44) Marking Phase 327.776ms
[37.215s][info][gc,phases,start] GC(44) Summary Phase
[37.215s][info][gc,phases      ] GC(44) Summary Phase 0.023ms
[37.215s][info][gc,phases,start] GC(44) Forward
[37.234s][info][gc,phases      ] GC(44) Forward 18.668ms
[37.234s][info][gc,phases,start] GC(44) Adjust Pointers
[37.409s][info][gc,phases      ] GC(44) Adjust Pointers 174.866ms
[37.409s][info][gc,phases,start] GC(44) Compaction Phase
[37.494s][info][gc,phases      ] GC(44) Compaction Phase 85.317ms
[37.494s][info][gc,phases,start] GC(44) Post Compact
[37.497s][info][gc,phases      ] GC(44) Post Compact 2.290ms
[37.497s][info][gc,heap        ] GC(44) PSYoungGen: 111615K(222720K)->111574K(222720K) Eden: 111615K(111616K)->111574K(111616K) From: 0K(111104K)->0K(111104K)
[37.497s][info][gc,heap        ] GC(44) ParOldGen: 667223K(667648K)->667223K(667648K)
[37.497s][info][gc,metaspace   ] GC(44) Metaspace: 16867K(17088K)->16867K(17088K) NonClass: 15531K(15680K)->15531K(15680K) Class: 1335K(1408K)->1335K(1408K)
[37.497s][info][gc             ] GC(44) Pause Full (Allocation Failure) 760M->760M(869M) 609.280ms
[37.497s][info][gc,cpu         ] GC(44) User=1.20s Sys=0.00s Real=0.61s
[37.498s][info][gc,start       ] GC(45) Pause Full (Allocation Failure)
[37.498s][info][gc,phases,start] GC(45) Marking Phase
[37.822s][info][gc,phases      ] GC(45) Marking Phase 323.756ms
[37.822s][info][gc,phases,start] GC(45) Summary Phase
[37.822s][info][gc,phases      ] GC(45) Summary Phase 0.025ms
[37.822s][info][gc,phases,start] GC(45) Forward
[37.840s][info][gc,phases      ] GC(45) Forward 18.615ms
[37.840s][info][gc,phases,start] GC(45) Adjust Pointers
[38.014s][info][gc,phases      ] GC(45) Adjust Pointers 173.308ms
[38.014s][info][gc,phases,start] GC(45) Compaction Phase
[38.099s][info][gc,phases      ] GC(45) Compaction Phase 85.566ms
[38.099s][info][gc,phases,start] GC(45) Post Compact
[38.102s][info][gc,phases      ] GC(45) Post Compact 2.274ms
[38.102s][info][gc,heap        ] GC(45) PSYoungGen: 111615K(222720K)->111581K(222720K) Eden: 111615K(111616K)->111581K(111616K) From: 0K(111104K)->0K(111104K)
[38.102s][info][gc,heap        ] GC(45) ParOldGen: 667223K(667648K)->667223K(667648K)
[38.102s][info][gc,metaspace   ] GC(45) Metaspace: 16867K(17088K)->16867K(17088K) NonClass: 15531K(15680K)->15531K(15680K) Class: 1335K(1408K)->1335K(1408K)
[38.102s][info][gc             ] GC(45) Pause Full (Allocation Failure) 760M->760M(869M) 603.920ms
[38.102s][info][gc,cpu         ] GC(45) User=1.19s Sys=0.00s Real=0.61s
[38.103s][info][gc,start       ] GC(46) Pause Full (Allocation Failure)
[38.103s][info][gc,phases,start] GC(46) Marking Phase
[38.423s][info][gc,phases      ] GC(46) Marking Phase 320.496ms
[38.423s][info][gc,phases,start] GC(46) Summary Phase
[38.423s][info][gc,phases      ] GC(46) Summary Phase 0.023ms
[38.423s][info][gc,phases,start] GC(46) Forward
[38.442s][info][gc,phases      ] GC(46) Forward 18.473ms
[38.442s][info][gc,phases,start] GC(46) Adjust Pointers
[38.614s][info][gc,phases      ] GC(46) Adjust Pointers 172.494ms
[38.614s][info][gc,phases,start] GC(46) Compaction Phase
[38.700s][info][gc,phases      ] GC(46) Compaction Phase 85.919ms
[38.700s][info][gc,phases,start] GC(46) Post Compact
[38.703s][info][gc,phases      ] GC(46) Post Compact 2.317ms
[38.703s][info][gc,heap        ] GC(46) PSYoungGen: 111616K(222720K)->111586K(222720K) Eden: 111616K(111616K)->111586K(111616K) From: 0K(111104K)->0K(111104K)
[38.703s][info][gc,heap        ] GC(46) ParOldGen: 667223K(667648K)->667223K(667648K)
[38.703s][info][gc,metaspace   ] GC(46) Metaspace: 16867K(17088K)->16867K(17088K) NonClass: 15531K(15680K)->15531K(15680K) Class: 1335K(1408K)->1335K(1408K)
[38.703s][info][gc             ] GC(46) Pause Full (Allocation Failure) 760M->760M(869M) 600.103ms
[38.703s][info][gc,cpu         ] GC(46) User=1.18s Sys=0.00s Real=0.60s
[38.704s][info][gc,start       ] GC(47) Pause Full (Allocation Failure)
[38.704s][info][gc,phases,start] GC(47) Marking Phase
[39.027s][info][gc,phases      ] GC(47) Marking Phase 322.685ms
[39.027s][info][gc,phases,start] GC(47) Summary Phase
[39.027s][info][gc,phases      ] GC(47) Summary Phase 0.024ms
[39.027s][info][gc,phases,start] GC(47) Forward
[39.045s][info][gc,phases      ] GC(47) Forward 18.227ms
[39.045s][info][gc,phases,start] GC(47) Adjust Pointers
[39.219s][info][gc,phases      ] GC(47) Adjust Pointers 174.072ms
[39.219s][info][gc,phases,start] GC(47) Compaction Phase
[39.305s][info][gc,phases      ] GC(47) Compaction Phase 85.503ms
[39.305s][info][gc,phases,start] GC(47) Post Compact
[39.307s][info][gc,phases      ] GC(47) Post Compact 2.281ms
[39.307s][info][gc,heap        ] GC(47) PSYoungGen: 111616K(222720K)->111590K(222720K) Eden: 111616K(111616K)->111590K(111616K) From: 0K(111104K)->0K(111104K)
[39.307s][info][gc,heap        ] GC(47) ParOldGen: 667223K(667648K)->667223K(667648K)
[39.307s][info][gc,metaspace   ] GC(47) Metaspace: 16867K(17088K)->16867K(17088K) NonClass: 15531K(15680K)->15531K(15680K) Class: 1335K(1408K)->1335K(1408K)
[39.307s][info][gc             ] GC(47) Pause Full (Allocation Failure) 760M->760M(869M) 603.183ms
[39.307s][info][gc,cpu         ] GC(47) User=1.18s Sys=0.00s Real=0.60s
[39.308s][info][gc,start       ] GC(48) Pause Full (Allocation Failure)
[39.308s][info][gc,phases,start] GC(48) Marking Phase
[39.628s][info][gc,phases      ] GC(48) Marking Phase 320.050ms
[39.628s][info][gc,phases,start] GC(48) Summary Phase
[39.628s][info][gc,phases      ] GC(48) Summary Phase 0.032ms
[39.628s][info][gc,phases,start] GC(48) Forward
[39.646s][info][gc,phases      ] GC(48) Forward 18.192ms
[39.646s][info][gc,phases,start] GC(48) Adjust Pointers
[39.820s][info][gc,phases      ] GC(48) Adjust Pointers 173.470ms
[39.820s][info][gc,phases,start] GC(48) Compaction Phase
[39.905s][info][gc,phases      ] GC(48) Compaction Phase 85.092ms
[39.905s][info][gc,phases,start] GC(48) Post Compact
[39.907s][info][gc,phases      ] GC(48) Post Compact 2.305ms
[39.907s][info][gc,heap        ] GC(48) PSYoungGen: 111615K(222720K)->111595K(222720K) Eden: 111615K(111616K)->111595K(111616K) From: 0K(111104K)->0K(111104K)
[39.907s][info][gc,heap        ] GC(48) ParOldGen: 667223K(667648K)->667223K(667648K)
[39.907s][info][gc,metaspace   ] GC(48) Metaspace: 16867K(17088K)->16867K(17088K) NonClass: 15531K(15680K)->15531K(15680K) Class: 1335K(1408K)->1335K(1408K)
[39.907s][info][gc             ] GC(48) Pause Full (Allocation Failure) 760M->760M(869M) 599.521ms
[39.908s][info][gc,cpu         ] GC(48) User=1.18s Sys=0.00s Real=0.60s
[39.910s][info][gc,start       ] GC(49) Pause Full (Allocation Failure)
[39.911s][info][gc,phases,start] GC(49) Marking Phase
[40.232s][info][gc,phases      ] GC(49) Marking Phase 321.744ms
[40.232s][info][gc,phases,start] GC(49) Summary Phase
[40.232s][info][gc,phases      ] GC(49) Summary Phase 0.023ms
[40.232s][info][gc,phases,start] GC(49) Forward
[40.253s][info][gc,phases      ] GC(49) Forward 20.671ms
[40.253s][info][gc,phases,start] GC(49) Adjust Pointers
[40.426s][info][gc,phases      ] GC(49) Adjust Pointers 172.947ms
[40.426s][info][gc,phases,start] GC(49) Compaction Phase
[40.512s][info][gc,phases      ] GC(49) Compaction Phase 85.414ms
[40.512s][info][gc,phases,start] GC(49) Post Compact
[40.514s][info][gc,phases      ] GC(49) Post Compact 2.257ms
[40.514s][info][gc,heap        ] GC(49) PSYoungGen: 111615K(222720K)->111598K(222720K) Eden: 111615K(111616K)->111598K(111616K) From: 0K(111104K)->0K(111104K)
[40.514s][info][gc,heap        ] GC(49) ParOldGen: 667223K(667648K)->667223K(667648K)
[40.514s][info][gc,metaspace   ] GC(49) Metaspace: 16867K(17088K)->16867K(17088K) NonClass: 15531K(15680K)->15531K(15680K) Class: 1335K(1408K)->1335K(1408K)
[40.514s][info][gc             ] GC(49) Pause Full (Allocation Failure) 760M->760M(869M) 603.469ms
[40.514s][info][gc,cpu         ] GC(49) User=1.18s Sys=0.00s Real=0.61s
[40.519s][info][gc,start       ] GC(50) Pause Full (Allocation Failure)
[40.519s][info][gc,phases,start] GC(50) Marking Phase
[40.841s][info][gc,phases      ] GC(50) Marking Phase 322.416ms
[40.841s][info][gc,phases,start] GC(50) Summary Phase
[40.841s][info][gc,phases      ] GC(50) Summary Phase 0.024ms
[40.841s][info][gc,phases,start] GC(50) Forward
[40.860s][info][gc,phases      ] GC(50) Forward 18.337ms
[40.860s][info][gc,phases,start] GC(50) Adjust Pointers
[41.034s][info][gc,phases      ] GC(50) Adjust Pointers 174.206ms
[41.034s][info][gc,phases,start] GC(50) Compaction Phase
[41.120s][info][gc,phases      ] GC(50) Compaction Phase 86.411ms
[41.120s][info][gc,phases,start] GC(50) Post Compact
[41.123s][info][gc,phases      ] GC(50) Post Compact 2.297ms
[41.123s][info][gc,heap        ] GC(50) PSYoungGen: 111615K(222720K)->111601K(222720K) Eden: 111615K(111616K)->111601K(111616K) From: 0K(111104K)->0K(111104K)
[41.123s][info][gc,heap        ] GC(50) ParOldGen: 667223K(667648K)->667223K(667648K)
[41.123s][info][gc,metaspace   ] GC(50) Metaspace: 16867K(17088K)->16867K(17088K) NonClass: 15531K(15680K)->15531K(15680K) Class: 1335K(1408K)->1335K(1408K)
[41.123s][info][gc             ] GC(50) Pause Full (Allocation Failure) 760M->760M(869M) 604.070ms
[41.123s][info][gc,cpu         ] GC(50) User=1.19s Sys=0.00s Real=0.61s
[41.124s][info][gc,start       ] GC(51) Pause Full (Allocation Failure)
[41.124s][info][gc,phases,start] GC(51) Marking Phase
[41.445s][info][gc,phases      ] GC(51) Marking Phase 320.722ms
[41.445s][info][gc,phases,start] GC(51) Summary Phase
[41.445s][info][gc,phases      ] GC(51) Summary Phase 0.034ms
[41.445s][info][gc,phases,start] GC(51) Forward
[41.463s][info][gc,phases      ] GC(51) Forward 18.325ms
[41.463s][info][gc,phases,start] GC(51) Adjust Pointers
[41.635s][info][gc,phases      ] GC(51) Adjust Pointers 172.203ms
[41.635s][info][gc,phases,start] GC(51) Compaction Phase
[41.721s][info][gc,phases      ] GC(51) Compaction Phase 85.584ms
[41.721s][info][gc,phases,start] GC(51) Post Compact
[41.723s][info][gc,phases      ] GC(51) Post Compact 2.264ms
[41.723s][info][gc,heap        ] GC(51) PSYoungGen: 111615K(222720K)->111603K(222720K) Eden: 111615K(111616K)->111603K(111616K) From: 0K(111104K)->0K(111104K)
[41.723s][info][gc,heap        ] GC(51) ParOldGen: 667223K(667648K)->667223K(667648K)
[41.723s][info][gc,metaspace   ] GC(51) Metaspace: 16867K(17088K)->16867K(17088K) NonClass: 15531K(15680K)->15531K(15680K) Class: 1335K(1408K)->1335K(1408K)
[41.723s][info][gc             ] GC(51) Pause Full (Allocation Failure) 760M->760M(869M) 599.512ms
[41.723s][info][gc,cpu         ] GC(51) User=1.18s Sys=0.01s Real=0.60s
[41.724s][info][gc,start       ] GC(52) Pause Full (Allocation Failure)
[41.724s][info][gc,phases,start] GC(52) Marking Phase
[42.046s][info][gc,phases      ] GC(52) Marking Phase 321.213ms
[42.046s][info][gc,phases,start] GC(52) Summary Phase
[42.046s][info][gc,phases      ] GC(52) Summary Phase 0.023ms
[42.046s][info][gc,phases,start] GC(52) Forward
[42.064s][info][gc,phases      ] GC(52) Forward 18.234ms
[42.064s][info][gc,phases,start] GC(52) Adjust Pointers
[42.236s][info][gc,phases      ] GC(52) Adjust Pointers 171.785ms
[42.236s][info][gc,phases,start] GC(52) Compaction Phase
[42.320s][info][gc,phases      ] GC(52) Compaction Phase 84.662ms
[42.321s][info][gc,phases,start] GC(52) Post Compact
[42.323s][info][gc,phases      ] GC(52) Post Compact 2.296ms
[42.323s][info][gc,heap        ] GC(52) PSYoungGen: 111615K(222720K)->111605K(222720K) Eden: 111615K(111616K)->111605K(111616K) From: 0K(111104K)->0K(111104K)
[42.323s][info][gc,heap        ] GC(52) ParOldGen: 667223K(667648K)->667223K(667648K)
[42.323s][info][gc,metaspace   ] GC(52) Metaspace: 16867K(17088K)->16867K(17088K) NonClass: 15531K(15680K)->15531K(15680K) Class: 1335K(1408K)->1335K(1408K)
[42.323s][info][gc             ] GC(52) Pause Full (Allocation Failure) 760M->760M(869M) 598.568ms
[42.323s][info][gc,cpu         ] GC(52) User=1.18s Sys=0.00s Real=0.60s
[42.324s][info][gc,start       ] GC(53) Pause Full (Allocation Failure)
[42.324s][info][gc,phases,start] GC(53) Marking Phase
[42.641s][info][gc,phases      ] GC(53) Marking Phase 316.916ms
[42.641s][info][gc,phases,start] GC(53) Summary Phase
[42.641s][info][gc,phases      ] GC(53) Summary Phase 0.033ms
[42.641s][info][gc,phases,start] GC(53) Forward
[42.659s][info][gc,phases      ] GC(53) Forward 18.156ms
[42.659s][info][gc,phases,start] GC(53) Adjust Pointers
[42.831s][info][gc,phases      ] GC(53) Adjust Pointers 172.606ms
[42.831s][info][gc,phases,start] GC(53) Compaction Phase
[42.917s][info][gc,phases      ] GC(53) Compaction Phase 85.556ms
[42.917s][info][gc,phases,start] GC(53) Post Compact
[42.919s][info][gc,phases      ] GC(53) Post Compact 2.335ms
[42.919s][info][gc,heap        ] GC(53) PSYoungGen: 111616K(222720K)->111607K(222720K) Eden: 111616K(111616K)->111607K(111616K) From: 0K(111104K)->0K(111104K)
[42.919s][info][gc,heap        ] GC(53) ParOldGen: 667223K(667648K)->667223K(667648K)
[42.919s][info][gc,metaspace   ] GC(53) Metaspace: 16867K(17088K)->16867K(17088K) NonClass: 15531K(15680K)->15531K(15680K) Class: 1335K(1408K)->1335K(1408K)
[42.920s][info][gc             ] GC(53) Pause Full (Allocation Failure) 760M->760M(869M) 595.931ms
[42.920s][info][gc,cpu         ] GC(53) User=1.17s Sys=0.00s Real=0.59s
[42.920s][info][gc,start       ] GC(54) Pause Full (Allocation Failure)
[42.920s][info][gc,phases,start] GC(54) Marking Phase
[43.243s][info][gc,phases      ] GC(54) Marking Phase 322.869ms
[43.243s][info][gc,phases,start] GC(54) Summary Phase
[43.243s][info][gc,phases      ] GC(54) Summary Phase 0.024ms
[43.243s][info][gc,phases,start] GC(54) Forward
[43.264s][info][gc,phases      ] GC(54) Forward 20.799ms
[43.264s][info][gc,phases,start] GC(54) Adjust Pointers
[43.438s][info][gc,phases      ] GC(54) Adjust Pointers 173.340ms
[43.438s][info][gc,phases,start] GC(54) Compaction Phase
[43.523s][info][gc,phases      ] GC(54) Compaction Phase 85.676ms
[43.523s][info][gc,phases,start] GC(54) Post Compact
[43.526s][info][gc,phases      ] GC(54) Post Compact 2.338ms
[43.526s][info][gc,heap        ] GC(54) PSYoungGen: 111615K(222720K)->111609K(222720K) Eden: 111615K(111616K)->111609K(111616K) From: 0K(111104K)->0K(111104K)
[43.526s][info][gc,heap        ] GC(54) ParOldGen: 667223K(667648K)->667223K(667648K)
[43.526s][info][gc,metaspace   ] GC(54) Metaspace: 16867K(17088K)->16867K(17088K) NonClass: 15531K(15680K)->15531K(15680K) Class: 1335K(1408K)->1335K(1408K)
[43.526s][info][gc             ] GC(54) Pause Full (Allocation Failure) 760M->760M(869M) 605.439ms
[43.526s][info][gc,cpu         ] GC(54) User=1.18s Sys=0.00s Real=0.61s
[43.526s][info][gc,start       ] GC(55) Pause Full (Allocation Failure)
[43.526s][info][gc,phases,start] GC(55) Marking Phase
[43.847s][info][gc,phases      ] GC(55) Marking Phase 320.447ms
[43.847s][info][gc,phases,start] GC(55) Summary Phase
[43.847s][info][gc,phases      ] GC(55) Summary Phase 0.023ms
[43.847s][info][gc,phases,start] GC(55) Forward
[43.865s][info][gc,phases      ] GC(55) Forward 18.295ms
[43.865s][info][gc,phases,start] GC(55) Adjust Pointers
[44.040s][info][gc,phases      ] GC(55) Adjust Pointers 174.487ms
[44.040s][info][gc,phases,start] GC(55) Compaction Phase
[44.126s][info][gc,phases      ] GC(55) Compaction Phase 85.785ms
[44.126s][info][gc,phases,start] GC(55) Post Compact
[44.128s][info][gc,phases      ] GC(55) Post Compact 2.272ms
[44.128s][info][gc,heap        ] GC(55) PSYoungGen: 111615K(222720K)->111609K(222720K) Eden: 111615K(111616K)->111609K(111616K) From: 0K(111104K)->0K(111104K)
[44.128s][info][gc,heap        ] GC(55) ParOldGen: 667223K(667648K)->667223K(667648K)
[44.128s][info][gc,metaspace   ] GC(55) Metaspace: 16867K(17088K)->16867K(17088K) NonClass: 15531K(15680K)->15531K(15680K) Class: 1335K(1408K)->1335K(1408K)
[44.128s][info][gc             ] GC(55) Pause Full (Allocation Failure) 760M->760M(869M) 601.697ms
[44.128s][info][gc,cpu         ] GC(55) User=1.18s Sys=0.00s Real=0.60s
[44.129s][info][gc,start       ] GC(56) Pause Full (Allocation Failure)
[44.129s][info][gc,phases,start] GC(56) Marking Phase
[44.449s][info][gc,phases      ] GC(56) Marking Phase 319.863ms
[44.449s][info][gc,phases,start] GC(56) Summary Phase
[44.449s][info][gc,phases      ] GC(56) Summary Phase 0.024ms
[44.449s][info][gc,phases,start] GC(56) Forward
[44.525s][info][gc,phases      ] GC(56) Forward 76.632ms
[44.525s][info][gc,phases,start] GC(56) Adjust Pointers
[44.723s][info][gc,phases      ] GC(56) Adjust Pointers 197.543ms
[44.723s][info][gc,phases,start] GC(56) Compaction Phase
[44.860s][info][gc,phases      ] GC(56) Compaction Phase 136.990ms
[44.861s][info][gc,phases,start] GC(56) Post Compact
[44.863s][info][metaspace      ] ChkMgr @0x00007ff13c03aa80 (non-class-space): : reclaiming memory...
[44.863s][info][metaspace      ] ChkMgr @0x00007ff13c03aa80 (non-class-space): nothing reclaimed.
[44.863s][info][metaspace      ] ChkMgr @0x00007ff13c03a890 (class-space): : reclaiming memory...
[44.863s][info][metaspace      ] ChkMgr @0x00007ff13c03a890 (class-space): nothing reclaimed.
[44.863s][info][gc,phases      ] GC(56) Post Compact 2.454ms
[44.863s][info][gc,heap        ] GC(56) PSYoungGen: 111615K(222720K)->68602K(222720K) Eden: 111615K(111616K)->68602K(111616K) From: 0K(111104K)->0K(111104K)
[44.863s][info][gc,heap        ] GC(56) ParOldGen: 667223K(667648K)->667619K(667648K)
[44.863s][info][gc,metaspace   ] GC(56) Metaspace: 16867K(17088K)->16767K(17088K) NonClass: 15531K(15680K)->15432K(15680K) Class: 1335K(1408K)->1335K(1408K)
[44.863s][info][gc             ] GC(56) Pause Full (Allocation Failure) 760M->718M(869M) 734.297ms
[44.863s][info][gc,cpu         ] GC(56) User=1.44s Sys=0.00s Real=0.74s
[44.917s][info][gc,start       ] GC(57) Pause Full (Allocation Failure)
[44.917s][info][gc,phases,start] GC(57) Marking Phase
[45.109s][info][gc,phases      ] GC(57) Marking Phase 191.567ms
[45.109s][info][gc,phases,start] GC(57) Summary Phase
[45.109s][info][gc,phases      ] GC(57) Summary Phase 0.025ms
[45.109s][info][gc,phases,start] GC(57) Forward
[45.181s][info][gc,phases      ] GC(57) Forward 72.318ms
[45.181s][info][gc,phases,start] GC(57) Adjust Pointers
[45.294s][info][gc,phases      ] GC(57) Adjust Pointers 112.387ms
[45.294s][info][gc,phases,start] GC(57) Compaction Phase
[45.373s][info][gc,phases      ] GC(57) Compaction Phase 78.956ms
[45.373s][info][gc,phases,start] GC(57) Post Compact
[45.375s][info][gc,phases      ] GC(57) Post Compact 2.303ms
[45.390s][info][gc,heap        ] GC(57) PSYoungGen: 111615K(222720K)->0K(222720K) Eden: 111615K(111616K)->0K(111616K) From: 0K(111104K)->0K(111104K)
[45.390s][info][gc,heap        ] GC(57) ParOldGen: 667619K(667648K)->283926K(496640K)
[45.391s][info][gc,metaspace   ] GC(57) Metaspace: 16773K(17088K)->16773K(17088K) NonClass: 15438K(15680K)->15438K(15680K) Class: 1335K(1408K)->1335K(1408K)
[45.391s][info][gc             ] GC(57) Pause Full (Allocation Failure) 760M->277M(702M) 473.294ms
[45.391s][info][gc,cpu         ] GC(57) User=0.85s Sys=0.02s Real=0.47s
[45.527s][info][gc,start       ] GC(58) Pause Young (Allocation Failure)
[45.557s][info][gc,heap        ] GC(58) PSYoungGen: 111616K(222720K)->24016K(222720K) Eden: 111616K(111616K)->0K(111616K) From: 0K(111104K)->24016K(111104K)
[45.557s][info][gc,heap        ] GC(58) ParOldGen: 283926K(496640K)->283926K(496640K)
[45.557s][info][gc,metaspace   ] GC(58) Metaspace: 16773K(17088K)->16773K(17088K) NonClass: 15438K(15680K)->15438K(15680K) Class: 1335K(1408K)->1335K(1408K)
[45.557s][info][gc             ] GC(58) Pause Young (Allocation Failure) 386M->300M(702M) 29.730ms
[45.557s][info][gc,cpu         ] GC(58) User=0.06s Sys=0.00s Real=0.03s
[45.743s][info][gc,start       ] GC(59) Pause Young (Allocation Failure)
[45.792s][info][gc,heap        ] GC(59) PSYoungGen: 135632K(222720K)->31608K(222720K) Eden: 111616K(111616K)->0K(111616K) From: 24016K(111104K)->31608K(111104K)
[45.792s][info][gc,heap        ] GC(59) ParOldGen: 283926K(496640K)->308054K(496640K)
[45.792s][info][gc,metaspace   ] GC(59) Metaspace: 16781K(17088K)->16781K(17088K) NonClass: 15445K(15680K)->15445K(15680K) Class: 1335K(1408K)->1335K(1408K)
[45.792s][info][gc             ] GC(59) Pause Young (Allocation Failure) 409M->331M(702M) 49.554ms
[45.792s][info][gc,cpu         ] GC(59) User=0.10s Sys=0.00s Real=0.05s
[46.094s][info][gc,start       ] GC(60) Pause Young (Allocation Failure)
[46.139s][info][gc,heap        ] GC(60) PSYoungGen: 143224K(222720K)->23643K(222720K) Eden: 111616K(111616K)->0K(111616K) From: 31608K(111104K)->23643K(111104K)
[46.139s][info][gc,heap        ] GC(60) ParOldGen: 308054K(496640K)->340195K(496640K)
[46.139s][info][gc,metaspace   ] GC(60) Metaspace: 16814K(17088K)->16814K(17088K) NonClass: 15478K(15680K)->15478K(15680K) Class: 1335K(1408K)->1335K(1408K)
[46.139s][info][gc             ] GC(60) Pause Young (Allocation Failure) 440M->355M(702M) 44.788ms
[46.139s][info][gc,cpu         ] GC(60) User=0.09s Sys=0.00s Real=0.04s
[46.417s][info][gc,start       ] GC(61) Pause Young (Allocation Failure)
[46.444s][info][gc,heap        ] GC(61) PSYoungGen: 135259K(222720K)->1152K(222720K) Eden: 111616K(111616K)->0K(111616K) From: 23643K(111104K)->1152K(111104K)
[46.444s][info][gc,heap        ] GC(61) ParOldGen: 340195K(496640K)->368913K(496640K)
[46.444s][info][gc,metaspace   ] GC(61) Metaspace: 16814K(17088K)->16814K(17088K) NonClass: 15478K(15680K)->15478K(15680K) Class: 1335K(1408K)->1335K(1408K)
[46.444s][info][gc             ] GC(61) Pause Young (Allocation Failure) 464M->361M(702M) 27.522ms
[46.445s][info][gc,cpu         ] GC(61) User=0.05s Sys=0.00s Real=0.03s
[46.682s][info][gc,start       ] GC(62) Pause Young (Allocation Failure)
[46.702s][info][gc,heap        ] GC(62) PSYoungGen: 112768K(222720K)->1120K(222720K) Eden: 111616K(111616K)->0K(111616K) From: 1152K(111104K)->1120K(111104K)
[46.702s][info][gc,heap        ] GC(62) ParOldGen: 368913K(496640K)->370025K(496640K)
[46.702s][info][gc,metaspace   ] GC(62) Metaspace: 16814K(17088K)->16814K(17088K) NonClass: 15478K(15680K)->15478K(15680K) Class: 1335K(1408K)->1335K(1408K)
[46.702s][info][gc             ] GC(62) Pause Young (Allocation Failure) 470M->362M(702M) 19.608ms
[46.702s][info][gc,cpu         ] GC(62) User=0.04s Sys=0.00s Real=0.02s
[47.641s][info][gc,start       ] GC(63) Pause Young (Allocation Failure)
[47.715s][info][gc,heap        ] GC(63) PSYoungGen: 112736K(222720K)->73312K(222720K) Eden: 111616K(111616K)->0K(111616K) From: 1120K(111104K)->73312K(111104K)
[47.716s][info][gc,heap        ] GC(63) ParOldGen: 370025K(496640K)->371113K(496640K)
[47.716s][info][gc,metaspace   ] GC(63) Metaspace: 17034K(17344K)->17034K(17344K) NonClass: 15667K(15872K)->15667K(15872K) Class: 1367K(1472K)->1367K(1472K)
[47.716s][info][gc             ] GC(63) Pause Young (Allocation Failure) 471M->434M(702M) 74.978ms
[47.716s][info][gc,cpu         ] GC(63) User=0.15s Sys=0.00s Real=0.08s
[47.998s][info][gc,start       ] GC(64) Pause Young (Allocation Failure)
[48.107s][info][gc,heap        ] GC(64) PSYoungGen: 184928K(222720K)->55840K(222720K) Eden: 111616K(111616K)->0K(111616K) From: 73312K(111104K)->55840K(111104K)
[48.107s][info][gc,heap        ] GC(64) ParOldGen: 371113K(496640K)->444720K(496640K)
[48.107s][info][gc,metaspace   ] GC(64) Metaspace: 17051K(17344K)->17051K(17344K) NonClass: 15684K(15872K)->15684K(15872K) Class: 1367K(1472K)->1367K(1472K)
[48.107s][info][gc             ] GC(64) Pause Young (Allocation Failure) 543M->488M(702M) 109.637ms
[48.107s][info][gc,cpu         ] GC(64) User=0.21s Sys=0.00s Real=0.11s
[48.562s][info][gc,start       ] GC(65) Pause Young (Allocation Failure)
[48.623s][info][gc,heap        ] GC(65) PSYoungGen: 167456K(222720K)->34684K(222720K) Eden: 111616K(111616K)->0K(111616K) From: 55840K(111104K)->34684K(111104K)
[48.623s][info][gc,heap        ] GC(65) ParOldGen: 444720K(496640K)->500824K(501248K)
[48.623s][info][gc,metaspace   ] GC(65) Metaspace: 17241K(17536K)->17241K(17536K) NonClass: 15867K(16064K)->15867K(16064K) Class: 1373K(1472K)->1373K(1472K)
[48.624s][info][gc             ] GC(65) Pause Young (Allocation Failure) 597M->522M(707M) 61.072ms
[48.624s][info][gc,cpu         ] GC(65) User=0.12s Sys=0.00s Real=0.06s
[50.274s][info][gc,start       ] GC(66) Pause Young (Allocation Failure)
[50.317s][info][gc,heap        ] GC(66) PSYoungGen: 146300K(222720K)->33897K(222720K) Eden: 111616K(111616K)->0K(111616K) From: 34684K(111104K)->33897K(111104K)
[50.317s][info][gc,heap        ] GC(66) ParOldGen: 500824K(501248K)->522038K(522240K)
[50.317s][info][gc,metaspace   ] GC(66) Metaspace: 17275K(17536K)->17275K(17536K) NonClass: 15900K(16064K)->15900K(16064K) Class: 1374K(1472K)->1374K(1472K)
[50.317s][info][gc             ] GC(66) Pause Young (Allocation Failure) 631M->542M(727M) 42.853ms
[50.317s][info][gc,cpu         ] GC(66) User=0.07s Sys=0.01s Real=0.04s
[52.286s][info][gc,start       ] GC(67) Pause Young (Allocation Failure)
[52.323s][info][gc,heap        ] GC(67) PSYoungGen: 142950K(222720K)->45447K(222720K) Eden: 109052K(111616K)->0K(111616K) From: 33897K(111104K)->45447K(111104K)
[52.323s][info][gc,heap        ] GC(67) ParOldGen: 522038K(522240K)->555679K(556544K)
[52.323s][info][gc,metaspace   ] GC(67) Metaspace: 17291K(17536K)->17291K(17536K) NonClass: 15915K(16064K)->15915K(16064K) Class: 1375K(1472K)->1375K(1472K)
[52.324s][info][gc             ] GC(67) Pause Young (Allocation Failure) 649M->587M(761M) 37.980ms
[52.324s][info][gc,cpu         ] GC(67) User=0.04s Sys=0.03s Real=0.04s
[53.054s][info][gc,start       ] GC(68) Pause Young (Allocation Failure)
[53.090s][info][gc,heap        ] GC(68) PSYoungGen: 157063K(222720K)->52238K(222720K) Eden: 111616K(111616K)->0K(111616K) From: 45447K(111104K)->52238K(111104K)
[53.090s][info][gc,heap        ] GC(68) ParOldGen: 555679K(556544K)->593149K(593408K)
[53.090s][info][gc,metaspace   ] GC(68) Metaspace: 17306K(17536K)->17306K(17536K) NonClass: 15931K(16064K)->15931K(16064K) Class: 1375K(1472K)->1375K(1472K)
[53.090s][info][gc             ] GC(68) Pause Young (Allocation Failure) 696M->630M(797M) 35.659ms
[53.090s][info][gc,cpu         ] GC(68) User=0.04s Sys=0.03s Real=0.03s
[53.632s][info][gc,start       ] GC(69) Pause Full (Allocation Failure)
[53.632s][info][gc,phases,start] GC(69) Marking Phase
[53.907s][info][gc,phases      ] GC(69) Marking Phase 274.656ms
[53.907s][info][gc,phases,start] GC(69) Summary Phase
[53.907s][info][gc,phases      ] GC(69) Summary Phase 0.030ms
[53.907s][info][gc,phases,start] GC(69) Forward
[53.993s][info][gc,phases      ] GC(69) Forward 85.776ms
[53.993s][info][gc,phases,start] GC(69) Adjust Pointers
[54.170s][info][gc,phases      ] GC(69) Adjust Pointers 176.873ms
[54.170s][info][gc,phases,start] GC(69) Compaction Phase
[54.304s][info][gc,phases      ] GC(69) Compaction Phase 134.142ms
[54.304s][info][gc,phases,start] GC(69) Post Compact
[54.306s][info][gc,phases      ] GC(69) Post Compact 2.132ms
[54.307s][info][gc,heap        ] GC(69) PSYoungGen: 151133K(222720K)->8862K(222720K) Eden: 98895K(111616K)->0K(111616K) From: 52238K(111104K)->8862K(111104K)
[54.307s][info][gc,heap        ] GC(69) ParOldGen: 593149K(593408K)->593175K(667648K)
[54.307s][info][gc,metaspace   ] GC(69) Metaspace: 17315K(17536K)->17315K(17536K) NonClass: 15940K(16064K)->15940K(16064K) Class: 1375K(1472K)->1375K(1472K)
[54.307s][info][gc             ] GC(69) Pause Full (Allocation Failure) 726M->587M(869M) 674.321ms
[54.307s][info][gc,cpu         ] GC(69) User=1.30s Sys=0.00s Real=0.67s
[54.789s][info][gc,start       ] GC(70) Pause Full (Allocation Failure)
[54.789s][info][gc,phases,start] GC(70) Marking Phase
[54.803s][info][gc,phases      ] GC(70) Marking Phase 14.464ms
[54.803s][info][gc,phases,start] GC(70) Summary Phase
[54.803s][info][gc,phases      ] GC(70) Summary Phase 0.024ms
[54.803s][info][gc,phases,start] GC(70) Forward
[54.804s][info][gc,phases      ] GC(70) Forward 1.167ms
[54.805s][info][gc,phases,start] GC(70) Adjust Pointers
[54.812s][info][gc,phases      ] GC(70) Adjust Pointers 7.244ms
[54.812s][info][gc,phases,start] GC(70) Compaction Phase
[54.830s][info][gc,phases      ] GC(70) Compaction Phase 18.213ms
[54.830s][info][gc,phases,start] GC(70) Post Compact
[54.832s][info][gc,phases      ] GC(70) Post Compact 2.208ms
[54.850s][info][gc,heap        ] GC(70) PSYoungGen: 119215K(222720K)->0K(222720K) Eden: 110353K(111616K)->0K(111616K) From: 8862K(111104K)->0K(111104K)
[54.850s][info][gc,heap        ] GC(70) ParOldGen: 593175K(667648K)->173510K(367104K)
[54.850s][info][gc,metaspace   ] GC(70) Metaspace: 17315K(17536K)->17315K(17536K) NonClass: 15940K(16064K)->15940K(16064K) Class: 1375K(1472K)->1375K(1472K)
[54.850s][info][gc             ] GC(70) Pause Full (Allocation Failure) 695M->169M(576M) 61.052ms
[54.850s][info][gc,cpu         ] GC(70) User=0.07s Sys=0.02s Real=0.06s
[55.351s][info][gc,start       ] GC(71) Pause Young (Allocation Failure)
[55.363s][info][gc,heap        ] GC(71) PSYoungGen: 107189K(222720K)->85108K(222720K) Eden: 107189K(111616K)->0K(111616K) From: 0K(111104K)->85108K(111104K)
[55.364s][info][gc,heap        ] GC(71) ParOldGen: 173510K(367104K)->173510K(367104K)
[55.364s][info][gc,metaspace   ] GC(71) Metaspace: 17316K(17536K)->17316K(17536K) NonClass: 15940K(16064K)->15940K(16064K) Class: 1375K(1472K)->1375K(1472K)
[55.364s][info][gc             ] GC(71) Pause Young (Allocation Failure) 274M->252M(576M) 12.868ms
[55.364s][info][gc,cpu         ] GC(71) User=0.03s Sys=0.00s Real=0.02s
[55.558s][info][gc,start       ] GC(72) Pause Young (Allocation Failure)
[55.582s][info][gc,heap        ] GC(72) PSYoungGen: 196724K(222720K)->47097K(222720K) Eden: 111616K(111616K)->0K(111616K) From: 85108K(111104K)->47097K(111104K)
[55.582s][info][gc,heap        ] GC(72) ParOldGen: 173510K(367104K)->217692K(367104K)
[55.582s][info][gc,metaspace   ] GC(72) Metaspace: 17316K(17536K)->17316K(17536K) NonClass: 15940K(16064K)->15940K(16064K) Class: 1375K(1472K)->1375K(1472K)
[55.582s][info][gc             ] GC(72) Pause Young (Allocation Failure) 361M->258M(576M) 23.154ms
[55.582s][info][gc,cpu         ] GC(72) User=0.05s Sys=0.00s Real=0.03s
[55.665s][info][gc,start       ] GC(73) Pause Young (Allocation Failure)
[55.707s][info][gc,heap        ] GC(73) PSYoungGen: 158713K(222720K)->57885K(222720K) Eden: 111616K(111616K)->0K(111616K) From: 47097K(111104K)->57885K(111104K)
[55.707s][info][gc,heap        ] GC(73) ParOldGen: 217692K(367104K)->264774K(367104K)
[55.707s][info][gc,metaspace   ] GC(73) Metaspace: 17316K(17536K)->17316K(17536K) NonClass: 15940K(16064K)->15940K(16064K) Class: 1375K(1472K)->1375K(1472K)
[55.707s][info][gc             ] GC(73) Pause Young (Allocation Failure) 367M->315M(576M) 42.397ms
[55.707s][info][gc,cpu         ] GC(73) User=0.08s Sys=0.01s Real=0.04s
[55.785s][info][gc,start       ] GC(74) Pause Young (Allocation Failure)
[55.832s][info][gc,heap        ] GC(74) PSYoungGen: 169501K(222720K)->54414K(222720K) Eden: 111616K(111616K)->0K(111616K) From: 57885K(111104K)->54414K(111104K)
[55.832s][info][gc,heap        ] GC(74) ParOldGen: 264774K(367104K)->322705K(367104K)
[55.832s][info][gc,metaspace   ] GC(74) Metaspace: 17316K(17536K)->17316K(17536K) NonClass: 15940K(16064K)->15940K(16064K) Class: 1375K(1472K)->1375K(1472K)
[55.832s][info][gc             ] GC(74) Pause Young (Allocation Failure) 424M->368M(576M) 47.579ms
[55.832s][info][gc,cpu         ] GC(74) User=0.09s Sys=0.00s Real=0.05s
[55.894s][info][gc,start       ] GC(75) Pause Young (Allocation Failure)
[55.938s][info][gc,heap        ] GC(75) PSYoungGen: 137269K(222720K)->40138K(152064K) Eden: 82855K(111616K)->0K(111616K) From: 54414K(111104K)->40138K(40448K)
[55.938s][info][gc,heap        ] GC(75) ParOldGen: 322705K(367104K)->377018K(377344K)
[55.938s][info][gc,metaspace   ] GC(75) Metaspace: 17316K(17536K)->17316K(17536K) NonClass: 15941K(16064K)->15941K(16064K) Class: 1375K(1472K)->1375K(1472K)
[55.938s][info][gc             ] GC(75) Pause Young (Allocation Failure) 449M->407M(517M) 44.605ms
[55.938s][info][gc,cpu         ] GC(75) User=0.09s Sys=0.00s Real=0.04s
[56.195s][info][gc,start       ] GC(76) Pause Young (Allocation Failure)
[56.232s][info][gc,heap        ] GC(76) PSYoungGen: 132012K(152064K)->109554K(219648K) Eden: 91874K(111616K)->0K(110080K) From: 40138K(40448K)->109554K(109568K)
[56.232s][info][gc,heap        ] GC(76) ParOldGen: 377018K(377344K)->398942K(399360K)
[56.232s][info][gc,metaspace   ] GC(76) Metaspace: 17316K(17536K)->17316K(17536K) NonClass: 15941K(16064K)->15941K(16064K) Class: 1375K(1472K)->1375K(1472K)
[56.232s][info][gc             ] GC(76) Pause Young (Allocation Failure) 497M->496M(604M) 37.470ms
[56.232s][info][gc,cpu         ] GC(76) User=0.06s Sys=0.02s Real=0.04s
[57.808s][info][gc,start       ] GC(77) Pause Young (Allocation Failure)
[57.886s][info][gc,heap        ] GC(77) PSYoungGen: 219634K(219648K)->50562K(221184K) Eden: 110080K(110080K)->0K(110080K) From: 109554K(109568K)->50562K(111104K)
[57.886s][info][gc,heap        ] GC(77) ParOldGen: 398942K(399360K)->447596K(448000K)
[57.886s][info][gc,metaspace   ] GC(77) Metaspace: 17426K(17664K)->17426K(17664K) NonClass: 16039K(16192K)->16039K(16192K) Class: 1387K(1472K)->1387K(1472K)
[57.886s][info][gc             ] GC(77) Pause Young (Allocation Failure) 604M->486M(653M) 78.665ms
[57.886s][info][gc,cpu         ] GC(77) User=0.12s Sys=0.04s Real=0.08s
[58.172s][info][gc,start       ] GC(78) Pause Young (Allocation Failure)
[58.276s][info][gc,heap        ] GC(78) PSYoungGen: 160642K(221184K)->55753K(222720K) Eden: 110080K(110080K)->0K(111616K) From: 50562K(111104K)->55753K(111104K)
[58.276s][info][gc,heap        ] GC(78) ParOldGen: 447596K(448000K)->498268K(498688K)
[58.276s][info][gc,metaspace   ] GC(78) Metaspace: 17464K(17664K)->17464K(17664K) NonClass: 16077K(16192K)->16077K(16192K) Class: 1387K(1472K)->1387K(1472K)
[58.276s][info][gc             ] GC(78) Pause Young (Allocation Failure) 593M->541M(704M) 103.892ms
[58.276s][info][gc,cpu         ] GC(78) User=0.17s Sys=0.04s Real=0.10s
[58.899s][info][gc,start       ] GC(79) Pause Young (Allocation Failure)
[59.008s][info][gc,heap        ] GC(79) PSYoungGen: 167369K(222720K)->69010K(222720K) Eden: 111616K(111616K)->0K(111616K) From: 55753K(111104K)->69010K(111104K)
[59.008s][info][gc,heap        ] GC(79) ParOldGen: 498268K(498688K)->554161K(554496K)
[59.008s][info][gc,metaspace   ] GC(79) Metaspace: 17598K(17856K)->17598K(17856K) NonClass: 16203K(16384K)->16203K(16384K) Class: 1394K(1472K)->1394K(1472K)
[59.008s][info][gc             ] GC(79) Pause Young (Allocation Failure) 650M->608M(759M) 109.660ms
[59.008s][info][gc,cpu         ] GC(79) User=0.16s Sys=0.05s Real=0.11s
[61.173s][info][gc,start       ] GC(80) Pause Young (Allocation Failure)
[61.226s][info][gc,heap        ] GC(80) PSYoungGen: 180626K(222720K)->57837K(222720K) Eden: 111616K(111616K)->0K(111616K) From: 69010K(111104K)->57837K(111104K)
[61.226s][info][gc,heap        ] GC(80) ParOldGen: 554161K(554496K)->591258K(591360K)
[61.226s][info][gc,metaspace   ] GC(80) Metaspace: 17602K(17856K)->17602K(17856K) NonClass: 16207K(16384K)->16207K(16384K) Class: 1394K(1472K)->1394K(1472K)
[61.226s][info][gc             ] GC(80) Pause Young (Allocation Failure) 717M->633M(795M) 53.502ms
[61.226s][info][gc,cpu         ] GC(80) User=0.07s Sys=0.03s Real=0.05s
[61.355s][info][gc,start       ] GC(81) Pause Full (Allocation Failure)
[61.355s][info][gc,phases,start] GC(81) Marking Phase
[61.531s][info][gc,phases      ] GC(81) Marking Phase 176.094ms
[61.531s][info][gc,phases,start] GC(81) Summary Phase
[61.531s][info][gc,phases      ] GC(81) Summary Phase 0.039ms
[61.531s][info][gc,phases,start] GC(81) Forward
[61.601s][info][gc,phases      ] GC(81) Forward 69.678ms
[61.601s][info][gc,phases,start] GC(81) Adjust Pointers
[61.713s][info][gc,phases      ] GC(81) Adjust Pointers 112.138ms
[61.713s][info][gc,phases,start] GC(81) Compaction Phase
[61.830s][info][gc,phases      ] GC(81) Compaction Phase 116.896ms
[61.830s][info][gc,phases,start] GC(81) Post Compact
[61.832s][info][gc,phases      ] GC(81) Post Compact 2.200ms
[61.833s][info][gc,heap        ] GC(81) PSYoungGen: 169453K(222720K)->46100K(222720K) Eden: 111616K(111616K)->0K(111616K) From: 57837K(111104K)->46100K(111104K)
[61.833s][info][gc,heap        ] GC(81) ParOldGen: 591258K(591360K)->590885K(667648K)
[61.833s][info][gc,metaspace   ] GC(81) Metaspace: 17602K(17856K)->17602K(17856K) NonClass: 16207K(16384K)->16207K(16384K) Class: 1394K(1472K)->1394K(1472K)
[61.833s][info][gc             ] GC(81) Pause Full (Allocation Failure) 742M->622M(869M) 477.848ms
[61.833s][info][gc,cpu         ] GC(81) User=0.89s Sys=0.01s Real=0.48s
[61.955s][info][gc,start       ] GC(82) Pause Full (Allocation Failure)
[61.955s][info][gc,phases,start] GC(82) Marking Phase
[62.043s][info][gc,phases      ] GC(82) Marking Phase 87.782ms
[62.043s][info][gc,phases,start] GC(82) Summary Phase
[62.043s][info][gc,phases      ] GC(82) Summary Phase 0.028ms
[62.043s][info][gc,phases,start] GC(82) Forward
[62.083s][info][gc,phases      ] GC(82) Forward 39.936ms
[62.083s][info][gc,phases,start] GC(82) Adjust Pointers
[62.139s][info][gc,phases      ] GC(82) Adjust Pointers 55.599ms
[62.139s][info][gc,phases,start] GC(82) Compaction Phase
[62.198s][info][gc,phases      ] GC(82) Compaction Phase 59.666ms
[62.198s][info][gc,phases,start] GC(82) Post Compact
[62.201s][info][gc,phases      ] GC(82) Post Compact 2.299ms
[62.201s][info][gc,heap        ] GC(82) PSYoungGen: 157716K(222720K)->0K(222720K) Eden: 111616K(111616K)->0K(111616K) From: 46100K(111104K)->0K(111104K)
[62.201s][info][gc,heap        ] GC(82) ParOldGen: 590885K(667648K)->448454K(634880K)
[62.201s][info][gc,metaspace   ] GC(82) Metaspace: 17603K(17856K)->17603K(17856K) NonClass: 16208K(16384K)->16208K(16384K) Class: 1394K(1472K)->1394K(1472K)
[62.201s][info][gc             ] GC(82) Pause Full (Allocation Failure) 731M->437M(837M) 245.835ms
[62.201s][info][gc,cpu         ] GC(82) User=0.44s Sys=0.00s Real=0.24s
[62.324s][info][gc,start       ] GC(83) Pause Young (Allocation Failure)
[62.358s][info][gc,heap        ] GC(83) PSYoungGen: 111616K(222720K)->75353K(222720K) Eden: 111616K(111616K)->0K(111616K) From: 0K(111104K)->75353K(111104K)
[62.358s][info][gc,heap        ] GC(83) ParOldGen: 448454K(634880K)->448454K(634880K)
[62.358s][info][gc,metaspace   ] GC(83) Metaspace: 17603K(17856K)->17603K(17856K) NonClass: 16208K(16384K)->16208K(16384K) Class: 1394K(1472K)->1394K(1472K)
[62.358s][info][gc             ] GC(83) Pause Young (Allocation Failure) 546M->511M(837M) 33.778ms
[62.358s][info][gc,cpu         ] GC(83) User=0.07s Sys=0.00s Real=0.03s
[62.720s][info][gc,start       ] GC(84) Pause Young (Allocation Failure)
[62.786s][info][gc,heap        ] GC(84) PSYoungGen: 186969K(222720K)->107618K(222720K) Eden: 111616K(111616K)->0K(111616K) From: 75353K(111104K)->107618K(111104K)
[62.786s][info][gc,heap        ] GC(84) ParOldGen: 448454K(634880K)->522749K(634880K)
[62.786s][info][gc,metaspace   ] GC(84) Metaspace: 17609K(17856K)->17609K(17856K) NonClass: 16213K(16384K)->16213K(16384K) Class: 1396K(1472K)->1396K(1472K)
[62.786s][info][gc             ] GC(84) Pause Young (Allocation Failure) 620M->615M(837M) 65.328ms
[62.786s][info][gc,cpu         ] GC(84) User=0.13s Sys=0.00s Real=0.07s
[63.735s][info][gc,start       ] GC(85) Pause Young (Allocation Failure)
[63.788s][info][gc,heap        ] GC(85) PSYoungGen: 215772K(222720K)->90727K(222720K) Eden: 108153K(111616K)->0K(111616K) From: 107618K(111104K)->90727K(111104K)
[63.788s][info][gc,heap        ] GC(85) ParOldGen: 522749K(634880K)->623701K(634880K)
[63.788s][info][gc,metaspace   ] GC(85) Metaspace: 17659K(17856K)->17659K(17856K) NonClass: 16245K(16384K)->16245K(16384K) Class: 1414K(1472K)->1414K(1472K)
[63.788s][info][gc             ] GC(85) Pause Young (Allocation Failure) 721M->697M(837M) 52.863ms
[63.788s][info][gc,cpu         ] GC(85) User=0.08s Sys=0.03s Real=0.05s
[63.858s][info][gc,start       ] GC(86) Pause Full (Allocation Failure)
[63.858s][info][gc,phases,start] GC(86) Marking Phase
[63.976s][info][gc,phases      ] GC(86) Marking Phase 117.985ms
[63.976s][info][gc,phases,start] GC(86) Summary Phase
[63.976s][info][gc,phases      ] GC(86) Summary Phase 0.028ms
[63.976s][info][gc,phases,start] GC(86) Forward
[64.018s][info][gc,phases      ] GC(86) Forward 41.811ms
[64.018s][info][gc,phases,start] GC(86) Adjust Pointers
[64.101s][info][gc,phases      ] GC(86) Adjust Pointers 82.934ms
[64.101s][info][gc,phases,start] GC(86) Compaction Phase
[64.214s][info][gc,phases      ] GC(86) Compaction Phase 113.385ms
[64.214s][info][gc,phases,start] GC(86) Post Compact
[64.217s][info][gc,phases      ] GC(86) Post Compact 2.430ms
[64.217s][info][gc,heap        ] GC(86) PSYoungGen: 199268K(222720K)->68712K(222720K) Eden: 108541K(111616K)->0K(111616K) From: 90727K(111104K)->68712K(111104K)
[64.217s][info][gc,heap        ] GC(86) ParOldGen: 623701K(634880K)->634395K(667648K)
[64.217s][info][gc,metaspace   ] GC(86) Metaspace: 17745K(17984K)->17745K(17984K) NonClass: 16313K(16448K)->16313K(16448K) Class: 1431K(1536K)->1431K(1536K)
[64.217s][info][gc             ] GC(86) Pause Full (Allocation Failure) 803M->686M(869M) 359.200ms
[64.217s][info][gc,cpu         ] GC(86) User=0.67s Sys=0.01s Real=0.36s
[64.970s][info][gc,start       ] GC(87) Pause Full (Allocation Failure)
[64.970s][info][gc,phases,start] GC(87) Marking Phase
[65.031s][info][gc,phases      ] GC(87) Marking Phase 61.414ms
[65.031s][info][gc,phases,start] GC(87) Summary Phase
[65.031s][info][gc,phases      ] GC(87) Summary Phase 0.028ms
[65.031s][info][gc,phases,start] GC(87) Forward
[65.041s][info][gc,phases      ] GC(87) Forward 9.480ms
[65.041s][info][gc,phases,start] GC(87) Adjust Pointers
[65.071s][info][gc,phases      ] GC(87) Adjust Pointers 29.792ms
[65.071s][info][gc,phases,start] GC(87) Compaction Phase
[65.123s][info][gc,phases      ] GC(87) Compaction Phase 52.044ms
[65.123s][info][gc,phases,start] GC(87) Post Compact
[65.125s][info][gc,phases      ] GC(87) Post Compact 2.423ms
[65.125s][info][gc,heap        ] GC(87) PSYoungGen: 180328K(222720K)->0K(222720K) Eden: 111616K(111616K)->0K(111616K) From: 68712K(111104K)->0K(111104K)
[65.125s][info][gc,heap        ] GC(87) ParOldGen: 634395K(667648K)->563424K(667648K)
[65.125s][info][gc,metaspace   ] GC(87) Metaspace: 17918K(18176K)->17918K(18176K) NonClass: 16472K(16640K)->16472K(16640K) Class: 1446K(1536K)->1446K(1536K)
[65.125s][info][gc             ] GC(87) Pause Full (Allocation Failure) 795M->550M(869M) 155.575ms
[65.125s][info][gc,cpu         ] GC(87) User=0.28s Sys=0.00s Real=0.16s
[65.861s][info][gc,start       ] GC(88) Pause Full (Allocation Failure)
[65.861s][info][gc,phases,start] GC(88) Marking Phase
[65.950s][info][gc,phases      ] GC(88) Marking Phase 89.167ms
[65.950s][info][gc,phases,start] GC(88) Summary Phase
[65.950s][info][gc,phases      ] GC(88) Summary Phase 0.025ms
[65.950s][info][gc,phases,start] GC(88) Forward
[65.976s][info][gc,phases      ] GC(88) Forward 25.693ms
[65.976s][info][gc,phases,start] GC(88) Adjust Pointers
[66.025s][info][gc,phases      ] GC(88) Adjust Pointers 49.229ms
[66.025s][info][gc,phases,start] GC(88) Compaction Phase
[66.093s][info][gc,phases      ] GC(88) Compaction Phase 67.760ms
[66.093s][info][gc,phases,start] GC(88) Post Compact
[66.095s][info][gc,phases      ] GC(88) Post Compact 2.083ms
[66.095s][info][gc,heap        ] GC(88) PSYoungGen: 111616K(222720K)->0K(222720K) Eden: 111616K(111616K)->0K(111616K) From: 0K(111104K)->0K(111104K)
[66.095s][info][gc,heap        ] GC(88) ParOldGen: 563424K(667648K)->571633K(667648K)
[66.095s][info][gc,metaspace   ] GC(88) Metaspace: 18025K(18240K)->18025K(18240K) NonClass: 16576K(16704K)->16576K(16704K) Class: 1448K(1536K)->1448K(1536K)
[66.095s][info][gc             ] GC(88) Pause Full (Allocation Failure) 659M->558M(869M) 234.430ms
[66.096s][info][gc,cpu         ] GC(88) User=0.45s Sys=0.00s Real=0.24s
[66.302s][info][gc,start       ] GC(89) Pause Full (Allocation Failure)
[66.302s][info][gc,phases,start] GC(89) Marking Phase
[66.495s][info][gc,phases      ] GC(89) Marking Phase 192.906ms
[66.495s][info][gc,phases,start] GC(89) Summary Phase
[66.495s][info][gc,phases      ] GC(89) Summary Phase 0.023ms
[66.495s][info][gc,phases,start] GC(89) Forward
[66.512s][info][gc,phases      ] GC(89) Forward 17.599ms
[66.512s][info][gc,phases,start] GC(89) Adjust Pointers
[66.592s][info][gc,phases      ] GC(89) Adjust Pointers 79.883ms
[66.592s][info][gc,phases,start] GC(89) Compaction Phase
[66.661s][info][gc,phases      ] GC(89) Compaction Phase 69.176ms
[66.662s][info][gc,phases,start] GC(89) Post Compact
[66.664s][info][gc,phases      ] GC(89) Post Compact 2.074ms
[66.664s][info][gc,heap        ] GC(89) PSYoungGen: 111616K(222720K)->0K(222720K) Eden: 111616K(111616K)->0K(111616K) From: 0K(111104K)->0K(111104K)
[66.664s][info][gc,heap        ] GC(89) ParOldGen: 571633K(667648K)->667518K(667648K)
[66.664s][info][gc,metaspace   ] GC(89) Metaspace: 18025K(18240K)->18025K(18240K) NonClass: 16576K(16704K)->16576K(16704K) Class: 1448K(1536K)->1448K(1536K)
[66.664s][info][gc             ] GC(89) Pause Full (Allocation Failure) 667M->651M(869M) 362.091ms
[66.664s][info][gc,cpu         ] GC(89) User=0.67s Sys=0.02s Real=0.36s
[66.819s][info][gc,start       ] GC(90) Pause Full (Allocation Failure)
[66.820s][info][gc,phases,start] GC(90) Marking Phase
[67.025s][info][gc,phases      ] GC(90) Marking Phase 205.717ms
[67.025s][info][gc,phases,start] GC(90) Summary Phase
[67.025s][info][gc,phases      ] GC(90) Summary Phase 0.027ms
[67.025s][info][gc,phases,start] GC(90) Forward
[67.103s][info][gc,phases      ] GC(90) Forward 77.970ms
[67.103s][info][gc,phases,start] GC(90) Adjust Pointers
[67.226s][info][gc,phases      ] GC(90) Adjust Pointers 122.153ms
[67.226s][info][gc,phases,start] GC(90) Compaction Phase
[67.346s][info][gc,phases      ] GC(90) Compaction Phase 119.858ms
[67.346s][info][gc,phases,start] GC(90) Post Compact
[67.348s][info][gc,phases      ] GC(90) Post Compact 2.324ms
[67.348s][info][gc,heap        ] GC(90) PSYoungGen: 111616K(222720K)->55815K(222720K) Eden: 111616K(111616K)->55815K(111616K) From: 0K(111104K)->0K(111104K)
[67.348s][info][gc,heap        ] GC(90) ParOldGen: 667518K(667648K)->667360K(667648K)
[67.348s][info][gc,metaspace   ] GC(90) Metaspace: 18025K(18240K)->18025K(18240K) NonClass: 16576K(16704K)->16576K(16704K) Class: 1448K(1536K)->1448K(1536K)
[67.348s][info][gc             ] GC(90) Pause Full (Allocation Failure) 760M->706M(869M) 528.591ms
[67.348s][info][gc,cpu         ] GC(90) User=0.98s Sys=0.01s Real=0.53s
[67.406s][info][gc,start       ] GC(91) Pause Full (Allocation Failure)
[67.407s][info][gc,phases,start] GC(91) Marking Phase
[67.645s][info][gc,phases      ] GC(91) Marking Phase 238.096ms
[67.645s][info][gc,phases,start] GC(91) Summary Phase
[67.645s][info][gc,phases      ] GC(91) Summary Phase 0.024ms
[67.645s][info][gc,phases,start] GC(91) Forward
[67.662s][info][gc,phases      ] GC(91) Forward 16.759ms
[67.662s][info][gc,phases,start] GC(91) Adjust Pointers
[67.785s][info][gc,phases      ] GC(91) Adjust Pointers 123.274ms
[67.785s][info][gc,phases,start] GC(91) Compaction Phase
[67.857s][info][gc,phases      ] GC(91) Compaction Phase 72.314ms
[67.857s][info][gc,phases,start] GC(91) Post Compact
[67.860s][info][gc,phases      ] GC(91) Post Compact 2.260ms
[67.860s][info][gc,heap        ] GC(91) PSYoungGen: 111616K(222720K)->100757K(222720K) Eden: 111616K(111616K)->100757K(111616K) From: 0K(111104K)->0K(111104K)
[67.860s][info][gc,heap        ] GC(91) ParOldGen: 667360K(667648K)->667360K(667648K)
[67.860s][info][gc,metaspace   ] GC(91) Metaspace: 18025K(18240K)->18025K(18240K) NonClass: 16576K(16704K)->16576K(16704K) Class: 1448K(1536K)->1448K(1536K)
[67.860s][info][gc             ] GC(91) Pause Full (Allocation Failure) 760M->750M(869M) 453.141ms
[67.860s][info][gc,cpu         ] GC(91) User=0.87s Sys=0.00s Real=0.45s
[67.871s][info][gc,start       ] GC(92) Pause Full (Allocation Failure)
[67.871s][info][gc,phases,start] GC(92) Marking Phase
[68.113s][info][gc,phases      ] GC(92) Marking Phase 241.628ms
[68.113s][info][gc,phases,start] GC(92) Summary Phase
[68.113s][info][gc,phases      ] GC(92) Summary Phase 0.024ms
[68.113s][info][gc,phases,start] GC(92) Forward
[68.130s][info][gc,phases      ] GC(92) Forward 16.584ms
[68.130s][info][gc,phases,start] GC(92) Adjust Pointers
[68.251s][info][gc,phases      ] GC(92) Adjust Pointers 121.593ms
[68.251s][info][gc,phases,start] GC(92) Compaction Phase
[68.324s][info][gc,phases      ] GC(92) Compaction Phase 72.822ms
[68.324s][info][gc,phases,start] GC(92) Post Compact
[68.326s][info][gc,phases      ] GC(92) Post Compact 2.279ms
[68.327s][info][gc,heap        ] GC(92) PSYoungGen: 111616K(222720K)->109486K(222720K) Eden: 111616K(111616K)->109486K(111616K) From: 0K(111104K)->0K(111104K)
[68.327s][info][gc,heap        ] GC(92) ParOldGen: 667360K(667648K)->667360K(667648K)
[68.327s][info][gc,metaspace   ] GC(92) Metaspace: 18025K(18240K)->18025K(18240K) NonClass: 16576K(16704K)->16576K(16704K) Class: 1448K(1536K)->1448K(1536K)
[68.327s][info][gc             ] GC(92) Pause Full (Allocation Failure) 760M->758M(869M) 455.322ms
[68.327s][info][gc,cpu         ] GC(92) User=0.88s Sys=0.01s Real=0.46s
[68.329s][info][gc,start       ] GC(93) Pause Full (Allocation Failure)
[68.329s][info][gc,phases,start] GC(93) Marking Phase
[68.570s][info][gc,phases      ] GC(93) Marking Phase 240.505ms
[68.570s][info][gc,phases,start] GC(93) Summary Phase
[68.570s][info][gc,phases      ] GC(93) Summary Phase 0.024ms
[68.570s][info][gc,phases,start] GC(93) Forward
[68.587s][info][gc,phases      ] GC(93) Forward 16.877ms
[68.587s][info][gc,phases,start] GC(93) Adjust Pointers
[68.709s][info][gc,phases      ] GC(93) Adjust Pointers 122.473ms
[68.709s][info][gc,phases,start] GC(93) Compaction Phase
[68.781s][info][gc,phases      ] GC(93) Compaction Phase 71.800ms
[68.781s][info][gc,phases,start] GC(93) Post Compact
[68.783s][info][gc,phases      ] GC(93) Post Compact 2.257ms
[68.783s][info][gc,heap        ] GC(93) PSYoungGen: 111616K(222720K)->111194K(222720K) Eden: 111616K(111616K)->111194K(111616K) From: 0K(111104K)->0K(111104K)
[68.783s][info][gc,heap        ] GC(93) ParOldGen: 667360K(667648K)->667360K(667648K)
[68.784s][info][gc,metaspace   ] GC(93) Metaspace: 18025K(18240K)->18025K(18240K) NonClass: 16576K(16704K)->16576K(16704K) Class: 1448K(1536K)->1448K(1536K)
[68.784s][info][gc             ] GC(93) Pause Full (Allocation Failure) 760M->760M(869M) 454.306ms
[68.784s][info][gc,cpu         ] GC(93) User=0.89s Sys=0.00s Real=0.46s
[68.784s][info][gc,start       ] GC(94) Pause Full (Allocation Failure)
[68.784s][info][gc,phases,start] GC(94) Marking Phase
[69.027s][info][gc,phases      ] GC(94) Marking Phase 242.633ms
[69.027s][info][gc,phases,start] GC(94) Summary Phase
[69.027s][info][gc,phases      ] GC(94) Summary Phase 0.033ms
[69.027s][info][gc,phases,start] GC(94) Forward
[69.044s][info][gc,phases      ] GC(94) Forward 16.835ms
[69.044s][info][gc,phases,start] GC(94) Adjust Pointers
[69.166s][info][gc,phases      ] GC(94) Adjust Pointers 121.610ms
[69.166s][info][gc,phases,start] GC(94) Compaction Phase
[69.238s][info][gc,phases      ] GC(94) Compaction Phase 72.437ms
[69.238s][info][gc,phases,start] GC(94) Post Compact
[69.241s][info][gc,phases      ] GC(94) Post Compact 2.260ms
[69.241s][info][gc,heap        ] GC(94) PSYoungGen: 111616K(222720K)->111533K(222720K) Eden: 111616K(111616K)->111533K(111616K) From: 0K(111104K)->0K(111104K)
[69.241s][info][gc,heap        ] GC(94) ParOldGen: 667360K(667648K)->667360K(667648K)
[69.241s][info][gc,metaspace   ] GC(94) Metaspace: 18025K(18240K)->18025K(18240K) NonClass: 16576K(16704K)->16576K(16704K) Class: 1448K(1536K)->1448K(1536K)
[69.241s][info][gc             ] GC(94) Pause Full (Allocation Failure) 760M->760M(869M) 456.212ms
[69.241s][info][gc,cpu         ] GC(94) User=0.88s Sys=0.00s Real=0.45s
[69.241s][info][gc,start       ] GC(95) Pause Full (Allocation Failure)
[69.241s][info][gc,phases,start] GC(95) Marking Phase
[69.480s][info][gc,phases      ] GC(95) Marking Phase 239.095ms
[69.480s][info][gc,phases,start] GC(95) Summary Phase
[69.480s][info][gc,phases      ] GC(95) Summary Phase 0.023ms
[69.480s][info][gc,phases,start] GC(95) Forward
[69.499s][info][gc,phases      ] GC(95) Forward 18.781ms
[69.499s][info][gc,phases,start] GC(95) Adjust Pointers
[69.620s][info][gc,phases      ] GC(95) Adjust Pointers 120.632ms
[69.620s][info][gc,phases,start] GC(95) Compaction Phase
[69.692s][info][gc,phases      ] GC(95) Compaction Phase 71.763ms
[69.692s][info][gc,phases,start] GC(95) Post Compact
[69.694s][info][gc,phases      ] GC(95) Post Compact 2.248ms
[69.694s][info][gc,heap        ] GC(95) PSYoungGen: 111616K(222720K)->111599K(222720K) Eden: 111616K(111616K)->111599K(111616K) From: 0K(111104K)->0K(111104K)
[69.694s][info][gc,heap        ] GC(95) ParOldGen: 667360K(667648K)->667360K(667648K)
[69.694s][info][gc,metaspace   ] GC(95) Metaspace: 18025K(18240K)->18025K(18240K) NonClass: 16576K(16704K)->16576K(16704K) Class: 1448K(1536K)->1448K(1536K)
[69.694s][info][gc             ] GC(95) Pause Full (Allocation Failure) 760M->760M(869M) 452.909ms
[69.694s][info][gc,cpu         ] GC(95) User=0.88s Sys=0.00s Real=0.46s
[69.695s][info][gc,start       ] GC(96) Pause Full (Allocation Failure)
[69.695s][info][gc,phases,start] GC(96) Marking Phase
[69.933s][info][gc,phases      ] GC(96) Marking Phase 238.675ms
[69.933s][info][gc,phases,start] GC(96) Summary Phase
[69.933s][info][gc,phases      ] GC(96) Summary Phase 0.023ms
[69.933s][info][gc,phases,start] GC(96) Forward
[69.949s][info][gc,phases      ] GC(96) Forward 15.876ms
[69.949s][info][gc,phases,start] GC(96) Adjust Pointers
[70.065s][info][gc,phases      ] GC(96) Adjust Pointers 116.004ms
[70.065s][info][gc,phases,start] GC(96) Compaction Phase
[70.133s][info][gc,phases      ] GC(96) Compaction Phase 67.531ms
[70.133s][info][gc,phases,start] GC(96) Post Compact
[70.135s][info][gc,phases      ] GC(96) Post Compact 2.166ms
[70.135s][info][gc,heap        ] GC(96) PSYoungGen: 111616K(222720K)->111612K(222720K) Eden: 111616K(111616K)->111612K(111616K) From: 0K(111104K)->0K(111104K)
[70.135s][info][gc,heap        ] GC(96) ParOldGen: 667360K(667648K)->667360K(667648K)
[70.135s][info][gc,metaspace   ] GC(96) Metaspace: 18025K(18240K)->18025K(18240K) NonClass: 16576K(16704K)->16576K(16704K) Class: 1448K(1536K)->1448K(1536K)
[70.135s][info][gc             ] GC(96) Pause Full (Allocation Failure) 760M->760M(869M) 440.566ms
[70.135s][info][gc,cpu         ] GC(96) User=0.86s Sys=0.00s Real=0.44s
[70.136s][info][gc,start       ] GC(97) Pause Full (Allocation Failure)
[70.136s][info][gc,phases,start] GC(97) Marking Phase
[70.364s][info][gc,phases      ] GC(97) Marking Phase 227.952ms
[70.364s][info][gc,phases,start] GC(97) Summary Phase
[70.364s][info][gc,phases      ] GC(97) Summary Phase 0.021ms
[70.364s][info][gc,phases,start] GC(97) Forward
[70.379s][info][gc,phases      ] GC(97) Forward 15.610ms
[70.379s][info][gc,phases,start] GC(97) Adjust Pointers
[70.496s][info][gc,phases      ] GC(97) Adjust Pointers 116.599ms
[70.496s][info][gc,phases,start] GC(97) Compaction Phase
[70.567s][info][gc,phases      ] GC(97) Compaction Phase 70.782ms
[70.567s][info][gc,phases,start] GC(97) Post Compact
[70.569s][info][gc,phases      ] GC(97) Post Compact 2.240ms
[70.569s][info][gc,heap        ] GC(97) PSYoungGen: 111616K(222720K)->111614K(222720K) Eden: 111616K(111616K)->111614K(111616K) From: 0K(111104K)->0K(111104K)
[70.569s][info][gc,heap        ] GC(97) ParOldGen: 667360K(667648K)->667360K(667648K)
[70.569s][info][gc,metaspace   ] GC(97) Metaspace: 18025K(18240K)->18025K(18240K) NonClass: 16576K(16704K)->16576K(16704K) Class: 1448K(1536K)->1448K(1536K)
[70.569s][info][gc             ] GC(97) Pause Full (Allocation Failure) 760M->760M(869M) 433.546ms
[70.569s][info][gc,cpu         ] GC(97) User=0.85s Sys=0.00s Real=0.43s
[70.570s][info][gc,start       ] GC(98) Pause Full (Allocation Failure)
[70.570s][info][gc,phases,start] GC(98) Marking Phase
[70.805s][info][gc,phases      ] GC(98) Marking Phase 235.623ms
[70.805s][info][gc,phases,start] GC(98) Summary Phase
[70.805s][info][gc,phases      ] GC(98) Summary Phase 0.023ms
[70.805s][info][gc,phases,start] GC(98) Forward
[70.824s][info][gc,phases      ] GC(98) Forward 18.870ms
[70.824s][info][gc,phases,start] GC(98) Adjust Pointers
[70.942s][info][gc,phases      ] GC(98) Adjust Pointers 117.694ms
[70.942s][info][gc,phases,start] GC(98) Compaction Phase
[71.012s][info][gc,phases      ] GC(98) Compaction Phase 70.081ms
[71.012s][info][gc,phases,start] GC(98) Post Compact
[71.014s][info][gc,phases      ] GC(98) Post Compact 2.302ms
[71.014s][info][gc,heap        ] GC(98) PSYoungGen: 111616K(222720K)->111615K(222720K) Eden: 111616K(111616K)->111615K(111616K) From: 0K(111104K)->0K(111104K)
[71.014s][info][gc,heap        ] GC(98) ParOldGen: 667360K(667648K)->667360K(667648K)
[71.014s][info][gc,metaspace   ] GC(98) Metaspace: 18025K(18240K)->18025K(18240K) NonClass: 16576K(16704K)->16576K(16704K) Class: 1448K(1536K)->1448K(1536K)
[71.014s][info][gc             ] GC(98) Pause Full (Allocation Failure) 760M->760M(869M) 444.971ms
[71.014s][info][gc,cpu         ] GC(98) User=0.86s Sys=0.00s Real=0.45s
[71.015s][info][gc,start       ] GC(99) Pause Full (Allocation Failure)
[71.015s][info][gc,phases,start] GC(99) Marking Phase
[71.250s][info][gc,phases      ] GC(99) Marking Phase 234.986ms
[71.250s][info][gc,phases,start] GC(99) Summary Phase
[71.250s][info][gc,phases      ] GC(99) Summary Phase 0.022ms
[71.250s][info][gc,phases,start] GC(99) Forward
[71.266s][info][gc,phases      ] GC(99) Forward 16.525ms
[71.266s][info][gc,phases,start] GC(99) Adjust Pointers
[71.388s][info][gc,phases      ] GC(99) Adjust Pointers 121.753ms
[71.388s][info][gc,phases,start] GC(99) Compaction Phase
[71.458s][info][gc,phases      ] GC(99) Compaction Phase 70.278ms
[71.459s][info][gc,phases,start] GC(99) Post Compact
[71.461s][info][gc,phases      ] GC(99) Post Compact 2.277ms
[71.461s][info][gc,heap        ] GC(99) PSYoungGen: 111615K(222720K)->111615K(222720K) Eden: 111615K(111616K)->111615K(111616K) From: 0K(111104K)->0K(111104K)
[71.461s][info][gc,heap        ] GC(99) ParOldGen: 667360K(667648K)->667360K(667648K)
[71.461s][info][gc,metaspace   ] GC(99) Metaspace: 18025K(18240K)->18025K(18240K) NonClass: 16576K(16704K)->16576K(16704K) Class: 1448K(1536K)->1448K(1536K)
[71.461s][info][gc             ] GC(99) Pause Full (Allocation Failure) 760M->760M(869M) 446.196ms
[71.461s][info][gc,cpu         ] GC(99) User=0.86s Sys=0.00s Real=0.44s
[71.461s][info][gc,start       ] GC(100) Pause Full (Allocation Failure)
[71.461s][info][gc,phases,start] GC(100) Marking Phase
[71.700s][info][gc,phases      ] GC(100) Marking Phase 238.756ms
[71.700s][info][gc,phases,start] GC(100) Summary Phase
[71.700s][info][gc,phases      ] GC(100) Summary Phase 0.024ms
[71.700s][info][gc,phases,start] GC(100) Forward
[71.717s][info][gc,phases      ] GC(100) Forward 16.825ms
[71.717s][info][gc,phases,start] GC(100) Adjust Pointers
[71.837s][info][gc,phases      ] GC(100) Adjust Pointers 120.212ms
[71.837s][info][gc,phases,start] GC(100) Compaction Phase
[71.908s][info][gc,phases      ] GC(100) Compaction Phase 70.634ms
[71.908s][info][gc,phases,start] GC(100) Post Compact
[71.910s][info][gc,phases      ] GC(100) Post Compact 2.283ms
[71.910s][info][gc,heap        ] GC(100) PSYoungGen: 111615K(222720K)->111615K(222720K) Eden: 111615K(111616K)->111615K(111616K) From: 0K(111104K)->0K(111104K)
[71.910s][info][gc,heap        ] GC(100) ParOldGen: 667360K(667648K)->667360K(667648K)
[71.910s][info][gc,metaspace   ] GC(100) Metaspace: 18025K(18240K)->18025K(18240K) NonClass: 16576K(16704K)->16576K(16704K) Class: 1448K(1536K)->1448K(1536K)
[71.910s][info][gc             ] GC(100) Pause Full (Allocation Failure) 760M->760M(869M) 449.074ms
[71.910s][info][gc,cpu         ] GC(100) User=0.88s Sys=0.01s Real=0.45s
[71.911s][info][gc,start       ] GC(101) Pause Full (Allocation Failure)
[71.911s][info][gc,phases,start] GC(101) Marking Phase
[72.153s][info][gc,phases      ] GC(101) Marking Phase 242.828ms
[72.153s][info][gc,phases,start] GC(101) Summary Phase
[72.154s][info][gc,phases      ] GC(101) Summary Phase 0.026ms
[72.154s][info][gc,phases,start] GC(101) Forward
[72.172s][info][gc,phases      ] GC(101) Forward 18.674ms
[72.172s][info][gc,phases,start] GC(101) Adjust Pointers
[72.291s][info][gc,phases      ] GC(101) Adjust Pointers 118.705ms
[72.291s][info][gc,phases,start] GC(101) Compaction Phase
[72.362s][info][gc,phases      ] GC(101) Compaction Phase 70.877ms
[72.362s][info][gc,phases,start] GC(101) Post Compact
[72.364s][info][gc,phases      ] GC(101) Post Compact 2.253ms
[72.364s][info][gc,heap        ] GC(101) PSYoungGen: 111615K(222720K)->111615K(222720K) Eden: 111615K(111616K)->111615K(111616K) From: 0K(111104K)->0K(111104K)
[72.364s][info][gc,heap        ] GC(101) ParOldGen: 667360K(667648K)->667360K(667648K)
[72.364s][info][gc,metaspace   ] GC(101) Metaspace: 18025K(18240K)->18025K(18240K) NonClass: 16576K(16704K)->16576K(16704K) Class: 1448K(1536K)->1448K(1536K)
[72.364s][info][gc             ] GC(101) Pause Full (Allocation Failure) 760M->760M(869M) 453.762ms
[72.364s][info][gc,cpu         ] GC(101) User=0.87s Sys=0.00s Real=0.46s
[72.365s][info][gc,start       ] GC(102) Pause Full (Allocation Failure)
[72.365s][info][gc,phases,start] GC(102) Marking Phase
[72.598s][info][gc,phases      ] GC(102) Marking Phase 233.529ms
[72.598s][info][gc,phases,start] GC(102) Summary Phase
[72.598s][info][gc,phases      ] GC(102) Summary Phase 0.022ms
[72.598s][info][gc,phases,start] GC(102) Forward
[72.617s][info][gc,phases      ] GC(102) Forward 18.696ms
[72.617s][info][gc,phases,start] GC(102) Adjust Pointers
[72.736s][info][gc,phases      ] GC(102) Adjust Pointers 118.994ms
[72.736s][info][gc,phases,start] GC(102) Compaction Phase
[72.806s][info][gc,phases      ] GC(102) Compaction Phase 70.044ms
[72.806s][info][gc,phases,start] GC(102) Post Compact
[72.808s][info][gc,phases      ] GC(102) Post Compact 2.250ms
[72.808s][info][gc,heap        ] GC(102) PSYoungGen: 111615K(222720K)->111615K(222720K) Eden: 111615K(111616K)->111615K(111616K) From: 0K(111104K)->0K(111104K)
[72.808s][info][gc,heap        ] GC(102) ParOldGen: 667360K(667648K)->667360K(667648K)
[72.808s][info][gc,metaspace   ] GC(102) Metaspace: 18025K(18240K)->18025K(18240K) NonClass: 16576K(16704K)->16576K(16704K) Class: 1448K(1536K)->1448K(1536K)
[72.808s][info][gc             ] GC(102) Pause Full (Allocation Failure) 760M->760M(869M) 443.886ms
[72.808s][info][gc,cpu         ] GC(102) User=0.86s Sys=0.00s Real=0.44s
[72.809s][info][gc,start       ] GC(103) Pause Full (Allocation Failure)
[72.809s][info][gc,phases,start] GC(103) Marking Phase
[73.044s][info][gc,phases      ] GC(103) Marking Phase 235.302ms
[73.044s][info][gc,phases,start] GC(103) Summary Phase
[73.044s][info][gc,phases      ] GC(103) Summary Phase 0.023ms
[73.044s][info][gc,phases,start] GC(103) Forward
[73.060s][info][gc,phases      ] GC(103) Forward 16.379ms
[73.061s][info][gc,phases,start] GC(103) Adjust Pointers
[73.183s][info][gc,phases      ] GC(103) Adjust Pointers 122.624ms
[73.183s][info][gc,phases,start] GC(103) Compaction Phase
[73.256s][info][gc,phases      ] GC(103) Compaction Phase 72.737ms
[73.256s][info][gc,phases,start] GC(103) Post Compact
[73.258s][info][gc,phases      ] GC(103) Post Compact 2.267ms
[73.258s][info][gc,heap        ] GC(103) PSYoungGen: 111615K(222720K)->111615K(222720K) Eden: 111615K(111616K)->111615K(111616K) From: 0K(111104K)->0K(111104K)
[73.258s][info][gc,heap        ] GC(103) ParOldGen: 667360K(667648K)->667360K(667648K)
[73.258s][info][gc,metaspace   ] GC(103) Metaspace: 18025K(18240K)->18025K(18240K) NonClass: 16576K(16704K)->16576K(16704K) Class: 1448K(1536K)->1448K(1536K)
[73.258s][info][gc             ] GC(103) Pause Full (Allocation Failure) 760M->760M(869M) 449.664ms
[73.258s][info][gc,cpu         ] GC(103) User=0.88s Sys=0.00s Real=0.45s
[73.259s][info][gc,start       ] GC(104) Pause Full (Allocation Failure)
[73.259s][info][gc,phases,start] GC(104) Marking Phase
[73.504s][info][gc,phases      ] GC(104) Marking Phase 245.426ms
[73.504s][info][gc,phases,start] GC(104) Summary Phase
[73.504s][info][gc,phases      ] GC(104) Summary Phase 0.034ms
[73.504s][info][gc,phases,start] GC(104) Forward
[73.521s][info][gc,phases      ] GC(104) Forward 16.557ms
[73.521s][info][gc,phases,start] GC(104) Adjust Pointers
[73.641s][info][gc,phases      ] GC(104) Adjust Pointers 120.137ms
[73.641s][info][gc,phases,start] GC(104) Compaction Phase
[73.712s][info][gc,phases      ] GC(104) Compaction Phase 70.945ms
[73.712s][info][gc,phases,start] GC(104) Post Compact
[73.714s][info][gc,phases      ] GC(104) Post Compact 2.307ms
[73.714s][info][gc,heap        ] GC(104) PSYoungGen: 111615K(222720K)->111615K(222720K) Eden: 111615K(111616K)->111615K(111616K) From: 0K(111104K)->0K(111104K)
[73.714s][info][gc,heap        ] GC(104) ParOldGen: 667360K(667648K)->667360K(667648K)
[73.714s][info][gc,metaspace   ] GC(104) Metaspace: 18025K(18240K)->18025K(18240K) NonClass: 16576K(16704K)->16576K(16704K) Class: 1448K(1536K)->1448K(1536K)
[73.714s][info][gc             ] GC(104) Pause Full (Allocation Failure) 760M->760M(869M) 455.766ms
[73.714s][info][gc,cpu         ] GC(104) User=0.89s Sys=0.00s Real=0.46s
[73.715s][info][gc,start       ] GC(105) Pause Full (Allocation Failure)
[73.715s][info][gc,phases,start] GC(105) Marking Phase
[73.952s][info][gc,phases      ] GC(105) Marking Phase 236.996ms
[73.952s][info][gc,phases,start] GC(105) Summary Phase
[73.952s][info][gc,phases      ] GC(105) Summary Phase 0.024ms
[73.952s][info][gc,phases,start] GC(105) Forward
[73.970s][info][gc,phases      ] GC(105) Forward 18.394ms
[73.970s][info][gc,phases,start] GC(105) Adjust Pointers
[74.090s][info][gc,phases      ] GC(105) Adjust Pointers 120.040ms
[74.090s][info][gc,phases,start] GC(105) Compaction Phase
[74.160s][info][gc,phases      ] GC(105) Compaction Phase 69.908ms
[74.160s][info][gc,phases,start] GC(105) Post Compact
[74.163s][info][gc,phases      ] GC(105) Post Compact 2.280ms
[74.163s][info][gc,heap        ] GC(105) PSYoungGen: 111615K(222720K)->111615K(222720K) Eden: 111615K(111616K)->111615K(111616K) From: 0K(111104K)->0K(111104K)
[74.163s][info][gc,heap        ] GC(105) ParOldGen: 667360K(667648K)->667360K(667648K)
[74.163s][info][gc,metaspace   ] GC(105) Metaspace: 18025K(18240K)->18025K(18240K) NonClass: 16576K(16704K)->16576K(16704K) Class: 1448K(1536K)->1448K(1536K)
[74.163s][info][gc             ] GC(105) Pause Full (Allocation Failure) 760M->760M(869M) 448.008ms
[74.163s][info][gc,cpu         ] GC(105) User=0.87s Sys=0.00s Real=0.45s
[74.163s][info][gc,start       ] GC(106) Pause Full (Allocation Failure)
[74.163s][info][gc,phases,start] GC(106) Marking Phase
[74.396s][info][gc,phases      ] GC(106) Marking Phase 233.282ms
[74.396s][info][gc,phases,start] GC(106) Summary Phase
[74.396s][info][gc,phases      ] GC(106) Summary Phase 0.021ms
[74.396s][info][gc,phases,start] GC(106) Forward
[74.415s][info][gc,phases      ] GC(106) Forward 18.705ms
[74.415s][info][gc,phases,start] GC(106) Adjust Pointers
[74.533s][info][gc,phases      ] GC(106) Adjust Pointers 118.401ms
[74.533s][info][gc,phases,start] GC(106) Compaction Phase
[74.604s][info][gc,phases      ] GC(106) Compaction Phase 70.286ms
[74.604s][info][gc,phases,start] GC(106) Post Compact
[74.606s][info][gc,phases      ] GC(106) Post Compact 2.239ms
[74.606s][info][gc,heap        ] GC(106) PSYoungGen: 111615K(222720K)->111615K(222720K) Eden: 111615K(111616K)->111615K(111616K) From: 0K(111104K)->0K(111104K)
[74.606s][info][gc,heap        ] GC(106) ParOldGen: 667360K(667648K)->667360K(667648K)
[74.606s][info][gc,metaspace   ] GC(106) Metaspace: 18025K(18240K)->18025K(18240K) NonClass: 16576K(16704K)->16576K(16704K) Class: 1448K(1536K)->1448K(1536K)
[74.606s][info][gc             ] GC(106) Pause Full (Allocation Failure) 760M->760M(869M) 443.289ms
[74.606s][info][gc,cpu         ] GC(106) User=0.86s Sys=0.00s Real=0.44s
[74.606s][info][gc,start       ] GC(107) Pause Full (Allocation Failure)
[74.606s][info][gc,phases,start] GC(107) Marking Phase
[74.841s][info][gc,phases      ] GC(107) Marking Phase 234.319ms
[74.841s][info][gc,phases,start] GC(107) Summary Phase
[74.841s][info][gc,phases      ] GC(107) Summary Phase 0.024ms
[74.841s][info][gc,phases,start] GC(107) Forward
[74.857s][info][gc,phases      ] GC(107) Forward 16.592ms
[74.857s][info][gc,phases,start] GC(107) Adjust Pointers
[74.978s][info][gc,phases      ] GC(107) Adjust Pointers 120.352ms
[74.978s][info][gc,phases,start] GC(107) Compaction Phase
[75.049s][info][gc,phases      ] GC(107) Compaction Phase 71.506ms
[75.049s][info][gc,phases,start] GC(107) Post Compact
[75.052s][info][gc,phases      ] GC(107) Post Compact 2.278ms
[75.052s][info][gc,heap        ] GC(107) PSYoungGen: 111616K(222720K)->111616K(222720K) Eden: 111616K(111616K)->111616K(111616K) From: 0K(111104K)->0K(111104K)
[75.052s][info][gc,heap        ] GC(107) ParOldGen: 667360K(667648K)->667360K(667648K)
[75.052s][info][gc,metaspace   ] GC(107) Metaspace: 18025K(18240K)->18025K(18240K) NonClass: 16576K(16704K)->16576K(16704K) Class: 1448K(1536K)->1448K(1536K)
[75.052s][info][gc             ] GC(107) Pause Full (Allocation Failure) 760M->760M(869M) 445.461ms
[75.052s][info][gc,cpu         ] GC(107) User=0.87s Sys=0.01s Real=0.45s
[75.052s][info][gc,start       ] GC(108) Pause Full (Allocation Failure)
[75.052s][info][gc,phases,start] GC(108) Marking Phase
[75.283s][info][gc,phases      ] GC(108) Marking Phase 230.989ms
[75.283s][info][gc,phases,start] GC(108) Summary Phase
[75.283s][info][gc,phases      ] GC(108) Summary Phase 0.022ms
[75.283s][info][gc,phases,start] GC(108) Forward
[75.299s][info][gc,phases      ] GC(108) Forward 15.654ms
[75.299s][info][gc,phases,start] GC(108) Adjust Pointers
[75.414s][info][gc,phases      ] GC(108) Adjust Pointers 114.886ms
[75.414s][info][gc,phases,start] GC(108) Compaction Phase
[75.481s][info][gc,phases      ] GC(108) Compaction Phase 67.045ms
[75.481s][info][gc,phases,start] GC(108) Post Compact
[75.483s][info][gc,phases      ] GC(108) Post Compact 2.148ms
[75.483s][info][gc,heap        ] GC(108) PSYoungGen: 111616K(222720K)->111616K(222720K) Eden: 111616K(111616K)->111616K(111616K) From: 0K(111104K)->0K(111104K)
[75.483s][info][gc,heap        ] GC(108) ParOldGen: 667361K(667648K)->667361K(667648K)
[75.483s][info][gc,metaspace   ] GC(108) Metaspace: 18025K(18240K)->18025K(18240K) NonClass: 16576K(16704K)->16576K(16704K) Class: 1448K(1536K)->1448K(1536K)
[75.483s][info][gc             ] GC(108) Pause Full (Allocation Failure) 760M->760M(869M) 431.044ms
[75.483s][info][gc,cpu         ] GC(108) User=0.84s Sys=0.00s Real=0.43s
[75.483s][info][gc,start       ] GC(109) Pause Full (Allocation Failure)
[75.483s][info][gc,phases,start] GC(109) Marking Phase
[75.711s][info][gc,phases      ] GC(109) Marking Phase 227.952ms
[75.711s][info][gc,phases,start] GC(109) Summary Phase
[75.711s][info][gc,phases      ] GC(109) Summary Phase 0.022ms
[75.711s][info][gc,phases,start] GC(109) Forward
[75.727s][info][gc,phases      ] GC(109) Forward 15.866ms
[75.727s][info][gc,phases,start] GC(109) Adjust Pointers
[75.841s][info][gc,phases      ] GC(109) Adjust Pointers 114.067ms
[75.841s][info][gc,phases,start] GC(109) Compaction Phase
[75.908s][info][gc,phases      ] GC(109) Compaction Phase 66.590ms
[75.908s][info][gc,phases,start] GC(109) Post Compact
[75.910s][info][gc,phases      ] GC(109) Post Compact 2.196ms
[75.910s][info][gc,heap        ] GC(109) PSYoungGen: 111616K(222720K)->111616K(222720K) Eden: 111616K(111616K)->111616K(111616K) From: 0K(111104K)->0K(111104K)
[75.910s][info][gc,heap        ] GC(109) ParOldGen: 667361K(667648K)->667361K(667648K)
[75.910s][info][gc,metaspace   ] GC(109) Metaspace: 18025K(18240K)->18025K(18240K) NonClass: 16576K(16704K)->16576K(16704K) Class: 1448K(1536K)->1448K(1536K)
[75.910s][info][gc             ] GC(109) Pause Full (Allocation Failure) 760M->760M(869M) 426.999ms
[75.910s][info][gc,cpu         ] GC(109) User=0.83s Sys=0.00s Real=0.42s
[75.910s][info][gc,start       ] GC(110) Pause Full (Allocation Failure)
[75.910s][info][gc,phases,start] GC(110) Marking Phase
[76.138s][info][gc,phases      ] GC(110) Marking Phase 227.684ms
[76.138s][info][gc,phases,start] GC(110) Summary Phase
[76.138s][info][gc,phases      ] GC(110) Summary Phase 0.052ms
[76.138s][info][gc,phases,start] GC(110) Forward
[76.156s][info][gc,phases      ] GC(110) Forward 18.263ms
[76.156s][info][gc,phases,start] GC(110) Adjust Pointers
[76.273s][info][gc,phases      ] GC(110) Adjust Pointers 116.871ms
[76.273s][info][gc,phases,start] GC(110) Compaction Phase
[76.343s][info][gc,phases      ] GC(110) Compaction Phase 69.927ms
[76.343s][info][gc,phases,start] GC(110) Post Compact
[76.346s][info][gc,phases      ] GC(110) Post Compact 2.220ms
[76.346s][info][gc,heap        ] GC(110) PSYoungGen: 111616K(222720K)->111616K(222720K) Eden: 111616K(111616K)->111616K(111616K) From: 0K(111104K)->0K(111104K)
[76.346s][info][gc,heap        ] GC(110) ParOldGen: 667361K(667648K)->667361K(667648K)
[76.346s][info][gc,metaspace   ] GC(110) Metaspace: 18025K(18240K)->18025K(18240K) NonClass: 16576K(16704K)->16576K(16704K) Class: 1448K(1536K)->1448K(1536K)
[76.346s][info][gc             ] GC(110) Pause Full (Allocation Failure) 760M->760M(869M) 435.327ms
[76.346s][info][gc,cpu         ] GC(110) User=0.84s Sys=0.00s Real=0.44s
[76.346s][info][gc,start       ] GC(111) Pause Full (Allocation Failure)
[76.346s][info][gc,phases,start] GC(111) Marking Phase
[76.579s][info][gc,phases      ] GC(111) Marking Phase 233.279ms
[76.579s][info][gc,phases,start] GC(111) Summary Phase
[76.579s][info][gc,phases      ] GC(111) Summary Phase 0.022ms
[76.579s][info][gc,phases,start] GC(111) Forward
[76.595s][info][gc,phases      ] GC(111) Forward 16.206ms
[76.595s][info][gc,phases,start] GC(111) Adjust Pointers
[76.714s][info][gc,phases      ] GC(111) Adjust Pointers 118.526ms
[76.714s][info][gc,phases,start] GC(111) Compaction Phase
[76.787s][info][gc,phases      ] GC(111) Compaction Phase 73.049ms
[76.787s][info][gc,phases,start] GC(111) Post Compact
[76.789s][info][gc,phases      ] GC(111) Post Compact 2.196ms
[76.789s][info][gc,heap        ] GC(111) PSYoungGen: 111616K(222720K)->111616K(222720K) Eden: 111616K(111616K)->111616K(111616K) From: 0K(111104K)->0K(111104K)
[76.789s][info][gc,heap        ] GC(111) ParOldGen: 667361K(667648K)->667361K(667648K)
[76.789s][info][gc,metaspace   ] GC(111) Metaspace: 18025K(18240K)->18025K(18240K) NonClass: 16576K(16704K)->16576K(16704K) Class: 1448K(1536K)->1448K(1536K)
[76.789s][info][gc             ] GC(111) Pause Full (Allocation Failure) 760M->760M(869M) 443.573ms
[76.789s][info][gc,cpu         ] GC(111) User=0.87s Sys=0.00s Real=0.44s
[76.790s][info][gc,start       ] GC(112) Pause Full (Allocation Failure)
[76.790s][info][gc,phases,start] GC(112) Marking Phase
[77.026s][info][gc,phases      ] GC(112) Marking Phase 235.993ms
[77.026s][info][gc,phases,start] GC(112) Summary Phase
[77.026s][info][gc,phases      ] GC(112) Summary Phase 0.062ms
[77.026s][info][gc,phases,start] GC(112) Forward
[77.042s][info][gc,phases      ] GC(112) Forward 16.363ms
[77.042s][info][gc,phases,start] GC(112) Adjust Pointers
[77.161s][info][gc,phases      ] GC(112) Adjust Pointers 119.241ms
[77.161s][info][gc,phases,start] GC(112) Compaction Phase
[77.231s][info][gc,phases      ] GC(112) Compaction Phase 70.106ms
[77.232s][info][gc,phases,start] GC(112) Post Compact
[77.234s][info][gc,phases      ] GC(112) Post Compact 2.242ms
[77.234s][info][gc,heap        ] GC(112) PSYoungGen: 111616K(222720K)->111616K(222720K) Eden: 111616K(111616K)->111616K(111616K) From: 0K(111104K)->0K(111104K)
[77.234s][info][gc,heap        ] GC(112) ParOldGen: 667361K(667648K)->667361K(667648K)
[77.234s][info][gc,metaspace   ] GC(112) Metaspace: 18025K(18240K)->18025K(18240K) NonClass: 16576K(16704K)->16576K(16704K) Class: 1448K(1536K)->1448K(1536K)
[77.234s][info][gc             ] GC(112) Pause Full (Allocation Failure) 760M->760M(869M) 444.305ms
[77.234s][info][gc,cpu         ] GC(112) User=0.86s Sys=0.00s Real=0.45s
[77.234s][info][gc,start       ] GC(113) Pause Full (Allocation Failure)
[77.234s][info][gc,phases,start] GC(113) Marking Phase
[77.468s][info][gc,phases      ] GC(113) Marking Phase 234.507ms
[77.468s][info][gc,phases,start] GC(113) Summary Phase
[77.469s][info][gc,phases      ] GC(113) Summary Phase 0.045ms
[77.469s][info][gc,phases,start] GC(113) Forward
[77.485s][info][gc,phases      ] GC(113) Forward 16.116ms
[77.485s][info][gc,phases,start] GC(113) Adjust Pointers
[77.602s][info][gc,phases      ] GC(113) Adjust Pointers 117.049ms
[77.602s][info][gc,phases,start] GC(113) Compaction Phase
[77.673s][info][gc,phases      ] GC(113) Compaction Phase 71.243ms
[77.673s][info][gc,phases,start] GC(113) Post Compact
[77.675s][info][gc,phases      ] GC(113) Post Compact 2.198ms
[77.675s][info][gc,heap        ] GC(113) PSYoungGen: 111616K(222720K)->111615K(222720K) Eden: 111616K(111616K)->111615K(111616K) From: 0K(111104K)->0K(111104K)
[77.675s][info][gc,heap        ] GC(113) ParOldGen: 667361K(667648K)->667361K(667648K)
[77.675s][info][gc,metaspace   ] GC(113) Metaspace: 18025K(18240K)->18025K(18240K) NonClass: 16576K(16704K)->16576K(16704K) Class: 1448K(1536K)->1448K(1536K)
[77.675s][info][gc             ] GC(113) Pause Full (Allocation Failure) 760M->760M(869M) 441.458ms
[77.675s][info][gc,cpu         ] GC(113) User=0.86s Sys=0.00s Real=0.44s
[77.675s][info][gc,start       ] GC(114) Pause Full (Allocation Failure)
[77.676s][info][gc,phases,start] GC(114) Marking Phase
[77.908s][info][gc,phases      ] GC(114) Marking Phase 232.268ms
[77.908s][info][gc,phases,start] GC(114) Summary Phase
[77.908s][info][gc,phases      ] GC(114) Summary Phase 0.024ms
[77.908s][info][gc,phases,start] GC(114) Forward
[77.924s][info][gc,phases      ] GC(114) Forward 16.157ms
[77.924s][info][gc,phases,start] GC(114) Adjust Pointers
[78.041s][info][gc,phases      ] GC(114) Adjust Pointers 116.705ms
[78.041s][info][gc,phases,start] GC(114) Compaction Phase
[78.111s][info][gc,phases      ] GC(114) Compaction Phase 69.928ms
[78.111s][info][gc,phases,start] GC(114) Post Compact
[78.113s][info][gc,phases      ] GC(114) Post Compact 2.215ms
[78.113s][info][gc,heap        ] GC(114) PSYoungGen: 111616K(222720K)->111616K(222720K) Eden: 111616K(111616K)->111616K(111616K) From: 0K(111104K)->0K(111104K)
[78.113s][info][gc,heap        ] GC(114) ParOldGen: 667361K(667648K)->667361K(667648K)
[78.113s][info][gc,metaspace   ] GC(114) Metaspace: 18025K(18240K)->18025K(18240K) NonClass: 16576K(16704K)->16576K(16704K) Class: 1448K(1536K)->1448K(1536K)
[78.113s][info][gc             ] GC(114) Pause Full (Allocation Failure) 760M->760M(869M) 437.593ms
[78.113s][info][gc,cpu         ] GC(114) User=0.85s Sys=0.00s Real=0.44s
[78.113s][info][gc,start       ] GC(115) Pause Full (Allocation Failure)
[78.113s][info][gc,phases,start] GC(115) Marking Phase
[78.345s][info][gc,phases      ] GC(115) Marking Phase 231.604ms
[78.345s][info][gc,phases,start] GC(115) Summary Phase
[78.345s][info][gc,phases      ] GC(115) Summary Phase 0.022ms
[78.345s][info][gc,phases,start] GC(115) Forward
[78.361s][info][gc,phases      ] GC(115) Forward 16.190ms
[78.361s][info][gc,phases,start] GC(115) Adjust Pointers
[78.478s][info][gc,phases      ] GC(115) Adjust Pointers 117.186ms
[78.478s][info][gc,phases,start] GC(115) Compaction Phase
[78.548s][info][gc,phases      ] GC(115) Compaction Phase 70.008ms
[78.548s][info][gc,phases,start] GC(115) Post Compact
[78.551s][info][gc,phases      ] GC(115) Post Compact 2.243ms
[78.551s][info][gc,heap        ] GC(115) PSYoungGen: 111616K(222720K)->111616K(222720K) Eden: 111616K(111616K)->111616K(111616K) From: 0K(111104K)->0K(111104K)
[78.551s][info][gc,heap        ] GC(115) ParOldGen: 667361K(667648K)->667361K(667648K)
[78.551s][info][gc,metaspace   ] GC(115) Metaspace: 18025K(18240K)->18025K(18240K) NonClass: 16576K(16704K)->16576K(16704K) Class: 1448K(1536K)->1448K(1536K)
[78.551s][info][gc             ] GC(115) Pause Full (Allocation Failure) 760M->760M(869M) 437.559ms
[78.551s][info][gc,cpu         ] GC(115) User=0.85s Sys=0.00s Real=0.43s
[78.551s][info][gc,start       ] GC(116) Pause Full (Allocation Failure)
[78.551s][info][gc,phases,start] GC(116) Marking Phase
[78.783s][info][gc,phases      ] GC(116) Marking Phase 232.499ms
[78.783s][info][gc,phases,start] GC(116) Summary Phase
[78.784s][info][gc,phases      ] GC(116) Summary Phase 0.045ms
[78.784s][info][gc,phases,start] GC(116) Forward
[78.800s][info][gc,phases      ] GC(116) Forward 16.066ms
[78.800s][info][gc,phases,start] GC(116) Adjust Pointers
[78.917s][info][gc,phases      ] GC(116) Adjust Pointers 116.867ms
[78.917s][info][gc,phases,start] GC(116) Compaction Phase
[78.987s][info][gc,phases      ] GC(116) Compaction Phase 70.734ms
[78.987s][info][gc,phases,start] GC(116) Post Compact
[78.990s][info][gc,phases      ] GC(116) Post Compact 2.203ms
[78.990s][info][gc,heap        ] GC(116) PSYoungGen: 111616K(222720K)->111616K(222720K) Eden: 111616K(111616K)->111616K(111616K) From: 0K(111104K)->0K(111104K)
[78.990s][info][gc,heap        ] GC(116) ParOldGen: 667361K(667648K)->667361K(667648K)
[78.990s][info][gc,metaspace   ] GC(116) Metaspace: 18025K(18240K)->18025K(18240K) NonClass: 16576K(16704K)->16576K(16704K) Class: 1448K(1536K)->1448K(1536K)
[78.990s][info][gc             ] GC(116) Pause Full (Allocation Failure) 760M->760M(869M) 438.748ms
[78.990s][info][gc,cpu         ] GC(116) User=0.85s Sys=0.00s Real=0.44s
[78.990s][info][gc,start       ] GC(117) Pause Full (Allocation Failure)
[78.990s][info][gc,phases,start] GC(117) Marking Phase
[79.222s][info][gc,phases      ] GC(117) Marking Phase 231.852ms
[79.222s][info][gc,phases,start] GC(117) Summary Phase
[79.222s][info][gc,phases      ] GC(117) Summary Phase 0.022ms
[79.222s][info][gc,phases,start] GC(117) Forward
[79.238s][info][gc,phases      ] GC(117) Forward 16.230ms
[79.238s][info][gc,phases,start] GC(117) Adjust Pointers
[79.355s][info][gc,phases      ] GC(117) Adjust Pointers 117.210ms
[79.355s][info][gc,phases,start] GC(117) Compaction Phase
[79.425s][info][gc,phases      ] GC(117) Compaction Phase 69.490ms
[79.425s][info][gc,phases,start] GC(117) Post Compact
[79.427s][info][gc,phases      ] GC(117) Post Compact 2.171ms
[79.427s][info][gc,heap        ] GC(117) PSYoungGen: 111616K(222720K)->111616K(222720K) Eden: 111616K(111616K)->111616K(111616K) From: 0K(111104K)->0K(111104K)
[79.427s][info][gc,heap        ] GC(117) ParOldGen: 667361K(667648K)->667361K(667648K)
[79.427s][info][gc,metaspace   ] GC(117) Metaspace: 18025K(18240K)->18025K(18240K) NonClass: 16576K(16704K)->16576K(16704K) Class: 1448K(1536K)->1448K(1536K)
[79.427s][info][gc             ] GC(117) Pause Full (Allocation Failure) 760M->760M(869M) 437.272ms
[79.427s][info][gc,cpu         ] GC(117) User=0.86s Sys=0.00s Real=0.44s
[79.427s][info][gc,start       ] GC(118) Pause Full (Allocation Failure)
[79.427s][info][gc,phases,start] GC(118) Marking Phase
[79.660s][info][gc,phases      ] GC(118) Marking Phase 233.314ms
[79.661s][info][gc,phases,start] GC(118) Summary Phase
[79.661s][info][gc,phases      ] GC(118) Summary Phase 0.021ms
[79.661s][info][gc,phases,start] GC(118) Forward
[79.677s][info][gc,phases      ] GC(118) Forward 16.142ms
[79.677s][info][gc,phases,start] GC(118) Adjust Pointers
[79.794s][info][gc,phases      ] GC(118) Adjust Pointers 116.950ms
[79.794s][info][gc,phases,start] GC(118) Compaction Phase
[79.864s][info][gc,phases      ] GC(118) Compaction Phase 70.219ms
[79.864s][info][gc,phases,start] GC(118) Post Compact
[79.866s][info][gc,phases      ] GC(118) Post Compact 2.204ms
[79.866s][info][gc,heap        ] GC(118) PSYoungGen: 111616K(222720K)->111616K(222720K) Eden: 111616K(111616K)->111616K(111616K) From: 0K(111104K)->0K(111104K)
[79.866s][info][gc,heap        ] GC(118) ParOldGen: 667361K(667648K)->667361K(667648K)
[79.866s][info][gc,metaspace   ] GC(118) Metaspace: 18025K(18240K)->18025K(18240K) NonClass: 16576K(16704K)->16576K(16704K) Class: 1448K(1536K)->1448K(1536K)
[79.866s][info][gc             ] GC(118) Pause Full (Allocation Failure) 760M->760M(869M) 439.138ms
[79.866s][info][gc,cpu         ] GC(118) User=0.85s Sys=0.01s Real=0.44s
[79.866s][info][gc,start       ] GC(119) Pause Full (Allocation Failure)
[79.866s][info][gc,phases,start] GC(119) Marking Phase
[80.098s][info][gc,phases      ] GC(119) Marking Phase 232.082ms
[80.099s][info][gc,phases,start] GC(119) Summary Phase
[80.099s][info][gc,phases      ] GC(119) Summary Phase 0.059ms
[80.099s][info][gc,phases,start] GC(119) Forward
[80.115s][info][gc,phases      ] GC(119) Forward 16.128ms
[80.115s][info][gc,phases,start] GC(119) Adjust Pointers
[80.232s][info][gc,phases      ] GC(119) Adjust Pointers 116.756ms
[80.232s][info][gc,phases,start] GC(119) Compaction Phase
[80.301s][info][gc,phases      ] GC(119) Compaction Phase 69.465ms
[80.301s][info][gc,phases,start] GC(119) Post Compact
[80.303s][info][gc,phases      ] GC(119) Post Compact 2.168ms
[80.303s][info][gc,heap        ] GC(119) PSYoungGen: 111616K(222720K)->111616K(222720K) Eden: 111616K(111616K)->111616K(111616K) From: 0K(111104K)->0K(111104K)
[80.303s][info][gc,heap        ] GC(119) ParOldGen: 667361K(667648K)->667361K(667648K)
[80.303s][info][gc,metaspace   ] GC(119) Metaspace: 18025K(18240K)->18025K(18240K) NonClass: 16576K(16704K)->16576K(16704K) Class: 1448K(1536K)->1448K(1536K)
[80.303s][info][gc             ] GC(119) Pause Full (Allocation Failure) 760M->760M(869M) 436.992ms
[80.303s][info][gc,cpu         ] GC(119) User=0.85s Sys=0.00s Real=0.44s
[80.303s][info][gc,start       ] GC(120) Pause Full (Allocation Failure)
[80.303s][info][gc,phases,start] GC(120) Marking Phase
[80.535s][info][gc,phases      ] GC(120) Marking Phase 231.896ms
[80.535s][info][gc,phases,start] GC(120) Summary Phase
[80.535s][info][gc,phases      ] GC(120) Summary Phase 0.021ms
[80.535s][info][gc,phases,start] GC(120) Forward
[80.552s][info][gc,phases      ] GC(120) Forward 16.460ms
[80.552s][info][gc,phases,start] GC(120) Adjust Pointers
[80.671s][info][gc,phases      ] GC(120) Adjust Pointers 119.018ms
[80.671s][info][gc,phases,start] GC(120) Compaction Phase
[80.742s][info][gc,phases      ] GC(120) Compaction Phase 70.583ms
[80.742s][info][gc,phases,start] GC(120) Post Compact
[80.744s][info][gc,phases      ] GC(120) Post Compact 2.212ms
[80.744s][info][gc,heap        ] GC(120) PSYoungGen: 111616K(222720K)->111616K(222720K) Eden: 111616K(111616K)->111616K(111616K) From: 0K(111104K)->0K(111104K)
[80.744s][info][gc,heap        ] GC(120) ParOldGen: 667361K(667648K)->667361K(667648K)
[80.744s][info][gc,metaspace   ] GC(120) Metaspace: 18025K(18240K)->18025K(18240K) NonClass: 16576K(16704K)->16576K(16704K) Class: 1448K(1536K)->1448K(1536K)
[80.744s][info][gc             ] GC(120) Pause Full (Allocation Failure) 760M->760M(869M) 440.477ms
[80.744s][info][gc,cpu         ] GC(120) User=0.86s Sys=0.00s Real=0.44s
[80.744s][info][gc,start       ] GC(121) Pause Full (Allocation Failure)
[80.744s][info][gc,phases,start] GC(121) Marking Phase
[80.978s][info][gc,phases      ] GC(121) Marking Phase 234.307ms
[80.978s][info][gc,phases,start] GC(121) Summary Phase
[80.978s][info][gc,phases      ] GC(121) Summary Phase 0.024ms
[80.978s][info][gc,phases,start] GC(121) Forward
[80.995s][info][gc,phases      ] GC(121) Forward 16.146ms
[80.995s][info][gc,phases,start] GC(121) Adjust Pointers
[81.114s][info][gc,phases      ] GC(121) Adjust Pointers 119.543ms
[81.114s][info][gc,phases,start] GC(121) Compaction Phase
[81.187s][info][gc,phases      ] GC(121) Compaction Phase 72.936ms
[81.187s][info][gc,phases,start] GC(121) Post Compact
[81.189s][info][gc,phases      ] GC(121) Post Compact 2.179ms
[81.189s][info][gc,heap        ] GC(121) PSYoungGen: 111616K(222720K)->111616K(222720K) Eden: 111616K(111616K)->111616K(111616K) From: 0K(111104K)->0K(111104K)
[81.189s][info][gc,heap        ] GC(121) ParOldGen: 667361K(667648K)->667361K(667648K)
[81.189s][info][gc,metaspace   ] GC(121) Metaspace: 18025K(18240K)->18025K(18240K) NonClass: 16576K(16704K)->16576K(16704K) Class: 1448K(1536K)->1448K(1536K)
[81.190s][info][gc             ] GC(121) Pause Full (Allocation Failure) 760M->760M(869M) 445.445ms
[81.190s][info][gc,cpu         ] GC(121) User=0.87s Sys=0.00s Real=0.44s
[81.190s][info][gc,start       ] GC(122) Pause Full (Allocation Failure)
[81.190s][info][gc,phases,start] GC(122) Marking Phase
[81.432s][info][gc,phases      ] GC(122) Marking Phase 242.511ms
[81.432s][info][gc,phases,start] GC(122) Summary Phase
[81.432s][info][gc,phases      ] GC(122) Summary Phase 0.023ms
[81.432s][info][gc,phases,start] GC(122) Forward
[81.448s][info][gc,phases      ] GC(122) Forward 16.172ms
[81.448s][info][gc,phases,start] GC(122) Adjust Pointers
[81.566s][info][gc,phases      ] GC(122) Adjust Pointers 117.689ms
[81.566s][info][gc,phases,start] GC(122) Compaction Phase
[81.637s][info][gc,phases      ] GC(122) Compaction Phase 70.310ms
[81.637s][info][gc,phases,start] GC(122) Post Compact
[81.639s][info][gc,phases      ] GC(122) Post Compact 2.178ms
[81.639s][info][gc,heap        ] GC(122) PSYoungGen: 111616K(222720K)->111616K(222720K) Eden: 111616K(111616K)->111616K(111616K) From: 0K(111104K)->0K(111104K)
[81.639s][info][gc,heap        ] GC(122) ParOldGen: 667361K(667648K)->667361K(667648K)
[81.639s][info][gc,metaspace   ] GC(122) Metaspace: 18025K(18240K)->18025K(18240K) NonClass: 16576K(16704K)->16576K(16704K) Class: 1448K(1536K)->1448K(1536K)
[81.639s][info][gc             ] GC(122) Pause Full (Allocation Failure) 760M->760M(869M) 449.224ms
[81.639s][info][gc,cpu         ] GC(122) User=0.88s Sys=0.00s Real=0.45s
[81.639s][info][gc,start       ] GC(123) Pause Full (Allocation Failure)
[81.639s][info][gc,phases,start] GC(123) Marking Phase
[81.872s][info][gc,phases      ] GC(123) Marking Phase 232.661ms
[81.872s][info][gc,phases,start] GC(123) Summary Phase
[81.872s][info][gc,phases      ] GC(123) Summary Phase 0.021ms
[81.872s][info][gc,phases,start] GC(123) Forward
[81.888s][info][gc,phases      ] GC(123) Forward 16.073ms
[81.888s][info][gc,phases,start] GC(123) Adjust Pointers
[82.006s][info][gc,phases      ] GC(123) Adjust Pointers 118.147ms
[82.006s][info][gc,phases,start] GC(123) Compaction Phase
[82.076s][info][gc,phases      ] GC(123) Compaction Phase 70.307ms
[82.076s][info][gc,phases,start] GC(123) Post Compact
[82.079s][info][gc,phases      ] GC(123) Post Compact 2.172ms
[82.079s][info][gc,heap        ] GC(123) PSYoungGen: 111616K(222720K)->111616K(222720K) Eden: 111616K(111616K)->111616K(111616K) From: 0K(111104K)->0K(111104K)
[82.079s][info][gc,heap        ] GC(123) ParOldGen: 667361K(667648K)->667361K(667648K)
[82.079s][info][gc,metaspace   ] GC(123) Metaspace: 18025K(18240K)->18025K(18240K) NonClass: 16576K(16704K)->16576K(16704K) Class: 1448K(1536K)->1448K(1536K)
[82.079s][info][gc             ] GC(123) Pause Full (Allocation Failure) 760M->760M(869M) 439.685ms
[82.079s][info][gc,cpu         ] GC(123) User=0.86s Sys=0.00s Real=0.44s
[82.079s][info][gc,start       ] GC(124) Pause Full (Allocation Failure)
[82.079s][info][gc,phases,start] GC(124) Marking Phase
[82.312s][info][gc,phases      ] GC(124) Marking Phase 233.607ms
[82.312s][info][gc,phases,start] GC(124) Summary Phase
[82.312s][info][gc,phases      ] GC(124) Summary Phase 0.022ms
[82.312s][info][gc,phases,start] GC(124) Forward
[82.328s][info][gc,phases      ] GC(124) Forward 15.976ms
[82.328s][info][gc,phases,start] GC(124) Adjust Pointers
[82.446s][info][gc,phases      ] GC(124) Adjust Pointers 117.401ms
[82.446s][info][gc,phases,start] GC(124) Compaction Phase
[82.516s][info][gc,phases      ] GC(124) Compaction Phase 70.014ms
[82.516s][info][gc,phases,start] GC(124) Post Compact
[82.518s][info][gc,phases      ] GC(124) Post Compact 2.176ms
[82.518s][info][gc,heap        ] GC(124) PSYoungGen: 111616K(222720K)->111616K(222720K) Eden: 111616K(111616K)->111616K(111616K) From: 0K(111104K)->0K(111104K)
[82.518s][info][gc,heap        ] GC(124) ParOldGen: 667361K(667648K)->667361K(667648K)
[82.518s][info][gc,metaspace   ] GC(124) Metaspace: 18025K(18240K)->18025K(18240K) NonClass: 16576K(16704K)->16576K(16704K) Class: 1448K(1536K)->1448K(1536K)
[82.518s][info][gc             ] GC(124) Pause Full (Allocation Failure) 760M->760M(869M) 439.472ms
[82.518s][info][gc,cpu         ] GC(124) User=0.85s Sys=0.00s Real=0.44s
[82.518s][info][gc,start       ] GC(125) Pause Full (Allocation Failure)
[82.518s][info][gc,phases,start] GC(125) Marking Phase
[82.750s][info][gc,phases      ] GC(125) Marking Phase 231.324ms
[82.750s][info][gc,phases,start] GC(125) Summary Phase
[82.750s][info][gc,phases      ] GC(125) Summary Phase 0.024ms
[82.750s][info][gc,phases,start] GC(125) Forward
[82.766s][info][gc,phases      ] GC(125) Forward 16.143ms
[82.766s][info][gc,phases,start] GC(125) Adjust Pointers
[82.883s][info][gc,phases      ] GC(125) Adjust Pointers 117.322ms
[82.883s][info][gc,phases,start] GC(125) Compaction Phase
[82.953s][info][gc,phases      ] GC(125) Compaction Phase 69.839ms
[82.953s][info][gc,phases,start] GC(125) Post Compact
[82.955s][info][gc,phases      ] GC(125) Post Compact 2.170ms
[82.955s][info][gc,heap        ] GC(125) PSYoungGen: 111616K(222720K)->111616K(222720K) Eden: 111616K(111616K)->111616K(111616K) From: 0K(111104K)->0K(111104K)
[82.955s][info][gc,heap        ] GC(125) ParOldGen: 667361K(667648K)->667361K(667648K)
[82.955s][info][gc,metaspace   ] GC(125) Metaspace: 18025K(18240K)->18025K(18240K) NonClass: 16576K(16704K)->16576K(16704K) Class: 1448K(1536K)->1448K(1536K)
[82.955s][info][gc             ] GC(125) Pause Full (Allocation Failure) 760M->760M(869M) 437.148ms
[82.956s][info][gc,cpu         ] GC(125) User=0.86s Sys=0.00s Real=0.44s
[82.956s][info][gc,start       ] GC(126) Pause Full (Allocation Failure)
[82.956s][info][gc,phases,start] GC(126) Marking Phase
[83.188s][info][gc,phases      ] GC(126) Marking Phase 232.170ms
[83.188s][info][gc,phases,start] GC(126) Summary Phase
[83.188s][info][gc,phases      ] GC(126) Summary Phase 0.022ms
[83.188s][info][gc,phases,start] GC(126) Forward
[83.204s][info][gc,phases      ] GC(126) Forward 16.116ms
[83.204s][info][gc,phases,start] GC(126) Adjust Pointers
[83.322s][info][gc,phases      ] GC(126) Adjust Pointers 117.683ms
[83.322s][info][gc,phases,start] GC(126) Compaction Phase
[83.391s][info][gc,phases      ] GC(126) Compaction Phase 69.448ms
[83.391s][info][gc,phases,start] GC(126) Post Compact
[83.393s][info][gc,phases      ] GC(126) Post Compact 2.169ms
[83.394s][info][gc,heap        ] GC(126) PSYoungGen: 111616K(222720K)->111616K(222720K) Eden: 111616K(111616K)->111616K(111616K) From: 0K(111104K)->0K(111104K)
[83.394s][info][gc,heap        ] GC(126) ParOldGen: 667361K(667648K)->667361K(667648K)
[83.394s][info][gc,metaspace   ] GC(126) Metaspace: 18025K(18240K)->18025K(18240K) NonClass: 16576K(16704K)->16576K(16704K) Class: 1448K(1536K)->1448K(1536K)
[83.394s][info][gc             ] GC(126) Pause Full (Allocation Failure) 760M->760M(869M) 437.910ms
[83.394s][info][gc,cpu         ] GC(126) User=0.85s Sys=0.00s Real=0.44s
[83.394s][info][gc,start       ] GC(127) Pause Full (Allocation Failure)
[83.394s][info][gc,phases,start] GC(127) Marking Phase
[83.627s][info][gc,phases      ] GC(127) Marking Phase 233.262ms
[83.627s][info][gc,phases,start] GC(127) Summary Phase
[83.627s][info][gc,phases      ] GC(127) Summary Phase 0.022ms
[83.627s][info][gc,phases,start] GC(127) Forward
[83.643s][info][gc,phases      ] GC(127) Forward 16.014ms
[83.643s][info][gc,phases,start] GC(127) Adjust Pointers
[83.761s][info][gc,phases      ] GC(127) Adjust Pointers 117.593ms
[83.761s][info][gc,phases,start] GC(127) Compaction Phase
[83.830s][info][gc,phases      ] GC(127) Compaction Phase 69.721ms
[83.831s][info][gc,phases,start] GC(127) Post Compact
[83.833s][info][gc,phases      ] GC(127) Post Compact 2.231ms
[83.833s][info][gc,heap        ] GC(127) PSYoungGen: 111616K(222720K)->111616K(222720K) Eden: 111616K(111616K)->111616K(111616K) From: 0K(111104K)->0K(111104K)
[83.833s][info][gc,heap        ] GC(127) ParOldGen: 667361K(667648K)->667361K(667648K)
[83.833s][info][gc,metaspace   ] GC(127) Metaspace: 18025K(18240K)->18025K(18240K) NonClass: 16576K(16704K)->16576K(16704K) Class: 1448K(1536K)->1448K(1536K)
[83.833s][info][gc             ] GC(127) Pause Full (Allocation Failure) 760M->760M(869M) 439.157ms
[83.833s][info][gc,cpu         ] GC(127) User=0.86s Sys=0.01s Real=0.44s
[83.833s][info][gc,start       ] GC(128) Pause Full (Allocation Failure)
[83.833s][info][gc,phases,start] GC(128) Marking Phase
[84.067s][info][gc,phases      ] GC(128) Marking Phase 234.045ms
[84.067s][info][gc,phases,start] GC(128) Summary Phase
[84.067s][info][gc,phases      ] GC(128) Summary Phase 0.022ms
[84.067s][info][gc,phases,start] GC(128) Forward
[84.083s][info][gc,phases      ] GC(128) Forward 16.099ms
[84.083s][info][gc,phases,start] GC(128) Adjust Pointers
[84.202s][info][gc,phases      ] GC(128) Adjust Pointers 118.335ms
[84.202s][info][gc,phases,start] GC(128) Compaction Phase
[84.272s][info][gc,phases      ] GC(128) Compaction Phase 69.861ms
[84.272s][info][gc,phases,start] GC(128) Post Compact
[84.274s][info][gc,phases      ] GC(128) Post Compact 2.177ms
[84.274s][info][gc,heap        ] GC(128) PSYoungGen: 111616K(222720K)->111616K(222720K) Eden: 111616K(111616K)->111616K(111616K) From: 0K(111104K)->0K(111104K)
[84.274s][info][gc,heap        ] GC(128) ParOldGen: 667361K(667648K)->667361K(667648K)
[84.274s][info][gc,metaspace   ] GC(128) Metaspace: 18025K(18240K)->18025K(18240K) NonClass: 16576K(16704K)->16576K(16704K) Class: 1448K(1536K)->1448K(1536K)
[84.274s][info][gc             ] GC(128) Pause Full (Allocation Failure) 760M->760M(869M) 440.871ms
[84.274s][info][gc,cpu         ] GC(128) User=0.85s Sys=0.00s Real=0.44s
[84.274s][info][gc,start       ] GC(129) Pause Full (Allocation Failure)
[84.274s][info][gc,phases,start] GC(129) Marking Phase
[84.507s][info][gc,phases      ] GC(129) Marking Phase 233.279ms
[84.507s][info][gc,phases,start] GC(129) Summary Phase
[84.507s][info][gc,phases      ] GC(129) Summary Phase 0.021ms
[84.507s][info][gc,phases,start] GC(129) Forward
[84.526s][info][gc,phases      ] GC(129) Forward 18.291ms
[84.526s][info][gc,phases,start] GC(129) Adjust Pointers
[84.644s][info][gc,phases      ] GC(129) Adjust Pointers 118.487ms
[84.644s][info][gc,phases,start] GC(129) Compaction Phase
[84.714s][info][gc,phases      ] GC(129) Compaction Phase 70.241ms
[84.715s][info][gc,phases,start] GC(129) Post Compact
[84.717s][info][gc,phases      ] GC(129) Post Compact 2.203ms
[84.717s][info][gc,heap        ] GC(129) PSYoungGen: 111616K(222720K)->111616K(222720K) Eden: 111616K(111616K)->111616K(111616K) From: 0K(111104K)->0K(111104K)
[84.717s][info][gc,heap        ] GC(129) ParOldGen: 667361K(667648K)->667361K(667648K)
[84.717s][info][gc,metaspace   ] GC(129) Metaspace: 18025K(18240K)->18025K(18240K) NonClass: 16576K(16704K)->16576K(16704K) Class: 1448K(1536K)->1448K(1536K)
[84.717s][info][gc             ] GC(129) Pause Full (Allocation Failure) 760M->760M(869M) 442.844ms
[84.717s][info][gc,cpu         ] GC(129) User=0.86s Sys=0.00s Real=0.44s
[84.717s][info][gc,start       ] GC(130) Pause Full (Allocation Failure)
[84.717s][info][gc,phases,start] GC(130) Marking Phase
[84.949s][info][gc,phases      ] GC(130) Marking Phase 232.487ms
[84.949s][info][gc,phases,start] GC(130) Summary Phase
[84.949s][info][gc,phases      ] GC(130) Summary Phase 0.022ms
[84.949s][info][gc,phases,start] GC(130) Forward
[84.966s][info][gc,phases      ] GC(130) Forward 16.568ms
[84.966s][info][gc,phases,start] GC(130) Adjust Pointers
[85.086s][info][gc,phases      ] GC(130) Adjust Pointers 119.873ms
[85.086s][info][gc,phases,start] GC(130) Compaction Phase
[85.157s][info][gc,phases      ] GC(130) Compaction Phase 70.460ms
[85.157s][info][gc,phases,start] GC(130) Post Compact
[85.159s][info][gc,phases      ] GC(130) Post Compact 2.197ms
[85.159s][info][gc,heap        ] GC(130) PSYoungGen: 111616K(222720K)->111616K(222720K) Eden: 111616K(111616K)->111616K(111616K) From: 0K(111104K)->0K(111104K)
[85.159s][info][gc,heap        ] GC(130) ParOldGen: 667361K(667648K)->667361K(667648K)
[85.159s][info][gc,metaspace   ] GC(130) Metaspace: 18025K(18240K)->18025K(18240K) NonClass: 16576K(16704K)->16576K(16704K) Class: 1448K(1536K)->1448K(1536K)
[85.159s][info][gc             ] GC(130) Pause Full (Allocation Failure) 760M->760M(869M) 441.953ms
[85.159s][info][gc,cpu         ] GC(130) User=0.86s Sys=0.00s Real=0.44s
[85.159s][info][gc,start       ] GC(131) Pause Full (Allocation Failure)
[85.159s][info][gc,phases,start] GC(131) Marking Phase
[85.385s][info][gc,phases      ] GC(131) Marking Phase 226.113ms
[85.385s][info][gc,phases,start] GC(131) Summary Phase
[85.385s][info][gc,phases      ] GC(131) Summary Phase 0.025ms
[85.385s][info][gc,phases,start] GC(131) Forward
[85.467s][info][gc,phases      ] GC(131) Forward 81.712ms
[85.467s][info][gc,phases,start] GC(131) Adjust Pointers
[85.590s][info][gc,phases      ] GC(131) Adjust Pointers 122.422ms
[85.590s][info][gc,phases,start] GC(131) Compaction Phase
[85.684s][info][gc,phases      ] GC(131) Compaction Phase 94.270ms
[85.684s][info][gc,phases,start] GC(131) Post Compact
[85.686s][info][metaspace      ] ChkMgr @0x00007ff13c03aa80 (non-class-space): : reclaiming memory...
[85.686s][info][metaspace      ] ChkMgr @0x00007ff13c03aa80 (non-class-space): nothing reclaimed.
[85.686s][info][metaspace      ] ChkMgr @0x00007ff13c03a890 (class-space): : reclaiming memory...
[85.686s][info][metaspace      ] ChkMgr @0x00007ff13c03a890 (class-space): nothing reclaimed.
[85.686s][info][gc,phases      ] GC(131) Post Compact 2.324ms
[85.688s][info][gc,heap        ] GC(131) PSYoungGen: 111616K(222720K)->0K(222720K) Eden: 111616K(111616K)->0K(111616K) From: 0K(111104K)->0K(111104K)
[85.688s][info][gc,heap        ] GC(131) ParOldGen: 667361K(667648K)->437393K(645120K)
[85.688s][info][gc,metaspace   ] GC(131) Metaspace: 18025K(18240K)->18021K(18240K) NonClass: 16576K(16704K)->16573K(16704K) Class: 1448K(1536K)->1448K(1536K)
[85.688s][info][gc             ] GC(131) Pause Full (Allocation Failure) 760M->427M(847M) 528.924ms
[85.688s][info][gc,cpu         ] GC(131) User=0.97s Sys=0.00s Real=0.53s
[85.793s][info][gc,start       ] GC(132) Pause Young (Allocation Failure)
[85.850s][info][gc,heap        ] GC(132) PSYoungGen: 111616K(222720K)->48564K(222720K) Eden: 111616K(111616K)->0K(111616K) From: 0K(111104K)->48564K(111104K)
[85.850s][info][gc,heap        ] GC(132) ParOldGen: 437393K(645120K)->437393K(645120K)
[85.850s][info][gc,metaspace   ] GC(132) Metaspace: 18022K(18240K)->18022K(18240K) NonClass: 16573K(16704K)->16573K(16704K) Class: 1448K(1536K)->1448K(1536K)
[85.850s][info][gc             ] GC(132) Pause Young (Allocation Failure) 536M->474M(847M) 56.303ms
[85.850s][info][gc,cpu         ] GC(132) User=0.11s Sys=0.00s Real=0.05s
[86.033s][info][gc,start       ] GC(133) Pause Young (Allocation Failure)
[86.107s][info][gc,heap        ] GC(133) PSYoungGen: 160180K(222720K)->16520K(222720K) Eden: 111616K(111616K)->0K(111616K) From: 48564K(111104K)->16520K(111104K)
[86.107s][info][gc,heap        ] GC(133) ParOldGen: 437393K(645120K)->486218K(645120K)
[86.107s][info][gc,metaspace   ] GC(133) Metaspace: 18025K(18240K)->18025K(18240K) NonClass: 16576K(16704K)->16576K(16704K) Class: 1448K(1536K)->1448K(1536K)
[86.107s][info][gc             ] GC(133) Pause Young (Allocation Failure) 583M->490M(847M) 74.110ms
[86.107s][info][gc,cpu         ] GC(133) User=0.15s Sys=0.00s Real=0.07s
[87.003s][info][gc,start       ] GC(134) Pause Young (Allocation Failure)
[87.094s][info][gc,heap        ] GC(134) PSYoungGen: 128136K(222720K)->68048K(222720K) Eden: 111616K(111616K)->0K(111616K) From: 16520K(111104K)->68048K(111104K)
[87.094s][info][gc,heap        ] GC(134) ParOldGen: 486218K(645120K)->503286K(645120K)
[87.094s][info][gc,metaspace   ] GC(134) Metaspace: 18038K(18240K)->18038K(18240K) NonClass: 16589K(16704K)->16589K(16704K) Class: 1448K(1536K)->1448K(1536K)
[87.094s][info][gc             ] GC(134) Pause Young (Allocation Failure) 599M->557M(847M) 90.870ms
[87.094s][info][gc,cpu         ] GC(134) User=0.18s Sys=0.00s Real=0.09s
[87.220s][info][gc,start       ] GC(135) Pause Young (Allocation Failure)
[87.389s][info][gc,heap        ] GC(135) PSYoungGen: 179664K(222720K)->110176K(222720K) Eden: 111616K(111616K)->0K(111616K) From: 68048K(111104K)->110176K(111104K)
[87.389s][info][gc,heap        ] GC(135) ParOldGen: 503286K(645120K)->571479K(645120K)
[87.389s][info][gc,metaspace   ] GC(135) Metaspace: 18038K(18240K)->18038K(18240K) NonClass: 16589K(16704K)->16589K(16704K) Class: 1448K(1536K)->1448K(1536K)
[87.389s][info][gc             ] GC(135) Pause Young (Allocation Failure) 666M->665M(847M) 169.119ms
[87.389s][info][gc,cpu         ] GC(135) User=0.34s Sys=0.00s Real=0.17s
[87.515s][info][gc,start       ] GC(136) Pause Full (Allocation Failure)
[87.515s][info][gc,phases,start] GC(136) Marking Phase
[87.962s][info][gc,phases      ] GC(136) Marking Phase 446.562ms
[87.962s][info][gc,phases,start] GC(136) Summary Phase
[87.962s][info][gc,phases      ] GC(136) Summary Phase 0.031ms
[87.962s][info][gc,phases,start] GC(136) Forward
[88.080s][info][gc,phases      ] GC(136) Forward 118.360ms
[88.080s][info][gc,phases,start] GC(136) Adjust Pointers
[88.328s][info][gc,phases      ] GC(136) Adjust Pointers 248.139ms
[88.328s][info][gc,phases,start] GC(136) Compaction Phase
[88.540s][info][gc,phases      ] GC(136) Compaction Phase 211.398ms
[88.540s][info][gc,phases,start] GC(136) Post Compact
[88.542s][info][gc,phases      ] GC(136) Post Compact 2.302ms
[88.542s][info][gc,heap        ] GC(136) PSYoungGen: 221792K(222720K)->21528K(222720K) Eden: 111616K(111616K)->0K(111616K) From: 110176K(111104K)->21528K(111104K)
[88.542s][info][gc,heap        ] GC(136) ParOldGen: 571479K(645120K)->644611K(667648K)
[88.542s][info][gc,metaspace   ] GC(136) Metaspace: 18038K(18240K)->18038K(18240K) NonClass: 16589K(16704K)->16589K(16704K) Class: 1448K(1536K)->1448K(1536K)
[88.542s][info][gc             ] GC(136) Pause Full (Allocation Failure) 774M->650M(869M) 1027.343ms
[88.542s][info][gc,cpu         ] GC(136) User=2.01s Sys=0.00s Real=1.03s
[88.671s][info][gc,start       ] GC(137) Pause Full (Allocation Failure)
[88.671s][info][gc,phases,start] GC(137) Marking Phase
[89.201s][info][gc,phases      ] GC(137) Marking Phase 530.681ms
[89.201s][info][gc,phases,start] GC(137) Summary Phase
[89.201s][info][gc,phases      ] GC(137) Summary Phase 0.028ms
[89.201s][info][gc,phases,start] GC(137) Forward
[89.335s][info][gc,phases      ] GC(137) Forward 133.975ms
[89.336s][info][gc,phases,start] GC(137) Adjust Pointers
[89.623s][info][gc,phases      ] GC(137) Adjust Pointers 287.811ms
[89.623s][info][gc,phases,start] GC(137) Compaction Phase
[89.888s][info][gc,phases      ] GC(137) Compaction Phase 264.245ms
[89.888s][info][gc,phases,start] GC(137) Post Compact
[89.890s][info][gc,phases      ] GC(137) Post Compact 2.236ms
[89.890s][info][gc,heap        ] GC(137) PSYoungGen: 133144K(222720K)->76536K(222720K) Eden: 111616K(111616K)->76536K(111616K) From: 21528K(111104K)->0K(111104K)
[89.890s][info][gc,heap        ] GC(137) ParOldGen: 644611K(667648K)->667421K(667648K)
[89.890s][info][gc,metaspace   ] GC(137) Metaspace: 18038K(18240K)->18038K(18240K) NonClass: 16589K(16704K)->16589K(16704K) Class: 1448K(1536K)->1448K(1536K)
[89.890s][info][gc             ] GC(137) Pause Full (Allocation Failure) 759M->726M(869M) 1219.425ms
[89.890s][info][gc,cpu         ] GC(137) User=2.37s Sys=0.02s Real=1.22s
[89.930s][info][gc,start       ] GC(138) Pause Full (Allocation Failure)
[89.930s][info][gc,phases,start] GC(138) Marking Phase
[90.466s][info][gc,phases      ] GC(138) Marking Phase 536.011ms
[90.466s][info][gc,phases,start] GC(138) Summary Phase
[90.466s][info][gc,phases      ] GC(138) Summary Phase 0.022ms
[90.466s][info][gc,phases,start] GC(138) Forward
[90.486s][info][gc,phases      ] GC(138) Forward 19.594ms
[90.486s][info][gc,phases,start] GC(138) Adjust Pointers
[90.759s][info][gc,phases      ] GC(138) Adjust Pointers 273.587ms
[90.759s][info][gc,phases,start] GC(138) Compaction Phase
[90.893s][info][gc,phases      ] GC(138) Compaction Phase 133.804ms
[90.893s][info][gc,phases,start] GC(138) Post Compact
[90.895s][info][gc,phases      ] GC(138) Post Compact 2.211ms
[90.895s][info][gc,heap        ] GC(138) PSYoungGen: 111616K(222720K)->111113K(222720K) Eden: 111616K(111616K)->111113K(111616K) From: 0K(111104K)->0K(111104K)
[90.895s][info][gc,heap        ] GC(138) ParOldGen: 667421K(667648K)->667421K(667648K)
[90.895s][info][gc,metaspace   ] GC(138) Metaspace: 18038K(18240K)->18038K(18240K) NonClass: 16589K(16704K)->16589K(16704K) Class: 1448K(1536K)->1448K(1536K)
[90.895s][info][gc             ] GC(138) Pause Full (Allocation Failure) 760M->760M(869M) 965.577ms
[90.895s][info][gc,cpu         ] GC(138) User=1.91s Sys=0.00s Real=0.97s
[90.896s][info][gc,start       ] GC(139) Pause Full (Allocation Failure)
[90.896s][info][gc,phases,start] GC(139) Marking Phase
[91.434s][info][gc,phases      ] GC(139) Marking Phase 537.570ms
[91.434s][info][gc,phases,start] GC(139) Summary Phase
[91.434s][info][gc,phases      ] GC(139) Summary Phase 0.022ms
[91.434s][info][gc,phases,start] GC(139) Forward
[91.454s][info][gc,phases      ] GC(139) Forward 19.707ms
[91.454s][info][gc,phases,start] GC(139) Adjust Pointers
[91.726s][info][gc,phases      ] GC(139) Adjust Pointers 271.783ms
[91.726s][info][gc,phases,start] GC(139) Compaction Phase
[91.856s][info][gc,phases      ] GC(139) Compaction Phase 130.085ms
[91.856s][info][gc,phases,start] GC(139) Post Compact
[91.858s][info][gc,phases      ] GC(139) Post Compact 2.224ms
[91.858s][info][gc,heap        ] GC(139) PSYoungGen: 111616K(222720K)->111608K(222720K) Eden: 111616K(111616K)->111608K(111616K) From: 0K(111104K)->0K(111104K)
[91.858s][info][gc,heap        ] GC(139) ParOldGen: 667421K(667648K)->667421K(667648K)
[91.858s][info][gc,metaspace   ] GC(139) Metaspace: 18038K(18240K)->18038K(18240K) NonClass: 16589K(16704K)->16589K(16704K) Class: 1448K(1536K)->1448K(1536K)
[91.858s][info][gc             ] GC(139) Pause Full (Allocation Failure) 760M->760M(869M) 961.704ms
[91.858s][info][gc,cpu         ] GC(139) User=1.89s Sys=0.00s Real=0.96s
[91.858s][info][gc,start       ] GC(140) Pause Full (Allocation Failure)
[91.858s][info][gc,phases,start] GC(140) Marking Phase
[92.389s][info][gc,phases      ] GC(140) Marking Phase 530.743ms
[92.389s][info][gc,phases,start] GC(140) Summary Phase
[92.389s][info][gc,phases      ] GC(140) Summary Phase 0.023ms
[92.389s][info][gc,phases,start] GC(140) Forward
[92.410s][info][gc,phases      ] GC(140) Forward 20.278ms
[92.410s][info][gc,phases,start] GC(140) Adjust Pointers
[92.682s][info][gc,phases      ] GC(140) Adjust Pointers 272.583ms
[92.682s][info][gc,phases,start] GC(140) Compaction Phase
[92.812s][info][gc,phases      ] GC(140) Compaction Phase 129.720ms
[92.812s][info][gc,phases,start] GC(140) Post Compact
[92.814s][info][gc,phases      ] GC(140) Post Compact 2.202ms
[92.814s][info][gc,heap        ] GC(140) PSYoungGen: 111616K(222720K)->111615K(222720K) Eden: 111616K(111616K)->111615K(111616K) From: 0K(111104K)->0K(111104K)
[92.814s][info][gc,heap        ] GC(140) ParOldGen: 667421K(667648K)->667421K(667648K)
[92.814s][info][gc,metaspace   ] GC(140) Metaspace: 18038K(18240K)->18038K(18240K) NonClass: 16589K(16704K)->16589K(16704K) Class: 1448K(1536K)->1448K(1536K)
[92.814s][info][gc             ] GC(140) Pause Full (Allocation Failure) 760M->760M(869M) 955.863ms
[92.814s][info][gc,cpu         ] GC(140) User=1.89s Sys=0.00s Real=0.96s
[92.815s][info][gc,start       ] GC(141) Pause Full (Allocation Failure)
[92.815s][info][gc,phases,start] GC(141) Marking Phase
[93.348s][info][gc,phases      ] GC(141) Marking Phase 533.622ms
[93.348s][info][gc,phases,start] GC(141) Summary Phase
[93.348s][info][gc,phases      ] GC(141) Summary Phase 0.021ms
[93.348s][info][gc,phases,start] GC(141) Forward
[93.371s][info][gc,phases      ] GC(141) Forward 22.287ms
[93.371s][info][gc,phases,start] GC(141) Adjust Pointers
[93.644s][info][gc,phases      ] GC(141) Adjust Pointers 272.818ms
[93.644s][info][gc,phases,start] GC(141) Compaction Phase
[93.773s][info][gc,phases      ] GC(141) Compaction Phase 129.716ms
[93.773s][info][gc,phases,start] GC(141) Post Compact
[93.776s][info][gc,phases      ] GC(141) Post Compact 2.207ms
[93.776s][info][gc,heap        ] GC(141) PSYoungGen: 111615K(222720K)->111615K(222720K) Eden: 111615K(111616K)->111615K(111616K) From: 0K(111104K)->0K(111104K)
[93.776s][info][gc,heap        ] GC(141) ParOldGen: 667421K(667648K)->667421K(667648K)
[93.776s][info][gc,metaspace   ] GC(141) Metaspace: 18038K(18240K)->18038K(18240K) NonClass: 16589K(16704K)->16589K(16704K) Class: 1448K(1536K)->1448K(1536K)
[93.776s][info][gc             ] GC(141) Pause Full (Allocation Failure) 760M->760M(869M) 960.999ms
[93.776s][info][gc,cpu         ] GC(141) User=1.89s Sys=0.00s Real=0.96s
[93.776s][info][gc,start       ] GC(142) Pause Full (Allocation Failure)
[93.776s][info][gc,phases,start] GC(142) Marking Phase
[94.311s][info][gc,phases      ] GC(142) Marking Phase 535.462ms
[94.311s][info][gc,phases,start] GC(142) Summary Phase
[94.311s][info][gc,phases      ] GC(142) Summary Phase 0.022ms
[94.311s][info][gc,phases,start] GC(142) Forward
[94.332s][info][gc,phases      ] GC(142) Forward 20.121ms
[94.332s][info][gc,phases,start] GC(142) Adjust Pointers
[94.601s][info][gc,phases      ] GC(142) Adjust Pointers 269.101ms
[94.601s][info][gc,phases,start] GC(142) Compaction Phase
[94.730s][info][gc,phases      ] GC(142) Compaction Phase 128.806ms
[94.730s][info][gc,phases,start] GC(142) Post Compact
[94.732s][info][gc,phases      ] GC(142) Post Compact 2.244ms
[94.732s][info][gc,heap        ] GC(142) PSYoungGen: 111615K(222720K)->111615K(222720K) Eden: 111615K(111616K)->111615K(111616K) From: 0K(111104K)->0K(111104K)
[94.732s][info][gc,heap        ] GC(142) ParOldGen: 667421K(667648K)->667421K(667648K)
[94.732s][info][gc,metaspace   ] GC(142) Metaspace: 18038K(18240K)->18038K(18240K) NonClass: 16589K(16704K)->16589K(16704K) Class: 1448K(1536K)->1448K(1536K)
[94.732s][info][gc             ] GC(142) Pause Full (Allocation Failure) 760M->760M(869M) 956.090ms
[94.732s][info][gc,cpu         ] GC(142) User=1.88s Sys=0.00s Real=0.96s
[94.732s][info][gc,start       ] GC(143) Pause Full (Allocation Failure)
[94.732s][info][gc,phases,start] GC(143) Marking Phase
[95.267s][info][gc,phases      ] GC(143) Marking Phase 535.086ms
[95.267s][info][gc,phases,start] GC(143) Summary Phase
[95.267s][info][gc,phases      ] GC(143) Summary Phase 0.022ms
[95.267s][info][gc,phases,start] GC(143) Forward
[95.287s][info][gc,phases      ] GC(143) Forward 19.789ms
[95.287s][info][gc,phases,start] GC(143) Adjust Pointers
[95.557s][info][gc,phases      ] GC(143) Adjust Pointers 269.791ms
[95.557s][info][gc,phases,start] GC(143) Compaction Phase
[95.686s][info][gc,phases      ] GC(143) Compaction Phase 128.932ms
[95.686s][info][gc,phases,start] GC(143) Post Compact
[95.688s][info][gc,phases      ] GC(143) Post Compact 2.244ms
[95.688s][info][gc,heap        ] GC(143) PSYoungGen: 111615K(222720K)->111615K(222720K) Eden: 111615K(111616K)->111615K(111616K) From: 0K(111104K)->0K(111104K)
[95.688s][info][gc,heap        ] GC(143) ParOldGen: 667421K(667648K)->667421K(667648K)
[95.688s][info][gc,metaspace   ] GC(143) Metaspace: 18038K(18240K)->18038K(18240K) NonClass: 16589K(16704K)->16589K(16704K) Class: 1448K(1536K)->1448K(1536K)
[95.688s][info][gc             ] GC(143) Pause Full (Allocation Failure) 760M->760M(869M) 956.161ms
[95.688s][info][gc,cpu         ] GC(143) User=1.89s Sys=0.00s Real=0.95s
[95.689s][info][gc,start       ] GC(144) Pause Full (Allocation Failure)
[95.689s][info][gc,phases,start] GC(144) Marking Phase
[96.229s][info][gc,phases      ] GC(144) Marking Phase 540.495ms
[96.229s][info][gc,phases,start] GC(144) Summary Phase
[96.229s][info][gc,phases      ] GC(144) Summary Phase 0.022ms
[96.229s][info][gc,phases,start] GC(144) Forward
[96.253s][info][gc,phases      ] GC(144) Forward 23.760ms
[96.253s][info][gc,phases,start] GC(144) Adjust Pointers
[96.531s][info][gc,phases      ] GC(144) Adjust Pointers 278.254ms
[96.531s][info][gc,phases,start] GC(144) Compaction Phase
[96.662s][info][gc,phases      ] GC(144) Compaction Phase 130.638ms
[96.662s][info][gc,phases,start] GC(144) Post Compact
[96.664s][info][gc,phases      ] GC(144) Post Compact 2.219ms
[96.664s][info][gc,heap        ] GC(144) PSYoungGen: 111615K(222720K)->111615K(222720K) Eden: 111615K(111616K)->111615K(111616K) From: 0K(111104K)->0K(111104K)
[96.664s][info][gc,heap        ] GC(144) ParOldGen: 667421K(667648K)->667421K(667648K)
[96.664s][info][gc,metaspace   ] GC(144) Metaspace: 18038K(18240K)->18038K(18240K) NonClass: 16589K(16704K)->16589K(16704K) Class: 1448K(1536K)->1448K(1536K)
[96.664s][info][gc             ] GC(144) Pause Full (Allocation Failure) 760M->760M(869M) 975.721ms
[96.664s][info][gc,cpu         ] GC(144) User=1.92s Sys=0.00s Real=0.98s
[96.665s][info][gc,start       ] GC(145) Pause Full (Allocation Failure)
[96.665s][info][gc,phases,start] GC(145) Marking Phase
[97.202s][info][gc,phases      ] GC(145) Marking Phase 537.863ms
[97.203s][info][gc,phases,start] GC(145) Summary Phase
[97.203s][info][gc,phases      ] GC(145) Summary Phase 0.024ms
[97.203s][info][gc,phases,start] GC(145) Forward
[97.225s][info][gc,phases      ] GC(145) Forward 22.465ms
[97.225s][info][gc,phases,start] GC(145) Adjust Pointers
[97.496s][info][gc,phases      ] GC(145) Adjust Pointers 270.706ms
[97.496s][info][gc,phases,start] GC(145) Compaction Phase
[97.625s][info][gc,phases      ] GC(145) Compaction Phase 128.993ms
[97.625s][info][gc,phases,start] GC(145) Post Compact
[97.627s][info][gc,phases      ] GC(145) Post Compact 2.279ms
[97.627s][info][gc,heap        ] GC(145) PSYoungGen: 111615K(222720K)->111615K(222720K) Eden: 111615K(111616K)->111615K(111616K) From: 0K(111104K)->0K(111104K)
[97.627s][info][gc,heap        ] GC(145) ParOldGen: 667421K(667648K)->667421K(667648K)
[97.627s][info][gc,metaspace   ] GC(145) Metaspace: 18038K(18240K)->18038K(18240K) NonClass: 16589K(16704K)->16589K(16704K) Class: 1448K(1536K)->1448K(1536K)
[97.627s][info][gc             ] GC(145) Pause Full (Allocation Failure) 760M->760M(869M) 962.715ms
[97.627s][info][gc,cpu         ] GC(145) User=1.90s Sys=0.00s Real=0.96s
[97.627s][info][gc,start       ] GC(146) Pause Full (Allocation Failure)
[97.627s][info][gc,phases,start] GC(146) Marking Phase
[98.161s][info][gc,phases      ] GC(146) Marking Phase 533.290ms
[98.161s][info][gc,phases,start] GC(146) Summary Phase
[98.161s][info][gc,phases      ] GC(146) Summary Phase 0.021ms
[98.161s][info][gc,phases,start] GC(146) Forward
[98.181s][info][gc,phases      ] GC(146) Forward 20.297ms
[98.181s][info][gc,phases,start] GC(146) Adjust Pointers
[98.452s][info][gc,phases      ] GC(146) Adjust Pointers 271.017ms
[98.452s][info][gc,phases,start] GC(146) Compaction Phase
[98.581s][info][gc,phases      ] GC(146) Compaction Phase 128.599ms
[98.581s][info][gc,phases,start] GC(146) Post Compact
[98.583s][info][gc,phases      ] GC(146) Post Compact 2.195ms
[98.583s][info][gc,heap        ] GC(146) PSYoungGen: 111615K(222720K)->111615K(222720K) Eden: 111615K(111616K)->111615K(111616K) From: 0K(111104K)->0K(111104K)
[98.583s][info][gc,heap        ] GC(146) ParOldGen: 667421K(667648K)->667421K(667648K)
[98.583s][info][gc,metaspace   ] GC(146) Metaspace: 18038K(18240K)->18038K(18240K) NonClass: 16589K(16704K)->16589K(16704K) Class: 1448K(1536K)->1448K(1536K)
[98.583s][info][gc             ] GC(146) Pause Full (Allocation Failure) 760M->760M(869M) 955.733ms
[98.583s][info][gc,cpu         ] GC(146) User=1.88s Sys=0.00s Real=0.96s
[98.583s][info][gc,start       ] GC(147) Pause Full (Allocation Failure)
[98.583s][info][gc,phases,start] GC(147) Marking Phase
[99.128s][info][gc,phases      ] GC(147) Marking Phase 544.991ms
[99.128s][info][gc,phases,start] GC(147) Summary Phase
[99.128s][info][gc,phases      ] GC(147) Summary Phase 0.022ms
[99.129s][info][gc,phases,start] GC(147) Forward
[99.149s][info][gc,phases      ] GC(147) Forward 20.824ms
[99.149s][info][gc,phases,start] GC(147) Adjust Pointers
[99.428s][info][gc,phases      ] GC(147) Adjust Pointers 278.186ms
[99.428s][info][gc,phases,start] GC(147) Compaction Phase
[99.562s][info][gc,phases      ] GC(147) Compaction Phase 134.289ms
[99.562s][info][gc,phases,start] GC(147) Post Compact
[99.564s][info][gc,phases      ] GC(147) Post Compact 2.262ms
[99.564s][info][gc,heap        ] GC(147) PSYoungGen: 111615K(222720K)->111615K(222720K) Eden: 111615K(111616K)->111615K(111616K) From: 0K(111104K)->0K(111104K)
[99.564s][info][gc,heap        ] GC(147) ParOldGen: 667421K(667648K)->667421K(667648K)
[99.564s][info][gc,metaspace   ] GC(147) Metaspace: 18038K(18240K)->18038K(18240K) NonClass: 16589K(16704K)->16589K(16704K) Class: 1448K(1536K)->1448K(1536K)
[99.564s][info][gc             ] GC(147) Pause Full (Allocation Failure) 760M->760M(869M) 980.910ms
[99.564s][info][gc,cpu         ] GC(147) User=1.93s Sys=0.00s Real=0.98s
[99.564s][info][gc,start       ] GC(148) Pause Full (Allocation Failure)
[99.564s][info][gc,phases,start] GC(148) Marking Phase
[100.119s][info][gc,phases      ] GC(148) Marking Phase 554.896ms
[100.119s][info][gc,phases,start] GC(148) Summary Phase
[100.119s][info][gc,phases      ] GC(148) Summary Phase 0.025ms
[100.119s][info][gc,phases,start] GC(148) Forward
[100.142s][info][gc,phases      ] GC(148) Forward 22.962ms
[100.142s][info][gc,phases,start] GC(148) Adjust Pointers
[100.421s][info][gc,phases      ] GC(148) Adjust Pointers 278.736ms
[100.421s][info][gc,phases,start] GC(148) Compaction Phase
[100.555s][info][gc,phases      ] GC(148) Compaction Phase 134.066ms
[100.555s][info][gc,phases,start] GC(148) Post Compact
[100.558s][info][gc,phases      ] GC(148) Post Compact 2.239ms
[100.558s][info][gc,heap        ] GC(148) PSYoungGen: 111615K(222720K)->111615K(222720K) Eden: 111615K(111616K)->111615K(111616K) From: 0K(111104K)->0K(111104K)
[100.558s][info][gc,heap        ] GC(148) ParOldGen: 667421K(667648K)->667421K(667648K)
[100.558s][info][gc,metaspace   ] GC(148) Metaspace: 18038K(18240K)->18038K(18240K) NonClass: 16589K(16704K)->16589K(16704K) Class: 1448K(1536K)->1448K(1536K)
[100.558s][info][gc             ] GC(148) Pause Full (Allocation Failure) 760M->760M(869M) 993.271ms
[100.558s][info][gc,cpu         ] GC(148) User=1.96s Sys=0.00s Real=0.99s
[100.558s][info][gc,start       ] GC(149) Pause Full (Allocation Failure)
[100.558s][info][gc,phases,start] GC(149) Marking Phase
[101.115s][info][gc,phases      ] GC(149) Marking Phase 556.823ms
[101.115s][info][gc,phases,start] GC(149) Summary Phase
[101.115s][info][gc,phases      ] GC(149) Summary Phase 0.021ms
[101.115s][info][gc,phases,start] GC(149) Forward
[101.136s][info][gc,phases      ] GC(149) Forward 20.881ms
[101.136s][info][gc,phases,start] GC(149) Adjust Pointers
[101.416s][info][gc,phases      ] GC(149) Adjust Pointers 280.775ms
[101.417s][info][gc,phases,start] GC(149) Compaction Phase
[101.551s][info][gc,phases      ] GC(149) Compaction Phase 134.235ms
[101.551s][info][gc,phases,start] GC(149) Post Compact
[101.553s][info][gc,phases      ] GC(149) Post Compact 2.221ms
[101.553s][info][gc,heap        ] GC(149) PSYoungGen: 111615K(222720K)->111615K(222720K) Eden: 111615K(111616K)->111615K(111616K) From: 0K(111104K)->0K(111104K)
[101.553s][info][gc,heap        ] GC(149) ParOldGen: 667421K(667648K)->667421K(667648K)
[101.553s][info][gc,metaspace   ] GC(149) Metaspace: 18038K(18240K)->18038K(18240K) NonClass: 16589K(16704K)->16589K(16704K) Class: 1448K(1536K)->1448K(1536K)
[101.553s][info][gc             ] GC(149) Pause Full (Allocation Failure) 760M->760M(869M) 995.259ms
[101.553s][info][gc,cpu         ] GC(149) User=1.96s Sys=0.00s Real=1.00s
[101.553s][info][gc,start       ] GC(150) Pause Full (Allocation Failure)
[101.553s][info][gc,phases,start] GC(150) Marking Phase
[102.110s][info][gc,phases      ] GC(150) Marking Phase 556.691ms
[102.110s][info][gc,phases,start] GC(150) Summary Phase
[102.110s][info][gc,phases      ] GC(150) Summary Phase 0.023ms
[102.110s][info][gc,phases,start] GC(150) Forward
[102.131s][info][gc,phases      ] GC(150) Forward 20.908ms
[102.131s][info][gc,phases,start] GC(150) Adjust Pointers
[102.410s][info][gc,phases      ] GC(150) Adjust Pointers 278.861ms
[102.410s][info][gc,phases,start] GC(150) Compaction Phase
[102.544s][info][gc,phases      ] GC(150) Compaction Phase 133.777ms
[102.544s][info][gc,phases,start] GC(150) Post Compact
[102.546s][info][gc,phases      ] GC(150) Post Compact 2.229ms
[102.546s][info][gc,heap        ] GC(150) PSYoungGen: 111615K(222720K)->111615K(222720K) Eden: 111615K(111616K)->111615K(111616K) From: 0K(111104K)->0K(111104K)
[102.546s][info][gc,heap        ] GC(150) ParOldGen: 667421K(667648K)->667421K(667648K)
[102.546s][info][gc,metaspace   ] GC(150) Metaspace: 18038K(18240K)->18038K(18240K) NonClass: 16589K(16704K)->16589K(16704K) Class: 1448K(1536K)->1448K(1536K)
[102.546s][info][gc             ] GC(150) Pause Full (Allocation Failure) 760M->760M(869M) 992.785ms
[102.546s][info][gc,cpu         ] GC(150) User=1.96s Sys=0.00s Real=0.99s
[102.546s][info][gc,start       ] GC(151) Pause Full (Allocation Failure)
[102.546s][info][gc,phases,start] GC(151) Marking Phase
[103.100s][info][gc,phases      ] GC(151) Marking Phase 553.558ms
[103.100s][info][gc,phases,start] GC(151) Summary Phase
[103.100s][info][gc,phases      ] GC(151) Summary Phase 0.022ms
[103.100s][info][gc,phases,start] GC(151) Forward
[103.121s][info][gc,phases      ] GC(151) Forward 20.808ms
[103.121s][info][gc,phases,start] GC(151) Adjust Pointers
[103.399s][info][gc,phases      ] GC(151) Adjust Pointers 278.443ms
[103.399s][info][gc,phases,start] GC(151) Compaction Phase
[103.536s][info][gc,phases      ] GC(151) Compaction Phase 136.848ms
[103.536s][info][gc,phases,start] GC(151) Post Compact
[103.538s][info][gc,phases      ] GC(151) Post Compact 2.277ms
[103.538s][info][gc,heap        ] GC(151) PSYoungGen: 111615K(222720K)->111615K(222720K) Eden: 111615K(111616K)->111615K(111616K) From: 0K(111104K)->0K(111104K)
[103.538s][info][gc,heap        ] GC(151) ParOldGen: 667421K(667648K)->667421K(667648K)
[103.538s][info][gc,metaspace   ] GC(151) Metaspace: 18038K(18240K)->18038K(18240K) NonClass: 16589K(16704K)->16589K(16704K) Class: 1448K(1536K)->1448K(1536K)
[103.538s][info][gc             ] GC(151) Pause Full (Allocation Failure) 760M->760M(869M) 992.279ms
[103.538s][info][gc,cpu         ] GC(151) User=1.96s Sys=0.00s Real=0.99s
[103.538s][info][gc,start       ] GC(152) Pause Full (Allocation Failure)
[103.538s][info][gc,phases,start] GC(152) Marking Phase
[104.096s][info][gc,phases      ] GC(152) Marking Phase 557.174ms
[104.096s][info][gc,phases,start] GC(152) Summary Phase
[104.096s][info][gc,phases      ] GC(152) Summary Phase 0.022ms
[104.096s][info][gc,phases,start] GC(152) Forward
[104.117s][info][gc,phases      ] GC(152) Forward 21.395ms
[104.117s][info][gc,phases,start] GC(152) Adjust Pointers
[104.400s][info][gc,phases      ] GC(152) Adjust Pointers 283.197ms
[104.400s][info][gc,phases,start] GC(152) Compaction Phase
[104.538s][info][gc,phases      ] GC(152) Compaction Phase 137.462ms
[104.538s][info][gc,phases,start] GC(152) Post Compact
[104.540s][info][gc,phases      ] GC(152) Post Compact 2.239ms
[104.540s][info][gc,heap        ] GC(152) PSYoungGen: 111615K(222720K)->111615K(222720K) Eden: 111615K(111616K)->111615K(111616K) From: 0K(111104K)->0K(111104K)
[104.540s][info][gc,heap        ] GC(152) ParOldGen: 667421K(667648K)->667421K(667648K)
[104.540s][info][gc,metaspace   ] GC(152) Metaspace: 18038K(18240K)->18038K(18240K) NonClass: 16589K(16704K)->16589K(16704K) Class: 1448K(1536K)->1448K(1536K)
[104.540s][info][gc             ] GC(152) Pause Full (Allocation Failure) 760M->760M(869M) 1001.800ms
[104.540s][info][gc,cpu         ] GC(152) User=1.97s Sys=0.00s Real=1.00s
[104.540s][info][gc,start       ] GC(153) Pause Full (Allocation Failure)
[104.541s][info][gc,phases,start] GC(153) Marking Phase
[105.107s][info][gc,phases      ] GC(153) Marking Phase 566.585ms
[105.107s][info][gc,phases,start] GC(153) Summary Phase
[105.107s][info][gc,phases      ] GC(153) Summary Phase 0.024ms
[105.107s][info][gc,phases,start] GC(153) Forward
[105.128s][info][gc,phases      ] GC(153) Forward 20.915ms
[105.128s][info][gc,phases,start] GC(153) Adjust Pointers
[105.412s][info][gc,phases      ] GC(153) Adjust Pointers 283.500ms
[105.412s][info][gc,phases,start] GC(153) Compaction Phase
[105.548s][info][gc,phases      ] GC(153) Compaction Phase 135.795ms
[105.548s][info][gc,phases,start] GC(153) Post Compact
[105.550s][info][gc,phases      ] GC(153) Post Compact 2.229ms
[105.550s][info][gc,heap        ] GC(153) PSYoungGen: 111615K(222720K)->111615K(222720K) Eden: 111615K(111616K)->111615K(111616K) From: 0K(111104K)->0K(111104K)
[105.550s][info][gc,heap        ] GC(153) ParOldGen: 667421K(667648K)->667421K(667648K)
[105.550s][info][gc,metaspace   ] GC(153) Metaspace: 18038K(18240K)->18038K(18240K) NonClass: 16589K(16704K)->16589K(16704K) Class: 1448K(1536K)->1448K(1536K)
[105.550s][info][gc             ] GC(153) Pause Full (Allocation Failure) 760M->760M(869M) 1009.427ms
[105.550s][info][gc,cpu         ] GC(153) User=1.99s Sys=0.01s Real=1.01s
[105.550s][info][gc,start       ] GC(154) Pause Full (Allocation Failure)
[105.550s][info][gc,phases,start] GC(154) Marking Phase
[106.117s][info][gc,phases      ] GC(154) Marking Phase 566.495ms
[106.117s][info][gc,phases,start] GC(154) Summary Phase
[106.117s][info][gc,phases      ] GC(154) Summary Phase 0.024ms
[106.117s][info][gc,phases,start] GC(154) Forward
[106.138s][info][gc,phases      ] GC(154) Forward 20.977ms
[106.138s][info][gc,phases,start] GC(154) Adjust Pointers
[106.421s][info][gc,phases      ] GC(154) Adjust Pointers 283.234ms
[106.421s][info][gc,phases,start] GC(154) Compaction Phase
[106.557s][info][gc,phases      ] GC(154) Compaction Phase 135.679ms
[106.557s][info][gc,phases,start] GC(154) Post Compact
[106.559s][info][gc,phases      ] GC(154) Post Compact 2.264ms
[106.559s][info][gc,heap        ] GC(154) PSYoungGen: 111615K(222720K)->111615K(222720K) Eden: 111615K(111616K)->111615K(111616K) From: 0K(111104K)->0K(111104K)
[106.559s][info][gc,heap        ] GC(154) ParOldGen: 667421K(667648K)->667421K(667648K)
[106.559s][info][gc,metaspace   ] GC(154) Metaspace: 18038K(18240K)->18038K(18240K) NonClass: 16589K(16704K)->16589K(16704K) Class: 1448K(1536K)->1448K(1536K)
[106.559s][info][gc             ] GC(154) Pause Full (Allocation Failure) 760M->760M(869M) 1009.015ms
[106.559s][info][gc,cpu         ] GC(154) User=1.99s Sys=0.00s Real=1.01s
[106.559s][info][gc,start       ] GC(155) Pause Full (Allocation Failure)
[106.559s][info][gc,phases,start] GC(155) Marking Phase
[107.123s][info][gc,phases      ] GC(155) Marking Phase 563.692ms
[107.123s][info][gc,phases,start] GC(155) Summary Phase
[107.123s][info][gc,phases      ] GC(155) Summary Phase 0.022ms
[107.123s][info][gc,phases,start] GC(155) Forward
[107.144s][info][gc,phases      ] GC(155) Forward 20.904ms
[107.144s][info][gc,phases,start] GC(155) Adjust Pointers
[107.425s][info][gc,phases      ] GC(155) Adjust Pointers 281.544ms
[107.426s][info][gc,phases,start] GC(155) Compaction Phase
[107.561s][info][gc,phases      ] GC(155) Compaction Phase 135.494ms
[107.561s][info][gc,phases,start] GC(155) Post Compact
[107.563s][info][gc,phases      ] GC(155) Post Compact 2.263ms
[107.563s][info][gc,heap        ] GC(155) PSYoungGen: 111615K(222720K)->111615K(222720K) Eden: 111615K(111616K)->111615K(111616K) From: 0K(111104K)->0K(111104K)
[107.563s][info][gc,heap        ] GC(155) ParOldGen: 667421K(667648K)->667421K(667648K)
[107.563s][info][gc,metaspace   ] GC(155) Metaspace: 18038K(18240K)->18038K(18240K) NonClass: 16589K(16704K)->16589K(16704K) Class: 1448K(1536K)->1448K(1536K)
[107.563s][info][gc             ] GC(155) Pause Full (Allocation Failure) 760M->760M(869M) 1004.276ms
[107.563s][info][gc,cpu         ] GC(155) User=1.98s Sys=0.00s Real=1.01s
[107.564s][info][gc,start       ] GC(156) Pause Full (Allocation Failure)
[107.564s][info][gc,phases,start] GC(156) Marking Phase
[108.125s][info][gc,phases      ] GC(156) Marking Phase 561.514ms
[108.125s][info][gc,phases,start] GC(156) Summary Phase
[108.125s][info][gc,phases      ] GC(156) Summary Phase 0.025ms
[108.125s][info][gc,phases,start] GC(156) Forward
[108.147s][info][gc,phases      ] GC(156) Forward 21.582ms
[108.147s][info][gc,phases,start] GC(156) Adjust Pointers
[108.432s][info][gc,phases      ] GC(156) Adjust Pointers 284.747ms
[108.432s][info][gc,phases,start] GC(156) Compaction Phase
[108.569s][info][gc,phases      ] GC(156) Compaction Phase 136.895ms
[108.569s][info][gc,phases,start] GC(156) Post Compact
[108.571s][info][gc,phases      ] GC(156) Post Compact 2.247ms
[108.571s][info][gc,heap        ] GC(156) PSYoungGen: 111615K(222720K)->111615K(222720K) Eden: 111615K(111616K)->111615K(111616K) From: 0K(111104K)->0K(111104K)
[108.571s][info][gc,heap        ] GC(156) ParOldGen: 667421K(667648K)->667421K(667648K)
[108.571s][info][gc,metaspace   ] GC(156) Metaspace: 18038K(18240K)->18038K(18240K) NonClass: 16589K(16704K)->16589K(16704K) Class: 1448K(1536K)->1448K(1536K)
[108.571s][info][gc             ] GC(156) Pause Full (Allocation Failure) 760M->760M(869M) 1007.382ms
[108.571s][info][gc,cpu         ] GC(156) User=1.99s Sys=0.00s Real=1.00s
[108.571s][info][gc,start       ] GC(157) Pause Full (Allocation Failure)
[108.571s][info][gc,phases,start] GC(157) Marking Phase
[109.147s][info][gc,phases      ] GC(157) Marking Phase 575.867ms
[109.147s][info][gc,phases,start] GC(157) Summary Phase
[109.147s][info][gc,phases      ] GC(157) Summary Phase 0.025ms
[109.147s][info][gc,phases,start] GC(157) Forward
[109.169s][info][gc,phases      ] GC(157) Forward 21.510ms
[109.169s][info][gc,phases,start] GC(157) Adjust Pointers
[109.455s][info][gc,phases      ] GC(157) Adjust Pointers 286.262ms
[109.455s][info][gc,phases,start] GC(157) Compaction Phase
[109.595s][info][gc,phases      ] GC(157) Compaction Phase 140.259ms
[109.595s][info][gc,phases,start] GC(157) Post Compact
[109.598s][info][gc,phases      ] GC(157) Post Compact 2.310ms
[109.598s][info][gc,heap        ] GC(157) PSYoungGen: 111615K(222720K)->111615K(222720K) Eden: 111615K(111616K)->111615K(111616K) From: 0K(111104K)->0K(111104K)
[109.598s][info][gc,heap        ] GC(157) ParOldGen: 667421K(667648K)->667421K(667648K)
[109.598s][info][gc,metaspace   ] GC(157) Metaspace: 18038K(18240K)->18038K(18240K) NonClass: 16589K(16704K)->16589K(16704K) Class: 1448K(1536K)->1448K(1536K)
[109.598s][info][gc             ] GC(157) Pause Full (Allocation Failure) 760M->760M(869M) 1026.604ms
[109.598s][info][gc,cpu         ] GC(157) User=2.02s Sys=0.00s Real=1.03s
[109.598s][info][gc,start       ] GC(158) Pause Full (Allocation Failure)
[109.598s][info][gc,phases,start] GC(158) Marking Phase
[110.168s][info][gc,phases      ] GC(158) Marking Phase 569.708ms
[110.168s][info][gc,phases,start] GC(158) Summary Phase
[110.168s][info][gc,phases      ] GC(158) Summary Phase 0.024ms
[110.168s][info][gc,phases,start] GC(158) Forward
[110.189s][info][gc,phases      ] GC(158) Forward 21.558ms
[110.189s][info][gc,phases,start] GC(158) Adjust Pointers
[110.478s][info][gc,phases      ] GC(158) Adjust Pointers 289.028ms
[110.478s][info][gc,phases,start] GC(158) Compaction Phase
[110.615s][info][gc,phases      ] GC(158) Compaction Phase 136.070ms
[110.615s][info][gc,phases,start] GC(158) Post Compact
[110.617s][info][gc,phases      ] GC(158) Post Compact 2.246ms
[110.617s][info][gc,heap        ] GC(158) PSYoungGen: 111615K(222720K)->111615K(222720K) Eden: 111615K(111616K)->111615K(111616K) From: 0K(111104K)->0K(111104K)
[110.617s][info][gc,heap        ] GC(158) ParOldGen: 667421K(667648K)->667421K(667648K)
[110.617s][info][gc,metaspace   ] GC(158) Metaspace: 18038K(18240K)->18038K(18240K) NonClass: 16589K(16704K)->16589K(16704K) Class: 1448K(1536K)->1448K(1536K)
[110.617s][info][gc             ] GC(158) Pause Full (Allocation Failure) 760M->760M(869M) 1019.018ms
[110.617s][info][gc,cpu         ] GC(158) User=2.00s Sys=0.00s Real=1.02s
[110.617s][info][gc,start       ] GC(159) Pause Full (Allocation Failure)
[110.617s][info][gc,phases,start] GC(159) Marking Phase
[111.183s][info][gc,phases      ] GC(159) Marking Phase 565.550ms
[111.183s][info][gc,phases,start] GC(159) Summary Phase
[111.183s][info][gc,phases      ] GC(159) Summary Phase 0.024ms
[111.183s][info][gc,phases,start] GC(159) Forward
[111.204s][info][gc,phases      ] GC(159) Forward 20.973ms
[111.204s][info][gc,phases,start] GC(159) Adjust Pointers
[111.489s][info][gc,phases      ] GC(159) Adjust Pointers 285.022ms
[111.489s][info][gc,phases,start] GC(159) Compaction Phase
[111.625s][info][gc,phases      ] GC(159) Compaction Phase 135.661ms
[111.625s][info][gc,phases,start] GC(159) Post Compact
[111.627s][info][gc,phases      ] GC(159) Post Compact 2.246ms
[111.627s][info][gc,heap        ] GC(159) PSYoungGen: 111615K(222720K)->111615K(222720K) Eden: 111615K(111616K)->111615K(111616K) From: 0K(111104K)->0K(111104K)
[111.627s][info][gc,heap        ] GC(159) ParOldGen: 667421K(667648K)->667421K(667648K)
[111.627s][info][gc,metaspace   ] GC(159) Metaspace: 18038K(18240K)->18038K(18240K) NonClass: 16589K(16704K)->16589K(16704K) Class: 1448K(1536K)->1448K(1536K)
[111.627s][info][gc             ] GC(159) Pause Full (Allocation Failure) 760M->760M(869M) 1009.851ms
[111.627s][info][gc,cpu         ] GC(159) User=2.00s Sys=0.00s Real=1.01s
[111.627s][info][gc,start       ] GC(160) Pause Full (Allocation Failure)
[111.627s][info][gc,phases,start] GC(160) Marking Phase
[112.178s][info][gc,phases      ] GC(160) Marking Phase 550.722ms
[112.178s][info][gc,phases,start] GC(160) Summary Phase
[112.178s][info][gc,phases      ] GC(160) Summary Phase 0.025ms
[112.178s][info][gc,phases,start] GC(160) Forward
[112.198s][info][gc,phases      ] GC(160) Forward 19.844ms
[112.198s][info][gc,phases,start] GC(160) Adjust Pointers
[112.471s][info][gc,phases      ] GC(160) Adjust Pointers 272.833ms
[112.471s][info][gc,phases,start] GC(160) Compaction Phase
[112.604s][info][gc,phases      ] GC(160) Compaction Phase 133.276ms
[112.604s][info][gc,phases,start] GC(160) Post Compact
[112.606s][info][gc,phases      ] GC(160) Post Compact 2.253ms
[112.606s][info][gc,heap        ] GC(160) PSYoungGen: 111615K(222720K)->111615K(222720K) Eden: 111615K(111616K)->111615K(111616K) From: 0K(111104K)->0K(111104K)
[112.606s][info][gc,heap        ] GC(160) ParOldGen: 667421K(667648K)->667421K(667648K)
[112.606s][info][gc,metaspace   ] GC(160) Metaspace: 18038K(18240K)->18038K(18240K) NonClass: 16589K(16704K)->16589K(16704K) Class: 1448K(1536K)->1448K(1536K)
[112.606s][info][gc             ] GC(160) Pause Full (Allocation Failure) 760M->760M(869M) 979.282ms
[112.606s][info][gc,cpu         ] GC(160) User=1.92s Sys=0.00s Real=0.98s
[112.606s][info][gc,start       ] GC(161) Pause Full (Allocation Failure)
[112.607s][info][gc,phases,start] GC(161) Marking Phase
[113.161s][info][gc,phases      ] GC(161) Marking Phase 554.338ms
[113.161s][info][gc,phases,start] GC(161) Summary Phase
[113.161s][info][gc,phases      ] GC(161) Summary Phase 0.024ms
[113.161s][info][gc,phases,start] GC(161) Forward
[113.181s][info][gc,phases      ] GC(161) Forward 20.114ms
[113.181s][info][gc,phases,start] GC(161) Adjust Pointers
[113.457s][info][gc,phases      ] GC(161) Adjust Pointers 276.338ms
[113.457s][info][gc,phases,start] GC(161) Compaction Phase
[113.587s][info][gc,phases      ] GC(161) Compaction Phase 129.872ms
[113.587s][info][gc,phases,start] GC(161) Post Compact
[113.590s][info][gc,phases      ] GC(161) Post Compact 2.235ms
[113.590s][info][gc,heap        ] GC(161) PSYoungGen: 111615K(222720K)->111615K(222720K) Eden: 111615K(111616K)->111615K(111616K) From: 0K(111104K)->0K(111104K)
[113.590s][info][gc,heap        ] GC(161) ParOldGen: 667421K(667648K)->667421K(667648K)
[113.590s][info][gc,metaspace   ] GC(161) Metaspace: 18038K(18240K)->18038K(18240K) NonClass: 16589K(16704K)->16589K(16704K) Class: 1448K(1536K)->1448K(1536K)
[113.590s][info][gc             ] GC(161) Pause Full (Allocation Failure) 760M->760M(869M) 983.226ms
[113.590s][info][gc,cpu         ] GC(161) User=1.94s Sys=0.00s Real=0.98s
[113.590s][info][gc,start       ] GC(162) Pause Full (Allocation Failure)
[113.590s][info][gc,phases,start] GC(162) Marking Phase
[114.130s][info][gc,phases      ] GC(162) Marking Phase 539.856ms
[114.130s][info][gc,phases,start] GC(162) Summary Phase
[114.130s][info][gc,phases      ] GC(162) Summary Phase 0.022ms
[114.130s][info][gc,phases,start] GC(162) Forward
[114.150s][info][gc,phases      ] GC(162) Forward 20.061ms
[114.150s][info][gc,phases,start] GC(162) Adjust Pointers
[114.423s][info][gc,phases      ] GC(162) Adjust Pointers 272.649ms
[114.423s][info][gc,phases,start] GC(162) Compaction Phase
[114.554s][info][gc,phases      ] GC(162) Compaction Phase 131.488ms
[114.554s][info][gc,phases,start] GC(162) Post Compact
[114.556s][info][gc,phases      ] GC(162) Post Compact 2.201ms
[114.556s][info][gc,heap        ] GC(162) PSYoungGen: 111615K(222720K)->111615K(222720K) Eden: 111615K(111616K)->111615K(111616K) From: 0K(111104K)->0K(111104K)
[114.556s][info][gc,heap        ] GC(162) ParOldGen: 667421K(667648K)->667421K(667648K)
[114.556s][info][gc,metaspace   ] GC(162) Metaspace: 18038K(18240K)->18038K(18240K) NonClass: 16589K(16704K)->16589K(16704K) Class: 1448K(1536K)->1448K(1536K)
[114.556s][info][gc             ] GC(162) Pause Full (Allocation Failure) 760M->760M(869M) 966.570ms
[114.556s][info][gc,cpu         ] GC(162) User=1.91s Sys=0.00s Real=0.97s
[114.557s][info][gc,start       ] GC(163) Pause Full (Allocation Failure)
[114.557s][info][gc,phases,start] GC(163) Marking Phase
[115.096s][info][gc,phases      ] GC(163) Marking Phase 539.814ms
[115.096s][info][gc,phases,start] GC(163) Summary Phase
[115.096s][info][gc,phases      ] GC(163) Summary Phase 0.025ms
[115.096s][info][gc,phases,start] GC(163) Forward
[115.120s][info][gc,phases      ] GC(163) Forward 23.817ms
[115.120s][info][gc,phases,start] GC(163) Adjust Pointers
[115.396s][info][gc,phases      ] GC(163) Adjust Pointers 275.691ms
[115.396s][info][gc,phases,start] GC(163) Compaction Phase
[115.530s][info][gc,phases      ] GC(163) Compaction Phase 134.093ms
[115.530s][info][gc,phases,start] GC(163) Post Compact
[115.533s][info][gc,phases      ] GC(163) Post Compact 2.258ms
[115.533s][info][gc,heap        ] GC(163) PSYoungGen: 111615K(222720K)->111615K(222720K) Eden: 111615K(111616K)->111615K(111616K) From: 0K(111104K)->0K(111104K)
[115.533s][info][gc,heap        ] GC(163) ParOldGen: 667421K(667648K)->667421K(667648K)
[115.533s][info][gc,metaspace   ] GC(163) Metaspace: 18038K(18240K)->18038K(18240K) NonClass: 16589K(16704K)->16589K(16704K) Class: 1448K(1536K)->1448K(1536K)
[115.533s][info][gc             ] GC(163) Pause Full (Allocation Failure) 760M->760M(869M) 976.070ms
[115.533s][info][gc,cpu         ] GC(163) User=1.91s Sys=0.00s Real=0.98s
[115.533s][info][gc,start       ] GC(164) Pause Full (Allocation Failure)
[115.533s][info][gc,phases,start] GC(164) Marking Phase
[116.084s][info][gc,phases      ] GC(164) Marking Phase 551.535ms
[116.084s][info][gc,phases,start] GC(164) Summary Phase
[116.084s][info][gc,phases      ] GC(164) Summary Phase 0.023ms
[116.084s][info][gc,phases,start] GC(164) Forward
[116.106s][info][gc,phases      ] GC(164) Forward 21.402ms
[116.106s][info][gc,phases,start] GC(164) Adjust Pointers
[116.388s][info][gc,phases      ] GC(164) Adjust Pointers 282.076ms
[116.388s][info][gc,phases,start] GC(164) Compaction Phase
[116.524s][info][gc,phases      ] GC(164) Compaction Phase 135.562ms
[116.524s][info][gc,phases,start] GC(164) Post Compact
[116.526s][info][gc,phases      ] GC(164) Post Compact 2.267ms
[116.526s][info][gc,heap        ] GC(164) PSYoungGen: 111615K(222720K)->111615K(222720K) Eden: 111615K(111616K)->111615K(111616K) From: 0K(111104K)->0K(111104K)
[116.526s][info][gc,heap        ] GC(164) ParOldGen: 667421K(667648K)->667421K(667648K)
[116.526s][info][gc,metaspace   ] GC(164) Metaspace: 18038K(18240K)->18038K(18240K) NonClass: 16589K(16704K)->16589K(16704K) Class: 1448K(1536K)->1448K(1536K)
[116.526s][info][gc             ] GC(164) Pause Full (Allocation Failure) 760M->760M(869M) 993.209ms
[116.526s][info][gc,cpu         ] GC(164) User=1.95s Sys=0.00s Real=0.99s
[116.526s][info][gc,start       ] GC(165) Pause Full (Allocation Failure)
[116.526s][info][gc,phases,start] GC(165) Marking Phase
[117.072s][info][gc,phases      ] GC(165) Marking Phase 546.293ms
[117.073s][info][gc,phases,start] GC(165) Summary Phase
[117.073s][info][gc,phases      ] GC(165) Summary Phase 0.024ms
[117.073s][info][gc,phases,start] GC(165) Forward
[117.092s][info][gc,phases      ] GC(165) Forward 19.811ms
[117.092s][info][gc,phases,start] GC(165) Adjust Pointers
[117.366s][info][gc,phases      ] GC(165) Adjust Pointers 273.855ms
[117.366s][info][gc,phases,start] GC(165) Compaction Phase
[117.496s][info][gc,phases      ] GC(165) Compaction Phase 129.375ms
[117.496s][info][gc,phases,start] GC(165) Post Compact
[117.498s][info][gc,phases      ] GC(165) Post Compact 2.198ms
[117.498s][info][gc,heap        ] GC(165) PSYoungGen: 111615K(222720K)->111615K(222720K) Eden: 111615K(111616K)->111615K(111616K) From: 0K(111104K)->0K(111104K)
[117.498s][info][gc,heap        ] GC(165) ParOldGen: 667422K(667648K)->667422K(667648K)
[117.498s][info][gc,metaspace   ] GC(165) Metaspace: 18038K(18240K)->18038K(18240K) NonClass: 16589K(16704K)->16589K(16704K) Class: 1448K(1536K)->1448K(1536K)
[117.498s][info][gc             ] GC(165) Pause Full (Allocation Failure) 760M->760M(869M) 971.907ms
[117.498s][info][gc,cpu         ] GC(165) User=1.92s Sys=0.01s Real=0.97s
[117.498s][info][gc,start       ] GC(166) Pause Full (Allocation Failure)
[117.498s][info][gc,phases,start] GC(166) Marking Phase
[118.037s][info][gc,phases      ] GC(166) Marking Phase 538.714ms
[118.037s][info][gc,phases,start] GC(166) Summary Phase
[118.037s][info][gc,phases      ] GC(166) Summary Phase 0.021ms
[118.037s][info][gc,phases,start] GC(166) Forward
[118.057s][info][gc,phases      ] GC(166) Forward 20.259ms
[118.057s][info][gc,phases,start] GC(166) Adjust Pointers
[118.331s][info][gc,phases      ] GC(166) Adjust Pointers 273.451ms
[118.331s][info][gc,phases,start] GC(166) Compaction Phase
[118.461s][info][gc,phases      ] GC(166) Compaction Phase 130.193ms
[118.461s][info][gc,phases,start] GC(166) Post Compact
[118.463s][info][gc,phases      ] GC(166) Post Compact 2.253ms
[118.463s][info][gc,heap        ] GC(166) PSYoungGen: 111615K(222720K)->111615K(222720K) Eden: 111615K(111616K)->111615K(111616K) From: 0K(111104K)->0K(111104K)
[118.463s][info][gc,heap        ] GC(166) ParOldGen: 667422K(667648K)->667422K(667648K)
[118.463s][info][gc,metaspace   ] GC(166) Metaspace: 18038K(18240K)->18038K(18240K) NonClass: 16589K(16704K)->16589K(16704K) Class: 1448K(1536K)->1448K(1536K)
[118.463s][info][gc             ] GC(166) Pause Full (Allocation Failure) 760M->760M(869M) 965.189ms
[118.463s][info][gc,cpu         ] GC(166) User=1.90s Sys=0.00s Real=0.97s
[118.464s][info][gc,start       ] GC(167) Pause Full (Allocation Failure)
[118.464s][info][gc,phases,start] GC(167) Marking Phase
[119.002s][info][gc,phases      ] GC(167) Marking Phase 538.530ms
[119.002s][info][gc,phases,start] GC(167) Summary Phase
[119.002s][info][gc,phases      ] GC(167) Summary Phase 0.022ms
[119.002s][info][gc,phases,start] GC(167) Forward
[119.023s][info][gc,phases      ] GC(167) Forward 20.646ms
[119.023s][info][gc,phases,start] GC(167) Adjust Pointers
[119.298s][info][gc,phases      ] GC(167) Adjust Pointers 274.951ms
[119.298s][info][gc,phases,start] GC(167) Compaction Phase
[119.428s][info][gc,phases      ] GC(167) Compaction Phase 130.535ms
[119.428s][info][gc,phases,start] GC(167) Post Compact
[119.431s][info][gc,phases      ] GC(167) Post Compact 2.213ms
[119.431s][info][gc,heap        ] GC(167) PSYoungGen: 111615K(222720K)->111615K(222720K) Eden: 111615K(111616K)->111615K(111616K) From: 0K(111104K)->0K(111104K)
[119.431s][info][gc,heap        ] GC(167) ParOldGen: 667422K(667648K)->667422K(667648K)
[119.431s][info][gc,metaspace   ] GC(167) Metaspace: 18038K(18240K)->18038K(18240K) NonClass: 16589K(16704K)->16589K(16704K) Class: 1448K(1536K)->1448K(1536K)
[119.431s][info][gc             ] GC(167) Pause Full (Allocation Failure) 760M->760M(869M) 967.193ms
[119.431s][info][gc,cpu         ] GC(167) User=1.91s Sys=0.00s Real=0.96s
[119.431s][info][gc,start       ] GC(168) Pause Full (Allocation Failure)
[119.431s][info][gc,phases,start] GC(168) Marking Phase
[119.971s][info][gc,phases      ] GC(168) Marking Phase 540.009ms
[119.971s][info][gc,phases,start] GC(168) Summary Phase
[119.971s][info][gc,phases      ] GC(168) Summary Phase 0.023ms
[119.971s][info][gc,phases,start] GC(168) Forward
[119.991s][info][gc,phases      ] GC(168) Forward 20.092ms
[119.991s][info][gc,phases,start] GC(168) Adjust Pointers
[120.266s][info][gc,phases      ] GC(168) Adjust Pointers 274.565ms
[120.266s][info][gc,phases,start] GC(168) Compaction Phase
[120.396s][info][gc,phases      ] GC(168) Compaction Phase 129.917ms
[120.396s][info][gc,phases,start] GC(168) Post Compact
[120.398s][info][gc,phases      ] GC(168) Post Compact 2.221ms
[120.398s][info][gc,heap        ] GC(168) PSYoungGen: 111615K(222720K)->111615K(222720K) Eden: 111615K(111616K)->111615K(111616K) From: 0K(111104K)->0K(111104K)
[120.398s][info][gc,heap        ] GC(168) ParOldGen: 667422K(667648K)->667422K(667648K)
[120.398s][info][gc,metaspace   ] GC(168) Metaspace: 18038K(18240K)->18038K(18240K) NonClass: 16589K(16704K)->16589K(16704K) Class: 1448K(1536K)->1448K(1536K)
[120.398s][info][gc             ] GC(168) Pause Full (Allocation Failure) 760M->760M(869M) 967.189ms
[120.398s][info][gc,cpu         ] GC(168) User=1.91s Sys=0.00s Real=0.97s
[120.398s][info][gc,start       ] GC(169) Pause Full (Allocation Failure)
[120.398s][info][gc,phases,start] GC(169) Marking Phase
[120.942s][info][gc,phases      ] GC(169) Marking Phase 544.299ms
[120.942s][info][gc,phases,start] GC(169) Summary Phase
[120.943s][info][gc,phases      ] GC(169) Summary Phase 0.021ms
[120.943s][info][gc,phases,start] GC(169) Forward
[120.963s][info][gc,phases      ] GC(169) Forward 20.046ms
[120.963s][info][gc,phases,start] GC(169) Adjust Pointers
[121.236s][info][gc,phases      ] GC(169) Adjust Pointers 272.894ms
[121.236s][info][gc,phases,start] GC(169) Compaction Phase
[121.365s][info][gc,phases      ] GC(169) Compaction Phase 129.866ms
[121.366s][info][gc,phases,start] GC(169) Post Compact
[121.368s][info][gc,phases      ] GC(169) Post Compact 2.209ms
[121.368s][info][gc,heap        ] GC(169) PSYoungGen: 111615K(222720K)->111615K(222720K) Eden: 111615K(111616K)->111615K(111616K) From: 0K(111104K)->0K(111104K)
[121.368s][info][gc,heap        ] GC(169) ParOldGen: 667422K(667648K)->667422K(667648K)
[121.368s][info][gc,metaspace   ] GC(169) Metaspace: 18038K(18240K)->18038K(18240K) NonClass: 16589K(16704K)->16589K(16704K) Class: 1448K(1536K)->1448K(1536K)
[121.368s][info][gc             ] GC(169) Pause Full (Allocation Failure) 760M->760M(869M) 969.685ms
[121.368s][info][gc,cpu         ] GC(169) User=1.91s Sys=0.00s Real=0.97s
[121.368s][info][gc,start       ] GC(170) Pause Full (Allocation Failure)
[121.368s][info][gc,phases,start] GC(170) Marking Phase
[121.902s][info][gc,phases      ] GC(170) Marking Phase 533.851ms
[121.902s][info][gc,phases,start] GC(170) Summary Phase
[121.902s][info][gc,phases      ] GC(170) Summary Phase 0.022ms
[121.902s][info][gc,phases,start] GC(170) Forward
[121.922s][info][gc,phases      ] GC(170) Forward 20.385ms
[121.922s][info][gc,phases,start] GC(170) Adjust Pointers
[122.194s][info][gc,phases      ] GC(170) Adjust Pointers 271.373ms
[122.194s][info][gc,phases,start] GC(170) Compaction Phase
[122.324s][info][gc,phases      ] GC(170) Compaction Phase 129.924ms
[122.324s][info][gc,phases,start] GC(170) Post Compact
[122.326s][info][gc,phases      ] GC(170) Post Compact 2.224ms
[122.326s][info][gc,heap        ] GC(170) PSYoungGen: 111615K(222720K)->111615K(222720K) Eden: 111615K(111616K)->111615K(111616K) From: 0K(111104K)->0K(111104K)
[122.326s][info][gc,heap        ] GC(170) ParOldGen: 667422K(667648K)->667422K(667648K)
[122.326s][info][gc,metaspace   ] GC(170) Metaspace: 18038K(18240K)->18038K(18240K) NonClass: 16589K(16704K)->16589K(16704K) Class: 1448K(1536K)->1448K(1536K)
[122.326s][info][gc             ] GC(170) Pause Full (Allocation Failure) 760M->760M(869M) 958.088ms
[122.326s][info][gc,cpu         ] GC(170) User=1.89s Sys=0.00s Real=0.96s
[122.326s][info][gc,start       ] GC(171) Pause Full (Allocation Failure)
[122.326s][info][gc,phases,start] GC(171) Marking Phase
[122.865s][info][gc,phases      ] GC(171) Marking Phase 538.791ms
[122.865s][info][gc,phases,start] GC(171) Summary Phase
[122.865s][info][gc,phases      ] GC(171) Summary Phase 0.023ms
[122.865s][info][gc,phases,start] GC(171) Forward
[122.947s][info][gc,phases      ] GC(171) Forward 81.286ms
[122.947s][info][gc,phases,start] GC(171) Adjust Pointers
[123.237s][info][gc,phases      ] GC(171) Adjust Pointers 290.086ms
[123.237s][info][gc,phases,start] GC(171) Compaction Phase
[123.458s][info][gc,phases      ] GC(171) Compaction Phase 221.524ms
[123.458s][info][gc,phases,start] GC(171) Post Compact
[123.461s][info][gc,phases      ] GC(171) Post Compact 2.267ms
[123.461s][info][gc,heap        ] GC(171) PSYoungGen: 111615K(222720K)->111103K(222720K) Eden: 111615K(111616K)->111103K(111616K) From: 0K(111104K)->0K(111104K)
[123.461s][info][gc,heap        ] GC(171) ParOldGen: 667422K(667648K)->667521K(667648K)
[123.461s][info][gc,metaspace   ] GC(171) Metaspace: 18038K(18240K)->18038K(18240K) NonClass: 16589K(16704K)->16589K(16704K) Class: 1448K(1536K)->1448K(1536K)
[123.461s][info][gc             ] GC(171) Pause Full (Allocation Failure) 760M->760M(869M) 1134.407ms
[123.461s][info][gc,cpu         ] GC(171) User=2.23s Sys=0.00s Real=1.13s
[123.462s][info][gc,start       ] GC(172) Pause Full (Allocation Failure)
[123.462s][info][gc,phases,start] GC(172) Marking Phase
[123.686s][info][gc,phases      ] GC(172) Marking Phase 223.315ms
[123.686s][info][gc,phases,start] GC(172) Summary Phase
[123.686s][info][gc,phases      ] GC(172) Summary Phase 0.023ms
[123.686s][info][gc,phases,start] GC(172) Forward
[123.686s][info][gc,phases      ] GC(172) Forward 0.594ms
[123.686s][info][gc,phases,start] GC(172) Adjust Pointers
[123.799s][info][gc,phases      ] GC(172) Adjust Pointers 112.312ms
[123.799s][info][gc,phases,start] GC(172) Compaction Phase
[123.858s][info][gc,phases      ] GC(172) Compaction Phase 59.641ms
[123.858s][info][gc,phases,start] GC(172) Post Compact
[123.860s][info][metaspace      ] ChkMgr @0x00007ff13c03aa80 (non-class-space): : reclaiming memory...
[123.860s][info][metaspace      ] ChkMgr @0x00007ff13c03aa80 (non-class-space): nothing reclaimed.
[123.860s][info][metaspace      ] ChkMgr @0x00007ff13c03a890 (class-space): : reclaiming memory...
[123.860s][info][metaspace      ] ChkMgr @0x00007ff13c03a890 (class-space): nothing reclaimed.
[123.861s][info][gc,phases      ] GC(172) Post Compact 2.167ms
[123.866s][info][gc,heap        ] GC(172) PSYoungGen: 111616K(222720K)->0K(222720K) Eden: 111616K(111616K)->0K(111616K) From: 0K(111104K)->0K(111104K)
[123.866s][info][gc,heap        ] GC(172) ParOldGen: 667521K(667648K)->380929K(583168K)
[123.866s][info][gc,metaspace   ] GC(172) Metaspace: 18051K(18304K)->18048K(18304K) NonClass: 16600K(16768K)->16596K(16768K) Class: 1451K(1536K)->1451K(1536K)
[123.866s][info][gc             ] GC(172) Pause Full (Allocation Failure) 760M->372M(787M) 404.206ms
[123.866s][info][gc,cpu         ] GC(172) User=0.78s Sys=0.01s Real=0.40s
[123.870s][info][gc,heap,exit   ] Heap
[123.870s][info][gc,heap,exit   ]  PSYoungGen      total 222720K, used 3789K [0x00000000eba00000, 0x0000000100000000, 0x0000000100000000)
[123.870s][info][gc,heap,exit   ]   eden space 111616K, 3% used [0x00000000eba00000,0x00000000ebdb3640,0x00000000f2700000)
[123.870s][info][gc,heap,exit   ]   from space 111104K, 0% used [0x00000000f2700000,0x00000000f2700000,0x00000000f9380000)
[123.870s][info][gc,heap,exit   ]   to   space 111104K, 0% used [0x00000000f9380000,0x00000000f9380000,0x0000000100000000)
[123.870s][info][gc,heap,exit   ]  ParOldGen       total 583168K, used 380929K [0x00000000c2e00000, 0x00000000e6780000, 0x00000000eba00000)
[123.870s][info][gc,heap,exit   ]   object space 583168K, 65% used [0x00000000c2e00000,0x00000000da200668,0x00000000e6780000)
[123.870s][info][gc,heap,exit   ]  Metaspace       used 18056K, committed 18304K, reserved 1114112K
[123.870s][info][gc,heap,exit   ]   class space    used 1451K, committed 1536K, reserved 1048576K
