[0.002s][info][metaspace]  - commit_granule_bytes: 65536.
[0.002s][info][metaspace]  - commit_granule_words: 8192.
[0.002s][info][metaspace]  - virtual_space_node_default_size: 8388608.
[0.002s][info][metaspace]  - enlarge_chunks_in_place: 1.
[0.004s][info][gc,init  ] CardTable entry size: 512
[0.004s][info][gc       ] Using Parallel
[0.005s][info][gc,init  ] Version: 24-internal-adhoc.root.jdk (release)
[0.005s][info][gc,init  ] CPUs: 2 total, 2 available
[0.005s][info][gc,init  ] Memory: 3908M
[0.005s][info][gc,init  ] Large Page Support: Disabled
[0.005s][info][gc,init  ] NUMA Support: Disabled
[0.005s][info][gc,init  ] Compressed Oops: Enabled (32-bit)
[0.005s][info][gc,init  ] Alignments: Space 512K, Generation 512K, Heap 2M
[0.005s][info][gc,init  ] Heap Min Capacity: 256M
[0.005s][info][gc,init  ] Heap Initial Capacity: 256M
[0.005s][info][gc,init  ] Heap Max Capacity: 978M
[0.005s][info][gc,init  ] Pre-touch: Disabled
[0.005s][info][gc,init  ] Parallel Workers: 2
[0.018s][info][gc,metaspace] CDS archive(s) mapped at: [0x00007efbc6000000-0x00007efbc6dc0000-0x00007efbc6dc0000), size 14417920, SharedBaseAddress: 0x00007efbc6000000, ArchiveRelocationMode: 1.
[0.018s][info][gc,metaspace] Compressed class space mapped at: 0x00007efbc7000000-0x00007efc07000000, reserved size: 1073741824
[0.018s][info][gc,metaspace] UseCompressedClassPointers 1, UseCompactObjectHeaders 0
[0.018s][info][gc,metaspace] Narrow klass pointer bits 32, Max shift 3
[0.018s][info][gc,metaspace] Narrow klass base: 0x00007efbc6000000, Narrow klass shift: 0
[0.018s][info][gc,metaspace] Encoding Range: [0x00007efbc6000000 - 0x00007efcc6000000), (4294967296 bytes)
[0.018s][info][gc,metaspace] Klass Range:    [0x00007efbc6000000 - 0x00007efc07000000), (1090519040 bytes)
[0.018s][info][gc,metaspace] Klass ID Range:  [8 - 1090519033) (1090519025)
[1.845s][info][gc,start    ] GC(0) Pause Young (Allocation Failure)
[1.899s][info][gc,heap     ] GC(0) PSYoungGen: 65536K(76288K)->10721K(76288K) Eden: 65536K(65536K)->0K(65536K) From: 0K(10752K)->10721K(10752K)
[1.899s][info][gc,heap     ] GC(0) ParOldGen: 1157K(175104K)->36681K(175104K)
[1.899s][info][gc,metaspace] GC(0) Metaspace: 6943K(7168K)->6943K(7168K) NonClass: 6367K(6464K)->6367K(6464K) Class: 575K(704K)->575K(704K)
[1.899s][info][gc          ] GC(0) Pause Young (Allocation Failure) 65M->46M(245M) 54.751ms
[1.899s][info][gc,cpu      ] GC(0) User=0.08s Sys=0.03s Real=0.05s
[2.204s][info][gc,start    ] GC(1) Pause Young (Allocation Failure)
[2.274s][info][gc,heap     ] GC(1) PSYoungGen: 76257K(76288K)->10741K(141824K) Eden: 65536K(65536K)->0K(131072K) From: 10721K(10752K)->10741K(10752K)
[2.274s][info][gc,heap     ] GC(1) ParOldGen: 36681K(175104K)->78170K(175104K)
[2.274s][info][gc,metaspace] GC(1) Metaspace: 9068K(9280K)->9068K(9280K) NonClass: 8277K(8384K)->8277K(8384K) Class: 790K(896K)->790K(896K)
[2.274s][info][gc          ] GC(1) Pause Young (Allocation Failure) 110M->86M(309M) 70.935ms
[2.274s][info][gc,cpu      ] GC(1) User=0.10s Sys=0.04s Real=0.07s
[2.521s][info][gc,start    ] GC(2) Pause Young (Allocation Failure)
[2.656s][info][gc,heap     ] GC(2) PSYoungGen: 141813K(141824K)->10736K(141824K) Eden: 131072K(131072K)->0K(131072K) From: 10741K(10752K)->10736K(10752K)
[2.656s][info][gc,heap     ] GC(2) ParOldGen: 78170K(175104K)->173676K(175104K)
[2.656s][info][gc,metaspace] GC(2) Metaspace: 9084K(9280K)->9084K(9280K) NonClass: 8291K(8384K)->8291K(8384K) Class: 793K(896K)->793K(896K)
[2.656s][info][gc          ] GC(2) Pause Young (Allocation Failure) 214M->180M(309M) 134.765ms
[2.656s][info][gc,cpu      ] GC(2) User=0.20s Sys=0.08s Real=0.13s
[2.793s][info][gc,start    ] GC(3) Pause Young (Allocation Failure)
[2.950s][info][gc,heap     ] GC(3) PSYoungGen: 141808K(141824K)->10737K(272896K) Eden: 131072K(131072K)->0K(262144K) From: 10736K(10752K)->10737K(10752K)
[2.950s][info][gc,heap     ] GC(3) ParOldGen: 173676K(175104K)->263772K(264192K)
[2.950s][info][gc,metaspace] GC(3) Metaspace: 9086K(9280K)->9086K(9280K) NonClass: 8292K(8384K)->8292K(8384K) Class: 793K(896K)->793K(896K)
[2.950s][info][gc          ] GC(3) Pause Young (Allocation Failure) 308M->268M(524M) 157.568ms
[2.950s][info][gc,cpu      ] GC(3) User=0.23s Sys=0.08s Real=0.16s
[4.008s][info][gc,start    ] GC(4) Pause Young (Allocation Failure)
[4.224s][info][gc,heap     ] GC(4) PSYoungGen: 272881K(272896K)->10739K(272896K) Eden: 262144K(262144K)->0K(262144K) From: 10737K(10752K)->10739K(10752K)
[4.224s][info][gc,heap     ] GC(4) ParOldGen: 263772K(264192K)->371635K(372224K)
[4.224s][info][gc,metaspace] GC(4) Metaspace: 12242K(12416K)->12242K(12416K) NonClass: 11234K(11328K)->11234K(11328K) Class: 1008K(1088K)->1008K(1088K)
[4.224s][info][gc          ] GC(4) Pause Young (Allocation Failure) 524M->373M(630M) 216.136ms
[4.224s][info][gc,cpu      ] GC(4) User=0.34s Sys=0.08s Real=0.22s
[5.659s][info][gc,start    ] GC(5) Pause Young (Allocation Failure)
[5.838s][info][gc,heap     ] GC(5) PSYoungGen: 272883K(272896K)->60923K(172544K) Eden: 262144K(262144K)->0K(111616K) From: 10739K(10752K)->60923K(60928K)
[5.838s][info][gc,heap     ] GC(5) ParOldGen: 371635K(372224K)->438160K(438272K)
[5.838s][info][gc,metaspace] GC(5) Metaspace: 15454K(15744K)->15454K(15744K) NonClass: 14223K(14400K)->14223K(14400K) Class: 1230K(1344K)->1230K(1344K)
[5.838s][info][gc          ] GC(5) Pause Young (Allocation Failure) 629M->487M(596M) 179.166ms
[5.838s][info][gc,cpu      ] GC(5) User=0.27s Sys=0.08s Real=0.18s
[6.142s][info][gc,start    ] GC(6) Pause Young (Allocation Failure)
[6.297s][info][gc,heap     ] GC(6) PSYoungGen: 172539K(172544K)->79334K(222720K) Eden: 111616K(111616K)->0K(111616K) From: 60923K(60928K)->79334K(111104K)
[6.297s][info][gc,heap     ] GC(6) ParOldGen: 438160K(438272K)->440814K(440832K)
[6.297s][info][gc,metaspace] GC(6) Metaspace: 15480K(15744K)->15480K(15744K) NonClass: 14249K(14400K)->14249K(14400K) Class: 1231K(1344K)->1231K(1344K)
[6.297s][info][gc          ] GC(6) Pause Young (Allocation Failure) 596M->507M(648M) 154.447ms
[6.297s][info][gc,cpu      ] GC(6) User=0.30s Sys=0.00s Real=0.15s
[9.517s][info][gc,start    ] GC(7) Pause Young (Allocation Failure)
[9.596s][info][gc,heap     ] GC(7) PSYoungGen: 190950K(222720K)->111077K(222720K) Eden: 111616K(111616K)->0K(111616K) From: 79334K(111104K)->111077K(111104K)
[9.596s][info][gc,heap     ] GC(7) ParOldGen: 440814K(440832K)->480727K(480768K)
[9.596s][info][gc,metaspace] GC(7) Metaspace: 16493K(16768K)->16493K(16768K) NonClass: 15181K(15360K)->15181K(15360K) Class: 1311K(1408K)->1311K(1408K)
[9.596s][info][gc          ] GC(7) Pause Young (Allocation Failure) 616M->577M(687M) 79.681ms
[9.596s][info][gc,cpu      ] GC(7) User=0.12s Sys=0.04s Real=0.08s
[14.345s][info][gc,start    ] GC(8) Pause Young (Allocation Failure)
[14.426s][info][gc,heap     ] GC(8) PSYoungGen: 222693K(222720K)->95934K(222720K) Eden: 111616K(111616K)->0K(111616K) From: 111077K(111104K)->95934K(111104K)
[14.426s][info][gc,heap     ] GC(8) ParOldGen: 480727K(480768K)->532033K(532480K)
[14.426s][info][gc,metaspace] GC(8) Metaspace: 16762K(17024K)->16762K(17024K) NonClass: 15429K(15616K)->15429K(15616K) Class: 1333K(1408K)->1333K(1408K)
[14.426s][info][gc          ] GC(8) Pause Young (Allocation Failure) 686M->613M(737M) 81.273ms
[14.426s][info][gc,cpu      ] GC(8) User=0.12s Sys=0.04s Real=0.08s
[14.717s][info][gc,start    ] GC(9) Pause Young (Allocation Failure)
[14.901s][info][gc,heap     ] GC(9) PSYoungGen: 207550K(222720K)->111075K(222720K) Eden: 111616K(111616K)->0K(111616K) From: 95934K(111104K)->111075K(111104K)
[14.901s][info][gc,heap     ] GC(9) ParOldGen: 532033K(532480K)->623020K(623104K)
[14.901s][info][gc,metaspace] GC(9) Metaspace: 16763K(17024K)->16763K(17024K) NonClass: 15429K(15616K)->15429K(15616K) Class: 1333K(1408K)->1333K(1408K)
[14.901s][info][gc          ] GC(9) Pause Young (Allocation Failure) 722M->716M(826M) 183.872ms
[14.901s][info][gc,cpu      ] GC(9) User=0.29s Sys=0.08s Real=0.19s
[15.397s][info][gc,start    ] GC(10) Pause Full (Allocation Failure)
[15.397s][info][gc,phases,start] GC(10) Marking Phase
[15.689s][info][gc,phases      ] GC(10) Marking Phase 291.297ms
[15.689s][info][gc,phases,start] GC(10) Summary Phase
[15.689s][info][gc,phases      ] GC(10) Summary Phase 0.046ms
[15.689s][info][gc,phases,start] GC(10) Forward
[15.778s][info][gc,phases      ] GC(10) Forward 89.411ms
[15.778s][info][gc,phases,start] GC(10) Adjust Pointers
[15.953s][info][gc,phases      ] GC(10) Adjust Pointers 174.515ms
[15.953s][info][gc,phases,start] GC(10) Compaction Phase
[16.100s][info][gc,phases      ] GC(10) Compaction Phase 147.478ms
[16.101s][info][gc,phases,start] GC(10) Post Compact
[16.106s][info][gc,phases      ] GC(10) Post Compact 4.905ms
[16.106s][info][gc,heap        ] GC(10) PSYoungGen: 222691K(222720K)->78208K(222720K) Eden: 111616K(111616K)->0K(111616K) From: 111075K(111104K)->78208K(111104K)
[16.106s][info][gc,heap        ] GC(10) ParOldGen: 623020K(623104K)->623047K(667648K)
[16.106s][info][gc,metaspace   ] GC(10) Metaspace: 16921K(17152K)->16921K(17152K) NonClass: 15585K(15744K)->15585K(15744K) Class: 1336K(1408K)->1336K(1408K)
[16.106s][info][gc             ] GC(10) Pause Full (Allocation Failure) 825M->684M(869M) 708.622ms
[16.106s][info][gc,cpu         ] GC(10) User=1.33s Sys=0.04s Real=0.71s
[16.376s][info][gc,start       ] GC(11) Pause Full (Allocation Failure)
[16.376s][info][gc,phases,start] GC(11) Marking Phase
[16.691s][info][gc,phases      ] GC(11) Marking Phase 314.398ms
[16.691s][info][gc,phases,start] GC(11) Summary Phase
[16.691s][info][gc,phases      ] GC(11) Summary Phase 0.026ms
[16.691s][info][gc,phases,start] GC(11) Forward
[16.771s][info][gc,phases      ] GC(11) Forward 80.341ms
[16.771s][info][gc,phases,start] GC(11) Adjust Pointers
[16.951s][info][gc,phases      ] GC(11) Adjust Pointers 179.543ms
[16.951s][info][gc,phases,start] GC(11) Compaction Phase
[17.085s][info][gc,phases      ] GC(11) Compaction Phase 133.969ms
[17.085s][info][gc,phases,start] GC(11) Post Compact
[17.088s][info][gc,phases      ] GC(11) Post Compact 2.530ms
[17.088s][info][gc,heap        ] GC(11) PSYoungGen: 189824K(222720K)->57216K(222720K) Eden: 111616K(111616K)->0K(111616K) From: 78208K(111104K)->57216K(111104K)
[17.088s][info][gc,heap        ] GC(11) ParOldGen: 623047K(667648K)->667528K(667648K)
[17.088s][info][gc,metaspace   ] GC(11) Metaspace: 16921K(17152K)->16921K(17152K) NonClass: 15585K(15744K)->15585K(15744K) Class: 1336K(1408K)->1336K(1408K)
[17.088s][info][gc             ] GC(11) Pause Full (Allocation Failure) 793M->707M(869M) 711.626ms
[17.088s][info][gc,cpu         ] GC(11) User=1.35s Sys=0.03s Real=0.71s
[17.337s][info][gc,start       ] GC(12) Pause Full (Allocation Failure)
[17.337s][info][gc,phases,start] GC(12) Marking Phase
[17.639s][info][gc,phases      ] GC(12) Marking Phase 301.902ms
[17.639s][info][gc,phases,start] GC(12) Summary Phase
[17.639s][info][gc,phases      ] GC(12) Summary Phase 0.024ms
[17.639s][info][gc,phases,start] GC(12) Forward
[17.666s][info][gc,phases      ] GC(12) Forward 26.459ms
[17.666s][info][gc,phases,start] GC(12) Adjust Pointers
[17.834s][info][gc,phases      ] GC(12) Adjust Pointers 167.872ms
[17.834s][info][gc,phases,start] GC(12) Compaction Phase
[17.932s][info][gc,phases      ] GC(12) Compaction Phase 98.312ms
[17.932s][info][gc,phases,start] GC(12) Post Compact
[17.935s][info][gc,phases      ] GC(12) Post Compact 2.372ms
[17.935s][info][gc,heap        ] GC(12) PSYoungGen: 168832K(222720K)->80865K(222720K) Eden: 111616K(111616K)->80865K(111616K) From: 57216K(111104K)->0K(111104K)
[17.935s][info][gc,heap        ] GC(12) ParOldGen: 667528K(667648K)->667562K(667648K)
[17.935s][info][gc,metaspace   ] GC(12) Metaspace: 16921K(17152K)->16921K(17152K) NonClass: 15585K(15744K)->15585K(15744K) Class: 1336K(1408K)->1336K(1408K)
[17.935s][info][gc             ] GC(12) Pause Full (Allocation Failure) 816M->730M(869M) 597.375ms
[17.935s][info][gc,cpu         ] GC(12) User=1.16s Sys=0.01s Real=0.60s
[17.989s][info][gc,start       ] GC(13) Pause Full (Allocation Failure)
[17.989s][info][gc,phases,start] GC(13) Marking Phase
[18.291s][info][gc,phases      ] GC(13) Marking Phase 301.744ms
[18.291s][info][gc,phases,start] GC(13) Summary Phase
[18.291s][info][gc,phases      ] GC(13) Summary Phase 0.022ms
[18.291s][info][gc,phases,start] GC(13) Forward
[18.311s][info][gc,phases      ] GC(13) Forward 19.799ms
[18.311s][info][gc,phases,start] GC(13) Adjust Pointers
[18.476s][info][gc,phases      ] GC(13) Adjust Pointers 165.261ms
[18.476s][info][gc,phases,start] GC(13) Compaction Phase
[18.566s][info][gc,phases      ] GC(13) Compaction Phase 89.551ms
[18.566s][info][gc,phases,start] GC(13) Post Compact
[18.568s][info][gc,phases      ] GC(13) Post Compact 2.215ms
[18.568s][info][gc,heap        ] GC(13) PSYoungGen: 111616K(222720K)->87475K(222720K) Eden: 111616K(111616K)->87475K(111616K) From: 0K(111104K)->0K(111104K)
[18.568s][info][gc,heap        ] GC(13) ParOldGen: 667562K(667648K)->667562K(667648K)
[18.568s][info][gc,metaspace   ] GC(13) Metaspace: 16921K(17152K)->16921K(17152K) NonClass: 15585K(15744K)->15585K(15744K) Class: 1336K(1408K)->1336K(1408K)
[18.568s][info][gc             ] GC(13) Pause Full (Allocation Failure) 760M->737M(869M) 579.013ms
[18.568s][info][gc,cpu         ] GC(13) User=1.13s Sys=0.00s Real=0.58s
[18.607s][info][gc,start       ] GC(14) Pause Full (Allocation Failure)
[18.607s][info][gc,phases,start] GC(14) Marking Phase
[18.910s][info][gc,phases      ] GC(14) Marking Phase 302.586ms
[18.910s][info][gc,phases,start] GC(14) Summary Phase
[18.910s][info][gc,phases      ] GC(14) Summary Phase 0.022ms
[18.910s][info][gc,phases,start] GC(14) Forward
[18.929s][info][gc,phases      ] GC(14) Forward 19.596ms
[18.929s][info][gc,phases,start] GC(14) Adjust Pointers
[19.093s][info][gc,phases      ] GC(14) Adjust Pointers 163.732ms
[19.093s][info][gc,phases,start] GC(14) Compaction Phase
[19.177s][info][gc,phases      ] GC(14) Compaction Phase 83.588ms
[19.177s][info][gc,phases,start] GC(14) Post Compact
[19.179s][info][gc,phases      ] GC(14) Post Compact 2.242ms
[19.179s][info][gc,heap        ] GC(14) PSYoungGen: 111616K(222720K)->92679K(222720K) Eden: 111616K(111616K)->92679K(111616K) From: 0K(111104K)->0K(111104K)
[19.179s][info][gc,heap        ] GC(14) ParOldGen: 667562K(667648K)->667562K(667648K)
[19.179s][info][gc,metaspace   ] GC(14) Metaspace: 16921K(17152K)->16921K(17152K) NonClass: 15585K(15744K)->15585K(15744K) Class: 1336K(1408K)->1336K(1408K)
[19.179s][info][gc             ] GC(14) Pause Full (Allocation Failure) 760M->742M(869M) 572.119ms
[19.179s][info][gc,cpu         ] GC(14) User=1.12s Sys=0.00s Real=0.57s
[19.207s][info][gc,start       ] GC(15) Pause Full (Allocation Failure)
[19.207s][info][gc,phases,start] GC(15) Marking Phase
[19.513s][info][gc,phases      ] GC(15) Marking Phase 306.419ms
[19.513s][info][gc,phases,start] GC(15) Summary Phase
[19.513s][info][gc,phases      ] GC(15) Summary Phase 0.021ms
[19.513s][info][gc,phases,start] GC(15) Forward
[19.532s][info][gc,phases      ] GC(15) Forward 18.979ms
[19.532s][info][gc,phases,start] GC(15) Adjust Pointers
[19.698s][info][gc,phases      ] GC(15) Adjust Pointers 165.789ms
[19.698s][info][gc,phases,start] GC(15) Compaction Phase
[19.799s][info][gc,phases      ] GC(15) Compaction Phase 100.286ms
[19.799s][info][gc,phases,start] GC(15) Post Compact
[19.801s][info][gc,phases      ] GC(15) Post Compact 2.231ms
[19.801s][info][gc,heap        ] GC(15) PSYoungGen: 111616K(222720K)->96725K(222720K) Eden: 111616K(111616K)->96725K(111616K) From: 0K(111104K)->0K(111104K)
[19.801s][info][gc,heap        ] GC(15) ParOldGen: 667562K(667648K)->667562K(667648K)
[19.801s][info][gc,metaspace   ] GC(15) Metaspace: 16921K(17152K)->16921K(17152K) NonClass: 15585K(15744K)->15585K(15744K) Class: 1336K(1408K)->1336K(1408K)
[19.801s][info][gc             ] GC(15) Pause Full (Allocation Failure) 760M->746M(869M) 594.105ms
[19.801s][info][gc,cpu         ] GC(15) User=1.16s Sys=0.01s Real=0.60s
[19.822s][info][gc,start       ] GC(16) Pause Full (Allocation Failure)
[19.822s][info][gc,phases,start] GC(16) Marking Phase
[20.136s][info][gc,phases      ] GC(16) Marking Phase 313.730ms
[20.136s][info][gc,phases,start] GC(16) Summary Phase
[20.136s][info][gc,phases      ] GC(16) Summary Phase 0.023ms
[20.136s][info][gc,phases,start] GC(16) Forward
[20.156s][info][gc,phases      ] GC(16) Forward 19.950ms
[20.156s][info][gc,phases,start] GC(16) Adjust Pointers
[20.319s][info][gc,phases      ] GC(16) Adjust Pointers 162.666ms
[20.319s][info][gc,phases,start] GC(16) Compaction Phase
[20.400s][info][gc,phases      ] GC(16) Compaction Phase 80.995ms
[20.400s][info][gc,phases,start] GC(16) Post Compact
[20.402s][info][gc,phases      ] GC(16) Post Compact 2.187ms
[20.402s][info][gc,heap        ] GC(16) PSYoungGen: 111616K(222720K)->99961K(222720K) Eden: 111616K(111616K)->99961K(111616K) From: 0K(111104K)->0K(111104K)
[20.402s][info][gc,heap        ] GC(16) ParOldGen: 667562K(667648K)->667562K(667648K)
[20.402s][info][gc,metaspace   ] GC(16) Metaspace: 16921K(17152K)->16921K(17152K) NonClass: 15585K(15744K)->15585K(15744K) Class: 1336K(1408K)->1336K(1408K)
[20.402s][info][gc             ] GC(16) Pause Full (Allocation Failure) 760M->749M(869M) 579.928ms
[20.402s][info][gc,cpu         ] GC(16) User=1.13s Sys=0.00s Real=0.58s
[20.417s][info][gc,start       ] GC(17) Pause Full (Allocation Failure)
[20.417s][info][gc,phases,start] GC(17) Marking Phase
[20.719s][info][gc,phases      ] GC(17) Marking Phase 301.155ms
[20.719s][info][gc,phases,start] GC(17) Summary Phase
[20.719s][info][gc,phases      ] GC(17) Summary Phase 0.021ms
[20.719s][info][gc,phases,start] GC(17) Forward
[20.737s][info][gc,phases      ] GC(17) Forward 18.671ms
[20.737s][info][gc,phases,start] GC(17) Adjust Pointers
[20.899s][info][gc,phases      ] GC(17) Adjust Pointers 161.324ms
[20.899s][info][gc,phases,start] GC(17) Compaction Phase
[20.979s][info][gc,phases      ] GC(17) Compaction Phase 80.581ms
[20.979s][info][gc,phases,start] GC(17) Post Compact
[20.982s][info][gc,phases      ] GC(17) Post Compact 2.204ms
[20.982s][info][gc,heap        ] GC(17) PSYoungGen: 111616K(222720K)->102469K(222720K) Eden: 111616K(111616K)->102469K(111616K) From: 0K(111104K)->0K(111104K)
[20.982s][info][gc,heap        ] GC(17) ParOldGen: 667562K(667648K)->667562K(667648K)
[20.982s][info][gc,metaspace   ] GC(17) Metaspace: 16921K(17152K)->16921K(17152K) NonClass: 15585K(15744K)->15585K(15744K) Class: 1336K(1408K)->1336K(1408K)
[20.982s][info][gc             ] GC(17) Pause Full (Allocation Failure) 760M->751M(869M) 564.295ms
[20.982s][info][gc,cpu         ] GC(17) User=1.11s Sys=0.00s Real=0.57s
[20.994s][info][gc,start       ] GC(18) Pause Full (Allocation Failure)
[20.994s][info][gc,phases,start] GC(18) Marking Phase
[21.303s][info][gc,phases      ] GC(18) Marking Phase 308.984ms
[21.303s][info][gc,phases,start] GC(18) Summary Phase
[21.303s][info][gc,phases      ] GC(18) Summary Phase 0.021ms
[21.303s][info][gc,phases,start] GC(18) Forward
[21.322s][info][gc,phases      ] GC(18) Forward 19.042ms
[21.322s][info][gc,phases,start] GC(18) Adjust Pointers
[21.483s][info][gc,phases      ] GC(18) Adjust Pointers 160.745ms
[21.483s][info][gc,phases,start] GC(18) Compaction Phase
[21.564s][info][gc,phases      ] GC(18) Compaction Phase 81.003ms
[21.564s][info][gc,phases,start] GC(18) Post Compact
[21.566s][info][gc,phases      ] GC(18) Post Compact 2.180ms
[21.567s][info][gc,heap        ] GC(18) PSYoungGen: 111616K(222720K)->104394K(222720K) Eden: 111616K(111616K)->104394K(111616K) From: 0K(111104K)->0K(111104K)
[21.567s][info][gc,heap        ] GC(18) ParOldGen: 667562K(667648K)->667562K(667648K)
[21.567s][info][gc,metaspace   ] GC(18) Metaspace: 16921K(17152K)->16921K(17152K) NonClass: 15585K(15744K)->15585K(15744K) Class: 1336K(1408K)->1336K(1408K)
[21.567s][info][gc             ] GC(18) Pause Full (Allocation Failure) 760M->753M(869M) 572.324ms
[21.567s][info][gc,cpu         ] GC(18) User=1.13s Sys=0.00s Real=0.57s
[21.576s][info][gc,start       ] GC(19) Pause Full (Allocation Failure)
[21.576s][info][gc,phases,start] GC(19) Marking Phase
[21.880s][info][gc,phases      ] GC(19) Marking Phase 303.337ms
[21.880s][info][gc,phases,start] GC(19) Summary Phase
[21.880s][info][gc,phases      ] GC(19) Summary Phase 0.023ms
[21.880s][info][gc,phases,start] GC(19) Forward
[21.899s][info][gc,phases      ] GC(19) Forward 19.771ms
[21.899s][info][gc,phases,start] GC(19) Adjust Pointers
[22.063s][info][gc,phases      ] GC(19) Adjust Pointers 163.454ms
[22.063s][info][gc,phases,start] GC(19) Compaction Phase
[22.145s][info][gc,phases      ] GC(19) Compaction Phase 81.901ms
[22.145s][info][gc,phases,start] GC(19) Post Compact
[22.147s][info][gc,phases      ] GC(19) Post Compact 2.254ms
[22.147s][info][gc,heap        ] GC(19) PSYoungGen: 111616K(222720K)->105943K(222720K) Eden: 111616K(111616K)->105943K(111616K) From: 0K(111104K)->0K(111104K)
[22.147s][info][gc,heap        ] GC(19) ParOldGen: 667562K(667648K)->667562K(667648K)
[22.147s][info][gc,metaspace   ] GC(19) Metaspace: 16921K(17152K)->16921K(17152K) NonClass: 15585K(15744K)->15585K(15744K) Class: 1336K(1408K)->1336K(1408K)
[22.147s][info][gc             ] GC(19) Pause Full (Allocation Failure) 760M->755M(869M) 571.132ms
[22.147s][info][gc,cpu         ] GC(19) User=1.12s Sys=0.00s Real=0.57s
[22.155s][info][gc,start       ] GC(20) Pause Full (Allocation Failure)
[22.155s][info][gc,phases,start] GC(20) Marking Phase
[22.459s][info][gc,phases      ] GC(20) Marking Phase 303.906ms
[22.459s][info][gc,phases,start] GC(20) Summary Phase
[22.459s][info][gc,phases      ] GC(20) Summary Phase 0.021ms
[22.459s][info][gc,phases,start] GC(20) Forward
[22.478s][info][gc,phases      ] GC(20) Forward 18.851ms
[22.478s][info][gc,phases,start] GC(20) Adjust Pointers
[22.641s][info][gc,phases      ] GC(20) Adjust Pointers 162.575ms
[22.641s][info][gc,phases,start] GC(20) Compaction Phase
[22.723s][info][gc,phases      ] GC(20) Compaction Phase 82.078ms
[22.723s][info][gc,phases,start] GC(20) Post Compact
[22.725s][info][gc,phases      ] GC(20) Post Compact 2.189ms
[22.725s][info][gc,heap        ] GC(20) PSYoungGen: 111616K(222720K)->107159K(222720K) Eden: 111616K(111616K)->107159K(111616K) From: 0K(111104K)->0K(111104K)
[22.725s][info][gc,heap        ] GC(20) ParOldGen: 667562K(667648K)->667562K(667648K)
[22.725s][info][gc,metaspace   ] GC(20) Metaspace: 16921K(17152K)->16921K(17152K) NonClass: 15585K(15744K)->15585K(15744K) Class: 1336K(1408K)->1336K(1408K)
[22.725s][info][gc             ] GC(20) Pause Full (Allocation Failure) 760M->756M(869M) 569.963ms
[22.725s][info][gc,cpu         ] GC(20) User=1.12s Sys=0.00s Real=0.57s
[22.731s][info][gc,start       ] GC(21) Pause Full (Allocation Failure)
[22.731s][info][gc,phases,start] GC(21) Marking Phase
[23.035s][info][gc,phases      ] GC(21) Marking Phase 303.230ms
[23.035s][info][gc,phases,start] GC(21) Summary Phase
[23.035s][info][gc,phases      ] GC(21) Summary Phase 0.021ms
[23.035s][info][gc,phases,start] GC(21) Forward
[23.054s][info][gc,phases      ] GC(21) Forward 18.958ms
[23.054s][info][gc,phases,start] GC(21) Adjust Pointers
[23.217s][info][gc,phases      ] GC(21) Adjust Pointers 163.007ms
[23.217s][info][gc,phases,start] GC(21) Compaction Phase
[23.299s][info][gc,phases      ] GC(21) Compaction Phase 82.159ms
[23.299s][info][gc,phases,start] GC(21) Post Compact
[23.301s][info][gc,phases      ] GC(21) Post Compact 2.183ms
[23.301s][info][gc,heap        ] GC(21) PSYoungGen: 111616K(222720K)->108114K(222720K) Eden: 111616K(111616K)->108114K(111616K) From: 0K(111104K)->0K(111104K)
[23.301s][info][gc,heap        ] GC(21) ParOldGen: 667562K(667648K)->667562K(667648K)
[23.301s][info][gc,metaspace   ] GC(21) Metaspace: 16921K(17152K)->16921K(17152K) NonClass: 15585K(15744K)->15585K(15744K) Class: 1336K(1408K)->1336K(1408K)
[23.301s][info][gc             ] GC(21) Pause Full (Allocation Failure) 760M->757M(869M) 569.899ms
[23.301s][info][gc,cpu         ] GC(21) User=1.12s Sys=0.00s Real=0.57s
[23.306s][info][gc,start       ] GC(22) Pause Full (Allocation Failure)
[23.306s][info][gc,phases,start] GC(22) Marking Phase
[23.608s][info][gc,phases      ] GC(22) Marking Phase 301.706ms
[23.608s][info][gc,phases,start] GC(22) Summary Phase
[23.608s][info][gc,phases      ] GC(22) Summary Phase 0.022ms
[23.608s][info][gc,phases,start] GC(22) Forward
[23.627s][info][gc,phases      ] GC(22) Forward 19.238ms
[23.627s][info][gc,phases,start] GC(22) Adjust Pointers
[23.790s][info][gc,phases      ] GC(22) Adjust Pointers 162.416ms
[23.790s][info][gc,phases,start] GC(22) Compaction Phase
[23.871s][info][gc,phases      ] GC(22) Compaction Phase 81.217ms
[23.871s][info][gc,phases,start] GC(22) Post Compact
[23.873s][info][gc,phases      ] GC(22) Post Compact 2.174ms
[23.873s][info][gc,heap        ] GC(22) PSYoungGen: 111616K(222720K)->108858K(222720K) Eden: 111616K(111616K)->108858K(111616K) From: 0K(111104K)->0K(111104K)
[23.873s][info][gc,heap        ] GC(22) ParOldGen: 667562K(667648K)->667562K(667648K)
[23.873s][info][gc,metaspace   ] GC(22) Metaspace: 16921K(17152K)->16921K(17152K) NonClass: 15585K(15744K)->15585K(15744K) Class: 1336K(1408K)->1336K(1408K)
[23.873s][info][gc             ] GC(22) Pause Full (Allocation Failure) 760M->758M(869M) 567.138ms
[23.873s][info][gc,cpu         ] GC(22) User=1.12s Sys=0.00s Real=0.57s
[23.878s][info][gc,start       ] GC(23) Pause Full (Allocation Failure)
[23.878s][info][gc,phases,start] GC(23) Marking Phase
[24.181s][info][gc,phases      ] GC(23) Marking Phase 303.500ms
[24.181s][info][gc,phases,start] GC(23) Summary Phase
[24.181s][info][gc,phases      ] GC(23) Summary Phase 0.024ms
[24.181s][info][gc,phases,start] GC(23) Forward
[24.200s][info][gc,phases      ] GC(23) Forward 18.717ms
[24.200s][info][gc,phases,start] GC(23) Adjust Pointers
[24.364s][info][gc,phases      ] GC(23) Adjust Pointers 163.478ms
[24.364s][info][gc,phases,start] GC(23) Compaction Phase
[24.445s][info][gc,phases      ] GC(23) Compaction Phase 81.787ms
[24.445s][info][gc,phases,start] GC(23) Post Compact
[24.448s][info][gc,phases      ] GC(23) Post Compact 2.182ms
[24.448s][info][gc,heap        ] GC(23) PSYoungGen: 111616K(222720K)->109446K(222720K) Eden: 111616K(111616K)->109446K(111616K) From: 0K(111104K)->0K(111104K)
[24.448s][info][gc,heap        ] GC(23) ParOldGen: 667562K(667648K)->667562K(667648K)
[24.448s][info][gc,metaspace   ] GC(23) Metaspace: 16921K(17152K)->16921K(17152K) NonClass: 15585K(15744K)->15585K(15744K) Class: 1336K(1408K)->1336K(1408K)
[24.448s][info][gc             ] GC(23) Pause Full (Allocation Failure) 760M->758M(869M) 570.073ms
[24.448s][info][gc,cpu         ] GC(23) User=1.12s Sys=0.00s Real=0.57s
[24.453s][info][gc,start       ] GC(24) Pause Full (Allocation Failure)
[24.453s][info][gc,phases,start] GC(24) Marking Phase
[24.757s][info][gc,phases      ] GC(24) Marking Phase 304.122ms
[24.757s][info][gc,phases,start] GC(24) Summary Phase
[24.757s][info][gc,phases      ] GC(24) Summary Phase 0.021ms
[24.757s][info][gc,phases,start] GC(24) Forward
[24.778s][info][gc,phases      ] GC(24) Forward 20.273ms
[24.778s][info][gc,phases,start] GC(24) Adjust Pointers
[24.941s][info][gc,phases      ] GC(24) Adjust Pointers 163.605ms
[24.941s][info][gc,phases,start] GC(24) Compaction Phase
[25.023s][info][gc,phases      ] GC(24) Compaction Phase 81.631ms
[25.023s][info][gc,phases,start] GC(24) Post Compact
[25.025s][info][gc,phases      ] GC(24) Post Compact 2.207ms
[25.025s][info][gc,heap        ] GC(24) PSYoungGen: 111616K(222720K)->109914K(222720K) Eden: 111616K(111616K)->109914K(111616K) From: 0K(111104K)->0K(111104K)
[25.025s][info][gc,heap        ] GC(24) ParOldGen: 667562K(667648K)->667562K(667648K)
[25.025s][info][gc,metaspace   ] GC(24) Metaspace: 16921K(17152K)->16921K(17152K) NonClass: 15585K(15744K)->15585K(15744K) Class: 1336K(1408K)->1336K(1408K)
[25.025s][info][gc             ] GC(24) Pause Full (Allocation Failure) 760M->759M(869M) 572.185ms
[25.025s][info][gc,cpu         ] GC(24) User=1.12s Sys=0.00s Real=0.57s
[25.031s][info][gc,start       ] GC(25) Pause Full (Allocation Failure)
[25.031s][info][gc,phases,start] GC(25) Marking Phase
[25.339s][info][gc,phases      ] GC(25) Marking Phase 308.667ms
[25.339s][info][gc,phases,start] GC(25) Summary Phase
[25.339s][info][gc,phases      ] GC(25) Summary Phase 0.022ms
[25.339s][info][gc,phases,start] GC(25) Forward
[25.360s][info][gc,phases      ] GC(25) Forward 20.596ms
[25.360s][info][gc,phases,start] GC(25) Adjust Pointers
[25.522s][info][gc,phases      ] GC(25) Adjust Pointers 162.473ms
[25.523s][info][gc,phases,start] GC(25) Compaction Phase
[25.605s][info][gc,phases      ] GC(25) Compaction Phase 82.351ms
[25.605s][info][gc,phases,start] GC(25) Post Compact
[25.607s][info][gc,phases      ] GC(25) Post Compact 2.171ms
[25.607s][info][gc,heap        ] GC(25) PSYoungGen: 111616K(222720K)->110279K(222720K) Eden: 111616K(111616K)->110279K(111616K) From: 0K(111104K)->0K(111104K)
[25.607s][info][gc,heap        ] GC(25) ParOldGen: 667562K(667648K)->667562K(667648K)
[25.607s][info][gc,metaspace   ] GC(25) Metaspace: 16921K(17152K)->16921K(17152K) NonClass: 15585K(15744K)->15585K(15744K) Class: 1336K(1408K)->1336K(1408K)
[25.607s][info][gc             ] GC(25) Pause Full (Allocation Failure) 760M->759M(869M) 576.632ms
[25.607s][info][gc,cpu         ] GC(25) User=1.13s Sys=0.00s Real=0.57s
[25.612s][info][gc,start       ] GC(26) Pause Full (Allocation Failure)
[25.612s][info][gc,phases,start] GC(26) Marking Phase
[25.915s][info][gc,phases      ] GC(26) Marking Phase 303.182ms
[25.915s][info][gc,phases,start] GC(26) Summary Phase
[25.915s][info][gc,phases      ] GC(26) Summary Phase 0.021ms
[25.915s][info][gc,phases,start] GC(26) Forward
[25.936s][info][gc,phases      ] GC(26) Forward 20.416ms
[25.936s][info][gc,phases,start] GC(26) Adjust Pointers
[26.098s][info][gc,phases      ] GC(26) Adjust Pointers 162.204ms
[26.098s][info][gc,phases,start] GC(26) Compaction Phase
[26.180s][info][gc,phases      ] GC(26) Compaction Phase 82.343ms
[26.180s][info][gc,phases,start] GC(26) Post Compact
[26.183s][info][gc,phases      ] GC(26) Post Compact 2.251ms
[26.183s][info][gc,heap        ] GC(26) PSYoungGen: 111616K(222720K)->110575K(222720K) Eden: 111616K(111616K)->110575K(111616K) From: 0K(111104K)->0K(111104K)
[26.183s][info][gc,heap        ] GC(26) ParOldGen: 667562K(667648K)->667562K(667648K)
[26.183s][info][gc,metaspace   ] GC(26) Metaspace: 16921K(17152K)->16921K(17152K) NonClass: 15585K(15744K)->15585K(15744K) Class: 1336K(1408K)->1336K(1408K)
[26.183s][info][gc             ] GC(26) Pause Full (Allocation Failure) 760M->759M(869M) 570.757ms
[26.183s][info][gc,cpu         ] GC(26) User=1.12s Sys=0.00s Real=0.57s
[26.187s][info][gc,start       ] GC(27) Pause Full (Allocation Failure)
[26.187s][info][gc,phases,start] GC(27) Marking Phase
[26.497s][info][gc,phases      ] GC(27) Marking Phase 310.735ms
[26.498s][info][gc,phases,start] GC(27) Summary Phase
[26.498s][info][gc,phases      ] GC(27) Summary Phase 0.021ms
[26.498s][info][gc,phases,start] GC(27) Forward
[26.516s][info][gc,phases      ] GC(27) Forward 18.824ms
[26.516s][info][gc,phases,start] GC(27) Adjust Pointers
[26.679s][info][gc,phases      ] GC(27) Adjust Pointers 162.522ms
[26.679s][info][gc,phases,start] GC(27) Compaction Phase
[26.761s][info][gc,phases      ] GC(27) Compaction Phase 81.882ms
[26.761s][info][gc,phases,start] GC(27) Post Compact
[26.763s][info][gc,phases      ] GC(27) Post Compact 2.182ms
[26.763s][info][gc,heap        ] GC(27) PSYoungGen: 111616K(222720K)->110796K(222720K) Eden: 111616K(111616K)->110796K(111616K) From: 0K(111104K)->0K(111104K)
[26.763s][info][gc,heap        ] GC(27) ParOldGen: 667562K(667648K)->667562K(667648K)
[26.763s][info][gc,metaspace   ] GC(27) Metaspace: 16921K(17152K)->16921K(17152K) NonClass: 15585K(15744K)->15585K(15744K) Class: 1336K(1408K)->1336K(1408K)
[26.763s][info][gc             ] GC(27) Pause Full (Allocation Failure) 760M->760M(869M) 576.484ms
[26.763s][info][gc,cpu         ] GC(27) User=1.13s Sys=0.00s Real=0.58s
[26.765s][info][gc,start       ] GC(28) Pause Full (Allocation Failure)
[26.765s][info][gc,phases,start] GC(28) Marking Phase
[27.069s][info][gc,phases      ] GC(28) Marking Phase 303.597ms
[27.069s][info][gc,phases,start] GC(28) Summary Phase
[27.069s][info][gc,phases      ] GC(28) Summary Phase 0.021ms
[27.069s][info][gc,phases,start] GC(28) Forward
[27.088s][info][gc,phases      ] GC(28) Forward 19.111ms
[27.088s][info][gc,phases,start] GC(28) Adjust Pointers
[27.253s][info][gc,phases      ] GC(28) Adjust Pointers 164.838ms
[27.253s][info][gc,phases,start] GC(28) Compaction Phase
[27.334s][info][gc,phases      ] GC(28) Compaction Phase 81.215ms
[27.334s][info][gc,phases,start] GC(28) Post Compact
[27.336s][info][gc,phases      ] GC(28) Post Compact 2.192ms
[27.336s][info][gc,heap        ] GC(28) PSYoungGen: 111616K(222720K)->110970K(222720K) Eden: 111616K(111616K)->110970K(111616K) From: 0K(111104K)->0K(111104K)
[27.336s][info][gc,heap        ] GC(28) ParOldGen: 667562K(667648K)->667562K(667648K)
[27.336s][info][gc,metaspace   ] GC(28) Metaspace: 16921K(17152K)->16921K(17152K) NonClass: 15585K(15744K)->15585K(15744K) Class: 1336K(1408K)->1336K(1408K)
[27.336s][info][gc             ] GC(28) Pause Full (Allocation Failure) 760M->760M(869M) 571.315ms
[27.336s][info][gc,cpu         ] GC(28) User=1.12s Sys=0.00s Real=0.57s
[27.338s][info][gc,start       ] GC(29) Pause Full (Allocation Failure)
[27.338s][info][gc,phases,start] GC(29) Marking Phase
[27.642s][info][gc,phases      ] GC(29) Marking Phase 303.950ms
[27.642s][info][gc,phases,start] GC(29) Summary Phase
[27.642s][info][gc,phases      ] GC(29) Summary Phase 0.021ms
[27.642s][info][gc,phases,start] GC(29) Forward
[27.661s][info][gc,phases      ] GC(29) Forward 18.847ms
[27.661s][info][gc,phases,start] GC(29) Adjust Pointers
[27.823s][info][gc,phases      ] GC(29) Adjust Pointers 161.981ms
[27.823s][info][gc,phases,start] GC(29) Compaction Phase
[27.905s][info][gc,phases      ] GC(29) Compaction Phase 81.679ms
[27.905s][info][gc,phases,start] GC(29) Post Compact
[27.907s][info][gc,phases      ] GC(29) Post Compact 2.180ms
[27.907s][info][gc,heap        ] GC(29) PSYoungGen: 111616K(222720K)->111104K(222720K) Eden: 111616K(111616K)->111104K(111616K) From: 0K(111104K)->0K(111104K)
[27.907s][info][gc,heap        ] GC(29) ParOldGen: 667562K(667648K)->667562K(667648K)
[27.907s][info][gc,metaspace   ] GC(29) Metaspace: 16921K(17152K)->16921K(17152K) NonClass: 15585K(15744K)->15585K(15744K) Class: 1336K(1408K)->1336K(1408K)
[27.907s][info][gc             ] GC(29) Pause Full (Allocation Failure) 760M->760M(869M) 568.968ms
[27.907s][info][gc,cpu         ] GC(29) User=1.12s Sys=0.00s Real=0.57s
[27.908s][info][gc,start       ] GC(30) Pause Full (Allocation Failure)
[27.908s][info][gc,phases,start] GC(30) Marking Phase
[28.213s][info][gc,phases      ] GC(30) Marking Phase 304.191ms
[28.213s][info][gc,phases,start] GC(30) Summary Phase
[28.213s][info][gc,phases      ] GC(30) Summary Phase 0.021ms
[28.213s][info][gc,phases,start] GC(30) Forward
[28.232s][info][gc,phases      ] GC(30) Forward 19.324ms
[28.232s][info][gc,phases,start] GC(30) Adjust Pointers
[28.398s][info][gc,phases      ] GC(30) Adjust Pointers 165.493ms
[28.398s][info][gc,phases,start] GC(30) Compaction Phase
[28.479s][info][gc,phases      ] GC(30) Compaction Phase 81.295ms
[28.479s][info][gc,phases,start] GC(30) Post Compact
[28.481s][info][gc,phases      ] GC(30) Post Compact 2.220ms
[28.481s][info][gc,heap        ] GC(30) PSYoungGen: 111616K(222720K)->111205K(222720K) Eden: 111616K(111616K)->111205K(111616K) From: 0K(111104K)->0K(111104K)
[28.481s][info][gc,heap        ] GC(30) ParOldGen: 667562K(667648K)->667562K(667648K)
[28.481s][info][gc,metaspace   ] GC(30) Metaspace: 16921K(17152K)->16921K(17152K) NonClass: 15585K(15744K)->15585K(15744K) Class: 1336K(1408K)->1336K(1408K)
[28.481s][info][gc             ] GC(30) Pause Full (Allocation Failure) 760M->760M(869M) 572.885ms
[28.481s][info][gc,cpu         ] GC(30) User=1.12s Sys=0.01s Real=0.58s
[28.483s][info][gc,start       ] GC(31) Pause Full (Allocation Failure)
[28.483s][info][gc,phases,start] GC(31) Marking Phase
[28.789s][info][gc,phases      ] GC(31) Marking Phase 306.074ms
[28.789s][info][gc,phases,start] GC(31) Summary Phase
[28.789s][info][gc,phases      ] GC(31) Summary Phase 0.022ms
[28.789s][info][gc,phases,start] GC(31) Forward
[28.808s][info][gc,phases      ] GC(31) Forward 19.009ms
[28.808s][info][gc,phases,start] GC(31) Adjust Pointers
[28.971s][info][gc,phases      ] GC(31) Adjust Pointers 162.755ms
[28.971s][info][gc,phases,start] GC(31) Compaction Phase
[29.052s][info][gc,phases      ] GC(31) Compaction Phase 81.008ms
[29.052s][info][gc,phases,start] GC(31) Post Compact
[29.054s][info][gc,phases      ] GC(31) Post Compact 2.243ms
[29.054s][info][gc,heap        ] GC(31) PSYoungGen: 111616K(222720K)->111286K(222720K) Eden: 111616K(111616K)->111286K(111616K) From: 0K(111104K)->0K(111104K)
[29.054s][info][gc,heap        ] GC(31) ParOldGen: 667562K(667648K)->667562K(667648K)
[29.054s][info][gc,metaspace   ] GC(31) Metaspace: 16921K(17152K)->16921K(17152K) NonClass: 15585K(15744K)->15585K(15744K) Class: 1336K(1408K)->1336K(1408K)
[29.054s][info][gc             ] GC(31) Pause Full (Allocation Failure) 760M->760M(869M) 571.450ms
[29.054s][info][gc,cpu         ] GC(31) User=1.12s Sys=0.00s Real=0.57s
[29.055s][info][gc,start       ] GC(32) Pause Full (Allocation Failure)
[29.055s][info][gc,phases,start] GC(32) Marking Phase
[29.362s][info][gc,phases      ] GC(32) Marking Phase 307.052ms
[29.362s][info][gc,phases,start] GC(32) Summary Phase
[29.362s][info][gc,phases      ] GC(32) Summary Phase 0.022ms
[29.362s][info][gc,phases,start] GC(32) Forward
[29.382s][info][gc,phases      ] GC(32) Forward 19.129ms
[29.382s][info][gc,phases,start] GC(32) Adjust Pointers
[29.546s][info][gc,phases      ] GC(32) Adjust Pointers 164.773ms
[29.546s][info][gc,phases,start] GC(32) Compaction Phase
[29.628s][info][gc,phases      ] GC(32) Compaction Phase 81.032ms
[29.628s][info][gc,phases,start] GC(32) Post Compact
[29.630s][info][gc,phases      ] GC(32) Post Compact 2.191ms
[29.630s][info][gc,heap        ] GC(32) PSYoungGen: 111616K(222720K)->111351K(222720K) Eden: 111616K(111616K)->111351K(111616K) From: 0K(111104K)->0K(111104K)
[29.630s][info][gc,heap        ] GC(32) ParOldGen: 667562K(667648K)->667562K(667648K)
[29.630s][info][gc,metaspace   ] GC(32) Metaspace: 16921K(17152K)->16921K(17152K) NonClass: 15585K(15744K)->15585K(15744K) Class: 1336K(1408K)->1336K(1408K)
[29.630s][info][gc             ] GC(32) Pause Full (Allocation Failure) 760M->760M(869M) 574.570ms
[29.630s][info][gc,cpu         ] GC(32) User=1.13s Sys=0.00s Real=0.58s
[29.631s][info][gc,start       ] GC(33) Pause Full (Allocation Failure)
[29.631s][info][gc,phases,start] GC(33) Marking Phase
[29.934s][info][gc,phases      ] GC(33) Marking Phase 302.857ms
[29.934s][info][gc,phases,start] GC(33) Summary Phase
[29.934s][info][gc,phases      ] GC(33) Summary Phase 0.020ms
[29.934s][info][gc,phases,start] GC(33) Forward
[29.953s][info][gc,phases      ] GC(33) Forward 19.160ms
[29.953s][info][gc,phases,start] GC(33) Adjust Pointers
[30.119s][info][gc,phases      ] GC(33) Adjust Pointers 165.646ms
[30.119s][info][gc,phases,start] GC(33) Compaction Phase
[30.202s][info][gc,phases      ] GC(33) Compaction Phase 83.479ms
[30.202s][info][gc,phases,start] GC(33) Post Compact
[30.205s][info][gc,phases      ] GC(33) Post Compact 2.201ms
[30.205s][info][gc,heap        ] GC(33) PSYoungGen: 111616K(222720K)->111401K(222720K) Eden: 111616K(111616K)->111401K(111616K) From: 0K(111104K)->0K(111104K)
[30.205s][info][gc,heap        ] GC(33) ParOldGen: 667562K(667648K)->667562K(667648K)
[30.205s][info][gc,metaspace   ] GC(33) Metaspace: 16921K(17152K)->16921K(17152K) NonClass: 15585K(15744K)->15585K(15744K) Class: 1336K(1408K)->1336K(1408K)
[30.205s][info][gc             ] GC(33) Pause Full (Allocation Failure) 760M->760M(869M) 573.678ms
[30.205s][info][gc,cpu         ] GC(33) User=1.12s Sys=0.00s Real=0.57s
[30.206s][info][gc,start       ] GC(34) Pause Full (Allocation Failure)
[30.206s][info][gc,phases,start] GC(34) Marking Phase
[30.511s][info][gc,phases      ] GC(34) Marking Phase 304.787ms
[30.511s][info][gc,phases,start] GC(34) Summary Phase
[30.511s][info][gc,phases      ] GC(34) Summary Phase 0.030ms
[30.511s][info][gc,phases,start] GC(34) Forward
[30.529s][info][gc,phases      ] GC(34) Forward 18.715ms
[30.529s][info][gc,phases,start] GC(34) Adjust Pointers
[30.692s][info][gc,phases      ] GC(34) Adjust Pointers 162.894ms
[30.692s][info][gc,phases,start] GC(34) Compaction Phase
[30.774s][info][gc,phases      ] GC(34) Compaction Phase 82.109ms
[30.775s][info][gc,phases,start] GC(34) Post Compact
[30.777s][info][gc,phases      ] GC(34) Post Compact 2.186ms
[30.777s][info][gc,heap        ] GC(34) PSYoungGen: 111615K(222720K)->111441K(222720K) Eden: 111615K(111616K)->111441K(111616K) From: 0K(111104K)->0K(111104K)
[30.777s][info][gc,heap        ] GC(34) ParOldGen: 667562K(667648K)->667562K(667648K)
[30.777s][info][gc,metaspace   ] GC(34) Metaspace: 16921K(17152K)->16921K(17152K) NonClass: 15585K(15744K)->15585K(15744K) Class: 1336K(1408K)->1336K(1408K)
[30.777s][info][gc             ] GC(34) Pause Full (Allocation Failure) 760M->760M(869M) 571.079ms
[30.777s][info][gc,cpu         ] GC(34) User=1.12s Sys=0.00s Real=0.57s
[30.778s][info][gc,start       ] GC(35) Pause Full (Allocation Failure)
[30.778s][info][gc,phases,start] GC(35) Marking Phase
[31.083s][info][gc,phases      ] GC(35) Marking Phase 304.599ms
[31.083s][info][gc,phases,start] GC(35) Summary Phase
[31.083s][info][gc,phases      ] GC(35) Summary Phase 0.021ms
[31.083s][info][gc,phases,start] GC(35) Forward
[31.102s][info][gc,phases      ] GC(35) Forward 19.195ms
[31.102s][info][gc,phases,start] GC(35) Adjust Pointers
[31.266s][info][gc,phases      ] GC(35) Adjust Pointers 163.854ms
[31.266s][info][gc,phases,start] GC(35) Compaction Phase
[31.347s][info][gc,phases      ] GC(35) Compaction Phase 81.276ms
[31.347s][info][gc,phases,start] GC(35) Post Compact
[31.349s][info][gc,phases      ] GC(35) Post Compact 2.188ms
[31.349s][info][gc,heap        ] GC(35) PSYoungGen: 111616K(222720K)->111475K(222720K) Eden: 111616K(111616K)->111475K(111616K) From: 0K(111104K)->0K(111104K)
[31.349s][info][gc,heap        ] GC(35) ParOldGen: 667562K(667648K)->667562K(667648K)
[31.349s][info][gc,metaspace   ] GC(35) Metaspace: 16921K(17152K)->16921K(17152K) NonClass: 15585K(15744K)->15585K(15744K) Class: 1336K(1408K)->1336K(1408K)
[31.349s][info][gc             ] GC(35) Pause Full (Allocation Failure) 760M->760M(869M) 571.446ms
[31.349s][info][gc,cpu         ] GC(35) User=1.12s Sys=0.00s Real=0.57s
[31.350s][info][gc,start       ] GC(36) Pause Full (Allocation Failure)
[31.350s][info][gc,phases,start] GC(36) Marking Phase
[31.655s][info][gc,phases      ] GC(36) Marking Phase 304.644ms
[31.655s][info][gc,phases,start] GC(36) Summary Phase
[31.655s][info][gc,phases      ] GC(36) Summary Phase 0.022ms
[31.655s][info][gc,phases,start] GC(36) Forward
[31.674s][info][gc,phases      ] GC(36) Forward 18.861ms
[31.674s][info][gc,phases,start] GC(36) Adjust Pointers
[31.842s][info][gc,phases      ] GC(36) Adjust Pointers 168.112ms
[31.842s][info][gc,phases,start] GC(36) Compaction Phase
[31.928s][info][gc,phases      ] GC(36) Compaction Phase 85.329ms
[31.928s][info][gc,phases,start] GC(36) Post Compact
[31.930s][info][gc,phases      ] GC(36) Post Compact 2.209ms
[31.930s][info][gc,heap        ] GC(36) PSYoungGen: 111615K(222720K)->111501K(222720K) Eden: 111615K(111616K)->111501K(111616K) From: 0K(111104K)->0K(111104K)
[31.930s][info][gc,heap        ] GC(36) ParOldGen: 667562K(667648K)->667562K(667648K)
[31.930s][info][gc,metaspace   ] GC(36) Metaspace: 16921K(17152K)->16921K(17152K) NonClass: 15585K(15744K)->15585K(15744K) Class: 1336K(1408K)->1336K(1408K)
[31.930s][info][gc             ] GC(36) Pause Full (Allocation Failure) 760M->760M(869M) 579.533ms
[31.930s][info][gc,cpu         ] GC(36) User=1.14s Sys=0.00s Real=0.58s
[31.931s][info][gc,start       ] GC(37) Pause Full (Allocation Failure)
[31.931s][info][gc,phases,start] GC(37) Marking Phase
[32.242s][info][gc,phases      ] GC(37) Marking Phase 310.763ms
[32.242s][info][gc,phases,start] GC(37) Summary Phase
[32.242s][info][gc,phases      ] GC(37) Summary Phase 0.022ms
[32.242s][info][gc,phases,start] GC(37) Forward
[32.261s][info][gc,phases      ] GC(37) Forward 18.920ms
[32.261s][info][gc,phases,start] GC(37) Adjust Pointers
[32.434s][info][gc,phases      ] GC(37) Adjust Pointers 173.367ms
[32.434s][info][gc,phases,start] GC(37) Compaction Phase
[32.517s][info][gc,phases      ] GC(37) Compaction Phase 82.607ms
[32.517s][info][gc,phases,start] GC(37) Post Compact
[32.519s][info][gc,phases      ] GC(37) Post Compact 2.190ms
[32.519s][info][gc,heap        ] GC(37) PSYoungGen: 111615K(222720K)->111522K(222720K) Eden: 111615K(111616K)->111522K(111616K) From: 0K(111104K)->0K(111104K)
[32.519s][info][gc,heap        ] GC(37) ParOldGen: 667562K(667648K)->667562K(667648K)
[32.519s][info][gc,metaspace   ] GC(37) Metaspace: 16921K(17152K)->16921K(17152K) NonClass: 15585K(15744K)->15585K(15744K) Class: 1336K(1408K)->1336K(1408K)
[32.519s][info][gc             ] GC(37) Pause Full (Allocation Failure) 760M->760M(869M) 588.241ms
[32.519s][info][gc,cpu         ] GC(37) User=1.15s Sys=0.00s Real=0.58s
[32.520s][info][gc,start       ] GC(38) Pause Full (Allocation Failure)
[32.520s][info][gc,phases,start] GC(38) Marking Phase
[32.830s][info][gc,phases      ] GC(38) Marking Phase 309.474ms
[32.830s][info][gc,phases,start] GC(38) Summary Phase
[32.830s][info][gc,phases      ] GC(38) Summary Phase 0.022ms
[32.830s][info][gc,phases,start] GC(38) Forward
[32.849s][info][gc,phases      ] GC(38) Forward 19.272ms
[32.849s][info][gc,phases,start] GC(38) Adjust Pointers
[33.014s][info][gc,phases      ] GC(38) Adjust Pointers 165.089ms
[33.014s][info][gc,phases,start] GC(38) Compaction Phase
[33.097s][info][gc,phases      ] GC(38) Compaction Phase 82.534ms
[33.097s][info][gc,phases,start] GC(38) Post Compact
[33.099s][info][gc,phases      ] GC(38) Post Compact 2.212ms
[33.099s][info][gc,heap        ] GC(38) PSYoungGen: 111615K(222720K)->111538K(222720K) Eden: 111615K(111616K)->111538K(111616K) From: 0K(111104K)->0K(111104K)
[33.099s][info][gc,heap        ] GC(38) ParOldGen: 667562K(667648K)->667562K(667648K)
[33.099s][info][gc,metaspace   ] GC(38) Metaspace: 16921K(17152K)->16921K(17152K) NonClass: 15585K(15744K)->15585K(15744K) Class: 1336K(1408K)->1336K(1408K)
[33.099s][info][gc             ] GC(38) Pause Full (Allocation Failure) 760M->760M(869M) 578.943ms
[33.099s][info][gc,cpu         ] GC(38) User=1.14s Sys=0.01s Real=0.57s
[33.100s][info][gc,start       ] GC(39) Pause Full (Allocation Failure)
[33.100s][info][gc,phases,start] GC(39) Marking Phase
[33.405s][info][gc,phases      ] GC(39) Marking Phase 304.896ms
[33.405s][info][gc,phases,start] GC(39) Summary Phase
[33.405s][info][gc,phases      ] GC(39) Summary Phase 0.020ms
[33.405s][info][gc,phases,start] GC(39) Forward
[33.424s][info][gc,phases      ] GC(39) Forward 18.590ms
[33.424s][info][gc,phases,start] GC(39) Adjust Pointers
[33.586s][info][gc,phases      ] GC(39) Adjust Pointers 162.312ms
[33.586s][info][gc,phases,start] GC(39) Compaction Phase
[33.668s][info][gc,phases      ] GC(39) Compaction Phase 82.063ms
[33.668s][info][gc,phases,start] GC(39) Post Compact
[33.670s][info][gc,phases      ] GC(39) Post Compact 2.220ms
[33.670s][info][gc,heap        ] GC(39) PSYoungGen: 111616K(222720K)->111551K(222720K) Eden: 111616K(111616K)->111551K(111616K) From: 0K(111104K)->0K(111104K)
[33.670s][info][gc,heap        ] GC(39) ParOldGen: 667562K(667648K)->667562K(667648K)
[33.670s][info][gc,metaspace   ] GC(39) Metaspace: 16921K(17152K)->16921K(17152K) NonClass: 15585K(15744K)->15585K(15744K) Class: 1336K(1408K)->1336K(1408K)
[33.671s][info][gc             ] GC(39) Pause Full (Allocation Failure) 760M->760M(869M) 570.431ms
[33.671s][info][gc,cpu         ] GC(39) User=1.12s Sys=0.00s Real=0.57s
[33.671s][info][gc,start       ] GC(40) Pause Full (Allocation Failure)
[33.671s][info][gc,phases,start] GC(40) Marking Phase
[33.976s][info][gc,phases      ] GC(40) Marking Phase 304.406ms
[33.976s][info][gc,phases,start] GC(40) Summary Phase
[33.976s][info][gc,phases      ] GC(40) Summary Phase 0.021ms
[33.976s][info][gc,phases,start] GC(40) Forward
[33.995s][info][gc,phases      ] GC(40) Forward 18.974ms
[33.995s][info][gc,phases,start] GC(40) Adjust Pointers
[34.158s][info][gc,phases      ] GC(40) Adjust Pointers 163.140ms
[34.158s][info][gc,phases,start] GC(40) Compaction Phase
[34.240s][info][gc,phases      ] GC(40) Compaction Phase 81.849ms
[34.240s][info][gc,phases,start] GC(40) Post Compact
[34.242s][info][gc,phases      ] GC(40) Post Compact 2.242ms
[34.242s][info][gc,heap        ] GC(40) PSYoungGen: 111615K(222720K)->111560K(222720K) Eden: 111615K(111616K)->111560K(111616K) From: 0K(111104K)->0K(111104K)
[34.242s][info][gc,heap        ] GC(40) ParOldGen: 667562K(667648K)->667562K(667648K)
[34.242s][info][gc,metaspace   ] GC(40) Metaspace: 16921K(17152K)->16921K(17152K) NonClass: 15585K(15744K)->15585K(15744K) Class: 1336K(1408K)->1336K(1408K)
[34.242s][info][gc             ] GC(40) Pause Full (Allocation Failure) 760M->760M(869M) 570.983ms
[34.242s][info][gc,cpu         ] GC(40) User=1.12s Sys=0.00s Real=0.57s
[34.243s][info][gc,start       ] GC(41) Pause Full (Allocation Failure)
[34.243s][info][gc,phases,start] GC(41) Marking Phase
[34.546s][info][gc,phases      ] GC(41) Marking Phase 302.994ms
[34.546s][info][gc,phases,start] GC(41) Summary Phase
[34.546s][info][gc,phases      ] GC(41) Summary Phase 0.021ms
[34.546s][info][gc,phases,start] GC(41) Forward
[34.565s][info][gc,phases      ] GC(41) Forward 18.881ms
[34.565s][info][gc,phases,start] GC(41) Adjust Pointers
[34.728s][info][gc,phases      ] GC(41) Adjust Pointers 162.961ms
[34.728s][info][gc,phases,start] GC(41) Compaction Phase
[34.809s][info][gc,phases      ] GC(41) Compaction Phase 81.005ms
[34.809s][info][gc,phases,start] GC(41) Post Compact
[34.812s][info][gc,phases      ] GC(41) Post Compact 2.232ms
[34.812s][info][gc,heap        ] GC(41) PSYoungGen: 111615K(222720K)->111570K(222720K) Eden: 111615K(111616K)->111570K(111616K) From: 0K(111104K)->0K(111104K)
[34.812s][info][gc,heap        ] GC(41) ParOldGen: 667562K(667648K)->667562K(667648K)
[34.812s][info][gc,metaspace   ] GC(41) Metaspace: 16921K(17152K)->16921K(17152K) NonClass: 15585K(15744K)->15585K(15744K) Class: 1336K(1408K)->1336K(1408K)
[34.812s][info][gc             ] GC(41) Pause Full (Allocation Failure) 760M->760M(869M) 568.416ms
[34.812s][info][gc,cpu         ] GC(41) User=1.12s Sys=0.00s Real=0.57s
[34.813s][info][gc,start       ] GC(42) Pause Full (Allocation Failure)
[34.813s][info][gc,phases,start] GC(42) Marking Phase
[35.116s][info][gc,phases      ] GC(42) Marking Phase 303.725ms
[35.116s][info][gc,phases,start] GC(42) Summary Phase
[35.116s][info][gc,phases      ] GC(42) Summary Phase 0.022ms
[35.116s][info][gc,phases,start] GC(42) Forward
[35.136s][info][gc,phases      ] GC(42) Forward 19.093ms
[35.136s][info][gc,phases,start] GC(42) Adjust Pointers
[35.299s][info][gc,phases      ] GC(42) Adjust Pointers 163.554ms
[35.299s][info][gc,phases,start] GC(42) Compaction Phase
[35.381s][info][gc,phases      ] GC(42) Compaction Phase 81.551ms
[35.381s][info][gc,phases,start] GC(42) Post Compact
[35.383s][info][gc,phases      ] GC(42) Post Compact 2.242ms
[35.383s][info][gc,heap        ] GC(42) PSYoungGen: 111615K(222720K)->111576K(222720K) Eden: 111615K(111616K)->111576K(111616K) From: 0K(111104K)->0K(111104K)
[35.383s][info][gc,heap        ] GC(42) ParOldGen: 667562K(667648K)->667562K(667648K)
[35.383s][info][gc,metaspace   ] GC(42) Metaspace: 16921K(17152K)->16921K(17152K) NonClass: 15585K(15744K)->15585K(15744K) Class: 1336K(1408K)->1336K(1408K)
[35.383s][info][gc             ] GC(42) Pause Full (Allocation Failure) 760M->760M(869M) 570.518ms
[35.383s][info][gc,cpu         ] GC(42) User=1.12s Sys=0.00s Real=0.57s
[35.384s][info][gc,start       ] GC(43) Pause Full (Allocation Failure)
[35.384s][info][gc,phases,start] GC(43) Marking Phase
[35.689s][info][gc,phases      ] GC(43) Marking Phase 304.597ms
[35.689s][info][gc,phases,start] GC(43) Summary Phase
[35.689s][info][gc,phases      ] GC(43) Summary Phase 0.022ms
[35.689s][info][gc,phases,start] GC(43) Forward
[35.708s][info][gc,phases      ] GC(43) Forward 19.134ms
[35.708s][info][gc,phases,start] GC(43) Adjust Pointers
[35.872s][info][gc,phases      ] GC(43) Adjust Pointers 163.963ms
[35.872s][info][gc,phases,start] GC(43) Compaction Phase
[35.953s][info][gc,phases      ] GC(43) Compaction Phase 81.230ms
[35.953s][info][gc,phases,start] GC(43) Post Compact
[35.955s][info][gc,phases      ] GC(43) Post Compact 2.182ms
[35.955s][info][gc,heap        ] GC(43) PSYoungGen: 111616K(222720K)->111583K(222720K) Eden: 111616K(111616K)->111583K(111616K) From: 0K(111104K)->0K(111104K)
[35.955s][info][gc,heap        ] GC(43) ParOldGen: 667562K(667648K)->667562K(667648K)
[35.956s][info][gc,metaspace   ] GC(43) Metaspace: 16921K(17152K)->16921K(17152K) NonClass: 15585K(15744K)->15585K(15744K) Class: 1336K(1408K)->1336K(1408K)
[35.956s][info][gc             ] GC(43) Pause Full (Allocation Failure) 760M->760M(869M) 571.472ms
[35.956s][info][gc,cpu         ] GC(43) User=1.12s Sys=0.00s Real=0.57s
[35.956s][info][gc,start       ] GC(44) Pause Full (Allocation Failure)
[35.956s][info][gc,phases,start] GC(44) Marking Phase
[36.271s][info][gc,phases      ] GC(44) Marking Phase 314.306ms
[36.271s][info][gc,phases,start] GC(44) Summary Phase
[36.271s][info][gc,phases      ] GC(44) Summary Phase 0.022ms
[36.271s][info][gc,phases,start] GC(44) Forward
[36.290s][info][gc,phases      ] GC(44) Forward 18.695ms
[36.290s][info][gc,phases,start] GC(44) Adjust Pointers
[36.454s][info][gc,phases      ] GC(44) Adjust Pointers 164.170ms
[36.454s][info][gc,phases,start] GC(44) Compaction Phase
[36.535s][info][gc,phases      ] GC(44) Compaction Phase 81.450ms
[36.535s][info][gc,phases,start] GC(44) Post Compact
[36.537s][info][gc,phases      ] GC(44) Post Compact 2.213ms
[36.538s][info][gc,heap        ] GC(44) PSYoungGen: 111615K(222720K)->111588K(222720K) Eden: 111615K(111616K)->111588K(111616K) From: 0K(111104K)->0K(111104K)
[36.538s][info][gc,heap        ] GC(44) ParOldGen: 667562K(667648K)->667562K(667648K)
[36.538s][info][gc,metaspace   ] GC(44) Metaspace: 16921K(17152K)->16921K(17152K) NonClass: 15585K(15744K)->15585K(15744K) Class: 1336K(1408K)->1336K(1408K)
[36.538s][info][gc             ] GC(44) Pause Full (Allocation Failure) 760M->760M(869M) 581.161ms
[36.538s][info][gc,cpu         ] GC(44) User=1.15s Sys=0.00s Real=0.58s
[36.538s][info][gc,start       ] GC(45) Pause Full (Allocation Failure)
[36.538s][info][gc,phases,start] GC(45) Marking Phase
[36.846s][info][gc,phases      ] GC(45) Marking Phase 307.165ms
[36.846s][info][gc,phases,start] GC(45) Summary Phase
[36.846s][info][gc,phases      ] GC(45) Summary Phase 0.021ms
[36.846s][info][gc,phases,start] GC(45) Forward
[36.865s][info][gc,phases      ] GC(45) Forward 19.083ms
[36.865s][info][gc,phases,start] GC(45) Adjust Pointers
[37.029s][info][gc,phases      ] GC(45) Adjust Pointers 163.873ms
[37.029s][info][gc,phases,start] GC(45) Compaction Phase
[37.110s][info][gc,phases      ] GC(45) Compaction Phase 81.666ms
[37.110s][info][gc,phases,start] GC(45) Post Compact
[37.113s][info][gc,phases      ] GC(45) Post Compact 2.214ms
[37.113s][info][gc,heap        ] GC(45) PSYoungGen: 111615K(222720K)->111593K(222720K) Eden: 111615K(111616K)->111593K(111616K) From: 0K(111104K)->0K(111104K)
[37.113s][info][gc,heap        ] GC(45) ParOldGen: 667562K(667648K)->667562K(667648K)
[37.113s][info][gc,metaspace   ] GC(45) Metaspace: 16921K(17152K)->16921K(17152K) NonClass: 15585K(15744K)->15585K(15744K) Class: 1336K(1408K)->1336K(1408K)
[37.113s][info][gc             ] GC(45) Pause Full (Allocation Failure) 760M->760M(869M) 574.345ms
[37.113s][info][gc,cpu         ] GC(45) User=1.13s Sys=0.00s Real=0.58s
[37.114s][info][gc,start       ] GC(46) Pause Full (Allocation Failure)
[37.114s][info][gc,phases,start] GC(46) Marking Phase
[37.420s][info][gc,phases      ] GC(46) Marking Phase 306.789ms
[37.420s][info][gc,phases,start] GC(46) Summary Phase
[37.420s][info][gc,phases      ] GC(46) Summary Phase 0.020ms
[37.420s][info][gc,phases,start] GC(46) Forward
[37.439s][info][gc,phases      ] GC(46) Forward 18.841ms
[37.439s][info][gc,phases,start] GC(46) Adjust Pointers
[37.603s][info][gc,phases      ] GC(46) Adjust Pointers 163.284ms
[37.603s][info][gc,phases,start] GC(46) Compaction Phase
[37.685s][info][gc,phases      ] GC(46) Compaction Phase 82.358ms
[37.685s][info][gc,phases,start] GC(46) Post Compact
[37.687s][info][gc,phases      ] GC(46) Post Compact 2.228ms
[37.687s][info][gc,heap        ] GC(46) PSYoungGen: 111615K(222720K)->111596K(222720K) Eden: 111615K(111616K)->111596K(111616K) From: 0K(111104K)->0K(111104K)
[37.687s][info][gc,heap        ] GC(46) ParOldGen: 667562K(667648K)->667562K(667648K)
[37.687s][info][gc,metaspace   ] GC(46) Metaspace: 16921K(17152K)->16921K(17152K) NonClass: 15585K(15744K)->15585K(15744K) Class: 1336K(1408K)->1336K(1408K)
[37.687s][info][gc             ] GC(46) Pause Full (Allocation Failure) 760M->760M(869M) 573.858ms
[37.687s][info][gc,cpu         ] GC(46) User=1.12s Sys=0.00s Real=0.57s
[37.688s][info][gc,start       ] GC(47) Pause Full (Allocation Failure)
[37.688s][info][gc,phases,start] GC(47) Marking Phase
[37.992s][info][gc,phases      ] GC(47) Marking Phase 303.637ms
[37.992s][info][gc,phases,start] GC(47) Summary Phase
[37.992s][info][gc,phases      ] GC(47) Summary Phase 0.022ms
[37.992s][info][gc,phases,start] GC(47) Forward
[38.011s][info][gc,phases      ] GC(47) Forward 19.193ms
[38.011s][info][gc,phases,start] GC(47) Adjust Pointers
[38.175s][info][gc,phases      ] GC(47) Adjust Pointers 163.827ms
[38.175s][info][gc,phases,start] GC(47) Compaction Phase
[38.257s][info][gc,phases      ] GC(47) Compaction Phase 81.585ms
[38.257s][info][gc,phases,start] GC(47) Post Compact
[38.259s][info][gc,phases      ] GC(47) Post Compact 2.185ms
[38.259s][info][gc,heap        ] GC(47) PSYoungGen: 111615K(222720K)->111599K(222720K) Eden: 111615K(111616K)->111599K(111616K) From: 0K(111104K)->0K(111104K)
[38.259s][info][gc,heap        ] GC(47) ParOldGen: 667562K(667648K)->667562K(667648K)
[38.259s][info][gc,metaspace   ] GC(47) Metaspace: 16921K(17152K)->16921K(17152K) NonClass: 15585K(15744K)->15585K(15744K) Class: 1336K(1408K)->1336K(1408K)
[38.259s][info][gc             ] GC(47) Pause Full (Allocation Failure) 760M->760M(869M) 570.773ms
[38.259s][info][gc,cpu         ] GC(47) User=1.12s Sys=0.00s Real=0.57s
[38.260s][info][gc,start       ] GC(48) Pause Full (Allocation Failure)
[38.260s][info][gc,phases,start] GC(48) Marking Phase
[38.565s][info][gc,phases      ] GC(48) Marking Phase 304.517ms
[38.565s][info][gc,phases,start] GC(48) Summary Phase
[38.565s][info][gc,phases      ] GC(48) Summary Phase 0.022ms
[38.565s][info][gc,phases,start] GC(48) Forward
[38.583s][info][gc,phases      ] GC(48) Forward 18.827ms
[38.583s][info][gc,phases,start] GC(48) Adjust Pointers
[38.747s][info][gc,phases      ] GC(48) Adjust Pointers 163.445ms
[38.747s][info][gc,phases,start] GC(48) Compaction Phase
[38.828s][info][gc,phases      ] GC(48) Compaction Phase 81.509ms
[38.829s][info][gc,phases,start] GC(48) Post Compact
[38.831s][info][gc,phases      ] GC(48) Post Compact 2.188ms
[38.831s][info][gc,heap        ] GC(48) PSYoungGen: 111615K(222720K)->111601K(222720K) Eden: 111615K(111616K)->111601K(111616K) From: 0K(111104K)->0K(111104K)
[38.831s][info][gc,heap        ] GC(48) ParOldGen: 667562K(667648K)->667562K(667648K)
[38.831s][info][gc,metaspace   ] GC(48) Metaspace: 16921K(17152K)->16921K(17152K) NonClass: 15585K(15744K)->15585K(15744K) Class: 1336K(1408K)->1336K(1408K)
[38.831s][info][gc             ] GC(48) Pause Full (Allocation Failure) 760M->760M(869M) 570.821ms
[38.831s][info][gc,cpu         ] GC(48) User=1.12s Sys=0.00s Real=0.57s
[38.833s][info][gc,start       ] GC(49) Pause Full (Allocation Failure)
[38.833s][info][gc,phases,start] GC(49) Marking Phase
[39.136s][info][gc,phases      ] GC(49) Marking Phase 302.509ms
[39.136s][info][gc,phases,start] GC(49) Summary Phase
[39.136s][info][gc,phases      ] GC(49) Summary Phase 0.020ms
[39.136s][info][gc,phases,start] GC(49) Forward
[39.155s][info][gc,phases      ] GC(49) Forward 19.119ms
[39.155s][info][gc,phases,start] GC(49) Adjust Pointers
[39.318s][info][gc,phases      ] GC(49) Adjust Pointers 162.942ms
[39.318s][info][gc,phases,start] GC(49) Compaction Phase
[39.400s][info][gc,phases      ] GC(49) Compaction Phase 81.527ms
[39.400s][info][gc,phases,start] GC(49) Post Compact
[39.402s][info][gc,phases      ] GC(49) Post Compact 2.178ms
[39.402s][info][gc,heap        ] GC(49) PSYoungGen: 111615K(222720K)->111603K(222720K) Eden: 111615K(111616K)->111603K(111616K) From: 0K(111104K)->0K(111104K)
[39.402s][info][gc,heap        ] GC(49) ParOldGen: 667562K(667648K)->667562K(667648K)
[39.402s][info][gc,metaspace   ] GC(49) Metaspace: 16921K(17152K)->16921K(17152K) NonClass: 15585K(15744K)->15585K(15744K) Class: 1336K(1408K)->1336K(1408K)
[39.402s][info][gc             ] GC(49) Pause Full (Allocation Failure) 760M->760M(869M) 568.665ms
[39.402s][info][gc,cpu         ] GC(49) User=1.12s Sys=0.00s Real=0.57s
[39.404s][info][gc,start       ] GC(50) Pause Full (Allocation Failure)
[39.404s][info][gc,phases,start] GC(50) Marking Phase
[39.708s][info][gc,phases      ] GC(50) Marking Phase 303.859ms
[39.708s][info][gc,phases,start] GC(50) Summary Phase
[39.708s][info][gc,phases      ] GC(50) Summary Phase 0.021ms
[39.708s][info][gc,phases,start] GC(50) Forward
[39.727s][info][gc,phases      ] GC(50) Forward 18.965ms
[39.727s][info][gc,phases,start] GC(50) Adjust Pointers
[39.889s][info][gc,phases      ] GC(50) Adjust Pointers 161.830ms
[39.889s][info][gc,phases,start] GC(50) Compaction Phase
[39.971s][info][gc,phases      ] GC(50) Compaction Phase 81.618ms
[39.971s][info][gc,phases,start] GC(50) Post Compact
[39.973s][info][gc,phases      ] GC(50) Post Compact 2.236ms
[39.973s][info][gc,heap        ] GC(50) PSYoungGen: 111615K(222720K)->111607K(222720K) Eden: 111615K(111616K)->111607K(111616K) From: 0K(111104K)->0K(111104K)
[39.973s][info][gc,heap        ] GC(50) ParOldGen: 667562K(667648K)->667562K(667648K)
[39.973s][info][gc,metaspace   ] GC(50) Metaspace: 16921K(17152K)->16921K(17152K) NonClass: 15585K(15744K)->15585K(15744K) Class: 1336K(1408K)->1336K(1408K)
[39.973s][info][gc             ] GC(50) Pause Full (Allocation Failure) 760M->760M(869M) 568.848ms
[39.973s][info][gc,cpu         ] GC(50) User=1.12s Sys=0.00s Real=0.57s
[39.978s][info][gc,start       ] GC(51) Pause Full (Allocation Failure)
[39.978s][info][gc,phases,start] GC(51) Marking Phase
[40.288s][info][gc,phases      ] GC(51) Marking Phase 309.975ms
[40.288s][info][gc,phases,start] GC(51) Summary Phase
[40.288s][info][gc,phases      ] GC(51) Summary Phase 0.022ms
[40.288s][info][gc,phases,start] GC(51) Forward
[40.307s][info][gc,phases      ] GC(51) Forward 19.000ms
[40.307s][info][gc,phases,start] GC(51) Adjust Pointers
[40.470s][info][gc,phases      ] GC(51) Adjust Pointers 163.078ms
[40.470s][info][gc,phases,start] GC(51) Compaction Phase
[40.552s][info][gc,phases      ] GC(51) Compaction Phase 82.233ms
[40.552s][info][gc,phases,start] GC(51) Post Compact
[40.555s][info][gc,phases      ] GC(51) Post Compact 2.214ms
[40.555s][info][gc,heap        ] GC(51) PSYoungGen: 111615K(222720K)->111608K(222720K) Eden: 111615K(111616K)->111608K(111616K) From: 0K(111104K)->0K(111104K)
[40.555s][info][gc,heap        ] GC(51) ParOldGen: 667562K(667648K)->667562K(667648K)
[40.555s][info][gc,metaspace   ] GC(51) Metaspace: 16921K(17152K)->16921K(17152K) NonClass: 15585K(15744K)->15585K(15744K) Class: 1336K(1408K)->1336K(1408K)
[40.555s][info][gc             ] GC(51) Pause Full (Allocation Failure) 760M->760M(869M) 576.891ms
[40.555s][info][gc,cpu         ] GC(51) User=1.12s Sys=0.00s Real=0.58s
[40.555s][info][gc,start       ] GC(52) Pause Full (Allocation Failure)
[40.555s][info][gc,phases,start] GC(52) Marking Phase
[40.860s][info][gc,phases      ] GC(52) Marking Phase 305.405ms
[40.860s][info][gc,phases,start] GC(52) Summary Phase
[40.861s][info][gc,phases      ] GC(52) Summary Phase 0.020ms
[40.861s][info][gc,phases,start] GC(52) Forward
[40.881s][info][gc,phases      ] GC(52) Forward 20.631ms
[40.881s][info][gc,phases,start] GC(52) Adjust Pointers
[41.044s][info][gc,phases      ] GC(52) Adjust Pointers 163.278ms
[41.045s][info][gc,phases,start] GC(52) Compaction Phase
[41.127s][info][gc,phases      ] GC(52) Compaction Phase 82.153ms
[41.127s][info][gc,phases,start] GC(52) Post Compact
[41.129s][info][gc,phases      ] GC(52) Post Compact 2.224ms
[41.129s][info][gc,heap        ] GC(52) PSYoungGen: 111616K(222720K)->111609K(222720K) Eden: 111616K(111616K)->111609K(111616K) From: 0K(111104K)->0K(111104K)
[41.129s][info][gc,heap        ] GC(52) ParOldGen: 667562K(667648K)->667562K(667648K)
[41.129s][info][gc,metaspace   ] GC(52) Metaspace: 16921K(17152K)->16921K(17152K) NonClass: 15585K(15744K)->15585K(15744K) Class: 1336K(1408K)->1336K(1408K)
[41.129s][info][gc             ] GC(52) Pause Full (Allocation Failure) 760M->760M(869M) 574.044ms
[41.129s][info][gc,cpu         ] GC(52) User=1.13s Sys=0.00s Real=0.57s
[41.130s][info][gc,start       ] GC(53) Pause Full (Allocation Failure)
[41.130s][info][gc,phases,start] GC(53) Marking Phase
[41.448s][info][gc,phases      ] GC(53) Marking Phase 318.532ms
[41.448s][info][gc,phases,start] GC(53) Summary Phase
[41.448s][info][gc,phases      ] GC(53) Summary Phase 0.025ms
[41.448s][info][gc,phases,start] GC(53) Forward
[41.468s][info][gc,phases      ] GC(53) Forward 19.804ms
[41.468s][info][gc,phases,start] GC(53) Adjust Pointers
[41.635s][info][gc,phases      ] GC(53) Adjust Pointers 166.581ms
[41.635s][info][gc,phases,start] GC(53) Compaction Phase
[41.716s][info][gc,phases      ] GC(53) Compaction Phase 81.547ms
[41.716s][info][gc,phases,start] GC(53) Post Compact
[41.719s][info][gc,phases      ] GC(53) Post Compact 2.176ms
[41.719s][info][gc,heap        ] GC(53) PSYoungGen: 111616K(222720K)->111609K(222720K) Eden: 111616K(111616K)->111609K(111616K) From: 0K(111104K)->0K(111104K)
[41.719s][info][gc,heap        ] GC(53) ParOldGen: 667562K(667648K)->667562K(667648K)
[41.719s][info][gc,metaspace   ] GC(53) Metaspace: 16921K(17152K)->16921K(17152K) NonClass: 15585K(15744K)->15585K(15744K) Class: 1336K(1408K)->1336K(1408K)
[41.719s][info][gc             ] GC(53) Pause Full (Allocation Failure) 760M->760M(869M) 589.005ms
[41.719s][info][gc,cpu         ] GC(53) User=1.16s Sys=0.00s Real=0.58s
[41.719s][info][gc,start       ] GC(54) Pause Full (Allocation Failure)
[41.719s][info][gc,phases,start] GC(54) Marking Phase
[42.024s][info][gc,phases      ] GC(54) Marking Phase 304.974ms
[42.024s][info][gc,phases,start] GC(54) Summary Phase
[42.024s][info][gc,phases      ] GC(54) Summary Phase 0.021ms
[42.024s][info][gc,phases,start] GC(54) Forward
[42.043s][info][gc,phases      ] GC(54) Forward 18.882ms
[42.043s][info][gc,phases,start] GC(54) Adjust Pointers
[42.208s][info][gc,phases      ] GC(54) Adjust Pointers 164.692ms
[42.208s][info][gc,phases,start] GC(54) Compaction Phase
[42.290s][info][gc,phases      ] GC(54) Compaction Phase 81.626ms
[42.290s][info][gc,phases,start] GC(54) Post Compact
[42.292s][info][gc,phases      ] GC(54) Post Compact 2.219ms
[42.292s][info][gc,heap        ] GC(54) PSYoungGen: 111615K(222720K)->111611K(222720K) Eden: 111615K(111616K)->111611K(111616K) From: 0K(111104K)->0K(111104K)
[42.292s][info][gc,heap        ] GC(54) ParOldGen: 667562K(667648K)->667562K(667648K)
[42.292s][info][gc,metaspace   ] GC(54) Metaspace: 16921K(17152K)->16921K(17152K) NonClass: 15585K(15744K)->15585K(15744K) Class: 1336K(1408K)->1336K(1408K)
[42.292s][info][gc             ] GC(54) Pause Full (Allocation Failure) 760M->760M(869M) 572.732ms
[42.292s][info][gc,cpu         ] GC(54) User=1.12s Sys=0.00s Real=0.58s
[42.293s][info][gc,start       ] GC(55) Pause Full (Allocation Failure)
[42.293s][info][gc,phases,start] GC(55) Marking Phase
[42.599s][info][gc,phases      ] GC(55) Marking Phase 306.023ms
[42.599s][info][gc,phases,start] GC(55) Summary Phase
[42.599s][info][gc,phases      ] GC(55) Summary Phase 0.026ms
[42.599s][info][gc,phases,start] GC(55) Forward
[42.674s][info][gc,phases      ] GC(55) Forward 74.959ms
[42.674s][info][gc,phases,start] GC(55) Adjust Pointers
[42.862s][info][gc,phases      ] GC(55) Adjust Pointers 187.806ms
[42.862s][info][gc,phases,start] GC(55) Compaction Phase
[42.998s][info][gc,phases      ] GC(55) Compaction Phase 136.097ms
[42.999s][info][gc,phases,start] GC(55) Post Compact
[43.001s][info][metaspace      ] ChkMgr @0x00007efc2403ab00 (non-class-space): : reclaiming memory...
[43.001s][info][metaspace      ] ChkMgr @0x00007efc2403ab00 (non-class-space): nothing reclaimed.
[43.001s][info][metaspace      ] ChkMgr @0x00007efc2403a910 (class-space): : reclaiming memory...
[43.001s][info][metaspace      ] ChkMgr @0x00007efc2403a910 (class-space): nothing reclaimed.
[43.001s][info][gc,phases      ] GC(55) Post Compact 2.419ms
[43.001s][info][gc,heap        ] GC(55) PSYoungGen: 111615K(222720K)->69116K(222720K) Eden: 111615K(111616K)->69116K(111616K) From: 0K(111104K)->0K(111104K)
[43.001s][info][gc,heap        ] GC(55) ParOldGen: 667562K(667648K)->667446K(667648K)
[43.001s][info][gc,metaspace   ] GC(55) Metaspace: 16921K(17152K)->16821K(17152K) NonClass: 15585K(15744K)->15485K(15744K) Class: 1336K(1408K)->1335K(1408K)
[43.001s][info][gc             ] GC(55) Pause Full (Allocation Failure) 760M->719M(869M) 708.039ms
[43.001s][info][gc,cpu         ] GC(55) User=1.39s Sys=0.00s Real=0.71s
[43.048s][info][gc,start       ] GC(56) Pause Full (Allocation Failure)
[43.048s][info][gc,phases,start] GC(56) Marking Phase
[43.230s][info][gc,phases      ] GC(56) Marking Phase 181.711ms
[43.230s][info][gc,phases,start] GC(56) Summary Phase
[43.230s][info][gc,phases      ] GC(56) Summary Phase 0.024ms
[43.230s][info][gc,phases,start] GC(56) Forward
[43.298s][info][gc,phases      ] GC(56) Forward 68.271ms
[43.298s][info][gc,phases,start] GC(56) Adjust Pointers
[43.403s][info][gc,phases      ] GC(56) Adjust Pointers 104.480ms
[43.403s][info][gc,phases,start] GC(56) Compaction Phase
[43.467s][info][gc,phases      ] GC(56) Compaction Phase 64.638ms
[43.468s][info][gc,phases,start] GC(56) Post Compact
[43.470s][info][gc,phases      ] GC(56) Post Compact 2.174ms
[43.483s][info][gc,heap        ] GC(56) PSYoungGen: 111615K(222720K)->0K(222720K) Eden: 111615K(111616K)->0K(111616K) From: 0K(111104K)->0K(111104K)
[43.483s][info][gc,heap        ] GC(56) ParOldGen: 667446K(667648K)->284187K(479232K)
[43.483s][info][gc,metaspace   ] GC(56) Metaspace: 16821K(17152K)->16821K(17152K) NonClass: 15485K(15744K)->15485K(15744K) Class: 1335K(1408K)->1335K(1408K)
[43.483s][info][gc             ] GC(56) Pause Full (Allocation Failure) 760M->277M(685M) 434.975ms
[43.483s][info][gc,cpu         ] GC(56) User=0.78s Sys=0.02s Real=0.44s
[43.601s][info][gc,start       ] GC(57) Pause Young (Allocation Failure)
[43.627s][info][gc,heap        ] GC(57) PSYoungGen: 111616K(222720K)->24240K(222720K) Eden: 111616K(111616K)->0K(111616K) From: 0K(111104K)->24240K(111104K)
[43.627s][info][gc,heap        ] GC(57) ParOldGen: 284187K(479232K)->284187K(479232K)
[43.627s][info][gc,metaspace   ] GC(57) Metaspace: 16821K(17152K)->16821K(17152K) NonClass: 15485K(15744K)->15485K(15744K) Class: 1335K(1408K)->1335K(1408K)
[43.627s][info][gc             ] GC(57) Pause Young (Allocation Failure) 386M->301M(685M) 25.630ms
[43.627s][info][gc,cpu         ] GC(57) User=0.05s Sys=0.00s Real=0.02s
[43.786s][info][gc,start       ] GC(58) Pause Young (Allocation Failure)
[43.835s][info][gc,heap        ] GC(58) PSYoungGen: 135856K(222720K)->31712K(222720K) Eden: 111616K(111616K)->0K(111616K) From: 24240K(111104K)->31712K(111104K)
[43.836s][info][gc,heap        ] GC(58) ParOldGen: 284187K(479232K)->308595K(479232K)
[43.836s][info][gc,metaspace   ] GC(58) Metaspace: 16821K(17152K)->16821K(17152K) NonClass: 15485K(15744K)->15485K(15744K) Class: 1336K(1408K)->1336K(1408K)
[43.836s][info][gc             ] GC(58) Pause Young (Allocation Failure) 410M->332M(685M) 49.196ms
[43.836s][info][gc,cpu         ] GC(58) User=0.09s Sys=0.00s Real=0.05s
[44.101s][info][gc,start       ] GC(59) Pause Young (Allocation Failure)
[44.141s][info][gc,heap        ] GC(59) PSYoungGen: 143328K(222720K)->23050K(222720K) Eden: 111616K(111616K)->0K(111616K) From: 31712K(111104K)->23050K(111104K)
[44.141s][info][gc,heap        ] GC(59) ParOldGen: 308595K(479232K)->340886K(479232K)
[44.141s][info][gc,metaspace   ] GC(59) Metaspace: 16821K(17152K)->16821K(17152K) NonClass: 15485K(15744K)->15485K(15744K) Class: 1336K(1408K)->1336K(1408K)
[44.141s][info][gc             ] GC(59) Pause Young (Allocation Failure) 441M->355M(685M) 40.228ms
[44.141s][info][gc,cpu         ] GC(59) User=0.08s Sys=0.00s Real=0.04s
[44.389s][info][gc,start       ] GC(60) Pause Young (Allocation Failure)
[44.420s][info][gc,heap        ] GC(60) PSYoungGen: 134666K(222720K)->1152K(222720K) Eden: 111616K(111616K)->0K(111616K) From: 23050K(111104K)->1152K(111104K)
[44.420s][info][gc,heap        ] GC(60) ParOldGen: 340886K(479232K)->364487K(479232K)
[44.420s][info][gc,metaspace   ] GC(60) Metaspace: 16821K(17152K)->16821K(17152K) NonClass: 15485K(15744K)->15485K(15744K) Class: 1336K(1408K)->1336K(1408K)
[44.421s][info][gc             ] GC(60) Pause Young (Allocation Failure) 464M->357M(685M) 31.408ms
[44.421s][info][gc,cpu         ] GC(60) User=0.06s Sys=0.00s Real=0.04s
[44.627s][info][gc,start       ] GC(61) Pause Young (Allocation Failure)
[44.647s][info][gc,heap        ] GC(61) PSYoungGen: 112768K(222720K)->1120K(222720K) Eden: 111616K(111616K)->0K(111616K) From: 1152K(111104K)->1120K(111104K)
[44.647s][info][gc,heap        ] GC(61) ParOldGen: 364487K(479232K)->365599K(479232K)
[44.647s][info][gc,metaspace   ] GC(61) Metaspace: 16821K(17152K)->16821K(17152K) NonClass: 15485K(15744K)->15485K(15744K) Class: 1336K(1408K)->1336K(1408K)
[44.647s][info][gc             ] GC(61) Pause Young (Allocation Failure) 466M->358M(685M) 20.221ms
[44.647s][info][gc,cpu         ] GC(61) User=0.04s Sys=0.00s Real=0.02s
[45.570s][info][gc,start       ] GC(62) Pause Young (Allocation Failure)
[45.642s][info][gc,heap        ] GC(62) PSYoungGen: 112736K(222720K)->74608K(222720K) Eden: 111616K(111616K)->0K(111616K) From: 1120K(111104K)->74608K(111104K)
[45.642s][info][gc,heap        ] GC(62) ParOldGen: 365599K(479232K)->366687K(479232K)
[45.642s][info][gc,metaspace   ] GC(62) Metaspace: 17042K(17344K)->17042K(17344K) NonClass: 15675K(15872K)->15675K(15872K) Class: 1367K(1472K)->1367K(1472K)
[45.642s][info][gc             ] GC(62) Pause Young (Allocation Failure) 467M->430M(685M) 72.497ms
[45.642s][info][gc,cpu         ] GC(62) User=0.14s Sys=0.00s Real=0.07s
[45.950s][info][gc,start       ] GC(63) Pause Young (Allocation Failure)
[46.057s][info][gc,heap        ] GC(63) PSYoungGen: 186224K(222720K)->55968K(222720K) Eden: 111616K(111616K)->0K(111616K) From: 74608K(111104K)->55968K(111104K)
[46.057s][info][gc,heap        ] GC(63) ParOldGen: 366687K(479232K)->441588K(479232K)
[46.057s][info][gc,metaspace   ] GC(63) Metaspace: 17057K(17344K)->17057K(17344K) NonClass: 15690K(15872K)->15690K(15872K) Class: 1367K(1472K)->1367K(1472K)
[46.057s][info][gc             ] GC(63) Pause Young (Allocation Failure) 539M->485M(685M) 107.526ms
[46.057s][info][gc,cpu         ] GC(63) User=0.22s Sys=0.00s Real=0.10s
[46.476s][info][gc,start       ] GC(64) Pause Young (Allocation Failure)
[46.544s][info][gc,heap        ] GC(64) PSYoungGen: 167584K(222720K)->46376K(222720K) Eden: 111616K(111616K)->0K(111616K) From: 55968K(111104K)->46376K(111104K)
[46.544s][info][gc,heap        ] GC(64) ParOldGen: 441588K(479232K)->497820K(498176K)
[46.544s][info][gc,metaspace   ] GC(64) Metaspace: 17247K(17472K)->17247K(17472K) NonClass: 15873K(16000K)->15873K(16000K) Class: 1373K(1472K)->1373K(1472K)
[46.544s][info][gc             ] GC(64) Pause Young (Allocation Failure) 594M->531M(704M) 68.200ms
[46.544s][info][gc,cpu         ] GC(64) User=0.12s Sys=0.02s Real=0.07s
[48.157s][info][gc,start       ] GC(65) Pause Young (Allocation Failure)
[48.191s][info][gc,heap        ] GC(65) PSYoungGen: 157992K(222720K)->34475K(222720K) Eden: 111616K(111616K)->0K(111616K) From: 46376K(111104K)->34475K(111104K)
[48.191s][info][gc,heap        ] GC(65) ParOldGen: 497820K(498176K)->517733K(518144K)
[48.191s][info][gc,metaspace   ] GC(65) Metaspace: 17282K(17536K)->17282K(17536K) NonClass: 15907K(16064K)->15907K(16064K) Class: 1374K(1472K)->1374K(1472K)
[48.191s][info][gc             ] GC(65) Pause Young (Allocation Failure) 640M->539M(723M) 34.868ms
[48.191s][info][gc,cpu         ] GC(65) User=0.06s Sys=0.02s Real=0.04s
[50.023s][info][gc,start       ] GC(66) Pause Young (Allocation Failure)
[50.062s][info][gc,heap        ] GC(66) PSYoungGen: 144353K(222720K)->47971K(222720K) Eden: 109877K(111616K)->0K(111616K) From: 34475K(111104K)->47971K(111104K)
[50.062s][info][gc,heap        ] GC(66) ParOldGen: 517733K(518144K)->551647K(552448K)
[50.062s][info][gc,metaspace   ] GC(66) Metaspace: 17299K(17536K)->17299K(17536K) NonClass: 15923K(16064K)->15923K(16064K) Class: 1375K(1472K)->1375K(1472K)
[50.062s][info][gc             ] GC(66) Pause Young (Allocation Failure) 646M->585M(757M) 38.435ms
[50.062s][info][gc,cpu         ] GC(66) User=0.05s Sys=0.03s Real=0.04s
[50.710s][info][gc,start       ] GC(67) Pause Young (Allocation Failure)
[50.747s][info][gc,heap        ] GC(67) PSYoungGen: 158154K(222720K)->50425K(222720K) Eden: 110183K(111616K)->0K(111616K) From: 47971K(111104K)->50425K(111104K)
[50.747s][info][gc,heap        ] GC(67) ParOldGen: 551647K(552448K)->591641K(592384K)
[50.747s][info][gc,metaspace   ] GC(67) Metaspace: 17321K(17600K)->17321K(17600K) NonClass: 15946K(16128K)->15946K(16128K) Class: 1375K(1472K)->1375K(1472K)
[50.748s][info][gc             ] GC(67) Pause Young (Allocation Failure) 693M->627M(796M) 37.947ms
[50.748s][info][gc,cpu         ] GC(67) User=0.05s Sys=0.03s Real=0.04s
[51.287s][info][gc,start       ] GC(68) Pause Full (Allocation Failure)
[51.287s][info][gc,phases,start] GC(68) Marking Phase
[51.565s][info][gc,phases      ] GC(68) Marking Phase 278.319ms
[51.565s][info][gc,phases,start] GC(68) Summary Phase
[51.565s][info][gc,phases      ] GC(68) Summary Phase 0.043ms
[51.565s][info][gc,phases,start] GC(68) Forward
[51.653s][info][gc,phases      ] GC(68) Forward 87.458ms
[51.653s][info][gc,phases,start] GC(68) Adjust Pointers
[51.832s][info][gc,phases      ] GC(68) Adjust Pointers 178.831ms
[51.832s][info][gc,phases,start] GC(68) Compaction Phase
[51.976s][info][gc,phases      ] GC(68) Compaction Phase 144.318ms
[51.976s][info][gc,phases,start] GC(68) Post Compact
[51.978s][info][gc,phases      ] GC(68) Post Compact 2.138ms
[51.978s][info][gc,heap        ] GC(68) PSYoungGen: 148300K(222720K)->11446K(222720K) Eden: 97874K(111616K)->0K(111616K) From: 50425K(111104K)->11446K(111104K)
[51.978s][info][gc,heap        ] GC(68) ParOldGen: 591641K(592384K)->590080K(667648K)
[51.978s][info][gc,metaspace   ] GC(68) Metaspace: 17323K(17600K)->17323K(17600K) NonClass: 15948K(16128K)->15948K(16128K) Class: 1375K(1472K)->1375K(1472K)
[51.979s][info][gc             ] GC(68) Pause Full (Allocation Failure) 722M->587M(869M) 691.820ms
[51.979s][info][gc,cpu         ] GC(68) User=1.33s Sys=0.00s Real=0.69s
[52.461s][info][gc,start       ] GC(69) Pause Full (Allocation Failure)
[52.461s][info][gc,phases,start] GC(69) Marking Phase
[52.475s][info][gc,phases      ] GC(69) Marking Phase 14.010ms
[52.475s][info][gc,phases,start] GC(69) Summary Phase
[52.475s][info][gc,phases      ] GC(69) Summary Phase 0.024ms
[52.475s][info][gc,phases,start] GC(69) Forward
[52.476s][info][gc,phases      ] GC(69) Forward 1.065ms
[52.476s][info][gc,phases,start] GC(69) Adjust Pointers
[52.483s][info][gc,phases      ] GC(69) Adjust Pointers 6.658ms
[52.483s][info][gc,phases,start] GC(69) Compaction Phase
[52.501s][info][gc,phases      ] GC(69) Compaction Phase 17.963ms
[52.501s][info][gc,phases,start] GC(69) Post Compact
[52.503s][info][gc,phases      ] GC(69) Post Compact 2.236ms
[52.520s][info][gc,heap        ] GC(69) PSYoungGen: 121801K(222720K)->0K(222720K) Eden: 110355K(111616K)->0K(111616K) From: 11446K(111104K)->0K(111104K)
[52.520s][info][gc,heap        ] GC(69) ParOldGen: 590080K(667648K)->173414K(354304K)
[52.520s][info][gc,metaspace   ] GC(69) Metaspace: 17323K(17600K)->17323K(17600K) NonClass: 15948K(16128K)->15948K(16128K) Class: 1375K(1472K)->1375K(1472K)
[52.520s][info][gc             ] GC(69) Pause Full (Allocation Failure) 695M->169M(563M) 59.192ms
[52.520s][info][gc,cpu         ] GC(69) User=0.07s Sys=0.02s Real=0.06s
[53.041s][info][gc,start       ] GC(70) Pause Young (Allocation Failure)
[53.053s][info][gc,heap        ] GC(70) PSYoungGen: 107184K(222720K)->85108K(222720K) Eden: 107184K(111616K)->0K(111616K) From: 0K(111104K)->85108K(111104K)
[53.053s][info][gc,heap        ] GC(70) ParOldGen: 173414K(354304K)->173414K(354304K)
[53.053s][info][gc,metaspace   ] GC(70) Metaspace: 17324K(17600K)->17324K(17600K) NonClass: 15948K(16128K)->15948K(16128K) Class: 1375K(1472K)->1375K(1472K)
[53.053s][info][gc             ] GC(70) Pause Young (Allocation Failure) 274M->252M(563M) 12.541ms
[53.053s][info][gc,cpu         ] GC(70) User=0.02s Sys=0.00s Real=0.01s
[53.257s][info][gc,start       ] GC(71) Pause Young (Allocation Failure)
[53.281s][info][gc,heap        ] GC(71) PSYoungGen: 196724K(222720K)->47129K(222720K) Eden: 111616K(111616K)->0K(111616K) From: 85108K(111104K)->47129K(111104K)
[53.281s][info][gc,heap        ] GC(71) ParOldGen: 173414K(354304K)->217596K(354304K)
[53.281s][info][gc,metaspace   ] GC(71) Metaspace: 17324K(17600K)->17324K(17600K) NonClass: 15948K(16128K)->15948K(16128K) Class: 1375K(1472K)->1375K(1472K)
[53.281s][info][gc             ] GC(71) Pause Young (Allocation Failure) 361M->258M(563M) 24.039ms
[53.281s][info][gc,cpu         ] GC(71) User=0.05s Sys=0.00s Real=0.03s
[53.365s][info][gc,start       ] GC(72) Pause Young (Allocation Failure)
[53.409s][info][gc,heap        ] GC(72) PSYoungGen: 158745K(222720K)->57892K(222720K) Eden: 111616K(111616K)->0K(111616K) From: 47129K(111104K)->57892K(111104K)
[53.409s][info][gc,heap        ] GC(72) ParOldGen: 217596K(354304K)->264716K(354304K)
[53.409s][info][gc,metaspace   ] GC(72) Metaspace: 17324K(17600K)->17324K(17600K) NonClass: 15948K(16128K)->15948K(16128K) Class: 1375K(1472K)->1375K(1472K)
[53.409s][info][gc             ] GC(72) Pause Young (Allocation Failure) 367M->315M(563M) 43.607ms
[53.409s][info][gc,cpu         ] GC(72) User=0.09s Sys=0.00s Real=0.04s
[53.488s][info][gc,start       ] GC(73) Pause Young (Allocation Failure)
[53.536s][info][gc,heap        ] GC(73) PSYoungGen: 169508K(222720K)->54499K(222720K) Eden: 111616K(111616K)->0K(111616K) From: 57892K(111104K)->54499K(111104K)
[53.536s][info][gc,heap        ] GC(73) ParOldGen: 264716K(354304K)->322662K(354304K)
[53.536s][info][gc,metaspace   ] GC(73) Metaspace: 17324K(17600K)->17324K(17600K) NonClass: 15948K(16128K)->15948K(16128K) Class: 1375K(1472K)->1375K(1472K)
[53.536s][info][gc             ] GC(73) Pause Young (Allocation Failure) 424M->368M(563M) 48.318ms
[53.536s][info][gc,cpu         ] GC(73) User=0.10s Sys=0.00s Real=0.05s
[53.598s][info][gc,start       ] GC(74) Pause Young (Allocation Failure)
[53.648s][info][gc,heap        ] GC(74) PSYoungGen: 138147K(222720K)->39866K(222720K) Eden: 83647K(111616K)->0K(111616K) From: 54499K(111104K)->39866K(111104K)
[53.648s][info][gc,heap        ] GC(74) ParOldGen: 322662K(354304K)->377192K(377344K)
[53.648s][info][gc,metaspace   ] GC(74) Metaspace: 17324K(17600K)->17324K(17600K) NonClass: 15949K(16128K)->15949K(16128K) Class: 1375K(1472K)->1375K(1472K)
[53.648s][info][gc             ] GC(74) Pause Young (Allocation Failure) 450M->407M(586M) 50.527ms
[53.648s][info][gc,cpu         ] GC(74) User=0.08s Sys=0.02s Real=0.05s
[53.919s][info][gc,start       ] GC(75) Pause Young (Allocation Failure)
[53.964s][info][gc,heap        ] GC(75) PSYoungGen: 131740K(222720K)->91347K(222720K) Eden: 91874K(111616K)->0K(111616K) From: 39866K(111104K)->91347K(111104K)
[53.964s][info][gc,heap        ] GC(75) ParOldGen: 377192K(377344K)->417192K(417280K)
[53.964s][info][gc,metaspace   ] GC(75) Metaspace: 17324K(17600K)->17324K(17600K) NonClass: 15949K(16128K)->15949K(16128K) Class: 1375K(1472K)->1375K(1472K)
[53.964s][info][gc             ] GC(75) Pause Young (Allocation Failure) 497M->496M(625M) 45.728ms
[53.964s][info][gc,cpu         ] GC(75) User=0.06s Sys=0.03s Real=0.05s
[55.571s][info][gc,start       ] GC(76) Pause Young (Allocation Failure)
[55.642s][info][gc,heap        ] GC(76) PSYoungGen: 202963K(222720K)->51149K(222720K) Eden: 111616K(111616K)->0K(111616K) From: 91347K(111104K)->51149K(111104K)
[55.642s][info][gc,heap        ] GC(76) ParOldGen: 417192K(417280K)->478085K(478720K)
[55.642s][info][gc,metaspace   ] GC(76) Metaspace: 17432K(17664K)->17432K(17664K) NonClass: 16044K(16192K)->16044K(16192K) Class: 1387K(1472K)->1387K(1472K)
[55.642s][info][gc             ] GC(76) Pause Young (Allocation Failure) 605M->516M(685M) 70.775ms
[55.642s][info][gc,cpu         ] GC(76) User=0.11s Sys=0.03s Real=0.07s
[55.938s][info][gc,start       ] GC(77) Pause Young (Allocation Failure)
[56.039s][info][gc,heap        ] GC(77) PSYoungGen: 162765K(222720K)->56641K(222720K) Eden: 111616K(111616K)->0K(111616K) From: 51149K(111104K)->56641K(111104K)
[56.039s][info][gc,heap        ] GC(77) ParOldGen: 478085K(478720K)->529385K(529408K)
[56.039s][info][gc,metaspace   ] GC(77) Metaspace: 17471K(17728K)->17471K(17728K) NonClass: 16083K(16256K)->16083K(16256K) Class: 1387K(1472K)->1387K(1472K)
[56.039s][info][gc             ] GC(77) Pause Young (Allocation Failure) 625M->572M(734M) 101.758ms
[56.039s][info][gc,cpu         ] GC(77) User=0.16s Sys=0.04s Real=0.10s
[56.641s][info][gc,start       ] GC(78) Pause Young (Allocation Failure)
[56.767s][info][gc,heap        ] GC(78) PSYoungGen: 168257K(222720K)->100651K(222720K) Eden: 111616K(111616K)->0K(111616K) From: 56641K(111104K)->100651K(111104K)
[56.767s][info][gc,heap        ] GC(78) ParOldGen: 529385K(529408K)->586120K(586240K)
[56.767s][info][gc,metaspace   ] GC(78) Metaspace: 17604K(17856K)->17604K(17856K) NonClass: 16209K(16384K)->16209K(16384K) Class: 1395K(1472K)->1395K(1472K)
[56.767s][info][gc             ] GC(78) Pause Young (Allocation Failure) 681M->670M(790M) 126.507ms
[56.767s][info][gc,cpu         ] GC(78) User=0.21s Sys=0.04s Real=0.12s
[58.897s][info][gc,start       ] GC(79) Pause Full (Allocation Failure)
[58.897s][info][gc,phases,start] GC(79) Marking Phase
[59.032s][info][gc,phases      ] GC(79) Marking Phase 134.788ms
[59.032s][info][gc,phases,start] GC(79) Summary Phase
[59.032s][info][gc,phases      ] GC(79) Summary Phase 0.047ms
[59.032s][info][gc,phases,start] GC(79) Forward
[59.086s][info][gc,phases      ] GC(79) Forward 53.674ms
[59.086s][info][gc,phases,start] GC(79) Adjust Pointers
[59.171s][info][gc,phases      ] GC(79) Adjust Pointers 84.972ms
[59.171s][info][gc,phases,start] GC(79) Compaction Phase
[59.266s][info][gc,phases      ] GC(79) Compaction Phase 95.240ms
[59.266s][info][gc,phases,start] GC(79) Post Compact
[59.269s][info][gc,phases      ] GC(79) Post Compact 2.296ms
[59.269s][info][gc,heap        ] GC(79) PSYoungGen: 212267K(222720K)->1791K(222720K) Eden: 111616K(111616K)->0K(111616K) From: 100651K(111104K)->1791K(111104K)
[59.269s][info][gc,heap        ] GC(79) ParOldGen: 586120K(586240K)->586153K(667648K)
[59.269s][info][gc,metaspace   ] GC(79) Metaspace: 17607K(17856K)->17607K(17856K) NonClass: 16212K(16384K)->16212K(16384K) Class: 1395K(1472K)->1395K(1472K)
[59.269s][info][gc             ] GC(79) Pause Full (Allocation Failure) 779M->574M(869M) 371.724ms
[59.269s][info][gc,cpu         ] GC(79) User=0.69s Sys=0.00s Real=0.37s
[59.404s][info][gc,start       ] GC(80) Pause Full (Allocation Failure)
[59.405s][info][gc,phases,start] GC(80) Marking Phase
[59.468s][info][gc,phases      ] GC(80) Marking Phase 63.633ms
[59.468s][info][gc,phases,start] GC(80) Summary Phase
[59.468s][info][gc,phases      ] GC(80) Summary Phase 0.034ms
[59.468s][info][gc,phases,start] GC(80) Forward
[59.496s][info][gc,phases      ] GC(80) Forward 27.328ms
[59.496s][info][gc,phases,start] GC(80) Adjust Pointers
[59.535s][info][gc,phases      ] GC(80) Adjust Pointers 39.390ms
[59.535s][info][gc,phases,start] GC(80) Compaction Phase
[59.590s][info][gc,phases      ] GC(80) Compaction Phase 54.865ms
[59.590s][info][gc,phases,start] GC(80) Post Compact
[59.592s][info][gc,phases      ] GC(80) Post Compact 2.117ms
[59.594s][info][gc,heap        ] GC(80) PSYoungGen: 113407K(222720K)->0K(222720K) Eden: 111616K(111616K)->0K(111616K) From: 1791K(111104K)->0K(111104K)
[59.594s][info][gc,heap        ] GC(80) ParOldGen: 586153K(667648K)->372344K(562176K)
[59.594s][info][gc,metaspace   ] GC(80) Metaspace: 17607K(17856K)->17607K(17856K) NonClass: 16212K(16384K)->16212K(16384K) Class: 1395K(1472K)->1395K(1472K)
[59.594s][info][gc             ] GC(80) Pause Full (Allocation Failure) 683M->363M(766M) 189.397ms
[59.594s][info][gc,cpu         ] GC(80) User=0.34s Sys=0.00s Real=0.19s
[59.703s][info][gc,start       ] GC(81) Pause Young (Allocation Failure)
[59.738s][info][gc,heap        ] GC(81) PSYoungGen: 111616K(222720K)->80107K(222720K) Eden: 111616K(111616K)->0K(111616K) From: 0K(111104K)->80107K(111104K)
[59.738s][info][gc,heap        ] GC(81) ParOldGen: 372344K(562176K)->372344K(562176K)
[59.738s][info][gc,metaspace   ] GC(81) Metaspace: 17607K(17856K)->17607K(17856K) NonClass: 16212K(16384K)->16212K(16384K) Class: 1395K(1472K)->1395K(1472K)
[59.738s][info][gc             ] GC(81) Pause Young (Allocation Failure) 472M->441M(766M) 34.364ms
[59.738s][info][gc,cpu         ] GC(81) User=0.07s Sys=0.00s Real=0.03s
[59.853s][info][gc,start       ] GC(82) Pause Young (Allocation Failure)
[59.923s][info][gc,heap        ] GC(82) PSYoungGen: 191723K(222720K)->74983K(222720K) Eden: 111616K(111616K)->0K(111616K) From: 80107K(111104K)->74983K(111104K)
[59.923s][info][gc,heap        ] GC(82) ParOldGen: 372344K(562176K)->452047K(562176K)
[59.923s][info][gc,metaspace   ] GC(82) Metaspace: 17607K(17856K)->17607K(17856K) NonClass: 16212K(16384K)->16212K(16384K) Class: 1395K(1472K)->1395K(1472K)
[59.923s][info][gc             ] GC(82) Pause Young (Allocation Failure) 550M->514M(766M) 69.461ms
[59.923s][info][gc,cpu         ] GC(82) User=0.14s Sys=0.00s Real=0.07s
[60.282s][info][gc,start       ] GC(83) Pause Young (Allocation Failure)
[60.336s][info][gc,heap        ] GC(83) PSYoungGen: 186599K(222720K)->108102K(222720K) Eden: 111616K(111616K)->0K(111616K) From: 74983K(111104K)->108102K(111104K)
[60.336s][info][gc,heap        ] GC(83) ParOldGen: 452047K(562176K)->526000K(562176K)
[60.336s][info][gc,metaspace   ] GC(83) Metaspace: 17613K(17856K)->17613K(17856K) NonClass: 16217K(16384K)->16217K(16384K) Class: 1396K(1472K)->1396K(1472K)
[60.336s][info][gc             ] GC(83) Pause Young (Allocation Failure) 623M->619M(766M) 53.665ms
[60.336s][info][gc,cpu         ] GC(83) User=0.11s Sys=0.00s Real=0.05s
[61.227s][info][gc,start       ] GC(84) Pause Young (Allocation Failure)
[61.301s][info][gc,heap        ] GC(84) PSYoungGen: 218941K(222720K)->92471K(222720K) Eden: 110839K(111616K)->0K(111616K) From: 108102K(111104K)->92471K(111104K)
[61.301s][info][gc,heap        ] GC(84) ParOldGen: 526000K(562176K)->627865K(628224K)
[61.301s][info][gc,metaspace   ] GC(84) Metaspace: 17662K(17920K)->17662K(17920K) NonClass: 16248K(16448K)->16248K(16448K) Class: 1414K(1472K)->1414K(1472K)
[61.301s][info][gc             ] GC(84) Pause Young (Allocation Failure) 727M->703M(831M) 73.972ms
[61.301s][info][gc,cpu         ] GC(84) User=0.10s Sys=0.05s Real=0.08s
[61.368s][info][gc,start       ] GC(85) Pause Full (Allocation Failure)
[61.368s][info][gc,phases,start] GC(85) Marking Phase
[61.483s][info][gc,phases      ] GC(85) Marking Phase 115.099ms
[61.483s][info][gc,phases,start] GC(85) Summary Phase
[61.483s][info][gc,phases      ] GC(85) Summary Phase 0.025ms
[61.483s][info][gc,phases,start] GC(85) Forward
[61.526s][info][gc,phases      ] GC(85) Forward 43.120ms
[61.526s][info][gc,phases,start] GC(85) Adjust Pointers
[61.603s][info][gc,phases      ] GC(85) Adjust Pointers 76.923ms
[61.603s][info][gc,phases,start] GC(85) Compaction Phase
[61.708s][info][gc,phases      ] GC(85) Compaction Phase 104.946ms
[61.708s][info][gc,phases,start] GC(85) Post Compact
[61.711s][info][gc,phases      ] GC(85) Post Compact 2.509ms
[61.711s][info][gc,heap        ] GC(85) PSYoungGen: 196104K(222720K)->74903K(222720K) Eden: 103632K(111616K)->0K(111616K) From: 92471K(111104K)->74903K(111104K)
[61.711s][info][gc,heap        ] GC(85) ParOldGen: 627865K(628224K)->628206K(667648K)
[61.711s][info][gc,metaspace   ] GC(85) Metaspace: 17749K(18048K)->17749K(18048K) NonClass: 16317K(16512K)->16317K(16512K) Class: 1431K(1536K)->1431K(1536K)
[61.711s][info][gc             ] GC(85) Pause Full (Allocation Failure) 804M->686M(869M) 343.237ms
[61.711s][info][gc,cpu         ] GC(85) User=0.64s Sys=0.01s Real=0.35s
[62.463s][info][gc,start       ] GC(86) Pause Full (Allocation Failure)
[62.463s][info][gc,phases,start] GC(86) Marking Phase
[62.509s][info][gc,phases      ] GC(86) Marking Phase 45.058ms
[62.509s][info][gc,phases,start] GC(86) Summary Phase
[62.509s][info][gc,phases      ] GC(86) Summary Phase 0.026ms
[62.509s][info][gc,phases,start] GC(86) Forward
[62.525s][info][gc,phases      ] GC(86) Forward 16.578ms
[62.525s][info][gc,phases,start] GC(86) Adjust Pointers
[62.552s][info][gc,phases      ] GC(86) Adjust Pointers 27.190ms
[62.553s][info][gc,phases,start] GC(86) Compaction Phase
[62.603s][info][gc,phases      ] GC(86) Compaction Phase 50.312ms
[62.603s][info][gc,phases,start] GC(86) Post Compact
[62.605s][info][gc,phases      ] GC(86) Post Compact 2.442ms
[62.605s][info][gc,heap        ] GC(86) PSYoungGen: 186519K(222720K)->0K(222720K) Eden: 111616K(111616K)->0K(111616K) From: 74903K(111104K)->0K(111104K)
[62.605s][info][gc,heap        ] GC(86) ParOldGen: 628206K(667648K)->563463K(667648K)
[62.605s][info][gc,metaspace   ] GC(86) Metaspace: 17938K(18176K)->17938K(18176K) NonClass: 16492K(16640K)->16492K(16640K) Class: 1446K(1536K)->1446K(1536K)
[62.605s][info][gc             ] GC(86) Pause Full (Allocation Failure) 795M->550M(869M) 142.017ms
[62.605s][info][gc,cpu         ] GC(86) User=0.26s Sys=0.00s Real=0.14s
[63.320s][info][gc,start       ] GC(87) Pause Full (Allocation Failure)
[63.320s][info][gc,phases,start] GC(87) Marking Phase
[63.409s][info][gc,phases      ] GC(87) Marking Phase 89.768ms
[63.410s][info][gc,phases,start] GC(87) Summary Phase
[63.410s][info][gc,phases      ] GC(87) Summary Phase 0.025ms
[63.410s][info][gc,phases,start] GC(87) Forward
[63.435s][info][gc,phases      ] GC(87) Forward 25.901ms
[63.436s][info][gc,phases,start] GC(87) Adjust Pointers
[63.484s][info][gc,phases      ] GC(87) Adjust Pointers 48.537ms
[63.484s][info][gc,phases,start] GC(87) Compaction Phase
[63.551s][info][gc,phases      ] GC(87) Compaction Phase 67.051ms
[63.551s][info][gc,phases,start] GC(87) Post Compact
[63.553s][info][gc,phases      ] GC(87) Post Compact 2.071ms
[63.553s][info][gc,heap        ] GC(87) PSYoungGen: 111616K(222720K)->0K(222720K) Eden: 111616K(111616K)->0K(111616K) From: 0K(111104K)->0K(111104K)
[63.553s][info][gc,heap        ] GC(87) ParOldGen: 563463K(667648K)->571633K(667648K)
[63.554s][info][gc,metaspace   ] GC(87) Metaspace: 18032K(18304K)->18032K(18304K) NonClass: 16583K(16768K)->16583K(16768K) Class: 1448K(1536K)->1448K(1536K)
[63.554s][info][gc             ] GC(87) Pause Full (Allocation Failure) 659M->558M(869M) 233.892ms
[63.554s][info][gc,cpu         ] GC(87) User=0.44s Sys=0.00s Real=0.23s
[63.705s][info][gc,start       ] GC(88) Pause Full (Allocation Failure)
[63.705s][info][gc,phases,start] GC(88) Marking Phase
[63.856s][info][gc,phases      ] GC(88) Marking Phase 150.862ms
[63.856s][info][gc,phases,start] GC(88) Summary Phase
[63.856s][info][gc,phases      ] GC(88) Summary Phase 0.025ms
[63.856s][info][gc,phases,start] GC(88) Forward
[63.874s][info][gc,phases      ] GC(88) Forward 17.695ms
[63.874s][info][gc,phases,start] GC(88) Adjust Pointers
[63.954s][info][gc,phases      ] GC(88) Adjust Pointers 80.175ms
[63.954s][info][gc,phases,start] GC(88) Compaction Phase
[64.029s][info][gc,phases      ] GC(88) Compaction Phase 74.728ms
[64.029s][info][gc,phases,start] GC(88) Post Compact
[64.032s][info][gc,phases      ] GC(88) Post Compact 3.152ms
[64.032s][info][gc,heap        ] GC(88) PSYoungGen: 111616K(222720K)->0K(222720K) Eden: 111616K(111616K)->0K(111616K) From: 0K(111104K)->0K(111104K)
[64.032s][info][gc,heap        ] GC(88) ParOldGen: 571633K(667648K)->667328K(667648K)
[64.032s][info][gc,metaspace   ] GC(88) Metaspace: 18032K(18304K)->18032K(18304K) NonClass: 16583K(16768K)->16583K(16768K) Class: 1448K(1536K)->1448K(1536K)
[64.032s][info][gc             ] GC(88) Pause Full (Allocation Failure) 667M->651M(869M) 327.109ms
[64.032s][info][gc,cpu         ] GC(88) User=0.60s Sys=0.03s Real=0.33s
[64.140s][info][gc,start       ] GC(89) Pause Full (Allocation Failure)
[64.140s][info][gc,phases,start] GC(89) Marking Phase
[64.349s][info][gc,phases      ] GC(89) Marking Phase 208.881ms
[64.349s][info][gc,phases,start] GC(89) Summary Phase
[64.349s][info][gc,phases      ] GC(89) Summary Phase 0.025ms
[64.349s][info][gc,phases,start] GC(89) Forward
[64.426s][info][gc,phases      ] GC(89) Forward 77.520ms
[64.426s][info][gc,phases,start] GC(89) Adjust Pointers
[64.547s][info][gc,phases      ] GC(89) Adjust Pointers 120.986ms
[64.547s][info][gc,phases,start] GC(89) Compaction Phase
[64.667s][info][gc,phases      ] GC(89) Compaction Phase 119.344ms
[64.667s][info][gc,phases,start] GC(89) Post Compact
[64.669s][info][gc,phases      ] GC(89) Post Compact 2.269ms
[64.669s][info][gc,heap        ] GC(89) PSYoungGen: 111616K(222720K)->54982K(222720K) Eden: 111616K(111616K)->54982K(111616K) From: 0K(111104K)->0K(111104K)
[64.669s][info][gc,heap        ] GC(89) ParOldGen: 667328K(667648K)->667278K(667648K)
[64.669s][info][gc,metaspace   ] GC(89) Metaspace: 18032K(18304K)->18032K(18304K) NonClass: 16583K(16768K)->16583K(16768K) Class: 1448K(1536K)->1448K(1536K)
[64.669s][info][gc             ] GC(89) Pause Full (Allocation Failure) 760M->705M(869M) 529.584ms
[64.669s][info][gc,cpu         ] GC(89) User=0.99s Sys=0.00s Real=0.52s
[64.724s][info][gc,start       ] GC(90) Pause Full (Allocation Failure)
[64.724s][info][gc,phases,start] GC(90) Marking Phase
[64.970s][info][gc,phases      ] GC(90) Marking Phase 245.738ms
[64.970s][info][gc,phases,start] GC(90) Summary Phase
[64.970s][info][gc,phases      ] GC(90) Summary Phase 0.023ms
[64.970s][info][gc,phases,start] GC(90) Forward
[64.988s][info][gc,phases      ] GC(90) Forward 18.244ms
[64.989s][info][gc,phases,start] GC(90) Adjust Pointers
[65.115s][info][gc,phases      ] GC(90) Adjust Pointers 126.011ms
[65.115s][info][gc,phases,start] GC(90) Compaction Phase
[65.188s][info][gc,phases      ] GC(90) Compaction Phase 73.468ms
[65.188s][info][gc,phases,start] GC(90) Post Compact
[65.190s][info][gc,phases      ] GC(90) Post Compact 2.264ms
[65.190s][info][gc,heap        ] GC(90) PSYoungGen: 111616K(222720K)->100215K(222720K) Eden: 111616K(111616K)->100215K(111616K) From: 0K(111104K)->0K(111104K)
[65.190s][info][gc,heap        ] GC(90) ParOldGen: 667278K(667648K)->667278K(667648K)
[65.190s][info][gc,metaspace   ] GC(90) Metaspace: 18032K(18304K)->18032K(18304K) NonClass: 16583K(16768K)->16583K(16768K) Class: 1448K(1536K)->1448K(1536K)
[65.191s][info][gc             ] GC(90) Pause Full (Allocation Failure) 760M->749M(869M) 466.170ms
[65.191s][info][gc,cpu         ] GC(90) User=0.87s Sys=0.00s Real=0.47s
[65.202s][info][gc,start       ] GC(91) Pause Full (Allocation Failure)
[65.202s][info][gc,phases,start] GC(91) Marking Phase
[65.437s][info][gc,phases      ] GC(91) Marking Phase 235.059ms
[65.437s][info][gc,phases,start] GC(91) Summary Phase
[65.437s][info][gc,phases      ] GC(91) Summary Phase 0.022ms
[65.437s][info][gc,phases,start] GC(91) Forward
[65.453s][info][gc,phases      ] GC(91) Forward 16.300ms
[65.453s][info][gc,phases,start] GC(91) Adjust Pointers
[65.573s][info][gc,phases      ] GC(91) Adjust Pointers 120.282ms
[65.573s][info][gc,phases,start] GC(91) Compaction Phase
[65.643s][info][gc,phases      ] GC(91) Compaction Phase 70.088ms
[65.644s][info][gc,phases,start] GC(91) Post Compact
[65.646s][info][gc,phases      ] GC(91) Post Compact 2.245ms
[65.646s][info][gc,heap        ] GC(91) PSYoungGen: 111616K(222720K)->109306K(222720K) Eden: 111616K(111616K)->109306K(111616K) From: 0K(111104K)->0K(111104K)
[65.646s][info][gc,heap        ] GC(91) ParOldGen: 667278K(667648K)->667278K(667648K)
[65.646s][info][gc,metaspace   ] GC(91) Metaspace: 18032K(18304K)->18032K(18304K) NonClass: 16583K(16768K)->16583K(16768K) Class: 1448K(1536K)->1448K(1536K)
[65.646s][info][gc             ] GC(91) Pause Full (Allocation Failure) 760M->758M(869M) 444.323ms
[65.646s][info][gc,cpu         ] GC(91) User=0.87s Sys=0.00s Real=0.44s
[65.649s][info][gc,start       ] GC(92) Pause Full (Allocation Failure)
[65.649s][info][gc,phases,start] GC(92) Marking Phase
[65.882s][info][gc,phases      ] GC(92) Marking Phase 233.096ms
[65.882s][info][gc,phases,start] GC(92) Summary Phase
[65.882s][info][gc,phases      ] GC(92) Summary Phase 0.020ms
[65.882s][info][gc,phases,start] GC(92) Forward
[65.898s][info][gc,phases      ] GC(92) Forward 16.313ms
[65.898s][info][gc,phases,start] GC(92) Adjust Pointers
[66.019s][info][gc,phases      ] GC(92) Adjust Pointers 121.125ms
[66.019s][info][gc,phases,start] GC(92) Compaction Phase
[66.092s][info][gc,phases      ] GC(92) Compaction Phase 73.066ms
[66.092s][info][gc,phases,start] GC(92) Post Compact
[66.095s][info][gc,phases      ] GC(92) Post Compact 2.320ms
[66.095s][info][gc,heap        ] GC(92) PSYoungGen: 111616K(222720K)->111144K(222720K) Eden: 111616K(111616K)->111144K(111616K) From: 0K(111104K)->0K(111104K)
[66.095s][info][gc,heap        ] GC(92) ParOldGen: 667278K(667648K)->667278K(667648K)
[66.095s][info][gc,metaspace   ] GC(92) Metaspace: 18032K(18304K)->18032K(18304K) NonClass: 16583K(16768K)->16583K(16768K) Class: 1448K(1536K)->1448K(1536K)
[66.095s][info][gc             ] GC(92) Pause Full (Allocation Failure) 760M->760M(869M) 446.325ms
[66.095s][info][gc,cpu         ] GC(92) User=0.87s Sys=0.01s Real=0.45s
[66.096s][info][gc,start       ] GC(93) Pause Full (Allocation Failure)
[66.096s][info][gc,phases,start] GC(93) Marking Phase
[66.336s][info][gc,phases      ] GC(93) Marking Phase 240.421ms
[66.336s][info][gc,phases,start] GC(93) Summary Phase
[66.336s][info][gc,phases      ] GC(93) Summary Phase 0.022ms
[66.336s][info][gc,phases,start] GC(93) Forward
[66.353s][info][gc,phases      ] GC(93) Forward 16.512ms
[66.353s][info][gc,phases,start] GC(93) Adjust Pointers
[66.473s][info][gc,phases      ] GC(93) Adjust Pointers 119.824ms
[66.473s][info][gc,phases,start] GC(93) Compaction Phase
[66.543s][info][gc,phases      ] GC(93) Compaction Phase 70.320ms
[66.543s][info][gc,phases,start] GC(93) Post Compact
[66.545s][info][gc,phases      ] GC(93) Post Compact 2.265ms
[66.545s][info][gc,heap        ] GC(93) PSYoungGen: 111616K(222720K)->111520K(222720K) Eden: 111616K(111616K)->111520K(111616K) From: 0K(111104K)->0K(111104K)
[66.545s][info][gc,heap        ] GC(93) ParOldGen: 667278K(667648K)->667278K(667648K)
[66.545s][info][gc,metaspace   ] GC(93) Metaspace: 18032K(18304K)->18032K(18304K) NonClass: 16583K(16768K)->16583K(16768K) Class: 1448K(1536K)->1448K(1536K)
[66.545s][info][gc             ] GC(93) Pause Full (Allocation Failure) 760M->760M(869M) 449.699ms
[66.545s][info][gc,cpu         ] GC(93) User=0.88s Sys=0.00s Real=0.45s
[66.546s][info][gc,start       ] GC(94) Pause Full (Allocation Failure)
[66.546s][info][gc,phases,start] GC(94) Marking Phase
[66.780s][info][gc,phases      ] GC(94) Marking Phase 234.078ms
[66.780s][info][gc,phases,start] GC(94) Summary Phase
[66.780s][info][gc,phases      ] GC(94) Summary Phase 0.020ms
[66.780s][info][gc,phases,start] GC(94) Forward
[66.797s][info][gc,phases      ] GC(94) Forward 16.751ms
[66.797s][info][gc,phases,start] GC(94) Adjust Pointers
[66.917s][info][gc,phases      ] GC(94) Adjust Pointers 119.654ms
[66.917s][info][gc,phases,start] GC(94) Compaction Phase
[66.988s][info][gc,phases      ] GC(94) Compaction Phase 71.772ms
[66.988s][info][gc,phases,start] GC(94) Post Compact
[66.991s][info][gc,phases      ] GC(94) Post Compact 2.275ms
[66.991s][info][gc,heap        ] GC(94) PSYoungGen: 111616K(222720K)->111596K(222720K) Eden: 111616K(111616K)->111596K(111616K) From: 0K(111104K)->0K(111104K)
[66.991s][info][gc,heap        ] GC(94) ParOldGen: 667278K(667648K)->667278K(667648K)
[66.991s][info][gc,metaspace   ] GC(94) Metaspace: 18032K(18304K)->18032K(18304K) NonClass: 16583K(16768K)->16583K(16768K) Class: 1448K(1536K)->1448K(1536K)
[66.991s][info][gc             ] GC(94) Pause Full (Allocation Failure) 760M->760M(869M) 444.907ms
[66.991s][info][gc,cpu         ] GC(94) User=0.87s Sys=0.00s Real=0.45s
[66.991s][info][gc,start       ] GC(95) Pause Full (Allocation Failure)
[66.991s][info][gc,phases,start] GC(95) Marking Phase
[67.231s][info][gc,phases      ] GC(95) Marking Phase 239.765ms
[67.231s][info][gc,phases,start] GC(95) Summary Phase
[67.231s][info][gc,phases      ] GC(95) Summary Phase 0.022ms
[67.231s][info][gc,phases,start] GC(95) Forward
[67.248s][info][gc,phases      ] GC(95) Forward 16.989ms
[67.248s][info][gc,phases,start] GC(95) Adjust Pointers
[67.369s][info][gc,phases      ] GC(95) Adjust Pointers 120.427ms
[67.369s][info][gc,phases,start] GC(95) Compaction Phase
[67.440s][info][gc,phases      ] GC(95) Compaction Phase 71.830ms
[67.441s][info][gc,phases,start] GC(95) Post Compact
[67.443s][info][gc,phases      ] GC(95) Post Compact 2.250ms
[67.443s][info][gc,heap        ] GC(95) PSYoungGen: 111616K(222720K)->111611K(222720K) Eden: 111616K(111616K)->111611K(111616K) From: 0K(111104K)->0K(111104K)
[67.443s][info][gc,heap        ] GC(95) ParOldGen: 667278K(667648K)->667278K(667648K)
[67.443s][info][gc,metaspace   ] GC(95) Metaspace: 18032K(18304K)->18032K(18304K) NonClass: 16583K(16768K)->16583K(16768K) Class: 1448K(1536K)->1448K(1536K)
[67.443s][info][gc             ] GC(95) Pause Full (Allocation Failure) 760M->760M(869M) 451.699ms
[67.443s][info][gc,cpu         ] GC(95) User=0.88s Sys=0.00s Real=0.45s
[67.443s][info][gc,start       ] GC(96) Pause Full (Allocation Failure)
[67.443s][info][gc,phases,start] GC(96) Marking Phase
[67.681s][info][gc,phases      ] GC(96) Marking Phase 238.217ms
[67.682s][info][gc,phases,start] GC(96) Summary Phase
[67.682s][info][gc,phases      ] GC(96) Summary Phase 0.022ms
[67.682s][info][gc,phases,start] GC(96) Forward
[67.698s][info][gc,phases      ] GC(96) Forward 16.738ms
[67.698s][info][gc,phases,start] GC(96) Adjust Pointers
[67.819s][info][gc,phases      ] GC(96) Adjust Pointers 120.189ms
[67.819s][info][gc,phases,start] GC(96) Compaction Phase
[67.890s][info][gc,phases      ] GC(96) Compaction Phase 71.659ms
[67.890s][info][gc,phases,start] GC(96) Post Compact
[67.893s][info][gc,phases      ] GC(96) Post Compact 2.298ms
[67.893s][info][gc,heap        ] GC(96) PSYoungGen: 111616K(222720K)->111614K(222720K) Eden: 111616K(111616K)->111614K(111616K) From: 0K(111104K)->0K(111104K)
[67.893s][info][gc,heap        ] GC(96) ParOldGen: 667278K(667648K)->667278K(667648K)
[67.893s][info][gc,metaspace   ] GC(96) Metaspace: 18032K(18304K)->18032K(18304K) NonClass: 16583K(16768K)->16583K(16768K) Class: 1448K(1536K)->1448K(1536K)
[67.893s][info][gc             ] GC(96) Pause Full (Allocation Failure) 760M->760M(869M) 449.499ms
[67.893s][info][gc,cpu         ] GC(96) User=0.88s Sys=0.00s Real=0.45s
[67.893s][info][gc,start       ] GC(97) Pause Full (Allocation Failure)
[67.893s][info][gc,phases,start] GC(97) Marking Phase
[68.132s][info][gc,phases      ] GC(97) Marking Phase 238.892ms
[68.132s][info][gc,phases,start] GC(97) Summary Phase
[68.132s][info][gc,phases      ] GC(97) Summary Phase 0.023ms
[68.132s][info][gc,phases,start] GC(97) Forward
[68.149s][info][gc,phases      ] GC(97) Forward 16.786ms
[68.149s][info][gc,phases,start] GC(97) Adjust Pointers
[68.270s][info][gc,phases      ] GC(97) Adjust Pointers 120.958ms
[68.270s][info][gc,phases,start] GC(97) Compaction Phase
[68.342s][info][gc,phases      ] GC(97) Compaction Phase 72.127ms
[68.342s][info][gc,phases,start] GC(97) Post Compact
[68.344s][info][gc,phases      ] GC(97) Post Compact 2.248ms
[68.344s][info][gc,heap        ] GC(97) PSYoungGen: 111616K(222720K)->111615K(222720K) Eden: 111616K(111616K)->111615K(111616K) From: 0K(111104K)->0K(111104K)
[68.344s][info][gc,heap        ] GC(97) ParOldGen: 667278K(667648K)->667278K(667648K)
[68.344s][info][gc,metaspace   ] GC(97) Metaspace: 18032K(18304K)->18032K(18304K) NonClass: 16583K(16768K)->16583K(16768K) Class: 1448K(1536K)->1448K(1536K)
[68.344s][info][gc             ] GC(97) Pause Full (Allocation Failure) 760M->760M(869M) 451.343ms
[68.344s][info][gc,cpu         ] GC(97) User=0.88s Sys=0.00s Real=0.45s
[68.344s][info][gc,start       ] GC(98) Pause Full (Allocation Failure)
[68.344s][info][gc,phases,start] GC(98) Marking Phase
[68.586s][info][gc,phases      ] GC(98) Marking Phase 241.964ms
[68.586s][info][gc,phases,start] GC(98) Summary Phase
[68.586s][info][gc,phases      ] GC(98) Summary Phase 0.023ms
[68.587s][info][gc,phases,start] GC(98) Forward
[68.605s][info][gc,phases      ] GC(98) Forward 18.293ms
[68.605s][info][gc,phases,start] GC(98) Adjust Pointers
[68.726s][info][gc,phases      ] GC(98) Adjust Pointers 121.569ms
[68.727s][info][gc,phases,start] GC(98) Compaction Phase
[68.798s][info][gc,phases      ] GC(98) Compaction Phase 71.634ms
[68.798s][info][gc,phases,start] GC(98) Post Compact
[68.801s][info][gc,phases      ] GC(98) Post Compact 2.229ms
[68.801s][info][gc,heap        ] GC(98) PSYoungGen: 111616K(222720K)->111616K(222720K) Eden: 111616K(111616K)->111616K(111616K) From: 0K(111104K)->0K(111104K)
[68.801s][info][gc,heap        ] GC(98) ParOldGen: 667278K(667648K)->667278K(667648K)
[68.801s][info][gc,metaspace   ] GC(98) Metaspace: 18032K(18304K)->18032K(18304K) NonClass: 16583K(16768K)->16583K(16768K) Class: 1448K(1536K)->1448K(1536K)
[68.801s][info][gc             ] GC(98) Pause Full (Allocation Failure) 760M->760M(869M) 456.179ms
[68.801s][info][gc,cpu         ] GC(98) User=0.88s Sys=0.00s Real=0.46s
[68.801s][info][gc,start       ] GC(99) Pause Full (Allocation Failure)
[68.801s][info][gc,phases,start] GC(99) Marking Phase
[69.046s][info][gc,phases      ] GC(99) Marking Phase 244.972ms
[69.046s][info][gc,phases,start] GC(99) Summary Phase
[69.046s][info][gc,phases      ] GC(99) Summary Phase 0.022ms
[69.046s][info][gc,phases,start] GC(99) Forward
[69.063s][info][gc,phases      ] GC(99) Forward 16.996ms
[69.063s][info][gc,phases,start] GC(99) Adjust Pointers
[69.184s][info][gc,phases      ] GC(99) Adjust Pointers 121.567ms
[69.184s][info][gc,phases,start] GC(99) Compaction Phase
[69.257s][info][gc,phases      ] GC(99) Compaction Phase 72.275ms
[69.257s][info][gc,phases,start] GC(99) Post Compact
[69.259s][info][gc,phases      ] GC(99) Post Compact 2.234ms
[69.259s][info][gc,heap        ] GC(99) PSYoungGen: 111616K(222720K)->111616K(222720K) Eden: 111616K(111616K)->111616K(111616K) From: 0K(111104K)->0K(111104K)
[69.259s][info][gc,heap        ] GC(99) ParOldGen: 667278K(667648K)->667278K(667648K)
[69.259s][info][gc,metaspace   ] GC(99) Metaspace: 18032K(18304K)->18032K(18304K) NonClass: 16583K(16768K)->16583K(16768K) Class: 1448K(1536K)->1448K(1536K)
[69.259s][info][gc             ] GC(99) Pause Full (Allocation Failure) 760M->760M(869M) 458.392ms
[69.259s][info][gc,cpu         ] GC(99) User=0.89s Sys=0.01s Real=0.45s
[69.259s][info][gc,start       ] GC(100) Pause Full (Allocation Failure)
[69.259s][info][gc,phases,start] GC(100) Marking Phase
[69.498s][info][gc,phases      ] GC(100) Marking Phase 238.700ms
[69.498s][info][gc,phases,start] GC(100) Summary Phase
[69.498s][info][gc,phases      ] GC(100) Summary Phase 0.021ms
[69.498s][info][gc,phases,start] GC(100) Forward
[69.517s][info][gc,phases      ] GC(100) Forward 19.330ms
[69.518s][info][gc,phases,start] GC(100) Adjust Pointers
[69.638s][info][gc,phases      ] GC(100) Adjust Pointers 120.460ms
[69.638s][info][gc,phases,start] GC(100) Compaction Phase
[69.710s][info][gc,phases      ] GC(100) Compaction Phase 72.088ms
[69.710s][info][gc,phases,start] GC(100) Post Compact
[69.713s][info][gc,phases      ] GC(100) Post Compact 2.274ms
[69.713s][info][gc,heap        ] GC(100) PSYoungGen: 111616K(222720K)->111615K(222720K) Eden: 111616K(111616K)->111615K(111616K) From: 0K(111104K)->0K(111104K)
[69.713s][info][gc,heap        ] GC(100) ParOldGen: 667278K(667648K)->667278K(667648K)
[69.713s][info][gc,metaspace   ] GC(100) Metaspace: 18032K(18304K)->18032K(18304K) NonClass: 16583K(16768K)->16583K(16768K) Class: 1448K(1536K)->1448K(1536K)
[69.713s][info][gc             ] GC(100) Pause Full (Allocation Failure) 760M->760M(869M) 453.225ms
[69.713s][info][gc,cpu         ] GC(100) User=0.88s Sys=0.00s Real=0.46s
[69.713s][info][gc,start       ] GC(101) Pause Full (Allocation Failure)
[69.713s][info][gc,phases,start] GC(101) Marking Phase
[69.952s][info][gc,phases      ] GC(101) Marking Phase 239.504ms
[69.952s][info][gc,phases,start] GC(101) Summary Phase
[69.952s][info][gc,phases      ] GC(101) Summary Phase 0.022ms
[69.952s][info][gc,phases,start] GC(101) Forward
[69.969s][info][gc,phases      ] GC(101) Forward 17.097ms
[69.969s][info][gc,phases,start] GC(101) Adjust Pointers
[70.093s][info][gc,phases      ] GC(101) Adjust Pointers 123.847ms
[70.093s][info][gc,phases,start] GC(101) Compaction Phase
[70.165s][info][gc,phases      ] GC(101) Compaction Phase 71.694ms
[70.165s][info][gc,phases,start] GC(101) Post Compact
[70.167s][info][gc,phases      ] GC(101) Post Compact 2.263ms
[70.167s][info][gc,heap        ] GC(101) PSYoungGen: 111616K(222720K)->111616K(222720K) Eden: 111616K(111616K)->111616K(111616K) From: 0K(111104K)->0K(111104K)
[70.168s][info][gc,heap        ] GC(101) ParOldGen: 667278K(667648K)->667278K(667648K)
[70.168s][info][gc,metaspace   ] GC(101) Metaspace: 18032K(18304K)->18032K(18304K) NonClass: 16583K(16768K)->16583K(16768K) Class: 1448K(1536K)->1448K(1536K)
[70.168s][info][gc             ] GC(101) Pause Full (Allocation Failure) 760M->760M(869M) 454.791ms
[70.168s][info][gc,cpu         ] GC(101) User=0.88s Sys=0.00s Real=0.45s
[70.168s][info][gc,start       ] GC(102) Pause Full (Allocation Failure)
[70.168s][info][gc,phases,start] GC(102) Marking Phase
[70.406s][info][gc,phases      ] GC(102) Marking Phase 238.198ms
[70.406s][info][gc,phases,start] GC(102) Summary Phase
[70.406s][info][gc,phases      ] GC(102) Summary Phase 0.022ms
[70.406s][info][gc,phases,start] GC(102) Forward
[70.423s][info][gc,phases      ] GC(102) Forward 16.781ms
[70.423s][info][gc,phases,start] GC(102) Adjust Pointers
[70.542s][info][gc,phases      ] GC(102) Adjust Pointers 119.255ms
[70.542s][info][gc,phases,start] GC(102) Compaction Phase
[70.613s][info][gc,phases      ] GC(102) Compaction Phase 71.091ms
[70.613s][info][gc,phases,start] GC(102) Post Compact
[70.616s][info][gc,phases      ] GC(102) Post Compact 2.228ms
[70.616s][info][gc,heap        ] GC(102) PSYoungGen: 111616K(222720K)->111616K(222720K) Eden: 111616K(111616K)->111616K(111616K) From: 0K(111104K)->0K(111104K)
[70.616s][info][gc,heap        ] GC(102) ParOldGen: 667278K(667648K)->667278K(667648K)
[70.616s][info][gc,metaspace   ] GC(102) Metaspace: 18032K(18304K)->18032K(18304K) NonClass: 16583K(16768K)->16583K(16768K) Class: 1448K(1536K)->1448K(1536K)
[70.616s][info][gc             ] GC(102) Pause Full (Allocation Failure) 760M->760M(869M) 447.947ms
[70.616s][info][gc,cpu         ] GC(102) User=0.88s Sys=0.00s Real=0.45s
[70.616s][info][gc,start       ] GC(103) Pause Full (Allocation Failure)
[70.616s][info][gc,phases,start] GC(103) Marking Phase
[70.855s][info][gc,phases      ] GC(103) Marking Phase 239.114ms
[70.855s][info][gc,phases,start] GC(103) Summary Phase
[70.855s][info][gc,phases      ] GC(103) Summary Phase 0.022ms
[70.855s][info][gc,phases,start] GC(103) Forward
[70.872s][info][gc,phases      ] GC(103) Forward 16.902ms
[70.872s][info][gc,phases,start] GC(103) Adjust Pointers
[70.993s][info][gc,phases      ] GC(103) Adjust Pointers 121.314ms
[70.993s][info][gc,phases,start] GC(103) Compaction Phase
[71.067s][info][gc,phases      ] GC(103) Compaction Phase 73.969ms
[71.067s][info][gc,phases,start] GC(103) Post Compact
[71.070s][info][gc,phases      ] GC(103) Post Compact 2.289ms
[71.070s][info][gc,heap        ] GC(103) PSYoungGen: 111616K(222720K)->111615K(222720K) Eden: 111616K(111616K)->111615K(111616K) From: 0K(111104K)->0K(111104K)
[71.070s][info][gc,heap        ] GC(103) ParOldGen: 667278K(667648K)->667278K(667648K)
[71.070s][info][gc,metaspace   ] GC(103) Metaspace: 18032K(18304K)->18032K(18304K) NonClass: 16583K(16768K)->16583K(16768K) Class: 1448K(1536K)->1448K(1536K)
[71.070s][info][gc             ] GC(103) Pause Full (Allocation Failure) 760M->760M(869M) 453.942ms
[71.070s][info][gc,cpu         ] GC(103) User=0.88s Sys=0.00s Real=0.46s
[71.070s][info][gc,start       ] GC(104) Pause Full (Allocation Failure)
[71.070s][info][gc,phases,start] GC(104) Marking Phase
[71.342s][info][gc,phases      ] GC(104) Marking Phase 272.278ms
[71.342s][info][gc,phases,start] GC(104) Summary Phase
[71.342s][info][gc,phases      ] GC(104) Summary Phase 0.023ms
[71.342s][info][gc,phases,start] GC(104) Forward
[71.359s][info][gc,phases      ] GC(104) Forward 17.070ms
[71.359s][info][gc,phases,start] GC(104) Adjust Pointers
[71.486s][info][gc,phases      ] GC(104) Adjust Pointers 126.978ms
[71.486s][info][gc,phases,start] GC(104) Compaction Phase
[71.559s][info][gc,phases      ] GC(104) Compaction Phase 72.552ms
[71.559s][info][gc,phases,start] GC(104) Post Compact
[71.561s][info][gc,phases      ] GC(104) Post Compact 2.278ms
[71.561s][info][gc,heap        ] GC(104) PSYoungGen: 111615K(222720K)->111615K(222720K) Eden: 111615K(111616K)->111615K(111616K) From: 0K(111104K)->0K(111104K)
[71.561s][info][gc,heap        ] GC(104) ParOldGen: 667278K(667648K)->667278K(667648K)
[71.561s][info][gc,metaspace   ] GC(104) Metaspace: 18032K(18304K)->18032K(18304K) NonClass: 16583K(16768K)->16583K(16768K) Class: 1448K(1536K)->1448K(1536K)
[71.561s][info][gc             ] GC(104) Pause Full (Allocation Failure) 760M->760M(869M) 491.587ms
[71.562s][info][gc,cpu         ] GC(104) User=0.96s Sys=0.00s Real=0.49s
[71.562s][info][gc,start       ] GC(105) Pause Full (Allocation Failure)
[71.562s][info][gc,phases,start] GC(105) Marking Phase
[71.806s][info][gc,phases      ] GC(105) Marking Phase 244.448ms
[71.806s][info][gc,phases,start] GC(105) Summary Phase
[71.806s][info][gc,phases      ] GC(105) Summary Phase 0.023ms
[71.806s][info][gc,phases,start] GC(105) Forward
[71.823s][info][gc,phases      ] GC(105) Forward 16.969ms
[71.823s][info][gc,phases,start] GC(105) Adjust Pointers
[71.945s][info][gc,phases      ] GC(105) Adjust Pointers 121.996ms
[71.945s][info][gc,phases,start] GC(105) Compaction Phase
[72.017s][info][gc,phases      ] GC(105) Compaction Phase 71.754ms
[72.017s][info][gc,phases,start] GC(105) Post Compact
[72.019s][info][gc,phases      ] GC(105) Post Compact 2.244ms
[72.019s][info][gc,heap        ] GC(105) PSYoungGen: 111615K(222720K)->111615K(222720K) Eden: 111615K(111616K)->111615K(111616K) From: 0K(111104K)->0K(111104K)
[72.019s][info][gc,heap        ] GC(105) ParOldGen: 667278K(667648K)->667278K(667648K)
[72.019s][info][gc,metaspace   ] GC(105) Metaspace: 18032K(18304K)->18032K(18304K) NonClass: 16583K(16768K)->16583K(16768K) Class: 1448K(1536K)->1448K(1536K)
[72.019s][info][gc             ] GC(105) Pause Full (Allocation Failure) 760M->760M(869M) 457.805ms
[72.019s][info][gc,cpu         ] GC(105) User=0.89s Sys=0.00s Real=0.45s
[72.020s][info][gc,start       ] GC(106) Pause Full (Allocation Failure)
[72.020s][info][gc,phases,start] GC(106) Marking Phase
[72.264s][info][gc,phases      ] GC(106) Marking Phase 243.929ms
[72.264s][info][gc,phases,start] GC(106) Summary Phase
[72.264s][info][gc,phases      ] GC(106) Summary Phase 0.022ms
[72.264s][info][gc,phases,start] GC(106) Forward
[72.281s][info][gc,phases      ] GC(106) Forward 17.082ms
[72.281s][info][gc,phases,start] GC(106) Adjust Pointers
[72.403s][info][gc,phases      ] GC(106) Adjust Pointers 122.645ms
[72.404s][info][gc,phases,start] GC(106) Compaction Phase
[72.476s][info][gc,phases      ] GC(106) Compaction Phase 72.433ms
[72.476s][info][gc,phases,start] GC(106) Post Compact
[72.478s][info][gc,phases      ] GC(106) Post Compact 2.249ms
[72.478s][info][gc,heap        ] GC(106) PSYoungGen: 111615K(222720K)->111615K(222720K) Eden: 111615K(111616K)->111615K(111616K) From: 0K(111104K)->0K(111104K)
[72.478s][info][gc,heap        ] GC(106) ParOldGen: 667278K(667648K)->667278K(667648K)
[72.478s][info][gc,metaspace   ] GC(106) Metaspace: 18032K(18304K)->18032K(18304K) NonClass: 16583K(16768K)->16583K(16768K) Class: 1448K(1536K)->1448K(1536K)
[72.478s][info][gc             ] GC(106) Pause Full (Allocation Failure) 760M->760M(869M) 458.760ms
[72.478s][info][gc,cpu         ] GC(106) User=0.89s Sys=0.00s Real=0.45s
[72.478s][info][gc,start       ] GC(107) Pause Full (Allocation Failure)
[72.478s][info][gc,phases,start] GC(107) Marking Phase
[72.722s][info][gc,phases      ] GC(107) Marking Phase 243.648ms
[72.722s][info][gc,phases,start] GC(107) Summary Phase
[72.722s][info][gc,phases      ] GC(107) Summary Phase 0.032ms
[72.722s][info][gc,phases,start] GC(107) Forward
[72.739s][info][gc,phases      ] GC(107) Forward 17.108ms
[72.739s][info][gc,phases,start] GC(107) Adjust Pointers
[72.867s][info][gc,phases      ] GC(107) Adjust Pointers 127.383ms
[72.867s][info][gc,phases,start] GC(107) Compaction Phase
[72.941s][info][gc,phases      ] GC(107) Compaction Phase 74.563ms
[72.942s][info][gc,phases,start] GC(107) Post Compact
[72.944s][info][gc,phases      ] GC(107) Post Compact 2.257ms
[72.944s][info][gc,heap        ] GC(107) PSYoungGen: 111615K(222720K)->111615K(222720K) Eden: 111615K(111616K)->111615K(111616K) From: 0K(111104K)->0K(111104K)
[72.944s][info][gc,heap        ] GC(107) ParOldGen: 667278K(667648K)->667278K(667648K)
[72.944s][info][gc,metaspace   ] GC(107) Metaspace: 18032K(18304K)->18032K(18304K) NonClass: 16583K(16768K)->16583K(16768K) Class: 1448K(1536K)->1448K(1536K)
[72.944s][info][gc             ] GC(107) Pause Full (Allocation Failure) 760M->760M(869M) 465.369ms
[72.944s][info][gc,cpu         ] GC(107) User=0.91s Sys=0.00s Real=0.47s
[72.944s][info][gc,start       ] GC(108) Pause Full (Allocation Failure)
[72.944s][info][gc,phases,start] GC(108) Marking Phase
[73.186s][info][gc,phases      ] GC(108) Marking Phase 241.594ms
[73.186s][info][gc,phases,start] GC(108) Summary Phase
[73.186s][info][gc,phases      ] GC(108) Summary Phase 0.023ms
[73.186s][info][gc,phases,start] GC(108) Forward
[73.203s][info][gc,phases      ] GC(108) Forward 16.942ms
[73.203s][info][gc,phases,start] GC(108) Adjust Pointers
[73.325s][info][gc,phases      ] GC(108) Adjust Pointers 122.354ms
[73.325s][info][gc,phases,start] GC(108) Compaction Phase
[73.397s][info][gc,phases      ] GC(108) Compaction Phase 71.956ms
[73.397s][info][gc,phases,start] GC(108) Post Compact
[73.400s][info][gc,phases      ] GC(108) Post Compact 2.370ms
[73.400s][info][gc,heap        ] GC(108) PSYoungGen: 111615K(222720K)->111615K(222720K) Eden: 111615K(111616K)->111615K(111616K) From: 0K(111104K)->0K(111104K)
[73.400s][info][gc,heap        ] GC(108) ParOldGen: 667278K(667648K)->667278K(667648K)
[73.400s][info][gc,metaspace   ] GC(108) Metaspace: 18032K(18304K)->18032K(18304K) NonClass: 16583K(16768K)->16583K(16768K) Class: 1448K(1536K)->1448K(1536K)
[73.400s][info][gc             ] GC(108) Pause Full (Allocation Failure) 760M->760M(869M) 455.629ms
[73.400s][info][gc,cpu         ] GC(108) User=0.89s Sys=0.00s Real=0.46s
[73.400s][info][gc,start       ] GC(109) Pause Full (Allocation Failure)
[73.400s][info][gc,phases,start] GC(109) Marking Phase
[73.641s][info][gc,phases      ] GC(109) Marking Phase 241.161ms
[73.641s][info][gc,phases,start] GC(109) Summary Phase
[73.641s][info][gc,phases      ] GC(109) Summary Phase 0.025ms
[73.641s][info][gc,phases,start] GC(109) Forward
[73.658s][info][gc,phases      ] GC(109) Forward 17.021ms
[73.658s][info][gc,phases,start] GC(109) Adjust Pointers
[73.781s][info][gc,phases      ] GC(109) Adjust Pointers 122.553ms
[73.781s][info][gc,phases,start] GC(109) Compaction Phase
[73.853s][info][gc,phases      ] GC(109) Compaction Phase 71.983ms
[73.853s][info][gc,phases,start] GC(109) Post Compact
[73.855s][info][gc,phases      ] GC(109) Post Compact 2.255ms
[73.855s][info][gc,heap        ] GC(109) PSYoungGen: 111615K(222720K)->111615K(222720K) Eden: 111615K(111616K)->111615K(111616K) From: 0K(111104K)->0K(111104K)
[73.855s][info][gc,heap        ] GC(109) ParOldGen: 667278K(667648K)->667278K(667648K)
[73.855s][info][gc,metaspace   ] GC(109) Metaspace: 18032K(18304K)->18032K(18304K) NonClass: 16583K(16768K)->16583K(16768K) Class: 1448K(1536K)->1448K(1536K)
[73.855s][info][gc             ] GC(109) Pause Full (Allocation Failure) 760M->760M(869M) 455.366ms
[73.855s][info][gc,cpu         ] GC(109) User=0.89s Sys=0.00s Real=0.45s
[73.855s][info][gc,start       ] GC(110) Pause Full (Allocation Failure)
[73.855s][info][gc,phases,start] GC(110) Marking Phase
[74.095s][info][gc,phases      ] GC(110) Marking Phase 239.667ms
[74.095s][info][gc,phases,start] GC(110) Summary Phase
[74.095s][info][gc,phases      ] GC(110) Summary Phase 0.022ms
[74.095s][info][gc,phases,start] GC(110) Forward
[74.112s][info][gc,phases      ] GC(110) Forward 16.478ms
[74.112s][info][gc,phases,start] GC(110) Adjust Pointers
[74.231s][info][gc,phases      ] GC(110) Adjust Pointers 118.930ms
[74.231s][info][gc,phases,start] GC(110) Compaction Phase
[74.301s][info][gc,phases      ] GC(110) Compaction Phase 70.451ms
[74.301s][info][gc,phases,start] GC(110) Post Compact
[74.303s][info][gc,phases      ] GC(110) Post Compact 2.237ms
[74.303s][info][gc,heap        ] GC(110) PSYoungGen: 111615K(222720K)->111615K(222720K) Eden: 111615K(111616K)->111615K(111616K) From: 0K(111104K)->0K(111104K)
[74.304s][info][gc,heap        ] GC(110) ParOldGen: 667278K(667648K)->667278K(667648K)
[74.304s][info][gc,metaspace   ] GC(110) Metaspace: 18032K(18304K)->18032K(18304K) NonClass: 16583K(16768K)->16583K(16768K) Class: 1448K(1536K)->1448K(1536K)
[74.304s][info][gc             ] GC(110) Pause Full (Allocation Failure) 760M->760M(869M) 448.168ms
[74.304s][info][gc,cpu         ] GC(110) User=0.87s Sys=0.00s Real=0.45s
[74.304s][info][gc,start       ] GC(111) Pause Full (Allocation Failure)
[74.304s][info][gc,phases,start] GC(111) Marking Phase
[74.539s][info][gc,phases      ] GC(111) Marking Phase 235.192ms
[74.539s][info][gc,phases,start] GC(111) Summary Phase
[74.539s][info][gc,phases      ] GC(111) Summary Phase 0.023ms
[74.539s][info][gc,phases,start] GC(111) Forward
[74.556s][info][gc,phases      ] GC(111) Forward 16.430ms
[74.556s][info][gc,phases,start] GC(111) Adjust Pointers
[74.676s][info][gc,phases      ] GC(111) Adjust Pointers 120.149ms
[74.676s][info][gc,phases,start] GC(111) Compaction Phase
[74.747s][info][gc,phases      ] GC(111) Compaction Phase 71.298ms
[74.747s][info][gc,phases,start] GC(111) Post Compact
[74.749s][info][gc,phases      ] GC(111) Post Compact 2.288ms
[74.749s][info][gc,heap        ] GC(111) PSYoungGen: 111615K(222720K)->111615K(222720K) Eden: 111615K(111616K)->111615K(111616K) From: 0K(111104K)->0K(111104K)
[74.749s][info][gc,heap        ] GC(111) ParOldGen: 667279K(667648K)->667279K(667648K)
[74.749s][info][gc,metaspace   ] GC(111) Metaspace: 18032K(18304K)->18032K(18304K) NonClass: 16583K(16768K)->16583K(16768K) Class: 1448K(1536K)->1448K(1536K)
[74.750s][info][gc             ] GC(111) Pause Full (Allocation Failure) 760M->760M(869M) 445.741ms
[74.750s][info][gc,cpu         ] GC(111) User=0.87s Sys=0.00s Real=0.44s
[74.750s][info][gc,start       ] GC(112) Pause Full (Allocation Failure)
[74.750s][info][gc,phases,start] GC(112) Marking Phase
[74.990s][info][gc,phases      ] GC(112) Marking Phase 240.621ms
[74.990s][info][gc,phases,start] GC(112) Summary Phase
[74.990s][info][gc,phases      ] GC(112) Summary Phase 0.023ms
[74.990s][info][gc,phases,start] GC(112) Forward
[75.007s][info][gc,phases      ] GC(112) Forward 16.889ms
[75.007s][info][gc,phases,start] GC(112) Adjust Pointers
[75.131s][info][gc,phases      ] GC(112) Adjust Pointers 123.578ms
[75.131s][info][gc,phases,start] GC(112) Compaction Phase
[75.203s][info][gc,phases      ] GC(112) Compaction Phase 71.475ms
[75.203s][info][gc,phases,start] GC(112) Post Compact
[75.205s][info][gc,phases      ] GC(112) Post Compact 2.263ms
[75.205s][info][gc,heap        ] GC(112) PSYoungGen: 111616K(222720K)->111615K(222720K) Eden: 111616K(111616K)->111615K(111616K) From: 0K(111104K)->0K(111104K)
[75.205s][info][gc,heap        ] GC(112) ParOldGen: 667279K(667648K)->667279K(667648K)
[75.205s][info][gc,metaspace   ] GC(112) Metaspace: 18032K(18304K)->18032K(18304K) NonClass: 16583K(16768K)->16583K(16768K) Class: 1448K(1536K)->1448K(1536K)
[75.205s][info][gc             ] GC(112) Pause Full (Allocation Failure) 760M->760M(869M) 455.219ms
[75.205s][info][gc,cpu         ] GC(112) User=0.88s Sys=0.00s Real=0.45s
[75.205s][info][gc,start       ] GC(113) Pause Full (Allocation Failure)
[75.205s][info][gc,phases,start] GC(113) Marking Phase
[75.447s][info][gc,phases      ] GC(113) Marking Phase 241.910ms
[75.447s][info][gc,phases,start] GC(113) Summary Phase
[75.447s][info][gc,phases      ] GC(113) Summary Phase 0.022ms
[75.447s][info][gc,phases,start] GC(113) Forward
[75.466s][info][gc,phases      ] GC(113) Forward 19.110ms
[75.466s][info][gc,phases,start] GC(113) Adjust Pointers
[75.587s][info][gc,phases      ] GC(113) Adjust Pointers 120.624ms
[75.587s][info][gc,phases,start] GC(113) Compaction Phase
[75.659s][info][gc,phases      ] GC(113) Compaction Phase 71.546ms
[75.659s][info][gc,phases,start] GC(113) Post Compact
[75.661s][info][gc,phases      ] GC(113) Post Compact 2.245ms
[75.661s][info][gc,heap        ] GC(113) PSYoungGen: 111615K(222720K)->111615K(222720K) Eden: 111615K(111616K)->111615K(111616K) From: 0K(111104K)->0K(111104K)
[75.661s][info][gc,heap        ] GC(113) ParOldGen: 667279K(667648K)->667279K(667648K)
[75.661s][info][gc,metaspace   ] GC(113) Metaspace: 18032K(18304K)->18032K(18304K) NonClass: 16583K(16768K)->16583K(16768K) Class: 1448K(1536K)->1448K(1536K)
[75.661s][info][gc             ] GC(113) Pause Full (Allocation Failure) 760M->760M(869M) 455.894ms
[75.661s][info][gc,cpu         ] GC(113) User=0.89s Sys=0.01s Real=0.46s
[75.661s][info][gc,start       ] GC(114) Pause Full (Allocation Failure)
[75.661s][info][gc,phases,start] GC(114) Marking Phase
[75.899s][info][gc,phases      ] GC(114) Marking Phase 237.575ms
[75.899s][info][gc,phases,start] GC(114) Summary Phase
[75.899s][info][gc,phases      ] GC(114) Summary Phase 0.024ms
[75.899s][info][gc,phases,start] GC(114) Forward
[75.916s][info][gc,phases      ] GC(114) Forward 16.573ms
[75.916s][info][gc,phases,start] GC(114) Adjust Pointers
[76.034s][info][gc,phases      ] GC(114) Adjust Pointers 118.718ms
[76.034s][info][gc,phases,start] GC(114) Compaction Phase
[76.105s][info][gc,phases      ] GC(114) Compaction Phase 70.231ms
[76.105s][info][gc,phases,start] GC(114) Post Compact
[76.107s][info][gc,phases      ] GC(114) Post Compact 2.245ms
[76.107s][info][gc,heap        ] GC(114) PSYoungGen: 111615K(222720K)->111615K(222720K) Eden: 111615K(111616K)->111615K(111616K) From: 0K(111104K)->0K(111104K)
[76.107s][info][gc,heap        ] GC(114) ParOldGen: 667279K(667648K)->667279K(667648K)
[76.107s][info][gc,metaspace   ] GC(114) Metaspace: 18032K(18304K)->18032K(18304K) NonClass: 16583K(16768K)->16583K(16768K) Class: 1448K(1536K)->1448K(1536K)
[76.107s][info][gc             ] GC(114) Pause Full (Allocation Failure) 760M->760M(869M) 445.713ms
[76.107s][info][gc,cpu         ] GC(114) User=0.87s Sys=0.00s Real=0.44s
[76.107s][info][gc,start       ] GC(115) Pause Full (Allocation Failure)
[76.107s][info][gc,phases,start] GC(115) Marking Phase
[76.353s][info][gc,phases      ] GC(115) Marking Phase 245.734ms
[76.353s][info][gc,phases,start] GC(115) Summary Phase
[76.353s][info][gc,phases      ] GC(115) Summary Phase 0.025ms
[76.353s][info][gc,phases,start] GC(115) Forward
[76.370s][info][gc,phases      ] GC(115) Forward 16.795ms
[76.370s][info][gc,phases,start] GC(115) Adjust Pointers
[76.491s][info][gc,phases      ] GC(115) Adjust Pointers 120.787ms
[76.491s][info][gc,phases,start] GC(115) Compaction Phase
[76.562s][info][gc,phases      ] GC(115) Compaction Phase 71.535ms
[76.562s][info][gc,phases,start] GC(115) Post Compact
[76.565s][info][gc,phases      ] GC(115) Post Compact 2.255ms
[76.565s][info][gc,heap        ] GC(115) PSYoungGen: 111615K(222720K)->111615K(222720K) Eden: 111615K(111616K)->111615K(111616K) From: 0K(111104K)->0K(111104K)
[76.565s][info][gc,heap        ] GC(115) ParOldGen: 667279K(667648K)->667279K(667648K)
[76.565s][info][gc,metaspace   ] GC(115) Metaspace: 18032K(18304K)->18032K(18304K) NonClass: 16583K(16768K)->16583K(16768K) Class: 1448K(1536K)->1448K(1536K)
[76.565s][info][gc             ] GC(115) Pause Full (Allocation Failure) 760M->760M(869M) 457.484ms
[76.565s][info][gc,cpu         ] GC(115) User=0.88s Sys=0.00s Real=0.46s
[76.565s][info][gc,start       ] GC(116) Pause Full (Allocation Failure)
[76.565s][info][gc,phases,start] GC(116) Marking Phase
[76.808s][info][gc,phases      ] GC(116) Marking Phase 243.560ms
[76.808s][info][gc,phases,start] GC(116) Summary Phase
[76.809s][info][gc,phases      ] GC(116) Summary Phase 0.027ms
[76.809s][info][gc,phases,start] GC(116) Forward
[76.828s][info][gc,phases      ] GC(116) Forward 19.351ms
[76.828s][info][gc,phases,start] GC(116) Adjust Pointers
[76.951s][info][gc,phases      ] GC(116) Adjust Pointers 122.687ms
[76.951s][info][gc,phases,start] GC(116) Compaction Phase
[77.025s][info][gc,phases      ] GC(116) Compaction Phase 74.236ms
[77.025s][info][gc,phases,start] GC(116) Post Compact
[77.027s][info][gc,phases      ] GC(116) Post Compact 2.272ms
[77.027s][info][gc,heap        ] GC(116) PSYoungGen: 111615K(222720K)->111615K(222720K) Eden: 111615K(111616K)->111615K(111616K) From: 0K(111104K)->0K(111104K)
[77.027s][info][gc,heap        ] GC(116) ParOldGen: 667279K(667648K)->667279K(667648K)
[77.027s][info][gc,metaspace   ] GC(116) Metaspace: 18032K(18304K)->18032K(18304K) NonClass: 16583K(16768K)->16583K(16768K) Class: 1448K(1536K)->1448K(1536K)
[77.027s][info][gc             ] GC(116) Pause Full (Allocation Failure) 760M->760M(869M) 462.560ms
[77.027s][info][gc,cpu         ] GC(116) User=0.90s Sys=0.00s Real=0.46s
[77.028s][info][gc,start       ] GC(117) Pause Full (Allocation Failure)
[77.028s][info][gc,phases,start] GC(117) Marking Phase
[77.275s][info][gc,phases      ] GC(117) Marking Phase 247.768ms
[77.275s][info][gc,phases,start] GC(117) Summary Phase
[77.276s][info][gc,phases      ] GC(117) Summary Phase 0.025ms
[77.276s][info][gc,phases,start] GC(117) Forward
[77.293s][info][gc,phases      ] GC(117) Forward 17.603ms
[77.293s][info][gc,phases,start] GC(117) Adjust Pointers
[77.419s][info][gc,phases      ] GC(117) Adjust Pointers 126.138ms
[77.419s][info][gc,phases,start] GC(117) Compaction Phase
[77.493s][info][gc,phases      ] GC(117) Compaction Phase 73.677ms
[77.493s][info][gc,phases,start] GC(117) Post Compact
[77.495s][info][gc,phases      ] GC(117) Post Compact 2.289ms
[77.496s][info][gc,heap        ] GC(117) PSYoungGen: 111615K(222720K)->111615K(222720K) Eden: 111615K(111616K)->111615K(111616K) From: 0K(111104K)->0K(111104K)
[77.496s][info][gc,heap        ] GC(117) ParOldGen: 667279K(667648K)->667279K(667648K)
[77.496s][info][gc,metaspace   ] GC(117) Metaspace: 18032K(18304K)->18032K(18304K) NonClass: 16583K(16768K)->16583K(16768K) Class: 1448K(1536K)->1448K(1536K)
[77.496s][info][gc             ] GC(117) Pause Full (Allocation Failure) 760M->760M(869M) 467.910ms
[77.496s][info][gc,cpu         ] GC(117) User=0.91s Sys=0.00s Real=0.47s
[77.496s][info][gc,start       ] GC(118) Pause Full (Allocation Failure)
[77.496s][info][gc,phases,start] GC(118) Marking Phase
[77.736s][info][gc,phases      ] GC(118) Marking Phase 240.034ms
[77.736s][info][gc,phases,start] GC(118) Summary Phase
[77.736s][info][gc,phases      ] GC(118) Summary Phase 0.023ms
[77.736s][info][gc,phases,start] GC(118) Forward
[77.753s][info][gc,phases      ] GC(118) Forward 16.825ms
[77.753s][info][gc,phases,start] GC(118) Adjust Pointers
[77.873s][info][gc,phases      ] GC(118) Adjust Pointers 120.086ms
[77.873s][info][gc,phases,start] GC(118) Compaction Phase
[77.945s][info][gc,phases      ] GC(118) Compaction Phase 72.219ms
[77.945s][info][gc,phases,start] GC(118) Post Compact
[77.948s][info][gc,phases      ] GC(118) Post Compact 2.276ms
[77.948s][info][gc,heap        ] GC(118) PSYoungGen: 111615K(222720K)->111615K(222720K) Eden: 111615K(111616K)->111615K(111616K) From: 0K(111104K)->0K(111104K)
[77.948s][info][gc,heap        ] GC(118) ParOldGen: 667279K(667648K)->667279K(667648K)
[77.948s][info][gc,metaspace   ] GC(118) Metaspace: 18032K(18304K)->18032K(18304K) NonClass: 16583K(16768K)->16583K(16768K) Class: 1448K(1536K)->1448K(1536K)
[77.948s][info][gc             ] GC(118) Pause Full (Allocation Failure) 760M->760M(869M) 451.903ms
[77.948s][info][gc,cpu         ] GC(118) User=0.88s Sys=0.01s Real=0.45s
[77.948s][info][gc,start       ] GC(119) Pause Full (Allocation Failure)
[77.948s][info][gc,phases,start] GC(119) Marking Phase
[78.189s][info][gc,phases      ] GC(119) Marking Phase 241.070ms
[78.189s][info][gc,phases,start] GC(119) Summary Phase
[78.189s][info][gc,phases      ] GC(119) Summary Phase 0.026ms
[78.189s][info][gc,phases,start] GC(119) Forward
[78.206s][info][gc,phases      ] GC(119) Forward 17.226ms
[78.206s][info][gc,phases,start] GC(119) Adjust Pointers
[78.327s][info][gc,phases      ] GC(119) Adjust Pointers 121.031ms
[78.327s][info][gc,phases,start] GC(119) Compaction Phase
[78.400s][info][gc,phases      ] GC(119) Compaction Phase 73.003ms
[78.400s][info][gc,phases,start] GC(119) Post Compact
[78.403s][info][gc,phases      ] GC(119) Post Compact 2.291ms
[78.403s][info][gc,heap        ] GC(119) PSYoungGen: 111615K(222720K)->111615K(222720K) Eden: 111615K(111616K)->111615K(111616K) From: 0K(111104K)->0K(111104K)
[78.403s][info][gc,heap        ] GC(119) ParOldGen: 667279K(667648K)->667279K(667648K)
[78.403s][info][gc,metaspace   ] GC(119) Metaspace: 18032K(18304K)->18032K(18304K) NonClass: 16583K(16768K)->16583K(16768K) Class: 1448K(1536K)->1448K(1536K)
[78.403s][info][gc             ] GC(119) Pause Full (Allocation Failure) 760M->760M(869M) 455.034ms
[78.403s][info][gc,cpu         ] GC(119) User=0.89s Sys=0.00s Real=0.46s
[78.403s][info][gc,start       ] GC(120) Pause Full (Allocation Failure)
[78.403s][info][gc,phases,start] GC(120) Marking Phase
[78.643s][info][gc,phases      ] GC(120) Marking Phase 240.302ms
[78.643s][info][gc,phases,start] GC(120) Summary Phase
[78.643s][info][gc,phases      ] GC(120) Summary Phase 0.023ms
[78.643s][info][gc,phases,start] GC(120) Forward
[78.663s][info][gc,phases      ] GC(120) Forward 19.568ms
[78.663s][info][gc,phases,start] GC(120) Adjust Pointers
[78.783s][info][gc,phases      ] GC(120) Adjust Pointers 120.350ms
[78.783s][info][gc,phases,start] GC(120) Compaction Phase
[78.855s][info][gc,phases      ] GC(120) Compaction Phase 71.887ms
[78.855s][info][gc,phases,start] GC(120) Post Compact
[78.858s][info][gc,phases      ] GC(120) Post Compact 2.299ms
[78.858s][info][gc,heap        ] GC(120) PSYoungGen: 111615K(222720K)->111615K(222720K) Eden: 111615K(111616K)->111615K(111616K) From: 0K(111104K)->0K(111104K)
[78.858s][info][gc,heap        ] GC(120) ParOldGen: 667279K(667648K)->667279K(667648K)
[78.858s][info][gc,metaspace   ] GC(120) Metaspace: 18032K(18304K)->18032K(18304K) NonClass: 16583K(16768K)->16583K(16768K) Class: 1448K(1536K)->1448K(1536K)
[78.858s][info][gc             ] GC(120) Pause Full (Allocation Failure) 760M->760M(869M) 454.783ms
[78.858s][info][gc,cpu         ] GC(120) User=0.88s Sys=0.00s Real=0.45s
[78.858s][info][gc,start       ] GC(121) Pause Full (Allocation Failure)
[78.858s][info][gc,phases,start] GC(121) Marking Phase
[79.099s][info][gc,phases      ] GC(121) Marking Phase 240.907ms
[79.099s][info][gc,phases,start] GC(121) Summary Phase
[79.099s][info][gc,phases      ] GC(121) Summary Phase 0.024ms
[79.099s][info][gc,phases,start] GC(121) Forward
[79.116s][info][gc,phases      ] GC(121) Forward 17.054ms
[79.116s][info][gc,phases,start] GC(121) Adjust Pointers
[79.237s][info][gc,phases      ] GC(121) Adjust Pointers 120.679ms
[79.237s][info][gc,phases,start] GC(121) Compaction Phase
[79.309s][info][gc,phases      ] GC(121) Compaction Phase 72.365ms
[79.309s][info][gc,phases,start] GC(121) Post Compact
[79.311s][info][gc,phases      ] GC(121) Post Compact 2.251ms
[79.311s][info][gc,heap        ] GC(121) PSYoungGen: 111615K(222720K)->111615K(222720K) Eden: 111615K(111616K)->111615K(111616K) From: 0K(111104K)->0K(111104K)
[79.311s][info][gc,heap        ] GC(121) ParOldGen: 667279K(667648K)->667279K(667648K)
[79.311s][info][gc,metaspace   ] GC(121) Metaspace: 18032K(18304K)->18032K(18304K) NonClass: 16583K(16768K)->16583K(16768K) Class: 1448K(1536K)->1448K(1536K)
[79.312s][info][gc             ] GC(121) Pause Full (Allocation Failure) 760M->760M(869M) 453.656ms
[79.312s][info][gc,cpu         ] GC(121) User=0.88s Sys=0.00s Real=0.46s
[79.312s][info][gc,start       ] GC(122) Pause Full (Allocation Failure)
[79.312s][info][gc,phases,start] GC(122) Marking Phase
[79.549s][info][gc,phases      ] GC(122) Marking Phase 237.526ms
[79.549s][info][gc,phases,start] GC(122) Summary Phase
[79.549s][info][gc,phases      ] GC(122) Summary Phase 0.021ms
[79.549s][info][gc,phases,start] GC(122) Forward
[79.566s][info][gc,phases      ] GC(122) Forward 16.457ms
[79.566s][info][gc,phases,start] GC(122) Adjust Pointers
[79.684s][info][gc,phases      ] GC(122) Adjust Pointers 117.876ms
[79.684s][info][gc,phases,start] GC(122) Compaction Phase
[79.754s][info][gc,phases      ] GC(122) Compaction Phase 70.363ms
[79.754s][info][gc,phases,start] GC(122) Post Compact
[79.756s][info][gc,phases      ] GC(122) Post Compact 2.195ms
[79.756s][info][gc,heap        ] GC(122) PSYoungGen: 111615K(222720K)->111615K(222720K) Eden: 111615K(111616K)->111615K(111616K) From: 0K(111104K)->0K(111104K)
[79.756s][info][gc,heap        ] GC(122) ParOldGen: 667279K(667648K)->667279K(667648K)
[79.757s][info][gc,metaspace   ] GC(122) Metaspace: 18032K(18304K)->18032K(18304K) NonClass: 16583K(16768K)->16583K(16768K) Class: 1448K(1536K)->1448K(1536K)
[79.757s][info][gc             ] GC(122) Pause Full (Allocation Failure) 760M->760M(869M) 444.785ms
[79.757s][info][gc,cpu         ] GC(122) User=0.87s Sys=0.00s Real=0.44s
[79.757s][info][gc,start       ] GC(123) Pause Full (Allocation Failure)
[79.757s][info][gc,phases,start] GC(123) Marking Phase
[79.990s][info][gc,phases      ] GC(123) Marking Phase 233.538ms
[79.990s][info][gc,phases,start] GC(123) Summary Phase
[79.990s][info][gc,phases      ] GC(123) Summary Phase 0.023ms
[79.990s][info][gc,phases,start] GC(123) Forward
[80.006s][info][gc,phases      ] GC(123) Forward 15.972ms
[80.006s][info][gc,phases,start] GC(123) Adjust Pointers
[80.124s][info][gc,phases      ] GC(123) Adjust Pointers 117.446ms
[80.124s][info][gc,phases,start] GC(123) Compaction Phase
[80.194s][info][gc,phases      ] GC(123) Compaction Phase 70.603ms
[80.194s][info][gc,phases,start] GC(123) Post Compact
[80.197s][info][gc,phases      ] GC(123) Post Compact 2.214ms
[80.197s][info][gc,heap        ] GC(123) PSYoungGen: 111615K(222720K)->111615K(222720K) Eden: 111615K(111616K)->111615K(111616K) From: 0K(111104K)->0K(111104K)
[80.197s][info][gc,heap        ] GC(123) ParOldGen: 667279K(667648K)->667279K(667648K)
[80.197s][info][gc,metaspace   ] GC(123) Metaspace: 18032K(18304K)->18032K(18304K) NonClass: 16583K(16768K)->16583K(16768K) Class: 1448K(1536K)->1448K(1536K)
[80.197s][info][gc             ] GC(123) Pause Full (Allocation Failure) 760M->760M(869M) 440.089ms
[80.197s][info][gc,cpu         ] GC(123) User=0.85s Sys=0.00s Real=0.44s
[80.197s][info][gc,start       ] GC(124) Pause Full (Allocation Failure)
[80.197s][info][gc,phases,start] GC(124) Marking Phase
[80.432s][info][gc,phases      ] GC(124) Marking Phase 234.656ms
[80.432s][info][gc,phases,start] GC(124) Summary Phase
[80.432s][info][gc,phases      ] GC(124) Summary Phase 0.021ms
[80.432s][info][gc,phases,start] GC(124) Forward
[80.448s][info][gc,phases      ] GC(124) Forward 16.476ms
[80.448s][info][gc,phases,start] GC(124) Adjust Pointers
[80.568s][info][gc,phases      ] GC(124) Adjust Pointers 120.072ms
[80.568s][info][gc,phases,start] GC(124) Compaction Phase
[80.641s][info][gc,phases      ] GC(124) Compaction Phase 72.601ms
[80.641s][info][gc,phases,start] GC(124) Post Compact
[80.643s][info][gc,phases      ] GC(124) Post Compact 2.240ms
[80.643s][info][gc,heap        ] GC(124) PSYoungGen: 111615K(222720K)->111615K(222720K) Eden: 111615K(111616K)->111615K(111616K) From: 0K(111104K)->0K(111104K)
[80.643s][info][gc,heap        ] GC(124) ParOldGen: 667279K(667648K)->667279K(667648K)
[80.643s][info][gc,metaspace   ] GC(124) Metaspace: 18032K(18304K)->18032K(18304K) NonClass: 16583K(16768K)->16583K(16768K) Class: 1448K(1536K)->1448K(1536K)
[80.643s][info][gc             ] GC(124) Pause Full (Allocation Failure) 760M->760M(869M) 446.443ms
[80.643s][info][gc,cpu         ] GC(124) User=0.87s Sys=0.00s Real=0.45s
[80.643s][info][gc,start       ] GC(125) Pause Full (Allocation Failure)
[80.643s][info][gc,phases,start] GC(125) Marking Phase
[80.882s][info][gc,phases      ] GC(125) Marking Phase 238.807ms
[80.882s][info][gc,phases,start] GC(125) Summary Phase
[80.882s][info][gc,phases      ] GC(125) Summary Phase 0.023ms
[80.882s][info][gc,phases,start] GC(125) Forward
[80.899s][info][gc,phases      ] GC(125) Forward 16.985ms
[80.899s][info][gc,phases,start] GC(125) Adjust Pointers
[81.020s][info][gc,phases      ] GC(125) Adjust Pointers 120.687ms
[81.020s][info][gc,phases,start] GC(125) Compaction Phase
[81.091s][info][gc,phases      ] GC(125) Compaction Phase 70.618ms
[81.091s][info][gc,phases,start] GC(125) Post Compact
[81.093s][info][gc,phases      ] GC(125) Post Compact 2.234ms
[81.093s][info][gc,heap        ] GC(125) PSYoungGen: 111615K(222720K)->111615K(222720K) Eden: 111615K(111616K)->111615K(111616K) From: 0K(111104K)->0K(111104K)
[81.093s][info][gc,heap        ] GC(125) ParOldGen: 667279K(667648K)->667279K(667648K)
[81.093s][info][gc,metaspace   ] GC(125) Metaspace: 18032K(18304K)->18032K(18304K) NonClass: 16583K(16768K)->16583K(16768K) Class: 1448K(1536K)->1448K(1536K)
[81.093s][info][gc             ] GC(125) Pause Full (Allocation Failure) 760M->760M(869M) 449.734ms
[81.093s][info][gc,cpu         ] GC(125) User=0.87s Sys=0.01s Real=0.45s
[81.093s][info][gc,start       ] GC(126) Pause Full (Allocation Failure)
[81.093s][info][gc,phases,start] GC(126) Marking Phase
[81.329s][info][gc,phases      ] GC(126) Marking Phase 235.991ms
[81.329s][info][gc,phases,start] GC(126) Summary Phase
[81.329s][info][gc,phases      ] GC(126) Summary Phase 0.022ms
[81.329s][info][gc,phases,start] GC(126) Forward
[81.345s][info][gc,phases      ] GC(126) Forward 16.075ms
[81.345s][info][gc,phases,start] GC(126) Adjust Pointers
[81.460s][info][gc,phases      ] GC(126) Adjust Pointers 114.593ms
[81.460s][info][gc,phases,start] GC(126) Compaction Phase
[81.528s][info][gc,phases      ] GC(126) Compaction Phase 67.532ms
[81.528s][info][gc,phases,start] GC(126) Post Compact
[81.530s][info][gc,phases      ] GC(126) Post Compact 2.153ms
[81.530s][info][gc,heap        ] GC(126) PSYoungGen: 111615K(222720K)->111615K(222720K) Eden: 111615K(111616K)->111615K(111616K) From: 0K(111104K)->0K(111104K)
[81.530s][info][gc,heap        ] GC(126) ParOldGen: 667279K(667648K)->667279K(667648K)
[81.530s][info][gc,metaspace   ] GC(126) Metaspace: 18032K(18304K)->18032K(18304K) NonClass: 16583K(16768K)->16583K(16768K) Class: 1448K(1536K)->1448K(1536K)
[81.530s][info][gc             ] GC(126) Pause Full (Allocation Failure) 760M->760M(869M) 436.664ms
[81.530s][info][gc,cpu         ] GC(126) User=0.85s Sys=0.00s Real=0.44s
[81.530s][info][gc,start       ] GC(127) Pause Full (Allocation Failure)
[81.530s][info][gc,phases,start] GC(127) Marking Phase
[81.758s][info][gc,phases      ] GC(127) Marking Phase 227.929ms
[81.758s][info][gc,phases,start] GC(127) Summary Phase
[81.758s][info][gc,phases      ] GC(127) Summary Phase 0.022ms
[81.758s][info][gc,phases,start] GC(127) Forward
[81.774s][info][gc,phases      ] GC(127) Forward 15.983ms
[81.774s][info][gc,phases,start] GC(127) Adjust Pointers
[81.892s][info][gc,phases      ] GC(127) Adjust Pointers 117.906ms
[81.892s][info][gc,phases,start] GC(127) Compaction Phase
[81.959s][info][gc,phases      ] GC(127) Compaction Phase 67.245ms
[81.959s][info][gc,phases,start] GC(127) Post Compact
[81.962s][info][gc,phases      ] GC(127) Post Compact 2.168ms
[81.962s][info][gc,heap        ] GC(127) PSYoungGen: 111615K(222720K)->111615K(222720K) Eden: 111615K(111616K)->111615K(111616K) From: 0K(111104K)->0K(111104K)
[81.962s][info][gc,heap        ] GC(127) ParOldGen: 667279K(667648K)->667279K(667648K)
[81.962s][info][gc,metaspace   ] GC(127) Metaspace: 18032K(18304K)->18032K(18304K) NonClass: 16583K(16768K)->16583K(16768K) Class: 1448K(1536K)->1448K(1536K)
[81.962s][info][gc             ] GC(127) Pause Full (Allocation Failure) 760M->760M(869M) 431.556ms
[81.962s][info][gc,cpu         ] GC(127) User=0.85s Sys=0.00s Real=0.43s
[81.962s][info][gc,start       ] GC(128) Pause Full (Allocation Failure)
[81.962s][info][gc,phases,start] GC(128) Marking Phase
[82.190s][info][gc,phases      ] GC(128) Marking Phase 227.872ms
[82.190s][info][gc,phases,start] GC(128) Summary Phase
[82.190s][info][gc,phases      ] GC(128) Summary Phase 0.022ms
[82.190s][info][gc,phases,start] GC(128) Forward
[82.206s][info][gc,phases      ] GC(128) Forward 15.893ms
[82.206s][info][gc,phases,start] GC(128) Adjust Pointers
[82.325s][info][gc,phases      ] GC(128) Adjust Pointers 119.339ms
[82.325s][info][gc,phases,start] GC(128) Compaction Phase
[82.396s][info][gc,phases      ] GC(128) Compaction Phase 70.744ms
[82.396s][info][gc,phases,start] GC(128) Post Compact
[82.398s][info][gc,phases      ] GC(128) Post Compact 2.265ms
[82.398s][info][gc,heap        ] GC(128) PSYoungGen: 111615K(222720K)->111615K(222720K) Eden: 111615K(111616K)->111615K(111616K) From: 0K(111104K)->0K(111104K)
[82.398s][info][gc,heap        ] GC(128) ParOldGen: 667279K(667648K)->667279K(667648K)
[82.398s][info][gc,metaspace   ] GC(128) Metaspace: 18032K(18304K)->18032K(18304K) NonClass: 16583K(16768K)->16583K(16768K) Class: 1448K(1536K)->1448K(1536K)
[82.398s][info][gc             ] GC(128) Pause Full (Allocation Failure) 760M->760M(869M) 436.468ms
[82.398s][info][gc,cpu         ] GC(128) User=0.85s Sys=0.00s Real=0.43s
[82.398s][info][gc,start       ] GC(129) Pause Full (Allocation Failure)
[82.398s][info][gc,phases,start] GC(129) Marking Phase
[82.634s][info][gc,phases      ] GC(129) Marking Phase 235.650ms
[82.634s][info][gc,phases,start] GC(129) Summary Phase
[82.634s][info][gc,phases      ] GC(129) Summary Phase 0.024ms
[82.634s][info][gc,phases,start] GC(129) Forward
[82.651s][info][gc,phases      ] GC(129) Forward 16.688ms
[82.651s][info][gc,phases,start] GC(129) Adjust Pointers
[82.769s][info][gc,phases      ] GC(129) Adjust Pointers 118.636ms
[82.770s][info][gc,phases,start] GC(129) Compaction Phase
[82.840s][info][gc,phases      ] GC(129) Compaction Phase 70.442ms
[82.840s][info][gc,phases,start] GC(129) Post Compact
[82.842s][info][gc,phases      ] GC(129) Post Compact 2.238ms
[82.842s][info][gc,heap        ] GC(129) PSYoungGen: 111615K(222720K)->111615K(222720K) Eden: 111615K(111616K)->111615K(111616K) From: 0K(111104K)->0K(111104K)
[82.842s][info][gc,heap        ] GC(129) ParOldGen: 667279K(667648K)->667279K(667648K)
[82.842s][info][gc,metaspace   ] GC(129) Metaspace: 18032K(18304K)->18032K(18304K) NonClass: 16583K(16768K)->16583K(16768K) Class: 1448K(1536K)->1448K(1536K)
[82.842s][info][gc             ] GC(129) Pause Full (Allocation Failure) 760M->760M(869M) 444.046ms
[82.842s][info][gc,cpu         ] GC(129) User=0.86s Sys=0.00s Real=0.45s
[82.842s][info][gc,start       ] GC(130) Pause Full (Allocation Failure)
[82.842s][info][gc,phases,start] GC(130) Marking Phase
[83.072s][info][gc,phases      ] GC(130) Marking Phase 229.482ms
[83.072s][info][gc,phases,start] GC(130) Summary Phase
[83.072s][info][gc,phases      ] GC(130) Summary Phase 0.024ms
[83.072s][info][gc,phases,start] GC(130) Forward
[83.156s][info][gc,phases      ] GC(130) Forward 84.023ms
[83.156s][info][gc,phases,start] GC(130) Adjust Pointers
[83.281s][info][gc,phases      ] GC(130) Adjust Pointers 124.966ms
[83.281s][info][gc,phases,start] GC(130) Compaction Phase
[83.382s][info][gc,phases      ] GC(130) Compaction Phase 100.964ms
[83.382s][info][gc,phases,start] GC(130) Post Compact
[83.385s][info][metaspace      ] ChkMgr @0x00007efc2403ab00 (non-class-space): : reclaiming memory...
[83.385s][info][metaspace      ] ChkMgr @0x00007efc2403ab00 (non-class-space): nothing reclaimed.
[83.385s][info][metaspace      ] ChkMgr @0x00007efc2403a910 (class-space): : reclaiming memory...
[83.385s][info][metaspace      ] ChkMgr @0x00007efc2403a910 (class-space): nothing reclaimed.
[83.385s][info][gc,phases      ] GC(130) Post Compact 2.331ms
[83.386s][info][gc,heap        ] GC(130) PSYoungGen: 111616K(222720K)->0K(222720K) Eden: 111616K(111616K)->0K(111616K) From: 0K(111104K)->0K(111104K)
[83.386s][info][gc,heap        ] GC(130) ParOldGen: 667279K(667648K)->437309K(654336K)
[83.386s][info][gc,metaspace   ] GC(130) Metaspace: 18032K(18304K)->18029K(18304K) NonClass: 16583K(16768K)->16580K(16768K) Class: 1448K(1536K)->1448K(1536K)
[83.386s][info][gc             ] GC(130) Pause Full (Allocation Failure) 760M->427M(856M) 543.306ms
[83.386s][info][gc,cpu         ] GC(130) User=0.99s Sys=0.00s Real=0.54s
[83.501s][info][gc,start       ] GC(131) Pause Young (Allocation Failure)
[83.553s][info][gc,heap        ] GC(131) PSYoungGen: 111616K(222720K)->48644K(222720K) Eden: 111616K(111616K)->0K(111616K) From: 0K(111104K)->48644K(111104K)
[83.553s][info][gc,heap        ] GC(131) ParOldGen: 437309K(654336K)->437309K(654336K)
[83.553s][info][gc,metaspace   ] GC(131) Metaspace: 18029K(18304K)->18029K(18304K) NonClass: 16581K(16768K)->16581K(16768K) Class: 1448K(1536K)->1448K(1536K)
[83.553s][info][gc             ] GC(131) Pause Young (Allocation Failure) 536M->474M(856M) 51.923ms
[83.553s][info][gc,cpu         ] GC(131) User=0.10s Sys=0.00s Real=0.05s
[83.744s][info][gc,start       ] GC(132) Pause Young (Allocation Failure)
[83.815s][info][gc,heap        ] GC(132) PSYoungGen: 160260K(222720K)->16552K(222720K) Eden: 111616K(111616K)->0K(111616K) From: 48644K(111104K)->16552K(111104K)
[83.815s][info][gc,heap        ] GC(132) ParOldGen: 437309K(654336K)->486196K(654336K)
[83.815s][info][gc,metaspace   ] GC(132) Metaspace: 18033K(18304K)->18033K(18304K) NonClass: 16584K(16768K)->16584K(16768K) Class: 1448K(1536K)->1448K(1536K)
[83.815s][info][gc             ] GC(132) Pause Young (Allocation Failure) 583M->490M(856M) 70.360ms
[83.815s][info][gc,cpu         ] GC(132) User=0.14s Sys=0.01s Real=0.07s
[84.748s][info][gc,start       ] GC(133) Pause Young (Allocation Failure)
[84.839s][info][gc,heap        ] GC(133) PSYoungGen: 128168K(222720K)->67504K(222720K) Eden: 111616K(111616K)->0K(111616K) From: 16552K(111104K)->67504K(111104K)
[84.839s][info][gc,heap        ] GC(133) ParOldGen: 486196K(654336K)->503318K(654336K)
[84.839s][info][gc,metaspace   ] GC(133) Metaspace: 18046K(18304K)->18046K(18304K) NonClass: 16597K(16768K)->16597K(16768K) Class: 1448K(1536K)->1448K(1536K)
[84.839s][info][gc             ] GC(133) Pause Young (Allocation Failure) 599M->557M(856M) 90.845ms
[84.839s][info][gc,cpu         ] GC(133) User=0.17s Sys=0.01s Real=0.09s
[84.974s][info][gc,start       ] GC(134) Pause Young (Allocation Failure)
[85.152s][info][gc,heap        ] GC(134) PSYoungGen: 179120K(222720K)->110144K(222720K) Eden: 111616K(111616K)->0K(111616K) From: 67504K(111104K)->110144K(111104K)
[85.152s][info][gc,heap        ] GC(134) ParOldGen: 503318K(654336K)->570958K(654336K)
[85.152s][info][gc,metaspace   ] GC(134) Metaspace: 18046K(18304K)->18046K(18304K) NonClass: 16597K(16768K)->16597K(16768K) Class: 1448K(1536K)->1448K(1536K)
[85.152s][info][gc             ] GC(134) Pause Young (Allocation Failure) 666M->665M(856M) 178.904ms
[85.152s][info][gc,cpu         ] GC(134) User=0.35s Sys=0.00s Real=0.18s
[85.285s][info][gc,start       ] GC(135) Pause Full (Allocation Failure)
[85.286s][info][gc,phases,start] GC(135) Marking Phase
[85.732s][info][gc,phases      ] GC(135) Marking Phase 446.470ms
[85.732s][info][gc,phases,start] GC(135) Summary Phase
[85.732s][info][gc,phases      ] GC(135) Summary Phase 0.029ms
[85.732s][info][gc,phases,start] GC(135) Forward
[85.849s][info][gc,phases      ] GC(135) Forward 117.378ms
[85.850s][info][gc,phases,start] GC(135) Adjust Pointers
[86.093s][info][gc,phases      ] GC(135) Adjust Pointers 242.965ms
[86.093s][info][gc,phases,start] GC(135) Compaction Phase
[86.296s][info][gc,phases      ] GC(135) Compaction Phase 203.623ms
[86.296s][info][gc,phases,start] GC(135) Post Compact
[86.299s][info][gc,phases      ] GC(135) Post Compact 2.282ms
[86.299s][info][gc,heap        ] GC(135) PSYoungGen: 221760K(222720K)->11811K(222720K) Eden: 111616K(111616K)->0K(111616K) From: 110144K(111104K)->11811K(111104K)
[86.299s][info][gc,heap        ] GC(135) ParOldGen: 570958K(654336K)->654290K(667648K)
[86.299s][info][gc,metaspace   ] GC(135) Metaspace: 18046K(18304K)->18046K(18304K) NonClass: 16597K(16768K)->16597K(16768K) Class: 1448K(1536K)->1448K(1536K)
[86.299s][info][gc             ] GC(135) Pause Full (Allocation Failure) 774M->650M(869M) 1013.287ms
[86.299s][info][gc,cpu         ] GC(135) User=1.97s Sys=0.00s Real=1.01s
[86.426s][info][gc,start       ] GC(136) Pause Full (Allocation Failure)
[86.426s][info][gc,phases,start] GC(136) Marking Phase
[86.961s][info][gc,phases      ] GC(136) Marking Phase 535.610ms
[86.961s][info][gc,phases,start] GC(136) Summary Phase
[86.961s][info][gc,phases      ] GC(136) Summary Phase 0.026ms
[86.961s][info][gc,phases,start] GC(136) Forward
[87.100s][info][gc,phases      ] GC(136) Forward 138.536ms
[87.100s][info][gc,phases,start] GC(136) Adjust Pointers
[87.397s][info][gc,phases      ] GC(136) Adjust Pointers 297.230ms
[87.397s][info][gc,phases,start] GC(136) Compaction Phase
[87.665s][info][gc,phases      ] GC(136) Compaction Phase 267.898ms
[87.665s][info][gc,phases,start] GC(136) Post Compact
[87.668s][info][gc,phases      ] GC(136) Post Compact 2.258ms
[87.668s][info][gc,heap        ] GC(136) PSYoungGen: 123427K(222720K)->75903K(222720K) Eden: 111616K(111616K)->75903K(111616K) From: 11811K(111104K)->0K(111104K)
[87.668s][info][gc,heap        ] GC(136) ParOldGen: 654290K(667648K)->667506K(667648K)
[87.668s][info][gc,metaspace   ] GC(136) Metaspace: 18046K(18304K)->18046K(18304K) NonClass: 16597K(16768K)->16597K(16768K) Class: 1448K(1536K)->1448K(1536K)
[87.668s][info][gc             ] GC(136) Pause Full (Allocation Failure) 759M->725M(869M) 1242.041ms
[87.668s][info][gc,cpu         ] GC(136) User=2.41s Sys=0.02s Real=1.24s
[87.708s][info][gc,start       ] GC(137) Pause Full (Allocation Failure)
[87.708s][info][gc,phases,start] GC(137) Marking Phase
[88.259s][info][gc,phases      ] GC(137) Marking Phase 550.656ms
[88.259s][info][gc,phases,start] GC(137) Summary Phase
[88.259s][info][gc,phases      ] GC(137) Summary Phase 0.034ms
[88.259s][info][gc,phases,start] GC(137) Forward
[88.280s][info][gc,phases      ] GC(137) Forward 21.157ms
[88.280s][info][gc,phases,start] GC(137) Adjust Pointers
[88.567s][info][gc,phases      ] GC(137) Adjust Pointers 286.773ms
[88.567s][info][gc,phases,start] GC(137) Compaction Phase
[88.710s][info][gc,phases      ] GC(137) Compaction Phase 143.220ms
[88.710s][info][gc,phases,start] GC(137) Post Compact
[88.713s][info][gc,phases      ] GC(137) Post Compact 2.294ms
[88.713s][info][gc,heap        ] GC(137) PSYoungGen: 111616K(222720K)->111104K(222720K) Eden: 111616K(111616K)->111104K(111616K) From: 0K(111104K)->0K(111104K)
[88.713s][info][gc,heap        ] GC(137) ParOldGen: 667506K(667648K)->667506K(667648K)
[88.713s][info][gc,metaspace   ] GC(137) Metaspace: 18046K(18304K)->18046K(18304K) NonClass: 16597K(16768K)->16597K(16768K) Class: 1448K(1536K)->1448K(1536K)
[88.713s][info][gc             ] GC(137) Pause Full (Allocation Failure) 760M->760M(869M) 1004.532ms
[88.713s][info][gc,cpu         ] GC(137) User=1.99s Sys=0.00s Real=1.01s
[88.714s][info][gc,start       ] GC(138) Pause Full (Allocation Failure)
[88.714s][info][gc,phases,start] GC(138) Marking Phase
[89.270s][info][gc,phases      ] GC(138) Marking Phase 556.214ms
[89.270s][info][gc,phases,start] GC(138) Summary Phase
[89.270s][info][gc,phases      ] GC(138) Summary Phase 0.022ms
[89.270s][info][gc,phases,start] GC(138) Forward
[89.290s][info][gc,phases      ] GC(138) Forward 19.946ms
[89.290s][info][gc,phases,start] GC(138) Adjust Pointers
[89.565s][info][gc,phases      ] GC(138) Adjust Pointers 275.296ms
[89.565s][info][gc,phases,start] GC(138) Compaction Phase
[89.696s][info][gc,phases      ] GC(138) Compaction Phase 130.842ms
[89.696s][info][gc,phases,start] GC(138) Post Compact
[89.698s][info][gc,phases      ] GC(138) Post Compact 2.172ms
[89.699s][info][gc,heap        ] GC(138) PSYoungGen: 111616K(222720K)->111608K(222720K) Eden: 111616K(111616K)->111608K(111616K) From: 0K(111104K)->0K(111104K)
[89.699s][info][gc,heap        ] GC(138) ParOldGen: 667506K(667648K)->667506K(667648K)
[89.699s][info][gc,metaspace   ] GC(138) Metaspace: 18046K(18304K)->18046K(18304K) NonClass: 16597K(16768K)->16597K(16768K) Class: 1448K(1536K)->1448K(1536K)
[89.699s][info][gc             ] GC(138) Pause Full (Allocation Failure) 760M->760M(869M) 984.834ms
[89.699s][info][gc,cpu         ] GC(138) User=1.94s Sys=0.00s Real=0.98s
[89.699s][info][gc,start       ] GC(139) Pause Full (Allocation Failure)
[89.699s][info][gc,phases,start] GC(139) Marking Phase
[90.250s][info][gc,phases      ] GC(139) Marking Phase 551.236ms
[90.250s][info][gc,phases,start] GC(139) Summary Phase
[90.250s][info][gc,phases      ] GC(139) Summary Phase 0.022ms
[90.250s][info][gc,phases,start] GC(139) Forward
[90.271s][info][gc,phases      ] GC(139) Forward 21.050ms
[90.271s][info][gc,phases,start] GC(139) Adjust Pointers
[90.555s][info][gc,phases      ] GC(139) Adjust Pointers 283.979ms
[90.555s][info][gc,phases,start] GC(139) Compaction Phase
[90.691s][info][gc,phases      ] GC(139) Compaction Phase 135.486ms
[90.691s][info][gc,phases,start] GC(139) Post Compact
[90.693s][info][gc,phases      ] GC(139) Post Compact 2.274ms
[90.693s][info][gc,heap        ] GC(139) PSYoungGen: 111616K(222720K)->111615K(222720K) Eden: 111616K(111616K)->111615K(111616K) From: 0K(111104K)->0K(111104K)
[90.693s][info][gc,heap        ] GC(139) ParOldGen: 667506K(667648K)->667506K(667648K)
[90.693s][info][gc,metaspace   ] GC(139) Metaspace: 18046K(18304K)->18046K(18304K) NonClass: 16597K(16768K)->16597K(16768K) Class: 1448K(1536K)->1448K(1536K)
[90.693s][info][gc             ] GC(139) Pause Full (Allocation Failure) 760M->760M(869M) 994.408ms
[90.693s][info][gc,cpu         ] GC(139) User=1.96s Sys=0.00s Real=1.00s
[90.693s][info][gc,start       ] GC(140) Pause Full (Allocation Failure)
[90.693s][info][gc,phases,start] GC(140) Marking Phase
[91.246s][info][gc,phases      ] GC(140) Marking Phase 552.844ms
[91.246s][info][gc,phases,start] GC(140) Summary Phase
[91.246s][info][gc,phases      ] GC(140) Summary Phase 0.022ms
[91.246s][info][gc,phases,start] GC(140) Forward
[91.267s][info][gc,phases      ] GC(140) Forward 20.303ms
[91.267s][info][gc,phases,start] GC(140) Adjust Pointers
[91.541s][info][gc,phases      ] GC(140) Adjust Pointers 273.838ms
[91.541s][info][gc,phases,start] GC(140) Compaction Phase
[91.671s][info][gc,phases      ] GC(140) Compaction Phase 130.521ms
[91.671s][info][gc,phases,start] GC(140) Post Compact
[91.673s][info][gc,phases      ] GC(140) Post Compact 2.177ms
[91.673s][info][gc,heap        ] GC(140) PSYoungGen: 111615K(222720K)->111615K(222720K) Eden: 111615K(111616K)->111615K(111616K) From: 0K(111104K)->0K(111104K)
[91.673s][info][gc,heap        ] GC(140) ParOldGen: 667506K(667648K)->667506K(667648K)
[91.673s][info][gc,metaspace   ] GC(140) Metaspace: 18046K(18304K)->18046K(18304K) NonClass: 16597K(16768K)->16597K(16768K) Class: 1448K(1536K)->1448K(1536K)
[91.674s][info][gc             ] GC(140) Pause Full (Allocation Failure) 760M->760M(869M) 980.051ms
[91.674s][info][gc,cpu         ] GC(140) User=1.93s Sys=0.00s Real=0.98s
[91.674s][info][gc,start       ] GC(141) Pause Full (Allocation Failure)
[91.674s][info][gc,phases,start] GC(141) Marking Phase
[92.238s][info][gc,phases      ] GC(141) Marking Phase 563.947ms
[92.238s][info][gc,phases,start] GC(141) Summary Phase
[92.238s][info][gc,phases      ] GC(141) Summary Phase 0.022ms
[92.238s][info][gc,phases,start] GC(141) Forward
[92.259s][info][gc,phases      ] GC(141) Forward 21.347ms
[92.259s][info][gc,phases,start] GC(141) Adjust Pointers
[92.556s][info][gc,phases      ] GC(141) Adjust Pointers 296.740ms
[92.556s][info][gc,phases,start] GC(141) Compaction Phase
[92.694s][info][gc,phases      ] GC(141) Compaction Phase 137.605ms
[92.694s][info][gc,phases,start] GC(141) Post Compact
[92.696s][info][gc,phases      ] GC(141) Post Compact 2.261ms
[92.696s][info][gc,heap        ] GC(141) PSYoungGen: 111615K(222720K)->111615K(222720K) Eden: 111615K(111616K)->111615K(111616K) From: 0K(111104K)->0K(111104K)
[92.696s][info][gc,heap        ] GC(141) ParOldGen: 667506K(667648K)->667506K(667648K)
[92.696s][info][gc,metaspace   ] GC(141) Metaspace: 18046K(18304K)->18046K(18304K) NonClass: 16597K(16768K)->16597K(16768K) Class: 1448K(1536K)->1448K(1536K)
[92.696s][info][gc             ] GC(141) Pause Full (Allocation Failure) 760M->760M(869M) 1022.328ms
[92.696s][info][gc,cpu         ] GC(141) User=2.01s Sys=0.00s Real=1.02s
[92.696s][info][gc,start       ] GC(142) Pause Full (Allocation Failure)
[92.696s][info][gc,phases,start] GC(142) Marking Phase
[93.249s][info][gc,phases      ] GC(142) Marking Phase 552.929ms
[93.249s][info][gc,phases,start] GC(142) Summary Phase
[93.249s][info][gc,phases      ] GC(142) Summary Phase 0.030ms
[93.249s][info][gc,phases,start] GC(142) Forward
[93.272s][info][gc,phases      ] GC(142) Forward 22.930ms
[93.272s][info][gc,phases,start] GC(142) Adjust Pointers
[93.551s][info][gc,phases      ] GC(142) Adjust Pointers 278.656ms
[93.551s][info][gc,phases,start] GC(142) Compaction Phase
[93.682s][info][gc,phases      ] GC(142) Compaction Phase 131.436ms
[93.682s][info][gc,phases,start] GC(142) Post Compact
[93.685s][info][gc,phases      ] GC(142) Post Compact 2.229ms
[93.685s][info][gc,heap        ] GC(142) PSYoungGen: 111615K(222720K)->111615K(222720K) Eden: 111615K(111616K)->111615K(111616K) From: 0K(111104K)->0K(111104K)
[93.685s][info][gc,heap        ] GC(142) ParOldGen: 667506K(667648K)->667506K(667648K)
[93.685s][info][gc,metaspace   ] GC(142) Metaspace: 18046K(18304K)->18046K(18304K) NonClass: 16597K(16768K)->16597K(16768K) Class: 1448K(1536K)->1448K(1536K)
[93.685s][info][gc             ] GC(142) Pause Full (Allocation Failure) 760M->760M(869M) 988.594ms
[93.685s][info][gc,cpu         ] GC(142) User=1.94s Sys=0.00s Real=0.99s
[93.685s][info][gc,start       ] GC(143) Pause Full (Allocation Failure)
[93.685s][info][gc,phases,start] GC(143) Marking Phase
[94.242s][info][gc,phases      ] GC(143) Marking Phase 556.973ms
[94.242s][info][gc,phases,start] GC(143) Summary Phase
[94.242s][info][gc,phases      ] GC(143) Summary Phase 0.021ms
[94.242s][info][gc,phases,start] GC(143) Forward
[94.263s][info][gc,phases      ] GC(143) Forward 21.253ms
[94.263s][info][gc,phases,start] GC(143) Adjust Pointers
[94.550s][info][gc,phases      ] GC(143) Adjust Pointers 286.898ms
[94.550s][info][gc,phases,start] GC(143) Compaction Phase
[94.686s][info][gc,phases      ] GC(143) Compaction Phase 136.165ms
[94.687s][info][gc,phases,start] GC(143) Post Compact
[94.689s][info][gc,phases      ] GC(143) Post Compact 2.240ms
[94.689s][info][gc,heap        ] GC(143) PSYoungGen: 111615K(222720K)->111615K(222720K) Eden: 111615K(111616K)->111615K(111616K) From: 0K(111104K)->0K(111104K)
[94.689s][info][gc,heap        ] GC(143) ParOldGen: 667506K(667648K)->667506K(667648K)
[94.689s][info][gc,metaspace   ] GC(143) Metaspace: 18046K(18304K)->18046K(18304K) NonClass: 16597K(16768K)->16597K(16768K) Class: 1448K(1536K)->1448K(1536K)
[94.689s][info][gc             ] GC(143) Pause Full (Allocation Failure) 760M->760M(869M) 1003.945ms
[94.689s][info][gc,cpu         ] GC(143) User=1.98s Sys=0.00s Real=1.00s
[94.689s][info][gc,start       ] GC(144) Pause Full (Allocation Failure)
[94.689s][info][gc,phases,start] GC(144) Marking Phase
[95.251s][info][gc,phases      ] GC(144) Marking Phase 562.384ms
[95.252s][info][gc,phases,start] GC(144) Summary Phase
[95.252s][info][gc,phases      ] GC(144) Summary Phase 0.023ms
[95.252s][info][gc,phases,start] GC(144) Forward
[95.275s][info][gc,phases      ] GC(144) Forward 23.118ms
[95.275s][info][gc,phases,start] GC(144) Adjust Pointers
[95.557s][info][gc,phases      ] GC(144) Adjust Pointers 282.758ms
[95.558s][info][gc,phases,start] GC(144) Compaction Phase
[95.693s][info][gc,phases      ] GC(144) Compaction Phase 135.602ms
[95.693s][info][gc,phases,start] GC(144) Post Compact
[95.695s][info][gc,phases      ] GC(144) Post Compact 2.233ms
[95.696s][info][gc,heap        ] GC(144) PSYoungGen: 111615K(222720K)->111615K(222720K) Eden: 111615K(111616K)->111615K(111616K) From: 0K(111104K)->0K(111104K)
[95.696s][info][gc,heap        ] GC(144) ParOldGen: 667506K(667648K)->667506K(667648K)
[95.696s][info][gc,metaspace   ] GC(144) Metaspace: 18046K(18304K)->18046K(18304K) NonClass: 16597K(16768K)->16597K(16768K) Class: 1448K(1536K)->1448K(1536K)
[95.696s][info][gc             ] GC(144) Pause Full (Allocation Failure) 760M->760M(869M) 1006.500ms
[95.696s][info][gc,cpu         ] GC(144) User=1.98s Sys=0.01s Real=1.01s
[95.696s][info][gc,start       ] GC(145) Pause Full (Allocation Failure)
[95.696s][info][gc,phases,start] GC(145) Marking Phase
[96.261s][info][gc,phases      ] GC(145) Marking Phase 564.880ms
[96.261s][info][gc,phases,start] GC(145) Summary Phase
[96.261s][info][gc,phases      ] GC(145) Summary Phase 0.022ms
[96.261s][info][gc,phases,start] GC(145) Forward
[96.282s][info][gc,phases      ] GC(145) Forward 21.117ms
[96.282s][info][gc,phases,start] GC(145) Adjust Pointers
[96.568s][info][gc,phases      ] GC(145) Adjust Pointers 285.762ms
[96.568s][info][gc,phases,start] GC(145) Compaction Phase
[96.707s][info][gc,phases      ] GC(145) Compaction Phase 139.313ms
[96.707s][info][gc,phases,start] GC(145) Post Compact
[96.709s][info][gc,phases      ] GC(145) Post Compact 2.237ms
[96.710s][info][gc,heap        ] GC(145) PSYoungGen: 111615K(222720K)->111615K(222720K) Eden: 111615K(111616K)->111615K(111616K) From: 0K(111104K)->0K(111104K)
[96.710s][info][gc,heap        ] GC(145) ParOldGen: 667506K(667648K)->667506K(667648K)
[96.710s][info][gc,metaspace   ] GC(145) Metaspace: 18046K(18304K)->18046K(18304K) NonClass: 16597K(16768K)->16597K(16768K) Class: 1448K(1536K)->1448K(1536K)
[96.710s][info][gc             ] GC(145) Pause Full (Allocation Failure) 760M->760M(869M) 1013.742ms
[96.710s][info][gc,cpu         ] GC(145) User=2.00s Sys=0.00s Real=1.02s
[96.710s][info][gc,start       ] GC(146) Pause Full (Allocation Failure)
[96.710s][info][gc,phases,start] GC(146) Marking Phase
[97.278s][info][gc,phases      ] GC(146) Marking Phase 568.060ms
[97.278s][info][gc,phases,start] GC(146) Summary Phase
[97.278s][info][gc,phases      ] GC(146) Summary Phase 0.023ms
[97.278s][info][gc,phases,start] GC(146) Forward
[97.300s][info][gc,phases      ] GC(146) Forward 21.755ms
[97.300s][info][gc,phases,start] GC(146) Adjust Pointers
[97.597s][info][gc,phases      ] GC(146) Adjust Pointers 296.977ms
[97.597s][info][gc,phases,start] GC(146) Compaction Phase
[97.733s][info][gc,phases      ] GC(146) Compaction Phase 136.429ms
[97.733s][info][gc,phases,start] GC(146) Post Compact
[97.736s][info][gc,phases      ] GC(146) Post Compact 2.249ms
[97.736s][info][gc,heap        ] GC(146) PSYoungGen: 111615K(222720K)->111615K(222720K) Eden: 111615K(111616K)->111615K(111616K) From: 0K(111104K)->0K(111104K)
[97.736s][info][gc,heap        ] GC(146) ParOldGen: 667506K(667648K)->667506K(667648K)
[97.736s][info][gc,metaspace   ] GC(146) Metaspace: 18046K(18304K)->18046K(18304K) NonClass: 16597K(16768K)->16597K(16768K) Class: 1448K(1536K)->1448K(1536K)
[97.736s][info][gc             ] GC(146) Pause Full (Allocation Failure) 760M->760M(869M) 1025.924ms
[97.736s][info][gc,cpu         ] GC(146) User=2.02s Sys=0.00s Real=1.02s
[97.736s][info][gc,start       ] GC(147) Pause Full (Allocation Failure)
[97.736s][info][gc,phases,start] GC(147) Marking Phase
[98.297s][info][gc,phases      ] GC(147) Marking Phase 561.290ms
[98.297s][info][gc,phases,start] GC(147) Summary Phase
[98.297s][info][gc,phases      ] GC(147) Summary Phase 0.023ms
[98.297s][info][gc,phases,start] GC(147) Forward
[98.317s][info][gc,phases      ] GC(147) Forward 20.173ms
[98.317s][info][gc,phases,start] GC(147) Adjust Pointers
[98.597s][info][gc,phases      ] GC(147) Adjust Pointers 279.624ms
[98.597s][info][gc,phases,start] GC(147) Compaction Phase
[98.728s][info][gc,phases      ] GC(147) Compaction Phase 130.840ms
[98.728s][info][gc,phases,start] GC(147) Post Compact
[98.730s][info][gc,phases      ] GC(147) Post Compact 2.179ms
[98.730s][info][gc,heap        ] GC(147) PSYoungGen: 111615K(222720K)->111615K(222720K) Eden: 111615K(111616K)->111615K(111616K) From: 0K(111104K)->0K(111104K)
[98.730s][info][gc,heap        ] GC(147) ParOldGen: 667506K(667648K)->667506K(667648K)
[98.730s][info][gc,metaspace   ] GC(147) Metaspace: 18046K(18304K)->18046K(18304K) NonClass: 16597K(16768K)->16597K(16768K) Class: 1448K(1536K)->1448K(1536K)
[98.730s][info][gc             ] GC(147) Pause Full (Allocation Failure) 760M->760M(869M) 994.448ms
[98.730s][info][gc,cpu         ] GC(147) User=1.97s Sys=0.00s Real=1.00s
[98.730s][info][gc,start       ] GC(148) Pause Full (Allocation Failure)
[98.730s][info][gc,phases,start] GC(148) Marking Phase
[99.289s][info][gc,phases      ] GC(148) Marking Phase 558.481ms
[99.289s][info][gc,phases,start] GC(148) Summary Phase
[99.289s][info][gc,phases      ] GC(148) Summary Phase 0.023ms
[99.289s][info][gc,phases,start] GC(148) Forward
[99.310s][info][gc,phases      ] GC(148) Forward 21.549ms
[99.310s][info][gc,phases,start] GC(148) Adjust Pointers
[99.597s][info][gc,phases      ] GC(148) Adjust Pointers 286.297ms
[99.597s][info][gc,phases,start] GC(148) Compaction Phase
[99.734s][info][gc,phases      ] GC(148) Compaction Phase 136.806ms
[99.734s][info][gc,phases,start] GC(148) Post Compact
[99.736s][info][gc,phases      ] GC(148) Post Compact 2.251ms
[99.736s][info][gc,heap        ] GC(148) PSYoungGen: 111615K(222720K)->111615K(222720K) Eden: 111615K(111616K)->111615K(111616K) From: 0K(111104K)->0K(111104K)
[99.736s][info][gc,heap        ] GC(148) ParOldGen: 667506K(667648K)->667506K(667648K)
[99.736s][info][gc,metaspace   ] GC(148) Metaspace: 18046K(18304K)->18046K(18304K) NonClass: 16597K(16768K)->16597K(16768K) Class: 1448K(1536K)->1448K(1536K)
[99.736s][info][gc             ] GC(148) Pause Full (Allocation Failure) 760M->760M(869M) 1005.784ms
[99.736s][info][gc,cpu         ] GC(148) User=1.98s Sys=0.00s Real=1.00s
[99.736s][info][gc,start       ] GC(149) Pause Full (Allocation Failure)
[99.736s][info][gc,phases,start] GC(149) Marking Phase
[100.307s][info][gc,phases      ] GC(149) Marking Phase 570.801ms
[100.307s][info][gc,phases,start] GC(149) Summary Phase
[100.307s][info][gc,phases      ] GC(149) Summary Phase 0.024ms
[100.307s][info][gc,phases,start] GC(149) Forward
[100.328s][info][gc,phases      ] GC(149) Forward 20.935ms
[100.328s][info][gc,phases,start] GC(149) Adjust Pointers
[100.613s][info][gc,phases      ] GC(149) Adjust Pointers 284.938ms
[100.613s][info][gc,phases,start] GC(149) Compaction Phase
[100.751s][info][gc,phases      ] GC(149) Compaction Phase 137.684ms
[100.751s][info][gc,phases,start] GC(149) Post Compact
[100.753s][info][gc,phases      ] GC(149) Post Compact 2.251ms
[100.753s][info][gc,heap        ] GC(149) PSYoungGen: 111615K(222720K)->111615K(222720K) Eden: 111615K(111616K)->111615K(111616K) From: 0K(111104K)->0K(111104K)
[100.753s][info][gc,heap        ] GC(149) ParOldGen: 667506K(667648K)->667506K(667648K)
[100.753s][info][gc,metaspace   ] GC(149) Metaspace: 18046K(18304K)->18046K(18304K) NonClass: 16597K(16768K)->16597K(16768K) Class: 1448K(1536K)->1448K(1536K)
[100.753s][info][gc             ] GC(149) Pause Full (Allocation Failure) 760M->760M(869M) 1017.029ms
[100.753s][info][gc,cpu         ] GC(149) User=2.00s Sys=0.00s Real=1.02s
[100.753s][info][gc,start       ] GC(150) Pause Full (Allocation Failure)
[100.753s][info][gc,phases,start] GC(150) Marking Phase
[101.321s][info][gc,phases      ] GC(150) Marking Phase 567.273ms
[101.321s][info][gc,phases,start] GC(150) Summary Phase
[101.321s][info][gc,phases      ] GC(150) Summary Phase 0.022ms
[101.321s][info][gc,phases,start] GC(150) Forward
[101.342s][info][gc,phases      ] GC(150) Forward 21.031ms
[101.342s][info][gc,phases,start] GC(150) Adjust Pointers
[101.625s][info][gc,phases      ] GC(150) Adjust Pointers 282.831ms
[101.625s][info][gc,phases,start] GC(150) Compaction Phase
[101.760s][info][gc,phases      ] GC(150) Compaction Phase 135.202ms
[101.760s][info][gc,phases,start] GC(150) Post Compact
[101.762s][info][gc,phases      ] GC(150) Post Compact 2.227ms
[101.762s][info][gc,heap        ] GC(150) PSYoungGen: 111615K(222720K)->111615K(222720K) Eden: 111615K(111616K)->111615K(111616K) From: 0K(111104K)->0K(111104K)
[101.762s][info][gc,heap        ] GC(150) ParOldGen: 667506K(667648K)->667506K(667648K)
[101.762s][info][gc,metaspace   ] GC(150) Metaspace: 18046K(18304K)->18046K(18304K) NonClass: 16597K(16768K)->16597K(16768K) Class: 1448K(1536K)->1448K(1536K)
[101.762s][info][gc             ] GC(150) Pause Full (Allocation Failure) 760M->760M(869M) 1008.932ms
[101.762s][info][gc,cpu         ] GC(150) User=1.99s Sys=0.00s Real=1.01s
[101.763s][info][gc,start       ] GC(151) Pause Full (Allocation Failure)
[101.763s][info][gc,phases,start] GC(151) Marking Phase
[102.332s][info][gc,phases      ] GC(151) Marking Phase 569.319ms
[102.332s][info][gc,phases,start] GC(151) Summary Phase
[102.332s][info][gc,phases      ] GC(151) Summary Phase 0.023ms
[102.332s][info][gc,phases,start] GC(151) Forward
[102.353s][info][gc,phases      ] GC(151) Forward 21.241ms
[102.353s][info][gc,phases,start] GC(151) Adjust Pointers
[102.640s][info][gc,phases      ] GC(151) Adjust Pointers 286.369ms
[102.640s][info][gc,phases,start] GC(151) Compaction Phase
[102.776s][info][gc,phases      ] GC(151) Compaction Phase 136.502ms
[102.776s][info][gc,phases,start] GC(151) Post Compact
[102.779s][info][gc,phases      ] GC(151) Post Compact 2.295ms
[102.779s][info][gc,heap        ] GC(151) PSYoungGen: 111615K(222720K)->111615K(222720K) Eden: 111615K(111616K)->111615K(111616K) From: 0K(111104K)->0K(111104K)
[102.779s][info][gc,heap        ] GC(151) ParOldGen: 667506K(667648K)->667506K(667648K)
[102.779s][info][gc,metaspace   ] GC(151) Metaspace: 18046K(18304K)->18046K(18304K) NonClass: 16597K(16768K)->16597K(16768K) Class: 1448K(1536K)->1448K(1536K)
[102.779s][info][gc             ] GC(151) Pause Full (Allocation Failure) 760M->760M(869M) 1016.134ms
[102.779s][info][gc,cpu         ] GC(151) User=2.00s Sys=0.00s Real=1.01s
[102.779s][info][gc,start       ] GC(152) Pause Full (Allocation Failure)
[102.779s][info][gc,phases,start] GC(152) Marking Phase
[103.345s][info][gc,phases      ] GC(152) Marking Phase 565.735ms
[103.345s][info][gc,phases,start] GC(152) Summary Phase
[103.345s][info][gc,phases      ] GC(152) Summary Phase 0.023ms
[103.345s][info][gc,phases,start] GC(152) Forward
[103.366s][info][gc,phases      ] GC(152) Forward 20.879ms
[103.366s][info][gc,phases,start] GC(152) Adjust Pointers
[103.648s][info][gc,phases      ] GC(152) Adjust Pointers 282.631ms
[103.648s][info][gc,phases,start] GC(152) Compaction Phase
[103.785s][info][gc,phases      ] GC(152) Compaction Phase 136.443ms
[103.785s][info][gc,phases,start] GC(152) Post Compact
[103.787s][info][gc,phases      ] GC(152) Post Compact 2.259ms
[103.787s][info][gc,heap        ] GC(152) PSYoungGen: 111615K(222720K)->111615K(222720K) Eden: 111615K(111616K)->111615K(111616K) From: 0K(111104K)->0K(111104K)
[103.787s][info][gc,heap        ] GC(152) ParOldGen: 667506K(667648K)->667506K(667648K)
[103.787s][info][gc,metaspace   ] GC(152) Metaspace: 18046K(18304K)->18046K(18304K) NonClass: 16597K(16768K)->16597K(16768K) Class: 1448K(1536K)->1448K(1536K)
[103.787s][info][gc             ] GC(152) Pause Full (Allocation Failure) 760M->760M(869M) 1008.325ms
[103.787s][info][gc,cpu         ] GC(152) User=1.99s Sys=0.00s Real=1.01s
[103.787s][info][gc,start       ] GC(153) Pause Full (Allocation Failure)
[103.787s][info][gc,phases,start] GC(153) Marking Phase
[104.362s][info][gc,phases      ] GC(153) Marking Phase 574.812ms
[104.362s][info][gc,phases,start] GC(153) Summary Phase
[104.362s][info][gc,phases      ] GC(153) Summary Phase 0.024ms
[104.362s][info][gc,phases,start] GC(153) Forward
[104.384s][info][gc,phases      ] GC(153) Forward 21.942ms
[104.384s][info][gc,phases,start] GC(153) Adjust Pointers
[104.673s][info][gc,phases      ] GC(153) Adjust Pointers 288.489ms
[104.673s][info][gc,phases,start] GC(153) Compaction Phase
[104.811s][info][gc,phases      ] GC(153) Compaction Phase 138.674ms
[104.812s][info][gc,phases,start] GC(153) Post Compact
[104.814s][info][gc,phases      ] GC(153) Post Compact 2.272ms
[104.814s][info][gc,heap        ] GC(153) PSYoungGen: 111615K(222720K)->111615K(222720K) Eden: 111615K(111616K)->111615K(111616K) From: 0K(111104K)->0K(111104K)
[104.814s][info][gc,heap        ] GC(153) ParOldGen: 667506K(667648K)->667506K(667648K)
[104.814s][info][gc,metaspace   ] GC(153) Metaspace: 18046K(18304K)->18046K(18304K) NonClass: 16597K(16768K)->16597K(16768K) Class: 1448K(1536K)->1448K(1536K)
[104.814s][info][gc             ] GC(153) Pause Full (Allocation Failure) 760M->760M(869M) 1026.602ms
[104.814s][info][gc,cpu         ] GC(153) User=2.03s Sys=0.00s Real=1.03s
[104.814s][info][gc,start       ] GC(154) Pause Full (Allocation Failure)
[104.814s][info][gc,phases,start] GC(154) Marking Phase
[105.384s][info][gc,phases      ] GC(154) Marking Phase 569.597ms
[105.384s][info][gc,phases,start] GC(154) Summary Phase
[105.384s][info][gc,phases      ] GC(154) Summary Phase 0.022ms
[105.384s][info][gc,phases,start] GC(154) Forward
[105.405s][info][gc,phases      ] GC(154) Forward 21.167ms
[105.405s][info][gc,phases,start] GC(154) Adjust Pointers
[105.689s][info][gc,phases      ] GC(154) Adjust Pointers 283.651ms
[105.689s][info][gc,phases,start] GC(154) Compaction Phase
[105.825s][info][gc,phases      ] GC(154) Compaction Phase 135.836ms
[105.825s][info][gc,phases,start] GC(154) Post Compact
[105.827s][info][gc,phases      ] GC(154) Post Compact 2.251ms
[105.827s][info][gc,heap        ] GC(154) PSYoungGen: 111615K(222720K)->111615K(222720K) Eden: 111615K(111616K)->111615K(111616K) From: 0K(111104K)->0K(111104K)
[105.827s][info][gc,heap        ] GC(154) ParOldGen: 667506K(667648K)->667506K(667648K)
[105.827s][info][gc,metaspace   ] GC(154) Metaspace: 18046K(18304K)->18046K(18304K) NonClass: 16597K(16768K)->16597K(16768K) Class: 1448K(1536K)->1448K(1536K)
[105.827s][info][gc             ] GC(154) Pause Full (Allocation Failure) 760M->760M(869M) 1012.953ms
[105.827s][info][gc,cpu         ] GC(154) User=1.99s Sys=0.01s Real=1.01s
[105.827s][info][gc,start       ] GC(155) Pause Full (Allocation Failure)
[105.827s][info][gc,phases,start] GC(155) Marking Phase
[106.394s][info][gc,phases      ] GC(155) Marking Phase 567.230ms
[106.394s][info][gc,phases,start] GC(155) Summary Phase
[106.394s][info][gc,phases      ] GC(155) Summary Phase 0.024ms
[106.395s][info][gc,phases,start] GC(155) Forward
[106.416s][info][gc,phases      ] GC(155) Forward 21.343ms
[106.416s][info][gc,phases,start] GC(155) Adjust Pointers
[106.729s][info][gc,phases      ] GC(155) Adjust Pointers 313.043ms
[106.729s][info][gc,phases,start] GC(155) Compaction Phase
[106.868s][info][gc,phases      ] GC(155) Compaction Phase 139.217ms
[106.868s][info][gc,phases,start] GC(155) Post Compact
[106.871s][info][gc,phases      ] GC(155) Post Compact 2.264ms
[106.871s][info][gc,heap        ] GC(155) PSYoungGen: 111615K(222720K)->111615K(222720K) Eden: 111615K(111616K)->111615K(111616K) From: 0K(111104K)->0K(111104K)
[106.871s][info][gc,heap        ] GC(155) ParOldGen: 667506K(667648K)->667506K(667648K)
[106.871s][info][gc,metaspace   ] GC(155) Metaspace: 18046K(18304K)->18046K(18304K) NonClass: 16597K(16768K)->16597K(16768K) Class: 1448K(1536K)->1448K(1536K)
[106.871s][info][gc             ] GC(155) Pause Full (Allocation Failure) 760M->760M(869M) 1043.491ms
[106.871s][info][gc,cpu         ] GC(155) User=2.06s Sys=0.00s Real=1.05s
[106.871s][info][gc,start       ] GC(156) Pause Full (Allocation Failure)
[106.871s][info][gc,phases,start] GC(156) Marking Phase
[107.457s][info][gc,phases      ] GC(156) Marking Phase 586.333ms
[107.457s][info][gc,phases,start] GC(156) Summary Phase
[107.457s][info][gc,phases      ] GC(156) Summary Phase 0.031ms
[107.457s][info][gc,phases,start] GC(156) Forward
[107.479s][info][gc,phases      ] GC(156) Forward 21.540ms
[107.479s][info][gc,phases,start] GC(156) Adjust Pointers
[107.767s][info][gc,phases      ] GC(156) Adjust Pointers 288.230ms
[107.767s][info][gc,phases,start] GC(156) Compaction Phase
[107.906s][info][gc,phases      ] GC(156) Compaction Phase 138.707ms
[107.906s][info][gc,phases,start] GC(156) Post Compact
[107.908s][info][gc,phases      ] GC(156) Post Compact 2.271ms
[107.908s][info][gc,heap        ] GC(156) PSYoungGen: 111615K(222720K)->111615K(222720K) Eden: 111615K(111616K)->111615K(111616K) From: 0K(111104K)->0K(111104K)
[107.908s][info][gc,heap        ] GC(156) ParOldGen: 667506K(667648K)->667506K(667648K)
[107.908s][info][gc,metaspace   ] GC(156) Metaspace: 18046K(18304K)->18046K(18304K) NonClass: 16597K(16768K)->16597K(16768K) Class: 1448K(1536K)->1448K(1536K)
[107.908s][info][gc             ] GC(156) Pause Full (Allocation Failure) 760M->760M(869M) 1037.507ms
[107.908s][info][gc,cpu         ] GC(156) User=2.04s Sys=0.00s Real=1.03s
[107.908s][info][gc,start       ] GC(157) Pause Full (Allocation Failure)
[107.908s][info][gc,phases,start] GC(157) Marking Phase
[108.481s][info][gc,phases      ] GC(157) Marking Phase 572.325ms
[108.481s][info][gc,phases,start] GC(157) Summary Phase
[108.481s][info][gc,phases      ] GC(157) Summary Phase 0.023ms
[108.481s][info][gc,phases,start] GC(157) Forward
[108.502s][info][gc,phases      ] GC(157) Forward 21.464ms
[108.502s][info][gc,phases,start] GC(157) Adjust Pointers
[108.791s][info][gc,phases      ] GC(157) Adjust Pointers 288.262ms
[108.791s][info][gc,phases,start] GC(157) Compaction Phase
[108.929s][info][gc,phases      ] GC(157) Compaction Phase 138.677ms
[108.930s][info][gc,phases,start] GC(157) Post Compact
[108.932s][info][gc,phases      ] GC(157) Post Compact 2.223ms
[108.932s][info][gc,heap        ] GC(157) PSYoungGen: 111615K(222720K)->111615K(222720K) Eden: 111615K(111616K)->111615K(111616K) From: 0K(111104K)->0K(111104K)
[108.932s][info][gc,heap        ] GC(157) ParOldGen: 667506K(667648K)->667506K(667648K)
[108.932s][info][gc,metaspace   ] GC(157) Metaspace: 18046K(18304K)->18046K(18304K) NonClass: 16597K(16768K)->16597K(16768K) Class: 1448K(1536K)->1448K(1536K)
[108.932s][info][gc             ] GC(157) Pause Full (Allocation Failure) 760M->760M(869M) 1023.380ms
[108.932s][info][gc,cpu         ] GC(157) User=2.02s Sys=0.00s Real=1.03s
[108.932s][info][gc,start       ] GC(158) Pause Full (Allocation Failure)
[108.932s][info][gc,phases,start] GC(158) Marking Phase
[109.502s][info][gc,phases      ] GC(158) Marking Phase 570.187ms
[109.502s][info][gc,phases,start] GC(158) Summary Phase
[109.502s][info][gc,phases      ] GC(158) Summary Phase 0.022ms
[109.502s][info][gc,phases,start] GC(158) Forward
[109.523s][info][gc,phases      ] GC(158) Forward 21.231ms
[109.524s][info][gc,phases,start] GC(158) Adjust Pointers
[109.807s][info][gc,phases      ] GC(158) Adjust Pointers 283.910ms
[109.808s][info][gc,phases,start] GC(158) Compaction Phase
[109.943s][info][gc,phases      ] GC(158) Compaction Phase 135.764ms
[109.943s][info][gc,phases,start] GC(158) Post Compact
[109.946s][info][gc,phases      ] GC(158) Post Compact 2.192ms
[109.946s][info][gc,heap        ] GC(158) PSYoungGen: 111615K(222720K)->111615K(222720K) Eden: 111615K(111616K)->111615K(111616K) From: 0K(111104K)->0K(111104K)
[109.946s][info][gc,heap        ] GC(158) ParOldGen: 667506K(667648K)->667506K(667648K)
[109.946s][info][gc,metaspace   ] GC(158) Metaspace: 18046K(18304K)->18046K(18304K) NonClass: 16597K(16768K)->16597K(16768K) Class: 1448K(1536K)->1448K(1536K)
[109.946s][info][gc             ] GC(158) Pause Full (Allocation Failure) 760M->760M(869M) 1013.689ms
[109.946s][info][gc,cpu         ] GC(158) User=2.00s Sys=0.00s Real=1.01s
[109.946s][info][gc,start       ] GC(159) Pause Full (Allocation Failure)
[109.946s][info][gc,phases,start] GC(159) Marking Phase
[110.510s][info][gc,phases      ] GC(159) Marking Phase 563.820ms
[110.510s][info][gc,phases,start] GC(159) Summary Phase
[110.510s][info][gc,phases      ] GC(159) Summary Phase 0.024ms
[110.510s][info][gc,phases,start] GC(159) Forward
[110.532s][info][gc,phases      ] GC(159) Forward 22.141ms
[110.532s][info][gc,phases,start] GC(159) Adjust Pointers
[110.816s][info][gc,phases      ] GC(159) Adjust Pointers 283.689ms
[110.816s][info][gc,phases,start] GC(159) Compaction Phase
[110.952s][info][gc,phases      ] GC(159) Compaction Phase 136.722ms
[110.952s][info][gc,phases,start] GC(159) Post Compact
[110.955s][info][gc,phases      ] GC(159) Post Compact 2.207ms
[110.955s][info][gc,heap        ] GC(159) PSYoungGen: 111615K(222720K)->111615K(222720K) Eden: 111615K(111616K)->111615K(111616K) From: 0K(111104K)->0K(111104K)
[110.955s][info][gc,heap        ] GC(159) ParOldGen: 667507K(667648K)->667507K(667648K)
[110.955s][info][gc,metaspace   ] GC(159) Metaspace: 18046K(18304K)->18046K(18304K) NonClass: 16597K(16768K)->16597K(16768K) Class: 1448K(1536K)->1448K(1536K)
[110.955s][info][gc             ] GC(159) Pause Full (Allocation Failure) 760M->760M(869M) 1008.943ms
[110.955s][info][gc,cpu         ] GC(159) User=1.98s Sys=0.00s Real=1.01s
[110.955s][info][gc,start       ] GC(160) Pause Full (Allocation Failure)
[110.955s][info][gc,phases,start] GC(160) Marking Phase
[111.522s][info][gc,phases      ] GC(160) Marking Phase 567.444ms
[111.522s][info][gc,phases,start] GC(160) Summary Phase
[111.522s][info][gc,phases      ] GC(160) Summary Phase 0.022ms
[111.522s][info][gc,phases,start] GC(160) Forward
[111.543s][info][gc,phases      ] GC(160) Forward 20.934ms
[111.543s][info][gc,phases,start] GC(160) Adjust Pointers
[111.826s][info][gc,phases      ] GC(160) Adjust Pointers 282.926ms
[111.826s][info][gc,phases,start] GC(160) Compaction Phase
[111.962s][info][gc,phases      ] GC(160) Compaction Phase 135.361ms
[111.962s][info][gc,phases,start] GC(160) Post Compact
[111.964s][info][gc,phases      ] GC(160) Post Compact 2.202ms
[111.964s][info][gc,heap        ] GC(160) PSYoungGen: 111615K(222720K)->111615K(222720K) Eden: 111615K(111616K)->111615K(111616K) From: 0K(111104K)->0K(111104K)
[111.964s][info][gc,heap        ] GC(160) ParOldGen: 667507K(667648K)->667507K(667648K)
[111.964s][info][gc,metaspace   ] GC(160) Metaspace: 18046K(18304K)->18046K(18304K) NonClass: 16597K(16768K)->16597K(16768K) Class: 1448K(1536K)->1448K(1536K)
[111.964s][info][gc             ] GC(160) Pause Full (Allocation Failure) 760M->760M(869M) 1009.256ms
[111.964s][info][gc,cpu         ] GC(160) User=2.00s Sys=0.00s Real=1.01s
[111.964s][info][gc,start       ] GC(161) Pause Full (Allocation Failure)
[111.964s][info][gc,phases,start] GC(161) Marking Phase
[112.536s][info][gc,phases      ] GC(161) Marking Phase 571.364ms
[112.536s][info][gc,phases,start] GC(161) Summary Phase
[112.536s][info][gc,phases      ] GC(161) Summary Phase 0.023ms
[112.536s][info][gc,phases,start] GC(161) Forward
[112.556s][info][gc,phases      ] GC(161) Forward 20.023ms
[112.556s][info][gc,phases,start] GC(161) Adjust Pointers
[112.840s][info][gc,phases      ] GC(161) Adjust Pointers 284.534ms
[112.840s][info][gc,phases,start] GC(161) Compaction Phase
[112.978s][info][gc,phases      ] GC(161) Compaction Phase 137.219ms
[112.978s][info][gc,phases,start] GC(161) Post Compact
[112.980s][info][gc,phases      ] GC(161) Post Compact 2.208ms
[112.980s][info][gc,heap        ] GC(161) PSYoungGen: 111615K(222720K)->111615K(222720K) Eden: 111615K(111616K)->111615K(111616K) From: 0K(111104K)->0K(111104K)
[112.980s][info][gc,heap        ] GC(161) ParOldGen: 667507K(667648K)->667507K(667648K)
[112.980s][info][gc,metaspace   ] GC(161) Metaspace: 18046K(18304K)->18046K(18304K) NonClass: 16597K(16768K)->16597K(16768K) Class: 1448K(1536K)->1448K(1536K)
[112.980s][info][gc             ] GC(161) Pause Full (Allocation Failure) 760M->760M(869M) 1015.706ms
[112.980s][info][gc,cpu         ] GC(161) User=2.00s Sys=0.00s Real=1.02s
[112.980s][info][gc,start       ] GC(162) Pause Full (Allocation Failure)
[112.980s][info][gc,phases,start] GC(162) Marking Phase
[113.543s][info][gc,phases      ] GC(162) Marking Phase 562.812ms
[113.543s][info][gc,phases,start] GC(162) Summary Phase
[113.543s][info][gc,phases      ] GC(162) Summary Phase 0.022ms
[113.543s][info][gc,phases,start] GC(162) Forward
[113.563s][info][gc,phases      ] GC(162) Forward 19.956ms
[113.563s][info][gc,phases,start] GC(162) Adjust Pointers
[113.844s][info][gc,phases      ] GC(162) Adjust Pointers 281.403ms
[113.844s][info][gc,phases,start] GC(162) Compaction Phase
[113.976s][info][gc,phases      ] GC(162) Compaction Phase 131.127ms
[113.976s][info][gc,phases,start] GC(162) Post Compact
[113.978s][info][gc,phases      ] GC(162) Post Compact 2.164ms
[113.978s][info][gc,heap        ] GC(162) PSYoungGen: 111615K(222720K)->111615K(222720K) Eden: 111615K(111616K)->111615K(111616K) From: 0K(111104K)->0K(111104K)
[113.978s][info][gc,heap        ] GC(162) ParOldGen: 667507K(667648K)->667507K(667648K)
[113.978s][info][gc,metaspace   ] GC(162) Metaspace: 18046K(18304K)->18046K(18304K) NonClass: 16597K(16768K)->16597K(16768K) Class: 1448K(1536K)->1448K(1536K)
[113.978s][info][gc             ] GC(162) Pause Full (Allocation Failure) 760M->760M(869M) 997.783ms
[113.978s][info][gc,cpu         ] GC(162) User=1.96s Sys=0.00s Real=0.99s
[113.978s][info][gc,start       ] GC(163) Pause Full (Allocation Failure)
[113.978s][info][gc,phases,start] GC(163) Marking Phase
[114.523s][info][gc,phases      ] GC(163) Marking Phase 544.584ms
[114.523s][info][gc,phases,start] GC(163) Summary Phase
[114.523s][info][gc,phases      ] GC(163) Summary Phase 0.038ms
[114.523s][info][gc,phases,start] GC(163) Forward
[114.543s][info][gc,phases      ] GC(163) Forward 20.148ms
[114.543s][info][gc,phases,start] GC(163) Adjust Pointers
[114.820s][info][gc,phases      ] GC(163) Adjust Pointers 277.350ms
[114.820s][info][gc,phases,start] GC(163) Compaction Phase
[114.953s][info][gc,phases      ] GC(163) Compaction Phase 132.530ms
[114.953s][info][gc,phases,start] GC(163) Post Compact
[114.955s][info][gc,phases      ] GC(163) Post Compact 2.209ms
[114.955s][info][gc,heap        ] GC(163) PSYoungGen: 111615K(222720K)->111615K(222720K) Eden: 111615K(111616K)->111615K(111616K) From: 0K(111104K)->0K(111104K)
[114.955s][info][gc,heap        ] GC(163) ParOldGen: 667507K(667648K)->667507K(667648K)
[114.955s][info][gc,metaspace   ] GC(163) Metaspace: 18046K(18304K)->18046K(18304K) NonClass: 16597K(16768K)->16597K(16768K) Class: 1448K(1536K)->1448K(1536K)
[114.955s][info][gc             ] GC(163) Pause Full (Allocation Failure) 760M->760M(869M) 977.183ms
[114.955s][info][gc,cpu         ] GC(163) User=1.93s Sys=0.01s Real=0.98s
[114.955s][info][gc,start       ] GC(164) Pause Full (Allocation Failure)
[114.955s][info][gc,phases,start] GC(164) Marking Phase
[115.505s][info][gc,phases      ] GC(164) Marking Phase 549.421ms
[115.505s][info][gc,phases,start] GC(164) Summary Phase
[115.505s][info][gc,phases      ] GC(164) Summary Phase 0.022ms
[115.505s][info][gc,phases,start] GC(164) Forward
[115.525s][info][gc,phases      ] GC(164) Forward 20.350ms
[115.525s][info][gc,phases,start] GC(164) Adjust Pointers
[115.799s][info][gc,phases      ] GC(164) Adjust Pointers 274.026ms
[115.799s][info][gc,phases,start] GC(164) Compaction Phase
[115.928s][info][gc,phases      ] GC(164) Compaction Phase 129.150ms
[115.929s][info][gc,phases,start] GC(164) Post Compact
[115.931s][info][gc,phases      ] GC(164) Post Compact 2.166ms
[115.931s][info][gc,heap        ] GC(164) PSYoungGen: 111615K(222720K)->111615K(222720K) Eden: 111615K(111616K)->111615K(111616K) From: 0K(111104K)->0K(111104K)
[115.931s][info][gc,heap        ] GC(164) ParOldGen: 667507K(667648K)->667507K(667648K)
[115.931s][info][gc,metaspace   ] GC(164) Metaspace: 18046K(18304K)->18046K(18304K) NonClass: 16597K(16768K)->16597K(16768K) Class: 1448K(1536K)->1448K(1536K)
[115.931s][info][gc             ] GC(164) Pause Full (Allocation Failure) 760M->760M(869M) 975.463ms
[115.931s][info][gc,cpu         ] GC(164) User=1.92s Sys=0.00s Real=0.98s
[115.931s][info][gc,start       ] GC(165) Pause Full (Allocation Failure)
[115.931s][info][gc,phases,start] GC(165) Marking Phase
[116.470s][info][gc,phases      ] GC(165) Marking Phase 538.885ms
[116.470s][info][gc,phases,start] GC(165) Summary Phase
[116.470s][info][gc,phases      ] GC(165) Summary Phase 0.020ms
[116.470s][info][gc,phases,start] GC(165) Forward
[116.490s][info][gc,phases      ] GC(165) Forward 20.263ms
[116.490s][info][gc,phases,start] GC(165) Adjust Pointers
[116.765s][info][gc,phases      ] GC(165) Adjust Pointers 274.523ms
[116.765s][info][gc,phases,start] GC(165) Compaction Phase
[116.896s][info][gc,phases      ] GC(165) Compaction Phase 130.803ms
[116.896s][info][gc,phases,start] GC(165) Post Compact
[116.898s][info][gc,phases      ] GC(165) Post Compact 2.199ms
[116.898s][info][gc,heap        ] GC(165) PSYoungGen: 111615K(222720K)->111615K(222720K) Eden: 111615K(111616K)->111615K(111616K) From: 0K(111104K)->0K(111104K)
[116.898s][info][gc,heap        ] GC(165) ParOldGen: 667507K(667648K)->667507K(667648K)
[116.898s][info][gc,metaspace   ] GC(165) Metaspace: 18046K(18304K)->18046K(18304K) NonClass: 16597K(16768K)->16597K(16768K) Class: 1448K(1536K)->1448K(1536K)
[116.898s][info][gc             ] GC(165) Pause Full (Allocation Failure) 760M->760M(869M) 967.009ms
[116.898s][info][gc,cpu         ] GC(165) User=1.91s Sys=0.00s Real=0.96s
[116.898s][info][gc,start       ] GC(166) Pause Full (Allocation Failure)
[116.898s][info][gc,phases,start] GC(166) Marking Phase
[117.440s][info][gc,phases      ] GC(166) Marking Phase 542.107ms
[117.440s][info][gc,phases,start] GC(166) Summary Phase
[117.440s][info][gc,phases      ] GC(166) Summary Phase 0.023ms
[117.440s][info][gc,phases,start] GC(166) Forward
[117.460s][info][gc,phases      ] GC(166) Forward 20.066ms
[117.460s][info][gc,phases,start] GC(166) Adjust Pointers
[117.733s][info][gc,phases      ] GC(166) Adjust Pointers 272.993ms
[117.734s][info][gc,phases,start] GC(166) Compaction Phase
[117.864s][info][gc,phases      ] GC(166) Compaction Phase 130.586ms
[117.864s][info][gc,phases,start] GC(166) Post Compact
[117.866s][info][gc,phases      ] GC(166) Post Compact 2.204ms
[117.866s][info][gc,heap        ] GC(166) PSYoungGen: 111615K(222720K)->111615K(222720K) Eden: 111615K(111616K)->111615K(111616K) From: 0K(111104K)->0K(111104K)
[117.866s][info][gc,heap        ] GC(166) ParOldGen: 667507K(667648K)->667507K(667648K)
[117.866s][info][gc,metaspace   ] GC(166) Metaspace: 18046K(18304K)->18046K(18304K) NonClass: 16597K(16768K)->16597K(16768K) Class: 1448K(1536K)->1448K(1536K)
[117.866s][info][gc             ] GC(166) Pause Full (Allocation Failure) 760M->760M(869M) 968.319ms
[117.866s][info][gc,cpu         ] GC(166) User=1.90s Sys=0.00s Real=0.97s
[117.867s][info][gc,start       ] GC(167) Pause Full (Allocation Failure)
[117.867s][info][gc,phases,start] GC(167) Marking Phase
[118.413s][info][gc,phases      ] GC(167) Marking Phase 546.603ms
[118.413s][info][gc,phases,start] GC(167) Summary Phase
[118.413s][info][gc,phases      ] GC(167) Summary Phase 0.022ms
[118.413s][info][gc,phases,start] GC(167) Forward
[118.434s][info][gc,phases      ] GC(167) Forward 20.294ms
[118.434s][info][gc,phases,start] GC(167) Adjust Pointers
[118.709s][info][gc,phases      ] GC(167) Adjust Pointers 275.112ms
[118.709s][info][gc,phases,start] GC(167) Compaction Phase
[118.840s][info][gc,phases      ] GC(167) Compaction Phase 131.616ms
[118.841s][info][gc,phases,start] GC(167) Post Compact
[118.843s][info][gc,phases      ] GC(167) Post Compact 2.211ms
[118.843s][info][gc,heap        ] GC(167) PSYoungGen: 111615K(222720K)->111615K(222720K) Eden: 111615K(111616K)->111615K(111616K) From: 0K(111104K)->0K(111104K)
[118.843s][info][gc,heap        ] GC(167) ParOldGen: 667507K(667648K)->667507K(667648K)
[118.843s][info][gc,metaspace   ] GC(167) Metaspace: 18046K(18304K)->18046K(18304K) NonClass: 16597K(16768K)->16597K(16768K) Class: 1448K(1536K)->1448K(1536K)
[118.843s][info][gc             ] GC(167) Pause Full (Allocation Failure) 760M->760M(869M) 976.154ms
[118.843s][info][gc,cpu         ] GC(167) User=1.93s Sys=0.00s Real=0.98s
[118.843s][info][gc,start       ] GC(168) Pause Full (Allocation Failure)
[118.843s][info][gc,phases,start] GC(168) Marking Phase
[119.393s][info][gc,phases      ] GC(168) Marking Phase 550.197ms
[119.393s][info][gc,phases,start] GC(168) Summary Phase
[119.393s][info][gc,phases      ] GC(168) Summary Phase 0.021ms
[119.393s][info][gc,phases,start] GC(168) Forward
[119.414s][info][gc,phases      ] GC(168) Forward 20.316ms
[119.414s][info][gc,phases,start] GC(168) Adjust Pointers
[119.687s][info][gc,phases      ] GC(168) Adjust Pointers 273.195ms
[119.687s][info][gc,phases,start] GC(168) Compaction Phase
[119.817s][info][gc,phases      ] GC(168) Compaction Phase 129.983ms
[119.817s][info][gc,phases,start] GC(168) Post Compact
[119.819s][info][gc,phases      ] GC(168) Post Compact 2.199ms
[119.819s][info][gc,heap        ] GC(168) PSYoungGen: 111615K(222720K)->111615K(222720K) Eden: 111615K(111616K)->111615K(111616K) From: 0K(111104K)->0K(111104K)
[119.819s][info][gc,heap        ] GC(168) ParOldGen: 667507K(667648K)->667507K(667648K)
[119.819s][info][gc,metaspace   ] GC(168) Metaspace: 18046K(18304K)->18046K(18304K) NonClass: 16597K(16768K)->16597K(16768K) Class: 1448K(1536K)->1448K(1536K)
[119.819s][info][gc             ] GC(168) Pause Full (Allocation Failure) 760M->760M(869M) 976.222ms
[119.819s][info][gc,cpu         ] GC(168) User=1.93s Sys=0.00s Real=0.97s
[119.819s][info][gc,start       ] GC(169) Pause Full (Allocation Failure)
[119.819s][info][gc,phases,start] GC(169) Marking Phase
[120.366s][info][gc,phases      ] GC(169) Marking Phase 546.303ms
[120.366s][info][gc,phases,start] GC(169) Summary Phase
[120.366s][info][gc,phases      ] GC(169) Summary Phase 0.021ms
[120.366s][info][gc,phases,start] GC(169) Forward
[120.386s][info][gc,phases      ] GC(169) Forward 20.128ms
[120.386s][info][gc,phases,start] GC(169) Adjust Pointers
[120.660s][info][gc,phases      ] GC(169) Adjust Pointers 273.903ms
[120.660s][info][gc,phases,start] GC(169) Compaction Phase
[120.790s][info][gc,phases      ] GC(169) Compaction Phase 130.457ms
[120.790s][info][gc,phases,start] GC(169) Post Compact
[120.792s][info][gc,phases      ] GC(169) Post Compact 2.156ms
[120.793s][info][gc,heap        ] GC(169) PSYoungGen: 111615K(222720K)->111615K(222720K) Eden: 111615K(111616K)->111615K(111616K) From: 0K(111104K)->0K(111104K)
[120.793s][info][gc,heap        ] GC(169) ParOldGen: 667507K(667648K)->667507K(667648K)
[120.793s][info][gc,metaspace   ] GC(169) Metaspace: 18046K(18304K)->18046K(18304K) NonClass: 16597K(16768K)->16597K(16768K) Class: 1448K(1536K)->1448K(1536K)
[120.793s][info][gc             ] GC(169) Pause Full (Allocation Failure) 760M->760M(869M) 973.314ms
[120.793s][info][gc,cpu         ] GC(169) User=1.91s Sys=0.00s Real=0.98s
[120.793s][info][gc,start       ] GC(170) Pause Full (Allocation Failure)
[120.793s][info][gc,phases,start] GC(170) Marking Phase
[121.343s][info][gc,phases      ] GC(170) Marking Phase 550.545ms
[121.343s][info][gc,phases,start] GC(170) Summary Phase
[121.343s][info][gc,phases      ] GC(170) Summary Phase 0.023ms
[121.343s][info][gc,phases,start] GC(170) Forward
[121.428s][info][gc,phases      ] GC(170) Forward 85.034ms
[121.429s][info][gc,phases,start] GC(170) Adjust Pointers
[121.728s][info][gc,phases      ] GC(170) Adjust Pointers 299.156ms
[121.728s][info][gc,phases,start] GC(170) Compaction Phase
[121.953s][info][gc,phases      ] GC(170) Compaction Phase 224.976ms
[121.953s][info][gc,phases,start] GC(170) Post Compact
[121.955s][info][gc,phases      ] GC(170) Post Compact 2.197ms
[121.955s][info][gc,heap        ] GC(170) PSYoungGen: 111615K(222720K)->111103K(222720K) Eden: 111615K(111616K)->111103K(111616K) From: 0K(111104K)->0K(111104K)
[121.955s][info][gc,heap        ] GC(170) ParOldGen: 667507K(667648K)->667606K(667648K)
[121.955s][info][gc,metaspace   ] GC(170) Metaspace: 18046K(18304K)->18046K(18304K) NonClass: 16597K(16768K)->16597K(16768K) Class: 1448K(1536K)->1448K(1536K)
[121.955s][info][gc             ] GC(170) Pause Full (Allocation Failure) 760M->760M(869M) 1162.306ms
[121.955s][info][gc,cpu         ] GC(170) User=2.29s Sys=0.00s Real=1.16s
[121.956s][info][gc,start       ] GC(171) Pause Full (Allocation Failure)
[121.956s][info][gc,phases,start] GC(171) Marking Phase
[122.175s][info][gc,phases      ] GC(171) Marking Phase 219.420ms
[122.175s][info][gc,phases,start] GC(171) Summary Phase
[122.175s][info][gc,phases      ] GC(171) Summary Phase 0.024ms
[122.175s][info][gc,phases,start] GC(171) Forward
[122.176s][info][gc,phases      ] GC(171) Forward 0.559ms
[122.176s][info][gc,phases,start] GC(171) Adjust Pointers
[122.293s][info][gc,phases      ] GC(171) Adjust Pointers 116.849ms
[122.293s][info][gc,phases,start] GC(171) Compaction Phase
[122.360s][info][gc,phases      ] GC(171) Compaction Phase 67.264ms
[122.360s][info][gc,phases,start] GC(171) Post Compact
[122.363s][info][gc,phases      ] GC(171) Post Compact 2.198ms
[122.368s][info][gc,heap        ] GC(171) PSYoungGen: 111616K(222720K)->0K(222720K) Eden: 111616K(111616K)->0K(111616K) From: 0K(111104K)->0K(111104K)
[122.368s][info][gc,heap        ] GC(171) ParOldGen: 667606K(667648K)->380928K(588800K)
[122.368s][info][gc,metaspace   ] GC(171) Metaspace: 18054K(18304K)->18054K(18304K) NonClass: 16604K(16768K)->16604K(16768K) Class: 1450K(1536K)->1450K(1536K)
[122.369s][info][gc             ] GC(171) Pause Full (Allocation Failure) 760M->372M(792M) 412.579ms
[122.369s][info][gc,cpu         ] GC(171) User=0.80s Sys=0.01s Real=0.41s
[122.372s][info][gc,heap,exit   ] Heap
[122.372s][info][gc,heap,exit   ]  PSYoungGen      total 222720K, used 2674K [0x00000000eba00000, 0x0000000100000000, 0x0000000100000000)
[122.372s][info][gc,heap,exit   ]   eden space 111616K, 2% used [0x00000000eba00000,0x00000000ebc9cab8,0x00000000f2700000)
[122.372s][info][gc,heap,exit   ]   from space 111104K, 0% used [0x00000000f9380000,0x00000000f9380000,0x0000000100000000)
[122.372s][info][gc,heap,exit   ]   to   space 111104K, 0% used [0x00000000f2700000,0x00000000f2700000,0x00000000f9380000)
[122.372s][info][gc,heap,exit   ]  ParOldGen       total 588800K, used 380928K [0x00000000c2e00000, 0x00000000e6d00000, 0x00000000eba00000)
[122.372s][info][gc,heap,exit   ]   object space 588800K, 64% used [0x00000000c2e00000,0x00000000da200270,0x00000000e6d00000)
[122.372s][info][gc,heap,exit   ]  Metaspace       used 18067K, committed 18304K, reserved 1114112K
[122.372s][info][gc,heap,exit   ]   class space    used 1451K, committed 1536K, reserved 1048576K
