[0.002s][info][metaspace]  - commit_granule_bytes: 65536.
[0.002s][info][metaspace]  - commit_granule_words: 8192.
[0.002s][info][metaspace]  - virtual_space_node_default_size: 8388608.
[0.002s][info][metaspace]  - enlarge_chunks_in_place: 1.
[0.005s][info][gc,init  ] CardTable entry size: 512
[0.005s][info][gc       ] Using Parallel
[0.006s][info][gc,init  ] Version: 24-internal-adhoc.root.jdk (release)
[0.006s][info][gc,init  ] CPUs: 2 total, 2 available
[0.006s][info][gc,init  ] Memory: 3908M
[0.006s][info][gc,init  ] Large Page Support: Disabled
[0.006s][info][gc,init  ] NUMA Support: Disabled
[0.006s][info][gc,init  ] Compressed Oops: Enabled (32-bit)
[0.006s][info][gc,init  ] Alignments: Space 512K, Generation 512K, Heap 2M
[0.006s][info][gc,init  ] Heap Min Capacity: 256M
[0.006s][info][gc,init  ] Heap Initial Capacity: 256M
[0.006s][info][gc,init  ] Heap Max Capacity: 978M
[0.006s][info][gc,init  ] Pre-touch: Disabled
[0.006s][info][gc,init  ] Parallel Workers: 2
[0.021s][info][gc,metaspace] CDS archive(s) mapped at: [0x00007f175a000000-0x00007f175adc0000-0x00007f175adc0000), size 14417920, SharedBaseAddress: 0x00007f175a000000, ArchiveRelocationMode: 1.
[0.021s][info][gc,metaspace] Compressed class space mapped at: 0x00007f175b000000-0x00007f179b000000, reserved size: 1073741824
[0.021s][info][gc,metaspace] UseCompressedClassPointers 1, UseCompactObjectHeaders 0
[0.021s][info][gc,metaspace] Narrow klass pointer bits 32, Max shift 3
[0.021s][info][gc,metaspace] Narrow klass base: 0x00007f175a000000, Narrow klass shift: 0
[0.021s][info][gc,metaspace] Encoding Range: [0x00007f175a000000 - 0x00007f185a000000), (4294967296 bytes)
[0.021s][info][gc,metaspace] Klass Range:    [0x00007f175a000000 - 0x00007f179b000000), (1090519040 bytes)
[0.021s][info][gc,metaspace] Klass ID Range:  [8 - 1090519033) (1090519025)
[3.106s][info][gc,start    ] GC(0) Pause Young (Allocation Failure)
[3.181s][info][gc,heap     ] GC(0) PSYoungGen: 65536K(76288K)->10735K(76288K) Eden: 65536K(65536K)->0K(65536K) From: 0K(10752K)->10735K(10752K)
[3.181s][info][gc,heap     ] GC(0) ParOldGen: 1157K(175104K)->36734K(175104K)
[3.181s][info][gc,metaspace] GC(0) Metaspace: 6956K(7168K)->6956K(7168K) NonClass: 6381K(6464K)->6381K(6464K) Class: 575K(704K)->575K(704K)
[3.181s][info][gc          ] GC(0) Pause Young (Allocation Failure) 65M->46M(245M) 75.171ms
[3.181s][info][gc,cpu      ] GC(0) User=0.08s Sys=0.05s Real=0.08s
[3.469s][info][gc,start    ] GC(1) Pause Young (Allocation Failure)
[3.559s][info][gc,heap     ] GC(1) PSYoungGen: 76271K(76288K)->10739K(141824K) Eden: 65536K(65536K)->0K(131072K) From: 10735K(10752K)->10739K(10752K)
[3.559s][info][gc,heap     ] GC(1) ParOldGen: 36734K(175104K)->78290K(175104K)
[3.559s][info][gc,metaspace] GC(1) Metaspace: 9075K(9280K)->9075K(9280K) NonClass: 8284K(8384K)->8284K(8384K) Class: 790K(896K)->790K(896K)
[3.559s][info][gc          ] GC(1) Pause Young (Allocation Failure) 110M->86M(309M) 89.955ms
[3.559s][info][gc,cpu      ] GC(1) User=0.11s Sys=0.06s Real=0.09s
[3.810s][info][gc,start    ] GC(2) Pause Young (Allocation Failure)
[3.967s][info][gc,heap     ] GC(2) PSYoungGen: 141811K(141824K)->10743K(141824K) Eden: 131072K(131072K)->0K(131072K) From: 10739K(10752K)->10743K(10752K)
[3.968s][info][gc,heap     ] GC(2) ParOldGen: 78290K(175104K)->173006K(175104K)
[3.968s][info][gc,metaspace] GC(2) Metaspace: 9091K(9280K)->9091K(9280K) NonClass: 8298K(8384K)->8298K(8384K) Class: 793K(896K)->793K(896K)
[3.968s][info][gc          ] GC(2) Pause Young (Allocation Failure) 214M->179M(309M) 157.167ms
[3.968s][info][gc,cpu      ] GC(2) User=0.21s Sys=0.09s Real=0.15s
[4.114s][info][gc,start    ] GC(3) Pause Young (Allocation Failure)
[4.309s][info][gc,heap     ] GC(3) PSYoungGen: 141815K(141824K)->10727K(272896K) Eden: 131072K(131072K)->0K(262144K) From: 10743K(10752K)->10727K(10752K)
[4.309s][info][gc,heap     ] GC(3) ParOldGen: 173006K(175104K)->263207K(263680K)
[4.309s][info][gc,metaspace] GC(3) Metaspace: 9094K(9280K)->9094K(9280K) NonClass: 8300K(8384K)->8300K(8384K) Class: 793K(896K)->793K(896K)
[4.309s][info][gc          ] GC(3) Pause Young (Allocation Failure) 307M->267M(524M) 195.031ms
[4.309s][info][gc,cpu      ] GC(3) User=0.28s Sys=0.08s Real=0.19s
[6.278s][info][gc,start    ] GC(4) Pause Young (Allocation Failure)
[6.511s][info][gc,heap     ] GC(4) PSYoungGen: 272871K(272896K)->10739K(272896K) Eden: 262144K(262144K)->0K(262144K) From: 10727K(10752K)->10739K(10752K)
[6.511s][info][gc,heap     ] GC(4) ParOldGen: 263207K(263680K)->369894K(370176K)
[6.511s][info][gc,metaspace] GC(4) Metaspace: 12276K(12416K)->12276K(12416K) NonClass: 11267K(11328K)->11267K(11328K) Class: 1008K(1088K)->1008K(1088K)
[6.511s][info][gc          ] GC(4) Pause Young (Allocation Failure) 523M->371M(628M) 233.536ms
[6.511s][info][gc,cpu      ] GC(4) User=0.32s Sys=0.10s Real=0.24s
[8.365s][info][gc,start    ] GC(5) Pause Young (Allocation Failure)
[8.555s][info][gc,heap     ] GC(5) PSYoungGen: 272883K(272896K)->60898K(172544K) Eden: 262144K(262144K)->0K(111616K) From: 10739K(10752K)->60898K(60928K)
[8.555s][info][gc,heap     ] GC(5) ParOldGen: 369894K(370176K)->437954K(438784K)
[8.555s][info][gc,metaspace] GC(5) Metaspace: 15488K(15808K)->15488K(15808K) NonClass: 14258K(14464K)->14258K(14464K) Class: 1230K(1344K)->1230K(1344K)
[8.555s][info][gc          ] GC(5) Pause Young (Allocation Failure) 627M->487M(597M) 190.371ms
[8.555s][info][gc,cpu      ] GC(5) User=0.22s Sys=0.11s Real=0.19s
[8.934s][info][gc,start    ] GC(6) Pause Young (Allocation Failure)
[9.066s][info][gc,heap     ] GC(6) PSYoungGen: 172514K(172544K)->78849K(222720K) Eden: 111616K(111616K)->0K(111616K) From: 60898K(60928K)->78849K(111104K)
[9.066s][info][gc,heap     ] GC(6) ParOldGen: 437954K(438784K)->440243K(440320K)
[9.066s][info][gc,metaspace] GC(6) Metaspace: 15517K(15808K)->15517K(15808K) NonClass: 14286K(14464K)->14286K(14464K) Class: 1231K(1344K)->1231K(1344K)
[9.066s][info][gc          ] GC(6) Pause Young (Allocation Failure) 596M->506M(647M) 132.214ms
[9.066s][info][gc,cpu      ] GC(6) User=0.25s Sys=0.01s Real=0.13s
[12.142s][info][gc,start    ] GC(7) Pause Young (Allocation Failure)
[12.258s][info][gc,heap     ] GC(7) PSYoungGen: 190465K(222720K)->103529K(222720K) Eden: 111616K(111616K)->0K(111616K) From: 78849K(111104K)->103529K(111104K)
[12.259s][info][gc,heap     ] GC(7) ParOldGen: 440243K(440320K)->526287K(527360K)
[12.259s][info][gc,metaspace] GC(7) Metaspace: 16528K(16832K)->16528K(16832K) NonClass: 15217K(15424K)->15217K(15424K) Class: 1311K(1408K)->1311K(1408K)
[12.259s][info][gc          ] GC(7) Pause Young (Allocation Failure) 615M->615M(732M) 116.678ms
[12.259s][info][gc,cpu      ] GC(7) User=0.11s Sys=0.09s Real=0.11s
[16.955s][info][gc,start    ] GC(8) Pause Young (Allocation Failure)
[17.077s][info][gc,heap     ] GC(8) PSYoungGen: 215145K(222720K)->80688K(222720K) Eden: 111616K(111616K)->0K(111616K) From: 103529K(111104K)->80688K(111104K)
[17.077s][info][gc,heap     ] GC(8) ParOldGen: 526287K(527360K)->585413K(585728K)
[17.077s][info][gc,metaspace] GC(8) Metaspace: 16799K(17088K)->16799K(17088K) NonClass: 15465K(15680K)->15465K(15680K) Class: 1333K(1408K)->1333K(1408K)
[17.077s][info][gc          ] GC(8) Pause Young (Allocation Failure) 724M->650M(789M) 122.643ms
[17.077s][info][gc,cpu      ] GC(8) User=0.21s Sys=0.03s Real=0.12s
[17.386s][info][gc,start    ] GC(9) Pause Full (Allocation Failure)
[17.386s][info][gc,phases,start] GC(9) Marking Phase
[17.643s][info][gc,phases      ] GC(9) Marking Phase 256.531ms
[17.643s][info][gc,phases,start] GC(9) Summary Phase
[17.643s][info][gc,phases      ] GC(9) Summary Phase 0.028ms
[17.643s][info][gc,phases,start] GC(9) Forward
[17.779s][info][gc,phases      ] GC(9) Forward 136.281ms
[17.779s][info][gc,phases,start] GC(9) Adjust Pointers
[17.943s][info][gc,phases      ] GC(9) Adjust Pointers 163.772ms
[17.943s][info][gc,phases,start] GC(9) Compaction Phase
[18.096s][info][gc,phases      ] GC(9) Compaction Phase 152.942ms
[18.096s][info][gc,phases,start] GC(9) Post Compact
[18.103s][info][gc,phases      ] GC(9) Post Compact 6.075ms
[18.103s][info][gc,heap        ] GC(9) PSYoungGen: 192304K(222720K)->81722K(222720K) Eden: 111616K(111616K)->81722K(111616K) From: 80688K(111104K)->0K(111104K)
[18.103s][info][gc,heap        ] GC(9) ParOldGen: 585413K(585728K)->585703K(667648K)
[18.103s][info][gc,metaspace   ] GC(9) Metaspace: 16799K(17088K)->16799K(17088K) NonClass: 15465K(15680K)->15465K(15680K) Class: 1333K(1408K)->1333K(1408K)
[18.103s][info][gc             ] GC(9) Pause Full (Allocation Failure) 759M->651M(869M) 716.950ms
[18.103s][info][gc,cpu         ] GC(9) User=1.25s Sys=0.04s Real=0.72s
[18.317s][info][gc,start       ] GC(10) Pause Full (Allocation Failure)
[18.317s][info][gc,phases,start] GC(10) Marking Phase
[18.574s][info][gc,phases      ] GC(10) Marking Phase 257.483ms
[18.574s][info][gc,phases,start] GC(10) Summary Phase
[18.574s][info][gc,phases      ] GC(10) Summary Phase 0.024ms
[18.574s][info][gc,phases,start] GC(10) Forward
[18.638s][info][gc,phases      ] GC(10) Forward 64.159ms
[18.638s][info][gc,phases,start] GC(10) Adjust Pointers
[18.803s][info][gc,phases      ] GC(10) Adjust Pointers 164.907ms
[18.803s][info][gc,phases,start] GC(10) Compaction Phase
[18.961s][info][gc,phases      ] GC(10) Compaction Phase 157.924ms
[18.962s][info][gc,phases,start] GC(10) Post Compact
[18.964s][info][gc,phases      ] GC(10) Post Compact 2.366ms
[18.964s][info][gc,heap        ] GC(10) PSYoungGen: 111616K(222720K)->15274K(222720K) Eden: 111616K(111616K)->15274K(111616K) From: 0K(111104K)->0K(111104K)
[18.964s][info][gc,heap        ] GC(10) ParOldGen: 585703K(667648K)->667548K(667648K)
[18.964s][info][gc,metaspace   ] GC(10) Metaspace: 16900K(17152K)->16900K(17152K) NonClass: 15565K(15744K)->15565K(15744K) Class: 1335K(1408K)->1335K(1408K)
[18.964s][info][gc             ] GC(10) Pause Full (Allocation Failure) 680M->666M(869M) 647.664ms
[18.964s][info][gc,cpu         ] GC(10) User=1.16s Sys=0.07s Real=0.65s
[19.255s][info][gc,start       ] GC(11) Pause Full (Allocation Failure)
[19.255s][info][gc,phases,start] GC(11) Marking Phase
[19.562s][info][gc,phases      ] GC(11) Marking Phase 307.454ms
[19.562s][info][gc,phases,start] GC(11) Summary Phase
[19.563s][info][gc,phases      ] GC(11) Summary Phase 0.023ms
[19.563s][info][gc,phases,start] GC(11) Forward
[19.575s][info][gc,phases      ] GC(11) Forward 12.521ms
[19.575s][info][gc,phases,start] GC(11) Adjust Pointers
[19.732s][info][gc,phases      ] GC(11) Adjust Pointers 156.642ms
[19.732s][info][gc,phases,start] GC(11) Compaction Phase
[19.813s][info][gc,phases      ] GC(11) Compaction Phase 80.782ms
[19.813s][info][gc,phases,start] GC(11) Post Compact
[19.815s][info][gc,phases      ] GC(11) Post Compact 2.366ms
[19.815s][info][gc,heap        ] GC(11) PSYoungGen: 111616K(222720K)->35682K(222720K) Eden: 111616K(111616K)->35682K(111616K) From: 0K(111104K)->0K(111104K)
[19.815s][info][gc,heap        ] GC(11) ParOldGen: 667548K(667648K)->667548K(667648K)
[19.815s][info][gc,metaspace   ] GC(11) Metaspace: 16904K(17152K)->16904K(17152K) NonClass: 15569K(15744K)->15569K(15744K) Class: 1335K(1408K)->1335K(1408K)
[19.815s][info][gc             ] GC(11) Pause Full (Allocation Failure) 760M->686M(869M) 560.207ms
[19.815s][info][gc,cpu         ] GC(11) User=1.05s Sys=0.00s Real=0.56s
[20.008s][info][gc,start       ] GC(12) Pause Full (Allocation Failure)
[20.008s][info][gc,phases,start] GC(12) Marking Phase
[20.299s][info][gc,phases      ] GC(12) Marking Phase 290.431ms
[20.299s][info][gc,phases,start] GC(12) Summary Phase
[20.299s][info][gc,phases      ] GC(12) Summary Phase 0.022ms
[20.299s][info][gc,phases,start] GC(12) Forward
[20.314s][info][gc,phases      ] GC(12) Forward 15.381ms
[20.314s][info][gc,phases,start] GC(12) Adjust Pointers
[20.474s][info][gc,phases      ] GC(12) Adjust Pointers 159.706ms
[20.474s][info][gc,phases,start] GC(12) Compaction Phase
[20.554s][info][gc,phases      ] GC(12) Compaction Phase 80.456ms
[20.554s][info][gc,phases,start] GC(12) Post Compact
[20.557s][info][gc,phases      ] GC(12) Post Compact 2.345ms
[20.557s][info][gc,heap        ] GC(12) PSYoungGen: 111616K(222720K)->51721K(222720K) Eden: 111616K(111616K)->51721K(111616K) From: 0K(111104K)->0K(111104K)
[20.557s][info][gc,heap        ] GC(12) ParOldGen: 667548K(667648K)->667548K(667648K)
[20.557s][info][gc,metaspace   ] GC(12) Metaspace: 16904K(17152K)->16904K(17152K) NonClass: 15569K(15744K)->15569K(15744K) Class: 1335K(1408K)->1335K(1408K)
[20.557s][info][gc             ] GC(12) Pause Full (Allocation Failure) 760M->702M(869M) 548.768ms
[20.557s][info][gc,cpu         ] GC(12) User=1.07s Sys=0.01s Real=0.55s
[20.688s][info][gc,start       ] GC(13) Pause Full (Allocation Failure)
[20.688s][info][gc,phases,start] GC(13) Marking Phase
[20.983s][info][gc,phases      ] GC(13) Marking Phase 295.121ms
[20.983s][info][gc,phases,start] GC(13) Summary Phase
[20.983s][info][gc,phases      ] GC(13) Summary Phase 0.022ms
[20.983s][info][gc,phases,start] GC(13) Forward
[21.001s][info][gc,phases      ] GC(13) Forward 17.667ms
[21.001s][info][gc,phases,start] GC(13) Adjust Pointers
[21.166s][info][gc,phases      ] GC(13) Adjust Pointers 165.799ms
[21.167s][info][gc,phases,start] GC(13) Compaction Phase
[21.250s][info][gc,phases      ] GC(13) Compaction Phase 83.263ms
[21.250s][info][gc,phases,start] GC(13) Post Compact
[21.252s][info][gc,phases      ] GC(13) Post Compact 2.328ms
[21.252s][info][gc,heap        ] GC(13) PSYoungGen: 111616K(222720K)->64361K(222720K) Eden: 111616K(111616K)->64361K(111616K) From: 0K(111104K)->0K(111104K)
[21.252s][info][gc,heap        ] GC(13) ParOldGen: 667548K(667648K)->667548K(667648K)
[21.252s][info][gc,metaspace   ] GC(13) Metaspace: 16904K(17152K)->16904K(17152K) NonClass: 15569K(15744K)->15569K(15744K) Class: 1335K(1408K)->1335K(1408K)
[21.252s][info][gc             ] GC(13) Pause Full (Allocation Failure) 760M->714M(869M) 564.573ms
[21.252s][info][gc,cpu         ] GC(13) User=1.10s Sys=0.00s Real=0.57s
[21.364s][info][gc,start       ] GC(14) Pause Full (Allocation Failure)
[21.364s][info][gc,phases,start] GC(14) Marking Phase
[21.667s][info][gc,phases      ] GC(14) Marking Phase 302.532ms
[21.667s][info][gc,phases,start] GC(14) Summary Phase
[21.667s][info][gc,phases      ] GC(14) Summary Phase 0.023ms
[21.667s][info][gc,phases,start] GC(14) Forward
[21.686s][info][gc,phases      ] GC(14) Forward 18.654ms
[21.686s][info][gc,phases,start] GC(14) Adjust Pointers
[21.854s][info][gc,phases      ] GC(14) Adjust Pointers 168.779ms
[21.855s][info][gc,phases,start] GC(14) Compaction Phase
[21.939s][info][gc,phases      ] GC(14) Compaction Phase 84.486ms
[21.939s][info][gc,phases,start] GC(14) Post Compact
[21.941s][info][gc,phases      ] GC(14) Post Compact 2.323ms
[21.941s][info][gc,heap        ] GC(14) PSYoungGen: 111616K(222720K)->74340K(222720K) Eden: 111616K(111616K)->74340K(111616K) From: 0K(111104K)->0K(111104K)
[21.941s][info][gc,heap        ] GC(14) ParOldGen: 667548K(667648K)->667548K(667648K)
[21.941s][info][gc,metaspace   ] GC(14) Metaspace: 16904K(17152K)->16904K(17152K) NonClass: 15569K(15744K)->15569K(15744K) Class: 1335K(1408K)->1335K(1408K)
[21.942s][info][gc             ] GC(14) Pause Full (Allocation Failure) 760M->724M(869M) 577.258ms
[21.942s][info][gc,cpu         ] GC(14) User=1.13s Sys=0.00s Real=0.58s
[22.029s][info][gc,start       ] GC(15) Pause Full (Allocation Failure)
[22.029s][info][gc,phases,start] GC(15) Marking Phase
[22.343s][info][gc,phases      ] GC(15) Marking Phase 313.654ms
[22.343s][info][gc,phases,start] GC(15) Summary Phase
[22.343s][info][gc,phases      ] GC(15) Summary Phase 0.024ms
[22.343s][info][gc,phases,start] GC(15) Forward
[22.361s][info][gc,phases      ] GC(15) Forward 18.789ms
[22.361s][info][gc,phases,start] GC(15) Adjust Pointers
[22.532s][info][gc,phases      ] GC(15) Adjust Pointers 170.166ms
[22.532s][info][gc,phases,start] GC(15) Compaction Phase
[22.616s][info][gc,phases      ] GC(15) Compaction Phase 84.486ms
[22.616s][info][gc,phases,start] GC(15) Post Compact
[22.619s][info][gc,phases      ] GC(15) Post Compact 2.353ms
[22.619s][info][gc,heap        ] GC(15) PSYoungGen: 111616K(222720K)->82250K(222720K) Eden: 111616K(111616K)->82250K(111616K) From: 0K(111104K)->0K(111104K)
[22.619s][info][gc,heap        ] GC(15) ParOldGen: 667548K(667648K)->667548K(667648K)
[22.619s][info][gc,metaspace   ] GC(15) Metaspace: 16904K(17152K)->16904K(17152K) NonClass: 15569K(15744K)->15569K(15744K) Class: 1335K(1408K)->1335K(1408K)
[22.619s][info][gc             ] GC(15) Pause Full (Allocation Failure) 760M->732M(869M) 589.935ms
[22.619s][info][gc,cpu         ] GC(15) User=1.15s Sys=0.00s Real=0.59s
[22.686s][info][gc,start       ] GC(16) Pause Full (Allocation Failure)
[22.686s][info][gc,phases,start] GC(16) Marking Phase
[23.000s][info][gc,phases      ] GC(16) Marking Phase 313.405ms
[23.000s][info][gc,phases,start] GC(16) Summary Phase
[23.000s][info][gc,phases      ] GC(16) Summary Phase 0.024ms
[23.000s][info][gc,phases,start] GC(16) Forward
[23.018s][info][gc,phases      ] GC(16) Forward 18.657ms
[23.018s][info][gc,phases,start] GC(16) Adjust Pointers
[23.191s][info][gc,phases      ] GC(16) Adjust Pointers 173.061ms
[23.192s][info][gc,phases,start] GC(16) Compaction Phase
[23.277s][info][gc,phases      ] GC(16) Compaction Phase 85.824ms
[23.277s][info][gc,phases,start] GC(16) Post Compact
[23.280s][info][gc,phases      ] GC(16) Post Compact 2.399ms
[23.280s][info][gc,heap        ] GC(16) PSYoungGen: 111616K(222720K)->88463K(222720K) Eden: 111616K(111616K)->88463K(111616K) From: 0K(111104K)->0K(111104K)
[23.280s][info][gc,heap        ] GC(16) ParOldGen: 667548K(667648K)->667548K(667648K)
[23.280s][info][gc,metaspace   ] GC(16) Metaspace: 16904K(17152K)->16904K(17152K) NonClass: 15569K(15744K)->15569K(15744K) Class: 1335K(1408K)->1335K(1408K)
[23.280s][info][gc             ] GC(16) Pause Full (Allocation Failure) 760M->738M(869M) 593.797ms
[23.280s][info][gc,cpu         ] GC(16) User=1.17s Sys=0.00s Real=0.60s
[23.336s][info][gc,start       ] GC(17) Pause Full (Allocation Failure)
[23.336s][info][gc,phases,start] GC(17) Marking Phase
[23.659s][info][gc,phases      ] GC(17) Marking Phase 323.224ms
[23.659s][info][gc,phases,start] GC(17) Summary Phase
[23.659s][info][gc,phases      ] GC(17) Summary Phase 0.025ms
[23.659s][info][gc,phases,start] GC(17) Forward
[23.678s][info][gc,phases      ] GC(17) Forward 18.726ms
[23.678s][info][gc,phases,start] GC(17) Adjust Pointers
[23.853s][info][gc,phases      ] GC(17) Adjust Pointers 175.550ms
[23.854s][info][gc,phases,start] GC(17) Compaction Phase
[23.940s][info][gc,phases      ] GC(17) Compaction Phase 86.345ms
[23.940s][info][gc,phases,start] GC(17) Post Compact
[23.942s][info][gc,phases      ] GC(17) Post Compact 2.331ms
[23.942s][info][gc,heap        ] GC(17) PSYoungGen: 111616K(222720K)->93397K(222720K) Eden: 111616K(111616K)->93397K(111616K) From: 0K(111104K)->0K(111104K)
[23.942s][info][gc,heap        ] GC(17) ParOldGen: 667548K(667648K)->667548K(667648K)
[23.942s][info][gc,metaspace   ] GC(17) Metaspace: 16904K(17152K)->16904K(17152K) NonClass: 15569K(15744K)->15569K(15744K) Class: 1335K(1408K)->1335K(1408K)
[23.942s][info][gc             ] GC(17) Pause Full (Allocation Failure) 760M->743M(869M) 606.618ms
[23.942s][info][gc,cpu         ] GC(17) User=1.19s Sys=0.00s Real=0.61s
[23.976s][info][gc,start       ] GC(18) Pause Full (Allocation Failure)
[23.976s][info][gc,phases,start] GC(18) Marking Phase
[24.309s][info][gc,phases      ] GC(18) Marking Phase 332.573ms
[24.309s][info][gc,phases,start] GC(18) Summary Phase
[24.309s][info][gc,phases      ] GC(18) Summary Phase 0.022ms
[24.309s][info][gc,phases,start] GC(18) Forward
[24.327s][info][gc,phases      ] GC(18) Forward 18.738ms
[24.327s][info][gc,phases,start] GC(18) Adjust Pointers
[24.505s][info][gc,phases      ] GC(18) Adjust Pointers 177.177ms
[24.505s][info][gc,phases,start] GC(18) Compaction Phase
[24.592s][info][gc,phases      ] GC(18) Compaction Phase 87.244ms
[24.592s][info][gc,phases,start] GC(18) Post Compact
[24.594s][info][gc,phases      ] GC(18) Post Compact 2.418ms
[24.595s][info][gc,heap        ] GC(18) PSYoungGen: 111616K(222720K)->97273K(222720K) Eden: 111616K(111616K)->97273K(111616K) From: 0K(111104K)->0K(111104K)
[24.595s][info][gc,heap        ] GC(18) ParOldGen: 667548K(667648K)->667548K(667648K)
[24.595s][info][gc,metaspace   ] GC(18) Metaspace: 16904K(17152K)->16904K(17152K) NonClass: 15569K(15744K)->15569K(15744K) Class: 1335K(1408K)->1335K(1408K)
[24.595s][info][gc             ] GC(18) Pause Full (Allocation Failure) 760M->746M(869M) 618.648ms
[24.595s][info][gc,cpu         ] GC(18) User=1.21s Sys=0.00s Real=0.62s
[24.619s][info][gc,start       ] GC(19) Pause Full (Allocation Failure)
[24.619s][info][gc,phases,start] GC(19) Marking Phase
[24.945s][info][gc,phases      ] GC(19) Marking Phase 325.790ms
[24.945s][info][gc,phases,start] GC(19) Summary Phase
[24.945s][info][gc,phases      ] GC(19) Summary Phase 0.024ms
[24.945s][info][gc,phases,start] GC(19) Forward
[24.966s][info][gc,phases      ] GC(19) Forward 20.700ms
[24.966s][info][gc,phases,start] GC(19) Adjust Pointers
[25.143s][info][gc,phases      ] GC(19) Adjust Pointers 176.859ms
[25.143s][info][gc,phases,start] GC(19) Compaction Phase
[25.230s][info][gc,phases      ] GC(19) Compaction Phase 87.220ms
[25.230s][info][gc,phases,start] GC(19) Post Compact
[25.233s][info][gc,phases      ] GC(19) Post Compact 2.370ms
[25.233s][info][gc,heap        ] GC(19) PSYoungGen: 111616K(222720K)->100355K(222720K) Eden: 111616K(111616K)->100355K(111616K) From: 0K(111104K)->0K(111104K)
[25.233s][info][gc,heap        ] GC(19) ParOldGen: 667548K(667648K)->667548K(667648K)
[25.233s][info][gc,metaspace   ] GC(19) Metaspace: 16904K(17152K)->16904K(17152K) NonClass: 15569K(15744K)->15569K(15744K) Class: 1335K(1408K)->1335K(1408K)
[25.233s][info][gc             ] GC(19) Pause Full (Allocation Failure) 760M->749M(869M) 613.382ms
[25.233s][info][gc,cpu         ] GC(19) User=1.20s Sys=0.00s Real=0.61s
[25.252s][info][gc,start       ] GC(20) Pause Full (Allocation Failure)
[25.252s][info][gc,phases,start] GC(20) Marking Phase
[25.576s][info][gc,phases      ] GC(20) Marking Phase 324.438ms
[25.576s][info][gc,phases,start] GC(20) Summary Phase
[25.576s][info][gc,phases      ] GC(20) Summary Phase 0.021ms
[25.576s][info][gc,phases,start] GC(20) Forward
[25.595s][info][gc,phases      ] GC(20) Forward 18.523ms
[25.595s][info][gc,phases,start] GC(20) Adjust Pointers
[25.770s][info][gc,phases      ] GC(20) Adjust Pointers 175.396ms
[25.770s][info][gc,phases,start] GC(20) Compaction Phase
[25.857s][info][gc,phases      ] GC(20) Compaction Phase 86.574ms
[25.857s][info][gc,phases,start] GC(20) Post Compact
[25.859s][info][gc,phases      ] GC(20) Post Compact 2.358ms
[25.859s][info][gc,heap        ] GC(20) PSYoungGen: 111616K(222720K)->102781K(222720K) Eden: 111616K(111616K)->102781K(111616K) From: 0K(111104K)->0K(111104K)
[25.859s][info][gc,heap        ] GC(20) ParOldGen: 667548K(667648K)->667548K(667648K)
[25.859s][info][gc,metaspace   ] GC(20) Metaspace: 16904K(17152K)->16904K(17152K) NonClass: 15569K(15744K)->15569K(15744K) Class: 1335K(1408K)->1335K(1408K)
[25.859s][info][gc             ] GC(20) Pause Full (Allocation Failure) 760M->752M(869M) 607.718ms
[25.859s][info][gc,cpu         ] GC(20) User=1.19s Sys=0.00s Real=0.61s
[25.874s][info][gc,start       ] GC(21) Pause Full (Allocation Failure)
[25.874s][info][gc,phases,start] GC(21) Marking Phase
[26.206s][info][gc,phases      ] GC(21) Marking Phase 331.654ms
[26.206s][info][gc,phases,start] GC(21) Summary Phase
[26.206s][info][gc,phases      ] GC(21) Summary Phase 0.024ms
[26.206s][info][gc,phases,start] GC(21) Forward
[26.225s][info][gc,phases      ] GC(21) Forward 18.911ms
[26.225s][info][gc,phases,start] GC(21) Adjust Pointers
[26.405s][info][gc,phases      ] GC(21) Adjust Pointers 179.469ms
[26.405s][info][gc,phases,start] GC(21) Compaction Phase
[26.492s][info][gc,phases      ] GC(21) Compaction Phase 86.888ms
[26.492s][info][gc,phases,start] GC(21) Post Compact
[26.494s][info][gc,phases      ] GC(21) Post Compact 2.354ms
[26.494s][info][gc,heap        ] GC(21) PSYoungGen: 111616K(222720K)->104624K(222720K) Eden: 111616K(111616K)->104624K(111616K) From: 0K(111104K)->0K(111104K)
[26.494s][info][gc,heap        ] GC(21) ParOldGen: 667548K(667648K)->667548K(667648K)
[26.494s][info][gc,metaspace   ] GC(21) Metaspace: 16904K(17152K)->16904K(17152K) NonClass: 15569K(15744K)->15569K(15744K) Class: 1335K(1408K)->1335K(1408K)
[26.494s][info][gc             ] GC(21) Pause Full (Allocation Failure) 760M->754M(869M) 619.790ms
[26.494s][info][gc,cpu         ] GC(21) User=1.21s Sys=0.00s Real=0.62s
[26.506s][info][gc,start       ] GC(22) Pause Full (Allocation Failure)
[26.506s][info][gc,phases,start] GC(22) Marking Phase
[26.834s][info][gc,phases      ] GC(22) Marking Phase 328.243ms
[26.834s][info][gc,phases,start] GC(22) Summary Phase
[26.834s][info][gc,phases      ] GC(22) Summary Phase 0.025ms
[26.834s][info][gc,phases,start] GC(22) Forward
[26.853s][info][gc,phases      ] GC(22) Forward 18.788ms
[26.853s][info][gc,phases,start] GC(22) Adjust Pointers
[27.032s][info][gc,phases      ] GC(22) Adjust Pointers 178.856ms
[27.032s][info][gc,phases,start] GC(22) Compaction Phase
[27.119s][info][gc,phases      ] GC(22) Compaction Phase 86.978ms
[27.119s][info][gc,phases,start] GC(22) Post Compact
[27.122s][info][gc,phases      ] GC(22) Post Compact 2.409ms
[27.122s][info][gc,heap        ] GC(22) PSYoungGen: 111616K(222720K)->106148K(222720K) Eden: 111616K(111616K)->106148K(111616K) From: 0K(111104K)->0K(111104K)
[27.122s][info][gc,heap        ] GC(22) ParOldGen: 667548K(667648K)->667548K(667648K)
[27.122s][info][gc,metaspace   ] GC(22) Metaspace: 16904K(17152K)->16904K(17152K) NonClass: 15569K(15744K)->15569K(15744K) Class: 1335K(1408K)->1335K(1408K)
[27.122s][info][gc             ] GC(22) Pause Full (Allocation Failure) 760M->755M(869M) 615.710ms
[27.122s][info][gc,cpu         ] GC(22) User=1.21s Sys=0.00s Real=0.62s
[27.131s][info][gc,start       ] GC(23) Pause Full (Allocation Failure)
[27.131s][info][gc,phases,start] GC(23) Marking Phase
[27.459s][info][gc,phases      ] GC(23) Marking Phase 327.544ms
[27.459s][info][gc,phases,start] GC(23) Summary Phase
[27.459s][info][gc,phases      ] GC(23) Summary Phase 0.023ms
[27.459s][info][gc,phases,start] GC(23) Forward
[27.478s][info][gc,phases      ] GC(23) Forward 18.675ms
[27.478s][info][gc,phases,start] GC(23) Adjust Pointers
[27.657s][info][gc,phases      ] GC(23) Adjust Pointers 179.506ms
[27.657s][info][gc,phases,start] GC(23) Compaction Phase
[27.745s][info][gc,phases      ] GC(23) Compaction Phase 87.836ms
[27.745s][info][gc,phases,start] GC(23) Post Compact
[27.748s][info][gc,phases      ] GC(23) Post Compact 2.582ms
[27.748s][info][gc,heap        ] GC(23) PSYoungGen: 111616K(222720K)->107309K(222720K) Eden: 111616K(111616K)->107309K(111616K) From: 0K(111104K)->0K(111104K)
[27.748s][info][gc,heap        ] GC(23) ParOldGen: 667548K(667648K)->667548K(667648K)
[27.748s][info][gc,metaspace   ] GC(23) Metaspace: 16904K(17152K)->16904K(17152K) NonClass: 15569K(15744K)->15569K(15744K) Class: 1335K(1408K)->1335K(1408K)
[27.748s][info][gc             ] GC(23) Pause Full (Allocation Failure) 760M->756M(869M) 616.657ms
[27.748s][info][gc,cpu         ] GC(23) User=1.21s Sys=0.00s Real=0.61s
[27.757s][info][gc,start       ] GC(24) Pause Full (Allocation Failure)
[27.757s][info][gc,phases,start] GC(24) Marking Phase
[28.086s][info][gc,phases      ] GC(24) Marking Phase 328.755ms
[28.086s][info][gc,phases,start] GC(24) Summary Phase
[28.086s][info][gc,phases      ] GC(24) Summary Phase 0.022ms
[28.086s][info][gc,phases,start] GC(24) Forward
[28.105s][info][gc,phases      ] GC(24) Forward 18.765ms
[28.105s][info][gc,phases,start] GC(24) Adjust Pointers
[28.283s][info][gc,phases      ] GC(24) Adjust Pointers 177.616ms
[28.283s][info][gc,phases,start] GC(24) Compaction Phase
[28.370s][info][gc,phases      ] GC(24) Compaction Phase 87.365ms
[28.370s][info][gc,phases,start] GC(24) Post Compact
[28.373s][info][gc,phases      ] GC(24) Post Compact 2.366ms
[28.373s][info][gc,heap        ] GC(24) PSYoungGen: 111616K(222720K)->108233K(222720K) Eden: 111616K(111616K)->108233K(111616K) From: 0K(111104K)->0K(111104K)
[28.373s][info][gc,heap        ] GC(24) ParOldGen: 667548K(667648K)->667548K(667648K)
[28.373s][info][gc,metaspace   ] GC(24) Metaspace: 16904K(17152K)->16904K(17152K) NonClass: 15569K(15744K)->15569K(15744K) Class: 1335K(1408K)->1335K(1408K)
[28.373s][info][gc             ] GC(24) Pause Full (Allocation Failure) 760M->757M(869M) 615.316ms
[28.373s][info][gc,cpu         ] GC(24) User=1.21s Sys=0.00s Real=0.62s
[28.379s][info][gc,start       ] GC(25) Pause Full (Allocation Failure)
[28.379s][info][gc,phases,start] GC(25) Marking Phase
[28.710s][info][gc,phases      ] GC(25) Marking Phase 331.463ms
[28.710s][info][gc,phases,start] GC(25) Summary Phase
[28.710s][info][gc,phases      ] GC(25) Summary Phase 0.023ms
[28.710s][info][gc,phases,start] GC(25) Forward
[28.729s][info][gc,phases      ] GC(25) Forward 18.648ms
[28.729s][info][gc,phases,start] GC(25) Adjust Pointers
[28.908s][info][gc,phases      ] GC(25) Adjust Pointers 179.295ms
[28.908s][info][gc,phases,start] GC(25) Compaction Phase
[28.999s][info][gc,phases      ] GC(25) Compaction Phase 90.202ms
[28.999s][info][gc,phases,start] GC(25) Post Compact
[29.001s][info][gc,phases      ] GC(25) Post Compact 2.355ms
[29.001s][info][gc,heap        ] GC(25) PSYoungGen: 111616K(222720K)->108949K(222720K) Eden: 111616K(111616K)->108949K(111616K) From: 0K(111104K)->0K(111104K)
[29.001s][info][gc,heap        ] GC(25) ParOldGen: 667548K(667648K)->667548K(667648K)
[29.001s][info][gc,metaspace   ] GC(25) Metaspace: 16904K(17152K)->16904K(17152K) NonClass: 15569K(15744K)->15569K(15744K) Class: 1335K(1408K)->1335K(1408K)
[29.001s][info][gc             ] GC(25) Pause Full (Allocation Failure) 760M->758M(869M) 622.397ms
[29.001s][info][gc,cpu         ] GC(25) User=1.23s Sys=0.00s Real=0.63s
[29.006s][info][gc,start       ] GC(26) Pause Full (Allocation Failure)
[29.006s][info][gc,phases,start] GC(26) Marking Phase
[29.339s][info][gc,phases      ] GC(26) Marking Phase 332.641ms
[29.339s][info][gc,phases,start] GC(26) Summary Phase
[29.339s][info][gc,phases      ] GC(26) Summary Phase 0.023ms
[29.339s][info][gc,phases,start] GC(26) Forward
[29.358s][info][gc,phases      ] GC(26) Forward 18.795ms
[29.358s][info][gc,phases,start] GC(26) Adjust Pointers
[29.539s][info][gc,phases      ] GC(26) Adjust Pointers 181.456ms
[29.540s][info][gc,phases,start] GC(26) Compaction Phase
[29.627s][info][gc,phases      ] GC(26) Compaction Phase 87.697ms
[29.627s][info][gc,phases,start] GC(26) Post Compact
[29.630s][info][gc,phases      ] GC(26) Post Compact 2.344ms
[29.630s][info][gc,heap        ] GC(26) PSYoungGen: 111616K(222720K)->109517K(222720K) Eden: 111616K(111616K)->109517K(111616K) From: 0K(111104K)->0K(111104K)
[29.630s][info][gc,heap        ] GC(26) ParOldGen: 667548K(667648K)->667548K(667648K)
[29.630s][info][gc,metaspace   ] GC(26) Metaspace: 16904K(17152K)->16904K(17152K) NonClass: 15569K(15744K)->15569K(15744K) Class: 1335K(1408K)->1335K(1408K)
[29.630s][info][gc             ] GC(26) Pause Full (Allocation Failure) 760M->758M(869M) 623.334ms
[29.630s][info][gc,cpu         ] GC(26) User=1.22s Sys=0.00s Real=0.63s
[29.634s][info][gc,start       ] GC(27) Pause Full (Allocation Failure)
[29.634s][info][gc,phases,start] GC(27) Marking Phase
[29.967s][info][gc,phases      ] GC(27) Marking Phase 332.879ms
[29.967s][info][gc,phases,start] GC(27) Summary Phase
[29.967s][info][gc,phases      ] GC(27) Summary Phase 0.024ms
[29.967s][info][gc,phases,start] GC(27) Forward
[29.986s][info][gc,phases      ] GC(27) Forward 18.780ms
[29.986s][info][gc,phases,start] GC(27) Adjust Pointers
[30.165s][info][gc,phases      ] GC(27) Adjust Pointers 179.098ms
[30.165s][info][gc,phases,start] GC(27) Compaction Phase
[30.252s][info][gc,phases      ] GC(27) Compaction Phase 87.393ms
[30.252s][info][gc,phases,start] GC(27) Post Compact
[30.255s][info][gc,phases      ] GC(27) Post Compact 2.399ms
[30.255s][info][gc,heap        ] GC(27) PSYoungGen: 111616K(222720K)->109970K(222720K) Eden: 111616K(111616K)->109970K(111616K) From: 0K(111104K)->0K(111104K)
[30.255s][info][gc,heap        ] GC(27) ParOldGen: 667548K(667648K)->667548K(667648K)
[30.255s][info][gc,metaspace   ] GC(27) Metaspace: 16904K(17152K)->16904K(17152K) NonClass: 15569K(15744K)->15569K(15744K) Class: 1335K(1408K)->1335K(1408K)
[30.255s][info][gc             ] GC(27) Pause Full (Allocation Failure) 760M->759M(869M) 620.914ms
[30.255s][info][gc,cpu         ] GC(27) User=1.22s Sys=0.01s Real=0.62s
[30.259s][info][gc,start       ] GC(28) Pause Full (Allocation Failure)
[30.259s][info][gc,phases,start] GC(28) Marking Phase
[30.586s][info][gc,phases      ] GC(28) Marking Phase 327.184ms
[30.586s][info][gc,phases,start] GC(28) Summary Phase
[30.586s][info][gc,phases      ] GC(28) Summary Phase 0.024ms
[30.586s][info][gc,phases,start] GC(28) Forward
[30.605s][info][gc,phases      ] GC(28) Forward 18.732ms
[30.605s][info][gc,phases,start] GC(28) Adjust Pointers
[30.782s][info][gc,phases      ] GC(28) Adjust Pointers 177.128ms
[30.782s][info][gc,phases,start] GC(28) Compaction Phase
[30.869s][info][gc,phases      ] GC(28) Compaction Phase 87.190ms
[30.869s][info][gc,phases,start] GC(28) Post Compact
[30.872s][info][gc,phases      ] GC(28) Post Compact 2.380ms
[30.872s][info][gc,heap        ] GC(28) PSYoungGen: 111616K(222720K)->110323K(222720K) Eden: 111616K(111616K)->110323K(111616K) From: 0K(111104K)->0K(111104K)
[30.872s][info][gc,heap        ] GC(28) ParOldGen: 667548K(667648K)->667548K(667648K)
[30.872s][info][gc,metaspace   ] GC(28) Metaspace: 16904K(17152K)->16904K(17152K) NonClass: 15569K(15744K)->15569K(15744K) Class: 1335K(1408K)->1335K(1408K)
[30.872s][info][gc             ] GC(28) Pause Full (Allocation Failure) 760M->759M(869M) 613.016ms
[30.872s][info][gc,cpu         ] GC(28) User=1.21s Sys=0.00s Real=0.62s
[30.875s][info][gc,start       ] GC(29) Pause Full (Allocation Failure)
[30.875s][info][gc,phases,start] GC(29) Marking Phase
[31.203s][info][gc,phases      ] GC(29) Marking Phase 327.956ms
[31.203s][info][gc,phases,start] GC(29) Summary Phase
[31.203s][info][gc,phases      ] GC(29) Summary Phase 0.023ms
[31.203s][info][gc,phases,start] GC(29) Forward
[31.222s][info][gc,phases      ] GC(29) Forward 19.006ms
[31.222s][info][gc,phases,start] GC(29) Adjust Pointers
[31.400s][info][gc,phases      ] GC(29) Adjust Pointers 177.639ms
[31.400s][info][gc,phases,start] GC(29) Compaction Phase
[31.487s][info][gc,phases      ] GC(29) Compaction Phase 87.598ms
[31.487s][info][gc,phases,start] GC(29) Post Compact
[31.490s][info][gc,phases      ] GC(29) Post Compact 2.341ms
[31.490s][info][gc,heap        ] GC(29) PSYoungGen: 111616K(222720K)->110610K(222720K) Eden: 111616K(111616K)->110610K(111616K) From: 0K(111104K)->0K(111104K)
[31.490s][info][gc,heap        ] GC(29) ParOldGen: 667548K(667648K)->667548K(667648K)
[31.490s][info][gc,metaspace   ] GC(29) Metaspace: 16904K(17152K)->16904K(17152K) NonClass: 15569K(15744K)->15569K(15744K) Class: 1335K(1408K)->1335K(1408K)
[31.490s][info][gc             ] GC(29) Pause Full (Allocation Failure) 760M->759M(869M) 614.935ms
[31.490s][info][gc,cpu         ] GC(29) User=1.21s Sys=0.00s Real=0.62s
[31.492s][info][gc,start       ] GC(30) Pause Full (Allocation Failure)
[31.492s][info][gc,phases,start] GC(30) Marking Phase
[31.847s][info][gc,phases      ] GC(30) Marking Phase 354.498ms
[31.847s][info][gc,phases,start] GC(30) Summary Phase
[31.847s][info][gc,phases      ] GC(30) Summary Phase 0.022ms
[31.847s][info][gc,phases,start] GC(30) Forward
[31.866s][info][gc,phases      ] GC(30) Forward 19.031ms
[31.866s][info][gc,phases,start] GC(30) Adjust Pointers
[32.047s][info][gc,phases      ] GC(30) Adjust Pointers 180.859ms
[32.047s][info][gc,phases,start] GC(30) Compaction Phase
[32.137s][info][gc,phases      ] GC(30) Compaction Phase 89.704ms
[32.137s][info][gc,phases,start] GC(30) Post Compact
[32.139s][info][gc,phases      ] GC(30) Post Compact 2.346ms
[32.139s][info][gc,heap        ] GC(30) PSYoungGen: 111616K(222720K)->110822K(222720K) Eden: 111616K(111616K)->110822K(111616K) From: 0K(111104K)->0K(111104K)
[32.139s][info][gc,heap        ] GC(30) ParOldGen: 667548K(667648K)->667548K(667648K)
[32.139s][info][gc,metaspace   ] GC(30) Metaspace: 16904K(17152K)->16904K(17152K) NonClass: 15569K(15744K)->15569K(15744K) Class: 1335K(1408K)->1335K(1408K)
[32.139s][info][gc             ] GC(30) Pause Full (Allocation Failure) 760M->760M(869M) 646.842ms
[32.139s][info][gc,cpu         ] GC(30) User=1.26s Sys=0.00s Real=0.65s
[32.142s][info][gc,start       ] GC(31) Pause Full (Allocation Failure)
[32.142s][info][gc,phases,start] GC(31) Marking Phase
[32.481s][info][gc,phases      ] GC(31) Marking Phase 339.605ms
[32.481s][info][gc,phases,start] GC(31) Summary Phase
[32.481s][info][gc,phases      ] GC(31) Summary Phase 0.023ms
[32.481s][info][gc,phases,start] GC(31) Forward
[32.501s][info][gc,phases      ] GC(31) Forward 19.347ms
[32.501s][info][gc,phases,start] GC(31) Adjust Pointers
[32.681s][info][gc,phases      ] GC(31) Adjust Pointers 180.474ms
[32.681s][info][gc,phases,start] GC(31) Compaction Phase
[32.770s][info][gc,phases      ] GC(31) Compaction Phase 88.242ms
[32.770s][info][gc,phases,start] GC(31) Post Compact
[32.772s][info][gc,phases      ] GC(31) Post Compact 2.345ms
[32.772s][info][gc,heap        ] GC(31) PSYoungGen: 111616K(222720K)->110991K(222720K) Eden: 111616K(111616K)->110991K(111616K) From: 0K(111104K)->0K(111104K)
[32.772s][info][gc,heap        ] GC(31) ParOldGen: 667548K(667648K)->667548K(667648K)
[32.772s][info][gc,metaspace   ] GC(31) Metaspace: 16904K(17152K)->16904K(17152K) NonClass: 15569K(15744K)->15569K(15744K) Class: 1335K(1408K)->1335K(1408K)
[32.772s][info][gc             ] GC(31) Pause Full (Allocation Failure) 760M->760M(869M) 630.444ms
[32.772s][info][gc,cpu         ] GC(31) User=1.23s Sys=0.00s Real=0.63s
[32.774s][info][gc,start       ] GC(32) Pause Full (Allocation Failure)
[32.774s][info][gc,phases,start] GC(32) Marking Phase
[33.106s][info][gc,phases      ] GC(32) Marking Phase 332.417ms
[33.107s][info][gc,phases,start] GC(32) Summary Phase
[33.107s][info][gc,phases      ] GC(32) Summary Phase 0.023ms
[33.107s][info][gc,phases,start] GC(32) Forward
[33.125s][info][gc,phases      ] GC(32) Forward 18.827ms
[33.125s][info][gc,phases,start] GC(32) Adjust Pointers
[33.303s][info][gc,phases      ] GC(32) Adjust Pointers 178.002ms
[33.304s][info][gc,phases,start] GC(32) Compaction Phase
[33.390s][info][gc,phases      ] GC(32) Compaction Phase 86.845ms
[33.390s][info][gc,phases,start] GC(32) Post Compact
[33.393s][info][gc,phases      ] GC(32) Post Compact 2.360ms
[33.393s][info][gc,heap        ] GC(32) PSYoungGen: 111616K(222720K)->111120K(222720K) Eden: 111616K(111616K)->111120K(111616K) From: 0K(111104K)->0K(111104K)
[33.393s][info][gc,heap        ] GC(32) ParOldGen: 667548K(667648K)->667548K(667648K)
[33.393s][info][gc,metaspace   ] GC(32) Metaspace: 16904K(17152K)->16904K(17152K) NonClass: 15569K(15744K)->15569K(15744K) Class: 1335K(1408K)->1335K(1408K)
[33.393s][info][gc             ] GC(32) Pause Full (Allocation Failure) 760M->760M(869M) 618.860ms
[33.393s][info][gc,cpu         ] GC(32) User=1.21s Sys=0.00s Real=0.62s
[33.395s][info][gc,start       ] GC(33) Pause Full (Allocation Failure)
[33.395s][info][gc,phases,start] GC(33) Marking Phase
[33.721s][info][gc,phases      ] GC(33) Marking Phase 325.816ms
[33.721s][info][gc,phases,start] GC(33) Summary Phase
[33.721s][info][gc,phases      ] GC(33) Summary Phase 0.024ms
[33.721s][info][gc,phases,start] GC(33) Forward
[33.739s][info][gc,phases      ] GC(33) Forward 18.283ms
[33.739s][info][gc,phases,start] GC(33) Adjust Pointers
[33.917s][info][gc,phases      ] GC(33) Adjust Pointers 177.919ms
[33.917s][info][gc,phases,start] GC(33) Compaction Phase
[34.004s][info][gc,phases      ] GC(33) Compaction Phase 87.336ms
[34.004s][info][gc,phases,start] GC(33) Post Compact
[34.007s][info][gc,phases      ] GC(33) Post Compact 2.351ms
[34.007s][info][gc,heap        ] GC(33) PSYoungGen: 111616K(222720K)->111218K(222720K) Eden: 111616K(111616K)->111218K(111616K) From: 0K(111104K)->0K(111104K)
[34.007s][info][gc,heap        ] GC(33) ParOldGen: 667548K(667648K)->667548K(667648K)
[34.007s][info][gc,metaspace   ] GC(33) Metaspace: 16904K(17152K)->16904K(17152K) NonClass: 15569K(15744K)->15569K(15744K) Class: 1335K(1408K)->1335K(1408K)
[34.007s][info][gc             ] GC(33) Pause Full (Allocation Failure) 760M->760M(869M) 612.100ms
[34.007s][info][gc,cpu         ] GC(33) User=1.20s Sys=0.00s Real=0.61s
[34.009s][info][gc,start       ] GC(34) Pause Full (Allocation Failure)
[34.009s][info][gc,phases,start] GC(34) Marking Phase
[34.333s][info][gc,phases      ] GC(34) Marking Phase 324.279ms
[34.333s][info][gc,phases,start] GC(34) Summary Phase
[34.333s][info][gc,phases      ] GC(34) Summary Phase 0.023ms
[34.333s][info][gc,phases,start] GC(34) Forward
[34.352s][info][gc,phases      ] GC(34) Forward 18.727ms
[34.352s][info][gc,phases,start] GC(34) Adjust Pointers
[34.528s][info][gc,phases      ] GC(34) Adjust Pointers 176.354ms
[34.528s][info][gc,phases,start] GC(34) Compaction Phase
[34.615s][info][gc,phases      ] GC(34) Compaction Phase 86.939ms
[34.615s][info][gc,phases,start] GC(34) Post Compact
[34.617s][info][gc,phases      ] GC(34) Post Compact 2.340ms
[34.618s][info][gc,heap        ] GC(34) PSYoungGen: 111616K(222720K)->111296K(222720K) Eden: 111616K(111616K)->111296K(111616K) From: 0K(111104K)->0K(111104K)
[34.618s][info][gc,heap        ] GC(34) ParOldGen: 667548K(667648K)->667548K(667648K)
[34.618s][info][gc,metaspace   ] GC(34) Metaspace: 16904K(17152K)->16904K(17152K) NonClass: 15569K(15744K)->15569K(15744K) Class: 1335K(1408K)->1335K(1408K)
[34.618s][info][gc             ] GC(34) Pause Full (Allocation Failure) 760M->760M(869M) 609.038ms
[34.618s][info][gc,cpu         ] GC(34) User=1.20s Sys=0.00s Real=0.61s
[34.619s][info][gc,start       ] GC(35) Pause Full (Allocation Failure)
[34.619s][info][gc,phases,start] GC(35) Marking Phase
[34.950s][info][gc,phases      ] GC(35) Marking Phase 330.689ms
[34.950s][info][gc,phases,start] GC(35) Summary Phase
[34.950s][info][gc,phases      ] GC(35) Summary Phase 0.022ms
[34.950s][info][gc,phases,start] GC(35) Forward
[34.971s][info][gc,phases      ] GC(35) Forward 21.083ms
[34.971s][info][gc,phases,start] GC(35) Adjust Pointers
[35.149s][info][gc,phases      ] GC(35) Adjust Pointers 178.235ms
[35.149s][info][gc,phases,start] GC(35) Compaction Phase
[35.236s][info][gc,phases      ] GC(35) Compaction Phase 87.142ms
[35.237s][info][gc,phases,start] GC(35) Post Compact
[35.239s][info][gc,phases      ] GC(35) Post Compact 2.357ms
[35.239s][info][gc,heap        ] GC(35) PSYoungGen: 111616K(222720K)->111359K(222720K) Eden: 111616K(111616K)->111359K(111616K) From: 0K(111104K)->0K(111104K)
[35.239s][info][gc,heap        ] GC(35) ParOldGen: 667548K(667648K)->667548K(667648K)
[35.239s][info][gc,metaspace   ] GC(35) Metaspace: 16904K(17152K)->16904K(17152K) NonClass: 15569K(15744K)->15569K(15744K) Class: 1335K(1408K)->1335K(1408K)
[35.239s][info][gc             ] GC(35) Pause Full (Allocation Failure) 760M->760M(869M) 619.896ms
[35.239s][info][gc,cpu         ] GC(35) User=1.21s Sys=0.00s Real=0.62s
[35.240s][info][gc,start       ] GC(36) Pause Full (Allocation Failure)
[35.240s][info][gc,phases,start] GC(36) Marking Phase
[35.566s][info][gc,phases      ] GC(36) Marking Phase 325.651ms
[35.566s][info][gc,phases,start] GC(36) Summary Phase
[35.566s][info][gc,phases      ] GC(36) Summary Phase 0.023ms
[35.566s][info][gc,phases,start] GC(36) Forward
[35.585s][info][gc,phases      ] GC(36) Forward 18.441ms
[35.585s][info][gc,phases,start] GC(36) Adjust Pointers
[35.769s][info][gc,phases      ] GC(36) Adjust Pointers 184.487ms
[35.769s][info][gc,phases,start] GC(36) Compaction Phase
[35.857s][info][gc,phases      ] GC(36) Compaction Phase 87.464ms
[35.857s][info][gc,phases,start] GC(36) Post Compact
[35.859s][info][gc,phases      ] GC(36) Post Compact 2.347ms
[35.859s][info][gc,heap        ] GC(36) PSYoungGen: 111616K(222720K)->111408K(222720K) Eden: 111616K(111616K)->111408K(111616K) From: 0K(111104K)->0K(111104K)
[35.859s][info][gc,heap        ] GC(36) ParOldGen: 667548K(667648K)->667548K(667648K)
[35.859s][info][gc,metaspace   ] GC(36) Metaspace: 16904K(17152K)->16904K(17152K) NonClass: 15569K(15744K)->15569K(15744K) Class: 1335K(1408K)->1335K(1408K)
[35.859s][info][gc             ] GC(36) Pause Full (Allocation Failure) 760M->760M(869M) 618.806ms
[35.859s][info][gc,cpu         ] GC(36) User=1.21s Sys=0.00s Real=0.62s
[35.861s][info][gc,start       ] GC(37) Pause Full (Allocation Failure)
[35.861s][info][gc,phases,start] GC(37) Marking Phase
[36.190s][info][gc,phases      ] GC(37) Marking Phase 328.923ms
[36.190s][info][gc,phases,start] GC(37) Summary Phase
[36.190s][info][gc,phases      ] GC(37) Summary Phase 0.032ms
[36.190s][info][gc,phases,start] GC(37) Forward
[36.209s][info][gc,phases      ] GC(37) Forward 18.943ms
[36.209s][info][gc,phases,start] GC(37) Adjust Pointers
[36.387s][info][gc,phases      ] GC(37) Adjust Pointers 178.671ms
[36.387s][info][gc,phases,start] GC(37) Compaction Phase
[36.479s][info][gc,phases      ] GC(37) Compaction Phase 91.170ms
[36.479s][info][gc,phases,start] GC(37) Post Compact
[36.481s][info][gc,phases      ] GC(37) Post Compact 2.338ms
[36.481s][info][gc,heap        ] GC(37) PSYoungGen: 111616K(222720K)->111447K(222720K) Eden: 111616K(111616K)->111447K(111616K) From: 0K(111104K)->0K(111104K)
[36.481s][info][gc,heap        ] GC(37) ParOldGen: 667548K(667648K)->667548K(667648K)
[36.481s][info][gc,metaspace   ] GC(37) Metaspace: 16904K(17152K)->16904K(17152K) NonClass: 15569K(15744K)->15569K(15744K) Class: 1335K(1408K)->1335K(1408K)
[36.481s][info][gc             ] GC(37) Pause Full (Allocation Failure) 760M->760M(869M) 620.471ms
[36.481s][info][gc,cpu         ] GC(37) User=1.22s Sys=0.00s Real=0.62s
[36.482s][info][gc,start       ] GC(38) Pause Full (Allocation Failure)
[36.482s][info][gc,phases,start] GC(38) Marking Phase
[36.814s][info][gc,phases      ] GC(38) Marking Phase 332.028ms
[36.814s][info][gc,phases,start] GC(38) Summary Phase
[36.815s][info][gc,phases      ] GC(38) Summary Phase 0.024ms
[36.815s][info][gc,phases,start] GC(38) Forward
[36.833s][info][gc,phases      ] GC(38) Forward 18.763ms
[36.833s][info][gc,phases,start] GC(38) Adjust Pointers
[37.012s][info][gc,phases      ] GC(38) Adjust Pointers 178.752ms
[37.012s][info][gc,phases,start] GC(38) Compaction Phase
[37.100s][info][gc,phases      ] GC(38) Compaction Phase 87.671ms
[37.100s][info][gc,phases,start] GC(38) Post Compact
[37.102s][info][gc,phases      ] GC(38) Post Compact 2.370ms
[37.102s][info][gc,heap        ] GC(38) PSYoungGen: 111616K(222720K)->111479K(222720K) Eden: 111616K(111616K)->111479K(111616K) From: 0K(111104K)->0K(111104K)
[37.102s][info][gc,heap        ] GC(38) ParOldGen: 667548K(667648K)->667548K(667648K)
[37.102s][info][gc,metaspace   ] GC(38) Metaspace: 16904K(17152K)->16904K(17152K) NonClass: 15569K(15744K)->15569K(15744K) Class: 1335K(1408K)->1335K(1408K)
[37.102s][info][gc             ] GC(38) Pause Full (Allocation Failure) 760M->760M(869M) 619.968ms
[37.102s][info][gc,cpu         ] GC(38) User=1.22s Sys=0.00s Real=0.62s
[37.104s][info][gc,start       ] GC(39) Pause Full (Allocation Failure)
[37.104s][info][gc,phases,start] GC(39) Marking Phase
[37.432s][info][gc,phases      ] GC(39) Marking Phase 328.364ms
[37.432s][info][gc,phases,start] GC(39) Summary Phase
[37.432s][info][gc,phases      ] GC(39) Summary Phase 0.023ms
[37.432s][info][gc,phases,start] GC(39) Forward
[37.451s][info][gc,phases      ] GC(39) Forward 18.891ms
[37.451s][info][gc,phases,start] GC(39) Adjust Pointers
[37.630s][info][gc,phases      ] GC(39) Adjust Pointers 179.205ms
[37.630s][info][gc,phases,start] GC(39) Compaction Phase
[37.718s][info][gc,phases      ] GC(39) Compaction Phase 87.829ms
[37.718s][info][gc,phases,start] GC(39) Post Compact
[37.721s][info][gc,phases      ] GC(39) Post Compact 2.373ms
[37.721s][info][gc,heap        ] GC(39) PSYoungGen: 111615K(222720K)->111504K(222720K) Eden: 111615K(111616K)->111504K(111616K) From: 0K(111104K)->0K(111104K)
[37.721s][info][gc,heap        ] GC(39) ParOldGen: 667548K(667648K)->667548K(667648K)
[37.721s][info][gc,metaspace   ] GC(39) Metaspace: 16904K(17152K)->16904K(17152K) NonClass: 15569K(15744K)->15569K(15744K) Class: 1335K(1408K)->1335K(1408K)
[37.721s][info][gc             ] GC(39) Pause Full (Allocation Failure) 760M->760M(869M) 617.072ms
[37.721s][info][gc,cpu         ] GC(39) User=1.21s Sys=0.01s Real=0.62s
[37.722s][info][gc,start       ] GC(40) Pause Full (Allocation Failure)
[37.722s][info][gc,phases,start] GC(40) Marking Phase
[38.049s][info][gc,phases      ] GC(40) Marking Phase 326.627ms
[38.049s][info][gc,phases,start] GC(40) Summary Phase
[38.049s][info][gc,phases      ] GC(40) Summary Phase 0.056ms
[38.049s][info][gc,phases,start] GC(40) Forward
[38.068s][info][gc,phases      ] GC(40) Forward 18.996ms
[38.068s][info][gc,phases,start] GC(40) Adjust Pointers
[38.247s][info][gc,phases      ] GC(40) Adjust Pointers 179.652ms
[38.247s][info][gc,phases,start] GC(40) Compaction Phase
[38.335s][info][gc,phases      ] GC(40) Compaction Phase 87.542ms
[38.335s][info][gc,phases,start] GC(40) Post Compact
[38.337s][info][gc,phases      ] GC(40) Post Compact 2.375ms
[38.337s][info][gc,heap        ] GC(40) PSYoungGen: 111616K(222720K)->111523K(222720K) Eden: 111616K(111616K)->111523K(111616K) From: 0K(111104K)->0K(111104K)
[38.337s][info][gc,heap        ] GC(40) ParOldGen: 667548K(667648K)->667548K(667648K)
[38.337s][info][gc,metaspace   ] GC(40) Metaspace: 16904K(17152K)->16904K(17152K) NonClass: 15569K(15744K)->15569K(15744K) Class: 1335K(1408K)->1335K(1408K)
[38.338s][info][gc             ] GC(40) Pause Full (Allocation Failure) 760M->760M(869M) 615.619ms
[38.338s][info][gc,cpu         ] GC(40) User=1.21s Sys=0.00s Real=0.61s
[38.339s][info][gc,start       ] GC(41) Pause Full (Allocation Failure)
[38.339s][info][gc,phases,start] GC(41) Marking Phase
[38.666s][info][gc,phases      ] GC(41) Marking Phase 327.148ms
[38.666s][info][gc,phases,start] GC(41) Summary Phase
[38.666s][info][gc,phases      ] GC(41) Summary Phase 0.023ms
[38.666s][info][gc,phases,start] GC(41) Forward
[38.685s][info][gc,phases      ] GC(41) Forward 18.716ms
[38.685s][info][gc,phases,start] GC(41) Adjust Pointers
[38.861s][info][gc,phases      ] GC(41) Adjust Pointers 176.478ms
[38.861s][info][gc,phases,start] GC(41) Compaction Phase
[38.948s][info][gc,phases      ] GC(41) Compaction Phase 86.709ms
[38.948s][info][gc,phases,start] GC(41) Post Compact
[38.950s][info][gc,phases      ] GC(41) Post Compact 2.351ms
[38.950s][info][gc,heap        ] GC(41) PSYoungGen: 111615K(222720K)->111540K(222720K) Eden: 111615K(111616K)->111540K(111616K) From: 0K(111104K)->0K(111104K)
[38.950s][info][gc,heap        ] GC(41) ParOldGen: 667548K(667648K)->667548K(667648K)
[38.950s][info][gc,metaspace   ] GC(41) Metaspace: 16904K(17152K)->16904K(17152K) NonClass: 15569K(15744K)->15569K(15744K) Class: 1335K(1408K)->1335K(1408K)
[38.950s][info][gc             ] GC(41) Pause Full (Allocation Failure) 760M->760M(869M) 611.768ms
[38.950s][info][gc,cpu         ] GC(41) User=1.20s Sys=0.00s Real=0.62s
[38.952s][info][gc,start       ] GC(42) Pause Full (Allocation Failure)
[38.952s][info][gc,phases,start] GC(42) Marking Phase
[39.277s][info][gc,phases      ] GC(42) Marking Phase 325.483ms
[39.277s][info][gc,phases,start] GC(42) Summary Phase
[39.277s][info][gc,phases      ] GC(42) Summary Phase 0.023ms
[39.277s][info][gc,phases,start] GC(42) Forward
[39.297s][info][gc,phases      ] GC(42) Forward 19.345ms
[39.297s][info][gc,phases,start] GC(42) Adjust Pointers
[39.474s][info][gc,phases      ] GC(42) Adjust Pointers 177.631ms
[39.474s][info][gc,phases,start] GC(42) Compaction Phase
[39.562s][info][gc,phases      ] GC(42) Compaction Phase 87.810ms
[39.562s][info][gc,phases,start] GC(42) Post Compact
[39.565s][info][gc,phases      ] GC(42) Post Compact 2.340ms
[39.565s][info][gc,heap        ] GC(42) PSYoungGen: 111615K(222720K)->111552K(222720K) Eden: 111615K(111616K)->111552K(111616K) From: 0K(111104K)->0K(111104K)
[39.565s][info][gc,heap        ] GC(42) ParOldGen: 667548K(667648K)->667548K(667648K)
[39.565s][info][gc,metaspace   ] GC(42) Metaspace: 16904K(17152K)->16904K(17152K) NonClass: 15569K(15744K)->15569K(15744K) Class: 1335K(1408K)->1335K(1408K)
[39.565s][info][gc             ] GC(42) Pause Full (Allocation Failure) 760M->760M(869M) 613.010ms
[39.565s][info][gc,cpu         ] GC(42) User=1.20s Sys=0.00s Real=0.61s
[39.566s][info][gc,start       ] GC(43) Pause Full (Allocation Failure)
[39.566s][info][gc,phases,start] GC(43) Marking Phase
[39.901s][info][gc,phases      ] GC(43) Marking Phase 334.589ms
[39.901s][info][gc,phases,start] GC(43) Summary Phase
[39.901s][info][gc,phases      ] GC(43) Summary Phase 0.022ms
[39.901s][info][gc,phases,start] GC(43) Forward
[39.919s][info][gc,phases      ] GC(43) Forward 18.838ms
[39.919s][info][gc,phases,start] GC(43) Adjust Pointers
[40.101s][info][gc,phases      ] GC(43) Adjust Pointers 181.192ms
[40.101s][info][gc,phases,start] GC(43) Compaction Phase
[40.189s][info][gc,phases      ] GC(43) Compaction Phase 88.708ms
[40.190s][info][gc,phases,start] GC(43) Post Compact
[40.192s][info][gc,phases      ] GC(43) Post Compact 2.342ms
[40.192s][info][gc,heap        ] GC(43) PSYoungGen: 111616K(222720K)->111562K(222720K) Eden: 111616K(111616K)->111562K(111616K) From: 0K(111104K)->0K(111104K)
[40.192s][info][gc,heap        ] GC(43) ParOldGen: 667548K(667648K)->667548K(667648K)
[40.192s][info][gc,metaspace   ] GC(43) Metaspace: 16904K(17152K)->16904K(17152K) NonClass: 15569K(15744K)->15569K(15744K) Class: 1335K(1408K)->1335K(1408K)
[40.192s][info][gc             ] GC(43) Pause Full (Allocation Failure) 760M->760M(869M) 626.076ms
[40.192s][info][gc,cpu         ] GC(43) User=1.22s Sys=0.00s Real=0.63s
[40.193s][info][gc,start       ] GC(44) Pause Full (Allocation Failure)
[40.193s][info][gc,phases,start] GC(44) Marking Phase
[40.523s][info][gc,phases      ] GC(44) Marking Phase 329.784ms
[40.523s][info][gc,phases,start] GC(44) Summary Phase
[40.523s][info][gc,phases      ] GC(44) Summary Phase 0.024ms
[40.523s][info][gc,phases,start] GC(44) Forward
[40.542s][info][gc,phases      ] GC(44) Forward 19.181ms
[40.542s][info][gc,phases,start] GC(44) Adjust Pointers
[40.726s][info][gc,phases      ] GC(44) Adjust Pointers 183.985ms
[40.726s][info][gc,phases,start] GC(44) Compaction Phase
[40.818s][info][gc,phases      ] GC(44) Compaction Phase 91.263ms
[40.818s][info][gc,phases,start] GC(44) Post Compact
[40.820s][info][gc,phases      ] GC(44) Post Compact 2.423ms
[40.820s][info][gc,heap        ] GC(44) PSYoungGen: 111615K(222720K)->111569K(222720K) Eden: 111615K(111616K)->111569K(111616K) From: 0K(111104K)->0K(111104K)
[40.820s][info][gc,heap        ] GC(44) ParOldGen: 667548K(667648K)->667548K(667648K)
[40.820s][info][gc,metaspace   ] GC(44) Metaspace: 16904K(17152K)->16904K(17152K) NonClass: 15569K(15744K)->15569K(15744K) Class: 1335K(1408K)->1335K(1408K)
[40.820s][info][gc             ] GC(44) Pause Full (Allocation Failure) 760M->760M(869M) 627.051ms
[40.820s][info][gc,cpu         ] GC(44) User=1.23s Sys=0.00s Real=0.63s
[40.821s][info][gc,start       ] GC(45) Pause Full (Allocation Failure)
[40.821s][info][gc,phases,start] GC(45) Marking Phase
[41.151s][info][gc,phases      ] GC(45) Marking Phase 329.781ms
[41.151s][info][gc,phases,start] GC(45) Summary Phase
[41.151s][info][gc,phases      ] GC(45) Summary Phase 0.022ms
[41.151s][info][gc,phases,start] GC(45) Forward
[41.170s][info][gc,phases      ] GC(45) Forward 18.787ms
[41.170s][info][gc,phases,start] GC(45) Adjust Pointers
[41.347s][info][gc,phases      ] GC(45) Adjust Pointers 176.678ms
[41.347s][info][gc,phases,start] GC(45) Compaction Phase
[41.433s][info][gc,phases      ] GC(45) Compaction Phase 86.534ms
[41.433s][info][gc,phases,start] GC(45) Post Compact
[41.436s][info][gc,phases      ] GC(45) Post Compact 2.285ms
[41.436s][info][gc,heap        ] GC(45) PSYoungGen: 111615K(222720K)->111578K(222720K) Eden: 111615K(111616K)->111578K(111616K) From: 0K(111104K)->0K(111104K)
[41.436s][info][gc,heap        ] GC(45) ParOldGen: 667548K(667648K)->667548K(667648K)
[41.436s][info][gc,metaspace   ] GC(45) Metaspace: 16904K(17152K)->16904K(17152K) NonClass: 15569K(15744K)->15569K(15744K) Class: 1335K(1408K)->1335K(1408K)
[41.436s][info][gc             ] GC(45) Pause Full (Allocation Failure) 760M->760M(869M) 614.423ms
[41.436s][info][gc,cpu         ] GC(45) User=1.21s Sys=0.00s Real=0.61s
[41.437s][info][gc,start       ] GC(46) Pause Full (Allocation Failure)
[41.437s][info][gc,phases,start] GC(46) Marking Phase
[41.762s][info][gc,phases      ] GC(46) Marking Phase 324.895ms
[41.762s][info][gc,phases,start] GC(46) Summary Phase
[41.762s][info][gc,phases      ] GC(46) Summary Phase 0.021ms
[41.762s][info][gc,phases,start] GC(46) Forward
[41.781s][info][gc,phases      ] GC(46) Forward 18.933ms
[41.781s][info][gc,phases,start] GC(46) Adjust Pointers
[41.958s][info][gc,phases      ] GC(46) Adjust Pointers 177.131ms
[41.958s][info][gc,phases,start] GC(46) Compaction Phase
[42.045s][info][gc,phases      ] GC(46) Compaction Phase 86.810ms
[42.045s][info][gc,phases,start] GC(46) Post Compact
[42.047s][info][gc,phases      ] GC(46) Post Compact 2.345ms
[42.047s][info][gc,heap        ] GC(46) PSYoungGen: 111616K(222720K)->111584K(222720K) Eden: 111616K(111616K)->111584K(111616K) From: 0K(111104K)->0K(111104K)
[42.047s][info][gc,heap        ] GC(46) ParOldGen: 667548K(667648K)->667548K(667648K)
[42.047s][info][gc,metaspace   ] GC(46) Metaspace: 16904K(17152K)->16904K(17152K) NonClass: 15569K(15744K)->15569K(15744K) Class: 1335K(1408K)->1335K(1408K)
[42.047s][info][gc             ] GC(46) Pause Full (Allocation Failure) 760M->760M(869M) 610.461ms
[42.047s][info][gc,cpu         ] GC(46) User=1.20s Sys=0.00s Real=0.61s
[42.048s][info][gc,start       ] GC(47) Pause Full (Allocation Failure)
[42.048s][info][gc,phases,start] GC(47) Marking Phase
[42.385s][info][gc,phases      ] GC(47) Marking Phase 337.004ms
[42.385s][info][gc,phases,start] GC(47) Summary Phase
[42.386s][info][gc,phases      ] GC(47) Summary Phase 0.023ms
[42.386s][info][gc,phases,start] GC(47) Forward
[42.404s][info][gc,phases      ] GC(47) Forward 18.791ms
[42.404s][info][gc,phases,start] GC(47) Adjust Pointers
[42.581s][info][gc,phases      ] GC(47) Adjust Pointers 176.845ms
[42.581s][info][gc,phases,start] GC(47) Compaction Phase
[42.668s][info][gc,phases      ] GC(47) Compaction Phase 86.450ms
[42.668s][info][gc,phases,start] GC(47) Post Compact
[42.670s][info][gc,phases      ] GC(47) Post Compact 2.293ms
[42.670s][info][gc,heap        ] GC(47) PSYoungGen: 111616K(222720K)->111589K(222720K) Eden: 111616K(111616K)->111589K(111616K) From: 0K(111104K)->0K(111104K)
[42.670s][info][gc,heap        ] GC(47) ParOldGen: 667548K(667648K)->667548K(667648K)
[42.670s][info][gc,metaspace   ] GC(47) Metaspace: 16904K(17152K)->16904K(17152K) NonClass: 15569K(15744K)->15569K(15744K) Class: 1335K(1408K)->1335K(1408K)
[42.670s][info][gc             ] GC(47) Pause Full (Allocation Failure) 760M->760M(869M) 621.744ms
[42.670s][info][gc,cpu         ] GC(47) User=1.22s Sys=0.00s Real=0.63s
[42.671s][info][gc,start       ] GC(48) Pause Full (Allocation Failure)
[42.671s][info][gc,phases,start] GC(48) Marking Phase
[43.001s][info][gc,phases      ] GC(48) Marking Phase 329.240ms
[43.001s][info][gc,phases,start] GC(48) Summary Phase
[43.001s][info][gc,phases      ] GC(48) Summary Phase 0.022ms
[43.001s][info][gc,phases,start] GC(48) Forward
[43.020s][info][gc,phases      ] GC(48) Forward 19.020ms
[43.020s][info][gc,phases,start] GC(48) Adjust Pointers
[43.200s][info][gc,phases      ] GC(48) Adjust Pointers 179.920ms
[43.200s][info][gc,phases,start] GC(48) Compaction Phase
[43.287s][info][gc,phases      ] GC(48) Compaction Phase 87.882ms
[43.288s][info][gc,phases,start] GC(48) Post Compact
[43.290s][info][gc,phases      ] GC(48) Post Compact 2.325ms
[43.290s][info][gc,heap        ] GC(48) PSYoungGen: 111616K(222720K)->111592K(222720K) Eden: 111616K(111616K)->111592K(111616K) From: 0K(111104K)->0K(111104K)
[43.290s][info][gc,heap        ] GC(48) ParOldGen: 667548K(667648K)->667548K(667648K)
[43.290s][info][gc,metaspace   ] GC(48) Metaspace: 16904K(17152K)->16904K(17152K) NonClass: 15569K(15744K)->15569K(15744K) Class: 1335K(1408K)->1335K(1408K)
[43.290s][info][gc             ] GC(48) Pause Full (Allocation Failure) 760M->760M(869M) 618.717ms
[43.290s][info][gc,cpu         ] GC(48) User=1.21s Sys=0.01s Real=0.62s
[43.291s][info][gc,start       ] GC(49) Pause Full (Allocation Failure)
[43.291s][info][gc,phases,start] GC(49) Marking Phase
[43.618s][info][gc,phases      ] GC(49) Marking Phase 326.267ms
[43.618s][info][gc,phases,start] GC(49) Summary Phase
[43.618s][info][gc,phases      ] GC(49) Summary Phase 0.030ms
[43.618s][info][gc,phases,start] GC(49) Forward
[43.637s][info][gc,phases      ] GC(49) Forward 19.024ms
[43.637s][info][gc,phases,start] GC(49) Adjust Pointers
[43.815s][info][gc,phases      ] GC(49) Adjust Pointers 178.273ms
[43.815s][info][gc,phases,start] GC(49) Compaction Phase
[43.902s][info][gc,phases      ] GC(49) Compaction Phase 86.681ms
[43.902s][info][gc,phases,start] GC(49) Post Compact
[43.904s][info][gc,phases      ] GC(49) Post Compact 2.292ms
[43.904s][info][gc,heap        ] GC(49) PSYoungGen: 111616K(222720K)->111596K(222720K) Eden: 111616K(111616K)->111596K(111616K) From: 0K(111104K)->0K(111104K)
[43.904s][info][gc,heap        ] GC(49) ParOldGen: 667548K(667648K)->667548K(667648K)
[43.904s][info][gc,metaspace   ] GC(49) Metaspace: 16904K(17152K)->16904K(17152K) NonClass: 15569K(15744K)->15569K(15744K) Class: 1335K(1408K)->1335K(1408K)
[43.904s][info][gc             ] GC(49) Pause Full (Allocation Failure) 760M->760M(869M) 612.941ms
[43.904s][info][gc,cpu         ] GC(49) User=1.20s Sys=0.00s Real=0.61s
[43.905s][info][gc,start       ] GC(50) Pause Full (Allocation Failure)
[43.905s][info][gc,phases,start] GC(50) Marking Phase
[44.235s][info][gc,phases      ] GC(50) Marking Phase 330.110ms
[44.235s][info][gc,phases,start] GC(50) Summary Phase
[44.235s][info][gc,phases      ] GC(50) Summary Phase 0.022ms
[44.235s][info][gc,phases,start] GC(50) Forward
[44.254s][info][gc,phases      ] GC(50) Forward 19.015ms
[44.255s][info][gc,phases,start] GC(50) Adjust Pointers
[44.434s][info][gc,phases      ] GC(50) Adjust Pointers 179.701ms
[44.434s][info][gc,phases,start] GC(50) Compaction Phase
[44.521s][info][gc,phases      ] GC(50) Compaction Phase 86.469ms
[44.521s][info][gc,phases,start] GC(50) Post Compact
[44.523s][info][gc,phases      ] GC(50) Post Compact 2.315ms
[44.523s][info][gc,heap        ] GC(50) PSYoungGen: 111615K(222720K)->111600K(222720K) Eden: 111615K(111616K)->111600K(111616K) From: 0K(111104K)->0K(111104K)
[44.523s][info][gc,heap        ] GC(50) ParOldGen: 667548K(667648K)->667548K(667648K)
[44.523s][info][gc,metaspace   ] GC(50) Metaspace: 16904K(17152K)->16904K(17152K) NonClass: 15569K(15744K)->15569K(15744K) Class: 1335K(1408K)->1335K(1408K)
[44.523s][info][gc             ] GC(50) Pause Full (Allocation Failure) 760M->760M(869M) 618.029ms
[44.523s][info][gc,cpu         ] GC(50) User=1.22s Sys=0.00s Real=0.62s
[44.524s][info][gc,start       ] GC(51) Pause Full (Allocation Failure)
[44.524s][info][gc,phases,start] GC(51) Marking Phase
[44.851s][info][gc,phases      ] GC(51) Marking Phase 326.213ms
[44.851s][info][gc,phases,start] GC(51) Summary Phase
[44.851s][info][gc,phases      ] GC(51) Summary Phase 0.022ms
[44.851s][info][gc,phases,start] GC(51) Forward
[44.869s][info][gc,phases      ] GC(51) Forward 18.727ms
[44.869s][info][gc,phases,start] GC(51) Adjust Pointers
[45.049s][info][gc,phases      ] GC(51) Adjust Pointers 179.623ms
[45.049s][info][gc,phases,start] GC(51) Compaction Phase
[45.136s][info][gc,phases      ] GC(51) Compaction Phase 87.011ms
[45.136s][info][gc,phases,start] GC(51) Post Compact
[45.138s][info][gc,phases      ] GC(51) Post Compact 2.304ms
[45.139s][info][gc,heap        ] GC(51) PSYoungGen: 111616K(222720K)->111602K(222720K) Eden: 111616K(111616K)->111602K(111616K) From: 0K(111104K)->0K(111104K)
[45.139s][info][gc,heap        ] GC(51) ParOldGen: 667548K(667648K)->667548K(667648K)
[45.139s][info][gc,metaspace   ] GC(51) Metaspace: 16904K(17152K)->16904K(17152K) NonClass: 15569K(15744K)->15569K(15744K) Class: 1335K(1408K)->1335K(1408K)
[45.139s][info][gc             ] GC(51) Pause Full (Allocation Failure) 760M->760M(869M) 614.248ms
[45.139s][info][gc,cpu         ] GC(51) User=1.20s Sys=0.00s Real=0.61s
[45.139s][info][gc,start       ] GC(52) Pause Full (Allocation Failure)
[45.139s][info][gc,phases,start] GC(52) Marking Phase
[45.466s][info][gc,phases      ] GC(52) Marking Phase 326.436ms
[45.466s][info][gc,phases,start] GC(52) Summary Phase
[45.466s][info][gc,phases      ] GC(52) Summary Phase 0.022ms
[45.466s][info][gc,phases,start] GC(52) Forward
[45.485s][info][gc,phases      ] GC(52) Forward 18.670ms
[45.485s][info][gc,phases,start] GC(52) Adjust Pointers
[45.662s][info][gc,phases      ] GC(52) Adjust Pointers 177.250ms
[45.662s][info][gc,phases,start] GC(52) Compaction Phase
[45.751s][info][gc,phases      ] GC(52) Compaction Phase 88.954ms
[45.751s][info][gc,phases,start] GC(52) Post Compact
[45.753s][info][gc,phases      ] GC(52) Post Compact 2.328ms
[45.753s][info][gc,heap        ] GC(52) PSYoungGen: 111616K(222720K)->111604K(222720K) Eden: 111616K(111616K)->111604K(111616K) From: 0K(111104K)->0K(111104K)
[45.753s][info][gc,heap        ] GC(52) ParOldGen: 667548K(667648K)->667548K(667648K)
[45.753s][info][gc,metaspace   ] GC(52) Metaspace: 16904K(17152K)->16904K(17152K) NonClass: 15569K(15744K)->15569K(15744K) Class: 1335K(1408K)->1335K(1408K)
[45.753s][info][gc             ] GC(52) Pause Full (Allocation Failure) 760M->760M(869M) 614.028ms
[45.753s][info][gc,cpu         ] GC(52) User=1.20s Sys=0.00s Real=0.61s
[45.755s][info][gc,start       ] GC(53) Pause Full (Allocation Failure)
[45.755s][info][gc,phases,start] GC(53) Marking Phase
[46.080s][info][gc,phases      ] GC(53) Marking Phase 325.023ms
[46.080s][info][gc,phases,start] GC(53) Summary Phase
[46.080s][info][gc,phases      ] GC(53) Summary Phase 0.022ms
[46.080s][info][gc,phases,start] GC(53) Forward
[46.099s][info][gc,phases      ] GC(53) Forward 18.646ms
[46.099s][info][gc,phases,start] GC(53) Adjust Pointers
[46.279s][info][gc,phases      ] GC(53) Adjust Pointers 180.289ms
[46.279s][info][gc,phases,start] GC(53) Compaction Phase
[46.368s][info][gc,phases      ] GC(53) Compaction Phase 89.263ms
[46.368s][info][gc,phases,start] GC(53) Post Compact
[46.371s][info][gc,phases      ] GC(53) Post Compact 2.318ms
[46.371s][info][gc,heap        ] GC(53) PSYoungGen: 111615K(222720K)->111606K(222720K) Eden: 111615K(111616K)->111606K(111616K) From: 0K(111104K)->0K(111104K)
[46.371s][info][gc,heap        ] GC(53) ParOldGen: 667548K(667648K)->667548K(667648K)
[46.371s][info][gc,metaspace   ] GC(53) Metaspace: 16904K(17152K)->16904K(17152K) NonClass: 15569K(15744K)->15569K(15744K) Class: 1335K(1408K)->1335K(1408K)
[46.371s][info][gc             ] GC(53) Pause Full (Allocation Failure) 760M->760M(869M) 615.875ms
[46.371s][info][gc,cpu         ] GC(53) User=1.21s Sys=0.00s Real=0.62s
[46.374s][info][gc,start       ] GC(54) Pause Full (Allocation Failure)
[46.374s][info][gc,phases,start] GC(54) Marking Phase
[46.702s][info][gc,phases      ] GC(54) Marking Phase 327.641ms
[46.702s][info][gc,phases,start] GC(54) Summary Phase
[46.702s][info][gc,phases      ] GC(54) Summary Phase 0.024ms
[46.702s][info][gc,phases,start] GC(54) Forward
[46.720s][info][gc,phases      ] GC(54) Forward 18.633ms
[46.720s][info][gc,phases,start] GC(54) Adjust Pointers
[46.898s][info][gc,phases      ] GC(54) Adjust Pointers 177.512ms
[46.898s][info][gc,phases,start] GC(54) Compaction Phase
[46.986s][info][gc,phases      ] GC(54) Compaction Phase 88.031ms
[46.986s][info][gc,phases,start] GC(54) Post Compact
[46.988s][info][gc,phases      ] GC(54) Post Compact 2.372ms
[46.989s][info][gc,heap        ] GC(54) PSYoungGen: 111615K(222720K)->111608K(222720K) Eden: 111615K(111616K)->111608K(111616K) From: 0K(111104K)->0K(111104K)
[46.989s][info][gc,heap        ] GC(54) ParOldGen: 667548K(667648K)->667548K(667648K)
[46.989s][info][gc,metaspace   ] GC(54) Metaspace: 16904K(17152K)->16904K(17152K) NonClass: 15569K(15744K)->15569K(15744K) Class: 1335K(1408K)->1335K(1408K)
[46.989s][info][gc             ] GC(54) Pause Full (Allocation Failure) 760M->760M(869M) 614.560ms
[46.989s][info][gc,cpu         ] GC(54) User=1.21s Sys=0.00s Real=0.61s
[46.991s][info][gc,start       ] GC(55) Pause Full (Allocation Failure)
[46.991s][info][gc,phases,start] GC(55) Marking Phase
[47.324s][info][gc,phases      ] GC(55) Marking Phase 333.687ms
[47.324s][info][gc,phases,start] GC(55) Summary Phase
[47.324s][info][gc,phases      ] GC(55) Summary Phase 0.023ms
[47.324s][info][gc,phases,start] GC(55) Forward
[47.345s][info][gc,phases      ] GC(55) Forward 20.189ms
[47.345s][info][gc,phases,start] GC(55) Adjust Pointers
[47.522s][info][gc,phases      ] GC(55) Adjust Pointers 177.739ms
[47.523s][info][gc,phases,start] GC(55) Compaction Phase
[47.610s][info][gc,phases      ] GC(55) Compaction Phase 87.482ms
[47.610s][info][gc,phases,start] GC(55) Post Compact
[47.612s][info][gc,phases      ] GC(55) Post Compact 2.323ms
[47.612s][info][gc,heap        ] GC(55) PSYoungGen: 111616K(222720K)->111608K(222720K) Eden: 111616K(111616K)->111608K(111616K) From: 0K(111104K)->0K(111104K)
[47.612s][info][gc,heap        ] GC(55) ParOldGen: 667548K(667648K)->667548K(667648K)
[47.612s][info][gc,metaspace   ] GC(55) Metaspace: 16904K(17152K)->16904K(17152K) NonClass: 15569K(15744K)->15569K(15744K) Class: 1335K(1408K)->1335K(1408K)
[47.612s][info][gc             ] GC(55) Pause Full (Allocation Failure) 760M->760M(869M) 621.795ms
[47.612s][info][gc,cpu         ] GC(55) User=1.22s Sys=0.00s Real=0.62s
[47.613s][info][gc,start       ] GC(56) Pause Full (Allocation Failure)
[47.613s][info][gc,phases,start] GC(56) Marking Phase
[47.941s][info][gc,phases      ] GC(56) Marking Phase 328.090ms
[47.941s][info][gc,phases,start] GC(56) Summary Phase
[47.941s][info][gc,phases      ] GC(56) Summary Phase 0.025ms
[47.941s][info][gc,phases,start] GC(56) Forward
[48.021s][info][gc,phases      ] GC(56) Forward 79.152ms
[48.021s][info][gc,phases,start] GC(56) Adjust Pointers
[48.222s][info][gc,phases      ] GC(56) Adjust Pointers 201.663ms
[48.222s][info][gc,phases,start] GC(56) Compaction Phase
[48.365s][info][gc,phases      ] GC(56) Compaction Phase 142.458ms
[48.365s][info][gc,phases,start] GC(56) Post Compact
[48.368s][info][metaspace      ] ChkMgr @0x00007f17b803aab0 (non-class-space): : reclaiming memory...
[48.368s][info][metaspace      ] ChkMgr @0x00007f17b803aab0 (non-class-space): nothing reclaimed.
[48.368s][info][metaspace      ] ChkMgr @0x00007f17b803a8c0 (class-space): : reclaiming memory...
[48.368s][info][metaspace      ] ChkMgr @0x00007f17b803a8c0 (class-space): nothing reclaimed.
[48.368s][info][gc,phases      ] GC(56) Post Compact 2.553ms
[48.368s][info][gc,heap        ] GC(56) PSYoungGen: 111616K(222720K)->69114K(222720K) Eden: 111616K(111616K)->69114K(111616K) From: 0K(111104K)->0K(111104K)
[48.368s][info][gc,heap        ] GC(56) ParOldGen: 667548K(667648K)->667432K(667648K)
[48.368s][info][gc,metaspace   ] GC(56) Metaspace: 16904K(17152K)->16804K(17152K) NonClass: 15569K(15744K)->15469K(15744K) Class: 1335K(1408K)->1335K(1408K)
[48.368s][info][gc             ] GC(56) Pause Full (Allocation Failure) 760M->719M(869M) 754.706ms
[48.368s][info][gc,cpu         ] GC(56) User=1.48s Sys=0.00s Real=0.75s
[48.421s][info][gc,start       ] GC(57) Pause Full (Allocation Failure)
[48.421s][info][gc,phases,start] GC(57) Marking Phase
[48.611s][info][gc,phases      ] GC(57) Marking Phase 189.993ms
[48.611s][info][gc,phases,start] GC(57) Summary Phase
[48.611s][info][gc,phases      ] GC(57) Summary Phase 0.025ms
[48.611s][info][gc,phases,start] GC(57) Forward
[48.682s][info][gc,phases      ] GC(57) Forward 70.988ms
[48.682s][info][gc,phases,start] GC(57) Adjust Pointers
[48.794s][info][gc,phases      ] GC(57) Adjust Pointers 111.955ms
[48.794s][info][gc,phases,start] GC(57) Compaction Phase
[48.883s][info][gc,phases      ] GC(57) Compaction Phase 89.285ms
[48.883s][info][gc,phases,start] GC(57) Post Compact
[48.886s][info][gc,phases      ] GC(57) Post Compact 2.297ms
[48.902s][info][gc,heap        ] GC(57) PSYoungGen: 111616K(222720K)->0K(222720K) Eden: 111616K(111616K)->0K(111616K) From: 0K(111104K)->0K(111104K)
[48.902s][info][gc,heap        ] GC(57) ParOldGen: 667432K(667648K)->284269K(493056K)
[48.902s][info][gc,metaspace   ] GC(57) Metaspace: 16811K(17152K)->16811K(17152K) NonClass: 15476K(15744K)->15476K(15744K) Class: 1335K(1408K)->1335K(1408K)
[48.902s][info][gc             ] GC(57) Pause Full (Allocation Failure) 760M->277M(699M) 481.587ms
[48.902s][info][gc,cpu         ] GC(57) User=0.86s Sys=0.02s Real=0.48s
[49.033s][info][gc,start       ] GC(58) Pause Young (Allocation Failure)
[49.063s][info][gc,heap        ] GC(58) PSYoungGen: 111616K(222720K)->24048K(222720K) Eden: 111616K(111616K)->0K(111616K) From: 0K(111104K)->24048K(111104K)
[49.064s][info][gc,heap        ] GC(58) ParOldGen: 284269K(493056K)->284269K(493056K)
[49.064s][info][gc,metaspace   ] GC(58) Metaspace: 16811K(17152K)->16811K(17152K) NonClass: 15476K(15744K)->15476K(15744K) Class: 1335K(1408K)->1335K(1408K)
[49.064s][info][gc             ] GC(58) Pause Young (Allocation Failure) 386M->301M(699M) 30.122ms
[49.064s][info][gc,cpu         ] GC(58) User=0.05s Sys=0.00s Real=0.03s
[49.233s][info][gc,start       ] GC(59) Pause Young (Allocation Failure)
[49.283s][info][gc,heap        ] GC(59) PSYoungGen: 135664K(222720K)->31317K(222720K) Eden: 111616K(111616K)->0K(111616K) From: 24048K(111104K)->31317K(111104K)
[49.283s][info][gc,heap        ] GC(59) ParOldGen: 284269K(493056K)->308381K(493056K)
[49.283s][info][gc,metaspace   ] GC(59) Metaspace: 16819K(17152K)->16819K(17152K) NonClass: 15483K(15744K)->15483K(15744K) Class: 1335K(1408K)->1335K(1408K)
[49.283s][info][gc             ] GC(59) Pause Young (Allocation Failure) 410M->331M(699M) 49.860ms
[49.283s][info][gc,cpu         ] GC(59) User=0.10s Sys=0.00s Real=0.05s
[49.574s][info][gc,start       ] GC(60) Pause Young (Allocation Failure)
[49.615s][info][gc,heap        ] GC(60) PSYoungGen: 142933K(222720K)->23696K(222720K) Eden: 111616K(111616K)->0K(111616K) From: 31317K(111104K)->23696K(111104K)
[49.615s][info][gc,heap        ] GC(60) ParOldGen: 308381K(493056K)->340242K(493056K)
[49.615s][info][gc,metaspace   ] GC(60) Metaspace: 16851K(17216K)->16851K(17216K) NonClass: 15515K(15808K)->15515K(15808K) Class: 1335K(1408K)->1335K(1408K)
[49.615s][info][gc             ] GC(60) Pause Young (Allocation Failure) 440M->355M(699M) 41.076ms
[49.615s][info][gc,cpu         ] GC(60) User=0.08s Sys=0.00s Real=0.04s
[49.872s][info][gc,start       ] GC(61) Pause Young (Allocation Failure)
[49.900s][info][gc,heap        ] GC(61) PSYoungGen: 135312K(222720K)->1152K(222720K) Eden: 111616K(111616K)->0K(111616K) From: 23696K(111104K)->1152K(111104K)
[49.900s][info][gc,heap        ] GC(61) ParOldGen: 340242K(493056K)->369024K(493056K)
[49.900s][info][gc,metaspace   ] GC(61) Metaspace: 16851K(17216K)->16851K(17216K) NonClass: 15515K(15808K)->15515K(15808K) Class: 1335K(1408K)->1335K(1408K)
[49.900s][info][gc             ] GC(61) Pause Young (Allocation Failure) 464M->361M(699M) 28.158ms
[49.900s][info][gc,cpu         ] GC(61) User=0.06s Sys=0.00s Real=0.03s
[50.118s][info][gc,start       ] GC(62) Pause Young (Allocation Failure)
[50.140s][info][gc,heap        ] GC(62) PSYoungGen: 112768K(222720K)->1088K(222720K) Eden: 111616K(111616K)->0K(111616K) From: 1152K(111104K)->1088K(111104K)
[50.140s][info][gc,heap        ] GC(62) ParOldGen: 369024K(493056K)->370128K(493056K)
[50.140s][info][gc,metaspace   ] GC(62) Metaspace: 16851K(17216K)->16851K(17216K) NonClass: 15515K(15808K)->15515K(15808K) Class: 1335K(1408K)->1335K(1408K)
[50.140s][info][gc             ] GC(62) Pause Young (Allocation Failure) 470M->362M(699M) 22.745ms
[50.140s][info][gc,cpu         ] GC(62) User=0.04s Sys=0.00s Real=0.03s
[51.111s][info][gc,start       ] GC(63) Pause Young (Allocation Failure)
[51.195s][info][gc,heap        ] GC(63) PSYoungGen: 112704K(222720K)->73248K(222720K) Eden: 111616K(111616K)->0K(111616K) From: 1088K(111104K)->73248K(111104K)
[51.196s][info][gc,heap        ] GC(63) ParOldGen: 370128K(493056K)->371216K(493056K)
[51.196s][info][gc,metaspace   ] GC(63) Metaspace: 17075K(17344K)->17075K(17344K) NonClass: 15708K(15872K)->15708K(15872K) Class: 1367K(1472K)->1367K(1472K)
[51.196s][info][gc             ] GC(63) Pause Young (Allocation Failure) 471M->434M(699M) 84.158ms
[51.196s][info][gc,cpu         ] GC(63) User=0.16s Sys=0.00s Real=0.08s
[51.548s][info][gc,start       ] GC(64) Pause Young (Allocation Failure)
[51.711s][info][gc,heap        ] GC(64) PSYoungGen: 184864K(222720K)->55968K(222720K) Eden: 111616K(111616K)->0K(111616K) From: 73248K(111104K)->55968K(111104K)
[51.711s][info][gc,heap        ] GC(64) ParOldGen: 371216K(493056K)->444728K(493056K)
[51.711s][info][gc,metaspace   ] GC(64) Metaspace: 17092K(17344K)->17092K(17344K) NonClass: 15725K(15872K)->15725K(15872K) Class: 1367K(1472K)->1367K(1472K)
[51.711s][info][gc             ] GC(64) Pause Young (Allocation Failure) 543M->488M(699M) 162.528ms
[51.711s][info][gc,cpu         ] GC(64) User=0.32s Sys=0.00s Real=0.17s
[52.182s][info][gc,start       ] GC(65) Pause Young (Allocation Failure)
[52.273s][info][gc,heap        ] GC(65) PSYoungGen: 167584K(222720K)->34652K(222720K) Eden: 111616K(111616K)->0K(111616K) From: 55968K(111104K)->34652K(111104K)
[52.273s][info][gc,heap        ] GC(65) ParOldGen: 444728K(493056K)->500984K(501248K)
[52.273s][info][gc,metaspace   ] GC(65) Metaspace: 17280K(17536K)->17280K(17536K) NonClass: 15906K(16064K)->15906K(16064K) Class: 1373K(1472K)->1373K(1472K)
[52.273s][info][gc             ] GC(65) Pause Young (Allocation Failure) 597M->523M(707M) 90.711ms
[52.273s][info][gc,cpu         ] GC(65) User=0.17s Sys=0.00s Real=0.09s
[54.078s][info][gc,start       ] GC(66) Pause Young (Allocation Failure)
[54.113s][info][gc,heap        ] GC(66) PSYoungGen: 146268K(222720K)->33865K(222720K) Eden: 111616K(111616K)->0K(111616K) From: 34652K(111104K)->33865K(111104K)
[54.114s][info][gc,heap        ] GC(66) ParOldGen: 500984K(501248K)->522113K(522240K)
[54.114s][info][gc,metaspace   ] GC(66) Metaspace: 17316K(17536K)->17316K(17536K) NonClass: 15941K(16064K)->15941K(16064K) Class: 1374K(1472K)->1374K(1472K)
[54.114s][info][gc             ] GC(66) Pause Young (Allocation Failure) 632M->542M(727M) 35.700ms
[54.114s][info][gc,cpu         ] GC(66) User=0.05s Sys=0.02s Real=0.04s
[56.110s][info][gc,start       ] GC(67) Pause Young (Allocation Failure)
[56.147s][info][gc,heap        ] GC(67) PSYoungGen: 144297K(222720K)->45415K(222720K) Eden: 110432K(111616K)->0K(111616K) From: 33865K(111104K)->45415K(111104K)
[56.147s][info][gc,heap        ] GC(67) ParOldGen: 522113K(522240K)->555757K(556032K)
[56.147s][info][gc,metaspace   ] GC(67) Metaspace: 17337K(17600K)->17337K(17600K) NonClass: 15961K(16128K)->15961K(16128K) Class: 1375K(1472K)->1375K(1472K)
[56.147s][info][gc             ] GC(67) Pause Young (Allocation Failure) 650M->587M(760M) 36.890ms
[56.147s][info][gc,cpu         ] GC(67) User=0.05s Sys=0.02s Real=0.03s
[56.898s][info][gc,start       ] GC(68) Pause Young (Allocation Failure)
[56.933s][info][gc,heap        ] GC(68) PSYoungGen: 157031K(222720K)->52222K(222720K) Eden: 111616K(111616K)->0K(111616K) From: 45415K(111104K)->52222K(111104K)
[56.933s][info][gc,heap        ] GC(68) ParOldGen: 555757K(556032K)->593219K(593408K)
[56.933s][info][gc,metaspace   ] GC(68) Metaspace: 17352K(17600K)->17352K(17600K) NonClass: 15977K(16128K)->15977K(16128K) Class: 1375K(1472K)->1375K(1472K)
[56.933s][info][gc             ] GC(68) Pause Young (Allocation Failure) 696M->630M(797M) 35.672ms
[56.933s][info][gc,cpu         ] GC(68) User=0.04s Sys=0.02s Real=0.04s
[57.505s][info][gc,start       ] GC(69) Pause Full (Allocation Failure)
[57.505s][info][gc,phases,start] GC(69) Marking Phase
[57.795s][info][gc,phases      ] GC(69) Marking Phase 290.088ms
[57.795s][info][gc,phases,start] GC(69) Summary Phase
[57.796s][info][gc,phases      ] GC(69) Summary Phase 0.031ms
[57.796s][info][gc,phases,start] GC(69) Forward
[57.886s][info][gc,phases      ] GC(69) Forward 90.020ms
[57.886s][info][gc,phases,start] GC(69) Adjust Pointers
[58.072s][info][gc,phases      ] GC(69) Adjust Pointers 186.439ms
[58.072s][info][gc,phases,start] GC(69) Compaction Phase
[58.215s][info][gc,phases      ] GC(69) Compaction Phase 142.752ms
[58.215s][info][gc,phases,start] GC(69) Post Compact
[58.217s][info][gc,phases      ] GC(69) Post Compact 2.193ms
[58.217s][info][gc,heap        ] GC(69) PSYoungGen: 151152K(222720K)->8398K(222720K) Eden: 98930K(111616K)->0K(111616K) From: 52222K(111104K)->8398K(111104K)
[58.217s][info][gc,heap        ] GC(69) ParOldGen: 593219K(593408K)->593212K(667648K)
[58.217s][info][gc,metaspace   ] GC(69) Metaspace: 17362K(17664K)->17362K(17664K) NonClass: 15986K(16192K)->15986K(16192K) Class: 1375K(1472K)->1375K(1472K)
[58.218s][info][gc             ] GC(69) Pause Full (Allocation Failure) 726M->587M(869M) 712.249ms
[58.218s][info][gc,cpu         ] GC(69) User=1.37s Sys=0.00s Real=0.71s
[58.728s][info][gc,start       ] GC(70) Pause Full (Allocation Failure)
[58.728s][info][gc,phases,start] GC(70) Marking Phase
[58.743s][info][gc,phases      ] GC(70) Marking Phase 14.598ms
[58.743s][info][gc,phases,start] GC(70) Summary Phase
[58.743s][info][gc,phases      ] GC(70) Summary Phase 0.024ms
[58.743s][info][gc,phases,start] GC(70) Forward
[58.744s][info][gc,phases      ] GC(70) Forward 1.242ms
[58.744s][info][gc,phases,start] GC(70) Adjust Pointers
[58.752s][info][gc,phases      ] GC(70) Adjust Pointers 7.522ms
[58.752s][info][gc,phases,start] GC(70) Compaction Phase
[58.770s][info][gc,phases      ] GC(70) Compaction Phase 18.258ms
[58.770s][info][gc,phases,start] GC(70) Post Compact
[58.772s][info][gc,phases      ] GC(70) Post Compact 2.257ms
[58.792s][info][gc,heap        ] GC(70) PSYoungGen: 118749K(222720K)->0K(222720K) Eden: 110351K(111616K)->0K(111616K) From: 8398K(111104K)->0K(111104K)
[58.792s][info][gc,heap        ] GC(70) ParOldGen: 593212K(667648K)->173512K(365056K)
[58.792s][info][gc,metaspace   ] GC(70) Metaspace: 17362K(17664K)->17362K(17664K) NonClass: 15986K(16192K)->15986K(16192K) Class: 1375K(1472K)->1375K(1472K)
[58.792s][info][gc             ] GC(70) Pause Full (Allocation Failure) 695M->169M(574M) 63.737ms
[58.792s][info][gc,cpu         ] GC(70) User=0.07s Sys=0.02s Real=0.07s
[59.330s][info][gc,start       ] GC(71) Pause Young (Allocation Failure)
[59.341s][info][gc,heap        ] GC(71) PSYoungGen: 107187K(222720K)->69515K(222720K) Eden: 107187K(111616K)->0K(111616K) From: 0K(111104K)->69515K(111104K)
[59.341s][info][gc,heap        ] GC(71) ParOldGen: 173512K(365056K)->173512K(365056K)
[59.341s][info][gc,metaspace   ] GC(71) Metaspace: 17362K(17664K)->17362K(17664K) NonClass: 15987K(16192K)->15987K(16192K) Class: 1375K(1472K)->1375K(1472K)
[59.342s][info][gc             ] GC(71) Pause Young (Allocation Failure) 274M->237M(574M) 11.330ms
[59.342s][info][gc,cpu         ] GC(71) User=0.02s Sys=0.00s Real=0.01s
[59.547s][info][gc,start       ] GC(72) Pause Young (Allocation Failure)
[59.571s][info][gc,heap        ] GC(72) PSYoungGen: 181131K(222720K)->47089K(222720K) Eden: 111616K(111616K)->0K(111616K) From: 69515K(111104K)->47089K(111104K)
[59.571s][info][gc,heap        ] GC(72) ParOldGen: 173512K(365056K)->217694K(365056K)
[59.571s][info][gc,metaspace   ] GC(72) Metaspace: 17362K(17664K)->17362K(17664K) NonClass: 15987K(16192K)->15987K(16192K) Class: 1375K(1472K)->1375K(1472K)
[59.571s][info][gc             ] GC(72) Pause Young (Allocation Failure) 346M->258M(574M) 24.084ms
[59.571s][info][gc,cpu         ] GC(72) User=0.05s Sys=0.00s Real=0.03s
[59.657s][info][gc,start       ] GC(73) Pause Young (Allocation Failure)
[59.700s][info][gc,heap        ] GC(73) PSYoungGen: 158705K(222720K)->57916K(222720K) Eden: 111616K(111616K)->0K(111616K) From: 47089K(111104K)->57916K(111104K)
[59.700s][info][gc,heap        ] GC(73) ParOldGen: 217694K(365056K)->264782K(365056K)
[59.700s][info][gc,metaspace   ] GC(73) Metaspace: 17362K(17664K)->17362K(17664K) NonClass: 15987K(16192K)->15987K(16192K) Class: 1375K(1472K)->1375K(1472K)
[59.700s][info][gc             ] GC(73) Pause Young (Allocation Failure) 367M->315M(574M) 43.039ms
[59.700s][info][gc,cpu         ] GC(73) User=0.09s Sys=0.00s Real=0.05s
[59.781s][info][gc,start       ] GC(74) Pause Young (Allocation Failure)
[59.830s][info][gc,heap        ] GC(74) PSYoungGen: 169532K(222720K)->54432K(215552K) Eden: 111616K(111616K)->0K(111616K) From: 57916K(111104K)->54432K(103936K)
[59.830s][info][gc,heap        ] GC(74) ParOldGen: 264782K(365056K)->322769K(365056K)
[59.830s][info][gc,metaspace   ] GC(74) Metaspace: 17362K(17664K)->17362K(17664K) NonClass: 15987K(16192K)->15987K(16192K) Class: 1375K(1472K)->1375K(1472K)
[59.830s][info][gc             ] GC(74) Pause Young (Allocation Failure) 424M->368M(567M) 48.606ms
[59.830s][info][gc,cpu         ] GC(74) User=0.09s Sys=0.00s Real=0.05s
[59.892s][info][gc,start       ] GC(75) Pause Young (Allocation Failure)
[59.933s][info][gc,heap        ] GC(75) PSYoungGen: 136635K(215552K)->94158K(219136K) Eden: 82202K(111616K)->0K(111616K) From: 54432K(103936K)->94158K(107520K)
[59.933s][info][gc,heap        ] GC(75) ParOldGen: 322769K(365056K)->322769K(365056K)
[59.933s][info][gc,metaspace   ] GC(75) Metaspace: 17362K(17664K)->17362K(17664K) NonClass: 15987K(16192K)->15987K(16192K) Class: 1375K(1472K)->1375K(1472K)
[59.933s][info][gc             ] GC(75) Pause Young (Allocation Failure) 448M->407M(570M) 40.959ms
[59.933s][info][gc,cpu         ] GC(75) User=0.08s Sys=0.00s Real=0.04s
[60.209s][info][gc,start       ] GC(76) Pause Young (Allocation Failure)
[60.286s][info][gc,heap        ] GC(76) PSYoungGen: 186032K(219136K)->91347K(222720K) Eden: 91874K(111616K)->0K(111616K) From: 94158K(107520K)->91347K(111104K)
[60.286s][info][gc,heap        ] GC(76) ParOldGen: 322769K(365056K)->417264K(417280K)
[60.286s][info][gc,metaspace   ] GC(76) Metaspace: 17362K(17664K)->17362K(17664K) NonClass: 15987K(16192K)->15987K(16192K) Class: 1375K(1472K)->1375K(1472K)
[60.286s][info][gc             ] GC(76) Pause Young (Allocation Failure) 496M->496M(625M) 76.511ms
[60.286s][info][gc,cpu         ] GC(76) User=0.11s Sys=0.04s Real=0.08s
[62.036s][info][gc,start       ] GC(77) Pause Young (Allocation Failure)
[62.113s][info][gc,heap        ] GC(77) PSYoungGen: 202963K(222720K)->51213K(222720K) Eden: 111616K(111616K)->0K(111616K) From: 91347K(111104K)->51213K(111104K)
[62.113s][info][gc,heap        ] GC(77) ParOldGen: 417264K(417280K)->478157K(478720K)
[62.113s][info][gc,metaspace   ] GC(77) Metaspace: 17487K(17728K)->17487K(17728K) NonClass: 16099K(16256K)->16099K(16256K) Class: 1387K(1472K)->1387K(1472K)
[62.113s][info][gc             ] GC(77) Pause Young (Allocation Failure) 605M->516M(685M) 76.630ms
[62.113s][info][gc,cpu         ] GC(77) User=0.11s Sys=0.04s Real=0.08s
[62.469s][info][gc,start       ] GC(78) Pause Young (Allocation Failure)
[62.592s][info][gc,heap        ] GC(78) PSYoungGen: 162829K(222720K)->56929K(222720K) Eden: 111616K(111616K)->0K(111616K) From: 51213K(111104K)->56929K(111104K)
[62.592s][info][gc,heap        ] GC(78) ParOldGen: 478157K(478720K)->529503K(529920K)
[62.592s][info][gc,metaspace   ] GC(78) Metaspace: 17525K(17792K)->17525K(17792K) NonClass: 16137K(16320K)->16137K(16320K) Class: 1387K(1472K)->1387K(1472K)
[62.592s][info][gc             ] GC(78) Pause Young (Allocation Failure) 625M->572M(735M) 122.601ms
[62.592s][info][gc,cpu         ] GC(78) User=0.21s Sys=0.03s Real=0.12s
[63.243s][info][gc,start       ] GC(79) Pause Young (Allocation Failure)
[63.329s][info][gc,heap        ] GC(79) PSYoungGen: 168545K(222720K)->70241K(222720K) Eden: 111616K(111616K)->0K(111616K) From: 56929K(111104K)->70241K(111104K)
[63.329s][info][gc,heap        ] GC(79) ParOldGen: 529503K(529920K)->586544K(586752K)
[63.329s][info][gc,metaspace   ] GC(79) Metaspace: 17665K(17856K)->17665K(17856K) NonClass: 16270K(16384K)->16270K(16384K) Class: 1394K(1472K)->1394K(1472K)
[63.329s][info][gc             ] GC(79) Pause Young (Allocation Failure) 681M->641M(790M) 85.964ms
[63.329s][info][gc,cpu         ] GC(79) User=0.13s Sys=0.04s Real=0.09s
[65.602s][info][gc,start       ] GC(80) Pause Full (Allocation Failure)
[65.602s][info][gc,phases,start] GC(80) Marking Phase
[65.743s][info][gc,phases      ] GC(80) Marking Phase 140.798ms
[65.743s][info][gc,phases,start] GC(80) Summary Phase
[65.743s][info][gc,phases      ] GC(80) Summary Phase 0.028ms
[65.743s][info][gc,phases,start] GC(80) Forward
[65.801s][info][gc,phases      ] GC(80) Forward 57.788ms
[65.801s][info][gc,phases,start] GC(80) Adjust Pointers
[65.900s][info][gc,phases      ] GC(80) Adjust Pointers 98.973ms
[65.900s][info][gc,phases,start] GC(80) Compaction Phase
[66.014s][info][gc,phases      ] GC(80) Compaction Phase 113.786ms
[66.014s][info][gc,phases,start] GC(80) Post Compact
[66.016s][info][gc,phases      ] GC(80) Post Compact 2.343ms
[66.017s][info][gc,heap        ] GC(80) PSYoungGen: 181857K(222720K)->1830K(222720K) Eden: 111616K(111616K)->0K(111616K) From: 70241K(111104K)->1830K(111104K)
[66.017s][info][gc,heap        ] GC(80) ParOldGen: 586544K(586752K)->586734K(667648K)
[66.017s][info][gc,metaspace   ] GC(80) Metaspace: 17667K(17856K)->17667K(17856K) NonClass: 16272K(16384K)->16272K(16384K) Class: 1394K(1472K)->1394K(1472K)
[66.017s][info][gc             ] GC(80) Pause Full (Allocation Failure) 750M->574M(869M) 414.553ms
[66.017s][info][gc,cpu         ] GC(80) User=0.76s Sys=0.01s Real=0.41s
[66.149s][info][gc,start       ] GC(81) Pause Full (Allocation Failure)
[66.149s][info][gc,phases,start] GC(81) Marking Phase
[66.220s][info][gc,phases      ] GC(81) Marking Phase 71.462ms
[66.220s][info][gc,phases,start] GC(81) Summary Phase
[66.220s][info][gc,phases      ] GC(81) Summary Phase 0.027ms
[66.220s][info][gc,phases,start] GC(81) Forward
[66.250s][info][gc,phases      ] GC(81) Forward 29.563ms
[66.250s][info][gc,phases,start] GC(81) Adjust Pointers
[66.294s][info][gc,phases      ] GC(81) Adjust Pointers 43.614ms
[66.294s][info][gc,phases,start] GC(81) Compaction Phase
[66.355s][info][gc,phases      ] GC(81) Compaction Phase 61.135ms
[66.355s][info][gc,phases,start] GC(81) Post Compact
[66.357s][info][gc,phases      ] GC(81) Post Compact 2.171ms
[66.358s][info][gc,heap        ] GC(81) PSYoungGen: 113446K(222720K)->0K(222720K) Eden: 111616K(111616K)->0K(111616K) From: 1830K(111104K)->0K(111104K)
[66.358s][info][gc,heap        ] GC(81) ParOldGen: 586734K(667648K)->372867K(574976K)
[66.358s][info][gc,metaspace   ] GC(81) Metaspace: 17667K(17856K)->17667K(17856K) NonClass: 16272K(16384K)->16272K(16384K) Class: 1394K(1472K)->1394K(1472K)
[66.358s][info][gc             ] GC(81) Pause Full (Allocation Failure) 683M->364M(779M) 209.360ms
[66.358s][info][gc,cpu         ] GC(81) User=0.38s Sys=0.00s Real=0.21s
[66.480s][info][gc,start       ] GC(82) Pause Young (Allocation Failure)
[66.517s][info][gc,heap        ] GC(82) PSYoungGen: 111616K(222720K)->80076K(222720K) Eden: 111616K(111616K)->0K(111616K) From: 0K(111104K)->80076K(111104K)
[66.517s][info][gc,heap        ] GC(82) ParOldGen: 372867K(574976K)->372867K(574976K)
[66.517s][info][gc,metaspace   ] GC(82) Metaspace: 17667K(17856K)->17667K(17856K) NonClass: 16272K(16384K)->16272K(16384K) Class: 1394K(1472K)->1394K(1472K)
[66.517s][info][gc             ] GC(82) Pause Young (Allocation Failure) 473M->442M(779M) 37.289ms
[66.517s][info][gc,cpu         ] GC(82) User=0.07s Sys=0.00s Real=0.03s
[66.649s][info][gc,start       ] GC(83) Pause Young (Allocation Failure)
[66.729s][info][gc,heap        ] GC(83) PSYoungGen: 191692K(222720K)->75356K(222720K) Eden: 111616K(111616K)->0K(111616K) From: 80076K(111104K)->75356K(111104K)
[66.729s][info][gc,heap        ] GC(83) ParOldGen: 372867K(574976K)->452470K(574976K)
[66.729s][info][gc,metaspace   ] GC(83) Metaspace: 17667K(17856K)->17667K(17856K) NonClass: 16272K(16384K)->16272K(16384K) Class: 1394K(1472K)->1394K(1472K)
[66.729s][info][gc             ] GC(83) Pause Young (Allocation Failure) 551M->515M(779M) 80.207ms
[66.729s][info][gc,cpu         ] GC(83) User=0.16s Sys=0.00s Real=0.08s
[67.108s][info][gc,start       ] GC(84) Pause Young (Allocation Failure)
[67.165s][info][gc,heap        ] GC(84) PSYoungGen: 186972K(222720K)->108095K(222720K) Eden: 111616K(111616K)->0K(111616K) From: 75356K(111104K)->108095K(111104K)
[67.165s][info][gc,heap        ] GC(84) ParOldGen: 452470K(574976K)->526668K(574976K)
[67.165s][info][gc,metaspace   ] GC(84) Metaspace: 17673K(17856K)->17673K(17856K) NonClass: 16277K(16384K)->16277K(16384K) Class: 1396K(1472K)->1396K(1472K)
[67.166s][info][gc             ] GC(84) Pause Young (Allocation Failure) 624M->619M(779M) 57.127ms
[67.166s][info][gc,cpu         ] GC(84) User=0.12s Sys=0.00s Real=0.06s
[68.118s][info][gc,start       ] GC(85) Pause Young (Allocation Failure)
[68.180s][info][gc,heap        ] GC(85) PSYoungGen: 217378K(222720K)->91707K(222720K) Eden: 109283K(111616K)->0K(111616K) From: 108095K(111104K)->91707K(111104K)
[68.180s][info][gc,heap        ] GC(85) ParOldGen: 526668K(574976K)->628606K(628736K)
[68.180s][info][gc,metaspace   ] GC(85) Metaspace: 17722K(17984K)->17722K(17984K) NonClass: 16308K(16512K)->16308K(16512K) Class: 1414K(1472K)->1414K(1472K)
[68.180s][info][gc             ] GC(85) Pause Young (Allocation Failure) 726M->703M(831M) 62.474ms
[68.180s][info][gc,cpu         ] GC(85) User=0.08s Sys=0.04s Real=0.07s
[68.287s][info][gc,start       ] GC(86) Pause Full (Allocation Failure)
[68.287s][info][gc,phases,start] GC(86) Marking Phase
[68.419s][info][gc,phases      ] GC(86) Marking Phase 131.610ms
[68.419s][info][gc,phases,start] GC(86) Summary Phase
[68.419s][info][gc,phases      ] GC(86) Summary Phase 0.040ms
[68.419s][info][gc,phases,start] GC(86) Forward
[68.466s][info][gc,phases      ] GC(86) Forward 46.801ms
[68.466s][info][gc,phases,start] GC(86) Adjust Pointers
[68.547s][info][gc,phases      ] GC(86) Adjust Pointers 81.505ms
[68.547s][info][gc,phases,start] GC(86) Compaction Phase
[68.655s][info][gc,phases      ] GC(86) Compaction Phase 108.065ms
[68.655s][info][gc,phases,start] GC(86) Post Compact
[68.658s][info][gc,phases      ] GC(86) Post Compact 2.544ms
[68.658s][info][gc,heap        ] GC(86) PSYoungGen: 195340K(222720K)->74667K(222720K) Eden: 103633K(111616K)->0K(111616K) From: 91707K(111104K)->74667K(111104K)
[68.658s][info][gc,heap        ] GC(86) ParOldGen: 628606K(628736K)->628441K(667648K)
[68.658s][info][gc,metaspace   ] GC(86) Metaspace: 17808K(18112K)->17808K(18112K) NonClass: 16377K(16576K)->16377K(16576K) Class: 1431K(1536K)->1431K(1536K)
[68.658s][info][gc             ] GC(86) Pause Full (Allocation Failure) 804M->686M(869M) 371.219ms
[68.658s][info][gc,cpu         ] GC(86) User=0.70s Sys=0.01s Real=0.37s
[69.398s][info][gc,start       ] GC(87) Pause Full (Allocation Failure)
[69.398s][info][gc,phases,start] GC(87) Marking Phase
[69.445s][info][gc,phases      ] GC(87) Marking Phase 46.998ms
[69.445s][info][gc,phases,start] GC(87) Summary Phase
[69.445s][info][gc,phases      ] GC(87) Summary Phase 0.027ms
[69.445s][info][gc,phases,start] GC(87) Forward
[69.462s][info][gc,phases      ] GC(87) Forward 16.496ms
[69.462s][info][gc,phases,start] GC(87) Adjust Pointers
[69.492s][info][gc,phases      ] GC(87) Adjust Pointers 30.176ms
[69.492s][info][gc,phases,start] GC(87) Compaction Phase
[69.545s][info][gc,phases      ] GC(87) Compaction Phase 52.834ms
[69.545s][info][gc,phases,start] GC(87) Post Compact
[69.548s][info][gc,phases      ] GC(87) Post Compact 2.576ms
[69.548s][info][gc,heap        ] GC(87) PSYoungGen: 186283K(222720K)->0K(222720K) Eden: 111616K(111616K)->0K(111616K) From: 74667K(111104K)->0K(111104K)
[69.548s][info][gc,heap        ] GC(87) ParOldGen: 628441K(667648K)->563205K(667648K)
[69.548s][info][gc,metaspace   ] GC(87) Metaspace: 17995K(18240K)->17995K(18240K) NonClass: 16549K(16704K)->16549K(16704K) Class: 1446K(1536K)->1446K(1536K)
[69.548s][info][gc             ] GC(87) Pause Full (Allocation Failure) 795M->550M(869M) 149.570ms
[69.548s][info][gc,cpu         ] GC(87) User=0.28s Sys=0.01s Real=0.15s
[70.414s][info][gc,start       ] GC(88) Pause Full (Allocation Failure)
[70.414s][info][gc,phases,start] GC(88) Marking Phase
[70.511s][info][gc,phases      ] GC(88) Marking Phase 96.798ms
[70.511s][info][gc,phases,start] GC(88) Summary Phase
[70.511s][info][gc,phases      ] GC(88) Summary Phase 0.026ms
[70.511s][info][gc,phases,start] GC(88) Forward
[70.537s][info][gc,phases      ] GC(88) Forward 26.141ms
[70.537s][info][gc,phases,start] GC(88) Adjust Pointers
[70.586s][info][gc,phases      ] GC(88) Adjust Pointers 49.226ms
[70.587s][info][gc,phases,start] GC(88) Compaction Phase
[70.654s][info][gc,phases      ] GC(88) Compaction Phase 67.348ms
[70.654s][info][gc,phases,start] GC(88) Post Compact
[70.656s][info][gc,phases      ] GC(88) Post Compact 2.152ms
[70.656s][info][gc,heap        ] GC(88) PSYoungGen: 111616K(222720K)->0K(222720K) Eden: 111616K(111616K)->0K(111616K) From: 0K(111104K)->0K(111104K)
[70.656s][info][gc,heap        ] GC(88) ParOldGen: 563205K(667648K)->571791K(667648K)
[70.656s][info][gc,metaspace   ] GC(88) Metaspace: 18083K(18368K)->18083K(18368K) NonClass: 16634K(16832K)->16634K(16832K) Class: 1448K(1536K)->1448K(1536K)
[70.656s][info][gc             ] GC(88) Pause Full (Allocation Failure) 659M->558M(869M) 242.224ms
[70.656s][info][gc,cpu         ] GC(88) User=0.46s Sys=0.00s Real=0.24s
[70.816s][info][gc,start       ] GC(89) Pause Full (Allocation Failure)
[70.816s][info][gc,phases,start] GC(89) Marking Phase
[70.969s][info][gc,phases      ] GC(89) Marking Phase 153.033ms
[70.970s][info][gc,phases,start] GC(89) Summary Phase
[70.970s][info][gc,phases      ] GC(89) Summary Phase 0.023ms
[70.970s][info][gc,phases,start] GC(89) Forward
[70.987s][info][gc,phases      ] GC(89) Forward 17.830ms
[70.987s][info][gc,phases,start] GC(89) Adjust Pointers
[71.069s][info][gc,phases      ] GC(89) Adjust Pointers 81.199ms
[71.069s][info][gc,phases,start] GC(89) Compaction Phase
[71.149s][info][gc,phases      ] GC(89) Compaction Phase 79.782ms
[71.149s][info][gc,phases,start] GC(89) Post Compact
[71.151s][info][gc,phases      ] GC(89) Post Compact 2.061ms
[71.151s][info][gc,heap        ] GC(89) PSYoungGen: 111616K(222720K)->0K(222720K) Eden: 111616K(111616K)->0K(111616K) From: 0K(111104K)->0K(111104K)
[71.151s][info][gc,heap        ] GC(89) ParOldGen: 571791K(667648K)->667454K(667648K)
[71.151s][info][gc,metaspace   ] GC(89) Metaspace: 18083K(18368K)->18083K(18368K) NonClass: 16634K(16832K)->16634K(16832K) Class: 1448K(1536K)->1448K(1536K)
[71.151s][info][gc             ] GC(89) Pause Full (Allocation Failure) 667M->651M(869M) 334.339ms
[71.151s][info][gc,cpu         ] GC(89) User=0.60s Sys=0.03s Real=0.34s
[71.277s][info][gc,start       ] GC(90) Pause Full (Allocation Failure)
[71.277s][info][gc,phases,start] GC(90) Marking Phase
[71.486s][info][gc,phases      ] GC(90) Marking Phase 208.964ms
[71.486s][info][gc,phases,start] GC(90) Summary Phase
[71.486s][info][gc,phases      ] GC(90) Summary Phase 0.026ms
[71.486s][info][gc,phases,start] GC(90) Forward
[71.565s][info][gc,phases      ] GC(90) Forward 78.378ms
[71.565s][info][gc,phases,start] GC(90) Adjust Pointers
[71.688s][info][gc,phases      ] GC(90) Adjust Pointers 123.326ms
[71.688s][info][gc,phases,start] GC(90) Compaction Phase
[71.810s][info][gc,phases      ] GC(90) Compaction Phase 121.543ms
[71.810s][info][gc,phases,start] GC(90) Post Compact
[71.812s][info][gc,phases      ] GC(90) Post Compact 2.269ms
[71.812s][info][gc,heap        ] GC(90) PSYoungGen: 111616K(222720K)->54982K(222720K) Eden: 111616K(111616K)->54982K(111616K) From: 0K(111104K)->0K(111104K)
[71.812s][info][gc,heap        ] GC(90) ParOldGen: 667454K(667648K)->667404K(667648K)
[71.812s][info][gc,metaspace   ] GC(90) Metaspace: 18083K(18368K)->18083K(18368K) NonClass: 16634K(16832K)->16634K(16832K) Class: 1448K(1536K)->1448K(1536K)
[71.812s][info][gc             ] GC(90) Pause Full (Allocation Failure) 760M->705M(869M) 535.063ms
[71.812s][info][gc,cpu         ] GC(90) User=1.00s Sys=0.00s Real=0.54s
[71.870s][info][gc,start       ] GC(91) Pause Full (Allocation Failure)
[71.870s][info][gc,phases,start] GC(91) Marking Phase
[72.107s][info][gc,phases      ] GC(91) Marking Phase 236.616ms
[72.107s][info][gc,phases,start] GC(91) Summary Phase
[72.107s][info][gc,phases      ] GC(91) Summary Phase 0.025ms
[72.107s][info][gc,phases,start] GC(91) Forward
[72.123s][info][gc,phases      ] GC(91) Forward 16.401ms
[72.123s][info][gc,phases,start] GC(91) Adjust Pointers
[72.252s][info][gc,phases      ] GC(91) Adjust Pointers 128.430ms
[72.252s][info][gc,phases,start] GC(91) Compaction Phase
[72.325s][info][gc,phases      ] GC(91) Compaction Phase 73.550ms
[72.325s][info][gc,phases,start] GC(91) Post Compact
[72.328s][info][gc,phases      ] GC(91) Post Compact 2.315ms
[72.328s][info][gc,heap        ] GC(91) PSYoungGen: 111616K(222720K)->100214K(222720K) Eden: 111616K(111616K)->100214K(111616K) From: 0K(111104K)->0K(111104K)
[72.328s][info][gc,heap        ] GC(91) ParOldGen: 667404K(667648K)->667404K(667648K)
[72.328s][info][gc,metaspace   ] GC(91) Metaspace: 18083K(18368K)->18083K(18368K) NonClass: 16634K(16832K)->16634K(16832K) Class: 1448K(1536K)->1448K(1536K)
[72.328s][info][gc             ] GC(91) Pause Full (Allocation Failure) 760M->749M(869M) 457.710ms
[72.328s][info][gc,cpu         ] GC(91) User=0.89s Sys=0.00s Real=0.45s
[72.340s][info][gc,start       ] GC(92) Pause Full (Allocation Failure)
[72.340s][info][gc,phases,start] GC(92) Marking Phase
[72.581s][info][gc,phases      ] GC(92) Marking Phase 241.402ms
[72.581s][info][gc,phases,start] GC(92) Summary Phase
[72.581s][info][gc,phases      ] GC(92) Summary Phase 0.023ms
[72.581s][info][gc,phases,start] GC(92) Forward
[72.598s][info][gc,phases      ] GC(92) Forward 17.005ms
[72.599s][info][gc,phases,start] GC(92) Adjust Pointers
[72.723s][info][gc,phases      ] GC(92) Adjust Pointers 124.899ms
[72.723s][info][gc,phases,start] GC(92) Compaction Phase
[72.798s][info][gc,phases      ] GC(92) Compaction Phase 74.626ms
[72.798s][info][gc,phases,start] GC(92) Post Compact
[72.801s][info][gc,phases      ] GC(92) Post Compact 2.365ms
[72.801s][info][gc,heap        ] GC(92) PSYoungGen: 111616K(222720K)->109306K(222720K) Eden: 111616K(111616K)->109306K(111616K) From: 0K(111104K)->0K(111104K)
[72.801s][info][gc,heap        ] GC(92) ParOldGen: 667404K(667648K)->667404K(667648K)
[72.801s][info][gc,metaspace   ] GC(92) Metaspace: 18083K(18368K)->18083K(18368K) NonClass: 16634K(16832K)->16634K(16832K) Class: 1448K(1536K)->1448K(1536K)
[72.801s][info][gc             ] GC(92) Pause Full (Allocation Failure) 760M->758M(869M) 460.735ms
[72.801s][info][gc,cpu         ] GC(92) User=0.89s Sys=0.00s Real=0.46s
[72.804s][info][gc,start       ] GC(93) Pause Full (Allocation Failure)
[72.804s][info][gc,phases,start] GC(93) Marking Phase
[73.056s][info][gc,phases      ] GC(93) Marking Phase 252.595ms
[73.056s][info][gc,phases,start] GC(93) Summary Phase
[73.056s][info][gc,phases      ] GC(93) Summary Phase 0.024ms
[73.056s][info][gc,phases,start] GC(93) Forward
[73.074s][info][gc,phases      ] GC(93) Forward 17.618ms
[73.074s][info][gc,phases,start] GC(93) Adjust Pointers
[73.204s][info][gc,phases      ] GC(93) Adjust Pointers 129.853ms
[73.204s][info][gc,phases,start] GC(93) Compaction Phase
[73.280s][info][gc,phases      ] GC(93) Compaction Phase 75.560ms
[73.280s][info][gc,phases,start] GC(93) Post Compact
[73.282s][info][gc,phases      ] GC(93) Post Compact 2.375ms
[73.282s][info][gc,heap        ] GC(93) PSYoungGen: 111616K(222720K)->111144K(222720K) Eden: 111616K(111616K)->111144K(111616K) From: 0K(111104K)->0K(111104K)
[73.282s][info][gc,heap        ] GC(93) ParOldGen: 667404K(667648K)->667404K(667648K)
[73.282s][info][gc,metaspace   ] GC(93) Metaspace: 18083K(18368K)->18083K(18368K) NonClass: 16634K(16832K)->16634K(16832K) Class: 1448K(1536K)->1448K(1536K)
[73.282s][info][gc             ] GC(93) Pause Full (Allocation Failure) 760M->760M(869M) 478.485ms
[73.282s][info][gc,cpu         ] GC(93) User=0.93s Sys=0.01s Real=0.48s
[73.283s][info][gc,start       ] GC(94) Pause Full (Allocation Failure)
[73.283s][info][gc,phases,start] GC(94) Marking Phase
[73.539s][info][gc,phases      ] GC(94) Marking Phase 255.091ms
[73.539s][info][gc,phases,start] GC(94) Summary Phase
[73.539s][info][gc,phases      ] GC(94) Summary Phase 0.026ms
[73.539s][info][gc,phases,start] GC(94) Forward
[73.557s][info][gc,phases      ] GC(94) Forward 18.234ms
[73.557s][info][gc,phases,start] GC(94) Adjust Pointers
[73.684s][info][gc,phases      ] GC(94) Adjust Pointers 127.562ms
[73.685s][info][gc,phases,start] GC(94) Compaction Phase
[73.759s][info][gc,phases      ] GC(94) Compaction Phase 74.009ms
[73.759s][info][gc,phases,start] GC(94) Post Compact
[73.761s][info][gc,phases      ] GC(94) Post Compact 2.350ms
[73.761s][info][gc,heap        ] GC(94) PSYoungGen: 111616K(222720K)->111520K(222720K) Eden: 111616K(111616K)->111520K(111616K) From: 0K(111104K)->0K(111104K)
[73.761s][info][gc,heap        ] GC(94) ParOldGen: 667404K(667648K)->667404K(667648K)
[73.761s][info][gc,metaspace   ] GC(94) Metaspace: 18083K(18368K)->18083K(18368K) NonClass: 16634K(16832K)->16634K(16832K) Class: 1448K(1536K)->1448K(1536K)
[73.761s][info][gc             ] GC(94) Pause Full (Allocation Failure) 760M->760M(869M) 477.644ms
[73.761s][info][gc,cpu         ] GC(94) User=0.93s Sys=0.00s Real=0.48s
[73.762s][info][gc,start       ] GC(95) Pause Full (Allocation Failure)
[73.762s][info][gc,phases,start] GC(95) Marking Phase
[74.011s][info][gc,phases      ] GC(95) Marking Phase 249.549ms
[74.011s][info][gc,phases,start] GC(95) Summary Phase
[74.011s][info][gc,phases      ] GC(95) Summary Phase 0.024ms
[74.011s][info][gc,phases,start] GC(95) Forward
[74.029s][info][gc,phases      ] GC(95) Forward 17.576ms
[74.029s][info][gc,phases,start] GC(95) Adjust Pointers
[74.157s][info][gc,phases      ] GC(95) Adjust Pointers 127.600ms
[74.157s][info][gc,phases,start] GC(95) Compaction Phase
[74.231s][info][gc,phases      ] GC(95) Compaction Phase 73.907ms
[74.231s][info][gc,phases,start] GC(95) Post Compact
[74.233s][info][gc,phases      ] GC(95) Post Compact 2.309ms
[74.233s][info][gc,heap        ] GC(95) PSYoungGen: 111616K(222720K)->111596K(222720K) Eden: 111616K(111616K)->111596K(111616K) From: 0K(111104K)->0K(111104K)
[74.233s][info][gc,heap        ] GC(95) ParOldGen: 667404K(667648K)->667404K(667648K)
[74.233s][info][gc,metaspace   ] GC(95) Metaspace: 18083K(18368K)->18083K(18368K) NonClass: 16634K(16832K)->16634K(16832K) Class: 1448K(1536K)->1448K(1536K)
[74.233s][info][gc             ] GC(95) Pause Full (Allocation Failure) 760M->760M(869M) 471.357ms
[74.233s][info][gc,cpu         ] GC(95) User=0.92s Sys=0.00s Real=0.47s
[74.234s][info][gc,start       ] GC(96) Pause Full (Allocation Failure)
[74.234s][info][gc,phases,start] GC(96) Marking Phase
[74.479s][info][gc,phases      ] GC(96) Marking Phase 245.092ms
[74.479s][info][gc,phases,start] GC(96) Summary Phase
[74.479s][info][gc,phases      ] GC(96) Summary Phase 0.024ms
[74.479s][info][gc,phases,start] GC(96) Forward
[74.497s][info][gc,phases      ] GC(96) Forward 17.892ms
[74.497s][info][gc,phases,start] GC(96) Adjust Pointers
[74.624s][info][gc,phases      ] GC(96) Adjust Pointers 126.848ms
[74.624s][info][gc,phases,start] GC(96) Compaction Phase
[74.698s][info][gc,phases      ] GC(96) Compaction Phase 74.453ms
[74.698s][info][gc,phases,start] GC(96) Post Compact
[74.701s][info][gc,phases      ] GC(96) Post Compact 2.389ms
[74.701s][info][gc,heap        ] GC(96) PSYoungGen: 111616K(222720K)->111611K(222720K) Eden: 111616K(111616K)->111611K(111616K) From: 0K(111104K)->0K(111104K)
[74.701s][info][gc,heap        ] GC(96) ParOldGen: 667404K(667648K)->667404K(667648K)
[74.701s][info][gc,metaspace   ] GC(96) Metaspace: 18083K(18368K)->18083K(18368K) NonClass: 16634K(16832K)->16634K(16832K) Class: 1448K(1536K)->1448K(1536K)
[74.701s][info][gc             ] GC(96) Pause Full (Allocation Failure) 760M->760M(869M) 467.070ms
[74.701s][info][gc,cpu         ] GC(96) User=0.91s Sys=0.00s Real=0.47s
[74.701s][info][gc,start       ] GC(97) Pause Full (Allocation Failure)
[74.701s][info][gc,phases,start] GC(97) Marking Phase
[74.947s][info][gc,phases      ] GC(97) Marking Phase 245.601ms
[74.947s][info][gc,phases,start] GC(97) Summary Phase
[74.947s][info][gc,phases      ] GC(97) Summary Phase 0.023ms
[74.947s][info][gc,phases,start] GC(97) Forward
[74.964s][info][gc,phases      ] GC(97) Forward 17.157ms
[74.964s][info][gc,phases,start] GC(97) Adjust Pointers
[75.092s][info][gc,phases      ] GC(97) Adjust Pointers 128.001ms
[75.092s][info][gc,phases,start] GC(97) Compaction Phase
[75.169s][info][gc,phases      ] GC(97) Compaction Phase 77.374ms
[75.170s][info][gc,phases,start] GC(97) Post Compact
[75.172s][info][gc,phases      ] GC(97) Post Compact 2.354ms
[75.172s][info][gc,heap        ] GC(97) PSYoungGen: 111616K(222720K)->111614K(222720K) Eden: 111616K(111616K)->111614K(111616K) From: 0K(111104K)->0K(111104K)
[75.172s][info][gc,heap        ] GC(97) ParOldGen: 667404K(667648K)->667404K(667648K)
[75.172s][info][gc,metaspace   ] GC(97) Metaspace: 18083K(18368K)->18083K(18368K) NonClass: 16634K(16832K)->16634K(16832K) Class: 1448K(1536K)->1448K(1536K)
[75.172s][info][gc             ] GC(97) Pause Full (Allocation Failure) 760M->760M(869M) 470.896ms
[75.172s][info][gc,cpu         ] GC(97) User=0.92s Sys=0.00s Real=0.47s
[75.172s][info][gc,start       ] GC(98) Pause Full (Allocation Failure)
[75.172s][info][gc,phases,start] GC(98) Marking Phase
[75.428s][info][gc,phases      ] GC(98) Marking Phase 255.537ms
[75.428s][info][gc,phases,start] GC(98) Summary Phase
[75.428s][info][gc,phases      ] GC(98) Summary Phase 0.024ms
[75.428s][info][gc,phases,start] GC(98) Forward
[75.445s][info][gc,phases      ] GC(98) Forward 17.281ms
[75.445s][info][gc,phases,start] GC(98) Adjust Pointers
[75.571s][info][gc,phases      ] GC(98) Adjust Pointers 125.328ms
[75.571s][info][gc,phases,start] GC(98) Compaction Phase
[75.643s][info][gc,phases      ] GC(98) Compaction Phase 72.302ms
[75.643s][info][gc,phases,start] GC(98) Post Compact
[75.645s][info][gc,phases      ] GC(98) Post Compact 2.316ms
[75.646s][info][gc,heap        ] GC(98) PSYoungGen: 111615K(222720K)->111615K(222720K) Eden: 111615K(111616K)->111615K(111616K) From: 0K(111104K)->0K(111104K)
[75.646s][info][gc,heap        ] GC(98) ParOldGen: 667404K(667648K)->667404K(667648K)
[75.646s][info][gc,metaspace   ] GC(98) Metaspace: 18083K(18368K)->18083K(18368K) NonClass: 16634K(16832K)->16634K(16832K) Class: 1448K(1536K)->1448K(1536K)
[75.646s][info][gc             ] GC(98) Pause Full (Allocation Failure) 760M->760M(869M) 473.131ms
[75.646s][info][gc,cpu         ] GC(98) User=0.92s Sys=0.00s Real=0.47s
[75.646s][info][gc,start       ] GC(99) Pause Full (Allocation Failure)
[75.646s][info][gc,phases,start] GC(99) Marking Phase
[75.891s][info][gc,phases      ] GC(99) Marking Phase 245.199ms
[75.891s][info][gc,phases,start] GC(99) Summary Phase
[75.891s][info][gc,phases      ] GC(99) Summary Phase 0.025ms
[75.891s][info][gc,phases,start] GC(99) Forward
[75.908s][info][gc,phases      ] GC(99) Forward 17.138ms
[75.908s][info][gc,phases,start] GC(99) Adjust Pointers
[76.032s][info][gc,phases      ] GC(99) Adjust Pointers 123.730ms
[76.032s][info][gc,phases,start] GC(99) Compaction Phase
[76.105s][info][gc,phases      ] GC(99) Compaction Phase 73.178ms
[76.105s][info][gc,phases,start] GC(99) Post Compact
[76.108s][info][gc,phases      ] GC(99) Post Compact 2.328ms
[76.108s][info][gc,heap        ] GC(99) PSYoungGen: 111615K(222720K)->111615K(222720K) Eden: 111615K(111616K)->111615K(111616K) From: 0K(111104K)->0K(111104K)
[76.108s][info][gc,heap        ] GC(99) ParOldGen: 667404K(667648K)->667404K(667648K)
[76.108s][info][gc,metaspace   ] GC(99) Metaspace: 18083K(18368K)->18083K(18368K) NonClass: 16634K(16832K)->16634K(16832K) Class: 1448K(1536K)->1448K(1536K)
[76.108s][info][gc             ] GC(99) Pause Full (Allocation Failure) 760M->760M(869M) 462.011ms
[76.108s][info][gc,cpu         ] GC(99) User=0.90s Sys=0.00s Real=0.46s
[76.108s][info][gc,start       ] GC(100) Pause Full (Allocation Failure)
[76.108s][info][gc,phases,start] GC(100) Marking Phase
[76.356s][info][gc,phases      ] GC(100) Marking Phase 247.598ms
[76.356s][info][gc,phases,start] GC(100) Summary Phase
[76.356s][info][gc,phases      ] GC(100) Summary Phase 0.024ms
[76.356s][info][gc,phases,start] GC(100) Forward
[76.373s][info][gc,phases      ] GC(100) Forward 17.110ms
[76.373s][info][gc,phases,start] GC(100) Adjust Pointers
[76.499s][info][gc,phases      ] GC(100) Adjust Pointers 126.527ms
[76.500s][info][gc,phases,start] GC(100) Compaction Phase
[76.572s][info][gc,phases      ] GC(100) Compaction Phase 72.668ms
[76.572s][info][gc,phases,start] GC(100) Post Compact
[76.575s][info][gc,phases      ] GC(100) Post Compact 2.369ms
[76.575s][info][gc,heap        ] GC(100) PSYoungGen: 111615K(222720K)->111615K(222720K) Eden: 111615K(111616K)->111615K(111616K) From: 0K(111104K)->0K(111104K)
[76.575s][info][gc,heap        ] GC(100) ParOldGen: 667404K(667648K)->667404K(667648K)
[76.575s][info][gc,metaspace   ] GC(100) Metaspace: 18083K(18368K)->18083K(18368K) NonClass: 16634K(16832K)->16634K(16832K) Class: 1448K(1536K)->1448K(1536K)
[76.575s][info][gc             ] GC(100) Pause Full (Allocation Failure) 760M->760M(869M) 466.664ms
[76.575s][info][gc,cpu         ] GC(100) User=0.91s Sys=0.00s Real=0.47s
[76.575s][info][gc,start       ] GC(101) Pause Full (Allocation Failure)
[76.575s][info][gc,phases,start] GC(101) Marking Phase
[76.821s][info][gc,phases      ] GC(101) Marking Phase 246.289ms
[76.821s][info][gc,phases,start] GC(101) Summary Phase
[76.821s][info][gc,phases      ] GC(101) Summary Phase 0.025ms
[76.821s][info][gc,phases,start] GC(101) Forward
[76.839s][info][gc,phases      ] GC(101) Forward 17.142ms
[76.839s][info][gc,phases,start] GC(101) Adjust Pointers
[76.962s][info][gc,phases      ] GC(101) Adjust Pointers 123.384ms
[76.962s][info][gc,phases,start] GC(101) Compaction Phase
[77.035s][info][gc,phases      ] GC(101) Compaction Phase 72.512ms
[77.035s][info][gc,phases,start] GC(101) Post Compact
[77.037s][info][gc,phases      ] GC(101) Post Compact 2.306ms
[77.037s][info][gc,heap        ] GC(101) PSYoungGen: 111615K(222720K)->111615K(222720K) Eden: 111615K(111616K)->111615K(111616K) From: 0K(111104K)->0K(111104K)
[77.037s][info][gc,heap        ] GC(101) ParOldGen: 667404K(667648K)->667404K(667648K)
[77.037s][info][gc,metaspace   ] GC(101) Metaspace: 18083K(18368K)->18083K(18368K) NonClass: 16634K(16832K)->16634K(16832K) Class: 1448K(1536K)->1448K(1536K)
[77.037s][info][gc             ] GC(101) Pause Full (Allocation Failure) 760M->760M(869M) 462.064ms
[77.037s][info][gc,cpu         ] GC(101) User=0.90s Sys=0.00s Real=0.46s
[77.037s][info][gc,start       ] GC(102) Pause Full (Allocation Failure)
[77.037s][info][gc,phases,start] GC(102) Marking Phase
[77.283s][info][gc,phases      ] GC(102) Marking Phase 245.975ms
[77.283s][info][gc,phases,start] GC(102) Summary Phase
[77.283s][info][gc,phases      ] GC(102) Summary Phase 0.023ms
[77.283s][info][gc,phases,start] GC(102) Forward
[77.301s][info][gc,phases      ] GC(102) Forward 17.918ms
[77.301s][info][gc,phases,start] GC(102) Adjust Pointers
[77.443s][info][gc,phases      ] GC(102) Adjust Pointers 141.230ms
[77.443s][info][gc,phases,start] GC(102) Compaction Phase
[77.516s][info][gc,phases      ] GC(102) Compaction Phase 73.372ms
[77.516s][info][gc,phases,start] GC(102) Post Compact
[77.518s][info][gc,phases      ] GC(102) Post Compact 2.313ms
[77.519s][info][gc,heap        ] GC(102) PSYoungGen: 111615K(222720K)->111615K(222720K) Eden: 111615K(111616K)->111615K(111616K) From: 0K(111104K)->0K(111104K)
[77.519s][info][gc,heap        ] GC(102) ParOldGen: 667404K(667648K)->667404K(667648K)
[77.519s][info][gc,metaspace   ] GC(102) Metaspace: 18083K(18368K)->18083K(18368K) NonClass: 16634K(16832K)->16634K(16832K) Class: 1448K(1536K)->1448K(1536K)
[77.519s][info][gc             ] GC(102) Pause Full (Allocation Failure) 760M->760M(869M) 481.240ms
[77.519s][info][gc,cpu         ] GC(102) User=0.94s Sys=0.00s Real=0.48s
[77.519s][info][gc,start       ] GC(103) Pause Full (Allocation Failure)
[77.519s][info][gc,phases,start] GC(103) Marking Phase
[77.764s][info][gc,phases      ] GC(103) Marking Phase 245.612ms
[77.764s][info][gc,phases,start] GC(103) Summary Phase
[77.764s][info][gc,phases      ] GC(103) Summary Phase 0.026ms
[77.765s][info][gc,phases,start] GC(103) Forward
[77.783s][info][gc,phases      ] GC(103) Forward 17.982ms
[77.783s][info][gc,phases,start] GC(103) Adjust Pointers
[77.908s][info][gc,phases      ] GC(103) Adjust Pointers 125.267ms
[77.908s][info][gc,phases,start] GC(103) Compaction Phase
[77.981s][info][gc,phases      ] GC(103) Compaction Phase 72.751ms
[77.981s][info][gc,phases,start] GC(103) Post Compact
[77.983s][info][gc,phases      ] GC(103) Post Compact 2.331ms
[77.983s][info][gc,heap        ] GC(103) PSYoungGen: 111615K(222720K)->111615K(222720K) Eden: 111615K(111616K)->111615K(111616K) From: 0K(111104K)->0K(111104K)
[77.983s][info][gc,heap        ] GC(103) ParOldGen: 667404K(667648K)->667404K(667648K)
[77.983s][info][gc,metaspace   ] GC(103) Metaspace: 18083K(18368K)->18083K(18368K) NonClass: 16634K(16832K)->16634K(16832K) Class: 1448K(1536K)->1448K(1536K)
[77.983s][info][gc             ] GC(103) Pause Full (Allocation Failure) 760M->760M(869M) 464.368ms
[77.983s][info][gc,cpu         ] GC(103) User=0.90s Sys=0.00s Real=0.47s
[77.983s][info][gc,start       ] GC(104) Pause Full (Allocation Failure)
[77.983s][info][gc,phases,start] GC(104) Marking Phase
[78.230s][info][gc,phases      ] GC(104) Marking Phase 246.462ms
[78.230s][info][gc,phases,start] GC(104) Summary Phase
[78.230s][info][gc,phases      ] GC(104) Summary Phase 0.024ms
[78.230s][info][gc,phases,start] GC(104) Forward
[78.251s][info][gc,phases      ] GC(104) Forward 20.714ms
[78.251s][info][gc,phases,start] GC(104) Adjust Pointers
[78.389s][info][gc,phases      ] GC(104) Adjust Pointers 138.461ms
[78.389s][info][gc,phases,start] GC(104) Compaction Phase
[78.462s][info][gc,phases      ] GC(104) Compaction Phase 72.993ms
[78.462s][info][gc,phases,start] GC(104) Post Compact
[78.465s][info][gc,phases      ] GC(104) Post Compact 2.305ms
[78.465s][info][gc,heap        ] GC(104) PSYoungGen: 111615K(222720K)->111615K(222720K) Eden: 111615K(111616K)->111615K(111616K) From: 0K(111104K)->0K(111104K)
[78.465s][info][gc,heap        ] GC(104) ParOldGen: 667404K(667648K)->667404K(667648K)
[78.465s][info][gc,metaspace   ] GC(104) Metaspace: 18083K(18368K)->18083K(18368K) NonClass: 16634K(16832K)->16634K(16832K) Class: 1448K(1536K)->1448K(1536K)
[78.465s][info][gc             ] GC(104) Pause Full (Allocation Failure) 760M->760M(869M) 481.388ms
[78.465s][info][gc,cpu         ] GC(104) User=0.93s Sys=0.00s Real=0.48s
[78.465s][info][gc,start       ] GC(105) Pause Full (Allocation Failure)
[78.465s][info][gc,phases,start] GC(105) Marking Phase
[78.714s][info][gc,phases      ] GC(105) Marking Phase 249.194ms
[78.714s][info][gc,phases,start] GC(105) Summary Phase
[78.714s][info][gc,phases      ] GC(105) Summary Phase 0.026ms
[78.714s][info][gc,phases,start] GC(105) Forward
[78.731s][info][gc,phases      ] GC(105) Forward 16.912ms
[78.731s][info][gc,phases,start] GC(105) Adjust Pointers
[78.855s][info][gc,phases      ] GC(105) Adjust Pointers 123.762ms
[78.855s][info][gc,phases,start] GC(105) Compaction Phase
[78.928s][info][gc,phases      ] GC(105) Compaction Phase 72.732ms
[78.928s][info][gc,phases,start] GC(105) Post Compact
[78.930s][info][gc,phases      ] GC(105) Post Compact 2.341ms
[78.930s][info][gc,heap        ] GC(105) PSYoungGen: 111615K(222720K)->111615K(222720K) Eden: 111615K(111616K)->111615K(111616K) From: 0K(111104K)->0K(111104K)
[78.930s][info][gc,heap        ] GC(105) ParOldGen: 667404K(667648K)->667404K(667648K)
[78.930s][info][gc,metaspace   ] GC(105) Metaspace: 18083K(18368K)->18083K(18368K) NonClass: 16634K(16832K)->16634K(16832K) Class: 1448K(1536K)->1448K(1536K)
[78.930s][info][gc             ] GC(105) Pause Full (Allocation Failure) 760M->760M(869M) 465.348ms
[78.930s][info][gc,cpu         ] GC(105) User=0.91s Sys=0.00s Real=0.47s
[78.931s][info][gc,start       ] GC(106) Pause Full (Allocation Failure)
[78.931s][info][gc,phases,start] GC(106) Marking Phase
[79.173s][info][gc,phases      ] GC(106) Marking Phase 242.523ms
[79.173s][info][gc,phases,start] GC(106) Summary Phase
[79.173s][info][gc,phases      ] GC(106) Summary Phase 0.037ms
[79.173s][info][gc,phases,start] GC(106) Forward
[79.191s][info][gc,phases      ] GC(106) Forward 17.494ms
[79.191s][info][gc,phases,start] GC(106) Adjust Pointers
[79.317s][info][gc,phases      ] GC(106) Adjust Pointers 126.461ms
[79.317s][info][gc,phases,start] GC(106) Compaction Phase
[79.390s][info][gc,phases      ] GC(106) Compaction Phase 73.117ms
[79.390s][info][gc,phases,start] GC(106) Post Compact
[79.393s][info][gc,phases      ] GC(106) Post Compact 2.290ms
[79.393s][info][gc,heap        ] GC(106) PSYoungGen: 111615K(222720K)->111615K(222720K) Eden: 111615K(111616K)->111615K(111616K) From: 0K(111104K)->0K(111104K)
[79.393s][info][gc,heap        ] GC(106) ParOldGen: 667404K(667648K)->667404K(667648K)
[79.393s][info][gc,metaspace   ] GC(106) Metaspace: 18083K(18368K)->18083K(18368K) NonClass: 16634K(16832K)->16634K(16832K) Class: 1448K(1536K)->1448K(1536K)
[79.393s][info][gc             ] GC(106) Pause Full (Allocation Failure) 760M->760M(869M) 462.288ms
[79.393s][info][gc,cpu         ] GC(106) User=0.90s Sys=0.01s Real=0.46s
[79.393s][info][gc,start       ] GC(107) Pause Full (Allocation Failure)
[79.393s][info][gc,phases,start] GC(107) Marking Phase
[79.637s][info][gc,phases      ] GC(107) Marking Phase 244.222ms
[79.637s][info][gc,phases,start] GC(107) Summary Phase
[79.637s][info][gc,phases      ] GC(107) Summary Phase 0.047ms
[79.637s][info][gc,phases,start] GC(107) Forward
[79.655s][info][gc,phases      ] GC(107) Forward 17.056ms
[79.655s][info][gc,phases,start] GC(107) Adjust Pointers
[79.777s][info][gc,phases      ] GC(107) Adjust Pointers 122.604ms
[79.777s][info][gc,phases,start] GC(107) Compaction Phase
[79.850s][info][gc,phases      ] GC(107) Compaction Phase 72.591ms
[79.850s][info][gc,phases,start] GC(107) Post Compact
[79.852s][info][gc,phases      ] GC(107) Post Compact 2.336ms
[79.852s][info][gc,heap        ] GC(107) PSYoungGen: 111615K(222720K)->111615K(222720K) Eden: 111615K(111616K)->111615K(111616K) From: 0K(111104K)->0K(111104K)
[79.852s][info][gc,heap        ] GC(107) ParOldGen: 667404K(667648K)->667404K(667648K)
[79.852s][info][gc,metaspace   ] GC(107) Metaspace: 18083K(18368K)->18083K(18368K) NonClass: 16634K(16832K)->16634K(16832K) Class: 1448K(1536K)->1448K(1536K)
[79.852s][info][gc             ] GC(107) Pause Full (Allocation Failure) 760M->760M(869M) 459.264ms
[79.852s][info][gc,cpu         ] GC(107) User=0.89s Sys=0.00s Real=0.46s
[79.852s][info][gc,start       ] GC(108) Pause Full (Allocation Failure)
[79.852s][info][gc,phases,start] GC(108) Marking Phase
[80.098s][info][gc,phases      ] GC(108) Marking Phase 245.448ms
[80.098s][info][gc,phases,start] GC(108) Summary Phase
[80.098s][info][gc,phases      ] GC(108) Summary Phase 0.024ms
[80.098s][info][gc,phases,start] GC(108) Forward
[80.115s][info][gc,phases      ] GC(108) Forward 17.328ms
[80.115s][info][gc,phases,start] GC(108) Adjust Pointers
[80.240s][info][gc,phases      ] GC(108) Adjust Pointers 124.892ms
[80.240s][info][gc,phases,start] GC(108) Compaction Phase
[80.313s][info][gc,phases      ] GC(108) Compaction Phase 72.968ms
[80.313s][info][gc,phases,start] GC(108) Post Compact
[80.316s][info][gc,phases      ] GC(108) Post Compact 2.315ms
[80.316s][info][gc,heap        ] GC(108) PSYoungGen: 111615K(222720K)->111615K(222720K) Eden: 111615K(111616K)->111615K(111616K) From: 0K(111104K)->0K(111104K)
[80.316s][info][gc,heap        ] GC(108) ParOldGen: 667404K(667648K)->667404K(667648K)
[80.316s][info][gc,metaspace   ] GC(108) Metaspace: 18083K(18368K)->18083K(18368K) NonClass: 16634K(16832K)->16634K(16832K) Class: 1448K(1536K)->1448K(1536K)
[80.316s][info][gc             ] GC(108) Pause Full (Allocation Failure) 760M->760M(869M) 463.338ms
[80.316s][info][gc,cpu         ] GC(108) User=0.90s Sys=0.00s Real=0.46s
[80.316s][info][gc,start       ] GC(109) Pause Full (Allocation Failure)
[80.316s][info][gc,phases,start] GC(109) Marking Phase
[80.567s][info][gc,phases      ] GC(109) Marking Phase 251.154ms
[80.567s][info][gc,phases,start] GC(109) Summary Phase
[80.567s][info][gc,phases      ] GC(109) Summary Phase 0.025ms
[80.567s][info][gc,phases,start] GC(109) Forward
[80.584s][info][gc,phases      ] GC(109) Forward 16.988ms
[80.584s][info][gc,phases,start] GC(109) Adjust Pointers
[80.709s][info][gc,phases      ] GC(109) Adjust Pointers 124.880ms
[80.709s][info][gc,phases,start] GC(109) Compaction Phase
[80.784s][info][gc,phases      ] GC(109) Compaction Phase 74.671ms
[80.784s][info][gc,phases,start] GC(109) Post Compact
[80.786s][info][gc,phases      ] GC(109) Post Compact 2.383ms
[80.786s][info][gc,heap        ] GC(109) PSYoungGen: 111615K(222720K)->111615K(222720K) Eden: 111615K(111616K)->111615K(111616K) From: 0K(111104K)->0K(111104K)
[80.786s][info][gc,heap        ] GC(109) ParOldGen: 667404K(667648K)->667404K(667648K)
[80.786s][info][gc,metaspace   ] GC(109) Metaspace: 18083K(18368K)->18083K(18368K) NonClass: 16634K(16832K)->16634K(16832K) Class: 1448K(1536K)->1448K(1536K)
[80.786s][info][gc             ] GC(109) Pause Full (Allocation Failure) 760M->760M(869M) 470.499ms
[80.786s][info][gc,cpu         ] GC(109) User=0.92s Sys=0.00s Real=0.47s
[80.787s][info][gc,start       ] GC(110) Pause Full (Allocation Failure)
[80.787s][info][gc,phases,start] GC(110) Marking Phase
[81.033s][info][gc,phases      ] GC(110) Marking Phase 245.993ms
[81.033s][info][gc,phases,start] GC(110) Summary Phase
[81.033s][info][gc,phases      ] GC(110) Summary Phase 0.057ms
[81.033s][info][gc,phases,start] GC(110) Forward
[81.050s][info][gc,phases      ] GC(110) Forward 17.402ms
[81.050s][info][gc,phases,start] GC(110) Adjust Pointers
[81.176s][info][gc,phases      ] GC(110) Adjust Pointers 125.889ms
[81.176s][info][gc,phases,start] GC(110) Compaction Phase
[81.251s][info][gc,phases      ] GC(110) Compaction Phase 74.624ms
[81.251s][info][gc,phases,start] GC(110) Post Compact
[81.253s][info][gc,phases      ] GC(110) Post Compact 2.299ms
[81.253s][info][gc,heap        ] GC(110) PSYoungGen: 111615K(222720K)->111615K(222720K) Eden: 111615K(111616K)->111615K(111616K) From: 0K(111104K)->0K(111104K)
[81.253s][info][gc,heap        ] GC(110) ParOldGen: 667404K(667648K)->667404K(667648K)
[81.253s][info][gc,metaspace   ] GC(110) Metaspace: 18083K(18368K)->18083K(18368K) NonClass: 16634K(16832K)->16634K(16832K) Class: 1448K(1536K)->1448K(1536K)
[81.253s][info][gc             ] GC(110) Pause Full (Allocation Failure) 760M->760M(869M) 466.640ms
[81.253s][info][gc,cpu         ] GC(110) User=0.90s Sys=0.00s Real=0.47s
[81.253s][info][gc,start       ] GC(111) Pause Full (Allocation Failure)
[81.253s][info][gc,phases,start] GC(111) Marking Phase
[81.500s][info][gc,phases      ] GC(111) Marking Phase 246.236ms
[81.500s][info][gc,phases,start] GC(111) Summary Phase
[81.500s][info][gc,phases      ] GC(111) Summary Phase 0.025ms
[81.500s][info][gc,phases,start] GC(111) Forward
[81.517s][info][gc,phases      ] GC(111) Forward 17.198ms
[81.517s][info][gc,phases,start] GC(111) Adjust Pointers
[81.642s][info][gc,phases      ] GC(111) Adjust Pointers 125.299ms
[81.642s][info][gc,phases,start] GC(111) Compaction Phase
[81.715s][info][gc,phases      ] GC(111) Compaction Phase 72.804ms
[81.715s][info][gc,phases,start] GC(111) Post Compact
[81.718s][info][gc,phases      ] GC(111) Post Compact 2.309ms
[81.718s][info][gc,heap        ] GC(111) PSYoungGen: 111615K(222720K)->111615K(222720K) Eden: 111615K(111616K)->111615K(111616K) From: 0K(111104K)->0K(111104K)
[81.718s][info][gc,heap        ] GC(111) ParOldGen: 667404K(667648K)->667404K(667648K)
[81.718s][info][gc,metaspace   ] GC(111) Metaspace: 18083K(18368K)->18083K(18368K) NonClass: 16634K(16832K)->16634K(16832K) Class: 1448K(1536K)->1448K(1536K)
[81.718s][info][gc             ] GC(111) Pause Full (Allocation Failure) 760M->760M(869M) 464.265ms
[81.718s][info][gc,cpu         ] GC(111) User=0.91s Sys=0.01s Real=0.46s
[81.718s][info][gc,start       ] GC(112) Pause Full (Allocation Failure)
[81.718s][info][gc,phases,start] GC(112) Marking Phase
[81.975s][info][gc,phases      ] GC(112) Marking Phase 257.332ms
[81.975s][info][gc,phases,start] GC(112) Summary Phase
[81.975s][info][gc,phases      ] GC(112) Summary Phase 0.048ms
[81.975s][info][gc,phases,start] GC(112) Forward
[81.993s][info][gc,phases      ] GC(112) Forward 17.812ms
[81.993s][info][gc,phases,start] GC(112) Adjust Pointers
[82.124s][info][gc,phases      ] GC(112) Adjust Pointers 130.468ms
[82.124s][info][gc,phases,start] GC(112) Compaction Phase
[82.198s][info][gc,phases      ] GC(112) Compaction Phase 74.395ms
[82.198s][info][gc,phases,start] GC(112) Post Compact
[82.200s][info][gc,phases      ] GC(112) Post Compact 2.282ms
[82.201s][info][gc,heap        ] GC(112) PSYoungGen: 111615K(222720K)->111615K(222720K) Eden: 111615K(111616K)->111615K(111616K) From: 0K(111104K)->0K(111104K)
[82.201s][info][gc,heap        ] GC(112) ParOldGen: 667404K(667648K)->667404K(667648K)
[82.201s][info][gc,metaspace   ] GC(112) Metaspace: 18083K(18368K)->18083K(18368K) NonClass: 16634K(16832K)->16634K(16832K) Class: 1448K(1536K)->1448K(1536K)
[82.201s][info][gc             ] GC(112) Pause Full (Allocation Failure) 760M->760M(869M) 482.763ms
[82.201s][info][gc,cpu         ] GC(112) User=0.93s Sys=0.00s Real=0.49s
[82.201s][info][gc,start       ] GC(113) Pause Full (Allocation Failure)
[82.201s][info][gc,phases,start] GC(113) Marking Phase
[82.451s][info][gc,phases      ] GC(113) Marking Phase 249.983ms
[82.451s][info][gc,phases,start] GC(113) Summary Phase
[82.451s][info][gc,phases      ] GC(113) Summary Phase 0.048ms
[82.451s][info][gc,phases,start] GC(113) Forward
[82.469s][info][gc,phases      ] GC(113) Forward 17.769ms
[82.469s][info][gc,phases,start] GC(113) Adjust Pointers
[82.596s][info][gc,phases      ] GC(113) Adjust Pointers 127.714ms
[82.596s][info][gc,phases,start] GC(113) Compaction Phase
[82.672s][info][gc,phases      ] GC(113) Compaction Phase 75.174ms
[82.672s][info][gc,phases,start] GC(113) Post Compact
[82.674s][info][gc,phases      ] GC(113) Post Compact 2.286ms
[82.674s][info][gc,heap        ] GC(113) PSYoungGen: 111615K(222720K)->111615K(222720K) Eden: 111615K(111616K)->111615K(111616K) From: 0K(111104K)->0K(111104K)
[82.674s][info][gc,heap        ] GC(113) ParOldGen: 667404K(667648K)->667404K(667648K)
[82.674s][info][gc,metaspace   ] GC(113) Metaspace: 18083K(18368K)->18083K(18368K) NonClass: 16634K(16832K)->16634K(16832K) Class: 1448K(1536K)->1448K(1536K)
[82.674s][info][gc             ] GC(113) Pause Full (Allocation Failure) 760M->760M(869M) 473.372ms
[82.674s][info][gc,cpu         ] GC(113) User=0.92s Sys=0.00s Real=0.47s
[82.674s][info][gc,start       ] GC(114) Pause Full (Allocation Failure)
[82.674s][info][gc,phases,start] GC(114) Marking Phase
[82.928s][info][gc,phases      ] GC(114) Marking Phase 253.776ms
[82.928s][info][gc,phases,start] GC(114) Summary Phase
[82.928s][info][gc,phases      ] GC(114) Summary Phase 0.024ms
[82.928s][info][gc,phases,start] GC(114) Forward
[82.945s][info][gc,phases      ] GC(114) Forward 16.916ms
[82.945s][info][gc,phases,start] GC(114) Adjust Pointers
[83.067s][info][gc,phases      ] GC(114) Adjust Pointers 121.754ms
[83.067s][info][gc,phases,start] GC(114) Compaction Phase
[83.139s][info][gc,phases      ] GC(114) Compaction Phase 71.955ms
[83.139s][info][gc,phases,start] GC(114) Post Compact
[83.141s][info][gc,phases      ] GC(114) Post Compact 2.277ms
[83.141s][info][gc,heap        ] GC(114) PSYoungGen: 111615K(222720K)->111615K(222720K) Eden: 111615K(111616K)->111615K(111616K) From: 0K(111104K)->0K(111104K)
[83.141s][info][gc,heap        ] GC(114) ParOldGen: 667404K(667648K)->667404K(667648K)
[83.141s][info][gc,metaspace   ] GC(114) Metaspace: 18083K(18368K)->18083K(18368K) NonClass: 16634K(16832K)->16634K(16832K) Class: 1448K(1536K)->1448K(1536K)
[83.141s][info][gc             ] GC(114) Pause Full (Allocation Failure) 760M->760M(869M) 467.062ms
[83.141s][info][gc,cpu         ] GC(114) User=0.91s Sys=0.00s Real=0.47s
[83.141s][info][gc,start       ] GC(115) Pause Full (Allocation Failure)
[83.141s][info][gc,phases,start] GC(115) Marking Phase
[83.388s][info][gc,phases      ] GC(115) Marking Phase 246.598ms
[83.388s][info][gc,phases,start] GC(115) Summary Phase
[83.388s][info][gc,phases      ] GC(115) Summary Phase 0.025ms
[83.388s][info][gc,phases,start] GC(115) Forward
[83.405s][info][gc,phases      ] GC(115) Forward 17.010ms
[83.405s][info][gc,phases,start] GC(115) Adjust Pointers
[83.529s][info][gc,phases      ] GC(115) Adjust Pointers 123.534ms
[83.529s][info][gc,phases,start] GC(115) Compaction Phase
[83.601s][info][gc,phases      ] GC(115) Compaction Phase 72.600ms
[83.601s][info][gc,phases,start] GC(115) Post Compact
[83.604s][info][gc,phases      ] GC(115) Post Compact 2.295ms
[83.604s][info][gc,heap        ] GC(115) PSYoungGen: 111615K(222720K)->111615K(222720K) Eden: 111615K(111616K)->111615K(111616K) From: 0K(111104K)->0K(111104K)
[83.604s][info][gc,heap        ] GC(115) ParOldGen: 667404K(667648K)->667404K(667648K)
[83.604s][info][gc,metaspace   ] GC(115) Metaspace: 18083K(18368K)->18083K(18368K) NonClass: 16634K(16832K)->16634K(16832K) Class: 1448K(1536K)->1448K(1536K)
[83.604s][info][gc             ] GC(115) Pause Full (Allocation Failure) 760M->760M(869M) 462.453ms
[83.604s][info][gc,cpu         ] GC(115) User=0.90s Sys=0.00s Real=0.46s
[83.604s][info][gc,start       ] GC(116) Pause Full (Allocation Failure)
[83.604s][info][gc,phases,start] GC(116) Marking Phase
[83.850s][info][gc,phases      ] GC(116) Marking Phase 246.328ms
[83.850s][info][gc,phases,start] GC(116) Summary Phase
[83.850s][info][gc,phases      ] GC(116) Summary Phase 0.049ms
[83.850s][info][gc,phases,start] GC(116) Forward
[83.868s][info][gc,phases      ] GC(116) Forward 17.552ms
[83.868s][info][gc,phases,start] GC(116) Adjust Pointers
[83.995s][info][gc,phases      ] GC(116) Adjust Pointers 126.806ms
[83.995s][info][gc,phases,start] GC(116) Compaction Phase
[84.072s][info][gc,phases      ] GC(116) Compaction Phase 76.808ms
[84.072s][info][gc,phases,start] GC(116) Post Compact
[84.074s][info][gc,phases      ] GC(116) Post Compact 2.405ms
[84.074s][info][gc,heap        ] GC(116) PSYoungGen: 111615K(222720K)->111615K(222720K) Eden: 111615K(111616K)->111615K(111616K) From: 0K(111104K)->0K(111104K)
[84.074s][info][gc,heap        ] GC(116) ParOldGen: 667404K(667648K)->667404K(667648K)
[84.074s][info][gc,metaspace   ] GC(116) Metaspace: 18083K(18368K)->18083K(18368K) NonClass: 16634K(16832K)->16634K(16832K) Class: 1448K(1536K)->1448K(1536K)
[84.074s][info][gc             ] GC(116) Pause Full (Allocation Failure) 760M->760M(869M) 470.325ms
[84.074s][info][gc,cpu         ] GC(116) User=0.92s Sys=0.00s Real=0.47s
[84.074s][info][gc,start       ] GC(117) Pause Full (Allocation Failure)
[84.074s][info][gc,phases,start] GC(117) Marking Phase
[84.330s][info][gc,phases      ] GC(117) Marking Phase 255.932ms
[84.330s][info][gc,phases,start] GC(117) Summary Phase
[84.330s][info][gc,phases      ] GC(117) Summary Phase 0.026ms
[84.330s][info][gc,phases,start] GC(117) Forward
[84.348s][info][gc,phases      ] GC(117) Forward 17.837ms
[84.348s][info][gc,phases,start] GC(117) Adjust Pointers
[84.475s][info][gc,phases      ] GC(117) Adjust Pointers 126.829ms
[84.475s][info][gc,phases,start] GC(117) Compaction Phase
[84.549s][info][gc,phases      ] GC(117) Compaction Phase 74.081ms
[84.549s][info][gc,phases,start] GC(117) Post Compact
[84.552s][info][gc,phases      ] GC(117) Post Compact 2.305ms
[84.552s][info][gc,heap        ] GC(117) PSYoungGen: 111615K(222720K)->111615K(222720K) Eden: 111615K(111616K)->111615K(111616K) From: 0K(111104K)->0K(111104K)
[84.552s][info][gc,heap        ] GC(117) ParOldGen: 667404K(667648K)->667404K(667648K)
[84.552s][info][gc,metaspace   ] GC(117) Metaspace: 18083K(18368K)->18083K(18368K) NonClass: 16634K(16832K)->16634K(16832K) Class: 1448K(1536K)->1448K(1536K)
[84.552s][info][gc             ] GC(117) Pause Full (Allocation Failure) 760M->760M(869M) 477.421ms
[84.552s][info][gc,cpu         ] GC(117) User=0.93s Sys=0.00s Real=0.48s
[84.552s][info][gc,start       ] GC(118) Pause Full (Allocation Failure)
[84.552s][info][gc,phases,start] GC(118) Marking Phase
[84.804s][info][gc,phases      ] GC(118) Marking Phase 252.035ms
[84.804s][info][gc,phases,start] GC(118) Summary Phase
[84.804s][info][gc,phases      ] GC(118) Summary Phase 0.025ms
[84.804s][info][gc,phases,start] GC(118) Forward
[84.821s][info][gc,phases      ] GC(118) Forward 17.361ms
[84.822s][info][gc,phases,start] GC(118) Adjust Pointers
[84.947s][info][gc,phases      ] GC(118) Adjust Pointers 125.088ms
[84.947s][info][gc,phases,start] GC(118) Compaction Phase
[85.021s][info][gc,phases      ] GC(118) Compaction Phase 74.692ms
[85.022s][info][gc,phases,start] GC(118) Post Compact
[85.024s][info][gc,phases      ] GC(118) Post Compact 2.290ms
[85.024s][info][gc,heap        ] GC(118) PSYoungGen: 111615K(222720K)->111615K(222720K) Eden: 111615K(111616K)->111615K(111616K) From: 0K(111104K)->0K(111104K)
[85.024s][info][gc,heap        ] GC(118) ParOldGen: 667404K(667648K)->667404K(667648K)
[85.024s][info][gc,metaspace   ] GC(118) Metaspace: 18083K(18368K)->18083K(18368K) NonClass: 16634K(16832K)->16634K(16832K) Class: 1448K(1536K)->1448K(1536K)
[85.024s][info][gc             ] GC(118) Pause Full (Allocation Failure) 760M->760M(869M) 471.905ms
[85.024s][info][gc,cpu         ] GC(118) User=0.92s Sys=0.00s Real=0.47s
[85.024s][info][gc,start       ] GC(119) Pause Full (Allocation Failure)
[85.024s][info][gc,phases,start] GC(119) Marking Phase
[85.268s][info][gc,phases      ] GC(119) Marking Phase 244.328ms
[85.268s][info][gc,phases,start] GC(119) Summary Phase
[85.268s][info][gc,phases      ] GC(119) Summary Phase 0.049ms
[85.268s][info][gc,phases,start] GC(119) Forward
[85.286s][info][gc,phases      ] GC(119) Forward 17.050ms
[85.286s][info][gc,phases,start] GC(119) Adjust Pointers
[85.413s][info][gc,phases      ] GC(119) Adjust Pointers 127.836ms
[85.413s][info][gc,phases,start] GC(119) Compaction Phase
[85.489s][info][gc,phases      ] GC(119) Compaction Phase 75.192ms
[85.489s][info][gc,phases,start] GC(119) Post Compact
[85.491s][info][gc,phases      ] GC(119) Post Compact 2.302ms
[85.491s][info][gc,heap        ] GC(119) PSYoungGen: 111615K(222720K)->111615K(222720K) Eden: 111615K(111616K)->111615K(111616K) From: 0K(111104K)->0K(111104K)
[85.491s][info][gc,heap        ] GC(119) ParOldGen: 667404K(667648K)->667404K(667648K)
[85.491s][info][gc,metaspace   ] GC(119) Metaspace: 18083K(18368K)->18083K(18368K) NonClass: 16634K(16832K)->16634K(16832K) Class: 1448K(1536K)->1448K(1536K)
[85.491s][info][gc             ] GC(119) Pause Full (Allocation Failure) 760M->760M(869M) 467.127ms
[85.491s][info][gc,cpu         ] GC(119) User=0.91s Sys=0.00s Real=0.47s
[85.491s][info][gc,start       ] GC(120) Pause Full (Allocation Failure)
[85.491s][info][gc,phases,start] GC(120) Marking Phase
[85.734s][info][gc,phases      ] GC(120) Marking Phase 242.932ms
[85.734s][info][gc,phases,start] GC(120) Summary Phase
[85.734s][info][gc,phases      ] GC(120) Summary Phase 0.023ms
[85.734s][info][gc,phases,start] GC(120) Forward
[85.751s][info][gc,phases      ] GC(120) Forward 17.025ms
[85.752s][info][gc,phases,start] GC(120) Adjust Pointers
[85.874s][info][gc,phases      ] GC(120) Adjust Pointers 122.657ms
[85.874s][info][gc,phases,start] GC(120) Compaction Phase
[85.946s][info][gc,phases      ] GC(120) Compaction Phase 72.175ms
[85.947s][info][gc,phases,start] GC(120) Post Compact
[85.949s][info][gc,phases      ] GC(120) Post Compact 2.279ms
[85.949s][info][gc,heap        ] GC(120) PSYoungGen: 111615K(222720K)->111615K(222720K) Eden: 111615K(111616K)->111615K(111616K) From: 0K(111104K)->0K(111104K)
[85.949s][info][gc,heap        ] GC(120) ParOldGen: 667404K(667648K)->667404K(667648K)
[85.949s][info][gc,metaspace   ] GC(120) Metaspace: 18083K(18368K)->18083K(18368K) NonClass: 16634K(16832K)->16634K(16832K) Class: 1448K(1536K)->1448K(1536K)
[85.949s][info][gc             ] GC(120) Pause Full (Allocation Failure) 760M->760M(869M) 457.491ms
[85.949s][info][gc,cpu         ] GC(120) User=0.89s Sys=0.00s Real=0.45s
[85.949s][info][gc,start       ] GC(121) Pause Full (Allocation Failure)
[85.949s][info][gc,phases,start] GC(121) Marking Phase
[86.192s][info][gc,phases      ] GC(121) Marking Phase 243.138ms
[86.192s][info][gc,phases,start] GC(121) Summary Phase
[86.192s][info][gc,phases      ] GC(121) Summary Phase 0.024ms
[86.192s][info][gc,phases,start] GC(121) Forward
[86.209s][info][gc,phases      ] GC(121) Forward 16.984ms
[86.209s][info][gc,phases,start] GC(121) Adjust Pointers
[86.332s][info][gc,phases      ] GC(121) Adjust Pointers 122.667ms
[86.332s][info][gc,phases,start] GC(121) Compaction Phase
[86.404s][info][gc,phases      ] GC(121) Compaction Phase 72.131ms
[86.404s][info][gc,phases,start] GC(121) Post Compact
[86.407s][info][gc,phases      ] GC(121) Post Compact 2.276ms
[86.407s][info][gc,heap        ] GC(121) PSYoungGen: 111615K(222720K)->111615K(222720K) Eden: 111615K(111616K)->111615K(111616K) From: 0K(111104K)->0K(111104K)
[86.407s][info][gc,heap        ] GC(121) ParOldGen: 667404K(667648K)->667404K(667648K)
[86.407s][info][gc,metaspace   ] GC(121) Metaspace: 18083K(18368K)->18083K(18368K) NonClass: 16634K(16832K)->16634K(16832K) Class: 1448K(1536K)->1448K(1536K)
[86.407s][info][gc             ] GC(121) Pause Full (Allocation Failure) 760M->760M(869M) 457.623ms
[86.407s][info][gc,cpu         ] GC(121) User=0.89s Sys=0.00s Real=0.46s
[86.407s][info][gc,start       ] GC(122) Pause Full (Allocation Failure)
[86.407s][info][gc,phases,start] GC(122) Marking Phase
[86.654s][info][gc,phases      ] GC(122) Marking Phase 247.124ms
[86.654s][info][gc,phases,start] GC(122) Summary Phase
[86.654s][info][gc,phases      ] GC(122) Summary Phase 0.025ms
[86.654s][info][gc,phases,start] GC(122) Forward
[86.672s][info][gc,phases      ] GC(122) Forward 17.990ms
[86.672s][info][gc,phases,start] GC(122) Adjust Pointers
[86.801s][info][gc,phases      ] GC(122) Adjust Pointers 129.188ms
[86.801s][info][gc,phases,start] GC(122) Compaction Phase
[86.875s][info][gc,phases      ] GC(122) Compaction Phase 73.909ms
[86.875s][info][gc,phases,start] GC(122) Post Compact
[86.878s][info][gc,phases      ] GC(122) Post Compact 2.275ms
[86.878s][info][gc,heap        ] GC(122) PSYoungGen: 111615K(222720K)->111615K(222720K) Eden: 111615K(111616K)->111615K(111616K) From: 0K(111104K)->0K(111104K)
[86.878s][info][gc,heap        ] GC(122) ParOldGen: 667404K(667648K)->667404K(667648K)
[86.878s][info][gc,metaspace   ] GC(122) Metaspace: 18083K(18368K)->18083K(18368K) NonClass: 16634K(16832K)->16634K(16832K) Class: 1448K(1536K)->1448K(1536K)
[86.878s][info][gc             ] GC(122) Pause Full (Allocation Failure) 760M->760M(869M) 470.919ms
[86.878s][info][gc,cpu         ] GC(122) User=0.92s Sys=0.01s Real=0.47s
[86.878s][info][gc,start       ] GC(123) Pause Full (Allocation Failure)
[86.878s][info][gc,phases,start] GC(123) Marking Phase
[87.128s][info][gc,phases      ] GC(123) Marking Phase 250.529ms
[87.128s][info][gc,phases,start] GC(123) Summary Phase
[87.128s][info][gc,phases      ] GC(123) Summary Phase 0.025ms
[87.128s][info][gc,phases,start] GC(123) Forward
[87.146s][info][gc,phases      ] GC(123) Forward 17.820ms
[87.146s][info][gc,phases,start] GC(123) Adjust Pointers
[87.270s][info][gc,phases      ] GC(123) Adjust Pointers 123.897ms
[87.270s][info][gc,phases,start] GC(123) Compaction Phase
[87.346s][info][gc,phases      ] GC(123) Compaction Phase 75.752ms
[87.346s][info][gc,phases,start] GC(123) Post Compact
[87.348s][info][gc,phases      ] GC(123) Post Compact 2.311ms
[87.348s][info][gc,heap        ] GC(123) PSYoungGen: 111615K(222720K)->111615K(222720K) Eden: 111615K(111616K)->111615K(111616K) From: 0K(111104K)->0K(111104K)
[87.348s][info][gc,heap        ] GC(123) ParOldGen: 667404K(667648K)->667404K(667648K)
[87.348s][info][gc,metaspace   ] GC(123) Metaspace: 18083K(18368K)->18083K(18368K) NonClass: 16634K(16832K)->16634K(16832K) Class: 1448K(1536K)->1448K(1536K)
[87.348s][info][gc             ] GC(123) Pause Full (Allocation Failure) 760M->760M(869M) 470.669ms
[87.348s][info][gc,cpu         ] GC(123) User=0.91s Sys=0.00s Real=0.47s
[87.349s][info][gc,start       ] GC(124) Pause Full (Allocation Failure)
[87.349s][info][gc,phases,start] GC(124) Marking Phase
[87.596s][info][gc,phases      ] GC(124) Marking Phase 247.217ms
[87.596s][info][gc,phases,start] GC(124) Summary Phase
[87.596s][info][gc,phases      ] GC(124) Summary Phase 0.023ms
[87.596s][info][gc,phases,start] GC(124) Forward
[87.613s][info][gc,phases      ] GC(124) Forward 17.540ms
[87.614s][info][gc,phases,start] GC(124) Adjust Pointers
[87.738s][info][gc,phases      ] GC(124) Adjust Pointers 124.074ms
[87.738s][info][gc,phases,start] GC(124) Compaction Phase
[87.812s][info][gc,phases      ] GC(124) Compaction Phase 74.422ms
[87.812s][info][gc,phases,start] GC(124) Post Compact
[87.815s][info][gc,phases      ] GC(124) Post Compact 2.308ms
[87.815s][info][gc,heap        ] GC(124) PSYoungGen: 111615K(222720K)->111615K(222720K) Eden: 111615K(111616K)->111615K(111616K) From: 0K(111104K)->0K(111104K)
[87.815s][info][gc,heap        ] GC(124) ParOldGen: 667404K(667648K)->667404K(667648K)
[87.815s][info][gc,metaspace   ] GC(124) Metaspace: 18083K(18368K)->18083K(18368K) NonClass: 16634K(16832K)->16634K(16832K) Class: 1448K(1536K)->1448K(1536K)
[87.815s][info][gc             ] GC(124) Pause Full (Allocation Failure) 760M->760M(869M) 465.977ms
[87.815s][info][gc,cpu         ] GC(124) User=0.91s Sys=0.00s Real=0.47s
[87.815s][info][gc,start       ] GC(125) Pause Full (Allocation Failure)
[87.815s][info][gc,phases,start] GC(125) Marking Phase
[88.058s][info][gc,phases      ] GC(125) Marking Phase 243.518ms
[88.058s][info][gc,phases,start] GC(125) Summary Phase
[88.058s][info][gc,phases      ] GC(125) Summary Phase 0.025ms
[88.058s][info][gc,phases,start] GC(125) Forward
[88.076s][info][gc,phases      ] GC(125) Forward 17.237ms
[88.076s][info][gc,phases,start] GC(125) Adjust Pointers
[88.202s][info][gc,phases      ] GC(125) Adjust Pointers 126.618ms
[88.202s][info][gc,phases,start] GC(125) Compaction Phase
[88.276s][info][gc,phases      ] GC(125) Compaction Phase 73.651ms
[88.276s][info][gc,phases,start] GC(125) Post Compact
[88.278s][info][gc,phases      ] GC(125) Post Compact 2.290ms
[88.278s][info][gc,heap        ] GC(125) PSYoungGen: 111615K(222720K)->111615K(222720K) Eden: 111615K(111616K)->111615K(111616K) From: 0K(111104K)->0K(111104K)
[88.278s][info][gc,heap        ] GC(125) ParOldGen: 667404K(667648K)->667404K(667648K)
[88.278s][info][gc,metaspace   ] GC(125) Metaspace: 18083K(18368K)->18083K(18368K) NonClass: 16634K(16832K)->16634K(16832K) Class: 1448K(1536K)->1448K(1536K)
[88.279s][info][gc             ] GC(125) Pause Full (Allocation Failure) 760M->760M(869M) 463.754ms
[88.279s][info][gc,cpu         ] GC(125) User=0.90s Sys=0.00s Real=0.46s
[88.279s][info][gc,start       ] GC(126) Pause Full (Allocation Failure)
[88.279s][info][gc,phases,start] GC(126) Marking Phase
[88.527s][info][gc,phases      ] GC(126) Marking Phase 248.009ms
[88.527s][info][gc,phases,start] GC(126) Summary Phase
[88.527s][info][gc,phases      ] GC(126) Summary Phase 0.024ms
[88.527s][info][gc,phases,start] GC(126) Forward
[88.544s][info][gc,phases      ] GC(126) Forward 17.367ms
[88.544s][info][gc,phases,start] GC(126) Adjust Pointers
[88.669s][info][gc,phases      ] GC(126) Adjust Pointers 124.995ms
[88.669s][info][gc,phases,start] GC(126) Compaction Phase
[88.742s][info][gc,phases      ] GC(126) Compaction Phase 72.333ms
[88.742s][info][gc,phases,start] GC(126) Post Compact
[88.744s][info][gc,phases      ] GC(126) Post Compact 2.291ms
[88.744s][info][gc,heap        ] GC(126) PSYoungGen: 111615K(222720K)->111615K(222720K) Eden: 111615K(111616K)->111615K(111616K) From: 0K(111104K)->0K(111104K)
[88.744s][info][gc,heap        ] GC(126) ParOldGen: 667405K(667648K)->667405K(667648K)
[88.744s][info][gc,metaspace   ] GC(126) Metaspace: 18083K(18368K)->18083K(18368K) NonClass: 16634K(16832K)->16634K(16832K) Class: 1448K(1536K)->1448K(1536K)
[88.744s][info][gc             ] GC(126) Pause Full (Allocation Failure) 760M->760M(869M) 465.424ms
[88.744s][info][gc,cpu         ] GC(126) User=0.91s Sys=0.00s Real=0.47s
[88.744s][info][gc,start       ] GC(127) Pause Full (Allocation Failure)
[88.744s][info][gc,phases,start] GC(127) Marking Phase
[88.989s][info][gc,phases      ] GC(127) Marking Phase 244.304ms
[88.989s][info][gc,phases,start] GC(127) Summary Phase
[88.989s][info][gc,phases      ] GC(127) Summary Phase 0.024ms
[88.989s][info][gc,phases,start] GC(127) Forward
[89.006s][info][gc,phases      ] GC(127) Forward 17.805ms
[89.006s][info][gc,phases,start] GC(127) Adjust Pointers
[89.130s][info][gc,phases      ] GC(127) Adjust Pointers 123.582ms
[89.130s][info][gc,phases,start] GC(127) Compaction Phase
[89.203s][info][gc,phases      ] GC(127) Compaction Phase 73.119ms
[89.203s][info][gc,phases,start] GC(127) Post Compact
[89.206s][info][gc,phases      ] GC(127) Post Compact 2.278ms
[89.206s][info][gc,heap        ] GC(127) PSYoungGen: 111615K(222720K)->111615K(222720K) Eden: 111615K(111616K)->111615K(111616K) From: 0K(111104K)->0K(111104K)
[89.206s][info][gc,heap        ] GC(127) ParOldGen: 667405K(667648K)->667405K(667648K)
[89.206s][info][gc,metaspace   ] GC(127) Metaspace: 18083K(18368K)->18083K(18368K) NonClass: 16634K(16832K)->16634K(16832K) Class: 1448K(1536K)->1448K(1536K)
[89.206s][info][gc             ] GC(127) Pause Full (Allocation Failure) 760M->760M(869M) 461.505ms
[89.206s][info][gc,cpu         ] GC(127) User=0.90s Sys=0.00s Real=0.46s
[89.206s][info][gc,start       ] GC(128) Pause Full (Allocation Failure)
[89.206s][info][gc,phases,start] GC(128) Marking Phase
[89.453s][info][gc,phases      ] GC(128) Marking Phase 246.960ms
[89.453s][info][gc,phases,start] GC(128) Summary Phase
[89.453s][info][gc,phases      ] GC(128) Summary Phase 0.024ms
[89.453s][info][gc,phases,start] GC(128) Forward
[89.470s][info][gc,phases      ] GC(128) Forward 17.279ms
[89.470s][info][gc,phases,start] GC(128) Adjust Pointers
[89.594s][info][gc,phases      ] GC(128) Adjust Pointers 123.747ms
[89.594s][info][gc,phases,start] GC(128) Compaction Phase
[89.669s][info][gc,phases      ] GC(128) Compaction Phase 74.550ms
[89.669s][info][gc,phases,start] GC(128) Post Compact
[89.671s][info][gc,phases      ] GC(128) Post Compact 2.310ms
[89.671s][info][gc,heap        ] GC(128) PSYoungGen: 111615K(222720K)->111615K(222720K) Eden: 111615K(111616K)->111615K(111616K) From: 0K(111104K)->0K(111104K)
[89.671s][info][gc,heap        ] GC(128) ParOldGen: 667405K(667648K)->667405K(667648K)
[89.671s][info][gc,metaspace   ] GC(128) Metaspace: 18083K(18368K)->18083K(18368K) NonClass: 16634K(16832K)->16634K(16832K) Class: 1448K(1536K)->1448K(1536K)
[89.671s][info][gc             ] GC(128) Pause Full (Allocation Failure) 760M->760M(869M) 465.268ms
[89.671s][info][gc,cpu         ] GC(128) User=0.90s Sys=0.00s Real=0.47s
[89.671s][info][gc,start       ] GC(129) Pause Full (Allocation Failure)
[89.671s][info][gc,phases,start] GC(129) Marking Phase
[89.926s][info][gc,phases      ] GC(129) Marking Phase 255.036ms
[89.926s][info][gc,phases,start] GC(129) Summary Phase
[89.926s][info][gc,phases      ] GC(129) Summary Phase 0.025ms
[89.926s][info][gc,phases,start] GC(129) Forward
[89.944s][info][gc,phases      ] GC(129) Forward 17.158ms
[89.944s][info][gc,phases,start] GC(129) Adjust Pointers
[90.069s][info][gc,phases      ] GC(129) Adjust Pointers 124.896ms
[90.069s][info][gc,phases,start] GC(129) Compaction Phase
[90.144s][info][gc,phases      ] GC(129) Compaction Phase 75.731ms
[90.144s][info][gc,phases,start] GC(129) Post Compact
[90.147s][info][gc,phases      ] GC(129) Post Compact 2.305ms
[90.147s][info][gc,heap        ] GC(129) PSYoungGen: 111615K(222720K)->111615K(222720K) Eden: 111615K(111616K)->111615K(111616K) From: 0K(111104K)->0K(111104K)
[90.147s][info][gc,heap        ] GC(129) ParOldGen: 667405K(667648K)->667405K(667648K)
[90.147s][info][gc,metaspace   ] GC(129) Metaspace: 18083K(18368K)->18083K(18368K) NonClass: 16634K(16832K)->16634K(16832K) Class: 1448K(1536K)->1448K(1536K)
[90.147s][info][gc             ] GC(129) Pause Full (Allocation Failure) 760M->760M(869M) 475.507ms
[90.147s][info][gc,cpu         ] GC(129) User=0.93s Sys=0.00s Real=0.47s
[90.147s][info][gc,start       ] GC(130) Pause Full (Allocation Failure)
[90.147s][info][gc,phases,start] GC(130) Marking Phase
[90.389s][info][gc,phases      ] GC(130) Marking Phase 241.732ms
[90.389s][info][gc,phases,start] GC(130) Summary Phase
[90.389s][info][gc,phases      ] GC(130) Summary Phase 0.023ms
[90.389s][info][gc,phases,start] GC(130) Forward
[90.408s][info][gc,phases      ] GC(130) Forward 19.267ms
[90.408s][info][gc,phases,start] GC(130) Adjust Pointers
[90.529s][info][gc,phases      ] GC(130) Adjust Pointers 120.475ms
[90.529s][info][gc,phases,start] GC(130) Compaction Phase
[90.601s][info][gc,phases      ] GC(130) Compaction Phase 72.149ms
[90.601s][info][gc,phases,start] GC(130) Post Compact
[90.603s][info][gc,phases      ] GC(130) Post Compact 2.317ms
[90.603s][info][gc,heap        ] GC(130) PSYoungGen: 111615K(222720K)->111615K(222720K) Eden: 111615K(111616K)->111615K(111616K) From: 0K(111104K)->0K(111104K)
[90.603s][info][gc,heap        ] GC(130) ParOldGen: 667405K(667648K)->667405K(667648K)
[90.603s][info][gc,metaspace   ] GC(130) Metaspace: 18083K(18368K)->18083K(18368K) NonClass: 16634K(16832K)->16634K(16832K) Class: 1448K(1536K)->1448K(1536K)
[90.603s][info][gc             ] GC(130) Pause Full (Allocation Failure) 760M->760M(869M) 456.390ms
[90.603s][info][gc,cpu         ] GC(130) User=0.88s Sys=0.00s Real=0.46s
[90.604s][info][gc,start       ] GC(131) Pause Full (Allocation Failure)
[90.604s][info][gc,phases,start] GC(131) Marking Phase
[90.840s][info][gc,phases      ] GC(131) Marking Phase 236.437ms
[90.840s][info][gc,phases,start] GC(131) Summary Phase
[90.840s][info][gc,phases      ] GC(131) Summary Phase 0.028ms
[90.840s][info][gc,phases,start] GC(131) Forward
[90.929s][info][gc,phases      ] GC(131) Forward 89.046ms
[90.929s][info][gc,phases,start] GC(131) Adjust Pointers
[91.060s][info][gc,phases      ] GC(131) Adjust Pointers 130.707ms
[91.060s][info][gc,phases,start] GC(131) Compaction Phase
[91.158s][info][gc,phases      ] GC(131) Compaction Phase 98.381ms
[91.159s][info][gc,phases,start] GC(131) Post Compact
[91.161s][info][metaspace      ] ChkMgr @0x00007f17b803aab0 (non-class-space): : reclaiming memory...
[91.161s][info][metaspace      ] ChkMgr @0x00007f17b803aab0 (non-class-space): nothing reclaimed.
[91.161s][info][metaspace      ] ChkMgr @0x00007f17b803a8c0 (class-space): : reclaiming memory...
[91.161s][info][metaspace      ] ChkMgr @0x00007f17b803a8c0 (class-space): nothing reclaimed.
[91.161s][info][gc,phases      ] GC(131) Post Compact 2.340ms
[91.161s][info][gc,heap        ] GC(131) PSYoungGen: 111615K(222720K)->0K(222720K) Eden: 111615K(111616K)->0K(111616K) From: 0K(111104K)->0K(111104K)
[91.162s][info][gc,heap        ] GC(131) ParOldGen: 667405K(667648K)->437434K(662528K)
[91.162s][info][gc,metaspace   ] GC(131) Metaspace: 18083K(18368K)->18080K(18368K) NonClass: 16634K(16832K)->16631K(16832K) Class: 1448K(1536K)->1448K(1536K)
[91.162s][info][gc             ] GC(131) Pause Full (Allocation Failure) 760M->427M(864M) 558.001ms
[91.162s][info][gc,cpu         ] GC(131) User=1.02s Sys=0.00s Real=0.56s
[91.291s][info][gc,start       ] GC(132) Pause Young (Allocation Failure)
[91.348s][info][gc,heap        ] GC(132) PSYoungGen: 111616K(222720K)->48548K(222720K) Eden: 111616K(111616K)->0K(111616K) From: 0K(111104K)->48548K(111104K)
[91.348s][info][gc,heap        ] GC(132) ParOldGen: 437434K(662528K)->437434K(662528K)
[91.348s][info][gc,metaspace   ] GC(132) Metaspace: 18080K(18368K)->18080K(18368K) NonClass: 16631K(16832K)->16631K(16832K) Class: 1448K(1536K)->1448K(1536K)
[91.348s][info][gc             ] GC(132) Pause Young (Allocation Failure) 536M->474M(864M) 57.269ms
[91.348s][info][gc,cpu         ] GC(132) User=0.11s Sys=0.00s Real=0.05s
[91.559s][info][gc,start       ] GC(133) Pause Young (Allocation Failure)
[91.632s][info][gc,heap        ] GC(133) PSYoungGen: 160164K(222720K)->16552K(222720K) Eden: 111616K(111616K)->0K(111616K) From: 48548K(111104K)->16552K(111104K)
[91.632s][info][gc,heap        ] GC(133) ParOldGen: 437434K(662528K)->486193K(662528K)
[91.632s][info][gc,metaspace   ] GC(133) Metaspace: 18082K(18368K)->18082K(18368K) NonClass: 16633K(16832K)->16633K(16832K) Class: 1448K(1536K)->1448K(1536K)
[91.632s][info][gc             ] GC(133) Pause Young (Allocation Failure) 583M->490M(864M) 73.292ms
[91.632s][info][gc,cpu         ] GC(133) User=0.14s Sys=0.00s Real=0.08s
[92.630s][info][gc,start       ] GC(134) Pause Young (Allocation Failure)
[92.725s][info][gc,heap        ] GC(134) PSYoungGen: 128168K(222720K)->67664K(222720K) Eden: 111616K(111616K)->0K(111616K) From: 16552K(111104K)->67664K(111104K)
[92.725s][info][gc,heap        ] GC(134) ParOldGen: 486193K(662528K)->503272K(662528K)
[92.725s][info][gc,metaspace   ] GC(134) Metaspace: 18092K(18368K)->18092K(18368K) NonClass: 16644K(16832K)->16644K(16832K) Class: 1448K(1536K)->1448K(1536K)
[92.725s][info][gc             ] GC(134) Pause Young (Allocation Failure) 599M->557M(864M) 95.297ms
[92.725s][info][gc,cpu         ] GC(134) User=0.19s Sys=0.00s Real=0.09s
[92.867s][info][gc,start       ] GC(135) Pause Young (Allocation Failure)
[93.042s][info][gc,heap        ] GC(135) PSYoungGen: 179280K(222720K)->110176K(222720K) Eden: 111616K(111616K)->0K(111616K) From: 67664K(111104K)->110176K(111104K)
[93.043s][info][gc,heap        ] GC(135) ParOldGen: 503272K(662528K)->571073K(662528K)
[93.043s][info][gc,metaspace   ] GC(135) Metaspace: 18092K(18368K)->18092K(18368K) NonClass: 16644K(16832K)->16644K(16832K) Class: 1448K(1536K)->1448K(1536K)
[93.043s][info][gc             ] GC(135) Pause Young (Allocation Failure) 666M->665M(864M) 176.032ms
[93.043s][info][gc,cpu         ] GC(135) User=0.35s Sys=0.00s Real=0.18s
[93.186s][info][gc,start       ] GC(136) Pause Full (Allocation Failure)
[93.186s][info][gc,phases,start] GC(136) Marking Phase
[93.652s][info][gc,phases      ] GC(136) Marking Phase 466.286ms
[93.652s][info][gc,phases,start] GC(136) Summary Phase
[93.652s][info][gc,phases      ] GC(136) Summary Phase 0.032ms
[93.652s][info][gc,phases,start] GC(136) Forward
[93.775s][info][gc,phases      ] GC(136) Forward 122.861ms
[93.775s][info][gc,phases,start] GC(136) Adjust Pointers
[94.033s][info][gc,phases      ] GC(136) Adjust Pointers 257.973ms
[94.033s][info][gc,phases,start] GC(136) Compaction Phase
[94.253s][info][gc,phases      ] GC(136) Compaction Phase 219.456ms
[94.253s][info][gc,phases,start] GC(136) Post Compact
[94.255s][info][gc,phases      ] GC(136) Post Compact 2.371ms
[94.255s][info][gc,heap        ] GC(136) PSYoungGen: 221792K(222720K)->4140K(222720K) Eden: 111616K(111616K)->0K(111616K) From: 110176K(111104K)->4140K(111104K)
[94.255s][info][gc,heap        ] GC(136) ParOldGen: 571073K(662528K)->662116K(667648K)
[94.255s][info][gc,metaspace   ] GC(136) Metaspace: 18092K(18368K)->18092K(18368K) NonClass: 16644K(16832K)->16644K(16832K) Class: 1448K(1536K)->1448K(1536K)
[94.255s][info][gc             ] GC(136) Pause Full (Allocation Failure) 774M->650M(869M) 1069.560ms
[94.255s][info][gc,cpu         ] GC(136) User=2.09s Sys=0.00s Real=1.07s
[94.396s][info][gc,start       ] GC(137) Pause Full (Allocation Failure)
[94.396s][info][gc,phases,start] GC(137) Marking Phase
[94.962s][info][gc,phases      ] GC(137) Marking Phase 565.742ms
[94.962s][info][gc,phases,start] GC(137) Summary Phase
[94.962s][info][gc,phases      ] GC(137) Summary Phase 0.027ms
[94.962s][info][gc,phases,start] GC(137) Forward
[95.109s][info][gc,phases      ] GC(137) Forward 146.595ms
[95.109s][info][gc,phases,start] GC(137) Adjust Pointers
[95.423s][info][gc,phases      ] GC(137) Adjust Pointers 314.295ms
[95.423s][info][gc,phases,start] GC(137) Compaction Phase
[95.705s][info][gc,phases      ] GC(137) Compaction Phase 282.274ms
[95.706s][info][gc,phases,start] GC(137) Post Compact
[95.708s][info][gc,phases      ] GC(137) Post Compact 2.320ms
[95.708s][info][gc,heap        ] GC(137) PSYoungGen: 115756K(222720K)->76306K(222720K) Eden: 111616K(111616K)->76306K(111616K) From: 4140K(111104K)->0K(111104K)
[95.708s][info][gc,heap        ] GC(137) ParOldGen: 662116K(667648K)->667258K(667648K)
[95.708s][info][gc,metaspace   ] GC(137) Metaspace: 18092K(18368K)->18092K(18368K) NonClass: 16644K(16832K)->16644K(16832K) Class: 1448K(1536K)->1448K(1536K)
[95.708s][info][gc             ] GC(137) Pause Full (Allocation Failure) 759M->726M(869M) 1311.762ms
[95.708s][info][gc,cpu         ] GC(137) User=2.56s Sys=0.00s Real=1.31s
[95.757s][info][gc,start       ] GC(138) Pause Full (Allocation Failure)
[95.757s][info][gc,phases,start] GC(138) Marking Phase
[96.361s][info][gc,phases      ] GC(138) Marking Phase 604.257ms
[96.361s][info][gc,phases,start] GC(138) Summary Phase
[96.361s][info][gc,phases      ] GC(138) Summary Phase 0.025ms
[96.361s][info][gc,phases,start] GC(138) Forward
[96.382s][info][gc,phases      ] GC(138) Forward 20.940ms
[96.382s][info][gc,phases,start] GC(138) Adjust Pointers
[96.676s][info][gc,phases      ] GC(138) Adjust Pointers 293.912ms
[96.676s][info][gc,phases,start] GC(138) Compaction Phase
[96.821s][info][gc,phases      ] GC(138) Compaction Phase 144.596ms
[96.821s][info][gc,phases,start] GC(138) Post Compact
[96.823s][info][gc,phases      ] GC(138) Post Compact 2.292ms
[96.823s][info][gc,heap        ] GC(138) PSYoungGen: 111616K(222720K)->111110K(222720K) Eden: 111616K(111616K)->111110K(111616K) From: 0K(111104K)->0K(111104K)
[96.823s][info][gc,heap        ] GC(138) ParOldGen: 667258K(667648K)->667258K(667648K)
[96.823s][info][gc,metaspace   ] GC(138) Metaspace: 18092K(18368K)->18092K(18368K) NonClass: 16644K(16832K)->16644K(16832K) Class: 1448K(1536K)->1448K(1536K)
[96.824s][info][gc             ] GC(138) Pause Full (Allocation Failure) 760M->760M(869M) 1066.426ms
[96.824s][info][gc,cpu         ] GC(138) User=2.05s Sys=0.00s Real=1.07s
[96.825s][info][gc,start       ] GC(139) Pause Full (Allocation Failure)
[96.825s][info][gc,phases,start] GC(139) Marking Phase
[97.403s][info][gc,phases      ] GC(139) Marking Phase 577.882ms
[97.403s][info][gc,phases,start] GC(139) Summary Phase
[97.403s][info][gc,phases      ] GC(139) Summary Phase 0.022ms
[97.403s][info][gc,phases,start] GC(139) Forward
[97.424s][info][gc,phases      ] GC(139) Forward 21.371ms
[97.424s][info][gc,phases,start] GC(139) Adjust Pointers
[97.718s][info][gc,phases      ] GC(139) Adjust Pointers 294.103ms
[97.718s][info][gc,phases,start] GC(139) Compaction Phase
[97.858s][info][gc,phases      ] GC(139) Compaction Phase 139.809ms
[97.858s][info][gc,phases,start] GC(139) Post Compact
[97.860s][info][gc,phases      ] GC(139) Post Compact 2.304ms
[97.860s][info][gc,heap        ] GC(139) PSYoungGen: 111616K(222720K)->111608K(222720K) Eden: 111616K(111616K)->111608K(111616K) From: 0K(111104K)->0K(111104K)
[97.860s][info][gc,heap        ] GC(139) ParOldGen: 667258K(667648K)->667258K(667648K)
[97.860s][info][gc,metaspace   ] GC(139) Metaspace: 18092K(18368K)->18092K(18368K) NonClass: 16644K(16832K)->16644K(16832K) Class: 1448K(1536K)->1448K(1536K)
[97.861s][info][gc             ] GC(139) Pause Full (Allocation Failure) 760M->760M(869M) 1035.904ms
[97.861s][info][gc,cpu         ] GC(139) User=2.05s Sys=0.00s Real=1.04s
[97.861s][info][gc,start       ] GC(140) Pause Full (Allocation Failure)
[97.861s][info][gc,phases,start] GC(140) Marking Phase
[98.442s][info][gc,phases      ] GC(140) Marking Phase 580.721ms
[98.442s][info][gc,phases,start] GC(140) Summary Phase
[98.442s][info][gc,phases      ] GC(140) Summary Phase 0.023ms
[98.442s][info][gc,phases,start] GC(140) Forward
[98.463s][info][gc,phases      ] GC(140) Forward 21.678ms
[98.464s][info][gc,phases,start] GC(140) Adjust Pointers
[98.759s][info][gc,phases      ] GC(140) Adjust Pointers 295.915ms
[98.760s][info][gc,phases,start] GC(140) Compaction Phase
[98.900s][info][gc,phases      ] GC(140) Compaction Phase 140.839ms
[98.900s][info][gc,phases,start] GC(140) Post Compact
[98.903s][info][gc,phases      ] GC(140) Post Compact 2.371ms
[98.903s][info][gc,heap        ] GC(140) PSYoungGen: 111616K(222720K)->111615K(222720K) Eden: 111616K(111616K)->111615K(111616K) From: 0K(111104K)->0K(111104K)
[98.903s][info][gc,heap        ] GC(140) ParOldGen: 667258K(667648K)->667258K(667648K)
[98.903s][info][gc,metaspace   ] GC(140) Metaspace: 18092K(18368K)->18092K(18368K) NonClass: 16644K(16832K)->16644K(16832K) Class: 1448K(1536K)->1448K(1536K)
[98.903s][info][gc             ] GC(140) Pause Full (Allocation Failure) 760M->760M(869M) 1041.927ms
[98.903s][info][gc,cpu         ] GC(140) User=2.05s Sys=0.00s Real=1.04s
[98.903s][info][gc,start       ] GC(141) Pause Full (Allocation Failure)
[98.903s][info][gc,phases,start] GC(141) Marking Phase
[99.478s][info][gc,phases      ] GC(141) Marking Phase 574.610ms
[99.478s][info][gc,phases,start] GC(141) Summary Phase
[99.478s][info][gc,phases      ] GC(141) Summary Phase 0.026ms
[99.478s][info][gc,phases,start] GC(141) Forward
[99.499s][info][gc,phases      ] GC(141) Forward 20.750ms
[99.499s][info][gc,phases,start] GC(141) Adjust Pointers
[99.786s][info][gc,phases      ] GC(141) Adjust Pointers 286.767ms
[99.786s][info][gc,phases,start] GC(141) Compaction Phase
[99.922s][info][gc,phases      ] GC(141) Compaction Phase 136.067ms
[99.922s][info][gc,phases,start] GC(141) Post Compact
[99.924s][info][gc,phases      ] GC(141) Post Compact 2.262ms
[99.924s][info][gc,heap        ] GC(141) PSYoungGen: 111615K(222720K)->111615K(222720K) Eden: 111615K(111616K)->111615K(111616K) From: 0K(111104K)->0K(111104K)
[99.924s][info][gc,heap        ] GC(141) ParOldGen: 667258K(667648K)->667258K(667648K)
[99.924s][info][gc,metaspace   ] GC(141) Metaspace: 18092K(18368K)->18092K(18368K) NonClass: 16644K(16832K)->16644K(16832K) Class: 1448K(1536K)->1448K(1536K)
[99.924s][info][gc             ] GC(141) Pause Full (Allocation Failure) 760M->760M(869M) 1020.839ms
[99.924s][info][gc,cpu         ] GC(141) User=2.01s Sys=0.00s Real=1.02s
[99.924s][info][gc,start       ] GC(142) Pause Full (Allocation Failure)
[99.924s][info][gc,phases,start] GC(142) Marking Phase
[100.492s][info][gc,phases      ] GC(142) Marking Phase 567.769ms
[100.492s][info][gc,phases,start] GC(142) Summary Phase
[100.492s][info][gc,phases      ] GC(142) Summary Phase 0.022ms
[100.492s][info][gc,phases,start] GC(142) Forward
[100.513s][info][gc,phases      ] GC(142) Forward 20.740ms
[100.513s][info][gc,phases,start] GC(142) Adjust Pointers
[100.798s][info][gc,phases      ] GC(142) Adjust Pointers 284.836ms
[100.798s][info][gc,phases,start] GC(142) Compaction Phase
[100.934s][info][gc,phases      ] GC(142) Compaction Phase 135.672ms
[100.934s][info][gc,phases,start] GC(142) Post Compact
[100.936s][info][gc,phases      ] GC(142) Post Compact 2.273ms
[100.936s][info][gc,heap        ] GC(142) PSYoungGen: 111615K(222720K)->111615K(222720K) Eden: 111615K(111616K)->111615K(111616K) From: 0K(111104K)->0K(111104K)
[100.936s][info][gc,heap        ] GC(142) ParOldGen: 667258K(667648K)->667258K(667648K)
[100.936s][info][gc,metaspace   ] GC(142) Metaspace: 18092K(18368K)->18092K(18368K) NonClass: 16644K(16832K)->16644K(16832K) Class: 1448K(1536K)->1448K(1536K)
[100.936s][info][gc             ] GC(142) Pause Full (Allocation Failure) 760M->760M(869M) 1011.697ms
[100.936s][info][gc,cpu         ] GC(142) User=2.00s Sys=0.00s Real=1.01s
[100.936s][info][gc,start       ] GC(143) Pause Full (Allocation Failure)
[100.936s][info][gc,phases,start] GC(143) Marking Phase
[101.499s][info][gc,phases      ] GC(143) Marking Phase 562.389ms
[101.499s][info][gc,phases,start] GC(143) Summary Phase
[101.499s][info][gc,phases      ] GC(143) Summary Phase 0.023ms
[101.499s][info][gc,phases,start] GC(143) Forward
[101.520s][info][gc,phases      ] GC(143) Forward 20.750ms
[101.520s][info][gc,phases,start] GC(143) Adjust Pointers
[101.805s][info][gc,phases      ] GC(143) Adjust Pointers 284.884ms
[101.805s][info][gc,phases,start] GC(143) Compaction Phase
[101.941s][info][gc,phases      ] GC(143) Compaction Phase 135.977ms
[101.941s][info][gc,phases,start] GC(143) Post Compact
[101.943s][info][gc,phases      ] GC(143) Post Compact 2.311ms
[101.943s][info][gc,heap        ] GC(143) PSYoungGen: 111615K(222720K)->111615K(222720K) Eden: 111615K(111616K)->111615K(111616K) From: 0K(111104K)->0K(111104K)
[101.943s][info][gc,heap        ] GC(143) ParOldGen: 667258K(667648K)->667258K(667648K)
[101.943s][info][gc,metaspace   ] GC(143) Metaspace: 18092K(18368K)->18092K(18368K) NonClass: 16644K(16832K)->16644K(16832K) Class: 1448K(1536K)->1448K(1536K)
[101.943s][info][gc             ] GC(143) Pause Full (Allocation Failure) 760M->760M(869M) 1006.712ms
[101.943s][info][gc,cpu         ] GC(143) User=1.98s Sys=0.00s Real=1.01s
[101.943s][info][gc,start       ] GC(144) Pause Full (Allocation Failure)
[101.943s][info][gc,phases,start] GC(144) Marking Phase
[102.506s][info][gc,phases      ] GC(144) Marking Phase 562.683ms
[102.506s][info][gc,phases,start] GC(144) Summary Phase
[102.506s][info][gc,phases      ] GC(144) Summary Phase 0.023ms
[102.506s][info][gc,phases,start] GC(144) Forward
[102.527s][info][gc,phases      ] GC(144) Forward 20.966ms
[102.527s][info][gc,phases,start] GC(144) Adjust Pointers
[102.811s][info][gc,phases      ] GC(144) Adjust Pointers 284.058ms
[102.811s][info][gc,phases,start] GC(144) Compaction Phase
[102.947s][info][gc,phases      ] GC(144) Compaction Phase 136.108ms
[102.947s][info][gc,phases,start] GC(144) Post Compact
[102.950s][info][gc,phases      ] GC(144) Post Compact 2.285ms
[102.950s][info][gc,heap        ] GC(144) PSYoungGen: 111615K(222720K)->111615K(222720K) Eden: 111615K(111616K)->111615K(111616K) From: 0K(111104K)->0K(111104K)
[102.950s][info][gc,heap        ] GC(144) ParOldGen: 667258K(667648K)->667258K(667648K)
[102.950s][info][gc,metaspace   ] GC(144) Metaspace: 18092K(18368K)->18092K(18368K) NonClass: 16644K(16832K)->16644K(16832K) Class: 1448K(1536K)->1448K(1536K)
[102.950s][info][gc             ] GC(144) Pause Full (Allocation Failure) 760M->760M(869M) 1006.473ms
[102.950s][info][gc,cpu         ] GC(144) User=1.99s Sys=0.00s Real=1.01s
[102.950s][info][gc,start       ] GC(145) Pause Full (Allocation Failure)
[102.950s][info][gc,phases,start] GC(145) Marking Phase
[103.512s][info][gc,phases      ] GC(145) Marking Phase 562.136ms
[103.512s][info][gc,phases,start] GC(145) Summary Phase
[103.512s][info][gc,phases      ] GC(145) Summary Phase 0.023ms
[103.512s][info][gc,phases,start] GC(145) Forward
[103.533s][info][gc,phases      ] GC(145) Forward 20.702ms
[103.533s][info][gc,phases,start] GC(145) Adjust Pointers
[103.817s][info][gc,phases      ] GC(145) Adjust Pointers 283.857ms
[103.817s][info][gc,phases,start] GC(145) Compaction Phase
[103.952s][info][gc,phases      ] GC(145) Compaction Phase 135.359ms
[103.952s][info][gc,phases,start] GC(145) Post Compact
[103.954s][info][gc,phases      ] GC(145) Post Compact 2.294ms
[103.954s][info][gc,heap        ] GC(145) PSYoungGen: 111615K(222720K)->111615K(222720K) Eden: 111615K(111616K)->111615K(111616K) From: 0K(111104K)->0K(111104K)
[103.954s][info][gc,heap        ] GC(145) ParOldGen: 667258K(667648K)->667258K(667648K)
[103.955s][info][gc,metaspace   ] GC(145) Metaspace: 18092K(18368K)->18092K(18368K) NonClass: 16644K(16832K)->16644K(16832K) Class: 1448K(1536K)->1448K(1536K)
[103.955s][info][gc             ] GC(145) Pause Full (Allocation Failure) 760M->760M(869M) 1004.738ms
[103.955s][info][gc,cpu         ] GC(145) User=1.98s Sys=0.01s Real=1.00s
[103.955s][info][gc,start       ] GC(146) Pause Full (Allocation Failure)
[103.955s][info][gc,phases,start] GC(146) Marking Phase
[104.530s][info][gc,phases      ] GC(146) Marking Phase 575.397ms
[104.530s][info][gc,phases,start] GC(146) Summary Phase
[104.530s][info][gc,phases      ] GC(146) Summary Phase 0.023ms
[104.530s][info][gc,phases,start] GC(146) Forward
[104.551s][info][gc,phases      ] GC(146) Forward 20.740ms
[104.551s][info][gc,phases,start] GC(146) Adjust Pointers
[104.842s][info][gc,phases      ] GC(146) Adjust Pointers 291.238ms
[104.842s][info][gc,phases,start] GC(146) Compaction Phase
[104.982s][info][gc,phases      ] GC(146) Compaction Phase 139.547ms
[104.982s][info][gc,phases,start] GC(146) Post Compact
[104.984s][info][gc,phases      ] GC(146) Post Compact 2.391ms
[104.984s][info][gc,heap        ] GC(146) PSYoungGen: 111615K(222720K)->111615K(222720K) Eden: 111615K(111616K)->111615K(111616K) From: 0K(111104K)->0K(111104K)
[104.984s][info][gc,heap        ] GC(146) ParOldGen: 667258K(667648K)->667258K(667648K)
[104.984s][info][gc,metaspace   ] GC(146) Metaspace: 18092K(18368K)->18092K(18368K) NonClass: 16644K(16832K)->16644K(16832K) Class: 1448K(1536K)->1448K(1536K)
[104.984s][info][gc             ] GC(146) Pause Full (Allocation Failure) 760M->760M(869M) 1029.755ms
[104.984s][info][gc,cpu         ] GC(146) User=2.03s Sys=0.00s Real=1.03s
[104.985s][info][gc,start       ] GC(147) Pause Full (Allocation Failure)
[104.985s][info][gc,phases,start] GC(147) Marking Phase
[105.558s][info][gc,phases      ] GC(147) Marking Phase 573.211ms
[105.558s][info][gc,phases,start] GC(147) Summary Phase
[105.558s][info][gc,phases      ] GC(147) Summary Phase 0.023ms
[105.558s][info][gc,phases,start] GC(147) Forward
[105.579s][info][gc,phases      ] GC(147) Forward 20.747ms
[105.579s][info][gc,phases,start] GC(147) Adjust Pointers
[105.865s][info][gc,phases      ] GC(147) Adjust Pointers 286.617ms
[105.865s][info][gc,phases,start] GC(147) Compaction Phase
[106.002s][info][gc,phases      ] GC(147) Compaction Phase 137.173ms
[106.003s][info][gc,phases,start] GC(147) Post Compact
[106.005s][info][gc,phases      ] GC(147) Post Compact 2.309ms
[106.005s][info][gc,heap        ] GC(147) PSYoungGen: 111615K(222720K)->111615K(222720K) Eden: 111615K(111616K)->111615K(111616K) From: 0K(111104K)->0K(111104K)
[106.005s][info][gc,heap        ] GC(147) ParOldGen: 667258K(667648K)->667258K(667648K)
[106.005s][info][gc,metaspace   ] GC(147) Metaspace: 18092K(18368K)->18092K(18368K) NonClass: 16644K(16832K)->16644K(16832K) Class: 1448K(1536K)->1448K(1536K)
[106.005s][info][gc             ] GC(147) Pause Full (Allocation Failure) 760M->760M(869M) 1020.421ms
[106.005s][info][gc,cpu         ] GC(147) User=2.01s Sys=0.00s Real=1.02s
[106.005s][info][gc,start       ] GC(148) Pause Full (Allocation Failure)
[106.005s][info][gc,phases,start] GC(148) Marking Phase
[106.570s][info][gc,phases      ] GC(148) Marking Phase 565.125ms
[106.570s][info][gc,phases,start] GC(148) Summary Phase
[106.570s][info][gc,phases      ] GC(148) Summary Phase 0.022ms
[106.570s][info][gc,phases,start] GC(148) Forward
[106.591s][info][gc,phases      ] GC(148) Forward 20.901ms
[106.591s][info][gc,phases,start] GC(148) Adjust Pointers
[106.881s][info][gc,phases      ] GC(148) Adjust Pointers 289.608ms
[106.881s][info][gc,phases,start] GC(148) Compaction Phase
[107.020s][info][gc,phases      ] GC(148) Compaction Phase 139.085ms
[107.020s][info][gc,phases,start] GC(148) Post Compact
[107.022s][info][gc,phases      ] GC(148) Post Compact 2.291ms
[107.022s][info][gc,heap        ] GC(148) PSYoungGen: 111615K(222720K)->111615K(222720K) Eden: 111615K(111616K)->111615K(111616K) From: 0K(111104K)->0K(111104K)
[107.022s][info][gc,heap        ] GC(148) ParOldGen: 667258K(667648K)->667258K(667648K)
[107.022s][info][gc,metaspace   ] GC(148) Metaspace: 18092K(18368K)->18092K(18368K) NonClass: 16644K(16832K)->16644K(16832K) Class: 1448K(1536K)->1448K(1536K)
[107.022s][info][gc             ] GC(148) Pause Full (Allocation Failure) 760M->760M(869M) 1017.374ms
[107.022s][info][gc,cpu         ] GC(148) User=2.01s Sys=0.00s Real=1.02s
[107.023s][info][gc,start       ] GC(149) Pause Full (Allocation Failure)
[107.023s][info][gc,phases,start] GC(149) Marking Phase
[107.602s][info][gc,phases      ] GC(149) Marking Phase 579.113ms
[107.602s][info][gc,phases,start] GC(149) Summary Phase
[107.602s][info][gc,phases      ] GC(149) Summary Phase 0.024ms
[107.602s][info][gc,phases,start] GC(149) Forward
[107.623s][info][gc,phases      ] GC(149) Forward 20.730ms
[107.623s][info][gc,phases,start] GC(149) Adjust Pointers
[107.910s][info][gc,phases      ] GC(149) Adjust Pointers 286.970ms
[107.910s][info][gc,phases,start] GC(149) Compaction Phase
[108.046s][info][gc,phases      ] GC(149) Compaction Phase 136.047ms
[108.046s][info][gc,phases,start] GC(149) Post Compact
[108.048s][info][gc,phases      ] GC(149) Post Compact 2.248ms
[108.048s][info][gc,heap        ] GC(149) PSYoungGen: 111615K(222720K)->111615K(222720K) Eden: 111615K(111616K)->111615K(111616K) From: 0K(111104K)->0K(111104K)
[108.048s][info][gc,heap        ] GC(149) ParOldGen: 667258K(667648K)->667258K(667648K)
[108.048s][info][gc,metaspace   ] GC(149) Metaspace: 18092K(18368K)->18092K(18368K) NonClass: 16644K(16832K)->16644K(16832K) Class: 1448K(1536K)->1448K(1536K)
[108.048s][info][gc             ] GC(149) Pause Full (Allocation Failure) 760M->760M(869M) 1025.474ms
[108.048s][info][gc,cpu         ] GC(149) User=2.02s Sys=0.00s Real=1.02s
[108.048s][info][gc,start       ] GC(150) Pause Full (Allocation Failure)
[108.048s][info][gc,phases,start] GC(150) Marking Phase
[108.607s][info][gc,phases      ] GC(150) Marking Phase 558.851ms
[108.607s][info][gc,phases,start] GC(150) Summary Phase
[108.607s][info][gc,phases      ] GC(150) Summary Phase 0.022ms
[108.607s][info][gc,phases,start] GC(150) Forward
[108.628s][info][gc,phases      ] GC(150) Forward 20.900ms
[108.628s][info][gc,phases,start] GC(150) Adjust Pointers
[108.913s][info][gc,phases      ] GC(150) Adjust Pointers 285.300ms
[108.913s][info][gc,phases,start] GC(150) Compaction Phase
[109.047s][info][gc,phases      ] GC(150) Compaction Phase 133.574ms
[109.047s][info][gc,phases,start] GC(150) Post Compact
[109.049s][info][gc,phases      ] GC(150) Post Compact 2.257ms
[109.049s][info][gc,heap        ] GC(150) PSYoungGen: 111615K(222720K)->111615K(222720K) Eden: 111615K(111616K)->111615K(111616K) From: 0K(111104K)->0K(111104K)
[109.049s][info][gc,heap        ] GC(150) ParOldGen: 667258K(667648K)->667258K(667648K)
[109.049s][info][gc,metaspace   ] GC(150) Metaspace: 18092K(18368K)->18092K(18368K) NonClass: 16644K(16832K)->16644K(16832K) Class: 1448K(1536K)->1448K(1536K)
[109.049s][info][gc             ] GC(150) Pause Full (Allocation Failure) 760M->760M(869M) 1001.244ms
[109.049s][info][gc,cpu         ] GC(150) User=1.97s Sys=0.00s Real=1.01s
[109.050s][info][gc,start       ] GC(151) Pause Full (Allocation Failure)
[109.050s][info][gc,phases,start] GC(151) Marking Phase
[109.605s][info][gc,phases      ] GC(151) Marking Phase 555.708ms
[109.605s][info][gc,phases,start] GC(151) Summary Phase
[109.605s][info][gc,phases      ] GC(151) Summary Phase 0.023ms
[109.605s][info][gc,phases,start] GC(151) Forward
[109.626s][info][gc,phases      ] GC(151) Forward 21.088ms
[109.627s][info][gc,phases,start] GC(151) Adjust Pointers
[109.914s][info][gc,phases      ] GC(151) Adjust Pointers 286.992ms
[109.914s][info][gc,phases,start] GC(151) Compaction Phase
[110.051s][info][gc,phases      ] GC(151) Compaction Phase 137.838ms
[110.052s][info][gc,phases,start] GC(151) Post Compact
[110.054s][info][gc,phases      ] GC(151) Post Compact 2.311ms
[110.054s][info][gc,heap        ] GC(151) PSYoungGen: 111615K(222720K)->111615K(222720K) Eden: 111615K(111616K)->111615K(111616K) From: 0K(111104K)->0K(111104K)
[110.054s][info][gc,heap        ] GC(151) ParOldGen: 667258K(667648K)->667258K(667648K)
[110.054s][info][gc,metaspace   ] GC(151) Metaspace: 18092K(18368K)->18092K(18368K) NonClass: 16644K(16832K)->16644K(16832K) Class: 1448K(1536K)->1448K(1536K)
[110.054s][info][gc             ] GC(151) Pause Full (Allocation Failure) 760M->760M(869M) 1004.313ms
[110.054s][info][gc,cpu         ] GC(151) User=1.98s Sys=0.00s Real=1.00s
[110.054s][info][gc,start       ] GC(152) Pause Full (Allocation Failure)
[110.054s][info][gc,phases,start] GC(152) Marking Phase
[110.617s][info][gc,phases      ] GC(152) Marking Phase 562.938ms
[110.617s][info][gc,phases,start] GC(152) Summary Phase
[110.617s][info][gc,phases      ] GC(152) Summary Phase 0.022ms
[110.617s][info][gc,phases,start] GC(152) Forward
[110.638s][info][gc,phases      ] GC(152) Forward 20.772ms
[110.638s][info][gc,phases,start] GC(152) Adjust Pointers
[110.927s][info][gc,phases      ] GC(152) Adjust Pointers 289.040ms
[110.927s][info][gc,phases,start] GC(152) Compaction Phase
[111.067s][info][gc,phases      ] GC(152) Compaction Phase 140.399ms
[111.067s][info][gc,phases,start] GC(152) Post Compact
[111.070s][info][gc,phases      ] GC(152) Post Compact 2.359ms
[111.070s][info][gc,heap        ] GC(152) PSYoungGen: 111615K(222720K)->111615K(222720K) Eden: 111615K(111616K)->111615K(111616K) From: 0K(111104K)->0K(111104K)
[111.070s][info][gc,heap        ] GC(152) ParOldGen: 667258K(667648K)->667258K(667648K)
[111.070s][info][gc,metaspace   ] GC(152) Metaspace: 18092K(18368K)->18092K(18368K) NonClass: 16644K(16832K)->16644K(16832K) Class: 1448K(1536K)->1448K(1536K)
[111.070s][info][gc             ] GC(152) Pause Full (Allocation Failure) 760M->760M(869M) 1015.900ms
[111.070s][info][gc,cpu         ] GC(152) User=2.00s Sys=0.00s Real=1.02s
[111.070s][info][gc,start       ] GC(153) Pause Full (Allocation Failure)
[111.070s][info][gc,phases,start] GC(153) Marking Phase
[111.640s][info][gc,phases      ] GC(153) Marking Phase 570.084ms
[111.640s][info][gc,phases,start] GC(153) Summary Phase
[111.640s][info][gc,phases      ] GC(153) Summary Phase 0.024ms
[111.640s][info][gc,phases,start] GC(153) Forward
[111.661s][info][gc,phases      ] GC(153) Forward 20.606ms
[111.661s][info][gc,phases,start] GC(153) Adjust Pointers
[111.945s][info][gc,phases      ] GC(153) Adjust Pointers 284.449ms
[111.945s][info][gc,phases,start] GC(153) Compaction Phase
[112.082s][info][gc,phases      ] GC(153) Compaction Phase 136.496ms
[112.082s][info][gc,phases,start] GC(153) Post Compact
[112.084s][info][gc,phases      ] GC(153) Post Compact 2.346ms
[112.084s][info][gc,heap        ] GC(153) PSYoungGen: 111615K(222720K)->111615K(222720K) Eden: 111615K(111616K)->111615K(111616K) From: 0K(111104K)->0K(111104K)
[112.084s][info][gc,heap        ] GC(153) ParOldGen: 667258K(667648K)->667258K(667648K)
[112.084s][info][gc,metaspace   ] GC(153) Metaspace: 18092K(18368K)->18092K(18368K) NonClass: 16644K(16832K)->16644K(16832K) Class: 1448K(1536K)->1448K(1536K)
[112.084s][info][gc             ] GC(153) Pause Full (Allocation Failure) 760M->760M(869M) 1014.382ms
[112.084s][info][gc,cpu         ] GC(153) User=2.00s Sys=0.00s Real=1.01s
[112.085s][info][gc,start       ] GC(154) Pause Full (Allocation Failure)
[112.085s][info][gc,phases,start] GC(154) Marking Phase
[112.658s][info][gc,phases      ] GC(154) Marking Phase 573.143ms
[112.658s][info][gc,phases,start] GC(154) Summary Phase
[112.658s][info][gc,phases      ] GC(154) Summary Phase 0.023ms
[112.658s][info][gc,phases,start] GC(154) Forward
[112.679s][info][gc,phases      ] GC(154) Forward 21.079ms
[112.679s][info][gc,phases,start] GC(154) Adjust Pointers
[112.967s][info][gc,phases      ] GC(154) Adjust Pointers 288.216ms
[112.967s][info][gc,phases,start] GC(154) Compaction Phase
[113.105s][info][gc,phases      ] GC(154) Compaction Phase 137.740ms
[113.105s][info][gc,phases,start] GC(154) Post Compact
[113.107s][info][gc,phases      ] GC(154) Post Compact 2.303ms
[113.107s][info][gc,heap        ] GC(154) PSYoungGen: 111615K(222720K)->111615K(222720K) Eden: 111615K(111616K)->111615K(111616K) From: 0K(111104K)->0K(111104K)
[113.107s][info][gc,heap        ] GC(154) ParOldGen: 667258K(667648K)->667258K(667648K)
[113.107s][info][gc,metaspace   ] GC(154) Metaspace: 18092K(18368K)->18092K(18368K) NonClass: 16644K(16832K)->16644K(16832K) Class: 1448K(1536K)->1448K(1536K)
[113.107s][info][gc             ] GC(154) Pause Full (Allocation Failure) 760M->760M(869M) 1022.854ms
[113.107s][info][gc,cpu         ] GC(154) User=2.01s Sys=0.00s Real=1.02s
[113.108s][info][gc,start       ] GC(155) Pause Full (Allocation Failure)
[113.108s][info][gc,phases,start] GC(155) Marking Phase
[113.671s][info][gc,phases      ] GC(155) Marking Phase 562.940ms
[113.671s][info][gc,phases,start] GC(155) Summary Phase
[113.671s][info][gc,phases      ] GC(155) Summary Phase 0.021ms
[113.671s][info][gc,phases,start] GC(155) Forward
[113.691s][info][gc,phases      ] GC(155) Forward 20.661ms
[113.691s][info][gc,phases,start] GC(155) Adjust Pointers
[113.984s][info][gc,phases      ] GC(155) Adjust Pointers 292.666ms
[113.984s][info][gc,phases,start] GC(155) Compaction Phase
[114.127s][info][gc,phases      ] GC(155) Compaction Phase 142.867ms
[114.127s][info][gc,phases,start] GC(155) Post Compact
[114.129s][info][gc,phases      ] GC(155) Post Compact 2.405ms
[114.129s][info][gc,heap        ] GC(155) PSYoungGen: 111615K(222720K)->111615K(222720K) Eden: 111615K(111616K)->111615K(111616K) From: 0K(111104K)->0K(111104K)
[114.129s][info][gc,heap        ] GC(155) ParOldGen: 667258K(667648K)->667258K(667648K)
[114.129s][info][gc,metaspace   ] GC(155) Metaspace: 18092K(18368K)->18092K(18368K) NonClass: 16644K(16832K)->16644K(16832K) Class: 1448K(1536K)->1448K(1536K)
[114.129s][info][gc             ] GC(155) Pause Full (Allocation Failure) 760M->760M(869M) 1021.889ms
[114.129s][info][gc,cpu         ] GC(155) User=2.01s Sys=0.01s Real=1.03s
[114.130s][info][gc,start       ] GC(156) Pause Full (Allocation Failure)
[114.130s][info][gc,phases,start] GC(156) Marking Phase
[114.685s][info][gc,phases      ] GC(156) Marking Phase 555.895ms
[114.686s][info][gc,phases,start] GC(156) Summary Phase
[114.686s][info][gc,phases      ] GC(156) Summary Phase 0.022ms
[114.686s][info][gc,phases,start] GC(156) Forward
[114.706s][info][gc,phases      ] GC(156) Forward 20.254ms
[114.706s][info][gc,phases,start] GC(156) Adjust Pointers
[114.988s][info][gc,phases      ] GC(156) Adjust Pointers 282.156ms
[114.988s][info][gc,phases,start] GC(156) Compaction Phase
[115.122s][info][gc,phases      ] GC(156) Compaction Phase 134.243ms
[115.122s][info][gc,phases,start] GC(156) Post Compact
[115.125s][info][gc,phases      ] GC(156) Post Compact 2.292ms
[115.125s][info][gc,heap        ] GC(156) PSYoungGen: 111615K(222720K)->111615K(222720K) Eden: 111615K(111616K)->111615K(111616K) From: 0K(111104K)->0K(111104K)
[115.125s][info][gc,heap        ] GC(156) ParOldGen: 667258K(667648K)->667258K(667648K)
[115.125s][info][gc,metaspace   ] GC(156) Metaspace: 18092K(18368K)->18092K(18368K) NonClass: 16644K(16832K)->16644K(16832K) Class: 1448K(1536K)->1448K(1536K)
[115.125s][info][gc             ] GC(156) Pause Full (Allocation Failure) 760M->760M(869M) 995.217ms
[115.125s][info][gc,cpu         ] GC(156) User=1.95s Sys=0.00s Real=0.99s
[115.125s][info][gc,start       ] GC(157) Pause Full (Allocation Failure)
[115.125s][info][gc,phases,start] GC(157) Marking Phase
[115.674s][info][gc,phases      ] GC(157) Marking Phase 549.194ms
[115.674s][info][gc,phases,start] GC(157) Summary Phase
[115.674s][info][gc,phases      ] GC(157) Summary Phase 0.021ms
[115.674s][info][gc,phases,start] GC(157) Forward
[115.694s][info][gc,phases      ] GC(157) Forward 19.638ms
[115.694s][info][gc,phases,start] GC(157) Adjust Pointers
[115.975s][info][gc,phases      ] GC(157) Adjust Pointers 280.744ms
[115.975s][info][gc,phases,start] GC(157) Compaction Phase
[116.105s][info][gc,phases      ] GC(157) Compaction Phase 130.715ms
[116.105s][info][gc,phases,start] GC(157) Post Compact
[116.108s][info][gc,phases      ] GC(157) Post Compact 2.268ms
[116.108s][info][gc,heap        ] GC(157) PSYoungGen: 111615K(222720K)->111615K(222720K) Eden: 111615K(111616K)->111615K(111616K) From: 0K(111104K)->0K(111104K)
[116.108s][info][gc,heap        ] GC(157) ParOldGen: 667259K(667648K)->667259K(667648K)
[116.108s][info][gc,metaspace   ] GC(157) Metaspace: 18092K(18368K)->18092K(18368K) NonClass: 16644K(16832K)->16644K(16832K) Class: 1448K(1536K)->1448K(1536K)
[116.108s][info][gc             ] GC(157) Pause Full (Allocation Failure) 760M->760M(869M) 982.893ms
[116.108s][info][gc,cpu         ] GC(157) User=1.94s Sys=0.00s Real=0.98s
[116.108s][info][gc,start       ] GC(158) Pause Full (Allocation Failure)
[116.108s][info][gc,phases,start] GC(158) Marking Phase
[116.654s][info][gc,phases      ] GC(158) Marking Phase 545.849ms
[116.654s][info][gc,phases,start] GC(158) Summary Phase
[116.654s][info][gc,phases      ] GC(158) Summary Phase 0.022ms
[116.654s][info][gc,phases,start] GC(158) Forward
[116.674s][info][gc,phases      ] GC(158) Forward 20.588ms
[116.674s][info][gc,phases,start] GC(158) Adjust Pointers
[116.952s][info][gc,phases      ] GC(158) Adjust Pointers 277.121ms
[116.952s][info][gc,phases,start] GC(158) Compaction Phase
[117.083s][info][gc,phases      ] GC(158) Compaction Phase 131.637ms
[117.083s][info][gc,phases,start] GC(158) Post Compact
[117.086s][info][gc,phases      ] GC(158) Post Compact 2.238ms
[117.086s][info][gc,heap        ] GC(158) PSYoungGen: 111615K(222720K)->111615K(222720K) Eden: 111615K(111616K)->111615K(111616K) From: 0K(111104K)->0K(111104K)
[117.086s][info][gc,heap        ] GC(158) ParOldGen: 667259K(667648K)->667259K(667648K)
[117.086s][info][gc,metaspace   ] GC(158) Metaspace: 18092K(18368K)->18092K(18368K) NonClass: 16644K(16832K)->16644K(16832K) Class: 1448K(1536K)->1448K(1536K)
[117.086s][info][gc             ] GC(158) Pause Full (Allocation Failure) 760M->760M(869M) 977.764ms
[117.086s][info][gc,cpu         ] GC(158) User=1.93s Sys=0.00s Real=0.98s
[117.086s][info][gc,start       ] GC(159) Pause Full (Allocation Failure)
[117.086s][info][gc,phases,start] GC(159) Marking Phase
[117.643s][info][gc,phases      ] GC(159) Marking Phase 556.710ms
[117.643s][info][gc,phases,start] GC(159) Summary Phase
[117.643s][info][gc,phases      ] GC(159) Summary Phase 0.021ms
[117.643s][info][gc,phases,start] GC(159) Forward
[117.663s][info][gc,phases      ] GC(159) Forward 20.702ms
[117.663s][info][gc,phases,start] GC(159) Adjust Pointers
[117.949s][info][gc,phases      ] GC(159) Adjust Pointers 285.862ms
[117.949s][info][gc,phases,start] GC(159) Compaction Phase
[118.085s][info][gc,phases      ] GC(159) Compaction Phase 135.853ms
[118.085s][info][gc,phases,start] GC(159) Post Compact
[118.088s][info][gc,phases      ] GC(159) Post Compact 2.335ms
[118.088s][info][gc,heap        ] GC(159) PSYoungGen: 111615K(222720K)->111615K(222720K) Eden: 111615K(111616K)->111615K(111616K) From: 0K(111104K)->0K(111104K)
[118.088s][info][gc,heap        ] GC(159) ParOldGen: 667259K(667648K)->667259K(667648K)
[118.088s][info][gc,metaspace   ] GC(159) Metaspace: 18092K(18368K)->18092K(18368K) NonClass: 16644K(16832K)->16644K(16832K) Class: 1448K(1536K)->1448K(1536K)
[118.088s][info][gc             ] GC(159) Pause Full (Allocation Failure) 760M->760M(869M) 1001.857ms
[118.088s][info][gc,cpu         ] GC(159) User=1.97s Sys=0.00s Real=1.00s
[118.088s][info][gc,start       ] GC(160) Pause Full (Allocation Failure)
[118.088s][info][gc,phases,start] GC(160) Marking Phase
[118.649s][info][gc,phases      ] GC(160) Marking Phase 560.699ms
[118.649s][info][gc,phases,start] GC(160) Summary Phase
[118.649s][info][gc,phases      ] GC(160) Summary Phase 0.020ms
[118.649s][info][gc,phases,start] GC(160) Forward
[118.669s][info][gc,phases      ] GC(160) Forward 20.759ms
[118.669s][info][gc,phases,start] GC(160) Adjust Pointers
[118.951s][info][gc,phases      ] GC(160) Adjust Pointers 281.859ms
[118.951s][info][gc,phases,start] GC(160) Compaction Phase
[119.087s][info][gc,phases      ] GC(160) Compaction Phase 135.556ms
[119.087s][info][gc,phases,start] GC(160) Post Compact
[119.089s][info][gc,phases      ] GC(160) Post Compact 2.320ms
[119.089s][info][gc,heap        ] GC(160) PSYoungGen: 111615K(222720K)->111615K(222720K) Eden: 111615K(111616K)->111615K(111616K) From: 0K(111104K)->0K(111104K)
[119.089s][info][gc,heap        ] GC(160) ParOldGen: 667259K(667648K)->667259K(667648K)
[119.089s][info][gc,metaspace   ] GC(160) Metaspace: 18092K(18368K)->18092K(18368K) NonClass: 16644K(16832K)->16644K(16832K) Class: 1448K(1536K)->1448K(1536K)
[119.089s][info][gc             ] GC(160) Pause Full (Allocation Failure) 760M->760M(869M) 1001.550ms
[119.089s][info][gc,cpu         ] GC(160) User=1.98s Sys=0.00s Real=1.01s
[119.090s][info][gc,start       ] GC(161) Pause Full (Allocation Failure)
[119.090s][info][gc,phases,start] GC(161) Marking Phase
[119.650s][info][gc,phases      ] GC(161) Marking Phase 560.692ms
[119.650s][info][gc,phases,start] GC(161) Summary Phase
[119.650s][info][gc,phases      ] GC(161) Summary Phase 0.024ms
[119.650s][info][gc,phases,start] GC(161) Forward
[119.671s][info][gc,phases      ] GC(161) Forward 20.747ms
[119.671s][info][gc,phases,start] GC(161) Adjust Pointers
[119.958s][info][gc,phases      ] GC(161) Adjust Pointers 286.662ms
[119.958s][info][gc,phases,start] GC(161) Compaction Phase
[120.096s][info][gc,phases      ] GC(161) Compaction Phase 137.832ms
[120.096s][info][gc,phases,start] GC(161) Post Compact
[120.098s][info][gc,phases      ] GC(161) Post Compact 2.291ms
[120.098s][info][gc,heap        ] GC(161) PSYoungGen: 111615K(222720K)->111615K(222720K) Eden: 111615K(111616K)->111615K(111616K) From: 0K(111104K)->0K(111104K)
[120.098s][info][gc,heap        ] GC(161) ParOldGen: 667259K(667648K)->667259K(667648K)
[120.098s][info][gc,metaspace   ] GC(161) Metaspace: 18092K(18368K)->18092K(18368K) NonClass: 16644K(16832K)->16644K(16832K) Class: 1448K(1536K)->1448K(1536K)
[120.098s][info][gc             ] GC(161) Pause Full (Allocation Failure) 760M->760M(869M) 1008.601ms
[120.098s][info][gc,cpu         ] GC(161) User=1.98s Sys=0.00s Real=1.00s
[120.098s][info][gc,start       ] GC(162) Pause Full (Allocation Failure)
[120.098s][info][gc,phases,start] GC(162) Marking Phase
[120.655s][info][gc,phases      ] GC(162) Marking Phase 557.072ms
[120.655s][info][gc,phases,start] GC(162) Summary Phase
[120.655s][info][gc,phases      ] GC(162) Summary Phase 0.023ms
[120.655s][info][gc,phases,start] GC(162) Forward
[120.676s][info][gc,phases      ] GC(162) Forward 20.368ms
[120.676s][info][gc,phases,start] GC(162) Adjust Pointers
[120.954s][info][gc,phases      ] GC(162) Adjust Pointers 277.648ms
[120.954s][info][gc,phases,start] GC(162) Compaction Phase
[121.084s][info][gc,phases      ] GC(162) Compaction Phase 130.685ms
[121.084s][info][gc,phases,start] GC(162) Post Compact
[121.087s][info][gc,phases      ] GC(162) Post Compact 2.244ms
[121.087s][info][gc,heap        ] GC(162) PSYoungGen: 111615K(222720K)->111615K(222720K) Eden: 111615K(111616K)->111615K(111616K) From: 0K(111104K)->0K(111104K)
[121.087s][info][gc,heap        ] GC(162) ParOldGen: 667259K(667648K)->667259K(667648K)
[121.087s][info][gc,metaspace   ] GC(162) Metaspace: 18092K(18368K)->18092K(18368K) NonClass: 16644K(16832K)->16644K(16832K) Class: 1448K(1536K)->1448K(1536K)
[121.087s][info][gc             ] GC(162) Pause Full (Allocation Failure) 760M->760M(869M) 988.382ms
[121.087s][info][gc,cpu         ] GC(162) User=1.96s Sys=0.00s Real=0.99s
[121.087s][info][gc,start       ] GC(163) Pause Full (Allocation Failure)
[121.087s][info][gc,phases,start] GC(163) Marking Phase
[121.648s][info][gc,phases      ] GC(163) Marking Phase 561.139ms
[121.648s][info][gc,phases,start] GC(163) Summary Phase
[121.648s][info][gc,phases      ] GC(163) Summary Phase 0.023ms
[121.648s][info][gc,phases,start] GC(163) Forward
[121.671s][info][gc,phases      ] GC(163) Forward 23.301ms
[121.671s][info][gc,phases,start] GC(163) Adjust Pointers
[121.962s][info][gc,phases      ] GC(163) Adjust Pointers 290.828ms
[121.962s][info][gc,phases,start] GC(163) Compaction Phase
[122.100s][info][gc,phases      ] GC(163) Compaction Phase 137.367ms
[122.100s][info][gc,phases,start] GC(163) Post Compact
[122.102s][info][gc,phases      ] GC(163) Post Compact 2.296ms
[122.102s][info][gc,heap        ] GC(163) PSYoungGen: 111615K(222720K)->111615K(222720K) Eden: 111615K(111616K)->111615K(111616K) From: 0K(111104K)->0K(111104K)
[122.102s][info][gc,heap        ] GC(163) ParOldGen: 667259K(667648K)->667259K(667648K)
[122.102s][info][gc,metaspace   ] GC(163) Metaspace: 18092K(18368K)->18092K(18368K) NonClass: 16644K(16832K)->16644K(16832K) Class: 1448K(1536K)->1448K(1536K)
[122.102s][info][gc             ] GC(163) Pause Full (Allocation Failure) 760M->760M(869M) 1015.299ms
[122.102s][info][gc,cpu         ] GC(163) User=2.00s Sys=0.00s Real=1.02s
[122.102s][info][gc,start       ] GC(164) Pause Full (Allocation Failure)
[122.102s][info][gc,phases,start] GC(164) Marking Phase
[122.684s][info][gc,phases      ] GC(164) Marking Phase 582.020ms
[122.684s][info][gc,phases,start] GC(164) Summary Phase
[122.684s][info][gc,phases      ] GC(164) Summary Phase 0.024ms
[122.684s][info][gc,phases,start] GC(164) Forward
[122.706s][info][gc,phases      ] GC(164) Forward 21.269ms
[122.706s][info][gc,phases,start] GC(164) Adjust Pointers
[122.996s][info][gc,phases      ] GC(164) Adjust Pointers 289.859ms
[122.996s][info][gc,phases,start] GC(164) Compaction Phase
[123.134s][info][gc,phases      ] GC(164) Compaction Phase 138.294ms
[123.134s][info][gc,phases,start] GC(164) Post Compact
[123.136s][info][gc,phases      ] GC(164) Post Compact 2.328ms
[123.136s][info][gc,heap        ] GC(164) PSYoungGen: 111615K(222720K)->111615K(222720K) Eden: 111615K(111616K)->111615K(111616K) From: 0K(111104K)->0K(111104K)
[123.136s][info][gc,heap        ] GC(164) ParOldGen: 667259K(667648K)->667259K(667648K)
[123.136s][info][gc,metaspace   ] GC(164) Metaspace: 18092K(18368K)->18092K(18368K) NonClass: 16644K(16832K)->16644K(16832K) Class: 1448K(1536K)->1448K(1536K)
[123.136s][info][gc             ] GC(164) Pause Full (Allocation Failure) 760M->760M(869M) 1034.165ms
[123.136s][info][gc,cpu         ] GC(164) User=2.04s Sys=0.00s Real=1.03s
[123.137s][info][gc,start       ] GC(165) Pause Full (Allocation Failure)
[123.137s][info][gc,phases,start] GC(165) Marking Phase
[123.710s][info][gc,phases      ] GC(165) Marking Phase 572.906ms
[123.710s][info][gc,phases,start] GC(165) Summary Phase
[123.710s][info][gc,phases      ] GC(165) Summary Phase 0.025ms
[123.710s][info][gc,phases,start] GC(165) Forward
[123.731s][info][gc,phases      ] GC(165) Forward 21.370ms
[123.731s][info][gc,phases,start] GC(165) Adjust Pointers
[124.022s][info][gc,phases      ] GC(165) Adjust Pointers 291.148ms
[124.022s][info][gc,phases,start] GC(165) Compaction Phase
[124.160s][info][gc,phases      ] GC(165) Compaction Phase 137.990ms
[124.160s][info][gc,phases,start] GC(165) Post Compact
[124.163s][info][gc,phases      ] GC(165) Post Compact 2.320ms
[124.163s][info][gc,heap        ] GC(165) PSYoungGen: 111615K(222720K)->111615K(222720K) Eden: 111615K(111616K)->111615K(111616K) From: 0K(111104K)->0K(111104K)
[124.163s][info][gc,heap        ] GC(165) ParOldGen: 667259K(667648K)->667259K(667648K)
[124.163s][info][gc,metaspace   ] GC(165) Metaspace: 18092K(18368K)->18092K(18368K) NonClass: 16644K(16832K)->16644K(16832K) Class: 1448K(1536K)->1448K(1536K)
[124.163s][info][gc             ] GC(165) Pause Full (Allocation Failure) 760M->760M(869M) 1026.153ms
[124.163s][info][gc,cpu         ] GC(165) User=2.02s Sys=0.00s Real=1.03s
[124.163s][info][gc,start       ] GC(166) Pause Full (Allocation Failure)
[124.163s][info][gc,phases,start] GC(166) Marking Phase
[124.732s][info][gc,phases      ] GC(166) Marking Phase 569.463ms
[124.732s][info][gc,phases,start] GC(166) Summary Phase
[124.732s][info][gc,phases      ] GC(166) Summary Phase 0.022ms
[124.732s][info][gc,phases,start] GC(166) Forward
[124.754s][info][gc,phases      ] GC(166) Forward 21.022ms
[124.754s][info][gc,phases,start] GC(166) Adjust Pointers
[125.041s][info][gc,phases      ] GC(166) Adjust Pointers 287.639ms
[125.041s][info][gc,phases,start] GC(166) Compaction Phase
[125.179s][info][gc,phases      ] GC(166) Compaction Phase 137.832ms
[125.179s][info][gc,phases,start] GC(166) Post Compact
[125.181s][info][gc,phases      ] GC(166) Post Compact 2.290ms
[125.181s][info][gc,heap        ] GC(166) PSYoungGen: 111615K(222720K)->111615K(222720K) Eden: 111615K(111616K)->111615K(111616K) From: 0K(111104K)->0K(111104K)
[125.181s][info][gc,heap        ] GC(166) ParOldGen: 667259K(667648K)->667259K(667648K)
[125.181s][info][gc,metaspace   ] GC(166) Metaspace: 18092K(18368K)->18092K(18368K) NonClass: 16644K(16832K)->16644K(16832K) Class: 1448K(1536K)->1448K(1536K)
[125.182s][info][gc             ] GC(166) Pause Full (Allocation Failure) 760M->760M(869M) 1018.570ms
[125.182s][info][gc,cpu         ] GC(166) User=2.01s Sys=0.01s Real=1.02s
[125.182s][info][gc,start       ] GC(167) Pause Full (Allocation Failure)
[125.182s][info][gc,phases,start] GC(167) Marking Phase
[125.749s][info][gc,phases      ] GC(167) Marking Phase 567.505ms
[125.749s][info][gc,phases,start] GC(167) Summary Phase
[125.749s][info][gc,phases      ] GC(167) Summary Phase 0.022ms
[125.749s][info][gc,phases,start] GC(167) Forward
[125.770s][info][gc,phases      ] GC(167) Forward 20.928ms
[125.770s][info][gc,phases,start] GC(167) Adjust Pointers
[126.062s][info][gc,phases      ] GC(167) Adjust Pointers 291.415ms
[126.062s][info][gc,phases,start] GC(167) Compaction Phase
[126.201s][info][gc,phases      ] GC(167) Compaction Phase 139.749ms
[126.202s][info][gc,phases,start] GC(167) Post Compact
[126.204s][info][gc,phases      ] GC(167) Post Compact 2.303ms
[126.204s][info][gc,heap        ] GC(167) PSYoungGen: 111615K(222720K)->111615K(222720K) Eden: 111615K(111616K)->111615K(111616K) From: 0K(111104K)->0K(111104K)
[126.204s][info][gc,heap        ] GC(167) ParOldGen: 667259K(667648K)->667259K(667648K)
[126.204s][info][gc,metaspace   ] GC(167) Metaspace: 18092K(18368K)->18092K(18368K) NonClass: 16644K(16832K)->16644K(16832K) Class: 1448K(1536K)->1448K(1536K)
[126.204s][info][gc             ] GC(167) Pause Full (Allocation Failure) 760M->760M(869M) 1022.274ms
[126.204s][info][gc,cpu         ] GC(167) User=2.01s Sys=0.00s Real=1.02s
[126.204s][info][gc,start       ] GC(168) Pause Full (Allocation Failure)
[126.204s][info][gc,phases,start] GC(168) Marking Phase
[126.780s][info][gc,phases      ] GC(168) Marking Phase 576.087ms
[126.780s][info][gc,phases,start] GC(168) Summary Phase
[126.780s][info][gc,phases      ] GC(168) Summary Phase 0.033ms
[126.780s][info][gc,phases,start] GC(168) Forward
[126.801s][info][gc,phases      ] GC(168) Forward 21.259ms
[126.801s][info][gc,phases,start] GC(168) Adjust Pointers
[127.090s][info][gc,phases      ] GC(168) Adjust Pointers 288.935ms
[127.091s][info][gc,phases,start] GC(168) Compaction Phase
[127.230s][info][gc,phases      ] GC(168) Compaction Phase 139.147ms
[127.230s][info][gc,phases,start] GC(168) Post Compact
[127.232s][info][gc,phases      ] GC(168) Post Compact 2.332ms
[127.232s][info][gc,heap        ] GC(168) PSYoungGen: 111615K(222720K)->111615K(222720K) Eden: 111615K(111616K)->111615K(111616K) From: 0K(111104K)->0K(111104K)
[127.232s][info][gc,heap        ] GC(168) ParOldGen: 667259K(667648K)->667259K(667648K)
[127.232s][info][gc,metaspace   ] GC(168) Metaspace: 18092K(18368K)->18092K(18368K) NonClass: 16644K(16832K)->16644K(16832K) Class: 1448K(1536K)->1448K(1536K)
[127.232s][info][gc             ] GC(168) Pause Full (Allocation Failure) 760M->760M(869M) 1028.188ms
[127.232s][info][gc,cpu         ] GC(168) User=2.02s Sys=0.00s Real=1.03s
[127.232s][info][gc,start       ] GC(169) Pause Full (Allocation Failure)
[127.232s][info][gc,phases,start] GC(169) Marking Phase
[127.810s][info][gc,phases      ] GC(169) Marking Phase 577.231ms
[127.810s][info][gc,phases,start] GC(169) Summary Phase
[127.810s][info][gc,phases      ] GC(169) Summary Phase 0.023ms
[127.810s][info][gc,phases,start] GC(169) Forward
[127.831s][info][gc,phases      ] GC(169) Forward 21.011ms
[127.831s][info][gc,phases,start] GC(169) Adjust Pointers
[128.120s][info][gc,phases      ] GC(169) Adjust Pointers 289.060ms
[128.120s][info][gc,phases,start] GC(169) Compaction Phase
[128.258s][info][gc,phases      ] GC(169) Compaction Phase 138.593ms
[128.258s][info][gc,phases,start] GC(169) Post Compact
[128.261s][info][gc,phases      ] GC(169) Post Compact 2.288ms
[128.261s][info][gc,heap        ] GC(169) PSYoungGen: 111615K(222720K)->111615K(222720K) Eden: 111615K(111616K)->111615K(111616K) From: 0K(111104K)->0K(111104K)
[128.261s][info][gc,heap        ] GC(169) ParOldGen: 667259K(667648K)->667259K(667648K)
[128.261s][info][gc,metaspace   ] GC(169) Metaspace: 18092K(18368K)->18092K(18368K) NonClass: 16644K(16832K)->16644K(16832K) Class: 1448K(1536K)->1448K(1536K)
[128.261s][info][gc             ] GC(169) Pause Full (Allocation Failure) 760M->760M(869M) 1028.530ms
[128.261s][info][gc,cpu         ] GC(169) User=2.03s Sys=0.00s Real=1.03s
[128.261s][info][gc,start       ] GC(170) Pause Full (Allocation Failure)
[128.261s][info][gc,phases,start] GC(170) Marking Phase
[128.812s][info][gc,phases      ] GC(170) Marking Phase 551.199ms
[128.812s][info][gc,phases,start] GC(170) Summary Phase
[128.812s][info][gc,phases      ] GC(170) Summary Phase 0.022ms
[128.812s][info][gc,phases,start] GC(170) Forward
[128.832s][info][gc,phases      ] GC(170) Forward 19.877ms
[128.832s][info][gc,phases,start] GC(170) Adjust Pointers
[129.111s][info][gc,phases      ] GC(170) Adjust Pointers 279.259ms
[129.111s][info][gc,phases,start] GC(170) Compaction Phase
[129.243s][info][gc,phases      ] GC(170) Compaction Phase 131.876ms
[129.243s][info][gc,phases,start] GC(170) Post Compact
[129.246s][info][gc,phases      ] GC(170) Post Compact 2.274ms
[129.246s][info][gc,heap        ] GC(170) PSYoungGen: 111615K(222720K)->111615K(222720K) Eden: 111615K(111616K)->111615K(111616K) From: 0K(111104K)->0K(111104K)
[129.246s][info][gc,heap        ] GC(170) ParOldGen: 667259K(667648K)->667259K(667648K)
[129.246s][info][gc,metaspace   ] GC(170) Metaspace: 18092K(18368K)->18092K(18368K) NonClass: 16644K(16832K)->16644K(16832K) Class: 1448K(1536K)->1448K(1536K)
[129.246s][info][gc             ] GC(170) Pause Full (Allocation Failure) 760M->760M(869M) 984.838ms
[129.246s][info][gc,cpu         ] GC(170) User=1.94s Sys=0.00s Real=0.98s
[129.246s][info][gc,start       ] GC(171) Pause Full (Allocation Failure)
[129.246s][info][gc,phases,start] GC(171) Marking Phase
[129.793s][info][gc,phases      ] GC(171) Marking Phase 546.739ms
[129.793s][info][gc,phases,start] GC(171) Summary Phase
[129.793s][info][gc,phases      ] GC(171) Summary Phase 0.023ms
[129.793s][info][gc,phases,start] GC(171) Forward
[129.874s][info][gc,phases      ] GC(171) Forward 81.184ms
[129.874s][info][gc,phases,start] GC(171) Adjust Pointers
[130.172s][info][gc,phases      ] GC(171) Adjust Pointers 297.791ms
[130.172s][info][gc,phases,start] GC(171) Compaction Phase
[130.398s][info][gc,phases      ] GC(171) Compaction Phase 226.038ms
[130.398s][info][gc,phases,start] GC(171) Post Compact
[130.400s][info][gc,phases      ] GC(171) Post Compact 2.288ms
[130.400s][info][gc,heap        ] GC(171) PSYoungGen: 111615K(222720K)->111103K(222720K) Eden: 111615K(111616K)->111103K(111616K) From: 0K(111104K)->0K(111104K)
[130.400s][info][gc,heap        ] GC(171) ParOldGen: 667259K(667648K)->667359K(667648K)
[130.400s][info][gc,metaspace   ] GC(171) Metaspace: 18092K(18368K)->18092K(18368K) NonClass: 16644K(16832K)->16644K(16832K) Class: 1448K(1536K)->1448K(1536K)
[130.400s][info][gc             ] GC(171) Pause Full (Allocation Failure) 760M->760M(869M) 1154.482ms
[130.400s][info][gc,cpu         ] GC(171) User=2.27s Sys=0.01s Real=1.16s
[130.403s][info][gc,start       ] GC(172) Pause Full (Allocation Failure)
[130.403s][info][gc,phases,start] GC(172) Marking Phase
[130.631s][info][gc,phases      ] GC(172) Marking Phase 227.733ms
[130.631s][info][gc,phases,start] GC(172) Summary Phase
[130.631s][info][gc,phases      ] GC(172) Summary Phase 0.023ms
[130.631s][info][gc,phases,start] GC(172) Forward
[130.631s][info][gc,phases      ] GC(172) Forward 0.632ms
[130.631s][info][gc,phases,start] GC(172) Adjust Pointers
[130.747s][info][gc,phases      ] GC(172) Adjust Pointers 115.149ms
[130.747s][info][gc,phases,start] GC(172) Compaction Phase
[130.806s][info][gc,phases      ] GC(172) Compaction Phase 59.824ms
[130.807s][info][gc,phases,start] GC(172) Post Compact
[130.809s][info][metaspace      ] ChkMgr @0x00007f17b803aab0 (non-class-space): : reclaiming memory...
[130.809s][info][metaspace      ] ChkMgr @0x00007f17b803aab0 (non-class-space): nothing reclaimed.
[130.809s][info][metaspace      ] ChkMgr @0x00007f17b803a8c0 (class-space): : reclaiming memory...
[130.809s][info][metaspace      ] ChkMgr @0x00007f17b803a8c0 (class-space): nothing reclaimed.
[130.809s][info][gc,phases      ] GC(172) Post Compact 2.181ms
[130.815s][info][gc,heap        ] GC(172) PSYoungGen: 111616K(222720K)->0K(222720K) Eden: 111616K(111616K)->0K(111616K) From: 0K(111104K)->0K(111104K)
[130.815s][info][gc,heap        ] GC(172) ParOldGen: 667359K(667648K)->380938K(594944K)
[130.815s][info][gc,metaspace   ] GC(172) Metaspace: 18110K(18368K)->18107K(18368K) NonClass: 16659K(16832K)->16655K(16832K) Class: 1451K(1536K)->1451K(1536K)
[130.815s][info][gc             ] GC(172) Pause Full (Allocation Failure) 760M->372M(798M) 412.016ms
[130.815s][info][gc,cpu         ] GC(172) User=0.78s Sys=0.00s Real=0.41s
[130.818s][info][gc,heap,exit   ] Heap
[130.818s][info][gc,heap,exit   ]  PSYoungGen      total 222720K, used 2673K [0x00000000eba00000, 0x0000000100000000, 0x0000000100000000)
[130.818s][info][gc,heap,exit   ]   eden space 111616K, 2% used [0x00000000eba00000,0x00000000ebc9c758,0x00000000f2700000)
[130.818s][info][gc,heap,exit   ]   from space 111104K, 0% used [0x00000000f2700000,0x00000000f2700000,0x00000000f9380000)
[130.818s][info][gc,heap,exit   ]   to   space 111104K, 0% used [0x00000000f9380000,0x00000000f9380000,0x0000000100000000)
[130.818s][info][gc,heap,exit   ]  ParOldGen       total 594944K, used 380938K [0x00000000c2e00000, 0x00000000e7300000, 0x00000000eba00000)
[130.818s][info][gc,heap,exit   ]   object space 594944K, 64% used [0x00000000c2e00000,0x00000000da202b50,0x00000000e7300000)
[130.818s][info][gc,heap,exit   ]  Metaspace       used 18110K, committed 18368K, reserved 1114112K
[130.818s][info][gc,heap,exit   ]   class space    used 1451K, committed 1536K, reserved 1048576K
