[13112.980s][info][gc,cpu         ] GC(31668) User=0.00s Sys=0.00s Real=0.00s
[13113.388s][info][gc,start       ] GC(31669) Pause Young (Allocation Failure)
[13113.391s][info][gc,heap        ] GC(31669) PSYoungGen: 82752K(84480K)->1024K(84480K) Eden: 81920K(81920K)->0K(81920K) From: 832K(2560K)->1024K(2560K)
[13113.391s][info][gc,heap        ] GC(31669) ParOldGen: 547420K(548352K)->547492K(548352K)
[13113.391s][info][gc,metaspace   ] GC(31669) Metaspace: 62165K(62464K)->62165K(62464K) NonClass: 56633K(56832K)->56633K(56832K) Class: 5532K(5632K)->5532K(5632K)
[13113.391s][info][gc             ] GC(31669) Pause Young (Allocation Failure) 615M->535M(618M) 3.184ms
[13113.391s][info][gc,cpu         ] GC(31669) User=0.01s Sys=0.00s Real=0.00s
[13113.795s][info][gc,start       ] GC(31670) Pause Young (Allocation Failure)
[13113.798s][info][gc,heap        ] GC(31670) PSYoungGen: 82944K(84480K)->1152K(84480K) Eden: 81920K(81920K)->0K(81920K) From: 1024K(2560K)->1152K(2560K)
[13113.798s][info][gc,heap        ] GC(31670) ParOldGen: 547492K(548352K)->547564K(548352K)
[13113.798s][info][gc,metaspace   ] GC(31670) Metaspace: 62165K(62464K)->62165K(62464K) NonClass: 56633K(56832K)->56633K(56832K) Class: 5532K(5632K)->5532K(5632K)
[13113.799s][info][gc             ] GC(31670) Pause Young (Allocation Failure) 615M->535M(618M) 3.087ms
[13113.799s][info][gc,cpu         ] GC(31670) User=0.01s Sys=0.00s Real=0.00s
[13114.208s][info][gc,start       ] GC(31671) Pause Young (Allocation Failure)
[13114.211s][info][gc,heap        ] GC(31671) PSYoungGen: 83072K(84480K)->1280K(84480K) Eden: 81920K(81920K)->0K(81920K) From: 1152K(2560K)->1280K(2560K)
[13114.211s][info][gc,heap        ] GC(31671) ParOldGen: 547564K(548352K)->547628K(548352K)
[13114.211s][info][gc,metaspace   ] GC(31671) Metaspace: 62165K(62464K)->62165K(62464K) NonClass: 56633K(56832K)->56633K(56832K) Class: 5532K(5632K)->5532K(5632K)
[13114.211s][info][gc             ] GC(31671) Pause Young (Allocation Failure) 615M->536M(618M) 3.362ms
[13114.211s][info][gc,cpu         ] GC(31671) User=0.01s Sys=0.00s Real=0.01s
[13114.670s][info][gc,start       ] GC(31672) Pause Young (Allocation Failure)
[13114.673s][info][gc,heap        ] GC(31672) PSYoungGen: 83200K(84480K)->640K(84992K) Eden: 81920K(81920K)->0K(82944K) From: 1280K(2560K)->640K(2048K)
[13114.673s][info][gc,heap        ] GC(31672) ParOldGen: 547628K(548352K)->547700K(548352K)
[13114.673s][info][gc,metaspace   ] GC(31672) Metaspace: 62165K(62464K)->62165K(62464K) NonClass: 56633K(56832K)->56633K(56832K) Class: 5532K(5632K)->5532K(5632K)
[13114.673s][info][gc             ] GC(31672) Pause Young (Allocation Failure) 616M->535M(618M) 2.662ms
[13114.673s][info][gc,cpu         ] GC(31672) User=0.00s Sys=0.00s Real=0.01s
[13115.099s][info][gc,start       ] GC(31673) Pause Young (Allocation Failure)
[13115.102s][info][gc,heap        ] GC(31673) PSYoungGen: 83584K(84992K)->1152K(84992K) Eden: 82944K(82944K)->0K(82944K) From: 640K(2048K)->1152K(2048K)
[13115.102s][info][gc,heap        ] GC(31673) ParOldGen: 547700K(548352K)->547764K(548352K)
[13115.102s][info][gc,metaspace   ] GC(31673) Metaspace: 62165K(62464K)->62165K(62464K) NonClass: 56633K(56832K)->56633K(56832K) Class: 5532K(5632K)->5532K(5632K)
[13115.102s][info][gc             ] GC(31673) Pause Young (Allocation Failure) 616M->536M(618M) 3.311ms
[13115.102s][info][gc,cpu         ] GC(31673) User=0.01s Sys=0.00s Real=0.01s
[13115.539s][info][gc,start       ] GC(31674) Pause Young (Allocation Failure)
[13115.543s][info][gc,heap        ] GC(31674) PSYoungGen: 84096K(84992K)->2048K(83968K) Eden: 82944K(82944K)->0K(81920K) From: 1152K(2048K)->2048K(2048K)
[13115.543s][info][gc,heap        ] GC(31674) ParOldGen: 547764K(548352K)->547836K(548352K)
[13115.543s][info][gc,metaspace   ] GC(31674) Metaspace: 62165K(62464K)->62165K(62464K) NonClass: 56633K(56832K)->56633K(56832K) Class: 5532K(5632K)->5532K(5632K)
[13115.543s][info][gc             ] GC(31674) Pause Young (Allocation Failure) 617M->536M(617M) 3.839ms
[13115.543s][info][gc,cpu         ] GC(31674) User=0.01s Sys=0.00s Real=0.01s
[13115.921s][info][gc,start       ] GC(31675) Pause Young (Allocation Failure)
[13115.924s][info][gc,heap        ] GC(31675) PSYoungGen: 83968K(83968K)->1600K(84480K) Eden: 81920K(81920K)->0K(81920K) From: 2048K(2048K)->1600K(2560K)
[13115.924s][info][gc,heap        ] GC(31675) ParOldGen: 547836K(548352K)->547908K(548352K)
[13115.924s][info][gc,metaspace   ] GC(31675) Metaspace: 62165K(62464K)->62165K(62464K) NonClass: 56633K(56832K)->56633K(56832K) Class: 5532K(5632K)->5532K(5632K)
[13115.924s][info][gc             ] GC(31675) Pause Young (Allocation Failure) 616M->536M(618M) 3.427ms
[13115.924s][info][gc,cpu         ] GC(31675) User=0.01s Sys=0.00s Real=0.01s
[13116.372s][info][gc,start       ] GC(31676) Pause Young (Allocation Failure)
[13116.375s][info][gc,heap        ] GC(31676) PSYoungGen: 83520K(84480K)->832K(84480K) Eden: 81920K(81920K)->0K(81920K) From: 1600K(2560K)->832K(2560K)
[13116.375s][info][gc,heap        ] GC(31676) ParOldGen: 547908K(548352K)->547980K(548352K)
[13116.375s][info][gc,metaspace   ] GC(31676) Metaspace: 62165K(62464K)->62165K(62464K) NonClass: 56633K(56832K)->56633K(56832K) Class: 5532K(5632K)->5532K(5632K)
[13116.375s][info][gc             ] GC(31676) Pause Young (Allocation Failure) 616M->535M(618M) 2.911ms
[13116.375s][info][gc,cpu         ] GC(31676) User=0.01s Sys=0.00s Real=0.00s
[13116.784s][info][gc,start       ] GC(31677) Pause Young (Allocation Failure)
[13116.787s][info][gc,heap        ] GC(31677) PSYoungGen: 82752K(84480K)->1024K(84480K) Eden: 81920K(81920K)->0K(81920K) From: 832K(2560K)->1024K(2560K)
[13116.787s][info][gc,heap        ] GC(31677) ParOldGen: 547980K(548352K)->548100K(548352K)
[13116.787s][info][gc,metaspace   ] GC(31677) Metaspace: 62165K(62464K)->62165K(62464K) NonClass: 56633K(56832K)->56633K(56832K) Class: 5532K(5632K)->5532K(5632K)
[13116.787s][info][gc             ] GC(31677) Pause Young (Allocation Failure) 615M->536M(618M) 3.213ms
[13116.787s][info][gc,cpu         ] GC(31677) User=0.01s Sys=0.00s Real=0.00s
[13117.211s][info][gc,start       ] GC(31678) Pause Young (Allocation Failure)
[13117.214s][info][gc,heap        ] GC(31678) PSYoungGen: 82944K(84480K)->1344K(84480K) Eden: 81920K(81920K)->0K(81920K) From: 1024K(2560K)->1344K(2560K)
[13117.214s][info][gc,heap        ] GC(31678) ParOldGen: 548100K(548352K)->548172K(548352K)
[13117.214s][info][gc,metaspace   ] GC(31678) Metaspace: 62165K(62464K)->62165K(62464K) NonClass: 56633K(56832K)->56633K(56832K) Class: 5532K(5632K)->5532K(5632K)
[13117.214s][info][gc             ] GC(31678) Pause Young (Allocation Failure) 616M->536M(618M) 3.301ms
[13117.214s][info][gc,cpu         ] GC(31678) User=0.00s Sys=0.00s Real=0.00s
[13117.603s][info][gc,start       ] GC(31679) Pause Young (Allocation Failure)
[13117.606s][info][gc,heap        ] GC(31679) PSYoungGen: 83264K(84480K)->1248K(84480K) Eden: 81920K(81920K)->0K(81920K) From: 1344K(2560K)->1248K(2560K)
[13117.606s][info][gc,heap        ] GC(31679) ParOldGen: 548172K(548352K)->548244K(548352K)
[13117.606s][info][gc,metaspace   ] GC(31679) Metaspace: 62165K(62464K)->62165K(62464K) NonClass: 56633K(56832K)->56633K(56832K) Class: 5532K(5632K)->5532K(5632K)
[13117.606s][info][gc             ] GC(31679) Pause Young (Allocation Failure) 616M->536M(618M) 3.171ms
[13117.606s][info][gc,cpu         ] GC(31679) User=0.01s Sys=0.00s Real=0.00s
[13117.975s][info][gc,start       ] GC(31680) Pause Young (Allocation Failure)
[13117.978s][info][gc,heap        ] GC(31680) PSYoungGen: 83168K(84480K)->704K(84480K) Eden: 81920K(81920K)->0K(81920K) From: 1248K(2560K)->704K(2560K)
[13117.978s][info][gc,heap        ] GC(31680) ParOldGen: 548244K(548352K)->548316K(548352K)
[13117.978s][info][gc,metaspace   ] GC(31680) Metaspace: 62165K(62464K)->62165K(62464K) NonClass: 56633K(56832K)->56633K(56832K) Class: 5532K(5632K)->5532K(5632K)
[13117.978s][info][gc             ] GC(31680) Pause Young (Allocation Failure) 616M->536M(618M) 2.895ms
[13117.978s][info][gc,cpu         ] GC(31680) User=0.00s Sys=0.00s Real=0.00s
[13118.399s][info][gc,start       ] GC(31681) Pause Young (Allocation Failure)
[13118.402s][info][gc,heap        ] GC(31681) PSYoungGen: 82624K(84480K)->1248K(84480K) Eden: 81920K(81920K)->0K(81920K) From: 704K(2560K)->1248K(2560K)
[13118.402s][info][gc,heap        ] GC(31681) ParOldGen: 548316K(548352K)->548380K(548864K)
[13118.402s][info][gc,metaspace   ] GC(31681) Metaspace: 62165K(62464K)->62165K(62464K) NonClass: 56633K(56832K)->56633K(56832K) Class: 5532K(5632K)->5532K(5632K)
[13118.402s][info][gc             ] GC(31681) Pause Young (Allocation Failure) 616M->536M(618M) 3.175ms
[13118.402s][info][gc,cpu         ] GC(31681) User=0.01s Sys=0.00s Real=0.01s
[13118.792s][info][gc,start       ] GC(31682) Pause Young (Allocation Failure)
[13118.795s][info][gc,heap        ] GC(31682) PSYoungGen: 83168K(84480K)->1088K(84992K) Eden: 81920K(81920K)->0K(82944K) From: 1248K(2560K)->1088K(2048K)
[13118.795s][info][gc,heap        ] GC(31682) ParOldGen: 548380K(548864K)->548452K(548864K)
[13118.795s][info][gc,metaspace   ] GC(31682) Metaspace: 62165K(62464K)->62165K(62464K) NonClass: 56633K(56832K)->56633K(56832K) Class: 5532K(5632K)->5532K(5632K)
[13118.795s][info][gc             ] GC(31682) Pause Young (Allocation Failure) 616M->536M(619M) 3.060ms
[13118.795s][info][gc,cpu         ] GC(31682) User=0.00s Sys=0.00s Real=0.00s
[13119.243s][info][gc,start       ] GC(31683) Pause Young (Allocation Failure)
[13119.246s][info][gc,heap        ] GC(31683) PSYoungGen: 84032K(84992K)->1312K(84992K) Eden: 82944K(82944K)->0K(82944K) From: 1088K(2048K)->1312K(2048K)
[13119.246s][info][gc,heap        ] GC(31683) ParOldGen: 548452K(548864K)->549548K(550400K)
[13119.246s][info][gc,metaspace   ] GC(31683) Metaspace: 62165K(62464K)->62165K(62464K) NonClass: 56633K(56832K)->56633K(56832K) Class: 5532K(5632K)->5532K(5632K)
[13119.246s][info][gc             ] GC(31683) Pause Young (Allocation Failure) 617M->537M(620M) 3.192ms
[13119.246s][info][gc,cpu         ] GC(31683) User=0.01s Sys=0.00s Real=0.00s
[13119.636s][info][gc,start       ] GC(31684) Pause Young (Allocation Failure)
[13119.641s][info][gc,heap        ] GC(31684) PSYoungGen: 84256K(84992K)->1856K(83968K) Eden: 82944K(82944K)->0K(81920K) From: 1312K(2048K)->1856K(2048K)
[13119.641s][info][gc,heap        ] GC(31684) ParOldGen: 549548K(550400K)->551668K(551936K)
[13119.641s][info][gc,metaspace   ] GC(31684) Metaspace: 62165K(62464K)->62165K(62464K) NonClass: 56633K(56832K)->56633K(56832K) Class: 5532K(5632K)->5532K(5632K)
[13119.641s][info][gc             ] GC(31684) Pause Young (Allocation Failure) 618M->540M(621M) 4.811ms
[13119.641s][info][gc,cpu         ] GC(31684) User=0.01s Sys=0.00s Real=0.01s
[13120.039s][info][gc,start       ] GC(31685) Pause Young (Allocation Failure)
[13120.042s][info][gc,heap        ] GC(31685) PSYoungGen: 83776K(83968K)->1952K(84480K) Eden: 81920K(81920K)->0K(81920K) From: 1856K(2048K)->1952K(2560K)
[13120.043s][info][gc,heap        ] GC(31685) ParOldGen: 551668K(551936K)->551740K(551936K)
[13120.043s][info][gc,metaspace   ] GC(31685) Metaspace: 62165K(62464K)->62165K(62464K) NonClass: 56633K(56832K)->56633K(56832K) Class: 5532K(5632K)->5532K(5632K)
[13120.043s][info][gc             ] GC(31685) Pause Young (Allocation Failure) 620M->540M(621M) 3.712ms
[13120.043s][info][gc,cpu         ] GC(31685) User=0.00s Sys=0.00s Real=0.01s
[13120.439s][info][gc,start       ] GC(31686) Pause Young (Allocation Failure)
[13120.442s][info][gc,heap        ] GC(31686) PSYoungGen: 83872K(84480K)->1856K(84480K) Eden: 81920K(81920K)->0K(81920K) From: 1952K(2560K)->1856K(2560K)
[13120.442s][info][gc,heap        ] GC(31686) ParOldGen: 551740K(551936K)->551812K(551936K)
[13120.442s][info][gc,metaspace   ] GC(31686) Metaspace: 62165K(62464K)->62165K(62464K) NonClass: 56633K(56832K)->56633K(56832K) Class: 5532K(5632K)->5532K(5632K)
[13120.442s][info][gc             ] GC(31686) Pause Young (Allocation Failure) 620M->540M(621M) 3.669ms
[13120.442s][info][gc,cpu         ] GC(31686) User=0.01s Sys=0.00s Real=0.01s
[13120.866s][info][gc,start       ] GC(31687) Pause Young (Allocation Failure)
[13120.869s][info][gc,heap        ] GC(31687) PSYoungGen: 83776K(84480K)->576K(84480K) Eden: 81920K(81920K)->0K(81920K) From: 1856K(2560K)->576K(2560K)
[13120.869s][info][gc,heap        ] GC(31687) ParOldGen: 551812K(551936K)->551876K(551936K)
[13120.869s][info][gc,metaspace   ] GC(31687) Metaspace: 62165K(62464K)->62165K(62464K) NonClass: 56633K(56832K)->56633K(56832K) Class: 5532K(5632K)->5532K(5632K)
[13120.869s][info][gc             ] GC(31687) Pause Young (Allocation Failure) 620M->539M(621M) 2.858ms
[13120.869s][info][gc,cpu         ] GC(31687) User=0.00s Sys=0.00s Real=0.00s
[13121.260s][info][gc,start       ] GC(31688) Pause Young (Allocation Failure)
[13121.263s][info][gc,heap        ] GC(31688) PSYoungGen: 82496K(84480K)->544K(84480K) Eden: 81920K(81920K)->0K(81920K) From: 576K(2560K)->544K(2560K)
[13121.263s][info][gc,heap        ] GC(31688) ParOldGen: 551876K(551936K)->551940K(552448K)
[13121.263s][info][gc,metaspace   ] GC(31688) Metaspace: 62165K(62464K)->62165K(62464K) NonClass: 56633K(56832K)->56633K(56832K) Class: 5532K(5632K)->5532K(5632K)
[13121.263s][info][gc             ] GC(31688) Pause Young (Allocation Failure) 619M->539M(622M) 2.820ms
[13121.263s][info][gc,cpu         ] GC(31688) User=0.01s Sys=0.00s Real=0.01s
[13121.660s][info][gc,start       ] GC(31689) Pause Young (Allocation Failure)
[13121.663s][info][gc,heap        ] GC(31689) PSYoungGen: 82464K(84480K)->480K(84480K) Eden: 81920K(81920K)->0K(81920K) From: 544K(2560K)->480K(2560K)
[13121.663s][info][gc,heap        ] GC(31689) ParOldGen: 551940K(552448K)->552012K(552448K)
[13121.663s][info][gc,metaspace   ] GC(31689) Metaspace: 62165K(62464K)->62165K(62464K) NonClass: 56633K(56832K)->56633K(56832K) Class: 5532K(5632K)->5532K(5632K)
[13121.663s][info][gc             ] GC(31689) Pause Young (Allocation Failure) 619M->539M(622M) 2.759ms
[13121.663s][info][gc,cpu         ] GC(31689) User=0.00s Sys=0.00s Real=0.01s
[13122.082s][info][gc,start       ] GC(31690) Pause Young (Allocation Failure)
[13122.085s][info][gc,heap        ] GC(31690) PSYoungGen: 82400K(84480K)->928K(84480K) Eden: 81920K(81920K)->0K(81920K) From: 480K(2560K)->928K(2560K)
[13122.085s][info][gc,heap        ] GC(31690) ParOldGen: 552012K(552448K)->552084K(552448K)
[13122.085s][info][gc,metaspace   ] GC(31690) Metaspace: 62165K(62464K)->62165K(62464K) NonClass: 56633K(56832K)->56633K(56832K) Class: 5532K(5632K)->5532K(5632K)
[13122.085s][info][gc             ] GC(31690) Pause Young (Allocation Failure) 619M->540M(622M) 3.070ms
[13122.086s][info][gc,cpu         ] GC(31690) User=0.01s Sys=0.00s Real=0.00s
[13122.433s][info][gc,start       ] GC(31691) Pause Young (Allocation Failure)
[13122.436s][info][gc,heap        ] GC(31691) PSYoungGen: 82848K(84480K)->2016K(84480K) Eden: 81920K(81920K)->0K(81920K) From: 928K(2560K)->2016K(2560K)
[13122.436s][info][gc,heap        ] GC(31691) ParOldGen: 552084K(552448K)->552148K(552448K)
[13122.436s][info][gc,metaspace   ] GC(31691) Metaspace: 62165K(62464K)->62165K(62464K) NonClass: 56633K(56832K)->56633K(56832K) Class: 5532K(5632K)->5532K(5632K)
[13122.436s][info][gc             ] GC(31691) Pause Young (Allocation Failure) 620M->541M(622M) 3.776ms
[13122.436s][info][gc,cpu         ] GC(31691) User=0.01s Sys=0.00s Real=0.00s
[13122.808s][info][gc,start       ] GC(31692) Pause Young (Allocation Failure)
[13122.811s][info][gc,heap        ] GC(31692) PSYoungGen: 83936K(84480K)->1408K(84480K) Eden: 81920K(81920K)->0K(81920K) From: 2016K(2560K)->1408K(2560K)
[13122.811s][info][gc,heap        ] GC(31692) ParOldGen: 552148K(552448K)->552220K(552448K)
[13122.811s][info][gc,metaspace   ] GC(31692) Metaspace: 62165K(62464K)->62165K(62464K) NonClass: 56633K(56832K)->56633K(56832K) Class: 5532K(5632K)->5532K(5632K)
[13122.811s][info][gc             ] GC(31692) Pause Young (Allocation Failure) 621M->540M(622M) 3.286ms
[13122.811s][info][gc,cpu         ] GC(31692) User=0.01s Sys=0.00s Real=0.01s
[13123.175s][info][gc,start       ] GC(31693) Pause Young (Allocation Failure)
[13123.178s][info][gc,heap        ] GC(31693) PSYoungGen: 83328K(84480K)->832K(84480K) Eden: 81920K(81920K)->0K(81920K) From: 1408K(2560K)->832K(2560K)
[13123.178s][info][gc,heap        ] GC(31693) ParOldGen: 552220K(552448K)->552284K(552448K)
[13123.178s][info][gc,metaspace   ] GC(31693) Metaspace: 62165K(62464K)->62165K(62464K) NonClass: 56633K(56832K)->56633K(56832K) Class: 5532K(5632K)->5532K(5632K)
[13123.178s][info][gc             ] GC(31693) Pause Young (Allocation Failure) 620M->540M(622M) 2.902ms
[13123.178s][info][gc,cpu         ] GC(31693) User=0.01s Sys=0.00s Real=0.00s
[13123.624s][info][gc,start       ] GC(31694) Pause Young (Allocation Failure)
[13123.628s][info][gc,heap        ] GC(31694) PSYoungGen: 82752K(84480K)->2544K(82432K) Eden: 81920K(81920K)->0K(79872K) From: 832K(2560K)->2544K(2560K)
[13123.628s][info][gc,heap        ] GC(31694) ParOldGen: 552284K(552448K)->553420K(553984K)
[13123.628s][info][gc,metaspace   ] GC(31694) Metaspace: 62165K(62464K)->62165K(62464K) NonClass: 56633K(56832K)->56633K(56832K) Class: 5532K(5632K)->5532K(5632K)
[13123.628s][info][gc             ] GC(31694) Pause Young (Allocation Failure) 620M->542M(621M) 4.070ms
[13123.628s][info][gc,cpu         ] GC(31694) User=0.01s Sys=0.00s Real=0.00s
[13123.994s][info][gc,start       ] GC(31695) Pause Young (Allocation Failure)
[13123.998s][info][gc,heap        ] GC(31695) PSYoungGen: 82416K(82432K)->1152K(83456K) Eden: 79872K(79872K)->0K(79872K) From: 2544K(2560K)->1152K(3584K)
[13123.998s][info][gc,heap        ] GC(31695) ParOldGen: 553420K(553984K)->555564K(556032K)
[13123.998s][info][gc,metaspace   ] GC(31695) Metaspace: 62165K(62464K)->62165K(62464K) NonClass: 56633K(56832K)->56633K(56832K) Class: 5532K(5632K)->5532K(5632K)
[13123.998s][info][gc             ] GC(31695) Pause Young (Allocation Failure) 620M->543M(624M) 4.211ms
[13123.998s][info][gc,cpu         ] GC(31695) User=0.01s Sys=0.00s Real=0.00s
[13124.364s][info][gc,start       ] GC(31696) Pause Young (Allocation Failure)
[13124.367s][info][gc,heap        ] GC(31696) PSYoungGen: 81024K(83456K)->608K(83968K) Eden: 79872K(79872K)->0K(80384K) From: 1152K(3584K)->608K(3584K)
[13124.367s][info][gc,heap        ] GC(31696) ParOldGen: 555564K(556032K)->555636K(556032K)
[13124.367s][info][gc,metaspace   ] GC(31696) Metaspace: 62165K(62464K)->62165K(62464K) NonClass: 56633K(56832K)->56633K(56832K) Class: 5532K(5632K)->5532K(5632K)
[13124.367s][info][gc             ] GC(31696) Pause Young (Allocation Failure) 621M->543M(625M) 2.806ms
[13124.367s][info][gc,cpu         ] GC(31696) User=0.01s Sys=0.00s Real=0.00s
[13124.733s][info][gc,start       ] GC(31697) Pause Young (Allocation Failure)
[13124.737s][info][gc,heap        ] GC(31697) PSYoungGen: 80992K(83968K)->1856K(83456K) Eden: 80384K(80384K)->0K(80384K) From: 608K(3584K)->1856K(3072K)
[13124.737s][info][gc,heap        ] GC(31697) ParOldGen: 555636K(556032K)->555716K(556032K)
[13124.737s][info][gc,metaspace   ] GC(31697) Metaspace: 62165K(62464K)->62165K(62464K) NonClass: 56633K(56832K)->56633K(56832K) Class: 5532K(5632K)->5532K(5632K)
[13124.737s][info][gc             ] GC(31697) Pause Young (Allocation Failure) 621M->544M(624M) 4.009ms
[13124.737s][info][gc,cpu         ] GC(31697) User=0.00s Sys=0.00s Real=0.00s
[13125.102s][info][gc,start       ] GC(31698) Pause Young (Allocation Failure)
[13125.106s][info][gc,heap        ] GC(31698) PSYoungGen: 82240K(83456K)->1312K(83968K) Eden: 80384K(80384K)->0K(80384K) From: 1856K(3072K)->1312K(3584K)
[13125.106s][info][gc,heap        ] GC(31698) ParOldGen: 555716K(556032K)->555788K(556032K)
[13125.106s][info][gc,metaspace   ] GC(31698) Metaspace: 62165K(62464K)->62165K(62464K) NonClass: 56633K(56832K)->56633K(56832K) Class: 5532K(5632K)->5532K(5632K)
[13125.106s][info][gc             ] GC(31698) Pause Young (Allocation Failure) 623M->544M(625M) 3.381ms
[13125.106s][info][gc,cpu         ] GC(31698) User=0.01s Sys=0.00s Real=0.00s
[13125.501s][info][gc,start       ] GC(31699) Pause Young (Allocation Failure)
[13125.504s][info][gc,heap        ] GC(31699) PSYoungGen: 81696K(83968K)->1184K(83456K) Eden: 80384K(80384K)->0K(80384K) From: 1312K(3584K)->1184K(3072K)
[13125.504s][info][gc,heap        ] GC(31699) ParOldGen: 555788K(556032K)->555860K(556032K)
[13125.504s][info][gc,metaspace   ] GC(31699) Metaspace: 62165K(62464K)->62165K(62464K) NonClass: 56633K(56832K)->56633K(56832K) Class: 5532K(5632K)->5532K(5632K)
[13125.504s][info][gc             ] GC(31699) Pause Young (Allocation Failure) 622M->543M(624M) 3.170ms
[13125.504s][info][gc,cpu         ] GC(31699) User=0.00s Sys=0.00s Real=0.01s
[13125.864s][info][gc,start       ] GC(31700) Pause Young (Allocation Failure)
[13125.866s][info][gc,heap        ] GC(31700) PSYoungGen: 81568K(83456K)->576K(83968K) Eden: 80384K(80384K)->0K(80896K) From: 1184K(3072K)->576K(3072K)
[13125.866s][info][gc,heap        ] GC(31700) ParOldGen: 555860K(556032K)->555932K(556032K)
[13125.866s][info][gc,metaspace   ] GC(31700) Metaspace: 62165K(62464K)->62165K(62464K) NonClass: 56633K(56832K)->56633K(56832K) Class: 5532K(5632K)->5532K(5632K)
[13125.866s][info][gc             ] GC(31700) Pause Young (Allocation Failure) 622M->543M(625M) 2.789ms
[13125.866s][info][gc,cpu         ] GC(31700) User=0.01s Sys=0.00s Real=0.00s
[13126.233s][info][gc,start       ] GC(31701) Pause Young (Allocation Failure)
[13126.237s][info][gc,heap        ] GC(31701) PSYoungGen: 81472K(83968K)->1856K(83968K) Eden: 80896K(80896K)->0K(80896K) From: 576K(3072K)->1856K(3072K)
[13126.237s][info][gc,heap        ] GC(31701) ParOldGen: 555932K(556032K)->555996K(556032K)
[13126.237s][info][gc,metaspace   ] GC(31701) Metaspace: 62165K(62464K)->62165K(62464K) NonClass: 56633K(56832K)->56633K(56832K) Class: 5532K(5632K)->5532K(5632K)
[13126.237s][info][gc             ] GC(31701) Pause Young (Allocation Failure) 622M->544M(625M) 3.810ms
[13126.237s][info][gc,cpu         ] GC(31701) User=0.01s Sys=0.00s Real=0.00s
[13126.660s][info][gc,start       ] GC(31702) Pause Young (Allocation Failure)
[13126.662s][info][gc,heap        ] GC(31702) PSYoungGen: 82752K(83968K)->480K(83968K) Eden: 80896K(80896K)->0K(80896K) From: 1856K(3072K)->480K(3072K)
[13126.662s][info][gc,heap        ] GC(31702) ParOldGen: 555996K(556032K)->556068K(556544K)
[13126.662s][info][gc,metaspace   ] GC(31702) Metaspace: 62165K(62464K)->62165K(62464K) NonClass: 56633K(56832K)->56633K(56832K) Class: 5532K(5632K)->5532K(5632K)
[13126.662s][info][gc             ] GC(31702) Pause Young (Allocation Failure) 623M->543M(625M) 2.681ms
[13126.662s][info][gc,cpu         ] GC(31702) User=0.00s Sys=0.00s Real=0.01s
[13127.109s][info][gc,start       ] GC(31703) Pause Young (Allocation Failure)
[13127.113s][info][gc,heap        ] GC(31703) PSYoungGen: 81376K(83968K)->1184K(83968K) Eden: 80896K(80896K)->0K(80896K) From: 480K(3072K)->1184K(3072K)
[13127.113s][info][gc,heap        ] GC(31703) ParOldGen: 556068K(556544K)->556140K(556544K)
[13127.113s][info][gc,metaspace   ] GC(31703) Metaspace: 62165K(62464K)->62165K(62464K) NonClass: 56633K(56832K)->56633K(56832K) Class: 5532K(5632K)->5532K(5632K)
[13127.113s][info][gc             ] GC(31703) Pause Young (Allocation Failure) 622M->544M(625M) 3.865ms
[13127.113s][info][gc,cpu         ] GC(31703) User=0.01s Sys=0.00s Real=0.01s
[13127.546s][info][gc,start       ] GC(31704) Pause Young (Allocation Failure)
[13127.549s][info][gc,heap        ] GC(31704) PSYoungGen: 82080K(83968K)->288K(83968K) Eden: 80896K(80896K)->0K(80896K) From: 1184K(3072K)->288K(3072K)
[13127.549s][info][gc,heap        ] GC(31704) ParOldGen: 556140K(556544K)->556212K(556544K)
[13127.549s][info][gc,metaspace   ] GC(31704) Metaspace: 62165K(62464K)->62165K(62464K) NonClass: 56633K(56832K)->56633K(56832K) Class: 5532K(5632K)->5532K(5632K)
[13127.549s][info][gc             ] GC(31704) Pause Young (Allocation Failure) 623M->543M(625M) 2.550ms
[13127.549s][info][gc,cpu         ] GC(31704) User=0.00s Sys=0.00s Real=0.00s
[13127.962s][info][gc,start       ] GC(31705) Pause Young (Allocation Failure)
[13127.965s][info][gc,heap        ] GC(31705) PSYoungGen: 81184K(83968K)->576K(83968K) Eden: 80896K(80896K)->0K(80896K) From: 288K(3072K)->576K(3072K)
[13127.965s][info][gc,heap        ] GC(31705) ParOldGen: 556212K(556544K)->556284K(556544K)
[13127.965s][info][gc,metaspace   ] GC(31705) Metaspace: 62165K(62464K)->62165K(62464K) NonClass: 56633K(56832K)->56633K(56832K) Class: 5532K(5632K)->5532K(5632K)
[13127.965s][info][gc             ] GC(31705) Pause Young (Allocation Failure) 622M->543M(625M) 2.817ms
[13127.965s][info][gc,cpu         ] GC(31705) User=0.00s Sys=0.00s Real=0.00s
[13128.393s][info][gc,start       ] GC(31706) Pause Young (Allocation Failure)
[13128.396s][info][gc,heap        ] GC(31706) PSYoungGen: 81472K(83968K)->3008K(82944K) Eden: 80896K(80896K)->0K(79872K) From: 576K(3072K)->3008K(3072K)
[13128.396s][info][gc,heap        ] GC(31706) ParOldGen: 556284K(556544K)->556356K(556544K)
[13128.396s][info][gc,metaspace   ] GC(31706) Metaspace: 62165K(62464K)->62165K(62464K) NonClass: 56633K(56832K)->56633K(56832K) Class: 5532K(5632K)->5532K(5632K)
[13128.396s][info][gc             ] GC(31706) Pause Young (Allocation Failure) 622M->546M(624M) 3.420ms
[13128.396s][info][gc,cpu         ] GC(31706) User=0.01s Sys=0.00s Real=0.00s
[13128.831s][info][gc,start       ] GC(31707) Pause Young (Allocation Failure)
[13128.836s][info][gc,heap        ] GC(31707) PSYoungGen: 82880K(82944K)->1536K(83456K) Eden: 79872K(79872K)->0K(79872K) From: 3008K(3072K)->1536K(3584K)
[13128.836s][info][gc,heap        ] GC(31707) ParOldGen: 556356K(556544K)->558484K(559616K)
[13128.836s][info][gc,metaspace   ] GC(31707) Metaspace: 62165K(62464K)->62165K(62464K) NonClass: 56633K(56832K)->56633K(56832K) Class: 5532K(5632K)->5532K(5632K)
[13128.836s][info][gc             ] GC(31707) Pause Young (Allocation Failure) 624M->546M(628M) 4.727ms
[13128.836s][info][gc,cpu         ] GC(31707) User=0.01s Sys=0.00s Real=0.00s
[13129.255s][info][gc,start       ] GC(31708) Pause Young (Allocation Failure)
[13129.258s][info][gc,heap        ] GC(31708) PSYoungGen: 81408K(83456K)->448K(83456K) Eden: 79872K(79872K)->0K(79872K) From: 1536K(3584K)->448K(3584K)
[13129.258s][info][gc,heap        ] GC(31708) ParOldGen: 558484K(559616K)->558556K(559616K)
[13129.258s][info][gc,metaspace   ] GC(31708) Metaspace: 62165K(62464K)->62165K(62464K) NonClass: 56633K(56832K)->56633K(56832K) Class: 5532K(5632K)->5532K(5632K)
[13129.258s][info][gc             ] GC(31708) Pause Young (Allocation Failure) 624M->545M(628M) 2.746ms
[13129.258s][info][gc,cpu         ] GC(31708) User=0.00s Sys=0.00s Real=0.00s
[13129.701s][info][gc,start       ] GC(31709) Pause Young (Allocation Failure)
[13129.704s][info][gc,heap        ] GC(31709) PSYoungGen: 80320K(83456K)->1120K(83456K) Eden: 79872K(79872K)->0K(79872K) From: 448K(3584K)->1120K(3584K)
[13129.704s][info][gc,heap        ] GC(31709) ParOldGen: 558556K(559616K)->558628K(559616K)
[13129.704s][info][gc,metaspace   ] GC(31709) Metaspace: 62165K(62464K)->62165K(62464K) NonClass: 56633K(56832K)->56633K(56832K) Class: 5532K(5632K)->5532K(5632K)
[13129.704s][info][gc             ] GC(31709) Pause Young (Allocation Failure) 623M->546M(628M) 3.194ms
[13129.704s][info][gc,cpu         ] GC(31709) User=0.01s Sys=0.00s Real=0.01s
[13130.155s][info][gc,start       ] GC(31710) Pause Young (Allocation Failure)
[13130.158s][info][gc,heap        ] GC(31710) PSYoungGen: 80992K(83456K)->416K(83968K) Eden: 79872K(79872K)->0K(80896K) From: 1120K(3584K)->416K(3072K)
[13130.158s][info][gc,heap        ] GC(31710) ParOldGen: 558628K(559616K)->558708K(559616K)
[13130.158s][info][gc,metaspace   ] GC(31710) Metaspace: 62165K(62464K)->62165K(62464K) NonClass: 56633K(56832K)->56633K(56832K) Class: 5532K(5632K)->5532K(5632K)
[13130.158s][info][gc             ] GC(31710) Pause Young (Allocation Failure) 624M->546M(628M) 2.661ms
[13130.158s][info][gc,cpu         ] GC(31710) User=0.00s Sys=0.00s Real=0.00s
[13130.618s][info][gc,start       ] GC(31711) Pause Young (Allocation Failure)
[13130.621s][info][gc,heap        ] GC(31711) PSYoungGen: 81312K(83968K)->1312K(83968K) Eden: 80896K(80896K)->0K(80896K) From: 416K(3072K)->1312K(3072K)
[13130.621s][info][gc,heap        ] GC(31711) ParOldGen: 558708K(559616K)->558780K(559616K)
[13130.621s][info][gc,metaspace   ] GC(31711) Metaspace: 62165K(62464K)->62165K(62464K) NonClass: 56633K(56832K)->56633K(56832K) Class: 5532K(5632K)->5532K(5632K)
[13130.621s][info][gc             ] GC(31711) Pause Young (Allocation Failure) 625M->546M(628M) 3.430ms
[13130.621s][info][gc,cpu         ] GC(31711) User=0.01s Sys=0.00s Real=0.01s
[13131.039s][info][gc,start       ] GC(31712) Pause Young (Allocation Failure)
[13131.043s][info][gc,heap        ] GC(31712) PSYoungGen: 82208K(83968K)->1760K(83968K) Eden: 80896K(80896K)->0K(80896K) From: 1312K(3072K)->1760K(3072K)
[13131.043s][info][gc,heap        ] GC(31712) ParOldGen: 558780K(559616K)->558852K(559616K)
[13131.043s][info][gc,metaspace   ] GC(31712) Metaspace: 62165K(62464K)->62165K(62464K) NonClass: 56633K(56832K)->56633K(56832K) Class: 5532K(5632K)->5532K(5632K)
[13131.043s][info][gc             ] GC(31712) Pause Young (Allocation Failure) 625M->547M(628M) 3.771ms
[13131.043s][info][gc,cpu         ] GC(31712) User=0.00s Sys=0.00s Real=0.01s
[13131.530s][info][gc,start       ] GC(31713) Pause Young (Allocation Failure)
[13131.533s][info][gc,heap        ] GC(31713) PSYoungGen: 82656K(83968K)->1520K(83968K) Eden: 80896K(80896K)->0K(80896K) From: 1760K(3072K)->1520K(3072K)
[13131.533s][info][gc,heap        ] GC(31713) ParOldGen: 558852K(559616K)->558924K(559616K)
[13131.533s][info][gc,metaspace   ] GC(31713) Metaspace: 62165K(62464K)->62165K(62464K) NonClass: 56633K(56832K)->56633K(56832K) Class: 5532K(5632K)->5532K(5632K)
[13131.533s][info][gc             ] GC(31713) Pause Young (Allocation Failure) 626M->547M(628M) 3.718ms
[13131.533s][info][gc,cpu         ] GC(31713) User=0.01s Sys=0.00s Real=0.01s
[13132.002s][info][gc,start       ] GC(31714) Pause Young (Allocation Failure)
[13132.005s][info][gc,heap        ] GC(31714) PSYoungGen: 82416K(83968K)->960K(83968K) Eden: 80896K(80896K)->0K(80896K) From: 1520K(3072K)->960K(3072K)
[13132.005s][info][gc,heap        ] GC(31714) ParOldGen: 558924K(559616K)->559044K(559616K)
[13132.005s][info][gc,metaspace   ] GC(31714) Metaspace: 62165K(62464K)->62165K(62464K) NonClass: 56633K(56832K)->56633K(56832K) Class: 5532K(5632K)->5532K(5632K)
[13132.005s][info][gc             ] GC(31714) Pause Young (Allocation Failure) 626M->546M(628M) 3.315ms
[13132.005s][info][gc,cpu         ] GC(31714) User=0.00s Sys=0.00s Real=0.00s
[13132.461s][info][gc,start       ] GC(31715) Pause Young (Allocation Failure)
[13132.463s][info][gc,heap        ] GC(31715) PSYoungGen: 81856K(83968K)->480K(83968K) Eden: 80896K(80896K)->0K(80896K) From: 960K(3072K)->480K(3072K)
[13132.463s][info][gc,heap        ] GC(31715) ParOldGen: 559044K(559616K)->559116K(559616K)
[13132.463s][info][gc,metaspace   ] GC(31715) Metaspace: 62165K(62464K)->62165K(62464K) NonClass: 56633K(56832K)->56633K(56832K) Class: 5532K(5632K)->5532K(5632K)
[13132.463s][info][gc             ] GC(31715) Pause Young (Allocation Failure) 625M->546M(628M) 2.707ms
[13132.463s][info][gc,cpu         ] GC(31715) User=0.01s Sys=0.00s Real=0.01s
[13132.903s][info][gc,start       ] GC(31716) Pause Young (Allocation Failure)
[13132.907s][info][gc,heap        ] GC(31716) PSYoungGen: 81376K(83968K)->1056K(84480K) Eden: 80896K(80896K)->0K(81408K) From: 480K(3072K)->1056K(3072K)
[13132.907s][info][gc,heap        ] GC(31716) ParOldGen: 559116K(559616K)->559188K(559616K)
[13132.907s][info][gc,metaspace   ] GC(31716) Metaspace: 62165K(62464K)->62165K(62464K) NonClass: 56633K(56832K)->56633K(56832K) Class: 5532K(5632K)->5532K(5632K)
[13132.907s][info][gc             ] GC(31716) Pause Young (Allocation Failure) 625M->547M(629M) 3.165ms
[13132.907s][info][gc,cpu         ] GC(31716) User=0.00s Sys=0.00s Real=0.00s
[13133.301s][info][gc,start       ] GC(31717) Pause Young (Allocation Failure)
[13133.305s][info][gc,heap        ] GC(31717) PSYoungGen: 82464K(84480K)->2112K(83968K) Eden: 81408K(81408K)->0K(81408K) From: 1056K(3072K)->2112K(2560K)
[13133.305s][info][gc,heap        ] GC(31717) ParOldGen: 559188K(559616K)->560284K(561152K)
[13133.305s][info][gc,metaspace   ] GC(31717) Metaspace: 62165K(62464K)->62165K(62464K) NonClass: 56633K(56832K)->56633K(56832K) Class: 5532K(5632K)->5532K(5632K)
[13133.305s][info][gc             ] GC(31717) Pause Young (Allocation Failure) 626M->549M(630M) 3.783ms
[13133.305s][info][gc,cpu         ] GC(31717) User=0.01s Sys=0.00s Real=0.00s
[13133.722s][info][gc,start       ] GC(31718) Pause Young (Allocation Failure)
[13133.727s][info][gc,heap        ] GC(31718) PSYoungGen: 83520K(83968K)->1440K(83968K) Eden: 81408K(81408K)->0K(80896K) From: 2112K(2560K)->1440K(3072K)
[13133.727s][info][gc,heap        ] GC(31718) ParOldGen: 560284K(561152K)->562404K(562688K)
[13133.727s][info][gc,metaspace   ] GC(31718) Metaspace: 62165K(62464K)->62165K(62464K) NonClass: 56633K(56832K)->56633K(56832K) Class: 5532K(5632K)->5532K(5632K)
[13133.727s][info][gc             ] GC(31718) Pause Young (Allocation Failure) 628M->550M(631M) 4.345ms
[13133.727s][info][gc,cpu         ] GC(31718) User=0.01s Sys=0.00s Real=0.00s
[13134.149s][info][gc,start       ] GC(31719) Pause Young (Allocation Failure)
[13134.151s][info][gc,heap        ] GC(31719) PSYoungGen: 82336K(83968K)->320K(83968K) Eden: 80896K(80896K)->0K(80896K) From: 1440K(3072K)->320K(3072K)
[13134.151s][info][gc,heap        ] GC(31719) ParOldGen: 562404K(562688K)->562476K(562688K)
[13134.151s][info][gc,metaspace   ] GC(31719) Metaspace: 62165K(62464K)->62165K(62464K) NonClass: 56633K(56832K)->56633K(56832K) Class: 5532K(5632K)->5532K(5632K)
[13134.151s][info][gc             ] GC(31719) Pause Young (Allocation Failure) 629M->549M(631M) 2.514ms
[13134.151s][info][gc,cpu         ] GC(31719) User=0.00s Sys=0.00s Real=0.01s
[13134.592s][info][gc,start       ] GC(31720) Pause Young (Allocation Failure)
[13134.595s][info][gc,heap        ] GC(31720) PSYoungGen: 81216K(83968K)->992K(84480K) Eden: 80896K(80896K)->0K(81408K) From: 320K(3072K)->992K(3072K)
[13134.595s][info][gc,heap        ] GC(31720) ParOldGen: 562476K(562688K)->562548K(562688K)
[13134.595s][info][gc,metaspace   ] GC(31720) Metaspace: 62165K(62464K)->62165K(62464K) NonClass: 56633K(56832K)->56633K(56832K) Class: 5532K(5632K)->5532K(5632K)
[13134.595s][info][gc             ] GC(31720) Pause Young (Allocation Failure) 628M->550M(632M) 2.968ms
[13134.595s][info][gc,cpu         ] GC(31720) User=0.00s Sys=0.00s Real=0.00s
[13135.036s][info][gc,start       ] GC(31721) Pause Young (Allocation Failure)
[13135.039s][info][gc,heap        ] GC(31721) PSYoungGen: 82400K(84480K)->1664K(83968K) Eden: 81408K(81408K)->0K(81408K) From: 992K(3072K)->1664K(2560K)
[13135.039s][info][gc,heap        ] GC(31721) ParOldGen: 562548K(562688K)->562620K(562688K)
[13135.039s][info][gc,metaspace   ] GC(31721) Metaspace: 62165K(62464K)->62165K(62464K) NonClass: 56633K(56832K)->56633K(56832K) Class: 5532K(5632K)->5532K(5632K)
[13135.039s][info][gc             ] GC(31721) Pause Young (Allocation Failure) 629M->551M(631M) 3.616ms
[13135.039s][info][gc,cpu         ] GC(31721) User=0.01s Sys=0.00s Real=0.00s
[13135.463s][info][gc,start       ] GC(31722) Pause Young (Allocation Failure)
[13135.466s][info][gc,heap        ] GC(31722) PSYoungGen: 83072K(83968K)->576K(83968K) Eden: 81408K(81408K)->0K(80896K) From: 1664K(2560K)->576K(3072K)
[13135.466s][info][gc,heap        ] GC(31722) ParOldGen: 562620K(562688K)->562692K(563200K)
[13135.466s][info][gc,metaspace   ] GC(31722) Metaspace: 62165K(62464K)->62165K(62464K) NonClass: 56633K(56832K)->56633K(56832K) Class: 5532K(5632K)->5532K(5632K)
[13135.466s][info][gc             ] GC(31722) Pause Young (Allocation Failure) 630M->550M(632M) 2.820ms
[13135.466s][info][gc,cpu         ] GC(31722) User=0.00s Sys=0.00s Real=0.00s
[13135.877s][info][gc,start       ] GC(31723) Pause Young (Allocation Failure)
[13135.880s][info][gc,heap        ] GC(31723) PSYoungGen: 81472K(83968K)->832K(83968K) Eden: 80896K(80896K)->0K(80896K) From: 576K(3072K)->832K(3072K)
[13135.880s][info][gc,heap        ] GC(31723) ParOldGen: 562692K(563200K)->562756K(563200K)
[13135.880s][info][gc,metaspace   ] GC(31723) Metaspace: 62165K(62464K)->62165K(62464K) NonClass: 56633K(56832K)->56633K(56832K) Class: 5532K(5632K)->5532K(5632K)
[13135.880s][info][gc             ] GC(31723) Pause Young (Allocation Failure) 629M->550M(632M) 2.822ms
[13135.880s][info][gc,cpu         ] GC(31723) User=0.00s Sys=0.00s Real=0.00s
[13136.257s][info][gc,start       ] GC(31724) Pause Young (Allocation Failure)
[13136.260s][info][gc,heap        ] GC(31724) PSYoungGen: 81728K(83968K)->480K(84480K) Eden: 80896K(80896K)->0K(81920K) From: 832K(3072K)->480K(2560K)
[13136.260s][info][gc,heap        ] GC(31724) ParOldGen: 562756K(563200K)->562828K(563200K)
[13136.260s][info][gc,metaspace   ] GC(31724) Metaspace: 62165K(62464K)->62165K(62464K) NonClass: 56633K(56832K)->56633K(56832K) Class: 5532K(5632K)->5532K(5632K)
[13136.260s][info][gc             ] GC(31724) Pause Young (Allocation Failure) 629M->550M(632M) 2.695ms
[13136.260s][info][gc,cpu         ] GC(31724) User=0.01s Sys=0.00s Real=0.00s
[13136.664s][info][gc,start       ] GC(31725) Pause Young (Allocation Failure)
[13136.667s][info][gc,heap        ] GC(31725) PSYoungGen: 82400K(84480K)->608K(84480K) Eden: 81920K(81920K)->0K(81920K) From: 480K(2560K)->608K(2560K)
[13136.667s][info][gc,heap        ] GC(31725) ParOldGen: 562828K(563200K)->562892K(563200K)
[13136.667s][info][gc,metaspace   ] GC(31725) Metaspace: 62165K(62464K)->62165K(62464K) NonClass: 56633K(56832K)->56633K(56832K) Class: 5532K(5632K)->5532K(5632K)
[13136.667s][info][gc             ] GC(31725) Pause Young (Allocation Failure) 630M->550M(632M) 2.724ms
[13136.667s][info][gc,cpu         ] GC(31725) User=0.00s Sys=0.00s Real=0.00s
[13137.050s][info][gc,start       ] GC(31726) Pause Young (Allocation Failure)
[13137.052s][info][gc,heap        ] GC(31726) PSYoungGen: 82528K(84480K)->384K(84480K) Eden: 81920K(81920K)->0K(81920K) From: 608K(2560K)->384K(2560K)
[13137.052s][info][gc,heap        ] GC(31726) ParOldGen: 562892K(563200K)->562956K(563200K)
[13137.052s][info][gc,metaspace   ] GC(31726) Metaspace: 62165K(62464K)->62165K(62464K) NonClass: 56633K(56832K)->56633K(56832K) Class: 5532K(5632K)->5532K(5632K)
[13137.052s][info][gc             ] GC(31726) Pause Young (Allocation Failure) 630M->550M(632M) 2.528ms
[13137.052s][info][gc,cpu         ] GC(31726) User=0.00s Sys=0.00s Real=0.01s
[13137.433s][info][gc,start       ] GC(31727) Pause Young (Allocation Failure)
[13137.437s][info][gc,heap        ] GC(31727) PSYoungGen: 82304K(84480K)->1696K(84480K) Eden: 81920K(81920K)->0K(81920K) From: 384K(2560K)->1696K(2560K)
[13137.437s][info][gc,heap        ] GC(31727) ParOldGen: 562956K(563200K)->563028K(563200K)
[13137.437s][info][gc,metaspace   ] GC(31727) Metaspace: 62165K(62464K)->62165K(62464K) NonClass: 56633K(56832K)->56633K(56832K) Class: 5532K(5632K)->5532K(5632K)
[13137.437s][info][gc             ] GC(31727) Pause Young (Allocation Failure) 630M->551M(632M) 3.771ms
[13137.437s][info][gc,cpu         ] GC(31727) User=0.01s Sys=0.00s Real=0.00s
[13137.818s][info][gc,start       ] GC(31728) Pause Young (Allocation Failure)
[13137.821s][info][gc,heap        ] GC(31728) PSYoungGen: 83616K(84480K)->1472K(84480K) Eden: 81920K(81920K)->0K(81920K) From: 1696K(2560K)->1472K(2560K)
[13137.821s][info][gc,heap        ] GC(31728) ParOldGen: 563028K(563200K)->563100K(563200K)
[13137.821s][info][gc,metaspace   ] GC(31728) Metaspace: 62165K(62464K)->62165K(62464K) NonClass: 56633K(56832K)->56633K(56832K) Class: 5532K(5632K)->5532K(5632K)
[13137.821s][info][gc             ] GC(31728) Pause Young (Allocation Failure) 631M->551M(632M) 3.375ms
[13137.821s][info][gc,cpu         ] GC(31728) User=0.01s Sys=0.00s Real=0.01s
[13138.190s][info][gc,start       ] GC(31729) Pause Young (Allocation Failure)
[13138.194s][info][gc,heap        ] GC(31729) PSYoungGen: 83392K(84480K)->2112K(84480K) Eden: 81920K(81920K)->0K(81920K) From: 1472K(2560K)->2112K(2560K)
[13138.194s][info][gc,heap        ] GC(31729) ParOldGen: 563100K(563200K)->564196K(564736K)
[13138.194s][info][gc,metaspace   ] GC(31729) Metaspace: 62165K(62464K)->62165K(62464K) NonClass: 56633K(56832K)->56633K(56832K) Class: 5532K(5632K)->5532K(5632K)
[13138.194s][info][gc             ] GC(31729) Pause Young (Allocation Failure) 631M->553M(634M) 3.914ms
[13138.194s][info][gc,cpu         ] GC(31729) User=0.01s Sys=0.00s Real=0.01s
[13138.592s][info][gc,start       ] GC(31730) Pause Young (Allocation Failure)
[13138.596s][info][gc,heap        ] GC(31730) PSYoungGen: 84032K(84480K)->1024K(83456K) Eden: 81920K(81920K)->0K(80896K) From: 2112K(2560K)->1024K(2560K)
[13138.596s][info][gc,heap        ] GC(31730) ParOldGen: 564196K(564736K)->566308K(566784K)
[13138.596s][info][gc,metaspace   ] GC(31730) Metaspace: 62165K(62464K)->62165K(62464K) NonClass: 56633K(56832K)->56633K(56832K) Class: 5532K(5632K)->5532K(5632K)
[13138.596s][info][gc             ] GC(31730) Pause Young (Allocation Failure) 633M->554M(635M) 4.375ms
[13138.596s][info][gc,cpu         ] GC(31730) User=0.00s Sys=0.00s Real=0.00s
[13139.050s][info][gc,start       ] GC(31731) Pause Young (Allocation Failure)
[13139.052s][info][gc,heap        ] GC(31731) PSYoungGen: 81920K(83456K)->384K(83968K) Eden: 80896K(80896K)->0K(80896K) From: 1024K(2560K)->384K(3072K)
[13139.052s][info][gc,heap        ] GC(31731) ParOldGen: 566308K(566784K)->566380K(566784K)
[13139.052s][info][gc,metaspace   ] GC(31731) Metaspace: 62165K(62464K)->62165K(62464K) NonClass: 56633K(56832K)->56633K(56832K) Class: 5532K(5632K)->5532K(5632K)
[13139.052s][info][gc             ] GC(31731) Pause Young (Allocation Failure) 633M->553M(635M) 2.723ms
[13139.052s][info][gc,cpu         ] GC(31731) User=0.00s Sys=0.00s Real=0.01s
[13139.474s][info][gc,start       ] GC(31732) Pause Young (Allocation Failure)
[13139.477s][info][gc,heap        ] GC(31732) PSYoungGen: 81280K(83968K)->704K(84480K) Eden: 80896K(80896K)->0K(81408K) From: 384K(3072K)->704K(3072K)
[13139.477s][info][gc,heap        ] GC(31732) ParOldGen: 566380K(566784K)->566500K(566784K)
[13139.477s][info][gc,metaspace   ] GC(31732) Metaspace: 62165K(62464K)->62165K(62464K) NonClass: 56633K(56832K)->56633K(56832K) Class: 5532K(5632K)->5532K(5632K)
[13139.477s][info][gc             ] GC(31732) Pause Young (Allocation Failure) 632M->553M(636M) 2.813ms
[13139.477s][info][gc,cpu         ] GC(31732) User=0.00s Sys=0.01s Real=0.00s
[13139.894s][info][gc,start       ] GC(31733) Pause Young (Allocation Failure)
[13139.897s][info][gc,heap        ] GC(31733) PSYoungGen: 82112K(84480K)->960K(83968K) Eden: 81408K(81408K)->0K(81408K) From: 704K(3072K)->960K(2560K)
[13139.897s][info][gc,heap        ] GC(31733) ParOldGen: 566500K(566784K)->566572K(566784K)
[13139.897s][info][gc,metaspace   ] GC(31733) Metaspace: 62165K(62464K)->62165K(62464K) NonClass: 56633K(56832K)->56633K(56832K) Class: 5532K(5632K)->5532K(5632K)
[13139.897s][info][gc             ] GC(31733) Pause Young (Allocation Failure) 633M->554M(635M) 3.251ms
[13139.897s][info][gc,cpu         ] GC(31733) User=0.01s Sys=0.00s Real=0.00s
[13140.359s][info][gc,start       ] GC(31734) Pause Young (Allocation Failure)
[13140.361s][info][gc,heap        ] GC(31734) PSYoungGen: 82368K(83968K)->448K(84480K) Eden: 81408K(81408K)->0K(81920K) From: 960K(2560K)->448K(2560K)
[13140.361s][info][gc,heap        ] GC(31734) ParOldGen: 566572K(566784K)->566644K(566784K)
[13140.361s][info][gc,metaspace   ] GC(31734) Metaspace: 62165K(62464K)->62165K(62464K) NonClass: 56633K(56832K)->56633K(56832K) Class: 5532K(5632K)->5532K(5632K)
[13140.361s][info][gc             ] GC(31734) Pause Young (Allocation Failure) 633M->553M(636M) 2.701ms
[13140.361s][info][gc,cpu         ] GC(31734) User=0.01s Sys=0.00s Real=0.01s
[13140.820s][info][gc,start       ] GC(31735) Pause Young (Allocation Failure)
[13140.823s][info][gc,heap        ] GC(31735) PSYoungGen: 82368K(84480K)->1376K(84480K) Eden: 81920K(81920K)->0K(81920K) From: 448K(2560K)->1376K(2560K)
[13140.823s][info][gc,heap        ] GC(31735) ParOldGen: 566644K(566784K)->566716K(566784K)
[13140.823s][info][gc,metaspace   ] GC(31735) Metaspace: 62165K(62464K)->62165K(62464K) NonClass: 56633K(56832K)->56633K(56832K) Class: 5532K(5632K)->5532K(5632K)
[13140.823s][info][gc             ] GC(31735) Pause Young (Allocation Failure) 633M->554M(636M) 3.639ms
[13140.823s][info][gc,cpu         ] GC(31735) User=0.01s Sys=0.00s Real=0.01s
[13141.262s][info][gc,start       ] GC(31736) Pause Young (Allocation Failure)
[13141.265s][info][gc,heap        ] GC(31736) PSYoungGen: 83296K(84480K)->544K(84480K) Eden: 81920K(81920K)->0K(81920K) From: 1376K(2560K)->544K(2560K)
[13141.265s][info][gc,heap        ] GC(31736) ParOldGen: 566716K(566784K)->566780K(566784K)
[13141.265s][info][gc,metaspace   ] GC(31736) Metaspace: 62165K(62464K)->62165K(62464K) NonClass: 56633K(56832K)->56633K(56832K) Class: 5532K(5632K)->5532K(5632K)
[13141.265s][info][gc             ] GC(31736) Pause Young (Allocation Failure) 634M->554M(636M) 2.881ms
[13141.265s][info][gc,cpu         ] GC(31736) User=0.00s Sys=0.00s Real=0.00s
[13141.650s][info][gc,start       ] GC(31737) Pause Young (Allocation Failure)
[13141.653s][info][gc,heap        ] GC(31737) PSYoungGen: 82464K(84480K)->384K(84480K) Eden: 81920K(81920K)->0K(81920K) From: 544K(2560K)->384K(2560K)
[13141.653s][info][gc,heap        ] GC(31737) ParOldGen: 566780K(566784K)->566852K(567296K)
[13141.653s][info][gc,metaspace   ] GC(31737) Metaspace: 62165K(62464K)->62165K(62464K) NonClass: 56633K(56832K)->56633K(56832K) Class: 5532K(5632K)->5532K(5632K)
[13141.653s][info][gc             ] GC(31737) Pause Young (Allocation Failure) 634M->553M(636M) 2.603ms
[13141.653s][info][gc,cpu         ] GC(31737) User=0.00s Sys=0.00s Real=0.01s
[13142.047s][info][gc,start       ] GC(31738) Pause Young (Allocation Failure)
[13142.049s][info][gc,heap        ] GC(31738) PSYoungGen: 82304K(84480K)->320K(84480K) Eden: 81920K(81920K)->0K(81920K) From: 384K(2560K)->320K(2560K)
[13142.049s][info][gc,heap        ] GC(31738) ParOldGen: 566852K(567296K)->566916K(567296K)
[13142.049s][info][gc,metaspace   ] GC(31738) Metaspace: 62165K(62464K)->62165K(62464K) NonClass: 56633K(56832K)->56633K(56832K) Class: 5532K(5632K)->5532K(5632K)
[13142.049s][info][gc             ] GC(31738) Pause Young (Allocation Failure) 633M->553M(636M) 2.617ms
[13142.049s][info][gc,cpu         ] GC(31738) User=0.00s Sys=0.00s Real=0.00s
[13142.429s][info][gc,start       ] GC(31739) Pause Young (Allocation Failure)
[13142.433s][info][gc,heap        ] GC(31739) PSYoungGen: 82240K(84480K)->1856K(84480K) Eden: 81920K(81920K)->0K(81920K) From: 320K(2560K)->1856K(2560K)
[13142.433s][info][gc,heap        ] GC(31739) ParOldGen: 566916K(567296K)->566980K(567296K)
[13142.433s][info][gc,metaspace   ] GC(31739) Metaspace: 62165K(62464K)->62165K(62464K) NonClass: 56633K(56832K)->56633K(56832K) Class: 5532K(5632K)->5532K(5632K)
[13142.433s][info][gc             ] GC(31739) Pause Young (Allocation Failure) 633M->555M(636M) 4.022ms
[13142.433s][info][gc,cpu         ] GC(31739) User=0.01s Sys=0.00s Real=0.01s
[13142.802s][info][gc,start       ] GC(31740) Pause Young (Allocation Failure)
[13142.805s][info][gc,heap        ] GC(31740) PSYoungGen: 83776K(84480K)->2208K(83456K) Eden: 81920K(81920K)->0K(80896K) From: 1856K(2560K)->2208K(2560K)
[13142.805s][info][gc,heap        ] GC(31740) ParOldGen: 566980K(567296K)->568076K(568832K)
[13142.805s][info][gc,metaspace   ] GC(31740) Metaspace: 62165K(62464K)->62165K(62464K) NonClass: 56633K(56832K)->56633K(56832K) Class: 5532K(5632K)->5532K(5632K)
[13142.805s][info][gc             ] GC(31740) Pause Young (Allocation Failure) 635M->556M(637M) 3.832ms
[13142.805s][info][gc,cpu         ] GC(31740) User=0.01s Sys=0.00s Real=0.00s
[13143.183s][info][gc,start       ] GC(31741) Pause Young (Allocation Failure)
[13143.188s][info][gc,heap        ] GC(31741) PSYoungGen: 83104K(83456K)->896K(83968K) Eden: 80896K(80896K)->0K(80896K) From: 2208K(2560K)->896K(3072K)
[13143.188s][info][gc,heap        ] GC(31741) ParOldGen: 568076K(568832K)->570196K(570368K)
[13143.188s][info][gc,metaspace   ] GC(31741) Metaspace: 62165K(62464K)->62165K(62464K) NonClass: 56633K(56832K)->56633K(56832K) Class: 5532K(5632K)->5532K(5632K)
[13143.188s][info][gc             ] GC(31741) Pause Young (Allocation Failure) 635M->557M(639M) 4.286ms
[13143.188s][info][gc,cpu         ] GC(31741) User=0.01s Sys=0.00s Real=0.00s
[13143.590s][info][gc,start       ] GC(31742) Pause Young (Allocation Failure)
[13143.593s][info][gc,heap        ] GC(31742) PSYoungGen: 81792K(83968K)->1088K(84480K) Eden: 80896K(80896K)->0K(81408K) From: 896K(3072K)->1088K(3072K)
[13143.593s][info][gc,heap        ] GC(31742) ParOldGen: 570196K(570368K)->570268K(570368K)
[13143.593s][info][gc,metaspace   ] GC(31742) Metaspace: 62165K(62464K)->62165K(62464K) NonClass: 56633K(56832K)->56633K(56832K) Class: 5532K(5632K)->5532K(5632K)
[13143.593s][info][gc             ] GC(31742) Pause Young (Allocation Failure) 636M->557M(639M) 3.276ms
[13143.593s][info][gc,cpu         ] GC(31742) User=0.01s Sys=0.00s Real=0.01s
[13144.004s][info][gc,start       ] GC(31743) Pause Young (Allocation Failure)
[13144.007s][info][gc,heap        ] GC(31743) PSYoungGen: 82496K(84480K)->1280K(83968K) Eden: 81408K(81408K)->0K(81408K) From: 1088K(3072K)->1280K(2560K)
[13144.007s][info][gc,heap        ] GC(31743) ParOldGen: 570268K(570368K)->570340K(570368K)
[13144.007s][info][gc,metaspace   ] GC(31743) Metaspace: 62165K(62464K)->62165K(62464K) NonClass: 56633K(56832K)->56633K(56832K) Class: 5532K(5632K)->5532K(5632K)
[13144.007s][info][gc             ] GC(31743) Pause Young (Allocation Failure) 637M->558M(639M) 3.162ms
[13144.007s][info][gc,cpu         ] GC(31743) User=0.01s Sys=0.00s Real=0.00s
[13144.402s][info][gc,start       ] GC(31744) Pause Young (Allocation Failure)
[13144.405s][info][gc,heap        ] GC(31744) PSYoungGen: 82688K(83968K)->1184K(84480K) Eden: 81408K(81408K)->0K(81920K) From: 1280K(2560K)->1184K(2560K)
[13144.405s][info][gc,heap        ] GC(31744) ParOldGen: 570340K(570368K)->570412K(570880K)
[13144.405s][info][gc,metaspace   ] GC(31744) Metaspace: 62165K(62464K)->62165K(62464K) NonClass: 56633K(56832K)->56633K(56832K) Class: 5532K(5632K)->5532K(5632K)
[13144.405s][info][gc             ] GC(31744) Pause Young (Allocation Failure) 637M->558M(640M) 3.307ms
[13144.405s][info][gc,cpu         ] GC(31744) User=0.01s Sys=0.00s Real=0.00s
[13144.821s][info][gc,start       ] GC(31745) Pause Young (Allocation Failure)
[13144.824s][info][gc,heap        ] GC(31745) PSYoungGen: 83104K(84480K)->1472K(84480K) Eden: 81920K(81920K)->0K(81920K) From: 1184K(2560K)->1472K(2560K)
[13144.824s][info][gc,heap        ] GC(31745) ParOldGen: 570412K(570880K)->570476K(570880K)
[13144.824s][info][gc,metaspace   ] GC(31745) Metaspace: 62165K(62464K)->62165K(62464K) NonClass: 56633K(56832K)->56633K(56832K) Class: 5532K(5632K)->5532K(5632K)
[13144.824s][info][gc             ] GC(31745) Pause Young (Allocation Failure) 638M->558M(640M) 3.473ms
[13144.824s][info][gc,cpu         ] GC(31745) User=0.00s Sys=0.00s Real=0.01s
[13145.220s][info][gc,start       ] GC(31746) Pause Young (Allocation Failure)
[13145.224s][info][gc,heap        ] GC(31746) PSYoungGen: 83392K(84480K)->1600K(84480K) Eden: 81920K(81920K)->0K(81920K) From: 1472K(2560K)->1600K(2560K)
[13145.224s][info][gc,heap        ] GC(31746) ParOldGen: 570476K(570880K)->570548K(570880K)
[13145.224s][info][gc,metaspace   ] GC(31746) Metaspace: 62165K(62464K)->62165K(62464K) NonClass: 56633K(56832K)->56633K(56832K) Class: 5532K(5632K)->5532K(5632K)
[13145.224s][info][gc             ] GC(31746) Pause Young (Allocation Failure) 638M->558M(640M) 3.590ms
[13145.224s][info][gc,cpu         ] GC(31746) User=0.00s Sys=0.00s Real=0.01s
[13145.599s][info][gc,start       ] GC(31747) Pause Young (Allocation Failure)
[13145.603s][info][gc,heap        ] GC(31747) PSYoungGen: 83520K(84480K)->1248K(84480K) Eden: 81920K(81920K)->0K(81920K) From: 1600K(2560K)->1248K(2560K)
[13145.603s][info][gc,heap        ] GC(31747) ParOldGen: 570548K(570880K)->570620K(570880K)
[13145.603s][info][gc,metaspace   ] GC(31747) Metaspace: 62165K(62464K)->62165K(62464K) NonClass: 56633K(56832K)->56633K(56832K) Class: 5532K(5632K)->5532K(5632K)
[13145.603s][info][gc             ] GC(31747) Pause Young (Allocation Failure) 638M->558M(640M) 3.224ms
[13145.603s][info][gc,cpu         ] GC(31747) User=0.01s Sys=0.00s Real=0.01s
[13145.983s][info][gc,start       ] GC(31748) Pause Young (Allocation Failure)
[13145.985s][info][gc,heap        ] GC(31748) PSYoungGen: 83168K(84480K)->928K(84480K) Eden: 81920K(81920K)->0K(81920K) From: 1248K(2560K)->928K(2560K)
[13145.985s][info][gc,heap        ] GC(31748) ParOldGen: 570620K(570880K)->570684K(570880K)
[13145.985s][info][gc,metaspace   ] GC(31748) Metaspace: 62165K(62464K)->62165K(62464K) NonClass: 56633K(56832K)->56633K(56832K) Class: 5532K(5632K)->5532K(5632K)
[13145.986s][info][gc             ] GC(31748) Pause Young (Allocation Failure) 638M->558M(640M) 2.993ms
[13145.986s][info][gc,cpu         ] GC(31748) User=0.01s Sys=0.00s Real=0.00s
[13146.410s][info][gc,start       ] GC(31749) Pause Young (Allocation Failure)
[13146.413s][info][gc,heap        ] GC(31749) PSYoungGen: 82848K(84480K)->672K(84480K) Eden: 81920K(81920K)->0K(81920K) From: 928K(2560K)->672K(2560K)
[13146.413s][info][gc,heap        ] GC(31749) ParOldGen: 570684K(570880K)->570748K(570880K)
[13146.413s][info][gc,metaspace   ] GC(31749) Metaspace: 62165K(62464K)->62165K(62464K) NonClass: 56633K(56832K)->56633K(56832K) Class: 5532K(5632K)->5532K(5632K)
[13146.413s][info][gc             ] GC(31749) Pause Young (Allocation Failure) 638M->558M(640M) 2.807ms
[13146.413s][info][gc,cpu         ] GC(31749) User=0.00s Sys=0.00s Real=0.01s
[13146.796s][info][gc,start       ] GC(31750) Pause Young (Allocation Failure)
[13146.799s][info][gc,heap        ] GC(31750) PSYoungGen: 82592K(84480K)->1120K(84480K) Eden: 81920K(81920K)->0K(81920K) From: 672K(2560K)->1120K(2560K)
[13146.799s][info][gc,heap        ] GC(31750) ParOldGen: 570748K(570880K)->570869K(570880K)
[13146.799s][info][gc,metaspace   ] GC(31750) Metaspace: 62165K(62464K)->62165K(62464K) NonClass: 56633K(56832K)->56633K(56832K) Class: 5532K(5632K)->5532K(5632K)
[13146.799s][info][gc             ] GC(31750) Pause Young (Allocation Failure) 638M->558M(640M) 3.286ms
[13146.799s][info][gc,cpu         ] GC(31750) User=0.01s Sys=0.00s Real=0.00s
[13147.171s][info][gc,start       ] GC(31751) Pause Young (Allocation Failure)
[13147.174s][info][gc,heap        ] GC(31751) PSYoungGen: 83040K(84480K)->736K(84480K) Eden: 81920K(81920K)->0K(81920K) From: 1120K(2560K)->736K(2560K)
[13147.174s][info][gc,heap        ] GC(31751) ParOldGen: 570869K(570880K)->570941K(571392K)
[13147.174s][info][gc,metaspace   ] GC(31751) Metaspace: 62165K(62464K)->62165K(62464K) NonClass: 56633K(56832K)->56633K(56832K) Class: 5532K(5632K)->5532K(5632K)
[13147.174s][info][gc             ] GC(31751) Pause Young (Allocation Failure) 638M->558M(640M) 2.983ms
[13147.174s][info][gc,cpu         ] GC(31751) User=0.00s Sys=0.00s Real=0.01s
[13147.547s][info][gc,start       ] GC(31752) Pause Young (Allocation Failure)
[13147.550s][info][gc,heap        ] GC(31752) PSYoungGen: 82656K(84480K)->2336K(84480K) Eden: 81920K(81920K)->0K(81920K) From: 736K(2560K)->2336K(2560K)
[13147.550s][info][gc,heap        ] GC(31752) ParOldGen: 570941K(571392K)->571021K(571392K)
[13147.550s][info][gc,metaspace   ] GC(31752) Metaspace: 62165K(62464K)->62165K(62464K) NonClass: 56633K(56832K)->56633K(56832K) Class: 5532K(5632K)->5532K(5632K)
[13147.550s][info][gc             ] GC(31752) Pause Young (Allocation Failure) 638M->559M(640M) 2.823ms
[13147.550s][info][gc,cpu         ] GC(31752) User=0.00s Sys=0.00s Real=0.00s
[13147.921s][info][gc,start       ] GC(31753) Pause Young (Allocation Failure)
[13147.926s][info][gc,heap        ] GC(31753) PSYoungGen: 84256K(84480K)->1472K(84480K) Eden: 81920K(81920K)->0K(81920K) From: 2336K(2560K)->1472K(2560K)
[13147.926s][info][gc,heap        ] GC(31753) ParOldGen: 571021K(571392K)->573133K(574464K)
[13147.926s][info][gc,metaspace   ] GC(31753) Metaspace: 62165K(62464K)->62165K(62464K) NonClass: 56633K(56832K)->56633K(56832K) Class: 5532K(5632K)->5532K(5632K)
[13147.926s][info][gc             ] GC(31753) Pause Young (Allocation Failure) 639M->561M(643M) 4.540ms
[13147.926s][info][gc,cpu         ] GC(31753) User=0.01s Sys=0.00s Real=0.00s
[13148.304s][info][gc,start       ] GC(31754) Pause Young (Allocation Failure)
[13148.308s][info][gc,heap        ] GC(31754) PSYoungGen: 83392K(84480K)->1376K(84480K) Eden: 81920K(81920K)->0K(81920K) From: 1472K(2560K)->1376K(2560K)
[13148.308s][info][gc,heap        ] GC(31754) ParOldGen: 573133K(574464K)->573205K(574464K)
[13148.308s][info][gc,metaspace   ] GC(31754) Metaspace: 62165K(62464K)->62165K(62464K) NonClass: 56633K(56832K)->56633K(56832K) Class: 5532K(5632K)->5532K(5632K)
[13148.308s][info][gc             ] GC(31754) Pause Young (Allocation Failure) 641M->561M(643M) 3.437ms
[13148.308s][info][gc,cpu         ] GC(31754) User=0.01s Sys=0.00s Real=0.00s
[13148.740s][info][gc,start       ] GC(31755) Pause Young (Allocation Failure)
[13148.742s][info][gc,heap        ] GC(31755) PSYoungGen: 83296K(84480K)->192K(84480K) Eden: 81920K(81920K)->0K(81920K) From: 1376K(2560K)->192K(2560K)
[13148.742s][info][gc,heap        ] GC(31755) ParOldGen: 573205K(574464K)->573269K(574464K)
[13148.742s][info][gc,metaspace   ] GC(31755) Metaspace: 62165K(62464K)->62165K(62464K) NonClass: 56633K(56832K)->56633K(56832K) Class: 5532K(5632K)->5532K(5632K)
[13148.743s][info][gc             ] GC(31755) Pause Young (Allocation Failure) 641M->560M(643M) 2.494ms
[13148.743s][info][gc,cpu         ] GC(31755) User=0.01s Sys=0.00s Real=0.01s
[13149.099s][info][gc,start       ] GC(31756) Pause Young (Allocation Failure)
[13149.103s][info][gc,heap        ] GC(31756) PSYoungGen: 82112K(84480K)->1280K(84480K) Eden: 81920K(81920K)->0K(81920K) From: 192K(2560K)->1280K(2560K)
[13149.103s][info][gc,heap        ] GC(31756) ParOldGen: 573269K(574464K)->573341K(574464K)
[13149.103s][info][gc,metaspace   ] GC(31756) Metaspace: 62165K(62464K)->62165K(62464K) NonClass: 56633K(56832K)->56633K(56832K) Class: 5532K(5632K)->5532K(5632K)
[13149.103s][info][gc             ] GC(31756) Pause Young (Allocation Failure) 640M->561M(643M) 3.270ms
[13149.103s][info][gc,cpu         ] GC(31756) User=0.01s Sys=0.00s Real=0.01s
[13149.540s][info][gc,start       ] GC(31757) Pause Young (Allocation Failure)
[13149.543s][info][gc,heap        ] GC(31757) PSYoungGen: 83200K(84480K)->192K(84480K) Eden: 81920K(81920K)->0K(81920K) From: 1280K(2560K)->192K(2560K)
[13149.543s][info][gc,heap        ] GC(31757) ParOldGen: 573341K(574464K)->573405K(574464K)
[13149.543s][info][gc,metaspace   ] GC(31757) Metaspace: 62165K(62464K)->62165K(62464K) NonClass: 56633K(56832K)->56633K(56832K) Class: 5532K(5632K)->5532K(5632K)
[13149.543s][info][gc             ] GC(31757) Pause Young (Allocation Failure) 641M->560M(643M) 2.364ms
[13149.543s][info][gc,cpu         ] GC(31757) User=0.01s Sys=0.00s Real=0.01s
[13149.980s][info][gc,start       ] GC(31758) Pause Young (Allocation Failure)
[13149.983s][info][gc,heap        ] GC(31758) PSYoungGen: 82112K(84480K)->768K(84480K) Eden: 81920K(81920K)->0K(81920K) From: 192K(2560K)->768K(2560K)
[13149.983s][info][gc,heap        ] GC(31758) ParOldGen: 573405K(574464K)->573477K(574464K)
[13149.983s][info][gc,metaspace   ] GC(31758) Metaspace: 62165K(62464K)->62165K(62464K) NonClass: 56633K(56832K)->56633K(56832K) Class: 5532K(5632K)->5532K(5632K)
[13149.983s][info][gc             ] GC(31758) Pause Young (Allocation Failure) 640M->560M(643M) 3.001ms
[13149.983s][info][gc,cpu         ] GC(31758) User=0.00s Sys=0.00s Real=0.01s
[13150.409s][info][gc,start       ] GC(31759) Pause Young (Allocation Failure)
[13150.412s][info][gc,heap        ] GC(31759) PSYoungGen: 82688K(84480K)->1280K(84480K) Eden: 81920K(81920K)->0K(81920K) From: 768K(2560K)->1280K(2560K)
[13150.412s][info][gc,heap        ] GC(31759) ParOldGen: 573477K(574464K)->573549K(574464K)
[13150.412s][info][gc,metaspace   ] GC(31759) Metaspace: 62165K(62464K)->62165K(62464K) NonClass: 56633K(56832K)->56633K(56832K) Class: 5532K(5632K)->5532K(5632K)
[13150.412s][info][gc             ] GC(31759) Pause Young (Allocation Failure) 640M->561M(643M) 3.352ms
[13150.412s][info][gc,cpu         ] GC(31759) User=0.00s Sys=0.00s Real=0.01s
[13150.835s][info][gc,start       ] GC(31760) Pause Young (Allocation Failure)
[13150.839s][info][gc,heap        ] GC(31760) PSYoungGen: 83200K(84480K)->1760K(84480K) Eden: 81920K(81920K)->0K(81920K) From: 1280K(2560K)->1760K(2560K)
[13150.839s][info][gc,heap        ] GC(31760) ParOldGen: 573549K(574464K)->573621K(574464K)
[13150.839s][info][gc,metaspace   ] GC(31760) Metaspace: 62165K(62464K)->62165K(62464K) NonClass: 56633K(56832K)->56633K(56832K) Class: 5532K(5632K)->5532K(5632K)
[13150.839s][info][gc             ] GC(31760) Pause Young (Allocation Failure) 641M->561M(643M) 3.807ms
[13150.839s][info][gc,cpu         ] GC(31760) User=0.01s Sys=0.00s Real=0.00s
[13151.245s][info][gc,start       ] GC(31761) Pause Young (Allocation Failure)
[13151.248s][info][gc,heap        ] GC(31761) PSYoungGen: 83680K(84480K)->288K(84480K) Eden: 81920K(81920K)->0K(81920K) From: 1760K(2560K)->288K(2560K)
[13151.248s][info][gc,heap        ] GC(31761) ParOldGen: 573621K(574464K)->573685K(574464K)
[13151.248s][info][gc,metaspace   ] GC(31761) Metaspace: 62165K(62464K)->62165K(62464K) NonClass: 56633K(56832K)->56633K(56832K) Class: 5532K(5632K)->5532K(5632K)
[13151.248s][info][gc             ] GC(31761) Pause Young (Allocation Failure) 641M->560M(643M) 2.453ms
[13151.248s][info][gc,cpu         ] GC(31761) User=0.01s Sys=0.00s Real=0.00s
[13151.626s][info][gc,start       ] GC(31762) Pause Young (Allocation Failure)
[13151.630s][info][gc,heap        ] GC(31762) PSYoungGen: 82208K(84480K)->1760K(84480K) Eden: 81920K(81920K)->0K(81920K) From: 288K(2560K)->1760K(2560K)
[13151.630s][info][gc,heap        ] GC(31762) ParOldGen: 573685K(574464K)->573749K(574464K)
[13151.630s][info][gc,metaspace   ] GC(31762) Metaspace: 62165K(62464K)->62165K(62464K) NonClass: 56633K(56832K)->56633K(56832K) Class: 5532K(5632K)->5532K(5632K)
[13151.630s][info][gc             ] GC(31762) Pause Young (Allocation Failure) 640M->562M(643M) 3.663ms
[13151.630s][info][gc,cpu         ] GC(31762) User=0.01s Sys=0.00s Real=0.00s
[13152.040s][info][gc,start       ] GC(31763) Pause Young (Allocation Failure)
[13152.043s][info][gc,heap        ] GC(31763) PSYoungGen: 83680K(84480K)->2240K(84480K) Eden: 81920K(81920K)->0K(81920K) From: 1760K(2560K)->2240K(2560K)
[13152.043s][info][gc,heap        ] GC(31763) ParOldGen: 573749K(574464K)->573821K(574464K)
[13152.043s][info][gc,metaspace   ] GC(31763) Metaspace: 62165K(62464K)->62165K(62464K) NonClass: 56633K(56832K)->56633K(56832K) Class: 5532K(5632K)->5532K(5632K)
[13152.043s][info][gc             ] GC(31763) Pause Young (Allocation Failure) 642M->562M(643M) 2.782ms
[13152.043s][info][gc,cpu         ] GC(31763) User=0.01s Sys=0.00s Real=0.01s
[13152.475s][info][gc,start       ] GC(31764) Pause Young (Allocation Failure)
[13152.479s][info][gc,heap        ] GC(31764) PSYoungGen: 84160K(84480K)->736K(83456K) Eden: 81920K(81920K)->0K(80896K) From: 2240K(2560K)->736K(2560K)
[13152.479s][info][gc,heap        ] GC(31764) ParOldGen: 573821K(574464K)->575933K(576000K)
[13152.479s][info][gc,metaspace   ] GC(31764) Metaspace: 62165K(62464K)->62165K(62464K) NonClass: 56633K(56832K)->56633K(56832K) Class: 5532K(5632K)->5532K(5632K)
[13152.479s][info][gc             ] GC(31764) Pause Young (Allocation Failure) 642M->563M(644M) 3.920ms
[13152.479s][info][gc,cpu         ] GC(31764) User=0.01s Sys=0.01s Real=0.00s
[13152.900s][info][gc,start       ] GC(31765) Pause Young (Allocation Failure)
[13152.903s][info][gc,heap        ] GC(31765) PSYoungGen: 81632K(83456K)->1152K(83968K) Eden: 80896K(80896K)->0K(80896K) From: 736K(2560K)->1152K(3072K)
[13152.903s][info][gc,heap        ] GC(31765) ParOldGen: 575933K(576000K)->576005K(576512K)
[13152.903s][info][gc,metaspace   ] GC(31765) Metaspace: 62165K(62464K)->62165K(62464K) NonClass: 56633K(56832K)->56633K(56832K) Class: 5532K(5632K)->5532K(5632K)
[13152.903s][info][gc             ] GC(31765) Pause Young (Allocation Failure) 642M->563M(645M) 3.265ms
[13152.903s][info][gc,cpu         ] GC(31765) User=0.01s Sys=0.00s Real=0.01s
[13153.312s][info][gc,start       ] GC(31766) Pause Young (Allocation Failure)
[13153.315s][info][gc,heap        ] GC(31766) PSYoungGen: 82048K(83968K)->1344K(84480K) Eden: 80896K(80896K)->0K(81408K) From: 1152K(3072K)->1344K(3072K)
[13153.315s][info][gc,heap        ] GC(31766) ParOldGen: 576005K(576512K)->576077K(576512K)
[13153.315s][info][gc,metaspace   ] GC(31766) Metaspace: 62165K(62464K)->62165K(62464K) NonClass: 56633K(56832K)->56633K(56832K) Class: 5532K(5632K)->5532K(5632K)
[13153.315s][info][gc             ] GC(31766) Pause Young (Allocation Failure) 642M->563M(645M) 3.590ms
[13153.315s][info][gc,cpu         ] GC(31766) User=0.01s Sys=0.00s Real=0.00s
[13153.703s][info][gc,start       ] GC(31767) Pause Young (Allocation Failure)
[13153.707s][info][gc,heap        ] GC(31767) PSYoungGen: 82752K(84480K)->1408K(83968K) Eden: 81408K(81408K)->0K(81408K) From: 1344K(3072K)->1408K(2560K)
[13153.707s][info][gc,heap        ] GC(31767) ParOldGen: 576077K(576512K)->576149K(576512K)
[13153.707s][info][gc,metaspace   ] GC(31767) Metaspace: 62165K(62464K)->62165K(62464K) NonClass: 56633K(56832K)->56633K(56832K) Class: 5532K(5632K)->5532K(5632K)
[13153.707s][info][gc             ] GC(31767) Pause Young (Allocation Failure) 643M->564M(645M) 3.372ms
[13153.707s][info][gc,cpu         ] GC(31767) User=0.00s Sys=0.00s Real=0.00s
[13154.230s][info][gc,start       ] GC(31768) Pause Young (Allocation Failure)
[13154.233s][info][gc,heap        ] GC(31768) PSYoungGen: 82816K(83968K)->1408K(84480K) Eden: 81408K(81408K)->0K(81920K) From: 1408K(2560K)->1408K(2560K)
[13154.233s][info][gc,heap        ] GC(31768) ParOldGen: 576149K(576512K)->576221K(576512K)
[13154.233s][info][gc,metaspace   ] GC(31768) Metaspace: 62165K(62464K)->62165K(62464K) NonClass: 56633K(56832K)->56633K(56832K) Class: 5532K(5632K)->5532K(5632K)
[13154.233s][info][gc             ] GC(31768) Pause Young (Allocation Failure) 643M->564M(645M) 3.415ms
[13154.233s][info][gc,cpu         ] GC(31768) User=0.00s Sys=0.01s Real=0.01s
[13154.673s][info][gc,start       ] GC(31769) Pause Young (Allocation Failure)
[13154.676s][info][gc,heap        ] GC(31769) PSYoungGen: 83328K(84480K)->736K(84480K) Eden: 81920K(81920K)->0K(81920K) From: 1408K(2560K)->736K(2560K)
[13154.676s][info][gc,heap        ] GC(31769) ParOldGen: 576221K(576512K)->576341K(576512K)
[13154.676s][info][gc,metaspace   ] GC(31769) Metaspace: 62165K(62464K)->62165K(62464K) NonClass: 56633K(56832K)->56633K(56832K) Class: 5532K(5632K)->5532K(5632K)
[13154.676s][info][gc             ] GC(31769) Pause Young (Allocation Failure) 644M->563M(645M) 3.027ms
[13154.676s][info][gc,cpu         ] GC(31769) User=0.01s Sys=0.00s Real=0.00s
[13155.090s][info][gc,start       ] GC(31770) Pause Young (Allocation Failure)
[13155.093s][info][gc,heap        ] GC(31770) PSYoungGen: 82656K(84480K)->1024K(84480K) Eden: 81920K(81920K)->0K(81920K) From: 736K(2560K)->1024K(2560K)
[13155.093s][info][gc,heap        ] GC(31770) ParOldGen: 576341K(576512K)->576413K(576512K)
[13155.093s][info][gc,metaspace   ] GC(31770) Metaspace: 62165K(62464K)->62165K(62464K) NonClass: 56633K(56832K)->56633K(56832K) Class: 5532K(5632K)->5532K(5632K)
[13155.093s][info][gc             ] GC(31770) Pause Young (Allocation Failure) 643M->563M(645M) 3.320ms
[13155.093s][info][gc,cpu         ] GC(31770) User=0.00s Sys=0.00s Real=0.01s
[13155.456s][info][gc,start       ] GC(31771) Pause Young (Allocation Failure)
[13155.459s][info][gc,heap        ] GC(31771) PSYoungGen: 82944K(84480K)->480K(84480K) Eden: 81920K(81920K)->0K(81920K) From: 1024K(2560K)->480K(2560K)
[13155.459s][info][gc,heap        ] GC(31771) ParOldGen: 576413K(576512K)->576477K(576512K)
[13155.459s][info][gc,metaspace   ] GC(31771) Metaspace: 62165K(62464K)->62165K(62464K) NonClass: 56633K(56832K)->56633K(56832K) Class: 5532K(5632K)->5532K(5632K)
[13155.459s][info][gc             ] GC(31771) Pause Young (Allocation Failure) 643M->563M(645M) 2.765ms
[13155.459s][info][gc,cpu         ] GC(31771) User=0.01s Sys=0.01s Real=0.00s
[13155.818s][info][gc,start       ] GC(31772) Pause Young (Allocation Failure)
[13155.822s][info][gc,heap        ] GC(31772) PSYoungGen: 82400K(84480K)->1504K(84480K) Eden: 81920K(81920K)->0K(81920K) From: 480K(2560K)->1504K(2560K)
[13155.822s][info][gc,heap        ] GC(31772) ParOldGen: 576477K(576512K)->576541K(577024K)
[13155.822s][info][gc,metaspace   ] GC(31772) Metaspace: 62165K(62464K)->62165K(62464K) NonClass: 56633K(56832K)->56633K(56832K) Class: 5532K(5632K)->5532K(5632K)
[13155.822s][info][gc             ] GC(31772) Pause Young (Allocation Failure) 643M->564M(646M) 3.606ms
[13155.822s][info][gc,cpu         ] GC(31772) User=0.01s Sys=0.00s Real=0.01s
[13156.232s][info][gc,start       ] GC(31773) Pause Young (Allocation Failure)
[13156.236s][info][gc,heap        ] GC(31773) PSYoungGen: 83424K(84480K)->1728K(84480K) Eden: 81920K(81920K)->0K(81920K) From: 1504K(2560K)->1728K(2560K)
[13156.236s][info][gc,heap        ] GC(31773) ParOldGen: 576541K(577024K)->576613K(577024K)
[13156.236s][info][gc,metaspace   ] GC(31773) Metaspace: 62165K(62464K)->62165K(62464K) NonClass: 56633K(56832K)->56633K(56832K) Class: 5532K(5632K)->5532K(5632K)
[13156.236s][info][gc             ] GC(31773) Pause Young (Allocation Failure) 644M->564M(646M) 3.700ms
[13156.236s][info][gc,cpu         ] GC(31773) User=0.00s Sys=0.00s Real=0.00s
[13156.624s][info][gc,start       ] GC(31774) Pause Young (Allocation Failure)
[13156.628s][info][gc,heap        ] GC(31774) PSYoungGen: 83648K(84480K)->1632K(84480K) Eden: 81920K(81920K)->0K(81920K) From: 1728K(2560K)->1632K(2560K)
[13156.628s][info][gc,heap        ] GC(31774) ParOldGen: 576613K(577024K)->576685K(577024K)
[13156.628s][info][gc,metaspace   ] GC(31774) Metaspace: 62165K(62464K)->62165K(62464K) NonClass: 56633K(56832K)->56633K(56832K) Class: 5532K(5632K)->5532K(5632K)
[13156.628s][info][gc             ] GC(31774) Pause Young (Allocation Failure) 644M->564M(646M) 3.682ms
[13156.628s][info][gc,cpu         ] GC(31774) User=0.00s Sys=0.00s Real=0.00s
[13156.991s][info][gc,start       ] GC(31775) Pause Young (Allocation Failure)
[13156.995s][info][gc,heap        ] GC(31775) PSYoungGen: 83552K(84480K)->2112K(84480K) Eden: 81920K(81920K)->0K(81920K) From: 1632K(2560K)->2112K(2560K)
[13156.995s][info][gc,heap        ] GC(31775) ParOldGen: 576685K(577024K)->577781K(578560K)
[13156.995s][info][gc,metaspace   ] GC(31775) Metaspace: 62165K(62464K)->62165K(62464K) NonClass: 56633K(56832K)->56633K(56832K) Class: 5532K(5632K)->5532K(5632K)
[13156.995s][info][gc             ] GC(31775) Pause Young (Allocation Failure) 644M->566M(647M) 3.857ms
[13156.995s][info][gc,cpu         ] GC(31775) User=0.01s Sys=0.00s Real=0.00s
[13157.369s][info][gc,start       ] GC(31776) Pause Young (Allocation Failure)
[13157.373s][info][gc,heap        ] GC(31776) PSYoungGen: 84032K(84480K)->704K(83456K) Eden: 81920K(81920K)->0K(80896K) From: 2112K(2560K)->704K(2560K)
[13157.373s][info][gc,heap        ] GC(31776) ParOldGen: 577781K(578560K)->579901K(580096K)
[13157.373s][info][gc,metaspace   ] GC(31776) Metaspace: 62165K(62464K)->62165K(62464K) NonClass: 56633K(56832K)->56633K(56832K) Class: 5532K(5632K)->5532K(5632K)
[13157.373s][info][gc             ] GC(31776) Pause Young (Allocation Failure) 646M->566M(648M) 3.783ms
[13157.373s][info][gc,cpu         ] GC(31776) User=0.00s Sys=0.00s Real=0.01s
[13157.796s][info][gc,start       ] GC(31777) Pause Young (Allocation Failure)
[13157.800s][info][gc,heap        ] GC(31777) PSYoungGen: 81600K(83456K)->1216K(83968K) Eden: 80896K(80896K)->0K(80896K) From: 704K(2560K)->1216K(3072K)
[13157.800s][info][gc,heap        ] GC(31777) ParOldGen: 579901K(580096K)->579973K(580096K)
[13157.800s][info][gc,metaspace   ] GC(31777) Metaspace: 62165K(62464K)->62165K(62464K) NonClass: 56633K(56832K)->56633K(56832K) Class: 5532K(5632K)->5532K(5632K)
[13157.800s][info][gc             ] GC(31777) Pause Young (Allocation Failure) 645M->567M(648M) 3.303ms
[13157.800s][info][gc,cpu         ] GC(31777) User=0.00s Sys=0.00s Real=0.00s
[13158.183s][info][gc,start       ] GC(31778) Pause Young (Allocation Failure)
[13158.185s][info][gc,heap        ] GC(31778) PSYoungGen: 82112K(83968K)->928K(84480K) Eden: 80896K(80896K)->0K(81920K) From: 1216K(3072K)->928K(2560K)
[13158.185s][info][gc,heap        ] GC(31778) ParOldGen: 579973K(580096K)->580045K(580096K)
[13158.185s][info][gc,metaspace   ] GC(31778) Metaspace: 62165K(62464K)->62165K(62464K) NonClass: 56633K(56832K)->56633K(56832K) Class: 5532K(5632K)->5532K(5632K)
[13158.185s][info][gc             ] GC(31778) Pause Young (Allocation Failure) 646M->567M(649M) 2.954ms
[13158.186s][info][gc,cpu         ] GC(31778) User=0.01s Sys=0.00s Real=0.00s
[13158.575s][info][gc,start       ] GC(31779) Pause Young (Allocation Failure)
[13158.578s][info][gc,heap        ] GC(31779) PSYoungGen: 82848K(84480K)->800K(84480K) Eden: 81920K(81920K)->0K(81920K) From: 928K(2560K)->800K(2560K)
[13158.578s][info][gc,heap        ] GC(31779) ParOldGen: 580045K(580096K)->580117K(580608K)
[13158.578s][info][gc,metaspace   ] GC(31779) Metaspace: 62165K(62464K)->62165K(62464K) NonClass: 56633K(56832K)->56633K(56832K) Class: 5532K(5632K)->5532K(5632K)
[13158.578s][info][gc             ] GC(31779) Pause Young (Allocation Failure) 647M->567M(649M) 3.039ms
[13158.578s][info][gc,cpu         ] GC(31779) User=0.00s Sys=0.00s Real=0.00s
[13158.957s][info][gc,start       ] GC(31780) Pause Young (Allocation Failure)
[13158.960s][info][gc,heap        ] GC(31780) PSYoungGen: 82720K(84480K)->512K(84480K) Eden: 81920K(81920K)->0K(81920K) From: 800K(2560K)->512K(2560K)
[13158.960s][info][gc,heap        ] GC(31780) ParOldGen: 580117K(580608K)->580181K(580608K)
[13158.960s][info][gc,metaspace   ] GC(31780) Metaspace: 62165K(62464K)->62165K(62464K) NonClass: 56633K(56832K)->56633K(56832K) Class: 5532K(5632K)->5532K(5632K)
[13158.960s][info][gc             ] GC(31780) Pause Young (Allocation Failure) 647M->567M(649M) 2.856ms
[13158.960s][info][gc,cpu         ] GC(31780) User=0.00s Sys=0.00s Real=0.00s
[13159.387s][info][gc,start       ] GC(31781) Pause Young (Allocation Failure)
[13159.390s][info][gc,heap        ] GC(31781) PSYoungGen: 82432K(84480K)->896K(84480K) Eden: 81920K(81920K)->0K(81920K) From: 512K(2560K)->896K(2560K)
[13159.390s][info][gc,heap        ] GC(31781) ParOldGen: 580181K(580608K)->580253K(580608K)
[13159.390s][info][gc,metaspace   ] GC(31781) Metaspace: 62165K(62464K)->62165K(62464K) NonClass: 56633K(56832K)->56633K(56832K) Class: 5532K(5632K)->5532K(5632K)
[13159.390s][info][gc             ] GC(31781) Pause Young (Allocation Failure) 647M->567M(649M) 3.031ms
[13159.390s][info][gc,cpu         ] GC(31781) User=0.00s Sys=0.00s Real=0.00s
[13159.805s][info][gc,start       ] GC(31782) Pause Young (Allocation Failure)
[13159.808s][info][gc,heap        ] GC(31782) PSYoungGen: 82816K(84480K)->1312K(84480K) Eden: 81920K(81920K)->0K(81920K) From: 896K(2560K)->1312K(2560K)
[13159.809s][info][gc,heap        ] GC(31782) ParOldGen: 580253K(580608K)->580317K(580608K)
[13159.809s][info][gc,metaspace   ] GC(31782) Metaspace: 62165K(62464K)->62165K(62464K) NonClass: 56633K(56832K)->56633K(56832K) Class: 5532K(5632K)->5532K(5632K)
[13159.809s][info][gc             ] GC(31782) Pause Young (Allocation Failure) 647M->567M(649M) 3.409ms
[13159.809s][info][gc,cpu         ] GC(31782) User=0.01s Sys=0.00s Real=0.00s
[13160.214s][info][gc,start       ] GC(31783) Pause Young (Allocation Failure)
[13160.217s][info][gc,heap        ] GC(31783) PSYoungGen: 83232K(84480K)->1344K(84480K) Eden: 81920K(81920K)->0K(81920K) From: 1312K(2560K)->1344K(2560K)
[13160.217s][info][gc,heap        ] GC(31783) ParOldGen: 580317K(580608K)->580389K(580608K)
[13160.217s][info][gc,metaspace   ] GC(31783) Metaspace: 62165K(62464K)->62165K(62464K) NonClass: 56633K(56832K)->56633K(56832K) Class: 5532K(5632K)->5532K(5632K)
[13160.218s][info][gc             ] GC(31783) Pause Young (Allocation Failure) 647M->568M(649M) 3.386ms
[13160.218s][info][gc,cpu         ] GC(31783) User=0.00s Sys=0.00s Real=0.00s
[13160.648s][info][gc,start       ] GC(31784) Pause Young (Allocation Failure)
[13160.650s][info][gc,heap        ] GC(31784) PSYoungGen: 83264K(84480K)->320K(84480K) Eden: 81920K(81920K)->0K(81920K) From: 1344K(2560K)->320K(2560K)
[13160.650s][info][gc,heap        ] GC(31784) ParOldGen: 580389K(580608K)->580453K(580608K)
[13160.650s][info][gc,metaspace   ] GC(31784) Metaspace: 62165K(62464K)->62165K(62464K) NonClass: 56633K(56832K)->56633K(56832K) Class: 5532K(5632K)->5532K(5632K)
[13160.650s][info][gc             ] GC(31784) Pause Young (Allocation Failure) 648M->567M(649M) 2.569ms
[13160.650s][info][gc,cpu         ] GC(31784) User=0.00s Sys=0.00s Real=0.00s
[13161.076s][info][gc,start       ] GC(31785) Pause Young (Allocation Failure)
[13161.078s][info][gc,heap        ] GC(31785) PSYoungGen: 82240K(84480K)->800K(84480K) Eden: 81920K(81920K)->0K(81920K) From: 320K(2560K)->800K(2560K)
[13161.078s][info][gc,heap        ] GC(31785) ParOldGen: 580453K(580608K)->580517K(580608K)
[13161.078s][info][gc,metaspace   ] GC(31785) Metaspace: 62165K(62464K)->62165K(62464K) NonClass: 56633K(56832K)->56633K(56832K) Class: 5532K(5632K)->5532K(5632K)
[13161.078s][info][gc             ] GC(31785) Pause Young (Allocation Failure) 647M->567M(649M) 2.907ms
[13161.079s][info][gc,cpu         ] GC(31785) User=0.01s Sys=0.00s Real=0.00s
[13161.534s][info][gc,start       ] GC(31786) Pause Young (Allocation Failure)
[13161.538s][info][gc,heap        ] GC(31786) PSYoungGen: 82720K(84480K)->2528K(82432K) Eden: 81920K(81920K)->0K(79872K) From: 800K(2560K)->2528K(2560K)
[13161.538s][info][gc,heap        ] GC(31786) ParOldGen: 580517K(580608K)->581757K(582144K)
[13161.538s][info][gc,metaspace   ] GC(31786) Metaspace: 62165K(62464K)->62165K(62464K) NonClass: 56633K(56832K)->56633K(56832K) Class: 5532K(5632K)->5532K(5632K)
[13161.538s][info][gc             ] GC(31786) Pause Young (Allocation Failure) 647M->570M(649M) 4.422ms
[13161.538s][info][gc,cpu         ] GC(31786) User=0.01s Sys=0.00s Real=0.00s
[13161.953s][info][gc,start       ] GC(31787) Pause Young (Allocation Failure)
[13161.957s][info][gc,heap        ] GC(31787) PSYoungGen: 82400K(82432K)->384K(83456K) Eden: 79872K(79872K)->0K(79872K) From: 2528K(2560K)->384K(3584K)
[13161.957s][info][gc,heap        ] GC(31787) ParOldGen: 581757K(582144K)->583853K(585216K)
[13161.957s][info][gc,metaspace   ] GC(31787) Metaspace: 62165K(62464K)->62165K(62464K) NonClass: 56633K(56832K)->56633K(56832K) Class: 5532K(5632K)->5532K(5632K)
[13161.957s][info][gc             ] GC(31787) Pause Young (Allocation Failure) 648M->570M(653M) 3.784ms
[13161.957s][info][gc,cpu         ] GC(31787) User=0.01s Sys=0.00s Real=0.00s
[13162.363s][info][gc,start       ] GC(31788) Pause Young (Allocation Failure)
[13162.366s][info][gc,heap        ] GC(31788) PSYoungGen: 80256K(83456K)->544K(83968K) Eden: 79872K(79872K)->0K(80896K) From: 384K(3584K)->544K(3072K)
[13162.366s][info][gc,heap        ] GC(31788) ParOldGen: 583853K(585216K)->583941K(585216K)
[13162.366s][info][gc,metaspace   ] GC(31788) Metaspace: 62165K(62464K)->62165K(62464K) NonClass: 56633K(56832K)->56633K(56832K) Class: 5532K(5632K)->5532K(5632K)
[13162.366s][info][gc             ] GC(31788) Pause Young (Allocation Failure) 648M->570M(653M) 2.839ms
[13162.366s][info][gc,cpu         ] GC(31788) User=0.01s Sys=0.00s Real=0.00s
[13162.782s][info][gc,start       ] GC(31789) Pause Young (Allocation Failure)
[13162.785s][info][gc,heap        ] GC(31789) PSYoungGen: 81439K(83968K)->832K(83968K) Eden: 80895K(80896K)->0K(80896K) From: 544K(3072K)->832K(3072K)
[13162.785s][info][gc,heap        ] GC(31789) ParOldGen: 583941K(585216K)->584005K(585216K)
[13162.785s][info][gc,metaspace   ] GC(31789) Metaspace: 62165K(62464K)->62165K(62464K) NonClass: 56633K(56832K)->56633K(56832K) Class: 5532K(5632K)->5532K(5632K)
[13162.785s][info][gc             ] GC(31789) Pause Young (Allocation Failure) 649M->571M(653M) 3.017ms
[13162.785s][info][gc,cpu         ] GC(31789) User=0.00s Sys=0.00s Real=0.00s
[13163.182s][info][gc,start       ] GC(31790) Pause Young (Allocation Failure)
[13163.184s][info][gc,heap        ] GC(31790) PSYoungGen: 81728K(83968K)->896K(83968K) Eden: 80896K(80896K)->0K(80896K) From: 832K(3072K)->896K(3072K)
[13163.184s][info][gc,heap        ] GC(31790) ParOldGen: 584005K(585216K)->584077K(585216K)
[13163.184s][info][gc,metaspace   ] GC(31790) Metaspace: 62165K(62464K)->62165K(62464K) NonClass: 56633K(56832K)->56633K(56832K) Class: 5532K(5632K)->5532K(5632K)
[13163.184s][info][gc             ] GC(31790) Pause Young (Allocation Failure) 650M->571M(653M) 2.946ms
[13163.185s][info][gc,cpu         ] GC(31790) User=0.00s Sys=0.00s Real=0.00s
[13163.583s][info][gc,start       ] GC(31791) Pause Young (Allocation Failure)
[13163.586s][info][gc,heap        ] GC(31791) PSYoungGen: 81792K(83968K)->928K(83968K) Eden: 80896K(80896K)->0K(80896K) From: 896K(3072K)->928K(3072K)
[13163.586s][info][gc,heap        ] GC(31791) ParOldGen: 584077K(585216K)->584149K(585216K)
[13163.586s][info][gc,metaspace   ] GC(31791) Metaspace: 62165K(62464K)->62165K(62464K) NonClass: 56633K(56832K)->56633K(56832K) Class: 5532K(5632K)->5532K(5632K)
[13163.586s][info][gc             ] GC(31791) Pause Young (Allocation Failure) 650M->571M(653M) 3.059ms
[13163.586s][info][gc,cpu         ] GC(31791) User=0.01s Sys=0.01s Real=0.00s
[13164.021s][info][gc,start       ] GC(31792) Pause Young (Allocation Failure)
[13164.024s][info][gc,heap        ] GC(31792) PSYoungGen: 81824K(83968K)->1408K(84480K) Eden: 80896K(80896K)->0K(81408K) From: 928K(3072K)->1408K(3072K)
[13164.024s][info][gc,heap        ] GC(31792) ParOldGen: 584149K(585216K)->584221K(585216K)
[13164.024s][info][gc,metaspace   ] GC(31792) Metaspace: 62165K(62464K)->62165K(62464K) NonClass: 56633K(56832K)->56633K(56832K) Class: 5532K(5632K)->5532K(5632K)
[13164.024s][info][gc             ] GC(31792) Pause Young (Allocation Failure) 650M->571M(654M) 3.461ms
[13164.024s][info][gc,cpu         ] GC(31792) User=0.01s Sys=0.00s Real=0.01s
[13164.464s][info][gc,start       ] GC(31793) Pause Young (Allocation Failure)
[13164.466s][info][gc,heap        ] GC(31793) PSYoungGen: 82816K(84480K)->544K(83968K) Eden: 81408K(81408K)->0K(81408K) From: 1408K(3072K)->544K(2560K)
[13164.466s][info][gc,heap        ] GC(31793) ParOldGen: 584221K(585216K)->584285K(585216K)
[13164.466s][info][gc,metaspace   ] GC(31793) Metaspace: 62165K(62464K)->62165K(62464K) NonClass: 56633K(56832K)->56633K(56832K) Class: 5532K(5632K)->5532K(5632K)
[13164.466s][info][gc             ] GC(31793) Pause Young (Allocation Failure) 651M->571M(653M) 2.741ms
[13164.466s][info][gc,cpu         ] GC(31793) User=0.00s Sys=0.00s Real=0.00s
[13164.897s][info][gc,start       ] GC(31794) Pause Young (Allocation Failure)
[13164.900s][info][gc,heap        ] GC(31794) PSYoungGen: 81952K(83968K)->1152K(84480K) Eden: 81408K(81408K)->0K(81920K) From: 544K(2560K)->1152K(2560K)
[13164.900s][info][gc,heap        ] GC(31794) ParOldGen: 584285K(585216K)->584357K(585216K)
[13164.900s][info][gc,metaspace   ] GC(31794) Metaspace: 62165K(62464K)->62165K(62464K) NonClass: 56633K(56832K)->56633K(56832K) Class: 5532K(5632K)->5532K(5632K)
[13164.900s][info][gc             ] GC(31794) Pause Young (Allocation Failure) 650M->571M(654M) 3.375ms
[13164.900s][info][gc,cpu         ] GC(31794) User=0.00s Sys=0.00s Real=0.00s
[13165.320s][info][gc,start       ] GC(31795) Pause Young (Allocation Failure)
[13165.324s][info][gc,heap        ] GC(31795) PSYoungGen: 83072K(84480K)->1344K(84480K) Eden: 81920K(81920K)->0K(81920K) From: 1152K(2560K)->1344K(2560K)
[13165.324s][info][gc,heap        ] GC(31795) ParOldGen: 584357K(585216K)->584421K(585216K)
[13165.324s][info][gc,metaspace   ] GC(31795) Metaspace: 62165K(62464K)->62165K(62464K) NonClass: 56633K(56832K)->56633K(56832K) Class: 5532K(5632K)->5532K(5632K)
[13165.324s][info][gc             ] GC(31795) Pause Young (Allocation Failure) 651M->572M(654M) 3.555ms
[13165.324s][info][gc,cpu         ] GC(31795) User=0.01s Sys=0.00s Real=0.01s
[13165.775s][info][gc,start       ] GC(31796) Pause Young (Allocation Failure)
[13165.778s][info][gc,heap        ] GC(31796) PSYoungGen: 83264K(84480K)->736K(84480K) Eden: 81920K(81920K)->0K(81920K) From: 1344K(2560K)->736K(2560K)
[13165.778s][info][gc,heap        ] GC(31796) ParOldGen: 584421K(585216K)->584493K(585216K)
[13165.778s][info][gc,metaspace   ] GC(31796) Metaspace: 62165K(62464K)->62165K(62464K) NonClass: 56633K(56832K)->56633K(56832K) Class: 5532K(5632K)->5532K(5632K)
[13165.778s][info][gc             ] GC(31796) Pause Young (Allocation Failure) 652M->571M(654M) 2.935ms
[13165.778s][info][gc,cpu         ] GC(31796) User=0.00s Sys=0.00s Real=0.00s
[13166.234s][info][gc,start       ] GC(31797) Pause Young (Allocation Failure)
[13166.237s][info][gc,heap        ] GC(31797) PSYoungGen: 82656K(84480K)->1504K(84480K) Eden: 81920K(81920K)->0K(81920K) From: 736K(2560K)->1504K(2560K)
[13166.237s][info][gc,heap        ] GC(31797) ParOldGen: 584493K(585216K)->584565K(585216K)
[13166.237s][info][gc,metaspace   ] GC(31797) Metaspace: 62165K(62464K)->62165K(62464K) NonClass: 56633K(56832K)->56633K(56832K) Class: 5532K(5632K)->5532K(5632K)
[13166.237s][info][gc             ] GC(31797) Pause Young (Allocation Failure) 651M->572M(654M) 3.733ms
[13166.237s][info][gc,cpu         ] GC(31797) User=0.00s Sys=0.00s Real=0.00s
[13166.685s][info][gc,start       ] GC(31798) Pause Young (Allocation Failure)
[13166.689s][info][gc,heap        ] GC(31798) PSYoungGen: 83424K(84480K)->1824K(84480K) Eden: 81920K(81920K)->0K(81920K) From: 1504K(2560K)->1824K(2560K)
[13166.689s][info][gc,heap        ] GC(31798) ParOldGen: 584565K(585216K)->585661K(586752K)
[13166.689s][info][gc,metaspace   ] GC(31798) Metaspace: 62165K(62464K)->62165K(62464K) NonClass: 56633K(56832K)->56633K(56832K) Class: 5532K(5632K)->5532K(5632K)
[13166.689s][info][gc             ] GC(31798) Pause Young (Allocation Failure) 652M->573M(655M) 3.888ms
[13166.689s][info][gc,cpu         ] GC(31798) User=0.01s Sys=0.00s Real=0.00s
[13167.144s][info][gc,start       ] GC(31799) Pause Young (Allocation Failure)
[13167.147s][info][gc,heap        ] GC(31799) PSYoungGen: 83744K(84480K)->256K(84480K) Eden: 81920K(81920K)->0K(81920K) From: 1824K(2560K)->256K(2560K)
[13167.147s][info][gc,heap        ] GC(31799) ParOldGen: 585661K(586752K)->587781K(588288K)
[13167.147s][info][gc,metaspace   ] GC(31799) Metaspace: 62165K(62464K)->62165K(62464K) NonClass: 56633K(56832K)->56633K(56832K) Class: 5532K(5632K)->5532K(5632K)
[13167.147s][info][gc             ] GC(31799) Pause Young (Allocation Failure) 653M->574M(657M) 3.795ms
[13167.147s][info][gc,cpu         ] GC(31799) User=0.00s Sys=0.00s Real=0.00s
[13167.604s][info][gc,start       ] GC(31800) Pause Young (Allocation Failure)
[13167.607s][info][gc,heap        ] GC(31800) PSYoungGen: 82176K(84480K)->1216K(84480K) Eden: 81920K(81920K)->0K(81920K) From: 256K(2560K)->1216K(2560K)
[13167.607s][info][gc,heap        ] GC(31800) ParOldGen: 587781K(588288K)->587853K(588288K)
[13167.607s][info][gc,metaspace   ] GC(31800) Metaspace: 62165K(62464K)->62165K(62464K) NonClass: 56633K(56832K)->56633K(56832K) Class: 5532K(5632K)->5532K(5632K)
[13167.607s][info][gc             ] GC(31800) Pause Young (Allocation Failure) 654M->575M(657M) 3.238ms
[13167.607s][info][gc,cpu         ] GC(31800) User=0.01s Sys=0.00s Real=0.00s
[13168.028s][info][gc,start       ] GC(31801) Pause Young (Allocation Failure)
[13168.032s][info][gc,heap        ] GC(31801) PSYoungGen: 83136K(84480K)->1568K(84480K) Eden: 81920K(81920K)->0K(81920K) From: 1216K(2560K)->1568K(2560K)
[13168.032s][info][gc,heap        ] GC(31801) ParOldGen: 587853K(588288K)->587925K(588288K)
[13168.032s][info][gc,metaspace   ] GC(31801) Metaspace: 62165K(62464K)->62165K(62464K) NonClass: 56633K(56832K)->56633K(56832K) Class: 5532K(5632K)->5532K(5632K)
[13168.032s][info][gc             ] GC(31801) Pause Young (Allocation Failure) 655M->575M(657M) 3.632ms
[13168.032s][info][gc,cpu         ] GC(31801) User=0.01s Sys=0.00s Real=0.01s
[13168.493s][info][gc,start       ] GC(31802) Pause Young (Allocation Failure)
[13168.496s][info][gc,heap        ] GC(31802) PSYoungGen: 83488K(84480K)->960K(84480K) Eden: 81920K(81920K)->0K(81920K) From: 1568K(2560K)->960K(2560K)
[13168.496s][info][gc,heap        ] GC(31802) ParOldGen: 587925K(588288K)->587997K(588288K)
[13168.496s][info][gc,metaspace   ] GC(31802) Metaspace: 62165K(62464K)->62165K(62464K) NonClass: 56633K(56832K)->56633K(56832K) Class: 5532K(5632K)->5532K(5632K)
[13168.496s][info][gc             ] GC(31802) Pause Young (Allocation Failure) 655M->575M(657M) 3.067ms
[13168.496s][info][gc,cpu         ] GC(31802) User=0.01s Sys=0.01s Real=0.00s
[13168.946s][info][gc,start       ] GC(31803) Pause Young (Allocation Failure)
[13168.949s][info][gc,heap        ] GC(31803) PSYoungGen: 82880K(84480K)->288K(84480K) Eden: 81920K(81920K)->0K(81920K) From: 960K(2560K)->288K(2560K)
[13168.949s][info][gc,heap        ] GC(31803) ParOldGen: 587997K(588288K)->588069K(588288K)
[13168.949s][info][gc,metaspace   ] GC(31803) Metaspace: 62165K(62464K)->62165K(62464K) NonClass: 56633K(56832K)->56633K(56832K) Class: 5532K(5632K)->5532K(5632K)
[13168.949s][info][gc             ] GC(31803) Pause Young (Allocation Failure) 655M->574M(657M) 2.656ms
[13168.949s][info][gc,cpu         ] GC(31803) User=0.01s Sys=0.00s Real=0.00s
[13169.382s][info][gc,start       ] GC(31804) Pause Young (Allocation Failure)
[13169.385s][info][gc,heap        ] GC(31804) PSYoungGen: 82208K(84480K)->800K(84480K) Eden: 81920K(81920K)->0K(81920K) From: 288K(2560K)->800K(2560K)
[13169.385s][info][gc,heap        ] GC(31804) ParOldGen: 588069K(588288K)->588141K(588288K)
[13169.385s][info][gc,metaspace   ] GC(31804) Metaspace: 62165K(62464K)->62165K(62464K) NonClass: 56633K(56832K)->56633K(56832K) Class: 5532K(5632K)->5532K(5632K)
[13169.385s][info][gc             ] GC(31804) Pause Young (Allocation Failure) 654M->575M(657M) 3.060ms
[13169.385s][info][gc,cpu         ] GC(31804) User=0.01s Sys=0.00s Real=0.00s
[13169.886s][info][gc,start       ] GC(31805) Pause Young (Allocation Failure)
[13169.890s][info][gc,heap        ] GC(31805) PSYoungGen: 82720K(84480K)->944K(84480K) Eden: 81920K(81920K)->0K(81920K) From: 800K(2560K)->944K(2560K)
[13169.890s][info][gc,heap        ] GC(31805) ParOldGen: 588141K(588288K)->588205K(588288K)
[13169.890s][info][gc,metaspace   ] GC(31805) Metaspace: 62165K(62464K)->62165K(62464K) NonClass: 56633K(56832K)->56633K(56832K) Class: 5532K(5632K)->5532K(5632K)
[13169.890s][info][gc             ] GC(31805) Pause Young (Allocation Failure) 655M->575M(657M) 3.232ms
[13169.890s][info][gc,cpu         ] GC(31805) User=0.00s Sys=0.00s Real=0.00s
[13170.331s][info][gc,start       ] GC(31806) Pause Young (Allocation Failure)
[13170.335s][info][gc,heap        ] GC(31806) PSYoungGen: 82864K(84480K)->1568K(84480K) Eden: 81920K(81920K)->0K(81920K) From: 944K(2560K)->1568K(2560K)
[13170.335s][info][gc,heap        ] GC(31806) ParOldGen: 588205K(588288K)->588325K(588800K)
[13170.335s][info][gc,metaspace   ] GC(31806) Metaspace: 62165K(62464K)->62165K(62464K) NonClass: 56633K(56832K)->56633K(56832K) Class: 5532K(5632K)->5532K(5632K)
[13170.335s][info][gc             ] GC(31806) Pause Young (Allocation Failure) 655M->576M(657M) 3.770ms
[13170.335s][info][gc,cpu         ] GC(31806) User=0.01s Sys=0.00s Real=0.00s
[13170.748s][info][gc,start       ] GC(31807) Pause Young (Allocation Failure)
[13170.751s][info][gc,heap        ] GC(31807) PSYoungGen: 83488K(84480K)->352K(84480K) Eden: 81920K(81920K)->0K(81920K) From: 1568K(2560K)->352K(2560K)
[13170.751s][info][gc,heap        ] GC(31807) ParOldGen: 588325K(588800K)->588389K(588800K)
[13170.751s][info][gc,metaspace   ] GC(31807) Metaspace: 62165K(62464K)->62165K(62464K) NonClass: 56633K(56832K)->56633K(56832K) Class: 5532K(5632K)->5532K(5632K)
[13170.751s][info][gc             ] GC(31807) Pause Young (Allocation Failure) 656M->574M(657M) 2.541ms
[13170.751s][info][gc,cpu         ] GC(31807) User=0.01s Sys=0.00s Real=0.00s
[13171.194s][info][gc,start       ] GC(31808) Pause Young (Allocation Failure)
[13171.197s][info][gc,heap        ] GC(31808) PSYoungGen: 82271K(84480K)->1024K(84480K) Eden: 81919K(81920K)->0K(81920K) From: 352K(2560K)->1024K(2560K)
[13171.197s][info][gc,heap        ] GC(31808) ParOldGen: 588389K(588800K)->588461K(588800K)
[13171.197s][info][gc,metaspace   ] GC(31808) Metaspace: 62165K(62464K)->62165K(62464K) NonClass: 56633K(56832K)->56633K(56832K) Class: 5532K(5632K)->5532K(5632K)
[13171.197s][info][gc             ] GC(31808) Pause Young (Allocation Failure) 654M->575M(657M) 3.285ms
[13171.197s][info][gc,cpu         ] GC(31808) User=0.00s Sys=0.00s Real=0.00s
[13171.628s][info][gc,start       ] GC(31809) Pause Young (Allocation Failure)
[13171.631s][info][gc,heap        ] GC(31809) PSYoungGen: 82686K(84480K)->1536K(84480K) Eden: 81662K(81920K)->0K(81920K) From: 1024K(2560K)->1536K(2560K)
[13171.631s][info][gc,heap        ] GC(31809) ParOldGen: 588461K(588800K)->588533K(588800K)
[13171.631s][info][gc,metaspace   ] GC(31809) Metaspace: 62165K(62464K)->62165K(62464K) NonClass: 56633K(56832K)->56633K(56832K) Class: 5532K(5632K)->5532K(5632K)
[13171.632s][info][gc             ] GC(31809) Pause Young (Allocation Failure) 655M->576M(657M) 3.745ms
[13171.632s][info][gc,cpu         ] GC(31809) User=0.01s Sys=0.00s Real=0.01s
[13172.055s][info][gc,start       ] GC(31810) Pause Young (Allocation Failure)
[13172.058s][info][gc,heap        ] GC(31810) PSYoungGen: 83456K(84480K)->2464K(83456K) Eden: 81920K(81920K)->0K(80896K) From: 1536K(2560K)->2464K(2560K)
[13172.058s][info][gc,heap        ] GC(31810) ParOldGen: 588533K(588800K)->589629K(590336K)
[13172.058s][info][gc,metaspace   ] GC(31810) Metaspace: 62165K(62464K)->62165K(62464K) NonClass: 56633K(56832K)->56633K(56832K) Class: 5532K(5632K)->5532K(5632K)
[13172.058s][info][gc             ] GC(31810) Pause Young (Allocation Failure) 656M->578M(658M) 3.354ms
[13172.058s][info][gc,cpu         ] GC(31810) User=0.00s Sys=0.00s Real=0.00s
[13172.478s][info][gc,start       ] GC(31811) Pause Young (Allocation Failure)
[13172.483s][info][gc,heap        ] GC(31811) PSYoungGen: 83360K(83456K)->768K(83968K) Eden: 80896K(80896K)->0K(80896K) From: 2464K(2560K)->768K(3072K)
[13172.483s][info][gc,heap        ] GC(31811) ParOldGen: 589629K(590336K)->591749K(591872K)
[13172.483s][info][gc,metaspace   ] GC(31811) Metaspace: 62165K(62464K)->62165K(62464K) NonClass: 56633K(56832K)->56633K(56832K) Class: 5532K(5632K)->5532K(5632K)
[13172.483s][info][gc             ] GC(31811) Pause Young (Allocation Failure) 657M->578M(660M) 4.223ms
[13172.483s][info][gc,cpu         ] GC(31811) User=0.01s Sys=0.00s Real=0.01s
[13172.912s][info][gc,start       ] GC(31812) Pause Young (Allocation Failure)
[13172.915s][info][gc,heap        ] GC(31812) PSYoungGen: 81664K(83968K)->1248K(84480K) Eden: 80896K(80896K)->0K(81408K) From: 768K(3072K)->1248K(3072K)
[13172.915s][info][gc,heap        ] GC(31812) ParOldGen: 591749K(591872K)->591821K(591872K)
[13172.915s][info][gc,metaspace   ] GC(31812) Metaspace: 62165K(62464K)->62165K(62464K) NonClass: 56633K(56832K)->56633K(56832K) Class: 5532K(5632K)->5532K(5632K)
[13172.915s][info][gc             ] GC(31812) Pause Young (Allocation Failure) 657M->579M(660M) 3.277ms
[13172.915s][info][gc,cpu         ] GC(31812) User=0.00s Sys=0.00s Real=0.00s
[13173.352s][info][gc,start       ] GC(31813) Pause Young (Allocation Failure)
[13173.354s][info][gc,heap        ] GC(31813) PSYoungGen: 82655K(84480K)->352K(83968K) Eden: 81407K(81408K)->0K(81408K) From: 1248K(3072K)->352K(2560K)
[13173.354s][info][gc,heap        ] GC(31813) ParOldGen: 591821K(591872K)->591893K(592384K)
[13173.354s][info][gc,metaspace   ] GC(31813) Metaspace: 62165K(62464K)->62165K(62464K) NonClass: 56633K(56832K)->56633K(56832K) Class: 5532K(5632K)->5532K(5632K)
[13173.354s][info][gc             ] GC(31813) Pause Young (Allocation Failure) 658M->578M(660M) 2.735ms
[13173.354s][info][gc,cpu         ] GC(31813) User=0.00s Sys=0.00s Real=0.00s
[13173.795s][info][gc,start       ] GC(31814) Pause Young (Allocation Failure)
[13173.798s][info][gc,heap        ] GC(31814) PSYoungGen: 81760K(83968K)->960K(84480K) Eden: 81408K(81408K)->0K(81920K) From: 352K(2560K)->960K(2560K)
[13173.798s][info][gc,heap        ] GC(31814) ParOldGen: 591893K(592384K)->591965K(592384K)
[13173.798s][info][gc,metaspace   ] GC(31814) Metaspace: 62165K(62464K)->62165K(62464K) NonClass: 56633K(56832K)->56633K(56832K) Class: 5532K(5632K)->5532K(5632K)
[13173.798s][info][gc             ] GC(31814) Pause Young (Allocation Failure) 657M->579M(661M) 3.251ms
[13173.798s][info][gc,cpu         ] GC(31814) User=0.01s Sys=0.00s Real=0.00s
[13174.270s][info][gc,start       ] GC(31815) Pause Young (Allocation Failure)
[13174.273s][info][gc,heap        ] GC(31815) PSYoungGen: 82880K(84480K)->608K(84480K) Eden: 81920K(81920K)->0K(81920K) From: 960K(2560K)->608K(2560K)
[13174.273s][info][gc,heap        ] GC(31815) ParOldGen: 591965K(592384K)->592037K(592384K)
[13174.273s][info][gc,metaspace   ] GC(31815) Metaspace: 62165K(62464K)->62165K(62464K) NonClass: 56633K(56832K)->56633K(56832K) Class: 5532K(5632K)->5532K(5632K)
[13174.273s][info][gc             ] GC(31815) Pause Young (Allocation Failure) 659M->578M(661M) 2.922ms
[13174.273s][info][gc,cpu         ] GC(31815) User=0.00s Sys=0.00s Real=0.01s
[13174.739s][info][gc,start       ] GC(31816) Pause Young (Allocation Failure)
[13174.742s][info][gc,heap        ] GC(31816) PSYoungGen: 82528K(84480K)->1600K(84480K) Eden: 81920K(81920K)->0K(81920K) From: 608K(2560K)->1600K(2560K)
[13174.742s][info][gc,heap        ] GC(31816) ParOldGen: 592037K(592384K)->592101K(592384K)
[13174.742s][info][gc,metaspace   ] GC(31816) Metaspace: 62165K(62464K)->62165K(62464K) NonClass: 56633K(56832K)->56633K(56832K) Class: 5532K(5632K)->5532K(5632K)
[13174.742s][info][gc             ] GC(31816) Pause Young (Allocation Failure) 658M->579M(661M) 3.772ms
[13174.742s][info][gc,cpu         ] GC(31816) User=0.00s Sys=0.00s Real=0.01s
[13175.199s][info][gc,start       ] GC(31817) Pause Young (Allocation Failure)
[13175.202s][info][gc,heap        ] GC(31817) PSYoungGen: 83520K(84480K)->1056K(84480K) Eden: 81920K(81920K)->0K(81920K) From: 1600K(2560K)->1056K(2560K)
[13175.202s][info][gc,heap        ] GC(31817) ParOldGen: 592101K(592384K)->592173K(592384K)
[13175.202s][info][gc,metaspace   ] GC(31817) Metaspace: 62165K(62464K)->62165K(62464K) NonClass: 56633K(56832K)->56633K(56832K) Class: 5532K(5632K)->5532K(5632K)
[13175.202s][info][gc             ] GC(31817) Pause Young (Allocation Failure) 659M->579M(661M) 3.374ms
[13175.202s][info][gc,cpu         ] GC(31817) User=0.01s Sys=0.00s Real=0.01s
[13175.661s][info][gc,start       ] GC(31818) Pause Young (Allocation Failure)
[13175.664s][info][gc,heap        ] GC(31818) PSYoungGen: 82976K(84480K)->480K(84480K) Eden: 81920K(81920K)->0K(81920K) From: 1056K(2560K)->480K(2560K)
[13175.664s][info][gc,heap        ] GC(31818) ParOldGen: 592173K(592384K)->592237K(592384K)
[13175.664s][info][gc,metaspace   ] GC(31818) Metaspace: 62165K(62464K)->62165K(62464K) NonClass: 56633K(56832K)->56633K(56832K) Class: 5532K(5632K)->5532K(5632K)
[13175.664s][info][gc             ] GC(31818) Pause Young (Allocation Failure) 659M->578M(661M) 2.767ms
[13175.664s][info][gc,cpu         ] GC(31818) User=0.01s Sys=0.00s Real=0.00s
[13176.120s][info][gc,start       ] GC(31819) Pause Young (Allocation Failure)
[13176.123s][info][gc,heap        ] GC(31819) PSYoungGen: 82400K(84480K)->1344K(84480K) Eden: 81920K(81920K)->0K(81920K) From: 480K(2560K)->1344K(2560K)
[13176.123s][info][gc,heap        ] GC(31819) ParOldGen: 592237K(592384K)->592309K(592384K)
[13176.123s][info][gc,metaspace   ] GC(31819) Metaspace: 62165K(62464K)->62165K(62464K) NonClass: 56633K(56832K)->56633K(56832K) Class: 5532K(5632K)->5532K(5632K)
[13176.123s][info][gc             ] GC(31819) Pause Young (Allocation Failure) 658M->579M(661M) 3.616ms
[13176.123s][info][gc,cpu         ] GC(31819) User=0.00s Sys=0.00s Real=0.01s
[13176.561s][info][gc,start       ] GC(31820) Pause Young (Allocation Failure)
[13176.564s][info][gc,heap        ] GC(31820) PSYoungGen: 83264K(84480K)->544K(84480K) Eden: 81920K(81920K)->0K(81920K) From: 1344K(2560K)->544K(2560K)
[13176.564s][info][gc,heap        ] GC(31820) ParOldGen: 592309K(592384K)->592381K(592384K)
[13176.564s][info][gc,metaspace   ] GC(31820) Metaspace: 62165K(62464K)->62165K(62464K) NonClass: 56633K(56832K)->56633K(56832K) Class: 5532K(5632K)->5532K(5632K)
[13176.564s][info][gc             ] GC(31820) Pause Young (Allocation Failure) 659M->579M(661M) 2.826ms
[13176.564s][info][gc,cpu         ] GC(31820) User=0.00s Sys=0.00s Real=0.00s
[13176.996s][info][gc,start       ] GC(31821) Pause Young (Allocation Failure)
[13176.999s][info][gc,heap        ] GC(31821) PSYoungGen: 82464K(84480K)->1024K(84480K) Eden: 81920K(81920K)->0K(81920K) From: 544K(2560K)->1024K(2560K)
[13176.999s][info][gc,heap        ] GC(31821) ParOldGen: 592381K(592384K)->592445K(592896K)
[13176.999s][info][gc,metaspace   ] GC(31821) Metaspace: 62165K(62464K)->62165K(62464K) NonClass: 56633K(56832K)->56633K(56832K) Class: 5532K(5632K)->5532K(5632K)
[13176.999s][info][gc             ] GC(31821) Pause Young (Allocation Failure) 659M->579M(661M) 3.150ms
[13176.999s][info][gc,cpu         ] GC(31821) User=0.00s Sys=0.00s Real=0.00s
[13177.419s][info][gc,start       ] GC(31822) Pause Young (Allocation Failure)
[13177.422s][info][gc,heap        ] GC(31822) PSYoungGen: 82944K(84480K)->1440K(84480K) Eden: 81920K(81920K)->0K(81920K) From: 1024K(2560K)->1440K(2560K)
[13177.422s][info][gc,heap        ] GC(31822) ParOldGen: 592445K(592896K)->592517K(592896K)
[13177.422s][info][gc,metaspace   ] GC(31822) Metaspace: 62165K(62464K)->62165K(62464K) NonClass: 56633K(56832K)->56633K(56832K) Class: 5532K(5632K)->5532K(5632K)
[13177.422s][info][gc             ] GC(31822) Pause Young (Allocation Failure) 659M->580M(661M) 3.416ms
[13177.422s][info][gc,cpu         ] GC(31822) User=0.01s Sys=0.00s Real=0.01s
[13177.890s][info][gc,start       ] GC(31823) Pause Young (Allocation Failure)
[13177.893s][info][gc,heap        ] GC(31823) PSYoungGen: 83360K(84480K)->1120K(84480K) Eden: 81920K(81920K)->0K(81920K) From: 1440K(2560K)->1120K(2560K)
[13177.893s][info][gc,heap        ] GC(31823) ParOldGen: 592517K(592896K)->592589K(592896K)
[13177.893s][info][gc,metaspace   ] GC(31823) Metaspace: 62165K(62464K)->62165K(62464K) NonClass: 56633K(56832K)->56633K(56832K) Class: 5532K(5632K)->5532K(5632K)
[13177.893s][info][gc             ] GC(31823) Pause Young (Allocation Failure) 660M->579M(661M) 3.106ms
[13177.893s][info][gc,cpu         ] GC(31823) User=0.00s Sys=0.00s Real=0.01s
[13178.256s][info][gc,start       ] GC(31824) Pause Young (Allocation Failure)
[13178.258s][info][gc,heap        ] GC(31824) PSYoungGen: 83040K(84480K)->480K(84480K) Eden: 81920K(81920K)->0K(81920K) From: 1120K(2560K)->480K(2560K)
[13178.258s][info][gc,heap        ] GC(31824) ParOldGen: 592589K(592896K)->592709K(592896K)
[13178.258s][info][gc,metaspace   ] GC(31824) Metaspace: 62165K(62464K)->62165K(62464K) NonClass: 56633K(56832K)->56633K(56832K) Class: 5532K(5632K)->5532K(5632K)
[13178.258s][info][gc             ] GC(31824) Pause Young (Allocation Failure) 659M->579M(661M) 2.796ms
[13178.258s][info][gc,cpu         ] GC(31824) User=0.00s Sys=0.00s Real=0.00s
[13178.637s][info][gc,start       ] GC(31825) Pause Young (Allocation Failure)
[13178.641s][info][gc,heap        ] GC(31825) PSYoungGen: 82400K(84480K)->1952K(84480K) Eden: 81920K(81920K)->0K(81920K) From: 480K(2560K)->1952K(2560K)
[13178.641s][info][gc,heap        ] GC(31825) ParOldGen: 592709K(592896K)->592773K(592896K)
[13178.641s][info][gc,metaspace   ] GC(31825) Metaspace: 62165K(62464K)->62165K(62464K) NonClass: 56633K(56832K)->56633K(56832K) Class: 5532K(5632K)->5532K(5632K)
[13178.641s][info][gc             ] GC(31825) Pause Young (Allocation Failure) 659M->580M(661M) 3.855ms
[13178.641s][info][gc,cpu         ] GC(31825) User=0.01s Sys=0.00s Real=0.01s
[13179.014s][info][gc,start       ] GC(31826) Pause Young (Allocation Failure)
[13179.018s][info][gc,heap        ] GC(31826) PSYoungGen: 83872K(84480K)->1504K(84480K) Eden: 81920K(81920K)->0K(81920K) From: 1952K(2560K)->1504K(2560K)
[13179.018s][info][gc,heap        ] GC(31826) ParOldGen: 592773K(592896K)->592845K(592896K)
[13179.018s][info][gc,metaspace   ] GC(31826) Metaspace: 62165K(62464K)->62165K(62464K) NonClass: 56633K(56832K)->56633K(56832K) Class: 5532K(5632K)->5532K(5632K)
[13179.018s][info][gc             ] GC(31826) Pause Young (Allocation Failure) 660M->580M(661M) 3.716ms
[13179.018s][info][gc,cpu         ] GC(31826) User=0.00s Sys=0.00s Real=0.00s
[13179.412s][info][gc,start       ] GC(31827) Pause Young (Allocation Failure)
[13179.415s][info][gc,heap        ] GC(31827) PSYoungGen: 83424K(84480K)->1376K(84480K) Eden: 81920K(81920K)->0K(81920K) From: 1504K(2560K)->1376K(2560K)
[13179.415s][info][gc,heap        ] GC(31827) ParOldGen: 592845K(592896K)->592917K(593408K)
[13179.415s][info][gc,metaspace   ] GC(31827) Metaspace: 62165K(62464K)->62165K(62464K) NonClass: 56633K(56832K)->56633K(56832K) Class: 5532K(5632K)->5532K(5632K)
[13179.415s][info][gc             ] GC(31827) Pause Young (Allocation Failure) 660M->580M(662M) 3.325ms
[13179.415s][info][gc,cpu         ] GC(31827) User=0.01s Sys=0.00s Real=0.00s
[13179.859s][info][gc,start       ] GC(31828) Pause Young (Allocation Failure)
[13179.862s][info][gc,heap        ] GC(31828) PSYoungGen: 83296K(84480K)->480K(84480K) Eden: 81920K(81920K)->0K(81920K) From: 1376K(2560K)->480K(2560K)
[13179.862s][info][gc,heap        ] GC(31828) ParOldGen: 592917K(593408K)->592989K(593408K)
[13179.862s][info][gc,metaspace   ] GC(31828) Metaspace: 62165K(62464K)->62165K(62464K) NonClass: 56633K(56832K)->56633K(56832K) Class: 5532K(5632K)->5532K(5632K)
[13179.862s][info][gc             ] GC(31828) Pause Young (Allocation Failure) 660M->579M(662M) 2.855ms
[13179.862s][info][gc,cpu         ] GC(31828) User=0.00s Sys=0.00s Real=0.01s
[13180.268s][info][gc,start       ] GC(31829) Pause Young (Allocation Failure)
[13180.271s][info][gc,heap        ] GC(31829) PSYoungGen: 82400K(84480K)->672K(84480K) Eden: 81920K(81920K)->0K(81920K) From: 480K(2560K)->672K(2560K)
[13180.271s][info][gc,heap        ] GC(31829) ParOldGen: 592989K(593408K)->593061K(593408K)
[13180.271s][info][gc,metaspace   ] GC(31829) Metaspace: 62165K(62464K)->62165K(62464K) NonClass: 56633K(56832K)->56633K(56832K) Class: 5532K(5632K)->5532K(5632K)
[13180.271s][info][gc             ] GC(31829) Pause Young (Allocation Failure) 659M->579M(662M) 2.891ms
[13180.271s][info][gc,cpu         ] GC(31829) User=0.01s Sys=0.00s Real=0.00s
[13180.670s][info][gc,start       ] GC(31830) Pause Young (Allocation Failure)
[13180.674s][info][gc,heap        ] GC(31830) PSYoungGen: 82592K(84480K)->576K(84480K) Eden: 81920K(81920K)->0K(81920K) From: 672K(2560K)->576K(2560K)
[13180.674s][info][gc,heap        ] GC(31830) ParOldGen: 593061K(593408K)->593125K(593408K)
[13180.674s][info][gc,metaspace   ] GC(31830) Metaspace: 62165K(62464K)->62165K(62464K) NonClass: 56633K(56832K)->56633K(56832K) Class: 5532K(5632K)->5532K(5632K)
[13180.674s][info][gc             ] GC(31830) Pause Young (Allocation Failure) 659M->579M(662M) 3.413ms
[13180.674s][info][gc,cpu         ] GC(31830) User=0.00s Sys=0.00s Real=0.01s
[13181.072s][info][gc,start       ] GC(31831) Pause Young (Allocation Failure)
[13181.075s][info][gc,heap        ] GC(31831) PSYoungGen: 82496K(84480K)->768K(84480K) Eden: 81920K(81920K)->0K(81920K) From: 576K(2560K)->768K(2560K)
[13181.075s][info][gc,heap        ] GC(31831) ParOldGen: 593125K(593408K)->593189K(593408K)
[13181.075s][info][gc,metaspace   ] GC(31831) Metaspace: 62165K(62464K)->62165K(62464K) NonClass: 56633K(56832K)->56633K(56832K) Class: 5532K(5632K)->5532K(5632K)
[13181.075s][info][gc             ] GC(31831) Pause Young (Allocation Failure) 659M->580M(662M) 2.842ms
[13181.075s][info][gc,cpu         ] GC(31831) User=0.01s Sys=0.00s Real=0.00s
[13181.429s][info][gc,start       ] GC(31832) Pause Young (Allocation Failure)
[13181.433s][info][gc,heap        ] GC(31832) PSYoungGen: 81945K(84480K)->1792K(84480K) Eden: 81177K(81920K)->0K(81920K) From: 768K(2560K)->1792K(2560K)
[13181.433s][info][gc,heap        ] GC(31832) ParOldGen: 593189K(593408K)->593261K(593408K)
[13181.433s][info][gc,metaspace   ] GC(31832) Metaspace: 62165K(62464K)->62165K(62464K) NonClass: 56633K(56832K)->56633K(56832K) Class: 5532K(5632K)->5532K(5632K)
[13181.433s][info][gc             ] GC(31832) Pause Young (Allocation Failure) 659M->581M(662M) 3.750ms
[13181.433s][info][gc,cpu         ] GC(31832) User=0.00s Sys=0.00s Real=0.01s
[13181.834s][info][gc,start       ] GC(31833) Pause Young (Allocation Failure)
[13181.838s][info][gc,heap        ] GC(31833) PSYoungGen: 83712K(84480K)->2528K(84480K) Eden: 81920K(81920K)->0K(81920K) From: 1792K(2560K)->2528K(2560K)
[13181.838s][info][gc,heap        ] GC(31833) ParOldGen: 593261K(593408K)->594477K(594944K)
[13181.838s][info][gc,metaspace   ] GC(31833) Metaspace: 62165K(62464K)->62165K(62464K) NonClass: 56633K(56832K)->56633K(56832K) Class: 5532K(5632K)->5532K(5632K)
[13181.838s][info][gc             ] GC(31833) Pause Young (Allocation Failure) 661M->583M(663M) 4.602ms
[13181.838s][info][gc,cpu         ] GC(31833) User=0.01s Sys=0.00s Real=0.00s
[13182.250s][info][gc,start       ] GC(31834) Pause Young (Allocation Failure)
[13182.254s][info][gc,heap        ] GC(31834) PSYoungGen: 84448K(84480K)->416K(82432K) Eden: 81920K(81920K)->0K(79872K) From: 2528K(2560K)->416K(2560K)
[13182.254s][info][gc,heap        ] GC(31834) ParOldGen: 594477K(594944K)->596549K(598016K)
[13182.254s][info][gc,metaspace   ] GC(31834) Metaspace: 62165K(62464K)->62165K(62464K) NonClass: 56633K(56832K)->56633K(56832K) Class: 5532K(5632K)->5532K(5632K)
[13182.254s][info][gc             ] GC(31834) Pause Young (Allocation Failure) 663M->582M(664M) 3.961ms
[13182.254s][info][gc,cpu         ] GC(31834) User=0.01s Sys=0.00s Real=0.01s
[13182.586s][info][gc,start       ] GC(31835) Pause Young (Allocation Failure)
[13182.590s][info][gc,heap        ] GC(31835) PSYoungGen: 80288K(82432K)->1120K(83456K) Eden: 79872K(79872K)->0K(79872K) From: 416K(2560K)->1120K(3584K)
[13182.590s][info][gc,heap        ] GC(31835) ParOldGen: 596549K(598016K)->596629K(598016K)
[13182.590s][info][gc,metaspace   ] GC(31835) Metaspace: 62165K(62464K)->62165K(62464K) NonClass: 56633K(56832K)->56633K(56832K) Class: 5532K(5632K)->5532K(5632K)
[13182.590s][info][gc             ] GC(31835) Pause Young (Allocation Failure) 660M->583M(665M) 3.295ms
[13182.590s][info][gc,cpu         ] GC(31835) User=0.01s Sys=0.00s Real=0.00s
[13183.004s][info][gc,start       ] GC(31836) Pause Young (Allocation Failure)
[13183.008s][info][gc,heap        ] GC(31836) PSYoungGen: 80992K(83456K)->1280K(83968K) Eden: 79872K(79872K)->0K(80896K) From: 1120K(3584K)->1280K(3072K)
[13183.008s][info][gc,heap        ] GC(31836) ParOldGen: 596629K(598016K)->596701K(598016K)
[13183.008s][info][gc,metaspace   ] GC(31836) Metaspace: 62165K(62464K)->62165K(62464K) NonClass: 56633K(56832K)->56633K(56832K) Class: 5532K(5632K)->5532K(5632K)
[13183.008s][info][gc             ] GC(31836) Pause Young (Allocation Failure) 661M->583M(666M) 3.221ms
[13183.008s][info][gc,cpu         ] GC(31836) User=0.00s Sys=0.00s Real=0.00s
[13183.366s][info][gc,start       ] GC(31837) Pause Young (Allocation Failure)
[13183.369s][info][gc,heap        ] GC(31837) PSYoungGen: 82176K(83968K)->672K(83968K) Eden: 80896K(80896K)->0K(80896K) From: 1280K(3072K)->672K(3072K)
[13183.369s][info][gc,heap        ] GC(31837) ParOldGen: 596701K(598016K)->596773K(598016K)
[13183.369s][info][gc,metaspace   ] GC(31837) Metaspace: 62165K(62464K)->62165K(62464K) NonClass: 56633K(56832K)->56633K(56832K) Class: 5532K(5632K)->5532K(5632K)
[13183.369s][info][gc             ] GC(31837) Pause Young (Allocation Failure) 662M->583M(666M) 2.933ms
[13183.369s][info][gc,cpu         ] GC(31837) User=0.01s Sys=0.00s Real=0.00s
[13183.703s][info][gc,start       ] GC(31838) Pause Young (Allocation Failure)
[13183.706s][info][gc,heap        ] GC(31838) PSYoungGen: 81568K(83968K)->1408K(83968K) Eden: 80896K(80896K)->0K(80896K) From: 672K(3072K)->1408K(3072K)
[13183.706s][info][gc,heap        ] GC(31838) ParOldGen: 596773K(598016K)->596845K(598016K)
[13183.706s][info][gc,metaspace   ] GC(31838) Metaspace: 62165K(62464K)->62165K(62464K) NonClass: 56633K(56832K)->56633K(56832K) Class: 5532K(5632K)->5532K(5632K)
[13183.706s][info][gc             ] GC(31838) Pause Young (Allocation Failure) 662M->584M(666M) 3.612ms
[13183.706s][info][gc,cpu         ] GC(31838) User=0.00s Sys=0.00s Real=0.00s
[13184.041s][info][gc,start       ] GC(31839) Pause Young (Allocation Failure)
[13184.043s][info][gc,heap        ] GC(31839) PSYoungGen: 82304K(83968K)->192K(83968K) Eden: 80896K(80896K)->0K(80896K) From: 1408K(3072K)->192K(3072K)
[13184.043s][info][gc,heap        ] GC(31839) ParOldGen: 596845K(598016K)->596917K(598016K)
[13184.043s][info][gc,metaspace   ] GC(31839) Metaspace: 62165K(62464K)->62165K(62464K) NonClass: 56633K(56832K)->56633K(56832K) Class: 5532K(5632K)->5532K(5632K)
[13184.043s][info][gc             ] GC(31839) Pause Young (Allocation Failure) 663M->583M(666M) 2.386ms
[13184.043s][info][gc,cpu         ] GC(31839) User=0.00s Sys=0.00s Real=0.01s
[13184.415s][info][gc,start       ] GC(31840) Pause Young (Allocation Failure)
[13184.418s][info][gc,heap        ] GC(31840) PSYoungGen: 81088K(83968K)->1504K(83968K) Eden: 80896K(80896K)->0K(80896K) From: 192K(3072K)->1504K(3072K)
[13184.418s][info][gc,heap        ] GC(31840) ParOldGen: 596917K(598016K)->596989K(598016K)
[13184.418s][info][gc,metaspace   ] GC(31840) Metaspace: 62165K(62464K)->62165K(62464K) NonClass: 56633K(56832K)->56633K(56832K) Class: 5532K(5632K)->5532K(5632K)
[13184.418s][info][gc             ] GC(31840) Pause Young (Allocation Failure) 662M->584M(666M) 3.505ms
[13184.418s][info][gc,cpu         ] GC(31840) User=0.00s Sys=0.00s Real=0.00s
[13184.899s][info][gc,start       ] GC(31841) Pause Young (Allocation Failure)
[13184.902s][info][gc,heap        ] GC(31841) PSYoungGen: 82400K(83968K)->1072K(83968K) Eden: 80896K(80896K)->0K(80896K) From: 1504K(3072K)->1072K(3072K)
[13184.902s][info][gc,heap        ] GC(31841) ParOldGen: 596989K(598016K)->597061K(598016K)
[13184.902s][info][gc,metaspace   ] GC(31841) Metaspace: 62165K(62464K)->62165K(62464K) NonClass: 56633K(56832K)->56633K(56832K) Class: 5532K(5632K)->5532K(5632K)
[13184.902s][info][gc             ] GC(31841) Pause Young (Allocation Failure) 663M->584M(666M) 3.316ms
[13184.902s][info][gc,cpu         ] GC(31841) User=0.00s Sys=0.00s Real=0.01s
[13185.270s][info][gc,start       ] GC(31842) Pause Young (Allocation Failure)
[13185.273s][info][gc,heap        ] GC(31842) PSYoungGen: 81968K(83968K)->736K(84480K) Eden: 80896K(80896K)->0K(81920K) From: 1072K(3072K)->736K(2560K)
[13185.273s][info][gc,heap        ] GC(31842) ParOldGen: 597061K(598016K)->597181K(598016K)
[13185.273s][info][gc,metaspace   ] GC(31842) Metaspace: 62165K(62464K)->62165K(62464K) NonClass: 56633K(56832K)->56633K(56832K) Class: 5532K(5632K)->5532K(5632K)
[13185.273s][info][gc             ] GC(31842) Pause Young (Allocation Failure) 663M->583M(666M) 2.860ms
[13185.273s][info][gc,cpu         ] GC(31842) User=0.01s Sys=0.00s Real=0.01s
[13185.656s][info][gc,start       ] GC(31843) Pause Young (Allocation Failure)
[13185.659s][info][gc,heap        ] GC(31843) PSYoungGen: 82656K(84480K)->480K(84480K) Eden: 81920K(81920K)->0K(81920K) From: 736K(2560K)->480K(2560K)
[13185.659s][info][gc,heap        ] GC(31843) ParOldGen: 597181K(598016K)->597261K(598016K)
[13185.659s][info][gc,metaspace   ] GC(31843) Metaspace: 62165K(62464K)->62165K(62464K) NonClass: 56633K(56832K)->56633K(56832K) Class: 5532K(5632K)->5532K(5632K)
[13185.659s][info][gc             ] GC(31843) Pause Young (Allocation Failure) 663M->583M(666M) 2.573ms
[13185.659s][info][gc,cpu         ] GC(31843) User=0.00s Sys=0.00s Real=0.00s
[13186.060s][info][gc,start       ] GC(31844) Pause Young (Allocation Failure)
[13186.062s][info][gc,heap        ] GC(31844) PSYoungGen: 82400K(84480K)->2528K(83456K) Eden: 81920K(81920K)->0K(80896K) From: 480K(2560K)->2528K(2560K)
[13186.062s][info][gc,heap        ] GC(31844) ParOldGen: 597261K(598016K)->597333K(598016K)
[13186.062s][info][gc,metaspace   ] GC(31844) Metaspace: 62165K(62464K)->62165K(62464K) NonClass: 56633K(56832K)->56633K(56832K) Class: 5532K(5632K)->5532K(5632K)
[13186.062s][info][gc             ] GC(31844) Pause Young (Allocation Failure) 663M->585M(665M) 2.855ms
[13186.062s][info][gc,cpu         ] GC(31844) User=0.01s Sys=0.00s Real=0.01s
[13186.465s][info][gc,start       ] GC(31845) Pause Young (Allocation Failure)
[13186.469s][info][gc,heap        ] GC(31845) PSYoungGen: 83424K(83456K)->640K(83968K) Eden: 80896K(80896K)->0K(80896K) From: 2528K(2560K)->640K(3072K)
[13186.469s][info][gc,heap        ] GC(31845) ParOldGen: 597333K(598016K)->599453K(599552K)
[13186.469s][info][gc,metaspace   ] GC(31845) Metaspace: 62165K(62464K)->62165K(62464K) NonClass: 56633K(56832K)->56633K(56832K) Class: 5532K(5632K)->5532K(5632K)
[13186.469s][info][gc             ] GC(31845) Pause Young (Allocation Failure) 664M->586M(667M) 3.869ms
[13186.469s][info][gc,cpu         ] GC(31845) User=0.01s Sys=0.00s Real=0.00s
[13186.856s][info][gc,start       ] GC(31846) Pause Young (Allocation Failure)
[13186.858s][info][gc,heap        ] GC(31846) PSYoungGen: 81536K(83968K)->480K(83968K) Eden: 80896K(80896K)->0K(80896K) From: 640K(3072K)->480K(3072K)
[13186.858s][info][gc,heap        ] GC(31846) ParOldGen: 599453K(599552K)->599517K(599552K)
[13186.858s][info][gc,metaspace   ] GC(31846) Metaspace: 62165K(62464K)->62165K(62464K) NonClass: 56633K(56832K)->56633K(56832K) Class: 5532K(5632K)->5532K(5632K)
[13186.858s][info][gc             ] GC(31846) Pause Young (Allocation Failure) 665M->585M(667M) 2.729ms
[13186.858s][info][gc,cpu         ] GC(31846) User=0.00s Sys=0.00s Real=0.00s
[13187.221s][info][gc,start       ] GC(31847) Pause Young (Allocation Failure)
[13187.225s][info][gc,heap        ] GC(31847) PSYoungGen: 81376K(83968K)->1632K(83968K) Eden: 80896K(80896K)->0K(80896K) From: 480K(3072K)->1632K(3072K)
[13187.225s][info][gc,heap        ] GC(31847) ParOldGen: 599517K(599552K)->599589K(600064K)
[13187.225s][info][gc,metaspace   ] GC(31847) Metaspace: 62165K(62464K)->62165K(62464K) NonClass: 56633K(56832K)->56633K(56832K) Class: 5532K(5632K)->5532K(5632K)
[13187.225s][info][gc             ] GC(31847) Pause Young (Allocation Failure) 664M->587M(668M) 3.593ms
[13187.225s][info][gc,cpu         ] GC(31847) User=0.00s Sys=0.00s Real=0.00s
[13187.594s][info][gc,start       ] GC(31848) Pause Young (Allocation Failure)
[13187.598s][info][gc,heap        ] GC(31848) PSYoungGen: 82528K(83968K)->1216K(83968K) Eden: 80896K(80896K)->0K(80896K) From: 1632K(3072K)->1216K(3072K)
[13187.598s][info][gc,heap        ] GC(31848) ParOldGen: 599589K(600064K)->599661K(600064K)
[13187.598s][info][gc,metaspace   ] GC(31848) Metaspace: 62165K(62464K)->62165K(62464K) NonClass: 56633K(56832K)->56633K(56832K) Class: 5532K(5632K)->5532K(5632K)
[13187.598s][info][gc             ] GC(31848) Pause Young (Allocation Failure) 666M->586M(668M) 3.550ms
[13187.598s][info][gc,cpu         ] GC(31848) User=0.01s Sys=0.00s Real=0.00s
[13187.996s][info][gc,start       ] GC(31849) Pause Young (Allocation Failure)
[13187.999s][info][gc,heap        ] GC(31849) PSYoungGen: 82112K(83968K)->1152K(83968K) Eden: 80896K(80896K)->0K(80896K) From: 1216K(3072K)->1152K(3072K)
[13187.999s][info][gc,heap        ] GC(31849) ParOldGen: 599661K(600064K)->599733K(600064K)
[13187.999s][info][gc,metaspace   ] GC(31849) Metaspace: 62165K(62464K)->62165K(62464K) NonClass: 56633K(56832K)->56633K(56832K) Class: 5532K(5632K)->5532K(5632K)
[13187.999s][info][gc             ] GC(31849) Pause Young (Allocation Failure) 665M->586M(668M) 3.141ms
[13187.999s][info][gc,cpu         ] GC(31849) User=0.01s Sys=0.00s Real=0.00s
[13188.415s][info][gc,start       ] GC(31850) Pause Young (Allocation Failure)
[13188.419s][info][gc,heap        ] GC(31850) PSYoungGen: 82048K(83968K)->1376K(84480K) Eden: 80896K(80896K)->0K(81920K) From: 1152K(3072K)->1376K(2560K)
[13188.419s][info][gc,heap        ] GC(31850) ParOldGen: 599733K(600064K)->599805K(600064K)
[13188.419s][info][gc,metaspace   ] GC(31850) Metaspace: 62165K(62464K)->62165K(62464K) NonClass: 56633K(56832K)->56633K(56832K) Class: 5532K(5632K)->5532K(5632K)
[13188.419s][info][gc             ] GC(31850) Pause Young (Allocation Failure) 665M->587M(668M) 3.617ms
[13188.419s][info][gc,cpu         ] GC(31850) User=0.01s Sys=0.00s Real=0.00s
[13188.816s][info][gc,start       ] GC(31851) Pause Young (Allocation Failure)
[13188.820s][info][gc,heap        ] GC(31851) PSYoungGen: 83296K(84480K)->1600K(84480K) Eden: 81920K(81920K)->0K(81920K) From: 1376K(2560K)->1600K(2560K)
[13188.820s][info][gc,heap        ] GC(31851) ParOldGen: 599805K(600064K)->599877K(600064K)
[13188.820s][info][gc,metaspace   ] GC(31851) Metaspace: 62165K(62464K)->62165K(62464K) NonClass: 56633K(56832K)->56633K(56832K) Class: 5532K(5632K)->5532K(5632K)
[13188.820s][info][gc             ] GC(31851) Pause Young (Allocation Failure) 667M->587M(668M) 3.528ms
[13188.820s][info][gc,cpu         ] GC(31851) User=0.01s Sys=0.00s Real=0.00s
[13189.211s][info][gc,start       ] GC(31852) Pause Young (Allocation Failure)
[13189.214s][info][gc,heap        ] GC(31852) PSYoungGen: 83520K(84480K)->1440K(84480K) Eden: 81920K(81920K)->0K(81920K) From: 1600K(2560K)->1440K(2560K)
[13189.214s][info][gc,heap        ] GC(31852) ParOldGen: 599877K(600064K)->599949K(600064K)
[13189.214s][info][gc,metaspace   ] GC(31852) Metaspace: 62165K(62464K)->62165K(62464K) NonClass: 56633K(56832K)->56633K(56832K) Class: 5532K(5632K)->5532K(5632K)
[13189.214s][info][gc             ] GC(31852) Pause Young (Allocation Failure) 667M->587M(668M) 3.508ms
[13189.214s][info][gc,cpu         ] GC(31852) User=0.01s Sys=0.00s Real=0.01s
[13189.605s][info][gc,start       ] GC(31853) Pause Young (Allocation Failure)
[13189.608s][info][gc,heap        ] GC(31853) PSYoungGen: 83360K(84480K)->1184K(84480K) Eden: 81920K(81920K)->0K(81920K) From: 1440K(2560K)->1184K(2560K)
[13189.608s][info][gc,heap        ] GC(31853) ParOldGen: 599949K(600064K)->600021K(600064K)
[13189.609s][info][gc,metaspace   ] GC(31853) Metaspace: 62165K(62464K)->62165K(62464K) NonClass: 56633K(56832K)->56633K(56832K) Class: 5532K(5632K)->5532K(5632K)
[13189.609s][info][gc             ] GC(31853) Pause Young (Allocation Failure) 667M->587M(668M) 3.144ms
[13189.609s][info][gc,cpu         ] GC(31853) User=0.00s Sys=0.00s Real=0.00s
[13189.945s][info][gc,start       ] GC(31854) Pause Young (Allocation Failure)
[13189.948s][info][gc,heap        ] GC(31854) PSYoungGen: 83104K(84480K)->320K(84480K) Eden: 81920K(81920K)->0K(81920K) From: 1184K(2560K)->320K(2560K)
[13189.948s][info][gc,heap        ] GC(31854) ParOldGen: 600021K(600064K)->600093K(600576K)
[13189.948s][info][gc,metaspace   ] GC(31854) Metaspace: 62165K(62464K)->62165K(62464K) NonClass: 56633K(56832K)->56633K(56832K) Class: 5532K(5632K)->5532K(5632K)
[13189.948s][info][gc             ] GC(31854) Pause Young (Allocation Failure) 667M->586M(669M) 2.652ms
[13189.948s][info][gc,cpu         ] GC(31854) User=0.00s Sys=0.00s Real=0.00s
[13190.338s][info][gc,start       ] GC(31855) Pause Young (Allocation Failure)
[13190.342s][info][gc,heap        ] GC(31855) PSYoungGen: 82240K(84480K)->1696K(84480K) Eden: 81920K(81920K)->0K(81920K) From: 320K(2560K)->1696K(2560K)
[13190.342s][info][gc,heap        ] GC(31855) ParOldGen: 600093K(600576K)->600165K(600576K)
[13190.342s][info][gc,metaspace   ] GC(31855) Metaspace: 62165K(62464K)->62165K(62464K) NonClass: 56633K(56832K)->56633K(56832K) Class: 5532K(5632K)->5532K(5632K)
[13190.342s][info][gc             ] GC(31855) Pause Young (Allocation Failure) 666M->587M(669M) 3.874ms
[13190.342s][info][gc,cpu         ] GC(31855) User=0.00s Sys=0.00s Real=0.01s
[13190.724s][info][gc,start       ] GC(31856) Pause Young (Allocation Failure)
[13190.728s][info][gc,heap        ] GC(31856) PSYoungGen: 83616K(84480K)->2528K(82432K) Eden: 81920K(81920K)->0K(79872K) From: 1696K(2560K)->2528K(2560K)
[13190.728s][info][gc,heap        ] GC(31856) ParOldGen: 600165K(600576K)->601285K(602112K)
[13190.728s][info][gc,metaspace   ] GC(31856) Metaspace: 62165K(62464K)->62165K(62464K) NonClass: 56633K(56832K)->56633K(56832K) Class: 5532K(5632K)->5532K(5632K)
[13190.728s][info][gc             ] GC(31856) Pause Young (Allocation Failure) 667M->589M(668M) 4.223ms
[13190.728s][info][gc,cpu         ] GC(31856) User=0.00s Sys=0.01s Real=0.00s
[13191.098s][info][gc,start       ] GC(31857) Pause Young (Allocation Failure)
[13191.102s][info][gc,heap        ] GC(31857) PSYoungGen: 82399K(82432K)->1184K(83456K) Eden: 79871K(79872K)->0K(79872K) From: 2528K(2560K)->1184K(3584K)
[13191.102s][info][gc,heap        ] GC(31857) ParOldGen: 601285K(602112K)->603389K(603648K)
[13191.102s][info][gc,metaspace   ] GC(31857) Metaspace: 62165K(62464K)->62165K(62464K) NonClass: 56633K(56832K)->56633K(56832K) Class: 5532K(5632K)->5532K(5632K)
[13191.102s][info][gc             ] GC(31857) Pause Young (Allocation Failure) 667M->590M(671M) 4.557ms
[13191.102s][info][gc,cpu         ] GC(31857) User=0.01s Sys=0.00s Real=0.01s
[13191.497s][info][gc,start       ] GC(31858) Pause Young (Allocation Failure)
[13191.500s][info][gc,heap        ] GC(31858) PSYoungGen: 81056K(83456K)->1056K(83968K) Eden: 79872K(79872K)->0K(80384K) From: 1184K(3584K)->1056K(3584K)
[13191.500s][info][gc,heap        ] GC(31858) ParOldGen: 603389K(603648K)->603461K(603648K)
[13191.500s][info][gc,metaspace   ] GC(31858) Metaspace: 62165K(62464K)->62165K(62464K) NonClass: 56633K(56832K)->56633K(56832K) Class: 5532K(5632K)->5532K(5632K)
[13191.500s][info][gc             ] GC(31858) Pause Young (Allocation Failure) 668M->590M(671M) 3.173ms
[13191.500s][info][gc,cpu         ] GC(31858) User=0.01s Sys=0.00s Real=0.00s
[13191.914s][info][gc,start       ] GC(31859) Pause Young (Allocation Failure)
[13191.917s][info][gc,heap        ] GC(31859) PSYoungGen: 81440K(83968K)->1312K(83456K) Eden: 80384K(80384K)->0K(80384K) From: 1056K(3584K)->1312K(3072K)
[13191.917s][info][gc,heap        ] GC(31859) ParOldGen: 603461K(603648K)->603533K(603648K)
[13191.917s][info][gc,metaspace   ] GC(31859) Metaspace: 62165K(62464K)->62165K(62464K) NonClass: 56633K(56832K)->56633K(56832K) Class: 5532K(5632K)->5532K(5632K)
[13191.917s][info][gc             ] GC(31859) Pause Young (Allocation Failure) 668M->590M(671M) 3.389ms
[13191.917s][info][gc,cpu         ] GC(31859) User=0.00s Sys=0.00s Real=0.00s
[13192.376s][info][gc,start       ] GC(31860) Pause Young (Allocation Failure)
[13192.379s][info][gc,heap        ] GC(31860) PSYoungGen: 81696K(83456K)->800K(83968K) Eden: 80384K(80384K)->0K(80896K) From: 1312K(3072K)->800K(3072K)
[13192.379s][info][gc,heap        ] GC(31860) ParOldGen: 603533K(603648K)->603605K(603648K)
[13192.379s][info][gc,metaspace   ] GC(31860) Metaspace: 62165K(62464K)->62165K(62464K) NonClass: 56633K(56832K)->56633K(56832K) Class: 5532K(5632K)->5532K(5632K)
[13192.379s][info][gc             ] GC(31860) Pause Young (Allocation Failure) 669M->590M(671M) 2.920ms
[13192.379s][info][gc,cpu         ] GC(31860) User=0.01s Sys=0.00s Real=0.00s
[13192.788s][info][gc,start       ] GC(31861) Pause Young (Allocation Failure)
[13192.791s][info][gc,heap        ] GC(31861) PSYoungGen: 81696K(83968K)->960K(83968K) Eden: 80896K(80896K)->0K(80896K) From: 800K(3072K)->960K(3072K)
[13192.791s][info][gc,heap        ] GC(31861) ParOldGen: 603605K(603648K)->603725K(604160K)
[13192.791s][info][gc,metaspace   ] GC(31861) Metaspace: 62165K(62464K)->62165K(62464K) NonClass: 56633K(56832K)->56633K(56832K) Class: 5532K(5632K)->5532K(5632K)
[13192.791s][info][gc             ] GC(31861) Pause Young (Allocation Failure) 669M->590M(672M) 3.058ms
[13192.791s][info][gc,cpu         ] GC(31861) User=0.01s Sys=0.00s Real=0.01s
[13193.209s][info][gc,start       ] GC(31862) Pause Young (Allocation Failure)
[13193.212s][info][gc,heap        ] GC(31862) PSYoungGen: 81856K(83968K)->1408K(83968K) Eden: 80896K(80896K)->0K(80896K) From: 960K(3072K)->1408K(3072K)
[13193.212s][info][gc,heap        ] GC(31862) ParOldGen: 603725K(604160K)->603797K(604160K)
[13193.212s][info][gc,metaspace   ] GC(31862) Metaspace: 62165K(62464K)->62165K(62464K) NonClass: 56633K(56832K)->56633K(56832K) Class: 5532K(5632K)->5532K(5632K)
[13193.212s][info][gc             ] GC(31862) Pause Young (Allocation Failure) 669M->591M(672M) 3.395ms
[13193.212s][info][gc,cpu         ] GC(31862) User=0.01s Sys=0.00s Real=0.01s
[13193.582s][info][gc,start       ] GC(31863) Pause Young (Allocation Failure)
[13193.586s][info][gc,heap        ] GC(31863) PSYoungGen: 82304K(83968K)->896K(83968K) Eden: 80896K(80896K)->0K(80896K) From: 1408K(3072K)->896K(3072K)
[13193.586s][info][gc,heap        ] GC(31863) ParOldGen: 603797K(604160K)->603869K(604160K)
[13193.586s][info][gc,metaspace   ] GC(31863) Metaspace: 62165K(62464K)->62165K(62464K) NonClass: 56633K(56832K)->56633K(56832K) Class: 5532K(5632K)->5532K(5632K)
[13193.586s][info][gc             ] GC(31863) Pause Young (Allocation Failure) 670M->590M(672M) 3.139ms
[13193.586s][info][gc,cpu         ] GC(31863) User=0.00s Sys=0.00s Real=0.00s
[13193.925s][info][gc,start       ] GC(31864) Pause Young (Allocation Failure)
[13193.929s][info][gc,heap        ] GC(31864) PSYoungGen: 81792K(83968K)->1728K(83456K) Eden: 80896K(80896K)->0K(80896K) From: 896K(3072K)->1728K(2560K)
[13193.929s][info][gc,heap        ] GC(31864) ParOldGen: 603869K(604160K)->603941K(604160K)
[13193.929s][info][gc,metaspace   ] GC(31864) Metaspace: 62165K(62464K)->62165K(62464K) NonClass: 56633K(56832K)->56633K(56832K) Class: 5532K(5632K)->5532K(5632K)
[13193.929s][info][gc             ] GC(31864) Pause Young (Allocation Failure) 669M->591M(671M) 3.678ms
[13193.929s][info][gc,cpu         ] GC(31864) User=0.01s Sys=0.00s Real=0.00s
[13194.356s][info][gc,start       ] GC(31865) Pause Young (Allocation Failure)
[13194.359s][info][gc,heap        ] GC(31865) PSYoungGen: 82624K(83456K)->448K(83968K) Eden: 80896K(80896K)->0K(80896K) From: 1728K(2560K)->448K(3072K)
[13194.359s][info][gc,heap        ] GC(31865) ParOldGen: 603941K(604160K)->604013K(604160K)
[13194.359s][info][gc,metaspace   ] GC(31865) Metaspace: 62165K(62464K)->62165K(62464K) NonClass: 56633K(56832K)->56633K(56832K) Class: 5532K(5632K)->5532K(5632K)
[13194.359s][info][gc             ] GC(31865) Pause Young (Allocation Failure) 670M->590M(672M) 2.573ms
[13194.359s][info][gc,cpu         ] GC(31865) User=0.00s Sys=0.00s Real=0.00s
[13194.785s][info][gc,start       ] GC(31866) Pause Young (Allocation Failure)
[13194.788s][info][gc,heap        ] GC(31866) PSYoungGen: 81344K(83968K)->928K(84480K) Eden: 80896K(80896K)->0K(81408K) From: 448K(3072K)->928K(3072K)
[13194.788s][info][gc,heap        ] GC(31866) ParOldGen: 604013K(604160K)->604085K(604160K)
[13194.788s][info][gc,metaspace   ] GC(31866) Metaspace: 62165K(62464K)->62165K(62464K) NonClass: 56633K(56832K)->56633K(56832K) Class: 5532K(5632K)->5532K(5632K)
[13194.788s][info][gc             ] GC(31866) Pause Young (Allocation Failure) 669M->590M(672M) 3.141ms
[13194.788s][info][gc,cpu         ] GC(31866) User=0.01s Sys=0.00s Real=0.00s
[13195.210s][info][gc,start       ] GC(31867) Pause Young (Allocation Failure)
[13195.215s][info][gc,heap        ] GC(31867) PSYoungGen: 82336K(84480K)->2272K(83968K) Eden: 81408K(81408K)->0K(81408K) From: 928K(3072K)->2272K(2560K)
[13195.215s][info][gc,heap        ] GC(31867) ParOldGen: 604085K(604160K)->606213K(607232K)
[13195.215s][info][gc,metaspace   ] GC(31867) Metaspace: 62165K(62464K)->62165K(62464K) NonClass: 56633K(56832K)->56633K(56832K) Class: 5532K(5632K)->5532K(5632K)
[13195.215s][info][gc             ] GC(31867) Pause Young (Allocation Failure) 670M->594M(675M) 4.881ms
[13195.215s][info][gc,cpu         ] GC(31867) User=0.01s Sys=0.01s Real=0.01s
[13195.649s][info][gc,start       ] GC(31868) Pause Young (Allocation Failure)
[13195.653s][info][gc,heap        ] GC(31868) PSYoungGen: 83680K(83968K)->352K(83968K) Eden: 81408K(81408K)->0K(80896K) From: 2272K(2560K)->352K(3072K)
[13195.653s][info][gc,heap        ] GC(31868) ParOldGen: 606213K(607232K)->608333K(608768K)
[13195.653s][info][gc,metaspace   ] GC(31868) Metaspace: 62165K(62464K)->62165K(62464K) NonClass: 56633K(56832K)->56633K(56832K) Class: 5532K(5632K)->5532K(5632K)
[13195.653s][info][gc             ] GC(31868) Pause Young (Allocation Failure) 673M->594M(676M) 4.257ms
[13195.653s][info][gc,cpu         ] GC(31868) User=0.01s Sys=0.01s Real=0.01s
[13196.069s][info][gc,start       ] GC(31869) Pause Young (Allocation Failure)
[13196.072s][info][gc,heap        ] GC(31869) PSYoungGen: 81248K(83968K)->640K(83968K) Eden: 80896K(80896K)->0K(80896K) From: 352K(3072K)->640K(3072K)
[13196.072s][info][gc,heap        ] GC(31869) ParOldGen: 608333K(608768K)->608405K(608768K)
[13196.072s][info][gc,metaspace   ] GC(31869) Metaspace: 62165K(62464K)->62165K(62464K) NonClass: 56633K(56832K)->56633K(56832K) Class: 5532K(5632K)->5532K(5632K)
[13196.072s][info][gc             ] GC(31869) Pause Young (Allocation Failure) 673M->594M(676M) 2.914ms
[13196.072s][info][gc,cpu         ] GC(31869) User=0.01s Sys=0.00s Real=0.01s
[13196.505s][info][gc,start       ] GC(31870) Pause Young (Allocation Failure)
[13196.509s][info][gc,heap        ] GC(31870) PSYoungGen: 81536K(83968K)->1152K(83968K) Eden: 80896K(80896K)->0K(80896K) From: 640K(3072K)->1152K(3072K)
[13196.509s][info][gc,heap        ] GC(31870) ParOldGen: 608405K(608768K)->608477K(608768K)
[13196.509s][info][gc,metaspace   ] GC(31870) Metaspace: 62165K(62464K)->62165K(62464K) NonClass: 56633K(56832K)->56633K(56832K) Class: 5532K(5632K)->5532K(5632K)
[13196.509s][info][gc             ] GC(31870) Pause Young (Allocation Failure) 673M->595M(676M) 3.264ms
[13196.509s][info][gc,cpu         ] GC(31870) User=0.00s Sys=0.00s Real=0.00s
[13196.941s][info][gc,start       ] GC(31871) Pause Young (Allocation Failure)
[13196.944s][info][gc,heap        ] GC(31871) PSYoungGen: 82048K(83968K)->192K(83968K) Eden: 80896K(80896K)->0K(80896K) From: 1152K(3072K)->192K(3072K)
[13196.944s][info][gc,heap        ] GC(31871) ParOldGen: 608477K(608768K)->608549K(608768K)
[13196.944s][info][gc,metaspace   ] GC(31871) Metaspace: 62165K(62464K)->62165K(62464K) NonClass: 56633K(56832K)->56633K(56832K) Class: 5532K(5632K)->5532K(5632K)
[13196.944s][info][gc             ] GC(31871) Pause Young (Allocation Failure) 674M->594M(676M) 2.457ms
[13196.944s][info][gc,cpu         ] GC(31871) User=0.01s Sys=0.00s Real=0.00s
[13197.379s][info][gc,start       ] GC(31872) Pause Young (Allocation Failure)
[13197.382s][info][gc,heap        ] GC(31872) PSYoungGen: 81088K(83968K)->800K(84480K) Eden: 80896K(80896K)->0K(81408K) From: 192K(3072K)->800K(3072K)
[13197.382s][info][gc,heap        ] GC(31872) ParOldGen: 608549K(608768K)->608621K(608768K)
[13197.382s][info][gc,metaspace   ] GC(31872) Metaspace: 62165K(62464K)->62165K(62464K) NonClass: 56633K(56832K)->56633K(56832K) Class: 5532K(5632K)->5532K(5632K)
[13197.383s][info][gc             ] GC(31872) Pause Young (Allocation Failure) 673M->595M(677M) 3.095ms
[13197.383s][info][gc,cpu         ] GC(31872) User=0.00s Sys=0.00s Real=0.01s
[13197.829s][info][gc,start       ] GC(31873) Pause Young (Allocation Failure)
[13197.833s][info][gc,heap        ] GC(31873) PSYoungGen: 82208K(84480K)->1440K(83968K) Eden: 81408K(81408K)->0K(81408K) From: 800K(3072K)->1440K(2560K)
[13197.833s][info][gc,heap        ] GC(31873) ParOldGen: 608621K(608768K)->608685K(608768K)
[13197.833s][info][gc,metaspace   ] GC(31873) Metaspace: 62165K(62464K)->62165K(62464K) NonClass: 56633K(56832K)->56633K(56832K) Class: 5532K(5632K)->5532K(5632K)
[13197.833s][info][gc             ] GC(31873) Pause Young (Allocation Failure) 674M->595M(676M) 3.588ms
[13197.833s][info][gc,cpu         ] GC(31873) User=0.01s Sys=0.00s Real=0.01s
[13198.279s][info][gc,start       ] GC(31874) Pause Young (Allocation Failure)
[13198.284s][info][gc,heap        ] GC(31874) PSYoungGen: 82848K(83968K)->1648K(83456K) Eden: 81408K(81408K)->0K(80896K) From: 1440K(2560K)->1648K(2560K)
[13198.285s][info][gc,heap        ] GC(31874) ParOldGen: 608685K(608768K)->610813K(611328K)
[13198.285s][info][gc,metaspace   ] GC(31874) Metaspace: 62165K(62464K)->62165K(62464K) NonClass: 56633K(56832K)->56633K(56832K) Class: 5532K(5632K)->5532K(5632K)
[13198.285s][info][gc             ] GC(31874) Pause Young (Allocation Failure) 675M->598M(678M) 5.846ms
[13198.285s][info][gc,cpu         ] GC(31874) User=0.00s Sys=0.00s Real=0.01s
[13198.955s][info][gc,start       ] GC(31875) Pause Young (Allocation Failure)
[13198.958s][info][gc,heap        ] GC(31875) PSYoungGen: 82544K(83456K)->448K(83968K) Eden: 80896K(80896K)->0K(80896K) From: 1648K(2560K)->448K(3072K)
[13198.958s][info][gc,heap        ] GC(31875) ParOldGen: 610813K(611328K)->610985K(611328K)
[13198.958s][info][gc,metaspace   ] GC(31875) Metaspace: 62165K(62464K)->62165K(62464K) NonClass: 56633K(56832K)->56633K(56832K) Class: 5532K(5632K)->5532K(5632K)
[13198.958s][info][gc             ] GC(31875) Pause Young (Allocation Failure) 677M->597M(679M) 3.141ms
[13198.958s][info][gc,cpu         ] GC(31875) User=0.00s Sys=0.00s Real=0.00s
[13199.421s][info][gc,start       ] GC(31876) Pause Young (Allocation Failure)
[13199.425s][info][gc,heap        ] GC(31876) PSYoungGen: 81344K(83968K)->1376K(84480K) Eden: 80896K(80896K)->0K(81920K) From: 448K(3072K)->1376K(2560K)
[13199.425s][info][gc,heap        ] GC(31876) ParOldGen: 610985K(611328K)->611097K(611328K)
[13199.425s][info][gc,metaspace   ] GC(31876) Metaspace: 62165K(62464K)->62165K(62464K) NonClass: 56633K(56832K)->56633K(56832K) Class: 5532K(5632K)->5532K(5632K)
[13199.425s][info][gc             ] GC(31876) Pause Young (Allocation Failure) 676M->598M(679M) 3.777ms
[13199.425s][info][gc,cpu         ] GC(31876) User=0.01s Sys=0.00s Real=0.00s
[13199.877s][info][gc,start       ] GC(31877) Pause Young (Allocation Failure)
[13199.880s][info][gc,heap        ] GC(31877) PSYoungGen: 83296K(84480K)->768K(84480K) Eden: 81920K(81920K)->0K(81920K) From: 1376K(2560K)->768K(2560K)
[13199.880s][info][gc,heap        ] GC(31877) ParOldGen: 611097K(611328K)->611177K(611328K)
[13199.880s][info][gc,metaspace   ] GC(31877) Metaspace: 62165K(62464K)->62165K(62464K) NonClass: 56633K(56832K)->56633K(56832K) Class: 5532K(5632K)->5532K(5632K)
[13199.880s][info][gc             ] GC(31877) Pause Young (Allocation Failure) 678M->597M(679M) 3.118ms
[13199.880s][info][gc,cpu         ] GC(31877) User=0.01s Sys=0.00s Real=0.00s
[13200.390s][info][gc,start       ] GC(31878) Pause Young (Allocation Failure)
[13200.393s][info][gc,heap        ] GC(31878) PSYoungGen: 82688K(84480K)->928K(84480K) Eden: 81920K(81920K)->0K(81920K) From: 768K(2560K)->928K(2560K)
[13200.393s][info][gc,heap        ] GC(31878) ParOldGen: 611177K(611328K)->611249K(611328K)
[13200.393s][info][gc,metaspace   ] GC(31878) Metaspace: 62165K(62464K)->62165K(62464K) NonClass: 56633K(56832K)->56633K(56832K) Class: 5532K(5632K)->5532K(5632K)
[13200.393s][info][gc             ] GC(31878) Pause Young (Allocation Failure) 677M->597M(679M) 3.160ms
[13200.393s][info][gc,cpu         ] GC(31878) User=0.00s Sys=0.00s Real=0.01s
[13200.810s][info][gc,start       ] GC(31879) Pause Young (Allocation Failure)
[13200.814s][info][gc,heap        ] GC(31879) PSYoungGen: 82848K(84480K)->1344K(84480K) Eden: 81920K(81920K)->0K(81920K) From: 928K(2560K)->1344K(2560K)
[13200.814s][info][gc,heap        ] GC(31879) ParOldGen: 611249K(611328K)->611369K(611840K)
[13200.814s][info][gc,metaspace   ] GC(31879) Metaspace: 62165K(62464K)->62165K(62464K) NonClass: 56633K(56832K)->56633K(56832K) Class: 5532K(5632K)->5532K(5632K)
[13200.814s][info][gc             ] GC(31879) Pause Young (Allocation Failure) 677M->598M(680M) 3.700ms
[13200.814s][info][gc,cpu         ] GC(31879) User=0.01s Sys=0.00s Real=0.01s
[13201.246s][info][gc,start       ] GC(31880) Pause Young (Allocation Failure)
[13201.249s][info][gc,heap        ] GC(31880) PSYoungGen: 83264K(84480K)->320K(84480K) Eden: 81920K(81920K)->0K(81920K) From: 1344K(2560K)->320K(2560K)
[13201.249s][info][gc,heap        ] GC(31880) ParOldGen: 611369K(611840K)->611441K(611840K)
[13201.249s][info][gc,metaspace   ] GC(31880) Metaspace: 62165K(62464K)->62165K(62464K) NonClass: 56633K(56832K)->56633K(56832K) Class: 5532K(5632K)->5532K(5632K)
[13201.249s][info][gc             ] GC(31880) Pause Young (Allocation Failure) 678M->597M(680M) 2.765ms
[13201.249s][info][gc,cpu         ] GC(31880) User=0.00s Sys=0.00s Real=0.00s
[13201.685s][info][gc,start       ] GC(31881) Pause Young (Allocation Failure)
[13201.688s][info][gc,heap        ] GC(31881) PSYoungGen: 82240K(84480K)->864K(84480K) Eden: 81920K(81920K)->0K(81920K) From: 320K(2560K)->864K(2560K)
[13201.688s][info][gc,heap        ] GC(31881) ParOldGen: 611441K(611840K)->611505K(611840K)
[13201.688s][info][gc,metaspace   ] GC(31881) Metaspace: 62165K(62464K)->62165K(62464K) NonClass: 56633K(56832K)->56633K(56832K) Class: 5532K(5632K)->5532K(5632K)
[13201.688s][info][gc             ] GC(31881) Pause Young (Allocation Failure) 677M->598M(680M) 3.107ms
[13201.688s][info][gc,cpu         ] GC(31881) User=0.01s Sys=0.00s Real=0.00s
[13202.116s][info][gc,start       ] GC(31882) Pause Young (Allocation Failure)
[13202.119s][info][gc,heap        ] GC(31882) PSYoungGen: 82784K(84480K)->1440K(84480K) Eden: 81920K(81920K)->0K(81920K) From: 864K(2560K)->1440K(2560K)
[13202.119s][info][gc,heap        ] GC(31882) ParOldGen: 611505K(611840K)->611569K(611840K)
[13202.119s][info][gc,metaspace   ] GC(31882) Metaspace: 62165K(62464K)->62165K(62464K) NonClass: 56633K(56832K)->56633K(56832K) Class: 5532K(5632K)->5532K(5632K)
[13202.119s][info][gc             ] GC(31882) Pause Young (Allocation Failure) 678M->598M(680M) 3.643ms
[13202.119s][info][gc,cpu         ] GC(31882) User=0.01s Sys=0.00s Real=0.00s
[13202.532s][info][gc,start       ] GC(31883) Pause Young (Allocation Failure)
[13202.536s][info][gc,heap        ] GC(31883) PSYoungGen: 83360K(84480K)->1696K(84480K) Eden: 81920K(81920K)->0K(81920K) From: 1440K(2560K)->1696K(2560K)
[13202.536s][info][gc,heap        ] GC(31883) ParOldGen: 611569K(611840K)->611633K(611840K)
[13202.536s][info][gc,metaspace   ] GC(31883) Metaspace: 62165K(62464K)->62165K(62464K) NonClass: 56633K(56832K)->56633K(56832K) Class: 5532K(5632K)->5532K(5632K)
[13202.536s][info][gc             ] GC(31883) Pause Young (Allocation Failure) 678M->598M(680M) 3.919ms
[13202.536s][info][gc,cpu         ] GC(31883) User=0.01s Sys=0.00s Real=0.00s
[13202.967s][info][gc,start       ] GC(31884) Pause Young (Allocation Failure)
[13202.970s][info][gc,heap        ] GC(31884) PSYoungGen: 83011K(84480K)->672K(84480K) Eden: 81315K(81920K)->0K(81920K) From: 1696K(2560K)->672K(2560K)
[13202.970s][info][gc,heap        ] GC(31884) ParOldGen: 611633K(611840K)->611705K(611840K)
[13202.970s][info][gc,metaspace   ] GC(31884) Metaspace: 62165K(62464K)->62165K(62464K) NonClass: 56633K(56832K)->56633K(56832K) Class: 5532K(5632K)->5532K(5632K)
[13202.970s][info][gc             ] GC(31884) Pause Young (Allocation Failure) 678M->598M(680M) 3.010ms
[13202.970s][info][gc,cpu         ] GC(31884) User=0.01s Sys=0.00s Real=0.00s
[13203.387s][info][gc,start       ] GC(31885) Pause Young (Allocation Failure)
[13203.391s][info][gc,heap        ] GC(31885) PSYoungGen: 82592K(84480K)->1984K(84480K) Eden: 81920K(81920K)->0K(81920K) From: 672K(2560K)->1984K(2560K)
[13203.391s][info][gc,heap        ] GC(31885) ParOldGen: 611705K(611840K)->612793K(613376K)
[13203.391s][info][gc,metaspace   ] GC(31885) Metaspace: 62165K(62464K)->62165K(62464K) NonClass: 56633K(56832K)->56633K(56832K) Class: 5532K(5632K)->5532K(5632K)
[13203.391s][info][gc             ] GC(31885) Pause Young (Allocation Failure) 678M->600M(681M) 4.015ms
[13203.391s][info][gc,cpu         ] GC(31885) User=0.01s Sys=0.00s Real=0.01s
[13203.788s][info][gc,start       ] GC(31886) Pause Young (Allocation Failure)
[13203.793s][info][gc,heap        ] GC(31886) PSYoungGen: 83904K(84480K)->1056K(84480K) Eden: 81920K(81920K)->0K(81920K) From: 1984K(2560K)->1056K(2560K)
[13203.793s][info][gc,heap        ] GC(31886) ParOldGen: 612793K(613376K)->614913K(615424K)
[13203.793s][info][gc,metaspace   ] GC(31886) Metaspace: 62165K(62464K)->62165K(62464K) NonClass: 56633K(56832K)->56633K(56832K) Class: 5532K(5632K)->5532K(5632K)
[13203.793s][info][gc             ] GC(31886) Pause Young (Allocation Failure) 680M->601M(683M) 4.418ms
[13203.793s][info][gc,cpu         ] GC(31886) User=0.00s Sys=0.00s Real=0.01s
[13204.207s][info][gc,start       ] GC(31887) Pause Young (Allocation Failure)
[13204.211s][info][gc,heap        ] GC(31887) PSYoungGen: 82976K(84480K)->1312K(84480K) Eden: 81920K(81920K)->0K(81920K) From: 1056K(2560K)->1312K(2560K)
[13204.211s][info][gc,heap        ] GC(31887) ParOldGen: 614913K(615424K)->614977K(615424K)
[13204.211s][info][gc,metaspace   ] GC(31887) Metaspace: 62165K(62464K)->62165K(62464K) NonClass: 56633K(56832K)->56633K(56832K) Class: 5532K(5632K)->5532K(5632K)
[13204.211s][info][gc             ] GC(31887) Pause Young (Allocation Failure) 681M->601M(683M) 3.348ms
[13204.211s][info][gc,cpu         ] GC(31887) User=0.01s Sys=0.00s Real=0.00s
[13204.591s][info][gc,start       ] GC(31888) Pause Young (Allocation Failure)
[13204.594s][info][gc,heap        ] GC(31888) PSYoungGen: 83232K(84480K)->1088K(84480K) Eden: 81920K(81920K)->0K(81920K) From: 1312K(2560K)->1088K(2560K)
[13204.594s][info][gc,heap        ] GC(31888) ParOldGen: 614977K(615424K)->615049K(615424K)
[13204.594s][info][gc,metaspace   ] GC(31888) Metaspace: 62165K(62464K)->62165K(62464K) NonClass: 56633K(56832K)->56633K(56832K) Class: 5532K(5632K)->5532K(5632K)
[13204.594s][info][gc             ] GC(31888) Pause Young (Allocation Failure) 681M->601M(683M) 3.130ms
[13204.594s][info][gc,cpu         ] GC(31888) User=0.01s Sys=0.00s Real=0.00s
[13205.022s][info][gc,start       ] GC(31889) Pause Young (Allocation Failure)
[13205.025s][info][gc,heap        ] GC(31889) PSYoungGen: 83008K(84480K)->1472K(84480K) Eden: 81920K(81920K)->0K(81920K) From: 1088K(2560K)->1472K(2560K)
[13205.025s][info][gc,heap        ] GC(31889) ParOldGen: 615049K(615424K)->615121K(615424K)
[13205.025s][info][gc,metaspace   ] GC(31889) Metaspace: 62165K(62464K)->62165K(62464K) NonClass: 56633K(56832K)->56633K(56832K) Class: 5532K(5632K)->5532K(5632K)
[13205.025s][info][gc             ] GC(31889) Pause Young (Allocation Failure) 681M->602M(683M) 3.485ms
[13205.025s][info][gc,cpu         ] GC(31889) User=0.00s Sys=0.00s Real=0.00s
[13205.443s][info][gc,start       ] GC(31890) Pause Young (Allocation Failure)
[13205.445s][info][gc,heap        ] GC(31890) PSYoungGen: 83392K(84480K)->224K(84480K) Eden: 81920K(81920K)->0K(81920K) From: 1472K(2560K)->224K(2560K)
[13205.445s][info][gc,heap        ] GC(31890) ParOldGen: 615121K(615424K)->615193K(615424K)
[13205.445s][info][gc,metaspace   ] GC(31890) Metaspace: 62165K(62464K)->62165K(62464K) NonClass: 56633K(56832K)->56633K(56832K) Class: 5532K(5632K)->5532K(5632K)
[13205.445s][info][gc             ] GC(31890) Pause Young (Allocation Failure) 682M->600M(683M) 2.506ms
[13205.445s][info][gc,cpu         ] GC(31890) User=0.00s Sys=0.00s Real=0.00s
[13205.849s][info][gc,start       ] GC(31891) Pause Young (Allocation Failure)
[13205.852s][info][gc,heap        ] GC(31891) PSYoungGen: 82144K(84480K)->352K(84480K) Eden: 81920K(81920K)->0K(81920K) From: 224K(2560K)->352K(2560K)
[13205.852s][info][gc,heap        ] GC(31891) ParOldGen: 615193K(615424K)->615257K(615424K)
[13205.852s][info][gc,metaspace   ] GC(31891) Metaspace: 62165K(62464K)->62165K(62464K) NonClass: 56633K(56832K)->56633K(56832K) Class: 5532K(5632K)->5532K(5632K)
[13205.852s][info][gc             ] GC(31891) Pause Young (Allocation Failure) 680M->601M(683M) 2.565ms
[13205.852s][info][gc,cpu         ] GC(31891) User=0.00s Sys=0.00s Real=0.01s
[13206.248s][info][gc,start       ] GC(31892) Pause Young (Allocation Failure)
[13206.250s][info][gc,heap        ] GC(31892) PSYoungGen: 82272K(84480K)->288K(84480K) Eden: 81920K(81920K)->0K(81920K) From: 352K(2560K)->288K(2560K)
[13206.250s][info][gc,heap        ] GC(31892) ParOldGen: 615257K(615424K)->615329K(615424K)
[13206.250s][info][gc,metaspace   ] GC(31892) Metaspace: 62165K(62464K)->62165K(62464K) NonClass: 56633K(56832K)->56633K(56832K) Class: 5532K(5632K)->5532K(5632K)
[13206.250s][info][gc             ] GC(31892) Pause Young (Allocation Failure) 681M->601M(683M) 2.716ms
[13206.250s][info][gc,cpu         ] GC(31892) User=0.00s Sys=0.00s Real=0.00s
[13206.672s][info][gc,start       ] GC(31893) Pause Young (Allocation Failure)
[13206.675s][info][gc,heap        ] GC(31893) PSYoungGen: 82208K(84480K)->736K(84480K) Eden: 81920K(81920K)->0K(81920K) From: 288K(2560K)->736K(2560K)
[13206.675s][info][gc,heap        ] GC(31893) ParOldGen: 615329K(615424K)->615401K(615424K)
[13206.675s][info][gc,metaspace   ] GC(31893) Metaspace: 62165K(62464K)->62165K(62464K) NonClass: 56633K(56832K)->56633K(56832K) Class: 5532K(5632K)->5532K(5632K)
[13206.675s][info][gc             ] GC(31893) Pause Young (Allocation Failure) 681M->601M(683M) 3.071ms
[13206.675s][info][gc,cpu         ] GC(31893) User=0.01s Sys=0.00s Real=0.00s
[13207.119s][info][gc,start       ] GC(31894) Pause Young (Allocation Failure)
[13207.123s][info][gc,heap        ] GC(31894) PSYoungGen: 82656K(84480K)->1376K(84480K) Eden: 81920K(81920K)->0K(81920K) From: 736K(2560K)->1376K(2560K)
[13207.123s][info][gc,heap        ] GC(31894) ParOldGen: 615401K(615424K)->615465K(615936K)
[13207.123s][info][gc,metaspace   ] GC(31894) Metaspace: 62165K(62464K)->62165K(62464K) NonClass: 56633K(56832K)->56633K(56832K) Class: 5532K(5632K)->5532K(5632K)
[13207.123s][info][gc             ] GC(31894) Pause Young (Allocation Failure) 681M->602M(684M) 3.780ms
[13207.123s][info][gc,cpu         ] GC(31894) User=0.00s Sys=0.00s Real=0.01s
[13207.521s][info][gc,start       ] GC(31895) Pause Young (Allocation Failure)
[13207.525s][info][gc,heap        ] GC(31895) PSYoungGen: 83296K(84480K)->1504K(84480K) Eden: 81920K(81920K)->0K(81920K) From: 1376K(2560K)->1504K(2560K)
[13207.525s][info][gc,heap        ] GC(31895) ParOldGen: 615465K(615936K)->615537K(615936K)
[13207.525s][info][gc,metaspace   ] GC(31895) Metaspace: 62165K(62464K)->62165K(62464K) NonClass: 56633K(56832K)->56633K(56832K) Class: 5532K(5632K)->5532K(5632K)
[13207.525s][info][gc             ] GC(31895) Pause Young (Allocation Failure) 682M->602M(684M) 3.738ms
[13207.525s][info][gc,cpu         ] GC(31895) User=0.00s Sys=0.00s Real=0.00s
[13207.893s][info][gc,start       ] GC(31896) Pause Young (Allocation Failure)
[13207.896s][info][gc,heap        ] GC(31896) PSYoungGen: 83424K(84480K)->2144K(83456K) Eden: 81920K(81920K)->0K(80896K) From: 1504K(2560K)->2144K(2560K)
[13207.897s][info][gc,heap        ] GC(31896) ParOldGen: 615537K(615936K)->616633K(617472K)
[13207.897s][info][gc,metaspace   ] GC(31896) Metaspace: 62165K(62464K)->62165K(62464K) NonClass: 56633K(56832K)->56633K(56832K) Class: 5532K(5632K)->5532K(5632K)
[13207.897s][info][gc             ] GC(31896) Pause Young (Allocation Failure) 682M->604M(684M) 3.801ms
[13207.897s][info][gc,cpu         ] GC(31896) User=0.01s Sys=0.00s Real=0.00s
[13208.354s][info][gc,start       ] GC(31897) Pause Young (Allocation Failure)
[13208.357s][info][gc,heap        ] GC(31897) PSYoungGen: 83040K(83456K)->512K(83968K) Eden: 80896K(80896K)->0K(80896K) From: 2144K(2560K)->512K(3072K)
[13208.358s][info][gc,heap        ] GC(31897) ParOldGen: 616633K(617472K)->618753K(619008K)
[13208.358s][info][gc,metaspace   ] GC(31897) Metaspace: 62165K(62464K)->62165K(62464K) NonClass: 56633K(56832K)->56633K(56832K) Class: 5532K(5632K)->5532K(5632K)
[13208.358s][info][gc             ] GC(31897) Pause Young (Allocation Failure) 683M->604M(686M) 3.813ms
[13208.358s][info][gc,cpu         ] GC(31897) User=0.00s Sys=0.00s Real=0.00s
[13208.775s][info][gc,start       ] GC(31898) Pause Young (Allocation Failure)
[13208.778s][info][gc,heap        ] GC(31898) PSYoungGen: 81408K(83968K)->736K(84480K) Eden: 80896K(80896K)->0K(81920K) From: 512K(3072K)->736K(2560K)
[13208.778s][info][gc,heap        ] GC(31898) ParOldGen: 618753K(619008K)->618873K(619008K)
[13208.778s][info][gc,metaspace   ] GC(31898) Metaspace: 62165K(62464K)->62165K(62464K) NonClass: 56633K(56832K)->56633K(56832K) Class: 5532K(5632K)->5532K(5632K)
[13208.778s][info][gc             ] GC(31898) Pause Young (Allocation Failure) 683M->605M(687M) 3.178ms
[13208.778s][info][gc,cpu         ] GC(31898) User=0.01s Sys=0.00s Real=0.00s
[13209.181s][info][gc,start       ] GC(31899) Pause Young (Allocation Failure)
[13209.184s][info][gc,heap        ] GC(31899) PSYoungGen: 82656K(84480K)->896K(84480K) Eden: 81920K(81920K)->0K(81920K) From: 736K(2560K)->896K(2560K)
[13209.184s][info][gc,heap        ] GC(31899) ParOldGen: 618873K(619008K)->618945K(619008K)
[13209.184s][info][gc,metaspace   ] GC(31899) Metaspace: 62165K(62464K)->62165K(62464K) NonClass: 56633K(56832K)->56633K(56832K) Class: 5532K(5632K)->5532K(5632K)
[13209.184s][info][gc             ] GC(31899) Pause Young (Allocation Failure) 685M->605M(687M) 3.013ms
[13209.184s][info][gc,cpu         ] GC(31899) User=0.01s Sys=0.00s Real=0.00s
[13209.572s][info][gc,start       ] GC(31900) Pause Young (Allocation Failure)
[13209.574s][info][gc,heap        ] GC(31900) PSYoungGen: 82816K(84480K)->736K(84480K) Eden: 81920K(81920K)->0K(81920K) From: 896K(2560K)->736K(2560K)
[13209.574s][info][gc,heap        ] GC(31900) ParOldGen: 618945K(619008K)->619017K(619520K)
[13209.574s][info][gc,metaspace   ] GC(31900) Metaspace: 62165K(62464K)->62165K(62464K) NonClass: 56633K(56832K)->56633K(56832K) Class: 5532K(5632K)->5532K(5632K)
[13209.575s][info][gc             ] GC(31900) Pause Young (Allocation Failure) 685M->605M(687M) 2.936ms
[13209.575s][info][gc,cpu         ] GC(31900) User=0.00s Sys=0.00s Real=0.00s
[13210.007s][info][gc,start       ] GC(31901) Pause Young (Allocation Failure)
[13210.011s][info][gc,heap        ] GC(31901) PSYoungGen: 82656K(84480K)->1280K(84480K) Eden: 81920K(81920K)->0K(81920K) From: 736K(2560K)->1280K(2560K)
[13210.011s][info][gc,heap        ] GC(31901) ParOldGen: 619017K(619520K)->619081K(619520K)
[13210.011s][info][gc,metaspace   ] GC(31901) Metaspace: 62165K(62464K)->62165K(62464K) NonClass: 56633K(56832K)->56633K(56832K) Class: 5532K(5632K)->5532K(5632K)
[13210.011s][info][gc             ] GC(31901) Pause Young (Allocation Failure) 685M->605M(687M) 3.461ms
[13210.011s][info][gc,cpu         ] GC(31901) User=0.00s Sys=0.00s Real=0.01s
[13210.430s][info][gc,start       ] GC(31902) Pause Young (Allocation Failure)
[13210.434s][info][gc,heap        ] GC(31902) PSYoungGen: 83200K(84480K)->1632K(84480K) Eden: 81920K(81920K)->0K(81920K) From: 1280K(2560K)->1632K(2560K)
[13210.434s][info][gc,heap        ] GC(31902) ParOldGen: 619081K(619520K)->619145K(619520K)
[13210.434s][info][gc,metaspace   ] GC(31902) Metaspace: 62165K(62464K)->62165K(62464K) NonClass: 56633K(56832K)->56633K(56832K) Class: 5532K(5632K)->5532K(5632K)
[13210.434s][info][gc             ] GC(31902) Pause Young (Allocation Failure) 685M->606M(687M) 3.591ms
[13210.434s][info][gc,cpu         ] GC(31902) User=0.01s Sys=0.00s Real=0.01s
[13210.851s][info][gc,start       ] GC(31903) Pause Young (Allocation Failure)
[13210.854s][info][gc,heap        ] GC(31903) PSYoungGen: 83552K(84480K)->352K(84480K) Eden: 81920K(81920K)->0K(81920K) From: 1632K(2560K)->352K(2560K)
[13210.854s][info][gc,heap        ] GC(31903) ParOldGen: 619145K(619520K)->619217K(619520K)
[13210.854s][info][gc,metaspace   ] GC(31903) Metaspace: 62165K(62464K)->62165K(62464K) NonClass: 56633K(56832K)->56633K(56832K) Class: 5532K(5632K)->5532K(5632K)
[13210.854s][info][gc             ] GC(31903) Pause Young (Allocation Failure) 686M->605M(687M) 2.787ms
[13210.854s][info][gc,cpu         ] GC(31903) User=0.01s Sys=0.00s Real=0.00s
[13211.285s][info][gc,start       ] GC(31904) Pause Young (Allocation Failure)
[13211.289s][info][gc,heap        ] GC(31904) PSYoungGen: 82272K(84480K)->896K(84480K) Eden: 81920K(81920K)->0K(81920K) From: 352K(2560K)->896K(2560K)
[13211.289s][info][gc,heap        ] GC(31904) ParOldGen: 619217K(619520K)->619289K(619520K)
[13211.289s][info][gc,metaspace   ] GC(31904) Metaspace: 62165K(62464K)->62165K(62464K) NonClass: 56633K(56832K)->56633K(56832K) Class: 5532K(5632K)->5532K(5632K)
[13211.289s][info][gc             ] GC(31904) Pause Young (Allocation Failure) 685M->605M(687M) 3.077ms
[13211.289s][info][gc,cpu         ] GC(31904) User=0.01s Sys=0.00s Real=0.00s
[13211.671s][info][gc,start       ] GC(31905) Pause Young (Allocation Failure)
[13211.674s][info][gc,heap        ] GC(31905) PSYoungGen: 82816K(84480K)->704K(84480K) Eden: 81920K(81920K)->0K(81920K) From: 896K(2560K)->704K(2560K)
[13211.674s][info][gc,heap        ] GC(31905) ParOldGen: 619289K(619520K)->619361K(619520K)
[13211.674s][info][gc,metaspace   ] GC(31905) Metaspace: 62165K(62464K)->62165K(62464K) NonClass: 56633K(56832K)->56633K(56832K) Class: 5532K(5632K)->5532K(5632K)
[13211.674s][info][gc             ] GC(31905) Pause Young (Allocation Failure) 685M->605M(687M) 2.886ms
[13211.674s][info][gc,cpu         ] GC(31905) User=0.01s Sys=0.00s Real=0.00s
[13212.078s][info][gc,start       ] GC(31906) Pause Young (Allocation Failure)
[13212.081s][info][gc,heap        ] GC(31906) PSYoungGen: 82624K(84480K)->896K(84480K) Eden: 81920K(81920K)->0K(81920K) From: 704K(2560K)->896K(2560K)
[13212.081s][info][gc,heap        ] GC(31906) ParOldGen: 619361K(619520K)->619433K(619520K)
[13212.081s][info][gc,metaspace   ] GC(31906) Metaspace: 62165K(62464K)->62165K(62464K) NonClass: 56633K(56832K)->56633K(56832K) Class: 5532K(5632K)->5532K(5632K)
[13212.081s][info][gc             ] GC(31906) Pause Young (Allocation Failure) 685M->605M(687M) 3.023ms
[13212.081s][info][gc,cpu         ] GC(31906) User=0.01s Sys=0.00s Real=0.01s
[13212.441s][info][gc,start       ] GC(31907) Pause Young (Allocation Failure)
[13212.444s][info][gc,heap        ] GC(31907) PSYoungGen: 82816K(84480K)->192K(84480K) Eden: 81920K(81920K)->0K(81920K) From: 896K(2560K)->192K(2560K)
[13212.444s][info][gc,heap        ] GC(31907) ParOldGen: 619433K(619520K)->619497K(619520K)
[13212.444s][info][gc,metaspace   ] GC(31907) Metaspace: 62165K(62464K)->62165K(62464K) NonClass: 56633K(56832K)->56633K(56832K) Class: 5532K(5632K)->5532K(5632K)
[13212.444s][info][gc             ] GC(31907) Pause Young (Allocation Failure) 685M->605M(687M) 2.533ms
[13212.444s][info][gc,cpu         ] GC(31907) User=0.01s Sys=0.00s Real=0.00s
[13212.826s][info][gc,start       ] GC(31908) Pause Young (Allocation Failure)
[13212.829s][info][gc,heap        ] GC(31908) PSYoungGen: 82112K(84480K)->1728K(84480K) Eden: 81920K(81920K)->0K(81920K) From: 192K(2560K)->1728K(2560K)
[13212.829s][info][gc,heap        ] GC(31908) ParOldGen: 619497K(619520K)->619569K(620032K)
[13212.829s][info][gc,metaspace   ] GC(31908) Metaspace: 62165K(62464K)->62165K(62464K) NonClass: 56633K(56832K)->56633K(56832K) Class: 5532K(5632K)->5532K(5632K)
[13212.829s][info][gc             ] GC(31908) Pause Young (Allocation Failure) 685M->606M(688M) 3.722ms
[13212.829s][info][gc,cpu         ] GC(31908) User=0.01s Sys=0.00s Real=0.00s
[13213.195s][info][gc,start       ] GC(31909) Pause Young (Allocation Failure)
[13213.198s][info][gc,heap        ] GC(31909) PSYoungGen: 83648K(84480K)->1184K(84480K) Eden: 81920K(81920K)->0K(81920K) From: 1728K(2560K)->1184K(2560K)
[13213.198s][info][gc,heap        ] GC(31909) ParOldGen: 619569K(620032K)->619641K(620032K)
[13213.198s][info][gc,metaspace   ] GC(31909) Metaspace: 62165K(62464K)->62165K(62464K) NonClass: 56633K(56832K)->56633K(56832K) Class: 5532K(5632K)->5532K(5632K)
[13213.198s][info][gc             ] GC(31909) Pause Young (Allocation Failure) 686M->606M(688M) 3.185ms
[13213.198s][info][gc,cpu         ] GC(31909) User=0.01s Sys=0.00s Real=0.00s
[13213.581s][info][gc,start       ] GC(31910) Pause Young (Allocation Failure)
[13213.584s][info][gc,heap        ] GC(31910) PSYoungGen: 83104K(84480K)->896K(84480K) Eden: 81920K(81920K)->0K(81920K) From: 1184K(2560K)->896K(2560K)
[13213.584s][info][gc,heap        ] GC(31910) ParOldGen: 619641K(620032K)->619713K(620032K)
[13213.584s][info][gc,metaspace   ] GC(31910) Metaspace: 62165K(62464K)->62165K(62464K) NonClass: 56633K(56832K)->56633K(56832K) Class: 5532K(5632K)->5532K(5632K)
[13213.584s][info][gc             ] GC(31910) Pause Young (Allocation Failure) 686M->606M(688M) 2.967ms
[13213.584s][info][gc,cpu         ] GC(31910) User=0.01s Sys=0.00s Real=0.00s
[13213.958s][info][gc,start       ] GC(31911) Pause Young (Allocation Failure)
[13213.961s][info][gc,heap        ] GC(31911) PSYoungGen: 82816K(84480K)->512K(84480K) Eden: 81920K(81920K)->0K(81920K) From: 896K(2560K)->512K(2560K)
[13213.961s][info][gc,heap        ] GC(31911) ParOldGen: 619713K(620032K)->619785K(620032K)
[13213.961s][info][gc,metaspace   ] GC(31911) Metaspace: 62165K(62464K)->62165K(62464K) NonClass: 56633K(56832K)->56633K(56832K) Class: 5532K(5632K)->5532K(5632K)
[13213.961s][info][gc             ] GC(31911) Pause Young (Allocation Failure) 686M->605M(688M) 2.675ms
[13213.961s][info][gc,cpu         ] GC(31911) User=0.00s Sys=0.00s Real=0.00s
[13214.323s][info][gc,start       ] GC(31912) Pause Young (Allocation Failure)
[13214.327s][info][gc,heap        ] GC(31912) PSYoungGen: 82432K(84480K)->1728K(84480K) Eden: 81920K(81920K)->0K(81920K) From: 512K(2560K)->1728K(2560K)
[13214.327s][info][gc,heap        ] GC(31912) ParOldGen: 619785K(620032K)->619849K(620032K)
[13214.327s][info][gc,metaspace   ] GC(31912) Metaspace: 62165K(62464K)->62165K(62464K) NonClass: 56633K(56832K)->56633K(56832K) Class: 5532K(5632K)->5532K(5632K)
[13214.327s][info][gc             ] GC(31912) Pause Young (Allocation Failure) 685M->607M(688M) 3.774ms
[13214.327s][info][gc,cpu         ] GC(31912) User=0.01s Sys=0.00s Real=0.00s
[13214.713s][info][gc,start       ] GC(31913) Pause Young (Allocation Failure)
[13214.716s][info][gc,heap        ] GC(31913) PSYoungGen: 83648K(84480K)->1248K(84480K) Eden: 81920K(81920K)->0K(81920K) From: 1728K(2560K)->1248K(2560K)
[13214.716s][info][gc,heap        ] GC(31913) ParOldGen: 619849K(620032K)->619913K(620032K)
[13214.716s][info][gc,metaspace   ] GC(31913) Metaspace: 62165K(62464K)->62165K(62464K) NonClass: 56633K(56832K)->56633K(56832K) Class: 5532K(5632K)->5532K(5632K)
[13214.716s][info][gc             ] GC(31913) Pause Young (Allocation Failure) 687M->606M(688M) 3.389ms
[13214.716s][info][gc,cpu         ] GC(31913) User=0.00s Sys=0.00s Real=0.00s
[13215.129s][info][gc,start       ] GC(31914) Pause Young (Allocation Failure)
[13215.133s][info][gc,heap        ] GC(31914) PSYoungGen: 83168K(84480K)->1600K(84480K) Eden: 81920K(81920K)->0K(81920K) From: 1248K(2560K)->1600K(2560K)
[13215.133s][info][gc,heap        ] GC(31914) ParOldGen: 619913K(620032K)->619985K(620032K)
[13215.133s][info][gc,metaspace   ] GC(31914) Metaspace: 62165K(62464K)->62165K(62464K) NonClass: 56633K(56832K)->56633K(56832K) Class: 5532K(5632K)->5532K(5632K)
[13215.133s][info][gc             ] GC(31914) Pause Young (Allocation Failure) 686M->607M(688M) 3.610ms
[13215.133s][info][gc,cpu         ] GC(31914) User=0.01s Sys=0.00s Real=0.01s
[13215.605s][info][gc,start       ] GC(31915) Pause Young (Allocation Failure)
[13215.609s][info][gc,heap        ] GC(31915) PSYoungGen: 83520K(84480K)->1296K(84480K) Eden: 81920K(81920K)->0K(81920K) From: 1600K(2560K)->1296K(2560K)
[13215.609s][info][gc,heap        ] GC(31915) ParOldGen: 619985K(620032K)->620057K(620544K)
[13215.609s][info][gc,metaspace   ] GC(31915) Metaspace: 62165K(62464K)->62165K(62464K) NonClass: 56633K(56832K)->56633K(56832K) Class: 5532K(5632K)->5532K(5632K)
[13215.609s][info][gc             ] GC(31915) Pause Young (Allocation Failure) 687M->606M(688M) 3.345ms
[13215.609s][info][gc,cpu         ] GC(31915) User=0.00s Sys=0.00s Real=0.00s
[13216.028s][info][gc,start       ] GC(31916) Pause Young (Allocation Failure)
[13216.031s][info][gc,heap        ] GC(31916) PSYoungGen: 83216K(84480K)->1536K(84480K) Eden: 81920K(81920K)->0K(81920K) From: 1296K(2560K)->1536K(2560K)
[13216.031s][info][gc,heap        ] GC(31916) ParOldGen: 620057K(620544K)->620185K(620544K)
[13216.031s][info][gc,metaspace   ] GC(31916) Metaspace: 62165K(62464K)->62165K(62464K) NonClass: 56633K(56832K)->56633K(56832K) Class: 5532K(5632K)->5532K(5632K)
[13216.031s][info][gc             ] GC(31916) Pause Young (Allocation Failure) 686M->607M(688M) 3.606ms
[13216.031s][info][gc,cpu         ] GC(31916) User=0.01s Sys=0.00s Real=0.01s
[13216.402s][info][gc,start       ] GC(31917) Pause Young (Allocation Failure)
[13216.405s][info][gc,heap        ] GC(31917) PSYoungGen: 83456K(84480K)->1312K(84480K) Eden: 81920K(81920K)->0K(81920K) From: 1536K(2560K)->1312K(2560K)
[13216.405s][info][gc,heap        ] GC(31917) ParOldGen: 620185K(620544K)->620257K(620544K)
[13216.405s][info][gc,metaspace   ] GC(31917) Metaspace: 62165K(62464K)->62165K(62464K) NonClass: 56633K(56832K)->56633K(56832K) Class: 5532K(5632K)->5532K(5632K)
[13216.405s][info][gc             ] GC(31917) Pause Young (Allocation Failure) 687M->607M(688M) 3.450ms
[13216.405s][info][gc,cpu         ] GC(31917) User=0.01s Sys=0.01s Real=0.00s
[13216.774s][info][gc,start       ] GC(31918) Pause Young (Allocation Failure)
[13216.777s][info][gc,heap        ] GC(31918) PSYoungGen: 83232K(84480K)->800K(84480K) Eden: 81920K(81920K)->0K(81920K) From: 1312K(2560K)->800K(2560K)
[13216.777s][info][gc,heap        ] GC(31918) ParOldGen: 620257K(620544K)->620329K(620544K)
[13216.777s][info][gc,metaspace   ] GC(31918) Metaspace: 62165K(62464K)->62165K(62464K) NonClass: 56633K(56832K)->56633K(56832K) Class: 5532K(5632K)->5532K(5632K)
[13216.777s][info][gc             ] GC(31918) Pause Young (Allocation Failure) 687M->606M(688M) 2.962ms
[13216.777s][info][gc,cpu         ] GC(31918) User=0.01s Sys=0.00s Real=0.00s
[13217.192s][info][gc,start       ] GC(31919) Pause Young (Allocation Failure)
[13217.196s][info][gc,heap        ] GC(31919) PSYoungGen: 82720K(84480K)->1984K(84480K) Eden: 81920K(81920K)->0K(81920K) From: 800K(2560K)->1984K(2560K)
[13217.196s][info][gc,heap        ] GC(31919) ParOldGen: 620329K(620544K)->621425K(622080K)
[13217.196s][info][gc,metaspace   ] GC(31919) Metaspace: 62165K(62464K)->62165K(62464K) NonClass: 56633K(56832K)->56633K(56832K) Class: 5532K(5632K)->5532K(5632K)
[13217.196s][info][gc             ] GC(31919) Pause Young (Allocation Failure) 686M->608M(690M) 3.773ms
[13217.196s][info][gc,cpu         ] GC(31919) User=0.01s Sys=0.00s Real=0.00s
[13217.580s][info][gc,start       ] GC(31920) Pause Young (Allocation Failure)
[13217.584s][info][gc,heap        ] GC(31920) PSYoungGen: 83904K(84480K)->896K(84480K) Eden: 81920K(81920K)->0K(81920K) From: 1984K(2560K)->896K(2560K)
[13217.584s][info][gc,heap        ] GC(31920) ParOldGen: 621425K(622080K)->623545K(623616K)
[13217.584s][info][gc,metaspace   ] GC(31920) Metaspace: 62165K(62464K)->62165K(62464K) NonClass: 56633K(56832K)->56633K(56832K) Class: 5532K(5632K)->5532K(5632K)
[13217.584s][info][gc             ] GC(31920) Pause Young (Allocation Failure) 688M->609M(691M) 4.088ms
[13217.584s][info][gc,cpu         ] GC(31920) User=0.00s Sys=0.00s Real=0.01s
[13217.997s][info][gc,start       ] GC(31921) Pause Young (Allocation Failure)
[13218.001s][info][gc,heap        ] GC(31921) PSYoungGen: 82816K(84480K)->1088K(84480K) Eden: 81920K(81920K)->0K(81920K) From: 896K(2560K)->1088K(2560K)
[13218.001s][info][gc,heap        ] GC(31921) ParOldGen: 623545K(623616K)->623617K(624128K)
[13218.001s][info][gc,metaspace   ] GC(31921) Metaspace: 62165K(62464K)->62165K(62464K) NonClass: 56633K(56832K)->56633K(56832K) Class: 5532K(5632K)->5532K(5632K)
[13218.001s][info][gc             ] GC(31921) Pause Young (Allocation Failure) 689M->610M(692M) 3.185ms
[13218.001s][info][gc,cpu         ] GC(31921) User=0.01s Sys=0.00s Real=0.00s
[13218.415s][info][gc,start       ] GC(31922) Pause Young (Allocation Failure)
[13218.418s][info][gc,heap        ] GC(31922) PSYoungGen: 83008K(84480K)->1408K(84480K) Eden: 81920K(81920K)->0K(81920K) From: 1088K(2560K)->1408K(2560K)
[13218.418s][info][gc,heap        ] GC(31922) ParOldGen: 623617K(624128K)->623681K(624128K)
[13218.418s][info][gc,metaspace   ] GC(31922) Metaspace: 62165K(62464K)->62165K(62464K) NonClass: 56633K(56832K)->56633K(56832K) Class: 5532K(5632K)->5532K(5632K)
[13218.418s][info][gc             ] GC(31922) Pause Young (Allocation Failure) 690M->610M(692M) 3.419ms
[13218.418s][info][gc,cpu         ] GC(31922) User=0.01s Sys=0.00s Real=0.00s
[13218.827s][info][gc,start       ] GC(31923) Pause Young (Allocation Failure)
[13218.831s][info][gc,heap        ] GC(31923) PSYoungGen: 83328K(84480K)->1568K(84480K) Eden: 81920K(81920K)->0K(81920K) From: 1408K(2560K)->1568K(2560K)
[13218.831s][info][gc,heap        ] GC(31923) ParOldGen: 623681K(624128K)->623753K(624128K)
[13218.831s][info][gc,metaspace   ] GC(31923) Metaspace: 62165K(62464K)->62165K(62464K) NonClass: 56633K(56832K)->56633K(56832K) Class: 5532K(5632K)->5532K(5632K)
[13218.831s][info][gc             ] GC(31923) Pause Young (Allocation Failure) 690M->610M(692M) 3.556ms
[13218.831s][info][gc,cpu         ] GC(31923) User=0.01s Sys=0.01s Real=0.00s
[13219.242s][info][gc,start       ] GC(31924) Pause Young (Allocation Failure)
[13219.244s][info][gc,heap        ] GC(31924) PSYoungGen: 83488K(84480K)->224K(84480K) Eden: 81920K(81920K)->0K(81920K) From: 1568K(2560K)->224K(2560K)
[13219.244s][info][gc,heap        ] GC(31924) ParOldGen: 623753K(624128K)->623825K(624128K)
[13219.244s][info][gc,metaspace   ] GC(31924) Metaspace: 62165K(62464K)->62165K(62464K) NonClass: 56633K(56832K)->56633K(56832K) Class: 5532K(5632K)->5532K(5632K)
[13219.244s][info][gc             ] GC(31924) Pause Young (Allocation Failure) 690M->609M(692M) 2.501ms
[13219.244s][info][gc,cpu         ] GC(31924) User=0.01s Sys=0.00s Real=0.00s
[13219.661s][info][gc,start       ] GC(31925) Pause Young (Allocation Failure)
[13219.663s][info][gc,heap        ] GC(31925) PSYoungGen: 82144K(84480K)->480K(84480K) Eden: 81920K(81920K)->0K(81920K) From: 224K(2560K)->480K(2560K)
[13219.663s][info][gc,heap        ] GC(31925) ParOldGen: 623825K(624128K)->623897K(624128K)
[13219.663s][info][gc,metaspace   ] GC(31925) Metaspace: 62165K(62464K)->62165K(62464K) NonClass: 56633K(56832K)->56633K(56832K) Class: 5532K(5632K)->5532K(5632K)
[13219.663s][info][gc             ] GC(31925) Pause Young (Allocation Failure) 689M->609M(692M) 2.698ms
[13219.663s][info][gc,cpu         ] GC(31925) User=0.00s Sys=0.00s Real=0.01s
[13220.052s][info][gc,start       ] GC(31926) Pause Young (Allocation Failure)
[13220.054s][info][gc,heap        ] GC(31926) PSYoungGen: 82400K(84480K)->416K(84480K) Eden: 81920K(81920K)->0K(81920K) From: 480K(2560K)->416K(2560K)
[13220.054s][info][gc,heap        ] GC(31926) ParOldGen: 623897K(624128K)->623969K(624128K)
[13220.054s][info][gc,metaspace   ] GC(31926) Metaspace: 62165K(62464K)->62165K(62464K) NonClass: 56633K(56832K)->56633K(56832K) Class: 5532K(5632K)->5532K(5632K)
[13220.054s][info][gc             ] GC(31926) Pause Young (Allocation Failure) 689M->609M(692M) 2.700ms
[13220.054s][info][gc,cpu         ] GC(31926) User=0.00s Sys=0.00s Real=0.00s
[13220.418s][info][gc,start       ] GC(31927) Pause Young (Allocation Failure)
[13220.422s][info][gc,heap        ] GC(31927) PSYoungGen: 82336K(84480K)->1568K(84480K) Eden: 81920K(81920K)->0K(81920K) From: 416K(2560K)->1568K(2560K)
[13220.422s][info][gc,heap        ] GC(31927) ParOldGen: 623969K(624128K)->624041K(624128K)
[13220.422s][info][gc,metaspace   ] GC(31927) Metaspace: 62165K(62464K)->62165K(62464K) NonClass: 56633K(56832K)->56633K(56832K) Class: 5532K(5632K)->5532K(5632K)
[13220.422s][info][gc             ] GC(31927) Pause Young (Allocation Failure) 689M->610M(692M) 3.612ms
[13220.422s][info][gc,cpu         ] GC(31927) User=0.01s Sys=0.00s Real=0.01s
[13220.789s][info][gc,start       ] GC(31928) Pause Young (Allocation Failure)
[13220.792s][info][gc,heap        ] GC(31928) PSYoungGen: 83488K(84480K)->1088K(84480K) Eden: 81920K(81920K)->0K(81920K) From: 1568K(2560K)->1088K(2560K)
[13220.792s][info][gc,heap        ] GC(31928) ParOldGen: 624041K(624128K)->624105K(624128K)
[13220.792s][info][gc,metaspace   ] GC(31928) Metaspace: 62165K(62464K)->62165K(62464K) NonClass: 56633K(56832K)->56633K(56832K) Class: 5532K(5632K)->5532K(5632K)
[13220.792s][info][gc             ] GC(31928) Pause Young (Allocation Failure) 690M->610M(692M) 3.187ms
[13220.792s][info][gc,cpu         ] GC(31928) User=0.00s Sys=0.00s Real=0.01s
[13221.209s][info][gc,start       ] GC(31929) Pause Young (Allocation Failure)
[13221.212s][info][gc,heap        ] GC(31929) PSYoungGen: 83008K(84480K)->1280K(84480K) Eden: 81920K(81920K)->0K(81920K) From: 1088K(2560K)->1280K(2560K)
[13221.212s][info][gc,heap        ] GC(31929) ParOldGen: 624105K(624128K)->624169K(624640K)
[13221.212s][info][gc,metaspace   ] GC(31929) Metaspace: 62165K(62464K)->62165K(62464K) NonClass: 56633K(56832K)->56633K(56832K) Class: 5532K(5632K)->5532K(5632K)
[13221.212s][info][gc             ] GC(31929) Pause Young (Allocation Failure) 690M->610M(692M) 3.362ms
[13221.212s][info][gc,cpu         ] GC(31929) User=0.01s Sys=0.00s Real=0.01s
[13221.622s][info][gc,start       ] GC(31930) Pause Young (Allocation Failure)
[13221.627s][info][gc,heap        ] GC(31930) PSYoungGen: 83200K(84480K)->2464K(83456K) Eden: 81920K(81920K)->0K(80896K) From: 1280K(2560K)->2464K(2560K)
[13221.627s][info][gc,heap        ] GC(31930) ParOldGen: 624169K(624640K)->625266K(626176K)
[13221.627s][info][gc,metaspace   ] GC(31930) Metaspace: 62165K(62464K)->62165K(62464K) NonClass: 56633K(56832K)->56633K(56832K) Class: 5532K(5632K)->5532K(5632K)
[13221.627s][info][gc             ] GC(31930) Pause Young (Allocation Failure) 690M->613M(693M) 4.406ms
[13221.627s][info][gc,cpu         ] GC(31930) User=0.01s Sys=0.00s Real=0.00s
[13222.046s][info][gc,start       ] GC(31931) Pause Young (Allocation Failure)
[13222.050s][info][gc,heap        ] GC(31931) PSYoungGen: 83360K(83456K)->288K(83968K) Eden: 80896K(80896K)->0K(80896K) From: 2464K(2560K)->288K(3072K)
[13222.050s][info][gc,heap        ] GC(31931) ParOldGen: 625266K(626176K)->627386K(627712K)
[13222.050s][info][gc,metaspace   ] GC(31931) Metaspace: 62165K(62464K)->62165K(62464K) NonClass: 56633K(56832K)->56633K(56832K) Class: 5532K(5632K)->5532K(5632K)
[13222.050s][info][gc             ] GC(31931) Pause Young (Allocation Failure) 692M->612M(695M) 3.796ms
[13222.050s][info][gc,cpu         ] GC(31931) User=0.00s Sys=0.00s Real=0.00s
[13222.464s][info][gc,start       ] GC(31932) Pause Young (Allocation Failure)
[13222.467s][info][gc,heap        ] GC(31932) PSYoungGen: 81184K(83968K)->544K(83968K) Eden: 80896K(80896K)->0K(80896K) From: 288K(3072K)->544K(3072K)
[13222.467s][info][gc,heap        ] GC(31932) ParOldGen: 627386K(627712K)->627458K(627712K)
[13222.467s][info][gc,metaspace   ] GC(31932) Metaspace: 62165K(62464K)->62165K(62464K) NonClass: 56633K(56832K)->56633K(56832K) Class: 5532K(5632K)->5532K(5632K)
[13222.467s][info][gc             ] GC(31932) Pause Young (Allocation Failure) 691M->613M(695M) 2.734ms
[13222.467s][info][gc,cpu         ] GC(31932) User=0.00s Sys=0.00s Real=0.00s
[13222.931s][info][gc,start       ] GC(31933) Pause Young (Allocation Failure)
[13222.935s][info][gc,heap        ] GC(31933) PSYoungGen: 81440K(83968K)->1744K(83968K) Eden: 80896K(80896K)->0K(80896K) From: 544K(3072K)->1744K(3072K)
[13222.935s][info][gc,heap        ] GC(31933) ParOldGen: 627458K(627712K)->627530K(627712K)
[13222.935s][info][gc,metaspace   ] GC(31933) Metaspace: 62165K(62464K)->62165K(62464K) NonClass: 56633K(56832K)->56633K(56832K) Class: 5532K(5632K)->5532K(5632K)
[13222.935s][info][gc             ] GC(31933) Pause Young (Allocation Failure) 692M->614M(695M) 3.665ms
[13222.935s][info][gc,cpu         ] GC(31933) User=0.00s Sys=0.00s Real=0.00s
[13223.319s][info][gc,start       ] GC(31934) Pause Young (Allocation Failure)
[13223.322s][info][gc,heap        ] GC(31934) PSYoungGen: 82640K(83968K)->1472K(83968K) Eden: 80896K(80896K)->0K(80896K) From: 1744K(3072K)->1472K(3072K)
[13223.322s][info][gc,heap        ] GC(31934) ParOldGen: 627530K(627712K)->627650K(627712K)
[13223.322s][info][gc,metaspace   ] GC(31934) Metaspace: 62165K(62464K)->62165K(62464K) NonClass: 56633K(56832K)->56633K(56832K) Class: 5532K(5632K)->5532K(5632K)
[13223.323s][info][gc             ] GC(31934) Pause Young (Allocation Failure) 693M->614M(695M) 3.554ms
[13223.323s][info][gc,cpu         ] GC(31934) User=0.00s Sys=0.00s Real=0.01s
[13223.730s][info][gc,start       ] GC(31935) Pause Young (Allocation Failure)
[13223.733s][info][gc,heap        ] GC(31935) PSYoungGen: 82368K(83968K)->1568K(83968K) Eden: 80896K(80896K)->0K(80896K) From: 1472K(3072K)->1568K(3072K)
[13223.733s][info][gc,heap        ] GC(31935) ParOldGen: 627650K(627712K)->627722K(628224K)
[13223.733s][info][gc,metaspace   ] GC(31935) Metaspace: 62165K(62464K)->62165K(62464K) NonClass: 56633K(56832K)->56633K(56832K) Class: 5532K(5632K)->5532K(5632K)
[13223.733s][info][gc             ] GC(31935) Pause Young (Allocation Failure) 693M->614M(695M) 3.587ms
[13223.733s][info][gc,cpu         ] GC(31935) User=0.01s Sys=0.00s Real=0.01s
[13224.137s][info][gc,start       ] GC(31936) Pause Young (Allocation Failure)
[13224.140s][info][gc,heap        ] GC(31936) PSYoungGen: 82464K(83968K)->1728K(83968K) Eden: 80896K(80896K)->0K(80896K) From: 1568K(3072K)->1728K(3072K)
[13224.140s][info][gc,heap        ] GC(31936) ParOldGen: 627722K(628224K)->627794K(628224K)
[13224.140s][info][gc,metaspace   ] GC(31936) Metaspace: 62165K(62464K)->62165K(62464K) NonClass: 56633K(56832K)->56633K(56832K) Class: 5532K(5632K)->5532K(5632K)
[13224.141s][info][gc             ] GC(31936) Pause Young (Allocation Failure) 693M->614M(695M) 3.827ms
[13224.141s][info][gc,cpu         ] GC(31936) User=0.00s Sys=0.00s Real=0.00s
[13224.537s][info][gc,start       ] GC(31937) Pause Young (Allocation Failure)
[13224.541s][info][gc,heap        ] GC(31937) PSYoungGen: 82624K(83968K)->1760K(83968K) Eden: 80896K(80896K)->0K(80896K) From: 1728K(3072K)->1760K(3072K)
[13224.541s][info][gc,heap        ] GC(31937) ParOldGen: 627794K(628224K)->627874K(628224K)
[13224.541s][info][gc,metaspace   ] GC(31937) Metaspace: 62165K(62464K)->62165K(62464K) NonClass: 56633K(56832K)->56633K(56832K) Class: 5532K(5632K)->5532K(5632K)
[13224.541s][info][gc             ] GC(31937) Pause Young (Allocation Failure) 693M->614M(695M) 3.748ms
[13224.541s][info][gc,cpu         ] GC(31937) User=0.00s Sys=0.00s Real=0.00s
[13224.936s][info][gc,start       ] GC(31938) Pause Young (Allocation Failure)
[13224.940s][info][gc,heap        ] GC(31938) PSYoungGen: 82656K(83968K)->1984K(83968K) Eden: 80896K(80896K)->0K(80896K) From: 1760K(3072K)->1984K(3072K)
[13224.940s][info][gc,heap        ] GC(31938) ParOldGen: 627874K(628224K)->627946K(628224K)
[13224.940s][info][gc,metaspace   ] GC(31938) Metaspace: 62165K(62464K)->62165K(62464K) NonClass: 56633K(56832K)->56633K(56832K) Class: 5532K(5632K)->5532K(5632K)
[13224.940s][info][gc             ] GC(31938) Pause Young (Allocation Failure) 693M->615M(695M) 3.970ms
[13224.940s][info][gc,cpu         ] GC(31938) User=0.01s Sys=0.00s Real=0.00s
[13225.304s][info][gc,start       ] GC(31939) Pause Young (Allocation Failure)
[13225.308s][info][gc,heap        ] GC(31939) PSYoungGen: 82880K(83968K)->1344K(83968K) Eden: 80896K(80896K)->0K(80896K) From: 1984K(3072K)->1344K(3072K)
[13225.308s][info][gc,heap        ] GC(31939) ParOldGen: 627946K(628224K)->628018K(628224K)
[13225.308s][info][gc,metaspace   ] GC(31939) Metaspace: 62165K(62464K)->62165K(62464K) NonClass: 56633K(56832K)->56633K(56832K) Class: 5532K(5632K)->5532K(5632K)
[13225.308s][info][gc             ] GC(31939) Pause Young (Allocation Failure) 694M->614M(695M) 3.314ms
[13225.308s][info][gc,cpu         ] GC(31939) User=0.01s Sys=0.00s Real=0.00s
[13225.695s][info][gc,start       ] GC(31940) Pause Young (Allocation Failure)
[13225.698s][info][gc,heap        ] GC(31940) PSYoungGen: 82240K(83968K)->960K(83968K) Eden: 80896K(80896K)->0K(80896K) From: 1344K(3072K)->960K(3072K)
[13225.698s][info][gc,heap        ] GC(31940) ParOldGen: 628018K(628224K)->628090K(628224K)
[13225.698s][info][gc,metaspace   ] GC(31940) Metaspace: 62165K(62464K)->62165K(62464K) NonClass: 56633K(56832K)->56633K(56832K) Class: 5532K(5632K)->5532K(5632K)
[13225.698s][info][gc             ] GC(31940) Pause Young (Allocation Failure) 693M->614M(695M) 3.053ms
[13225.698s][info][gc,cpu         ] GC(31940) User=0.01s Sys=0.00s Real=0.00s
[13226.063s][info][gc,start       ] GC(31941) Pause Young (Allocation Failure)
[13226.066s][info][gc,heap        ] GC(31941) PSYoungGen: 81856K(83968K)->576K(83968K) Eden: 80896K(80896K)->0K(80896K) From: 960K(3072K)->576K(3072K)
[13226.066s][info][gc,heap        ] GC(31941) ParOldGen: 628090K(628224K)->628162K(628224K)
[13226.066s][info][gc,metaspace   ] GC(31941) Metaspace: 62165K(62464K)->62165K(62464K) NonClass: 56633K(56832K)->56633K(56832K) Class: 5532K(5632K)->5532K(5632K)
[13226.066s][info][gc             ] GC(31941) Pause Young (Allocation Failure) 693M->614M(695M) 2.705ms
[13226.066s][info][gc,cpu         ] GC(31941) User=0.00s Sys=0.00s Real=0.00s
[13226.448s][info][gc,start       ] GC(31942) Pause Young (Allocation Failure)
[13226.451s][info][gc,heap        ] GC(31942) PSYoungGen: 81472K(83968K)->2368K(83968K) Eden: 80896K(80896K)->0K(80896K) From: 576K(3072K)->2368K(3072K)
[13226.451s][info][gc,heap        ] GC(31942) ParOldGen: 628162K(628224K)->628234K(628736K)
[13226.451s][info][gc,metaspace   ] GC(31942) Metaspace: 62165K(62464K)->62165K(62464K) NonClass: 56633K(56832K)->56633K(56832K) Class: 5532K(5632K)->5532K(5632K)
[13226.451s][info][gc             ] GC(31942) Pause Young (Allocation Failure) 693M->615M(696M) 2.906ms
[13226.451s][info][gc,cpu         ] GC(31942) User=0.00s Sys=0.00s Real=0.00s
[13226.832s][info][gc,start       ] GC(31943) Pause Young (Allocation Failure)
[13226.836s][info][gc,heap        ] GC(31943) PSYoungGen: 83264K(83968K)->1760K(83968K) Eden: 80896K(80896K)->0K(80896K) From: 2368K(3072K)->1760K(3072K)
[13226.836s][info][gc,heap        ] GC(31943) ParOldGen: 628234K(628736K)->630354K(631808K)
[13226.836s][info][gc,metaspace   ] GC(31943) Metaspace: 62165K(62464K)->62165K(62464K) NonClass: 56633K(56832K)->56633K(56832K) Class: 5532K(5632K)->5532K(5632K)
[13226.836s][info][gc             ] GC(31943) Pause Young (Allocation Failure) 694M->617M(699M) 4.753ms
[13226.836s][info][gc,cpu         ] GC(31943) User=0.00s Sys=0.00s Real=0.00s
[13227.234s][info][gc,start       ] GC(31944) Pause Young (Allocation Failure)
[13227.238s][info][gc,heap        ] GC(31944) PSYoungGen: 82656K(83968K)->1824K(83968K) Eden: 80896K(80896K)->0K(80896K) From: 1760K(3072K)->1824K(3072K)
[13227.238s][info][gc,heap        ] GC(31944) ParOldGen: 630354K(631808K)->630426K(631808K)
[13227.238s][info][gc,metaspace   ] GC(31944) Metaspace: 62165K(62464K)->62165K(62464K) NonClass: 56633K(56832K)->56633K(56832K) Class: 5532K(5632K)->5532K(5632K)
[13227.238s][info][gc             ] GC(31944) Pause Young (Allocation Failure) 696M->617M(699M) 4.065ms
[13227.238s][info][gc,cpu         ] GC(31944) User=0.01s Sys=0.00s Real=0.00s
[13227.650s][info][gc,start       ] GC(31945) Pause Young (Allocation Failure)
[13227.653s][info][gc,heap        ] GC(31945) PSYoungGen: 82720K(83968K)->352K(83968K) Eden: 80896K(80896K)->0K(80896K) From: 1824K(3072K)->352K(3072K)
[13227.653s][info][gc,heap        ] GC(31945) ParOldGen: 630426K(631808K)->630498K(631808K)
[13227.653s][info][gc,metaspace   ] GC(31945) Metaspace: 62165K(62464K)->62165K(62464K) NonClass: 56633K(56832K)->56633K(56832K) Class: 5532K(5632K)->5532K(5632K)
[13227.653s][info][gc             ] GC(31945) Pause Young (Allocation Failure) 696M->616M(699M) 2.611ms
[13227.653s][info][gc,cpu         ] GC(31945) User=0.00s Sys=0.00s Real=0.01s
[13228.081s][info][gc,start       ] GC(31946) Pause Young (Allocation Failure)
[13228.084s][info][gc,heap        ] GC(31946) PSYoungGen: 81248K(83968K)->832K(83968K) Eden: 80896K(80896K)->0K(80896K) From: 352K(3072K)->832K(3072K)
[13228.084s][info][gc,heap        ] GC(31946) ParOldGen: 630498K(631808K)->630570K(631808K)
[13228.084s][info][gc,metaspace   ] GC(31946) Metaspace: 62165K(62464K)->62165K(62464K) NonClass: 56633K(56832K)->56633K(56832K) Class: 5532K(5632K)->5532K(5632K)
[13228.084s][info][gc             ] GC(31946) Pause Young (Allocation Failure) 695M->616M(699M) 2.975ms
[13228.084s][info][gc,cpu         ] GC(31946) User=0.01s Sys=0.00s Real=0.00s
[13228.506s][info][gc,start       ] GC(31947) Pause Young (Allocation Failure)
[13228.509s][info][gc,heap        ] GC(31947) PSYoungGen: 81727K(83968K)->1184K(83968K) Eden: 80895K(80896K)->0K(80896K) From: 832K(3072K)->1184K(3072K)
[13228.509s][info][gc,heap        ] GC(31947) ParOldGen: 630570K(631808K)->630642K(631808K)
[13228.509s][info][gc,metaspace   ] GC(31947) Metaspace: 62165K(62464K)->62165K(62464K) NonClass: 56633K(56832K)->56633K(56832K) Class: 5532K(5632K)->5532K(5632K)
[13228.509s][info][gc             ] GC(31947) Pause Young (Allocation Failure) 695M->617M(699M) 3.450ms
[13228.509s][info][gc,cpu         ] GC(31947) User=0.01s Sys=0.00s Real=0.00s
[13228.947s][info][gc,start       ] GC(31948) Pause Young (Allocation Failure)
[13228.949s][info][gc,heap        ] GC(31948) PSYoungGen: 82080K(83968K)->256K(83968K) Eden: 80896K(80896K)->0K(80896K) From: 1184K(3072K)->256K(3072K)
[13228.949s][info][gc,heap        ] GC(31948) ParOldGen: 630642K(631808K)->630714K(631808K)
[13228.949s][info][gc,metaspace   ] GC(31948) Metaspace: 62165K(62464K)->62165K(62464K) NonClass: 56633K(56832K)->56633K(56832K) Class: 5532K(5632K)->5532K(5632K)
[13228.949s][info][gc             ] GC(31948) Pause Young (Allocation Failure) 696M->616M(699M) 2.686ms
[13228.949s][info][gc,cpu         ] GC(31948) User=0.00s Sys=0.00s Real=0.00s
[13229.345s][info][gc,start       ] GC(31949) Pause Young (Allocation Failure)
[13229.348s][info][gc,heap        ] GC(31949) PSYoungGen: 81152K(83968K)->288K(83968K) Eden: 80896K(80896K)->0K(80896K) From: 256K(3072K)->288K(3072K)
[13229.348s][info][gc,heap        ] GC(31949) ParOldGen: 630714K(631808K)->630786K(631808K)
[13229.348s][info][gc,metaspace   ] GC(31949) Metaspace: 62165K(62464K)->62165K(62464K) NonClass: 56633K(56832K)->56633K(56832K) Class: 5532K(5632K)->5532K(5632K)
[13229.348s][info][gc             ] GC(31949) Pause Young (Allocation Failure) 695M->616M(699M) 2.715ms
[13229.348s][info][gc,cpu         ] GC(31949) User=0.00s Sys=0.00s Real=0.00s
[13229.779s][info][gc,start       ] GC(31950) Pause Young (Allocation Failure)
[13229.782s][info][gc,heap        ] GC(31950) PSYoungGen: 81184K(83968K)->736K(83968K) Eden: 80896K(80896K)->0K(80896K) From: 288K(3072K)->736K(3072K)
[13229.782s][info][gc,heap        ] GC(31950) ParOldGen: 630786K(631808K)->630858K(631808K)
[13229.782s][info][gc,metaspace   ] GC(31950) Metaspace: 62165K(62464K)->62165K(62464K) NonClass: 56633K(56832K)->56633K(56832K) Class: 5532K(5632K)->5532K(5632K)
[13229.782s][info][gc             ] GC(31950) Pause Young (Allocation Failure) 695M->616M(699M) 3.223ms
[13229.782s][info][gc,cpu         ] GC(31950) User=0.00s Sys=0.00s Real=0.01s
[13230.206s][info][gc,start       ] GC(31951) Pause Young (Allocation Failure)
[13230.209s][info][gc,heap        ] GC(31951) PSYoungGen: 81632K(83968K)->1184K(83968K) Eden: 80896K(80896K)->0K(80896K) From: 736K(3072K)->1184K(3072K)
[13230.209s][info][gc,heap        ] GC(31951) ParOldGen: 630858K(631808K)->630930K(631808K)
[13230.209s][info][gc,metaspace   ] GC(31951) Metaspace: 62165K(62464K)->62165K(62464K) NonClass: 56633K(56832K)->56633K(56832K) Class: 5532K(5632K)->5532K(5632K)
[13230.209s][info][gc             ] GC(31951) Pause Young (Allocation Failure) 695M->617M(699M) 3.587ms
[13230.209s][info][gc,cpu         ] GC(31951) User=0.01s Sys=0.00s Real=0.00s
[13230.660s][info][gc,start       ] GC(31952) Pause Young (Allocation Failure)
[13230.663s][info][gc,heap        ] GC(31952) PSYoungGen: 82080K(83968K)->608K(84480K) Eden: 80896K(80896K)->0K(81920K) From: 1184K(3072K)->608K(2560K)
[13230.663s][info][gc,heap        ] GC(31952) ParOldGen: 630930K(631808K)->631002K(631808K)
[13230.663s][info][gc,metaspace   ] GC(31952) Metaspace: 62165K(62464K)->62165K(62464K) NonClass: 56633K(56832K)->56633K(56832K) Class: 5532K(5632K)->5532K(5632K)
[13230.664s][info][gc             ] GC(31952) Pause Young (Allocation Failure) 696M->616M(699M) 3.089ms
[13230.664s][info][gc,cpu         ] GC(31952) User=0.01s Sys=0.00s Real=0.01s
[13231.071s][info][gc,start       ] GC(31953) Pause Young (Allocation Failure)
[13231.075s][info][gc,heap        ] GC(31953) PSYoungGen: 82528K(84480K)->704K(84480K) Eden: 81920K(81920K)->0K(81920K) From: 608K(2560K)->704K(2560K)
[13231.075s][info][gc,heap        ] GC(31953) ParOldGen: 631002K(631808K)->631122K(631808K)
[13231.075s][info][gc,metaspace   ] GC(31953) Metaspace: 62165K(62464K)->62165K(62464K) NonClass: 56633K(56832K)->56633K(56832K) Class: 5532K(5632K)->5532K(5632K)
[13231.075s][info][gc             ] GC(31953) Pause Young (Allocation Failure) 696M->617M(699M) 3.187ms
[13231.075s][info][gc,cpu         ] GC(31953) User=0.01s Sys=0.00s Real=0.00s
[13231.451s][info][gc,start       ] GC(31954) Pause Young (Allocation Failure)
[13231.453s][info][gc,heap        ] GC(31954) PSYoungGen: 82624K(84480K)->2432K(83456K) Eden: 81920K(81920K)->0K(80896K) From: 704K(2560K)->2432K(2560K)
[13231.453s][info][gc,heap        ] GC(31954) ParOldGen: 631122K(631808K)->631186K(631808K)
[13231.453s][info][gc,metaspace   ] GC(31954) Metaspace: 62165K(62464K)->62165K(62464K) NonClass: 56633K(56832K)->56633K(56832K) Class: 5532K(5632K)->5532K(5632K)
[13231.453s][info][gc             ] GC(31954) Pause Young (Allocation Failure) 697M->618M(698M) 2.903ms
[13231.453s][info][gc,cpu         ] GC(31954) User=0.00s Sys=0.00s Real=0.01s
[13231.870s][info][gc,start       ] GC(31955) Pause Young (Allocation Failure)
[13231.874s][info][gc,heap        ] GC(31955) PSYoungGen: 83328K(83456K)->640K(83968K) Eden: 80896K(80896K)->0K(80896K) From: 2432K(2560K)->640K(3072K)
[13231.874s][info][gc,heap        ] GC(31955) ParOldGen: 631186K(631808K)->633306K(633344K)
[13231.874s][info][gc,metaspace   ] GC(31955) Metaspace: 62165K(62464K)->62165K(62464K) NonClass: 56633K(56832K)->56633K(56832K) Class: 5532K(5632K)->5532K(5632K)
[13231.874s][info][gc             ] GC(31955) Pause Young (Allocation Failure) 697M->619M(700M) 3.948ms
[13231.874s][info][gc,cpu         ] GC(31955) User=0.00s Sys=0.00s Real=0.01s
[13232.305s][info][gc,start       ] GC(31956) Pause Young (Allocation Failure)
[13232.308s][info][gc,heap        ] GC(31956) PSYoungGen: 81536K(83968K)->1152K(84480K) Eden: 80896K(80896K)->0K(81408K) From: 640K(3072K)->1152K(3072K)
[13232.308s][info][gc,heap        ] GC(31956) ParOldGen: 633306K(633344K)->633378K(633856K)
[13232.308s][info][gc,metaspace   ] GC(31956) Metaspace: 62165K(62464K)->62165K(62464K) NonClass: 56633K(56832K)->56633K(56832K) Class: 5532K(5632K)->5532K(5632K)
[13232.308s][info][gc             ] GC(31956) Pause Young (Allocation Failure) 698M->619M(701M) 3.387ms
[13232.308s][info][gc,cpu         ] GC(31956) User=0.00s Sys=0.00s Real=0.00s
[13232.679s][info][gc,start       ] GC(31957) Pause Young (Allocation Failure)
[13232.682s][info][gc,heap        ] GC(31957) PSYoungGen: 82560K(84480K)->896K(83968K) Eden: 81408K(81408K)->0K(81408K) From: 1152K(3072K)->896K(2560K)
[13232.682s][info][gc,heap        ] GC(31957) ParOldGen: 633378K(633856K)->633450K(633856K)
[13232.682s][info][gc,metaspace   ] GC(31957) Metaspace: 62165K(62464K)->62165K(62464K) NonClass: 56633K(56832K)->56633K(56832K) Class: 5532K(5632K)->5532K(5632K)
[13232.682s][info][gc             ] GC(31957) Pause Young (Allocation Failure) 699M->619M(701M) 3.125ms
[13232.682s][info][gc,cpu         ] GC(31957) User=0.00s Sys=0.00s Real=0.01s
[13233.062s][info][gc,start       ] GC(31958) Pause Young (Allocation Failure)
[13233.065s][info][gc,heap        ] GC(31958) PSYoungGen: 82304K(83968K)->640K(84480K) Eden: 81408K(81408K)->0K(81920K) From: 896K(2560K)->640K(2560K)
[13233.065s][info][gc,heap        ] GC(31958) ParOldGen: 633450K(633856K)->633522K(633856K)
[13233.065s][info][gc,metaspace   ] GC(31958) Metaspace: 62165K(62464K)->62165K(62464K) NonClass: 56633K(56832K)->56633K(56832K) Class: 5532K(5632K)->5532K(5632K)
[13233.065s][info][gc             ] GC(31958) Pause Young (Allocation Failure) 698M->619M(701M) 2.819ms
[13233.065s][info][gc,cpu         ] GC(31958) User=0.00s Sys=0.00s Real=0.00s
[13233.425s][info][gc,start       ] GC(31959) Pause Young (Allocation Failure)
[13233.428s][info][gc,heap        ] GC(31959) PSYoungGen: 82560K(84480K)->1696K(84480K) Eden: 81920K(81920K)->0K(81920K) From: 640K(2560K)->1696K(2560K)
[13233.428s][info][gc,heap        ] GC(31959) ParOldGen: 633522K(633856K)->633594K(633856K)
[13233.428s][info][gc,metaspace   ] GC(31959) Metaspace: 62165K(62464K)->62165K(62464K) NonClass: 56633K(56832K)->56633K(56832K) Class: 5532K(5632K)->5532K(5632K)
[13233.428s][info][gc             ] GC(31959) Pause Young (Allocation Failure) 699M->620M(701M) 3.660ms
[13233.429s][info][gc,cpu         ] GC(31959) User=0.01s Sys=0.01s Real=0.00s
[13233.778s][info][gc,start       ] GC(31960) Pause Young (Allocation Failure)
[13233.781s][info][gc,heap        ] GC(31960) PSYoungGen: 83616K(84480K)->928K(84480K) Eden: 81920K(81920K)->0K(81920K) From: 1696K(2560K)->928K(2560K)
[13233.782s][info][gc,heap        ] GC(31960) ParOldGen: 633594K(633856K)->633666K(633856K)
[13233.782s][info][gc,metaspace   ] GC(31960) Metaspace: 62165K(62464K)->62165K(62464K) NonClass: 56633K(56832K)->56633K(56832K) Class: 5532K(5632K)->5532K(5632K)
[13233.782s][info][gc             ] GC(31960) Pause Young (Allocation Failure) 700M->619M(701M) 3.221ms
[13233.782s][info][gc,cpu         ] GC(31960) User=0.00s Sys=0.00s Real=0.01s
[13234.155s][info][gc,start       ] GC(31961) Pause Young (Allocation Failure)
[13234.157s][info][gc,heap        ] GC(31961) PSYoungGen: 82848K(84480K)->416K(84480K) Eden: 81920K(81920K)->0K(81920K) From: 928K(2560K)->416K(2560K)
[13234.157s][info][gc,heap        ] GC(31961) ParOldGen: 633666K(633856K)->633738K(633856K)
[13234.157s][info][gc,metaspace   ] GC(31961) Metaspace: 62165K(62464K)->62165K(62464K) NonClass: 56633K(56832K)->56633K(56832K) Class: 5532K(5632K)->5532K(5632K)
[13234.157s][info][gc             ] GC(31961) Pause Young (Allocation Failure) 699M->619M(701M) 2.875ms
[13234.157s][info][gc,cpu         ] GC(31961) User=0.00s Sys=0.00s Real=0.00s
[13234.544s][info][gc,start       ] GC(31962) Pause Young (Allocation Failure)
[13234.547s][info][gc,heap        ] GC(31962) PSYoungGen: 82336K(84480K)->288K(84480K) Eden: 81920K(81920K)->0K(81920K) From: 416K(2560K)->288K(2560K)
[13234.547s][info][gc,heap        ] GC(31962) ParOldGen: 633738K(633856K)->633810K(633856K)
[13234.547s][info][gc,metaspace   ] GC(31962) Metaspace: 62165K(62464K)->62165K(62464K) NonClass: 56633K(56832K)->56633K(56832K) Class: 5532K(5632K)->5532K(5632K)
[13234.547s][info][gc             ] GC(31962) Pause Young (Allocation Failure) 699M->619M(701M) 2.667ms
[13234.547s][info][gc,cpu         ] GC(31962) User=0.00s Sys=0.00s Real=0.00s
[13235.013s][info][gc,start       ] GC(31963) Pause Young (Allocation Failure)
[13235.016s][info][gc,heap        ] GC(31963) PSYoungGen: 82208K(84480K)->1120K(84480K) Eden: 81920K(81920K)->0K(81920K) From: 288K(2560K)->1120K(2560K)
[13235.016s][info][gc,heap        ] GC(31963) ParOldGen: 633810K(633856K)->633882K(634368K)
[13235.016s][info][gc,metaspace   ] GC(31963) Metaspace: 62165K(62464K)->62165K(62464K) NonClass: 56633K(56832K)->56633K(56832K) Class: 5532K(5632K)->5532K(5632K)
[13235.016s][info][gc             ] GC(31963) Pause Young (Allocation Failure) 699M->620M(702M) 3.604ms
[13235.016s][info][gc,cpu         ] GC(31963) User=0.01s Sys=0.00s Real=0.00s
[13235.511s][info][gc,start       ] GC(31964) Pause Young (Allocation Failure)
[13235.514s][info][gc,heap        ] GC(31964) PSYoungGen: 83040K(84480K)->1120K(84480K) Eden: 81920K(81920K)->0K(81920K) From: 1120K(2560K)->1120K(2560K)
[13235.514s][info][gc,heap        ] GC(31964) ParOldGen: 633882K(634368K)->633954K(634368K)
[13235.514s][info][gc,metaspace   ] GC(31964) Metaspace: 62165K(62464K)->62165K(62464K) NonClass: 56633K(56832K)->56633K(56832K) Class: 5532K(5632K)->5532K(5632K)
[13235.514s][info][gc             ] GC(31964) Pause Young (Allocation Failure) 700M->620M(702M) 3.564ms
[13235.515s][info][gc,cpu         ] GC(31964) User=0.00s Sys=0.00s Real=0.00s
[13235.992s][info][gc,start       ] GC(31965) Pause Young (Allocation Failure)
[13235.996s][info][gc,heap        ] GC(31965) PSYoungGen: 83040K(84480K)->1792K(84480K) Eden: 81920K(81920K)->0K(81920K) From: 1120K(2560K)->1792K(2560K)
[13235.996s][info][gc,heap        ] GC(31965) ParOldGen: 633954K(634368K)->635050K(635904K)
[13235.996s][info][gc,metaspace   ] GC(31965) Metaspace: 62165K(62464K)->62165K(62464K) NonClass: 56633K(56832K)->56633K(56832K) Class: 5532K(5632K)->5532K(5632K)
[13235.996s][info][gc             ] GC(31965) Pause Young (Allocation Failure) 700M->621M(703M) 4.073ms
[13235.996s][info][gc,cpu         ] GC(31965) User=0.00s Sys=0.00s Real=0.00s
[13236.486s][info][gc,start       ] GC(31966) Pause Young (Allocation Failure)
[13236.491s][info][gc,heap        ] GC(31966) PSYoungGen: 83712K(84480K)->864K(84480K) Eden: 81920K(81920K)->0K(81920K) From: 1792K(2560K)->864K(2560K)
[13236.491s][info][gc,heap        ] GC(31966) ParOldGen: 635050K(635904K)->637162K(637440K)
[13236.491s][info][gc,metaspace   ] GC(31966) Metaspace: 62165K(62464K)->62165K(62464K) NonClass: 56633K(56832K)->56633K(56832K) Class: 5532K(5632K)->5532K(5632K)
[13236.491s][info][gc             ] GC(31966) Pause Young (Allocation Failure) 701M->623M(705M) 4.401ms
[13236.491s][info][gc,cpu         ] GC(31966) User=0.00s Sys=0.00s Real=0.00s
[13236.889s][info][gc,start       ] GC(31967) Pause Young (Allocation Failure)
[13236.892s][info][gc,heap        ] GC(31967) PSYoungGen: 82784K(84480K)->1120K(84480K) Eden: 81920K(81920K)->0K(81920K) From: 864K(2560K)->1120K(2560K)
[13236.892s][info][gc,heap        ] GC(31967) ParOldGen: 637162K(637440K)->637234K(637440K)
[13236.892s][info][gc,metaspace   ] GC(31967) Metaspace: 62165K(62464K)->62165K(62464K) NonClass: 56633K(56832K)->56633K(56832K) Class: 5532K(5632K)->5532K(5632K)
[13236.892s][info][gc             ] GC(31967) Pause Young (Allocation Failure) 703M->623M(705M) 3.453ms
[13236.892s][info][gc,cpu         ] GC(31967) User=0.01s Sys=0.00s Real=0.01s
[13237.292s][info][gc,start       ] GC(31968) Pause Young (Allocation Failure)
[13237.296s][info][gc,heap        ] GC(31968) PSYoungGen: 83040K(84480K)->1056K(84480K) Eden: 81920K(81920K)->0K(81920K) From: 1120K(2560K)->1056K(2560K)
[13237.296s][info][gc,heap        ] GC(31968) ParOldGen: 637234K(637440K)->637306K(637440K)
[13237.296s][info][gc,metaspace   ] GC(31968) Metaspace: 62165K(62464K)->62165K(62464K) NonClass: 56633K(56832K)->56633K(56832K) Class: 5532K(5632K)->5532K(5632K)
[13237.296s][info][gc             ] GC(31968) Pause Young (Allocation Failure) 703M->623M(705M) 3.413ms
[13237.296s][info][gc,cpu         ] GC(31968) User=0.01s Sys=0.00s Real=0.00s
[13237.720s][info][gc,start       ] GC(31969) Pause Young (Allocation Failure)
[13237.724s][info][gc,heap        ] GC(31969) PSYoungGen: 82976K(84480K)->1376K(84480K) Eden: 81920K(81920K)->0K(81920K) From: 1056K(2560K)->1376K(2560K)
[13237.724s][info][gc,heap        ] GC(31969) ParOldGen: 637306K(637440K)->637378K(637440K)
[13237.724s][info][gc,metaspace   ] GC(31969) Metaspace: 62165K(62464K)->62165K(62464K) NonClass: 56633K(56832K)->56633K(56832K) Class: 5532K(5632K)->5532K(5632K)
[13237.724s][info][gc             ] GC(31969) Pause Young (Allocation Failure) 703M->623M(705M) 3.462ms
[13237.724s][info][gc,cpu         ] GC(31969) User=0.01s Sys=0.00s Real=0.01s
[13238.226s][info][gc,start       ] GC(31970) Pause Young (Allocation Failure)
[13238.230s][info][gc,heap        ] GC(31970) PSYoungGen: 83296K(84480K)->1552K(84480K) Eden: 81920K(81920K)->0K(81920K) From: 1376K(2560K)->1552K(2560K)
[13238.230s][info][gc,heap        ] GC(31970) ParOldGen: 637378K(637440K)->637450K(637952K)
[13238.230s][info][gc,metaspace   ] GC(31970) Metaspace: 62165K(62464K)->62165K(62464K) NonClass: 56633K(56832K)->56633K(56832K) Class: 5532K(5632K)->5532K(5632K)
[13238.230s][info][gc             ] GC(31970) Pause Young (Allocation Failure) 703M->624M(705M) 3.808ms
[13238.230s][info][gc,cpu         ] GC(31970) User=0.00s Sys=0.00s Real=0.00s
[13238.638s][info][gc,start       ] GC(31971) Pause Young (Allocation Failure)
[13238.643s][info][gc,heap        ] GC(31971) PSYoungGen: 83472K(84480K)->2400K(84480K) Eden: 81920K(81920K)->0K(81920K) From: 1552K(2560K)->2400K(2560K)
[13238.643s][info][gc,heap        ] GC(31971) ParOldGen: 637450K(637952K)->637570K(637952K)
[13238.643s][info][gc,metaspace   ] GC(31971) Metaspace: 62165K(62464K)->62165K(62464K) NonClass: 56633K(56832K)->56633K(56832K) Class: 5532K(5632K)->5532K(5632K)
[13238.643s][info][gc             ] GC(31971) Pause Young (Allocation Failure) 704M->624M(705M) 4.549ms
[13238.643s][info][gc,cpu         ] GC(31971) User=0.01s Sys=0.00s Real=0.01s
[13239.024s][info][gc,start       ] GC(31972) Pause Young (Allocation Failure)
[13239.028s][info][gc,heap        ] GC(31972) PSYoungGen: 84320K(84480K)->1568K(84480K) Eden: 81920K(81920K)->0K(81920K) From: 2400K(2560K)->1568K(2560K)
[13239.028s][info][gc,heap        ] GC(31972) ParOldGen: 637570K(637952K)->637890K(637952K)
[13239.028s][info][gc,metaspace   ] GC(31972) Metaspace: 62165K(62464K)->62165K(62464K) NonClass: 56633K(56832K)->56633K(56832K) Class: 5532K(5632K)->5532K(5632K)
[13239.028s][info][gc             ] GC(31972) Pause Young (Allocation Failure) 704M->624M(705M) 4.049ms
[13239.028s][info][gc,cpu         ] GC(31972) User=0.01s Sys=0.01s Real=0.00s
[13239.441s][info][gc,start       ] GC(31973) Pause Young (Allocation Failure)
[13239.448s][info][gc,heap        ] GC(31973) PSYoungGen: 83488K(84480K)->192K(84480K) Eden: 81920K(81920K)->0K(81920K) From: 1568K(2560K)->192K(2560K)
[13239.448s][info][gc,heap        ] GC(31973) ParOldGen: 637890K(637952K)->637962K(638464K)
[13239.448s][info][gc,metaspace   ] GC(31973) Metaspace: 62165K(62464K)->62165K(62464K) NonClass: 56633K(56832K)->56633K(56832K) Class: 5532K(5632K)->5532K(5632K)
[13239.448s][info][gc             ] GC(31973) Pause Young (Allocation Failure) 704M->623M(706M) 7.342ms
[13239.448s][info][gc,cpu         ] GC(31973) User=0.00s Sys=0.00s Real=0.00s
[13239.937s][info][gc,start       ] GC(31974) Pause Young (Allocation Failure)
[13239.941s][info][gc,heap        ] GC(31974) PSYoungGen: 82112K(84480K)->1472K(100352K) Eden: 81920K(81920K)->0K(98304K) From: 192K(2560K)->1472K(2048K)
[13239.941s][info][gc,heap        ] GC(31974) ParOldGen: 637962K(638464K)->638034K(638464K)
[13239.941s][info][gc,metaspace   ] GC(31974) Metaspace: 62165K(62464K)->62165K(62464K) NonClass: 56633K(56832K)->56633K(56832K) Class: 5532K(5632K)->5532K(5632K)
[13239.941s][info][gc             ] GC(31974) Pause Young (Allocation Failure) 703M->624M(721M) 4.447ms
[13239.941s][info][gc,cpu         ] GC(31974) User=0.01s Sys=0.00s Real=0.01s
[13240.445s][info][gc,start       ] GC(31975) Pause Young (Allocation Failure)
[13240.448s][info][gc,heap        ] GC(31975) PSYoungGen: 99776K(100352K)->288K(95744K) Eden: 98304K(98304K)->0K(95232K) From: 1472K(2048K)->288K(512K)
[13240.448s][info][gc,heap        ] GC(31975) ParOldGen: 638034K(638464K)->638082K(638464K)
[13240.448s][info][gc,metaspace   ] GC(31975) Metaspace: 62165K(62464K)->62165K(62464K) NonClass: 56633K(56832K)->56633K(56832K) Class: 5532K(5632K)->5532K(5632K)
[13240.448s][info][gc             ] GC(31975) Pause Young (Allocation Failure) 720M->623M(717M) 2.959ms
[13240.448s][info][gc,cpu         ] GC(31975) User=0.00s Sys=0.00s Real=0.00s
[13240.949s][info][gc,start       ] GC(31976) Pause Young (Allocation Failure)
[13240.953s][info][gc,heap        ] GC(31976) PSYoungGen: 95520K(95744K)->2432K(95232K) Eden: 95232K(95232K)->0K(92672K) From: 288K(512K)->2432K(2560K)
[13240.953s][info][gc,heap        ] GC(31976) ParOldGen: 638082K(638464K)->638122K(638464K)
[13240.953s][info][gc,metaspace   ] GC(31976) Metaspace: 62165K(62464K)->62165K(62464K) NonClass: 56633K(56832K)->56633K(56832K) Class: 5532K(5632K)->5532K(5632K)
[13240.953s][info][gc             ] GC(31976) Pause Young (Allocation Failure) 716M->625M(716M) 3.969ms
[13240.953s][info][gc,cpu         ] GC(31976) User=0.00s Sys=0.00s Real=0.01s
[13241.436s][info][gc,start       ] GC(31977) Pause Young (Allocation Failure)
[13241.441s][info][gc,heap        ] GC(31977) PSYoungGen: 95104K(95232K)->1664K(92160K) Eden: 92672K(92672K)->0K(90112K) From: 2432K(2560K)->1664K(2048K)
[13241.441s][info][gc,heap        ] GC(31977) ParOldGen: 638122K(638464K)->640226K(641536K)
[13241.441s][info][gc,metaspace   ] GC(31977) Metaspace: 62165K(62464K)->62165K(62464K) NonClass: 56633K(56832K)->56633K(56832K) Class: 5532K(5632K)->5532K(5632K)
[13241.441s][info][gc             ] GC(31977) Pause Young (Allocation Failure) 716M->626M(716M) 4.922ms
[13241.441s][info][gc,cpu         ] GC(31977) User=0.01s Sys=0.00s Real=0.01s
[13241.853s][info][gc,start       ] GC(31978) Pause Young (Allocation Failure)
[13241.856s][info][gc,heap        ] GC(31978) PSYoungGen: 91776K(92160K)->448K(88064K) Eden: 90112K(90112K)->0K(87552K) From: 1664K(2048K)->448K(512K)
[13241.856s][info][gc,heap        ] GC(31978) ParOldGen: 640226K(641536K)->640282K(641536K)
[13241.856s][info][gc,metaspace   ] GC(31978) Metaspace: 62165K(62464K)->62165K(62464K) NonClass: 56633K(56832K)->56633K(56832K) Class: 5532K(5632K)->5532K(5632K)
[13241.856s][info][gc             ] GC(31978) Pause Young (Allocation Failure) 714M->625M(712M) 2.993ms
[13241.857s][info][gc,cpu         ] GC(31978) User=0.00s Sys=0.00s Real=0.00s
[13242.239s][info][gc,start       ] GC(31979) Pause Young (Allocation Failure)
[13242.243s][info][gc,heap        ] GC(31979) PSYoungGen: 88000K(88064K)->2112K(88064K) Eden: 87552K(87552K)->0K(84992K) From: 448K(512K)->2112K(3072K)
[13242.243s][info][gc,heap        ] GC(31979) ParOldGen: 640282K(641536K)->640346K(641536K)
[13242.243s][info][gc,metaspace   ] GC(31979) Metaspace: 62165K(62464K)->62165K(62464K) NonClass: 56633K(56832K)->56633K(56832K) Class: 5532K(5632K)->5532K(5632K)
[13242.243s][info][gc             ] GC(31979) Pause Young (Allocation Failure) 711M->627M(712M) 4.037ms
[13242.243s][info][gc,cpu         ] GC(31979) User=0.01s Sys=0.00s Real=0.01s
[13242.605s][info][gc,start       ] GC(31980) Pause Young (Allocation Failure)
[13242.609s][info][gc,heap        ] GC(31980) PSYoungGen: 87104K(88064K)->1408K(83968K) Eden: 84992K(84992K)->0K(82432K) From: 2112K(3072K)->1408K(1536K)
[13242.609s][info][gc,heap        ] GC(31980) ParOldGen: 640346K(641536K)->640410K(641536K)
[13242.609s][info][gc,metaspace   ] GC(31980) Metaspace: 62165K(62464K)->62165K(62464K) NonClass: 56633K(56832K)->56633K(56832K) Class: 5532K(5632K)->5532K(5632K)
[13242.609s][info][gc             ] GC(31980) Pause Young (Allocation Failure) 710M->626M(708M) 3.564ms
[13242.609s][info][gc,cpu         ] GC(31980) User=0.01s Sys=0.00s Real=0.00s
[13242.994s][info][gc,start       ] GC(31981) Pause Young (Allocation Failure)
[13242.997s][info][gc,heap        ] GC(31981) PSYoungGen: 83840K(83968K)->1152K(91648K) Eden: 82432K(82432K)->0K(90112K) From: 1408K(1536K)->1152K(1536K)
[13242.997s][info][gc,heap        ] GC(31981) ParOldGen: 640410K(641536K)->640474K(641536K)
[13242.997s][info][gc,metaspace   ] GC(31981) Metaspace: 62165K(62464K)->62165K(62464K) NonClass: 56633K(56832K)->56633K(56832K) Class: 5532K(5632K)->5532K(5632K)
[13242.997s][info][gc             ] GC(31981) Pause Young (Allocation Failure) 707M->626M(716M) 3.429ms
[13242.997s][info][gc,cpu         ] GC(31981) User=0.01s Sys=0.01s Real=0.00s
[13243.419s][info][gc,start       ] GC(31982) Pause Young (Allocation Failure)
[13243.423s][info][gc,heap        ] GC(31982) PSYoungGen: 91264K(91648K)->1568K(89600K) Eden: 90112K(90112K)->0K(87552K) From: 1152K(1536K)->1568K(2048K)
[13243.423s][info][gc,heap        ] GC(31982) ParOldGen: 640474K(641536K)->640538K(641536K)
[13243.423s][info][gc,metaspace   ] GC(31982) Metaspace: 62165K(62464K)->62165K(62464K) NonClass: 56633K(56832K)->56633K(56832K) Class: 5532K(5632K)->5532K(5632K)
[13243.423s][info][gc             ] GC(31982) Pause Young (Allocation Failure) 714M->627M(714M) 3.784ms
[13243.423s][info][gc,cpu         ] GC(31982) User=0.01s Sys=0.00s Real=0.01s
[13243.862s][info][gc,start       ] GC(31983) Pause Young (Allocation Failure)
[13243.865s][info][gc,heap        ] GC(31983) PSYoungGen: 89120K(89600K)->544K(86016K) Eden: 87552K(87552K)->0K(84992K) From: 1568K(2048K)->544K(1024K)
[13243.865s][info][gc,heap        ] GC(31983) ParOldGen: 640538K(641536K)->640594K(641536K)
[13243.865s][info][gc,metaspace   ] GC(31983) Metaspace: 62165K(62464K)->62165K(62464K) NonClass: 56633K(56832K)->56633K(56832K) Class: 5532K(5632K)->5532K(5632K)
[13243.865s][info][gc             ] GC(31983) Pause Young (Allocation Failure) 712M->626M(710M) 2.971ms
[13243.865s][info][gc,cpu         ] GC(31983) User=0.01s Sys=0.00s Real=0.00s
[13244.294s][info][gc,start       ] GC(31984) Pause Young (Allocation Failure)
[13244.297s][info][gc,heap        ] GC(31984) PSYoungGen: 85536K(86016K)->1024K(83456K) Eden: 84992K(84992K)->0K(82432K) From: 544K(1024K)->1024K(1024K)
[13244.297s][info][gc,heap        ] GC(31984) ParOldGen: 640594K(641536K)->640658K(641536K)
[13244.297s][info][gc,metaspace   ] GC(31984) Metaspace: 62165K(62464K)->62165K(62464K) NonClass: 56633K(56832K)->56633K(56832K) Class: 5532K(5632K)->5532K(5632K)
[13244.297s][info][gc             ] GC(31984) Pause Young (Allocation Failure) 709M->626M(708M) 3.381ms
[13244.297s][info][gc,cpu         ] GC(31984) User=0.00s Sys=0.01s Real=0.00s
[13244.727s][info][gc,start       ] GC(31985) Pause Young (Allocation Failure)
[13244.730s][info][gc,heap        ] GC(31985) PSYoungGen: 83456K(83456K)->1536K(86016K) Eden: 82432K(82432K)->0K(84480K) From: 1024K(1024K)->1536K(1536K)
[13244.730s][info][gc,heap        ] GC(31985) ParOldGen: 640658K(641536K)->640722K(641536K)
[13244.730s][info][gc,metaspace   ] GC(31985) Metaspace: 62165K(62464K)->62165K(62464K) NonClass: 56633K(56832K)->56633K(56832K) Class: 5532K(5632K)->5532K(5632K)
[13244.730s][info][gc             ] GC(31985) Pause Young (Allocation Failure) 707M->627M(710M) 3.697ms
[13244.730s][info][gc,cpu         ] GC(31985) User=0.00s Sys=0.00s Real=0.00s
[13245.109s][info][gc,start       ] GC(31986) Pause Young (Allocation Failure)
[13245.113s][info][gc,heap        ] GC(31986) PSYoungGen: 86016K(86016K)->1408K(84992K) Eden: 84480K(84480K)->0K(83456K) From: 1536K(1536K)->1408K(1536K)
[13245.113s][info][gc,heap        ] GC(31986) ParOldGen: 640722K(641536K)->640794K(641536K)
[13245.113s][info][gc,metaspace   ] GC(31986) Metaspace: 62165K(62464K)->62165K(62464K) NonClass: 56633K(56832K)->56633K(56832K) Class: 5532K(5632K)->5532K(5632K)
[13245.113s][info][gc             ] GC(31986) Pause Young (Allocation Failure) 709M->627M(709M) 3.643ms
[13245.113s][info][gc,cpu         ] GC(31986) User=0.01s Sys=0.00s Real=0.01s
[13245.542s][info][gc,start       ] GC(31987) Pause Young (Allocation Failure)
[13245.545s][info][gc,heap        ] GC(31987) PSYoungGen: 84864K(84992K)->2304K(83968K) Eden: 83456K(83456K)->0K(81408K) From: 1408K(1536K)->2304K(2560K)
[13245.545s][info][gc,heap        ] GC(31987) ParOldGen: 640794K(641536K)->640866K(641536K)
[13245.545s][info][gc,metaspace   ] GC(31987) Metaspace: 62165K(62464K)->62165K(62464K) NonClass: 56633K(56832K)->56633K(56832K) Class: 5532K(5632K)->5532K(5632K)
[13245.545s][info][gc             ] GC(31987) Pause Young (Allocation Failure) 708M->628M(708M) 3.047ms
[13245.545s][info][gc,cpu         ] GC(31987) User=0.01s Sys=0.00s Real=0.00s
[13245.958s][info][gc,start       ] GC(31988) Pause Young (Allocation Failure)
[13245.962s][info][gc,heap        ] GC(31988) PSYoungGen: 83712K(83968K)->480K(81920K) Eden: 81408K(81408K)->0K(80896K) From: 2304K(2560K)->480K(1024K)
[13245.962s][info][gc,heap        ] GC(31988) ParOldGen: 640866K(641536K)->643034K(643072K)
[13245.962s][info][gc,metaspace   ] GC(31988) Metaspace: 62165K(62464K)->62165K(62464K) NonClass: 56633K(56832K)->56633K(56832K) Class: 5532K(5632K)->5532K(5632K)
[13245.962s][info][gc             ] GC(31988) Pause Young (Allocation Failure) 707M->628M(708M) 4.019ms
[13245.962s][info][gc,cpu         ] GC(31988) User=0.01s Sys=0.00s Real=0.01s
[13246.352s][info][gc,start       ] GC(31989) Pause Young (Allocation Failure)
[13246.354s][info][gc,heap        ] GC(31989) PSYoungGen: 81375K(81920K)->384K(83968K) Eden: 80895K(80896K)->0K(80896K) From: 480K(1024K)->384K(3072K)
[13246.354s][info][gc,heap        ] GC(31989) ParOldGen: 643034K(643072K)->643098K(643584K)
[13246.354s][info][gc,metaspace   ] GC(31989) Metaspace: 62165K(62464K)->62165K(62464K) NonClass: 56633K(56832K)->56633K(56832K) Class: 5532K(5632K)->5532K(5632K)
[13246.354s][info][gc             ] GC(31989) Pause Young (Allocation Failure) 707M->628M(710M) 2.715ms
[13246.354s][info][gc,cpu         ] GC(31989) User=0.00s Sys=0.00s Real=0.00s
[13246.746s][info][gc,start       ] GC(31990) Pause Young (Allocation Failure)
[13246.749s][info][gc,heap        ] GC(31990) PSYoungGen: 81280K(83968K)->288K(83968K) Eden: 80896K(80896K)->0K(80896K) From: 384K(3072K)->288K(3072K)
[13246.749s][info][gc,heap        ] GC(31990) ParOldGen: 643098K(643584K)->643170K(643584K)
[13246.749s][info][gc,metaspace   ] GC(31990) Metaspace: 62165K(62464K)->62165K(62464K) NonClass: 56633K(56832K)->56633K(56832K) Class: 5532K(5632K)->5532K(5632K)
[13246.749s][info][gc             ] GC(31990) Pause Young (Allocation Failure) 707M->628M(710M) 2.762ms
[13246.749s][info][gc,cpu         ] GC(31990) User=0.00s Sys=0.00s Real=0.00s
[13247.176s][info][gc,start       ] GC(31991) Pause Young (Allocation Failure)
[13247.179s][info][gc,heap        ] GC(31991) PSYoungGen: 81184K(83968K)->704K(83968K) Eden: 80896K(80896K)->0K(80896K) From: 288K(3072K)->704K(3072K)
[13247.179s][info][gc,heap        ] GC(31991) ParOldGen: 643170K(643584K)->643242K(643584K)
[13247.179s][info][gc,metaspace   ] GC(31991) Metaspace: 62165K(62464K)->62165K(62464K) NonClass: 56633K(56832K)->56633K(56832K) Class: 5532K(5632K)->5532K(5632K)
[13247.179s][info][gc             ] GC(31991) Pause Young (Allocation Failure) 707M->628M(710M) 2.998ms
[13247.179s][info][gc,cpu         ] GC(31991) User=0.00s Sys=0.00s Real=0.00s
[13247.600s][info][gc,start       ] GC(31992) Pause Young (Allocation Failure)
[13247.604s][info][gc,heap        ] GC(31992) PSYoungGen: 81600K(83968K)->1120K(84480K) Eden: 80896K(80896K)->0K(81408K) From: 704K(3072K)->1120K(3072K)
[13247.604s][info][gc,heap        ] GC(31992) ParOldGen: 643242K(643584K)->643314K(643584K)
[13247.604s][info][gc,metaspace   ] GC(31992) Metaspace: 62165K(62464K)->62165K(62464K) NonClass: 56633K(56832K)->56633K(56832K) Class: 5532K(5632K)->5532K(5632K)
[13247.604s][info][gc             ] GC(31992) Pause Young (Allocation Failure) 707M->629M(711M) 3.450ms
[13247.604s][info][gc,cpu         ] GC(31992) User=0.01s Sys=0.00s Real=0.01s
[13248.018s][info][gc,start       ] GC(31993) Pause Young (Allocation Failure)
[13248.021s][info][gc,heap        ] GC(31993) PSYoungGen: 82528K(84480K)->1504K(83968K) Eden: 81408K(81408K)->0K(81408K) From: 1120K(3072K)->1504K(2560K)
[13248.021s][info][gc,heap        ] GC(31993) ParOldGen: 643314K(643584K)->643386K(643584K)
[13248.022s][info][gc,metaspace   ] GC(31993) Metaspace: 62165K(62464K)->62165K(62464K) NonClass: 56633K(56832K)->56633K(56832K) Class: 5532K(5632K)->5532K(5632K)
[13248.022s][info][gc             ] GC(31993) Pause Young (Allocation Failure) 708M->629M(710M) 3.682ms
[13248.022s][info][gc,cpu         ] GC(31993) User=0.01s Sys=0.00s Real=0.01s
[13248.385s][info][gc,start       ] GC(31994) Pause Young (Allocation Failure)
[13248.388s][info][gc,heap        ] GC(31994) PSYoungGen: 82912K(83968K)->1056K(84480K) Eden: 81408K(81408K)->0K(81920K) From: 1504K(2560K)->1056K(2560K)
[13248.388s][info][gc,heap        ] GC(31994) ParOldGen: 643386K(643584K)->643458K(643584K)
[13248.388s][info][gc,metaspace   ] GC(31994) Metaspace: 62165K(62464K)->62165K(62464K) NonClass: 56633K(56832K)->56633K(56832K) Class: 5532K(5632K)->5532K(5632K)
[13248.388s][info][gc             ] GC(31994) Pause Young (Allocation Failure) 709M->629M(711M) 3.220ms
[13248.388s][info][gc,cpu         ] GC(31994) User=0.01s Sys=0.01s Real=0.00s
[13248.771s][info][gc,start       ] GC(31995) Pause Young (Allocation Failure)
[13248.774s][info][gc,heap        ] GC(31995) PSYoungGen: 82976K(84480K)->704K(84480K) Eden: 81920K(81920K)->0K(81920K) From: 1056K(2560K)->704K(2560K)
[13248.774s][info][gc,heap        ] GC(31995) ParOldGen: 643458K(643584K)->643530K(643584K)
[13248.774s][info][gc,metaspace   ] GC(31995) Metaspace: 62165K(62464K)->62165K(62464K) NonClass: 56633K(56832K)->56633K(56832K) Class: 5532K(5632K)->5532K(5632K)
[13248.774s][info][gc             ] GC(31995) Pause Young (Allocation Failure) 709M->629M(711M) 2.916ms
[13248.774s][info][gc,cpu         ] GC(31995) User=0.00s Sys=0.00s Real=0.01s
[13249.191s][info][gc,start       ] GC(31996) Pause Young (Allocation Failure)
[13249.194s][info][gc,heap        ] GC(31996) PSYoungGen: 82624K(84480K)->992K(84480K) Eden: 81920K(81920K)->0K(81920K) From: 704K(2560K)->992K(2560K)
[13249.194s][info][gc,heap        ] GC(31996) ParOldGen: 643530K(643584K)->643602K(644096K)
[13249.194s][info][gc,metaspace   ] GC(31996) Metaspace: 62165K(62464K)->62165K(62464K) NonClass: 56633K(56832K)->56633K(56832K) Class: 5532K(5632K)->5532K(5632K)
[13249.194s][info][gc             ] GC(31996) Pause Young (Allocation Failure) 709M->629M(711M) 3.250ms
[13249.194s][info][gc,cpu         ] GC(31996) User=0.00s Sys=0.00s Real=0.00s
[13249.614s][info][gc,start       ] GC(31997) Pause Young (Allocation Failure)
[13249.617s][info][gc,heap        ] GC(31997) PSYoungGen: 82912K(84480K)->1344K(84480K) Eden: 81920K(81920K)->0K(81920K) From: 992K(2560K)->1344K(2560K)
[13249.617s][info][gc,heap        ] GC(31997) ParOldGen: 643602K(644096K)->643674K(644096K)
[13249.617s][info][gc,metaspace   ] GC(31997) Metaspace: 62165K(62464K)->62165K(62464K) NonClass: 56633K(56832K)->56633K(56832K) Class: 5532K(5632K)->5532K(5632K)
[13249.617s][info][gc             ] GC(31997) Pause Young (Allocation Failure) 709M->629M(711M) 3.380ms
[13249.617s][info][gc,cpu         ] GC(31997) User=0.01s Sys=0.00s Real=0.00s
[13250.041s][info][gc,start       ] GC(31998) Pause Young (Allocation Failure)
[13250.043s][info][gc,heap        ] GC(31998) PSYoungGen: 83264K(84480K)->224K(84480K) Eden: 81920K(81920K)->0K(81920K) From: 1344K(2560K)->224K(2560K)
[13250.043s][info][gc,heap        ] GC(31998) ParOldGen: 643674K(644096K)->643738K(644096K)
[13250.043s][info][gc,metaspace   ] GC(31998) Metaspace: 62165K(62464K)->62165K(62464K) NonClass: 56633K(56832K)->56633K(56832K) Class: 5532K(5632K)->5532K(5632K)
[13250.043s][info][gc             ] GC(31998) Pause Young (Allocation Failure) 709M->628M(711M) 2.516ms
[13250.043s][info][gc,cpu         ] GC(31998) User=0.00s Sys=0.00s Real=0.01s
[13250.470s][info][gc,start       ] GC(31999) Pause Young (Allocation Failure)
[13250.474s][info][gc,heap        ] GC(31999) PSYoungGen: 82144K(84480K)->1696K(84480K) Eden: 81920K(81920K)->0K(81920K) From: 224K(2560K)->1696K(2560K)
[13250.474s][info][gc,heap        ] GC(31999) ParOldGen: 643738K(644096K)->645858K(647168K)
[13250.474s][info][gc,metaspace   ] GC(31999) Metaspace: 62165K(62464K)->62165K(62464K) NonClass: 56633K(56832K)->56633K(56832K) Class: 5532K(5632K)->5532K(5632K)
[13250.474s][info][gc             ] GC(31999) Pause Young (Allocation Failure) 708M->632M(714M) 4.242ms
[13250.474s][info][gc,cpu         ] GC(31999) User=0.00s Sys=0.00s Real=0.01s
[13250.862s][info][gc,start       ] GC(32000) Pause Young (Allocation Failure)
[13250.865s][info][gc,heap        ] GC(32000) PSYoungGen: 83616K(84480K)->576K(84480K) Eden: 81920K(81920K)->0K(81920K) From: 1696K(2560K)->576K(2560K)
[13250.865s][info][gc,heap        ] GC(32000) ParOldGen: 645858K(647168K)->647978K(648704K)
[13250.865s][info][gc,metaspace   ] GC(32000) Metaspace: 62165K(62464K)->62165K(62464K) NonClass: 56633K(56832K)->56633K(56832K) Class: 5532K(5632K)->5532K(5632K)
[13250.865s][info][gc             ] GC(32000) Pause Young (Allocation Failure) 712M->633M(716M) 3.823ms
[13250.865s][info][gc,cpu         ] GC(32000) User=0.01s Sys=0.00s Real=0.00s
[13251.244s][info][gc,start       ] GC(32001) Pause Young (Allocation Failure)
[13251.246s][info][gc,heap        ] GC(32001) PSYoungGen: 82496K(84480K)->288K(84480K) Eden: 81920K(81920K)->0K(81920K) From: 576K(2560K)->288K(2560K)
[13251.247s][info][gc,heap        ] GC(32001) ParOldGen: 647978K(648704K)->648050K(648704K)
[13251.247s][info][gc,metaspace   ] GC(32001) Metaspace: 62165K(62464K)->62165K(62464K) NonClass: 56633K(56832K)->56633K(56832K) Class: 5532K(5632K)->5532K(5632K)
[13251.247s][info][gc             ] GC(32001) Pause Young (Allocation Failure) 713M->633M(716M) 2.633ms
[13251.247s][info][gc,cpu         ] GC(32001) User=0.01s Sys=0.00s Real=0.00s
[13251.624s][info][gc,start       ] GC(32002) Pause Young (Allocation Failure)
[13251.628s][info][gc,heap        ] GC(32002) PSYoungGen: 82208K(84480K)->1728K(84480K) Eden: 81920K(81920K)->0K(81920K) From: 288K(2560K)->1728K(2560K)
[13251.628s][info][gc,heap        ] GC(32002) ParOldGen: 648050K(648704K)->648122K(648704K)
[13251.628s][info][gc,metaspace   ] GC(32002) Metaspace: 62165K(62464K)->62165K(62464K) NonClass: 56633K(56832K)->56633K(56832K) Class: 5532K(5632K)->5532K(5632K)
[13251.628s][info][gc             ] GC(32002) Pause Young (Allocation Failure) 713M->634M(716M) 3.766ms
[13251.628s][info][gc,cpu         ] GC(32002) User=0.00s Sys=0.00s Real=0.00s
[13252.061s][info][gc,start       ] GC(32003) Pause Young (Allocation Failure)
[13252.063s][info][gc,heap        ] GC(32003) PSYoungGen: 83648K(84480K)->480K(84480K) Eden: 81920K(81920K)->0K(81920K) From: 1728K(2560K)->480K(2560K)
[13252.064s][info][gc,heap        ] GC(32003) ParOldGen: 648122K(648704K)->648194K(648704K)
[13252.064s][info][gc,metaspace   ] GC(32003) Metaspace: 62165K(62464K)->62165K(62464K) NonClass: 56633K(56832K)->56633K(56832K) Class: 5532K(5632K)->5532K(5632K)
[13252.064s][info][gc             ] GC(32003) Pause Young (Allocation Failure) 714M->633M(716M) 2.926ms
[13252.064s][info][gc,cpu         ] GC(32003) User=0.00s Sys=0.00s Real=0.01s
[13252.469s][info][gc,start       ] GC(32004) Pause Young (Allocation Failure)
[13252.472s][info][gc,heap        ] GC(32004) PSYoungGen: 82400K(84480K)->672K(84480K) Eden: 81920K(81920K)->0K(81920K) From: 480K(2560K)->672K(2560K)
[13252.472s][info][gc,heap        ] GC(32004) ParOldGen: 648194K(648704K)->648258K(648704K)
[13252.472s][info][gc,metaspace   ] GC(32004) Metaspace: 62165K(62464K)->62165K(62464K) NonClass: 56633K(56832K)->56633K(56832K) Class: 5532K(5632K)->5532K(5632K)
[13252.472s][info][gc             ] GC(32004) Pause Young (Allocation Failure) 713M->633M(716M) 2.991ms
[13252.472s][info][gc,cpu         ] GC(32004) User=0.01s Sys=0.00s Real=0.01s
[13252.887s][info][gc,start       ] GC(32005) Pause Young (Allocation Failure)
[13252.891s][info][gc,heap        ] GC(32005) PSYoungGen: 82592K(84480K)->1024K(84480K) Eden: 81920K(81920K)->0K(81920K) From: 672K(2560K)->1024K(2560K)
[13252.891s][info][gc,heap        ] GC(32005) ParOldGen: 648258K(648704K)->648330K(648704K)
[13252.891s][info][gc,metaspace   ] GC(32005) Metaspace: 62165K(62464K)->62165K(62464K) NonClass: 56633K(56832K)->56633K(56832K) Class: 5532K(5632K)->5532K(5632K)
[13252.891s][info][gc             ] GC(32005) Pause Young (Allocation Failure) 713M->634M(716M) 3.396ms
[13252.891s][info][gc,cpu         ] GC(32005) User=0.01s Sys=0.00s Real=0.00s
[13253.369s][info][gc,start       ] GC(32006) Pause Young (Allocation Failure)
[13253.372s][info][gc,heap        ] GC(32006) PSYoungGen: 82944K(84480K)->736K(84480K) Eden: 81920K(81920K)->0K(81920K) From: 1024K(2560K)->736K(2560K)
[13253.372s][info][gc,heap        ] GC(32006) ParOldGen: 648330K(648704K)->648394K(648704K)
[13253.372s][info][gc,metaspace   ] GC(32006) Metaspace: 62165K(62464K)->62165K(62464K) NonClass: 56633K(56832K)->56633K(56832K) Class: 5532K(5632K)->5532K(5632K)
[13253.372s][info][gc             ] GC(32006) Pause Young (Allocation Failure) 714M->633M(716M) 3.117ms
[13253.372s][info][gc,cpu         ] GC(32006) User=0.01s Sys=0.00s Real=0.01s
[13253.773s][info][gc,start       ] GC(32007) Pause Young (Allocation Failure)
[13253.776s][info][gc,heap        ] GC(32007) PSYoungGen: 82656K(84480K)->672K(84480K) Eden: 81920K(81920K)->0K(81920K) From: 736K(2560K)->672K(2560K)
[13253.776s][info][gc,heap        ] GC(32007) ParOldGen: 648394K(648704K)->648514K(648704K)
[13253.776s][info][gc,metaspace   ] GC(32007) Metaspace: 62165K(62464K)->62165K(62464K) NonClass: 56633K(56832K)->56633K(56832K) Class: 5532K(5632K)->5532K(5632K)
[13253.777s][info][gc             ] GC(32007) Pause Young (Allocation Failure) 713M->633M(716M) 3.080ms
[13253.777s][info][gc,cpu         ] GC(32007) User=0.00s Sys=0.00s Real=0.00s
[13254.165s][info][gc,start       ] GC(32008) Pause Young (Allocation Failure)
[13254.168s][info][gc,heap        ] GC(32008) PSYoungGen: 82592K(84480K)->640K(84992K) Eden: 81920K(81920K)->0K(82432K) From: 672K(2560K)->640K(2560K)
[13254.168s][info][gc,heap        ] GC(32008) ParOldGen: 648514K(648704K)->648578K(648704K)
[13254.168s][info][gc,metaspace   ] GC(32008) Metaspace: 62165K(62464K)->62165K(62464K) NonClass: 56633K(56832K)->56633K(56832K) Class: 5532K(5632K)->5532K(5632K)
[13254.168s][info][gc             ] GC(32008) Pause Young (Allocation Failure) 713M->634M(716M) 3.009ms
[13254.168s][info][gc,cpu         ] GC(32008) User=0.01s Sys=0.00s Real=0.00s
[13254.593s][info][gc,start       ] GC(32009) Pause Young (Allocation Failure)
[13254.596s][info][gc,heap        ] GC(32009) PSYoungGen: 83072K(84992K)->960K(84480K) Eden: 82432K(82432K)->0K(82432K) From: 640K(2560K)->960K(2048K)
[13254.596s][info][gc,heap        ] GC(32009) ParOldGen: 648578K(648704K)->648650K(648704K)
[13254.596s][info][gc,metaspace   ] GC(32009) Metaspace: 62165K(62464K)->62165K(62464K) NonClass: 56633K(56832K)->56633K(56832K) Class: 5532K(5632K)->5532K(5632K)
[13254.596s][info][gc             ] GC(32009) Pause Young (Allocation Failure) 714M->634M(716M) 3.339ms
[13254.596s][info][gc,cpu         ] GC(32009) User=0.00s Sys=0.00s Real=0.00s
[13255.008s][info][gc,start       ] GC(32010) Pause Young (Allocation Failure)
[13255.012s][info][gc,heap        ] GC(32010) PSYoungGen: 83392K(84480K)->1440K(84992K) Eden: 82432K(82432K)->0K(82944K) From: 960K(2048K)->1440K(2048K)
[13255.012s][info][gc,heap        ] GC(32010) ParOldGen: 648650K(648704K)->648722K(649216K)
[13255.012s][info][gc,metaspace   ] GC(32010) Metaspace: 62165K(62464K)->62165K(62464K) NonClass: 56633K(56832K)->56633K(56832K) Class: 5532K(5632K)->5532K(5632K)
[13255.012s][info][gc             ] GC(32010) Pause Young (Allocation Failure) 714M->634M(717M) 3.758ms
[13255.012s][info][gc,cpu         ] GC(32010) User=0.00s Sys=0.00s Real=0.01s
[13255.426s][info][gc,start       ] GC(32011) Pause Young (Allocation Failure)
[13255.430s][info][gc,heap        ] GC(32011) PSYoungGen: 84384K(84992K)->1472K(84480K) Eden: 82944K(82944K)->0K(82944K) From: 1440K(2048K)->1472K(1536K)
[13255.430s][info][gc,heap        ] GC(32011) ParOldGen: 648722K(649216K)->648794K(649216K)
[13255.430s][info][gc,metaspace   ] GC(32011) Metaspace: 62165K(62464K)->62165K(62464K) NonClass: 56633K(56832K)->56633K(56832K) Class: 5532K(5632K)->5532K(5632K)
[13255.430s][info][gc             ] GC(32011) Pause Young (Allocation Failure) 715M->635M(716M) 3.758ms
[13255.430s][info][gc,cpu         ] GC(32011) User=0.01s Sys=0.00s Real=0.00s
[13255.870s][info][gc,start       ] GC(32012) Pause Young (Allocation Failure)
[13255.873s][info][gc,heap        ] GC(32012) PSYoungGen: 84416K(84480K)->672K(84992K) Eden: 82944K(82944K)->0K(82432K) From: 1472K(1536K)->672K(2560K)
[13255.873s][info][gc,heap        ] GC(32012) ParOldGen: 648794K(649216K)->648866K(649216K)
[13255.873s][info][gc,metaspace   ] GC(32012) Metaspace: 62165K(62464K)->62165K(62464K) NonClass: 56633K(56832K)->56633K(56832K) Class: 5532K(5632K)->5532K(5632K)
[13255.873s][info][gc             ] GC(32012) Pause Young (Allocation Failure) 716M->634M(717M) 3.049ms
[13255.873s][info][gc,cpu         ] GC(32012) User=0.00s Sys=0.00s Real=0.01s
[13256.374s][info][gc,start       ] GC(32013) Pause Young (Allocation Failure)
[13256.377s][info][gc,heap        ] GC(32013) PSYoungGen: 83104K(84992K)->608K(84480K) Eden: 82432K(82432K)->0K(82432K) From: 672K(2560K)->608K(2048K)
[13256.377s][info][gc,heap        ] GC(32013) ParOldGen: 648866K(649216K)->648930K(649216K)
[13256.377s][info][gc,metaspace   ] GC(32013) Metaspace: 62165K(62464K)->62165K(62464K) NonClass: 56633K(56832K)->56633K(56832K) Class: 5532K(5632K)->5532K(5632K)
[13256.377s][info][gc             ] GC(32013) Pause Young (Allocation Failure) 714M->634M(716M) 3.170ms
[13256.377s][info][gc,cpu         ] GC(32013) User=0.00s Sys=0.00s Real=0.00s
[13256.882s][info][gc,start       ] GC(32014) Pause Young (Allocation Failure)
[13256.885s][info][gc,heap        ] GC(32014) PSYoungGen: 83040K(84480K)->736K(84992K) Eden: 82432K(82432K)->0K(82944K) From: 608K(2048K)->736K(2048K)
[13256.885s][info][gc,heap        ] GC(32014) ParOldGen: 648930K(649216K)->648994K(649216K)
[13256.885s][info][gc,metaspace   ] GC(32014) Metaspace: 62165K(62464K)->62165K(62464K) NonClass: 56633K(56832K)->56633K(56832K) Class: 5532K(5632K)->5532K(5632K)
[13256.886s][info][gc             ] GC(32014) Pause Young (Allocation Failure) 714M->634M(717M) 3.265ms
[13256.886s][info][gc,cpu         ] GC(32014) User=0.01s Sys=0.00s Real=0.00s
[13257.382s][info][gc,start       ] GC(32015) Pause Young (Allocation Failure)
[13257.385s][info][gc,heap        ] GC(32015) PSYoungGen: 83680K(84992K)->768K(84992K) Eden: 82944K(82944K)->0K(82944K) From: 736K(2048K)->768K(2048K)
[13257.385s][info][gc,heap        ] GC(32015) ParOldGen: 648994K(649216K)->649066K(649216K)
[13257.385s][info][gc,metaspace   ] GC(32015) Metaspace: 62165K(62464K)->62165K(62464K) NonClass: 56633K(56832K)->56633K(56832K) Class: 5532K(5632K)->5532K(5632K)
[13257.385s][info][gc             ] GC(32015) Pause Young (Allocation Failure) 715M->634M(717M) 3.159ms
[13257.385s][info][gc,cpu         ] GC(32015) User=0.01s Sys=0.00s Real=0.00s
[13257.905s][info][gc,start       ] GC(32016) Pause Young (Allocation Failure)
[13257.909s][info][gc,heap        ] GC(32016) PSYoungGen: 83712K(84992K)->992K(84992K) Eden: 82944K(82944K)->0K(82944K) From: 768K(2048K)->992K(2048K)
[13257.909s][info][gc,heap        ] GC(32016) ParOldGen: 649066K(649216K)->649138K(649216K)
[13257.909s][info][gc,metaspace   ] GC(32016) Metaspace: 62165K(62464K)->62165K(62464K) NonClass: 56633K(56832K)->56633K(56832K) Class: 5532K(5632K)->5532K(5632K)
[13257.909s][info][gc             ] GC(32016) Pause Young (Allocation Failure) 715M->634M(717M) 3.365ms
[13257.909s][info][gc,cpu         ] GC(32016) User=0.00s Sys=0.00s Real=0.00s
[13258.399s][info][gc,start       ] GC(32017) Pause Young (Allocation Failure)
[13258.402s][info][gc,heap        ] GC(32017) PSYoungGen: 83936K(84992K)->1024K(84992K) Eden: 82944K(82944K)->0K(82944K) From: 992K(2048K)->1024K(2048K)
[13258.402s][info][gc,heap        ] GC(32017) ParOldGen: 649138K(649216K)->649210K(649216K)
[13258.402s][info][gc,metaspace   ] GC(32017) Metaspace: 62166K(62464K)->62166K(62464K) NonClass: 56633K(56832K)->56633K(56832K) Class: 5532K(5632K)->5532K(5632K)
[13258.402s][info][gc             ] GC(32017) Pause Young (Allocation Failure) 715M->634M(717M) 3.535ms
[13258.402s][info][gc,cpu         ] GC(32017) User=0.00s Sys=0.00s Real=0.01s
[13258.886s][info][gc,start       ] GC(32018) Pause Young (Allocation Failure)
[13258.889s][info][gc,heap        ] GC(32018) PSYoungGen: 83968K(84992K)->864K(84992K) Eden: 82944K(82944K)->0K(82944K) From: 1024K(2048K)->864K(2048K)
[13258.889s][info][gc,heap        ] GC(32018) ParOldGen: 649210K(649216K)->649274K(649728K)
[13258.889s][info][gc,metaspace   ] GC(32018) Metaspace: 62166K(62464K)->62166K(62464K) NonClass: 56633K(56832K)->56633K(56832K) Class: 5532K(5632K)->5532K(5632K)
[13258.889s][info][gc             ] GC(32018) Pause Young (Allocation Failure) 715M->634M(717M) 3.349ms
[13258.889s][info][gc,cpu         ] GC(32018) User=0.01s Sys=0.00s Real=0.00s
[13259.356s][info][gc,start       ] GC(32019) Pause Young (Allocation Failure)
[13259.359s][info][gc,heap        ] GC(32019) PSYoungGen: 83808K(84992K)->448K(84992K) Eden: 82944K(82944K)->0K(82944K) From: 864K(2048K)->448K(2048K)
[13259.359s][info][gc,heap        ] GC(32019) ParOldGen: 649274K(649728K)->649338K(649728K)
[13259.359s][info][gc,metaspace   ] GC(32019) Metaspace: 62166K(62464K)->62166K(62464K) NonClass: 56633K(56832K)->56633K(56832K) Class: 5532K(5632K)->5532K(5632K)
[13259.359s][info][gc             ] GC(32019) Pause Young (Allocation Failure) 715M->634M(717M) 2.940ms
[13259.359s][info][gc,cpu         ] GC(32019) User=0.00s Sys=0.00s Real=0.00s
[13259.861s][info][gc,start       ] GC(32020) Pause Young (Allocation Failure)
[13259.864s][info][gc,heap        ] GC(32020) PSYoungGen: 83392K(84992K)->512K(84992K) Eden: 82944K(82944K)->0K(82944K) From: 448K(2048K)->512K(2048K)
[13259.864s][info][gc,heap        ] GC(32020) ParOldGen: 649338K(649728K)->649410K(649728K)
[13259.864s][info][gc,metaspace   ] GC(32020) Metaspace: 62166K(62464K)->62166K(62464K) NonClass: 56633K(56832K)->56633K(56832K) Class: 5532K(5632K)->5532K(5632K)
[13259.864s][info][gc             ] GC(32020) Pause Young (Allocation Failure) 715M->634M(717M) 2.946ms
[13259.864s][info][gc,cpu         ] GC(32020) User=0.00s Sys=0.00s Real=0.00s
[13260.364s][info][gc,start       ] GC(32021) Pause Young (Allocation Failure)
[13260.368s][info][gc,heap        ] GC(32021) PSYoungGen: 83456K(84992K)->1504K(84992K) Eden: 82944K(82944K)->0K(82944K) From: 512K(2048K)->1504K(2048K)
[13260.368s][info][gc,heap        ] GC(32021) ParOldGen: 649410K(649728K)->650506K(651264K)
[13260.368s][info][gc,metaspace   ] GC(32021) Metaspace: 62166K(62464K)->62166K(62464K) NonClass: 56633K(56832K)->56633K(56832K) Class: 5532K(5632K)->5532K(5632K)
[13260.368s][info][gc             ] GC(32021) Pause Young (Allocation Failure) 715M->636M(719M) 3.679ms
[13260.368s][info][gc,cpu         ] GC(32021) User=0.00s Sys=0.00s Real=0.00s
[13260.881s][info][gc,start       ] GC(32022) Pause Young (Allocation Failure)
[13260.886s][info][gc,heap        ] GC(32022) PSYoungGen: 84448K(84992K)->736K(84992K) Eden: 82944K(82944K)->0K(82944K) From: 1504K(2048K)->736K(2048K)
[13260.886s][info][gc,heap        ] GC(32022) ParOldGen: 650506K(651264K)->652626K(652800K)
[13260.886s][info][gc,metaspace   ] GC(32022) Metaspace: 62166K(62464K)->62166K(62464K) NonClass: 56633K(56832K)->56633K(56832K) Class: 5532K(5632K)->5532K(5632K)
[13260.886s][info][gc             ] GC(32022) Pause Young (Allocation Failure) 717M->638M(720M) 4.423ms
[13260.886s][info][gc,cpu         ] GC(32022) User=0.01s Sys=0.00s Real=0.00s
[13261.403s][info][gc,start       ] GC(32023) Pause Young (Allocation Failure)
[13261.407s][info][gc,heap        ] GC(32023) PSYoungGen: 83680K(84992K)->1024K(84992K) Eden: 82944K(82944K)->0K(82944K) From: 736K(2048K)->1024K(2048K)
[13261.407s][info][gc,heap        ] GC(32023) ParOldGen: 652626K(652800K)->652698K(652800K)
[13261.407s][info][gc,metaspace   ] GC(32023) Metaspace: 62166K(62464K)->62166K(62464K) NonClass: 56633K(56832K)->56633K(56832K) Class: 5532K(5632K)->5532K(5632K)
[13261.407s][info][gc             ] GC(32023) Pause Young (Allocation Failure) 719M->638M(720M) 3.418ms
[13261.407s][info][gc,cpu         ] GC(32023) User=0.01s Sys=0.00s Real=0.00s
[13261.950s][info][gc,start       ] GC(32024) Pause Young (Allocation Failure)
[13261.953s][info][gc,heap        ] GC(32024) PSYoungGen: 83968K(84992K)->384K(84992K) Eden: 82944K(82944K)->0K(82944K) From: 1024K(2048K)->384K(2048K)
[13261.953s][info][gc,heap        ] GC(32024) ParOldGen: 652698K(652800K)->652770K(652800K)
[13261.953s][info][gc,metaspace   ] GC(32024) Metaspace: 62166K(62464K)->62166K(62464K) NonClass: 56633K(56832K)->56633K(56832K) Class: 5532K(5632K)->5532K(5632K)
[13261.953s][info][gc             ] GC(32024) Pause Young (Allocation Failure) 719M->637M(720M) 3.036ms
[13261.953s][info][gc,cpu         ] GC(32024) User=0.00s Sys=0.00s Real=0.01s
[13262.411s][info][gc,start       ] GC(32025) Pause Young (Allocation Failure)
[13262.414s][info][gc,heap        ] GC(32025) PSYoungGen: 83328K(84992K)->1248K(84992K) Eden: 82944K(82944K)->0K(82944K) From: 384K(2048K)->1248K(2048K)
[13262.414s][info][gc,heap        ] GC(32025) ParOldGen: 652770K(652800K)->652890K(653312K)
[13262.414s][info][gc,metaspace   ] GC(32025) Metaspace: 62166K(62464K)->62166K(62464K) NonClass: 56633K(56832K)->56633K(56832K) Class: 5532K(5632K)->5532K(5632K)
[13262.414s][info][gc             ] GC(32025) Pause Young (Allocation Failure) 718M->638M(721M) 3.691ms
[13262.414s][info][gc,cpu         ] GC(32025) User=0.01s Sys=0.00s Real=0.01s
[13262.870s][info][gc,start       ] GC(32026) Pause Young (Allocation Failure)
[13262.873s][info][gc,heap        ] GC(32026) PSYoungGen: 84192K(84992K)->704K(84992K) Eden: 82944K(82944K)->0K(82944K) From: 1248K(2048K)->704K(2048K)
[13262.873s][info][gc,heap        ] GC(32026) ParOldGen: 652890K(653312K)->652962K(653312K)
[13262.873s][info][gc,metaspace   ] GC(32026) Metaspace: 62166K(62464K)->62166K(62464K) NonClass: 56633K(56832K)->56633K(56832K) Class: 5532K(5632K)->5532K(5632K)
[13262.873s][info][gc             ] GC(32026) Pause Young (Allocation Failure) 719M->638M(721M) 2.870ms
[13262.873s][info][gc,cpu         ] GC(32026) User=0.01s Sys=0.00s Real=0.01s
[13263.321s][info][gc,start       ] GC(32027) Pause Young (Allocation Failure)
[13263.325s][info][gc,heap        ] GC(32027) PSYoungGen: 83648K(84992K)->1408K(84992K) Eden: 82944K(82944K)->0K(82944K) From: 704K(2048K)->1408K(2048K)
[13263.325s][info][gc,heap        ] GC(32027) ParOldGen: 652962K(653312K)->653034K(653312K)
[13263.325s][info][gc,metaspace   ] GC(32027) Metaspace: 62166K(62464K)->62166K(62464K) NonClass: 56633K(56832K)->56633K(56832K) Class: 5532K(5632K)->5532K(5632K)
[13263.325s][info][gc             ] GC(32027) Pause Young (Allocation Failure) 719M->639M(721M) 3.633ms
[13263.325s][info][gc,cpu         ] GC(32027) User=0.01s Sys=0.00s Real=0.00s
[13263.771s][info][gc,start       ] GC(32028) Pause Young (Allocation Failure)
[13263.774s][info][gc,heap        ] GC(32028) PSYoungGen: 84352K(84992K)->576K(84992K) Eden: 82944K(82944K)->0K(82944K) From: 1408K(2048K)->576K(2048K)
[13263.774s][info][gc,heap        ] GC(32028) ParOldGen: 653034K(653312K)->653098K(653312K)
[13263.774s][info][gc,metaspace   ] GC(32028) Metaspace: 62166K(62464K)->62166K(62464K) NonClass: 56633K(56832K)->56633K(56832K) Class: 5532K(5632K)->5532K(5632K)
[13263.774s][info][gc             ] GC(32028) Pause Young (Allocation Failure) 720M->638M(721M) 2.971ms
[13263.774s][info][gc,cpu         ] GC(32028) User=0.00s Sys=0.00s Real=0.01s
[13264.278s][info][gc,start       ] GC(32029) Pause Young (Allocation Failure)
[13264.281s][info][gc,heap        ] GC(32029) PSYoungGen: 83520K(84992K)->800K(84992K) Eden: 82944K(82944K)->0K(82944K) From: 576K(2048K)->800K(2048K)
[13264.281s][info][gc,heap        ] GC(32029) ParOldGen: 653098K(653312K)->653170K(653312K)
[13264.281s][info][gc,metaspace   ] GC(32029) Metaspace: 62166K(62464K)->62166K(62464K) NonClass: 56633K(56832K)->56633K(56832K) Class: 5532K(5632K)->5532K(5632K)
[13264.281s][info][gc             ] GC(32029) Pause Young (Allocation Failure) 719M->638M(721M) 3.007ms
[13264.281s][info][gc,cpu         ] GC(32029) User=0.01s Sys=0.00s Real=0.01s
[13264.671s][info][gc,start       ] GC(32030) Pause Young (Allocation Failure)
[13264.674s][info][gc,heap        ] GC(32030) PSYoungGen: 83744K(84992K)->704K(84992K) Eden: 82944K(82944K)->0K(82944K) From: 800K(2048K)->704K(2048K)
[13264.674s][info][gc,heap        ] GC(32030) ParOldGen: 653170K(653312K)->653234K(653312K)
[13264.674s][info][gc,metaspace   ] GC(32030) Metaspace: 62166K(62464K)->62166K(62464K) NonClass: 56633K(56832K)->56633K(56832K) Class: 5532K(5632K)->5532K(5632K)
[13264.674s][info][gc             ] GC(32030) Pause Young (Allocation Failure) 719M->638M(721M) 3.216ms
[13264.674s][info][gc,cpu         ] GC(32030) User=0.01s Sys=0.00s Real=0.01s
[13265.077s][info][gc,start       ] GC(32031) Pause Young (Allocation Failure)
[13265.081s][info][gc,heap        ] GC(32031) PSYoungGen: 83648K(84992K)->832K(84992K) Eden: 82944K(82944K)->0K(82944K) From: 704K(2048K)->832K(2048K)
[13265.081s][info][gc,heap        ] GC(32031) ParOldGen: 653234K(653312K)->653298K(653312K)
[13265.081s][info][gc,metaspace   ] GC(32031) Metaspace: 62166K(62464K)->62166K(62464K) NonClass: 56633K(56832K)->56633K(56832K) Class: 5532K(5632K)->5532K(5632K)
[13265.081s][info][gc             ] GC(32031) Pause Young (Allocation Failure) 719M->638M(721M) 3.154ms
[13265.081s][info][gc,cpu         ] GC(32031) User=0.00s Sys=0.00s Real=0.00s
[13265.520s][info][gc,start       ] GC(32032) Pause Young (Allocation Failure)
[13265.523s][info][gc,heap        ] GC(32032) PSYoungGen: 83776K(84992K)->1312K(84992K) Eden: 82944K(82944K)->0K(82944K) From: 832K(2048K)->1312K(2048K)
[13265.523s][info][gc,heap        ] GC(32032) ParOldGen: 653298K(653312K)->653370K(653824K)
[13265.523s][info][gc,metaspace   ] GC(32032) Metaspace: 62166K(62464K)->62166K(62464K) NonClass: 56633K(56832K)->56633K(56832K) Class: 5532K(5632K)->5532K(5632K)
[13265.523s][info][gc             ] GC(32032) Pause Young (Allocation Failure) 719M->639M(721M) 3.455ms
[13265.523s][info][gc,cpu         ] GC(32032) User=0.01s Sys=0.00s Real=0.01s
[13265.907s][info][gc,start       ] GC(32033) Pause Young (Allocation Failure)
[13265.912s][info][gc,heap        ] GC(32033) PSYoungGen: 84256K(84992K)->1472K(84992K) Eden: 82944K(82944K)->0K(82944K) From: 1312K(2048K)->1472K(2048K)
[13265.912s][info][gc,heap        ] GC(32033) ParOldGen: 653370K(653824K)->656514K(656896K)
[13265.912s][info][gc,metaspace   ] GC(32033) Metaspace: 62166K(62464K)->62166K(62464K) NonClass: 56633K(56832K)->56633K(56832K) Class: 5532K(5632K)->5532K(5632K)
[13265.912s][info][gc             ] GC(32033) Pause Young (Allocation Failure) 720M->642M(724M) 5.206ms
[13265.912s][info][gc,cpu         ] GC(32033) User=0.00s Sys=0.01s Real=0.01s
[13266.315s][info][gc,start       ] GC(32034) Pause Young (Allocation Failure)
[13266.318s][info][gc,heap        ] GC(32034) PSYoungGen: 84416K(84992K)->1504K(84992K) Eden: 82944K(82944K)->0K(82944K) From: 1472K(2048K)->1504K(2048K)
[13266.318s][info][gc,heap        ] GC(32034) ParOldGen: 656514K(656896K)->656578K(656896K)
[13266.318s][info][gc,metaspace   ] GC(32034) Metaspace: 62166K(62464K)->62166K(62464K) NonClass: 56633K(56832K)->56633K(56832K) Class: 5532K(5632K)->5532K(5632K)
[13266.318s][info][gc             ] GC(32034) Pause Young (Allocation Failure) 723M->642M(724M) 3.653ms
[13266.318s][info][gc,cpu         ] GC(32034) User=0.01s Sys=0.00s Real=0.00s
[13266.715s][info][gc,start       ] GC(32035) Pause Young (Allocation Failure)
[13266.718s][info][gc,heap        ] GC(32035) PSYoungGen: 84448K(84992K)->1408K(84992K) Eden: 82944K(82944K)->0K(82944K) From: 1504K(2048K)->1408K(2048K)
[13266.718s][info][gc,heap        ] GC(32035) ParOldGen: 656578K(656896K)->656642K(656896K)
[13266.718s][info][gc,metaspace   ] GC(32035) Metaspace: 62166K(62464K)->62166K(62464K) NonClass: 56633K(56832K)->56633K(56832K) Class: 5532K(5632K)->5532K(5632K)
[13266.718s][info][gc             ] GC(32035) Pause Young (Allocation Failure) 723M->642M(724M) 3.578ms
[13266.718s][info][gc,cpu         ] GC(32035) User=0.01s Sys=0.00s Real=0.00s
[13267.100s][info][gc,start       ] GC(32036) Pause Young (Allocation Failure)
[13267.103s][info][gc,heap        ] GC(32036) PSYoungGen: 84352K(84992K)->1216K(84992K) Eden: 82944K(82944K)->0K(82944K) From: 1408K(2048K)->1216K(2048K)
[13267.103s][info][gc,heap        ] GC(32036) ParOldGen: 656642K(656896K)->656706K(656896K)
[13267.103s][info][gc,metaspace   ] GC(32036) Metaspace: 62166K(62464K)->62166K(62464K) NonClass: 56633K(56832K)->56633K(56832K) Class: 5532K(5632K)->5532K(5632K)
[13267.104s][info][gc             ] GC(32036) Pause Young (Allocation Failure) 723M->642M(724M) 3.430ms
[13267.104s][info][gc,cpu         ] GC(32036) User=0.01s Sys=0.00s Real=0.01s
[13267.502s][info][gc,start       ] GC(32037) Pause Young (Allocation Failure)
[13267.505s][info][gc,heap        ] GC(32037) PSYoungGen: 84160K(84992K)->1088K(84992K) Eden: 82944K(82944K)->0K(82944K) From: 1216K(2048K)->1088K(2048K)
[13267.505s][info][gc,heap        ] GC(32037) ParOldGen: 656706K(656896K)->656778K(656896K)
[13267.505s][info][gc,metaspace   ] GC(32037) Metaspace: 62166K(62464K)->62166K(62464K) NonClass: 56633K(56832K)->56633K(56832K) Class: 5532K(5632K)->5532K(5632K)
[13267.505s][info][gc             ] GC(32037) Pause Young (Allocation Failure) 723M->642M(724M) 3.538ms
[13267.505s][info][gc,cpu         ] GC(32037) User=0.01s Sys=0.00s Real=0.00s
[13267.895s][info][gc,start       ] GC(32038) Pause Young (Allocation Failure)
[13267.898s][info][gc,heap        ] GC(32038) PSYoungGen: 84032K(84992K)->1152K(84992K) Eden: 82944K(82944K)->0K(82944K) From: 1088K(2048K)->1152K(2048K)
[13267.898s][info][gc,heap        ] GC(32038) ParOldGen: 656778K(656896K)->656850K(656896K)
[13267.898s][info][gc,metaspace   ] GC(32038) Metaspace: 62166K(62464K)->62166K(62464K) NonClass: 56633K(56832K)->56633K(56832K) Class: 5532K(5632K)->5532K(5632K)
[13267.898s][info][gc             ] GC(32038) Pause Young (Allocation Failure) 723M->642M(724M) 3.437ms
[13267.898s][info][gc,cpu         ] GC(32038) User=0.01s Sys=0.00s Real=0.00s
[13268.291s][info][gc,start       ] GC(32039) Pause Young (Allocation Failure)
[13268.295s][info][gc,heap        ] GC(32039) PSYoungGen: 84096K(84992K)->1056K(84992K) Eden: 82944K(82944K)->0K(82944K) From: 1152K(2048K)->1056K(2048K)
[13268.295s][info][gc,heap        ] GC(32039) ParOldGen: 656850K(656896K)->656922K(657408K)
[13268.295s][info][gc,metaspace   ] GC(32039) Metaspace: 62166K(62464K)->62166K(62464K) NonClass: 56633K(56832K)->56633K(56832K) Class: 5532K(5632K)->5532K(5632K)
[13268.295s][info][gc             ] GC(32039) Pause Young (Allocation Failure) 723M->642M(725M) 3.497ms
[13268.295s][info][gc,cpu         ] GC(32039) User=0.01s Sys=0.00s Real=0.00s
[13268.695s][info][gc,start       ] GC(32040) Pause Young (Allocation Failure)
[13268.698s][info][gc,heap        ] GC(32040) PSYoungGen: 84000K(84992K)->1152K(84992K) Eden: 82944K(82944K)->0K(82944K) From: 1056K(2048K)->1152K(2048K)
[13268.698s][info][gc,heap        ] GC(32040) ParOldGen: 656922K(657408K)->656986K(657408K)
[13268.698s][info][gc,metaspace   ] GC(32040) Metaspace: 62166K(62464K)->62166K(62464K) NonClass: 56633K(56832K)->56633K(56832K) Class: 5532K(5632K)->5532K(5632K)
[13268.698s][info][gc             ] GC(32040) Pause Young (Allocation Failure) 723M->642M(725M) 3.539ms
[13268.698s][info][gc,cpu         ] GC(32040) User=0.00s Sys=0.00s Real=0.00s
[13269.117s][info][gc,start       ] GC(32041) Pause Young (Allocation Failure)
[13269.120s][info][gc,heap        ] GC(32041) PSYoungGen: 84096K(84992K)->1408K(84992K) Eden: 82944K(82944K)->0K(82944K) From: 1152K(2048K)->1408K(2048K)
[13269.120s][info][gc,heap        ] GC(32041) ParOldGen: 656986K(657408K)->657058K(657408K)
[13269.120s][info][gc,metaspace   ] GC(32041) Metaspace: 62166K(62464K)->62166K(62464K) NonClass: 56633K(56832K)->56633K(56832K) Class: 5532K(5632K)->5532K(5632K)
[13269.120s][info][gc             ] GC(32041) Pause Young (Allocation Failure) 723M->643M(725M) 3.833ms
[13269.120s][info][gc,cpu         ] GC(32041) User=0.01s Sys=0.00s Real=0.00s
[13269.584s][info][gc,start       ] GC(32042) Pause Young (Allocation Failure)
[13269.587s][info][gc,heap        ] GC(32042) PSYoungGen: 84352K(84992K)->944K(84992K) Eden: 82944K(82944K)->0K(82944K) From: 1408K(2048K)->944K(2048K)
[13269.587s][info][gc,heap        ] GC(32042) ParOldGen: 657058K(657408K)->657122K(657408K)
[13269.587s][info][gc,metaspace   ] GC(32042) Metaspace: 62166K(62464K)->62166K(62464K) NonClass: 56633K(56832K)->56633K(56832K) Class: 5532K(5632K)->5532K(5632K)
[13269.587s][info][gc             ] GC(32042) Pause Young (Allocation Failure) 724M->642M(725M) 3.417ms
[13269.587s][info][gc,cpu         ] GC(32042) User=0.00s Sys=0.00s Real=0.00s
[13269.996s][info][gc,start       ] GC(32043) Pause Young (Allocation Failure)
[13270.000s][info][gc,heap        ] GC(32043) PSYoungGen: 83888K(84992K)->1216K(84992K) Eden: 82944K(82944K)->0K(82944K) From: 944K(2048K)->1216K(2048K)
[13270.000s][info][gc,heap        ] GC(32043) ParOldGen: 657122K(657408K)->657250K(657408K)
[13270.000s][info][gc,metaspace   ] GC(32043) Metaspace: 62166K(62464K)->62166K(62464K) NonClass: 56633K(56832K)->56633K(56832K) Class: 5532K(5632K)->5532K(5632K)
[13270.000s][info][gc             ] GC(32043) Pause Young (Allocation Failure) 723M->643M(725M) 3.786ms
[13270.000s][info][gc,cpu         ] GC(32043) User=0.01s Sys=0.00s Real=0.00s
[13270.455s][info][gc,start       ] GC(32044) Pause Young (Allocation Failure)
[13270.458s][info][gc,heap        ] GC(32044) PSYoungGen: 84160K(84992K)->416K(84992K) Eden: 82944K(82944K)->0K(82944K) From: 1216K(2048K)->416K(2048K)
[13270.458s][info][gc,heap        ] GC(32044) ParOldGen: 657250K(657408K)->657314K(657408K)
[13270.458s][info][gc,metaspace   ] GC(32044) Metaspace: 62166K(62464K)->62166K(62464K) NonClass: 56633K(56832K)->56633K(56832K) Class: 5532K(5632K)->5532K(5632K)
[13270.458s][info][gc             ] GC(32044) Pause Young (Allocation Failure) 724M->642M(725M) 2.928ms
[13270.458s][info][gc,cpu         ] GC(32044) User=0.00s Sys=0.00s Real=0.00s
[13270.868s][info][gc,start       ] GC(32045) Pause Young (Allocation Failure)
[13270.871s][info][gc,heap        ] GC(32045) PSYoungGen: 83360K(84992K)->640K(84992K) Eden: 82944K(82944K)->0K(82944K) From: 416K(2048K)->640K(2048K)
[13270.871s][info][gc,heap        ] GC(32045) ParOldGen: 657314K(657408K)->657378K(657408K)
[13270.871s][info][gc,metaspace   ] GC(32045) Metaspace: 62166K(62464K)->62166K(62464K) NonClass: 56633K(56832K)->56633K(56832K) Class: 5532K(5632K)->5532K(5632K)
[13270.871s][info][gc             ] GC(32045) Pause Young (Allocation Failure) 723M->642M(725M) 3.090ms
[13270.871s][info][gc,cpu         ] GC(32045) User=0.00s Sys=0.00s Real=0.01s
[13271.291s][info][gc,start       ] GC(32046) Pause Young (Allocation Failure)
[13271.294s][info][gc,heap        ] GC(32046) PSYoungGen: 83584K(84992K)->960K(84992K) Eden: 82944K(82944K)->0K(82944K) From: 640K(2048K)->960K(2048K)
[13271.294s][info][gc,heap        ] GC(32046) ParOldGen: 657378K(657408K)->657442K(657920K)
[13271.294s][info][gc,metaspace   ] GC(32046) Metaspace: 62166K(62464K)->62166K(62464K) NonClass: 56633K(56832K)->56633K(56832K) Class: 5532K(5632K)->5532K(5632K)
[13271.294s][info][gc             ] GC(32046) Pause Young (Allocation Failure) 723M->642M(725M) 3.240ms
[13271.294s][info][gc,cpu         ] GC(32046) User=0.00s Sys=0.00s Real=0.00s
[13271.705s][info][gc,start       ] GC(32047) Pause Young (Allocation Failure)
[13271.709s][info][gc,heap        ] GC(32047) PSYoungGen: 83904K(84992K)->1216K(84992K) Eden: 82944K(82944K)->0K(82944K) From: 960K(2048K)->1216K(2048K)
[13271.709s][info][gc,heap        ] GC(32047) ParOldGen: 657442K(657920K)->657506K(657920K)
[13271.709s][info][gc,metaspace   ] GC(32047) Metaspace: 62166K(62464K)->62166K(62464K) NonClass: 56633K(56832K)->56633K(56832K) Class: 5532K(5632K)->5532K(5632K)
[13271.709s][info][gc             ] GC(32047) Pause Young (Allocation Failure) 723M->643M(725M) 3.600ms
[13271.709s][info][gc,cpu         ] GC(32047) User=0.01s Sys=0.00s Real=0.00s
[13272.137s][info][gc,start       ] GC(32048) Pause Young (Allocation Failure)
[13272.141s][info][gc,heap        ] GC(32048) PSYoungGen: 84160K(84992K)->1696K(84992K) Eden: 82944K(82944K)->0K(82944K) From: 1216K(2048K)->1696K(2048K)
[13272.141s][info][gc,heap        ] GC(32048) ParOldGen: 657506K(657920K)->657570K(657920K)
[13272.141s][info][gc,metaspace   ] GC(32048) Metaspace: 62166K(62464K)->62166K(62464K) NonClass: 56633K(56832K)->56633K(56832K) Class: 5532K(5632K)->5532K(5632K)
[13272.141s][info][gc             ] GC(32048) Pause Young (Allocation Failure) 724M->643M(725M) 4.052ms
[13272.141s][info][gc,cpu         ] GC(32048) User=0.01s Sys=0.00s Real=0.01s
[13272.608s][info][gc,start       ] GC(32049) Pause Young (Allocation Failure)
[13272.612s][info][gc,heap        ] GC(32049) PSYoungGen: 84640K(84992K)->1248K(84992K) Eden: 82944K(82944K)->0K(82944K) From: 1696K(2048K)->1248K(2048K)
[13272.612s][info][gc,heap        ] GC(32049) ParOldGen: 657570K(657920K)->657634K(657920K)
[13272.612s][info][gc,metaspace   ] GC(32049) Metaspace: 62166K(62464K)->62166K(62464K) NonClass: 56633K(56832K)->56633K(56832K) Class: 5532K(5632K)->5532K(5632K)
[13272.612s][info][gc             ] GC(32049) Pause Young (Allocation Failure) 724M->643M(725M) 3.588ms
[13272.612s][info][gc,cpu         ] GC(32049) User=0.01s Sys=0.00s Real=0.01s
[13273.059s][info][gc,start       ] GC(32050) Pause Young (Allocation Failure)
[13273.062s][info][gc,heap        ] GC(32050) PSYoungGen: 84192K(84992K)->512K(84992K) Eden: 82944K(82944K)->0K(82944K) From: 1248K(2048K)->512K(2048K)
[13273.062s][info][gc,heap        ] GC(32050) ParOldGen: 657634K(657920K)->657706K(657920K)
[13273.062s][info][gc,metaspace   ] GC(32050) Metaspace: 62166K(62464K)->62166K(62464K) NonClass: 56633K(56832K)->56633K(56832K) Class: 5532K(5632K)->5532K(5632K)
[13273.062s][info][gc             ] GC(32050) Pause Young (Allocation Failure) 724M->642M(725M) 2.983ms
[13273.062s][info][gc,cpu         ] GC(32050) User=0.01s Sys=0.00s Real=0.01s
[13273.478s][info][gc,start       ] GC(32051) Pause Young (Allocation Failure)
[13273.481s][info][gc,heap        ] GC(32051) PSYoungGen: 83456K(84992K)->800K(84992K) Eden: 82944K(82944K)->0K(82944K) From: 512K(2048K)->800K(2048K)
[13273.481s][info][gc,heap        ] GC(32051) ParOldGen: 657706K(657920K)->657778K(657920K)
[13273.481s][info][gc,metaspace   ] GC(32051) Metaspace: 62166K(62464K)->62166K(62464K) NonClass: 56633K(56832K)->56633K(56832K) Class: 5532K(5632K)->5532K(5632K)
[13273.481s][info][gc             ] GC(32051) Pause Young (Allocation Failure) 723M->643M(725M) 3.229ms
[13273.481s][info][gc,cpu         ] GC(32051) User=0.01s Sys=0.00s Real=0.01s
[13273.932s][info][gc,start       ] GC(32052) Pause Young (Allocation Failure)
[13273.936s][info][gc,heap        ] GC(32052) PSYoungGen: 83744K(84992K)->1600K(84992K) Eden: 82944K(82944K)->0K(82944K) From: 800K(2048K)->1600K(2048K)
[13273.936s][info][gc,heap        ] GC(32052) ParOldGen: 657778K(657920K)->657842K(657920K)
[13273.936s][info][gc,metaspace   ] GC(32052) Metaspace: 62166K(62464K)->62166K(62464K) NonClass: 56633K(56832K)->56633K(56832K) Class: 5532K(5632K)->5532K(5632K)
[13273.936s][info][gc             ] GC(32052) Pause Young (Allocation Failure) 724M->643M(725M) 4.055ms
[13273.936s][info][gc,cpu         ] GC(32052) User=0.01s Sys=0.00s Real=0.00s
[13274.400s][info][gc,start       ] GC(32053) Pause Young (Allocation Failure)
[13274.404s][info][gc,heap        ] GC(32053) PSYoungGen: 84544K(84992K)->1152K(84992K) Eden: 82944K(82944K)->0K(82944K) From: 1600K(2048K)->1152K(2048K)
[13274.404s][info][gc,heap        ] GC(32053) ParOldGen: 657842K(657920K)->657906K(657920K)
[13274.404s][info][gc,metaspace   ] GC(32053) Metaspace: 62166K(62464K)->62166K(62464K) NonClass: 56633K(56832K)->56633K(56832K) Class: 5532K(5632K)->5532K(5632K)
[13274.404s][info][gc             ] GC(32053) Pause Young (Allocation Failure) 724M->643M(725M) 3.679ms
[13274.404s][info][gc,cpu         ] GC(32053) User=0.01s Sys=0.00s Real=0.01s
[13274.827s][info][gc,start       ] GC(32054) Pause Young (Allocation Failure)
[13274.831s][info][gc,heap        ] GC(32054) PSYoungGen: 84096K(84992K)->1696K(83968K) Eden: 82944K(82944K)->0K(81920K) From: 1152K(2048K)->1696K(2048K)
[13274.831s][info][gc,heap        ] GC(32054) ParOldGen: 657906K(657920K)->657978K(658432K)
[13274.831s][info][gc,metaspace   ] GC(32054) Metaspace: 62166K(62464K)->62166K(62464K) NonClass: 56633K(56832K)->56633K(56832K) Class: 5532K(5632K)->5532K(5632K)
[13274.831s][info][gc             ] GC(32054) Pause Young (Allocation Failure) 724M->644M(725M) 4.096ms
[13274.831s][info][gc,cpu         ] GC(32054) User=0.01s Sys=0.00s Real=0.01s
[13275.283s][info][gc,start       ] GC(32055) Pause Young (Allocation Failure)
[13275.287s][info][gc,heap        ] GC(32055) PSYoungGen: 83616K(83968K)->1824K(84480K) Eden: 81920K(81920K)->0K(81920K) From: 1696K(2048K)->1824K(2560K)
[13275.287s][info][gc,heap        ] GC(32055) ParOldGen: 657978K(658432K)->659074K(659968K)
[13275.287s][info][gc,metaspace   ] GC(32055) Metaspace: 62166K(62464K)->62166K(62464K) NonClass: 56633K(56832K)->56633K(56832K) Class: 5532K(5632K)->5532K(5632K)
[13275.287s][info][gc             ] GC(32055) Pause Young (Allocation Failure) 724M->645M(727M) 3.987ms
[13275.287s][info][gc,cpu         ] GC(32055) User=0.00s Sys=0.00s Real=0.00s
[13275.723s][info][gc,start       ] GC(32056) Pause Young (Allocation Failure)
[13275.728s][info][gc,heap        ] GC(32056) PSYoungGen: 83744K(84480K)->1472K(84480K) Eden: 81920K(81920K)->0K(81920K) From: 1824K(2560K)->1472K(2560K)
[13275.728s][info][gc,heap        ] GC(32056) ParOldGen: 659074K(659968K)->661194K(661504K)
[13275.728s][info][gc,metaspace   ] GC(32056) Metaspace: 62166K(62464K)->62166K(62464K) NonClass: 56633K(56832K)->56633K(56832K) Class: 5532K(5632K)->5532K(5632K)
[13275.728s][info][gc             ] GC(32056) Pause Young (Allocation Failure) 725M->647M(728M) 4.981ms
[13275.728s][info][gc,cpu         ] GC(32056) User=0.01s Sys=0.00s Real=0.00s
[13276.179s][info][gc,start       ] GC(32057) Pause Young (Allocation Failure)
[13276.182s][info][gc,heap        ] GC(32057) PSYoungGen: 83392K(84480K)->736K(84480K) Eden: 81920K(81920K)->0K(81920K) From: 1472K(2560K)->736K(2560K)
[13276.182s][info][gc,heap        ] GC(32057) ParOldGen: 661194K(661504K)->661258K(661504K)
[13276.182s][info][gc,metaspace   ] GC(32057) Metaspace: 62166K(62464K)->62166K(62464K) NonClass: 56633K(56832K)->56633K(56832K) Class: 5532K(5632K)->5532K(5632K)
[13276.182s][info][gc             ] GC(32057) Pause Young (Allocation Failure) 727M->646M(728M) 3.159ms
[13276.182s][info][gc,cpu         ] GC(32057) User=0.01s Sys=0.00s Real=0.01s
[13276.638s][info][gc,start       ] GC(32058) Pause Young (Allocation Failure)
[13276.642s][info][gc,heap        ] GC(32058) PSYoungGen: 82656K(84480K)->1472K(84480K) Eden: 81920K(81920K)->0K(81920K) From: 736K(2560K)->1472K(2560K)
[13276.642s][info][gc,heap        ] GC(32058) ParOldGen: 661258K(661504K)->661330K(661504K)
[13276.642s][info][gc,metaspace   ] GC(32058) Metaspace: 62166K(62464K)->62166K(62464K) NonClass: 56633K(56832K)->56633K(56832K) Class: 5532K(5632K)->5532K(5632K)
[13276.642s][info][gc             ] GC(32058) Pause Young (Allocation Failure) 726M->647M(728M) 3.914ms
[13276.642s][info][gc,cpu         ] GC(32058) User=0.01s Sys=0.00s Real=0.01s
[13277.076s][info][gc,start       ] GC(32059) Pause Young (Allocation Failure)
[13277.080s][info][gc,heap        ] GC(32059) PSYoungGen: 83392K(84480K)->832K(84480K) Eden: 81920K(81920K)->0K(81920K) From: 1472K(2560K)->832K(2560K)
[13277.080s][info][gc,heap        ] GC(32059) ParOldGen: 661330K(661504K)->661394K(661504K)
[13277.080s][info][gc,metaspace   ] GC(32059) Metaspace: 62166K(62464K)->62166K(62464K) NonClass: 56633K(56832K)->56633K(56832K) Class: 5532K(5632K)->5532K(5632K)
[13277.080s][info][gc             ] GC(32059) Pause Young (Allocation Failure) 727M->646M(728M) 3.196ms
[13277.080s][info][gc,cpu         ] GC(32059) User=0.00s Sys=0.00s Real=0.00s
[13277.559s][info][gc,start       ] GC(32060) Pause Young (Allocation Failure)
[13277.562s][info][gc,heap        ] GC(32060) PSYoungGen: 82752K(84480K)->560K(84480K) Eden: 81920K(81920K)->0K(81920K) From: 832K(2560K)->560K(2560K)
[13277.562s][info][gc,heap        ] GC(32060) ParOldGen: 661394K(661504K)->661466K(661504K)
[13277.562s][info][gc,metaspace   ] GC(32060) Metaspace: 62166K(62464K)->62166K(62464K) NonClass: 56633K(56832K)->56633K(56832K) Class: 5532K(5632K)->5532K(5632K)
[13277.562s][info][gc             ] GC(32060) Pause Young (Allocation Failure) 726M->646M(728M) 3.034ms
[13277.562s][info][gc,cpu         ] GC(32060) User=0.01s Sys=0.00s Real=0.01s
[13278.010s][info][gc,start       ] GC(32061) Pause Young (Allocation Failure)
[13278.014s][info][gc,heap        ] GC(32061) PSYoungGen: 82480K(84480K)->1184K(84480K) Eden: 81920K(81920K)->0K(81920K) From: 560K(2560K)->1184K(2560K)
[13278.014s][info][gc,heap        ] GC(32061) ParOldGen: 661466K(661504K)->661594K(662016K)
[13278.014s][info][gc,metaspace   ] GC(32061) Metaspace: 62166K(62464K)->62166K(62464K) NonClass: 56633K(56832K)->56633K(56832K) Class: 5532K(5632K)->5532K(5632K)
[13278.014s][info][gc             ] GC(32061) Pause Young (Allocation Failure) 726M->647M(729M) 3.687ms
[13278.014s][info][gc,cpu         ] GC(32061) User=0.00s Sys=0.00s Real=0.01s
[13278.483s][info][gc,start       ] GC(32062) Pause Young (Allocation Failure)
[13278.486s][info][gc,heap        ] GC(32062) PSYoungGen: 83104K(84480K)->800K(84480K) Eden: 81920K(81920K)->0K(81920K) From: 1184K(2560K)->800K(2560K)
[13278.486s][info][gc,heap        ] GC(32062) ParOldGen: 661594K(662016K)->661666K(662016K)
[13278.486s][info][gc,metaspace   ] GC(32062) Metaspace: 62166K(62464K)->62166K(62464K) NonClass: 56633K(56832K)->56633K(56832K) Class: 5532K(5632K)->5532K(5632K)
[13278.486s][info][gc             ] GC(32062) Pause Young (Allocation Failure) 727M->646M(729M) 3.432ms
[13278.486s][info][gc,cpu         ] GC(32062) User=0.01s Sys=0.00s Real=0.00s
[13278.946s][info][gc,start       ] GC(32063) Pause Young (Allocation Failure)
[13278.948s][info][gc,heap        ] GC(32063) PSYoungGen: 82720K(84480K)->288K(84480K) Eden: 81920K(81920K)->0K(81920K) From: 800K(2560K)->288K(2560K)
[13278.948s][info][gc,heap        ] GC(32063) ParOldGen: 661666K(662016K)->661738K(662016K)
[13278.948s][info][gc,metaspace   ] GC(32063) Metaspace: 62166K(62464K)->62166K(62464K) NonClass: 56633K(56832K)->56633K(56832K) Class: 5532K(5632K)->5532K(5632K)
[13278.949s][info][gc             ] GC(32063) Pause Young (Allocation Failure) 726M->646M(729M) 2.968ms
[13278.949s][info][gc,cpu         ] GC(32063) User=0.00s Sys=0.00s Real=0.00s
[13279.399s][info][gc,start       ] GC(32064) Pause Young (Allocation Failure)
[13279.403s][info][gc,heap        ] GC(32064) PSYoungGen: 82208K(84480K)->1088K(84992K) Eden: 81920K(81920K)->0K(82432K) From: 288K(2560K)->1088K(2560K)
[13279.403s][info][gc,heap        ] GC(32064) ParOldGen: 661738K(662016K)->661810K(662016K)
[13279.403s][info][gc,metaspace   ] GC(32064) Metaspace: 62166K(62464K)->62166K(62464K) NonClass: 56633K(56832K)->56633K(56832K) Class: 5532K(5632K)->5532K(5632K)
[13279.403s][info][gc             ] GC(32064) Pause Young (Allocation Failure) 726M->647M(729M) 3.740ms
[13279.403s][info][gc,cpu         ] GC(32064) User=0.01s Sys=0.00s Real=0.01s
[13279.834s][info][gc,start       ] GC(32065) Pause Young (Allocation Failure)
[13279.838s][info][gc,heap        ] GC(32065) PSYoungGen: 83520K(84992K)->1568K(84480K) Eden: 82432K(82432K)->0K(82432K) From: 1088K(2560K)->1568K(2048K)
[13279.838s][info][gc,heap        ] GC(32065) ParOldGen: 661810K(662016K)->661882K(662016K)
[13279.838s][info][gc,metaspace   ] GC(32065) Metaspace: 62166K(62464K)->62166K(62464K) NonClass: 56633K(56832K)->56633K(56832K) Class: 5532K(5632K)->5532K(5632K)
[13279.838s][info][gc             ] GC(32065) Pause Young (Allocation Failure) 727M->647M(729M) 3.850ms
[13279.838s][info][gc,cpu         ] GC(32065) User=0.01s Sys=0.00s Real=0.00s
[13280.248s][info][gc,start       ] GC(32066) Pause Young (Allocation Failure)
[13280.251s][info][gc,heap        ] GC(32066) PSYoungGen: 84000K(84480K)->352K(84480K) Eden: 82432K(82432K)->0K(81920K) From: 1568K(2048K)->352K(2560K)
[13280.251s][info][gc,heap        ] GC(32066) ParOldGen: 661882K(662016K)->661946K(662016K)
[13280.251s][info][gc,metaspace   ] GC(32066) Metaspace: 62166K(62464K)->62166K(62464K) NonClass: 56633K(56832K)->56633K(56832K) Class: 5532K(5632K)->5532K(5632K)
[13280.251s][info][gc             ] GC(32066) Pause Young (Allocation Failure) 728M->646M(729M) 2.777ms
[13280.251s][info][gc,cpu         ] GC(32066) User=0.00s Sys=0.00s Real=0.00s
[13280.637s][info][gc,start       ] GC(32067) Pause Young (Allocation Failure)
[13280.642s][info][gc,heap        ] GC(32067) PSYoungGen: 82272K(84480K)->1728K(84480K) Eden: 81920K(81920K)->0K(81920K) From: 352K(2560K)->1728K(2560K)
[13280.642s][info][gc,heap        ] GC(32067) ParOldGen: 661946K(662016K)->664066K(665088K)
[13280.642s][info][gc,metaspace   ] GC(32067) Metaspace: 62166K(62464K)->62166K(62464K) NonClass: 56633K(56832K)->56633K(56832K) Class: 5532K(5632K)->5532K(5632K)
[13280.642s][info][gc             ] GC(32067) Pause Young (Allocation Failure) 726M->650M(732M) 5.404ms
[13280.642s][info][gc,cpu         ] GC(32067) User=0.01s Sys=0.00s Real=0.01s
[13281.068s][info][gc,start       ] GC(32068) Pause Young (Allocation Failure)
[13281.071s][info][gc,heap        ] GC(32068) PSYoungGen: 83648K(84480K)->576K(84480K) Eden: 81920K(81920K)->0K(81920K) From: 1728K(2560K)->576K(2560K)
[13281.071s][info][gc,heap        ] GC(32068) ParOldGen: 664066K(665088K)->664130K(665088K)
[13281.071s][info][gc,metaspace   ] GC(32068) Metaspace: 62166K(62464K)->62166K(62464K) NonClass: 56633K(56832K)->56633K(56832K) Class: 5532K(5632K)->5532K(5632K)
[13281.071s][info][gc             ] GC(32068) Pause Young (Allocation Failure) 730M->649M(732M) 3.008ms
[13281.071s][info][gc,cpu         ] GC(32068) User=0.01s Sys=0.00s Real=0.01s
[13281.514s][info][gc,start       ] GC(32069) Pause Young (Allocation Failure)
[13281.518s][info][gc,heap        ] GC(32069) PSYoungGen: 82496K(84480K)->1216K(84480K) Eden: 81920K(81920K)->0K(81920K) From: 576K(2560K)->1216K(2560K)
[13281.518s][info][gc,heap        ] GC(32069) ParOldGen: 664130K(665088K)->664202K(665088K)
[13281.518s][info][gc,metaspace   ] GC(32069) Metaspace: 62166K(62464K)->62166K(62464K) NonClass: 56633K(56832K)->56633K(56832K) Class: 5532K(5632K)->5532K(5632K)
[13281.518s][info][gc             ] GC(32069) Pause Young (Allocation Failure) 729M->649M(732M) 3.575ms
[13281.518s][info][gc,cpu         ] GC(32069) User=0.01s Sys=0.00s Real=0.00s
[13281.915s][info][gc,start       ] GC(32070) Pause Young (Allocation Failure)
[13281.918s][info][gc,heap        ] GC(32070) PSYoungGen: 83136K(84480K)->1440K(84480K) Eden: 81920K(81920K)->0K(81920K) From: 1216K(2560K)->1440K(2560K)
[13281.918s][info][gc,heap        ] GC(32070) ParOldGen: 664202K(665088K)->664266K(665088K)
[13281.918s][info][gc,metaspace   ] GC(32070) Metaspace: 62166K(62464K)->62166K(62464K) NonClass: 56633K(56832K)->56633K(56832K) Class: 5532K(5632K)->5532K(5632K)
[13281.918s][info][gc             ] GC(32070) Pause Young (Allocation Failure) 729M->650M(732M) 3.724ms
[13281.918s][info][gc,cpu         ] GC(32070) User=0.00s Sys=0.00s Real=0.00s
[13282.311s][info][gc,start       ] GC(32071) Pause Young (Allocation Failure)
[13282.315s][info][gc,heap        ] GC(32071) PSYoungGen: 83360K(84480K)->1344K(84480K) Eden: 81920K(81920K)->0K(81920K) From: 1440K(2560K)->1344K(2560K)
[13282.315s][info][gc,heap        ] GC(32071) ParOldGen: 664266K(665088K)->664338K(665088K)
[13282.315s][info][gc,metaspace   ] GC(32071) Metaspace: 62166K(62464K)->62166K(62464K) NonClass: 56633K(56832K)->56633K(56832K) Class: 5532K(5632K)->5532K(5632K)
[13282.315s][info][gc             ] GC(32071) Pause Young (Allocation Failure) 730M->650M(732M) 3.798ms
[13282.315s][info][gc,cpu         ] GC(32071) User=0.00s Sys=0.00s Real=0.01s
[13282.752s][info][gc,start       ] GC(32072) Pause Young (Allocation Failure)
[13282.755s][info][gc,heap        ] GC(32072) PSYoungGen: 83264K(84480K)->384K(84480K) Eden: 81920K(81920K)->0K(81920K) From: 1344K(2560K)->384K(2560K)
[13282.755s][info][gc,heap        ] GC(32072) ParOldGen: 664338K(665088K)->664410K(665088K)
[13282.755s][info][gc,metaspace   ] GC(32072) Metaspace: 62166K(62464K)->62166K(62464K) NonClass: 56633K(56832K)->56633K(56832K) Class: 5532K(5632K)->5532K(5632K)
[13282.755s][info][gc             ] GC(32072) Pause Young (Allocation Failure) 730M->649M(732M) 2.955ms
[13282.755s][info][gc,cpu         ] GC(32072) User=0.01s Sys=0.00s Real=0.00s
[13283.184s][info][gc,start       ] GC(32073) Pause Young (Allocation Failure)
[13283.187s][info][gc,heap        ] GC(32073) PSYoungGen: 82304K(84480K)->896K(84480K) Eden: 81920K(81920K)->0K(81920K) From: 384K(2560K)->896K(2560K)
[13283.187s][info][gc,heap        ] GC(32073) ParOldGen: 664410K(665088K)->664482K(665088K)
[13283.187s][info][gc,metaspace   ] GC(32073) Metaspace: 62166K(62464K)->62166K(62464K) NonClass: 56633K(56832K)->56633K(56832K) Class: 5532K(5632K)->5532K(5632K)
[13283.187s][info][gc             ] GC(32073) Pause Young (Allocation Failure) 729M->649M(732M) 3.323ms
[13283.187s][info][gc,cpu         ] GC(32073) User=0.00s Sys=0.00s Real=0.00s
[13283.678s][info][gc,start       ] GC(32074) Pause Young (Allocation Failure)
[13283.681s][info][gc,heap        ] GC(32074) PSYoungGen: 82816K(84480K)->736K(84480K) Eden: 81920K(81920K)->0K(81920K) From: 896K(2560K)->736K(2560K)
[13283.681s][info][gc,heap        ] GC(32074) ParOldGen: 664482K(665088K)->664554K(665088K)
[13283.681s][info][gc,metaspace   ] GC(32074) Metaspace: 62166K(62464K)->62166K(62464K) NonClass: 56633K(56832K)->56633K(56832K) Class: 5532K(5632K)->5532K(5632K)
[13283.681s][info][gc             ] GC(32074) Pause Young (Allocation Failure) 729M->649M(732M) 3.223ms
[13283.681s][info][gc,cpu         ] GC(32074) User=0.01s Sys=0.00s Real=0.01s
[13284.147s][info][gc,start       ] GC(32075) Pause Young (Allocation Failure)
[13284.149s][info][gc,heap        ] GC(32075) PSYoungGen: 82656K(84480K)->288K(84480K) Eden: 81920K(81920K)->0K(81920K) From: 736K(2560K)->288K(2560K)
[13284.150s][info][gc,heap        ] GC(32075) ParOldGen: 664554K(665088K)->664626K(665088K)
[13284.150s][info][gc,metaspace   ] GC(32075) Metaspace: 62166K(62464K)->62166K(62464K) NonClass: 56633K(56832K)->56633K(56832K) Class: 5532K(5632K)->5532K(5632K)
[13284.150s][info][gc             ] GC(32075) Pause Young (Allocation Failure) 729M->649M(732M) 2.908ms
[13284.150s][info][gc,cpu         ] GC(32075) User=0.00s Sys=0.00s Real=0.00s
[13284.567s][info][gc,start       ] GC(32076) Pause Young (Allocation Failure)
[13284.570s][info][gc,heap        ] GC(32076) PSYoungGen: 82208K(84480K)->640K(84992K) Eden: 81920K(81920K)->0K(82432K) From: 288K(2560K)->640K(2560K)
[13284.570s][info][gc,heap        ] GC(32076) ParOldGen: 664626K(665088K)->664698K(665088K)
[13284.570s][info][gc,metaspace   ] GC(32076) Metaspace: 62166K(62464K)->62166K(62464K) NonClass: 56633K(56832K)->56633K(56832K) Class: 5532K(5632K)->5532K(5632K)
[13284.570s][info][gc             ] GC(32076) Pause Young (Allocation Failure) 729M->649M(732M) 3.161ms
[13284.570s][info][gc,cpu         ] GC(32076) User=0.01s Sys=0.00s Real=0.00s
[13284.989s][info][gc,start       ] GC(32077) Pause Young (Allocation Failure)
[13284.992s][info][gc,heap        ] GC(32077) PSYoungGen: 83072K(84992K)->1024K(84480K) Eden: 82432K(82432K)->0K(82432K) From: 640K(2560K)->1024K(2048K)
[13284.992s][info][gc,heap        ] GC(32077) ParOldGen: 664698K(665088K)->664770K(665088K)
[13284.992s][info][gc,metaspace   ] GC(32077) Metaspace: 62166K(62464K)->62166K(62464K) NonClass: 56633K(56832K)->56633K(56832K) Class: 5532K(5632K)->5532K(5632K)
[13284.992s][info][gc             ] GC(32077) Pause Young (Allocation Failure) 730M->650M(732M) 3.317ms
[13284.992s][info][gc,cpu         ] GC(32077) User=0.01s Sys=0.00s Real=0.01s
[13285.448s][info][gc,start       ] GC(32078) Pause Young (Allocation Failure)
[13285.452s][info][gc,heap        ] GC(32078) PSYoungGen: 83456K(84480K)->1360K(84992K) Eden: 82432K(82432K)->0K(82944K) From: 1024K(2048K)->1360K(2048K)
[13285.452s][info][gc,heap        ] GC(32078) ParOldGen: 664770K(665088K)->666890K(667648K)
[13285.452s][info][gc,metaspace   ] GC(32078) Metaspace: 62166K(62464K)->62166K(62464K) NonClass: 56633K(56832K)->56633K(56832K) Class: 5532K(5632K)->5532K(5632K)
[13285.452s][info][gc             ] GC(32078) Pause Young (Allocation Failure) 730M->652M(735M) 4.492ms
[13285.452s][info][gc,cpu         ] GC(32078) User=0.01s Sys=0.00s Real=0.01s
[13285.864s][info][gc,start       ] GC(32079) Pause Full (Allocation Failure)
[13285.864s][info][gc,phases,start] GC(32079) Marking Phase
[13285.953s][info][gc,phases      ] GC(32079) Marking Phase 88.773ms
[13285.953s][info][gc,phases,start] GC(32079) Summary Phase
[13285.953s][info][gc,phases      ] GC(32079) Summary Phase 0.057ms
[13285.953s][info][gc,phases,start] GC(32079) Forward
[13285.963s][info][gc,phases      ] GC(32079) Forward 9.937ms
[13285.963s][info][gc,phases,start] GC(32079) Adjust Pointers
[13286.004s][info][gc,phases      ] GC(32079) Adjust Pointers 40.511ms
[13286.004s][info][gc,phases,start] GC(32079) Compaction Phase
[13286.025s][info][gc,phases      ] GC(32079) Compaction Phase 21.159ms
[13286.025s][info][gc,phases,start] GC(32079) Post Compact
[13286.027s][info][metaspace      ] ChkMgr @0x00007f49ac03ac30 (non-class-space): : reclaiming memory...
[13286.027s][info][metaspace      ] ChkMgr @0x00007f49ac03ac30 (non-class-space): nothing reclaimed.
[13286.027s][info][metaspace      ] ChkMgr @0x00007f49ac03aa40 (class-space): : reclaiming memory...
[13286.027s][info][metaspace      ] ChkMgr @0x00007f49ac03aa40 (class-space): nothing reclaimed.
[13286.027s][info][gc,phases      ] GC(32079) Post Compact 2.331ms
[13286.073s][info][gc,heap        ] GC(32079) PSYoungGen: 84304K(84992K)->0K(84992K) Eden: 82944K(82944K)->0K(82944K) From: 1360K(2048K)->0K(2048K)
[13286.073s][info][gc,heap        ] GC(32079) ParOldGen: 666890K(667648K)->130509K(184832K)
[13286.073s][info][gc,metaspace   ] GC(32079) Metaspace: 62166K(62464K)->62146K(62464K) NonClass: 56633K(56832K)->56614K(56832K) Class: 5532K(5632K)->5532K(5632K)
[13286.073s][info][gc             ] GC(32079) Pause Full (Allocation Failure) 733M->127M(263M) 208.630ms
[13286.073s][info][gc,cpu         ] GC(32079) User=0.27s Sys=0.04s Real=0.21s
[13286.542s][info][gc,start       ] GC(32080) Pause Young (Allocation Failure)
[13286.543s][info][gc,heap        ] GC(32080) PSYoungGen: 82944K(84992K)->224K(84992K) Eden: 82944K(82944K)->0K(82944K) From: 0K(2048K)->224K(2048K)
[13286.544s][info][gc,heap        ] GC(32080) ParOldGen: 130509K(184832K)->130509K(184832K)
[13286.544s][info][gc,metaspace   ] GC(32080) Metaspace: 62146K(62464K)->62146K(62464K) NonClass: 56614K(56832K)->56614K(56832K) Class: 5532K(5632K)->5532K(5632K)
[13286.544s][info][gc             ] GC(32080) Pause Young (Allocation Failure) 208M->127M(263M) 1.469ms
[13286.544s][info][gc,cpu         ] GC(32080) User=0.01s Sys=0.00s Real=0.00s
[13286.995s][info][gc,start       ] GC(32081) Pause Young (Allocation Failure)
[13286.997s][info][gc,heap        ] GC(32081) PSYoungGen: 83168K(84992K)->1088K(84992K) Eden: 82944K(82944K)->0K(82944K) From: 224K(2048K)->1088K(2048K)
[13286.997s][info][gc,heap        ] GC(32081) ParOldGen: 130509K(184832K)->130581K(184832K)
[13286.997s][info][gc,metaspace   ] GC(32081) Metaspace: 62146K(62464K)->62146K(62464K) NonClass: 56614K(56832K)->56614K(56832K) Class: 5532K(5632K)->5532K(5632K)
[13286.997s][info][gc             ] GC(32081) Pause Young (Allocation Failure) 208M->128M(263M) 2.324ms
[13286.997s][info][gc,cpu         ] GC(32081) User=0.01s Sys=0.00s Real=0.00s
[13287.443s][info][gc,start       ] GC(32082) Pause Young (Allocation Failure)
[13287.445s][info][gc,heap        ] GC(32082) PSYoungGen: 84032K(84992K)->256K(84992K) Eden: 82944K(82944K)->0K(82944K) From: 1088K(2048K)->256K(2048K)
[13287.445s][info][gc,heap        ] GC(32082) ParOldGen: 130581K(184832K)->130645K(184832K)
[13287.445s][info][gc,metaspace   ] GC(32082) Metaspace: 62146K(62464K)->62146K(62464K) NonClass: 56614K(56832K)->56614K(56832K) Class: 5532K(5632K)->5532K(5632K)
[13287.445s][info][gc             ] GC(32082) Pause Young (Allocation Failure) 209M->127M(263M) 1.581ms
[13287.445s][info][gc,cpu         ] GC(32082) User=0.00s Sys=0.00s Real=0.00s
[13287.877s][info][gc,start       ] GC(32083) Pause Young (Allocation Failure)
[13287.879s][info][gc,heap        ] GC(32083) PSYoungGen: 83200K(84992K)->768K(84992K) Eden: 82944K(82944K)->0K(82944K) From: 256K(2048K)->768K(2048K)
[13287.879s][info][gc,heap        ] GC(32083) ParOldGen: 130645K(184832K)->130717K(184832K)
[13287.879s][info][gc,metaspace   ] GC(32083) Metaspace: 62146K(62464K)->62146K(62464K) NonClass: 56614K(56832K)->56614K(56832K) Class: 5532K(5632K)->5532K(5632K)
[13287.879s][info][gc             ] GC(32083) Pause Young (Allocation Failure) 208M->128M(263M) 2.010ms
[13287.879s][info][gc,cpu         ] GC(32083) User=0.01s Sys=0.00s Real=0.00s
[13288.325s][info][gc,start       ] GC(32084) Pause Young (Allocation Failure)
[13288.327s][info][gc,heap        ] GC(32084) PSYoungGen: 83712K(84992K)->1440K(84992K) Eden: 82944K(82944K)->0K(82944K) From: 768K(2048K)->1440K(2048K)
[13288.327s][info][gc,heap        ] GC(32084) ParOldGen: 130717K(184832K)->130781K(184832K)
[13288.327s][info][gc,metaspace   ] GC(32084) Metaspace: 62146K(62464K)->62146K(62464K) NonClass: 56614K(56832K)->56614K(56832K) Class: 5532K(5632K)->5532K(5632K)
[13288.327s][info][gc             ] GC(32084) Pause Young (Allocation Failure) 209M->129M(263M) 2.650ms
[13288.327s][info][gc,cpu         ] GC(32084) User=0.00s Sys=0.00s Real=0.00s
[13288.765s][info][gc,start       ] GC(32085) Pause Young (Allocation Failure)
[13288.767s][info][gc,heap        ] GC(32085) PSYoungGen: 84384K(84992K)->576K(84992K) Eden: 82944K(82944K)->0K(82944K) From: 1440K(2048K)->576K(2048K)
[13288.767s][info][gc,heap        ] GC(32085) ParOldGen: 130781K(184832K)->130853K(184832K)
[13288.767s][info][gc,metaspace   ] GC(32085) Metaspace: 62146K(62464K)->62146K(62464K) NonClass: 56614K(56832K)->56614K(56832K) Class: 5532K(5632K)->5532K(5632K)
[13288.767s][info][gc             ] GC(32085) Pause Young (Allocation Failure) 210M->128M(263M) 1.934ms
[13288.767s][info][gc,cpu         ] GC(32085) User=0.00s Sys=0.00s Real=0.00s
[13289.168s][info][gc,start       ] GC(32086) Pause Young (Allocation Failure)
[13289.170s][info][gc,heap        ] GC(32086) PSYoungGen: 83520K(84992K)->640K(84992K) Eden: 82944K(82944K)->0K(82944K) From: 576K(2048K)->640K(2048K)
[13289.170s][info][gc,heap        ] GC(32086) ParOldGen: 130853K(184832K)->130917K(184832K)
[13289.170s][info][gc,metaspace   ] GC(32086) Metaspace: 62146K(62464K)->62146K(62464K) NonClass: 56614K(56832K)->56614K(56832K) Class: 5532K(5632K)->5532K(5632K)
[13289.170s][info][gc             ] GC(32086) Pause Young (Allocation Failure) 209M->128M(263M) 2.015ms
[13289.170s][info][gc,cpu         ] GC(32086) User=0.00s Sys=0.00s Real=0.00s
[13289.616s][info][gc,start       ] GC(32087) Pause Young (Allocation Failure)
[13289.618s][info][gc,heap        ] GC(32087) PSYoungGen: 83584K(84992K)->1216K(84992K) Eden: 82944K(82944K)->0K(82944K) From: 640K(2048K)->1216K(2048K)
[13289.618s][info][gc,heap        ] GC(32087) ParOldGen: 130917K(184832K)->130981K(184832K)
[13289.618s][info][gc,metaspace   ] GC(32087) Metaspace: 62146K(62464K)->62146K(62464K) NonClass: 56614K(56832K)->56614K(56832K) Class: 5532K(5632K)->5532K(5632K)
[13289.618s][info][gc             ] GC(32087) Pause Young (Allocation Failure) 209M->129M(263M) 2.481ms
[13289.618s][info][gc,cpu         ] GC(32087) User=0.00s Sys=0.00s Real=0.00s
[13290.044s][info][gc,start       ] GC(32088) Pause Young (Allocation Failure)
[13290.045s][info][gc,heap        ] GC(32088) PSYoungGen: 84160K(84992K)->256K(84992K) Eden: 82944K(82944K)->0K(82944K) From: 1216K(2048K)->256K(2048K)
[13290.045s][info][gc,heap        ] GC(32088) ParOldGen: 130981K(184832K)->131053K(184832K)
[13290.045s][info][gc,metaspace   ] GC(32088) Metaspace: 62146K(62464K)->62146K(62464K) NonClass: 56614K(56832K)->56614K(56832K) Class: 5532K(5632K)->5532K(5632K)
[13290.045s][info][gc             ] GC(32088) Pause Young (Allocation Failure) 210M->128M(263M) 1.554ms
[13290.046s][info][gc,cpu         ] GC(32088) User=0.00s Sys=0.00s Real=0.00s
[13290.481s][info][gc,start       ] GC(32089) Pause Young (Allocation Failure)
[13290.483s][info][gc,heap        ] GC(32089) PSYoungGen: 83200K(84992K)->800K(84992K) Eden: 82944K(82944K)->0K(82944K) From: 256K(2048K)->800K(2048K)
[13290.483s][info][gc,heap        ] GC(32089) ParOldGen: 131053K(184832K)->131125K(184832K)
[13290.483s][info][gc,metaspace   ] GC(32089) Metaspace: 62146K(62464K)->62146K(62464K) NonClass: 56614K(56832K)->56614K(56832K) Class: 5532K(5632K)->5532K(5632K)
[13290.483s][info][gc             ] GC(32089) Pause Young (Allocation Failure) 209M->128M(263M) 2.035ms
[13290.483s][info][gc,cpu         ] GC(32089) User=0.01s Sys=0.00s Real=0.00s
[13290.889s][info][gc,start       ] GC(32090) Pause Young (Allocation Failure)
[13290.891s][info][gc,heap        ] GC(32090) PSYoungGen: 83744K(84992K)->1056K(84992K) Eden: 82944K(82944K)->0K(82944K) From: 800K(2048K)->1056K(2048K)
[13290.891s][info][gc,heap        ] GC(32090) ParOldGen: 131125K(184832K)->131189K(184832K)
[13290.891s][info][gc,metaspace   ] GC(32090) Metaspace: 62146K(62464K)->62146K(62464K) NonClass: 56614K(56832K)->56614K(56832K) Class: 5532K(5632K)->5532K(5632K)
[13290.891s][info][gc             ] GC(32090) Pause Young (Allocation Failure) 209M->129M(263M) 2.153ms
[13290.891s][info][gc,cpu         ] GC(32090) User=0.01s Sys=0.00s Real=0.01s
[13291.271s][info][gc,start       ] GC(32091) Pause Young (Allocation Failure)
[13291.273s][info][gc,heap        ] GC(32091) PSYoungGen: 84000K(84992K)->704K(84992K) Eden: 82944K(82944K)->0K(82944K) From: 1056K(2048K)->704K(2048K)
[13291.273s][info][gc,heap        ] GC(32091) ParOldGen: 131189K(184832K)->131261K(184832K)
[13291.273s][info][gc,metaspace   ] GC(32091) Metaspace: 62146K(62464K)->62146K(62464K) NonClass: 56614K(56832K)->56614K(56832K) Class: 5532K(5632K)->5532K(5632K)
[13291.273s][info][gc             ] GC(32091) Pause Young (Allocation Failure) 210M->128M(263M) 1.992ms
[13291.273s][info][gc,cpu         ] GC(32091) User=0.00s Sys=0.00s Real=0.00s
[13291.718s][info][gc,start       ] GC(32092) Pause Young (Allocation Failure)
[13291.721s][info][gc,heap        ] GC(32092) PSYoungGen: 83648K(84992K)->1472K(84992K) Eden: 82944K(82944K)->0K(82944K) From: 704K(2048K)->1472K(2048K)
[13291.721s][info][gc,heap        ] GC(32092) ParOldGen: 131261K(184832K)->131325K(184832K)
[13291.721s][info][gc,metaspace   ] GC(32092) Metaspace: 62146K(62464K)->62146K(62464K) NonClass: 56614K(56832K)->56614K(56832K) Class: 5532K(5632K)->5532K(5632K)
[13291.721s][info][gc             ] GC(32092) Pause Young (Allocation Failure) 209M->129M(263M) 2.495ms
[13291.721s][info][gc,cpu         ] GC(32092) User=0.00s Sys=0.00s Real=0.00s
[13292.123s][info][gc,start       ] GC(32093) Pause Young (Allocation Failure)
[13292.125s][info][gc,heap        ] GC(32093) PSYoungGen: 84416K(84992K)->1632K(84992K) Eden: 82944K(82944K)->0K(82944K) From: 1472K(2048K)->1632K(2048K)
[13292.125s][info][gc,heap        ] GC(32093) ParOldGen: 131325K(184832K)->131389K(184832K)
[13292.125s][info][gc,metaspace   ] GC(32093) Metaspace: 62146K(62464K)->62146K(62464K) NonClass: 56614K(56832K)->56614K(56832K) Class: 5532K(5632K)->5532K(5632K)
[13292.125s][info][gc             ] GC(32093) Pause Young (Allocation Failure) 210M->129M(263M) 2.592ms
[13292.125s][info][gc,cpu         ] GC(32093) User=0.01s Sys=0.00s Real=0.00s
[13292.519s][info][gc,start       ] GC(32094) Pause Young (Allocation Failure)
[13292.521s][info][gc,heap        ] GC(32094) PSYoungGen: 84576K(84992K)->1472K(83968K) Eden: 82944K(82944K)->0K(81920K) From: 1632K(2048K)->1472K(2048K)
[13292.521s][info][gc,heap        ] GC(32094) ParOldGen: 131389K(184832K)->131453K(184832K)
[13292.521s][info][gc,metaspace   ] GC(32094) Metaspace: 62146K(62464K)->62146K(62464K) NonClass: 56614K(56832K)->56614K(56832K) Class: 5532K(5632K)->5532K(5632K)
[13292.521s][info][gc             ] GC(32094) Pause Young (Allocation Failure) 210M->129M(262M) 2.481ms
[13292.521s][info][gc,cpu         ] GC(32094) User=0.00s Sys=0.00s Real=0.01s
[13292.914s][info][gc,start       ] GC(32095) Pause Young (Allocation Failure)
[13292.917s][info][gc,heap        ] GC(32095) PSYoungGen: 83392K(83968K)->1440K(84480K) Eden: 81920K(81920K)->0K(81920K) From: 1472K(2048K)->1440K(2560K)
[13292.917s][info][gc,heap        ] GC(32095) ParOldGen: 131453K(184832K)->131525K(184832K)
[13292.917s][info][gc,metaspace   ] GC(32095) Metaspace: 62146K(62464K)->62146K(62464K) NonClass: 56614K(56832K)->56614K(56832K) Class: 5532K(5632K)->5532K(5632K)
[13292.917s][info][gc             ] GC(32095) Pause Young (Allocation Failure) 209M->129M(263M) 2.489ms
[13292.917s][info][gc,cpu         ] GC(32095) User=0.01s Sys=0.00s Real=0.00s
[13293.332s][info][gc,start       ] GC(32096) Pause Young (Allocation Failure)
[13293.334s][info][gc,heap        ] GC(32096) PSYoungGen: 83360K(84480K)->1056K(84480K) Eden: 81920K(81920K)->0K(81920K) From: 1440K(2560K)->1056K(2560K)
[13293.334s][info][gc,heap        ] GC(32096) ParOldGen: 131525K(184832K)->131589K(184832K)
[13293.334s][info][gc,metaspace   ] GC(32096) Metaspace: 62146K(62464K)->62146K(62464K) NonClass: 56614K(56832K)->56614K(56832K) Class: 5532K(5632K)->5532K(5632K)
[13293.334s][info][gc             ] GC(32096) Pause Young (Allocation Failure) 209M->129M(263M) 2.619ms
[13293.334s][info][gc,cpu         ] GC(32096) User=0.00s Sys=0.00s Real=0.00s
[13293.761s][info][gc,start       ] GC(32097) Pause Young (Allocation Failure)
[13293.762s][info][gc,heap        ] GC(32097) PSYoungGen: 82976K(84480K)->576K(84480K) Eden: 81920K(81920K)->0K(81920K) From: 1056K(2560K)->576K(2560K)
[13293.763s][info][gc,heap        ] GC(32097) ParOldGen: 131589K(184832K)->131709K(184832K)
[13293.763s][info][gc,metaspace   ] GC(32097) Metaspace: 62146K(62464K)->62146K(62464K) NonClass: 56614K(56832K)->56614K(56832K) Class: 5532K(5632K)->5532K(5632K)
[13293.763s][info][gc             ] GC(32097) Pause Young (Allocation Failure) 209M->129M(263M) 1.863ms
[13293.763s][info][gc,cpu         ] GC(32097) User=0.01s Sys=0.00s Real=0.01s
[13294.195s][info][gc,start       ] GC(32098) Pause Young (Allocation Failure)
[13294.197s][info][gc,heap        ] GC(32098) PSYoungGen: 82496K(84480K)->1088K(84992K) Eden: 81920K(81920K)->0K(82944K) From: 576K(2560K)->1088K(2048K)
[13294.197s][info][gc,heap        ] GC(32098) ParOldGen: 131709K(184832K)->131773K(184832K)
[13294.197s][info][gc,metaspace   ] GC(32098) Metaspace: 62146K(62464K)->62146K(62464K) NonClass: 56614K(56832K)->56614K(56832K) Class: 5532K(5632K)->5532K(5632K)
[13294.197s][info][gc             ] GC(32098) Pause Young (Allocation Failure) 209M->129M(263M) 2.425ms
[13294.197s][info][gc,cpu         ] GC(32098) User=0.01s Sys=0.00s Real=0.00s
[13294.620s][info][gc,start       ] GC(32099) Pause Young (Allocation Failure)
[13294.623s][info][gc,heap        ] GC(32099) PSYoungGen: 84032K(84992K)->1504K(84480K) Eden: 82944K(82944K)->0K(82944K) From: 1088K(2048K)->1504K(1536K)
[13294.623s][info][gc,heap        ] GC(32099) ParOldGen: 131773K(184832K)->131845K(184832K)
[13294.623s][info][gc,metaspace   ] GC(32099) Metaspace: 62146K(62464K)->62146K(62464K) NonClass: 56614K(56832K)->56614K(56832K) Class: 5532K(5632K)->5532K(5632K)
[13294.623s][info][gc             ] GC(32099) Pause Young (Allocation Failure) 210M->130M(263M) 2.483ms
[13294.623s][info][gc,cpu         ] GC(32099) User=0.00s Sys=0.00s Real=0.01s
[13295.065s][info][gc,start       ] GC(32100) Pause Young (Allocation Failure)
[13295.067s][info][gc,heap        ] GC(32100) PSYoungGen: 84448K(84480K)->576K(84992K) Eden: 82944K(82944K)->0K(82432K) From: 1504K(1536K)->576K(2560K)
[13295.067s][info][gc,heap        ] GC(32100) ParOldGen: 131845K(184832K)->131909K(184832K)
[13295.067s][info][gc,metaspace   ] GC(32100) Metaspace: 62146K(62464K)->62146K(62464K) NonClass: 56614K(56832K)->56614K(56832K) Class: 5532K(5632K)->5532K(5632K)
[13295.067s][info][gc             ] GC(32100) Pause Young (Allocation Failure) 211M->129M(263M) 1.898ms
[13295.067s][info][gc,cpu         ] GC(32100) User=0.01s Sys=0.00s Real=0.00s
[13295.499s][info][gc,start       ] GC(32101) Pause Young (Allocation Failure)
[13295.502s][info][gc,heap        ] GC(32101) PSYoungGen: 83008K(84992K)->2016K(84480K) Eden: 82432K(82432K)->0K(82432K) From: 576K(2560K)->2016K(2048K)
[13295.502s][info][gc,heap        ] GC(32101) ParOldGen: 131909K(184832K)->133157K(184832K)
[13295.502s][info][gc,metaspace   ] GC(32101) Metaspace: 62146K(62464K)->62146K(62464K) NonClass: 56614K(56832K)->56614K(56832K) Class: 5532K(5632K)->5532K(5632K)
[13295.502s][info][gc             ] GC(32101) Pause Young (Allocation Failure) 209M->132M(263M) 2.754ms
[13295.502s][info][gc,cpu         ] GC(32101) User=0.00s Sys=0.00s Real=0.01s
[13295.954s][info][gc,start       ] GC(32102) Pause Young (Allocation Failure)
[13295.956s][info][gc,heap        ] GC(32102) PSYoungGen: 84448K(84480K)->384K(83456K) Eden: 82432K(82432K)->0K(80896K) From: 2016K(2048K)->384K(2560K)
[13295.956s][info][gc,heap        ] GC(32102) ParOldGen: 133157K(184832K)->135221K(184832K)
[13295.956s][info][gc,metaspace   ] GC(32102) Metaspace: 62146K(62464K)->62146K(62464K) NonClass: 56614K(56832K)->56614K(56832K) Class: 5532K(5632K)->5532K(5632K)
[13295.956s][info][gc             ] GC(32102) Pause Young (Allocation Failure) 212M->132M(262M) 2.011ms
[13295.956s][info][gc,cpu         ] GC(32102) User=0.00s Sys=0.00s Real=0.00s
[13296.369s][info][gc,start       ] GC(32103) Pause Young (Allocation Failure)
[13296.371s][info][gc,heap        ] GC(32103) PSYoungGen: 81280K(83456K)->640K(83968K) Eden: 80896K(80896K)->0K(80896K) From: 384K(2560K)->640K(3072K)
[13296.371s][info][gc,heap        ] GC(32103) ParOldGen: 135221K(184832K)->135293K(184832K)
[13296.371s][info][gc,metaspace   ] GC(32103) Metaspace: 62146K(62464K)->62146K(62464K) NonClass: 56614K(56832K)->56614K(56832K) Class: 5532K(5632K)->5532K(5632K)
[13296.371s][info][gc             ] GC(32103) Pause Young (Allocation Failure) 211M->132M(262M) 1.901ms
[13296.371s][info][gc,cpu         ] GC(32103) User=0.01s Sys=0.00s Real=0.01s
[13296.768s][info][gc,start       ] GC(32104) Pause Young (Allocation Failure)
[13296.769s][info][gc,heap        ] GC(32104) PSYoungGen: 81536K(83968K)->640K(83968K) Eden: 80896K(80896K)->0K(80896K) From: 640K(3072K)->640K(3072K)
[13296.769s][info][gc,heap        ] GC(32104) ParOldGen: 135293K(184832K)->135365K(184832K)
[13296.769s][info][gc,metaspace   ] GC(32104) Metaspace: 62146K(62464K)->62146K(62464K) NonClass: 56614K(56832K)->56614K(56832K) Class: 5532K(5632K)->5532K(5632K)
[13296.769s][info][gc             ] GC(32104) Pause Young (Allocation Failure) 211M->132M(262M) 1.825ms
[13296.769s][info][gc,cpu         ] GC(32104) User=0.00s Sys=0.00s Real=0.00s
[13297.155s][info][gc,start       ] GC(32105) Pause Young (Allocation Failure)
[13297.157s][info][gc,heap        ] GC(32105) PSYoungGen: 81536K(83968K)->448K(83968K) Eden: 80896K(80896K)->0K(80896K) From: 640K(3072K)->448K(3072K)
[13297.157s][info][gc,heap        ] GC(32105) ParOldGen: 135365K(184832K)->135437K(184832K)
[13297.157s][info][gc,metaspace   ] GC(32105) Metaspace: 62146K(62464K)->62146K(62464K) NonClass: 56614K(56832K)->56614K(56832K) Class: 5532K(5632K)->5532K(5632K)
[13297.157s][info][gc             ] GC(32105) Pause Young (Allocation Failure) 211M->132M(262M) 1.756ms
[13297.157s][info][gc,cpu         ] GC(32105) User=0.00s Sys=0.00s Real=0.00s
[13297.554s][info][gc,start       ] GC(32106) Pause Young (Allocation Failure)
[13297.555s][info][gc,heap        ] GC(32106) PSYoungGen: 81344K(83968K)->416K(84480K) Eden: 80896K(80896K)->0K(81920K) From: 448K(3072K)->416K(2560K)
[13297.556s][info][gc,heap        ] GC(32106) ParOldGen: 135437K(184832K)->135509K(184832K)
[13297.556s][info][gc,metaspace   ] GC(32106) Metaspace: 62146K(62464K)->62146K(62464K) NonClass: 56614K(56832K)->56614K(56832K) Class: 5532K(5632K)->5532K(5632K)
[13297.556s][info][gc             ] GC(32106) Pause Young (Allocation Failure) 211M->132M(263M) 1.689ms
[13297.556s][info][gc,cpu         ] GC(32106) User=0.01s Sys=0.00s Real=0.00s
[13297.933s][info][gc,start       ] GC(32107) Pause Young (Allocation Failure)
[13297.936s][info][gc,heap        ] GC(32107) PSYoungGen: 82336K(84480K)->1824K(83968K) Eden: 81920K(81920K)->0K(81920K) From: 416K(2560K)->1824K(2048K)
[13297.936s][info][gc,heap        ] GC(32107) ParOldGen: 135509K(184832K)->135573K(184832K)
[13297.936s][info][gc,metaspace   ] GC(32107) Metaspace: 62146K(62464K)->62146K(62464K) NonClass: 56614K(56832K)->56614K(56832K) Class: 5532K(5632K)->5532K(5632K)
[13297.936s][info][gc             ] GC(32107) Pause Young (Allocation Failure) 212M->134M(262M) 2.956ms
[13297.936s][info][gc,cpu         ] GC(32107) User=0.00s Sys=0.00s Real=0.00s
[13298.292s][info][gc,start       ] GC(32108) Pause Young (Allocation Failure)
[13298.295s][info][gc,heap        ] GC(32108) PSYoungGen: 83744K(83968K)->1248K(83968K) Eden: 81920K(81920K)->0K(80896K) From: 1824K(2048K)->1248K(3072K)
[13298.295s][info][gc,heap        ] GC(32108) ParOldGen: 135573K(184832K)->135637K(184832K)
[13298.295s][info][gc,metaspace   ] GC(32108) Metaspace: 62146K(62464K)->62146K(62464K) NonClass: 56614K(56832K)->56614K(56832K) Class: 5532K(5632K)->5532K(5632K)
[13298.295s][info][gc             ] GC(32108) Pause Young (Allocation Failure) 214M->133M(262M) 2.345ms
[13298.295s][info][gc,cpu         ] GC(32108) User=0.00s Sys=0.00s Real=0.00s
[13298.625s][info][gc,start       ] GC(32109) Pause Young (Allocation Failure)
[13298.627s][info][gc,heap        ] GC(32109) PSYoungGen: 82144K(83968K)->1824K(83968K) Eden: 80896K(80896K)->0K(80896K) From: 1248K(3072K)->1824K(3072K)
[13298.627s][info][gc,heap        ] GC(32109) ParOldGen: 135637K(184832K)->135709K(184832K)
[13298.627s][info][gc,metaspace   ] GC(32109) Metaspace: 62146K(62464K)->62146K(62464K) NonClass: 56614K(56832K)->56614K(56832K) Class: 5532K(5632K)->5532K(5632K)
[13298.627s][info][gc             ] GC(32109) Pause Young (Allocation Failure) 212M->134M(262M) 2.876ms
[13298.627s][info][gc,cpu         ] GC(32109) User=0.00s Sys=0.00s Real=0.00s
[13298.975s][info][gc,start       ] GC(32110) Pause Young (Allocation Failure)
[13298.977s][info][gc,heap        ] GC(32110) PSYoungGen: 82720K(83968K)->672K(83968K) Eden: 80896K(80896K)->0K(80896K) From: 1824K(3072K)->672K(3072K)
[13298.977s][info][gc,heap        ] GC(32110) ParOldGen: 135709K(184832K)->135781K(184832K)
[13298.977s][info][gc,metaspace   ] GC(32110) Metaspace: 62146K(62464K)->62146K(62464K) NonClass: 56614K(56832K)->56614K(56832K) Class: 5532K(5632K)->5532K(5632K)
[13298.977s][info][gc             ] GC(32110) Pause Young (Allocation Failure) 213M->133M(262M) 1.916ms
[13298.977s][info][gc,cpu         ] GC(32110) User=0.00s Sys=0.00s Real=0.00s
[13299.438s][info][gc,start       ] GC(32111) Pause Young (Allocation Failure)
[13299.441s][info][gc,heap        ] GC(32111) PSYoungGen: 81568K(83968K)->1568K(83968K) Eden: 80896K(80896K)->0K(80896K) From: 672K(3072K)->1568K(3072K)
[13299.441s][info][gc,heap        ] GC(32111) ParOldGen: 135781K(184832K)->135853K(184832K)
[13299.441s][info][gc,metaspace   ] GC(32111) Metaspace: 62146K(62464K)->62146K(62464K) NonClass: 56614K(56832K)->56614K(56832K) Class: 5532K(5632K)->5532K(5632K)
[13299.441s][info][gc             ] GC(32111) Pause Young (Allocation Failure) 212M->134M(262M) 2.930ms
[13299.441s][info][gc,cpu         ] GC(32111) User=0.00s Sys=0.01s Real=0.01s
[13299.858s][info][gc,start       ] GC(32112) Pause Young (Allocation Failure)
[13299.860s][info][gc,heap        ] GC(32112) PSYoungGen: 82464K(83968K)->512K(83968K) Eden: 80896K(80896K)->0K(80896K) From: 1568K(3072K)->512K(3072K)
[13299.860s][info][gc,heap        ] GC(32112) ParOldGen: 135853K(184832K)->135925K(184832K)
[13299.860s][info][gc,metaspace   ] GC(32112) Metaspace: 62146K(62464K)->62146K(62464K) NonClass: 56614K(56832K)->56614K(56832K) Class: 5532K(5632K)->5532K(5632K)
[13299.860s][info][gc             ] GC(32112) Pause Young (Allocation Failure) 213M->133M(262M) 1.804ms
[13299.860s][info][gc,cpu         ] GC(32112) User=0.00s Sys=0.00s Real=0.00s
[13300.239s][info][gc,start       ] GC(32113) Pause Young (Allocation Failure)
[13300.242s][info][gc,heap        ] GC(32113) PSYoungGen: 81408K(83968K)->2912K(83968K) Eden: 80896K(80896K)->0K(80896K) From: 512K(3072K)->2912K(3072K)
[13300.242s][info][gc,heap        ] GC(32113) ParOldGen: 135925K(184832K)->137021K(184832K)
[13300.242s][info][gc,metaspace   ] GC(32113) Metaspace: 62146K(62464K)->62146K(62464K) NonClass: 56614K(56832K)->56614K(56832K) Class: 5532K(5632K)->5532K(5632K)
[13300.242s][info][gc             ] GC(32113) Pause Young (Allocation Failure) 212M->136M(262M) 3.038ms
[13300.242s][info][gc,cpu         ] GC(32113) User=0.01s Sys=0.00s Real=0.01s
[13300.646s][info][gc,start       ] GC(32114) Pause Young (Allocation Failure)
[13300.648s][info][gc,heap        ] GC(32114) PSYoungGen: 83808K(83968K)->288K(82944K) Eden: 80896K(80896K)->0K(79872K) From: 2912K(3072K)->288K(3072K)
[13300.648s][info][gc,heap        ] GC(32114) ParOldGen: 137021K(184832K)->139141K(184832K)
[13300.648s][info][gc,metaspace   ] GC(32114) Metaspace: 62146K(62464K)->62146K(62464K) NonClass: 56614K(56832K)->56614K(56832K) Class: 5532K(5632K)->5532K(5632K)
[13300.648s][info][gc             ] GC(32114) Pause Young (Allocation Failure) 215M->136M(261M) 1.917ms
[13300.648s][info][gc,cpu         ] GC(32114) User=0.01s Sys=0.00s Real=0.00s
[13301.100s][info][gc,start       ] GC(32115) Pause Young (Allocation Failure)
[13301.102s][info][gc,heap        ] GC(32115) PSYoungGen: 80160K(82944K)->1120K(83456K) Eden: 79872K(79872K)->0K(79872K) From: 288K(3072K)->1120K(3584K)
[13301.102s][info][gc,heap        ] GC(32115) ParOldGen: 139141K(184832K)->139213K(184832K)
[13301.102s][info][gc,metaspace   ] GC(32115) Metaspace: 62146K(62464K)->62146K(62464K) NonClass: 56614K(56832K)->56614K(56832K) Class: 5532K(5632K)->5532K(5632K)
[13301.102s][info][gc             ] GC(32115) Pause Young (Allocation Failure) 214M->137M(262M) 2.390ms
[13301.102s][info][gc,cpu         ] GC(32115) User=0.01s Sys=0.00s Real=0.01s
[13301.469s][info][gc,start       ] GC(32116) Pause Young (Allocation Failure)
[13301.471s][info][gc,heap        ] GC(32116) PSYoungGen: 80992K(83456K)->672K(83968K) Eden: 79872K(79872K)->0K(80896K) From: 1120K(3584K)->672K(3072K)
[13301.471s][info][gc,heap        ] GC(32116) ParOldGen: 139213K(184832K)->139341K(184832K)
[13301.471s][info][gc,metaspace   ] GC(32116) Metaspace: 62146K(62464K)->62146K(62464K) NonClass: 56614K(56832K)->56614K(56832K) Class: 5532K(5632K)->5532K(5632K)
[13301.471s][info][gc             ] GC(32116) Pause Young (Allocation Failure) 215M->136M(262M) 2.011ms
[13301.471s][info][gc,cpu         ] GC(32116) User=0.01s Sys=0.00s Real=0.01s
[13301.855s][info][gc,start       ] GC(32117) Pause Young (Allocation Failure)
[13301.857s][info][gc,heap        ] GC(32117) PSYoungGen: 81568K(83968K)->448K(83968K) Eden: 80896K(80896K)->0K(80896K) From: 672K(3072K)->448K(3072K)
[13301.857s][info][gc,heap        ] GC(32117) ParOldGen: 139341K(184832K)->139413K(184832K)
[13301.857s][info][gc,metaspace   ] GC(32117) Metaspace: 62146K(62464K)->62146K(62464K) NonClass: 56614K(56832K)->56614K(56832K) Class: 5532K(5632K)->5532K(5632K)
[13301.857s][info][gc             ] GC(32117) Pause Young (Allocation Failure) 215M->136M(262M) 1.797ms
[13301.857s][info][gc,cpu         ] GC(32117) User=0.00s Sys=0.00s Real=0.00s
[13302.285s][info][gc,start       ] GC(32118) Pause Young (Allocation Failure)
[13302.287s][info][gc,heap        ] GC(32118) PSYoungGen: 81344K(83968K)->896K(83968K) Eden: 80896K(80896K)->0K(80896K) From: 448K(3072K)->896K(3072K)
[13302.287s][info][gc,heap        ] GC(32118) ParOldGen: 139413K(184832K)->139485K(184832K)
[13302.287s][info][gc,metaspace   ] GC(32118) Metaspace: 62146K(62464K)->62146K(62464K) NonClass: 56614K(56832K)->56614K(56832K) Class: 5532K(5632K)->5532K(5632K)
[13302.287s][info][gc             ] GC(32118) Pause Young (Allocation Failure) 215M->137M(262M) 2.147ms
[13302.287s][info][gc,cpu         ] GC(32118) User=0.01s Sys=0.00s Real=0.00s
[13302.719s][info][gc,start       ] GC(32119) Pause Young (Allocation Failure)
[13302.721s][info][gc,heap        ] GC(32119) PSYoungGen: 81792K(83968K)->1408K(83968K) Eden: 80896K(80896K)->0K(80896K) From: 896K(3072K)->1408K(3072K)
[13302.721s][info][gc,heap        ] GC(32119) ParOldGen: 139485K(184832K)->139557K(184832K)
[13302.721s][info][gc,metaspace   ] GC(32119) Metaspace: 62146K(62464K)->62146K(62464K) NonClass: 56614K(56832K)->56614K(56832K) Class: 5532K(5632K)->5532K(5632K)
[13302.721s][info][gc             ] GC(32119) Pause Young (Allocation Failure) 216M->137M(262M) 2.438ms
[13302.721s][info][gc,cpu         ] GC(32119) User=0.00s Sys=0.00s Real=0.01s
[13303.151s][info][gc,start       ] GC(32120) Pause Young (Allocation Failure)
[13303.152s][info][gc,heap        ] GC(32120) PSYoungGen: 82304K(83968K)->352K(83968K) Eden: 80896K(80896K)->0K(80896K) From: 1408K(3072K)->352K(3072K)
[13303.152s][info][gc,heap        ] GC(32120) ParOldGen: 139557K(184832K)->139637K(184832K)
[13303.152s][info][gc,metaspace   ] GC(32120) Metaspace: 62146K(62464K)->62146K(62464K) NonClass: 56614K(56832K)->56614K(56832K) Class: 5532K(5632K)->5532K(5632K)
[13303.152s][info][gc             ] GC(32120) Pause Young (Allocation Failure) 216M->136M(262M) 1.741ms
[13303.152s][info][gc,cpu         ] GC(32120) User=0.00s Sys=0.00s Real=0.01s
[13303.569s][info][gc,start       ] GC(32121) Pause Young (Allocation Failure)
[13303.571s][info][gc,heap        ] GC(32121) PSYoungGen: 81248K(83968K)->608K(83968K) Eden: 80896K(80896K)->0K(80896K) From: 352K(3072K)->608K(3072K)
[13303.571s][info][gc,heap        ] GC(32121) ParOldGen: 139637K(184832K)->139709K(184832K)
[13303.571s][info][gc,metaspace   ] GC(32121) Metaspace: 62146K(62464K)->62146K(62464K) NonClass: 56614K(56832K)->56614K(56832K) Class: 5532K(5632K)->5532K(5632K)
[13303.571s][info][gc             ] GC(32121) Pause Young (Allocation Failure) 215M->137M(262M) 1.979ms
[13303.571s][info][gc,cpu         ] GC(32121) User=0.00s Sys=0.00s Real=0.00s
[13304.010s][info][gc,start       ] GC(32122) Pause Young (Allocation Failure)
[13304.012s][info][gc,heap        ] GC(32122) PSYoungGen: 81504K(83968K)->1152K(84480K) Eden: 80896K(80896K)->0K(81920K) From: 608K(3072K)->1152K(2560K)
[13304.012s][info][gc,heap        ] GC(32122) ParOldGen: 139709K(184832K)->139773K(184832K)
[13304.012s][info][gc,metaspace   ] GC(32122) Metaspace: 62146K(62464K)->62146K(62464K) NonClass: 56614K(56832K)->56614K(56832K) Class: 5532K(5632K)->5532K(5632K)
[13304.012s][info][gc             ] GC(32122) Pause Young (Allocation Failure) 216M->137M(263M) 2.461ms
[13304.012s][info][gc,cpu         ] GC(32122) User=0.00s Sys=0.00s Real=0.01s
[13304.525s][info][gc,start       ] GC(32123) Pause Young (Allocation Failure)
[13304.528s][info][gc,heap        ] GC(32123) PSYoungGen: 83072K(84480K)->1280K(84480K) Eden: 81920K(81920K)->0K(81920K) From: 1152K(2560K)->1280K(2560K)
[13304.528s][info][gc,heap        ] GC(32123) ParOldGen: 139773K(184832K)->139845K(184832K)
[13304.528s][info][gc,metaspace   ] GC(32123) Metaspace: 62146K(62464K)->62146K(62464K) NonClass: 56614K(56832K)->56614K(56832K) Class: 5532K(5632K)->5532K(5632K)
[13304.528s][info][gc             ] GC(32123) Pause Young (Allocation Failure) 217M->137M(263M) 2.579ms
[13304.528s][info][gc,cpu         ] GC(32123) User=0.01s Sys=0.00s Real=0.00s
[13305.022s][info][gc,start       ] GC(32124) Pause Young (Allocation Failure)
[13305.025s][info][gc,heap        ] GC(32124) PSYoungGen: 83200K(84480K)->2336K(83456K) Eden: 81920K(81920K)->0K(80896K) From: 1280K(2560K)->2336K(2560K)
[13305.025s][info][gc,heap        ] GC(32124) ParOldGen: 139845K(184832K)->140941K(184832K)
[13305.025s][info][gc,metaspace   ] GC(32124) Metaspace: 62146K(62464K)->62146K(62464K) NonClass: 56614K(56832K)->56614K(56832K) Class: 5532K(5632K)->5532K(5632K)
[13305.025s][info][gc             ] GC(32124) Pause Young (Allocation Failure) 217M->139M(262M) 2.827ms
[13305.025s][info][gc,cpu         ] GC(32124) User=0.00s Sys=0.00s Real=0.00s
[13305.517s][info][gc,start       ] GC(32125) Pause Young (Allocation Failure)
[13305.520s][info][gc,heap        ] GC(32125) PSYoungGen: 83232K(83456K)->1248K(83968K) Eden: 80896K(80896K)->0K(80896K) From: 2336K(2560K)->1248K(3072K)
[13305.520s][info][gc,heap        ] GC(32125) ParOldGen: 140941K(184832K)->143061K(184832K)
[13305.520s][info][gc,metaspace   ] GC(32125) Metaspace: 62146K(62464K)->62146K(62464K) NonClass: 56614K(56832K)->56614K(56832K) Class: 5532K(5632K)->5532K(5632K)
[13305.520s][info][gc             ] GC(32125) Pause Young (Allocation Failure) 218M->140M(262M) 2.847ms
[13305.520s][info][gc,cpu         ] GC(32125) User=0.01s Sys=0.00s Real=0.00s
[13305.990s][info][gc,start       ] GC(32126) Pause Young (Allocation Failure)
[13305.992s][info][gc,heap        ] GC(32126) PSYoungGen: 82144K(83968K)->864K(84480K) Eden: 80896K(80896K)->0K(81408K) From: 1248K(3072K)->864K(3072K)
[13305.992s][info][gc,heap        ] GC(32126) ParOldGen: 143061K(184832K)->143133K(184832K)
[13305.992s][info][gc,metaspace   ] GC(32126) Metaspace: 62146K(62464K)->62146K(62464K) NonClass: 56614K(56832K)->56614K(56832K) Class: 5532K(5632K)->5532K(5632K)
[13305.992s][info][gc             ] GC(32126) Pause Young (Allocation Failure) 219M->140M(263M) 2.225ms
[13305.992s][info][gc,cpu         ] GC(32126) User=0.00s Sys=0.00s Real=0.01s
[13306.414s][info][gc,start       ] GC(32127) Pause Young (Allocation Failure)
[13306.417s][info][gc,heap        ] GC(32127) PSYoungGen: 82272K(84480K)->1344K(83968K) Eden: 81408K(81408K)->0K(81408K) From: 864K(3072K)->1344K(2560K)
[13306.417s][info][gc,heap        ] GC(32127) ParOldGen: 143133K(184832K)->143205K(184832K)
[13306.417s][info][gc,metaspace   ] GC(32127) Metaspace: 62146K(62464K)->62146K(62464K) NonClass: 56614K(56832K)->56614K(56832K) Class: 5532K(5632K)->5532K(5632K)
[13306.417s][info][gc             ] GC(32127) Pause Young (Allocation Failure) 220M->141M(262M) 2.672ms
[13306.417s][info][gc,cpu         ] GC(32127) User=0.00s Sys=0.00s Real=0.00s
[13306.822s][info][gc,start       ] GC(32128) Pause Young (Allocation Failure)
[13306.824s][info][gc,heap        ] GC(32128) PSYoungGen: 82752K(83968K)->1408K(84480K) Eden: 81408K(81408K)->0K(81920K) From: 1344K(2560K)->1408K(2560K)
[13306.824s][info][gc,heap        ] GC(32128) ParOldGen: 143205K(184832K)->143277K(184832K)
[13306.824s][info][gc,metaspace   ] GC(32128) Metaspace: 62146K(62464K)->62146K(62464K) NonClass: 56614K(56832K)->56614K(56832K) Class: 5532K(5632K)->5532K(5632K)
[13306.824s][info][gc             ] GC(32128) Pause Young (Allocation Failure) 220M->141M(263M) 2.518ms
[13306.824s][info][gc,cpu         ] GC(32128) User=0.00s Sys=0.00s Real=0.00s
[13307.308s][info][gc,start       ] GC(32129) Pause Young (Allocation Failure)
[13307.310s][info][gc,heap        ] GC(32129) PSYoungGen: 83328K(84480K)->1280K(84480K) Eden: 81920K(81920K)->0K(81920K) From: 1408K(2560K)->1280K(2560K)
[13307.310s][info][gc,heap        ] GC(32129) ParOldGen: 143277K(184832K)->143341K(184832K)
[13307.310s][info][gc,metaspace   ] GC(32129) Metaspace: 62146K(62464K)->62146K(62464K) NonClass: 56614K(56832K)->56614K(56832K) Class: 5532K(5632K)->5532K(5632K)
[13307.310s][info][gc             ] GC(32129) Pause Young (Allocation Failure) 221M->141M(263M) 2.404ms
[13307.310s][info][gc,cpu         ] GC(32129) User=0.00s Sys=0.00s Real=0.00s
[13307.736s][info][gc,start       ] GC(32130) Pause Young (Allocation Failure)
[13307.738s][info][gc,heap        ] GC(32130) PSYoungGen: 83200K(84480K)->1696K(84480K) Eden: 81920K(81920K)->0K(81920K) From: 1280K(2560K)->1696K(2560K)
[13307.738s][info][gc,heap        ] GC(32130) ParOldGen: 143341K(184832K)->143413K(184832K)
[13307.738s][info][gc,metaspace   ] GC(32130) Metaspace: 62146K(62464K)->62146K(62464K) NonClass: 56614K(56832K)->56614K(56832K) Class: 5532K(5632K)->5532K(5632K)
[13307.739s][info][gc             ] GC(32130) Pause Young (Allocation Failure) 221M->141M(263M) 2.880ms
[13307.739s][info][gc,cpu         ] GC(32130) User=0.01s Sys=0.00s Real=0.00s
[13308.195s][info][gc,start       ] GC(32131) Pause Young (Allocation Failure)
[13308.197s][info][gc,heap        ] GC(32131) PSYoungGen: 83616K(84480K)->1024K(84480K) Eden: 81920K(81920K)->0K(81920K) From: 1696K(2560K)->1024K(2560K)
[13308.197s][info][gc,heap        ] GC(32131) ParOldGen: 143413K(184832K)->143485K(184832K)
[13308.197s][info][gc,metaspace   ] GC(32131) Metaspace: 62146K(62464K)->62146K(62464K) NonClass: 56614K(56832K)->56614K(56832K) Class: 5532K(5632K)->5532K(5632K)
[13308.197s][info][gc             ] GC(32131) Pause Young (Allocation Failure) 221M->141M(263M) 2.309ms
[13308.197s][info][gc,cpu         ] GC(32131) User=0.01s Sys=0.00s Real=0.00s
[13308.623s][info][gc,start       ] GC(32132) Pause Young (Allocation Failure)
[13308.625s][info][gc,heap        ] GC(32132) PSYoungGen: 82944K(84480K)->1472K(84480K) Eden: 81920K(81920K)->0K(81920K) From: 1024K(2560K)->1472K(2560K)
[13308.625s][info][gc,heap        ] GC(32132) ParOldGen: 143485K(184832K)->143549K(184832K)
[13308.625s][info][gc,metaspace   ] GC(32132) Metaspace: 62146K(62464K)->62146K(62464K) NonClass: 56614K(56832K)->56614K(56832K) Class: 5532K(5632K)->5532K(5632K)
[13308.625s][info][gc             ] GC(32132) Pause Young (Allocation Failure) 221M->141M(263M) 2.788ms
[13308.625s][info][gc,cpu         ] GC(32132) User=0.01s Sys=0.00s Real=0.00s
[13309.093s][info][gc,start       ] GC(32133) Pause Young (Allocation Failure)
[13309.095s][info][gc,heap        ] GC(32133) PSYoungGen: 83392K(84480K)->1008K(84480K) Eden: 81920K(81920K)->0K(81920K) From: 1472K(2560K)->1008K(2560K)
[13309.095s][info][gc,heap        ] GC(32133) ParOldGen: 143549K(184832K)->143621K(184832K)
[13309.095s][info][gc,metaspace   ] GC(32133) Metaspace: 62146K(62464K)->62146K(62464K) NonClass: 56614K(56832K)->56614K(56832K) Class: 5532K(5632K)->5532K(5632K)
[13309.095s][info][gc             ] GC(32133) Pause Young (Allocation Failure) 221M->141M(263M) 2.368ms
[13309.095s][info][gc,cpu         ] GC(32133) User=0.00s Sys=0.00s Real=0.00s
[13309.549s][info][gc,start       ] GC(32134) Pause Young (Allocation Failure)
[13309.550s][info][gc,heap        ] GC(32134) PSYoungGen: 82928K(84480K)->320K(84480K) Eden: 81920K(81920K)->0K(81920K) From: 1008K(2560K)->320K(2560K)
[13309.551s][info][gc,heap        ] GC(32134) ParOldGen: 143621K(184832K)->143741K(184832K)
[13309.551s][info][gc,metaspace   ] GC(32134) Metaspace: 62146K(62464K)->62146K(62464K) NonClass: 56614K(56832K)->56614K(56832K) Class: 5532K(5632K)->5532K(5632K)
[13309.551s][info][gc             ] GC(32134) Pause Young (Allocation Failure) 221M->140M(263M) 1.766ms
[13309.551s][info][gc,cpu         ] GC(32134) User=0.00s Sys=0.00s Real=0.00s
[13310.002s][info][gc,start       ] GC(32135) Pause Young (Allocation Failure)
[13310.004s][info][gc,heap        ] GC(32135) PSYoungGen: 82240K(84480K)->1152K(84480K) Eden: 81920K(81920K)->0K(81920K) From: 320K(2560K)->1152K(2560K)
[13310.004s][info][gc,heap        ] GC(32135) ParOldGen: 143741K(184832K)->143805K(184832K)
[13310.004s][info][gc,metaspace   ] GC(32135) Metaspace: 62146K(62464K)->62146K(62464K) NonClass: 56614K(56832K)->56614K(56832K) Class: 5532K(5632K)->5532K(5632K)
[13310.004s][info][gc             ] GC(32135) Pause Young (Allocation Failure) 220M->141M(263M) 2.419ms
[13310.004s][info][gc,cpu         ] GC(32135) User=0.01s Sys=0.00s Real=0.00s
[13310.392s][info][gc,start       ] GC(32136) Pause Young (Allocation Failure)
[13310.394s][info][gc,heap        ] GC(32136) PSYoungGen: 83072K(84480K)->2080K(84480K) Eden: 81920K(81920K)->0K(81920K) From: 1152K(2560K)->2080K(2560K)
[13310.394s][info][gc,heap        ] GC(32136) ParOldGen: 143805K(184832K)->144901K(184832K)
[13310.394s][info][gc,metaspace   ] GC(32136) Metaspace: 62146K(62464K)->62146K(62464K) NonClass: 56614K(56832K)->56614K(56832K) Class: 5532K(5632K)->5532K(5632K)
[13310.394s][info][gc             ] GC(32136) Pause Young (Allocation Failure) 221M->143M(263M) 2.663ms
[13310.394s][info][gc,cpu         ] GC(32136) User=0.01s Sys=0.00s Real=0.00s
[13310.856s][info][gc,start       ] GC(32137) Pause Young (Allocation Failure)
[13310.858s][info][gc,heap        ] GC(32137) PSYoungGen: 84000K(84480K)->448K(84480K) Eden: 81920K(81920K)->0K(81920K) From: 2080K(2560K)->448K(2560K)
[13310.858s][info][gc,heap        ] GC(32137) ParOldGen: 144901K(184832K)->147021K(184832K)
[13310.858s][info][gc,metaspace   ] GC(32137) Metaspace: 62146K(62464K)->62146K(62464K) NonClass: 56614K(56832K)->56614K(56832K) Class: 5532K(5632K)->5532K(5632K)
[13310.858s][info][gc             ] GC(32137) Pause Young (Allocation Failure) 223M->144M(263M) 2.335ms
[13310.858s][info][gc,cpu         ] GC(32137) User=0.00s Sys=0.00s Real=0.00s
[13311.307s][info][gc,start       ] GC(32138) Pause Young (Allocation Failure)
[13311.309s][info][gc,heap        ] GC(32138) PSYoungGen: 82368K(84480K)->1216K(84480K) Eden: 81920K(81920K)->0K(81920K) From: 448K(2560K)->1216K(2560K)
[13311.309s][info][gc,heap        ] GC(32138) ParOldGen: 147021K(184832K)->147085K(184832K)
[13311.309s][info][gc,metaspace   ] GC(32138) Metaspace: 62146K(62464K)->62146K(62464K) NonClass: 56614K(56832K)->56614K(56832K) Class: 5532K(5632K)->5532K(5632K)
[13311.309s][info][gc             ] GC(32138) Pause Young (Allocation Failure) 224M->144M(263M) 2.367ms
[13311.309s][info][gc,cpu         ] GC(32138) User=0.01s Sys=0.00s Real=0.00s
[13311.751s][info][gc,start       ] GC(32139) Pause Young (Allocation Failure)
[13311.753s][info][gc,heap        ] GC(32139) PSYoungGen: 83136K(84480K)->384K(84480K) Eden: 81920K(81920K)->0K(81920K) From: 1216K(2560K)->384K(2560K)
[13311.753s][info][gc,heap        ] GC(32139) ParOldGen: 147085K(184832K)->147149K(184832K)
[13311.753s][info][gc,metaspace   ] GC(32139) Metaspace: 62146K(62464K)->62146K(62464K) NonClass: 56614K(56832K)->56614K(56832K) Class: 5532K(5632K)->5532K(5632K)
[13311.753s][info][gc             ] GC(32139) Pause Young (Allocation Failure) 224M->144M(263M) 1.682ms
[13311.753s][info][gc,cpu         ] GC(32139) User=0.00s Sys=0.01s Real=0.00s
[13312.192s][info][gc,start       ] GC(32140) Pause Young (Allocation Failure)
[13312.194s][info][gc,heap        ] GC(32140) PSYoungGen: 82304K(84480K)->992K(84480K) Eden: 81920K(81920K)->0K(81920K) From: 384K(2560K)->992K(2560K)
[13312.194s][info][gc,heap        ] GC(32140) ParOldGen: 147149K(184832K)->147221K(184832K)
[13312.194s][info][gc,metaspace   ] GC(32140) Metaspace: 62146K(62464K)->62146K(62464K) NonClass: 56614K(56832K)->56614K(56832K) Class: 5532K(5632K)->5532K(5632K)
[13312.194s][info][gc             ] GC(32140) Pause Young (Allocation Failure) 224M->144M(263M) 2.159ms
[13312.194s][info][gc,cpu         ] GC(32140) User=0.01s Sys=0.00s Real=0.00s
[13312.606s][info][gc,start       ] GC(32141) Pause Young (Allocation Failure)
[13312.608s][info][gc,heap        ] GC(32141) PSYoungGen: 82912K(84480K)->1280K(84480K) Eden: 81920K(81920K)->0K(81920K) From: 992K(2560K)->1280K(2560K)
[13312.609s][info][gc,heap        ] GC(32141) ParOldGen: 147221K(184832K)->147293K(184832K)
[13312.609s][info][gc,metaspace   ] GC(32141) Metaspace: 62146K(62464K)->62146K(62464K) NonClass: 56614K(56832K)->56614K(56832K) Class: 5532K(5632K)->5532K(5632K)
[13312.609s][info][gc             ] GC(32141) Pause Young (Allocation Failure) 224M->145M(263M) 2.318ms
[13312.609s][info][gc,cpu         ] GC(32141) User=0.01s Sys=0.00s Real=0.00s
[13312.990s][info][gc,start       ] GC(32142) Pause Young (Allocation Failure)
[13312.993s][info][gc,heap        ] GC(32142) PSYoungGen: 83200K(84480K)->1056K(84480K) Eden: 81920K(81920K)->0K(81920K) From: 1280K(2560K)->1056K(2560K)
[13312.993s][info][gc,heap        ] GC(32142) ParOldGen: 147293K(184832K)->147357K(184832K)
[13312.993s][info][gc,metaspace   ] GC(32142) Metaspace: 62146K(62464K)->62146K(62464K) NonClass: 56614K(56832K)->56614K(56832K) Class: 5532K(5632K)->5532K(5632K)
[13312.993s][info][gc             ] GC(32142) Pause Young (Allocation Failure) 225M->144M(263M) 2.300ms
[13312.993s][info][gc,cpu         ] GC(32142) User=0.00s Sys=0.00s Real=0.01s
[13313.379s][info][gc,start       ] GC(32143) Pause Young (Allocation Failure)
[13313.381s][info][gc,heap        ] GC(32143) PSYoungGen: 82976K(84480K)->768K(84480K) Eden: 81920K(81920K)->0K(81920K) From: 1056K(2560K)->768K(2560K)
[13313.381s][info][gc,heap        ] GC(32143) ParOldGen: 147357K(184832K)->147429K(184832K)
[13313.381s][info][gc,metaspace   ] GC(32143) Metaspace: 62146K(62464K)->62146K(62464K) NonClass: 56614K(56832K)->56614K(56832K) Class: 5532K(5632K)->5532K(5632K)
[13313.381s][info][gc             ] GC(32143) Pause Young (Allocation Failure) 224M->144M(263M) 2.051ms
[13313.381s][info][gc,cpu         ] GC(32143) User=0.00s Sys=0.00s Real=0.00s
[13313.796s][info][gc,start       ] GC(32144) Pause Young (Allocation Failure)
[13313.798s][info][gc,heap        ] GC(32144) PSYoungGen: 82688K(84480K)->1088K(84992K) Eden: 81920K(81920K)->0K(82944K) From: 768K(2560K)->1088K(2048K)
[13313.798s][info][gc,heap        ] GC(32144) ParOldGen: 147429K(184832K)->147501K(184832K)
[13313.798s][info][gc,metaspace   ] GC(32144) Metaspace: 62146K(62464K)->62146K(62464K) NonClass: 56614K(56832K)->56614K(56832K) Class: 5532K(5632K)->5532K(5632K)
[13313.798s][info][gc             ] GC(32144) Pause Young (Allocation Failure) 224M->145M(263M) 2.153ms
[13313.798s][info][gc,cpu         ] GC(32144) User=0.00s Sys=0.00s Real=0.00s
[13314.231s][info][gc,start       ] GC(32145) Pause Young (Allocation Failure)
[13314.234s][info][gc,heap        ] GC(32145) PSYoungGen: 84032K(84992K)->1504K(84992K) Eden: 82944K(82944K)->0K(82944K) From: 1088K(2048K)->1504K(2048K)
[13314.234s][info][gc,heap        ] GC(32145) ParOldGen: 147501K(184832K)->147581K(184832K)
[13314.234s][info][gc,metaspace   ] GC(32145) Metaspace: 62146K(62464K)->62146K(62464K) NonClass: 56614K(56832K)->56614K(56832K) Class: 5532K(5632K)->5532K(5632K)
[13314.234s][info][gc             ] GC(32145) Pause Young (Allocation Failure) 226M->145M(263M) 2.675ms
[13314.234s][info][gc,cpu         ] GC(32145) User=0.01s Sys=0.00s Real=0.00s
[13314.681s][info][gc,start       ] GC(32146) Pause Young (Allocation Failure)
[13314.683s][info][gc,heap        ] GC(32146) PSYoungGen: 84448K(84992K)->800K(84992K) Eden: 82944K(82944K)->0K(82944K) From: 1504K(2048K)->800K(2048K)
[13314.683s][info][gc,heap        ] GC(32146) ParOldGen: 147581K(184832K)->147645K(184832K)
[13314.683s][info][gc,metaspace   ] GC(32146) Metaspace: 62146K(62464K)->62146K(62464K) NonClass: 56614K(56832K)->56614K(56832K) Class: 5532K(5632K)->5532K(5632K)
[13314.683s][info][gc             ] GC(32146) Pause Young (Allocation Failure) 226M->144M(263M) 2.099ms
[13314.683s][info][gc,cpu         ] GC(32146) User=0.00s Sys=0.00s Real=0.00s
[13315.134s][info][gc,start       ] GC(32147) Pause Young (Allocation Failure)
[13315.137s][info][gc,heap        ] GC(32147) PSYoungGen: 83744K(84992K)->1536K(84480K) Eden: 82944K(82944K)->0K(82944K) From: 800K(2048K)->1536K(1536K)
[13315.137s][info][gc,heap        ] GC(32147) ParOldGen: 147645K(184832K)->149765K(184832K)
[13315.137s][info][gc,metaspace   ] GC(32147) Metaspace: 62146K(62464K)->62146K(62464K) NonClass: 56614K(56832K)->56614K(56832K) Class: 5532K(5632K)->5532K(5632K)
[13315.137s][info][gc             ] GC(32147) Pause Young (Allocation Failure) 225M->147M(263M) 2.966ms
[13315.137s][info][gc,cpu         ] GC(32147) User=0.01s Sys=0.00s Real=0.00s
[13315.585s][info][gc,start       ] GC(32148) Pause Young (Allocation Failure)
[13315.587s][info][gc,heap        ] GC(32148) PSYoungGen: 84480K(84480K)->864K(84992K) Eden: 82944K(82944K)->0K(82432K) From: 1536K(1536K)->864K(2560K)
[13315.587s][info][gc,heap        ] GC(32148) ParOldGen: 149765K(184832K)->149829K(184832K)
[13315.587s][info][gc,metaspace   ] GC(32148) Metaspace: 62146K(62464K)->62146K(62464K) NonClass: 56614K(56832K)->56614K(56832K) Class: 5532K(5632K)->5532K(5632K)
[13315.587s][info][gc             ] GC(32148) Pause Young (Allocation Failure) 228M->147M(263M) 2.153ms
[13315.587s][info][gc,cpu         ] GC(32148) User=0.00s Sys=0.00s Real=0.00s
[13316.026s][info][gc,start       ] GC(32149) Pause Young (Allocation Failure)
[13316.028s][info][gc,heap        ] GC(32149) PSYoungGen: 83296K(84992K)->1472K(84480K) Eden: 82432K(82432K)->0K(82432K) From: 864K(2560K)->1472K(2048K)
[13316.028s][info][gc,heap        ] GC(32149) ParOldGen: 149829K(184832K)->149909K(184832K)
[13316.028s][info][gc,metaspace   ] GC(32149) Metaspace: 62146K(62464K)->62146K(62464K) NonClass: 56614K(56832K)->56614K(56832K) Class: 5532K(5632K)->5532K(5632K)
[13316.028s][info][gc             ] GC(32149) Pause Young (Allocation Failure) 227M->147M(263M) 2.613ms
[13316.028s][info][gc,cpu         ] GC(32149) User=0.00s Sys=0.00s Real=0.00s
[13316.468s][info][gc,start       ] GC(32150) Pause Young (Allocation Failure)
[13316.470s][info][gc,heap        ] GC(32150) PSYoungGen: 83904K(84480K)->608K(84480K) Eden: 82432K(82432K)->0K(81920K) From: 1472K(2048K)->608K(2560K)
[13316.470s][info][gc,heap        ] GC(32150) ParOldGen: 149909K(184832K)->149981K(184832K)
[13316.470s][info][gc,metaspace   ] GC(32150) Metaspace: 62146K(62464K)->62146K(62464K) NonClass: 56614K(56832K)->56614K(56832K) Class: 5532K(5632K)->5532K(5632K)
[13316.470s][info][gc             ] GC(32150) Pause Young (Allocation Failure) 228M->147M(263M) 1.903ms
[13316.470s][info][gc,cpu         ] GC(32150) User=0.00s Sys=0.00s Real=0.00s
[13316.916s][info][gc,start       ] GC(32151) Pause Young (Allocation Failure)
[13316.918s][info][gc,heap        ] GC(32151) PSYoungGen: 82528K(84480K)->1312K(84480K) Eden: 81920K(81920K)->0K(81920K) From: 608K(2560K)->1312K(2560K)
[13316.918s][info][gc,heap        ] GC(32151) ParOldGen: 149981K(184832K)->150053K(184832K)
[13316.918s][info][gc,metaspace   ] GC(32151) Metaspace: 62146K(62464K)->62146K(62464K) NonClass: 56614K(56832K)->56614K(56832K) Class: 5532K(5632K)->5532K(5632K)
[13316.918s][info][gc             ] GC(32151) Pause Young (Allocation Failure) 227M->147M(263M) 2.601ms
[13316.918s][info][gc,cpu         ] GC(32151) User=0.01s Sys=0.00s Real=0.00s
[13317.408s][info][gc,start       ] GC(32152) Pause Young (Allocation Failure)
[13317.411s][info][gc,heap        ] GC(32152) PSYoungGen: 83232K(84480K)->1248K(84992K) Eden: 81920K(81920K)->0K(82432K) From: 1312K(2560K)->1248K(2560K)
[13317.411s][info][gc,heap        ] GC(32152) ParOldGen: 150053K(184832K)->150125K(184832K)
[13317.411s][info][gc,metaspace   ] GC(32152) Metaspace: 62146K(62464K)->62146K(62464K) NonClass: 56614K(56832K)->56614K(56832K) Class: 5532K(5632K)->5532K(5632K)
[13317.411s][info][gc             ] GC(32152) Pause Young (Allocation Failure) 227M->147M(263M) 2.551ms
[13317.411s][info][gc,cpu         ] GC(32152) User=0.01s Sys=0.00s Real=0.00s
[13317.860s][info][gc,start       ] GC(32153) Pause Young (Allocation Failure)
[13317.861s][info][gc,heap        ] GC(32153) PSYoungGen: 83680K(84992K)->480K(84480K) Eden: 82432K(82432K)->0K(82432K) From: 1248K(2560K)->480K(2048K)
[13317.861s][info][gc,heap        ] GC(32153) ParOldGen: 150125K(184832K)->150245K(184832K)
[13317.861s][info][gc,metaspace   ] GC(32153) Metaspace: 62146K(62464K)->62146K(62464K) NonClass: 56614K(56832K)->56614K(56832K) Class: 5532K(5632K)->5532K(5632K)
[13317.861s][info][gc             ] GC(32153) Pause Young (Allocation Failure) 228M->147M(263M) 1.864ms
[13317.861s][info][gc,cpu         ] GC(32153) User=0.00s Sys=0.00s Real=0.01s
[13318.308s][info][gc,start       ] GC(32154) Pause Young (Allocation Failure)
[13318.311s][info][gc,heap        ] GC(32154) PSYoungGen: 82912K(84480K)->1184K(84992K) Eden: 82432K(82432K)->0K(82944K) From: 480K(2048K)->1184K(2048K)
[13318.311s][info][gc,heap        ] GC(32154) ParOldGen: 150245K(184832K)->150317K(184832K)
[13318.311s][info][gc,metaspace   ] GC(32154) Metaspace: 62146K(62464K)->62146K(62464K) NonClass: 56614K(56832K)->56614K(56832K) Class: 5532K(5632K)->5532K(5632K)
[13318.311s][info][gc             ] GC(32154) Pause Young (Allocation Failure) 227M->147M(263M) 2.484ms
[13318.311s][info][gc,cpu         ] GC(32154) User=0.00s Sys=0.00s Real=0.00s
[13318.776s][info][gc,start       ] GC(32155) Pause Young (Allocation Failure)
[13318.778s][info][gc,heap        ] GC(32155) PSYoungGen: 84128K(84992K)->704K(84992K) Eden: 82944K(82944K)->0K(82944K) From: 1184K(2048K)->704K(2048K)
[13318.778s][info][gc,heap        ] GC(32155) ParOldGen: 150317K(184832K)->150389K(184832K)
[13318.778s][info][gc,metaspace   ] GC(32155) Metaspace: 62146K(62464K)->62146K(62464K) NonClass: 56614K(56832K)->56614K(56832K) Class: 5532K(5632K)->5532K(5632K)
[13318.778s][info][gc             ] GC(32155) Pause Young (Allocation Failure) 228M->147M(263M) 2.061ms
[13318.778s][info][gc,cpu         ] GC(32155) User=0.00s Sys=0.00s Real=0.00s
[13319.234s][info][gc,start       ] GC(32156) Pause Young (Allocation Failure)
[13319.237s][info][gc,heap        ] GC(32156) PSYoungGen: 83648K(84992K)->1632K(83968K) Eden: 82944K(82944K)->0K(81920K) From: 704K(2048K)->1632K(2048K)
[13319.237s][info][gc,heap        ] GC(32156) ParOldGen: 150389K(184832K)->150453K(184832K)
[13319.237s][info][gc,metaspace   ] GC(32156) Metaspace: 62146K(62464K)->62146K(62464K) NonClass: 56614K(56832K)->56614K(56832K) Class: 5532K(5632K)->5532K(5632K)
[13319.237s][info][gc             ] GC(32156) Pause Young (Allocation Failure) 228M->148M(262M) 2.775ms
[13319.237s][info][gc,cpu         ] GC(32156) User=0.01s Sys=0.00s Real=0.00s
[13319.679s][info][gc,start       ] GC(32157) Pause Young (Allocation Failure)
[13319.681s][info][gc,heap        ] GC(32157) PSYoungGen: 83552K(83968K)->768K(84480K) Eden: 81920K(81920K)->0K(81920K) From: 1632K(2048K)->768K(2560K)
[13319.681s][info][gc,heap        ] GC(32157) ParOldGen: 150453K(184832K)->150525K(184832K)
[13319.681s][info][gc,metaspace   ] GC(32157) Metaspace: 62146K(62464K)->62146K(62464K) NonClass: 56614K(56832K)->56614K(56832K) Class: 5532K(5632K)->5532K(5632K)
[13319.681s][info][gc             ] GC(32157) Pause Young (Allocation Failure) 228M->147M(263M) 2.106ms
[13319.681s][info][gc,cpu         ] GC(32157) User=0.00s Sys=0.00s Real=0.00s
[13320.089s][info][gc,start       ] GC(32158) Pause Young (Allocation Failure)
[13320.091s][info][gc,heap        ] GC(32158) PSYoungGen: 82688K(84480K)->960K(84992K) Eden: 81920K(81920K)->0K(82944K) From: 768K(2560K)->960K(2048K)
[13320.091s][info][gc,heap        ] GC(32158) ParOldGen: 150525K(184832K)->150589K(184832K)
[13320.091s][info][gc,metaspace   ] GC(32158) Metaspace: 62146K(62464K)->62146K(62464K) NonClass: 56614K(56832K)->56614K(56832K) Class: 5532K(5632K)->5532K(5632K)
[13320.091s][info][gc             ] GC(32158) Pause Young (Allocation Failure) 227M->147M(263M) 2.191ms
[13320.091s][info][gc,cpu         ] GC(32158) User=0.01s Sys=0.00s Real=0.01s
[13320.532s][info][gc,start       ] GC(32159) Pause Young (Allocation Failure)
[13320.535s][info][gc,heap        ] GC(32159) PSYoungGen: 83904K(84992K)->1600K(84992K) Eden: 82944K(82944K)->0K(82944K) From: 960K(2048K)->1600K(2048K)
[13320.535s][info][gc,heap        ] GC(32159) ParOldGen: 150589K(184832K)->152709K(184832K)
[13320.535s][info][gc,metaspace   ] GC(32159) Metaspace: 62146K(62464K)->62146K(62464K) NonClass: 56614K(56832K)->56614K(56832K) Class: 5532K(5632K)->5532K(5632K)
[13320.535s][info][gc             ] GC(32159) Pause Young (Allocation Failure) 228M->150M(263M) 3.089ms
[13320.535s][info][gc,cpu         ] GC(32159) User=0.00s Sys=0.00s Real=0.00s
[13320.987s][info][gc,start       ] GC(32160) Pause Young (Allocation Failure)
[13320.989s][info][gc,heap        ] GC(32160) PSYoungGen: 84544K(84992K)->896K(84992K) Eden: 82944K(82944K)->0K(82944K) From: 1600K(2048K)->896K(2048K)
[13320.989s][info][gc,heap        ] GC(32160) ParOldGen: 152709K(184832K)->152781K(184832K)
[13320.989s][info][gc,metaspace   ] GC(32160) Metaspace: 62146K(62464K)->62146K(62464K) NonClass: 56614K(56832K)->56614K(56832K) Class: 5532K(5632K)->5532K(5632K)
[13320.989s][info][gc             ] GC(32160) Pause Young (Allocation Failure) 231M->150M(263M) 2.233ms
[13320.989s][info][gc,cpu         ] GC(32160) User=0.01s Sys=0.00s Real=0.00s
[13321.432s][info][gc,start       ] GC(32161) Pause Young (Allocation Failure)
[13321.435s][info][gc,heap        ] GC(32161) PSYoungGen: 83840K(84992K)->1536K(84480K) Eden: 82944K(82944K)->0K(82944K) From: 896K(2048K)->1536K(1536K)
[13321.435s][info][gc,heap        ] GC(32161) ParOldGen: 152781K(184832K)->152845K(184832K)
[13321.435s][info][gc,metaspace   ] GC(32161) Metaspace: 62146K(62464K)->62146K(62464K) NonClass: 56614K(56832K)->56614K(56832K) Class: 5532K(5632K)->5532K(5632K)
[13321.435s][info][gc             ] GC(32161) Pause Young (Allocation Failure) 231M->150M(263M) 2.680ms
[13321.435s][info][gc,cpu         ] GC(32161) User=0.01s Sys=0.00s Real=0.00s
[13321.841s][info][gc,start       ] GC(32162) Pause Young (Allocation Failure)
[13321.842s][info][gc,heap        ] GC(32162) PSYoungGen: 84480K(84480K)->224K(84480K) Eden: 82944K(82944K)->0K(81920K) From: 1536K(1536K)->224K(2560K)
[13321.842s][info][gc,heap        ] GC(32162) ParOldGen: 152845K(184832K)->152917K(184832K)
[13321.842s][info][gc,metaspace   ] GC(32162) Metaspace: 62146K(62464K)->62146K(62464K) NonClass: 56614K(56832K)->56614K(56832K) Class: 5532K(5632K)->5532K(5632K)
[13321.842s][info][gc             ] GC(32162) Pause Young (Allocation Failure) 231M->149M(263M) 1.510ms
[13321.842s][info][gc,cpu         ] GC(32162) User=0.00s Sys=0.00s Real=0.01s
[13322.229s][info][gc,start       ] GC(32163) Pause Young (Allocation Failure)
[13322.232s][info][gc,heap        ] GC(32163) PSYoungGen: 82144K(84480K)->1728K(84480K) Eden: 81920K(81920K)->0K(81920K) From: 224K(2560K)->1728K(2560K)
[13322.232s][info][gc,heap        ] GC(32163) ParOldGen: 152917K(184832K)->152989K(184832K)
[13322.232s][info][gc,metaspace   ] GC(32163) Metaspace: 62146K(62464K)->62146K(62464K) NonClass: 56614K(56832K)->56614K(56832K) Class: 5532K(5632K)->5532K(5632K)
[13322.232s][info][gc             ] GC(32163) Pause Young (Allocation Failure) 229M->151M(263M) 2.901ms
[13322.232s][info][gc,cpu         ] GC(32163) User=0.00s Sys=0.00s Real=0.01s
[13322.663s][info][gc,start       ] GC(32164) Pause Young (Allocation Failure)
[13322.665s][info][gc,heap        ] GC(32164) PSYoungGen: 83648K(84480K)->544K(84480K) Eden: 81920K(81920K)->0K(81920K) From: 1728K(2560K)->544K(2560K)
[13322.665s][info][gc,heap        ] GC(32164) ParOldGen: 152989K(184832K)->153061K(184832K)
[13322.665s][info][gc,metaspace   ] GC(32164) Metaspace: 62146K(62464K)->62146K(62464K) NonClass: 56614K(56832K)->56614K(56832K) Class: 5532K(5632K)->5532K(5632K)
[13322.665s][info][gc             ] GC(32164) Pause Young (Allocation Failure) 231M->150M(263M) 1.917ms
[13322.665s][info][gc,cpu         ] GC(32164) User=0.01s Sys=0.00s Real=0.00s
[13323.090s][info][gc,start       ] GC(32165) Pause Young (Allocation Failure)
[13323.093s][info][gc,heap        ] GC(32165) PSYoungGen: 82464K(84480K)->1056K(84480K) Eden: 81920K(81920K)->0K(81920K) From: 544K(2560K)->1056K(2560K)
[13323.093s][info][gc,heap        ] GC(32165) ParOldGen: 153061K(184832K)->153133K(184832K)
[13323.093s][info][gc,metaspace   ] GC(32165) Metaspace: 62146K(62464K)->62146K(62464K) NonClass: 56614K(56832K)->56614K(56832K) Class: 5532K(5632K)->5532K(5632K)
[13323.093s][info][gc             ] GC(32165) Pause Young (Allocation Failure) 230M->150M(263M) 2.356ms
[13323.093s][info][gc,cpu         ] GC(32165) User=0.01s Sys=0.00s Real=0.01s
[13323.476s][info][gc,start       ] GC(32166) Pause Young (Allocation Failure)
[13323.478s][info][gc,heap        ] GC(32166) PSYoungGen: 82976K(84480K)->864K(84480K) Eden: 81920K(81920K)->0K(81920K) From: 1056K(2560K)->864K(2560K)
[13323.478s][info][gc,heap        ] GC(32166) ParOldGen: 153133K(184832K)->153205K(184832K)
[13323.478s][info][gc,metaspace   ] GC(32166) Metaspace: 62146K(62464K)->62146K(62464K) NonClass: 56614K(56832K)->56614K(56832K) Class: 5532K(5632K)->5532K(5632K)
[13323.478s][info][gc             ] GC(32166) Pause Young (Allocation Failure) 230M->150M(263M) 2.166ms
[13323.478s][info][gc,cpu         ] GC(32166) User=0.00s Sys=0.00s Real=0.00s
[13323.914s][info][gc,start       ] GC(32167) Pause Young (Allocation Failure)
[13323.916s][info][gc,heap        ] GC(32167) PSYoungGen: 82784K(84480K)->1312K(84480K) Eden: 81920K(81920K)->0K(81920K) From: 864K(2560K)->1312K(2560K)
[13323.916s][info][gc,heap        ] GC(32167) ParOldGen: 153205K(184832K)->153269K(184832K)
[13323.916s][info][gc,metaspace   ] GC(32167) Metaspace: 62146K(62464K)->62146K(62464K) NonClass: 56614K(56832K)->56614K(56832K) Class: 5532K(5632K)->5532K(5632K)
[13323.917s][info][gc             ] GC(32167) Pause Young (Allocation Failure) 230M->150M(263M) 2.420ms
[13323.917s][info][gc,cpu         ] GC(32167) User=0.00s Sys=0.00s Real=0.00s
[13324.350s][info][gc,start       ] GC(32168) Pause Young (Allocation Failure)
[13324.351s][info][gc,heap        ] GC(32168) PSYoungGen: 83231K(84480K)->352K(84480K) Eden: 81919K(81920K)->0K(81920K) From: 1312K(2560K)->352K(2560K)
[13324.351s][info][gc,heap        ] GC(32168) ParOldGen: 153269K(184832K)->153333K(184832K)
[13324.351s][info][gc,metaspace   ] GC(32168) Metaspace: 62146K(62464K)->62146K(62464K) NonClass: 56614K(56832K)->56614K(56832K) Class: 5532K(5632K)->5532K(5632K)
[13324.351s][info][gc             ] GC(32168) Pause Young (Allocation Failure) 230M->150M(263M) 1.717ms
[13324.351s][info][gc,cpu         ] GC(32168) User=0.01s Sys=0.00s Real=0.01s
[13324.780s][info][gc,start       ] GC(32169) Pause Young (Allocation Failure)
[13324.782s][info][gc,heap        ] GC(32169) PSYoungGen: 82272K(84480K)->768K(84480K) Eden: 81920K(81920K)->0K(81920K) From: 352K(2560K)->768K(2560K)
[13324.782s][info][gc,heap        ] GC(32169) ParOldGen: 153333K(184832K)->153405K(184832K)
[13324.782s][info][gc,metaspace   ] GC(32169) Metaspace: 62146K(62464K)->62146K(62464K) NonClass: 56614K(56832K)->56614K(56832K) Class: 5532K(5632K)->5532K(5632K)
[13324.782s][info][gc             ] GC(32169) Pause Young (Allocation Failure) 230M->150M(263M) 2.041ms
[13324.782s][info][gc,cpu         ] GC(32169) User=0.00s Sys=0.00s Real=0.01s
[13325.262s][info][gc,start       ] GC(32170) Pause Young (Allocation Failure)
[13325.265s][info][gc,heap        ] GC(32170) PSYoungGen: 82688K(84480K)->1600K(83968K) Eden: 81920K(81920K)->0K(81920K) From: 768K(2560K)->1600K(2048K)
[13325.265s][info][gc,heap        ] GC(32170) ParOldGen: 153405K(184832K)->154493K(184832K)
[13325.265s][info][gc,metaspace   ] GC(32170) Metaspace: 62146K(62464K)->62146K(62464K) NonClass: 56614K(56832K)->56614K(56832K) Class: 5532K(5632K)->5532K(5632K)
[13325.265s][info][gc             ] GC(32170) Pause Young (Allocation Failure) 230M->152M(262M) 2.114ms
[13325.265s][info][gc,cpu         ] GC(32170) User=0.01s Sys=0.00s Real=0.00s
[13325.683s][info][gc,start       ] GC(32171) Pause Young (Allocation Failure)
[13325.686s][info][gc,heap        ] GC(32171) PSYoungGen: 83520K(83968K)->928K(84480K) Eden: 81920K(81920K)->0K(81920K) From: 1600K(2048K)->928K(2560K)
[13325.686s][info][gc,heap        ] GC(32171) ParOldGen: 154493K(184832K)->156661K(184832K)
[13325.686s][info][gc,metaspace   ] GC(32171) Metaspace: 62146K(62464K)->62146K(62464K) NonClass: 56614K(56832K)->56614K(56832K) Class: 5532K(5632K)->5532K(5632K)
[13325.686s][info][gc             ] GC(32171) Pause Young (Allocation Failure) 232M->153M(263M) 2.577ms
[13325.686s][info][gc,cpu         ] GC(32171) User=0.01s Sys=0.00s Real=0.00s
[13326.091s][info][gc,start       ] GC(32172) Pause Young (Allocation Failure)
[13326.093s][info][gc,heap        ] GC(32172) PSYoungGen: 82848K(84480K)->1088K(84992K) Eden: 81920K(81920K)->0K(82432K) From: 928K(2560K)->1088K(2560K)
[13326.093s][info][gc,heap        ] GC(32172) ParOldGen: 156661K(184832K)->156733K(184832K)
[13326.093s][info][gc,metaspace   ] GC(32172) Metaspace: 62146K(62464K)->62146K(62464K) NonClass: 56614K(56832K)->56614K(56832K) Class: 5532K(5632K)->5532K(5632K)
[13326.093s][info][gc             ] GC(32172) Pause Young (Allocation Failure) 233M->154M(263M) 2.143ms
[13326.093s][info][gc,cpu         ] GC(32172) User=0.00s Sys=0.00s Real=0.00s
[13326.476s][info][gc,start       ] GC(32173) Pause Young (Allocation Failure)
[13326.478s][info][gc,heap        ] GC(32173) PSYoungGen: 83520K(84992K)->800K(84480K) Eden: 82432K(82432K)->0K(82432K) From: 1088K(2560K)->800K(2048K)
[13326.478s][info][gc,heap        ] GC(32173) ParOldGen: 156733K(184832K)->156805K(184832K)
[13326.478s][info][gc,metaspace   ] GC(32173) Metaspace: 62146K(62464K)->62146K(62464K) NonClass: 56614K(56832K)->56614K(56832K) Class: 5532K(5632K)->5532K(5632K)
[13326.478s][info][gc             ] GC(32173) Pause Young (Allocation Failure) 234M->153M(263M) 2.078ms
[13326.478s][info][gc,cpu         ] GC(32173) User=0.00s Sys=0.00s Real=0.00s
[13326.866s][info][gc,start       ] GC(32174) Pause Young (Allocation Failure)
[13326.868s][info][gc,heap        ] GC(32174) PSYoungGen: 83232K(84480K)->608K(84992K) Eden: 82432K(82432K)->0K(82944K) From: 800K(2048K)->608K(2048K)
[13326.868s][info][gc,heap        ] GC(32174) ParOldGen: 156805K(184832K)->156877K(184832K)
[13326.868s][info][gc,metaspace   ] GC(32174) Metaspace: 62146K(62464K)->62146K(62464K) NonClass: 56614K(56832K)->56614K(56832K) Class: 5532K(5632K)->5532K(5632K)
[13326.868s][info][gc             ] GC(32174) Pause Young (Allocation Failure) 234M->153M(263M) 1.907ms
[13326.868s][info][gc,cpu         ] GC(32174) User=0.00s Sys=0.00s Real=0.00s
[13327.266s][info][gc,start       ] GC(32175) Pause Young (Allocation Failure)
[13327.268s][info][gc,heap        ] GC(32175) PSYoungGen: 83552K(84992K)->704K(84992K) Eden: 82944K(82944K)->0K(82944K) From: 608K(2048K)->704K(2048K)
[13327.268s][info][gc,heap        ] GC(32175) ParOldGen: 156877K(184832K)->156949K(184832K)
[13327.268s][info][gc,metaspace   ] GC(32175) Metaspace: 62146K(62464K)->62146K(62464K) NonClass: 56614K(56832K)->56614K(56832K) Class: 5532K(5632K)->5532K(5632K)
[13327.269s][info][gc             ] GC(32175) Pause Young (Allocation Failure) 234M->153M(263M) 2.042ms
[13327.269s][info][gc,cpu         ] GC(32175) User=0.00s Sys=0.00s Real=0.00s
[13327.653s][info][gc,start       ] GC(32176) Pause Young (Allocation Failure)
[13327.655s][info][gc,heap        ] GC(32176) PSYoungGen: 83648K(84992K)->416K(84992K) Eden: 82944K(82944K)->0K(82944K) From: 704K(2048K)->416K(2048K)
[13327.655s][info][gc,heap        ] GC(32176) ParOldGen: 156949K(184832K)->157013K(184832K)
[13327.655s][info][gc,metaspace   ] GC(32176) Metaspace: 62146K(62464K)->62146K(62464K) NonClass: 56614K(56832K)->56614K(56832K) Class: 5532K(5632K)->5532K(5632K)
[13327.655s][info][gc             ] GC(32176) Pause Young (Allocation Failure) 234M->153M(263M) 1.649ms
[13327.655s][info][gc,cpu         ] GC(32176) User=0.01s Sys=0.00s Real=0.00s
[13328.040s][info][gc,start       ] GC(32177) Pause Young (Allocation Failure)
[13328.041s][info][gc,heap        ] GC(32177) PSYoungGen: 83360K(84992K)->224K(84992K) Eden: 82944K(82944K)->0K(82944K) From: 416K(2048K)->224K(2048K)
[13328.041s][info][gc,heap        ] GC(32177) ParOldGen: 157013K(184832K)->157077K(184832K)
[13328.041s][info][gc,metaspace   ] GC(32177) Metaspace: 62146K(62464K)->62146K(62464K) NonClass: 56614K(56832K)->56614K(56832K) Class: 5532K(5632K)->5532K(5632K)
[13328.041s][info][gc             ] GC(32177) Pause Young (Allocation Failure) 234M->153M(263M) 1.516ms
[13328.041s][info][gc,cpu         ] GC(32177) User=0.00s Sys=0.00s Real=0.01s
[13328.444s][info][gc,start       ] GC(32178) Pause Young (Allocation Failure)
[13328.446s][info][gc,heap        ] GC(32178) PSYoungGen: 83168K(84992K)->288K(84992K) Eden: 82944K(82944K)->0K(82944K) From: 224K(2048K)->288K(2048K)
[13328.446s][info][gc,heap        ] GC(32178) ParOldGen: 157077K(184832K)->157141K(184832K)
[13328.446s][info][gc,metaspace   ] GC(32178) Metaspace: 62146K(62464K)->62146K(62464K) NonClass: 56614K(56832K)->56614K(56832K) Class: 5532K(5632K)->5532K(5632K)
[13328.446s][info][gc             ] GC(32178) Pause Young (Allocation Failure) 234M->153M(263M) 1.744ms
[13328.446s][info][gc,cpu         ] GC(32178) User=0.00s Sys=0.00s Real=0.00s
[13328.894s][info][gc,start       ] GC(32179) Pause Young (Allocation Failure)
[13328.897s][info][gc,heap        ] GC(32179) PSYoungGen: 83232K(84992K)->928K(84992K) Eden: 82944K(82944K)->0K(82944K) From: 288K(2048K)->928K(2048K)
[13328.897s][info][gc,heap        ] GC(32179) ParOldGen: 157141K(184832K)->157205K(184832K)
[13328.897s][info][gc,metaspace   ] GC(32179) Metaspace: 62146K(62464K)->62146K(62464K) NonClass: 56614K(56832K)->56614K(56832K) Class: 5532K(5632K)->5532K(5632K)
[13328.897s][info][gc             ] GC(32179) Pause Young (Allocation Failure) 234M->154M(263M) 2.178ms
[13328.897s][info][gc,cpu         ] GC(32179) User=0.01s Sys=0.00s Real=0.00s
[13329.343s][info][gc,start       ] GC(32180) Pause Young (Allocation Failure)
[13329.345s][info][gc,heap        ] GC(32180) PSYoungGen: 83872K(84992K)->256K(84992K) Eden: 82944K(82944K)->0K(82944K) From: 928K(2048K)->256K(2048K)
[13329.345s][info][gc,heap        ] GC(32180) ParOldGen: 157205K(184832K)->157269K(184832K)
[13329.345s][info][gc,metaspace   ] GC(32180) Metaspace: 62146K(62464K)->62146K(62464K) NonClass: 56614K(56832K)->56614K(56832K) Class: 5532K(5632K)->5532K(5632K)
[13329.345s][info][gc             ] GC(32180) Pause Young (Allocation Failure) 235M->153M(263M) 1.597ms
[13329.345s][info][gc,cpu         ] GC(32180) User=0.00s Sys=0.00s Real=0.00s
[13329.725s][info][gc,start       ] GC(32181) Pause Young (Allocation Failure)
[13329.728s][info][gc,heap        ] GC(32181) PSYoungGen: 82759K(84992K)->1632K(84992K) Eden: 82503K(82944K)->0K(82944K) From: 256K(2048K)->1632K(2048K)
[13329.728s][info][gc,heap        ] GC(32181) ParOldGen: 157269K(184832K)->159389K(184832K)
[13329.728s][info][gc,metaspace   ] GC(32181) Metaspace: 62146K(62464K)->62146K(62464K) NonClass: 56614K(56832K)->56614K(56832K) Class: 5532K(5632K)->5532K(5632K)
[13329.728s][info][gc             ] GC(32181) Pause Young (Allocation Failure) 234M->157M(263M) 2.994ms
[13329.728s][info][gc,cpu         ] GC(32181) User=0.00s Sys=0.00s Real=0.00s
[13330.155s][info][gc,start       ] GC(32182) Pause Young (Allocation Failure)
[13330.157s][info][gc,heap        ] GC(32182) PSYoungGen: 84576K(84992K)->1440K(83968K) Eden: 82944K(82944K)->0K(81920K) From: 1632K(2048K)->1440K(2048K)
[13330.157s][info][gc,heap        ] GC(32182) ParOldGen: 159389K(184832K)->159461K(184832K)
[13330.157s][info][gc,metaspace   ] GC(32182) Metaspace: 62146K(62464K)->62146K(62464K) NonClass: 56614K(56832K)->56614K(56832K) Class: 5532K(5632K)->5532K(5632K)
[13330.157s][info][gc             ] GC(32182) Pause Young (Allocation Failure) 238M->157M(262M) 1.913ms
[13330.157s][info][gc,cpu         ] GC(32182) User=0.00s Sys=0.00s Real=0.00s
[13330.616s][info][gc,start       ] GC(32183) Pause Young (Allocation Failure)
[13330.618s][info][gc,heap        ] GC(32183) PSYoungGen: 83360K(83968K)->1312K(84480K) Eden: 81920K(81920K)->0K(81920K) From: 1440K(2048K)->1312K(2560K)
[13330.618s][info][gc,heap        ] GC(32183) ParOldGen: 159461K(184832K)->160557K(184832K)
[13330.618s][info][gc,metaspace   ] GC(32183) Metaspace: 62146K(62464K)->62146K(62464K) NonClass: 56614K(56832K)->56614K(56832K) Class: 5532K(5632K)->5532K(5632K)
[13330.618s][info][gc             ] GC(32183) Pause Young (Allocation Failure) 237M->158M(263M) 2.547ms
[13330.618s][info][gc,cpu         ] GC(32183) User=0.01s Sys=0.00s Real=0.00s
[13331.023s][info][gc,start       ] GC(32184) Pause Young (Allocation Failure)
[13331.026s][info][gc,heap        ] GC(32184) PSYoungGen: 83232K(84480K)->1568K(84480K) Eden: 81920K(81920K)->0K(81920K) From: 1312K(2560K)->1568K(2560K)
[13331.026s][info][gc,heap        ] GC(32184) ParOldGen: 160557K(184832K)->160621K(184832K)
[13331.026s][info][gc,metaspace   ] GC(32184) Metaspace: 62146K(62464K)->62146K(62464K) NonClass: 56614K(56832K)->56614K(56832K) Class: 5532K(5632K)->5532K(5632K)
[13331.026s][info][gc             ] GC(32184) Pause Young (Allocation Failure) 238M->158M(263M) 2.823ms
[13331.026s][info][gc,cpu         ] GC(32184) User=0.01s Sys=0.00s Real=0.00s
[13331.416s][info][gc,start       ] GC(32185) Pause Young (Allocation Failure)
[13331.419s][info][gc,heap        ] GC(32185) PSYoungGen: 83488K(84480K)->1504K(84480K) Eden: 81920K(81920K)->0K(81920K) From: 1568K(2560K)->1504K(2560K)
[13331.419s][info][gc,heap        ] GC(32185) ParOldGen: 160621K(184832K)->160693K(184832K)
[13331.419s][info][gc,metaspace   ] GC(32185) Metaspace: 62146K(62464K)->62146K(62464K) NonClass: 56614K(56832K)->56614K(56832K) Class: 5532K(5632K)->5532K(5632K)
[13331.419s][info][gc             ] GC(32185) Pause Young (Allocation Failure) 238M->158M(263M) 2.743ms
[13331.419s][info][gc,cpu         ] GC(32185) User=0.01s Sys=0.00s Real=0.00s
[13331.824s][info][gc,start       ] GC(32186) Pause Young (Allocation Failure)
[13331.827s][info][gc,heap        ] GC(32186) PSYoungGen: 83424K(84480K)->1568K(84480K) Eden: 81920K(81920K)->0K(81920K) From: 1504K(2560K)->1568K(2560K)
[13331.827s][info][gc,heap        ] GC(32186) ParOldGen: 160693K(184832K)->160757K(184832K)
[13331.827s][info][gc,metaspace   ] GC(32186) Metaspace: 62146K(62464K)->62146K(62464K) NonClass: 56614K(56832K)->56614K(56832K) Class: 5532K(5632K)->5532K(5632K)
[13331.827s][info][gc             ] GC(32186) Pause Young (Allocation Failure) 238M->158M(263M) 2.773ms
[13331.827s][info][gc,cpu         ] GC(32186) User=0.01s Sys=0.00s Real=0.00s
[13332.227s][info][gc,start       ] GC(32187) Pause Young (Allocation Failure)
[13332.230s][info][gc,heap        ] GC(32187) PSYoungGen: 83488K(84480K)->1632K(84480K) Eden: 81920K(81920K)->0K(81920K) From: 1568K(2560K)->1632K(2560K)
[13332.230s][info][gc,heap        ] GC(32187) ParOldGen: 160757K(184832K)->160821K(184832K)
[13332.230s][info][gc,metaspace   ] GC(32187) Metaspace: 62146K(62464K)->62146K(62464K) NonClass: 56614K(56832K)->56614K(56832K) Class: 5532K(5632K)->5532K(5632K)
[13332.230s][info][gc             ] GC(32187) Pause Young (Allocation Failure) 238M->158M(263M) 2.867ms
[13332.230s][info][gc,cpu         ] GC(32187) User=0.01s Sys=0.00s Real=0.00s
[13332.717s][info][gc,start       ] GC(32188) Pause Young (Allocation Failure)
[13332.719s][info][gc,heap        ] GC(32188) PSYoungGen: 83552K(84480K)->1392K(84480K) Eden: 81920K(81920K)->0K(81920K) From: 1632K(2560K)->1392K(2560K)
[13332.719s][info][gc,heap        ] GC(32188) ParOldGen: 160821K(184832K)->160885K(184832K)
[13332.719s][info][gc,metaspace   ] GC(32188) Metaspace: 62146K(62464K)->62146K(62464K) NonClass: 56614K(56832K)->56614K(56832K) Class: 5532K(5632K)->5532K(5632K)
[13332.719s][info][gc             ] GC(32188) Pause Young (Allocation Failure) 238M->158M(263M) 2.612ms
[13332.719s][info][gc,cpu         ] GC(32188) User=0.01s Sys=0.00s Real=0.00s
[13333.145s][info][gc,start       ] GC(32189) Pause Young (Allocation Failure)
[13333.147s][info][gc,heap        ] GC(32189) PSYoungGen: 83312K(84480K)->288K(84480K) Eden: 81920K(81920K)->0K(81920K) From: 1392K(2560K)->288K(2560K)
[13333.147s][info][gc,heap        ] GC(32189) ParOldGen: 160885K(184832K)->161005K(184832K)
[13333.147s][info][gc,metaspace   ] GC(32189) Metaspace: 62146K(62464K)->62146K(62464K) NonClass: 56614K(56832K)->56614K(56832K) Class: 5532K(5632K)->5532K(5632K)
[13333.147s][info][gc             ] GC(32189) Pause Young (Allocation Failure) 238M->157M(263M) 1.615ms
[13333.147s][info][gc,cpu         ] GC(32189) User=0.00s Sys=0.00s Real=0.00s
[13333.592s][info][gc,start       ] GC(32190) Pause Young (Allocation Failure)
[13333.594s][info][gc,heap        ] GC(32190) PSYoungGen: 82208K(84480K)->928K(84480K) Eden: 81920K(81920K)->0K(81920K) From: 288K(2560K)->928K(2560K)
[13333.594s][info][gc,heap        ] GC(32190) ParOldGen: 161005K(184832K)->161069K(184832K)
[13333.594s][info][gc,metaspace   ] GC(32190) Metaspace: 62146K(62464K)->62146K(62464K) NonClass: 56614K(56832K)->56614K(56832K) Class: 5532K(5632K)->5532K(5632K)
[13333.594s][info][gc             ] GC(32190) Pause Young (Allocation Failure) 237M->158M(263M) 2.286ms
[13333.594s][info][gc,cpu         ] GC(32190) User=0.01s Sys=0.00s Real=0.00s
[13334.003s][info][gc,start       ] GC(32191) Pause Young (Allocation Failure)
[13334.005s][info][gc,heap        ] GC(32191) PSYoungGen: 82848K(84480K)->1280K(84480K) Eden: 81920K(81920K)->0K(81920K) From: 928K(2560K)->1280K(2560K)
[13334.005s][info][gc,heap        ] GC(32191) ParOldGen: 161069K(184832K)->161141K(184832K)
[13334.005s][info][gc,metaspace   ] GC(32191) Metaspace: 62146K(62464K)->62146K(62464K) NonClass: 56614K(56832K)->56614K(56832K) Class: 5532K(5632K)->5532K(5632K)
[13334.005s][info][gc             ] GC(32191) Pause Young (Allocation Failure) 238M->158M(263M) 2.437ms
[13334.005s][info][gc,cpu         ] GC(32191) User=0.01s Sys=0.00s Real=0.00s
[13334.398s][info][gc,start       ] GC(32192) Pause Young (Allocation Failure)
[13334.401s][info][gc,heap        ] GC(32192) PSYoungGen: 83200K(84480K)->1152K(84480K) Eden: 81920K(81920K)->0K(81920K) From: 1280K(2560K)->1152K(2560K)
[13334.401s][info][gc,heap        ] GC(32192) ParOldGen: 161141K(184832K)->161205K(184832K)
[13334.401s][info][gc,metaspace   ] GC(32192) Metaspace: 62146K(62464K)->62146K(62464K) NonClass: 56614K(56832K)->56614K(56832K) Class: 5532K(5632K)->5532K(5632K)
[13334.401s][info][gc             ] GC(32192) Pause Young (Allocation Failure) 238M->158M(263M) 2.338ms
[13334.401s][info][gc,cpu         ] GC(32192) User=0.00s Sys=0.00s Real=0.00s
[13334.833s][info][gc,start       ] GC(32193) Pause Young (Allocation Failure)
[13334.836s][info][gc,heap        ] GC(32193) PSYoungGen: 83072K(84480K)->1568K(84480K) Eden: 81920K(81920K)->0K(81920K) From: 1152K(2560K)->1568K(2560K)
[13334.836s][info][gc,heap        ] GC(32193) ParOldGen: 161205K(184832K)->161277K(184832K)
[13334.836s][info][gc,metaspace   ] GC(32193) Metaspace: 62146K(62464K)->62146K(62464K) NonClass: 56614K(56832K)->56614K(56832K) Class: 5532K(5632K)->5532K(5632K)
[13334.836s][info][gc             ] GC(32193) Pause Young (Allocation Failure) 238M->159M(263M) 2.753ms
[13334.836s][info][gc,cpu         ] GC(32193) User=0.00s Sys=0.00s Real=0.00s
[13335.268s][info][gc,start       ] GC(32194) Pause Young (Allocation Failure)
[13335.270s][info][gc,heap        ] GC(32194) PSYoungGen: 83488K(84480K)->608K(84480K) Eden: 81920K(81920K)->0K(81920K) From: 1568K(2560K)->608K(2560K)
[13335.270s][info][gc,heap        ] GC(32194) ParOldGen: 161277K(184832K)->161341K(184832K)
[13335.270s][info][gc,metaspace   ] GC(32194) Metaspace: 62146K(62464K)->62146K(62464K) NonClass: 56614K(56832K)->56614K(56832K) Class: 5532K(5632K)->5532K(5632K)
[13335.270s][info][gc             ] GC(32194) Pause Young (Allocation Failure) 239M->158M(263M) 1.998ms
[13335.270s][info][gc,cpu         ] GC(32194) User=0.00s Sys=0.00s Real=0.00s
[13335.709s][info][gc,start       ] GC(32195) Pause Young (Allocation Failure)
[13335.712s][info][gc,heap        ] GC(32195) PSYoungGen: 82528K(84480K)->1216K(84480K) Eden: 81920K(81920K)->0K(81920K) From: 608K(2560K)->1216K(2560K)
[13335.712s][info][gc,heap        ] GC(32195) ParOldGen: 161341K(184832K)->161413K(184832K)
[13335.712s][info][gc,metaspace   ] GC(32195) Metaspace: 62146K(62464K)->62146K(62464K) NonClass: 56614K(56832K)->56614K(56832K) Class: 5532K(5632K)->5532K(5632K)
[13335.712s][info][gc             ] GC(32195) Pause Young (Allocation Failure) 238M->158M(263M) 2.335ms
[13335.712s][info][gc,cpu         ] GC(32195) User=0.01s Sys=0.00s Real=0.01s
[13336.128s][info][gc,start       ] GC(32196) Pause Young (Allocation Failure)
[13336.131s][info][gc,heap        ] GC(32196) PSYoungGen: 83136K(84480K)->1632K(84480K) Eden: 81920K(81920K)->0K(81920K) From: 1216K(2560K)->1632K(2560K)
[13336.131s][info][gc,heap        ] GC(32196) ParOldGen: 161413K(184832K)->161477K(184832K)
[13336.131s][info][gc,metaspace   ] GC(32196) Metaspace: 62146K(62464K)->62146K(62464K) NonClass: 56614K(56832K)->56614K(56832K) Class: 5532K(5632K)->5532K(5632K)
[13336.131s][info][gc             ] GC(32196) Pause Young (Allocation Failure) 238M->159M(263M) 2.844ms
[13336.131s][info][gc,cpu         ] GC(32196) User=0.00s Sys=0.00s Real=0.00s
[13336.536s][info][gc,start       ] GC(32197) Pause Young (Allocation Failure)
[13336.539s][info][gc,heap        ] GC(32197) PSYoungGen: 83552K(84480K)->1792K(84480K) Eden: 81920K(81920K)->0K(81920K) From: 1632K(2560K)->1792K(2560K)
[13336.539s][info][gc,heap        ] GC(32197) ParOldGen: 161477K(184832K)->161541K(184832K)
[13336.539s][info][gc,metaspace   ] GC(32197) Metaspace: 62146K(62464K)->62146K(62464K) NonClass: 56614K(56832K)->56614K(56832K) Class: 5532K(5632K)->5532K(5632K)
[13336.539s][info][gc             ] GC(32197) Pause Young (Allocation Failure) 239M->159M(263M) 2.880ms
[13336.539s][info][gc,cpu         ] GC(32197) User=0.01s Sys=0.00s Real=0.00s
[13336.965s][info][gc,start       ] GC(32198) Pause Young (Allocation Failure)
[13336.967s][info][gc,heap        ] GC(32198) PSYoungGen: 83712K(84480K)->576K(84480K) Eden: 81920K(81920K)->0K(81920K) From: 1792K(2560K)->576K(2560K)
[13336.967s][info][gc,heap        ] GC(32198) ParOldGen: 161541K(184832K)->161605K(184832K)
[13336.967s][info][gc,metaspace   ] GC(32198) Metaspace: 62146K(62464K)->62146K(62464K) NonClass: 56614K(56832K)->56614K(56832K) Class: 5532K(5632K)->5532K(5632K)
[13336.967s][info][gc             ] GC(32198) Pause Young (Allocation Failure) 239M->158M(263M) 1.975ms
[13336.967s][info][gc,cpu         ] GC(32198) User=0.00s Sys=0.00s Real=0.00s
[13337.398s][info][gc,start       ] GC(32199) Pause Young (Allocation Failure)
[13337.400s][info][gc,heap        ] GC(32199) PSYoungGen: 82496K(84480K)->1056K(84480K) Eden: 81920K(81920K)->0K(81920K) From: 576K(2560K)->1056K(2560K)
[13337.400s][info][gc,heap        ] GC(32199) ParOldGen: 161605K(184832K)->161677K(184832K)
[13337.400s][info][gc,metaspace   ] GC(32199) Metaspace: 62146K(62464K)->62146K(62464K) NonClass: 56614K(56832K)->56614K(56832K) Class: 5532K(5632K)->5532K(5632K)
[13337.400s][info][gc             ] GC(32199) Pause Young (Allocation Failure) 238M->158M(263M) 2.627ms
[13337.400s][info][gc,cpu         ] GC(32199) User=0.01s Sys=0.00s Real=0.00s
[13337.831s][info][gc,start       ] GC(32200) Pause Young (Allocation Failure)
[13337.833s][info][gc,heap        ] GC(32200) PSYoungGen: 82976K(84480K)->1568K(84480K) Eden: 81920K(81920K)->0K(81920K) From: 1056K(2560K)->1568K(2560K)
[13337.833s][info][gc,heap        ] GC(32200) ParOldGen: 161677K(184832K)->161749K(184832K)
[13337.833s][info][gc,metaspace   ] GC(32200) Metaspace: 62146K(62464K)->62146K(62464K) NonClass: 56614K(56832K)->56614K(56832K) Class: 5532K(5632K)->5532K(5632K)
[13337.834s][info][gc             ] GC(32200) Pause Young (Allocation Failure) 238M->159M(263M) 2.613ms
[13337.834s][info][gc,cpu         ] GC(32200) User=0.01s Sys=0.00s Real=0.00s
[13338.270s][info][gc,start       ] GC(32201) Pause Young (Allocation Failure)
[13338.272s][info][gc,heap        ] GC(32201) PSYoungGen: 83488K(84480K)->608K(84480K) Eden: 81920K(81920K)->0K(81920K) From: 1568K(2560K)->608K(2560K)
[13338.272s][info][gc,heap        ] GC(32201) ParOldGen: 161749K(184832K)->161821K(184832K)
[13338.272s][info][gc,metaspace   ] GC(32201) Metaspace: 62146K(62464K)->62146K(62464K) NonClass: 56614K(56832K)->56614K(56832K) Class: 5532K(5632K)->5532K(5632K)
[13338.272s][info][gc             ] GC(32201) Pause Young (Allocation Failure) 239M->158M(263M) 1.988ms
[13338.272s][info][gc,cpu         ] GC(32201) User=0.00s Sys=0.00s Real=0.01s
[13338.713s][info][gc,start       ] GC(32202) Pause Young (Allocation Failure)
[13338.715s][info][gc,heap        ] GC(32202) PSYoungGen: 82528K(84480K)->1280K(84480K) Eden: 81920K(81920K)->0K(81920K) From: 608K(2560K)->1280K(2560K)
[13338.715s][info][gc,heap        ] GC(32202) ParOldGen: 161821K(184832K)->161893K(184832K)
[13338.715s][info][gc,metaspace   ] GC(32202) Metaspace: 62146K(62464K)->62146K(62464K) NonClass: 56614K(56832K)->56614K(56832K) Class: 5532K(5632K)->5532K(5632K)
[13338.715s][info][gc             ] GC(32202) Pause Young (Allocation Failure) 238M->159M(263M) 2.606ms
[13338.715s][info][gc,cpu         ] GC(32202) User=0.00s Sys=0.01s Real=0.00s
[13339.115s][info][gc,start       ] GC(32203) Pause Young (Allocation Failure)
[13339.117s][info][gc,heap        ] GC(32203) PSYoungGen: 83200K(84480K)->1600K(84480K) Eden: 81920K(81920K)->0K(81920K) From: 1280K(2560K)->1600K(2560K)
[13339.117s][info][gc,heap        ] GC(32203) ParOldGen: 161893K(184832K)->161965K(184832K)
[13339.117s][info][gc,metaspace   ] GC(32203) Metaspace: 62146K(62464K)->62146K(62464K) NonClass: 56614K(56832K)->56614K(56832K) Class: 5532K(5632K)->5532K(5632K)
[13339.117s][info][gc             ] GC(32203) Pause Young (Allocation Failure) 239M->159M(263M) 2.644ms
[13339.117s][info][gc,cpu         ] GC(32203) User=0.00s Sys=0.00s Real=0.00s
[13339.490s][info][gc,start       ] GC(32204) Pause Young (Allocation Failure)
[13339.493s][info][gc,heap        ] GC(32204) PSYoungGen: 83520K(84480K)->2080K(84480K) Eden: 81920K(81920K)->0K(81920K) From: 1600K(2560K)->2080K(2560K)
[13339.493s][info][gc,heap        ] GC(32204) ParOldGen: 161965K(184832K)->163069K(184832K)
[13339.493s][info][gc,metaspace   ] GC(32204) Metaspace: 62146K(62464K)->62146K(62464K) NonClass: 56614K(56832K)->56614K(56832K) Class: 5532K(5632K)->5532K(5632K)
[13339.493s][info][gc             ] GC(32204) Pause Young (Allocation Failure) 239M->161M(263M) 2.621ms
[13339.493s][info][gc,cpu         ] GC(32204) User=0.01s Sys=0.00s Real=0.01s
[13339.890s][info][gc,start       ] GC(32205) Pause Young (Allocation Failure)
[13339.893s][info][gc,heap        ] GC(32205) PSYoungGen: 84000K(84480K)->1088K(84480K) Eden: 81920K(81920K)->0K(81920K) From: 2080K(2560K)->1088K(2560K)
[13339.893s][info][gc,heap        ] GC(32205) ParOldGen: 163069K(184832K)->165189K(184832K)
[13339.893s][info][gc,metaspace   ] GC(32205) Metaspace: 62146K(62464K)->62146K(62464K) NonClass: 56614K(56832K)->56614K(56832K) Class: 5532K(5632K)->5532K(5632K)
[13339.893s][info][gc             ] GC(32205) Pause Young (Allocation Failure) 241M->162M(263M) 2.426ms
[13339.893s][info][gc,cpu         ] GC(32205) User=0.01s Sys=0.00s Real=0.01s
[13340.327s][info][gc,start       ] GC(32206) Pause Young (Allocation Failure)
[13340.330s][info][gc,heap        ] GC(32206) PSYoungGen: 83008K(84480K)->1408K(84480K) Eden: 81920K(81920K)->0K(81920K) From: 1088K(2560K)->1408K(2560K)
[13340.330s][info][gc,heap        ] GC(32206) ParOldGen: 165189K(184832K)->165261K(184832K)
[13340.330s][info][gc,metaspace   ] GC(32206) Metaspace: 62146K(62464K)->62146K(62464K) NonClass: 56614K(56832K)->56614K(56832K) Class: 5532K(5632K)->5532K(5632K)
[13340.330s][info][gc             ] GC(32206) Pause Young (Allocation Failure) 242M->162M(263M) 2.504ms
[13340.330s][info][gc,cpu         ] GC(32206) User=0.00s Sys=0.00s Real=0.00s
[13340.753s][info][gc,start       ] GC(32207) Pause Young (Allocation Failure)
[13340.754s][info][gc,heap        ] GC(32207) PSYoungGen: 83328K(84480K)->352K(84480K) Eden: 81920K(81920K)->0K(81920K) From: 1408K(2560K)->352K(2560K)
[13340.755s][info][gc,heap        ] GC(32207) ParOldGen: 165261K(184832K)->165381K(184832K)
[13340.755s][info][gc,metaspace   ] GC(32207) Metaspace: 62146K(62464K)->62146K(62464K) NonClass: 56614K(56832K)->56614K(56832K) Class: 5532K(5632K)->5532K(5632K)
[13340.755s][info][gc             ] GC(32207) Pause Young (Allocation Failure) 242M->161M(263M) 1.709ms
[13340.755s][info][gc,cpu         ] GC(32207) User=0.01s Sys=0.00s Real=0.00s
[13341.157s][info][gc,start       ] GC(32208) Pause Young (Allocation Failure)
[13341.159s][info][gc,heap        ] GC(32208) PSYoungGen: 82272K(84480K)->544K(84480K) Eden: 81920K(81920K)->0K(81920K) From: 352K(2560K)->544K(2560K)
[13341.159s][info][gc,heap        ] GC(32208) ParOldGen: 165381K(184832K)->165445K(184832K)
[13341.159s][info][gc,metaspace   ] GC(32208) Metaspace: 62146K(62464K)->62146K(62464K) NonClass: 56614K(56832K)->56614K(56832K) Class: 5532K(5632K)->5532K(5632K)
[13341.159s][info][gc             ] GC(32208) Pause Young (Allocation Failure) 241M->162M(263M) 1.852ms
[13341.159s][info][gc,cpu         ] GC(32208) User=0.00s Sys=0.00s Real=0.00s
[13341.485s][info][gc,start       ] GC(32209) Pause Young (Allocation Failure)
[13341.488s][info][gc,heap        ] GC(32209) PSYoungGen: 82464K(84480K)->1120K(84480K) Eden: 81920K(81920K)->0K(81920K) From: 544K(2560K)->1120K(2560K)
[13341.488s][info][gc,heap        ] GC(32209) ParOldGen: 165445K(184832K)->165517K(184832K)
[13341.488s][info][gc,metaspace   ] GC(32209) Metaspace: 62146K(62464K)->62146K(62464K) NonClass: 56614K(56832K)->56614K(56832K) Class: 5532K(5632K)->5532K(5632K)
[13341.488s][info][gc             ] GC(32209) Pause Young (Allocation Failure) 242M->162M(263M) 2.318ms
[13341.488s][info][gc,cpu         ] GC(32209) User=0.00s Sys=0.00s Real=0.00s
[13341.845s][info][gc,start       ] GC(32210) Pause Young (Allocation Failure)
[13341.846s][info][gc,heap        ] GC(32210) PSYoungGen: 83040K(84480K)->288K(84480K) Eden: 81920K(81920K)->0K(81920K) From: 1120K(2560K)->288K(2560K)
[13341.846s][info][gc,heap        ] GC(32210) ParOldGen: 165517K(184832K)->165581K(184832K)
[13341.846s][info][gc,metaspace   ] GC(32210) Metaspace: 62146K(62464K)->62146K(62464K) NonClass: 56614K(56832K)->56614K(56832K) Class: 5532K(5632K)->5532K(5632K)
[13341.846s][info][gc             ] GC(32210) Pause Young (Allocation Failure) 242M->161M(263M) 1.587ms
[13341.846s][info][gc,cpu         ] GC(32210) User=0.00s Sys=0.00s Real=0.00s
[13342.183s][info][gc,start       ] GC(32211) Pause Young (Allocation Failure)
[13342.185s][info][gc,heap        ] GC(32211) PSYoungGen: 82208K(84480K)->960K(84480K) Eden: 81920K(81920K)->0K(81920K) From: 288K(2560K)->960K(2560K)
[13342.185s][info][gc,heap        ] GC(32211) ParOldGen: 165581K(184832K)->165645K(184832K)
[13342.185s][info][gc,metaspace   ] GC(32211) Metaspace: 62146K(62464K)->62146K(62464K) NonClass: 56614K(56832K)->56614K(56832K) Class: 5532K(5632K)->5532K(5632K)
[13342.185s][info][gc             ] GC(32211) Pause Young (Allocation Failure) 241M->162M(263M) 2.087ms
[13342.185s][info][gc,cpu         ] GC(32211) User=0.00s Sys=0.01s Real=0.00s
[13342.597s][info][gc,start       ] GC(32212) Pause Young (Allocation Failure)
[13342.599s][info][gc,heap        ] GC(32212) PSYoungGen: 82880K(84480K)->1088K(84480K) Eden: 81920K(81920K)->0K(81920K) From: 960K(2560K)->1088K(2560K)
[13342.599s][info][gc,heap        ] GC(32212) ParOldGen: 165645K(184832K)->165717K(184832K)
[13342.599s][info][gc,metaspace   ] GC(32212) Metaspace: 62146K(62464K)->62146K(62464K) NonClass: 56614K(56832K)->56614K(56832K) Class: 5532K(5632K)->5532K(5632K)
[13342.599s][info][gc             ] GC(32212) Pause Young (Allocation Failure) 242M->162M(263M) 2.245ms
[13342.599s][info][gc,cpu         ] GC(32212) User=0.01s Sys=0.00s Real=0.00s
[13342.976s][info][gc,start       ] GC(32213) Pause Young (Allocation Failure)
[13342.977s][info][gc,heap        ] GC(32213) PSYoungGen: 83008K(84480K)->768K(84480K) Eden: 81920K(81920K)->0K(81920K) From: 1088K(2560K)->768K(2560K)
[13342.978s][info][gc,heap        ] GC(32213) ParOldGen: 165717K(184832K)->165789K(184832K)
[13342.978s][info][gc,metaspace   ] GC(32213) Metaspace: 62146K(62464K)->62146K(62464K) NonClass: 56614K(56832K)->56614K(56832K) Class: 5532K(5632K)->5532K(5632K)
[13342.978s][info][gc             ] GC(32213) Pause Young (Allocation Failure) 242M->162M(263M) 1.937ms
[13342.978s][info][gc,cpu         ] GC(32213) User=0.00s Sys=0.00s Real=0.00s
[13343.352s][info][gc,start       ] GC(32214) Pause Young (Allocation Failure)
[13343.354s][info][gc,heap        ] GC(32214) PSYoungGen: 82688K(84480K)->384K(84992K) Eden: 81920K(81920K)->0K(82944K) From: 768K(2560K)->384K(2048K)
[13343.354s][info][gc,heap        ] GC(32214) ParOldGen: 165789K(184832K)->165861K(184832K)
[13343.354s][info][gc,metaspace   ] GC(32214) Metaspace: 62146K(62464K)->62146K(62464K) NonClass: 56614K(56832K)->56614K(56832K) Class: 5532K(5632K)->5532K(5632K)
[13343.354s][info][gc             ] GC(32214) Pause Young (Allocation Failure) 242M->162M(263M) 1.635ms
[13343.354s][info][gc,cpu         ] GC(32214) User=0.00s Sys=0.00s Real=0.00s
[13343.725s][info][gc,start       ] GC(32215) Pause Young (Allocation Failure)
[13343.728s][info][gc,heap        ] GC(32215) PSYoungGen: 83328K(84992K)->1696K(84992K) Eden: 82944K(82944K)->0K(82944K) From: 384K(2048K)->1696K(2048K)
[13343.728s][info][gc,heap        ] GC(32215) ParOldGen: 165861K(184832K)->165933K(184832K)
[13343.728s][info][gc,metaspace   ] GC(32215) Metaspace: 62146K(62464K)->62146K(62464K) NonClass: 56614K(56832K)->56614K(56832K) Class: 5532K(5632K)->5532K(5632K)
[13343.728s][info][gc             ] GC(32215) Pause Young (Allocation Failure) 243M->163M(263M) 2.738ms
[13343.728s][info][gc,cpu         ] GC(32215) User=0.00s Sys=0.00s Real=0.00s
[13344.143s][info][gc,start       ] GC(32216) Pause Young (Allocation Failure)
[13344.145s][info][gc,heap        ] GC(32216) PSYoungGen: 84640K(84992K)->1248K(83968K) Eden: 82944K(82944K)->0K(81920K) From: 1696K(2048K)->1248K(2048K)
[13344.145s][info][gc,heap        ] GC(32216) ParOldGen: 165933K(184832K)->167029K(184832K)
[13344.145s][info][gc,metaspace   ] GC(32216) Metaspace: 62146K(62464K)->62146K(62464K) NonClass: 56614K(56832K)->56614K(56832K) Class: 5532K(5632K)->5532K(5632K)
[13344.145s][info][gc             ] GC(32216) Pause Young (Allocation Failure) 244M->164M(262M) 1.888ms
[13344.145s][info][gc,cpu         ] GC(32216) User=0.00s Sys=0.00s Real=0.00s
[13344.524s][info][gc,start       ] GC(32217) Pause Young (Allocation Failure)
[13344.527s][info][gc,heap        ] GC(32217) PSYoungGen: 83168K(83968K)->1664K(84480K) Eden: 81920K(81920K)->0K(81920K) From: 1248K(2048K)->1664K(2560K)
[13344.527s][info][gc,heap        ] GC(32217) ParOldGen: 167029K(184832K)->169141K(184832K)
[13344.527s][info][gc,metaspace   ] GC(32217) Metaspace: 62146K(62464K)->62146K(62464K) NonClass: 56614K(56832K)->56614K(56832K) Class: 5532K(5632K)->5532K(5632K)
[13344.527s][info][gc             ] GC(32217) Pause Young (Allocation Failure) 244M->166M(263M) 3.001ms
[13344.527s][info][gc,cpu         ] GC(32217) User=0.01s Sys=0.00s Real=0.00s
[13344.973s][info][gc,start       ] GC(32218) Pause Young (Allocation Failure)
[13344.975s][info][gc,heap        ] GC(32218) PSYoungGen: 83584K(84480K)->544K(84480K) Eden: 81920K(81920K)->0K(81920K) From: 1664K(2560K)->544K(2560K)
[13344.975s][info][gc,heap        ] GC(32218) ParOldGen: 169141K(184832K)->169205K(184832K)
[13344.975s][info][gc,metaspace   ] GC(32218) Metaspace: 62146K(62464K)->62146K(62464K) NonClass: 56614K(56832K)->56614K(56832K) Class: 5532K(5632K)->5532K(5632K)
[13344.975s][info][gc             ] GC(32218) Pause Young (Allocation Failure) 246M->165M(263M) 2.405ms
[13344.975s][info][gc,cpu         ] GC(32218) User=0.00s Sys=0.00s Real=0.00s
[13345.385s][info][gc,start       ] GC(32219) Pause Young (Allocation Failure)
[13345.387s][info][gc,heap        ] GC(32219) PSYoungGen: 82464K(84480K)->928K(84480K) Eden: 81920K(81920K)->0K(81920K) From: 544K(2560K)->928K(2560K)
[13345.387s][info][gc,heap        ] GC(32219) ParOldGen: 169205K(184832K)->169277K(184832K)
[13345.387s][info][gc,metaspace   ] GC(32219) Metaspace: 62146K(62464K)->62146K(62464K) NonClass: 56614K(56832K)->56614K(56832K) Class: 5532K(5632K)->5532K(5632K)
[13345.387s][info][gc             ] GC(32219) Pause Young (Allocation Failure) 245M->166M(263M) 2.193ms
[13345.387s][info][gc,cpu         ] GC(32219) User=0.01s Sys=0.00s Real=0.00s
[13345.783s][info][gc,start       ] GC(32220) Pause Young (Allocation Failure)
[13345.785s][info][gc,heap        ] GC(32220) PSYoungGen: 82848K(84480K)->928K(84480K) Eden: 81920K(81920K)->0K(81920K) From: 928K(2560K)->928K(2560K)
[13345.785s][info][gc,heap        ] GC(32220) ParOldGen: 169277K(184832K)->169341K(184832K)
[13345.785s][info][gc,metaspace   ] GC(32220) Metaspace: 62146K(62464K)->62146K(62464K) NonClass: 56614K(56832K)->56614K(56832K) Class: 5532K(5632K)->5532K(5632K)
[13345.785s][info][gc             ] GC(32220) Pause Young (Allocation Failure) 246M->166M(263M) 2.132ms
[13345.785s][info][gc,cpu         ] GC(32220) User=0.01s Sys=0.00s Real=0.00s
[13346.134s][info][gc,start       ] GC(32221) Pause Young (Allocation Failure)
[13346.137s][info][gc,heap        ] GC(32221) PSYoungGen: 82848K(84480K)->1952K(84480K) Eden: 81920K(81920K)->0K(81920K) From: 928K(2560K)->1952K(2560K)
[13346.137s][info][gc,heap        ] GC(32221) ParOldGen: 169341K(184832K)->169405K(184832K)
[13346.137s][info][gc,metaspace   ] GC(32221) Metaspace: 62146K(62464K)->62146K(62464K) NonClass: 56614K(56832K)->56614K(56832K) Class: 5532K(5632K)->5532K(5632K)
[13346.137s][info][gc             ] GC(32221) Pause Young (Allocation Failure) 246M->167M(263M) 2.934ms
[13346.137s][info][gc,cpu         ] GC(32221) User=0.00s Sys=0.00s Real=0.00s
[13346.540s][info][gc,start       ] GC(32222) Pause Young (Allocation Failure)
[13346.542s][info][gc,heap        ] GC(32222) PSYoungGen: 83872K(84480K)->224K(84480K) Eden: 81920K(81920K)->0K(81920K) From: 1952K(2560K)->224K(2560K)
[13346.542s][info][gc,heap        ] GC(32222) ParOldGen: 169405K(184832K)->169477K(184832K)
[13346.542s][info][gc,metaspace   ] GC(32222) Metaspace: 62146K(62464K)->62146K(62464K) NonClass: 56614K(56832K)->56614K(56832K) Class: 5532K(5632K)->5532K(5632K)
[13346.542s][info][gc             ] GC(32222) Pause Young (Allocation Failure) 247M->165M(263M) 1.606ms
[13346.542s][info][gc,cpu         ] GC(32222) User=0.01s Sys=0.00s Real=0.01s
[13346.950s][info][gc,start       ] GC(32223) Pause Young (Allocation Failure)
[13346.952s][info][gc,heap        ] GC(32223) PSYoungGen: 82144K(84480K)->352K(84480K) Eden: 81920K(81920K)->0K(81920K) From: 224K(2560K)->352K(2560K)
[13346.952s][info][gc,heap        ] GC(32223) ParOldGen: 169477K(184832K)->169549K(184832K)
[13346.952s][info][gc,metaspace   ] GC(32223) Metaspace: 62146K(62464K)->62146K(62464K) NonClass: 56614K(56832K)->56614K(56832K) Class: 5532K(5632K)->5532K(5632K)
[13346.952s][info][gc             ] GC(32223) Pause Young (Allocation Failure) 245M->165M(263M) 1.706ms
[13346.952s][info][gc,cpu         ] GC(32223) User=0.00s Sys=0.00s Real=0.01s
[13347.371s][info][gc,start       ] GC(32224) Pause Young (Allocation Failure)
[13347.373s][info][gc,heap        ] GC(32224) PSYoungGen: 82272K(84480K)->672K(84480K) Eden: 81920K(81920K)->0K(81920K) From: 352K(2560K)->672K(2560K)
[13347.373s][info][gc,heap        ] GC(32224) ParOldGen: 169549K(184832K)->169621K(184832K)
[13347.373s][info][gc,metaspace   ] GC(32224) Metaspace: 62146K(62464K)->62146K(62464K) NonClass: 56614K(56832K)->56614K(56832K) Class: 5532K(5632K)->5532K(5632K)
[13347.373s][info][gc             ] GC(32224) Pause Young (Allocation Failure) 245M->166M(263M) 2.069ms
[13347.374s][info][gc,cpu         ] GC(32224) User=0.00s Sys=0.00s Real=0.00s
[13347.880s][info][gc,start       ] GC(32225) Pause Young (Allocation Failure)
[13347.882s][info][gc,heap        ] GC(32225) PSYoungGen: 82592K(84480K)->832K(84480K) Eden: 81920K(81920K)->0K(81920K) From: 672K(2560K)->832K(2560K)
[13347.882s][info][gc,heap        ] GC(32225) ParOldGen: 169621K(184832K)->169693K(184832K)
[13347.882s][info][gc,metaspace   ] GC(32225) Metaspace: 62146K(62464K)->62146K(62464K) NonClass: 56614K(56832K)->56614K(56832K) Class: 5532K(5632K)->5532K(5632K)
[13347.882s][info][gc             ] GC(32225) Pause Young (Allocation Failure) 246M->166M(263M) 2.032ms
[13347.882s][info][gc,cpu         ] GC(32225) User=0.00s Sys=0.00s Real=0.01s
[13348.296s][info][gc,start       ] GC(32226) Pause Young (Allocation Failure)
[13348.298s][info][gc,heap        ] GC(32226) PSYoungGen: 82752K(84480K)->1152K(84480K) Eden: 81920K(81920K)->0K(81920K) From: 832K(2560K)->1152K(2560K)
[13348.298s][info][gc,heap        ] GC(32226) ParOldGen: 169693K(184832K)->169813K(184832K)
[13348.298s][info][gc,metaspace   ] GC(32226) Metaspace: 62146K(62464K)->62146K(62464K) NonClass: 56614K(56832K)->56614K(56832K) Class: 5532K(5632K)->5532K(5632K)
[13348.298s][info][gc             ] GC(32226) Pause Young (Allocation Failure) 246M->166M(263M) 2.447ms
[13348.298s][info][gc,cpu         ] GC(32226) User=0.00s Sys=0.00s Real=0.00s
[13348.696s][info][gc,start       ] GC(32227) Pause Young (Allocation Failure)
[13348.699s][info][gc,heap        ] GC(32227) PSYoungGen: 83072K(84480K)->2176K(84480K) Eden: 81920K(81920K)->0K(81920K) From: 1152K(2560K)->2176K(2560K)
[13348.699s][info][gc,heap        ] GC(32227) ParOldGen: 169813K(184832K)->170901K(184832K)
[13348.699s][info][gc,metaspace   ] GC(32227) Metaspace: 62146K(62464K)->62146K(62464K) NonClass: 56614K(56832K)->56614K(56832K) Class: 5532K(5632K)->5532K(5632K)
[13348.699s][info][gc             ] GC(32227) Pause Young (Allocation Failure) 246M->169M(263M) 2.627ms
[13348.699s][info][gc,cpu         ] GC(32227) User=0.01s Sys=0.00s Real=0.00s
[13349.050s][info][gc,start       ] GC(32228) Pause Young (Allocation Failure)
[13349.052s][info][gc,heap        ] GC(32228) PSYoungGen: 84096K(84480K)->416K(84480K) Eden: 81920K(81920K)->0K(81920K) From: 2176K(2560K)->416K(2560K)
[13349.052s][info][gc,heap        ] GC(32228) ParOldGen: 170901K(184832K)->170965K(184832K)
[13349.052s][info][gc,metaspace   ] GC(32228) Metaspace: 62146K(62464K)->62146K(62464K) NonClass: 56614K(56832K)->56614K(56832K) Class: 5532K(5632K)->5532K(5632K)
[13349.052s][info][gc             ] GC(32228) Pause Young (Allocation Failure) 249M->167M(263M) 1.773ms
[13349.052s][info][gc,cpu         ] GC(32228) User=0.00s Sys=0.00s Real=0.01s
[13349.471s][info][gc,start       ] GC(32229) Pause Young (Allocation Failure)
[13349.473s][info][gc,heap        ] GC(32229) PSYoungGen: 82336K(84480K)->736K(84480K) Eden: 81920K(81920K)->0K(81920K) From: 416K(2560K)->736K(2560K)
[13349.473s][info][gc,heap        ] GC(32229) ParOldGen: 170965K(184832K)->171029K(184832K)
[13349.473s][info][gc,metaspace   ] GC(32229) Metaspace: 62146K(62464K)->62146K(62464K) NonClass: 56614K(56832K)->56614K(56832K) Class: 5532K(5632K)->5532K(5632K)
[13349.473s][info][gc             ] GC(32229) Pause Young (Allocation Failure) 247M->167M(263M) 1.977ms
[13349.473s][info][gc,cpu         ] GC(32229) User=0.01s Sys=0.00s Real=0.01s
[13349.905s][info][gc,start       ] GC(32230) Pause Young (Allocation Failure)
[13349.907s][info][gc,heap        ] GC(32230) PSYoungGen: 82656K(84480K)->1152K(84480K) Eden: 81920K(81920K)->0K(81920K) From: 736K(2560K)->1152K(2560K)
[13349.907s][info][gc,heap        ] GC(32230) ParOldGen: 171029K(184832K)->171101K(184832K)
[13349.907s][info][gc,metaspace   ] GC(32230) Metaspace: 62146K(62464K)->62146K(62464K) NonClass: 56614K(56832K)->56614K(56832K) Class: 5532K(5632K)->5532K(5632K)
[13349.907s][info][gc             ] GC(32230) Pause Young (Allocation Failure) 247M->168M(263M) 2.513ms
[13349.907s][info][gc,cpu         ] GC(32230) User=0.01s Sys=0.00s Real=0.00s
[13350.367s][info][gc,start       ] GC(32231) Pause Young (Allocation Failure)
[13350.369s][info][gc,heap        ] GC(32231) PSYoungGen: 83072K(84480K)->576K(84480K) Eden: 81920K(81920K)->0K(81920K) From: 1152K(2560K)->576K(2560K)
[13350.369s][info][gc,heap        ] GC(32231) ParOldGen: 171101K(184832K)->171173K(184832K)
[13350.369s][info][gc,metaspace   ] GC(32231) Metaspace: 62146K(62464K)->62146K(62464K) NonClass: 56614K(56832K)->56614K(56832K) Class: 5532K(5632K)->5532K(5632K)
[13350.369s][info][gc             ] GC(32231) Pause Young (Allocation Failure) 248M->167M(263M) 1.880ms
[13350.369s][info][gc,cpu         ] GC(32231) User=0.00s Sys=0.00s Real=0.00s
[13350.736s][info][gc,start       ] GC(32232) Pause Young (Allocation Failure)
[13350.739s][info][gc,heap        ] GC(32232) PSYoungGen: 82496K(84480K)->2080K(84480K) Eden: 81920K(81920K)->0K(81920K) From: 576K(2560K)->2080K(2560K)
[13350.739s][info][gc,heap        ] GC(32232) ParOldGen: 171173K(184832K)->171237K(184832K)
[13350.739s][info][gc,metaspace   ] GC(32232) Metaspace: 62146K(62464K)->62146K(62464K) NonClass: 56614K(56832K)->56614K(56832K) Class: 5532K(5632K)->5532K(5632K)
[13350.739s][info][gc             ] GC(32232) Pause Young (Allocation Failure) 247M->169M(263M) 3.292ms
[13350.739s][info][gc,cpu         ] GC(32232) User=0.00s Sys=0.00s Real=0.00s
[13351.159s][info][gc,start       ] GC(32233) Pause Young (Allocation Failure)
[13351.161s][info][gc,heap        ] GC(32233) PSYoungGen: 84000K(84480K)->416K(84480K) Eden: 81920K(81920K)->0K(81920K) From: 2080K(2560K)->416K(2560K)
[13351.161s][info][gc,heap        ] GC(32233) ParOldGen: 171237K(184832K)->171301K(184832K)
[13351.161s][info][gc,metaspace   ] GC(32233) Metaspace: 62146K(62464K)->62146K(62464K) NonClass: 56614K(56832K)->56614K(56832K) Class: 5532K(5632K)->5532K(5632K)
[13351.161s][info][gc             ] GC(32233) Pause Young (Allocation Failure) 249M->167M(263M) 1.822ms
[13351.161s][info][gc,cpu         ] GC(32233) User=0.00s Sys=0.00s Real=0.00s
[13351.603s][info][gc,start       ] GC(32234) Pause Young (Allocation Failure)
[13351.605s][info][gc,heap        ] GC(32234) PSYoungGen: 82336K(84480K)->1152K(84480K) Eden: 81920K(81920K)->0K(81920K) From: 416K(2560K)->1152K(2560K)
[13351.605s][info][gc,heap        ] GC(32234) ParOldGen: 171301K(184832K)->171373K(184832K)
[13351.605s][info][gc,metaspace   ] GC(32234) Metaspace: 62146K(62464K)->62146K(62464K) NonClass: 56614K(56832K)->56614K(56832K) Class: 5532K(5632K)->5532K(5632K)
[13351.605s][info][gc             ] GC(32234) Pause Young (Allocation Failure) 247M->168M(263M) 2.458ms
[13351.605s][info][gc,cpu         ] GC(32234) User=0.00s Sys=0.00s Real=0.00s
[13352.049s][info][gc,start       ] GC(32235) Pause Young (Allocation Failure)
[13352.051s][info][gc,heap        ] GC(32235) PSYoungGen: 83072K(84480K)->320K(84480K) Eden: 81920K(81920K)->0K(81920K) From: 1152K(2560K)->320K(2560K)
[13352.052s][info][gc,heap        ] GC(32235) ParOldGen: 171373K(184832K)->171445K(184832K)
[13352.052s][info][gc,metaspace   ] GC(32235) Metaspace: 62146K(62464K)->62146K(62464K) NonClass: 56614K(56832K)->56614K(56832K) Class: 5532K(5632K)->5532K(5632K)
[13352.052s][info][gc             ] GC(32235) Pause Young (Allocation Failure) 248M->167M(263M) 2.081ms
[13352.052s][info][gc,cpu         ] GC(32235) User=0.00s Sys=0.00s Real=0.01s
[13352.494s][info][gc,start       ] GC(32236) Pause Young (Allocation Failure)
[13352.496s][info][gc,heap        ] GC(32236) PSYoungGen: 82240K(84480K)->1024K(84480K) Eden: 81920K(81920K)->0K(81920K) From: 320K(2560K)->1024K(2560K)
[13352.496s][info][gc,heap        ] GC(32236) ParOldGen: 171445K(184832K)->171517K(184832K)
[13352.496s][info][gc,metaspace   ] GC(32236) Metaspace: 62146K(62464K)->62146K(62464K) NonClass: 56614K(56832K)->56614K(56832K) Class: 5532K(5632K)->5532K(5632K)
[13352.496s][info][gc             ] GC(32236) Pause Young (Allocation Failure) 247M->168M(263M) 2.141ms
[13352.497s][info][gc,cpu         ] GC(32236) User=0.01s Sys=0.00s Real=0.00s
[13352.930s][info][gc,start       ] GC(32237) Pause Young (Allocation Failure)
[13352.933s][info][gc,heap        ] GC(32237) PSYoungGen: 82944K(84480K)->1600K(84480K) Eden: 81920K(81920K)->0K(81920K) From: 1024K(2560K)->1600K(2560K)
[13352.933s][info][gc,heap        ] GC(32237) ParOldGen: 171517K(184832K)->171589K(184832K)
[13352.933s][info][gc,metaspace   ] GC(32237) Metaspace: 62146K(62464K)->62146K(62464K) NonClass: 56614K(56832K)->56614K(56832K) Class: 5532K(5632K)->5532K(5632K)
[13352.933s][info][gc             ] GC(32237) Pause Young (Allocation Failure) 248M->169M(263M) 2.766ms
[13352.933s][info][gc,cpu         ] GC(32237) User=0.00s Sys=0.00s Real=0.01s
[13353.363s][info][gc,start       ] GC(32238) Pause Young (Allocation Failure)
[13353.365s][info][gc,heap        ] GC(32238) PSYoungGen: 83520K(84480K)->544K(84480K) Eden: 81920K(81920K)->0K(81920K) From: 1600K(2560K)->544K(2560K)
[13353.365s][info][gc,heap        ] GC(32238) ParOldGen: 171589K(184832K)->171661K(184832K)
[13353.365s][info][gc,metaspace   ] GC(32238) Metaspace: 62146K(62464K)->62146K(62464K) NonClass: 56614K(56832K)->56614K(56832K) Class: 5532K(5632K)->5532K(5632K)
[13353.365s][info][gc             ] GC(32238) Pause Young (Allocation Failure) 249M->168M(263M) 1.886ms
[13353.365s][info][gc,cpu         ] GC(32238) User=0.00s Sys=0.00s Real=0.00s
[13353.787s][info][gc,start       ] GC(32239) Pause Young (Allocation Failure)
[13353.789s][info][gc,heap        ] GC(32239) PSYoungGen: 82464K(84480K)->2016K(84480K) Eden: 81920K(81920K)->0K(81920K) From: 544K(2560K)->2016K(2560K)
[13353.789s][info][gc,heap        ] GC(32239) ParOldGen: 171661K(184832K)->172758K(184832K)
[13353.789s][info][gc,metaspace   ] GC(32239) Metaspace: 62146K(62464K)->62146K(62464K) NonClass: 56614K(56832K)->56614K(56832K) Class: 5532K(5632K)->5532K(5632K)
[13353.789s][info][gc             ] GC(32239) Pause Young (Allocation Failure) 248M->170M(263M) 2.692ms
[13353.789s][info][gc,cpu         ] GC(32239) User=0.00s Sys=0.00s Real=0.00s
[13354.147s][info][gc,start       ] GC(32240) Pause Young (Allocation Failure)
[13354.149s][info][gc,heap        ] GC(32240) PSYoungGen: 83936K(84480K)->352K(84480K) Eden: 81920K(81920K)->0K(81920K) From: 2016K(2560K)->352K(2560K)
[13354.149s][info][gc,heap        ] GC(32240) ParOldGen: 172758K(184832K)->174878K(184832K)
[13354.149s][info][gc,metaspace   ] GC(32240) Metaspace: 62146K(62464K)->62146K(62464K) NonClass: 56614K(56832K)->56614K(56832K) Class: 5532K(5632K)->5532K(5632K)
[13354.149s][info][gc             ] GC(32240) Pause Young (Allocation Failure) 250M->171M(263M) 1.979ms
[13354.149s][info][gc,cpu         ] GC(32240) User=0.00s Sys=0.00s Real=0.00s
[13354.563s][info][gc,start       ] GC(32241) Pause Young (Allocation Failure)
[13354.564s][info][gc,heap        ] GC(32241) PSYoungGen: 82272K(84480K)->576K(84480K) Eden: 81920K(81920K)->0K(81920K) From: 352K(2560K)->576K(2560K)
[13354.564s][info][gc,heap        ] GC(32241) ParOldGen: 174878K(184832K)->174950K(184832K)
[13354.564s][info][gc,metaspace   ] GC(32241) Metaspace: 62146K(62464K)->62146K(62464K) NonClass: 56614K(56832K)->56614K(56832K) Class: 5532K(5632K)->5532K(5632K)
[13354.565s][info][gc             ] GC(32241) Pause Young (Allocation Failure) 251M->171M(263M) 1.950ms
[13354.565s][info][gc,cpu         ] GC(32241) User=0.01s Sys=0.00s Real=0.00s
[13354.973s][info][gc,start       ] GC(32242) Pause Young (Allocation Failure)
[13354.975s][info][gc,heap        ] GC(32242) PSYoungGen: 82496K(84480K)->800K(84480K) Eden: 81920K(81920K)->0K(81920K) From: 576K(2560K)->800K(2560K)
[13354.975s][info][gc,heap        ] GC(32242) ParOldGen: 174950K(184832K)->175014K(184832K)
[13354.975s][info][gc,metaspace   ] GC(32242) Metaspace: 62146K(62464K)->62146K(62464K) NonClass: 56614K(56832K)->56614K(56832K) Class: 5532K(5632K)->5532K(5632K)
[13354.975s][info][gc             ] GC(32242) Pause Young (Allocation Failure) 251M->171M(263M) 2.425ms
[13354.975s][info][gc,cpu         ] GC(32242) User=0.01s Sys=0.00s Real=0.00s
[13355.456s][info][gc,start       ] GC(32243) Pause Young (Allocation Failure)
[13355.458s][info][gc,heap        ] GC(32243) PSYoungGen: 82720K(84480K)->512K(84480K) Eden: 81920K(81920K)->0K(81920K) From: 800K(2560K)->512K(2560K)
[13355.458s][info][gc,heap        ] GC(32243) ParOldGen: 175014K(184832K)->175086K(184832K)
[13355.458s][info][gc,metaspace   ] GC(32243) Metaspace: 62146K(62464K)->62146K(62464K) NonClass: 56614K(56832K)->56614K(56832K) Class: 5532K(5632K)->5532K(5632K)
[13355.458s][info][gc             ] GC(32243) Pause Young (Allocation Failure) 251M->171M(263M) 1.927ms
[13355.458s][info][gc,cpu         ] GC(32243) User=0.01s Sys=0.00s Real=0.00s
[13355.876s][info][gc,start       ] GC(32244) Pause Young (Allocation Failure)
[13355.878s][info][gc,heap        ] GC(32244) PSYoungGen: 82432K(84480K)->768K(84480K) Eden: 81920K(81920K)->0K(81920K) From: 512K(2560K)->768K(2560K)
[13355.878s][info][gc,heap        ] GC(32244) ParOldGen: 175086K(184832K)->175206K(184832K)
[13355.878s][info][gc,metaspace   ] GC(32244) Metaspace: 62146K(62464K)->62146K(62464K) NonClass: 56614K(56832K)->56614K(56832K) Class: 5532K(5632K)->5532K(5632K)
[13355.878s][info][gc             ] GC(32244) Pause Young (Allocation Failure) 251M->171M(263M) 2.232ms
[13355.878s][info][gc,cpu         ] GC(32244) User=0.00s Sys=0.00s Real=0.00s
[13356.334s][info][gc,start       ] GC(32245) Pause Young (Allocation Failure)
[13356.336s][info][gc,heap        ] GC(32245) PSYoungGen: 82688K(84480K)->1536K(84480K) Eden: 81920K(81920K)->0K(81920K) From: 768K(2560K)->1536K(2560K)
[13356.336s][info][gc,heap        ] GC(32245) ParOldGen: 175206K(184832K)->175270K(184832K)
[13356.336s][info][gc,metaspace   ] GC(32245) Metaspace: 62146K(62464K)->62146K(62464K) NonClass: 56614K(56832K)->56614K(56832K) Class: 5532K(5632K)->5532K(5632K)
[13356.336s][info][gc             ] GC(32245) Pause Young (Allocation Failure) 251M->172M(263M) 2.886ms
[13356.336s][info][gc,cpu         ] GC(32245) User=0.00s Sys=0.00s Real=0.00s
[13356.722s][info][gc,start       ] GC(32246) Pause Young (Allocation Failure)
[13356.725s][info][gc,heap        ] GC(32246) PSYoungGen: 83456K(84480K)->1696K(84480K) Eden: 81920K(81920K)->0K(81920K) From: 1536K(2560K)->1696K(2560K)
[13356.725s][info][gc,heap        ] GC(32246) ParOldGen: 175270K(184832K)->175342K(184832K)
[13356.725s][info][gc,metaspace   ] GC(32246) Metaspace: 62146K(62464K)->62146K(62464K) NonClass: 56614K(56832K)->56614K(56832K) Class: 5532K(5632K)->5532K(5632K)
[13356.725s][info][gc             ] GC(32246) Pause Young (Allocation Failure) 252M->172M(263M) 2.778ms
[13356.725s][info][gc,cpu         ] GC(32246) User=0.00s Sys=0.01s Real=0.00s
[13357.132s][info][gc,start       ] GC(32247) Pause Young (Allocation Failure)
[13357.134s][info][gc,heap        ] GC(32247) PSYoungGen: 83616K(84480K)->1568K(84480K) Eden: 81920K(81920K)->0K(81920K) From: 1696K(2560K)->1568K(2560K)
[13357.134s][info][gc,heap        ] GC(32247) ParOldGen: 175342K(184832K)->175414K(184832K)
[13357.134s][info][gc,metaspace   ] GC(32247) Metaspace: 62146K(62464K)->62146K(62464K) NonClass: 56614K(56832K)->56614K(56832K) Class: 5532K(5632K)->5532K(5632K)
[13357.135s][info][gc             ] GC(32247) Pause Young (Allocation Failure) 252M->172M(263M) 2.635ms
[13357.135s][info][gc,cpu         ] GC(32247) User=0.00s Sys=0.00s Real=0.00s
[13357.515s][info][gc,start       ] GC(32248) Pause Young (Allocation Failure)
[13357.518s][info][gc,heap        ] GC(32248) PSYoungGen: 83488K(84480K)->1504K(84480K) Eden: 81920K(81920K)->0K(81920K) From: 1568K(2560K)->1504K(2560K)
[13357.518s][info][gc,heap        ] GC(32248) ParOldGen: 175414K(184832K)->175486K(184832K)
[13357.518s][info][gc,metaspace   ] GC(32248) Metaspace: 62146K(62464K)->62146K(62464K) NonClass: 56614K(56832K)->56614K(56832K) Class: 5532K(5632K)->5532K(5632K)
[13357.518s][info][gc             ] GC(32248) Pause Young (Allocation Failure) 252M->172M(263M) 2.548ms
[13357.518s][info][gc,cpu         ] GC(32248) User=0.01s Sys=0.00s Real=0.00s
[13357.908s][info][gc,start       ] GC(32249) Pause Young (Allocation Failure)
[13357.911s][info][gc,heap        ] GC(32249) PSYoungGen: 83424K(84480K)->1344K(84480K) Eden: 81920K(81920K)->0K(81920K) From: 1504K(2560K)->1344K(2560K)
[13357.911s][info][gc,heap        ] GC(32249) ParOldGen: 175486K(184832K)->175550K(184832K)
[13357.911s][info][gc,metaspace   ] GC(32249) Metaspace: 62146K(62464K)->62146K(62464K) NonClass: 56614K(56832K)->56614K(56832K) Class: 5532K(5632K)->5532K(5632K)
[13357.911s][info][gc             ] GC(32249) Pause Young (Allocation Failure) 252M->172M(263M) 2.643ms
[13357.911s][info][gc,cpu         ] GC(32249) User=0.00s Sys=0.00s Real=0.00s
[13358.342s][info][gc,start       ] GC(32250) Pause Young (Allocation Failure)
[13358.344s][info][gc,heap        ] GC(32250) PSYoungGen: 83264K(84480K)->2272K(83456K) Eden: 81920K(81920K)->0K(80896K) From: 1344K(2560K)->2272K(2560K)
[13358.344s][info][gc,heap        ] GC(32250) ParOldGen: 175550K(184832K)->175622K(184832K)
[13358.344s][info][gc,metaspace   ] GC(32250) Metaspace: 62146K(62464K)->62146K(62464K) NonClass: 56614K(56832K)->56614K(56832K) Class: 5532K(5632K)->5532K(5632K)
[13358.344s][info][gc             ] GC(32250) Pause Young (Allocation Failure) 252M->173M(262M) 1.996ms
[13358.344s][info][gc,cpu         ] GC(32250) User=0.00s Sys=0.00s Real=0.00s
[13358.733s][info][gc,start       ] GC(32251) Pause Young (Allocation Failure)
[13358.736s][info][gc,heap        ] GC(32251) PSYoungGen: 83168K(83456K)->1696K(83968K) Eden: 80896K(80896K)->0K(80896K) From: 2272K(2560K)->1696K(3072K)
[13358.736s][info][gc,heap        ] GC(32251) ParOldGen: 175622K(184832K)->177750K(184832K)
[13358.736s][info][gc,metaspace   ] GC(32251) Metaspace: 62146K(62464K)->62146K(62464K) NonClass: 56614K(56832K)->56614K(56832K) Class: 5532K(5632K)->5532K(5632K)
[13358.736s][info][gc             ] GC(32251) Pause Young (Allocation Failure) 252M->175M(262M) 3.679ms
[13358.736s][info][gc,cpu         ] GC(32251) User=0.01s Sys=0.00s Real=0.00s
[13359.173s][info][gc,start       ] GC(32252) Pause Young (Allocation Failure)
[13359.175s][info][gc,heap        ] GC(32252) PSYoungGen: 82592K(83968K)->736K(83968K) Eden: 80896K(80896K)->0K(80896K) From: 1696K(3072K)->736K(3072K)
[13359.175s][info][gc,heap        ] GC(32252) ParOldGen: 177750K(184832K)->177822K(184832K)
[13359.175s][info][gc,metaspace   ] GC(32252) Metaspace: 62146K(62464K)->62146K(62464K) NonClass: 56614K(56832K)->56614K(56832K) Class: 5532K(5632K)->5532K(5632K)
[13359.175s][info][gc             ] GC(32252) Pause Young (Allocation Failure) 254M->174M(262M) 2.163ms
[13359.175s][info][gc,cpu         ] GC(32252) User=0.00s Sys=0.00s Real=0.00s
[13359.517s][info][gc,start       ] GC(32253) Pause Young (Allocation Failure)
[13359.520s][info][gc,heap        ] GC(32253) PSYoungGen: 81632K(83968K)->1632K(83968K) Eden: 80896K(80896K)->0K(80896K) From: 736K(3072K)->1632K(3072K)
[13359.520s][info][gc,heap        ] GC(32253) ParOldGen: 177822K(184832K)->177894K(184832K)
[13359.520s][info][gc,metaspace   ] GC(32253) Metaspace: 62146K(62464K)->62146K(62464K) NonClass: 56614K(56832K)->56614K(56832K) Class: 5532K(5632K)->5532K(5632K)
[13359.520s][info][gc             ] GC(32253) Pause Young (Allocation Failure) 253M->175M(262M) 2.700ms
[13359.520s][info][gc,cpu         ] GC(32253) User=0.00s Sys=0.00s Real=0.00s
[13359.975s][info][gc,start       ] GC(32254) Pause Young (Allocation Failure)
[13359.977s][info][gc,heap        ] GC(32254) PSYoungGen: 82528K(83968K)->704K(83968K) Eden: 80896K(80896K)->0K(80896K) From: 1632K(3072K)->704K(3072K)
[13359.977s][info][gc,heap        ] GC(32254) ParOldGen: 177894K(184832K)->177974K(184832K)
[13359.977s][info][gc,metaspace   ] GC(32254) Metaspace: 62146K(62464K)->62146K(62464K) NonClass: 56614K(56832K)->56614K(56832K) Class: 5532K(5632K)->5532K(5632K)
[13359.977s][info][gc             ] GC(32254) Pause Young (Allocation Failure) 254M->174M(262M) 2.103ms
[13359.977s][info][gc,cpu         ] GC(32254) User=0.00s Sys=0.00s Real=0.00s
[13360.362s][info][gc,start       ] GC(32255) Pause Young (Allocation Failure)
[13360.364s][info][gc,heap        ] GC(32255) PSYoungGen: 81600K(83968K)->512K(83968K) Eden: 80896K(80896K)->0K(80896K) From: 704K(3072K)->512K(3072K)
[13360.364s][info][gc,heap        ] GC(32255) ParOldGen: 177974K(184832K)->178038K(184832K)
[13360.364s][info][gc,metaspace   ] GC(32255) Metaspace: 62146K(62464K)->62146K(62464K) NonClass: 56614K(56832K)->56614K(56832K) Class: 5532K(5632K)->5532K(5632K)
[13360.364s][info][gc             ] GC(32255) Pause Young (Allocation Failure) 253M->174M(262M) 2.002ms
[13360.364s][info][gc,cpu         ] GC(32255) User=0.00s Sys=0.00s Real=0.00s
[13360.718s][info][gc,start       ] GC(32256) Pause Young (Allocation Failure)
[13360.725s][info][gc,heap        ] GC(32256) PSYoungGen: 81408K(83968K)->1632K(83968K) Eden: 80896K(80896K)->0K(80896K) From: 512K(3072K)->1632K(3072K)
[13360.725s][info][gc,heap        ] GC(32256) ParOldGen: 178038K(184832K)->178110K(184832K)
[13360.725s][info][gc,metaspace   ] GC(32256) Metaspace: 62146K(62464K)->62146K(62464K) NonClass: 56614K(56832K)->56614K(56832K) Class: 5532K(5632K)->5532K(5632K)
[13360.725s][info][gc             ] GC(32256) Pause Young (Allocation Failure) 253M->175M(262M) 6.872ms
[13360.725s][info][gc,cpu         ] GC(32256) User=0.01s Sys=0.00s Real=0.01s
[13361.089s][info][gc,start       ] GC(32257) Pause Young (Allocation Failure)
[13361.093s][info][gc,heap        ] GC(32257) PSYoungGen: 82528K(83968K)->1056K(83968K) Eden: 80896K(80896K)->0K(80896K) From: 1632K(3072K)->1056K(3072K)
[13361.093s][info][gc,heap        ] GC(32257) ParOldGen: 178110K(184832K)->178182K(184832K)
[13361.093s][info][gc,metaspace   ] GC(32257) Metaspace: 62146K(62464K)->62146K(62464K) NonClass: 56614K(56832K)->56614K(56832K) Class: 5532K(5632K)->5532K(5632K)
[13361.093s][info][gc             ] GC(32257) Pause Young (Allocation Failure) 254M->175M(262M) 3.699ms
[13361.093s][info][gc,cpu         ] GC(32257) User=0.00s Sys=0.00s Real=0.01s
[13361.468s][info][gc,start       ] GC(32258) Pause Young (Allocation Failure)
[13361.470s][info][gc,heap        ] GC(32258) PSYoungGen: 81952K(83968K)->672K(84480K) Eden: 80896K(80896K)->0K(81920K) From: 1056K(3072K)->672K(2560K)
[13361.470s][info][gc,heap        ] GC(32258) ParOldGen: 178182K(184832K)->178254K(184832K)
[13361.470s][info][gc,metaspace   ] GC(32258) Metaspace: 62146K(62464K)->62146K(62464K) NonClass: 56614K(56832K)->56614K(56832K) Class: 5532K(5632K)->5532K(5632K)
[13361.470s][info][gc             ] GC(32258) Pause Young (Allocation Failure) 254M->174M(263M) 2.023ms
[13361.470s][info][gc,cpu         ] GC(32258) User=0.01s Sys=0.00s Real=0.00s
[13361.894s][info][gc,start       ] GC(32259) Pause Young (Allocation Failure)
[13361.896s][info][gc,heap        ] GC(32259) PSYoungGen: 82592K(84480K)->928K(84480K) Eden: 81920K(81920K)->0K(81920K) From: 672K(2560K)->928K(2560K)
[13361.896s][info][gc,heap        ] GC(32259) ParOldGen: 178254K(184832K)->178326K(184832K)
[13361.896s][info][gc,metaspace   ] GC(32259) Metaspace: 62146K(62464K)->62146K(62464K) NonClass: 56614K(56832K)->56614K(56832K) Class: 5532K(5632K)->5532K(5632K)
[13361.896s][info][gc             ] GC(32259) Pause Young (Allocation Failure) 254M->175M(263M) 2.270ms
[13361.896s][info][gc,cpu         ] GC(32259) User=0.01s Sys=0.00s Real=0.00s
[13362.365s][info][gc,start       ] GC(32260) Pause Young (Allocation Failure)
[13362.367s][info][gc,heap        ] GC(32260) PSYoungGen: 82848K(84480K)->544K(84480K) Eden: 81920K(81920K)->0K(81920K) From: 928K(2560K)->544K(2560K)
[13362.367s][info][gc,heap        ] GC(32260) ParOldGen: 178326K(184832K)->178398K(184832K)
[13362.367s][info][gc,metaspace   ] GC(32260) Metaspace: 62146K(62464K)->62146K(62464K) NonClass: 56614K(56832K)->56614K(56832K) Class: 5532K(5632K)->5532K(5632K)
[13362.367s][info][gc             ] GC(32260) Pause Young (Allocation Failure) 255M->174M(263M) 2.034ms
[13362.367s][info][gc,cpu         ] GC(32260) User=0.00s Sys=0.00s Real=0.00s
[13362.876s][info][gc,start       ] GC(32261) Pause Young (Allocation Failure)
[13362.878s][info][gc,heap        ] GC(32261) PSYoungGen: 82464K(84480K)->736K(84480K) Eden: 81920K(81920K)->0K(81920K) From: 544K(2560K)->736K(2560K)
[13362.878s][info][gc,heap        ] GC(32261) ParOldGen: 178398K(184832K)->178470K(184832K)
[13362.878s][info][gc,metaspace   ] GC(32261) Metaspace: 62146K(62464K)->62146K(62464K) NonClass: 56614K(56832K)->56614K(56832K) Class: 5532K(5632K)->5532K(5632K)
[13362.878s][info][gc             ] GC(32261) Pause Young (Allocation Failure) 254M->175M(263M) 2.194ms
[13362.878s][info][gc,cpu         ] GC(32261) User=0.01s Sys=0.00s Real=0.00s
[13363.300s][info][gc,start       ] GC(32262) Pause Young (Allocation Failure)
[13363.303s][info][gc,heap        ] GC(32262) PSYoungGen: 82656K(84480K)->2208K(83456K) Eden: 81920K(81920K)->0K(80896K) From: 736K(2560K)->2208K(2560K)
[13363.303s][info][gc,heap        ] GC(32262) ParOldGen: 178470K(184832K)->179614K(184832K)
[13363.303s][info][gc,metaspace   ] GC(32262) Metaspace: 62146K(62464K)->62146K(62464K) NonClass: 56614K(56832K)->56614K(56832K) Class: 5532K(5632K)->5532K(5632K)
[13363.303s][info][gc             ] GC(32262) Pause Young (Allocation Failure) 255M->177M(262M) 2.787ms
[13363.303s][info][gc,cpu         ] GC(32262) User=0.00s Sys=0.00s Real=0.01s
[13363.742s][info][gc,start       ] GC(32263) Pause Young (Allocation Failure)
[13363.744s][info][gc,heap        ] GC(32263) PSYoungGen: 83104K(83456K)->256K(83968K) Eden: 80896K(80896K)->0K(80896K) From: 2208K(2560K)->256K(3072K)
[13363.744s][info][gc,heap        ] GC(32263) ParOldGen: 179614K(184832K)->181734K(184832K)
[13363.744s][info][gc,metaspace   ] GC(32263) Metaspace: 62146K(62464K)->62146K(62464K) NonClass: 56614K(56832K)->56614K(56832K) Class: 5532K(5632K)->5532K(5632K)
[13363.744s][info][gc             ] GC(32263) Pause Young (Allocation Failure) 256M->177M(262M) 1.997ms
[13363.744s][info][gc,cpu         ] GC(32263) User=0.00s Sys=0.00s Real=0.00s
[13364.174s][info][gc,start       ] GC(32264) Pause Young (Allocation Failure)
[13364.176s][info][gc,heap        ] GC(32264) PSYoungGen: 81152K(83968K)->704K(84480K) Eden: 80896K(80896K)->0K(81408K) From: 256K(3072K)->704K(3072K)
[13364.176s][info][gc,heap        ] GC(32264) ParOldGen: 181734K(184832K)->181798K(184832K)
[13364.176s][info][gc,metaspace   ] GC(32264) Metaspace: 62146K(62464K)->62146K(62464K) NonClass: 56614K(56832K)->56614K(56832K) Class: 5532K(5632K)->5532K(5632K)
[13364.176s][info][gc             ] GC(32264) Pause Young (Allocation Failure) 256M->178M(263M) 2.110ms
[13364.176s][info][gc,cpu         ] GC(32264) User=0.01s Sys=0.00s Real=0.00s
[13364.584s][info][gc,start       ] GC(32265) Pause Young (Allocation Failure)
[13364.586s][info][gc,heap        ] GC(32265) PSYoungGen: 82112K(84480K)->960K(83968K) Eden: 81408K(81408K)->0K(81408K) From: 704K(3072K)->960K(2560K)
[13364.586s][info][gc,heap        ] GC(32265) ParOldGen: 181798K(184832K)->181862K(184832K)
[13364.586s][info][gc,metaspace   ] GC(32265) Metaspace: 62146K(62464K)->62146K(62464K) NonClass: 56614K(56832K)->56614K(56832K) Class: 5532K(5632K)->5532K(5632K)
[13364.586s][info][gc             ] GC(32265) Pause Young (Allocation Failure) 257M->178M(262M) 2.317ms
[13364.586s][info][gc,cpu         ] GC(32265) User=0.01s Sys=0.00s Real=0.00s
[13365.003s][info][gc,start       ] GC(32266) Pause Young (Allocation Failure)
[13365.006s][info][gc,heap        ] GC(32266) PSYoungGen: 82368K(83968K)->1248K(84480K) Eden: 81408K(81408K)->0K(81920K) From: 960K(2560K)->1248K(2560K)
[13365.006s][info][gc,heap        ] GC(32266) ParOldGen: 181862K(184832K)->181934K(184832K)
[13365.006s][info][gc,metaspace   ] GC(32266) Metaspace: 62146K(62464K)->62146K(62464K) NonClass: 56614K(56832K)->56614K(56832K) Class: 5532K(5632K)->5532K(5632K)
[13365.006s][info][gc             ] GC(32266) Pause Young (Allocation Failure) 258M->178M(263M) 2.545ms
[13365.006s][info][gc,cpu         ] GC(32266) User=0.01s Sys=0.00s Real=0.00s
[13365.392s][info][gc,start       ] GC(32267) Pause Young (Allocation Failure)
[13365.395s][info][gc,heap        ] GC(32267) PSYoungGen: 83168K(84480K)->1280K(84480K) Eden: 81920K(81920K)->0K(81920K) From: 1248K(2560K)->1280K(2560K)
[13365.395s][info][gc,heap        ] GC(32267) ParOldGen: 181934K(184832K)->182006K(184832K)
[13365.395s][info][gc,metaspace   ] GC(32267) Metaspace: 62146K(62464K)->62146K(62464K) NonClass: 56614K(56832K)->56614K(56832K) Class: 5532K(5632K)->5532K(5632K)
[13365.395s][info][gc             ] GC(32267) Pause Young (Allocation Failure) 258M->178M(263M) 2.492ms
[13365.395s][info][gc,cpu         ] GC(32267) User=0.01s Sys=0.00s Real=0.00s
[13365.777s][info][gc,start       ] GC(32268) Pause Young (Allocation Failure)
[13365.779s][info][gc,heap        ] GC(32268) PSYoungGen: 83200K(84480K)->864K(84480K) Eden: 81920K(81920K)->0K(81920K) From: 1280K(2560K)->864K(2560K)
[13365.779s][info][gc,heap        ] GC(32268) ParOldGen: 182006K(184832K)->182078K(184832K)
[13365.779s][info][gc,metaspace   ] GC(32268) Metaspace: 62146K(62464K)->62146K(62464K) NonClass: 56614K(56832K)->56614K(56832K) Class: 5532K(5632K)->5532K(5632K)
[13365.779s][info][gc             ] GC(32268) Pause Young (Allocation Failure) 258M->178M(263M) 2.112ms
[13365.779s][info][gc,cpu         ] GC(32268) User=0.00s Sys=0.00s Real=0.00s
[13366.161s][info][gc,start       ] GC(32269) Pause Young (Allocation Failure)
[13366.163s][info][gc,heap        ] GC(32269) PSYoungGen: 82784K(84480K)->512K(84480K) Eden: 81920K(81920K)->0K(81920K) From: 864K(2560K)->512K(2560K)
[13366.163s][info][gc,heap        ] GC(32269) ParOldGen: 182078K(184832K)->182142K(184832K)
[13366.163s][info][gc,metaspace   ] GC(32269) Metaspace: 62146K(62464K)->62146K(62464K) NonClass: 56614K(56832K)->56614K(56832K) Class: 5532K(5632K)->5532K(5632K)
[13366.163s][info][gc             ] GC(32269) Pause Young (Allocation Failure) 258M->178M(263M) 1.947ms
[13366.163s][info][gc,cpu         ] GC(32269) User=0.00s Sys=0.00s Real=0.00s
[13366.562s][info][gc,start       ] GC(32270) Pause Young (Allocation Failure)
[13366.564s][info][gc,heap        ] GC(32270) PSYoungGen: 82432K(84480K)->576K(84480K) Eden: 81920K(81920K)->0K(81920K) From: 512K(2560K)->576K(2560K)
[13366.564s][info][gc,heap        ] GC(32270) ParOldGen: 182142K(184832K)->182214K(184832K)
[13366.564s][info][gc,metaspace   ] GC(32270) Metaspace: 62146K(62464K)->62146K(62464K) NonClass: 56614K(56832K)->56614K(56832K) Class: 5532K(5632K)->5532K(5632K)
[13366.564s][info][gc             ] GC(32270) Pause Young (Allocation Failure) 258M->178M(263M) 1.849ms
[13366.564s][info][gc,cpu         ] GC(32270) User=0.01s Sys=0.00s Real=0.00s
[13366.926s][info][gc,start       ] GC(32271) Pause Young (Allocation Failure)
[13366.928s][info][gc,heap        ] GC(32271) PSYoungGen: 82496K(84480K)->1824K(84480K) Eden: 81920K(81920K)->0K(81920K) From: 576K(2560K)->1824K(2560K)
[13366.928s][info][gc,heap        ] GC(32271) ParOldGen: 182214K(184832K)->182278K(184832K)
[13366.928s][info][gc,metaspace   ] GC(32271) Metaspace: 62146K(62464K)->62146K(62464K) NonClass: 56614K(56832K)->56614K(56832K) Class: 5532K(5632K)->5532K(5632K)
[13366.928s][info][gc             ] GC(32271) Pause Young (Allocation Failure) 258M->179M(263M) 2.810ms
[13366.928s][info][gc,cpu         ] GC(32271) User=0.01s Sys=0.00s Real=0.00s
[13367.316s][info][gc,start       ] GC(32272) Pause Young (Allocation Failure)
[13367.319s][info][gc,heap        ] GC(32272) PSYoungGen: 83744K(84480K)->1536K(84480K) Eden: 81920K(81920K)->0K(81920K) From: 1824K(2560K)->1536K(2560K)
[13367.319s][info][gc,heap        ] GC(32272) ParOldGen: 182278K(184832K)->182350K(184832K)
[13367.319s][info][gc,metaspace   ] GC(32272) Metaspace: 62146K(62464K)->62146K(62464K) NonClass: 56614K(56832K)->56614K(56832K) Class: 5532K(5632K)->5532K(5632K)
[13367.319s][info][gc             ] GC(32272) Pause Young (Allocation Failure) 259M->179M(263M) 2.593ms
[13367.319s][info][gc,cpu         ] GC(32272) User=0.01s Sys=0.00s Real=0.00s
[13367.681s][info][gc,start       ] GC(32273) Pause Young (Allocation Failure)
[13367.683s][info][gc,heap        ] GC(32273) PSYoungGen: 83456K(84480K)->2016K(83968K) Eden: 81920K(81920K)->0K(81920K) From: 1536K(2560K)->2016K(2048K)
[13367.683s][info][gc,heap        ] GC(32273) ParOldGen: 182350K(184832K)->183446K(184832K)
[13367.683s][info][gc,metaspace   ] GC(32273) Metaspace: 62146K(62464K)->62146K(62464K) NonClass: 56614K(56832K)->56614K(56832K) Class: 5532K(5632K)->5532K(5632K)
[13367.683s][info][gc             ] GC(32273) Pause Young (Allocation Failure) 259M->181M(262M) 2.521ms
[13367.683s][info][gc,cpu         ] GC(32273) User=0.00s Sys=0.00s Real=0.01s
[13368.056s][info][gc,start       ] GC(32274) Pause Young (Allocation Failure)
[13368.059s][info][gc,heap        ] GC(32274) PSYoungGen: 83936K(83968K)->544K(83968K) Eden: 81920K(81920K)->0K(80896K) From: 2016K(2048K)->544K(3072K)
[13368.059s][info][gc,heap        ] GC(32274) ParOldGen: 183446K(184832K)->185566K(186368K)
[13368.059s][info][gc,metaspace   ] GC(32274) Metaspace: 62146K(62464K)->62146K(62464K) NonClass: 56614K(56832K)->56614K(56832K) Class: 5532K(5632K)->5532K(5632K)
[13368.059s][info][gc             ] GC(32274) Pause Young (Allocation Failure) 261M->181M(264M) 2.448ms
[13368.059s][info][gc,cpu         ] GC(32274) User=0.00s Sys=0.00s Real=0.00s
[13368.466s][info][gc,start       ] GC(32275) Pause Young (Allocation Failure)
[13368.468s][info][gc,heap        ] GC(32275) PSYoungGen: 81440K(83968K)->576K(83968K) Eden: 80896K(80896K)->0K(80896K) From: 544K(3072K)->576K(3072K)
[13368.468s][info][gc,heap        ] GC(32275) ParOldGen: 185566K(186368K)->185638K(186368K)
[13368.468s][info][gc,metaspace   ] GC(32275) Metaspace: 62146K(62464K)->62146K(62464K) NonClass: 56614K(56832K)->56614K(56832K) Class: 5532K(5632K)->5532K(5632K)
[13368.468s][info][gc             ] GC(32275) Pause Young (Allocation Failure) 260M->181M(264M) 2.060ms
[13368.468s][info][gc,cpu         ] GC(32275) User=0.01s Sys=0.00s Real=0.00s
[13368.836s][info][gc,start       ] GC(32276) Pause Young (Allocation Failure)
[13368.839s][info][gc,heap        ] GC(32276) PSYoungGen: 81472K(83968K)->1920K(83456K) Eden: 80896K(80896K)->0K(80896K) From: 576K(3072K)->1920K(2560K)
[13368.839s][info][gc,heap        ] GC(32276) ParOldGen: 185638K(186368K)->185710K(186368K)
[13368.839s][info][gc,metaspace   ] GC(32276) Metaspace: 62146K(62464K)->62146K(62464K) NonClass: 56614K(56832K)->56614K(56832K) Class: 5532K(5632K)->5532K(5632K)
[13368.839s][info][gc             ] GC(32276) Pause Young (Allocation Failure) 260M->183M(263M) 2.971ms
[13368.839s][info][gc,cpu         ] GC(32276) User=0.00s Sys=0.00s Real=0.00s
[13369.216s][info][gc,start       ] GC(32277) Pause Young (Allocation Failure)
[13369.218s][info][gc,heap        ] GC(32277) PSYoungGen: 82816K(83456K)->1472K(83968K) Eden: 80896K(80896K)->0K(80896K) From: 1920K(2560K)->1472K(3072K)
[13369.218s][info][gc,heap        ] GC(32277) ParOldGen: 185710K(186368K)->185782K(186368K)
[13369.218s][info][gc,metaspace   ] GC(32277) Metaspace: 62146K(62464K)->62146K(62464K) NonClass: 56614K(56832K)->56614K(56832K) Class: 5532K(5632K)->5532K(5632K)
[13369.218s][info][gc             ] GC(32277) Pause Young (Allocation Failure) 262M->182M(264M) 2.584ms
[13369.219s][info][gc,cpu         ] GC(32277) User=0.01s Sys=0.01s Real=0.00s
[13369.598s][info][gc,start       ] GC(32278) Pause Young (Allocation Failure)
[13369.601s][info][gc,heap        ] GC(32278) PSYoungGen: 82368K(83968K)->1152K(84480K) Eden: 80896K(80896K)->0K(81408K) From: 1472K(3072K)->1152K(3072K)
[13369.601s][info][gc,heap        ] GC(32278) ParOldGen: 185782K(186368K)->185854K(186368K)
[13369.601s][info][gc,metaspace   ] GC(32278) Metaspace: 62146K(62464K)->62146K(62464K) NonClass: 56614K(56832K)->56614K(56832K) Class: 5532K(5632K)->5532K(5632K)
[13369.601s][info][gc             ] GC(32278) Pause Young (Allocation Failure) 261M->182M(264M) 2.486ms
[13369.601s][info][gc,cpu         ] GC(32278) User=0.00s Sys=0.00s Real=0.00s
[13370.068s][info][gc,start       ] GC(32279) Pause Young (Allocation Failure)
[13370.070s][info][gc,heap        ] GC(32279) PSYoungGen: 82560K(84480K)->560K(83968K) Eden: 81408K(81408K)->0K(81408K) From: 1152K(3072K)->560K(2560K)
[13370.070s][info][gc,heap        ] GC(32279) ParOldGen: 185854K(186368K)->185918K(186368K)
[13370.070s][info][gc,metaspace   ] GC(32279) Metaspace: 62146K(62464K)->62146K(62464K) NonClass: 56614K(56832K)->56614K(56832K) Class: 5532K(5632K)->5532K(5632K)
[13370.070s][info][gc             ] GC(32279) Pause Young (Allocation Failure) 262M->182M(264M) 2.036ms
[13370.070s][info][gc,cpu         ] GC(32279) User=0.00s Sys=0.00s Real=0.00s
[13370.493s][info][gc,start       ] GC(32280) Pause Young (Allocation Failure)
[13370.495s][info][gc,heap        ] GC(32280) PSYoungGen: 81968K(83968K)->1056K(84480K) Eden: 81408K(81408K)->0K(81920K) From: 560K(2560K)->1056K(2560K)
[13370.495s][info][gc,heap        ] GC(32280) ParOldGen: 185918K(186368K)->186038K(186368K)
[13370.495s][info][gc,metaspace   ] GC(32280) Metaspace: 62146K(62464K)->62146K(62464K) NonClass: 56614K(56832K)->56614K(56832K) Class: 5532K(5632K)->5532K(5632K)
[13370.495s][info][gc             ] GC(32280) Pause Young (Allocation Failure) 261M->182M(264M) 2.342ms
[13370.495s][info][gc,cpu         ] GC(32280) User=0.00s Sys=0.00s Real=0.00s
[13370.905s][info][gc,start       ] GC(32281) Pause Young (Allocation Failure)
[13370.908s][info][gc,heap        ] GC(32281) PSYoungGen: 82976K(84480K)->1312K(84480K) Eden: 81920K(81920K)->0K(81920K) From: 1056K(2560K)->1312K(2560K)
[13370.908s][info][gc,heap        ] GC(32281) ParOldGen: 186038K(186368K)->186102K(186368K)
[13370.908s][info][gc,metaspace   ] GC(32281) Metaspace: 62146K(62464K)->62146K(62464K) NonClass: 56614K(56832K)->56614K(56832K) Class: 5532K(5632K)->5532K(5632K)
[13370.908s][info][gc             ] GC(32281) Pause Young (Allocation Failure) 262M->183M(264M) 2.652ms
[13370.908s][info][gc,cpu         ] GC(32281) User=0.01s Sys=0.00s Real=0.00s
[13371.289s][info][gc,start       ] GC(32282) Pause Young (Allocation Failure)
[13371.292s][info][gc,heap        ] GC(32282) PSYoungGen: 83232K(84480K)->1024K(84480K) Eden: 81920K(81920K)->0K(81920K) From: 1312K(2560K)->1024K(2560K)
[13371.292s][info][gc,heap        ] GC(32282) ParOldGen: 186102K(186368K)->186174K(186368K)
[13371.292s][info][gc,metaspace   ] GC(32282) Metaspace: 62146K(62464K)->62146K(62464K) NonClass: 56614K(56832K)->56614K(56832K) Class: 5532K(5632K)->5532K(5632K)
[13371.292s][info][gc             ] GC(32282) Pause Young (Allocation Failure) 263M->182M(264M) 2.300ms
[13371.292s][info][gc,cpu         ] GC(32282) User=0.00s Sys=0.00s Real=0.01s
[13371.696s][info][gc,start       ] GC(32283) Pause Young (Allocation Failure)
[13371.698s][info][gc,heap        ] GC(32283) PSYoungGen: 82944K(84480K)->1184K(84480K) Eden: 81920K(81920K)->0K(81920K) From: 1024K(2560K)->1184K(2560K)
[13371.698s][info][gc,heap        ] GC(32283) ParOldGen: 186174K(186368K)->186246K(186368K)
[13371.698s][info][gc,metaspace   ] GC(32283) Metaspace: 62146K(62464K)->62146K(62464K) NonClass: 56614K(56832K)->56614K(56832K) Class: 5532K(5632K)->5532K(5632K)
[13371.698s][info][gc             ] GC(32283) Pause Young (Allocation Failure) 262M->183M(264M) 2.431ms
[13371.698s][info][gc,cpu         ] GC(32283) User=0.00s Sys=0.00s Real=0.00s
[13372.107s][info][gc,start       ] GC(32284) Pause Young (Allocation Failure)
[13372.113s][info][gc,heap        ] GC(32284) PSYoungGen: 83104K(84480K)->2336K(84480K) Eden: 81920K(81920K)->0K(81920K) From: 1184K(2560K)->2336K(2560K)
[13372.113s][info][gc,heap        ] GC(32284) ParOldGen: 186246K(186368K)->186310K(186368K)
[13372.113s][info][gc,metaspace   ] GC(32284) Metaspace: 62146K(62464K)->62146K(62464K) NonClass: 56614K(56832K)->56614K(56832K) Class: 5532K(5632K)->5532K(5632K)
[13372.113s][info][gc             ] GC(32284) Pause Young (Allocation Failure) 263M->184M(264M) 5.404ms
[13372.113s][info][gc,cpu         ] GC(32284) User=0.00s Sys=0.00s Real=0.01s
[13372.526s][info][gc,start       ] GC(32285) Pause Young (Allocation Failure)
[13372.530s][info][gc,heap        ] GC(32285) PSYoungGen: 84256K(84480K)->1568K(84480K) Eden: 81920K(81920K)->0K(81920K) From: 2336K(2560K)->1568K(2560K)
[13372.530s][info][gc,heap        ] GC(32285) ParOldGen: 186310K(186368K)->188430K(189440K)
[13372.530s][info][gc,metaspace   ] GC(32285) Metaspace: 62146K(62464K)->62146K(62464K) NonClass: 56614K(56832K)->56614K(56832K) Class: 5532K(5632K)->5532K(5632K)
[13372.530s][info][gc             ] GC(32285) Pause Young (Allocation Failure) 264M->185M(267M) 3.954ms
[13372.530s][info][gc,cpu         ] GC(32285) User=0.01s Sys=0.00s Real=0.00s
[13372.981s][info][gc,start       ] GC(32286) Pause Young (Allocation Failure)
[13372.983s][info][gc,heap        ] GC(32286) PSYoungGen: 83488K(84480K)->800K(84480K) Eden: 81920K(81920K)->0K(81920K) From: 1568K(2560K)->800K(2560K)
[13372.983s][info][gc,heap        ] GC(32286) ParOldGen: 188430K(189440K)->188502K(189440K)
[13372.983s][info][gc,metaspace   ] GC(32286) Metaspace: 62146K(62464K)->62146K(62464K) NonClass: 56614K(56832K)->56614K(56832K) Class: 5532K(5632K)->5532K(5632K)
[13372.983s][info][gc             ] GC(32286) Pause Young (Allocation Failure) 265M->184M(267M) 2.186ms
[13372.983s][info][gc,cpu         ] GC(32286) User=0.00s Sys=0.00s Real=0.01s
[13373.377s][info][gc,start       ] GC(32287) Pause Young (Allocation Failure)
[13373.379s][info][gc,heap        ] GC(32287) PSYoungGen: 82720K(84480K)->736K(84480K) Eden: 81920K(81920K)->0K(81920K) From: 800K(2560K)->736K(2560K)
[13373.380s][info][gc,heap        ] GC(32287) ParOldGen: 188502K(189440K)->188566K(189440K)
[13373.380s][info][gc,metaspace   ] GC(32287) Metaspace: 62146K(62464K)->62146K(62464K) NonClass: 56614K(56832K)->56614K(56832K) Class: 5532K(5632K)->5532K(5632K)
[13373.380s][info][gc             ] GC(32287) Pause Young (Allocation Failure) 264M->184M(267M) 2.280ms
[13373.380s][info][gc,cpu         ] GC(32287) User=0.01s Sys=0.01s Real=0.00s
[13373.808s][info][gc,start       ] GC(32288) Pause Young (Allocation Failure)
[13373.810s][info][gc,heap        ] GC(32288) PSYoungGen: 82656K(84480K)->1088K(84480K) Eden: 81920K(81920K)->0K(81920K) From: 736K(2560K)->1088K(2560K)
[13373.810s][info][gc,heap        ] GC(32288) ParOldGen: 188566K(189440K)->188630K(189440K)
[13373.810s][info][gc,metaspace   ] GC(32288) Metaspace: 62146K(62464K)->62146K(62464K) NonClass: 56614K(56832K)->56614K(56832K) Class: 5532K(5632K)->5532K(5632K)
[13373.810s][info][gc             ] GC(32288) Pause Young (Allocation Failure) 264M->185M(267M) 2.447ms
[13373.810s][info][gc,cpu         ] GC(32288) User=0.01s Sys=0.00s Real=0.00s
[13374.214s][info][gc,start       ] GC(32289) Pause Young (Allocation Failure)
[13374.217s][info][gc,heap        ] GC(32289) PSYoungGen: 83008K(84480K)->1600K(84480K) Eden: 81920K(81920K)->0K(81920K) From: 1088K(2560K)->1600K(2560K)
[13374.217s][info][gc,heap        ] GC(32289) ParOldGen: 188630K(189440K)->188694K(189440K)
[13374.217s][info][gc,metaspace   ] GC(32289) Metaspace: 62146K(62464K)->62146K(62464K) NonClass: 56614K(56832K)->56614K(56832K) Class: 5532K(5632K)->5532K(5632K)
[13374.217s][info][gc             ] GC(32289) Pause Young (Allocation Failure) 265M->185M(267M) 2.833ms
[13374.217s][info][gc,cpu         ] GC(32289) User=0.01s Sys=0.00s Real=0.00s
[13374.647s][info][gc,start       ] GC(32290) Pause Young (Allocation Failure)
[13374.649s][info][gc,heap        ] GC(32290) PSYoungGen: 83520K(84480K)->320K(84480K) Eden: 81920K(81920K)->0K(81920K) From: 1600K(2560K)->320K(2560K)
[13374.649s][info][gc,heap        ] GC(32290) ParOldGen: 188694K(189440K)->188758K(189440K)
[13374.649s][info][gc,metaspace   ] GC(32290) Metaspace: 62146K(62464K)->62146K(62464K) NonClass: 56614K(56832K)->56614K(56832K) Class: 5532K(5632K)->5532K(5632K)
[13374.649s][info][gc             ] GC(32290) Pause Young (Allocation Failure) 265M->184M(267M) 1.763ms
[13374.649s][info][gc,cpu         ] GC(32290) User=0.01s Sys=0.00s Real=0.00s
[13375.094s][info][gc,start       ] GC(32291) Pause Young (Allocation Failure)
[13375.096s][info][gc,heap        ] GC(32291) PSYoungGen: 82240K(84480K)->928K(84480K) Eden: 81920K(81920K)->0K(81920K) From: 320K(2560K)->928K(2560K)
[13375.096s][info][gc,heap        ] GC(32291) ParOldGen: 188758K(189440K)->188822K(189440K)
[13375.096s][info][gc,metaspace   ] GC(32291) Metaspace: 62146K(62464K)->62146K(62464K) NonClass: 56614K(56832K)->56614K(56832K) Class: 5532K(5632K)->5532K(5632K)
[13375.096s][info][gc             ] GC(32291) Pause Young (Allocation Failure) 264M->185M(267M) 2.545ms
[13375.096s][info][gc,cpu         ] GC(32291) User=0.00s Sys=0.00s Real=0.00s
[13375.549s][info][gc,start       ] GC(32292) Pause Young (Allocation Failure)
[13375.551s][info][gc,heap        ] GC(32292) PSYoungGen: 82848K(84480K)->352K(84480K) Eden: 81920K(81920K)->0K(81920K) From: 928K(2560K)->352K(2560K)
[13375.551s][info][gc,heap        ] GC(32292) ParOldGen: 188822K(189440K)->188894K(189440K)
[13375.551s][info][gc,metaspace   ] GC(32292) Metaspace: 62146K(62464K)->62146K(62464K) NonClass: 56614K(56832K)->56614K(56832K) Class: 5532K(5632K)->5532K(5632K)
[13375.551s][info][gc             ] GC(32292) Pause Young (Allocation Failure) 265M->184M(267M) 1.899ms
[13375.551s][info][gc,cpu         ] GC(32292) User=0.00s Sys=0.00s Real=0.01s
[13375.998s][info][gc,start       ] GC(32293) Pause Young (Allocation Failure)
[13376.000s][info][gc,heap        ] GC(32293) PSYoungGen: 82272K(84480K)->1120K(84480K) Eden: 81920K(81920K)->0K(81920K) From: 352K(2560K)->1120K(2560K)
[13376.000s][info][gc,heap        ] GC(32293) ParOldGen: 188894K(189440K)->188966K(189440K)
[13376.000s][info][gc,metaspace   ] GC(32293) Metaspace: 62146K(62464K)->62146K(62464K) NonClass: 56614K(56832K)->56614K(56832K) Class: 5532K(5632K)->5532K(5632K)
[13376.000s][info][gc             ] GC(32293) Pause Young (Allocation Failure) 264M->185M(267M) 2.489ms
[13376.000s][info][gc,cpu         ] GC(32293) User=0.00s Sys=0.00s Real=0.00s
[13376.393s][info][gc,start       ] GC(32294) Pause Young (Allocation Failure)
[13376.395s][info][gc,heap        ] GC(32294) PSYoungGen: 83040K(84480K)->992K(84480K) Eden: 81920K(81920K)->0K(81920K) From: 1120K(2560K)->992K(2560K)
[13376.396s][info][gc,heap        ] GC(32294) ParOldGen: 188966K(189440K)->189030K(189440K)
[13376.396s][info][gc,metaspace   ] GC(32294) Metaspace: 62146K(62464K)->62146K(62464K) NonClass: 56614K(56832K)->56614K(56832K) Class: 5532K(5632K)->5532K(5632K)
[13376.396s][info][gc             ] GC(32294) Pause Young (Allocation Failure) 265M->185M(267M) 2.299ms
[13376.396s][info][gc,cpu         ] GC(32294) User=0.00s Sys=0.00s Real=0.00s
[13376.847s][info][gc,start       ] GC(32295) Pause Young (Allocation Failure)
[13376.849s][info][gc,heap        ] GC(32295) PSYoungGen: 82912K(84480K)->288K(84480K) Eden: 81920K(81920K)->0K(81920K) From: 992K(2560K)->288K(2560K)
[13376.849s][info][gc,heap        ] GC(32295) ParOldGen: 189030K(189440K)->189094K(189440K)
[13376.849s][info][gc,metaspace   ] GC(32295) Metaspace: 62146K(62464K)->62146K(62464K) NonClass: 56614K(56832K)->56614K(56832K) Class: 5532K(5632K)->5532K(5632K)
[13376.849s][info][gc             ] GC(32295) Pause Young (Allocation Failure) 265M->184M(267M) 1.834ms
[13376.849s][info][gc,cpu         ] GC(32295) User=0.00s Sys=0.00s Real=0.00s
[13377.280s][info][gc,start       ] GC(32296) Pause Young (Allocation Failure)
[13377.282s][info][gc,heap        ] GC(32296) PSYoungGen: 82208K(84480K)->1792K(84480K) Eden: 81920K(81920K)->0K(81920K) From: 288K(2560K)->1792K(2560K)
[13377.283s][info][gc,heap        ] GC(32296) ParOldGen: 189094K(189440K)->190190K(190976K)
[13377.283s][info][gc,metaspace   ] GC(32296) Metaspace: 62146K(62464K)->62146K(62464K) NonClass: 56614K(56832K)->56614K(56832K) Class: 5532K(5632K)->5532K(5632K)
[13377.283s][info][gc             ] GC(32296) Pause Young (Allocation Failure) 264M->187M(269M) 2.759ms
[13377.283s][info][gc,cpu         ] GC(32296) User=0.00s Sys=0.01s Real=0.01s
[13377.766s][info][gc,start       ] GC(32297) Pause Young (Allocation Failure)
[13377.769s][info][gc,heap        ] GC(32297) PSYoungGen: 83712K(84480K)->640K(84480K) Eden: 81920K(81920K)->0K(81920K) From: 1792K(2560K)->640K(2560K)
[13377.769s][info][gc,heap        ] GC(32297) ParOldGen: 190190K(190976K)->192302K(192512K)
[13377.769s][info][gc,metaspace   ] GC(32297) Metaspace: 62146K(62464K)->62146K(62464K) NonClass: 56614K(56832K)->56614K(56832K) Class: 5532K(5632K)->5532K(5632K)
[13377.769s][info][gc             ] GC(32297) Pause Young (Allocation Failure) 267M->188M(270M) 3.285ms
[13377.769s][info][gc,cpu         ] GC(32297) User=0.00s Sys=0.00s Real=0.00s
[13378.201s][info][gc,start       ] GC(32298) Pause Young (Allocation Failure)
[13378.203s][info][gc,heap        ] GC(32298) PSYoungGen: 82560K(84480K)->1184K(84480K) Eden: 81920K(81920K)->0K(81920K) From: 640K(2560K)->1184K(2560K)
[13378.203s][info][gc,heap        ] GC(32298) ParOldGen: 192302K(192512K)->192414K(192512K)
[13378.203s][info][gc,metaspace   ] GC(32298) Metaspace: 62146K(62464K)->62146K(62464K) NonClass: 56614K(56832K)->56614K(56832K) Class: 5532K(5632K)->5532K(5632K)
[13378.203s][info][gc             ] GC(32298) Pause Young (Allocation Failure) 268M->189M(270M) 2.576ms
[13378.203s][info][gc,cpu         ] GC(32298) User=0.01s Sys=0.00s Real=0.01s
[13378.654s][info][gc,start       ] GC(32299) Pause Young (Allocation Failure)
[13378.655s][info][gc,heap        ] GC(32299) PSYoungGen: 83104K(84480K)->416K(84480K) Eden: 81920K(81920K)->0K(81920K) From: 1184K(2560K)->416K(2560K)
[13378.655s][info][gc,heap        ] GC(32299) ParOldGen: 192414K(192512K)->192486K(192512K)
[13378.655s][info][gc,metaspace   ] GC(32299) Metaspace: 62146K(62464K)->62146K(62464K) NonClass: 56614K(56832K)->56614K(56832K) Class: 5532K(5632K)->5532K(5632K)
[13378.655s][info][gc             ] GC(32299) Pause Young (Allocation Failure) 269M->188M(270M) 1.847ms
[13378.655s][info][gc,cpu         ] GC(32299) User=0.00s Sys=0.00s Real=0.00s
[13379.088s][info][gc,start       ] GC(32300) Pause Young (Allocation Failure)
[13379.090s][info][gc,heap        ] GC(32300) PSYoungGen: 82336K(84480K)->864K(84480K) Eden: 81920K(81920K)->0K(81920K) From: 416K(2560K)->864K(2560K)
[13379.090s][info][gc,heap        ] GC(32300) ParOldGen: 192486K(192512K)->192558K(193024K)
[13379.090s][info][gc,metaspace   ] GC(32300) Metaspace: 62146K(62464K)->62146K(62464K) NonClass: 56614K(56832K)->56614K(56832K) Class: 5532K(5632K)->5532K(5632K)
[13379.090s][info][gc             ] GC(32300) Pause Young (Allocation Failure) 268M->188M(271M) 2.330ms
[13379.090s][info][gc,cpu         ] GC(32300) User=0.00s Sys=0.00s Real=0.00s
[13379.530s][info][gc,start       ] GC(32301) Pause Young (Allocation Failure)
[13379.533s][info][gc,heap        ] GC(32301) PSYoungGen: 82784K(84480K)->1568K(84480K) Eden: 81920K(81920K)->0K(81920K) From: 864K(2560K)->1568K(2560K)
[13379.533s][info][gc,heap        ] GC(32301) ParOldGen: 192558K(193024K)->192630K(193024K)
[13379.533s][info][gc,metaspace   ] GC(32301) Metaspace: 62146K(62464K)->62146K(62464K) NonClass: 56614K(56832K)->56614K(56832K) Class: 5532K(5632K)->5532K(5632K)
[13379.533s][info][gc             ] GC(32301) Pause Young (Allocation Failure) 268M->189M(271M) 2.890ms
[13379.533s][info][gc,cpu         ] GC(32301) User=0.01s Sys=0.00s Real=0.01s
[13379.941s][info][gc,start       ] GC(32302) Pause Young (Allocation Failure)
[13379.942s][info][gc,heap        ] GC(32302) PSYoungGen: 83488K(84480K)->224K(84480K) Eden: 81920K(81920K)->0K(81920K) From: 1568K(2560K)->224K(2560K)
[13379.942s][info][gc,heap        ] GC(32302) ParOldGen: 192630K(193024K)->192702K(193024K)
[13379.942s][info][gc,metaspace   ] GC(32302) Metaspace: 62146K(62464K)->62146K(62464K) NonClass: 56614K(56832K)->56614K(56832K) Class: 5532K(5632K)->5532K(5632K)
[13379.942s][info][gc             ] GC(32302) Pause Young (Allocation Failure) 269M->188M(271M) 1.777ms
[13379.942s][info][gc,cpu         ] GC(32302) User=0.01s Sys=0.00s Real=0.01s
[13380.319s][info][gc,start       ] GC(32303) Pause Young (Allocation Failure)
[13380.322s][info][gc,heap        ] GC(32303) PSYoungGen: 82144K(84480K)->1664K(84480K) Eden: 81920K(81920K)->0K(81920K) From: 224K(2560K)->1664K(2560K)
[13380.322s][info][gc,heap        ] GC(32303) ParOldGen: 192702K(193024K)->192774K(193024K)
[13380.322s][info][gc,metaspace   ] GC(32303) Metaspace: 62146K(62464K)->62146K(62464K) NonClass: 56614K(56832K)->56614K(56832K) Class: 5532K(5632K)->5532K(5632K)
[13380.322s][info][gc             ] GC(32303) Pause Young (Allocation Failure) 268M->189M(271M) 3.077ms
[13380.322s][info][gc,cpu         ] GC(32303) User=0.01s Sys=0.00s Real=0.01s
[13380.755s][info][gc,start       ] GC(32304) Pause Young (Allocation Failure)
[13380.756s][info][gc,heap        ] GC(32304) PSYoungGen: 83584K(84480K)->480K(84480K) Eden: 81920K(81920K)->0K(81920K) From: 1664K(2560K)->480K(2560K)
[13380.756s][info][gc,heap        ] GC(32304) ParOldGen: 192774K(193024K)->192838K(193024K)
[13380.756s][info][gc,metaspace   ] GC(32304) Metaspace: 62146K(62464K)->62146K(62464K) NonClass: 56614K(56832K)->56614K(56832K) Class: 5532K(5632K)->5532K(5632K)
[13380.756s][info][gc             ] GC(32304) Pause Young (Allocation Failure) 269M->188M(271M) 1.959ms
[13380.757s][info][gc,cpu         ] GC(32304) User=0.00s Sys=0.00s Real=0.00s
[13381.176s][info][gc,start       ] GC(32305) Pause Young (Allocation Failure)
[13381.178s][info][gc,heap        ] GC(32305) PSYoungGen: 82400K(84480K)->800K(84480K) Eden: 81920K(81920K)->0K(81920K) From: 480K(2560K)->800K(2560K)
[13381.178s][info][gc,heap        ] GC(32305) ParOldGen: 192838K(193024K)->192910K(193024K)
[13381.178s][info][gc,metaspace   ] GC(32305) Metaspace: 62146K(62464K)->62146K(62464K) NonClass: 56614K(56832K)->56614K(56832K) Class: 5532K(5632K)->5532K(5632K)
[13381.178s][info][gc             ] GC(32305) Pause Young (Allocation Failure) 268M->189M(271M) 2.088ms
[13381.178s][info][gc,cpu         ] GC(32305) User=0.00s Sys=0.00s Real=0.00s
[13381.590s][info][gc,start       ] GC(32306) Pause Young (Allocation Failure)
[13381.592s][info][gc,heap        ] GC(32306) PSYoungGen: 82720K(84480K)->896K(84480K) Eden: 81920K(81920K)->0K(81920K) From: 800K(2560K)->896K(2560K)
[13381.592s][info][gc,heap        ] GC(32306) ParOldGen: 192910K(193024K)->192982K(193024K)
[13381.592s][info][gc,metaspace   ] GC(32306) Metaspace: 62146K(62464K)->62146K(62464K) NonClass: 56614K(56832K)->56614K(56832K) Class: 5532K(5632K)->5532K(5632K)
[13381.592s][info][gc             ] GC(32306) Pause Young (Allocation Failure) 269M->189M(271M) 2.208ms
[13381.592s][info][gc,cpu         ] GC(32306) User=0.00s Sys=0.00s Real=0.01s
[13381.998s][info][gc,start       ] GC(32307) Pause Young (Allocation Failure)
[13382.001s][info][gc,heap        ] GC(32307) PSYoungGen: 82816K(84480K)->2208K(84480K) Eden: 81920K(81920K)->0K(81920K) From: 896K(2560K)->2208K(2560K)
[13382.001s][info][gc,heap        ] GC(32307) ParOldGen: 192982K(193024K)->194078K(194560K)
[13382.001s][info][gc,metaspace   ] GC(32307) Metaspace: 62146K(62464K)->62146K(62464K) NonClass: 56614K(56832K)->56614K(56832K) Class: 5532K(5632K)->5532K(5632K)
[13382.001s][info][gc             ] GC(32307) Pause Young (Allocation Failure) 269M->191M(272M) 3.094ms
[13382.001s][info][gc,cpu         ] GC(32307) User=0.00s Sys=0.00s Real=0.01s
[13382.418s][info][gc,start       ] GC(32308) Pause Young (Allocation Failure)
[13382.422s][info][gc,heap        ] GC(32308) PSYoungGen: 84128K(84480K)->1312K(84480K) Eden: 81920K(81920K)->0K(81920K) From: 2208K(2560K)->1312K(2560K)
[13382.422s][info][gc,heap        ] GC(32308) ParOldGen: 194078K(194560K)->196190K(197632K)
[13382.422s][info][gc,metaspace   ] GC(32308) Metaspace: 62146K(62464K)->62146K(62464K) NonClass: 56614K(56832K)->56614K(56832K) Class: 5532K(5632K)->5532K(5632K)
[13382.422s][info][gc             ] GC(32308) Pause Young (Allocation Failure) 271M->192M(275M) 3.819ms
[13382.422s][info][gc,cpu         ] GC(32308) User=0.01s Sys=0.00s Real=0.01s
[13382.836s][info][gc,start       ] GC(32309) Pause Young (Allocation Failure)
[13382.839s][info][gc,heap        ] GC(32309) PSYoungGen: 83232K(84480K)->1888K(84480K) Eden: 81920K(81920K)->0K(81920K) From: 1312K(2560K)->1888K(2560K)
[13382.839s][info][gc,heap        ] GC(32309) ParOldGen: 196190K(197632K)->196262K(197632K)
[13382.839s][info][gc,metaspace   ] GC(32309) Metaspace: 62146K(62464K)->62146K(62464K) NonClass: 56614K(56832K)->56614K(56832K) Class: 5532K(5632K)->5532K(5632K)
[13382.839s][info][gc             ] GC(32309) Pause Young (Allocation Failure) 272M->193M(275M) 2.990ms
[13382.839s][info][gc,cpu         ] GC(32309) User=0.00s Sys=0.00s Real=0.00s
[13383.212s][info][gc,start       ] GC(32310) Pause Young (Allocation Failure)
[13383.215s][info][gc,heap        ] GC(32310) PSYoungGen: 83808K(84480K)->1376K(84480K) Eden: 81920K(81920K)->0K(81920K) From: 1888K(2560K)->1376K(2560K)
[13383.215s][info][gc,heap        ] GC(32310) ParOldGen: 196262K(197632K)->196334K(197632K)
[13383.215s][info][gc,metaspace   ] GC(32310) Metaspace: 62146K(62464K)->62146K(62464K) NonClass: 56614K(56832K)->56614K(56832K) Class: 5532K(5632K)->5532K(5632K)
[13383.215s][info][gc             ] GC(32310) Pause Young (Allocation Failure) 273M->193M(275M) 2.667ms
[13383.215s][info][gc,cpu         ] GC(32310) User=0.00s Sys=0.00s Real=0.00s
[13383.612s][info][gc,start       ] GC(32311) Pause Young (Allocation Failure)
[13383.615s][info][gc,heap        ] GC(32311) PSYoungGen: 83296K(84480K)->1440K(84480K) Eden: 81920K(81920K)->0K(81920K) From: 1376K(2560K)->1440K(2560K)
[13383.615s][info][gc,heap        ] GC(32311) ParOldGen: 196334K(197632K)->196406K(197632K)
[13383.615s][info][gc,metaspace   ] GC(32311) Metaspace: 62146K(62464K)->62146K(62464K) NonClass: 56614K(56832K)->56614K(56832K) Class: 5532K(5632K)->5532K(5632K)
[13383.615s][info][gc             ] GC(32311) Pause Young (Allocation Failure) 273M->193M(275M) 2.609ms
[13383.615s][info][gc,cpu         ] GC(32311) User=0.00s Sys=0.00s Real=0.00s
[13384.015s][info][gc,start       ] GC(32312) Pause Young (Allocation Failure)
[13384.017s][info][gc,heap        ] GC(32312) PSYoungGen: 83360K(84480K)->1376K(84480K) Eden: 81920K(81920K)->0K(81920K) From: 1440K(2560K)->1376K(2560K)
[13384.017s][info][gc,heap        ] GC(32312) ParOldGen: 196406K(197632K)->196470K(197632K)
[13384.017s][info][gc,metaspace   ] GC(32312) Metaspace: 62146K(62464K)->62146K(62464K) NonClass: 56614K(56832K)->56614K(56832K) Class: 5532K(5632K)->5532K(5632K)
[13384.017s][info][gc             ] GC(32312) Pause Young (Allocation Failure) 273M->193M(275M) 2.597ms
[13384.017s][info][gc,cpu         ] GC(32312) User=0.00s Sys=0.00s Real=0.00s
[13384.440s][info][gc,start       ] GC(32313) Pause Young (Allocation Failure)
[13384.441s][info][gc,heap        ] GC(32313) PSYoungGen: 83296K(84480K)->224K(84480K) Eden: 81920K(81920K)->0K(81920K) From: 1376K(2560K)->224K(2560K)
[13384.441s][info][gc,heap        ] GC(32313) ParOldGen: 196470K(197632K)->196534K(197632K)
[13384.441s][info][gc,metaspace   ] GC(32313) Metaspace: 62146K(62464K)->62146K(62464K) NonClass: 56614K(56832K)->56614K(56832K) Class: 5532K(5632K)->5532K(5632K)
[13384.441s][info][gc             ] GC(32313) Pause Young (Allocation Failure) 273M->192M(275M) 1.648ms
[13384.441s][info][gc,cpu         ] GC(32313) User=0.01s Sys=0.00s Real=0.01s
[13384.897s][info][gc,start       ] GC(32314) Pause Young (Allocation Failure)
[13384.899s][info][gc,heap        ] GC(32314) PSYoungGen: 82144K(84480K)->1120K(84480K) Eden: 81920K(81920K)->0K(81920K) From: 224K(2560K)->1120K(2560K)
[13384.899s][info][gc,heap        ] GC(32314) ParOldGen: 196534K(197632K)->196598K(197632K)
[13384.899s][info][gc,metaspace   ] GC(32314) Metaspace: 62146K(62464K)->62146K(62464K) NonClass: 56614K(56832K)->56614K(56832K) Class: 5532K(5632K)->5532K(5632K)
[13384.899s][info][gc             ] GC(32314) Pause Young (Allocation Failure) 272M->193M(275M) 2.456ms
[13384.899s][info][gc,cpu         ] GC(32314) User=0.00s Sys=0.00s Real=0.00s
[13385.394s][info][gc,start       ] GC(32315) Pause Young (Allocation Failure)
[13385.396s][info][gc,heap        ] GC(32315) PSYoungGen: 83040K(84480K)->992K(84480K) Eden: 81920K(81920K)->0K(81920K) From: 1120K(2560K)->992K(2560K)
[13385.396s][info][gc,heap        ] GC(32315) ParOldGen: 196598K(197632K)->196670K(197632K)
[13385.396s][info][gc,metaspace   ] GC(32315) Metaspace: 62146K(62464K)->62146K(62464K) NonClass: 56614K(56832K)->56614K(56832K) Class: 5532K(5632K)->5532K(5632K)
[13385.396s][info][gc             ] GC(32315) Pause Young (Allocation Failure) 273M->193M(275M) 2.273ms
[13385.396s][info][gc,cpu         ] GC(32315) User=0.01s Sys=0.00s Real=0.00s
[13385.810s][info][gc,start       ] GC(32316) Pause Young (Allocation Failure)
[13385.813s][info][gc,heap        ] GC(32316) PSYoungGen: 82912K(84480K)->1440K(84480K) Eden: 81920K(81920K)->0K(81920K) From: 992K(2560K)->1440K(2560K)
[13385.813s][info][gc,heap        ] GC(32316) ParOldGen: 196670K(197632K)->196798K(197632K)
[13385.813s][info][gc,metaspace   ] GC(32316) Metaspace: 62146K(62464K)->62146K(62464K) NonClass: 56614K(56832K)->56614K(56832K) Class: 5532K(5632K)->5532K(5632K)
[13385.813s][info][gc             ] GC(32316) Pause Young (Allocation Failure) 273M->193M(275M) 2.718ms
[13385.813s][info][gc,cpu         ] GC(32316) User=0.01s Sys=0.00s Real=0.01s
[13386.215s][info][gc,start       ] GC(32317) Pause Young (Allocation Failure)
[13386.217s][info][gc,heap        ] GC(32317) PSYoungGen: 83360K(84480K)->1344K(84480K) Eden: 81920K(81920K)->0K(81920K) From: 1440K(2560K)->1344K(2560K)
[13386.217s][info][gc,heap        ] GC(32317) ParOldGen: 196798K(197632K)->196870K(197632K)
[13386.217s][info][gc,metaspace   ] GC(32317) Metaspace: 62146K(62464K)->62146K(62464K) NonClass: 56614K(56832K)->56614K(56832K) Class: 5532K(5632K)->5532K(5632K)
[13386.217s][info][gc             ] GC(32317) Pause Young (Allocation Failure) 273M->193M(275M) 2.554ms
[13386.217s][info][gc,cpu         ] GC(32317) User=0.01s Sys=0.00s Real=0.00s
[13386.601s][info][gc,start       ] GC(32318) Pause Young (Allocation Failure)
[13386.604s][info][gc,heap        ] GC(32318) PSYoungGen: 83264K(84480K)->2272K(84480K) Eden: 81920K(81920K)->0K(81920K) From: 1344K(2560K)->2272K(2560K)
[13386.604s][info][gc,heap        ] GC(32318) ParOldGen: 196870K(197632K)->197966K(199168K)
[13386.604s][info][gc,metaspace   ] GC(32318) Metaspace: 62146K(62464K)->62146K(62464K) NonClass: 56614K(56832K)->56614K(56832K) Class: 5532K(5632K)->5532K(5632K)
[13386.604s][info][gc             ] GC(32318) Pause Young (Allocation Failure) 273M->195M(277M) 3.148ms
[13386.604s][info][gc,cpu         ] GC(32318) User=0.00s Sys=0.01s Real=0.01s
[13386.966s][info][gc,start       ] GC(32319) Pause Young (Allocation Failure)
[13386.969s][info][gc,heap        ] GC(32319) PSYoungGen: 84192K(84480K)->672K(84480K) Eden: 81920K(81920K)->0K(81920K) From: 2272K(2560K)->672K(2560K)
[13386.969s][info][gc,heap        ] GC(32319) ParOldGen: 197966K(199168K)->200086K(200704K)
[13386.969s][info][gc,metaspace   ] GC(32319) Metaspace: 62146K(62464K)->62146K(62464K) NonClass: 56614K(56832K)->56614K(56832K) Class: 5532K(5632K)->5532K(5632K)
[13386.969s][info][gc             ] GC(32319) Pause Young (Allocation Failure) 275M->196M(278M) 3.092ms
[13386.969s][info][gc,cpu         ] GC(32319) User=0.00s Sys=0.01s Real=0.00s
[13387.408s][info][gc,start       ] GC(32320) Pause Young (Allocation Failure)
[13387.411s][info][gc,heap        ] GC(32320) PSYoungGen: 82592K(84480K)->1280K(84480K) Eden: 81920K(81920K)->0K(81920K) From: 672K(2560K)->1280K(2560K)
[13387.411s][info][gc,heap        ] GC(32320) ParOldGen: 200086K(200704K)->200150K(200704K)
[13387.411s][info][gc,metaspace   ] GC(32320) Metaspace: 62146K(62464K)->62146K(62464K) NonClass: 56614K(56832K)->56614K(56832K) Class: 5532K(5632K)->5532K(5632K)
[13387.411s][info][gc             ] GC(32320) Pause Young (Allocation Failure) 276M->196M(278M) 2.483ms
[13387.411s][info][gc,cpu         ] GC(32320) User=0.01s Sys=0.00s Real=0.00s
[13387.833s][info][gc,start       ] GC(32321) Pause Young (Allocation Failure)
[13387.836s][info][gc,heap        ] GC(32321) PSYoungGen: 83200K(84480K)->1760K(84480K) Eden: 81920K(81920K)->0K(81920K) From: 1280K(2560K)->1760K(2560K)
[13387.836s][info][gc,heap        ] GC(32321) ParOldGen: 200150K(200704K)->200214K(200704K)
[13387.836s][info][gc,metaspace   ] GC(32321) Metaspace: 62146K(62464K)->62146K(62464K) NonClass: 56614K(56832K)->56614K(56832K) Class: 5532K(5632K)->5532K(5632K)
[13387.836s][info][gc             ] GC(32321) Pause Young (Allocation Failure) 276M->197M(278M) 2.885ms
[13387.836s][info][gc,cpu         ] GC(32321) User=0.00s Sys=0.01s Real=0.00s
[13388.262s][info][gc,start       ] GC(32322) Pause Young (Allocation Failure)
[13388.265s][info][gc,heap        ] GC(32322) PSYoungGen: 83680K(84480K)->576K(84480K) Eden: 81920K(81920K)->0K(81920K) From: 1760K(2560K)->576K(2560K)
[13388.265s][info][gc,heap        ] GC(32322) ParOldGen: 200214K(200704K)->200278K(200704K)
[13388.265s][info][gc,metaspace   ] GC(32322) Metaspace: 62146K(62464K)->62146K(62464K) NonClass: 56614K(56832K)->56614K(56832K) Class: 5532K(5632K)->5532K(5632K)
[13388.265s][info][gc             ] GC(32322) Pause Young (Allocation Failure) 277M->196M(278M) 2.156ms
[13388.265s][info][gc,cpu         ] GC(32322) User=0.00s Sys=0.00s Real=0.00s
[13388.679s][info][gc,start       ] GC(32323) Pause Young (Allocation Failure)
[13388.681s][info][gc,heap        ] GC(32323) PSYoungGen: 82496K(84480K)->800K(84480K) Eden: 81920K(81920K)->0K(81920K) From: 576K(2560K)->800K(2560K)
[13388.681s][info][gc,heap        ] GC(32323) ParOldGen: 200278K(200704K)->200350K(200704K)
[13388.681s][info][gc,metaspace   ] GC(32323) Metaspace: 62146K(62464K)->62146K(62464K) NonClass: 56614K(56832K)->56614K(56832K) Class: 5532K(5632K)->5532K(5632K)
[13388.681s][info][gc             ] GC(32323) Pause Young (Allocation Failure) 276M->196M(278M) 2.158ms
[13388.681s][info][gc,cpu         ] GC(32323) User=0.00s Sys=0.00s Real=0.00s
[13389.080s][info][gc,start       ] GC(32324) Pause Young (Allocation Failure)
[13389.082s][info][gc,heap        ] GC(32324) PSYoungGen: 82720K(84480K)->896K(84480K) Eden: 81920K(81920K)->0K(81920K) From: 800K(2560K)->896K(2560K)
[13389.082s][info][gc,heap        ] GC(32324) ParOldGen: 200350K(200704K)->200414K(200704K)
[13389.082s][info][gc,metaspace   ] GC(32324) Metaspace: 62146K(62464K)->62146K(62464K) NonClass: 56614K(56832K)->56614K(56832K) Class: 5532K(5632K)->5532K(5632K)
[13389.083s][info][gc             ] GC(32324) Pause Young (Allocation Failure) 276M->196M(278M) 2.159ms
[13389.083s][info][gc,cpu         ] GC(32324) User=0.00s Sys=0.00s Real=0.01s
[13389.472s][info][gc,start       ] GC(32325) Pause Young (Allocation Failure)
[13389.474s][info][gc,heap        ] GC(32325) PSYoungGen: 82816K(84480K)->704K(84480K) Eden: 81920K(81920K)->0K(81920K) From: 896K(2560K)->704K(2560K)
[13389.474s][info][gc,heap        ] GC(32325) ParOldGen: 200414K(200704K)->200486K(200704K)
[13389.474s][info][gc,metaspace   ] GC(32325) Metaspace: 62146K(62464K)->62146K(62464K) NonClass: 56614K(56832K)->56614K(56832K) Class: 5532K(5632K)->5532K(5632K)
[13389.474s][info][gc             ] GC(32325) Pause Young (Allocation Failure) 276M->196M(278M) 2.075ms
[13389.474s][info][gc,cpu         ] GC(32325) User=0.00s Sys=0.00s Real=0.00s
[13389.859s][info][gc,start       ] GC(32326) Pause Young (Allocation Failure)
[13389.861s][info][gc,heap        ] GC(32326) PSYoungGen: 82624K(84480K)->512K(84480K) Eden: 81920K(81920K)->0K(81920K) From: 704K(2560K)->512K(2560K)
[13389.861s][info][gc,heap        ] GC(32326) ParOldGen: 200486K(200704K)->200558K(200704K)
[13389.861s][info][gc,metaspace   ] GC(32326) Metaspace: 62146K(62464K)->62146K(62464K) NonClass: 56614K(56832K)->56614K(56832K) Class: 5532K(5632K)->5532K(5632K)
[13389.861s][info][gc             ] GC(32326) Pause Young (Allocation Failure) 276M->196M(278M) 1.941ms
[13389.861s][info][gc,cpu         ] GC(32326) User=0.00s Sys=0.00s Real=0.01s
[13390.275s][info][gc,start       ] GC(32327) Pause Young (Allocation Failure)
[13390.278s][info][gc,heap        ] GC(32327) PSYoungGen: 82432K(84480K)->768K(84480K) Eden: 81920K(81920K)->0K(81920K) From: 512K(2560K)->768K(2560K)
[13390.278s][info][gc,heap        ] GC(32327) ParOldGen: 200558K(200704K)->200630K(200704K)
[13390.278s][info][gc,metaspace   ] GC(32327) Metaspace: 62146K(62464K)->62146K(62464K) NonClass: 56614K(56832K)->56614K(56832K) Class: 5532K(5632K)->5532K(5632K)
[13390.278s][info][gc             ] GC(32327) Pause Young (Allocation Failure) 276M->196M(278M) 2.226ms
[13390.278s][info][gc,cpu         ] GC(32327) User=0.01s Sys=0.00s Real=0.00s
[13390.691s][info][gc,start       ] GC(32328) Pause Young (Allocation Failure)
[13390.694s][info][gc,heap        ] GC(32328) PSYoungGen: 82688K(84480K)->960K(84480K) Eden: 81920K(81920K)->0K(81920K) From: 768K(2560K)->960K(2560K)
[13390.694s][info][gc,heap        ] GC(32328) ParOldGen: 200630K(200704K)->200694K(200704K)
[13390.694s][info][gc,metaspace   ] GC(32328) Metaspace: 62146K(62464K)->62146K(62464K) NonClass: 56614K(56832K)->56614K(56832K) Class: 5532K(5632K)->5532K(5632K)
[13390.694s][info][gc             ] GC(32328) Pause Young (Allocation Failure) 276M->196M(278M) 2.698ms
[13390.694s][info][gc,cpu         ] GC(32328) User=0.00s Sys=0.00s Real=0.00s
[13391.145s][info][gc,start       ] GC(32329) Pause Young (Allocation Failure)
[13391.147s][info][gc,heap        ] GC(32329) PSYoungGen: 82880K(84480K)->288K(84480K) Eden: 81920K(81920K)->0K(81920K) From: 960K(2560K)->288K(2560K)
[13391.147s][info][gc,heap        ] GC(32329) ParOldGen: 200694K(200704K)->200758K(201216K)
[13391.147s][info][gc,metaspace   ] GC(32329) Metaspace: 62146K(62464K)->62146K(62464K) NonClass: 56614K(56832K)->56614K(56832K) Class: 5532K(5632K)->5532K(5632K)
[13391.147s][info][gc             ] GC(32329) Pause Young (Allocation Failure) 276M->196M(279M) 1.762ms
[13391.147s][info][gc,cpu         ] GC(32329) User=0.00s Sys=0.00s Real=0.00s
[13391.551s][info][gc,start       ] GC(32330) Pause Young (Allocation Failure)
[13391.553s][info][gc,heap        ] GC(32330) PSYoungGen: 82208K(84480K)->2400K(84480K) Eden: 81920K(81920K)->0K(81920K) From: 288K(2560K)->2400K(2560K)
[13391.553s][info][gc,heap        ] GC(32330) ParOldGen: 200758K(201216K)->200830K(201216K)
[13391.553s][info][gc,metaspace   ] GC(32330) Metaspace: 62146K(62464K)->62146K(62464K) NonClass: 56614K(56832K)->56614K(56832K) Class: 5532K(5632K)->5532K(5632K)
[13391.553s][info][gc             ] GC(32330) Pause Young (Allocation Failure) 276M->198M(279M) 1.984ms
[13391.553s][info][gc,cpu         ] GC(32330) User=0.00s Sys=0.00s Real=0.01s
[13391.980s][info][gc,start       ] GC(32331) Pause Young (Allocation Failure)
[13391.983s][info][gc,heap        ] GC(32331) PSYoungGen: 84320K(84480K)->864K(84480K) Eden: 81920K(81920K)->0K(81920K) From: 2400K(2560K)->864K(2560K)
[13391.983s][info][gc,heap        ] GC(32331) ParOldGen: 200830K(201216K)->202942K(204288K)
[13391.984s][info][gc,metaspace   ] GC(32331) Metaspace: 62146K(62464K)->62146K(62464K) NonClass: 56614K(56832K)->56614K(56832K) Class: 5532K(5632K)->5532K(5632K)
[13391.984s][info][gc             ] GC(32331) Pause Young (Allocation Failure) 278M->199M(282M) 3.312ms
[13391.984s][info][gc,cpu         ] GC(32331) User=0.01s Sys=0.00s Real=0.01s
[13392.372s][info][gc,start       ] GC(32332) Pause Young (Allocation Failure)
[13392.374s][info][gc,heap        ] GC(32332) PSYoungGen: 82784K(84480K)->704K(84480K) Eden: 81920K(81920K)->0K(81920K) From: 864K(2560K)->704K(2560K)
[13392.374s][info][gc,heap        ] GC(32332) ParOldGen: 202942K(204288K)->203006K(204288K)
[13392.374s][info][gc,metaspace   ] GC(32332) Metaspace: 62146K(62464K)->62146K(62464K) NonClass: 56614K(56832K)->56614K(56832K) Class: 5532K(5632K)->5532K(5632K)
[13392.374s][info][gc             ] GC(32332) Pause Young (Allocation Failure) 279M->198M(282M) 2.152ms
[13392.374s][info][gc,cpu         ] GC(32332) User=0.01s Sys=0.00s Real=0.00s
[13392.811s][info][gc,start       ] GC(32333) Pause Young (Allocation Failure)
[13392.814s][info][gc,heap        ] GC(32333) PSYoungGen: 82624K(84480K)->720K(84480K) Eden: 81920K(81920K)->0K(81920K) From: 704K(2560K)->720K(2560K)
[13392.814s][info][gc,heap        ] GC(32333) ParOldGen: 203006K(204288K)->203078K(204288K)
[13392.814s][info][gc,metaspace   ] GC(32333) Metaspace: 62146K(62464K)->62146K(62464K) NonClass: 56614K(56832K)->56614K(56832K) Class: 5532K(5632K)->5532K(5632K)
[13392.814s][info][gc             ] GC(32333) Pause Young (Allocation Failure) 278M->199M(282M) 2.485ms
[13392.814s][info][gc,cpu         ] GC(32333) User=0.01s Sys=0.00s Real=0.00s
[13393.210s][info][gc,start       ] GC(32334) Pause Young (Allocation Failure)
[13393.212s][info][gc,heap        ] GC(32334) PSYoungGen: 82640K(84480K)->1376K(84480K) Eden: 81920K(81920K)->0K(81920K) From: 720K(2560K)->1376K(2560K)
[13393.212s][info][gc,heap        ] GC(32334) ParOldGen: 203078K(204288K)->203190K(204288K)
[13393.212s][info][gc,metaspace   ] GC(32334) Metaspace: 62146K(62464K)->62146K(62464K) NonClass: 56614K(56832K)->56614K(56832K) Class: 5532K(5632K)->5532K(5632K)
[13393.213s][info][gc             ] GC(32334) Pause Young (Allocation Failure) 279M->199M(282M) 2.599ms
[13393.213s][info][gc,cpu         ] GC(32334) User=0.00s Sys=0.00s Real=0.01s
[13393.584s][info][gc,start       ] GC(32335) Pause Young (Allocation Failure)
[13393.587s][info][gc,heap        ] GC(32335) PSYoungGen: 83296K(84480K)->1024K(84480K) Eden: 81920K(81920K)->0K(81920K) From: 1376K(2560K)->1024K(2560K)
[13393.587s][info][gc,heap        ] GC(32335) ParOldGen: 203190K(204288K)->203262K(204288K)
[13393.587s][info][gc,metaspace   ] GC(32335) Metaspace: 62146K(62464K)->62146K(62464K) NonClass: 56614K(56832K)->56614K(56832K) Class: 5532K(5632K)->5532K(5632K)
[13393.587s][info][gc             ] GC(32335) Pause Young (Allocation Failure) 279M->199M(282M) 2.591ms
[13393.587s][info][gc,cpu         ] GC(32335) User=0.00s Sys=0.01s Real=0.00s
[13393.963s][info][gc,start       ] GC(32336) Pause Young (Allocation Failure)
[13393.965s][info][gc,heap        ] GC(32336) PSYoungGen: 82944K(84480K)->608K(84480K) Eden: 81920K(81920K)->0K(81920K) From: 1024K(2560K)->608K(2560K)
[13393.965s][info][gc,heap        ] GC(32336) ParOldGen: 203262K(204288K)->203326K(204288K)
[13393.965s][info][gc,metaspace   ] GC(32336) Metaspace: 62146K(62464K)->62146K(62464K) NonClass: 56614K(56832K)->56614K(56832K) Class: 5532K(5632K)->5532K(5632K)
[13393.965s][info][gc             ] GC(32336) Pause Young (Allocation Failure) 279M->199M(282M) 2.071ms
[13393.965s][info][gc,cpu         ] GC(32336) User=0.00s Sys=0.00s Real=0.00s
[13394.358s][info][gc,start       ] GC(32337) Pause Young (Allocation Failure)
[13394.360s][info][gc,heap        ] GC(32337) PSYoungGen: 82528K(84480K)->480K(84480K) Eden: 81920K(81920K)->0K(81920K) From: 608K(2560K)->480K(2560K)
[13394.360s][info][gc,heap        ] GC(32337) ParOldGen: 203326K(204288K)->203390K(204288K)
[13394.360s][info][gc,metaspace   ] GC(32337) Metaspace: 62146K(62464K)->62146K(62464K) NonClass: 56614K(56832K)->56614K(56832K) Class: 5532K(5632K)->5532K(5632K)
[13394.360s][info][gc             ] GC(32337) Pause Young (Allocation Failure) 279M->199M(282M) 1.877ms
[13394.360s][info][gc,cpu         ] GC(32337) User=0.00s Sys=0.00s Real=0.00s
[13394.783s][info][gc,start       ] GC(32338) Pause Young (Allocation Failure)
[13394.785s][info][gc,heap        ] GC(32338) PSYoungGen: 82400K(84480K)->832K(84992K) Eden: 81920K(81920K)->0K(82432K) From: 480K(2560K)->832K(2560K)
[13394.785s][info][gc,heap        ] GC(32338) ParOldGen: 203390K(204288K)->203454K(204288K)
[13394.785s][info][gc,metaspace   ] GC(32338) Metaspace: 62146K(62464K)->62146K(62464K) NonClass: 56614K(56832K)->56614K(56832K) Class: 5532K(5632K)->5532K(5632K)
[13394.785s][info][gc             ] GC(32338) Pause Young (Allocation Failure) 279M->199M(282M) 2.187ms
[13394.785s][info][gc,cpu         ] GC(32338) User=0.01s Sys=0.00s Real=0.00s
[13395.224s][info][gc,start       ] GC(32339) Pause Young (Allocation Failure)
[13395.227s][info][gc,heap        ] GC(32339) PSYoungGen: 83264K(84992K)->1472K(84480K) Eden: 82432K(82432K)->0K(82432K) From: 832K(2560K)->1472K(2048K)
[13395.228s][info][gc,heap        ] GC(32339) ParOldGen: 203454K(204288K)->203518K(204288K)
[13395.228s][info][gc,metaspace   ] GC(32339) Metaspace: 62146K(62464K)->62146K(62464K) NonClass: 56614K(56832K)->56614K(56832K) Class: 5532K(5632K)->5532K(5632K)
[13395.228s][info][gc             ] GC(32339) Pause Young (Allocation Failure) 279M->200M(282M) 3.176ms
[13395.228s][info][gc,cpu         ] GC(32339) User=0.01s Sys=0.00s Real=0.00s
[13395.653s][info][gc,start       ] GC(32340) Pause Young (Allocation Failure)
[13395.655s][info][gc,heap        ] GC(32340) PSYoungGen: 83904K(84480K)->416K(84480K) Eden: 82432K(82432K)->0K(81920K) From: 1472K(2048K)->416K(2560K)
[13395.655s][info][gc,heap        ] GC(32340) ParOldGen: 203518K(204288K)->203590K(204288K)
[13395.655s][info][gc,metaspace   ] GC(32340) Metaspace: 62146K(62464K)->62146K(62464K) NonClass: 56614K(56832K)->56614K(56832K) Class: 5532K(5632K)->5532K(5632K)
[13395.655s][info][gc             ] GC(32340) Pause Young (Allocation Failure) 280M->199M(282M) 1.810ms
[13395.655s][info][gc,cpu         ] GC(32340) User=0.01s Sys=0.00s Real=0.00s
[13396.046s][info][gc,start       ] GC(32341) Pause Young (Allocation Failure)
[13396.048s][info][gc,heap        ] GC(32341) PSYoungGen: 82336K(84480K)->2368K(84480K) Eden: 81920K(81920K)->0K(81920K) From: 416K(2560K)->2368K(2560K)
[13396.048s][info][gc,heap        ] GC(32341) ParOldGen: 203590K(204288K)->203662K(204288K)
[13396.048s][info][gc,metaspace   ] GC(32341) Metaspace: 62146K(62464K)->62146K(62464K) NonClass: 56614K(56832K)->56614K(56832K) Class: 5532K(5632K)->5532K(5632K)
[13396.048s][info][gc             ] GC(32341) Pause Young (Allocation Failure) 279M->201M(282M) 2.034ms
[13396.048s][info][gc,cpu         ] GC(32341) User=0.01s Sys=0.00s Real=0.00s
[13396.438s][info][gc,start       ] GC(32342) Pause Young (Allocation Failure)
[13396.442s][info][gc,heap        ] GC(32342) PSYoungGen: 84288K(84480K)->1728K(83456K) Eden: 81920K(81920K)->0K(80896K) From: 2368K(2560K)->1728K(2560K)
[13396.442s][info][gc,heap        ] GC(32342) ParOldGen: 203662K(204288K)->205782K(205824K)
[13396.442s][info][gc,metaspace   ] GC(32342) Metaspace: 62146K(62464K)->62146K(62464K) NonClass: 56614K(56832K)->56614K(56832K) Class: 5532K(5632K)->5532K(5632K)
[13396.442s][info][gc             ] GC(32342) Pause Young (Allocation Failure) 281M->202M(282M) 4.250ms
[13396.442s][info][gc,cpu         ] GC(32342) User=0.00s Sys=0.00s Real=0.01s
[13396.888s][info][gc,start       ] GC(32343) Pause Young (Allocation Failure)
[13396.891s][info][gc,heap        ] GC(32343) PSYoungGen: 82624K(83456K)->992K(83968K) Eden: 80896K(80896K)->0K(80896K) From: 1728K(2560K)->992K(3072K)
[13396.891s][info][gc,heap        ] GC(32343) ParOldGen: 205782K(205824K)->205854K(206336K)
[13396.891s][info][gc,metaspace   ] GC(32343) Metaspace: 62146K(62464K)->62146K(62464K) NonClass: 56614K(56832K)->56614K(56832K) Class: 5532K(5632K)->5532K(5632K)
[13396.891s][info][gc             ] GC(32343) Pause Young (Allocation Failure) 281M->201M(283M) 2.368ms
[13396.891s][info][gc,cpu         ] GC(32343) User=0.01s Sys=0.00s Real=0.00s
[13397.311s][info][gc,start       ] GC(32344) Pause Young (Allocation Failure)
[13397.314s][info][gc,heap        ] GC(32344) PSYoungGen: 81888K(83968K)->1344K(84480K) Eden: 80896K(80896K)->0K(81920K) From: 992K(3072K)->1344K(2560K)
[13397.314s][info][gc,heap        ] GC(32344) ParOldGen: 205854K(206336K)->205926K(206336K)
[13397.314s][info][gc,metaspace   ] GC(32344) Metaspace: 62146K(62464K)->62146K(62464K) NonClass: 56614K(56832K)->56614K(56832K) Class: 5532K(5632K)->5532K(5632K)
[13397.314s][info][gc             ] GC(32344) Pause Young (Allocation Failure) 280M->202M(284M) 2.646ms
[13397.314s][info][gc,cpu         ] GC(32344) User=0.01s Sys=0.00s Real=0.00s
[13397.740s][info][gc,start       ] GC(32345) Pause Young (Allocation Failure)
[13397.742s][info][gc,heap        ] GC(32345) PSYoungGen: 83264K(84480K)->224K(84480K) Eden: 81920K(81920K)->0K(81920K) From: 1344K(2560K)->224K(2560K)
[13397.742s][info][gc,heap        ] GC(32345) ParOldGen: 205926K(206336K)->205990K(206336K)
[13397.742s][info][gc,metaspace   ] GC(32345) Metaspace: 62146K(62464K)->62146K(62464K) NonClass: 56614K(56832K)->56614K(56832K) Class: 5532K(5632K)->5532K(5632K)
[13397.742s][info][gc             ] GC(32345) Pause Young (Allocation Failure) 282M->201M(284M) 1.708ms
[13397.742s][info][gc,cpu         ] GC(32345) User=0.00s Sys=0.00s Real=0.01s
[13398.172s][info][gc,start       ] GC(32346) Pause Young (Allocation Failure)
[13398.174s][info][gc,heap        ] GC(32346) PSYoungGen: 82144K(84480K)->672K(84480K) Eden: 81920K(81920K)->0K(81920K) From: 224K(2560K)->672K(2560K)
[13398.174s][info][gc,heap        ] GC(32346) ParOldGen: 205990K(206336K)->206054K(206336K)
[13398.174s][info][gc,metaspace   ] GC(32346) Metaspace: 62146K(62464K)->62146K(62464K) NonClass: 56614K(56832K)->56614K(56832K) Class: 5532K(5632K)->5532K(5632K)
[13398.174s][info][gc             ] GC(32346) Pause Young (Allocation Failure) 281M->201M(284M) 2.116ms
[13398.174s][info][gc,cpu         ] GC(32346) User=0.01s Sys=0.00s Real=0.00s
[13398.589s][info][gc,start       ] GC(32347) Pause Young (Allocation Failure)
[13398.591s][info][gc,heap        ] GC(32347) PSYoungGen: 82592K(84480K)->1056K(84480K) Eden: 81920K(81920K)->0K(81920K) From: 672K(2560K)->1056K(2560K)
[13398.591s][info][gc,heap        ] GC(32347) ParOldGen: 206054K(206336K)->206126K(206336K)
[13398.591s][info][gc,metaspace   ] GC(32347) Metaspace: 62146K(62464K)->62146K(62464K) NonClass: 56614K(56832K)->56614K(56832K) Class: 5532K(5632K)->5532K(5632K)
[13398.591s][info][gc             ] GC(32347) Pause Young (Allocation Failure) 281M->202M(284M) 2.390ms
[13398.591s][info][gc,cpu         ] GC(32347) User=0.00s Sys=0.00s Real=0.01s
[13398.980s][info][gc,start       ] GC(32348) Pause Young (Allocation Failure)
[13398.982s][info][gc,heap        ] GC(32348) PSYoungGen: 82976K(84480K)->832K(84480K) Eden: 81920K(81920K)->0K(81920K) From: 1056K(2560K)->832K(2560K)
[13398.982s][info][gc,heap        ] GC(32348) ParOldGen: 206126K(206336K)->206190K(206336K)
[13398.982s][info][gc,metaspace   ] GC(32348) Metaspace: 62146K(62464K)->62146K(62464K) NonClass: 56614K(56832K)->56614K(56832K) Class: 5532K(5632K)->5532K(5632K)
[13398.982s][info][gc             ] GC(32348) Pause Young (Allocation Failure) 282M->202M(284M) 2.107ms
[13398.982s][info][gc,cpu         ] GC(32348) User=0.01s Sys=0.00s Real=0.01s
[13399.381s][info][gc,start       ] GC(32349) Pause Young (Allocation Failure)
[13399.383s][info][gc,heap        ] GC(32349) PSYoungGen: 82752K(84480K)->832K(84480K) Eden: 81920K(81920K)->0K(81920K) From: 832K(2560K)->832K(2560K)
[13399.383s][info][gc,heap        ] GC(32349) ParOldGen: 206190K(206336K)->206254K(206336K)
[13399.383s][info][gc,metaspace   ] GC(32349) Metaspace: 62146K(62464K)->62146K(62464K) NonClass: 56614K(56832K)->56614K(56832K) Class: 5532K(5632K)->5532K(5632K)
[13399.383s][info][gc             ] GC(32349) Pause Young (Allocation Failure) 282M->202M(284M) 2.198ms
[13399.383s][info][gc,cpu         ] GC(32349) User=0.00s Sys=0.00s Real=0.01s
[13399.806s][info][gc,start       ] GC(32350) Pause Young (Allocation Failure)
[13399.808s][info][gc,heap        ] GC(32350) PSYoungGen: 82752K(84480K)->1184K(84992K) Eden: 81920K(81920K)->0K(82432K) From: 832K(2560K)->1184K(2560K)
[13399.808s][info][gc,heap        ] GC(32350) ParOldGen: 206254K(206336K)->206318K(206336K)
[13399.808s][info][gc,metaspace   ] GC(32350) Metaspace: 62146K(62464K)->62146K(62464K) NonClass: 56614K(56832K)->56614K(56832K) Class: 5532K(5632K)->5532K(5632K)
[13399.808s][info][gc             ] GC(32350) Pause Young (Allocation Failure) 282M->202M(284M) 2.491ms
[13399.808s][info][gc,cpu         ] GC(32350) User=0.00s Sys=0.00s Real=0.00s
[13400.267s][info][gc,start       ] GC(32351) Pause Young (Allocation Failure)
[13400.269s][info][gc,heap        ] GC(32351) PSYoungGen: 83616K(84992K)->480K(84480K) Eden: 82432K(82432K)->0K(82432K) From: 1184K(2560K)->480K(2048K)
[13400.269s][info][gc,heap        ] GC(32351) ParOldGen: 206318K(206336K)->206382K(206848K)
[13400.269s][info][gc,metaspace   ] GC(32351) Metaspace: 62146K(62464K)->62146K(62464K) NonClass: 56614K(56832K)->56614K(56832K) Class: 5532K(5632K)->5532K(5632K)
[13400.269s][info][gc             ] GC(32351) Pause Young (Allocation Failure) 283M->202M(284M) 1.948ms
[13400.269s][info][gc,cpu         ] GC(32351) User=0.00s Sys=0.00s Real=0.00s
[13400.636s][info][gc,start       ] GC(32352) Pause Young (Allocation Failure)
[13400.640s][info][gc,heap        ] GC(32352) PSYoungGen: 82912K(84480K)->1920K(83968K) Eden: 82432K(82432K)->0K(81920K) From: 480K(2048K)->1920K(2048K)
[13400.640s][info][gc,heap        ] GC(32352) ParOldGen: 206382K(206848K)->208558K(209920K)
[13400.640s][info][gc,metaspace   ] GC(32352) Metaspace: 62146K(62464K)->62146K(62464K) NonClass: 56614K(56832K)->56614K(56832K) Class: 5532K(5632K)->5532K(5632K)
[13400.640s][info][gc             ] GC(32352) Pause Young (Allocation Failure) 282M->205M(287M) 4.203ms
[13400.640s][info][gc,cpu         ] GC(32352) User=0.00s Sys=0.01s Real=0.00s
[13401.022s][info][gc,start       ] GC(32353) Pause Young (Allocation Failure)
[13401.025s][info][gc,heap        ] GC(32353) PSYoungGen: 83840K(83968K)->1632K(84480K) Eden: 81920K(81920K)->0K(81920K) From: 1920K(2048K)->1632K(2560K)
[13401.025s][info][gc,heap        ] GC(32353) ParOldGen: 208558K(209920K)->208622K(209920K)
[13401.025s][info][gc,metaspace   ] GC(32353) Metaspace: 62146K(62464K)->62146K(62464K) NonClass: 56614K(56832K)->56614K(56832K) Class: 5532K(5632K)->5532K(5632K)
[13401.025s][info][gc             ] GC(32353) Pause Young (Allocation Failure) 285M->205M(287M) 2.830ms
[13401.025s][info][gc,cpu         ] GC(32353) User=0.00s Sys=0.00s Real=0.00s
[13401.413s][info][gc,start       ] GC(32354) Pause Young (Allocation Failure)
[13401.416s][info][gc,heap        ] GC(32354) PSYoungGen: 83552K(84480K)->1472K(84480K) Eden: 81920K(81920K)->0K(81920K) From: 1632K(2560K)->1472K(2560K)
[13401.416s][info][gc,heap        ] GC(32354) ParOldGen: 208622K(209920K)->208694K(209920K)
[13401.416s][info][gc,metaspace   ] GC(32354) Metaspace: 62146K(62464K)->62146K(62464K) NonClass: 56614K(56832K)->56614K(56832K) Class: 5532K(5632K)->5532K(5632K)
[13401.416s][info][gc             ] GC(32354) Pause Young (Allocation Failure) 285M->205M(287M) 2.686ms
[13401.416s][info][gc,cpu         ] GC(32354) User=0.01s Sys=0.00s Real=0.00s
[13401.777s][info][gc,start       ] GC(32355) Pause Young (Allocation Failure)
[13401.780s][info][gc,heap        ] GC(32355) PSYoungGen: 83392K(84480K)->704K(84480K) Eden: 81920K(81920K)->0K(81920K) From: 1472K(2560K)->704K(2560K)
[13401.780s][info][gc,heap        ] GC(32355) ParOldGen: 208694K(209920K)->208758K(209920K)
[13401.780s][info][gc,metaspace   ] GC(32355) Metaspace: 62146K(62464K)->62146K(62464K) NonClass: 56614K(56832K)->56614K(56832K) Class: 5532K(5632K)->5532K(5632K)
[13401.780s][info][gc             ] GC(32355) Pause Young (Allocation Failure) 285M->204M(287M) 2.551ms
[13401.780s][info][gc,cpu         ] GC(32355) User=0.00s Sys=0.00s Real=0.00s
[13402.215s][info][gc,start       ] GC(32356) Pause Young (Allocation Failure)
[13402.218s][info][gc,heap        ] GC(32356) PSYoungGen: 82624K(84480K)->1440K(84480K) Eden: 81920K(81920K)->0K(81920K) From: 704K(2560K)->1440K(2560K)
[13402.218s][info][gc,heap        ] GC(32356) ParOldGen: 208758K(209920K)->208822K(209920K)
[13402.218s][info][gc,metaspace   ] GC(32356) Metaspace: 62146K(62464K)->62146K(62464K) NonClass: 56614K(56832K)->56614K(56832K) Class: 5532K(5632K)->5532K(5632K)
[13402.218s][info][gc             ] GC(32356) Pause Young (Allocation Failure) 284M->205M(287M) 2.741ms
[13402.218s][info][gc,cpu         ] GC(32356) User=0.00s Sys=0.00s Real=0.00s
[13402.635s][info][gc,start       ] GC(32357) Pause Young (Allocation Failure)
[13402.638s][info][gc,heap        ] GC(32357) PSYoungGen: 83360K(84480K)->1728K(84480K) Eden: 81920K(81920K)->0K(81920K) From: 1440K(2560K)->1728K(2560K)
[13402.638s][info][gc,heap        ] GC(32357) ParOldGen: 208822K(209920K)->208902K(209920K)
[13402.638s][info][gc,metaspace   ] GC(32357) Metaspace: 62146K(62464K)->62146K(62464K) NonClass: 56614K(56832K)->56614K(56832K) Class: 5532K(5632K)->5532K(5632K)
[13402.638s][info][gc             ] GC(32357) Pause Young (Allocation Failure) 285M->205M(287M) 3.021ms
[13402.638s][info][gc,cpu         ] GC(32357) User=0.00s Sys=0.00s Real=0.00s
[13403.048s][info][gc,start       ] GC(32358) Pause Young (Allocation Failure)
[13403.050s][info][gc,heap        ] GC(32358) PSYoungGen: 83648K(84480K)->352K(84480K) Eden: 81920K(81920K)->0K(81920K) From: 1728K(2560K)->352K(2560K)
[13403.050s][info][gc,heap        ] GC(32358) ParOldGen: 208902K(209920K)->208966K(209920K)
[13403.050s][info][gc,metaspace   ] GC(32358) Metaspace: 62146K(62464K)->62146K(62464K) NonClass: 56614K(56832K)->56614K(56832K) Class: 5532K(5632K)->5532K(5632K)
[13403.050s][info][gc             ] GC(32358) Pause Young (Allocation Failure) 285M->204M(287M) 1.757ms
[13403.050s][info][gc,cpu         ] GC(32358) User=0.01s Sys=0.00s Real=0.00s
[13403.455s][info][gc,start       ] GC(32359) Pause Young (Allocation Failure)
[13403.457s][info][gc,heap        ] GC(32359) PSYoungGen: 82272K(84480K)->416K(84480K) Eden: 81920K(81920K)->0K(81920K) From: 352K(2560K)->416K(2560K)
[13403.457s][info][gc,heap        ] GC(32359) ParOldGen: 208966K(209920K)->209038K(209920K)
[13403.457s][info][gc,metaspace   ] GC(32359) Metaspace: 62146K(62464K)->62146K(62464K) NonClass: 56614K(56832K)->56614K(56832K) Class: 5532K(5632K)->5532K(5632K)
[13403.457s][info][gc             ] GC(32359) Pause Young (Allocation Failure) 284M->204M(287M) 1.877ms
[13403.457s][info][gc,cpu         ] GC(32359) User=0.01s Sys=0.00s Real=0.00s
[13403.828s][info][gc,start       ] GC(32360) Pause Young (Allocation Failure)
[13403.832s][info][gc,heap        ] GC(32360) PSYoungGen: 82336K(84480K)->1728K(84480K) Eden: 81920K(81920K)->0K(81920K) From: 416K(2560K)->1728K(2560K)
[13403.832s][info][gc,heap        ] GC(32360) ParOldGen: 209038K(209920K)->209110K(209920K)
[13403.832s][info][gc,metaspace   ] GC(32360) Metaspace: 62146K(62464K)->62146K(62464K) NonClass: 56614K(56832K)->56614K(56832K) Class: 5532K(5632K)->5532K(5632K)
[13403.832s][info][gc             ] GC(32360) Pause Young (Allocation Failure) 284M->205M(287M) 3.969ms
[13403.832s][info][gc,cpu         ] GC(32360) User=0.01s Sys=0.00s Real=0.01s
[13404.231s][info][gc,start       ] GC(32361) Pause Young (Allocation Failure)
[13404.234s][info][gc,heap        ] GC(32361) PSYoungGen: 83648K(84480K)->1760K(83968K) Eden: 81920K(81920K)->0K(81920K) From: 1728K(2560K)->1760K(2048K)
[13404.234s][info][gc,heap        ] GC(32361) ParOldGen: 209110K(209920K)->209182K(209920K)
[13404.234s][info][gc,metaspace   ] GC(32361) Metaspace: 62146K(62464K)->62146K(62464K) NonClass: 56614K(56832K)->56614K(56832K) Class: 5532K(5632K)->5532K(5632K)
[13404.234s][info][gc             ] GC(32361) Pause Young (Allocation Failure) 285M->205M(287M) 2.857ms
[13404.234s][info][gc,cpu         ] GC(32361) User=0.00s Sys=0.00s Real=0.01s
[13404.611s][info][gc,start       ] GC(32362) Pause Young (Allocation Failure)
[13404.613s][info][gc,heap        ] GC(32362) PSYoungGen: 83680K(83968K)->1504K(83968K) Eden: 81920K(81920K)->0K(80896K) From: 1760K(2048K)->1504K(3072K)
[13404.613s][info][gc,heap        ] GC(32362) ParOldGen: 209182K(209920K)->209246K(209920K)
[13404.613s][info][gc,metaspace   ] GC(32362) Metaspace: 62146K(62464K)->62146K(62464K) NonClass: 56614K(56832K)->56614K(56832K) Class: 5532K(5632K)->5532K(5632K)
[13404.613s][info][gc             ] GC(32362) Pause Young (Allocation Failure) 285M->205M(287M) 2.792ms
[13404.613s][info][gc,cpu         ] GC(32362) User=0.00s Sys=0.00s Real=0.01s
[13405.024s][info][gc,start       ] GC(32363) Pause Young (Allocation Failure)
[13405.027s][info][gc,heap        ] GC(32363) PSYoungGen: 82400K(83968K)->1568K(83968K) Eden: 80896K(80896K)->0K(80896K) From: 1504K(3072K)->1568K(3072K)
[13405.027s][info][gc,heap        ] GC(32363) ParOldGen: 209246K(209920K)->209318K(209920K)
[13405.027s][info][gc,metaspace   ] GC(32363) Metaspace: 62146K(62464K)->62146K(62464K) NonClass: 56614K(56832K)->56614K(56832K) Class: 5532K(5632K)->5532K(5632K)
[13405.027s][info][gc             ] GC(32363) Pause Young (Allocation Failure) 284M->205M(287M) 3.013ms
[13405.027s][info][gc,cpu         ] GC(32363) User=0.01s Sys=0.00s Real=0.00s
[13405.455s][info][gc,start       ] GC(32364) Pause Young (Allocation Failure)
[13405.457s][info][gc,heap        ] GC(32364) PSYoungGen: 82464K(83968K)->2464K(83968K) Eden: 80896K(80896K)->0K(80896K) From: 1568K(3072K)->2464K(3072K)
[13405.457s][info][gc,heap        ] GC(32364) ParOldGen: 209318K(209920K)->209390K(209920K)
[13405.457s][info][gc,metaspace   ] GC(32364) Metaspace: 62146K(62464K)->62146K(62464K) NonClass: 56614K(56832K)->56614K(56832K) Class: 5532K(5632K)->5532K(5632K)
[13405.457s][info][gc             ] GC(32364) Pause Young (Allocation Failure) 284M->206M(287M) 2.245ms
[13405.457s][info][gc,cpu         ] GC(32364) User=0.00s Sys=0.00s Real=0.00s
[13405.906s][info][gc,start       ] GC(32365) Pause Young (Allocation Failure)
[13405.909s][info][gc,heap        ] GC(32365) PSYoungGen: 83360K(83968K)->1152K(83968K) Eden: 80896K(80896K)->0K(80896K) From: 2464K(3072K)->1152K(3072K)
[13405.909s][info][gc,heap        ] GC(32365) ParOldGen: 209390K(209920K)->211510K(211968K)
[13405.909s][info][gc,metaspace   ] GC(32365) Metaspace: 62146K(62464K)->62146K(62464K) NonClass: 56614K(56832K)->56614K(56832K) Class: 5532K(5632K)->5532K(5632K)
[13405.909s][info][gc             ] GC(32365) Pause Young (Allocation Failure) 285M->207M(289M) 3.559ms
[13405.909s][info][gc,cpu         ] GC(32365) User=0.01s Sys=0.00s Real=0.00s
[13406.348s][info][gc,start       ] GC(32366) Pause Young (Allocation Failure)
[13406.350s][info][gc,heap        ] GC(32366) PSYoungGen: 82048K(83968K)->320K(83968K) Eden: 80896K(80896K)->0K(80896K) From: 1152K(3072K)->320K(3072K)
[13406.350s][info][gc,heap        ] GC(32366) ParOldGen: 211510K(211968K)->211582K(211968K)
[13406.350s][info][gc,metaspace   ] GC(32366) Metaspace: 62146K(62464K)->62146K(62464K) NonClass: 56614K(56832K)->56614K(56832K) Class: 5532K(5632K)->5532K(5632K)
[13406.350s][info][gc             ] GC(32366) Pause Young (Allocation Failure) 286M->206M(289M) 1.972ms
[13406.350s][info][gc,cpu         ] GC(32366) User=0.00s Sys=0.01s Real=0.00s
[13406.745s][info][gc,start       ] GC(32367) Pause Young (Allocation Failure)
[13406.747s][info][gc,heap        ] GC(32367) PSYoungGen: 81216K(83968K)->288K(83968K) Eden: 80896K(80896K)->0K(80896K) From: 320K(3072K)->288K(3072K)
[13406.747s][info][gc,heap        ] GC(32367) ParOldGen: 211582K(211968K)->211654K(211968K)
[13406.747s][info][gc,metaspace   ] GC(32367) Metaspace: 62146K(62464K)->62146K(62464K) NonClass: 56614K(56832K)->56614K(56832K) Class: 5532K(5632K)->5532K(5632K)
[13406.747s][info][gc             ] GC(32367) Pause Young (Allocation Failure) 285M->206M(289M) 1.783ms
[13406.747s][info][gc,cpu         ] GC(32367) User=0.00s Sys=0.00s Real=0.00s
[13407.136s][info][gc,start       ] GC(32368) Pause Young (Allocation Failure)
[13407.139s][info][gc,heap        ] GC(32368) PSYoungGen: 81184K(83968K)->1792K(83968K) Eden: 80896K(80896K)->0K(80896K) From: 288K(3072K)->1792K(3072K)
[13407.139s][info][gc,heap        ] GC(32368) ParOldGen: 211654K(211968K)->211726K(211968K)
[13407.139s][info][gc,metaspace   ] GC(32368) Metaspace: 62146K(62464K)->62146K(62464K) NonClass: 56614K(56832K)->56614K(56832K) Class: 5532K(5632K)->5532K(5632K)
[13407.139s][info][gc             ] GC(32368) Pause Young (Allocation Failure) 285M->208M(289M) 3.066ms
[13407.139s][info][gc,cpu         ] GC(32368) User=0.01s Sys=0.00s Real=0.00s
[13407.513s][info][gc,start       ] GC(32369) Pause Young (Allocation Failure)
[13407.516s][info][gc,heap        ] GC(32369) PSYoungGen: 82688K(83968K)->1472K(83968K) Eden: 80896K(80896K)->0K(80896K) From: 1792K(3072K)->1472K(3072K)
[13407.516s][info][gc,heap        ] GC(32369) ParOldGen: 211726K(211968K)->211790K(211968K)
[13407.516s][info][gc,metaspace   ] GC(32369) Metaspace: 62146K(62464K)->62146K(62464K) NonClass: 56614K(56832K)->56614K(56832K) Class: 5532K(5632K)->5532K(5632K)
[13407.516s][info][gc             ] GC(32369) Pause Young (Allocation Failure) 287M->208M(289M) 2.919ms
[13407.516s][info][gc,cpu         ] GC(32369) User=0.01s Sys=0.00s Real=0.00s
[13407.975s][info][gc,start       ] GC(32370) Pause Young (Allocation Failure)
[13407.977s][info][gc,heap        ] GC(32370) PSYoungGen: 82368K(83968K)->816K(83968K) Eden: 80896K(80896K)->0K(80896K) From: 1472K(3072K)->816K(3072K)
[13407.977s][info][gc,heap        ] GC(32370) ParOldGen: 211790K(211968K)->211854K(211968K)
[13407.977s][info][gc,metaspace   ] GC(32370) Metaspace: 62146K(62464K)->62146K(62464K) NonClass: 56614K(56832K)->56614K(56832K) Class: 5532K(5632K)->5532K(5632K)
[13407.977s][info][gc             ] GC(32370) Pause Young (Allocation Failure) 287M->207M(289M) 2.201ms
[13407.977s][info][gc,cpu         ] GC(32370) User=0.00s Sys=0.00s Real=0.00s
[13408.363s][info][gc,start       ] GC(32371) Pause Young (Allocation Failure)
[13408.365s][info][gc,heap        ] GC(32371) PSYoungGen: 81712K(83968K)->576K(83968K) Eden: 80896K(80896K)->0K(80896K) From: 816K(3072K)->576K(3072K)
[13408.365s][info][gc,heap        ] GC(32371) ParOldGen: 211854K(211968K)->211974K(212480K)
[13408.365s][info][gc,metaspace   ] GC(32371) Metaspace: 62146K(62464K)->62146K(62464K) NonClass: 56614K(56832K)->56614K(56832K) Class: 5532K(5632K)->5532K(5632K)
[13408.365s][info][gc             ] GC(32371) Pause Young (Allocation Failure) 286M->207M(289M) 2.202ms
[13408.365s][info][gc,cpu         ] GC(32371) User=0.00s Sys=0.00s Real=0.00s
[13408.757s][info][gc,start       ] GC(32372) Pause Young (Allocation Failure)
[13408.759s][info][gc,heap        ] GC(32372) PSYoungGen: 81472K(83968K)->480K(83968K) Eden: 80896K(80896K)->0K(80896K) From: 576K(3072K)->480K(3072K)
[13408.759s][info][gc,heap        ] GC(32372) ParOldGen: 211974K(212480K)->212046K(212480K)
[13408.759s][info][gc,metaspace   ] GC(32372) Metaspace: 62146K(62464K)->62146K(62464K) NonClass: 56614K(56832K)->56614K(56832K) Class: 5532K(5632K)->5532K(5632K)
[13408.759s][info][gc             ] GC(32372) Pause Young (Allocation Failure) 286M->207M(289M) 2.074ms
[13408.759s][info][gc,cpu         ] GC(32372) User=0.01s Sys=0.00s Real=0.00s
[13409.178s][info][gc,start       ] GC(32373) Pause Young (Allocation Failure)
[13409.180s][info][gc,heap        ] GC(32373) PSYoungGen: 81376K(83968K)->800K(83968K) Eden: 80896K(80896K)->0K(80896K) From: 480K(3072K)->800K(3072K)
[13409.180s][info][gc,heap        ] GC(32373) ParOldGen: 212046K(212480K)->212118K(212480K)
[13409.180s][info][gc,metaspace   ] GC(32373) Metaspace: 62146K(62464K)->62146K(62464K) NonClass: 56614K(56832K)->56614K(56832K) Class: 5532K(5632K)->5532K(5632K)
[13409.180s][info][gc             ] GC(32373) Pause Young (Allocation Failure) 286M->207M(289M) 2.328ms
[13409.181s][info][gc,cpu         ] GC(32373) User=0.00s Sys=0.00s Real=0.00s
[13409.581s][info][gc,start       ] GC(32374) Pause Young (Allocation Failure)
[13409.583s][info][gc,heap        ] GC(32374) PSYoungGen: 81696K(83968K)->832K(84480K) Eden: 80896K(80896K)->0K(81920K) From: 800K(3072K)->832K(2560K)
[13409.583s][info][gc,heap        ] GC(32374) ParOldGen: 212118K(212480K)->212182K(212480K)
[13409.583s][info][gc,metaspace   ] GC(32374) Metaspace: 62146K(62464K)->62146K(62464K) NonClass: 56614K(56832K)->56614K(56832K) Class: 5532K(5632K)->5532K(5632K)
[13409.583s][info][gc             ] GC(32374) Pause Young (Allocation Failure) 286M->208M(290M) 2.168ms
[13409.583s][info][gc,cpu         ] GC(32374) User=0.01s Sys=0.00s Real=0.00s
[13409.986s][info][gc,start       ] GC(32375) Pause Young (Allocation Failure)
[13409.990s][info][gc,heap        ] GC(32375) PSYoungGen: 82752K(84480K)->1952K(83968K) Eden: 81920K(81920K)->0K(81920K) From: 832K(2560K)->1952K(2048K)
[13409.990s][info][gc,heap        ] GC(32375) ParOldGen: 212182K(212480K)->214302K(215552K)
[13409.990s][info][gc,metaspace   ] GC(32375) Metaspace: 62146K(62464K)->62146K(62464K) NonClass: 56614K(56832K)->56614K(56832K) Class: 5532K(5632K)->5532K(5632K)
[13409.990s][info][gc             ] GC(32375) Pause Young (Allocation Failure) 288M->211M(292M) 3.532ms
[13409.990s][info][gc,cpu         ] GC(32375) User=0.00s Sys=0.00s Real=0.00s
[13410.379s][info][gc,start       ] GC(32376) Pause Young (Allocation Failure)
[13410.382s][info][gc,heap        ] GC(32376) PSYoungGen: 83872K(83968K)->896K(84480K) Eden: 81920K(81920K)->0K(81408K) From: 1952K(2048K)->896K(3072K)
[13410.382s][info][gc,heap        ] GC(32376) ParOldGen: 214302K(215552K)->216422K(217088K)
[13410.382s][info][gc,metaspace   ] GC(32376) Metaspace: 62146K(62464K)->62146K(62464K) NonClass: 56614K(56832K)->56614K(56832K) Class: 5532K(5632K)->5532K(5632K)
[13410.382s][info][gc             ] GC(32376) Pause Young (Allocation Failure) 291M->212M(294M) 3.267ms
[13410.382s][info][gc,cpu         ] GC(32376) User=0.01s Sys=0.00s Real=0.01s
[13410.757s][info][gc,start       ] GC(32377) Pause Young (Allocation Failure)
[13410.759s][info][gc,heap        ] GC(32377) PSYoungGen: 82304K(84480K)->480K(83968K) Eden: 81408K(81408K)->0K(81408K) From: 896K(3072K)->480K(2560K)
[13410.759s][info][gc,heap        ] GC(32377) ParOldGen: 216422K(217088K)->216494K(217088K)
[13410.759s][info][gc,metaspace   ] GC(32377) Metaspace: 62146K(62464K)->62146K(62464K) NonClass: 56614K(56832K)->56614K(56832K) Class: 5532K(5632K)->5532K(5632K)
[13410.759s][info][gc             ] GC(32377) Pause Young (Allocation Failure) 291M->211M(294M) 1.980ms
[13410.759s][info][gc,cpu         ] GC(32377) User=0.01s Sys=0.00s Real=0.00s
[13411.157s][info][gc,start       ] GC(32378) Pause Young (Allocation Failure)
[13411.159s][info][gc,heap        ] GC(32378) PSYoungGen: 81888K(83968K)->480K(84480K) Eden: 81408K(81408K)->0K(81920K) From: 480K(2560K)->480K(2560K)
[13411.159s][info][gc,heap        ] GC(32378) ParOldGen: 216494K(217088K)->216566K(217088K)
[13411.159s][info][gc,metaspace   ] GC(32378) Metaspace: 62146K(62464K)->62146K(62464K) NonClass: 56614K(56832K)->56614K(56832K) Class: 5532K(5632K)->5532K(5632K)
[13411.159s][info][gc             ] GC(32378) Pause Young (Allocation Failure) 291M->211M(294M) 1.867ms
[13411.159s][info][gc,cpu         ] GC(32378) User=0.00s Sys=0.00s Real=0.00s
[13411.552s][info][gc,start       ] GC(32379) Pause Young (Allocation Failure)
[13411.553s][info][gc,heap        ] GC(32379) PSYoungGen: 82400K(84480K)->416K(84480K) Eden: 81920K(81920K)->0K(81920K) From: 480K(2560K)->416K(2560K)
[13411.553s][info][gc,heap        ] GC(32379) ParOldGen: 216566K(217088K)->216630K(217088K)
[13411.553s][info][gc,metaspace   ] GC(32379) Metaspace: 62146K(62464K)->62146K(62464K) NonClass: 56614K(56832K)->56614K(56832K) Class: 5532K(5632K)->5532K(5632K)
[13411.554s][info][gc             ] GC(32379) Pause Young (Allocation Failure) 291M->211M(294M) 1.843ms
[13411.554s][info][gc,cpu         ] GC(32379) User=0.00s Sys=0.00s Real=0.00s
[13411.946s][info][gc,start       ] GC(32380) Pause Young (Allocation Failure)
[13411.947s][info][gc,heap        ] GC(32380) PSYoungGen: 82336K(84480K)->288K(84480K) Eden: 81920K(81920K)->0K(81920K) From: 416K(2560K)->288K(2560K)
[13411.947s][info][gc,heap        ] GC(32380) ParOldGen: 216630K(217088K)->216694K(217088K)
[13411.947s][info][gc,metaspace   ] GC(32380) Metaspace: 62146K(62464K)->62146K(62464K) NonClass: 56614K(56832K)->56614K(56832K) Class: 5532K(5632K)->5532K(5632K)
[13411.947s][info][gc             ] GC(32380) Pause Young (Allocation Failure) 291M->211M(294M) 1.709ms
[13411.947s][info][gc,cpu         ] GC(32380) User=0.00s Sys=0.00s Real=0.00s
[13412.327s][info][gc,start       ] GC(32381) Pause Young (Allocation Failure)
[13412.330s][info][gc,heap        ] GC(32381) PSYoungGen: 82208K(84480K)->1536K(84480K) Eden: 81920K(81920K)->0K(81920K) From: 288K(2560K)->1536K(2560K)
[13412.330s][info][gc,heap        ] GC(32381) ParOldGen: 216694K(217088K)->216766K(217088K)
[13412.330s][info][gc,metaspace   ] GC(32381) Metaspace: 62146K(62464K)->62146K(62464K) NonClass: 56614K(56832K)->56614K(56832K) Class: 5532K(5632K)->5532K(5632K)
[13412.330s][info][gc             ] GC(32381) Pause Young (Allocation Failure) 291M->213M(294M) 2.692ms
[13412.330s][info][gc,cpu         ] GC(32381) User=0.01s Sys=0.01s Real=0.00s
[13412.714s][info][gc,start       ] GC(32382) Pause Young (Allocation Failure)
[13412.716s][info][gc,heap        ] GC(32382) PSYoungGen: 83456K(84480K)->1376K(84480K) Eden: 81920K(81920K)->0K(81920K) From: 1536K(2560K)->1376K(2560K)
[13412.717s][info][gc,heap        ] GC(32382) ParOldGen: 216766K(217088K)->216830K(217088K)
[13412.717s][info][gc,metaspace   ] GC(32382) Metaspace: 62146K(62464K)->62146K(62464K) NonClass: 56614K(56832K)->56614K(56832K) Class: 5532K(5632K)->5532K(5632K)
[13412.717s][info][gc             ] GC(32382) Pause Young (Allocation Failure) 293M->213M(294M) 2.633ms
[13412.717s][info][gc,cpu         ] GC(32382) User=0.01s Sys=0.00s Real=0.00s
[13413.126s][info][gc,start       ] GC(32383) Pause Young (Allocation Failure)
[13413.128s][info][gc,heap        ] GC(32383) PSYoungGen: 83296K(84480K)->1568K(84480K) Eden: 81920K(81920K)->0K(81920K) From: 1376K(2560K)->1568K(2560K)
[13413.129s][info][gc,heap        ] GC(32383) ParOldGen: 216830K(217088K)->216902K(217088K)
[13413.129s][info][gc,metaspace   ] GC(32383) Metaspace: 62146K(62464K)->62146K(62464K) NonClass: 56614K(56832K)->56614K(56832K) Class: 5532K(5632K)->5532K(5632K)
[13413.129s][info][gc             ] GC(32383) Pause Young (Allocation Failure) 293M->213M(294M) 2.729ms
[13413.129s][info][gc,cpu         ] GC(32383) User=0.00s Sys=0.00s Real=0.00s
[13413.540s][info][gc,start       ] GC(32384) Pause Young (Allocation Failure)
[13413.542s][info][gc,heap        ] GC(32384) PSYoungGen: 83488K(84480K)->224K(84480K) Eden: 81920K(81920K)->0K(81920K) From: 1568K(2560K)->224K(2560K)
[13413.542s][info][gc,heap        ] GC(32384) ParOldGen: 216902K(217088K)->216966K(217088K)
[13413.542s][info][gc,metaspace   ] GC(32384) Metaspace: 62146K(62464K)->62146K(62464K) NonClass: 56614K(56832K)->56614K(56832K) Class: 5532K(5632K)->5532K(5632K)
[13413.542s][info][gc             ] GC(32384) Pause Young (Allocation Failure) 293M->212M(294M) 1.694ms
[13413.542s][info][gc,cpu         ] GC(32384) User=0.00s Sys=0.00s Real=0.01s
[13413.952s][info][gc,start       ] GC(32385) Pause Young (Allocation Failure)
[13413.954s][info][gc,heap        ] GC(32385) PSYoungGen: 82144K(84480K)->416K(84480K) Eden: 81920K(81920K)->0K(81920K) From: 224K(2560K)->416K(2560K)
[13413.954s][info][gc,heap        ] GC(32385) ParOldGen: 216966K(217088K)->217038K(217088K)
[13413.954s][info][gc,metaspace   ] GC(32385) Metaspace: 62146K(62464K)->62146K(62464K) NonClass: 56614K(56832K)->56614K(56832K) Class: 5532K(5632K)->5532K(5632K)
[13413.954s][info][gc             ] GC(32385) Pause Young (Allocation Failure) 292M->212M(294M) 1.798ms
[13413.954s][info][gc,cpu         ] GC(32385) User=0.01s Sys=0.00s Real=0.00s
[13414.375s][info][gc,start       ] GC(32386) Pause Young (Allocation Failure)
[13414.377s][info][gc,heap        ] GC(32386) PSYoungGen: 82336K(84480K)->736K(84480K) Eden: 81920K(81920K)->0K(81920K) From: 416K(2560K)->736K(2560K)
[13414.377s][info][gc,heap        ] GC(32386) ParOldGen: 217038K(217088K)->217102K(217600K)
[13414.377s][info][gc,metaspace   ] GC(32386) Metaspace: 62146K(62464K)->62146K(62464K) NonClass: 56614K(56832K)->56614K(56832K) Class: 5532K(5632K)->5532K(5632K)
[13414.377s][info][gc             ] GC(32386) Pause Young (Allocation Failure) 292M->212M(295M) 2.156ms
[13414.377s][info][gc,cpu         ] GC(32386) User=0.01s Sys=0.00s Real=0.00s
[13414.789s][info][gc,start       ] GC(32387) Pause Young (Allocation Failure)
[13414.792s][info][gc,heap        ] GC(32387) PSYoungGen: 82656K(84480K)->1056K(84480K) Eden: 81920K(81920K)->0K(81920K) From: 736K(2560K)->1056K(2560K)
[13414.792s][info][gc,heap        ] GC(32387) ParOldGen: 217102K(217600K)->217166K(217600K)
[13414.792s][info][gc,metaspace   ] GC(32387) Metaspace: 62146K(62464K)->62146K(62464K) NonClass: 56614K(56832K)->56614K(56832K) Class: 5532K(5632K)->5532K(5632K)
[13414.792s][info][gc             ] GC(32387) Pause Young (Allocation Failure) 292M->213M(295M) 2.470ms
[13414.792s][info][gc,cpu         ] GC(32387) User=0.01s Sys=0.00s Real=0.01s
[13415.234s][info][gc,start       ] GC(32388) Pause Young (Allocation Failure)
[13415.237s][info][gc,heap        ] GC(32388) PSYoungGen: 82976K(84480K)->2000K(84480K) Eden: 81920K(81920K)->0K(81920K) From: 1056K(2560K)->2000K(2560K)
[13415.237s][info][gc,heap        ] GC(32388) ParOldGen: 217166K(217600K)->217238K(217600K)
[13415.237s][info][gc,metaspace   ] GC(32388) Metaspace: 62146K(62464K)->62146K(62464K) NonClass: 56614K(56832K)->56614K(56832K) Class: 5532K(5632K)->5532K(5632K)
[13415.237s][info][gc             ] GC(32388) Pause Young (Allocation Failure) 293M->214M(295M) 3.123ms
[13415.237s][info][gc,cpu         ] GC(32388) User=0.01s Sys=0.00s Real=0.00s
[13415.619s][info][gc,start       ] GC(32389) Pause Young (Allocation Failure)
[13415.622s][info][gc,heap        ] GC(32389) PSYoungGen: 83920K(84480K)->1632K(83968K) Eden: 81920K(81920K)->0K(81920K) From: 2000K(2560K)->1632K(2048K)
[13415.622s][info][gc,heap        ] GC(32389) ParOldGen: 217238K(217600K)->217350K(217600K)
[13415.622s][info][gc,metaspace   ] GC(32389) Metaspace: 62146K(62464K)->62146K(62464K) NonClass: 56614K(56832K)->56614K(56832K) Class: 5532K(5632K)->5532K(5632K)
[13415.622s][info][gc             ] GC(32389) Pause Young (Allocation Failure) 294M->213M(294M) 3.015ms
[13415.622s][info][gc,cpu         ] GC(32389) User=0.00s Sys=0.00s Real=0.01s
[13415.984s][info][gc,start       ] GC(32390) Pause Young (Allocation Failure)
[13415.987s][info][gc,heap        ] GC(32390) PSYoungGen: 83552K(83968K)->960K(84480K) Eden: 81920K(81920K)->0K(81408K) From: 1632K(2048K)->960K(3072K)
[13415.987s][info][gc,heap        ] GC(32390) ParOldGen: 217350K(217600K)->217422K(217600K)
[13415.987s][info][gc,metaspace   ] GC(32390) Metaspace: 62146K(62464K)->62146K(62464K) NonClass: 56614K(56832K)->56614K(56832K) Class: 5532K(5632K)->5532K(5632K)
[13415.987s][info][gc             ] GC(32390) Pause Young (Allocation Failure) 293M->213M(295M) 2.402ms
[13415.987s][info][gc,cpu         ] GC(32390) User=0.00s Sys=0.00s Real=0.00s
[13416.401s][info][gc,start       ] GC(32391) Pause Young (Allocation Failure)
[13416.404s][info][gc,heap        ] GC(32391) PSYoungGen: 82368K(84480K)->1152K(83968K) Eden: 81408K(81408K)->0K(81408K) From: 960K(3072K)->1152K(2560K)
[13416.404s][info][gc,heap        ] GC(32391) ParOldGen: 217422K(217600K)->217486K(217600K)
[13416.404s][info][gc,metaspace   ] GC(32391) Metaspace: 62146K(62464K)->62146K(62464K) NonClass: 56614K(56832K)->56614K(56832K) Class: 5532K(5632K)->5532K(5632K)
[13416.404s][info][gc             ] GC(32391) Pause Young (Allocation Failure) 292M->213M(294M) 2.412ms
[13416.404s][info][gc,cpu         ] GC(32391) User=0.00s Sys=0.01s Real=0.00s
[13416.824s][info][gc,start       ] GC(32392) Pause Young (Allocation Failure)
[13416.826s][info][gc,heap        ] GC(32392) PSYoungGen: 82560K(83968K)->1504K(84480K) Eden: 81408K(81408K)->0K(81920K) From: 1152K(2560K)->1504K(2560K)
[13416.826s][info][gc,heap        ] GC(32392) ParOldGen: 217486K(217600K)->217558K(217600K)
[13416.826s][info][gc,metaspace   ] GC(32392) Metaspace: 62146K(62464K)->62146K(62464K) NonClass: 56614K(56832K)->56614K(56832K) Class: 5532K(5632K)->5532K(5632K)
[13416.827s][info][gc             ] GC(32392) Pause Young (Allocation Failure) 293M->213M(295M) 2.781ms
[13416.827s][info][gc,cpu         ] GC(32392) User=0.00s Sys=0.00s Real=0.00s
[13417.247s][info][gc,start       ] GC(32393) Pause Young (Allocation Failure)
[13417.249s][info][gc,heap        ] GC(32393) PSYoungGen: 83424K(84480K)->320K(84480K) Eden: 81920K(81920K)->0K(81920K) From: 1504K(2560K)->320K(2560K)
[13417.249s][info][gc,heap        ] GC(32393) ParOldGen: 217558K(217600K)->217622K(218112K)
[13417.249s][info][gc,metaspace   ] GC(32393) Metaspace: 62146K(62464K)->62146K(62464K) NonClass: 56614K(56832K)->56614K(56832K) Class: 5532K(5632K)->5532K(5632K)
[13417.249s][info][gc             ] GC(32393) Pause Young (Allocation Failure) 293M->212M(295M) 1.807ms
[13417.249s][info][gc,cpu         ] GC(32393) User=0.00s Sys=0.00s Real=0.00s
[13417.649s][info][gc,start       ] GC(32394) Pause Young (Allocation Failure)
[13417.651s][info][gc,heap        ] GC(32394) PSYoungGen: 82240K(84480K)->352K(84480K) Eden: 81920K(81920K)->0K(81920K) From: 320K(2560K)->352K(2560K)
[13417.651s][info][gc,heap        ] GC(32394) ParOldGen: 217622K(218112K)->217694K(218112K)
[13417.651s][info][gc,metaspace   ] GC(32394) Metaspace: 62146K(62464K)->62146K(62464K) NonClass: 56614K(56832K)->56614K(56832K) Class: 5532K(5632K)->5532K(5632K)
[13417.651s][info][gc             ] GC(32394) Pause Young (Allocation Failure) 292M->212M(295M) 1.743ms
[13417.651s][info][gc,cpu         ] GC(32394) User=0.00s Sys=0.00s Real=0.00s
[13418.060s][info][gc,start       ] GC(32395) Pause Young (Allocation Failure)
[13418.062s][info][gc,heap        ] GC(32395) PSYoungGen: 82272K(84480K)->544K(84480K) Eden: 81920K(81920K)->0K(81920K) From: 352K(2560K)->544K(2560K)
[13418.062s][info][gc,heap        ] GC(32395) ParOldGen: 217694K(218112K)->217766K(218112K)
[13418.062s][info][gc,metaspace   ] GC(32395) Metaspace: 62146K(62464K)->62146K(62464K) NonClass: 56614K(56832K)->56614K(56832K) Class: 5532K(5632K)->5532K(5632K)
[13418.062s][info][gc             ] GC(32395) Pause Young (Allocation Failure) 292M->213M(295M) 1.915ms
[13418.062s][info][gc,cpu         ] GC(32395) User=0.00s Sys=0.00s Real=0.01s
[13418.472s][info][gc,start       ] GC(32396) Pause Young (Allocation Failure)
[13418.474s][info][gc,heap        ] GC(32396) PSYoungGen: 82464K(84480K)->736K(84480K) Eden: 81920K(81920K)->0K(81920K) From: 544K(2560K)->736K(2560K)
[13418.474s][info][gc,heap        ] GC(32396) ParOldGen: 217766K(218112K)->217830K(218112K)
[13418.474s][info][gc,metaspace   ] GC(32396) Metaspace: 62146K(62464K)->62146K(62464K) NonClass: 56614K(56832K)->56614K(56832K) Class: 5532K(5632K)->5532K(5632K)
[13418.474s][info][gc             ] GC(32396) Pause Young (Allocation Failure) 293M->213M(295M) 2.097ms
[13418.474s][info][gc,cpu         ] GC(32396) User=0.00s Sys=0.00s Real=0.00s
[13418.851s][info][gc,start       ] GC(32397) Pause Young (Allocation Failure)
[13418.853s][info][gc,heap        ] GC(32397) PSYoungGen: 82656K(84480K)->416K(84480K) Eden: 81920K(81920K)->0K(81920K) From: 736K(2560K)->416K(2560K)
[13418.853s][info][gc,heap        ] GC(32397) ParOldGen: 217830K(218112K)->217894K(218112K)
[13418.853s][info][gc,metaspace   ] GC(32397) Metaspace: 62146K(62464K)->62146K(62464K) NonClass: 56614K(56832K)->56614K(56832K) Class: 5532K(5632K)->5532K(5632K)
[13418.853s][info][gc             ] GC(32397) Pause Young (Allocation Failure) 293M->213M(295M) 1.858ms
[13418.853s][info][gc,cpu         ] GC(32397) User=0.01s Sys=0.00s Real=0.00s
[13419.201s][info][gc,start       ] GC(32398) Pause Young (Allocation Failure)
[13419.205s][info][gc,heap        ] GC(32398) PSYoungGen: 82336K(84480K)->2304K(84480K) Eden: 81920K(81920K)->0K(81920K) From: 416K(2560K)->2304K(2560K)
[13419.205s][info][gc,heap        ] GC(32398) ParOldGen: 217894K(218112K)->218982K(219648K)
[13419.205s][info][gc,metaspace   ] GC(32398) Metaspace: 62146K(62464K)->62146K(62464K) NonClass: 56614K(56832K)->56614K(56832K) Class: 5532K(5632K)->5532K(5632K)
[13419.205s][info][gc             ] GC(32398) Pause Young (Allocation Failure) 293M->216M(297M) 3.564ms
[13419.205s][info][gc,cpu         ] GC(32398) User=0.01s Sys=0.00s Real=0.00s
[13419.576s][info][gc,start       ] GC(32399) Pause Young (Allocation Failure)
[13419.579s][info][gc,heap        ] GC(32399) PSYoungGen: 84224K(84480K)->832K(84480K) Eden: 81920K(81920K)->0K(81920K) From: 2304K(2560K)->832K(2560K)
[13419.579s][info][gc,heap        ] GC(32399) ParOldGen: 218982K(219648K)->221102K(221184K)
[13419.579s][info][gc,metaspace   ] GC(32399) Metaspace: 62146K(62464K)->62146K(62464K) NonClass: 56614K(56832K)->56614K(56832K) Class: 5532K(5632K)->5532K(5632K)
[13419.579s][info][gc             ] GC(32399) Pause Young (Allocation Failure) 296M->216M(298M) 3.337ms
[13419.579s][info][gc,cpu         ] GC(32399) User=0.00s Sys=0.00s Real=0.00s
[13419.973s][info][gc,start       ] GC(32400) Pause Young (Allocation Failure)
[13419.975s][info][gc,heap        ] GC(32400) PSYoungGen: 82752K(84480K)->704K(84480K) Eden: 81920K(81920K)->0K(81920K) From: 832K(2560K)->704K(2560K)
[13419.975s][info][gc,heap        ] GC(32400) ParOldGen: 221102K(221184K)->221166K(221184K)
[13419.975s][info][gc,metaspace   ] GC(32400) Metaspace: 62146K(62464K)->62146K(62464K) NonClass: 56614K(56832K)->56614K(56832K) Class: 5532K(5632K)->5532K(5632K)
[13419.975s][info][gc             ] GC(32400) Pause Young (Allocation Failure) 296M->216M(298M) 2.172ms
[13419.975s][info][gc,cpu         ] GC(32400) User=0.00s Sys=0.00s Real=0.00s
[13420.398s][info][gc,start       ] GC(32401) Pause Young (Allocation Failure)
[13420.400s][info][gc,heap        ] GC(32401) PSYoungGen: 82624K(84480K)->1088K(84480K) Eden: 81920K(81920K)->0K(81920K) From: 704K(2560K)->1088K(2560K)
[13420.400s][info][gc,heap        ] GC(32401) ParOldGen: 221166K(221184K)->221238K(221696K)
[13420.400s][info][gc,metaspace   ] GC(32401) Metaspace: 62146K(62464K)->62146K(62464K) NonClass: 56614K(56832K)->56614K(56832K) Class: 5532K(5632K)->5532K(5632K)
[13420.400s][info][gc             ] GC(32401) Pause Young (Allocation Failure) 296M->217M(299M) 2.430ms
[13420.400s][info][gc,cpu         ] GC(32401) User=0.00s Sys=0.00s Real=0.00s
[13420.817s][info][gc,start       ] GC(32402) Pause Young (Allocation Failure)
[13420.820s][info][gc,heap        ] GC(32402) PSYoungGen: 83008K(84480K)->1408K(84480K) Eden: 81920K(81920K)->0K(81920K) From: 1088K(2560K)->1408K(2560K)
[13420.820s][info][gc,heap        ] GC(32402) ParOldGen: 221238K(221696K)->221310K(221696K)
[13420.820s][info][gc,metaspace   ] GC(32402) Metaspace: 62146K(62464K)->62146K(62464K) NonClass: 56614K(56832K)->56614K(56832K) Class: 5532K(5632K)->5532K(5632K)
[13420.820s][info][gc             ] GC(32402) Pause Young (Allocation Failure) 297M->217M(299M) 2.621ms
[13420.820s][info][gc,cpu         ] GC(32402) User=0.00s Sys=0.00s Real=0.00s
[13421.267s][info][gc,start       ] GC(32403) Pause Young (Allocation Failure)
[13421.269s][info][gc,heap        ] GC(32403) PSYoungGen: 83328K(84480K)->608K(84480K) Eden: 81920K(81920K)->0K(81920K) From: 1408K(2560K)->608K(2560K)
[13421.269s][info][gc,heap        ] GC(32403) ParOldGen: 221310K(221696K)->221374K(221696K)
[13421.269s][info][gc,metaspace   ] GC(32403) Metaspace: 62146K(62464K)->62146K(62464K) NonClass: 56614K(56832K)->56614K(56832K) Class: 5532K(5632K)->5532K(5632K)
[13421.269s][info][gc             ] GC(32403) Pause Young (Allocation Failure) 297M->216M(299M) 2.157ms
[13421.269s][info][gc,cpu         ] GC(32403) User=0.00s Sys=0.00s Real=0.00s
[13421.710s][info][gc,start       ] GC(32404) Pause Young (Allocation Failure)
[13421.712s][info][gc,heap        ] GC(32404) PSYoungGen: 82528K(84480K)->1376K(84480K) Eden: 81920K(81920K)->0K(81920K) From: 608K(2560K)->1376K(2560K)
[13421.712s][info][gc,heap        ] GC(32404) ParOldGen: 221374K(221696K)->221438K(221696K)
[13421.712s][info][gc,metaspace   ] GC(32404) Metaspace: 62146K(62464K)->62146K(62464K) NonClass: 56614K(56832K)->56614K(56832K) Class: 5532K(5632K)->5532K(5632K)
[13421.712s][info][gc             ] GC(32404) Pause Young (Allocation Failure) 296M->217M(299M) 2.586ms
[13421.712s][info][gc,cpu         ] GC(32404) User=0.01s Sys=0.00s Real=0.01s
[13422.135s][info][gc,start       ] GC(32405) Pause Young (Allocation Failure)
[13422.138s][info][gc,heap        ] GC(32405) PSYoungGen: 83296K(84480K)->1600K(84480K) Eden: 81920K(81920K)->0K(81920K) From: 1376K(2560K)->1600K(2560K)
[13422.138s][info][gc,heap        ] GC(32405) ParOldGen: 221438K(221696K)->221510K(221696K)
[13422.138s][info][gc,metaspace   ] GC(32405) Metaspace: 62146K(62464K)->62146K(62464K) NonClass: 56614K(56832K)->56614K(56832K) Class: 5532K(5632K)->5532K(5632K)
[13422.138s][info][gc             ] GC(32405) Pause Young (Allocation Failure) 297M->217M(299M) 2.796ms
[13422.138s][info][gc,cpu         ] GC(32405) User=0.01s Sys=0.00s Real=0.00s
[13422.592s][info][gc,start       ] GC(32406) Pause Young (Allocation Failure)
[13422.595s][info][gc,heap        ] GC(32406) PSYoungGen: 83520K(84480K)->1072K(84480K) Eden: 81920K(81920K)->0K(81920K) From: 1600K(2560K)->1072K(2560K)
[13422.595s][info][gc,heap        ] GC(32406) ParOldGen: 221510K(221696K)->221574K(221696K)
[13422.595s][info][gc,metaspace   ] GC(32406) Metaspace: 62146K(62464K)->62146K(62464K) NonClass: 56614K(56832K)->56614K(56832K) Class: 5532K(5632K)->5532K(5632K)
[13422.595s][info][gc             ] GC(32406) Pause Young (Allocation Failure) 297M->217M(299M) 2.379ms
[13422.595s][info][gc,cpu         ] GC(32406) User=0.00s Sys=0.00s Real=0.00s
[13423.006s][info][gc,start       ] GC(32407) Pause Young (Allocation Failure)
[13423.009s][info][gc,heap        ] GC(32407) PSYoungGen: 82992K(84480K)->1184K(84480K) Eden: 81920K(81920K)->0K(81920K) From: 1072K(2560K)->1184K(2560K)
[13423.009s][info][gc,heap        ] GC(32407) ParOldGen: 221574K(221696K)->221694K(221696K)
[13423.009s][info][gc,metaspace   ] GC(32407) Metaspace: 62146K(62464K)->62146K(62464K) NonClass: 56614K(56832K)->56614K(56832K) Class: 5532K(5632K)->5532K(5632K)
[13423.009s][info][gc             ] GC(32407) Pause Young (Allocation Failure) 297M->217M(299M) 2.511ms
[13423.009s][info][gc,cpu         ] GC(32407) User=0.00s Sys=0.00s Real=0.00s
[13423.418s][info][gc,start       ] GC(32408) Pause Young (Allocation Failure)
[13423.421s][info][gc,heap        ] GC(32408) PSYoungGen: 83104K(84480K)->1504K(84480K) Eden: 81920K(81920K)->0K(81920K) From: 1184K(2560K)->1504K(2560K)
[13423.421s][info][gc,heap        ] GC(32408) ParOldGen: 221694K(221696K)->221758K(222208K)
[13423.421s][info][gc,metaspace   ] GC(32408) Metaspace: 62146K(62464K)->62146K(62464K) NonClass: 56614K(56832K)->56614K(56832K) Class: 5532K(5632K)->5532K(5632K)
[13423.421s][info][gc             ] GC(32408) Pause Young (Allocation Failure) 297M->218M(299M) 2.689ms
[13423.421s][info][gc,cpu         ] GC(32408) User=0.00s Sys=0.00s Real=0.00s
[13423.823s][info][gc,start       ] GC(32409) Pause Young (Allocation Failure)
[13423.827s][info][gc,heap        ] GC(32409) PSYoungGen: 83424K(84480K)->2528K(84480K) Eden: 81920K(81920K)->0K(81920K) From: 1504K(2560K)->2528K(2560K)
[13423.827s][info][gc,heap        ] GC(32409) ParOldGen: 221758K(222208K)->223934K(225280K)
[13423.827s][info][gc,metaspace   ] GC(32409) Metaspace: 62146K(62464K)->62146K(62464K) NonClass: 56614K(56832K)->56614K(56832K) Class: 5532K(5632K)->5532K(5632K)
[13423.827s][info][gc             ] GC(32409) Pause Young (Allocation Failure) 298M->221M(302M) 4.450ms
[13423.827s][info][gc,cpu         ] GC(32409) User=0.01s Sys=0.01s Real=0.00s
[13424.240s][info][gc,start       ] GC(32410) Pause Young (Allocation Failure)
[13424.243s][info][gc,heap        ] GC(32410) PSYoungGen: 84448K(84480K)->224K(82432K) Eden: 81920K(81920K)->0K(79872K) From: 2528K(2560K)->224K(2560K)
[13424.243s][info][gc,heap        ] GC(32410) ParOldGen: 223934K(225280K)->226015K(226816K)
[13424.243s][info][gc,metaspace   ] GC(32410) Metaspace: 62146K(62464K)->62146K(62464K) NonClass: 56614K(56832K)->56614K(56832K) Class: 5532K(5632K)->5532K(5632K)
[13424.243s][info][gc             ] GC(32410) Pause Young (Allocation Failure) 301M->220M(302M) 2.651ms
[13424.243s][info][gc,cpu         ] GC(32410) User=0.00s Sys=0.00s Real=0.01s
[13424.624s][info][gc,start       ] GC(32411) Pause Young (Allocation Failure)
[13424.626s][info][gc,heap        ] GC(32411) PSYoungGen: 80096K(82432K)->1664K(83456K) Eden: 79872K(79872K)->0K(79872K) From: 224K(2560K)->1664K(3584K)
[13424.627s][info][gc,heap        ] GC(32411) ParOldGen: 226015K(226816K)->226079K(226816K)
[13424.627s][info][gc,metaspace   ] GC(32411) Metaspace: 62146K(62464K)->62146K(62464K) NonClass: 56614K(56832K)->56614K(56832K) Class: 5532K(5632K)->5532K(5632K)
[13424.627s][info][gc             ] GC(32411) Pause Young (Allocation Failure) 298M->222M(303M) 2.810ms
[13424.627s][info][gc,cpu         ] GC(32411) User=0.01s Sys=0.00s Real=0.00s
[13424.995s][info][gc,start       ] GC(32412) Pause Young (Allocation Failure)
[13424.997s][info][gc,heap        ] GC(32412) PSYoungGen: 81536K(83456K)->1216K(83456K) Eden: 79872K(79872K)->0K(79872K) From: 1664K(3584K)->1216K(3584K)
[13424.997s][info][gc,heap        ] GC(32412) ParOldGen: 226079K(226816K)->226151K(226816K)
[13424.997s][info][gc,metaspace   ] GC(32412) Metaspace: 62146K(62464K)->62146K(62464K) NonClass: 56614K(56832K)->56614K(56832K) Class: 5532K(5632K)->5532K(5632K)
[13424.997s][info][gc             ] GC(32412) Pause Young (Allocation Failure) 300M->222M(303M) 2.519ms
[13424.997s][info][gc,cpu         ] GC(32412) User=0.00s Sys=0.00s Real=0.00s
[13425.391s][info][gc,start       ] GC(32413) Pause Young (Allocation Failure)
[13425.393s][info][gc,heap        ] GC(32413) PSYoungGen: 81088K(83456K)->1024K(83456K) Eden: 79872K(79872K)->0K(79872K) From: 1216K(3584K)->1024K(3584K)
[13425.393s][info][gc,heap        ] GC(32413) ParOldGen: 226151K(226816K)->226223K(226816K)
[13425.393s][info][gc,metaspace   ] GC(32413) Metaspace: 62146K(62464K)->62146K(62464K) NonClass: 56614K(56832K)->56614K(56832K) Class: 5532K(5632K)->5532K(5632K)
[13425.393s][info][gc             ] GC(32413) Pause Young (Allocation Failure) 300M->221M(303M) 2.447ms
[13425.393s][info][gc,cpu         ] GC(32413) User=0.00s Sys=0.00s Real=0.01s
[13425.779s][info][gc,start       ] GC(32414) Pause Young (Allocation Failure)
[13425.781s][info][gc,heap        ] GC(32414) PSYoungGen: 80896K(83456K)->896K(83968K) Eden: 79872K(79872K)->0K(80896K) From: 1024K(3584K)->896K(3072K)
[13425.781s][info][gc,heap        ] GC(32414) ParOldGen: 226223K(226816K)->226295K(226816K)
[13425.781s][info][gc,metaspace   ] GC(32414) Metaspace: 62146K(62464K)->62146K(62464K) NonClass: 56614K(56832K)->56614K(56832K) Class: 5532K(5632K)->5532K(5632K)
[13425.781s][info][gc             ] GC(32414) Pause Young (Allocation Failure) 299M->221M(303M) 2.212ms
[13425.781s][info][gc,cpu         ] GC(32414) User=0.00s Sys=0.00s Real=0.01s
[13426.161s][info][gc,start       ] GC(32415) Pause Young (Allocation Failure)
[13426.162s][info][gc,heap        ] GC(32415) PSYoungGen: 81792K(83968K)->512K(83968K) Eden: 80896K(80896K)->0K(80896K) From: 896K(3072K)->512K(3072K)
[13426.163s][info][gc,heap        ] GC(32415) ParOldGen: 226295K(226816K)->226367K(226816K)
[13426.163s][info][gc,metaspace   ] GC(32415) Metaspace: 62146K(62464K)->62146K(62464K) NonClass: 56614K(56832K)->56614K(56832K) Class: 5532K(5632K)->5532K(5632K)
[13426.163s][info][gc             ] GC(32415) Pause Young (Allocation Failure) 300M->221M(303M) 1.918ms
[13426.163s][info][gc,cpu         ] GC(32415) User=0.00s Sys=0.00s Real=0.01s
[13426.578s][info][gc,start       ] GC(32416) Pause Young (Allocation Failure)
[13426.580s][info][gc,heap        ] GC(32416) PSYoungGen: 81408K(83968K)->832K(83968K) Eden: 80896K(80896K)->0K(80896K) From: 512K(3072K)->832K(3072K)
[13426.580s][info][gc,heap        ] GC(32416) ParOldGen: 226367K(226816K)->226431K(226816K)
[13426.580s][info][gc,metaspace   ] GC(32416) Metaspace: 62146K(62464K)->62146K(62464K) NonClass: 56614K(56832K)->56614K(56832K) Class: 5532K(5632K)->5532K(5632K)
[13426.580s][info][gc             ] GC(32416) Pause Young (Allocation Failure) 300M->221M(303M) 2.192ms
[13426.580s][info][gc,cpu         ] GC(32416) User=0.00s Sys=0.00s Real=0.00s
[13426.974s][info][gc,start       ] GC(32417) Pause Young (Allocation Failure)
[13426.976s][info][gc,heap        ] GC(32417) PSYoungGen: 81728K(83968K)->736K(83968K) Eden: 80896K(80896K)->0K(80896K) From: 832K(3072K)->736K(3072K)
[13426.976s][info][gc,heap        ] GC(32417) ParOldGen: 226431K(226816K)->226503K(226816K)
[13426.976s][info][gc,metaspace   ] GC(32417) Metaspace: 62146K(62464K)->62146K(62464K) NonClass: 56614K(56832K)->56614K(56832K) Class: 5532K(5632K)->5532K(5632K)
[13426.976s][info][gc             ] GC(32417) Pause Young (Allocation Failure) 300M->221M(303M) 2.066ms
[13426.976s][info][gc,cpu         ] GC(32417) User=0.00s Sys=0.00s Real=0.00s
[13427.367s][info][gc,start       ] GC(32418) Pause Young (Allocation Failure)
[13427.369s][info][gc,heap        ] GC(32418) PSYoungGen: 81632K(83968K)->640K(83968K) Eden: 80896K(80896K)->0K(80896K) From: 736K(3072K)->640K(3072K)
[13427.369s][info][gc,heap        ] GC(32418) ParOldGen: 226503K(226816K)->226575K(226816K)
[13427.369s][info][gc,metaspace   ] GC(32418) Metaspace: 62146K(62464K)->62146K(62464K) NonClass: 56614K(56832K)->56614K(56832K) Class: 5532K(5632K)->5532K(5632K)
[13427.369s][info][gc             ] GC(32418) Pause Young (Allocation Failure) 300M->221M(303M) 2.065ms
[13427.369s][info][gc,cpu         ] GC(32418) User=0.00s Sys=0.00s Real=0.00s
[13427.786s][info][gc,start       ] GC(32419) Pause Young (Allocation Failure)
[13427.788s][info][gc,heap        ] GC(32419) PSYoungGen: 81536K(83968K)->896K(83968K) Eden: 80896K(80896K)->0K(80896K) From: 640K(3072K)->896K(3072K)
[13427.788s][info][gc,heap        ] GC(32419) ParOldGen: 226575K(226816K)->226647K(226816K)
[13427.788s][info][gc,metaspace   ] GC(32419) Metaspace: 62146K(62464K)->62146K(62464K) NonClass: 56614K(56832K)->56614K(56832K) Class: 5532K(5632K)->5532K(5632K)
[13427.788s][info][gc             ] GC(32419) Pause Young (Allocation Failure) 300M->222M(303M) 2.373ms
[13427.788s][info][gc,cpu         ] GC(32419) User=0.01s Sys=0.00s Real=0.00s
[13428.183s][info][gc,start       ] GC(32420) Pause Young (Allocation Failure)
[13428.186s][info][gc,heap        ] GC(32420) PSYoungGen: 81792K(83968K)->896K(84480K) Eden: 80896K(80896K)->0K(81920K) From: 896K(3072K)->896K(2560K)
[13428.186s][info][gc,heap        ] GC(32420) ParOldGen: 226647K(226816K)->226719K(226816K)
[13428.186s][info][gc,metaspace   ] GC(32420) Metaspace: 62146K(62464K)->62146K(62464K) NonClass: 56614K(56832K)->56614K(56832K) Class: 5532K(5632K)->5532K(5632K)
[13428.186s][info][gc             ] GC(32420) Pause Young (Allocation Failure) 301M->222M(304M) 2.354ms
[13428.186s][info][gc,cpu         ] GC(32420) User=0.01s Sys=0.00s Real=0.00s
[13428.590s][info][gc,start       ] GC(32421) Pause Young (Allocation Failure)
[13428.593s][info][gc,heap        ] GC(32421) PSYoungGen: 82816K(84480K)->1056K(84480K) Eden: 81920K(81920K)->0K(81920K) From: 896K(2560K)->1056K(2560K)
[13428.593s][info][gc,heap        ] GC(32421) ParOldGen: 226719K(226816K)->226791K(226816K)
[13428.593s][info][gc,metaspace   ] GC(32421) Metaspace: 62146K(62464K)->62146K(62464K) NonClass: 56614K(56832K)->56614K(56832K) Class: 5532K(5632K)->5532K(5632K)
[13428.593s][info][gc             ] GC(32421) Pause Young (Allocation Failure) 302M->222M(304M) 2.505ms
[13428.593s][info][gc,cpu         ] GC(32421) User=0.01s Sys=0.00s Real=0.01s
[13429.009s][info][gc,start       ] GC(32422) Pause Young (Allocation Failure)
[13429.011s][info][gc,heap        ] GC(32422) PSYoungGen: 82976K(84480K)->1280K(84480K) Eden: 81920K(81920K)->0K(81920K) From: 1056K(2560K)->1280K(2560K)
[13429.011s][info][gc,heap        ] GC(32422) ParOldGen: 226791K(226816K)->226855K(227328K)
[13429.011s][info][gc,metaspace   ] GC(32422) Metaspace: 62146K(62464K)->62146K(62464K) NonClass: 56614K(56832K)->56614K(56832K) Class: 5532K(5632K)->5532K(5632K)
[13429.011s][info][gc             ] GC(32422) Pause Young (Allocation Failure) 302M->222M(304M) 2.738ms
[13429.011s][info][gc,cpu         ] GC(32422) User=0.00s Sys=0.00s Real=0.01s
[13429.432s][info][gc,start       ] GC(32423) Pause Young (Allocation Failure)
[13429.435s][info][gc,heap        ] GC(32423) PSYoungGen: 83200K(84480K)->1696K(84480K) Eden: 81920K(81920K)->0K(81920K) From: 1280K(2560K)->1696K(2560K)
[13429.435s][info][gc,heap        ] GC(32423) ParOldGen: 226855K(227328K)->226919K(227328K)
[13429.435s][info][gc,metaspace   ] GC(32423) Metaspace: 62146K(62464K)->62146K(62464K) NonClass: 56614K(56832K)->56614K(56832K) Class: 5532K(5632K)->5532K(5632K)
[13429.435s][info][gc             ] GC(32423) Pause Young (Allocation Failure) 302M->223M(304M) 2.831ms
[13429.435s][info][gc,cpu         ] GC(32423) User=0.01s Sys=0.00s Real=0.00s
[13429.885s][info][gc,start       ] GC(32424) Pause Young (Allocation Failure)
[13429.887s][info][gc,heap        ] GC(32424) PSYoungGen: 83616K(84480K)->976K(84480K) Eden: 81920K(81920K)->0K(81920K) From: 1696K(2560K)->976K(2560K)
[13429.887s][info][gc,heap        ] GC(32424) ParOldGen: 226919K(227328K)->226983K(227328K)
[13429.887s][info][gc,metaspace   ] GC(32424) Metaspace: 62146K(62464K)->62146K(62464K) NonClass: 56614K(56832K)->56614K(56832K) Class: 5532K(5632K)->5532K(5632K)
[13429.887s][info][gc             ] GC(32424) Pause Young (Allocation Failure) 303M->222M(304M) 2.259ms
[13429.887s][info][gc,cpu         ] GC(32424) User=0.00s Sys=0.00s Real=0.00s
[13430.266s][info][gc,start       ] GC(32425) Pause Young (Allocation Failure)
[13430.268s][info][gc,heap        ] GC(32425) PSYoungGen: 82896K(84480K)->672K(84480K) Eden: 81920K(81920K)->0K(81920K) From: 976K(2560K)->672K(2560K)
[13430.268s][info][gc,heap        ] GC(32425) ParOldGen: 226983K(227328K)->227103K(227328K)
[13430.268s][info][gc,metaspace   ] GC(32425) Metaspace: 62146K(62464K)->62146K(62464K) NonClass: 56614K(56832K)->56614K(56832K) Class: 5532K(5632K)->5532K(5632K)
[13430.268s][info][gc             ] GC(32425) Pause Young (Allocation Failure) 302M->222M(304M) 2.111ms
[13430.269s][info][gc,cpu         ] GC(32425) User=0.00s Sys=0.00s Real=0.00s
[13430.676s][info][gc,start       ] GC(32426) Pause Young (Allocation Failure)
[13430.678s][info][gc,heap        ] GC(32426) PSYoungGen: 82592K(84480K)->832K(84480K) Eden: 81920K(81920K)->0K(81920K) From: 672K(2560K)->832K(2560K)
[13430.678s][info][gc,heap        ] GC(32426) ParOldGen: 227103K(227328K)->227175K(227328K)
[13430.678s][info][gc,metaspace   ] GC(32426) Metaspace: 62146K(62464K)->62146K(62464K) NonClass: 56614K(56832K)->56614K(56832K) Class: 5532K(5632K)->5532K(5632K)
[13430.678s][info][gc             ] GC(32426) Pause Young (Allocation Failure) 302M->222M(304M) 2.186ms
[13430.679s][info][gc,cpu         ] GC(32426) User=0.00s Sys=0.00s Real=0.00s
[13431.074s][info][gc,start       ] GC(32427) Pause Young (Allocation Failure)
[13431.076s][info][gc,heap        ] GC(32427) PSYoungGen: 82752K(84480K)->736K(84480K) Eden: 81920K(81920K)->0K(81920K) From: 832K(2560K)->736K(2560K)
[13431.076s][info][gc,heap        ] GC(32427) ParOldGen: 227175K(227328K)->227247K(227328K)
[13431.076s][info][gc,metaspace   ] GC(32427) Metaspace: 62146K(62464K)->62146K(62464K) NonClass: 56614K(56832K)->56614K(56832K) Class: 5532K(5632K)->5532K(5632K)
[13431.076s][info][gc             ] GC(32427) Pause Young (Allocation Failure) 302M->222M(304M) 2.057ms
[13431.077s][info][gc,cpu         ] GC(32427) User=0.00s Sys=0.00s Real=0.00s
[13431.516s][info][gc,start       ] GC(32428) Pause Young (Allocation Failure)
[13431.519s][info][gc,heap        ] GC(32428) PSYoungGen: 82656K(84480K)->1312K(84480K) Eden: 81920K(81920K)->0K(81920K) From: 736K(2560K)->1312K(2560K)
[13431.519s][info][gc,heap        ] GC(32428) ParOldGen: 227247K(227328K)->227311K(227328K)
[13431.519s][info][gc,metaspace   ] GC(32428) Metaspace: 62146K(62464K)->62146K(62464K) NonClass: 56614K(56832K)->56614K(56832K) Class: 5532K(5632K)->5532K(5632K)
[13431.519s][info][gc             ] GC(32428) Pause Young (Allocation Failure) 302M->223M(304M) 2.593ms
[13431.519s][info][gc,cpu         ] GC(32428) User=0.00s Sys=0.01s Real=0.00s
[13431.948s][info][gc,start       ] GC(32429) Pause Young (Allocation Failure)
[13431.950s][info][gc,heap        ] GC(32429) PSYoungGen: 83232K(84480K)->352K(84480K) Eden: 81920K(81920K)->0K(81920K) From: 1312K(2560K)->352K(2560K)
[13431.950s][info][gc,heap        ] GC(32429) ParOldGen: 227311K(227328K)->227375K(227840K)
[13431.950s][info][gc,metaspace   ] GC(32429) Metaspace: 62146K(62464K)->62146K(62464K) NonClass: 56614K(56832K)->56614K(56832K) Class: 5532K(5632K)->5532K(5632K)
[13431.950s][info][gc             ] GC(32429) Pause Young (Allocation Failure) 303M->222M(305M) 2.067ms
[13431.950s][info][gc,cpu         ] GC(32429) User=0.01s Sys=0.00s Real=0.00s
[13432.360s][info][gc,start       ] GC(32430) Pause Young (Allocation Failure)
[13432.362s][info][gc,heap        ] GC(32430) PSYoungGen: 82271K(84480K)->544K(84480K) Eden: 81919K(81920K)->0K(81920K) From: 352K(2560K)->544K(2560K)
[13432.362s][info][gc,heap        ] GC(32430) ParOldGen: 227375K(227840K)->227439K(227840K)
[13432.362s][info][gc,metaspace   ] GC(32430) Metaspace: 62146K(62464K)->62146K(62464K) NonClass: 56614K(56832K)->56614K(56832K) Class: 5532K(5632K)->5532K(5632K)
[13432.362s][info][gc             ] GC(32430) Pause Young (Allocation Failure) 302M->222M(305M) 1.876ms
[13432.362s][info][gc,cpu         ] GC(32430) User=0.00s Sys=0.00s Real=0.01s
[13432.759s][info][gc,start       ] GC(32431) Pause Young (Allocation Failure)
[13432.761s][info][gc,heap        ] GC(32431) PSYoungGen: 82464K(84480K)->544K(84480K) Eden: 81920K(81920K)->0K(81920K) From: 544K(2560K)->544K(2560K)
[13432.761s][info][gc,heap        ] GC(32431) ParOldGen: 227439K(227840K)->227503K(227840K)
[13432.761s][info][gc,metaspace   ] GC(32431) Metaspace: 62146K(62464K)->62146K(62464K) NonClass: 56614K(56832K)->56614K(56832K) Class: 5532K(5632K)->5532K(5632K)
[13432.761s][info][gc             ] GC(32431) Pause Young (Allocation Failure) 302M->222M(305M) 1.876ms
[13432.761s][info][gc,cpu         ] GC(32431) User=0.00s Sys=0.00s Real=0.00s
[13433.168s][info][gc,start       ] GC(32432) Pause Young (Allocation Failure)
[13433.171s][info][gc,heap        ] GC(32432) PSYoungGen: 82464K(84480K)->1600K(83968K) Eden: 81920K(81920K)->0K(81920K) From: 544K(2560K)->1600K(2048K)
[13433.171s][info][gc,heap        ] GC(32432) ParOldGen: 227503K(227840K)->228599K(229376K)
[13433.171s][info][gc,metaspace   ] GC(32432) Metaspace: 62146K(62464K)->62146K(62464K) NonClass: 56614K(56832K)->56614K(56832K) Class: 5532K(5632K)->5532K(5632K)
[13433.171s][info][gc             ] GC(32432) Pause Young (Allocation Failure) 302M->224M(306M) 2.546ms
[13433.171s][info][gc,cpu         ] GC(32432) User=0.00s Sys=0.00s Real=0.00s
[13433.562s][info][gc,start       ] GC(32433) Pause Young (Allocation Failure)
[13433.565s][info][gc,heap        ] GC(32433) PSYoungGen: 83520K(83968K)->576K(84480K) Eden: 81920K(81920K)->0K(81920K) From: 1600K(2048K)->576K(2560K)
[13433.565s][info][gc,heap        ] GC(32433) ParOldGen: 228599K(229376K)->230711K(230912K)
[13433.565s][info][gc,metaspace   ] GC(32433) Metaspace: 62146K(62464K)->62146K(62464K) NonClass: 56614K(56832K)->56614K(56832K) Class: 5532K(5632K)->5532K(5632K)
[13433.565s][info][gc             ] GC(32433) Pause Young (Allocation Failure) 304M->225M(308M) 2.999ms
[13433.565s][info][gc,cpu         ] GC(32433) User=0.01s Sys=0.00s Real=0.00s
[13433.955s][info][gc,start       ] GC(32434) Pause Young (Allocation Failure)
[13433.957s][info][gc,heap        ] GC(32434) PSYoungGen: 82496K(84480K)->448K(84480K) Eden: 81920K(81920K)->0K(81920K) From: 576K(2560K)->448K(2560K)
[13433.957s][info][gc,heap        ] GC(32434) ParOldGen: 230711K(230912K)->230775K(230912K)
[13433.957s][info][gc,metaspace   ] GC(32434) Metaspace: 62146K(62464K)->62146K(62464K) NonClass: 56614K(56832K)->56614K(56832K) Class: 5532K(5632K)->5532K(5632K)
[13433.957s][info][gc             ] GC(32434) Pause Young (Allocation Failure) 305M->225M(308M) 1.830ms
[13433.957s][info][gc,cpu         ] GC(32434) User=0.00s Sys=0.00s Real=0.00s
[13434.356s][info][gc,start       ] GC(32435) Pause Young (Allocation Failure)
[13434.358s][info][gc,heap        ] GC(32435) PSYoungGen: 82368K(84480K)->480K(84480K) Eden: 81920K(81920K)->0K(81920K) From: 448K(2560K)->480K(2560K)
[13434.358s][info][gc,heap        ] GC(32435) ParOldGen: 230775K(230912K)->230839K(230912K)
[13434.358s][info][gc,metaspace   ] GC(32435) Metaspace: 62146K(62464K)->62146K(62464K) NonClass: 56614K(56832K)->56614K(56832K) Class: 5532K(5632K)->5532K(5632K)
[13434.358s][info][gc             ] GC(32435) Pause Young (Allocation Failure) 305M->225M(308M) 1.916ms
[13434.358s][info][gc,cpu         ] GC(32435) User=0.00s Sys=0.00s Real=0.00s
[13434.762s][info][gc,start       ] GC(32436) Pause Young (Allocation Failure)
[13434.764s][info][gc,heap        ] GC(32436) PSYoungGen: 82400K(84480K)->576K(84992K) Eden: 81920K(81920K)->0K(82944K) From: 480K(2560K)->576K(2048K)
[13434.764s][info][gc,heap        ] GC(32436) ParOldGen: 230839K(230912K)->230903K(230912K)
[13434.764s][info][gc,metaspace   ] GC(32436) Metaspace: 62146K(62464K)->62146K(62464K) NonClass: 56614K(56832K)->56614K(56832K) Class: 5532K(5632K)->5532K(5632K)
[13434.764s][info][gc             ] GC(32436) Pause Young (Allocation Failure) 305M->226M(308M) 1.934ms
[13434.764s][info][gc,cpu         ] GC(32436) User=0.00s Sys=0.00s Real=0.00s
[13435.170s][info][gc,start       ] GC(32437) Pause Young (Allocation Failure)
[13435.172s][info][gc,heap        ] GC(32437) PSYoungGen: 83520K(84992K)->704K(84992K) Eden: 82944K(82944K)->0K(82944K) From: 576K(2048K)->704K(2048K)
[13435.172s][info][gc,heap        ] GC(32437) ParOldGen: 230903K(230912K)->230975K(231424K)
[13435.172s][info][gc,metaspace   ] GC(32437) Metaspace: 62146K(62464K)->62146K(62464K) NonClass: 56614K(56832K)->56614K(56832K) Class: 5532K(5632K)->5532K(5632K)
[13435.172s][info][gc             ] GC(32437) Pause Young (Allocation Failure) 307M->226M(309M) 2.155ms
[13435.172s][info][gc,cpu         ] GC(32437) User=0.00s Sys=0.00s Real=0.01s
[13435.545s][info][gc,start       ] GC(32438) Pause Young (Allocation Failure)
[13435.546s][info][gc,heap        ] GC(32438) PSYoungGen: 83648K(84992K)->256K(84992K) Eden: 82944K(82944K)->0K(82944K) From: 704K(2048K)->256K(2048K)
[13435.546s][info][gc,heap        ] GC(32438) ParOldGen: 230975K(231424K)->231047K(231424K)
[13435.546s][info][gc,metaspace   ] GC(32438) Metaspace: 62146K(62464K)->62146K(62464K) NonClass: 56614K(56832K)->56614K(56832K) Class: 5532K(5632K)->5532K(5632K)
[13435.547s][info][gc             ] GC(32438) Pause Young (Allocation Failure) 307M->225M(309M) 1.712ms
[13435.547s][info][gc,cpu         ] GC(32438) User=0.00s Sys=0.00s Real=0.00s
[13436.123s][info][gc,start       ] GC(32439) Pause Young (Allocation Failure)
[13436.128s][info][gc,heap        ] GC(32439) PSYoungGen: 83200K(84992K)->1696K(84992K) Eden: 82944K(82944K)->0K(82944K) From: 256K(2048K)->1696K(2048K)
[13436.128s][info][gc,heap        ] GC(32439) ParOldGen: 231047K(231424K)->233247K(234496K)
[13436.128s][info][gc,metaspace   ] GC(32439) Metaspace: 62146K(62464K)->62146K(62464K) NonClass: 56614K(56832K)->56614K(56832K) Class: 5532K(5632K)->5532K(5632K)
[13436.128s][info][gc             ] GC(32439) Pause Young (Allocation Failure) 306M->229M(312M) 4.328ms
[13436.128s][info][gc,cpu         ] GC(32439) User=0.01s Sys=0.00s Real=0.00s
[13436.531s][info][gc,start       ] GC(32440) Pause Young (Allocation Failure)
[13436.534s][info][gc,heap        ] GC(32440) PSYoungGen: 84640K(84992K)->1920K(83968K) Eden: 82944K(82944K)->0K(81920K) From: 1696K(2048K)->1920K(2048K)
[13436.534s][info][gc,heap        ] GC(32440) ParOldGen: 233247K(234496K)->233387K(234496K)
[13436.534s][info][gc,metaspace   ] GC(32440) Metaspace: 62146K(62464K)->62146K(62464K) NonClass: 56614K(56832K)->56614K(56832K) Class: 5532K(5632K)->5532K(5632K)
[13436.534s][info][gc             ] GC(32440) Pause Young (Allocation Failure) 310M->229M(311M) 3.197ms
[13436.534s][info][gc,cpu         ] GC(32440) User=0.01s Sys=0.00s Real=0.00s
[13436.935s][info][gc,start       ] GC(32441) Pause Young (Allocation Failure)
[13436.939s][info][gc,heap        ] GC(32441) PSYoungGen: 83840K(83968K)->1728K(84480K) Eden: 81920K(81920K)->0K(81920K) From: 1920K(2048K)->1728K(2560K)
[13436.939s][info][gc,heap        ] GC(32441) ParOldGen: 233387K(234496K)->233467K(234496K)
[13436.939s][info][gc,metaspace   ] GC(32441) Metaspace: 62146K(62464K)->62146K(62464K) NonClass: 56614K(56832K)->56614K(56832K) Class: 5532K(5632K)->5532K(5632K)
[13436.939s][info][gc             ] GC(32441) Pause Young (Allocation Failure) 309M->229M(311M) 3.631ms
[13436.939s][info][gc,cpu         ] GC(32441) User=0.00s Sys=0.01s Real=0.00s
[13437.404s][info][gc,start       ] GC(32442) Pause Young (Allocation Failure)
[13437.407s][info][gc,heap        ] GC(32442) PSYoungGen: 83648K(84480K)->1488K(84480K) Eden: 81920K(81920K)->0K(81920K) From: 1728K(2560K)->1488K(2560K)
[13437.407s][info][gc,heap        ] GC(32442) ParOldGen: 233467K(234496K)->233539K(234496K)
[13437.407s][info][gc,metaspace   ] GC(32442) Metaspace: 62146K(62464K)->62146K(62464K) NonClass: 56614K(56832K)->56614K(56832K) Class: 5532K(5632K)->5532K(5632K)
[13437.407s][info][gc             ] GC(32442) Pause Young (Allocation Failure) 309M->229M(311M) 2.859ms
[13437.407s][info][gc,cpu         ] GC(32442) User=0.00s Sys=0.00s Real=0.00s
[13437.811s][info][gc,start       ] GC(32443) Pause Young (Allocation Failure)
[13437.814s][info][gc,heap        ] GC(32443) PSYoungGen: 83408K(84480K)->1344K(84480K) Eden: 81920K(81920K)->0K(81920K) From: 1488K(2560K)->1344K(2560K)
[13437.814s][info][gc,heap        ] GC(32443) ParOldGen: 233539K(234496K)->233659K(234496K)
[13437.814s][info][gc,metaspace   ] GC(32443) Metaspace: 62146K(62464K)->62146K(62464K) NonClass: 56614K(56832K)->56614K(56832K) Class: 5532K(5632K)->5532K(5632K)
[13437.814s][info][gc             ] GC(32443) Pause Young (Allocation Failure) 309M->229M(311M) 2.631ms
[13437.814s][info][gc,cpu         ] GC(32443) User=0.00s Sys=0.00s Real=0.00s
[13438.237s][info][gc,start       ] GC(32444) Pause Young (Allocation Failure)
[13438.240s][info][gc,heap        ] GC(32444) PSYoungGen: 83264K(84480K)->1664K(84480K) Eden: 81920K(81920K)->0K(81920K) From: 1344K(2560K)->1664K(2560K)
[13438.240s][info][gc,heap        ] GC(32444) ParOldGen: 233659K(234496K)->233731K(234496K)
[13438.240s][info][gc,metaspace   ] GC(32444) Metaspace: 62146K(62464K)->62146K(62464K) NonClass: 56614K(56832K)->56614K(56832K) Class: 5532K(5632K)->5532K(5632K)
[13438.240s][info][gc             ] GC(32444) Pause Young (Allocation Failure) 309M->229M(311M) 3.027ms
[13438.240s][info][gc,cpu         ] GC(32444) User=0.01s Sys=0.00s Real=0.00s
[13438.589s][info][gc,start       ] GC(32445) Pause Young (Allocation Failure)
[13438.592s][info][gc,heap        ] GC(32445) PSYoungGen: 83584K(84480K)->1152K(84480K) Eden: 81920K(81920K)->0K(81920K) From: 1664K(2560K)->1152K(2560K)
[13438.592s][info][gc,heap        ] GC(32445) ParOldGen: 233731K(234496K)->233803K(234496K)
[13438.592s][info][gc,metaspace   ] GC(32445) Metaspace: 62146K(62464K)->62146K(62464K) NonClass: 56614K(56832K)->56614K(56832K) Class: 5532K(5632K)->5532K(5632K)
[13438.592s][info][gc             ] GC(32445) Pause Young (Allocation Failure) 309M->229M(311M) 2.497ms
[13438.592s][info][gc,cpu         ] GC(32445) User=0.00s Sys=0.00s Real=0.01s
[13439.006s][info][gc,start       ] GC(32446) Pause Young (Allocation Failure)
[13439.009s][info][gc,heap        ] GC(32446) PSYoungGen: 83072K(84480K)->1216K(84480K) Eden: 81920K(81920K)->0K(81920K) From: 1152K(2560K)->1216K(2560K)
[13439.009s][info][gc,heap        ] GC(32446) ParOldGen: 233803K(234496K)->233867K(234496K)
[13439.009s][info][gc,metaspace   ] GC(32446) Metaspace: 62146K(62464K)->62146K(62464K) NonClass: 56614K(56832K)->56614K(56832K) Class: 5532K(5632K)->5532K(5632K)
[13439.009s][info][gc             ] GC(32446) Pause Young (Allocation Failure) 309M->229M(311M) 2.497ms
[13439.009s][info][gc,cpu         ] GC(32446) User=0.00s Sys=0.00s Real=0.00s
[13439.431s][info][gc,start       ] GC(32447) Pause Young (Allocation Failure)
[13439.434s][info][gc,heap        ] GC(32447) PSYoungGen: 83136K(84480K)->1696K(84480K) Eden: 81920K(81920K)->0K(81920K) From: 1216K(2560K)->1696K(2560K)
[13439.434s][info][gc,heap        ] GC(32447) ParOldGen: 233867K(234496K)->233931K(234496K)
[13439.434s][info][gc,metaspace   ] GC(32447) Metaspace: 62146K(62464K)->62146K(62464K) NonClass: 56614K(56832K)->56614K(56832K) Class: 5532K(5632K)->5532K(5632K)
[13439.434s][info][gc             ] GC(32447) Pause Young (Allocation Failure) 309M->230M(311M) 3.078ms
[13439.434s][info][gc,cpu         ] GC(32447) User=0.00s Sys=0.00s Real=0.01s
[13439.799s][info][gc,start       ] GC(32448) Pause Young (Allocation Failure)
[13439.802s][info][gc,heap        ] GC(32448) PSYoungGen: 83616K(84480K)->2208K(83456K) Eden: 81920K(81920K)->0K(80896K) From: 1696K(2560K)->2208K(2560K)
[13439.802s][info][gc,heap        ] GC(32448) ParOldGen: 233931K(234496K)->235027K(236032K)
[13439.802s][info][gc,metaspace   ] GC(32448) Metaspace: 62146K(62464K)->62146K(62464K) NonClass: 56614K(56832K)->56614K(56832K) Class: 5532K(5632K)->5532K(5632K)
[13439.802s][info][gc             ] GC(32448) Pause Young (Allocation Failure) 310M->231M(312M) 3.212ms
[13439.802s][info][gc,cpu         ] GC(32448) User=0.00s Sys=0.00s Real=0.01s
[13440.185s][info][gc,start       ] GC(32449) Pause Young (Allocation Failure)
[13440.188s][info][gc,heap        ] GC(32449) PSYoungGen: 83104K(83456K)->896K(83968K) Eden: 80896K(80896K)->0K(80896K) From: 2208K(2560K)->896K(3072K)
[13440.188s][info][gc,heap        ] GC(32449) ParOldGen: 235027K(236032K)->237147K(237568K)
[13440.188s][info][gc,metaspace   ] GC(32449) Metaspace: 62146K(62464K)->62146K(62464K) NonClass: 56614K(56832K)->56614K(56832K) Class: 5532K(5632K)->5532K(5632K)
[13440.188s][info][gc             ] GC(32449) Pause Young (Allocation Failure) 310M->232M(314M) 3.422ms
[13440.188s][info][gc,cpu         ] GC(32449) User=0.00s Sys=0.00s Real=0.00s
[13440.594s][info][gc,start       ] GC(32450) Pause Young (Allocation Failure)
[13440.597s][info][gc,heap        ] GC(32450) PSYoungGen: 81792K(83968K)->1088K(84480K) Eden: 80896K(80896K)->0K(81408K) From: 896K(3072K)->1088K(3072K)
[13440.597s][info][gc,heap        ] GC(32450) ParOldGen: 237147K(237568K)->237219K(237568K)
[13440.597s][info][gc,metaspace   ] GC(32450) Metaspace: 62146K(62464K)->62146K(62464K) NonClass: 56614K(56832K)->56614K(56832K) Class: 5532K(5632K)->5532K(5632K)
[13440.597s][info][gc             ] GC(32450) Pause Young (Allocation Failure) 311M->232M(314M) 2.634ms
[13440.597s][info][gc,cpu         ] GC(32450) User=0.00s Sys=0.00s Real=0.00s
[13440.995s][info][gc,start       ] GC(32451) Pause Young (Allocation Failure)
[13440.997s][info][gc,heap        ] GC(32451) PSYoungGen: 82496K(84480K)->1216K(83968K) Eden: 81408K(81408K)->0K(81408K) From: 1088K(3072K)->1216K(2560K)
[13440.997s][info][gc,heap        ] GC(32451) ParOldGen: 237219K(237568K)->237283K(237568K)
[13440.997s][info][gc,metaspace   ] GC(32451) Metaspace: 62146K(62464K)->62146K(62464K) NonClass: 56614K(56832K)->56614K(56832K) Class: 5532K(5632K)->5532K(5632K)
[13440.997s][info][gc             ] GC(32451) Pause Young (Allocation Failure) 312M->232M(314M) 2.561ms
[13440.997s][info][gc,cpu         ] GC(32451) User=0.01s Sys=0.00s Real=0.00s
[13441.441s][info][gc,start       ] GC(32452) Pause Young (Allocation Failure)
[13441.442s][info][gc,heap        ] GC(32452) PSYoungGen: 82624K(83968K)->192K(84480K) Eden: 81408K(81408K)->0K(81920K) From: 1216K(2560K)->192K(2560K)
[13441.442s][info][gc,heap        ] GC(32452) ParOldGen: 237283K(237568K)->237355K(237568K)
[13441.442s][info][gc,metaspace   ] GC(32452) Metaspace: 62146K(62464K)->62146K(62464K) NonClass: 56614K(56832K)->56614K(56832K) Class: 5532K(5632K)->5532K(5632K)
[13441.442s][info][gc             ] GC(32452) Pause Young (Allocation Failure) 312M->231M(314M) 1.663ms
[13441.442s][info][gc,cpu         ] GC(32452) User=0.00s Sys=0.00s Real=0.01s
[13441.822s][info][gc,start       ] GC(32453) Pause Young (Allocation Failure)
[13441.825s][info][gc,heap        ] GC(32453) PSYoungGen: 82112K(84480K)->1824K(84480K) Eden: 81920K(81920K)->0K(81920K) From: 192K(2560K)->1824K(2560K)
[13441.825s][info][gc,heap        ] GC(32453) ParOldGen: 237355K(237568K)->237419K(237568K)
[13441.825s][info][gc,metaspace   ] GC(32453) Metaspace: 62146K(62464K)->62146K(62464K) NonClass: 56614K(56832K)->56614K(56832K) Class: 5532K(5632K)->5532K(5632K)
[13441.825s][info][gc             ] GC(32453) Pause Young (Allocation Failure) 311M->233M(314M) 3.133ms
[13441.825s][info][gc,cpu         ] GC(32453) User=0.00s Sys=0.00s Real=0.00s
[13442.230s][info][gc,start       ] GC(32454) Pause Young (Allocation Failure)
[13442.233s][info][gc,heap        ] GC(32454) PSYoungGen: 83744K(84480K)->1696K(83456K) Eden: 81920K(81920K)->0K(80896K) From: 1824K(2560K)->1696K(2560K)
[13442.233s][info][gc,heap        ] GC(32454) ParOldGen: 237419K(237568K)->237483K(237568K)
[13442.233s][info][gc,metaspace   ] GC(32454) Metaspace: 62146K(62464K)->62146K(62464K) NonClass: 56614K(56832K)->56614K(56832K) Class: 5532K(5632K)->5532K(5632K)
[13442.233s][info][gc             ] GC(32454) Pause Young (Allocation Failure) 313M->233M(313M) 2.929ms
[13442.233s][info][gc,cpu         ] GC(32454) User=0.00s Sys=0.00s Real=0.01s
[13442.605s][info][gc,start       ] GC(32455) Pause Young (Allocation Failure)
[13442.608s][info][gc,heap        ] GC(32455) PSYoungGen: 82592K(83456K)->1376K(83968K) Eden: 80896K(80896K)->0K(80896K) From: 1696K(2560K)->1376K(3072K)
[13442.608s][info][gc,heap        ] GC(32455) ParOldGen: 237483K(237568K)->237547K(237568K)
[13442.608s][info][gc,metaspace   ] GC(32455) Metaspace: 62146K(62464K)->62146K(62464K) NonClass: 56614K(56832K)->56614K(56832K) Class: 5532K(5632K)->5532K(5632K)
[13442.608s][info][gc             ] GC(32455) Pause Young (Allocation Failure) 312M->233M(314M) 2.699ms
[13442.608s][info][gc,cpu         ] GC(32455) User=0.01s Sys=0.00s Real=0.00s
[13443.006s][info][gc,start       ] GC(32456) Pause Young (Allocation Failure)
[13443.008s][info][gc,heap        ] GC(32456) PSYoungGen: 82272K(83968K)->1312K(84480K) Eden: 80896K(80896K)->0K(81920K) From: 1376K(3072K)->1312K(2560K)
[13443.009s][info][gc,heap        ] GC(32456) ParOldGen: 237547K(237568K)->237619K(238080K)
[13443.009s][info][gc,metaspace   ] GC(32456) Metaspace: 62146K(62464K)->62146K(62464K) NonClass: 56614K(56832K)->56614K(56832K) Class: 5532K(5632K)->5532K(5632K)
[13443.009s][info][gc             ] GC(32456) Pause Young (Allocation Failure) 312M->233M(315M) 2.789ms
[13443.009s][info][gc,cpu         ] GC(32456) User=0.00s Sys=0.00s Real=0.00s
[13443.394s][info][gc,start       ] GC(32457) Pause Young (Allocation Failure)
[13443.397s][info][gc,heap        ] GC(32457) PSYoungGen: 83232K(84480K)->1152K(84480K) Eden: 81920K(81920K)->0K(81920K) From: 1312K(2560K)->1152K(2560K)
[13443.397s][info][gc,heap        ] GC(32457) ParOldGen: 237619K(238080K)->237691K(238080K)
[13443.397s][info][gc,metaspace   ] GC(32457) Metaspace: 62146K(62464K)->62146K(62464K) NonClass: 56614K(56832K)->56614K(56832K) Class: 5532K(5632K)->5532K(5632K)
[13443.397s][info][gc             ] GC(32457) Pause Young (Allocation Failure) 313M->233M(315M) 2.649ms
[13443.397s][info][gc,cpu         ] GC(32457) User=0.01s Sys=0.00s Real=0.00s
[13443.801s][info][gc,start       ] GC(32458) Pause Young (Allocation Failure)
[13443.803s][info][gc,heap        ] GC(32458) PSYoungGen: 83072K(84480K)->1152K(84480K) Eden: 81920K(81920K)->0K(81920K) From: 1152K(2560K)->1152K(2560K)
[13443.803s][info][gc,heap        ] GC(32458) ParOldGen: 237691K(238080K)->237755K(238080K)
[13443.803s][info][gc,metaspace   ] GC(32458) Metaspace: 62146K(62464K)->62146K(62464K) NonClass: 56614K(56832K)->56614K(56832K) Class: 5532K(5632K)->5532K(5632K)
[13443.803s][info][gc             ] GC(32458) Pause Young (Allocation Failure) 313M->233M(315M) 2.593ms
[13443.803s][info][gc,cpu         ] GC(32458) User=0.01s Sys=0.00s Real=0.01s
[13444.212s][info][gc,start       ] GC(32459) Pause Young (Allocation Failure)
[13444.215s][info][gc,heap        ] GC(32459) PSYoungGen: 83072K(84480K)->1504K(84480K) Eden: 81920K(81920K)->0K(81920K) From: 1152K(2560K)->1504K(2560K)
[13444.215s][info][gc,heap        ] GC(32459) ParOldGen: 237755K(238080K)->237819K(238080K)
[13444.215s][info][gc,metaspace   ] GC(32459) Metaspace: 62146K(62464K)->62146K(62464K) NonClass: 56614K(56832K)->56614K(56832K) Class: 5532K(5632K)->5532K(5632K)
[13444.215s][info][gc             ] GC(32459) Pause Young (Allocation Failure) 313M->233M(315M) 2.946ms
[13444.215s][info][gc,cpu         ] GC(32459) User=0.00s Sys=0.00s Real=0.00s
[13444.669s][info][gc,start       ] GC(32460) Pause Young (Allocation Failure)
[13444.672s][info][gc,heap        ] GC(32460) PSYoungGen: 83424K(84480K)->2528K(83456K) Eden: 81920K(81920K)->0K(80896K) From: 1504K(2560K)->2528K(2560K)
[13444.672s][info][gc,heap        ] GC(32460) ParOldGen: 237819K(238080K)->238043K(238080K)
[13444.672s][info][gc,metaspace   ] GC(32460) Metaspace: 62146K(62464K)->62146K(62464K) NonClass: 56614K(56832K)->56614K(56832K) Class: 5532K(5632K)->5532K(5632K)
[13444.672s][info][gc             ] GC(32460) Pause Young (Allocation Failure) 313M->234M(314M) 2.587ms
[13444.672s][info][gc,cpu         ] GC(32460) User=0.00s Sys=0.00s Real=0.01s
[13445.102s][info][gc,start       ] GC(32461) Pause Young (Allocation Failure)
[13445.106s][info][gc,heap        ] GC(32461) PSYoungGen: 83424K(83456K)->1184K(83968K) Eden: 80896K(80896K)->0K(80896K) From: 2528K(2560K)->1184K(3072K)
[13445.106s][info][gc,heap        ] GC(32461) ParOldGen: 238043K(238080K)->240155K(241152K)
[13445.106s][info][gc,metaspace   ] GC(32461) Metaspace: 62146K(62464K)->62146K(62464K) NonClass: 56614K(56832K)->56614K(56832K) Class: 5532K(5632K)->5532K(5632K)
[13445.106s][info][gc             ] GC(32461) Pause Young (Allocation Failure) 313M->235M(317M) 3.913ms
[13445.106s][info][gc,cpu         ] GC(32461) User=0.01s Sys=0.00s Real=0.00s
[13445.501s][info][gc,start       ] GC(32462) Pause Young (Allocation Failure)
[13445.504s][info][gc,heap        ] GC(32462) PSYoungGen: 82080K(83968K)->1184K(84480K) Eden: 80896K(80896K)->0K(81408K) From: 1184K(3072K)->1184K(3072K)
[13445.504s][info][gc,heap        ] GC(32462) ParOldGen: 240155K(241152K)->240227K(241152K)
[13445.504s][info][gc,metaspace   ] GC(32462) Metaspace: 62146K(62464K)->62146K(62464K) NonClass: 56614K(56832K)->56614K(56832K) Class: 5532K(5632K)->5532K(5632K)
[13445.504s][info][gc             ] GC(32462) Pause Young (Allocation Failure) 314M->235M(318M) 2.656ms
[13445.504s][info][gc,cpu         ] GC(32462) User=0.01s Sys=0.00s Real=0.00s
[13445.915s][info][gc,start       ] GC(32463) Pause Young (Allocation Failure)
[13445.918s][info][gc,heap        ] GC(32463) PSYoungGen: 82592K(84480K)->1440K(83968K) Eden: 81408K(81408K)->0K(81408K) From: 1184K(3072K)->1440K(2560K)
[13445.918s][info][gc,heap        ] GC(32463) ParOldGen: 240227K(241152K)->240299K(241152K)
[13445.918s][info][gc,metaspace   ] GC(32463) Metaspace: 62146K(62464K)->62146K(62464K) NonClass: 56614K(56832K)->56614K(56832K) Class: 5532K(5632K)->5532K(5632K)
[13445.918s][info][gc             ] GC(32463) Pause Young (Allocation Failure) 315M->236M(317M) 2.730ms
[13445.918s][info][gc,cpu         ] GC(32463) User=0.00s Sys=0.00s Real=0.00s
[13446.322s][info][gc,start       ] GC(32464) Pause Young (Allocation Failure)
[13446.325s][info][gc,heap        ] GC(32464) PSYoungGen: 82848K(83968K)->1536K(84480K) Eden: 81408K(81408K)->0K(81920K) From: 1440K(2560K)->1536K(2560K)
[13446.325s][info][gc,heap        ] GC(32464) ParOldGen: 240299K(241152K)->240363K(241152K)
[13446.325s][info][gc,metaspace   ] GC(32464) Metaspace: 62146K(62464K)->62146K(62464K) NonClass: 56614K(56832K)->56614K(56832K) Class: 5532K(5632K)->5532K(5632K)
[13446.325s][info][gc             ] GC(32464) Pause Young (Allocation Failure) 315M->236M(318M) 2.805ms
[13446.325s][info][gc,cpu         ] GC(32464) User=0.00s Sys=0.00s Real=0.00s
[13446.744s][info][gc,start       ] GC(32465) Pause Young (Allocation Failure)
[13446.746s][info][gc,heap        ] GC(32465) PSYoungGen: 83456K(84480K)->288K(84480K) Eden: 81920K(81920K)->0K(81920K) From: 1536K(2560K)->288K(2560K)
[13446.746s][info][gc,heap        ] GC(32465) ParOldGen: 240363K(241152K)->240427K(241152K)
[13446.746s][info][gc,metaspace   ] GC(32465) Metaspace: 62146K(62464K)->62146K(62464K) NonClass: 56614K(56832K)->56614K(56832K) Class: 5532K(5632K)->5532K(5632K)
[13446.746s][info][gc             ] GC(32465) Pause Young (Allocation Failure) 316M->235M(318M) 1.754ms
[13446.746s][info][gc,cpu         ] GC(32465) User=0.00s Sys=0.00s Real=0.00s
[13447.152s][info][gc,start       ] GC(32466) Pause Young (Allocation Failure)
[13447.153s][info][gc,heap        ] GC(32466) PSYoungGen: 82208K(84480K)->384K(84480K) Eden: 81920K(81920K)->0K(81920K) From: 288K(2560K)->384K(2560K)
[13447.153s][info][gc,heap        ] GC(32466) ParOldGen: 240427K(241152K)->240499K(241152K)
[13447.153s][info][gc,metaspace   ] GC(32466) Metaspace: 62146K(62464K)->62146K(62464K) NonClass: 56614K(56832K)->56614K(56832K) Class: 5532K(5632K)->5532K(5632K)
[13447.153s][info][gc             ] GC(32466) Pause Young (Allocation Failure) 315M->235M(318M) 1.852ms
[13447.153s][info][gc,cpu         ] GC(32466) User=0.01s Sys=0.00s Real=0.00s
[13447.546s][info][gc,start       ] GC(32467) Pause Young (Allocation Failure)
[13447.548s][info][gc,heap        ] GC(32467) PSYoungGen: 82304K(84480K)->288K(84480K) Eden: 81920K(81920K)->0K(81920K) From: 384K(2560K)->288K(2560K)
[13447.548s][info][gc,heap        ] GC(32467) ParOldGen: 240499K(241152K)->240563K(241152K)
[13447.548s][info][gc,metaspace   ] GC(32467) Metaspace: 62146K(62464K)->62146K(62464K) NonClass: 56614K(56832K)->56614K(56832K) Class: 5532K(5632K)->5532K(5632K)
[13447.548s][info][gc             ] GC(32467) Pause Young (Allocation Failure) 315M->235M(318M) 1.907ms
[13447.548s][info][gc,cpu         ] GC(32467) User=0.00s Sys=0.00s Real=0.00s
[13447.937s][info][gc,start       ] GC(32468) Pause Young (Allocation Failure)
[13447.940s][info][gc,heap        ] GC(32468) PSYoungGen: 82208K(84480K)->1920K(83456K) Eden: 81920K(81920K)->0K(80896K) From: 288K(2560K)->1920K(2560K)
[13447.940s][info][gc,heap        ] GC(32468) ParOldGen: 240563K(241152K)->240635K(241152K)
[13447.940s][info][gc,metaspace   ] GC(32468) Metaspace: 62146K(62464K)->62146K(62464K) NonClass: 56614K(56832K)->56614K(56832K) Class: 5532K(5632K)->5532K(5632K)
[13447.940s][info][gc             ] GC(32468) Pause Young (Allocation Failure) 315M->236M(317M) 3.068ms
[13447.940s][info][gc,cpu         ] GC(32468) User=0.01s Sys=0.00s Real=0.00s
[13448.289s][info][gc,start       ] GC(32469) Pause Young (Allocation Failure)
[13448.291s][info][gc,heap        ] GC(32469) PSYoungGen: 82816K(83456K)->960K(83968K) Eden: 80896K(80896K)->0K(80896K) From: 1920K(2560K)->960K(3072K)
[13448.291s][info][gc,heap        ] GC(32469) ParOldGen: 240635K(241152K)->240707K(241152K)
[13448.291s][info][gc,metaspace   ] GC(32469) Metaspace: 62146K(62464K)->62146K(62464K) NonClass: 56614K(56832K)->56614K(56832K) Class: 5532K(5632K)->5532K(5632K)
[13448.291s][info][gc             ] GC(32469) Pause Young (Allocation Failure) 315M->236M(317M) 2.514ms
[13448.291s][info][gc,cpu         ] GC(32469) User=0.01s Sys=0.00s Real=0.01s
[13448.693s][info][gc,start       ] GC(32470) Pause Young (Allocation Failure)
[13448.696s][info][gc,heap        ] GC(32470) PSYoungGen: 81856K(83968K)->1056K(84480K) Eden: 80896K(80896K)->0K(81408K) From: 960K(3072K)->1056K(3072K)
[13448.696s][info][gc,heap        ] GC(32470) ParOldGen: 240707K(241152K)->240771K(241152K)
[13448.696s][info][gc,metaspace   ] GC(32470) Metaspace: 62146K(62464K)->62146K(62464K) NonClass: 56614K(56832K)->56614K(56832K) Class: 5532K(5632K)->5532K(5632K)
[13448.696s][info][gc             ] GC(32470) Pause Young (Allocation Failure) 315M->236M(318M) 2.383ms
[13448.696s][info][gc,cpu         ] GC(32470) User=0.00s Sys=0.00s Real=0.00s
[13449.071s][info][gc,start       ] GC(32471) Pause Young (Allocation Failure)
[13449.073s][info][gc,heap        ] GC(32471) PSYoungGen: 82464K(84480K)->2528K(83968K) Eden: 81408K(81408K)->0K(81408K) From: 1056K(3072K)->2528K(2560K)
[13449.073s][info][gc,heap        ] GC(32471) ParOldGen: 240771K(241152K)->240979K(241152K)
[13449.073s][info][gc,metaspace   ] GC(32471) Metaspace: 62146K(62464K)->62146K(62464K) NonClass: 56614K(56832K)->56614K(56832K) Class: 5532K(5632K)->5532K(5632K)
[13449.073s][info][gc             ] GC(32471) Pause Young (Allocation Failure) 315M->237M(317M) 2.423ms
[13449.073s][info][gc,cpu         ] GC(32471) User=0.00s Sys=0.00s Real=0.01s
[13449.444s][info][gc,start       ] GC(32472) Pause Young (Allocation Failure)
[13449.447s][info][gc,heap        ] GC(32472) PSYoungGen: 83936K(83968K)->288K(83968K) Eden: 81408K(81408K)->0K(80896K) From: 2528K(2560K)->288K(3072K)
[13449.447s][info][gc,heap        ] GC(32472) ParOldGen: 240979K(241152K)->243051K(244224K)
[13449.447s][info][gc,metaspace   ] GC(32472) Metaspace: 62146K(62464K)->62146K(62464K) NonClass: 56614K(56832K)->56614K(56832K) Class: 5532K(5632K)->5532K(5632K)
[13449.447s][info][gc             ] GC(32472) Pause Young (Allocation Failure) 317M->237M(320M) 2.961ms
[13449.447s][info][gc,cpu         ] GC(32472) User=0.00s Sys=0.00s Real=0.00s
[13449.782s][info][gc,start       ] GC(32473) Pause Young (Allocation Failure)
[13449.785s][info][gc,heap        ] GC(32473) PSYoungGen: 81184K(83968K)->1024K(83968K) Eden: 80896K(80896K)->0K(80896K) From: 288K(3072K)->1024K(3072K)
[13449.785s][info][gc,heap        ] GC(32473) ParOldGen: 243051K(244224K)->243139K(244224K)
[13449.785s][info][gc,metaspace   ] GC(32473) Metaspace: 62146K(62464K)->62146K(62464K) NonClass: 56614K(56832K)->56614K(56832K) Class: 5532K(5632K)->5532K(5632K)
[13449.785s][info][gc             ] GC(32473) Pause Young (Allocation Failure) 316M->238M(320M) 2.570ms
[13449.785s][info][gc,cpu         ] GC(32473) User=0.00s Sys=0.00s Real=0.00s
[13450.155s][info][gc,start       ] GC(32474) Pause Young (Allocation Failure)
[13450.156s][info][gc,heap        ] GC(32474) PSYoungGen: 81920K(83968K)->448K(83968K) Eden: 80896K(80896K)->0K(80896K) From: 1024K(3072K)->448K(3072K)
[13450.157s][info][gc,heap        ] GC(32474) ParOldGen: 243139K(244224K)->243211K(244224K)
[13450.157s][info][gc,metaspace   ] GC(32474) Metaspace: 62146K(62464K)->62146K(62464K) NonClass: 56614K(56832K)->56614K(56832K) Class: 5532K(5632K)->5532K(5632K)
[13450.157s][info][gc             ] GC(32474) Pause Young (Allocation Failure) 317M->237M(320M) 1.892ms
[13450.157s][info][gc,cpu         ] GC(32474) User=0.00s Sys=0.00s Real=0.00s
[13450.535s][info][gc,start       ] GC(32475) Pause Young (Allocation Failure)
[13450.538s][info][gc,heap        ] GC(32475) PSYoungGen: 81344K(83968K)->1856K(83968K) Eden: 80896K(80896K)->0K(80896K) From: 448K(3072K)->1856K(3072K)
[13450.538s][info][gc,heap        ] GC(32475) ParOldGen: 243211K(244224K)->243283K(244224K)
[13450.538s][info][gc,metaspace   ] GC(32475) Metaspace: 62146K(62464K)->62146K(62464K) NonClass: 56614K(56832K)->56614K(56832K) Class: 5532K(5632K)->5532K(5632K)
[13450.538s][info][gc             ] GC(32475) Pause Young (Allocation Failure) 316M->239M(320M) 2.999ms
[13450.538s][info][gc,cpu         ] GC(32475) User=0.01s Sys=0.00s Real=0.00s
[13450.921s][info][gc,start       ] GC(32476) Pause Young (Allocation Failure)
[13450.923s][info][gc,heap        ] GC(32476) PSYoungGen: 82752K(83968K)->1632K(83968K) Eden: 80896K(80896K)->0K(80896K) From: 1856K(3072K)->1632K(3072K)
[13450.923s][info][gc,heap        ] GC(32476) ParOldGen: 243283K(244224K)->243347K(244224K)
[13450.923s][info][gc,metaspace   ] GC(32476) Metaspace: 62146K(62464K)->62146K(62464K) NonClass: 56614K(56832K)->56614K(56832K) Class: 5532K(5632K)->5532K(5632K)
[13450.923s][info][gc             ] GC(32476) Pause Young (Allocation Failure) 318M->239M(320M) 2.800ms
[13450.923s][info][gc,cpu         ] GC(32476) User=0.01s Sys=0.00s Real=0.01s
[13451.300s][info][gc,start       ] GC(32477) Pause Young (Allocation Failure)
[13451.303s][info][gc,heap        ] GC(32477) PSYoungGen: 82528K(83968K)->1248K(83968K) Eden: 80896K(80896K)->0K(80896K) From: 1632K(3072K)->1248K(3072K)
[13451.303s][info][gc,heap        ] GC(32477) ParOldGen: 243347K(244224K)->243411K(244224K)
[13451.303s][info][gc,metaspace   ] GC(32477) Metaspace: 62146K(62464K)->62146K(62464K) NonClass: 56614K(56832K)->56614K(56832K) Class: 5532K(5632K)->5532K(5632K)
[13451.303s][info][gc             ] GC(32477) Pause Young (Allocation Failure) 318M->238M(320M) 2.863ms
[13451.303s][info][gc,cpu         ] GC(32477) User=0.01s Sys=0.00s Real=0.01s
[13451.761s][info][gc,start       ] GC(32478) Pause Young (Allocation Failure)
[13451.763s][info][gc,heap        ] GC(32478) PSYoungGen: 82144K(83968K)->640K(83968K) Eden: 80896K(80896K)->0K(80896K) From: 1248K(3072K)->640K(3072K)
[13451.763s][info][gc,heap        ] GC(32478) ParOldGen: 243411K(244224K)->243483K(244224K)
[13451.763s][info][gc,metaspace   ] GC(32478) Metaspace: 62146K(62464K)->62146K(62464K) NonClass: 56614K(56832K)->56614K(56832K) Class: 5532K(5632K)->5532K(5632K)
[13451.763s][info][gc             ] GC(32478) Pause Young (Allocation Failure) 317M->238M(320M) 2.026ms
[13451.763s][info][gc,cpu         ] GC(32478) User=0.00s Sys=0.00s Real=0.00s
[13452.116s][info][gc,start       ] GC(32479) Pause Young (Allocation Failure)
[13452.119s][info][gc,heap        ] GC(32479) PSYoungGen: 81536K(83968K)->1600K(83968K) Eden: 80896K(80896K)->0K(80896K) From: 640K(3072K)->1600K(3072K)
[13452.119s][info][gc,heap        ] GC(32479) ParOldGen: 243483K(244224K)->243603K(244224K)
[13452.119s][info][gc,metaspace   ] GC(32479) Metaspace: 62146K(62464K)->62146K(62464K) NonClass: 56614K(56832K)->56614K(56832K) Class: 5532K(5632K)->5532K(5632K)
[13452.119s][info][gc             ] GC(32479) Pause Young (Allocation Failure) 317M->239M(320M) 2.823ms
[13452.119s][info][gc,cpu         ] GC(32479) User=0.00s Sys=0.00s Real=0.00s
[13452.470s][info][gc,start       ] GC(32480) Pause Young (Allocation Failure)
[13452.472s][info][gc,heap        ] GC(32480) PSYoungGen: 82496K(83968K)->768K(83968K) Eden: 80896K(80896K)->0K(80896K) From: 1600K(3072K)->768K(3072K)
[13452.472s][info][gc,heap        ] GC(32480) ParOldGen: 243603K(244224K)->243675K(244224K)
[13452.472s][info][gc,metaspace   ] GC(32480) Metaspace: 62146K(62464K)->62146K(62464K) NonClass: 56614K(56832K)->56614K(56832K) Class: 5532K(5632K)->5532K(5632K)
[13452.472s][info][gc             ] GC(32480) Pause Young (Allocation Failure) 318M->238M(320M) 2.191ms
[13452.472s][info][gc,cpu         ] GC(32480) User=0.01s Sys=0.00s Real=0.01s
[13452.883s][info][gc,start       ] GC(32481) Pause Young (Allocation Failure)
[13452.885s][info][gc,heap        ] GC(32481) PSYoungGen: 81664K(83968K)->896K(83968K) Eden: 80896K(80896K)->0K(80896K) From: 768K(3072K)->896K(3072K)
[13452.885s][info][gc,heap        ] GC(32481) ParOldGen: 243675K(244224K)->243739K(244224K)
[13452.885s][info][gc,metaspace   ] GC(32481) Metaspace: 62146K(62464K)->62146K(62464K) NonClass: 56614K(56832K)->56614K(56832K) Class: 5532K(5632K)->5532K(5632K)
[13452.885s][info][gc             ] GC(32481) Pause Young (Allocation Failure) 317M->238M(320M) 2.237ms
[13452.885s][info][gc,cpu         ] GC(32481) User=0.01s Sys=0.00s Real=0.00s
[13453.283s][info][gc,start       ] GC(32482) Pause Young (Allocation Failure)
[13453.285s][info][gc,heap        ] GC(32482) PSYoungGen: 81792K(83968K)->896K(84480K) Eden: 80896K(80896K)->0K(81920K) From: 896K(3072K)->896K(2560K)
[13453.285s][info][gc,heap        ] GC(32482) ParOldGen: 243739K(244224K)->243819K(244224K)
[13453.285s][info][gc,metaspace   ] GC(32482) Metaspace: 62146K(62464K)->62146K(62464K) NonClass: 56614K(56832K)->56614K(56832K) Class: 5532K(5632K)->5532K(5632K)
[13453.285s][info][gc             ] GC(32482) Pause Young (Allocation Failure) 317M->238M(321M) 2.271ms
[13453.285s][info][gc,cpu         ] GC(32482) User=0.00s Sys=0.00s Real=0.00s
[13453.709s][info][gc,start       ] GC(32483) Pause Young (Allocation Failure)
[13453.712s][info][gc,heap        ] GC(32483) PSYoungGen: 82816K(84480K)->2208K(84480K) Eden: 81920K(81920K)->0K(81920K) From: 896K(2560K)->2208K(2560K)
[13453.712s][info][gc,heap        ] GC(32483) ParOldGen: 243819K(244224K)->244915K(245760K)
[13453.712s][info][gc,metaspace   ] GC(32483) Metaspace: 62146K(62464K)->62146K(62464K) NonClass: 56614K(56832K)->56614K(56832K) Class: 5532K(5632K)->5532K(5632K)
[13453.712s][info][gc             ] GC(32483) Pause Young (Allocation Failure) 318M->241M(322M) 3.277ms
[13453.712s][info][gc,cpu         ] GC(32483) User=0.00s Sys=0.01s Real=0.01s
[13454.142s][info][gc,start       ] GC(32484) Pause Young (Allocation Failure)
[13454.144s][info][gc,heap        ] GC(32484) PSYoungGen: 84128K(84480K)->256K(83456K) Eden: 81920K(81920K)->0K(80896K) From: 2208K(2560K)->256K(2560K)
[13454.144s][info][gc,heap        ] GC(32484) ParOldGen: 244915K(245760K)->247027K(247296K)
[13454.144s][info][gc,metaspace   ] GC(32484) Metaspace: 62146K(62464K)->62146K(62464K) NonClass: 56614K(56832K)->56614K(56832K) Class: 5532K(5632K)->5532K(5632K)
[13454.144s][info][gc             ] GC(32484) Pause Young (Allocation Failure) 321M->241M(323M) 2.835ms
[13454.145s][info][gc,cpu         ] GC(32484) User=0.00s Sys=0.00s Real=0.00s
[13454.503s][info][gc,start       ] GC(32485) Pause Young (Allocation Failure)
[13454.506s][info][gc,heap        ] GC(32485) PSYoungGen: 81152K(83456K)->1440K(83968K) Eden: 80896K(80896K)->0K(80896K) From: 256K(2560K)->1440K(3072K)
[13454.506s][info][gc,heap        ] GC(32485) ParOldGen: 247027K(247296K)->247099K(247296K)
[13454.506s][info][gc,metaspace   ] GC(32485) Metaspace: 62146K(62464K)->62146K(62464K) NonClass: 56614K(56832K)->56614K(56832K) Class: 5532K(5632K)->5532K(5632K)
[13454.506s][info][gc             ] GC(32485) Pause Young (Allocation Failure) 320M->242M(323M) 2.807ms
[13454.506s][info][gc,cpu         ] GC(32485) User=0.00s Sys=0.00s Real=0.00s
[13454.898s][info][gc,start       ] GC(32486) Pause Young (Allocation Failure)
[13454.901s][info][gc,heap        ] GC(32486) PSYoungGen: 82336K(83968K)->1088K(84480K) Eden: 80896K(80896K)->0K(81408K) From: 1440K(3072K)->1088K(3072K)
[13454.901s][info][gc,heap        ] GC(32486) ParOldGen: 247099K(247296K)->247163K(247296K)
[13454.901s][info][gc,metaspace   ] GC(32486) Metaspace: 62146K(62464K)->62146K(62464K) NonClass: 56614K(56832K)->56614K(56832K) Class: 5532K(5632K)->5532K(5632K)
[13454.901s][info][gc             ] GC(32486) Pause Young (Allocation Failure) 321M->242M(324M) 2.552ms
[13454.901s][info][gc,cpu         ] GC(32486) User=0.00s Sys=0.00s Real=0.01s
[13455.318s][info][gc,start       ] GC(32487) Pause Young (Allocation Failure)
[13455.321s][info][gc,heap        ] GC(32487) PSYoungGen: 82496K(84480K)->1344K(83968K) Eden: 81408K(81408K)->0K(81408K) From: 1088K(3072K)->1344K(2560K)
[13455.321s][info][gc,heap        ] GC(32487) ParOldGen: 247163K(247296K)->247235K(247296K)
[13455.321s][info][gc,metaspace   ] GC(32487) Metaspace: 62146K(62464K)->62146K(62464K) NonClass: 56614K(56832K)->56614K(56832K) Class: 5532K(5632K)->5532K(5632K)
[13455.321s][info][gc             ] GC(32487) Pause Young (Allocation Failure) 321M->242M(323M) 2.721ms
[13455.321s][info][gc,cpu         ] GC(32487) User=0.01s Sys=0.00s Real=0.00s
[13455.725s][info][gc,start       ] GC(32488) Pause Young (Allocation Failure)
[13455.728s][info][gc,heap        ] GC(32488) PSYoungGen: 82752K(83968K)->1568K(84480K) Eden: 81408K(81408K)->0K(81920K) From: 1344K(2560K)->1568K(2560K)
[13455.728s][info][gc,heap        ] GC(32488) ParOldGen: 247235K(247296K)->247307K(247808K)
[13455.728s][info][gc,metaspace   ] GC(32488) Metaspace: 62146K(62464K)->62146K(62464K) NonClass: 56614K(56832K)->56614K(56832K) Class: 5532K(5632K)->5532K(5632K)
[13455.728s][info][gc             ] GC(32488) Pause Young (Allocation Failure) 322M->243M(324M) 2.951ms
[13455.728s][info][gc,cpu         ] GC(32488) User=0.00s Sys=0.00s Real=0.00s
[13456.101s][info][gc,start       ] GC(32489) Pause Young (Allocation Failure)
[13456.103s][info][gc,heap        ] GC(32489) PSYoungGen: 83488K(84480K)->1472K(84480K) Eden: 81920K(81920K)->0K(81920K) From: 1568K(2560K)->1472K(2560K)
[13456.103s][info][gc,heap        ] GC(32489) ParOldGen: 247307K(247808K)->247379K(247808K)
[13456.103s][info][gc,metaspace   ] GC(32489) Metaspace: 62146K(62464K)->62146K(62464K) NonClass: 56614K(56832K)->56614K(56832K) Class: 5532K(5632K)->5532K(5632K)
[13456.103s][info][gc             ] GC(32489) Pause Young (Allocation Failure) 323M->243M(324M) 2.745ms
[13456.104s][info][gc,cpu         ] GC(32489) User=0.00s Sys=0.00s Real=0.01s
[13456.486s][info][gc,start       ] GC(32490) Pause Young (Allocation Failure)
[13456.488s][info][gc,heap        ] GC(32490) PSYoungGen: 83392K(84480K)->1056K(84480K) Eden: 81920K(81920K)->0K(81920K) From: 1472K(2560K)->1056K(2560K)
[13456.488s][info][gc,heap        ] GC(32490) ParOldGen: 247379K(247808K)->247443K(247808K)
[13456.488s][info][gc,metaspace   ] GC(32490) Metaspace: 62146K(62464K)->62146K(62464K) NonClass: 56614K(56832K)->56614K(56832K) Class: 5532K(5632K)->5532K(5632K)
[13456.488s][info][gc             ] GC(32490) Pause Young (Allocation Failure) 323M->242M(324M) 2.419ms
[13456.488s][info][gc,cpu         ] GC(32490) User=0.01s Sys=0.00s Real=0.00s
[13456.842s][info][gc,start       ] GC(32491) Pause Young (Allocation Failure)
[13456.844s][info][gc,heap        ] GC(32491) PSYoungGen: 82976K(84480K)->224K(84480K) Eden: 81920K(81920K)->0K(81920K) From: 1056K(2560K)->224K(2560K)
[13456.844s][info][gc,heap        ] GC(32491) ParOldGen: 247443K(247808K)->247507K(247808K)
[13456.844s][info][gc,metaspace   ] GC(32491) Metaspace: 62146K(62464K)->62146K(62464K) NonClass: 56614K(56832K)->56614K(56832K) Class: 5532K(5632K)->5532K(5632K)
[13456.844s][info][gc             ] GC(32491) Pause Young (Allocation Failure) 322M->241M(324M) 1.759ms
[13456.844s][info][gc,cpu         ] GC(32491) User=0.00s Sys=0.00s Real=0.00s
[13457.238s][info][gc,start       ] GC(32492) Pause Young (Allocation Failure)
[13457.241s][info][gc,heap        ] GC(32492) PSYoungGen: 82144K(84480K)->1920K(83456K) Eden: 81920K(81920K)->0K(80896K) From: 224K(2560K)->1920K(2560K)
[13457.241s][info][gc,heap        ] GC(32492) ParOldGen: 247507K(247808K)->247571K(247808K)
[13457.241s][info][gc,metaspace   ] GC(32492) Metaspace: 62146K(62464K)->62146K(62464K) NonClass: 56614K(56832K)->56614K(56832K) Class: 5532K(5632K)->5532K(5632K)
[13457.241s][info][gc             ] GC(32492) Pause Young (Allocation Failure) 321M->243M(323M) 3.068ms
[13457.241s][info][gc,cpu         ] GC(32492) User=0.01s Sys=0.00s Real=0.00s
[13457.578s][info][gc,start       ] GC(32493) Pause Young (Allocation Failure)
[13457.581s][info][gc,heap        ] GC(32493) PSYoungGen: 82816K(83456K)->928K(83968K) Eden: 80896K(80896K)->0K(80896K) From: 1920K(2560K)->928K(3072K)
[13457.581s][info][gc,heap        ] GC(32493) ParOldGen: 247571K(247808K)->247643K(247808K)
[13457.581s][info][gc,metaspace   ] GC(32493) Metaspace: 62146K(62464K)->62146K(62464K) NonClass: 56614K(56832K)->56614K(56832K) Class: 5532K(5632K)->5532K(5632K)
[13457.581s][info][gc             ] GC(32493) Pause Young (Allocation Failure) 322M->242M(324M) 2.487ms
[13457.581s][info][gc,cpu         ] GC(32493) User=0.00s Sys=0.00s Real=0.00s
[13458.039s][info][gc,start       ] GC(32494) Pause Young (Allocation Failure)
[13458.043s][info][gc,heap        ] GC(32494) PSYoungGen: 81824K(83968K)->1728K(84480K) Eden: 80896K(80896K)->0K(81920K) From: 928K(3072K)->1728K(2560K)
[13458.043s][info][gc,heap        ] GC(32494) ParOldGen: 247643K(247808K)->249763K(250880K)
[13458.043s][info][gc,metaspace   ] GC(32494) Metaspace: 62146K(62464K)->62146K(62464K) NonClass: 56614K(56832K)->56614K(56832K) Class: 5532K(5632K)->5532K(5632K)
[13458.043s][info][gc             ] GC(32494) Pause Young (Allocation Failure) 321M->245M(327M) 4.211ms
[13458.043s][info][gc,cpu         ] GC(32494) User=0.00s Sys=0.01s Real=0.01s
[13458.456s][info][gc,start       ] GC(32495) Pause Young (Allocation Failure)
[13458.458s][info][gc,heap        ] GC(32495) PSYoungGen: 83648K(84480K)->480K(84480K) Eden: 81920K(81920K)->0K(81920K) From: 1728K(2560K)->480K(2560K)
[13458.458s][info][gc,heap        ] GC(32495) ParOldGen: 249763K(250880K)->249827K(250880K)
[13458.458s][info][gc,metaspace   ] GC(32495) Metaspace: 62146K(62464K)->62146K(62464K) NonClass: 56614K(56832K)->56614K(56832K) Class: 5532K(5632K)->5532K(5632K)
[13458.458s][info][gc             ] GC(32495) Pause Young (Allocation Failure) 325M->244M(327M) 1.969ms
[13458.458s][info][gc,cpu         ] GC(32495) User=0.00s Sys=0.00s Real=0.00s
[13458.927s][info][gc,start       ] GC(32496) Pause Young (Allocation Failure)
[13458.930s][info][gc,heap        ] GC(32496) PSYoungGen: 82400K(84480K)->1440K(84480K) Eden: 81920K(81920K)->0K(81920K) From: 480K(2560K)->1440K(2560K)
[13458.930s][info][gc,heap        ] GC(32496) ParOldGen: 249827K(250880K)->249899K(250880K)
[13458.930s][info][gc,metaspace   ] GC(32496) Metaspace: 62146K(62464K)->62146K(62464K) NonClass: 56614K(56832K)->56614K(56832K) Class: 5532K(5632K)->5532K(5632K)
[13458.930s][info][gc             ] GC(32496) Pause Young (Allocation Failure) 324M->245M(327M) 2.792ms
[13458.930s][info][gc,cpu         ] GC(32496) User=0.00s Sys=0.00s Real=0.00s
[13459.302s][info][gc,start       ] GC(32497) Pause Young (Allocation Failure)
[13459.304s][info][gc,heap        ] GC(32497) PSYoungGen: 83360K(84480K)->1312K(84480K) Eden: 81920K(81920K)->0K(81920K) From: 1440K(2560K)->1312K(2560K)
[13459.305s][info][gc,heap        ] GC(32497) ParOldGen: 249899K(250880K)->250019K(250880K)
[13459.305s][info][gc,metaspace   ] GC(32497) Metaspace: 62146K(62464K)->62146K(62464K) NonClass: 56614K(56832K)->56614K(56832K) Class: 5532K(5632K)->5532K(5632K)
[13459.305s][info][gc             ] GC(32497) Pause Young (Allocation Failure) 325M->245M(327M) 2.716ms
[13459.305s][info][gc,cpu         ] GC(32497) User=0.01s Sys=0.00s Real=0.00s
[13459.730s][info][gc,start       ] GC(32498) Pause Young (Allocation Failure)
[13459.733s][info][gc,heap        ] GC(32498) PSYoungGen: 83232K(84480K)->1600K(84480K) Eden: 81920K(81920K)->0K(81920K) From: 1312K(2560K)->1600K(2560K)
[13459.733s][info][gc,heap        ] GC(32498) ParOldGen: 250019K(250880K)->250083K(250880K)
[13459.733s][info][gc,metaspace   ] GC(32498) Metaspace: 62146K(62464K)->62146K(62464K) NonClass: 56614K(56832K)->56614K(56832K) Class: 5532K(5632K)->5532K(5632K)
[13459.733s][info][gc             ] GC(32498) Pause Young (Allocation Failure) 325M->245M(327M) 2.871ms
[13459.733s][info][gc,cpu         ] GC(32498) User=0.00s Sys=0.00s Real=0.01s
[13460.141s][info][gc,start       ] GC(32499) Pause Young (Allocation Failure)
[13460.143s][info][gc,heap        ] GC(32499) PSYoungGen: 83520K(84480K)->256K(84480K) Eden: 81920K(81920K)->0K(81920K) From: 1600K(2560K)->256K(2560K)
[13460.143s][info][gc,heap        ] GC(32499) ParOldGen: 250083K(250880K)->250147K(250880K)
[13460.143s][info][gc,metaspace   ] GC(32499) Metaspace: 62146K(62464K)->62146K(62464K) NonClass: 56614K(56832K)->56614K(56832K) Class: 5532K(5632K)->5532K(5632K)
[13460.143s][info][gc             ] GC(32499) Pause Young (Allocation Failure) 325M->244M(327M) 1.931ms
[13460.143s][info][gc,cpu         ] GC(32499) User=0.01s Sys=0.00s Real=0.00s
[13460.537s][info][gc,start       ] GC(32500) Pause Young (Allocation Failure)
[13460.540s][info][gc,heap        ] GC(32500) PSYoungGen: 82176K(84480K)->1920K(83456K) Eden: 81920K(81920K)->0K(80896K) From: 256K(2560K)->1920K(2560K)
[13460.540s][info][gc,heap        ] GC(32500) ParOldGen: 250147K(250880K)->250211K(250880K)
[13460.540s][info][gc,metaspace   ] GC(32500) Metaspace: 62146K(62464K)->62146K(62464K) NonClass: 56614K(56832K)->56614K(56832K) Class: 5532K(5632K)->5532K(5632K)
[13460.540s][info][gc             ] GC(32500) Pause Young (Allocation Failure) 324M->246M(326M) 3.188ms
[13460.540s][info][gc,cpu         ] GC(32500) User=0.00s Sys=0.00s Real=0.00s
[13460.889s][info][gc,start       ] GC(32501) Pause Young (Allocation Failure)
[13460.891s][info][gc,heap        ] GC(32501) PSYoungGen: 82816K(83456K)->1088K(83968K) Eden: 80896K(80896K)->0K(80896K) From: 1920K(2560K)->1088K(3072K)
[13460.891s][info][gc,heap        ] GC(32501) ParOldGen: 250211K(250880K)->250275K(250880K)
[13460.891s][info][gc,metaspace   ] GC(32501) Metaspace: 62146K(62464K)->62146K(62464K) NonClass: 56614K(56832K)->56614K(56832K) Class: 5532K(5632K)->5532K(5632K)
[13460.892s][info][gc             ] GC(32501) Pause Young (Allocation Failure) 325M->245M(327M) 2.591ms
[13460.892s][info][gc,cpu         ] GC(32501) User=0.00s Sys=0.00s Real=0.01s
[13461.267s][info][gc,start       ] GC(32502) Pause Young (Allocation Failure)
[13461.269s][info][gc,heap        ] GC(32502) PSYoungGen: 81984K(83968K)->608K(84480K) Eden: 80896K(80896K)->0K(81920K) From: 1088K(3072K)->608K(2560K)
[13461.269s][info][gc,heap        ] GC(32502) ParOldGen: 250275K(250880K)->250339K(250880K)
[13461.269s][info][gc,metaspace   ] GC(32502) Metaspace: 62146K(62464K)->62146K(62464K) NonClass: 56614K(56832K)->56614K(56832K) Class: 5532K(5632K)->5532K(5632K)
[13461.269s][info][gc             ] GC(32502) Pause Young (Allocation Failure) 324M->245M(327M) 2.281ms
[13461.269s][info][gc,cpu         ] GC(32502) User=0.00s Sys=0.00s Real=0.00s
[13461.673s][info][gc,start       ] GC(32503) Pause Young (Allocation Failure)
[13461.675s][info][gc,heap        ] GC(32503) PSYoungGen: 82528K(84480K)->768K(84480K) Eden: 81920K(81920K)->0K(81920K) From: 608K(2560K)->768K(2560K)
[13461.675s][info][gc,heap        ] GC(32503) ParOldGen: 250339K(250880K)->250403K(250880K)
[13461.675s][info][gc,metaspace   ] GC(32503) Metaspace: 62146K(62464K)->62146K(62464K) NonClass: 56614K(56832K)->56614K(56832K) Class: 5532K(5632K)->5532K(5632K)
[13461.675s][info][gc             ] GC(32503) Pause Young (Allocation Failure) 325M->245M(327M) 2.357ms
[13461.675s][info][gc,cpu         ] GC(32503) User=0.00s Sys=0.00s Real=0.00s
[13462.064s][info][gc,start       ] GC(32504) Pause Young (Allocation Failure)
[13462.066s][info][gc,heap        ] GC(32504) PSYoungGen: 82688K(84480K)->640K(84480K) Eden: 81920K(81920K)->0K(81920K) From: 768K(2560K)->640K(2560K)
[13462.067s][info][gc,heap        ] GC(32504) ParOldGen: 250403K(250880K)->250475K(250880K)
[13462.067s][info][gc,metaspace   ] GC(32504) Metaspace: 62146K(62464K)->62146K(62464K) NonClass: 56614K(56832K)->56614K(56832K) Class: 5532K(5632K)->5532K(5632K)
[13462.067s][info][gc             ] GC(32504) Pause Young (Allocation Failure) 325M->245M(327M) 2.201ms
[13462.067s][info][gc,cpu         ] GC(32504) User=0.00s Sys=0.00s Real=0.00s
[13462.447s][info][gc,start       ] GC(32505) Pause Young (Allocation Failure)
[13462.449s][info][gc,heap        ] GC(32505) PSYoungGen: 82560K(84480K)->2368K(84480K) Eden: 81920K(81920K)->0K(81920K) From: 640K(2560K)->2368K(2560K)
[13462.449s][info][gc,heap        ] GC(32505) ParOldGen: 250475K(250880K)->250547K(250880K)
[13462.449s][info][gc,metaspace   ] GC(32505) Metaspace: 62146K(62464K)->62146K(62464K) NonClass: 56614K(56832K)->56614K(56832K) Class: 5532K(5632K)->5532K(5632K)
[13462.449s][info][gc             ] GC(32505) Pause Young (Allocation Failure) 325M->246M(327M) 2.179ms
[13462.449s][info][gc,cpu         ] GC(32505) User=0.00s Sys=0.00s Real=0.00s
[13462.874s][info][gc,start       ] GC(32506) Pause Young (Allocation Failure)
[13462.877s][info][gc,heap        ] GC(32506) PSYoungGen: 84288K(84480K)->736K(83456K) Eden: 81920K(81920K)->0K(80896K) From: 2368K(2560K)->736K(2560K)
[13462.877s][info][gc,heap        ] GC(32506) ParOldGen: 250547K(250880K)->252667K(253952K)
[13462.877s][info][gc,metaspace   ] GC(32506) Metaspace: 62146K(62464K)->62146K(62464K) NonClass: 56614K(56832K)->56614K(56832K) Class: 5532K(5632K)->5532K(5632K)
[13462.877s][info][gc             ] GC(32506) Pause Young (Allocation Failure) 326M->247M(329M) 3.370ms
[13462.877s][info][gc,cpu         ] GC(32506) User=0.01s Sys=0.01s Real=0.00s
[13463.294s][info][gc,start       ] GC(32507) Pause Young (Allocation Failure)
[13463.297s][info][gc,heap        ] GC(32507) PSYoungGen: 81632K(83456K)->1056K(83968K) Eden: 80896K(80896K)->0K(80896K) From: 736K(2560K)->1056K(3072K)
[13463.297s][info][gc,heap        ] GC(32507) ParOldGen: 252667K(253952K)->252731K(253952K)
[13463.297s][info][gc,metaspace   ] GC(32507) Metaspace: 62146K(62464K)->62146K(62464K) NonClass: 56614K(56832K)->56614K(56832K) Class: 5532K(5632K)->5532K(5632K)
[13463.297s][info][gc             ] GC(32507) Pause Young (Allocation Failure) 326M->247M(330M) 2.432ms
[13463.297s][info][gc,cpu         ] GC(32507) User=0.00s Sys=0.00s Real=0.00s
[13463.690s][info][gc,start       ] GC(32508) Pause Young (Allocation Failure)
[13463.692s][info][gc,heap        ] GC(32508) PSYoungGen: 81952K(83968K)->1056K(84480K) Eden: 80896K(80896K)->0K(81920K) From: 1056K(3072K)->1056K(2560K)
[13463.692s][info][gc,heap        ] GC(32508) ParOldGen: 252731K(253952K)->252795K(253952K)
[13463.692s][info][gc,metaspace   ] GC(32508) Metaspace: 62146K(62464K)->62146K(62464K) NonClass: 56614K(56832K)->56614K(56832K) Class: 5532K(5632K)->5532K(5632K)
[13463.692s][info][gc             ] GC(32508) Pause Young (Allocation Failure) 326M->247M(330M) 2.470ms
[13463.692s][info][gc,cpu         ] GC(32508) User=0.00s Sys=0.00s Real=0.01s
[13464.102s][info][gc,start       ] GC(32509) Pause Young (Allocation Failure)
[13464.105s][info][gc,heap        ] GC(32509) PSYoungGen: 82976K(84480K)->1280K(84480K) Eden: 81920K(81920K)->0K(81920K) From: 1056K(2560K)->1280K(2560K)
[13464.105s][info][gc,heap        ] GC(32509) ParOldGen: 252795K(253952K)->252859K(253952K)
[13464.105s][info][gc,metaspace   ] GC(32509) Metaspace: 62146K(62464K)->62146K(62464K) NonClass: 56614K(56832K)->56614K(56832K) Class: 5532K(5632K)->5532K(5632K)
[13464.105s][info][gc             ] GC(32509) Pause Young (Allocation Failure) 327M->248M(330M) 2.652ms
[13464.105s][info][gc,cpu         ] GC(32509) User=0.00s Sys=0.00s Real=0.00s
[13464.489s][info][gc,start       ] GC(32510) Pause Young (Allocation Failure)
[13464.492s][info][gc,heap        ] GC(32510) PSYoungGen: 83200K(84480K)->960K(84480K) Eden: 81920K(81920K)->0K(81920K) From: 1280K(2560K)->960K(2560K)
[13464.492s][info][gc,heap        ] GC(32510) ParOldGen: 252859K(253952K)->252923K(253952K)
[13464.492s][info][gc,metaspace   ] GC(32510) Metaspace: 62146K(62464K)->62146K(62464K) NonClass: 56614K(56832K)->56614K(56832K) Class: 5532K(5632K)->5532K(5632K)
[13464.492s][info][gc             ] GC(32510) Pause Young (Allocation Failure) 328M->247M(330M) 2.397ms
[13464.492s][info][gc,cpu         ] GC(32510) User=0.00s Sys=0.00s Real=0.01s
[13464.876s][info][gc,start       ] GC(32511) Pause Young (Allocation Failure)
[13464.878s][info][gc,heap        ] GC(32511) PSYoungGen: 82880K(84480K)->672K(84480K) Eden: 81920K(81920K)->0K(81920K) From: 960K(2560K)->672K(2560K)
[13464.878s][info][gc,heap        ] GC(32511) ParOldGen: 252923K(253952K)->252995K(253952K)
[13464.878s][info][gc,metaspace   ] GC(32511) Metaspace: 62146K(62464K)->62146K(62464K) NonClass: 56614K(56832K)->56614K(56832K) Class: 5532K(5632K)->5532K(5632K)
[13464.878s][info][gc             ] GC(32511) Pause Young (Allocation Failure) 327M->247M(330M) 2.252ms
[13464.878s][info][gc,cpu         ] GC(32511) User=0.00s Sys=0.00s Real=0.00s
[13465.307s][info][gc,start       ] GC(32512) Pause Young (Allocation Failure)
[13465.309s][info][gc,heap        ] GC(32512) PSYoungGen: 82592K(84480K)->1248K(84480K) Eden: 81920K(81920K)->0K(81920K) From: 672K(2560K)->1248K(2560K)
[13465.309s][info][gc,heap        ] GC(32512) ParOldGen: 252995K(253952K)->253059K(253952K)
[13465.309s][info][gc,metaspace   ] GC(32512) Metaspace: 62146K(62464K)->62146K(62464K) NonClass: 56614K(56832K)->56614K(56832K) Class: 5532K(5632K)->5532K(5632K)
[13465.309s][info][gc             ] GC(32512) Pause Young (Allocation Failure) 327M->248M(330M) 2.720ms
[13465.309s][info][gc,cpu         ] GC(32512) User=0.01s Sys=0.00s Real=0.00s
[13465.722s][info][gc,start       ] GC(32513) Pause Young (Allocation Failure)
[13465.724s][info][gc,heap        ] GC(32513) PSYoungGen: 83168K(84480K)->1568K(84480K) Eden: 81920K(81920K)->0K(81920K) From: 1248K(2560K)->1568K(2560K)
[13465.724s][info][gc,heap        ] GC(32513) ParOldGen: 253059K(253952K)->253131K(253952K)
[13465.724s][info][gc,metaspace   ] GC(32513) Metaspace: 62146K(62464K)->62146K(62464K) NonClass: 56614K(56832K)->56614K(56832K) Class: 5532K(5632K)->5532K(5632K)
[13465.725s][info][gc             ] GC(32513) Pause Young (Allocation Failure) 328M->248M(330M) 2.979ms
[13465.725s][info][gc,cpu         ] GC(32513) User=0.00s Sys=0.00s Real=0.00s
[13466.199s][info][gc,start       ] GC(32514) Pause Young (Allocation Failure)
[13466.201s][info][gc,heap        ] GC(32514) PSYoungGen: 83488K(84480K)->736K(84480K) Eden: 81920K(81920K)->0K(81920K) From: 1568K(2560K)->736K(2560K)
[13466.201s][info][gc,heap        ] GC(32514) ParOldGen: 253131K(253952K)->253195K(253952K)
[13466.201s][info][gc,metaspace   ] GC(32514) Metaspace: 62146K(62464K)->62146K(62464K) NonClass: 56614K(56832K)->56614K(56832K) Class: 5532K(5632K)->5532K(5632K)
[13466.201s][info][gc             ] GC(32514) Pause Young (Allocation Failure) 328M->247M(330M) 2.344ms
[13466.201s][info][gc,cpu         ] GC(32514) User=0.01s Sys=0.00s Real=0.01s
[13466.664s][info][gc,start       ] GC(32515) Pause Young (Allocation Failure)
[13466.666s][info][gc,heap        ] GC(32515) PSYoungGen: 82656K(84480K)->544K(84480K) Eden: 81920K(81920K)->0K(81920K) From: 736K(2560K)->544K(2560K)
[13466.666s][info][gc,heap        ] GC(32515) ParOldGen: 253195K(253952K)->253315K(253952K)
[13466.666s][info][gc,metaspace   ] GC(32515) Metaspace: 62146K(62464K)->62146K(62464K) NonClass: 56614K(56832K)->56614K(56832K) Class: 5532K(5632K)->5532K(5632K)
[13466.666s][info][gc             ] GC(32515) Pause Young (Allocation Failure) 327M->247M(330M) 2.093ms
[13466.666s][info][gc,cpu         ] GC(32515) User=0.00s Sys=0.00s Real=0.00s
[13467.108s][info][gc,start       ] GC(32516) Pause Young (Allocation Failure)
[13467.110s][info][gc,heap        ] GC(32516) PSYoungGen: 82464K(84480K)->1408K(84480K) Eden: 81920K(81920K)->0K(81920K) From: 544K(2560K)->1408K(2560K)
[13467.110s][info][gc,heap        ] GC(32516) ParOldGen: 253315K(253952K)->253387K(253952K)
[13467.110s][info][gc,metaspace   ] GC(32516) Metaspace: 62146K(62464K)->62146K(62464K) NonClass: 56614K(56832K)->56614K(56832K) Class: 5532K(5632K)->5532K(5632K)
[13467.110s][info][gc             ] GC(32516) Pause Young (Allocation Failure) 327M->248M(330M) 2.777ms
[13467.110s][info][gc,cpu         ] GC(32516) User=0.00s Sys=0.00s Real=0.00s
[13467.491s][info][gc,start       ] GC(32517) Pause Young (Allocation Failure)
[13467.494s][info][gc,heap        ] GC(32517) PSYoungGen: 83328K(84480K)->1056K(84480K) Eden: 81920K(81920K)->0K(81920K) From: 1408K(2560K)->1056K(2560K)
[13467.494s][info][gc,heap        ] GC(32517) ParOldGen: 253387K(253952K)->253451K(253952K)
[13467.494s][info][gc,metaspace   ] GC(32517) Metaspace: 62146K(62464K)->62146K(62464K) NonClass: 56614K(56832K)->56614K(56832K) Class: 5532K(5632K)->5532K(5632K)
[13467.494s][info][gc             ] GC(32517) Pause Young (Allocation Failure) 328M->248M(330M) 2.545ms
[13467.494s][info][gc,cpu         ] GC(32517) User=0.00s Sys=0.00s Real=0.00s
[13467.912s][info][gc,start       ] GC(32518) Pause Young (Allocation Failure)
[13467.915s][info][gc,heap        ] GC(32518) PSYoungGen: 82976K(84480K)->1312K(84480K) Eden: 81920K(81920K)->0K(81920K) From: 1056K(2560K)->1312K(2560K)
[13467.915s][info][gc,heap        ] GC(32518) ParOldGen: 253451K(253952K)->253523K(253952K)
[13467.915s][info][gc,metaspace   ] GC(32518) Metaspace: 62146K(62464K)->62146K(62464K) NonClass: 56614K(56832K)->56614K(56832K) Class: 5532K(5632K)->5532K(5632K)
[13467.915s][info][gc             ] GC(32518) Pause Young (Allocation Failure) 328M->248M(330M) 2.677ms
[13467.915s][info][gc,cpu         ] GC(32518) User=0.01s Sys=0.00s Real=0.00s
[13468.319s][info][gc,start       ] GC(32519) Pause Young (Allocation Failure)
[13468.321s][info][gc,heap        ] GC(32519) PSYoungGen: 83232K(84480K)->1536K(84480K) Eden: 81920K(81920K)->0K(81920K) From: 1312K(2560K)->1536K(2560K)
[13468.322s][info][gc,heap        ] GC(32519) ParOldGen: 253523K(253952K)->253587K(253952K)
[13468.322s][info][gc,metaspace   ] GC(32519) Metaspace: 62146K(62464K)->62146K(62464K) NonClass: 56614K(56832K)->56614K(56832K) Class: 5532K(5632K)->5532K(5632K)
[13468.322s][info][gc             ] GC(32519) Pause Young (Allocation Failure) 328M->249M(330M) 2.951ms
[13468.322s][info][gc,cpu         ] GC(32519) User=0.00s Sys=0.00s Real=0.01s
[13468.704s][info][gc,start       ] GC(32520) Pause Young (Allocation Failure)
[13468.707s][info][gc,heap        ] GC(32520) PSYoungGen: 83456K(84480K)->1408K(84480K) Eden: 81920K(81920K)->0K(81920K) From: 1536K(2560K)->1408K(2560K)
[13468.707s][info][gc,heap        ] GC(32520) ParOldGen: 253587K(253952K)->253651K(253952K)
[13468.707s][info][gc,metaspace   ] GC(32520) Metaspace: 62146K(62464K)->62146K(62464K) NonClass: 56614K(56832K)->56614K(56832K) Class: 5532K(5632K)->5532K(5632K)
[13468.707s][info][gc             ] GC(32520) Pause Young (Allocation Failure) 329M->249M(330M) 2.807ms
[13468.707s][info][gc,cpu         ] GC(32520) User=0.00s Sys=0.00s Real=0.00s
[13469.095s][info][gc,start       ] GC(32521) Pause Young (Allocation Failure)
[13469.098s][info][gc,heap        ] GC(32521) PSYoungGen: 83328K(84480K)->1120K(84480K) Eden: 81920K(81920K)->0K(81920K) From: 1408K(2560K)->1120K(2560K)
[13469.098s][info][gc,heap        ] GC(32521) ParOldGen: 253651K(253952K)->253715K(253952K)
[13469.098s][info][gc,metaspace   ] GC(32521) Metaspace: 62146K(62464K)->62146K(62464K) NonClass: 56614K(56832K)->56614K(56832K) Class: 5532K(5632K)->5532K(5632K)
[13469.098s][info][gc             ] GC(32521) Pause Young (Allocation Failure) 329M->248M(330M) 2.634ms
[13469.098s][info][gc,cpu         ] GC(32521) User=0.00s Sys=0.00s Real=0.00s
[13469.515s][info][gc,start       ] GC(32522) Pause Young (Allocation Failure)
[13469.518s][info][gc,heap        ] GC(32522) PSYoungGen: 83040K(84480K)->1504K(83968K) Eden: 81920K(81920K)->0K(81920K) From: 1120K(2560K)->1504K(2048K)
[13469.518s][info][gc,heap        ] GC(32522) ParOldGen: 253715K(253952K)->253787K(253952K)
[13469.518s][info][gc,metaspace   ] GC(32522) Metaspace: 62146K(62464K)->62146K(62464K) NonClass: 56614K(56832K)->56614K(56832K) Class: 5532K(5632K)->5532K(5632K)
[13469.518s][info][gc             ] GC(32522) Pause Young (Allocation Failure) 328M->249M(330M) 2.898ms
[13469.518s][info][gc,cpu         ] GC(32522) User=0.01s Sys=0.00s Real=0.00s
[13469.910s][info][gc,start       ] GC(32523) Pause Young (Allocation Failure)
[13469.912s][info][gc,heap        ] GC(32523) PSYoungGen: 83424K(83968K)->1248K(84480K) Eden: 81920K(81920K)->0K(81920K) From: 1504K(2048K)->1248K(2560K)
[13469.912s][info][gc,heap        ] GC(32523) ParOldGen: 253787K(253952K)->253859K(253952K)
[13469.912s][info][gc,metaspace   ] GC(32523) Metaspace: 62146K(62464K)->62146K(62464K) NonClass: 56614K(56832K)->56614K(56832K) Class: 5532K(5632K)->5532K(5632K)
[13469.912s][info][gc             ] GC(32523) Pause Young (Allocation Failure) 329M->249M(330M) 2.613ms
[13469.912s][info][gc,cpu         ] GC(32523) User=0.00s Sys=0.00s Real=0.01s
[13470.307s][info][gc,start       ] GC(32524) Pause Young (Allocation Failure)
[13470.310s][info][gc,heap        ] GC(32524) PSYoungGen: 83168K(84480K)->1280K(84992K) Eden: 81920K(81920K)->0K(82944K) From: 1248K(2560K)->1280K(2048K)
[13470.310s][info][gc,heap        ] GC(32524) ParOldGen: 253859K(253952K)->253923K(253952K)
[13470.310s][info][gc,metaspace   ] GC(32524) Metaspace: 62146K(62464K)->62146K(62464K) NonClass: 56614K(56832K)->56614K(56832K) Class: 5532K(5632K)->5532K(5632K)
[13470.310s][info][gc             ] GC(32524) Pause Young (Allocation Failure) 329M->249M(331M) 2.822ms
[13470.310s][info][gc,cpu         ] GC(32524) User=0.00s Sys=0.00s Real=0.00s
[13470.657s][info][gc,start       ] GC(32525) Pause Young (Allocation Failure)
[13470.659s][info][gc,heap        ] GC(32525) PSYoungGen: 84224K(84992K)->544K(84992K) Eden: 82944K(82944K)->0K(82944K) From: 1280K(2048K)->544K(2048K)
[13470.659s][info][gc,heap        ] GC(32525) ParOldGen: 253923K(253952K)->253987K(254464K)
[13470.659s][info][gc,metaspace   ] GC(32525) Metaspace: 62146K(62464K)->62146K(62464K) NonClass: 56614K(56832K)->56614K(56832K) Class: 5532K(5632K)->5532K(5632K)
[13470.660s][info][gc             ] GC(32525) Pause Young (Allocation Failure) 330M->248M(331M) 2.022ms
[13470.660s][info][gc,cpu         ] GC(32525) User=0.00s Sys=0.00s Real=0.00s
[13471.050s][info][gc,start       ] GC(32526) Pause Young (Allocation Failure)
[13471.052s][info][gc,heap        ] GC(32526) PSYoungGen: 83488K(84992K)->416K(84992K) Eden: 82944K(82944K)->0K(82944K) From: 544K(2048K)->416K(2048K)
[13471.052s][info][gc,heap        ] GC(32526) ParOldGen: 253987K(254464K)->254051K(254464K)
[13471.052s][info][gc,metaspace   ] GC(32526) Metaspace: 62146K(62464K)->62146K(62464K) NonClass: 56614K(56832K)->56614K(56832K) Class: 5532K(5632K)->5532K(5632K)
[13471.052s][info][gc             ] GC(32526) Pause Young (Allocation Failure) 329M->248M(331M) 2.039ms
[13471.052s][info][gc,cpu         ] GC(32526) User=0.00s Sys=0.00s Real=0.01s
[13471.443s][info][gc,start       ] GC(32527) Pause Young (Allocation Failure)
[13471.445s][info][gc,heap        ] GC(32527) PSYoungGen: 83360K(84992K)->256K(83456K) Eden: 82944K(82944K)->0K(82944K) From: 416K(2048K)->256K(512K)
[13471.445s][info][gc,heap        ] GC(32527) ParOldGen: 254051K(254464K)->254115K(254464K)
[13471.445s][info][gc,metaspace   ] GC(32527) Metaspace: 62146K(62464K)->62146K(62464K) NonClass: 56614K(56832K)->56614K(56832K) Class: 5532K(5632K)->5532K(5632K)
[13471.445s][info][gc             ] GC(32527) Pause Young (Allocation Failure) 329M->248M(330M) 1.720ms
[13471.445s][info][gc,cpu         ] GC(32527) User=0.00s Sys=0.01s Real=0.00s
[13471.830s][info][gc,start       ] GC(32528) Pause Young (Allocation Failure)
[13471.834s][info][gc,heap        ] GC(32528) PSYoungGen: 83200K(83456K)->1696K(84480K) Eden: 82944K(82944K)->0K(81920K) From: 256K(512K)->1696K(2560K)
[13471.834s][info][gc,heap        ] GC(32528) ParOldGen: 254115K(254464K)->257251K(257536K)
[13471.834s][info][gc,metaspace   ] GC(32528) Metaspace: 62146K(62464K)->62146K(62464K) NonClass: 56614K(56832K)->56614K(56832K) Class: 5532K(5632K)->5532K(5632K)
[13471.834s][info][gc             ] GC(32528) Pause Young (Allocation Failure) 329M->252M(334M) 4.562ms
[13471.834s][info][gc,cpu         ] GC(32528) User=0.00s Sys=0.00s Real=0.01s
[13472.237s][info][gc,start       ] GC(32529) Pause Young (Allocation Failure)
[13472.240s][info][gc,heap        ] GC(32529) PSYoungGen: 83616K(84480K)->1760K(84480K) Eden: 81920K(81920K)->0K(81920K) From: 1696K(2560K)->1760K(2560K)
[13472.240s][info][gc,heap        ] GC(32529) ParOldGen: 257251K(257536K)->257323K(257536K)
[13472.240s][info][gc,metaspace   ] GC(32529) Metaspace: 62146K(62464K)->62146K(62464K) NonClass: 56614K(56832K)->56614K(56832K) Class: 5532K(5632K)->5532K(5632K)
[13472.240s][info][gc             ] GC(32529) Pause Young (Allocation Failure) 332M->253M(334M) 2.944ms
[13472.240s][info][gc,cpu         ] GC(32529) User=0.00s Sys=0.00s Real=0.00s
[13472.613s][info][gc,start       ] GC(32530) Pause Young (Allocation Failure)
[13472.616s][info][gc,heap        ] GC(32530) PSYoungGen: 83680K(84480K)->1440K(84480K) Eden: 81920K(81920K)->0K(81920K) From: 1760K(2560K)->1440K(2560K)
[13472.616s][info][gc,heap        ] GC(32530) ParOldGen: 257323K(257536K)->257395K(257536K)
[13472.616s][info][gc,metaspace   ] GC(32530) Metaspace: 62146K(62464K)->62146K(62464K) NonClass: 56614K(56832K)->56614K(56832K) Class: 5532K(5632K)->5532K(5632K)
[13472.616s][info][gc             ] GC(32530) Pause Young (Allocation Failure) 333M->252M(334M) 2.653ms
[13472.616s][info][gc,cpu         ] GC(32530) User=0.01s Sys=0.00s Real=0.00s
[13473.036s][info][gc,start       ] GC(32531) Pause Young (Allocation Failure)
[13473.039s][info][gc,heap        ] GC(32531) PSYoungGen: 83360K(84480K)->1792K(84480K) Eden: 81920K(81920K)->0K(81920K) From: 1440K(2560K)->1792K(2560K)
[13473.039s][info][gc,heap        ] GC(32531) ParOldGen: 257395K(257536K)->257459K(257536K)
[13473.039s][info][gc,metaspace   ] GC(32531) Metaspace: 62146K(62464K)->62146K(62464K) NonClass: 56614K(56832K)->56614K(56832K) Class: 5532K(5632K)->5532K(5632K)
[13473.039s][info][gc             ] GC(32531) Pause Young (Allocation Failure) 332M->253M(334M) 3.094ms
[13473.039s][info][gc,cpu         ] GC(32531) User=0.00s Sys=0.00s Real=0.00s
[13473.493s][info][gc,start       ] GC(32532) Pause Young (Allocation Failure)
[13473.495s][info][gc,heap        ] GC(32532) PSYoungGen: 83712K(84480K)->496K(84480K) Eden: 81920K(81920K)->0K(81920K) From: 1792K(2560K)->496K(2560K)
[13473.495s][info][gc,heap        ] GC(32532) ParOldGen: 257459K(257536K)->257523K(257536K)
[13473.495s][info][gc,metaspace   ] GC(32532) Metaspace: 62146K(62464K)->62146K(62464K) NonClass: 56614K(56832K)->56614K(56832K) Class: 5532K(5632K)->5532K(5632K)
[13473.495s][info][gc             ] GC(32532) Pause Young (Allocation Failure) 333M->251M(334M) 2.153ms
[13473.495s][info][gc,cpu         ] GC(32532) User=0.00s Sys=0.00s Real=0.00s
[13473.920s][info][gc,start       ] GC(32533) Pause Young (Allocation Failure)
[13473.923s][info][gc,heap        ] GC(32533) PSYoungGen: 82416K(84480K)->1472K(84480K) Eden: 81920K(81920K)->0K(81920K) From: 496K(2560K)->1472K(2560K)
[13473.923s][info][gc,heap        ] GC(32533) ParOldGen: 257523K(257536K)->257635K(258048K)
[13473.923s][info][gc,metaspace   ] GC(32533) Metaspace: 62146K(62464K)->62146K(62464K) NonClass: 56614K(56832K)->56614K(56832K) Class: 5532K(5632K)->5532K(5632K)
[13473.923s][info][gc             ] GC(32533) Pause Young (Allocation Failure) 331M->253M(334M) 2.944ms
[13473.923s][info][gc,cpu         ] GC(32533) User=0.00s Sys=0.00s Real=0.01s
[13474.356s][info][gc,start       ] GC(32534) Pause Young (Allocation Failure)
[13474.358s][info][gc,heap        ] GC(32534) PSYoungGen: 83392K(84480K)->448K(84480K) Eden: 81920K(81920K)->0K(81920K) From: 1472K(2560K)->448K(2560K)
[13474.358s][info][gc,heap        ] GC(32534) ParOldGen: 257635K(258048K)->257707K(258048K)
[13474.358s][info][gc,metaspace   ] GC(32534) Metaspace: 62146K(62464K)->62146K(62464K) NonClass: 56614K(56832K)->56614K(56832K) Class: 5532K(5632K)->5532K(5632K)
[13474.358s][info][gc             ] GC(32534) Pause Young (Allocation Failure) 333M->252M(334M) 2.020ms
[13474.358s][info][gc,cpu         ] GC(32534) User=0.00s Sys=0.00s Real=0.00s
[13474.746s][info][gc,start       ] GC(32535) Pause Young (Allocation Failure)
[13474.748s][info][gc,heap        ] GC(32535) PSYoungGen: 82368K(84480K)->256K(84480K) Eden: 81920K(81920K)->0K(81920K) From: 448K(2560K)->256K(2560K)
[13474.748s][info][gc,heap        ] GC(32535) ParOldGen: 257707K(258048K)->257779K(258048K)
[13474.748s][info][gc,metaspace   ] GC(32535) Metaspace: 62146K(62464K)->62146K(62464K) NonClass: 56614K(56832K)->56614K(56832K) Class: 5532K(5632K)->5532K(5632K)
[13474.748s][info][gc             ] GC(32535) Pause Young (Allocation Failure) 332M->251M(334M) 1.824ms
[13474.748s][info][gc,cpu         ] GC(32535) User=0.01s Sys=0.00s Real=0.00s
[13475.197s][info][gc,start       ] GC(32536) Pause Young (Allocation Failure)
[13475.199s][info][gc,heap        ] GC(32536) PSYoungGen: 82176K(84480K)->1056K(84480K) Eden: 81920K(81920K)->0K(81920K) From: 256K(2560K)->1056K(2560K)
[13475.199s][info][gc,heap        ] GC(32536) ParOldGen: 257779K(258048K)->257851K(258048K)
[13475.199s][info][gc,metaspace   ] GC(32536) Metaspace: 62146K(62464K)->62146K(62464K) NonClass: 56614K(56832K)->56614K(56832K) Class: 5532K(5632K)->5532K(5632K)
[13475.199s][info][gc             ] GC(32536) Pause Young (Allocation Failure) 331M->252M(334M) 2.534ms
[13475.199s][info][gc,cpu         ] GC(32536) User=0.00s Sys=0.00s Real=0.00s
[13475.628s][info][gc,start       ] GC(32537) Pause Young (Allocation Failure)
[13475.631s][info][gc,heap        ] GC(32537) PSYoungGen: 82976K(84480K)->1504K(84480K) Eden: 81920K(81920K)->0K(81920K) From: 1056K(2560K)->1504K(2560K)
[13475.631s][info][gc,heap        ] GC(32537) ParOldGen: 257851K(258048K)->257915K(258048K)
[13475.631s][info][gc,metaspace   ] GC(32537) Metaspace: 62146K(62464K)->62146K(62464K) NonClass: 56614K(56832K)->56614K(56832K) Class: 5532K(5632K)->5532K(5632K)
[13475.631s][info][gc             ] GC(32537) Pause Young (Allocation Failure) 332M->253M(334M) 2.760ms
[13475.631s][info][gc,cpu         ] GC(32537) User=0.01s Sys=0.01s Real=0.00s
[13476.044s][info][gc,start       ] GC(32538) Pause Young (Allocation Failure)
[13476.046s][info][gc,heap        ] GC(32538) PSYoungGen: 83424K(84480K)->288K(84480K) Eden: 81920K(81920K)->0K(81920K) From: 1504K(2560K)->288K(2560K)
[13476.046s][info][gc,heap        ] GC(32538) ParOldGen: 257915K(258048K)->257979K(258048K)
[13476.046s][info][gc,metaspace   ] GC(32538) Metaspace: 62146K(62464K)->62146K(62464K) NonClass: 56614K(56832K)->56614K(56832K) Class: 5532K(5632K)->5532K(5632K)
[13476.046s][info][gc             ] GC(32538) Pause Young (Allocation Failure) 333M->252M(334M) 1.813ms
[13476.046s][info][gc,cpu         ] GC(32538) User=0.00s Sys=0.00s Real=0.00s
[13476.402s][info][gc,start       ] GC(32539) Pause Young (Allocation Failure)
[13476.405s][info][gc,heap        ] GC(32539) PSYoungGen: 82208K(84480K)->1472K(84480K) Eden: 81920K(81920K)->0K(81920K) From: 288K(2560K)->1472K(2560K)
[13476.405s][info][gc,heap        ] GC(32539) ParOldGen: 257979K(258048K)->258043K(258048K)
[13476.405s][info][gc,metaspace   ] GC(32539) Metaspace: 62146K(62464K)->62146K(62464K) NonClass: 56614K(56832K)->56614K(56832K) Class: 5532K(5632K)->5532K(5632K)
[13476.405s][info][gc             ] GC(32539) Pause Young (Allocation Failure) 332M->253M(334M) 2.832ms
[13476.405s][info][gc,cpu         ] GC(32539) User=0.01s Sys=0.00s Real=0.00s
[13476.732s][info][gc,start       ] GC(32540) Pause Young (Allocation Failure)
[13476.735s][info][gc,heap        ] GC(32540) PSYoungGen: 83392K(84480K)->2080K(83456K) Eden: 81920K(81920K)->0K(80896K) From: 1472K(2560K)->2080K(2560K)
[13476.736s][info][gc,heap        ] GC(32540) ParOldGen: 258043K(258048K)->258107K(258560K)
[13476.736s][info][gc,metaspace   ] GC(32540) Metaspace: 62146K(62464K)->62146K(62464K) NonClass: 56614K(56832K)->56614K(56832K) Class: 5532K(5632K)->5532K(5632K)
[13476.736s][info][gc             ] GC(32540) Pause Young (Allocation Failure) 333M->254M(334M) 3.304ms
[13476.736s][info][gc,cpu         ] GC(32540) User=0.01s Sys=0.00s Real=0.00s
[13477.133s][info][gc,start       ] GC(32541) Pause Young (Allocation Failure)
[13477.136s][info][gc,heap        ] GC(32541) PSYoungGen: 82976K(83456K)->1728K(83968K) Eden: 80896K(80896K)->0K(80896K) From: 2080K(2560K)->1728K(3072K)
[13477.136s][info][gc,heap        ] GC(32541) ParOldGen: 258107K(258560K)->258179K(258560K)
[13477.136s][info][gc,metaspace   ] GC(32541) Metaspace: 62146K(62464K)->62146K(62464K) NonClass: 56614K(56832K)->56614K(56832K) Class: 5532K(5632K)->5532K(5632K)
[13477.137s][info][gc             ] GC(32541) Pause Young (Allocation Failure) 333M->253M(334M) 3.070ms
[13477.137s][info][gc,cpu         ] GC(32541) User=0.01s Sys=0.00s Real=0.00s
[13477.498s][info][gc,start       ] GC(32542) Pause Young (Allocation Failure)
[13477.500s][info][gc,heap        ] GC(32542) PSYoungGen: 82624K(83968K)->1248K(83968K) Eden: 80896K(80896K)->0K(80896K) From: 1728K(3072K)->1248K(3072K)
[13477.500s][info][gc,heap        ] GC(32542) ParOldGen: 258179K(258560K)->258251K(258560K)
[13477.500s][info][gc,metaspace   ] GC(32542) Metaspace: 62146K(62464K)->62146K(62464K) NonClass: 56614K(56832K)->56614K(56832K) Class: 5532K(5632K)->5532K(5632K)
[13477.500s][info][gc             ] GC(32542) Pause Young (Allocation Failure) 332M->253M(334M) 2.500ms
[13477.500s][info][gc,cpu         ] GC(32542) User=0.00s Sys=0.00s Real=0.00s
[13477.865s][info][gc,start       ] GC(32543) Pause Young (Allocation Failure)
[13477.867s][info][gc,heap        ] GC(32543) PSYoungGen: 82144K(83968K)->704K(83968K) Eden: 80896K(80896K)->0K(80896K) From: 1248K(3072K)->704K(3072K)
[13477.867s][info][gc,heap        ] GC(32543) ParOldGen: 258251K(258560K)->258315K(258560K)
[13477.867s][info][gc,metaspace   ] GC(32543) Metaspace: 62146K(62464K)->62146K(62464K) NonClass: 56614K(56832K)->56614K(56832K) Class: 5532K(5632K)->5532K(5632K)
[13477.868s][info][gc             ] GC(32543) Pause Young (Allocation Failure) 332M->252M(334M) 2.061ms
[13477.868s][info][gc,cpu         ] GC(32543) User=0.01s Sys=0.00s Real=0.00s
[13478.252s][info][gc,start       ] GC(32544) Pause Young (Allocation Failure)
[13478.254s][info][gc,heap        ] GC(32544) PSYoungGen: 81600K(83968K)->384K(84480K) Eden: 80896K(80896K)->0K(81920K) From: 704K(3072K)->384K(2560K)
[13478.254s][info][gc,heap        ] GC(32544) ParOldGen: 258315K(258560K)->258379K(258560K)
[13478.254s][info][gc,metaspace   ] GC(32544) Metaspace: 62146K(62464K)->62146K(62464K) NonClass: 56614K(56832K)->56614K(56832K) Class: 5532K(5632K)->5532K(5632K)
[13478.254s][info][gc             ] GC(32544) Pause Young (Allocation Failure) 331M->252M(335M) 1.888ms
[13478.254s][info][gc,cpu         ] GC(32544) User=0.00s Sys=0.00s Real=0.00s
[13478.651s][info][gc,start       ] GC(32545) Pause Young (Allocation Failure)
[13478.653s][info][gc,heap        ] GC(32545) PSYoungGen: 82304K(84480K)->416K(84480K) Eden: 81920K(81920K)->0K(81920K) From: 384K(2560K)->416K(2560K)
[13478.653s][info][gc,heap        ] GC(32545) ParOldGen: 258379K(258560K)->258443K(258560K)
[13478.653s][info][gc,metaspace   ] GC(32545) Metaspace: 62146K(62464K)->62146K(62464K) NonClass: 56614K(56832K)->56614K(56832K) Class: 5532K(5632K)->5532K(5632K)
[13478.653s][info][gc             ] GC(32545) Pause Young (Allocation Failure) 332M->252M(335M) 1.916ms
[13478.653s][info][gc,cpu         ] GC(32545) User=0.00s Sys=0.00s Real=0.00s
[13479.029s][info][gc,start       ] GC(32546) Pause Young (Allocation Failure)
[13479.033s][info][gc,heap        ] GC(32546) PSYoungGen: 82336K(84480K)->1824K(83456K) Eden: 81920K(81920K)->0K(80896K) From: 416K(2560K)->1824K(2560K)
[13479.033s][info][gc,heap        ] GC(32546) ParOldGen: 258443K(258560K)->258515K(258560K)
[13479.033s][info][gc,metaspace   ] GC(32546) Metaspace: 62146K(62464K)->62146K(62464K) NonClass: 56614K(56832K)->56614K(56832K) Class: 5532K(5632K)->5532K(5632K)
[13479.033s][info][gc             ] GC(32546) Pause Young (Allocation Failure) 332M->254M(334M) 3.158ms
[13479.033s][info][gc,cpu         ] GC(32546) User=0.01s Sys=0.00s Real=0.01s
[13479.410s][info][gc,start       ] GC(32547) Pause Young (Allocation Failure)
[13479.413s][info][gc,heap        ] GC(32547) PSYoungGen: 82720K(83456K)->1344K(83968K) Eden: 80896K(80896K)->0K(80896K) From: 1824K(2560K)->1344K(3072K)
[13479.413s][info][gc,heap        ] GC(32547) ParOldGen: 258515K(258560K)->258587K(259072K)
[13479.413s][info][gc,metaspace   ] GC(32547) Metaspace: 62146K(62464K)->62146K(62464K) NonClass: 56614K(56832K)->56614K(56832K) Class: 5532K(5632K)->5532K(5632K)
[13479.413s][info][gc             ] GC(32547) Pause Young (Allocation Failure) 333M->253M(335M) 2.900ms
[13479.413s][info][gc,cpu         ] GC(32547) User=0.00s Sys=0.00s Real=0.01s
[13479.799s][info][gc,start       ] GC(32548) Pause Young (Allocation Failure)
[13479.802s][info][gc,heap        ] GC(32548) PSYoungGen: 82240K(83968K)->1216K(84480K) Eden: 80896K(80896K)->0K(81408K) From: 1344K(3072K)->1216K(3072K)
[13479.802s][info][gc,heap        ] GC(32548) ParOldGen: 258587K(259072K)->258659K(259072K)
[13479.802s][info][gc,metaspace   ] GC(32548) Metaspace: 62146K(62464K)->62146K(62464K) NonClass: 56614K(56832K)->56614K(56832K) Class: 5532K(5632K)->5532K(5632K)
[13479.802s][info][gc             ] GC(32548) Pause Young (Allocation Failure) 332M->253M(335M) 2.797ms
[13479.802s][info][gc,cpu         ] GC(32548) User=0.01s Sys=0.00s Real=0.01s
[13480.214s][info][gc,start       ] GC(32549) Pause Young (Allocation Failure)
[13480.217s][info][gc,heap        ] GC(32549) PSYoungGen: 82624K(84480K)->1312K(83968K) Eden: 81408K(81408K)->0K(81408K) From: 1216K(3072K)->1312K(2560K)
[13480.217s][info][gc,heap        ] GC(32549) ParOldGen: 258659K(259072K)->258731K(259072K)
[13480.217s][info][gc,metaspace   ] GC(32549) Metaspace: 62146K(62464K)->62146K(62464K) NonClass: 56614K(56832K)->56614K(56832K) Class: 5532K(5632K)->5532K(5632K)
[13480.217s][info][gc             ] GC(32549) Pause Young (Allocation Failure) 333M->253M(335M) 2.939ms
[13480.217s][info][gc,cpu         ] GC(32549) User=0.00s Sys=0.00s Real=0.00s
[13480.685s][info][gc,start       ] GC(32550) Pause Young (Allocation Failure)
[13480.688s][info][gc,heap        ] GC(32550) PSYoungGen: 82720K(83968K)->832K(84480K) Eden: 81408K(81408K)->0K(81920K) From: 1312K(2560K)->832K(2560K)
[13480.688s][info][gc,heap        ] GC(32550) ParOldGen: 258731K(259072K)->258795K(259072K)
[13480.688s][info][gc,metaspace   ] GC(32550) Metaspace: 62146K(62464K)->62146K(62464K) NonClass: 56614K(56832K)->56614K(56832K) Class: 5532K(5632K)->5532K(5632K)
[13480.688s][info][gc             ] GC(32550) Pause Young (Allocation Failure) 333M->253M(335M) 2.403ms
[13480.688s][info][gc,cpu         ] GC(32550) User=0.00s Sys=0.00s Real=0.00s
[13481.144s][info][gc,start       ] GC(32551) Pause Young (Allocation Failure)
[13481.146s][info][gc,heap        ] GC(32551) PSYoungGen: 82752K(84480K)->2368K(84480K) Eden: 81920K(81920K)->0K(81920K) From: 832K(2560K)->2368K(2560K)
[13481.146s][info][gc,heap        ] GC(32551) ParOldGen: 258795K(259072K)->258859K(259072K)
[13481.146s][info][gc,metaspace   ] GC(32551) Metaspace: 62146K(62464K)->62146K(62464K) NonClass: 56614K(56832K)->56614K(56832K) Class: 5532K(5632K)->5532K(5632K)
[13481.146s][info][gc             ] GC(32551) Pause Young (Allocation Failure) 333M->255M(335M) 2.106ms
[13481.146s][info][gc,cpu         ] GC(32551) User=0.01s Sys=0.00s Real=0.00s
[13481.516s][info][gc,start       ] GC(32552) Pause Young (Allocation Failure)
[13481.520s][info][gc,heap        ] GC(32552) PSYoungGen: 84288K(84480K)->1536K(83456K) Eden: 81920K(81920K)->0K(80896K) From: 2368K(2560K)->1536K(2560K)
[13481.520s][info][gc,heap        ] GC(32552) ParOldGen: 258859K(259072K)->261027K(262144K)
[13481.520s][info][gc,metaspace   ] GC(32552) Metaspace: 62146K(62464K)->62146K(62464K) NonClass: 56614K(56832K)->56614K(56832K) Class: 5532K(5632K)->5532K(5632K)
[13481.520s][info][gc             ] GC(32552) Pause Young (Allocation Failure) 335M->256M(337M) 3.919ms
[13481.520s][info][gc,cpu         ] GC(32552) User=0.00s Sys=0.01s Real=0.00s
[13481.932s][info][gc,start       ] GC(32553) Pause Young (Allocation Failure)
[13481.935s][info][gc,heap        ] GC(32553) PSYoungGen: 82432K(83456K)->1792K(83968K) Eden: 80896K(80896K)->0K(80896K) From: 1536K(2560K)->1792K(3072K)
[13481.935s][info][gc,heap        ] GC(32553) ParOldGen: 261027K(262144K)->261099K(262144K)
[13481.935s][info][gc,metaspace   ] GC(32553) Metaspace: 62146K(62464K)->62146K(62464K) NonClass: 56614K(56832K)->56614K(56832K) Class: 5532K(5632K)->5532K(5632K)
[13481.935s][info][gc             ] GC(32553) Pause Young (Allocation Failure) 335M->256M(338M) 3.062ms
[13481.935s][info][gc,cpu         ] GC(32553) User=0.01s Sys=0.00s Real=0.00s
[13482.284s][info][gc,start       ] GC(32554) Pause Young (Allocation Failure)
[13482.286s][info][gc,heap        ] GC(32554) PSYoungGen: 82688K(83968K)->992K(83968K) Eden: 80896K(80896K)->0K(80896K) From: 1792K(3072K)->992K(3072K)
[13482.286s][info][gc,heap        ] GC(32554) ParOldGen: 261099K(262144K)->261171K(262144K)
[13482.286s][info][gc,metaspace   ] GC(32554) Metaspace: 62146K(62464K)->62146K(62464K) NonClass: 56614K(56832K)->56614K(56832K) Class: 5532K(5632K)->5532K(5632K)
[13482.286s][info][gc             ] GC(32554) Pause Young (Allocation Failure) 335M->256M(338M) 2.366ms
[13482.286s][info][gc,cpu         ] GC(32554) User=0.00s Sys=0.00s Real=0.00s
[13482.653s][info][gc,start       ] GC(32555) Pause Young (Allocation Failure)
[13482.655s][info][gc,heap        ] GC(32555) PSYoungGen: 81888K(83968K)->448K(83968K) Eden: 80896K(80896K)->0K(80896K) From: 992K(3072K)->448K(3072K)
[13482.655s][info][gc,heap        ] GC(32555) ParOldGen: 261171K(262144K)->261235K(262144K)
[13482.655s][info][gc,metaspace   ] GC(32555) Metaspace: 62146K(62464K)->62146K(62464K) NonClass: 56614K(56832K)->56614K(56832K) Class: 5532K(5632K)->5532K(5632K)
[13482.655s][info][gc             ] GC(32555) Pause Young (Allocation Failure) 335M->255M(338M) 1.967ms
[13482.655s][info][gc,cpu         ] GC(32555) User=0.00s Sys=0.00s Real=0.00s
[13483.077s][info][gc,start       ] GC(32556) Pause Young (Allocation Failure)
[13483.079s][info][gc,heap        ] GC(32556) PSYoungGen: 81344K(83968K)->800K(84480K) Eden: 80896K(80896K)->0K(81408K) From: 448K(3072K)->800K(3072K)
[13483.079s][info][gc,heap        ] GC(32556) ParOldGen: 261235K(262144K)->261307K(262144K)
[13483.079s][info][gc,metaspace   ] GC(32556) Metaspace: 62146K(62464K)->62146K(62464K) NonClass: 56614K(56832K)->56614K(56832K) Class: 5532K(5632K)->5532K(5632K)
[13483.079s][info][gc             ] GC(32556) Pause Young (Allocation Failure) 334M->255M(338M) 2.216ms
[13483.079s][info][gc,cpu         ] GC(32556) User=0.00s Sys=0.00s Real=0.00s
[13483.489s][info][gc,start       ] GC(32557) Pause Young (Allocation Failure)
[13483.491s][info][gc,heap        ] GC(32557) PSYoungGen: 82208K(84480K)->1056K(83968K) Eden: 81408K(81408K)->0K(81408K) From: 800K(3072K)->1056K(2560K)
[13483.491s][info][gc,heap        ] GC(32557) ParOldGen: 261307K(262144K)->261371K(262144K)
[13483.491s][info][gc,metaspace   ] GC(32557) Metaspace: 62146K(62464K)->62146K(62464K) NonClass: 56614K(56832K)->56614K(56832K) Class: 5532K(5632K)->5532K(5632K)
[13483.491s][info][gc             ] GC(32557) Pause Young (Allocation Failure) 335M->256M(338M) 2.388ms
[13483.491s][info][gc,cpu         ] GC(32557) User=0.00s Sys=0.00s Real=0.01s
[13483.888s][info][gc,start       ] GC(32558) Pause Young (Allocation Failure)
[13483.890s][info][gc,heap        ] GC(32558) PSYoungGen: 82464K(83968K)->992K(84480K) Eden: 81408K(81408K)->0K(81920K) From: 1056K(2560K)->992K(2560K)
[13483.890s][info][gc,heap        ] GC(32558) ParOldGen: 261371K(262144K)->261435K(262144K)
[13483.890s][info][gc,metaspace   ] GC(32558) Metaspace: 62146K(62464K)->62146K(62464K) NonClass: 56614K(56832K)->56614K(56832K) Class: 5532K(5632K)->5532K(5632K)
[13483.890s][info][gc             ] GC(32558) Pause Young (Allocation Failure) 335M->256M(338M) 2.308ms
[13483.890s][info][gc,cpu         ] GC(32558) User=0.00s Sys=0.00s Real=0.00s
[13484.256s][info][gc,start       ] GC(32559) Pause Young (Allocation Failure)
[13484.258s][info][gc,heap        ] GC(32559) PSYoungGen: 82912K(84480K)->512K(84480K) Eden: 81920K(81920K)->0K(81920K) From: 992K(2560K)->512K(2560K)
[13484.258s][info][gc,heap        ] GC(32559) ParOldGen: 261435K(262144K)->261507K(262144K)
[13484.258s][info][gc,metaspace   ] GC(32559) Metaspace: 62146K(62464K)->62146K(62464K) NonClass: 56614K(56832K)->56614K(56832K) Class: 5532K(5632K)->5532K(5632K)
[13484.258s][info][gc             ] GC(32559) Pause Young (Allocation Failure) 336M->255M(338M) 2.002ms
[13484.258s][info][gc,cpu         ] GC(32559) User=0.01s Sys=0.00s Real=0.00s
[13484.606s][info][gc,start       ] GC(32560) Pause Young (Allocation Failure)
[13484.609s][info][gc,heap        ] GC(32560) PSYoungGen: 82432K(84480K)->1536K(84480K) Eden: 81920K(81920K)->0K(81920K) From: 512K(2560K)->1536K(2560K)
[13484.609s][info][gc,heap        ] GC(32560) ParOldGen: 261507K(262144K)->261571K(262144K)
[13484.609s][info][gc,metaspace   ] GC(32560) Metaspace: 62146K(62464K)->62146K(62464K) NonClass: 56614K(56832K)->56614K(56832K) Class: 5532K(5632K)->5532K(5632K)
[13484.609s][info][gc             ] GC(32560) Pause Young (Allocation Failure) 335M->256M(338M) 2.836ms
[13484.609s][info][gc,cpu         ] GC(32560) User=0.00s Sys=0.00s Real=0.00s
[13484.966s][info][gc,start       ] GC(32561) Pause Young (Allocation Failure)
[13484.968s][info][gc,heap        ] GC(32561) PSYoungGen: 83456K(84480K)->640K(84480K) Eden: 81920K(81920K)->0K(81920K) From: 1536K(2560K)->640K(2560K)
[13484.968s][info][gc,heap        ] GC(32561) ParOldGen: 261571K(262144K)->261635K(262144K)
[13484.968s][info][gc,metaspace   ] GC(32561) Metaspace: 62146K(62464K)->62146K(62464K) NonClass: 56614K(56832K)->56614K(56832K) Class: 5532K(5632K)->5532K(5632K)
[13484.968s][info][gc             ] GC(32561) Pause Young (Allocation Failure) 336M->256M(338M) 2.137ms
[13484.968s][info][gc,cpu         ] GC(32561) User=0.00s Sys=0.00s Real=0.00s
[13485.387s][info][gc,start       ] GC(32562) Pause Young (Allocation Failure)
[13485.390s][info][gc,heap        ] GC(32562) PSYoungGen: 82560K(84480K)->2016K(84480K) Eden: 81920K(81920K)->0K(81920K) From: 640K(2560K)->2016K(2560K)
[13485.390s][info][gc,heap        ] GC(32562) ParOldGen: 261635K(262144K)->262731K(263680K)
[13485.390s][info][gc,metaspace   ] GC(32562) Metaspace: 62146K(62464K)->62146K(62464K) NonClass: 56614K(56832K)->56614K(56832K) Class: 5532K(5632K)->5532K(5632K)
[13485.390s][info][gc             ] GC(32562) Pause Young (Allocation Failure) 336M->258M(340M) 2.955ms
[13485.390s][info][gc,cpu         ] GC(32562) User=0.00s Sys=0.00s Real=0.00s
[13485.800s][info][gc,start       ] GC(32563) Pause Young (Allocation Failure)
[13485.803s][info][gc,heap        ] GC(32563) PSYoungGen: 83936K(84480K)->1152K(84480K) Eden: 81920K(81920K)->0K(81920K) From: 2016K(2560K)->1152K(2560K)
[13485.803s][info][gc,heap        ] GC(32563) ParOldGen: 262731K(263680K)->264843K(265216K)
[13485.803s][info][gc,metaspace   ] GC(32563) Metaspace: 62146K(62464K)->62146K(62464K) NonClass: 56614K(56832K)->56614K(56832K) Class: 5532K(5632K)->5532K(5632K)
[13485.803s][info][gc             ] GC(32563) Pause Young (Allocation Failure) 338M->259M(341M) 3.521ms
[13485.803s][info][gc,cpu         ] GC(32563) User=0.01s Sys=0.00s Real=0.01s
[13486.200s][info][gc,start       ] GC(32564) Pause Young (Allocation Failure)
[13486.203s][info][gc,heap        ] GC(32564) PSYoungGen: 83072K(84480K)->1312K(84480K) Eden: 81920K(81920K)->0K(81920K) From: 1152K(2560K)->1312K(2560K)
[13486.203s][info][gc,heap        ] GC(32564) ParOldGen: 264843K(265216K)->264915K(265216K)
[13486.203s][info][gc,metaspace   ] GC(32564) Metaspace: 62146K(62464K)->62146K(62464K) NonClass: 56614K(56832K)->56614K(56832K) Class: 5532K(5632K)->5532K(5632K)
[13486.203s][info][gc             ] GC(32564) Pause Young (Allocation Failure) 339M->259M(341M) 2.651ms
[13486.203s][info][gc,cpu         ] GC(32564) User=0.00s Sys=0.00s Real=0.01s
[13486.602s][info][gc,start       ] GC(32565) Pause Young (Allocation Failure)
[13486.604s][info][gc,heap        ] GC(32565) PSYoungGen: 83232K(84480K)->1216K(84480K) Eden: 81920K(81920K)->0K(81920K) From: 1312K(2560K)->1216K(2560K)
[13486.604s][info][gc,heap        ] GC(32565) ParOldGen: 264915K(265216K)->264987K(265216K)
[13486.605s][info][gc,metaspace   ] GC(32565) Metaspace: 62146K(62464K)->62146K(62464K) NonClass: 56614K(56832K)->56614K(56832K) Class: 5532K(5632K)->5532K(5632K)
[13486.605s][info][gc             ] GC(32565) Pause Young (Allocation Failure) 339M->259M(341M) 2.540ms
[13486.605s][info][gc,cpu         ] GC(32565) User=0.00s Sys=0.00s Real=0.00s
[13487.013s][info][gc,start       ] GC(32566) Pause Young (Allocation Failure)
[13487.016s][info][gc,heap        ] GC(32566) PSYoungGen: 83136K(84480K)->1408K(84480K) Eden: 81920K(81920K)->0K(81920K) From: 1216K(2560K)->1408K(2560K)
[13487.016s][info][gc,heap        ] GC(32566) ParOldGen: 264987K(265216K)->265051K(265216K)
[13487.016s][info][gc,metaspace   ] GC(32566) Metaspace: 62146K(62464K)->62146K(62464K) NonClass: 56614K(56832K)->56614K(56832K) Class: 5532K(5632K)->5532K(5632K)
[13487.016s][info][gc             ] GC(32566) Pause Young (Allocation Failure) 339M->260M(341M) 2.663ms
[13487.016s][info][gc,cpu         ] GC(32566) User=0.00s Sys=0.00s Real=0.00s
[13487.423s][info][gc,start       ] GC(32567) Pause Young (Allocation Failure)
[13487.425s][info][gc,heap        ] GC(32567) PSYoungGen: 83328K(84480K)->1600K(84480K) Eden: 81920K(81920K)->0K(81920K) From: 1408K(2560K)->1600K(2560K)
[13487.425s][info][gc,heap        ] GC(32567) ParOldGen: 265051K(265216K)->265115K(265216K)
[13487.425s][info][gc,metaspace   ] GC(32567) Metaspace: 62146K(62464K)->62146K(62464K) NonClass: 56614K(56832K)->56614K(56832K) Class: 5532K(5632K)->5532K(5632K)
[13487.426s][info][gc             ] GC(32567) Pause Young (Allocation Failure) 340M->260M(341M) 2.851ms
[13487.426s][info][gc,cpu         ] GC(32567) User=0.01s Sys=0.00s Real=0.00s
[13487.823s][info][gc,start       ] GC(32568) Pause Young (Allocation Failure)
[13487.826s][info][gc,heap        ] GC(32568) PSYoungGen: 83520K(84480K)->1568K(84480K) Eden: 81920K(81920K)->0K(81920K) From: 1600K(2560K)->1568K(2560K)
[13487.826s][info][gc,heap        ] GC(32568) ParOldGen: 265115K(265216K)->265179K(265216K)
[13487.826s][info][gc,metaspace   ] GC(32568) Metaspace: 62146K(62464K)->62146K(62464K) NonClass: 56614K(56832K)->56614K(56832K) Class: 5532K(5632K)->5532K(5632K)
[13487.826s][info][gc             ] GC(32568) Pause Young (Allocation Failure) 340M->260M(341M) 2.814ms
[13487.826s][info][gc,cpu         ] GC(32568) User=0.00s Sys=0.00s Real=0.00s
[13488.258s][info][gc,start       ] GC(32569) Pause Young (Allocation Failure)
[13488.260s][info][gc,heap        ] GC(32569) PSYoungGen: 83488K(84480K)->544K(84480K) Eden: 81920K(81920K)->0K(81920K) From: 1568K(2560K)->544K(2560K)
[13488.260s][info][gc,heap        ] GC(32569) ParOldGen: 265179K(265216K)->265243K(265728K)
[13488.260s][info][gc,metaspace   ] GC(32569) Metaspace: 62146K(62464K)->62146K(62464K) NonClass: 56614K(56832K)->56614K(56832K) Class: 5532K(5632K)->5532K(5632K)
[13488.260s][info][gc             ] GC(32569) Pause Young (Allocation Failure) 340M->259M(342M) 2.063ms
[13488.260s][info][gc,cpu         ] GC(32569) User=0.00s Sys=0.00s Real=0.00s
[13488.668s][info][gc,start       ] GC(32570) Pause Young (Allocation Failure)
[13488.670s][info][gc,heap        ] GC(32570) PSYoungGen: 82464K(84480K)->608K(84480K) Eden: 81920K(81920K)->0K(81920K) From: 544K(2560K)->608K(2560K)
[13488.670s][info][gc,heap        ] GC(32570) ParOldGen: 265243K(265728K)->265355K(265728K)
[13488.670s][info][gc,metaspace   ] GC(32570) Metaspace: 62146K(62464K)->62146K(62464K) NonClass: 56614K(56832K)->56614K(56832K) Class: 5532K(5632K)->5532K(5632K)
[13488.670s][info][gc             ] GC(32570) Pause Young (Allocation Failure) 339M->259M(342M) 2.159ms
[13488.670s][info][gc,cpu         ] GC(32570) User=0.01s Sys=0.00s Real=0.00s
[13489.048s][info][gc,start       ] GC(32571) Pause Young (Allocation Failure)
[13489.050s][info][gc,heap        ] GC(32571) PSYoungGen: 82528K(84480K)->352K(84480K) Eden: 81920K(81920K)->0K(81920K) From: 608K(2560K)->352K(2560K)
[13489.050s][info][gc,heap        ] GC(32571) ParOldGen: 265355K(265728K)->265427K(265728K)
[13489.050s][info][gc,metaspace   ] GC(32571) Metaspace: 62146K(62464K)->62146K(62464K) NonClass: 56614K(56832K)->56614K(56832K) Class: 5532K(5632K)->5532K(5632K)
[13489.050s][info][gc             ] GC(32571) Pause Young (Allocation Failure) 339M->259M(342M) 1.998ms
[13489.050s][info][gc,cpu         ] GC(32571) User=0.01s Sys=0.00s Real=0.00s
[13489.421s][info][gc,start       ] GC(32572) Pause Young (Allocation Failure)
[13489.424s][info][gc,heap        ] GC(32572) PSYoungGen: 82272K(84480K)->1600K(84480K) Eden: 81920K(81920K)->0K(81920K) From: 352K(2560K)->1600K(2560K)
[13489.424s][info][gc,heap        ] GC(32572) ParOldGen: 265427K(265728K)->265491K(265728K)
[13489.424s][info][gc,metaspace   ] GC(32572) Metaspace: 62146K(62464K)->62146K(62464K) NonClass: 56614K(56832K)->56614K(56832K) Class: 5532K(5632K)->5532K(5632K)
[13489.424s][info][gc             ] GC(32572) Pause Young (Allocation Failure) 339M->260M(342M) 2.938ms
[13489.424s][info][gc,cpu         ] GC(32572) User=0.01s Sys=0.00s Real=0.00s
[13489.819s][info][gc,start       ] GC(32573) Pause Young (Allocation Failure)
[13489.822s][info][gc,heap        ] GC(32573) PSYoungGen: 83520K(84480K)->2496K(84480K) Eden: 81920K(81920K)->0K(81920K) From: 1600K(2560K)->2496K(2560K)
[13489.822s][info][gc,heap        ] GC(32573) ParOldGen: 265491K(265728K)->266587K(267264K)
[13489.823s][info][gc,metaspace   ] GC(32573) Metaspace: 62146K(62464K)->62146K(62464K) NonClass: 56614K(56832K)->56614K(56832K) Class: 5532K(5632K)->5532K(5632K)
[13489.823s][info][gc             ] GC(32573) Pause Young (Allocation Failure) 340M->262M(343M) 3.478ms
[13489.823s][info][gc,cpu         ] GC(32573) User=0.00s Sys=0.00s Real=0.01s
[13490.236s][info][gc,start       ] GC(32574) Pause Young (Allocation Failure)
[13490.240s][info][gc,heap        ] GC(32574) PSYoungGen: 84416K(84480K)->1760K(83456K) Eden: 81920K(81920K)->0K(80896K) From: 2496K(2560K)->1760K(2560K)
[13490.240s][info][gc,heap        ] GC(32574) ParOldGen: 266587K(267264K)->268707K(268800K)
[13490.240s][info][gc,metaspace   ] GC(32574) Metaspace: 62146K(62464K)->62146K(62464K) NonClass: 56614K(56832K)->56614K(56832K) Class: 5532K(5632K)->5532K(5632K)
[13490.240s][info][gc             ] GC(32574) Pause Young (Allocation Failure) 342M->264M(344M) 4.070ms
[13490.240s][info][gc,cpu         ] GC(32574) User=0.00s Sys=0.01s Real=0.00s
[13490.652s][info][gc,start       ] GC(32575) Pause Young (Allocation Failure)
[13490.654s][info][gc,heap        ] GC(32575) PSYoungGen: 82656K(83456K)->384K(83968K) Eden: 80896K(80896K)->0K(80896K) From: 1760K(2560K)->384K(3072K)
[13490.654s][info][gc,heap        ] GC(32575) ParOldGen: 268707K(268800K)->268771K(268800K)
[13490.654s][info][gc,metaspace   ] GC(32575) Metaspace: 62146K(62464K)->62146K(62464K) NonClass: 56614K(56832K)->56614K(56832K) Class: 5532K(5632K)->5532K(5632K)
[13490.654s][info][gc             ] GC(32575) Pause Young (Allocation Failure) 343M->262M(344M) 1.866ms
[13490.654s][info][gc,cpu         ] GC(32575) User=0.01s Sys=0.00s Real=0.00s
[13491.037s][info][gc,start       ] GC(32576) Pause Young (Allocation Failure)
[13491.040s][info][gc,heap        ] GC(32576) PSYoungGen: 81280K(83968K)->1920K(83968K) Eden: 80896K(80896K)->0K(80896K) From: 384K(3072K)->1920K(3072K)
[13491.040s][info][gc,heap        ] GC(32576) ParOldGen: 268771K(268800K)->268843K(269312K)
[13491.040s][info][gc,metaspace   ] GC(32576) Metaspace: 62146K(62464K)->62146K(62464K) NonClass: 56614K(56832K)->56614K(56832K) Class: 5532K(5632K)->5532K(5632K)
[13491.040s][info][gc             ] GC(32576) Pause Young (Allocation Failure) 341M->264M(345M) 3.101ms
[13491.040s][info][gc,cpu         ] GC(32576) User=0.01s Sys=0.00s Real=0.00s
[13491.399s][info][gc,start       ] GC(32577) Pause Young (Allocation Failure)
[13491.402s][info][gc,heap        ] GC(32577) PSYoungGen: 82816K(83968K)->1312K(83968K) Eden: 80896K(80896K)->0K(80896K) From: 1920K(3072K)->1312K(3072K)
[13491.402s][info][gc,heap        ] GC(32577) ParOldGen: 268843K(269312K)->268907K(269312K)
[13491.402s][info][gc,metaspace   ] GC(32577) Metaspace: 62146K(62464K)->62146K(62464K) NonClass: 56614K(56832K)->56614K(56832K) Class: 5532K(5632K)->5532K(5632K)
[13491.402s][info][gc             ] GC(32577) Pause Young (Allocation Failure) 343M->263M(345M) 2.605ms
[13491.402s][info][gc,cpu         ] GC(32577) User=0.00s Sys=0.00s Real=0.01s
[13491.794s][info][gc,start       ] GC(32578) Pause Young (Allocation Failure)
[13491.797s][info][gc,heap        ] GC(32578) PSYoungGen: 82208K(83968K)->1120K(83968K) Eden: 80896K(80896K)->0K(80896K) From: 1312K(3072K)->1120K(3072K)
[13491.797s][info][gc,heap        ] GC(32578) ParOldGen: 268907K(269312K)->268979K(269312K)
[13491.797s][info][gc,metaspace   ] GC(32578) Metaspace: 62146K(62464K)->62146K(62464K) NonClass: 56614K(56832K)->56614K(56832K) Class: 5532K(5632K)->5532K(5632K)
[13491.797s][info][gc             ] GC(32578) Pause Young (Allocation Failure) 342M->263M(345M) 2.586ms
[13491.797s][info][gc,cpu         ] GC(32578) User=0.01s Sys=0.00s Real=0.00s
[13492.197s][info][gc,start       ] GC(32579) Pause Young (Allocation Failure)
[13492.200s][info][gc,heap        ] GC(32579) PSYoungGen: 82015K(83968K)->1120K(83968K) Eden: 80895K(80896K)->0K(80896K) From: 1120K(3072K)->1120K(3072K)
[13492.200s][info][gc,heap        ] GC(32579) ParOldGen: 268979K(269312K)->269043K(269312K)
[13492.200s][info][gc,metaspace   ] GC(32579) Metaspace: 62146K(62464K)->62146K(62464K) NonClass: 56614K(56832K)->56614K(56832K) Class: 5532K(5632K)->5532K(5632K)
[13492.200s][info][gc             ] GC(32579) Pause Young (Allocation Failure) 342M->263M(345M) 2.474ms
[13492.200s][info][gc,cpu         ] GC(32579) User=0.00s Sys=0.00s Real=0.00s
[13492.594s][info][gc,start       ] GC(32580) Pause Young (Allocation Failure)
[13492.596s][info][gc,heap        ] GC(32580) PSYoungGen: 82016K(83968K)->1152K(84480K) Eden: 80896K(80896K)->0K(81920K) From: 1120K(3072K)->1152K(2560K)
[13492.596s][info][gc,heap        ] GC(32580) ParOldGen: 269043K(269312K)->269107K(269312K)
[13492.596s][info][gc,metaspace   ] GC(32580) Metaspace: 62146K(62464K)->62146K(62464K) NonClass: 56614K(56832K)->56614K(56832K) Class: 5532K(5632K)->5532K(5632K)
[13492.596s][info][gc             ] GC(32580) Pause Young (Allocation Failure) 342M->263M(345M) 2.449ms
[13492.597s][info][gc,cpu         ] GC(32580) User=0.01s Sys=0.00s Real=0.00s
[13493.012s][info][gc,start       ] GC(32581) Pause Young (Allocation Failure)
[13493.015s][info][gc,heap        ] GC(32581) PSYoungGen: 83072K(84480K)->1312K(84480K) Eden: 81920K(81920K)->0K(81920K) From: 1152K(2560K)->1312K(2560K)
[13493.015s][info][gc,heap        ] GC(32581) ParOldGen: 269107K(269312K)->269179K(269312K)
[13493.015s][info][gc,metaspace   ] GC(32581) Metaspace: 62146K(62464K)->62146K(62464K) NonClass: 56614K(56832K)->56614K(56832K) Class: 5532K(5632K)->5532K(5632K)
[13493.015s][info][gc             ] GC(32581) Pause Young (Allocation Failure) 343M->264M(345M) 2.589ms
[13493.015s][info][gc,cpu         ] GC(32581) User=0.00s Sys=0.00s Real=0.00s
[13493.408s][info][gc,start       ] GC(32582) Pause Young (Allocation Failure)
[13493.410s][info][gc,heap        ] GC(32582) PSYoungGen: 83232K(84480K)->1312K(84480K) Eden: 81920K(81920K)->0K(81920K) From: 1312K(2560K)->1312K(2560K)
[13493.410s][info][gc,heap        ] GC(32582) ParOldGen: 269179K(269312K)->269251K(269312K)
[13493.410s][info][gc,metaspace   ] GC(32582) Metaspace: 62146K(62464K)->62146K(62464K) NonClass: 56614K(56832K)->56614K(56832K) Class: 5532K(5632K)->5532K(5632K)
[13493.410s][info][gc             ] GC(32582) Pause Young (Allocation Failure) 344M->264M(345M) 2.590ms
[13493.410s][info][gc,cpu         ] GC(32582) User=0.00s Sys=0.00s Real=0.00s
[13493.814s][info][gc,start       ] GC(32583) Pause Young (Allocation Failure)
[13493.817s][info][gc,heap        ] GC(32583) PSYoungGen: 83232K(84480K)->1376K(84480K) Eden: 81920K(81920K)->0K(81920K) From: 1312K(2560K)->1376K(2560K)
[13493.817s][info][gc,heap        ] GC(32583) ParOldGen: 269251K(269312K)->269323K(269824K)
[13493.817s][info][gc,metaspace   ] GC(32583) Metaspace: 62146K(62464K)->62146K(62464K) NonClass: 56614K(56832K)->56614K(56832K) Class: 5532K(5632K)->5532K(5632K)
[13493.817s][info][gc             ] GC(32583) Pause Young (Allocation Failure) 344M->264M(346M) 2.716ms
[13493.817s][info][gc,cpu         ] GC(32583) User=0.01s Sys=0.00s Real=0.00s
[13494.224s][info][gc,start       ] GC(32584) Pause Young (Allocation Failure)
[13494.226s][info][gc,heap        ] GC(32584) PSYoungGen: 83296K(84480K)->1568K(84480K) Eden: 81920K(81920K)->0K(81920K) From: 1376K(2560K)->1568K(2560K)
[13494.226s][info][gc,heap        ] GC(32584) ParOldGen: 269323K(269824K)->269395K(269824K)
[13494.226s][info][gc,metaspace   ] GC(32584) Metaspace: 62146K(62464K)->62146K(62464K) NonClass: 56614K(56832K)->56614K(56832K) Class: 5532K(5632K)->5532K(5632K)
[13494.226s][info][gc             ] GC(32584) Pause Young (Allocation Failure) 344M->264M(346M) 2.889ms
[13494.226s][info][gc,cpu         ] GC(32584) User=0.01s Sys=0.00s Real=0.00s
[13494.633s][info][gc,start       ] GC(32585) Pause Young (Allocation Failure)
[13494.637s][info][gc,heap        ] GC(32585) PSYoungGen: 83488K(84480K)->1696K(84480K) Eden: 81920K(81920K)->0K(81920K) From: 1568K(2560K)->1696K(2560K)
[13494.637s][info][gc,heap        ] GC(32585) ParOldGen: 269395K(269824K)->271507K(272896K)
[13494.637s][info][gc,metaspace   ] GC(32585) Metaspace: 62146K(62464K)->62146K(62464K) NonClass: 56614K(56832K)->56614K(56832K) Class: 5532K(5632K)->5532K(5632K)
[13494.637s][info][gc             ] GC(32585) Pause Young (Allocation Failure) 344M->266M(349M) 4.004ms
[13494.637s][info][gc,cpu         ] GC(32585) User=0.01s Sys=0.00s Real=0.00s
[13495.044s][info][gc,start       ] GC(32586) Pause Young (Allocation Failure)
[13495.046s][info][gc,heap        ] GC(32586) PSYoungGen: 83616K(84480K)->256K(84480K) Eden: 81920K(81920K)->0K(81920K) From: 1696K(2560K)->256K(2560K)
[13495.046s][info][gc,heap        ] GC(32586) ParOldGen: 271507K(272896K)->271579K(272896K)
[13495.046s][info][gc,metaspace   ] GC(32586) Metaspace: 62146K(62464K)->62146K(62464K) NonClass: 56614K(56832K)->56614K(56832K) Class: 5532K(5632K)->5532K(5632K)
[13495.046s][info][gc             ] GC(32586) Pause Young (Allocation Failure) 346M->265M(349M) 1.826ms
[13495.046s][info][gc,cpu         ] GC(32586) User=0.00s Sys=0.00s Real=0.00s
[13495.474s][info][gc,start       ] GC(32587) Pause Young (Allocation Failure)
[13495.476s][info][gc,heap        ] GC(32587) PSYoungGen: 82176K(84480K)->848K(84480K) Eden: 81920K(81920K)->0K(81920K) From: 256K(2560K)->848K(2560K)
[13495.476s][info][gc,heap        ] GC(32587) ParOldGen: 271579K(272896K)->271643K(272896K)
[13495.476s][info][gc,metaspace   ] GC(32587) Metaspace: 62146K(62464K)->62146K(62464K) NonClass: 56614K(56832K)->56614K(56832K) Class: 5532K(5632K)->5532K(5632K)
[13495.476s][info][gc             ] GC(32587) Pause Young (Allocation Failure) 345M->266M(349M) 2.324ms
[13495.476s][info][gc,cpu         ] GC(32587) User=0.00s Sys=0.00s Real=0.00s
[13495.852s][info][gc,start       ] GC(32588) Pause Young (Allocation Failure)
[13495.854s][info][gc,heap        ] GC(32588) PSYoungGen: 82768K(84480K)->384K(84480K) Eden: 81920K(81920K)->0K(81920K) From: 848K(2560K)->384K(2560K)
[13495.854s][info][gc,heap        ] GC(32588) ParOldGen: 271643K(272896K)->271763K(272896K)
[13495.854s][info][gc,metaspace   ] GC(32588) Metaspace: 62147K(62464K)->62147K(62464K) NonClass: 56615K(56832K)->56615K(56832K) Class: 5532K(5632K)->5532K(5632K)
[13495.854s][info][gc             ] GC(32588) Pause Young (Allocation Failure) 346M->265M(349M) 1.914ms
[13495.854s][info][gc,cpu         ] GC(32588) User=0.01s Sys=0.00s Real=0.00s
[13496.222s][info][gc,start       ] GC(32589) Pause Young (Allocation Failure)
[13496.225s][info][gc,heap        ] GC(32589) PSYoungGen: 82304K(84480K)->1696K(84480K) Eden: 81920K(81920K)->0K(81920K) From: 384K(2560K)->1696K(2560K)
[13496.225s][info][gc,heap        ] GC(32589) ParOldGen: 271763K(272896K)->271835K(272896K)
[13496.225s][info][gc,metaspace   ] GC(32589) Metaspace: 62147K(62464K)->62147K(62464K) NonClass: 56615K(56832K)->56615K(56832K) Class: 5532K(5632K)->5532K(5632K)
[13496.225s][info][gc             ] GC(32589) Pause Young (Allocation Failure) 345M->267M(349M) 2.918ms
[13496.225s][info][gc,cpu         ] GC(32589) User=0.01s Sys=0.00s Real=0.00s
[13496.587s][info][gc,start       ] GC(32590) Pause Young (Allocation Failure)
[13496.589s][info][gc,heap        ] GC(32590) PSYoungGen: 83616K(84480K)->1088K(84480K) Eden: 81920K(81920K)->0K(81920K) From: 1696K(2560K)->1088K(2560K)
[13496.589s][info][gc,heap        ] GC(32590) ParOldGen: 271835K(272896K)->271907K(272896K)
[13496.589s][info][gc,metaspace   ] GC(32590) Metaspace: 62147K(62464K)->62147K(62464K) NonClass: 56615K(56832K)->56615K(56832K) Class: 5532K(5632K)->5532K(5632K)
[13496.589s][info][gc             ] GC(32590) Pause Young (Allocation Failure) 347M->266M(349M) 2.402ms
[13496.589s][info][gc,cpu         ] GC(32590) User=0.01s Sys=0.00s Real=0.00s
[13496.950s][info][gc,start       ] GC(32591) Pause Young (Allocation Failure)
[13496.952s][info][gc,heap        ] GC(32591) PSYoungGen: 83008K(84480K)->384K(84480K) Eden: 81920K(81920K)->0K(81920K) From: 1088K(2560K)->384K(2560K)
[13496.952s][info][gc,heap        ] GC(32591) ParOldGen: 271907K(272896K)->271979K(272896K)
[13496.952s][info][gc,metaspace   ] GC(32591) Metaspace: 62147K(62464K)->62147K(62464K) NonClass: 56615K(56832K)->56615K(56832K) Class: 5532K(5632K)->5532K(5632K)
[13496.952s][info][gc             ] GC(32591) Pause Young (Allocation Failure) 346M->265M(349M) 1.843ms
[13496.952s][info][gc,cpu         ] GC(32591) User=0.00s Sys=0.00s Real=0.01s
[13497.321s][info][gc,start       ] GC(32592) Pause Young (Allocation Failure)
[13497.324s][info][gc,heap        ] GC(32592) PSYoungGen: 82304K(84480K)->1824K(84480K) Eden: 81920K(81920K)->0K(81920K) From: 384K(2560K)->1824K(2560K)
[13497.324s][info][gc,heap        ] GC(32592) ParOldGen: 271979K(272896K)->272043K(272896K)
[13497.324s][info][gc,metaspace   ] GC(32592) Metaspace: 62147K(62464K)->62147K(62464K) NonClass: 56615K(56832K)->56615K(56832K) Class: 5532K(5632K)->5532K(5632K)
[13497.324s][info][gc             ] GC(32592) Pause Young (Allocation Failure) 345M->267M(349M) 2.996ms
[13497.324s][info][gc,cpu         ] GC(32592) User=0.01s Sys=0.00s Real=0.01s
[13497.726s][info][gc,start       ] GC(32593) Pause Young (Allocation Failure)
[13497.729s][info][gc,heap        ] GC(32593) PSYoungGen: 83744K(84480K)->1600K(84480K) Eden: 81920K(81920K)->0K(81920K) From: 1824K(2560K)->1600K(2560K)
[13497.729s][info][gc,heap        ] GC(32593) ParOldGen: 272043K(272896K)->272107K(272896K)
[13497.729s][info][gc,metaspace   ] GC(32593) Metaspace: 62147K(62464K)->62147K(62464K) NonClass: 56615K(56832K)->56615K(56832K) Class: 5532K(5632K)->5532K(5632K)
[13497.729s][info][gc             ] GC(32593) Pause Young (Allocation Failure) 347M->267M(349M) 2.826ms
[13497.729s][info][gc,cpu         ] GC(32593) User=0.01s Sys=0.00s Real=0.00s
[13498.074s][info][gc,start       ] GC(32594) Pause Young (Allocation Failure)
[13498.077s][info][gc,heap        ] GC(32594) PSYoungGen: 83520K(84480K)->864K(84480K) Eden: 81920K(81920K)->0K(81920K) From: 1600K(2560K)->864K(2560K)
[13498.077s][info][gc,heap        ] GC(32594) ParOldGen: 272107K(272896K)->272179K(272896K)
[13498.077s][info][gc,metaspace   ] GC(32594) Metaspace: 62147K(62464K)->62147K(62464K) NonClass: 56615K(56832K)->56615K(56832K) Class: 5532K(5632K)->5532K(5632K)
[13498.077s][info][gc             ] GC(32594) Pause Young (Allocation Failure) 347M->266M(349M) 2.271ms
[13498.077s][info][gc,cpu         ] GC(32594) User=0.01s Sys=0.00s Real=0.00s
[13498.468s][info][gc,start       ] GC(32595) Pause Young (Allocation Failure)
[13498.470s][info][gc,heap        ] GC(32595) PSYoungGen: 82784K(84480K)->640K(84480K) Eden: 81920K(81920K)->0K(81920K) From: 864K(2560K)->640K(2560K)
[13498.470s][info][gc,heap        ] GC(32595) ParOldGen: 272179K(272896K)->272251K(272896K)
[13498.470s][info][gc,metaspace   ] GC(32595) Metaspace: 62147K(62464K)->62147K(62464K) NonClass: 56615K(56832K)->56615K(56832K) Class: 5532K(5632K)->5532K(5632K)
[13498.470s][info][gc             ] GC(32595) Pause Young (Allocation Failure) 346M->266M(349M) 2.230ms
[13498.470s][info][gc,cpu         ] GC(32595) User=0.00s Sys=0.00s Real=0.00s
[13498.882s][info][gc,start       ] GC(32596) Pause Young (Allocation Failure)
[13498.885s][info][gc,heap        ] GC(32596) PSYoungGen: 82560K(84480K)->1984K(83456K) Eden: 81920K(81920K)->0K(80896K) From: 640K(2560K)->1984K(2560K)
[13498.885s][info][gc,heap        ] GC(32596) ParOldGen: 272251K(272896K)->273347K(274432K)
[13498.885s][info][gc,metaspace   ] GC(32596) Metaspace: 62147K(62464K)->62147K(62464K) NonClass: 56615K(56832K)->56615K(56832K) Class: 5532K(5632K)->5532K(5632K)
[13498.885s][info][gc             ] GC(32596) Pause Young (Allocation Failure) 346M->268M(349M) 3.037ms
[13498.885s][info][gc,cpu         ] GC(32596) User=0.00s Sys=0.00s Real=0.00s
[13499.260s][info][gc,start       ] GC(32597) Pause Young (Allocation Failure)
[13499.263s][info][gc,heap        ] GC(32597) PSYoungGen: 82880K(83456K)->544K(83968K) Eden: 80896K(80896K)->0K(80896K) From: 1984K(2560K)->544K(3072K)
[13499.263s][info][gc,heap        ] GC(32597) ParOldGen: 273347K(274432K)->275459K(275968K)
[13499.263s][info][gc,metaspace   ] GC(32597) Metaspace: 62147K(62464K)->62147K(62464K) NonClass: 56615K(56832K)->56615K(56832K) Class: 5532K(5632K)->5532K(5632K)
[13499.263s][info][gc             ] GC(32597) Pause Young (Allocation Failure) 347M->269M(351M) 3.081ms
[13499.263s][info][gc,cpu         ] GC(32597) User=0.00s Sys=0.00s Real=0.01s
[13499.641s][info][gc,start       ] GC(32598) Pause Young (Allocation Failure)
[13499.642s][info][gc,heap        ] GC(32598) PSYoungGen: 81440K(83968K)->192K(83968K) Eden: 80896K(80896K)->0K(80896K) From: 544K(3072K)->192K(3072K)
[13499.642s][info][gc,heap        ] GC(32598) ParOldGen: 275459K(275968K)->275523K(275968K)
[13499.642s][info][gc,metaspace   ] GC(32598) Metaspace: 62147K(62464K)->62147K(62464K) NonClass: 56615K(56832K)->56615K(56832K) Class: 5532K(5632K)->5532K(5632K)
[13499.642s][info][gc             ] GC(32598) Pause Young (Allocation Failure) 348M->269M(351M) 1.833ms
[13499.642s][info][gc,cpu         ] GC(32598) User=0.01s Sys=0.00s Real=0.01s
[13500.017s][info][gc,start       ] GC(32599) Pause Young (Allocation Failure)
[13500.020s][info][gc,heap        ] GC(32599) PSYoungGen: 81088K(83968K)->1600K(83968K) Eden: 80896K(80896K)->0K(80896K) From: 192K(3072K)->1600K(3072K)
[13500.020s][info][gc,heap        ] GC(32599) ParOldGen: 275523K(275968K)->275587K(275968K)
[13500.020s][info][gc,metaspace   ] GC(32599) Metaspace: 62147K(62464K)->62147K(62464K) NonClass: 56615K(56832K)->56615K(56832K) Class: 5532K(5632K)->5532K(5632K)
[13500.020s][info][gc             ] GC(32599) Pause Young (Allocation Failure) 348M->270M(351M) 2.958ms
[13500.020s][info][gc,cpu         ] GC(32599) User=0.00s Sys=0.00s Real=0.00s
[13500.373s][info][gc,start       ] GC(32600) Pause Young (Allocation Failure)
[13500.376s][info][gc,heap        ] GC(32600) PSYoungGen: 82496K(83968K)->800K(84480K) Eden: 80896K(80896K)->0K(81408K) From: 1600K(3072K)->800K(3072K)
[13500.376s][info][gc,heap        ] GC(32600) ParOldGen: 275587K(275968K)->275659K(275968K)
[13500.376s][info][gc,metaspace   ] GC(32600) Metaspace: 62147K(62464K)->62147K(62464K) NonClass: 56615K(56832K)->56615K(56832K) Class: 5532K(5632K)->5532K(5632K)
[13500.376s][info][gc             ] GC(32600) Pause Young (Allocation Failure) 349M->269M(352M) 2.172ms
[13500.376s][info][gc,cpu         ] GC(32600) User=0.01s Sys=0.00s Real=0.00s
[13500.731s][info][gc,start       ] GC(32601) Pause Young (Allocation Failure)
[13500.734s][info][gc,heap        ] GC(32601) PSYoungGen: 82208K(84480K)->1888K(83968K) Eden: 81408K(81408K)->0K(81408K) From: 800K(3072K)->1888K(2560K)
[13500.734s][info][gc,heap        ] GC(32601) ParOldGen: 275659K(275968K)->275731K(275968K)
[13500.735s][info][gc,metaspace   ] GC(32601) Metaspace: 62147K(62464K)->62147K(62464K) NonClass: 56615K(56832K)->56615K(56832K) Class: 5532K(5632K)->5532K(5632K)
[13500.735s][info][gc             ] GC(32601) Pause Young (Allocation Failure) 349M->271M(351M) 3.108ms
[13500.735s][info][gc,cpu         ] GC(32601) User=0.00s Sys=0.00s Real=0.00s
[13501.081s][info][gc,start       ] GC(32602) Pause Young (Allocation Failure)
[13501.084s][info][gc,heap        ] GC(32602) PSYoungGen: 83296K(83968K)->992K(83968K) Eden: 81408K(81408K)->0K(80896K) From: 1888K(2560K)->992K(3072K)
[13501.084s][info][gc,heap        ] GC(32602) ParOldGen: 275731K(275968K)->275803K(275968K)
[13501.084s][info][gc,metaspace   ] GC(32602) Metaspace: 62147K(62464K)->62147K(62464K) NonClass: 56615K(56832K)->56615K(56832K) Class: 5532K(5632K)->5532K(5632K)
[13501.084s][info][gc             ] GC(32602) Pause Young (Allocation Failure) 350M->270M(351M) 2.410ms
[13501.084s][info][gc,cpu         ] GC(32602) User=0.01s Sys=0.00s Real=0.00s
[13501.446s][info][gc,start       ] GC(32603) Pause Young (Allocation Failure)
[13501.448s][info][gc,heap        ] GC(32603) PSYoungGen: 81888K(83968K)->320K(83968K) Eden: 80896K(80896K)->0K(80896K) From: 992K(3072K)->320K(3072K)
[13501.448s][info][gc,heap        ] GC(32603) ParOldGen: 275803K(275968K)->275867K(275968K)
[13501.448s][info][gc,metaspace   ] GC(32603) Metaspace: 62147K(62464K)->62147K(62464K) NonClass: 56615K(56832K)->56615K(56832K) Class: 5532K(5632K)->5532K(5632K)
[13501.448s][info][gc             ] GC(32603) Pause Young (Allocation Failure) 349M->269M(351M) 1.840ms
[13501.448s][info][gc,cpu         ] GC(32603) User=0.01s Sys=0.00s Real=0.00s
[13501.838s][info][gc,start       ] GC(32604) Pause Young (Allocation Failure)
[13501.841s][info][gc,heap        ] GC(32604) PSYoungGen: 81216K(83968K)->1984K(83456K) Eden: 80896K(80896K)->0K(80896K) From: 320K(3072K)->1984K(2560K)
[13501.841s][info][gc,heap        ] GC(32604) ParOldGen: 275867K(275968K)->275931K(275968K)
[13501.841s][info][gc,metaspace   ] GC(32604) Metaspace: 62147K(62464K)->62147K(62464K) NonClass: 56615K(56832K)->56615K(56832K) Class: 5532K(5632K)->5532K(5632K)
[13501.841s][info][gc             ] GC(32604) Pause Young (Allocation Failure) 348M->271M(351M) 3.153ms
[13501.841s][info][gc,cpu         ] GC(32604) User=0.00s Sys=0.00s Real=0.01s
[13502.265s][info][gc,start       ] GC(32605) Pause Young (Allocation Failure)
[13502.267s][info][gc,heap        ] GC(32605) PSYoungGen: 82880K(83456K)->704K(83968K) Eden: 80896K(80896K)->0K(80896K) From: 1984K(2560K)->704K(3072K)
[13502.267s][info][gc,heap        ] GC(32605) ParOldGen: 275931K(275968K)->275995K(276480K)
[13502.267s][info][gc,metaspace   ] GC(32605) Metaspace: 62147K(62464K)->62147K(62464K) NonClass: 56615K(56832K)->56615K(56832K) Class: 5532K(5632K)->5532K(5632K)
[13502.268s][info][gc             ] GC(32605) Pause Young (Allocation Failure) 350M->270M(352M) 2.268ms
[13502.268s][info][gc,cpu         ] GC(32605) User=0.00s Sys=0.00s Real=0.00s
[13502.659s][info][gc,start       ] GC(32606) Pause Young (Allocation Failure)
[13502.661s][info][gc,heap        ] GC(32606) PSYoungGen: 81600K(83968K)->512K(83968K) Eden: 80896K(80896K)->0K(80896K) From: 704K(3072K)->512K(3072K)
[13502.661s][info][gc,heap        ] GC(32606) ParOldGen: 275995K(276480K)->276116K(276480K)
[13502.661s][info][gc,metaspace   ] GC(32606) Metaspace: 62147K(62464K)->62147K(62464K) NonClass: 56615K(56832K)->56615K(56832K) Class: 5532K(5632K)->5532K(5632K)
[13502.661s][info][gc             ] GC(32606) Pause Young (Allocation Failure) 349M->270M(352M) 2.058ms
[13502.661s][info][gc,cpu         ] GC(32606) User=0.01s Sys=0.00s Real=0.01s
[13503.047s][info][gc,start       ] GC(32607) Pause Young (Allocation Failure)
[13503.050s][info][gc,heap        ] GC(32607) PSYoungGen: 81408K(83968K)->2368K(83968K) Eden: 80896K(80896K)->0K(80896K) From: 512K(3072K)->2368K(3072K)
[13503.050s][info][gc,heap        ] GC(32607) ParOldGen: 276116K(276480K)->276188K(276480K)
[13503.050s][info][gc,metaspace   ] GC(32607) Metaspace: 62147K(62464K)->62147K(62464K) NonClass: 56615K(56832K)->56615K(56832K) Class: 5532K(5632K)->5532K(5632K)
[13503.050s][info][gc             ] GC(32607) Pause Young (Allocation Failure) 349M->272M(352M) 2.368ms
[13503.050s][info][gc,cpu         ] GC(32607) User=0.00s Sys=0.00s Real=0.00s
[13503.454s][info][gc,start       ] GC(32608) Pause Young (Allocation Failure)
[13503.457s][info][gc,heap        ] GC(32608) PSYoungGen: 83264K(83968K)->416K(83968K) Eden: 80896K(80896K)->0K(80896K) From: 2368K(3072K)->416K(3072K)
[13503.457s][info][gc,heap        ] GC(32608) ParOldGen: 276188K(276480K)->278308K(279552K)
[13503.457s][info][gc,metaspace   ] GC(32608) Metaspace: 62147K(62464K)->62147K(62464K) NonClass: 56615K(56832K)->56615K(56832K) Class: 5532K(5632K)->5532K(5632K)
[13503.457s][info][gc             ] GC(32608) Pause Young (Allocation Failure) 351M->272M(355M) 3.374ms
[13503.457s][info][gc,cpu         ] GC(32608) User=0.00s Sys=0.00s Real=0.00s
[13503.820s][info][gc,start       ] GC(32609) Pause Young (Allocation Failure)
[13503.822s][info][gc,heap        ] GC(32609) PSYoungGen: 81312K(83968K)->1664K(83968K) Eden: 80896K(80896K)->0K(80896K) From: 416K(3072K)->1664K(3072K)
[13503.823s][info][gc,heap        ] GC(32609) ParOldGen: 278308K(279552K)->278372K(279552K)
[13503.823s][info][gc,metaspace   ] GC(32609) Metaspace: 62147K(62464K)->62147K(62464K) NonClass: 56615K(56832K)->56615K(56832K) Class: 5532K(5632K)->5532K(5632K)
[13503.823s][info][gc             ] GC(32609) Pause Young (Allocation Failure) 351M->273M(355M) 2.952ms
[13503.823s][info][gc,cpu         ] GC(32609) User=0.00s Sys=0.00s Real=0.01s
[13504.210s][info][gc,start       ] GC(32610) Pause Young (Allocation Failure)
[13504.212s][info][gc,heap        ] GC(32610) PSYoungGen: 82560K(83968K)->1216K(83968K) Eden: 80896K(80896K)->0K(80896K) From: 1664K(3072K)->1216K(3072K)
[13504.212s][info][gc,heap        ] GC(32610) ParOldGen: 278372K(279552K)->278436K(279552K)
[13504.212s][info][gc,metaspace   ] GC(32610) Metaspace: 62147K(62464K)->62147K(62464K) NonClass: 56615K(56832K)->56615K(56832K) Class: 5532K(5632K)->5532K(5632K)
[13504.212s][info][gc             ] GC(32610) Pause Young (Allocation Failure) 352M->273M(355M) 2.681ms
[13504.212s][info][gc,cpu         ] GC(32610) User=0.01s Sys=0.00s Real=0.01s
[13504.619s][info][gc,start       ] GC(32611) Pause Young (Allocation Failure)
[13504.622s][info][gc,heap        ] GC(32611) PSYoungGen: 82112K(83968K)->1536K(83968K) Eden: 80896K(80896K)->0K(80896K) From: 1216K(3072K)->1536K(3072K)
[13504.622s][info][gc,heap        ] GC(32611) ParOldGen: 278436K(279552K)->278508K(279552K)
[13504.622s][info][gc,metaspace   ] GC(32611) Metaspace: 62147K(62464K)->62147K(62464K) NonClass: 56615K(56832K)->56615K(56832K) Class: 5532K(5632K)->5532K(5632K)
[13504.622s][info][gc             ] GC(32611) Pause Young (Allocation Failure) 352M->273M(355M) 2.844ms
[13504.622s][info][gc,cpu         ] GC(32611) User=0.00s Sys=0.00s Real=0.01s
[13505.026s][info][gc,start       ] GC(32612) Pause Young (Allocation Failure)
[13505.029s][info][gc,heap        ] GC(32612) PSYoungGen: 82432K(83968K)->1568K(83968K) Eden: 80896K(80896K)->0K(80896K) From: 1536K(3072K)->1568K(3072K)
[13505.029s][info][gc,heap        ] GC(32612) ParOldGen: 278508K(279552K)->278580K(279552K)
[13505.029s][info][gc,metaspace   ] GC(32612) Metaspace: 62147K(62464K)->62147K(62464K) NonClass: 56615K(56832K)->56615K(56832K) Class: 5532K(5632K)->5532K(5632K)
[13505.029s][info][gc             ] GC(32612) Pause Young (Allocation Failure) 352M->273M(355M) 2.808ms
[13505.029s][info][gc,cpu         ] GC(32612) User=0.00s Sys=0.00s Real=0.00s
[13505.430s][info][gc,start       ] GC(32613) Pause Young (Allocation Failure)
[13505.433s][info][gc,heap        ] GC(32613) PSYoungGen: 82464K(83968K)->1664K(83968K) Eden: 80896K(80896K)->0K(80896K) From: 1568K(3072K)->1664K(3072K)
[13505.433s][info][gc,heap        ] GC(32613) ParOldGen: 278580K(279552K)->278652K(279552K)
[13505.433s][info][gc,metaspace   ] GC(32613) Metaspace: 62147K(62464K)->62147K(62464K) NonClass: 56615K(56832K)->56615K(56832K) Class: 5532K(5632K)->5532K(5632K)
[13505.433s][info][gc             ] GC(32613) Pause Young (Allocation Failure) 352M->273M(355M) 2.948ms
[13505.433s][info][gc,cpu         ] GC(32613) User=0.01s Sys=0.00s Real=0.01s
[13505.810s][info][gc,start       ] GC(32614) Pause Young (Allocation Failure)
[13505.813s][info][gc,heap        ] GC(32614) PSYoungGen: 82560K(83968K)->1536K(83968K) Eden: 80896K(80896K)->0K(80896K) From: 1664K(3072K)->1536K(3072K)
[13505.813s][info][gc,heap        ] GC(32614) ParOldGen: 278652K(279552K)->278724K(279552K)
[13505.813s][info][gc,metaspace   ] GC(32614) Metaspace: 62147K(62464K)->62147K(62464K) NonClass: 56615K(56832K)->56615K(56832K) Class: 5532K(5632K)->5532K(5632K)
[13505.813s][info][gc             ] GC(32614) Pause Young (Allocation Failure) 352M->273M(355M) 2.991ms
[13505.813s][info][gc,cpu         ] GC(32614) User=0.00s Sys=0.00s Real=0.01s
[13506.189s][info][gc,start       ] GC(32615) Pause Young (Allocation Failure)
[13506.191s][info][gc,heap        ] GC(32615) PSYoungGen: 82432K(83968K)->1024K(83968K) Eden: 80896K(80896K)->0K(80896K) From: 1536K(3072K)->1024K(3072K)
[13506.191s][info][gc,heap        ] GC(32615) ParOldGen: 278724K(279552K)->278796K(279552K)
[13506.191s][info][gc,metaspace   ] GC(32615) Metaspace: 62147K(62464K)->62147K(62464K) NonClass: 56615K(56832K)->56615K(56832K) Class: 5532K(5632K)->5532K(5632K)
[13506.191s][info][gc             ] GC(32615) Pause Young (Allocation Failure) 352M->273M(355M) 2.436ms
[13506.191s][info][gc,cpu         ] GC(32615) User=0.00s Sys=0.00s Real=0.01s
[13506.604s][info][gc,start       ] GC(32616) Pause Young (Allocation Failure)
[13506.607s][info][gc,heap        ] GC(32616) PSYoungGen: 81920K(83968K)->1248K(84480K) Eden: 80896K(80896K)->0K(81408K) From: 1024K(3072K)->1248K(3072K)
[13506.607s][info][gc,heap        ] GC(32616) ParOldGen: 278796K(279552K)->278868K(279552K)
[13506.607s][info][gc,metaspace   ] GC(32616) Metaspace: 62147K(62464K)->62147K(62464K) NonClass: 56615K(56832K)->56615K(56832K) Class: 5532K(5632K)->5532K(5632K)
[13506.607s][info][gc             ] GC(32616) Pause Young (Allocation Failure) 352M->273M(355M) 2.588ms
[13506.607s][info][gc,cpu         ] GC(32616) User=0.01s Sys=0.00s Real=0.00s
[13507.002s][info][gc,start       ] GC(32617) Pause Young (Allocation Failure)
[13507.004s][info][gc,heap        ] GC(32617) PSYoungGen: 82656K(84480K)->1184K(83968K) Eden: 81408K(81408K)->0K(81408K) From: 1248K(3072K)->1184K(2560K)
[13507.004s][info][gc,heap        ] GC(32617) ParOldGen: 278868K(279552K)->278932K(279552K)
[13507.004s][info][gc,metaspace   ] GC(32617) Metaspace: 62147K(62464K)->62147K(62464K) NonClass: 56615K(56832K)->56615K(56832K) Class: 5532K(5632K)->5532K(5632K)
[13507.004s][info][gc             ] GC(32617) Pause Young (Allocation Failure) 353M->273M(355M) 2.689ms
[13507.004s][info][gc,cpu         ] GC(32617) User=0.01s Sys=0.00s Real=0.00s
[13507.413s][info][gc,start       ] GC(32618) Pause Young (Allocation Failure)
[13507.416s][info][gc,heap        ] GC(32618) PSYoungGen: 82592K(83968K)->1376K(84480K) Eden: 81408K(81408K)->0K(81920K) From: 1184K(2560K)->1376K(2560K)
[13507.416s][info][gc,heap        ] GC(32618) ParOldGen: 278932K(279552K)->279004K(279552K)
[13507.416s][info][gc,metaspace   ] GC(32618) Metaspace: 62147K(62464K)->62147K(62464K) NonClass: 56615K(56832K)->56615K(56832K) Class: 5532K(5632K)->5532K(5632K)
[13507.416s][info][gc             ] GC(32618) Pause Young (Allocation Failure) 353M->273M(355M) 2.822ms
[13507.416s][info][gc,cpu         ] GC(32618) User=0.00s Sys=0.00s Real=0.00s
[13507.810s][info][gc,start       ] GC(32619) Pause Young (Allocation Failure)
[13507.814s][info][gc,heap        ] GC(32619) PSYoungGen: 83296K(84480K)->2400K(84480K) Eden: 81920K(81920K)->0K(81920K) From: 1376K(2560K)->2400K(2560K)
[13507.814s][info][gc,heap        ] GC(32619) ParOldGen: 279004K(279552K)->280092K(281088K)
[13507.814s][info][gc,metaspace   ] GC(32619) Metaspace: 62147K(62464K)->62147K(62464K) NonClass: 56615K(56832K)->56615K(56832K) Class: 5532K(5632K)->5532K(5632K)
[13507.814s][info][gc             ] GC(32619) Pause Young (Allocation Failure) 353M->275M(357M) 3.385ms
[13507.814s][info][gc,cpu         ] GC(32619) User=0.01s Sys=0.00s Real=0.01s
[13508.200s][info][gc,start       ] GC(32620) Pause Young (Allocation Failure)
[13508.204s][info][gc,heap        ] GC(32620) PSYoungGen: 84320K(84480K)->1216K(84480K) Eden: 81920K(81920K)->0K(81920K) From: 2400K(2560K)->1216K(2560K)
[13508.204s][info][gc,heap        ] GC(32620) ParOldGen: 280092K(281088K)->282212K(282624K)
[13508.204s][info][gc,metaspace   ] GC(32620) Metaspace: 62147K(62464K)->62147K(62464K) NonClass: 56615K(56832K)->56615K(56832K) Class: 5532K(5632K)->5532K(5632K)
[13508.204s][info][gc             ] GC(32620) Pause Young (Allocation Failure) 355M->276M(358M) 3.627ms
[13508.204s][info][gc,cpu         ] GC(32620) User=0.00s Sys=0.00s Real=0.01s
[13508.616s][info][gc,start       ] GC(32621) Pause Young (Allocation Failure)
[13508.619s][info][gc,heap        ] GC(32621) PSYoungGen: 83136K(84480K)->1344K(84480K) Eden: 81920K(81920K)->0K(81920K) From: 1216K(2560K)->1344K(2560K)
[13508.619s][info][gc,heap        ] GC(32621) ParOldGen: 282212K(282624K)->282276K(282624K)
[13508.619s][info][gc,metaspace   ] GC(32621) Metaspace: 62147K(62464K)->62147K(62464K) NonClass: 56615K(56832K)->56615K(56832K) Class: 5532K(5632K)->5532K(5632K)
[13508.619s][info][gc             ] GC(32621) Pause Young (Allocation Failure) 356M->276M(358M) 2.718ms
[13508.619s][info][gc,cpu         ] GC(32621) User=0.01s Sys=0.00s Real=0.00s
[13509.031s][info][gc,start       ] GC(32622) Pause Young (Allocation Failure)
[13509.034s][info][gc,heap        ] GC(32622) PSYoungGen: 83264K(84480K)->1792K(84480K) Eden: 81920K(81920K)->0K(81920K) From: 1344K(2560K)->1792K(2560K)
[13509.034s][info][gc,heap        ] GC(32622) ParOldGen: 282276K(282624K)->282348K(282624K)
[13509.034s][info][gc,metaspace   ] GC(32622) Metaspace: 62147K(62464K)->62147K(62464K) NonClass: 56615K(56832K)->56615K(56832K) Class: 5532K(5632K)->5532K(5632K)
[13509.034s][info][gc             ] GC(32622) Pause Young (Allocation Failure) 356M->277M(358M) 3.070ms
[13509.034s][info][gc,cpu         ] GC(32622) User=0.00s Sys=0.00s Real=0.00s
[13509.500s][info][gc,start       ] GC(32623) Pause Young (Allocation Failure)
[13509.503s][info][gc,heap        ] GC(32623) PSYoungGen: 83712K(84480K)->1232K(84480K) Eden: 81920K(81920K)->0K(81920K) From: 1792K(2560K)->1232K(2560K)
[13509.503s][info][gc,heap        ] GC(32623) ParOldGen: 282348K(282624K)->282412K(282624K)
[13509.503s][info][gc,metaspace   ] GC(32623) Metaspace: 62147K(62464K)->62147K(62464K) NonClass: 56615K(56832K)->56615K(56832K) Class: 5532K(5632K)->5532K(5632K)
[13509.503s][info][gc             ] GC(32623) Pause Young (Allocation Failure) 357M->276M(358M) 2.769ms
[13509.503s][info][gc,cpu         ] GC(32623) User=0.01s Sys=0.01s Real=0.01s
[13509.937s][info][gc,start       ] GC(32624) Pause Young (Allocation Failure)
[13509.940s][info][gc,heap        ] GC(32624) PSYoungGen: 83152K(84480K)->1536K(84480K) Eden: 81920K(81920K)->0K(81920K) From: 1232K(2560K)->1536K(2560K)
[13509.940s][info][gc,heap        ] GC(32624) ParOldGen: 282412K(282624K)->282532K(282624K)
[13509.940s][info][gc,metaspace   ] GC(32624) Metaspace: 62147K(62464K)->62147K(62464K) NonClass: 56615K(56832K)->56615K(56832K) Class: 5532K(5632K)->5532K(5632K)
[13509.941s][info][gc             ] GC(32624) Pause Young (Allocation Failure) 356M->277M(358M) 3.120ms
[13509.941s][info][gc,cpu         ] GC(32624) User=0.01s Sys=0.00s Real=0.00s
[13510.320s][info][gc,start       ] GC(32625) Pause Young (Allocation Failure)
[13510.323s][info][gc,heap        ] GC(32625) PSYoungGen: 83456K(84480K)->1568K(84480K) Eden: 81920K(81920K)->0K(81920K) From: 1536K(2560K)->1568K(2560K)
[13510.323s][info][gc,heap        ] GC(32625) ParOldGen: 282532K(282624K)->282604K(282624K)
[13510.323s][info][gc,metaspace   ] GC(32625) Metaspace: 62147K(62464K)->62147K(62464K) NonClass: 56615K(56832K)->56615K(56832K) Class: 5532K(5632K)->5532K(5632K)
[13510.323s][info][gc             ] GC(32625) Pause Young (Allocation Failure) 357M->277M(358M) 2.926ms
[13510.323s][info][gc,cpu         ] GC(32625) User=0.01s Sys=0.00s Real=0.01s
[13510.698s][info][gc,start       ] GC(32626) Pause Young (Allocation Failure)
[13510.701s][info][gc,heap        ] GC(32626) PSYoungGen: 83488K(84480K)->1216K(84480K) Eden: 81920K(81920K)->0K(81920K) From: 1568K(2560K)->1216K(2560K)
[13510.701s][info][gc,heap        ] GC(32626) ParOldGen: 282604K(282624K)->282676K(283136K)
[13510.701s][info][gc,metaspace   ] GC(32626) Metaspace: 62147K(62464K)->62147K(62464K) NonClass: 56615K(56832K)->56615K(56832K) Class: 5532K(5632K)->5532K(5632K)
[13510.701s][info][gc             ] GC(32626) Pause Young (Allocation Failure) 357M->277M(359M) 2.627ms
[13510.701s][info][gc,cpu         ] GC(32626) User=0.00s Sys=0.00s Real=0.01s
[13511.107s][info][gc,start       ] GC(32627) Pause Young (Allocation Failure)
[13511.109s][info][gc,heap        ] GC(32627) PSYoungGen: 83136K(84480K)->1344K(84480K) Eden: 81920K(81920K)->0K(81920K) From: 1216K(2560K)->1344K(2560K)
[13511.109s][info][gc,heap        ] GC(32627) ParOldGen: 282676K(283136K)->282740K(283136K)
[13511.109s][info][gc,metaspace   ] GC(32627) Metaspace: 62147K(62464K)->62147K(62464K) NonClass: 56615K(56832K)->56615K(56832K) Class: 5532K(5632K)->5532K(5632K)
[13511.109s][info][gc             ] GC(32627) Pause Young (Allocation Failure) 357M->277M(359M) 2.673ms
[13511.109s][info][gc,cpu         ] GC(32627) User=0.00s Sys=0.00s Real=0.00s
[13511.528s][info][gc,start       ] GC(32628) Pause Young (Allocation Failure)
[13511.531s][info][gc,heap        ] GC(32628) PSYoungGen: 83264K(84480K)->1632K(84480K) Eden: 81920K(81920K)->0K(81920K) From: 1344K(2560K)->1632K(2560K)
[13511.531s][info][gc,heap        ] GC(32628) ParOldGen: 282740K(283136K)->282804K(283136K)
[13511.531s][info][gc,metaspace   ] GC(32628) Metaspace: 62147K(62464K)->62147K(62464K) NonClass: 56615K(56832K)->56615K(56832K) Class: 5532K(5632K)->5532K(5632K)
[13511.531s][info][gc             ] GC(32628) Pause Young (Allocation Failure) 357M->277M(359M) 2.929ms
[13511.531s][info][gc,cpu         ] GC(32628) User=0.00s Sys=0.00s Real=0.01s
[13511.977s][info][gc,start       ] GC(32629) Pause Young (Allocation Failure)
[13511.979s][info][gc,heap        ] GC(32629) PSYoungGen: 83552K(84480K)->832K(84480K) Eden: 81920K(81920K)->0K(81920K) From: 1632K(2560K)->832K(2560K)
[13511.979s][info][gc,heap        ] GC(32629) ParOldGen: 282804K(283136K)->282868K(283136K)
[13511.979s][info][gc,metaspace   ] GC(32629) Metaspace: 62147K(62464K)->62147K(62464K) NonClass: 56615K(56832K)->56615K(56832K) Class: 5532K(5632K)->5532K(5632K)
[13511.979s][info][gc             ] GC(32629) Pause Young (Allocation Failure) 357M->277M(359M) 2.288ms
[13511.979s][info][gc,cpu         ] GC(32629) User=0.00s Sys=0.00s Real=0.00s
[13512.392s][info][gc,start       ] GC(32630) Pause Young (Allocation Failure)
[13512.396s][info][gc,heap        ] GC(32630) PSYoungGen: 82752K(84480K)->2112K(84480K) Eden: 81920K(81920K)->0K(81920K) From: 832K(2560K)->2112K(2560K)
[13512.396s][info][gc,heap        ] GC(32630) ParOldGen: 282868K(283136K)->283964K(284672K)
[13512.396s][info][gc,metaspace   ] GC(32630) Metaspace: 62147K(62464K)->62147K(62464K) NonClass: 56615K(56832K)->56615K(56832K) Class: 5532K(5632K)->5532K(5632K)
[13512.396s][info][gc             ] GC(32630) Pause Young (Allocation Failure) 357M->279M(360M) 3.145ms
[13512.396s][info][gc,cpu         ] GC(32630) User=0.01s Sys=0.00s Real=0.00s
[13512.826s][info][gc,start       ] GC(32631) Pause Young (Allocation Failure)
[13512.830s][info][gc,heap        ] GC(32631) PSYoungGen: 84032K(84480K)->1568K(84480K) Eden: 81920K(81920K)->0K(81920K) From: 2112K(2560K)->1568K(2560K)
[13512.830s][info][gc,heap        ] GC(32631) ParOldGen: 283964K(284672K)->286076K(286208K)
[13512.830s][info][gc,metaspace   ] GC(32631) Metaspace: 62147K(62464K)->62147K(62464K) NonClass: 56615K(56832K)->56615K(56832K) Class: 5532K(5632K)->5532K(5632K)
[13512.830s][info][gc             ] GC(32631) Pause Young (Allocation Failure) 359M->280M(362M) 4.006ms
[13512.830s][info][gc,cpu         ] GC(32631) User=0.01s Sys=0.01s Real=0.00s
[13513.233s][info][gc,start       ] GC(32632) Pause Young (Allocation Failure)
[13513.236s][info][gc,heap        ] GC(32632) PSYoungGen: 83488K(84480K)->1824K(84480K) Eden: 81920K(81920K)->0K(81920K) From: 1568K(2560K)->1824K(2560K)
[13513.236s][info][gc,heap        ] GC(32632) ParOldGen: 286076K(286208K)->286148K(286208K)
[13513.236s][info][gc,metaspace   ] GC(32632) Metaspace: 62147K(62464K)->62147K(62464K) NonClass: 56615K(56832K)->56615K(56832K) Class: 5532K(5632K)->5532K(5632K)
[13513.236s][info][gc             ] GC(32632) Pause Young (Allocation Failure) 360M->281M(362M) 3.043ms
[13513.236s][info][gc,cpu         ] GC(32632) User=0.01s Sys=0.00s Real=0.00s
[13513.648s][info][gc,start       ] GC(32633) Pause Young (Allocation Failure)
[13513.650s][info][gc,heap        ] GC(32633) PSYoungGen: 83744K(84480K)->352K(84480K) Eden: 81920K(81920K)->0K(81920K) From: 1824K(2560K)->352K(2560K)
[13513.650s][info][gc,heap        ] GC(32633) ParOldGen: 286148K(286208K)->286212K(286720K)
[13513.650s][info][gc,metaspace   ] GC(32633) Metaspace: 62147K(62464K)->62147K(62464K) NonClass: 56615K(56832K)->56615K(56832K) Class: 5532K(5632K)->5532K(5632K)
[13513.650s][info][gc             ] GC(32633) Pause Young (Allocation Failure) 361M->279M(362M) 1.928ms
[13513.650s][info][gc,cpu         ] GC(32633) User=0.01s Sys=0.00s Real=0.00s
[13514.040s][info][gc,start       ] GC(32634) Pause Young (Allocation Failure)
[13514.041s][info][gc,heap        ] GC(32634) PSYoungGen: 82272K(84480K)->192K(83456K) Eden: 81920K(81920K)->0K(80896K) From: 352K(2560K)->192K(2560K)
[13514.041s][info][gc,heap        ] GC(32634) ParOldGen: 286212K(286720K)->286276K(286720K)
[13514.041s][info][gc,metaspace   ] GC(32634) Metaspace: 62147K(62464K)->62147K(62464K) NonClass: 56615K(56832K)->56615K(56832K) Class: 5532K(5632K)->5532K(5632K)
[13514.041s][info][gc             ] GC(32634) Pause Young (Allocation Failure) 359M->279M(361M) 1.805ms
[13514.041s][info][gc,cpu         ] GC(32634) User=0.01s Sys=0.00s Real=0.01s
[13514.399s][info][gc,start       ] GC(32635) Pause Young (Allocation Failure)
[13514.402s][info][gc,heap        ] GC(32635) PSYoungGen: 81088K(83456K)->1312K(83968K) Eden: 80896K(80896K)->0K(80896K) From: 192K(2560K)->1312K(3072K)
[13514.402s][info][gc,heap        ] GC(32635) ParOldGen: 286276K(286720K)->286348K(286720K)
[13514.402s][info][gc,metaspace   ] GC(32635) Metaspace: 62147K(62464K)->62147K(62464K) NonClass: 56615K(56832K)->56615K(56832K) Class: 5532K(5632K)->5532K(5632K)
[13514.402s][info][gc             ] GC(32635) Pause Young (Allocation Failure) 358M->280M(362M) 2.729ms
[13514.402s][info][gc,cpu         ] GC(32635) User=0.01s Sys=0.00s Real=0.01s
[13514.809s][info][gc,start       ] GC(32636) Pause Young (Allocation Failure)
[13514.812s][info][gc,heap        ] GC(32636) PSYoungGen: 82208K(83968K)->1312K(84480K) Eden: 80896K(80896K)->0K(81920K) From: 1312K(3072K)->1312K(2560K)
[13514.812s][info][gc,heap        ] GC(32636) ParOldGen: 286348K(286720K)->286412K(286720K)
[13514.812s][info][gc,metaspace   ] GC(32636) Metaspace: 62147K(62464K)->62147K(62464K) NonClass: 56615K(56832K)->56615K(56832K) Class: 5532K(5632K)->5532K(5632K)
[13514.812s][info][gc             ] GC(32636) Pause Young (Allocation Failure) 359M->280M(362M) 2.824ms
[13514.812s][info][gc,cpu         ] GC(32636) User=0.00s Sys=0.00s Real=0.01s
[13515.226s][info][gc,start       ] GC(32637) Pause Young (Allocation Failure)
[13515.229s][info][gc,heap        ] GC(32637) PSYoungGen: 83232K(84480K)->1600K(84480K) Eden: 81920K(81920K)->0K(81920K) From: 1312K(2560K)->1600K(2560K)
[13515.229s][info][gc,heap        ] GC(32637) ParOldGen: 286412K(286720K)->286476K(286720K)
[13515.229s][info][gc,metaspace   ] GC(32637) Metaspace: 62147K(62464K)->62147K(62464K) NonClass: 56615K(56832K)->56615K(56832K) Class: 5532K(5632K)->5532K(5632K)
[13515.229s][info][gc             ] GC(32637) Pause Young (Allocation Failure) 360M->281M(362M) 2.866ms
[13515.229s][info][gc,cpu         ] GC(32637) User=0.01s Sys=0.00s Real=0.00s
[13515.660s][info][gc,start       ] GC(32638) Pause Young (Allocation Failure)
[13515.662s][info][gc,heap        ] GC(32638) PSYoungGen: 83520K(84480K)->544K(84480K) Eden: 81920K(81920K)->0K(81920K) From: 1600K(2560K)->544K(2560K)
[13515.662s][info][gc,heap        ] GC(32638) ParOldGen: 286476K(286720K)->286548K(286720K)
[13515.662s][info][gc,metaspace   ] GC(32638) Metaspace: 62147K(62464K)->62147K(62464K) NonClass: 56615K(56832K)->56615K(56832K) Class: 5532K(5632K)->5532K(5632K)
[13515.662s][info][gc             ] GC(32638) Pause Young (Allocation Failure) 361M->280M(362M) 2.052ms
[13515.662s][info][gc,cpu         ] GC(32638) User=0.01s Sys=0.00s Real=0.01s
[13516.075s][info][gc,start       ] GC(32639) Pause Young (Allocation Failure)
[13516.077s][info][gc,heap        ] GC(32639) PSYoungGen: 82464K(84480K)->768K(84480K) Eden: 81920K(81920K)->0K(81920K) From: 544K(2560K)->768K(2560K)
[13516.077s][info][gc,heap        ] GC(32639) ParOldGen: 286548K(286720K)->286620K(286720K)
[13516.077s][info][gc,metaspace   ] GC(32639) Metaspace: 62147K(62464K)->62147K(62464K) NonClass: 56615K(56832K)->56615K(56832K) Class: 5532K(5632K)->5532K(5632K)
[13516.077s][info][gc             ] GC(32639) Pause Young (Allocation Failure) 360M->280M(362M) 2.212ms
[13516.077s][info][gc,cpu         ] GC(32639) User=0.00s Sys=0.01s Real=0.00s
[13516.464s][info][gc,start       ] GC(32640) Pause Young (Allocation Failure)
[13516.466s][info][gc,heap        ] GC(32640) PSYoungGen: 82688K(84480K)->640K(84480K) Eden: 81920K(81920K)->0K(81920K) From: 768K(2560K)->640K(2560K)
[13516.466s][info][gc,heap        ] GC(32640) ParOldGen: 286620K(286720K)->286684K(286720K)
[13516.466s][info][gc,metaspace   ] GC(32640) Metaspace: 62147K(62464K)->62147K(62464K) NonClass: 56615K(56832K)->56615K(56832K) Class: 5532K(5632K)->5532K(5632K)
[13516.466s][info][gc             ] GC(32640) Pause Young (Allocation Failure) 360M->280M(362M) 2.108ms
[13516.466s][info][gc,cpu         ] GC(32640) User=0.00s Sys=0.00s Real=0.00s
[13516.927s][info][gc,start       ] GC(32641) Pause Young (Allocation Failure)
[13516.931s][info][gc,heap        ] GC(32641) PSYoungGen: 82560K(84480K)->1728K(84480K) Eden: 81920K(81920K)->0K(81920K) From: 640K(2560K)->1728K(2560K)
[13516.931s][info][gc,heap        ] GC(32641) ParOldGen: 286684K(286720K)->288796K(289792K)
[13516.931s][info][gc,metaspace   ] GC(32641) Metaspace: 62147K(62464K)->62147K(62464K) NonClass: 56615K(56832K)->56615K(56832K) Class: 5532K(5632K)->5532K(5632K)
[13516.931s][info][gc             ] GC(32641) Pause Young (Allocation Failure) 360M->283M(365M) 4.187ms
[13516.931s][info][gc,cpu         ] GC(32641) User=0.00s Sys=0.00s Real=0.01s
[13517.324s][info][gc,start       ] GC(32642) Pause Young (Allocation Failure)
[13517.327s][info][gc,heap        ] GC(32642) PSYoungGen: 83648K(84480K)->1600K(84480K) Eden: 81920K(81920K)->0K(81920K) From: 1728K(2560K)->1600K(2560K)
[13517.327s][info][gc,heap        ] GC(32642) ParOldGen: 288796K(289792K)->288908K(289792K)
[13517.327s][info][gc,metaspace   ] GC(32642) Metaspace: 62147K(62464K)->62147K(62464K) NonClass: 56615K(56832K)->56615K(56832K) Class: 5532K(5632K)->5532K(5632K)
[13517.327s][info][gc             ] GC(32642) Pause Young (Allocation Failure) 363M->283M(365M) 2.979ms
[13517.327s][info][gc,cpu         ] GC(32642) User=0.01s Sys=0.00s Real=0.00s
[13517.751s][info][gc,start       ] GC(32643) Pause Young (Allocation Failure)
[13517.753s][info][gc,heap        ] GC(32643) PSYoungGen: 83520K(84480K)->384K(84480K) Eden: 81920K(81920K)->0K(81920K) From: 1600K(2560K)->384K(2560K)
[13517.753s][info][gc,heap        ] GC(32643) ParOldGen: 288908K(289792K)->288972K(289792K)
[13517.753s][info][gc,metaspace   ] GC(32643) Metaspace: 62147K(62464K)->62147K(62464K) NonClass: 56615K(56832K)->56615K(56832K) Class: 5532K(5632K)->5532K(5632K)
[13517.753s][info][gc             ] GC(32643) Pause Young (Allocation Failure) 363M->282M(365M) 1.902ms
[13517.753s][info][gc,cpu         ] GC(32643) User=0.01s Sys=0.01s Real=0.01s
[13518.143s][info][gc,start       ] GC(32644) Pause Young (Allocation Failure)
[13518.145s][info][gc,heap        ] GC(32644) PSYoungGen: 82304K(84480K)->256K(84480K) Eden: 81920K(81920K)->0K(81920K) From: 384K(2560K)->256K(2560K)
[13518.145s][info][gc,heap        ] GC(32644) ParOldGen: 288972K(289792K)->289044K(289792K)
[13518.145s][info][gc,metaspace   ] GC(32644) Metaspace: 62147K(62464K)->62147K(62464K) NonClass: 56615K(56832K)->56615K(56832K) Class: 5532K(5632K)->5532K(5632K)
[13518.145s][info][gc             ] GC(32644) Pause Young (Allocation Failure) 362M->282M(365M) 1.916ms
[13518.145s][info][gc,cpu         ] GC(32644) User=0.00s Sys=0.00s Real=0.00s
[13518.549s][info][gc,start       ] GC(32645) Pause Young (Allocation Failure)
[13518.551s][info][gc,heap        ] GC(32645) PSYoungGen: 82176K(84480K)->320K(84480K) Eden: 81920K(81920K)->0K(81920K) From: 256K(2560K)->320K(2560K)
[13518.551s][info][gc,heap        ] GC(32645) ParOldGen: 289044K(289792K)->289116K(289792K)
[13518.551s][info][gc,metaspace   ] GC(32645) Metaspace: 62147K(62464K)->62147K(62464K) NonClass: 56615K(56832K)->56615K(56832K) Class: 5532K(5632K)->5532K(5632K)
[13518.551s][info][gc             ] GC(32645) Pause Young (Allocation Failure) 362M->282M(365M) 1.949ms
[13518.551s][info][gc,cpu         ] GC(32645) User=0.01s Sys=0.00s Real=0.01s
[13518.951s][info][gc,start       ] GC(32646) Pause Young (Allocation Failure)
[13518.953s][info][gc,heap        ] GC(32646) PSYoungGen: 82240K(84480K)->416K(84480K) Eden: 81920K(81920K)->0K(81920K) From: 320K(2560K)->416K(2560K)
[13518.953s][info][gc,heap        ] GC(32646) ParOldGen: 289116K(289792K)->289188K(289792K)
[13518.953s][info][gc,metaspace   ] GC(32646) Metaspace: 62147K(62464K)->62147K(62464K) NonClass: 56615K(56832K)->56615K(56832K) Class: 5532K(5632K)->5532K(5632K)
[13518.953s][info][gc             ] GC(32646) Pause Young (Allocation Failure) 362M->282M(365M) 1.985ms
[13518.953s][info][gc,cpu         ] GC(32646) User=0.00s Sys=0.01s Real=0.00s
[13519.369s][info][gc,start       ] GC(32647) Pause Young (Allocation Failure)
[13519.371s][info][gc,heap        ] GC(32647) PSYoungGen: 82336K(84480K)->672K(84480K) Eden: 81920K(81920K)->0K(81920K) From: 416K(2560K)->672K(2560K)
[13519.371s][info][gc,heap        ] GC(32647) ParOldGen: 289188K(289792K)->289252K(289792K)
[13519.371s][info][gc,metaspace   ] GC(32647) Metaspace: 62147K(62464K)->62147K(62464K) NonClass: 56615K(56832K)->56615K(56832K) Class: 5532K(5632K)->5532K(5632K)
[13519.371s][info][gc             ] GC(32647) Pause Young (Allocation Failure) 362M->283M(365M) 2.230ms
[13519.371s][info][gc,cpu         ] GC(32647) User=0.00s Sys=0.00s Real=0.01s
[13519.768s][info][gc,start       ] GC(32648) Pause Young (Allocation Failure)
[13519.770s][info][gc,heap        ] GC(32648) PSYoungGen: 82592K(84480K)->640K(84480K) Eden: 81920K(81920K)->0K(81920K) From: 672K(2560K)->640K(2560K)
[13519.770s][info][gc,heap        ] GC(32648) ParOldGen: 289252K(289792K)->289316K(289792K)
[13519.770s][info][gc,metaspace   ] GC(32648) Metaspace: 62147K(62464K)->62147K(62464K) NonClass: 56615K(56832K)->56615K(56832K) Class: 5532K(5632K)->5532K(5632K)
[13519.770s][info][gc             ] GC(32648) Pause Young (Allocation Failure) 363M->283M(365M) 2.168ms
[13519.770s][info][gc,cpu         ] GC(32648) User=0.00s Sys=0.00s Real=0.00s
[13520.200s][info][gc,start       ] GC(32649) Pause Young (Allocation Failure)
[13520.202s][info][gc,heap        ] GC(32649) PSYoungGen: 82560K(84480K)->1216K(84480K) Eden: 81920K(81920K)->0K(81920K) From: 640K(2560K)->1216K(2560K)
[13520.202s][info][gc,heap        ] GC(32649) ParOldGen: 289316K(289792K)->289388K(289792K)
[13520.202s][info][gc,metaspace   ] GC(32649) Metaspace: 62147K(62464K)->62147K(62464K) NonClass: 56615K(56832K)->56615K(56832K) Class: 5532K(5632K)->5532K(5632K)
[13520.202s][info][gc             ] GC(32649) Pause Young (Allocation Failure) 363M->283M(365M) 2.583ms
[13520.202s][info][gc,cpu         ] GC(32649) User=0.00s Sys=0.00s Real=0.01s
[13520.582s][info][gc,start       ] GC(32650) Pause Young (Allocation Failure)
[13520.584s][info][gc,heap        ] GC(32650) PSYoungGen: 83136K(84480K)->960K(84480K) Eden: 81920K(81920K)->0K(81920K) From: 1216K(2560K)->960K(2560K)
[13520.584s][info][gc,heap        ] GC(32650) ParOldGen: 289388K(289792K)->289452K(289792K)
[13520.584s][info][gc,metaspace   ] GC(32650) Metaspace: 62147K(62464K)->62147K(62464K) NonClass: 56615K(56832K)->56615K(56832K) Class: 5532K(5632K)->5532K(5632K)
[13520.584s][info][gc             ] GC(32650) Pause Young (Allocation Failure) 363M->283M(365M) 2.334ms
[13520.584s][info][gc,cpu         ] GC(32650) User=0.01s Sys=0.00s Real=0.00s
[13520.964s][info][gc,start       ] GC(32651) Pause Young (Allocation Failure)
[13520.966s][info][gc,heap        ] GC(32651) PSYoungGen: 82880K(84480K)->608K(84480K) Eden: 81920K(81920K)->0K(81920K) From: 960K(2560K)->608K(2560K)
[13520.966s][info][gc,heap        ] GC(32651) ParOldGen: 289452K(289792K)->289524K(289792K)
[13520.966s][info][gc,metaspace   ] GC(32651) Metaspace: 62147K(62464K)->62147K(62464K) NonClass: 56615K(56832K)->56615K(56832K) Class: 5532K(5632K)->5532K(5632K)
[13520.966s][info][gc             ] GC(32651) Pause Young (Allocation Failure) 363M->283M(365M) 2.071ms
[13520.966s][info][gc,cpu         ] GC(32651) User=0.01s Sys=0.00s Real=0.00s
[13521.329s][info][gc,start       ] GC(32652) Pause Young (Allocation Failure)
[13521.332s][info][gc,heap        ] GC(32652) PSYoungGen: 82528K(84480K)->1792K(83968K) Eden: 81920K(81920K)->0K(81920K) From: 608K(2560K)->1792K(2048K)
[13521.332s][info][gc,heap        ] GC(32652) ParOldGen: 289524K(289792K)->289588K(289792K)
[13521.332s][info][gc,metaspace   ] GC(32652) Metaspace: 62147K(62464K)->62147K(62464K) NonClass: 56615K(56832K)->56615K(56832K) Class: 5532K(5632K)->5532K(5632K)
[13521.332s][info][gc             ] GC(32652) Pause Young (Allocation Failure) 363M->284M(365M) 3.035ms
[13521.332s][info][gc,cpu         ] GC(32652) User=0.01s Sys=0.00s Real=0.01s
[13521.709s][info][gc,start       ] GC(32653) Pause Young (Allocation Failure)
[13521.712s][info][gc,heap        ] GC(32653) PSYoungGen: 83712K(83968K)->2432K(84480K) Eden: 81920K(81920K)->0K(81920K) From: 1792K(2048K)->2432K(2560K)
[13521.713s][info][gc,heap        ] GC(32653) ParOldGen: 289588K(289792K)->290676K(291328K)
[13521.713s][info][gc,metaspace   ] GC(32653) Metaspace: 62147K(62464K)->62147K(62464K) NonClass: 56615K(56832K)->56615K(56832K) Class: 5532K(5632K)->5532K(5632K)
[13521.713s][info][gc             ] GC(32653) Pause Young (Allocation Failure) 364M->286M(367M) 3.526ms
[13521.713s][info][gc,cpu         ] GC(32653) User=0.00s Sys=0.00s Real=0.01s
[13522.106s][info][gc,start       ] GC(32654) Pause Young (Allocation Failure)
[13522.110s][info][gc,heap        ] GC(32654) PSYoungGen: 84352K(84480K)->1184K(84480K) Eden: 81920K(81920K)->0K(81920K) From: 2432K(2560K)->1184K(2560K)
[13522.110s][info][gc,heap        ] GC(32654) ParOldGen: 290676K(291328K)->292788K(292864K)
[13522.111s][info][gc,metaspace   ] GC(32654) Metaspace: 62147K(62464K)->62147K(62464K) NonClass: 56615K(56832K)->56615K(56832K) Class: 5532K(5632K)->5532K(5632K)
[13522.111s][info][gc             ] GC(32654) Pause Young (Allocation Failure) 366M->287M(368M) 4.074ms
[13522.111s][info][gc,cpu         ] GC(32654) User=0.00s Sys=0.00s Real=0.00s
[13522.462s][info][gc,start       ] GC(32655) Pause Young (Allocation Failure)
[13522.464s][info][gc,heap        ] GC(32655) PSYoungGen: 83104K(84480K)->640K(84480K) Eden: 81920K(81920K)->0K(81920K) From: 1184K(2560K)->640K(2560K)
[13522.464s][info][gc,heap        ] GC(32655) ParOldGen: 292788K(292864K)->292860K(292864K)
[13522.464s][info][gc,metaspace   ] GC(32655) Metaspace: 62147K(62464K)->62147K(62464K) NonClass: 56615K(56832K)->56615K(56832K) Class: 5532K(5632K)->5532K(5632K)
[13522.464s][info][gc             ] GC(32655) Pause Young (Allocation Failure) 367M->286M(368M) 2.067ms
[13522.464s][info][gc,cpu         ] GC(32655) User=0.00s Sys=0.00s Real=0.00s
[13522.794s][info][gc,start       ] GC(32656) Pause Young (Allocation Failure)
[13522.797s][info][gc,heap        ] GC(32656) PSYoungGen: 82560K(84480K)->1248K(84480K) Eden: 81920K(81920K)->0K(81920K) From: 640K(2560K)->1248K(2560K)
[13522.797s][info][gc,heap        ] GC(32656) ParOldGen: 292860K(292864K)->292932K(293376K)
[13522.797s][info][gc,metaspace   ] GC(32656) Metaspace: 62147K(62464K)->62147K(62464K) NonClass: 56615K(56832K)->56615K(56832K) Class: 5532K(5632K)->5532K(5632K)
[13522.797s][info][gc             ] GC(32656) Pause Young (Allocation Failure) 366M->287M(369M) 2.803ms
[13522.797s][info][gc,cpu         ] GC(32656) User=0.00s Sys=0.00s Real=0.00s
[13523.251s][info][gc,start       ] GC(32657) Pause Young (Allocation Failure)
[13523.253s][info][gc,heap        ] GC(32657) PSYoungGen: 83168K(84480K)->352K(84480K) Eden: 81920K(81920K)->0K(81920K) From: 1248K(2560K)->352K(2560K)
[13523.253s][info][gc,heap        ] GC(32657) ParOldGen: 292932K(293376K)->292996K(293376K)
[13523.253s][info][gc,metaspace   ] GC(32657) Metaspace: 62147K(62464K)->62147K(62464K) NonClass: 56615K(56832K)->56615K(56832K) Class: 5532K(5632K)->5532K(5632K)
[13523.253s][info][gc             ] GC(32657) Pause Young (Allocation Failure) 367M->286M(369M) 1.988ms
[13523.253s][info][gc,cpu         ] GC(32657) User=0.00s Sys=0.00s Real=0.00s
[13523.667s][info][gc,start       ] GC(32658) Pause Young (Allocation Failure)
[13523.669s][info][gc,heap        ] GC(32658) PSYoungGen: 82272K(84480K)->640K(84480K) Eden: 81920K(81920K)->0K(81920K) From: 352K(2560K)->640K(2560K)
[13523.669s][info][gc,heap        ] GC(32658) ParOldGen: 292996K(293376K)->293060K(293376K)
[13523.669s][info][gc,metaspace   ] GC(32658) Metaspace: 62147K(62464K)->62147K(62464K) NonClass: 56615K(56832K)->56615K(56832K) Class: 5532K(5632K)->5532K(5632K)
[13523.669s][info][gc             ] GC(32658) Pause Young (Allocation Failure) 366M->286M(369M) 2.234ms
[13523.669s][info][gc,cpu         ] GC(32658) User=0.01s Sys=0.00s Real=0.00s
[13524.155s][info][gc,start       ] GC(32659) Pause Young (Allocation Failure)
[13524.157s][info][gc,heap        ] GC(32659) PSYoungGen: 82560K(84480K)->448K(84480K) Eden: 81920K(81920K)->0K(81920K) From: 640K(2560K)->448K(2560K)
[13524.157s][info][gc,heap        ] GC(32659) ParOldGen: 293060K(293376K)->293124K(293376K)
[13524.157s][info][gc,metaspace   ] GC(32659) Metaspace: 62147K(62464K)->62147K(62464K) NonClass: 56615K(56832K)->56615K(56832K) Class: 5532K(5632K)->5532K(5632K)
[13524.157s][info][gc             ] GC(32659) Pause Young (Allocation Failure) 366M->286M(369M) 2.105ms
[13524.157s][info][gc,cpu         ] GC(32659) User=0.00s Sys=0.00s Real=0.00s
[13524.590s][info][gc,start       ] GC(32660) Pause Young (Allocation Failure)
[13524.592s][info][gc,heap        ] GC(32660) PSYoungGen: 82368K(84480K)->960K(84480K) Eden: 81920K(81920K)->0K(81920K) From: 448K(2560K)->960K(2560K)
[13524.592s][info][gc,heap        ] GC(32660) ParOldGen: 293124K(293376K)->293244K(293376K)
[13524.592s][info][gc,metaspace   ] GC(32660) Metaspace: 62147K(62464K)->62147K(62464K) NonClass: 56615K(56832K)->56615K(56832K) Class: 5532K(5632K)->5532K(5632K)
[13524.592s][info][gc             ] GC(32660) Pause Young (Allocation Failure) 366M->287M(369M) 2.575ms
[13524.592s][info][gc,cpu         ] GC(32660) User=0.01s Sys=0.00s Real=0.01s
[13524.993s][info][gc,start       ] GC(32661) Pause Young (Allocation Failure)
[13524.996s][info][gc,heap        ] GC(32661) PSYoungGen: 82880K(84480K)->1184K(84480K) Eden: 81920K(81920K)->0K(81920K) From: 960K(2560K)->1184K(2560K)
[13524.996s][info][gc,heap        ] GC(32661) ParOldGen: 293244K(293376K)->293308K(293376K)
[13524.996s][info][gc,metaspace   ] GC(32661) Metaspace: 62147K(62464K)->62147K(62464K) NonClass: 56615K(56832K)->56615K(56832K) Class: 5532K(5632K)->5532K(5632K)
[13524.996s][info][gc             ] GC(32661) Pause Young (Allocation Failure) 367M->287M(369M) 2.731ms
[13524.996s][info][gc,cpu         ] GC(32661) User=0.01s Sys=0.00s Real=0.00s
[13525.470s][info][gc,start       ] GC(32662) Pause Young (Allocation Failure)
[13525.472s][info][gc,heap        ] GC(32662) PSYoungGen: 83104K(84480K)->672K(84480K) Eden: 81920K(81920K)->0K(81920K) From: 1184K(2560K)->672K(2560K)
[13525.472s][info][gc,heap        ] GC(32662) ParOldGen: 293308K(293376K)->293372K(293376K)
[13525.472s][info][gc,metaspace   ] GC(32662) Metaspace: 62147K(62464K)->62147K(62464K) NonClass: 56615K(56832K)->56615K(56832K) Class: 5532K(5632K)->5532K(5632K)
[13525.473s][info][gc             ] GC(32662) Pause Young (Allocation Failure) 367M->287M(369M) 2.361ms
[13525.473s][info][gc,cpu         ] GC(32662) User=0.01s Sys=0.00s Real=0.01s
[13525.878s][info][gc,start       ] GC(32663) Pause Young (Allocation Failure)
[13525.881s][info][gc,heap        ] GC(32663) PSYoungGen: 82592K(84480K)->896K(84480K) Eden: 81920K(81920K)->0K(81920K) From: 672K(2560K)->896K(2560K)
[13525.881s][info][gc,heap        ] GC(32663) ParOldGen: 293372K(293376K)->293444K(293888K)
[13525.881s][info][gc,metaspace   ] GC(32663) Metaspace: 62147K(62464K)->62147K(62464K) NonClass: 56615K(56832K)->56615K(56832K) Class: 5532K(5632K)->5532K(5632K)
[13525.881s][info][gc             ] GC(32663) Pause Young (Allocation Failure) 367M->287M(369M) 2.421ms
[13525.881s][info][gc,cpu         ] GC(32663) User=0.01s Sys=0.00s Real=0.00s
[13526.251s][info][gc,start       ] GC(32664) Pause Young (Allocation Failure)
[13526.254s][info][gc,heap        ] GC(32664) PSYoungGen: 82816K(84480K)->1408K(84992K) Eden: 81920K(81920K)->0K(82944K) From: 896K(2560K)->1408K(2048K)
[13526.254s][info][gc,heap        ] GC(32664) ParOldGen: 293444K(293888K)->294540K(295424K)
[13526.254s][info][gc,metaspace   ] GC(32664) Metaspace: 62147K(62464K)->62147K(62464K) NonClass: 56615K(56832K)->56615K(56832K) Class: 5532K(5632K)->5532K(5632K)
[13526.254s][info][gc             ] GC(32664) Pause Young (Allocation Failure) 367M->289M(371M) 2.885ms
[13526.254s][info][gc,cpu         ] GC(32664) User=0.00s Sys=0.01s Real=0.01s
[13526.653s][info][gc,start       ] GC(32665) Pause Young (Allocation Failure)
[13526.656s][info][gc,heap        ] GC(32665) PSYoungGen: 84352K(84992K)->416K(84992K) Eden: 82944K(82944K)->0K(82944K) From: 1408K(2048K)->416K(2048K)
[13526.656s][info][gc,heap        ] GC(32665) ParOldGen: 294540K(295424K)->296652K(296960K)
[13526.656s][info][gc,metaspace   ] GC(32665) Metaspace: 62147K(62464K)->62147K(62464K) NonClass: 56615K(56832K)->56615K(56832K) Class: 5532K(5632K)->5532K(5632K)
[13526.656s][info][gc             ] GC(32665) Pause Young (Allocation Failure) 370M->290M(373M) 3.066ms
[13526.656s][info][gc,cpu         ] GC(32665) User=0.00s Sys=0.01s Real=0.00s
[13527.026s][info][gc,start       ] GC(32666) Pause Young (Allocation Failure)
[13527.029s][info][gc,heap        ] GC(32666) PSYoungGen: 83360K(84992K)->1984K(83968K) Eden: 82944K(82944K)->0K(81920K) From: 416K(2048K)->1984K(2048K)
[13527.029s][info][gc,heap        ] GC(32666) ParOldGen: 296652K(296960K)->296716K(296960K)
[13527.029s][info][gc,metaspace   ] GC(32666) Metaspace: 62147K(62464K)->62147K(62464K) NonClass: 56615K(56832K)->56615K(56832K) Class: 5532K(5632K)->5532K(5632K)
[13527.029s][info][gc             ] GC(32666) Pause Young (Allocation Failure) 371M->291M(372M) 3.271ms
[13527.029s][info][gc,cpu         ] GC(32666) User=0.01s Sys=0.00s Real=0.00s
[13527.438s][info][gc,start       ] GC(32667) Pause Young (Allocation Failure)
[13527.441s][info][gc,heap        ] GC(32667) PSYoungGen: 83904K(83968K)->1728K(84480K) Eden: 81920K(81920K)->0K(81920K) From: 1984K(2048K)->1728K(2560K)
[13527.441s][info][gc,heap        ] GC(32667) ParOldGen: 296716K(296960K)->296780K(296960K)
[13527.441s][info][gc,metaspace   ] GC(32667) Metaspace: 62147K(62464K)->62147K(62464K) NonClass: 56615K(56832K)->56615K(56832K) Class: 5532K(5632K)->5532K(5632K)
[13527.442s][info][gc             ] GC(32667) Pause Young (Allocation Failure) 371M->291M(372M) 3.014ms
[13527.442s][info][gc,cpu         ] GC(32667) User=0.01s Sys=0.00s Real=0.01s
[13527.811s][info][gc,start       ] GC(32668) Pause Young (Allocation Failure)
[13527.814s][info][gc,heap        ] GC(32668) PSYoungGen: 83648K(84480K)->1472K(84480K) Eden: 81920K(81920K)->0K(81920K) From: 1728K(2560K)->1472K(2560K)
[13527.814s][info][gc,heap        ] GC(32668) ParOldGen: 296780K(296960K)->296852K(296960K)
[13527.814s][info][gc,metaspace   ] GC(32668) Metaspace: 62147K(62464K)->62147K(62464K) NonClass: 56615K(56832K)->56615K(56832K) Class: 5532K(5632K)->5532K(5632K)
[13527.814s][info][gc             ] GC(32668) Pause Young (Allocation Failure) 371M->291M(372M) 2.842ms
[13527.814s][info][gc,cpu         ] GC(32668) User=0.01s Sys=0.00s Real=0.01s
[13528.184s][info][gc,start       ] GC(32669) Pause Young (Allocation Failure)
[13528.186s][info][gc,heap        ] GC(32669) PSYoungGen: 83392K(84480K)->992K(84480K) Eden: 81920K(81920K)->0K(81920K) From: 1472K(2560K)->992K(2560K)
[13528.186s][info][gc,heap        ] GC(32669) ParOldGen: 296852K(296960K)->296924K(296960K)
[13528.186s][info][gc,metaspace   ] GC(32669) Metaspace: 62147K(62464K)->62147K(62464K) NonClass: 56615K(56832K)->56615K(56832K) Class: 5532K(5632K)->5532K(5632K)
[13528.186s][info][gc             ] GC(32669) Pause Young (Allocation Failure) 371M->290M(372M) 2.419ms
[13528.186s][info][gc,cpu         ] GC(32669) User=0.01s Sys=0.00s Real=0.00s
[13528.546s][info][gc,start       ] GC(32670) Pause Young (Allocation Failure)
[13528.548s][info][gc,heap        ] GC(32670) PSYoungGen: 82912K(84480K)->352K(84480K) Eden: 81920K(81920K)->0K(81920K) From: 992K(2560K)->352K(2560K)
[13528.548s][info][gc,heap        ] GC(32670) ParOldGen: 296924K(296960K)->296996K(297472K)
[13528.548s][info][gc,metaspace   ] GC(32670) Metaspace: 62147K(62464K)->62147K(62464K) NonClass: 56615K(56832K)->56615K(56832K) Class: 5532K(5632K)->5532K(5632K)
[13528.548s][info][gc             ] GC(32670) Pause Young (Allocation Failure) 370M->290M(373M) 1.992ms
[13528.548s][info][gc,cpu         ] GC(32670) User=0.00s Sys=0.00s Real=0.00s
[13528.996s][info][gc,start       ] GC(32671) Pause Young (Allocation Failure)
[13528.999s][info][gc,heap        ] GC(32671) PSYoungGen: 82272K(84480K)->1088K(84480K) Eden: 81920K(81920K)->0K(81920K) From: 352K(2560K)->1088K(2560K)
[13528.999s][info][gc,heap        ] GC(32671) ParOldGen: 296996K(297472K)->297068K(297472K)
[13528.999s][info][gc,metaspace   ] GC(32671) Metaspace: 62147K(62464K)->62147K(62464K) NonClass: 56615K(56832K)->56615K(56832K) Class: 5532K(5632K)->5532K(5632K)
[13528.999s][info][gc             ] GC(32671) Pause Young (Allocation Failure) 370M->291M(373M) 2.478ms
[13528.999s][info][gc,cpu         ] GC(32671) User=0.01s Sys=0.00s Real=0.00s
[13529.407s][info][gc,start       ] GC(32672) Pause Young (Allocation Failure)
[13529.410s][info][gc,heap        ] GC(32672) PSYoungGen: 83008K(84480K)->1280K(84480K) Eden: 81920K(81920K)->0K(81920K) From: 1088K(2560K)->1280K(2560K)
[13529.410s][info][gc,heap        ] GC(32672) ParOldGen: 297068K(297472K)->297132K(297472K)
[13529.410s][info][gc,metaspace   ] GC(32672) Metaspace: 62147K(62464K)->62147K(62464K) NonClass: 56615K(56832K)->56615K(56832K) Class: 5532K(5632K)->5532K(5632K)
[13529.410s][info][gc             ] GC(32672) Pause Young (Allocation Failure) 371M->291M(373M) 2.621ms
[13529.410s][info][gc,cpu         ] GC(32672) User=0.00s Sys=0.00s Real=0.00s
[13529.776s][info][gc,start       ] GC(32673) Pause Young (Allocation Failure)
[13529.778s][info][gc,heap        ] GC(32673) PSYoungGen: 83200K(84480K)->864K(84480K) Eden: 81920K(81920K)->0K(81920K) From: 1280K(2560K)->864K(2560K)
[13529.778s][info][gc,heap        ] GC(32673) ParOldGen: 297132K(297472K)->297204K(297472K)
[13529.778s][info][gc,metaspace   ] GC(32673) Metaspace: 62147K(62464K)->62147K(62464K) NonClass: 56615K(56832K)->56615K(56832K) Class: 5532K(5632K)->5532K(5632K)
[13529.778s][info][gc             ] GC(32673) Pause Young (Allocation Failure) 371M->291M(373M) 2.327ms
[13529.778s][info][gc,cpu         ] GC(32673) User=0.00s Sys=0.00s Real=0.00s
[13530.162s][info][gc,start       ] GC(32674) Pause Young (Allocation Failure)
[13530.164s][info][gc,heap        ] GC(32674) PSYoungGen: 82784K(84480K)->544K(84480K) Eden: 81920K(81920K)->0K(81920K) From: 864K(2560K)->544K(2560K)
[13530.164s][info][gc,heap        ] GC(32674) ParOldGen: 297204K(297472K)->297276K(297472K)
[13530.164s][info][gc,metaspace   ] GC(32674) Metaspace: 62147K(62464K)->62147K(62464K) NonClass: 56615K(56832K)->56615K(56832K) Class: 5532K(5632K)->5532K(5632K)
[13530.164s][info][gc             ] GC(32674) Pause Young (Allocation Failure) 371M->290M(373M) 2.071ms
[13530.164s][info][gc,cpu         ] GC(32674) User=0.01s Sys=0.00s Real=0.00s
[13530.576s][info][gc,start       ] GC(32675) Pause Young (Allocation Failure)
[13530.579s][info][gc,heap        ] GC(32675) PSYoungGen: 82464K(84480K)->1824K(84480K) Eden: 81920K(81920K)->0K(81920K) From: 544K(2560K)->1824K(2560K)
[13530.579s][info][gc,heap        ] GC(32675) ParOldGen: 297276K(297472K)->298372K(299008K)
[13530.579s][info][gc,metaspace   ] GC(32675) Metaspace: 62147K(62464K)->62147K(62464K) NonClass: 56615K(56832K)->56615K(56832K) Class: 5532K(5632K)->5532K(5632K)
[13530.579s][info][gc             ] GC(32675) Pause Young (Allocation Failure) 370M->293M(374M) 3.081ms
[13530.579s][info][gc,cpu         ] GC(32675) User=0.00s Sys=0.00s Real=0.00s
[13530.938s][info][gc,start       ] GC(32676) Pause Young (Allocation Failure)
[13530.943s][info][gc,heap        ] GC(32676) PSYoungGen: 83744K(84480K)->1984K(84480K) Eden: 81920K(81920K)->0K(81920K) From: 1824K(2560K)->1984K(2560K)
[13530.943s][info][gc,heap        ] GC(32676) ParOldGen: 298372K(299008K)->300484K(300544K)
[13530.943s][info][gc,metaspace   ] GC(32676) Metaspace: 62147K(62464K)->62147K(62464K) NonClass: 56615K(56832K)->56615K(56832K) Class: 5532K(5632K)->5532K(5632K)
[13530.943s][info][gc             ] GC(32676) Pause Young (Allocation Failure) 373M->295M(376M) 4.278ms
[13530.943s][info][gc,cpu         ] GC(32676) User=0.01s Sys=0.00s Real=0.01s
[13531.416s][info][gc,start       ] GC(32677) Pause Young (Allocation Failure)
[13531.418s][info][gc,heap        ] GC(32677) PSYoungGen: 83904K(84480K)->1392K(84480K) Eden: 81920K(81920K)->0K(81920K) From: 1984K(2560K)->1392K(2560K)
[13531.418s][info][gc,heap        ] GC(32677) ParOldGen: 300484K(300544K)->300548K(301056K)
[13531.418s][info][gc,metaspace   ] GC(32677) Metaspace: 62147K(62464K)->62147K(62464K) NonClass: 56615K(56832K)->56615K(56832K) Class: 5532K(5632K)->5532K(5632K)
[13531.418s][info][gc             ] GC(32677) Pause Young (Allocation Failure) 375M->294M(376M) 2.849ms
[13531.418s][info][gc,cpu         ] GC(32677) User=0.00s Sys=0.00s Real=0.00s
[13531.824s][info][gc,start       ] GC(32678) Pause Young (Allocation Failure)
[13531.827s][info][gc,heap        ] GC(32678) PSYoungGen: 83312K(84480K)->1760K(84480K) Eden: 81920K(81920K)->0K(81920K) From: 1392K(2560K)->1760K(2560K)
[13531.827s][info][gc,heap        ] GC(32678) ParOldGen: 300548K(301056K)->300668K(301056K)
[13531.827s][info][gc,metaspace   ] GC(32678) Metaspace: 62147K(62464K)->62147K(62464K) NonClass: 56615K(56832K)->56615K(56832K) Class: 5532K(5632K)->5532K(5632K)
[13531.827s][info][gc             ] GC(32678) Pause Young (Allocation Failure) 374M->295M(376M) 3.052ms
[13531.827s][info][gc,cpu         ] GC(32678) User=0.00s Sys=0.00s Real=0.00s
[13532.221s][info][gc,start       ] GC(32679) Pause Young (Allocation Failure)
[13532.223s][info][gc,heap        ] GC(32679) PSYoungGen: 83680K(84480K)->1376K(84480K) Eden: 81920K(81920K)->0K(81920K) From: 1760K(2560K)->1376K(2560K)
[13532.223s][info][gc,heap        ] GC(32679) ParOldGen: 300668K(301056K)->300732K(301056K)
[13532.223s][info][gc,metaspace   ] GC(32679) Metaspace: 62147K(62464K)->62147K(62464K) NonClass: 56615K(56832K)->56615K(56832K) Class: 5532K(5632K)->5532K(5632K)
[13532.223s][info][gc             ] GC(32679) Pause Young (Allocation Failure) 375M->295M(376M) 2.790ms
[13532.223s][info][gc,cpu         ] GC(32679) User=0.00s Sys=0.00s Real=0.01s
[13532.593s][info][gc,start       ] GC(32680) Pause Young (Allocation Failure)
[13532.595s][info][gc,heap        ] GC(32680) PSYoungGen: 83296K(84480K)->1120K(84480K) Eden: 81920K(81920K)->0K(81920K) From: 1376K(2560K)->1120K(2560K)
[13532.595s][info][gc,heap        ] GC(32680) ParOldGen: 300732K(301056K)->300804K(301056K)
[13532.595s][info][gc,metaspace   ] GC(32680) Metaspace: 62147K(62464K)->62147K(62464K) NonClass: 56615K(56832K)->56615K(56832K) Class: 5532K(5632K)->5532K(5632K)
[13532.595s][info][gc             ] GC(32680) Pause Young (Allocation Failure) 375M->294M(376M) 2.521ms
[13532.595s][info][gc,cpu         ] GC(32680) User=0.00s Sys=0.00s Real=0.00s
[13532.970s][info][gc,start       ] GC(32681) Pause Young (Allocation Failure)
[13532.972s][info][gc,heap        ] GC(32681) PSYoungGen: 83040K(84480K)->800K(84480K) Eden: 81920K(81920K)->0K(81920K) From: 1120K(2560K)->800K(2560K)
[13532.972s][info][gc,heap        ] GC(32681) ParOldGen: 300804K(301056K)->300868K(301056K)
[13532.972s][info][gc,metaspace   ] GC(32681) Metaspace: 62147K(62464K)->62147K(62464K) NonClass: 56615K(56832K)->56615K(56832K) Class: 5532K(5632K)->5532K(5632K)
[13532.972s][info][gc             ] GC(32681) Pause Young (Allocation Failure) 374M->294M(376M) 2.264ms
[13532.972s][info][gc,cpu         ] GC(32681) User=0.00s Sys=0.00s Real=0.01s
[13533.357s][info][gc,start       ] GC(32682) Pause Young (Allocation Failure)
[13533.359s][info][gc,heap        ] GC(32682) PSYoungGen: 82720K(84480K)->512K(84480K) Eden: 81920K(81920K)->0K(81920K) From: 800K(2560K)->512K(2560K)
[13533.359s][info][gc,heap        ] GC(32682) ParOldGen: 300868K(301056K)->300932K(301056K)
[13533.359s][info][gc,metaspace   ] GC(32682) Metaspace: 62147K(62464K)->62147K(62464K) NonClass: 56615K(56832K)->56615K(56832K) Class: 5532K(5632K)->5532K(5632K)
[13533.359s][info][gc             ] GC(32682) Pause Young (Allocation Failure) 374M->294M(376M) 2.076ms
[13533.359s][info][gc,cpu         ] GC(32682) User=0.01s Sys=0.00s Real=0.00s
[13533.742s][info][gc,start       ] GC(32683) Pause Young (Allocation Failure)
[13533.744s][info][gc,heap        ] GC(32683) PSYoungGen: 82432K(84480K)->224K(84480K) Eden: 81920K(81920K)->0K(81920K) From: 512K(2560K)->224K(2560K)
[13533.744s][info][gc,heap        ] GC(32683) ParOldGen: 300932K(301056K)->300996K(301056K)
[13533.744s][info][gc,metaspace   ] GC(32683) Metaspace: 62147K(62464K)->62147K(62464K) NonClass: 56615K(56832K)->56615K(56832K) Class: 5532K(5632K)->5532K(5632K)
[13533.744s][info][gc             ] GC(32683) Pause Young (Allocation Failure) 374M->294M(376M) 1.807ms
[13533.744s][info][gc,cpu         ] GC(32683) User=0.00s Sys=0.00s Real=0.00s
[13534.075s][info][gc,start       ] GC(32684) Pause Young (Allocation Failure)
[13534.078s][info][gc,heap        ] GC(32684) PSYoungGen: 82144K(84480K)->928K(84480K) Eden: 81920K(81920K)->0K(81920K) From: 224K(2560K)->928K(2560K)
[13534.078s][info][gc,heap        ] GC(32684) ParOldGen: 300996K(301056K)->301068K(301568K)
[13534.078s][info][gc,metaspace   ] GC(32684) Metaspace: 62147K(62464K)->62147K(62464K) NonClass: 56615K(56832K)->56615K(56832K) Class: 5532K(5632K)->5532K(5632K)
[13534.078s][info][gc             ] GC(32684) Pause Young (Allocation Failure) 374M->294M(377M) 2.753ms
[13534.078s][info][gc,cpu         ] GC(32684) User=0.01s Sys=0.00s Real=0.00s
[13534.424s][info][gc,start       ] GC(32685) Pause Young (Allocation Failure)
[13534.427s][info][gc,heap        ] GC(32685) PSYoungGen: 82848K(84480K)->1920K(84480K) Eden: 81920K(81920K)->0K(81920K) From: 928K(2560K)->1920K(2560K)
[13534.427s][info][gc,heap        ] GC(32685) ParOldGen: 301068K(301568K)->301140K(301568K)
[13534.427s][info][gc,metaspace   ] GC(32685) Metaspace: 62147K(62464K)->62147K(62464K) NonClass: 56615K(56832K)->56615K(56832K) Class: 5532K(5632K)->5532K(5632K)
[13534.427s][info][gc             ] GC(32685) Pause Young (Allocation Failure) 374M->295M(377M) 3.075ms
[13534.427s][info][gc,cpu         ] GC(32685) User=0.01s Sys=0.00s Real=0.00s
[13534.806s][info][gc,start       ] GC(32686) Pause Young (Allocation Failure)
[13534.808s][info][gc,heap        ] GC(32686) PSYoungGen: 83840K(84480K)->1184K(84480K) Eden: 81920K(81920K)->0K(81920K) From: 1920K(2560K)->1184K(2560K)
[13534.808s][info][gc,heap        ] GC(32686) ParOldGen: 301140K(301568K)->301204K(301568K)
[13534.808s][info][gc,metaspace   ] GC(32686) Metaspace: 62147K(62464K)->62147K(62464K) NonClass: 56615K(56832K)->56615K(56832K) Class: 5532K(5632K)->5532K(5632K)
[13534.808s][info][gc             ] GC(32686) Pause Young (Allocation Failure) 375M->295M(377M) 2.545ms
[13534.808s][info][gc,cpu         ] GC(32686) User=0.00s Sys=0.00s Real=0.00s
[13535.181s][info][gc,start       ] GC(32687) Pause Young (Allocation Failure)
[13535.184s][info][gc,heap        ] GC(32687) PSYoungGen: 83104K(84480K)->1920K(84480K) Eden: 81920K(81920K)->0K(81920K) From: 1184K(2560K)->1920K(2560K)
[13535.184s][info][gc,heap        ] GC(32687) ParOldGen: 301204K(301568K)->302300K(303104K)
[13535.184s][info][gc,metaspace   ] GC(32687) Metaspace: 62147K(62464K)->62147K(62464K) NonClass: 56615K(56832K)->56615K(56832K) Class: 5532K(5632K)->5532K(5632K)
[13535.184s][info][gc             ] GC(32687) Pause Young (Allocation Failure) 375M->297M(378M) 3.093ms
[13535.184s][info][gc,cpu         ] GC(32687) User=0.00s Sys=0.00s Real=0.01s
[13535.563s][info][gc,start       ] GC(32688) Pause Young (Allocation Failure)
[13535.566s][info][gc,heap        ] GC(32688) PSYoungGen: 83840K(84480K)->512K(84480K) Eden: 81920K(81920K)->0K(81920K) From: 1920K(2560K)->512K(2560K)
[13535.566s][info][gc,heap        ] GC(32688) ParOldGen: 302300K(303104K)->304412K(304640K)
[13535.566s][info][gc,metaspace   ] GC(32688) Metaspace: 62147K(62464K)->62147K(62464K) NonClass: 56615K(56832K)->56615K(56832K) Class: 5532K(5632K)->5532K(5632K)
[13535.566s][info][gc             ] GC(32688) Pause Young (Allocation Failure) 377M->297M(380M) 3.123ms
[13535.566s][info][gc,cpu         ] GC(32688) User=0.00s Sys=0.00s Real=0.00s
[13535.927s][info][gc,start       ] GC(32689) Pause Young (Allocation Failure)
[13535.930s][info][gc,heap        ] GC(32689) PSYoungGen: 82432K(84480K)->1824K(83968K) Eden: 81920K(81920K)->0K(81920K) From: 512K(2560K)->1824K(2048K)
[13535.930s][info][gc,heap        ] GC(32689) ParOldGen: 304412K(304640K)->304476K(304640K)
[13535.930s][info][gc,metaspace   ] GC(32689) Metaspace: 62147K(62464K)->62147K(62464K) NonClass: 56615K(56832K)->56615K(56832K) Class: 5532K(5632K)->5532K(5632K)
[13535.930s][info][gc             ] GC(32689) Pause Young (Allocation Failure) 377M->299M(379M) 3.105ms
[13535.930s][info][gc,cpu         ] GC(32689) User=0.00s Sys=0.00s Real=0.00s
[13536.283s][info][gc,start       ] GC(32690) Pause Young (Allocation Failure)
[13536.285s][info][gc,heap        ] GC(32690) PSYoungGen: 83744K(83968K)->1024K(84480K) Eden: 81920K(81920K)->0K(81408K) From: 1824K(2048K)->1024K(3072K)
[13536.285s][info][gc,heap        ] GC(32690) ParOldGen: 304476K(304640K)->304540K(304640K)
[13536.285s][info][gc,metaspace   ] GC(32690) Metaspace: 62147K(62464K)->62147K(62464K) NonClass: 56615K(56832K)->56615K(56832K) Class: 5532K(5632K)->5532K(5632K)
[13536.285s][info][gc             ] GC(32690) Pause Young (Allocation Failure) 379M->298M(380M) 2.548ms
[13536.286s][info][gc,cpu         ] GC(32690) User=0.00s Sys=0.00s Real=0.00s
[13536.672s][info][gc,start       ] GC(32691) Pause Young (Allocation Failure)
[13536.674s][info][gc,heap        ] GC(32691) PSYoungGen: 82432K(84480K)->704K(83968K) Eden: 81408K(81408K)->0K(81408K) From: 1024K(3072K)->704K(2560K)
[13536.674s][info][gc,heap        ] GC(32691) ParOldGen: 304540K(304640K)->304604K(304640K)
[13536.674s][info][gc,metaspace   ] GC(32691) Metaspace: 62147K(62464K)->62147K(62464K) NonClass: 56615K(56832K)->56615K(56832K) Class: 5532K(5632K)->5532K(5632K)
[13536.674s][info][gc             ] GC(32691) Pause Young (Allocation Failure) 377M->298M(379M) 2.267ms
[13536.674s][info][gc,cpu         ] GC(32691) User=0.00s Sys=0.00s Real=0.00s
[13537.041s][info][gc,start       ] GC(32692) Pause Young (Allocation Failure)
[13537.043s][info][gc,heap        ] GC(32692) PSYoungGen: 82112K(83968K)->224K(84480K) Eden: 81408K(81408K)->0K(81920K) From: 704K(2560K)->224K(2560K)
[13537.043s][info][gc,heap        ] GC(32692) ParOldGen: 304604K(304640K)->304676K(305152K)
[13537.043s][info][gc,metaspace   ] GC(32692) Metaspace: 62147K(62464K)->62147K(62464K) NonClass: 56615K(56832K)->56615K(56832K) Class: 5532K(5632K)->5532K(5632K)
[13537.043s][info][gc             ] GC(32692) Pause Young (Allocation Failure) 377M->297M(380M) 1.854ms
[13537.043s][info][gc,cpu         ] GC(32692) User=0.00s Sys=0.00s Real=0.01s
[13537.417s][info][gc,start       ] GC(32693) Pause Young (Allocation Failure)
[13537.419s][info][gc,heap        ] GC(32693) PSYoungGen: 82144K(84480K)->1568K(84480K) Eden: 81920K(81920K)->0K(81920K) From: 224K(2560K)->1568K(2560K)
[13537.419s][info][gc,heap        ] GC(32693) ParOldGen: 304676K(305152K)->304748K(305152K)
[13537.419s][info][gc,metaspace   ] GC(32693) Metaspace: 62147K(62464K)->62147K(62464K) NonClass: 56615K(56832K)->56615K(56832K) Class: 5532K(5632K)->5532K(5632K)
[13537.420s][info][gc             ] GC(32693) Pause Young (Allocation Failure) 377M->299M(380M) 2.924ms
[13537.420s][info][gc,cpu         ] GC(32693) User=0.00s Sys=0.00s Real=0.00s
[13537.836s][info][gc,start       ] GC(32694) Pause Young (Allocation Failure)
[13537.839s][info][gc,heap        ] GC(32694) PSYoungGen: 83488K(84480K)->1696K(83456K) Eden: 81920K(81920K)->0K(80896K) From: 1568K(2560K)->1696K(2560K)
[13537.839s][info][gc,heap        ] GC(32694) ParOldGen: 304748K(305152K)->304820K(305152K)
[13537.839s][info][gc,metaspace   ] GC(32694) Metaspace: 62147K(62464K)->62147K(62464K) NonClass: 56615K(56832K)->56615K(56832K) Class: 5532K(5632K)->5532K(5632K)
[13537.839s][info][gc             ] GC(32694) Pause Young (Allocation Failure) 379M->299M(379M) 2.983ms
[13537.839s][info][gc,cpu         ] GC(32694) User=0.00s Sys=0.00s Real=0.00s
[13538.276s][info][gc,start       ] GC(32695) Pause Young (Allocation Failure)
[13538.279s][info][gc,heap        ] GC(32695) PSYoungGen: 82592K(83456K)->928K(83968K) Eden: 80896K(80896K)->0K(80896K) From: 1696K(2560K)->928K(3072K)
[13538.279s][info][gc,heap        ] GC(32695) ParOldGen: 304820K(305152K)->304892K(305152K)
[13538.279s][info][gc,metaspace   ] GC(32695) Metaspace: 62147K(62464K)->62147K(62464K) NonClass: 56615K(56832K)->56615K(56832K) Class: 5532K(5632K)->5532K(5632K)
[13538.279s][info][gc             ] GC(32695) Pause Young (Allocation Failure) 378M->298M(380M) 2.574ms
[13538.279s][info][gc,cpu         ] GC(32695) User=0.01s Sys=0.00s Real=0.00s
[13538.672s][info][gc,start       ] GC(32696) Pause Young (Allocation Failure)
[13538.675s][info][gc,heap        ] GC(32696) PSYoungGen: 81824K(83968K)->768K(84480K) Eden: 80896K(80896K)->0K(81920K) From: 928K(3072K)->768K(2560K)
[13538.675s][info][gc,heap        ] GC(32696) ParOldGen: 304892K(305152K)->305252K(305664K)
[13538.675s][info][gc,metaspace   ] GC(32696) Metaspace: 62147K(62464K)->62147K(62464K) NonClass: 56615K(56832K)->56615K(56832K) Class: 5532K(5632K)->5532K(5632K)
[13538.675s][info][gc             ] GC(32696) Pause Young (Allocation Failure) 377M->298M(381M) 2.827ms
[13538.675s][info][gc,cpu         ] GC(32696) User=0.01s Sys=0.00s Real=0.00s
[13539.085s][info][gc,start       ] GC(32697) Pause Young (Allocation Failure)
[13539.088s][info][gc,heap        ] GC(32697) PSYoungGen: 82688K(84480K)->960K(84480K) Eden: 81920K(81920K)->0K(81920K) From: 768K(2560K)->960K(2560K)
[13539.088s][info][gc,heap        ] GC(32697) ParOldGen: 305252K(305664K)->305332K(305664K)
[13539.088s][info][gc,metaspace   ] GC(32697) Metaspace: 62147K(62464K)->62147K(62464K) NonClass: 56615K(56832K)->56615K(56832K) Class: 5532K(5632K)->5532K(5632K)
[13539.088s][info][gc             ] GC(32697) Pause Young (Allocation Failure) 378M->299M(381M) 2.547ms
[13539.088s][info][gc,cpu         ] GC(32697) User=0.01s Sys=0.00s Real=0.00s
[13539.436s][info][gc,start       ] GC(32698) Pause Young (Allocation Failure)
[13539.441s][info][gc,heap        ] GC(32698) PSYoungGen: 82880K(84480K)->1952K(84480K) Eden: 81920K(81920K)->0K(81920K) From: 960K(2560K)->1952K(2560K)
[13539.441s][info][gc,heap        ] GC(32698) ParOldGen: 305332K(305664K)->307452K(308736K)
[13539.441s][info][gc,metaspace   ] GC(32698) Metaspace: 62147K(62464K)->62147K(62464K) NonClass: 56615K(56832K)->56615K(56832K) Class: 5532K(5632K)->5532K(5632K)
[13539.441s][info][gc             ] GC(32698) Pause Young (Allocation Failure) 379M->302M(384M) 4.436ms
[13539.441s][info][gc,cpu         ] GC(32698) User=0.01s Sys=0.00s Real=0.00s
[13539.842s][info][gc,start       ] GC(32699) Pause Young (Allocation Failure)
[13539.843s][info][gc,heap        ] GC(32699) PSYoungGen: 83872K(84480K)->224K(84480K) Eden: 81920K(81920K)->0K(81920K) From: 1952K(2560K)->224K(2560K)
[13539.843s][info][gc,heap        ] GC(32699) ParOldGen: 307452K(308736K)->307516K(308736K)
[13539.843s][info][gc,metaspace   ] GC(32699) Metaspace: 62147K(62464K)->62147K(62464K) NonClass: 56615K(56832K)->56615K(56832K) Class: 5532K(5632K)->5532K(5632K)
[13539.843s][info][gc             ] GC(32699) Pause Young (Allocation Failure) 382M->300M(384M) 1.913ms
[13539.843s][info][gc,cpu         ] GC(32699) User=0.01s Sys=0.00s Real=0.00s
[13540.246s][info][gc,start       ] GC(32700) Pause Young (Allocation Failure)
[13540.248s][info][gc,heap        ] GC(32700) PSYoungGen: 82144K(84480K)->320K(84480K) Eden: 81920K(81920K)->0K(81920K) From: 224K(2560K)->320K(2560K)
[13540.248s][info][gc,heap        ] GC(32700) ParOldGen: 307516K(308736K)->307580K(308736K)
[13540.248s][info][gc,metaspace   ] GC(32700) Metaspace: 62147K(62464K)->62147K(62464K) NonClass: 56615K(56832K)->56615K(56832K) Class: 5532K(5632K)->5532K(5632K)
[13540.248s][info][gc             ] GC(32700) Pause Young (Allocation Failure) 380M->300M(384M) 1.927ms
[13540.248s][info][gc,cpu         ] GC(32700) User=0.00s Sys=0.00s Real=0.00s
[13540.637s][info][gc,start       ] GC(32701) Pause Young (Allocation Failure)
[13540.640s][info][gc,heap        ] GC(32701) PSYoungGen: 82240K(84480K)->1984K(83968K) Eden: 81920K(81920K)->0K(81920K) From: 320K(2560K)->1984K(2048K)
[13540.641s][info][gc,heap        ] GC(32701) ParOldGen: 307580K(308736K)->307644K(308736K)
[13540.641s][info][gc,metaspace   ] GC(32701) Metaspace: 62147K(62464K)->62147K(62464K) NonClass: 56615K(56832K)->56615K(56832K) Class: 5532K(5632K)->5532K(5632K)
[13540.641s][info][gc             ] GC(32701) Pause Young (Allocation Failure) 380M->302M(383M) 3.298ms
[13540.641s][info][gc,cpu         ] GC(32701) User=0.01s Sys=0.00s Real=0.00s
[13541.022s][info][gc,start       ] GC(32702) Pause Young (Allocation Failure)
[13541.025s][info][gc,heap        ] GC(32702) PSYoungGen: 83904K(83968K)->1664K(83968K) Eden: 81920K(81920K)->0K(80896K) From: 1984K(2048K)->1664K(3072K)
[13541.025s][info][gc,heap        ] GC(32702) ParOldGen: 307644K(308736K)->307716K(308736K)
[13541.025s][info][gc,metaspace   ] GC(32702) Metaspace: 62147K(62464K)->62147K(62464K) NonClass: 56615K(56832K)->56615K(56832K) Class: 5532K(5632K)->5532K(5632K)
[13541.025s][info][gc             ] GC(32702) Pause Young (Allocation Failure) 382M->302M(383M) 3.040ms
[13541.025s][info][gc,cpu         ] GC(32702) User=0.00s Sys=0.00s Real=0.00s
[13541.413s][info][gc,start       ] GC(32703) Pause Young (Allocation Failure)
[13541.416s][info][gc,heap        ] GC(32703) PSYoungGen: 82560K(83968K)->1440K(83968K) Eden: 80896K(80896K)->0K(80896K) From: 1664K(3072K)->1440K(3072K)
[13541.416s][info][gc,heap        ] GC(32703) ParOldGen: 307716K(308736K)->307788K(308736K)
[13541.416s][info][gc,metaspace   ] GC(32703) Metaspace: 62147K(62464K)->62147K(62464K) NonClass: 56615K(56832K)->56615K(56832K) Class: 5532K(5632K)->5532K(5632K)
[13541.416s][info][gc             ] GC(32703) Pause Young (Allocation Failure) 381M->301M(383M) 2.931ms
[13541.416s][info][gc,cpu         ] GC(32703) User=0.00s Sys=0.00s Real=0.00s
[13541.774s][info][gc,start       ] GC(32704) Pause Young (Allocation Failure)
[13541.776s][info][gc,heap        ] GC(32704) PSYoungGen: 82336K(83968K)->832K(83968K) Eden: 80896K(80896K)->0K(80896K) From: 1440K(3072K)->832K(3072K)
[13541.776s][info][gc,heap        ] GC(32704) ParOldGen: 307788K(308736K)->307860K(308736K)
[13541.776s][info][gc,metaspace   ] GC(32704) Metaspace: 62147K(62464K)->62147K(62464K) NonClass: 56615K(56832K)->56615K(56832K) Class: 5532K(5632K)->5532K(5632K)
[13541.777s][info][gc             ] GC(32704) Pause Young (Allocation Failure) 380M->301M(383M) 2.304ms
[13541.777s][info][gc,cpu         ] GC(32704) User=0.00s Sys=0.00s Real=0.00s
[13542.169s][info][gc,start       ] GC(32705) Pause Young (Allocation Failure)
[13542.171s][info][gc,heap        ] GC(32705) PSYoungGen: 81728K(83968K)->704K(83968K) Eden: 80896K(80896K)->0K(80896K) From: 832K(3072K)->704K(3072K)
[13542.171s][info][gc,heap        ] GC(32705) ParOldGen: 307860K(308736K)->307924K(308736K)
[13542.171s][info][gc,metaspace   ] GC(32705) Metaspace: 62147K(62464K)->62147K(62464K) NonClass: 56615K(56832K)->56615K(56832K) Class: 5532K(5632K)->5532K(5632K)
[13542.171s][info][gc             ] GC(32705) Pause Young (Allocation Failure) 380M->301M(383M) 2.297ms
[13542.171s][info][gc,cpu         ] GC(32705) User=0.01s Sys=0.01s Real=0.01s
[13542.538s][info][gc,start       ] GC(32706) Pause Young (Allocation Failure)
[13542.542s][info][gc,heap        ] GC(32706) PSYoungGen: 81600K(83968K)->1952K(83456K) Eden: 80896K(80896K)->0K(80896K) From: 704K(3072K)->1952K(2560K)
[13542.542s][info][gc,heap        ] GC(32706) ParOldGen: 307924K(308736K)->307988K(308736K)
[13542.542s][info][gc,metaspace   ] GC(32706) Metaspace: 62147K(62464K)->62147K(62464K) NonClass: 56615K(56832K)->56615K(56832K) Class: 5532K(5632K)->5532K(5632K)
[13542.542s][info][gc             ] GC(32706) Pause Young (Allocation Failure) 380M->302M(383M) 3.369ms
[13542.542s][info][gc,cpu         ] GC(32706) User=0.00s Sys=0.00s Real=0.01s
[13542.930s][info][gc,start       ] GC(32707) Pause Young (Allocation Failure)
[13542.933s][info][gc,heap        ] GC(32707) PSYoungGen: 82848K(83456K)->1696K(83968K) Eden: 80896K(80896K)->0K(80896K) From: 1952K(2560K)->1696K(3072K)
[13542.933s][info][gc,heap        ] GC(32707) ParOldGen: 307988K(308736K)->308052K(308736K)
[13542.933s][info][gc,metaspace   ] GC(32707) Metaspace: 62147K(62464K)->62147K(62464K) NonClass: 56615K(56832K)->56615K(56832K) Class: 5532K(5632K)->5532K(5632K)
[13542.933s][info][gc             ] GC(32707) Pause Young (Allocation Failure) 381M->302M(383M) 3.140ms
[13542.933s][info][gc,cpu         ] GC(32707) User=0.01s Sys=0.00s Real=0.01s
[13543.301s][info][gc,start       ] GC(32708) Pause Young (Allocation Failure)
[13543.304s][info][gc,heap        ] GC(32708) PSYoungGen: 82592K(83968K)->1280K(83968K) Eden: 80896K(80896K)->0K(80896K) From: 1696K(3072K)->1280K(3072K)
[13543.304s][info][gc,heap        ] GC(32708) ParOldGen: 308052K(308736K)->308124K(308736K)
[13543.304s][info][gc,metaspace   ] GC(32708) Metaspace: 62147K(62464K)->62147K(62464K) NonClass: 56615K(56832K)->56615K(56832K) Class: 5532K(5632K)->5532K(5632K)
[13543.304s][info][gc             ] GC(32708) Pause Young (Allocation Failure) 381M->302M(383M) 2.780ms
[13543.304s][info][gc,cpu         ] GC(32708) User=0.01s Sys=0.00s Real=0.00s
[13543.665s][info][gc,start       ] GC(32709) Pause Young (Allocation Failure)
[13543.667s][info][gc,heap        ] GC(32709) PSYoungGen: 82176K(83968K)->2720K(83968K) Eden: 80896K(80896K)->0K(80896K) From: 1280K(3072K)->2720K(3072K)
[13543.667s][info][gc,heap        ] GC(32709) ParOldGen: 308124K(308736K)->308196K(308736K)
[13543.667s][info][gc,metaspace   ] GC(32709) Metaspace: 62147K(62464K)->62147K(62464K) NonClass: 56615K(56832K)->56615K(56832K) Class: 5532K(5632K)->5532K(5632K)
[13543.667s][info][gc             ] GC(32709) Pause Young (Allocation Failure) 381M->303M(383M) 2.480ms
[13543.667s][info][gc,cpu         ] GC(32709) User=0.01s Sys=0.00s Real=0.00s
[13544.072s][info][gc,start       ] GC(32710) Pause Young (Allocation Failure)
[13544.075s][info][gc,heap        ] GC(32710) PSYoungGen: 83616K(83968K)->672K(83968K) Eden: 80896K(80896K)->0K(80896K) From: 2720K(3072K)->672K(3072K)
[13544.075s][info][gc,heap        ] GC(32710) ParOldGen: 308196K(308736K)->310308K(310784K)
[13544.076s][info][gc,metaspace   ] GC(32710) Metaspace: 62147K(62464K)->62147K(62464K) NonClass: 56615K(56832K)->56615K(56832K) Class: 5532K(5632K)->5532K(5632K)
[13544.076s][info][gc             ] GC(32710) Pause Young (Allocation Failure) 382M->303M(385M) 3.297ms
[13544.076s][info][gc,cpu         ] GC(32710) User=0.00s Sys=0.00s Real=0.00s
[13544.448s][info][gc,start       ] GC(32711) Pause Young (Allocation Failure)
[13544.452s][info][gc,heap        ] GC(32711) PSYoungGen: 81568K(83968K)->320K(83968K) Eden: 80896K(80896K)->0K(80896K) From: 672K(3072K)->320K(3072K)
[13544.452s][info][gc,heap        ] GC(32711) ParOldGen: 310308K(310784K)->310380K(310784K)
[13544.452s][info][gc,metaspace   ] GC(32711) Metaspace: 62147K(62464K)->62147K(62464K) NonClass: 56615K(56832K)->56615K(56832K) Class: 5532K(5632K)->5532K(5632K)
[13544.452s][info][gc             ] GC(32711) Pause Young (Allocation Failure) 382M->303M(385M) 4.103ms
[13544.452s][info][gc,cpu         ] GC(32711) User=0.00s Sys=0.00s Real=0.01s
[13544.823s][info][gc,start       ] GC(32712) Pause Young (Allocation Failure)
[13544.828s][info][gc,heap        ] GC(32712) PSYoungGen: 81216K(83968K)->1728K(83968K) Eden: 80896K(80896K)->0K(80896K) From: 320K(3072K)->1728K(3072K)
[13544.828s][info][gc,heap        ] GC(32712) ParOldGen: 310380K(310784K)->310452K(310784K)
[13544.828s][info][gc,metaspace   ] GC(32712) Metaspace: 62147K(62464K)->62147K(62464K) NonClass: 56615K(56832K)->56615K(56832K) Class: 5532K(5632K)->5532K(5632K)
[13544.828s][info][gc             ] GC(32712) Pause Young (Allocation Failure) 382M->304M(385M) 4.465ms
[13544.828s][info][gc,cpu         ] GC(32712) User=0.01s Sys=0.00s Real=0.00s
[13545.287s][info][gc,start       ] GC(32713) Pause Young (Allocation Failure)
[13545.289s][info][gc,heap        ] GC(32713) PSYoungGen: 82624K(83968K)->976K(83968K) Eden: 80896K(80896K)->0K(80896K) From: 1728K(3072K)->976K(3072K)
[13545.289s][info][gc,heap        ] GC(32713) ParOldGen: 310452K(310784K)->310516K(310784K)
[13545.289s][info][gc,metaspace   ] GC(32713) Metaspace: 62147K(62464K)->62147K(62464K) NonClass: 56615K(56832K)->56615K(56832K) Class: 5532K(5632K)->5532K(5632K)
[13545.289s][info][gc             ] GC(32713) Pause Young (Allocation Failure) 383M->304M(385M) 2.616ms
[13545.289s][info][gc,cpu         ] GC(32713) User=0.01s Sys=0.00s Real=0.00s
[13545.683s][info][gc,start       ] GC(32714) Pause Young (Allocation Failure)
[13545.685s][info][gc,heap        ] GC(32714) PSYoungGen: 81872K(83968K)->1056K(83968K) Eden: 80896K(80896K)->0K(80896K) From: 976K(3072K)->1056K(3072K)
[13545.685s][info][gc,heap        ] GC(32714) ParOldGen: 310516K(310784K)->310636K(310784K)
[13545.685s][info][gc,metaspace   ] GC(32714) Metaspace: 62147K(62464K)->62147K(62464K) NonClass: 56615K(56832K)->56615K(56832K) Class: 5532K(5632K)->5532K(5632K)
[13545.685s][info][gc             ] GC(32714) Pause Young (Allocation Failure) 383M->304M(385M) 2.543ms
[13545.685s][info][gc,cpu         ] GC(32714) User=0.01s Sys=0.00s Real=0.00s
[13546.046s][info][gc,start       ] GC(32715) Pause Young (Allocation Failure)
[13546.048s][info][gc,heap        ] GC(32715) PSYoungGen: 81952K(83968K)->320K(83968K) Eden: 80896K(80896K)->0K(80896K) From: 1056K(3072K)->320K(3072K)
[13546.048s][info][gc,heap        ] GC(32715) ParOldGen: 310636K(310784K)->310708K(310784K)
[13546.048s][info][gc,metaspace   ] GC(32715) Metaspace: 62147K(62464K)->62147K(62464K) NonClass: 56615K(56832K)->56615K(56832K) Class: 5532K(5632K)->5532K(5632K)
[13546.048s][info][gc             ] GC(32715) Pause Young (Allocation Failure) 383M->303M(385M) 2.013ms
[13546.048s][info][gc,cpu         ] GC(32715) User=0.01s Sys=0.00s Real=0.00s
[13546.437s][info][gc,start       ] GC(32716) Pause Young (Allocation Failure)
[13546.440s][info][gc,heap        ] GC(32716) PSYoungGen: 81216K(83968K)->1664K(83968K) Eden: 80896K(80896K)->0K(80896K) From: 320K(3072K)->1664K(3072K)
[13546.440s][info][gc,heap        ] GC(32716) ParOldGen: 310708K(310784K)->310780K(310784K)
[13546.440s][info][gc,metaspace   ] GC(32716) Metaspace: 62147K(62464K)->62147K(62464K) NonClass: 56615K(56832K)->56615K(56832K) Class: 5532K(5632K)->5532K(5632K)
[13546.440s][info][gc             ] GC(32716) Pause Young (Allocation Failure) 382M->305M(385M) 3.143ms
[13546.440s][info][gc,cpu         ] GC(32716) User=0.01s Sys=0.00s Real=0.00s
[13546.836s][info][gc,start       ] GC(32717) Pause Young (Allocation Failure)
[13546.839s][info][gc,heap        ] GC(32717) PSYoungGen: 82560K(83968K)->1728K(83968K) Eden: 80896K(80896K)->0K(80896K) From: 1664K(3072K)->1728K(3072K)
[13546.839s][info][gc,heap        ] GC(32717) ParOldGen: 310780K(310784K)->310852K(311296K)
[13546.839s][info][gc,metaspace   ] GC(32717) Metaspace: 62147K(62464K)->62147K(62464K) NonClass: 56615K(56832K)->56615K(56832K) Class: 5532K(5632K)->5532K(5632K)
[13546.840s][info][gc             ] GC(32717) Pause Young (Allocation Failure) 384M->305M(386M) 3.158ms
[13546.840s][info][gc,cpu         ] GC(32717) User=0.00s Sys=0.00s Real=0.00s
[13547.243s][info][gc,start       ] GC(32718) Pause Young (Allocation Failure)
[13547.245s][info][gc,heap        ] GC(32718) PSYoungGen: 82624K(83968K)->256K(83968K) Eden: 80896K(80896K)->0K(80896K) From: 1728K(3072K)->256K(3072K)
[13547.245s][info][gc,heap        ] GC(32718) ParOldGen: 310852K(311296K)->310924K(311296K)
[13547.245s][info][gc,metaspace   ] GC(32718) Metaspace: 62147K(62464K)->62147K(62464K) NonClass: 56615K(56832K)->56615K(56832K) Class: 5532K(5632K)->5532K(5632K)
[13547.245s][info][gc             ] GC(32718) Pause Young (Allocation Failure) 384M->303M(386M) 1.885ms
[13547.245s][info][gc,cpu         ] GC(32718) User=0.01s Sys=0.00s Real=0.00s
[13547.654s][info][gc,start       ] GC(32719) Pause Young (Allocation Failure)
[13547.656s][info][gc,heap        ] GC(32719) PSYoungGen: 81152K(83968K)->416K(83968K) Eden: 80896K(80896K)->0K(80896K) From: 256K(3072K)->416K(3072K)
[13547.656s][info][gc,heap        ] GC(32719) ParOldGen: 310924K(311296K)->310996K(311296K)
[13547.656s][info][gc,metaspace   ] GC(32719) Metaspace: 62147K(62464K)->62147K(62464K) NonClass: 56615K(56832K)->56615K(56832K) Class: 5532K(5632K)->5532K(5632K)
[13547.656s][info][gc             ] GC(32719) Pause Young (Allocation Failure) 382M->304M(386M) 2.180ms
[13547.656s][info][gc,cpu         ] GC(32719) User=0.01s Sys=0.00s Real=0.00s
[13548.071s][info][gc,start       ] GC(32720) Pause Young (Allocation Failure)
[13548.074s][info][gc,heap        ] GC(32720) PSYoungGen: 81312K(83968K)->704K(83968K) Eden: 80896K(80896K)->0K(80896K) From: 416K(3072K)->704K(3072K)
[13548.074s][info][gc,heap        ] GC(32720) ParOldGen: 310996K(311296K)->311068K(311296K)
[13548.074s][info][gc,metaspace   ] GC(32720) Metaspace: 62147K(62464K)->62147K(62464K) NonClass: 56615K(56832K)->56615K(56832K) Class: 5532K(5632K)->5532K(5632K)
[13548.074s][info][gc             ] GC(32720) Pause Young (Allocation Failure) 383M->304M(386M) 2.641ms
[13548.074s][info][gc,cpu         ] GC(32720) User=0.01s Sys=0.00s Real=0.00s
[13548.460s][info][gc,start       ] GC(32721) Pause Young (Allocation Failure)
[13548.463s][info][gc,heap        ] GC(32721) PSYoungGen: 81600K(83968K)->2560K(83968K) Eden: 80896K(80896K)->0K(80896K) From: 704K(3072K)->2560K(3072K)
[13548.463s][info][gc,heap        ] GC(32721) ParOldGen: 311068K(311296K)->311140K(311296K)
[13548.463s][info][gc,metaspace   ] GC(32721) Metaspace: 62147K(62464K)->62147K(62464K) NonClass: 56615K(56832K)->56615K(56832K) Class: 5532K(5632K)->5532K(5632K)
[13548.463s][info][gc             ] GC(32721) Pause Young (Allocation Failure) 383M->306M(386M) 2.423ms
[13548.463s][info][gc,cpu         ] GC(32721) User=0.01s Sys=0.00s Real=0.01s
[13548.862s][info][gc,start       ] GC(32722) Pause Young (Allocation Failure)
[13548.865s][info][gc,heap        ] GC(32722) PSYoungGen: 83456K(83968K)->544K(83968K) Eden: 80896K(80896K)->0K(80896K) From: 2560K(3072K)->544K(3072K)
[13548.865s][info][gc,heap        ] GC(32722) ParOldGen: 311140K(311296K)->313260K(314368K)
[13548.865s][info][gc,metaspace   ] GC(32722) Metaspace: 62147K(62464K)->62147K(62464K) NonClass: 56615K(56832K)->56615K(56832K) Class: 5532K(5632K)->5532K(5632K)
[13548.865s][info][gc             ] GC(32722) Pause Young (Allocation Failure) 385M->306M(389M) 3.417ms
[13548.865s][info][gc,cpu         ] GC(32722) User=0.01s Sys=0.00s Real=0.00s
[13549.268s][info][gc,start       ] GC(32723) Pause Young (Allocation Failure)
[13549.270s][info][gc,heap        ] GC(32723) PSYoungGen: 81440K(83968K)->640K(83968K) Eden: 80896K(80896K)->0K(80896K) From: 544K(3072K)->640K(3072K)
[13549.270s][info][gc,heap        ] GC(32723) ParOldGen: 313260K(314368K)->313332K(314368K)
[13549.270s][info][gc,metaspace   ] GC(32723) Metaspace: 62147K(62464K)->62147K(62464K) NonClass: 56615K(56832K)->56615K(56832K) Class: 5532K(5632K)->5532K(5632K)
[13549.270s][info][gc             ] GC(32723) Pause Young (Allocation Failure) 385M->306M(389M) 2.259ms
[13549.270s][info][gc,cpu         ] GC(32723) User=0.01s Sys=0.00s Real=0.00s
[13549.668s][info][gc,start       ] GC(32724) Pause Young (Allocation Failure)
[13549.670s][info][gc,heap        ] GC(32724) PSYoungGen: 81536K(83968K)->672K(83968K) Eden: 80896K(80896K)->0K(80896K) From: 640K(3072K)->672K(3072K)
[13549.670s][info][gc,heap        ] GC(32724) ParOldGen: 313332K(314368K)->313404K(314368K)
[13549.670s][info][gc,metaspace   ] GC(32724) Metaspace: 62147K(62464K)->62147K(62464K) NonClass: 56615K(56832K)->56615K(56832K) Class: 5532K(5632K)->5532K(5632K)
[13549.670s][info][gc             ] GC(32724) Pause Young (Allocation Failure) 385M->306M(389M) 2.212ms
[13549.670s][info][gc,cpu         ] GC(32724) User=0.00s Sys=0.00s Real=0.00s
[13550.086s][info][gc,start       ] GC(32725) Pause Young (Allocation Failure)
[13550.088s][info][gc,heap        ] GC(32725) PSYoungGen: 81568K(83968K)->896K(83968K) Eden: 80896K(80896K)->0K(80896K) From: 672K(3072K)->896K(3072K)
[13550.088s][info][gc,heap        ] GC(32725) ParOldGen: 313404K(314368K)->313476K(314368K)
[13550.088s][info][gc,metaspace   ] GC(32725) Metaspace: 62147K(62464K)->62147K(62464K) NonClass: 56615K(56832K)->56615K(56832K) Class: 5532K(5632K)->5532K(5632K)
[13550.088s][info][gc             ] GC(32725) Pause Young (Allocation Failure) 385M->307M(389M) 2.509ms
[13550.088s][info][gc,cpu         ] GC(32725) User=0.00s Sys=0.00s Real=0.00s
[13550.502s][info][gc,start       ] GC(32726) Pause Young (Allocation Failure)
[13550.504s][info][gc,heap        ] GC(32726) PSYoungGen: 81792K(83968K)->1184K(84480K) Eden: 80896K(80896K)->0K(81408K) From: 896K(3072K)->1184K(3072K)
[13550.504s][info][gc,heap        ] GC(32726) ParOldGen: 313476K(314368K)->313540K(314368K)
[13550.504s][info][gc,metaspace   ] GC(32726) Metaspace: 62147K(62464K)->62147K(62464K) NonClass: 56615K(56832K)->56615K(56832K) Class: 5532K(5632K)->5532K(5632K)
[13550.504s][info][gc             ] GC(32726) Pause Young (Allocation Failure) 386M->307M(389M) 2.732ms
[13550.504s][info][gc,cpu         ] GC(32726) User=0.01s Sys=0.00s Real=0.00s
[13550.917s][info][gc,start       ] GC(32727) Pause Young (Allocation Failure)
[13550.920s][info][gc,heap        ] GC(32727) PSYoungGen: 82592K(84480K)->1440K(83968K) Eden: 81408K(81408K)->0K(81408K) From: 1184K(3072K)->1440K(2560K)
[13550.920s][info][gc,heap        ] GC(32727) ParOldGen: 313540K(314368K)->313612K(314368K)
[13550.920s][info][gc,metaspace   ] GC(32727) Metaspace: 62147K(62464K)->62147K(62464K) NonClass: 56615K(56832K)->56615K(56832K) Class: 5532K(5632K)->5532K(5632K)
[13550.920s][info][gc             ] GC(32727) Pause Young (Allocation Failure) 386M->307M(389M) 2.964ms
[13550.920s][info][gc,cpu         ] GC(32727) User=0.01s Sys=0.00s Real=0.00s
[13551.317s][info][gc,start       ] GC(32728) Pause Young (Allocation Failure)
[13551.320s][info][gc,heap        ] GC(32728) PSYoungGen: 82848K(83968K)->1472K(84480K) Eden: 81408K(81408K)->0K(81920K) From: 1440K(2560K)->1472K(2560K)
[13551.320s][info][gc,heap        ] GC(32728) ParOldGen: 313612K(314368K)->313684K(314368K)
[13551.320s][info][gc,metaspace   ] GC(32728) Metaspace: 62147K(62464K)->62147K(62464K) NonClass: 56615K(56832K)->56615K(56832K) Class: 5532K(5632K)->5532K(5632K)
[13551.320s][info][gc             ] GC(32728) Pause Young (Allocation Failure) 387M->307M(389M) 2.888ms
[13551.320s][info][gc,cpu         ] GC(32728) User=0.00s Sys=0.00s Real=0.00s
[13551.724s][info][gc,start       ] GC(32729) Pause Young (Allocation Failure)
[13551.727s][info][gc,heap        ] GC(32729) PSYoungGen: 83392K(84480K)->1536K(84480K) Eden: 81920K(81920K)->0K(81920K) From: 1472K(2560K)->1536K(2560K)
[13551.727s][info][gc,heap        ] GC(32729) ParOldGen: 313684K(314368K)->313756K(314368K)
[13551.727s][info][gc,metaspace   ] GC(32729) Metaspace: 62147K(62464K)->62147K(62464K) NonClass: 56615K(56832K)->56615K(56832K) Class: 5532K(5632K)->5532K(5632K)
[13551.727s][info][gc             ] GC(32729) Pause Young (Allocation Failure) 387M->307M(389M) 3.009ms
[13551.727s][info][gc,cpu         ] GC(32729) User=0.01s Sys=0.00s Real=0.00s
[13552.089s][info][gc,start       ] GC(32730) Pause Young (Allocation Failure)
[13552.092s][info][gc,heap        ] GC(32730) PSYoungGen: 83456K(84480K)->1120K(84480K) Eden: 81920K(81920K)->0K(81920K) From: 1536K(2560K)->1120K(2560K)
[13552.092s][info][gc,heap        ] GC(32730) ParOldGen: 313756K(314368K)->313820K(314368K)
[13552.092s][info][gc,metaspace   ] GC(32730) Metaspace: 62147K(62464K)->62147K(62464K) NonClass: 56615K(56832K)->56615K(56832K) Class: 5532K(5632K)->5532K(5632K)
[13552.092s][info][gc             ] GC(32730) Pause Young (Allocation Failure) 387M->307M(389M) 2.703ms
[13552.092s][info][gc,cpu         ] GC(32730) User=0.00s Sys=0.00s Real=0.01s
[13552.515s][info][gc,start       ] GC(32731) Pause Young (Allocation Failure)
[13552.518s][info][gc,heap        ] GC(32731) PSYoungGen: 83040K(84480K)->1376K(84480K) Eden: 81920K(81920K)->0K(81920K) From: 1120K(2560K)->1376K(2560K)
[13552.518s][info][gc,heap        ] GC(32731) ParOldGen: 313820K(314368K)->313884K(314368K)
[13552.518s][info][gc,metaspace   ] GC(32731) Metaspace: 62147K(62464K)->62147K(62464K) NonClass: 56615K(56832K)->56615K(56832K) Class: 5532K(5632K)->5532K(5632K)
[13552.518s][info][gc             ] GC(32731) Pause Young (Allocation Failure) 387M->307M(389M) 2.932ms
[13552.518s][info][gc,cpu         ] GC(32731) User=0.01s Sys=0.00s Real=0.00s
[13552.955s][info][gc,start       ] GC(32732) Pause Young (Allocation Failure)
[13552.958s][info][gc,heap        ] GC(32732) PSYoungGen: 83296K(84480K)->2544K(83456K) Eden: 81920K(81920K)->0K(80896K) From: 1376K(2560K)->2544K(2560K)
[13552.958s][info][gc,heap        ] GC(32732) ParOldGen: 313884K(314368K)->313964K(314368K)
[13552.958s][info][gc,metaspace   ] GC(32732) Metaspace: 62147K(62464K)->62147K(62464K) NonClass: 56615K(56832K)->56615K(56832K) Class: 5532K(5632K)->5532K(5632K)
[13552.958s][info][gc             ] GC(32732) Pause Young (Allocation Failure) 387M->309M(388M) 2.513ms
[13552.958s][info][gc,cpu         ] GC(32732) User=0.00s Sys=0.00s Real=0.00s
[13553.374s][info][gc,start       ] GC(32733) Pause Young (Allocation Failure)
[13553.378s][info][gc,heap        ] GC(32733) PSYoungGen: 83440K(83456K)->736K(83968K) Eden: 80896K(80896K)->0K(80896K) From: 2544K(2560K)->736K(3072K)
[13553.378s][info][gc,heap        ] GC(32733) ParOldGen: 313964K(314368K)->316132K(317440K)
[13553.378s][info][gc,metaspace   ] GC(32733) Metaspace: 62147K(62464K)->62147K(62464K) NonClass: 56615K(56832K)->56615K(56832K) Class: 5532K(5632K)->5532K(5632K)
[13553.378s][info][gc             ] GC(32733) Pause Young (Allocation Failure) 388M->309M(392M) 3.500ms
[13553.378s][info][gc,cpu         ] GC(32733) User=0.01s Sys=0.00s Real=0.00s
[13553.787s][info][gc,start       ] GC(32734) Pause Young (Allocation Failure)
[13553.789s][info][gc,heap        ] GC(32734) PSYoungGen: 81632K(83968K)->928K(83968K) Eden: 80896K(80896K)->0K(80896K) From: 736K(3072K)->928K(3072K)
[13553.789s][info][gc,heap        ] GC(32734) ParOldGen: 316132K(317440K)->316204K(317440K)
[13553.789s][info][gc,metaspace   ] GC(32734) Metaspace: 62147K(62464K)->62147K(62464K) NonClass: 56615K(56832K)->56615K(56832K) Class: 5532K(5632K)->5532K(5632K)
[13553.789s][info][gc             ] GC(32734) Pause Young (Allocation Failure) 388M->309M(392M) 2.510ms
[13553.790s][info][gc,cpu         ] GC(32734) User=0.01s Sys=0.00s Real=0.00s
[13554.211s][info][gc,start       ] GC(32735) Pause Young (Allocation Failure)
[13554.214s][info][gc,heap        ] GC(32735) PSYoungGen: 81824K(83968K)->1344K(83968K) Eden: 80896K(80896K)->0K(80896K) From: 928K(3072K)->1344K(3072K)
[13554.214s][info][gc,heap        ] GC(32735) ParOldGen: 316204K(317440K)->316276K(317440K)
[13554.214s][info][gc,metaspace   ] GC(32735) Metaspace: 62147K(62464K)->62147K(62464K) NonClass: 56615K(56832K)->56615K(56832K) Class: 5532K(5632K)->5532K(5632K)
[13554.214s][info][gc             ] GC(32735) Pause Young (Allocation Failure) 388M->310M(392M) 3.016ms
[13554.214s][info][gc,cpu         ] GC(32735) User=0.00s Sys=0.00s Real=0.00s
[13554.548s][info][gc,start       ] GC(32736) Pause Young (Allocation Failure)
[13554.550s][info][gc,heap        ] GC(32736) PSYoungGen: 82240K(83968K)->352K(83456K) Eden: 80896K(80896K)->0K(80896K) From: 1344K(3072K)->352K(2560K)
[13554.550s][info][gc,heap        ] GC(32736) ParOldGen: 316276K(317440K)->316348K(317440K)
[13554.550s][info][gc,metaspace   ] GC(32736) Metaspace: 62147K(62464K)->62147K(62464K) NonClass: 56615K(56832K)->56615K(56832K) Class: 5532K(5632K)->5532K(5632K)
[13554.550s][info][gc             ] GC(32736) Pause Young (Allocation Failure) 389M->309M(391M) 2.117ms
[13554.550s][info][gc,cpu         ] GC(32736) User=0.01s Sys=0.00s Real=0.00s
[13554.883s][info][gc,start       ] GC(32737) Pause Young (Allocation Failure)
[13554.885s][info][gc,heap        ] GC(32737) PSYoungGen: 81248K(83456K)->1056K(83968K) Eden: 80896K(80896K)->0K(80896K) From: 352K(2560K)->1056K(3072K)
[13554.885s][info][gc,heap        ] GC(32737) ParOldGen: 316348K(317440K)->316412K(317440K)
[13554.885s][info][gc,metaspace   ] GC(32737) Metaspace: 62147K(62464K)->62147K(62464K) NonClass: 56615K(56832K)->56615K(56832K) Class: 5532K(5632K)->5532K(5632K)
[13554.885s][info][gc             ] GC(32737) Pause Young (Allocation Failure) 388M->310M(392M) 2.679ms
[13554.885s][info][gc,cpu         ] GC(32737) User=0.00s Sys=0.00s Real=0.00s
[13555.366s][info][gc,start       ] GC(32738) Pause Young (Allocation Failure)
[13555.368s][info][gc,heap        ] GC(32738) PSYoungGen: 81952K(83968K)->640K(84480K) Eden: 80896K(80896K)->0K(81920K) From: 1056K(3072K)->640K(2560K)
[13555.368s][info][gc,heap        ] GC(32738) ParOldGen: 316412K(317440K)->316476K(317440K)
[13555.368s][info][gc,metaspace   ] GC(32738) Metaspace: 62147K(62464K)->62147K(62464K) NonClass: 56615K(56832K)->56615K(56832K) Class: 5532K(5632K)->5532K(5632K)
[13555.368s][info][gc             ] GC(32738) Pause Young (Allocation Failure) 389M->309M(392M) 2.275ms
[13555.369s][info][gc,cpu         ] GC(32738) User=0.00s Sys=0.00s Real=0.00s
[13555.776s][info][gc,start       ] GC(32739) Pause Young (Allocation Failure)
[13555.779s][info][gc,heap        ] GC(32739) PSYoungGen: 82560K(84480K)->800K(84480K) Eden: 81920K(81920K)->0K(81920K) From: 640K(2560K)->800K(2560K)
[13555.779s][info][gc,heap        ] GC(32739) ParOldGen: 316476K(317440K)->316540K(317440K)
[13555.779s][info][gc,metaspace   ] GC(32739) Metaspace: 62147K(62464K)->62147K(62464K) NonClass: 56615K(56832K)->56615K(56832K) Class: 5532K(5632K)->5532K(5632K)
[13555.779s][info][gc             ] GC(32739) Pause Young (Allocation Failure) 389M->309M(392M) 2.610ms
[13555.779s][info][gc,cpu         ] GC(32739) User=0.00s Sys=0.00s Real=0.00s
[13556.196s][info][gc,start       ] GC(32740) Pause Young (Allocation Failure)
[13556.199s][info][gc,heap        ] GC(32740) PSYoungGen: 82720K(84480K)->1056K(84480K) Eden: 81920K(81920K)->0K(81920K) From: 800K(2560K)->1056K(2560K)
[13556.199s][info][gc,heap        ] GC(32740) ParOldGen: 316540K(317440K)->316604K(317440K)
[13556.199s][info][gc,metaspace   ] GC(32740) Metaspace: 62147K(62464K)->62147K(62464K) NonClass: 56615K(56832K)->56615K(56832K) Class: 5532K(5632K)->5532K(5632K)
[13556.199s][info][gc             ] GC(32740) Pause Young (Allocation Failure) 389M->310M(392M) 2.675ms
[13556.199s][info][gc,cpu         ] GC(32740) User=0.00s Sys=0.00s Real=0.00s
[13556.607s][info][gc,start       ] GC(32741) Pause Young (Allocation Failure)
[13556.610s][info][gc,heap        ] GC(32741) PSYoungGen: 82975K(84480K)->1248K(84480K) Eden: 81919K(81920K)->0K(81920K) From: 1056K(2560K)->1248K(2560K)
[13556.610s][info][gc,heap        ] GC(32741) ParOldGen: 316604K(317440K)->316676K(317440K)
[13556.610s][info][gc,metaspace   ] GC(32741) Metaspace: 62147K(62464K)->62147K(62464K) NonClass: 56615K(56832K)->56615K(56832K) Class: 5532K(5632K)->5532K(5632K)
[13556.610s][info][gc             ] GC(32741) Pause Young (Allocation Failure) 390M->310M(392M) 2.760ms
[13556.610s][info][gc,cpu         ] GC(32741) User=0.01s Sys=0.00s Real=0.00s
[13557.023s][info][gc,start       ] GC(32742) Pause Young (Allocation Failure)
[13557.026s][info][gc,heap        ] GC(32742) PSYoungGen: 83168K(84480K)->1600K(84480K) Eden: 81920K(81920K)->0K(81920K) From: 1248K(2560K)->1600K(2560K)
[13557.026s][info][gc,heap        ] GC(32742) ParOldGen: 316676K(317440K)->316740K(317440K)
[13557.026s][info][gc,metaspace   ] GC(32742) Metaspace: 62147K(62464K)->62147K(62464K) NonClass: 56615K(56832K)->56615K(56832K) Class: 5532K(5632K)->5532K(5632K)
[13557.026s][info][gc             ] GC(32742) Pause Young (Allocation Failure) 390M->310M(392M) 3.019ms
[13557.026s][info][gc,cpu         ] GC(32742) User=0.01s Sys=0.00s Real=0.00s
[13557.427s][info][gc,start       ] GC(32743) Pause Young (Allocation Failure)
[13557.430s][info][gc,heap        ] GC(32743) PSYoungGen: 83520K(84480K)->1760K(84480K) Eden: 81920K(81920K)->0K(81920K) From: 1600K(2560K)->1760K(2560K)
[13557.430s][info][gc,heap        ] GC(32743) ParOldGen: 316740K(317440K)->316804K(317440K)
[13557.430s][info][gc,metaspace   ] GC(32743) Metaspace: 62147K(62464K)->62147K(62464K) NonClass: 56615K(56832K)->56615K(56832K) Class: 5532K(5632K)->5532K(5632K)
[13557.430s][info][gc             ] GC(32743) Pause Young (Allocation Failure) 390M->311M(392M) 3.144ms
[13557.430s][info][gc,cpu         ] GC(32743) User=0.00s Sys=0.00s Real=0.00s
[13557.809s][info][gc,start       ] GC(32744) Pause Young (Allocation Failure)
[13557.813s][info][gc,heap        ] GC(32744) PSYoungGen: 83680K(84480K)->2400K(83456K) Eden: 81920K(81920K)->0K(80896K) From: 1760K(2560K)->2400K(2560K)
[13557.813s][info][gc,heap        ] GC(32744) ParOldGen: 316804K(317440K)->317892K(318976K)
[13557.813s][info][gc,metaspace   ] GC(32744) Metaspace: 62147K(62464K)->62147K(62464K) NonClass: 56615K(56832K)->56615K(56832K) Class: 5532K(5632K)->5532K(5632K)
[13557.813s][info][gc             ] GC(32744) Pause Young (Allocation Failure) 391M->312M(393M) 3.570ms
[13557.813s][info][gc,cpu         ] GC(32744) User=0.01s Sys=0.00s Real=0.01s
[13558.183s][info][gc,start       ] GC(32745) Pause Young (Allocation Failure)
[13558.186s][info][gc,heap        ] GC(32745) PSYoungGen: 83296K(83456K)->896K(83968K) Eden: 80896K(80896K)->0K(80896K) From: 2400K(2560K)->896K(3072K)
[13558.186s][info][gc,heap        ] GC(32745) ParOldGen: 317892K(318976K)->320012K(320512K)
[13558.186s][info][gc,metaspace   ] GC(32745) Metaspace: 62147K(62464K)->62147K(62464K) NonClass: 56615K(56832K)->56615K(56832K) Class: 5532K(5632K)->5532K(5632K)
[13558.187s][info][gc             ] GC(32745) Pause Young (Allocation Failure) 391M->313M(395M) 3.573ms
[13558.187s][info][gc,cpu         ] GC(32745) User=0.00s Sys=0.00s Real=0.00s
[13558.557s][info][gc,start       ] GC(32746) Pause Young (Allocation Failure)
[13558.559s][info][gc,heap        ] GC(32746) PSYoungGen: 81792K(83968K)->512K(83968K) Eden: 80896K(80896K)->0K(80896K) From: 896K(3072K)->512K(3072K)
[13558.559s][info][gc,heap        ] GC(32746) ParOldGen: 320012K(320512K)->320084K(320512K)
[13558.559s][info][gc,metaspace   ] GC(32746) Metaspace: 62147K(62464K)->62147K(62464K) NonClass: 56615K(56832K)->56615K(56832K) Class: 5532K(5632K)->5532K(5632K)
[13558.559s][info][gc             ] GC(32746) Pause Young (Allocation Failure) 392M->313M(395M) 2.257ms
[13558.559s][info][gc,cpu         ] GC(32746) User=0.01s Sys=0.01s Real=0.00s
[13558.934s][info][gc,start       ] GC(32747) Pause Young (Allocation Failure)
[13558.937s][info][gc,heap        ] GC(32747) PSYoungGen: 81408K(83968K)->1824K(83968K) Eden: 80896K(80896K)->0K(80896K) From: 512K(3072K)->1824K(3072K)
[13558.937s][info][gc,heap        ] GC(32747) ParOldGen: 320084K(320512K)->320156K(320512K)
[13558.937s][info][gc,metaspace   ] GC(32747) Metaspace: 62147K(62464K)->62147K(62464K) NonClass: 56615K(56832K)->56615K(56832K) Class: 5532K(5632K)->5532K(5632K)
[13558.937s][info][gc             ] GC(32747) Pause Young (Allocation Failure) 392M->314M(395M) 3.277ms
[13558.937s][info][gc,cpu         ] GC(32747) User=0.01s Sys=0.00s Real=0.00s
[13559.323s][info][gc,start       ] GC(32748) Pause Young (Allocation Failure)
[13559.326s][info][gc,heap        ] GC(32748) PSYoungGen: 82720K(83968K)->1632K(83968K) Eden: 80896K(80896K)->0K(80896K) From: 1824K(3072K)->1632K(3072K)
[13559.327s][info][gc,heap        ] GC(32748) ParOldGen: 320156K(320512K)->320220K(320512K)
[13559.327s][info][gc,metaspace   ] GC(32748) Metaspace: 62147K(62464K)->62147K(62464K) NonClass: 56615K(56832K)->56615K(56832K) Class: 5532K(5632K)->5532K(5632K)
[13559.327s][info][gc             ] GC(32748) Pause Young (Allocation Failure) 393M->314M(395M) 3.167ms
[13559.327s][info][gc,cpu         ] GC(32748) User=0.01s Sys=0.00s Real=0.00s
[13559.711s][info][gc,start       ] GC(32749) Pause Young (Allocation Failure)
[13559.714s][info][gc,heap        ] GC(32749) PSYoungGen: 82528K(83968K)->1408K(83968K) Eden: 80896K(80896K)->0K(80896K) From: 1632K(3072K)->1408K(3072K)
[13559.714s][info][gc,heap        ] GC(32749) ParOldGen: 320220K(320512K)->320284K(320512K)
[13559.714s][info][gc,metaspace   ] GC(32749) Metaspace: 62147K(62464K)->62147K(62464K) NonClass: 56615K(56832K)->56615K(56832K) Class: 5532K(5632K)->5532K(5632K)
[13559.714s][info][gc             ] GC(32749) Pause Young (Allocation Failure) 393M->314M(395M) 2.901ms
[13559.714s][info][gc,cpu         ] GC(32749) User=0.00s Sys=0.00s Real=0.01s
[13560.175s][info][gc,start       ] GC(32750) Pause Young (Allocation Failure)
[13560.177s][info][gc,heap        ] GC(32750) PSYoungGen: 82304K(83968K)->816K(84480K) Eden: 80896K(80896K)->0K(81408K) From: 1408K(3072K)->816K(3072K)
[13560.178s][info][gc,heap        ] GC(32750) ParOldGen: 320284K(320512K)->320348K(320512K)
[13560.178s][info][gc,metaspace   ] GC(32750) Metaspace: 62147K(62464K)->62147K(62464K) NonClass: 56615K(56832K)->56615K(56832K) Class: 5532K(5632K)->5532K(5632K)
[13560.178s][info][gc             ] GC(32750) Pause Young (Allocation Failure) 393M->313M(395M) 2.532ms
[13560.178s][info][gc,cpu         ] GC(32750) User=0.01s Sys=0.00s Real=0.00s
[13560.559s][info][gc,start       ] GC(32751) Pause Young (Allocation Failure)
[13560.561s][info][gc,heap        ] GC(32751) PSYoungGen: 82224K(84480K)->544K(83968K) Eden: 81408K(81408K)->0K(81408K) From: 816K(3072K)->544K(2560K)
[13560.561s][info][gc,heap        ] GC(32751) ParOldGen: 320348K(320512K)->320468K(320512K)
[13560.561s][info][gc,metaspace   ] GC(32751) Metaspace: 62147K(62464K)->62147K(62464K) NonClass: 56615K(56832K)->56615K(56832K) Class: 5532K(5632K)->5532K(5632K)
[13560.561s][info][gc             ] GC(32751) Pause Young (Allocation Failure) 393M->313M(395M) 2.268ms
[13560.561s][info][gc,cpu         ] GC(32751) User=0.01s Sys=0.00s Real=0.01s
[13560.944s][info][gc,start       ] GC(32752) Pause Young (Allocation Failure)
[13560.946s][info][gc,heap        ] GC(32752) PSYoungGen: 81952K(83968K)->256K(83456K) Eden: 81408K(81408K)->0K(80896K) From: 544K(2560K)->256K(2560K)
[13560.946s][info][gc,heap        ] GC(32752) ParOldGen: 320468K(320512K)->320532K(321024K)
[13560.946s][info][gc,metaspace   ] GC(32752) Metaspace: 62147K(62464K)->62147K(62464K) NonClass: 56615K(56832K)->56615K(56832K) Class: 5532K(5632K)->5532K(5632K)
[13560.946s][info][gc             ] GC(32752) Pause Young (Allocation Failure) 392M->313M(395M) 1.961ms
[13560.946s][info][gc,cpu         ] GC(32752) User=0.00s Sys=0.00s Real=0.00s
[13561.356s][info][gc,start       ] GC(32753) Pause Young (Allocation Failure)
[13561.358s][info][gc,heap        ] GC(32753) PSYoungGen: 81152K(83456K)->448K(83968K) Eden: 80896K(80896K)->0K(80896K) From: 256K(2560K)->448K(3072K)
[13561.358s][info][gc,heap        ] GC(32753) ParOldGen: 320532K(321024K)->320604K(321024K)
[13561.358s][info][gc,metaspace   ] GC(32753) Metaspace: 62147K(62464K)->62147K(62464K) NonClass: 56615K(56832K)->56615K(56832K) Class: 5532K(5632K)->5532K(5632K)
[13561.358s][info][gc             ] GC(32753) Pause Young (Allocation Failure) 392M->313M(395M) 2.173ms
[13561.358s][info][gc,cpu         ] GC(32753) User=0.00s Sys=0.00s Real=0.00s
[13561.782s][info][gc,start       ] GC(32754) Pause Young (Allocation Failure)
[13561.784s][info][gc,heap        ] GC(32754) PSYoungGen: 81344K(83968K)->864K(84480K) Eden: 80896K(80896K)->0K(81920K) From: 448K(3072K)->864K(2560K)
[13561.784s][info][gc,heap        ] GC(32754) ParOldGen: 320604K(321024K)->320676K(321024K)
[13561.784s][info][gc,metaspace   ] GC(32754) Metaspace: 62147K(62464K)->62147K(62464K) NonClass: 56615K(56832K)->56615K(56832K) Class: 5532K(5632K)->5532K(5632K)
[13561.784s][info][gc             ] GC(32754) Pause Young (Allocation Failure) 392M->314M(396M) 2.478ms
[13561.784s][info][gc,cpu         ] GC(32754) User=0.01s Sys=0.00s Real=0.00s
[13562.163s][info][gc,start       ] GC(32755) Pause Young (Allocation Failure)
[13562.166s][info][gc,heap        ] GC(32755) PSYoungGen: 82784K(84480K)->2528K(84480K) Eden: 81920K(81920K)->0K(81920K) From: 864K(2560K)->2528K(2560K)
[13562.166s][info][gc,heap        ] GC(32755) ParOldGen: 320676K(321024K)->320828K(321024K)
[13562.166s][info][gc,metaspace   ] GC(32755) Metaspace: 62147K(62464K)->62147K(62464K) NonClass: 56615K(56832K)->56615K(56832K) Class: 5532K(5632K)->5532K(5632K)
[13562.166s][info][gc             ] GC(32755) Pause Young (Allocation Failure) 394M->315M(396M) 2.558ms
[13562.166s][info][gc,cpu         ] GC(32755) User=0.01s Sys=0.00s Real=0.00s
[13562.546s][info][gc,start       ] GC(32756) Pause Young (Allocation Failure)
[13562.549s][info][gc,heap        ] GC(32756) PSYoungGen: 84448K(84480K)->320K(83456K) Eden: 81920K(81920K)->0K(80896K) From: 2528K(2560K)->320K(2560K)
[13562.549s][info][gc,heap        ] GC(32756) ParOldGen: 320828K(321024K)->322924K(324096K)
[13562.549s][info][gc,metaspace   ] GC(32756) Metaspace: 62147K(62464K)->62147K(62464K) NonClass: 56615K(56832K)->56615K(56832K) Class: 5532K(5632K)->5532K(5632K)
[13562.549s][info][gc             ] GC(32756) Pause Young (Allocation Failure) 395M->315M(398M) 3.070ms
[13562.549s][info][gc,cpu         ] GC(32756) User=0.00s Sys=0.00s Real=0.00s
[13562.936s][info][gc,start       ] GC(32757) Pause Young (Allocation Failure)
[13562.939s][info][gc,heap        ] GC(32757) PSYoungGen: 81216K(83456K)->1952K(83968K) Eden: 80896K(80896K)->0K(80896K) From: 320K(2560K)->1952K(3072K)
[13562.939s][info][gc,heap        ] GC(32757) ParOldGen: 322924K(324096K)->323004K(324096K)
[13562.939s][info][gc,metaspace   ] GC(32757) Metaspace: 62147K(62464K)->62147K(62464K) NonClass: 56615K(56832K)->56615K(56832K) Class: 5532K(5632K)->5532K(5632K)
[13562.939s][info][gc             ] GC(32757) Pause Young (Allocation Failure) 394M->317M(398M) 3.452ms
[13562.939s][info][gc,cpu         ] GC(32757) User=0.01s Sys=0.00s Real=0.00s
[13563.281s][info][gc,start       ] GC(32758) Pause Young (Allocation Failure)
[13563.284s][info][gc,heap        ] GC(32758) PSYoungGen: 82848K(83968K)->992K(83968K) Eden: 80896K(80896K)->0K(80896K) From: 1952K(3072K)->992K(3072K)
[13563.284s][info][gc,heap        ] GC(32758) ParOldGen: 323004K(324096K)->323076K(324096K)
[13563.284s][info][gc,metaspace   ] GC(32758) Metaspace: 62147K(62464K)->62147K(62464K) NonClass: 56615K(56832K)->56615K(56832K) Class: 5532K(5632K)->5532K(5632K)
[13563.284s][info][gc             ] GC(32758) Pause Young (Allocation Failure) 396M->316M(398M) 2.544ms
[13563.284s][info][gc,cpu         ] GC(32758) User=0.00s Sys=0.00s Real=0.00s
[13563.703s][info][gc,start       ] GC(32759) Pause Young (Allocation Failure)
[13563.706s][info][gc,heap        ] GC(32759) PSYoungGen: 81888K(83968K)->1216K(83968K) Eden: 80896K(80896K)->0K(80896K) From: 992K(3072K)->1216K(3072K)
[13563.706s][info][gc,heap        ] GC(32759) ParOldGen: 323076K(324096K)->323148K(324096K)
[13563.706s][info][gc,metaspace   ] GC(32759) Metaspace: 62147K(62464K)->62147K(62464K) NonClass: 56615K(56832K)->56615K(56832K) Class: 5532K(5632K)->5532K(5632K)
[13563.706s][info][gc             ] GC(32759) Pause Young (Allocation Failure) 395M->316M(398M) 2.728ms
[13563.706s][info][gc,cpu         ] GC(32759) User=0.00s Sys=0.00s Real=0.00s
[13564.062s][info][gc,start       ] GC(32760) Pause Young (Allocation Failure)
[13564.064s][info][gc,heap        ] GC(32760) PSYoungGen: 82112K(83968K)->608K(83968K) Eden: 80896K(80896K)->0K(80896K) From: 1216K(3072K)->608K(3072K)
[13564.064s][info][gc,heap        ] GC(32760) ParOldGen: 323148K(324096K)->323220K(324096K)
[13564.064s][info][gc,metaspace   ] GC(32760) Metaspace: 62147K(62464K)->62147K(62464K) NonClass: 56615K(56832K)->56615K(56832K) Class: 5532K(5632K)->5532K(5632K)
[13564.064s][info][gc             ] GC(32760) Pause Young (Allocation Failure) 395M->316M(398M) 2.295ms
[13564.064s][info][gc,cpu         ] GC(32760) User=0.01s Sys=0.00s Real=0.00s
[13564.441s][info][gc,start       ] GC(32761) Pause Young (Allocation Failure)
[13564.443s][info][gc,heap        ] GC(32761) PSYoungGen: 81504K(83968K)->192K(83968K) Eden: 80896K(80896K)->0K(80896K) From: 608K(3072K)->192K(3072K)
[13564.443s][info][gc,heap        ] GC(32761) ParOldGen: 323220K(324096K)->323292K(324096K)
[13564.443s][info][gc,metaspace   ] GC(32761) Metaspace: 62147K(62464K)->62147K(62464K) NonClass: 56615K(56832K)->56615K(56832K) Class: 5532K(5632K)->5532K(5632K)
[13564.443s][info][gc             ] GC(32761) Pause Young (Allocation Failure) 395M->315M(398M) 1.893ms
[13564.443s][info][gc,cpu         ] GC(32761) User=0.00s Sys=0.00s Real=0.00s
[13564.829s][info][gc,start       ] GC(32762) Pause Young (Allocation Failure)
[13564.832s][info][gc,heap        ] GC(32762) PSYoungGen: 81088K(83968K)->1728K(83968K) Eden: 80896K(80896K)->0K(80896K) From: 192K(3072K)->1728K(3072K)
[13564.832s][info][gc,heap        ] GC(32762) ParOldGen: 323292K(324096K)->323364K(324096K)
[13564.832s][info][gc,metaspace   ] GC(32762) Metaspace: 62147K(62464K)->62147K(62464K) NonClass: 56615K(56832K)->56615K(56832K) Class: 5532K(5632K)->5532K(5632K)
[13564.832s][info][gc             ] GC(32762) Pause Young (Allocation Failure) 394M->317M(398M) 3.140ms
[13564.832s][info][gc,cpu         ] GC(32762) User=0.00s Sys=0.00s Real=0.01s
[13565.244s][info][gc,start       ] GC(32763) Pause Young (Allocation Failure)
[13565.246s][info][gc,heap        ] GC(32763) PSYoungGen: 82624K(83968K)->256K(83968K) Eden: 80896K(80896K)->0K(80896K) From: 1728K(3072K)->256K(3072K)
[13565.246s][info][gc,heap        ] GC(32763) ParOldGen: 323364K(324096K)->323436K(324096K)
[13565.246s][info][gc,metaspace   ] GC(32763) Metaspace: 62147K(62464K)->62147K(62464K) NonClass: 56615K(56832K)->56615K(56832K) Class: 5532K(5632K)->5532K(5632K)
[13565.246s][info][gc             ] GC(32763) Pause Young (Allocation Failure) 396M->316M(398M) 1.956ms
[13565.246s][info][gc,cpu         ] GC(32763) User=0.00s Sys=0.00s Real=0.00s
[13565.708s][info][gc,start       ] GC(32764) Pause Young (Allocation Failure)
[13565.711s][info][gc,heap        ] GC(32764) PSYoungGen: 81152K(83968K)->1248K(83968K) Eden: 80896K(80896K)->0K(80896K) From: 256K(3072K)->1248K(3072K)
[13565.711s][info][gc,heap        ] GC(32764) ParOldGen: 323436K(324096K)->323508K(324096K)
[13565.711s][info][gc,metaspace   ] GC(32764) Metaspace: 62147K(62464K)->62147K(62464K) NonClass: 56615K(56832K)->56615K(56832K) Class: 5532K(5632K)->5532K(5632K)
[13565.711s][info][gc             ] GC(32764) Pause Young (Allocation Failure) 395M->317M(398M) 2.744ms
[13565.711s][info][gc,cpu         ] GC(32764) User=0.01s Sys=0.00s Real=0.00s
[13566.122s][info][gc,start       ] GC(32765) Pause Young (Allocation Failure)
[13566.125s][info][gc,heap        ] GC(32765) PSYoungGen: 82144K(83968K)->1504K(83968K) Eden: 80896K(80896K)->0K(80896K) From: 1248K(3072K)->1504K(3072K)
[13566.125s][info][gc,heap        ] GC(32765) ParOldGen: 323508K(324096K)->323580K(324096K)
[13566.125s][info][gc,metaspace   ] GC(32765) Metaspace: 62147K(62464K)->62147K(62464K) NonClass: 56615K(56832K)->56615K(56832K) Class: 5532K(5632K)->5532K(5632K)
[13566.125s][info][gc             ] GC(32765) Pause Young (Allocation Failure) 396M->317M(398M) 3.040ms
[13566.125s][info][gc,cpu         ] GC(32765) User=0.01s Sys=0.00s Real=0.00s
[13566.521s][info][gc,start       ] GC(32766) Pause Young (Allocation Failure)
[13566.525s][info][gc,heap        ] GC(32766) PSYoungGen: 82400K(83968K)->2528K(83968K) Eden: 80896K(80896K)->0K(80896K) From: 1504K(3072K)->2528K(3072K)
[13566.525s][info][gc,heap        ] GC(32766) ParOldGen: 323580K(324096K)->325700K(327168K)
[13566.525s][info][gc,metaspace   ] GC(32766) Metaspace: 62147K(62464K)->62147K(62464K) NonClass: 56615K(56832K)->56615K(56832K) Class: 5532K(5632K)->5532K(5632K)
[13566.525s][info][gc             ] GC(32766) Pause Young (Allocation Failure) 396M->320M(401M) 4.255ms
[13566.525s][info][gc,cpu         ] GC(32766) User=0.01s Sys=0.00s Real=0.01s
[13566.940s][info][gc,start       ] GC(32767) Pause Young (Allocation Failure)
[13566.943s][info][gc,heap        ] GC(32767) PSYoungGen: 83424K(83968K)->192K(83968K) Eden: 80896K(80896K)->0K(80896K) From: 2528K(3072K)->192K(3072K)
[13566.943s][info][gc,heap        ] GC(32767) ParOldGen: 325700K(327168K)->327820K(328704K)
[13566.943s][info][gc,metaspace   ] GC(32767) Metaspace: 62147K(62464K)->62147K(62464K) NonClass: 56615K(56832K)->56615K(56832K) Class: 5532K(5632K)->5532K(5632K)
[13566.943s][info][gc             ] GC(32767) Pause Young (Allocation Failure) 399M->320M(403M) 3.019ms
[13566.943s][info][gc,cpu         ] GC(32767) User=0.00s Sys=0.00s Real=0.01s
[13567.466s][info][gc,start       ] GC(32768) Pause Young (Allocation Failure)
[13567.469s][info][gc,heap        ] GC(32768) PSYoungGen: 81088K(83968K)->576K(83968K) Eden: 80896K(80896K)->0K(80896K) From: 192K(3072K)->576K(3072K)
[13567.469s][info][gc,heap        ] GC(32768) ParOldGen: 327820K(328704K)->327884K(328704K)
[13567.469s][info][gc,metaspace   ] GC(32768) Metaspace: 62147K(62464K)->62147K(62464K) NonClass: 56615K(56832K)->56615K(56832K) Class: 5532K(5632K)->5532K(5632K)
[13567.469s][info][gc             ] GC(32768) Pause Young (Allocation Failure) 399M->320M(403M) 2.353ms
[13567.469s][info][gc,cpu         ] GC(32768) User=0.00s Sys=0.00s Real=0.00s
[13567.890s][info][gc,start       ] GC(32769) Pause Young (Allocation Failure)
[13567.893s][info][gc,heap        ] GC(32769) PSYoungGen: 81472K(83968K)->928K(83968K) Eden: 80896K(80896K)->0K(80896K) From: 576K(3072K)->928K(3072K)
[13567.893s][info][gc,heap        ] GC(32769) ParOldGen: 327884K(328704K)->328012K(328704K)
[13567.893s][info][gc,metaspace   ] GC(32769) Metaspace: 62147K(62464K)->62147K(62464K) NonClass: 56615K(56832K)->56615K(56832K) Class: 5532K(5632K)->5532K(5632K)
[13567.893s][info][gc             ] GC(32769) Pause Young (Allocation Failure) 399M->321M(403M) 2.599ms
[13567.893s][info][gc,cpu         ] GC(32769) User=0.01s Sys=0.00s Real=0.01s
[13568.288s][info][gc,start       ] GC(32770) Pause Young (Allocation Failure)
[13568.290s][info][gc,heap        ] GC(32770) PSYoungGen: 81824K(83968K)->1024K(83968K) Eden: 80896K(80896K)->0K(80896K) From: 928K(3072K)->1024K(3072K)
[13568.290s][info][gc,heap        ] GC(32770) ParOldGen: 328012K(328704K)->328084K(328704K)
[13568.290s][info][gc,metaspace   ] GC(32770) Metaspace: 62147K(62464K)->62147K(62464K) NonClass: 56615K(56832K)->56615K(56832K) Class: 5532K(5632K)->5532K(5632K)
[13568.290s][info][gc             ] GC(32770) Pause Young (Allocation Failure) 400M->321M(403M) 2.673ms
[13568.290s][info][gc,cpu         ] GC(32770) User=0.00s Sys=0.00s Real=0.00s
[13568.724s][info][gc,start       ] GC(32771) Pause Young (Allocation Failure)
[13568.727s][info][gc,heap        ] GC(32771) PSYoungGen: 81920K(83968K)->1344K(83968K) Eden: 80896K(80896K)->0K(80896K) From: 1024K(3072K)->1344K(3072K)
[13568.727s][info][gc,heap        ] GC(32771) ParOldGen: 328084K(328704K)->328156K(328704K)
[13568.727s][info][gc,metaspace   ] GC(32771) Metaspace: 62147K(62464K)->62147K(62464K) NonClass: 56615K(56832K)->56615K(56832K) Class: 5532K(5632K)->5532K(5632K)
[13568.727s][info][gc             ] GC(32771) Pause Young (Allocation Failure) 400M->321M(403M) 3.031ms
[13568.727s][info][gc,cpu         ] GC(32771) User=0.01s Sys=0.00s Real=0.00s
[13569.086s][info][gc,start       ] GC(32772) Pause Young (Allocation Failure)
[13569.089s][info][gc,heap        ] GC(32772) PSYoungGen: 82240K(83968K)->1056K(84480K) Eden: 80896K(80896K)->0K(81920K) From: 1344K(3072K)->1056K(2560K)
[13569.089s][info][gc,heap        ] GC(32772) ParOldGen: 328156K(328704K)->328228K(328704K)
[13569.089s][info][gc,metaspace   ] GC(32772) Metaspace: 62147K(62464K)->62147K(62464K) NonClass: 56615K(56832K)->56615K(56832K) Class: 5532K(5632K)->5532K(5632K)
[13569.089s][info][gc             ] GC(32772) Pause Young (Allocation Failure) 400M->321M(403M) 2.617ms
[13569.089s][info][gc,cpu         ] GC(32772) User=0.01s Sys=0.00s Real=0.00s
[13569.463s][info][gc,start       ] GC(32773) Pause Young (Allocation Failure)
[13569.465s][info][gc,heap        ] GC(32773) PSYoungGen: 82976K(84480K)->576K(84480K) Eden: 81920K(81920K)->0K(81920K) From: 1056K(2560K)->576K(2560K)
[13569.465s][info][gc,heap        ] GC(32773) ParOldGen: 328228K(328704K)->328292K(328704K)
[13569.465s][info][gc,metaspace   ] GC(32773) Metaspace: 62147K(62464K)->62147K(62464K) NonClass: 56615K(56832K)->56615K(56832K) Class: 5532K(5632K)->5532K(5632K)
[13569.465s][info][gc             ] GC(32773) Pause Young (Allocation Failure) 401M->321M(403M) 2.308ms
[13569.465s][info][gc,cpu         ] GC(32773) User=0.00s Sys=0.00s Real=0.00s
[13569.825s][info][gc,start       ] GC(32774) Pause Young (Allocation Failure)
[13569.828s][info][gc,heap        ] GC(32774) PSYoungGen: 82496K(84480K)->1952K(83456K) Eden: 81920K(81920K)->0K(80896K) From: 576K(2560K)->1952K(2560K)
[13569.828s][info][gc,heap        ] GC(32774) ParOldGen: 328292K(328704K)->328364K(328704K)
[13569.828s][info][gc,metaspace   ] GC(32774) Metaspace: 62147K(62464K)->62147K(62464K) NonClass: 56615K(56832K)->56615K(56832K) Class: 5532K(5632K)->5532K(5632K)
[13569.828s][info][gc             ] GC(32774) Pause Young (Allocation Failure) 401M->322M(402M) 3.410ms
[13569.828s][info][gc,cpu         ] GC(32774) User=0.01s Sys=0.00s Real=0.00s
[13570.273s][info][gc,start       ] GC(32775) Pause Young (Allocation Failure)
[13570.276s][info][gc,heap        ] GC(32775) PSYoungGen: 82848K(83456K)->736K(83968K) Eden: 80896K(80896K)->0K(80896K) From: 1952K(2560K)->736K(3072K)
[13570.276s][info][gc,heap        ] GC(32775) ParOldGen: 328364K(328704K)->328428K(328704K)
[13570.276s][info][gc,metaspace   ] GC(32775) Metaspace: 62147K(62464K)->62147K(62464K) NonClass: 56615K(56832K)->56615K(56832K) Class: 5532K(5632K)->5532K(5632K)
[13570.276s][info][gc             ] GC(32775) Pause Young (Allocation Failure) 401M->321M(403M) 2.475ms
[13570.276s][info][gc,cpu         ] GC(32775) User=0.00s Sys=0.00s Real=0.00s
[13570.700s][info][gc,start       ] GC(32776) Pause Young (Allocation Failure)
[13570.703s][info][gc,heap        ] GC(32776) PSYoungGen: 81632K(83968K)->1120K(84480K) Eden: 80896K(80896K)->0K(81920K) From: 736K(3072K)->1120K(2560K)
[13570.703s][info][gc,heap        ] GC(32776) ParOldGen: 328428K(328704K)->328500K(328704K)
[13570.703s][info][gc,metaspace   ] GC(32776) Metaspace: 62147K(62464K)->62147K(62464K) NonClass: 56615K(56832K)->56615K(56832K) Class: 5532K(5632K)->5532K(5632K)
[13570.703s][info][gc             ] GC(32776) Pause Young (Allocation Failure) 400M->321M(403M) 2.829ms
[13570.703s][info][gc,cpu         ] GC(32776) User=0.00s Sys=0.00s Real=0.01s
[13571.118s][info][gc,start       ] GC(32777) Pause Young (Allocation Failure)
[13571.121s][info][gc,heap        ] GC(32777) PSYoungGen: 83040K(84480K)->1504K(84480K) Eden: 81920K(81920K)->0K(81920K) From: 1120K(2560K)->1504K(2560K)
[13571.121s][info][gc,heap        ] GC(32777) ParOldGen: 328500K(328704K)->328572K(328704K)
[13571.121s][info][gc,metaspace   ] GC(32777) Metaspace: 62147K(62464K)->62147K(62464K) NonClass: 56615K(56832K)->56615K(56832K) Class: 5532K(5632K)->5532K(5632K)
[13571.121s][info][gc             ] GC(32777) Pause Young (Allocation Failure) 401M->322M(403M) 3.078ms
[13571.121s][info][gc,cpu         ] GC(32777) User=0.01s Sys=0.00s Real=0.01s
[13571.501s][info][gc,start       ] GC(32778) Pause Young (Allocation Failure)
[13571.504s][info][gc,heap        ] GC(32778) PSYoungGen: 83424K(84480K)->1248K(84480K) Eden: 81920K(81920K)->0K(81920K) From: 1504K(2560K)->1248K(2560K)
[13571.504s][info][gc,heap        ] GC(32778) ParOldGen: 328572K(328704K)->328636K(328704K)
[13571.504s][info][gc,metaspace   ] GC(32778) Metaspace: 62147K(62464K)->62147K(62464K) NonClass: 56615K(56832K)->56615K(56832K) Class: 5532K(5632K)->5532K(5632K)
[13571.504s][info][gc             ] GC(32778) Pause Young (Allocation Failure) 402M->322M(403M) 2.870ms
[13571.504s][info][gc,cpu         ] GC(32778) User=0.01s Sys=0.00s Real=0.00s
[13571.890s][info][gc,start       ] GC(32779) Pause Young (Allocation Failure)
[13571.892s][info][gc,heap        ] GC(32779) PSYoungGen: 83168K(84480K)->1088K(84480K) Eden: 81920K(81920K)->0K(81920K) From: 1248K(2560K)->1088K(2560K)
[13571.892s][info][gc,heap        ] GC(32779) ParOldGen: 328636K(328704K)->328700K(328704K)
[13571.892s][info][gc,metaspace   ] GC(32779) Metaspace: 62147K(62464K)->62147K(62464K) NonClass: 56615K(56832K)->56615K(56832K) Class: 5532K(5632K)->5532K(5632K)
[13571.892s][info][gc             ] GC(32779) Pause Young (Allocation Failure) 402M->322M(403M) 2.612ms
[13571.892s][info][gc,cpu         ] GC(32779) User=0.00s Sys=0.00s Real=0.01s
[13572.307s][info][gc,start       ] GC(32780) Pause Young (Allocation Failure)
[13572.310s][info][gc,heap        ] GC(32780) PSYoungGen: 83008K(84480K)->1216K(84480K) Eden: 81920K(81920K)->0K(81920K) From: 1088K(2560K)->1216K(2560K)
[13572.310s][info][gc,heap        ] GC(32780) ParOldGen: 328700K(328704K)->328764K(329216K)
[13572.310s][info][gc,metaspace   ] GC(32780) Metaspace: 62147K(62464K)->62147K(62464K) NonClass: 56615K(56832K)->56615K(56832K) Class: 5532K(5632K)->5532K(5632K)
[13572.310s][info][gc             ] GC(32780) Pause Young (Allocation Failure) 402M->322M(404M) 2.821ms
[13572.310s][info][gc,cpu         ] GC(32780) User=0.01s Sys=0.00s Real=0.00s
[13572.728s][info][gc,start       ] GC(32781) Pause Young (Allocation Failure)
[13572.731s][info][gc,heap        ] GC(32781) PSYoungGen: 83136K(84480K)->1600K(84480K) Eden: 81920K(81920K)->0K(81920K) From: 1216K(2560K)->1600K(2560K)
[13572.731s][info][gc,heap        ] GC(32781) ParOldGen: 328764K(329216K)->328836K(329216K)
[13572.731s][info][gc,metaspace   ] GC(32781) Metaspace: 62147K(62464K)->62147K(62464K) NonClass: 56615K(56832K)->56615K(56832K) Class: 5532K(5632K)->5532K(5632K)
[13572.731s][info][gc             ] GC(32781) Pause Young (Allocation Failure) 402M->322M(404M) 3.132ms
[13572.731s][info][gc,cpu         ] GC(32781) User=0.00s Sys=0.00s Real=0.00s
[13573.157s][info][gc,start       ] GC(32782) Pause Young (Allocation Failure)
[13573.159s][info][gc,heap        ] GC(32782) PSYoungGen: 83520K(84480K)->448K(84480K) Eden: 81920K(81920K)->0K(81920K) From: 1600K(2560K)->448K(2560K)
[13573.159s][info][gc,heap        ] GC(32782) ParOldGen: 328836K(329216K)->328908K(329216K)
[13573.159s][info][gc,metaspace   ] GC(32782) Metaspace: 62147K(62464K)->62147K(62464K) NonClass: 56615K(56832K)->56615K(56832K) Class: 5532K(5632K)->5532K(5632K)
[13573.159s][info][gc             ] GC(32782) Pause Young (Allocation Failure) 402M->321M(404M) 2.167ms
[13573.160s][info][gc,cpu         ] GC(32782) User=0.00s Sys=0.00s Real=0.00s
[13573.577s][info][gc,start       ] GC(32783) Pause Young (Allocation Failure)
[13573.580s][info][gc,heap        ] GC(32783) PSYoungGen: 82368K(84480K)->768K(84480K) Eden: 81920K(81920K)->0K(81920K) From: 448K(2560K)->768K(2560K)
[13573.580s][info][gc,heap        ] GC(32783) ParOldGen: 328908K(329216K)->328980K(329216K)
[13573.580s][info][gc,metaspace   ] GC(32783) Metaspace: 62147K(62464K)->62147K(62464K) NonClass: 56615K(56832K)->56615K(56832K) Class: 5532K(5632K)->5532K(5632K)
[13573.580s][info][gc             ] GC(32783) Pause Young (Allocation Failure) 401M->322M(404M) 2.383ms
[13573.580s][info][gc,cpu         ] GC(32783) User=0.00s Sys=0.00s Real=0.00s
[13573.996s][info][gc,start       ] GC(32784) Pause Young (Allocation Failure)
[13573.998s][info][gc,heap        ] GC(32784) PSYoungGen: 82688K(84480K)->1120K(84480K) Eden: 81920K(81920K)->0K(81920K) From: 768K(2560K)->1120K(2560K)
[13573.998s][info][gc,heap        ] GC(32784) ParOldGen: 328980K(329216K)->329052K(329216K)
[13573.998s][info][gc,metaspace   ] GC(32784) Metaspace: 62147K(62464K)->62147K(62464K) NonClass: 56615K(56832K)->56615K(56832K) Class: 5532K(5632K)->5532K(5632K)
[13573.998s][info][gc             ] GC(32784) Pause Young (Allocation Failure) 402M->322M(404M) 2.682ms
[13573.999s][info][gc,cpu         ] GC(32784) User=0.01s Sys=0.00s Real=0.00s
[13574.429s][info][gc,start       ] GC(32785) Pause Young (Allocation Failure)
[13574.432s][info][gc,heap        ] GC(32785) PSYoungGen: 83040K(84480K)->1600K(84480K) Eden: 81920K(81920K)->0K(81920K) From: 1120K(2560K)->1600K(2560K)
[13574.432s][info][gc,heap        ] GC(32785) ParOldGen: 329052K(329216K)->329116K(329216K)
[13574.432s][info][gc,metaspace   ] GC(32785) Metaspace: 62147K(62464K)->62147K(62464K) NonClass: 56615K(56832K)->56615K(56832K) Class: 5532K(5632K)->5532K(5632K)
[13574.432s][info][gc             ] GC(32785) Pause Young (Allocation Failure) 402M->322M(404M) 3.043ms
[13574.432s][info][gc,cpu         ] GC(32785) User=0.01s Sys=0.00s Real=0.01s
[13574.907s][info][gc,start       ] GC(32786) Pause Young (Allocation Failure)
[13574.910s][info][gc,heap        ] GC(32786) PSYoungGen: 83520K(84480K)->1440K(84480K) Eden: 81920K(81920K)->0K(81920K) From: 1600K(2560K)->1440K(2560K)
[13574.910s][info][gc,heap        ] GC(32786) ParOldGen: 329116K(329216K)->329180K(329216K)
[13574.910s][info][gc,metaspace   ] GC(32786) Metaspace: 62147K(62464K)->62147K(62464K) NonClass: 56615K(56832K)->56615K(56832K) Class: 5532K(5632K)->5532K(5632K)
[13574.910s][info][gc             ] GC(32786) Pause Young (Allocation Failure) 402M->322M(404M) 3.245ms
[13574.910s][info][gc,cpu         ] GC(32786) User=0.00s Sys=0.00s Real=0.00s
[13575.319s][info][gc,start       ] GC(32787) Pause Young (Allocation Failure)
[13575.322s][info][gc,heap        ] GC(32787) PSYoungGen: 83360K(84480K)->1504K(84480K) Eden: 81920K(81920K)->0K(81920K) From: 1440K(2560K)->1504K(2560K)
[13575.322s][info][gc,heap        ] GC(32787) ParOldGen: 329180K(329216K)->329301K(329728K)
[13575.322s][info][gc,metaspace   ] GC(32787) Metaspace: 62147K(62464K)->62147K(62464K) NonClass: 56615K(56832K)->56615K(56832K) Class: 5532K(5632K)->5532K(5632K)
[13575.322s][info][gc             ] GC(32787) Pause Young (Allocation Failure) 402M->323M(404M) 3.123ms
[13575.322s][info][gc,cpu         ] GC(32787) User=0.01s Sys=0.00s Real=0.01s
[13575.718s][info][gc,start       ] GC(32788) Pause Young (Allocation Failure)
[13575.720s][info][gc,heap        ] GC(32788) PSYoungGen: 83424K(84480K)->1344K(84480K) Eden: 81920K(81920K)->0K(81920K) From: 1504K(2560K)->1344K(2560K)
[13575.720s][info][gc,heap        ] GC(32788) ParOldGen: 329301K(329728K)->329373K(329728K)
[13575.720s][info][gc,metaspace   ] GC(32788) Metaspace: 62147K(62464K)->62147K(62464K) NonClass: 56615K(56832K)->56615K(56832K) Class: 5532K(5632K)->5532K(5632K)
[13575.720s][info][gc             ] GC(32788) Pause Young (Allocation Failure) 403M->322M(404M) 2.878ms
[13575.721s][info][gc,cpu         ] GC(32788) User=0.00s Sys=0.00s Real=0.00s
[13576.100s][info][gc,start       ] GC(32789) Pause Young (Allocation Failure)
[13576.103s][info][gc,heap        ] GC(32789) PSYoungGen: 83264K(84480K)->2240K(84480K) Eden: 81920K(81920K)->0K(81920K) From: 1344K(2560K)->2240K(2560K)
[13576.103s][info][gc,heap        ] GC(32789) ParOldGen: 329373K(329728K)->330469K(331264K)
[13576.103s][info][gc,metaspace   ] GC(32789) Metaspace: 62147K(62464K)->62147K(62464K) NonClass: 56615K(56832K)->56615K(56832K) Class: 5532K(5632K)->5532K(5632K)
[13576.103s][info][gc             ] GC(32789) Pause Young (Allocation Failure) 402M->324M(406M) 3.472ms
[13576.103s][info][gc,cpu         ] GC(32789) User=0.00s Sys=0.00s Real=0.01s
[13576.514s][info][gc,start       ] GC(32790) Pause Young (Allocation Failure)
[13576.518s][info][gc,heap        ] GC(32790) PSYoungGen: 84160K(84480K)->1376K(84480K) Eden: 81920K(81920K)->0K(81920K) From: 2240K(2560K)->1376K(2560K)
[13576.518s][info][gc,heap        ] GC(32790) ParOldGen: 330469K(331264K)->332589K(332800K)
[13576.518s][info][gc,metaspace   ] GC(32790) Metaspace: 62147K(62464K)->62147K(62464K) NonClass: 56615K(56832K)->56615K(56832K) Class: 5532K(5632K)->5532K(5632K)
[13576.518s][info][gc             ] GC(32790) Pause Young (Allocation Failure) 404M->326M(407M) 4.006ms
[13576.518s][info][gc,cpu         ] GC(32790) User=0.00s Sys=0.00s Real=0.00s
[13576.958s][info][gc,start       ] GC(32791) Pause Young (Allocation Failure)
[13576.960s][info][gc,heap        ] GC(32791) PSYoungGen: 83296K(84480K)->480K(84480K) Eden: 81920K(81920K)->0K(81920K) From: 1376K(2560K)->480K(2560K)
[13576.960s][info][gc,heap        ] GC(32791) ParOldGen: 332589K(332800K)->332661K(332800K)
[13576.960s][info][gc,metaspace   ] GC(32791) Metaspace: 62147K(62464K)->62147K(62464K) NonClass: 56615K(56832K)->56615K(56832K) Class: 5532K(5632K)->5532K(5632K)
[13576.960s][info][gc             ] GC(32791) Pause Young (Allocation Failure) 406M->325M(407M) 2.183ms
[13576.960s][info][gc,cpu         ] GC(32791) User=0.00s Sys=0.00s Real=0.00s
[13577.416s][info][gc,start       ] GC(32792) Pause Young (Allocation Failure)
[13577.419s][info][gc,heap        ] GC(32792) PSYoungGen: 82400K(84480K)->1344K(84480K) Eden: 81920K(81920K)->0K(81920K) From: 480K(2560K)->1344K(2560K)
[13577.419s][info][gc,heap        ] GC(32792) ParOldGen: 332661K(332800K)->332725K(332800K)
[13577.419s][info][gc,metaspace   ] GC(32792) Metaspace: 62147K(62464K)->62147K(62464K) NonClass: 56615K(56832K)->56615K(56832K) Class: 5532K(5632K)->5532K(5632K)
[13577.419s][info][gc             ] GC(32792) Pause Young (Allocation Failure) 405M->326M(407M) 2.829ms
[13577.419s][info][gc,cpu         ] GC(32792) User=0.00s Sys=0.00s Real=0.00s
[13577.844s][info][gc,start       ] GC(32793) Pause Young (Allocation Failure)
[13577.846s][info][gc,heap        ] GC(32793) PSYoungGen: 83264K(84480K)->256K(84480K) Eden: 81920K(81920K)->0K(81920K) From: 1344K(2560K)->256K(2560K)
[13577.846s][info][gc,heap        ] GC(32793) ParOldGen: 332725K(332800K)->332789K(332800K)
[13577.846s][info][gc,metaspace   ] GC(32793) Metaspace: 62147K(62464K)->62147K(62464K) NonClass: 56615K(56832K)->56615K(56832K) Class: 5532K(5632K)->5532K(5632K)
[13577.846s][info][gc             ] GC(32793) Pause Young (Allocation Failure) 406M->325M(407M) 1.993ms
[13577.846s][info][gc,cpu         ] GC(32793) User=0.00s Sys=0.00s Real=0.00s
[13578.256s][info][gc,start       ] GC(32794) Pause Young (Allocation Failure)
[13578.258s][info][gc,heap        ] GC(32794) PSYoungGen: 82176K(84480K)->416K(84480K) Eden: 81920K(81920K)->0K(81920K) From: 256K(2560K)->416K(2560K)
[13578.258s][info][gc,heap        ] GC(32794) ParOldGen: 332789K(332800K)->332861K(333312K)
[13578.258s][info][gc,metaspace   ] GC(32794) Metaspace: 62147K(62464K)->62147K(62464K) NonClass: 56615K(56832K)->56615K(56832K) Class: 5532K(5632K)->5532K(5632K)
[13578.258s][info][gc             ] GC(32794) Pause Young (Allocation Failure) 405M->325M(408M) 2.378ms
[13578.258s][info][gc,cpu         ] GC(32794) User=0.00s Sys=0.00s Real=0.00s
[13578.657s][info][gc,start       ] GC(32795) Pause Young (Allocation Failure)
[13578.659s][info][gc,heap        ] GC(32795) PSYoungGen: 82336K(84480K)->512K(84480K) Eden: 81920K(81920K)->0K(81920K) From: 416K(2560K)->512K(2560K)
[13578.659s][info][gc,heap        ] GC(32795) ParOldGen: 332861K(333312K)->332925K(333312K)
[13578.659s][info][gc,metaspace   ] GC(32795) Metaspace: 62147K(62464K)->62147K(62464K) NonClass: 56615K(56832K)->56615K(56832K) Class: 5532K(5632K)->5532K(5632K)
[13578.659s][info][gc             ] GC(32795) Pause Young (Allocation Failure) 405M->325M(408M) 2.338ms
[13578.659s][info][gc,cpu         ] GC(32795) User=0.00s Sys=0.00s Real=0.00s
[13579.069s][info][gc,start       ] GC(32796) Pause Young (Allocation Failure)
[13579.072s][info][gc,heap        ] GC(32796) PSYoungGen: 82432K(84480K)->672K(84480K) Eden: 81920K(81920K)->0K(81920K) From: 512K(2560K)->672K(2560K)
[13579.072s][info][gc,heap        ] GC(32796) ParOldGen: 332925K(333312K)->332989K(333312K)
[13579.072s][info][gc,metaspace   ] GC(32796) Metaspace: 62147K(62464K)->62147K(62464K) NonClass: 56615K(56832K)->56615K(56832K) Class: 5532K(5632K)->5532K(5632K)
[13579.072s][info][gc             ] GC(32796) Pause Young (Allocation Failure) 405M->325M(408M) 2.400ms
[13579.072s][info][gc,cpu         ] GC(32796) User=0.01s Sys=0.00s Real=0.01s
[13579.494s][info][gc,start       ] GC(32797) Pause Young (Allocation Failure)
[13579.497s][info][gc,heap        ] GC(32797) PSYoungGen: 82592K(84480K)->1024K(84480K) Eden: 81920K(81920K)->0K(81920K) From: 672K(2560K)->1024K(2560K)
[13579.497s][info][gc,heap        ] GC(32797) ParOldGen: 332989K(333312K)->333053K(333312K)
[13579.497s][info][gc,metaspace   ] GC(32797) Metaspace: 62147K(62464K)->62147K(62464K) NonClass: 56615K(56832K)->56615K(56832K) Class: 5532K(5632K)->5532K(5632K)
[13579.497s][info][gc             ] GC(32797) Pause Young (Allocation Failure) 405M->326M(408M) 2.540ms
[13579.497s][info][gc,cpu         ] GC(32797) User=0.01s Sys=0.00s Real=0.00s
[13579.924s][info][gc,start       ] GC(32798) Pause Young (Allocation Failure)
[13579.927s][info][gc,heap        ] GC(32798) PSYoungGen: 82944K(84480K)->1536K(84480K) Eden: 81920K(81920K)->0K(81920K) From: 1024K(2560K)->1536K(2560K)
[13579.927s][info][gc,heap        ] GC(32798) ParOldGen: 333053K(333312K)->333117K(333312K)
[13579.927s][info][gc,metaspace   ] GC(32798) Metaspace: 62147K(62464K)->62147K(62464K) NonClass: 56615K(56832K)->56615K(56832K) Class: 5532K(5632K)->5532K(5632K)
[13579.927s][info][gc             ] GC(32798) Pause Young (Allocation Failure) 406M->326M(408M) 2.995ms
[13579.927s][info][gc,cpu         ] GC(32798) User=0.01s Sys=0.00s Real=0.00s
[13580.349s][info][gc,start       ] GC(32799) Pause Young (Allocation Failure)
[13580.351s][info][gc,heap        ] GC(32799) PSYoungGen: 83456K(84480K)->320K(84480K) Eden: 81920K(81920K)->0K(81920K) From: 1536K(2560K)->320K(2560K)
[13580.351s][info][gc,heap        ] GC(32799) ParOldGen: 333117K(333312K)->333189K(333312K)
[13580.351s][info][gc,metaspace   ] GC(32799) Metaspace: 62147K(62464K)->62147K(62464K) NonClass: 56615K(56832K)->56615K(56832K) Class: 5532K(5632K)->5532K(5632K)
[13580.351s][info][gc             ] GC(32799) Pause Young (Allocation Failure) 406M->325M(408M) 2.019ms
[13580.351s][info][gc,cpu         ] GC(32799) User=0.00s Sys=0.00s Real=0.00s
[13580.760s][info][gc,start       ] GC(32800) Pause Young (Allocation Failure)
[13580.763s][info][gc,heap        ] GC(32800) PSYoungGen: 82240K(84480K)->2528K(83456K) Eden: 81920K(81920K)->0K(80896K) From: 320K(2560K)->2528K(2560K)
[13580.763s][info][gc,heap        ] GC(32800) ParOldGen: 333189K(333312K)->333269K(333312K)
[13580.763s][info][gc,metaspace   ] GC(32800) Metaspace: 62147K(62464K)->62147K(62464K) NonClass: 56615K(56832K)->56615K(56832K) Class: 5532K(5632K)->5532K(5632K)
[13580.763s][info][gc             ] GC(32800) Pause Young (Allocation Failure) 405M->327M(407M) 2.505ms
[13580.763s][info][gc,cpu         ] GC(32800) User=0.01s Sys=0.00s Real=0.01s
[13581.171s][info][gc,start       ] GC(32801) Pause Young (Allocation Failure)
[13581.175s][info][gc,heap        ] GC(32801) PSYoungGen: 83424K(83456K)->704K(83968K) Eden: 80896K(80896K)->0K(80896K) From: 2528K(2560K)->704K(3072K)
[13581.175s][info][gc,heap        ] GC(32801) ParOldGen: 333269K(333312K)->335389K(336384K)
[13581.175s][info][gc,metaspace   ] GC(32801) Metaspace: 62147K(62464K)->62147K(62464K) NonClass: 56615K(56832K)->56615K(56832K) Class: 5532K(5632K)->5532K(5632K)
[13581.175s][info][gc             ] GC(32801) Pause Young (Allocation Failure) 406M->328M(410M) 3.469ms
[13581.175s][info][gc,cpu         ] GC(32801) User=0.01s Sys=0.00s Real=0.00s
[13581.593s][info][gc,start       ] GC(32802) Pause Young (Allocation Failure)
[13581.596s][info][gc,heap        ] GC(32802) PSYoungGen: 81600K(83968K)->1056K(84480K) Eden: 80896K(80896K)->0K(81408K) From: 704K(3072K)->1056K(3072K)
[13581.596s][info][gc,heap        ] GC(32802) ParOldGen: 335389K(336384K)->335461K(336384K)
[13581.596s][info][gc,metaspace   ] GC(32802) Metaspace: 62147K(62464K)->62147K(62464K) NonClass: 56615K(56832K)->56615K(56832K) Class: 5532K(5632K)->5532K(5632K)
[13581.596s][info][gc             ] GC(32802) Pause Young (Allocation Failure) 407M->328M(411M) 2.611ms
[13581.596s][info][gc,cpu         ] GC(32802) User=0.01s Sys=0.00s Real=0.00s
[13582.015s][info][gc,start       ] GC(32803) Pause Young (Allocation Failure)
[13582.018s][info][gc,heap        ] GC(32803) PSYoungGen: 82464K(84480K)->1408K(83968K) Eden: 81408K(81408K)->0K(81408K) From: 1056K(3072K)->1408K(2560K)
[13582.018s][info][gc,heap        ] GC(32803) ParOldGen: 335461K(336384K)->335533K(336384K)
[13582.018s][info][gc,metaspace   ] GC(32803) Metaspace: 62147K(62464K)->62147K(62464K) NonClass: 56615K(56832K)->56615K(56832K) Class: 5532K(5632K)->5532K(5632K)
[13582.018s][info][gc             ] GC(32803) Pause Young (Allocation Failure) 408M->329M(410M) 2.890ms
[13582.018s][info][gc,cpu         ] GC(32803) User=0.00s Sys=0.00s Real=0.00s
[13582.482s][info][gc,start       ] GC(32804) Pause Young (Allocation Failure)
[13582.485s][info][gc,heap        ] GC(32804) PSYoungGen: 82816K(83968K)->944K(84480K) Eden: 81408K(81408K)->0K(81920K) From: 1408K(2560K)->944K(2560K)
[13582.485s][info][gc,heap        ] GC(32804) ParOldGen: 335533K(336384K)->335597K(336384K)
[13582.485s][info][gc,metaspace   ] GC(32804) Metaspace: 62147K(62464K)->62147K(62464K) NonClass: 56615K(56832K)->56615K(56832K) Class: 5532K(5632K)->5532K(5632K)
[13582.485s][info][gc             ] GC(32804) Pause Young (Allocation Failure) 408M->328M(411M) 2.568ms
[13582.485s][info][gc,cpu         ] GC(32804) User=0.01s Sys=0.00s Real=0.00s
[13582.926s][info][gc,start       ] GC(32805) Pause Young (Allocation Failure)
[13582.929s][info][gc,heap        ] GC(32805) PSYoungGen: 82864K(84480K)->1536K(84480K) Eden: 81920K(81920K)->0K(81920K) From: 944K(2560K)->1536K(2560K)
[13582.929s][info][gc,heap        ] GC(32805) ParOldGen: 335597K(336384K)->335717K(336384K)
[13582.929s][info][gc,metaspace   ] GC(32805) Metaspace: 62147K(62464K)->62147K(62464K) NonClass: 56615K(56832K)->56615K(56832K) Class: 5532K(5632K)->5532K(5632K)
[13582.929s][info][gc             ] GC(32805) Pause Young (Allocation Failure) 408M->329M(411M) 3.195ms
[13582.929s][info][gc,cpu         ] GC(32805) User=0.01s Sys=0.00s Real=0.00s
[13583.355s][info][gc,start       ] GC(32806) Pause Young (Allocation Failure)
[13583.358s][info][gc,heap        ] GC(32806) PSYoungGen: 83456K(84480K)->448K(84480K) Eden: 81920K(81920K)->0K(81920K) From: 1536K(2560K)->448K(2560K)
[13583.358s][info][gc,heap        ] GC(32806) ParOldGen: 335717K(336384K)->335781K(336384K)
[13583.358s][info][gc,metaspace   ] GC(32806) Metaspace: 62147K(62464K)->62147K(62464K) NonClass: 56615K(56832K)->56615K(56832K) Class: 5532K(5632K)->5532K(5632K)
[13583.358s][info][gc             ] GC(32806) Pause Young (Allocation Failure) 409M->328M(411M) 2.219ms
[13583.358s][info][gc,cpu         ] GC(32806) User=0.00s Sys=0.00s Real=0.00s
[13583.730s][info][gc,start       ] GC(32807) Pause Young (Allocation Failure)
[13583.733s][info][gc,heap        ] GC(32807) PSYoungGen: 82368K(84480K)->1760K(84480K) Eden: 81920K(81920K)->0K(81920K) From: 448K(2560K)->1760K(2560K)
[13583.733s][info][gc,heap        ] GC(32807) ParOldGen: 335781K(336384K)->335853K(336384K)
[13583.733s][info][gc,metaspace   ] GC(32807) Metaspace: 62147K(62464K)->62147K(62464K) NonClass: 56615K(56832K)->56615K(56832K) Class: 5532K(5632K)->5532K(5632K)
[13583.733s][info][gc             ] GC(32807) Pause Young (Allocation Failure) 408M->329M(411M) 3.239ms
[13583.733s][info][gc,cpu         ] GC(32807) User=0.00s Sys=0.00s Real=0.01s
[13584.143s][info][gc,start       ] GC(32808) Pause Young (Allocation Failure)
[13584.145s][info][gc,heap        ] GC(32808) PSYoungGen: 83680K(84480K)->224K(84480K) Eden: 81920K(81920K)->0K(81920K) From: 1760K(2560K)->224K(2560K)
[13584.145s][info][gc,heap        ] GC(32808) ParOldGen: 335853K(336384K)->335925K(336384K)
[13584.145s][info][gc,metaspace   ] GC(32808) Metaspace: 62147K(62464K)->62147K(62464K) NonClass: 56615K(56832K)->56615K(56832K) Class: 5532K(5632K)->5532K(5632K)
[13584.145s][info][gc             ] GC(32808) Pause Young (Allocation Failure) 409M->328M(411M) 1.947ms
[13584.145s][info][gc,cpu         ] GC(32808) User=0.00s Sys=0.00s Real=0.00s
[13584.531s][info][gc,start       ] GC(32809) Pause Young (Allocation Failure)
[13584.535s][info][gc,heap        ] GC(32809) PSYoungGen: 82144K(84480K)->1760K(83968K) Eden: 81920K(81920K)->0K(81920K) From: 224K(2560K)->1760K(2048K)
[13584.535s][info][gc,heap        ] GC(32809) ParOldGen: 335925K(336384K)->335989K(336384K)
[13584.535s][info][gc,metaspace   ] GC(32809) Metaspace: 62147K(62464K)->62147K(62464K) NonClass: 56615K(56832K)->56615K(56832K) Class: 5532K(5632K)->5532K(5632K)
[13584.535s][info][gc             ] GC(32809) Pause Young (Allocation Failure) 408M->329M(410M) 3.277ms
[13584.535s][info][gc,cpu         ] GC(32809) User=0.01s Sys=0.00s Real=0.00s
[13584.972s][info][gc,start       ] GC(32810) Pause Young (Allocation Failure)
[13584.975s][info][gc,heap        ] GC(32810) PSYoungGen: 83680K(83968K)->704K(83968K) Eden: 81920K(81920K)->0K(80896K) From: 1760K(2048K)->704K(3072K)
[13584.975s][info][gc,heap        ] GC(32810) ParOldGen: 335989K(336384K)->336053K(336384K)
[13584.975s][info][gc,metaspace   ] GC(32810) Metaspace: 62147K(62464K)->62147K(62464K) NonClass: 56615K(56832K)->56615K(56832K) Class: 5532K(5632K)->5532K(5632K)
[13584.975s][info][gc             ] GC(32810) Pause Young (Allocation Failure) 409M->328M(410M) 2.500ms
[13584.975s][info][gc,cpu         ] GC(32810) User=0.01s Sys=0.00s Real=0.00s
[13585.422s][info][gc,start       ] GC(32811) Pause Young (Allocation Failure)
[13585.425s][info][gc,heap        ] GC(32811) PSYoungGen: 81600K(83968K)->1504K(83968K) Eden: 80896K(80896K)->0K(80896K) From: 704K(3072K)->1504K(3072K)
[13585.425s][info][gc,heap        ] GC(32811) ParOldGen: 336053K(336384K)->336117K(336384K)
[13585.425s][info][gc,metaspace   ] GC(32811) Metaspace: 62147K(62464K)->62147K(62464K) NonClass: 56615K(56832K)->56615K(56832K) Class: 5532K(5632K)->5532K(5632K)
[13585.425s][info][gc             ] GC(32811) Pause Young (Allocation Failure) 407M->329M(410M) 3.145ms
[13585.425s][info][gc,cpu         ] GC(32811) User=0.01s Sys=0.00s Real=0.00s
[13585.859s][info][gc,start       ] GC(32812) Pause Young (Allocation Failure)
[13585.861s][info][gc,heap        ] GC(32812) PSYoungGen: 82400K(83968K)->2464K(83968K) Eden: 80896K(80896K)->0K(80896K) From: 1504K(3072K)->2464K(3072K)
[13585.861s][info][gc,heap        ] GC(32812) ParOldGen: 336117K(336384K)->336189K(336384K)
[13585.861s][info][gc,metaspace   ] GC(32812) Metaspace: 62147K(62464K)->62147K(62464K) NonClass: 56615K(56832K)->56615K(56832K) Class: 5532K(5632K)->5532K(5632K)
[13585.861s][info][gc             ] GC(32812) Pause Young (Allocation Failure) 408M->330M(410M) 2.654ms
[13585.861s][info][gc,cpu         ] GC(32812) User=0.01s Sys=0.00s Real=0.01s
[13586.357s][info][gc,start       ] GC(32813) Pause Young (Allocation Failure)
[13586.360s][info][gc,heap        ] GC(32813) PSYoungGen: 83360K(83968K)->448K(83968K) Eden: 80896K(80896K)->0K(80896K) From: 2464K(3072K)->448K(3072K)
[13586.360s][info][gc,heap        ] GC(32813) ParOldGen: 336189K(336384K)->338309K(339456K)
[13586.360s][info][gc,metaspace   ] GC(32813) Metaspace: 62147K(62464K)->62147K(62464K) NonClass: 56615K(56832K)->56615K(56832K) Class: 5532K(5632K)->5532K(5632K)
[13586.360s][info][gc             ] GC(32813) Pause Young (Allocation Failure) 409M->330M(413M) 3.697ms
[13586.360s][info][gc,cpu         ] GC(32813) User=0.01s Sys=0.00s Real=0.00s
[13586.795s][info][gc,start       ] GC(32814) Pause Young (Allocation Failure)
[13586.798s][info][gc,heap        ] GC(32814) PSYoungGen: 81344K(83968K)->1088K(83968K) Eden: 80896K(80896K)->0K(80896K) From: 448K(3072K)->1088K(3072K)
[13586.798s][info][gc,heap        ] GC(32814) ParOldGen: 338309K(339456K)->338381K(339456K)
[13586.798s][info][gc,metaspace   ] GC(32814) Metaspace: 62147K(62464K)->62147K(62464K) NonClass: 56615K(56832K)->56615K(56832K) Class: 5532K(5632K)->5532K(5632K)
[13586.798s][info][gc             ] GC(32814) Pause Young (Allocation Failure) 409M->331M(413M) 2.608ms
[13586.798s][info][gc,cpu         ] GC(32814) User=0.00s Sys=0.00s Real=0.00s
[13587.221s][info][gc,start       ] GC(32815) Pause Young (Allocation Failure)
[13587.224s][info][gc,heap        ] GC(32815) PSYoungGen: 81984K(83968K)->1408K(83968K) Eden: 80896K(80896K)->0K(80896K) From: 1088K(3072K)->1408K(3072K)
[13587.224s][info][gc,heap        ] GC(32815) ParOldGen: 338381K(339456K)->338445K(339456K)
[13587.224s][info][gc,metaspace   ] GC(32815) Metaspace: 62147K(62464K)->62147K(62464K) NonClass: 56615K(56832K)->56615K(56832K) Class: 5532K(5632K)->5532K(5632K)
[13587.224s][info][gc             ] GC(32815) Pause Young (Allocation Failure) 410M->331M(413M) 3.089ms
[13587.224s][info][gc,cpu         ] GC(32815) User=0.00s Sys=0.00s Real=0.00s
[13587.586s][info][gc,start       ] GC(32816) Pause Young (Allocation Failure)
[13587.589s][info][gc,heap        ] GC(32816) PSYoungGen: 82304K(83968K)->1088K(84480K) Eden: 80896K(80896K)->0K(81408K) From: 1408K(3072K)->1088K(3072K)
[13587.589s][info][gc,heap        ] GC(32816) ParOldGen: 338445K(339456K)->338509K(339456K)
[13587.589s][info][gc,metaspace   ] GC(32816) Metaspace: 62147K(62464K)->62147K(62464K) NonClass: 56615K(56832K)->56615K(56832K) Class: 5532K(5632K)->5532K(5632K)
[13587.589s][info][gc             ] GC(32816) Pause Young (Allocation Failure) 410M->331M(414M) 2.681ms
[13587.589s][info][gc,cpu         ] GC(32816) User=0.00s Sys=0.00s Real=0.00s
[13587.946s][info][gc,start       ] GC(32817) Pause Young (Allocation Failure)
[13587.948s][info][gc,heap        ] GC(32817) PSYoungGen: 82496K(84480K)->352K(83968K) Eden: 81408K(81408K)->0K(81408K) From: 1088K(3072K)->352K(2560K)
[13587.948s][info][gc,heap        ] GC(32817) ParOldGen: 338509K(339456K)->338573K(339456K)
[13587.948s][info][gc,metaspace   ] GC(32817) Metaspace: 62147K(62464K)->62147K(62464K) NonClass: 56615K(56832K)->56615K(56832K) Class: 5532K(5632K)->5532K(5632K)
[13587.948s][info][gc             ] GC(32817) Pause Young (Allocation Failure) 411M->330M(413M) 2.126ms
[13587.948s][info][gc,cpu         ] GC(32817) User=0.01s Sys=0.00s Real=0.00s
[13588.330s][info][gc,start       ] GC(32818) Pause Young (Allocation Failure)
[13588.334s][info][gc,heap        ] GC(32818) PSYoungGen: 81760K(83968K)->1792K(83456K) Eden: 81408K(81408K)->0K(80896K) From: 352K(2560K)->1792K(2560K)
[13588.334s][info][gc,heap        ] GC(32818) ParOldGen: 338573K(339456K)->338645K(339456K)
[13588.334s][info][gc,metaspace   ] GC(32818) Metaspace: 62147K(62464K)->62147K(62464K) NonClass: 56615K(56832K)->56615K(56832K) Class: 5532K(5632K)->5532K(5632K)
[13588.334s][info][gc             ] GC(32818) Pause Young (Allocation Failure) 410M->332M(413M) 3.183ms
[13588.334s][info][gc,cpu         ] GC(32818) User=0.00s Sys=0.00s Real=0.01s
[13588.707s][info][gc,start       ] GC(32819) Pause Young (Allocation Failure)
[13588.709s][info][gc,heap        ] GC(32819) PSYoungGen: 82688K(83456K)->1344K(83968K) Eden: 80896K(80896K)->0K(80896K) From: 1792K(2560K)->1344K(3072K)
[13588.709s][info][gc,heap        ] GC(32819) ParOldGen: 338645K(339456K)->338709K(339456K)
[13588.709s][info][gc,metaspace   ] GC(32819) Metaspace: 62147K(62464K)->62147K(62464K) NonClass: 56615K(56832K)->56615K(56832K) Class: 5532K(5632K)->5532K(5632K)
[13588.709s][info][gc             ] GC(32819) Pause Young (Allocation Failure) 411M->332M(413M) 2.916ms
[13588.709s][info][gc,cpu         ] GC(32819) User=0.00s Sys=0.00s Real=0.00s
[13589.129s][info][gc,start       ] GC(32820) Pause Young (Allocation Failure)
[13589.132s][info][gc,heap        ] GC(32820) PSYoungGen: 82240K(83968K)->1504K(84480K) Eden: 80896K(80896K)->0K(81408K) From: 1344K(3072K)->1504K(3072K)
[13589.132s][info][gc,heap        ] GC(32820) ParOldGen: 338709K(339456K)->338781K(339456K)
[13589.132s][info][gc,metaspace   ] GC(32820) Metaspace: 62147K(62464K)->62147K(62464K) NonClass: 56615K(56832K)->56615K(56832K) Class: 5532K(5632K)->5532K(5632K)
[13589.132s][info][gc             ] GC(32820) Pause Young (Allocation Failure) 411M->332M(414M) 3.002ms
[13589.132s][info][gc,cpu         ] GC(32820) User=0.00s Sys=0.00s Real=0.01s
[13589.576s][info][gc,start       ] GC(32821) Pause Young (Allocation Failure)
[13589.578s][info][gc,heap        ] GC(32821) PSYoungGen: 82912K(84480K)->768K(83968K) Eden: 81408K(81408K)->0K(81408K) From: 1504K(3072K)->768K(2560K)
[13589.578s][info][gc,heap        ] GC(32821) ParOldGen: 338781K(339456K)->338853K(339456K)
[13589.578s][info][gc,metaspace   ] GC(32821) Metaspace: 62147K(62464K)->62147K(62464K) NonClass: 56615K(56832K)->56615K(56832K) Class: 5532K(5632K)->5532K(5632K)
[13589.578s][info][gc             ] GC(32821) Pause Young (Allocation Failure) 411M->331M(413M) 2.433ms
[13589.578s][info][gc,cpu         ] GC(32821) User=0.00s Sys=0.00s Real=0.00s
[13590.071s][info][gc,start       ] GC(32822) Pause Young (Allocation Failure)
[13590.074s][info][gc,heap        ] GC(32822) PSYoungGen: 82176K(83968K)->720K(84480K) Eden: 81408K(81408K)->0K(81920K) From: 768K(2560K)->720K(2560K)
[13590.074s][info][gc,heap        ] GC(32822) ParOldGen: 338853K(339456K)->338917K(339456K)
[13590.074s][info][gc,metaspace   ] GC(32822) Metaspace: 62147K(62464K)->62147K(62464K) NonClass: 56615K(56832K)->56615K(56832K) Class: 5532K(5632K)->5532K(5632K)
[13590.074s][info][gc             ] GC(32822) Pause Young (Allocation Failure) 411M->331M(414M) 2.464ms
[13590.074s][info][gc,cpu         ] GC(32822) User=0.00s Sys=0.00s Real=0.00s
[13590.455s][info][gc,start       ] GC(32823) Pause Young (Allocation Failure)
[13590.458s][info][gc,heap        ] GC(32823) PSYoungGen: 82640K(84480K)->2528K(84480K) Eden: 81920K(81920K)->0K(81920K) From: 720K(2560K)->2528K(2560K)
[13590.458s][info][gc,heap        ] GC(32823) ParOldGen: 338917K(339456K)->339037K(339456K)
[13590.458s][info][gc,metaspace   ] GC(32823) Metaspace: 62147K(62464K)->62147K(62464K) NonClass: 56615K(56832K)->56615K(56832K) Class: 5532K(5632K)->5532K(5632K)
[13590.458s][info][gc             ] GC(32823) Pause Young (Allocation Failure) 411M->333M(414M) 2.618ms
[13590.458s][info][gc,cpu         ] GC(32823) User=0.01s Sys=0.00s Real=0.00s
[13590.901s][info][gc,start       ] GC(32824) Pause Young (Allocation Failure)
[13590.905s][info][gc,heap        ] GC(32824) PSYoungGen: 84448K(84480K)->1216K(83456K) Eden: 81920K(81920K)->0K(80896K) From: 2528K(2560K)->1216K(2560K)
[13590.905s][info][gc,heap        ] GC(32824) ParOldGen: 339037K(339456K)->341149K(342528K)
[13590.905s][info][gc,metaspace   ] GC(32824) Metaspace: 62147K(62464K)->62147K(62464K) NonClass: 56615K(56832K)->56615K(56832K) Class: 5532K(5632K)->5532K(5632K)
[13590.905s][info][gc             ] GC(32824) Pause Young (Allocation Failure) 413M->334M(416M) 3.963ms
[13590.905s][info][gc,cpu         ] GC(32824) User=0.01s Sys=0.00s Real=0.00s
[13591.327s][info][gc,start       ] GC(32825) Pause Young (Allocation Failure)
[13591.330s][info][gc,heap        ] GC(32825) PSYoungGen: 82112K(83456K)->1568K(83968K) Eden: 80896K(80896K)->0K(80896K) From: 1216K(2560K)->1568K(3072K)
[13591.330s][info][gc,heap        ] GC(32825) ParOldGen: 341149K(342528K)->341229K(342528K)
[13591.330s][info][gc,metaspace   ] GC(32825) Metaspace: 62147K(62464K)->62147K(62464K) NonClass: 56615K(56832K)->56615K(56832K) Class: 5532K(5632K)->5532K(5632K)
[13591.330s][info][gc             ] GC(32825) Pause Young (Allocation Failure) 413M->334M(416M) 3.150ms
[13591.330s][info][gc,cpu         ] GC(32825) User=0.01s Sys=0.00s Real=0.00s
[13591.751s][info][gc,start       ] GC(32826) Pause Young (Allocation Failure)
[13591.753s][info][gc,heap        ] GC(32826) PSYoungGen: 82464K(83968K)->352K(83968K) Eden: 80896K(80896K)->0K(80896K) From: 1568K(3072K)->352K(3072K)
[13591.753s][info][gc,heap        ] GC(32826) ParOldGen: 341229K(342528K)->341301K(342528K)
[13591.753s][info][gc,metaspace   ] GC(32826) Metaspace: 62147K(62464K)->62147K(62464K) NonClass: 56615K(56832K)->56615K(56832K) Class: 5532K(5632K)->5532K(5632K)
[13591.753s][info][gc             ] GC(32826) Pause Young (Allocation Failure) 413M->333M(416M) 2.207ms
[13591.753s][info][gc,cpu         ] GC(32826) User=0.00s Sys=0.00s Real=0.01s
[13592.180s][info][gc,start       ] GC(32827) Pause Young (Allocation Failure)
[13592.182s][info][gc,heap        ] GC(32827) PSYoungGen: 81248K(83968K)->800K(83968K) Eden: 80896K(80896K)->0K(80896K) From: 352K(3072K)->800K(3072K)
[13592.182s][info][gc,heap        ] GC(32827) ParOldGen: 341301K(342528K)->341365K(342528K)
[13592.182s][info][gc,metaspace   ] GC(32827) Metaspace: 62147K(62464K)->62147K(62464K) NonClass: 56615K(56832K)->56615K(56832K) Class: 5532K(5632K)->5532K(5632K)
[13592.182s][info][gc             ] GC(32827) Pause Young (Allocation Failure) 412M->334M(416M) 2.547ms
[13592.182s][info][gc,cpu         ] GC(32827) User=0.01s Sys=0.00s Real=0.01s
[13592.610s][info][gc,start       ] GC(32828) Pause Young (Allocation Failure)
[13592.612s][info][gc,heap        ] GC(32828) PSYoungGen: 81696K(83968K)->1312K(84480K) Eden: 80896K(80896K)->0K(81408K) From: 800K(3072K)->1312K(3072K)
[13592.612s][info][gc,heap        ] GC(32828) ParOldGen: 341365K(342528K)->341429K(342528K)
[13592.612s][info][gc,metaspace   ] GC(32828) Metaspace: 62147K(62464K)->62147K(62464K) NonClass: 56615K(56832K)->56615K(56832K) Class: 5532K(5632K)->5532K(5632K)
[13592.612s][info][gc             ] GC(32828) Pause Young (Allocation Failure) 413M->334M(417M) 2.833ms
[13592.612s][info][gc,cpu         ] GC(32828) User=0.01s Sys=0.00s Real=0.01s
[13593.045s][info][gc,start       ] GC(32829) Pause Young (Allocation Failure)
[13593.047s][info][gc,heap        ] GC(32829) PSYoungGen: 82720K(84480K)->288K(83968K) Eden: 81408K(81408K)->0K(81408K) From: 1312K(3072K)->288K(2560K)
[13593.047s][info][gc,heap        ] GC(32829) ParOldGen: 341429K(342528K)->341493K(342528K)
[13593.047s][info][gc,metaspace   ] GC(32829) Metaspace: 62147K(62464K)->62147K(62464K) NonClass: 56615K(56832K)->56615K(56832K) Class: 5532K(5632K)->5532K(5632K)
[13593.047s][info][gc             ] GC(32829) Pause Young (Allocation Failure) 414M->333M(416M) 2.135ms
[13593.047s][info][gc,cpu         ] GC(32829) User=0.00s Sys=0.00s Real=0.00s
[13593.478s][info][gc,start       ] GC(32830) Pause Young (Allocation Failure)
[13593.480s][info][gc,heap        ] GC(32830) PSYoungGen: 81696K(83968K)->768K(84480K) Eden: 81408K(81408K)->0K(81920K) From: 288K(2560K)->768K(2560K)
[13593.480s][info][gc,heap        ] GC(32830) ParOldGen: 341493K(342528K)->341557K(342528K)
[13593.480s][info][gc,metaspace   ] GC(32830) Metaspace: 62147K(62464K)->62147K(62464K) NonClass: 56615K(56832K)->56615K(56832K) Class: 5532K(5632K)->5532K(5632K)
[13593.480s][info][gc             ] GC(32830) Pause Young (Allocation Failure) 413M->334M(417M) 2.435ms
[13593.480s][info][gc,cpu         ] GC(32830) User=0.00s Sys=0.00s Real=0.00s
[13593.908s][info][gc,start       ] GC(32831) Pause Young (Allocation Failure)
[13593.911s][info][gc,heap        ] GC(32831) PSYoungGen: 82688K(84480K)->1248K(84480K) Eden: 81920K(81920K)->0K(81920K) From: 768K(2560K)->1248K(2560K)
[13593.911s][info][gc,heap        ] GC(32831) ParOldGen: 341557K(342528K)->341629K(342528K)
[13593.911s][info][gc,metaspace   ] GC(32831) Metaspace: 62147K(62464K)->62147K(62464K) NonClass: 56615K(56832K)->56615K(56832K) Class: 5532K(5632K)->5532K(5632K)
[13593.911s][info][gc             ] GC(32831) Pause Young (Allocation Failure) 414M->334M(417M) 2.912ms
[13593.911s][info][gc,cpu         ] GC(32831) User=0.01s Sys=0.00s Real=0.01s
[13594.355s][info][gc,start       ] GC(32832) Pause Young (Allocation Failure)
[13594.357s][info][gc,heap        ] GC(32832) PSYoungGen: 83168K(84480K)->384K(84480K) Eden: 81920K(81920K)->0K(81920K) From: 1248K(2560K)->384K(2560K)
[13594.357s][info][gc,heap        ] GC(32832) ParOldGen: 341629K(342528K)->341693K(342528K)
[13594.357s][info][gc,metaspace   ] GC(32832) Metaspace: 62147K(62464K)->62147K(62464K) NonClass: 56615K(56832K)->56615K(56832K) Class: 5532K(5632K)->5532K(5632K)
[13594.357s][info][gc             ] GC(32832) Pause Young (Allocation Failure) 414M->334M(417M) 2.142ms
[13594.357s][info][gc,cpu         ] GC(32832) User=0.00s Sys=0.00s Real=0.00s
[13594.758s][info][gc,start       ] GC(32833) Pause Young (Allocation Failure)
[13594.761s][info][gc,heap        ] GC(32833) PSYoungGen: 82304K(84480K)->512K(84480K) Eden: 81920K(81920K)->0K(81920K) From: 384K(2560K)->512K(2560K)
[13594.761s][info][gc,heap        ] GC(32833) ParOldGen: 341693K(342528K)->341757K(342528K)
[13594.761s][info][gc,metaspace   ] GC(32833) Metaspace: 62147K(62464K)->62147K(62464K) NonClass: 56615K(56832K)->56615K(56832K) Class: 5532K(5632K)->5532K(5632K)
[13594.761s][info][gc             ] GC(32833) Pause Young (Allocation Failure) 414M->334M(417M) 2.300ms
[13594.761s][info][gc,cpu         ] GC(32833) User=0.01s Sys=0.00s Real=0.00s
[13595.218s][info][gc,start       ] GC(32834) Pause Young (Allocation Failure)
[13595.221s][info][gc,heap        ] GC(32834) PSYoungGen: 82432K(84480K)->1344K(84480K) Eden: 81920K(81920K)->0K(81920K) From: 512K(2560K)->1344K(2560K)
[13595.221s][info][gc,heap        ] GC(32834) ParOldGen: 341757K(342528K)->341821K(342528K)
[13595.221s][info][gc,metaspace   ] GC(32834) Metaspace: 62147K(62464K)->62147K(62464K) NonClass: 56615K(56832K)->56615K(56832K) Class: 5532K(5632K)->5532K(5632K)
[13595.221s][info][gc             ] GC(32834) Pause Young (Allocation Failure) 414M->335M(417M) 3.048ms
[13595.221s][info][gc,cpu         ] GC(32834) User=0.01s Sys=0.00s Real=0.00s
[13595.640s][info][gc,start       ] GC(32835) Pause Young (Allocation Failure)
[13595.642s][info][gc,heap        ] GC(32835) PSYoungGen: 83264K(84480K)->2272K(84480K) Eden: 81920K(81920K)->0K(81920K) From: 1344K(2560K)->2272K(2560K)
[13595.642s][info][gc,heap        ] GC(32835) ParOldGen: 341821K(342528K)->341885K(342528K)
[13595.642s][info][gc,metaspace   ] GC(32835) Metaspace: 62147K(62464K)->62147K(62464K) NonClass: 56615K(56832K)->56615K(56832K) Class: 5532K(5632K)->5532K(5632K)
[13595.642s][info][gc             ] GC(32835) Pause Young (Allocation Failure) 415M->336M(417M) 2.203ms
[13595.642s][info][gc,cpu         ] GC(32835) User=0.00s Sys=0.00s Real=0.01s
[13596.044s][info][gc,start       ] GC(32836) Pause Young (Allocation Failure)
[13596.047s][info][gc,heap        ] GC(32836) PSYoungGen: 84192K(84480K)->288K(83456K) Eden: 81920K(81920K)->0K(80896K) From: 2272K(2560K)->288K(2560K)
[13596.047s][info][gc,heap        ] GC(32836) ParOldGen: 341885K(342528K)->344005K(344064K)
[13596.047s][info][gc,metaspace   ] GC(32836) Metaspace: 62147K(62464K)->62147K(62464K) NonClass: 56615K(56832K)->56615K(56832K) Class: 5532K(5632K)->5532K(5632K)
[13596.047s][info][gc             ] GC(32836) Pause Young (Allocation Failure) 416M->336M(417M) 3.129ms
[13596.047s][info][gc,cpu         ] GC(32836) User=0.00s Sys=0.00s Real=0.00s
[13596.439s][info][gc,start       ] GC(32837) Pause Young (Allocation Failure)
[13596.442s][info][gc,heap        ] GC(32837) PSYoungGen: 81183K(83456K)->1760K(83968K) Eden: 80895K(80896K)->0K(80896K) From: 288K(2560K)->1760K(3072K)
[13596.442s][info][gc,heap        ] GC(32837) ParOldGen: 344005K(344064K)->344077K(344576K)
[13596.442s][info][gc,metaspace   ] GC(32837) Metaspace: 62147K(62464K)->62147K(62464K) NonClass: 56615K(56832K)->56615K(56832K) Class: 5532K(5632K)->5532K(5632K)
[13596.442s][info][gc             ] GC(32837) Pause Young (Allocation Failure) 415M->337M(418M) 3.289ms
[13596.442s][info][gc,cpu         ] GC(32837) User=0.00s Sys=0.00s Real=0.01s
[13596.867s][info][gc,start       ] GC(32838) Pause Young (Allocation Failure)
[13596.869s][info][gc,heap        ] GC(32838) PSYoungGen: 82656K(83968K)->640K(83968K) Eden: 80896K(80896K)->0K(80896K) From: 1760K(3072K)->640K(3072K)
[13596.869s][info][gc,heap        ] GC(32838) ParOldGen: 344077K(344576K)->344149K(344576K)
[13596.869s][info][gc,metaspace   ] GC(32838) Metaspace: 62147K(62464K)->62147K(62464K) NonClass: 56615K(56832K)->56615K(56832K) Class: 5532K(5632K)->5532K(5632K)
[13596.869s][info][gc             ] GC(32838) Pause Young (Allocation Failure) 416M->336M(418M) 2.296ms
[13596.869s][info][gc,cpu         ] GC(32838) User=0.01s Sys=0.00s Real=0.00s
[13597.286s][info][gc,start       ] GC(32839) Pause Young (Allocation Failure)
[13597.288s][info][gc,heap        ] GC(32839) PSYoungGen: 81536K(83968K)->864K(83968K) Eden: 80896K(80896K)->0K(80896K) From: 640K(3072K)->864K(3072K)
[13597.288s][info][gc,heap        ] GC(32839) ParOldGen: 344149K(344576K)->344221K(344576K)
[13597.288s][info][gc,metaspace   ] GC(32839) Metaspace: 62147K(62464K)->62147K(62464K) NonClass: 56615K(56832K)->56615K(56832K) Class: 5532K(5632K)->5532K(5632K)
[13597.288s][info][gc             ] GC(32839) Pause Young (Allocation Failure) 415M->336M(418M) 2.526ms
[13597.288s][info][gc,cpu         ] GC(32839) User=0.01s Sys=0.00s Real=0.00s
[13597.752s][info][gc,start       ] GC(32840) Pause Young (Allocation Failure)
[13597.758s][info][gc,heap        ] GC(32840) PSYoungGen: 81760K(83968K)->272K(84480K) Eden: 80896K(80896K)->0K(81920K) From: 864K(3072K)->272K(2560K)
[13597.758s][info][gc,heap        ] GC(32840) ParOldGen: 344221K(344576K)->344285K(344576K)
[13597.758s][info][gc,metaspace   ] GC(32840) Metaspace: 62147K(62464K)->62147K(62464K) NonClass: 56615K(56832K)->56615K(56832K) Class: 5532K(5632K)->5532K(5632K)
[13597.758s][info][gc             ] GC(32840) Pause Young (Allocation Failure) 415M->336M(419M) 5.585ms
[13597.758s][info][gc,cpu         ] GC(32840) User=0.00s Sys=0.00s Real=0.00s
[13598.173s][info][gc,start       ] GC(32841) Pause Young (Allocation Failure)
[13598.175s][info][gc,heap        ] GC(32841) PSYoungGen: 82192K(84480K)->672K(84480K) Eden: 81920K(81920K)->0K(81920K) From: 272K(2560K)->672K(2560K)
[13598.175s][info][gc,heap        ] GC(32841) ParOldGen: 344285K(344576K)->344397K(344576K)
[13598.176s][info][gc,metaspace   ] GC(32841) Metaspace: 62147K(62464K)->62147K(62464K) NonClass: 56615K(56832K)->56615K(56832K) Class: 5532K(5632K)->5532K(5632K)
[13598.176s][info][gc             ] GC(32841) Pause Young (Allocation Failure) 416M->336M(419M) 2.371ms
[13598.176s][info][gc,cpu         ] GC(32841) User=0.01s Sys=0.00s Real=0.00s
[13598.575s][info][gc,start       ] GC(32842) Pause Young (Allocation Failure)
[13598.578s][info][gc,heap        ] GC(32842) PSYoungGen: 82592K(84480K)->768K(84480K) Eden: 81920K(81920K)->0K(81920K) From: 672K(2560K)->768K(2560K)
[13598.578s][info][gc,heap        ] GC(32842) ParOldGen: 344397K(344576K)->344461K(344576K)
[13598.578s][info][gc,metaspace   ] GC(32842) Metaspace: 62147K(62464K)->62147K(62464K) NonClass: 56615K(56832K)->56615K(56832K) Class: 5532K(5632K)->5532K(5632K)
[13598.578s][info][gc             ] GC(32842) Pause Young (Allocation Failure) 416M->337M(419M) 2.454ms
[13598.578s][info][gc,cpu         ] GC(32842) User=0.00s Sys=0.00s Real=0.00s
[13598.997s][info][gc,start       ] GC(32843) Pause Young (Allocation Failure)
[13599.000s][info][gc,heap        ] GC(32843) PSYoungGen: 82688K(84480K)->992K(84480K) Eden: 81920K(81920K)->0K(81920K) From: 768K(2560K)->992K(2560K)
[13599.000s][info][gc,heap        ] GC(32843) ParOldGen: 344461K(344576K)->344525K(344576K)
[13599.000s][info][gc,metaspace   ] GC(32843) Metaspace: 62147K(62464K)->62147K(62464K) NonClass: 56615K(56832K)->56615K(56832K) Class: 5532K(5632K)->5532K(5632K)
[13599.000s][info][gc             ] GC(32843) Pause Young (Allocation Failure) 417M->337M(419M) 2.650ms
[13599.000s][info][gc,cpu         ] GC(32843) User=0.00s Sys=0.00s Real=0.00s
[13599.407s][info][gc,start       ] GC(32844) Pause Young (Allocation Failure)
[13599.410s][info][gc,heap        ] GC(32844) PSYoungGen: 82912K(84480K)->1216K(84480K) Eden: 81920K(81920K)->0K(81920K) From: 992K(2560K)->1216K(2560K)
[13599.410s][info][gc,heap        ] GC(32844) ParOldGen: 344525K(344576K)->344597K(345088K)
[13599.410s][info][gc,metaspace   ] GC(32844) Metaspace: 62147K(62464K)->62147K(62464K) NonClass: 56615K(56832K)->56615K(56832K) Class: 5532K(5632K)->5532K(5632K)
[13599.410s][info][gc             ] GC(32844) Pause Young (Allocation Failure) 417M->337M(419M) 2.829ms
[13599.410s][info][gc,cpu         ] GC(32844) User=0.00s Sys=0.00s Real=0.00s
[13599.844s][info][gc,start       ] GC(32845) Pause Young (Allocation Failure)
[13599.846s][info][gc,heap        ] GC(32845) PSYoungGen: 83136K(84480K)->288K(84480K) Eden: 81920K(81920K)->0K(81920K) From: 1216K(2560K)->288K(2560K)
[13599.846s][info][gc,heap        ] GC(32845) ParOldGen: 344597K(345088K)->344669K(345088K)
[13599.846s][info][gc,metaspace   ] GC(32845) Metaspace: 62147K(62464K)->62147K(62464K) NonClass: 56615K(56832K)->56615K(56832K) Class: 5532K(5632K)->5532K(5632K)
[13599.846s][info][gc             ] GC(32845) Pause Young (Allocation Failure) 417M->336M(419M) 2.060ms
[13599.846s][info][gc,cpu         ] GC(32845) User=0.01s Sys=0.00s Real=0.00s
[13600.255s][info][gc,start       ] GC(32846) Pause Young (Allocation Failure)
[13600.258s][info][gc,heap        ] GC(32846) PSYoungGen: 82208K(84480K)->2464K(83456K) Eden: 81920K(81920K)->0K(80896K) From: 288K(2560K)->2464K(2560K)
[13600.258s][info][gc,heap        ] GC(32846) ParOldGen: 344669K(345088K)->345773K(346624K)
[13600.258s][info][gc,metaspace   ] GC(32846) Metaspace: 62147K(62464K)->62147K(62464K) NonClass: 56615K(56832K)->56615K(56832K) Class: 5532K(5632K)->5532K(5632K)
[13600.258s][info][gc             ] GC(32846) Pause Young (Allocation Failure) 416M->340M(420M) 3.131ms
[13600.258s][info][gc,cpu         ] GC(32846) User=0.00s Sys=0.00s Real=0.00s
[13600.664s][info][gc,start       ] GC(32847) Pause Young (Allocation Failure)
[13600.668s][info][gc,heap        ] GC(32847) PSYoungGen: 83360K(83456K)->576K(83968K) Eden: 80896K(80896K)->0K(80896K) From: 2464K(2560K)->576K(3072K)
[13600.668s][info][gc,heap        ] GC(32847) ParOldGen: 345773K(346624K)->347885K(348160K)
[13600.668s][info][gc,metaspace   ] GC(32847) Metaspace: 62147K(62464K)->62147K(62464K) NonClass: 56615K(56832K)->56615K(56832K) Class: 5532K(5632K)->5532K(5632K)
[13600.668s][info][gc             ] GC(32847) Pause Young (Allocation Failure) 419M->340M(422M) 3.238ms
[13600.668s][info][gc,cpu         ] GC(32847) User=0.00s Sys=0.00s Real=0.00s
[13601.091s][info][gc,start       ] GC(32848) Pause Young (Allocation Failure)
[13601.094s][info][gc,heap        ] GC(32848) PSYoungGen: 81472K(83968K)->928K(84480K) Eden: 80896K(80896K)->0K(81920K) From: 576K(3072K)->928K(2560K)
[13601.094s][info][gc,heap        ] GC(32848) ParOldGen: 347885K(348160K)->347949K(348160K)
[13601.094s][info][gc,metaspace   ] GC(32848) Metaspace: 62147K(62464K)->62147K(62464K) NonClass: 56615K(56832K)->56615K(56832K) Class: 5532K(5632K)->5532K(5632K)
[13601.094s][info][gc             ] GC(32848) Pause Young (Allocation Failure) 419M->340M(422M) 2.543ms
[13601.094s][info][gc,cpu         ] GC(32848) User=0.01s Sys=0.00s Real=0.00s
[13601.513s][info][gc,start       ] GC(32849) Pause Young (Allocation Failure)
[13601.516s][info][gc,heap        ] GC(32849) PSYoungGen: 82848K(84480K)->1376K(84480K) Eden: 81920K(81920K)->0K(81920K) From: 928K(2560K)->1376K(2560K)
[13601.516s][info][gc,heap        ] GC(32849) ParOldGen: 347949K(348160K)->348021K(348160K)
[13601.516s][info][gc,metaspace   ] GC(32849) Metaspace: 62147K(62464K)->62147K(62464K) NonClass: 56615K(56832K)->56615K(56832K) Class: 5532K(5632K)->5532K(5632K)
[13601.516s][info][gc             ] GC(32849) Pause Young (Allocation Failure) 420M->341M(422M) 3.137ms
[13601.516s][info][gc,cpu         ] GC(32849) User=0.01s Sys=0.00s Real=0.00s
[13601.946s][info][gc,start       ] GC(32850) Pause Young (Allocation Failure)
[13601.948s][info][gc,heap        ] GC(32850) PSYoungGen: 83296K(84480K)->320K(84480K) Eden: 81920K(81920K)->0K(81920K) From: 1376K(2560K)->320K(2560K)
[13601.948s][info][gc,heap        ] GC(32850) ParOldGen: 348021K(348160K)->348093K(348160K)
[13601.948s][info][gc,metaspace   ] GC(32850) Metaspace: 62147K(62464K)->62147K(62464K) NonClass: 56615K(56832K)->56615K(56832K) Class: 5532K(5632K)->5532K(5632K)
[13601.948s][info][gc             ] GC(32850) Pause Young (Allocation Failure) 421M->340M(422M) 2.192ms
[13601.948s][info][gc,cpu         ] GC(32850) User=0.01s Sys=0.00s Real=0.00s
[13602.395s][info][gc,start       ] GC(32851) Pause Young (Allocation Failure)
[13602.404s][info][gc,heap        ] GC(32851) PSYoungGen: 82240K(84480K)->896K(84480K) Eden: 81920K(81920K)->0K(81920K) From: 320K(2560K)->896K(2560K)
[13602.404s][info][gc,heap        ] GC(32851) ParOldGen: 348093K(348160K)->348157K(348160K)
[13602.404s][info][gc,metaspace   ] GC(32851) Metaspace: 62147K(62464K)->62147K(62464K) NonClass: 56615K(56832K)->56615K(56832K) Class: 5532K(5632K)->5532K(5632K)
[13602.404s][info][gc             ] GC(32851) Pause Young (Allocation Failure) 420M->340M(422M) 9.179ms
[13602.404s][info][gc,cpu         ] GC(32851) User=0.01s Sys=0.00s Real=0.01s
[13602.830s][info][gc,start       ] GC(32852) Pause Young (Allocation Failure)
[13602.833s][info][gc,heap        ] GC(32852) PSYoungGen: 82816K(84480K)->1600K(84480K) Eden: 81920K(81920K)->0K(81920K) From: 896K(2560K)->1600K(2560K)
[13602.833s][info][gc,heap        ] GC(32852) ParOldGen: 348157K(348160K)->348221K(348672K)
[13602.833s][info][gc,metaspace   ] GC(32852) Metaspace: 62147K(62464K)->62147K(62464K) NonClass: 56615K(56832K)->56615K(56832K) Class: 5532K(5632K)->5532K(5632K)
[13602.833s][info][gc             ] GC(32852) Pause Young (Allocation Failure) 420M->341M(423M) 3.144ms
[13602.834s][info][gc,cpu         ] GC(32852) User=0.01s Sys=0.00s Real=0.01s
[13603.185s][info][gc,start       ] GC(32853) Pause Young (Allocation Failure)
[13603.188s][info][gc,heap        ] GC(32853) PSYoungGen: 83520K(84480K)->1120K(84480K) Eden: 81920K(81920K)->0K(81920K) From: 1600K(2560K)->1120K(2560K)
[13603.188s][info][gc,heap        ] GC(32853) ParOldGen: 348221K(348672K)->348285K(348672K)
[13603.188s][info][gc,metaspace   ] GC(32853) Metaspace: 62147K(62464K)->62147K(62464K) NonClass: 56615K(56832K)->56615K(56832K) Class: 5532K(5632K)->5532K(5632K)
[13603.188s][info][gc             ] GC(32853) Pause Young (Allocation Failure) 421M->341M(423M) 2.900ms
[13603.188s][info][gc,cpu         ] GC(32853) User=0.00s Sys=0.00s Real=0.00s
[13603.587s][info][gc,start       ] GC(32854) Pause Young (Allocation Failure)
[13603.589s][info][gc,heap        ] GC(32854) PSYoungGen: 83040K(84480K)->928K(84480K) Eden: 81920K(81920K)->0K(81920K) From: 1120K(2560K)->928K(2560K)
[13603.589s][info][gc,heap        ] GC(32854) ParOldGen: 348285K(348672K)->348349K(348672K)
[13603.589s][info][gc,metaspace   ] GC(32854) Metaspace: 62147K(62464K)->62147K(62464K) NonClass: 56615K(56832K)->56615K(56832K) Class: 5532K(5632K)->5532K(5632K)
[13603.589s][info][gc             ] GC(32854) Pause Young (Allocation Failure) 421M->341M(423M) 2.635ms
[13603.589s][info][gc,cpu         ] GC(32854) User=0.01s Sys=0.00s Real=0.00s
[13603.995s][info][gc,start       ] GC(32855) Pause Young (Allocation Failure)
[13603.998s][info][gc,heap        ] GC(32855) PSYoungGen: 82848K(84480K)->1120K(84480K) Eden: 81920K(81920K)->0K(81920K) From: 928K(2560K)->1120K(2560K)
[13603.998s][info][gc,heap        ] GC(32855) ParOldGen: 348349K(348672K)->348413K(348672K)
[13603.998s][info][gc,metaspace   ] GC(32855) Metaspace: 62147K(62464K)->62147K(62464K) NonClass: 56615K(56832K)->56615K(56832K) Class: 5532K(5632K)->5532K(5632K)
[13603.998s][info][gc             ] GC(32855) Pause Young (Allocation Failure) 421M->341M(423M) 2.807ms
[13603.998s][info][gc,cpu         ] GC(32855) User=0.01s Sys=0.00s Real=0.00s
[13604.439s][info][gc,start       ] GC(32856) Pause Young (Allocation Failure)
[13604.443s][info][gc,heap        ] GC(32856) PSYoungGen: 83040K(84480K)->1408K(84480K) Eden: 81920K(81920K)->0K(81920K) From: 1120K(2560K)->1408K(2560K)
[13604.443s][info][gc,heap        ] GC(32856) ParOldGen: 348413K(348672K)->348485K(348672K)
[13604.443s][info][gc,metaspace   ] GC(32856) Metaspace: 62147K(62464K)->62147K(62464K) NonClass: 56615K(56832K)->56615K(56832K) Class: 5532K(5632K)->5532K(5632K)
[13604.443s][info][gc             ] GC(32856) Pause Young (Allocation Failure) 421M->341M(423M) 4.146ms
[13604.443s][info][gc,cpu         ] GC(32856) User=0.01s Sys=0.00s Real=0.01s
[13604.862s][info][gc,start       ] GC(32857) Pause Young (Allocation Failure)
[13604.865s][info][gc,heap        ] GC(32857) PSYoungGen: 83328K(84480K)->512K(84480K) Eden: 81920K(81920K)->0K(81920K) From: 1408K(2560K)->512K(2560K)
[13604.865s][info][gc,heap        ] GC(32857) ParOldGen: 348485K(348672K)->348549K(348672K)
[13604.865s][info][gc,metaspace   ] GC(32857) Metaspace: 62147K(62464K)->62147K(62464K) NonClass: 56615K(56832K)->56615K(56832K) Class: 5532K(5632K)->5532K(5632K)
[13604.865s][info][gc             ] GC(32857) Pause Young (Allocation Failure) 421M->340M(423M) 2.324ms
[13604.865s][info][gc,cpu         ] GC(32857) User=0.01s Sys=0.00s Real=0.00s
[13605.280s][info][gc,start       ] GC(32858) Pause Young (Allocation Failure)
[13605.283s][info][gc,heap        ] GC(32858) PSYoungGen: 82432K(84480K)->800K(84992K) Eden: 81920K(81920K)->0K(82432K) From: 512K(2560K)->800K(2560K)
[13605.283s][info][gc,heap        ] GC(32858) ParOldGen: 348549K(348672K)->348613K(348672K)
[13605.283s][info][gc,metaspace   ] GC(32858) Metaspace: 62147K(62464K)->62147K(62464K) NonClass: 56615K(56832K)->56615K(56832K) Class: 5532K(5632K)->5532K(5632K)
[13605.283s][info][gc             ] GC(32858) Pause Young (Allocation Failure) 420M->341M(423M) 2.468ms
[13605.283s][info][gc,cpu         ] GC(32858) User=0.00s Sys=0.00s Real=0.01s
[13605.753s][info][gc,start       ] GC(32859) Pause Young (Allocation Failure)
[13605.755s][info][gc,heap        ] GC(32859) PSYoungGen: 83232K(84992K)->464K(84480K) Eden: 82432K(82432K)->0K(82432K) From: 800K(2560K)->464K(2048K)
[13605.755s][info][gc,heap        ] GC(32859) ParOldGen: 348613K(348672K)->348677K(349184K)
[13605.755s][info][gc,metaspace   ] GC(32859) Metaspace: 62147K(62464K)->62147K(62464K) NonClass: 56615K(56832K)->56615K(56832K) Class: 5532K(5632K)->5532K(5632K)
[13605.755s][info][gc             ] GC(32859) Pause Young (Allocation Failure) 421M->340M(423M) 2.231ms
[13605.755s][info][gc,cpu         ] GC(32859) User=0.00s Sys=0.00s Real=0.00s
[13606.169s][info][gc,start       ] GC(32860) Pause Young (Allocation Failure)
[13606.172s][info][gc,heap        ] GC(32860) PSYoungGen: 82896K(84480K)->640K(84992K) Eden: 82432K(82432K)->0K(82944K) From: 464K(2048K)->640K(2048K)
[13606.172s][info][gc,heap        ] GC(32860) ParOldGen: 348677K(349184K)->348797K(349184K)
[13606.172s][info][gc,metaspace   ] GC(32860) Metaspace: 62147K(62464K)->62147K(62464K) NonClass: 56615K(56832K)->56615K(56832K) Class: 5532K(5632K)->5532K(5632K)
[13606.172s][info][gc             ] GC(32860) Pause Young (Allocation Failure) 421M->341M(424M) 2.425ms
[13606.172s][info][gc,cpu         ] GC(32860) User=0.00s Sys=0.00s Real=0.01s
[13606.625s][info][gc,start       ] GC(32861) Pause Young (Allocation Failure)
[13606.628s][info][gc,heap        ] GC(32861) PSYoungGen: 83584K(84992K)->1472K(84480K) Eden: 82944K(82944K)->0K(82944K) From: 640K(2048K)->1472K(1536K)
[13606.628s][info][gc,heap        ] GC(32861) ParOldGen: 348797K(349184K)->348869K(349184K)
[13606.628s][info][gc,metaspace   ] GC(32861) Metaspace: 62147K(62464K)->62147K(62464K) NonClass: 56615K(56832K)->56615K(56832K) Class: 5532K(5632K)->5532K(5632K)
[13606.628s][info][gc             ] GC(32861) Pause Young (Allocation Failure) 422M->342M(423M) 3.112ms
[13606.628s][info][gc,cpu         ] GC(32861) User=0.01s Sys=0.00s Real=0.00s
[13607.052s][info][gc,start       ] GC(32862) Pause Young (Allocation Failure)
[13607.054s][info][gc,heap        ] GC(32862) PSYoungGen: 84416K(84480K)->384K(84480K) Eden: 82944K(82944K)->0K(81920K) From: 1472K(1536K)->384K(2560K)
[13607.054s][info][gc,heap        ] GC(32862) ParOldGen: 348869K(349184K)->348941K(349184K)
[13607.054s][info][gc,metaspace   ] GC(32862) Metaspace: 62147K(62464K)->62147K(62464K) NonClass: 56615K(56832K)->56615K(56832K) Class: 5532K(5632K)->5532K(5632K)
[13607.055s][info][gc             ] GC(32862) Pause Young (Allocation Failure) 423M->341M(423M) 2.129ms
[13607.055s][info][gc,cpu         ] GC(32862) User=0.00s Sys=0.00s Real=0.00s
[13607.479s][info][gc,start       ] GC(32863) Pause Young (Allocation Failure)
[13607.481s][info][gc,heap        ] GC(32863) PSYoungGen: 82304K(84480K)->864K(84480K) Eden: 81920K(81920K)->0K(81920K) From: 384K(2560K)->864K(2560K)
[13607.481s][info][gc,heap        ] GC(32863) ParOldGen: 348941K(349184K)->349013K(349184K)
[13607.481s][info][gc,metaspace   ] GC(32863) Metaspace: 62147K(62464K)->62147K(62464K) NonClass: 56615K(56832K)->56615K(56832K) Class: 5532K(5632K)->5532K(5632K)
[13607.481s][info][gc             ] GC(32863) Pause Young (Allocation Failure) 421M->341M(423M) 2.479ms
[13607.481s][info][gc,cpu         ] GC(32863) User=0.00s Sys=0.00s Real=0.01s
[13607.892s][info][gc,start       ] GC(32864) Pause Young (Allocation Failure)
[13607.895s][info][gc,heap        ] GC(32864) PSYoungGen: 82784K(84480K)->1120K(84992K) Eden: 81920K(81920K)->0K(82944K) From: 864K(2560K)->1120K(2048K)
[13607.895s][info][gc,heap        ] GC(32864) ParOldGen: 349013K(349184K)->349077K(349184K)
[13607.895s][info][gc,metaspace   ] GC(32864) Metaspace: 62147K(62464K)->62147K(62464K) NonClass: 56615K(56832K)->56615K(56832K) Class: 5532K(5632K)->5532K(5632K)
[13607.895s][info][gc             ] GC(32864) Pause Young (Allocation Failure) 421M->341M(424M) 2.667ms
[13607.895s][info][gc,cpu         ] GC(32864) User=0.01s Sys=0.00s Real=0.00s
[13608.305s][info][gc,start       ] GC(32865) Pause Young (Allocation Failure)
[13608.308s][info][gc,heap        ] GC(32865) PSYoungGen: 84064K(84992K)->1376K(84992K) Eden: 82944K(82944K)->0K(82944K) From: 1120K(2048K)->1376K(2048K)
[13608.308s][info][gc,heap        ] GC(32865) ParOldGen: 349077K(349184K)->349141K(349184K)
[13608.308s][info][gc,metaspace   ] GC(32865) Metaspace: 62147K(62464K)->62147K(62464K) NonClass: 56615K(56832K)->56615K(56832K) Class: 5532K(5632K)->5532K(5632K)
[13608.308s][info][gc             ] GC(32865) Pause Young (Allocation Failure) 422M->342M(424M) 2.819ms
[13608.308s][info][gc,cpu         ] GC(32865) User=0.00s Sys=0.00s Real=0.00s
[13608.732s][info][gc,start       ] GC(32866) Pause Young (Allocation Failure)
[13608.735s][info][gc,heap        ] GC(32866) PSYoungGen: 84320K(84992K)->1632K(83968K) Eden: 82944K(82944K)->0K(81920K) From: 1376K(2048K)->1632K(2048K)
[13608.735s][info][gc,heap        ] GC(32866) ParOldGen: 349141K(349184K)->349205K(349696K)
[13608.735s][info][gc,metaspace   ] GC(32866) Metaspace: 62147K(62464K)->62147K(62464K) NonClass: 56615K(56832K)->56615K(56832K) Class: 5532K(5632K)->5532K(5632K)
[13608.736s][info][gc             ] GC(32866) Pause Young (Allocation Failure) 423M->342M(423M) 3.213ms
[13608.736s][info][gc,cpu         ] GC(32866) User=0.00s Sys=0.00s Real=0.00s
[13609.134s][info][gc,start       ] GC(32867) Pause Young (Allocation Failure)
[13609.138s][info][gc,heap        ] GC(32867) PSYoungGen: 83552K(83968K)->1824K(84480K) Eden: 81920K(81920K)->0K(81920K) From: 1632K(2048K)->1824K(2560K)
[13609.138s][info][gc,heap        ] GC(32867) ParOldGen: 349205K(349696K)->349277K(349696K)
[13609.138s][info][gc,metaspace   ] GC(32867) Metaspace: 62147K(62464K)->62147K(62464K) NonClass: 56615K(56832K)->56615K(56832K) Class: 5532K(5632K)->5532K(5632K)
[13609.138s][info][gc             ] GC(32867) Pause Young (Allocation Failure) 422M->342M(424M) 3.319ms
[13609.138s][info][gc,cpu         ] GC(32867) User=0.00s Sys=0.00s Real=0.00s
[13609.534s][info][gc,start       ] GC(32868) Pause Young (Allocation Failure)
[13609.537s][info][gc,heap        ] GC(32868) PSYoungGen: 83744K(84480K)->1728K(84480K) Eden: 81920K(81920K)->0K(81920K) From: 1824K(2560K)->1728K(2560K)
[13609.537s][info][gc,heap        ] GC(32868) ParOldGen: 349277K(349696K)->349349K(349696K)
[13609.537s][info][gc,metaspace   ] GC(32868) Metaspace: 62147K(62464K)->62147K(62464K) NonClass: 56615K(56832K)->56615K(56832K) Class: 5532K(5632K)->5532K(5632K)
[13609.537s][info][gc             ] GC(32868) Pause Young (Allocation Failure) 422M->342M(424M) 3.392ms
[13609.537s][info][gc,cpu         ] GC(32868) User=0.01s Sys=0.00s Real=0.00s
[13609.946s][info][gc,start       ] GC(32869) Pause Young (Allocation Failure)
[13609.949s][info][gc,heap        ] GC(32869) PSYoungGen: 83648K(84480K)->2336K(84480K) Eden: 81920K(81920K)->0K(81920K) From: 1728K(2560K)->2336K(2560K)
[13609.949s][info][gc,heap        ] GC(32869) ParOldGen: 349349K(349696K)->350445K(351232K)
[13609.949s][info][gc,metaspace   ] GC(32869) Metaspace: 62147K(62464K)->62147K(62464K) NonClass: 56615K(56832K)->56615K(56832K) Class: 5532K(5632K)->5532K(5632K)
[13609.949s][info][gc             ] GC(32869) Pause Young (Allocation Failure) 422M->344M(425M) 3.042ms
[13609.949s][info][gc,cpu         ] GC(32869) User=0.00s Sys=0.00s Real=0.00s
[13610.382s][info][gc,start       ] GC(32870) Pause Young (Allocation Failure)
[13610.386s][info][gc,heap        ] GC(32870) PSYoungGen: 84256K(84480K)->832K(83456K) Eden: 81920K(81920K)->0K(80896K) From: 2336K(2560K)->832K(2560K)
[13610.386s][info][gc,heap        ] GC(32870) ParOldGen: 350445K(351232K)->352565K(352768K)
[13610.386s][info][gc,metaspace   ] GC(32870) Metaspace: 62147K(62464K)->62147K(62464K) NonClass: 56615K(56832K)->56615K(56832K) Class: 5532K(5632K)->5532K(5632K)
[13610.386s][info][gc             ] GC(32870) Pause Young (Allocation Failure) 424M->345M(426M) 3.834ms
[13610.386s][info][gc,cpu         ] GC(32870) User=0.00s Sys=0.01s Real=0.00s
[13610.809s][info][gc,start       ] GC(32871) Pause Young (Allocation Failure)
[13610.811s][info][gc,heap        ] GC(32871) PSYoungGen: 81728K(83456K)->1184K(83968K) Eden: 80896K(80896K)->0K(80896K) From: 832K(2560K)->1184K(3072K)
[13610.811s][info][gc,heap        ] GC(32871) ParOldGen: 352565K(352768K)->352629K(352768K)
[13610.811s][info][gc,metaspace   ] GC(32871) Metaspace: 62147K(62464K)->62147K(62464K) NonClass: 56615K(56832K)->56615K(56832K) Class: 5532K(5632K)->5532K(5632K)
[13610.811s][info][gc             ] GC(32871) Pause Young (Allocation Failure) 424M->345M(426M) 2.865ms
[13610.812s][info][gc,cpu         ] GC(32871) User=0.01s Sys=0.00s Real=0.01s
[13611.210s][info][gc,start       ] GC(32872) Pause Young (Allocation Failure)
[13611.213s][info][gc,heap        ] GC(32872) PSYoungGen: 82080K(83968K)->1248K(84480K) Eden: 80896K(80896K)->0K(81920K) From: 1184K(3072K)->1248K(2560K)
[13611.213s][info][gc,heap        ] GC(32872) ParOldGen: 352629K(352768K)->352693K(352768K)
[13611.213s][info][gc,metaspace   ] GC(32872) Metaspace: 62147K(62464K)->62147K(62464K) NonClass: 56615K(56832K)->56615K(56832K) Class: 5532K(5632K)->5532K(5632K)
[13611.213s][info][gc             ] GC(32872) Pause Young (Allocation Failure) 424M->345M(427M) 2.818ms
[13611.213s][info][gc,cpu         ] GC(32872) User=0.00s Sys=0.00s Real=0.01s
[13611.596s][info][gc,start       ] GC(32873) Pause Young (Allocation Failure)
[13611.599s][info][gc,heap        ] GC(32873) PSYoungGen: 83168K(84480K)->1088K(84480K) Eden: 81920K(81920K)->0K(81920K) From: 1248K(2560K)->1088K(2560K)
[13611.599s][info][gc,heap        ] GC(32873) ParOldGen: 352693K(352768K)->352765K(352768K)
[13611.599s][info][gc,metaspace   ] GC(32873) Metaspace: 62147K(62464K)->62147K(62464K) NonClass: 56615K(56832K)->56615K(56832K) Class: 5532K(5632K)->5532K(5632K)
[13611.599s][info][gc             ] GC(32873) Pause Young (Allocation Failure) 425M->345M(427M) 2.719ms
[13611.599s][info][gc,cpu         ] GC(32873) User=0.01s Sys=0.00s Real=0.00s
[13612.038s][info][gc,start       ] GC(32874) Pause Young (Allocation Failure)
[13612.041s][info][gc,heap        ] GC(32874) PSYoungGen: 83008K(84480K)->1632K(84480K) Eden: 81920K(81920K)->0K(81920K) From: 1088K(2560K)->1632K(2560K)
[13612.041s][info][gc,heap        ] GC(32874) ParOldGen: 352765K(352768K)->352829K(353280K)
[13612.041s][info][gc,metaspace   ] GC(32874) Metaspace: 62147K(62464K)->62147K(62464K) NonClass: 56615K(56832K)->56615K(56832K) Class: 5532K(5632K)->5532K(5632K)
[13612.041s][info][gc             ] GC(32874) Pause Young (Allocation Failure) 425M->346M(427M) 3.186ms
[13612.041s][info][gc,cpu         ] GC(32874) User=0.00s Sys=0.00s Real=0.01s
[13612.455s][info][gc,start       ] GC(32875) Pause Young (Allocation Failure)
[13612.457s][info][gc,heap        ] GC(32875) PSYoungGen: 83552K(84480K)->448K(84480K) Eden: 81920K(81920K)->0K(81920K) From: 1632K(2560K)->448K(2560K)
[13612.457s][info][gc,heap        ] GC(32875) ParOldGen: 352829K(353280K)->352901K(353280K)
[13612.457s][info][gc,metaspace   ] GC(32875) Metaspace: 62147K(62464K)->62147K(62464K) NonClass: 56615K(56832K)->56615K(56832K) Class: 5532K(5632K)->5532K(5632K)
[13612.457s][info][gc             ] GC(32875) Pause Young (Allocation Failure) 426M->345M(427M) 2.306ms
[13612.457s][info][gc,cpu         ] GC(32875) User=0.00s Sys=0.00s Real=0.00s
[13612.883s][info][gc,start       ] GC(32876) Pause Young (Allocation Failure)
[13612.885s][info][gc,heap        ] GC(32876) PSYoungGen: 82368K(84480K)->864K(84480K) Eden: 81920K(81920K)->0K(81920K) From: 448K(2560K)->864K(2560K)
[13612.885s][info][gc,heap        ] GC(32876) ParOldGen: 352901K(353280K)->352965K(353280K)
[13612.885s][info][gc,metaspace   ] GC(32876) Metaspace: 62147K(62464K)->62147K(62464K) NonClass: 56615K(56832K)->56615K(56832K) Class: 5532K(5632K)->5532K(5632K)
[13612.885s][info][gc             ] GC(32876) Pause Young (Allocation Failure) 425M->345M(427M) 2.587ms
[13612.885s][info][gc,cpu         ] GC(32876) User=0.01s Sys=0.00s Real=0.00s
[13613.344s][info][gc,start       ] GC(32877) Pause Young (Allocation Failure)
[13613.347s][info][gc,heap        ] GC(32877) PSYoungGen: 82784K(84480K)->304K(84480K) Eden: 81920K(81920K)->0K(81920K) From: 864K(2560K)->304K(2560K)
[13613.347s][info][gc,heap        ] GC(32877) ParOldGen: 352965K(353280K)->353029K(353280K)
[13613.347s][info][gc,metaspace   ] GC(32877) Metaspace: 62147K(62464K)->62147K(62464K) NonClass: 56615K(56832K)->56615K(56832K) Class: 5532K(5632K)->5532K(5632K)
[13613.347s][info][gc             ] GC(32877) Pause Young (Allocation Failure) 425M->345M(427M) 2.318ms
[13613.347s][info][gc,cpu         ] GC(32877) User=0.00s Sys=0.00s Real=0.00s
[13613.772s][info][gc,start       ] GC(32878) Pause Young (Allocation Failure)
[13613.775s][info][gc,heap        ] GC(32878) PSYoungGen: 82224K(84480K)->672K(84480K) Eden: 81920K(81920K)->0K(81920K) From: 304K(2560K)->672K(2560K)
[13613.775s][info][gc,heap        ] GC(32878) ParOldGen: 353029K(353280K)->353141K(353280K)
[13613.775s][info][gc,metaspace   ] GC(32878) Metaspace: 62147K(62464K)->62147K(62464K) NonClass: 56615K(56832K)->56615K(56832K) Class: 5532K(5632K)->5532K(5632K)
[13613.775s][info][gc             ] GC(32878) Pause Young (Allocation Failure) 425M->345M(427M) 2.493ms
[13613.775s][info][gc,cpu         ] GC(32878) User=0.01s Sys=0.00s Real=0.00s
[13614.185s][info][gc,start       ] GC(32879) Pause Young (Allocation Failure)
[13614.190s][info][gc,heap        ] GC(32879) PSYoungGen: 82592K(84480K)->992K(84480K) Eden: 81920K(81920K)->0K(81920K) From: 672K(2560K)->992K(2560K)
[13614.190s][info][gc,heap        ] GC(32879) ParOldGen: 353141K(353280K)->353205K(353280K)
[13614.190s][info][gc,metaspace   ] GC(32879) Metaspace: 62147K(62464K)->62147K(62464K) NonClass: 56615K(56832K)->56615K(56832K) Class: 5532K(5632K)->5532K(5632K)
[13614.191s][info][gc             ] GC(32879) Pause Young (Allocation Failure) 425M->345M(427M) 5.414ms
[13614.191s][info][gc,cpu         ] GC(32879) User=0.00s Sys=0.01s Real=0.00s
[13614.597s][info][gc,start       ] GC(32880) Pause Young (Allocation Failure)
[13614.601s][info][gc,heap        ] GC(32880) PSYoungGen: 82912K(84480K)->1088K(84480K) Eden: 81920K(81920K)->0K(81920K) From: 992K(2560K)->1088K(2560K)
[13614.601s][info][gc,heap        ] GC(32880) ParOldGen: 353205K(353280K)->353269K(353280K)
[13614.601s][info][gc,metaspace   ] GC(32880) Metaspace: 62147K(62464K)->62147K(62464K) NonClass: 56615K(56832K)->56615K(56832K) Class: 5532K(5632K)->5532K(5632K)
[13614.601s][info][gc             ] GC(32880) Pause Young (Allocation Failure) 425M->346M(427M) 4.116ms
[13614.601s][info][gc,cpu         ] GC(32880) User=0.01s Sys=0.00s Real=0.01s
[13614.998s][info][gc,start       ] GC(32881) Pause Young (Allocation Failure)
[13615.001s][info][gc,heap        ] GC(32881) PSYoungGen: 83008K(84480K)->1120K(84480K) Eden: 81920K(81920K)->0K(81920K) From: 1088K(2560K)->1120K(2560K)
[13615.001s][info][gc,heap        ] GC(32881) ParOldGen: 353269K(353280K)->353333K(353792K)
[13615.001s][info][gc,metaspace   ] GC(32881) Metaspace: 62147K(62464K)->62147K(62464K) NonClass: 56615K(56832K)->56615K(56832K) Class: 5532K(5632K)->5532K(5632K)
[13615.001s][info][gc             ] GC(32881) Pause Young (Allocation Failure) 426M->346M(428M) 2.731ms
[13615.001s][info][gc,cpu         ] GC(32881) User=0.00s Sys=0.01s Real=0.00s
[13615.439s][info][gc,start       ] GC(32882) Pause Young (Allocation Failure)
[13615.442s][info][gc,heap        ] GC(32882) PSYoungGen: 83040K(84480K)->1632K(83968K) Eden: 81920K(81920K)->0K(81920K) From: 1120K(2560K)->1632K(2048K)
[13615.442s][info][gc,heap        ] GC(32882) ParOldGen: 353333K(353792K)->353397K(353792K)
[13615.442s][info][gc,metaspace   ] GC(32882) Metaspace: 62147K(62464K)->62147K(62464K) NonClass: 56615K(56832K)->56615K(56832K) Class: 5532K(5632K)->5532K(5632K)
[13615.442s][info][gc             ] GC(32882) Pause Young (Allocation Failure) 426M->346M(427M) 3.073ms
[13615.442s][info][gc,cpu         ] GC(32882) User=0.00s Sys=0.00s Real=0.01s
[13615.901s][info][gc,start       ] GC(32883) Pause Young (Allocation Failure)
[13615.904s][info][gc,heap        ] GC(32883) PSYoungGen: 83552K(83968K)->1088K(84480K) Eden: 81920K(81920K)->0K(81920K) From: 1632K(2048K)->1088K(2560K)
[13615.904s][info][gc,heap        ] GC(32883) ParOldGen: 353397K(353792K)->353461K(353792K)
[13615.904s][info][gc,metaspace   ] GC(32883) Metaspace: 62147K(62464K)->62147K(62464K) NonClass: 56615K(56832K)->56615K(56832K) Class: 5532K(5632K)->5532K(5632K)
[13615.904s][info][gc             ] GC(32883) Pause Young (Allocation Failure) 426M->346M(428M) 3.367ms
[13615.904s][info][gc,cpu         ] GC(32883) User=0.01s Sys=0.00s Real=0.00s
[13616.320s][info][gc,start       ] GC(32884) Pause Young (Allocation Failure)
[13616.323s][info][gc,heap        ] GC(32884) PSYoungGen: 83008K(84480K)->1568K(83968K) Eden: 81920K(81920K)->0K(81920K) From: 1088K(2560K)->1568K(2048K)
[13616.323s][info][gc,heap        ] GC(32884) ParOldGen: 353461K(353792K)->353525K(353792K)
[13616.323s][info][gc,metaspace   ] GC(32884) Metaspace: 62147K(62464K)->62147K(62464K) NonClass: 56615K(56832K)->56615K(56832K) Class: 5532K(5632K)->5532K(5632K)
[13616.323s][info][gc             ] GC(32884) Pause Young (Allocation Failure) 426M->346M(427M) 3.151ms
[13616.323s][info][gc,cpu         ] GC(32884) User=0.00s Sys=0.00s Real=0.01s
[13616.713s][info][gc,start       ] GC(32885) Pause Young (Allocation Failure)
[13616.716s][info][gc,heap        ] GC(32885) PSYoungGen: 83488K(83968K)->1376K(84480K) Eden: 81920K(81920K)->0K(81920K) From: 1568K(2048K)->1376K(2560K)
[13616.716s][info][gc,heap        ] GC(32885) ParOldGen: 353525K(353792K)->353597K(353792K)
[13616.716s][info][gc,metaspace   ] GC(32885) Metaspace: 62147K(62464K)->62147K(62464K) NonClass: 56615K(56832K)->56615K(56832K) Class: 5532K(5632K)->5532K(5632K)
[13616.716s][info][gc             ] GC(32885) Pause Young (Allocation Failure) 426M->346M(428M) 2.895ms
[13616.716s][info][gc,cpu         ] GC(32885) User=0.00s Sys=0.00s Real=0.00s
[13617.127s][info][gc,start       ] GC(32886) Pause Young (Allocation Failure)
[13617.130s][info][gc,heap        ] GC(32886) PSYoungGen: 83296K(84480K)->1664K(84480K) Eden: 81920K(81920K)->0K(81920K) From: 1376K(2560K)->1664K(2560K)
[13617.130s][info][gc,heap        ] GC(32886) ParOldGen: 353597K(353792K)->353669K(353792K)
[13617.130s][info][gc,metaspace   ] GC(32886) Metaspace: 62147K(62464K)->62147K(62464K) NonClass: 56615K(56832K)->56615K(56832K) Class: 5532K(5632K)->5532K(5632K)
[13617.130s][info][gc             ] GC(32886) Pause Young (Allocation Failure) 426M->347M(428M) 3.072ms
[13617.130s][info][gc,cpu         ] GC(32886) User=0.00s Sys=0.00s Real=0.00s
[13617.542s][info][gc,start       ] GC(32887) Pause Young (Allocation Failure)
[13617.544s][info][gc,heap        ] GC(32887) PSYoungGen: 83584K(84480K)->224K(84480K) Eden: 81920K(81920K)->0K(81920K) From: 1664K(2560K)->224K(2560K)
[13617.544s][info][gc,heap        ] GC(32887) ParOldGen: 353669K(353792K)->353733K(353792K)
[13617.544s][info][gc,metaspace   ] GC(32887) Metaspace: 62147K(62464K)->62147K(62464K) NonClass: 56615K(56832K)->56615K(56832K) Class: 5532K(5632K)->5532K(5632K)
[13617.544s][info][gc             ] GC(32887) Pause Young (Allocation Failure) 427M->345M(428M) 2.010ms
[13617.544s][info][gc,cpu         ] GC(32887) User=0.00s Sys=0.00s Real=0.00s
[13617.959s][info][gc,start       ] GC(32888) Pause Young (Allocation Failure)
[13617.962s][info][gc,heap        ] GC(32888) PSYoungGen: 82144K(84480K)->576K(84480K) Eden: 81920K(81920K)->0K(81920K) From: 224K(2560K)->576K(2560K)
[13617.962s][info][gc,heap        ] GC(32888) ParOldGen: 353733K(353792K)->353797K(354304K)
[13617.962s][info][gc,metaspace   ] GC(32888) Metaspace: 62147K(62464K)->62147K(62464K) NonClass: 56615K(56832K)->56615K(56832K) Class: 5532K(5632K)->5532K(5632K)
[13617.962s][info][gc             ] GC(32888) Pause Young (Allocation Failure) 425M->346M(428M) 2.357ms
[13617.962s][info][gc,cpu         ] GC(32888) User=0.01s Sys=0.00s Real=0.01s
[13618.398s][info][gc,start       ] GC(32889) Pause Young (Allocation Failure)
[13618.401s][info][gc,heap        ] GC(32889) PSYoungGen: 82496K(84480K)->1120K(84480K) Eden: 81920K(81920K)->0K(81920K) From: 576K(2560K)->1120K(2560K)
[13618.401s][info][gc,heap        ] GC(32889) ParOldGen: 353797K(354304K)->353861K(354304K)
[13618.401s][info][gc,metaspace   ] GC(32889) Metaspace: 62147K(62464K)->62147K(62464K) NonClass: 56615K(56832K)->56615K(56832K) Class: 5532K(5632K)->5532K(5632K)
[13618.401s][info][gc             ] GC(32889) Pause Young (Allocation Failure) 426M->346M(428M) 2.787ms
[13618.401s][info][gc,cpu         ] GC(32889) User=0.01s Sys=0.00s Real=0.00s
[13618.828s][info][gc,start       ] GC(32890) Pause Young (Allocation Failure)
[13618.831s][info][gc,heap        ] GC(32890) PSYoungGen: 83040K(84480K)->1568K(84480K) Eden: 81920K(81920K)->0K(81920K) From: 1120K(2560K)->1568K(2560K)
[13618.831s][info][gc,heap        ] GC(32890) ParOldGen: 353861K(354304K)->353925K(354304K)
[13618.831s][info][gc,metaspace   ] GC(32890) Metaspace: 62147K(62464K)->62147K(62464K) NonClass: 56615K(56832K)->56615K(56832K) Class: 5532K(5632K)->5532K(5632K)
[13618.831s][info][gc             ] GC(32890) Pause Young (Allocation Failure) 426M->347M(428M) 3.029ms
[13618.831s][info][gc,cpu         ] GC(32890) User=0.01s Sys=0.00s Real=0.01s
[13619.243s][info][gc,start       ] GC(32891) Pause Young (Allocation Failure)
[13619.245s][info][gc,heap        ] GC(32891) PSYoungGen: 83488K(84480K)->2304K(84480K) Eden: 81920K(81920K)->0K(81920K) From: 1568K(2560K)->2304K(2560K)
[13619.245s][info][gc,heap        ] GC(32891) ParOldGen: 353925K(354304K)->353997K(354304K)
[13619.245s][info][gc,metaspace   ] GC(32891) Metaspace: 62147K(62464K)->62147K(62464K) NonClass: 56615K(56832K)->56615K(56832K) Class: 5532K(5632K)->5532K(5632K)
[13619.245s][info][gc             ] GC(32891) Pause Young (Allocation Failure) 427M->347M(428M) 2.278ms
[13619.245s][info][gc,cpu         ] GC(32891) User=0.00s Sys=0.00s Real=0.00s
[13619.652s][info][gc,start       ] GC(32892) Pause Young (Allocation Failure)
[13619.655s][info][gc,heap        ] GC(32892) PSYoungGen: 84224K(84480K)->384K(83456K) Eden: 81920K(81920K)->0K(80896K) From: 2304K(2560K)->384K(2560K)
[13619.655s][info][gc,heap        ] GC(32892) ParOldGen: 353997K(354304K)->356109K(357376K)
[13619.655s][info][gc,metaspace   ] GC(32892) Metaspace: 62147K(62464K)->62147K(62464K) NonClass: 56615K(56832K)->56615K(56832K) Class: 5532K(5632K)->5532K(5632K)
[13619.655s][info][gc             ] GC(32892) Pause Young (Allocation Failure) 427M->348M(430M) 3.230ms
[13619.655s][info][gc,cpu         ] GC(32892) User=0.00s Sys=0.00s Real=0.00s
[13620.090s][info][gc,start       ] GC(32893) Pause Young (Allocation Failure)
[13620.092s][info][gc,heap        ] GC(32893) PSYoungGen: 81280K(83456K)->960K(83968K) Eden: 80896K(80896K)->0K(80896K) From: 384K(2560K)->960K(3072K)
[13620.092s][info][gc,heap        ] GC(32893) ParOldGen: 356109K(357376K)->356181K(357376K)
[13620.092s][info][gc,metaspace   ] GC(32893) Metaspace: 62147K(62464K)->62147K(62464K) NonClass: 56615K(56832K)->56615K(56832K) Class: 5532K(5632K)->5532K(5632K)
[13620.092s][info][gc             ] GC(32893) Pause Young (Allocation Failure) 427M->348M(431M) 2.705ms
[13620.092s][info][gc,cpu         ] GC(32893) User=0.00s Sys=0.00s Real=0.01s
[13620.509s][info][gc,start       ] GC(32894) Pause Young (Allocation Failure)
[13620.512s][info][gc,heap        ] GC(32894) PSYoungGen: 81856K(83968K)->1344K(84480K) Eden: 80896K(80896K)->0K(81920K) From: 960K(3072K)->1344K(2560K)
[13620.512s][info][gc,heap        ] GC(32894) ParOldGen: 356181K(357376K)->356245K(357376K)
[13620.512s][info][gc,metaspace   ] GC(32894) Metaspace: 62147K(62464K)->62147K(62464K) NonClass: 56615K(56832K)->56615K(56832K) Class: 5532K(5632K)->5532K(5632K)
[13620.512s][info][gc             ] GC(32894) Pause Young (Allocation Failure) 427M->349M(431M) 2.817ms
[13620.512s][info][gc,cpu         ] GC(32894) User=0.01s Sys=0.00s Real=0.01s
[13620.972s][info][gc,start       ] GC(32895) Pause Young (Allocation Failure)
[13620.974s][info][gc,heap        ] GC(32895) PSYoungGen: 83264K(84480K)->752K(84480K) Eden: 81920K(81920K)->0K(81920K) From: 1344K(2560K)->752K(2560K)
[13620.974s][info][gc,heap        ] GC(32895) ParOldGen: 356245K(357376K)->356317K(357376K)
[13620.974s][info][gc,metaspace   ] GC(32895) Metaspace: 62147K(62464K)->62147K(62464K) NonClass: 56615K(56832K)->56615K(56832K) Class: 5532K(5632K)->5532K(5632K)
[13620.974s][info][gc             ] GC(32895) Pause Young (Allocation Failure) 429M->348M(431M) 2.395ms
[13620.974s][info][gc,cpu         ] GC(32895) User=0.00s Sys=0.00s Real=0.00s
[13621.346s][info][gc,start       ] GC(32896) Pause Young (Allocation Failure)
[13621.348s][info][gc,heap        ] GC(32896) PSYoungGen: 82672K(84480K)->320K(84480K) Eden: 81920K(81920K)->0K(81920K) From: 752K(2560K)->320K(2560K)
[13621.348s][info][gc,heap        ] GC(32896) ParOldGen: 356317K(357376K)->356429K(357376K)
[13621.348s][info][gc,metaspace   ] GC(32896) Metaspace: 62147K(62464K)->62147K(62464K) NonClass: 56615K(56832K)->56615K(56832K) Class: 5532K(5632K)->5532K(5632K)
[13621.348s][info][gc             ] GC(32896) Pause Young (Allocation Failure) 428M->348M(431M) 2.015ms
[13621.348s][info][gc,cpu         ] GC(32896) User=0.00s Sys=0.00s Real=0.00s
[13621.751s][info][gc,start       ] GC(32897) Pause Young (Allocation Failure)
[13621.753s][info][gc,heap        ] GC(32897) PSYoungGen: 82240K(84480K)->384K(84480K) Eden: 81920K(81920K)->0K(81920K) From: 320K(2560K)->384K(2560K)
[13621.753s][info][gc,heap        ] GC(32897) ParOldGen: 356429K(357376K)->356501K(357376K)
[13621.753s][info][gc,metaspace   ] GC(32897) Metaspace: 62147K(62464K)->62147K(62464K) NonClass: 56615K(56832K)->56615K(56832K) Class: 5532K(5632K)->5532K(5632K)
[13621.753s][info][gc             ] GC(32897) Pause Young (Allocation Failure) 428M->348M(431M) 2.113ms
[13621.753s][info][gc,cpu         ] GC(32897) User=0.00s Sys=0.00s Real=0.00s
[13622.151s][info][gc,start       ] GC(32898) Pause Young (Allocation Failure)
[13622.153s][info][gc,heap        ] GC(32898) PSYoungGen: 82304K(84480K)->352K(84480K) Eden: 81920K(81920K)->0K(81920K) From: 384K(2560K)->352K(2560K)
[13622.153s][info][gc,heap        ] GC(32898) ParOldGen: 356501K(357376K)->356573K(357376K)
[13622.153s][info][gc,metaspace   ] GC(32898) Metaspace: 62147K(62464K)->62147K(62464K) NonClass: 56615K(56832K)->56615K(56832K) Class: 5532K(5632K)->5532K(5632K)
[13622.153s][info][gc             ] GC(32898) Pause Young (Allocation Failure) 428M->348M(431M) 2.177ms
[13622.153s][info][gc,cpu         ] GC(32898) User=0.00s Sys=0.00s Real=0.01s
[13622.548s][info][gc,start       ] GC(32899) Pause Young (Allocation Failure)
[13622.550s][info][gc,heap        ] GC(32899) PSYoungGen: 82272K(84480K)->320K(84480K) Eden: 81920K(81920K)->0K(81920K) From: 352K(2560K)->320K(2560K)
[13622.550s][info][gc,heap        ] GC(32899) ParOldGen: 356573K(357376K)->356637K(357376K)
[13622.550s][info][gc,metaspace   ] GC(32899) Metaspace: 62147K(62464K)->62147K(62464K) NonClass: 56615K(56832K)->56615K(56832K) Class: 5532K(5632K)->5532K(5632K)
[13622.550s][info][gc             ] GC(32899) Pause Young (Allocation Failure) 428M->348M(431M) 2.064ms
[13622.550s][info][gc,cpu         ] GC(32899) User=0.01s Sys=0.00s Real=0.00s
[13622.962s][info][gc,start       ] GC(32900) Pause Young (Allocation Failure)
[13622.964s][info][gc,heap        ] GC(32900) PSYoungGen: 82240K(84480K)->512K(84480K) Eden: 81920K(81920K)->0K(81920K) From: 320K(2560K)->512K(2560K)
[13622.964s][info][gc,heap        ] GC(32900) ParOldGen: 356637K(357376K)->356701K(357376K)
[13622.964s][info][gc,metaspace   ] GC(32900) Metaspace: 62147K(62464K)->62147K(62464K) NonClass: 56615K(56832K)->56615K(56832K) Class: 5532K(5632K)->5532K(5632K)
[13622.964s][info][gc             ] GC(32900) Pause Young (Allocation Failure) 428M->348M(431M) 2.237ms
[13622.964s][info][gc,cpu         ] GC(32900) User=0.01s Sys=0.00s Real=0.00s
[13623.375s][info][gc,start       ] GC(32901) Pause Young (Allocation Failure)
[13623.377s][info][gc,heap        ] GC(32901) PSYoungGen: 82432K(84480K)->768K(84480K) Eden: 81920K(81920K)->0K(81920K) From: 512K(2560K)->768K(2560K)
[13623.377s][info][gc,heap        ] GC(32901) ParOldGen: 356701K(357376K)->356765K(357376K)
[13623.377s][info][gc,metaspace   ] GC(32901) Metaspace: 62147K(62464K)->62147K(62464K) NonClass: 56615K(56832K)->56615K(56832K) Class: 5532K(5632K)->5532K(5632K)
[13623.377s][info][gc             ] GC(32901) Pause Young (Allocation Failure) 428M->349M(431M) 2.357ms
[13623.377s][info][gc,cpu         ] GC(32901) User=0.00s Sys=0.00s Real=0.00s
[13623.756s][info][gc,start       ] GC(32902) Pause Young (Allocation Failure)
[13623.758s][info][gc,heap        ] GC(32902) PSYoungGen: 82688K(84480K)->480K(84992K) Eden: 81920K(81920K)->0K(82432K) From: 768K(2560K)->480K(2560K)
[13623.758s][info][gc,heap        ] GC(32902) ParOldGen: 356765K(357376K)->356829K(357376K)
[13623.758s][info][gc,metaspace   ] GC(32902) Metaspace: 62147K(62464K)->62147K(62464K) NonClass: 56615K(56832K)->56615K(56832K) Class: 5532K(5632K)->5532K(5632K)
[13623.758s][info][gc             ] GC(32902) Pause Young (Allocation Failure) 429M->348M(432M) 2.251ms
[13623.758s][info][gc,cpu         ] GC(32902) User=0.01s Sys=0.00s Real=0.00s
[13624.147s][info][gc,start       ] GC(32903) Pause Young (Allocation Failure)
[13624.150s][info][gc,heap        ] GC(32903) PSYoungGen: 82912K(84992K)->1344K(84480K) Eden: 82432K(82432K)->0K(82432K) From: 480K(2560K)->1344K(2048K)
[13624.150s][info][gc,heap        ] GC(32903) ParOldGen: 356829K(357376K)->357925K(358912K)
[13624.150s][info][gc,metaspace   ] GC(32903) Metaspace: 62147K(62464K)->62147K(62464K) NonClass: 56615K(56832K)->56615K(56832K) Class: 5532K(5632K)->5532K(5632K)
[13624.150s][info][gc             ] GC(32903) Pause Young (Allocation Failure) 429M->350M(433M) 2.750ms
[13624.150s][info][gc,cpu         ] GC(32903) User=0.00s Sys=0.00s Real=0.00s
[13624.565s][info][gc,start       ] GC(32904) Pause Young (Allocation Failure)
[13624.568s][info][gc,heap        ] GC(32904) PSYoungGen: 83776K(84480K)->576K(84992K) Eden: 82432K(82432K)->0K(82432K) From: 1344K(2048K)->576K(2560K)
[13624.568s][info][gc,heap        ] GC(32904) ParOldGen: 357925K(358912K)->360037K(360448K)
[13624.568s][info][gc,metaspace   ] GC(32904) Metaspace: 62147K(62464K)->62147K(62464K) NonClass: 56615K(56832K)->56615K(56832K) Class: 5532K(5632K)->5532K(5632K)
[13624.568s][info][gc             ] GC(32904) Pause Young (Allocation Failure) 431M->352M(435M) 3.316ms
[13624.568s][info][gc,cpu         ] GC(32904) User=0.01s Sys=0.00s Real=0.00s
[13624.960s][info][gc,start       ] GC(32905) Pause Young (Allocation Failure)
[13624.962s][info][gc,heap        ] GC(32905) PSYoungGen: 83008K(84992K)->544K(84480K) Eden: 82432K(82432K)->0K(82432K) From: 576K(2560K)->544K(2048K)
[13624.962s][info][gc,heap        ] GC(32905) ParOldGen: 360037K(360448K)->360101K(360448K)
[13624.962s][info][gc,metaspace   ] GC(32905) Metaspace: 62147K(62464K)->62147K(62464K) NonClass: 56615K(56832K)->56615K(56832K) Class: 5532K(5632K)->5532K(5632K)
[13624.962s][info][gc             ] GC(32905) Pause Young (Allocation Failure) 432M->352M(434M) 2.185ms
[13624.962s][info][gc,cpu         ] GC(32905) User=0.01s Sys=0.00s Real=0.01s
[13625.393s][info][gc,start       ] GC(32906) Pause Young (Allocation Failure)
[13625.395s][info][gc,heap        ] GC(32906) PSYoungGen: 82976K(84480K)->1056K(84992K) Eden: 82432K(82432K)->0K(82944K) From: 544K(2048K)->1056K(2048K)
[13625.395s][info][gc,heap        ] GC(32906) ParOldGen: 360101K(360448K)->360165K(360448K)
[13625.395s][info][gc,metaspace   ] GC(32906) Metaspace: 62147K(62464K)->62147K(62464K) NonClass: 56615K(56832K)->56615K(56832K) Class: 5532K(5632K)->5532K(5632K)
[13625.395s][info][gc             ] GC(32906) Pause Young (Allocation Failure) 432M->352M(435M) 2.696ms
[13625.395s][info][gc,cpu         ] GC(32906) User=0.01s Sys=0.00s Real=0.00s
[13625.818s][info][gc,start       ] GC(32907) Pause Young (Allocation Failure)
[13625.821s][info][gc,heap        ] GC(32907) PSYoungGen: 84000K(84992K)->1504K(84480K) Eden: 82944K(82944K)->0K(82944K) From: 1056K(2048K)->1504K(1536K)
[13625.821s][info][gc,heap        ] GC(32907) ParOldGen: 360165K(360448K)->360237K(360448K)
[13625.821s][info][gc,metaspace   ] GC(32907) Metaspace: 62147K(62464K)->62147K(62464K) NonClass: 56615K(56832K)->56615K(56832K) Class: 5532K(5632K)->5532K(5632K)
[13625.821s][info][gc             ] GC(32907) Pause Young (Allocation Failure) 433M->353M(434M) 2.995ms
[13625.821s][info][gc,cpu         ] GC(32907) User=0.00s Sys=0.00s Real=0.00s
[13626.237s][info][gc,start       ] GC(32908) Pause Young (Allocation Failure)
[13626.240s][info][gc,heap        ] GC(32908) PSYoungGen: 84448K(84480K)->1824K(84480K) Eden: 82944K(82944K)->0K(81920K) From: 1504K(1536K)->1824K(2560K)
[13626.240s][info][gc,heap        ] GC(32908) ParOldGen: 360237K(360448K)->360309K(360448K)
[13626.240s][info][gc,metaspace   ] GC(32908) Metaspace: 62147K(62464K)->62147K(62464K) NonClass: 56615K(56832K)->56615K(56832K) Class: 5532K(5632K)->5532K(5632K)
[13626.240s][info][gc             ] GC(32908) Pause Young (Allocation Failure) 434M->353M(434M) 3.283ms
[13626.240s][info][gc,cpu         ] GC(32908) User=0.00s Sys=0.00s Real=0.00s
[13626.629s][info][gc,start       ] GC(32909) Pause Young (Allocation Failure)
[13626.632s][info][gc,heap        ] GC(32909) PSYoungGen: 83744K(84480K)->1760K(84480K) Eden: 81920K(81920K)->0K(81920K) From: 1824K(2560K)->1760K(2560K)
[13626.632s][info][gc,heap        ] GC(32909) ParOldGen: 360309K(360448K)->360373K(360448K)
[13626.632s][info][gc,metaspace   ] GC(32909) Metaspace: 62147K(62464K)->62147K(62464K) NonClass: 56615K(56832K)->56615K(56832K) Class: 5532K(5632K)->5532K(5632K)
[13626.632s][info][gc             ] GC(32909) Pause Young (Allocation Failure) 433M->353M(434M) 3.228ms
[13626.632s][info][gc,cpu         ] GC(32909) User=0.01s Sys=0.00s Real=0.01s
[13627.031s][info][gc,start       ] GC(32910) Pause Young (Allocation Failure)
[13627.034s][info][gc,heap        ] GC(32910) PSYoungGen: 83680K(84480K)->1760K(83456K) Eden: 81920K(81920K)->0K(80896K) From: 1760K(2560K)->1760K(2560K)
[13627.034s][info][gc,heap        ] GC(32910) ParOldGen: 360373K(360448K)->360445K(360448K)
[13627.034s][info][gc,metaspace   ] GC(32910) Metaspace: 62147K(62464K)->62147K(62464K) NonClass: 56615K(56832K)->56615K(56832K) Class: 5532K(5632K)->5532K(5632K)
[13627.034s][info][gc             ] GC(32910) Pause Young (Allocation Failure) 433M->353M(433M) 3.222ms
[13627.034s][info][gc,cpu         ] GC(32910) User=0.01s Sys=0.00s Real=0.00s
[13627.420s][info][gc,start       ] GC(32911) Pause Young (Allocation Failure)
[13627.425s][info][gc,heap        ] GC(32911) PSYoungGen: 82656K(83456K)->1568K(83968K) Eden: 80896K(80896K)->0K(80896K) From: 1760K(2560K)->1568K(3072K)
[13627.425s][info][gc,heap        ] GC(32911) ParOldGen: 360445K(360448K)->360509K(360960K)
[13627.425s][info][gc,metaspace   ] GC(32911) Metaspace: 62147K(62464K)->62147K(62464K) NonClass: 56615K(56832K)->56615K(56832K) Class: 5532K(5632K)->5532K(5632K)
[13627.425s][info][gc             ] GC(32911) Pause Young (Allocation Failure) 432M->353M(434M) 4.476ms
[13627.425s][info][gc,cpu         ] GC(32911) User=0.01s Sys=0.00s Real=0.01s
[13627.838s][info][gc,start       ] GC(32912) Pause Young (Allocation Failure)
[13627.842s][info][gc,heap        ] GC(32912) PSYoungGen: 82464K(83968K)->1920K(83968K) Eden: 80896K(80896K)->0K(80896K) From: 1568K(3072K)->1920K(3072K)
[13627.842s][info][gc,heap        ] GC(32912) ParOldGen: 360509K(360960K)->360581K(360960K)
[13627.842s][info][gc,metaspace   ] GC(32912) Metaspace: 62147K(62464K)->62147K(62464K) NonClass: 56615K(56832K)->56615K(56832K) Class: 5532K(5632K)->5532K(5632K)
[13627.842s][info][gc             ] GC(32912) Pause Young (Allocation Failure) 432M->354M(434M) 3.448ms
[13627.842s][info][gc,cpu         ] GC(32912) User=0.00s Sys=0.00s Real=0.01s
[13628.278s][info][gc,start       ] GC(32913) Pause Young (Allocation Failure)
[13628.280s][info][gc,heap        ] GC(32913) PSYoungGen: 82816K(83968K)->864K(83968K) Eden: 80896K(80896K)->0K(80896K) From: 1920K(3072K)->864K(3072K)
[13628.280s][info][gc,heap        ] GC(32913) ParOldGen: 360581K(360960K)->360645K(360960K)
[13628.280s][info][gc,metaspace   ] GC(32913) Metaspace: 62147K(62464K)->62147K(62464K) NonClass: 56615K(56832K)->56615K(56832K) Class: 5532K(5632K)->5532K(5632K)
[13628.280s][info][gc             ] GC(32913) Pause Young (Allocation Failure) 433M->353M(434M) 2.502ms
[13628.280s][info][gc,cpu         ] GC(32913) User=0.01s Sys=0.00s Real=0.00s
[13628.678s][info][gc,start       ] GC(32914) Pause Young (Allocation Failure)
[13628.681s][info][gc,heap        ] GC(32914) PSYoungGen: 81760K(83968K)->2912K(82944K) Eden: 80896K(80896K)->0K(79872K) From: 864K(3072K)->2912K(3072K)
[13628.681s][info][gc,heap        ] GC(32914) ParOldGen: 360645K(360960K)->361789K(362496K)
[13628.681s][info][gc,metaspace   ] GC(32914) Metaspace: 62147K(62464K)->62147K(62464K) NonClass: 56615K(56832K)->56615K(56832K) Class: 5532K(5632K)->5532K(5632K)
[13628.681s][info][gc             ] GC(32914) Pause Young (Allocation Failure) 432M->356M(435M) 3.433ms
[13628.681s][info][gc,cpu         ] GC(32914) User=0.01s Sys=0.00s Real=0.01s
[13629.053s][info][gc,start       ] GC(32915) Pause Young (Allocation Failure)
[13629.057s][info][gc,heap        ] GC(32915) PSYoungGen: 82784K(82944K)->448K(83456K) Eden: 79872K(79872K)->0K(79872K) From: 2912K(3072K)->448K(3584K)
[13629.057s][info][gc,heap        ] GC(32915) ParOldGen: 361789K(362496K)->363901K(364032K)
[13629.057s][info][gc,metaspace   ] GC(32915) Metaspace: 62147K(62464K)->62147K(62464K) NonClass: 56615K(56832K)->56615K(56832K) Class: 5532K(5632K)->5532K(5632K)
[13629.057s][info][gc             ] GC(32915) Pause Young (Allocation Failure) 434M->355M(437M) 3.270ms
[13629.057s][info][gc,cpu         ] GC(32915) User=0.01s Sys=0.00s Real=0.00s
[13629.451s][info][gc,start       ] GC(32916) Pause Young (Allocation Failure)
[13629.454s][info][gc,heap        ] GC(32916) PSYoungGen: 80320K(83456K)->352K(83456K) Eden: 79872K(79872K)->0K(79872K) From: 448K(3584K)->352K(3584K)
[13629.454s][info][gc,heap        ] GC(32916) ParOldGen: 363901K(364032K)->363973K(364032K)
[13629.454s][info][gc,metaspace   ] GC(32916) Metaspace: 62147K(62464K)->62147K(62464K) NonClass: 56615K(56832K)->56615K(56832K) Class: 5532K(5632K)->5532K(5632K)
[13629.454s][info][gc             ] GC(32916) Pause Young (Allocation Failure) 433M->355M(437M) 2.670ms
[13629.454s][info][gc,cpu         ] GC(32916) User=0.00s Sys=0.00s Real=0.00s
[13629.844s][info][gc,start       ] GC(32917) Pause Young (Allocation Failure)
[13629.846s][info][gc,heap        ] GC(32917) PSYoungGen: 80224K(83456K)->256K(83456K) Eden: 79872K(79872K)->0K(79872K) From: 352K(3584K)->256K(3584K)
[13629.846s][info][gc,heap        ] GC(32917) ParOldGen: 363973K(364032K)->364053K(364544K)
[13629.846s][info][gc,metaspace   ] GC(32917) Metaspace: 62147K(62464K)->62147K(62464K) NonClass: 56615K(56832K)->56615K(56832K) Class: 5532K(5632K)->5532K(5632K)
[13629.847s][info][gc             ] GC(32917) Pause Young (Allocation Failure) 433M->355M(437M) 2.123ms
[13629.847s][info][gc,cpu         ] GC(32917) User=0.01s Sys=0.00s Real=0.00s
[13630.266s][info][gc,start       ] GC(32918) Pause Young (Allocation Failure)
[13630.269s][info][gc,heap        ] GC(32918) PSYoungGen: 80128K(83456K)->704K(83968K) Eden: 79872K(79872K)->0K(80896K) From: 256K(3584K)->704K(3072K)
[13630.269s][info][gc,heap        ] GC(32918) ParOldGen: 364053K(364544K)->364125K(364544K)
[13630.269s][info][gc,metaspace   ] GC(32918) Metaspace: 62147K(62464K)->62147K(62464K) NonClass: 56615K(56832K)->56615K(56832K) Class: 5532K(5632K)->5532K(5632K)
[13630.269s][info][gc             ] GC(32918) Pause Young (Allocation Failure) 433M->356M(438M) 2.439ms
[13630.269s][info][gc,cpu         ] GC(32918) User=0.01s Sys=0.00s Real=0.00s
[13630.683s][info][gc,start       ] GC(32919) Pause Young (Allocation Failure)
[13630.686s][info][gc,heap        ] GC(32919) PSYoungGen: 81600K(83968K)->896K(83968K) Eden: 80896K(80896K)->0K(80896K) From: 704K(3072K)->896K(3072K)
[13630.686s][info][gc,heap        ] GC(32919) ParOldGen: 364125K(364544K)->364189K(364544K)
[13630.686s][info][gc,metaspace   ] GC(32919) Metaspace: 62147K(62464K)->62147K(62464K) NonClass: 56615K(56832K)->56615K(56832K) Class: 5532K(5632K)->5532K(5632K)
[13630.686s][info][gc             ] GC(32919) Pause Young (Allocation Failure) 435M->356M(438M) 2.473ms
[13630.686s][info][gc,cpu         ] GC(32919) User=0.01s Sys=0.00s Real=0.00s
[13631.132s][info][gc,start       ] GC(32920) Pause Young (Allocation Failure)
[13631.135s][info][gc,heap        ] GC(32920) PSYoungGen: 81792K(83968K)->1760K(83968K) Eden: 80896K(80896K)->0K(80896K) From: 896K(3072K)->1760K(3072K)
[13631.135s][info][gc,heap        ] GC(32920) ParOldGen: 364189K(364544K)->364261K(364544K)
[13631.135s][info][gc,metaspace   ] GC(32920) Metaspace: 62147K(62464K)->62147K(62464K) NonClass: 56615K(56832K)->56615K(56832K) Class: 5532K(5632K)->5532K(5632K)
[13631.135s][info][gc             ] GC(32920) Pause Young (Allocation Failure) 435M->357M(438M) 3.250ms
[13631.135s][info][gc,cpu         ] GC(32920) User=0.01s Sys=0.00s Real=0.00s
[13631.556s][info][gc,start       ] GC(32921) Pause Young (Allocation Failure)
[13631.558s][info][gc,heap        ] GC(32921) PSYoungGen: 82656K(83968K)->448K(83968K) Eden: 80896K(80896K)->0K(80896K) From: 1760K(3072K)->448K(3072K)
[13631.558s][info][gc,heap        ] GC(32921) ParOldGen: 364261K(364544K)->364333K(364544K)
[13631.558s][info][gc,metaspace   ] GC(32921) Metaspace: 62147K(62464K)->62147K(62464K) NonClass: 56615K(56832K)->56615K(56832K) Class: 5532K(5632K)->5532K(5632K)
[13631.558s][info][gc             ] GC(32921) Pause Young (Allocation Failure) 436M->356M(438M) 2.172ms
[13631.558s][info][gc,cpu         ] GC(32921) User=0.00s Sys=0.00s Real=0.00s
[13631.951s][info][gc,start       ] GC(32922) Pause Young (Allocation Failure)
[13631.953s][info][gc,heap        ] GC(32922) PSYoungGen: 81344K(83968K)->384K(83968K) Eden: 80896K(80896K)->0K(80896K) From: 448K(3072K)->384K(3072K)
[13631.953s][info][gc,heap        ] GC(32922) ParOldGen: 364333K(364544K)->364397K(364544K)
[13631.953s][info][gc,metaspace   ] GC(32922) Metaspace: 62147K(62464K)->62147K(62464K) NonClass: 56615K(56832K)->56615K(56832K) Class: 5532K(5632K)->5532K(5632K)
[13631.953s][info][gc             ] GC(32922) Pause Young (Allocation Failure) 435M->356M(438M) 2.179ms
[13631.953s][info][gc,cpu         ] GC(32922) User=0.00s Sys=0.00s Real=0.01s
[13632.387s][info][gc,start       ] GC(32923) Pause Young (Allocation Failure)
[13632.390s][info][gc,heap        ] GC(32923) PSYoungGen: 81280K(83968K)->928K(83968K) Eden: 80896K(80896K)->0K(80896K) From: 384K(3072K)->928K(3072K)
[13632.390s][info][gc,heap        ] GC(32923) ParOldGen: 364397K(364544K)->364469K(364544K)
[13632.390s][info][gc,metaspace   ] GC(32923) Metaspace: 62147K(62464K)->62147K(62464K) NonClass: 56615K(56832K)->56615K(56832K) Class: 5532K(5632K)->5532K(5632K)
[13632.390s][info][gc             ] GC(32923) Pause Young (Allocation Failure) 435M->356M(438M) 2.692ms
[13632.390s][info][gc,cpu         ] GC(32923) User=0.01s Sys=0.00s Real=0.00s
[13632.773s][info][gc,start       ] GC(32924) Pause Young (Allocation Failure)
[13632.775s][info][gc,heap        ] GC(32924) PSYoungGen: 81824K(83968K)->672K(84480K) Eden: 80896K(80896K)->0K(81408K) From: 928K(3072K)->672K(3072K)
[13632.775s][info][gc,heap        ] GC(32924) ParOldGen: 364469K(364544K)->364533K(364544K)
[13632.775s][info][gc,metaspace   ] GC(32924) Metaspace: 62147K(62464K)->62147K(62464K) NonClass: 56615K(56832K)->56615K(56832K) Class: 5532K(5632K)->5532K(5632K)
[13632.776s][info][gc             ] GC(32924) Pause Young (Allocation Failure) 435M->356M(438M) 2.892ms
[13632.776s][info][gc,cpu         ] GC(32924) User=0.00s Sys=0.00s Real=0.00s
[13633.222s][info][gc,start       ] GC(32925) Pause Young (Allocation Failure)
[13633.225s][info][gc,heap        ] GC(32925) PSYoungGen: 82080K(84480K)->1600K(83968K) Eden: 81408K(81408K)->0K(81408K) From: 672K(3072K)->1600K(2560K)
[13633.225s][info][gc,heap        ] GC(32925) ParOldGen: 364533K(364544K)->364605K(365056K)
[13633.225s][info][gc,metaspace   ] GC(32925) Metaspace: 62147K(62464K)->62147K(62464K) NonClass: 56615K(56832K)->56615K(56832K) Class: 5532K(5632K)->5532K(5632K)
[13633.225s][info][gc             ] GC(32925) Pause Young (Allocation Failure) 436M->357M(438M) 3.361ms
[13633.225s][info][gc,cpu         ] GC(32925) User=0.00s Sys=0.00s Real=0.00s
[13633.645s][info][gc,start       ] GC(32926) Pause Young (Allocation Failure)
[13633.647s][info][gc,heap        ] GC(32926) PSYoungGen: 83008K(83968K)->256K(84480K) Eden: 81408K(81408K)->0K(81920K) From: 1600K(2560K)->256K(2560K)
[13633.647s][info][gc,heap        ] GC(32926) ParOldGen: 364605K(365056K)->364669K(365056K)
[13633.647s][info][gc,metaspace   ] GC(32926) Metaspace: 62147K(62464K)->62147K(62464K) NonClass: 56615K(56832K)->56615K(56832K) Class: 5532K(5632K)->5532K(5632K)
[13633.647s][info][gc             ] GC(32926) Pause Young (Allocation Failure) 437M->356M(439M) 2.019ms
[13633.647s][info][gc,cpu         ] GC(32926) User=0.01s Sys=0.00s Real=0.00s
[13634.031s][info][gc,start       ] GC(32927) Pause Young (Allocation Failure)
[13634.034s][info][gc,heap        ] GC(32927) PSYoungGen: 82176K(84480K)->1504K(83456K) Eden: 81920K(81920K)->0K(81920K) From: 256K(2560K)->1504K(1536K)
[13634.034s][info][gc,heap        ] GC(32927) ParOldGen: 364669K(365056K)->364741K(365056K)
[13634.034s][info][gc,metaspace   ] GC(32927) Metaspace: 62147K(62464K)->62147K(62464K) NonClass: 56615K(56832K)->56615K(56832K) Class: 5532K(5632K)->5532K(5632K)
[13634.034s][info][gc             ] GC(32927) Pause Young (Allocation Failure) 436M->357M(438M) 3.148ms
[13634.034s][info][gc,cpu         ] GC(32927) User=0.01s Sys=0.00s Real=0.00s
[13634.443s][info][gc,start       ] GC(32928) Pause Young (Allocation Failure)
[13634.445s][info][gc,heap        ] GC(32928) PSYoungGen: 83424K(83456K)->256K(84480K) Eden: 81920K(81920K)->0K(81408K) From: 1504K(1536K)->256K(3072K)
[13634.446s][info][gc,heap        ] GC(32928) ParOldGen: 364741K(365056K)->364813K(365056K)
[13634.446s][info][gc,metaspace   ] GC(32928) Metaspace: 62147K(62464K)->62147K(62464K) NonClass: 56615K(56832K)->56615K(56832K) Class: 5532K(5632K)->5532K(5632K)
[13634.446s][info][gc             ] GC(32928) Pause Young (Allocation Failure) 437M->356M(439M) 2.058ms
[13634.446s][info][gc,cpu         ] GC(32928) User=0.00s Sys=0.00s Real=0.00s
[13634.870s][info][gc,start       ] GC(32929) Pause Young (Allocation Failure)
[13634.873s][info][gc,heap        ] GC(32929) PSYoungGen: 81664K(84480K)->736K(83968K) Eden: 81408K(81408K)->0K(81408K) From: 256K(3072K)->736K(2560K)
[13634.873s][info][gc,heap        ] GC(32929) ParOldGen: 364813K(365056K)->364885K(365056K)
[13634.873s][info][gc,metaspace   ] GC(32929) Metaspace: 62147K(62464K)->62147K(62464K) NonClass: 56615K(56832K)->56615K(56832K) Class: 5532K(5632K)->5532K(5632K)
[13634.873s][info][gc             ] GC(32929) Pause Young (Allocation Failure) 436M->357M(438M) 2.487ms
[13634.873s][info][gc,cpu         ] GC(32929) User=0.01s Sys=0.00s Real=0.01s
[13635.300s][info][gc,start       ] GC(32930) Pause Young (Allocation Failure)
[13635.303s][info][gc,heap        ] GC(32930) PSYoungGen: 82144K(83968K)->1120K(84480K) Eden: 81408K(81408K)->0K(81920K) From: 736K(2560K)->1120K(2560K)
[13635.303s][info][gc,heap        ] GC(32930) ParOldGen: 364885K(365056K)->364957K(365056K)
[13635.303s][info][gc,metaspace   ] GC(32930) Metaspace: 62147K(62464K)->62147K(62464K) NonClass: 56615K(56832K)->56615K(56832K) Class: 5532K(5632K)->5532K(5632K)
[13635.303s][info][gc             ] GC(32930) Pause Young (Allocation Failure) 436M->357M(439M) 2.747ms
[13635.303s][info][gc,cpu         ] GC(32930) User=0.00s Sys=0.00s Real=0.01s
[13635.799s][info][gc,start       ] GC(32931) Pause Young (Allocation Failure)
[13635.802s][info][gc,heap        ] GC(32931) PSYoungGen: 83040K(84480K)->1232K(84480K) Eden: 81920K(81920K)->0K(81920K) From: 1120K(2560K)->1232K(2560K)
[13635.802s][info][gc,heap        ] GC(32931) ParOldGen: 364957K(365056K)->365021K(365056K)
[13635.802s][info][gc,metaspace   ] GC(32931) Metaspace: 62147K(62464K)->62147K(62464K) NonClass: 56615K(56832K)->56615K(56832K) Class: 5532K(5632K)->5532K(5632K)
[13635.802s][info][gc             ] GC(32931) Pause Young (Allocation Failure) 437M->357M(439M) 3.530ms
[13635.802s][info][gc,cpu         ] GC(32931) User=0.00s Sys=0.00s Real=0.01s
[13636.224s][info][gc,start       ] GC(32932) Pause Young (Allocation Failure)
[13636.228s][info][gc,heap        ] GC(32932) PSYoungGen: 83152K(84480K)->1504K(84480K) Eden: 81920K(81920K)->0K(81920K) From: 1232K(2560K)->1504K(2560K)
[13636.228s][info][gc,heap        ] GC(32932) ParOldGen: 365021K(365056K)->365133K(365568K)
[13636.228s][info][gc,metaspace   ] GC(32932) Metaspace: 62147K(62464K)->62147K(62464K) NonClass: 56615K(56832K)->56615K(56832K) Class: 5532K(5632K)->5532K(5632K)
[13636.228s][info][gc             ] GC(32932) Pause Young (Allocation Failure) 437M->358M(439M) 4.285ms
[13636.228s][info][gc,cpu         ] GC(32932) User=0.00s Sys=0.00s Real=0.00s
[13636.649s][info][gc,start       ] GC(32933) Pause Young (Allocation Failure)
[13636.651s][info][gc,heap        ] GC(32933) PSYoungGen: 83424K(84480K)->320K(84480K) Eden: 81920K(81920K)->0K(81920K) From: 1504K(2560K)->320K(2560K)
[13636.651s][info][gc,heap        ] GC(32933) ParOldGen: 365133K(365568K)->365205K(365568K)
[13636.651s][info][gc,metaspace   ] GC(32933) Metaspace: 62147K(62464K)->62147K(62464K) NonClass: 56615K(56832K)->56615K(56832K) Class: 5532K(5632K)->5532K(5632K)
[13636.651s][info][gc             ] GC(32933) Pause Young (Allocation Failure) 438M->356M(439M) 2.130ms
[13636.651s][info][gc,cpu         ] GC(32933) User=0.00s Sys=0.00s Real=0.00s
[13637.077s][info][gc,start       ] GC(32934) Pause Young (Allocation Failure)
[13637.080s][info][gc,heap        ] GC(32934) PSYoungGen: 82240K(84480K)->768K(84480K) Eden: 81920K(81920K)->0K(81920K) From: 320K(2560K)->768K(2560K)
[13637.080s][info][gc,heap        ] GC(32934) ParOldGen: 365205K(365568K)->365269K(365568K)
[13637.080s][info][gc,metaspace   ] GC(32934) Metaspace: 62147K(62464K)->62147K(62464K) NonClass: 56615K(56832K)->56615K(56832K) Class: 5532K(5632K)->5532K(5632K)
[13637.080s][info][gc             ] GC(32934) Pause Young (Allocation Failure) 436M->357M(439M) 2.534ms
[13637.080s][info][gc,cpu         ] GC(32934) User=0.01s Sys=0.00s Real=0.00s
[13637.424s][info][gc,start       ] GC(32935) Pause Young (Allocation Failure)
[13637.428s][info][gc,heap        ] GC(32935) PSYoungGen: 82688K(84480K)->1728K(84480K) Eden: 81920K(81920K)->0K(81920K) From: 768K(2560K)->1728K(2560K)
[13637.428s][info][gc,heap        ] GC(32935) ParOldGen: 365269K(365568K)->365333K(365568K)
[13637.428s][info][gc,metaspace   ] GC(32935) Metaspace: 62147K(62464K)->62147K(62464K) NonClass: 56615K(56832K)->56615K(56832K) Class: 5532K(5632K)->5532K(5632K)
[13637.428s][info][gc             ] GC(32935) Pause Young (Allocation Failure) 437M->358M(439M) 3.266ms
[13637.428s][info][gc,cpu         ] GC(32935) User=0.01s Sys=0.00s Real=0.00s
[13637.841s][info][gc,start       ] GC(32936) Pause Young (Allocation Failure)
[13637.843s][info][gc,heap        ] GC(32936) PSYoungGen: 83648K(84480K)->224K(84480K) Eden: 81920K(81920K)->0K(81920K) From: 1728K(2560K)->224K(2560K)
[13637.843s][info][gc,heap        ] GC(32936) ParOldGen: 365333K(365568K)->365397K(365568K)
[13637.843s][info][gc,metaspace   ] GC(32936) Metaspace: 62147K(62464K)->62147K(62464K) NonClass: 56615K(56832K)->56615K(56832K) Class: 5532K(5632K)->5532K(5632K)
[13637.843s][info][gc             ] GC(32936) Pause Young (Allocation Failure) 438M->357M(439M) 2.050ms
[13637.843s][info][gc,cpu         ] GC(32936) User=0.00s Sys=0.00s Real=0.00s
[13638.234s][info][gc,start       ] GC(32937) Pause Young (Allocation Failure)
[13638.238s][info][gc,heap        ] GC(32937) PSYoungGen: 82144K(84480K)->1824K(83968K) Eden: 81920K(81920K)->0K(81920K) From: 224K(2560K)->1824K(2048K)
[13638.238s][info][gc,heap        ] GC(32937) ParOldGen: 365397K(365568K)->367517K(368640K)
[13638.238s][info][gc,metaspace   ] GC(32937) Metaspace: 62147K(62464K)->62147K(62464K) NonClass: 56615K(56832K)->56615K(56832K) Class: 5532K(5632K)->5532K(5632K)
[13638.239s][info][gc             ] GC(32937) Pause Young (Allocation Failure) 437M->360M(442M) 4.563ms
[13638.239s][info][gc,cpu         ] GC(32937) User=0.01s Sys=0.00s Real=0.00s
[13638.643s][info][gc,start       ] GC(32938) Pause Young (Allocation Failure)
[13638.645s][info][gc,heap        ] GC(32938) PSYoungGen: 83744K(83968K)->256K(83968K) Eden: 81920K(81920K)->0K(80896K) From: 1824K(2048K)->256K(3072K)
[13638.645s][info][gc,heap        ] GC(32938) ParOldGen: 367517K(368640K)->367589K(368640K)
[13638.645s][info][gc,metaspace   ] GC(32938) Metaspace: 62147K(62464K)->62147K(62464K) NonClass: 56615K(56832K)->56615K(56832K) Class: 5532K(5632K)->5532K(5632K)
[13638.645s][info][gc             ] GC(32938) Pause Young (Allocation Failure) 440M->359M(442M) 2.201ms
[13638.645s][info][gc,cpu         ] GC(32938) User=0.00s Sys=0.01s Real=0.00s
[13639.055s][info][gc,start       ] GC(32939) Pause Young (Allocation Failure)
[13639.057s][info][gc,heap        ] GC(32939) PSYoungGen: 81152K(83968K)->416K(83968K) Eden: 80896K(80896K)->0K(80896K) From: 256K(3072K)->416K(3072K)
[13639.057s][info][gc,heap        ] GC(32939) ParOldGen: 367589K(368640K)->367653K(368640K)
[13639.057s][info][gc,metaspace   ] GC(32939) Metaspace: 62147K(62464K)->62147K(62464K) NonClass: 56615K(56832K)->56615K(56832K) Class: 5532K(5632K)->5532K(5632K)
[13639.057s][info][gc             ] GC(32939) Pause Young (Allocation Failure) 438M->359M(442M) 2.110ms
[13639.057s][info][gc,cpu         ] GC(32939) User=0.00s Sys=0.00s Real=0.00s
[13639.467s][info][gc,start       ] GC(32940) Pause Young (Allocation Failure)
[13639.469s][info][gc,heap        ] GC(32940) PSYoungGen: 81312K(83968K)->608K(84480K) Eden: 80896K(80896K)->0K(81920K) From: 416K(3072K)->608K(2560K)
[13639.469s][info][gc,heap        ] GC(32940) ParOldGen: 367653K(368640K)->367725K(368640K)
[13639.469s][info][gc,metaspace   ] GC(32940) Metaspace: 62147K(62464K)->62147K(62464K) NonClass: 56615K(56832K)->56615K(56832K) Class: 5532K(5632K)->5532K(5632K)
[13639.469s][info][gc             ] GC(32940) Pause Young (Allocation Failure) 438M->359M(442M) 2.358ms
[13639.470s][info][gc,cpu         ] GC(32940) User=0.01s Sys=0.00s Real=0.00s
[13639.856s][info][gc,start       ] GC(32941) Pause Young (Allocation Failure)
[13639.858s][info][gc,heap        ] GC(32941) PSYoungGen: 82528K(84480K)->480K(84480K) Eden: 81920K(81920K)->0K(81920K) From: 608K(2560K)->480K(2560K)
[13639.858s][info][gc,heap        ] GC(32941) ParOldGen: 367725K(368640K)->367797K(368640K)
[13639.858s][info][gc,metaspace   ] GC(32941) Metaspace: 62147K(62464K)->62147K(62464K) NonClass: 56615K(56832K)->56615K(56832K) Class: 5532K(5632K)->5532K(5632K)
[13639.858s][info][gc             ] GC(32941) Pause Young (Allocation Failure) 439M->359M(442M) 2.269ms
[13639.858s][info][gc,cpu         ] GC(32941) User=0.00s Sys=0.00s Real=0.00s
[13640.280s][info][gc,start       ] GC(32942) Pause Young (Allocation Failure)
[13640.282s][info][gc,heap        ] GC(32942) PSYoungGen: 82400K(84480K)->864K(84480K) Eden: 81920K(81920K)->0K(81920K) From: 480K(2560K)->864K(2560K)
[13640.282s][info][gc,heap        ] GC(32942) ParOldGen: 367797K(368640K)->367869K(368640K)
[13640.282s][info][gc,metaspace   ] GC(32942) Metaspace: 62147K(62464K)->62147K(62464K) NonClass: 56615K(56832K)->56615K(56832K) Class: 5532K(5632K)->5532K(5632K)
[13640.282s][info][gc             ] GC(32942) Pause Young (Allocation Failure) 439M->360M(442M) 2.574ms
[13640.282s][info][gc,cpu         ] GC(32942) User=0.01s Sys=0.00s Real=0.01s
[13640.678s][info][gc,start       ] GC(32943) Pause Young (Allocation Failure)
[13640.681s][info][gc,heap        ] GC(32943) PSYoungGen: 82784K(84480K)->768K(84480K) Eden: 81920K(81920K)->0K(81920K) From: 864K(2560K)->768K(2560K)
[13640.681s][info][gc,heap        ] GC(32943) ParOldGen: 367869K(368640K)->367933K(368640K)
[13640.681s][info][gc,metaspace   ] GC(32943) Metaspace: 62147K(62464K)->62147K(62464K) NonClass: 56615K(56832K)->56615K(56832K) Class: 5532K(5632K)->5532K(5632K)
[13640.681s][info][gc             ] GC(32943) Pause Young (Allocation Failure) 440M->360M(442M) 2.452ms
[13640.681s][info][gc,cpu         ] GC(32943) User=0.00s Sys=0.00s Real=0.00s
[13641.073s][info][gc,start       ] GC(32944) Pause Young (Allocation Failure)
[13641.076s][info][gc,heap        ] GC(32944) PSYoungGen: 82688K(84480K)->832K(84992K) Eden: 81920K(81920K)->0K(82944K) From: 768K(2560K)->832K(2048K)
[13641.076s][info][gc,heap        ] GC(32944) ParOldGen: 367933K(368640K)->367997K(368640K)
[13641.076s][info][gc,metaspace   ] GC(32944) Metaspace: 62147K(62464K)->62147K(62464K) NonClass: 56615K(56832K)->56615K(56832K) Class: 5532K(5632K)->5532K(5632K)
[13641.076s][info][gc             ] GC(32944) Pause Young (Allocation Failure) 440M->360M(443M) 2.498ms
[13641.076s][info][gc,cpu         ] GC(32944) User=0.00s Sys=0.00s Real=0.00s
[13641.497s][info][gc,start       ] GC(32945) Pause Young (Allocation Failure)
[13641.500s][info][gc,heap        ] GC(32945) PSYoungGen: 83776K(84992K)->1152K(84992K) Eden: 82944K(82944K)->0K(82944K) From: 832K(2048K)->1152K(2048K)
[13641.500s][info][gc,heap        ] GC(32945) ParOldGen: 367997K(368640K)->368069K(368640K)
[13641.500s][info][gc,metaspace   ] GC(32945) Metaspace: 62147K(62464K)->62147K(62464K) NonClass: 56615K(56832K)->56615K(56832K) Class: 5532K(5632K)->5532K(5632K)
[13641.500s][info][gc             ] GC(32945) Pause Young (Allocation Failure) 441M->360M(443M) 2.802ms
[13641.500s][info][gc,cpu         ] GC(32945) User=0.00s Sys=0.00s Real=0.00s
[13641.885s][info][gc,start       ] GC(32946) Pause Young (Allocation Failure)
[13641.888s][info][gc,heap        ] GC(32946) PSYoungGen: 84096K(84992K)->832K(84992K) Eden: 82944K(82944K)->0K(82944K) From: 1152K(2048K)->832K(2048K)
[13641.888s][info][gc,heap        ] GC(32946) ParOldGen: 368069K(368640K)->368133K(368640K)
[13641.888s][info][gc,metaspace   ] GC(32946) Metaspace: 62147K(62464K)->62147K(62464K) NonClass: 56615K(56832K)->56615K(56832K) Class: 5532K(5632K)->5532K(5632K)
[13641.888s][info][gc             ] GC(32946) Pause Young (Allocation Failure) 441M->360M(443M) 2.651ms
[13641.888s][info][gc,cpu         ] GC(32946) User=0.00s Sys=0.00s Real=0.00s
[13642.304s][info][gc,start       ] GC(32947) Pause Young (Allocation Failure)
[13642.307s][info][gc,heap        ] GC(32947) PSYoungGen: 83776K(84992K)->1312K(84992K) Eden: 82944K(82944K)->0K(82944K) From: 832K(2048K)->1312K(2048K)
[13642.307s][info][gc,heap        ] GC(32947) ParOldGen: 368133K(368640K)->368205K(368640K)
[13642.307s][info][gc,metaspace   ] GC(32947) Metaspace: 62147K(62464K)->62147K(62464K) NonClass: 56615K(56832K)->56615K(56832K) Class: 5532K(5632K)->5532K(5632K)
[13642.307s][info][gc             ] GC(32947) Pause Young (Allocation Failure) 441M->360M(443M) 2.864ms
[13642.307s][info][gc,cpu         ] GC(32947) User=0.00s Sys=0.00s Real=0.00s
[13642.701s][info][gc,start       ] GC(32948) Pause Young (Allocation Failure)
[13642.704s][info][gc,heap        ] GC(32948) PSYoungGen: 84256K(84992K)->1248K(84992K) Eden: 82944K(82944K)->0K(82944K) From: 1312K(2048K)->1248K(2048K)
[13642.704s][info][gc,heap        ] GC(32948) ParOldGen: 368205K(368640K)->370317K(371712K)
[13642.704s][info][gc,metaspace   ] GC(32948) Metaspace: 62147K(62464K)->62147K(62464K) NonClass: 56615K(56832K)->56615K(56832K) Class: 5532K(5632K)->5532K(5632K)
[13642.704s][info][gc             ] GC(32948) Pause Young (Allocation Failure) 441M->362M(446M) 3.926ms
[13642.704s][info][gc,cpu         ] GC(32948) User=0.01s Sys=0.00s Real=0.01s
[13643.188s][info][gc,start       ] GC(32949) Pause Young (Allocation Failure)
[13643.191s][info][gc,heap        ] GC(32949) PSYoungGen: 84192K(84992K)->976K(84992K) Eden: 82944K(82944K)->0K(82944K) From: 1248K(2048K)->976K(2048K)
[13643.191s][info][gc,heap        ] GC(32949) ParOldGen: 370317K(371712K)->370381K(371712K)
[13643.191s][info][gc,metaspace   ] GC(32949) Metaspace: 62147K(62464K)->62147K(62464K) NonClass: 56615K(56832K)->56615K(56832K) Class: 5532K(5632K)->5532K(5632K)
[13643.191s][info][gc             ] GC(32949) Pause Young (Allocation Failure) 443M->362M(446M) 2.647ms
[13643.191s][info][gc,cpu         ] GC(32949) User=0.01s Sys=0.00s Real=0.00s
[13643.620s][info][gc,start       ] GC(32950) Pause Young (Allocation Failure)
[13643.623s][info][gc,heap        ] GC(32950) PSYoungGen: 83920K(84992K)->1408K(84992K) Eden: 82944K(82944K)->0K(82944K) From: 976K(2048K)->1408K(2048K)
[13643.623s][info][gc,heap        ] GC(32950) ParOldGen: 370381K(371712K)->370493K(371712K)
[13643.623s][info][gc,metaspace   ] GC(32950) Metaspace: 62147K(62464K)->62147K(62464K) NonClass: 56615K(56832K)->56615K(56832K) Class: 5532K(5632K)->5532K(5632K)
[13643.623s][info][gc             ] GC(32950) Pause Young (Allocation Failure) 443M->363M(446M) 3.029ms
[13643.623s][info][gc,cpu         ] GC(32950) User=0.00s Sys=0.00s Real=0.01s
[13644.016s][info][gc,start       ] GC(32951) Pause Young (Allocation Failure)
[13644.019s][info][gc,heap        ] GC(32951) PSYoungGen: 84352K(84992K)->1536K(84992K) Eden: 82944K(82944K)->0K(82944K) From: 1408K(2048K)->1536K(2048K)
[13644.020s][info][gc,heap        ] GC(32951) ParOldGen: 370493K(371712K)->370565K(371712K)
[13644.020s][info][gc,metaspace   ] GC(32951) Metaspace: 62147K(62464K)->62147K(62464K) NonClass: 56615K(56832K)->56615K(56832K) Class: 5532K(5632K)->5532K(5632K)
[13644.020s][info][gc             ] GC(32951) Pause Young (Allocation Failure) 444M->363M(446M) 3.072ms
[13644.020s][info][gc,cpu         ] GC(32951) User=0.01s Sys=0.00s Real=0.00s
[13644.416s][info][gc,start       ] GC(32952) Pause Young (Allocation Failure)
[13644.419s][info][gc,heap        ] GC(32952) PSYoungGen: 84480K(84992K)->1408K(83968K) Eden: 82944K(82944K)->0K(81920K) From: 1536K(2048K)->1408K(2048K)
[13644.419s][info][gc,heap        ] GC(32952) ParOldGen: 370565K(371712K)->370637K(371712K)
[13644.419s][info][gc,metaspace   ] GC(32952) Metaspace: 62147K(62464K)->62147K(62464K) NonClass: 56615K(56832K)->56615K(56832K) Class: 5532K(5632K)->5532K(5632K)
[13644.419s][info][gc             ] GC(32952) Pause Young (Allocation Failure) 444M->363M(445M) 2.941ms
[13644.419s][info][gc,cpu         ] GC(32952) User=0.01s Sys=0.00s Real=0.00s
[13644.825s][info][gc,start       ] GC(32953) Pause Young (Allocation Failure)
[13644.828s][info][gc,heap        ] GC(32953) PSYoungGen: 83328K(83968K)->1536K(84480K) Eden: 81920K(81920K)->0K(81920K) From: 1408K(2048K)->1536K(2560K)
[13644.828s][info][gc,heap        ] GC(32953) ParOldGen: 370637K(371712K)->370701K(371712K)
[13644.828s][info][gc,metaspace   ] GC(32953) Metaspace: 62147K(62464K)->62147K(62464K) NonClass: 56615K(56832K)->56615K(56832K) Class: 5532K(5632K)->5532K(5632K)
[13644.828s][info][gc             ] GC(32953) Pause Young (Allocation Failure) 443M->363M(445M) 3.154ms
[13644.828s][info][gc,cpu         ] GC(32953) User=0.00s Sys=0.00s Real=0.00s
[13645.239s][info][gc,start       ] GC(32954) Pause Young (Allocation Failure)
[13645.243s][info][gc,heap        ] GC(32954) PSYoungGen: 83456K(84480K)->1888K(84480K) Eden: 81920K(81920K)->0K(81920K) From: 1536K(2560K)->1888K(2560K)
[13645.243s][info][gc,heap        ] GC(32954) ParOldGen: 370701K(371712K)->370773K(371712K)
[13645.243s][info][gc,metaspace   ] GC(32954) Metaspace: 62147K(62464K)->62147K(62464K) NonClass: 56615K(56832K)->56615K(56832K) Class: 5532K(5632K)->5532K(5632K)
[13645.243s][info][gc             ] GC(32954) Pause Young (Allocation Failure) 443M->363M(445M) 3.374ms
[13645.243s][info][gc,cpu         ] GC(32954) User=0.00s Sys=0.00s Real=0.01s
[13645.635s][info][gc,start       ] GC(32955) Pause Young (Allocation Failure)
[13645.639s][info][gc,heap        ] GC(32955) PSYoungGen: 83808K(84480K)->1760K(84480K) Eden: 81920K(81920K)->0K(81920K) From: 1888K(2560K)->1760K(2560K)
[13645.639s][info][gc,heap        ] GC(32955) ParOldGen: 370773K(371712K)->370837K(371712K)
[13645.639s][info][gc,metaspace   ] GC(32955) Metaspace: 62147K(62464K)->62147K(62464K) NonClass: 56615K(56832K)->56615K(56832K) Class: 5532K(5632K)->5532K(5632K)
[13645.639s][info][gc             ] GC(32955) Pause Young (Allocation Failure) 443M->363M(445M) 3.651ms
[13645.639s][info][gc,cpu         ] GC(32955) User=0.00s Sys=0.00s Real=0.00s
[13646.058s][info][gc,start       ] GC(32956) Pause Young (Allocation Failure)
[13646.060s][info][gc,heap        ] GC(32956) PSYoungGen: 83680K(84480K)->480K(84480K) Eden: 81920K(81920K)->0K(81920K) From: 1760K(2560K)->480K(2560K)
[13646.060s][info][gc,heap        ] GC(32956) ParOldGen: 370837K(371712K)->370909K(371712K)
[13646.060s][info][gc,metaspace   ] GC(32956) Metaspace: 62147K(62464K)->62147K(62464K) NonClass: 56615K(56832K)->56615K(56832K) Class: 5532K(5632K)->5532K(5632K)
[13646.060s][info][gc             ] GC(32956) Pause Young (Allocation Failure) 443M->362M(445M) 2.323ms
[13646.060s][info][gc,cpu         ] GC(32956) User=0.00s Sys=0.00s Real=0.00s
[13646.491s][info][gc,start       ] GC(32957) Pause Young (Allocation Failure)
[13646.494s][info][gc,heap        ] GC(32957) PSYoungGen: 82400K(84480K)->928K(84480K) Eden: 81920K(81920K)->0K(81920K) From: 480K(2560K)->928K(2560K)
[13646.494s][info][gc,heap        ] GC(32957) ParOldGen: 370909K(371712K)->370973K(371712K)
[13646.494s][info][gc,metaspace   ] GC(32957) Metaspace: 62147K(62464K)->62147K(62464K) NonClass: 56615K(56832K)->56615K(56832K) Class: 5532K(5632K)->5532K(5632K)
[13646.494s][info][gc             ] GC(32957) Pause Young (Allocation Failure) 442M->363M(445M) 2.623ms
[13646.494s][info][gc,cpu         ] GC(32957) User=0.01s Sys=0.00s Real=0.00s
[13646.917s][info][gc,start       ] GC(32958) Pause Young (Allocation Failure)
[13646.920s][info][gc,heap        ] GC(32958) PSYoungGen: 82848K(84480K)->1312K(84480K) Eden: 81920K(81920K)->0K(81920K) From: 928K(2560K)->1312K(2560K)
[13646.920s][info][gc,heap        ] GC(32958) ParOldGen: 370973K(371712K)->371045K(371712K)
[13646.920s][info][gc,metaspace   ] GC(32958) Metaspace: 62147K(62464K)->62147K(62464K) NonClass: 56615K(56832K)->56615K(56832K) Class: 5532K(5632K)->5532K(5632K)
[13646.920s][info][gc             ] GC(32958) Pause Young (Allocation Failure) 443M->363M(445M) 2.856ms
[13646.920s][info][gc,cpu         ] GC(32958) User=0.00s Sys=0.00s Real=0.00s
[13647.343s][info][gc,start       ] GC(32959) Pause Young (Allocation Failure)
[13647.345s][info][gc,heap        ] GC(32959) PSYoungGen: 83232K(84480K)->2304K(84480K) Eden: 81920K(81920K)->0K(81920K) From: 1312K(2560K)->2304K(2560K)
[13647.345s][info][gc,heap        ] GC(32959) ParOldGen: 371045K(371712K)->371117K(371712K)
[13647.345s][info][gc,metaspace   ] GC(32959) Metaspace: 62147K(62464K)->62147K(62464K) NonClass: 56615K(56832K)->56615K(56832K) Class: 5532K(5632K)->5532K(5632K)
[13647.346s][info][gc             ] GC(32959) Pause Young (Allocation Failure) 443M->364M(445M) 2.323ms
[13647.346s][info][gc,cpu         ] GC(32959) User=0.01s Sys=0.00s Real=0.00s
[13647.734s][info][gc,start       ] GC(32960) Pause Young (Allocation Failure)
[13647.739s][info][gc,heap        ] GC(32960) PSYoungGen: 84224K(84480K)->1984K(83456K) Eden: 81920K(81920K)->0K(80896K) From: 2304K(2560K)->1984K(2560K)
[13647.739s][info][gc,heap        ] GC(32960) ParOldGen: 371117K(371712K)->373237K(373248K)
[13647.739s][info][gc,metaspace   ] GC(32960) Metaspace: 62147K(62464K)->62147K(62464K) NonClass: 56615K(56832K)->56615K(56832K) Class: 5532K(5632K)->5532K(5632K)
[13647.739s][info][gc             ] GC(32960) Pause Young (Allocation Failure) 444M->366M(446M) 4.718ms
[13647.739s][info][gc,cpu         ] GC(32960) User=0.00s Sys=0.00s Real=0.00s
[13648.169s][info][gc,start       ] GC(32961) Pause Young (Allocation Failure)
[13648.171s][info][gc,heap        ] GC(32961) PSYoungGen: 82880K(83456K)->672K(83968K) Eden: 80896K(80896K)->0K(80896K) From: 1984K(2560K)->672K(3072K)
[13648.171s][info][gc,heap        ] GC(32961) ParOldGen: 373237K(373248K)->373309K(373760K)
[13648.171s][info][gc,metaspace   ] GC(32961) Metaspace: 62147K(62464K)->62147K(62464K) NonClass: 56615K(56832K)->56615K(56832K) Class: 5532K(5632K)->5532K(5632K)
[13648.171s][info][gc             ] GC(32961) Pause Young (Allocation Failure) 445M->365M(447M) 2.476ms
[13648.171s][info][gc,cpu         ] GC(32961) User=0.00s Sys=0.00s Real=0.01s
[13648.591s][info][gc,start       ] GC(32962) Pause Young (Allocation Failure)
[13648.593s][info][gc,heap        ] GC(32962) PSYoungGen: 81568K(83968K)->992K(83968K) Eden: 80896K(80896K)->0K(80896K) From: 672K(3072K)->992K(3072K)
[13648.593s][info][gc,heap        ] GC(32962) ParOldGen: 373309K(373760K)->373373K(373760K)
[13648.594s][info][gc,metaspace   ] GC(32962) Metaspace: 62147K(62464K)->62147K(62464K) NonClass: 56615K(56832K)->56615K(56832K) Class: 5532K(5632K)->5532K(5632K)
[13648.594s][info][gc             ] GC(32962) Pause Young (Allocation Failure) 444M->365M(447M) 2.619ms
[13648.594s][info][gc,cpu         ] GC(32962) User=0.00s Sys=0.00s Real=0.00s
[13649.037s][info][gc,start       ] GC(32963) Pause Young (Allocation Failure)
[13649.040s][info][gc,heap        ] GC(32963) PSYoungGen: 81888K(83968K)->1632K(83968K) Eden: 80896K(80896K)->0K(80896K) From: 992K(3072K)->1632K(3072K)
[13649.040s][info][gc,heap        ] GC(32963) ParOldGen: 373373K(373760K)->373445K(373760K)
[13649.040s][info][gc,metaspace   ] GC(32963) Metaspace: 62147K(62464K)->62147K(62464K) NonClass: 56615K(56832K)->56615K(56832K) Class: 5532K(5632K)->5532K(5632K)
[13649.040s][info][gc             ] GC(32963) Pause Young (Allocation Failure) 444M->366M(447M) 3.205ms
[13649.040s][info][gc,cpu         ] GC(32963) User=0.00s Sys=0.00s Real=0.00s
[13649.439s][info][gc,start       ] GC(32964) Pause Young (Allocation Failure)
[13649.443s][info][gc,heap        ] GC(32964) PSYoungGen: 82528K(83968K)->1728K(83968K) Eden: 80896K(80896K)->0K(80896K) From: 1632K(3072K)->1728K(3072K)
[13649.443s][info][gc,heap        ] GC(32964) ParOldGen: 373445K(373760K)->373517K(373760K)
[13649.443s][info][gc,metaspace   ] GC(32964) Metaspace: 62147K(62464K)->62147K(62464K) NonClass: 56615K(56832K)->56615K(56832K) Class: 5532K(5632K)->5532K(5632K)
[13649.443s][info][gc             ] GC(32964) Pause Young (Allocation Failure) 445M->366M(447M) 3.319ms
[13649.443s][info][gc,cpu         ] GC(32964) User=0.00s Sys=0.00s Real=0.01s
[13649.841s][info][gc,start       ] GC(32965) Pause Young (Allocation Failure)
[13649.843s][info][gc,heap        ] GC(32965) PSYoungGen: 82624K(83968K)->192K(83968K) Eden: 80896K(80896K)->0K(80896K) From: 1728K(3072K)->192K(3072K)
[13649.843s][info][gc,heap        ] GC(32965) ParOldGen: 373517K(373760K)->373589K(373760K)
[13649.843s][info][gc,metaspace   ] GC(32965) Metaspace: 62147K(62464K)->62147K(62464K) NonClass: 56615K(56832K)->56615K(56832K) Class: 5532K(5632K)->5532K(5632K)
[13649.843s][info][gc             ] GC(32965) Pause Young (Allocation Failure) 445M->365M(447M) 2.041ms
[13649.843s][info][gc,cpu         ] GC(32965) User=0.01s Sys=0.00s Real=0.01s
[13650.258s][info][gc,start       ] GC(32966) Pause Young (Allocation Failure)
[13650.260s][info][gc,heap        ] GC(32966) PSYoungGen: 81088K(83968K)->448K(83968K) Eden: 80896K(80896K)->0K(80896K) From: 192K(3072K)->448K(3072K)
[13650.260s][info][gc,heap        ] GC(32966) ParOldGen: 373589K(373760K)->373661K(373760K)
[13650.260s][info][gc,metaspace   ] GC(32966) Metaspace: 62147K(62464K)->62147K(62464K) NonClass: 56615K(56832K)->56615K(56832K) Class: 5532K(5632K)->5532K(5632K)
[13650.261s][info][gc             ] GC(32966) Pause Young (Allocation Failure) 444M->365M(447M) 2.333ms
[13650.261s][info][gc,cpu         ] GC(32966) User=0.01s Sys=0.00s Real=0.00s
[13650.717s][info][gc,start       ] GC(32967) Pause Young (Allocation Failure)
[13650.720s][info][gc,heap        ] GC(32967) PSYoungGen: 81344K(83968K)->1456K(83968K) Eden: 80896K(80896K)->0K(80896K) From: 448K(3072K)->1456K(3072K)
[13650.720s][info][gc,heap        ] GC(32967) ParOldGen: 373661K(373760K)->373733K(373760K)
[13650.720s][info][gc,metaspace   ] GC(32967) Metaspace: 62147K(62464K)->62147K(62464K) NonClass: 56615K(56832K)->56615K(56832K) Class: 5532K(5632K)->5532K(5632K)
[13650.720s][info][gc             ] GC(32967) Pause Young (Allocation Failure) 444M->366M(447M) 3.056ms
[13650.720s][info][gc,cpu         ] GC(32967) User=0.00s Sys=0.00s Real=0.00s
[13651.158s][info][gc,start       ] GC(32968) Pause Young (Allocation Failure)
[13651.160s][info][gc,heap        ] GC(32968) PSYoungGen: 82352K(83968K)->512K(83968K) Eden: 80896K(80896K)->0K(80896K) From: 1456K(3072K)->512K(3072K)
[13651.160s][info][gc,heap        ] GC(32968) ParOldGen: 373733K(373760K)->373853K(374272K)
[13651.160s][info][gc,metaspace   ] GC(32968) Metaspace: 62147K(62464K)->62147K(62464K) NonClass: 56615K(56832K)->56615K(56832K) Class: 5532K(5632K)->5532K(5632K)
[13651.160s][info][gc             ] GC(32968) Pause Young (Allocation Failure) 445M->365M(447M) 2.325ms
[13651.160s][info][gc,cpu         ] GC(32968) User=0.01s Sys=0.00s Real=0.00s
[13651.570s][info][gc,start       ] GC(32969) Pause Young (Allocation Failure)
[13651.572s][info][gc,heap        ] GC(32969) PSYoungGen: 81408K(83968K)->640K(83968K) Eden: 80896K(80896K)->0K(80896K) From: 512K(3072K)->640K(3072K)
[13651.572s][info][gc,heap        ] GC(32969) ParOldGen: 373853K(374272K)->373925K(374272K)
[13651.572s][info][gc,metaspace   ] GC(32969) Metaspace: 62147K(62464K)->62147K(62464K) NonClass: 56615K(56832K)->56615K(56832K) Class: 5532K(5632K)->5532K(5632K)
[13651.572s][info][gc             ] GC(32969) Pause Young (Allocation Failure) 444M->365M(447M) 2.378ms
[13651.572s][info][gc,cpu         ] GC(32969) User=0.01s Sys=0.00s Real=0.01s
[13651.967s][info][gc,start       ] GC(32970) Pause Young (Allocation Failure)
[13651.969s][info][gc,heap        ] GC(32970) PSYoungGen: 81536K(83968K)->672K(84480K) Eden: 80896K(80896K)->0K(81920K) From: 640K(3072K)->672K(2560K)
[13651.969s][info][gc,heap        ] GC(32970) ParOldGen: 373925K(374272K)->373989K(374272K)
[13651.969s][info][gc,metaspace   ] GC(32970) Metaspace: 62147K(62464K)->62147K(62464K) NonClass: 56615K(56832K)->56615K(56832K) Class: 5532K(5632K)->5532K(5632K)
[13651.970s][info][gc             ] GC(32970) Pause Young (Allocation Failure) 444M->365M(448M) 2.548ms
[13651.970s][info][gc,cpu         ] GC(32970) User=0.01s Sys=0.00s Real=0.00s
[13652.349s][info][gc,start       ] GC(32971) Pause Young (Allocation Failure)
[13652.352s][info][gc,heap        ] GC(32971) PSYoungGen: 82592K(84480K)->2400K(84480K) Eden: 81920K(81920K)->0K(81920K) From: 672K(2560K)->2400K(2560K)
[13652.352s][info][gc,heap        ] GC(32971) ParOldGen: 373989K(374272K)->374061K(374272K)
[13652.352s][info][gc,metaspace   ] GC(32971) Metaspace: 62147K(62464K)->62147K(62464K) NonClass: 56615K(56832K)->56615K(56832K) Class: 5532K(5632K)->5532K(5632K)
[13652.352s][info][gc             ] GC(32971) Pause Young (Allocation Failure) 445M->367M(448M) 2.411ms
[13652.352s][info][gc,cpu         ] GC(32971) User=0.01s Sys=0.00s Real=0.01s
[13652.755s][info][gc,start       ] GC(32972) Pause Young (Allocation Failure)
[13652.758s][info][gc,heap        ] GC(32972) PSYoungGen: 84320K(84480K)->448K(83456K) Eden: 81920K(81920K)->0K(80896K) From: 2400K(2560K)->448K(2560K)
[13652.758s][info][gc,heap        ] GC(32972) ParOldGen: 374061K(374272K)->376173K(377344K)
[13652.758s][info][gc,metaspace   ] GC(32972) Metaspace: 62147K(62464K)->62147K(62464K) NonClass: 56615K(56832K)->56615K(56832K) Class: 5532K(5632K)->5532K(5632K)
[13652.758s][info][gc             ] GC(32972) Pause Young (Allocation Failure) 447M->367M(450M) 3.374ms
[13652.759s][info][gc,cpu         ] GC(32972) User=0.00s Sys=0.01s Real=0.00s
[13653.191s][info][gc,start       ] GC(32973) Pause Young (Allocation Failure)
[13653.193s][info][gc,heap        ] GC(32973) PSYoungGen: 81344K(83456K)->992K(83968K) Eden: 80896K(80896K)->0K(80896K) From: 448K(2560K)->992K(3072K)
[13653.193s][info][gc,heap        ] GC(32973) ParOldGen: 376173K(377344K)->376237K(377344K)
[13653.193s][info][gc,metaspace   ] GC(32973) Metaspace: 62147K(62464K)->62147K(62464K) NonClass: 56615K(56832K)->56615K(56832K) Class: 5532K(5632K)->5532K(5632K)
[13653.193s][info][gc             ] GC(32973) Pause Young (Allocation Failure) 446M->368M(450M) 2.719ms
[13653.193s][info][gc,cpu         ] GC(32973) User=0.01s Sys=0.00s Real=0.01s
[13653.614s][info][gc,start       ] GC(32974) Pause Young (Allocation Failure)
[13653.617s][info][gc,heap        ] GC(32974) PSYoungGen: 81888K(83968K)->1408K(83968K) Eden: 80896K(80896K)->0K(80896K) From: 992K(3072K)->1408K(3072K)
[13653.617s][info][gc,heap        ] GC(32974) ParOldGen: 376237K(377344K)->376309K(377344K)
[13653.617s][info][gc,metaspace   ] GC(32974) Metaspace: 62147K(62464K)->62147K(62464K) NonClass: 56615K(56832K)->56615K(56832K) Class: 5532K(5632K)->5532K(5632K)
[13653.617s][info][gc             ] GC(32974) Pause Young (Allocation Failure) 447M->368M(450M) 2.970ms
[13653.617s][info][gc,cpu         ] GC(32974) User=0.01s Sys=0.00s Real=0.00s
[13653.999s][info][gc,start       ] GC(32975) Pause Young (Allocation Failure)
[13654.002s][info][gc,heap        ] GC(32975) PSYoungGen: 82304K(83968K)->1184K(83968K) Eden: 80896K(80896K)->0K(80896K) From: 1408K(3072K)->1184K(3072K)
[13654.002s][info][gc,heap        ] GC(32975) ParOldGen: 376309K(377344K)->376381K(377344K)
[13654.002s][info][gc,metaspace   ] GC(32975) Metaspace: 62147K(62464K)->62147K(62464K) NonClass: 56615K(56832K)->56615K(56832K) Class: 5532K(5632K)->5532K(5632K)
[13654.002s][info][gc             ] GC(32975) Pause Young (Allocation Failure) 447M->368M(450M) 2.798ms
[13654.002s][info][gc,cpu         ] GC(32975) User=0.01s Sys=0.00s Real=0.01s
[13654.398s][info][gc,start       ] GC(32976) Pause Young (Allocation Failure)
[13654.401s][info][gc,heap        ] GC(32976) PSYoungGen: 82080K(83968K)->1248K(84480K) Eden: 80896K(80896K)->0K(81920K) From: 1184K(3072K)->1248K(2560K)
[13654.401s][info][gc,heap        ] GC(32976) ParOldGen: 376381K(377344K)->376453K(377344K)
[13654.401s][info][gc,metaspace   ] GC(32976) Metaspace: 62147K(62464K)->62147K(62464K) NonClass: 56615K(56832K)->56615K(56832K) Class: 5532K(5632K)->5532K(5632K)
[13654.401s][info][gc             ] GC(32976) Pause Young (Allocation Failure) 447M->368M(451M) 2.937ms
[13654.401s][info][gc,cpu         ] GC(32976) User=0.00s Sys=0.00s Real=0.01s
[13654.824s][info][gc,start       ] GC(32977) Pause Young (Allocation Failure)
[13654.827s][info][gc,heap        ] GC(32977) PSYoungGen: 83168K(84480K)->1536K(84480K) Eden: 81920K(81920K)->0K(81920K) From: 1248K(2560K)->1536K(2560K)
[13654.827s][info][gc,heap        ] GC(32977) ParOldGen: 376453K(377344K)->376517K(377344K)
[13654.827s][info][gc,metaspace   ] GC(32977) Metaspace: 62147K(62464K)->62147K(62464K) NonClass: 56615K(56832K)->56615K(56832K) Class: 5532K(5632K)->5532K(5632K)
[13654.827s][info][gc             ] GC(32977) Pause Young (Allocation Failure) 448M->369M(451M) 3.190ms
[13654.827s][info][gc,cpu         ] GC(32977) User=0.01s Sys=0.00s Real=0.00s
[13655.256s][info][gc,start       ] GC(32978) Pause Young (Allocation Failure)
[13655.259s][info][gc,heap        ] GC(32978) PSYoungGen: 83456K(84480K)->544K(84480K) Eden: 81920K(81920K)->0K(81920K) From: 1536K(2560K)->544K(2560K)
[13655.259s][info][gc,heap        ] GC(32978) ParOldGen: 376517K(377344K)->376589K(377344K)
[13655.259s][info][gc,metaspace   ] GC(32978) Metaspace: 62147K(62464K)->62147K(62464K) NonClass: 56615K(56832K)->56615K(56832K) Class: 5532K(5632K)->5532K(5632K)
[13655.259s][info][gc             ] GC(32978) Pause Young (Allocation Failure) 449M->368M(451M) 2.548ms
[13655.259s][info][gc,cpu         ] GC(32978) User=0.00s Sys=0.00s Real=0.00s
[13655.661s][info][gc,start       ] GC(32979) Pause Young (Allocation Failure)
[13655.663s][info][gc,heap        ] GC(32979) PSYoungGen: 82464K(84480K)->512K(84480K) Eden: 81920K(81920K)->0K(81920K) From: 544K(2560K)->512K(2560K)
[13655.663s][info][gc,heap        ] GC(32979) ParOldGen: 376589K(377344K)->376653K(377344K)
[13655.663s][info][gc,metaspace   ] GC(32979) Metaspace: 62147K(62464K)->62147K(62464K) NonClass: 56615K(56832K)->56615K(56832K) Class: 5532K(5632K)->5532K(5632K)
[13655.663s][info][gc             ] GC(32979) Pause Young (Allocation Failure) 448M->368M(451M) 2.250ms
[13655.663s][info][gc,cpu         ] GC(32979) User=0.00s Sys=0.00s Real=0.00s
[13656.057s][info][gc,start       ] GC(32980) Pause Young (Allocation Failure)
[13656.059s][info][gc,heap        ] GC(32980) PSYoungGen: 82432K(84480K)->512K(84480K) Eden: 81920K(81920K)->0K(81920K) From: 512K(2560K)->512K(2560K)
[13656.059s][info][gc,heap        ] GC(32980) ParOldGen: 376653K(377344K)->376717K(377344K)
[13656.059s][info][gc,metaspace   ] GC(32980) Metaspace: 62147K(62464K)->62147K(62464K) NonClass: 56615K(56832K)->56615K(56832K) Class: 5532K(5632K)->5532K(5632K)
[13656.059s][info][gc             ] GC(32980) Pause Young (Allocation Failure) 448M->368M(451M) 2.168ms
[13656.059s][info][gc,cpu         ] GC(32980) User=0.01s Sys=0.00s Real=0.00s
[13656.447s][info][gc,start       ] GC(32981) Pause Young (Allocation Failure)
[13656.449s][info][gc,heap        ] GC(32981) PSYoungGen: 82432K(84480K)->352K(84480K) Eden: 81920K(81920K)->0K(81920K) From: 512K(2560K)->352K(2560K)
[13656.449s][info][gc,heap        ] GC(32981) ParOldGen: 376717K(377344K)->376789K(377344K)
[13656.449s][info][gc,metaspace   ] GC(32981) Metaspace: 62147K(62464K)->62147K(62464K) NonClass: 56615K(56832K)->56615K(56832K) Class: 5532K(5632K)->5532K(5632K)
[13656.449s][info][gc             ] GC(32981) Pause Young (Allocation Failure) 448M->368M(451M) 2.120ms
[13656.449s][info][gc,cpu         ] GC(32981) User=0.01s Sys=0.00s Real=0.00s
[13656.862s][info][gc,start       ] GC(32982) Pause Young (Allocation Failure)
[13656.865s][info][gc,heap        ] GC(32982) PSYoungGen: 82272K(84480K)->2528K(83456K) Eden: 81920K(81920K)->0K(80896K) From: 352K(2560K)->2528K(2560K)
[13656.865s][info][gc,heap        ] GC(32982) ParOldGen: 376789K(377344K)->376877K(377344K)
[13656.865s][info][gc,metaspace   ] GC(32982) Metaspace: 62147K(62464K)->62147K(62464K) NonClass: 56615K(56832K)->56615K(56832K) Class: 5532K(5632K)->5532K(5632K)
[13656.865s][info][gc             ] GC(32982) Pause Young (Allocation Failure) 448M->370M(450M) 2.547ms
[13656.865s][info][gc,cpu         ] GC(32982) User=0.01s Sys=0.00s Real=0.00s
[13657.268s][info][gc,start       ] GC(32983) Pause Young (Allocation Failure)
[13657.272s][info][gc,heap        ] GC(32983) PSYoungGen: 83424K(83456K)->640K(83968K) Eden: 80896K(80896K)->0K(80896K) From: 2528K(2560K)->640K(3072K)
[13657.272s][info][gc,heap        ] GC(32983) ParOldGen: 376877K(377344K)->379005K(380416K)
[13657.272s][info][gc,metaspace   ] GC(32983) Metaspace: 62147K(62464K)->62147K(62464K) NonClass: 56615K(56832K)->56615K(56832K) Class: 5532K(5632K)->5532K(5632K)
[13657.272s][info][gc             ] GC(32983) Pause Young (Allocation Failure) 449M->370M(453M) 3.482ms
[13657.272s][info][gc,cpu         ] GC(32983) User=0.01s Sys=0.00s Real=0.01s
[13657.645s][info][gc,start       ] GC(32984) Pause Young (Allocation Failure)
[13657.647s][info][gc,heap        ] GC(32984) PSYoungGen: 81536K(83968K)->288K(83968K) Eden: 80896K(80896K)->0K(80896K) From: 640K(3072K)->288K(3072K)
[13657.647s][info][gc,heap        ] GC(32984) ParOldGen: 379005K(380416K)->379077K(380416K)
[13657.647s][info][gc,metaspace   ] GC(32984) Metaspace: 62147K(62464K)->62147K(62464K) NonClass: 56615K(56832K)->56615K(56832K) Class: 5532K(5632K)->5532K(5632K)
[13657.647s][info][gc             ] GC(32984) Pause Young (Allocation Failure) 449M->370M(453M) 2.163ms
[13657.647s][info][gc,cpu         ] GC(32984) User=0.00s Sys=0.00s Real=0.00s
[13658.126s][info][gc,start       ] GC(32985) Pause Young (Allocation Failure)
[13658.129s][info][gc,heap        ] GC(32985) PSYoungGen: 81184K(83968K)->1456K(83968K) Eden: 80896K(80896K)->0K(80896K) From: 288K(3072K)->1456K(3072K)
[13658.129s][info][gc,heap        ] GC(32985) ParOldGen: 379077K(380416K)->379141K(380416K)
[13658.129s][info][gc,metaspace   ] GC(32985) Metaspace: 62147K(62464K)->62147K(62464K) NonClass: 56615K(56832K)->56615K(56832K) Class: 5532K(5632K)->5532K(5632K)
[13658.129s][info][gc             ] GC(32985) Pause Young (Allocation Failure) 449M->371M(453M) 3.087ms
[13658.129s][info][gc,cpu         ] GC(32985) User=0.01s Sys=0.00s Real=0.00s
[13658.537s][info][gc,start       ] GC(32986) Pause Young (Allocation Failure)
[13658.541s][info][gc,heap        ] GC(32986) PSYoungGen: 82352K(83968K)->1856K(83968K) Eden: 80896K(80896K)->0K(80896K) From: 1456K(3072K)->1856K(3072K)
[13658.541s][info][gc,heap        ] GC(32986) ParOldGen: 379141K(380416K)->379261K(380416K)
[13658.541s][info][gc,metaspace   ] GC(32986) Metaspace: 62147K(62464K)->62147K(62464K) NonClass: 56615K(56832K)->56615K(56832K) Class: 5532K(5632K)->5532K(5632K)
[13658.541s][info][gc             ] GC(32986) Pause Young (Allocation Failure) 450M->372M(453M) 3.407ms
[13658.541s][info][gc,cpu         ] GC(32986) User=0.00s Sys=0.00s Real=0.00s
[13658.970s][info][gc,start       ] GC(32987) Pause Young (Allocation Failure)
[13658.973s][info][gc,heap        ] GC(32987) PSYoungGen: 82752K(83968K)->672K(83968K) Eden: 80896K(80896K)->0K(80896K) From: 1856K(3072K)->672K(3072K)
[13658.973s][info][gc,heap        ] GC(32987) ParOldGen: 379261K(380416K)->379325K(380416K)
[13658.973s][info][gc,metaspace   ] GC(32987) Metaspace: 62147K(62464K)->62147K(62464K) NonClass: 56615K(56832K)->56615K(56832K) Class: 5532K(5632K)->5532K(5632K)
[13658.973s][info][gc             ] GC(32987) Pause Young (Allocation Failure) 451M->371M(453M) 2.461ms
[13658.973s][info][gc,cpu         ] GC(32987) User=0.00s Sys=0.00s Real=0.01s
[13659.389s][info][gc,start       ] GC(32988) Pause Young (Allocation Failure)
[13659.392s][info][gc,heap        ] GC(32988) PSYoungGen: 81568K(83968K)->1024K(83968K) Eden: 80896K(80896K)->0K(80896K) From: 672K(3072K)->1024K(3072K)
[13659.392s][info][gc,heap        ] GC(32988) ParOldGen: 379325K(380416K)->379397K(380416K)
[13659.392s][info][gc,metaspace   ] GC(32988) Metaspace: 62147K(62464K)->62147K(62464K) NonClass: 56615K(56832K)->56615K(56832K) Class: 5532K(5632K)->5532K(5632K)
[13659.392s][info][gc             ] GC(32988) Pause Young (Allocation Failure) 450M->371M(453M) 2.827ms
[13659.392s][info][gc,cpu         ] GC(32988) User=0.01s Sys=0.00s Real=0.01s
[13659.807s][info][gc,start       ] GC(32989) Pause Young (Allocation Failure)
[13659.810s][info][gc,heap        ] GC(32989) PSYoungGen: 81920K(83968K)->1184K(83968K) Eden: 80896K(80896K)->0K(80896K) From: 1024K(3072K)->1184K(3072K)
[13659.810s][info][gc,heap        ] GC(32989) ParOldGen: 379397K(380416K)->379469K(380416K)
[13659.810s][info][gc,metaspace   ] GC(32989) Metaspace: 62147K(62464K)->62147K(62464K) NonClass: 56615K(56832K)->56615K(56832K) Class: 5532K(5632K)->5532K(5632K)
[13659.810s][info][gc             ] GC(32989) Pause Young (Allocation Failure) 450M->371M(453M) 3.004ms
[13659.810s][info][gc,cpu         ] GC(32989) User=0.00s Sys=0.00s Real=0.00s
[13660.221s][info][gc,start       ] GC(32990) Pause Young (Allocation Failure)
[13660.224s][info][gc,heap        ] GC(32990) PSYoungGen: 82080K(83968K)->1568K(84480K) Eden: 80896K(80896K)->0K(81920K) From: 1184K(3072K)->1568K(2560K)
[13660.224s][info][gc,heap        ] GC(32990) ParOldGen: 379469K(380416K)->379541K(380416K)
[13660.224s][info][gc,metaspace   ] GC(32990) Metaspace: 62147K(62464K)->62147K(62464K) NonClass: 56615K(56832K)->56615K(56832K) Class: 5532K(5632K)->5532K(5632K)
[13660.224s][info][gc             ] GC(32990) Pause Young (Allocation Failure) 450M->372M(454M) 3.102ms
[13660.224s][info][gc,cpu         ] GC(32990) User=0.01s Sys=0.00s Real=0.01s
[13660.628s][info][gc,start       ] GC(32991) Pause Young (Allocation Failure)
[13660.632s][info][gc,heap        ] GC(32991) PSYoungGen: 83488K(84480K)->1760K(83968K) Eden: 81920K(81920K)->0K(81920K) From: 1568K(2560K)->1760K(2048K)
[13660.632s][info][gc,heap        ] GC(32991) ParOldGen: 379541K(380416K)->379605K(380416K)
[13660.632s][info][gc,metaspace   ] GC(32991) Metaspace: 62147K(62464K)->62147K(62464K) NonClass: 56615K(56832K)->56615K(56832K) Class: 5532K(5632K)->5532K(5632K)
[13660.632s][info][gc             ] GC(32991) Pause Young (Allocation Failure) 452M->372M(453M) 3.188ms
[13660.632s][info][gc,cpu         ] GC(32991) User=0.01s Sys=0.00s Real=0.01s
[13661.055s][info][gc,start       ] GC(32992) Pause Young (Allocation Failure)
[13661.057s][info][gc,heap        ] GC(32992) PSYoungGen: 83680K(83968K)->448K(83968K) Eden: 81920K(81920K)->0K(80896K) From: 1760K(2048K)->448K(3072K)
[13661.057s][info][gc,heap        ] GC(32992) ParOldGen: 379605K(380416K)->379669K(380416K)
[13661.057s][info][gc,metaspace   ] GC(32992) Metaspace: 62147K(62464K)->62147K(62464K) NonClass: 56615K(56832K)->56615K(56832K) Class: 5532K(5632K)->5532K(5632K)
[13661.057s][info][gc             ] GC(32992) Pause Young (Allocation Failure) 452M->371M(453M) 2.181ms
[13661.057s][info][gc,cpu         ] GC(32992) User=0.01s Sys=0.00s Real=0.00s
[13661.468s][info][gc,start       ] GC(32993) Pause Young (Allocation Failure)
[13661.470s][info][gc,heap        ] GC(32993) PSYoungGen: 81344K(83968K)->2688K(83968K) Eden: 80896K(80896K)->0K(80896K) From: 448K(3072K)->2688K(3072K)
[13661.470s][info][gc,heap        ] GC(32993) ParOldGen: 379669K(380416K)->379741K(380416K)
[13661.470s][info][gc,metaspace   ] GC(32993) Metaspace: 62147K(62464K)->62147K(62464K) NonClass: 56615K(56832K)->56615K(56832K) Class: 5532K(5632K)->5532K(5632K)
[13661.470s][info][gc             ] GC(32993) Pause Young (Allocation Failure) 450M->373M(453M) 2.614ms
[13661.470s][info][gc,cpu         ] GC(32993) User=0.00s Sys=0.00s Real=0.00s
[13661.868s][info][gc,start       ] GC(32994) Pause Young (Allocation Failure)
[13661.871s][info][gc,heap        ] GC(32994) PSYoungGen: 83584K(83968K)->608K(83968K) Eden: 80896K(80896K)->0K(80896K) From: 2688K(3072K)->608K(3072K)
[13661.871s][info][gc,heap        ] GC(32994) ParOldGen: 379741K(380416K)->381862K(381952K)
[13661.871s][info][gc,metaspace   ] GC(32994) Metaspace: 62147K(62464K)->62147K(62464K) NonClass: 56615K(56832K)->56615K(56832K) Class: 5532K(5632K)->5532K(5632K)
[13661.871s][info][gc             ] GC(32994) Pause Young (Allocation Failure) 452M->373M(455M) 3.359ms
[13661.871s][info][gc,cpu         ] GC(32994) User=0.00s Sys=0.00s Real=0.01s
[13662.251s][info][gc,start       ] GC(32995) Pause Young (Allocation Failure)
[13662.253s][info][gc,heap        ] GC(32995) PSYoungGen: 81504K(83968K)->384K(83968K) Eden: 80896K(80896K)->0K(80896K) From: 608K(3072K)->384K(3072K)
[13662.253s][info][gc,heap        ] GC(32995) ParOldGen: 381862K(381952K)->381926K(381952K)
[13662.253s][info][gc,metaspace   ] GC(32995) Metaspace: 62147K(62464K)->62147K(62464K) NonClass: 56615K(56832K)->56615K(56832K) Class: 5532K(5632K)->5532K(5632K)
[13662.253s][info][gc             ] GC(32995) Pause Young (Allocation Failure) 452M->373M(455M) 2.138ms
[13662.253s][info][gc,cpu         ] GC(32995) User=0.00s Sys=0.00s Real=0.00s
[13662.623s][info][gc,start       ] GC(32996) Pause Young (Allocation Failure)
[13662.626s][info][gc,heap        ] GC(32996) PSYoungGen: 81280K(83968K)->1344K(83968K) Eden: 80896K(80896K)->0K(80896K) From: 384K(3072K)->1344K(3072K)
[13662.626s][info][gc,heap        ] GC(32996) ParOldGen: 381926K(381952K)->381990K(382464K)
[13662.626s][info][gc,metaspace   ] GC(32996) Metaspace: 62147K(62464K)->62147K(62464K) NonClass: 56615K(56832K)->56615K(56832K) Class: 5532K(5632K)->5532K(5632K)
[13662.626s][info][gc             ] GC(32996) Pause Young (Allocation Failure) 452M->374M(455M) 2.953ms
[13662.626s][info][gc,cpu         ] GC(32996) User=0.00s Sys=0.00s Real=0.00s
[13663.036s][info][gc,start       ] GC(32997) Pause Young (Allocation Failure)
[13663.039s][info][gc,heap        ] GC(32997) PSYoungGen: 82240K(83968K)->1824K(83968K) Eden: 80896K(80896K)->0K(80896K) From: 1344K(3072K)->1824K(3072K)
[13663.039s][info][gc,heap        ] GC(32997) ParOldGen: 381990K(382464K)->382054K(382464K)
[13663.039s][info][gc,metaspace   ] GC(32997) Metaspace: 62147K(62464K)->62147K(62464K) NonClass: 56615K(56832K)->56615K(56832K) Class: 5532K(5632K)->5532K(5632K)
[13663.039s][info][gc             ] GC(32997) Pause Young (Allocation Failure) 453M->374M(455M) 3.268ms
[13663.039s][info][gc,cpu         ] GC(32997) User=0.00s Sys=0.00s Real=0.00s
[13663.413s][info][gc,start       ] GC(32998) Pause Young (Allocation Failure)
[13663.416s][info][gc,heap        ] GC(32998) PSYoungGen: 82720K(83968K)->1504K(83968K) Eden: 80896K(80896K)->0K(80896K) From: 1824K(3072K)->1504K(3072K)
[13663.416s][info][gc,heap        ] GC(32998) ParOldGen: 382054K(382464K)->382118K(382464K)
[13663.416s][info][gc,metaspace   ] GC(32998) Metaspace: 62147K(62464K)->62147K(62464K) NonClass: 56615K(56832K)->56615K(56832K) Class: 5532K(5632K)->5532K(5632K)
[13663.416s][info][gc             ] GC(32998) Pause Young (Allocation Failure) 453M->374M(455M) 3.092ms
[13663.416s][info][gc,cpu         ] GC(32998) User=0.00s Sys=0.00s Real=0.00s
[13663.816s][info][gc,start       ] GC(32999) Pause Young (Allocation Failure)
[13663.819s][info][gc,heap        ] GC(32999) PSYoungGen: 82400K(83968K)->1632K(83968K) Eden: 80896K(80896K)->0K(80896K) From: 1504K(3072K)->1632K(3072K)
[13663.819s][info][gc,heap        ] GC(32999) ParOldGen: 382118K(382464K)->382182K(382464K)
[13663.819s][info][gc,metaspace   ] GC(32999) Metaspace: 62147K(62464K)->62147K(62464K) NonClass: 56615K(56832K)->56615K(56832K) Class: 5532K(5632K)->5532K(5632K)
[13663.819s][info][gc             ] GC(32999) Pause Young (Allocation Failure) 453M->374M(455M) 3.166ms
[13663.819s][info][gc,cpu         ] GC(32999) User=0.01s Sys=0.00s Real=0.00s
[13664.268s][info][gc,start       ] GC(33000) Pause Young (Allocation Failure)
[13664.272s][info][gc,heap        ] GC(33000) PSYoungGen: 82528K(83968K)->2624K(82944K) Eden: 80896K(80896K)->0K(79872K) From: 1632K(3072K)->2624K(3072K)
[13664.272s][info][gc,heap        ] GC(33000) ParOldGen: 382182K(382464K)->382326K(382464K)
[13664.272s][info][gc,metaspace   ] GC(33000) Metaspace: 62148K(62464K)->62148K(62464K) NonClass: 56616K(56832K)->56616K(56832K) Class: 5532K(5632K)->5532K(5632K)
[13664.273s][info][gc             ] GC(33000) Pause Young (Allocation Failure) 453M->375M(454M) 4.893ms
[13664.273s][info][gc,cpu         ] GC(33000) User=0.00s Sys=0.00s Real=0.01s
[13664.766s][info][gc,start       ] GC(33001) Pause Young (Allocation Failure)
[13664.769s][info][gc,heap        ] GC(33001) PSYoungGen: 82496K(82944K)->672K(83456K) Eden: 79872K(79872K)->0K(79872K) From: 2624K(3072K)->672K(3584K)
[13664.770s][info][gc,heap        ] GC(33001) ParOldGen: 382326K(382464K)->384562K(385536K)
[13664.770s][info][gc,metaspace   ] GC(33001) Metaspace: 62149K(62464K)->62149K(62464K) NonClass: 56617K(56832K)->56617K(56832K) Class: 5532K(5632K)->5532K(5632K)
[13664.770s][info][gc             ] GC(33001) Pause Young (Allocation Failure) 453M->376M(458M) 3.686ms
[13664.770s][info][gc,cpu         ] GC(33001) User=0.01s Sys=0.00s Real=0.00s
[13665.153s][info][gc,start       ] GC(33002) Pause Young (Allocation Failure)
[13665.155s][info][gc,heap        ] GC(33002) PSYoungGen: 80544K(83456K)->384K(83456K) Eden: 79872K(79872K)->0K(79872K) From: 672K(3584K)->384K(3584K)
[13665.155s][info][gc,heap        ] GC(33002) ParOldGen: 384562K(385536K)->384690K(385536K)
[13665.155s][info][gc,metaspace   ] GC(33002) Metaspace: 62149K(62464K)->62149K(62464K) NonClass: 56617K(56832K)->56617K(56832K) Class: 5532K(5632K)->5532K(5632K)
[13665.156s][info][gc             ] GC(33002) Pause Young (Allocation Failure) 454M->376M(458M) 2.276ms
[13665.156s][info][gc,cpu         ] GC(33002) User=0.00s Sys=0.00s Real=0.00s
[13665.549s][info][gc,start       ] GC(33003) Pause Young (Allocation Failure)
[13665.552s][info][gc,heap        ] GC(33003) PSYoungGen: 80256K(83456K)->320K(83456K) Eden: 79872K(79872K)->0K(79872K) From: 384K(3584K)->320K(3584K)
[13665.552s][info][gc,heap        ] GC(33003) ParOldGen: 384690K(385536K)->384762K(385536K)
[13665.552s][info][gc,metaspace   ] GC(33003) Metaspace: 62149K(62464K)->62149K(62464K) NonClass: 56617K(56832K)->56617K(56832K) Class: 5532K(5632K)->5532K(5632K)
[13665.552s][info][gc             ] GC(33003) Pause Young (Allocation Failure) 454M->376M(458M) 2.613ms
[13665.552s][info][gc,cpu         ] GC(33003) User=0.01s Sys=0.00s Real=0.01s
[13665.986s][info][gc,start       ] GC(33004) Pause Young (Allocation Failure)
[13665.988s][info][gc,heap        ] GC(33004) PSYoungGen: 80192K(83456K)->1008K(83968K) Eden: 79872K(79872K)->0K(80384K) From: 320K(3584K)->1008K(3584K)
[13665.988s][info][gc,heap        ] GC(33004) ParOldGen: 384762K(385536K)->384834K(385536K)
[13665.988s][info][gc,metaspace   ] GC(33004) Metaspace: 62149K(62464K)->62149K(62464K) NonClass: 56617K(56832K)->56617K(56832K) Class: 5532K(5632K)->5532K(5632K)
[13665.988s][info][gc             ] GC(33004) Pause Young (Allocation Failure) 454M->376M(458M) 2.636ms
[13665.988s][info][gc,cpu         ] GC(33004) User=0.00s Sys=0.00s Real=0.00s
[13666.444s][info][gc,start       ] GC(33005) Pause Young (Allocation Failure)
[13666.446s][info][gc,heap        ] GC(33005) PSYoungGen: 81392K(83968K)->256K(83456K) Eden: 80384K(80384K)->0K(80384K) From: 1008K(3584K)->256K(3072K)
[13666.446s][info][gc,heap        ] GC(33005) ParOldGen: 384834K(385536K)->384962K(385536K)
[13666.446s][info][gc,metaspace   ] GC(33005) Metaspace: 62149K(62464K)->62149K(62464K) NonClass: 56617K(56832K)->56617K(56832K) Class: 5532K(5632K)->5532K(5632K)
[13666.446s][info][gc             ] GC(33005) Pause Young (Allocation Failure) 455M->376M(458M) 2.144ms
[13666.446s][info][gc,cpu         ] GC(33005) User=0.01s Sys=0.00s Real=0.00s
[13666.889s][info][gc,start       ] GC(33006) Pause Young (Allocation Failure)
[13666.892s][info][gc,heap        ] GC(33006) PSYoungGen: 80640K(83456K)->960K(83968K) Eden: 80384K(80384K)->0K(80896K) From: 256K(3072K)->960K(3072K)
[13666.892s][info][gc,heap        ] GC(33006) ParOldGen: 384962K(385536K)->385034K(385536K)
[13666.892s][info][gc,metaspace   ] GC(33006) Metaspace: 62149K(62464K)->62149K(62464K) NonClass: 56617K(56832K)->56617K(56832K) Class: 5532K(5632K)->5532K(5632K)
[13666.892s][info][gc             ] GC(33006) Pause Young (Allocation Failure) 454M->376M(458M) 2.635ms
[13666.892s][info][gc,cpu         ] GC(33006) User=0.01s Sys=0.00s Real=0.01s
[13667.323s][info][gc,start       ] GC(33007) Pause Young (Allocation Failure)
[13667.326s][info][gc,heap        ] GC(33007) PSYoungGen: 81856K(83968K)->1408K(83968K) Eden: 80896K(80896K)->0K(80896K) From: 960K(3072K)->1408K(3072K)
[13667.326s][info][gc,heap        ] GC(33007) ParOldGen: 385034K(385536K)->385106K(385536K)
[13667.326s][info][gc,metaspace   ] GC(33007) Metaspace: 62149K(62464K)->62149K(62464K) NonClass: 56617K(56832K)->56617K(56832K) Class: 5532K(5632K)->5532K(5632K)
[13667.326s][info][gc             ] GC(33007) Pause Young (Allocation Failure) 455M->377M(458M) 3.086ms
[13667.326s][info][gc,cpu         ] GC(33007) User=0.01s Sys=0.00s Real=0.00s
[13667.743s][info][gc,start       ] GC(33008) Pause Young (Allocation Failure)
[13667.745s][info][gc,heap        ] GC(33008) PSYoungGen: 82304K(83968K)->256K(83968K) Eden: 80896K(80896K)->0K(80896K) From: 1408K(3072K)->256K(3072K)
[13667.745s][info][gc,heap        ] GC(33008) ParOldGen: 385106K(385536K)->385170K(385536K)
[13667.745s][info][gc,metaspace   ] GC(33008) Metaspace: 62149K(62464K)->62149K(62464K) NonClass: 56617K(56832K)->56617K(56832K) Class: 5532K(5632K)->5532K(5632K)
[13667.746s][info][gc             ] GC(33008) Pause Young (Allocation Failure) 456M->376M(458M) 2.067ms
[13667.746s][info][gc,cpu         ] GC(33008) User=0.01s Sys=0.00s Real=0.00s
[13668.136s][info][gc,start       ] GC(33009) Pause Young (Allocation Failure)
[13668.139s][info][gc,heap        ] GC(33009) PSYoungGen: 81152K(83968K)->1856K(83968K) Eden: 80896K(80896K)->0K(80896K) From: 256K(3072K)->1856K(3072K)
[13668.139s][info][gc,heap        ] GC(33009) ParOldGen: 385170K(385536K)->385242K(385536K)
[13668.139s][info][gc,metaspace   ] GC(33009) Metaspace: 62149K(62464K)->62149K(62464K) NonClass: 56617K(56832K)->56617K(56832K) Class: 5532K(5632K)->5532K(5632K)
[13668.139s][info][gc             ] GC(33009) Pause Young (Allocation Failure) 455M->378M(458M) 3.370ms
[13668.139s][info][gc,cpu         ] GC(33009) User=0.00s Sys=0.00s Real=0.00s
[13668.530s][info][gc,start       ] GC(33010) Pause Young (Allocation Failure)
[13668.534s][info][gc,heap        ] GC(33010) PSYoungGen: 82752K(83968K)->2656K(82944K) Eden: 80896K(80896K)->0K(79872K) From: 1856K(3072K)->2656K(3072K)
[13668.534s][info][gc,heap        ] GC(33010) ParOldGen: 385242K(385536K)->386338K(387072K)
[13668.534s][info][gc,metaspace   ] GC(33010) Metaspace: 62149K(62464K)->62149K(62464K) NonClass: 56617K(56832K)->56617K(56832K) Class: 5532K(5632K)->5532K(5632K)
[13668.534s][info][gc             ] GC(33010) Pause Young (Allocation Failure) 457M->379M(459M) 3.891ms
[13668.534s][info][gc,cpu         ] GC(33010) User=0.00s Sys=0.00s Real=0.01s
[13668.945s][info][gc,start       ] GC(33011) Pause Young (Allocation Failure)
[13668.948s][info][gc,heap        ] GC(33011) PSYoungGen: 82528K(82944K)->288K(83456K) Eden: 79872K(79872K)->0K(79872K) From: 2656K(3072K)->288K(3584K)
[13668.948s][info][gc,heap        ] GC(33011) ParOldGen: 386338K(387072K)->388458K(388608K)
[13668.948s][info][gc,metaspace   ] GC(33011) Metaspace: 62149K(62464K)->62149K(62464K) NonClass: 56617K(56832K)->56617K(56832K) Class: 5532K(5632K)->5532K(5632K)
[13668.948s][info][gc             ] GC(33011) Pause Young (Allocation Failure) 457M->379M(461M) 3.226ms
[13668.948s][info][gc,cpu         ] GC(33011) User=0.01s Sys=0.00s Real=0.00s
[13669.361s][info][gc,start       ] GC(33012) Pause Young (Allocation Failure)
[13669.364s][info][gc,heap        ] GC(33012) PSYoungGen: 80160K(83456K)->576K(83456K) Eden: 79872K(79872K)->0K(79872K) From: 288K(3584K)->576K(3584K)
[13669.364s][info][gc,heap        ] GC(33012) ParOldGen: 388458K(388608K)->388522K(388608K)
[13669.364s][info][gc,metaspace   ] GC(33012) Metaspace: 62149K(62464K)->62149K(62464K) NonClass: 56617K(56832K)->56617K(56832K) Class: 5532K(5632K)->5532K(5632K)
[13669.364s][info][gc             ] GC(33012) Pause Young (Allocation Failure) 457M->379M(461M) 2.619ms
[13669.364s][info][gc,cpu         ] GC(33012) User=0.01s Sys=0.01s Real=0.00s
[13669.727s][info][gc,start       ] GC(33013) Pause Young (Allocation Failure)
[13669.730s][info][gc,heap        ] GC(33013) PSYoungGen: 80448K(83456K)->1856K(83456K) Eden: 79872K(79872K)->0K(79872K) From: 576K(3584K)->1856K(3584K)
[13669.730s][info][gc,heap        ] GC(33013) ParOldGen: 388522K(388608K)->388594K(388608K)
[13669.730s][info][gc,metaspace   ] GC(33013) Metaspace: 62149K(62464K)->62149K(62464K) NonClass: 56617K(56832K)->56617K(56832K) Class: 5532K(5632K)->5532K(5632K)
[13669.730s][info][gc             ] GC(33013) Pause Young (Allocation Failure) 457M->381M(461M) 3.351ms
[13669.730s][info][gc,cpu         ] GC(33013) User=0.01s Sys=0.00s Real=0.00s
[13670.091s][info][gc,start       ] GC(33014) Pause Young (Allocation Failure)
[13670.093s][info][gc,heap        ] GC(33014) PSYoungGen: 81728K(83456K)->1024K(83968K) Eden: 79872K(79872K)->0K(80384K) From: 1856K(3584K)->1024K(3584K)
[13670.093s][info][gc,heap        ] GC(33014) ParOldGen: 388594K(388608K)->388666K(389120K)
[13670.093s][info][gc,metaspace   ] GC(33014) Metaspace: 62149K(62464K)->62149K(62464K) NonClass: 56617K(56832K)->56617K(56832K) Class: 5532K(5632K)->5532K(5632K)
[13670.093s][info][gc             ] GC(33014) Pause Young (Allocation Failure) 459M->380M(462M) 2.661ms
[13670.093s][info][gc,cpu         ] GC(33014) User=0.00s Sys=0.00s Real=0.01s
[13670.530s][info][gc,start       ] GC(33015) Pause Young (Allocation Failure)
[13670.533s][info][gc,heap        ] GC(33015) PSYoungGen: 81408K(83968K)->1760K(83456K) Eden: 80384K(80384K)->0K(80384K) From: 1024K(3584K)->1760K(3072K)
[13670.533s][info][gc,heap        ] GC(33015) ParOldGen: 388666K(389120K)->388730K(389120K)
[13670.533s][info][gc,metaspace   ] GC(33015) Metaspace: 62149K(62464K)->62149K(62464K) NonClass: 56617K(56832K)->56617K(56832K) Class: 5532K(5632K)->5532K(5632K)
[13670.533s][info][gc             ] GC(33015) Pause Young (Allocation Failure) 459M->381M(461M) 3.307ms
[13670.533s][info][gc,cpu         ] GC(33015) User=0.01s Sys=0.00s Real=0.01s
[13670.947s][info][gc,start       ] GC(33016) Pause Young (Allocation Failure)
[13670.949s][info][gc,heap        ] GC(33016) PSYoungGen: 82143K(83456K)->288K(83968K) Eden: 80383K(80384K)->0K(80896K) From: 1760K(3072K)->288K(3072K)
[13670.949s][info][gc,heap        ] GC(33016) ParOldGen: 388730K(389120K)->388802K(389120K)
[13670.949s][info][gc,metaspace   ] GC(33016) Metaspace: 62149K(62464K)->62149K(62464K) NonClass: 56617K(56832K)->56617K(56832K) Class: 5532K(5632K)->5532K(5632K)
[13670.949s][info][gc             ] GC(33016) Pause Young (Allocation Failure) 459M->379M(462M) 2.080ms
[13670.949s][info][gc,cpu         ] GC(33016) User=0.01s Sys=0.00s Real=0.00s
[13671.360s][info][gc,start       ] GC(33017) Pause Young (Allocation Failure)
[13671.362s][info][gc,heap        ] GC(33017) PSYoungGen: 81184K(83968K)->512K(83968K) Eden: 80896K(80896K)->0K(80896K) From: 288K(3072K)->512K(3072K)
[13671.362s][info][gc,heap        ] GC(33017) ParOldGen: 388802K(389120K)->388874K(389120K)
[13671.362s][info][gc,metaspace   ] GC(33017) Metaspace: 62149K(62464K)->62149K(62464K) NonClass: 56617K(56832K)->56617K(56832K) Class: 5532K(5632K)->5532K(5632K)
[13671.362s][info][gc             ] GC(33017) Pause Young (Allocation Failure) 458M->380M(462M) 2.259ms
[13671.362s][info][gc,cpu         ] GC(33017) User=0.00s Sys=0.00s Real=0.01s
[13671.762s][info][gc,start       ] GC(33018) Pause Young (Allocation Failure)
[13671.764s][info][gc,heap        ] GC(33018) PSYoungGen: 81408K(83968K)->576K(83968K) Eden: 80896K(80896K)->0K(80896K) From: 512K(3072K)->576K(3072K)
[13671.764s][info][gc,heap        ] GC(33018) ParOldGen: 388874K(389120K)->388946K(389120K)
[13671.764s][info][gc,metaspace   ] GC(33018) Metaspace: 62149K(62464K)->62149K(62464K) NonClass: 56617K(56832K)->56617K(56832K) Class: 5532K(5632K)->5532K(5632K)
[13671.764s][info][gc             ] GC(33018) Pause Young (Allocation Failure) 459M->380M(462M) 2.341ms
[13671.764s][info][gc,cpu         ] GC(33018) User=0.01s Sys=0.00s Real=0.00s
[13672.161s][info][gc,start       ] GC(33019) Pause Young (Allocation Failure)
[13672.163s][info][gc,heap        ] GC(33019) PSYoungGen: 81472K(83968K)->512K(83968K) Eden: 80896K(80896K)->0K(80896K) From: 576K(3072K)->512K(3072K)
[13672.163s][info][gc,heap        ] GC(33019) ParOldGen: 388946K(389120K)->389018K(389120K)
[13672.163s][info][gc,metaspace   ] GC(33019) Metaspace: 62149K(62464K)->62149K(62464K) NonClass: 56617K(56832K)->56617K(56832K) Class: 5532K(5632K)->5532K(5632K)
[13672.163s][info][gc             ] GC(33019) Pause Young (Allocation Failure) 459M->380M(462M) 2.311ms
[13672.163s][info][gc,cpu         ] GC(33019) User=0.00s Sys=0.00s Real=0.00s
[13672.527s][info][gc,start       ] GC(33020) Pause Young (Allocation Failure)
[13672.530s][info][gc,heap        ] GC(33020) PSYoungGen: 81408K(83968K)->1600K(83968K) Eden: 80896K(80896K)->0K(80896K) From: 512K(3072K)->1600K(3072K)
[13672.530s][info][gc,heap        ] GC(33020) ParOldGen: 389018K(389120K)->389090K(389120K)
[13672.530s][info][gc,metaspace   ] GC(33020) Metaspace: 62149K(62464K)->62149K(62464K) NonClass: 56617K(56832K)->56617K(56832K) Class: 5532K(5632K)->5532K(5632K)
[13672.530s][info][gc             ] GC(33020) Pause Young (Allocation Failure) 459M->381M(462M) 3.204ms
[13672.530s][info][gc,cpu         ] GC(33020) User=0.01s Sys=0.00s Real=0.00s
[13672.947s][info][gc,start       ] GC(33021) Pause Young (Allocation Failure)
[13672.949s][info][gc,heap        ] GC(33021) PSYoungGen: 82496K(83968K)->288K(83968K) Eden: 80896K(80896K)->0K(80896K) From: 1600K(3072K)->288K(3072K)
[13672.949s][info][gc,heap        ] GC(33021) ParOldGen: 389090K(389120K)->389162K(389632K)
[13672.949s][info][gc,metaspace   ] GC(33021) Metaspace: 62149K(62464K)->62149K(62464K) NonClass: 56617K(56832K)->56617K(56832K) Class: 5532K(5632K)->5532K(5632K)
[13672.949s][info][gc             ] GC(33021) Pause Young (Allocation Failure) 460M->380M(462M) 2.243ms
[13672.949s][info][gc,cpu         ] GC(33021) User=0.00s Sys=0.00s Real=0.00s
[13673.435s][info][gc,start       ] GC(33022) Pause Young (Allocation Failure)
[13673.438s][info][gc,heap        ] GC(33022) PSYoungGen: 81183K(83968K)->1968K(83968K) Eden: 80895K(80896K)->0K(80896K) From: 288K(3072K)->1968K(3072K)
[13673.438s][info][gc,heap        ] GC(33022) ParOldGen: 389162K(389632K)->389234K(389632K)
[13673.438s][info][gc,metaspace   ] GC(33022) Metaspace: 62149K(62464K)->62149K(62464K) NonClass: 56617K(56832K)->56617K(56832K) Class: 5532K(5632K)->5532K(5632K)
[13673.438s][info][gc             ] GC(33022) Pause Young (Allocation Failure) 459M->382M(462M) 3.552ms
[13673.438s][info][gc,cpu         ] GC(33022) User=0.01s Sys=0.00s Real=0.00s
[13673.845s][info][gc,start       ] GC(33023) Pause Young (Allocation Failure)
[13673.847s][info][gc,heap        ] GC(33023) PSYoungGen: 82864K(83968K)->256K(83968K) Eden: 80896K(80896K)->0K(80896K) From: 1968K(3072K)->256K(3072K)
[13673.847s][info][gc,heap        ] GC(33023) ParOldGen: 389234K(389632K)->389354K(389632K)
[13673.847s][info][gc,metaspace   ] GC(33023) Metaspace: 62149K(62464K)->62149K(62464K) NonClass: 56617K(56832K)->56617K(56832K) Class: 5532K(5632K)->5532K(5632K)
[13673.847s][info][gc             ] GC(33023) Pause Young (Allocation Failure) 461M->380M(462M) 2.304ms
[13673.847s][info][gc,cpu         ] GC(33023) User=0.00s Sys=0.00s Real=0.00s
[13674.246s][info][gc,start       ] GC(33024) Pause Young (Allocation Failure)
[13674.248s][info][gc,heap        ] GC(33024) PSYoungGen: 81152K(83968K)->288K(83968K) Eden: 80896K(80896K)->0K(80896K) From: 256K(3072K)->288K(3072K)
[13674.248s][info][gc,heap        ] GC(33024) ParOldGen: 389354K(389632K)->389426K(389632K)
[13674.248s][info][gc,metaspace   ] GC(33024) Metaspace: 62149K(62464K)->62149K(62464K) NonClass: 56617K(56832K)->56617K(56832K) Class: 5532K(5632K)->5532K(5632K)
[13674.248s][info][gc             ] GC(33024) Pause Young (Allocation Failure) 459M->380M(462M) 2.077ms
[13674.248s][info][gc,cpu         ] GC(33024) User=0.00s Sys=0.00s Real=0.00s
[13674.656s][info][gc,start       ] GC(33025) Pause Young (Allocation Failure)
[13674.658s][info][gc,heap        ] GC(33025) PSYoungGen: 81184K(83968K)->448K(83968K) Eden: 80896K(80896K)->0K(80896K) From: 288K(3072K)->448K(3072K)
[13674.658s][info][gc,heap        ] GC(33025) ParOldGen: 389426K(389632K)->389498K(389632K)
[13674.658s][info][gc,metaspace   ] GC(33025) Metaspace: 62149K(62464K)->62149K(62464K) NonClass: 56617K(56832K)->56617K(56832K) Class: 5532K(5632K)->5532K(5632K)
[13674.658s][info][gc             ] GC(33025) Pause Young (Allocation Failure) 459M->380M(462M) 2.260ms
[13674.658s][info][gc,cpu         ] GC(33025) User=0.01s Sys=0.00s Real=0.00s
[13675.173s][info][gc,start       ] GC(33026) Pause Young (Allocation Failure)
[13675.175s][info][gc,heap        ] GC(33026) PSYoungGen: 81344K(83968K)->480K(83968K) Eden: 80896K(80896K)->0K(80896K) From: 448K(3072K)->480K(3072K)
[13675.175s][info][gc,heap        ] GC(33026) ParOldGen: 389498K(389632K)->389570K(389632K)
[13675.175s][info][gc,metaspace   ] GC(33026) Metaspace: 62149K(62464K)->62149K(62464K) NonClass: 56617K(56832K)->56617K(56832K) Class: 5532K(5632K)->5532K(5632K)
[13675.175s][info][gc             ] GC(33026) Pause Young (Allocation Failure) 459M->380M(462M) 2.225ms
[13675.175s][info][gc,cpu         ] GC(33026) User=0.00s Sys=0.00s Real=0.00s
[13675.840s][info][gc,start       ] GC(33027) Pause Young (Allocation Failure)
[13675.842s][info][gc,heap        ] GC(33027) PSYoungGen: 81376K(83968K)->128K(83968K) Eden: 80896K(80896K)->0K(80896K) From: 480K(3072K)->128K(3072K)
[13675.842s][info][gc,heap        ] GC(33027) ParOldGen: 389570K(389632K)->389626K(389632K)
[13675.842s][info][gc,metaspace   ] GC(33027) Metaspace: 62149K(62464K)->62149K(62464K) NonClass: 56617K(56832K)->56617K(56832K) Class: 5532K(5632K)->5532K(5632K)
[13675.842s][info][gc             ] GC(33027) Pause Young (Allocation Failure) 459M->380M(462M) 2.039ms
[13675.842s][info][gc,cpu         ] GC(33027) User=0.01s Sys=0.00s Real=0.01s
[13676.522s][info][gc,start       ] GC(33028) Pause Young (Allocation Failure)
[13676.524s][info][gc,heap        ] GC(33028) PSYoungGen: 81024K(83968K)->928K(84480K) Eden: 80896K(80896K)->0K(81920K) From: 128K(3072K)->928K(2560K)
[13676.525s][info][gc,heap        ] GC(33028) ParOldGen: 389626K(389632K)->389642K(390144K)
[13676.525s][info][gc,metaspace   ] GC(33028) Metaspace: 62149K(62464K)->62149K(62464K) NonClass: 56617K(56832K)->56617K(56832K) Class: 5532K(5632K)->5532K(5632K)
[13676.525s][info][gc             ] GC(33028) Pause Young (Allocation Failure) 459M->381M(463M) 2.538ms
[13676.525s][info][gc,cpu         ] GC(33028) User=0.01s Sys=0.00s Real=0.00s
[13679.241s][info][gc,start       ] GC(33029) Pause Young (Allocation Failure)
[13679.251s][info][gc,heap        ] GC(33029) PSYoungGen: 82848K(84480K)->2400K(84480K) Eden: 81920K(81920K)->0K(81920K) From: 928K(2560K)->2400K(2560K)
[13679.251s][info][gc,heap        ] GC(33029) ParOldGen: 389642K(390144K)->398882K(400384K)
[13679.251s][info][gc,metaspace   ] GC(33029) Metaspace: 62225K(62528K)->62225K(62528K) NonClass: 56692K(56896K)->56692K(56896K) Class: 5533K(5632K)->5533K(5632K)
[13679.251s][info][gc             ] GC(33029) Pause Young (Allocation Failure) 461M->391M(473M) 10.692ms
[13679.251s][info][gc,cpu         ] GC(33029) User=0.01s Sys=0.01s Real=0.02s
[13679.690s][info][gc,start       ] GC(33030) Pause Young (Allocation Failure)
[13679.695s][info][gc,heap        ] GC(33030) PSYoungGen: 84320K(84480K)->848K(83456K) Eden: 81920K(81920K)->0K(80896K) From: 2400K(2560K)->848K(2560K)
[13679.695s][info][gc,heap        ] GC(33030) ParOldGen: 398882K(400384K)->400354K(400384K)
[13679.695s][info][gc,metaspace   ] GC(33030) Metaspace: 62227K(62528K)->62227K(62528K) NonClass: 56694K(56896K)->56694K(56896K) Class: 5533K(5632K)->5533K(5632K)
[13679.695s][info][gc             ] GC(33030) Pause Young (Allocation Failure) 471M->391M(472M) 4.646ms
[13679.695s][info][gc,cpu         ] GC(33030) User=0.01s Sys=0.00s Real=0.01s
[13680.128s][info][gc,start       ] GC(33031) Pause Young (Allocation Failure)
[13680.132s][info][gc,heap        ] GC(33031) PSYoungGen: 81744K(83456K)->1216K(83968K) Eden: 80896K(80896K)->0K(80896K) From: 848K(2560K)->1216K(3072K)
[13680.132s][info][gc,heap        ] GC(33031) ParOldGen: 400354K(400384K)->400738K(400896K)
[13680.132s][info][gc,metaspace   ] GC(33031) Metaspace: 62228K(62528K)->62228K(62528K) NonClass: 56695K(56896K)->56695K(56896K) Class: 5533K(5632K)->5533K(5632K)
[13680.132s][info][gc             ] GC(33031) Pause Young (Allocation Failure) 470M->392M(473M) 4.074ms
[13680.132s][info][gc,cpu         ] GC(33031) User=0.01s Sys=0.00s Real=0.01s
[13680.535s][info][gc,start       ] GC(33032) Pause Young (Allocation Failure)
[13680.539s][info][gc,heap        ] GC(33032) PSYoungGen: 82112K(83968K)->1248K(84480K) Eden: 80896K(80896K)->0K(81408K) From: 1216K(3072K)->1248K(3072K)
[13680.539s][info][gc,heap        ] GC(33032) ParOldGen: 400738K(400896K)->401034K(401408K)
[13680.539s][info][gc,metaspace   ] GC(33032) Metaspace: 62228K(62528K)->62228K(62528K) NonClass: 56695K(56896K)->56695K(56896K) Class: 5533K(5632K)->5533K(5632K)
[13680.539s][info][gc             ] GC(33032) Pause Young (Allocation Failure) 471M->392M(474M) 4.062ms
[13680.539s][info][gc,cpu         ] GC(33032) User=0.01s Sys=0.00s Real=0.00s
[13680.939s][info][gc,start       ] GC(33033) Pause Young (Allocation Failure)
[13680.944s][info][gc,heap        ] GC(33033) PSYoungGen: 82656K(84480K)->1408K(83968K) Eden: 81408K(81408K)->0K(81408K) From: 1248K(3072K)->1408K(2560K)
[13680.944s][info][gc,heap        ] GC(33033) ParOldGen: 401034K(401408K)->401306K(401408K)
[13680.944s][info][gc,metaspace   ] GC(33033) Metaspace: 62228K(62528K)->62228K(62528K) NonClass: 56695K(56896K)->56695K(56896K) Class: 5533K(5632K)->5533K(5632K)
[13680.944s][info][gc             ] GC(33033) Pause Young (Allocation Failure) 472M->393M(474M) 4.236ms
[13680.944s][info][gc,cpu         ] GC(33033) User=0.01s Sys=0.00s Real=0.01s
[13681.347s][info][gc,start       ] GC(33034) Pause Young (Allocation Failure)
[13681.352s][info][gc,heap        ] GC(33034) PSYoungGen: 82816K(83968K)->2528K(82432K) Eden: 81408K(81408K)->0K(79872K) From: 1408K(2560K)->2528K(2560K)
[13681.352s][info][gc,heap        ] GC(33034) ParOldGen: 401306K(401408K)->402522K(402944K)
[13681.352s][info][gc,metaspace   ] GC(33034) Metaspace: 62228K(62528K)->62228K(62528K) NonClass: 56695K(56896K)->56695K(56896K) Class: 5533K(5632K)->5533K(5632K)
[13681.352s][info][gc             ] GC(33034) Pause Young (Allocation Failure) 472M->395M(474M) 5.152ms
[13681.352s][info][gc,cpu         ] GC(33034) User=0.01s Sys=0.00s Real=0.01s
[13681.762s][info][gc,start       ] GC(33035) Pause Young (Allocation Failure)
[13681.767s][info][gc,heap        ] GC(33035) PSYoungGen: 82400K(82432K)->1824K(83456K) Eden: 79872K(79872K)->0K(79872K) From: 2528K(2560K)->1824K(3584K)
[13681.767s][info][gc,heap        ] GC(33035) ParOldGen: 402522K(402944K)->404810K(406016K)
[13681.767s][info][gc,metaspace   ] GC(33035) Metaspace: 62228K(62528K)->62228K(62528K) NonClass: 56695K(56896K)->56695K(56896K) Class: 5533K(5632K)->5533K(5632K)
[13681.767s][info][gc             ] GC(33035) Pause Young (Allocation Failure) 473M->397M(478M) 5.591ms
[13681.767s][info][gc,cpu         ] GC(33035) User=0.01s Sys=0.00s Real=0.00s
[13682.185s][info][gc,start       ] GC(33036) Pause Young (Allocation Failure)
[13682.188s][info][gc,heap        ] GC(33036) PSYoungGen: 81696K(83456K)->640K(94720K) Eden: 79872K(79872K)->0K(93696K) From: 1824K(3584K)->640K(1024K)
[13682.188s][info][gc,heap        ] GC(33036) ParOldGen: 404810K(406016K)->405114K(406016K)
[13682.188s][info][gc,metaspace   ] GC(33036) Metaspace: 62228K(62528K)->62228K(62528K) NonClass: 56695K(56896K)->56695K(56896K) Class: 5533K(5632K)->5533K(5632K)
[13682.188s][info][gc             ] GC(33036) Pause Young (Allocation Failure) 475M->396M(489M) 3.813ms
[13682.188s][info][gc,cpu         ] GC(33036) User=0.01s Sys=0.00s Real=0.00s
[13682.676s][info][gc,start       ] GC(33037) Pause Young (Allocation Failure)
[13682.680s][info][gc,heap        ] GC(33037) PSYoungGen: 94336K(94720K)->544K(92160K) Eden: 93696K(93696K)->0K(91136K) From: 640K(1024K)->544K(1024K)
[13682.680s][info][gc,heap        ] GC(33037) ParOldGen: 405114K(406016K)->405338K(406016K)
[13682.680s][info][gc,metaspace   ] GC(33037) Metaspace: 62228K(62528K)->62228K(62528K) NonClass: 56695K(56896K)->56695K(56896K) Class: 5533K(5632K)->5533K(5632K)
[13682.680s][info][gc             ] GC(33037) Pause Young (Allocation Failure) 487M->396M(486M) 3.675ms
[13682.680s][info][gc,cpu         ] GC(33037) User=0.01s Sys=0.00s Real=0.00s
[13683.125s][info][gc,start       ] GC(33038) Pause Young (Allocation Failure)
[13683.130s][info][gc,heap        ] GC(33038) PSYoungGen: 91679K(92160K)->1248K(90112K) Eden: 91135K(91136K)->0K(88576K) From: 544K(1024K)->1248K(1536K)
[13683.130s][info][gc,heap        ] GC(33038) ParOldGen: 405338K(406016K)->405594K(406016K)
[13683.130s][info][gc,metaspace   ] GC(33038) Metaspace: 62228K(62528K)->62228K(62528K) NonClass: 56695K(56896K)->56695K(56896K) Class: 5533K(5632K)->5533K(5632K)
[13683.130s][info][gc             ] GC(33038) Pause Young (Allocation Failure) 485M->397M(484M) 4.857ms
[13683.130s][info][gc,cpu         ] GC(33038) User=0.01s Sys=0.00s Real=0.00s
[13683.615s][info][gc,start       ] GC(33039) Pause Young (Allocation Failure)
[13683.619s][info][gc,heap        ] GC(33039) PSYoungGen: 89824K(90112K)->1152K(87552K) Eden: 88576K(88576K)->0K(86016K) From: 1248K(1536K)->1152K(1536K)
[13683.619s][info][gc,heap        ] GC(33039) ParOldGen: 405594K(406016K)->405850K(406016K)
[13683.619s][info][gc,metaspace   ] GC(33039) Metaspace: 62228K(62528K)->62228K(62528K) NonClass: 56695K(56896K)->56695K(56896K) Class: 5533K(5632K)->5533K(5632K)
[13683.619s][info][gc             ] GC(33039) Pause Young (Allocation Failure) 483M->397M(482M) 4.310ms
[13683.619s][info][gc,cpu         ] GC(33039) User=0.01s Sys=0.00s Real=0.00s
[13684.065s][info][gc,start       ] GC(33040) Pause Young (Allocation Failure)
[13684.069s][info][gc,heap        ] GC(33040) PSYoungGen: 87168K(87552K)->384K(83968K) Eden: 86016K(86016K)->0K(83456K) From: 1152K(1536K)->384K(512K)
[13684.069s][info][gc,heap        ] GC(33040) ParOldGen: 405850K(406016K)->406122K(406528K)
[13684.069s][info][gc,metaspace   ] GC(33040) Metaspace: 62228K(62528K)->62228K(62528K) NonClass: 56695K(56896K)->56695K(56896K) Class: 5533K(5632K)->5533K(5632K)
[13684.069s][info][gc             ] GC(33040) Pause Young (Allocation Failure) 481M->396M(479M) 3.608ms
[13684.069s][info][gc,cpu         ] GC(33040) User=0.01s Sys=0.01s Real=0.00s
[13684.502s][info][gc,start       ] GC(33041) Pause Young (Allocation Failure)
[13684.505s][info][gc,heap        ] GC(33041) PSYoungGen: 83840K(83968K)->832K(84480K) Eden: 83456K(83456K)->0K(81408K) From: 384K(512K)->832K(3072K)
[13684.505s][info][gc,heap        ] GC(33041) ParOldGen: 406122K(406528K)->406370K(406528K)
[13684.505s][info][gc,metaspace   ] GC(33041) Metaspace: 62228K(62528K)->62228K(62528K) NonClass: 56695K(56896K)->56695K(56896K) Class: 5533K(5632K)->5533K(5632K)
[13684.505s][info][gc             ] GC(33041) Pause Young (Allocation Failure) 478M->397M(479M) 3.731ms
[13684.505s][info][gc,cpu         ] GC(33041) User=0.01s Sys=0.00s Real=0.00s
[13684.932s][info][gc,start       ] GC(33042) Pause Young (Allocation Failure)
[13684.936s][info][gc,heap        ] GC(33042) PSYoungGen: 82240K(84480K)->1328K(88576K) Eden: 81408K(81408K)->0K(87040K) From: 832K(3072K)->1328K(1536K)
[13684.936s][info][gc,heap        ] GC(33042) ParOldGen: 406370K(406528K)->406626K(407040K)
[13684.936s][info][gc,metaspace   ] GC(33042) Metaspace: 62228K(62528K)->62228K(62528K) NonClass: 56695K(56896K)->56695K(56896K) Class: 5533K(5632K)->5533K(5632K)
[13684.936s][info][gc             ] GC(33042) Pause Young (Allocation Failure) 477M->398M(484M) 4.224ms
[13684.936s][info][gc,cpu         ] GC(33042) User=0.00s Sys=0.00s Real=0.00s
[13685.361s][info][gc,start       ] GC(33043) Pause Young (Allocation Failure)
[13685.365s][info][gc,heap        ] GC(33043) PSYoungGen: 88368K(88576K)->352K(84992K) Eden: 87040K(87040K)->0K(84480K) From: 1328K(1536K)->352K(512K)
[13685.365s][info][gc,heap        ] GC(33043) ParOldGen: 406626K(407040K)->406922K(407040K)
[13685.365s][info][gc,metaspace   ] GC(33043) Metaspace: 62228K(62528K)->62228K(62528K) NonClass: 56695K(56896K)->56695K(56896K) Class: 5533K(5632K)->5533K(5632K)
[13685.365s][info][gc             ] GC(33043) Pause Young (Allocation Failure) 483M->397M(480M) 3.426ms
[13685.365s][info][gc,cpu         ] GC(33043) User=0.01s Sys=0.00s Real=0.00s
[13685.763s][info][gc,start       ] GC(33044) Pause Young (Allocation Failure)
[13685.767s][info][gc,heap        ] GC(33044) PSYoungGen: 84832K(84992K)->352K(82432K) Eden: 84480K(84480K)->0K(81920K) From: 352K(512K)->352K(512K)
[13685.767s][info][gc,heap        ] GC(33044) ParOldGen: 406922K(407040K)->407162K(407552K)
[13685.767s][info][gc,metaspace   ] GC(33044) Metaspace: 62228K(62528K)->62228K(62528K) NonClass: 56695K(56896K)->56695K(56896K) Class: 5533K(5632K)->5533K(5632K)
[13685.767s][info][gc             ] GC(33044) Pause Young (Allocation Failure) 480M->397M(478M) 3.591ms
[13685.767s][info][gc,cpu         ] GC(33044) User=0.00s Sys=0.00s Real=0.00s
[13686.144s][info][gc,start       ] GC(33045) Pause Young (Allocation Failure)
[13686.148s][info][gc,heap        ] GC(33045) PSYoungGen: 82272K(82432K)->1472K(86528K) Eden: 81920K(81920K)->0K(83456K) From: 352K(512K)->1472K(3072K)
[13686.148s][info][gc,heap        ] GC(33045) ParOldGen: 407162K(407552K)->407410K(407552K)
[13686.148s][info][gc,metaspace   ] GC(33045) Metaspace: 62228K(62528K)->62228K(62528K) NonClass: 56695K(56896K)->56695K(56896K) Class: 5533K(5632K)->5533K(5632K)
[13686.148s][info][gc             ] GC(33045) Pause Young (Allocation Failure) 477M->399M(482M) 4.299ms
[13686.148s][info][gc,cpu         ] GC(33045) User=0.01s Sys=0.00s Real=0.00s
[13686.571s][info][gc,start       ] GC(33046) Pause Young (Allocation Failure)
[13686.575s][info][gc,heap        ] GC(33046) PSYoungGen: 84928K(86528K)->480K(82432K) Eden: 83456K(83456K)->0K(81920K) From: 1472K(3072K)->480K(512K)
[13686.575s][info][gc,heap        ] GC(33046) ParOldGen: 407410K(407552K)->407642K(408064K)
[13686.575s][info][gc,metaspace   ] GC(33046) Metaspace: 62228K(62528K)->62228K(62528K) NonClass: 56695K(56896K)->56695K(56896K) Class: 5533K(5632K)->5533K(5632K)
[13686.575s][info][gc             ] GC(33046) Pause Young (Allocation Failure) 480M->398M(479M) 3.636ms
[13686.575s][info][gc,cpu         ] GC(33046) User=0.00s Sys=0.00s Real=0.00s
[13686.999s][info][gc,start       ] GC(33047) Pause Young (Allocation Failure)
[13687.002s][info][gc,heap        ] GC(33047) PSYoungGen: 82400K(82432K)->672K(84480K) Eden: 81920K(81920K)->0K(81920K) From: 480K(512K)->672K(2560K)
[13687.002s][info][gc,heap        ] GC(33047) ParOldGen: 407642K(408064K)->407890K(408064K)
[13687.002s][info][gc,metaspace   ] GC(33047) Metaspace: 62228K(62528K)->62228K(62528K) NonClass: 56695K(56896K)->56695K(56896K) Class: 5533K(5632K)->5533K(5632K)
[13687.002s][info][gc             ] GC(33047) Pause Young (Allocation Failure) 478M->398M(481M) 3.507ms
[13687.002s][info][gc,cpu         ] GC(33047) User=0.00s Sys=0.00s Real=0.01s
[13687.398s][info][gc,start       ] GC(33048) Pause Young (Allocation Failure)
[13687.402s][info][gc,heap        ] GC(33048) PSYoungGen: 82592K(84480K)->2528K(83456K) Eden: 81920K(81920K)->0K(80896K) From: 672K(2560K)->2528K(2560K)
[13687.402s][info][gc,heap        ] GC(33048) ParOldGen: 407890K(408064K)->408386K(408576K)
[13687.402s][info][gc,metaspace   ] GC(33048) Metaspace: 62228K(62528K)->62228K(62528K) NonClass: 56695K(56896K)->56695K(56896K) Class: 5533K(5632K)->5533K(5632K)
[13687.402s][info][gc             ] GC(33048) Pause Young (Allocation Failure) 478M->401M(480M) 4.041ms
[13687.402s][info][gc,cpu         ] GC(33048) User=0.00s Sys=0.00s Real=0.01s
[13687.799s][info][gc,start       ] GC(33049) Pause Young (Allocation Failure)
[13687.804s][info][gc,heap        ] GC(33049) PSYoungGen: 83424K(83456K)->864K(83968K) Eden: 80896K(80896K)->0K(80896K) From: 2528K(2560K)->864K(3072K)
[13687.804s][info][gc,heap        ] GC(33049) ParOldGen: 408386K(408576K)->410650K(411648K)
[13687.804s][info][gc,metaspace   ] GC(33049) Metaspace: 62228K(62528K)->62228K(62528K) NonClass: 56695K(56896K)->56695K(56896K) Class: 5533K(5632K)->5533K(5632K)
[13687.804s][info][gc             ] GC(33049) Pause Young (Allocation Failure) 480M->401M(484M) 4.724ms
[13687.804s][info][gc,cpu         ] GC(33049) User=0.01s Sys=0.00s Real=0.01s
[13688.201s][info][gc,start       ] GC(33050) Pause Young (Allocation Failure)
[13688.204s][info][gc,heap        ] GC(33050) PSYoungGen: 81760K(83968K)->832K(83968K) Eden: 80896K(80896K)->0K(80896K) From: 864K(3072K)->832K(3072K)
[13688.204s][info][gc,heap        ] GC(33050) ParOldGen: 410650K(411648K)->410898K(411648K)
[13688.204s][info][gc,metaspace   ] GC(33050) Metaspace: 62228K(62528K)->62228K(62528K) NonClass: 56695K(56896K)->56695K(56896K) Class: 5533K(5632K)->5533K(5632K)
[13688.204s][info][gc             ] GC(33050) Pause Young (Allocation Failure) 480M->402M(484M) 3.697ms
[13688.204s][info][gc,cpu         ] GC(33050) User=0.00s Sys=0.00s Real=0.01s
[13688.584s][info][gc,start       ] GC(33051) Pause Young (Allocation Failure)
[13688.588s][info][gc,heap        ] GC(33051) PSYoungGen: 81728K(83968K)->640K(83968K) Eden: 80896K(80896K)->0K(80896K) From: 832K(3072K)->640K(3072K)
[13688.588s][info][gc,heap        ] GC(33051) ParOldGen: 410898K(411648K)->411138K(411648K)
[13688.588s][info][gc,metaspace   ] GC(33051) Metaspace: 62228K(62528K)->62228K(62528K) NonClass: 56695K(56896K)->56695K(56896K) Class: 5533K(5632K)->5533K(5632K)
[13688.588s][info][gc             ] GC(33051) Pause Young (Allocation Failure) 481M->402M(484M) 3.642ms
[13688.588s][info][gc,cpu         ] GC(33051) User=0.01s Sys=0.00s Real=0.00s
[13688.969s][info][gc,start       ] GC(33052) Pause Young (Allocation Failure)
[13688.972s][info][gc,heap        ] GC(33052) PSYoungGen: 81536K(83968K)->416K(83968K) Eden: 80896K(80896K)->0K(80896K) From: 640K(3072K)->416K(3072K)
[13688.972s][info][gc,heap        ] GC(33052) ParOldGen: 411138K(411648K)->411386K(411648K)
[13688.972s][info][gc,metaspace   ] GC(33052) Metaspace: 62228K(62528K)->62228K(62528K) NonClass: 56695K(56896K)->56695K(56896K) Class: 5533K(5632K)->5533K(5632K)
[13688.972s][info][gc             ] GC(33052) Pause Young (Allocation Failure) 481M->402M(484M) 3.266ms
[13688.972s][info][gc,cpu         ] GC(33052) User=0.00s Sys=0.00s Real=0.01s
[13689.352s][info][gc,start       ] GC(33053) Pause Young (Allocation Failure)
[13689.356s][info][gc,heap        ] GC(33053) PSYoungGen: 81312K(83968K)->1664K(83968K) Eden: 80896K(80896K)->0K(80896K) From: 416K(3072K)->1664K(3072K)
[13689.356s][info][gc,heap        ] GC(33053) ParOldGen: 411386K(411648K)->411626K(411648K)
[13689.356s][info][gc,metaspace   ] GC(33053) Metaspace: 62228K(62528K)->62228K(62528K) NonClass: 56695K(56896K)->56695K(56896K) Class: 5533K(5632K)->5533K(5632K)
[13689.356s][info][gc             ] GC(33053) Pause Young (Allocation Failure) 481M->403M(484M) 4.443ms
[13689.356s][info][gc,cpu         ] GC(33053) User=0.01s Sys=0.00s Real=0.00s
[13689.735s][info][gc,start       ] GC(33054) Pause Young (Allocation Failure)
[13689.739s][info][gc,heap        ] GC(33054) PSYoungGen: 82560K(83968K)->1376K(83968K) Eden: 80896K(80896K)->0K(80896K) From: 1664K(3072K)->1376K(3072K)
[13689.739s][info][gc,heap        ] GC(33054) ParOldGen: 411626K(411648K)->411866K(412160K)
[13689.739s][info][gc,metaspace   ] GC(33054) Metaspace: 62228K(62528K)->62228K(62528K) NonClass: 56695K(56896K)->56695K(56896K) Class: 5533K(5632K)->5533K(5632K)
[13689.739s][info][gc             ] GC(33054) Pause Young (Allocation Failure) 482M->403M(484M) 4.224ms
[13689.739s][info][gc,cpu         ] GC(33054) User=0.01s Sys=0.00s Real=0.00s
[13690.152s][info][gc,start       ] GC(33055) Pause Young (Allocation Failure)
[13690.156s][info][gc,heap        ] GC(33055) PSYoungGen: 82272K(83968K)->1504K(83968K) Eden: 80896K(80896K)->0K(80896K) From: 1376K(3072K)->1504K(3072K)
[13690.156s][info][gc,heap        ] GC(33055) ParOldGen: 411866K(412160K)->412106K(412160K)
[13690.156s][info][gc,metaspace   ] GC(33055) Metaspace: 62228K(62528K)->62228K(62528K) NonClass: 56695K(56896K)->56695K(56896K) Class: 5533K(5632K)->5533K(5632K)
[13690.156s][info][gc             ] GC(33055) Pause Young (Allocation Failure) 482M->403M(484M) 4.213ms
[13690.156s][info][gc,cpu         ] GC(33055) User=0.01s Sys=0.00s Real=0.00s
[13690.547s][info][gc,start       ] GC(33056) Pause Young (Allocation Failure)
[13690.551s][info][gc,heap        ] GC(33056) PSYoungGen: 82400K(83968K)->1472K(83968K) Eden: 80896K(80896K)->0K(80896K) From: 1504K(3072K)->1472K(3072K)
[13690.551s][info][gc,heap        ] GC(33056) ParOldGen: 412106K(412160K)->412338K(412672K)
[13690.551s][info][gc,metaspace   ] GC(33056) Metaspace: 62228K(62528K)->62228K(62528K) NonClass: 56695K(56896K)->56695K(56896K) Class: 5533K(5632K)->5533K(5632K)
[13690.551s][info][gc             ] GC(33056) Pause Young (Allocation Failure) 482M->404M(485M) 4.365ms
[13690.551s][info][gc,cpu         ] GC(33056) User=0.01s Sys=0.00s Real=0.01s
[13690.951s][info][gc,start       ] GC(33057) Pause Young (Allocation Failure)
[13690.955s][info][gc,heap        ] GC(33057) PSYoungGen: 82368K(83968K)->1600K(83968K) Eden: 80896K(80896K)->0K(80896K) From: 1472K(3072K)->1600K(3072K)
[13690.955s][info][gc,heap        ] GC(33057) ParOldGen: 412338K(412672K)->412562K(412672K)
[13690.955s][info][gc,metaspace   ] GC(33057) Metaspace: 62228K(62528K)->62228K(62528K) NonClass: 56695K(56896K)->56695K(56896K) Class: 5533K(5632K)->5533K(5632K)
[13690.955s][info][gc             ] GC(33057) Pause Young (Allocation Failure) 483M->404M(485M) 4.103ms
[13690.955s][info][gc,cpu         ] GC(33057) User=0.01s Sys=0.00s Real=0.00s
[13691.347s][info][gc,start       ] GC(33058) Pause Young (Allocation Failure)
[13691.351s][info][gc,heap        ] GC(33058) PSYoungGen: 82496K(83968K)->1440K(100352K) Eden: 80896K(80896K)->0K(97280K) From: 1600K(3072K)->1440K(3072K)
[13691.351s][info][gc,heap        ] GC(33058) ParOldGen: 412562K(412672K)->412778K(413184K)
[13691.351s][info][gc,metaspace   ] GC(33058) Metaspace: 62228K(62528K)->62228K(62528K) NonClass: 56695K(56896K)->56695K(56896K) Class: 5533K(5632K)->5533K(5632K)
[13691.351s][info][gc             ] GC(33058) Pause Young (Allocation Failure) 483M->404M(501M) 4.865ms
[13691.352s][info][gc,cpu         ] GC(33058) User=0.01s Sys=0.00s Real=0.01s
[13691.853s][info][gc,start       ] GC(33059) Pause Young (Allocation Failure)
[13691.858s][info][gc,heap        ] GC(33059) PSYoungGen: 98720K(100352K)->1376K(100352K) Eden: 97280K(97280K)->0K(97280K) From: 1440K(3072K)->1376K(3072K)
[13691.858s][info][gc,heap        ] GC(33059) ParOldGen: 412778K(413184K)->412986K(413184K)
[13691.858s][info][gc,metaspace   ] GC(33059) Metaspace: 62228K(62528K)->62228K(62528K) NonClass: 56695K(56896K)->56695K(56896K) Class: 5533K(5632K)->5533K(5632K)
[13691.858s][info][gc             ] GC(33059) Pause Young (Allocation Failure) 499M->404M(501M) 5.104ms
[13691.858s][info][gc,cpu         ] GC(33059) User=0.01s Sys=0.00s Real=0.00s
[13692.355s][info][gc,start       ] GC(33060) Pause Young (Allocation Failure)
[13692.360s][info][gc,heap        ] GC(33060) PSYoungGen: 98656K(100352K)->1600K(119296K) Eden: 97280K(97280K)->0K(116736K) From: 1376K(3072K)->1600K(2560K)
[13692.360s][info][gc,heap        ] GC(33060) ParOldGen: 412986K(413184K)->413210K(413696K)
[13692.360s][info][gc,metaspace   ] GC(33060) Metaspace: 62228K(62528K)->62228K(62528K) NonClass: 56695K(56896K)->56695K(56896K) Class: 5533K(5632K)->5533K(5632K)
[13692.360s][info][gc             ] GC(33060) Pause Young (Allocation Failure) 499M->405M(520M) 5.205ms
[13692.360s][info][gc,cpu         ] GC(33060) User=0.01s Sys=0.00s Real=0.00s
[13692.926s][info][gc,start       ] GC(33061) Pause Young (Allocation Failure)
[13692.932s][info][gc,heap        ] GC(33061) PSYoungGen: 118336K(119296K)->2528K(119296K) Eden: 116736K(116736K)->0K(116736K) From: 1600K(2560K)->2528K(2560K)
[13692.932s][info][gc,heap        ] GC(33061) ParOldGen: 413210K(413696K)->414034K(414208K)
[13692.932s][info][gc,metaspace   ] GC(33061) Metaspace: 62228K(62528K)->62228K(62528K) NonClass: 56695K(56896K)->56695K(56896K) Class: 5533K(5632K)->5533K(5632K)
[13692.932s][info][gc             ] GC(33061) Pause Young (Allocation Failure) 519M->406M(521M) 5.972ms
[13692.932s][info][gc,cpu         ] GC(33061) User=0.01s Sys=0.00s Real=0.01s
[13693.506s][info][gc,start       ] GC(33062) Pause Young (Allocation Failure)
[13693.511s][info][gc,heap        ] GC(33062) PSYoungGen: 119264K(119296K)->1088K(142848K) Eden: 116735K(116736K)->0K(140288K) From: 2528K(2560K)->1088K(2560K)
[13693.511s][info][gc,heap        ] GC(33062) ParOldGen: 414034K(414208K)->416274K(417280K)
[13693.511s][info][gc,metaspace   ] GC(33062) Metaspace: 62228K(62528K)->62228K(62528K) NonClass: 56695K(56896K)->56695K(56896K) Class: 5533K(5632K)->5533K(5632K)
[13693.511s][info][gc             ] GC(33062) Pause Young (Allocation Failure) 520M->407M(547M) 5.694ms
[13693.511s][info][gc,cpu         ] GC(33062) User=0.00s Sys=0.00s Real=0.01s
[13694.290s][info][gc,start       ] GC(33063) Pause Young (Allocation Failure)
[13694.295s][info][gc,heap        ] GC(33063) PSYoungGen: 141376K(142848K)->848K(136704K) Eden: 140288K(140288K)->0K(135680K) From: 1088K(2560K)->848K(1024K)
[13694.295s][info][gc,heap        ] GC(33063) ParOldGen: 416274K(417280K)->416474K(417280K)
[13694.295s][info][gc,metaspace   ] GC(33063) Metaspace: 62228K(62528K)->62228K(62528K) NonClass: 56695K(56896K)->56695K(56896K) Class: 5533K(5632K)->5533K(5632K)
[13694.295s][info][gc             ] GC(33063) Pause Young (Allocation Failure) 544M->407M(541M) 4.449ms
[13694.295s][info][gc,cpu         ] GC(33063) User=0.01s Sys=0.00s Real=0.01s
[13694.992s][info][gc,start       ] GC(33064) Pause Young (Allocation Failure)
[13694.997s][info][gc,heap        ] GC(33064) PSYoungGen: 136528K(136704K)->896K(132096K) Eden: 135680K(135680K)->0K(131072K) From: 848K(1024K)->896K(1024K)
[13694.997s][info][gc,heap        ] GC(33064) ParOldGen: 416474K(417280K)->416770K(417280K)
[13694.997s][info][gc,metaspace   ] GC(33064) Metaspace: 62228K(62528K)->62228K(62528K) NonClass: 56695K(56896K)->56695K(56896K) Class: 5533K(5632K)->5533K(5632K)
[13694.997s][info][gc             ] GC(33064) Pause Young (Allocation Failure) 540M->407M(536M) 4.637ms
[13694.997s][info][gc,cpu         ] GC(33064) User=0.01s Sys=0.00s Real=0.00s
[13695.617s][info][gc,start       ] GC(33065) Pause Young (Allocation Failure)
[13695.622s][info][gc,heap        ] GC(33065) PSYoungGen: 131968K(132096K)->1248K(128000K) Eden: 131072K(131072K)->0K(126464K) From: 896K(1024K)->1248K(1536K)
[13695.622s][info][gc,heap        ] GC(33065) ParOldGen: 416770K(417280K)->417010K(417280K)
[13695.622s][info][gc,metaspace   ] GC(33065) Metaspace: 62228K(62528K)->62228K(62528K) NonClass: 56695K(56896K)->56695K(56896K) Class: 5533K(5632K)->5533K(5632K)
[13695.622s][info][gc             ] GC(33065) Pause Young (Allocation Failure) 535M->408M(532M) 4.427ms
[13695.622s][info][gc,cpu         ] GC(33065) User=0.01s Sys=0.00s Real=0.01s
[13696.201s][info][gc,start       ] GC(33066) Pause Young (Allocation Failure)
[13696.206s][info][gc,heap        ] GC(33066) PSYoungGen: 127712K(128000K)->1024K(123392K) Eden: 126464K(126464K)->0K(122368K) From: 1248K(1536K)->1024K(1024K)
[13696.206s][info][gc,heap        ] GC(33066) ParOldGen: 417010K(417280K)->417242K(417280K)
[13696.206s][info][gc,metaspace   ] GC(33066) Metaspace: 62228K(62528K)->62228K(62528K) NonClass: 56695K(56896K)->56695K(56896K) Class: 5533K(5632K)->5533K(5632K)
[13696.206s][info][gc             ] GC(33066) Pause Young (Allocation Failure) 531M->408M(528M) 4.630ms
[13696.206s][info][gc,cpu         ] GC(33066) User=0.01s Sys=0.01s Real=0.00s
[13696.801s][info][gc,start       ] GC(33067) Pause Young (Allocation Failure)
[13696.805s][info][gc,heap        ] GC(33067) PSYoungGen: 123392K(123392K)->960K(119296K) Eden: 122368K(122368K)->0K(118272K) From: 1024K(1024K)->960K(1024K)
[13696.805s][info][gc,heap        ] GC(33067) ParOldGen: 417242K(417280K)->417466K(417792K)
[13696.805s][info][gc,metaspace   ] GC(33067) Metaspace: 62228K(62528K)->62228K(62528K) NonClass: 56695K(56896K)->56695K(56896K) Class: 5533K(5632K)->5533K(5632K)
[13696.805s][info][gc             ] GC(33067) Pause Young (Allocation Failure) 527M->408M(524M) 4.225ms
[13696.805s][info][gc,cpu         ] GC(33067) User=0.00s Sys=0.00s Real=0.01s
[13697.381s][info][gc,start       ] GC(33068) Pause Young (Allocation Failure)
[13697.385s][info][gc,heap        ] GC(33068) PSYoungGen: 119232K(119296K)->736K(115712K) Eden: 118272K(118272K)->0K(114688K) From: 960K(1024K)->736K(1024K)
[13697.385s][info][gc,heap        ] GC(33068) ParOldGen: 417466K(417792K)->417706K(417792K)
[13697.385s][info][gc,metaspace   ] GC(33068) Metaspace: 62228K(62528K)->62228K(62528K) NonClass: 56695K(56896K)->56695K(56896K) Class: 5533K(5632K)->5533K(5632K)
[13697.385s][info][gc             ] GC(33068) Pause Young (Allocation Failure) 524M->408M(521M) 4.017ms
[13697.385s][info][gc,cpu         ] GC(33068) User=0.00s Sys=0.00s Real=0.01s
[13697.905s][info][gc,start       ] GC(33069) Pause Young (Allocation Failure)
[13697.909s][info][gc,heap        ] GC(33069) PSYoungGen: 115424K(115712K)->1056K(114176K) Eden: 114688K(114688K)->0K(111104K) From: 736K(1024K)->1056K(3072K)
[13697.909s][info][gc,heap        ] GC(33069) ParOldGen: 417706K(417792K)->417938K(418304K)
[13697.909s][info][gc,metaspace   ] GC(33069) Metaspace: 62228K(62528K)->62228K(62528K) NonClass: 56695K(56896K)->56695K(56896K) Class: 5533K(5632K)->5533K(5632K)
[13697.909s][info][gc             ] GC(33069) Pause Young (Allocation Failure) 520M->409M(520M) 4.131ms
[13697.909s][info][gc,cpu         ] GC(33069) User=0.01s Sys=0.00s Real=0.00s
[13698.415s][info][gc,start       ] GC(33070) Pause Young (Allocation Failure)
[13698.419s][info][gc,heap        ] GC(33070) PSYoungGen: 112160K(114176K)->1248K(109056K) Eden: 111104K(111104K)->0K(107520K) From: 1056K(3072K)->1248K(1536K)
[13698.419s][info][gc,heap        ] GC(33070) ParOldGen: 417938K(418304K)->418170K(418304K)
[13698.419s][info][gc,metaspace   ] GC(33070) Metaspace: 62228K(62528K)->62228K(62528K) NonClass: 56695K(56896K)->56695K(56896K) Class: 5533K(5632K)->5533K(5632K)
[13698.419s][info][gc             ] GC(33070) Pause Young (Allocation Failure) 517M->409M(515M) 4.242ms
[13698.419s][info][gc,cpu         ] GC(33070) User=0.01s Sys=0.00s Real=0.00s
[13698.901s][info][gc,start       ] GC(33071) Pause Young (Allocation Failure)
[13698.906s][info][gc,heap        ] GC(33071) PSYoungGen: 108768K(109056K)->2528K(106496K) Eden: 107520K(107520K)->0K(103936K) From: 1248K(1536K)->2528K(2560K)
[13698.906s][info][gc,heap        ] GC(33071) ParOldGen: 418170K(418304K)->419866K(420352K)
[13698.906s][info][gc,metaspace   ] GC(33071) Metaspace: 62228K(62528K)->62228K(62528K) NonClass: 56695K(56896K)->56695K(56896K) Class: 5533K(5632K)->5533K(5632K)
[13698.906s][info][gc             ] GC(33071) Pause Young (Allocation Failure) 514M->412M(514M) 5.045ms
[13698.906s][info][gc,cpu         ] GC(33071) User=0.01s Sys=0.00s Real=0.00s
[13699.393s][info][gc,start       ] GC(33072) Pause Young (Allocation Failure)
[13699.397s][info][gc,heap        ] GC(33072) PSYoungGen: 106464K(106496K)->800K(101888K) Eden: 103936K(103936K)->0K(100864K) From: 2528K(2560K)->800K(1024K)
[13699.398s][info][gc,heap        ] GC(33072) ParOldGen: 419866K(420352K)->422082K(423424K)
[13699.398s][info][gc,metaspace   ] GC(33072) Metaspace: 62228K(62528K)->62228K(62528K) NonClass: 56695K(56896K)->56695K(56896K) Class: 5533K(5632K)->5533K(5632K)
[13699.398s][info][gc             ] GC(33072) Pause Young (Allocation Failure) 513M->412M(513M) 4.722ms
[13699.398s][info][gc,cpu         ] GC(33072) User=0.01s Sys=0.00s Real=0.00s
[13699.854s][info][gc,start       ] GC(33073) Pause Young (Allocation Failure)
[13699.858s][info][gc,heap        ] GC(33073) PSYoungGen: 101664K(101888K)->1728K(99840K) Eden: 100864K(100864K)->0K(97792K) From: 800K(1024K)->1728K(2048K)
[13699.858s][info][gc,heap        ] GC(33073) ParOldGen: 422082K(423424K)->422298K(423424K)
[13699.858s][info][gc,metaspace   ] GC(33073) Metaspace: 62228K(62528K)->62228K(62528K) NonClass: 56695K(56896K)->56695K(56896K) Class: 5533K(5632K)->5533K(5632K)
[13699.858s][info][gc             ] GC(33073) Pause Young (Allocation Failure) 511M->414M(511M) 4.739ms
[13699.858s][info][gc,cpu         ] GC(33073) User=0.01s Sys=0.00s Real=0.00s
[13700.342s][info][gc,start       ] GC(33074) Pause Young (Allocation Failure)
[13700.346s][info][gc,heap        ] GC(33074) PSYoungGen: 99520K(99840K)->1536K(96256K) Eden: 97792K(97792K)->0K(94720K) From: 1728K(2048K)->1536K(1536K)
[13700.346s][info][gc,heap        ] GC(33074) ParOldGen: 422298K(423424K)->422530K(423424K)
[13700.346s][info][gc,metaspace   ] GC(33074) Metaspace: 62228K(62528K)->62228K(62528K) NonClass: 56695K(56896K)->56695K(56896K) Class: 5533K(5632K)->5533K(5632K)
[13700.346s][info][gc             ] GC(33074) Pause Young (Allocation Failure) 509M->414M(507M) 4.494ms
[13700.346s][info][gc,cpu         ] GC(33074) User=0.01s Sys=0.00s Real=0.00s
[13700.782s][info][gc,start       ] GC(33075) Pause Young (Allocation Failure)
[13700.786s][info][gc,heap        ] GC(33075) PSYoungGen: 96256K(96256K)->672K(93184K) Eden: 94720K(94720K)->0K(92160K) From: 1536K(1536K)->672K(1024K)
[13700.786s][info][gc,heap        ] GC(33075) ParOldGen: 422530K(423424K)->422754K(423424K)
[13700.786s][info][gc,metaspace   ] GC(33075) Metaspace: 62228K(62528K)->62228K(62528K) NonClass: 56695K(56896K)->56695K(56896K) Class: 5533K(5632K)->5533K(5632K)
[13700.786s][info][gc             ] GC(33075) Pause Young (Allocation Failure) 506M->413M(504M) 3.673ms
[13700.786s][info][gc,cpu         ] GC(33075) User=0.01s Sys=0.00s Real=0.00s
[13701.249s][info][gc,start       ] GC(33076) Pause Young (Allocation Failure)
[13701.253s][info][gc,heap        ] GC(33076) PSYoungGen: 92832K(93184K)->1504K(91136K) Eden: 92160K(92160K)->0K(89600K) From: 672K(1024K)->1504K(1536K)
[13701.253s][info][gc,heap        ] GC(33076) ParOldGen: 422754K(423424K)->422978K(423424K)
[13701.253s][info][gc,metaspace   ] GC(33076) Metaspace: 62228K(62528K)->62228K(62528K) NonClass: 56695K(56896K)->56695K(56896K) Class: 5533K(5632K)->5533K(5632K)
[13701.253s][info][gc             ] GC(33076) Pause Young (Allocation Failure) 503M->414M(502M) 4.411ms
[13701.253s][info][gc,cpu         ] GC(33076) User=0.01s Sys=0.00s Real=0.01s
[13701.699s][info][gc,start       ] GC(33077) Pause Young (Allocation Failure)
[13701.702s][info][gc,heap        ] GC(33077) PSYoungGen: 91104K(91136K)->800K(88064K) Eden: 89600K(89600K)->0K(87040K) From: 1504K(1536K)->800K(1024K)
[13701.702s][info][gc,heap        ] GC(33077) ParOldGen: 422978K(423424K)->423202K(423424K)
[13701.702s][info][gc,metaspace   ] GC(33077) Metaspace: 62228K(62528K)->62228K(62528K) NonClass: 56695K(56896K)->56695K(56896K) Class: 5533K(5632K)->5533K(5632K)
[13701.702s][info][gc             ] GC(33077) Pause Young (Allocation Failure) 502M->414M(499M) 3.679ms
[13701.702s][info][gc,cpu         ] GC(33077) User=0.01s Sys=0.00s Real=0.01s
[13702.134s][info][gc,start       ] GC(33078) Pause Young (Allocation Failure)
[13702.138s][info][gc,heap        ] GC(33078) PSYoungGen: 87840K(88064K)->1312K(86016K) Eden: 87040K(87040K)->0K(84480K) From: 800K(1024K)->1312K(1536K)
[13702.138s][info][gc,heap        ] GC(33078) ParOldGen: 423202K(423424K)->423418K(423424K)
[13702.138s][info][gc,metaspace   ] GC(33078) Metaspace: 62228K(62528K)->62228K(62528K) NonClass: 56695K(56896K)->56695K(56896K) Class: 5533K(5632K)->5533K(5632K)
[13702.138s][info][gc             ] GC(33078) Pause Young (Allocation Failure) 499M->414M(497M) 4.170ms
[13702.138s][info][gc,cpu         ] GC(33078) User=0.01s Sys=0.00s Real=0.00s
[13702.605s][info][gc,start       ] GC(33079) Pause Young (Allocation Failure)
[13702.609s][info][gc,heap        ] GC(33079) PSYoungGen: 85792K(86016K)->1056K(83456K) Eden: 84480K(84480K)->0K(81920K) From: 1312K(1536K)->1056K(1536K)
[13702.609s][info][gc,heap        ] GC(33079) ParOldGen: 423418K(423424K)->423642K(423936K)
[13702.609s][info][gc,metaspace   ] GC(33079) Metaspace: 62228K(62528K)->62228K(62528K) NonClass: 56695K(56896K)->56695K(56896K) Class: 5533K(5632K)->5533K(5632K)
[13702.609s][info][gc             ] GC(33079) Pause Young (Allocation Failure) 497M->414M(495M) 3.838ms
[13702.609s][info][gc,cpu         ] GC(33079) User=0.01s Sys=0.00s Real=0.00s
[13703.032s][info][gc,start       ] GC(33080) Pause Young (Allocation Failure)
[13703.036s][info][gc,heap        ] GC(33080) PSYoungGen: 82976K(83456K)->1184K(120320K) Eden: 81920K(81920K)->0K(118784K) From: 1056K(1536K)->1184K(1536K)
[13703.036s][info][gc,heap        ] GC(33080) ParOldGen: 423642K(423936K)->424002K(424448K)
[13703.036s][info][gc,metaspace   ] GC(33080) Metaspace: 62228K(62528K)->62228K(62528K) NonClass: 56695K(56896K)->56695K(56896K) Class: 5533K(5632K)->5533K(5632K)
[13703.036s][info][gc             ] GC(33080) Pause Young (Allocation Failure) 494M->415M(532M) 4.166ms
[13703.036s][info][gc,cpu         ] GC(33080) User=0.01s Sys=0.00s Real=0.00s
[13703.631s][info][gc,start       ] GC(33081) Pause Young (Allocation Failure)
[13703.635s][info][gc,heap        ] GC(33081) PSYoungGen: 119968K(120320K)->1408K(116224K) Eden: 118784K(118784K)->0K(114688K) From: 1184K(1536K)->1408K(1536K)
[13703.635s][info][gc,heap        ] GC(33081) ParOldGen: 424002K(424448K)->424178K(424448K)
[13703.635s][info][gc,metaspace   ] GC(33081) Metaspace: 62228K(62528K)->62228K(62528K) NonClass: 56695K(56896K)->56695K(56896K) Class: 5533K(5632K)->5533K(5632K)
[13703.635s][info][gc             ] GC(33081) Pause Young (Allocation Failure) 531M->415M(528M) 4.353ms
[13703.635s][info][gc,cpu         ] GC(33081) User=0.01s Sys=0.00s Real=0.01s
[13704.116s][info][gc,start       ] GC(33082) Pause Young (Allocation Failure)
[13704.121s][info][gc,heap        ] GC(33082) PSYoungGen: 116096K(116224K)->1344K(112640K) Eden: 114688K(114688K)->0K(111104K) From: 1408K(1536K)->1344K(1536K)
[13704.121s][info][gc,heap        ] GC(33082) ParOldGen: 424178K(424448K)->424394K(424448K)
[13704.121s][info][gc,metaspace   ] GC(33082) Metaspace: 62228K(62528K)->62228K(62528K) NonClass: 56695K(56896K)->56695K(56896K) Class: 5533K(5632K)->5533K(5632K)
[13704.121s][info][gc             ] GC(33082) Pause Young (Allocation Failure) 527M->415M(524M) 4.492ms
[13704.121s][info][gc,cpu         ] GC(33082) User=0.01s Sys=0.00s Real=0.00s
[13704.610s][info][gc,start       ] GC(33083) Pause Young (Allocation Failure)
[13704.614s][info][gc,heap        ] GC(33083) PSYoungGen: 112448K(112640K)->1120K(109056K) Eden: 111104K(111104K)->0K(107520K) From: 1344K(1536K)->1120K(1536K)
[13704.614s][info][gc,heap        ] GC(33083) ParOldGen: 424394K(424448K)->424634K(424960K)
[13704.614s][info][gc,metaspace   ] GC(33083) Metaspace: 62228K(62528K)->62228K(62528K) NonClass: 56695K(56896K)->56695K(56896K) Class: 5533K(5632K)->5533K(5632K)
[13704.614s][info][gc             ] GC(33083) Pause Young (Allocation Failure) 524M->415M(521M) 4.265ms
[13704.614s][info][gc,cpu         ] GC(33083) User=0.01s Sys=0.00s Real=0.01s
[13705.170s][info][gc,start       ] GC(33084) Pause Young (Allocation Failure)
[13705.174s][info][gc,heap        ] GC(33084) PSYoungGen: 108640K(109056K)->480K(104448K) Eden: 107520K(107520K)->0K(103936K) From: 1120K(1536K)->480K(512K)
[13705.174s][info][gc,heap        ] GC(33084) ParOldGen: 424634K(424960K)->424850K(424960K)
[13705.174s][info][gc,metaspace   ] GC(33084) Metaspace: 62228K(62528K)->62228K(62528K) NonClass: 56695K(56896K)->56695K(56896K) Class: 5533K(5632K)->5533K(5632K)
[13705.174s][info][gc             ] GC(33084) Pause Young (Allocation Failure) 520M->415M(517M) 3.720ms
[13705.174s][info][gc,cpu         ] GC(33084) User=0.01s Sys=0.00s Real=0.01s
[13705.693s][info][gc,start       ] GC(33085) Pause Young (Allocation Failure)
[13705.697s][info][gc,heap        ] GC(33085) PSYoungGen: 104416K(104448K)->768K(103424K) Eden: 103936K(103936K)->0K(100864K) From: 480K(512K)->768K(2560K)
[13705.697s][info][gc,heap        ] GC(33085) ParOldGen: 424850K(424960K)->425074K(425472K)
[13705.697s][info][gc,metaspace   ] GC(33085) Metaspace: 62228K(62528K)->62228K(62528K) NonClass: 56695K(56896K)->56695K(56896K) Class: 5533K(5632K)->5533K(5632K)
[13705.697s][info][gc             ] GC(33085) Pause Young (Allocation Failure) 516M->415M(516M) 3.980ms
[13705.697s][info][gc,cpu         ] GC(33085) User=0.00s Sys=0.00s Real=0.00s
[13706.217s][info][gc,start       ] GC(33086) Pause Young (Allocation Failure)
[13706.221s][info][gc,heap        ] GC(33086) PSYoungGen: 101632K(103424K)->1088K(99328K) Eden: 100864K(100864K)->0K(97792K) From: 768K(2560K)->1088K(1536K)
[13706.221s][info][gc,heap        ] GC(33086) ParOldGen: 425074K(425472K)->425290K(425472K)
[13706.221s][info][gc,metaspace   ] GC(33086) Metaspace: 62228K(62528K)->62228K(62528K) NonClass: 56695K(56896K)->56695K(56896K) Class: 5533K(5632K)->5533K(5632K)
[13706.221s][info][gc             ] GC(33086) Pause Young (Allocation Failure) 514M->416M(512M) 4.100ms
[13706.221s][info][gc,cpu         ] GC(33086) User=0.01s Sys=0.00s Real=0.01s
[13706.720s][info][gc,start       ] GC(33087) Pause Young (Allocation Failure)
[13706.724s][info][gc,heap        ] GC(33087) PSYoungGen: 98880K(99328K)->1120K(96256K) Eden: 97792K(97792K)->0K(94720K) From: 1088K(1536K)->1120K(1536K)
[13706.724s][info][gc,heap        ] GC(33087) ParOldGen: 425290K(425472K)->425506K(425984K)
[13706.724s][info][gc,metaspace   ] GC(33087) Metaspace: 62228K(62528K)->62228K(62528K) NonClass: 56695K(56896K)->56695K(56896K) Class: 5533K(5632K)->5533K(5632K)
[13706.724s][info][gc             ] GC(33087) Pause Young (Allocation Failure) 511M->416M(510M) 4.126ms
[13706.724s][info][gc,cpu         ] GC(33087) User=0.01s Sys=0.01s Real=0.01s
[13707.192s][info][gc,start       ] GC(33088) Pause Young (Allocation Failure)
[13707.196s][info][gc,heap        ] GC(33088) PSYoungGen: 95840K(96256K)->736K(93184K) Eden: 94720K(94720K)->0K(92160K) From: 1120K(1536K)->736K(1024K)
[13707.196s][info][gc,heap        ] GC(33088) ParOldGen: 425506K(425984K)->425722K(425984K)
[13707.196s][info][gc,metaspace   ] GC(33088) Metaspace: 62228K(62528K)->62228K(62528K) NonClass: 56695K(56896K)->56695K(56896K) Class: 5533K(5632K)->5533K(5632K)
[13707.196s][info][gc             ] GC(33088) Pause Young (Allocation Failure) 509M->416M(507M) 4.079ms
[13707.196s][info][gc,cpu         ] GC(33088) User=0.01s Sys=0.01s Real=0.00s
[13707.620s][info][gc,start       ] GC(33089) Pause Young (Allocation Failure)
[13707.624s][info][gc,heap        ] GC(33089) PSYoungGen: 92896K(93184K)->1184K(92160K) Eden: 92160K(92160K)->0K(89600K) From: 736K(1024K)->1184K(2560K)
[13707.624s][info][gc,heap        ] GC(33089) ParOldGen: 425722K(425984K)->425946K(425984K)
[13707.624s][info][gc,metaspace   ] GC(33089) Metaspace: 62228K(62528K)->62228K(62528K) NonClass: 56695K(56896K)->56695K(56896K) Class: 5533K(5632K)->5533K(5632K)
[13707.624s][info][gc             ] GC(33089) Pause Young (Allocation Failure) 506M->417M(506M) 4.027ms
[13707.624s][info][gc,cpu         ] GC(33089) User=0.01s Sys=0.00s Real=0.01s
[13708.079s][info][gc,start       ] GC(33090) Pause Young (Allocation Failure)
[13708.083s][info][gc,heap        ] GC(33090) PSYoungGen: 90784K(92160K)->576K(88064K) Eden: 89600K(89600K)->0K(87040K) From: 1184K(2560K)->576K(1024K)
[13708.083s][info][gc,heap        ] GC(33090) ParOldGen: 425946K(425984K)->426162K(426496K)
[13708.083s][info][gc,metaspace   ] GC(33090) Metaspace: 62228K(62528K)->62228K(62528K) NonClass: 56695K(56896K)->56695K(56896K) Class: 5533K(5632K)->5533K(5632K)
[13708.083s][info][gc             ] GC(33090) Pause Young (Allocation Failure) 504M->416M(502M) 3.576ms
[13708.083s][info][gc,cpu         ] GC(33090) User=0.01s Sys=0.00s Real=0.01s
[13708.496s][info][gc,start       ] GC(33091) Pause Young (Allocation Failure)
[13708.500s][info][gc,heap        ] GC(33091) PSYoungGen: 87616K(88064K)->800K(85504K) Eden: 87040K(87040K)->0K(84480K) From: 576K(1024K)->800K(1024K)
[13708.500s][info][gc,heap        ] GC(33091) ParOldGen: 426162K(426496K)->426378K(426496K)
[13708.500s][info][gc,metaspace   ] GC(33091) Metaspace: 62228K(62528K)->62228K(62528K) NonClass: 56695K(56896K)->56695K(56896K) Class: 5533K(5632K)->5533K(5632K)
[13708.500s][info][gc             ] GC(33091) Pause Young (Allocation Failure) 501M->417M(500M) 3.684ms
[13708.500s][info][gc,cpu         ] GC(33091) User=0.00s Sys=0.00s Real=0.00s
[13708.924s][info][gc,start       ] GC(33092) Pause Young (Allocation Failure)
[13708.927s][info][gc,heap        ] GC(33092) PSYoungGen: 85280K(85504K)->1120K(110080K) Eden: 84480K(84480K)->0K(108544K) From: 800K(1024K)->1120K(1536K)
[13708.927s][info][gc,heap        ] GC(33092) ParOldGen: 426378K(426496K)->426586K(427008K)
[13708.927s][info][gc,metaspace   ] GC(33092) Metaspace: 62228K(62528K)->62228K(62528K) NonClass: 56695K(56896K)->56695K(56896K) Class: 5533K(5632K)->5533K(5632K)
[13708.927s][info][gc             ] GC(33092) Pause Young (Allocation Failure) 499M->417M(524M) 3.862ms
[13708.927s][info][gc,cpu         ] GC(33092) User=0.01s Sys=0.00s Real=0.00s
[13709.498s][info][gc,start       ] GC(33093) Pause Young (Allocation Failure)
[13709.502s][info][gc,heap        ] GC(33093) PSYoungGen: 109664K(110080K)->832K(105984K) Eden: 108544K(108544K)->0K(104960K) From: 1120K(1536K)->832K(1024K)
[13709.502s][info][gc,heap        ] GC(33093) ParOldGen: 426586K(427008K)->426754K(427008K)
[13709.502s][info][gc,metaspace   ] GC(33093) Metaspace: 62228K(62528K)->62228K(62528K) NonClass: 56695K(56896K)->56695K(56896K) Class: 5533K(5632K)->5533K(5632K)
[13709.502s][info][gc             ] GC(33093) Pause Young (Allocation Failure) 523M->417M(520M) 3.873ms
[13709.502s][info][gc,cpu         ] GC(33093) User=0.01s Sys=0.00s Real=0.01s
[13710.047s][info][gc,start       ] GC(33094) Pause Young (Allocation Failure)
[13710.052s][info][gc,heap        ] GC(33094) PSYoungGen: 105792K(105984K)->2016K(103936K) Eden: 104960K(104960K)->0K(101888K) From: 832K(1024K)->2016K(2048K)
[13710.052s][info][gc,heap        ] GC(33094) ParOldGen: 426754K(427008K)->428418K(428544K)
[13710.052s][info][gc,metaspace   ] GC(33094) Metaspace: 62228K(62528K)->62228K(62528K) NonClass: 56695K(56896K)->56695K(56896K) Class: 5533K(5632K)->5533K(5632K)
[13710.052s][info][gc             ] GC(33094) Pause Young (Allocation Failure) 520M->420M(520M) 5.458ms
[13710.052s][info][gc,cpu         ] GC(33094) User=0.01s Sys=0.00s Real=0.01s
[13710.586s][info][gc,start       ] GC(33095) Pause Young (Allocation Failure)
[13710.591s][info][gc,heap        ] GC(33095) PSYoungGen: 103904K(103936K)->704K(99840K) Eden: 101888K(101888K)->0K(98816K) From: 2016K(2048K)->704K(1024K)
[13710.591s][info][gc,heap        ] GC(33095) ParOldGen: 428418K(428544K)->430626K(431616K)
[13710.591s][info][gc,metaspace   ] GC(33095) Metaspace: 62228K(62528K)->62228K(62528K) NonClass: 56695K(56896K)->56695K(56896K) Class: 5533K(5632K)->5533K(5632K)
[13710.591s][info][gc             ] GC(33095) Pause Young (Allocation Failure) 519M->421M(519M) 4.720ms
[13710.591s][info][gc,cpu         ] GC(33095) User=0.01s Sys=0.00s Real=0.01s
[13711.094s][info][gc,start       ] GC(33096) Pause Young (Allocation Failure)
[13711.098s][info][gc,heap        ] GC(33096) PSYoungGen: 99520K(99840K)->768K(96768K) Eden: 98816K(98816K)->0K(95744K) From: 704K(1024K)->768K(1024K)
[13711.098s][info][gc,heap        ] GC(33096) ParOldGen: 430626K(431616K)->430842K(431616K)
[13711.098s][info][gc,metaspace   ] GC(33096) Metaspace: 62228K(62528K)->62228K(62528K) NonClass: 56695K(56896K)->56695K(56896K) Class: 5533K(5632K)->5533K(5632K)
[13711.098s][info][gc             ] GC(33096) Pause Young (Allocation Failure) 517M->421M(516M) 3.942ms
[13711.098s][info][gc,cpu         ] GC(33096) User=0.01s Sys=0.00s Real=0.00s
[13711.652s][info][gc,start       ] GC(33097) Pause Young (Allocation Failure)
[13711.657s][info][gc,heap        ] GC(33097) PSYoungGen: 96511K(96768K)->1344K(95744K) Eden: 95743K(95744K)->0K(92672K) From: 768K(1024K)->1344K(3072K)
[13711.657s][info][gc,heap        ] GC(33097) ParOldGen: 430842K(431616K)->431050K(431616K)
[13711.657s][info][gc,metaspace   ] GC(33097) Metaspace: 62228K(62528K)->62228K(62528K) NonClass: 56695K(56896K)->56695K(56896K) Class: 5533K(5632K)->5533K(5632K)
[13711.657s][info][gc             ] GC(33097) Pause Young (Allocation Failure) 514M->422M(515M) 4.359ms
[13711.657s][info][gc,cpu         ] GC(33097) User=0.01s Sys=0.00s Real=0.00s
[13712.133s][info][gc,start       ] GC(33098) Pause Young (Allocation Failure)
[13712.137s][info][gc,heap        ] GC(33098) PSYoungGen: 94016K(95744K)->1312K(91648K) Eden: 92672K(92672K)->0K(90112K) From: 1344K(3072K)->1312K(1536K)
[13712.137s][info][gc,heap        ] GC(33098) ParOldGen: 431050K(431616K)->431386K(431616K)
[13712.137s][info][gc,metaspace   ] GC(33098) Metaspace: 62228K(62528K)->62228K(62528K) NonClass: 56695K(56896K)->56695K(56896K) Class: 5533K(5632K)->5533K(5632K)
[13712.137s][info][gc             ] GC(33098) Pause Young (Allocation Failure) 512M->422M(511M) 4.341ms
[13712.137s][info][gc,cpu         ] GC(33098) User=0.00s Sys=0.00s Real=0.00s
[13712.555s][info][gc,start       ] GC(33099) Pause Young (Allocation Failure)
[13712.559s][info][gc,heap        ] GC(33099) PSYoungGen: 91424K(91648K)->1792K(89600K) Eden: 90112K(90112K)->0K(87552K) From: 1312K(1536K)->1792K(2048K)
[13712.559s][info][gc,heap        ] GC(33099) ParOldGen: 431386K(431616K)->431578K(431616K)
[13712.559s][info][gc,metaspace   ] GC(33099) Metaspace: 62228K(62528K)->62228K(62528K) NonClass: 56695K(56896K)->56695K(56896K) Class: 5533K(5632K)->5533K(5632K)
[13712.559s][info][gc             ] GC(33099) Pause Young (Allocation Failure) 510M->423M(509M) 4.567ms
[13712.559s][info][gc,cpu         ] GC(33099) User=0.00s Sys=0.00s Real=0.00s
[13712.994s][info][gc,start       ] GC(33100) Pause Young (Allocation Failure)
[13712.998s][info][gc,heap        ] GC(33100) PSYoungGen: 89344K(89600K)->864K(86016K) Eden: 87552K(87552K)->0K(84992K) From: 1792K(2048K)->864K(1024K)
[13712.998s][info][gc,heap        ] GC(33100) ParOldGen: 431578K(431616K)->431778K(432128K)
[13712.998s][info][gc,metaspace   ] GC(33100) Metaspace: 62228K(62528K)->62228K(62528K) NonClass: 56695K(56896K)->56695K(56896K) Class: 5533K(5632K)->5533K(5632K)
[13712.998s][info][gc             ] GC(33100) Pause Young (Allocation Failure) 508M->422M(506M) 3.866ms
[13712.998s][info][gc,cpu         ] GC(33100) User=0.01s Sys=0.00s Real=0.00s
[13713.405s][info][gc,start       ] GC(33101) Pause Young (Allocation Failure)
[13713.408s][info][gc,heap        ] GC(33101) PSYoungGen: 85856K(86016K)->896K(83456K) Eden: 84992K(84992K)->0K(82432K) From: 864K(1024K)->896K(1024K)
[13713.408s][info][gc,heap        ] GC(33101) ParOldGen: 431778K(432128K)->431986K(432128K)
[13713.408s][info][gc,metaspace   ] GC(33101) Metaspace: 62228K(62528K)->62228K(62528K) NonClass: 56695K(56896K)->56695K(56896K) Class: 5533K(5632K)->5533K(5632K)
[13713.408s][info][gc             ] GC(33101) Pause Young (Allocation Failure) 505M->422M(503M) 3.808ms
[13713.408s][info][gc,cpu         ] GC(33101) User=0.01s Sys=0.00s Real=0.00s
[13713.871s][info][gc,start       ] GC(33102) Pause Young (Allocation Failure)
[13713.874s][info][gc,heap        ] GC(33102) PSYoungGen: 83328K(83456K)->416K(97280K) Eden: 82432K(82432K)->0K(96768K) From: 896K(1024K)->416K(512K)
[13713.874s][info][gc,heap        ] GC(33102) ParOldGen: 431986K(432128K)->432194K(432640K)
[13713.874s][info][gc,metaspace   ] GC(33102) Metaspace: 62228K(62528K)->62228K(62528K) NonClass: 56695K(56896K)->56695K(56896K) Class: 5533K(5632K)->5533K(5632K)
[13713.874s][info][gc             ] GC(33102) Pause Young (Allocation Failure) 503M->422M(517M) 3.481ms
[13713.874s][info][gc,cpu         ] GC(33102) User=0.01s Sys=0.00s Real=0.01s
[13714.352s][info][gc,start       ] GC(33103) Pause Young (Allocation Failure)
[13714.358s][info][gc,heap        ] GC(33103) PSYoungGen: 97184K(97280K)->1600K(96256K) Eden: 96768K(96768K)->0K(93696K) From: 416K(512K)->1600K(2560K)
[13714.358s][info][gc,heap        ] GC(33103) ParOldGen: 432194K(432640K)->432386K(432640K)
[13714.358s][info][gc,metaspace   ] GC(33103) Metaspace: 62228K(62528K)->62228K(62528K) NonClass: 56695K(56896K)->56695K(56896K) Class: 5533K(5632K)->5533K(5632K)
[13714.358s][info][gc             ] GC(33103) Pause Young (Allocation Failure) 516M->423M(516M) 6.056ms
[13714.358s][info][gc,cpu         ] GC(33103) User=0.01s Sys=0.00s Real=0.00s
[13714.811s][info][gc,start       ] GC(33104) Pause Young (Allocation Failure)
[13714.815s][info][gc,heap        ] GC(33104) PSYoungGen: 95296K(96256K)->992K(92160K) Eden: 93696K(93696K)->0K(91136K) From: 1600K(2560K)->992K(1024K)
[13714.815s][info][gc,heap        ] GC(33104) ParOldGen: 432386K(432640K)->432594K(432640K)
[13714.815s][info][gc,metaspace   ] GC(33104) Metaspace: 62228K(62528K)->62228K(62528K) NonClass: 56695K(56896K)->56695K(56896K) Class: 5533K(5632K)->5533K(5632K)
[13714.815s][info][gc             ] GC(33104) Pause Young (Allocation Failure) 515M->423M(512M) 4.087ms
[13714.815s][info][gc,cpu         ] GC(33104) User=0.01s Sys=0.00s Real=0.00s
[13715.215s][info][gc,start       ] GC(33105) Pause Young (Allocation Failure)
[13715.218s][info][gc,heap        ] GC(33105) PSYoungGen: 92128K(92160K)->1024K(89600K) Eden: 91136K(91136K)->0K(88576K) From: 992K(1024K)->1024K(1024K)
[13715.218s][info][gc,heap        ] GC(33105) ParOldGen: 432594K(432640K)->432802K(433152K)
[13715.218s][info][gc,metaspace   ] GC(33105) Metaspace: 62228K(62528K)->62228K(62528K) NonClass: 56695K(56896K)->56695K(56896K) Class: 5533K(5632K)->5533K(5632K)
[13715.218s][info][gc             ] GC(33105) Pause Young (Allocation Failure) 512M->423M(510M) 3.802ms
[13715.218s][info][gc,cpu         ] GC(33105) User=0.00s Sys=0.00s Real=0.00s
[13715.587s][info][gc,start       ] GC(33106) Pause Young (Allocation Failure)
[13715.591s][info][gc,heap        ] GC(33106) PSYoungGen: 89600K(89600K)->672K(87040K) Eden: 88576K(88576K)->0K(86016K) From: 1024K(1024K)->672K(1024K)
[13715.591s][info][gc,heap        ] GC(33106) ParOldGen: 432802K(433152K)->433010K(433152K)
[13715.591s][info][gc,metaspace   ] GC(33106) Metaspace: 62228K(62528K)->62228K(62528K) NonClass: 56695K(56896K)->56695K(56896K) Class: 5533K(5632K)->5533K(5632K)
[13715.591s][info][gc             ] GC(33106) Pause Young (Allocation Failure) 510M->423M(508M) 3.508ms
[13715.591s][info][gc,cpu         ] GC(33106) User=0.00s Sys=0.00s Real=0.00s
[13716.023s][info][gc,start       ] GC(33107) Pause Young (Allocation Failure)
[13716.027s][info][gc,heap        ] GC(33107) PSYoungGen: 86688K(87040K)->2528K(86016K) Eden: 86016K(86016K)->0K(83456K) From: 672K(1024K)->2528K(2560K)
[13716.027s][info][gc,heap        ] GC(33107) ParOldGen: 433010K(433152K)->433810K(434176K)
[13716.027s][info][gc,metaspace   ] GC(33107) Metaspace: 62228K(62528K)->62228K(62528K) NonClass: 56695K(56896K)->56695K(56896K) Class: 5533K(5632K)->5533K(5632K)
[13716.027s][info][gc             ] GC(33107) Pause Young (Allocation Failure) 507M->426M(508M) 4.593ms
[13716.027s][info][gc,cpu         ] GC(33107) User=0.00s Sys=0.00s Real=0.00s
[13716.462s][info][gc,start       ] GC(33108) Pause Young (Allocation Failure)
[13716.467s][info][gc,heap        ] GC(33108) PSYoungGen: 85984K(86016K)->320K(81920K) Eden: 83456K(83456K)->0K(81408K) From: 2528K(2560K)->320K(512K)
[13716.467s][info][gc,heap        ] GC(33108) ParOldGen: 433810K(434176K)->436002K(437248K)
[13716.467s][info][gc,metaspace   ] GC(33108) Metaspace: 62228K(62528K)->62228K(62528K) NonClass: 56695K(56896K)->56695K(56896K) Class: 5533K(5632K)->5533K(5632K)
[13716.467s][info][gc             ] GC(33108) Pause Young (Allocation Failure) 507M->426M(507M) 4.525ms
[13716.467s][info][gc,cpu         ] GC(33108) User=0.00s Sys=0.00s Real=0.00s
[13716.842s][info][gc,start       ] GC(33109) Pause Young (Allocation Failure)
[13716.846s][info][gc,heap        ] GC(33109) PSYoungGen: 81728K(81920K)->1408K(93184K) Eden: 81408K(81408K)->0K(90112K) From: 320K(512K)->1408K(3072K)
[13716.846s][info][gc,heap        ] GC(33109) ParOldGen: 436002K(437248K)->436210K(437248K)
[13716.846s][info][gc,metaspace   ] GC(33109) Metaspace: 62228K(62528K)->62228K(62528K) NonClass: 56695K(56896K)->56695K(56896K) Class: 5533K(5632K)->5533K(5632K)
[13716.846s][info][gc             ] GC(33109) Pause Young (Allocation Failure) 505M->427M(518M) 4.048ms
[13716.846s][info][gc,cpu         ] GC(33109) User=0.00s Sys=0.00s Real=0.00s
[13717.248s][info][gc,start       ] GC(33110) Pause Young (Allocation Failure)
[13717.253s][info][gc,heap        ] GC(33110) PSYoungGen: 91520K(93184K)->1600K(89600K) Eden: 90112K(90112K)->0K(87552K) From: 1408K(3072K)->1600K(2048K)
[13717.253s][info][gc,heap        ] GC(33110) ParOldGen: 436210K(437248K)->436402K(437248K)
[13717.253s][info][gc,metaspace   ] GC(33110) Metaspace: 62228K(62528K)->62228K(62528K) NonClass: 56695K(56896K)->56695K(56896K) Class: 5533K(5632K)->5533K(5632K)
[13717.253s][info][gc             ] GC(33110) Pause Young (Allocation Failure) 515M->427M(514M) 4.396ms
[13717.253s][info][gc,cpu         ] GC(33110) User=0.00s Sys=0.00s Real=0.01s
[13717.665s][info][gc,start       ] GC(33111) Pause Young (Allocation Failure)
[13717.669s][info][gc,heap        ] GC(33111) PSYoungGen: 89152K(89600K)->352K(85504K) Eden: 87552K(87552K)->0K(84992K) From: 1600K(2048K)->352K(512K)
[13717.669s][info][gc,heap        ] GC(33111) ParOldGen: 436402K(437248K)->436602K(437248K)
[13717.669s][info][gc,metaspace   ] GC(33111) Metaspace: 62228K(62528K)->62228K(62528K) NonClass: 56695K(56896K)->56695K(56896K) Class: 5533K(5632K)->5533K(5632K)
[13717.669s][info][gc             ] GC(33111) Pause Young (Allocation Failure) 513M->426M(510M) 4.061ms
[13717.669s][info][gc,cpu         ] GC(33111) User=0.01s Sys=0.00s Real=0.00s
[13718.157s][info][gc,start       ] GC(33112) Pause Young (Allocation Failure)
[13718.162s][info][gc,heap        ] GC(33112) PSYoungGen: 85344K(85504K)->1472K(83968K) Eden: 84992K(84992K)->0K(82432K) From: 352K(512K)->1472K(1536K)
[13718.162s][info][gc,heap        ] GC(33112) ParOldGen: 436602K(437248K)->436818K(437248K)
[13718.162s][info][gc,metaspace   ] GC(33112) Metaspace: 62228K(62528K)->62228K(62528K) NonClass: 56695K(56896K)->56695K(56896K) Class: 5533K(5632K)->5533K(5632K)
[13718.162s][info][gc             ] GC(33112) Pause Young (Allocation Failure) 509M->428M(509M) 4.622ms
[13718.162s][info][gc,cpu         ] GC(33112) User=0.00s Sys=0.00s Real=0.01s
[13718.568s][info][gc,start       ] GC(33113) Pause Young (Allocation Failure)
[13718.571s][info][gc,heap        ] GC(33113) PSYoungGen: 83904K(83968K)->384K(86528K) Eden: 82432K(82432K)->0K(86016K) From: 1472K(1536K)->384K(512K)
[13718.571s][info][gc,heap        ] GC(33113) ParOldGen: 436818K(437248K)->437018K(437248K)
[13718.571s][info][gc,metaspace   ] GC(33113) Metaspace: 62228K(62528K)->62228K(62528K) NonClass: 56695K(56896K)->56695K(56896K) Class: 5533K(5632K)->5533K(5632K)
[13718.571s][info][gc             ] GC(33113) Pause Young (Allocation Failure) 508M->427M(511M) 3.293ms
[13718.571s][info][gc,cpu         ] GC(33113) User=0.01s Sys=0.00s Real=0.01s
[13718.978s][info][gc,start       ] GC(33114) Pause Young (Allocation Failure)
[13718.982s][info][gc,heap        ] GC(33114) PSYoungGen: 86400K(86528K)->544K(84992K) Eden: 86016K(86016K)->0K(83456K) From: 384K(512K)->544K(1536K)
[13718.982s][info][gc,heap        ] GC(33114) ParOldGen: 437018K(437248K)->437210K(437248K)
[13718.982s][info][gc,metaspace   ] GC(33114) Metaspace: 62228K(62528K)->62228K(62528K) NonClass: 56695K(56896K)->56695K(56896K) Class: 5533K(5632K)->5533K(5632K)
[13718.982s][info][gc             ] GC(33114) Pause Young (Allocation Failure) 511M->427M(510M) 3.528ms
[13718.982s][info][gc,cpu         ] GC(33114) User=0.00s Sys=0.00s Real=0.01s
[13719.377s][info][gc,start       ] GC(33115) Pause Young (Allocation Failure)
[13719.380s][info][gc,heap        ] GC(33115) PSYoungGen: 84000K(84992K)->480K(81920K) Eden: 83456K(83456K)->0K(81408K) From: 544K(1536K)->480K(512K)
[13719.380s][info][gc,heap        ] GC(33115) ParOldGen: 437210K(437248K)->437426K(437760K)
[13719.380s][info][gc,metaspace   ] GC(33115) Metaspace: 62228K(62528K)->62228K(62528K) NonClass: 56695K(56896K)->56695K(56896K) Class: 5533K(5632K)->5533K(5632K)
[13719.380s][info][gc             ] GC(33115) Pause Young (Allocation Failure) 508M->427M(507M) 3.563ms
[13719.380s][info][gc,cpu         ] GC(33115) User=0.01s Sys=0.00s Real=0.00s
[13719.810s][info][gc,start       ] GC(33116) Pause Young (Allocation Failure)
[13719.814s][info][gc,heap        ] GC(33116) PSYoungGen: 81888K(81920K)->896K(83456K) Eden: 81408K(81408K)->0K(81920K) From: 480K(512K)->896K(1536K)
[13719.814s][info][gc,heap        ] GC(33116) ParOldGen: 437426K(437760K)->437634K(437760K)
[13719.814s][info][gc,metaspace   ] GC(33116) Metaspace: 62228K(62528K)->62228K(62528K) NonClass: 56695K(56896K)->56695K(56896K) Class: 5533K(5632K)->5533K(5632K)
[13719.814s][info][gc             ] GC(33116) Pause Young (Allocation Failure) 507M->428M(509M) 3.913ms
[13719.814s][info][gc,cpu         ] GC(33116) User=0.01s Sys=0.00s Real=0.01s
[13720.255s][info][gc,start       ] GC(33117) Pause Young (Allocation Failure)
[13720.259s][info][gc,heap        ] GC(33117) PSYoungGen: 82816K(83456K)->1440K(84480K) Eden: 81920K(81920K)->0K(81920K) From: 896K(1536K)->1440K(2560K)
[13720.259s][info][gc,heap        ] GC(33117) ParOldGen: 437634K(437760K)->437842K(438272K)
[13720.259s][info][gc,metaspace   ] GC(33117) Metaspace: 62228K(62528K)->62228K(62528K) NonClass: 56695K(56896K)->56695K(56896K) Class: 5533K(5632K)->5533K(5632K)
[13720.259s][info][gc             ] GC(33117) Pause Young (Allocation Failure) 508M->428M(510M) 4.145ms
[13720.259s][info][gc,cpu         ] GC(33117) User=0.01s Sys=0.00s Real=0.00s
[13720.735s][info][gc,start       ] GC(33118) Pause Young (Allocation Failure)
[13720.739s][info][gc,heap        ] GC(33118) PSYoungGen: 83360K(84480K)->1280K(84480K) Eden: 81920K(81920K)->0K(81920K) From: 1440K(2560K)->1280K(2560K)
[13720.739s][info][gc,heap        ] GC(33118) ParOldGen: 437842K(438272K)->438042K(438272K)
[13720.739s][info][gc,metaspace   ] GC(33118) Metaspace: 62228K(62528K)->62228K(62528K) NonClass: 56695K(56896K)->56695K(56896K) Class: 5533K(5632K)->5533K(5632K)
[13720.739s][info][gc             ] GC(33118) Pause Young (Allocation Failure) 508M->429M(510M) 4.227ms
[13720.739s][info][gc,cpu         ] GC(33118) User=0.00s Sys=0.00s Real=0.00s
[13721.156s][info][gc,start       ] GC(33119) Pause Young (Allocation Failure)
[13721.160s][info][gc,heap        ] GC(33119) PSYoungGen: 83200K(84480K)->1568K(84480K) Eden: 81920K(81920K)->0K(81920K) From: 1280K(2560K)->1568K(2560K)
[13721.160s][info][gc,heap        ] GC(33119) ParOldGen: 438042K(438272K)->438283K(438784K)
[13721.160s][info][gc,metaspace   ] GC(33119) Metaspace: 62228K(62528K)->62228K(62528K) NonClass: 56695K(56896K)->56695K(56896K) Class: 5533K(5632K)->5533K(5632K)
[13721.160s][info][gc             ] GC(33119) Pause Young (Allocation Failure) 509M->429M(511M) 4.181ms
[13721.160s][info][gc,cpu         ] GC(33119) User=0.00s Sys=0.00s Real=0.00s
[13721.569s][info][gc,start       ] GC(33120) Pause Young (Allocation Failure)
[13721.572s][info][gc,heap        ] GC(33120) PSYoungGen: 83488K(84480K)->384K(84480K) Eden: 81920K(81920K)->0K(81920K) From: 1568K(2560K)->384K(2560K)
[13721.572s][info][gc,heap        ] GC(33120) ParOldGen: 438283K(438784K)->438483K(438784K)
[13721.572s][info][gc,metaspace   ] GC(33120) Metaspace: 62228K(62528K)->62228K(62528K) NonClass: 56695K(56896K)->56695K(56896K) Class: 5533K(5632K)->5533K(5632K)
[13721.572s][info][gc             ] GC(33120) Pause Young (Allocation Failure) 509M->428M(511M) 3.137ms
[13721.572s][info][gc,cpu         ] GC(33120) User=0.00s Sys=0.00s Real=0.01s
[13721.976s][info][gc,start       ] GC(33121) Pause Young (Allocation Failure)
[13721.979s][info][gc,heap        ] GC(33121) PSYoungGen: 82304K(84480K)->2496K(84480K) Eden: 81920K(81920K)->0K(81920K) From: 384K(2560K)->2496K(2560K)
[13721.979s][info][gc,heap        ] GC(33121) ParOldGen: 438483K(438784K)->438691K(438784K)
[13721.979s][info][gc,metaspace   ] GC(33121) Metaspace: 62228K(62528K)->62228K(62528K) NonClass: 56695K(56896K)->56695K(56896K) Class: 5533K(5632K)->5533K(5632K)
[13721.979s][info][gc             ] GC(33121) Pause Young (Allocation Failure) 508M->430M(511M) 3.310ms
[13721.979s][info][gc,cpu         ] GC(33121) User=0.00s Sys=0.00s Real=0.00s
[13722.388s][info][gc,start       ] GC(33122) Pause Young (Allocation Failure)
[13722.392s][info][gc,heap        ] GC(33122) PSYoungGen: 84416K(84480K)->640K(83456K) Eden: 81920K(81920K)->0K(80896K) From: 2496K(2560K)->640K(2560K)
[13722.392s][info][gc,heap        ] GC(33122) ParOldGen: 438691K(438784K)->440931K(441856K)
[13722.392s][info][gc,metaspace   ] GC(33122) Metaspace: 62228K(62528K)->62228K(62528K) NonClass: 56695K(56896K)->56695K(56896K) Class: 5533K(5632K)->5533K(5632K)
[13722.392s][info][gc             ] GC(33122) Pause Young (Allocation Failure) 510M->431M(513M) 4.405ms
[13722.392s][info][gc,cpu         ] GC(33122) User=0.01s Sys=0.00s Real=0.01s
[13722.796s][info][gc,start       ] GC(33123) Pause Young (Allocation Failure)
[13722.799s][info][gc,heap        ] GC(33123) PSYoungGen: 81536K(83456K)->736K(83968K) Eden: 80896K(80896K)->0K(80896K) From: 640K(2560K)->736K(3072K)
[13722.799s][info][gc,heap        ] GC(33123) ParOldGen: 440931K(441856K)->441123K(441856K)
[13722.799s][info][gc,metaspace   ] GC(33123) Metaspace: 62228K(62528K)->62228K(62528K) NonClass: 56695K(56896K)->56695K(56896K) Class: 5533K(5632K)->5533K(5632K)
[13722.799s][info][gc             ] GC(33123) Pause Young (Allocation Failure) 510M->431M(513M) 3.273ms
[13722.799s][info][gc,cpu         ] GC(33123) User=0.01s Sys=0.00s Real=0.00s
[13723.197s][info][gc,start       ] GC(33124) Pause Young (Allocation Failure)
[13723.200s][info][gc,heap        ] GC(33124) PSYoungGen: 81632K(83968K)->736K(83968K) Eden: 80896K(80896K)->0K(80896K) From: 736K(3072K)->736K(3072K)
[13723.200s][info][gc,heap        ] GC(33124) ParOldGen: 441123K(441856K)->441307K(441856K)
[13723.200s][info][gc,metaspace   ] GC(33124) Metaspace: 62228K(62528K)->62228K(62528K) NonClass: 56695K(56896K)->56695K(56896K) Class: 5533K(5632K)->5533K(5632K)
[13723.200s][info][gc             ] GC(33124) Pause Young (Allocation Failure) 510M->431M(513M) 3.274ms
[13723.200s][info][gc,cpu         ] GC(33124) User=0.01s Sys=0.00s Real=0.00s
[13723.627s][info][gc,start       ] GC(33125) Pause Young (Allocation Failure)
[13723.631s][info][gc,heap        ] GC(33125) PSYoungGen: 81632K(83968K)->1216K(83968K) Eden: 80896K(80896K)->0K(80896K) From: 736K(3072K)->1216K(3072K)
[13723.631s][info][gc,heap        ] GC(33125) ParOldGen: 441307K(441856K)->441507K(441856K)
[13723.631s][info][gc,metaspace   ] GC(33125) Metaspace: 62228K(62528K)->62228K(62528K) NonClass: 56695K(56896K)->56695K(56896K) Class: 5533K(5632K)->5533K(5632K)
[13723.631s][info][gc             ] GC(33125) Pause Young (Allocation Failure) 510M->432M(513M) 3.715ms
[13723.631s][info][gc,cpu         ] GC(33125) User=0.00s Sys=0.00s Real=0.00s
[13724.035s][info][gc,start       ] GC(33126) Pause Young (Allocation Failure)
[13724.039s][info][gc,heap        ] GC(33126) PSYoungGen: 82112K(83968K)->1248K(84480K) Eden: 80896K(80896K)->0K(81920K) From: 1216K(3072K)->1248K(2560K)
[13724.039s][info][gc,heap        ] GC(33126) ParOldGen: 441507K(441856K)->441699K(441856K)
[13724.039s][info][gc,metaspace   ] GC(33126) Metaspace: 62228K(62528K)->62228K(62528K) NonClass: 56695K(56896K)->56695K(56896K) Class: 5533K(5632K)->5533K(5632K)
[13724.039s][info][gc             ] GC(33126) Pause Young (Allocation Failure) 511M->432M(514M) 3.709ms
[13724.039s][info][gc,cpu         ] GC(33126) User=0.01s Sys=0.00s Real=0.00s
[13724.406s][info][gc,start       ] GC(33127) Pause Young (Allocation Failure)
[13724.409s][info][gc,heap        ] GC(33127) PSYoungGen: 83168K(84480K)->960K(84480K) Eden: 81920K(81920K)->0K(81920K) From: 1248K(2560K)->960K(2560K)
[13724.409s][info][gc,heap        ] GC(33127) ParOldGen: 441699K(441856K)->441883K(442368K)
[13724.409s][info][gc,metaspace   ] GC(33127) Metaspace: 62228K(62528K)->62228K(62528K) NonClass: 56695K(56896K)->56695K(56896K) Class: 5533K(5632K)->5533K(5632K)
[13724.409s][info][gc             ] GC(33127) Pause Young (Allocation Failure) 512M->432M(514M) 3.473ms
[13724.409s][info][gc,cpu         ] GC(33127) User=0.01s Sys=0.00s Real=0.00s
[13724.774s][info][gc,start       ] GC(33128) Pause Young (Allocation Failure)
[13724.777s][info][gc,heap        ] GC(33128) PSYoungGen: 82880K(84480K)->416K(84480K) Eden: 81920K(81920K)->0K(81920K) From: 960K(2560K)->416K(2560K)
[13724.777s][info][gc,heap        ] GC(33128) ParOldGen: 441883K(442368K)->442067K(442368K)
[13724.777s][info][gc,metaspace   ] GC(33128) Metaspace: 62228K(62528K)->62228K(62528K) NonClass: 56695K(56896K)->56695K(56896K) Class: 5533K(5632K)->5533K(5632K)
[13724.777s][info][gc             ] GC(33128) Pause Young (Allocation Failure) 512M->432M(514M) 3.023ms
[13724.777s][info][gc,cpu         ] GC(33128) User=0.01s Sys=0.00s Real=0.00s
[13725.161s][info][gc,start       ] GC(33129) Pause Young (Allocation Failure)
[13725.165s][info][gc,heap        ] GC(33129) PSYoungGen: 82336K(84480K)->1664K(84480K) Eden: 81920K(81920K)->0K(81920K) From: 416K(2560K)->1664K(2560K)
[13725.165s][info][gc,heap        ] GC(33129) ParOldGen: 442067K(442368K)->442251K(442368K)
[13725.165s][info][gc,metaspace   ] GC(33129) Metaspace: 62228K(62528K)->62228K(62528K) NonClass: 56695K(56896K)->56695K(56896K) Class: 5533K(5632K)->5533K(5632K)
[13725.165s][info][gc             ] GC(33129) Pause Young (Allocation Failure) 512M->433M(514M) 4.000ms
[13725.165s][info][gc,cpu         ] GC(33129) User=0.01s Sys=0.00s Real=0.01s
[13725.592s][info][gc,start       ] GC(33130) Pause Young (Allocation Failure)
[13725.596s][info][gc,heap        ] GC(33130) PSYoungGen: 83584K(84480K)->672K(84480K) Eden: 81920K(81920K)->0K(81920K) From: 1664K(2560K)->672K(2560K)
[13725.596s][info][gc,heap        ] GC(33130) ParOldGen: 442251K(442368K)->442443K(442880K)
[13725.596s][info][gc,metaspace   ] GC(33130) Metaspace: 62228K(62528K)->62228K(62528K) NonClass: 56695K(56896K)->56695K(56896K) Class: 5533K(5632K)->5533K(5632K)
[13725.596s][info][gc             ] GC(33130) Pause Young (Allocation Failure) 513M->432M(515M) 3.426ms
[13725.596s][info][gc,cpu         ] GC(33130) User=0.00s Sys=0.00s Real=0.00s
[13725.998s][info][gc,start       ] GC(33131) Pause Young (Allocation Failure)
[13726.002s][info][gc,heap        ] GC(33131) PSYoungGen: 82592K(84480K)->832K(84480K) Eden: 81920K(81920K)->0K(81920K) From: 672K(2560K)->832K(2560K)
[13726.002s][info][gc,heap        ] GC(33131) ParOldGen: 442443K(442880K)->442643K(442880K)
[13726.002s][info][gc,metaspace   ] GC(33131) Metaspace: 62228K(62528K)->62228K(62528K) NonClass: 56695K(56896K)->56695K(56896K) Class: 5533K(5632K)->5533K(5632K)
[13726.002s][info][gc             ] GC(33131) Pause Young (Allocation Failure) 512M->433M(515M) 3.535ms
[13726.002s][info][gc,cpu         ] GC(33131) User=0.01s Sys=0.00s Real=0.01s
[13726.373s][info][gc,start       ] GC(33132) Pause Young (Allocation Failure)
[13726.376s][info][gc,heap        ] GC(33132) PSYoungGen: 82752K(84480K)->416K(84480K) Eden: 81920K(81920K)->0K(81920K) From: 832K(2560K)->416K(2560K)
[13726.376s][info][gc,heap        ] GC(33132) ParOldGen: 442643K(442880K)->442843K(442880K)
[13726.376s][info][gc,metaspace   ] GC(33132) Metaspace: 62228K(62528K)->62228K(62528K) NonClass: 56695K(56896K)->56695K(56896K) Class: 5533K(5632K)->5533K(5632K)
[13726.376s][info][gc             ] GC(33132) Pause Young (Allocation Failure) 513M->432M(515M) 3.106ms
[13726.376s][info][gc,cpu         ] GC(33132) User=0.00s Sys=0.00s Real=0.00s
[13726.765s][info][gc,start       ] GC(33133) Pause Young (Allocation Failure)
[13726.768s][info][gc,heap        ] GC(33133) PSYoungGen: 82336K(84480K)->320K(84480K) Eden: 81920K(81920K)->0K(81920K) From: 416K(2560K)->320K(2560K)
[13726.768s][info][gc,heap        ] GC(33133) ParOldGen: 442843K(442880K)->443027K(443392K)
[13726.768s][info][gc,metaspace   ] GC(33133) Metaspace: 62228K(62528K)->62228K(62528K) NonClass: 56695K(56896K)->56695K(56896K) Class: 5533K(5632K)->5533K(5632K)
[13726.768s][info][gc             ] GC(33133) Pause Young (Allocation Failure) 512M->432M(515M) 3.073ms
[13726.768s][info][gc,cpu         ] GC(33133) User=0.00s Sys=0.00s Real=0.00s
[13727.148s][info][gc,start       ] GC(33134) Pause Young (Allocation Failure)
[13727.152s][info][gc,heap        ] GC(33134) PSYoungGen: 82240K(84480K)->1504K(84480K) Eden: 81920K(81920K)->0K(81920K) From: 320K(2560K)->1504K(2560K)
[13727.152s][info][gc,heap        ] GC(33134) ParOldGen: 443027K(443392K)->443227K(443392K)
[13727.152s][info][gc,metaspace   ] GC(33134) Metaspace: 62228K(62528K)->62228K(62528K) NonClass: 56695K(56896K)->56695K(56896K) Class: 5533K(5632K)->5533K(5632K)
[13727.152s][info][gc             ] GC(33134) Pause Young (Allocation Failure) 512M->434M(515M) 3.983ms
[13727.152s][info][gc,cpu         ] GC(33134) User=0.01s Sys=0.00s Real=0.01s
[13727.521s][info][gc,start       ] GC(33135) Pause Young (Allocation Failure)
[13727.525s][info][gc,heap        ] GC(33135) PSYoungGen: 83424K(84480K)->2528K(84480K) Eden: 81920K(81920K)->0K(81920K) From: 1504K(2560K)->2528K(2560K)
[13727.525s][info][gc,heap        ] GC(33135) ParOldGen: 443227K(443392K)->444083K(444416K)
[13727.525s][info][gc,metaspace   ] GC(33135) Metaspace: 62228K(62528K)->62228K(62528K) NonClass: 56695K(56896K)->56695K(56896K) Class: 5533K(5632K)->5533K(5632K)
[13727.525s][info][gc             ] GC(33135) Pause Young (Allocation Failure) 514M->436M(516M) 4.328ms
[13727.525s][info][gc,cpu         ] GC(33135) User=0.00s Sys=0.00s Real=0.00s
[13727.894s][info][gc,start       ] GC(33136) Pause Young (Allocation Failure)
[13727.898s][info][gc,heap        ] GC(33136) PSYoungGen: 84448K(84480K)->736K(83456K) Eden: 81920K(81920K)->0K(80896K) From: 2528K(2560K)->736K(2560K)
[13727.898s][info][gc,heap        ] GC(33136) ParOldGen: 444083K(444416K)->446267K(447488K)
[13727.898s][info][gc,metaspace   ] GC(33136) Metaspace: 62228K(62528K)->62228K(62528K) NonClass: 56695K(56896K)->56695K(56896K) Class: 5533K(5632K)->5533K(5632K)
[13727.898s][info][gc             ] GC(33136) Pause Young (Allocation Failure) 516M->436M(518M) 4.253ms
[13727.898s][info][gc,cpu         ] GC(33136) User=0.00s Sys=0.00s Real=0.00s
[13728.258s][info][gc,start       ] GC(33137) Pause Young (Allocation Failure)
[13728.262s][info][gc,heap        ] GC(33137) PSYoungGen: 81632K(83456K)->1792K(83968K) Eden: 80896K(80896K)->0K(80896K) From: 736K(2560K)->1792K(3072K)
[13728.263s][info][gc,heap        ] GC(33137) ParOldGen: 446267K(447488K)->446459K(447488K)
[13728.263s][info][gc,metaspace   ] GC(33137) Metaspace: 62228K(62528K)->62228K(62528K) NonClass: 56695K(56896K)->56695K(56896K) Class: 5533K(5632K)->5533K(5632K)
[13728.263s][info][gc             ] GC(33137) Pause Young (Allocation Failure) 515M->437M(519M) 4.269ms
[13728.263s][info][gc,cpu         ] GC(33137) User=0.00s Sys=0.00s Real=0.01s
[13728.627s][info][gc,start       ] GC(33138) Pause Young (Allocation Failure)
[13728.631s][info][gc,heap        ] GC(33138) PSYoungGen: 82688K(83968K)->1216K(100352K) Eden: 80896K(80896K)->0K(97280K) From: 1792K(3072K)->1216K(3072K)
[13728.631s][info][gc,heap        ] GC(33138) ParOldGen: 446459K(447488K)->446651K(447488K)
[13728.631s][info][gc,metaspace   ] GC(33138) Metaspace: 62228K(62528K)->62228K(62528K) NonClass: 56695K(56896K)->56695K(56896K) Class: 5533K(5632K)->5533K(5632K)
[13728.631s][info][gc             ] GC(33138) Pause Young (Allocation Failure) 516M->437M(535M) 4.308ms
[13728.631s][info][gc,cpu         ] GC(33138) User=0.01s Sys=0.00s Real=0.01s
[13729.078s][info][gc,start       ] GC(33139) Pause Young (Allocation Failure)
[13729.081s][info][gc,heap        ] GC(33139) PSYoungGen: 98496K(100352K)->480K(94720K) Eden: 97280K(97280K)->0K(94208K) From: 1216K(3072K)->480K(512K)
[13729.081s][info][gc,heap        ] GC(33139) ParOldGen: 446651K(447488K)->446827K(447488K)
[13729.081s][info][gc,metaspace   ] GC(33139) Metaspace: 62228K(62528K)->62228K(62528K) NonClass: 56695K(56896K)->56695K(56896K) Class: 5533K(5632K)->5533K(5632K)
[13729.081s][info][gc             ] GC(33139) Pause Young (Allocation Failure) 532M->436M(529M) 3.519ms
[13729.081s][info][gc,cpu         ] GC(33139) User=0.00s Sys=0.00s Real=0.01s
[13729.533s][info][gc,start       ] GC(33140) Pause Young (Allocation Failure)
[13729.538s][info][gc,heap        ] GC(33140) PSYoungGen: 94688K(94720K)->1488K(93184K) Eden: 94208K(94208K)->0K(91648K) From: 480K(512K)->1488K(1536K)
[13729.538s][info][gc,heap        ] GC(33140) ParOldGen: 446827K(447488K)->447019K(447488K)
[13729.538s][info][gc,metaspace   ] GC(33140) Metaspace: 62228K(62528K)->62228K(62528K) NonClass: 56695K(56896K)->56695K(56896K) Class: 5533K(5632K)->5533K(5632K)
[13729.538s][info][gc             ] GC(33140) Pause Young (Allocation Failure) 528M->437M(528M) 4.915ms
[13729.538s][info][gc,cpu         ] GC(33140) User=0.01s Sys=0.00s Real=0.00s
[13729.921s][info][gc,start       ] GC(33141) Pause Young (Allocation Failure)
[13729.926s][info][gc,heap        ] GC(33141) PSYoungGen: 93136K(93184K)->1280K(96256K) Eden: 91648K(91648K)->0K(93184K) From: 1488K(1536K)->1280K(3072K)
[13729.926s][info][gc,heap        ] GC(33141) ParOldGen: 447019K(447488K)->447251K(447488K)
[13729.926s][info][gc,metaspace   ] GC(33141) Metaspace: 62228K(62528K)->62228K(62528K) NonClass: 56695K(56896K)->56695K(56896K) Class: 5533K(5632K)->5533K(5632K)
[13729.926s][info][gc             ] GC(33141) Pause Young (Allocation Failure) 527M->438M(531M) 4.291ms
[13729.926s][info][gc,cpu         ] GC(33141) User=0.00s Sys=0.00s Real=0.00s
[13730.385s][info][gc,start       ] GC(33142) Pause Young (Allocation Failure)
[13730.389s][info][gc,heap        ] GC(33142) PSYoungGen: 94464K(96256K)->608K(91648K) Eden: 93184K(93184K)->0K(90624K) From: 1280K(3072K)->608K(1024K)
[13730.389s][info][gc,heap        ] GC(33142) ParOldGen: 447251K(447488K)->447435K(447488K)
[13730.389s][info][gc,metaspace   ] GC(33142) Metaspace: 62228K(62528K)->62228K(62528K) NonClass: 56695K(56896K)->56695K(56896K) Class: 5533K(5632K)->5533K(5632K)
[13730.389s][info][gc             ] GC(33142) Pause Young (Allocation Failure) 529M->437M(526M) 3.750ms
[13730.389s][info][gc,cpu         ] GC(33142) User=0.00s Sys=0.00s Real=0.00s
[13730.844s][info][gc,start       ] GC(33143) Pause Young (Allocation Failure)
[13730.849s][info][gc,heap        ] GC(33143) PSYoungGen: 91232K(91648K)->1408K(91136K) Eden: 90624K(90624K)->0K(88064K) From: 608K(1024K)->1408K(3072K)
[13730.849s][info][gc,heap        ] GC(33143) ParOldGen: 447435K(447488K)->447635K(448000K)
[13730.849s][info][gc,metaspace   ] GC(33143) Metaspace: 62228K(62528K)->62228K(62528K) NonClass: 56695K(56896K)->56695K(56896K) Class: 5533K(5632K)->5533K(5632K)
[13730.849s][info][gc             ] GC(33143) Pause Young (Allocation Failure) 526M->438M(526M) 4.769ms
[13730.849s][info][gc,cpu         ] GC(33143) User=0.01s Sys=0.00s Real=0.00s
[13731.245s][info][gc,start       ] GC(33144) Pause Young (Allocation Failure)
[13731.250s][info][gc,heap        ] GC(33144) PSYoungGen: 89472K(91136K)->1600K(108032K) Eden: 88064K(88064K)->0K(105984K) From: 1408K(3072K)->1600K(2048K)
[13731.250s][info][gc,heap        ] GC(33144) ParOldGen: 447635K(448000K)->447835K(448000K)
[13731.250s][info][gc,metaspace   ] GC(33144) Metaspace: 62228K(62528K)->62228K(62528K) NonClass: 56695K(56896K)->56695K(56896K) Class: 5533K(5632K)->5533K(5632K)
[13731.250s][info][gc             ] GC(33144) Pause Young (Allocation Failure) 524M->438M(543M) 5.247ms
[13731.250s][info][gc,cpu         ] GC(33144) User=0.01s Sys=0.00s Real=0.00s
[13731.742s][info][gc,start       ] GC(33145) Pause Young (Allocation Failure)
[13731.747s][info][gc,heap        ] GC(33145) PSYoungGen: 107584K(108032K)->1472K(110080K) Eden: 105984K(105984K)->0K(107008K) From: 1600K(2048K)->1472K(3072K)
[13731.747s][info][gc,heap        ] GC(33145) ParOldGen: 447835K(448000K)->448003K(448512K)
[13731.747s][info][gc,metaspace   ] GC(33145) Metaspace: 62228K(62528K)->62228K(62528K) NonClass: 56695K(56896K)->56695K(56896K) Class: 5533K(5632K)->5533K(5632K)
[13731.747s][info][gc             ] GC(33145) Pause Young (Allocation Failure) 542M->438M(545M) 4.695ms
[13731.747s][info][gc,cpu         ] GC(33145) User=0.01s Sys=0.00s Real=0.00s
[13732.245s][info][gc,start       ] GC(33146) Pause Young (Allocation Failure)
[13732.250s][info][gc,heap        ] GC(33146) PSYoungGen: 108480K(110080K)->1632K(130048K) Eden: 107008K(107008K)->0K(127488K) From: 1472K(3072K)->1632K(2560K)
[13732.250s][info][gc,heap        ] GC(33146) ParOldGen: 448003K(448512K)->448187K(448512K)
[13732.250s][info][gc,metaspace   ] GC(33146) Metaspace: 62228K(62528K)->62228K(62528K) NonClass: 56695K(56896K)->56695K(56896K) Class: 5533K(5632K)->5533K(5632K)
[13732.250s][info][gc             ] GC(33146) Pause Young (Allocation Failure) 543M->439M(565M) 5.119ms
[13732.250s][info][gc,cpu         ] GC(33146) User=0.01s Sys=0.01s Real=0.00s
[13732.834s][info][gc,start       ] GC(33147) Pause Young (Allocation Failure)
[13732.839s][info][gc,heap        ] GC(33147) PSYoungGen: 129120K(130048K)->2528K(130048K) Eden: 127488K(127488K)->0K(127488K) From: 1632K(2560K)->2528K(2560K)
[13732.839s][info][gc,heap        ] GC(33147) ParOldGen: 448187K(448512K)->449131K(449536K)
[13732.839s][info][gc,metaspace   ] GC(33147) Metaspace: 62228K(62528K)->62228K(62528K) NonClass: 56695K(56896K)->56695K(56896K) Class: 5533K(5632K)->5533K(5632K)
[13732.839s][info][gc             ] GC(33147) Pause Young (Allocation Failure) 563M->441M(566M) 5.913ms
[13732.840s][info][gc,cpu         ] GC(33147) User=0.01s Sys=0.00s Real=0.00s
[13733.428s][info][gc,start       ] GC(33148) Pause Young (Allocation Failure)
[13733.434s][info][gc,heap        ] GC(33148) PSYoungGen: 130016K(130048K)->1408K(124928K) Eden: 127488K(127488K)->0K(123392K) From: 2528K(2560K)->1408K(1536K)
[13733.434s][info][gc,heap        ] GC(33148) ParOldGen: 449131K(449536K)->451283K(452608K)
[13733.434s][info][gc,metaspace   ] GC(33148) Metaspace: 62228K(62528K)->62228K(62528K) NonClass: 56695K(56896K)->56695K(56896K) Class: 5533K(5632K)->5533K(5632K)
[13733.434s][info][gc             ] GC(33148) Pause Young (Allocation Failure) 565M->442M(564M) 5.670ms
[13733.434s][info][gc,cpu         ] GC(33148) User=0.01s Sys=0.00s Real=0.01s
[13734.018s][info][gc,start       ] GC(33149) Pause Young (Allocation Failure)
[13734.023s][info][gc,heap        ] GC(33149) PSYoungGen: 124800K(124928K)->1184K(120832K) Eden: 123392K(123392K)->0K(119296K) From: 1408K(1536K)->1184K(1536K)
[13734.023s][info][gc,heap        ] GC(33149) ParOldGen: 451283K(452608K)->451467K(452608K)
[13734.023s][info][gc,metaspace   ] GC(33149) Metaspace: 62228K(62528K)->62228K(62528K) NonClass: 56695K(56896K)->56695K(56896K) Class: 5533K(5632K)->5533K(5632K)
[13734.023s][info][gc             ] GC(33149) Pause Young (Allocation Failure) 562M->442M(560M) 4.982ms
[13734.023s][info][gc,cpu         ] GC(33149) User=0.00s Sys=0.00s Real=0.01s
[13734.630s][info][gc,start       ] GC(33150) Pause Young (Allocation Failure)
[13734.634s][info][gc,heap        ] GC(33150) PSYoungGen: 120480K(120832K)->1280K(116736K) Eden: 119296K(119296K)->0K(115200K) From: 1184K(1536K)->1280K(1536K)
[13734.634s][info][gc,heap        ] GC(33150) ParOldGen: 451467K(452608K)->451659K(452608K)
[13734.634s][info][gc,metaspace   ] GC(33150) Metaspace: 62228K(62528K)->62228K(62528K) NonClass: 56695K(56896K)->56695K(56896K) Class: 5533K(5632K)->5533K(5632K)
[13734.634s][info][gc             ] GC(33150) Pause Young (Allocation Failure) 558M->442M(556M) 4.669ms
[13734.634s][info][gc,cpu         ] GC(33150) User=0.01s Sys=0.00s Real=0.01s
[13735.199s][info][gc,start       ] GC(33151) Pause Young (Allocation Failure)
[13735.203s][info][gc,heap        ] GC(33151) PSYoungGen: 116480K(116736K)->896K(112640K) Eden: 115200K(115200K)->0K(111616K) From: 1280K(1536K)->896K(1024K)
[13735.203s][info][gc,heap        ] GC(33151) ParOldGen: 451659K(452608K)->451851K(452608K)
[13735.203s][info][gc,metaspace   ] GC(33151) Metaspace: 62228K(62528K)->62228K(62528K) NonClass: 56695K(56896K)->56695K(56896K) Class: 5533K(5632K)->5533K(5632K)
[13735.203s][info][gc             ] GC(33151) Pause Young (Allocation Failure) 554M->442M(552M) 4.485ms
[13735.203s][info][gc,cpu         ] GC(33151) User=0.00s Sys=0.00s Real=0.01s
[13735.783s][info][gc,start       ] GC(33152) Pause Young (Allocation Failure)
[13735.787s][info][gc,heap        ] GC(33152) PSYoungGen: 112512K(112640K)->640K(109056K) Eden: 111616K(111616K)->0K(108032K) From: 896K(1024K)->640K(1024K)
[13735.787s][info][gc,heap        ] GC(33152) ParOldGen: 451851K(452608K)->452027K(452608K)
[13735.787s][info][gc,metaspace   ] GC(33152) Metaspace: 62228K(62528K)->62228K(62528K) NonClass: 56695K(56896K)->56695K(56896K) Class: 5533K(5632K)->5533K(5632K)
[13735.787s][info][gc             ] GC(33152) Pause Young (Allocation Failure) 551M->442M(548M) 3.565ms
[13735.787s][info][gc,cpu         ] GC(33152) User=0.01s Sys=0.00s Real=0.00s
[13736.380s][info][gc,start       ] GC(33153) Pause Young (Allocation Failure)
[13736.384s][info][gc,heap        ] GC(33153) PSYoungGen: 108672K(109056K)->544K(105472K) Eden: 108032K(108032K)->0K(104448K) From: 640K(1024K)->544K(1024K)
[13736.384s][info][gc,heap        ] GC(33153) ParOldGen: 452027K(452608K)->452203K(452608K)
[13736.384s][info][gc,metaspace   ] GC(33153) Metaspace: 62228K(62528K)->62228K(62528K) NonClass: 56695K(56896K)->56695K(56896K) Class: 5533K(5632K)->5533K(5632K)
[13736.384s][info][gc             ] GC(33153) Pause Young (Allocation Failure) 547M->442M(545M) 3.649ms
[13736.384s][info][gc,cpu         ] GC(33153) User=0.00s Sys=0.00s Real=0.01s
[13736.954s][info][gc,start       ] GC(33154) Pause Young (Allocation Failure)
[13736.959s][info][gc,heap        ] GC(33154) PSYoungGen: 104992K(105472K)->1536K(102912K) Eden: 104448K(104448K)->0K(101376K) From: 544K(1024K)->1536K(1536K)
[13736.959s][info][gc,heap        ] GC(33154) ParOldGen: 452203K(452608K)->452395K(452608K)
[13736.959s][info][gc,metaspace   ] GC(33154) Metaspace: 62228K(62528K)->62228K(62528K) NonClass: 56695K(56896K)->56695K(56896K) Class: 5533K(5632K)->5533K(5632K)
[13736.959s][info][gc             ] GC(33154) Pause Young (Allocation Failure) 544M->443M(542M) 4.884ms
[13736.959s][info][gc,cpu         ] GC(33154) User=0.01s Sys=0.00s Real=0.00s
[13737.513s][info][gc,start       ] GC(33155) Pause Young (Allocation Failure)
[13737.518s][info][gc,heap        ] GC(33155) PSYoungGen: 102912K(102912K)->1024K(99328K) Eden: 101376K(101376K)->0K(98304K) From: 1536K(1536K)->1024K(1024K)
[13737.518s][info][gc,heap        ] GC(33155) ParOldGen: 452395K(452608K)->452579K(452608K)
[13737.518s][info][gc,metaspace   ] GC(33155) Metaspace: 62228K(62528K)->62228K(62528K) NonClass: 56695K(56896K)->56695K(56896K) Class: 5533K(5632K)->5533K(5632K)
[13737.518s][info][gc             ] GC(33155) Pause Young (Allocation Failure) 542M->442M(539M) 4.306ms
[13737.518s][info][gc,cpu         ] GC(33155) User=0.01s Sys=0.00s Real=0.00s
[13738.009s][info][gc,start       ] GC(33156) Pause Young (Allocation Failure)
[13738.013s][info][gc,heap        ] GC(33156) PSYoungGen: 99328K(99328K)->960K(96256K) Eden: 98304K(98304K)->0K(95232K) From: 1024K(1024K)->960K(1024K)
[13738.013s][info][gc,heap        ] GC(33156) ParOldGen: 452579K(452608K)->452763K(453120K)
[13738.013s][info][gc,metaspace   ] GC(33156) Metaspace: 62228K(62528K)->62228K(62528K) NonClass: 56695K(56896K)->56695K(56896K) Class: 5533K(5632K)->5533K(5632K)
[13738.013s][info][gc             ] GC(33156) Pause Young (Allocation Failure) 538M->443M(536M) 4.006ms
[13738.013s][info][gc,cpu         ] GC(33156) User=0.00s Sys=0.00s Real=0.01s
[13738.512s][info][gc,start       ] GC(33157) Pause Young (Allocation Failure)
[13738.516s][info][gc,heap        ] GC(33157) PSYoungGen: 96192K(96256K)->1008K(93696K) Eden: 95232K(95232K)->0K(92672K) From: 960K(1024K)->1008K(1024K)
[13738.516s][info][gc,heap        ] GC(33157) ParOldGen: 452763K(453120K)->452939K(453120K)
[13738.516s][info][gc,metaspace   ] GC(33157) Metaspace: 62228K(62528K)->62228K(62528K) NonClass: 56695K(56896K)->56695K(56896K) Class: 5533K(5632K)->5533K(5632K)
[13738.516s][info][gc             ] GC(33157) Pause Young (Allocation Failure) 536M->443M(534M) 4.155ms
[13738.516s][info][gc,cpu         ] GC(33157) User=0.01s Sys=0.00s Real=0.00s
[13738.972s][info][gc,start       ] GC(33158) Pause Young (Allocation Failure)
[13738.976s][info][gc,heap        ] GC(33158) PSYoungGen: 93680K(93696K)->2464K(92672K) Eden: 92672K(92672K)->0K(90112K) From: 1008K(1024K)->2464K(2560K)
[13738.976s][info][gc,heap        ] GC(33158) ParOldGen: 452939K(453120K)->453171K(453632K)
[13738.976s][info][gc,metaspace   ] GC(33158) Metaspace: 62228K(62528K)->62228K(62528K) NonClass: 56695K(56896K)->56695K(56896K) Class: 5533K(5632K)->5533K(5632K)
[13738.976s][info][gc             ] GC(33158) Pause Young (Allocation Failure) 533M->444M(533M) 3.874ms
[13738.976s][info][gc,cpu         ] GC(33158) User=0.01s Sys=0.00s Real=0.00s
[13739.424s][info][gc,start       ] GC(33159) Pause Young (Allocation Failure)
[13739.429s][info][gc,heap        ] GC(33159) PSYoungGen: 92576K(92672K)->1120K(89088K) Eden: 90112K(90112K)->0K(87552K) From: 2464K(2560K)->1120K(1536K)
[13739.429s][info][gc,heap        ] GC(33159) ParOldGen: 453171K(453632K)->455403K(456704K)
[13739.429s][info][gc,metaspace   ] GC(33159) Metaspace: 62228K(62528K)->62228K(62528K) NonClass: 56695K(56896K)->56695K(56896K) Class: 5533K(5632K)->5533K(5632K)
[13739.429s][info][gc             ] GC(33159) Pause Young (Allocation Failure) 532M->445M(533M) 5.653ms
[13739.429s][info][gc,cpu         ] GC(33159) User=0.01s Sys=0.00s Real=0.00s
[13739.885s][info][gc,start       ] GC(33160) Pause Young (Allocation Failure)
[13739.889s][info][gc,heap        ] GC(33160) PSYoungGen: 88672K(89088K)->640K(86016K) Eden: 87552K(87552K)->0K(84992K) From: 1120K(1536K)->640K(1024K)
[13739.889s][info][gc,heap        ] GC(33160) ParOldGen: 455403K(456704K)->455579K(456704K)
[13739.889s][info][gc,metaspace   ] GC(33160) Metaspace: 62228K(62528K)->62228K(62528K) NonClass: 56695K(56896K)->56695K(56896K) Class: 5533K(5632K)->5533K(5632K)
[13739.889s][info][gc             ] GC(33160) Pause Young (Allocation Failure) 531M->445M(530M) 3.389ms
[13739.889s][info][gc,cpu         ] GC(33160) User=0.01s Sys=0.00s Real=0.00s
[13740.292s][info][gc,start       ] GC(33161) Pause Young (Allocation Failure)
[13740.296s][info][gc,heap        ] GC(33161) PSYoungGen: 85632K(86016K)->736K(83456K) Eden: 84992K(84992K)->0K(82432K) From: 640K(1024K)->736K(1024K)
[13740.296s][info][gc,heap        ] GC(33161) ParOldGen: 455579K(456704K)->455763K(456704K)
[13740.296s][info][gc,metaspace   ] GC(33161) Metaspace: 62228K(62528K)->62228K(62528K) NonClass: 56695K(56896K)->56695K(56896K) Class: 5533K(5632K)->5533K(5632K)
[13740.296s][info][gc             ] GC(33161) Pause Young (Allocation Failure) 528M->445M(527M) 3.879ms
[13740.296s][info][gc,cpu         ] GC(33161) User=0.00s Sys=0.00s Real=0.00s
[13740.680s][info][gc,start       ] GC(33162) Pause Young (Allocation Failure)
[13740.684s][info][gc,heap        ] GC(33162) PSYoungGen: 83168K(83456K)->512K(135680K) Eden: 82432K(82432K)->0K(135168K) From: 736K(1024K)->512K(512K)
[13740.684s][info][gc,heap        ] GC(33162) ParOldGen: 455763K(456704K)->455939K(456704K)
[13740.684s][info][gc,metaspace   ] GC(33162) Metaspace: 62228K(62528K)->62228K(62528K) NonClass: 56695K(56896K)->56695K(56896K) Class: 5533K(5632K)->5533K(5632K)
[13740.684s][info][gc             ] GC(33162) Pause Young (Allocation Failure) 526M->445M(578M) 3.547ms
[13740.684s][info][gc,cpu         ] GC(33162) User=0.01s Sys=0.00s Real=0.01s
[13741.376s][info][gc,start       ] GC(33163) Pause Young (Allocation Failure)
[13741.380s][info][gc,heap        ] GC(33163) PSYoungGen: 135680K(135680K)->576K(133120K) Eden: 135168K(135168K)->0K(130560K) From: 512K(512K)->576K(2560K)
[13741.380s][info][gc,heap        ] GC(33163) ParOldGen: 455939K(456704K)->456051K(456704K)
[13741.380s][info][gc,metaspace   ] GC(33163) Metaspace: 62228K(62528K)->62228K(62528K) NonClass: 56695K(56896K)->56695K(56896K) Class: 5533K(5632K)->5533K(5632K)
[13741.380s][info][gc             ] GC(33163) Pause Young (Allocation Failure) 577M->445M(576M) 3.728ms
[13741.380s][info][gc,cpu         ] GC(33163) User=0.01s Sys=0.00s Real=0.00s
[13742.060s][info][gc,start       ] GC(33164) Pause Young (Allocation Failure)
[13742.065s][info][gc,heap        ] GC(33164) PSYoungGen: 131136K(133120K)->1728K(128000K) Eden: 130560K(130560K)->0K(125952K) From: 576K(2560K)->1728K(2048K)
[13742.065s][info][gc,heap        ] GC(33164) ParOldGen: 456051K(456704K)->456227K(456704K)
[13742.065s][info][gc,metaspace   ] GC(33164) Metaspace: 62228K(62528K)->62228K(62528K) NonClass: 56695K(56896K)->56695K(56896K) Class: 5533K(5632K)->5533K(5632K)
[13742.065s][info][gc             ] GC(33164) Pause Young (Allocation Failure) 573M->447M(571M) 5.443ms
[13742.065s][info][gc,cpu         ] GC(33164) User=0.01s Sys=0.00s Real=0.01s
[13742.739s][info][gc,start       ] GC(33165) Pause Young (Allocation Failure)
[13742.744s][info][gc,heap        ] GC(33165) PSYoungGen: 127680K(128000K)->1376K(123392K) Eden: 125952K(125952K)->0K(121856K) From: 1728K(2048K)->1376K(1536K)
[13742.744s][info][gc,heap        ] GC(33165) ParOldGen: 456227K(456704K)->456395K(456704K)
[13742.744s][info][gc,metaspace   ] GC(33165) Metaspace: 62228K(62528K)->62228K(62528K) NonClass: 56695K(56896K)->56695K(56896K) Class: 5533K(5632K)->5533K(5632K)
[13742.744s][info][gc             ] GC(33165) Pause Young (Allocation Failure) 570M->447M(566M) 4.455ms
[13742.744s][info][gc,cpu         ] GC(33165) User=0.01s Sys=0.00s Real=0.01s
[13743.382s][info][gc,start       ] GC(33166) Pause Young (Allocation Failure)
[13743.386s][info][gc,heap        ] GC(33166) PSYoungGen: 123232K(123392K)->640K(118784K) Eden: 121856K(121856K)->0K(117760K) From: 1376K(1536K)->640K(1024K)
[13743.386s][info][gc,heap        ] GC(33166) ParOldGen: 456395K(456704K)->456579K(456704K)
[13743.386s][info][gc,metaspace   ] GC(33166) Metaspace: 62228K(62528K)->62228K(62528K) NonClass: 56695K(56896K)->56695K(56896K) Class: 5533K(5632K)->5533K(5632K)
[13743.386s][info][gc             ] GC(33166) Pause Young (Allocation Failure) 566M->446M(562M) 4.049ms
[13743.386s][info][gc,cpu         ] GC(33166) User=0.00s Sys=0.00s Real=0.00s
[13744.014s][info][gc,start       ] GC(33167) Pause Young (Allocation Failure)
[13744.018s][info][gc,heap        ] GC(33167) PSYoungGen: 118400K(118784K)->992K(115200K) Eden: 117760K(117760K)->0K(114176K) From: 640K(1024K)->992K(1024K)
[13744.018s][info][gc,heap        ] GC(33167) ParOldGen: 456579K(456704K)->456755K(457216K)
[13744.018s][info][gc,metaspace   ] GC(33167) Metaspace: 62228K(62528K)->62228K(62528K) NonClass: 56695K(56896K)->56695K(56896K) Class: 5533K(5632K)->5533K(5632K)
[13744.018s][info][gc             ] GC(33167) Pause Young (Allocation Failure) 561M->447M(559M) 4.080ms
[13744.018s][info][gc,cpu         ] GC(33167) User=0.01s Sys=0.00s Real=0.00s
[13744.606s][info][gc,start       ] GC(33168) Pause Young (Allocation Failure)
[13744.610s][info][gc,heap        ] GC(33168) PSYoungGen: 115168K(115200K)->2528K(113152K) Eden: 114176K(114176K)->0K(110592K) From: 992K(1024K)->2528K(2560K)
[13744.610s][info][gc,heap        ] GC(33168) ParOldGen: 456755K(457216K)->457371K(457728K)
[13744.611s][info][gc,metaspace   ] GC(33168) Metaspace: 62228K(62528K)->62228K(62528K) NonClass: 56695K(56896K)->56695K(56896K) Class: 5533K(5632K)->5533K(5632K)
[13744.611s][info][gc             ] GC(33168) Pause Young (Allocation Failure) 558M->449M(557M) 4.308ms
[13744.611s][info][gc,cpu         ] GC(33168) User=0.01s Sys=0.00s Real=0.00s
[13745.175s][info][gc,start       ] GC(33169) Pause Young (Allocation Failure)
[13745.179s][info][gc,heap        ] GC(33169) PSYoungGen: 113120K(113152K)->512K(107520K) Eden: 110592K(110592K)->0K(107008K) From: 2528K(2560K)->512K(512K)
[13745.179s][info][gc,heap        ] GC(33169) ParOldGen: 457371K(457728K)->459515K(460800K)
[13745.179s][info][gc,metaspace   ] GC(33169) Metaspace: 62228K(62528K)->62228K(62528K) NonClass: 56695K(56896K)->56695K(56896K) Class: 5533K(5632K)->5533K(5632K)
[13745.179s][info][gc             ] GC(33169) Pause Young (Allocation Failure) 557M->449M(555M) 4.397ms
[13745.179s][info][gc,cpu         ] GC(33169) User=0.01s Sys=0.00s Real=0.00s
[13745.642s][info][gc,start       ] GC(33170) Pause Young (Allocation Failure)
[13745.646s][info][gc,heap        ] GC(33170) PSYoungGen: 107520K(107520K)->1600K(105472K) Eden: 107008K(107008K)->0K(103424K) From: 512K(512K)->1600K(2048K)
[13745.647s][info][gc,heap        ] GC(33170) ParOldGen: 459515K(460800K)->459691K(460800K)
[13745.647s][info][gc,metaspace   ] GC(33170) Metaspace: 62228K(62528K)->62228K(62528K) NonClass: 56695K(56896K)->56695K(56896K) Class: 5533K(5632K)->5533K(5632K)
[13745.647s][info][gc             ] GC(33170) Pause Young (Allocation Failure) 553M->450M(553M) 4.561ms
[13745.647s][info][gc,cpu         ] GC(33170) User=0.01s Sys=0.00s Real=0.00s
[13746.143s][info][gc,start       ] GC(33171) Pause Young (Allocation Failure)
[13746.147s][info][gc,heap        ] GC(33171) PSYoungGen: 105024K(105472K)->1664K(102400K) Eden: 103424K(103424K)->0K(100352K) From: 1600K(2048K)->1664K(2048K)
[13746.147s][info][gc,heap        ] GC(33171) ParOldGen: 459691K(460800K)->459859K(460800K)
[13746.147s][info][gc,metaspace   ] GC(33171) Metaspace: 62228K(62528K)->62228K(62528K) NonClass: 56695K(56896K)->56695K(56896K) Class: 5533K(5632K)->5533K(5632K)
[13746.147s][info][gc             ] GC(33171) Pause Young (Allocation Failure) 551M->450M(550M) 4.427ms
[13746.147s][info][gc,cpu         ] GC(33171) User=0.01s Sys=0.00s Real=0.00s
[13746.605s][info][gc,start       ] GC(33172) Pause Young (Allocation Failure)
[13746.608s][info][gc,heap        ] GC(33172) PSYoungGen: 102016K(102400K)->928K(98304K) Eden: 100352K(100352K)->0K(97280K) From: 1664K(2048K)->928K(1024K)
[13746.608s][info][gc,heap        ] GC(33172) ParOldGen: 459859K(460800K)->460035K(460800K)
[13746.608s][info][gc,metaspace   ] GC(33172) Metaspace: 62228K(62528K)->62228K(62528K) NonClass: 56695K(56896K)->56695K(56896K) Class: 5533K(5632K)->5533K(5632K)
[13746.608s][info][gc             ] GC(33172) Pause Young (Allocation Failure) 548M->450M(546M) 3.840ms
[13746.608s][info][gc,cpu         ] GC(33172) User=0.01s Sys=0.00s Real=0.00s
[13747.060s][info][gc,start       ] GC(33173) Pause Young (Allocation Failure)
[13747.065s][info][gc,heap        ] GC(33173) PSYoungGen: 98208K(98304K)->1792K(96256K) Eden: 97280K(97280K)->0K(94208K) From: 928K(1024K)->1792K(2048K)
[13747.065s][info][gc,heap        ] GC(33173) ParOldGen: 460035K(460800K)->460211K(460800K)
[13747.065s][info][gc,metaspace   ] GC(33173) Metaspace: 62228K(62528K)->62228K(62528K) NonClass: 56695K(56896K)->56695K(56896K) Class: 5533K(5632K)->5533K(5632K)
[13747.065s][info][gc             ] GC(33173) Pause Young (Allocation Failure) 545M->451M(544M) 4.707ms
[13747.065s][info][gc,cpu         ] GC(33173) User=0.01s Sys=0.00s Real=0.01s
[13747.596s][info][gc,start       ] GC(33174) Pause Young (Allocation Failure)
[13747.600s][info][gc,heap        ] GC(33174) PSYoungGen: 96000K(96256K)->800K(92672K) Eden: 94208K(94208K)->0K(91648K) From: 1792K(2048K)->800K(1024K)
[13747.600s][info][gc,heap        ] GC(33174) ParOldGen: 460211K(460800K)->460387K(460800K)
[13747.600s][info][gc,metaspace   ] GC(33174) Metaspace: 62228K(62528K)->62228K(62528K) NonClass: 56695K(56896K)->56695K(56896K) Class: 5533K(5632K)->5533K(5632K)
[13747.600s][info][gc             ] GC(33174) Pause Young (Allocation Failure) 543M->450M(540M) 3.852ms
[13747.600s][info][gc,cpu         ] GC(33174) User=0.01s Sys=0.00s Real=0.00s
[13748.063s][info][gc,start       ] GC(33175) Pause Young (Allocation Failure)
[13748.066s][info][gc,heap        ] GC(33175) PSYoungGen: 92448K(92672K)->288K(89600K) Eden: 91648K(91648K)->0K(89088K) From: 800K(1024K)->288K(512K)
[13748.066s][info][gc,heap        ] GC(33175) ParOldGen: 460387K(460800K)->460619K(460800K)
[13748.066s][info][gc,metaspace   ] GC(33175) Metaspace: 62228K(62528K)->62228K(62528K) NonClass: 56695K(56896K)->56695K(56896K) Class: 5533K(5632K)->5533K(5632K)
[13748.066s][info][gc             ] GC(33175) Pause Young (Allocation Failure) 539M->450M(537M) 3.229ms
[13748.066s][info][gc,cpu         ] GC(33175) User=0.00s Sys=0.00s Real=0.00s
[13748.527s][info][gc,start       ] GC(33176) Pause Young (Allocation Failure)
[13748.531s][info][gc,heap        ] GC(33176) PSYoungGen: 89376K(89600K)->1120K(88064K) Eden: 89088K(89088K)->0K(86528K) From: 288K(512K)->1120K(1536K)
[13748.531s][info][gc,heap        ] GC(33176) ParOldGen: 460619K(460800K)->460795K(460800K)
[13748.531s][info][gc,metaspace   ] GC(33176) Metaspace: 62228K(62528K)->62228K(62528K) NonClass: 56695K(56896K)->56695K(56896K) Class: 5533K(5632K)->5533K(5632K)
[13748.531s][info][gc             ] GC(33176) Pause Young (Allocation Failure) 537M->451M(536M) 3.867ms
[13748.531s][info][gc,cpu         ] GC(33176) User=0.01s Sys=0.00s Real=0.01s
[13748.972s][info][gc,start       ] GC(33177) Pause Young (Allocation Failure)
[13748.975s][info][gc,heap        ] GC(33177) PSYoungGen: 87648K(88064K)->384K(84480K) Eden: 86528K(86528K)->0K(83968K) From: 1120K(1536K)->384K(512K)
[13748.975s][info][gc,heap        ] GC(33177) ParOldGen: 460795K(460800K)->460979K(461312K)
[13748.975s][info][gc,metaspace   ] GC(33177) Metaspace: 62228K(62528K)->62228K(62528K) NonClass: 56695K(56896K)->56695K(56896K) Class: 5533K(5632K)->5533K(5632K)
[13748.975s][info][gc             ] GC(33177) Pause Young (Allocation Failure) 535M->450M(533M) 3.471ms
[13748.975s][info][gc,cpu         ] GC(33177) User=0.01s Sys=0.00s Real=0.00s
[13749.436s][info][gc,start       ] GC(33178) Pause Young (Allocation Failure)
[13749.440s][info][gc,heap        ] GC(33178) PSYoungGen: 84352K(84480K)->1088K(119296K) Eden: 83968K(83968K)->0K(117760K) From: 384K(512K)->1088K(1536K)
[13749.440s][info][gc,heap        ] GC(33178) ParOldGen: 460979K(461312K)->461163K(461312K)
[13749.440s][info][gc,metaspace   ] GC(33178) Metaspace: 62228K(62528K)->62228K(62528K) NonClass: 56695K(56896K)->56695K(56896K) Class: 5533K(5632K)->5533K(5632K)
[13749.440s][info][gc             ] GC(33178) Pause Young (Allocation Failure) 532M->451M(567M) 3.934ms
[13749.440s][info][gc,cpu         ] GC(33178) User=0.01s Sys=0.00s Real=0.00s
[13750.102s][info][gc,start       ] GC(33179) Pause Young (Allocation Failure)
[13750.106s][info][gc,heap        ] GC(33179) PSYoungGen: 118848K(119296K)->704K(115200K) Eden: 117760K(117760K)->0K(114176K) From: 1088K(1536K)->704K(1024K)
[13750.106s][info][gc,heap        ] GC(33179) ParOldGen: 461163K(461312K)->461291K(461312K)
[13750.106s][info][gc,metaspace   ] GC(33179) Metaspace: 62228K(62528K)->62228K(62528K) NonClass: 56695K(56896K)->56695K(56896K) Class: 5533K(5632K)->5533K(5632K)
[13750.106s][info][gc             ] GC(33179) Pause Young (Allocation Failure) 566M->451M(563M) 3.939ms
[13750.106s][info][gc,cpu         ] GC(33179) User=0.01s Sys=0.00s Real=0.00s
[13750.648s][info][gc,start       ] GC(33180) Pause Young (Allocation Failure)
[13750.653s][info][gc,heap        ] GC(33180) PSYoungGen: 114880K(115200K)->2528K(113152K) Eden: 114176K(114176K)->0K(110592K) From: 704K(1024K)->2528K(2560K)
[13750.653s][info][gc,heap        ] GC(33180) ParOldGen: 461291K(461312K)->463571K(464384K)
[13750.653s][info][gc,metaspace   ] GC(33180) Metaspace: 62228K(62528K)->62228K(62528K) NonClass: 56695K(56896K)->56695K(56896K) Class: 5533K(5632K)->5533K(5632K)
[13750.653s][info][gc             ] GC(33180) Pause Young (Allocation Failure) 562M->455M(564M) 5.758ms
[13750.653s][info][gc,cpu         ] GC(33180) User=0.01s Sys=0.00s Real=0.01s
[13751.180s][info][gc,start       ] GC(33181) Pause Young (Allocation Failure)
[13751.184s][info][gc,heap        ] GC(33181) PSYoungGen: 113120K(113152K)->608K(108032K) Eden: 110592K(110592K)->0K(107008K) From: 2528K(2560K)->608K(1024K)
[13751.184s][info][gc,heap        ] GC(33181) ParOldGen: 463571K(464384K)->465707K(465920K)
[13751.184s][info][gc,metaspace   ] GC(33181) Metaspace: 62228K(62528K)->62228K(62528K) NonClass: 56695K(56896K)->56695K(56896K) Class: 5533K(5632K)->5533K(5632K)
[13751.184s][info][gc             ] GC(33181) Pause Young (Allocation Failure) 563M->455M(560M) 4.466ms
[13751.184s][info][gc,cpu         ] GC(33181) User=0.01s Sys=0.00s Real=0.01s
[13751.627s][info][gc,start       ] GC(33182) Pause Young (Allocation Failure)
[13751.631s][info][gc,heap        ] GC(33182) PSYoungGen: 107616K(108032K)->1408K(104960K) Eden: 107008K(107008K)->0K(103424K) From: 608K(1024K)->1408K(1536K)
[13751.631s][info][gc,heap        ] GC(33182) ParOldGen: 465707K(465920K)->465883K(465920K)
[13751.631s][info][gc,metaspace   ] GC(33182) Metaspace: 62228K(62528K)->62228K(62528K) NonClass: 56695K(56896K)->56695K(56896K) Class: 5533K(5632K)->5533K(5632K)
[13751.631s][info][gc             ] GC(33182) Pause Young (Allocation Failure) 559M->456M(557M) 4.338ms
[13751.631s][info][gc,cpu         ] GC(33182) User=0.01s Sys=0.00s Real=0.01s
[13752.100s][info][gc,start       ] GC(33183) Pause Young (Allocation Failure)
[13752.104s][info][gc,heap        ] GC(33183) PSYoungGen: 104832K(104960K)->960K(101376K) Eden: 103424K(103424K)->0K(100352K) From: 1408K(1536K)->960K(1024K)
[13752.104s][info][gc,heap        ] GC(33183) ParOldGen: 465883K(465920K)->466059K(466432K)
[13752.104s][info][gc,metaspace   ] GC(33183) Metaspace: 62228K(62528K)->62228K(62528K) NonClass: 56695K(56896K)->56695K(56896K) Class: 5533K(5632K)->5533K(5632K)
[13752.104s][info][gc             ] GC(33183) Pause Young (Allocation Failure) 557M->456M(554M) 3.913ms
[13752.104s][info][gc,cpu         ] GC(33183) User=0.00s Sys=0.00s Real=0.01s
[13752.605s][info][gc,start       ] GC(33184) Pause Young (Allocation Failure)
[13752.609s][info][gc,heap        ] GC(33184) PSYoungGen: 101312K(101376K)->864K(98304K) Eden: 100352K(100352K)->0K(97280K) From: 960K(1024K)->864K(1024K)
[13752.609s][info][gc,heap        ] GC(33184) ParOldGen: 466059K(466432K)->466243K(466432K)
[13752.609s][info][gc,metaspace   ] GC(33184) Metaspace: 62228K(62528K)->62228K(62528K) NonClass: 56695K(56896K)->56695K(56896K) Class: 5533K(5632K)->5533K(5632K)
[13752.609s][info][gc             ] GC(33184) Pause Young (Allocation Failure) 554M->456M(551M) 4.112ms
[13752.609s][info][gc,cpu         ] GC(33184) User=0.00s Sys=0.00s Real=0.00s
[13753.115s][info][gc,start       ] GC(33185) Pause Young (Allocation Failure)
[13753.119s][info][gc,heap        ] GC(33185) PSYoungGen: 98144K(98304K)->928K(97792K) Eden: 97280K(97280K)->0K(94208K) From: 864K(1024K)->928K(3584K)
[13753.119s][info][gc,heap        ] GC(33185) ParOldGen: 466243K(466432K)->466427K(466432K)
[13753.119s][info][gc,metaspace   ] GC(33185) Metaspace: 62228K(62528K)->62228K(62528K) NonClass: 56695K(56896K)->56695K(56896K) Class: 5533K(5632K)->5533K(5632K)
[13753.119s][info][gc             ] GC(33185) Pause Young (Allocation Failure) 551M->456M(551M) 4.051ms
[13753.119s][info][gc,cpu         ] GC(33185) User=0.00s Sys=0.00s Real=0.00s
[13753.621s][info][gc,start       ] GC(33186) Pause Young (Allocation Failure)
[13753.625s][info][gc,heap        ] GC(33186) PSYoungGen: 95136K(97792K)->1056K(93184K) Eden: 94208K(94208K)->0K(91648K) From: 928K(3584K)->1056K(1536K)
[13753.626s][info][gc,heap        ] GC(33186) ParOldGen: 466427K(466432K)->466611K(466944K)
[13753.626s][info][gc,metaspace   ] GC(33186) Metaspace: 62228K(62528K)->62228K(62528K) NonClass: 56695K(56896K)->56695K(56896K) Class: 5533K(5632K)->5533K(5632K)
[13753.626s][info][gc             ] GC(33186) Pause Young (Allocation Failure) 548M->456M(547M) 4.143ms
[13753.626s][info][gc,cpu         ] GC(33186) User=0.01s Sys=0.00s Real=0.00s
[13754.080s][info][gc,start       ] GC(33187) Pause Young (Allocation Failure)
[13754.083s][info][gc,heap        ] GC(33187) PSYoungGen: 92704K(93184K)->544K(90112K) Eden: 91648K(91648K)->0K(89088K) From: 1056K(1536K)->544K(1024K)
[13754.083s][info][gc,heap        ] GC(33187) ParOldGen: 466611K(466944K)->466795K(466944K)
[13754.083s][info][gc,metaspace   ] GC(33187) Metaspace: 62228K(62528K)->62228K(62528K) NonClass: 56695K(56896K)->56695K(56896K) Class: 5533K(5632K)->5533K(5632K)
[13754.083s][info][gc             ] GC(33187) Pause Young (Allocation Failure) 546M->456M(544M) 3.380ms
[13754.083s][info][gc,cpu         ] GC(33187) User=0.01s Sys=0.00s Real=0.01s
[13754.500s][info][gc,start       ] GC(33188) Pause Young (Allocation Failure)
[13754.503s][info][gc,heap        ] GC(33188) PSYoungGen: 89632K(90112K)->864K(87552K) Eden: 89088K(89088K)->0K(86528K) From: 544K(1024K)->864K(1024K)
[13754.503s][info][gc,heap        ] GC(33188) ParOldGen: 466795K(466944K)->466963K(467456K)
[13754.503s][info][gc,metaspace   ] GC(33188) Metaspace: 62228K(62528K)->62228K(62528K) NonClass: 56695K(56896K)->56695K(56896K) Class: 5533K(5632K)->5533K(5632K)
[13754.503s][info][gc             ] GC(33188) Pause Young (Allocation Failure) 543M->456M(542M) 3.647ms
[13754.503s][info][gc,cpu         ] GC(33188) User=0.00s Sys=0.01s Real=0.01s
[13754.897s][info][gc,start       ] GC(33189) Pause Young (Allocation Failure)
[13754.901s][info][gc,heap        ] GC(33189) PSYoungGen: 87392K(87552K)->768K(84992K) Eden: 86528K(86528K)->0K(83968K) From: 864K(1024K)->768K(1024K)
[13754.901s][info][gc,heap        ] GC(33189) ParOldGen: 466963K(467456K)->467147K(467456K)
[13754.901s][info][gc,metaspace   ] GC(33189) Metaspace: 62228K(62528K)->62228K(62528K) NonClass: 56695K(56896K)->56695K(56896K) Class: 5533K(5632K)->5533K(5632K)
[13754.901s][info][gc             ] GC(33189) Pause Young (Allocation Failure) 541M->456M(539M) 3.750ms
[13754.901s][info][gc,cpu         ] GC(33189) User=0.00s Sys=0.00s Real=0.01s
[13755.323s][info][gc,start       ] GC(33190) Pause Young (Allocation Failure)
[13755.327s][info][gc,heap        ] GC(33190) PSYoungGen: 84736K(84992K)->1088K(103424K) Eden: 83968K(83968K)->0K(101888K) From: 768K(1024K)->1088K(1536K)
[13755.327s][info][gc,heap        ] GC(33190) ParOldGen: 467147K(467456K)->467323K(467456K)
[13755.327s][info][gc,metaspace   ] GC(33190) Metaspace: 62228K(62528K)->62228K(62528K) NonClass: 56695K(56896K)->56695K(56896K) Class: 5533K(5632K)->5533K(5632K)
[13755.328s][info][gc             ] GC(33190) Pause Young (Allocation Failure) 538M->457M(557M) 4.090ms
[13755.328s][info][gc,cpu         ] GC(33190) User=0.00s Sys=0.00s Real=0.00s
[13755.812s][info][gc,start       ] GC(33191) Pause Young (Allocation Failure)
[13755.816s][info][gc,heap        ] GC(33191) PSYoungGen: 102976K(103424K)->1024K(99840K) Eden: 101888K(101888K)->0K(98816K) From: 1088K(1536K)->1024K(1024K)
[13755.816s][info][gc,heap        ] GC(33191) ParOldGen: 467323K(467456K)->467475K(467968K)
[13755.816s][info][gc,metaspace   ] GC(33191) Metaspace: 62228K(62528K)->62228K(62528K) NonClass: 56695K(56896K)->56695K(56896K) Class: 5533K(5632K)->5533K(5632K)
[13755.816s][info][gc             ] GC(33191) Pause Young (Allocation Failure) 556M->457M(554M) 3.776ms
[13755.816s][info][gc,cpu         ] GC(33191) User=0.00s Sys=0.00s Real=0.00s
[13756.346s][info][gc,start       ] GC(33192) Pause Young (Allocation Failure)
[13756.350s][info][gc,heap        ] GC(33192) PSYoungGen: 99840K(99840K)->1376K(97280K) Eden: 98816K(98816K)->0K(95744K) From: 1024K(1024K)->1376K(1536K)
[13756.350s][info][gc,heap        ] GC(33192) ParOldGen: 467475K(467968K)->467643K(467968K)
[13756.350s][info][gc,metaspace   ] GC(33192) Metaspace: 62228K(62528K)->62228K(62528K) NonClass: 56695K(56896K)->56695K(56896K) Class: 5533K(5632K)->5533K(5632K)
[13756.350s][info][gc             ] GC(33192) Pause Young (Allocation Failure) 554M->458M(552M) 4.035ms
[13756.350s][info][gc,cpu         ] GC(33192) User=0.01s Sys=0.00s Real=0.00s
[13756.888s][info][gc,start       ] GC(33193) Pause Young (Allocation Failure)
[13756.891s][info][gc,heap        ] GC(33193) PSYoungGen: 97120K(97280K)->688K(93696K) Eden: 95744K(95744K)->0K(92672K) From: 1376K(1536K)->688K(1024K)
[13756.891s][info][gc,heap        ] GC(33193) ParOldGen: 467643K(467968K)->467811K(467968K)
[13756.891s][info][gc,metaspace   ] GC(33193) Metaspace: 62228K(62528K)->62228K(62528K) NonClass: 56695K(56896K)->56695K(56896K) Class: 5533K(5632K)->5533K(5632K)
[13756.891s][info][gc             ] GC(33193) Pause Young (Allocation Failure) 551M->457M(548M) 3.424ms
[13756.891s][info][gc,cpu         ] GC(33193) User=0.00s Sys=0.00s Real=0.01s
[13757.351s][info][gc,start       ] GC(33194) Pause Young (Allocation Failure)
[13757.355s][info][gc,heap        ] GC(33194) PSYoungGen: 93360K(93696K)->1536K(91648K) Eden: 92672K(92672K)->0K(90112K) From: 688K(1024K)->1536K(1536K)
[13757.355s][info][gc,heap        ] GC(33194) ParOldGen: 467811K(467968K)->468027K(468480K)
[13757.355s][info][gc,metaspace   ] GC(33194) Metaspace: 62228K(62528K)->62228K(62528K) NonClass: 56695K(56896K)->56695K(56896K) Class: 5533K(5632K)->5533K(5632K)
[13757.355s][info][gc             ] GC(33194) Pause Young (Allocation Failure) 548M->458M(547M) 4.170ms
[13757.355s][info][gc,cpu         ] GC(33194) User=0.01s Sys=0.00s Real=0.01s
[13757.794s][info][gc,start       ] GC(33195) Pause Young (Allocation Failure)
[13757.798s][info][gc,heap        ] GC(33195) PSYoungGen: 91648K(91648K)->768K(88576K) Eden: 90112K(90112K)->0K(87552K) From: 1536K(1536K)->768K(1024K)
[13757.798s][info][gc,heap        ] GC(33195) ParOldGen: 468027K(468480K)->468195K(468480K)
[13757.798s][info][gc,metaspace   ] GC(33195) Metaspace: 62228K(62528K)->62228K(62528K) NonClass: 56695K(56896K)->56695K(56896K) Class: 5533K(5632K)->5533K(5632K)
[13757.798s][info][gc             ] GC(33195) Pause Young (Allocation Failure) 546M->457M(544M) 3.534ms
[13757.798s][info][gc,cpu         ] GC(33195) User=0.01s Sys=0.00s Real=0.00s
[13758.211s][info][gc,start       ] GC(33196) Pause Young (Allocation Failure)
[13758.215s][info][gc,heap        ] GC(33196) PSYoungGen: 88320K(88576K)->928K(86016K) Eden: 87552K(87552K)->0K(84992K) From: 768K(1024K)->928K(1024K)
[13758.215s][info][gc,heap        ] GC(33196) ParOldGen: 468195K(468480K)->468371K(468480K)
[13758.215s][info][gc,metaspace   ] GC(33196) Metaspace: 62228K(62528K)->62228K(62528K) NonClass: 56695K(56896K)->56695K(56896K) Class: 5533K(5632K)->5533K(5632K)
[13758.215s][info][gc             ] GC(33196) Pause Young (Allocation Failure) 543M->458M(541M) 3.626ms
[13758.215s][info][gc,cpu         ] GC(33196) User=0.00s Sys=0.00s Real=0.00s
[13758.635s][info][gc,start       ] GC(33197) Pause Young (Allocation Failure)
[13758.639s][info][gc,heap        ] GC(33197) PSYoungGen: 85920K(86016K)->1280K(83968K) Eden: 84992K(84992K)->0K(82432K) From: 928K(1024K)->1280K(1536K)
[13758.639s][info][gc,heap        ] GC(33197) ParOldGen: 468371K(468480K)->468555K(468992K)
[13758.639s][info][gc,metaspace   ] GC(33197) Metaspace: 62228K(62528K)->62228K(62528K) NonClass: 56695K(56896K)->56695K(56896K) Class: 5533K(5632K)->5533K(5632K)
[13758.639s][info][gc             ] GC(33197) Pause Young (Allocation Failure) 541M->458M(540M) 3.846ms
[13758.639s][info][gc,cpu         ] GC(33197) User=0.01s Sys=0.00s Real=0.00s
[13759.054s][info][gc,start       ] GC(33198) Pause Young (Allocation Failure)
[13759.058s][info][gc,heap        ] GC(33198) PSYoungGen: 83712K(83968K)->1472K(95232K) Eden: 82432K(82432K)->0K(93696K) From: 1280K(1536K)->1472K(1536K)
[13759.058s][info][gc,heap        ] GC(33198) ParOldGen: 468555K(468992K)->468739K(468992K)
[13759.058s][info][gc,metaspace   ] GC(33198) Metaspace: 62228K(62528K)->62228K(62528K) NonClass: 56695K(56896K)->56695K(56896K) Class: 5533K(5632K)->5533K(5632K)
[13759.058s][info][gc             ] GC(33198) Pause Young (Allocation Failure) 539M->459M(551M) 4.120ms
[13759.058s][info][gc,cpu         ] GC(33198) User=0.01s Sys=0.00s Real=0.00s
[13759.528s][info][gc,start       ] GC(33199) Pause Young (Allocation Failure)
[13759.532s][info][gc,heap        ] GC(33199) PSYoungGen: 95168K(95232K)->1152K(92672K) Eden: 93696K(93696K)->0K(91136K) From: 1472K(1536K)->1152K(1536K)
[13759.532s][info][gc,heap        ] GC(33199) ParOldGen: 468739K(468992K)->468907K(468992K)
[13759.532s][info][gc,metaspace   ] GC(33199) Metaspace: 62228K(62528K)->62228K(62528K) NonClass: 56695K(56896K)->56695K(56896K) Class: 5533K(5632K)->5533K(5632K)
[13759.532s][info][gc             ] GC(33199) Pause Young (Allocation Failure) 550M->459M(548M) 4.060ms
[13759.532s][info][gc,cpu         ] GC(33199) User=0.01s Sys=0.00s Real=0.01s
[13760.015s][info][gc,start       ] GC(33200) Pause Young (Allocation Failure)
[13760.018s][info][gc,heap        ] GC(33200) PSYoungGen: 92288K(92672K)->992K(89600K) Eden: 91136K(91136K)->0K(88576K) From: 1152K(1536K)->992K(1024K)
[13760.018s][info][gc,heap        ] GC(33200) ParOldGen: 468907K(468992K)->469083K(469504K)
[13760.018s][info][gc,metaspace   ] GC(33200) Metaspace: 62228K(62528K)->62228K(62528K) NonClass: 56695K(56896K)->56695K(56896K) Class: 5533K(5632K)->5533K(5632K)
[13760.018s][info][gc             ] GC(33200) Pause Young (Allocation Failure) 548M->459M(546M) 3.821ms
[13760.018s][info][gc,cpu         ] GC(33200) User=0.01s Sys=0.00s Real=0.00s
[13760.457s][info][gc,start       ] GC(33201) Pause Young (Allocation Failure)
[13760.461s][info][gc,heap        ] GC(33201) PSYoungGen: 89568K(89600K)->1568K(88064K) Eden: 88576K(88576K)->0K(86016K) From: 992K(1024K)->1568K(2048K)
[13760.461s][info][gc,heap        ] GC(33201) ParOldGen: 469083K(469504K)->469251K(469504K)
[13760.461s][info][gc,metaspace   ] GC(33201) Metaspace: 62228K(62528K)->62228K(62528K) NonClass: 56695K(56896K)->56695K(56896K) Class: 5533K(5632K)->5533K(5632K)
[13760.461s][info][gc             ] GC(33201) Pause Young (Allocation Failure) 545M->459M(544M) 4.285ms
[13760.461s][info][gc,cpu         ] GC(33201) User=0.01s Sys=0.00s Real=0.01s
[13760.892s][info][gc,start       ] GC(33202) Pause Young (Allocation Failure)
[13760.895s][info][gc,heap        ] GC(33202) PSYoungGen: 87584K(88064K)->672K(84480K) Eden: 86016K(86016K)->0K(83456K) From: 1568K(2048K)->672K(1024K)
[13760.895s][info][gc,heap        ] GC(33202) ParOldGen: 469251K(469504K)->469435K(469504K)
[13760.895s][info][gc,metaspace   ] GC(33202) Metaspace: 62228K(62528K)->62228K(62528K) NonClass: 56695K(56896K)->56695K(56896K) Class: 5533K(5632K)->5533K(5632K)
[13760.896s][info][gc             ] GC(33202) Pause Young (Allocation Failure) 543M->459M(541M) 3.497ms
[13760.896s][info][gc,cpu         ] GC(33202) User=0.01s Sys=0.01s Real=0.00s
[13761.289s][info][gc,start       ] GC(33203) Pause Young (Allocation Failure)
[13761.292s][info][gc,heap        ] GC(33203) PSYoungGen: 84128K(84480K)->544K(91136K) Eden: 83456K(83456K)->0K(90112K) From: 672K(1024K)->544K(1024K)
[13761.292s][info][gc,heap        ] GC(33203) ParOldGen: 469435K(469504K)->469611K(470016K)
[13761.292s][info][gc,metaspace   ] GC(33203) Metaspace: 62228K(62528K)->62228K(62528K) NonClass: 56695K(56896K)->56695K(56896K) Class: 5533K(5632K)->5533K(5632K)
[13761.292s][info][gc             ] GC(33203) Pause Young (Allocation Failure) 540M->459M(548M) 3.569ms
[13761.292s][info][gc,cpu         ] GC(33203) User=0.01s Sys=0.00s Real=0.01s
[13761.737s][info][gc,start       ] GC(33204) Pause Young (Allocation Failure)
[13761.741s][info][gc,heap        ] GC(33204) PSYoungGen: 90656K(91136K)->1408K(89088K) Eden: 90112K(90112K)->0K(87552K) From: 544K(1024K)->1408K(1536K)
[13761.741s][info][gc,heap        ] GC(33204) ParOldGen: 469611K(470016K)->469771K(470016K)
[13761.741s][info][gc,metaspace   ] GC(33204) Metaspace: 62228K(62528K)->62228K(62528K) NonClass: 56695K(56896K)->56695K(56896K) Class: 5533K(5632K)->5533K(5632K)
[13761.741s][info][gc             ] GC(33204) Pause Young (Allocation Failure) 547M->460M(546M) 4.048ms
[13761.741s][info][gc,cpu         ] GC(33204) User=0.01s Sys=0.00s Real=0.00s
[13762.136s][info][gc,start       ] GC(33205) Pause Young (Allocation Failure)
[13762.141s][info][gc,heap        ] GC(33205) PSYoungGen: 88960K(89088K)->2528K(87552K) Eden: 87552K(87552K)->0K(84992K) From: 1408K(1536K)->2528K(2560K)
[13762.141s][info][gc,heap        ] GC(33205) ParOldGen: 469771K(470016K)->470787K(471040K)
[13762.141s][info][gc,metaspace   ] GC(33205) Metaspace: 62228K(62528K)->62228K(62528K) NonClass: 56695K(56896K)->56695K(56896K) Class: 5533K(5632K)->5533K(5632K)
[13762.141s][info][gc             ] GC(33205) Pause Young (Allocation Failure) 545M->462M(545M) 4.789ms
[13762.141s][info][gc,cpu         ] GC(33205) User=0.01s Sys=0.01s Real=0.01s
[13762.524s][info][gc,start       ] GC(33206) Pause Young (Allocation Failure)
[13762.529s][info][gc,heap        ] GC(33206) PSYoungGen: 87520K(87552K)->1152K(83968K) Eden: 84992K(84992K)->0K(82432K) From: 2528K(2560K)->1152K(1536K)
[13762.529s][info][gc,heap        ] GC(33206) ParOldGen: 470787K(471040K)->472955K(474112K)
[13762.529s][info][gc,metaspace   ] GC(33206) Metaspace: 62228K(62528K)->62228K(62528K) NonClass: 56695K(56896K)->56695K(56896K) Class: 5533K(5632K)->5533K(5632K)
[13762.529s][info][gc             ] GC(33206) Pause Young (Allocation Failure) 545M->462M(545M) 4.644ms
[13762.529s][info][gc,cpu         ] GC(33206) User=0.01s Sys=0.00s Real=0.00s
[13762.927s][info][gc,start       ] GC(33207) Pause Young (Allocation Failure)
[13762.931s][info][gc,heap        ] GC(33207) PSYoungGen: 83584K(83968K)->1216K(88064K) Eden: 82432K(82432K)->0K(86528K) From: 1152K(1536K)->1216K(1536K)
[13762.931s][info][gc,heap        ] GC(33207) ParOldGen: 472955K(474112K)->473147K(474112K)
[13762.931s][info][gc,metaspace   ] GC(33207) Metaspace: 62228K(62528K)->62228K(62528K) NonClass: 56695K(56896K)->56695K(56896K) Class: 5533K(5632K)->5533K(5632K)
[13762.931s][info][gc             ] GC(33207) Pause Young (Allocation Failure) 543M->463M(549M) 3.938ms
[13762.931s][info][gc,cpu         ] GC(33207) User=0.01s Sys=0.00s Real=0.00s
[13763.317s][info][gc,start       ] GC(33208) Pause Young (Allocation Failure)
[13763.321s][info][gc,heap        ] GC(33208) PSYoungGen: 87744K(88064K)->1120K(85504K) Eden: 86528K(86528K)->0K(83968K) From: 1216K(1536K)->1120K(1536K)
[13763.321s][info][gc,heap        ] GC(33208) ParOldGen: 473147K(474112K)->473323K(474112K)
[13763.321s][info][gc,metaspace   ] GC(33208) Metaspace: 62228K(62528K)->62228K(62528K) NonClass: 56695K(56896K)->56695K(56896K) Class: 5533K(5632K)->5533K(5632K)
[13763.321s][info][gc             ] GC(33208) Pause Young (Allocation Failure) 547M->463M(546M) 3.906ms
[13763.321s][info][gc,cpu         ] GC(33208) User=0.01s Sys=0.00s Real=0.01s
[13763.745s][info][gc,start       ] GC(33209) Pause Young (Allocation Failure)
[13763.749s][info][gc,heap        ] GC(33209) PSYoungGen: 85088K(85504K)->1312K(86528K) Eden: 83968K(83968K)->0K(84992K) From: 1120K(1536K)->1312K(1536K)
[13763.749s][info][gc,heap        ] GC(33209) ParOldGen: 473323K(474112K)->473507K(474112K)
[13763.749s][info][gc,metaspace   ] GC(33209) Metaspace: 62228K(62528K)->62228K(62528K) NonClass: 56695K(56896K)->56695K(56896K) Class: 5533K(5632K)->5533K(5632K)
[13763.749s][info][gc             ] GC(33209) Pause Young (Allocation Failure) 545M->463M(547M) 4.049ms
[13763.749s][info][gc,cpu         ] GC(33209) User=0.01s Sys=0.00s Real=0.00s
[13764.167s][info][gc,start       ] GC(33210) Pause Young (Allocation Failure)
[13764.170s][info][gc,heap        ] GC(33210) PSYoungGen: 86304K(86528K)->320K(83456K) Eden: 84992K(84992K)->0K(82432K) From: 1312K(1536K)->320K(1024K)
[13764.170s][info][gc,heap        ] GC(33210) ParOldGen: 473507K(474112K)->473675K(474112K)
[13764.170s][info][gc,metaspace   ] GC(33210) Metaspace: 62228K(62528K)->62228K(62528K) NonClass: 56695K(56896K)->56695K(56896K) Class: 5533K(5632K)->5533K(5632K)
[13764.170s][info][gc             ] GC(33210) Pause Young (Allocation Failure) 546M->462M(544M) 3.173ms
[13764.170s][info][gc,cpu         ] GC(33210) User=0.01s Sys=0.00s Real=0.00s
[13764.581s][info][gc,start       ] GC(33211) Pause Young (Allocation Failure)
[13764.584s][info][gc,heap        ] GC(33211) PSYoungGen: 82752K(83456K)->480K(82944K) Eden: 82432K(82432K)->0K(82432K) From: 320K(1024K)->480K(512K)
[13764.584s][info][gc,heap        ] GC(33211) ParOldGen: 473675K(474112K)->473843K(474112K)
[13764.584s][info][gc,metaspace   ] GC(33211) Metaspace: 62228K(62528K)->62228K(62528K) NonClass: 56695K(56896K)->56695K(56896K) Class: 5533K(5632K)->5533K(5632K)
[13764.584s][info][gc             ] GC(33211) Pause Young (Allocation Failure) 543M->463M(544M) 3.097ms
[13764.584s][info][gc,cpu         ] GC(33211) User=0.00s Sys=0.00s Real=0.01s
[13764.955s][info][gc,start       ] GC(33212) Pause Young (Allocation Failure)
[13764.960s][info][gc,heap        ] GC(33212) PSYoungGen: 82912K(82944K)->1760K(83456K) Eden: 82432K(82432K)->0K(80896K) From: 480K(512K)->1760K(2560K)
[13764.960s][info][gc,heap        ] GC(33212) ParOldGen: 473843K(474112K)->474027K(474112K)
[13764.960s][info][gc,metaspace   ] GC(33212) Metaspace: 62228K(62528K)->62228K(62528K) NonClass: 56695K(56896K)->56695K(56896K) Class: 5533K(5632K)->5533K(5632K)
[13764.960s][info][gc             ] GC(33212) Pause Young (Allocation Failure) 543M->464M(544M) 4.456ms
[13764.960s][info][gc,cpu         ] GC(33212) User=0.01s Sys=0.00s Real=0.00s
[13765.374s][info][gc,start       ] GC(33213) Pause Young (Allocation Failure)
[13765.377s][info][gc,heap        ] GC(33213) PSYoungGen: 82656K(83456K)->416K(83968K) Eden: 80896K(80896K)->0K(80896K) From: 1760K(2560K)->416K(3072K)
[13765.377s][info][gc,heap        ] GC(33213) ParOldGen: 474027K(474112K)->474211K(474624K)
[13765.377s][info][gc,metaspace   ] GC(33213) Metaspace: 62228K(62528K)->62228K(62528K) NonClass: 56695K(56896K)->56695K(56896K) Class: 5533K(5632K)->5533K(5632K)
[13765.377s][info][gc             ] GC(33213) Pause Young (Allocation Failure) 543M->463M(545M) 3.162ms
[13765.377s][info][gc,cpu         ] GC(33213) User=0.01s Sys=0.00s Real=0.00s
[13765.791s][info][gc,start       ] GC(33214) Pause Young (Allocation Failure)
[13765.794s][info][gc,heap        ] GC(33214) PSYoungGen: 81312K(83968K)->720K(84480K) Eden: 80896K(80896K)->0K(81408K) From: 416K(3072K)->720K(3072K)
[13765.794s][info][gc,heap        ] GC(33214) ParOldGen: 474211K(474624K)->474395K(474624K)
[13765.794s][info][gc,metaspace   ] GC(33214) Metaspace: 62228K(62528K)->62228K(62528K) NonClass: 56695K(56896K)->56695K(56896K) Class: 5533K(5632K)->5533K(5632K)
[13765.794s][info][gc             ] GC(33214) Pause Young (Allocation Failure) 542M->463M(546M) 3.462ms
[13765.794s][info][gc,cpu         ] GC(33214) User=0.00s Sys=0.00s Real=0.01s
[13766.175s][info][gc,start       ] GC(33215) Pause Young (Allocation Failure)
[13766.178s][info][gc,heap        ] GC(33215) PSYoungGen: 82128K(84480K)->448K(83968K) Eden: 81408K(81408K)->0K(81408K) From: 720K(3072K)->448K(2560K)
[13766.178s][info][gc,heap        ] GC(33215) ParOldGen: 474395K(474624K)->474627K(475136K)
[13766.178s][info][gc,metaspace   ] GC(33215) Metaspace: 62228K(62528K)->62228K(62528K) NonClass: 56695K(56896K)->56695K(56896K) Class: 5533K(5632K)->5533K(5632K)
[13766.178s][info][gc             ] GC(33215) Pause Young (Allocation Failure) 543M->463M(546M) 3.145ms
[13766.178s][info][gc,cpu         ] GC(33215) User=0.01s Sys=0.00s Real=0.00s
[13766.584s][info][gc,start       ] GC(33216) Pause Young (Allocation Failure)
[13766.587s][info][gc,heap        ] GC(33216) PSYoungGen: 81856K(83968K)->576K(84480K) Eden: 81408K(81408K)->0K(81920K) From: 448K(2560K)->576K(2560K)
[13766.587s][info][gc,heap        ] GC(33216) ParOldGen: 474627K(475136K)->474803K(475136K)
[13766.587s][info][gc,metaspace   ] GC(33216) Metaspace: 62228K(62528K)->62228K(62528K) NonClass: 56695K(56896K)->56695K(56896K) Class: 5533K(5632K)->5533K(5632K)
[13766.587s][info][gc             ] GC(33216) Pause Young (Allocation Failure) 543M->464M(546M) 3.187ms
[13766.587s][info][gc,cpu         ] GC(33216) User=0.00s Sys=0.00s Real=0.00s
[13766.971s][info][gc,start       ] GC(33217) Pause Young (Allocation Failure)
[13766.974s][info][gc,heap        ] GC(33217) PSYoungGen: 82496K(84480K)->384K(84480K) Eden: 81920K(81920K)->0K(81920K) From: 576K(2560K)->384K(2560K)
[13766.974s][info][gc,heap        ] GC(33217) ParOldGen: 474803K(475136K)->474979K(475136K)
[13766.974s][info][gc,metaspace   ] GC(33217) Metaspace: 62228K(62528K)->62228K(62528K) NonClass: 56695K(56896K)->56695K(56896K) Class: 5533K(5632K)->5533K(5632K)
[13766.974s][info][gc             ] GC(33217) Pause Young (Allocation Failure) 544M->464M(546M) 2.992ms
[13766.974s][info][gc,cpu         ] GC(33217) User=0.01s Sys=0.00s Real=0.00s
[13767.354s][info][gc,start       ] GC(33218) Pause Young (Allocation Failure)
[13767.358s][info][gc,heap        ] GC(33218) PSYoungGen: 82304K(84480K)->1408K(84480K) Eden: 81920K(81920K)->0K(81920K) From: 384K(2560K)->1408K(2560K)
[13767.358s][info][gc,heap        ] GC(33218) ParOldGen: 474979K(475136K)->475163K(475648K)
[13767.358s][info][gc,metaspace   ] GC(33218) Metaspace: 62228K(62528K)->62228K(62528K) NonClass: 56695K(56896K)->56695K(56896K) Class: 5533K(5632K)->5533K(5632K)
[13767.358s][info][gc             ] GC(33218) Pause Young (Allocation Failure) 544M->465M(547M) 4.011ms
[13767.358s][info][gc,cpu         ] GC(33218) User=0.01s Sys=0.00s Real=0.00s
[13767.718s][info][gc,start       ] GC(33219) Pause Young (Allocation Failure)
[13767.722s][info][gc,heap        ] GC(33219) PSYoungGen: 83328K(84480K)->2528K(84480K) Eden: 81920K(81920K)->0K(81920K) From: 1408K(2560K)->2528K(2560K)
[13767.723s][info][gc,heap        ] GC(33219) ParOldGen: 475163K(475648K)->476027K(476160K)
[13767.723s][info][gc,metaspace   ] GC(33219) Metaspace: 62228K(62528K)->62228K(62528K) NonClass: 56695K(56896K)->56695K(56896K) Class: 5533K(5632K)->5533K(5632K)
[13767.723s][info][gc             ] GC(33219) Pause Young (Allocation Failure) 545M->467M(547M) 4.354ms
[13767.723s][info][gc,cpu         ] GC(33219) User=0.01s Sys=0.00s Real=0.01s
[13768.103s][info][gc,start       ] GC(33220) Pause Young (Allocation Failure)
[13768.108s][info][gc,heap        ] GC(33220) PSYoungGen: 84448K(84480K)->896K(83456K) Eden: 81920K(81920K)->0K(80896K) From: 2528K(2560K)->896K(2560K)
[13768.108s][info][gc,heap        ] GC(33220) ParOldGen: 476027K(476160K)->478187K(479232K)
[13768.108s][info][gc,metaspace   ] GC(33220) Metaspace: 62228K(62528K)->62228K(62528K) NonClass: 56695K(56896K)->56695K(56896K) Class: 5533K(5632K)->5533K(5632K)
[13768.108s][info][gc             ] GC(33220) Pause Young (Allocation Failure) 547M->467M(549M) 4.324ms
[13768.108s][info][gc,cpu         ] GC(33220) User=0.00s Sys=0.00s Real=0.00s
[13768.458s][info][gc,start       ] GC(33221) Pause Young (Allocation Failure)
[13768.463s][info][gc,heap        ] GC(33221) PSYoungGen: 81792K(83456K)->1856K(83968K) Eden: 80896K(80896K)->0K(80896K) From: 896K(2560K)->1856K(3072K)
[13768.463s][info][gc,heap        ] GC(33221) ParOldGen: 478187K(479232K)->478371K(479232K)
[13768.463s][info][gc,metaspace   ] GC(33221) Metaspace: 62228K(62528K)->62228K(62528K) NonClass: 56695K(56896K)->56695K(56896K) Class: 5533K(5632K)->5533K(5632K)
[13768.463s][info][gc             ] GC(33221) Pause Young (Allocation Failure) 546M->468M(550M) 4.520ms
[13768.463s][info][gc,cpu         ] GC(33221) User=0.01s Sys=0.00s Real=0.01s
[13768.860s][info][gc,start       ] GC(33222) Pause Young (Allocation Failure)
[13768.865s][info][gc,heap        ] GC(33222) PSYoungGen: 82752K(83968K)->1472K(100352K) Eden: 80896K(80896K)->0K(97280K) From: 1856K(3072K)->1472K(3072K)
[13768.865s][info][gc,heap        ] GC(33222) ParOldGen: 478371K(479232K)->478547K(479232K)
[13768.865s][info][gc,metaspace   ] GC(33222) Metaspace: 62228K(62528K)->62228K(62528K) NonClass: 56695K(56896K)->56695K(56896K) Class: 5533K(5632K)->5533K(5632K)
[13768.865s][info][gc             ] GC(33222) Pause Young (Allocation Failure) 547M->468M(566M) 4.845ms
[13768.865s][info][gc,cpu         ] GC(33222) User=0.01s Sys=0.00s Real=0.01s
[13769.342s][info][gc,start       ] GC(33223) Pause Young (Allocation Failure)
[13769.347s][info][gc,heap        ] GC(33223) PSYoungGen: 98752K(100352K)->1312K(100352K) Eden: 97280K(97280K)->0K(97280K) From: 1472K(3072K)->1312K(3072K)
[13769.347s][info][gc,heap        ] GC(33223) ParOldGen: 478547K(479232K)->478707K(479232K)
[13769.347s][info][gc,metaspace   ] GC(33223) Metaspace: 62228K(62528K)->62228K(62528K) NonClass: 56695K(56896K)->56695K(56896K) Class: 5533K(5632K)->5533K(5632K)
[13769.347s][info][gc             ] GC(33223) Pause Young (Allocation Failure) 563M->468M(566M) 4.598ms
[13769.347s][info][gc,cpu         ] GC(33223) User=0.01s Sys=0.00s Real=0.00s
[13769.795s][info][gc,start       ] GC(33224) Pause Young (Allocation Failure)
[13769.799s][info][gc,heap        ] GC(33224) PSYoungGen: 98592K(100352K)->736K(95232K) Eden: 97280K(97280K)->0K(94208K) From: 1312K(3072K)->736K(1024K)
[13769.799s][info][gc,heap        ] GC(33224) ParOldGen: 478707K(479232K)->478875K(479232K)
[13769.799s][info][gc,metaspace   ] GC(33224) Metaspace: 62228K(62528K)->62228K(62528K) NonClass: 56695K(56896K)->56695K(56896K) Class: 5533K(5632K)->5533K(5632K)
[13769.799s][info][gc             ] GC(33224) Pause Young (Allocation Failure) 563M->468M(561M) 3.877ms
[13769.799s][info][gc,cpu         ] GC(33224) User=0.00s Sys=0.00s Real=0.00s
[13770.245s][info][gc,start       ] GC(33225) Pause Young (Allocation Failure)
[13770.250s][info][gc,heap        ] GC(33225) PSYoungGen: 94944K(95232K)->1536K(114688K) Eden: 94208K(94208K)->0K(113152K) From: 736K(1024K)->1536K(1536K)
[13770.250s][info][gc,heap        ] GC(33225) ParOldGen: 478875K(479232K)->479043K(479232K)
[13770.250s][info][gc,metaspace   ] GC(33225) Metaspace: 62228K(62528K)->62228K(62528K) NonClass: 56695K(56896K)->56695K(56896K) Class: 5533K(5632K)->5533K(5632K)
[13770.250s][info][gc             ] GC(33225) Pause Young (Allocation Failure) 560M->469M(580M) 4.846ms
[13770.250s][info][gc,cpu         ] GC(33225) User=0.00s Sys=0.00s Real=0.00s
[13770.779s][info][gc,start       ] GC(33226) Pause Young (Allocation Failure)
[13770.783s][info][gc,heap        ] GC(33226) PSYoungGen: 114688K(114688K)->512K(110080K) Eden: 113152K(113152K)->0K(109568K) From: 1536K(1536K)->512K(512K)
[13770.783s][info][gc,heap        ] GC(33226) ParOldGen: 479043K(479232K)->479179K(479232K)
[13770.783s][info][gc,metaspace   ] GC(33226) Metaspace: 62228K(62528K)->62228K(62528K) NonClass: 56695K(56896K)->56695K(56896K) Class: 5533K(5632K)->5533K(5632K)
[13770.783s][info][gc             ] GC(33226) Pause Young (Allocation Failure) 579M->468M(575M) 3.575ms
[13770.783s][info][gc,cpu         ] GC(33226) User=0.01s Sys=0.00s Real=0.01s
[13771.281s][info][gc,start       ] GC(33227) Pause Young (Allocation Failure)
[13771.285s][info][gc,heap        ] GC(33227) PSYoungGen: 110080K(110080K)->576K(109056K) Eden: 109568K(109568K)->0K(105984K) From: 512K(512K)->576K(3072K)
[13771.285s][info][gc,heap        ] GC(33227) ParOldGen: 479179K(479232K)->479355K(479744K)
[13771.285s][info][gc,metaspace   ] GC(33227) Metaspace: 62228K(62528K)->62228K(62528K) NonClass: 56695K(56896K)->56695K(56896K) Class: 5533K(5632K)->5533K(5632K)
[13771.285s][info][gc             ] GC(33227) Pause Young (Allocation Failure) 575M->468M(575M) 3.753ms
[13771.285s][info][gc,cpu         ] GC(33227) User=0.01s Sys=0.01s Real=0.00s
[13771.754s][info][gc,start       ] GC(33228) Pause Young (Allocation Failure)
[13771.758s][info][gc,heap        ] GC(33228) PSYoungGen: 106560K(109056K)->1696K(104960K) Eden: 105984K(105984K)->0K(102912K) From: 576K(3072K)->1696K(2048K)
[13771.758s][info][gc,heap        ] GC(33228) ParOldGen: 479355K(479744K)->479523K(479744K)
[13771.758s][info][gc,metaspace   ] GC(33228) Metaspace: 62228K(62528K)->62228K(62528K) NonClass: 56695K(56896K)->56695K(56896K) Class: 5533K(5632K)->5533K(5632K)
[13771.758s][info][gc             ] GC(33228) Pause Young (Allocation Failure) 572M->469M(571M) 4.473ms
[13771.758s][info][gc,cpu         ] GC(33228) User=0.00s Sys=0.00s Real=0.00s
[13772.232s][info][gc,start       ] GC(33229) Pause Young (Allocation Failure)
[13772.236s][info][gc,heap        ] GC(33229) PSYoungGen: 104608K(104960K)->1184K(101376K) Eden: 102912K(102912K)->0K(99840K) From: 1696K(2048K)->1184K(1536K)
[13772.236s][info][gc,heap        ] GC(33229) ParOldGen: 479523K(479744K)->479683K(479744K)
[13772.236s][info][gc,metaspace   ] GC(33229) Metaspace: 62228K(62528K)->62228K(62528K) NonClass: 56695K(56896K)->56695K(56896K) Class: 5533K(5632K)->5533K(5632K)
[13772.236s][info][gc             ] GC(33229) Pause Young (Allocation Failure) 570M->469M(567M) 4.018ms
[13772.236s][info][gc,cpu         ] GC(33229) User=0.01s Sys=0.00s Real=0.00s
[13772.763s][info][gc,start       ] GC(33230) Pause Young (Allocation Failure)
[13772.766s][info][gc,heap        ] GC(33230) PSYoungGen: 101024K(101376K)->320K(97280K) Eden: 99840K(99840K)->0K(96768K) From: 1184K(1536K)->320K(512K)
[13772.766s][info][gc,heap        ] GC(33230) ParOldGen: 479683K(479744K)->479835K(480256K)
[13772.766s][info][gc,metaspace   ] GC(33230) Metaspace: 62228K(62528K)->62228K(62528K) NonClass: 56695K(56896K)->56695K(56896K) Class: 5533K(5632K)->5533K(5632K)
[13772.766s][info][gc             ] GC(33230) Pause Young (Allocation Failure) 567M->468M(564M) 3.317ms
[13772.766s][info][gc,cpu         ] GC(33230) User=0.00s Sys=0.00s Real=0.00s
[13773.245s][info][gc,start       ] GC(33231) Pause Young (Allocation Failure)
[13773.249s][info][gc,heap        ] GC(33231) PSYoungGen: 97088K(97280K)->3040K(96768K) Eden: 96768K(96768K)->0K(93696K) From: 320K(512K)->3040K(3072K)
[13773.249s][info][gc,heap        ] GC(33231) ParOldGen: 479835K(480256K)->480371K(480768K)
[13773.249s][info][gc,metaspace   ] GC(33231) Metaspace: 62228K(62528K)->62228K(62528K) NonClass: 56695K(56896K)->56695K(56896K) Class: 5533K(5632K)->5533K(5632K)
[13773.249s][info][gc             ] GC(33231) Pause Young (Allocation Failure) 563M->472M(564M) 4.482ms
[13773.249s][info][gc,cpu         ] GC(33231) User=0.01s Sys=0.00s Real=0.00s
[13773.730s][info][gc,start       ] GC(33232) Pause Young (Allocation Failure)
[13773.734s][info][gc,heap        ] GC(33232) PSYoungGen: 96736K(96768K)->1152K(92672K) Eden: 93696K(93696K)->0K(91136K) From: 3040K(3072K)->1152K(1536K)
[13773.734s][info][gc,heap        ] GC(33232) ParOldGen: 480371K(480768K)->482515K(483840K)
[13773.734s][info][gc,metaspace   ] GC(33232) Metaspace: 62228K(62528K)->62228K(62528K) NonClass: 56695K(56896K)->56695K(56896K) Class: 5533K(5632K)->5533K(5632K)
[13773.735s][info][gc             ] GC(33232) Pause Young (Allocation Failure) 563M->472M(563M) 4.690ms
[13773.735s][info][gc,cpu         ] GC(33232) User=0.01s Sys=0.00s Real=0.01s
[13774.231s][info][gc,start       ] GC(33233) Pause Young (Allocation Failure)
[13774.235s][info][gc,heap        ] GC(33233) PSYoungGen: 92288K(92672K)->880K(89600K) Eden: 91136K(91136K)->0K(88576K) From: 1152K(1536K)->880K(1024K)
[13774.235s][info][gc,heap        ] GC(33233) ParOldGen: 482515K(483840K)->482691K(483840K)
[13774.235s][info][gc,metaspace   ] GC(33233) Metaspace: 62228K(62528K)->62228K(62528K) NonClass: 56695K(56896K)->56695K(56896K) Class: 5533K(5632K)->5533K(5632K)
[13774.235s][info][gc             ] GC(33233) Pause Young (Allocation Failure) 561M->472M(560M) 3.805ms
[13774.235s][info][gc,cpu         ] GC(33233) User=0.01s Sys=0.00s Real=0.00s
[13774.718s][info][gc,start       ] GC(33234) Pause Young (Allocation Failure)
[13774.722s][info][gc,heap        ] GC(33234) PSYoungGen: 89456K(89600K)->1024K(87040K) Eden: 88576K(88576K)->0K(86016K) From: 880K(1024K)->1024K(1024K)
[13774.722s][info][gc,heap        ] GC(33234) ParOldGen: 482691K(483840K)->482923K(483840K)
[13774.722s][info][gc,metaspace   ] GC(33234) Metaspace: 62228K(62528K)->62228K(62528K) NonClass: 56695K(56896K)->56695K(56896K) Class: 5533K(5632K)->5533K(5632K)
[13774.722s][info][gc             ] GC(33234) Pause Young (Allocation Failure) 558M->472M(557M) 3.898ms
[13774.722s][info][gc,cpu         ] GC(33234) User=0.01s Sys=0.00s Real=0.01s
[13775.161s][info][gc,start       ] GC(33235) Pause Young (Allocation Failure)
[13775.165s][info][gc,heap        ] GC(33235) PSYoungGen: 87040K(87040K)->1408K(84992K) Eden: 86016K(86016K)->0K(83456K) From: 1024K(1024K)->1408K(1536K)
[13775.165s][info][gc,heap        ] GC(33235) ParOldGen: 482923K(483840K)->483099K(483840K)
[13775.165s][info][gc,metaspace   ] GC(33235) Metaspace: 62228K(62528K)->62228K(62528K) NonClass: 56695K(56896K)->56695K(56896K) Class: 5533K(5632K)->5533K(5632K)
[13775.165s][info][gc             ] GC(33235) Pause Young (Allocation Failure) 556M->473M(555M) 4.109ms
[13775.165s][info][gc,cpu         ] GC(33235) User=0.01s Sys=0.00s Real=0.01s
[13775.583s][info][gc,start       ] GC(33236) Pause Young (Allocation Failure)
[13775.586s][info][gc,heap        ] GC(33236) PSYoungGen: 84864K(84992K)->512K(81920K) Eden: 83456K(83456K)->0K(81408K) From: 1408K(1536K)->512K(512K)
[13775.586s][info][gc,heap        ] GC(33236) ParOldGen: 483099K(483840K)->483275K(483840K)
[13775.586s][info][gc,metaspace   ] GC(33236) Metaspace: 62228K(62528K)->62228K(62528K) NonClass: 56695K(56896K)->56695K(56896K) Class: 5533K(5632K)->5533K(5632K)
[13775.586s][info][gc             ] GC(33236) Pause Young (Allocation Failure) 554M->472M(552M) 3.403ms
[13775.586s][info][gc,cpu         ] GC(33236) User=0.01s Sys=0.00s Real=0.00s
[13775.989s][info][gc,start       ] GC(33237) Pause Young (Allocation Failure)
[13775.992s][info][gc,heap        ] GC(33237) PSYoungGen: 81920K(81920K)->640K(102400K) Eden: 81408K(81408K)->0K(99328K) From: 512K(512K)->640K(3072K)
[13775.992s][info][gc,heap        ] GC(33237) ParOldGen: 483275K(483840K)->483443K(483840K)
[13775.992s][info][gc,metaspace   ] GC(33237) Metaspace: 62228K(62528K)->62228K(62528K) NonClass: 56695K(56896K)->56695K(56896K) Class: 5533K(5632K)->5533K(5632K)
[13775.992s][info][gc             ] GC(33237) Pause Young (Allocation Failure) 551M->472M(572M) 3.174ms
[13775.992s][info][gc,cpu         ] GC(33237) User=0.01s Sys=0.00s Real=0.01s
[13776.470s][info][gc,start       ] GC(33238) Pause Young (Allocation Failure)
[13776.473s][info][gc,heap        ] GC(33238) PSYoungGen: 99968K(102400K)->384K(96768K) Eden: 99328K(99328K)->0K(96256K) From: 640K(3072K)->384K(512K)
[13776.473s][info][gc,heap        ] GC(33238) ParOldGen: 483443K(483840K)->483595K(483840K)
[13776.473s][info][gc,metaspace   ] GC(33238) Metaspace: 62228K(62528K)->62228K(62528K) NonClass: 56695K(56896K)->56695K(56896K) Class: 5533K(5632K)->5533K(5632K)
[13776.473s][info][gc             ] GC(33238) Pause Young (Allocation Failure) 569M->472M(567M) 3.366ms
[13776.473s][info][gc,cpu         ] GC(33238) User=0.00s Sys=0.00s Real=0.01s
[13776.939s][info][gc,start       ] GC(33239) Pause Young (Allocation Failure)
[13776.943s][info][gc,heap        ] GC(33239) PSYoungGen: 96640K(96768K)->1376K(96256K) Eden: 96256K(96256K)->0K(93184K) From: 384K(512K)->1376K(3072K)
[13776.943s][info][gc,heap        ] GC(33239) ParOldGen: 483595K(483840K)->483755K(483840K)
[13776.943s][info][gc,metaspace   ] GC(33239) Metaspace: 62228K(62528K)->62228K(62528K) NonClass: 56695K(56896K)->56695K(56896K) Class: 5533K(5632K)->5533K(5632K)
[13776.943s][info][gc             ] GC(33239) Pause Young (Allocation Failure) 566M->473M(566M) 4.053ms
[13776.943s][info][gc,cpu         ] GC(33239) User=0.01s Sys=0.00s Real=0.01s
[13777.386s][info][gc,start       ] GC(33240) Pause Young (Allocation Failure)
[13777.390s][info][gc,heap        ] GC(33240) PSYoungGen: 94560K(96256K)->608K(91648K) Eden: 93184K(93184K)->0K(90624K) From: 1376K(3072K)->608K(1024K)
[13777.390s][info][gc,heap        ] GC(33240) ParOldGen: 483755K(483840K)->483923K(484352K)
[13777.390s][info][gc,metaspace   ] GC(33240) Metaspace: 62228K(62528K)->62228K(62528K) NonClass: 56695K(56896K)->56695K(56896K) Class: 5533K(5632K)->5533K(5632K)
[13777.390s][info][gc             ] GC(33240) Pause Young (Allocation Failure) 564M->473M(562M) 3.669ms
[13777.390s][info][gc,cpu         ] GC(33240) User=0.01s Sys=0.00s Real=0.00s
[13777.888s][info][gc,start       ] GC(33241) Pause Young (Allocation Failure)
[13777.892s][info][gc,heap        ] GC(33241) PSYoungGen: 91232K(91648K)->576K(91136K) Eden: 90624K(90624K)->0K(88064K) From: 608K(1024K)->576K(3072K)
[13777.892s][info][gc,heap        ] GC(33241) ParOldGen: 483923K(484352K)->484107K(484352K)
[13777.892s][info][gc,metaspace   ] GC(33241) Metaspace: 62228K(62528K)->62228K(62528K) NonClass: 56695K(56896K)->56695K(56896K) Class: 5533K(5632K)->5533K(5632K)
[13777.892s][info][gc             ] GC(33241) Pause Young (Allocation Failure) 561M->473M(562M) 3.739ms
[13777.892s][info][gc,cpu         ] GC(33241) User=0.01s Sys=0.00s Real=0.01s
[13778.404s][info][gc,start       ] GC(33242) Pause Young (Allocation Failure)
[13778.409s][info][gc,heap        ] GC(33242) PSYoungGen: 88640K(91136K)->1792K(87552K) Eden: 88064K(88064K)->0K(85504K) From: 576K(3072K)->1792K(2048K)
[13778.409s][info][gc,heap        ] GC(33242) ParOldGen: 484107K(484352K)->484275K(484352K)
[13778.409s][info][gc,metaspace   ] GC(33242) Metaspace: 62228K(62528K)->62228K(62528K) NonClass: 56695K(56896K)->56695K(56896K) Class: 5533K(5632K)->5533K(5632K)
[13778.409s][info][gc             ] GC(33242) Pause Young (Allocation Failure) 559M->474M(558M) 4.538ms
[13778.409s][info][gc,cpu         ] GC(33242) User=0.01s Sys=0.00s Real=0.00s
[13778.835s][info][gc,start       ] GC(33243) Pause Young (Allocation Failure)
[13778.840s][info][gc,heap        ] GC(33243) PSYoungGen: 87296K(87552K)->1280K(84480K) Eden: 85504K(85504K)->0K(82944K) From: 1792K(2048K)->1280K(1536K)
[13778.840s][info][gc,heap        ] GC(33243) ParOldGen: 484275K(484352K)->486483K(487424K)
[13778.840s][info][gc,metaspace   ] GC(33243) Metaspace: 62228K(62528K)->62228K(62528K) NonClass: 56695K(56896K)->56695K(56896K) Class: 5533K(5632K)->5533K(5632K)
[13778.840s][info][gc             ] GC(33243) Pause Young (Allocation Failure) 558M->476M(558M) 5.304ms
[13778.840s][info][gc,cpu         ] GC(33243) User=0.01s Sys=0.00s Real=0.00s
[13779.228s][info][gc,start       ] GC(33244) Pause Young (Allocation Failure)
[13779.232s][info][gc,heap        ] GC(33244) PSYoungGen: 84224K(84480K)->3040K(83968K) Eden: 82944K(82944K)->0K(80896K) From: 1280K(1536K)->3040K(3072K)
[13779.232s][info][gc,heap        ] GC(33244) ParOldGen: 486483K(487424K)->486851K(487424K)
[13779.232s][info][gc,metaspace   ] GC(33244) Metaspace: 62228K(62528K)->62228K(62528K) NonClass: 56695K(56896K)->56695K(56896K) Class: 5533K(5632K)->5533K(5632K)
[13779.232s][info][gc             ] GC(33244) Pause Young (Allocation Failure) 557M->478M(558M) 4.497ms
[13779.232s][info][gc,cpu         ] GC(33244) User=0.01s Sys=0.00s Real=0.01s
[13779.662s][info][gc,start       ] GC(33245) Pause Young (Allocation Failure)
[13779.666s][info][gc,heap        ] GC(33245) PSYoungGen: 83936K(83968K)->256K(91648K) Eden: 80896K(80896K)->0K(91136K) From: 3040K(3072K)->256K(512K)
[13779.666s][info][gc,heap        ] GC(33245) ParOldGen: 486851K(487424K)->489011K(489472K)
[13779.666s][info][gc,metaspace   ] GC(33245) Metaspace: 62228K(62528K)->62228K(62528K) NonClass: 56695K(56896K)->56695K(56896K) Class: 5533K(5632K)->5533K(5632K)
[13779.666s][info][gc             ] GC(33245) Pause Young (Allocation Failure) 557M->477M(567M) 4.127ms
[13779.666s][info][gc,cpu         ] GC(33245) User=0.01s Sys=0.00s Real=0.00s
[13780.114s][info][gc,start       ] GC(33246) Pause Young (Allocation Failure)
[13780.118s][info][gc,heap        ] GC(33246) PSYoungGen: 91392K(91648K)->960K(92160K) Eden: 91136K(91136K)->0K(88576K) From: 256K(512K)->960K(3584K)
[13780.118s][info][gc,heap        ] GC(33246) ParOldGen: 489011K(489472K)->489171K(489472K)
[13780.118s][info][gc,metaspace   ] GC(33246) Metaspace: 62228K(62528K)->62228K(62528K) NonClass: 56695K(56896K)->56695K(56896K) Class: 5533K(5632K)->5533K(5632K)
[13780.118s][info][gc             ] GC(33246) Pause Young (Allocation Failure) 566M->478M(568M) 3.885ms
[13780.118s][info][gc,cpu         ] GC(33246) User=0.00s Sys=0.00s Real=0.00s
[13780.575s][info][gc,start       ] GC(33247) Pause Young (Allocation Failure)
[13780.578s][info][gc,heap        ] GC(33247) PSYoungGen: 89536K(92160K)->384K(86528K) Eden: 88576K(88576K)->0K(86016K) From: 960K(3584K)->384K(512K)
[13780.578s][info][gc,heap        ] GC(33247) ParOldGen: 489171K(489472K)->489347K(489472K)
[13780.578s][info][gc,metaspace   ] GC(33247) Metaspace: 62228K(62528K)->62228K(62528K) NonClass: 56695K(56896K)->56695K(56896K) Class: 5533K(5632K)->5533K(5632K)
[13780.578s][info][gc             ] GC(33247) Pause Young (Allocation Failure) 565M->478M(562M) 3.431ms
[13780.578s][info][gc,cpu         ] GC(33247) User=0.01s Sys=0.00s Real=0.00s
[13781.002s][info][gc,start       ] GC(33248) Pause Young (Allocation Failure)
[13781.006s][info][gc,heap        ] GC(33248) PSYoungGen: 86400K(86528K)->832K(84480K) Eden: 86016K(86016K)->0K(83456K) From: 384K(512K)->832K(1024K)
[13781.006s][info][gc,heap        ] GC(33248) ParOldGen: 489347K(489472K)->489523K(489984K)
[13781.006s][info][gc,metaspace   ] GC(33248) Metaspace: 62228K(62528K)->62228K(62528K) NonClass: 56695K(56896K)->56695K(56896K) Class: 5533K(5632K)->5533K(5632K)
[13781.006s][info][gc             ] GC(33248) Pause Young (Allocation Failure) 562M->478M(561M) 3.726ms
[13781.006s][info][gc,cpu         ] GC(33248) User=0.01s Sys=0.00s Real=0.00s
[13781.422s][info][gc,start       ] GC(33249) Pause Young (Allocation Failure)
[13781.426s][info][gc,heap        ] GC(33249) PSYoungGen: 84288K(84480K)->1088K(82944K) Eden: 83456K(83456K)->0K(81408K) From: 832K(1024K)->1088K(1536K)
[13781.426s][info][gc,heap        ] GC(33249) ParOldGen: 489523K(489984K)->489683K(489984K)
[13781.426s][info][gc,metaspace   ] GC(33249) Metaspace: 62228K(62528K)->62228K(62528K) NonClass: 56695K(56896K)->56695K(56896K) Class: 5533K(5632K)->5533K(5632K)
[13781.426s][info][gc             ] GC(33249) Pause Young (Allocation Failure) 560M->479M(559M) 3.826ms
[13781.426s][info][gc,cpu         ] GC(33249) User=0.01s Sys=0.01s Real=0.00s
[13781.807s][info][gc,start       ] GC(33250) Pause Young (Allocation Failure)
[13781.811s][info][gc,heap        ] GC(33250) PSYoungGen: 82496K(82944K)->960K(82944K) Eden: 81408K(81408K)->0K(81920K) From: 1088K(1536K)->960K(1024K)
[13781.811s][info][gc,heap        ] GC(33250) ParOldGen: 489683K(489984K)->489851K(489984K)
[13781.811s][info][gc,metaspace   ] GC(33250) Metaspace: 62228K(62528K)->62228K(62528K) NonClass: 56695K(56896K)->56695K(56896K) Class: 5533K(5632K)->5533K(5632K)
[13781.811s][info][gc             ] GC(33250) Pause Young (Allocation Failure) 558M->479M(559M) 3.696ms
[13781.811s][info][gc,cpu         ] GC(33250) User=0.00s Sys=0.00s Real=0.01s
[13782.192s][info][gc,start       ] GC(33251) Pause Young (Allocation Failure)
[13782.196s][info][gc,heap        ] GC(33251) PSYoungGen: 82880K(82944K)->672K(84992K) Eden: 81920K(81920K)->0K(81920K) From: 960K(1024K)->672K(3072K)
[13782.196s][info][gc,heap        ] GC(33251) ParOldGen: 489851K(489984K)->490027K(490496K)
[13782.196s][info][gc,metaspace   ] GC(33251) Metaspace: 62228K(62528K)->62228K(62528K) NonClass: 56695K(56896K)->56695K(56896K) Class: 5533K(5632K)->5533K(5632K)
[13782.196s][info][gc             ] GC(33251) Pause Young (Allocation Failure) 559M->479M(562M) 3.714ms
[13782.196s][info][gc,cpu         ] GC(33251) User=0.00s Sys=0.00s Real=0.00s
[13782.574s][info][gc,start       ] GC(33252) Pause Young (Allocation Failure)
[13782.577s][info][gc,heap        ] GC(33252) PSYoungGen: 82592K(84992K)->384K(83968K) Eden: 81920K(81920K)->0K(81920K) From: 672K(3072K)->384K(2048K)
[13782.577s][info][gc,heap        ] GC(33252) ParOldGen: 490027K(490496K)->490195K(490496K)
[13782.577s][info][gc,metaspace   ] GC(33252) Metaspace: 62228K(62528K)->62228K(62528K) NonClass: 56695K(56896K)->56695K(56896K) Class: 5533K(5632K)->5533K(5632K)
[13782.577s][info][gc             ] GC(33252) Pause Young (Allocation Failure) 559M->479M(561M) 3.128ms
[13782.577s][info][gc,cpu         ] GC(33252) User=0.00s Sys=0.00s Real=0.00s
[13782.953s][info][gc,start       ] GC(33253) Pause Young (Allocation Failure)
[13782.957s][info][gc,heap        ] GC(33253) PSYoungGen: 82304K(83968K)->1600K(84480K) Eden: 81920K(81920K)->0K(81920K) From: 384K(2048K)->1600K(2560K)
[13782.957s][info][gc,heap        ] GC(33253) ParOldGen: 490195K(490496K)->490355K(490496K)
[13782.957s][info][gc,metaspace   ] GC(33253) Metaspace: 62228K(62528K)->62228K(62528K) NonClass: 56695K(56896K)->56695K(56896K) Class: 5533K(5632K)->5533K(5632K)
[13782.957s][info][gc             ] GC(33253) Pause Young (Allocation Failure) 559M->480M(561M) 4.316ms
[13782.957s][info][gc,cpu         ] GC(33253) User=0.01s Sys=0.00s Real=0.00s
[13783.380s][info][gc,start       ] GC(33254) Pause Young (Allocation Failure)
[13783.383s][info][gc,heap        ] GC(33254) PSYoungGen: 83520K(84480K)->448K(84480K) Eden: 81920K(81920K)->0K(81920K) From: 1600K(2560K)->448K(2560K)
[13783.383s][info][gc,heap        ] GC(33254) ParOldGen: 490355K(490496K)->490523K(491008K)
[13783.383s][info][gc,metaspace   ] GC(33254) Metaspace: 62228K(62528K)->62228K(62528K) NonClass: 56695K(56896K)->56695K(56896K) Class: 5533K(5632K)->5533K(5632K)
[13783.383s][info][gc             ] GC(33254) Pause Young (Allocation Failure) 560M->479M(562M) 3.122ms
[13783.383s][info][gc,cpu         ] GC(33254) User=0.00s Sys=0.00s Real=0.01s
[13783.775s][info][gc,start       ] GC(33255) Pause Young (Allocation Failure)
[13783.778s][info][gc,heap        ] GC(33255) PSYoungGen: 82368K(84480K)->416K(84480K) Eden: 81920K(81920K)->0K(81920K) From: 448K(2560K)->416K(2560K)
[13783.778s][info][gc,heap        ] GC(33255) ParOldGen: 490523K(491008K)->490747K(491008K)
[13783.778s][info][gc,metaspace   ] GC(33255) Metaspace: 62228K(62528K)->62228K(62528K) NonClass: 56695K(56896K)->56695K(56896K) Class: 5533K(5632K)->5533K(5632K)
[13783.778s][info][gc             ] GC(33255) Pause Young (Allocation Failure) 559M->479M(562M) 3.082ms
[13783.778s][info][gc,cpu         ] GC(33255) User=0.00s Sys=0.00s Real=0.00s
[13784.137s][info][gc,start       ] GC(33256) Pause Young (Allocation Failure)
[13784.141s][info][gc,heap        ] GC(33256) PSYoungGen: 82336K(84480K)->1472K(84480K) Eden: 81920K(81920K)->0K(81920K) From: 416K(2560K)->1472K(2560K)
[13784.141s][info][gc,heap        ] GC(33256) ParOldGen: 490747K(491008K)->490923K(491008K)
[13784.141s][info][gc,metaspace   ] GC(33256) Metaspace: 62228K(62528K)->62228K(62528K) NonClass: 56695K(56896K)->56695K(56896K) Class: 5533K(5632K)->5533K(5632K)
[13784.141s][info][gc             ] GC(33256) Pause Young (Allocation Failure) 559M->480M(562M) 4.022ms
[13784.141s][info][gc,cpu         ] GC(33256) User=0.01s Sys=0.00s Real=0.01s
[13784.511s][info][gc,start       ] GC(33257) Pause Young (Allocation Failure)
[13784.515s][info][gc,heap        ] GC(33257) PSYoungGen: 83392K(84480K)->992K(84480K) Eden: 81920K(81920K)->0K(81920K) From: 1472K(2560K)->992K(2560K)
[13784.515s][info][gc,heap        ] GC(33257) ParOldGen: 490923K(491008K)->491091K(491520K)
[13784.515s][info][gc,metaspace   ] GC(33257) Metaspace: 62228K(62528K)->62228K(62528K) NonClass: 56695K(56896K)->56695K(56896K) Class: 5533K(5632K)->5533K(5632K)
[13784.515s][info][gc             ] GC(33257) Pause Young (Allocation Failure) 560M->480M(562M) 3.627ms
[13784.515s][info][gc,cpu         ] GC(33257) User=0.01s Sys=0.00s Real=0.00s
[13784.881s][info][gc,start       ] GC(33258) Pause Young (Allocation Failure)
[13784.884s][info][gc,heap        ] GC(33258) PSYoungGen: 82912K(84480K)->2528K(83456K) Eden: 81920K(81920K)->0K(80896K) From: 992K(2560K)->2528K(2560K)
[13784.884s][info][gc,heap        ] GC(33258) ParOldGen: 491091K(491520K)->491283K(491520K)
[13784.884s][info][gc,metaspace   ] GC(33258) Metaspace: 62228K(62528K)->62228K(62528K) NonClass: 56695K(56896K)->56695K(56896K) Class: 5533K(5632K)->5533K(5632K)
[13784.884s][info][gc             ] GC(33258) Pause Young (Allocation Failure) 560M->482M(561M) 3.422ms
[13784.884s][info][gc,cpu         ] GC(33258) User=0.01s Sys=0.00s Real=0.00s
[13785.264s][info][gc,start       ] GC(33259) Pause Young (Allocation Failure)
[13785.268s][info][gc,heap        ] GC(33259) PSYoungGen: 83424K(83456K)->288K(83968K) Eden: 80896K(80896K)->0K(80896K) From: 2528K(2560K)->288K(3072K)
[13785.268s][info][gc,heap        ] GC(33259) ParOldGen: 491283K(491520K)->493499K(494592K)
[13785.268s][info][gc,metaspace   ] GC(33259) Metaspace: 62228K(62528K)->62228K(62528K) NonClass: 56695K(56896K)->56695K(56896K) Class: 5533K(5632K)->5533K(5632K)
[13785.268s][info][gc             ] GC(33259) Pause Young (Allocation Failure) 561M->482M(565M) 4.077ms
[13785.268s][info][gc,cpu         ] GC(33259) User=0.00s Sys=0.01s Real=0.00s
[13785.619s][info][gc,start       ] GC(33260) Pause Young (Allocation Failure)
[13785.622s][info][gc,heap        ] GC(33260) PSYoungGen: 81184K(83968K)->1184K(83968K) Eden: 80896K(80896K)->0K(80896K) From: 288K(3072K)->1184K(3072K)
[13785.622s][info][gc,heap        ] GC(33260) ParOldGen: 493499K(494592K)->493659K(494592K)
[13785.622s][info][gc,metaspace   ] GC(33260) Metaspace: 62228K(62528K)->62228K(62528K) NonClass: 56695K(56896K)->56695K(56896K) Class: 5533K(5632K)->5533K(5632K)
[13785.622s][info][gc             ] GC(33260) Pause Young (Allocation Failure) 561M->483M(565M) 3.633ms
[13785.622s][info][gc,cpu         ] GC(33260) User=0.01s Sys=0.00s Real=0.01s
[13785.979s][info][gc,start       ] GC(33261) Pause Young (Allocation Failure)
[13785.982s][info][gc,heap        ] GC(33261) PSYoungGen: 82080K(83968K)->512K(83968K) Eden: 80896K(80896K)->0K(80896K) From: 1184K(3072K)->512K(3072K)
[13785.982s][info][gc,heap        ] GC(33261) ParOldGen: 493659K(494592K)->493819K(494592K)
[13785.982s][info][gc,metaspace   ] GC(33261) Metaspace: 62228K(62528K)->62228K(62528K) NonClass: 56695K(56896K)->56695K(56896K) Class: 5533K(5632K)->5533K(5632K)
[13785.982s][info][gc             ] GC(33261) Pause Young (Allocation Failure) 562M->482M(565M) 3.070ms
[13785.982s][info][gc,cpu         ] GC(33261) User=0.01s Sys=0.00s Real=0.01s
[13786.346s][info][gc,start       ] GC(33262) Pause Young (Allocation Failure)
[13786.350s][info][gc,heap        ] GC(33262) PSYoungGen: 81408K(83968K)->1504K(83968K) Eden: 80896K(80896K)->0K(80896K) From: 512K(3072K)->1504K(3072K)
[13786.350s][info][gc,heap        ] GC(33262) ParOldGen: 493819K(494592K)->493979K(494592K)
[13786.350s][info][gc,metaspace   ] GC(33262) Metaspace: 62228K(62528K)->62228K(62528K) NonClass: 56695K(56896K)->56695K(56896K) Class: 5533K(5632K)->5533K(5632K)
[13786.350s][info][gc             ] GC(33262) Pause Young (Allocation Failure) 561M->483M(565M) 3.806ms
[13786.350s][info][gc,cpu         ] GC(33262) User=0.01s Sys=0.00s Real=0.00s
[13786.713s][info][gc,start       ] GC(33263) Pause Young (Allocation Failure)
[13786.716s][info][gc,heap        ] GC(33263) PSYoungGen: 82400K(83968K)->1024K(83968K) Eden: 80896K(80896K)->0K(80896K) From: 1504K(3072K)->1024K(3072K)
[13786.717s][info][gc,heap        ] GC(33263) ParOldGen: 493979K(494592K)->494147K(494592K)
[13786.717s][info][gc,metaspace   ] GC(33263) Metaspace: 62228K(62528K)->62228K(62528K) NonClass: 56695K(56896K)->56695K(56896K) Class: 5533K(5632K)->5533K(5632K)
[13786.717s][info][gc             ] GC(33263) Pause Young (Allocation Failure) 562M->483M(565M) 3.498ms
[13786.717s][info][gc,cpu         ] GC(33263) User=0.01s Sys=0.00s Real=0.00s
[13787.068s][info][gc,start       ] GC(33264) Pause Young (Allocation Failure)
[13787.070s][info][gc,heap        ] GC(33264) PSYoungGen: 81920K(83968K)->320K(84480K) Eden: 80896K(80896K)->0K(81920K) From: 1024K(3072K)->320K(2560K)
[13787.070s][info][gc,heap        ] GC(33264) ParOldGen: 494147K(494592K)->494315K(494592K)
[13787.070s][info][gc,metaspace   ] GC(33264) Metaspace: 62228K(62528K)->62228K(62528K) NonClass: 56695K(56896K)->56695K(56896K) Class: 5533K(5632K)->5533K(5632K)
[13787.070s][info][gc             ] GC(33264) Pause Young (Allocation Failure) 562M->483M(565M) 2.910ms
[13787.070s][info][gc,cpu         ] GC(33264) User=0.00s Sys=0.00s Real=0.00s
[13787.429s][info][gc,start       ] GC(33265) Pause Young (Allocation Failure)
[13787.432s][info][gc,heap        ] GC(33265) PSYoungGen: 82240K(84480K)->1248K(84480K) Eden: 81920K(81920K)->0K(81920K) From: 320K(2560K)->1248K(2560K)
[13787.432s][info][gc,heap        ] GC(33265) ParOldGen: 494315K(494592K)->494483K(494592K)
[13787.432s][info][gc,metaspace   ] GC(33265) Metaspace: 62228K(62528K)->62228K(62528K) NonClass: 56695K(56896K)->56695K(56896K) Class: 5533K(5632K)->5533K(5632K)
[13787.432s][info][gc             ] GC(33265) Pause Young (Allocation Failure) 563M->484M(565M) 3.870ms
[13787.432s][info][gc,cpu         ] GC(33265) User=0.01s Sys=0.00s Real=0.01s
[13787.807s][info][gc,start       ] GC(33266) Pause Young (Allocation Failure)
[13787.811s][info][gc,heap        ] GC(33266) PSYoungGen: 83168K(84480K)->928K(84480K) Eden: 81920K(81920K)->0K(81920K) From: 1248K(2560K)->928K(2560K)
[13787.811s][info][gc,heap        ] GC(33266) ParOldGen: 494483K(494592K)->494651K(495104K)
[13787.811s][info][gc,metaspace   ] GC(33266) Metaspace: 62228K(62528K)->62228K(62528K) NonClass: 56695K(56896K)->56695K(56896K) Class: 5533K(5632K)->5533K(5632K)
[13787.811s][info][gc             ] GC(33266) Pause Young (Allocation Failure) 564M->483M(566M) 3.518ms
[13787.811s][info][gc,cpu         ] GC(33266) User=0.01s Sys=0.00s Real=0.00s
[13788.164s][info][gc,start       ] GC(33267) Pause Young (Allocation Failure)
[13788.166s][info][gc,heap        ] GC(33267) PSYoungGen: 82848K(84480K)->288K(84480K) Eden: 81920K(81920K)->0K(81920K) From: 928K(2560K)->288K(2560K)
[13788.166s][info][gc,heap        ] GC(33267) ParOldGen: 494651K(495104K)->494819K(495104K)
[13788.166s][info][gc,metaspace   ] GC(33267) Metaspace: 62228K(62528K)->62228K(62528K) NonClass: 56695K(56896K)->56695K(56896K) Class: 5533K(5632K)->5533K(5632K)
[13788.166s][info][gc             ] GC(33267) Pause Young (Allocation Failure) 563M->483M(566M) 2.967ms
[13788.166s][info][gc,cpu         ] GC(33267) User=0.01s Sys=0.00s Real=0.00s
[13788.532s][info][gc,start       ] GC(33268) Pause Young (Allocation Failure)
[13788.536s][info][gc,heap        ] GC(33268) PSYoungGen: 82208K(84480K)->1312K(84480K) Eden: 81920K(81920K)->0K(81920K) From: 288K(2560K)->1312K(2560K)
[13788.536s][info][gc,heap        ] GC(33268) ParOldGen: 494819K(495104K)->494987K(495104K)
[13788.536s][info][gc,metaspace   ] GC(33268) Metaspace: 62228K(62528K)->62228K(62528K) NonClass: 56695K(56896K)->56695K(56896K) Class: 5533K(5632K)->5533K(5632K)
[13788.536s][info][gc             ] GC(33268) Pause Young (Allocation Failure) 563M->484M(566M) 3.813ms
[13788.536s][info][gc,cpu         ] GC(33268) User=0.00s Sys=0.00s Real=0.00s
[13788.920s][info][gc,start       ] GC(33269) Pause Young (Allocation Failure)
[13788.924s][info][gc,heap        ] GC(33269) PSYoungGen: 83232K(84480K)->1120K(84480K) Eden: 81920K(81920K)->0K(81920K) From: 1312K(2560K)->1120K(2560K)
[13788.924s][info][gc,heap        ] GC(33269) ParOldGen: 494987K(495104K)->495139K(495616K)
[13788.924s][info][gc,metaspace   ] GC(33269) Metaspace: 62228K(62528K)->62228K(62528K) NonClass: 56695K(56896K)->56695K(56896K) Class: 5533K(5632K)->5533K(5632K)
[13788.924s][info][gc             ] GC(33269) Pause Young (Allocation Failure) 564M->484M(566M) 3.594ms
[13788.924s][info][gc,cpu         ] GC(33269) User=0.01s Sys=0.00s Real=0.01s
[13789.292s][info][gc,start       ] GC(33270) Pause Young (Allocation Failure)
[13789.296s][info][gc,heap        ] GC(33270) PSYoungGen: 83040K(84480K)->704K(84480K) Eden: 81920K(81920K)->0K(81920K) From: 1120K(2560K)->704K(2560K)
[13789.296s][info][gc,heap        ] GC(33270) ParOldGen: 495139K(495616K)->495299K(495616K)
[13789.296s][info][gc,metaspace   ] GC(33270) Metaspace: 62228K(62528K)->62228K(62528K) NonClass: 56695K(56896K)->56695K(56896K) Class: 5533K(5632K)->5533K(5632K)
[13789.296s][info][gc             ] GC(33270) Pause Young (Allocation Failure) 564M->484M(566M) 3.320ms
[13789.296s][info][gc,cpu         ] GC(33270) User=0.01s Sys=0.00s Real=0.00s
[13789.669s][info][gc,start       ] GC(33271) Pause Young (Allocation Failure)
[13789.672s][info][gc,heap        ] GC(33271) PSYoungGen: 82624K(84480K)->352K(84480K) Eden: 81920K(81920K)->0K(81920K) From: 704K(2560K)->352K(2560K)
[13789.672s][info][gc,heap        ] GC(33271) ParOldGen: 495299K(495616K)->495475K(495616K)
[13789.672s][info][gc,metaspace   ] GC(33271) Metaspace: 62228K(62528K)->62228K(62528K) NonClass: 56695K(56896K)->56695K(56896K) Class: 5533K(5632K)->5533K(5632K)
[13789.672s][info][gc             ] GC(33271) Pause Young (Allocation Failure) 564M->484M(566M) 3.002ms
[13789.672s][info][gc,cpu         ] GC(33271) User=0.01s Sys=0.00s Real=0.01s
[13790.042s][info][gc,start       ] GC(33272) Pause Young (Allocation Failure)
[13790.046s][info][gc,heap        ] GC(33272) PSYoungGen: 82268K(84480K)->1408K(84480K) Eden: 81916K(81920K)->0K(81920K) From: 352K(2560K)->1408K(2560K)
[13790.046s][info][gc,heap        ] GC(33272) ParOldGen: 495475K(495616K)->495643K(496128K)
[13790.046s][info][gc,metaspace   ] GC(33272) Metaspace: 62228K(62528K)->62228K(62528K) NonClass: 56695K(56896K)->56695K(56896K) Class: 5533K(5632K)->5533K(5632K)
[13790.046s][info][gc             ] GC(33272) Pause Young (Allocation Failure) 564M->485M(567M) 3.941ms
[13790.046s][info][gc,cpu         ] GC(33272) User=0.01s Sys=0.00s Real=0.00s
[13790.391s][info][gc,start       ] GC(33273) Pause Young (Allocation Failure)
[13790.394s][info][gc,heap        ] GC(33273) PSYoungGen: 83328K(84480K)->2528K(84480K) Eden: 81920K(81920K)->0K(81920K) From: 1408K(2560K)->2528K(2560K)
[13790.394s][info][gc,heap        ] GC(33273) ParOldGen: 495643K(496128K)->495979K(496128K)
[13790.394s][info][gc,metaspace   ] GC(33273) Metaspace: 62228K(62528K)->62228K(62528K) NonClass: 56695K(56896K)->56695K(56896K) Class: 5533K(5632K)->5533K(5632K)
[13790.394s][info][gc             ] GC(33273) Pause Young (Allocation Failure) 565M->486M(567M) 3.592ms
[13790.394s][info][gc,cpu         ] GC(33273) User=0.01s Sys=0.00s Real=0.01s
[13790.743s][info][gc,start       ] GC(33274) Pause Young (Allocation Failure)
[13790.748s][info][gc,heap        ] GC(33274) PSYoungGen: 84448K(84480K)->1600K(83968K) Eden: 81920K(81920K)->0K(81408K) From: 2528K(2560K)->1600K(2560K)
[13790.748s][info][gc,heap        ] GC(33274) ParOldGen: 495979K(496128K)->498131K(499200K)
[13790.748s][info][gc,metaspace   ] GC(33274) Metaspace: 62228K(62528K)->62228K(62528K) NonClass: 56695K(56896K)->56695K(56896K) Class: 5533K(5632K)->5533K(5632K)
[13790.748s][info][gc             ] GC(33274) Pause Young (Allocation Failure) 566M->488M(569M) 4.935ms
[13790.748s][info][gc,cpu         ] GC(33274) User=0.00s Sys=0.00s Real=0.00s
[13791.132s][info][gc,start       ] GC(33275) Pause Young (Allocation Failure)
[13791.136s][info][gc,heap        ] GC(33275) PSYoungGen: 83008K(83968K)->1216K(84480K) Eden: 81408K(81408K)->0K(81408K) From: 1600K(2560K)->1216K(3072K)
[13791.136s][info][gc,heap        ] GC(33275) ParOldGen: 498131K(499200K)->498299K(499200K)
[13791.136s][info][gc,metaspace   ] GC(33275) Metaspace: 62228K(62528K)->62228K(62528K) NonClass: 56695K(56896K)->56695K(56896K) Class: 5533K(5632K)->5533K(5632K)
[13791.136s][info][gc             ] GC(33275) Pause Young (Allocation Failure) 567M->487M(570M) 3.791ms
[13791.136s][info][gc,cpu         ] GC(33275) User=0.00s Sys=0.00s Real=0.00s
[13791.503s][info][gc,start       ] GC(33276) Pause Young (Allocation Failure)
[13791.507s][info][gc,heap        ] GC(33276) PSYoungGen: 82624K(84480K)->896K(99840K) Eden: 81408K(81408K)->0K(97792K) From: 1216K(3072K)->896K(2048K)
[13791.507s][info][gc,heap        ] GC(33276) ParOldGen: 498299K(499200K)->498459K(499200K)
[13791.507s][info][gc,metaspace   ] GC(33276) Metaspace: 62228K(62528K)->62228K(62528K) NonClass: 56695K(56896K)->56695K(56896K) Class: 5533K(5632K)->5533K(5632K)
[13791.507s][info][gc             ] GC(33276) Pause Young (Allocation Failure) 567M->487M(585M) 3.735ms
[13791.507s][info][gc,cpu         ] GC(33276) User=0.00s Sys=0.00s Real=0.00s
[13792.055s][info][gc,start       ] GC(33277) Pause Young (Allocation Failure)
[13792.059s][info][gc,heap        ] GC(33277) PSYoungGen: 98688K(99840K)->1264K(96256K) Eden: 97792K(97792K)->0K(94720K) From: 896K(2048K)->1264K(1536K)
[13792.059s][info][gc,heap        ] GC(33277) ParOldGen: 498459K(499200K)->498603K(499200K)
[13792.059s][info][gc,metaspace   ] GC(33277) Metaspace: 62228K(62528K)->62228K(62528K) NonClass: 56695K(56896K)->56695K(56896K) Class: 5533K(5632K)->5533K(5632K)
[13792.059s][info][gc             ] GC(33277) Pause Young (Allocation Failure) 583M->488M(581M) 4.367ms
[13792.059s][info][gc,cpu         ] GC(33277) User=0.01s Sys=0.00s Real=0.00s
[13792.513s][info][gc,start       ] GC(33278) Pause Young (Allocation Failure)
[13792.517s][info][gc,heap        ] GC(33278) PSYoungGen: 95984K(96256K)->1088K(93696K) Eden: 94720K(94720K)->0K(92160K) From: 1264K(1536K)->1088K(1536K)
[13792.517s][info][gc,heap        ] GC(33278) ParOldGen: 498603K(499200K)->498819K(499200K)
[13792.517s][info][gc,metaspace   ] GC(33278) Metaspace: 62228K(62528K)->62228K(62528K) NonClass: 56695K(56896K)->56695K(56896K) Class: 5533K(5632K)->5533K(5632K)
[13792.517s][info][gc             ] GC(33278) Pause Young (Allocation Failure) 580M->488M(579M) 4.261ms
[13792.517s][info][gc,cpu         ] GC(33278) User=0.01s Sys=0.00s Real=0.00s
[13792.965s][info][gc,start       ] GC(33279) Pause Young (Allocation Failure)
[13792.968s][info][gc,heap        ] GC(33279) PSYoungGen: 93248K(93696K)->288K(90112K) Eden: 92160K(92160K)->0K(89600K) From: 1088K(1536K)->288K(512K)
[13792.968s][info][gc,heap        ] GC(33279) ParOldGen: 498819K(499200K)->498979K(499200K)
[13792.968s][info][gc,metaspace   ] GC(33279) Metaspace: 62228K(62528K)->62228K(62528K) NonClass: 56695K(56896K)->56695K(56896K) Class: 5533K(5632K)->5533K(5632K)
[13792.968s][info][gc             ] GC(33279) Pause Young (Allocation Failure) 578M->487M(575M) 3.080ms
[13792.968s][info][gc,cpu         ] GC(33279) User=0.01s Sys=0.00s Real=0.00s
[13793.367s][info][gc,start       ] GC(33280) Pause Young (Allocation Failure)
[13793.370s][info][gc,heap        ] GC(33280) PSYoungGen: 89888K(90112K)->320K(87552K) Eden: 89600K(89600K)->0K(87040K) From: 288K(512K)->320K(512K)
[13793.370s][info][gc,heap        ] GC(33280) ParOldGen: 498979K(499200K)->499139K(499200K)
[13793.370s][info][gc,metaspace   ] GC(33280) Metaspace: 62228K(62528K)->62228K(62528K) NonClass: 56695K(56896K)->56695K(56896K) Class: 5533K(5632K)->5533K(5632K)
[13793.370s][info][gc             ] GC(33280) Pause Young (Allocation Failure) 575M->487M(573M) 3.141ms
[13793.370s][info][gc,cpu         ] GC(33280) User=0.01s Sys=0.00s Real=0.00s
[13793.768s][info][gc,start       ] GC(33281) Pause Young (Allocation Failure)
[13793.771s][info][gc,heap        ] GC(33281) PSYoungGen: 87360K(87552K)->352K(87040K) Eden: 87040K(87040K)->0K(84480K) From: 320K(512K)->352K(2560K)
[13793.771s][info][gc,heap        ] GC(33281) ParOldGen: 499139K(499200K)->499291K(499712K)
[13793.771s][info][gc,metaspace   ] GC(33281) Metaspace: 62228K(62528K)->62228K(62528K) NonClass: 56695K(56896K)->56695K(56896K) Class: 5533K(5632K)->5533K(5632K)
[13793.771s][info][gc             ] GC(33281) Pause Young (Allocation Failure) 572M->487M(573M) 3.025ms
[13793.771s][info][gc,cpu         ] GC(33281) User=0.01s Sys=0.00s Real=0.01s
[13794.178s][info][gc,start       ] GC(33282) Pause Young (Allocation Failure)
[13794.181s][info][gc,heap        ] GC(33282) PSYoungGen: 84832K(87040K)->512K(91136K) Eden: 84480K(84480K)->0K(90624K) From: 352K(2560K)->512K(512K)
[13794.181s][info][gc,heap        ] GC(33282) ParOldGen: 499291K(499712K)->499451K(499712K)
[13794.181s][info][gc,metaspace   ] GC(33282) Metaspace: 62228K(62528K)->62228K(62528K) NonClass: 56695K(56896K)->56695K(56896K) Class: 5533K(5632K)->5533K(5632K)
[13794.181s][info][gc             ] GC(33282) Pause Young (Allocation Failure) 570M->488M(577M) 3.441ms
[13794.181s][info][gc,cpu         ] GC(33282) User=0.00s Sys=0.00s Real=0.01s
[13794.589s][info][gc,start       ] GC(33283) Pause Young (Allocation Failure)
[13794.593s][info][gc,heap        ] GC(33283) PSYoungGen: 91136K(91136K)->640K(90624K) Eden: 90624K(90624K)->0K(88064K) From: 512K(512K)->640K(2560K)
[13794.593s][info][gc,heap        ] GC(33283) ParOldGen: 499451K(499712K)->499603K(499712K)
[13794.593s][info][gc,metaspace   ] GC(33283) Metaspace: 62228K(62528K)->62228K(62528K) NonClass: 56695K(56896K)->56695K(56896K) Class: 5533K(5632K)->5533K(5632K)
[13794.593s][info][gc             ] GC(33283) Pause Young (Allocation Failure) 576M->488M(576M) 3.340ms
[13794.593s][info][gc,cpu         ] GC(33283) User=0.00s Sys=0.00s Real=0.01s
[13794.998s][info][gc,start       ] GC(33284) Pause Young (Allocation Failure)
[13795.001s][info][gc,heap        ] GC(33284) PSYoungGen: 88704K(90624K)->768K(86528K) Eden: 88064K(88064K)->0K(85504K) From: 640K(2560K)->768K(1024K)
[13795.001s][info][gc,heap        ] GC(33284) ParOldGen: 499603K(499712K)->499779K(500224K)
[13795.001s][info][gc,metaspace   ] GC(33284) Metaspace: 62228K(62528K)->62228K(62528K) NonClass: 56695K(56896K)->56695K(56896K) Class: 5533K(5632K)->5533K(5632K)
[13795.002s][info][gc             ] GC(33284) Pause Young (Allocation Failure) 574M->488M(573M) 3.734ms
[13795.002s][info][gc,cpu         ] GC(33284) User=0.00s Sys=0.01s Real=0.01s
[13795.433s][info][gc,start       ] GC(33285) Pause Young (Allocation Failure)
[13795.436s][info][gc,heap        ] GC(33285) PSYoungGen: 86272K(86528K)->1184K(84480K) Eden: 85504K(85504K)->0K(82944K) From: 768K(1024K)->1184K(1536K)
[13795.436s][info][gc,heap        ] GC(33285) ParOldGen: 499779K(500224K)->499947K(500224K)
[13795.436s][info][gc,metaspace   ] GC(33285) Metaspace: 62228K(62528K)->62228K(62528K) NonClass: 56695K(56896K)->56695K(56896K) Class: 5533K(5632K)->5533K(5632K)
[13795.437s][info][gc             ] GC(33285) Pause Young (Allocation Failure) 572M->489M(571M) 3.929ms
[13795.437s][info][gc,cpu         ] GC(33285) User=0.01s Sys=0.00s Real=0.00s
[13795.850s][info][gc,start       ] GC(33286) Pause Young (Allocation Failure)
[13795.855s][info][gc,heap        ] GC(33286) PSYoungGen: 84128K(84480K)->2528K(90112K) Eden: 82944K(82944K)->0K(87552K) From: 1184K(1536K)->2528K(2560K)
[13795.855s][info][gc,heap        ] GC(33286) ParOldGen: 499947K(500224K)->501051K(501248K)
[13795.855s][info][gc,metaspace   ] GC(33286) Metaspace: 62228K(62528K)->62228K(62528K) NonClass: 56695K(56896K)->56695K(56896K) Class: 5533K(5632K)->5533K(5632K)
[13795.855s][info][gc             ] GC(33286) Pause Young (Allocation Failure) 570M->491M(577M) 4.881ms
[13795.855s][info][gc,cpu         ] GC(33286) User=0.01s Sys=0.00s Real=0.01s
[13796.308s][info][gc,start       ] GC(33287) Pause Young (Allocation Failure)
[13796.313s][info][gc,heap        ] GC(33287) PSYoungGen: 90080K(90112K)->896K(86016K) Eden: 87552K(87552K)->0K(84992K) From: 2528K(2560K)->896K(1024K)
[13796.313s][info][gc,heap        ] GC(33287) ParOldGen: 501051K(501248K)->503203K(504320K)
[13796.313s][info][gc,metaspace   ] GC(33287) Metaspace: 62228K(62528K)->62228K(62528K) NonClass: 56695K(56896K)->56695K(56896K) Class: 5533K(5632K)->5533K(5632K)
[13796.313s][info][gc             ] GC(33287) Pause Young (Allocation Failure) 577M->492M(576M) 4.619ms
[13796.313s][info][gc,cpu         ] GC(33287) User=0.01s Sys=0.00s Real=0.01s
[13796.711s][info][gc,start       ] GC(33288) Pause Young (Allocation Failure)
[13796.715s][info][gc,heap        ] GC(33288) PSYoungGen: 85888K(86016K)->992K(83456K) Eden: 84992K(84992K)->0K(82432K) From: 896K(1024K)->992K(1024K)
[13796.715s][info][gc,heap        ] GC(33288) ParOldGen: 503203K(504320K)->503371K(504320K)
[13796.715s][info][gc,metaspace   ] GC(33288) Metaspace: 62228K(62528K)->62228K(62528K) NonClass: 56695K(56896K)->56695K(56896K) Class: 5533K(5632K)->5533K(5632K)
[13796.715s][info][gc             ] GC(33288) Pause Young (Allocation Failure) 575M->492M(574M) 3.822ms
[13796.715s][info][gc,cpu         ] GC(33288) User=0.00s Sys=0.00s Real=0.00s
[13797.115s][info][gc,start       ] GC(33289) Pause Young (Allocation Failure)
[13797.119s][info][gc,heap        ] GC(33289) PSYoungGen: 83424K(83456K)->960K(86528K) Eden: 82432K(82432K)->0K(83456K) From: 992K(1024K)->960K(3072K)
[13797.119s][info][gc,heap        ] GC(33289) ParOldGen: 503371K(504320K)->503531K(504320K)
[13797.119s][info][gc,metaspace   ] GC(33289) Metaspace: 62228K(62528K)->62228K(62528K) NonClass: 56695K(56896K)->56695K(56896K) Class: 5533K(5632K)->5533K(5632K)
[13797.119s][info][gc             ] GC(33289) Pause Young (Allocation Failure) 573M->492M(577M) 3.718ms
[13797.119s][info][gc,cpu         ] GC(33289) User=0.00s Sys=0.01s Real=0.00s
[13797.503s][info][gc,start       ] GC(33290) Pause Young (Allocation Failure)
[13797.507s][info][gc,heap        ] GC(33290) PSYoungGen: 84416K(86528K)->864K(83456K) Eden: 83456K(83456K)->0K(82432K) From: 960K(3072K)->864K(1024K)
[13797.507s][info][gc,heap        ] GC(33290) ParOldGen: 503531K(504320K)->503691K(504320K)
[13797.507s][info][gc,metaspace   ] GC(33290) Metaspace: 62228K(62528K)->62228K(62528K) NonClass: 56695K(56896K)->56695K(56896K) Class: 5533K(5632K)->5533K(5632K)
[13797.507s][info][gc             ] GC(33290) Pause Young (Allocation Failure) 574M->492M(574M) 3.761ms
[13797.507s][info][gc,cpu         ] GC(33290) User=0.01s Sys=0.00s Real=0.00s
[13797.875s][info][gc,start       ] GC(33291) Pause Young (Allocation Failure)
[13797.878s][info][gc,heap        ] GC(33291) PSYoungGen: 83296K(83456K)->448K(82944K) Eden: 82432K(82432K)->0K(82432K) From: 864K(1024K)->448K(512K)
[13797.878s][info][gc,heap        ] GC(33291) ParOldGen: 503691K(504320K)->503859K(504320K)
[13797.878s][info][gc,metaspace   ] GC(33291) Metaspace: 62228K(62528K)->62228K(62528K) NonClass: 56695K(56896K)->56695K(56896K) Class: 5533K(5632K)->5533K(5632K)
[13797.878s][info][gc             ] GC(33291) Pause Young (Allocation Failure) 573M->492M(573M) 3.215ms
[13797.878s][info][gc,cpu         ] GC(33291) User=0.00s Sys=0.00s Real=0.00s
[13798.321s][info][gc,start       ] GC(33292) Pause Young (Allocation Failure)
[13798.325s][info][gc,heap        ] GC(33292) PSYoungGen: 82880K(82944K)->1024K(84480K) Eden: 82432K(82432K)->0K(81920K) From: 448K(512K)->1024K(2560K)
[13798.325s][info][gc,heap        ] GC(33292) ParOldGen: 503859K(504320K)->504027K(504320K)
[13798.325s][info][gc,metaspace   ] GC(33292) Metaspace: 62228K(62528K)->62228K(62528K) NonClass: 56695K(56896K)->56695K(56896K) Class: 5533K(5632K)->5533K(5632K)
[13798.325s][info][gc             ] GC(33292) Pause Young (Allocation Failure) 572M->493M(575M) 3.653ms
[13798.325s][info][gc,cpu         ] GC(33292) User=0.00s Sys=0.00s Real=0.00s
[13798.740s][info][gc,start       ] GC(33293) Pause Young (Allocation Failure)
[13798.743s][info][gc,heap        ] GC(33293) PSYoungGen: 82944K(84480K)->1344K(84480K) Eden: 81920K(81920K)->0K(81920K) From: 1024K(2560K)->1344K(2560K)
[13798.743s][info][gc,heap        ] GC(33293) ParOldGen: 504027K(504320K)->504195K(504320K)
[13798.743s][info][gc,metaspace   ] GC(33293) Metaspace: 62228K(62528K)->62228K(62528K) NonClass: 56695K(56896K)->56695K(56896K) Class: 5533K(5632K)->5533K(5632K)
[13798.743s][info][gc             ] GC(33293) Pause Young (Allocation Failure) 573M->493M(575M) 3.870ms
[13798.743s][info][gc,cpu         ] GC(33293) User=0.01s Sys=0.00s Real=0.01s
[13799.149s][info][gc,start       ] GC(33294) Pause Young (Allocation Failure)
[13799.153s][info][gc,heap        ] GC(33294) PSYoungGen: 83264K(84480K)->1440K(84480K) Eden: 81920K(81920K)->0K(81920K) From: 1344K(2560K)->1440K(2560K)
[13799.153s][info][gc,heap        ] GC(33294) ParOldGen: 504195K(504320K)->504363K(504832K)
[13799.153s][info][gc,metaspace   ] GC(33294) Metaspace: 62228K(62528K)->62228K(62528K) NonClass: 56695K(56896K)->56695K(56896K) Class: 5533K(5632K)->5533K(5632K)
[13799.154s][info][gc             ] GC(33294) Pause Young (Allocation Failure) 573M->493M(575M) 4.131ms
[13799.154s][info][gc,cpu         ] GC(33294) User=0.00s Sys=0.00s Real=0.01s
[13799.593s][info][gc,start       ] GC(33295) Pause Young (Allocation Failure)
[13799.596s][info][gc,heap        ] GC(33295) PSYoungGen: 83360K(84480K)->672K(84480K) Eden: 81920K(81920K)->0K(81920K) From: 1440K(2560K)->672K(2560K)
[13799.596s][info][gc,heap        ] GC(33295) ParOldGen: 504363K(504832K)->504531K(504832K)
[13799.596s][info][gc,metaspace   ] GC(33295) Metaspace: 62228K(62528K)->62228K(62528K) NonClass: 56695K(56896K)->56695K(56896K) Class: 5533K(5632K)->5533K(5632K)
[13799.596s][info][gc             ] GC(33295) Pause Young (Allocation Failure) 573M->493M(575M) 3.354ms
[13799.596s][info][gc,cpu         ] GC(33295) User=0.00s Sys=0.00s Real=0.00s
[13799.992s][info][gc,start       ] GC(33296) Pause Young (Allocation Failure)
[13799.995s][info][gc,heap        ] GC(33296) PSYoungGen: 82592K(84480K)->672K(84480K) Eden: 81920K(81920K)->0K(81920K) From: 672K(2560K)->672K(2560K)
[13799.995s][info][gc,heap        ] GC(33296) ParOldGen: 504531K(504832K)->504707K(504832K)
[13799.995s][info][gc,metaspace   ] GC(33296) Metaspace: 62228K(62528K)->62228K(62528K) NonClass: 56695K(56896K)->56695K(56896K) Class: 5533K(5632K)->5533K(5632K)
[13799.995s][info][gc             ] GC(33296) Pause Young (Allocation Failure) 573M->493M(575M) 3.488ms
[13799.995s][info][gc,cpu         ] GC(33296) User=0.00s Sys=0.00s Real=0.00s
[13800.450s][info][gc,start       ] GC(33297) Pause Young (Allocation Failure)
[13800.454s][info][gc,heap        ] GC(33297) PSYoungGen: 82592K(84480K)->1376K(84480K) Eden: 81920K(81920K)->0K(81920K) From: 672K(2560K)->1376K(2560K)
[13800.454s][info][gc,heap        ] GC(33297) ParOldGen: 504707K(504832K)->504875K(505344K)
[13800.454s][info][gc,metaspace   ] GC(33297) Metaspace: 62228K(62528K)->62228K(62528K) NonClass: 56695K(56896K)->56695K(56896K) Class: 5533K(5632K)->5533K(5632K)
[13800.454s][info][gc             ] GC(33297) Pause Young (Allocation Failure) 573M->494M(576M) 4.356ms
[13800.454s][info][gc,cpu         ] GC(33297) User=0.01s Sys=0.00s Real=0.01s
[13800.919s][info][gc,start       ] GC(33298) Pause Young (Allocation Failure)
[13800.922s][info][gc,heap        ] GC(33298) PSYoungGen: 83296K(84480K)->1056K(84480K) Eden: 81920K(81920K)->0K(81920K) From: 1376K(2560K)->1056K(2560K)
[13800.923s][info][gc,heap        ] GC(33298) ParOldGen: 504875K(505344K)->505043K(505344K)
[13800.923s][info][gc,metaspace   ] GC(33298) Metaspace: 62228K(62528K)->62228K(62528K) NonClass: 56695K(56896K)->56695K(56896K) Class: 5533K(5632K)->5533K(5632K)
[13800.923s][info][gc             ] GC(33298) Pause Young (Allocation Failure) 574M->494M(576M) 3.635ms
[13800.923s][info][gc,cpu         ] GC(33298) User=0.01s Sys=0.00s Real=0.01s
[13801.335s][info][gc,start       ] GC(33299) Pause Young (Allocation Failure)
[13801.339s][info][gc,heap        ] GC(33299) PSYoungGen: 82976K(84480K)->1248K(84480K) Eden: 81920K(81920K)->0K(81920K) From: 1056K(2560K)->1248K(2560K)
[13801.339s][info][gc,heap        ] GC(33299) ParOldGen: 505043K(505344K)->505259K(505344K)
[13801.339s][info][gc,metaspace   ] GC(33299) Metaspace: 62228K(62528K)->62228K(62528K) NonClass: 56695K(56896K)->56695K(56896K) Class: 5533K(5632K)->5533K(5632K)
[13801.339s][info][gc             ] GC(33299) Pause Young (Allocation Failure) 574M->494M(576M) 3.925ms
[13801.339s][info][gc,cpu         ] GC(33299) User=0.01s Sys=0.00s Real=0.00s
[13801.736s][info][gc,start       ] GC(33300) Pause Young (Allocation Failure)
[13801.741s][info][gc,heap        ] GC(33300) PSYoungGen: 83168K(84480K)->2528K(83456K) Eden: 81920K(81920K)->0K(80896K) From: 1248K(2560K)->2528K(2560K)
[13801.741s][info][gc,heap        ] GC(33300) ParOldGen: 505259K(505344K)->506147K(506368K)
[13801.741s][info][gc,metaspace   ] GC(33300) Metaspace: 62228K(62528K)->62228K(62528K) NonClass: 56695K(56896K)->56695K(56896K) Class: 5533K(5632K)->5533K(5632K)
[13801.741s][info][gc             ] GC(33300) Pause Young (Allocation Failure) 574M->496M(576M) 4.473ms
[13801.741s][info][gc,cpu         ] GC(33300) User=0.01s Sys=0.00s Real=0.00s
[13802.112s][info][gc,start       ] GC(33301) Pause Young (Allocation Failure)
[13802.116s][info][gc,heap        ] GC(33301) PSYoungGen: 83424K(83456K)->992K(83968K) Eden: 80896K(80896K)->0K(80896K) From: 2528K(2560K)->992K(3072K)
[13802.116s][info][gc,heap        ] GC(33301) ParOldGen: 506147K(506368K)->508307K(509440K)
[13802.116s][info][gc,metaspace   ] GC(33301) Metaspace: 62228K(62528K)->62228K(62528K) NonClass: 56695K(56896K)->56695K(56896K) Class: 5533K(5632K)->5533K(5632K)
[13802.116s][info][gc             ] GC(33301) Pause Young (Allocation Failure) 575M->497M(579M) 4.413ms
[13802.116s][info][gc,cpu         ] GC(33301) User=0.01s Sys=0.00s Real=0.00s
[13802.521s][info][gc,start       ] GC(33302) Pause Young (Allocation Failure)
[13802.524s][info][gc,heap        ] GC(33302) PSYoungGen: 81888K(83968K)->992K(83968K) Eden: 80896K(80896K)->0K(80896K) From: 992K(3072K)->992K(3072K)
[13802.524s][info][gc,heap        ] GC(33302) ParOldGen: 508307K(509440K)->508467K(509440K)
[13802.524s][info][gc,metaspace   ] GC(33302) Metaspace: 62228K(62528K)->62228K(62528K) NonClass: 56695K(56896K)->56695K(56896K) Class: 5533K(5632K)->5533K(5632K)
[13802.524s][info][gc             ] GC(33302) Pause Young (Allocation Failure) 576M->497M(579M) 3.585ms
[13802.524s][info][gc,cpu         ] GC(33302) User=0.00s Sys=0.00s Real=0.01s
[13802.935s][info][gc,start       ] GC(33303) Pause Young (Allocation Failure)
[13802.939s][info][gc,heap        ] GC(33303) PSYoungGen: 81888K(83968K)->1216K(83968K) Eden: 80896K(80896K)->0K(80896K) From: 992K(3072K)->1216K(3072K)
[13802.939s][info][gc,heap        ] GC(33303) ParOldGen: 508467K(509440K)->508643K(509440K)
[13802.939s][info][gc,metaspace   ] GC(33303) Metaspace: 62228K(62528K)->62228K(62528K) NonClass: 56695K(56896K)->56695K(56896K) Class: 5533K(5632K)->5533K(5632K)
[13802.939s][info][gc             ] GC(33303) Pause Young (Allocation Failure) 576M->497M(579M) 3.844ms
[13802.939s][info][gc,cpu         ] GC(33303) User=0.01s Sys=0.00s Real=0.00s
[13803.343s][info][gc,start       ] GC(33304) Pause Young (Allocation Failure)
[13803.346s][info][gc,heap        ] GC(33304) PSYoungGen: 82112K(83968K)->1312K(84480K) Eden: 80896K(80896K)->0K(81920K) From: 1216K(3072K)->1312K(2560K)
[13803.346s][info][gc,heap        ] GC(33304) ParOldGen: 508643K(509440K)->508811K(509440K)
[13803.346s][info][gc,metaspace   ] GC(33304) Metaspace: 62228K(62528K)->62228K(62528K) NonClass: 56695K(56896K)->56695K(56896K) Class: 5533K(5632K)->5533K(5632K)
[13803.346s][info][gc             ] GC(33304) Pause Young (Allocation Failure) 576M->498M(580M) 3.886ms
[13803.346s][info][gc,cpu         ] GC(33304) User=0.01s Sys=0.00s Real=0.00s
[13803.760s][info][gc,start       ] GC(33305) Pause Young (Allocation Failure)
[13803.764s][info][gc,heap        ] GC(33305) PSYoungGen: 83232K(84480K)->1600K(84480K) Eden: 81920K(81920K)->0K(81920K) From: 1312K(2560K)->1600K(2560K)
[13803.764s][info][gc,heap        ] GC(33305) ParOldGen: 508811K(509440K)->508979K(509440K)
[13803.764s][info][gc,metaspace   ] GC(33305) Metaspace: 62228K(62528K)->62228K(62528K) NonClass: 56695K(56896K)->56695K(56896K) Class: 5533K(5632K)->5533K(5632K)
[13803.764s][info][gc             ] GC(33305) Pause Young (Allocation Failure) 578M->498M(580M) 4.143ms
[13803.764s][info][gc,cpu         ] GC(33305) User=0.00s Sys=0.00s Real=0.01s
[13804.138s][info][gc,start       ] GC(33306) Pause Young (Allocation Failure)
[13804.142s][info][gc,heap        ] GC(33306) PSYoungGen: 83520K(84480K)->1312K(84480K) Eden: 81920K(81920K)->0K(81920K) From: 1600K(2560K)->1312K(2560K)
[13804.142s][info][gc,heap        ] GC(33306) ParOldGen: 508979K(509440K)->509147K(509440K)
[13804.142s][info][gc,metaspace   ] GC(33306) Metaspace: 62228K(62528K)->62228K(62528K) NonClass: 56695K(56896K)->56695K(56896K) Class: 5533K(5632K)->5533K(5632K)
[13804.142s][info][gc             ] GC(33306) Pause Young (Allocation Failure) 578M->498M(580M) 3.969ms
[13804.142s][info][gc,cpu         ] GC(33306) User=0.00s Sys=0.00s Real=0.01s
[13804.555s][info][gc,start       ] GC(33307) Pause Young (Allocation Failure)
[13804.559s][info][gc,heap        ] GC(33307) PSYoungGen: 83232K(84480K)->1440K(84480K) Eden: 81920K(81920K)->0K(81920K) From: 1312K(2560K)->1440K(2560K)
[13804.559s][info][gc,heap        ] GC(33307) ParOldGen: 509147K(509440K)->509307K(509440K)
[13804.559s][info][gc,metaspace   ] GC(33307) Metaspace: 62228K(62528K)->62228K(62528K) NonClass: 56695K(56896K)->56695K(56896K) Class: 5533K(5632K)->5533K(5632K)
[13804.559s][info][gc             ] GC(33307) Pause Young (Allocation Failure) 578M->498M(580M) 4.176ms
[13804.559s][info][gc,cpu         ] GC(33307) User=0.01s Sys=0.00s Real=0.00s
[13804.927s][info][gc,start       ] GC(33308) Pause Young (Allocation Failure)
[13804.931s][info][gc,heap        ] GC(33308) PSYoungGen: 83360K(84480K)->1184K(84480K) Eden: 81920K(81920K)->0K(81920K) From: 1440K(2560K)->1184K(2560K)
[13804.931s][info][gc,heap        ] GC(33308) ParOldGen: 509307K(509440K)->509475K(509952K)
[13804.931s][info][gc,metaspace   ] GC(33308) Metaspace: 62228K(62528K)->62228K(62528K) NonClass: 56695K(56896K)->56695K(56896K) Class: 5533K(5632K)->5533K(5632K)
[13804.931s][info][gc             ] GC(33308) Pause Young (Allocation Failure) 578M->498M(580M) 3.809ms
[13804.931s][info][gc,cpu         ] GC(33308) User=0.00s Sys=0.00s Real=0.01s
[13805.329s][info][gc,start       ] GC(33309) Pause Young (Allocation Failure)
[13805.333s][info][gc,heap        ] GC(33309) PSYoungGen: 83104K(84480K)->1088K(84480K) Eden: 81920K(81920K)->0K(81920K) From: 1184K(2560K)->1088K(2560K)
[13805.333s][info][gc,heap        ] GC(33309) ParOldGen: 509475K(509952K)->509635K(509952K)
[13805.333s][info][gc,metaspace   ] GC(33309) Metaspace: 62228K(62528K)->62228K(62528K) NonClass: 56695K(56896K)->56695K(56896K) Class: 5533K(5632K)->5533K(5632K)
[13805.333s][info][gc             ] GC(33309) Pause Young (Allocation Failure) 578M->498M(580M) 3.696ms
[13805.333s][info][gc,cpu         ] GC(33309) User=0.01s Sys=0.00s Real=0.01s
[13805.714s][info][gc,start       ] GC(33310) Pause Young (Allocation Failure)
[13805.717s][info][gc,heap        ] GC(33310) PSYoungGen: 83008K(84480K)->992K(84480K) Eden: 81920K(81920K)->0K(81920K) From: 1088K(2560K)->992K(2560K)
[13805.718s][info][gc,heap        ] GC(33310) ParOldGen: 509635K(509952K)->509803K(509952K)
[13805.718s][info][gc,metaspace   ] GC(33310) Metaspace: 62228K(62528K)->62228K(62528K) NonClass: 56695K(56896K)->56695K(56896K) Class: 5533K(5632K)->5533K(5632K)
[13805.718s][info][gc             ] GC(33310) Pause Young (Allocation Failure) 578M->498M(580M) 3.603ms
[13805.718s][info][gc,cpu         ] GC(33310) User=0.01s Sys=0.00s Real=0.00s
[13806.083s][info][gc,start       ] GC(33311) Pause Young (Allocation Failure)
[13806.086s][info][gc,heap        ] GC(33311) PSYoungGen: 82912K(84480K)->576K(84480K) Eden: 81920K(81920K)->0K(81920K) From: 992K(2560K)->576K(2560K)
[13806.086s][info][gc,heap        ] GC(33311) ParOldGen: 509803K(509952K)->509963K(510464K)
[13806.086s][info][gc,metaspace   ] GC(33311) Metaspace: 62228K(62528K)->62228K(62528K) NonClass: 56695K(56896K)->56695K(56896K) Class: 5533K(5632K)->5533K(5632K)
[13806.086s][info][gc             ] GC(33311) Pause Young (Allocation Failure) 578M->498M(581M) 3.328ms
[13806.086s][info][gc,cpu         ] GC(33311) User=0.00s Sys=0.00s Real=0.00s
[13806.503s][info][gc,start       ] GC(33312) Pause Young (Allocation Failure)
[13806.506s][info][gc,heap        ] GC(33312) PSYoungGen: 82496K(84480K)->800K(84480K) Eden: 81920K(81920K)->0K(81920K) From: 576K(2560K)->800K(2560K)
[13806.506s][info][gc,heap        ] GC(33312) ParOldGen: 509963K(510464K)->510123K(510464K)
[13806.506s][info][gc,metaspace   ] GC(33312) Metaspace: 62228K(62528K)->62228K(62528K) NonClass: 56695K(56896K)->56695K(56896K) Class: 5533K(5632K)->5533K(5632K)
[13806.506s][info][gc             ] GC(33312) Pause Young (Allocation Failure) 578M->498M(581M) 3.459ms
[13806.506s][info][gc,cpu         ] GC(33312) User=0.00s Sys=0.00s Real=0.00s
[13806.908s][info][gc,start       ] GC(33313) Pause Young (Allocation Failure)
[13806.912s][info][gc,heap        ] GC(33313) PSYoungGen: 82720K(84480K)->864K(84480K) Eden: 81920K(81920K)->0K(81920K) From: 800K(2560K)->864K(2560K)
[13806.912s][info][gc,heap        ] GC(33313) ParOldGen: 510123K(510464K)->510283K(510464K)
[13806.912s][info][gc,metaspace   ] GC(33313) Metaspace: 62228K(62528K)->62228K(62528K) NonClass: 56695K(56896K)->56695K(56896K) Class: 5533K(5632K)->5533K(5632K)
[13806.912s][info][gc             ] GC(33313) Pause Young (Allocation Failure) 578M->499M(581M) 3.653ms
[13806.912s][info][gc,cpu         ] GC(33313) User=0.00s Sys=0.00s Real=0.01s
[13807.310s][info][gc,start       ] GC(33314) Pause Young (Allocation Failure)
[13807.314s][info][gc,heap        ] GC(33314) PSYoungGen: 82784K(84480K)->1888K(83968K) Eden: 81920K(81920K)->0K(81920K) From: 864K(2560K)->1888K(2048K)
[13807.314s][info][gc,heap        ] GC(33314) ParOldGen: 510283K(510464K)->511475K(512000K)
[13807.314s][info][gc,metaspace   ] GC(33314) Metaspace: 62228K(62528K)->62228K(62528K) NonClass: 56695K(56896K)->56695K(56896K) Class: 5533K(5632K)->5533K(5632K)
[13807.314s][info][gc             ] GC(33314) Pause Young (Allocation Failure) 579M->501M(582M) 4.210ms
[13807.314s][info][gc,cpu         ] GC(33314) User=0.01s Sys=0.00s Real=0.01s
[13807.699s][info][gc,start       ] GC(33315) Pause Young (Allocation Failure)
[13807.704s][info][gc,heap        ] GC(33315) PSYoungGen: 83808K(83968K)->832K(84480K) Eden: 81920K(81920K)->0K(81920K) From: 1888K(2048K)->832K(2560K)
[13807.704s][info][gc,heap        ] GC(33315) ParOldGen: 511475K(512000K)->513699K(515072K)
[13807.704s][info][gc,metaspace   ] GC(33315) Metaspace: 62228K(62528K)->62228K(62528K) NonClass: 56695K(56896K)->56695K(56896K) Class: 5533K(5632K)->5533K(5632K)
[13807.704s][info][gc             ] GC(33315) Pause Young (Allocation Failure) 581M->502M(585M) 4.574ms
[13807.704s][info][gc,cpu         ] GC(33315) User=0.00s Sys=0.01s Real=0.01s
[13808.132s][info][gc,start       ] GC(33316) Pause Young (Allocation Failure)
[13808.136s][info][gc,heap        ] GC(33316) PSYoungGen: 82752K(84480K)->1152K(84480K) Eden: 81920K(81920K)->0K(81920K) From: 832K(2560K)->1152K(2560K)
[13808.136s][info][gc,heap        ] GC(33316) ParOldGen: 513699K(515072K)->513859K(515072K)
[13808.136s][info][gc,metaspace   ] GC(33316) Metaspace: 62228K(62528K)->62228K(62528K) NonClass: 56695K(56896K)->56695K(56896K) Class: 5533K(5632K)->5533K(5632K)
[13808.136s][info][gc             ] GC(33316) Pause Young (Allocation Failure) 582M->502M(585M) 3.958ms
[13808.136s][info][gc,cpu         ] GC(33316) User=0.01s Sys=0.00s Real=0.00s
[13808.523s][info][gc,start       ] GC(33317) Pause Young (Allocation Failure)
[13808.527s][info][gc,heap        ] GC(33317) PSYoungGen: 83072K(84480K)->1024K(84480K) Eden: 81920K(81920K)->0K(81920K) From: 1152K(2560K)->1024K(2560K)
[13808.527s][info][gc,heap        ] GC(33317) ParOldGen: 513859K(515072K)->514027K(515072K)
[13808.527s][info][gc,metaspace   ] GC(33317) Metaspace: 62228K(62528K)->62228K(62528K) NonClass: 56695K(56896K)->56695K(56896K) Class: 5533K(5632K)->5533K(5632K)
[13808.527s][info][gc             ] GC(33317) Pause Young (Allocation Failure) 582M->502M(585M) 3.920ms
[13808.527s][info][gc,cpu         ] GC(33317) User=0.01s Sys=0.00s Real=0.00s
[13808.931s][info][gc,start       ] GC(33318) Pause Young (Allocation Failure)
[13808.935s][info][gc,heap        ] GC(33318) PSYoungGen: 82944K(84480K)->1120K(84992K) Eden: 81920K(81920K)->0K(82944K) From: 1024K(2560K)->1120K(2048K)
[13808.935s][info][gc,heap        ] GC(33318) ParOldGen: 514027K(515072K)->514195K(515072K)
[13808.935s][info][gc,metaspace   ] GC(33318) Metaspace: 62228K(62528K)->62228K(62528K) NonClass: 56695K(56896K)->56695K(56896K) Class: 5533K(5632K)->5533K(5632K)
[13808.935s][info][gc             ] GC(33318) Pause Young (Allocation Failure) 582M->503M(586M) 3.836ms
[13808.935s][info][gc,cpu         ] GC(33318) User=0.00s Sys=0.00s Real=0.00s
[13809.308s][info][gc,start       ] GC(33319) Pause Young (Allocation Failure)
[13809.311s][info][gc,heap        ] GC(33319) PSYoungGen: 84064K(84992K)->960K(84992K) Eden: 82944K(82944K)->0K(82944K) From: 1120K(2048K)->960K(2048K)
[13809.311s][info][gc,heap        ] GC(33319) ParOldGen: 514195K(515072K)->514355K(515072K)
[13809.311s][info][gc,metaspace   ] GC(33319) Metaspace: 62228K(62528K)->62228K(62528K) NonClass: 56695K(56896K)->56695K(56896K) Class: 5533K(5632K)->5533K(5632K)
[13809.311s][info][gc             ] GC(33319) Pause Young (Allocation Failure) 584M->503M(586M) 3.642ms
[13809.311s][info][gc,cpu         ] GC(33319) User=0.00s Sys=0.00s Real=0.01s
[13809.748s][info][gc,start       ] GC(33320) Pause Young (Allocation Failure)
[13809.751s][info][gc,heap        ] GC(33320) PSYoungGen: 83904K(84992K)->1424K(84992K) Eden: 82944K(82944K)->0K(82944K) From: 960K(2048K)->1424K(2048K)
[13809.751s][info][gc,heap        ] GC(33320) ParOldGen: 514355K(515072K)->514515K(515072K)
[13809.751s][info][gc,metaspace   ] GC(33320) Metaspace: 62228K(62528K)->62228K(62528K) NonClass: 56695K(56896K)->56695K(56896K) Class: 5533K(5632K)->5533K(5632K)
[13809.752s][info][gc             ] GC(33320) Pause Young (Allocation Failure) 584M->503M(586M) 4.055ms
[13809.752s][info][gc,cpu         ] GC(33320) User=0.00s Sys=0.00s Real=0.01s
[13810.128s][info][gc,start       ] GC(33321) Pause Young (Allocation Failure)
[13810.132s][info][gc,heap        ] GC(33321) PSYoungGen: 84368K(84992K)->1152K(84992K) Eden: 82944K(82944K)->0K(82944K) From: 1424K(2048K)->1152K(2048K)
[13810.132s][info][gc,heap        ] GC(33321) ParOldGen: 514515K(515072K)->514723K(515072K)
[13810.132s][info][gc,metaspace   ] GC(33321) Metaspace: 62228K(62528K)->62228K(62528K) NonClass: 56695K(56896K)->56695K(56896K) Class: 5533K(5632K)->5533K(5632K)
[13810.132s][info][gc             ] GC(33321) Pause Young (Allocation Failure) 584M->503M(586M) 4.059ms
[13810.132s][info][gc,cpu         ] GC(33321) User=0.01s Sys=0.00s Real=0.01s
[13810.551s][info][gc,start       ] GC(33322) Pause Young (Allocation Failure)
[13810.555s][info][gc,heap        ] GC(33322) PSYoungGen: 84096K(84992K)->1408K(84992K) Eden: 82944K(82944K)->0K(82944K) From: 1152K(2048K)->1408K(2048K)
[13810.555s][info][gc,heap        ] GC(33322) ParOldGen: 514723K(515072K)->514875K(515072K)
[13810.555s][info][gc,metaspace   ] GC(33322) Metaspace: 62228K(62528K)->62228K(62528K) NonClass: 56695K(56896K)->56695K(56896K) Class: 5533K(5632K)->5533K(5632K)
[13810.555s][info][gc             ] GC(33322) Pause Young (Allocation Failure) 584M->504M(586M) 3.971ms
[13810.555s][info][gc,cpu         ] GC(33322) User=0.01s Sys=0.00s Real=0.00s
[13810.996s][info][gc,start       ] GC(33323) Pause Young (Allocation Failure)
[13811.000s][info][gc,heap        ] GC(33323) PSYoungGen: 84352K(84992K)->768K(84992K) Eden: 82944K(82944K)->0K(82944K) From: 1408K(2048K)->768K(2048K)
[13811.000s][info][gc,heap        ] GC(33323) ParOldGen: 514875K(515072K)->515043K(515072K)
[13811.000s][info][gc,metaspace   ] GC(33323) Metaspace: 62228K(62528K)->62228K(62528K) NonClass: 56695K(56896K)->56695K(56896K) Class: 5533K(5632K)->5533K(5632K)
[13811.000s][info][gc             ] GC(33323) Pause Young (Allocation Failure) 585M->503M(586M) 3.429ms
[13811.000s][info][gc,cpu         ] GC(33323) User=0.01s Sys=0.00s Real=0.00s
[13811.387s][info][gc,start       ] GC(33324) Pause Young (Allocation Failure)
[13811.391s][info][gc,heap        ] GC(33324) PSYoungGen: 83712K(84992K)->576K(84992K) Eden: 82944K(82944K)->0K(82944K) From: 768K(2048K)->576K(2048K)
[13811.391s][info][gc,heap        ] GC(33324) ParOldGen: 515043K(515072K)->515219K(515584K)
[13811.391s][info][gc,metaspace   ] GC(33324) Metaspace: 62228K(62528K)->62228K(62528K) NonClass: 56695K(56896K)->56695K(56896K) Class: 5533K(5632K)->5533K(5632K)
[13811.391s][info][gc             ] GC(33324) Pause Young (Allocation Failure) 584M->503M(586M) 3.369ms
[13811.391s][info][gc,cpu         ] GC(33324) User=0.01s Sys=0.00s Real=0.00s
[13811.772s][info][gc,start       ] GC(33325) Pause Young (Allocation Failure)
[13811.775s][info][gc,heap        ] GC(33325) PSYoungGen: 83520K(84992K)->384K(84992K) Eden: 82944K(82944K)->0K(82944K) From: 576K(2048K)->384K(2048K)
[13811.776s][info][gc,heap        ] GC(33325) ParOldGen: 515219K(515584K)->515387K(515584K)
[13811.776s][info][gc,metaspace   ] GC(33325) Metaspace: 62228K(62528K)->62228K(62528K) NonClass: 56695K(56896K)->56695K(56896K) Class: 5533K(5632K)->5533K(5632K)
[13811.776s][info][gc             ] GC(33325) Pause Young (Allocation Failure) 584M->503M(586M) 3.206ms
[13811.776s][info][gc,cpu         ] GC(33325) User=0.01s Sys=0.00s Real=0.00s
[13812.158s][info][gc,start       ] GC(33326) Pause Young (Allocation Failure)
[13812.162s][info][gc,heap        ] GC(33326) PSYoungGen: 83328K(84992K)->1696K(83968K) Eden: 82944K(82944K)->0K(81920K) From: 384K(2048K)->1696K(2048K)
[13812.162s][info][gc,heap        ] GC(33326) ParOldGen: 515387K(515584K)->515547K(515584K)
[13812.162s][info][gc,metaspace   ] GC(33326) Metaspace: 62228K(62528K)->62228K(62528K) NonClass: 56695K(56896K)->56695K(56896K) Class: 5533K(5632K)->5533K(5632K)
[13812.162s][info][gc             ] GC(33326) Pause Young (Allocation Failure) 584M->505M(585M) 4.215ms
[13812.162s][info][gc,cpu         ] GC(33326) User=0.01s Sys=0.00s Real=0.01s
[13812.532s][info][gc,start       ] GC(33327) Pause Young (Allocation Failure)
[13812.536s][info][gc,heap        ] GC(33327) PSYoungGen: 83616K(83968K)->1248K(84480K) Eden: 81920K(81920K)->0K(81920K) From: 1696K(2048K)->1248K(2560K)
[13812.536s][info][gc,heap        ] GC(33327) ParOldGen: 515547K(515584K)->515707K(516096K)
[13812.536s][info][gc,metaspace   ] GC(33327) Metaspace: 62228K(62528K)->62228K(62528K) NonClass: 56695K(56896K)->56695K(56896K) Class: 5533K(5632K)->5533K(5632K)
[13812.536s][info][gc             ] GC(33327) Pause Young (Allocation Failure) 585M->504M(586M) 3.816ms
[13812.536s][info][gc,cpu         ] GC(33327) User=0.01s Sys=0.00s Real=0.00s
[13812.908s][info][gc,start       ] GC(33328) Pause Young (Allocation Failure)
[13812.912s][info][gc,heap        ] GC(33328) PSYoungGen: 83168K(84480K)->2528K(83456K) Eden: 81920K(81920K)->0K(80896K) From: 1248K(2560K)->2528K(2560K)
[13812.912s][info][gc,heap        ] GC(33328) ParOldGen: 515707K(516096K)->516203K(516608K)
[13812.912s][info][gc,metaspace   ] GC(33328) Metaspace: 62228K(62528K)->62228K(62528K) NonClass: 56695K(56896K)->56695K(56896K) Class: 5533K(5632K)->5533K(5632K)
[13812.912s][info][gc             ] GC(33328) Pause Young (Allocation Failure) 584M->506M(586M) 3.980ms
[13812.912s][info][gc,cpu         ] GC(33328) User=0.01s Sys=0.00s Real=0.01s
[13813.279s][info][gc,start       ] GC(33329) Pause Young (Allocation Failure)
[13813.283s][info][gc,heap        ] GC(33329) PSYoungGen: 83424K(83456K)->480K(83968K) Eden: 80896K(80896K)->0K(80896K) From: 2528K(2560K)->480K(3072K)
[13813.283s][info][gc,heap        ] GC(33329) ParOldGen: 516203K(516608K)->518355K(519680K)
[13813.283s][info][gc,metaspace   ] GC(33329) Metaspace: 62228K(62528K)->62228K(62528K) NonClass: 56695K(56896K)->56695K(56896K) Class: 5533K(5632K)->5533K(5632K)
[13813.283s][info][gc             ] GC(33329) Pause Young (Allocation Failure) 585M->506M(589M) 4.046ms
[13813.283s][info][gc,cpu         ] GC(33329) User=0.00s Sys=0.00s Real=0.01s
[13813.642s][info][gc,start       ] GC(33330) Pause Young (Allocation Failure)
[13813.646s][info][gc,heap        ] GC(33330) PSYoungGen: 81376K(83968K)->1440K(83968K) Eden: 80896K(80896K)->0K(80896K) From: 480K(3072K)->1440K(3072K)
[13813.646s][info][gc,heap        ] GC(33330) ParOldGen: 518355K(519680K)->518523K(519680K)
[13813.646s][info][gc,metaspace   ] GC(33330) Metaspace: 62228K(62528K)->62228K(62528K) NonClass: 56695K(56896K)->56695K(56896K) Class: 5533K(5632K)->5533K(5632K)
[13813.646s][info][gc             ] GC(33330) Pause Young (Allocation Failure) 585M->507M(589M) 4.137ms
[13813.646s][info][gc,cpu         ] GC(33330) User=0.01s Sys=0.00s Real=0.00s
[13814.064s][info][gc,start       ] GC(33331) Pause Young (Allocation Failure)
[13814.067s][info][gc,heap        ] GC(33331) PSYoungGen: 82336K(83968K)->256K(83968K) Eden: 80896K(80896K)->0K(80896K) From: 1440K(3072K)->256K(3072K)
[13814.067s][info][gc,heap        ] GC(33331) ParOldGen: 518523K(519680K)->518683K(519680K)
[13814.067s][info][gc,metaspace   ] GC(33331) Metaspace: 62228K(62528K)->62228K(62528K) NonClass: 56695K(56896K)->56695K(56896K) Class: 5533K(5632K)->5533K(5632K)
[13814.067s][info][gc             ] GC(33331) Pause Young (Allocation Failure) 586M->506M(589M) 3.078ms
[13814.067s][info][gc,cpu         ] GC(33331) User=0.01s Sys=0.00s Real=0.00s
[13814.464s][info][gc,start       ] GC(33332) Pause Young (Allocation Failure)
[13814.467s][info][gc,heap        ] GC(33332) PSYoungGen: 81152K(83968K)->256K(83968K) Eden: 80896K(80896K)->0K(80896K) From: 256K(3072K)->256K(3072K)
[13814.467s][info][gc,heap        ] GC(33332) ParOldGen: 518683K(519680K)->518851K(519680K)
[13814.467s][info][gc,metaspace   ] GC(33332) Metaspace: 62228K(62528K)->62228K(62528K) NonClass: 56695K(56896K)->56695K(56896K) Class: 5533K(5632K)->5533K(5632K)
[13814.467s][info][gc             ] GC(33332) Pause Young (Allocation Failure) 585M->506M(589M) 3.064ms
[13814.467s][info][gc,cpu         ] GC(33332) User=0.00s Sys=0.00s Real=0.00s
[13814.831s][info][gc,start       ] GC(33333) Pause Young (Allocation Failure)
[13814.835s][info][gc,heap        ] GC(33333) PSYoungGen: 81152K(83968K)->1248K(83968K) Eden: 80896K(80896K)->0K(80896K) From: 256K(3072K)->1248K(3072K)
[13814.835s][info][gc,heap        ] GC(33333) ParOldGen: 518851K(519680K)->519003K(519680K)
[13814.835s][info][gc,metaspace   ] GC(33333) Metaspace: 62228K(62528K)->62228K(62528K) NonClass: 56695K(56896K)->56695K(56896K) Class: 5533K(5632K)->5533K(5632K)
[13814.835s][info][gc             ] GC(33333) Pause Young (Allocation Failure) 585M->508M(589M) 3.791ms
[13814.835s][info][gc,cpu         ] GC(33333) User=0.01s Sys=0.01s Real=0.00s
[13815.263s][info][gc,start       ] GC(33334) Pause Young (Allocation Failure)
[13815.266s][info][gc,heap        ] GC(33334) PSYoungGen: 82144K(83968K)->256K(84480K) Eden: 80896K(80896K)->0K(81920K) From: 1248K(3072K)->256K(2560K)
[13815.266s][info][gc,heap        ] GC(33334) ParOldGen: 519003K(519680K)->519163K(519680K)
[13815.266s][info][gc,metaspace   ] GC(33334) Metaspace: 62228K(62528K)->62228K(62528K) NonClass: 56695K(56896K)->56695K(56896K) Class: 5533K(5632K)->5533K(5632K)
[13815.266s][info][gc             ] GC(33334) Pause Young (Allocation Failure) 587M->507M(590M) 3.113ms
[13815.266s][info][gc,cpu         ] GC(33334) User=0.00s Sys=0.01s Real=0.00s
[13815.659s][info][gc,start       ] GC(33335) Pause Young (Allocation Failure)
[13815.663s][info][gc,heap        ] GC(33335) PSYoungGen: 82176K(84480K)->1600K(83968K) Eden: 81920K(81920K)->0K(81920K) From: 256K(2560K)->1600K(2048K)
[13815.663s][info][gc,heap        ] GC(33335) ParOldGen: 519163K(519680K)->519323K(519680K)
[13815.663s][info][gc,metaspace   ] GC(33335) Metaspace: 62228K(62528K)->62228K(62528K) NonClass: 56695K(56896K)->56695K(56896K) Class: 5533K(5632K)->5533K(5632K)
[13815.663s][info][gc             ] GC(33335) Pause Young (Allocation Failure) 587M->508M(589M) 4.221ms
[13815.663s][info][gc,cpu         ] GC(33335) User=0.01s Sys=0.00s Real=0.01s
[13816.055s][info][gc,start       ] GC(33336) Pause Young (Allocation Failure)
[13816.059s][info][gc,heap        ] GC(33336) PSYoungGen: 83520K(83968K)->1536K(83968K) Eden: 81920K(81920K)->0K(80896K) From: 1600K(2048K)->1536K(3072K)
[13816.059s][info][gc,heap        ] GC(33336) ParOldGen: 519323K(519680K)->519483K(519680K)
[13816.059s][info][gc,metaspace   ] GC(33336) Metaspace: 62228K(62528K)->62228K(62528K) NonClass: 56695K(56896K)->56695K(56896K) Class: 5533K(5632K)->5533K(5632K)
[13816.059s][info][gc             ] GC(33336) Pause Young (Allocation Failure) 588M->508M(589M) 4.118ms
[13816.059s][info][gc,cpu         ] GC(33336) User=0.01s Sys=0.00s Real=0.00s
[13816.445s][info][gc,start       ] GC(33337) Pause Young (Allocation Failure)
[13816.449s][info][gc,heap        ] GC(33337) PSYoungGen: 82432K(83968K)->1504K(83968K) Eden: 80896K(80896K)->0K(80896K) From: 1536K(3072K)->1504K(3072K)
[13816.449s][info][gc,heap        ] GC(33337) ParOldGen: 519483K(519680K)->519643K(519680K)
[13816.449s][info][gc,metaspace   ] GC(33337) Metaspace: 62228K(62528K)->62228K(62528K) NonClass: 56695K(56896K)->56695K(56896K) Class: 5533K(5632K)->5533K(5632K)
[13816.449s][info][gc             ] GC(33337) Pause Young (Allocation Failure) 587M->508M(589M) 4.092ms
[13816.449s][info][gc,cpu         ] GC(33337) User=0.01s Sys=0.00s Real=0.00s
[13816.811s][info][gc,start       ] GC(33338) Pause Young (Allocation Failure)
[13816.815s][info][gc,heap        ] GC(33338) PSYoungGen: 82400K(83968K)->1024K(84480K) Eden: 80896K(80896K)->0K(81408K) From: 1504K(3072K)->1024K(3072K)
[13816.815s][info][gc,heap        ] GC(33338) ParOldGen: 519643K(519680K)->519803K(520192K)
[13816.815s][info][gc,metaspace   ] GC(33338) Metaspace: 62228K(62528K)->62228K(62528K) NonClass: 56695K(56896K)->56695K(56896K) Class: 5533K(5632K)->5533K(5632K)
[13816.815s][info][gc             ] GC(33338) Pause Young (Allocation Failure) 587M->508M(590M) 3.657ms
[13816.815s][info][gc,cpu         ] GC(33338) User=0.00s Sys=0.00s Real=0.00s
[13817.200s][info][gc,start       ] GC(33339) Pause Young (Allocation Failure)
[13817.203s][info][gc,heap        ] GC(33339) PSYoungGen: 82432K(84480K)->768K(83968K) Eden: 81408K(81408K)->0K(81408K) From: 1024K(3072K)->768K(2560K)
[13817.203s][info][gc,heap        ] GC(33339) ParOldGen: 519803K(520192K)->519963K(520192K)
[13817.203s][info][gc,metaspace   ] GC(33339) Metaspace: 62228K(62528K)->62228K(62528K) NonClass: 56695K(56896K)->56695K(56896K) Class: 5533K(5632K)->5533K(5632K)
[13817.203s][info][gc             ] GC(33339) Pause Young (Allocation Failure) 588M->508M(590M) 3.490ms
[13817.203s][info][gc,cpu         ] GC(33339) User=0.01s Sys=0.00s Real=0.01s
[13817.596s][info][gc,start       ] GC(33340) Pause Young (Allocation Failure)
[13817.599s][info][gc,heap        ] GC(33340) PSYoungGen: 82176K(83968K)->704K(84480K) Eden: 81408K(81408K)->0K(81920K) From: 768K(2560K)->704K(2560K)
[13817.599s][info][gc,heap        ] GC(33340) ParOldGen: 519963K(520192K)->520123K(520192K)
[13817.599s][info][gc,metaspace   ] GC(33340) Metaspace: 62228K(62528K)->62228K(62528K) NonClass: 56695K(56896K)->56695K(56896K) Class: 5533K(5632K)->5533K(5632K)
[13817.599s][info][gc             ] GC(33340) Pause Young (Allocation Failure) 588M->508M(590M) 3.425ms
[13817.599s][info][gc,cpu         ] GC(33340) User=0.00s Sys=0.00s Real=0.00s
[13818.009s][info][gc,start       ] GC(33341) Pause Young (Allocation Failure)
[13818.012s][info][gc,heap        ] GC(33341) PSYoungGen: 82624K(84480K)->864K(84480K) Eden: 81920K(81920K)->0K(81920K) From: 704K(2560K)->864K(2560K)
[13818.012s][info][gc,heap        ] GC(33341) ParOldGen: 520123K(520192K)->520283K(520704K)
[13818.012s][info][gc,metaspace   ] GC(33341) Metaspace: 62228K(62528K)->62228K(62528K) NonClass: 56695K(56896K)->56695K(56896K) Class: 5533K(5632K)->5533K(5632K)
[13818.012s][info][gc             ] GC(33341) Pause Young (Allocation Failure) 588M->508M(591M) 3.510ms
[13818.012s][info][gc,cpu         ] GC(33341) User=0.00s Sys=0.00s Real=0.01s
[13818.462s][info][gc,start       ] GC(33342) Pause Young (Allocation Failure)
[13818.465s][info][gc,heap        ] GC(33342) PSYoungGen: 82784K(84480K)->288K(84480K) Eden: 81920K(81920K)->0K(81920K) From: 864K(2560K)->288K(2560K)
[13818.465s][info][gc,heap        ] GC(33342) ParOldGen: 520283K(520704K)->520443K(520704K)
[13818.465s][info][gc,metaspace   ] GC(33342) Metaspace: 62228K(62528K)->62228K(62528K) NonClass: 56695K(56896K)->56695K(56896K) Class: 5533K(5632K)->5533K(5632K)
[13818.465s][info][gc             ] GC(33342) Pause Young (Allocation Failure) 588M->508M(591M) 3.046ms
[13818.465s][info][gc,cpu         ] GC(33342) User=0.00s Sys=0.00s Real=0.00s
[13818.844s][info][gc,start       ] GC(33343) Pause Young (Allocation Failure)
[13818.849s][info][gc,heap        ] GC(33343) PSYoungGen: 82208K(84480K)->2528K(84480K) Eden: 81920K(81920K)->0K(81920K) From: 288K(2560K)->2528K(2560K)
[13818.849s][info][gc,heap        ] GC(33343) ParOldGen: 520443K(520704K)->521476K(521728K)
[13818.849s][info][gc,metaspace   ] GC(33343) Metaspace: 62228K(62528K)->62228K(62528K) NonClass: 56695K(56896K)->56695K(56896K) Class: 5533K(5632K)->5533K(5632K)
[13818.849s][info][gc             ] GC(33343) Pause Young (Allocation Failure) 588M->511M(592M) 4.892ms
[13818.849s][info][gc,cpu         ] GC(33343) User=0.00s Sys=0.00s Real=0.00s
[13819.266s][info][gc,start       ] GC(33344) Pause Young (Allocation Failure)
[13819.269s][info][gc,heap        ] GC(33344) PSYoungGen: 84448K(84480K)->288K(83456K) Eden: 81920K(81920K)->0K(80896K) From: 2528K(2560K)->288K(2560K)
[13819.269s][info][gc,heap        ] GC(33344) ParOldGen: 521476K(521728K)->523628K(524800K)
[13819.269s][info][gc,metaspace   ] GC(33344) Metaspace: 62228K(62528K)->62228K(62528K) NonClass: 56695K(56896K)->56695K(56896K) Class: 5533K(5632K)->5533K(5632K)
[13819.269s][info][gc             ] GC(33344) Pause Young (Allocation Failure) 591M->511M(594M) 3.914ms
[13819.269s][info][gc,cpu         ] GC(33344) User=0.01s Sys=0.00s Real=0.00s
[13819.673s][info][gc,start       ] GC(33345) Pause Young (Allocation Failure)
[13819.676s][info][gc,heap        ] GC(33345) PSYoungGen: 81184K(83456K)->384K(83968K) Eden: 80896K(80896K)->0K(80896K) From: 288K(2560K)->384K(3072K)
[13819.676s][info][gc,heap        ] GC(33345) ParOldGen: 523628K(524800K)->523796K(524800K)
[13819.676s][info][gc,metaspace   ] GC(33345) Metaspace: 62228K(62528K)->62228K(62528K) NonClass: 56695K(56896K)->56695K(56896K) Class: 5533K(5632K)->5533K(5632K)
[13819.677s][info][gc             ] GC(33345) Pause Young (Allocation Failure) 590M->511M(594M) 3.244ms
[13819.677s][info][gc,cpu         ] GC(33345) User=0.00s Sys=0.00s Real=0.00s
[13820.055s][info][gc,start       ] GC(33346) Pause Young (Allocation Failure)
[13820.059s][info][gc,heap        ] GC(33346) PSYoungGen: 81280K(83968K)->1568K(83968K) Eden: 80896K(80896K)->0K(80896K) From: 384K(3072K)->1568K(3072K)
[13820.059s][info][gc,heap        ] GC(33346) ParOldGen: 523796K(524800K)->523964K(524800K)
[13820.059s][info][gc,metaspace   ] GC(33346) Metaspace: 62228K(62528K)->62228K(62528K) NonClass: 56695K(56896K)->56695K(56896K) Class: 5533K(5632K)->5533K(5632K)
[13820.059s][info][gc             ] GC(33346) Pause Young (Allocation Failure) 590M->513M(594M) 4.217ms
[13820.059s][info][gc,cpu         ] GC(33346) User=0.01s Sys=0.00s Real=0.00s
[13820.451s][info][gc,start       ] GC(33347) Pause Young (Allocation Failure)
[13820.455s][info][gc,heap        ] GC(33347) PSYoungGen: 82464K(83968K)->1568K(83968K) Eden: 80896K(80896K)->0K(80896K) From: 1568K(3072K)->1568K(3072K)
[13820.455s][info][gc,heap        ] GC(33347) ParOldGen: 523964K(524800K)->524124K(524800K)
[13820.455s][info][gc,metaspace   ] GC(33347) Metaspace: 62228K(62528K)->62228K(62528K) NonClass: 56695K(56896K)->56695K(56896K) Class: 5533K(5632K)->5533K(5632K)
[13820.455s][info][gc             ] GC(33347) Pause Young (Allocation Failure) 592M->513M(594M) 4.172ms
[13820.455s][info][gc,cpu         ] GC(33347) User=0.01s Sys=0.00s Real=0.01s
[13820.843s][info][gc,start       ] GC(33348) Pause Young (Allocation Failure)
[13820.847s][info][gc,heap        ] GC(33348) PSYoungGen: 82464K(83968K)->1376K(83968K) Eden: 80896K(80896K)->0K(80896K) From: 1568K(3072K)->1376K(3072K)
[13820.847s][info][gc,heap        ] GC(33348) ParOldGen: 524124K(524800K)->524292K(524800K)
[13820.847s][info][gc,metaspace   ] GC(33348) Metaspace: 62228K(62528K)->62228K(62528K) NonClass: 56695K(56896K)->56695K(56896K) Class: 5533K(5632K)->5533K(5632K)
[13820.847s][info][gc             ] GC(33348) Pause Young (Allocation Failure) 592M->513M(594M) 4.004ms
[13820.847s][info][gc,cpu         ] GC(33348) User=0.01s Sys=0.00s Real=0.00s
[13821.220s][info][gc,start       ] GC(33349) Pause Young (Allocation Failure)
[13821.224s][info][gc,heap        ] GC(33349) PSYoungGen: 82272K(83968K)->1088K(83968K) Eden: 80896K(80896K)->0K(80896K) From: 1376K(3072K)->1088K(3072K)
[13821.224s][info][gc,heap        ] GC(33349) ParOldGen: 524292K(524800K)->524460K(524800K)
[13821.224s][info][gc,metaspace   ] GC(33349) Metaspace: 62228K(62528K)->62228K(62528K) NonClass: 56695K(56896K)->56695K(56896K) Class: 5533K(5632K)->5533K(5632K)
[13821.224s][info][gc             ] GC(33349) Pause Young (Allocation Failure) 592M->513M(594M) 3.761ms
[13821.224s][info][gc,cpu         ] GC(33349) User=0.01s Sys=0.00s Real=0.01s
[13821.588s][info][gc,start       ] GC(33350) Pause Young (Allocation Failure)
[13821.591s][info][gc,heap        ] GC(33350) PSYoungGen: 81984K(83968K)->608K(83968K) Eden: 80896K(80896K)->0K(80896K) From: 1088K(3072K)->608K(3072K)
[13821.591s][info][gc,heap        ] GC(33350) ParOldGen: 524460K(524800K)->524620K(524800K)
[13821.591s][info][gc,metaspace   ] GC(33350) Metaspace: 62228K(62528K)->62228K(62528K) NonClass: 56695K(56896K)->56695K(56896K) Class: 5533K(5632K)->5533K(5632K)
[13821.591s][info][gc             ] GC(33350) Pause Young (Allocation Failure) 592M->512M(594M) 3.391ms
[13821.591s][info][gc,cpu         ] GC(33350) User=0.00s Sys=0.00s Real=0.01s
[13821.966s][info][gc,start       ] GC(33351) Pause Young (Allocation Failure)
[13821.969s][info][gc,heap        ] GC(33351) PSYoungGen: 81504K(83968K)->288K(83968K) Eden: 80896K(80896K)->0K(80896K) From: 608K(3072K)->288K(3072K)
[13821.969s][info][gc,heap        ] GC(33351) ParOldGen: 524620K(524800K)->524788K(524800K)
[13821.969s][info][gc,metaspace   ] GC(33351) Metaspace: 62228K(62528K)->62228K(62528K) NonClass: 56695K(56896K)->56695K(56896K) Class: 5533K(5632K)->5533K(5632K)
[13821.969s][info][gc             ] GC(33351) Pause Young (Allocation Failure) 591M->512M(594M) 3.092ms
[13821.969s][info][gc,cpu         ] GC(33351) User=0.01s Sys=0.01s Real=0.00s
[13822.372s][info][gc,start       ] GC(33352) Pause Young (Allocation Failure)
[13822.375s][info][gc,heap        ] GC(33352) PSYoungGen: 81184K(83968K)->384K(83968K) Eden: 80896K(80896K)->0K(80896K) From: 288K(3072K)->384K(3072K)
[13822.375s][info][gc,heap        ] GC(33352) ParOldGen: 524788K(524800K)->524948K(525312K)
[13822.375s][info][gc,metaspace   ] GC(33352) Metaspace: 62228K(62528K)->62228K(62528K) NonClass: 56695K(56896K)->56695K(56896K) Class: 5533K(5632K)->5533K(5632K)
[13822.375s][info][gc             ] GC(33352) Pause Young (Allocation Failure) 591M->513M(595M) 3.119ms
[13822.375s][info][gc,cpu         ] GC(33352) User=0.00s Sys=0.00s Real=0.00s
[13822.753s][info][gc,start       ] GC(33353) Pause Young (Allocation Failure)
[13822.757s][info][gc,heap        ] GC(33353) PSYoungGen: 81280K(83968K)->1600K(83968K) Eden: 80896K(80896K)->0K(80896K) From: 384K(3072K)->1600K(3072K)
[13822.757s][info][gc,heap        ] GC(33353) ParOldGen: 524948K(525312K)->525116K(525312K)
[13822.757s][info][gc,metaspace   ] GC(33353) Metaspace: 62228K(62528K)->62228K(62528K) NonClass: 56695K(56896K)->56695K(56896K) Class: 5533K(5632K)->5533K(5632K)
[13822.758s][info][gc             ] GC(33353) Pause Young (Allocation Failure) 592M->514M(595M) 4.245ms
[13822.758s][info][gc,cpu         ] GC(33353) User=0.01s Sys=0.00s Real=0.00s
[13823.140s][info][gc,start       ] GC(33354) Pause Young (Allocation Failure)
[13823.144s][info][gc,heap        ] GC(33354) PSYoungGen: 82496K(83968K)->1248K(83968K) Eden: 80896K(80896K)->0K(80896K) From: 1600K(3072K)->1248K(3072K)
[13823.144s][info][gc,heap        ] GC(33354) ParOldGen: 525116K(525312K)->525284K(525312K)
[13823.144s][info][gc,metaspace   ] GC(33354) Metaspace: 62228K(62528K)->62228K(62528K) NonClass: 56695K(56896K)->56695K(56896K) Class: 5533K(5632K)->5533K(5632K)
[13823.144s][info][gc             ] GC(33354) Pause Young (Allocation Failure) 593M->514M(595M) 3.897ms
[13823.144s][info][gc,cpu         ] GC(33354) User=0.01s Sys=0.00s Real=0.01s
[13823.538s][info][gc,start       ] GC(33355) Pause Young (Allocation Failure)
[13823.542s][info][gc,heap        ] GC(33355) PSYoungGen: 82144K(83968K)->1376K(83968K) Eden: 80896K(80896K)->0K(80896K) From: 1248K(3072K)->1376K(3072K)
[13823.542s][info][gc,heap        ] GC(33355) ParOldGen: 525284K(525312K)->525444K(525824K)
[13823.542s][info][gc,metaspace   ] GC(33355) Metaspace: 62228K(62528K)->62228K(62528K) NonClass: 56695K(56896K)->56695K(56896K) Class: 5533K(5632K)->5533K(5632K)
[13823.542s][info][gc             ] GC(33355) Pause Young (Allocation Failure) 593M->514M(595M) 4.086ms
[13823.542s][info][gc,cpu         ] GC(33355) User=0.01s Sys=0.00s Real=0.01s
[13823.960s][info][gc,start       ] GC(33356) Pause Young (Allocation Failure)
[13823.964s][info][gc,heap        ] GC(33356) PSYoungGen: 82272K(83968K)->1536K(83456K) Eden: 80896K(80896K)->0K(80896K) From: 1376K(3072K)->1536K(2560K)
[13823.964s][info][gc,heap        ] GC(33356) ParOldGen: 525444K(525824K)->525604K(525824K)
[13823.964s][info][gc,metaspace   ] GC(33356) Metaspace: 62228K(62528K)->62228K(62528K) NonClass: 56695K(56896K)->56695K(56896K) Class: 5533K(5632K)->5533K(5632K)
[13823.964s][info][gc             ] GC(33356) Pause Young (Allocation Failure) 593M->514M(595M) 4.039ms
[13823.964s][info][gc,cpu         ] GC(33356) User=0.00s Sys=0.00s Real=0.01s
[13824.369s][info][gc,start       ] GC(33357) Pause Young (Allocation Failure)
[13824.372s][info][gc,heap        ] GC(33357) PSYoungGen: 82432K(83456K)->2368K(83968K) Eden: 80896K(80896K)->0K(80896K) From: 1536K(2560K)->2368K(3072K)
[13824.372s][info][gc,heap        ] GC(33357) ParOldGen: 525604K(525824K)->525772K(525824K)
[13824.372s][info][gc,metaspace   ] GC(33357) Metaspace: 62228K(62528K)->62228K(62528K) NonClass: 56695K(56896K)->56695K(56896K) Class: 5533K(5632K)->5533K(5632K)
[13824.372s][info][gc             ] GC(33357) Pause Young (Allocation Failure) 593M->515M(595M) 3.391ms
[13824.372s][info][gc,cpu         ] GC(33357) User=0.00s Sys=0.00s Real=0.01s
[13824.779s][info][gc,start       ] GC(33358) Pause Young (Allocation Failure)
[13824.783s][info][gc,heap        ] GC(33358) PSYoungGen: 83264K(83968K)->480K(83968K) Eden: 80896K(80896K)->0K(80896K) From: 2368K(3072K)->480K(3072K)
[13824.783s][info][gc,heap        ] GC(33358) ParOldGen: 525772K(525824K)->527988K(528896K)
[13824.783s][info][gc,metaspace   ] GC(33358) Metaspace: 62228K(62528K)->62228K(62528K) NonClass: 56695K(56896K)->56695K(56896K) Class: 5533K(5632K)->5533K(5632K)
[13824.783s][info][gc             ] GC(33358) Pause Young (Allocation Failure) 594M->516M(598M) 4.243ms
[13824.783s][info][gc,cpu         ] GC(33358) User=0.01s Sys=0.01s Real=0.01s
[13825.200s][info][gc,start       ] GC(33359) Pause Young (Allocation Failure)
[13825.204s][info][gc,heap        ] GC(33359) PSYoungGen: 81376K(83968K)->704K(83968K) Eden: 80896K(80896K)->0K(80896K) From: 480K(3072K)->704K(3072K)
[13825.204s][info][gc,heap        ] GC(33359) ParOldGen: 527988K(528896K)->528156K(528896K)
[13825.204s][info][gc,metaspace   ] GC(33359) Metaspace: 62228K(62528K)->62228K(62528K) NonClass: 56695K(56896K)->56695K(56896K) Class: 5533K(5632K)->5533K(5632K)
[13825.204s][info][gc             ] GC(33359) Pause Young (Allocation Failure) 595M->516M(598M) 3.291ms
[13825.204s][info][gc,cpu         ] GC(33359) User=0.00s Sys=0.00s Real=0.01s
[13825.611s][info][gc,start       ] GC(33360) Pause Young (Allocation Failure)
[13825.615s][info][gc,heap        ] GC(33360) PSYoungGen: 81600K(83968K)->896K(83968K) Eden: 80896K(80896K)->0K(80896K) From: 704K(3072K)->896K(3072K)
[13825.615s][info][gc,heap        ] GC(33360) ParOldGen: 528156K(528896K)->528308K(528896K)
[13825.615s][info][gc,metaspace   ] GC(33360) Metaspace: 62228K(62528K)->62228K(62528K) NonClass: 56695K(56896K)->56695K(56896K) Class: 5533K(5632K)->5533K(5632K)
[13825.615s][info][gc             ] GC(33360) Pause Young (Allocation Failure) 595M->516M(598M) 3.560ms
[13825.615s][info][gc,cpu         ] GC(33360) User=0.01s Sys=0.00s Real=0.00s
[13826.013s][info][gc,start       ] GC(33361) Pause Young (Allocation Failure)
[13826.017s][info][gc,heap        ] GC(33361) PSYoungGen: 81792K(83968K)->1024K(83968K) Eden: 80896K(80896K)->0K(80896K) From: 896K(3072K)->1024K(3072K)
[13826.017s][info][gc,heap        ] GC(33361) ParOldGen: 528308K(528896K)->528468K(528896K)
[13826.017s][info][gc,metaspace   ] GC(33361) Metaspace: 62228K(62528K)->62228K(62528K) NonClass: 56695K(56896K)->56695K(56896K) Class: 5533K(5632K)->5533K(5632K)
[13826.017s][info][gc             ] GC(33361) Pause Young (Allocation Failure) 595M->517M(598M) 3.568ms
[13826.017s][info][gc,cpu         ] GC(33361) User=0.01s Sys=0.01s Real=0.00s
[13826.417s][info][gc,start       ] GC(33362) Pause Young (Allocation Failure)
[13826.421s][info][gc,heap        ] GC(33362) PSYoungGen: 81920K(83968K)->960K(84480K) Eden: 80896K(80896K)->0K(81920K) From: 1024K(3072K)->960K(2560K)
[13826.421s][info][gc,heap        ] GC(33362) ParOldGen: 528468K(528896K)->528628K(528896K)
[13826.421s][info][gc,metaspace   ] GC(33362) Metaspace: 62228K(62528K)->62228K(62528K) NonClass: 56695K(56896K)->56695K(56896K) Class: 5533K(5632K)->5533K(5632K)
[13826.421s][info][gc             ] GC(33362) Pause Young (Allocation Failure) 596M->517M(599M) 3.574ms
[13826.421s][info][gc,cpu         ] GC(33362) User=0.00s Sys=0.00s Real=0.01s
[13826.826s][info][gc,start       ] GC(33363) Pause Young (Allocation Failure)
[13826.829s][info][gc,heap        ] GC(33363) PSYoungGen: 82880K(84480K)->1088K(84480K) Eden: 81920K(81920K)->0K(81920K) From: 960K(2560K)->1088K(2560K)
[13826.830s][info][gc,heap        ] GC(33363) ParOldGen: 528628K(528896K)->528796K(528896K)
[13826.830s][info][gc,metaspace   ] GC(33363) Metaspace: 62228K(62528K)->62228K(62528K) NonClass: 56695K(56896K)->56695K(56896K) Class: 5533K(5632K)->5533K(5632K)
[13826.830s][info][gc             ] GC(33363) Pause Young (Allocation Failure) 597M->517M(599M) 3.741ms
[13826.830s][info][gc,cpu         ] GC(33363) User=0.00s Sys=0.00s Real=0.00s
[13827.210s][info][gc,start       ] GC(33364) Pause Young (Allocation Failure)
[13827.213s][info][gc,heap        ] GC(33364) PSYoungGen: 83008K(84480K)->992K(84480K) Eden: 81920K(81920K)->0K(81920K) From: 1088K(2560K)->992K(2560K)
[13827.214s][info][gc,heap        ] GC(33364) ParOldGen: 528796K(528896K)->528964K(529408K)
[13827.214s][info][gc,metaspace   ] GC(33364) Metaspace: 62228K(62528K)->62228K(62528K) NonClass: 56695K(56896K)->56695K(56896K) Class: 5533K(5632K)->5533K(5632K)
[13827.214s][info][gc             ] GC(33364) Pause Young (Allocation Failure) 597M->517M(599M) 3.668ms
[13827.214s][info][gc,cpu         ] GC(33364) User=0.01s Sys=0.01s Real=0.01s
[13827.600s][info][gc,start       ] GC(33365) Pause Young (Allocation Failure)
[13827.605s][info][gc,heap        ] GC(33365) PSYoungGen: 82912K(84480K)->1856K(84480K) Eden: 81920K(81920K)->0K(81920K) From: 992K(2560K)->1856K(2560K)
[13827.605s][info][gc,heap        ] GC(33365) ParOldGen: 528964K(529408K)->532220K(533504K)
[13827.605s][info][gc,metaspace   ] GC(33365) Metaspace: 62228K(62528K)->62228K(62528K) NonClass: 56695K(56896K)->56695K(56896K) Class: 5533K(5632K)->5533K(5632K)
[13827.605s][info][gc             ] GC(33365) Pause Young (Allocation Failure) 597M->521M(603M) 5.290ms
[13827.605s][info][gc,cpu         ] GC(33365) User=0.01s Sys=0.00s Real=0.01s
[13828.088s][info][gc,start       ] GC(33366) Pause Young (Allocation Failure)
[13828.092s][info][gc,heap        ] GC(33366) PSYoungGen: 83776K(84480K)->672K(97792K) Eden: 81920K(81920K)->0K(96768K) From: 1856K(2560K)->672K(1024K)
[13828.092s][info][gc,heap        ] GC(33366) ParOldGen: 532220K(533504K)->534528K(535040K)
[13828.092s][info][gc,metaspace   ] GC(33366) Metaspace: 62234K(62528K)->62234K(62528K) NonClass: 56701K(56896K)->56701K(56896K) Class: 5533K(5632K)->5533K(5632K)
[13828.092s][info][gc             ] GC(33366) Pause Young (Allocation Failure) 601M->522M(618M) 4.533ms
[13828.092s][info][gc,cpu         ] GC(33366) User=0.01s Sys=0.00s Real=0.01s
[13828.531s][info][gc,start       ] GC(33367) Pause Young (Allocation Failure)
[13828.535s][info][gc,heap        ] GC(33367) PSYoungGen: 97440K(97792K)->1344K(95232K) Eden: 96768K(96768K)->0K(93696K) From: 672K(1024K)->1344K(1536K)
[13828.535s][info][gc,heap        ] GC(33367) ParOldGen: 534528K(535040K)->534752K(535040K)
[13828.535s][info][gc,metaspace   ] GC(33367) Metaspace: 62234K(62528K)->62234K(62528K) NonClass: 56701K(56896K)->56701K(56896K) Class: 5533K(5632K)->5533K(5632K)
[13828.535s][info][gc             ] GC(33367) Pause Young (Allocation Failure) 617M->523M(615M) 4.365ms
[13828.535s][info][gc,cpu         ] GC(33367) User=0.01s Sys=0.00s Real=0.01s
[13828.957s][info][gc,start       ] GC(33368) Pause Young (Allocation Failure)
[13828.962s][info][gc,heap        ] GC(33368) PSYoungGen: 95040K(95232K)->1824K(98816K) Eden: 93696K(93696K)->0K(96256K) From: 1344K(1536K)->1824K(2560K)
[13828.962s][info][gc,heap        ] GC(33368) ParOldGen: 534752K(535040K)->534992K(535040K)
[13828.962s][info][gc,metaspace   ] GC(33368) Metaspace: 62234K(62528K)->62234K(62528K) NonClass: 56701K(56896K)->56701K(56896K) Class: 5533K(5632K)->5533K(5632K)
[13828.962s][info][gc             ] GC(33368) Pause Young (Allocation Failure) 615M->524M(619M) 5.005ms
[13828.962s][info][gc,cpu         ] GC(33368) User=0.01s Sys=0.00s Real=0.01s
[13829.408s][info][gc,start       ] GC(33369) Pause Young (Allocation Failure)
[13829.411s][info][gc,heap        ] GC(33369) PSYoungGen: 98080K(98816K)->1152K(94720K) Eden: 96256K(96256K)->0K(93184K) From: 1824K(2560K)->1152K(1536K)
[13829.412s][info][gc,heap        ] GC(33369) ParOldGen: 534992K(535040K)->535232K(535552K)
[13829.412s][info][gc,metaspace   ] GC(33369) Metaspace: 62234K(62528K)->62234K(62528K) NonClass: 56701K(56896K)->56701K(56896K) Class: 5533K(5632K)->5533K(5632K)
[13829.412s][info][gc             ] GC(33369) Pause Young (Allocation Failure) 618M->523M(615M) 3.953ms
[13829.412s][info][gc,cpu         ] GC(33369) User=0.00s Sys=0.00s Real=0.01s
[13829.848s][info][gc,start       ] GC(33370) Pause Young (Allocation Failure)
[13829.852s][info][gc,heap        ] GC(33370) PSYoungGen: 94336K(94720K)->1472K(92160K) Eden: 93184K(93184K)->0K(90624K) From: 1152K(1536K)->1472K(1536K)
[13829.852s][info][gc,heap        ] GC(33370) ParOldGen: 535232K(535552K)->535480K(535552K)
[13829.852s][info][gc,metaspace   ] GC(33370) Metaspace: 62234K(62528K)->62234K(62528K) NonClass: 56701K(56896K)->56701K(56896K) Class: 5533K(5632K)->5533K(5632K)
[13829.852s][info][gc             ] GC(33370) Pause Young (Allocation Failure) 614M->524M(613M) 4.289ms
[13829.852s][info][gc,cpu         ] GC(33370) User=0.01s Sys=0.00s Real=0.01s
[13830.254s][info][gc,start       ] GC(33371) Pause Young (Allocation Failure)
[13830.259s][info][gc,heap        ] GC(33371) PSYoungGen: 92096K(92160K)->2528K(96768K) Eden: 90624K(90624K)->0K(94208K) From: 1472K(1536K)->2528K(2560K)
[13830.259s][info][gc,heap        ] GC(33371) ParOldGen: 535480K(535552K)->536888K(537088K)
[13830.259s][info][gc,metaspace   ] GC(33371) Metaspace: 62234K(62528K)->62234K(62528K) NonClass: 56701K(56896K)->56701K(56896K) Class: 5533K(5632K)->5533K(5632K)
[13830.260s][info][gc             ] GC(33371) Pause Young (Allocation Failure) 612M->526M(619M) 5.543ms
[13830.260s][info][gc,cpu         ] GC(33371) User=0.01s Sys=0.00s Real=0.00s
[13830.705s][info][gc,start       ] GC(33372) Pause Young (Allocation Failure)
[13830.710s][info][gc,heap        ] GC(33372) PSYoungGen: 96736K(96768K)->992K(112640K) Eden: 94208K(94208K)->0K(109056K) From: 2528K(2560K)->992K(3584K)
[13830.710s][info][gc,heap        ] GC(33372) ParOldGen: 536888K(537088K)->539016K(540160K)
[13830.710s][info][gc,metaspace   ] GC(33372) Metaspace: 62234K(62528K)->62234K(62528K) NonClass: 56701K(56896K)->56701K(56896K) Class: 5533K(5632K)->5533K(5632K)
[13830.710s][info][gc             ] GC(33372) Pause Young (Allocation Failure) 618M->527M(637M) 4.948ms
[13830.710s][info][gc,cpu         ] GC(33372) User=0.01s Sys=0.00s Real=0.00s
[13831.244s][info][gc,start       ] GC(33373) Pause Young (Allocation Failure)
[13831.248s][info][gc,heap        ] GC(33373) PSYoungGen: 110048K(112640K)->1376K(112640K) Eden: 109056K(109056K)->0K(109056K) From: 992K(3584K)->1376K(3584K)
[13831.248s][info][gc,heap        ] GC(33373) ParOldGen: 539016K(540160K)->539248K(540160K)
[13831.248s][info][gc,metaspace   ] GC(33373) Metaspace: 62234K(62528K)->62234K(62528K) NonClass: 56701K(56896K)->56701K(56896K) Class: 5533K(5632K)->5533K(5632K)
[13831.248s][info][gc             ] GC(33373) Pause Young (Allocation Failure) 633M->527M(637M) 4.724ms
[13831.248s][info][gc,cpu         ] GC(33373) User=0.01s Sys=0.00s Real=0.00s
[13831.735s][info][gc,start       ] GC(33374) Pause Young (Allocation Failure)
[13831.740s][info][gc,heap        ] GC(33374) PSYoungGen: 110432K(112640K)->1568K(134144K) Eden: 109056K(109056K)->0K(131072K) From: 1376K(3584K)->1568K(3072K)
[13831.740s][info][gc,heap        ] GC(33374) ParOldGen: 539248K(540160K)->539496K(540160K)
[13831.740s][info][gc,metaspace   ] GC(33374) Metaspace: 62234K(62528K)->62234K(62528K) NonClass: 56701K(56896K)->56701K(56896K) Class: 5533K(5632K)->5533K(5632K)
[13831.740s][info][gc             ] GC(33374) Pause Young (Allocation Failure) 634M->528M(658M) 4.919ms
[13831.740s][info][gc,cpu         ] GC(33374) User=0.01s Sys=0.00s Real=0.00s
[13832.306s][info][gc,start       ] GC(33375) Pause Young (Allocation Failure)
[13832.310s][info][gc,heap        ] GC(33375) PSYoungGen: 132640K(134144K)->1056K(128000K) Eden: 131072K(131072K)->0K(126464K) From: 1568K(3072K)->1056K(1536K)
[13832.311s][info][gc,heap        ] GC(33375) ParOldGen: 539496K(540160K)->539712K(540160K)
[13832.311s][info][gc,metaspace   ] GC(33375) Metaspace: 62234K(62528K)->62234K(62528K) NonClass: 56701K(56896K)->56701K(56896K) Class: 5533K(5632K)->5533K(5632K)
[13832.311s][info][gc             ] GC(33375) Pause Young (Allocation Failure) 656M->528M(652M) 4.489ms
[13832.311s][info][gc,cpu         ] GC(33375) User=0.01s Sys=0.00s Real=0.00s
[13832.920s][info][gc,start       ] GC(33376) Pause Young (Allocation Failure)
[13832.925s][info][gc,heap        ] GC(33376) PSYoungGen: 127520K(128000K)->1248K(123904K) Eden: 126464K(126464K)->0K(122368K) From: 1056K(1536K)->1248K(1536K)
[13832.925s][info][gc,heap        ] GC(33376) ParOldGen: 539712K(540160K)->539976K(540160K)
[13832.925s][info][gc,metaspace   ] GC(33376) Metaspace: 62234K(62528K)->62234K(62528K) NonClass: 56701K(56896K)->56701K(56896K) Class: 5533K(5632K)->5533K(5632K)
[13832.925s][info][gc             ] GC(33376) Pause Young (Allocation Failure) 651M->528M(648M) 4.694ms
[13832.925s][info][gc,cpu         ] GC(33376) User=0.01s Sys=0.00s Real=0.01s
[13833.530s][info][gc,start       ] GC(33377) Pause Young (Allocation Failure)
[13833.535s][info][gc,heap        ] GC(33377) PSYoungGen: 123616K(123904K)->1408K(119808K) Eden: 122368K(122368K)->0K(118272K) From: 1248K(1536K)->1408K(1536K)
[13833.535s][info][gc,heap        ] GC(33377) ParOldGen: 539976K(540160K)->540224K(540672K)
[13833.535s][info][gc,metaspace   ] GC(33377) Metaspace: 62234K(62528K)->62234K(62528K) NonClass: 56701K(56896K)->56701K(56896K) Class: 5533K(5632K)->5533K(5632K)
[13833.535s][info][gc             ] GC(33377) Pause Young (Allocation Failure) 648M->528M(645M) 4.593ms
[13833.535s][info][gc,cpu         ] GC(33377) User=0.01s Sys=0.00s Real=0.01s
[13834.118s][info][gc,start       ] GC(33378) Pause Young (Allocation Failure)
[13834.122s][info][gc,heap        ] GC(33378) PSYoungGen: 119680K(119808K)->1216K(116224K) Eden: 118272K(118272K)->0K(114688K) From: 1408K(1536K)->1216K(1536K)
[13834.122s][info][gc,heap        ] GC(33378) ParOldGen: 540224K(540672K)->540480K(540672K)
[13834.122s][info][gc,metaspace   ] GC(33378) Metaspace: 62234K(62528K)->62234K(62528K) NonClass: 56701K(56896K)->56701K(56896K) Class: 5533K(5632K)->5533K(5632K)
[13834.122s][info][gc             ] GC(33378) Pause Young (Allocation Failure) 644M->529M(641M) 4.310ms
[13834.122s][info][gc,cpu         ] GC(33378) User=0.01s Sys=0.00s Real=0.01s
[13834.635s][info][gc,start       ] GC(33379) Pause Young (Allocation Failure)
[13834.640s][info][gc,heap        ] GC(33379) PSYoungGen: 115904K(116224K)->1504K(112640K) Eden: 114688K(114688K)->0K(111104K) From: 1216K(1536K)->1504K(1536K)
[13834.640s][info][gc,heap        ] GC(33379) ParOldGen: 540480K(540672K)->540720K(541184K)
[13834.640s][info][gc,metaspace   ] GC(33379) Metaspace: 62234K(62528K)->62234K(62528K) NonClass: 56701K(56896K)->56701K(56896K) Class: 5533K(5632K)->5533K(5632K)
[13834.640s][info][gc             ] GC(33379) Pause Young (Allocation Failure) 641M->529M(638M) 4.646ms
[13834.640s][info][gc,cpu         ] GC(33379) User=0.01s Sys=0.00s Real=0.00s
[13835.148s][info][gc,start       ] GC(33380) Pause Young (Allocation Failure)
[13835.153s][info][gc,heap        ] GC(33380) PSYoungGen: 112608K(112640K)->1664K(109568K) Eden: 111104K(111104K)->0K(107520K) From: 1504K(1536K)->1664K(2048K)
[13835.153s][info][gc,heap        ] GC(33380) ParOldGen: 540720K(541184K)->540952K(541184K)
[13835.153s][info][gc,metaspace   ] GC(33380) Metaspace: 62234K(62528K)->62234K(62528K) NonClass: 56701K(56896K)->56701K(56896K) Class: 5533K(5632K)->5533K(5632K)
[13835.153s][info][gc             ] GC(33380) Pause Young (Allocation Failure) 638M->529M(635M) 4.771ms
[13835.153s][info][gc,cpu         ] GC(33380) User=0.01s Sys=0.00s Real=0.01s
[13835.623s][info][gc,start       ] GC(33381) Pause Young (Allocation Failure)
[13835.628s][info][gc,heap        ] GC(33381) PSYoungGen: 109184K(109568K)->2528K(106496K) Eden: 107520K(107520K)->0K(103936K) From: 1664K(2048K)->2528K(2560K)
[13835.628s][info][gc,heap        ] GC(33381) ParOldGen: 540952K(541184K)->541944K(542208K)
[13835.628s][info][gc,metaspace   ] GC(33381) Metaspace: 62234K(62528K)->62234K(62528K) NonClass: 56701K(56896K)->56701K(56896K) Class: 5533K(5632K)->5533K(5632K)
[13835.628s][info][gc             ] GC(33381) Pause Young (Allocation Failure) 634M->531M(633M) 5.030ms
[13835.628s][info][gc,cpu         ] GC(33381) User=0.01s Sys=0.00s Real=0.00s
[13836.141s][info][gc,start       ] GC(33382) Pause Young (Allocation Failure)
[13836.147s][info][gc,heap        ] GC(33382) PSYoungGen: 106464K(106496K)->1024K(101888K) Eden: 103936K(103936K)->0K(100864K) From: 2528K(2560K)->1024K(1024K)
[13836.147s][info][gc,heap        ] GC(33382) ParOldGen: 541944K(542208K)->544440K(545280K)
[13836.147s][info][gc,metaspace   ] GC(33382) Metaspace: 62234K(62528K)->62234K(62528K) NonClass: 56701K(56896K)->56701K(56896K) Class: 5533K(5632K)->5533K(5632K)
[13836.147s][info][gc             ] GC(33382) Pause Young (Allocation Failure) 633M->532M(632M) 5.452ms
[13836.147s][info][gc,cpu         ] GC(33382) User=0.00s Sys=0.00s Real=0.00s
[13836.674s][info][gc,start       ] GC(33383) Pause Young (Allocation Failure)
[13836.677s][info][gc,heap        ] GC(33383) PSYoungGen: 101888K(101888K)->592K(98816K) Eden: 100864K(100864K)->0K(97792K) From: 1024K(1024K)->592K(1024K)
[13836.677s][info][gc,heap        ] GC(33383) ParOldGen: 544440K(545280K)->544496K(545280K)
[13836.677s][info][gc,metaspace   ] GC(33383) Metaspace: 62234K(62528K)->62234K(62528K) NonClass: 56701K(56896K)->56701K(56896K) Class: 5533K(5632K)->5533K(5632K)
[13836.677s][info][gc             ] GC(33383) Pause Young (Allocation Failure) 631M->532M(629M) 3.169ms
[13836.677s][info][gc,cpu         ] GC(33383) User=0.00s Sys=0.00s Real=0.00s
[13837.105s][info][gc,start       ] GC(33384) Pause Young (Allocation Failure)
[13837.109s][info][gc,heap        ] GC(33384) PSYoungGen: 98384K(98816K)->1024K(95744K) Eden: 97792K(97792K)->0K(94720K) From: 592K(1024K)->1024K(1024K)
[13837.109s][info][gc,heap        ] GC(33384) ParOldGen: 544496K(545280K)->544784K(545280K)
[13837.109s][info][gc,metaspace   ] GC(33384) Metaspace: 62234K(62528K)->62234K(62528K) NonClass: 56701K(56896K)->56701K(56896K) Class: 5533K(5632K)->5533K(5632K)
[13837.109s][info][gc             ] GC(33384) Pause Young (Allocation Failure) 627M->533M(626M) 4.253ms
[13837.109s][info][gc,cpu         ] GC(33384) User=0.00s Sys=0.00s Real=0.00s
[13837.584s][info][gc,start       ] GC(33385) Pause Young (Allocation Failure)
[13837.588s][info][gc,heap        ] GC(33385) PSYoungGen: 95744K(95744K)->672K(93184K) Eden: 94720K(94720K)->0K(92160K) From: 1024K(1024K)->672K(1024K)
[13837.588s][info][gc,heap        ] GC(33385) ParOldGen: 544784K(545280K)->545024K(545280K)
[13837.588s][info][gc,metaspace   ] GC(33385) Metaspace: 62234K(62528K)->62234K(62528K) NonClass: 56701K(56896K)->56701K(56896K) Class: 5533K(5632K)->5533K(5632K)
[13837.588s][info][gc             ] GC(33385) Pause Young (Allocation Failure) 625M->532M(623M) 3.656ms
[13837.588s][info][gc,cpu         ] GC(33385) User=0.01s Sys=0.00s Real=0.00s
[13838.044s][info][gc,start       ] GC(33386) Pause Young (Allocation Failure)
[13838.048s][info][gc,heap        ] GC(33386) PSYoungGen: 92832K(93184K)->1504K(91136K) Eden: 92160K(92160K)->0K(89600K) From: 672K(1024K)->1504K(1536K)
[13838.048s][info][gc,heap        ] GC(33386) ParOldGen: 545024K(545280K)->545256K(545280K)
[13838.048s][info][gc,metaspace   ] GC(33386) Metaspace: 62234K(62528K)->62234K(62528K) NonClass: 56701K(56896K)->56701K(56896K) Class: 5533K(5632K)->5533K(5632K)
[13838.048s][info][gc             ] GC(33386) Pause Young (Allocation Failure) 622M->533M(621M) 4.482ms
[13838.048s][info][gc,cpu         ] GC(33386) User=0.01s Sys=0.00s Real=0.00s
[13838.502s][info][gc,start       ] GC(33387) Pause Young (Allocation Failure)
[13838.506s][info][gc,heap        ] GC(33387) PSYoungGen: 91104K(91136K)->1120K(88576K) Eden: 89600K(89600K)->0K(87040K) From: 1504K(1536K)->1120K(1536K)
[13838.506s][info][gc,heap        ] GC(33387) ParOldGen: 545256K(545280K)->545488K(545792K)
[13838.506s][info][gc,metaspace   ] GC(33387) Metaspace: 62244K(62528K)->62244K(62528K) NonClass: 56711K(56896K)->56711K(56896K) Class: 5533K(5632K)->5533K(5632K)
[13838.506s][info][gc             ] GC(33387) Pause Young (Allocation Failure) 621M->533M(619M) 4.280ms
[13838.507s][info][gc,cpu         ] GC(33387) User=0.01s Sys=0.00s Real=0.00s
[13838.965s][info][gc,start       ] GC(33388) Pause Young (Allocation Failure)
[13838.969s][info][gc,heap        ] GC(33388) PSYoungGen: 88160K(88576K)->352K(84992K) Eden: 87040K(87040K)->0K(84480K) From: 1120K(1536K)->352K(512K)
[13838.969s][info][gc,heap        ] GC(33388) ParOldGen: 545488K(545792K)->545960K(546304K)
[13838.969s][info][gc,metaspace   ] GC(33388) Metaspace: 62244K(62528K)->62244K(62528K) NonClass: 56711K(56896K)->56711K(56896K) Class: 5533K(5632K)->5533K(5632K)
[13838.969s][info][gc             ] GC(33388) Pause Young (Allocation Failure) 618M->533M(616M) 4.009ms
[13838.969s][info][gc,cpu         ] GC(33388) User=0.01s Sys=0.00s Real=0.00s
[13839.405s][info][gc,start       ] GC(33389) Pause Young (Allocation Failure)
[13839.409s][info][gc,heap        ] GC(33389) PSYoungGen: 84832K(84992K)->896K(85504K) Eden: 84480K(84480K)->0K(81920K) From: 352K(512K)->896K(3584K)
[13839.409s][info][gc,heap        ] GC(33389) ParOldGen: 545960K(546304K)->546184K(546304K)
[13839.409s][info][gc,metaspace   ] GC(33389) Metaspace: 62244K(62528K)->62244K(62528K) NonClass: 56711K(56896K)->56711K(56896K) Class: 5533K(5632K)->5533K(5632K)
[13839.409s][info][gc             ] GC(33389) Pause Young (Allocation Failure) 616M->534M(617M) 3.931ms
[13839.409s][info][gc,cpu         ] GC(33389) User=0.00s Sys=0.00s Real=0.00s
[13839.832s][info][gc,start       ] GC(33390) Pause Young (Allocation Failure)
[13839.837s][info][gc,heap        ] GC(33390) PSYoungGen: 82816K(85504K)->1248K(112128K) Eden: 81920K(81920K)->0K(110592K) From: 896K(3584K)->1248K(1536K)
[13839.837s][info][gc,heap        ] GC(33390) ParOldGen: 546184K(546304K)->546416K(546816K)
[13839.837s][info][gc,metaspace   ] GC(33390) Metaspace: 62244K(62528K)->62244K(62528K) NonClass: 56711K(56896K)->56711K(56896K) Class: 5533K(5632K)->5533K(5632K)
[13839.837s][info][gc             ] GC(33390) Pause Young (Allocation Failure) 614M->534M(643M) 4.556ms
[13839.837s][info][gc,cpu         ] GC(33390) User=0.01s Sys=0.01s Real=0.00s
[13840.403s][info][gc,start       ] GC(33391) Pause Young (Allocation Failure)
[13840.407s][info][gc,heap        ] GC(33391) PSYoungGen: 111840K(112128K)->992K(108032K) Eden: 110592K(110592K)->0K(107008K) From: 1248K(1536K)->992K(1024K)
[13840.407s][info][gc,heap        ] GC(33391) ParOldGen: 546416K(546816K)->546600K(546816K)
[13840.407s][info][gc,metaspace   ] GC(33391) Metaspace: 62244K(62528K)->62244K(62528K) NonClass: 56711K(56896K)->56711K(56896K) Class: 5533K(5632K)->5533K(5632K)
[13840.407s][info][gc             ] GC(33391) Pause Young (Allocation Failure) 642M->534M(639M) 3.976ms
[13840.407s][info][gc,cpu         ] GC(33391) User=0.01s Sys=0.00s Real=0.00s
[13840.930s][info][gc,start       ] GC(33392) Pause Young (Allocation Failure)
[13840.934s][info][gc,heap        ] GC(33392) PSYoungGen: 108000K(108032K)->1152K(104960K) Eden: 107008K(107008K)->0K(103424K) From: 992K(1024K)->1152K(1536K)
[13840.935s][info][gc,heap        ] GC(33392) ParOldGen: 546600K(546816K)->546824K(547328K)
[13840.935s][info][gc,metaspace   ] GC(33392) Metaspace: 62244K(62528K)->62244K(62528K) NonClass: 56711K(56896K)->56711K(56896K) Class: 5533K(5632K)->5533K(5632K)
[13840.935s][info][gc             ] GC(33392) Pause Young (Allocation Failure) 639M->535M(637M) 4.695ms
[13840.935s][info][gc,cpu         ] GC(33392) User=0.00s Sys=0.00s Real=0.01s
[13841.423s][info][gc,start       ] GC(33393) Pause Young (Allocation Failure)
[13841.427s][info][gc,heap        ] GC(33393) PSYoungGen: 104576K(104960K)->1248K(101888K) Eden: 103424K(103424K)->0K(100352K) From: 1152K(1536K)->1248K(1536K)
[13841.427s][info][gc,heap        ] GC(33393) ParOldGen: 546824K(547328K)->547048K(547328K)
[13841.427s][info][gc,metaspace   ] GC(33393) Metaspace: 62244K(62528K)->62244K(62528K) NonClass: 56711K(56896K)->56711K(56896K) Class: 5533K(5632K)->5533K(5632K)
[13841.427s][info][gc             ] GC(33393) Pause Young (Allocation Failure) 636M->535M(634M) 4.299ms
[13841.427s][info][gc,cpu         ] GC(33393) User=0.01s Sys=0.00s Real=0.00s
[13841.943s][info][gc,start       ] GC(33394) Pause Young (Allocation Failure)
[13841.948s][info][gc,heap        ] GC(33394) PSYoungGen: 101600K(101888K)->3040K(100352K) Eden: 100352K(100352K)->0K(97280K) From: 1248K(1536K)->3040K(3072K)
[13841.948s][info][gc,heap        ] GC(33394) ParOldGen: 547048K(547328K)->547608K(547840K)
[13841.948s][info][gc,metaspace   ] GC(33394) Metaspace: 62244K(62528K)->62244K(62528K) NonClass: 56711K(56896K)->56711K(56896K) Class: 5533K(5632K)->5533K(5632K)
[13841.948s][info][gc             ] GC(33394) Pause Young (Allocation Failure) 633M->537M(633M) 5.021ms
[13841.948s][info][gc,cpu         ] GC(33394) User=0.01s Sys=0.00s Real=0.00s
[13842.457s][info][gc,start       ] GC(33395) Pause Young (Allocation Failure)
[13842.463s][info][gc,heap        ] GC(33395) PSYoungGen: 100320K(100352K)->1600K(96256K) Eden: 97280K(97280K)->0K(94208K) From: 3040K(3072K)->1600K(2048K)
[13842.463s][info][gc,heap        ] GC(33395) ParOldGen: 547608K(547840K)->549712K(550912K)
[13842.463s][info][gc,metaspace   ] GC(33395) Metaspace: 62244K(62528K)->62244K(62528K) NonClass: 56711K(56896K)->56711K(56896K) Class: 5533K(5632K)->5533K(5632K)
[13842.463s][info][gc             ] GC(33395) Pause Young (Allocation Failure) 632M->538M(632M) 5.602ms
[13842.463s][info][gc,cpu         ] GC(33395) User=0.01s Sys=0.00s Real=0.01s
[13842.927s][info][gc,start       ] GC(33396) Pause Young (Allocation Failure)
[13842.931s][info][gc,heap        ] GC(33396) PSYoungGen: 95808K(96256K)->1280K(93184K) Eden: 94208K(94208K)->0K(91648K) From: 1600K(2048K)->1280K(1536K)
[13842.931s][info][gc,heap        ] GC(33396) ParOldGen: 549712K(550912K)->549928K(550912K)
[13842.931s][info][gc,metaspace   ] GC(33396) Metaspace: 62244K(62528K)->62244K(62528K) NonClass: 56711K(56896K)->56711K(56896K) Class: 5533K(5632K)->5533K(5632K)
[13842.931s][info][gc             ] GC(33396) Pause Young (Allocation Failure) 630M->538M(629M) 4.235ms
[13842.931s][info][gc,cpu         ] GC(33396) User=0.01s Sys=0.00s Real=0.00s
[13843.369s][info][gc,start       ] GC(33397) Pause Young (Allocation Failure)
[13843.373s][info][gc,heap        ] GC(33397) PSYoungGen: 92927K(93184K)->448K(89600K) Eden: 91647K(91648K)->0K(89088K) From: 1280K(1536K)->448K(512K)
[13843.373s][info][gc,heap        ] GC(33397) ParOldGen: 549928K(550912K)->550144K(550912K)
[13843.373s][info][gc,metaspace   ] GC(33397) Metaspace: 62244K(62528K)->62244K(62528K) NonClass: 56711K(56896K)->56711K(56896K) Class: 5533K(5632K)->5533K(5632K)
[13843.373s][info][gc             ] GC(33397) Pause Young (Allocation Failure) 627M->537M(625M) 3.610ms
[13843.373s][info][gc,cpu         ] GC(33397) User=0.00s Sys=0.00s Real=0.01s
[13843.845s][info][gc,start       ] GC(33398) Pause Young (Allocation Failure)
[13843.849s][info][gc,heap        ] GC(33398) PSYoungGen: 89536K(89600K)->1408K(88064K) Eden: 89088K(89088K)->0K(86528K) From: 448K(512K)->1408K(1536K)
[13843.849s][info][gc,heap        ] GC(33398) ParOldGen: 550144K(550912K)->550384K(550912K)
[13843.849s][info][gc,metaspace   ] GC(33398) Metaspace: 62244K(62528K)->62244K(62528K) NonClass: 56711K(56896K)->56711K(56896K) Class: 5533K(5632K)->5533K(5632K)
[13843.849s][info][gc             ] GC(33398) Pause Young (Allocation Failure) 624M->538M(624M) 4.606ms
[13843.849s][info][gc,cpu         ] GC(33398) User=0.00s Sys=0.00s Real=0.00s
[13844.329s][info][gc,start       ] GC(33399) Pause Young (Allocation Failure)
[13844.334s][info][gc,heap        ] GC(33399) PSYoungGen: 87936K(88064K)->1216K(85504K) Eden: 86528K(86528K)->0K(83968K) From: 1408K(1536K)->1216K(1536K)
[13844.334s][info][gc,heap        ] GC(33399) ParOldGen: 550384K(550912K)->550616K(550912K)
[13844.334s][info][gc,metaspace   ] GC(33399) Metaspace: 62244K(62528K)->62244K(62528K) NonClass: 56711K(56896K)->56711K(56896K) Class: 5533K(5632K)->5533K(5632K)
[13844.334s][info][gc             ] GC(33399) Pause Young (Allocation Failure) 623M->538M(621M) 4.235ms
[13844.334s][info][gc,cpu         ] GC(33399) User=0.01s Sys=0.01s Real=0.01s
[13844.747s][info][gc,start       ] GC(33400) Pause Young (Allocation Failure)
[13844.752s][info][gc,heap        ] GC(33400) PSYoungGen: 85184K(85504K)->1504K(82944K) Eden: 83968K(83968K)->0K(81408K) From: 1216K(1536K)->1504K(1536K)
[13844.752s][info][gc,heap        ] GC(33400) ParOldGen: 550616K(550912K)->550840K(550912K)
[13844.752s][info][gc,metaspace   ] GC(33400) Metaspace: 62244K(62528K)->62244K(62528K) NonClass: 56711K(56896K)->56711K(56896K) Class: 5533K(5632K)->5533K(5632K)
[13844.752s][info][gc             ] GC(33400) Pause Young (Allocation Failure) 620M->539M(619M) 4.508ms
[13844.752s][info][gc,cpu         ] GC(33400) User=0.01s Sys=0.00s Real=0.01s
[13845.132s][info][gc,start       ] GC(33401) Pause Young (Allocation Failure)
[13845.138s][info][gc,heap        ] GC(33401) PSYoungGen: 82912K(82944K)->1120K(99328K) Eden: 81408K(81408K)->0K(97792K) From: 1504K(1536K)->1120K(1536K)
[13845.138s][info][gc,heap        ] GC(33401) ParOldGen: 550840K(550912K)->551056K(551424K)
[13845.138s][info][gc,metaspace   ] GC(33401) Metaspace: 62244K(62528K)->62244K(62528K) NonClass: 56711K(56896K)->56711K(56896K) Class: 5533K(5632K)->5533K(5632K)
[13845.138s][info][gc             ] GC(33401) Pause Young (Allocation Failure) 618M->539M(635M) 5.426ms
[13845.138s][info][gc,cpu         ] GC(33401) User=0.01s Sys=0.00s Real=0.00s
[13845.676s][info][gc,start       ] GC(33402) Pause Young (Allocation Failure)
[13845.679s][info][gc,heap        ] GC(33402) PSYoungGen: 98912K(99328K)->576K(95744K) Eden: 97792K(97792K)->0K(94720K) From: 1120K(1536K)->576K(1024K)
[13845.679s][info][gc,heap        ] GC(33402) ParOldGen: 551056K(551424K)->551264K(551424K)
[13845.679s][info][gc,metaspace   ] GC(33402) Metaspace: 62244K(62528K)->62244K(62528K) NonClass: 56711K(56896K)->56711K(56896K) Class: 5533K(5632K)->5533K(5632K)
[13845.680s][info][gc             ] GC(33402) Pause Young (Allocation Failure) 634M->538M(632M) 3.949ms
[13845.680s][info][gc,cpu         ] GC(33402) User=0.01s Sys=0.00s Real=0.00s
[13846.165s][info][gc,start       ] GC(33403) Pause Young (Allocation Failure)
[13846.169s][info][gc,heap        ] GC(33403) PSYoungGen: 95296K(95744K)->384K(92672K) Eden: 94720K(94720K)->0K(92160K) From: 576K(1024K)->384K(512K)
[13846.169s][info][gc,heap        ] GC(33403) ParOldGen: 551264K(551424K)->551536K(551936K)
[13846.169s][info][gc,metaspace   ] GC(33403) Metaspace: 62244K(62528K)->62244K(62528K) NonClass: 56711K(56896K)->56711K(56896K) Class: 5533K(5632K)->5533K(5632K)
[13846.169s][info][gc             ] GC(33403) Pause Young (Allocation Failure) 631M->538M(629M) 3.592ms
[13846.169s][info][gc,cpu         ] GC(33403) User=0.01s Sys=0.00s Real=0.00s
[13846.626s][info][gc,start       ] GC(33404) Pause Young (Allocation Failure)
[13846.630s][info][gc,heap        ] GC(33404) PSYoungGen: 92544K(92672K)->1120K(91136K) Eden: 92160K(92160K)->0K(89600K) From: 384K(512K)->1120K(1536K)
[13846.630s][info][gc,heap        ] GC(33404) ParOldGen: 551536K(551936K)->551776K(551936K)
[13846.630s][info][gc,metaspace   ] GC(33404) Metaspace: 62244K(62528K)->62244K(62528K) NonClass: 56711K(56896K)->56711K(56896K) Class: 5533K(5632K)->5533K(5632K)
[13846.630s][info][gc             ] GC(33404) Pause Young (Allocation Failure) 628M->539M(628M) 4.223ms
[13846.630s][info][gc,cpu         ] GC(33404) User=0.00s Sys=0.00s Real=0.00s
[13847.073s][info][gc,start       ] GC(33405) Pause Young (Allocation Failure)
[13847.076s][info][gc,heap        ] GC(33405) PSYoungGen: 90720K(91136K)->448K(87552K) Eden: 89600K(89600K)->0K(87040K) From: 1120K(1536K)->448K(512K)
[13847.076s][info][gc,heap        ] GC(33405) ParOldGen: 551776K(551936K)->552008K(552448K)
[13847.076s][info][gc,metaspace   ] GC(33405) Metaspace: 62244K(62528K)->62244K(62528K) NonClass: 56711K(56896K)->56711K(56896K) Class: 5533K(5632K)->5533K(5632K)
[13847.076s][info][gc             ] GC(33405) Pause Young (Allocation Failure) 627M->539M(625M) 3.665ms
[13847.076s][info][gc,cpu         ] GC(33405) User=0.00s Sys=0.00s Real=0.00s
[13847.511s][info][gc,start       ] GC(33406) Pause Young (Allocation Failure)
[13847.515s][info][gc,heap        ] GC(33406) PSYoungGen: 86723K(87552K)->1984K(86528K) Eden: 86275K(87040K)->0K(84480K) From: 448K(512K)->1984K(2048K)
[13847.515s][info][gc,heap        ] GC(33406) ParOldGen: 552008K(552448K)->552240K(552448K)
[13847.515s][info][gc,metaspace   ] GC(33406) Metaspace: 62244K(62528K)->62244K(62528K) NonClass: 56711K(56896K)->56711K(56896K) Class: 5533K(5632K)->5533K(5632K)
[13847.515s][info][gc             ] GC(33406) Pause Young (Allocation Failure) 623M->541M(624M) 4.175ms
[13847.515s][info][gc,cpu         ] GC(33406) User=0.01s Sys=0.00s Real=0.00s
[13847.918s][info][gc,start       ] GC(33407) Pause Young (Allocation Failure)
[13847.924s][info][gc,heap        ] GC(33407) PSYoungGen: 86464K(86528K)->2208K(84480K) Eden: 84480K(84480K)->0K(81920K) From: 1984K(2048K)->2208K(2560K)
[13847.924s][info][gc,heap        ] GC(33407) ParOldGen: 552240K(552448K)->554520K(555520K)
[13847.924s][info][gc,metaspace   ] GC(33407) Metaspace: 62244K(62528K)->62244K(62528K) NonClass: 56711K(56896K)->56711K(56896K) Class: 5533K(5632K)->5533K(5632K)
[13847.924s][info][gc             ] GC(33407) Pause Young (Allocation Failure) 623M->543M(625M) 5.578ms
[13847.924s][info][gc,cpu         ] GC(33407) User=0.01s Sys=0.00s Real=0.01s
[13848.348s][info][gc,start       ] GC(33408) Pause Young (Allocation Failure)
[13848.353s][info][gc,heap        ] GC(33408) PSYoungGen: 84128K(84480K)->1376K(93696K) Eden: 81920K(81920K)->0K(91648K) From: 2208K(2560K)->1376K(2048K)
[13848.353s][info][gc,heap        ] GC(33408) ParOldGen: 554520K(555520K)->555744K(557056K)
[13848.353s][info][gc,metaspace   ] GC(33408) Metaspace: 62244K(62528K)->62244K(62528K) NonClass: 56711K(56896K)->56711K(56896K) Class: 5533K(5632K)->5533K(5632K)
[13848.353s][info][gc             ] GC(33408) Pause Young (Allocation Failure) 623M->544M(635M) 5.013ms
[13848.353s][info][gc,cpu         ] GC(33408) User=0.00s Sys=0.00s Real=0.01s
[13848.731s][info][gc,start       ] GC(33409) Pause Young (Allocation Failure)
[13848.735s][info][gc,heap        ] GC(33409) PSYoungGen: 93024K(93696K)->1408K(94720K) Eden: 91648K(91648K)->0K(91648K) From: 1376K(2048K)->1408K(3072K)
[13848.735s][info][gc,heap        ] GC(33409) ParOldGen: 555744K(557056K)->555944K(557056K)
[13848.735s][info][gc,metaspace   ] GC(33409) Metaspace: 62244K(62528K)->62244K(62528K) NonClass: 56711K(56896K)->56711K(56896K) Class: 5533K(5632K)->5533K(5632K)
[13848.735s][info][gc             ] GC(33409) Pause Young (Allocation Failure) 633M->544M(636M) 4.262ms
[13848.735s][info][gc,cpu         ] GC(33409) User=0.01s Sys=0.00s Real=0.01s
[13849.191s][info][gc,start       ] GC(33410) Pause Young (Allocation Failure)
[13849.195s][info][gc,heap        ] GC(33410) PSYoungGen: 93056K(94720K)->704K(90112K) Eden: 91648K(91648K)->0K(89088K) From: 1408K(3072K)->704K(1024K)
[13849.195s][info][gc,heap        ] GC(33410) ParOldGen: 555944K(557056K)->556144K(557056K)
[13849.195s][info][gc,metaspace   ] GC(33410) Metaspace: 62244K(62528K)->62244K(62528K) NonClass: 56711K(56896K)->56711K(56896K) Class: 5533K(5632K)->5533K(5632K)
[13849.195s][info][gc             ] GC(33410) Pause Young (Allocation Failure) 633M->543M(632M) 4.143ms
[13849.195s][info][gc,cpu         ] GC(33410) User=0.01s Sys=0.00s Real=0.00s
[13849.644s][info][gc,start       ] GC(33411) Pause Young (Allocation Failure)
[13849.649s][info][gc,heap        ] GC(33411) PSYoungGen: 89792K(90112K)->1344K(110080K) Eden: 89088K(89088K)->0K(107008K) From: 704K(1024K)->1344K(3072K)
[13849.649s][info][gc,heap        ] GC(33411) ParOldGen: 556144K(557056K)->556368K(557056K)
[13849.649s][info][gc,metaspace   ] GC(33411) Metaspace: 62244K(62528K)->62244K(62528K) NonClass: 56711K(56896K)->56711K(56896K) Class: 5533K(5632K)->5533K(5632K)
[13849.649s][info][gc             ] GC(33411) Pause Young (Allocation Failure) 630M->544M(651M) 4.948ms
[13849.649s][info][gc,cpu         ] GC(33411) User=0.01s Sys=0.00s Real=0.00s
[13850.181s][info][gc,start       ] GC(33412) Pause Young (Allocation Failure)
[13850.185s][info][gc,heap        ] GC(33412) PSYoungGen: 108352K(110080K)->608K(104448K) Eden: 107008K(107008K)->0K(103424K) From: 1344K(3072K)->608K(1024K)
[13850.185s][info][gc,heap        ] GC(33412) ParOldGen: 556368K(557056K)->556560K(557056K)
[13850.185s][info][gc,metaspace   ] GC(33412) Metaspace: 62244K(62528K)->62244K(62528K) NonClass: 56711K(56896K)->56711K(56896K) Class: 5533K(5632K)->5533K(5632K)
[13850.185s][info][gc             ] GC(33412) Pause Young (Allocation Failure) 649M->544M(646M) 4.046ms
[13850.185s][info][gc,cpu         ] GC(33412) User=0.01s Sys=0.00s Real=0.01s
[13850.692s][info][gc,start       ] GC(33413) Pause Young (Allocation Failure)
[13850.697s][info][gc,heap        ] GC(33413) PSYoungGen: 104032K(104448K)->800K(101376K) Eden: 103424K(103424K)->0K(100352K) From: 608K(1024K)->800K(1024K)
[13850.697s][info][gc,heap        ] GC(33413) ParOldGen: 556560K(557056K)->556776K(557056K)
[13850.697s][info][gc,metaspace   ] GC(33413) Metaspace: 62244K(62528K)->62244K(62528K) NonClass: 56711K(56896K)->56711K(56896K) Class: 5533K(5632K)->5533K(5632K)
[13850.697s][info][gc             ] GC(33413) Pause Young (Allocation Failure) 645M->544M(643M) 4.260ms
[13850.697s][info][gc,cpu         ] GC(33413) User=0.01s Sys=0.00s Real=0.00s
[13851.150s][info][gc,start       ] GC(33414) Pause Young (Allocation Failure)
[13851.155s][info][gc,heap        ] GC(33414) PSYoungGen: 101152K(101376K)->1600K(99328K) Eden: 100352K(100352K)->0K(97280K) From: 800K(1024K)->1600K(2048K)
[13851.155s][info][gc,heap        ] GC(33414) ParOldGen: 556776K(557056K)->556992K(557056K)
[13851.155s][info][gc,metaspace   ] GC(33414) Metaspace: 62244K(62528K)->62244K(62528K) NonClass: 56711K(56896K)->56711K(56896K) Class: 5533K(5632K)->5533K(5632K)
[13851.155s][info][gc             ] GC(33414) Pause Young (Allocation Failure) 642M->545M(641M) 5.354ms
[13851.155s][info][gc,cpu         ] GC(33414) User=0.01s Sys=0.01s Real=0.01s
[13851.602s][info][gc,start       ] GC(33415) Pause Young (Allocation Failure)
[13851.606s][info][gc,heap        ] GC(33415) PSYoungGen: 98880K(99328K)->928K(95232K) Eden: 97280K(97280K)->0K(94208K) From: 1600K(2048K)->928K(1024K)
[13851.606s][info][gc,heap        ] GC(33415) ParOldGen: 556992K(557056K)->557208K(557568K)
[13851.606s][info][gc,metaspace   ] GC(33415) Metaspace: 62244K(62528K)->62244K(62528K) NonClass: 56711K(56896K)->56711K(56896K) Class: 5533K(5632K)->5533K(5632K)
[13851.606s][info][gc             ] GC(33415) Pause Young (Allocation Failure) 640M->545M(637M) 4.175ms
[13851.606s][info][gc,cpu         ] GC(33415) User=0.01s Sys=0.00s Real=0.00s
[13852.030s][info][gc,start       ] GC(33416) Pause Young (Allocation Failure)
[13852.034s][info][gc,heap        ] GC(33416) PSYoungGen: 95136K(95232K)->1312K(93184K) Eden: 94208K(94208K)->0K(91648K) From: 928K(1024K)->1312K(1536K)
[13852.034s][info][gc,heap        ] GC(33416) ParOldGen: 557208K(557568K)->557416K(557568K)
[13852.034s][info][gc,metaspace   ] GC(33416) Metaspace: 62244K(62528K)->62244K(62528K) NonClass: 56711K(56896K)->56711K(56896K) Class: 5533K(5632K)->5533K(5632K)
[13852.034s][info][gc             ] GC(33416) Pause Young (Allocation Failure) 637M->545M(635M) 4.432ms
[13852.034s][info][gc,cpu         ] GC(33416) User=0.01s Sys=0.00s Real=0.01s
[13852.454s][info][gc,start       ] GC(33417) Pause Young (Allocation Failure)
[13852.458s][info][gc,heap        ] GC(33417) PSYoungGen: 92960K(93184K)->1632K(91136K) Eden: 91648K(91648K)->0K(89088K) From: 1312K(1536K)->1632K(2048K)
[13852.459s][info][gc,heap        ] GC(33417) ParOldGen: 557416K(557568K)->557632K(558080K)
[13852.459s][info][gc,metaspace   ] GC(33417) Metaspace: 62244K(62528K)->62244K(62528K) NonClass: 56711K(56896K)->56711K(56896K) Class: 5533K(5632K)->5533K(5632K)
[13852.459s][info][gc             ] GC(33417) Pause Young (Allocation Failure) 635M->546M(634M) 4.616ms
[13852.459s][info][gc,cpu         ] GC(33417) User=0.01s Sys=0.00s Real=0.00s
[13852.878s][info][gc,start       ] GC(33418) Pause Young (Allocation Failure)
[13852.882s][info][gc,heap        ] GC(33418) PSYoungGen: 90720K(91136K)->544K(87552K) Eden: 89088K(89088K)->0K(86528K) From: 1632K(2048K)->544K(1024K)
[13852.882s][info][gc,heap        ] GC(33418) ParOldGen: 557632K(558080K)->557832K(558080K)
[13852.882s][info][gc,metaspace   ] GC(33418) Metaspace: 62244K(62528K)->62244K(62528K) NonClass: 56711K(56896K)->56711K(56896K) Class: 5533K(5632K)->5533K(5632K)
[13852.882s][info][gc             ] GC(33418) Pause Young (Allocation Failure) 633M->545M(630M) 3.652ms
[13852.882s][info][gc,cpu         ] GC(33418) User=0.00s Sys=0.00s Real=0.01s
[13853.278s][info][gc,start       ] GC(33419) Pause Young (Allocation Failure)
[13853.282s][info][gc,heap        ] GC(33419) PSYoungGen: 87072K(87552K)->512K(84480K) Eden: 86528K(86528K)->0K(83968K) From: 544K(1024K)->512K(512K)
[13853.282s][info][gc,heap        ] GC(33419) ParOldGen: 557832K(558080K)->558048K(558080K)
[13853.282s][info][gc,metaspace   ] GC(33419) Metaspace: 62244K(62528K)->62244K(62528K) NonClass: 56711K(56896K)->56711K(56896K) Class: 5533K(5632K)->5533K(5632K)
[13853.282s][info][gc             ] GC(33419) Pause Young (Allocation Failure) 629M->545M(627M) 3.597ms
[13853.282s][info][gc,cpu         ] GC(33419) User=0.01s Sys=0.00s Real=0.01s
[13853.686s][info][gc,start       ] GC(33420) Pause Young (Allocation Failure)
[13853.689s][info][gc,heap        ] GC(33420) PSYoungGen: 84480K(84480K)->608K(100352K) Eden: 83968K(83968K)->0K(99328K) From: 512K(512K)->608K(1024K)
[13853.689s][info][gc,heap        ] GC(33420) ParOldGen: 558048K(558080K)->558256K(558592K)
[13853.689s][info][gc,metaspace   ] GC(33420) Metaspace: 62244K(62528K)->62244K(62528K) NonClass: 56711K(56896K)->56711K(56896K) Class: 5533K(5632K)->5533K(5632K)
[13853.689s][info][gc             ] GC(33420) Pause Young (Allocation Failure) 627M->545M(643M) 3.732ms
[13853.689s][info][gc,cpu         ] GC(33420) User=0.01s Sys=0.00s Real=0.00s
[13854.146s][info][gc,start       ] GC(33421) Pause Young (Allocation Failure)
[13854.150s][info][gc,heap        ] GC(33421) PSYoungGen: 99936K(100352K)->1568K(98304K) Eden: 99328K(99328K)->0K(96256K) From: 608K(1024K)->1568K(2048K)
[13854.150s][info][gc,heap        ] GC(33421) ParOldGen: 558256K(558592K)->558448K(558592K)
[13854.150s][info][gc,metaspace   ] GC(33421) Metaspace: 62244K(62528K)->62244K(62528K) NonClass: 56711K(56896K)->56711K(56896K) Class: 5533K(5632K)->5533K(5632K)
[13854.150s][info][gc             ] GC(33421) Pause Young (Allocation Failure) 642M->546M(641M) 4.513ms
[13854.150s][info][gc,cpu         ] GC(33421) User=0.01s Sys=0.00s Real=0.00s
[13854.684s][info][gc,start       ] GC(33422) Pause Young (Allocation Failure)
[13854.688s][info][gc,heap        ] GC(33422) PSYoungGen: 97823K(98304K)->624K(94208K) Eden: 96255K(96256K)->0K(93184K) From: 1568K(2048K)->624K(1024K)
[13854.688s][info][gc,heap        ] GC(33422) ParOldGen: 558448K(558592K)->558664K(559104K)
[13854.688s][info][gc,metaspace   ] GC(33422) Metaspace: 62244K(62528K)->62244K(62528K) NonClass: 56711K(56896K)->56711K(56896K) Class: 5533K(5632K)->5533K(5632K)
[13854.688s][info][gc             ] GC(33422) Pause Young (Allocation Failure) 640M->546M(638M) 3.841ms
[13854.688s][info][gc,cpu         ] GC(33422) User=0.00s Sys=0.01s Real=0.00s
[13855.145s][info][gc,start       ] GC(33423) Pause Young (Allocation Failure)
[13855.150s][info][gc,heap        ] GC(33423) PSYoungGen: 93808K(94208K)->1504K(92160K) Eden: 93184K(93184K)->0K(90624K) From: 624K(1024K)->1504K(1536K)
[13855.150s][info][gc,heap        ] GC(33423) ParOldGen: 558664K(559104K)->558928K(559104K)
[13855.150s][info][gc,metaspace   ] GC(33423) Metaspace: 62244K(62528K)->62244K(62528K) NonClass: 56711K(56896K)->56711K(56896K) Class: 5533K(5632K)->5533K(5632K)
[13855.150s][info][gc             ] GC(33423) Pause Young (Allocation Failure) 637M->547M(636M) 5.744ms
[13855.150s][info][gc,cpu         ] GC(33423) User=0.01s Sys=0.00s Real=0.00s
[13855.551s][info][gc,start       ] GC(33424) Pause Young (Allocation Failure)
[13855.555s][info][gc,heap        ] GC(33424) PSYoungGen: 92128K(92160K)->1728K(90112K) Eden: 90624K(90624K)->0K(88064K) From: 1504K(1536K)->1728K(2048K)
[13855.555s][info][gc,heap        ] GC(33424) ParOldGen: 558928K(559104K)->559136K(559616K)
[13855.555s][info][gc,metaspace   ] GC(33424) Metaspace: 62244K(62528K)->62244K(62528K) NonClass: 56711K(56896K)->56711K(56896K) Class: 5533K(5632K)->5533K(5632K)
[13855.555s][info][gc             ] GC(33424) Pause Young (Allocation Failure) 635M->547M(634M) 4.688ms
[13855.555s][info][gc,cpu         ] GC(33424) User=0.01s Sys=0.00s Real=0.01s
[13855.993s][info][gc,start       ] GC(33425) Pause Young (Allocation Failure)
[13855.996s][info][gc,heap        ] GC(33425) PSYoungGen: 89792K(90112K)->672K(86528K) Eden: 88064K(88064K)->0K(85504K) From: 1728K(2048K)->672K(1024K)
[13855.996s][info][gc,heap        ] GC(33425) ParOldGen: 559136K(559616K)->559336K(559616K)
[13855.996s][info][gc,metaspace   ] GC(33425) Metaspace: 62244K(62528K)->62244K(62528K) NonClass: 56711K(56896K)->56711K(56896K) Class: 5533K(5632K)->5533K(5632K)
[13855.996s][info][gc             ] GC(33425) Pause Young (Allocation Failure) 633M->546M(631M) 3.683ms
[13855.996s][info][gc,cpu         ] GC(33425) User=0.00s Sys=0.00s Real=0.00s
[13856.382s][info][gc,start       ] GC(33426) Pause Young (Allocation Failure)
[13856.385s][info][gc,heap        ] GC(33426) PSYoungGen: 86176K(86528K)->608K(83968K) Eden: 85504K(85504K)->0K(82944K) From: 672K(1024K)->608K(1024K)
[13856.385s][info][gc,heap        ] GC(33426) ParOldGen: 559336K(559616K)->559536K(559616K)
[13856.385s][info][gc,metaspace   ] GC(33426) Metaspace: 62244K(62528K)->62244K(62528K) NonClass: 56711K(56896K)->56711K(56896K) Class: 5533K(5632K)->5533K(5632K)
[13856.385s][info][gc             ] GC(33426) Pause Young (Allocation Failure) 630M->547M(628M) 3.679ms
[13856.385s][info][gc,cpu         ] GC(33426) User=0.01s Sys=0.00s Real=0.00s
[13856.752s][info][gc,start       ] GC(33427) Pause Young (Allocation Failure)
[13856.757s][info][gc,heap        ] GC(33427) PSYoungGen: 83552K(83968K)->1632K(95232K) Eden: 82944K(82944K)->0K(93184K) From: 608K(1024K)->1632K(2048K)
[13856.757s][info][gc,heap        ] GC(33427) ParOldGen: 559536K(559616K)->559744K(560128K)
[13856.757s][info][gc,metaspace   ] GC(33427) Metaspace: 62244K(62528K)->62244K(62528K) NonClass: 56711K(56896K)->56711K(56896K) Class: 5533K(5632K)->5533K(5632K)
[13856.757s][info][gc             ] GC(33427) Pause Young (Allocation Failure) 628M->548M(640M) 4.551ms
[13856.757s][info][gc,cpu         ] GC(33427) User=0.01s Sys=0.00s Real=0.00s
[13857.206s][info][gc,start       ] GC(33428) Pause Young (Allocation Failure)
[13857.211s][info][gc,heap        ] GC(33428) PSYoungGen: 94816K(95232K)->832K(91648K) Eden: 93184K(93184K)->0K(90624K) From: 1632K(2048K)->832K(1024K)
[13857.211s][info][gc,heap        ] GC(33428) ParOldGen: 559744K(560128K)->559928K(560128K)
[13857.211s][info][gc,metaspace   ] GC(33428) Metaspace: 62244K(62528K)->62244K(62528K) NonClass: 56711K(56896K)->56711K(56896K) Class: 5533K(5632K)->5533K(5632K)
[13857.211s][info][gc             ] GC(33428) Pause Young (Allocation Failure) 639M->547M(636M) 5.016ms
[13857.211s][info][gc,cpu         ] GC(33428) User=0.00s Sys=0.00s Real=0.01s
[13857.671s][info][gc,start       ] GC(33429) Pause Young (Allocation Failure)
[13857.674s][info][gc,heap        ] GC(33429) PSYoungGen: 91456K(91648K)->448K(88576K) Eden: 90624K(90624K)->0K(88064K) From: 832K(1024K)->448K(512K)
[13857.674s][info][gc,heap        ] GC(33429) ParOldGen: 559928K(560128K)->560136K(560640K)
[13857.674s][info][gc,metaspace   ] GC(33429) Metaspace: 62244K(62528K)->62244K(62528K) NonClass: 56711K(56896K)->56711K(56896K) Class: 5533K(5632K)->5533K(5632K)
[13857.674s][info][gc             ] GC(33429) Pause Young (Allocation Failure) 636M->547M(634M) 3.627ms
[13857.674s][info][gc,cpu         ] GC(33429) User=0.00s Sys=0.00s Real=0.01s
[13858.036s][info][gc,start       ] GC(33430) Pause Young (Allocation Failure)
[13858.041s][info][gc,heap        ] GC(33430) PSYoungGen: 88512K(88576K)->1472K(87040K) Eden: 88064K(88064K)->0K(85504K) From: 448K(512K)->1472K(1536K)
[13858.041s][info][gc,heap        ] GC(33430) ParOldGen: 560136K(560640K)->560336K(560640K)
[13858.041s][info][gc,metaspace   ] GC(33430) Metaspace: 62244K(62528K)->62244K(62528K) NonClass: 56711K(56896K)->56711K(56896K) Class: 5533K(5632K)->5533K(5632K)
[13858.041s][info][gc             ] GC(33430) Pause Young (Allocation Failure) 633M->548M(632M) 4.414ms
[13858.041s][info][gc,cpu         ] GC(33430) User=0.01s Sys=0.00s Real=0.01s
[13858.487s][info][gc,start       ] GC(33431) Pause Young (Allocation Failure)
[13858.490s][info][gc,heap        ] GC(33431) PSYoungGen: 86976K(87040K)->576K(83968K) Eden: 85504K(85504K)->0K(82944K) From: 1472K(1536K)->576K(1024K)
[13858.490s][info][gc,heap        ] GC(33431) ParOldGen: 560336K(560640K)->560536K(560640K)
[13858.490s][info][gc,metaspace   ] GC(33431) Metaspace: 62244K(62528K)->62244K(62528K) NonClass: 56711K(56896K)->56711K(56896K) Class: 5533K(5632K)->5533K(5632K)
[13858.490s][info][gc             ] GC(33431) Pause Young (Allocation Failure) 632M->547M(629M) 3.586ms
[13858.490s][info][gc,cpu         ] GC(33431) User=0.00s Sys=0.00s Real=0.00s
[13858.873s][info][gc,start       ] GC(33432) Pause Young (Allocation Failure)
[13858.877s][info][gc,heap        ] GC(33432) PSYoungGen: 83520K(83968K)->2432K(90112K) Eden: 82944K(82944K)->0K(87552K) From: 576K(1024K)->2432K(2560K)
[13858.877s][info][gc,heap        ] GC(33432) ParOldGen: 560536K(560640K)->561768K(562688K)
[13858.877s][info][gc,metaspace   ] GC(33432) Metaspace: 62244K(62528K)->62244K(62528K) NonClass: 56711K(56896K)->56711K(56896K) Class: 5533K(5632K)->5533K(5632K)
[13858.877s][info][gc             ] GC(33432) Pause Young (Allocation Failure) 628M->550M(637M) 4.239ms
[13858.877s][info][gc,cpu         ] GC(33432) User=0.01s Sys=0.01s Real=0.00s
[13859.314s][info][gc,start       ] GC(33433) Pause Young (Allocation Failure)
[13859.320s][info][gc,heap        ] GC(33433) PSYoungGen: 89984K(90112K)->1056K(90624K) Eden: 87552K(87552K)->0K(87552K) From: 2432K(2560K)->1056K(3072K)
[13859.320s][info][gc,heap        ] GC(33433) ParOldGen: 561768K(562688K)->564008K(564224K)
[13859.320s][info][gc,metaspace   ] GC(33433) Metaspace: 62244K(62528K)->62244K(62528K) NonClass: 56711K(56896K)->56711K(56896K) Class: 5533K(5632K)->5533K(5632K)
[13859.320s][info][gc             ] GC(33433) Pause Young (Allocation Failure) 636M->551M(639M) 5.358ms
[13859.320s][info][gc,cpu         ] GC(33433) User=0.01s Sys=0.00s Real=0.00s
[13859.732s][info][gc,start       ] GC(33434) Pause Young (Allocation Failure)
[13859.738s][info][gc,heap        ] GC(33434) PSYoungGen: 88608K(90624K)->1408K(107520K) Eden: 87552K(87552K)->0K(105472K) From: 1056K(3072K)->1408K(2048K)
[13859.738s][info][gc,heap        ] GC(33434) ParOldGen: 564008K(564224K)->564224K(564736K)
[13859.738s][info][gc,metaspace   ] GC(33434) Metaspace: 62244K(62528K)->62244K(62528K) NonClass: 56711K(56896K)->56711K(56896K) Class: 5533K(5632K)->5533K(5632K)
[13859.738s][info][gc             ] GC(33434) Pause Young (Allocation Failure) 637M->552M(656M) 5.466ms
[13859.738s][info][gc,cpu         ] GC(33434) User=0.01s Sys=0.01s Real=0.00s
[13860.233s][info][gc,start       ] GC(33435) Pause Young (Allocation Failure)
[13860.237s][info][gc,heap        ] GC(33435) PSYoungGen: 106880K(107520K)->1088K(108032K) Eden: 105472K(105472K)->0K(105472K) From: 1408K(2048K)->1088K(2560K)
[13860.237s][info][gc,heap        ] GC(33435) ParOldGen: 564224K(564736K)->564400K(564736K)
[13860.237s][info][gc,metaspace   ] GC(33435) Metaspace: 62244K(62528K)->62244K(62528K) NonClass: 56711K(56896K)->56711K(56896K) Class: 5533K(5632K)->5533K(5632K)
[13860.238s][info][gc             ] GC(33435) Pause Young (Allocation Failure) 655M->552M(657M) 4.654ms
[13860.238s][info][gc,cpu         ] GC(33435) User=0.01s Sys=0.00s Real=0.00s
[13860.763s][info][gc,start       ] GC(33436) Pause Young (Allocation Failure)
[13860.767s][info][gc,heap        ] GC(33436) PSYoungGen: 106560K(108032K)->384K(102912K) Eden: 105472K(105472K)->0K(102400K) From: 1088K(2560K)->384K(512K)
[13860.767s][info][gc,heap        ] GC(33436) ParOldGen: 564400K(564736K)->564600K(564736K)
[13860.767s][info][gc,metaspace   ] GC(33436) Metaspace: 62244K(62528K)->62244K(62528K) NonClass: 56711K(56896K)->56711K(56896K) Class: 5533K(5632K)->5533K(5632K)
[13860.767s][info][gc             ] GC(33436) Pause Young (Allocation Failure) 655M->551M(652M) 3.664ms
[13860.767s][info][gc,cpu         ] GC(33436) User=0.01s Sys=0.00s Real=0.00s
[13861.278s][info][gc,start       ] GC(33437) Pause Young (Allocation Failure)
[13861.282s][info][gc,heap        ] GC(33437) PSYoungGen: 102784K(102912K)->576K(101888K) Eden: 102400K(102400K)->0K(99328K) From: 384K(512K)->576K(2560K)
[13861.282s][info][gc,heap        ] GC(33437) ParOldGen: 564600K(564736K)->564808K(565248K)
[13861.282s][info][gc,metaspace   ] GC(33437) Metaspace: 62244K(62528K)->62244K(62528K) NonClass: 56711K(56896K)->56711K(56896K) Class: 5533K(5632K)->5533K(5632K)
[13861.282s][info][gc             ] GC(33437) Pause Young (Allocation Failure) 651M->552M(651M) 3.958ms
[13861.282s][info][gc,cpu         ] GC(33437) User=0.00s Sys=0.00s Real=0.01s
[13861.780s][info][gc,start       ] GC(33438) Pause Young (Allocation Failure)
[13861.784s][info][gc,heap        ] GC(33438) PSYoungGen: 99904K(101888K)->576K(97280K) Eden: 99328K(99328K)->0K(96256K) From: 576K(2560K)->576K(1024K)
[13861.784s][info][gc,heap        ] GC(33438) ParOldGen: 564808K(565248K)->565016K(565248K)
[13861.784s][info][gc,metaspace   ] GC(33438) Metaspace: 62244K(62528K)->62244K(62528K) NonClass: 56711K(56896K)->56711K(56896K) Class: 5533K(5632K)->5533K(5632K)
[13861.784s][info][gc             ] GC(33438) Pause Young (Allocation Failure) 649M->552M(647M) 3.993ms
[13861.784s][info][gc,cpu         ] GC(33438) User=0.01s Sys=0.00s Real=0.01s
[13862.268s][info][gc,start       ] GC(33439) Pause Young (Allocation Failure)
[13862.271s][info][gc,heap        ] GC(33439) PSYoungGen: 96832K(97280K)->384K(93696K) Eden: 96256K(96256K)->0K(93184K) From: 576K(1024K)->384K(512K)
[13862.271s][info][gc,heap        ] GC(33439) ParOldGen: 565016K(565248K)->565216K(565248K)
[13862.271s][info][gc,metaspace   ] GC(33439) Metaspace: 62244K(62528K)->62244K(62528K) NonClass: 56711K(56896K)->56711K(56896K) Class: 5533K(5632K)->5533K(5632K)
[13862.271s][info][gc             ] GC(33439) Pause Young (Allocation Failure) 646M->552M(643M) 3.634ms
[13862.272s][info][gc,cpu         ] GC(33439) User=0.00s Sys=0.00s Real=0.01s
[13862.725s][info][gc,start       ] GC(33440) Pause Young (Allocation Failure)
[13862.730s][info][gc,heap        ] GC(33440) PSYoungGen: 93568K(93696K)->1184K(92160K) Eden: 93184K(93184K)->0K(90624K) From: 384K(512K)->1184K(1536K)
[13862.730s][info][gc,heap        ] GC(33440) ParOldGen: 565216K(565248K)->565424K(565760K)
[13862.730s][info][gc,metaspace   ] GC(33440) Metaspace: 62244K(62528K)->62244K(62528K) NonClass: 56711K(56896K)->56711K(56896K) Class: 5533K(5632K)->5533K(5632K)
[13862.730s][info][gc             ] GC(33440) Pause Young (Allocation Failure) 643M->553M(642M) 4.799ms
[13862.730s][info][gc,cpu         ] GC(33440) User=0.01s Sys=0.00s Real=0.00s
[13863.228s][info][gc,start       ] GC(33441) Pause Young (Allocation Failure)
[13863.233s][info][gc,heap        ] GC(33441) PSYoungGen: 91808K(92160K)->1056K(89600K) Eden: 90624K(90624K)->0K(88064K) From: 1184K(1536K)->1056K(1536K)
[13863.233s][info][gc,heap        ] GC(33441) ParOldGen: 565424K(565760K)->565640K(565760K)
[13863.233s][info][gc,metaspace   ] GC(33441) Metaspace: 62244K(62528K)->62244K(62528K) NonClass: 56711K(56896K)->56711K(56896K) Class: 5533K(5632K)->5533K(5632K)
[13863.233s][info][gc             ] GC(33441) Pause Young (Allocation Failure) 641M->553M(640M) 4.527ms
[13863.233s][info][gc,cpu         ] GC(33441) User=0.01s Sys=0.00s Real=0.01s
[13863.624s][info][gc,start       ] GC(33442) Pause Young (Allocation Failure)
[13863.628s][info][gc,heap        ] GC(33442) PSYoungGen: 89120K(89600K)->1280K(87040K) Eden: 88064K(88064K)->0K(85504K) From: 1056K(1536K)->1280K(1536K)
[13863.628s][info][gc,heap        ] GC(33442) ParOldGen: 565640K(565760K)->565880K(566272K)
[13863.628s][info][gc,metaspace   ] GC(33442) Metaspace: 62244K(62528K)->62244K(62528K) NonClass: 56711K(56896K)->56711K(56896K) Class: 5533K(5632K)->5533K(5632K)
[13863.628s][info][gc             ] GC(33442) Pause Young (Allocation Failure) 639M->553M(638M) 4.669ms
[13863.628s][info][gc,cpu         ] GC(33442) User=0.01s Sys=0.00s Real=0.00s
[13864.074s][info][gc,start       ] GC(33443) Pause Young (Allocation Failure)
[13864.077s][info][gc,heap        ] GC(33443) PSYoungGen: 86784K(87040K)->416K(83456K) Eden: 85504K(85504K)->0K(82944K) From: 1280K(1536K)->416K(512K)
[13864.077s][info][gc,heap        ] GC(33443) ParOldGen: 565880K(566272K)->566080K(566272K)
[13864.077s][info][gc,metaspace   ] GC(33443) Metaspace: 62244K(62528K)->62244K(62528K) NonClass: 56711K(56896K)->56711K(56896K) Class: 5533K(5632K)->5533K(5632K)
[13864.077s][info][gc             ] GC(33443) Pause Young (Allocation Failure) 637M->553M(634M) 3.766ms
[13864.077s][info][gc,cpu         ] GC(33443) User=0.01s Sys=0.01s Real=0.00s
[13864.509s][info][gc,start       ] GC(33444) Pause Young (Allocation Failure)
[13864.513s][info][gc,heap        ] GC(33444) PSYoungGen: 83360K(83456K)->896K(119296K) Eden: 82944K(82944K)->0K(118272K) From: 416K(512K)->896K(1024K)
[13864.513s][info][gc,heap        ] GC(33444) ParOldGen: 566080K(566272K)->566280K(566784K)
[13864.513s][info][gc,metaspace   ] GC(33444) Metaspace: 62244K(62528K)->62244K(62528K) NonClass: 56711K(56896K)->56711K(56896K) Class: 5533K(5632K)->5533K(5632K)
[13864.513s][info][gc             ] GC(33444) Pause Young (Allocation Failure) 634M->553M(670M) 4.242ms
[13864.513s][info][gc,cpu         ] GC(33444) User=0.01s Sys=0.00s Real=0.01s
[13867.447s][info][gc,start       ] GC(33445) Pause Young (Allocation Failure)
[13867.452s][info][gc,heap        ] GC(33445) PSYoungGen: 119168K(119296K)->2024K(116736K) Eden: 118272K(118272K)->0K(114688K) From: 896K(1024K)->2024K(2048K)
[13867.452s][info][gc,heap        ] GC(33445) ParOldGen: 566280K(566784K)->566704K(566784K)
[13867.452s][info][gc,metaspace   ] GC(33445) Metaspace: 62257K(62592K)->62257K(62592K) NonClass: 56723K(56960K)->56723K(56960K) Class: 5534K(5632K)->5534K(5632K)
[13867.452s][info][gc             ] GC(33445) Pause Young (Allocation Failure) 669M->555M(667M) 5.705ms
[13867.452s][info][gc,cpu         ] GC(33445) User=0.01s Sys=0.00s Real=0.01s
[13868.017s][info][gc,start       ] GC(33446) Pause Young (Allocation Failure)
[13868.022s][info][gc,heap        ] GC(33446) PSYoungGen: 116712K(116736K)->832K(112128K) Eden: 114688K(114688K)->0K(111104K) From: 2024K(2048K)->832K(1024K)
[13868.022s][info][gc,heap        ] GC(33446) ParOldGen: 566704K(566784K)->568096K(568320K)
[13868.022s][info][gc,metaspace   ] GC(33446) Metaspace: 62257K(62592K)->62257K(62592K) NonClass: 56723K(56960K)->56723K(56960K) Class: 5534K(5632K)->5534K(5632K)
[13868.022s][info][gc             ] GC(33446) Pause Young (Allocation Failure) 667M->555M(664M) 5.082ms
[13868.022s][info][gc,cpu         ] GC(33446) User=0.00s Sys=0.00s Real=0.01s
[13868.561s][info][gc,start       ] GC(33447) Pause Young (Allocation Failure)
[13868.565s][info][gc,heap        ] GC(33447) PSYoungGen: 111936K(112128K)->1440K(109056K) Eden: 111104K(111104K)->0K(107520K) From: 832K(1024K)->1440K(1536K)
[13868.565s][info][gc,heap        ] GC(33447) ParOldGen: 568096K(568320K)->568232K(568320K)
[13868.565s][info][gc,metaspace   ] GC(33447) Metaspace: 62257K(62592K)->62257K(62592K) NonClass: 56723K(56960K)->56723K(56960K) Class: 5534K(5632K)->5534K(5632K)
[13868.565s][info][gc             ] GC(33447) Pause Young (Allocation Failure) 664M->556M(661M) 3.674ms
[13868.565s][info][gc,cpu         ] GC(33447) User=0.00s Sys=0.00s Real=0.00s
[13869.076s][info][gc,start       ] GC(33448) Pause Young (Allocation Failure)
[13869.079s][info][gc,heap        ] GC(33448) PSYoungGen: 108960K(109056K)->1696K(105984K) Eden: 107520K(107520K)->0K(103936K) From: 1440K(1536K)->1696K(2048K)
[13869.080s][info][gc,heap        ] GC(33448) ParOldGen: 568232K(568320K)->568304K(568320K)
[13869.080s][info][gc,metaspace   ] GC(33448) Metaspace: 62257K(62592K)->62257K(62592K) NonClass: 56723K(56960K)->56723K(56960K) Class: 5534K(5632K)->5534K(5632K)
[13869.080s][info][gc             ] GC(33448) Pause Young (Allocation Failure) 661M->556M(658M) 3.943ms
[13869.080s][info][gc,cpu         ] GC(33448) User=0.01s Sys=0.01s Real=0.00s
[13869.613s][info][gc,start       ] GC(33449) Pause Young (Allocation Failure)
[13869.615s][info][gc,heap        ] GC(33449) PSYoungGen: 105632K(105984K)->608K(101888K) Eden: 103936K(103936K)->0K(100864K) From: 1696K(2048K)->608K(1024K)
[13869.616s][info][gc,heap        ] GC(33449) ParOldGen: 568304K(568320K)->568360K(568832K)
[13869.616s][info][gc,metaspace   ] GC(33449) Metaspace: 62257K(62592K)->62257K(62592K) NonClass: 56723K(56960K)->56723K(56960K) Class: 5534K(5632K)->5534K(5632K)
[13869.616s][info][gc             ] GC(33449) Pause Young (Allocation Failure) 658M->555M(655M) 2.982ms
[13869.616s][info][gc,cpu         ] GC(33449) User=0.01s Sys=0.00s Real=0.00s
[13870.056s][info][gc,start       ] GC(33450) Pause Young (Allocation Failure)
[13870.060s][info][gc,heap        ] GC(33450) PSYoungGen: 101472K(101888K)->1536K(99328K) Eden: 100864K(100864K)->0K(97792K) From: 608K(1024K)->1536K(1536K)
[13870.060s][info][gc,heap        ] GC(33450) ParOldGen: 568360K(568832K)->568416K(568832K)
[13870.060s][info][gc,metaspace   ] GC(33450) Metaspace: 62257K(62592K)->62257K(62592K) NonClass: 56723K(56960K)->56723K(56960K) Class: 5534K(5632K)->5534K(5632K)
[13870.060s][info][gc             ] GC(33450) Pause Young (Allocation Failure) 654M->556M(652M) 3.774ms
[13870.060s][info][gc,cpu         ] GC(33450) User=0.01s Sys=0.00s Real=0.00s
[13870.530s][info][gc,start       ] GC(33451) Pause Young (Allocation Failure)
[13870.533s][info][gc,heap        ] GC(33451) PSYoungGen: 99328K(99328K)->928K(95744K) Eden: 97792K(97792K)->0K(94720K) From: 1536K(1536K)->928K(1024K)
[13870.533s][info][gc,heap        ] GC(33451) ParOldGen: 568416K(568832K)->568480K(568832K)
[13870.533s][info][gc,metaspace   ] GC(33451) Metaspace: 62257K(62592K)->62257K(62592K) NonClass: 56723K(56960K)->56723K(56960K) Class: 5534K(5632K)->5534K(5632K)
[13870.533s][info][gc             ] GC(33451) Pause Young (Allocation Failure) 652M->556M(649M) 3.208ms
[13870.533s][info][gc,cpu         ] GC(33451) User=0.00s Sys=0.00s Real=0.01s
[13870.972s][info][gc,start       ] GC(33452) Pause Young (Allocation Failure)
[13870.975s][info][gc,heap        ] GC(33452) PSYoungGen: 95648K(95744K)->1536K(93696K) Eden: 94720K(94720K)->0K(92160K) From: 928K(1024K)->1536K(1536K)
[13870.976s][info][gc,heap        ] GC(33452) ParOldGen: 568480K(568832K)->568544K(568832K)
[13870.976s][info][gc,metaspace   ] GC(33452) Metaspace: 62257K(62592K)->62257K(62592K) NonClass: 56723K(56960K)->56723K(56960K) Class: 5534K(5632K)->5534K(5632K)
[13870.976s][info][gc             ] GC(33452) Pause Young (Allocation Failure) 648M->556M(647M) 3.689ms
[13870.976s][info][gc,cpu         ] GC(33452) User=0.01s Sys=0.00s Real=0.00s
[13871.388s][info][gc,start       ] GC(33453) Pause Young (Allocation Failure)
[13871.392s][info][gc,heap        ] GC(33453) PSYoungGen: 93696K(93696K)->2048K(91648K) Eden: 92160K(92160K)->0K(89600K) From: 1536K(1536K)->2048K(2048K)
[13871.392s][info][gc,heap        ] GC(33453) ParOldGen: 568544K(568832K)->568608K(568832K)
[13871.392s][info][gc,metaspace   ] GC(33453) Metaspace: 62257K(62592K)->62257K(62592K) NonClass: 56723K(56960K)->56723K(56960K) Class: 5534K(5632K)->5534K(5632K)
[13871.392s][info][gc             ] GC(33453) Pause Young (Allocation Failure) 646M->557M(645M) 4.193ms
[13871.392s][info][gc,cpu         ] GC(33453) User=0.01s Sys=0.00s Real=0.01s
[13871.776s][info][gc,start       ] GC(33454) Pause Young (Allocation Failure)
[13871.781s][info][gc,heap        ] GC(33454) PSYoungGen: 91648K(91648K)->2016K(89088K) Eden: 89600K(89600K)->0K(87040K) From: 2048K(2048K)->2016K(2048K)
[13871.781s][info][gc,heap        ] GC(33454) ParOldGen: 568608K(568832K)->570392K(570880K)
[13871.781s][info][gc,metaspace   ] GC(33454) Metaspace: 62257K(62592K)->62257K(62592K) NonClass: 56723K(56960K)->56723K(56960K) Class: 5534K(5632K)->5534K(5632K)
[13871.781s][info][gc             ] GC(33454) Pause Young (Allocation Failure) 644M->558M(644M) 4.724ms
[13871.781s][info][gc,cpu         ] GC(33454) User=0.01s Sys=0.00s Real=0.00s
[13872.158s][info][gc,start       ] GC(33455) Pause Young (Allocation Failure)
[13872.163s][info][gc,heap        ] GC(33455) PSYoungGen: 89056K(89088K)->1504K(86016K) Eden: 87040K(87040K)->0K(84480K) From: 2016K(2048K)->1504K(1536K)
[13872.163s][info][gc,heap        ] GC(33455) ParOldGen: 570392K(570880K)->572504K(573952K)
[13872.163s][info][gc,metaspace   ] GC(33455) Metaspace: 62257K(62592K)->62257K(62592K) NonClass: 56723K(56960K)->56723K(56960K) Class: 5534K(5632K)->5534K(5632K)
[13872.163s][info][gc             ] GC(33455) Pause Young (Allocation Failure) 643M->560M(644M) 4.793ms
[13872.163s][info][gc,cpu         ] GC(33455) User=0.01s Sys=0.01s Real=0.01s
[13872.543s][info][gc,start       ] GC(33456) Pause Young (Allocation Failure)
[13872.546s][info][gc,heap        ] GC(33456) PSYoungGen: 85984K(86016K)->1088K(83456K) Eden: 84480K(84480K)->0K(81920K) From: 1504K(1536K)->1088K(1536K)
[13872.546s][info][gc,heap        ] GC(33456) ParOldGen: 572504K(573952K)->572576K(573952K)
[13872.546s][info][gc,metaspace   ] GC(33456) Metaspace: 62257K(62592K)->62257K(62592K) NonClass: 56723K(56960K)->56723K(56960K) Class: 5534K(5632K)->5534K(5632K)
[13872.546s][info][gc             ] GC(33456) Pause Young (Allocation Failure) 643M->560M(642M) 3.448ms
[13872.547s][info][gc,cpu         ] GC(33456) User=0.00s Sys=0.00s Real=0.00s
[13872.958s][info][gc,start       ] GC(33457) Pause Young (Allocation Failure)
[13872.961s][info][gc,heap        ] GC(33457) PSYoungGen: 83008K(83456K)->784K(104960K) Eden: 81920K(81920K)->0K(103936K) From: 1088K(1536K)->784K(1024K)
[13872.961s][info][gc,heap        ] GC(33457) ParOldGen: 572576K(573952K)->572648K(573952K)
[13872.961s][info][gc,metaspace   ] GC(33457) Metaspace: 62257K(62592K)->62257K(62592K) NonClass: 56723K(56960K)->56723K(56960K) Class: 5534K(5632K)->5534K(5632K)
[13872.961s][info][gc             ] GC(33457) Pause Young (Allocation Failure) 640M->559M(663M) 3.411ms
[13872.961s][info][gc,cpu         ] GC(33457) User=0.00s Sys=0.00s Real=0.01s
[13873.447s][info][gc,start       ] GC(33458) Pause Young (Allocation Failure)
[13873.450s][info][gc,heap        ] GC(33458) PSYoungGen: 104720K(104960K)->1312K(102400K) Eden: 103936K(103936K)->0K(100864K) From: 784K(1024K)->1312K(1536K)
[13873.450s][info][gc,heap        ] GC(33458) ParOldGen: 572648K(573952K)->572816K(573952K)
[13873.450s][info][gc,metaspace   ] GC(33458) Metaspace: 62257K(62592K)->62257K(62592K) NonClass: 56723K(56960K)->56723K(56960K) Class: 5534K(5632K)->5534K(5632K)
[13873.450s][info][gc             ] GC(33458) Pause Young (Allocation Failure) 661M->560M(660M) 3.651ms
[13873.451s][info][gc,cpu         ] GC(33458) User=0.01s Sys=0.00s Real=0.00s
[13873.945s][info][gc,start       ] GC(33459) Pause Young (Allocation Failure)
[13873.948s][info][gc,heap        ] GC(33459) PSYoungGen: 102176K(102400K)->1088K(99328K) Eden: 100864K(100864K)->0K(97792K) From: 1312K(1536K)->1088K(1536K)
[13873.949s][info][gc,heap        ] GC(33459) ParOldGen: 572816K(573952K)->572856K(573952K)
[13873.949s][info][gc,metaspace   ] GC(33459) Metaspace: 62257K(62592K)->62257K(62592K) NonClass: 56723K(56960K)->56723K(56960K) Class: 5534K(5632K)->5534K(5632K)
[13873.949s][info][gc             ] GC(33459) Pause Young (Allocation Failure) 659M->560M(657M) 3.563ms
[13873.949s][info][gc,cpu         ] GC(33459) User=0.01s Sys=0.00s Real=0.00s
[13874.474s][info][gc,start       ] GC(33460) Pause Young (Allocation Failure)
[13874.478s][info][gc,heap        ] GC(33460) PSYoungGen: 98880K(99328K)->1536K(96256K) Eden: 97792K(97792K)->0K(94720K) From: 1088K(1536K)->1536K(1536K)
[13874.478s][info][gc,heap        ] GC(33460) ParOldGen: 572856K(573952K)->572904K(573952K)
[13874.478s][info][gc,metaspace   ] GC(33460) Metaspace: 62257K(62592K)->62257K(62592K) NonClass: 56723K(56960K)->56723K(56960K) Class: 5534K(5632K)->5534K(5632K)
[13874.478s][info][gc             ] GC(33460) Pause Young (Allocation Failure) 655M->560M(654M) 3.751ms
[13874.478s][info][gc,cpu         ] GC(33460) User=0.00s Sys=0.00s Real=0.00s
[13874.959s][info][gc,start       ] GC(33461) Pause Young (Allocation Failure)
[13874.962s][info][gc,heap        ] GC(33461) PSYoungGen: 96255K(96256K)->1312K(93696K) Eden: 94719K(94720K)->0K(92160K) From: 1536K(1536K)->1312K(1536K)
[13874.963s][info][gc,heap        ] GC(33461) ParOldGen: 572904K(573952K)->572960K(573952K)
[13874.963s][info][gc,metaspace   ] GC(33461) Metaspace: 62257K(62592K)->62257K(62592K) NonClass: 56723K(56960K)->56723K(56960K) Class: 5534K(5632K)->5534K(5632K)
[13874.963s][info][gc             ] GC(33461) Pause Young (Allocation Failure) 653M->560M(652M) 3.507ms
[13874.963s][info][gc,cpu         ] GC(33461) User=0.00s Sys=0.00s Real=0.01s
[13875.422s][info][gc,start       ] GC(33462) Pause Young (Allocation Failure)
[13875.425s][info][gc,heap        ] GC(33462) PSYoungGen: 93472K(93696K)->736K(90624K) Eden: 92160K(92160K)->0K(89600K) From: 1312K(1536K)->736K(1024K)
[13875.425s][info][gc,heap        ] GC(33462) ParOldGen: 572960K(573952K)->573016K(573952K)
[13875.425s][info][gc,metaspace   ] GC(33462) Metaspace: 62257K(62592K)->62257K(62592K) NonClass: 56723K(56960K)->56723K(56960K) Class: 5534K(5632K)->5534K(5632K)
[13875.425s][info][gc             ] GC(33462) Pause Young (Allocation Failure) 650M->560M(649M) 3.074ms
[13875.425s][info][gc,cpu         ] GC(33462) User=0.00s Sys=0.00s Real=0.00s
[13875.885s][info][gc,start       ] GC(33463) Pause Young (Allocation Failure)
[13875.889s][info][gc,heap        ] GC(33463) PSYoungGen: 90336K(90624K)->1632K(89088K) Eden: 89600K(89600K)->0K(87040K) From: 736K(1024K)->1632K(2048K)
[13875.889s][info][gc,heap        ] GC(33463) ParOldGen: 573016K(573952K)->573080K(573952K)
[13875.889s][info][gc,metaspace   ] GC(33463) Metaspace: 62257K(62592K)->62257K(62592K) NonClass: 56723K(56960K)->56723K(56960K) Class: 5534K(5632K)->5534K(5632K)
[13875.889s][info][gc             ] GC(33463) Pause Young (Allocation Failure) 647M->561M(647M) 3.738ms
[13875.889s][info][gc,cpu         ] GC(33463) User=0.01s Sys=0.00s Real=0.00s
[13876.260s][info][gc,start       ] GC(33464) Pause Young (Allocation Failure)
[13876.265s][info][gc,heap        ] GC(33464) PSYoungGen: 88672K(89088K)->3040K(87552K) Eden: 87040K(87040K)->0K(84480K) From: 1632K(2048K)->3040K(3072K)
[13876.265s][info][gc,heap        ] GC(33464) ParOldGen: 573080K(573952K)->574584K(575488K)
[13876.265s][info][gc,metaspace   ] GC(33464) Metaspace: 62257K(62592K)->62257K(62592K) NonClass: 56723K(56960K)->56723K(56960K) Class: 5534K(5632K)->5534K(5632K)
[13876.265s][info][gc             ] GC(33464) Pause Young (Allocation Failure) 646M->564M(647M) 4.500ms
[13876.265s][info][gc,cpu         ] GC(33464) User=0.01s Sys=0.01s Real=0.01s
[13876.699s][info][gc,start       ] GC(33465) Pause Young (Allocation Failure)
[13876.703s][info][gc,heap        ] GC(33465) PSYoungGen: 87520K(87552K)->288K(82432K) Eden: 84480K(84480K)->0K(81920K) From: 3040K(3072K)->288K(512K)
[13876.703s][info][gc,heap        ] GC(33465) ParOldGen: 574584K(575488K)->576704K(577024K)
[13876.703s][info][gc,metaspace   ] GC(33465) Metaspace: 62257K(62592K)->62257K(62592K) NonClass: 56723K(56960K)->56723K(56960K) Class: 5534K(5632K)->5534K(5632K)
[13876.703s][info][gc             ] GC(33465) Pause Young (Allocation Failure) 646M->563M(644M) 3.927ms
[13876.703s][info][gc,cpu         ] GC(33465) User=0.01s Sys=0.00s Real=0.01s
[13877.129s][info][gc,start       ] GC(33466) Pause Young (Allocation Failure)
[13877.133s][info][gc,heap        ] GC(33466) PSYoungGen: 82208K(82432K)->800K(80896K) Eden: 81920K(81920K)->0K(79872K) From: 288K(512K)->800K(1024K)
[13877.133s][info][gc,heap        ] GC(33466) ParOldGen: 576704K(577024K)->576776K(577024K)
[13877.133s][info][gc,metaspace   ] GC(33466) Metaspace: 62257K(62592K)->62257K(62592K) NonClass: 56723K(56960K)->56723K(56960K) Class: 5534K(5632K)->5534K(5632K)
[13877.133s][info][gc             ] GC(33466) Pause Young (Allocation Failure) 643M->564M(642M) 3.263ms
[13877.133s][info][gc,cpu         ] GC(33466) User=0.00s Sys=0.00s Real=0.01s
[13877.531s][info][gc,start       ] GC(33467) Pause Young (Allocation Failure)
[13877.534s][info][gc,heap        ] GC(33467) PSYoungGen: 80672K(80896K)->832K(92160K) Eden: 79872K(79872K)->0K(88064K) From: 800K(1024K)->832K(4096K)
[13877.534s][info][gc,heap        ] GC(33467) ParOldGen: 576776K(577024K)->576848K(577024K)
[13877.534s][info][gc,metaspace   ] GC(33467) Metaspace: 62257K(62592K)->62257K(62592K) NonClass: 56723K(56960K)->56723K(56960K) Class: 5534K(5632K)->5534K(5632K)
[13877.534s][info][gc             ] GC(33467) Pause Young (Allocation Failure) 642M->564M(653M) 3.099ms
[13877.534s][info][gc,cpu         ] GC(33467) User=0.00s Sys=0.00s Real=0.01s
[13877.959s][info][gc,start       ] GC(33468) Pause Young (Allocation Failure)
[13877.962s][info][gc,heap        ] GC(33468) PSYoungGen: 88896K(92160K)->1344K(87040K) Eden: 88064K(88064K)->0K(85504K) From: 832K(4096K)->1344K(1536K)
[13877.962s][info][gc,heap        ] GC(33468) ParOldGen: 576848K(577024K)->576904K(577024K)
[13877.962s][info][gc,metaspace   ] GC(33468) Metaspace: 62257K(62592K)->62257K(62592K) NonClass: 56723K(56960K)->56723K(56960K) Class: 5534K(5632K)->5534K(5632K)
[13877.962s][info][gc             ] GC(33468) Pause Young (Allocation Failure) 650M->564M(648M) 3.643ms
[13877.962s][info][gc,cpu         ] GC(33468) User=0.01s Sys=0.00s Real=0.01s
[13878.389s][info][gc,start       ] GC(33469) Pause Young (Allocation Failure)
[13878.392s][info][gc,heap        ] GC(33469) PSYoungGen: 86848K(87040K)->1728K(84992K) Eden: 85504K(85504K)->0K(82944K) From: 1344K(1536K)->1728K(2048K)
[13878.392s][info][gc,heap        ] GC(33469) ParOldGen: 576904K(577024K)->576976K(577024K)
[13878.392s][info][gc,metaspace   ] GC(33469) Metaspace: 62257K(62592K)->62257K(62592K) NonClass: 56723K(56960K)->56723K(56960K) Class: 5534K(5632K)->5534K(5632K)
[13878.392s][info][gc             ] GC(33469) Pause Young (Allocation Failure) 648M->565M(646M) 3.964ms
[13878.393s][info][gc,cpu         ] GC(33469) User=0.01s Sys=0.00s Real=0.01s
[13878.781s][info][gc,start       ] GC(33470) Pause Young (Allocation Failure)
[13878.785s][info][gc,heap        ] GC(33470) PSYoungGen: 84672K(84992K)->1728K(82944K) Eden: 82944K(82944K)->0K(80896K) From: 1728K(2048K)->1728K(2048K)
[13878.785s][info][gc,heap        ] GC(33470) ParOldGen: 576976K(577024K)->577040K(577536K)
[13878.785s][info][gc,metaspace   ] GC(33470) Metaspace: 62257K(62592K)->62257K(62592K) NonClass: 56723K(56960K)->56723K(56960K) Class: 5534K(5632K)->5534K(5632K)
[13878.785s][info][gc             ] GC(33470) Pause Young (Allocation Failure) 646M->565M(645M) 4.013ms
[13878.785s][info][gc,cpu         ] GC(33470) User=0.00s Sys=0.00s Real=0.00s
[13879.205s][info][gc,start       ] GC(33471) Pause Young (Allocation Failure)
[13879.208s][info][gc,heap        ] GC(33471) PSYoungGen: 82624K(82944K)->384K(84480K) Eden: 80896K(80896K)->0K(83968K) From: 1728K(2048K)->384K(512K)
[13879.208s][info][gc,heap        ] GC(33471) ParOldGen: 577040K(577536K)->577120K(577536K)
[13879.208s][info][gc,metaspace   ] GC(33471) Metaspace: 62257K(62592K)->62257K(62592K) NonClass: 56723K(56960K)->56723K(56960K) Class: 5534K(5632K)->5534K(5632K)
[13879.208s][info][gc             ] GC(33471) Pause Young (Allocation Failure) 644M->563M(646M) 3.029ms
[13879.208s][info][gc,cpu         ] GC(33471) User=0.01s Sys=0.00s Real=0.00s
[13879.619s][info][gc,start       ] GC(33472) Pause Young (Allocation Failure)
[13879.621s][info][gc,heap        ] GC(33472) PSYoungGen: 84352K(84480K)->608K(83968K) Eden: 83968K(83968K)->0K(81408K) From: 384K(512K)->608K(2560K)
[13879.621s][info][gc,heap        ] GC(33472) ParOldGen: 577120K(577536K)->577192K(577536K)
[13879.621s][info][gc,metaspace   ] GC(33472) Metaspace: 62257K(62592K)->62257K(62592K) NonClass: 56723K(56960K)->56723K(56960K) Class: 5534K(5632K)->5534K(5632K)
[13879.621s][info][gc             ] GC(33472) Pause Young (Allocation Failure) 645M->564M(646M) 2.935ms
[13879.621s][info][gc,cpu         ] GC(33472) User=0.01s Sys=0.00s Real=0.01s
[13880.041s][info][gc,start       ] GC(33473) Pause Young (Allocation Failure)
[13880.045s][info][gc,heap        ] GC(33473) PSYoungGen: 82016K(83968K)->992K(82432K) Eden: 81408K(81408K)->0K(81408K) From: 608K(2560K)->992K(1024K)
[13880.045s][info][gc,heap        ] GC(33473) ParOldGen: 577192K(577536K)->577264K(577536K)
[13880.045s][info][gc,metaspace   ] GC(33473) Metaspace: 62257K(62592K)->62257K(62592K) NonClass: 56723K(56960K)->56723K(56960K) Class: 5534K(5632K)->5534K(5632K)
[13880.045s][info][gc             ] GC(33473) Pause Young (Allocation Failure) 643M->564M(644M) 3.357ms
[13880.045s][info][gc,cpu         ] GC(33473) User=0.00s Sys=0.00s Real=0.00s
[13880.478s][info][gc,start       ] GC(33474) Pause Young (Allocation Failure)
[13880.482s][info][gc,heap        ] GC(33474) PSYoungGen: 82400K(82432K)->1712K(83968K) Eden: 81408K(81408K)->0K(80896K) From: 992K(1024K)->1712K(3072K)
[13880.482s][info][gc,heap        ] GC(33474) ParOldGen: 577264K(577536K)->577336K(577536K)
[13880.482s][info][gc,metaspace   ] GC(33474) Metaspace: 62257K(62592K)->62257K(62592K) NonClass: 56723K(56960K)->56723K(56960K) Class: 5534K(5632K)->5534K(5632K)
[13880.482s][info][gc             ] GC(33474) Pause Young (Allocation Failure) 644M->565M(646M) 3.930ms
[13880.482s][info][gc,cpu         ] GC(33474) User=0.01s Sys=0.00s Real=0.01s
[13880.888s][info][gc,start       ] GC(33475) Pause Young (Allocation Failure)
[13880.892s][info][gc,heap        ] GC(33475) PSYoungGen: 82608K(83968K)->1696K(83968K) Eden: 80896K(80896K)->0K(80896K) From: 1712K(3072K)->1696K(3072K)
[13880.892s][info][gc,heap        ] GC(33475) ParOldGen: 577336K(577536K)->577457K(577536K)
[13880.892s][info][gc,metaspace   ] GC(33475) Metaspace: 62257K(62592K)->62257K(62592K) NonClass: 56723K(56960K)->56723K(56960K) Class: 5534K(5632K)->5534K(5632K)
[13880.892s][info][gc             ] GC(33475) Pause Young (Allocation Failure) 644M->565M(646M) 3.785ms
[13880.892s][info][gc,cpu         ] GC(33475) User=0.01s Sys=0.00s Real=0.01s
[13881.321s][info][gc,start       ] GC(33476) Pause Young (Allocation Failure)
[13881.324s][info][gc,heap        ] GC(33476) PSYoungGen: 82592K(83968K)->640K(83968K) Eden: 80896K(80896K)->0K(80896K) From: 1696K(3072K)->640K(3072K)
[13881.324s][info][gc,heap        ] GC(33476) ParOldGen: 577457K(577536K)->577529K(577536K)
[13881.324s][info][gc,metaspace   ] GC(33476) Metaspace: 62257K(62592K)->62257K(62592K) NonClass: 56723K(56960K)->56723K(56960K) Class: 5534K(5632K)->5534K(5632K)
[13881.324s][info][gc             ] GC(33476) Pause Young (Allocation Failure) 644M->564M(646M) 2.847ms
[13881.324s][info][gc,cpu         ] GC(33476) User=0.00s Sys=0.00s Real=0.00s
[13881.742s][info][gc,start       ] GC(33477) Pause Young (Allocation Failure)
[13881.745s][info][gc,heap        ] GC(33477) PSYoungGen: 81536K(83968K)->960K(83968K) Eden: 80896K(80896K)->0K(80896K) From: 640K(3072K)->960K(3072K)
[13881.745s][info][gc,heap        ] GC(33477) ParOldGen: 577529K(577536K)->577601K(578048K)
[13881.745s][info][gc,metaspace   ] GC(33477) Metaspace: 62257K(62592K)->62257K(62592K) NonClass: 56723K(56960K)->56723K(56960K) Class: 5534K(5632K)->5534K(5632K)
[13881.745s][info][gc             ] GC(33477) Pause Young (Allocation Failure) 643M->565M(646M) 3.188ms
[13881.745s][info][gc,cpu         ] GC(33477) User=0.00s Sys=0.00s Real=0.00s
[13882.150s][info][gc,start       ] GC(33478) Pause Young (Allocation Failure)
[13882.154s][info][gc,heap        ] GC(33478) PSYoungGen: 81856K(83968K)->1152K(83968K) Eden: 80896K(80896K)->0K(80896K) From: 960K(3072K)->1152K(3072K)
[13882.154s][info][gc,heap        ] GC(33478) ParOldGen: 577601K(578048K)->577673K(578048K)
[13882.154s][info][gc,metaspace   ] GC(33478) Metaspace: 62257K(62592K)->62257K(62592K) NonClass: 56723K(56960K)->56723K(56960K) Class: 5534K(5632K)->5534K(5632K)
[13882.154s][info][gc             ] GC(33478) Pause Young (Allocation Failure) 644M->565M(646M) 3.230ms
[13882.154s][info][gc,cpu         ] GC(33478) User=0.00s Sys=0.00s Real=0.01s
[13882.576s][info][gc,start       ] GC(33479) Pause Young (Allocation Failure)
[13882.580s][info][gc,heap        ] GC(33479) PSYoungGen: 82048K(83968K)->1568K(83968K) Eden: 80896K(80896K)->0K(80896K) From: 1152K(3072K)->1568K(3072K)
[13882.580s][info][gc,heap        ] GC(33479) ParOldGen: 577673K(578048K)->577745K(578048K)
[13882.580s][info][gc,metaspace   ] GC(33479) Metaspace: 62257K(62592K)->62257K(62592K) NonClass: 56723K(56960K)->56723K(56960K) Class: 5534K(5632K)->5534K(5632K)
[13882.580s][info][gc             ] GC(33479) Pause Young (Allocation Failure) 644M->565M(646M) 3.594ms
[13882.580s][info][gc,cpu         ] GC(33479) User=0.01s Sys=0.00s Real=0.00s
[13882.987s][info][gc,start       ] GC(33480) Pause Young (Allocation Failure)
[13882.991s][info][gc,heap        ] GC(33480) PSYoungGen: 82464K(83968K)->1760K(83968K) Eden: 80896K(80896K)->0K(80896K) From: 1568K(3072K)->1760K(3072K)
[13882.991s][info][gc,heap        ] GC(33480) ParOldGen: 577745K(578048K)->577817K(578048K)
[13882.991s][info][gc,metaspace   ] GC(33480) Metaspace: 62257K(62592K)->62257K(62592K) NonClass: 56723K(56960K)->56723K(56960K) Class: 5534K(5632K)->5534K(5632K)
[13882.991s][info][gc             ] GC(33480) Pause Young (Allocation Failure) 644M->565M(646M) 3.729ms
[13882.991s][info][gc,cpu         ] GC(33480) User=0.01s Sys=0.00s Real=0.00s
[13883.410s][info][gc,start       ] GC(33481) Pause Young (Allocation Failure)
[13883.413s][info][gc,heap        ] GC(33481) PSYoungGen: 82656K(83968K)->416K(83968K) Eden: 80896K(80896K)->0K(80896K) From: 1760K(3072K)->416K(3072K)
[13883.413s][info][gc,heap        ] GC(33481) ParOldGen: 577817K(578048K)->577889K(578048K)
[13883.413s][info][gc,metaspace   ] GC(33481) Metaspace: 62257K(62592K)->62257K(62592K) NonClass: 56723K(56960K)->56723K(56960K) Class: 5534K(5632K)->5534K(5632K)
[13883.413s][info][gc             ] GC(33481) Pause Young (Allocation Failure) 644M->564M(646M) 2.989ms
[13883.413s][info][gc,cpu         ] GC(33481) User=0.01s Sys=0.00s Real=0.01s
[13883.768s][info][gc,start       ] GC(33482) Pause Young (Allocation Failure)
[13883.772s][info][gc,heap        ] GC(33482) PSYoungGen: 81312K(83968K)->1824K(83968K) Eden: 80896K(80896K)->0K(80896K) From: 416K(3072K)->1824K(3072K)
[13883.772s][info][gc,heap        ] GC(33482) ParOldGen: 577889K(578048K)->577969K(578048K)
[13883.772s][info][gc,metaspace   ] GC(33482) Metaspace: 62257K(62592K)->62257K(62592K) NonClass: 56723K(56960K)->56723K(56960K) Class: 5534K(5632K)->5534K(5632K)
[13883.772s][info][gc             ] GC(33482) Pause Young (Allocation Failure) 643M->566M(646M) 3.745ms
[13883.772s][info][gc,cpu         ] GC(33482) User=0.01s Sys=0.00s Real=0.01s
[13884.160s][info][gc,start       ] GC(33483) Pause Young (Allocation Failure)
[13884.163s][info][gc,heap        ] GC(33483) PSYoungGen: 82720K(83968K)->1216K(83968K) Eden: 80896K(80896K)->0K(80896K) From: 1824K(3072K)->1216K(3072K)
[13884.163s][info][gc,heap        ] GC(33483) ParOldGen: 577969K(578048K)->578049K(578560K)
[13884.163s][info][gc,metaspace   ] GC(33483) Metaspace: 62257K(62592K)->62257K(62592K) NonClass: 56723K(56960K)->56723K(56960K) Class: 5534K(5632K)->5534K(5632K)
[13884.163s][info][gc             ] GC(33483) Pause Young (Allocation Failure) 645M->565M(647M) 3.462ms
[13884.163s][info][gc,cpu         ] GC(33483) User=0.00s Sys=0.00s Real=0.01s
[13884.585s][info][gc,start       ] GC(33484) Pause Young (Allocation Failure)
[13884.589s][info][gc,heap        ] GC(33484) PSYoungGen: 82112K(83968K)->1664K(83968K) Eden: 80896K(80896K)->0K(80896K) From: 1216K(3072K)->1664K(3072K)
[13884.589s][info][gc,heap        ] GC(33484) ParOldGen: 578049K(578560K)->578121K(578560K)
[13884.589s][info][gc,metaspace   ] GC(33484) Metaspace: 62257K(62592K)->62257K(62592K) NonClass: 56723K(56960K)->56723K(56960K) Class: 5534K(5632K)->5534K(5632K)
[13884.589s][info][gc             ] GC(33484) Pause Young (Allocation Failure) 644M->566M(647M) 3.745ms
[13884.589s][info][gc,cpu         ] GC(33484) User=0.01s Sys=0.00s Real=0.00s
[13884.996s][info][gc,start       ] GC(33485) Pause Young (Allocation Failure)
[13884.998s][info][gc,heap        ] GC(33485) PSYoungGen: 82560K(83968K)->224K(83968K) Eden: 80896K(80896K)->0K(80896K) From: 1664K(3072K)->224K(3072K)
[13884.998s][info][gc,heap        ] GC(33485) ParOldGen: 578121K(578560K)->578193K(578560K)
[13884.998s][info][gc,metaspace   ] GC(33485) Metaspace: 62257K(62592K)->62257K(62592K) NonClass: 56723K(56960K)->56723K(56960K) Class: 5534K(5632K)->5534K(5632K)
[13884.998s][info][gc             ] GC(33485) Pause Young (Allocation Failure) 645M->564M(647M) 2.769ms
[13884.998s][info][gc,cpu         ] GC(33485) User=0.00s Sys=0.00s Real=0.00s
[13885.426s][info][gc,start       ] GC(33486) Pause Young (Allocation Failure)
[13885.429s][info][gc,heap        ] GC(33486) PSYoungGen: 81120K(83968K)->2784K(82944K) Eden: 80896K(80896K)->0K(79872K) From: 224K(3072K)->2784K(3072K)
[13885.429s][info][gc,heap        ] GC(33486) ParOldGen: 578193K(578560K)->578265K(578560K)
[13885.429s][info][gc,metaspace   ] GC(33486) Metaspace: 62257K(62592K)->62257K(62592K) NonClass: 56723K(56960K)->56723K(56960K) Class: 5534K(5632K)->5534K(5632K)
[13885.429s][info][gc             ] GC(33486) Pause Young (Allocation Failure) 643M->567M(646M) 3.218ms
[13885.430s][info][gc,cpu         ] GC(33486) User=0.01s Sys=0.00s Real=0.00s
[13885.843s][info][gc,start       ] GC(33487) Pause Young (Allocation Failure)
[13885.847s][info][gc,heap        ] GC(33487) PSYoungGen: 82656K(82944K)->960K(83456K) Eden: 79872K(79872K)->0K(79872K) From: 2784K(3072K)->960K(3584K)
[13885.847s][info][gc,heap        ] GC(33487) ParOldGen: 578265K(578560K)->580385K(581632K)
[13885.847s][info][gc,metaspace   ] GC(33487) Metaspace: 62257K(62592K)->62257K(62592K) NonClass: 56723K(56960K)->56723K(56960K) Class: 5534K(5632K)->5534K(5632K)
[13885.847s][info][gc             ] GC(33487) Pause Young (Allocation Failure) 645M->567M(649M) 4.448ms
[13885.847s][info][gc,cpu         ] GC(33487) User=0.01s Sys=0.00s Real=0.00s
[13886.258s][info][gc,start       ] GC(33488) Pause Young (Allocation Failure)
[13886.262s][info][gc,heap        ] GC(33488) PSYoungGen: 80832K(83456K)->1312K(83968K) Eden: 79872K(79872K)->0K(80896K) From: 960K(3584K)->1312K(3072K)
[13886.262s][info][gc,heap        ] GC(33488) ParOldGen: 580385K(581632K)->580465K(581632K)
[13886.262s][info][gc,metaspace   ] GC(33488) Metaspace: 62257K(62592K)->62257K(62592K) NonClass: 56723K(56960K)->56723K(56960K) Class: 5534K(5632K)->5534K(5632K)
[13886.262s][info][gc             ] GC(33488) Pause Young (Allocation Failure) 645M->568M(650M) 3.555ms
[13886.262s][info][gc,cpu         ] GC(33488) User=0.01s Sys=0.00s Real=0.01s
[13886.671s][info][gc,start       ] GC(33489) Pause Young (Allocation Failure)
[13886.675s][info][gc,heap        ] GC(33489) PSYoungGen: 82208K(83968K)->1472K(83968K) Eden: 80896K(80896K)->0K(80896K) From: 1312K(3072K)->1472K(3072K)
[13886.675s][info][gc,heap        ] GC(33489) ParOldGen: 580465K(581632K)->580537K(581632K)
[13886.675s][info][gc,metaspace   ] GC(33489) Metaspace: 62257K(62592K)->62257K(62592K) NonClass: 56723K(56960K)->56723K(56960K) Class: 5534K(5632K)->5534K(5632K)
[13886.675s][info][gc             ] GC(33489) Pause Young (Allocation Failure) 647M->568M(650M) 3.684ms
[13886.675s][info][gc,cpu         ] GC(33489) User=0.01s Sys=0.00s Real=0.00s
[13887.105s][info][gc,start       ] GC(33490) Pause Young (Allocation Failure)
[13887.108s][info][gc,heap        ] GC(33490) PSYoungGen: 82368K(83968K)->384K(83968K) Eden: 80896K(80896K)->0K(80896K) From: 1472K(3072K)->384K(3072K)
[13887.108s][info][gc,heap        ] GC(33490) ParOldGen: 580537K(581632K)->580609K(581632K)
[13887.108s][info][gc,metaspace   ] GC(33490) Metaspace: 62257K(62592K)->62257K(62592K) NonClass: 56723K(56960K)->56723K(56960K) Class: 5534K(5632K)->5534K(5632K)
[13887.108s][info][gc             ] GC(33490) Pause Young (Allocation Failure) 647M->567M(650M) 2.698ms
[13887.108s][info][gc,cpu         ] GC(33490) User=0.00s Sys=0.00s Real=0.00s
[13887.548s][info][gc,start       ] GC(33491) Pause Young (Allocation Failure)
[13887.551s][info][gc,heap        ] GC(33491) PSYoungGen: 81280K(83968K)->1056K(83968K) Eden: 80896K(80896K)->0K(80896K) From: 384K(3072K)->1056K(3072K)
[13887.551s][info][gc,heap        ] GC(33491) ParOldGen: 580609K(581632K)->580673K(581632K)
[13887.552s][info][gc,metaspace   ] GC(33491) Metaspace: 62257K(62592K)->62257K(62592K) NonClass: 56723K(56960K)->56723K(56960K) Class: 5534K(5632K)->5534K(5632K)
[13887.552s][info][gc             ] GC(33491) Pause Young (Allocation Failure) 646M->568M(650M) 3.316ms
[13887.552s][info][gc,cpu         ] GC(33491) User=0.01s Sys=0.00s Real=0.01s
[13888.001s][info][gc,start       ] GC(33492) Pause Young (Allocation Failure)
[13888.004s][info][gc,heap        ] GC(33492) PSYoungGen: 81952K(83968K)->320K(83968K) Eden: 80896K(80896K)->0K(80896K) From: 1056K(3072K)->320K(3072K)
[13888.004s][info][gc,heap        ] GC(33492) ParOldGen: 580673K(581632K)->580745K(581632K)
[13888.004s][info][gc,metaspace   ] GC(33492) Metaspace: 62257K(62592K)->62257K(62592K) NonClass: 56723K(56960K)->56723K(56960K) Class: 5534K(5632K)->5534K(5632K)
[13888.004s][info][gc             ] GC(33492) Pause Young (Allocation Failure) 647M->567M(650M) 2.678ms
[13888.004s][info][gc,cpu         ] GC(33492) User=0.00s Sys=0.00s Real=0.00s
[13888.554s][info][gc,start       ] GC(33493) Pause Young (Allocation Failure)
[13888.558s][info][gc,heap        ] GC(33493) PSYoungGen: 81216K(83968K)->976K(83968K) Eden: 80896K(80896K)->0K(80896K) From: 320K(3072K)->976K(3072K)
[13888.558s][info][gc,heap        ] GC(33493) ParOldGen: 580745K(581632K)->580817K(581632K)
[13888.558s][info][gc,metaspace   ] GC(33493) Metaspace: 62257K(62592K)->62257K(62592K) NonClass: 56723K(56960K)->56723K(56960K) Class: 5534K(5632K)->5534K(5632K)
[13888.558s][info][gc             ] GC(33493) Pause Young (Allocation Failure) 646M->568M(650M) 4.164ms
[13888.558s][info][gc,cpu         ] GC(33493) User=0.01s Sys=0.00s Real=0.00s
[13888.954s][info][gc,start       ] GC(33494) Pause Young (Allocation Failure)
[13888.957s][info][gc,heap        ] GC(33494) PSYoungGen: 81872K(83968K)->1152K(84480K) Eden: 80896K(80896K)->0K(81920K) From: 976K(3072K)->1152K(2560K)
[13888.957s][info][gc,heap        ] GC(33494) ParOldGen: 580817K(581632K)->580937K(581632K)
[13888.957s][info][gc,metaspace   ] GC(33494) Metaspace: 62257K(62592K)->62257K(62592K) NonClass: 56723K(56960K)->56723K(56960K) Class: 5534K(5632K)->5534K(5632K)
[13888.957s][info][gc             ] GC(33494) Pause Young (Allocation Failure) 647M->568M(650M) 3.327ms
[13888.957s][info][gc,cpu         ] GC(33494) User=0.00s Sys=0.00s Real=0.00s
[13889.351s][info][gc,start       ] GC(33495) Pause Young (Allocation Failure)
[13889.354s][info][gc,heap        ] GC(33495) PSYoungGen: 83072K(84480K)->1280K(84480K) Eden: 81920K(81920K)->0K(81920K) From: 1152K(2560K)->1280K(2560K)
[13889.354s][info][gc,heap        ] GC(33495) ParOldGen: 580937K(581632K)->581009K(581632K)
[13889.354s][info][gc,metaspace   ] GC(33495) Metaspace: 62257K(62592K)->62257K(62592K) NonClass: 56723K(56960K)->56723K(56960K) Class: 5534K(5632K)->5534K(5632K)
[13889.354s][info][gc             ] GC(33495) Pause Young (Allocation Failure) 648M->568M(650M) 3.346ms
[13889.354s][info][gc,cpu         ] GC(33495) User=0.01s Sys=0.00s Real=0.01s
[13889.733s][info][gc,start       ] GC(33496) Pause Young (Allocation Failure)
[13889.736s][info][gc,heap        ] GC(33496) PSYoungGen: 83200K(84480K)->992K(84480K) Eden: 81920K(81920K)->0K(81920K) From: 1280K(2560K)->992K(2560K)
[13889.736s][info][gc,heap        ] GC(33496) ParOldGen: 581009K(581632K)->581081K(581632K)
[13889.736s][info][gc,metaspace   ] GC(33496) Metaspace: 62257K(62592K)->62257K(62592K) NonClass: 56723K(56960K)->56723K(56960K) Class: 5534K(5632K)->5534K(5632K)
[13889.736s][info][gc             ] GC(33496) Pause Young (Allocation Failure) 648M->568M(650M) 3.131ms
[13889.736s][info][gc,cpu         ] GC(33496) User=0.01s Sys=0.00s Real=0.00s
[13890.124s][info][gc,start       ] GC(33497) Pause Young (Allocation Failure)
[13890.127s][info][gc,heap        ] GC(33497) PSYoungGen: 82912K(84480K)->768K(84480K) Eden: 81920K(81920K)->0K(81920K) From: 992K(2560K)->768K(2560K)
[13890.127s][info][gc,heap        ] GC(33497) ParOldGen: 581081K(581632K)->581153K(581632K)
[13890.127s][info][gc,metaspace   ] GC(33497) Metaspace: 62257K(62592K)->62257K(62592K) NonClass: 56723K(56960K)->56723K(56960K) Class: 5534K(5632K)->5534K(5632K)
[13890.127s][info][gc             ] GC(33497) Pause Young (Allocation Failure) 648M->568M(650M) 3.182ms
[13890.127s][info][gc,cpu         ] GC(33497) User=0.00s Sys=0.00s Real=0.00s
[13890.541s][info][gc,start       ] GC(33498) Pause Young (Allocation Failure)
[13890.545s][info][gc,heap        ] GC(33498) PSYoungGen: 82688K(84480K)->2528K(83456K) Eden: 81920K(81920K)->0K(80896K) From: 768K(2560K)->2528K(2560K)
[13890.545s][info][gc,heap        ] GC(33498) ParOldGen: 581153K(581632K)->581665K(582144K)
[13890.545s][info][gc,metaspace   ] GC(33498) Metaspace: 62257K(62592K)->62257K(62592K) NonClass: 56723K(56960K)->56723K(56960K) Class: 5534K(5632K)->5534K(5632K)
[13890.545s][info][gc             ] GC(33498) Pause Young (Allocation Failure) 648M->570M(650M) 3.778ms
[13890.545s][info][gc,cpu         ] GC(33498) User=0.00s Sys=0.00s Real=0.00s
[13890.970s][info][gc,start       ] GC(33499) Pause Young (Allocation Failure)
[13890.975s][info][gc,heap        ] GC(33499) PSYoungGen: 83424K(83456K)->1344K(83968K) Eden: 80896K(80896K)->0K(80896K) From: 2528K(2560K)->1344K(3072K)
[13890.975s][info][gc,heap        ] GC(33499) ParOldGen: 581665K(582144K)->583785K(585216K)
[13890.975s][info][gc,metaspace   ] GC(33499) Metaspace: 62257K(62592K)->62257K(62592K) NonClass: 56723K(56960K)->56723K(56960K) Class: 5534K(5632K)->5534K(5632K)
[13890.975s][info][gc             ] GC(33499) Pause Young (Allocation Failure) 649M->571M(653M) 4.683ms
[13890.975s][info][gc,cpu         ] GC(33499) User=0.01s Sys=0.00s Real=0.01s
[13891.382s][info][gc,start       ] GC(33500) Pause Young (Allocation Failure)
[13891.386s][info][gc,heap        ] GC(33500) PSYoungGen: 82240K(83968K)->1632K(83968K) Eden: 80896K(80896K)->0K(80896K) From: 1344K(3072K)->1632K(3072K)
[13891.386s][info][gc,heap        ] GC(33500) ParOldGen: 583785K(585216K)->583857K(585216K)
[13891.386s][info][gc,metaspace   ] GC(33500) Metaspace: 62257K(62592K)->62257K(62592K) NonClass: 56723K(56960K)->56723K(56960K) Class: 5534K(5632K)->5534K(5632K)
[13891.386s][info][gc             ] GC(33500) Pause Young (Allocation Failure) 650M->571M(653M) 3.621ms
[13891.386s][info][gc,cpu         ] GC(33500) User=0.01s Sys=0.00s Real=0.00s
[13891.800s][info][gc,start       ] GC(33501) Pause Young (Allocation Failure)
[13891.802s][info][gc,heap        ] GC(33501) PSYoungGen: 82528K(83968K)->320K(83968K) Eden: 80896K(80896K)->0K(80896K) From: 1632K(3072K)->320K(3072K)
[13891.802s][info][gc,heap        ] GC(33501) ParOldGen: 583857K(585216K)->583929K(585216K)
[13891.802s][info][gc,metaspace   ] GC(33501) Metaspace: 62257K(62592K)->62257K(62592K) NonClass: 56723K(56960K)->56723K(56960K) Class: 5534K(5632K)->5534K(5632K)
[13891.802s][info][gc             ] GC(33501) Pause Young (Allocation Failure) 650M->570M(653M) 2.668ms
[13891.802s][info][gc,cpu         ] GC(33501) User=0.00s Sys=0.00s Real=0.01s
[13892.216s][info][gc,start       ] GC(33502) Pause Young (Allocation Failure)
[13892.219s][info][gc,heap        ] GC(33502) PSYoungGen: 81216K(83968K)->576K(83968K) Eden: 80896K(80896K)->0K(80896K) From: 320K(3072K)->576K(3072K)
[13892.219s][info][gc,heap        ] GC(33502) ParOldGen: 583929K(585216K)->584001K(585216K)
[13892.219s][info][gc,metaspace   ] GC(33502) Metaspace: 62257K(62592K)->62257K(62592K) NonClass: 56723K(56960K)->56723K(56960K) Class: 5534K(5632K)->5534K(5632K)
[13892.219s][info][gc             ] GC(33502) Pause Young (Allocation Failure) 649M->570M(653M) 2.743ms
[13892.219s][info][gc,cpu         ] GC(33502) User=0.01s Sys=0.00s Real=0.00s
[13892.649s][info][gc,start       ] GC(33503) Pause Young (Allocation Failure)
[13892.652s][info][gc,heap        ] GC(33503) PSYoungGen: 81472K(83968K)->992K(83968K) Eden: 80896K(80896K)->0K(80896K) From: 576K(3072K)->992K(3072K)
[13892.652s][info][gc,heap        ] GC(33503) ParOldGen: 584001K(585216K)->584073K(585216K)
[13892.652s][info][gc,metaspace   ] GC(33503) Metaspace: 62257K(62592K)->62257K(62592K) NonClass: 56723K(56960K)->56723K(56960K) Class: 5534K(5632K)->5534K(5632K)
[13892.652s][info][gc             ] GC(33503) Pause Young (Allocation Failure) 649M->571M(653M) 3.125ms
[13892.653s][info][gc,cpu         ] GC(33503) User=0.00s Sys=0.00s Real=0.01s
[13893.054s][info][gc,start       ] GC(33504) Pause Young (Allocation Failure)
[13893.057s][info][gc,heap        ] GC(33504) PSYoungGen: 81888K(83968K)->1312K(84480K) Eden: 80896K(80896K)->0K(81920K) From: 992K(3072K)->1312K(2560K)
[13893.057s][info][gc,heap        ] GC(33504) ParOldGen: 584073K(585216K)->584145K(585216K)
[13893.057s][info][gc,metaspace   ] GC(33504) Metaspace: 62257K(62592K)->62257K(62592K) NonClass: 56723K(56960K)->56723K(56960K) Class: 5534K(5632K)->5534K(5632K)
[13893.057s][info][gc             ] GC(33504) Pause Young (Allocation Failure) 650M->571M(654M) 3.372ms
[13893.057s][info][gc,cpu         ] GC(33504) User=0.00s Sys=0.00s Real=0.00s
[13893.498s][info][gc,start       ] GC(33505) Pause Young (Allocation Failure)
[13893.501s][info][gc,heap        ] GC(33505) PSYoungGen: 83232K(84480K)->288K(84480K) Eden: 81920K(81920K)->0K(81920K) From: 1312K(2560K)->288K(2560K)
[13893.501s][info][gc,heap        ] GC(33505) ParOldGen: 584145K(585216K)->584217K(585216K)
[13893.501s][info][gc,metaspace   ] GC(33505) Metaspace: 62257K(62592K)->62257K(62592K) NonClass: 56723K(56960K)->56723K(56960K) Class: 5534K(5632K)->5534K(5632K)
[13893.501s][info][gc             ] GC(33505) Pause Young (Allocation Failure) 651M->570M(654M) 2.628ms
[13893.501s][info][gc,cpu         ] GC(33505) User=0.01s Sys=0.00s Real=0.00s
[13893.924s][info][gc,start       ] GC(33506) Pause Young (Allocation Failure)
[13893.926s][info][gc,heap        ] GC(33506) PSYoungGen: 82208K(84480K)->736K(84480K) Eden: 81920K(81920K)->0K(81920K) From: 288K(2560K)->736K(2560K)
[13893.926s][info][gc,heap        ] GC(33506) ParOldGen: 584217K(585216K)->584289K(585216K)
[13893.926s][info][gc,metaspace   ] GC(33506) Metaspace: 62257K(62592K)->62257K(62592K) NonClass: 56723K(56960K)->56723K(56960K) Class: 5534K(5632K)->5534K(5632K)
[13893.926s][info][gc             ] GC(33506) Pause Young (Allocation Failure) 650M->571M(654M) 2.913ms
[13893.926s][info][gc,cpu         ] GC(33506) User=0.01s Sys=0.00s Real=0.00s
[13894.304s][info][gc,start       ] GC(33507) Pause Young (Allocation Failure)
[13894.307s][info][gc,heap        ] GC(33507) PSYoungGen: 82656K(84480K)->416K(84480K) Eden: 81920K(81920K)->0K(81920K) From: 736K(2560K)->416K(2560K)
[13894.307s][info][gc,heap        ] GC(33507) ParOldGen: 584289K(585216K)->584353K(585216K)
[13894.307s][info][gc,metaspace   ] GC(33507) Metaspace: 62257K(62592K)->62257K(62592K) NonClass: 56723K(56960K)->56723K(56960K) Class: 5534K(5632K)->5534K(5632K)
[13894.307s][info][gc             ] GC(33507) Pause Young (Allocation Failure) 651M->571M(654M) 2.750ms
[13894.307s][info][gc,cpu         ] GC(33507) User=0.00s Sys=0.00s Real=0.00s
[13894.734s][info][gc,start       ] GC(33508) Pause Young (Allocation Failure)
[13894.737s][info][gc,heap        ] GC(33508) PSYoungGen: 82336K(84480K)->864K(84480K) Eden: 81920K(81920K)->0K(81920K) From: 416K(2560K)->864K(2560K)
[13894.737s][info][gc,heap        ] GC(33508) ParOldGen: 584353K(585216K)->584425K(585216K)
[13894.737s][info][gc,metaspace   ] GC(33508) Metaspace: 62257K(62592K)->62257K(62592K) NonClass: 56723K(56960K)->56723K(56960K) Class: 5534K(5632K)->5534K(5632K)
[13894.737s][info][gc             ] GC(33508) Pause Young (Allocation Failure) 651M->571M(654M) 3.124ms
[13894.737s][info][gc,cpu         ] GC(33508) User=0.00s Sys=0.00s Real=0.00s
[13895.167s][info][gc,start       ] GC(33509) Pause Young (Allocation Failure)
[13895.172s][info][gc,heap        ] GC(33509) PSYoungGen: 82784K(84480K)->2528K(84480K) Eden: 81920K(81920K)->0K(81920K) From: 864K(2560K)->2528K(2560K)
[13895.172s][info][gc,heap        ] GC(33509) ParOldGen: 584425K(585216K)->585473K(585728K)
[13895.172s][info][gc,metaspace   ] GC(33509) Metaspace: 62257K(62592K)->62257K(62592K) NonClass: 56723K(56960K)->56723K(56960K) Class: 5534K(5632K)->5534K(5632K)
[13895.172s][info][gc             ] GC(33509) Pause Young (Allocation Failure) 651M->574M(654M) 4.391ms
[13895.172s][info][gc,cpu         ] GC(33509) User=0.01s Sys=0.00s Real=0.01s
[13895.593s][info][gc,start       ] GC(33510) Pause Young (Allocation Failure)
[13895.597s][info][gc,heap        ] GC(33510) PSYoungGen: 84448K(84480K)->224K(83456K) Eden: 81920K(81920K)->0K(80896K) From: 2528K(2560K)->224K(2560K)
[13895.597s][info][gc,heap        ] GC(33510) ParOldGen: 585473K(585728K)->587585K(588800K)
[13895.597s][info][gc,metaspace   ] GC(33510) Metaspace: 62257K(62592K)->62257K(62592K) NonClass: 56723K(56960K)->56723K(56960K) Class: 5534K(5632K)->5534K(5632K)
[13895.597s][info][gc             ] GC(33510) Pause Young (Allocation Failure) 654M->574M(656M) 3.747ms
[13895.597s][info][gc,cpu         ] GC(33510) User=0.01s Sys=0.00s Real=0.00s
[13896.041s][info][gc,start       ] GC(33511) Pause Young (Allocation Failure)
[13896.044s][info][gc,heap        ] GC(33511) PSYoungGen: 81120K(83456K)->1152K(83968K) Eden: 80896K(80896K)->0K(80896K) From: 224K(2560K)->1152K(3072K)
[13896.044s][info][gc,heap        ] GC(33511) ParOldGen: 587585K(588800K)->587665K(588800K)
[13896.044s][info][gc,metaspace   ] GC(33511) Metaspace: 62257K(62592K)->62257K(62592K) NonClass: 56723K(56960K)->56723K(56960K) Class: 5534K(5632K)->5534K(5632K)
[13896.044s][info][gc             ] GC(33511) Pause Young (Allocation Failure) 653M->575M(657M) 3.334ms
[13896.044s][info][gc,cpu         ] GC(33511) User=0.00s Sys=0.00s Real=0.00s
[13896.448s][info][gc,start       ] GC(33512) Pause Young (Allocation Failure)
[13896.451s][info][gc,heap        ] GC(33512) PSYoungGen: 82048K(83968K)->1088K(83968K) Eden: 80896K(80896K)->0K(80896K) From: 1152K(3072K)->1088K(3072K)
[13896.451s][info][gc,heap        ] GC(33512) ParOldGen: 587665K(588800K)->587881K(588800K)
[13896.451s][info][gc,metaspace   ] GC(33512) Metaspace: 62257K(62592K)->62257K(62592K) NonClass: 56723K(56960K)->56723K(56960K) Class: 5534K(5632K)->5534K(5632K)
[13896.451s][info][gc             ] GC(33512) Pause Young (Allocation Failure) 654M->575M(657M) 3.226ms
[13896.451s][info][gc,cpu         ] GC(33512) User=0.00s Sys=0.00s Real=0.00s
[13896.851s][info][gc,start       ] GC(33513) Pause Young (Allocation Failure)
[13896.854s][info][gc,heap        ] GC(33513) PSYoungGen: 81984K(83968K)->1120K(83968K) Eden: 80896K(80896K)->0K(80896K) From: 1088K(3072K)->1120K(3072K)
[13896.854s][info][gc,heap        ] GC(33513) ParOldGen: 587881K(588800K)->587953K(588800K)
[13896.854s][info][gc,metaspace   ] GC(33513) Metaspace: 62257K(62592K)->62257K(62592K) NonClass: 56723K(56960K)->56723K(56960K) Class: 5534K(5632K)->5534K(5632K)
[13896.854s][info][gc             ] GC(33513) Pause Young (Allocation Failure) 654M->575M(657M) 3.257ms
[13896.854s][info][gc,cpu         ] GC(33513) User=0.01s Sys=0.00s Real=0.01s
[13897.222s][info][gc,start       ] GC(33514) Pause Young (Allocation Failure)
[13897.225s][info][gc,heap        ] GC(33514) PSYoungGen: 82016K(83968K)->736K(84480K) Eden: 80896K(80896K)->0K(81920K) From: 1120K(3072K)->736K(2560K)
[13897.225s][info][gc,heap        ] GC(33514) ParOldGen: 587953K(588800K)->588025K(588800K)
[13897.225s][info][gc,metaspace   ] GC(33514) Metaspace: 62257K(62592K)->62257K(62592K) NonClass: 56723K(56960K)->56723K(56960K) Class: 5534K(5632K)->5534K(5632K)
[13897.225s][info][gc             ] GC(33514) Pause Young (Allocation Failure) 654M->574M(657M) 2.986ms
[13897.225s][info][gc,cpu         ] GC(33514) User=0.01s Sys=0.00s Real=0.00s
[13897.598s][info][gc,start       ] GC(33515) Pause Young (Allocation Failure)
[13897.600s][info][gc,heap        ] GC(33515) PSYoungGen: 82656K(84480K)->288K(84480K) Eden: 81920K(81920K)->0K(81920K) From: 736K(2560K)->288K(2560K)
[13897.600s][info][gc,heap        ] GC(33515) ParOldGen: 588025K(588800K)->588089K(588800K)
[13897.600s][info][gc,metaspace   ] GC(33515) Metaspace: 62257K(62592K)->62257K(62592K) NonClass: 56723K(56960K)->56723K(56960K) Class: 5534K(5632K)->5534K(5632K)
[13897.600s][info][gc             ] GC(33515) Pause Young (Allocation Failure) 654M->574M(657M) 2.543ms
[13897.600s][info][gc,cpu         ] GC(33515) User=0.01s Sys=0.00s Real=0.00s
[13897.982s][info][gc,start       ] GC(33516) Pause Young (Allocation Failure)
[13897.985s][info][gc,heap        ] GC(33516) PSYoungGen: 82208K(84480K)->1728K(83456K) Eden: 81920K(81920K)->0K(80896K) From: 288K(2560K)->1728K(2560K)
[13897.985s][info][gc,heap        ] GC(33516) ParOldGen: 588089K(588800K)->588161K(588800K)
[13897.985s][info][gc,metaspace   ] GC(33516) Metaspace: 62257K(62592K)->62257K(62592K) NonClass: 56723K(56960K)->56723K(56960K) Class: 5534K(5632K)->5534K(5632K)
[13897.985s][info][gc             ] GC(33516) Pause Young (Allocation Failure) 654M->576M(656M) 3.757ms
[13897.985s][info][gc,cpu         ] GC(33516) User=0.01s Sys=0.00s Real=0.00s
[13898.339s][info][gc,start       ] GC(33517) Pause Young (Allocation Failure)
[13898.343s][info][gc,heap        ] GC(33517) PSYoungGen: 82624K(83456K)->960K(83968K) Eden: 80896K(80896K)->0K(80896K) From: 1728K(2560K)->960K(3072K)
[13898.343s][info][gc,heap        ] GC(33517) ParOldGen: 588161K(588800K)->588233K(588800K)
[13898.343s][info][gc,metaspace   ] GC(33517) Metaspace: 62257K(62592K)->62257K(62592K) NonClass: 56723K(56960K)->56723K(56960K) Class: 5534K(5632K)->5534K(5632K)
[13898.343s][info][gc             ] GC(33517) Pause Young (Allocation Failure) 655M->575M(657M) 3.266ms
[13898.343s][info][gc,cpu         ] GC(33517) User=0.01s Sys=0.00s Real=0.01s
[13898.716s][info][gc,start       ] GC(33518) Pause Young (Allocation Failure)
[13898.719s][info][gc,heap        ] GC(33518) PSYoungGen: 81855K(83968K)->608K(84480K) Eden: 80895K(80896K)->0K(81920K) From: 960K(3072K)->608K(2560K)
[13898.719s][info][gc,heap        ] GC(33518) ParOldGen: 588233K(588800K)->588305K(588800K)
[13898.719s][info][gc,metaspace   ] GC(33518) Metaspace: 62257K(62592K)->62257K(62592K) NonClass: 56723K(56960K)->56723K(56960K) Class: 5534K(5632K)->5534K(5632K)
[13898.719s][info][gc             ] GC(33518) Pause Young (Allocation Failure) 654M->575M(657M) 2.768ms
[13898.719s][info][gc,cpu         ] GC(33518) User=0.01s Sys=0.00s Real=0.00s
[13899.088s][info][gc,start       ] GC(33519) Pause Young (Allocation Failure)
[13899.092s][info][gc,heap        ] GC(33519) PSYoungGen: 82528K(84480K)->1856K(83968K) Eden: 81920K(81920K)->0K(81920K) From: 608K(2560K)->1856K(2048K)
[13899.092s][info][gc,heap        ] GC(33519) ParOldGen: 588305K(588800K)->588377K(588800K)
[13899.092s][info][gc,metaspace   ] GC(33519) Metaspace: 62261K(62592K)->62261K(62592K) NonClass: 56727K(56960K)->56727K(56960K) Class: 5534K(5632K)->5534K(5632K)
[13899.092s][info][gc             ] GC(33519) Pause Young (Allocation Failure) 655M->576M(657M) 3.963ms
[13899.092s][info][gc,cpu         ] GC(33519) User=0.00s Sys=0.00s Real=0.01s
[13899.509s][info][gc,start       ] GC(33520) Pause Young (Allocation Failure)
[13899.512s][info][gc,heap        ] GC(33520) PSYoungGen: 83775K(83968K)->2496K(83968K) Eden: 81919K(81920K)->0K(80896K) From: 1856K(2048K)->2496K(3072K)
[13899.512s][info][gc,heap        ] GC(33520) ParOldGen: 588377K(588800K)->588449K(588800K)
[13899.512s][info][gc,metaspace   ] GC(33520) Metaspace: 62261K(62592K)->62261K(62592K) NonClass: 56727K(56960K)->56727K(56960K) Class: 5534K(5632K)->5534K(5632K)
[13899.513s][info][gc             ] GC(33520) Pause Young (Allocation Failure) 656M->577M(657M) 3.029ms
[13899.513s][info][gc,cpu         ] GC(33520) User=0.01s Sys=0.00s Real=0.01s
[13899.923s][info][gc,start       ] GC(33521) Pause Young (Allocation Failure)
[13899.927s][info][gc,heap        ] GC(33521) PSYoungGen: 83392K(83968K)->672K(83968K) Eden: 80896K(80896K)->0K(80896K) From: 2496K(3072K)->672K(3072K)
[13899.927s][info][gc,heap        ] GC(33521) ParOldGen: 588449K(588800K)->590569K(591872K)
[13899.927s][info][gc,metaspace   ] GC(33521) Metaspace: 62261K(62592K)->62261K(62592K) NonClass: 56727K(56960K)->56727K(56960K) Class: 5534K(5632K)->5534K(5632K)
[13899.927s][info][gc             ] GC(33521) Pause Young (Allocation Failure) 656M->577M(660M) 4.223ms
[13899.927s][info][gc,cpu         ] GC(33521) User=0.00s Sys=0.01s Real=0.00s
[13900.353s][info][gc,start       ] GC(33522) Pause Young (Allocation Failure)
[13900.356s][info][gc,heap        ] GC(33522) PSYoungGen: 81567K(83968K)->1152K(83968K) Eden: 80895K(80896K)->0K(80896K) From: 672K(3072K)->1152K(3072K)
[13900.356s][info][gc,heap        ] GC(33522) ParOldGen: 590569K(591872K)->590641K(591872K)
[13900.356s][info][gc,metaspace   ] GC(33522) Metaspace: 62261K(62592K)->62261K(62592K) NonClass: 56727K(56960K)->56727K(56960K) Class: 5534K(5632K)->5534K(5632K)
[13900.356s][info][gc             ] GC(33522) Pause Young (Allocation Failure) 656M->577M(660M) 3.327ms
[13900.356s][info][gc,cpu         ] GC(33522) User=0.00s Sys=0.00s Real=0.00s
[13900.776s][info][gc,start       ] GC(33523) Pause Young (Allocation Failure)
[13900.779s][info][gc,heap        ] GC(33523) PSYoungGen: 82048K(83968K)->1504K(83968K) Eden: 80896K(80896K)->0K(80896K) From: 1152K(3072K)->1504K(3072K)
[13900.779s][info][gc,heap        ] GC(33523) ParOldGen: 590641K(591872K)->590705K(591872K)
[13900.779s][info][gc,metaspace   ] GC(33523) Metaspace: 62261K(62592K)->62261K(62592K) NonClass: 56727K(56960K)->56727K(56960K) Class: 5534K(5632K)->5534K(5632K)
[13900.779s][info][gc             ] GC(33523) Pause Young (Allocation Failure) 656M->578M(660M) 3.507ms
[13900.779s][info][gc,cpu         ] GC(33523) User=0.01s Sys=0.00s Real=0.00s
[13901.212s][info][gc,start       ] GC(33524) Pause Young (Allocation Failure)
[13901.215s][info][gc,heap        ] GC(33524) PSYoungGen: 82400K(83968K)->512K(83968K) Eden: 80896K(80896K)->0K(80896K) From: 1504K(3072K)->512K(3072K)
[13901.215s][info][gc,heap        ] GC(33524) ParOldGen: 590705K(591872K)->590785K(591872K)
[13901.215s][info][gc,metaspace   ] GC(33524) Metaspace: 62261K(62592K)->62261K(62592K) NonClass: 56727K(56960K)->56727K(56960K) Class: 5534K(5632K)->5534K(5632K)
[13901.215s][info][gc             ] GC(33524) Pause Young (Allocation Failure) 657M->577M(660M) 2.752ms
[13901.215s][info][gc,cpu         ] GC(33524) User=0.01s Sys=0.00s Real=0.00s
[13901.608s][info][gc,start       ] GC(33525) Pause Young (Allocation Failure)
[13901.610s][info][gc,heap        ] GC(33525) PSYoungGen: 81408K(83968K)->416K(83968K) Eden: 80896K(80896K)->0K(80896K) From: 512K(3072K)->416K(3072K)
[13901.611s][info][gc,heap        ] GC(33525) ParOldGen: 590785K(591872K)->590857K(591872K)
[13901.611s][info][gc,metaspace   ] GC(33525) Metaspace: 62261K(62592K)->62261K(62592K) NonClass: 56727K(56960K)->56727K(56960K) Class: 5534K(5632K)->5534K(5632K)
[13901.611s][info][gc             ] GC(33525) Pause Young (Allocation Failure) 656M->577M(660M) 2.742ms
[13901.611s][info][gc,cpu         ] GC(33525) User=0.01s Sys=0.00s Real=0.00s
[13902.014s][info][gc,start       ] GC(33526) Pause Young (Allocation Failure)
[13902.017s][info][gc,heap        ] GC(33526) PSYoungGen: 81312K(83968K)->544K(84480K) Eden: 80896K(80896K)->0K(81408K) From: 416K(3072K)->544K(3072K)
[13902.017s][info][gc,heap        ] GC(33526) ParOldGen: 590857K(591872K)->590929K(591872K)
[13902.017s][info][gc,metaspace   ] GC(33526) Metaspace: 62261K(62592K)->62261K(62592K) NonClass: 56727K(56960K)->56727K(56960K) Class: 5534K(5632K)->5534K(5632K)
[13902.017s][info][gc             ] GC(33526) Pause Young (Allocation Failure) 656M->577M(660M) 2.756ms
[13902.017s][info][gc,cpu         ] GC(33526) User=0.00s Sys=0.00s Real=0.00s
[13902.427s][info][gc,start       ] GC(33527) Pause Young (Allocation Failure)
[13902.429s][info][gc,heap        ] GC(33527) PSYoungGen: 81952K(84480K)->768K(83968K) Eden: 81408K(81408K)->0K(81408K) From: 544K(3072K)->768K(2560K)
[13902.429s][info][gc,heap        ] GC(33527) ParOldGen: 590929K(591872K)->591001K(591872K)
[13902.429s][info][gc,metaspace   ] GC(33527) Metaspace: 62261K(62592K)->62261K(62592K) NonClass: 56727K(56960K)->56727K(56960K) Class: 5534K(5632K)->5534K(5632K)
[13902.429s][info][gc             ] GC(33527) Pause Young (Allocation Failure) 657M->577M(660M) 2.859ms
[13902.430s][info][gc,cpu         ] GC(33527) User=0.01s Sys=0.00s Real=0.00s
[13902.836s][info][gc,start       ] GC(33528) Pause Young (Allocation Failure)
[13902.839s][info][gc,heap        ] GC(33528) PSYoungGen: 82176K(83968K)->928K(84480K) Eden: 81408K(81408K)->0K(81920K) From: 768K(2560K)->928K(2560K)
[13902.839s][info][gc,heap        ] GC(33528) ParOldGen: 591001K(591872K)->591065K(591872K)
[13902.839s][info][gc,metaspace   ] GC(33528) Metaspace: 62261K(62592K)->62261K(62592K) NonClass: 56727K(56960K)->56727K(56960K) Class: 5534K(5632K)->5534K(5632K)
[13902.839s][info][gc             ] GC(33528) Pause Young (Allocation Failure) 657M->578M(660M) 3.011ms
[13902.839s][info][gc,cpu         ] GC(33528) User=0.01s Sys=0.01s Real=0.00s
[13903.284s][info][gc,start       ] GC(33529) Pause Young (Allocation Failure)
[13903.288s][info][gc,heap        ] GC(33529) PSYoungGen: 82848K(84480K)->1776K(84480K) Eden: 81920K(81920K)->0K(81920K) From: 928K(2560K)->1776K(2560K)
[13903.288s][info][gc,heap        ] GC(33529) ParOldGen: 591065K(591872K)->591137K(591872K)
[13903.288s][info][gc,metaspace   ] GC(33529) Metaspace: 62261K(62592K)->62261K(62592K) NonClass: 56727K(56960K)->56727K(56960K) Class: 5534K(5632K)->5534K(5632K)
[13903.288s][info][gc             ] GC(33529) Pause Young (Allocation Failure) 658M->579M(660M) 3.744ms
[13903.288s][info][gc,cpu         ] GC(33529) User=0.01s Sys=0.00s Real=0.00s
[13903.683s][info][gc,start       ] GC(33530) Pause Young (Allocation Failure)
[13903.687s][info][gc,heap        ] GC(33530) PSYoungGen: 83696K(84480K)->1664K(84480K) Eden: 81920K(81920K)->0K(81920K) From: 1776K(2560K)->1664K(2560K)
[13903.687s][info][gc,heap        ] GC(33530) ParOldGen: 591137K(591872K)->591257K(591872K)
[13903.687s][info][gc,metaspace   ] GC(33530) Metaspace: 62261K(62592K)->62261K(62592K) NonClass: 56727K(56960K)->56727K(56960K) Class: 5534K(5632K)->5534K(5632K)
[13903.687s][info][gc             ] GC(33530) Pause Young (Allocation Failure) 659M->579M(660M) 3.695ms
[13903.687s][info][gc,cpu         ] GC(33530) User=0.00s Sys=0.00s Real=0.00s
[13904.088s][info][gc,start       ] GC(33531) Pause Young (Allocation Failure)
[13904.092s][info][gc,heap        ] GC(33531) PSYoungGen: 83584K(84480K)->1664K(83968K) Eden: 81920K(81920K)->0K(81920K) From: 1664K(2560K)->1664K(2048K)
[13904.092s][info][gc,heap        ] GC(33531) ParOldGen: 591257K(591872K)->591329K(591872K)
[13904.092s][info][gc,metaspace   ] GC(33531) Metaspace: 62261K(62592K)->62261K(62592K) NonClass: 56727K(56960K)->56727K(56960K) Class: 5534K(5632K)->5534K(5632K)
[13904.092s][info][gc             ] GC(33531) Pause Young (Allocation Failure) 659M->579M(660M) 3.694ms
[13904.092s][info][gc,cpu         ] GC(33531) User=0.00s Sys=0.00s Real=0.01s
[13904.521s][info][gc,start       ] GC(33532) Pause Young (Allocation Failure)
[13904.524s][info][gc,heap        ] GC(33532) PSYoungGen: 83584K(83968K)->2624K(83968K) Eden: 81920K(81920K)->0K(80896K) From: 1664K(2048K)->2624K(3072K)
[13904.524s][info][gc,heap        ] GC(33532) ParOldGen: 591329K(591872K)->591401K(591872K)
[13904.524s][info][gc,metaspace   ] GC(33532) Metaspace: 62261K(62592K)->62261K(62592K) NonClass: 56727K(56960K)->56727K(56960K) Class: 5534K(5632K)->5534K(5632K)
[13904.524s][info][gc             ] GC(33532) Pause Young (Allocation Failure) 659M->580M(660M) 3.097ms
[13904.524s][info][gc,cpu         ] GC(33532) User=0.01s Sys=0.00s Real=0.01s
[13904.927s][info][gc,start       ] GC(33533) Pause Young (Allocation Failure)
[13904.932s][info][gc,heap        ] GC(33533) PSYoungGen: 83520K(83968K)->800K(83968K) Eden: 80896K(80896K)->0K(80896K) From: 2624K(3072K)->800K(3072K)
[13904.932s][info][gc,heap        ] GC(33533) ParOldGen: 591401K(591872K)->593521K(594944K)
[13904.932s][info][gc,metaspace   ] GC(33533) Metaspace: 62261K(62592K)->62261K(62592K) NonClass: 56727K(56960K)->56727K(56960K) Class: 5534K(5632K)->5534K(5632K)
[13904.932s][info][gc             ] GC(33533) Pause Young (Allocation Failure) 659M->580M(663M) 4.208ms
[13904.932s][info][gc,cpu         ] GC(33533) User=0.01s Sys=0.01s Real=0.01s
[13905.327s][info][gc,start       ] GC(33534) Pause Young (Allocation Failure)
[13905.330s][info][gc,heap        ] GC(33534) PSYoungGen: 81696K(83968K)->672K(83968K) Eden: 80896K(80896K)->0K(80896K) From: 800K(3072K)->672K(3072K)
[13905.330s][info][gc,heap        ] GC(33534) ParOldGen: 593521K(594944K)->593593K(594944K)
[13905.330s][info][gc,metaspace   ] GC(33534) Metaspace: 62261K(62592K)->62261K(62592K) NonClass: 56727K(56960K)->56727K(56960K) Class: 5534K(5632K)->5534K(5632K)
[13905.331s][info][gc             ] GC(33534) Pause Young (Allocation Failure) 659M->580M(663M) 3.107ms
[13905.331s][info][gc,cpu         ] GC(33534) User=0.01s Sys=0.00s Real=0.00s
[13905.751s][info][gc,start       ] GC(33535) Pause Young (Allocation Failure)
[13905.755s][info][gc,heap        ] GC(33535) PSYoungGen: 81568K(83968K)->1216K(83968K) Eden: 80896K(80896K)->0K(80896K) From: 672K(3072K)->1216K(3072K)
[13905.755s][info][gc,heap        ] GC(33535) ParOldGen: 593593K(594944K)->593657K(594944K)
[13905.755s][info][gc,metaspace   ] GC(33535) Metaspace: 62261K(62592K)->62261K(62592K) NonClass: 56727K(56960K)->56727K(56960K) Class: 5534K(5632K)->5534K(5632K)
[13905.755s][info][gc             ] GC(33535) Pause Young (Allocation Failure) 659M->580M(663M) 3.323ms
[13905.755s][info][gc,cpu         ] GC(33535) User=0.01s Sys=0.00s Real=0.00s
[13906.140s][info][gc,start       ] GC(33536) Pause Young (Allocation Failure)
[13906.143s][info][gc,heap        ] GC(33536) PSYoungGen: 82112K(83968K)->992K(83968K) Eden: 80896K(80896K)->0K(80896K) From: 1216K(3072K)->992K(3072K)
[13906.143s][info][gc,heap        ] GC(33536) ParOldGen: 593657K(594944K)->593729K(594944K)
[13906.143s][info][gc,metaspace   ] GC(33536) Metaspace: 62261K(62592K)->62261K(62592K) NonClass: 56727K(56960K)->56727K(56960K) Class: 5534K(5632K)->5534K(5632K)
[13906.143s][info][gc             ] GC(33536) Pause Young (Allocation Failure) 659M->580M(663M) 3.065ms
[13906.143s][info][gc,cpu         ] GC(33536) User=0.00s Sys=0.00s Real=0.01s
[13906.532s][info][gc,start       ] GC(33537) Pause Young (Allocation Failure)
[13906.535s][info][gc,heap        ] GC(33537) PSYoungGen: 81888K(83968K)->832K(83968K) Eden: 80896K(80896K)->0K(80896K) From: 992K(3072K)->832K(3072K)
[13906.535s][info][gc,heap        ] GC(33537) ParOldGen: 593729K(594944K)->593793K(594944K)
[13906.535s][info][gc,metaspace   ] GC(33537) Metaspace: 62261K(62592K)->62261K(62592K) NonClass: 56727K(56960K)->56727K(56960K) Class: 5534K(5632K)->5534K(5632K)
[13906.535s][info][gc             ] GC(33537) Pause Young (Allocation Failure) 659M->580M(663M) 2.908ms
[13906.535s][info][gc,cpu         ] GC(33537) User=0.00s Sys=0.00s Real=0.00s
[13906.932s][info][gc,start       ] GC(33538) Pause Young (Allocation Failure)
[13906.935s][info][gc,heap        ] GC(33538) PSYoungGen: 81728K(83968K)->928K(84480K) Eden: 80896K(80896K)->0K(81920K) From: 832K(3072K)->928K(2560K)
[13906.935s][info][gc,heap        ] GC(33538) ParOldGen: 593793K(594944K)->593857K(594944K)
[13906.935s][info][gc,metaspace   ] GC(33538) Metaspace: 62261K(62592K)->62261K(62592K) NonClass: 56727K(56960K)->56727K(56960K) Class: 5534K(5632K)->5534K(5632K)
[13906.935s][info][gc             ] GC(33538) Pause Young (Allocation Failure) 659M->580M(663M) 2.966ms
[13906.935s][info][gc,cpu         ] GC(33538) User=0.00s Sys=0.00s Real=0.00s
[13907.315s][info][gc,start       ] GC(33539) Pause Young (Allocation Failure)
[13907.318s][info][gc,heap        ] GC(33539) PSYoungGen: 82848K(84480K)->576K(84480K) Eden: 81920K(81920K)->0K(81920K) From: 928K(2560K)->576K(2560K)
[13907.318s][info][gc,heap        ] GC(33539) ParOldGen: 593857K(594944K)->593921K(594944K)
[13907.318s][info][gc,metaspace   ] GC(33539) Metaspace: 62261K(62592K)->62261K(62592K) NonClass: 56727K(56960K)->56727K(56960K) Class: 5534K(5632K)->5534K(5632K)
[13907.318s][info][gc             ] GC(33539) Pause Young (Allocation Failure) 660M->580M(663M) 2.739ms
[13907.318s][info][gc,cpu         ] GC(33539) User=0.01s Sys=0.00s Real=0.00s
[13907.721s][info][gc,start       ] GC(33540) Pause Young (Allocation Failure)
[13907.724s][info][gc,heap        ] GC(33540) PSYoungGen: 82496K(84480K)->640K(84480K) Eden: 81920K(81920K)->0K(81920K) From: 576K(2560K)->640K(2560K)
[13907.724s][info][gc,heap        ] GC(33540) ParOldGen: 593921K(594944K)->593993K(594944K)
[13907.724s][info][gc,metaspace   ] GC(33540) Metaspace: 62261K(62592K)->62261K(62592K) NonClass: 56727K(56960K)->56727K(56960K) Class: 5534K(5632K)->5534K(5632K)
[13907.724s][info][gc             ] GC(33540) Pause Young (Allocation Failure) 660M->580M(663M) 2.794ms
[13907.724s][info][gc,cpu         ] GC(33540) User=0.01s Sys=0.00s Real=0.01s
[13908.117s][info][gc,start       ] GC(33541) Pause Young (Allocation Failure)
[13908.120s][info][gc,heap        ] GC(33541) PSYoungGen: 82560K(84480K)->608K(84480K) Eden: 81920K(81920K)->0K(81920K) From: 640K(2560K)->608K(2560K)
[13908.120s][info][gc,heap        ] GC(33541) ParOldGen: 593993K(594944K)->594065K(594944K)
[13908.120s][info][gc,metaspace   ] GC(33541) Metaspace: 62261K(62592K)->62261K(62592K) NonClass: 56727K(56960K)->56727K(56960K) Class: 5534K(5632K)->5534K(5632K)
[13908.120s][info][gc             ] GC(33541) Pause Young (Allocation Failure) 660M->580M(663M) 2.798ms
[13908.120s][info][gc,cpu         ] GC(33541) User=0.00s Sys=0.00s Real=0.00s
[13908.519s][info][gc,start       ] GC(33542) Pause Young (Allocation Failure)
[13908.522s][info][gc,heap        ] GC(33542) PSYoungGen: 82528K(84480K)->576K(84480K) Eden: 81920K(81920K)->0K(81920K) From: 608K(2560K)->576K(2560K)
[13908.522s][info][gc,heap        ] GC(33542) ParOldGen: 594065K(594944K)->594137K(594944K)
[13908.522s][info][gc,metaspace   ] GC(33542) Metaspace: 62261K(62592K)->62261K(62592K) NonClass: 56727K(56960K)->56727K(56960K) Class: 5534K(5632K)->5534K(5632K)
[13908.522s][info][gc             ] GC(33542) Pause Young (Allocation Failure) 660M->580M(663M) 2.900ms
[13908.522s][info][gc,cpu         ] GC(33542) User=0.00s Sys=0.00s Real=0.01s
[13908.906s][info][gc,start       ] GC(33543) Pause Young (Allocation Failure)
[13908.909s][info][gc,heap        ] GC(33543) PSYoungGen: 82496K(84480K)->2464K(84480K) Eden: 81920K(81920K)->0K(81920K) From: 576K(2560K)->2464K(2560K)
[13908.909s][info][gc,heap        ] GC(33543) ParOldGen: 594137K(594944K)->594209K(594944K)
[13908.909s][info][gc,metaspace   ] GC(33543) Metaspace: 62261K(62592K)->62261K(62592K) NonClass: 56727K(56960K)->56727K(56960K) Class: 5534K(5632K)->5534K(5632K)
[13908.909s][info][gc             ] GC(33543) Pause Young (Allocation Failure) 660M->582M(663M) 2.991ms
[13908.909s][info][gc,cpu         ] GC(33543) User=0.01s Sys=0.00s Real=0.00s
[13909.286s][info][gc,start       ] GC(33544) Pause Young (Allocation Failure)
[13909.291s][info][gc,heap        ] GC(33544) PSYoungGen: 84384K(84480K)->1760K(83456K) Eden: 81920K(81920K)->0K(80896K) From: 2464K(2560K)->1760K(2560K)
[13909.291s][info][gc,heap        ] GC(33544) ParOldGen: 594209K(594944K)->596329K(596480K)
[13909.291s][info][gc,metaspace   ] GC(33544) Metaspace: 62261K(62592K)->62261K(62592K) NonClass: 56727K(56960K)->56727K(56960K) Class: 5534K(5632K)->5534K(5632K)
[13909.291s][info][gc             ] GC(33544) Pause Young (Allocation Failure) 662M->584M(664M) 5.122ms
[13909.291s][info][gc,cpu         ] GC(33544) User=0.01s Sys=0.00s Real=0.01s
[13909.674s][info][gc,start       ] GC(33545) Pause Young (Allocation Failure)
[13909.677s][info][gc,heap        ] GC(33545) PSYoungGen: 82656K(83456K)->1600K(83968K) Eden: 80896K(80896K)->0K(80896K) From: 1760K(2560K)->1600K(3072K)
[13909.677s][info][gc,heap        ] GC(33545) ParOldGen: 596329K(596480K)->596401K(596480K)
[13909.677s][info][gc,metaspace   ] GC(33545) Metaspace: 62261K(62592K)->62261K(62592K) NonClass: 56727K(56960K)->56727K(56960K) Class: 5534K(5632K)->5534K(5632K)
[13909.677s][info][gc             ] GC(33545) Pause Young (Allocation Failure) 663M->583M(664M) 3.669ms
[13909.678s][info][gc,cpu         ] GC(33545) User=0.01s Sys=0.00s Real=0.00s
[13910.063s][info][gc,start       ] GC(33546) Pause Young (Allocation Failure)
[13910.066s][info][gc,heap        ] GC(33546) PSYoungGen: 82496K(83968K)->1280K(83968K) Eden: 80896K(80896K)->0K(80896K) From: 1600K(3072K)->1280K(3072K)
[13910.066s][info][gc,heap        ] GC(33546) ParOldGen: 596401K(596480K)->596473K(596480K)
[13910.066s][info][gc,metaspace   ] GC(33546) Metaspace: 62261K(62592K)->62261K(62592K) NonClass: 56727K(56960K)->56727K(56960K) Class: 5534K(5632K)->5534K(5632K)
[13910.066s][info][gc             ] GC(33546) Pause Young (Allocation Failure) 662M->583M(664M) 3.458ms
[13910.066s][info][gc,cpu         ] GC(33546) User=0.01s Sys=0.00s Real=0.00s
[13910.506s][info][gc,start       ] GC(33547) Pause Young (Allocation Failure)
[13910.509s][info][gc,heap        ] GC(33547) PSYoungGen: 82176K(83968K)->480K(83968K) Eden: 80896K(80896K)->0K(80896K) From: 1280K(3072K)->480K(3072K)
[13910.509s][info][gc,heap        ] GC(33547) ParOldGen: 596473K(596480K)->596537K(596992K)
[13910.509s][info][gc,metaspace   ] GC(33547) Metaspace: 62261K(62592K)->62261K(62592K) NonClass: 56727K(56960K)->56727K(56960K) Class: 5534K(5632K)->5534K(5632K)
[13910.509s][info][gc             ] GC(33547) Pause Young (Allocation Failure) 662M->583M(665M) 2.862ms
[13910.509s][info][gc,cpu         ] GC(33547) User=0.01s Sys=0.00s Real=0.00s
[13910.898s][info][gc,start       ] GC(33548) Pause Young (Allocation Failure)
[13910.900s][info][gc,heap        ] GC(33548) PSYoungGen: 81376K(83968K)->256K(83968K) Eden: 80896K(80896K)->0K(80896K) From: 480K(3072K)->256K(3072K)
[13910.900s][info][gc,heap        ] GC(33548) ParOldGen: 596537K(596992K)->596657K(596992K)
[13910.900s][info][gc,metaspace   ] GC(33548) Metaspace: 62261K(62592K)->62261K(62592K) NonClass: 56727K(56960K)->56727K(56960K) Class: 5534K(5632K)->5534K(5632K)
[13910.901s][info][gc             ] GC(33548) Pause Young (Allocation Failure) 662M->582M(665M) 2.649ms
[13910.901s][info][gc,cpu         ] GC(33548) User=0.00s Sys=0.00s Real=0.00s
[13911.287s][info][gc,start       ] GC(33549) Pause Young (Allocation Failure)
[13911.291s][info][gc,heap        ] GC(33549) PSYoungGen: 81152K(83968K)->1760K(83968K) Eden: 80896K(80896K)->0K(80896K) From: 256K(3072K)->1760K(3072K)
[13911.291s][info][gc,heap        ] GC(33549) ParOldGen: 596657K(596992K)->596729K(596992K)
[13911.291s][info][gc,metaspace   ] GC(33549) Metaspace: 62261K(62592K)->62261K(62592K) NonClass: 56727K(56960K)->56727K(56960K) Class: 5534K(5632K)->5534K(5632K)
[13911.291s][info][gc             ] GC(33549) Pause Young (Allocation Failure) 661M->584M(665M) 3.808ms
[13911.291s][info][gc,cpu         ] GC(33549) User=0.01s Sys=0.01s Real=0.01s
[13911.690s][info][gc,start       ] GC(33550) Pause Young (Allocation Failure)
[13911.693s][info][gc,heap        ] GC(33550) PSYoungGen: 82656K(83968K)->1728K(83968K) Eden: 80896K(80896K)->0K(80896K) From: 1760K(3072K)->1728K(3072K)
[13911.693s][info][gc,heap        ] GC(33550) ParOldGen: 596729K(596992K)->596801K(596992K)
[13911.693s][info][gc,metaspace   ] GC(33550) Metaspace: 62261K(62592K)->62261K(62592K) NonClass: 56727K(56960K)->56727K(56960K) Class: 5534K(5632K)->5534K(5632K)
[13911.694s][info][gc             ] GC(33550) Pause Young (Allocation Failure) 663M->584M(665M) 3.877ms
[13911.694s][info][gc,cpu         ] GC(33550) User=0.00s Sys=0.00s Real=0.01s
[13912.027s][info][gc,start       ] GC(33551) Pause Young (Allocation Failure)
[13912.030s][info][gc,heap        ] GC(33551) PSYoungGen: 82624K(83968K)->864K(83968K) Eden: 80896K(80896K)->0K(80896K) From: 1728K(3072K)->864K(3072K)
[13912.030s][info][gc,heap        ] GC(33551) ParOldGen: 596801K(596992K)->596873K(596992K)
[13912.030s][info][gc,metaspace   ] GC(33551) Metaspace: 62261K(62592K)->62261K(62592K) NonClass: 56727K(56960K)->56727K(56960K) Class: 5534K(5632K)->5534K(5632K)
[13912.030s][info][gc             ] GC(33551) Pause Young (Allocation Failure) 663M->583M(665M) 3.104ms
[13912.030s][info][gc,cpu         ] GC(33551) User=0.01s Sys=0.00s Real=0.00s
[13912.419s][info][gc,start       ] GC(33552) Pause Young (Allocation Failure)
[13912.422s][info][gc,heap        ] GC(33552) PSYoungGen: 81760K(83968K)->672K(83968K) Eden: 80896K(80896K)->0K(80896K) From: 864K(3072K)->672K(3072K)
[13912.422s][info][gc,heap        ] GC(33552) ParOldGen: 596873K(596992K)->596945K(596992K)
[13912.422s][info][gc,metaspace   ] GC(33552) Metaspace: 62261K(62592K)->62261K(62592K) NonClass: 56727K(56960K)->56727K(56960K) Class: 5534K(5632K)->5534K(5632K)
[13912.422s][info][gc             ] GC(33552) Pause Young (Allocation Failure) 662M->583M(665M) 2.949ms
[13912.422s][info][gc,cpu         ] GC(33552) User=0.01s Sys=0.00s Real=0.01s
[13912.810s][info][gc,start       ] GC(33553) Pause Young (Allocation Failure)
[13912.812s][info][gc,heap        ] GC(33553) PSYoungGen: 81568K(83968K)->448K(83968K) Eden: 80896K(80896K)->0K(80896K) From: 672K(3072K)->448K(3072K)
[13912.812s][info][gc,heap        ] GC(33553) ParOldGen: 596945K(596992K)->597017K(597504K)
[13912.812s][info][gc,metaspace   ] GC(33553) Metaspace: 62261K(62592K)->62261K(62592K) NonClass: 56727K(56960K)->56727K(56960K) Class: 5534K(5632K)->5534K(5632K)
[13912.812s][info][gc             ] GC(33553) Pause Young (Allocation Failure) 662M->583M(665M) 2.770ms
[13912.812s][info][gc,cpu         ] GC(33553) User=0.01s Sys=0.00s Real=0.01s
[13913.190s][info][gc,start       ] GC(33554) Pause Young (Allocation Failure)
[13913.194s][info][gc,heap        ] GC(33554) PSYoungGen: 81344K(83968K)->2080K(83968K) Eden: 80896K(80896K)->0K(80896K) From: 448K(3072K)->2080K(3072K)
[13913.194s][info][gc,heap        ] GC(33554) ParOldGen: 597017K(597504K)->597081K(597504K)
[13913.194s][info][gc,metaspace   ] GC(33554) Metaspace: 62261K(62592K)->62261K(62592K) NonClass: 56727K(56960K)->56727K(56960K) Class: 5534K(5632K)->5534K(5632K)
[13913.194s][info][gc             ] GC(33554) Pause Young (Allocation Failure) 662M->585M(665M) 4.102ms
[13913.194s][info][gc,cpu         ] GC(33554) User=0.01s Sys=0.00s Real=0.01s
[13913.545s][info][gc,start       ] GC(33555) Pause Young (Allocation Failure)
[13913.549s][info][gc,heap        ] GC(33555) PSYoungGen: 82976K(83968K)->3040K(83968K) Eden: 80896K(80896K)->0K(80896K) From: 2080K(3072K)->3040K(3072K)
[13913.549s][info][gc,heap        ] GC(33555) ParOldGen: 597081K(597504K)->597297K(597504K)
[13913.549s][info][gc,metaspace   ] GC(33555) Metaspace: 62261K(62592K)->62261K(62592K) NonClass: 56727K(56960K)->56727K(56960K) Class: 5534K(5632K)->5534K(5632K)
[13913.549s][info][gc             ] GC(33555) Pause Young (Allocation Failure) 664M->586M(665M) 3.861ms
[13913.549s][info][gc,cpu         ] GC(33555) User=0.01s Sys=0.00s Real=0.00s
[13913.964s][info][gc,start       ] GC(33556) Pause Young (Allocation Failure)
[13913.968s][info][gc,heap        ] GC(33556) PSYoungGen: 83936K(83968K)->1312K(82944K) Eden: 80896K(80896K)->0K(79872K) From: 3040K(3072K)->1312K(3072K)
[13913.968s][info][gc,heap        ] GC(33556) ParOldGen: 597297K(597504K)->599417K(600576K)
[13913.968s][info][gc,metaspace   ] GC(33556) Metaspace: 62261K(62592K)->62261K(62592K) NonClass: 56727K(56960K)->56727K(56960K) Class: 5534K(5632K)->5534K(5632K)
[13913.969s][info][gc             ] GC(33556) Pause Young (Allocation Failure) 665M->586M(667M) 4.672ms
[13913.969s][info][gc,cpu         ] GC(33556) User=0.01s Sys=0.00s Real=0.00s
[13914.377s][info][gc,start       ] GC(33557) Pause Young (Allocation Failure)
[13914.381s][info][gc,heap        ] GC(33557) PSYoungGen: 81184K(82944K)->1536K(83456K) Eden: 79872K(79872K)->0K(79872K) From: 1312K(3072K)->1536K(3584K)
[13914.381s][info][gc,heap        ] GC(33557) ParOldGen: 599417K(600576K)->599481K(600576K)
[13914.381s][info][gc,metaspace   ] GC(33557) Metaspace: 62261K(62592K)->62261K(62592K) NonClass: 56727K(56960K)->56727K(56960K) Class: 5534K(5632K)->5534K(5632K)
[13914.381s][info][gc             ] GC(33557) Pause Young (Allocation Failure) 664M->586M(668M) 3.579ms
[13914.381s][info][gc,cpu         ] GC(33557) User=0.01s Sys=0.00s Real=0.00s
[13914.802s][info][gc,start       ] GC(33558) Pause Young (Allocation Failure)
[13914.804s][info][gc,heap        ] GC(33558) PSYoungGen: 81408K(83456K)->320K(83456K) Eden: 79872K(79872K)->0K(79872K) From: 1536K(3584K)->320K(3584K)
[13914.804s][info][gc,heap        ] GC(33558) ParOldGen: 599481K(600576K)->599553K(600576K)
[13914.804s][info][gc,metaspace   ] GC(33558) Metaspace: 62261K(62592K)->62261K(62592K) NonClass: 56727K(56960K)->56727K(56960K) Class: 5534K(5632K)->5534K(5632K)
[13914.804s][info][gc             ] GC(33558) Pause Young (Allocation Failure) 664M->585M(668M) 2.583ms
[13914.804s][info][gc,cpu         ] GC(33558) User=0.00s Sys=0.00s Real=0.00s
[13915.210s][info][gc,start       ] GC(33559) Pause Young (Allocation Failure)
[13915.213s][info][gc,heap        ] GC(33559) PSYoungGen: 80192K(83456K)->480K(83456K) Eden: 79872K(79872K)->0K(79872K) From: 320K(3584K)->480K(3584K)
[13915.213s][info][gc,heap        ] GC(33559) ParOldGen: 599553K(600576K)->599625K(600576K)
[13915.213s][info][gc,metaspace   ] GC(33559) Metaspace: 62261K(62592K)->62261K(62592K) NonClass: 56727K(56960K)->56727K(56960K) Class: 5534K(5632K)->5534K(5632K)
[13915.213s][info][gc             ] GC(33559) Pause Young (Allocation Failure) 663M->586M(668M) 2.735ms
[13915.213s][info][gc,cpu         ] GC(33559) User=0.00s Sys=0.00s Real=0.01s
[13915.559s][info][gc,start       ] GC(33560) Pause Young (Allocation Failure)
[13915.562s][info][gc,heap        ] GC(33560) PSYoungGen: 80352K(83456K)->1472K(83968K) Eden: 79872K(79872K)->0K(80896K) From: 480K(3584K)->1472K(3072K)
[13915.562s][info][gc,heap        ] GC(33560) ParOldGen: 599625K(600576K)->599697K(600576K)
[13915.562s][info][gc,metaspace   ] GC(33560) Metaspace: 62261K(62592K)->62261K(62592K) NonClass: 56727K(56960K)->56727K(56960K) Class: 5534K(5632K)->5534K(5632K)
[13915.562s][info][gc             ] GC(33560) Pause Young (Allocation Failure) 664M->587M(668M) 3.612ms
[13915.562s][info][gc,cpu         ] GC(33560) User=0.00s Sys=0.00s Real=0.01s
[13915.929s][info][gc,start       ] GC(33561) Pause Young (Allocation Failure)
[13915.932s][info][gc,heap        ] GC(33561) PSYoungGen: 82368K(83968K)->832K(83968K) Eden: 80896K(80896K)->0K(80896K) From: 1472K(3072K)->832K(3072K)
[13915.932s][info][gc,heap        ] GC(33561) ParOldGen: 599697K(600576K)->599769K(600576K)
[13915.932s][info][gc,metaspace   ] GC(33561) Metaspace: 62261K(62592K)->62261K(62592K) NonClass: 56727K(56960K)->56727K(56960K) Class: 5534K(5632K)->5534K(5632K)
[13915.932s][info][gc             ] GC(33561) Pause Young (Allocation Failure) 666M->586M(668M) 3.253ms
[13915.932s][info][gc,cpu         ] GC(33561) User=0.00s Sys=0.00s Real=0.01s
[13916.339s][info][gc,start       ] GC(33562) Pause Young (Allocation Failure)
[13916.342s][info][gc,heap        ] GC(33562) PSYoungGen: 81728K(83968K)->960K(83968K) Eden: 80896K(80896K)->0K(80896K) From: 832K(3072K)->960K(3072K)
[13916.342s][info][gc,heap        ] GC(33562) ParOldGen: 599769K(600576K)->599841K(600576K)
[13916.342s][info][gc,metaspace   ] GC(33562) Metaspace: 62261K(62592K)->62261K(62592K) NonClass: 56727K(56960K)->56727K(56960K) Class: 5534K(5632K)->5534K(5632K)
[13916.342s][info][gc             ] GC(33562) Pause Young (Allocation Failure) 665M->586M(668M) 3.061ms
[13916.342s][info][gc,cpu         ] GC(33562) User=0.01s Sys=0.00s Real=0.01s
[13916.760s][info][gc,start       ] GC(33563) Pause Young (Allocation Failure)
[13916.763s][info][gc,heap        ] GC(33563) PSYoungGen: 81856K(83968K)->1280K(83968K) Eden: 80896K(80896K)->0K(80896K) From: 960K(3072K)->1280K(3072K)
[13916.763s][info][gc,heap        ] GC(33563) ParOldGen: 599841K(600576K)->599905K(600576K)
[13916.763s][info][gc,metaspace   ] GC(33563) Metaspace: 62261K(62592K)->62261K(62592K) NonClass: 56727K(56960K)->56727K(56960K) Class: 5534K(5632K)->5534K(5632K)
[13916.763s][info][gc             ] GC(33563) Pause Young (Allocation Failure) 665M->587M(668M) 3.412ms
[13916.763s][info][gc,cpu         ] GC(33563) User=0.01s Sys=0.00s Real=0.01s
[13917.189s][info][gc,start       ] GC(33564) Pause Young (Allocation Failure)
[13917.193s][info][gc,heap        ] GC(33564) PSYoungGen: 82176K(83968K)->1824K(83968K) Eden: 80896K(80896K)->0K(80896K) From: 1280K(3072K)->1824K(3072K)
[13917.193s][info][gc,heap        ] GC(33564) ParOldGen: 599905K(600576K)->599969K(600576K)
[13917.193s][info][gc,metaspace   ] GC(33564) Metaspace: 62261K(62592K)->62261K(62592K) NonClass: 56727K(56960K)->56727K(56960K) Class: 5534K(5632K)->5534K(5632K)
[13917.193s][info][gc             ] GC(33564) Pause Young (Allocation Failure) 666M->587M(668M) 3.817ms
[13917.193s][info][gc,cpu         ] GC(33564) User=0.01s Sys=0.00s Real=0.01s
[13917.608s][info][gc,start       ] GC(33565) Pause Young (Allocation Failure)
[13917.610s][info][gc,heap        ] GC(33565) PSYoungGen: 82720K(83968K)->480K(83968K) Eden: 80896K(80896K)->0K(80896K) From: 1824K(3072K)->480K(3072K)
[13917.610s][info][gc,heap        ] GC(33565) ParOldGen: 599969K(600576K)->600033K(600576K)
[13917.610s][info][gc,metaspace   ] GC(33565) Metaspace: 62261K(62592K)->62261K(62592K) NonClass: 56727K(56960K)->56727K(56960K) Class: 5534K(5632K)->5534K(5632K)
[13917.610s][info][gc             ] GC(33565) Pause Young (Allocation Failure) 666M->586M(668M) 2.699ms
[13917.610s][info][gc,cpu         ] GC(33565) User=0.00s Sys=0.00s Real=0.00s
[13918.001s][info][gc,start       ] GC(33566) Pause Young (Allocation Failure)
[13918.005s][info][gc,heap        ] GC(33566) PSYoungGen: 81376K(83968K)->2400K(83968K) Eden: 80896K(80896K)->0K(80896K) From: 480K(3072K)->2400K(3072K)
[13918.005s][info][gc,heap        ] GC(33566) ParOldGen: 600033K(600576K)->601185K(602112K)
[13918.005s][info][gc,metaspace   ] GC(33566) Metaspace: 62261K(62592K)->62261K(62592K) NonClass: 56727K(56960K)->56727K(56960K) Class: 5534K(5632K)->5534K(5632K)
[13918.005s][info][gc             ] GC(33566) Pause Young (Allocation Failure) 665M->589M(670M) 3.487ms
[13918.005s][info][gc,cpu         ] GC(33566) User=0.01s Sys=0.00s Real=0.00s
[13918.403s][info][gc,start       ] GC(33567) Pause Young (Allocation Failure)
[13918.407s][info][gc,heap        ] GC(33567) PSYoungGen: 83296K(83968K)->384K(83968K) Eden: 80896K(80896K)->0K(80896K) From: 2400K(3072K)->384K(3072K)
[13918.407s][info][gc,heap        ] GC(33567) ParOldGen: 601185K(602112K)->603305K(603648K)
[13918.407s][info][gc,metaspace   ] GC(33567) Metaspace: 62261K(62592K)->62261K(62592K) NonClass: 56727K(56960K)->56727K(56960K) Class: 5534K(5632K)->5534K(5632K)
[13918.407s][info][gc             ] GC(33567) Pause Young (Allocation Failure) 668M->589M(671M) 3.812ms
[13918.407s][info][gc,cpu         ] GC(33567) User=0.00s Sys=0.00s Real=0.00s
[13918.789s][info][gc,start       ] GC(33568) Pause Young (Allocation Failure)
[13918.793s][info][gc,heap        ] GC(33568) PSYoungGen: 81280K(83968K)->1984K(82944K) Eden: 80896K(80896K)->0K(79872K) From: 384K(3072K)->1984K(3072K)
[13918.793s][info][gc,heap        ] GC(33568) ParOldGen: 603305K(603648K)->603369K(603648K)
[13918.793s][info][gc,metaspace   ] GC(33568) Metaspace: 62261K(62592K)->62261K(62592K) NonClass: 56727K(56960K)->56727K(56960K) Class: 5534K(5632K)->5534K(5632K)
[13918.793s][info][gc             ] GC(33568) Pause Young (Allocation Failure) 668M->591M(670M) 3.951ms
[13918.793s][info][gc,cpu         ] GC(33568) User=0.01s Sys=0.00s Real=0.01s
[13919.151s][info][gc,start       ] GC(33569) Pause Young (Allocation Failure)
[13919.155s][info][gc,heap        ] GC(33569) PSYoungGen: 81856K(82944K)->1184K(83456K) Eden: 79872K(79872K)->0K(79872K) From: 1984K(3072K)->1184K(3584K)
[13919.155s][info][gc,heap        ] GC(33569) ParOldGen: 603369K(603648K)->603441K(603648K)
[13919.155s][info][gc,metaspace   ] GC(33569) Metaspace: 62261K(62592K)->62261K(62592K) NonClass: 56727K(56960K)->56727K(56960K) Class: 5534K(5632K)->5534K(5632K)
[13919.155s][info][gc             ] GC(33569) Pause Young (Allocation Failure) 669M->590M(671M) 3.318ms
[13919.155s][info][gc,cpu         ] GC(33569) User=0.01s Sys=0.00s Real=0.00s
[13919.551s][info][gc,start       ] GC(33570) Pause Young (Allocation Failure)
[13919.555s][info][gc,heap        ] GC(33570) PSYoungGen: 81056K(83456K)->1184K(83968K) Eden: 79872K(79872K)->0K(80896K) From: 1184K(3584K)->1184K(3072K)
[13919.555s][info][gc,heap        ] GC(33570) ParOldGen: 603441K(603648K)->603513K(603648K)
[13919.555s][info][gc,metaspace   ] GC(33570) Metaspace: 62261K(62592K)->62261K(62592K) NonClass: 56727K(56960K)->56727K(56960K) Class: 5534K(5632K)->5534K(5632K)
[13919.555s][info][gc             ] GC(33570) Pause Young (Allocation Failure) 668M->590M(671M) 3.476ms
[13919.555s][info][gc,cpu         ] GC(33570) User=0.00s Sys=0.00s Real=0.00s
[13919.933s][info][gc,start       ] GC(33571) Pause Young (Allocation Failure)
[13919.936s][info][gc,heap        ] GC(33571) PSYoungGen: 82080K(83968K)->896K(83968K) Eden: 80896K(80896K)->0K(80896K) From: 1184K(3072K)->896K(3072K)
[13919.936s][info][gc,heap        ] GC(33571) ParOldGen: 603513K(603648K)->603585K(603648K)
[13919.936s][info][gc,metaspace   ] GC(33571) Metaspace: 62261K(62592K)->62261K(62592K) NonClass: 56727K(56960K)->56727K(56960K) Class: 5534K(5632K)->5534K(5632K)
[13919.936s][info][gc             ] GC(33571) Pause Young (Allocation Failure) 669M->590M(671M) 3.044ms
[13919.936s][info][gc,cpu         ] GC(33571) User=0.01s Sys=0.00s Real=0.00s
[13920.345s][info][gc,start       ] GC(33572) Pause Young (Allocation Failure)
[13920.348s][info][gc,heap        ] GC(33572) PSYoungGen: 81792K(83968K)->1024K(83968K) Eden: 80896K(80896K)->0K(80896K) From: 896K(3072K)->1024K(3072K)
[13920.348s][info][gc,heap        ] GC(33572) ParOldGen: 603585K(603648K)->603657K(604160K)
[13920.348s][info][gc,metaspace   ] GC(33572) Metaspace: 62261K(62592K)->62261K(62592K) NonClass: 56727K(56960K)->56727K(56960K) Class: 5534K(5632K)->5534K(5632K)
[13920.348s][info][gc             ] GC(33572) Pause Young (Allocation Failure) 669M->590M(672M) 3.179ms
[13920.348s][info][gc,cpu         ] GC(33572) User=0.01s Sys=0.00s Real=0.00s
[13920.753s][info][gc,start       ] GC(33573) Pause Young (Allocation Failure)
[13920.757s][info][gc,heap        ] GC(33573) PSYoungGen: 81920K(83968K)->1152K(83968K) Eden: 80896K(80896K)->0K(80896K) From: 1024K(3072K)->1152K(3072K)
[13920.757s][info][gc,heap        ] GC(33573) ParOldGen: 603657K(604160K)->603729K(604160K)
[13920.757s][info][gc,metaspace   ] GC(33573) Metaspace: 62261K(62592K)->62261K(62592K) NonClass: 56727K(56960K)->56727K(56960K) Class: 5534K(5632K)->5534K(5632K)
[13920.757s][info][gc             ] GC(33573) Pause Young (Allocation Failure) 669M->590M(672M) 3.420ms
[13920.757s][info][gc,cpu         ] GC(33573) User=0.00s Sys=0.00s Real=0.00s
[13921.159s][info][gc,start       ] GC(33574) Pause Young (Allocation Failure)
[13921.162s][info][gc,heap        ] GC(33574) PSYoungGen: 82048K(83968K)->1280K(84480K) Eden: 80896K(80896K)->0K(81920K) From: 1152K(3072K)->1280K(2560K)
[13921.162s][info][gc,heap        ] GC(33574) ParOldGen: 603729K(604160K)->603801K(604160K)
[13921.162s][info][gc,metaspace   ] GC(33574) Metaspace: 62261K(62592K)->62261K(62592K) NonClass: 56727K(56960K)->56727K(56960K) Class: 5534K(5632K)->5534K(5632K)
[13921.162s][info][gc             ] GC(33574) Pause Young (Allocation Failure) 669M->590M(672M) 3.369ms
[13921.162s][info][gc,cpu         ] GC(33574) User=0.01s Sys=0.00s Real=0.01s
[13921.581s][info][gc,start       ] GC(33575) Pause Young (Allocation Failure)
[13921.585s][info][gc,heap        ] GC(33575) PSYoungGen: 83200K(84480K)->1472K(84480K) Eden: 81920K(81920K)->0K(81920K) From: 1280K(2560K)->1472K(2560K)
[13921.585s][info][gc,heap        ] GC(33575) ParOldGen: 603801K(604160K)->603873K(604160K)
[13921.585s][info][gc,metaspace   ] GC(33575) Metaspace: 62261K(62592K)->62261K(62592K) NonClass: 56727K(56960K)->56727K(56960K) Class: 5534K(5632K)->5534K(5632K)
[13921.585s][info][gc             ] GC(33575) Pause Young (Allocation Failure) 670M->591M(672M) 3.821ms
[13921.585s][info][gc,cpu         ] GC(33575) User=0.01s Sys=0.00s Real=0.00s
[13921.999s][info][gc,start       ] GC(33576) Pause Young (Allocation Failure)
[13922.001s][info][gc,heap        ] GC(33576) PSYoungGen: 83392K(84480K)->288K(84480K) Eden: 81920K(81920K)->0K(81920K) From: 1472K(2560K)->288K(2560K)
[13922.001s][info][gc,heap        ] GC(33576) ParOldGen: 603873K(604160K)->603937K(604160K)
[13922.001s][info][gc,metaspace   ] GC(33576) Metaspace: 62261K(62592K)->62261K(62592K) NonClass: 56727K(56960K)->56727K(56960K) Class: 5534K(5632K)->5534K(5632K)
[13922.001s][info][gc             ] GC(33576) Pause Young (Allocation Failure) 671M->590M(672M) 2.597ms
[13922.001s][info][gc,cpu         ] GC(33576) User=0.01s Sys=0.00s Real=0.01s
[13922.404s][info][gc,start       ] GC(33577) Pause Young (Allocation Failure)
[13922.407s][info][gc,heap        ] GC(33577) PSYoungGen: 82208K(84480K)->416K(84480K) Eden: 81920K(81920K)->0K(81920K) From: 288K(2560K)->416K(2560K)
[13922.407s][info][gc,heap        ] GC(33577) ParOldGen: 603937K(604160K)->604001K(604160K)
[13922.407s][info][gc,metaspace   ] GC(33577) Metaspace: 62261K(62592K)->62261K(62592K) NonClass: 56727K(56960K)->56727K(56960K) Class: 5534K(5632K)->5534K(5632K)
[13922.407s][info][gc             ] GC(33577) Pause Young (Allocation Failure) 670M->590M(672M) 2.693ms
[13922.407s][info][gc,cpu         ] GC(33577) User=0.00s Sys=0.00s Real=0.00s
[13922.833s][info][gc,start       ] GC(33578) Pause Young (Allocation Failure)
[13922.836s][info][gc,heap        ] GC(33578) PSYoungGen: 82336K(84480K)->768K(84480K) Eden: 81920K(81920K)->0K(81920K) From: 416K(2560K)->768K(2560K)
[13922.836s][info][gc,heap        ] GC(33578) ParOldGen: 604001K(604160K)->604065K(604160K)
[13922.836s][info][gc,metaspace   ] GC(33578) Metaspace: 62261K(62592K)->62261K(62592K) NonClass: 56727K(56960K)->56727K(56960K) Class: 5534K(5632K)->5534K(5632K)
[13922.836s][info][gc             ] GC(33578) Pause Young (Allocation Failure) 670M->590M(672M) 2.994ms
[13922.836s][info][gc,cpu         ] GC(33578) User=0.00s Sys=0.01s Real=0.00s
[13923.213s][info][gc,start       ] GC(33579) Pause Young (Allocation Failure)
[13923.216s][info][gc,heap        ] GC(33579) PSYoungGen: 82688K(84480K)->544K(84480K) Eden: 81920K(81920K)->0K(81920K) From: 768K(2560K)->544K(2560K)
[13923.216s][info][gc,heap        ] GC(33579) ParOldGen: 604065K(604160K)->604137K(604160K)
[13923.216s][info][gc,metaspace   ] GC(33579) Metaspace: 62261K(62592K)->62261K(62592K) NonClass: 56727K(56960K)->56727K(56960K) Class: 5534K(5632K)->5534K(5632K)
[13923.216s][info][gc             ] GC(33579) Pause Young (Allocation Failure) 670M->590M(672M) 2.811ms
[13923.216s][info][gc,cpu         ] GC(33579) User=0.01s Sys=0.00s Real=0.00s
[13923.589s][info][gc,start       ] GC(33580) Pause Young (Allocation Failure)
[13923.593s][info][gc,heap        ] GC(33580) PSYoungGen: 82464K(84480K)->1920K(84480K) Eden: 81920K(81920K)->0K(81920K) From: 544K(2560K)->1920K(2560K)
[13923.593s][info][gc,heap        ] GC(33580) ParOldGen: 604137K(604160K)->604209K(604672K)
[13923.593s][info][gc,metaspace   ] GC(33580) Metaspace: 62261K(62592K)->62261K(62592K) NonClass: 56727K(56960K)->56727K(56960K) Class: 5534K(5632K)->5534K(5632K)
[13923.593s][info][gc             ] GC(33580) Pause Young (Allocation Failure) 670M->591M(673M) 3.947ms
[13923.593s][info][gc,cpu         ] GC(33580) User=0.01s Sys=0.00s Real=0.01s
[13923.986s][info][gc,start       ] GC(33581) Pause Young (Allocation Failure)
[13923.990s][info][gc,heap        ] GC(33581) PSYoungGen: 83840K(84480K)->1824K(83968K) Eden: 81920K(81920K)->0K(81920K) From: 1920K(2560K)->1824K(2048K)
[13923.990s][info][gc,heap        ] GC(33581) ParOldGen: 604209K(604672K)->604273K(604672K)
[13923.990s][info][gc,metaspace   ] GC(33581) Metaspace: 62261K(62592K)->62261K(62592K) NonClass: 56727K(56960K)->56727K(56960K) Class: 5534K(5632K)->5534K(5632K)
[13923.990s][info][gc             ] GC(33581) Pause Young (Allocation Failure) 671M->591M(672M) 3.859ms
[13923.990s][info][gc,cpu         ] GC(33581) User=0.00s Sys=0.00s Real=0.00s
[13924.356s][info][gc,start       ] GC(33582) Pause Young (Allocation Failure)
[13924.359s][info][gc,heap        ] GC(33582) PSYoungGen: 83744K(83968K)->1312K(84480K) Eden: 81920K(81920K)->0K(81408K) From: 1824K(2048K)->1312K(3072K)
[13924.359s][info][gc,heap        ] GC(33582) ParOldGen: 604273K(604672K)->604345K(604672K)
[13924.359s][info][gc,metaspace   ] GC(33582) Metaspace: 62261K(62592K)->62261K(62592K) NonClass: 56727K(56960K)->56727K(56960K) Class: 5534K(5632K)->5534K(5632K)
[13924.359s][info][gc             ] GC(33582) Pause Young (Allocation Failure) 671M->591M(673M) 3.548ms
[13924.359s][info][gc,cpu         ] GC(33582) User=0.01s Sys=0.00s Real=0.00s
[13924.731s][info][gc,start       ] GC(33583) Pause Young (Allocation Failure)
[13924.734s][info][gc,heap        ] GC(33583) PSYoungGen: 82720K(84480K)->768K(83968K) Eden: 81408K(81408K)->0K(81408K) From: 1312K(3072K)->768K(2560K)
[13924.734s][info][gc,heap        ] GC(33583) ParOldGen: 604345K(604672K)->604409K(604672K)
[13924.734s][info][gc,metaspace   ] GC(33583) Metaspace: 62261K(62592K)->62261K(62592K) NonClass: 56727K(56960K)->56727K(56960K) Class: 5534K(5632K)->5534K(5632K)
[13924.734s][info][gc             ] GC(33583) Pause Young (Allocation Failure) 670M->590M(672M) 2.888ms
[13924.734s][info][gc,cpu         ] GC(33583) User=0.00s Sys=0.00s Real=0.00s
[13925.174s][info][gc,start       ] GC(33584) Pause Young (Allocation Failure)
[13925.178s][info][gc,heap        ] GC(33584) PSYoungGen: 82176K(83968K)->1472K(84480K) Eden: 81408K(81408K)->0K(81920K) From: 768K(2560K)->1472K(2560K)
[13925.178s][info][gc,heap        ] GC(33584) ParOldGen: 604409K(604672K)->604481K(604672K)
[13925.178s][info][gc,metaspace   ] GC(33584) Metaspace: 62261K(62592K)->62261K(62592K) NonClass: 56727K(56960K)->56727K(56960K) Class: 5534K(5632K)->5534K(5632K)
[13925.178s][info][gc             ] GC(33584) Pause Young (Allocation Failure) 670M->591M(673M) 3.600ms
[13925.178s][info][gc,cpu         ] GC(33584) User=0.01s Sys=0.00s Real=0.00s
[13925.574s][info][gc,start       ] GC(33585) Pause Young (Allocation Failure)
[13925.578s][info][gc,heap        ] GC(33585) PSYoungGen: 83392K(84480K)->1568K(84480K) Eden: 81920K(81920K)->0K(81920K) From: 1472K(2560K)->1568K(2560K)
[13925.578s][info][gc,heap        ] GC(33585) ParOldGen: 604481K(604672K)->604601K(604672K)
[13925.578s][info][gc,metaspace   ] GC(33585) Metaspace: 62261K(62592K)->62261K(62592K) NonClass: 56727K(56960K)->56727K(56960K) Class: 5534K(5632K)->5534K(5632K)
[13925.578s][info][gc             ] GC(33585) Pause Young (Allocation Failure) 671M->591M(673M) 3.893ms
[13925.578s][info][gc,cpu         ] GC(33585) User=0.01s Sys=0.00s Real=0.00s
[13925.966s][info][gc,start       ] GC(33586) Pause Young (Allocation Failure)
[13925.970s][info][gc,heap        ] GC(33586) PSYoungGen: 83488K(84480K)->1408K(84480K) Eden: 81920K(81920K)->0K(81920K) From: 1568K(2560K)->1408K(2560K)
[13925.970s][info][gc,heap        ] GC(33586) ParOldGen: 604601K(604672K)->604673K(605184K)
[13925.970s][info][gc,metaspace   ] GC(33586) Metaspace: 62261K(62592K)->62261K(62592K) NonClass: 56727K(56960K)->56727K(56960K) Class: 5534K(5632K)->5534K(5632K)
[13925.970s][info][gc             ] GC(33586) Pause Young (Allocation Failure) 671M->591M(673M) 3.562ms
[13925.970s][info][gc,cpu         ] GC(33586) User=0.01s Sys=0.00s Real=0.00s
[13926.372s][info][gc,start       ] GC(33587) Pause Young (Allocation Failure)
[13926.376s][info][gc,heap        ] GC(33587) PSYoungGen: 83328K(84480K)->1440K(84480K) Eden: 81920K(81920K)->0K(81920K) From: 1408K(2560K)->1440K(2560K)
[13926.376s][info][gc,heap        ] GC(33587) ParOldGen: 604673K(605184K)->604737K(605184K)
[13926.376s][info][gc,metaspace   ] GC(33587) Metaspace: 62261K(62592K)->62261K(62592K) NonClass: 56727K(56960K)->56727K(56960K) Class: 5534K(5632K)->5534K(5632K)
[13926.376s][info][gc             ] GC(33587) Pause Young (Allocation Failure) 671M->591M(673M) 3.453ms
[13926.376s][info][gc,cpu         ] GC(33587) User=0.01s Sys=0.00s Real=0.00s
[13926.745s][info][gc,start       ] GC(33588) Pause Young (Allocation Failure)
[13926.749s][info][gc,heap        ] GC(33588) PSYoungGen: 83360K(84480K)->1120K(84480K) Eden: 81920K(81920K)->0K(81920K) From: 1440K(2560K)->1120K(2560K)
[13926.749s][info][gc,heap        ] GC(33588) ParOldGen: 604737K(605184K)->604809K(605184K)
[13926.749s][info][gc,metaspace   ] GC(33588) Metaspace: 62261K(62592K)->62261K(62592K) NonClass: 56727K(56960K)->56727K(56960K) Class: 5534K(5632K)->5534K(5632K)
[13926.749s][info][gc             ] GC(33588) Pause Young (Allocation Failure) 671M->591M(673M) 3.295ms
[13926.749s][info][gc,cpu         ] GC(33588) User=0.01s Sys=0.00s Real=0.00s
[13927.116s][info][gc,start       ] GC(33589) Pause Young (Allocation Failure)
[13927.119s][info][gc,heap        ] GC(33589) PSYoungGen: 83040K(84480K)->2528K(84480K) Eden: 81920K(81920K)->0K(81920K) From: 1120K(2560K)->2528K(2560K)
[13927.119s][info][gc,heap        ] GC(33589) ParOldGen: 604809K(605184K)->604977K(605184K)
[13927.119s][info][gc,metaspace   ] GC(33589) Metaspace: 62261K(62592K)->62261K(62592K) NonClass: 56727K(56960K)->56727K(56960K) Class: 5534K(5632K)->5534K(5632K)
[13927.119s][info][gc             ] GC(33589) Pause Young (Allocation Failure) 671M->593M(673M) 3.226ms
[13927.119s][info][gc,cpu         ] GC(33589) User=0.00s Sys=0.00s Real=0.00s
[13927.495s][info][gc,start       ] GC(33590) Pause Young (Allocation Failure)
[13927.499s][info][gc,heap        ] GC(33590) PSYoungGen: 84448K(84480K)->224K(83456K) Eden: 81920K(81920K)->0K(80896K) From: 2528K(2560K)->224K(2560K)
[13927.499s][info][gc,heap        ] GC(33590) ParOldGen: 604977K(605184K)->607089K(608256K)
[13927.499s][info][gc,metaspace   ] GC(33590) Metaspace: 62261K(62592K)->62261K(62592K) NonClass: 56727K(56960K)->56727K(56960K) Class: 5534K(5632K)->5534K(5632K)
[13927.499s][info][gc             ] GC(33590) Pause Young (Allocation Failure) 673M->593M(675M) 3.585ms
[13927.499s][info][gc,cpu         ] GC(33590) User=0.01s Sys=0.00s Real=0.00s
[13927.865s][info][gc,start       ] GC(33591) Pause Young (Allocation Failure)
[13927.868s][info][gc,heap        ] GC(33591) PSYoungGen: 81120K(83456K)->1472K(83968K) Eden: 80896K(80896K)->0K(80896K) From: 224K(2560K)->1472K(3072K)
[13927.868s][info][gc,heap        ] GC(33591) ParOldGen: 607089K(608256K)->607161K(608256K)
[13927.868s][info][gc,metaspace   ] GC(33591) Metaspace: 62261K(62592K)->62261K(62592K) NonClass: 56727K(56960K)->56727K(56960K) Class: 5534K(5632K)->5534K(5632K)
[13927.868s][info][gc             ] GC(33591) Pause Young (Allocation Failure) 672M->594M(676M) 3.564ms
[13927.868s][info][gc,cpu         ] GC(33591) User=0.01s Sys=0.00s Real=0.00s
[13928.232s][info][gc,start       ] GC(33592) Pause Young (Allocation Failure)
[13928.235s][info][gc,heap        ] GC(33592) PSYoungGen: 82368K(83968K)->960K(83968K) Eden: 80896K(80896K)->0K(80896K) From: 1472K(3072K)->960K(3072K)
[13928.235s][info][gc,heap        ] GC(33592) ParOldGen: 607161K(608256K)->607233K(608256K)
[13928.235s][info][gc,metaspace   ] GC(33592) Metaspace: 62261K(62592K)->62261K(62592K) NonClass: 56727K(56960K)->56727K(56960K) Class: 5534K(5632K)->5534K(5632K)
[13928.235s][info][gc             ] GC(33592) Pause Young (Allocation Failure) 673M->593M(676M) 3.078ms
[13928.235s][info][gc,cpu         ] GC(33592) User=0.01s Sys=0.00s Real=0.00s
[13928.598s][info][gc,start       ] GC(33593) Pause Young (Allocation Failure)
[13928.601s][info][gc,heap        ] GC(33593) PSYoungGen: 81856K(83968K)->288K(83968K) Eden: 80896K(80896K)->0K(80896K) From: 960K(3072K)->288K(3072K)
[13928.601s][info][gc,heap        ] GC(33593) ParOldGen: 607233K(608256K)->607305K(608256K)
[13928.601s][info][gc,metaspace   ] GC(33593) Metaspace: 62261K(62592K)->62261K(62592K) NonClass: 56727K(56960K)->56727K(56960K) Class: 5534K(5632K)->5534K(5632K)
[13928.601s][info][gc             ] GC(33593) Pause Young (Allocation Failure) 672M->593M(676M) 2.548ms
[13928.601s][info][gc,cpu         ] GC(33593) User=0.01s Sys=0.00s Real=0.00s
[13928.954s][info][gc,start       ] GC(33594) Pause Young (Allocation Failure)
[13928.957s][info][gc,heap        ] GC(33594) PSYoungGen: 81184K(83968K)->1312K(84480K) Eden: 80896K(80896K)->0K(81408K) From: 288K(3072K)->1312K(3072K)
[13928.957s][info][gc,heap        ] GC(33594) ParOldGen: 607305K(608256K)->607377K(608256K)
[13928.957s][info][gc,metaspace   ] GC(33594) Metaspace: 62261K(62592K)->62261K(62592K) NonClass: 56727K(56960K)->56727K(56960K) Class: 5534K(5632K)->5534K(5632K)
[13928.957s][info][gc             ] GC(33594) Pause Young (Allocation Failure) 672M->594M(676M) 3.437ms
[13928.957s][info][gc,cpu         ] GC(33594) User=0.01s Sys=0.00s Real=0.00s
[13929.330s][info][gc,start       ] GC(33595) Pause Young (Allocation Failure)
[13929.333s][info][gc,heap        ] GC(33595) PSYoungGen: 82720K(84480K)->864K(83968K) Eden: 81408K(81408K)->0K(81408K) From: 1312K(3072K)->864K(2560K)
[13929.333s][info][gc,heap        ] GC(33595) ParOldGen: 607377K(608256K)->607449K(608256K)
[13929.333s][info][gc,metaspace   ] GC(33595) Metaspace: 62261K(62592K)->62261K(62592K) NonClass: 56727K(56960K)->56727K(56960K) Class: 5534K(5632K)->5534K(5632K)
[13929.333s][info][gc             ] GC(33595) Pause Young (Allocation Failure) 673M->594M(676M) 2.980ms
[13929.333s][info][gc,cpu         ] GC(33595) User=0.01s Sys=0.00s Real=0.01s
[13929.690s][info][gc,start       ] GC(33596) Pause Young (Allocation Failure)
[13929.694s][info][gc,heap        ] GC(33596) PSYoungGen: 82272K(83968K)->2016K(83456K) Eden: 81408K(81408K)->0K(80896K) From: 864K(2560K)->2016K(2560K)
[13929.694s][info][gc,heap        ] GC(33596) ParOldGen: 607449K(608256K)->607521K(608256K)
[13929.694s][info][gc,metaspace   ] GC(33596) Metaspace: 62261K(62592K)->62261K(62592K) NonClass: 56727K(56960K)->56727K(56960K) Class: 5534K(5632K)->5534K(5632K)
[13929.694s][info][gc             ] GC(33596) Pause Young (Allocation Failure) 673M->595M(675M) 3.969ms
[13929.694s][info][gc,cpu         ] GC(33596) User=0.01s Sys=0.00s Real=0.01s
[13930.073s][info][gc,start       ] GC(33597) Pause Young (Allocation Failure)
[13930.077s][info][gc,heap        ] GC(33597) PSYoungGen: 82912K(83456K)->1472K(83968K) Eden: 80896K(80896K)->0K(80896K) From: 2016K(2560K)->1472K(3072K)
[13930.077s][info][gc,heap        ] GC(33597) ParOldGen: 607521K(608256K)->607593K(608256K)
[13930.077s][info][gc,metaspace   ] GC(33597) Metaspace: 62261K(62592K)->62261K(62592K) NonClass: 56727K(56960K)->56727K(56960K) Class: 5534K(5632K)->5534K(5632K)
[13930.077s][info][gc             ] GC(33597) Pause Young (Allocation Failure) 674M->594M(676M) 3.552ms
[13930.077s][info][gc,cpu         ] GC(33597) User=0.00s Sys=0.00s Real=0.00s
[13930.473s][info][gc,start       ] GC(33598) Pause Young (Allocation Failure)
[13930.476s][info][gc,heap        ] GC(33598) PSYoungGen: 82368K(83968K)->1472K(84480K) Eden: 80896K(80896K)->0K(81408K) From: 1472K(3072K)->1472K(3072K)
[13930.476s][info][gc,heap        ] GC(33598) ParOldGen: 607593K(608256K)->607657K(608256K)
[13930.476s][info][gc,metaspace   ] GC(33598) Metaspace: 62261K(62592K)->62261K(62592K) NonClass: 56727K(56960K)->56727K(56960K) Class: 5534K(5632K)->5534K(5632K)
[13930.476s][info][gc             ] GC(33598) Pause Young (Allocation Failure) 673M->594M(676M) 3.584ms
[13930.476s][info][gc,cpu         ] GC(33598) User=0.01s Sys=0.00s Real=0.00s
[13930.914s][info][gc,start       ] GC(33599) Pause Young (Allocation Failure)
[13930.916s][info][gc,heap        ] GC(33599) PSYoungGen: 82880K(84480K)->480K(83968K) Eden: 81408K(81408K)->0K(81408K) From: 1472K(3072K)->480K(2560K)
[13930.916s][info][gc,heap        ] GC(33599) ParOldGen: 607657K(608256K)->607729K(608256K)
[13930.916s][info][gc,metaspace   ] GC(33599) Metaspace: 62261K(62592K)->62261K(62592K) NonClass: 56727K(56960K)->56727K(56960K) Class: 5534K(5632K)->5534K(5632K)
[13930.917s][info][gc             ] GC(33599) Pause Young (Allocation Failure) 674M->593M(676M) 2.774ms
[13930.917s][info][gc,cpu         ] GC(33599) User=0.01s Sys=0.00s Real=0.00s
[13931.334s][info][gc,start       ] GC(33600) Pause Young (Allocation Failure)
[13931.337s][info][gc,heap        ] GC(33600) PSYoungGen: 81888K(83968K)->896K(84480K) Eden: 81408K(81408K)->0K(81408K) From: 480K(2560K)->896K(3072K)
[13931.337s][info][gc,heap        ] GC(33600) ParOldGen: 607729K(608256K)->607801K(608256K)
[13931.337s][info][gc,metaspace   ] GC(33600) Metaspace: 62261K(62592K)->62261K(62592K) NonClass: 56727K(56960K)->56727K(56960K) Class: 5534K(5632K)->5534K(5632K)
[13931.337s][info][gc             ] GC(33600) Pause Young (Allocation Failure) 673M->594M(676M) 3.138ms
[13931.337s][info][gc,cpu         ] GC(33600) User=0.01s Sys=0.00s Real=0.00s
[13931.709s][info][gc,start       ] GC(33601) Pause Young (Allocation Failure)
[13931.712s][info][gc,heap        ] GC(33601) PSYoungGen: 82304K(84480K)->2528K(83968K) Eden: 81408K(81408K)->0K(81408K) From: 896K(3072K)->2528K(2560K)
[13931.712s][info][gc,heap        ] GC(33601) ParOldGen: 607801K(608256K)->607873K(608256K)
[13931.712s][info][gc,metaspace   ] GC(33601) Metaspace: 62261K(62592K)->62261K(62592K) NonClass: 56727K(56960K)->56727K(56960K) Class: 5534K(5632K)->5534K(5632K)
[13931.712s][info][gc             ] GC(33601) Pause Young (Allocation Failure) 673M->596M(676M) 3.040ms
[13931.712s][info][gc,cpu         ] GC(33601) User=0.00s Sys=0.00s Real=0.01s
[13932.163s][info][gc,start       ] GC(33602) Pause Young (Allocation Failure)
[13932.168s][info][gc,heap        ] GC(33602) PSYoungGen: 83936K(83968K)->1376K(83968K) Eden: 81408K(81408K)->0K(80896K) From: 2528K(2560K)->1376K(3072K)
[13932.168s][info][gc,heap        ] GC(33602) ParOldGen: 607873K(608256K)->609993K(611328K)
[13932.168s][info][gc,metaspace   ] GC(33602) Metaspace: 62261K(62592K)->62261K(62592K) NonClass: 56727K(56960K)->56727K(56960K) Class: 5534K(5632K)->5534K(5632K)
[13932.168s][info][gc             ] GC(33602) Pause Young (Allocation Failure) 675M->597M(679M) 4.685ms
[13932.168s][info][gc,cpu         ] GC(33602) User=0.01s Sys=0.00s Real=0.00s
[13932.565s][info][gc,start       ] GC(33603) Pause Young (Allocation Failure)
[13932.569s][info][gc,heap        ] GC(33603) PSYoungGen: 82272K(83968K)->1376K(83968K) Eden: 80896K(80896K)->0K(80896K) From: 1376K(3072K)->1376K(3072K)
[13932.569s][info][gc,heap        ] GC(33603) ParOldGen: 609993K(611328K)->610113K(611328K)
[13932.569s][info][gc,metaspace   ] GC(33603) Metaspace: 62261K(62592K)->62261K(62592K) NonClass: 56727K(56960K)->56727K(56960K) Class: 5534K(5632K)->5534K(5632K)
[13932.569s][info][gc             ] GC(33603) Pause Young (Allocation Failure) 676M->597M(679M) 3.569ms
[13932.569s][info][gc,cpu         ] GC(33603) User=0.01s Sys=0.00s Real=0.00s
[13932.974s][info][gc,start       ] GC(33604) Pause Young (Allocation Failure)
[13932.978s][info][gc,heap        ] GC(33604) PSYoungGen: 82272K(83968K)->1472K(84480K) Eden: 80896K(80896K)->0K(81408K) From: 1376K(3072K)->1472K(3072K)
[13932.978s][info][gc,heap        ] GC(33604) ParOldGen: 610113K(611328K)->610185K(611328K)
[13932.978s][info][gc,metaspace   ] GC(33604) Metaspace: 62261K(62592K)->62261K(62592K) NonClass: 56727K(56960K)->56727K(56960K) Class: 5534K(5632K)->5534K(5632K)
[13932.978s][info][gc             ] GC(33604) Pause Young (Allocation Failure) 676M->597M(679M) 3.524ms
[13932.978s][info][gc,cpu         ] GC(33604) User=0.01s Sys=0.00s Real=0.00s
[13933.385s][info][gc,start       ] GC(33605) Pause Young (Allocation Failure)
[13933.389s][info][gc,heap        ] GC(33605) PSYoungGen: 82880K(84480K)->1664K(83968K) Eden: 81408K(81408K)->0K(81408K) From: 1472K(3072K)->1664K(2560K)
[13933.389s][info][gc,heap        ] GC(33605) ParOldGen: 610185K(611328K)->610249K(611328K)
[13933.389s][info][gc,metaspace   ] GC(33605) Metaspace: 62261K(62592K)->62261K(62592K) NonClass: 56727K(56960K)->56727K(56960K) Class: 5534K(5632K)->5534K(5632K)
[13933.389s][info][gc             ] GC(33605) Pause Young (Allocation Failure) 676M->597M(679M) 3.768ms
[13933.389s][info][gc,cpu         ] GC(33605) User=0.00s Sys=0.00s Real=0.00s
[13933.758s][info][gc,start       ] GC(33606) Pause Young (Allocation Failure)
[13933.761s][info][gc,heap        ] GC(33606) PSYoungGen: 83072K(83968K)->1184K(84480K) Eden: 81408K(81408K)->0K(81920K) From: 1664K(2560K)->1184K(2560K)
[13933.761s][info][gc,heap        ] GC(33606) ParOldGen: 610249K(611328K)->610313K(611328K)
[13933.761s][info][gc,metaspace   ] GC(33606) Metaspace: 62261K(62592K)->62261K(62592K) NonClass: 56727K(56960K)->56727K(56960K) Class: 5534K(5632K)->5534K(5632K)
[13933.761s][info][gc             ] GC(33606) Pause Young (Allocation Failure) 677M->597M(679M) 3.330ms
[13933.761s][info][gc,cpu         ] GC(33606) User=0.00s Sys=0.00s Real=0.01s
[13934.175s][info][gc,start       ] GC(33607) Pause Young (Allocation Failure)
[13934.178s][info][gc,heap        ] GC(33607) PSYoungGen: 83104K(84480K)->1632K(84480K) Eden: 81920K(81920K)->0K(81920K) From: 1184K(2560K)->1632K(2560K)
[13934.178s][info][gc,heap        ] GC(33607) ParOldGen: 610313K(611328K)->610377K(611328K)
[13934.178s][info][gc,metaspace   ] GC(33607) Metaspace: 62261K(62592K)->62261K(62592K) NonClass: 56727K(56960K)->56727K(56960K) Class: 5534K(5632K)->5534K(5632K)
[13934.178s][info][gc             ] GC(33607) Pause Young (Allocation Failure) 677M->597M(679M) 3.699ms
[13934.178s][info][gc,cpu         ] GC(33607) User=0.01s Sys=0.00s Real=0.00s
[13934.542s][info][gc,start       ] GC(33608) Pause Young (Allocation Failure)
[13934.545s][info][gc,heap        ] GC(33608) PSYoungGen: 83552K(84480K)->1120K(84480K) Eden: 81920K(81920K)->0K(81920K) From: 1632K(2560K)->1120K(2560K)
[13934.545s][info][gc,heap        ] GC(33608) ParOldGen: 610377K(611328K)->610449K(611328K)
[13934.545s][info][gc,metaspace   ] GC(33608) Metaspace: 62261K(62592K)->62261K(62592K) NonClass: 56727K(56960K)->56727K(56960K) Class: 5534K(5632K)->5534K(5632K)
[13934.545s][info][gc             ] GC(33608) Pause Young (Allocation Failure) 677M->597M(679M) 3.322ms
[13934.545s][info][gc,cpu         ] GC(33608) User=0.00s Sys=0.00s Real=0.00s
[13934.950s][info][gc,start       ] GC(33609) Pause Young (Allocation Failure)
[13934.953s][info][gc,heap        ] GC(33609) PSYoungGen: 83040K(84480K)->1088K(84480K) Eden: 81920K(81920K)->0K(81920K) From: 1120K(2560K)->1088K(2560K)
[13934.953s][info][gc,heap        ] GC(33609) ParOldGen: 610449K(611328K)->610521K(611328K)
[13934.953s][info][gc,metaspace   ] GC(33609) Metaspace: 62261K(62592K)->62261K(62592K) NonClass: 56727K(56960K)->56727K(56960K) Class: 5534K(5632K)->5534K(5632K)
[13934.953s][info][gc             ] GC(33609) Pause Young (Allocation Failure) 677M->597M(679M) 3.265ms
[13934.953s][info][gc,cpu         ] GC(33609) User=0.01s Sys=0.00s Real=0.01s
[13935.379s][info][gc,start       ] GC(33610) Pause Young (Allocation Failure)
[13935.388s][info][gc,heap        ] GC(33610) PSYoungGen: 83008K(84480K)->1376K(84480K) Eden: 81920K(81920K)->0K(81920K) From: 1088K(2560K)->1376K(2560K)
[13935.388s][info][gc,heap        ] GC(33610) ParOldGen: 610521K(611328K)->610601K(611328K)
[13935.388s][info][gc,metaspace   ] GC(33610) Metaspace: 62261K(62592K)->62261K(62592K) NonClass: 56727K(56960K)->56727K(56960K) Class: 5534K(5632K)->5534K(5632K)
[13935.388s][info][gc             ] GC(33610) Pause Young (Allocation Failure) 677M->597M(679M) 9.279ms
[13935.388s][info][gc,cpu         ] GC(33610) User=0.01s Sys=0.00s Real=0.01s
[13935.804s][info][gc,start       ] GC(33611) Pause Young (Allocation Failure)
[13935.807s][info][gc,heap        ] GC(33611) PSYoungGen: 83296K(84480K)->416K(84480K) Eden: 81920K(81920K)->0K(81920K) From: 1376K(2560K)->416K(2560K)
[13935.807s][info][gc,heap        ] GC(33611) ParOldGen: 610601K(611328K)->610673K(611328K)
[13935.807s][info][gc,metaspace   ] GC(33611) Metaspace: 62261K(62592K)->62261K(62592K) NonClass: 56727K(56960K)->56727K(56960K) Class: 5534K(5632K)->5534K(5632K)
[13935.807s][info][gc             ] GC(33611) Pause Young (Allocation Failure) 677M->596M(679M) 2.655ms
[13935.807s][info][gc,cpu         ] GC(33611) User=0.00s Sys=0.00s Real=0.00s
[13936.184s][info][gc,start       ] GC(33612) Pause Young (Allocation Failure)
[13936.190s][info][gc,heap        ] GC(33612) PSYoungGen: 82336K(84480K)->2528K(99840K) Eden: 81920K(81920K)->0K(97280K) From: 416K(2560K)->2528K(2560K)
[13936.190s][info][gc,heap        ] GC(33612) ParOldGen: 610673K(611328K)->612017K(612352K)
[13936.190s][info][gc,metaspace   ] GC(33612) Metaspace: 62261K(62592K)->62261K(62592K) NonClass: 56727K(56960K)->56727K(56960K) Class: 5534K(5632K)->5534K(5632K)
[13936.190s][info][gc             ] GC(33612) Pause Young (Allocation Failure) 676M->600M(695M) 6.043ms
[13936.190s][info][gc,cpu         ] GC(33612) User=0.01s Sys=0.01s Real=0.00s
[13936.627s][info][gc,start       ] GC(33613) Pause Young (Allocation Failure)
[13936.631s][info][gc,heap        ] GC(33613) PSYoungGen: 99808K(99840K)->704K(100864K) Eden: 97280K(97280K)->0K(97280K) From: 2528K(2560K)->704K(3584K)
[13936.631s][info][gc,heap        ] GC(33613) ParOldGen: 612017K(612352K)->614097K(615424K)
[13936.631s][info][gc,metaspace   ] GC(33613) Metaspace: 62261K(62592K)->62261K(62592K) NonClass: 56727K(56960K)->56727K(56960K) Class: 5534K(5632K)->5534K(5632K)
[13936.632s][info][gc             ] GC(33613) Pause Young (Allocation Failure) 695M->600M(699M) 4.623ms
[13936.632s][info][gc,cpu         ] GC(33613) User=0.01s Sys=0.00s Real=0.01s
[13937.079s][info][gc,start       ] GC(33614) Pause Young (Allocation Failure)
[13937.083s][info][gc,heap        ] GC(33614) PSYoungGen: 97983K(100864K)->1664K(119296K) Eden: 97279K(97280K)->0K(116736K) From: 704K(3584K)->1664K(2560K)
[13937.083s][info][gc,heap        ] GC(33614) ParOldGen: 614097K(615424K)->614145K(615424K)
[13937.083s][info][gc,metaspace   ] GC(33614) Metaspace: 62261K(62592K)->62261K(62592K) NonClass: 56727K(56960K)->56727K(56960K) Class: 5534K(5632K)->5534K(5632K)
[13937.083s][info][gc             ] GC(33614) Pause Young (Allocation Failure) 695M->601M(717M) 4.474ms
[13937.083s][info][gc,cpu         ] GC(33614) User=0.01s Sys=0.00s Real=0.01s
[13937.628s][info][gc,start       ] GC(33615) Pause Young (Allocation Failure)
[13937.631s][info][gc,heap        ] GC(33615) PSYoungGen: 118400K(119296K)->768K(114176K) Eden: 116736K(116736K)->0K(113152K) From: 1664K(2560K)->768K(1024K)
[13937.631s][info][gc,heap        ] GC(33615) ParOldGen: 614145K(615424K)->614161K(615424K)
[13937.631s][info][gc,metaspace   ] GC(33615) Metaspace: 62261K(62592K)->62261K(62592K) NonClass: 56727K(56960K)->56727K(56960K) Class: 5534K(5632K)->5534K(5632K)
[13937.631s][info][gc             ] GC(33615) Pause Young (Allocation Failure) 715M->600M(712M) 3.325ms
[13937.631s][info][gc,cpu         ] GC(33615) User=0.00s Sys=0.00s Real=0.01s
[13938.161s][info][gc,start       ] GC(33616) Pause Young (Allocation Failure)
[13938.165s][info][gc,heap        ] GC(33616) PSYoungGen: 113920K(114176K)->1440K(111104K) Eden: 113152K(113152K)->0K(109568K) From: 768K(1024K)->1440K(1536K)
[13938.165s][info][gc,heap        ] GC(33616) ParOldGen: 614161K(615424K)->614177K(615424K)
[13938.165s][info][gc,metaspace   ] GC(33616) Metaspace: 62261K(62592K)->62261K(62592K) NonClass: 56727K(56960K)->56727K(56960K) Class: 5534K(5632K)->5534K(5632K)
[13938.165s][info][gc             ] GC(33616) Pause Young (Allocation Failure) 711M->601M(709M) 4.212ms
[13938.165s][info][gc,cpu         ] GC(33616) User=0.01s Sys=0.00s Real=0.01s
[13938.744s][info][gc,start       ] GC(33617) Pause Young (Allocation Failure)
[13938.748s][info][gc,heap        ] GC(33617) PSYoungGen: 111008K(111104K)->1088K(107520K) Eden: 109568K(109568K)->0K(105984K) From: 1440K(1536K)->1088K(1536K)
[13938.748s][info][gc,heap        ] GC(33617) ParOldGen: 614177K(615424K)->614201K(615424K)
[13938.748s][info][gc,metaspace   ] GC(33617) Metaspace: 62261K(62592K)->62261K(62592K) NonClass: 56727K(56960K)->56727K(56960K) Class: 5534K(5632K)->5534K(5632K)
[13938.748s][info][gc             ] GC(33617) Pause Young (Allocation Failure) 708M->600M(706M) 3.399ms
[13938.748s][info][gc,cpu         ] GC(33617) User=0.01s Sys=0.00s Real=0.00s
[13939.270s][info][gc,start       ] GC(33618) Pause Young (Allocation Failure)
[13939.275s][info][gc,heap        ] GC(33618) PSYoungGen: 107072K(107520K)->1472K(104448K) Eden: 105984K(105984K)->0K(102912K) From: 1088K(1536K)->1472K(1536K)
[13939.275s][info][gc,heap        ] GC(33618) ParOldGen: 614201K(615424K)->614233K(615424K)
[13939.275s][info][gc,metaspace   ] GC(33618) Metaspace: 62261K(62592K)->62261K(62592K) NonClass: 56727K(56960K)->56727K(56960K) Class: 5534K(5632K)->5534K(5632K)
[13939.275s][info][gc             ] GC(33618) Pause Young (Allocation Failure) 704M->601M(703M) 4.169ms
[13939.275s][info][gc,cpu         ] GC(33618) User=0.01s Sys=0.00s Real=0.01s
[13939.816s][info][gc,start       ] GC(33619) Pause Young (Allocation Failure)
[13939.818s][info][gc,heap        ] GC(33619) PSYoungGen: 104384K(104448K)->640K(100864K) Eden: 102912K(102912K)->0K(99840K) From: 1472K(1536K)->640K(1024K)
[13939.818s][info][gc,heap        ] GC(33619) ParOldGen: 614233K(615424K)->614265K(615424K)
[13939.818s][info][gc,metaspace   ] GC(33619) Metaspace: 62261K(62592K)->62261K(62592K) NonClass: 56727K(56960K)->56727K(56960K) Class: 5534K(5632K)->5534K(5632K)
[13939.818s][info][gc             ] GC(33619) Pause Young (Allocation Failure) 701M->600M(699M) 2.878ms
[13939.818s][info][gc,cpu         ] GC(33619) User=0.00s Sys=0.00s Real=0.00s
[13940.327s][info][gc,start       ] GC(33620) Pause Young (Allocation Failure)
[13940.330s][info][gc,heap        ] GC(33620) PSYoungGen: 100480K(100864K)->800K(97792K) Eden: 99840K(99840K)->0K(96768K) From: 640K(1024K)->800K(1024K)
[13940.330s][info][gc,heap        ] GC(33620) ParOldGen: 614265K(615424K)->614361K(615424K)
[13940.330s][info][gc,metaspace   ] GC(33620) Metaspace: 62261K(62592K)->62261K(62592K) NonClass: 56727K(56960K)->56727K(56960K) Class: 5534K(5632K)->5534K(5632K)
[13940.330s][info][gc             ] GC(33620) Pause Young (Allocation Failure) 697M->600M(696M) 3.248ms
[13940.330s][info][gc,cpu         ] GC(33620) User=0.00s Sys=0.00s Real=0.00s
[13940.814s][info][gc,start       ] GC(33621) Pause Young (Allocation Failure)
[13940.817s][info][gc,heap        ] GC(33621) PSYoungGen: 97568K(97792K)->2592K(96768K) Eden: 96768K(96768K)->0K(93696K) From: 800K(1024K)->2592K(3072K)
[13940.817s][info][gc,heap        ] GC(33621) ParOldGen: 614361K(615424K)->614409K(615424K)
[13940.817s][info][gc,metaspace   ] GC(33621) Metaspace: 62261K(62592K)->62261K(62592K) NonClass: 56727K(56960K)->56727K(56960K) Class: 5534K(5632K)->5534K(5632K)
[13940.817s][info][gc             ] GC(33621) Pause Young (Allocation Failure) 695M->602M(695M) 3.222ms
[13940.817s][info][gc,cpu         ] GC(33621) User=0.01s Sys=0.00s Real=0.00s
[13941.246s][info][gc,start       ] GC(33622) Pause Young (Allocation Failure)
[13941.250s][info][gc,heap        ] GC(33622) PSYoungGen: 96288K(96768K)->1152K(92672K) Eden: 93696K(93696K)->0K(91136K) From: 2592K(3072K)->1152K(1536K)
[13941.250s][info][gc,heap        ] GC(33622) ParOldGen: 614409K(615424K)->616513K(616960K)
[13941.250s][info][gc,metaspace   ] GC(33622) Metaspace: 62261K(62592K)->62261K(62592K) NonClass: 56727K(56960K)->56727K(56960K) Class: 5534K(5632K)->5534K(5632K)
[13941.250s][info][gc             ] GC(33622) Pause Young (Allocation Failure) 694M->603M(693M) 4.487ms
[13941.250s][info][gc,cpu         ] GC(33622) User=0.01s Sys=0.01s Real=0.00s
[13941.682s][info][gc,start       ] GC(33623) Pause Young (Allocation Failure)
[13941.686s][info][gc,heap        ] GC(33623) PSYoungGen: 92288K(92672K)->1792K(90624K) Eden: 91136K(91136K)->0K(88576K) From: 1152K(1536K)->1792K(2048K)
[13941.686s][info][gc,heap        ] GC(33623) ParOldGen: 616513K(616960K)->616561K(616960K)
[13941.686s][info][gc,metaspace   ] GC(33623) Metaspace: 62261K(62592K)->62261K(62592K) NonClass: 56727K(56960K)->56727K(56960K) Class: 5534K(5632K)->5534K(5632K)
[13941.686s][info][gc             ] GC(33623) Pause Young (Allocation Failure) 692M->603M(691M) 3.900ms
[13941.686s][info][gc,cpu         ] GC(33623) User=0.00s Sys=0.00s Real=0.00s
[13942.085s][info][gc,start       ] GC(33624) Pause Young (Allocation Failure)
[13942.089s][info][gc,heap        ] GC(33624) PSYoungGen: 90368K(90624K)->1824K(88064K) Eden: 88576K(88576K)->0K(86016K) From: 1792K(2048K)->1824K(2048K)
[13942.089s][info][gc,heap        ] GC(33624) ParOldGen: 616561K(616960K)->616617K(616960K)
[13942.089s][info][gc,metaspace   ] GC(33624) Metaspace: 62261K(62592K)->62261K(62592K) NonClass: 56727K(56960K)->56727K(56960K) Class: 5534K(5632K)->5534K(5632K)
[13942.089s][info][gc             ] GC(33624) Pause Young (Allocation Failure) 690M->603M(688M) 3.938ms
[13942.089s][info][gc,cpu         ] GC(33624) User=0.01s Sys=0.00s Real=0.00s
[13942.486s][info][gc,start       ] GC(33625) Pause Young (Allocation Failure)
[13942.490s][info][gc,heap        ] GC(33625) PSYoungGen: 87840K(88064K)->1856K(85504K) Eden: 86016K(86016K)->0K(83456K) From: 1824K(2048K)->1856K(2048K)
[13942.490s][info][gc,heap        ] GC(33625) ParOldGen: 616617K(616960K)->616681K(616960K)
[13942.490s][info][gc,metaspace   ] GC(33625) Metaspace: 62261K(62592K)->62261K(62592K) NonClass: 56727K(56960K)->56727K(56960K) Class: 5534K(5632K)->5534K(5632K)
[13942.490s][info][gc             ] GC(33625) Pause Young (Allocation Failure) 687M->604M(686M) 4.110ms
[13942.490s][info][gc,cpu         ] GC(33625) User=0.01s Sys=0.00s Real=0.00s
[13942.879s][info][gc,start       ] GC(33626) Pause Young (Allocation Failure)
[13942.883s][info][gc,heap        ] GC(33626) PSYoungGen: 85312K(85504K)->1728K(83456K) Eden: 83456K(83456K)->0K(81408K) From: 1856K(2048K)->1728K(2048K)
[13942.883s][info][gc,heap        ] GC(33626) ParOldGen: 616681K(616960K)->616753K(616960K)
[13942.883s][info][gc,metaspace   ] GC(33626) Metaspace: 62261K(62592K)->62261K(62592K) NonClass: 56727K(56960K)->56727K(56960K) Class: 5534K(5632K)->5534K(5632K)
[13942.883s][info][gc             ] GC(33626) Pause Young (Allocation Failure) 685M->603M(684M) 3.777ms
[13942.883s][info][gc,cpu         ] GC(33626) User=0.01s Sys=0.00s Real=0.01s
[13943.235s][info][gc,start       ] GC(33627) Pause Young (Allocation Failure)
[13943.239s][info][gc,heap        ] GC(33627) PSYoungGen: 83136K(83456K)->1024K(102912K) Eden: 81408K(81408K)->0K(101888K) From: 1728K(2048K)->1024K(1024K)
[13943.239s][info][gc,heap        ] GC(33627) ParOldGen: 616753K(616960K)->616825K(616960K)
[13943.239s][info][gc,metaspace   ] GC(33627) Metaspace: 62261K(62592K)->62261K(62592K) NonClass: 56727K(56960K)->56727K(56960K) Class: 5534K(5632K)->5534K(5632K)
[13943.239s][info][gc             ] GC(33627) Pause Young (Allocation Failure) 683M->603M(703M) 3.419ms
[13943.239s][info][gc,cpu         ] GC(33627) User=0.01s Sys=0.00s Real=0.00s
[13943.703s][info][gc,start       ] GC(33628) Pause Young (Allocation Failure)
[13943.706s][info][gc,heap        ] GC(33628) PSYoungGen: 102912K(102912K)->448K(100352K) Eden: 101888K(101888K)->0K(98816K) From: 1024K(1024K)->448K(1536K)
[13943.706s][info][gc,heap        ] GC(33628) ParOldGen: 616825K(616960K)->616857K(616960K)
[13943.706s][info][gc,metaspace   ] GC(33628) Metaspace: 62261K(62592K)->62261K(62592K) NonClass: 56727K(56960K)->56727K(56960K) Class: 5534K(5632K)->5534K(5632K)
[13943.706s][info][gc             ] GC(33628) Pause Young (Allocation Failure) 702M->602M(700M) 2.904ms
[13943.706s][info][gc,cpu         ] GC(33628) User=0.01s Sys=0.00s Real=0.00s
[13944.117s][info][gc,start       ] GC(33629) Pause Young (Allocation Failure)
[13944.120s][info][gc,heap        ] GC(33629) PSYoungGen: 99264K(100352K)->704K(96768K) Eden: 98816K(98816K)->0K(95744K) From: 448K(1536K)->704K(1024K)
[13944.120s][info][gc,heap        ] GC(33629) ParOldGen: 616857K(616960K)->616905K(616960K)
[13944.120s][info][gc,metaspace   ] GC(33629) Metaspace: 62261K(62592K)->62261K(62592K) NonClass: 56727K(56960K)->56727K(56960K) Class: 5534K(5632K)->5534K(5632K)
[13944.120s][info][gc             ] GC(33629) Pause Young (Allocation Failure) 699M->603M(697M) 3.044ms
[13944.120s][info][gc,cpu         ] GC(33629) User=0.00s Sys=0.00s Real=0.00s
[13944.609s][info][gc,start       ] GC(33630) Pause Young (Allocation Failure)
[13944.611s][info][gc,heap        ] GC(33630) PSYoungGen: 96448K(96768K)->448K(93184K) Eden: 95744K(95744K)->0K(92672K) From: 704K(1024K)->448K(512K)
[13944.611s][info][gc,heap        ] GC(33630) ParOldGen: 616905K(616960K)->616953K(616960K)
[13944.611s][info][gc,metaspace   ] GC(33630) Metaspace: 62261K(62592K)->62261K(62592K) NonClass: 56727K(56960K)->56727K(56960K) Class: 5534K(5632K)->5534K(5632K)
[13944.611s][info][gc             ] GC(33630) Pause Young (Allocation Failure) 696M->602M(693M) 2.941ms
[13944.612s][info][gc,cpu         ] GC(33630) User=0.00s Sys=0.00s Real=0.01s
[13945.013s][info][gc,start       ] GC(33631) Pause Young (Allocation Failure)
[13945.016s][info][gc,heap        ] GC(33631) PSYoungGen: 93120K(93184K)->2656K(93184K) Eden: 92672K(92672K)->0K(90112K) From: 448K(512K)->2656K(3072K)
[13945.016s][info][gc,heap        ] GC(33631) ParOldGen: 616953K(616960K)->617009K(617472K)
[13945.016s][info][gc,metaspace   ] GC(33631) Metaspace: 62261K(62592K)->62261K(62592K) NonClass: 56727K(56960K)->56727K(56960K) Class: 5534K(5632K)->5534K(5632K)
[13945.016s][info][gc             ] GC(33631) Pause Young (Allocation Failure) 693M->605M(694M) 3.083ms
[13945.016s][info][gc,cpu         ] GC(33631) User=0.01s Sys=0.00s Real=0.00s
[13945.480s][info][gc,start       ] GC(33632) Pause Young (Allocation Failure)
[13945.485s][info][gc,heap        ] GC(33632) PSYoungGen: 92768K(93184K)->1600K(89600K) Eden: 90112K(90112K)->0K(87552K) From: 2656K(3072K)->1600K(2048K)
[13945.485s][info][gc,heap        ] GC(33632) ParOldGen: 617009K(617472K)->619121K(620544K)
[13945.485s][info][gc,metaspace   ] GC(33632) Metaspace: 62261K(62592K)->62261K(62592K) NonClass: 56727K(56960K)->56727K(56960K) Class: 5534K(5632K)->5534K(5632K)
[13945.485s][info][gc             ] GC(33632) Pause Young (Allocation Failure) 693M->606M(693M) 4.988ms
[13945.485s][info][gc,cpu         ] GC(33632) User=0.01s Sys=0.00s Real=0.01s
[13945.927s][info][gc,start       ] GC(33633) Pause Young (Allocation Failure)
[13945.930s][info][gc,heap        ] GC(33633) PSYoungGen: 89152K(89600K)->736K(86016K) Eden: 87552K(87552K)->0K(84992K) From: 1600K(2048K)->736K(1024K)
[13945.930s][info][gc,heap        ] GC(33633) ParOldGen: 619121K(620544K)->619177K(620544K)
[13945.930s][info][gc,metaspace   ] GC(33633) Metaspace: 62261K(62592K)->62261K(62592K) NonClass: 56727K(56960K)->56727K(56960K) Class: 5534K(5632K)->5534K(5632K)
[13945.930s][info][gc             ] GC(33633) Pause Young (Allocation Failure) 691M->605M(690M) 3.093ms
[13945.930s][info][gc,cpu         ] GC(33633) User=0.01s Sys=0.00s Real=0.00s
[13946.401s][info][gc,start       ] GC(33634) Pause Young (Allocation Failure)
[13946.404s][info][gc,heap        ] GC(33634) PSYoungGen: 85728K(86016K)->320K(82944K) Eden: 84992K(84992K)->0K(82432K) From: 736K(1024K)->320K(512K)
[13946.404s][info][gc,heap        ] GC(33634) ParOldGen: 619177K(620544K)->619249K(620544K)
[13946.404s][info][gc,metaspace   ] GC(33634) Metaspace: 62261K(62592K)->62261K(62592K) NonClass: 56727K(56960K)->56727K(56960K) Class: 5534K(5632K)->5534K(5632K)
[13946.404s][info][gc             ] GC(33634) Pause Young (Allocation Failure) 688M->605M(687M) 3.048ms
[13946.404s][info][gc,cpu         ] GC(33634) User=0.00s Sys=0.00s Real=0.00s
[13946.903s][info][gc,start       ] GC(33635) Pause Young (Allocation Failure)
[13946.905s][info][gc,heap        ] GC(33635) PSYoungGen: 82752K(82944K)->416K(93184K) Eden: 82432K(82432K)->0K(90112K) From: 320K(512K)->416K(3072K)
[13946.905s][info][gc,heap        ] GC(33635) ParOldGen: 619249K(620544K)->619329K(620544K)
[13946.905s][info][gc,metaspace   ] GC(33635) Metaspace: 62261K(62592K)->62261K(62592K) NonClass: 56727K(56960K)->56727K(56960K) Class: 5534K(5632K)->5534K(5632K)
[13946.905s][info][gc             ] GC(33635) Pause Young (Allocation Failure) 685M->605M(697M) 2.703ms
[13946.905s][info][gc,cpu         ] GC(33635) User=0.00s Sys=0.00s Real=0.00s
[13947.374s][info][gc,start       ] GC(33636) Pause Young (Allocation Failure)
[13947.378s][info][gc,heap        ] GC(33636) PSYoungGen: 90528K(93184K)->1536K(89088K) Eden: 90112K(90112K)->0K(87552K) From: 416K(3072K)->1536K(1536K)
[13947.378s][info][gc,heap        ] GC(33636) ParOldGen: 619329K(620544K)->619433K(620544K)
[13947.378s][info][gc,metaspace   ] GC(33636) Metaspace: 62261K(62592K)->62261K(62592K) NonClass: 56727K(56960K)->56727K(56960K) Class: 5534K(5632K)->5534K(5632K)
[13947.378s][info][gc             ] GC(33636) Pause Young (Allocation Failure) 693M->606M(693M) 4.138ms
[13947.379s][info][gc,cpu         ] GC(33636) User=0.01s Sys=0.00s Real=0.00s
[13947.815s][info][gc,start       ] GC(33637) Pause Young (Allocation Failure)
[13947.818s][info][gc,heap        ] GC(33637) PSYoungGen: 89088K(89088K)->576K(86016K) Eden: 87552K(87552K)->0K(84992K) From: 1536K(1536K)->576K(1024K)
[13947.818s][info][gc,heap        ] GC(33637) ParOldGen: 619433K(620544K)->619497K(620544K)
[13947.818s][info][gc,metaspace   ] GC(33637) Metaspace: 62261K(62592K)->62261K(62592K) NonClass: 56727K(56960K)->56727K(56960K) Class: 5534K(5632K)->5534K(5632K)
[13947.818s][info][gc             ] GC(33637) Pause Young (Allocation Failure) 691M->605M(690M) 2.901ms
[13947.818s][info][gc,cpu         ] GC(33637) User=0.00s Sys=0.00s Real=0.00s
[13948.259s][info][gc,start       ] GC(33638) Pause Young (Allocation Failure)
[13948.263s][info][gc,heap        ] GC(33638) PSYoungGen: 85568K(86016K)->1216K(83968K) Eden: 84992K(84992K)->0K(82432K) From: 576K(1024K)->1216K(1536K)
[13948.263s][info][gc,heap        ] GC(33638) ParOldGen: 619497K(620544K)->619553K(620544K)
[13948.263s][info][gc,metaspace   ] GC(33638) Metaspace: 62261K(62592K)->62261K(62592K) NonClass: 56727K(56960K)->56727K(56960K) Class: 5534K(5632K)->5534K(5632K)
[13948.263s][info][gc             ] GC(33638) Pause Young (Allocation Failure) 688M->606M(688M) 3.555ms
[13948.263s][info][gc,cpu         ] GC(33638) User=0.01s Sys=0.00s Real=0.01s
[13948.705s][info][gc,start       ] GC(33639) Pause Young (Allocation Failure)
[13948.708s][info][gc,heap        ] GC(33639) PSYoungGen: 83648K(83968K)->416K(86528K) Eden: 82432K(82432K)->0K(86016K) From: 1216K(1536K)->416K(512K)
[13948.708s][info][gc,heap        ] GC(33639) ParOldGen: 619553K(620544K)->619625K(620544K)
[13948.708s][info][gc,metaspace   ] GC(33639) Metaspace: 62261K(62592K)->62261K(62592K) NonClass: 56727K(56960K)->56727K(56960K) Class: 5534K(5632K)->5534K(5632K)
[13948.708s][info][gc             ] GC(33639) Pause Young (Allocation Failure) 686M->605M(690M) 2.869ms
[13948.708s][info][gc,cpu         ] GC(33639) User=0.01s Sys=0.00s Real=0.00s
[13949.098s][info][gc,start       ] GC(33640) Pause Young (Allocation Failure)
[13949.101s][info][gc,heap        ] GC(33640) PSYoungGen: 86432K(86528K)->288K(84992K) Eden: 86016K(86016K)->0K(83456K) From: 416K(512K)->288K(1536K)
[13949.101s][info][gc,heap        ] GC(33640) ParOldGen: 619625K(620544K)->619689K(620544K)
[13949.101s][info][gc,metaspace   ] GC(33640) Metaspace: 62261K(62592K)->62261K(62592K) NonClass: 56727K(56960K)->56727K(56960K) Class: 5534K(5632K)->5534K(5632K)
[13949.101s][info][gc             ] GC(33640) Pause Young (Allocation Failure) 689M->605M(689M) 3.001ms
[13949.101s][info][gc,cpu         ] GC(33640) User=0.00s Sys=0.01s Real=0.00s
[13949.488s][info][gc,start       ] GC(33641) Pause Young (Allocation Failure)
[13949.492s][info][gc,heap        ] GC(33641) PSYoungGen: 83744K(84992K)->1888K(83456K) Eden: 83456K(83456K)->0K(81408K) From: 288K(1536K)->1888K(2048K)
[13949.493s][info][gc,heap        ] GC(33641) ParOldGen: 619689K(620544K)->619761K(620544K)
[13949.493s][info][gc,metaspace   ] GC(33641) Metaspace: 62261K(62592K)->62261K(62592K) NonClass: 56727K(56960K)->56727K(56960K) Class: 5534K(5632K)->5534K(5632K)
[13949.493s][info][gc             ] GC(33641) Pause Young (Allocation Failure) 686M->607M(687M) 4.357ms
[13949.493s][info][gc,cpu         ] GC(33641) User=0.01s Sys=0.00s Real=0.01s
[13949.839s][info][gc,start       ] GC(33642) Pause Young (Allocation Failure)
[13949.843s][info][gc,heap        ] GC(33642) PSYoungGen: 83296K(83456K)->2976K(84480K) Eden: 81408K(81408K)->0K(81408K) From: 1888K(2048K)->2976K(3072K)
[13949.843s][info][gc,heap        ] GC(33642) ParOldGen: 619761K(620544K)->620865K(622080K)
[13949.843s][info][gc,metaspace   ] GC(33642) Metaspace: 62261K(62592K)->62261K(62592K) NonClass: 56727K(56960K)->56727K(56960K) Class: 5534K(5632K)->5534K(5632K)
[13949.843s][info][gc             ] GC(33642) Pause Young (Allocation Failure) 686M->609M(690M) 4.041ms
[13949.843s][info][gc,cpu         ] GC(33642) User=0.01s Sys=0.00s Real=0.01s
[13950.231s][info][gc,start       ] GC(33643) Pause Young (Allocation Failure)
[13950.235s][info][gc,heap        ] GC(33643) PSYoungGen: 84384K(84480K)->832K(82432K) Eden: 81408K(81408K)->0K(81408K) From: 2976K(3072K)->832K(1024K)
[13950.235s][info][gc,heap        ] GC(33643) ParOldGen: 620865K(622080K)->622985K(623616K)
[13950.235s][info][gc,metaspace   ] GC(33643) Metaspace: 62261K(62592K)->62261K(62592K) NonClass: 56727K(56960K)->56727K(56960K) Class: 5534K(5632K)->5534K(5632K)
[13950.235s][info][gc             ] GC(33643) Pause Young (Allocation Failure) 688M->609M(689M) 4.278ms
[13950.235s][info][gc,cpu         ] GC(33643) User=0.00s Sys=0.00s Real=0.00s
[13950.667s][info][gc,start       ] GC(33644) Pause Young (Allocation Failure)
[13950.671s][info][gc,heap        ] GC(33644) PSYoungGen: 82240K(82432K)->1376K(83456K) Eden: 81408K(81408K)->0K(79872K) From: 832K(1024K)->1376K(3584K)
[13950.671s][info][gc,heap        ] GC(33644) ParOldGen: 622985K(623616K)->623057K(623616K)
[13950.671s][info][gc,metaspace   ] GC(33644) Metaspace: 62261K(62592K)->62261K(62592K) NonClass: 56727K(56960K)->56727K(56960K) Class: 5534K(5632K)->5534K(5632K)
[13950.671s][info][gc             ] GC(33644) Pause Young (Allocation Failure) 688M->609M(690M) 3.773ms
[13950.671s][info][gc,cpu         ] GC(33644) User=0.01s Sys=0.00s Real=0.00s
[13951.097s][info][gc,start       ] GC(33645) Pause Young (Allocation Failure)
[13951.099s][info][gc,heap        ] GC(33645) PSYoungGen: 81248K(83456K)->256K(83456K) Eden: 79872K(79872K)->0K(79872K) From: 1376K(3584K)->256K(3584K)
[13951.099s][info][gc,heap        ] GC(33645) ParOldGen: 623057K(623616K)->623129K(623616K)
[13951.099s][info][gc,metaspace   ] GC(33645) Metaspace: 62261K(62592K)->62261K(62592K) NonClass: 56727K(56960K)->56727K(56960K) Class: 5534K(5632K)->5534K(5632K)
[13951.099s][info][gc             ] GC(33645) Pause Young (Allocation Failure) 687M->608M(690M) 2.687ms
[13951.099s][info][gc,cpu         ] GC(33645) User=0.00s Sys=0.00s Real=0.00s
[13951.521s][info][gc,start       ] GC(33646) Pause Young (Allocation Failure)
[13951.524s][info][gc,heap        ] GC(33646) PSYoungGen: 80128K(83456K)->576K(83968K) Eden: 79872K(79872K)->0K(80896K) From: 256K(3584K)->576K(3072K)
[13951.524s][info][gc,heap        ] GC(33646) ParOldGen: 623129K(623616K)->623201K(623616K)
[13951.524s][info][gc,metaspace   ] GC(33646) Metaspace: 62261K(62592K)->62261K(62592K) NonClass: 56727K(56960K)->56727K(56960K) Class: 5534K(5632K)->5534K(5632K)
[13951.524s][info][gc             ] GC(33646) Pause Young (Allocation Failure) 686M->609M(691M) 3.053ms
[13951.524s][info][gc,cpu         ] GC(33646) User=0.00s Sys=0.00s Real=0.00s
[13951.936s][info][gc,start       ] GC(33647) Pause Young (Allocation Failure)
[13951.939s][info][gc,heap        ] GC(33647) PSYoungGen: 81472K(83968K)->928K(83968K) Eden: 80896K(80896K)->0K(80896K) From: 576K(3072K)->928K(3072K)
[13951.939s][info][gc,heap        ] GC(33647) ParOldGen: 623201K(623616K)->623273K(623616K)
[13951.939s][info][gc,metaspace   ] GC(33647) Metaspace: 62261K(62592K)->62261K(62592K) NonClass: 56727K(56960K)->56727K(56960K) Class: 5534K(5632K)->5534K(5632K)
[13951.939s][info][gc             ] GC(33647) Pause Young (Allocation Failure) 688M->609M(691M) 3.035ms
[13951.939s][info][gc,cpu         ] GC(33647) User=0.01s Sys=0.00s Real=0.00s
[13952.334s][info][gc,start       ] GC(33648) Pause Young (Allocation Failure)
[13952.337s][info][gc,heap        ] GC(33648) PSYoungGen: 81824K(83968K)->928K(83968K) Eden: 80896K(80896K)->0K(80896K) From: 928K(3072K)->928K(3072K)
[13952.337s][info][gc,heap        ] GC(33648) ParOldGen: 623273K(623616K)->623345K(623616K)
[13952.337s][info][gc,metaspace   ] GC(33648) Metaspace: 62261K(62592K)->62261K(62592K) NonClass: 56727K(56960K)->56727K(56960K) Class: 5534K(5632K)->5534K(5632K)
[13952.337s][info][gc             ] GC(33648) Pause Young (Allocation Failure) 688M->609M(691M) 3.054ms
[13952.337s][info][gc,cpu         ] GC(33648) User=0.01s Sys=0.00s Real=0.00s
[13952.689s][info][gc,start       ] GC(33649) Pause Young (Allocation Failure)
[13952.693s][info][gc,heap        ] GC(33649) PSYoungGen: 81824K(83968K)->1952K(83968K) Eden: 80896K(80896K)->0K(80896K) From: 928K(3072K)->1952K(3072K)
[13952.693s][info][gc,heap        ] GC(33649) ParOldGen: 623345K(623616K)->623417K(623616K)
[13952.693s][info][gc,metaspace   ] GC(33649) Metaspace: 62261K(62592K)->62261K(62592K) NonClass: 56727K(56960K)->56727K(56960K) Class: 5534K(5632K)->5534K(5632K)
[13952.693s][info][gc             ] GC(33649) Pause Young (Allocation Failure) 688M->610M(691M) 4.295ms
[13952.693s][info][gc,cpu         ] GC(33649) User=0.01s Sys=0.00s Real=0.01s
[13953.055s][info][gc,start       ] GC(33650) Pause Young (Allocation Failure)
[13953.059s][info][gc,heap        ] GC(33650) PSYoungGen: 82848K(83968K)->1280K(83968K) Eden: 80896K(80896K)->0K(80896K) From: 1952K(3072K)->1280K(3072K)
[13953.059s][info][gc,heap        ] GC(33650) ParOldGen: 623417K(623616K)->623489K(623616K)
[13953.059s][info][gc,metaspace   ] GC(33650) Metaspace: 62261K(62592K)->62261K(62592K) NonClass: 56727K(56960K)->56727K(56960K) Class: 5534K(5632K)->5534K(5632K)
[13953.059s][info][gc             ] GC(33650) Pause Young (Allocation Failure) 689M->610M(691M) 3.504ms
[13953.059s][info][gc,cpu         ] GC(33650) User=0.01s Sys=0.00s Real=0.00s
[13953.416s][info][gc,start       ] GC(33651) Pause Young (Allocation Failure)
[13953.418s][info][gc,heap        ] GC(33651) PSYoungGen: 82176K(83968K)->576K(83968K) Eden: 80896K(80896K)->0K(80896K) From: 1280K(3072K)->576K(3072K)
[13953.418s][info][gc,heap        ] GC(33651) ParOldGen: 623489K(623616K)->623561K(623616K)
[13953.418s][info][gc,metaspace   ] GC(33651) Metaspace: 62261K(62592K)->62261K(62592K) NonClass: 56727K(56960K)->56727K(56960K) Class: 5534K(5632K)->5534K(5632K)
[13953.418s][info][gc             ] GC(33651) Pause Young (Allocation Failure) 689M->609M(691M) 2.772ms
[13953.418s][info][gc,cpu         ] GC(33651) User=0.01s Sys=0.00s Real=0.00s
[13953.783s][info][gc,start       ] GC(33652) Pause Young (Allocation Failure)
[13953.786s][info][gc,heap        ] GC(33652) PSYoungGen: 81472K(83968K)->1856K(83968K) Eden: 80896K(80896K)->0K(80896K) From: 576K(3072K)->1856K(3072K)
[13953.786s][info][gc,heap        ] GC(33652) ParOldGen: 623561K(623616K)->623633K(624128K)
[13953.786s][info][gc,metaspace   ] GC(33652) Metaspace: 62261K(62592K)->62261K(62592K) NonClass: 56727K(56960K)->56727K(56960K) Class: 5534K(5632K)->5534K(5632K)
[13953.786s][info][gc             ] GC(33652) Pause Young (Allocation Failure) 688M->610M(691M) 3.805ms
[13953.787s][info][gc,cpu         ] GC(33652) User=0.01s Sys=0.00s Real=0.00s
[13954.200s][info][gc,start       ] GC(33653) Pause Young (Allocation Failure)
[13954.203s][info][gc,heap        ] GC(33653) PSYoungGen: 82752K(83968K)->352K(83968K) Eden: 80896K(80896K)->0K(80896K) From: 1856K(3072K)->352K(3072K)
[13954.203s][info][gc,heap        ] GC(33653) ParOldGen: 623633K(624128K)->623697K(624128K)
[13954.203s][info][gc,metaspace   ] GC(33653) Metaspace: 62261K(62592K)->62261K(62592K) NonClass: 56727K(56960K)->56727K(56960K) Class: 5534K(5632K)->5534K(5632K)
[13954.203s][info][gc             ] GC(33653) Pause Young (Allocation Failure) 689M->609M(691M) 2.707ms
[13954.203s][info][gc,cpu         ] GC(33653) User=0.01s Sys=0.00s Real=0.01s
[13954.581s][info][gc,start       ] GC(33654) Pause Young (Allocation Failure)
[13954.585s][info][gc,heap        ] GC(33654) PSYoungGen: 81248K(83968K)->1696K(83968K) Eden: 80896K(80896K)->0K(80896K) From: 352K(3072K)->1696K(3072K)
[13954.585s][info][gc,heap        ] GC(33654) ParOldGen: 623697K(624128K)->623817K(624128K)
[13954.585s][info][gc,metaspace   ] GC(33654) Metaspace: 62261K(62592K)->62261K(62592K) NonClass: 56727K(56960K)->56727K(56960K) Class: 5534K(5632K)->5534K(5632K)
[13954.585s][info][gc             ] GC(33654) Pause Young (Allocation Failure) 688M->610M(691M) 3.764ms
[13954.585s][info][gc,cpu         ] GC(33654) User=0.00s Sys=0.00s Real=0.00s
[13954.967s][info][gc,start       ] GC(33655) Pause Young (Allocation Failure)
[13954.971s][info][gc,heap        ] GC(33655) PSYoungGen: 82592K(83968K)->1376K(83968K) Eden: 80896K(80896K)->0K(80896K) From: 1696K(3072K)->1376K(3072K)
[13954.971s][info][gc,heap        ] GC(33655) ParOldGen: 623817K(624128K)->623889K(624128K)
[13954.971s][info][gc,metaspace   ] GC(33655) Metaspace: 62261K(62592K)->62261K(62592K) NonClass: 56727K(56960K)->56727K(56960K) Class: 5534K(5632K)->5534K(5632K)
[13954.971s][info][gc             ] GC(33655) Pause Young (Allocation Failure) 689M->610M(691M) 3.556ms
[13954.971s][info][gc,cpu         ] GC(33655) User=0.01s Sys=0.00s Real=0.00s
[13955.336s][info][gc,start       ] GC(33656) Pause Young (Allocation Failure)
[13955.339s][info][gc,heap        ] GC(33656) PSYoungGen: 82272K(83968K)->928K(83968K) Eden: 80896K(80896K)->0K(80896K) From: 1376K(3072K)->928K(3072K)
[13955.339s][info][gc,heap        ] GC(33656) ParOldGen: 623889K(624128K)->623953K(624128K)
[13955.339s][info][gc,metaspace   ] GC(33656) Metaspace: 62261K(62592K)->62261K(62592K) NonClass: 56727K(56960K)->56727K(56960K) Class: 5534K(5632K)->5534K(5632K)
[13955.339s][info][gc             ] GC(33656) Pause Young (Allocation Failure) 689M->610M(691M) 3.063ms
[13955.339s][info][gc,cpu         ] GC(33656) User=0.01s Sys=0.00s Real=0.00s
[13955.702s][info][gc,start       ] GC(33657) Pause Young (Allocation Failure)
[13955.704s][info][gc,heap        ] GC(33657) PSYoungGen: 81824K(83968K)->352K(83968K) Eden: 80896K(80896K)->0K(80896K) From: 928K(3072K)->352K(3072K)
[13955.704s][info][gc,heap        ] GC(33657) ParOldGen: 623953K(624128K)->624025K(624128K)
[13955.704s][info][gc,metaspace   ] GC(33657) Metaspace: 62261K(62592K)->62261K(62592K) NonClass: 56727K(56960K)->56727K(56960K) Class: 5534K(5632K)->5534K(5632K)
[13955.704s][info][gc             ] GC(33657) Pause Young (Allocation Failure) 689M->609M(691M) 2.639ms
[13955.704s][info][gc,cpu         ] GC(33657) User=0.01s Sys=0.00s Real=0.00s
[13956.117s][info][gc,start       ] GC(33658) Pause Young (Allocation Failure)
[13956.119s][info][gc,heap        ] GC(33658) PSYoungGen: 81248K(83968K)->608K(84480K) Eden: 80896K(80896K)->0K(81408K) From: 352K(3072K)->608K(3072K)
[13956.119s][info][gc,heap        ] GC(33658) ParOldGen: 624025K(624128K)->624097K(624128K)
[13956.119s][info][gc,metaspace   ] GC(33658) Metaspace: 62261K(62592K)->62261K(62592K) NonClass: 56727K(56960K)->56727K(56960K) Class: 5534K(5632K)->5534K(5632K)
[13956.119s][info][gc             ] GC(33658) Pause Young (Allocation Failure) 688M->610M(692M) 2.789ms
[13956.120s][info][gc,cpu         ] GC(33658) User=0.00s Sys=0.00s Real=0.00s
[13956.516s][info][gc,start       ] GC(33659) Pause Young (Allocation Failure)
[13956.519s][info][gc,heap        ] GC(33659) PSYoungGen: 82016K(84480K)->576K(83968K) Eden: 81408K(81408K)->0K(81408K) From: 608K(3072K)->576K(2560K)
[13956.519s][info][gc,heap        ] GC(33659) ParOldGen: 624097K(624128K)->624169K(624640K)
[13956.519s][info][gc,metaspace   ] GC(33659) Metaspace: 62261K(62592K)->62261K(62592K) NonClass: 56727K(56960K)->56727K(56960K) Class: 5534K(5632K)->5534K(5632K)
[13956.519s][info][gc             ] GC(33659) Pause Young (Allocation Failure) 689M->610M(692M) 2.904ms
[13956.519s][info][gc,cpu         ] GC(33659) User=0.00s Sys=0.00s Real=0.00s
[13956.927s][info][gc,start       ] GC(33660) Pause Young (Allocation Failure)
[13956.930s][info][gc,heap        ] GC(33660) PSYoungGen: 81984K(83968K)->768K(84480K) Eden: 81408K(81408K)->0K(81920K) From: 576K(2560K)->768K(2560K)
[13956.930s][info][gc,heap        ] GC(33660) ParOldGen: 624169K(624640K)->624241K(624640K)
[13956.930s][info][gc,metaspace   ] GC(33660) Metaspace: 62261K(62592K)->62261K(62592K) NonClass: 56727K(56960K)->56727K(56960K) Class: 5534K(5632K)->5534K(5632K)
[13956.930s][info][gc             ] GC(33660) Pause Young (Allocation Failure) 689M->610M(692M) 3.044ms
[13956.930s][info][gc,cpu         ] GC(33660) User=0.00s Sys=0.00s Real=0.00s
[13957.309s][info][gc,start       ] GC(33661) Pause Young (Allocation Failure)
[13957.312s][info][gc,heap        ] GC(33661) PSYoungGen: 82688K(84480K)->480K(84480K) Eden: 81920K(81920K)->0K(81920K) From: 768K(2560K)->480K(2560K)
[13957.312s][info][gc,heap        ] GC(33661) ParOldGen: 624241K(624640K)->624305K(624640K)
[13957.312s][info][gc,metaspace   ] GC(33661) Metaspace: 62261K(62592K)->62261K(62592K) NonClass: 56727K(56960K)->56727K(56960K) Class: 5534K(5632K)->5534K(5632K)
[13957.312s][info][gc             ] GC(33661) Pause Young (Allocation Failure) 690M->610M(692M) 2.859ms
[13957.312s][info][gc,cpu         ] GC(33661) User=0.01s Sys=0.00s Real=0.01s
[13957.692s][info][gc,start       ] GC(33662) Pause Young (Allocation Failure)
[13957.695s][info][gc,heap        ] GC(33662) PSYoungGen: 82400K(84480K)->1632K(84480K) Eden: 81920K(81920K)->0K(81920K) From: 480K(2560K)->1632K(2560K)
[13957.695s][info][gc,heap        ] GC(33662) ParOldGen: 624305K(624640K)->624377K(624640K)
[13957.695s][info][gc,metaspace   ] GC(33662) Metaspace: 62261K(62592K)->62261K(62592K) NonClass: 56727K(56960K)->56727K(56960K) Class: 5534K(5632K)->5534K(5632K)
[13957.695s][info][gc             ] GC(33662) Pause Young (Allocation Failure) 690M->611M(692M) 3.794ms
[13957.695s][info][gc,cpu         ] GC(33662) User=0.01s Sys=0.00s Real=0.00s
[13958.111s][info][gc,start       ] GC(33663) Pause Young (Allocation Failure)
[13958.114s][info][gc,heap        ] GC(33663) PSYoungGen: 83552K(84480K)->512K(84480K) Eden: 81920K(81920K)->0K(81920K) From: 1632K(2560K)->512K(2560K)
[13958.114s][info][gc,heap        ] GC(33663) ParOldGen: 624377K(624640K)->624449K(624640K)
[13958.114s][info][gc,metaspace   ] GC(33663) Metaspace: 62261K(62592K)->62261K(62592K) NonClass: 56727K(56960K)->56727K(56960K) Class: 5534K(5632K)->5534K(5632K)
[13958.114s][info][gc             ] GC(33663) Pause Young (Allocation Failure) 691M->610M(692M) 2.744ms
[13958.114s][info][gc,cpu         ] GC(33663) User=0.00s Sys=0.00s Real=0.00s
[13958.508s][info][gc,start       ] GC(33664) Pause Young (Allocation Failure)
[13958.511s][info][gc,heap        ] GC(33664) PSYoungGen: 82432K(84480K)->384K(84480K) Eden: 81920K(81920K)->0K(81920K) From: 512K(2560K)->384K(2560K)
[13958.511s][info][gc,heap        ] GC(33664) ParOldGen: 624449K(624640K)->624521K(624640K)
[13958.511s][info][gc,metaspace   ] GC(33664) Metaspace: 62261K(62592K)->62261K(62592K) NonClass: 56727K(56960K)->56727K(56960K) Class: 5534K(5632K)->5534K(5632K)
[13958.511s][info][gc             ] GC(33664) Pause Young (Allocation Failure) 690M->610M(692M) 2.763ms
[13958.511s][info][gc,cpu         ] GC(33664) User=0.00s Sys=0.00s Real=0.00s
[13958.940s][info][gc,start       ] GC(33665) Pause Young (Allocation Failure)
[13958.944s][info][gc,heap        ] GC(33665) PSYoungGen: 82304K(84480K)->928K(84480K) Eden: 81920K(81920K)->0K(81920K) From: 384K(2560K)->928K(2560K)
[13958.944s][info][gc,heap        ] GC(33665) ParOldGen: 624521K(624640K)->624593K(624640K)
[13958.944s][info][gc,metaspace   ] GC(33665) Metaspace: 62261K(62592K)->62261K(62592K) NonClass: 56727K(56960K)->56727K(56960K) Class: 5534K(5632K)->5534K(5632K)
[13958.944s][info][gc             ] GC(33665) Pause Young (Allocation Failure) 690M->610M(692M) 3.235ms
[13958.944s][info][gc,cpu         ] GC(33665) User=0.01s Sys=0.00s Real=0.01s
[13959.381s][info][gc,start       ] GC(33666) Pause Young (Allocation Failure)
[13959.386s][info][gc,heap        ] GC(33666) PSYoungGen: 82848K(84480K)->2528K(83456K) Eden: 81920K(81920K)->0K(80896K) From: 928K(2560K)->2528K(2560K)
[13959.386s][info][gc,heap        ] GC(33666) ParOldGen: 624593K(624640K)->625657K(625664K)
[13959.386s][info][gc,metaspace   ] GC(33666) Metaspace: 62261K(62592K)->62261K(62592K) NonClass: 56727K(56960K)->56727K(56960K) Class: 5534K(5632K)->5534K(5632K)
[13959.386s][info][gc             ] GC(33666) Pause Young (Allocation Failure) 690M->613M(692M) 4.709ms
[13959.386s][info][gc,cpu         ] GC(33666) User=0.01s Sys=0.00s Real=0.00s
[13959.787s][info][gc,start       ] GC(33667) Pause Young (Allocation Failure)
[13959.792s][info][gc,heap        ] GC(33667) PSYoungGen: 83424K(83456K)->1824K(82944K) Eden: 80896K(80896K)->0K(80896K) From: 2528K(2560K)->1824K(2048K)
[13959.793s][info][gc,heap        ] GC(33667) ParOldGen: 625657K(625664K)->627777K(628736K)
[13959.793s][info][gc,metaspace   ] GC(33667) Metaspace: 62261K(62592K)->62261K(62592K) NonClass: 56727K(56960K)->56727K(56960K) Class: 5534K(5632K)->5534K(5632K)
[13959.793s][info][gc             ] GC(33667) Pause Young (Allocation Failure) 692M->614M(695M) 5.251ms
[13959.793s][info][gc,cpu         ] GC(33667) User=0.00s Sys=0.00s Real=0.01s
[13960.189s][info][gc,start       ] GC(33668) Pause Young (Allocation Failure)
[13960.193s][info][gc,heap        ] GC(33668) PSYoungGen: 82720K(82944K)->1760K(83456K) Eden: 80896K(80896K)->0K(79872K) From: 1824K(2048K)->1760K(3584K)
[13960.193s][info][gc,heap        ] GC(33668) ParOldGen: 627777K(628736K)->627849K(628736K)
[13960.193s][info][gc,metaspace   ] GC(33668) Metaspace: 62261K(62592K)->62261K(62592K) NonClass: 56727K(56960K)->56727K(56960K) Class: 5534K(5632K)->5534K(5632K)
[13960.193s][info][gc             ] GC(33668) Pause Young (Allocation Failure) 693M->614M(695M) 4.131ms
[13960.193s][info][gc,cpu         ] GC(33668) User=0.01s Sys=0.01s Real=0.01s
[13960.625s][info][gc,start       ] GC(33669) Pause Young (Allocation Failure)
[13960.628s][info][gc,heap        ] GC(33669) PSYoungGen: 81632K(83456K)->672K(83456K) Eden: 79872K(79872K)->0K(79872K) From: 1760K(3584K)->672K(3584K)
[13960.628s][info][gc,heap        ] GC(33669) ParOldGen: 627849K(628736K)->627921K(628736K)
[13960.628s][info][gc,metaspace   ] GC(33669) Metaspace: 62261K(62592K)->62261K(62592K) NonClass: 56727K(56960K)->56727K(56960K) Class: 5534K(5632K)->5534K(5632K)
[13960.628s][info][gc             ] GC(33669) Pause Young (Allocation Failure) 692M->613M(695M) 2.913ms
[13960.628s][info][gc,cpu         ] GC(33669) User=0.00s Sys=0.00s Real=0.00s
[13960.975s][info][gc,start       ] GC(33670) Pause Young (Allocation Failure)
[13960.979s][info][gc,heap        ] GC(33670) PSYoungGen: 80544K(83456K)->1568K(83968K) Eden: 79872K(79872K)->0K(80896K) From: 672K(3584K)->1568K(3072K)
[13960.979s][info][gc,heap        ] GC(33670) ParOldGen: 627921K(628736K)->627993K(628736K)
[13960.979s][info][gc,metaspace   ] GC(33670) Metaspace: 62261K(62592K)->62261K(62592K) NonClass: 56727K(56960K)->56727K(56960K) Class: 5534K(5632K)->5534K(5632K)
[13960.979s][info][gc             ] GC(33670) Pause Young (Allocation Failure) 691M->614M(696M) 4.139ms
[13960.979s][info][gc,cpu         ] GC(33670) User=0.00s Sys=0.00s Real=0.00s
[13961.480s][info][gc,start       ] GC(33671) Pause Young (Allocation Failure)
[13961.483s][info][gc,heap        ] GC(33671) PSYoungGen: 82464K(83968K)->912K(83968K) Eden: 80896K(80896K)->0K(80896K) From: 1568K(3072K)->912K(3072K)
[13961.483s][info][gc,heap        ] GC(33671) ParOldGen: 627993K(628736K)->628065K(628736K)
[13961.483s][info][gc,metaspace   ] GC(33671) Metaspace: 62261K(62592K)->62261K(62592K) NonClass: 56727K(56960K)->56727K(56960K) Class: 5534K(5632K)->5534K(5632K)
[13961.483s][info][gc             ] GC(33671) Pause Young (Allocation Failure) 693M->614M(696M) 3.182ms
[13961.483s][info][gc,cpu         ] GC(33671) User=0.01s Sys=0.00s Real=0.01s
[13961.849s][info][gc,start       ] GC(33672) Pause Young (Allocation Failure)
[13961.852s][info][gc,heap        ] GC(33672) PSYoungGen: 81808K(83968K)->1056K(83968K) Eden: 80896K(80896K)->0K(80896K) From: 912K(3072K)->1056K(3072K)
[13961.852s][info][gc,heap        ] GC(33672) ParOldGen: 628065K(628736K)->628185K(628736K)
[13961.852s][info][gc,metaspace   ] GC(33672) Metaspace: 62261K(62592K)->62261K(62592K) NonClass: 56727K(56960K)->56727K(56960K) Class: 5534K(5632K)->5534K(5632K)
[13961.852s][info][gc             ] GC(33672) Pause Young (Allocation Failure) 693M->614M(696M) 3.256ms
[13961.852s][info][gc,cpu         ] GC(33672) User=0.01s Sys=0.00s Real=0.01s
[13962.289s][info][gc,start       ] GC(33673) Pause Young (Allocation Failure)
[13962.293s][info][gc,heap        ] GC(33673) PSYoungGen: 81952K(83968K)->1632K(83968K) Eden: 80896K(80896K)->0K(80896K) From: 1056K(3072K)->1632K(3072K)
[13962.293s][info][gc,heap        ] GC(33673) ParOldGen: 628185K(628736K)->628257K(628736K)
[13962.293s][info][gc,metaspace   ] GC(33673) Metaspace: 62261K(62592K)->62261K(62592K) NonClass: 56727K(56960K)->56727K(56960K) Class: 5534K(5632K)->5534K(5632K)
[13962.293s][info][gc             ] GC(33673) Pause Young (Allocation Failure) 693M->615M(696M) 3.789ms
[13962.293s][info][gc,cpu         ] GC(33673) User=0.00s Sys=0.00s Real=0.01s
[13962.716s][info][gc,start       ] GC(33674) Pause Young (Allocation Failure)
[13962.719s][info][gc,heap        ] GC(33674) PSYoungGen: 82528K(83968K)->576K(83968K) Eden: 80896K(80896K)->0K(80896K) From: 1632K(3072K)->576K(3072K)
[13962.719s][info][gc,heap        ] GC(33674) ParOldGen: 628257K(628736K)->628329K(628736K)
[13962.719s][info][gc,metaspace   ] GC(33674) Metaspace: 62261K(62592K)->62261K(62592K) NonClass: 56727K(56960K)->56727K(56960K) Class: 5534K(5632K)->5534K(5632K)
[13962.719s][info][gc             ] GC(33674) Pause Young (Allocation Failure) 694M->614M(696M) 2.850ms
[13962.719s][info][gc,cpu         ] GC(33674) User=0.01s Sys=0.00s Real=0.00s
[13963.118s][info][gc,start       ] GC(33675) Pause Young (Allocation Failure)
[13963.120s][info][gc,heap        ] GC(33675) PSYoungGen: 81472K(83968K)->608K(83968K) Eden: 80896K(80896K)->0K(80896K) From: 576K(3072K)->608K(3072K)
[13963.121s][info][gc,heap        ] GC(33675) ParOldGen: 628329K(628736K)->628401K(628736K)
[13963.121s][info][gc,metaspace   ] GC(33675) Metaspace: 62261K(62592K)->62261K(62592K) NonClass: 56727K(56960K)->56727K(56960K) Class: 5534K(5632K)->5534K(5632K)
[13963.121s][info][gc             ] GC(33675) Pause Young (Allocation Failure) 693M->614M(696M) 2.863ms
[13963.121s][info][gc,cpu         ] GC(33675) User=0.01s Sys=0.00s Real=0.00s
[13963.520s][info][gc,start       ] GC(33676) Pause Young (Allocation Failure)
[13963.523s][info][gc,heap        ] GC(33676) PSYoungGen: 81504K(83968K)->640K(83968K) Eden: 80896K(80896K)->0K(80896K) From: 608K(3072K)->640K(3072K)
[13963.523s][info][gc,heap        ] GC(33676) ParOldGen: 628401K(628736K)->628473K(628736K)
[13963.523s][info][gc,metaspace   ] GC(33676) Metaspace: 62261K(62592K)->62261K(62592K) NonClass: 56727K(56960K)->56727K(56960K) Class: 5534K(5632K)->5534K(5632K)
[13963.523s][info][gc             ] GC(33676) Pause Young (Allocation Failure) 693M->614M(696M) 3.340ms
[13963.523s][info][gc,cpu         ] GC(33676) User=0.00s Sys=0.00s Real=0.01s
[13963.937s][info][gc,start       ] GC(33677) Pause Young (Allocation Failure)
[13963.941s][info][gc,heap        ] GC(33677) PSYoungGen: 81536K(83968K)->3008K(83968K) Eden: 80896K(80896K)->0K(80896K) From: 640K(3072K)->3008K(3072K)
[13963.941s][info][gc,heap        ] GC(33677) ParOldGen: 628473K(628736K)->629577K(630272K)
[13963.941s][info][gc,metaspace   ] GC(33677) Metaspace: 62261K(62592K)->62261K(62592K) NonClass: 56727K(56960K)->56727K(56960K) Class: 5534K(5632K)->5534K(5632K)
[13963.941s][info][gc             ] GC(33677) Pause Young (Allocation Failure) 693M->617M(697M) 4.331ms
[13963.941s][info][gc,cpu         ] GC(33677) User=0.01s Sys=0.00s Real=0.00s
[13964.345s][info][gc,start       ] GC(33678) Pause Young (Allocation Failure)
[13964.350s][info][gc,heap        ] GC(33678) PSYoungGen: 83904K(83968K)->928K(83968K) Eden: 80896K(80896K)->0K(80896K) From: 3008K(3072K)->928K(3072K)
[13964.350s][info][gc,heap        ] GC(33678) ParOldGen: 629577K(630272K)->631698K(631808K)
[13964.350s][info][gc,metaspace   ] GC(33678) Metaspace: 62261K(62592K)->62261K(62592K) NonClass: 56727K(56960K)->56727K(56960K) Class: 5534K(5632K)->5534K(5632K)
[13964.350s][info][gc             ] GC(33678) Pause Young (Allocation Failure) 696M->617M(699M) 4.215ms
[13964.350s][info][gc,cpu         ] GC(33678) User=0.01s Sys=0.00s Real=0.00s
[13964.753s][info][gc,start       ] GC(33679) Pause Young (Allocation Failure)
[13964.756s][info][gc,heap        ] GC(33679) PSYoungGen: 81824K(83968K)->1152K(83968K) Eden: 80896K(80896K)->0K(80896K) From: 928K(3072K)->1152K(3072K)
[13964.756s][info][gc,heap        ] GC(33679) ParOldGen: 631698K(631808K)->631770K(631808K)
[13964.757s][info][gc,metaspace   ] GC(33679) Metaspace: 62261K(62592K)->62261K(62592K) NonClass: 56727K(56960K)->56727K(56960K) Class: 5534K(5632K)->5534K(5632K)
[13964.757s][info][gc             ] GC(33679) Pause Young (Allocation Failure) 696M->618M(699M) 3.413ms
[13964.757s][info][gc,cpu         ] GC(33679) User=0.01s Sys=0.00s Real=0.00s
[13965.181s][info][gc,start       ] GC(33680) Pause Young (Allocation Failure)
[13965.184s][info][gc,heap        ] GC(33680) PSYoungGen: 82048K(83968K)->1632K(83968K) Eden: 80896K(80896K)->0K(80896K) From: 1152K(3072K)->1632K(3072K)
[13965.184s][info][gc,heap        ] GC(33680) ParOldGen: 631770K(631808K)->631842K(632320K)
[13965.184s][info][gc,metaspace   ] GC(33680) Metaspace: 62261K(62592K)->62261K(62592K) NonClass: 56727K(56960K)->56727K(56960K) Class: 5534K(5632K)->5534K(5632K)
[13965.185s][info][gc             ] GC(33680) Pause Young (Allocation Failure) 697M->618M(699M) 3.791ms
[13965.185s][info][gc,cpu         ] GC(33680) User=0.00s Sys=0.00s Real=0.01s
[13965.549s][info][gc,start       ] GC(33681) Pause Young (Allocation Failure)
[13965.553s][info][gc,heap        ] GC(33681) PSYoungGen: 82528K(83968K)->1184K(83968K) Eden: 80896K(80896K)->0K(80896K) From: 1632K(3072K)->1184K(3072K)
[13965.553s][info][gc,heap        ] GC(33681) ParOldGen: 631842K(632320K)->631914K(632320K)
[13965.553s][info][gc,metaspace   ] GC(33681) Metaspace: 62261K(62592K)->62261K(62592K) NonClass: 56727K(56960K)->56727K(56960K) Class: 5534K(5632K)->5534K(5632K)
[13965.553s][info][gc             ] GC(33681) Pause Young (Allocation Failure) 697M->618M(699M) 3.429ms
[13965.553s][info][gc,cpu         ] GC(33681) User=0.01s Sys=0.00s Real=0.01s
[13965.915s][info][gc,start       ] GC(33682) Pause Young (Allocation Failure)
[13965.918s][info][gc,heap        ] GC(33682) PSYoungGen: 82080K(83968K)->608K(83968K) Eden: 80896K(80896K)->0K(80896K) From: 1184K(3072K)->608K(3072K)
[13965.918s][info][gc,heap        ] GC(33682) ParOldGen: 631914K(632320K)->631986K(632320K)
[13965.918s][info][gc,metaspace   ] GC(33682) Metaspace: 62261K(62592K)->62261K(62592K) NonClass: 56727K(56960K)->56727K(56960K) Class: 5534K(5632K)->5534K(5632K)
[13965.918s][info][gc             ] GC(33682) Pause Young (Allocation Failure) 697M->617M(699M) 2.835ms
[13965.918s][info][gc,cpu         ] GC(33682) User=0.00s Sys=0.00s Real=0.00s
[13966.299s][info][gc,start       ] GC(33683) Pause Young (Allocation Failure)
[13966.302s][info][gc,heap        ] GC(33683) PSYoungGen: 81504K(83968K)->288K(83968K) Eden: 80896K(80896K)->0K(80896K) From: 608K(3072K)->288K(3072K)
[13966.302s][info][gc,heap        ] GC(33683) ParOldGen: 631986K(632320K)->632058K(632320K)
[13966.302s][info][gc,metaspace   ] GC(33683) Metaspace: 62261K(62592K)->62261K(62592K) NonClass: 56727K(56960K)->56727K(56960K) Class: 5534K(5632K)->5534K(5632K)
[13966.302s][info][gc             ] GC(33683) Pause Young (Allocation Failure) 696M->617M(699M) 2.638ms
[13966.302s][info][gc,cpu         ] GC(33683) User=0.00s Sys=0.00s Real=0.01s
[13966.696s][info][gc,start       ] GC(33684) Pause Young (Allocation Failure)
[13966.699s][info][gc,heap        ] GC(33684) PSYoungGen: 81184K(83968K)->256K(83968K) Eden: 80896K(80896K)->0K(80896K) From: 288K(3072K)->256K(3072K)
[13966.699s][info][gc,heap        ] GC(33684) ParOldGen: 632058K(632320K)->632130K(632320K)
[13966.699s][info][gc,metaspace   ] GC(33684) Metaspace: 62261K(62592K)->62261K(62592K) NonClass: 56727K(56960K)->56727K(56960K) Class: 5534K(5632K)->5534K(5632K)
[13966.699s][info][gc             ] GC(33684) Pause Young (Allocation Failure) 696M->617M(699M) 2.574ms
[13966.699s][info][gc,cpu         ] GC(33684) User=0.00s Sys=0.00s Real=0.00s
[13967.069s][info][gc,start       ] GC(33685) Pause Young (Allocation Failure)
[13967.072s][info][gc,heap        ] GC(33685) PSYoungGen: 81152K(83968K)->1504K(83968K) Eden: 80896K(80896K)->0K(80896K) From: 256K(3072K)->1504K(3072K)
[13967.072s][info][gc,heap        ] GC(33685) ParOldGen: 632130K(632320K)->632202K(632320K)
[13967.072s][info][gc,metaspace   ] GC(33685) Metaspace: 62261K(62592K)->62261K(62592K) NonClass: 56727K(56960K)->56727K(56960K) Class: 5534K(5632K)->5534K(5632K)
[13967.072s][info][gc             ] GC(33685) Pause Young (Allocation Failure) 696M->618M(699M) 3.639ms
[13967.072s][info][gc,cpu         ] GC(33685) User=0.00s Sys=0.00s Real=0.01s
[13967.472s][info][gc,start       ] GC(33686) Pause Young (Allocation Failure)
[13967.476s][info][gc,heap        ] GC(33686) PSYoungGen: 82400K(83968K)->1504K(83968K) Eden: 80896K(80896K)->0K(80896K) From: 1504K(3072K)->1504K(3072K)
[13967.476s][info][gc,heap        ] GC(33686) ParOldGen: 632202K(632320K)->632274K(632320K)
[13967.476s][info][gc,metaspace   ] GC(33686) Metaspace: 62261K(62592K)->62261K(62592K) NonClass: 56727K(56960K)->56727K(56960K) Class: 5534K(5632K)->5534K(5632K)
[13967.476s][info][gc             ] GC(33686) Pause Young (Allocation Failure) 697M->618M(699M) 3.695ms
[13967.476s][info][gc,cpu         ] GC(33686) User=0.00s Sys=0.00s Real=0.00s
[13967.879s][info][gc,start       ] GC(33687) Pause Young (Allocation Failure)
[13967.882s][info][gc,heap        ] GC(33687) PSYoungGen: 82400K(83968K)->1600K(83968K) Eden: 80896K(80896K)->0K(80896K) From: 1504K(3072K)->1600K(3072K)
[13967.882s][info][gc,heap        ] GC(33687) ParOldGen: 632274K(632320K)->632346K(632832K)
[13967.882s][info][gc,metaspace   ] GC(33687) Metaspace: 62261K(62592K)->62261K(62592K) NonClass: 56727K(56960K)->56727K(56960K) Class: 5534K(5632K)->5534K(5632K)
[13967.882s][info][gc             ] GC(33687) Pause Young (Allocation Failure) 697M->619M(700M) 3.708ms
[13967.882s][info][gc,cpu         ] GC(33687) User=0.01s Sys=0.00s Real=0.01s
[13968.285s][info][gc,start       ] GC(33688) Pause Young (Allocation Failure)
[13968.289s][info][gc,heap        ] GC(33688) PSYoungGen: 82496K(83968K)->1664K(83968K) Eden: 80896K(80896K)->0K(80896K) From: 1600K(3072K)->1664K(3072K)
[13968.289s][info][gc,heap        ] GC(33688) ParOldGen: 632346K(632832K)->632418K(632832K)
[13968.289s][info][gc,metaspace   ] GC(33688) Metaspace: 62261K(62592K)->62261K(62592K) NonClass: 56727K(56960K)->56727K(56960K) Class: 5534K(5632K)->5534K(5632K)
[13968.289s][info][gc             ] GC(33688) Pause Young (Allocation Failure) 698M->619M(700M) 3.859ms
[13968.289s][info][gc,cpu         ] GC(33688) User=0.01s Sys=0.00s Real=0.00s
[13968.708s][info][gc,start       ] GC(33689) Pause Young (Allocation Failure)
[13968.711s][info][gc,heap        ] GC(33689) PSYoungGen: 82560K(83968K)->416K(83968K) Eden: 80896K(80896K)->0K(80896K) From: 1664K(3072K)->416K(3072K)
[13968.711s][info][gc,heap        ] GC(33689) ParOldGen: 632418K(632832K)->632490K(632832K)
[13968.711s][info][gc,metaspace   ] GC(33689) Metaspace: 62261K(62592K)->62261K(62592K) NonClass: 56727K(56960K)->56727K(56960K) Class: 5534K(5632K)->5534K(5632K)
[13968.711s][info][gc             ] GC(33689) Pause Young (Allocation Failure) 698M->618M(700M) 2.777ms
[13968.711s][info][gc,cpu         ] GC(33689) User=0.00s Sys=0.00s Real=0.01s
[13969.154s][info][gc,start       ] GC(33690) Pause Young (Allocation Failure)
[13969.157s][info][gc,heap        ] GC(33690) PSYoungGen: 81312K(83968K)->1168K(83968K) Eden: 80896K(80896K)->0K(80896K) From: 416K(3072K)->1168K(3072K)
[13969.157s][info][gc,heap        ] GC(33690) ParOldGen: 632490K(632832K)->632562K(632832K)
[13969.157s][info][gc,metaspace   ] GC(33690) Metaspace: 62261K(62592K)->62261K(62592K) NonClass: 56727K(56960K)->56727K(56960K) Class: 5534K(5632K)->5534K(5632K)
[13969.157s][info][gc             ] GC(33690) Pause Young (Allocation Failure) 697M->618M(700M) 3.380ms
[13969.157s][info][gc,cpu         ] GC(33690) User=0.00s Sys=0.00s Real=0.00s
[13969.552s][info][gc,start       ] GC(33691) Pause Young (Allocation Failure)
[13969.555s][info][gc,heap        ] GC(33691) PSYoungGen: 82064K(83968K)->1248K(83968K) Eden: 80896K(80896K)->0K(80896K) From: 1168K(3072K)->1248K(3072K)
[13969.555s][info][gc,heap        ] GC(33691) ParOldGen: 632562K(632832K)->632682K(632832K)
[13969.555s][info][gc,metaspace   ] GC(33691) Metaspace: 62261K(62592K)->62261K(62592K) NonClass: 56727K(56960K)->56727K(56960K) Class: 5534K(5632K)->5534K(5632K)
[13969.556s][info][gc             ] GC(33691) Pause Young (Allocation Failure) 697M->619M(700M) 3.492ms
[13969.556s][info][gc,cpu         ] GC(33691) User=0.01s Sys=0.00s Real=0.00s
[13969.951s][info][gc,start       ] GC(33692) Pause Young (Allocation Failure)
[13969.954s][info][gc,heap        ] GC(33692) PSYoungGen: 82144K(83968K)->1024K(84480K) Eden: 80896K(80896K)->0K(81920K) From: 1248K(3072K)->1024K(2560K)
[13969.954s][info][gc,heap        ] GC(33692) ParOldGen: 632682K(632832K)->632754K(632832K)
[13969.954s][info][gc,metaspace   ] GC(33692) Metaspace: 62261K(62592K)->62261K(62592K) NonClass: 56727K(56960K)->56727K(56960K) Class: 5534K(5632K)->5534K(5632K)
[13969.954s][info][gc             ] GC(33692) Pause Young (Allocation Failure) 698M->618M(700M) 3.279ms
[13969.954s][info][gc,cpu         ] GC(33692) User=0.01s Sys=0.00s Real=0.00s
[13970.380s][info][gc,start       ] GC(33693) Pause Young (Allocation Failure)
[13970.383s][info][gc,heap        ] GC(33693) PSYoungGen: 82944K(84480K)->1536K(84480K) Eden: 81920K(81920K)->0K(81920K) From: 1024K(2560K)->1536K(2560K)
[13970.383s][info][gc,heap        ] GC(33693) ParOldGen: 632754K(632832K)->632826K(632832K)
[13970.383s][info][gc,metaspace   ] GC(33693) Metaspace: 62261K(62592K)->62261K(62592K) NonClass: 56727K(56960K)->56727K(56960K) Class: 5534K(5632K)->5534K(5632K)
[13970.383s][info][gc             ] GC(33693) Pause Young (Allocation Failure) 698M->619M(700M) 3.656ms
[13970.383s][info][gc,cpu         ] GC(33693) User=0.01s Sys=0.00s Real=0.01s
[13970.763s][info][gc,start       ] GC(33694) Pause Young (Allocation Failure)
[13970.767s][info][gc,heap        ] GC(33694) PSYoungGen: 83456K(84480K)->1472K(84480K) Eden: 81920K(81920K)->0K(81920K) From: 1536K(2560K)->1472K(2560K)
[13970.767s][info][gc,heap        ] GC(33694) ParOldGen: 632826K(632832K)->632898K(633344K)
[13970.767s][info][gc,metaspace   ] GC(33694) Metaspace: 62261K(62592K)->62261K(62592K) NonClass: 56727K(56960K)->56727K(56960K) Class: 5534K(5632K)->5534K(5632K)
[13970.767s][info][gc             ] GC(33694) Pause Young (Allocation Failure) 699M->619M(701M) 3.923ms
[13970.767s][info][gc,cpu         ] GC(33694) User=0.01s Sys=0.00s Real=0.00s
[13971.163s][info][gc,start       ] GC(33695) Pause Young (Allocation Failure)
[13971.167s][info][gc,heap        ] GC(33695) PSYoungGen: 83392K(84480K)->1312K(84480K) Eden: 81920K(81920K)->0K(81920K) From: 1472K(2560K)->1312K(2560K)
[13971.167s][info][gc,heap        ] GC(33695) ParOldGen: 632898K(633344K)->632962K(633344K)
[13971.167s][info][gc,metaspace   ] GC(33695) Metaspace: 62261K(62592K)->62261K(62592K) NonClass: 56727K(56960K)->56727K(56960K) Class: 5534K(5632K)->5534K(5632K)
[13971.167s][info][gc             ] GC(33695) Pause Young (Allocation Failure) 699M->619M(701M) 3.638ms
[13971.167s][info][gc,cpu         ] GC(33695) User=0.00s Sys=0.00s Real=0.00s
[13971.567s][info][gc,start       ] GC(33696) Pause Young (Allocation Failure)
[13971.570s][info][gc,heap        ] GC(33696) PSYoungGen: 83232K(84480K)->1440K(84480K) Eden: 81920K(81920K)->0K(81920K) From: 1312K(2560K)->1440K(2560K)
[13971.570s][info][gc,heap        ] GC(33696) ParOldGen: 632962K(633344K)->633034K(633344K)
[13971.570s][info][gc,metaspace   ] GC(33696) Metaspace: 62261K(62592K)->62261K(62592K) NonClass: 56727K(56960K)->56727K(56960K) Class: 5534K(5632K)->5534K(5632K)
[13971.571s][info][gc             ] GC(33696) Pause Young (Allocation Failure) 699M->619M(701M) 3.610ms
[13971.571s][info][gc,cpu         ] GC(33696) User=0.01s Sys=0.00s Real=0.00s
[13971.964s][info][gc,start       ] GC(33697) Pause Young (Allocation Failure)
[13971.967s][info][gc,heap        ] GC(33697) PSYoungGen: 83360K(84480K)->1408K(84480K) Eden: 81920K(81920K)->0K(81920K) From: 1440K(2560K)->1408K(2560K)
[13971.967s][info][gc,heap        ] GC(33697) ParOldGen: 633034K(633344K)->633106K(633344K)
[13971.967s][info][gc,metaspace   ] GC(33697) Metaspace: 62261K(62592K)->62261K(62592K) NonClass: 56727K(56960K)->56727K(56960K) Class: 5534K(5632K)->5534K(5632K)
[13971.967s][info][gc             ] GC(33697) Pause Young (Allocation Failure) 699M->619M(701M) 3.488ms
[13971.967s][info][gc,cpu         ] GC(33697) User=0.00s Sys=0.00s Real=0.00s
[13972.365s][info][gc,start       ] GC(33698) Pause Young (Allocation Failure)
[13972.369s][info][gc,heap        ] GC(33698) PSYoungGen: 83328K(84480K)->1376K(84480K) Eden: 81920K(81920K)->0K(81920K) From: 1408K(2560K)->1376K(2560K)
[13972.369s][info][gc,heap        ] GC(33698) ParOldGen: 633106K(633344K)->633178K(633344K)
[13972.369s][info][gc,metaspace   ] GC(33698) Metaspace: 62261K(62592K)->62261K(62592K) NonClass: 56727K(56960K)->56727K(56960K) Class: 5534K(5632K)->5534K(5632K)
[13972.369s][info][gc             ] GC(33698) Pause Young (Allocation Failure) 699M->619M(701M) 3.601ms
[13972.369s][info][gc,cpu         ] GC(33698) User=0.01s Sys=0.00s Real=0.00s
[13972.748s][info][gc,start       ] GC(33699) Pause Young (Allocation Failure)
[13972.752s][info][gc,heap        ] GC(33699) PSYoungGen: 83296K(84480K)->1056K(84480K) Eden: 81920K(81920K)->0K(81920K) From: 1376K(2560K)->1056K(2560K)
[13972.752s][info][gc,heap        ] GC(33699) ParOldGen: 633178K(633344K)->633250K(633344K)
[13972.752s][info][gc,metaspace   ] GC(33699) Metaspace: 62261K(62592K)->62261K(62592K) NonClass: 56727K(56960K)->56727K(56960K) Class: 5534K(5632K)->5534K(5632K)
[13972.752s][info][gc             ] GC(33699) Pause Young (Allocation Failure) 699M->619M(701M) 3.283ms
[13972.752s][info][gc,cpu         ] GC(33699) User=0.01s Sys=0.00s Real=0.01s
[13973.099s][info][gc,start       ] GC(33700) Pause Young (Allocation Failure)
[13973.102s][info][gc,heap        ] GC(33700) PSYoungGen: 82976K(84480K)->2336K(84480K) Eden: 81920K(81920K)->0K(81920K) From: 1056K(2560K)->2336K(2560K)
[13973.102s][info][gc,heap        ] GC(33700) ParOldGen: 633250K(633344K)->633322K(633344K)
[13973.102s][info][gc,metaspace   ] GC(33700) Metaspace: 62261K(62592K)->62261K(62592K) NonClass: 56727K(56960K)->56727K(56960K) Class: 5534K(5632K)->5534K(5632K)
[13973.102s][info][gc             ] GC(33700) Pause Young (Allocation Failure) 699M->620M(701M) 2.944ms
[13973.102s][info][gc,cpu         ] GC(33700) User=0.01s Sys=0.00s Real=0.01s
[13973.477s][info][gc,start       ] GC(33701) Pause Young (Allocation Failure)
[13973.484s][info][gc,heap        ] GC(33701) PSYoungGen: 84256K(84480K)->1664K(84480K) Eden: 81920K(81920K)->0K(81920K) From: 2336K(2560K)->1664K(2560K)
[13973.484s][info][gc,heap        ] GC(33701) ParOldGen: 633322K(633344K)->635442K(636416K)
[13973.484s][info][gc,metaspace   ] GC(33701) Metaspace: 62261K(62592K)->62261K(62592K) NonClass: 56727K(56960K)->56727K(56960K) Class: 5534K(5632K)->5534K(5632K)
[13973.484s][info][gc             ] GC(33701) Pause Young (Allocation Failure) 700M->622M(704M) 7.414ms
[13973.484s][info][gc,cpu         ] GC(33701) User=0.00s Sys=0.00s Real=0.01s
[13973.862s][info][gc,start       ] GC(33702) Pause Young (Allocation Failure)
[13973.867s][info][gc,heap        ] GC(33702) PSYoungGen: 83584K(84480K)->1408K(100864K) Eden: 81920K(81920K)->0K(98304K) From: 1664K(2560K)->1408K(2560K)
[13973.867s][info][gc,heap        ] GC(33702) ParOldGen: 635442K(636416K)->635514K(636416K)
[13973.867s][info][gc,metaspace   ] GC(33702) Metaspace: 62261K(62592K)->62261K(62592K) NonClass: 56727K(56960K)->56727K(56960K) Class: 5534K(5632K)->5534K(5632K)
[13973.867s][info][gc             ] GC(33702) Pause Young (Allocation Failure) 702M->621M(720M) 4.582ms
[13973.867s][info][gc,cpu         ] GC(33702) User=0.01s Sys=0.00s Real=0.00s
[13974.356s][info][gc,start       ] GC(33703) Pause Young (Allocation Failure)
[13974.360s][info][gc,heap        ] GC(33703) PSYoungGen: 99712K(100864K)->1120K(100864K) Eden: 98304K(98304K)->0K(98304K) From: 1408K(2560K)->1120K(2560K)
[13974.360s][info][gc,heap        ] GC(33703) ParOldGen: 635514K(636416K)->635554K(636416K)
[13974.360s][info][gc,metaspace   ] GC(33703) Metaspace: 62261K(62592K)->62261K(62592K) NonClass: 56727K(56960K)->56727K(56960K) Class: 5534K(5632K)->5534K(5632K)
[13974.360s][info][gc             ] GC(33703) Pause Young (Allocation Failure) 717M->621M(720M) 3.852ms
[13974.360s][info][gc,cpu         ] GC(33703) User=0.01s Sys=0.00s Real=0.00s
[13974.845s][info][gc,start       ] GC(33704) Pause Young (Allocation Failure)
[13974.848s][info][gc,heap        ] GC(33704) PSYoungGen: 99424K(100864K)->928K(96256K) Eden: 98304K(98304K)->0K(95232K) From: 1120K(2560K)->928K(1024K)
[13974.848s][info][gc,heap        ] GC(33704) ParOldGen: 635554K(636416K)->635602K(636416K)
[13974.848s][info][gc,metaspace   ] GC(33704) Metaspace: 62261K(62592K)->62261K(62592K) NonClass: 56727K(56960K)->56727K(56960K) Class: 5534K(5632K)->5534K(5632K)
[13974.848s][info][gc             ] GC(33704) Pause Young (Allocation Failure) 717M->621M(715M) 3.559ms
[13974.848s][info][gc,cpu         ] GC(33704) User=0.01s Sys=0.00s Real=0.00s
[13975.280s][info][gc,start       ] GC(33705) Pause Young (Allocation Failure)
[13975.284s][info][gc,heap        ] GC(33705) PSYoungGen: 96160K(96256K)->1504K(94208K) Eden: 95232K(95232K)->0K(92672K) From: 928K(1024K)->1504K(1536K)
[13975.284s][info][gc,heap        ] GC(33705) ParOldGen: 635602K(636416K)->635650K(636416K)
[13975.284s][info][gc,metaspace   ] GC(33705) Metaspace: 62261K(62592K)->62261K(62592K) NonClass: 56727K(56960K)->56727K(56960K) Class: 5534K(5632K)->5534K(5632K)
[13975.284s][info][gc             ] GC(33705) Pause Young (Allocation Failure) 714M->622M(713M) 4.658ms
[13975.284s][info][gc,cpu         ] GC(33705) User=0.00s Sys=0.00s Real=0.01s
[13975.772s][info][gc,start       ] GC(33706) Pause Young (Allocation Failure)
[13975.776s][info][gc,heap        ] GC(33706) PSYoungGen: 94176K(94208K)->1440K(91648K) Eden: 92672K(92672K)->0K(90112K) From: 1504K(1536K)->1440K(1536K)
[13975.776s][info][gc,heap        ] GC(33706) ParOldGen: 635650K(636416K)->635698K(636416K)
[13975.776s][info][gc,metaspace   ] GC(33706) Metaspace: 62261K(62592K)->62261K(62592K) NonClass: 56727K(56960K)->56727K(56960K) Class: 5534K(5632K)->5534K(5632K)
[13975.776s][info][gc             ] GC(33706) Pause Young (Allocation Failure) 712M->622M(711M) 4.295ms
[13975.776s][info][gc,cpu         ] GC(33706) User=0.01s Sys=0.00s Real=0.00s
[13976.237s][info][gc,start       ] GC(33707) Pause Young (Allocation Failure)
[13976.241s][info][gc,heap        ] GC(33707) PSYoungGen: 91552K(91648K)->960K(88576K) Eden: 90112K(90112K)->0K(87552K) From: 1440K(1536K)->960K(1024K)
[13976.241s][info][gc,heap        ] GC(33707) ParOldGen: 635698K(636416K)->635754K(636416K)
[13976.241s][info][gc,metaspace   ] GC(33707) Metaspace: 62261K(62592K)->62261K(62592K) NonClass: 56727K(56960K)->56727K(56960K) Class: 5534K(5632K)->5534K(5632K)
[13976.241s][info][gc             ] GC(33707) Pause Young (Allocation Failure) 710M->621M(708M) 3.655ms
[13976.241s][info][gc,cpu         ] GC(33707) User=0.01s Sys=0.01s Real=0.00s
[13976.718s][info][gc,start       ] GC(33708) Pause Young (Allocation Failure)
[13976.721s][info][gc,heap        ] GC(33708) PSYoungGen: 88512K(88576K)->672K(86016K) Eden: 87552K(87552K)->0K(84992K) From: 960K(1024K)->672K(1024K)
[13976.721s][info][gc,heap        ] GC(33708) ParOldGen: 635754K(636416K)->635818K(636416K)
[13976.721s][info][gc,metaspace   ] GC(33708) Metaspace: 62261K(62592K)->62261K(62592K) NonClass: 56727K(56960K)->56727K(56960K) Class: 5534K(5632K)->5534K(5632K)
[13976.721s][info][gc             ] GC(33708) Pause Young (Allocation Failure) 707M->621M(705M) 3.030ms
[13976.721s][info][gc,cpu         ] GC(33708) User=0.01s Sys=0.00s Real=0.01s
[13977.182s][info][gc,start       ] GC(33709) Pause Young (Allocation Failure)
[13977.187s][info][gc,heap        ] GC(33709) PSYoungGen: 85664K(86016K)->1536K(83968K) Eden: 84992K(84992K)->0K(82432K) From: 672K(1024K)->1536K(1536K)
[13977.187s][info][gc,heap        ] GC(33709) ParOldGen: 635818K(636416K)->635938K(636416K)
[13977.187s][info][gc,metaspace   ] GC(33709) Metaspace: 62261K(62592K)->62261K(62592K) NonClass: 56727K(56960K)->56727K(56960K) Class: 5534K(5632K)->5534K(5632K)
[13977.187s][info][gc             ] GC(33709) Pause Young (Allocation Failure) 704M->622M(703M) 4.574ms
[13977.187s][info][gc,cpu         ] GC(33709) User=0.01s Sys=0.00s Real=0.00s
[13977.660s][info][gc,start       ] GC(33710) Pause Young (Allocation Failure)
[13977.664s][info][gc,heap        ] GC(33710) PSYoungGen: 83968K(83968K)->1216K(112640K) Eden: 82432K(82432K)->0K(111104K) From: 1536K(1536K)->1216K(1536K)
[13977.664s][info][gc,heap        ] GC(33710) ParOldGen: 635938K(636416K)->636010K(636416K)
[13977.664s][info][gc,metaspace   ] GC(33710) Metaspace: 62261K(62592K)->62261K(62592K) NonClass: 56727K(56960K)->56727K(56960K) Class: 5534K(5632K)->5534K(5632K)
[13977.664s][info][gc             ] GC(33710) Pause Young (Allocation Failure) 703M->622M(731M) 3.748ms
[13977.664s][info][gc,cpu         ] GC(33710) User=0.00s Sys=0.00s Real=0.01s
[13978.214s][info][gc,start       ] GC(33711) Pause Young (Allocation Failure)
[13978.218s][info][gc,heap        ] GC(33711) PSYoungGen: 112320K(112640K)->2528K(110080K) Eden: 111104K(111104K)->0K(107520K) From: 1216K(1536K)->2528K(2560K)
[13978.218s][info][gc,heap        ] GC(33711) ParOldGen: 636010K(636416K)->636098K(636416K)
[13978.218s][info][gc,metaspace   ] GC(33711) Metaspace: 62261K(62592K)->62261K(62592K) NonClass: 56727K(56960K)->56727K(56960K) Class: 5534K(5632K)->5534K(5632K)
[13978.218s][info][gc             ] GC(33711) Pause Young (Allocation Failure) 730M->623M(729M) 3.838ms
[13978.218s][info][gc,cpu         ] GC(33711) User=0.01s Sys=0.00s Real=0.00s
[13978.740s][info][gc,start       ] GC(33712) Pause Young (Allocation Failure)
[13978.745s][info][gc,heap        ] GC(33712) PSYoungGen: 110048K(110080K)->1024K(104960K) Eden: 107520K(107520K)->0K(103936K) From: 2528K(2560K)->1024K(1024K)
[13978.745s][info][gc,heap        ] GC(33712) ParOldGen: 636098K(636416K)->638170K(639488K)
[13978.745s][info][gc,metaspace   ] GC(33712) Metaspace: 62261K(62592K)->62261K(62592K) NonClass: 56727K(56960K)->56727K(56960K) Class: 5534K(5632K)->5534K(5632K)
[13978.745s][info][gc             ] GC(33712) Pause Young (Allocation Failure) 728M->624M(727M) 4.958ms
[13978.745s][info][gc,cpu         ] GC(33712) User=0.01s Sys=0.00s Real=0.01s
[13979.262s][info][gc,start       ] GC(33713) Pause Young (Allocation Failure)
[13979.266s][info][gc,heap        ] GC(33713) PSYoungGen: 104960K(104960K)->1408K(102400K) Eden: 103936K(103936K)->0K(100864K) From: 1024K(1024K)->1408K(1536K)
[13979.266s][info][gc,heap        ] GC(33713) ParOldGen: 638170K(639488K)->638210K(639488K)
[13979.266s][info][gc,metaspace   ] GC(33713) Metaspace: 62261K(62592K)->62261K(62592K) NonClass: 56727K(56960K)->56727K(56960K) Class: 5534K(5632K)->5534K(5632K)
[13979.266s][info][gc             ] GC(33713) Pause Young (Allocation Failure) 725M->624M(724M) 4.041ms
[13979.266s][info][gc,cpu         ] GC(33713) User=0.01s Sys=0.00s Real=0.00s
[13979.716s][info][gc,start       ] GC(33714) Pause Young (Allocation Failure)
[13979.719s][info][gc,heap        ] GC(33714) PSYoungGen: 102272K(102400K)->608K(98816K) Eden: 100864K(100864K)->0K(97792K) From: 1408K(1536K)->608K(1024K)
[13979.719s][info][gc,heap        ] GC(33714) ParOldGen: 638210K(639488K)->638242K(639488K)
[13979.719s][info][gc,metaspace   ] GC(33714) Metaspace: 62261K(62592K)->62261K(62592K) NonClass: 56727K(56960K)->56727K(56960K) Class: 5534K(5632K)->5534K(5632K)
[13979.719s][info][gc             ] GC(33714) Pause Young (Allocation Failure) 723M->623M(721M) 3.034ms
[13979.719s][info][gc,cpu         ] GC(33714) User=0.00s Sys=0.00s Real=0.00s
[13980.173s][info][gc,start       ] GC(33715) Pause Young (Allocation Failure)
[13980.176s][info][gc,heap        ] GC(33715) PSYoungGen: 98400K(98816K)->1632K(96768K) Eden: 97792K(97792K)->0K(94720K) From: 608K(1024K)->1632K(2048K)
[13980.176s][info][gc,heap        ] GC(33715) ParOldGen: 638242K(639488K)->638290K(639488K)
[13980.176s][info][gc,metaspace   ] GC(33715) Metaspace: 62261K(62592K)->62261K(62592K) NonClass: 56727K(56960K)->56727K(56960K) Class: 5534K(5632K)->5534K(5632K)
[13980.177s][info][gc             ] GC(33715) Pause Young (Allocation Failure) 719M->624M(719M) 3.925ms
[13980.177s][info][gc,cpu         ] GC(33715) User=0.00s Sys=0.00s Real=0.00s
[13980.589s][info][gc,start       ] GC(33716) Pause Young (Allocation Failure)
[13980.593s][info][gc,heap        ] GC(33716) PSYoungGen: 96352K(96768K)->1952K(94208K) Eden: 94720K(94720K)->0K(92160K) From: 1632K(2048K)->1952K(2048K)
[13980.593s][info][gc,heap        ] GC(33716) ParOldGen: 638290K(639488K)->638338K(639488K)
[13980.593s][info][gc,metaspace   ] GC(33716) Metaspace: 62261K(62592K)->62261K(62592K) NonClass: 56727K(56960K)->56727K(56960K) Class: 5534K(5632K)->5534K(5632K)
[13980.593s][info][gc             ] GC(33716) Pause Young (Allocation Failure) 717M->625M(716M) 4.425ms
[13980.593s][info][gc,cpu         ] GC(33716) User=0.00s Sys=0.00s Real=0.01s
[13981.048s][info][gc,start       ] GC(33717) Pause Young (Allocation Failure)
[13981.051s][info][gc,heap        ] GC(33717) PSYoungGen: 94112K(94208K)->1056K(91136K) Eden: 92160K(92160K)->0K(89600K) From: 1952K(2048K)->1056K(1536K)
[13981.051s][info][gc,heap        ] GC(33717) ParOldGen: 638338K(639488K)->638394K(639488K)
[13981.051s][info][gc,metaspace   ] GC(33717) Metaspace: 62261K(62592K)->62261K(62592K) NonClass: 56727K(56960K)->56727K(56960K) Class: 5534K(5632K)->5534K(5632K)
[13981.051s][info][gc             ] GC(33717) Pause Young (Allocation Failure) 715M->624M(713M) 3.520ms
[13981.051s][info][gc,cpu         ] GC(33717) User=0.01s Sys=0.00s Real=0.01s
[13981.534s][info][gc,start       ] GC(33718) Pause Young (Allocation Failure)
[13981.537s][info][gc,heap        ] GC(33718) PSYoungGen: 90656K(91136K)->864K(88064K) Eden: 89600K(89600K)->0K(87040K) From: 1056K(1536K)->864K(1024K)
[13981.537s][info][gc,heap        ] GC(33718) ParOldGen: 638394K(639488K)->638450K(639488K)
[13981.537s][info][gc,metaspace   ] GC(33718) Metaspace: 62261K(62592K)->62261K(62592K) NonClass: 56727K(56960K)->56727K(56960K) Class: 5534K(5632K)->5534K(5632K)
[13981.537s][info][gc             ] GC(33718) Pause Young (Allocation Failure) 711M->624M(710M) 3.225ms
[13981.537s][info][gc,cpu         ] GC(33718) User=0.01s Sys=0.00s Real=0.00s
[13981.939s][info][gc,start       ] GC(33719) Pause Young (Allocation Failure)
[13981.943s][info][gc,heap        ] GC(33719) PSYoungGen: 87904K(88064K)->1152K(86016K) Eden: 87040K(87040K)->0K(84480K) From: 864K(1024K)->1152K(1536K)
[13981.943s][info][gc,heap        ] GC(33719) ParOldGen: 638450K(639488K)->638514K(639488K)
[13981.943s][info][gc,metaspace   ] GC(33719) Metaspace: 62261K(62592K)->62261K(62592K) NonClass: 56727K(56960K)->56727K(56960K) Class: 5534K(5632K)->5534K(5632K)
[13981.943s][info][gc             ] GC(33719) Pause Young (Allocation Failure) 709M->624M(708M) 3.475ms
[13981.943s][info][gc,cpu         ] GC(33719) User=0.01s Sys=0.00s Real=0.01s
[13982.331s][info][gc,start       ] GC(33720) Pause Young (Allocation Failure)
[13982.334s][info][gc,heap        ] GC(33720) PSYoungGen: 85632K(86016K)->832K(102912K) Eden: 84480K(84480K)->0K(101888K) From: 1152K(1536K)->832K(1024K)
[13982.334s][info][gc,heap        ] GC(33720) ParOldGen: 638514K(639488K)->638578K(639488K)
[13982.334s][info][gc,metaspace   ] GC(33720) Metaspace: 62261K(62592K)->62261K(62592K) NonClass: 56727K(56960K)->56727K(56960K) Class: 5534K(5632K)->5534K(5632K)
[13982.334s][info][gc             ] GC(33720) Pause Young (Allocation Failure) 707M->624M(725M) 3.121ms
[13982.334s][info][gc,cpu         ] GC(33720) User=0.00s Sys=0.00s Real=0.00s
[13982.782s][info][gc,start       ] GC(33721) Pause Young (Allocation Failure)
[13982.787s][info][gc,heap        ] GC(33721) PSYoungGen: 102720K(102912K)->2528K(101376K) Eden: 101888K(101888K)->0K(98816K) From: 832K(1024K)->2528K(2560K)
[13982.787s][info][gc,heap        ] GC(33721) ParOldGen: 638578K(639488K)->639906K(640000K)
[13982.787s][info][gc,metaspace   ] GC(33721) Metaspace: 62261K(62592K)->62261K(62592K) NonClass: 56727K(56960K)->56727K(56960K) Class: 5534K(5632K)->5534K(5632K)
[13982.787s][info][gc             ] GC(33721) Pause Young (Allocation Failure) 723M->627M(724M) 4.884ms
[13982.787s][info][gc,cpu         ] GC(33721) User=0.01s Sys=0.00s Real=0.00s
[13983.278s][info][gc,start       ] GC(33722) Pause Young (Allocation Failure)
[13983.283s][info][gc,heap        ] GC(33722) PSYoungGen: 101344K(101376K)->1600K(97792K) Eden: 98816K(98816K)->0K(95744K) From: 2528K(2560K)->1600K(2048K)
[13983.283s][info][gc,heap        ] GC(33722) ParOldGen: 639906K(640000K)->641986K(643072K)
[13983.283s][info][gc,metaspace   ] GC(33722) Metaspace: 62261K(62592K)->62261K(62592K) NonClass: 56727K(56960K)->56727K(56960K) Class: 5534K(5632K)->5534K(5632K)
[13983.283s][info][gc             ] GC(33722) Pause Young (Allocation Failure) 723M->628M(723M) 4.824ms
[13983.283s][info][gc,cpu         ] GC(33722) User=0.01s Sys=0.00s Real=0.01s
[13983.795s][info][gc,start       ] GC(33723) Pause Young (Allocation Failure)
[13983.797s][info][gc,heap        ] GC(33723) PSYoungGen: 97344K(97792K)->304K(93184K) Eden: 95744K(95744K)->0K(92672K) From: 1600K(2048K)->304K(512K)
[13983.797s][info][gc,heap        ] GC(33723) ParOldGen: 641986K(643072K)->642034K(643072K)
[13983.797s][info][gc,metaspace   ] GC(33723) Metaspace: 62261K(62592K)->62261K(62592K) NonClass: 56727K(56960K)->56727K(56960K) Class: 5534K(5632K)->5534K(5632K)
[13983.797s][info][gc             ] GC(33723) Pause Young (Allocation Failure) 722M->627M(719M) 2.688ms
[13983.797s][info][gc,cpu         ] GC(33723) User=0.00s Sys=0.00s Real=0.00s
[13984.251s][info][gc,start       ] GC(33724) Pause Young (Allocation Failure)
[13984.255s][info][gc,heap        ] GC(33724) PSYoungGen: 92976K(93184K)->1216K(91648K) Eden: 92672K(92672K)->0K(90112K) From: 304K(512K)->1216K(1536K)
[13984.255s][info][gc,heap        ] GC(33724) ParOldGen: 642034K(643072K)->642138K(643072K)
[13984.255s][info][gc,metaspace   ] GC(33724) Metaspace: 62261K(62592K)->62261K(62592K) NonClass: 56727K(56960K)->56727K(56960K) Class: 5534K(5632K)->5534K(5632K)
[13984.255s][info][gc             ] GC(33724) Pause Young (Allocation Failure) 717M->628M(717M) 3.697ms
[13984.255s][info][gc,cpu         ] GC(33724) User=0.00s Sys=0.00s Real=0.00s
[13984.679s][info][gc,start       ] GC(33725) Pause Young (Allocation Failure)
[13984.683s][info][gc,heap        ] GC(33725) PSYoungGen: 91328K(91648K)->1504K(89088K) Eden: 90112K(90112K)->0K(87552K) From: 1216K(1536K)->1504K(1536K)
[13984.683s][info][gc,heap        ] GC(33725) ParOldGen: 642138K(643072K)->642194K(643072K)
[13984.683s][info][gc,metaspace   ] GC(33725) Metaspace: 62261K(62592K)->62261K(62592K) NonClass: 56727K(56960K)->56727K(56960K) Class: 5534K(5632K)->5534K(5632K)
[13984.683s][info][gc             ] GC(33725) Pause Young (Allocation Failure) 716M->628M(715M) 3.740ms
[13984.683s][info][gc,cpu         ] GC(33725) User=0.00s Sys=0.00s Real=0.01s
[13985.108s][info][gc,start       ] GC(33726) Pause Young (Allocation Failure)
[13985.111s][info][gc,heap        ] GC(33726) PSYoungGen: 89056K(89088K)->448K(85504K) Eden: 87552K(87552K)->0K(84992K) From: 1504K(1536K)->448K(512K)
[13985.111s][info][gc,heap        ] GC(33726) ParOldGen: 642194K(643072K)->642258K(643072K)
[13985.111s][info][gc,metaspace   ] GC(33726) Metaspace: 62261K(62592K)->62261K(62592K) NonClass: 56727K(56960K)->56727K(56960K) Class: 5534K(5632K)->5534K(5632K)
[13985.111s][info][gc             ] GC(33726) Pause Young (Allocation Failure) 714M->627M(711M) 2.963ms
[13985.111s][info][gc,cpu         ] GC(33726) User=0.00s Sys=0.00s Real=0.01s
[13985.492s][info][gc,start       ] GC(33727) Pause Young (Allocation Failure)
[13985.495s][info][gc,heap        ] GC(33727) PSYoungGen: 85440K(85504K)->192K(85504K) Eden: 84992K(84992K)->0K(82432K) From: 448K(512K)->192K(3072K)
[13985.495s][info][gc,heap        ] GC(33727) ParOldGen: 642258K(643072K)->642322K(643072K)
[13985.495s][info][gc,metaspace   ] GC(33727) Metaspace: 62261K(62592K)->62261K(62592K) NonClass: 56727K(56960K)->56727K(56960K) Class: 5534K(5632K)->5534K(5632K)
[13985.495s][info][gc             ] GC(33727) Pause Young (Allocation Failure) 710M->627M(711M) 2.609ms
[13985.495s][info][gc,cpu         ] GC(33727) User=0.01s Sys=0.00s Real=0.00s
[13986.065s][info][gc,start       ] GC(33728) Pause Young (Allocation Failure)
[13986.069s][info][gc,heap        ] GC(33728) PSYoungGen: 82624K(85504K)->2336K(82944K) Eden: 82432K(82432K)->0K(80384K) From: 192K(3072K)->2336K(2560K)
[13986.069s][info][gc,heap        ] GC(33728) ParOldGen: 642322K(643072K)->642482K(643072K)
[13986.069s][info][gc,metaspace   ] GC(33728) Metaspace: 62262K(62592K)->62262K(62592K) NonClass: 56728K(56960K)->56728K(56960K) Class: 5534K(5632K)->5534K(5632K)
[13986.069s][info][gc             ] GC(33728) Pause Young (Allocation Failure) 707M->629M(709M) 4.036ms
[13986.069s][info][gc,cpu         ] GC(33728) User=0.01s Sys=0.00s Real=0.00s
[13986.416s][info][gc,start       ] GC(33729) Pause Young (Allocation Failure)
[13986.420s][info][gc,heap        ] GC(33729) PSYoungGen: 82720K(82944K)->640K(92672K) Eden: 80384K(80384K)->0K(91648K) From: 2336K(2560K)->640K(1024K)
[13986.420s][info][gc,heap        ] GC(33729) ParOldGen: 642482K(643072K)->644694K(645120K)
[13986.420s][info][gc,metaspace   ] GC(33729) Metaspace: 62262K(62592K)->62262K(62592K) NonClass: 56728K(56960K)->56728K(56960K) Class: 5534K(5632K)->5534K(5632K)
[13986.420s][info][gc             ] GC(33729) Pause Young (Allocation Failure) 708M->630M(720M) 4.528ms
[13986.420s][info][gc,cpu         ] GC(33729) User=0.00s Sys=0.01s Real=0.00s
[13986.823s][info][gc,start       ] GC(33730) Pause Young (Allocation Failure)
[13986.826s][info][gc,heap        ] GC(33730) PSYoungGen: 92288K(92672K)->800K(91136K) Eden: 91648K(91648K)->0K(89088K) From: 640K(1024K)->800K(2048K)
[13986.826s][info][gc,heap        ] GC(33730) ParOldGen: 644694K(645120K)->644766K(645120K)
[13986.826s][info][gc,metaspace   ] GC(33730) Metaspace: 62262K(62592K)->62262K(62592K) NonClass: 56728K(56960K)->56728K(56960K) Class: 5534K(5632K)->5534K(5632K)
[13986.826s][info][gc             ] GC(33730) Pause Young (Allocation Failure) 719M->630M(719M) 3.110ms
[13986.827s][info][gc,cpu         ] GC(33730) User=0.00s Sys=0.00s Real=0.00s
[13987.232s][info][gc,start       ] GC(33731) Pause Young (Allocation Failure)
[13987.236s][info][gc,heap        ] GC(33731) PSYoungGen: 89888K(91136K)->928K(87552K) Eden: 89088K(89088K)->0K(86528K) From: 800K(2048K)->928K(1024K)
[13987.236s][info][gc,heap        ] GC(33731) ParOldGen: 644766K(645120K)->644822K(645120K)
[13987.236s][info][gc,metaspace   ] GC(33731) Metaspace: 62262K(62592K)->62262K(62592K) NonClass: 56728K(56960K)->56728K(56960K) Class: 5534K(5632K)->5534K(5632K)
[13987.236s][info][gc             ] GC(33731) Pause Young (Allocation Failure) 717M->630M(715M) 3.388ms
[13987.236s][info][gc,cpu         ] GC(33731) User=0.00s Sys=0.00s Real=0.00s
[13987.637s][info][gc,start       ] GC(33732) Pause Young (Allocation Failure)
[13987.640s][info][gc,heap        ] GC(33732) PSYoungGen: 87456K(87552K)->1024K(84992K) Eden: 86528K(86528K)->0K(83968K) From: 928K(1024K)->1024K(1024K)
[13987.641s][info][gc,heap        ] GC(33732) ParOldGen: 644822K(645120K)->644886K(645120K)
[13987.641s][info][gc,metaspace   ] GC(33732) Metaspace: 62262K(62592K)->62262K(62592K) NonClass: 56728K(56960K)->56728K(56960K) Class: 5534K(5632K)->5534K(5632K)
[13987.641s][info][gc             ] GC(33732) Pause Young (Allocation Failure) 715M->630M(713M) 3.476ms
[13987.641s][info][gc,cpu         ] GC(33732) User=0.00s Sys=0.00s Real=0.00s
[13988.032s][info][gc,start       ] GC(33733) Pause Young (Allocation Failure)
[13988.035s][info][gc,heap        ] GC(33733) PSYoungGen: 84992K(84992K)->864K(82432K) Eden: 83968K(83968K)->0K(81408K) From: 1024K(1024K)->864K(1024K)
[13988.035s][info][gc,heap        ] GC(33733) ParOldGen: 644886K(645120K)->644958K(645120K)
[13988.035s][info][gc,metaspace   ] GC(33733) Metaspace: 62262K(62592K)->62262K(62592K) NonClass: 56728K(56960K)->56728K(56960K) Class: 5534K(5632K)->5534K(5632K)
[13988.035s][info][gc             ] GC(33733) Pause Young (Allocation Failure) 712M->630M(710M) 3.161ms
[13988.035s][info][gc,cpu         ] GC(33733) User=0.00s Sys=0.00s Real=0.00s
[13988.422s][info][gc,start       ] GC(33734) Pause Young (Allocation Failure)
[13988.425s][info][gc,heap        ] GC(33734) PSYoungGen: 82272K(82432K)->736K(84992K) Eden: 81408K(81408K)->0K(83968K) From: 864K(1024K)->736K(1024K)
[13988.425s][info][gc,heap        ] GC(33734) ParOldGen: 644958K(645120K)->645030K(645120K)
[13988.425s][info][gc,metaspace   ] GC(33734) Metaspace: 62262K(62592K)->62262K(62592K) NonClass: 56728K(56960K)->56728K(56960K) Class: 5534K(5632K)->5534K(5632K)
[13988.425s][info][gc             ] GC(33734) Pause Young (Allocation Failure) 710M->630M(713M) 3.381ms
[13988.425s][info][gc,cpu         ] GC(33734) User=0.01s Sys=0.00s Real=0.00s
[13988.815s][info][gc,start       ] GC(33735) Pause Young (Allocation Failure)
[13988.818s][info][gc,heap        ] GC(33735) PSYoungGen: 84704K(84992K)->608K(84992K) Eden: 83968K(83968K)->0K(83968K) From: 736K(1024K)->608K(1024K)
[13988.818s][info][gc,heap        ] GC(33735) ParOldGen: 645030K(645120K)->645094K(645120K)
[13988.818s][info][gc,metaspace   ] GC(33735) Metaspace: 62262K(62592K)->62262K(62592K) NonClass: 56728K(56960K)->56728K(56960K) Class: 5534K(5632K)->5534K(5632K)
[13988.818s][info][gc             ] GC(33735) Pause Young (Allocation Failure) 712M->630M(713M) 2.842ms
[13988.818s][info][gc,cpu         ] GC(33735) User=0.00s Sys=0.00s Real=0.00s
[13989.193s][info][gc,start       ] GC(33736) Pause Young (Allocation Failure)
[13989.197s][info][gc,heap        ] GC(33736) PSYoungGen: 84576K(84992K)->1888K(83456K) Eden: 83968K(83968K)->0K(81408K) From: 608K(1024K)->1888K(2048K)
[13989.197s][info][gc,heap        ] GC(33736) ParOldGen: 645094K(645120K)->645166K(645632K)
[13989.197s][info][gc,metaspace   ] GC(33736) Metaspace: 62262K(62592K)->62262K(62592K) NonClass: 56728K(56960K)->56728K(56960K) Class: 5534K(5632K)->5534K(5632K)
[13989.197s][info][gc             ] GC(33736) Pause Young (Allocation Failure) 712M->631M(712M) 4.082ms
[13989.197s][info][gc,cpu         ] GC(33736) User=0.01s Sys=0.00s Real=0.00s
[13989.573s][info][gc,start       ] GC(33737) Pause Young (Allocation Failure)
[13989.577s][info][gc,heap        ] GC(33737) PSYoungGen: 83296K(83456K)->2624K(84992K) Eden: 81408K(81408K)->0K(81920K) From: 1888K(2048K)->2624K(3072K)
[13989.577s][info][gc,heap        ] GC(33737) ParOldGen: 645166K(645632K)->645230K(645632K)
[13989.577s][info][gc,metaspace   ] GC(33737) Metaspace: 62262K(62592K)->62262K(62592K) NonClass: 56728K(56960K)->56728K(56960K) Class: 5534K(5632K)->5534K(5632K)
[13989.577s][info][gc             ] GC(33737) Pause Young (Allocation Failure) 711M->632M(713M) 4.052ms
[13989.577s][info][gc,cpu         ] GC(33737) User=0.01s Sys=0.00s Real=0.00s
[13989.984s][info][gc,start       ] GC(33738) Pause Young (Allocation Failure)
[13989.988s][info][gc,heap        ] GC(33738) PSYoungGen: 84544K(84992K)->1696K(82944K) Eden: 81920K(81920K)->0K(80896K) From: 2624K(3072K)->1696K(2048K)
[13989.988s][info][gc,heap        ] GC(33738) ParOldGen: 645230K(645632K)->646326K(647168K)
[13989.988s][info][gc,metaspace   ] GC(33738) Metaspace: 62262K(62592K)->62262K(62592K) NonClass: 56728K(56960K)->56728K(56960K) Class: 5534K(5632K)->5534K(5632K)
[13989.988s][info][gc             ] GC(33738) Pause Young (Allocation Failure) 712M->632M(713M) 4.263ms
[13989.988s][info][gc,cpu         ] GC(33738) User=0.01s Sys=0.00s Real=0.00s
[13990.389s][info][gc,start       ] GC(33739) Pause Young (Allocation Failure)
[13990.393s][info][gc,heap        ] GC(33739) PSYoungGen: 82592K(82944K)->1728K(83968K) Eden: 80896K(80896K)->0K(80896K) From: 1696K(2048K)->1728K(3072K)
[13990.393s][info][gc,heap        ] GC(33739) ParOldGen: 646326K(647168K)->646398K(647168K)
[13990.393s][info][gc,metaspace   ] GC(33739) Metaspace: 62262K(62592K)->62262K(62592K) NonClass: 56728K(56960K)->56728K(56960K) Class: 5534K(5632K)->5534K(5632K)
[13990.393s][info][gc             ] GC(33739) Pause Young (Allocation Failure) 711M->632M(714M) 3.802ms
[13990.393s][info][gc,cpu         ] GC(33739) User=0.00s Sys=0.00s Real=0.01s
[13990.785s][info][gc,start       ] GC(33740) Pause Young (Allocation Failure)
[13990.789s][info][gc,heap        ] GC(33740) PSYoungGen: 82624K(83968K)->1728K(83968K) Eden: 80896K(80896K)->0K(80896K) From: 1728K(3072K)->1728K(3072K)
[13990.789s][info][gc,heap        ] GC(33740) ParOldGen: 646398K(647168K)->646470K(647168K)
[13990.789s][info][gc,metaspace   ] GC(33740) Metaspace: 62262K(62592K)->62262K(62592K) NonClass: 56728K(56960K)->56728K(56960K) Class: 5534K(5632K)->5534K(5632K)
[13990.789s][info][gc             ] GC(33740) Pause Young (Allocation Failure) 711M->633M(714M) 3.781ms
[13990.789s][info][gc,cpu         ] GC(33740) User=0.01s Sys=0.00s Real=0.00s
[13991.238s][info][gc,start       ] GC(33741) Pause Young (Allocation Failure)
[13991.241s][info][gc,heap        ] GC(33741) PSYoungGen: 82624K(83968K)->928K(83968K) Eden: 80896K(80896K)->0K(80896K) From: 1728K(3072K)->928K(3072K)
[13991.241s][info][gc,heap        ] GC(33741) ParOldGen: 646470K(647168K)->646542K(647168K)
[13991.241s][info][gc,metaspace   ] GC(33741) Metaspace: 62262K(62592K)->62262K(62592K) NonClass: 56728K(56960K)->56728K(56960K) Class: 5534K(5632K)->5534K(5632K)
[13991.241s][info][gc             ] GC(33741) Pause Young (Allocation Failure) 712M->632M(714M) 3.069ms
[13991.241s][info][gc,cpu         ] GC(33741) User=0.01s Sys=0.00s Real=0.01s
[13991.642s][info][gc,start       ] GC(33742) Pause Young (Allocation Failure)
[13991.646s][info][gc,heap        ] GC(33742) PSYoungGen: 81824K(83968K)->992K(83968K) Eden: 80896K(80896K)->0K(80896K) From: 928K(3072K)->992K(3072K)
[13991.646s][info][gc,heap        ] GC(33742) ParOldGen: 646542K(647168K)->646670K(647168K)
[13991.646s][info][gc,metaspace   ] GC(33742) Metaspace: 62262K(62592K)->62262K(62592K) NonClass: 56728K(56960K)->56728K(56960K) Class: 5534K(5632K)->5534K(5632K)
[13991.646s][info][gc             ] GC(33742) Pause Young (Allocation Failure) 711M->632M(714M) 3.207ms
[13991.646s][info][gc,cpu         ] GC(33742) User=0.00s Sys=0.00s Real=0.00s
[13992.059s][info][gc,start       ] GC(33743) Pause Young (Allocation Failure)
[13992.063s][info][gc,heap        ] GC(33743) PSYoungGen: 81888K(83968K)->1248K(83968K) Eden: 80896K(80896K)->0K(80896K) From: 992K(3072K)->1248K(3072K)
[13992.063s][info][gc,heap        ] GC(33743) ParOldGen: 646670K(647168K)->646734K(647168K)
[13992.063s][info][gc,metaspace   ] GC(33743) Metaspace: 62262K(62592K)->62262K(62592K) NonClass: 56728K(56960K)->56728K(56960K) Class: 5534K(5632K)->5534K(5632K)
[13992.063s][info][gc             ] GC(33743) Pause Young (Allocation Failure) 711M->632M(714M) 3.473ms
[13992.063s][info][gc,cpu         ] GC(33743) User=0.01s Sys=0.00s Real=0.01s
[13992.453s][info][gc,start       ] GC(33744) Pause Young (Allocation Failure)
[13992.457s][info][gc,heap        ] GC(33744) PSYoungGen: 82144K(83968K)->1312K(84480K) Eden: 80896K(80896K)->0K(81408K) From: 1248K(3072K)->1312K(3072K)
[13992.457s][info][gc,heap        ] GC(33744) ParOldGen: 646734K(647168K)->646806K(647168K)
[13992.457s][info][gc,metaspace   ] GC(33744) Metaspace: 62262K(62592K)->62262K(62592K) NonClass: 56728K(56960K)->56728K(56960K) Class: 5534K(5632K)->5534K(5632K)
[13992.457s][info][gc             ] GC(33744) Pause Young (Allocation Failure) 711M->632M(714M) 3.386ms
[13992.457s][info][gc,cpu         ] GC(33744) User=0.01s Sys=0.00s Real=0.00s
[13992.834s][info][gc,start       ] GC(33745) Pause Young (Allocation Failure)
[13992.837s][info][gc,heap        ] GC(33745) PSYoungGen: 82720K(84480K)->928K(83968K) Eden: 81408K(81408K)->0K(81408K) From: 1312K(3072K)->928K(2560K)
[13992.837s][info][gc,heap        ] GC(33745) ParOldGen: 646806K(647168K)->646878K(647168K)
[13992.837s][info][gc,metaspace   ] GC(33745) Metaspace: 62262K(62592K)->62262K(62592K) NonClass: 56728K(56960K)->56728K(56960K) Class: 5534K(5632K)->5534K(5632K)
[13992.837s][info][gc             ] GC(33745) Pause Young (Allocation Failure) 712M->632M(714M) 3.005ms
[13992.837s][info][gc,cpu         ] GC(33745) User=0.01s Sys=0.01s Real=0.00s
[13993.191s][info][gc,start       ] GC(33746) Pause Young (Allocation Failure)
[13993.195s][info][gc,heap        ] GC(33746) PSYoungGen: 82336K(83968K)->1952K(83456K) Eden: 81408K(81408K)->0K(80896K) From: 928K(2560K)->1952K(2560K)
[13993.195s][info][gc,heap        ] GC(33746) ParOldGen: 646878K(647168K)->646950K(647168K)
[13993.195s][info][gc,metaspace   ] GC(33746) Metaspace: 62262K(62592K)->62262K(62592K) NonClass: 56728K(56960K)->56728K(56960K) Class: 5534K(5632K)->5534K(5632K)
[13993.195s][info][gc             ] GC(33746) Pause Young (Allocation Failure) 712M->633M(713M) 4.082ms
[13993.195s][info][gc,cpu         ] GC(33746) User=0.00s Sys=0.00s Real=0.01s
[13993.549s][info][gc,start       ] GC(33747) Pause Young (Allocation Failure)
[13993.553s][info][gc,heap        ] GC(33747) PSYoungGen: 82848K(83456K)->1312K(83968K) Eden: 80896K(80896K)->0K(80896K) From: 1952K(2560K)->1312K(3072K)
[13993.553s][info][gc,heap        ] GC(33747) ParOldGen: 646950K(647168K)->647022K(647168K)
[13993.553s][info][gc,metaspace   ] GC(33747) Metaspace: 62262K(62592K)->62262K(62592K) NonClass: 56728K(56960K)->56728K(56960K) Class: 5534K(5632K)->5534K(5632K)
[13993.553s][info][gc             ] GC(33747) Pause Young (Allocation Failure) 712M->633M(714M) 3.484ms
[13993.553s][info][gc,cpu         ] GC(33747) User=0.01s Sys=0.00s Real=0.01s
[13993.959s][info][gc,start       ] GC(33748) Pause Young (Allocation Failure)
[13993.963s][info][gc,heap        ] GC(33748) PSYoungGen: 82208K(83968K)->1184K(84480K) Eden: 80896K(80896K)->0K(81920K) From: 1312K(3072K)->1184K(2560K)
[13993.963s][info][gc,heap        ] GC(33748) ParOldGen: 647022K(647168K)->647094K(647168K)
[13993.963s][info][gc,metaspace   ] GC(33748) Metaspace: 62262K(62592K)->62262K(62592K) NonClass: 56728K(56960K)->56728K(56960K) Class: 5534K(5632K)->5534K(5632K)
[13993.963s][info][gc             ] GC(33748) Pause Young (Allocation Failure) 712M->633M(714M) 3.436ms
[13993.963s][info][gc,cpu         ] GC(33748) User=0.00s Sys=0.00s Real=0.01s
[13994.362s][info][gc,start       ] GC(33749) Pause Young (Allocation Failure)
[13994.366s][info][gc,heap        ] GC(33749) PSYoungGen: 83104K(84480K)->2336K(84480K) Eden: 81920K(81920K)->0K(81920K) From: 1184K(2560K)->2336K(2560K)
[13994.366s][info][gc,heap        ] GC(33749) ParOldGen: 647094K(647168K)->647166K(647168K)
[13994.366s][info][gc,metaspace   ] GC(33749) Metaspace: 62262K(62592K)->62262K(62592K) NonClass: 56728K(56960K)->56728K(56960K) Class: 5534K(5632K)->5534K(5632K)
[13994.366s][info][gc             ] GC(33749) Pause Young (Allocation Failure) 713M->634M(714M) 3.661ms
[13994.366s][info][gc,cpu         ] GC(33749) User=0.01s Sys=0.00s Real=0.00s
[13994.781s][info][gc,start       ] GC(33750) Pause Young (Allocation Failure)
[13994.786s][info][gc,heap        ] GC(33750) PSYoungGen: 84256K(84480K)->1632K(83456K) Eden: 81920K(81920K)->0K(80896K) From: 2336K(2560K)->1632K(2560K)
[13994.786s][info][gc,heap        ] GC(33750) ParOldGen: 647166K(647168K)->648270K(649216K)
[13994.786s][info][gc,metaspace   ] GC(33750) Metaspace: 62262K(62592K)->62262K(62592K) NonClass: 56728K(56960K)->56728K(56960K) Class: 5534K(5632K)->5534K(5632K)
[13994.786s][info][gc             ] GC(33750) Pause Young (Allocation Failure) 714M->634M(715M) 4.370ms
[13994.786s][info][gc,cpu         ] GC(33750) User=0.00s Sys=0.00s Real=0.00s
[13995.212s][info][gc,start       ] GC(33751) Pause Young (Allocation Failure)
[13995.215s][info][gc,heap        ] GC(33751) PSYoungGen: 82528K(83456K)->512K(83968K) Eden: 80896K(80896K)->0K(80896K) From: 1632K(2560K)->512K(3072K)
[13995.215s][info][gc,heap        ] GC(33751) ParOldGen: 648270K(649216K)->648334K(649216K)
[13995.215s][info][gc,metaspace   ] GC(33751) Metaspace: 62262K(62592K)->62262K(62592K) NonClass: 56728K(56960K)->56728K(56960K) Class: 5534K(5632K)->5534K(5632K)
[13995.215s][info][gc             ] GC(33751) Pause Young (Allocation Failure) 713M->633M(716M) 2.859ms
[13995.215s][info][gc,cpu         ] GC(33751) User=0.00s Sys=0.00s Real=0.00s
[13995.661s][info][gc,start       ] GC(33752) Pause Young (Allocation Failure)
[13995.664s][info][gc,heap        ] GC(33752) PSYoungGen: 81408K(83968K)->1152K(84480K) Eden: 80896K(80896K)->0K(81408K) From: 512K(3072K)->1152K(3072K)
[13995.664s][info][gc,heap        ] GC(33752) ParOldGen: 648334K(649216K)->648406K(649216K)
[13995.664s][info][gc,metaspace   ] GC(33752) Metaspace: 62262K(62592K)->62262K(62592K) NonClass: 56728K(56960K)->56728K(56960K) Class: 5534K(5632K)->5534K(5632K)
[13995.664s][info][gc             ] GC(33752) Pause Young (Allocation Failure) 712M->634M(716M) 3.507ms
[13995.664s][info][gc,cpu         ] GC(33752) User=0.01s Sys=0.00s Real=0.01s
[13996.075s][info][gc,start       ] GC(33753) Pause Young (Allocation Failure)
[13996.079s][info][gc,heap        ] GC(33753) PSYoungGen: 82560K(84480K)->1568K(83968K) Eden: 81408K(81408K)->0K(81408K) From: 1152K(3072K)->1568K(2560K)
[13996.079s][info][gc,heap        ] GC(33753) ParOldGen: 648406K(649216K)->648470K(649216K)
[13996.079s][info][gc,metaspace   ] GC(33753) Metaspace: 62262K(62592K)->62262K(62592K) NonClass: 56728K(56960K)->56728K(56960K) Class: 5534K(5632K)->5534K(5632K)
[13996.079s][info][gc             ] GC(33753) Pause Young (Allocation Failure) 713M->634M(716M) 3.720ms
[13996.079s][info][gc,cpu         ] GC(33753) User=0.01s Sys=0.00s Real=0.00s
[13996.467s][info][gc,start       ] GC(33754) Pause Young (Allocation Failure)
[13996.470s][info][gc,heap        ] GC(33754) PSYoungGen: 82976K(83968K)->1408K(84480K) Eden: 81408K(81408K)->0K(81920K) From: 1568K(2560K)->1408K(2560K)
[13996.470s][info][gc,heap        ] GC(33754) ParOldGen: 648470K(649216K)->648542K(649216K)
[13996.470s][info][gc,metaspace   ] GC(33754) Metaspace: 62262K(62592K)->62262K(62592K) NonClass: 56728K(56960K)->56728K(56960K) Class: 5534K(5632K)->5534K(5632K)
[13996.471s][info][gc             ] GC(33754) Pause Young (Allocation Failure) 714M->634M(716M) 3.705ms
[13996.471s][info][gc,cpu         ] GC(33754) User=0.01s Sys=0.00s Real=0.00s
[13996.882s][info][gc,start       ] GC(33755) Pause Young (Allocation Failure)
[13996.886s][info][gc,heap        ] GC(33755) PSYoungGen: 83328K(84480K)->1600K(84480K) Eden: 81920K(81920K)->0K(81920K) From: 1408K(2560K)->1600K(2560K)
[13996.886s][info][gc,heap        ] GC(33755) ParOldGen: 648542K(649216K)->648614K(649216K)
[13996.886s][info][gc,metaspace   ] GC(33755) Metaspace: 62262K(62592K)->62262K(62592K) NonClass: 56728K(56960K)->56728K(56960K) Class: 5534K(5632K)->5534K(5632K)
[13996.886s][info][gc             ] GC(33755) Pause Young (Allocation Failure) 714M->634M(716M) 3.913ms
[13996.886s][info][gc,cpu         ] GC(33755) User=0.01s Sys=0.00s Real=0.00s
[13997.278s][info][gc,start       ] GC(33756) Pause Young (Allocation Failure)
[13997.282s][info][gc,heap        ] GC(33756) PSYoungGen: 83520K(84480K)->1632K(84480K) Eden: 81920K(81920K)->0K(81920K) From: 1600K(2560K)->1632K(2560K)
[13997.282s][info][gc,heap        ] GC(33756) ParOldGen: 648614K(649216K)->648686K(649216K)
[13997.282s][info][gc,metaspace   ] GC(33756) Metaspace: 62262K(62592K)->62262K(62592K) NonClass: 56728K(56960K)->56728K(56960K) Class: 5534K(5632K)->5534K(5632K)
[13997.282s][info][gc             ] GC(33756) Pause Young (Allocation Failure) 714M->635M(716M) 3.858ms
[13997.282s][info][gc,cpu         ] GC(33756) User=0.01s Sys=0.00s Real=0.01s
[13997.712s][info][gc,start       ] GC(33757) Pause Young (Allocation Failure)
[13997.715s][info][gc,heap        ] GC(33757) PSYoungGen: 83552K(84480K)->480K(84480K) Eden: 81920K(81920K)->0K(81920K) From: 1632K(2560K)->480K(2560K)
[13997.715s][info][gc,heap        ] GC(33757) ParOldGen: 648686K(649216K)->648750K(649216K)
[13997.715s][info][gc,metaspace   ] GC(33757) Metaspace: 62262K(62592K)->62262K(62592K) NonClass: 56728K(56960K)->56728K(56960K) Class: 5534K(5632K)->5534K(5632K)
[13997.715s][info][gc             ] GC(33757) Pause Young (Allocation Failure) 715M->634M(716M) 2.821ms
[13997.715s][info][gc,cpu         ] GC(33757) User=0.00s Sys=0.00s Real=0.00s
[13998.115s][info][gc,start       ] GC(33758) Pause Young (Allocation Failure)
[13998.118s][info][gc,heap        ] GC(33758) PSYoungGen: 82400K(84480K)->576K(84480K) Eden: 81920K(81920K)->0K(81920K) From: 480K(2560K)->576K(2560K)
[13998.118s][info][gc,heap        ] GC(33758) ParOldGen: 648750K(649216K)->648814K(649216K)
[13998.118s][info][gc,metaspace   ] GC(33758) Metaspace: 62262K(62592K)->62262K(62592K) NonClass: 56728K(56960K)->56728K(56960K) Class: 5534K(5632K)->5534K(5632K)
[13998.118s][info][gc             ] GC(33758) Pause Young (Allocation Failure) 714M->634M(716M) 2.954ms
[13998.118s][info][gc,cpu         ] GC(33758) User=0.01s Sys=0.00s Real=0.00s
[13998.548s][info][gc,start       ] GC(33759) Pause Young (Allocation Failure)
[13998.552s][info][gc,heap        ] GC(33759) PSYoungGen: 82496K(84480K)->1008K(84480K) Eden: 81920K(81920K)->0K(81920K) From: 576K(2560K)->1008K(2560K)
[13998.552s][info][gc,heap        ] GC(33759) ParOldGen: 648814K(649216K)->648878K(649216K)
[13998.552s][info][gc,metaspace   ] GC(33759) Metaspace: 62262K(62592K)->62262K(62592K) NonClass: 56728K(56960K)->56728K(56960K) Class: 5534K(5632K)->5534K(5632K)
[13998.552s][info][gc             ] GC(33759) Pause Young (Allocation Failure) 714M->634M(716M) 3.295ms
[13998.552s][info][gc,cpu         ] GC(33759) User=0.01s Sys=0.00s Real=0.01s
[13998.934s][info][gc,start       ] GC(33760) Pause Young (Allocation Failure)
[13998.938s][info][gc,heap        ] GC(33760) PSYoungGen: 82928K(84480K)->1920K(84480K) Eden: 81920K(81920K)->0K(81920K) From: 1008K(2560K)->1920K(2560K)
[13998.938s][info][gc,heap        ] GC(33760) ParOldGen: 648878K(649216K)->650022K(650752K)
[13998.938s][info][gc,metaspace   ] GC(33760) Metaspace: 62262K(62592K)->62262K(62592K) NonClass: 56728K(56960K)->56728K(56960K) Class: 5534K(5632K)->5534K(5632K)
[13998.938s][info][gc             ] GC(33760) Pause Young (Allocation Failure) 714M->636M(718M) 4.156ms
[13998.938s][info][gc,cpu         ] GC(33760) User=0.01s Sys=0.01s Real=0.00s
[13999.292s][info][gc,start       ] GC(33761) Pause Young (Allocation Failure)
[13999.296s][info][gc,heap        ] GC(33761) PSYoungGen: 83840K(84480K)->192K(82432K) Eden: 81920K(81920K)->0K(81920K) From: 1920K(2560K)->192K(512K)
[13999.296s][info][gc,heap        ] GC(33761) ParOldGen: 650022K(650752K)->652142K(652288K)
[13999.296s][info][gc,metaspace   ] GC(33761) Metaspace: 62262K(62592K)->62262K(62592K) NonClass: 56728K(56960K)->56728K(56960K) Class: 5534K(5632K)->5534K(5632K)
[13999.296s][info][gc             ] GC(33761) Pause Young (Allocation Failure) 716M->637M(717M) 3.575ms
[13999.296s][info][gc,cpu         ] GC(33761) User=0.00s Sys=0.00s Real=0.00s
[13999.666s][info][gc,start       ] GC(33762) Pause Young (Allocation Failure)
[13999.669s][info][gc,heap        ] GC(33762) PSYoungGen: 82112K(82432K)->1504K(83968K) Eden: 81920K(81920K)->0K(80896K) From: 192K(512K)->1504K(3072K)
[13999.669s][info][gc,heap        ] GC(33762) ParOldGen: 652142K(652288K)->652214K(652288K)
[13999.669s][info][gc,metaspace   ] GC(33762) Metaspace: 62262K(62592K)->62262K(62592K) NonClass: 56728K(56960K)->56728K(56960K) Class: 5534K(5632K)->5534K(5632K)
[13999.669s][info][gc             ] GC(33762) Pause Young (Allocation Failure) 717M->638M(719M) 3.525ms
[13999.669s][info][gc,cpu         ] GC(33762) User=0.00s Sys=0.00s Real=0.00s
[14000.039s][info][gc,start       ] GC(33763) Pause Young (Allocation Failure)
[14000.043s][info][gc,heap        ] GC(33763) PSYoungGen: 82400K(83968K)->992K(83968K) Eden: 80896K(80896K)->0K(80896K) From: 1504K(3072K)->992K(3072K)
[14000.043s][info][gc,heap        ] GC(33763) ParOldGen: 652214K(652288K)->652286K(652288K)
[14000.043s][info][gc,metaspace   ] GC(33763) Metaspace: 62262K(62592K)->62262K(62592K) NonClass: 56728K(56960K)->56728K(56960K) Class: 5534K(5632K)->5534K(5632K)
[14000.043s][info][gc             ] GC(33763) Pause Young (Allocation Failure) 717M->637M(719M) 3.277ms
[14000.043s][info][gc,cpu         ] GC(33763) User=0.00s Sys=0.00s Real=0.01s
[14000.417s][info][gc,start       ] GC(33764) Pause Young (Allocation Failure)
[14000.419s][info][gc,heap        ] GC(33764) PSYoungGen: 81888K(83968K)->640K(84480K) Eden: 80896K(80896K)->0K(81920K) From: 992K(3072K)->640K(2560K)
[14000.420s][info][gc,heap        ] GC(33764) ParOldGen: 652286K(652288K)->652358K(652800K)
[14000.420s][info][gc,metaspace   ] GC(33764) Metaspace: 62262K(62592K)->62262K(62592K) NonClass: 56728K(56960K)->56728K(56960K) Class: 5534K(5632K)->5534K(5632K)
[14000.420s][info][gc             ] GC(33764) Pause Young (Allocation Failure) 716M->637M(720M) 2.886ms
[14000.420s][info][gc,cpu         ] GC(33764) User=0.01s Sys=0.00s Real=0.00s
[14000.801s][info][gc,start       ] GC(33765) Pause Young (Allocation Failure)
[14000.803s][info][gc,heap        ] GC(33765) PSYoungGen: 82560K(84480K)->288K(84480K) Eden: 81920K(81920K)->0K(81920K) From: 640K(2560K)->288K(2560K)
[14000.803s][info][gc,heap        ] GC(33765) ParOldGen: 652358K(652800K)->652430K(652800K)
[14000.803s][info][gc,metaspace   ] GC(33765) Metaspace: 62262K(62592K)->62262K(62592K) NonClass: 56728K(56960K)->56728K(56960K) Class: 5534K(5632K)->5534K(5632K)
[14000.803s][info][gc             ] GC(33765) Pause Young (Allocation Failure) 717M->637M(720M) 2.606ms
[14000.803s][info][gc,cpu         ] GC(33765) User=0.00s Sys=0.00s Real=0.01s
[14001.208s][info][gc,start       ] GC(33766) Pause Young (Allocation Failure)
[14001.210s][info][gc,heap        ] GC(33766) PSYoungGen: 82208K(84480K)->448K(84480K) Eden: 81920K(81920K)->0K(81920K) From: 288K(2560K)->448K(2560K)
[14001.210s][info][gc,heap        ] GC(33766) ParOldGen: 652430K(652800K)->652502K(652800K)
[14001.210s][info][gc,metaspace   ] GC(33766) Metaspace: 62262K(62592K)->62262K(62592K) NonClass: 56728K(56960K)->56728K(56960K) Class: 5534K(5632K)->5534K(5632K)
[14001.211s][info][gc             ] GC(33766) Pause Young (Allocation Failure) 717M->637M(720M) 2.719ms
[14001.211s][info][gc,cpu         ] GC(33766) User=0.00s Sys=0.00s Real=0.00s
[14001.624s][info][gc,start       ] GC(33767) Pause Young (Allocation Failure)
[14001.627s][info][gc,heap        ] GC(33767) PSYoungGen: 82368K(84480K)->672K(84480K) Eden: 81920K(81920K)->0K(81920K) From: 448K(2560K)->672K(2560K)
[14001.627s][info][gc,heap        ] GC(33767) ParOldGen: 652502K(652800K)->652574K(652800K)
[14001.627s][info][gc,metaspace   ] GC(33767) Metaspace: 62262K(62592K)->62262K(62592K) NonClass: 56728K(56960K)->56728K(56960K) Class: 5534K(5632K)->5534K(5632K)
[14001.627s][info][gc             ] GC(33767) Pause Young (Allocation Failure) 717M->637M(720M) 3.203ms
[14001.627s][info][gc,cpu         ] GC(33767) User=0.00s Sys=0.00s Real=0.00s
[14002.039s][info][gc,start       ] GC(33768) Pause Young (Allocation Failure)
[14002.042s][info][gc,heap        ] GC(33768) PSYoungGen: 82592K(84480K)->928K(84480K) Eden: 81920K(81920K)->0K(81920K) From: 672K(2560K)->928K(2560K)
[14002.042s][info][gc,heap        ] GC(33768) ParOldGen: 652574K(652800K)->652646K(652800K)
[14002.042s][info][gc,metaspace   ] GC(33768) Metaspace: 62262K(62592K)->62262K(62592K) NonClass: 56728K(56960K)->56728K(56960K) Class: 5534K(5632K)->5534K(5632K)
[14002.042s][info][gc             ] GC(33768) Pause Young (Allocation Failure) 717M->638M(720M) 3.166ms
[14002.042s][info][gc,cpu         ] GC(33768) User=0.00s Sys=0.00s Real=0.01s
[14002.437s][info][gc,start       ] GC(33769) Pause Young (Allocation Failure)
[14002.440s][info][gc,heap        ] GC(33769) PSYoungGen: 82848K(84480K)->928K(84480K) Eden: 81920K(81920K)->0K(81920K) From: 928K(2560K)->928K(2560K)
[14002.440s][info][gc,heap        ] GC(33769) ParOldGen: 652646K(652800K)->652718K(652800K)
[14002.440s][info][gc,metaspace   ] GC(33769) Metaspace: 62262K(62592K)->62262K(62592K) NonClass: 56728K(56960K)->56728K(56960K) Class: 5534K(5632K)->5534K(5632K)
[14002.440s][info][gc             ] GC(33769) Pause Young (Allocation Failure) 718M->638M(720M) 3.210ms
[14002.440s][info][gc,cpu         ] GC(33769) User=0.01s Sys=0.00s Real=0.00s
[14002.837s][info][gc,start       ] GC(33770) Pause Young (Allocation Failure)
[14002.841s][info][gc,heap        ] GC(33770) PSYoungGen: 82848K(84480K)->928K(84992K) Eden: 81920K(81920K)->0K(82432K) From: 928K(2560K)->928K(2560K)
[14002.841s][info][gc,heap        ] GC(33770) ParOldGen: 652718K(652800K)->652790K(652800K)
[14002.841s][info][gc,metaspace   ] GC(33770) Metaspace: 62262K(62592K)->62262K(62592K) NonClass: 56728K(56960K)->56728K(56960K) Class: 5534K(5632K)->5534K(5632K)
[14002.841s][info][gc             ] GC(33770) Pause Young (Allocation Failure) 718M->638M(720M) 3.130ms
[14002.841s][info][gc,cpu         ] GC(33770) User=0.01s Sys=0.00s Real=0.00s
[14003.251s][info][gc,start       ] GC(33771) Pause Young (Allocation Failure)
[14003.255s][info][gc,heap        ] GC(33771) PSYoungGen: 83360K(84992K)->1184K(84480K) Eden: 82432K(82432K)->0K(82432K) From: 928K(2560K)->1184K(2048K)
[14003.255s][info][gc,heap        ] GC(33771) ParOldGen: 652790K(652800K)->652862K(653312K)
[14003.255s][info][gc,metaspace   ] GC(33771) Metaspace: 62262K(62592K)->62262K(62592K) NonClass: 56728K(56960K)->56728K(56960K) Class: 5534K(5632K)->5534K(5632K)
[14003.255s][info][gc             ] GC(33771) Pause Young (Allocation Failure) 718M->638M(720M) 3.512ms
[14003.255s][info][gc,cpu         ] GC(33771) User=0.01s Sys=0.00s Real=0.00s
[14003.658s][info][gc,start       ] GC(33772) Pause Young (Allocation Failure)
[14003.661s][info][gc,heap        ] GC(33772) PSYoungGen: 83616K(84480K)->1248K(84992K) Eden: 82432K(82432K)->0K(82944K) From: 1184K(2048K)->1248K(2048K)
[14003.661s][info][gc,heap        ] GC(33772) ParOldGen: 652862K(653312K)->652934K(653312K)
[14003.661s][info][gc,metaspace   ] GC(33772) Metaspace: 62262K(62592K)->62262K(62592K) NonClass: 56728K(56960K)->56728K(56960K) Class: 5534K(5632K)->5534K(5632K)
[14003.661s][info][gc             ] GC(33772) Pause Young (Allocation Failure) 719M->638M(721M) 3.340ms
[14003.661s][info][gc,cpu         ] GC(33772) User=0.01s Sys=0.00s Real=0.01s
[14004.071s][info][gc,start       ] GC(33773) Pause Young (Allocation Failure)
[14004.075s][info][gc,heap        ] GC(33773) PSYoungGen: 84192K(84992K)->1472K(84992K) Eden: 82944K(82944K)->0K(82944K) From: 1248K(2048K)->1472K(2048K)
[14004.075s][info][gc,heap        ] GC(33773) ParOldGen: 652934K(653312K)->653006K(653312K)
[14004.075s][info][gc,metaspace   ] GC(33773) Metaspace: 62262K(62592K)->62262K(62592K) NonClass: 56728K(56960K)->56728K(56960K) Class: 5534K(5632K)->5534K(5632K)
[14004.075s][info][gc             ] GC(33773) Pause Young (Allocation Failure) 719M->639M(721M) 3.762ms
[14004.075s][info][gc,cpu         ] GC(33773) User=0.01s Sys=0.00s Real=0.00s
[14004.489s][info][gc,start       ] GC(33774) Pause Young (Allocation Failure)
[14004.493s][info][gc,heap        ] GC(33774) PSYoungGen: 84416K(84992K)->1760K(83968K) Eden: 82944K(82944K)->0K(81920K) From: 1472K(2048K)->1760K(2048K)
[14004.493s][info][gc,heap        ] GC(33774) ParOldGen: 653006K(653312K)->653070K(653312K)
[14004.493s][info][gc,metaspace   ] GC(33774) Metaspace: 62262K(62592K)->62262K(62592K) NonClass: 56728K(56960K)->56728K(56960K) Class: 5534K(5632K)->5534K(5632K)
[14004.493s][info][gc             ] GC(33774) Pause Young (Allocation Failure) 720M->639M(720M) 3.909ms
[14004.493s][info][gc,cpu         ] GC(33774) User=0.01s Sys=0.00s Real=0.01s
[14004.903s][info][gc,start       ] GC(33775) Pause Young (Allocation Failure)
[14004.905s][info][gc,heap        ] GC(33775) PSYoungGen: 83680K(83968K)->352K(84480K) Eden: 81920K(81920K)->0K(81920K) From: 1760K(2048K)->352K(2560K)
[14004.905s][info][gc,heap        ] GC(33775) ParOldGen: 653070K(653312K)->653134K(653312K)
[14004.905s][info][gc,metaspace   ] GC(33775) Metaspace: 62262K(62592K)->62262K(62592K) NonClass: 56728K(56960K)->56728K(56960K) Class: 5534K(5632K)->5534K(5632K)
[14004.905s][info][gc             ] GC(33775) Pause Young (Allocation Failure) 719M->638M(720M) 2.698ms
[14004.905s][info][gc,cpu         ] GC(33775) User=0.01s Sys=0.00s Real=0.00s
[14005.304s][info][gc,start       ] GC(33776) Pause Young (Allocation Failure)
[14005.306s][info][gc,heap        ] GC(33776) PSYoungGen: 82272K(84480K)->384K(84480K) Eden: 81920K(81920K)->0K(81920K) From: 352K(2560K)->384K(2560K)
[14005.307s][info][gc,heap        ] GC(33776) ParOldGen: 653134K(653312K)->653198K(653312K)
[14005.307s][info][gc,metaspace   ] GC(33776) Metaspace: 62262K(62592K)->62262K(62592K) NonClass: 56728K(56960K)->56728K(56960K) Class: 5534K(5632K)->5534K(5632K)
[14005.307s][info][gc             ] GC(33776) Pause Young (Allocation Failure) 718M->638M(720M) 2.659ms
[14005.307s][info][gc,cpu         ] GC(33776) User=0.00s Sys=0.00s Real=0.00s
[14005.703s][info][gc,start       ] GC(33777) Pause Young (Allocation Failure)
[14005.706s][info][gc,heap        ] GC(33777) PSYoungGen: 82304K(84480K)->384K(84480K) Eden: 81920K(81920K)->0K(81920K) From: 384K(2560K)->384K(2560K)
[14005.706s][info][gc,heap        ] GC(33777) ParOldGen: 653198K(653312K)->653270K(653312K)
[14005.706s][info][gc,metaspace   ] GC(33777) Metaspace: 62262K(62592K)->62262K(62592K) NonClass: 56728K(56960K)->56728K(56960K) Class: 5534K(5632K)->5534K(5632K)
[14005.706s][info][gc             ] GC(33777) Pause Young (Allocation Failure) 718M->638M(720M) 2.599ms
[14005.706s][info][gc,cpu         ] GC(33777) User=0.01s Sys=0.00s Real=0.00s
[14006.167s][info][gc,start       ] GC(33778) Pause Young (Allocation Failure)
[14006.170s][info][gc,heap        ] GC(33778) PSYoungGen: 82304K(84480K)->1440K(84480K) Eden: 81920K(81920K)->0K(81920K) From: 384K(2560K)->1440K(2560K)
[14006.171s][info][gc,heap        ] GC(33778) ParOldGen: 653270K(653312K)->653342K(653824K)
[14006.171s][info][gc,metaspace   ] GC(33778) Metaspace: 62262K(62592K)->62262K(62592K) NonClass: 56728K(56960K)->56728K(56960K) Class: 5534K(5632K)->5534K(5632K)
[14006.171s][info][gc             ] GC(33778) Pause Young (Allocation Failure) 718M->639M(721M) 3.847ms
[14006.171s][info][gc,cpu         ] GC(33778) User=0.01s Sys=0.00s Real=0.00s
[14006.555s][info][gc,start       ] GC(33779) Pause Young (Allocation Failure)
[14006.558s][info][gc,heap        ] GC(33779) PSYoungGen: 83360K(84480K)->1248K(84480K) Eden: 81920K(81920K)->0K(81920K) From: 1440K(2560K)->1248K(2560K)
[14006.558s][info][gc,heap        ] GC(33779) ParOldGen: 653342K(653824K)->653470K(653824K)
[14006.558s][info][gc,metaspace   ] GC(33779) Metaspace: 62262K(62592K)->62262K(62592K) NonClass: 56728K(56960K)->56728K(56960K) Class: 5534K(5632K)->5534K(5632K)
[14006.558s][info][gc             ] GC(33779) Pause Young (Allocation Failure) 719M->639M(721M) 3.535ms
[14006.558s][info][gc,cpu         ] GC(33779) User=0.01s Sys=0.00s Real=0.00s
[14006.933s][info][gc,start       ] GC(33780) Pause Young (Allocation Failure)
[14006.936s][info][gc,heap        ] GC(33780) PSYoungGen: 83168K(84480K)->928K(84480K) Eden: 81920K(81920K)->0K(81920K) From: 1248K(2560K)->928K(2560K)
[14006.936s][info][gc,heap        ] GC(33780) ParOldGen: 653470K(653824K)->653542K(653824K)
[14006.936s][info][gc,metaspace   ] GC(33780) Metaspace: 62262K(62592K)->62262K(62592K) NonClass: 56728K(56960K)->56728K(56960K) Class: 5534K(5632K)->5534K(5632K)
[14006.936s][info][gc             ] GC(33780) Pause Young (Allocation Failure) 719M->639M(721M) 3.118ms
[14006.936s][info][gc,cpu         ] GC(33780) User=0.00s Sys=0.00s Real=0.00s
[14007.347s][info][gc,start       ] GC(33781) Pause Young (Allocation Failure)
[14007.350s][info][gc,heap        ] GC(33781) PSYoungGen: 82848K(84480K)->1248K(84480K) Eden: 81920K(81920K)->0K(81920K) From: 928K(2560K)->1248K(2560K)
[14007.350s][info][gc,heap        ] GC(33781) ParOldGen: 653542K(653824K)->653614K(653824K)
[14007.350s][info][gc,metaspace   ] GC(33781) Metaspace: 62262K(62592K)->62262K(62592K) NonClass: 56728K(56960K)->56728K(56960K) Class: 5534K(5632K)->5534K(5632K)
[14007.350s][info][gc             ] GC(33781) Pause Young (Allocation Failure) 719M->639M(721M) 3.346ms
[14007.350s][info][gc,cpu         ] GC(33781) User=0.00s Sys=0.00s Real=0.00s
[14007.704s][info][gc,start       ] GC(33782) Pause Young (Allocation Failure)
[14007.707s][info][gc,heap        ] GC(33782) PSYoungGen: 83168K(84480K)->416K(84480K) Eden: 81920K(81920K)->0K(81920K) From: 1248K(2560K)->416K(2560K)
[14007.707s][info][gc,heap        ] GC(33782) ParOldGen: 653614K(653824K)->653686K(653824K)
[14007.707s][info][gc,metaspace   ] GC(33782) Metaspace: 62262K(62592K)->62262K(62592K) NonClass: 56728K(56960K)->56728K(56960K) Class: 5534K(5632K)->5534K(5632K)
[14007.707s][info][gc             ] GC(33782) Pause Young (Allocation Failure) 719M->638M(721M) 2.671ms
[14007.707s][info][gc,cpu         ] GC(33782) User=0.00s Sys=0.00s Real=0.00s
[14008.088s][info][gc,start       ] GC(33783) Pause Young (Allocation Failure)
[14008.093s][info][gc,heap        ] GC(33783) PSYoungGen: 82336K(84480K)->2528K(84480K) Eden: 81920K(81920K)->0K(81920K) From: 416K(2560K)->2528K(2560K)
[14008.093s][info][gc,heap        ] GC(33783) ParOldGen: 653686K(653824K)->654110K(654336K)
[14008.093s][info][gc,metaspace   ] GC(33783) Metaspace: 62262K(62592K)->62262K(62592K) NonClass: 56728K(56960K)->56728K(56960K) Class: 5534K(5632K)->5534K(5632K)
[14008.093s][info][gc             ] GC(33783) Pause Young (Allocation Failure) 718M->641M(721M) 4.386ms
[14008.093s][info][gc,cpu         ] GC(33783) User=0.01s Sys=0.01s Real=0.01s
[14008.491s][info][gc,start       ] GC(33784) Pause Young (Allocation Failure)
[14008.495s][info][gc,heap        ] GC(33784) PSYoungGen: 84448K(84480K)->1856K(83456K) Eden: 81920K(81920K)->0K(80896K) From: 2528K(2560K)->1856K(2560K)
[14008.495s][info][gc,heap        ] GC(33784) ParOldGen: 654110K(654336K)->655174K(655872K)
[14008.495s][info][gc,metaspace   ] GC(33784) Metaspace: 62262K(62592K)->62262K(62592K) NonClass: 56728K(56960K)->56728K(56960K) Class: 5534K(5632K)->5534K(5632K)
[14008.495s][info][gc             ] GC(33784) Pause Young (Allocation Failure) 721M->641M(722M) 4.530ms
[14008.495s][info][gc,cpu         ] GC(33784) User=0.01s Sys=0.00s Real=0.01s
[14008.861s][info][gc,start       ] GC(33785) Pause Young (Allocation Failure)
[14008.864s][info][gc,heap        ] GC(33785) PSYoungGen: 82752K(83456K)->1440K(83968K) Eden: 80896K(80896K)->0K(80896K) From: 1856K(2560K)->1440K(3072K)
[14008.864s][info][gc,heap        ] GC(33785) ParOldGen: 655174K(655872K)->655246K(655872K)
[14008.864s][info][gc,metaspace   ] GC(33785) Metaspace: 62262K(62592K)->62262K(62592K) NonClass: 56728K(56960K)->56728K(56960K) Class: 5534K(5632K)->5534K(5632K)
[14008.864s][info][gc             ] GC(33785) Pause Young (Allocation Failure) 720M->641M(722M) 3.548ms
[14008.864s][info][gc,cpu         ] GC(33785) User=0.01s Sys=0.00s Real=0.01s
[14009.270s][info][gc,start       ] GC(33786) Pause Young (Allocation Failure)
[14009.273s][info][gc,heap        ] GC(33786) PSYoungGen: 82336K(83968K)->1440K(83968K) Eden: 80896K(80896K)->0K(80896K) From: 1440K(3072K)->1440K(3072K)
[14009.273s][info][gc,heap        ] GC(33786) ParOldGen: 655246K(655872K)->655318K(655872K)
[14009.273s][info][gc,metaspace   ] GC(33786) Metaspace: 62262K(62592K)->62262K(62592K) NonClass: 56728K(56960K)->56728K(56960K) Class: 5534K(5632K)->5534K(5632K)
[14009.273s][info][gc             ] GC(33786) Pause Young (Allocation Failure) 720M->641M(722M) 3.620ms
[14009.273s][info][gc,cpu         ] GC(33786) User=0.01s Sys=0.00s Real=0.01s
[14009.655s][info][gc,start       ] GC(33787) Pause Young (Allocation Failure)
[14009.659s][info][gc,heap        ] GC(33787) PSYoungGen: 82336K(83968K)->1312K(83968K) Eden: 80896K(80896K)->0K(80896K) From: 1440K(3072K)->1312K(3072K)
[14009.659s][info][gc,heap        ] GC(33787) ParOldGen: 655318K(655872K)->655390K(655872K)
[14009.659s][info][gc,metaspace   ] GC(33787) Metaspace: 62262K(62592K)->62262K(62592K) NonClass: 56728K(56960K)->56728K(56960K) Class: 5534K(5632K)->5534K(5632K)
[14009.659s][info][gc             ] GC(33787) Pause Young (Allocation Failure) 720M->641M(722M) 3.550ms
[14009.659s][info][gc,cpu         ] GC(33787) User=0.01s Sys=0.00s Real=0.00s
[14010.005s][info][gc,start       ] GC(33788) Pause Young (Allocation Failure)
[14010.008s][info][gc,heap        ] GC(33788) PSYoungGen: 82208K(83968K)->416K(84480K) Eden: 80896K(80896K)->0K(81920K) From: 1312K(3072K)->416K(2560K)
[14010.008s][info][gc,heap        ] GC(33788) ParOldGen: 655390K(655872K)->655462K(655872K)
[14010.008s][info][gc,metaspace   ] GC(33788) Metaspace: 62262K(62592K)->62262K(62592K) NonClass: 56728K(56960K)->56728K(56960K) Class: 5534K(5632K)->5534K(5632K)
[14010.008s][info][gc             ] GC(33788) Pause Young (Allocation Failure) 720M->640M(723M) 2.749ms
[14010.008s][info][gc,cpu         ] GC(33788) User=0.00s Sys=0.00s Real=0.00s
[14010.374s][info][gc,start       ] GC(33789) Pause Young (Allocation Failure)
[14010.378s][info][gc,heap        ] GC(33789) PSYoungGen: 82336K(84480K)->1536K(84480K) Eden: 81920K(81920K)->0K(81920K) From: 416K(2560K)->1536K(2560K)
[14010.378s][info][gc,heap        ] GC(33789) ParOldGen: 655462K(655872K)->655534K(655872K)
[14010.378s][info][gc,metaspace   ] GC(33789) Metaspace: 62262K(62592K)->62262K(62592K) NonClass: 56728K(56960K)->56728K(56960K) Class: 5534K(5632K)->5534K(5632K)
[14010.378s][info][gc             ] GC(33789) Pause Young (Allocation Failure) 720M->641M(723M) 3.784ms
[14010.378s][info][gc,cpu         ] GC(33789) User=0.01s Sys=0.00s Real=0.00s
[14010.773s][info][gc,start       ] GC(33790) Pause Young (Allocation Failure)
[14010.776s][info][gc,heap        ] GC(33790) PSYoungGen: 83456K(84480K)->1600K(84480K) Eden: 81920K(81920K)->0K(81920K) From: 1536K(2560K)->1600K(2560K)
[14010.776s][info][gc,heap        ] GC(33790) ParOldGen: 655534K(655872K)->655606K(655872K)
[14010.776s][info][gc,metaspace   ] GC(33790) Metaspace: 62262K(62592K)->62262K(62592K) NonClass: 56728K(56960K)->56728K(56960K) Class: 5534K(5632K)->5534K(5632K)
[14010.776s][info][gc             ] GC(33790) Pause Young (Allocation Failure) 721M->641M(723M) 3.758ms
[14010.776s][info][gc,cpu         ] GC(33790) User=0.00s Sys=0.00s Real=0.00s
[14011.171s][info][gc,start       ] GC(33791) Pause Young (Allocation Failure)
[14011.175s][info][gc,heap        ] GC(33791) PSYoungGen: 83520K(84480K)->1504K(84480K) Eden: 81920K(81920K)->0K(81920K) From: 1600K(2560K)->1504K(2560K)
[14011.175s][info][gc,heap        ] GC(33791) ParOldGen: 655606K(655872K)->655678K(655872K)
[14011.175s][info][gc,metaspace   ] GC(33791) Metaspace: 62262K(62592K)->62262K(62592K) NonClass: 56728K(56960K)->56728K(56960K) Class: 5534K(5632K)->5534K(5632K)
[14011.175s][info][gc             ] GC(33791) Pause Young (Allocation Failure) 721M->641M(723M) 3.683ms
[14011.175s][info][gc,cpu         ] GC(33791) User=0.01s Sys=0.00s Real=0.00s
[14011.557s][info][gc,start       ] GC(33792) Pause Young (Allocation Failure)
[14011.561s][info][gc,heap        ] GC(33792) PSYoungGen: 83424K(84480K)->1344K(84480K) Eden: 81920K(81920K)->0K(81920K) From: 1504K(2560K)->1344K(2560K)
[14011.561s][info][gc,heap        ] GC(33792) ParOldGen: 655678K(655872K)->655750K(655872K)
[14011.561s][info][gc,metaspace   ] GC(33792) Metaspace: 62262K(62592K)->62262K(62592K) NonClass: 56728K(56960K)->56728K(56960K) Class: 5534K(5632K)->5534K(5632K)
[14011.561s][info][gc             ] GC(33792) Pause Young (Allocation Failure) 721M->641M(723M) 3.659ms
[14011.561s][info][gc,cpu         ] GC(33792) User=0.01s Sys=0.00s Real=0.00s
[14011.947s][info][gc,start       ] GC(33793) Pause Young (Allocation Failure)
[14011.951s][info][gc,heap        ] GC(33793) PSYoungGen: 83264K(84480K)->1024K(84480K) Eden: 81920K(81920K)->0K(81920K) From: 1344K(2560K)->1024K(2560K)
[14011.951s][info][gc,heap        ] GC(33793) ParOldGen: 655750K(655872K)->655822K(655872K)
[14011.951s][info][gc,metaspace   ] GC(33793) Metaspace: 62262K(62592K)->62262K(62592K) NonClass: 56728K(56960K)->56728K(56960K) Class: 5534K(5632K)->5534K(5632K)
[14011.951s][info][gc             ] GC(33793) Pause Young (Allocation Failure) 721M->641M(723M) 3.337ms
[14011.951s][info][gc,cpu         ] GC(33793) User=0.00s Sys=0.00s Real=0.00s
[14012.313s][info][gc,start       ] GC(33794) Pause Young (Allocation Failure)
[14012.316s][info][gc,heap        ] GC(33794) PSYoungGen: 82944K(84480K)->608K(84480K) Eden: 81920K(81920K)->0K(81920K) From: 1024K(2560K)->608K(2560K)
[14012.316s][info][gc,heap        ] GC(33794) ParOldGen: 655822K(655872K)->655894K(656384K)
[14012.316s][info][gc,metaspace   ] GC(33794) Metaspace: 62262K(62592K)->62262K(62592K) NonClass: 56728K(56960K)->56728K(56960K) Class: 5534K(5632K)->5534K(5632K)
[14012.316s][info][gc             ] GC(33794) Pause Young (Allocation Failure) 721M->641M(723M) 2.826ms
[14012.316s][info][gc,cpu         ] GC(33794) User=0.00s Sys=0.00s Real=0.00s
[14012.717s][info][gc,start       ] GC(33795) Pause Young (Allocation Failure)
[14012.720s][info][gc,heap        ] GC(33795) PSYoungGen: 82528K(84480K)->1632K(84480K) Eden: 81920K(81920K)->0K(81920K) From: 608K(2560K)->1632K(2560K)
[14012.720s][info][gc,heap        ] GC(33795) ParOldGen: 655894K(656384K)->655966K(656384K)
[14012.720s][info][gc,metaspace   ] GC(33795) Metaspace: 62262K(62592K)->62262K(62592K) NonClass: 56728K(56960K)->56728K(56960K) Class: 5534K(5632K)->5534K(5632K)
[14012.720s][info][gc             ] GC(33795) Pause Young (Allocation Failure) 721M->642M(723M) 3.008ms
[14012.720s][info][gc,cpu         ] GC(33795) User=0.00s Sys=0.00s Real=0.00s
[14013.169s][info][gc,start       ] GC(33796) Pause Young (Allocation Failure)
[14013.174s][info][gc,heap        ] GC(33796) PSYoungGen: 83552K(84480K)->1456K(84480K) Eden: 81920K(81920K)->0K(81920K) From: 1632K(2560K)->1456K(2560K)
[14013.174s][info][gc,heap        ] GC(33796) ParOldGen: 655966K(656384K)->657062K(657920K)
[14013.174s][info][gc,metaspace   ] GC(33796) Metaspace: 62262K(62592K)->62262K(62592K) NonClass: 56728K(56960K)->56728K(56960K) Class: 5534K(5632K)->5534K(5632K)
[14013.174s][info][gc             ] GC(33796) Pause Young (Allocation Failure) 722M->643M(725M) 4.438ms
[14013.174s][info][gc,cpu         ] GC(33796) User=0.01s Sys=0.00s Real=0.01s
[14017.546s][info][gc,start       ] GC(33797) Pause Young (Allocation Failure)
[14017.555s][info][gc,heap        ] GC(33797) PSYoungGen: 83376K(84480K)->1152K(84480K) Eden: 81920K(81920K)->0K(81920K) From: 1456K(2560K)->1152K(2560K)
[14017.555s][info][gc,heap        ] GC(33797) ParOldGen: 657062K(657920K)->666430K(667648K)
[14017.555s][info][gc,metaspace   ] GC(33797) Metaspace: 62430K(62720K)->62430K(62720K) NonClass: 56864K(57024K)->56864K(57024K) Class: 5566K(5696K)->5566K(5696K)
[14017.555s][info][gc             ] GC(33797) Pause Young (Allocation Failure) 723M->651M(734M) 9.565ms
[14017.555s][info][gc,cpu         ] GC(33797) User=0.01s Sys=0.00s Real=0.01s
[14018.127s][info][gc,heap,exit   ] Heap
[14018.127s][info][gc,heap,exit   ]  PSYoungGen      total 84480K, used 39724K [0x00000000eba00000, 0x00000000f0f00000, 0x0000000100000000)
[14018.127s][info][gc,heap,exit   ]   eden space 81920K, 47% used [0x00000000eba00000,0x00000000edfab100,0x00000000f0a00000)
[14018.127s][info][gc,heap,exit   ]   from space 2560K, 45% used [0x00000000f0a00000,0x00000000f0b200d0,0x00000000f0c80000)
[14018.127s][info][gc,heap,exit   ]   to   space 2560K, 0% used [0x00000000f0c80000,0x00000000f0c80000,0x00000000f0f00000)
[14018.127s][info][gc,heap,exit   ]  ParOldGen       total 667648K, used 666430K [0x00000000c2e00000, 0x00000000eba00000, 0x00000000eba00000)
[14018.127s][info][gc,heap,exit   ]   object space 667648K, 99% used [0x00000000c2e00000,0x00000000eb8cfa40,0x00000000eba00000)
[14018.127s][info][gc,heap,exit   ]  Metaspace       used 62505K, committed 62784K, reserved 1114112K
[14018.127s][info][gc,heap,exit   ]   class space    used 5578K, committed 5696K, reserved 1048576K
