[0.002s][info][metaspace]  - commit_granule_bytes: 65536.
[0.002s][info][metaspace]  - commit_granule_words: 8192.
[0.003s][info][metaspace]  - virtual_space_node_default_size: 8388608.
[0.003s][info][metaspace]  - enlarge_chunks_in_place: 1.
[0.005s][info][gc,init  ] CardTable entry size: 512
[0.005s][info][gc       ] Using Parallel
[0.006s][info][gc,init  ] Version: 24-internal-adhoc.root.jdk (release)
[0.006s][info][gc,init  ] CPUs: 2 total, 2 available
[0.006s][info][gc,init  ] Memory: 3908M
[0.006s][info][gc,init  ] Large Page Support: Disabled
[0.006s][info][gc,init  ] NUMA Support: Disabled
[0.006s][info][gc,init  ] Compressed Oops: Enabled (32-bit)
[0.006s][info][gc,init  ] Alignments: Space 512K, Generation 512K, Heap 2M
[0.006s][info][gc,init  ] Heap Min Capacity: 256M
[0.006s][info][gc,init  ] Heap Initial Capacity: 256M
[0.006s][info][gc,init  ] Heap Max Capacity: 978M
[0.006s][info][gc,init  ] Pre-touch: Disabled
[0.006s][info][gc,init  ] Parallel Workers: 2
[0.023s][info][gc,metaspace] CDS archive(s) mapped at: [0x00007fe70a000000-0x00007fe70adc0000-0x00007fe70adc0000), size 14417920, SharedBaseAddress: 0x00007fe70a000000, ArchiveRelocationMode: 1.
[0.023s][info][gc,metaspace] Compressed class space mapped at: 0x00007fe70b000000-0x00007fe74b000000, reserved size: 1073741824
[0.023s][info][gc,metaspace] UseCompressedClassPointers 1, UseCompactObjectHeaders 0
[0.023s][info][gc,metaspace] Narrow klass pointer bits 32, Max shift 3
[0.023s][info][gc,metaspace] Narrow klass base: 0x00007fe70a000000, Narrow klass shift: 0
[0.023s][info][gc,metaspace] Encoding Range: [0x00007fe70a000000 - 0x00007fe80a000000), (4294967296 bytes)
[0.023s][info][gc,metaspace] Klass Range:    [0x00007fe70a000000 - 0x00007fe74b000000), (1090519040 bytes)
[0.023s][info][gc,metaspace] Klass ID Range:  [8 - 1090519033) (1090519025)
[1.659s][info][gc,start    ] GC(0) Pause Young (Allocation Failure)
[1.673s][info][gc,heap     ] GC(0) PSYoungGen: 65536K(76288K)->8384K(76288K) Eden: 65536K(65536K)->0K(65536K) From: 0K(10752K)->8384K(10752K)
[1.673s][info][gc,heap     ] GC(0) ParOldGen: 1157K(175104K)->1245K(175104K)
[1.673s][info][gc,metaspace] GC(0) Metaspace: 19773K(19904K)->19773K(19904K) NonClass: 17905K(17984K)->17905K(17984K) Class: 1867K(1920K)->1867K(1920K)
[1.673s][info][gc          ] GC(0) Pause Young (Allocation Failure) 65M->9M(245M) 13.502ms
[1.673s][info][gc,cpu      ] GC(0) User=0.02s Sys=0.00s Real=0.01s
[2.073s][info][metaspace   ] ChkMgr @0x00007fe76803aa80 (non-class-space): failed to commit 21 words on chunk @0x00007fe7686629c0, f, base 0x00007fe701360000, level lv10.
[2.073s][info][metaspace   ] Arena @0x00007fe76811b4d0 (non-class arena): failed to allocate new chunk for requested word size 21.
[2.073s][info][metaspace   ] Arena @0x00007fe76811b4d0 (non-class arena): allocation failed, returned null.
[2.073s][info][metaspace   ] ChkMgr @0x00007fe76803aa80 (non-class-space): failed to commit 21 words on chunk @0x00007fe7686629c0, f, base 0x00007fe701360000, level lv10.
[2.073s][info][metaspace   ] Arena @0x00007fe76811b4d0 (non-class arena): failed to allocate new chunk for requested word size 21.
[2.073s][info][metaspace   ] Arena @0x00007fe76811b4d0 (non-class arena): allocation failed, returned null.
[2.074s][info][metaspace   ] ChkMgr @0x00007fe76803aa80 (non-class-space): failed to commit 21 words on chunk @0x00007fe7686629c0, f, base 0x00007fe701360000, level lv10.
[2.074s][info][metaspace   ] Arena @0x00007fe76811b4d0 (non-class arena): failed to allocate new chunk for requested word size 21.
[2.074s][info][metaspace   ] Arena @0x00007fe76811b4d0 (non-class arena): allocation failed, returned null.
[2.074s][info][gc,start    ] GC(1) Pause Full (Metadata GC Threshold)
[2.074s][info][gc,phases,start] GC(1) Marking Phase
[2.088s][info][gc,phases      ] GC(1) Marking Phase 14.062ms
[2.088s][info][gc,phases,start] GC(1) Summary Phase
[2.088s][info][gc,phases      ] GC(1) Summary Phase 0.010ms
[2.088s][info][gc,phases,start] GC(1) Forward
[2.089s][info][gc,phases      ] GC(1) Forward 1.679ms
[2.089s][info][gc,phases,start] GC(1) Adjust Pointers
[2.096s][info][gc,phases      ] GC(1) Adjust Pointers 6.223ms
[2.096s][info][gc,phases,start] GC(1) Compaction Phase
[2.101s][info][gc,phases      ] GC(1) Compaction Phase 5.776ms
[2.102s][info][gc,phases,start] GC(1) Post Compact
[2.103s][info][gc,phases      ] GC(1) Post Compact 1.478ms
[2.103s][info][gc,heap        ] GC(1) PSYoungGen: 28388K(76288K)->0K(76288K) Eden: 20003K(65536K)->0K(65536K) From: 8384K(10752K)->0K(10752K)
[2.103s][info][gc,heap        ] GC(1) ParOldGen: 1245K(175104K)->8733K(175104K)
[2.103s][info][gc,metaspace   ] GC(1) Metaspace: 21368K(21504K)->21368K(21504K) NonClass: 19367K(19456K)->19367K(19456K) Class: 2000K(2048K)->2000K(2048K)
[2.103s][info][gc             ] GC(1) Pause Full (Metadata GC Threshold) 28M->8M(245M) 29.575ms
[2.103s][info][gc,cpu         ] GC(1) User=0.04s Sys=0.00s Real=0.03s
[2.924s][info][gc,start       ] GC(2) Pause Young (Allocation Failure)
[2.939s][info][gc,heap        ] GC(2) PSYoungGen: 65536K(76288K)->4280K(76288K) Eden: 65536K(65536K)->0K(65536K) From: 0K(10752K)->4280K(10752K)
[2.939s][info][gc,heap        ] GC(2) ParOldGen: 8733K(175104K)->8741K(175104K)
[2.939s][info][gc,metaspace   ] GC(2) Metaspace: 22823K(22976K)->22823K(22976K) NonClass: 20770K(20864K)->20770K(20864K) Class: 2052K(2112K)->2052K(2112K)
[2.939s][info][gc             ] GC(2) Pause Young (Allocation Failure) 72M->12M(245M) 14.843ms
[2.939s][info][gc,cpu         ] GC(2) User=0.01s Sys=0.00s Real=0.01s
[3.341s][info][gc,start       ] GC(3) Pause Young (Allocation Failure)
[3.348s][info][gc,heap        ] GC(3) PSYoungGen: 69816K(76288K)->3649K(76288K) Eden: 65536K(65536K)->0K(65536K) From: 4280K(10752K)->3649K(10752K)
[3.348s][info][gc,heap        ] GC(3) ParOldGen: 8741K(175104K)->8741K(175104K)
[3.348s][info][gc,metaspace   ] GC(3) Metaspace: 23318K(23424K)->23318K(23424K) NonClass: 21232K(21312K)->21232K(21312K) Class: 2085K(2112K)->2085K(2112K)
[3.348s][info][gc             ] GC(3) Pause Young (Allocation Failure) 76M->12M(245M) 7.098ms
[3.348s][info][gc,cpu         ] GC(3) User=0.01s Sys=0.00s Real=0.01s
[3.904s][info][gc,start       ] GC(4) Pause Young (Allocation Failure)
[3.911s][info][gc,heap        ] GC(4) PSYoungGen: 69185K(76288K)->2867K(141824K) Eden: 65536K(65536K)->0K(131072K) From: 3649K(10752K)->2867K(10752K)
[3.911s][info][gc,heap        ] GC(4) ParOldGen: 8741K(175104K)->8749K(175104K)
[3.912s][info][gc,metaspace   ] GC(4) Metaspace: 23706K(23872K)->23706K(23872K) NonClass: 21609K(21696K)->21609K(21696K) Class: 2096K(2176K)->2096K(2176K)
[3.912s][info][gc             ] GC(4) Pause Young (Allocation Failure) 76M->11M(309M) 7.607ms
[3.912s][info][gc,cpu         ] GC(4) User=0.01s Sys=0.00s Real=0.00s
[4.943s][info][gc,start       ] GC(5) Pause Young (Allocation Failure)
[4.949s][info][gc,heap        ] GC(5) PSYoungGen: 133939K(141824K)->2193K(141824K) Eden: 131072K(131072K)->0K(131072K) From: 2867K(10752K)->2193K(10752K)
[4.949s][info][gc,heap        ] GC(5) ParOldGen: 8749K(175104K)->8757K(175104K)
[4.949s][info][gc,metaspace   ] GC(5) Metaspace: 24635K(24768K)->24635K(24768K) NonClass: 22509K(22592K)->22509K(22592K) Class: 2126K(2176K)->2126K(2176K)
[4.949s][info][gc             ] GC(5) Pause Young (Allocation Failure) 139M->10M(309M) 6.060ms
[4.949s][info][gc,cpu         ] GC(5) User=0.01s Sys=0.00s Real=0.01s
[5.791s][info][gc,start       ] GC(6) Pause Young (Allocation Failure)
[5.806s][info][gc,heap        ] GC(6) PSYoungGen: 133265K(141824K)->9204K(268800K) Eden: 131072K(131072K)->0K(259584K) From: 2193K(10752K)->9204K(9216K)
[5.806s][info][gc,heap        ] GC(6) ParOldGen: 8757K(175104K)->9614K(175104K)
[5.806s][info][gc,metaspace   ] GC(6) Metaspace: 25115K(25280K)->25115K(25280K) NonClass: 22987K(23104K)->22987K(23104K) Class: 2127K(2176K)->2127K(2176K)
[5.806s][info][gc             ] GC(6) Pause Young (Allocation Failure) 138M->18M(433M) 14.764ms
[5.806s][info][gc,cpu         ] GC(6) User=0.02s Sys=0.01s Real=0.02s
[7.419s][info][gc,start       ] GC(7) Pause Young (Allocation Failure)
[7.433s][info][gc,heap        ] GC(7) PSYoungGen: 268788K(268800K)->6239K(271360K) Eden: 259584K(259584K)->0K(259584K) From: 9204K(9216K)->6239K(11776K)
[7.433s][info][gc,heap        ] GC(7) ParOldGen: 9614K(175104K)->9742K(175104K)
[7.433s][info][gc,metaspace   ] GC(7) Metaspace: 25588K(25728K)->25588K(25728K) NonClass: 23459K(23552K)->23459K(23552K) Class: 2128K(2176K)->2128K(2176K)
[7.433s][info][gc             ] GC(7) Pause Young (Allocation Failure) 271M->15M(436M) 13.712ms
[7.433s][info][gc,cpu         ] GC(7) User=0.02s Sys=0.00s Real=0.01s
[8.616s][info][gc,start       ] GC(8) Pause Young (Allocation Failure)
[8.633s][info][gc,heap        ] GC(8) PSYoungGen: 265823K(271360K)->9494K(320512K) Eden: 259584K(259584K)->0K(309248K) From: 6239K(11776K)->9494K(11264K)
[8.633s][info][gc,heap        ] GC(8) ParOldGen: 9742K(175104K)->10520K(175104K)
[8.633s][info][gc,metaspace   ] GC(8) Metaspace: 26035K(26176K)->26035K(26176K) NonClass: 23907K(24000K)->23907K(24000K) Class: 2128K(2176K)->2128K(2176K)
[8.633s][info][gc             ] GC(8) Pause Young (Allocation Failure) 269M->19M(484M) 16.458ms
[8.633s][info][gc,cpu         ] GC(8) User=0.02s Sys=0.01s Real=0.01s
[9.989s][info][gc,start       ] GC(9) Pause Young (Allocation Failure)
[10.008s][info][gc,heap        ] GC(9) PSYoungGen: 318742K(320512K)->8426K(317952K) Eden: 309248K(309248K)->0K(309248K) From: 9494K(11264K)->8426K(8704K)
[10.008s][info][gc,heap        ] GC(9) ParOldGen: 10520K(175104K)->11812K(175104K)
[10.008s][info][gc,metaspace   ] GC(9) Metaspace: 26313K(26496K)->26313K(26496K) NonClass: 24185K(24320K)->24185K(24320K) Class: 2128K(2176K)->2128K(2176K)
[10.008s][info][gc             ] GC(9) Pause Young (Allocation Failure) 321M->19M(481M) 19.273ms
[10.008s][info][gc,cpu         ] GC(9) User=0.03s Sys=0.00s Real=0.02s
[11.170s][info][gc,start       ] GC(10) Pause Young (Allocation Failure)
[11.182s][info][gc,heap        ] GC(10) PSYoungGen: 317674K(317952K)->7754K(321024K) Eden: 309248K(309248K)->0K(308224K) From: 8426K(8704K)->7754K(12800K)
[11.182s][info][gc,heap        ] GC(10) ParOldGen: 11812K(175104K)->11844K(175104K)
[11.182s][info][gc,metaspace   ] GC(10) Metaspace: 26480K(26624K)->26480K(26624K) NonClass: 24352K(24448K)->24352K(24448K) Class: 2128K(2176K)->2128K(2176K)
[11.182s][info][gc             ] GC(10) Pause Young (Allocation Failure) 321M->19M(484M) 12.087ms
[11.182s][info][gc,cpu         ] GC(10) User=0.02s Sys=0.01s Real=0.01s
[12.342s][info][gc,start       ] GC(11) Pause Young (Allocation Failure)
[12.357s][info][gc,heap        ] GC(11) PSYoungGen: 315978K(321024K)->12719K(321024K) Eden: 308224K(308224K)->0K(308224K) From: 7754K(12800K)->12719K(12800K)
[12.357s][info][gc,heap        ] GC(11) ParOldGen: 11844K(175104K)->11876K(175104K)
[12.357s][info][gc,metaspace   ] GC(11) Metaspace: 26686K(26816K)->26686K(26816K) NonClass: 24557K(24640K)->24557K(24640K) Class: 2128K(2176K)->2128K(2176K)
[12.357s][info][gc             ] GC(11) Pause Young (Allocation Failure) 320M->24M(484M) 15.281ms
[12.357s][info][gc,cpu         ] GC(11) User=0.02s Sys=0.00s Real=0.02s
[13.528s][info][gc,start       ] GC(12) Pause Young (Allocation Failure)
[13.539s][info][gc,heap        ] GC(12) PSYoungGen: 320943K(321024K)->8250K(317952K) Eden: 308224K(308224K)->0K(305152K) From: 12719K(12800K)->8250K(12800K)
[13.539s][info][gc,heap        ] GC(12) ParOldGen: 11876K(175104K)->11908K(175104K)
[13.539s][info][gc,metaspace   ] GC(12) Metaspace: 26819K(27008K)->26819K(27008K) NonClass: 24688K(24832K)->24688K(24832K) Class: 2130K(2176K)->2130K(2176K)
[13.539s][info][gc             ] GC(12) Pause Young (Allocation Failure) 325M->19M(481M) 10.725ms
[13.539s][info][gc,cpu         ] GC(12) User=0.02s Sys=0.00s Real=0.01s
[14.577s][info][gc,start       ] GC(13) Pause Young (Allocation Failure)
[14.584s][info][gc,heap        ] GC(13) PSYoungGen: 313402K(317952K)->4914K(297984K) Eden: 305152K(305152K)->0K(292864K) From: 8250K(12800K)->4914K(5120K)
[14.584s][info][gc,heap        ] GC(13) ParOldGen: 11908K(175104K)->11940K(175104K)
[14.584s][info][gc,metaspace   ] GC(13) Metaspace: 26964K(27136K)->26964K(27136K) NonClass: 24833K(24960K)->24833K(24960K) Class: 2130K(2176K)->2130K(2176K)
[14.584s][info][gc             ] GC(13) Pause Young (Allocation Failure) 317M->16M(462M) 7.183ms
[14.584s][info][gc,cpu         ] GC(13) User=0.01s Sys=0.00s Real=0.00s
[15.537s][info][gc,start       ] GC(14) Pause Young (Allocation Failure)
[15.546s][info][gc,heap        ] GC(14) PSYoungGen: 297778K(297984K)->6826K(288256K) Eden: 292864K(292864K)->0K(281088K) From: 4914K(5120K)->6826K(7168K)
[15.546s][info][gc,heap        ] GC(14) ParOldGen: 11940K(175104K)->11964K(175104K)
[15.546s][info][gc,metaspace   ] GC(14) Metaspace: 27039K(27200K)->27039K(27200K) NonClass: 24909K(25024K)->24909K(25024K) Class: 2130K(2176K)->2130K(2176K)
[15.546s][info][gc             ] GC(14) Pause Young (Allocation Failure) 302M->18M(452M) 8.721ms
[15.546s][info][gc,cpu         ] GC(14) User=0.01s Sys=0.00s Real=0.01s
[16.440s][info][gc,start       ] GC(15) Pause Young (Allocation Failure)
[16.455s][info][gc,heap        ] GC(15) PSYoungGen: 287914K(288256K)->8154K(304128K) Eden: 281088K(281088K)->0K(290816K) From: 6826K(7168K)->8154K(13312K)
[16.455s][info][gc,heap        ] GC(15) ParOldGen: 11964K(175104K)->12361K(175104K)
[16.455s][info][gc,metaspace   ] GC(15) Metaspace: 27094K(27264K)->27094K(27264K) NonClass: 24964K(25088K)->24964K(25088K) Class: 2130K(2176K)->2130K(2176K)
[16.455s][info][gc             ] GC(15) Pause Young (Allocation Failure) 292M->20M(468M) 15.297ms
[16.455s][info][gc,cpu         ] GC(15) User=0.03s Sys=0.00s Real=0.02s
[17.422s][info][gc,start       ] GC(16) Pause Young (Allocation Failure)
[17.436s][info][gc,heap        ] GC(16) PSYoungGen: 298970K(304128K)->7994K(319488K) Eden: 290816K(290816K)->0K(307200K) From: 8154K(13312K)->7994K(12288K)
[17.436s][info][gc,heap        ] GC(16) ParOldGen: 12361K(175104K)->12385K(175104K)
[17.436s][info][gc,metaspace   ] GC(16) Metaspace: 27188K(27328K)->27188K(27328K) NonClass: 25057K(25152K)->25057K(25152K) Class: 2131K(2176K)->2131K(2176K)
[17.436s][info][gc             ] GC(16) Pause Young (Allocation Failure) 304M->19M(483M) 13.808ms
[17.436s][info][gc,cpu         ] GC(16) User=0.02s Sys=0.01s Real=0.02s
[18.340s][info][gc,start       ] GC(17) Pause Young (Allocation Failure)
[18.349s][info][gc,heap        ] GC(17) PSYoungGen: 315194K(319488K)->7144K(320000K) Eden: 307200K(307200K)->0K(307200K) From: 7994K(12288K)->7144K(12800K)
[18.349s][info][gc,heap        ] GC(17) ParOldGen: 12385K(175104K)->12465K(175104K)
[18.349s][info][gc,metaspace   ] GC(17) Metaspace: 27250K(27392K)->27250K(27392K) NonClass: 25119K(25216K)->25119K(25216K) Class: 2131K(2176K)->2131K(2176K)
[18.349s][info][gc             ] GC(17) Pause Young (Allocation Failure) 319M->19M(483M) 9.040ms
[18.349s][info][gc,cpu         ] GC(17) User=0.02s Sys=0.00s Real=0.01s
[18.882s][info][gc,heap,exit   ] Heap
[18.882s][info][gc,heap,exit   ]  PSYoungGen      total 320000K, used 193345K [0x00000000eba00000, 0x00000000fff80000, 0x0000000100000000)
[18.882s][info][gc,heap,exit   ]   eden space 307200K, 60% used [0x00000000eba00000,0x00000000f6fd6338,0x00000000fe600000)
[18.882s][info][gc,heap,exit   ]   from space 12800K, 55% used [0x00000000fe600000,0x00000000fecfa268,0x00000000ff280000)
[18.882s][info][gc,heap,exit   ]   to   space 12288K, 0% used [0x00000000ff380000,0x00000000ff380000,0x00000000fff80000)
[18.882s][info][gc,heap,exit   ]  ParOldGen       total 175104K, used 12465K [0x00000000c2e00000, 0x00000000cd900000, 0x00000000eba00000)
[18.882s][info][gc,heap,exit   ]   object space 175104K, 7% used [0x00000000c2e00000,0x00000000c3a2c608,0x00000000cd900000)
[18.882s][info][gc,heap,exit   ]  Metaspace       used 27284K, committed 27392K, reserved 1114112K
[18.882s][info][gc,heap,exit   ]   class space    used 2132K, committed 2176K, reserved 1048576K
