[0.002s][info][metaspace]  - commit_granule_bytes: 65536.
[0.002s][info][metaspace]  - commit_granule_words: 8192.
[0.002s][info][metaspace]  - virtual_space_node_default_size: 8388608.
[0.002s][info][metaspace]  - enlarge_chunks_in_place: 1.
[0.004s][info][gc,init  ] CardTable entry size: 512
[0.004s][info][gc       ] Using Parallel
[0.005s][info][gc,init  ] Version: 24-internal-adhoc.root.jdk (release)
[0.005s][info][gc,init  ] CPUs: 2 total, 2 available
[0.005s][info][gc,init  ] Memory: 3908M
[0.005s][info][gc,init  ] Large Page Support: Disabled
[0.005s][info][gc,init  ] NUMA Support: Disabled
[0.005s][info][gc,init  ] Compressed Oops: Enabled (32-bit)
[0.005s][info][gc,init  ] Alignments: Space 512K, Generation 512K, Heap 2M
[0.005s][info][gc,init  ] Heap Min Capacity: 256M
[0.005s][info][gc,init  ] Heap Initial Capacity: 256M
[0.005s][info][gc,init  ] Heap Max Capacity: 978M
[0.005s][info][gc,init  ] Pre-touch: Disabled
[0.005s][info][gc,init  ] Parallel Workers: 2
[0.021s][info][gc,metaspace] CDS archive(s) mapped at: [0x00007fef66000000-0x00007fef66dc0000-0x00007fef66dc0000), size 14417920, SharedBaseAddress: 0x00007fef66000000, ArchiveRelocationMode: 1.
[0.021s][info][gc,metaspace] Compressed class space mapped at: 0x00007fef67000000-0x00007fefa7000000, reserved size: 1073741824
[0.021s][info][gc,metaspace] UseCompressedClassPointers 1, UseCompactObjectHeaders 0
[0.021s][info][gc,metaspace] Narrow klass pointer bits 32, Max shift 3
[0.021s][info][gc,metaspace] Narrow klass base: 0x00007fef66000000, Narrow klass shift: 0
[0.021s][info][gc,metaspace] Encoding Range: [0x00007fef66000000 - 0x00007ff066000000), (4294967296 bytes)
[0.021s][info][gc,metaspace] Klass Range:    [0x00007fef66000000 - 0x00007fefa7000000), (1090519040 bytes)
[0.021s][info][gc,metaspace] Klass ID Range:  [8 - 1090519033) (1090519025)
[1.442s][info][gc,start    ] GC(0) Pause Young (Allocation Failure)
[1.450s][info][gc,heap     ] GC(0) PSYoungGen: 65536K(76288K)->5691K(76288K) Eden: 65536K(65536K)->0K(65536K) From: 0K(10752K)->5691K(10752K)
[1.450s][info][gc,heap     ] GC(0) ParOldGen: 1157K(175104K)->1165K(175104K)
[1.450s][info][gc,metaspace] GC(0) Metaspace: 12410K(12544K)->12410K(12544K) NonClass: 11183K(11264K)->11183K(11264K) Class: 1226K(1280K)->1226K(1280K)
[1.450s][info][gc          ] GC(0) Pause Young (Allocation Failure) 65M->6M(245M) 8.244ms
[1.450s][info][gc,cpu      ] GC(0) User=0.02s Sys=0.00s Real=0.01s
[1.890s][info][gc,start    ] GC(1) Pause Young (Allocation Failure)
[1.901s][info][gc,heap     ] GC(1) PSYoungGen: 71227K(76288K)->7021K(76288K) Eden: 65536K(65536K)->0K(65536K) From: 5691K(10752K)->7021K(10752K)
[1.901s][info][gc,heap     ] GC(1) ParOldGen: 1165K(175104K)->1173K(175104K)
[1.901s][info][gc,metaspace] GC(1) Metaspace: 12877K(13056K)->12877K(13056K) NonClass: 11626K(11712K)->11626K(11712K) Class: 1251K(1344K)->1251K(1344K)
[1.901s][info][gc          ] GC(1) Pause Young (Allocation Failure) 70M->8M(245M) 10.940ms
[1.901s][info][gc,cpu      ] GC(1) User=0.01s Sys=0.01s Real=0.01s
[138.503s][info][gc,start    ] GC(2) Pause Full (System.gc())
[138.503s][info][gc,phases,start] GC(2) Marking Phase
[138.511s][info][gc,phases      ] GC(2) Marking Phase 8.176ms
[138.511s][info][gc,phases,start] GC(2) Summary Phase
[138.511s][info][gc,phases      ] GC(2) Summary Phase 0.009ms
[138.511s][info][gc,phases,start] GC(2) Forward
[138.512s][info][gc,phases      ] GC(2) Forward 1.192ms
[138.512s][info][gc,phases,start] GC(2) Adjust Pointers
[138.516s][info][gc,phases      ] GC(2) Adjust Pointers 3.807ms
[138.516s][info][gc,phases,start] GC(2) Compaction Phase
[138.521s][info][gc,phases      ] GC(2) Compaction Phase 4.790ms
[138.521s][info][gc,phases,start] GC(2) Post Compact
[138.522s][info][gc,phases      ] GC(2) Post Compact 1.440ms
[138.522s][info][gc,heap        ] GC(2) PSYoungGen: 42400K(76288K)->0K(76288K) Eden: 35379K(65536K)->0K(65536K) From: 7021K(10752K)->0K(10752K)
[138.522s][info][gc,heap        ] GC(2) ParOldGen: 1173K(175104K)->7921K(175104K)
[138.522s][info][gc,metaspace   ] GC(2) Metaspace: 13086K(13248K)->13086K(13248K) NonClass: 11832K(11904K)->11832K(11904K) Class: 1254K(1344K)->1254K(1344K)
[138.522s][info][gc             ] GC(2) Pause Full (System.gc()) 42M->7M(245M) 19.744ms
[138.522s][info][gc,cpu         ] GC(2) User=0.02s Sys=0.01s Real=0.02s
[275.480s][info][gc,start       ] GC(3) Pause Full (System.gc())
[275.480s][info][gc,phases,start] GC(3) Marking Phase
[275.491s][info][gc,phases      ] GC(3) Marking Phase 11.288ms
[275.491s][info][gc,phases,start] GC(3) Summary Phase
[275.491s][info][gc,phases      ] GC(3) Summary Phase 0.016ms
[275.491s][info][gc,phases,start] GC(3) Forward
[275.493s][info][gc,phases      ] GC(3) Forward 1.337ms
[275.493s][info][gc,phases,start] GC(3) Adjust Pointers
[275.497s][info][gc,phases      ] GC(3) Adjust Pointers 4.013ms
[275.497s][info][gc,phases,start] GC(3) Compaction Phase
[275.499s][info][gc,phases      ] GC(3) Compaction Phase 2.536ms
[275.499s][info][gc,phases,start] GC(3) Post Compact
[275.500s][info][gc,phases      ] GC(3) Post Compact 0.234ms
[275.500s][info][gc,heap        ] GC(3) PSYoungGen: 39777K(76288K)->0K(76288K) Eden: 39777K(65536K)->0K(65536K) From: 0K(10752K)->0K(10752K)
[275.500s][info][gc,heap        ] GC(3) ParOldGen: 7921K(175104K)->8048K(175104K)
[275.500s][info][gc,metaspace   ] GC(3) Metaspace: 13308K(13504K)->13308K(13504K) NonClass: 12046K(12160K)->12046K(12160K) Class: 1261K(1344K)->1261K(1344K)
[275.500s][info][gc             ] GC(3) Pause Full (System.gc()) 46M->7M(245M) 19.703ms
[275.500s][info][gc,cpu         ] GC(3) User=0.03s Sys=0.00s Real=0.02s
[412.133s][info][gc,start       ] GC(4) Pause Full (System.gc())
[412.133s][info][gc,phases,start] GC(4) Marking Phase
[412.145s][info][gc,phases      ] GC(4) Marking Phase 11.867ms
[412.145s][info][gc,phases,start] GC(4) Summary Phase
[412.145s][info][gc,phases      ] GC(4) Summary Phase 0.016ms
[412.145s][info][gc,phases,start] GC(4) Forward
[412.146s][info][gc,phases      ] GC(4) Forward 1.333ms
[412.146s][info][gc,phases,start] GC(4) Adjust Pointers
[412.153s][info][gc,phases      ] GC(4) Adjust Pointers 6.458ms
[412.153s][info][gc,phases,start] GC(4) Compaction Phase
[412.155s][info][gc,phases      ] GC(4) Compaction Phase 2.174ms
[412.155s][info][gc,phases,start] GC(4) Post Compact
[412.155s][info][gc,phases      ] GC(4) Post Compact 0.154ms
[412.155s][info][gc,heap        ] GC(4) PSYoungGen: 38246K(76288K)->0K(76288K) Eden: 38246K(65536K)->0K(65536K) From: 0K(10752K)->0K(10752K)
[412.155s][info][gc,heap        ] GC(4) ParOldGen: 8048K(175104K)->8049K(175104K)
[412.155s][info][gc,metaspace   ] GC(4) Metaspace: 13366K(13568K)->13366K(13568K) NonClass: 12104K(12224K)->12104K(12224K) Class: 1261K(1344K)->1261K(1344K)
[412.155s][info][gc             ] GC(4) Pause Full (System.gc()) 45M->7M(245M) 22.333ms
[412.155s][info][gc,cpu         ] GC(4) User=0.03s Sys=0.00s Real=0.02s
[548.933s][info][gc,start       ] GC(5) Pause Full (System.gc())
[548.933s][info][gc,phases,start] GC(5) Marking Phase
[548.944s][info][gc,phases      ] GC(5) Marking Phase 10.050ms
[548.944s][info][gc,phases,start] GC(5) Summary Phase
[548.944s][info][gc,phases      ] GC(5) Summary Phase 0.010ms
[548.944s][info][gc,phases,start] GC(5) Forward
[548.944s][info][gc,phases      ] GC(5) Forward 0.424ms
[548.944s][info][gc,phases,start] GC(5) Adjust Pointers
[548.949s][info][gc,phases      ] GC(5) Adjust Pointers 5.264ms
[548.949s][info][gc,phases,start] GC(5) Compaction Phase
[548.951s][info][gc,phases      ] GC(5) Compaction Phase 1.650ms
[548.951s][info][gc,phases,start] GC(5) Post Compact
[548.951s][info][gc,phases      ] GC(5) Post Compact 0.176ms
[548.951s][info][gc,heap        ] GC(5) PSYoungGen: 37759K(76288K)->0K(76288K) Eden: 37759K(65536K)->0K(65536K) From: 0K(10752K)->0K(10752K)
[548.951s][info][gc,heap        ] GC(5) ParOldGen: 8049K(175104K)->8050K(175104K)
[548.951s][info][gc,metaspace   ] GC(5) Metaspace: 13424K(13568K)->13424K(13568K) NonClass: 12162K(12224K)->12162K(12224K) Class: 1261K(1344K)->1261K(1344K)
[548.951s][info][gc             ] GC(5) Pause Full (System.gc()) 44M->7M(245M) 17.856ms
[548.951s][info][gc,cpu         ] GC(5) User=0.03s Sys=0.00s Real=0.02s
[685.952s][info][gc,start       ] GC(6) Pause Full (System.gc())
[685.953s][info][gc,phases,start] GC(6) Marking Phase
[685.962s][info][gc,phases      ] GC(6) Marking Phase 9.851ms
[685.962s][info][gc,phases,start] GC(6) Summary Phase
[685.962s][info][gc,phases      ] GC(6) Summary Phase 0.010ms
[685.962s][info][gc,phases,start] GC(6) Forward
[685.963s][info][gc,phases      ] GC(6) Forward 0.474ms
[685.963s][info][gc,phases,start] GC(6) Adjust Pointers
[685.970s][info][gc,phases      ] GC(6) Adjust Pointers 6.785ms
[685.970s][info][gc,phases,start] GC(6) Compaction Phase
[685.971s][info][gc,phases      ] GC(6) Compaction Phase 1.427ms
[685.971s][info][gc,phases,start] GC(6) Post Compact
[685.971s][info][gc,phases      ] GC(6) Post Compact 0.156ms
[685.971s][info][gc,heap        ] GC(6) PSYoungGen: 37682K(76288K)->0K(76288K) Eden: 37682K(65536K)->0K(65536K) From: 0K(10752K)->0K(10752K)
[685.971s][info][gc,heap        ] GC(6) ParOldGen: 8050K(175104K)->8051K(175104K)
[685.971s][info][gc,metaspace   ] GC(6) Metaspace: 13460K(13632K)->13460K(13632K) NonClass: 12198K(12288K)->12198K(12288K) Class: 1261K(1344K)->1261K(1344K)
[685.971s][info][gc             ] GC(6) Pause Full (System.gc()) 44M->7M(245M) 19.016ms
[685.972s][info][gc,cpu         ] GC(6) User=0.03s Sys=0.00s Real=0.02s
[822.814s][info][gc,start       ] GC(7) Pause Full (System.gc())
[822.814s][info][gc,phases,start] GC(7) Marking Phase
[822.823s][info][gc,phases      ] GC(7) Marking Phase 8.857ms
[822.823s][info][gc,phases,start] GC(7) Summary Phase
[822.823s][info][gc,phases      ] GC(7) Summary Phase 0.015ms
[822.823s][info][gc,phases,start] GC(7) Forward
[822.824s][info][gc,phases      ] GC(7) Forward 0.455ms
[822.824s][info][gc,phases,start] GC(7) Adjust Pointers
[822.828s][info][gc,phases      ] GC(7) Adjust Pointers 4.551ms
[822.828s][info][gc,phases,start] GC(7) Compaction Phase
[822.830s][info][gc,phases      ] GC(7) Compaction Phase 1.391ms
[822.830s][info][gc,phases,start] GC(7) Post Compact
[822.830s][info][gc,phases      ] GC(7) Post Compact 0.142ms
[822.830s][info][gc,heap        ] GC(7) PSYoungGen: 37543K(76288K)->0K(76288K) Eden: 37543K(65536K)->0K(65536K) From: 0K(10752K)->0K(10752K)
[822.830s][info][gc,heap        ] GC(7) ParOldGen: 8051K(175104K)->8052K(175104K)
[822.830s][info][gc,metaspace   ] GC(7) Metaspace: 13503K(13696K)->13503K(13696K) NonClass: 12241K(12352K)->12241K(12352K) Class: 1261K(1344K)->1261K(1344K)
[822.830s][info][gc             ] GC(7) Pause Full (System.gc()) 44M->7M(245M) 15.680ms
[822.830s][info][gc,cpu         ] GC(7) User=0.03s Sys=0.00s Real=0.02s
[959.585s][info][gc,start       ] GC(8) Pause Full (System.gc())
[959.585s][info][gc,phases,start] GC(8) Marking Phase
[959.594s][info][gc,phases      ] GC(8) Marking Phase 8.923ms
[959.594s][info][gc,phases,start] GC(8) Summary Phase
[959.594s][info][gc,phases      ] GC(8) Summary Phase 0.011ms
[959.594s][info][gc,phases,start] GC(8) Forward
[959.594s][info][gc,phases      ] GC(8) Forward 0.448ms
[959.594s][info][gc,phases,start] GC(8) Adjust Pointers
[959.599s][info][gc,phases      ] GC(8) Adjust Pointers 4.472ms
[959.599s][info][gc,phases,start] GC(8) Compaction Phase
[959.600s][info][gc,phases      ] GC(8) Compaction Phase 1.195ms
[959.600s][info][gc,phases,start] GC(8) Post Compact
[959.600s][info][gc,phases      ] GC(8) Post Compact 0.206ms
[959.600s][info][gc,heap        ] GC(8) PSYoungGen: 37398K(76288K)->0K(76288K) Eden: 37398K(65536K)->0K(65536K) From: 0K(10752K)->0K(10752K)
[959.600s][info][gc,heap        ] GC(8) ParOldGen: 8052K(175104K)->8054K(175104K)
[959.600s][info][gc,metaspace   ] GC(8) Metaspace: 13552K(13760K)->13552K(13760K) NonClass: 12290K(12416K)->12290K(12416K) Class: 1261K(1344K)->1261K(1344K)
[959.600s][info][gc             ] GC(8) Pause Full (System.gc()) 44M->7M(245M) 15.551ms
[959.600s][info][gc,cpu         ] GC(8) User=0.02s Sys=0.01s Real=0.02s
[1096.460s][info][gc,start       ] GC(9) Pause Full (System.gc())
[1096.460s][info][gc,phases,start] GC(9) Marking Phase
[1096.469s][info][gc,phases      ] GC(9) Marking Phase 8.930ms
[1096.469s][info][gc,phases,start] GC(9) Summary Phase
[1096.469s][info][gc,phases      ] GC(9) Summary Phase 0.013ms
[1096.469s][info][gc,phases,start] GC(9) Forward
[1096.470s][info][gc,phases      ] GC(9) Forward 0.723ms
[1096.470s][info][gc,phases,start] GC(9) Adjust Pointers
[1096.474s][info][gc,phases      ] GC(9) Adjust Pointers 4.207ms
[1096.474s][info][gc,phases,start] GC(9) Compaction Phase
[1096.475s][info][gc,phases      ] GC(9) Compaction Phase 1.255ms
[1096.475s][info][gc,phases,start] GC(9) Post Compact
[1096.475s][info][gc,phases      ] GC(9) Post Compact 0.168ms
[1096.475s][info][gc,heap        ] GC(9) PSYoungGen: 37172K(76288K)->0K(76288K) Eden: 37172K(65536K)->0K(65536K) From: 0K(10752K)->0K(10752K)
[1096.475s][info][gc,heap        ] GC(9) ParOldGen: 8054K(175104K)->8056K(175104K)
[1096.475s][info][gc,metaspace   ] GC(9) Metaspace: 13590K(13760K)->13590K(13760K) NonClass: 12328K(12416K)->12328K(12416K) Class: 1261K(1344K)->1261K(1344K)
[1096.475s][info][gc             ] GC(9) Pause Full (System.gc()) 44M->7M(245M) 15.592ms
[1096.476s][info][gc,cpu         ] GC(9) User=0.02s Sys=0.00s Real=0.01s
[1233.458s][info][gc,start       ] GC(10) Pause Full (System.gc())
[1233.458s][info][gc,phases,start] GC(10) Marking Phase
[1233.469s][info][gc,phases      ] GC(10) Marking Phase 11.626ms
[1233.469s][info][gc,phases,start] GC(10) Summary Phase
[1233.469s][info][gc,phases      ] GC(10) Summary Phase 0.011ms
[1233.469s][info][gc,phases,start] GC(10) Forward
[1233.470s][info][gc,phases      ] GC(10) Forward 1.094ms
[1233.471s][info][gc,phases,start] GC(10) Adjust Pointers
[1233.475s][info][gc,phases      ] GC(10) Adjust Pointers 4.761ms
[1233.475s][info][gc,phases,start] GC(10) Compaction Phase
[1233.477s][info][gc,phases      ] GC(10) Compaction Phase 1.994ms
[1233.477s][info][gc,phases,start] GC(10) Post Compact
[1233.478s][info][metaspace      ] ChkMgr @0x00007fefc403aa80 (non-class-space): : reclaiming memory...
[1233.478s][info][metaspace      ] ChkMgr @0x00007fefc403aa80 (non-class-space): nothing reclaimed.
[1233.478s][info][metaspace      ] ChkMgr @0x00007fefc403a890 (class-space): : reclaiming memory...
[1233.478s][info][metaspace      ] ChkMgr @0x00007fefc403a890 (class-space): nothing reclaimed.
[1233.478s][info][gc,phases      ] GC(10) Post Compact 0.226ms
[1233.478s][info][gc,heap        ] GC(10) PSYoungGen: 37098K(76288K)->0K(76288K) Eden: 37098K(65536K)->0K(65536K) From: 0K(10752K)->0K(10752K)
[1233.478s][info][gc,heap        ] GC(10) ParOldGen: 8056K(175104K)->7833K(175104K)
[1233.478s][info][gc,metaspace   ] GC(10) Metaspace: 13631K(13760K)->13609K(13760K) NonClass: 12369K(12416K)->12347K(12416K) Class: 1261K(1344K)->1261K(1344K)
[1233.478s][info][gc             ] GC(10) Pause Full (System.gc()) 44M->7M(245M) 19.992ms
[1233.478s][info][gc,cpu         ] GC(10) User=0.03s Sys=0.00s Real=0.02s
[1370.486s][info][gc,start       ] GC(11) Pause Full (System.gc())
[1370.486s][info][gc,phases,start] GC(11) Marking Phase
[1370.495s][info][gc,phases      ] GC(11) Marking Phase 8.785ms
[1370.495s][info][gc,phases,start] GC(11) Summary Phase
[1370.495s][info][gc,phases      ] GC(11) Summary Phase 0.010ms
[1370.495s][info][gc,phases,start] GC(11) Forward
[1370.496s][info][gc,phases      ] GC(11) Forward 1.016ms
[1370.496s][info][gc,phases,start] GC(11) Adjust Pointers
[1370.501s][info][gc,phases      ] GC(11) Adjust Pointers 4.235ms
[1370.501s][info][gc,phases,start] GC(11) Compaction Phase
[1370.502s][info][gc,phases      ] GC(11) Compaction Phase 1.755ms
[1370.502s][info][gc,phases,start] GC(11) Post Compact
[1370.503s][info][gc,phases      ] GC(11) Post Compact 0.140ms
[1370.503s][info][gc,heap        ] GC(11) PSYoungGen: 37075K(76288K)->0K(76288K) Eden: 37075K(65536K)->0K(65536K) From: 0K(10752K)->0K(10752K)
[1370.503s][info][gc,heap        ] GC(11) ParOldGen: 7833K(175104K)->7833K(175104K)
[1370.503s][info][gc,metaspace   ] GC(11) Metaspace: 13639K(13824K)->13639K(13824K) NonClass: 12377K(12480K)->12377K(12480K) Class: 1261K(1344K)->1261K(1344K)
[1370.503s][info][gc             ] GC(11) Pause Full (System.gc()) 43M->7M(245M) 16.214ms
[1370.503s][info][gc,cpu         ] GC(11) User=0.02s Sys=0.00s Real=0.01s
[1507.022s][info][gc,start       ] GC(12) Pause Full (System.gc())
[1507.022s][info][gc,phases,start] GC(12) Marking Phase
[1507.031s][info][gc,phases      ] GC(12) Marking Phase 9.025ms
[1507.031s][info][gc,phases,start] GC(12) Summary Phase
[1507.031s][info][gc,phases      ] GC(12) Summary Phase 0.010ms
[1507.031s][info][gc,phases,start] GC(12) Forward
[1507.032s][info][gc,phases      ] GC(12) Forward 0.501ms
[1507.032s][info][gc,phases,start] GC(12) Adjust Pointers
[1507.036s][info][gc,phases      ] GC(12) Adjust Pointers 4.258ms
[1507.036s][info][gc,phases,start] GC(12) Compaction Phase
[1507.038s][info][gc,phases      ] GC(12) Compaction Phase 1.292ms
[1507.038s][info][gc,phases,start] GC(12) Post Compact
[1507.038s][info][gc,phases      ] GC(12) Post Compact 0.165ms
[1507.038s][info][gc,heap        ] GC(12) PSYoungGen: 37048K(76288K)->0K(76288K) Eden: 37048K(65536K)->0K(65536K) From: 0K(10752K)->0K(10752K)
[1507.038s][info][gc,heap        ] GC(12) ParOldGen: 7833K(175104K)->7834K(175104K)
[1507.038s][info][gc,metaspace   ] GC(12) Metaspace: 13665K(13824K)->13665K(13824K) NonClass: 12403K(12480K)->12403K(12480K) Class: 1261K(1344K)->1261K(1344K)
[1507.038s][info][gc             ] GC(12) Pause Full (System.gc()) 43M->7M(245M) 15.544ms
[1507.038s][info][gc,cpu         ] GC(12) User=0.02s Sys=0.00s Real=0.02s
[1507.044s][info][gc,heap,exit   ] Heap
[1507.044s][info][gc,heap,exit   ]  PSYoungGen      total 76288K, used 1136K [0x00000000eba00000, 0x00000000f4f00000, 0x0000000100000000)
[1507.044s][info][gc,heap,exit   ]   eden space 65536K, 1% used [0x00000000eba00000,0x00000000ebb1c258,0x00000000efa00000)
[1507.044s][info][gc,heap,exit   ]   from space 10752K, 0% used [0x00000000f0480000,0x00000000f0480000,0x00000000f0f00000)
[1507.044s][info][gc,heap,exit   ]   to   space 10752K, 0% used [0x00000000efa00000,0x00000000efa00000,0x00000000f0480000)
[1507.044s][info][gc,heap,exit   ]  ParOldGen       total 175104K, used 7834K [0x00000000c2e00000, 0x00000000cd900000, 0x00000000eba00000)
[1507.044s][info][gc,heap,exit   ]   object space 175104K, 4% used [0x00000000c2e00000,0x00000000c35a6bd0,0x00000000cd900000)
[1507.044s][info][gc,heap,exit   ]  Metaspace       used 13667K, committed 13824K, reserved 1114112K
[1507.044s][info][gc,heap,exit   ]   class space    used 1261K, committed 1344K, reserved 1048576K
