[0.002s][info][metaspace]  - commit_granule_bytes: 65536.
[0.002s][info][metaspace]  - commit_granule_words: 8192.
[0.002s][info][metaspace]  - virtual_space_node_default_size: 8388608.
[0.002s][info][metaspace]  - enlarge_chunks_in_place: 1.
[0.005s][info][gc,init  ] CardTable entry size: 512
[0.005s][info][gc       ] Using Parallel
[0.006s][info][gc,init  ] Version: 24-internal-adhoc.root.jdk (release)
[0.006s][info][gc,init  ] CPUs: 2 total, 2 available
[0.006s][info][gc,init  ] Memory: 3908M
[0.006s][info][gc,init  ] Large Page Support: Disabled
[0.006s][info][gc,init  ] NUMA Support: Disabled
[0.006s][info][gc,init  ] Compressed Oops: Enabled (32-bit)
[0.006s][info][gc,init  ] Alignments: Space 512K, Generation 512K, Heap 2M
[0.006s][info][gc,init  ] Heap Min Capacity: 256M
[0.006s][info][gc,init  ] Heap Initial Capacity: 256M
[0.006s][info][gc,init  ] Heap Max Capacity: 978M
[0.006s][info][gc,init  ] Pre-touch: Disabled
[0.006s][info][gc,init  ] Parallel Workers: 2
[0.025s][info][gc,metaspace] CDS archive(s) mapped at: [0x00007f55b5000000-0x00007f55b5dc0000-0x00007f55b5dc0000), size 14417920, SharedBaseAddress: 0x00007f55b5000000, ArchiveRelocationMode: 1.
[0.025s][info][gc,metaspace] Compressed class space mapped at: 0x00007f55b6000000-0x00007f55f6000000, reserved size: 1073741824
[0.025s][info][gc,metaspace] UseCompressedClassPointers 1, UseCompactObjectHeaders 0
[0.025s][info][gc,metaspace] Narrow klass pointer bits 32, Max shift 3
[0.025s][info][gc,metaspace] Narrow klass base: 0x00007f55b5000000, Narrow klass shift: 0
[0.025s][info][gc,metaspace] Encoding Range: [0x00007f55b5000000 - 0x00007f56b5000000), (4294967296 bytes)
[0.025s][info][gc,metaspace] Klass Range:    [0x00007f55b5000000 - 0x00007f55f6000000), (1090519040 bytes)
[0.025s][info][gc,metaspace] Klass ID Range:  [8 - 1090519033) (1090519025)
[0.454s][info][gc,start    ] GC(0) Pause Young (Allocation Failure)
[0.461s][info][gc,heap     ] GC(0) PSYoungGen: 65536K(76288K)->1904K(76288K) Eden: 65536K(65536K)->0K(65536K) From: 0K(10752K)->1904K(10752K)
[0.461s][info][gc,heap     ] GC(0) ParOldGen: 1157K(175104K)->1165K(175104K)
[0.461s][info][gc,metaspace] GC(0) Metaspace: 2609K(2752K)->2609K(2752K) NonClass: 2412K(2496K)->2412K(2496K) Class: 197K(256K)->197K(256K)
[0.461s][info][gc          ] GC(0) Pause Young (Allocation Failure) 65M->2M(245M) 6.794ms
[0.461s][info][gc,cpu      ] GC(0) User=0.01s Sys=0.00s Real=0.01s
[0.561s][info][gc,start    ] GC(1) Pause Young (Allocation Failure)
[0.569s][info][gc,heap     ] GC(1) PSYoungGen: 67440K(76288K)->2160K(141824K) Eden: 65536K(65536K)->0K(131072K) From: 1904K(10752K)->2160K(10752K)
[0.569s][info][gc,heap     ] GC(1) ParOldGen: 1165K(175104K)->1173K(175104K)
[0.569s][info][gc,metaspace] GC(1) Metaspace: 2633K(2752K)->2633K(2752K) NonClass: 2436K(2496K)->2436K(2496K) Class: 197K(256K)->197K(256K)
[0.569s][info][gc          ] GC(1) Pause Young (Allocation Failure) 66M->3M(309M) 7.165ms
[0.569s][info][gc,cpu      ] GC(1) User=0.02s Sys=0.00s Real=0.01s
[1.209s][info][gc,start    ] GC(2) Pause Young (Allocation Failure)
[1.224s][info][gc,heap     ] GC(2) PSYoungGen: 133232K(141824K)->7438K(141824K) Eden: 131072K(131072K)->0K(131072K) From: 2160K(10752K)->7438K(10752K)
[1.224s][info][gc,heap     ] GC(2) ParOldGen: 1173K(175104K)->1181K(175104K)
[1.224s][info][gc,metaspace] GC(2) Metaspace: 9427K(9600K)->9427K(9600K) NonClass: 7528K(7616K)->7528K(7616K) Class: 1899K(1984K)->1899K(1984K)
[1.224s][info][gc          ] GC(2) Pause Young (Allocation Failure) 131M->8M(309M) 15.475ms
[1.224s][info][gc,cpu      ] GC(2) User=0.02s Sys=0.01s Real=0.01s
[1.358s][info][gc,start    ] GC(3) Pause Young (Allocation Failure)
[1.375s][info][gc,heap     ] GC(3) PSYoungGen: 138510K(141824K)->10302K(272896K) Eden: 131072K(131072K)->0K(262144K) From: 7438K(10752K)->10302K(10752K)
[1.375s][info][gc,heap     ] GC(3) ParOldGen: 1181K(175104K)->1189K(175104K)
[1.375s][info][gc,metaspace] GC(3) Metaspace: 9484K(9664K)->9484K(9664K) NonClass: 7585K(7680K)->7585K(7680K) Class: 1899K(1984K)->1899K(1984K)
[1.375s][info][gc          ] GC(3) Pause Young (Allocation Failure) 136M->11M(437M) 16.722ms
[1.375s][info][gc,cpu      ] GC(3) User=0.03s Sys=0.00s Real=0.01s
[1.844s][info][gc,start    ] GC(4) Pause Young (Allocation Failure)
[1.867s][info][gc,heap     ] GC(4) PSYoungGen: 272446K(272896K)->10750K(272896K) Eden: 262144K(262144K)->0K(262144K) From: 10302K(10752K)->10750K(10752K)
[1.867s][info][gc,heap     ] GC(4) ParOldGen: 1189K(175104K)->5173K(175104K)
[1.867s][info][gc,metaspace] GC(4) Metaspace: 11402K(11520K)->11402K(11520K) NonClass: 8851K(8896K)->8851K(8896K) Class: 2551K(2624K)->2551K(2624K)
[1.867s][info][gc          ] GC(4) Pause Young (Allocation Failure) 267M->15M(437M) 23.271ms
[1.867s][info][gc,cpu      ] GC(4) User=0.03s Sys=0.01s Real=0.03s
[2.802s][info][metaspace   ] ChkMgr @0x00007f561403aa80 (non-class-space): failed to commit 6 words on chunk @0x00007f56146b0490, f, base 0x00007f55ad060000, level lv10.
[2.802s][info][metaspace   ] Arena @0x00007f561427a630 (non-class arena): failed to allocate new chunk for requested word size 6.
[2.802s][info][metaspace   ] Arena @0x00007f561427a630 (non-class arena): allocation failed, returned null.
[2.802s][info][metaspace   ] ChkMgr @0x00007f561403aa80 (non-class-space): failed to commit 6 words on chunk @0x00007f56146b0490, f, base 0x00007f55ad060000, level lv10.
[2.802s][info][metaspace   ] Arena @0x00007f561427a630 (non-class arena): failed to allocate new chunk for requested word size 6.
[2.802s][info][metaspace   ] Arena @0x00007f561427a630 (non-class arena): allocation failed, returned null.
[2.802s][info][metaspace   ] ChkMgr @0x00007f561403aa80 (non-class-space): failed to commit 6 words on chunk @0x00007f56146b0490, f, base 0x00007f55ad060000, level lv10.
[2.802s][info][metaspace   ] Arena @0x00007f561427a630 (non-class arena): failed to allocate new chunk for requested word size 6.
[2.802s][info][metaspace   ] Arena @0x00007f561427a630 (non-class arena): allocation failed, returned null.
[2.802s][info][gc,start    ] GC(5) Pause Full (Metadata GC Threshold)
[2.802s][info][gc,phases,start] GC(5) Marking Phase
[2.827s][info][gc,phases      ] GC(5) Marking Phase 24.327ms
[2.827s][info][gc,phases,start] GC(5) Summary Phase
[2.827s][info][gc,phases      ] GC(5) Summary Phase 0.011ms
[2.827s][info][gc,phases,start] GC(5) Forward
[2.833s][info][gc,phases      ] GC(5) Forward 6.171ms
[2.833s][info][gc,phases,start] GC(5) Adjust Pointers
[2.845s][info][gc,phases      ] GC(5) Adjust Pointers 11.846ms
[2.845s][info][gc,phases,start] GC(5) Compaction Phase
[2.858s][info][gc,phases      ] GC(5) Compaction Phase 12.858ms
[2.858s][info][gc,phases,start] GC(5) Post Compact
[2.858s][info][metaspace      ] ChkMgr @0x00007f561403aa80 (non-class-space): : reclaiming memory...
[2.858s][info][metaspace      ] ChkMgr @0x00007f561403aa80 (non-class-space): nothing reclaimed.
[2.858s][info][metaspace      ] ChkMgr @0x00007f561403a890 (class-space): : reclaiming memory...
[2.858s][info][metaspace      ] ChkMgr @0x00007f561403a890 (class-space): nothing reclaimed.
[2.859s][info][gc,phases      ] GC(5) Post Compact 1.414ms
[2.859s][info][gc,heap        ] GC(5) PSYoungGen: 64397K(272896K)->0K(272896K) Eden: 53647K(262144K)->0K(262144K) From: 10750K(10752K)->0K(10752K)
[2.859s][info][gc,heap        ] GC(5) ParOldGen: 5173K(175104K)->20277K(175104K)
[2.859s][info][gc,metaspace   ] GC(5) Metaspace: 21194K(21504K)->21149K(21504K) NonClass: 16468K(16640K)->16424K(16640K) Class: 4726K(4864K)->4724K(4864K)
[2.859s][info][gc             ] GC(5) Pause Full (Metadata GC Threshold) 67M->19M(437M) 57.019ms
[2.859s][info][gc,cpu         ] GC(5) User=0.08s Sys=0.01s Real=0.06s
[4.203s][info][gc,start       ] GC(6) Pause Young (Allocation Failure)
[4.210s][info][gc,heap        ] GC(6) PSYoungGen: 262144K(272896K)->3277K(317440K) Eden: 262144K(262144K)->0K(300032K) From: 0K(10752K)->3277K(17408K)
[4.210s][info][gc,heap        ] GC(6) ParOldGen: 20277K(175104K)->20285K(175104K)
[4.210s][info][gc,metaspace   ] GC(6) Metaspace: 26698K(27136K)->26698K(27136K) NonClass: 21315K(21632K)->21315K(21632K) Class: 5383K(5504K)->5383K(5504K)
[4.210s][info][gc             ] GC(6) Pause Young (Allocation Failure) 275M->23M(481M) 7.475ms
[4.210s][info][gc,cpu         ] GC(6) User=0.01s Sys=0.00s Real=0.01s
[5.584s][info][gc,start       ] GC(7) Pause Young (Allocation Failure)
[5.593s][info][gc,heap        ] GC(7) PSYoungGen: 303309K(317440K)->5686K(306176K) Eden: 300032K(300032K)->0K(300032K) From: 3277K(17408K)->5686K(6144K)
[5.593s][info][gc,heap        ] GC(7) ParOldGen: 20285K(175104K)->20285K(175104K)
[5.593s][info][gc,metaspace   ] GC(7) Metaspace: 32747K(33344K)->32747K(33344K) NonClass: 26546K(26944K)->26546K(26944K) Class: 6201K(6400K)->6201K(6400K)
[5.593s][info][gc             ] GC(7) Pause Young (Allocation Failure) 316M->25M(470M) 9.391ms
[5.593s][info][gc,cpu         ] GC(7) User=0.01s Sys=0.01s Real=0.01s
[6.708s][info][gc,start       ] GC(8) Pause Young (Allocation Failure)
[6.715s][info][gc,heap        ] GC(8) PSYoungGen: 305718K(306176K)->5617K(315904K) Eden: 300032K(300032K)->0K(300544K) From: 5686K(6144K)->5617K(15360K)
[6.715s][info][gc,heap        ] GC(8) ParOldGen: 20285K(175104K)->20285K(175104K)
[6.715s][info][gc,metaspace   ] GC(8) Metaspace: 32753K(33344K)->32753K(33344K) NonClass: 26552K(26944K)->26552K(26944K) Class: 6201K(6400K)->6201K(6400K)
[6.715s][info][gc             ] GC(8) Pause Young (Allocation Failure) 318M->25M(479M) 7.270ms
[6.715s][info][gc,cpu         ] GC(8) User=0.01s Sys=0.00s Real=0.00s
[6.996s][info][gc,start       ] GC(9) Pause Young (Allocation Failure)
[7.004s][info][gc,heap        ] GC(9) PSYoungGen: 306161K(315904K)->2665K(315392K) Eden: 300544K(300544K)->0K(300544K) From: 5617K(15360K)->2665K(14848K)
[7.004s][info][gc,heap        ] GC(9) ParOldGen: 20285K(175104K)->23239K(175104K)
[7.004s][info][gc,metaspace   ] GC(9) Metaspace: 32753K(33344K)->32753K(33344K) NonClass: 26552K(26944K)->26552K(26944K) Class: 6201K(6400K)->6201K(6400K)
[7.004s][info][gc             ] GC(9) Pause Young (Allocation Failure) 318M->25M(479M) 7.825ms
[7.004s][info][gc,cpu         ] GC(9) User=0.01s Sys=0.00s Real=0.00s
[7.288s][info][gc,start       ] GC(10) Pause Young (Allocation Failure)
[7.293s][info][gc,heap        ] GC(10) PSYoungGen: 303209K(315392K)->64K(317440K) Eden: 300544K(300544K)->0K(303104K) From: 2665K(14848K)->64K(14336K)
[7.293s][info][gc,heap        ] GC(10) ParOldGen: 23239K(175104K)->25867K(175104K)
[7.293s][info][gc,metaspace   ] GC(10) Metaspace: 32753K(33344K)->32753K(33344K) NonClass: 26552K(26944K)->26552K(26944K) Class: 6201K(6400K)->6201K(6400K)
[7.293s][info][gc             ] GC(10) Pause Young (Allocation Failure) 318M->25M(481M) 4.471ms
[7.293s][info][gc,cpu         ] GC(10) User=0.01s Sys=0.01s Real=0.00s
[8.258s][info][gc,start       ] GC(11) Pause Young (Allocation Failure)
[8.259s][info][gc,heap        ] GC(11) PSYoungGen: 303168K(317440K)->64K(317952K) Eden: 303104K(303104K)->0K(303104K) From: 64K(14336K)->64K(14848K)
[8.259s][info][gc,heap        ] GC(11) ParOldGen: 25867K(175104K)->25867K(175104K)
[8.259s][info][gc,metaspace   ] GC(11) Metaspace: 32881K(33472K)->32881K(33472K) NonClass: 26679K(27072K)->26679K(27072K) Class: 6201K(6400K)->6201K(6400K)
[8.259s][info][gc             ] GC(11) Pause Young (Allocation Failure) 321M->25M(481M) 0.988ms
[8.259s][info][gc,cpu         ] GC(11) User=0.00s Sys=0.00s Real=0.00s
[8.366s][info][gc,start       ] GC(12) Pause Young (Allocation Failure)
[8.367s][info][gc,heap        ] GC(12) PSYoungGen: 303168K(317952K)->32K(317952K) Eden: 303104K(303104K)->0K(304128K) From: 64K(14848K)->32K(13824K)
[8.367s][info][gc,heap        ] GC(12) ParOldGen: 25867K(175104K)->25883K(175104K)
[8.367s][info][gc,metaspace   ] GC(12) Metaspace: 32881K(33472K)->32881K(33472K) NonClass: 26679K(27072K)->26679K(27072K) Class: 6201K(6400K)->6201K(6400K)
[8.367s][info][gc             ] GC(12) Pause Young (Allocation Failure) 321M->25M(481M) 0.951ms
[8.367s][info][gc,cpu         ] GC(12) User=0.00s Sys=0.00s Real=0.00s
[8.531s][info][gc,start       ] GC(13) Pause Young (Allocation Failure)
[8.532s][info][gc,heap        ] GC(13) PSYoungGen: 304160K(317952K)->64K(318464K) Eden: 304128K(304128K)->0K(304128K) From: 32K(13824K)->64K(14336K)
[8.532s][info][gc,heap        ] GC(13) ParOldGen: 25883K(175104K)->25883K(175104K)
[8.532s][info][gc,metaspace   ] GC(13) Metaspace: 32886K(33472K)->32886K(33472K) NonClass: 26685K(27072K)->26685K(27072K) Class: 6201K(6400K)->6201K(6400K)
[8.532s][info][gc             ] GC(13) Pause Young (Allocation Failure) 322M->25M(482M) 1.040ms
[8.532s][info][gc,cpu         ] GC(13) User=0.00s Sys=0.00s Real=0.00s
[8.796s][info][gc,start       ] GC(14) Pause Young (Allocation Failure)
[8.797s][info][gc,heap        ] GC(14) PSYoungGen: 304192K(318464K)->32K(318464K) Eden: 304128K(304128K)->0K(305152K) From: 64K(14336K)->32K(13312K)
[8.797s][info][gc,heap        ] GC(14) ParOldGen: 25883K(175104K)->25899K(175104K)
[8.797s][info][gc,metaspace   ] GC(14) Metaspace: 32886K(33472K)->32886K(33472K) NonClass: 26685K(27072K)->26685K(27072K) Class: 6201K(6400K)->6201K(6400K)
[8.797s][info][gc             ] GC(14) Pause Young (Allocation Failure) 322M->25M(482M) 0.937ms
[8.797s][info][gc,cpu         ] GC(14) User=0.00s Sys=0.00s Real=0.00s
[9.143s][info][gc,start       ] GC(15) Pause Young (Allocation Failure)
[9.145s][info][gc,heap        ] GC(15) PSYoungGen: 305184K(318464K)->64K(293376K) Eden: 305152K(305152K)->0K(292864K) From: 32K(13312K)->64K(512K)
[9.145s][info][gc,heap        ] GC(15) ParOldGen: 25899K(175104K)->25907K(175104K)
[9.145s][info][gc,metaspace   ] GC(15) Metaspace: 32943K(33536K)->32943K(33536K) NonClass: 26742K(27136K)->26742K(27136K) Class: 6201K(6400K)->6201K(6400K)
[9.145s][info][gc             ] GC(15) Pause Young (Allocation Failure) 323M->25M(457M) 1.180ms
[9.145s][info][gc,cpu         ] GC(15) User=0.00s Sys=0.00s Real=0.00s
[9.339s][info][gc,start       ] GC(16) Pause Young (Allocation Failure)
[9.341s][info][gc,heap        ] GC(16) PSYoungGen: 292928K(293376K)->32K(281600K) Eden: 292864K(292864K)->0K(281088K) From: 64K(512K)->32K(512K)
[9.341s][info][gc,heap        ] GC(16) ParOldGen: 25907K(175104K)->25923K(175104K)
[9.341s][info][gc,metaspace   ] GC(16) Metaspace: 32943K(33536K)->32943K(33536K) NonClass: 26742K(27136K)->26742K(27136K) Class: 6201K(6400K)->6201K(6400K)
[9.341s][info][gc             ] GC(16) Pause Young (Allocation Failure) 311M->25M(446M) 1.410ms
[9.341s][info][gc,cpu         ] GC(16) User=0.00s Sys=0.00s Real=0.00s
[9.569s][info][gc,start       ] GC(17) Pause Young (Allocation Failure)
[9.570s][info][gc,heap        ] GC(17) PSYoungGen: 281120K(281600K)->64K(282624K) Eden: 281088K(281088K)->0K(269824K) From: 32K(512K)->64K(12800K)
[9.570s][info][gc,heap        ] GC(17) ParOldGen: 25923K(175104K)->25923K(175104K)
[9.570s][info][gc,metaspace   ] GC(17) Metaspace: 32944K(33536K)->32944K(33536K) NonClass: 26743K(27136K)->26743K(27136K) Class: 6201K(6400K)->6201K(6400K)
[9.571s][info][gc             ] GC(17) Pause Young (Allocation Failure) 299M->25M(447M) 1.096ms
[9.571s][info][gc,cpu         ] GC(17) User=0.00s Sys=0.00s Real=0.00s
[10.344s][info][gc,start       ] GC(18) Pause Young (Allocation Failure)
[10.346s][info][gc,heap        ] GC(18) PSYoungGen: 269888K(282624K)->64K(259584K) Eden: 269824K(269824K)->0K(259072K) From: 64K(12800K)->64K(512K)
[10.346s][info][gc,heap        ] GC(18) ParOldGen: 25923K(175104K)->25931K(175104K)
[10.346s][info][gc,metaspace   ] GC(18) Metaspace: 32951K(33536K)->32951K(33536K) NonClass: 26750K(27136K)->26750K(27136K) Class: 6201K(6400K)->6201K(6400K)
[10.346s][info][gc             ] GC(18) Pause Young (Allocation Failure) 288M->25M(424M) 1.801ms
[10.346s][info][gc,cpu         ] GC(18) User=0.01s Sys=0.00s Real=0.01s
[11.325s][info][gc,start       ] GC(19) Pause Young (Allocation Failure)
[11.325s][info][gc,heap        ] GC(19) PSYoungGen: 259136K(259584K)->100K(260608K) Eden: 259072K(259072K)->0K(248832K) From: 64K(512K)->100K(11776K)
[11.325s][info][gc,heap        ] GC(19) ParOldGen: 25931K(175104K)->25947K(175104K)
[11.325s][info][gc,metaspace   ] GC(19) Metaspace: 32982K(33536K)->32982K(33536K) NonClass: 26781K(27136K)->26781K(27136K) Class: 6201K(6400K)->6201K(6400K)
[11.325s][info][gc             ] GC(19) Pause Young (Allocation Failure) 278M->25M(425M) 0.593ms
[11.325s][info][gc,cpu         ] GC(19) User=0.00s Sys=0.00s Real=0.00s
[12.603s][info][gc,start       ] GC(20) Pause Young (Allocation Failure)
[12.604s][info][gc,heap        ] GC(20) PSYoungGen: 248932K(260608K)->64K(239616K) Eden: 248832K(248832K)->0K(239104K) From: 100K(11776K)->64K(512K)
[12.604s][info][gc,heap        ] GC(20) ParOldGen: 25947K(175104K)->25955K(175104K)
[12.604s][info][gc,metaspace   ] GC(20) Metaspace: 33006K(33600K)->33006K(33600K) NonClass: 26805K(27200K)->26805K(27200K) Class: 6201K(6400K)->6201K(6400K)
[12.604s][info][gc             ] GC(20) Pause Young (Allocation Failure) 268M->25M(405M) 1.455ms
[12.604s][info][gc,cpu         ] GC(20) User=0.00s Sys=0.00s Real=0.00s
[12.918s][info][gc,start       ] GC(21) Pause Young (Allocation Failure)
[12.919s][info][gc,heap        ] GC(21) PSYoungGen: 239168K(239616K)->64K(240640K) Eden: 239104K(239104K)->0K(229888K) From: 64K(512K)->64K(10752K)
[12.919s][info][gc,heap        ] GC(21) ParOldGen: 25955K(175104K)->25971K(175104K)
[12.919s][info][gc,metaspace   ] GC(21) Metaspace: 33018K(33600K)->33018K(33600K) NonClass: 26817K(27200K)->26817K(27200K) Class: 6201K(6400K)->6201K(6400K)
[12.919s][info][gc             ] GC(21) Pause Young (Allocation Failure) 258M->25M(406M) 0.658ms
[12.919s][info][gc,cpu         ] GC(21) User=0.01s Sys=0.00s Real=0.00s
[13.475s][info][gc,start       ] GC(22) Pause Young (Allocation Failure)
[13.477s][info][gc,heap        ] GC(22) PSYoungGen: 229952K(240640K)->64K(221696K) Eden: 229888K(229888K)->0K(221184K) From: 64K(10752K)->64K(512K)
[13.477s][info][gc,heap        ] GC(22) ParOldGen: 25971K(175104K)->25987K(175104K)
[13.477s][info][gc,metaspace   ] GC(22) Metaspace: 33034K(33600K)->33034K(33600K) NonClass: 26833K(27200K)->26833K(27200K) Class: 6201K(6400K)->6201K(6400K)
[13.477s][info][gc             ] GC(22) Pause Young (Allocation Failure) 249M->25M(387M) 1.584ms
[13.477s][info][gc,cpu         ] GC(22) User=0.00s Sys=0.00s Real=0.01s
[15.666s][info][gc,start       ] GC(23) Pause Young (Allocation Failure)
[15.667s][info][gc,heap        ] GC(23) PSYoungGen: 221248K(221696K)->32K(222720K) Eden: 221184K(221184K)->0K(212992K) From: 64K(512K)->32K(9728K)
[15.667s][info][gc,heap        ] GC(23) ParOldGen: 25987K(175104K)->25995K(175104K)
[15.667s][info][gc,metaspace   ] GC(23) Metaspace: 33095K(33728K)->33095K(33728K) NonClass: 26893K(27328K)->26893K(27328K) Class: 6201K(6400K)->6201K(6400K)
[15.667s][info][gc             ] GC(23) Pause Young (Allocation Failure) 241M->25M(388M) 1.148ms
[15.667s][info][gc,cpu         ] GC(23) User=0.00s Sys=0.00s Real=0.00s
[16.173s][info][gc,start       ] GC(24) Pause Young (Allocation Failure)
[16.175s][info][gc,heap        ] GC(24) PSYoungGen: 213024K(222720K)->64K(205824K) Eden: 212992K(212992K)->0K(205312K) From: 32K(9728K)->64K(512K)
[16.175s][info][gc,heap        ] GC(24) ParOldGen: 25995K(175104K)->26011K(175104K)
[16.175s][info][gc,metaspace   ] GC(24) Metaspace: 33103K(33728K)->33103K(33728K) NonClass: 26902K(27328K)->26902K(27328K) Class: 6201K(6400K)->6201K(6400K)
[16.175s][info][gc             ] GC(24) Pause Young (Allocation Failure) 233M->25M(372M) 1.844ms
[16.175s][info][gc,cpu         ] GC(24) User=0.00s Sys=0.00s Real=0.00s
[16.965s][info][gc,start       ] GC(25) Pause Young (Allocation Failure)
[16.966s][info][gc,heap        ] GC(25) PSYoungGen: 205376K(205824K)->64K(206336K) Eden: 205312K(205312K)->0K(197632K) From: 64K(512K)->64K(8704K)
[16.966s][info][gc,heap        ] GC(25) ParOldGen: 26011K(175104K)->26019K(175104K)
[16.966s][info][gc,metaspace   ] GC(25) Metaspace: 33252K(33856K)->33252K(33856K) NonClass: 27051K(27456K)->27051K(27456K) Class: 6201K(6400K)->6201K(6400K)
[16.966s][info][gc             ] GC(25) Pause Young (Allocation Failure) 225M->25M(372M) 0.956ms
[16.966s][info][gc,cpu         ] GC(25) User=0.00s Sys=0.00s Real=0.01s
[17.262s][info][gc,start       ] GC(26) Pause Young (Allocation Failure)
[17.263s][info][gc,heap        ] GC(26) PSYoungGen: 197696K(206336K)->64K(190976K) Eden: 197632K(197632K)->0K(190464K) From: 64K(8704K)->64K(512K)
[17.263s][info][gc,heap        ] GC(26) ParOldGen: 26019K(175104K)->26035K(175104K)
[17.263s][info][gc,metaspace   ] GC(26) Metaspace: 33273K(33920K)->33273K(33920K) NonClass: 27072K(27520K)->27072K(27520K) Class: 6201K(6400K)->6201K(6400K)
[17.263s][info][gc             ] GC(26) Pause Young (Allocation Failure) 218M->25M(357M) 1.525ms
[17.263s][info][gc,cpu         ] GC(26) User=0.01s Sys=0.00s Real=0.00s
[17.496s][info][gc,start       ] GC(27) Pause Young (Allocation Failure)
[17.497s][info][gc,heap        ] GC(27) PSYoungGen: 190528K(190976K)->64K(191488K) Eden: 190464K(190464K)->0K(183808K) From: 64K(512K)->64K(7680K)
[17.497s][info][gc,heap        ] GC(27) ParOldGen: 26035K(175104K)->26051K(175104K)
[17.497s][info][gc,metaspace   ] GC(27) Metaspace: 33318K(33920K)->33318K(33920K) NonClass: 27117K(27520K)->27117K(27520K) Class: 6201K(6400K)->6201K(6400K)
[17.497s][info][gc             ] GC(27) Pause Young (Allocation Failure) 211M->25M(358M) 1.083ms
[17.497s][info][gc,cpu         ] GC(27) User=0.00s Sys=0.00s Real=0.00s
[18.020s][info][gc,start       ] GC(28) Pause Young (Allocation Failure)
[18.022s][info][gc,heap        ] GC(28) PSYoungGen: 183872K(191488K)->32K(177664K) Eden: 183808K(183808K)->0K(177152K) From: 64K(7680K)->32K(512K)
[18.022s][info][gc,heap        ] GC(28) ParOldGen: 26051K(175104K)->26059K(175104K)
[18.022s][info][gc,metaspace   ] GC(28) Metaspace: 33322K(33920K)->33322K(33920K) NonClass: 27120K(27520K)->27120K(27520K) Class: 6201K(6400K)->6201K(6400K)
[18.022s][info][gc             ] GC(28) Pause Young (Allocation Failure) 205M->25M(344M) 1.791ms
[18.022s][info][gc,cpu         ] GC(28) User=0.00s Sys=0.00s Real=0.00s
[18.276s][info][gc,start       ] GC(29) Pause Young (Allocation Failure)
[18.278s][info][gc,heap        ] GC(29) PSYoungGen: 177184K(177664K)->32K(177664K) Eden: 177152K(177152K)->0K(171008K) From: 32K(512K)->32K(6656K)
[18.278s][info][gc,heap        ] GC(29) ParOldGen: 26059K(175104K)->26075K(175104K)
[18.278s][info][gc,metaspace   ] GC(29) Metaspace: 33322K(33920K)->33322K(33920K) NonClass: 27120K(27520K)->27120K(27520K) Class: 6201K(6400K)->6201K(6400K)
[18.278s][info][gc             ] GC(29) Pause Young (Allocation Failure) 198M->25M(344M) 1.424ms
[18.278s][info][gc,cpu         ] GC(29) User=0.00s Sys=0.00s Real=0.00s
[18.789s][info][gc,start       ] GC(30) Pause Young (Allocation Failure)
[18.791s][info][gc,heap        ] GC(30) PSYoungGen: 171040K(177664K)->64K(165376K) Eden: 171008K(171008K)->0K(164864K) From: 32K(6656K)->64K(512K)
[18.791s][info][gc,heap        ] GC(30) ParOldGen: 26075K(175104K)->26083K(175104K)
[18.791s][info][gc,metaspace   ] GC(30) Metaspace: 33507K(34112K)->33507K(34112K) NonClass: 27298K(27712K)->27298K(27712K) Class: 6208K(6400K)->6208K(6400K)
[18.791s][info][gc             ] GC(30) Pause Young (Allocation Failure) 192M->25M(332M) 1.891ms
[18.791s][info][gc,cpu         ] GC(30) User=0.01s Sys=0.00s Real=0.00s
[19.446s][info][gc,start       ] GC(31) Pause Young (Allocation Failure)
[19.473s][info][gc,heap        ] GC(31) PSYoungGen: 164928K(165376K)->6129K(220672K) Eden: 164864K(164864K)->0K(214528K) From: 64K(512K)->6129K(6144K)
[19.473s][info][gc,heap        ] GC(31) ParOldGen: 26083K(175104K)->34327K(175104K)
[19.473s][info][gc,metaspace   ] GC(31) Metaspace: 34111K(34752K)->34111K(34752K) NonClass: 27855K(28288K)->27855K(28288K) Class: 6256K(6464K)->6256K(6464K)
[19.473s][info][gc             ] GC(31) Pause Young (Allocation Failure) 186M->39M(386M) 27.061ms
[19.473s][info][gc,cpu         ] GC(31) User=0.05s Sys=0.01s Real=0.02s
[19.857s][info][gc,start       ] GC(32) Pause Young (Allocation Failure)
[19.908s][info][gc,heap        ] GC(32) PSYoungGen: 220657K(220672K)->6144K(228864K) Eden: 214528K(214528K)->0K(222720K) From: 6129K(6144K)->6144K(6144K)
[19.908s][info][gc,heap        ] GC(32) ParOldGen: 34327K(175104K)->51319K(175104K)
[19.908s][info][gc,metaspace   ] GC(32) Metaspace: 34147K(34816K)->34147K(34816K) NonClass: 27889K(28352K)->27889K(28352K) Class: 6257K(6464K)->6257K(6464K)
[19.908s][info][gc             ] GC(32) Pause Young (Allocation Failure) 249M->56M(394M) 50.638ms
[19.908s][info][gc,cpu         ] GC(32) User=0.08s Sys=0.02s Real=0.05s
[20.287s][info][gc,start       ] GC(33) Pause Young (Allocation Failure)
[20.334s][info][gc,heap        ] GC(33) PSYoungGen: 228864K(228864K)->17408K(240128K) Eden: 222720K(222720K)->0K(222720K) From: 6144K(6144K)->17408K(17408K)
[20.334s][info][gc,heap        ] GC(33) ParOldGen: 51319K(175104K)->58095K(175104K)
[20.334s][info][gc,metaspace   ] GC(33) Metaspace: 34147K(34816K)->34147K(34816K) NonClass: 27889K(28352K)->27889K(28352K) Class: 6257K(6464K)->6257K(6464K)
[20.334s][info][gc             ] GC(33) Pause Young (Allocation Failure) 273M->73M(405M) 46.502ms
[20.334s][info][gc,cpu         ] GC(33) User=0.09s Sys=0.00s Real=0.04s
[20.570s][info][gc,start       ] GC(34) Pause Young (Allocation Failure)
[20.591s][info][gc,heap        ] GC(34) PSYoungGen: 240128K(240128K)->8864K(301056K) Eden: 222720K(222720K)->0K(278528K) From: 17408K(17408K)->8864K(22528K)
[20.591s][info][gc,heap        ] GC(34) ParOldGen: 58095K(175104K)->58335K(175104K)
[20.591s][info][gc,metaspace   ] GC(34) Metaspace: 34151K(34816K)->34151K(34816K) NonClass: 27894K(28352K)->27894K(28352K) Class: 6257K(6464K)->6257K(6464K)
[20.591s][info][gc             ] GC(34) Pause Young (Allocation Failure) 291M->65M(465M) 20.970ms
[20.591s][info][gc,cpu         ] GC(34) User=0.03s Sys=0.01s Real=0.02s
[21.075s][info][gc,start       ] GC(35) Pause Young (Allocation Failure)
[21.076s][info][gc,heap        ] GC(35) PSYoungGen: 287392K(301056K)->64K(301568K) Eden: 278528K(278528K)->0K(278528K) From: 8864K(22528K)->64K(23040K)
[21.076s][info][gc,heap        ] GC(35) ParOldGen: 58335K(175104K)->58343K(175104K)
[21.076s][info][gc,metaspace   ] GC(35) Metaspace: 34160K(34816K)->34160K(34816K) NonClass: 27900K(28352K)->27900K(28352K) Class: 6259K(6464K)->6259K(6464K)
[21.076s][info][gc             ] GC(35) Pause Young (Allocation Failure) 337M->57M(465M) 0.875ms
[21.076s][info][gc,cpu         ] GC(35) User=0.00s Sys=0.00s Real=0.01s
[21.869s][info][gc,start       ] GC(36) Pause Young (Allocation Failure)
[21.870s][info][gc,heap        ] GC(36) PSYoungGen: 278592K(301568K)->64K(308736K) Eden: 278528K(278528K)->0K(288256K) From: 64K(23040K)->64K(20480K)
[21.870s][info][gc,heap        ] GC(36) ParOldGen: 58343K(175104K)->58351K(175104K)
[21.870s][info][gc,metaspace   ] GC(36) Metaspace: 34160K(34816K)->34160K(34816K) NonClass: 27900K(28352K)->27900K(28352K) Class: 6259K(6464K)->6259K(6464K)
[21.870s][info][gc             ] GC(36) Pause Young (Allocation Failure) 329M->57M(472M) 1.076ms
[21.870s][info][gc,cpu         ] GC(36) User=0.00s Sys=0.00s Real=0.00s
[22.986s][info][gc,start       ] GC(37) Pause Young (Allocation Failure)
[22.987s][info][gc,heap        ] GC(37) PSYoungGen: 288320K(308736K)->32K(309760K) Eden: 288256K(288256K)->0K(288256K) From: 64K(20480K)->32K(21504K)
[22.987s][info][gc,heap        ] GC(37) ParOldGen: 58351K(175104K)->58359K(175104K)
[22.987s][info][gc,metaspace   ] GC(37) Metaspace: 34172K(34816K)->34172K(34816K) NonClass: 27912K(28352K)->27912K(28352K) Class: 6259K(6464K)->6259K(6464K)
[22.987s][info][gc             ] GC(37) Pause Young (Allocation Failure) 338M->57M(473M) 1.387ms
[22.987s][info][gc,cpu         ] GC(37) User=0.00s Sys=0.00s Real=0.00s
[23.280s][info][gc,start       ] GC(38) Pause Young (Allocation Failure)
[23.281s][info][gc,heap        ] GC(38) PSYoungGen: 288288K(309760K)->64K(309760K) Eden: 288256K(288256K)->0K(291328K) From: 32K(21504K)->64K(18432K)
[23.281s][info][gc,heap        ] GC(38) ParOldGen: 58359K(175104K)->58375K(175104K)
[23.281s][info][gc,metaspace   ] GC(38) Metaspace: 34172K(34816K)->34172K(34816K) NonClass: 27912K(28352K)->27912K(28352K) Class: 6259K(6464K)->6259K(6464K)
[23.281s][info][gc             ] GC(38) Pause Young (Allocation Failure) 338M->57M(473M) 1.116ms
[23.281s][info][gc,cpu         ] GC(38) User=0.01s Sys=0.00s Real=0.00s
[23.570s][info][gc,start       ] GC(39) Pause Young (Allocation Failure)
[23.571s][info][gc,heap        ] GC(39) PSYoungGen: 291392K(309760K)->64K(311296K) Eden: 291328K(291328K)->0K(291328K) From: 64K(18432K)->64K(19968K)
[23.571s][info][gc,heap        ] GC(39) ParOldGen: 58375K(175104K)->58375K(175104K)
[23.571s][info][gc,metaspace   ] GC(39) Metaspace: 34172K(34816K)->34172K(34816K) NonClass: 27912K(28352K)->27912K(28352K) Class: 6259K(6464K)->6259K(6464K)
[23.571s][info][gc             ] GC(39) Pause Young (Allocation Failure) 341M->57M(475M) 1.189ms
[23.571s][info][gc,cpu         ] GC(39) User=0.00s Sys=0.00s Real=0.00s
[24.230s][info][gc,start       ] GC(40) Pause Young (Allocation Failure)
[24.232s][info][gc,heap        ] GC(40) PSYoungGen: 291392K(311296K)->64K(311296K) Eden: 291328K(291328K)->0K(294400K) From: 64K(19968K)->64K(16896K)
[24.232s][info][gc,heap        ] GC(40) ParOldGen: 58375K(175104K)->58375K(175104K)
[24.232s][info][gc,metaspace   ] GC(40) Metaspace: 34188K(34880K)->34188K(34880K) NonClass: 27929K(28416K)->27929K(28416K) Class: 6259K(6464K)->6259K(6464K)
[24.232s][info][gc             ] GC(40) Pause Young (Allocation Failure) 341M->57M(475M) 1.408ms
[24.232s][info][gc,cpu         ] GC(40) User=0.00s Sys=0.00s Real=0.00s
[24.514s][info][gc,start       ] GC(41) Pause Young (Allocation Failure)
[24.515s][info][gc,heap        ] GC(41) PSYoungGen: 294464K(311296K)->64K(312832K) Eden: 294400K(294400K)->0K(294400K) From: 64K(16896K)->64K(18432K)
[24.515s][info][gc,heap        ] GC(41) ParOldGen: 58375K(175104K)->58391K(175104K)
[24.515s][info][gc,metaspace   ] GC(41) Metaspace: 34188K(34880K)->34188K(34880K) NonClass: 27929K(28416K)->27929K(28416K) Class: 6259K(6464K)->6259K(6464K)
[24.515s][info][gc             ] GC(41) Pause Young (Allocation Failure) 344M->57M(476M) 1.273ms
[24.515s][info][gc,cpu         ] GC(41) User=0.00s Sys=0.00s Real=0.00s
[24.584s][info][gc,start       ] GC(42) Pause Young (Allocation Failure)
[24.585s][info][gc,heap        ] GC(42) PSYoungGen: 294464K(312832K)->32K(312832K) Eden: 294400K(294400K)->0K(297984K) From: 64K(18432K)->32K(14848K)
[24.585s][info][gc,heap        ] GC(42) ParOldGen: 58391K(175104K)->58407K(175104K)
[24.585s][info][gc,metaspace   ] GC(42) Metaspace: 34188K(34880K)->34188K(34880K) NonClass: 27929K(28416K)->27929K(28416K) Class: 6259K(6464K)->6259K(6464K)
[24.585s][info][gc             ] GC(42) Pause Young (Allocation Failure) 344M->57M(476M) 1.211ms
[24.585s][info][gc,cpu         ] GC(42) User=0.00s Sys=0.00s Real=0.00s
[24.720s][info][gc,start       ] GC(43) Pause Young (Allocation Failure)
[24.721s][info][gc,heap        ] GC(43) PSYoungGen: 298016K(312832K)->64K(314368K) Eden: 297984K(297984K)->0K(297984K) From: 32K(14848K)->64K(16384K)
[24.721s][info][gc,heap        ] GC(43) ParOldGen: 58407K(175104K)->58407K(175104K)
[24.721s][info][gc,metaspace   ] GC(43) Metaspace: 34188K(34880K)->34188K(34880K) NonClass: 27929K(28416K)->27929K(28416K) Class: 6259K(6464K)->6259K(6464K)
[24.721s][info][gc             ] GC(43) Pause Young (Allocation Failure) 348M->57M(478M) 1.153ms
[24.721s][info][gc,cpu         ] GC(43) User=0.00s Sys=0.00s Real=0.00s
[24.973s][info][gc,start       ] GC(44) Pause Young (Allocation Failure)
[24.975s][info][gc,heap        ] GC(44) PSYoungGen: 298048K(314368K)->64K(286720K) Eden: 297984K(297984K)->0K(286208K) From: 64K(16384K)->64K(512K)
[24.975s][info][gc,heap        ] GC(44) ParOldGen: 58407K(175104K)->58415K(175104K)
[24.975s][info][gc,metaspace   ] GC(44) Metaspace: 34188K(34880K)->34188K(34880K) NonClass: 27929K(28416K)->27929K(28416K) Class: 6259K(6464K)->6259K(6464K)
[24.975s][info][gc             ] GC(44) Pause Young (Allocation Failure) 348M->57M(451M) 1.208ms
[24.975s][info][gc,cpu         ] GC(44) User=0.00s Sys=0.00s Real=0.00s
[25.217s][info][gc,start       ] GC(45) Pause Young (Allocation Failure)
[25.218s][info][gc,heap        ] GC(45) PSYoungGen: 286272K(286720K)->64K(289792K) Eden: 286208K(286208K)->0K(274944K) From: 64K(512K)->64K(14848K)
[25.218s][info][gc,heap        ] GC(45) ParOldGen: 58415K(175104K)->58423K(175104K)
[25.218s][info][gc,metaspace   ] GC(45) Metaspace: 34188K(34880K)->34188K(34880K) NonClass: 27929K(28416K)->27929K(28416K) Class: 6259K(6464K)->6259K(6464K)
[25.218s][info][gc             ] GC(45) Pause Young (Allocation Failure) 336M->57M(454M) 1.205ms
[25.218s][info][gc,cpu         ] GC(45) User=0.00s Sys=0.00s Real=0.00s
[25.357s][info][gc,start       ] GC(46) Pause Young (Allocation Failure)
[25.359s][info][gc,heap        ] GC(46) PSYoungGen: 275008K(289792K)->64K(264704K) Eden: 274944K(274944K)->0K(264192K) From: 64K(14848K)->64K(512K)
[25.359s][info][gc,heap        ] GC(46) ParOldGen: 58423K(175104K)->58439K(175104K)
[25.359s][info][gc,metaspace   ] GC(46) Metaspace: 34199K(34880K)->34199K(34880K) NonClass: 27940K(28416K)->27940K(28416K) Class: 6259K(6464K)->6259K(6464K)
[25.359s][info][gc             ] GC(46) Pause Young (Allocation Failure) 325M->57M(429M) 1.424ms
[25.359s][info][gc,cpu         ] GC(46) User=0.00s Sys=0.00s Real=0.00s
[25.536s][info][gc,start       ] GC(47) Pause Young (Allocation Failure)
[25.536s][info][gc,heap        ] GC(47) PSYoungGen: 264256K(264704K)->64K(267264K) Eden: 264192K(264192K)->0K(253952K) From: 64K(512K)->64K(13312K)
[25.536s][info][gc,heap        ] GC(47) ParOldGen: 58439K(175104K)->58439K(175104K)
[25.536s][info][gc,metaspace   ] GC(47) Metaspace: 34199K(34880K)->34199K(34880K) NonClass: 27940K(28416K)->27940K(28416K) Class: 6259K(6464K)->6259K(6464K)
[25.536s][info][gc             ] GC(47) Pause Young (Allocation Failure) 315M->57M(432M) 0.802ms
[25.536s][info][gc,cpu         ] GC(47) User=0.01s Sys=0.00s Real=0.01s
[26.013s][info][gc,start       ] GC(48) Pause Young (Allocation Failure)
[26.014s][info][gc,heap        ] GC(48) PSYoungGen: 254016K(267264K)->64K(244736K) Eden: 253952K(253952K)->0K(244224K) From: 64K(13312K)->64K(512K)
[26.014s][info][gc,heap        ] GC(48) ParOldGen: 58439K(175104K)->58447K(175104K)
[26.014s][info][gc,metaspace   ] GC(48) Metaspace: 34199K(34880K)->34199K(34880K) NonClass: 27940K(28416K)->27940K(28416K) Class: 6259K(6464K)->6259K(6464K)
[26.014s][info][gc             ] GC(48) Pause Young (Allocation Failure) 305M->57M(410M) 1.360ms
[26.014s][info][gc,cpu         ] GC(48) User=0.00s Sys=0.00s Real=0.00s
[27.130s][info][gc,start       ] GC(49) Pause Young (Allocation Failure)
[27.130s][info][gc,heap        ] GC(49) PSYoungGen: 244288K(244736K)->64K(246784K) Eden: 244224K(244224K)->0K(235008K) From: 64K(512K)->64K(11776K)
[27.130s][info][gc,heap        ] GC(49) ParOldGen: 58447K(175104K)->58455K(175104K)
[27.130s][info][gc,metaspace   ] GC(49) Metaspace: 34221K(34880K)->34221K(34880K) NonClass: 27962K(28416K)->27962K(28416K) Class: 6259K(6464K)->6259K(6464K)
[27.130s][info][gc             ] GC(49) Pause Young (Allocation Failure) 295M->57M(412M) 0.801ms
[27.130s][info][gc,cpu         ] GC(49) User=0.00s Sys=0.00s Real=0.00s
[28.350s][info][gc,start       ] GC(50) Pause Young (Allocation Failure)
[28.351s][info][gc,heap        ] GC(50) PSYoungGen: 235072K(246784K)->64K(226816K) Eden: 235008K(235008K)->0K(226304K) From: 64K(11776K)->64K(512K)
[28.351s][info][gc,heap        ] GC(50) ParOldGen: 58455K(175104K)->58463K(175104K)
[28.351s][info][gc,metaspace   ] GC(50) Metaspace: 34221K(34880K)->34221K(34880K) NonClass: 27962K(28416K)->27962K(28416K) Class: 6259K(6464K)->6259K(6464K)
[28.352s][info][gc             ] GC(50) Pause Young (Allocation Failure) 286M->57M(392M) 1.564ms
[28.352s][info][gc,cpu         ] GC(50) User=0.00s Sys=0.00s Real=0.00s
[28.624s][info][gc,start       ] GC(51) Pause Young (Allocation Failure)
[28.624s][info][gc,heap        ] GC(51) PSYoungGen: 226368K(226816K)->64K(227840K) Eden: 226304K(226304K)->0K(217600K) From: 64K(512K)->64K(10240K)
[28.624s][info][gc,heap        ] GC(51) ParOldGen: 58463K(175104K)->58471K(175104K)
[28.624s][info][gc,metaspace   ] GC(51) Metaspace: 34221K(34880K)->34221K(34880K) NonClass: 27962K(28416K)->27962K(28416K) Class: 6259K(6464K)->6259K(6464K)
[28.625s][info][gc             ] GC(51) Pause Young (Allocation Failure) 278M->57M(393M) 0.662ms
[28.625s][info][gc,cpu         ] GC(51) User=0.00s Sys=0.00s Real=0.00s
[29.029s][info][gc,start       ] GC(52) Pause Young (Allocation Failure)
[29.030s][info][gc,heap        ] GC(52) PSYoungGen: 217664K(227840K)->64K(209920K) Eden: 217600K(217600K)->0K(209408K) From: 64K(10240K)->64K(512K)
[29.030s][info][gc,heap        ] GC(52) ParOldGen: 58471K(175104K)->58479K(175104K)
[29.030s][info][gc,metaspace   ] GC(52) Metaspace: 34221K(34880K)->34221K(34880K) NonClass: 27962K(28416K)->27962K(28416K) Class: 6259K(6464K)->6259K(6464K)
[29.030s][info][gc             ] GC(52) Pause Young (Allocation Failure) 269M->57M(376M) 1.573ms
[29.030s][info][gc,cpu         ] GC(52) User=0.00s Sys=0.00s Real=0.00s
[29.818s][info][gc,start       ] GC(53) Pause Young (Allocation Failure)
[29.819s][info][gc,heap        ] GC(53) PSYoungGen: 209472K(209920K)->64K(210432K) Eden: 209408K(209408K)->0K(201728K) From: 64K(512K)->64K(8704K)
[29.819s][info][gc,heap        ] GC(53) ParOldGen: 58479K(175104K)->58495K(175104K)
[29.819s][info][gc,metaspace   ] GC(53) Metaspace: 34221K(34880K)->34221K(34880K) NonClass: 27962K(28416K)->27962K(28416K) Class: 6259K(6464K)->6259K(6464K)
[29.819s][info][gc             ] GC(53) Pause Young (Allocation Failure) 261M->57M(376M) 1.239ms
[29.819s][info][gc,cpu         ] GC(53) User=0.00s Sys=0.00s Real=0.00s
[31.669s][info][gc,start       ] GC(54) Pause Young (Allocation Failure)
[31.671s][info][gc,heap        ] GC(54) PSYoungGen: 201792K(210432K)->64K(195072K) Eden: 201728K(201728K)->0K(194560K) From: 64K(8704K)->64K(512K)
[31.671s][info][gc,heap        ] GC(54) ParOldGen: 58495K(175104K)->58511K(175104K)
[31.671s][info][gc,metaspace   ] GC(54) Metaspace: 34222K(34880K)->34222K(34880K) NonClass: 27962K(28416K)->27962K(28416K) Class: 6259K(6464K)->6259K(6464K)
[31.671s][info][gc             ] GC(54) Pause Young (Allocation Failure) 254M->57M(361M) 2.139ms
[31.671s][info][gc,cpu         ] GC(54) User=0.00s Sys=0.00s Real=0.00s
[32.561s][info][gc,start       ] GC(55) Pause Young (Allocation Failure)
[32.562s][info][gc,heap        ] GC(55) PSYoungGen: 194624K(195072K)->64K(195072K) Eden: 194560K(194560K)->0K(187392K) From: 64K(512K)->64K(7680K)
[32.562s][info][gc,heap        ] GC(55) ParOldGen: 58511K(175104K)->58527K(175104K)
[32.562s][info][gc,metaspace   ] GC(55) Metaspace: 34222K(34880K)->34222K(34880K) NonClass: 27962K(28416K)->27962K(28416K) Class: 6259K(6464K)->6259K(6464K)
[32.562s][info][gc             ] GC(55) Pause Young (Allocation Failure) 247M->57M(361M) 1.310ms
[32.562s][info][gc,cpu         ] GC(55) User=0.00s Sys=0.00s Real=0.00s
[32.863s][info][gc,start       ] GC(56) Pause Young (Allocation Failure)
[32.865s][info][gc,heap        ] GC(56) PSYoungGen: 187456K(195072K)->64K(181248K) Eden: 187392K(187392K)->0K(180736K) From: 64K(7680K)->64K(512K)
[32.865s][info][gc,heap        ] GC(56) ParOldGen: 58527K(175104K)->58543K(175104K)
[32.865s][info][gc,metaspace   ] GC(56) Metaspace: 34222K(34880K)->34222K(34880K) NonClass: 27962K(28416K)->27962K(28416K) Class: 6259K(6464K)->6259K(6464K)
[32.865s][info][gc             ] GC(56) Pause Young (Allocation Failure) 240M->57M(348M) 1.736ms
[32.865s][info][gc,cpu         ] GC(56) User=0.01s Sys=0.00s Real=0.00s
[32.964s][info][gc,start       ] GC(57) Pause Young (Allocation Failure)
[32.965s][info][gc,heap        ] GC(57) PSYoungGen: 180800K(181248K)->32K(181248K) Eden: 180736K(180736K)->0K(174592K) From: 64K(512K)->32K(6656K)
[32.965s][info][gc,heap        ] GC(57) ParOldGen: 58543K(175104K)->58551K(175104K)
[32.965s][info][gc,metaspace   ] GC(57) Metaspace: 34222K(34880K)->34222K(34880K) NonClass: 27962K(28416K)->27962K(28416K) Class: 6259K(6464K)->6259K(6464K)
[32.965s][info][gc             ] GC(57) Pause Young (Allocation Failure) 233M->57M(348M) 1.097ms
[32.965s][info][gc,cpu         ] GC(57) User=0.00s Sys=0.00s Real=0.00s
[33.319s][info][gc,start       ] GC(58) Pause Young (Allocation Failure)
[33.320s][info][gc,heap        ] GC(58) PSYoungGen: 174624K(181248K)->64K(168960K) Eden: 174592K(174592K)->0K(168448K) From: 32K(6656K)->64K(512K)
[33.320s][info][gc,heap        ] GC(58) ParOldGen: 58551K(175104K)->58559K(175104K)
[33.320s][info][gc,metaspace   ] GC(58) Metaspace: 34230K(34880K)->34230K(34880K) NonClass: 27971K(28416K)->27971K(28416K) Class: 6259K(6464K)->6259K(6464K)
[33.320s][info][gc             ] GC(58) Pause Young (Allocation Failure) 227M->57M(336M) 1.164ms
[33.320s][info][gc,cpu         ] GC(58) User=0.00s Sys=0.00s Real=0.00s
[33.828s][info][gc,start       ] GC(59) Pause Young (Allocation Failure)
[33.828s][info][gc,heap        ] GC(59) PSYoungGen: 168512K(168960K)->64K(168448K) Eden: 168448K(168448K)->0K(162816K) From: 64K(512K)->64K(5632K)
[33.829s][info][gc,heap        ] GC(59) ParOldGen: 58559K(175104K)->58575K(175104K)
[33.829s][info][gc,metaspace   ] GC(59) Metaspace: 34230K(34880K)->34230K(34880K) NonClass: 27971K(28416K)->27971K(28416K) Class: 6259K(6464K)->6259K(6464K)
[33.829s][info][gc             ] GC(59) Pause Young (Allocation Failure) 221M->57M(335M) 0.705ms
[33.829s][info][gc,cpu         ] GC(59) User=0.00s Sys=0.00s Real=0.00s
[34.003s][info][gc,start       ] GC(60) Pause Young (Allocation Failure)
[34.004s][info][gc,heap        ] GC(60) PSYoungGen: 162880K(168448K)->64K(157696K) Eden: 162816K(162816K)->0K(157184K) From: 64K(5632K)->64K(512K)
[34.004s][info][gc,heap        ] GC(60) ParOldGen: 58575K(175104K)->58575K(175104K)
[34.004s][info][gc,metaspace   ] GC(60) Metaspace: 34230K(34880K)->34230K(34880K) NonClass: 27971K(28416K)->27971K(28416K) Class: 6259K(6464K)->6259K(6464K)
[34.004s][info][gc             ] GC(60) Pause Young (Allocation Failure) 216M->57M(325M) 1.240ms
[34.004s][info][gc,cpu         ] GC(60) User=0.00s Sys=0.00s Real=0.00s
[34.387s][info][gc,start       ] GC(61) Pause Young (Allocation Failure)
[34.388s][info][gc,heap        ] GC(61) PSYoungGen: 157248K(157696K)->672K(157184K) Eden: 157184K(157184K)->0K(152064K) From: 64K(512K)->672K(5120K)
[34.388s][info][gc,heap        ] GC(61) ParOldGen: 58575K(175104K)->58583K(175104K)
[34.388s][info][gc,metaspace   ] GC(61) Metaspace: 34230K(34880K)->34230K(34880K) NonClass: 27971K(28416K)->27971K(28416K) Class: 6259K(6464K)->6259K(6464K)
[34.388s][info][gc             ] GC(61) Pause Young (Allocation Failure) 210M->57M(324M) 1.532ms
[34.388s][info][gc,cpu         ] GC(61) User=0.01s Sys=0.00s Real=0.00s
[34.581s][info][gc,start       ] GC(62) Pause Young (Allocation Failure)
[34.615s][info][gc,heap        ] GC(62) PSYoungGen: 152736K(157184K)->4608K(187392K) Eden: 152064K(152064K)->0K(182784K) From: 672K(5120K)->4608K(4608K)
[34.615s][info][gc,heap        ] GC(62) ParOldGen: 58583K(175104K)->70191K(175104K)
[34.616s][info][gc,metaspace   ] GC(62) Metaspace: 34230K(34880K)->34230K(34880K) NonClass: 27971K(28416K)->27971K(28416K) Class: 6259K(6464K)->6259K(6464K)
[34.616s][info][gc             ] GC(62) Pause Young (Allocation Failure) 206M->73M(354M) 34.185ms
[34.616s][info][gc,cpu         ] GC(62) User=0.05s Sys=0.01s Real=0.03s
[34.846s][info][gc,start       ] GC(63) Pause Young (Allocation Failure)
[34.885s][info][gc,heap        ] GC(63) PSYoungGen: 187392K(187392K)->10240K(229888K) Eden: 182784K(182784K)->0K(219648K) From: 4608K(4608K)->10240K(10240K)
[34.885s][info][gc,heap        ] GC(63) ParOldGen: 70191K(175104K)->79863K(175104K)
[34.885s][info][gc,metaspace   ] GC(63) Metaspace: 34230K(34880K)->34230K(34880K) NonClass: 27971K(28416K)->27971K(28416K) Class: 6259K(6464K)->6259K(6464K)
[34.885s][info][gc             ] GC(63) Pause Young (Allocation Failure) 251M->87M(395M) 38.735ms
[34.885s][info][gc,cpu         ] GC(63) User=0.07s Sys=0.01s Real=0.03s
[35.150s][info][gc,start       ] GC(64) Pause Young (Allocation Failure)
[35.196s][info][gc,heap        ] GC(64) PSYoungGen: 229888K(229888K)->12288K(229376K) Eden: 219648K(219648K)->0K(217088K) From: 10240K(10240K)->12288K(12288K)
[35.196s][info][gc,heap        ] GC(64) ParOldGen: 79863K(175104K)->91327K(175104K)
[35.196s][info][gc,metaspace   ] GC(64) Metaspace: 34230K(34880K)->34230K(34880K) NonClass: 27971K(28416K)->27971K(28416K) Class: 6259K(6464K)->6259K(6464K)
[35.196s][info][gc             ] GC(64) Pause Young (Allocation Failure) 302M->101M(395M) 46.148ms
[35.196s][info][gc,cpu         ] GC(64) User=0.08s Sys=0.01s Real=0.05s
[35.371s][info][gc,start       ] GC(65) Pause Young (Allocation Failure)
[35.389s][info][gc,heap        ] GC(65) PSYoungGen: 229376K(229376K)->9280K(239104K) Eden: 217088K(217088K)->0K(217088K) From: 12288K(12288K)->9280K(22016K)
[35.389s][info][gc,heap        ] GC(65) ParOldGen: 91327K(175104K)->91759K(175104K)
[35.389s][info][gc,metaspace   ] GC(65) Metaspace: 34230K(34880K)->34230K(34880K) NonClass: 27971K(28416K)->27971K(28416K) Class: 6259K(6464K)->6259K(6464K)
[35.389s][info][gc             ] GC(65) Pause Young (Allocation Failure) 313M->98M(404M) 17.791ms
[35.389s][info][gc,cpu         ] GC(65) User=0.03s Sys=0.00s Real=0.02s
[35.626s][info][gc,start       ] GC(66) Pause Young (Allocation Failure)
[35.627s][info][gc,heap        ] GC(66) PSYoungGen: 226368K(239104K)->64K(282112K) Eden: 217088K(217088K)->0K(260608K) From: 9280K(22016K)->64K(21504K)
[35.627s][info][gc,heap        ] GC(66) ParOldGen: 91759K(175104K)->91767K(175104K)
[35.627s][info][gc,metaspace   ] GC(66) Metaspace: 34230K(34880K)->34230K(34880K) NonClass: 27971K(28416K)->27971K(28416K) Class: 6259K(6464K)->6259K(6464K)
[35.627s][info][gc             ] GC(66) Pause Young (Allocation Failure) 310M->89M(446M) 0.796ms
[35.627s][info][gc,cpu         ] GC(66) User=0.00s Sys=0.00s Real=0.00s
[36.388s][info][gc,start       ] GC(67) Pause Young (Allocation Failure)
[36.389s][info][gc,heap        ] GC(67) PSYoungGen: 260672K(282112K)->64K(282112K) Eden: 260608K(260608K)->0K(260608K) From: 64K(21504K)->64K(21504K)
[36.389s][info][gc,heap        ] GC(67) ParOldGen: 91767K(175104K)->91783K(175104K)
[36.389s][info][gc,metaspace   ] GC(67) Metaspace: 34230K(34880K)->34230K(34880K) NonClass: 27971K(28416K)->27971K(28416K) Class: 6259K(6464K)->6259K(6464K)
[36.389s][info][gc             ] GC(67) Pause Young (Allocation Failure) 344M->89M(446M) 1.238ms
[36.389s][info][gc,cpu         ] GC(67) User=0.00s Sys=0.00s Real=0.00s
[36.997s][info][gc,start       ] GC(68) Pause Young (Allocation Failure)
[36.998s][info][gc,heap        ] GC(68) PSYoungGen: 260672K(282112K)->64K(311808K) Eden: 260608K(260608K)->0K(291328K) From: 64K(21504K)->64K(20480K)
[36.998s][info][gc,heap        ] GC(68) ParOldGen: 91783K(175104K)->91783K(175104K)
[36.998s][info][gc,metaspace   ] GC(68) Metaspace: 34230K(34880K)->34230K(34880K) NonClass: 27971K(28416K)->27971K(28416K) Class: 6259K(6464K)->6259K(6464K)
[36.998s][info][gc             ] GC(68) Pause Young (Allocation Failure) 344M->89M(475M) 1.077ms
[36.998s][info][gc,cpu         ] GC(68) User=0.00s Sys=0.00s Real=0.00s
[37.850s][info][gc,start       ] GC(69) Pause Young (Allocation Failure)
[37.852s][info][gc,heap        ] GC(69) PSYoungGen: 291392K(311808K)->64K(311296K) Eden: 291328K(291328K)->0K(291328K) From: 64K(20480K)->64K(19968K)
[37.852s][info][gc,heap        ] GC(69) ParOldGen: 91783K(175104K)->91799K(175104K)
[37.852s][info][gc,metaspace   ] GC(69) Metaspace: 34253K(34944K)->34253K(34944K) NonClass: 27994K(28480K)->27994K(28480K) Class: 6259K(6464K)->6259K(6464K)
[37.852s][info][gc             ] GC(69) Pause Young (Allocation Failure) 374M->89M(475M) 1.653ms
[37.852s][info][gc,cpu         ] GC(69) User=0.00s Sys=0.00s Real=0.00s
[38.134s][info][gc,start       ] GC(70) Pause Young (Allocation Failure)
[38.136s][info][gc,heap        ] GC(70) PSYoungGen: 291392K(311296K)->32K(312832K) Eden: 291328K(291328K)->0K(294400K) From: 64K(19968K)->32K(18432K)
[38.136s][info][gc,heap        ] GC(70) ParOldGen: 91799K(175104K)->91815K(175104K)
[38.136s][info][gc,metaspace   ] GC(70) Metaspace: 34253K(34944K)->34253K(34944K) NonClass: 27994K(28480K)->27994K(28480K) Class: 6259K(6464K)->6259K(6464K)
[38.136s][info][gc             ] GC(70) Pause Young (Allocation Failure) 374M->89M(476M) 1.693ms
[38.136s][info][gc,cpu         ] GC(70) User=0.00s Sys=0.00s Real=0.01s
[38.425s][info][gc,start       ] GC(71) Pause Young (Allocation Failure)
[38.427s][info][gc,heap        ] GC(71) PSYoungGen: 294432K(312832K)->32K(312832K) Eden: 294400K(294400K)->0K(294400K) From: 32K(18432K)->32K(18432K)
[38.427s][info][gc,heap        ] GC(71) ParOldGen: 91815K(175104K)->91815K(175104K)
[38.427s][info][gc,metaspace   ] GC(71) Metaspace: 34253K(34944K)->34253K(34944K) NonClass: 27994K(28480K)->27994K(28480K) Class: 6259K(6464K)->6259K(6464K)
[38.427s][info][gc             ] GC(71) Pause Young (Allocation Failure) 377M->89M(476M) 1.710ms
[38.427s][info][gc,cpu         ] GC(71) User=0.00s Sys=0.00s Real=0.01s
[38.881s][info][gc,start       ] GC(72) Pause Young (Allocation Failure)
[38.884s][info][gc,heap        ] GC(72) PSYoungGen: 294432K(312832K)->64K(314880K) Eden: 294400K(294400K)->0K(297472K) From: 32K(18432K)->64K(17408K)
[38.884s][info][gc,heap        ] GC(72) ParOldGen: 91815K(175104K)->91815K(175104K)
[38.884s][info][gc,metaspace   ] GC(72) Metaspace: 34268K(34944K)->34268K(34944K) NonClass: 28009K(28480K)->28009K(28480K) Class: 6259K(6464K)->6259K(6464K)
[38.885s][info][gc             ] GC(72) Pause Young (Allocation Failure) 377M->89M(478M) 3.135ms
[38.885s][info][gc,cpu         ] GC(72) User=0.01s Sys=0.00s Real=0.00s
[38.957s][info][gc,start       ] GC(73) Pause Young (Allocation Failure)
[38.958s][info][gc,heap        ] GC(73) PSYoungGen: 297536K(314880K)->64K(314368K) Eden: 297472K(297472K)->0K(297472K) From: 64K(17408K)->64K(16896K)
[38.958s][info][gc,heap        ] GC(73) ParOldGen: 91815K(175104K)->91831K(175104K)
[38.958s][info][gc,metaspace   ] GC(73) Metaspace: 34268K(34944K)->34268K(34944K) NonClass: 28009K(28480K)->28009K(28480K) Class: 6259K(6464K)->6259K(6464K)
[38.958s][info][gc             ] GC(73) Pause Young (Allocation Failure) 380M->89M(478M) 1.156ms
[38.958s][info][gc,cpu         ] GC(73) User=0.00s Sys=0.00s Real=0.00s
[39.033s][info][gc,start       ] GC(74) Pause Young (Allocation Failure)
[39.034s][info][gc,heap        ] GC(74) PSYoungGen: 297536K(314368K)->64K(315904K) Eden: 297472K(297472K)->0K(300544K) From: 64K(16896K)->64K(15360K)
[39.034s][info][gc,heap        ] GC(74) ParOldGen: 91831K(175104K)->91831K(175104K)
[39.034s][info][gc,metaspace   ] GC(74) Metaspace: 34270K(34944K)->34270K(34944K) NonClass: 28010K(28480K)->28010K(28480K) Class: 6259K(6464K)->6259K(6464K)
[39.034s][info][gc             ] GC(74) Pause Young (Allocation Failure) 380M->89M(479M) 0.783ms
[39.034s][info][gc,cpu         ] GC(74) User=0.00s Sys=0.00s Real=0.00s
[39.291s][info][gc,start       ] GC(75) Pause Young (Allocation Failure)
[39.291s][info][gc,heap        ] GC(75) PSYoungGen: 300608K(315904K)->64K(315392K) Eden: 300544K(300544K)->0K(300544K) From: 64K(15360K)->64K(14848K)
[39.291s][info][gc,heap        ] GC(75) ParOldGen: 91831K(175104K)->91847K(175104K)
[39.291s][info][gc,metaspace   ] GC(75) Metaspace: 34270K(34944K)->34270K(34944K) NonClass: 28010K(28480K)->28010K(28480K) Class: 6259K(6464K)->6259K(6464K)
[39.292s][info][gc             ] GC(75) Pause Young (Allocation Failure) 383M->89M(479M) 0.975ms
[39.292s][info][gc,cpu         ] GC(75) User=0.00s Sys=0.00s Real=0.00s
[39.559s][info][gc,start       ] GC(76) Pause Young (Allocation Failure)
[39.560s][info][gc,heap        ] GC(76) PSYoungGen: 300608K(315392K)->64K(288768K) Eden: 300544K(300544K)->0K(288256K) From: 64K(14848K)->64K(512K)
[39.560s][info][gc,heap        ] GC(76) ParOldGen: 91847K(175104K)->91847K(175104K)
[39.560s][info][gc,metaspace   ] GC(76) Metaspace: 34270K(34944K)->34270K(34944K) NonClass: 28010K(28480K)->28010K(28480K) Class: 6259K(6464K)->6259K(6464K)
[39.560s][info][gc             ] GC(76) Pause Young (Allocation Failure) 383M->89M(453M) 0.961ms
[39.560s][info][gc,cpu         ] GC(76) User=0.00s Sys=0.01s Real=0.00s
[39.658s][info][gc,start       ] GC(77) Pause Young (Allocation Failure)
[39.659s][info][gc,heap        ] GC(77) PSYoungGen: 288320K(288768K)->64K(290304K) Eden: 288256K(288256K)->0K(276992K) From: 64K(512K)->64K(13312K)
[39.659s][info][gc,heap        ] GC(77) ParOldGen: 91847K(175104K)->91855K(175104K)
[39.659s][info][gc,metaspace   ] GC(77) Metaspace: 34270K(34944K)->34270K(34944K) NonClass: 28010K(28480K)->28010K(28480K) Class: 6259K(6464K)->6259K(6464K)
[39.659s][info][gc             ] GC(77) Pause Young (Allocation Failure) 371M->89M(454M) 0.751ms
[39.659s][info][gc,cpu         ] GC(77) User=0.00s Sys=0.00s Real=0.00s
[39.809s][info][gc,start       ] GC(78) Pause Young (Allocation Failure)
[39.810s][info][gc,heap        ] GC(78) PSYoungGen: 277056K(290304K)->64K(266752K) Eden: 276992K(276992K)->0K(266240K) From: 64K(13312K)->64K(512K)
[39.810s][info][gc,heap        ] GC(78) ParOldGen: 91855K(175104K)->91863K(175104K)
[39.810s][info][gc,metaspace   ] GC(78) Metaspace: 34270K(34944K)->34270K(34944K) NonClass: 28010K(28480K)->28010K(28480K) Class: 6259K(6464K)->6259K(6464K)
[39.810s][info][gc             ] GC(78) Pause Young (Allocation Failure) 360M->89M(431M) 1.428ms
[39.810s][info][gc,cpu         ] GC(78) User=0.00s Sys=0.00s Real=0.00s
[40.172s][info][gc,start       ] GC(79) Pause Young (Allocation Failure)
[40.173s][info][gc,heap        ] GC(79) PSYoungGen: 266304K(266752K)->64K(267776K) Eden: 266240K(266240K)->0K(256000K) From: 64K(512K)->64K(11776K)
[40.173s][info][gc,heap        ] GC(79) ParOldGen: 91863K(175104K)->91879K(175104K)
[40.173s][info][gc,metaspace   ] GC(79) Metaspace: 34291K(34944K)->34291K(34944K) NonClass: 28031K(28480K)->28031K(28480K) Class: 6259K(6464K)->6259K(6464K)
[40.173s][info][gc             ] GC(79) Pause Young (Allocation Failure) 349M->89M(432M) 1.285ms
[40.173s][info][gc,cpu         ] GC(79) User=0.00s Sys=0.00s Real=0.00s
[41.113s][info][gc,start       ] GC(80) Pause Young (Allocation Failure)
[41.114s][info][gc,heap        ] GC(80) PSYoungGen: 256064K(267776K)->83K(246784K) Eden: 256000K(256000K)->0K(246272K) From: 64K(11776K)->83K(512K)
[41.114s][info][gc,heap        ] GC(80) ParOldGen: 91879K(175104K)->91895K(175104K)
[41.114s][info][gc,metaspace   ] GC(80) Metaspace: 34291K(34944K)->34291K(34944K) NonClass: 28031K(28480K)->28031K(28480K) Class: 6259K(6464K)->6259K(6464K)
[41.115s][info][gc             ] GC(80) Pause Young (Allocation Failure) 339M->89M(412M) 1.670ms
[41.115s][info][gc,cpu         ] GC(80) User=0.00s Sys=0.00s Real=0.00s
[42.309s][info][gc,start       ] GC(81) Pause Young (Allocation Failure)
[42.310s][info][gc,heap        ] GC(81) PSYoungGen: 246355K(246784K)->64K(247296K) Eden: 246272K(246272K)->0K(237056K) From: 83K(512K)->64K(10240K)
[42.310s][info][gc,heap        ] GC(81) ParOldGen: 91895K(175104K)->91911K(175104K)
[42.310s][info][gc,metaspace   ] GC(81) Metaspace: 34293K(34944K)->34293K(34944K) NonClass: 28033K(28480K)->28033K(28480K) Class: 6259K(6464K)->6259K(6464K)
[42.310s][info][gc             ] GC(81) Pause Young (Allocation Failure) 330M->89M(412M) 1.401ms
[42.310s][info][gc,cpu         ] GC(81) User=0.00s Sys=0.00s Real=0.00s
[42.582s][info][gc,start       ] GC(82) Pause Young (Allocation Failure)
[42.584s][info][gc,heap        ] GC(82) PSYoungGen: 237120K(247296K)->32K(228352K) Eden: 237056K(237056K)->0K(227840K) From: 64K(10240K)->32K(512K)
[42.584s][info][gc,heap        ] GC(82) ParOldGen: 91911K(175104K)->91927K(175104K)
[42.584s][info][gc,metaspace   ] GC(82) Metaspace: 34293K(34944K)->34293K(34944K) NonClass: 28033K(28480K)->28033K(28480K) Class: 6259K(6464K)->6259K(6464K)
[42.584s][info][gc             ] GC(82) Pause Young (Allocation Failure) 321M->89M(394M) 1.850ms
[42.584s][info][gc,cpu         ] GC(82) User=0.00s Sys=0.00s Real=0.00s
[43.030s][info][gc,start       ] GC(83) Pause Young (Allocation Failure)
[43.032s][info][gc,heap        ] GC(83) PSYoungGen: 227872K(228352K)->64K(228352K) Eden: 227840K(227840K)->0K(219136K) From: 32K(512K)->64K(9216K)
[43.032s][info][gc,heap        ] GC(83) ParOldGen: 91927K(175104K)->91935K(175104K)
[43.032s][info][gc,metaspace   ] GC(83) Metaspace: 34293K(34944K)->34293K(34944K) NonClass: 28033K(28480K)->28033K(28480K) Class: 6259K(6464K)->6259K(6464K)
[43.032s][info][gc             ] GC(83) Pause Young (Allocation Failure) 312M->89M(394M) 1.353ms
[43.032s][info][gc,cpu         ] GC(83) User=0.00s Sys=0.00s Real=0.00s
[44.548s][info][gc,start       ] GC(84) Pause Young (Allocation Failure)
[44.550s][info][gc,heap        ] GC(84) PSYoungGen: 219200K(228352K)->64K(211456K) Eden: 219136K(219136K)->0K(210944K) From: 64K(9216K)->64K(512K)
[44.550s][info][gc,heap        ] GC(84) ParOldGen: 91935K(175104K)->91951K(175104K)
[44.550s][info][gc,metaspace   ] GC(84) Metaspace: 34384K(35072K)->34384K(35072K) NonClass: 28124K(28608K)->28124K(28608K) Class: 6259K(6464K)->6259K(6464K)
[44.550s][info][gc             ] GC(84) Pause Young (Allocation Failure) 303M->89M(377M) 1.992ms
[44.550s][info][gc,cpu         ] GC(84) User=0.00s Sys=0.00s Real=0.00s
[45.572s][info][gc,start       ] GC(85) Pause Young (Allocation Failure)
[45.575s][info][gc,heap        ] GC(85) PSYoungGen: 211008K(211456K)->64K(210944K) Eden: 210944K(210944K)->0K(203264K) From: 64K(512K)->64K(7680K)
[45.575s][info][gc,heap        ] GC(85) ParOldGen: 91951K(175104K)->91967K(175104K)
[45.575s][info][gc,metaspace   ] GC(85) Metaspace: 34410K(35072K)->34410K(35072K) NonClass: 28151K(28608K)->28151K(28608K) Class: 6259K(6464K)->6259K(6464K)
[45.575s][info][gc             ] GC(85) Pause Young (Allocation Failure) 295M->89M(377M) 2.585ms
[45.575s][info][gc,cpu         ] GC(85) User=0.01s Sys=0.00s Real=0.00s
[46.380s][info][gc,start       ] GC(86) Pause Young (Allocation Failure)
[46.383s][info][gc,heap        ] GC(86) PSYoungGen: 203328K(210944K)->64K(196096K) Eden: 203264K(203264K)->0K(195584K) From: 64K(7680K)->64K(512K)
[46.383s][info][gc,heap        ] GC(86) ParOldGen: 91967K(175104K)->91983K(175104K)
[46.383s][info][gc,metaspace   ] GC(86) Metaspace: 34410K(35072K)->34410K(35072K) NonClass: 28151K(28608K)->28151K(28608K) Class: 6259K(6464K)->6259K(6464K)
[46.383s][info][gc             ] GC(86) Pause Young (Allocation Failure) 288M->89M(362M) 3.074ms
[46.383s][info][gc,cpu         ] GC(86) User=0.00s Sys=0.00s Real=0.00s
[46.641s][info][gc,start       ] GC(87) Pause Young (Allocation Failure)
[46.643s][info][gc,heap        ] GC(87) PSYoungGen: 195648K(196096K)->64K(195072K) Eden: 195584K(195584K)->0K(188416K) From: 64K(512K)->64K(6656K)
[46.643s][info][gc,heap        ] GC(87) ParOldGen: 91983K(175104K)->91999K(175104K)
[46.643s][info][gc,metaspace   ] GC(87) Metaspace: 34410K(35072K)->34410K(35072K) NonClass: 28151K(28608K)->28151K(28608K) Class: 6259K(6464K)->6259K(6464K)
[46.643s][info][gc             ] GC(87) Pause Young (Allocation Failure) 280M->89M(361M) 1.964ms
[46.643s][info][gc,cpu         ] GC(87) User=0.00s Sys=0.00s Real=0.00s
[46.816s][info][gc,start       ] GC(88) Pause Young (Allocation Failure)
[46.818s][info][gc,heap        ] GC(88) PSYoungGen: 188480K(195072K)->32K(182272K) Eden: 188416K(188416K)->0K(181760K) From: 64K(6656K)->32K(512K)
[46.818s][info][gc,heap        ] GC(88) ParOldGen: 91999K(175104K)->92015K(175104K)
[46.818s][info][gc,metaspace   ] GC(88) Metaspace: 34437K(35136K)->34437K(35136K) NonClass: 28178K(28672K)->28178K(28672K) Class: 6259K(6464K)->6259K(6464K)
[46.818s][info][gc             ] GC(88) Pause Young (Allocation Failure) 273M->89M(349M) 1.803ms
[46.818s][info][gc,cpu         ] GC(88) User=0.00s Sys=0.00s Real=0.00s
[47.275s][info][gc,start       ] GC(89) Pause Young (Allocation Failure)
[47.276s][info][gc,heap        ] GC(89) PSYoungGen: 181792K(182272K)->32K(181248K) Eden: 181760K(181760K)->0K(175104K) From: 32K(512K)->32K(6144K)
[47.276s][info][gc,heap        ] GC(89) ParOldGen: 92015K(175104K)->92023K(175104K)
[47.276s][info][gc,metaspace   ] GC(89) Metaspace: 34437K(35136K)->34437K(35136K) NonClass: 28178K(28672K)->28178K(28672K) Class: 6259K(6464K)->6259K(6464K)
[47.276s][info][gc             ] GC(89) Pause Young (Allocation Failure) 267M->89M(348M) 1.294ms
[47.276s][info][gc,cpu         ] GC(89) User=0.00s Sys=0.00s Real=0.01s
[47.623s][info][gc,start       ] GC(90) Pause Young (Allocation Failure)
[47.625s][info][gc,heap        ] GC(90) PSYoungGen: 175136K(181248K)->32K(169472K) Eden: 175104K(175104K)->0K(168960K) From: 32K(6144K)->32K(512K)
[47.625s][info][gc,heap        ] GC(90) ParOldGen: 92023K(175104K)->92031K(175104K)
[47.625s][info][gc,metaspace   ] GC(90) Metaspace: 34437K(35136K)->34437K(35136K) NonClass: 28178K(28672K)->28178K(28672K) Class: 6259K(6464K)->6259K(6464K)
[47.625s][info][gc             ] GC(90) Pause Young (Allocation Failure) 260M->89M(336M) 2.358ms
[47.625s][info][gc,cpu         ] GC(90) User=0.00s Sys=0.00s Real=0.00s
[47.879s][info][gc,start       ] GC(91) Pause Young (Allocation Failure)
[47.880s][info][gc,heap        ] GC(91) PSYoungGen: 168992K(169472K)->64K(168448K) Eden: 168960K(168960K)->0K(163328K) From: 32K(512K)->64K(5120K)
[47.880s][info][gc,heap        ] GC(91) ParOldGen: 92031K(175104K)->92039K(175104K)
[47.880s][info][gc,metaspace   ] GC(91) Metaspace: 34437K(35136K)->34437K(35136K) NonClass: 28178K(28672K)->28178K(28672K) Class: 6259K(6464K)->6259K(6464K)
[47.880s][info][gc             ] GC(91) Pause Young (Allocation Failure) 254M->89M(335M) 1.488ms
[47.880s][info][gc,cpu         ] GC(91) User=0.00s Sys=0.00s Real=0.00s
[48.186s][info][gc,start       ] GC(92) Pause Young (Allocation Failure)
[48.211s][info][gc,heap        ] GC(92) PSYoungGen: 163392K(168448K)->4608K(200704K) Eden: 163328K(163328K)->0K(196096K) From: 64K(5120K)->4608K(4608K)
[48.211s][info][gc,heap        ] GC(92) ParOldGen: 92039K(175104K)->98887K(175104K)
[48.211s][info][gc,metaspace   ] GC(92) Metaspace: 34452K(35136K)->34452K(35136K) NonClass: 28193K(28672K)->28193K(28672K) Class: 6259K(6464K)->6259K(6464K)
[48.211s][info][gc             ] GC(92) Pause Young (Allocation Failure) 249M->101M(367M) 24.551ms
[48.211s][info][gc,cpu         ] GC(92) User=0.04s Sys=0.00s Real=0.02s
[48.448s][info][gc,start       ] GC(93) Pause Young (Allocation Failure)
[48.489s][info][gc,heap        ] GC(93) PSYoungGen: 200704K(200704K)->8704K(244224K) Eden: 196096K(196096K)->0K(235520K) From: 4608K(4608K)->8704K(8704K)
[48.489s][info][gc,heap        ] GC(93) ParOldGen: 98887K(175104K)->111351K(175104K)
[48.489s][info][gc,metaspace   ] GC(93) Metaspace: 34452K(35136K)->34452K(35136K) NonClass: 28193K(28672K)->28193K(28672K) Class: 6259K(6464K)->6259K(6464K)
[48.489s][info][gc             ] GC(93) Pause Young (Allocation Failure) 292M->117M(409M) 41.521ms
[48.489s][info][gc,cpu         ] GC(93) User=0.07s Sys=0.01s Real=0.04s
[48.775s][info][gc,start       ] GC(94) Pause Young (Allocation Failure)
[48.826s][info][gc,heap        ] GC(94) PSYoungGen: 244224K(244224K)->13824K(243200K) Eden: 235520K(235520K)->0K(229376K) From: 8704K(8704K)->13824K(13824K)
[48.826s][info][gc,heap        ] GC(94) ParOldGen: 111351K(175104K)->123087K(175104K)
[48.826s][info][gc,metaspace   ] GC(94) Metaspace: 34452K(35136K)->34452K(35136K) NonClass: 28193K(28672K)->28193K(28672K) Class: 6259K(6464K)->6259K(6464K)
[48.826s][info][gc             ] GC(94) Pause Young (Allocation Failure) 347M->133M(408M) 51.241ms
[48.826s][info][gc,cpu         ] GC(94) User=0.09s Sys=0.02s Real=0.06s
[49.008s][info][gc,start       ] GC(95) Pause Young (Allocation Failure)
[49.030s][info][gc,heap        ] GC(95) PSYoungGen: 243200K(243200K)->11520K(251392K) Eden: 229376K(229376K)->0K(229376K) From: 13824K(13824K)->11520K(22016K)
[49.030s][info][gc,heap        ] GC(95) ParOldGen: 123087K(175104K)->123519K(175104K)
[49.030s][info][gc,metaspace   ] GC(95) Metaspace: 34459K(35136K)->34459K(35136K) NonClass: 28200K(28672K)->28200K(28672K) Class: 6259K(6464K)->6259K(6464K)
[49.030s][info][gc             ] GC(95) Pause Young (Allocation Failure) 357M->131M(416M) 21.360ms
[49.030s][info][gc,cpu         ] GC(95) User=0.04s Sys=0.00s Real=0.02s
[49.261s][info][gc,start       ] GC(96) Pause Young (Allocation Failure)
[49.262s][info][gc,heap        ] GC(96) PSYoungGen: 240896K(251392K)->64K(296960K) Eden: 229376K(229376K)->0K(275456K) From: 11520K(22016K)->64K(21504K)
[49.262s][info][gc,heap        ] GC(96) ParOldGen: 123519K(175104K)->123527K(175104K)
[49.262s][info][gc,metaspace   ] GC(96) Metaspace: 34459K(35136K)->34459K(35136K) NonClass: 28200K(28672K)->28200K(28672K) Class: 6259K(6464K)->6259K(6464K)
[49.262s][info][gc             ] GC(96) Pause Young (Allocation Failure) 355M->120M(461M) 1.590ms
[49.262s][info][gc,cpu         ] GC(96) User=0.00s Sys=0.00s Real=0.00s
[49.992s][info][gc,start       ] GC(97) Pause Young (Allocation Failure)
[49.993s][info][gc,heap        ] GC(97) PSYoungGen: 275520K(296960K)->64K(297472K) Eden: 275456K(275456K)->0K(275456K) From: 64K(21504K)->64K(22016K)
[49.993s][info][gc,heap        ] GC(97) ParOldGen: 123527K(175104K)->123535K(175104K)
[49.993s][info][gc,metaspace   ] GC(97) Metaspace: 34459K(35136K)->34459K(35136K) NonClass: 28200K(28672K)->28200K(28672K) Class: 6259K(6464K)->6259K(6464K)
[49.993s][info][gc             ] GC(97) Pause Young (Allocation Failure) 389M->120M(461M) 1.491ms
[49.993s][info][gc,cpu         ] GC(97) User=0.01s Sys=0.00s Real=0.00s
[50.597s][info][gc,start       ] GC(98) Pause Young (Allocation Failure)
[50.599s][info][gc,heap        ] GC(98) PSYoungGen: 275520K(297472K)->64K(309760K) Eden: 275456K(275456K)->0K(290304K) From: 64K(22016K)->64K(19456K)
[50.599s][info][gc,heap        ] GC(98) ParOldGen: 123535K(175104K)->123535K(175104K)
[50.599s][info][gc,metaspace   ] GC(98) Metaspace: 34492K(35200K)->34492K(35200K) NonClass: 28232K(28736K)->28232K(28736K) Class: 6259K(6464K)->6259K(6464K)
[50.599s][info][gc             ] GC(98) Pause Young (Allocation Failure) 389M->120M(473M) 1.743ms
[50.599s][info][gc,cpu         ] GC(98) User=0.00s Sys=0.00s Real=0.00s
[51.247s][info][gc,start       ] GC(99) Pause Young (Allocation Failure)
[51.249s][info][gc,heap        ] GC(99) PSYoungGen: 290368K(309760K)->64K(310784K) Eden: 290304K(290304K)->0K(290304K) From: 64K(19456K)->64K(20480K)
[51.249s][info][gc,heap        ] GC(99) ParOldGen: 123535K(175104K)->123551K(175104K)
[51.249s][info][gc,metaspace   ] GC(99) Metaspace: 34492K(35200K)->34492K(35200K) NonClass: 28232K(28736K)->28232K(28736K) Class: 6259K(6464K)->6259K(6464K)
[51.249s][info][gc             ] GC(99) Pause Young (Allocation Failure) 404M->120M(474M) 1.749ms
[51.249s][info][gc,cpu         ] GC(99) User=0.00s Sys=0.00s Real=0.00s
[51.531s][info][gc,start       ] GC(100) Pause Young (Allocation Failure)
[51.532s][info][gc,heap        ] GC(100) PSYoungGen: 290368K(310784K)->64K(310784K) Eden: 290304K(290304K)->0K(293376K) From: 64K(20480K)->64K(17408K)
[51.532s][info][gc,heap        ] GC(100) ParOldGen: 123551K(175104K)->123567K(175104K)
[51.532s][info][gc,metaspace   ] GC(100) Metaspace: 34492K(35200K)->34492K(35200K) NonClass: 28232K(28736K)->28232K(28736K) Class: 6259K(6464K)->6259K(6464K)
[51.532s][info][gc             ] GC(100) Pause Young (Allocation Failure) 404M->120M(474M) 1.243ms
[51.532s][info][gc,cpu         ] GC(100) User=0.00s Sys=0.00s Real=0.00s
[51.818s][info][gc,start       ] GC(101) Pause Young (Allocation Failure)
[51.819s][info][gc,heap        ] GC(101) PSYoungGen: 293440K(310784K)->64K(312320K) Eden: 293376K(293376K)->0K(293376K) From: 64K(17408K)->64K(18944K)
[51.819s][info][gc,heap        ] GC(101) ParOldGen: 123567K(175104K)->123567K(175104K)
[51.819s][info][gc,metaspace   ] GC(101) Metaspace: 34492K(35200K)->34492K(35200K) NonClass: 28232K(28736K)->28232K(28736K) Class: 6259K(6464K)->6259K(6464K)
[51.819s][info][gc             ] GC(101) Pause Young (Allocation Failure) 407M->120M(476M) 1.142ms
[51.819s][info][gc,cpu         ] GC(101) User=0.00s Sys=0.00s Real=0.00s
[52.178s][info][gc,start       ] GC(102) Pause Young (Allocation Failure)
[52.179s][info][gc,heap        ] GC(102) PSYoungGen: 293440K(312320K)->64K(313344K) Eden: 293376K(293376K)->0K(296960K) From: 64K(18944K)->64K(16384K)
[52.179s][info][gc,heap        ] GC(102) ParOldGen: 123567K(175104K)->123567K(175104K)
[52.179s][info][gc,metaspace   ] GC(102) Metaspace: 34506K(35200K)->34506K(35200K) NonClass: 28246K(28736K)->28246K(28736K) Class: 6259K(6464K)->6259K(6464K)
[52.179s][info][gc             ] GC(102) Pause Young (Allocation Failure) 407M->120M(477M) 0.908ms
[52.179s][info][gc,cpu         ] GC(102) User=0.00s Sys=0.00s Real=0.00s
[52.240s][info][gc,start       ] GC(103) Pause Young (Allocation Failure)
[52.241s][info][gc,heap        ] GC(103) PSYoungGen: 297024K(313344K)->64K(314368K) Eden: 296960K(296960K)->0K(296960K) From: 64K(16384K)->64K(17408K)
[52.242s][info][gc,heap        ] GC(103) ParOldGen: 123567K(175104K)->123583K(175104K)
[52.242s][info][gc,metaspace   ] GC(103) Metaspace: 34506K(35200K)->34506K(35200K) NonClass: 28246K(28736K)->28246K(28736K) Class: 6259K(6464K)->6259K(6464K)
[52.242s][info][gc             ] GC(103) Pause Young (Allocation Failure) 410M->120M(478M) 1.189ms
[52.242s][info][gc,cpu         ] GC(103) User=0.00s Sys=0.00s Real=0.00s
[52.323s][info][gc,start       ] GC(104) Pause Young (Allocation Failure)
[52.324s][info][gc,heap        ] GC(104) PSYoungGen: 297024K(314368K)->64K(314368K) Eden: 296960K(296960K)->0K(300032K) From: 64K(17408K)->64K(14336K)
[52.324s][info][gc,heap        ] GC(104) ParOldGen: 123583K(175104K)->123583K(175104K)
[52.324s][info][gc,metaspace   ] GC(104) Metaspace: 34506K(35200K)->34506K(35200K) NonClass: 28246K(28736K)->28246K(28736K) Class: 6259K(6464K)->6259K(6464K)
[52.324s][info][gc             ] GC(104) Pause Young (Allocation Failure) 410M->120M(478M) 0.976ms
[52.324s][info][gc,cpu         ] GC(104) User=0.01s Sys=0.00s Real=0.00s
[52.580s][info][gc,start       ] GC(105) Pause Young (Allocation Failure)
[52.581s][info][gc,heap        ] GC(105) PSYoungGen: 300096K(314368K)->64K(315392K) Eden: 300032K(300032K)->0K(300032K) From: 64K(14336K)->64K(15360K)
[52.581s][info][gc,heap        ] GC(105) ParOldGen: 123583K(175104K)->123599K(175104K)
[52.581s][info][gc,metaspace   ] GC(105) Metaspace: 34506K(35200K)->34506K(35200K) NonClass: 28246K(28736K)->28246K(28736K) Class: 6259K(6464K)->6259K(6464K)
[52.581s][info][gc             ] GC(105) Pause Young (Allocation Failure) 413M->120M(479M) 0.951ms
[52.581s][info][gc,cpu         ] GC(105) User=0.00s Sys=0.00s Real=0.00s
[52.817s][info][gc,start       ] GC(106) Pause Young (Allocation Failure)
[52.818s][info][gc,heap        ] GC(106) PSYoungGen: 300096K(315392K)->64K(288256K) Eden: 300032K(300032K)->0K(287744K) From: 64K(15360K)->64K(512K)
[52.818s][info][gc,heap        ] GC(106) ParOldGen: 123599K(175104K)->123599K(175104K)
[52.818s][info][gc,metaspace   ] GC(106) Metaspace: 34506K(35200K)->34506K(35200K) NonClass: 28246K(28736K)->28246K(28736K) Class: 6259K(6464K)->6259K(6464K)
[52.818s][info][gc             ] GC(106) Pause Young (Allocation Failure) 413M->120M(452M) 1.001ms
[52.818s][info][gc,cpu         ] GC(106) User=0.00s Sys=0.00s Real=0.00s
[52.905s][info][gc,start       ] GC(107) Pause Young (Allocation Failure)
[52.906s][info][gc,heap        ] GC(107) PSYoungGen: 287808K(288256K)->64K(290304K) Eden: 287744K(287744K)->0K(276480K) From: 64K(512K)->64K(13824K)
[52.906s][info][gc,heap        ] GC(107) ParOldGen: 123599K(175104K)->123615K(175104K)
[52.906s][info][gc,metaspace   ] GC(107) Metaspace: 34506K(35200K)->34506K(35200K) NonClass: 28246K(28736K)->28246K(28736K) Class: 6259K(6464K)->6259K(6464K)
[52.906s][info][gc             ] GC(107) Pause Young (Allocation Failure) 401M->120M(454M) 1.194ms
[52.906s][info][gc,cpu         ] GC(107) User=0.00s Sys=0.00s Real=0.01s
[53.081s][info][gc,start       ] GC(108) Pause Young (Allocation Failure)
[53.084s][info][gc,heap        ] GC(108) PSYoungGen: 276544K(290304K)->64K(307200K) Eden: 276480K(276480K)->0K(294400K) From: 64K(13824K)->64K(12800K)
[53.084s][info][gc,heap        ] GC(108) ParOldGen: 123615K(175104K)->123615K(175104K)
[53.084s][info][gc,metaspace   ] GC(108) Metaspace: 34506K(35200K)->34506K(35200K) NonClass: 28246K(28736K)->28246K(28736K) Class: 6259K(6464K)->6259K(6464K)
[53.084s][info][gc             ] GC(108) Pause Young (Allocation Failure) 390M->120M(471M) 3.248ms
[53.084s][info][gc,cpu         ] GC(108) User=0.00s Sys=0.00s Real=0.00s
[53.631s][info][gc,start       ] GC(109) Pause Young (Allocation Failure)
[53.632s][info][gc,heap        ] GC(109) PSYoungGen: 294464K(307200K)->64K(283136K) Eden: 294400K(294400K)->0K(282624K) From: 64K(12800K)->64K(512K)
[53.632s][info][gc,heap        ] GC(109) ParOldGen: 123615K(175104K)->123631K(175104K)
[53.632s][info][gc,metaspace   ] GC(109) Metaspace: 34538K(35200K)->34538K(35200K) NonClass: 28278K(28736K)->28278K(28736K) Class: 6259K(6464K)->6259K(6464K)
[53.632s][info][gc             ] GC(109) Pause Young (Allocation Failure) 408M->120M(447M) 1.453ms
[53.632s][info][gc,cpu         ] GC(109) User=0.00s Sys=0.00s Real=0.00s
[54.363s][info][gc,start       ] GC(110) Pause Young (Allocation Failure)
[54.365s][info][gc,heap        ] GC(110) PSYoungGen: 282688K(283136K)->99K(271872K) Eden: 282624K(282624K)->0K(271360K) From: 64K(512K)->99K(512K)
[54.365s][info][gc,heap        ] GC(110) ParOldGen: 123631K(175104K)->123647K(175104K)
[54.365s][info][gc,metaspace   ] GC(110) Metaspace: 34538K(35200K)->34538K(35200K) NonClass: 28278K(28736K)->28278K(28736K) Class: 6259K(6464K)->6259K(6464K)
[54.365s][info][gc             ] GC(110) Pause Young (Allocation Failure) 396M->120M(436M) 1.757ms
[54.365s][info][gc,cpu         ] GC(110) User=0.00s Sys=0.00s Real=0.00s
[55.547s][info][gc,start       ] GC(111) Pause Young (Allocation Failure)
[55.549s][info][gc,heap        ] GC(111) PSYoungGen: 271459K(271872K)->64K(271360K) Eden: 271360K(271360K)->0K(260608K) From: 99K(512K)->64K(10752K)
[55.549s][info][gc,heap        ] GC(111) ParOldGen: 123647K(175104K)->123655K(175104K)
[55.549s][info][gc,metaspace   ] GC(111) Metaspace: 34596K(35264K)->34596K(35264K) NonClass: 28337K(28800K)->28337K(28800K) Class: 6259K(6464K)->6259K(6464K)
[55.549s][info][gc             ] GC(111) Pause Young (Allocation Failure) 385M->120M(436M) 1.919ms
[55.549s][info][gc,cpu         ] GC(111) User=0.00s Sys=0.00s Real=0.00s
[55.936s][info][gc,start       ] GC(112) Pause Young (Allocation Failure)
[55.939s][info][gc,heap        ] GC(112) PSYoungGen: 260672K(271360K)->64K(250880K) Eden: 260608K(260608K)->0K(250368K) From: 64K(10752K)->64K(512K)
[55.939s][info][gc,heap        ] GC(112) ParOldGen: 123655K(175104K)->123671K(175104K)
[55.939s][info][gc,metaspace   ] GC(112) Metaspace: 34596K(35264K)->34596K(35264K) NonClass: 28337K(28800K)->28337K(28800K) Class: 6259K(6464K)->6259K(6464K)
[55.939s][info][gc             ] GC(112) Pause Young (Allocation Failure) 375M->120M(416M) 2.225ms
[55.939s][info][gc,cpu         ] GC(112) User=0.00s Sys=0.00s Real=0.00s
[56.595s][info][gc,start       ] GC(113) Pause Young (Allocation Failure)
[56.597s][info][gc,heap        ] GC(113) PSYoungGen: 250432K(250880K)->64K(249856K) Eden: 250368K(250368K)->0K(240640K) From: 64K(512K)->64K(9216K)
[56.597s][info][gc,heap        ] GC(113) ParOldGen: 123671K(175104K)->123687K(175104K)
[56.597s][info][gc,metaspace   ] GC(113) Metaspace: 34651K(35328K)->34651K(35328K) NonClass: 28391K(28864K)->28391K(28864K) Class: 6259K(6464K)->6259K(6464K)
[56.597s][info][gc             ] GC(113) Pause Young (Allocation Failure) 365M->120M(415M) 1.442ms
[56.597s][info][gc,cpu         ] GC(113) User=0.00s Sys=0.00s Real=0.01s
[57.806s][info][gc,start       ] GC(114) Pause Young (Allocation Failure)
[57.808s][info][gc,heap        ] GC(114) PSYoungGen: 240704K(249856K)->32K(231936K) Eden: 240640K(240640K)->0K(231424K) From: 64K(9216K)->32K(512K)
[57.808s][info][gc,heap        ] GC(114) ParOldGen: 123687K(175104K)->123695K(175104K)
[57.808s][info][gc,metaspace   ] GC(114) Metaspace: 34653K(35328K)->34653K(35328K) NonClass: 28393K(28864K)->28393K(28864K) Class: 6259K(6464K)->6259K(6464K)
[57.808s][info][gc             ] GC(114) Pause Young (Allocation Failure) 355M->120M(397M) 2.064ms
[57.808s][info][gc,cpu         ] GC(114) User=0.00s Sys=0.00s Real=0.00s
[58.609s][info][gc,start       ] GC(115) Pause Young (Allocation Failure)
[58.610s][info][gc,heap        ] GC(115) PSYoungGen: 231456K(231936K)->64K(230912K) Eden: 231424K(231424K)->0K(222720K) From: 32K(512K)->64K(8192K)
[58.610s][info][gc,heap        ] GC(115) ParOldGen: 123695K(175104K)->123703K(175104K)
[58.610s][info][gc,metaspace   ] GC(115) Metaspace: 34778K(35456K)->34778K(35456K) NonClass: 28519K(28992K)->28519K(28992K) Class: 6259K(6464K)->6259K(6464K)
[58.610s][info][gc             ] GC(115) Pause Young (Allocation Failure) 346M->120M(396M) 1.062ms
[58.610s][info][gc,cpu         ] GC(115) User=0.00s Sys=0.00s Real=0.00s
[58.816s][info][gc,start       ] GC(116) Pause Young (Allocation Failure)
[58.818s][info][gc,heap        ] GC(116) PSYoungGen: 222784K(230912K)->64K(215040K) Eden: 222720K(222720K)->0K(214528K) From: 64K(8192K)->64K(512K)
[58.818s][info][gc,heap        ] GC(116) ParOldGen: 123703K(175104K)->123719K(175104K)
[58.818s][info][gc,metaspace   ] GC(116) Metaspace: 34798K(35520K)->34798K(35520K) NonClass: 28539K(29056K)->28539K(29056K) Class: 6259K(6464K)->6259K(6464K)
[58.818s][info][gc             ] GC(116) Pause Young (Allocation Failure) 338M->120M(381M) 2.060ms
[58.818s][info][gc,cpu         ] GC(116) User=0.00s Sys=0.00s Real=0.01s
[58.927s][info][gc,start       ] GC(117) Pause Young (Allocation Failure)
[58.928s][info][gc,heap        ] GC(117) PSYoungGen: 214592K(215040K)->32K(213504K) Eden: 214528K(214528K)->0K(206336K) From: 64K(512K)->32K(7168K)
[58.928s][info][gc,heap        ] GC(117) ParOldGen: 123719K(175104K)->123735K(175104K)
[58.928s][info][gc,metaspace   ] GC(117) Metaspace: 34798K(35520K)->34798K(35520K) NonClass: 28539K(29056K)->28539K(29056K) Class: 6259K(6464K)->6259K(6464K)
[58.929s][info][gc             ] GC(117) Pause Young (Allocation Failure) 330M->120M(379M) 1.390ms
[58.929s][info][gc,cpu         ] GC(117) User=0.00s Sys=0.00s Real=0.00s
[59.525s][info][gc,start       ] GC(118) Pause Young (Allocation Failure)
[59.527s][info][gc,heap        ] GC(118) PSYoungGen: 206368K(213504K)->64K(199168K) Eden: 206336K(206336K)->0K(198656K) From: 32K(7168K)->64K(512K)
[59.527s][info][gc,heap        ] GC(118) ParOldGen: 123735K(175104K)->123743K(175104K)
[59.527s][info][gc,metaspace   ] GC(118) Metaspace: 34801K(35520K)->34801K(35520K) NonClass: 28542K(29056K)->28542K(29056K) Class: 6259K(6464K)->6259K(6464K)
[59.527s][info][gc             ] GC(118) Pause Young (Allocation Failure) 322M->120M(365M) 1.923ms
[59.527s][info][gc,cpu         ] GC(118) User=0.00s Sys=0.00s Real=0.01s
[59.794s][info][gc,start       ] GC(119) Pause Young (Allocation Failure)
[59.795s][info][gc,heap        ] GC(119) PSYoungGen: 198720K(199168K)->32K(197632K) Eden: 198656K(198656K)->0K(191488K) From: 64K(512K)->32K(6144K)
[59.795s][info][gc,heap        ] GC(119) ParOldGen: 123743K(175104K)->123751K(175104K)
[59.795s][info][gc,metaspace   ] GC(119) Metaspace: 34803K(35520K)->34803K(35520K) NonClass: 28543K(29056K)->28543K(29056K) Class: 6259K(6464K)->6259K(6464K)
[59.795s][info][gc             ] GC(119) Pause Young (Allocation Failure) 314M->120M(364M) 1.458ms
[59.795s][info][gc,cpu         ] GC(119) User=0.00s Sys=0.00s Real=0.00s
[60.142s][info][gc,start       ] GC(120) Pause Young (Allocation Failure)
[60.151s][info][gc,heap        ] GC(120) PSYoungGen: 191519K(197632K)->5632K(235520K) Eden: 191487K(191488K)->0K(229888K) From: 32K(6144K)->5632K(5632K)
[60.151s][info][gc,heap        ] GC(120) ParOldGen: 123751K(175104K)->123959K(175104K)
[60.151s][info][gc,metaspace   ] GC(120) Metaspace: 34818K(35520K)->34818K(35520K) NonClass: 28559K(29056K)->28559K(29056K) Class: 6259K(6464K)->6259K(6464K)
[60.151s][info][gc             ] GC(120) Pause Young (Allocation Failure) 307M->126M(401M) 9.495ms
[60.152s][info][gc,cpu         ] GC(120) User=0.02s Sys=0.00s Real=0.01s
[60.403s][info][gc,start       ] GC(121) Pause Young (Allocation Failure)
[60.451s][info][gc,heap        ] GC(121) PSYoungGen: 235520K(235520K)->7168K(258048K) Eden: 229888K(229888K)->0K(250880K) From: 5632K(5632K)->7168K(7168K)
[60.451s][info][gc,heap        ] GC(121) ParOldGen: 123959K(175104K)->141319K(175104K)
[60.451s][info][gc,metaspace   ] GC(121) Metaspace: 34818K(35520K)->34818K(35520K) NonClass: 28559K(29056K)->28559K(29056K) Class: 6259K(6464K)->6259K(6464K)
[60.451s][info][gc             ] GC(121) Pause Young (Allocation Failure) 351M->145M(423M) 48.435ms
[60.451s][info][gc,cpu         ] GC(121) User=0.09s Sys=0.01s Real=0.05s
[60.726s][info][gc,start       ] GC(122) Pause Young (Allocation Failure)
[60.786s][info][gc,heap        ] GC(122) PSYoungGen: 258048K(258048K)->15360K(283648K) Eden: 250880K(250880K)->0K(268288K) From: 7168K(7168K)->15360K(15360K)
[60.786s][info][gc,heap        ] GC(122) ParOldGen: 141319K(175104K)->153351K(175104K)
[60.786s][info][gc,metaspace   ] GC(122) Metaspace: 34818K(35520K)->34818K(35520K) NonClass: 28559K(29056K)->28559K(29056K) Class: 6259K(6464K)->6259K(6464K)
[60.786s][info][gc             ] GC(122) Pause Young (Allocation Failure) 390M->164M(448M) 60.652ms
[60.786s][info][gc,cpu         ] GC(122) User=0.09s Sys=0.02s Real=0.06s
[60.954s][info][gc,start       ] GC(123) Pause Young (Allocation Failure)
[60.999s][info][gc,heap        ] GC(123) PSYoungGen: 283648K(283648K)->11872K(291328K) Eden: 268288K(268288K)->0K(268288K) From: 15360K(15360K)->11872K(23040K)
[60.999s][info][gc,heap        ] GC(123) ParOldGen: 153351K(175104K)->153783K(175104K)
[60.999s][info][gc,metaspace   ] GC(123) Metaspace: 34818K(35520K)->34818K(35520K) NonClass: 28559K(29056K)->28559K(29056K) Class: 6259K(6464K)->6259K(6464K)
[61.000s][info][gc             ] GC(123) Pause Young (Allocation Failure) 426M->161M(455M) 45.781ms
[61.000s][info][gc,cpu         ] GC(123) User=0.04s Sys=0.01s Real=0.05s
[61.386s][info][gc,start       ] GC(124) Pause Young (Allocation Failure)
[61.387s][info][gc,heap        ] GC(124) PSYoungGen: 280160K(291328K)->64K(310272K) Eden: 268288K(268288K)->0K(287232K) From: 11872K(23040K)->64K(23040K)
[61.387s][info][gc,heap        ] GC(124) ParOldGen: 153783K(175104K)->153791K(175104K)
[61.387s][info][gc,metaspace   ] GC(124) Metaspace: 34818K(35520K)->34818K(35520K) NonClass: 28559K(29056K)->28559K(29056K) Class: 6259K(6464K)->6259K(6464K)
[61.387s][info][gc             ] GC(124) Pause Young (Allocation Failure) 423M->150M(474M) 1.044ms
[61.387s][info][gc,cpu         ] GC(124) User=0.00s Sys=0.00s Real=0.00s
[62.131s][info][gc,start       ] GC(125) Pause Young (Allocation Failure)
[62.133s][info][gc,heap        ] GC(125) PSYoungGen: 287296K(310272K)->64K(287744K) Eden: 287232K(287232K)->0K(287232K) From: 64K(23040K)->64K(512K)
[62.133s][info][gc,heap        ] GC(125) ParOldGen: 153791K(175104K)->153799K(175104K)
[62.133s][info][gc,metaspace   ] GC(125) Metaspace: 34850K(35520K)->34850K(35520K) NonClass: 28591K(29056K)->28591K(29056K) Class: 6259K(6464K)->6259K(6464K)
[62.133s][info][gc             ] GC(125) Pause Young (Allocation Failure) 430M->150M(452M) 1.807ms
[62.133s][info][gc,cpu         ] GC(125) User=0.00s Sys=0.00s Real=0.00s
[62.802s][info][gc,start       ] GC(126) Pause Young (Allocation Failure)
[62.804s][info][gc,heap        ] GC(126) PSYoungGen: 287296K(287744K)->64K(310272K) Eden: 287232K(287232K)->0K(288256K) From: 64K(512K)->64K(22016K)
[62.804s][info][gc,heap        ] GC(126) ParOldGen: 153799K(175104K)->153815K(175104K)
[62.804s][info][gc,metaspace   ] GC(126) Metaspace: 34850K(35520K)->34850K(35520K) NonClass: 28591K(29056K)->28591K(29056K) Class: 6259K(6464K)->6259K(6464K)
[62.804s][info][gc             ] GC(126) Pause Young (Allocation Failure) 430M->150M(474M) 2.029ms
[62.804s][info][gc,cpu         ] GC(126) User=0.00s Sys=0.00s Real=0.00s
[63.084s][info][gc,start       ] GC(127) Pause Young (Allocation Failure)
[63.086s][info][gc,heap        ] GC(127) PSYoungGen: 288320K(310272K)->32K(309760K) Eden: 288256K(288256K)->0K(288256K) From: 64K(22016K)->32K(21504K)
[63.086s][info][gc,heap        ] GC(127) ParOldGen: 153815K(175104K)->153831K(175104K)
[63.086s][info][gc,metaspace   ] GC(127) Metaspace: 34882K(35584K)->34882K(35584K) NonClass: 28623K(29120K)->28623K(29120K) Class: 6259K(6464K)->6259K(6464K)
[63.086s][info][gc             ] GC(127) Pause Young (Allocation Failure) 431M->150M(473M) 1.975ms
[63.086s][info][gc,cpu         ] GC(127) User=0.00s Sys=0.00s Real=0.00s
[63.329s][info][gc,start       ] GC(128) Pause Young (Allocation Failure)
[63.331s][info][gc,heap        ] GC(128) PSYoungGen: 288288K(309760K)->32K(311296K) Eden: 288256K(288256K)->0K(291328K) From: 32K(21504K)->32K(19968K)
[63.331s][info][gc,heap        ] GC(128) ParOldGen: 153831K(175104K)->153831K(175104K)
[63.331s][info][gc,metaspace   ] GC(128) Metaspace: 34882K(35584K)->34882K(35584K) NonClass: 28623K(29120K)->28623K(29120K) Class: 6259K(6464K)->6259K(6464K)
[63.331s][info][gc             ] GC(128) Pause Young (Allocation Failure) 431M->150M(475M) 1.640ms
[63.331s][info][gc,cpu         ] GC(128) User=0.00s Sys=0.00s Real=0.00s
[63.697s][info][gc,start       ] GC(129) Pause Young (Allocation Failure)
[63.699s][info][gc,heap        ] GC(129) PSYoungGen: 291360K(311296K)->64K(310784K) Eden: 291328K(291328K)->0K(291328K) From: 32K(19968K)->64K(19456K)
[63.699s][info][gc,heap        ] GC(129) ParOldGen: 153831K(175104K)->153831K(175104K)
[63.699s][info][gc,metaspace   ] GC(129) Metaspace: 34882K(35584K)->34882K(35584K) NonClass: 28623K(29120K)->28623K(29120K) Class: 6259K(6464K)->6259K(6464K)
[63.699s][info][gc             ] GC(129) Pause Young (Allocation Failure) 434M->150M(474M) 1.615ms
[63.699s][info][gc,cpu         ] GC(129) User=0.01s Sys=0.00s Real=0.00s
[63.825s][info][gc,start       ] GC(130) Pause Young (Allocation Failure)
[63.826s][info][gc,heap        ] GC(130) PSYoungGen: 291392K(310784K)->64K(313344K) Eden: 291328K(291328K)->0K(295424K) From: 64K(19456K)->64K(17920K)
[63.826s][info][gc,heap        ] GC(130) ParOldGen: 153831K(175104K)->153839K(175104K)
[63.826s][info][gc,metaspace   ] GC(130) Metaspace: 34882K(35584K)->34882K(35584K) NonClass: 28623K(29120K)->28623K(29120K) Class: 6259K(6464K)->6259K(6464K)
[63.826s][info][gc             ] GC(130) Pause Young (Allocation Failure) 434M->150M(477M) 1.005ms
[63.826s][info][gc,cpu         ] GC(130) User=0.00s Sys=0.00s Real=0.00s
[63.885s][info][gc,start       ] GC(131) Pause Young (Allocation Failure)
[63.886s][info][gc,heap        ] GC(131) PSYoungGen: 295488K(313344K)->64K(313344K) Eden: 295424K(295424K)->0K(295424K) From: 64K(17920K)->64K(17920K)
[63.886s][info][gc,heap        ] GC(131) ParOldGen: 153839K(175104K)->153855K(175104K)
[63.886s][info][gc,metaspace   ] GC(131) Metaspace: 34882K(35584K)->34882K(35584K) NonClass: 28623K(29120K)->28623K(29120K) Class: 6259K(6464K)->6259K(6464K)
[63.886s][info][gc             ] GC(131) Pause Young (Allocation Failure) 438M->150M(477M) 1.275ms
[63.886s][info][gc,cpu         ] GC(131) User=0.00s Sys=0.00s Real=0.01s
[64.028s][info][gc,start       ] GC(132) Pause Young (Allocation Failure)
[64.030s][info][gc,heap        ] GC(132) PSYoungGen: 295488K(313344K)->64K(314880K) Eden: 295424K(295424K)->0K(299008K) From: 64K(17920K)->64K(15872K)
[64.030s][info][gc,heap        ] GC(132) ParOldGen: 153855K(175104K)->153855K(175104K)
[64.030s][info][gc,metaspace   ] GC(132) Metaspace: 34883K(35584K)->34883K(35584K) NonClass: 28624K(29120K)->28624K(29120K) Class: 6259K(6464K)->6259K(6464K)
[64.030s][info][gc             ] GC(132) Pause Young (Allocation Failure) 438M->150M(478M) 1.083ms
[64.030s][info][gc,cpu         ] GC(132) User=0.00s Sys=0.00s Real=0.00s
[64.280s][info][gc,start       ] GC(133) Pause Young (Allocation Failure)
[64.281s][info][gc,heap        ] GC(133) PSYoungGen: 299072K(314880K)->64K(314880K) Eden: 299008K(299008K)->0K(299008K) From: 64K(15872K)->64K(15872K)
[64.281s][info][gc,heap        ] GC(133) ParOldGen: 153855K(175104K)->153863K(175104K)
[64.281s][info][gc,metaspace   ] GC(133) Metaspace: 34883K(35584K)->34883K(35584K) NonClass: 28624K(29120K)->28624K(29120K) Class: 6259K(6464K)->6259K(6464K)
[64.281s][info][gc             ] GC(133) Pause Young (Allocation Failure) 442M->150M(478M) 1.010ms
[64.281s][info][gc,cpu         ] GC(133) User=0.00s Sys=0.00s Real=0.00s
[64.448s][info][gc,start       ] GC(134) Pause Young (Allocation Failure)
[64.449s][info][gc,heap        ] GC(134) PSYoungGen: 299072K(314880K)->64K(317440K) Eden: 299008K(299008K)->0K(302592K) From: 64K(15872K)->64K(14848K)
[64.449s][info][gc,heap        ] GC(134) ParOldGen: 153863K(175104K)->153871K(175104K)
[64.449s][info][gc,metaspace   ] GC(134) Metaspace: 34883K(35584K)->34883K(35584K) NonClass: 28624K(29120K)->28624K(29120K) Class: 6259K(6464K)->6259K(6464K)
[64.449s][info][gc             ] GC(134) Pause Young (Allocation Failure) 442M->150M(481M) 0.976ms
[64.449s][info][gc,cpu         ] GC(134) User=0.00s Sys=0.00s Real=0.00s
[64.530s][info][gc,start       ] GC(135) Pause Young (Allocation Failure)
[64.531s][info][gc,heap        ] GC(135) PSYoungGen: 302656K(317440K)->64K(316928K) Eden: 302592K(302592K)->0K(302592K) From: 64K(14848K)->64K(14336K)
[64.531s][info][gc,heap        ] GC(135) ParOldGen: 153871K(175104K)->153887K(175104K)
[64.531s][info][gc,metaspace   ] GC(135) Metaspace: 34883K(35584K)->34883K(35584K) NonClass: 28624K(29120K)->28624K(29120K) Class: 6259K(6464K)->6259K(6464K)
[64.531s][info][gc             ] GC(135) Pause Young (Allocation Failure) 445M->150M(480M) 0.954ms
[64.531s][info][gc,cpu         ] GC(135) User=0.01s Sys=0.00s Real=0.00s
[64.711s][info][gc,start       ] GC(136) Pause Young (Allocation Failure)
[64.712s][info][gc,heap        ] GC(136) PSYoungGen: 302656K(316928K)->64K(290816K) Eden: 302592K(302592K)->0K(290304K) From: 64K(14336K)->64K(512K)
[64.712s][info][gc,heap        ] GC(136) ParOldGen: 153887K(175104K)->153887K(175104K)
[64.712s][info][gc,metaspace   ] GC(136) Metaspace: 34883K(35584K)->34883K(35584K) NonClass: 28624K(29120K)->28624K(29120K) Class: 6259K(6464K)->6259K(6464K)
[64.712s][info][gc             ] GC(136) Pause Young (Allocation Failure) 445M->150M(455M) 1.043ms
[64.712s][info][gc,cpu         ] GC(136) User=0.00s Sys=0.00s Real=0.00s
[65.737s][info][gc,start       ] GC(137) Pause Young (Allocation Failure)
[65.738s][info][gc,heap        ] GC(137) PSYoungGen: 290368K(290816K)->64K(290816K) Eden: 290304K(290304K)->0K(278528K) From: 64K(512K)->64K(12288K)
[65.738s][info][gc,heap        ] GC(137) ParOldGen: 153887K(175104K)->153903K(175104K)
[65.738s][info][gc,metaspace   ] GC(137) Metaspace: 34952K(35648K)->34952K(35648K) NonClass: 28693K(29184K)->28693K(29184K) Class: 6259K(6464K)->6259K(6464K)
[65.738s][info][gc             ] GC(137) Pause Young (Allocation Failure) 433M->150M(455M) 0.954ms
[65.738s][info][gc,cpu         ] GC(137) User=0.00s Sys=0.00s Real=0.00s
[66.371s][info][gc,start       ] GC(138) Pause Young (Allocation Failure)
[66.372s][info][gc,heap        ] GC(138) PSYoungGen: 278592K(290816K)->64K(267776K) Eden: 278528K(278528K)->0K(267264K) From: 64K(12288K)->64K(512K)
[66.372s][info][gc,heap        ] GC(138) ParOldGen: 153903K(175104K)->153911K(175104K)
[66.372s][info][gc,metaspace   ] GC(138) Metaspace: 34952K(35648K)->34952K(35648K) NonClass: 28693K(29184K)->28693K(29184K) Class: 6259K(6464K)->6259K(6464K)
[66.372s][info][gc             ] GC(138) Pause Young (Allocation Failure) 422M->150M(432M) 1.091ms
[66.372s][info][gc,cpu         ] GC(138) User=0.00s Sys=0.00s Real=0.00s
[66.878s][info][gc,start       ] GC(139) Pause Young (Allocation Failure)
[66.879s][info][gc,heap        ] GC(139) PSYoungGen: 267328K(267776K)->64K(267776K) Eden: 267264K(267264K)->0K(257024K) From: 64K(512K)->64K(10752K)
[66.879s][info][gc,heap        ] GC(139) ParOldGen: 153911K(175104K)->153919K(175104K)
[66.879s][info][gc,metaspace   ] GC(139) Metaspace: 34952K(35648K)->34952K(35648K) NonClass: 28693K(29184K)->28693K(29184K) Class: 6259K(6464K)->6259K(6464K)
[66.879s][info][gc             ] GC(139) Pause Young (Allocation Failure) 411M->150M(432M) 0.975ms
[66.879s][info][gc,cpu         ] GC(139) User=0.00s Sys=0.00s Real=0.00s
[67.379s][info][gc,start       ] GC(140) Pause Young (Allocation Failure)
[67.381s][info][gc,heap        ] GC(140) PSYoungGen: 257088K(267776K)->64K(247296K) Eden: 257024K(257024K)->0K(246784K) From: 64K(10752K)->64K(512K)
[67.381s][info][gc,heap        ] GC(140) ParOldGen: 153919K(175104K)->153927K(175104K)
[67.381s][info][gc,metaspace   ] GC(140) Metaspace: 34953K(35648K)->34953K(35648K) NonClass: 28694K(29184K)->28694K(29184K) Class: 6259K(6464K)->6259K(6464K)
[67.381s][info][gc             ] GC(140) Pause Young (Allocation Failure) 401M->150M(412M) 1.649ms
[67.381s][info][gc,cpu         ] GC(140) User=0.00s Sys=0.00s Real=0.00s
[68.522s][info][gc,start       ] GC(141) Pause Young (Allocation Failure)
[68.524s][info][gc,heap        ] GC(141) PSYoungGen: 246848K(247296K)->64K(246784K) Eden: 246784K(246784K)->0K(237056K) From: 64K(512K)->64K(9728K)
[68.524s][info][gc,heap        ] GC(141) ParOldGen: 153927K(175104K)->153943K(175104K)
[68.524s][info][gc,metaspace   ] GC(141) Metaspace: 34956K(35648K)->34956K(35648K) NonClass: 28696K(29184K)->28696K(29184K) Class: 6259K(6464K)->6259K(6464K)
[68.524s][info][gc             ] GC(141) Pause Young (Allocation Failure) 391M->150M(412M) 1.795ms
[68.524s][info][gc,cpu         ] GC(141) User=0.00s Sys=0.00s Real=0.00s
[68.890s][info][gc,start       ] GC(142) Pause Young (Allocation Failure)
[68.893s][info][gc,heap        ] GC(142) PSYoungGen: 237120K(246784K)->64K(228352K) Eden: 237056K(237056K)->0K(227840K) From: 64K(9728K)->64K(512K)
[68.893s][info][gc,heap        ] GC(142) ParOldGen: 153943K(175104K)->153959K(175104K)
[68.893s][info][gc,metaspace   ] GC(142) Metaspace: 34956K(35648K)->34956K(35648K) NonClass: 28696K(29184K)->28696K(29184K) Class: 6259K(6464K)->6259K(6464K)
[68.893s][info][gc             ] GC(142) Pause Young (Allocation Failure) 381M->150M(394M) 2.351ms
[68.893s][info][gc,cpu         ] GC(142) User=0.00s Sys=0.00s Real=0.00s
[69.349s][info][gc,start       ] GC(143) Pause Young (Allocation Failure)
[69.350s][info][gc,heap        ] GC(143) PSYoungGen: 227904K(228352K)->64K(227328K) Eden: 227840K(227840K)->0K(219136K) From: 64K(512K)->64K(8192K)
[69.350s][info][gc,heap        ] GC(143) ParOldGen: 153959K(175104K)->153975K(175104K)
[69.350s][info][gc,metaspace   ] GC(143) Metaspace: 34966K(35648K)->34966K(35648K) NonClass: 28707K(29184K)->28707K(29184K) Class: 6259K(6464K)->6259K(6464K)
[69.350s][info][gc             ] GC(143) Pause Young (Allocation Failure) 372M->150M(393M) 1.699ms
[69.350s][info][gc,cpu         ] GC(143) User=0.00s Sys=0.00s Real=0.00s
[69.420s][info][gc,start       ] GC(144) Pause Young (Allocation Failure)
[69.423s][info][gc,heap        ] GC(144) PSYoungGen: 219200K(227328K)->64K(263680K) Eden: 219136K(219136K)->0K(263168K) From: 64K(8192K)->64K(512K)
[69.423s][info][gc,heap        ] GC(144) ParOldGen: 153975K(175104K)->153991K(175104K)
[69.423s][info][gc,metaspace   ] GC(144) Metaspace: 34966K(35648K)->34966K(35648K) NonClass: 28707K(29184K)->28707K(29184K) Class: 6259K(6464K)->6259K(6464K)
[69.423s][info][gc             ] GC(144) Pause Young (Allocation Failure) 364M->150M(428M) 2.950ms
[69.423s][info][gc,cpu         ] GC(144) User=0.00s Sys=0.00s Real=0.00s
[69.943s][info][gc,start       ] GC(145) Pause Young (Allocation Failure)
[69.944s][info][gc,heap        ] GC(145) PSYoungGen: 263232K(263680K)->64K(260096K) Eden: 263168K(263168K)->0K(252928K) From: 64K(512K)->64K(7168K)
[69.945s][info][gc,heap        ] GC(145) ParOldGen: 153991K(175104K)->154007K(175104K)
[69.945s][info][gc,metaspace   ] GC(145) Metaspace: 34966K(35648K)->34966K(35648K) NonClass: 28707K(29184K)->28707K(29184K) Class: 6259K(6464K)->6259K(6464K)
[69.945s][info][gc             ] GC(145) Pause Young (Allocation Failure) 407M->150M(425M) 1.685ms
[69.945s][info][gc,cpu         ] GC(145) User=0.01s Sys=0.00s Real=0.00s
[70.361s][info][gc,start       ] GC(146) Pause Young (Allocation Failure)
[70.362s][info][gc,heap        ] GC(146) PSYoungGen: 252992K(260096K)->64K(243712K) Eden: 252928K(252928K)->0K(243200K) From: 64K(7168K)->64K(512K)
[70.362s][info][gc,heap        ] GC(146) ParOldGen: 154007K(175104K)->154015K(175104K)
[70.362s][info][gc,metaspace   ] GC(146) Metaspace: 34966K(35648K)->34966K(35648K) NonClass: 28707K(29184K)->28707K(29184K) Class: 6259K(6464K)->6259K(6464K)
[70.362s][info][gc             ] GC(146) Pause Young (Allocation Failure) 397M->150M(409M) 1.551ms
[70.362s][info][gc,cpu         ] GC(146) User=0.00s Sys=0.00s Real=0.00s
[70.754s][info][gc,start       ] GC(147) Pause Young (Allocation Failure)
[70.790s][info][gc,heap        ] GC(147) PSYoungGen: 243264K(243712K)->6144K(269824K) Eden: 243200K(243200K)->0K(263680K) From: 64K(512K)->6144K(6144K)
[70.790s][info][gc,heap        ] GC(147) ParOldGen: 154015K(175104K)->159615K(175104K)
[70.790s][info][gc,metaspace   ] GC(147) Metaspace: 34966K(35648K)->34966K(35648K) NonClass: 28707K(29184K)->28707K(29184K) Class: 6259K(6464K)->6259K(6464K)
[70.790s][info][gc             ] GC(147) Pause Young (Allocation Failure) 387M->161M(434M) 35.527ms
[70.790s][info][gc,cpu         ] GC(147) User=0.07s Sys=0.00s Real=0.04s
[71.076s][info][gc,start       ] GC(148) Pause Young (Allocation Failure)
[71.137s][info][gc,heap        ] GC(148) PSYoungGen: 269824K(269824K)->9728K(292352K) Eden: 263680K(263680K)->0K(282624K) From: 6144K(6144K)->9728K(9728K)
[71.137s][info][gc,heap        ] GC(148) ParOldGen: 159615K(175104K)->178215K(178688K)
[71.137s][info][gc,metaspace   ] GC(148) Metaspace: 34966K(35648K)->34966K(35648K) NonClass: 28707K(29184K)->28707K(29184K) Class: 6259K(6464K)->6259K(6464K)
[71.137s][info][gc             ] GC(148) Pause Young (Allocation Failure) 419M->183M(460M) 61.001ms
[71.137s][info][gc,cpu         ] GC(148) User=0.10s Sys=0.02s Real=0.06s
[71.441s][info][gc,start       ] GC(149) Pause Young (Allocation Failure)
[71.507s][info][gc,heap        ] GC(149) PSYoungGen: 292352K(292352K)->18944K(301568K) Eden: 282624K(282624K)->0K(282624K) From: 9728K(9728K)->18944K(18944K)
[71.507s][info][gc,heap        ] GC(149) ParOldGen: 178215K(178688K)->189047K(189440K)
[71.507s][info][gc,metaspace   ] GC(149) Metaspace: 34966K(35648K)->34966K(35648K) NonClass: 28707K(29184K)->28707K(29184K) Class: 6259K(6464K)->6259K(6464K)
[71.507s][info][gc             ] GC(149) Pause Young (Allocation Failure) 459M->203M(479M) 66.205ms
[71.507s][info][gc,cpu         ] GC(149) User=0.11s Sys=0.03s Real=0.07s
[71.612s][info][gc,start       ] GC(150) Pause Young (Allocation Failure)
[71.620s][info][gc,heap        ] GC(150) PSYoungGen: 301568K(301568K)->32K(307712K) Eden: 282624K(282624K)->0K(281088K) From: 18944K(18944K)->32K(26624K)
[71.620s][info][gc,heap        ] GC(150) ParOldGen: 189047K(189440K)->189439K(189440K)
[71.620s][info][gc,metaspace   ] GC(150) Metaspace: 34966K(35648K)->34966K(35648K) NonClass: 28707K(29184K)->28707K(29184K) Class: 6259K(6464K)->6259K(6464K)
[71.620s][info][gc             ] GC(150) Pause Young (Allocation Failure) 479M->185M(485M) 7.623ms
[71.620s][info][gc,cpu         ] GC(150) User=0.01s Sys=0.00s Real=0.01s
[72.303s][info][gc,start       ] GC(151) Pause Young (Allocation Failure)
[72.304s][info][gc,heap        ] GC(151) PSYoungGen: 281120K(307712K)->64K(281600K) Eden: 281088K(281088K)->0K(281088K) From: 32K(26624K)->64K(512K)
[72.304s][info][gc,heap        ] GC(151) ParOldGen: 189439K(189440K)->189455K(189952K)
[72.304s][info][gc,metaspace   ] GC(151) Metaspace: 34966K(35648K)->34966K(35648K) NonClass: 28707K(29184K)->28707K(29184K) Class: 6259K(6464K)->6259K(6464K)
[72.304s][info][gc             ] GC(151) Pause Young (Allocation Failure) 459M->185M(460M) 1.076ms
[72.304s][info][gc,cpu         ] GC(151) User=0.00s Sys=0.00s Real=0.00s
[72.716s][info][gc,start       ] GC(152) Pause Young (Allocation Failure)
[72.717s][info][gc,heap        ] GC(152) PSYoungGen: 281152K(281600K)->64K(307200K) Eden: 281088K(281088K)->0K(282112K) From: 64K(512K)->64K(25088K)
[72.718s][info][gc,heap        ] GC(152) ParOldGen: 189455K(189952K)->189463K(189952K)
[72.718s][info][gc,metaspace   ] GC(152) Metaspace: 34966K(35648K)->34966K(35648K) NonClass: 28707K(29184K)->28707K(29184K) Class: 6259K(6464K)->6259K(6464K)
[72.718s][info][gc             ] GC(152) Pause Young (Allocation Failure) 459M->185M(485M) 1.177ms
[72.718s][info][gc,cpu         ] GC(152) User=0.00s Sys=0.00s Real=0.00s
[73.242s][info][gc,start       ] GC(153) Pause Young (Allocation Failure)
[73.243s][info][gc,heap        ] GC(153) PSYoungGen: 282176K(307200K)->64K(306176K) Eden: 282112K(282112K)->0K(282112K) From: 64K(25088K)->64K(24064K)
[73.243s][info][gc,heap        ] GC(153) ParOldGen: 189463K(189952K)->189479K(189952K)
[73.243s][info][gc,metaspace   ] GC(153) Metaspace: 34998K(35712K)->34998K(35712K) NonClass: 28738K(29248K)->28738K(29248K) Class: 6259K(6464K)->6259K(6464K)
[73.243s][info][gc             ] GC(153) Pause Young (Allocation Failure) 460M->185M(484M) 1.197ms
[73.243s][info][gc,cpu         ] GC(153) User=0.00s Sys=0.00s Real=0.00s
[73.472s][info][gc,start       ] GC(154) Pause Young (Allocation Failure)
[73.473s][info][gc,heap        ] GC(154) PSYoungGen: 282176K(306176K)->64K(308736K) Eden: 282112K(282112K)->0K(285696K) From: 64K(24064K)->64K(23040K)
[73.473s][info][gc,heap        ] GC(154) ParOldGen: 189479K(189952K)->189495K(189952K)
[73.474s][info][gc,metaspace   ] GC(154) Metaspace: 34998K(35712K)->34998K(35712K) NonClass: 28738K(29248K)->28738K(29248K) Class: 6259K(6464K)->6259K(6464K)
[73.474s][info][gc             ] GC(154) Pause Young (Allocation Failure) 460M->185M(487M) 1.063ms
[73.474s][info][gc,cpu         ] GC(154) User=0.00s Sys=0.00s Real=0.00s
[73.706s][info][gc,start       ] GC(155) Pause Young (Allocation Failure)
[73.707s][info][gc,heap        ] GC(155) PSYoungGen: 285760K(308736K)->64K(307712K) Eden: 285696K(285696K)->0K(285696K) From: 64K(23040K)->64K(22016K)
[73.707s][info][gc,heap        ] GC(155) ParOldGen: 189495K(189952K)->189495K(189952K)
[73.707s][info][gc,metaspace   ] GC(155) Metaspace: 34998K(35712K)->34998K(35712K) NonClass: 28738K(29248K)->28738K(29248K) Class: 6259K(6464K)->6259K(6464K)
[73.707s][info][gc             ] GC(155) Pause Young (Allocation Failure) 464M->185M(486M) 1.088ms
[73.707s][info][gc,cpu         ] GC(155) User=0.01s Sys=0.00s Real=0.00s
[74.054s][info][gc,start       ] GC(156) Pause Young (Allocation Failure)
[74.055s][info][gc,heap        ] GC(156) PSYoungGen: 285760K(307712K)->64K(310784K) Eden: 285696K(285696K)->0K(289792K) From: 64K(22016K)->64K(20992K)
[74.055s][info][gc,heap        ] GC(156) ParOldGen: 189495K(189952K)->189495K(189952K)
[74.055s][info][gc,metaspace   ] GC(156) Metaspace: 34998K(35712K)->34998K(35712K) NonClass: 28738K(29248K)->28738K(29248K) Class: 6259K(6464K)->6259K(6464K)
[74.055s][info][gc             ] GC(156) Pause Young (Allocation Failure) 464M->185M(489M) 0.971ms
[74.055s][info][gc,cpu         ] GC(156) User=0.00s Sys=0.01s Real=0.00s
[74.111s][info][gc,start       ] GC(157) Pause Young (Allocation Failure)
[74.112s][info][gc,heap        ] GC(157) PSYoungGen: 289856K(310784K)->32K(309760K) Eden: 289792K(289792K)->0K(289792K) From: 64K(20992K)->32K(19968K)
[74.113s][info][gc,heap        ] GC(157) ParOldGen: 189495K(189952K)->189511K(189952K)
[74.113s][info][gc,metaspace   ] GC(157) Metaspace: 34998K(35712K)->34998K(35712K) NonClass: 28738K(29248K)->28738K(29248K) Class: 6259K(6464K)->6259K(6464K)
[74.113s][info][gc             ] GC(157) Pause Young (Allocation Failure) 468M->185M(488M) 1.606ms
[74.113s][info][gc,cpu         ] GC(157) User=0.00s Sys=0.00s Real=0.00s
[74.168s][info][gc,start       ] GC(158) Pause Young (Allocation Failure)
[74.169s][info][gc,heap        ] GC(158) PSYoungGen: 289824K(309760K)->64K(312832K) Eden: 289792K(289792K)->0K(293888K) From: 32K(19968K)->64K(18944K)
[74.169s][info][gc,heap        ] GC(158) ParOldGen: 189511K(189952K)->189511K(189952K)
[74.169s][info][gc,metaspace   ] GC(158) Metaspace: 34998K(35712K)->34998K(35712K) NonClass: 28738K(29248K)->28738K(29248K) Class: 6259K(6464K)->6259K(6464K)
[74.169s][info][gc             ] GC(158) Pause Young (Allocation Failure) 468M->185M(491M) 0.958ms
[74.169s][info][gc,cpu         ] GC(158) User=0.00s Sys=0.00s Real=0.00s
[74.403s][info][gc,start       ] GC(159) Pause Young (Allocation Failure)
[74.405s][info][gc,heap        ] GC(159) PSYoungGen: 293952K(312832K)->64K(311808K) Eden: 293888K(293888K)->0K(293888K) From: 64K(18944K)->64K(17920K)
[74.405s][info][gc,heap        ] GC(159) ParOldGen: 189511K(189952K)->189519K(189952K)
[74.405s][info][gc,metaspace   ] GC(159) Metaspace: 35013K(35712K)->35013K(35712K) NonClass: 28754K(29248K)->28754K(29248K) Class: 6259K(6464K)->6259K(6464K)
[74.405s][info][gc             ] GC(159) Pause Young (Allocation Failure) 472M->185M(490M) 1.765ms
[74.405s][info][gc,cpu         ] GC(159) User=0.00s Sys=0.00s Real=0.00s
[74.628s][info][gc,start       ] GC(160) Pause Young (Allocation Failure)
[74.630s][info][gc,heap        ] GC(160) PSYoungGen: 293952K(311808K)->64K(314880K) Eden: 293888K(293888K)->0K(297984K) From: 64K(17920K)->64K(16896K)
[74.630s][info][gc,heap        ] GC(160) ParOldGen: 189519K(189952K)->189535K(189952K)
[74.630s][info][gc,metaspace   ] GC(160) Metaspace: 35018K(35712K)->35018K(35712K) NonClass: 28759K(29248K)->28759K(29248K) Class: 6259K(6464K)->6259K(6464K)
[74.630s][info][gc             ] GC(160) Pause Young (Allocation Failure) 472M->185M(493M) 1.782ms
[74.630s][info][gc,cpu         ] GC(160) User=0.01s Sys=0.00s Real=0.00s
[74.747s][info][gc,start       ] GC(161) Pause Young (Allocation Failure)
[74.748s][info][gc,heap        ] GC(161) PSYoungGen: 298048K(314880K)->64K(313856K) Eden: 297984K(297984K)->0K(297984K) From: 64K(16896K)->64K(15872K)
[74.748s][info][gc,heap        ] GC(161) ParOldGen: 189535K(189952K)->189543K(189952K)
[74.748s][info][gc,metaspace   ] GC(161) Metaspace: 35018K(35712K)->35018K(35712K) NonClass: 28759K(29248K)->28759K(29248K) Class: 6259K(6464K)->6259K(6464K)
[74.748s][info][gc             ] GC(161) Pause Young (Allocation Failure) 476M->185M(492M) 1.023ms
[74.748s][info][gc,cpu         ] GC(161) User=0.00s Sys=0.00s Real=0.00s
[74.849s][info][gc,start       ] GC(162) Pause Young (Allocation Failure)
[74.849s][info][gc,heap        ] GC(162) PSYoungGen: 298048K(313856K)->64K(316928K) Eden: 297984K(297984K)->0K(302080K) From: 64K(15872K)->64K(14848K)
[74.849s][info][gc,heap        ] GC(162) ParOldGen: 189543K(189952K)->189551K(189952K)
[74.849s][info][gc,metaspace   ] GC(162) Metaspace: 35018K(35712K)->35018K(35712K) NonClass: 28759K(29248K)->28759K(29248K) Class: 6259K(6464K)->6259K(6464K)
[74.850s][info][gc             ] GC(162) Pause Young (Allocation Failure) 476M->185M(495M) 1.009ms
[74.850s][info][gc,cpu         ] GC(162) User=0.01s Sys=0.00s Real=0.00s
[75.064s][info][gc,start       ] GC(163) Pause Young (Allocation Failure)
[75.065s][info][gc,heap        ] GC(163) PSYoungGen: 302144K(316928K)->64K(290304K) Eden: 302080K(302080K)->0K(289792K) From: 64K(14848K)->64K(512K)
[75.065s][info][gc,heap        ] GC(163) ParOldGen: 189551K(189952K)->189559K(189952K)
[75.065s][info][gc,metaspace   ] GC(163) Metaspace: 35018K(35712K)->35018K(35712K) NonClass: 28759K(29248K)->28759K(29248K) Class: 6259K(6464K)->6259K(6464K)
[75.065s][info][gc             ] GC(163) Pause Young (Allocation Failure) 480M->185M(469M) 1.072ms
[75.065s][info][gc,cpu         ] GC(163) User=0.00s Sys=0.00s Real=0.00s
[76.010s][info][gc,start       ] GC(164) Pause Young (Allocation Failure)
[76.012s][info][gc,heap        ] GC(164) PSYoungGen: 289856K(290304K)->64K(278528K) Eden: 289792K(289792K)->0K(278016K) From: 64K(512K)->64K(512K)
[76.012s][info][gc,heap        ] GC(164) ParOldGen: 189559K(189952K)->189567K(189952K)
[76.012s][info][gc,metaspace   ] GC(164) Metaspace: 35018K(35712K)->35018K(35712K) NonClass: 28759K(29248K)->28759K(29248K) Class: 6259K(6464K)->6259K(6464K)
[76.012s][info][gc             ] GC(164) Pause Young (Allocation Failure) 468M->185M(457M) 1.528ms
[76.012s][info][gc,cpu         ] GC(164) User=0.00s Sys=0.00s Real=0.00s
[76.958s][info][gc,start       ] GC(165) Pause Young (Allocation Failure)
[76.960s][info][gc,heap        ] GC(165) PSYoungGen: 278080K(278528K)->32K(279552K) Eden: 278016K(278016K)->0K(267264K) From: 64K(512K)->32K(12288K)
[76.960s][info][gc,heap        ] GC(165) ParOldGen: 189567K(189952K)->189575K(189952K)
[76.960s][info][gc,metaspace   ] GC(165) Metaspace: 35018K(35712K)->35018K(35712K) NonClass: 28759K(29248K)->28759K(29248K) Class: 6259K(6464K)->6259K(6464K)
[76.960s][info][gc             ] GC(165) Pause Young (Allocation Failure) 456M->185M(458M) 2.415ms
[76.960s][info][gc,cpu         ] GC(165) User=0.01s Sys=0.00s Real=0.00s
[77.313s][info][gc,start       ] GC(166) Pause Young (Allocation Failure)
[77.315s][info][gc,heap        ] GC(166) PSYoungGen: 267296K(279552K)->64K(257536K) Eden: 267264K(267264K)->0K(257024K) From: 32K(12288K)->64K(512K)
[77.316s][info][gc,heap        ] GC(166) ParOldGen: 189575K(189952K)->189583K(189952K)
[77.316s][info][gc,metaspace   ] GC(166) Metaspace: 35018K(35712K)->35018K(35712K) NonClass: 28759K(29248K)->28759K(29248K) Class: 6259K(6464K)->6259K(6464K)
[77.316s][info][gc             ] GC(166) Pause Young (Allocation Failure) 446M->185M(437M) 2.580ms
[77.316s][info][gc,cpu         ] GC(166) User=0.00s Sys=0.00s Real=0.00s
[77.771s][info][gc,start       ] GC(167) Pause Young (Allocation Failure)
[77.773s][info][gc,heap        ] GC(167) PSYoungGen: 257088K(257536K)->64K(257536K) Eden: 257024K(257024K)->0K(246784K) From: 64K(512K)->64K(10752K)
[77.773s][info][gc,heap        ] GC(167) ParOldGen: 189583K(189952K)->189599K(189952K)
[77.773s][info][gc,metaspace   ] GC(167) Metaspace: 35018K(35712K)->35018K(35712K) NonClass: 28759K(29248K)->28759K(29248K) Class: 6259K(6464K)->6259K(6464K)
[77.773s][info][gc             ] GC(167) Pause Young (Allocation Failure) 436M->185M(437M) 2.131ms
[77.773s][info][gc,cpu         ] GC(167) User=0.01s Sys=0.00s Real=0.00s
[78.868s][info][gc,start       ] GC(168) Pause Young (Allocation Failure)
[78.869s][info][gc,heap        ] GC(168) PSYoungGen: 246848K(257536K)->64K(237568K) Eden: 246784K(246784K)->0K(237056K) From: 64K(10752K)->64K(512K)
[78.869s][info][gc,heap        ] GC(168) ParOldGen: 189599K(189952K)->189607K(189952K)
[78.869s][info][gc,metaspace   ] GC(168) Metaspace: 35050K(35776K)->35050K(35776K) NonClass: 28790K(29312K)->28790K(29312K) Class: 6259K(6464K)->6259K(6464K)
[78.869s][info][gc             ] GC(168) Pause Young (Allocation Failure) 426M->185M(417M) 1.709ms
[78.869s][info][gc,cpu         ] GC(168) User=0.00s Sys=0.00s Real=0.00s
[79.324s][info][gc,start       ] GC(169) Pause Young (Allocation Failure)
[79.326s][info][gc,heap        ] GC(169) PSYoungGen: 237120K(237568K)->64K(237056K) Eden: 237056K(237056K)->0K(227840K) From: 64K(512K)->64K(9216K)
[79.326s][info][gc,heap        ] GC(169) ParOldGen: 189607K(189952K)->189615K(189952K)
[79.326s][info][gc,metaspace   ] GC(169) Metaspace: 35051K(35776K)->35051K(35776K) NonClass: 28792K(29312K)->28792K(29312K) Class: 6259K(6464K)->6259K(6464K)
[79.326s][info][gc             ] GC(169) Pause Young (Allocation Failure) 416M->185M(417M) 1.718ms
[79.326s][info][gc,cpu         ] GC(169) User=0.00s Sys=0.00s Real=0.00s
[79.510s][info][gc,start       ] GC(170) Pause Young (Allocation Failure)
[79.512s][info][gc,heap        ] GC(170) PSYoungGen: 227904K(237056K)->64K(219648K) Eden: 227840K(227840K)->0K(219136K) From: 64K(9216K)->64K(512K)
[79.512s][info][gc,heap        ] GC(170) ParOldGen: 189615K(189952K)->189631K(189952K)
[79.512s][info][gc,metaspace   ] GC(170) Metaspace: 35051K(35776K)->35051K(35776K) NonClass: 28792K(29312K)->28792K(29312K) Class: 6259K(6464K)->6259K(6464K)
[79.512s][info][gc             ] GC(170) Pause Young (Allocation Failure) 407M->185M(400M) 2.362ms
[79.512s][info][gc,cpu         ] GC(170) User=0.00s Sys=0.00s Real=0.00s
[79.603s][info][gc,start       ] GC(171) Pause Young (Allocation Failure)
[79.605s][info][gc,heap        ] GC(171) PSYoungGen: 219200K(219648K)->32K(219136K) Eden: 219136K(219136K)->0K(210944K) From: 64K(512K)->32K(8192K)
[79.605s][info][gc,heap        ] GC(171) ParOldGen: 189631K(189952K)->189647K(189952K)
[79.605s][info][gc,metaspace   ] GC(171) Metaspace: 35051K(35776K)->35051K(35776K) NonClass: 28792K(29312K)->28792K(29312K) Class: 6259K(6464K)->6259K(6464K)
[79.605s][info][gc             ] GC(171) Pause Young (Allocation Failure) 399M->185M(399M) 1.754ms
[79.605s][info][gc,cpu         ] GC(171) User=0.00s Sys=0.00s Real=0.00s
[80.187s][info][gc,start       ] GC(172) Pause Young (Allocation Failure)
[80.190s][info][gc,heap        ] GC(172) PSYoungGen: 210976K(219136K)->64K(203776K) Eden: 210944K(210944K)->0K(203264K) From: 32K(8192K)->64K(512K)
[80.190s][info][gc,heap        ] GC(172) ParOldGen: 189647K(189952K)->189655K(189952K)
[80.190s][info][gc,metaspace   ] GC(172) Metaspace: 35051K(35776K)->35051K(35776K) NonClass: 28792K(29312K)->28792K(29312K) Class: 6259K(6464K)->6259K(6464K)
[80.190s][info][gc             ] GC(172) Pause Young (Allocation Failure) 391M->185M(384M) 2.385ms
[80.190s][info][gc,cpu         ] GC(172) User=0.00s Sys=0.00s Real=0.00s
[80.461s][info][gc,start       ] GC(173) Pause Young (Allocation Failure)
[80.462s][info][gc,heap        ] GC(173) PSYoungGen: 203328K(203776K)->64K(202240K) Eden: 203264K(203264K)->0K(195584K) From: 64K(512K)->64K(6656K)
[80.462s][info][gc,heap        ] GC(173) ParOldGen: 189655K(189952K)->189663K(189952K)
[80.462s][info][gc,metaspace   ] GC(173) Metaspace: 35051K(35776K)->35051K(35776K) NonClass: 28792K(29312K)->28792K(29312K) Class: 6259K(6464K)->6259K(6464K)
[80.462s][info][gc             ] GC(173) Pause Young (Allocation Failure) 383M->185M(383M) 1.391ms
[80.462s][info][gc,cpu         ] GC(173) User=0.00s Sys=0.00s Real=0.00s
[80.791s][info][gc,start       ] GC(174) Pause Young (Allocation Failure)
[80.812s][info][gc,heap        ] GC(174) PSYoungGen: 195648K(202240K)->6144K(241152K) Eden: 195584K(195584K)->0K(235008K) From: 64K(6656K)->6144K(6144K)
[80.812s][info][gc,heap        ] GC(174) ParOldGen: 189663K(189952K)->190111K(190464K)
[80.812s][info][gc,metaspace   ] GC(174) Metaspace: 35051K(35776K)->35051K(35776K) NonClass: 28792K(29312K)->28792K(29312K) Class: 6259K(6464K)->6259K(6464K)
[80.812s][info][gc             ] GC(174) Pause Young (Allocation Failure) 376M->191M(421M) 20.780ms
[80.812s][info][gc,cpu         ] GC(174) User=0.04s Sys=0.00s Real=0.02s
[81.070s][info][gc,start       ] GC(175) Pause Young (Allocation Failure)
[81.120s][info][gc,heap        ] GC(175) PSYoungGen: 241152K(241152K)->8192K(261120K) Eden: 235008K(235008K)->0K(252928K) From: 6144K(6144K)->8192K(8192K)
[81.120s][info][gc,heap        ] GC(175) ParOldGen: 190111K(190464K)->206999K(207360K)
[81.120s][info][gc,metaspace   ] GC(175) Metaspace: 35051K(35776K)->35051K(35776K) NonClass: 28792K(29312K)->28792K(29312K) Class: 6259K(6464K)->6259K(6464K)
[81.120s][info][gc             ] GC(175) Pause Young (Allocation Failure) 421M->210M(457M) 49.184ms
[81.120s][info][gc,cpu         ] GC(175) User=0.09s Sys=0.01s Real=0.05s
[81.405s][info][gc,start       ] GC(176) Pause Young (Allocation Failure)
[81.467s][info][gc,heap        ] GC(176) PSYoungGen: 261120K(261120K)->16384K(290816K) Eden: 252928K(252928K)->0K(274432K) From: 8192K(8192K)->16384K(16384K)
[81.467s][info][gc,heap        ] GC(176) ParOldGen: 206999K(207360K)->218199K(218624K)
[81.467s][info][gc,metaspace   ] GC(176) Metaspace: 35051K(35776K)->35051K(35776K) NonClass: 28792K(29312K)->28792K(29312K) Class: 6259K(6464K)->6259K(6464K)
[81.467s][info][gc             ] GC(176) Pause Young (Allocation Failure) 457M->229M(497M) 62.075ms
[81.467s][info][gc,cpu         ] GC(176) User=0.11s Sys=0.01s Real=0.07s
[81.622s][info][gc,start       ] GC(177) Pause Young (Allocation Failure)
[81.647s][info][gc,heap        ] GC(177) PSYoungGen: 290816K(290816K)->10368K(298496K) Eden: 274432K(274432K)->0K(274432K) From: 16384K(16384K)->10368K(24064K)
[81.647s][info][gc,heap        ] GC(177) ParOldGen: 218199K(218624K)->218599K(218624K)
[81.647s][info][gc,metaspace   ] GC(177) Metaspace: 35051K(35776K)->35051K(35776K) NonClass: 28792K(29312K)->28792K(29312K) Class: 6259K(6464K)->6259K(6464K)
[81.647s][info][gc             ] GC(177) Pause Young (Allocation Failure) 497M->223M(505M) 25.206ms
[81.647s][info][gc,cpu         ] GC(177) User=0.04s Sys=0.01s Real=0.03s
[82.091s][info][gc,start       ] GC(178) Pause Young (Allocation Failure)
[82.092s][info][gc,heap        ] GC(178) PSYoungGen: 284800K(298496K)->64K(308224K) Eden: 274432K(274432K)->0K(286208K) From: 10368K(24064K)->64K(22016K)
[82.092s][info][gc,heap        ] GC(178) ParOldGen: 218599K(218624K)->218607K(218624K)
[82.092s][info][gc,metaspace   ] GC(178) Metaspace: 35051K(35776K)->35051K(35776K) NonClass: 28792K(29312K)->28792K(29312K) Class: 6259K(6464K)->6259K(6464K)
[82.092s][info][gc             ] GC(178) Pause Young (Allocation Failure) 491M->213M(514M) 1.107ms
[82.092s][info][gc,cpu         ] GC(178) User=0.00s Sys=0.00s Real=0.00s
[82.708s][info][gc,start       ] GC(179) Pause Young (Allocation Failure)
[82.709s][info][gc,heap        ] GC(179) PSYoungGen: 286272K(308224K)->64K(309248K) Eden: 286208K(286208K)->0K(286208K) From: 64K(22016K)->64K(23040K)
[82.709s][info][gc,heap        ] GC(179) ParOldGen: 218607K(218624K)->218615K(218624K)
[82.709s][info][gc,metaspace   ] GC(179) Metaspace: 35051K(35776K)->35051K(35776K) NonClass: 28792K(29312K)->28792K(29312K) Class: 6259K(6464K)->6259K(6464K)
[82.709s][info][gc             ] GC(179) Pause Young (Allocation Failure) 493M->213M(515M) 1.156ms
[82.709s][info][gc,cpu         ] GC(179) User=0.00s Sys=0.00s Real=0.00s
[83.211s][info][gc,start       ] GC(180) Pause Young (Allocation Failure)
[83.212s][info][gc,heap        ] GC(180) PSYoungGen: 286272K(309248K)->64K(308224K) Eden: 286208K(286208K)->0K(288256K) From: 64K(23040K)->64K(19968K)
[83.212s][info][gc,heap        ] GC(180) ParOldGen: 218615K(218624K)->218631K(219136K)
[83.212s][info][gc,metaspace   ] GC(180) Metaspace: 35051K(35776K)->35051K(35776K) NonClass: 28792K(29312K)->28792K(29312K) Class: 6259K(6464K)->6259K(6464K)
[83.212s][info][gc             ] GC(180) Pause Young (Allocation Failure) 493M->213M(515M) 1.256ms
[83.212s][info][gc,cpu         ] GC(180) User=0.00s Sys=0.00s Real=0.00s
[83.453s][info][gc,start       ] GC(181) Pause Young (Allocation Failure)
[83.454s][info][gc,heap        ] GC(181) PSYoungGen: 288320K(308224K)->64K(309760K) Eden: 288256K(288256K)->0K(288256K) From: 64K(19968K)->64K(21504K)
[83.454s][info][gc,heap        ] GC(181) ParOldGen: 218631K(219136K)->218647K(219136K)
[83.454s][info][gc,metaspace   ] GC(181) Metaspace: 35051K(35776K)->35051K(35776K) NonClass: 28792K(29312K)->28792K(29312K) Class: 6259K(6464K)->6259K(6464K)
[83.454s][info][gc             ] GC(181) Pause Young (Allocation Failure) 495M->213M(516M) 1.198ms
[83.455s][info][gc,cpu         ] GC(181) User=0.00s Sys=0.00s Real=0.00s
[83.692s][info][gc,start       ] GC(182) Pause Young (Allocation Failure)
[83.693s][info][gc,heap        ] GC(182) PSYoungGen: 288320K(309760K)->64K(310784K) Eden: 288256K(288256K)->0K(291840K) From: 64K(21504K)->64K(18944K)
[83.693s][info][gc,heap        ] GC(182) ParOldGen: 218647K(219136K)->218647K(219136K)
[83.693s][info][gc,metaspace   ] GC(182) Metaspace: 35051K(35776K)->35051K(35776K) NonClass: 28792K(29312K)->28792K(29312K) Class: 6259K(6464K)->6259K(6464K)
[83.693s][info][gc             ] GC(182) Pause Young (Allocation Failure) 495M->213M(517M) 1.188ms
[83.693s][info][gc,cpu         ] GC(182) User=0.00s Sys=0.00s Real=0.00s
[84.057s][info][gc,start       ] GC(183) Pause Young (Allocation Failure)
[84.058s][info][gc,heap        ] GC(183) PSYoungGen: 291904K(310784K)->64K(311808K) Eden: 291840K(291840K)->0K(291840K) From: 64K(18944K)->64K(19968K)
[84.058s][info][gc,heap        ] GC(183) ParOldGen: 218647K(219136K)->218647K(219136K)
[84.058s][info][gc,metaspace   ] GC(183) Metaspace: 35051K(35776K)->35051K(35776K) NonClass: 28792K(29312K)->28792K(29312K) Class: 6259K(6464K)->6259K(6464K)
[84.058s][info][gc             ] GC(183) Pause Young (Allocation Failure) 498M->213M(518M) 1.142ms
[84.058s][info][gc,cpu         ] GC(183) User=0.00s Sys=0.00s Real=0.00s
[84.164s][info][gc,start       ] GC(184) Pause Young (Allocation Failure)
[84.166s][info][gc,heap        ] GC(184) PSYoungGen: 291904K(311808K)->64K(311808K) Eden: 291840K(291840K)->0K(294912K) From: 64K(19968K)->64K(16896K)
[84.166s][info][gc,heap        ] GC(184) ParOldGen: 218647K(219136K)->218663K(219136K)
[84.166s][info][gc,metaspace   ] GC(184) Metaspace: 35051K(35776K)->35051K(35776K) NonClass: 28792K(29312K)->28792K(29312K) Class: 6259K(6464K)->6259K(6464K)
[84.166s][info][gc             ] GC(184) Pause Young (Allocation Failure) 498M->213M(518M) 2.274ms
[84.166s][info][gc,cpu         ] GC(184) User=0.01s Sys=0.00s Real=0.01s
[84.222s][info][gc,start       ] GC(185) Pause Young (Allocation Failure)
[84.226s][info][gc,heap        ] GC(185) PSYoungGen: 294976K(311808K)->32K(312832K) Eden: 294912K(294912K)->0K(294912K) From: 64K(16896K)->32K(17920K)
[84.226s][info][gc,heap        ] GC(185) ParOldGen: 218663K(219136K)->218679K(219136K)
[84.226s][info][gc,metaspace   ] GC(185) Metaspace: 35051K(35776K)->35051K(35776K) NonClass: 28792K(29312K)->28792K(29312K) Class: 6259K(6464K)->6259K(6464K)
[84.226s][info][gc             ] GC(185) Pause Young (Allocation Failure) 501M->213M(519M) 3.805ms
[84.226s][info][gc,cpu         ] GC(185) User=0.00s Sys=0.00s Real=0.01s
[84.374s][info][gc,start       ] GC(186) Pause Young (Allocation Failure)
[84.375s][info][gc,heap        ] GC(186) PSYoungGen: 294944K(312832K)->64K(313856K) Eden: 294912K(294912K)->0K(299008K) From: 32K(17920K)->64K(14848K)
[84.375s][info][gc,heap        ] GC(186) ParOldGen: 218679K(219136K)->218679K(219136K)
[84.375s][info][gc,metaspace   ] GC(186) Metaspace: 35051K(35776K)->35051K(35776K) NonClass: 28792K(29312K)->28792K(29312K) Class: 6259K(6464K)->6259K(6464K)
[84.375s][info][gc             ] GC(186) Pause Young (Allocation Failure) 501M->213M(520M) 1.106ms
[84.375s][info][gc,cpu         ] GC(186) User=0.00s Sys=0.00s Real=0.00s
[84.607s][info][gc,start       ] GC(187) Pause Young (Allocation Failure)
[84.608s][info][gc,heap        ] GC(187) PSYoungGen: 299072K(313856K)->64K(314880K) Eden: 299008K(299008K)->0K(299008K) From: 64K(14848K)->64K(15872K)
[84.608s][info][gc,heap        ] GC(187) ParOldGen: 218679K(219136K)->218687K(219136K)
[84.608s][info][gc,metaspace   ] GC(187) Metaspace: 35051K(35776K)->35051K(35776K) NonClass: 28792K(29312K)->28792K(29312K) Class: 6259K(6464K)->6259K(6464K)
[84.608s][info][gc             ] GC(187) Pause Young (Allocation Failure) 505M->213M(521M) 1.092ms
[84.608s][info][gc,cpu         ] GC(187) User=0.00s Sys=0.00s Real=0.00s
[84.763s][info][gc,start       ] GC(188) Pause Young (Allocation Failure)
[84.764s][info][gc,heap        ] GC(188) PSYoungGen: 299072K(314880K)->64K(315392K) Eden: 299008K(299008K)->0K(302592K) From: 64K(15872K)->64K(12800K)
[84.764s][info][gc,heap        ] GC(188) ParOldGen: 218687K(219136K)->218695K(219136K)
[84.764s][info][gc,metaspace   ] GC(188) Metaspace: 35052K(35776K)->35052K(35776K) NonClass: 28793K(29312K)->28793K(29312K) Class: 6259K(6464K)->6259K(6464K)
[84.764s][info][gc             ] GC(188) Pause Young (Allocation Failure) 505M->213M(522M) 1.166ms
[84.764s][info][gc,cpu         ] GC(188) User=0.00s Sys=0.00s Real=0.00s
[84.845s][info][gc,start       ] GC(189) Pause Young (Allocation Failure)
[84.846s][info][gc,heap        ] GC(189) PSYoungGen: 302656K(315392K)->64K(316928K) Eden: 302592K(302592K)->0K(302592K) From: 64K(12800K)->64K(14336K)
[84.846s][info][gc,heap        ] GC(189) ParOldGen: 218695K(219136K)->218711K(219136K)
[84.846s][info][gc,metaspace   ] GC(189) Metaspace: 35052K(35776K)->35052K(35776K) NonClass: 28793K(29312K)->28793K(29312K) Class: 6259K(6464K)->6259K(6464K)
[84.846s][info][gc             ] GC(189) Pause Young (Allocation Failure) 509M->213M(523M) 1.139ms
[84.846s][info][gc,cpu         ] GC(189) User=0.00s Sys=0.00s Real=0.01s
[85.035s][info][gc,start       ] GC(190) Pause Young (Allocation Failure)
[85.037s][info][gc,heap        ] GC(190) PSYoungGen: 302656K(316928K)->64K(317952K) Eden: 302592K(302592K)->0K(306176K) From: 64K(14336K)->64K(11776K)
[85.037s][info][gc,heap        ] GC(190) ParOldGen: 218711K(219136K)->218711K(219136K)
[85.037s][info][gc,metaspace   ] GC(190) Metaspace: 35052K(35776K)->35052K(35776K) NonClass: 28793K(29312K)->28793K(29312K) Class: 6259K(6464K)->6259K(6464K)
[85.037s][info][gc             ] GC(190) Pause Young (Allocation Failure) 509M->213M(524M) 2.024ms
[85.037s][info][gc,cpu         ] GC(190) User=0.01s Sys=0.00s Real=0.01s
[86.031s][info][gc,start       ] GC(191) Pause Young (Allocation Failure)
[86.033s][info][gc,heap        ] GC(191) PSYoungGen: 306240K(317952K)->101K(318976K) Eden: 306176K(306176K)->0K(306176K) From: 64K(11776K)->101K(12800K)
[86.033s][info][gc,heap        ] GC(191) ParOldGen: 218711K(219136K)->218727K(219136K)
[86.033s][info][gc,metaspace   ] GC(191) Metaspace: 35052K(35776K)->35052K(35776K) NonClass: 28793K(29312K)->28793K(29312K) Class: 6259K(6464K)->6259K(6464K)
[86.033s][info][gc             ] GC(191) Pause Young (Allocation Failure) 512M->213M(525M) 1.960ms
[86.033s][info][gc,cpu         ] GC(191) User=0.00s Sys=0.00s Real=0.00s
[86.967s][info][gc,start       ] GC(192) Pause Young (Allocation Failure)
[86.969s][info][gc,heap        ] GC(192) PSYoungGen: 306277K(318976K)->64K(294400K) Eden: 306176K(306176K)->0K(293888K) From: 101K(12800K)->64K(512K)
[86.969s][info][gc,heap        ] GC(192) ParOldGen: 218727K(219136K)->218735K(219136K)
[86.969s][info][gc,metaspace   ] GC(192) Metaspace: 35052K(35776K)->35052K(35776K) NonClass: 28793K(29312K)->28793K(29312K) Class: 6259K(6464K)->6259K(6464K)
[86.969s][info][gc             ] GC(192) Pause Young (Allocation Failure) 512M->213M(501M) 1.589ms
[86.969s][info][gc,cpu         ] GC(192) User=0.00s Sys=0.00s Real=0.00s
[87.321s][info][gc,start       ] GC(193) Pause Young (Allocation Failure)
[87.322s][info][gc,heap        ] GC(193) PSYoungGen: 293952K(294400K)->64K(293376K) Eden: 293888K(293888K)->0K(282112K) From: 64K(512K)->64K(11264K)
[87.322s][info][gc,heap        ] GC(193) ParOldGen: 218735K(219136K)->218743K(219136K)
[87.322s][info][gc,metaspace   ] GC(193) Metaspace: 35052K(35776K)->35052K(35776K) NonClass: 28793K(29312K)->28793K(29312K) Class: 6259K(6464K)->6259K(6464K)
[87.322s][info][gc             ] GC(193) Pause Young (Allocation Failure) 500M->213M(500M) 1.205ms
[87.322s][info][gc,cpu         ] GC(193) User=0.00s Sys=0.00s Real=0.00s
[87.827s][info][gc,start       ] GC(194) Pause Young (Allocation Failure)
[87.829s][info][gc,heap        ] GC(194) PSYoungGen: 282176K(293376K)->64K(271360K) Eden: 282112K(282112K)->0K(270848K) From: 64K(11264K)->64K(512K)
[87.829s][info][gc,heap        ] GC(194) ParOldGen: 218743K(219136K)->218751K(219136K)
[87.829s][info][gc,metaspace   ] GC(194) Metaspace: 35052K(35776K)->35052K(35776K) NonClass: 28793K(29312K)->28793K(29312K) Class: 6259K(6464K)->6259K(6464K)
[87.829s][info][gc             ] GC(194) Pause Young (Allocation Failure) 489M->213M(479M) 1.365ms
[87.829s][info][gc,cpu         ] GC(194) User=0.00s Sys=0.00s Real=0.00s
[88.862s][info][gc,start       ] GC(195) Pause Young (Allocation Failure)
[88.863s][info][gc,heap        ] GC(195) PSYoungGen: 270912K(271360K)->64K(269824K) Eden: 270848K(270848K)->0K(260096K) From: 64K(512K)->64K(9728K)
[88.863s][info][gc,heap        ] GC(195) ParOldGen: 218751K(219136K)->218759K(219136K)
[88.863s][info][gc,metaspace   ] GC(195) Metaspace: 35052K(35776K)->35052K(35776K) NonClass: 28793K(29312K)->28793K(29312K) Class: 6259K(6464K)->6259K(6464K)
[88.863s][info][gc             ] GC(195) Pause Young (Allocation Failure) 478M->213M(477M) 1.519ms
[88.863s][info][gc,cpu         ] GC(195) User=0.00s Sys=0.00s Real=0.00s
[89.278s][info][gc,start       ] GC(196) Pause Young (Allocation Failure)
[89.279s][info][gc,heap        ] GC(196) PSYoungGen: 260160K(269824K)->64K(250368K) Eden: 260096K(260096K)->0K(249856K) From: 64K(9728K)->64K(512K)
[89.280s][info][gc,heap        ] GC(196) ParOldGen: 218759K(219136K)->218767K(219136K)
[89.280s][info][gc,metaspace   ] GC(196) Metaspace: 35052K(35776K)->35052K(35776K) NonClass: 28793K(29312K)->28793K(29312K) Class: 6259K(6464K)->6259K(6464K)
[89.280s][info][gc             ] GC(196) Pause Young (Allocation Failure) 467M->213M(458M) 1.744ms
[89.280s][info][gc,cpu         ] GC(196) User=0.00s Sys=0.00s Real=0.00s
[89.428s][info][gc,start       ] GC(197) Pause Young (Allocation Failure)
[89.430s][info][gc,heap        ] GC(197) PSYoungGen: 249920K(250368K)->64K(248320K) Eden: 249856K(249856K)->0K(240128K) From: 64K(512K)->64K(8192K)
[89.430s][info][gc,heap        ] GC(197) ParOldGen: 218767K(219136K)->218775K(219136K)
[89.430s][info][gc,metaspace   ] GC(197) Metaspace: 35052K(35776K)->35052K(35776K) NonClass: 28793K(29312K)->28793K(29312K) Class: 6259K(6464K)->6259K(6464K)
[89.430s][info][gc             ] GC(197) Pause Young (Allocation Failure) 457M->213M(456M) 1.431ms
[89.430s][info][gc,cpu         ] GC(197) User=0.00s Sys=0.00s Real=0.00s
[89.786s][info][gc,start       ] GC(198) Pause Young (Allocation Failure)
[89.787s][info][gc,heap        ] GC(198) PSYoungGen: 240192K(248320K)->64K(231424K) Eden: 240128K(240128K)->0K(230912K) From: 64K(8192K)->64K(512K)
[89.787s][info][gc,heap        ] GC(198) ParOldGen: 218775K(219136K)->218783K(219136K)
[89.787s][info][gc,metaspace   ] GC(198) Metaspace: 35052K(35776K)->35052K(35776K) NonClass: 28793K(29312K)->28793K(29312K) Class: 6259K(6464K)->6259K(6464K)
[89.787s][info][gc             ] GC(198) Pause Young (Allocation Failure) 448M->213M(440M) 1.585ms
[89.787s][info][gc,cpu         ] GC(198) User=0.00s Sys=0.00s Real=0.00s
[90.258s][info][gc,start       ] GC(199) Pause Young (Allocation Failure)
[90.259s][info][gc,heap        ] GC(199) PSYoungGen: 230976K(231424K)->64K(229376K) Eden: 230912K(230912K)->0K(222208K) From: 64K(512K)->64K(7168K)
[90.259s][info][gc,heap        ] GC(199) ParOldGen: 218783K(219136K)->218791K(219136K)
[90.259s][info][gc,metaspace   ] GC(199) Metaspace: 35052K(35776K)->35052K(35776K) NonClass: 28793K(29312K)->28793K(29312K) Class: 6259K(6464K)->6259K(6464K)
[90.259s][info][gc             ] GC(199) Pause Young (Allocation Failure) 439M->213M(438M) 1.614ms
[90.259s][info][gc,cpu         ] GC(199) User=0.00s Sys=0.00s Real=0.00s
[90.639s][info][gc,start       ] GC(200) Pause Young (Allocation Failure)
[90.645s][info][gc,heap        ] GC(200) PSYoungGen: 222271K(229376K)->1472K(215552K) Eden: 222207K(222208K)->0K(214016K) From: 64K(7168K)->1472K(1536K)
[90.645s][info][gc,heap        ] GC(200) ParOldGen: 218791K(219136K)->218799K(219136K)
[90.645s][info][gc,metaspace   ] GC(200) Metaspace: 35052K(35776K)->35052K(35776K) NonClass: 28793K(29312K)->28793K(29312K) Class: 6259K(6464K)->6259K(6464K)
[90.645s][info][gc             ] GC(200) Pause Young (Allocation Failure) 430M->215M(424M) 5.906ms
[90.645s][info][gc,cpu         ] GC(200) User=0.00s Sys=0.00s Real=0.00s
[90.875s][info][gc,start       ] GC(201) Pause Young (Allocation Failure)
[90.939s][info][gc,heap        ] GC(201) PSYoungGen: 215488K(215552K)->6656K(263680K) Eden: 214016K(214016K)->0K(257024K) From: 1472K(1536K)->6656K(6656K)
[90.939s][info][gc,heap        ] GC(201) ParOldGen: 218799K(219136K)->234975K(235008K)
[90.939s][info][gc,metaspace   ] GC(201) Metaspace: 35052K(35776K)->35052K(35776K) NonClass: 28793K(29312K)->28793K(29312K) Class: 6259K(6464K)->6259K(6464K)
[90.939s][info][gc             ] GC(201) Pause Young (Allocation Failure) 424M->235M(487M) 63.634ms
[90.939s][info][gc,cpu         ] GC(201) User=0.08s Sys=0.02s Real=0.07s
[91.215s][info][gc,start       ] GC(202) Pause Young (Allocation Failure)
[91.279s][info][gc,heap        ] GC(202) PSYoungGen: 263680K(263680K)->5632K(267776K) Eden: 257024K(257024K)->0K(262144K) From: 6656K(6656K)->5632K(5632K)
[91.279s][info][gc,heap        ] GC(202) ParOldGen: 234975K(235008K)->257367K(257536K)
[91.279s][info][gc,metaspace   ] GC(202) Metaspace: 35052K(35776K)->35052K(35776K) NonClass: 28793K(29312K)->28793K(29312K) Class: 6259K(6464K)->6259K(6464K)
[91.279s][info][gc             ] GC(202) Pause Young (Allocation Failure) 486M->256M(513M) 64.118ms
[91.279s][info][gc,cpu         ] GC(202) User=0.11s Sys=0.01s Real=0.07s
[91.483s][info][gc,start       ] GC(203) Pause Young (Allocation Failure)
[91.516s][info][gc,heap        ] GC(203) PSYoungGen: 267776K(267776K)->17280K(284160K) Eden: 262144K(262144K)->0K(262144K) From: 5632K(5632K)->17280K(22016K)
[91.516s][info][gc,heap        ] GC(203) ParOldGen: 257367K(257536K)->258199K(258560K)
[91.516s][info][gc,metaspace   ] GC(203) Metaspace: 35052K(35776K)->35052K(35776K) NonClass: 28793K(29312K)->28793K(29312K) Class: 6259K(6464K)->6259K(6464K)
[91.516s][info][gc             ] GC(203) Pause Young (Allocation Failure) 512M->269M(530M) 33.547ms
[91.517s][info][gc,cpu         ] GC(203) User=0.06s Sys=0.00s Real=0.04s
[91.747s][info][gc,start       ] GC(204) Pause Young (Allocation Failure)
[91.748s][info][gc,heap        ] GC(204) PSYoungGen: 279424K(284160K)->64K(309760K) Eden: 262144K(262144K)->0K(284672K) From: 17280K(22016K)->64K(25088K)
[91.748s][info][gc,heap        ] GC(204) ParOldGen: 258199K(258560K)->258207K(258560K)
[91.748s][info][gc,metaspace   ] GC(204) Metaspace: 35052K(35776K)->35052K(35776K) NonClass: 28793K(29312K)->28793K(29312K) Class: 6259K(6464K)->6259K(6464K)
[91.748s][info][gc             ] GC(204) Pause Young (Allocation Failure) 525M->252M(555M) 1.172ms
[91.748s][info][gc,cpu         ] GC(204) User=0.00s Sys=0.00s Real=0.00s
[92.466s][info][gc,start       ] GC(205) Pause Young (Allocation Failure)
[92.468s][info][gc,heap        ] GC(205) PSYoungGen: 284736K(309760K)->64K(285184K) Eden: 284672K(284672K)->0K(284672K) From: 64K(25088K)->64K(512K)
[92.468s][info][gc,heap        ] GC(205) ParOldGen: 258207K(258560K)->258215K(258560K)
[92.468s][info][gc,metaspace   ] GC(205) Metaspace: 35052K(35776K)->35052K(35776K) NonClass: 28793K(29312K)->28793K(29312K) Class: 6259K(6464K)->6259K(6464K)
[92.468s][info][gc             ] GC(205) Pause Young (Allocation Failure) 530M->252M(531M) 1.228ms
[92.468s][info][gc,cpu         ] GC(205) User=0.00s Sys=0.00s Real=0.00s
[92.771s][info][gc,start       ] GC(206) Pause Young (Allocation Failure)
[92.773s][info][gc,heap        ] GC(206) PSYoungGen: 284736K(285184K)->64K(309248K) Eden: 284672K(284672K)->0K(285696K) From: 64K(512K)->64K(23552K)
[92.773s][info][gc,heap        ] GC(206) ParOldGen: 258215K(258560K)->258231K(258560K)
[92.773s][info][gc,metaspace   ] GC(206) Metaspace: 35052K(35776K)->35052K(35776K) NonClass: 28793K(29312K)->28793K(29312K) Class: 6259K(6464K)->6259K(6464K)
[92.773s][info][gc             ] GC(206) Pause Young (Allocation Failure) 530M->252M(554M) 1.346ms
[92.773s][info][gc,cpu         ] GC(206) User=0.00s Sys=0.00s Real=0.00s
[93.219s][info][gc,start       ] GC(207) Pause Young (Allocation Failure)
[93.221s][info][gc,heap        ] GC(207) PSYoungGen: 285760K(309248K)->64K(308224K) Eden: 285696K(285696K)->0K(285696K) From: 64K(23552K)->64K(22528K)
[93.221s][info][gc,heap        ] GC(207) ParOldGen: 258231K(258560K)->258247K(258560K)
[93.221s][info][gc,metaspace   ] GC(207) Metaspace: 35052K(35776K)->35052K(35776K) NonClass: 28793K(29312K)->28793K(29312K) Class: 6259K(6464K)->6259K(6464K)
[93.221s][info][gc             ] GC(207) Pause Young (Allocation Failure) 531M->252M(553M) 2.097ms
[93.221s][info][gc,cpu         ] GC(207) User=0.00s Sys=0.00s Real=0.00s
[93.455s][info][gc,start       ] GC(208) Pause Young (Allocation Failure)
[93.457s][info][gc,heap        ] GC(208) PSYoungGen: 285760K(308224K)->32K(310272K) Eden: 285696K(285696K)->0K(288768K) From: 64K(22528K)->32K(21504K)
[93.457s][info][gc,heap        ] GC(208) ParOldGen: 258247K(258560K)->258263K(258560K)
[93.457s][info][gc,metaspace   ] GC(208) Metaspace: 35052K(35776K)->35052K(35776K) NonClass: 28793K(29312K)->28793K(29312K) Class: 6259K(6464K)->6259K(6464K)
[93.457s][info][gc             ] GC(208) Pause Young (Allocation Failure) 531M->252M(555M) 2.465ms
[93.457s][info][gc,cpu         ] GC(208) User=0.01s Sys=0.00s Real=0.01s
[93.693s][info][gc,start       ] GC(209) Pause Young (Allocation Failure)
[93.694s][info][gc,heap        ] GC(209) PSYoungGen: 288800K(310272K)->64K(309248K) Eden: 288768K(288768K)->0K(288768K) From: 32K(21504K)->64K(20480K)
[93.694s][info][gc,heap        ] GC(209) ParOldGen: 258263K(258560K)->258263K(258560K)
[93.694s][info][gc,metaspace   ] GC(209) Metaspace: 35052K(35776K)->35052K(35776K) NonClass: 28793K(29312K)->28793K(29312K) Class: 6259K(6464K)->6259K(6464K)
[93.694s][info][gc             ] GC(209) Pause Young (Allocation Failure) 534M->252M(554M) 1.372ms
[93.694s][info][gc,cpu         ] GC(209) User=0.00s Sys=0.00s Real=0.00s
[93.983s][info][gc,start       ] GC(210) Pause Young (Allocation Failure)
[93.984s][info][gc,heap        ] GC(210) PSYoungGen: 288832K(309248K)->64K(312320K) Eden: 288768K(288768K)->0K(292864K) From: 64K(20480K)->64K(19456K)
[93.984s][info][gc,heap        ] GC(210) ParOldGen: 258263K(258560K)->258263K(258560K)
[93.984s][info][gc,metaspace   ] GC(210) Metaspace: 35052K(35776K)->35052K(35776K) NonClass: 28793K(29312K)->28793K(29312K) Class: 6259K(6464K)->6259K(6464K)
[93.984s][info][gc             ] GC(210) Pause Young (Allocation Failure) 534M->252M(557M) 1.726ms
[93.984s][info][gc,cpu         ] GC(210) User=0.00s Sys=0.00s Real=0.00s
[94.040s][info][gc,start       ] GC(211) Pause Young (Allocation Failure)
[94.041s][info][gc,heap        ] GC(211) PSYoungGen: 292928K(312320K)->64K(311808K) Eden: 292864K(292864K)->0K(292864K) From: 64K(19456K)->64K(18944K)
[94.041s][info][gc,heap        ] GC(211) ParOldGen: 258263K(258560K)->258279K(258560K)
[94.041s][info][gc,metaspace   ] GC(211) Metaspace: 35052K(35776K)->35052K(35776K) NonClass: 28793K(29312K)->28793K(29312K) Class: 6259K(6464K)->6259K(6464K)
[94.041s][info][gc             ] GC(211) Pause Young (Allocation Failure) 538M->252M(557M) 1.176ms
[94.041s][info][gc,cpu         ] GC(211) User=0.00s Sys=0.00s Real=0.00s
[94.123s][info][gc,start       ] GC(212) Pause Young (Allocation Failure)
[94.124s][info][gc,heap        ] GC(212) PSYoungGen: 292928K(311808K)->64K(313856K) Eden: 292864K(292864K)->0K(296448K) From: 64K(18944K)->64K(17408K)
[94.124s][info][gc,heap        ] GC(212) ParOldGen: 258279K(258560K)->258279K(258560K)
[94.124s][info][gc,metaspace   ] GC(212) Metaspace: 35052K(35776K)->35052K(35776K) NonClass: 28793K(29312K)->28793K(29312K) Class: 6259K(6464K)->6259K(6464K)
[94.124s][info][gc             ] GC(212) Pause Young (Allocation Failure) 538M->252M(559M) 1.284ms
[94.124s][info][gc,cpu         ] GC(212) User=0.00s Sys=0.00s Real=0.00s
[94.357s][info][gc,start       ] GC(213) Pause Young (Allocation Failure)
[94.358s][info][gc,heap        ] GC(213) PSYoungGen: 296512K(313856K)->64K(313344K) Eden: 296448K(296448K)->0K(296448K) From: 64K(17408K)->64K(16896K)
[94.358s][info][gc,heap        ] GC(213) ParOldGen: 258279K(258560K)->258295K(258560K)
[94.358s][info][gc,metaspace   ] GC(213) Metaspace: 35052K(35776K)->35052K(35776K) NonClass: 28793K(29312K)->28793K(29312K) Class: 6259K(6464K)->6259K(6464K)
[94.358s][info][gc             ] GC(213) Pause Young (Allocation Failure) 541M->252M(558M) 1.224ms
[94.358s][info][gc,cpu         ] GC(213) User=0.00s Sys=0.00s Real=0.00s
[94.563s][info][gc,start       ] GC(214) Pause Young (Allocation Failure)
[94.564s][info][gc,heap        ] GC(214) PSYoungGen: 296512K(313344K)->64K(315904K) Eden: 296448K(296448K)->0K(300544K) From: 64K(16896K)->64K(15360K)
[94.564s][info][gc,heap        ] GC(214) ParOldGen: 258295K(258560K)->258295K(258560K)
[94.564s][info][gc,metaspace   ] GC(214) Metaspace: 35052K(35776K)->35052K(35776K) NonClass: 28793K(29312K)->28793K(29312K) Class: 6259K(6464K)->6259K(6464K)
[94.564s][info][gc             ] GC(214) Pause Young (Allocation Failure) 541M->252M(561M) 1.257ms
[94.564s][info][gc,cpu         ] GC(214) User=0.00s Sys=0.00s Real=0.00s
[94.648s][info][gc,start       ] GC(215) Pause Young (Allocation Failure)
[94.649s][info][gc,heap        ] GC(215) PSYoungGen: 300608K(315904K)->64K(315392K) Eden: 300544K(300544K)->0K(300544K) From: 64K(15360K)->64K(14848K)
[94.649s][info][gc,heap        ] GC(215) ParOldGen: 258295K(258560K)->258311K(258560K)
[94.649s][info][gc,metaspace   ] GC(215) Metaspace: 35052K(35776K)->35052K(35776K) NonClass: 28793K(29312K)->28793K(29312K) Class: 6259K(6464K)->6259K(6464K)
[94.649s][info][gc             ] GC(215) Pause Young (Allocation Failure) 545M->252M(560M) 1.234ms
[94.649s][info][gc,cpu         ] GC(215) User=0.00s Sys=0.00s Real=0.00s
[94.785s][info][gc,start       ] GC(216) Pause Young (Allocation Failure)
[94.787s][info][gc,heap        ] GC(216) PSYoungGen: 300608K(315392K)->64K(317952K) Eden: 300544K(300544K)->0K(304128K) From: 64K(14848K)->64K(13824K)
[94.787s][info][gc,heap        ] GC(216) ParOldGen: 258311K(258560K)->258311K(258560K)
[94.787s][info][gc,metaspace   ] GC(216) Metaspace: 35052K(35776K)->35052K(35776K) NonClass: 28793K(29312K)->28793K(29312K) Class: 6259K(6464K)->6259K(6464K)
[94.787s][info][gc             ] GC(216) Pause Young (Allocation Failure) 545M->252M(563M) 2.165ms
[94.787s][info][gc,cpu         ] GC(216) User=0.00s Sys=0.00s Real=0.01s
[95.201s][info][gc,start       ] GC(217) Pause Young (Allocation Failure)
[95.203s][info][gc,heap        ] GC(217) PSYoungGen: 304192K(317952K)->32K(317440K) Eden: 304128K(304128K)->0K(304128K) From: 64K(13824K)->32K(13312K)
[95.203s][info][gc,heap        ] GC(217) ParOldGen: 258311K(258560K)->258327K(258560K)
[95.203s][info][gc,metaspace   ] GC(217) Metaspace: 35052K(35776K)->35052K(35776K) NonClass: 28793K(29312K)->28793K(29312K) Class: 6259K(6464K)->6259K(6464K)
[95.203s][info][gc             ] GC(217) Pause Young (Allocation Failure) 549M->252M(562M) 2.104ms
[95.203s][info][gc,cpu         ] GC(217) User=0.01s Sys=0.00s Real=0.00s
[95.903s][info][gc,start       ] GC(218) Pause Young (Allocation Failure)
[95.905s][info][gc,heap        ] GC(218) PSYoungGen: 304160K(317440K)->67K(292352K) Eden: 304128K(304128K)->0K(291840K) From: 32K(13312K)->67K(512K)
[95.905s][info][gc,heap        ] GC(218) ParOldGen: 258327K(258560K)->258335K(258560K)
[95.905s][info][gc,metaspace   ] GC(218) Metaspace: 35052K(35776K)->35052K(35776K) NonClass: 28793K(29312K)->28793K(29312K) Class: 6259K(6464K)->6259K(6464K)
[95.906s][info][gc             ] GC(218) Pause Young (Allocation Failure) 549M->252M(538M) 2.251ms
[95.906s][info][gc,cpu         ] GC(218) User=0.00s Sys=0.00s Real=0.00s
[96.911s][info][gc,start       ] GC(219) Pause Young (Allocation Failure)
[96.913s][info][gc,heap        ] GC(219) PSYoungGen: 291907K(292352K)->32K(291328K) Eden: 291840K(291840K)->0K(280064K) From: 67K(512K)->32K(11264K)
[96.913s][info][gc,heap        ] GC(219) ParOldGen: 258335K(258560K)->258343K(258560K)
[96.913s][info][gc,metaspace   ] GC(219) Metaspace: 35052K(35776K)->35052K(35776K) NonClass: 28793K(29312K)->28793K(29312K) Class: 6259K(6464K)->6259K(6464K)
[96.913s][info][gc             ] GC(219) Pause Young (Allocation Failure) 537M->252M(537M) 2.636ms
[96.913s][info][gc,cpu         ] GC(219) User=0.00s Sys=0.00s Real=0.00s
[97.416s][info][gc,start       ] GC(220) Pause Young (Allocation Failure)
[97.417s][info][gc,heap        ] GC(220) PSYoungGen: 280096K(291328K)->64K(269312K) Eden: 280064K(280064K)->0K(268800K) From: 32K(11264K)->64K(512K)
[97.417s][info][gc,heap        ] GC(220) ParOldGen: 258343K(258560K)->258351K(258560K)
[97.417s][info][gc,metaspace   ] GC(220) Metaspace: 35064K(35776K)->35064K(35776K) NonClass: 28805K(29312K)->28805K(29312K) Class: 6259K(6464K)->6259K(6464K)
[97.417s][info][gc             ] GC(220) Pause Young (Allocation Failure) 525M->252M(515M) 1.814ms
[97.417s][info][gc,cpu         ] GC(220) User=0.01s Sys=0.00s Real=0.01s
[98.472s][info][gc,start       ] GC(221) Pause Young (Allocation Failure)
[98.473s][info][gc,heap        ] GC(221) PSYoungGen: 268864K(269312K)->64K(268288K) Eden: 268800K(268800K)->0K(258048K) From: 64K(512K)->64K(10240K)
[98.474s][info][gc,heap        ] GC(221) ParOldGen: 258351K(258560K)->258359K(258560K)
[98.474s][info][gc,metaspace   ] GC(221) Metaspace: 35064K(35776K)->35064K(35776K) NonClass: 28805K(29312K)->28805K(29312K) Class: 6259K(6464K)->6259K(6464K)
[98.474s][info][gc             ] GC(221) Pause Young (Allocation Failure) 514M->252M(514M) 1.204ms
[98.474s][info][gc,cpu         ] GC(221) User=0.00s Sys=0.00s Real=0.00s
[98.950s][info][gc,start       ] GC(222) Pause Young (Allocation Failure)
[98.952s][info][gc,heap        ] GC(222) PSYoungGen: 258112K(268288K)->64K(248320K) Eden: 258048K(258048K)->0K(247808K) From: 64K(10240K)->64K(512K)
[98.952s][info][gc,heap        ] GC(222) ParOldGen: 258359K(258560K)->258375K(258560K)
[98.952s][info][gc,metaspace   ] GC(222) Metaspace: 35064K(35776K)->35064K(35776K) NonClass: 28805K(29312K)->28805K(29312K) Class: 6259K(6464K)->6259K(6464K)
[98.952s][info][gc             ] GC(222) Pause Young (Allocation Failure) 504M->252M(495M) 1.999ms
[98.952s][info][gc,cpu         ] GC(222) User=0.00s Sys=0.00s Real=0.00s
[99.163s][info][gc,start       ] GC(223) Pause Young (Allocation Failure)
[99.165s][info][gc,heap        ] GC(223) PSYoungGen: 247872K(248320K)->64K(246784K) Eden: 247808K(247808K)->0K(238080K) From: 64K(512K)->64K(8704K)
[99.165s][info][gc,heap        ] GC(223) ParOldGen: 258375K(258560K)->258383K(258560K)
[99.165s][info][gc,metaspace   ] GC(223) Metaspace: 35064K(35776K)->35064K(35776K) NonClass: 28805K(29312K)->28805K(29312K) Class: 6259K(6464K)->6259K(6464K)
[99.165s][info][gc             ] GC(223) Pause Young (Allocation Failure) 494M->252M(493M) 1.530ms
[99.165s][info][gc,cpu         ] GC(223) User=0.00s Sys=0.00s Real=0.00s
[99.250s][info][gc,start       ] GC(224) Pause Young (Allocation Failure)
[99.252s][info][gc,heap        ] GC(224) PSYoungGen: 238144K(246784K)->64K(229376K) Eden: 238080K(238080K)->0K(228864K) From: 64K(8704K)->64K(512K)
[99.252s][info][gc,heap        ] GC(224) ParOldGen: 258383K(258560K)->258391K(258560K)
[99.252s][info][gc,metaspace   ] GC(224) Metaspace: 35064K(35776K)->35064K(35776K) NonClass: 28805K(29312K)->28805K(29312K) Class: 6259K(6464K)->6259K(6464K)
[99.252s][info][gc             ] GC(224) Pause Young (Allocation Failure) 484M->252M(476M) 1.758ms
[99.252s][info][gc,cpu         ] GC(224) User=0.00s Sys=0.00s Real=0.00s
[99.818s][info][gc,start       ] GC(225) Pause Young (Allocation Failure)
[99.820s][info][gc,heap        ] GC(225) PSYoungGen: 228928K(229376K)->32K(227840K) Eden: 228864K(228864K)->0K(220160K) From: 64K(512K)->32K(7680K)
[99.820s][info][gc,heap        ] GC(225) ParOldGen: 258391K(258560K)->258399K(258560K)
[99.820s][info][gc,metaspace   ] GC(225) Metaspace: 35064K(35776K)->35064K(35776K) NonClass: 28805K(29312K)->28805K(29312K) Class: 6259K(6464K)->6259K(6464K)
[99.820s][info][gc             ] GC(225) Pause Young (Allocation Failure) 475M->252M(475M) 2.304ms
[99.820s][info][gc,cpu         ] GC(225) User=0.00s Sys=0.00s Real=0.00s
[100.124s][info][gc,start       ] GC(226) Pause Young (Allocation Failure)
[100.127s][info][gc,heap        ] GC(226) PSYoungGen: 220191K(227840K)->32K(212480K) Eden: 220159K(220160K)->0K(211968K) From: 32K(7680K)->32K(512K)
[100.127s][info][gc,heap        ] GC(226) ParOldGen: 258399K(258560K)->258407K(258560K)
[100.127s][info][gc,metaspace   ] GC(226) Metaspace: 35064K(35776K)->35064K(35776K) NonClass: 28805K(29312K)->28805K(29312K) Class: 6259K(6464K)->6259K(6464K)
[100.127s][info][gc             ] GC(226) Pause Young (Allocation Failure) 467M->252M(460M) 2.479ms
[100.127s][info][gc,cpu         ] GC(226) User=0.01s Sys=0.00s Real=0.01s
[100.461s][info][gc,start       ] GC(227) Pause Young (Allocation Failure)
[100.480s][info][gc,heap        ] GC(227) PSYoungGen: 212000K(212480K)->6656K(261120K) Eden: 211968K(211968K)->0K(254464K) From: 32K(512K)->6656K(6656K)
[100.480s][info][gc,heap        ] GC(227) ParOldGen: 258407K(258560K)->261599K(261632K)
[100.480s][info][gc,metaspace   ] GC(227) Metaspace: 35064K(35776K)->35064K(35776K) NonClass: 28805K(29312K)->28805K(29312K) Class: 6259K(6464K)->6259K(6464K)
[100.480s][info][gc             ] GC(227) Pause Young (Allocation Failure) 459M->261M(510M) 19.216ms
[100.480s][info][gc,cpu         ] GC(227) User=0.03s Sys=0.00s Real=0.02s
[100.754s][info][gc,start       ] GC(228) Pause Young (Allocation Failure)
[100.810s][info][gc,heap        ] GC(228) PSYoungGen: 261120K(261120K)->6656K(268288K) Eden: 254464K(254464K)->0K(261632K) From: 6656K(6656K)->6656K(6656K)
[100.810s][info][gc,heap        ] GC(228) ParOldGen: 261599K(261632K)->282207K(282624K)
[100.810s][info][gc,metaspace   ] GC(228) Metaspace: 35064K(35776K)->35064K(35776K) NonClass: 28805K(29312K)->28805K(29312K) Class: 6259K(6464K)->6259K(6464K)
[100.810s][info][gc             ] GC(228) Pause Young (Allocation Failure) 510M->282M(538M) 56.288ms
[100.810s][info][gc,cpu         ] GC(228) User=0.09s Sys=0.02s Real=0.06s
[101.092s][info][gc,start       ] GC(229) Pause Young (Allocation Failure)
[101.147s][info][gc,heap        ] GC(229) PSYoungGen: 268288K(268288K)->17920K(279552K) Eden: 261632K(261632K)->0K(261632K) From: 6656K(6656K)->17920K(17920K)
[101.147s][info][gc,heap        ] GC(229) ParOldGen: 282207K(282624K)->292935K(293376K)
[101.148s][info][gc,metaspace   ] GC(229) Metaspace: 35064K(35776K)->35064K(35776K) NonClass: 28805K(29312K)->28805K(29312K) Class: 6259K(6464K)->6259K(6464K)
[101.148s][info][gc             ] GC(229) Pause Young (Allocation Failure) 537M->303M(559M) 55.856ms
[101.148s][info][gc,cpu         ] GC(229) User=0.11s Sys=0.01s Real=0.06s
[101.253s][info][gc,start       ] GC(230) Pause Young (Allocation Failure)
[101.265s][info][gc,heap        ] GC(230) PSYoungGen: 279552K(279552K)->4128K(309248K) Eden: 261632K(261632K)->0K(283648K) From: 17920K(17920K)->4128K(25600K)
[101.265s][info][gc,heap        ] GC(230) ParOldGen: 292935K(293376K)->293319K(293376K)
[101.265s][info][gc,metaspace   ] GC(230) Metaspace: 35064K(35776K)->35064K(35776K) NonClass: 28805K(29312K)->28805K(29312K) Class: 6259K(6464K)->6259K(6464K)
[101.265s][info][gc             ] GC(230) Pause Young (Allocation Failure) 559M->290M(588M) 12.261ms
[101.265s][info][gc,cpu         ] GC(230) User=0.02s Sys=0.00s Real=0.01s
[101.849s][info][gc,start       ] GC(231) Pause Young (Allocation Failure)
[101.850s][info][gc,heap        ] GC(231) PSYoungGen: 287776K(309248K)->64K(284160K) Eden: 283648K(283648K)->0K(283648K) From: 4128K(25600K)->64K(512K)
[101.850s][info][gc,heap        ] GC(231) ParOldGen: 293319K(293376K)->293327K(293376K)
[101.850s][info][gc,metaspace   ] GC(231) Metaspace: 35064K(35776K)->35064K(35776K) NonClass: 28805K(29312K)->28805K(29312K) Class: 6259K(6464K)->6259K(6464K)
[101.850s][info][gc             ] GC(231) Pause Young (Allocation Failure) 567M->286M(564M) 1.371ms
[101.850s][info][gc,cpu         ] GC(231) User=0.00s Sys=0.00s Real=0.00s
[102.376s][info][gc,start       ] GC(232) Pause Young (Allocation Failure)
[102.378s][info][gc,heap        ] GC(232) PSYoungGen: 283712K(284160K)->64K(307712K) Eden: 283648K(283648K)->0K(284160K) From: 64K(512K)->64K(23552K)
[102.378s][info][gc,heap        ] GC(232) ParOldGen: 293327K(293376K)->293335K(293376K)
[102.378s][info][gc,metaspace   ] GC(232) Metaspace: 35065K(35776K)->35065K(35776K) NonClass: 28806K(29312K)->28806K(29312K) Class: 6259K(6464K)->6259K(6464K)
[102.378s][info][gc             ] GC(232) Pause Young (Allocation Failure) 563M->286M(587M) 2.367ms
[102.378s][info][gc,cpu         ] GC(232) User=0.01s Sys=0.00s Real=0.01s
[102.821s][info][gc,start       ] GC(233) Pause Young (Allocation Failure)
[102.823s][info][gc,heap        ] GC(233) PSYoungGen: 284224K(307712K)->32K(307200K) Eden: 284160K(284160K)->0K(284160K) From: 64K(23552K)->32K(23040K)
[102.823s][info][gc,heap        ] GC(233) ParOldGen: 293335K(293376K)->293343K(293376K)
[102.823s][info][gc,metaspace   ] GC(233) Metaspace: 35065K(35776K)->35065K(35776K) NonClass: 28806K(29312K)->28806K(29312K) Class: 6259K(6464K)->6259K(6464K)
[102.823s][info][gc             ] GC(233) Pause Young (Allocation Failure) 564M->286M(586M) 2.141ms
[102.823s][info][gc,cpu         ] GC(233) User=0.01s Sys=0.00s Real=0.00s
[103.065s][info][gc,start       ] GC(234) Pause Young (Allocation Failure)
[103.067s][info][gc,heap        ] GC(234) PSYoungGen: 284192K(307200K)->64K(309760K) Eden: 284160K(284160K)->0K(288256K) From: 32K(23040K)->64K(21504K)
[103.067s][info][gc,heap        ] GC(234) ParOldGen: 293343K(293376K)->293359K(293376K)
[103.067s][info][gc,metaspace   ] GC(234) Metaspace: 35065K(35776K)->35065K(35776K) NonClass: 28806K(29312K)->28806K(29312K) Class: 6259K(6464K)->6259K(6464K)
[103.067s][info][gc             ] GC(234) Pause Young (Allocation Failure) 563M->286M(589M) 1.631ms
[103.067s][info][gc,cpu         ] GC(234) User=0.00s Sys=0.00s Real=0.01s
[103.300s][info][gc,start       ] GC(235) Pause Young (Allocation Failure)
[103.301s][info][gc,heap        ] GC(235) PSYoungGen: 288320K(309760K)->64K(309248K) Eden: 288256K(288256K)->0K(288256K) From: 64K(21504K)->64K(20992K)
[103.301s][info][gc,heap        ] GC(235) ParOldGen: 293359K(293376K)->293359K(293376K)
[103.301s][info][gc,metaspace   ] GC(235) Metaspace: 35065K(35776K)->35065K(35776K) NonClass: 28806K(29312K)->28806K(29312K) Class: 6259K(6464K)->6259K(6464K)
[103.301s][info][gc             ] GC(235) Pause Young (Allocation Failure) 568M->286M(588M) 1.351ms
[103.301s][info][gc,cpu         ] GC(235) User=0.00s Sys=0.00s Real=0.00s
[103.659s][info][gc,start       ] GC(236) Pause Young (Allocation Failure)
[103.661s][info][gc,heap        ] GC(236) PSYoungGen: 288320K(309248K)->64K(311808K) Eden: 288256K(288256K)->0K(292352K) From: 64K(20992K)->64K(19456K)
[103.661s][info][gc,heap        ] GC(236) ParOldGen: 293359K(293376K)->293359K(293376K)
[103.661s][info][gc,metaspace   ] GC(236) Metaspace: 35065K(35776K)->35065K(35776K) NonClass: 28806K(29312K)->28806K(29312K) Class: 6259K(6464K)->6259K(6464K)
[103.661s][info][gc             ] GC(236) Pause Young (Allocation Failure) 568M->286M(591M) 1.800ms
[103.661s][info][gc,cpu         ] GC(236) User=0.00s Sys=0.00s Real=0.00s
[103.731s][info][gc,start       ] GC(237) Pause Young (Allocation Failure)
[103.732s][info][gc,heap        ] GC(237) PSYoungGen: 292416K(311808K)->64K(311296K) Eden: 292352K(292352K)->0K(292352K) From: 64K(19456K)->64K(18944K)
[103.732s][info][gc,heap        ] GC(237) ParOldGen: 293359K(293376K)->293367K(293376K)
[103.732s][info][gc,metaspace   ] GC(237) Metaspace: 35065K(35776K)->35065K(35776K) NonClass: 28806K(29312K)->28806K(29312K) Class: 6259K(6464K)->6259K(6464K)
[103.732s][info][gc             ] GC(237) Pause Young (Allocation Failure) 572M->286M(590M) 1.320ms
[103.732s][info][gc,cpu         ] GC(237) User=0.00s Sys=0.00s Real=0.00s
[103.786s][info][gc,start       ] GC(238) Pause Young (Allocation Failure)
[103.788s][info][gc,heap        ] GC(238) PSYoungGen: 292416K(311296K)->64K(313856K) Eden: 292352K(292352K)->0K(296448K) From: 64K(18944K)->64K(17408K)
[103.788s][info][gc,heap        ] GC(238) ParOldGen: 293367K(293376K)->293383K(293888K)
[103.788s][info][gc,metaspace   ] GC(238) Metaspace: 35065K(35776K)->35065K(35776K) NonClass: 28806K(29312K)->28806K(29312K) Class: 6259K(6464K)->6259K(6464K)
[103.788s][info][gc             ] GC(238) Pause Young (Allocation Failure) 572M->286M(593M) 1.310ms
[103.788s][info][gc,cpu         ] GC(238) User=0.01s Sys=0.00s Real=0.00s
[103.964s][info][gc,start       ] GC(239) Pause Young (Allocation Failure)
[103.965s][info][gc,heap        ] GC(239) PSYoungGen: 296512K(313856K)->64K(313344K) Eden: 296448K(296448K)->0K(296448K) From: 64K(17408K)->64K(16896K)
[103.965s][info][gc,heap        ] GC(239) ParOldGen: 293383K(293888K)->293383K(293888K)
[103.965s][info][gc,metaspace   ] GC(239) Metaspace: 35065K(35776K)->35065K(35776K) NonClass: 28806K(29312K)->28806K(29312K) Class: 6259K(6464K)->6259K(6464K)
[103.965s][info][gc             ] GC(239) Pause Young (Allocation Failure) 576M->286M(593M) 1.288ms
[103.965s][info][gc,cpu         ] GC(239) User=0.00s Sys=0.00s Real=0.00s
[104.189s][info][gc,start       ] GC(240) Pause Young (Allocation Failure)
[104.191s][info][gc,heap        ] GC(240) PSYoungGen: 296512K(313344K)->64K(315904K) Eden: 296448K(296448K)->0K(300544K) From: 64K(16896K)->64K(15360K)
[104.191s][info][gc,heap        ] GC(240) ParOldGen: 293383K(293888K)->293391K(293888K)
[104.191s][info][gc,metaspace   ] GC(240) Metaspace: 35065K(35776K)->35065K(35776K) NonClass: 28806K(29312K)->28806K(29312K) Class: 6259K(6464K)->6259K(6464K)
[104.191s][info][gc             ] GC(240) Pause Young (Allocation Failure) 576M->286M(595M) 2.399ms
[104.191s][info][gc,cpu         ] GC(240) User=0.01s Sys=0.00s Real=0.00s
[104.330s][info][gc,start       ] GC(241) Pause Young (Allocation Failure)
[104.332s][info][gc,heap        ] GC(241) PSYoungGen: 300608K(315904K)->64K(315904K) Eden: 300544K(300544K)->0K(300544K) From: 64K(15360K)->64K(15360K)
[104.332s][info][gc,heap        ] GC(241) ParOldGen: 293391K(293888K)->293407K(293888K)
[104.332s][info][gc,metaspace   ] GC(241) Metaspace: 35065K(35776K)->35065K(35776K) NonClass: 28806K(29312K)->28806K(29312K) Class: 6259K(6464K)->6259K(6464K)
[104.332s][info][gc             ] GC(241) Pause Young (Allocation Failure) 580M->286M(595M) 2.305ms
[104.332s][info][gc,cpu         ] GC(241) User=0.01s Sys=0.00s Real=0.00s
[104.420s][info][gc,start       ] GC(242) Pause Young (Allocation Failure)
[104.422s][info][gc,heap        ] GC(242) PSYoungGen: 300608K(315904K)->64K(317440K) Eden: 300544K(300544K)->0K(304128K) From: 64K(15360K)->64K(13312K)
[104.422s][info][gc,heap        ] GC(242) ParOldGen: 293407K(293888K)->293415K(293888K)
[104.422s][info][gc,metaspace   ] GC(242) Metaspace: 35065K(35776K)->35065K(35776K) NonClass: 28806K(29312K)->28806K(29312K) Class: 6259K(6464K)->6259K(6464K)
[104.422s][info][gc             ] GC(242) Pause Young (Allocation Failure) 580M->286M(597M) 1.781ms
[104.422s][info][gc,cpu         ] GC(242) User=0.01s Sys=0.00s Real=0.00s
[104.606s][info][gc,start       ] GC(243) Pause Young (Allocation Failure)
[104.608s][info][gc,heap        ] GC(243) PSYoungGen: 304192K(317440K)->64K(317440K) Eden: 304128K(304128K)->0K(304128K) From: 64K(13312K)->64K(13312K)
[104.608s][info][gc,heap        ] GC(243) ParOldGen: 293415K(293888K)->293423K(293888K)
[104.608s][info][gc,metaspace   ] GC(243) Metaspace: 35065K(35776K)->35065K(35776K) NonClass: 28806K(29312K)->28806K(29312K) Class: 6259K(6464K)->6259K(6464K)
[104.608s][info][gc             ] GC(243) Pause Young (Allocation Failure) 583M->286M(597M) 1.414ms
[104.608s][info][gc,cpu         ] GC(243) User=0.00s Sys=0.00s Real=0.00s
[105.573s][info][gc,start       ] GC(244) Pause Young (Allocation Failure)
[105.575s][info][gc,heap        ] GC(244) PSYoungGen: 304192K(317440K)->64K(318976K) Eden: 304128K(304128K)->0K(307712K) From: 64K(13312K)->64K(11264K)
[105.575s][info][gc,heap        ] GC(244) ParOldGen: 293423K(293888K)->293431K(293888K)
[105.575s][info][gc,metaspace   ] GC(244) Metaspace: 35065K(35776K)->35065K(35776K) NonClass: 28806K(29312K)->28806K(29312K) Class: 6259K(6464K)->6259K(6464K)
[105.575s][info][gc             ] GC(244) Pause Young (Allocation Failure) 583M->286M(598M) 1.406ms
[105.575s][info][gc,cpu         ] GC(244) User=0.01s Sys=0.00s Real=0.00s
[106.492s][info][gc,start       ] GC(245) Pause Young (Allocation Failure)
[106.494s][info][gc,heap        ] GC(245) PSYoungGen: 307776K(318976K)->64K(295936K) Eden: 307712K(307712K)->0K(295424K) From: 64K(11264K)->64K(512K)
[106.494s][info][gc,heap        ] GC(245) ParOldGen: 293431K(293888K)->293439K(293888K)
[106.494s][info][gc,metaspace   ] GC(245) Metaspace: 35065K(35776K)->35065K(35776K) NonClass: 28806K(29312K)->28806K(29312K) Class: 6259K(6464K)->6259K(6464K)
[106.494s][info][gc             ] GC(245) Pause Young (Allocation Failure) 587M->286M(576M) 1.334ms
[106.494s][info][gc,cpu         ] GC(245) User=0.00s Sys=0.00s Real=0.00s
[106.864s][info][gc,start       ] GC(246) Pause Young (Allocation Failure)
[106.866s][info][gc,heap        ] GC(246) PSYoungGen: 295488K(295936K)->64K(284160K) Eden: 295424K(295424K)->0K(283648K) From: 64K(512K)->64K(512K)
[106.866s][info][gc,heap        ] GC(246) ParOldGen: 293439K(293888K)->293447K(293888K)
[106.866s][info][gc,metaspace   ] GC(246) Metaspace: 35065K(35776K)->35065K(35776K) NonClass: 28806K(29312K)->28806K(29312K) Class: 6259K(6464K)->6259K(6464K)
[106.866s][info][gc             ] GC(246) Pause Young (Allocation Failure) 575M->286M(564M) 1.526ms
[106.866s][info][gc,cpu         ] GC(246) User=0.00s Sys=0.00s Real=0.01s
[107.290s][info][gc,start       ] GC(247) Pause Young (Allocation Failure)
[107.292s][info][gc,heap        ] GC(247) PSYoungGen: 283712K(284160K)->64K(282624K) Eden: 283648K(283648K)->0K(272384K) From: 64K(512K)->64K(10240K)
[107.292s][info][gc,heap        ] GC(247) ParOldGen: 293447K(293888K)->293463K(293888K)
[107.292s][info][gc,metaspace   ] GC(247) Metaspace: 35065K(35776K)->35065K(35776K) NonClass: 28806K(29312K)->28806K(29312K) Class: 6259K(6464K)->6259K(6464K)
[107.292s][info][gc             ] GC(247) Pause Young (Allocation Failure) 563M->286M(563M) 1.853ms
[107.292s][info][gc,cpu         ] GC(247) User=0.00s Sys=0.00s Real=0.00s
[108.304s][info][gc,start       ] GC(248) Pause Young (Allocation Failure)
[108.307s][info][gc,heap        ] GC(248) PSYoungGen: 272448K(282624K)->64K(262144K) Eden: 272384K(272384K)->0K(261632K) From: 64K(10240K)->64K(512K)
[108.307s][info][gc,heap        ] GC(248) ParOldGen: 293463K(293888K)->293471K(293888K)
[108.307s][info][gc,metaspace   ] GC(248) Metaspace: 35065K(35776K)->35065K(35776K) NonClass: 28806K(29312K)->28806K(29312K) Class: 6259K(6464K)->6259K(6464K)
[108.307s][info][gc             ] GC(248) Pause Young (Allocation Failure) 552M->286M(543M) 2.779ms
[108.307s][info][gc,cpu         ] GC(248) User=0.01s Sys=0.00s Real=0.01s
[108.727s][info][gc,start       ] GC(249) Pause Young (Allocation Failure)
[108.728s][info][gc,heap        ] GC(249) PSYoungGen: 261696K(262144K)->64K(260608K) Eden: 261632K(261632K)->0K(251392K) From: 64K(512K)->64K(9216K)
[108.728s][info][gc,heap        ] GC(249) ParOldGen: 293471K(293888K)->293479K(293888K)
[108.728s][info][gc,metaspace   ] GC(249) Metaspace: 35065K(35776K)->35065K(35776K) NonClass: 28806K(29312K)->28806K(29312K) Class: 6259K(6464K)->6259K(6464K)
[108.728s][info][gc             ] GC(249) Pause Young (Allocation Failure) 542M->286M(541M) 1.280ms
[108.728s][info][gc,cpu         ] GC(249) User=0.00s Sys=0.00s Real=0.00s
[108.811s][info][gc,start       ] GC(250) Pause Young (Allocation Failure)
[108.813s][info][gc,heap        ] GC(250) PSYoungGen: 251456K(260608K)->64K(242176K) Eden: 251392K(251392K)->0K(241664K) From: 64K(9216K)->64K(512K)
[108.813s][info][gc,heap        ] GC(250) ParOldGen: 293479K(293888K)->293487K(293888K)
[108.813s][info][gc,metaspace   ] GC(250) Metaspace: 35065K(35776K)->35065K(35776K) NonClass: 28806K(29312K)->28806K(29312K) Class: 6259K(6464K)->6259K(6464K)
[108.813s][info][gc             ] GC(250) Pause Young (Allocation Failure) 532M->286M(523M) 1.827ms
[108.813s][info][gc,cpu         ] GC(250) User=0.00s Sys=0.00s Real=0.00s
[109.299s][info][gc,start       ] GC(251) Pause Young (Allocation Failure)
[109.301s][info][gc,heap        ] GC(251) PSYoungGen: 241728K(242176K)->64K(240128K) Eden: 241664K(241664K)->0K(232448K) From: 64K(512K)->64K(7680K)
[109.301s][info][gc,heap        ] GC(251) ParOldGen: 293487K(293888K)->293495K(293888K)
[109.301s][info][gc,metaspace   ] GC(251) Metaspace: 35065K(35776K)->35065K(35776K) NonClass: 28806K(29312K)->28806K(29312K) Class: 6259K(6464K)->6259K(6464K)
[109.301s][info][gc             ] GC(251) Pause Young (Allocation Failure) 522M->286M(521M) 2.431ms
[109.301s][info][gc,cpu         ] GC(251) User=0.00s Sys=0.00s Real=0.00s
[109.665s][info][gc,start       ] GC(252) Pause Young (Allocation Failure)
[109.667s][info][gc,heap        ] GC(252) PSYoungGen: 232512K(240128K)->64K(224256K) Eden: 232448K(232448K)->0K(223744K) From: 64K(7680K)->64K(512K)
[109.667s][info][gc,heap        ] GC(252) ParOldGen: 293495K(293888K)->293503K(293888K)
[109.667s][info][gc,metaspace   ] GC(252) Metaspace: 35065K(35776K)->35065K(35776K) NonClass: 28806K(29312K)->28806K(29312K) Class: 6259K(6464K)->6259K(6464K)
[109.667s][info][gc             ] GC(252) Pause Young (Allocation Failure) 513M->286M(506M) 2.091ms
[109.667s][info][gc,cpu         ] GC(252) User=0.00s Sys=0.00s Real=0.01s
[110.034s][info][gc,start       ] GC(253) Pause Young (Allocation Failure)
[110.048s][info][gc,heap        ] GC(253) PSYoungGen: 223808K(224256K)->6656K(275456K) Eden: 223744K(223744K)->0K(268800K) From: 64K(512K)->6656K(6656K)
[110.048s][info][gc,heap        ] GC(253) ParOldGen: 293503K(293888K)->294711K(294912K)
[110.048s][info][gc,metaspace   ] GC(253) Metaspace: 35065K(35776K)->35065K(35776K) NonClass: 28806K(29312K)->28806K(29312K) Class: 6259K(6464K)->6259K(6464K)
[110.048s][info][gc             ] GC(253) Pause Young (Allocation Failure) 505M->294M(557M) 13.622ms
[110.048s][info][gc,cpu         ] GC(253) User=0.02s Sys=0.00s Real=0.02s
[110.336s][info][gc,start       ] GC(254) Pause Young (Allocation Failure)
[110.394s][info][gc,heap        ] GC(254) PSYoungGen: 275456K(275456K)->6656K(267776K) Eden: 268800K(268800K)->0K(261120K) From: 6656K(6656K)->6656K(6656K)
[110.395s][info][gc,heap        ] GC(254) ParOldGen: 294711K(294912K)->316775K(316928K)
[110.395s][info][gc,metaspace   ] GC(254) Metaspace: 35065K(35776K)->35065K(35776K) NonClass: 28806K(29312K)->28806K(29312K) Class: 6259K(6464K)->6259K(6464K)
[110.395s][info][gc             ] GC(254) Pause Young (Allocation Failure) 556M->315M(571M) 58.394ms
[110.395s][info][gc,cpu         ] GC(254) User=0.10s Sys=0.02s Real=0.05s
[110.676s][info][gc,start       ] GC(255) Pause Young (Allocation Failure)
[110.730s][info][gc,heap        ] GC(255) PSYoungGen: 267776K(267776K)->18432K(279552K) Eden: 261120K(261120K)->0K(261120K) From: 6656K(6656K)->18432K(18432K)
[110.730s][info][gc,heap        ] GC(255) ParOldGen: 316775K(316928K)->326991K(327168K)
[110.730s][info][gc,metaspace   ] GC(255) Metaspace: 35065K(35776K)->35065K(35776K) NonClass: 28806K(29312K)->28806K(29312K) Class: 6259K(6464K)->6259K(6464K)
[110.730s][info][gc             ] GC(255) Pause Young (Allocation Failure) 570M->337M(592M) 54.500ms
[110.731s][info][gc,cpu         ] GC(255) User=0.10s Sys=0.01s Real=0.05s
[110.836s][info][gc,start       ] GC(256) Pause Young (Allocation Failure)
[110.849s][info][gc,heap        ] GC(256) PSYoungGen: 279552K(279552K)->4640K(309248K) Eden: 261120K(261120K)->0K(283136K) From: 18432K(18432K)->4640K(26112K)
[110.849s][info][gc,heap        ] GC(256) ParOldGen: 326991K(327168K)->327351K(327680K)
[110.849s][info][gc,metaspace   ] GC(256) Metaspace: 35065K(35776K)->35065K(35776K) NonClass: 28806K(29312K)->28806K(29312K) Class: 6259K(6464K)->6259K(6464K)
[110.849s][info][gc             ] GC(256) Pause Young (Allocation Failure) 592M->324M(622M) 13.120ms
[110.849s][info][gc,cpu         ] GC(256) User=0.02s Sys=0.00s Real=0.01s
[111.398s][info][gc,start       ] GC(257) Pause Young (Allocation Failure)
[111.400s][info][gc,heap        ] GC(257) PSYoungGen: 287776K(309248K)->64K(283648K) Eden: 283136K(283136K)->0K(283136K) From: 4640K(26112K)->64K(512K)
[111.400s][info][gc,heap        ] GC(257) ParOldGen: 327351K(327680K)->327359K(327680K)
[111.400s][info][gc,metaspace   ] GC(257) Metaspace: 35065K(35776K)->35065K(35776K) NonClass: 28806K(29312K)->28806K(29312K) Class: 6259K(6464K)->6259K(6464K)
[111.400s][info][gc             ] GC(257) Pause Young (Allocation Failure) 600M->319M(597M) 1.438ms
[111.400s][info][gc,cpu         ] GC(257) User=0.00s Sys=0.00s Real=0.00s
[111.918s][info][gc,start       ] GC(258) Pause Young (Allocation Failure)
[111.919s][info][gc,heap        ] GC(258) PSYoungGen: 283200K(283648K)->64K(307200K) Eden: 283136K(283136K)->0K(283648K) From: 64K(512K)->64K(23552K)
[111.919s][info][gc,heap        ] GC(258) ParOldGen: 327359K(327680K)->327367K(327680K)
[111.919s][info][gc,metaspace   ] GC(258) Metaspace: 35065K(35776K)->35065K(35776K) NonClass: 28806K(29312K)->28806K(29312K) Class: 6259K(6464K)->6259K(6464K)
[111.919s][info][gc             ] GC(258) Pause Young (Allocation Failure) 596M->319M(620M) 1.420ms
[111.919s][info][gc,cpu         ] GC(258) User=0.00s Sys=0.00s Real=0.00s
[112.361s][info][gc,start       ] GC(259) Pause Young (Allocation Failure)
[112.362s][info][gc,heap        ] GC(259) PSYoungGen: 283712K(307200K)->64K(306688K) Eden: 283648K(283648K)->0K(283648K) From: 64K(23552K)->64K(23040K)
[112.362s][info][gc,heap        ] GC(259) ParOldGen: 327367K(327680K)->327383K(327680K)
[112.362s][info][gc,metaspace   ] GC(259) Metaspace: 35065K(35776K)->35065K(35776K) NonClass: 28806K(29312K)->28806K(29312K) Class: 6259K(6464K)->6259K(6464K)
[112.362s][info][gc             ] GC(259) Pause Young (Allocation Failure) 596M->319M(619M) 1.443ms
[112.362s][info][gc,cpu         ] GC(259) User=0.00s Sys=0.00s Real=0.00s
[112.586s][info][gc,start       ] GC(260) Pause Young (Allocation Failure)
[112.587s][info][gc,heap        ] GC(260) PSYoungGen: 283712K(306688K)->64K(309760K) Eden: 283648K(283648K)->0K(288256K) From: 64K(23040K)->64K(21504K)
[112.587s][info][gc,heap        ] GC(260) ParOldGen: 327383K(327680K)->327399K(327680K)
[112.587s][info][gc,metaspace   ] GC(260) Metaspace: 35065K(35776K)->35065K(35776K) NonClass: 28806K(29312K)->28806K(29312K) Class: 6259K(6464K)->6259K(6464K)
[112.587s][info][gc             ] GC(260) Pause Young (Allocation Failure) 596M->319M(622M) 1.413ms
[112.587s][info][gc,cpu         ] GC(260) User=0.00s Sys=0.00s Real=0.01s
[112.816s][info][gc,start       ] GC(261) Pause Young (Allocation Failure)
[112.817s][info][gc,heap        ] GC(261) PSYoungGen: 288320K(309760K)->32K(309248K) Eden: 288256K(288256K)->0K(288256K) From: 64K(21504K)->32K(20992K)
[112.817s][info][gc,heap        ] GC(261) ParOldGen: 327399K(327680K)->327399K(327680K)
[112.817s][info][gc,metaspace   ] GC(261) Metaspace: 35065K(35776K)->35065K(35776K) NonClass: 28806K(29312K)->28806K(29312K) Class: 6259K(6464K)->6259K(6464K)
[112.817s][info][gc             ] GC(261) Pause Young (Allocation Failure) 601M->319M(622M) 1.344ms
[112.817s][info][gc,cpu         ] GC(261) User=0.00s Sys=0.00s Real=0.00s
[113.177s][info][gc,start       ] GC(262) Pause Young (Allocation Failure)
[113.179s][info][gc,heap        ] GC(262) PSYoungGen: 288288K(309248K)->64K(311808K) Eden: 288256K(288256K)->0K(292352K) From: 32K(20992K)->64K(19456K)
[113.179s][info][gc,heap        ] GC(262) ParOldGen: 327399K(327680K)->327399K(327680K)
[113.179s][info][gc,metaspace   ] GC(262) Metaspace: 35065K(35776K)->35065K(35776K) NonClass: 28806K(29312K)->28806K(29312K) Class: 6259K(6464K)->6259K(6464K)
[113.179s][info][gc             ] GC(262) Pause Young (Allocation Failure) 601M->319M(624M) 1.400ms
[113.179s][info][gc,cpu         ] GC(262) User=0.00s Sys=0.00s Real=0.00s
[113.254s][info][gc,start       ] GC(263) Pause Young (Allocation Failure)
[113.255s][info][gc,heap        ] GC(263) PSYoungGen: 292416K(311808K)->64K(311296K) Eden: 292352K(292352K)->0K(292352K) From: 64K(19456K)->64K(18944K)
[113.255s][info][gc,heap        ] GC(263) ParOldGen: 327399K(327680K)->327407K(327680K)
[113.255s][info][gc,metaspace   ] GC(263) Metaspace: 35065K(35776K)->35065K(35776K) NonClass: 28806K(29312K)->28806K(29312K) Class: 6259K(6464K)->6259K(6464K)
[113.255s][info][gc             ] GC(263) Pause Young (Allocation Failure) 605M->319M(624M) 1.426ms
[113.255s][info][gc,cpu         ] GC(263) User=0.00s Sys=0.00s Real=0.00s
[113.308s][info][gc,start       ] GC(264) Pause Young (Allocation Failure)
[113.310s][info][gc,heap        ] GC(264) PSYoungGen: 292416K(311296K)->64K(313856K) Eden: 292352K(292352K)->0K(295936K) From: 64K(18944K)->64K(17920K)
[113.310s][info][gc,heap        ] GC(264) ParOldGen: 327407K(327680K)->327423K(327680K)
[113.310s][info][gc,metaspace   ] GC(264) Metaspace: 35065K(35776K)->35065K(35776K) NonClass: 28806K(29312K)->28806K(29312K) Class: 6259K(6464K)->6259K(6464K)
[113.310s][info][gc             ] GC(264) Pause Young (Allocation Failure) 605M->319M(626M) 1.328ms
[113.310s][info][gc,cpu         ] GC(264) User=0.00s Sys=0.00s Real=0.00s
[113.479s][info][gc,start       ] GC(265) Pause Young (Allocation Failure)
[113.481s][info][gc,heap        ] GC(265) PSYoungGen: 296000K(313856K)->64K(313344K) Eden: 295936K(295936K)->0K(295936K) From: 64K(17920K)->64K(17408K)
[113.481s][info][gc,heap        ] GC(265) ParOldGen: 327423K(327680K)->327423K(327680K)
[113.481s][info][gc,metaspace   ] GC(265) Metaspace: 35065K(35776K)->35065K(35776K) NonClass: 28806K(29312K)->28806K(29312K) Class: 6259K(6464K)->6259K(6464K)
[113.481s][info][gc             ] GC(265) Pause Young (Allocation Failure) 608M->319M(626M) 2.466ms
[113.481s][info][gc,cpu         ] GC(265) User=0.00s Sys=0.00s Real=0.00s
[113.691s][info][gc,start       ] GC(266) Pause Young (Allocation Failure)
[113.693s][info][gc,heap        ] GC(266) PSYoungGen: 296000K(313344K)->64K(315392K) Eden: 295936K(295936K)->0K(299520K) From: 64K(17408K)->64K(15872K)
[113.693s][info][gc,heap        ] GC(266) ParOldGen: 327423K(327680K)->327439K(327680K)
[113.693s][info][gc,metaspace   ] GC(266) Metaspace: 35067K(35776K)->35067K(35776K) NonClass: 28807K(29312K)->28807K(29312K) Class: 6259K(6464K)->6259K(6464K)
[113.693s][info][gc             ] GC(266) Pause Young (Allocation Failure) 608M->319M(628M) 2.420ms
[113.693s][info][gc,cpu         ] GC(266) User=0.00s Sys=0.00s Real=0.00s
[113.835s][info][gc,start       ] GC(267) Pause Young (Allocation Failure)
[113.837s][info][gc,heap        ] GC(267) PSYoungGen: 299584K(315392K)->64K(314880K) Eden: 299520K(299520K)->0K(299520K) From: 64K(15872K)->64K(15360K)
[113.837s][info][gc,heap        ] GC(267) ParOldGen: 327439K(327680K)->327447K(327680K)
[113.837s][info][gc,metaspace   ] GC(267) Metaspace: 35067K(35776K)->35067K(35776K) NonClass: 28807K(29312K)->28807K(29312K) Class: 6259K(6464K)->6259K(6464K)
[113.837s][info][gc             ] GC(267) Pause Young (Allocation Failure) 612M->319M(627M) 2.528ms
[113.837s][info][gc,cpu         ] GC(267) User=0.00s Sys=0.00s Real=0.01s
[113.921s][info][gc,start       ] GC(268) Pause Young (Allocation Failure)
[113.923s][info][gc,heap        ] GC(268) PSYoungGen: 299584K(314880K)->64K(317440K) Eden: 299520K(299520K)->0K(303616K) From: 64K(15360K)->64K(13824K)
[113.923s][info][gc,heap        ] GC(268) ParOldGen: 327447K(327680K)->327455K(327680K)
[113.923s][info][gc,metaspace   ] GC(268) Metaspace: 35067K(35776K)->35067K(35776K) NonClass: 28807K(29312K)->28807K(29312K) Class: 6259K(6464K)->6259K(6464K)
[113.923s][info][gc             ] GC(268) Pause Young (Allocation Failure) 612M->319M(630M) 1.402ms
[113.923s][info][gc,cpu         ] GC(268) User=0.00s Sys=0.00s Real=0.00s
[114.102s][info][gc,start       ] GC(269) Pause Young (Allocation Failure)
[114.104s][info][gc,heap        ] GC(269) PSYoungGen: 303680K(317440K)->64K(316928K) Eden: 303616K(303616K)->0K(303616K) From: 64K(13824K)->64K(13312K)
[114.104s][info][gc,heap        ] GC(269) ParOldGen: 327455K(327680K)->327463K(327680K)
[114.104s][info][gc,metaspace   ] GC(269) Metaspace: 35067K(35776K)->35067K(35776K) NonClass: 28807K(29312K)->28807K(29312K) Class: 6259K(6464K)->6259K(6464K)
[114.104s][info][gc             ] GC(269) Pause Young (Allocation Failure) 616M->319M(629M) 1.381ms
[114.104s][info][gc,cpu         ] GC(269) User=0.00s Sys=0.00s Real=0.00s
[115.071s][info][gc,start       ] GC(270) Pause Young (Allocation Failure)
[115.072s][info][gc,heap        ] GC(270) PSYoungGen: 303680K(316928K)->64K(319488K) Eden: 303616K(303616K)->0K(307712K) From: 64K(13312K)->64K(11776K)
[115.072s][info][gc,heap        ] GC(270) ParOldGen: 327463K(327680K)->327471K(327680K)
[115.072s][info][gc,metaspace   ] GC(270) Metaspace: 35067K(35776K)->35067K(35776K) NonClass: 28807K(29312K)->28807K(29312K) Class: 6259K(6464K)->6259K(6464K)
[115.072s][info][gc             ] GC(270) Pause Young (Allocation Failure) 616M->319M(632M) 1.468ms
[115.072s][info][gc,cpu         ] GC(270) User=0.00s Sys=0.00s Real=0.00s
[115.976s][info][gc,start       ] GC(271) Pause Young (Allocation Failure)
[115.977s][info][gc,heap        ] GC(271) PSYoungGen: 307776K(319488K)->64K(295936K) Eden: 307712K(307712K)->0K(295424K) From: 64K(11776K)->64K(512K)
[115.977s][info][gc,heap        ] GC(271) ParOldGen: 327471K(327680K)->327479K(327680K)
[115.977s][info][gc,metaspace   ] GC(271) Metaspace: 35067K(35776K)->35067K(35776K) NonClass: 28807K(29312K)->28807K(29312K) Class: 6259K(6464K)->6259K(6464K)
[115.977s][info][gc             ] GC(271) Pause Young (Allocation Failure) 620M->319M(609M) 1.448ms
[115.977s][info][gc,cpu         ] GC(271) User=0.00s Sys=0.00s Real=0.01s
[116.325s][info][gc,start       ] GC(272) Pause Young (Allocation Failure)
[116.327s][info][gc,heap        ] GC(272) PSYoungGen: 295488K(295936K)->64K(284160K) Eden: 295424K(295424K)->0K(283648K) From: 64K(512K)->64K(512K)
[116.327s][info][gc,heap        ] GC(272) ParOldGen: 327479K(327680K)->327487K(327680K)
[116.327s][info][gc,metaspace   ] GC(272) Metaspace: 35067K(35776K)->35067K(35776K) NonClass: 28807K(29312K)->28807K(29312K) Class: 6259K(6464K)->6259K(6464K)
[116.327s][info][gc             ] GC(272) Pause Young (Allocation Failure) 608M->319M(597M) 1.703ms
[116.327s][info][gc,cpu         ] GC(272) User=0.00s Sys=0.00s Real=0.01s
[116.737s][info][gc,start       ] GC(273) Pause Young (Allocation Failure)
[116.739s][info][gc,heap        ] GC(273) PSYoungGen: 283712K(284160K)->64K(282624K) Eden: 283648K(283648K)->0K(272384K) From: 64K(512K)->64K(10240K)
[116.739s][info][gc,heap        ] GC(273) ParOldGen: 327487K(327680K)->327495K(327680K)
[116.739s][info][gc,metaspace   ] GC(273) Metaspace: 35067K(35776K)->35067K(35776K) NonClass: 28807K(29312K)->28807K(29312K) Class: 6259K(6464K)->6259K(6464K)
[116.739s][info][gc             ] GC(273) Pause Young (Allocation Failure) 596M->319M(596M) 1.408ms
[116.739s][info][gc,cpu         ] GC(273) User=0.00s Sys=0.00s Real=0.00s
[117.724s][info][gc,start       ] GC(274) Pause Young (Allocation Failure)
[117.727s][info][gc,heap        ] GC(274) PSYoungGen: 272448K(282624K)->64K(262144K) Eden: 272384K(272384K)->0K(261632K) From: 64K(10240K)->64K(512K)
[117.727s][info][gc,heap        ] GC(274) ParOldGen: 327495K(327680K)->327511K(327680K)
[117.727s][info][gc,metaspace   ] GC(274) Metaspace: 35067K(35776K)->35067K(35776K) NonClass: 28807K(29312K)->28807K(29312K) Class: 6259K(6464K)->6259K(6464K)
[117.727s][info][gc             ] GC(274) Pause Young (Allocation Failure) 585M->319M(576M) 3.131ms
[117.727s][info][gc,cpu         ] GC(274) User=0.00s Sys=0.01s Real=0.01s
[118.111s][info][gc,start       ] GC(275) Pause Young (Allocation Failure)
[118.113s][info][gc,heap        ] GC(275) PSYoungGen: 261696K(262144K)->64K(260608K) Eden: 261632K(261632K)->0K(251392K) From: 64K(512K)->64K(9216K)
[118.113s][info][gc,heap        ] GC(275) ParOldGen: 327511K(327680K)->327527K(327680K)
[118.113s][info][gc,metaspace   ] GC(275) Metaspace: 35067K(35776K)->35067K(35776K) NonClass: 28807K(29312K)->28807K(29312K) Class: 6259K(6464K)->6259K(6464K)
[118.113s][info][gc             ] GC(275) Pause Young (Allocation Failure) 575M->319M(574M) 2.444ms
[118.113s][info][gc,cpu         ] GC(275) User=0.01s Sys=0.00s Real=0.00s
[118.210s][info][gc,start       ] GC(276) Pause Young (Allocation Failure)
[118.213s][info][gc,heap        ] GC(276) PSYoungGen: 251456K(260608K)->64K(242176K) Eden: 251392K(251392K)->0K(241664K) From: 64K(9216K)->64K(512K)
[118.213s][info][gc,heap        ] GC(276) ParOldGen: 327527K(327680K)->327543K(327680K)
[118.213s][info][gc,metaspace   ] GC(276) Metaspace: 35067K(35776K)->35067K(35776K) NonClass: 28807K(29312K)->28807K(29312K) Class: 6259K(6464K)->6259K(6464K)
[118.213s][info][gc             ] GC(276) Pause Young (Allocation Failure) 565M->319M(556M) 2.945ms
[118.213s][info][gc,cpu         ] GC(276) User=0.00s Sys=0.00s Real=0.00s
[118.670s][info][gc,start       ] GC(277) Pause Young (Allocation Failure)
[118.672s][info][gc,heap        ] GC(277) PSYoungGen: 241728K(242176K)->64K(240128K) Eden: 241664K(241664K)->0K(232448K) From: 64K(512K)->64K(7680K)
[118.672s][info][gc,heap        ] GC(277) ParOldGen: 327543K(327680K)->327559K(327680K)
[118.672s][info][gc,metaspace   ] GC(277) Metaspace: 35067K(35776K)->35067K(35776K) NonClass: 28807K(29312K)->28807K(29312K) Class: 6259K(6464K)->6259K(6464K)
[118.672s][info][gc             ] GC(277) Pause Young (Allocation Failure) 555M->319M(554M) 2.350ms
[118.672s][info][gc,cpu         ] GC(277) User=0.00s Sys=0.00s Real=0.00s
[119.050s][info][gc,start       ] GC(278) Pause Young (Allocation Failure)
[119.052s][info][gc,heap        ] GC(278) PSYoungGen: 232512K(240128K)->64K(224256K) Eden: 232448K(232448K)->0K(223744K) From: 64K(7680K)->64K(512K)
[119.052s][info][gc,heap        ] GC(278) ParOldGen: 327559K(327680K)->327567K(327680K)
[119.052s][info][gc,metaspace   ] GC(278) Metaspace: 35067K(35776K)->35067K(35776K) NonClass: 28807K(29312K)->28807K(29312K) Class: 6259K(6464K)->6259K(6464K)
[119.052s][info][gc             ] GC(278) Pause Young (Allocation Failure) 546M->319M(539M) 2.099ms
[119.052s][info][gc,cpu         ] GC(278) User=0.01s Sys=0.00s Real=0.00s
[119.428s][info][gc,start       ] GC(279) Pause Young (Allocation Failure)
[119.441s][info][gc,heap        ] GC(279) PSYoungGen: 223808K(224256K)->6656K(275456K) Eden: 223744K(223744K)->0K(268800K) From: 64K(512K)->6656K(6656K)
[119.441s][info][gc,heap        ] GC(279) ParOldGen: 327567K(327680K)->327623K(327680K)
[119.441s][info][gc,metaspace   ] GC(279) Metaspace: 35067K(35776K)->35067K(35776K) NonClass: 28807K(29312K)->28807K(29312K) Class: 6259K(6464K)->6259K(6464K)
[119.441s][info][gc             ] GC(279) Pause Young (Allocation Failure) 538M->326M(589M) 12.915ms
[119.441s][info][gc,cpu         ] GC(279) User=0.02s Sys=0.00s Real=0.01s
[119.734s][info][gc,start       ] GC(280) Pause Young (Allocation Failure)
[119.792s][info][gc,heap        ] GC(280) PSYoungGen: 275456K(275456K)->6656K(267776K) Eden: 268800K(268800K)->0K(261120K) From: 6656K(6656K)->6656K(6656K)
[119.792s][info][gc,heap        ] GC(280) ParOldGen: 327623K(327680K)->349647K(349696K)
[119.792s][info][gc,metaspace   ] GC(280) Metaspace: 35067K(35776K)->35067K(35776K) NonClass: 28807K(29312K)->28807K(29312K) Class: 6259K(6464K)->6259K(6464K)
[119.793s][info][gc             ] GC(280) Pause Young (Allocation Failure) 588M->347M(603M) 58.949ms
[119.793s][info][gc,cpu         ] GC(280) User=0.10s Sys=0.01s Real=0.06s
[120.073s][info][gc,start       ] GC(281) Pause Young (Allocation Failure)
[120.128s][info][gc,heap        ] GC(281) PSYoungGen: 267776K(267776K)->17920K(279040K) Eden: 261120K(261120K)->0K(261120K) From: 6656K(6656K)->17920K(17920K)
[120.128s][info][gc,heap        ] GC(281) ParOldGen: 349647K(349696K)->360375K(360448K)
[120.128s][info][gc,metaspace   ] GC(281) Metaspace: 35067K(35776K)->35067K(35776K) NonClass: 28807K(29312K)->28807K(29312K) Class: 6259K(6464K)->6259K(6464K)
[120.128s][info][gc             ] GC(281) Pause Young (Allocation Failure) 602M->369M(624M) 55.043ms
[120.128s][info][gc,cpu         ] GC(281) User=0.10s Sys=0.01s Real=0.06s
[120.239s][info][gc,start       ] GC(282) Pause Young (Allocation Failure)
[120.254s][info][gc,heap        ] GC(282) PSYoungGen: 279040K(279040K)->5792K(309760K) Eden: 261120K(261120K)->0K(284160K) From: 17920K(17920K)->5792K(25600K)
[120.254s][info][gc,heap        ] GC(282) ParOldGen: 360375K(360448K)->360759K(360960K)
[120.254s][info][gc,metaspace   ] GC(282) Metaspace: 35067K(35776K)->35067K(35776K) NonClass: 28807K(29312K)->28807K(29312K) Class: 6259K(6464K)->6259K(6464K)
[120.254s][info][gc             ] GC(282) Pause Young (Allocation Failure) 624M->357M(655M) 15.548ms
[120.254s][info][gc,cpu         ] GC(282) User=0.03s Sys=0.01s Real=0.01s
[120.782s][info][gc,start       ] GC(283) Pause Young (Allocation Failure)
[120.784s][info][gc,heap        ] GC(283) PSYoungGen: 289952K(309760K)->64K(284672K) Eden: 284160K(284160K)->0K(284160K) From: 5792K(25600K)->64K(512K)
[120.784s][info][gc,heap        ] GC(283) ParOldGen: 360759K(360960K)->360767K(360960K)
[120.784s][info][gc,metaspace   ] GC(283) Metaspace: 35067K(35776K)->35067K(35776K) NonClass: 28807K(29312K)->28807K(29312K) Class: 6259K(6464K)->6259K(6464K)
[120.784s][info][gc             ] GC(283) Pause Young (Allocation Failure) 635M->352M(630M) 1.487ms
[120.784s][info][gc,cpu         ] GC(283) User=0.00s Sys=0.00s Real=0.00s
[121.323s][info][gc,start       ] GC(284) Pause Young (Allocation Failure)
[121.325s][info][gc,heap        ] GC(284) PSYoungGen: 284224K(284672K)->64K(307712K) Eden: 284160K(284160K)->0K(284672K) From: 64K(512K)->64K(23040K)
[121.325s][info][gc,heap        ] GC(284) ParOldGen: 360767K(360960K)->360775K(360960K)
[121.325s][info][gc,metaspace   ] GC(284) Metaspace: 35067K(35776K)->35067K(35776K) NonClass: 28807K(29312K)->28807K(29312K) Class: 6259K(6464K)->6259K(6464K)
[121.325s][info][gc             ] GC(284) Pause Young (Allocation Failure) 629M->352M(653M) 1.487ms
[121.325s][info][gc,cpu         ] GC(284) User=0.00s Sys=0.00s Real=0.00s
[121.751s][info][gc,start       ] GC(285) Pause Young (Allocation Failure)
[121.753s][info][gc,heap        ] GC(285) PSYoungGen: 284736K(307712K)->64K(307200K) Eden: 284672K(284672K)->0K(284672K) From: 64K(23040K)->64K(22528K)
[121.753s][info][gc,heap        ] GC(285) ParOldGen: 360775K(360960K)->360791K(360960K)
[121.753s][info][gc,metaspace   ] GC(285) Metaspace: 35067K(35776K)->35067K(35776K) NonClass: 28807K(29312K)->28807K(29312K) Class: 6259K(6464K)->6259K(6464K)
[121.753s][info][gc             ] GC(285) Pause Young (Allocation Failure) 630M->352M(652M) 1.529ms
[121.753s][info][gc,cpu         ] GC(285) User=0.00s Sys=0.00s Real=0.00s
[121.978s][info][gc,start       ] GC(286) Pause Young (Allocation Failure)
[121.979s][info][gc,heap        ] GC(286) PSYoungGen: 284736K(307200K)->64K(310272K) Eden: 284672K(284672K)->0K(288768K) From: 64K(22528K)->64K(21504K)
[121.979s][info][gc,heap        ] GC(286) ParOldGen: 360791K(360960K)->360807K(360960K)
[121.979s][info][gc,metaspace   ] GC(286) Metaspace: 35067K(35776K)->35067K(35776K) NonClass: 28807K(29312K)->28807K(29312K) Class: 6259K(6464K)->6259K(6464K)
[121.979s][info][gc             ] GC(286) Pause Young (Allocation Failure) 630M->352M(655M) 1.506ms
[121.979s][info][gc,cpu         ] GC(286) User=0.01s Sys=0.00s Real=0.00s
[122.211s][info][gc,start       ] GC(287) Pause Young (Allocation Failure)
[122.212s][info][gc,heap        ] GC(287) PSYoungGen: 288832K(310272K)->64K(309760K) Eden: 288768K(288768K)->0K(288768K) From: 64K(21504K)->64K(20992K)
[122.212s][info][gc,heap        ] GC(287) ParOldGen: 360807K(360960K)->360807K(360960K)
[122.212s][info][gc,metaspace   ] GC(287) Metaspace: 35067K(35776K)->35067K(35776K) NonClass: 28807K(29312K)->28807K(29312K) Class: 6259K(6464K)->6259K(6464K)
[122.212s][info][gc             ] GC(287) Pause Young (Allocation Failure) 634M->352M(655M) 1.498ms
[122.212s][info][gc,cpu         ] GC(287) User=0.00s Sys=0.00s Real=0.00s
[122.570s][info][gc,start       ] GC(288) Pause Young (Allocation Failure)
[122.571s][info][gc,heap        ] GC(288) PSYoungGen: 288832K(309760K)->64K(311808K) Eden: 288768K(288768K)->0K(292352K) From: 64K(20992K)->64K(19456K)
[122.571s][info][gc,heap        ] GC(288) ParOldGen: 360807K(360960K)->360807K(360960K)
[122.571s][info][gc,metaspace   ] GC(288) Metaspace: 35067K(35776K)->35067K(35776K) NonClass: 28807K(29312K)->28807K(29312K) Class: 6259K(6464K)->6259K(6464K)
[122.572s][info][gc             ] GC(288) Pause Young (Allocation Failure) 634M->352M(657M) 1.494ms
[122.572s][info][gc,cpu         ] GC(288) User=0.01s Sys=0.00s Real=0.00s
[122.649s][info][gc,start       ] GC(289) Pause Young (Allocation Failure)
[122.650s][info][gc,heap        ] GC(289) PSYoungGen: 292416K(311808K)->64K(311296K) Eden: 292352K(292352K)->0K(292352K) From: 64K(19456K)->64K(18944K)
[122.651s][info][gc,heap        ] GC(289) ParOldGen: 360807K(360960K)->360815K(360960K)
[122.651s][info][gc,metaspace   ] GC(289) Metaspace: 35067K(35776K)->35067K(35776K) NonClass: 28807K(29312K)->28807K(29312K) Class: 6259K(6464K)->6259K(6464K)
[122.651s][info][gc             ] GC(289) Pause Young (Allocation Failure) 637M->352M(656M) 1.412ms
[122.651s][info][gc,cpu         ] GC(289) User=0.00s Sys=0.00s Real=0.00s
[122.704s][info][gc,start       ] GC(290) Pause Young (Allocation Failure)
[122.706s][info][gc,heap        ] GC(290) PSYoungGen: 292416K(311296K)->64K(313856K) Eden: 292352K(292352K)->0K(296448K) From: 64K(18944K)->64K(17408K)
[122.706s][info][gc,heap        ] GC(290) ParOldGen: 360815K(360960K)->360831K(360960K)
[122.706s][info][gc,metaspace   ] GC(290) Metaspace: 35067K(35776K)->35067K(35776K) NonClass: 28807K(29312K)->28807K(29312K) Class: 6259K(6464K)->6259K(6464K)
[122.706s][info][gc             ] GC(290) Pause Young (Allocation Failure) 637M->352M(659M) 1.486ms
[122.706s][info][gc,cpu         ] GC(290) User=0.00s Sys=0.00s Real=0.01s
[122.865s][info][gc,start       ] GC(291) Pause Young (Allocation Failure)
[122.867s][info][gc,heap        ] GC(291) PSYoungGen: 296512K(313856K)->64K(313344K) Eden: 296448K(296448K)->0K(296448K) From: 64K(17408K)->64K(16896K)
[122.867s][info][gc,heap        ] GC(291) ParOldGen: 360831K(360960K)->360831K(360960K)
[122.867s][info][gc,metaspace   ] GC(291) Metaspace: 35067K(35776K)->35067K(35776K) NonClass: 28807K(29312K)->28807K(29312K) Class: 6259K(6464K)->6259K(6464K)
[122.867s][info][gc             ] GC(291) Pause Young (Allocation Failure) 641M->352M(658M) 1.470ms
[122.867s][info][gc,cpu         ] GC(291) User=0.00s Sys=0.00s Real=0.01s
[123.079s][info][gc,start       ] GC(292) Pause Young (Allocation Failure)
[123.080s][info][gc,heap        ] GC(292) PSYoungGen: 296512K(313344K)->64K(315904K) Eden: 296448K(296448K)->0K(300032K) From: 64K(16896K)->64K(15872K)
[123.080s][info][gc,heap        ] GC(292) ParOldGen: 360831K(360960K)->360839K(360960K)
[123.080s][info][gc,metaspace   ] GC(292) Metaspace: 35067K(35776K)->35067K(35776K) NonClass: 28807K(29312K)->28807K(29312K) Class: 6259K(6464K)->6259K(6464K)
[123.080s][info][gc             ] GC(292) Pause Young (Allocation Failure) 641M->352M(661M) 1.464ms
[123.080s][info][gc,cpu         ] GC(292) User=0.00s Sys=0.00s Real=0.00s
[123.223s][info][gc,start       ] GC(293) Pause Young (Allocation Failure)
[123.224s][info][gc,heap        ] GC(293) PSYoungGen: 300096K(315904K)->64K(315392K) Eden: 300032K(300032K)->0K(300032K) From: 64K(15872K)->64K(15360K)
[123.224s][info][gc,heap        ] GC(293) ParOldGen: 360839K(360960K)->360847K(360960K)
[123.224s][info][gc,metaspace   ] GC(293) Metaspace: 35067K(35776K)->35067K(35776K) NonClass: 28807K(29312K)->28807K(29312K) Class: 6259K(6464K)->6259K(6464K)
[123.224s][info][gc             ] GC(293) Pause Young (Allocation Failure) 645M->352M(660M) 1.462ms
[123.224s][info][gc,cpu         ] GC(293) User=0.00s Sys=0.00s Real=0.00s
[123.307s][info][gc,start       ] GC(294) Pause Young (Allocation Failure)
[123.309s][info][gc,heap        ] GC(294) PSYoungGen: 300096K(315392K)->64K(317440K) Eden: 300032K(300032K)->0K(303616K) From: 64K(15360K)->64K(13824K)
[123.309s][info][gc,heap        ] GC(294) ParOldGen: 360847K(360960K)->360855K(360960K)
[123.309s][info][gc,metaspace   ] GC(294) Metaspace: 35067K(35776K)->35067K(35776K) NonClass: 28807K(29312K)->28807K(29312K) Class: 6259K(6464K)->6259K(6464K)
[123.309s][info][gc             ] GC(294) Pause Young (Allocation Failure) 645M->352M(662M) 1.416ms
[123.309s][info][gc,cpu         ] GC(294) User=0.00s Sys=0.00s Real=0.00s
[123.487s][info][gc,start       ] GC(295) Pause Young (Allocation Failure)
[123.488s][info][gc,heap        ] GC(295) PSYoungGen: 303680K(317440K)->64K(316928K) Eden: 303616K(303616K)->0K(303616K) From: 64K(13824K)->64K(13312K)
[123.489s][info][gc,heap        ] GC(295) ParOldGen: 360855K(360960K)->360863K(360960K)
[123.489s][info][gc,metaspace   ] GC(295) Metaspace: 35067K(35776K)->35067K(35776K) NonClass: 28807K(29312K)->28807K(29312K) Class: 6259K(6464K)->6259K(6464K)
[123.489s][info][gc             ] GC(295) Pause Young (Allocation Failure) 648M->352M(662M) 1.435ms
[123.489s][info][gc,cpu         ] GC(295) User=0.01s Sys=0.00s Real=0.00s
[124.462s][info][gc,start       ] GC(296) Pause Young (Allocation Failure)
[124.464s][info][gc,heap        ] GC(296) PSYoungGen: 303680K(316928K)->64K(291840K) Eden: 303616K(303616K)->0K(291328K) From: 64K(13312K)->64K(512K)
[124.464s][info][gc,heap        ] GC(296) ParOldGen: 360863K(360960K)->360871K(360960K)
[124.464s][info][gc,metaspace   ] GC(296) Metaspace: 35067K(35776K)->35067K(35776K) NonClass: 28807K(29312K)->28807K(29312K) Class: 6259K(6464K)->6259K(6464K)
[124.464s][info][gc             ] GC(296) Pause Young (Allocation Failure) 648M->352M(637M) 1.487ms
[124.464s][info][gc,cpu         ] GC(296) User=0.00s Sys=0.00s Real=0.00s
[125.354s][info][gc,start       ] GC(297) Pause Young (Allocation Failure)
[125.356s][info][gc,heap        ] GC(297) PSYoungGen: 291392K(291840K)->64K(291328K) Eden: 291328K(291328K)->0K(279552K) From: 64K(512K)->64K(11776K)
[125.356s][info][gc,heap        ] GC(297) ParOldGen: 360871K(360960K)->360879K(360960K)
[125.356s][info][gc,metaspace   ] GC(297) Metaspace: 35067K(35776K)->35067K(35776K) NonClass: 28807K(29312K)->28807K(29312K) Class: 6259K(6464K)->6259K(6464K)
[125.356s][info][gc             ] GC(297) Pause Young (Allocation Failure) 636M->352M(637M) 1.861ms
[125.356s][info][gc,cpu         ] GC(297) User=0.00s Sys=0.00s Real=0.01s
[125.642s][info][gc,start       ] GC(298) Pause Young (Allocation Failure)
[125.645s][info][gc,heap        ] GC(298) PSYoungGen: 279616K(291328K)->32K(268800K) Eden: 279552K(279552K)->0K(268288K) From: 64K(11776K)->32K(512K)
[125.645s][info][gc,heap        ] GC(298) ParOldGen: 360879K(360960K)->360887K(360960K)
[125.645s][info][gc,metaspace   ] GC(298) Metaspace: 35067K(35776K)->35067K(35776K) NonClass: 28807K(29312K)->28807K(29312K) Class: 6259K(6464K)->6259K(6464K)
[125.645s][info][gc             ] GC(298) Pause Young (Allocation Failure) 625M->352M(615M) 2.930ms
[125.645s][info][gc,cpu         ] GC(298) User=0.01s Sys=0.00s Real=0.00s
[126.084s][info][gc,start       ] GC(299) Pause Young (Allocation Failure)
[126.086s][info][gc,heap        ] GC(299) PSYoungGen: 268320K(268800K)->64K(267776K) Eden: 268288K(268288K)->0K(257536K) From: 32K(512K)->64K(10240K)
[126.086s][info][gc,heap        ] GC(299) ParOldGen: 360887K(360960K)->360895K(360960K)
[126.086s][info][gc,metaspace   ] GC(299) Metaspace: 35067K(35776K)->35067K(35776K) NonClass: 28807K(29312K)->28807K(29312K) Class: 6259K(6464K)->6259K(6464K)
[126.086s][info][gc             ] GC(299) Pause Young (Allocation Failure) 614M->352M(614M) 2.517ms
[126.086s][info][gc,cpu         ] GC(299) User=0.01s Sys=0.00s Real=0.01s
[127.023s][info][gc,start       ] GC(300) Pause Young (Allocation Failure)
[127.026s][info][gc,heap        ] GC(300) PSYoungGen: 257600K(267776K)->64K(247808K) Eden: 257536K(257536K)->0K(247296K) From: 64K(10240K)->64K(512K)
[127.026s][info][gc,heap        ] GC(300) ParOldGen: 360895K(360960K)->360911K(360960K)
[127.026s][info][gc,metaspace   ] GC(300) Metaspace: 35067K(35776K)->35067K(35776K) NonClass: 28807K(29312K)->28807K(29312K) Class: 6259K(6464K)->6259K(6464K)
[127.026s][info][gc             ] GC(300) Pause Young (Allocation Failure) 603M->352M(594M) 2.949ms
[127.026s][info][gc,cpu         ] GC(300) User=0.00s Sys=0.00s Real=0.01s
[127.401s][info][gc,start       ] GC(301) Pause Young (Allocation Failure)
[127.404s][info][gc,heap        ] GC(301) PSYoungGen: 247360K(247808K)->64K(246784K) Eden: 247296K(247296K)->0K(237568K) From: 64K(512K)->64K(9216K)
[127.404s][info][gc,heap        ] GC(301) ParOldGen: 360911K(360960K)->360927K(360960K)
[127.404s][info][gc,metaspace   ] GC(301) Metaspace: 35067K(35776K)->35067K(35776K) NonClass: 28807K(29312K)->28807K(29312K) Class: 6259K(6464K)->6259K(6464K)
[127.404s][info][gc             ] GC(301) Pause Young (Allocation Failure) 594M->352M(593M) 2.649ms
[127.404s][info][gc,cpu         ] GC(301) User=0.00s Sys=0.00s Real=0.00s
[127.556s][info][gc,start       ] GC(302) Pause Young (Allocation Failure)
[127.559s][info][gc,heap        ] GC(302) PSYoungGen: 237632K(246784K)->64K(228864K) Eden: 237568K(237568K)->0K(228352K) From: 64K(9216K)->64K(512K)
[127.559s][info][gc,heap        ] GC(302) ParOldGen: 360927K(360960K)->360943K(360960K)
[127.559s][info][gc,metaspace   ] GC(302) Metaspace: 35067K(35776K)->35067K(35776K) NonClass: 28807K(29312K)->28807K(29312K) Class: 6259K(6464K)->6259K(6464K)
[127.559s][info][gc             ] GC(302) Pause Young (Allocation Failure) 584M->352M(576M) 3.084ms
[127.559s][info][gc,cpu         ] GC(302) User=0.00s Sys=0.00s Real=0.01s
[127.736s][info][gc,start       ] GC(303) Pause Young (Allocation Failure)
[127.738s][info][gc,heap        ] GC(303) PSYoungGen: 228416K(228864K)->64K(227328K) Eden: 228352K(228352K)->0K(219648K) From: 64K(512K)->64K(7680K)
[127.738s][info][gc,heap        ] GC(303) ParOldGen: 360943K(360960K)->360951K(360960K)
[127.738s][info][gc,metaspace   ] GC(303) Metaspace: 35067K(35776K)->35067K(35776K) NonClass: 28807K(29312K)->28807K(29312K) Class: 6259K(6464K)->6259K(6464K)
[127.738s][info][gc             ] GC(303) Pause Young (Allocation Failure) 575M->352M(574M) 1.907ms
[127.738s][info][gc,cpu         ] GC(303) User=0.00s Sys=0.00s Real=0.00s
[128.313s][info][gc,start       ] GC(304) Pause Young (Allocation Failure)
[128.315s][info][gc,heap        ] GC(304) PSYoungGen: 219712K(227328K)->64K(211968K) Eden: 219648K(219648K)->0K(211456K) From: 64K(7680K)->64K(512K)
[128.315s][info][gc,heap        ] GC(304) ParOldGen: 360951K(360960K)->360959K(360960K)
[128.315s][info][gc,metaspace   ] GC(304) Metaspace: 35067K(35776K)->35067K(35776K) NonClass: 28807K(29312K)->28807K(29312K) Class: 6259K(6464K)->6259K(6464K)
[128.315s][info][gc             ] GC(304) Pause Young (Allocation Failure) 567M->352M(559M) 2.428ms
[128.315s][info][gc,cpu         ] GC(304) User=0.01s Sys=0.00s Real=0.00s
[128.582s][info][gc,start       ] GC(305) Pause Young (Allocation Failure)
[128.584s][info][gc,heap        ] GC(305) PSYoungGen: 211519K(211968K)->64K(210432K) Eden: 211455K(211456K)->0K(203776K) From: 64K(512K)->64K(6656K)
[128.584s][info][gc,heap        ] GC(305) ParOldGen: 360959K(360960K)->360975K(361472K)
[128.584s][info][gc,metaspace   ] GC(305) Metaspace: 35067K(35776K)->35067K(35776K) NonClass: 28807K(29312K)->28807K(29312K) Class: 6259K(6464K)->6259K(6464K)
[128.584s][info][gc             ] GC(305) Pause Young (Allocation Failure) 559M->352M(558M) 1.399ms
[128.584s][info][gc,cpu         ] GC(305) User=0.01s Sys=0.00s Real=0.00s
[128.874s][info][gc,start       ] GC(306) Pause Young (Allocation Failure)
[128.904s][info][gc,heap        ] GC(306) PSYoungGen: 203840K(210432K)->6144K(250880K) Eden: 203776K(203776K)->0K(244736K) From: 64K(6656K)->6144K(6144K)
[128.904s][info][gc,heap        ] GC(306) ParOldGen: 360975K(361472K)->369143K(369152K)
[128.904s][info][gc,metaspace   ] GC(306) Metaspace: 35067K(35776K)->35067K(35776K) NonClass: 28807K(29312K)->28807K(29312K) Class: 6259K(6464K)->6259K(6464K)
[128.904s][info][gc             ] GC(306) Pause Young (Allocation Failure) 551M->366M(605M) 29.787ms
[128.904s][info][gc,cpu         ] GC(306) User=0.05s Sys=0.01s Real=0.03s
[129.166s][info][gc,start       ] GC(307) Pause Young (Allocation Failure)
[129.219s][info][gc,heap        ] GC(307) PSYoungGen: 250880K(250880K)->10752K(274944K) Eden: 244736K(244736K)->0K(264192K) From: 6144K(6144K)->10752K(10752K)
[129.219s][info][gc,heap        ] GC(307) ParOldGen: 369143K(369152K)->384791K(385024K)
[129.219s][info][gc,metaspace   ] GC(307) Metaspace: 35067K(35776K)->35067K(35776K) NonClass: 28807K(29312K)->28807K(29312K) Class: 6259K(6464K)->6259K(6464K)
[129.219s][info][gc             ] GC(307) Pause Young (Allocation Failure) 605M->386M(644M) 52.837ms
[129.219s][info][gc,cpu         ] GC(307) User=0.09s Sys=0.00s Real=0.05s
[129.503s][info][gc,start       ] GC(308) Pause Young (Allocation Failure)
[129.566s][info][gc,heap        ] GC(308) PSYoungGen: 274944K(274944K)->18944K(299520K) Eden: 264192K(264192K)->0K(280576K) From: 10752K(10752K)->18944K(18944K)
[129.566s][info][gc,heap        ] GC(308) ParOldGen: 384791K(385024K)->394567K(394752K)
[129.566s][info][gc,metaspace   ] GC(308) Metaspace: 35067K(35776K)->35067K(35776K) NonClass: 28807K(29312K)->28807K(29312K) Class: 6259K(6464K)->6259K(6464K)
[129.566s][info][gc             ] GC(308) Pause Young (Allocation Failure) 644M->403M(678M) 63.192ms
[129.566s][info][gc,cpu         ] GC(308) User=0.11s Sys=0.03s Real=0.07s
[129.664s][info][gc,start       ] GC(309) Pause Young (Allocation Failure)
[129.669s][info][gc,heap        ] GC(309) PSYoungGen: 299520K(299520K)->448K(307200K) Eden: 280576K(280576K)->0K(280576K) From: 18944K(18944K)->448K(26624K)
[129.669s][info][gc,heap        ] GC(309) ParOldGen: 394567K(394752K)->394919K(395264K)
[129.669s][info][gc,metaspace   ] GC(309) Metaspace: 35067K(35776K)->35067K(35776K) NonClass: 28807K(29312K)->28807K(29312K) Class: 6259K(6464K)->6259K(6464K)
[129.669s][info][gc             ] GC(309) Pause Young (Allocation Failure) 677M->386M(686M) 4.833ms
[129.669s][info][gc,cpu         ] GC(309) User=0.01s Sys=0.00s Real=0.01s
[130.323s][info][gc,start       ] GC(310) Pause Young (Allocation Failure)
[130.325s][info][gc,heap        ] GC(310) PSYoungGen: 281024K(307200K)->64K(304128K) Eden: 280576K(280576K)->0K(281600K) From: 448K(26624K)->64K(22528K)
[130.325s][info][gc,heap        ] GC(310) ParOldGen: 394919K(395264K)->394927K(395264K)
[130.325s][info][gc,metaspace   ] GC(310) Metaspace: 35067K(35776K)->35067K(35776K) NonClass: 28807K(29312K)->28807K(29312K) Class: 6259K(6464K)->6259K(6464K)
[130.325s][info][gc             ] GC(310) Pause Young (Allocation Failure) 660M->385M(683M) 1.624ms
[130.325s][info][gc,cpu         ] GC(310) User=0.00s Sys=0.00s Real=0.00s
[130.728s][info][gc,start       ] GC(311) Pause Young (Allocation Failure)
[130.730s][info][gc,heap        ] GC(311) PSYoungGen: 281664K(304128K)->64K(306176K) Eden: 281600K(281600K)->0K(281600K) From: 64K(22528K)->64K(24576K)
[130.730s][info][gc,heap        ] GC(311) ParOldGen: 394927K(395264K)->394935K(395264K)
[130.730s][info][gc,metaspace   ] GC(311) Metaspace: 35067K(35776K)->35067K(35776K) NonClass: 28807K(29312K)->28807K(29312K) Class: 6259K(6464K)->6259K(6464K)
[130.730s][info][gc             ] GC(311) Pause Young (Allocation Failure) 660M->385M(685M) 1.566ms
[130.730s][info][gc,cpu         ] GC(311) User=0.00s Sys=0.00s Real=0.00s
[131.165s][info][gc,start       ] GC(312) Pause Young (Allocation Failure)
[131.166s][info][gc,heap        ] GC(312) PSYoungGen: 281664K(306176K)->64K(306688K) Eden: 281600K(281600K)->0K(285184K) From: 64K(24576K)->64K(21504K)
[131.167s][info][gc,heap        ] GC(312) ParOldGen: 394935K(395264K)->394951K(395264K)
[131.167s][info][gc,metaspace   ] GC(312) Metaspace: 35067K(35776K)->35067K(35776K) NonClass: 28807K(29312K)->28807K(29312K) Class: 6259K(6464K)->6259K(6464K)
[131.167s][info][gc             ] GC(312) Pause Young (Allocation Failure) 660M->385M(685M) 1.663ms
[131.167s][info][gc,cpu         ] GC(312) User=0.00s Sys=0.00s Real=0.01s
[131.392s][info][gc,start       ] GC(313) Pause Young (Allocation Failure)
[131.393s][info][gc,heap        ] GC(313) PSYoungGen: 285248K(306688K)->32K(308224K) Eden: 285184K(285184K)->0K(285184K) From: 64K(21504K)->32K(23040K)
[131.393s][info][gc,heap        ] GC(313) ParOldGen: 394951K(395264K)->394967K(395264K)
[131.393s][info][gc,metaspace   ] GC(313) Metaspace: 35067K(35776K)->35067K(35776K) NonClass: 28807K(29312K)->28807K(29312K) Class: 6259K(6464K)->6259K(6464K)
[131.393s][info][gc             ] GC(313) Pause Young (Allocation Failure) 664M->385M(687M) 1.636ms
[131.393s][info][gc,cpu         ] GC(313) User=0.01s Sys=0.00s Real=0.00s
[131.618s][info][gc,start       ] GC(314) Pause Young (Allocation Failure)
[131.620s][info][gc,heap        ] GC(314) PSYoungGen: 285216K(308224K)->64K(308224K) Eden: 285184K(285184K)->0K(288768K) From: 32K(23040K)->64K(19456K)
[131.620s][info][gc,heap        ] GC(314) ParOldGen: 394967K(395264K)->394967K(395264K)
[131.620s][info][gc,metaspace   ] GC(314) Metaspace: 35067K(35776K)->35067K(35776K) NonClass: 28807K(29312K)->28807K(29312K) Class: 6259K(6464K)->6259K(6464K)
[131.620s][info][gc             ] GC(314) Pause Young (Allocation Failure) 664M->385M(687M) 1.605ms
[131.620s][info][gc,cpu         ] GC(314) User=0.00s Sys=0.00s Real=0.00s
[131.969s][info][gc,start       ] GC(315) Pause Young (Allocation Failure)
[131.971s][info][gc,heap        ] GC(315) PSYoungGen: 288832K(308224K)->64K(309760K) Eden: 288768K(288768K)->0K(288768K) From: 64K(19456K)->64K(20992K)
[131.971s][info][gc,heap        ] GC(315) ParOldGen: 394967K(395264K)->394967K(395264K)
[131.971s][info][gc,metaspace   ] GC(315) Metaspace: 35146K(35840K)->35146K(35840K) NonClass: 28887K(29376K)->28887K(29376K) Class: 6259K(6464K)->6259K(6464K)
[131.971s][info][gc             ] GC(315) Pause Young (Allocation Failure) 667M->385M(688M) 1.636ms
[131.971s][info][gc,cpu         ] GC(315) User=0.01s Sys=0.00s Real=0.00s
[132.027s][info][gc,start       ] GC(316) Pause Young (Allocation Failure)
[132.029s][info][gc,heap        ] GC(316) PSYoungGen: 288832K(309760K)->64K(310784K) Eden: 288768K(288768K)->0K(293376K) From: 64K(20992K)->64K(17408K)
[132.029s][info][gc,heap        ] GC(316) ParOldGen: 394967K(395264K)->394983K(395264K)
[132.029s][info][gc,metaspace   ] GC(316) Metaspace: 35146K(35840K)->35146K(35840K) NonClass: 28887K(29376K)->28887K(29376K) Class: 6259K(6464K)->6259K(6464K)
[132.029s][info][gc             ] GC(316) Pause Young (Allocation Failure) 667M->385M(689M) 1.982ms
[132.029s][info][gc,cpu         ] GC(316) User=0.00s Sys=0.00s Real=0.00s
[132.086s][info][gc,start       ] GC(317) Pause Young (Allocation Failure)
[132.087s][info][gc,heap        ] GC(317) PSYoungGen: 293440K(310784K)->64K(311808K) Eden: 293376K(293376K)->0K(293376K) From: 64K(17408K)->64K(18432K)
[132.087s][info][gc,heap        ] GC(317) ParOldGen: 394983K(395264K)->394983K(395264K)
[132.087s][info][gc,metaspace   ] GC(317) Metaspace: 35146K(35840K)->35146K(35840K) NonClass: 28887K(29376K)->28887K(29376K) Class: 6259K(6464K)->6259K(6464K)
[132.087s][info][gc             ] GC(317) Pause Young (Allocation Failure) 672M->385M(690M) 1.494ms
[132.087s][info][gc,cpu         ] GC(317) User=0.00s Sys=0.00s Real=0.00s
[132.271s][info][gc,start       ] GC(318) Pause Young (Allocation Failure)
[132.272s][info][gc,heap        ] GC(318) PSYoungGen: 293440K(311808K)->64K(313344K) Eden: 293376K(293376K)->0K(297984K) From: 64K(18432K)->64K(15360K)
[132.272s][info][gc,heap        ] GC(318) ParOldGen: 394983K(395264K)->394983K(395264K)
[132.272s][info][gc,metaspace   ] GC(318) Metaspace: 35146K(35840K)->35146K(35840K) NonClass: 28887K(29376K)->28887K(29376K) Class: 6259K(6464K)->6259K(6464K)
[132.272s][info][gc             ] GC(318) Pause Young (Allocation Failure) 672M->385M(692M) 1.527ms
[132.273s][info][gc,cpu         ] GC(318) User=0.00s Sys=0.00s Real=0.00s
[132.490s][info][gc,start       ] GC(319) Pause Young (Allocation Failure)
[132.491s][info][gc,heap        ] GC(319) PSYoungGen: 298048K(313344K)->64K(314368K) Eden: 297984K(297984K)->0K(297984K) From: 64K(15360K)->64K(16384K)
[132.491s][info][gc,heap        ] GC(319) ParOldGen: 394983K(395264K)->394991K(395264K)
[132.491s][info][gc,metaspace   ] GC(319) Metaspace: 35146K(35840K)->35146K(35840K) NonClass: 28887K(29376K)->28887K(29376K) Class: 6259K(6464K)->6259K(6464K)
[132.491s][info][gc             ] GC(319) Pause Young (Allocation Failure) 676M->385M(693M) 1.549ms
[132.491s][info][gc,cpu         ] GC(319) User=0.00s Sys=0.00s Real=0.00s
[132.610s][info][gc,start       ] GC(320) Pause Young (Allocation Failure)
[132.611s][info][gc,heap        ] GC(320) PSYoungGen: 298048K(314368K)->64K(316416K) Eden: 297984K(297984K)->0K(302080K) From: 64K(16384K)->64K(14336K)
[132.611s][info][gc,heap        ] GC(320) ParOldGen: 394991K(395264K)->394999K(395264K)
[132.611s][info][gc,metaspace   ] GC(320) Metaspace: 35146K(35840K)->35146K(35840K) NonClass: 28887K(29376K)->28887K(29376K) Class: 6259K(6464K)->6259K(6464K)
[132.611s][info][gc             ] GC(320) Pause Young (Allocation Failure) 676M->385M(695M) 1.569ms
[132.611s][info][gc,cpu         ] GC(320) User=0.00s Sys=0.00s Real=0.00s
[132.714s][info][gc,start       ] GC(321) Pause Young (Allocation Failure)
[132.715s][info][gc,heap        ] GC(321) PSYoungGen: 302144K(316416K)->64K(316928K) Eden: 302080K(302080K)->0K(302080K) From: 64K(14336K)->64K(14848K)
[132.715s][info][gc,heap        ] GC(321) ParOldGen: 394999K(395264K)->395007K(395264K)
[132.715s][info][gc,metaspace   ] GC(321) Metaspace: 35146K(35840K)->35146K(35840K) NonClass: 28887K(29376K)->28887K(29376K) Class: 6259K(6464K)->6259K(6464K)
[132.715s][info][gc             ] GC(321) Pause Young (Allocation Failure) 680M->385M(695M) 1.714ms
[132.715s][info][gc,cpu         ] GC(321) User=0.01s Sys=0.00s Real=0.00s
[132.914s][info][gc,start       ] GC(322) Pause Young (Allocation Failure)
[132.915s][info][gc,heap        ] GC(322) PSYoungGen: 302144K(316928K)->64K(317440K) Eden: 302080K(302080K)->0K(305152K) From: 64K(14848K)->64K(12288K)
[132.915s][info][gc,heap        ] GC(322) ParOldGen: 395007K(395264K)->395015K(395264K)
[132.915s][info][gc,metaspace   ] GC(322) Metaspace: 35146K(35840K)->35146K(35840K) NonClass: 28887K(29376K)->28887K(29376K) Class: 6259K(6464K)->6259K(6464K)
[132.915s][info][gc             ] GC(322) Pause Young (Allocation Failure) 680M->385M(696M) 1.567ms
[132.915s][info][gc,cpu         ] GC(322) User=0.01s Sys=0.00s Real=0.00s
[133.860s][info][gc,start       ] GC(323) Pause Young (Allocation Failure)
[133.862s][info][gc,heap        ] GC(323) PSYoungGen: 305216K(317440K)->64K(293376K) Eden: 305152K(305152K)->0K(292864K) From: 64K(12288K)->64K(512K)
[133.862s][info][gc,heap        ] GC(323) ParOldGen: 395015K(395264K)->395023K(395264K)
[133.863s][info][gc,metaspace   ] GC(323) Metaspace: 35146K(35840K)->35146K(35840K) NonClass: 28887K(29376K)->28887K(29376K) Class: 6259K(6464K)->6259K(6464K)
[133.863s][info][gc             ] GC(323) Pause Young (Allocation Failure) 683M->385M(672M) 2.275ms
[133.863s][info][gc,cpu         ] GC(323) User=0.01s Sys=0.01s Real=0.00s
[134.794s][info][gc,start       ] GC(324) Pause Young (Allocation Failure)
[134.795s][info][gc,heap        ] GC(324) PSYoungGen: 292928K(293376K)->64K(281600K) Eden: 292864K(292864K)->0K(281088K) From: 64K(512K)->64K(512K)
[134.796s][info][gc,heap        ] GC(324) ParOldGen: 395023K(395264K)->395031K(395264K)
[134.796s][info][gc,metaspace   ] GC(324) Metaspace: 35146K(35840K)->35146K(35840K) NonClass: 28887K(29376K)->28887K(29376K) Class: 6259K(6464K)->6259K(6464K)
[134.796s][info][gc             ] GC(324) Pause Young (Allocation Failure) 671M->385M(661M) 2.046ms
[134.796s][info][gc,cpu         ] GC(324) User=0.00s Sys=0.00s Real=0.00s
[135.170s][info][gc,start       ] GC(325) Pause Young (Allocation Failure)
[135.172s][info][gc,heap        ] GC(325) PSYoungGen: 281152K(281600K)->64K(281088K) Eden: 281088K(281088K)->0K(269824K) From: 64K(512K)->64K(11264K)
[135.172s][info][gc,heap        ] GC(325) ParOldGen: 395031K(395264K)->395039K(395264K)
[135.172s][info][gc,metaspace   ] GC(325) Metaspace: 35146K(35840K)->35146K(35840K) NonClass: 28887K(29376K)->28887K(29376K) Class: 6259K(6464K)->6259K(6464K)
[135.172s][info][gc             ] GC(325) Pause Young (Allocation Failure) 660M->385M(660M) 1.540ms
[135.172s][info][gc,cpu         ] GC(325) User=0.00s Sys=0.00s Real=0.00s
[135.544s][info][gc,start       ] GC(326) Pause Young (Allocation Failure)
[135.546s][info][gc,heap        ] GC(326) PSYoungGen: 269888K(281088K)->64K(259584K) Eden: 269824K(269824K)->0K(259072K) From: 64K(11264K)->64K(512K)
[135.547s][info][gc,heap        ] GC(326) ParOldGen: 395039K(395264K)->395047K(395264K)
[135.547s][info][gc,metaspace   ] GC(326) Metaspace: 35146K(35840K)->35146K(35840K) NonClass: 28887K(29376K)->28887K(29376K) Class: 6259K(6464K)->6259K(6464K)
[135.547s][info][gc             ] GC(326) Pause Young (Allocation Failure) 649M->385M(639M) 2.118ms
[135.547s][info][gc,cpu         ] GC(326) User=0.00s Sys=0.00s Real=0.01s
[136.518s][info][gc,start       ] GC(327) Pause Young (Allocation Failure)
[136.519s][info][gc,heap        ] GC(327) PSYoungGen: 259136K(259584K)->64K(258560K) Eden: 259072K(259072K)->0K(248832K) From: 64K(512K)->64K(9728K)
[136.519s][info][gc,heap        ] GC(327) ParOldGen: 395047K(395264K)->395055K(395264K)
[136.519s][info][gc,metaspace   ] GC(327) Metaspace: 35146K(35840K)->35146K(35840K) NonClass: 28887K(29376K)->28887K(29376K) Class: 6259K(6464K)->6259K(6464K)
[136.519s][info][gc             ] GC(327) Pause Young (Allocation Failure) 638M->385M(638M) 1.640ms
[136.519s][info][gc,cpu         ] GC(327) User=0.00s Sys=0.00s Real=0.00s
[136.867s][info][gc,start       ] GC(328) Pause Young (Allocation Failure)
[136.870s][info][gc,heap        ] GC(328) PSYoungGen: 248896K(258560K)->64K(239616K) Eden: 248832K(248832K)->0K(239104K) From: 64K(9728K)->64K(512K)
[136.870s][info][gc,heap        ] GC(328) ParOldGen: 395055K(395264K)->395063K(395264K)
[136.870s][info][gc,metaspace   ] GC(328) Metaspace: 35146K(35840K)->35146K(35840K) NonClass: 28887K(29376K)->28887K(29376K) Class: 6259K(6464K)->6259K(6464K)
[136.870s][info][gc             ] GC(328) Pause Young (Allocation Failure) 628M->385M(620M) 2.539ms
[136.870s][info][gc,cpu         ] GC(328) User=0.00s Sys=0.00s Real=0.00s
[136.995s][info][gc,start       ] GC(329) Pause Young (Allocation Failure)
[136.996s][info][gc,heap        ] GC(329) PSYoungGen: 239168K(239616K)->64K(238592K) Eden: 239104K(239104K)->0K(229888K) From: 64K(512K)->64K(8704K)
[136.996s][info][gc,heap        ] GC(329) ParOldGen: 395063K(395264K)->395071K(395264K)
[136.997s][info][gc,metaspace   ] GC(329) Metaspace: 35146K(35840K)->35146K(35840K) NonClass: 28887K(29376K)->28887K(29376K) Class: 6259K(6464K)->6259K(6464K)
[136.997s][info][gc             ] GC(329) Pause Young (Allocation Failure) 619M->385M(619M) 1.481ms
[136.997s][info][gc,cpu         ] GC(329) User=0.00s Sys=0.00s Real=0.01s
[137.339s][info][gc,start       ] GC(330) Pause Young (Allocation Failure)
[137.341s][info][gc,heap        ] GC(330) PSYoungGen: 229952K(238592K)->64K(221696K) Eden: 229888K(229888K)->0K(221184K) From: 64K(8704K)->64K(512K)
[137.341s][info][gc,heap        ] GC(330) ParOldGen: 395071K(395264K)->395079K(395264K)
[137.341s][info][gc,metaspace   ] GC(330) Metaspace: 35146K(35840K)->35146K(35840K) NonClass: 28887K(29376K)->28887K(29376K) Class: 6259K(6464K)->6259K(6464K)
[137.341s][info][gc             ] GC(330) Pause Young (Allocation Failure) 610M->385M(602M) 2.165ms
[137.341s][info][gc,cpu         ] GC(330) User=0.00s Sys=0.00s Real=0.00s
[137.781s][info][gc,start       ] GC(331) Pause Young (Allocation Failure)
[137.783s][info][gc,heap        ] GC(331) PSYoungGen: 221248K(221696K)->64K(220160K) Eden: 221184K(221184K)->0K(212992K) From: 64K(512K)->64K(7168K)
[137.783s][info][gc,heap        ] GC(331) ParOldGen: 395079K(395264K)->395087K(395264K)
[137.783s][info][gc,metaspace   ] GC(331) Metaspace: 35146K(35840K)->35146K(35840K) NonClass: 28887K(29376K)->28887K(29376K) Class: 6259K(6464K)->6259K(6464K)
[137.783s][info][gc             ] GC(331) Pause Young (Allocation Failure) 601M->385M(601M) 2.015ms
[137.783s][info][gc,cpu         ] GC(331) User=0.00s Sys=0.00s Real=0.00s
[138.147s][info][gc,start       ] GC(332) Pause Young (Allocation Failure)
[138.150s][info][gc,heap        ] GC(332) PSYoungGen: 213056K(220160K)->32K(205824K) Eden: 212992K(212992K)->0K(205312K) From: 64K(7168K)->32K(512K)
[138.150s][info][gc,heap        ] GC(332) ParOldGen: 395087K(395264K)->395095K(395264K)
[138.150s][info][gc,metaspace   ] GC(332) Metaspace: 35146K(35840K)->35146K(35840K) NonClass: 28887K(29376K)->28887K(29376K) Class: 6259K(6464K)->6259K(6464K)
[138.150s][info][gc             ] GC(332) Pause Young (Allocation Failure) 593M->385M(587M) 3.415ms
[138.150s][info][gc,cpu         ] GC(332) User=0.01s Sys=0.00s Real=0.00s
[138.377s][info][gc,start       ] GC(333) Pause Young (Allocation Failure)
[138.426s][info][gc,heap        ] GC(333) PSYoungGen: 205344K(205824K)->6144K(252928K) Eden: 205312K(205312K)->0K(246784K) From: 32K(512K)->6144K(6144K)
[138.426s][info][gc,heap        ] GC(333) ParOldGen: 395095K(395264K)->410583K(410624K)
[138.426s][info][gc,metaspace   ] GC(333) Metaspace: 35146K(35840K)->35146K(35840K) NonClass: 28887K(29376K)->28887K(29376K) Class: 6259K(6464K)->6259K(6464K)
[138.426s][info][gc             ] GC(333) Pause Young (Allocation Failure) 586M->406M(648M) 49.008ms
[138.426s][info][gc,cpu         ] GC(333) User=0.08s Sys=0.01s Real=0.05s
[138.693s][info][gc,start       ] GC(334) Pause Young (Allocation Failure)
[138.753s][info][gc,heap        ] GC(334) PSYoungGen: 252928K(252928K)->6144K(253440K) Eden: 246784K(246784K)->0K(247296K) From: 6144K(6144K)->6144K(6144K)
[138.753s][info][gc,heap        ] GC(334) ParOldGen: 410583K(410624K)->431351K(431616K)
[138.753s][info][gc,metaspace   ] GC(334) Metaspace: 35146K(35840K)->35146K(35840K) NonClass: 28887K(29376K)->28887K(29376K) Class: 6259K(6464K)->6259K(6464K)
[138.753s][info][gc             ] GC(334) Pause Young (Allocation Failure) 647M->427M(669M) 60.550ms
[138.753s][info][gc,cpu         ] GC(334) User=0.10s Sys=0.02s Real=0.06s
[138.980s][info][gc,start       ] GC(335) Pause Young (Allocation Failure)
[139.019s][info][gc,heap        ] GC(335) PSYoungGen: 253440K(253440K)->21024K(268800K) Eden: 247296K(247296K)->0K(247296K) From: 6144K(6144K)->21024K(21504K)
[139.019s][info][gc,heap        ] GC(335) ParOldGen: 431351K(431616K)->432119K(432128K)
[139.019s][info][gc,metaspace   ] GC(335) Metaspace: 35146K(35840K)->35146K(35840K) NonClass: 28887K(29376K)->28887K(29376K) Class: 6259K(6464K)->6259K(6464K)
[139.019s][info][gc             ] GC(335) Pause Young (Allocation Failure) 668M->442M(684M) 38.981ms
[139.019s][info][gc,cpu         ] GC(335) User=0.07s Sys=0.00s Real=0.04s
[139.112s][info][gc,start       ] GC(336) Pause Young (Allocation Failure)
[139.113s][info][gc,heap        ] GC(336) PSYoungGen: 268320K(268800K)->64K(308736K) Eden: 247296K(247296K)->0K(283136K) From: 21024K(21504K)->64K(25600K)
[139.113s][info][gc,heap        ] GC(336) ParOldGen: 432119K(432128K)->432127K(432128K)
[139.113s][info][gc,metaspace   ] GC(336) Metaspace: 35146K(35840K)->35146K(35840K) NonClass: 28887K(29376K)->28887K(29376K) Class: 6259K(6464K)->6259K(6464K)
[139.113s][info][gc             ] GC(336) Pause Young (Allocation Failure) 684M->422M(723M) 1.738ms
[139.113s][info][gc,cpu         ] GC(336) User=0.00s Sys=0.00s Real=0.00s
[139.826s][info][gc,start       ] GC(337) Pause Young (Allocation Failure)
[139.827s][info][gc,heap        ] GC(337) PSYoungGen: 283200K(308736K)->64K(283648K) Eden: 283136K(283136K)->0K(283136K) From: 64K(25600K)->64K(512K)
[139.828s][info][gc,heap        ] GC(337) ParOldGen: 432127K(432128K)->432135K(432640K)
[139.828s][info][gc,metaspace   ] GC(337) Metaspace: 35146K(35840K)->35146K(35840K) NonClass: 28887K(29376K)->28887K(29376K) Class: 6259K(6464K)->6259K(6464K)
[139.828s][info][gc             ] GC(337) Pause Young (Allocation Failure) 698M->422M(699M) 1.654ms
[139.828s][info][gc,cpu         ] GC(337) User=0.01s Sys=0.00s Real=0.00s
[140.192s][info][gc,start       ] GC(338) Pause Young (Allocation Failure)
[140.193s][info][gc,heap        ] GC(338) PSYoungGen: 283200K(283648K)->64K(308224K) Eden: 283136K(283136K)->0K(284160K) From: 64K(512K)->64K(24064K)
[140.193s][info][gc,heap        ] GC(338) ParOldGen: 432135K(432640K)->432143K(432640K)
[140.193s][info][gc,metaspace   ] GC(338) Metaspace: 35146K(35840K)->35146K(35840K) NonClass: 28887K(29376K)->28887K(29376K) Class: 6259K(6464K)->6259K(6464K)
[140.193s][info][gc             ] GC(338) Pause Young (Allocation Failure) 698M->422M(723M) 1.661ms
[140.193s][info][gc,cpu         ] GC(338) User=0.00s Sys=0.00s Real=0.00s
[140.634s][info][gc,start       ] GC(339) Pause Young (Allocation Failure)
[140.635s][info][gc,heap        ] GC(339) PSYoungGen: 284224K(308224K)->64K(307200K) Eden: 284160K(284160K)->0K(284160K) From: 64K(24064K)->64K(23040K)
[140.635s][info][gc,heap        ] GC(339) ParOldGen: 432143K(432640K)->432159K(432640K)
[140.635s][info][gc,metaspace   ] GC(339) Metaspace: 35146K(35840K)->35146K(35840K) NonClass: 28887K(29376K)->28887K(29376K) Class: 6259K(6464K)->6259K(6464K)
[140.635s][info][gc             ] GC(339) Pause Young (Allocation Failure) 699M->422M(722M) 1.621ms
[140.635s][info][gc,cpu         ] GC(339) User=0.00s Sys=0.00s Real=0.00s
[140.860s][info][gc,start       ] GC(340) Pause Young (Allocation Failure)
[140.862s][info][gc,heap        ] GC(340) PSYoungGen: 284224K(307200K)->64K(309760K) Eden: 284160K(284160K)->0K(287744K) From: 64K(23040K)->64K(22016K)
[140.862s][info][gc,heap        ] GC(340) ParOldGen: 432159K(432640K)->432175K(432640K)
[140.862s][info][gc,metaspace   ] GC(340) Metaspace: 35146K(35840K)->35146K(35840K) NonClass: 28887K(29376K)->28887K(29376K) Class: 6259K(6464K)->6259K(6464K)
[140.862s][info][gc             ] GC(340) Pause Young (Allocation Failure) 699M->422M(725M) 1.665ms
[140.862s][info][gc,cpu         ] GC(340) User=0.01s Sys=0.00s Real=0.00s
[141.093s][info][gc,start       ] GC(341) Pause Young (Allocation Failure)
[141.095s][info][gc,heap        ] GC(341) PSYoungGen: 287808K(309760K)->64K(308736K) Eden: 287744K(287744K)->0K(287744K) From: 64K(22016K)->64K(20992K)
[141.095s][info][gc,heap        ] GC(341) ParOldGen: 432175K(432640K)->432175K(432640K)
[141.095s][info][gc,metaspace   ] GC(341) Metaspace: 35146K(35840K)->35146K(35840K) NonClass: 28887K(29376K)->28887K(29376K) Class: 6259K(6464K)->6259K(6464K)
[141.095s][info][gc             ] GC(341) Pause Young (Allocation Failure) 703M->422M(724M) 1.605ms
[141.095s][info][gc,cpu         ] GC(341) User=0.01s Sys=0.00s Real=0.00s
[141.423s][info][gc,start       ] GC(342) Pause Young (Allocation Failure)
[141.425s][info][gc,heap        ] GC(342) PSYoungGen: 287808K(308736K)->64K(311808K) Eden: 287744K(287744K)->0K(291840K) From: 64K(20992K)->64K(19968K)
[141.425s][info][gc,heap        ] GC(342) ParOldGen: 432175K(432640K)->432175K(432640K)
[141.425s][info][gc,metaspace   ] GC(342) Metaspace: 35146K(35840K)->35146K(35840K) NonClass: 28887K(29376K)->28887K(29376K) Class: 6259K(6464K)->6259K(6464K)
[141.425s][info][gc             ] GC(342) Pause Young (Allocation Failure) 703M->422M(727M) 1.600ms
[141.425s][info][gc,cpu         ] GC(342) User=0.01s Sys=0.01s Real=0.00s
[141.481s][info][gc,start       ] GC(343) Pause Young (Allocation Failure)
[141.482s][info][gc,heap        ] GC(343) PSYoungGen: 291904K(311808K)->64K(310784K) Eden: 291840K(291840K)->0K(291840K) From: 64K(19968K)->64K(18944K)
[141.482s][info][gc,heap        ] GC(343) ParOldGen: 432175K(432640K)->432191K(432640K)
[141.482s][info][gc,metaspace   ] GC(343) Metaspace: 35146K(35840K)->35146K(35840K) NonClass: 28887K(29376K)->28887K(29376K) Class: 6259K(6464K)->6259K(6464K)
[141.482s][info][gc             ] GC(343) Pause Young (Allocation Failure) 707M->422M(726M) 1.528ms
[141.482s][info][gc,cpu         ] GC(343) User=0.00s Sys=0.00s Real=0.00s
[141.535s][info][gc,start       ] GC(344) Pause Young (Allocation Failure)
[141.536s][info][gc,heap        ] GC(344) PSYoungGen: 291904K(310784K)->64K(313856K) Eden: 291840K(291840K)->0K(295936K) From: 64K(18944K)->64K(17920K)
[141.536s][info][gc,heap        ] GC(344) ParOldGen: 432191K(432640K)->432191K(432640K)
[141.536s][info][gc,metaspace   ] GC(344) Metaspace: 35146K(35840K)->35146K(35840K) NonClass: 28887K(29376K)->28887K(29376K) Class: 6259K(6464K)->6259K(6464K)
[141.536s][info][gc             ] GC(344) Pause Young (Allocation Failure) 707M->422M(729M) 1.585ms
[141.536s][info][gc,cpu         ] GC(344) User=0.01s Sys=0.00s Real=0.01s
[141.741s][info][gc,start       ] GC(345) Pause Young (Allocation Failure)
[141.742s][info][gc,heap        ] GC(345) PSYoungGen: 296000K(313856K)->64K(312832K) Eden: 295936K(295936K)->0K(295936K) From: 64K(17920K)->64K(16896K)
[141.742s][info][gc,heap        ] GC(345) ParOldGen: 432191K(432640K)->432191K(432640K)
[141.742s][info][gc,metaspace   ] GC(345) Metaspace: 35146K(35840K)->35146K(35840K) NonClass: 28887K(29376K)->28887K(29376K) Class: 6259K(6464K)->6259K(6464K)
[141.742s][info][gc             ] GC(345) Pause Young (Allocation Failure) 711M->422M(728M) 1.697ms
[141.742s][info][gc,cpu         ] GC(345) User=0.00s Sys=0.00s Real=0.00s
[141.954s][info][gc,start       ] GC(346) Pause Young (Allocation Failure)
[141.955s][info][gc,heap        ] GC(346) PSYoungGen: 296000K(312832K)->64K(315904K) Eden: 295936K(295936K)->0K(300032K) From: 64K(16896K)->64K(15872K)
[141.955s][info][gc,heap        ] GC(346) ParOldGen: 432191K(432640K)->432199K(432640K)
[141.955s][info][gc,metaspace   ] GC(346) Metaspace: 35146K(35840K)->35146K(35840K) NonClass: 28887K(29376K)->28887K(29376K) Class: 6259K(6464K)->6259K(6464K)
[141.955s][info][gc             ] GC(346) Pause Young (Allocation Failure) 711M->422M(731M) 1.687ms
[141.955s][info][gc,cpu         ] GC(346) User=0.00s Sys=0.00s Real=0.00s
[142.064s][info][gc,start       ] GC(347) Pause Young (Allocation Failure)
[142.066s][info][gc,heap        ] GC(347) PSYoungGen: 300096K(315904K)->64K(315392K) Eden: 300032K(300032K)->0K(300032K) From: 64K(15872K)->64K(15360K)
[142.066s][info][gc,heap        ] GC(347) ParOldGen: 432199K(432640K)->432207K(432640K)
[142.066s][info][gc,metaspace   ] GC(347) Metaspace: 35146K(35840K)->35146K(35840K) NonClass: 28887K(29376K)->28887K(29376K) Class: 6259K(6464K)->6259K(6464K)
[142.066s][info][gc             ] GC(347) Pause Young (Allocation Failure) 715M->422M(730M) 1.589ms
[142.066s][info][gc,cpu         ] GC(347) User=0.00s Sys=0.00s Real=0.00s
[142.173s][info][gc,start       ] GC(348) Pause Young (Allocation Failure)
[142.174s][info][gc,heap        ] GC(348) PSYoungGen: 300096K(315392K)->64K(317440K) Eden: 300032K(300032K)->0K(303616K) From: 64K(15360K)->64K(13824K)
[142.174s][info][gc,heap        ] GC(348) ParOldGen: 432207K(432640K)->432215K(432640K)
[142.174s][info][gc,metaspace   ] GC(348) Metaspace: 35146K(35840K)->35146K(35840K) NonClass: 28887K(29376K)->28887K(29376K) Class: 6259K(6464K)->6259K(6464K)
[142.174s][info][gc             ] GC(348) Pause Young (Allocation Failure) 715M->422M(732M) 1.590ms
[142.174s][info][gc,cpu         ] GC(348) User=0.00s Sys=0.00s Real=0.00s
[142.426s][info][gc,start       ] GC(349) Pause Young (Allocation Failure)
[142.427s][info][gc,heap        ] GC(349) PSYoungGen: 303680K(317440K)->64K(316928K) Eden: 303616K(303616K)->0K(303616K) From: 64K(13824K)->64K(13312K)
[142.428s][info][gc,heap        ] GC(349) ParOldGen: 432215K(432640K)->432223K(432640K)
[142.428s][info][gc,metaspace   ] GC(349) Metaspace: 35146K(35840K)->35146K(35840K) NonClass: 28887K(29376K)->28887K(29376K) Class: 6259K(6464K)->6259K(6464K)
[142.428s][info][gc             ] GC(349) Pause Young (Allocation Failure) 718M->422M(732M) 1.602ms
[142.428s][info][gc,cpu         ] GC(349) User=0.00s Sys=0.00s Real=0.00s
[143.296s][info][gc,start       ] GC(350) Pause Young (Allocation Failure)
[143.297s][info][gc,heap        ] GC(350) PSYoungGen: 303680K(316928K)->64K(291840K) Eden: 303616K(303616K)->0K(291328K) From: 64K(13312K)->64K(512K)
[143.297s][info][gc,heap        ] GC(350) ParOldGen: 432223K(432640K)->432231K(432640K)
[143.297s][info][gc,metaspace   ] GC(350) Metaspace: 35146K(35840K)->35146K(35840K) NonClass: 28887K(29376K)->28887K(29376K) Class: 6259K(6464K)->6259K(6464K)
[143.297s][info][gc             ] GC(350) Pause Young (Allocation Failure) 718M->422M(707M) 1.605ms
[143.297s][info][gc,cpu         ] GC(350) User=0.00s Sys=0.00s Real=0.00s
[144.225s][info][gc,start       ] GC(351) Pause Young (Allocation Failure)
[144.226s][info][gc,heap        ] GC(351) PSYoungGen: 291392K(291840K)->64K(291328K) Eden: 291328K(291328K)->0K(279552K) From: 64K(512K)->64K(11776K)
[144.226s][info][gc,heap        ] GC(351) ParOldGen: 432231K(432640K)->432239K(432640K)
[144.226s][info][gc,metaspace   ] GC(351) Metaspace: 35146K(35840K)->35146K(35840K) NonClass: 28887K(29376K)->28887K(29376K) Class: 6259K(6464K)->6259K(6464K)
[144.226s][info][gc             ] GC(351) Pause Young (Allocation Failure) 706M->422M(707M) 1.599ms
[144.226s][info][gc,cpu         ] GC(351) User=0.01s Sys=0.00s Real=0.01s
[144.615s][info][gc,start       ] GC(352) Pause Young (Allocation Failure)
[144.617s][info][gc,heap        ] GC(352) PSYoungGen: 279616K(291328K)->64K(268800K) Eden: 279552K(279552K)->0K(268288K) From: 64K(11776K)->64K(512K)
[144.617s][info][gc,heap        ] GC(352) ParOldGen: 432239K(432640K)->432247K(432640K)
[144.617s][info][gc,metaspace   ] GC(352) Metaspace: 35146K(35840K)->35146K(35840K) NonClass: 28887K(29376K)->28887K(29376K) Class: 6259K(6464K)->6259K(6464K)
[144.617s][info][gc             ] GC(352) Pause Young (Allocation Failure) 695M->422M(685M) 1.673ms
[144.617s][info][gc,cpu         ] GC(352) User=0.00s Sys=0.00s Real=0.01s
[145.011s][info][gc,start       ] GC(353) Pause Young (Allocation Failure)
[145.012s][info][gc,heap        ] GC(353) PSYoungGen: 268352K(268800K)->64K(267776K) Eden: 268288K(268288K)->0K(257536K) From: 64K(512K)->64K(10240K)
[145.012s][info][gc,heap        ] GC(353) ParOldGen: 432247K(432640K)->432255K(432640K)
[145.012s][info][gc,metaspace   ] GC(353) Metaspace: 35146K(35840K)->35146K(35840K) NonClass: 28887K(29376K)->28887K(29376K) Class: 6259K(6464K)->6259K(6464K)
[145.012s][info][gc             ] GC(353) Pause Young (Allocation Failure) 684M->422M(684M) 1.549ms
[145.012s][info][gc,cpu         ] GC(353) User=0.00s Sys=0.00s Real=0.00s
[145.955s][info][gc,start       ] GC(354) Pause Young (Allocation Failure)
[145.957s][info][gc,heap        ] GC(354) PSYoungGen: 257600K(267776K)->64K(247808K) Eden: 257536K(257536K)->0K(247296K) From: 64K(10240K)->64K(512K)
[145.957s][info][gc,heap        ] GC(354) ParOldGen: 432255K(432640K)->432263K(432640K)
[145.957s][info][gc,metaspace   ] GC(354) Metaspace: 35146K(35840K)->35146K(35840K) NonClass: 28887K(29376K)->28887K(29376K) Class: 6259K(6464K)->6259K(6464K)
[145.957s][info][gc             ] GC(354) Pause Young (Allocation Failure) 673M->422M(664M) 1.880ms
[145.957s][info][gc,cpu         ] GC(354) User=0.00s Sys=0.00s Real=0.01s
[146.327s][info][gc,start       ] GC(355) Pause Young (Allocation Failure)
[146.329s][info][gc,heap        ] GC(355) PSYoungGen: 247360K(247808K)->64K(246272K) Eden: 247296K(247296K)->0K(237568K) From: 64K(512K)->64K(8704K)
[146.329s][info][gc,heap        ] GC(355) ParOldGen: 432263K(432640K)->432271K(432640K)
[146.329s][info][gc,metaspace   ] GC(355) Metaspace: 35146K(35840K)->35146K(35840K) NonClass: 28887K(29376K)->28887K(29376K) Class: 6259K(6464K)->6259K(6464K)
[146.329s][info][gc             ] GC(355) Pause Young (Allocation Failure) 663M->422M(663M) 1.722ms
[146.329s][info][gc,cpu         ] GC(355) User=0.00s Sys=0.00s Real=0.00s
[146.419s][info][gc,start       ] GC(356) Pause Young (Allocation Failure)
[146.422s][info][gc,heap        ] GC(356) PSYoungGen: 237632K(246272K)->64K(228864K) Eden: 237568K(237568K)->0K(228352K) From: 64K(8704K)->64K(512K)
[146.422s][info][gc,heap        ] GC(356) ParOldGen: 432271K(432640K)->432279K(432640K)
[146.422s][info][gc,metaspace   ] GC(356) Metaspace: 35146K(35840K)->35146K(35840K) NonClass: 28887K(29376K)->28887K(29376K) Class: 6259K(6464K)->6259K(6464K)
[146.422s][info][gc             ] GC(356) Pause Young (Allocation Failure) 654M->422M(646M) 2.370ms
[146.422s][info][gc,cpu         ] GC(356) User=0.01s Sys=0.00s Real=0.00s
[146.812s][info][gc,start       ] GC(357) Pause Young (Allocation Failure)
[146.813s][info][gc,heap        ] GC(357) PSYoungGen: 228416K(228864K)->64K(227328K) Eden: 228352K(228352K)->0K(219648K) From: 64K(512K)->64K(7680K)
[146.813s][info][gc,heap        ] GC(357) ParOldGen: 432279K(432640K)->432287K(432640K)
[146.813s][info][gc,metaspace   ] GC(357) Metaspace: 35146K(35840K)->35146K(35840K) NonClass: 28887K(29376K)->28887K(29376K) Class: 6259K(6464K)->6259K(6464K)
[146.813s][info][gc             ] GC(357) Pause Young (Allocation Failure) 645M->422M(644M) 1.560ms
[146.813s][info][gc,cpu         ] GC(357) User=0.01s Sys=0.00s Real=0.00s
[147.214s][info][gc,start       ] GC(358) Pause Young (Allocation Failure)
[147.217s][info][gc,heap        ] GC(358) PSYoungGen: 219712K(227328K)->64K(211968K) Eden: 219648K(219648K)->0K(211456K) From: 64K(7680K)->64K(512K)
[147.217s][info][gc,heap        ] GC(358) ParOldGen: 432287K(432640K)->432295K(432640K)
[147.217s][info][gc,metaspace   ] GC(358) Metaspace: 35146K(35840K)->35146K(35840K) NonClass: 28887K(29376K)->28887K(29376K) Class: 6259K(6464K)->6259K(6464K)
[147.217s][info][gc             ] GC(358) Pause Young (Allocation Failure) 636M->422M(629M) 2.709ms
[147.217s][info][gc,cpu         ] GC(358) User=0.00s Sys=0.00s Real=0.01s
[147.591s][info][gc,start       ] GC(359) Pause Young (Allocation Failure)
[147.597s][info][gc,heap        ] GC(359) PSYoungGen: 211520K(211968K)->1440K(210432K) Eden: 211456K(211456K)->0K(203776K) From: 64K(512K)->1440K(6656K)
[147.597s][info][gc,heap        ] GC(359) ParOldGen: 432295K(432640K)->432303K(432640K)
[147.597s][info][gc,metaspace   ] GC(359) Metaspace: 35146K(35840K)->35146K(35840K) NonClass: 28887K(29376K)->28887K(29376K) Class: 6259K(6464K)->6259K(6464K)
[147.597s][info][gc             ] GC(359) Pause Young (Allocation Failure) 628M->423M(628M) 6.521ms
[147.597s][info][gc,cpu         ] GC(359) User=0.01s Sys=0.00s Real=0.01s
[147.819s][info][gc,start       ] GC(360) Pause Young (Allocation Failure)
[147.869s][info][gc,heap        ] GC(360) PSYoungGen: 205216K(210432K)->6144K(250880K) Eden: 203776K(203776K)->0K(244736K) From: 1440K(6656K)->6144K(6144K)
[147.869s][info][gc,heap        ] GC(360) ParOldGen: 432303K(432640K)->447895K(448000K)
[147.869s][info][gc,metaspace   ] GC(360) Metaspace: 35146K(35840K)->35146K(35840K) NonClass: 28887K(29376K)->28887K(29376K) Class: 6259K(6464K)->6259K(6464K)
[147.869s][info][gc             ] GC(360) Pause Young (Allocation Failure) 622M->443M(682M) 49.997ms
[147.869s][info][gc,cpu         ] GC(360) User=0.08s Sys=0.01s Real=0.05s
[148.137s][info][gc,start       ] GC(361) Pause Young (Allocation Failure)
[148.190s][info][gc,heap        ] GC(361) PSYoungGen: 250880K(250880K)->13824K(271872K) Eden: 244736K(244736K)->0K(258048K) From: 6144K(6144K)->13824K(13824K)
[148.190s][info][gc,heap        ] GC(361) ParOldGen: 447895K(448000K)->460743K(460800K)
[148.190s][info][gc,metaspace   ] GC(361) Metaspace: 35146K(35840K)->35146K(35840K) NonClass: 28887K(29376K)->28887K(29376K) Class: 6259K(6464K)->6259K(6464K)
[148.190s][info][gc             ] GC(361) Pause Young (Allocation Failure) 682M->463M(715M) 53.151ms
[148.190s][info][gc,cpu         ] GC(361) User=0.10s Sys=0.01s Real=0.05s
[148.410s][info][gc,start       ] GC(362) Pause Young (Allocation Failure)
[148.455s][info][gc,heap        ] GC(362) PSYoungGen: 271872K(271872K)->19712K(305152K) Eden: 258048K(258048K)->0K(283648K) From: 13824K(13824K)->19712K(21504K)
[148.455s][info][gc,heap        ] GC(362) ParOldGen: 460743K(460800K)->461207K(461312K)
[148.455s][info][gc,metaspace   ] GC(362) Metaspace: 35146K(35840K)->35146K(35840K) NonClass: 28887K(29376K)->28887K(29376K) Class: 6259K(6464K)->6259K(6464K)
[148.455s][info][gc             ] GC(362) Pause Young (Allocation Failure) 715M->469M(748M) 45.104ms
[148.455s][info][gc,cpu         ] GC(362) User=0.08s Sys=0.01s Real=0.04s
[148.679s][info][gc,start       ] GC(363) Pause Young (Allocation Failure)
[148.681s][info][gc,heap        ] GC(363) PSYoungGen: 303360K(305152K)->64K(308736K) Eden: 283648K(283648K)->0K(283648K) From: 19712K(21504K)->64K(25088K)
[148.681s][info][gc,heap        ] GC(363) ParOldGen: 461207K(461312K)->461215K(461312K)
[148.681s][info][gc,metaspace   ] GC(363) Metaspace: 35146K(35840K)->35146K(35840K) NonClass: 28887K(29376K)->28887K(29376K) Class: 6259K(6464K)->6259K(6464K)
[148.681s][info][gc             ] GC(363) Pause Young (Allocation Failure) 746M->450M(752M) 1.793ms
[148.681s][info][gc,cpu         ] GC(363) User=0.00s Sys=0.00s Real=0.00s
[149.406s][info][gc,start       ] GC(364) Pause Young (Allocation Failure)
[149.408s][info][gc,heap        ] GC(364) PSYoungGen: 283712K(308736K)->64K(306176K) Eden: 283648K(283648K)->0K(284160K) From: 64K(25088K)->64K(22016K)
[149.408s][info][gc,heap        ] GC(364) ParOldGen: 461215K(461312K)->461223K(461312K)
[149.408s][info][gc,metaspace   ] GC(364) Metaspace: 35148K(35840K)->35148K(35840K) NonClass: 28888K(29376K)->28888K(29376K) Class: 6259K(6464K)->6259K(6464K)
[149.408s][info][gc             ] GC(364) Pause Young (Allocation Failure) 727M->450M(749M) 1.722ms
[149.408s][info][gc,cpu         ] GC(364) User=0.01s Sys=0.00s Real=0.00s
[149.678s][info][gc,start       ] GC(365) Pause Young (Allocation Failure)
[149.680s][info][gc,heap        ] GC(365) PSYoungGen: 284224K(306176K)->64K(307712K) Eden: 284160K(284160K)->0K(284160K) From: 64K(22016K)->64K(23552K)
[149.680s][info][gc,heap        ] GC(365) ParOldGen: 461223K(461312K)->461239K(461312K)
[149.680s][info][gc,metaspace   ] GC(365) Metaspace: 35148K(35840K)->35148K(35840K) NonClass: 28888K(29376K)->28888K(29376K) Class: 6259K(6464K)->6259K(6464K)
[149.680s][info][gc             ] GC(365) Pause Young (Allocation Failure) 727M->450M(751M) 1.716ms
[149.680s][info][gc,cpu         ] GC(365) User=0.00s Sys=0.00s Real=0.00s
[150.116s][info][gc,start       ] GC(366) Pause Young (Allocation Failure)
[150.117s][info][gc,heap        ] GC(366) PSYoungGen: 284224K(307712K)->64K(308736K) Eden: 284160K(284160K)->0K(287744K) From: 64K(23552K)->64K(20992K)
[150.117s][info][gc,heap        ] GC(366) ParOldGen: 461239K(461312K)->461247K(461312K)
[150.117s][info][gc,metaspace   ] GC(366) Metaspace: 35148K(35840K)->35148K(35840K) NonClass: 28888K(29376K)->28888K(29376K) Class: 6259K(6464K)->6259K(6464K)
[150.117s][info][gc             ] GC(366) Pause Young (Allocation Failure) 727M->450M(752M) 1.688ms
[150.117s][info][gc,cpu         ] GC(366) User=0.01s Sys=0.00s Real=0.01s
[150.347s][info][gc,start       ] GC(367) Pause Young (Allocation Failure)
[150.349s][info][gc,heap        ] GC(367) PSYoungGen: 287808K(308736K)->64K(309760K) Eden: 287744K(287744K)->0K(287744K) From: 64K(20992K)->64K(22016K)
[150.349s][info][gc,heap        ] GC(367) ParOldGen: 461247K(461312K)->461263K(461312K)
[150.349s][info][gc,metaspace   ] GC(367) Metaspace: 35148K(35840K)->35148K(35840K) NonClass: 28888K(29376K)->28888K(29376K) Class: 6259K(6464K)->6259K(6464K)
[150.349s][info][gc             ] GC(367) Pause Young (Allocation Failure) 731M->450M(753M) 1.706ms
[150.349s][info][gc,cpu         ] GC(367) User=0.00s Sys=0.00s Real=0.00s
[150.578s][info][gc,start       ] GC(368) Pause Young (Allocation Failure)
[150.579s][info][gc,heap        ] GC(368) PSYoungGen: 287808K(309760K)->64K(309760K) Eden: 287744K(287744K)->0K(290816K) From: 64K(22016K)->64K(18944K)
[150.579s][info][gc,heap        ] GC(368) ParOldGen: 461263K(461312K)->461263K(461312K)
[150.579s][info][gc,metaspace   ] GC(368) Metaspace: 35148K(35840K)->35148K(35840K) NonClass: 28888K(29376K)->28888K(29376K) Class: 6259K(6464K)->6259K(6464K)
[150.579s][info][gc             ] GC(368) Pause Young (Allocation Failure) 731M->450M(753M) 1.743ms
[150.579s][info][gc,cpu         ] GC(368) User=0.00s Sys=0.00s Real=0.00s
[150.872s][info][gc,start       ] GC(369) Pause Young (Allocation Failure)
[150.874s][info][gc,heap        ] GC(369) PSYoungGen: 290880K(309760K)->64K(310784K) Eden: 290816K(290816K)->0K(290816K) From: 64K(18944K)->64K(19968K)
[150.874s][info][gc,heap        ] GC(369) ParOldGen: 461263K(461312K)->461263K(461312K)
[150.874s][info][gc,metaspace   ] GC(369) Metaspace: 35150K(35840K)->35150K(35840K) NonClass: 28890K(29376K)->28890K(29376K) Class: 6259K(6464K)->6259K(6464K)
[150.874s][info][gc             ] GC(369) Pause Young (Allocation Failure) 734M->450M(754M) 1.710ms
[150.874s][info][gc,cpu         ] GC(369) User=0.00s Sys=0.00s Real=0.00s
[150.927s][info][gc,start       ] GC(370) Pause Young (Allocation Failure)
[150.929s][info][gc,heap        ] GC(370) PSYoungGen: 290880K(310784K)->64K(311808K) Eden: 290816K(290816K)->0K(294912K) From: 64K(19968K)->64K(16896K)
[150.929s][info][gc,heap        ] GC(370) ParOldGen: 461263K(461312K)->461279K(461312K)
[150.929s][info][gc,metaspace   ] GC(370) Metaspace: 35150K(35840K)->35150K(35840K) NonClass: 28890K(29376K)->28890K(29376K) Class: 6259K(6464K)->6259K(6464K)
[150.929s][info][gc             ] GC(370) Pause Young (Allocation Failure) 734M->450M(755M) 1.666ms
[150.929s][info][gc,cpu         ] GC(370) User=0.00s Sys=0.00s Real=0.00s
[151.011s][info][gc,start       ] GC(371) Pause Young (Allocation Failure)
[151.012s][info][gc,heap        ] GC(371) PSYoungGen: 294976K(311808K)->64K(312832K) Eden: 294912K(294912K)->0K(294912K) From: 64K(16896K)->64K(17920K)
[151.012s][info][gc,heap        ] GC(371) ParOldGen: 461279K(461312K)->461279K(461312K)
[151.012s][info][gc,metaspace   ] GC(371) Metaspace: 35150K(35840K)->35150K(35840K) NonClass: 28890K(29376K)->28890K(29376K) Class: 6259K(6464K)->6259K(6464K)
[151.012s][info][gc             ] GC(371) Pause Young (Allocation Failure) 738M->450M(756M) 1.671ms
[151.012s][info][gc,cpu         ] GC(371) User=0.00s Sys=0.00s Real=0.00s
[151.226s][info][gc,start       ] GC(372) Pause Young (Allocation Failure)
[151.228s][info][gc,heap        ] GC(372) PSYoungGen: 294976K(312832K)->32K(313856K) Eden: 294912K(294912K)->0K(299008K) From: 64K(17920K)->32K(14848K)
[151.228s][info][gc,heap        ] GC(372) ParOldGen: 461279K(461312K)->461295K(461312K)
[151.228s][info][gc,metaspace   ] GC(372) Metaspace: 35150K(35840K)->35150K(35840K) NonClass: 28890K(29376K)->28890K(29376K) Class: 6259K(6464K)->6259K(6464K)
[151.228s][info][gc             ] GC(372) Pause Young (Allocation Failure) 738M->450M(757M) 1.670ms
[151.228s][info][gc,cpu         ] GC(372) User=0.00s Sys=0.00s Real=0.00s
[151.469s][info][gc,start       ] GC(373) Pause Young (Allocation Failure)
[151.470s][info][gc,heap        ] GC(373) PSYoungGen: 299040K(313856K)->64K(314880K) Eden: 299008K(299008K)->0K(299008K) From: 32K(14848K)->64K(15872K)
[151.470s][info][gc,heap        ] GC(373) ParOldGen: 461295K(461312K)->461295K(461312K)
[151.470s][info][gc,metaspace   ] GC(373) Metaspace: 35153K(35840K)->35153K(35840K) NonClass: 28894K(29376K)->28894K(29376K) Class: 6259K(6464K)->6259K(6464K)
[151.470s][info][gc             ] GC(373) Pause Young (Allocation Failure) 742M->450M(758M) 1.701ms
[151.470s][info][gc,cpu         ] GC(373) User=0.00s Sys=0.00s Real=0.00s
[151.551s][info][gc,start       ] GC(374) Pause Young (Allocation Failure)
[151.553s][info][gc,heap        ] GC(374) PSYoungGen: 299072K(314880K)->64K(315904K) Eden: 299008K(299008K)->0K(303104K) From: 64K(15872K)->64K(12800K)
[151.553s][info][gc,heap        ] GC(374) ParOldGen: 461295K(461312K)->461311K(461312K)
[151.553s][info][gc,metaspace   ] GC(374) Metaspace: 35153K(35840K)->35153K(35840K) NonClass: 28894K(29376K)->28894K(29376K) Class: 6259K(6464K)->6259K(6464K)
[151.553s][info][gc             ] GC(374) Pause Young (Allocation Failure) 742M->450M(759M) 1.718ms
[151.553s][info][gc,cpu         ] GC(374) User=0.00s Sys=0.00s Real=0.00s
[151.682s][info][gc,start       ] GC(375) Pause Young (Allocation Failure)
[151.684s][info][gc,heap        ] GC(375) PSYoungGen: 303168K(315904K)->64K(316928K) Eden: 303104K(303104K)->0K(303104K) From: 64K(12800K)->64K(13824K)
[151.684s][info][gc,heap        ] GC(375) ParOldGen: 461311K(461312K)->461311K(461312K)
[151.684s][info][gc,metaspace   ] GC(375) Metaspace: 35153K(35840K)->35153K(35840K) NonClass: 28894K(29376K)->28894K(29376K) Class: 6259K(6464K)->6259K(6464K)
[151.684s][info][gc             ] GC(375) Pause Young (Allocation Failure) 746M->450M(760M) 1.728ms
[151.684s][info][gc,cpu         ] GC(375) User=0.00s Sys=0.00s Real=0.00s
[152.079s][info][gc,start       ] GC(376) Pause Young (Allocation Failure)
[152.081s][info][gc,heap        ] GC(376) PSYoungGen: 303168K(316928K)->64K(317440K) Eden: 303104K(303104K)->0K(306688K) From: 64K(13824K)->64K(10752K)
[152.081s][info][gc,heap        ] GC(376) ParOldGen: 461311K(461312K)->461319K(461824K)
[152.081s][info][gc,metaspace   ] GC(376) Metaspace: 35153K(35840K)->35153K(35840K) NonClass: 28894K(29376K)->28894K(29376K) Class: 6259K(6464K)->6259K(6464K)
[152.081s][info][gc             ] GC(376) Pause Young (Allocation Failure) 746M->450M(761M) 1.772ms
[152.081s][info][gc,cpu         ] GC(376) User=0.01s Sys=0.00s Real=0.00s
[152.796s][info][gc,start       ] GC(377) Pause Young (Allocation Failure)
[152.799s][info][gc,heap        ] GC(377) PSYoungGen: 306752K(317440K)->64K(294912K) Eden: 306688K(306688K)->0K(294400K) From: 64K(10752K)->64K(512K)
[152.799s][info][gc,heap        ] GC(377) ParOldGen: 461319K(461824K)->461327K(461824K)
[152.799s][info][gc,metaspace   ] GC(377) Metaspace: 35153K(35840K)->35153K(35840K) NonClass: 28894K(29376K)->28894K(29376K) Class: 6259K(6464K)->6259K(6464K)
[152.799s][info][gc             ] GC(377) Pause Young (Allocation Failure) 750M->450M(739M) 3.129ms
[152.799s][info][gc,cpu         ] GC(377) User=0.01s Sys=0.00s Real=0.00s
[153.797s][info][gc,start       ] GC(378) Pause Young (Allocation Failure)
[153.799s][info][gc,heap        ] GC(378) PSYoungGen: 294464K(294912K)->64K(283136K) Eden: 294400K(294400K)->0K(282624K) From: 64K(512K)->64K(512K)
[153.799s][info][gc,heap        ] GC(378) ParOldGen: 461327K(461824K)->461335K(461824K)
[153.799s][info][gc,metaspace   ] GC(378) Metaspace: 35153K(35840K)->35153K(35840K) NonClass: 28894K(29376K)->28894K(29376K) Class: 6259K(6464K)->6259K(6464K)
[153.799s][info][gc             ] GC(378) Pause Young (Allocation Failure) 738M->450M(727M) 2.354ms
[153.799s][info][gc,cpu         ] GC(378) User=0.01s Sys=0.00s Real=0.00s
[154.275s][info][gc,start       ] GC(379) Pause Young (Allocation Failure)
[154.278s][info][gc,heap        ] GC(379) PSYoungGen: 282688K(283136K)->64K(282112K) Eden: 282624K(282624K)->0K(271360K) From: 64K(512K)->64K(10752K)
[154.278s][info][gc,heap        ] GC(379) ParOldGen: 461335K(461824K)->461343K(461824K)
[154.278s][info][gc,metaspace   ] GC(379) Metaspace: 35153K(35840K)->35153K(35840K) NonClass: 28894K(29376K)->28894K(29376K) Class: 6259K(6464K)->6259K(6464K)
[154.278s][info][gc             ] GC(379) Pause Young (Allocation Failure) 726M->450M(726M) 2.339ms
[154.278s][info][gc,cpu         ] GC(379) User=0.00s Sys=0.00s Real=0.01s
[155.268s][info][gc,start       ] GC(380) Pause Young (Allocation Failure)
[155.270s][info][gc,heap        ] GC(380) PSYoungGen: 271424K(282112K)->64K(261120K) Eden: 271360K(271360K)->0K(260608K) From: 64K(10752K)->64K(512K)
[155.270s][info][gc,heap        ] GC(380) ParOldGen: 461343K(461824K)->461351K(461824K)
[155.270s][info][gc,metaspace   ] GC(380) Metaspace: 35153K(35840K)->35153K(35840K) NonClass: 28894K(29376K)->28894K(29376K) Class: 6259K(6464K)->6259K(6464K)
[155.270s][info][gc             ] GC(380) Pause Young (Allocation Failure) 715M->450M(706M) 2.208ms
[155.270s][info][gc,cpu         ] GC(380) User=0.00s Sys=0.00s Real=0.00s
[155.675s][info][gc,start       ] GC(381) Pause Young (Allocation Failure)
[155.677s][info][gc,heap        ] GC(381) PSYoungGen: 260672K(261120K)->64K(259584K) Eden: 260608K(260608K)->0K(250368K) From: 64K(512K)->64K(9216K)
[155.677s][info][gc,heap        ] GC(381) ParOldGen: 461351K(461824K)->461359K(461824K)
[155.677s][info][gc,metaspace   ] GC(381) Metaspace: 35153K(35840K)->35153K(35840K) NonClass: 28894K(29376K)->28894K(29376K) Class: 6259K(6464K)->6259K(6464K)
[155.677s][info][gc             ] GC(381) Pause Young (Allocation Failure) 705M->450M(704M) 1.690ms
[155.677s][info][gc,cpu         ] GC(381) User=0.00s Sys=0.00s Real=0.01s
[155.869s][info][gc,start       ] GC(382) Pause Young (Allocation Failure)
[155.871s][info][gc,heap        ] GC(382) PSYoungGen: 250432K(259584K)->64K(241152K) Eden: 250368K(250368K)->0K(240640K) From: 64K(9216K)->64K(512K)
[155.871s][info][gc,heap        ] GC(382) ParOldGen: 461359K(461824K)->461367K(461824K)
[155.871s][info][gc,metaspace   ] GC(382) Metaspace: 35153K(35840K)->35153K(35840K) NonClass: 28894K(29376K)->28894K(29376K) Class: 6259K(6464K)->6259K(6464K)
[155.871s][info][gc             ] GC(382) Pause Young (Allocation Failure) 695M->450M(686M) 2.262ms
[155.871s][info][gc,cpu         ] GC(382) User=0.00s Sys=0.00s Real=0.00s
[155.962s][info][gc,start       ] GC(383) Pause Young (Allocation Failure)
[155.963s][info][gc,heap        ] GC(383) PSYoungGen: 240704K(241152K)->64K(239616K) Eden: 240640K(240640K)->0K(231424K) From: 64K(512K)->64K(8192K)
[155.963s][info][gc,heap        ] GC(383) ParOldGen: 461367K(461824K)->461375K(461824K)
[155.963s][info][gc,metaspace   ] GC(383) Metaspace: 35153K(35840K)->35153K(35840K) NonClass: 28894K(29376K)->28894K(29376K) Class: 6259K(6464K)->6259K(6464K)
[155.963s][info][gc             ] GC(383) Pause Young (Allocation Failure) 685M->450M(685M) 1.651ms
[155.963s][info][gc,cpu         ] GC(383) User=0.00s Sys=0.00s Real=0.00s
[156.576s][info][gc,start       ] GC(384) Pause Young (Allocation Failure)
[156.578s][info][gc,heap        ] GC(384) PSYoungGen: 231488K(239616K)->64K(223232K) Eden: 231424K(231424K)->0K(222720K) From: 64K(8192K)->64K(512K)
[156.578s][info][gc,heap        ] GC(384) ParOldGen: 461375K(461824K)->461383K(461824K)
[156.578s][info][gc,metaspace   ] GC(384) Metaspace: 35153K(35840K)->35153K(35840K) NonClass: 28894K(29376K)->28894K(29376K) Class: 6259K(6464K)->6259K(6464K)
[156.578s][info][gc             ] GC(384) Pause Young (Allocation Failure) 676M->450M(669M) 2.172ms
[156.578s][info][gc,cpu         ] GC(384) User=0.00s Sys=0.00s Real=0.00s
[156.863s][info][gc,start       ] GC(385) Pause Young (Allocation Failure)
[156.864s][info][gc,heap        ] GC(385) PSYoungGen: 222784K(223232K)->64K(221696K) Eden: 222720K(222720K)->0K(214528K) From: 64K(512K)->64K(7168K)
[156.864s][info][gc,heap        ] GC(385) ParOldGen: 461383K(461824K)->461391K(461824K)
[156.864s][info][gc,metaspace   ] GC(385) Metaspace: 35153K(35840K)->35153K(35840K) NonClass: 28894K(29376K)->28894K(29376K) Class: 6259K(6464K)->6259K(6464K)
[156.864s][info][gc             ] GC(385) Pause Young (Allocation Failure) 668M->450M(667M) 1.732ms
[156.864s][info][gc,cpu         ] GC(385) User=0.00s Sys=0.00s Real=0.00s
[157.188s][info][gc,start       ] GC(386) Pause Young (Allocation Failure)
[157.211s][info][gc,heap        ] GC(386) PSYoungGen: 214592K(221696K)->6656K(264192K) Eden: 214528K(214528K)->0K(257536K) From: 64K(7168K)->6656K(6656K)
[157.211s][info][gc,heap        ] GC(386) ParOldGen: 461391K(461824K)->467239K(467456K)
[157.211s][info][gc,metaspace   ] GC(386) Metaspace: 35153K(35840K)->35153K(35840K) NonClass: 28894K(29376K)->28894K(29376K) Class: 6259K(6464K)->6259K(6464K)
[157.211s][info][gc             ] GC(386) Pause Young (Allocation Failure) 660M->462M(714M) 23.272ms
[157.211s][info][gc,cpu         ] GC(386) User=0.04s Sys=0.01s Real=0.02s
[157.491s][info][gc,start       ] GC(387) Pause Young (Allocation Failure)
[157.547s][info][gc,heap        ] GC(387) PSYoungGen: 264192K(264192K)->10240K(274432K) Eden: 257536K(257536K)->0K(264192K) From: 6656K(6656K)->10240K(10240K)
[157.547s][info][gc,heap        ] GC(387) ParOldGen: 467239K(467456K)->484679K(484864K)
[157.547s][info][gc,metaspace   ] GC(387) Metaspace: 35153K(35840K)->35153K(35840K) NonClass: 28894K(29376K)->28894K(29376K) Class: 6259K(6464K)->6259K(6464K)
[157.547s][info][gc             ] GC(387) Pause Young (Allocation Failure) 714M->483M(741M) 55.631ms
[157.547s][info][gc,cpu         ] GC(387) User=0.10s Sys=0.01s Real=0.06s
[157.834s][info][gc,start       ] GC(388) Pause Young (Allocation Failure)
[157.899s][info][gc,heap        ] GC(388) PSYoungGen: 274432K(274432K)->18944K(299520K) Eden: 264192K(264192K)->0K(280576K) From: 10240K(10240K)->18944K(18944K)
[157.899s][info][gc,heap        ] GC(388) ParOldGen: 484679K(484864K)->494527K(494592K)
[157.899s][info][gc,metaspace   ] GC(388) Metaspace: 35153K(35840K)->35153K(35840K) NonClass: 28894K(29376K)->28894K(29376K) Class: 6259K(6464K)->6259K(6464K)
[157.899s][info][gc             ] GC(388) Pause Young (Allocation Failure) 741M->501M(775M) 64.631ms
[157.899s][info][gc,cpu         ] GC(388) User=0.10s Sys=0.02s Real=0.07s
[158.002s][info][gc,start       ] GC(389) Pause Young (Allocation Failure)
[158.008s][info][gc,heap        ] GC(389) PSYoungGen: 299520K(299520K)->864K(307200K) Eden: 280576K(280576K)->0K(280576K) From: 18944K(18944K)->864K(26624K)
[158.008s][info][gc,heap        ] GC(389) ParOldGen: 494527K(494592K)->494879K(495104K)
[158.008s][info][gc,metaspace   ] GC(389) Metaspace: 35153K(35840K)->35153K(35840K) NonClass: 28894K(29376K)->28894K(29376K) Class: 6259K(6464K)->6259K(6464K)
[158.008s][info][gc             ] GC(389) Pause Young (Allocation Failure) 775M->484M(783M) 5.774ms
[158.008s][info][gc,cpu         ] GC(389) User=0.01s Sys=0.00s Real=0.01s
[158.663s][info][gc,start       ] GC(390) Pause Young (Allocation Failure)
[158.664s][info][gc,heap        ] GC(390) PSYoungGen: 281440K(307200K)->64K(305152K) Eden: 280576K(280576K)->0K(281600K) From: 864K(26624K)->64K(23552K)
[158.664s][info][gc,heap        ] GC(390) ParOldGen: 494879K(495104K)->494887K(495104K)
[158.664s][info][gc,metaspace   ] GC(390) Metaspace: 35153K(35840K)->35153K(35840K) NonClass: 28894K(29376K)->28894K(29376K) Class: 6259K(6464K)->6259K(6464K)
[158.664s][info][gc             ] GC(390) Pause Young (Allocation Failure) 758M->483M(781M) 1.884ms
[158.664s][info][gc,cpu         ] GC(390) User=0.00s Sys=0.00s Real=0.00s
[159.083s][info][gc,start       ] GC(391) Pause Young (Allocation Failure)
[159.085s][info][gc,heap        ] GC(391) PSYoungGen: 281664K(305152K)->64K(306688K) Eden: 281600K(281600K)->0K(281600K) From: 64K(23552K)->64K(25088K)
[159.085s][info][gc,heap        ] GC(391) ParOldGen: 494887K(495104K)->494895K(495104K)
[159.085s][info][gc,metaspace   ] GC(391) Metaspace: 35153K(35840K)->35153K(35840K) NonClass: 28894K(29376K)->28894K(29376K) Class: 6259K(6464K)->6259K(6464K)
[159.085s][info][gc             ] GC(391) Pause Young (Allocation Failure) 758M->483M(783M) 1.806ms
[159.085s][info][gc,cpu         ] GC(391) User=0.00s Sys=0.00s Real=0.00s
[159.519s][info][gc,start       ] GC(392) Pause Young (Allocation Failure)
[159.521s][info][gc,heap        ] GC(392) PSYoungGen: 281664K(306688K)->64K(306176K) Eden: 281600K(281600K)->0K(284672K) From: 64K(25088K)->64K(21504K)
[159.521s][info][gc,heap        ] GC(392) ParOldGen: 494895K(495104K)->494911K(495104K)
[159.521s][info][gc,metaspace   ] GC(392) Metaspace: 35153K(35840K)->35153K(35840K) NonClass: 28894K(29376K)->28894K(29376K) Class: 6259K(6464K)->6259K(6464K)
[159.521s][info][gc             ] GC(392) Pause Young (Allocation Failure) 758M->483M(782M) 1.856ms
[159.521s][info][gc,cpu         ] GC(392) User=0.01s Sys=0.00s Real=0.00s
[159.748s][info][gc,start       ] GC(393) Pause Young (Allocation Failure)
[159.750s][info][gc,heap        ] GC(393) PSYoungGen: 284736K(306176K)->32K(307712K) Eden: 284672K(284672K)->0K(284672K) From: 64K(21504K)->32K(23040K)
[159.750s][info][gc,heap        ] GC(393) ParOldGen: 494911K(495104K)->494927K(495104K)
[159.750s][info][gc,metaspace   ] GC(393) Metaspace: 35153K(35840K)->35153K(35840K) NonClass: 28894K(29376K)->28894K(29376K) Class: 6259K(6464K)->6259K(6464K)
[159.750s][info][gc             ] GC(393) Pause Young (Allocation Failure) 761M->483M(784M) 1.794ms
[159.750s][info][gc,cpu         ] GC(393) User=0.01s Sys=0.00s Real=0.00s
[159.978s][info][gc,start       ] GC(394) Pause Young (Allocation Failure)
[159.980s][info][gc,heap        ] GC(394) PSYoungGen: 284704K(307712K)->64K(308224K) Eden: 284672K(284672K)->0K(288768K) From: 32K(23040K)->64K(19456K)
[159.980s][info][gc,heap        ] GC(394) ParOldGen: 494927K(495104K)->494927K(495104K)
[159.980s][info][gc,metaspace   ] GC(394) Metaspace: 35153K(35840K)->35153K(35840K) NonClass: 28894K(29376K)->28894K(29376K) Class: 6259K(6464K)->6259K(6464K)
[159.980s][info][gc             ] GC(394) Pause Young (Allocation Failure) 761M->483M(784M) 1.929ms
[159.980s][info][gc,cpu         ] GC(394) User=0.00s Sys=0.00s Real=0.00s
[160.334s][info][gc,start       ] GC(395) Pause Young (Allocation Failure)
[160.336s][info][gc,heap        ] GC(395) PSYoungGen: 288832K(308224K)->64K(309760K) Eden: 288768K(288768K)->0K(288768K) From: 64K(19456K)->64K(20992K)
[160.336s][info][gc,heap        ] GC(395) ParOldGen: 494927K(495104K)->494927K(495104K)
[160.336s][info][gc,metaspace   ] GC(395) Metaspace: 35153K(35840K)->35153K(35840K) NonClass: 28894K(29376K)->28894K(29376K) Class: 6259K(6464K)->6259K(6464K)
[160.336s][info][gc             ] GC(395) Pause Young (Allocation Failure) 765M->483M(786M) 1.730ms
[160.336s][info][gc,cpu         ] GC(395) User=0.01s Sys=0.00s Real=0.00s
[160.388s][info][gc,start       ] GC(396) Pause Young (Allocation Failure)
[160.389s][info][gc,heap        ] GC(396) PSYoungGen: 288832K(309760K)->32K(310272K) Eden: 288768K(288768K)->0K(292864K) From: 64K(20992K)->32K(17408K)
[160.389s][info][gc,heap        ] GC(396) ParOldGen: 494927K(495104K)->494943K(495104K)
[160.389s][info][gc,metaspace   ] GC(396) Metaspace: 35153K(35840K)->35153K(35840K) NonClass: 28894K(29376K)->28894K(29376K) Class: 6259K(6464K)->6259K(6464K)
[160.389s][info][gc             ] GC(396) Pause Young (Allocation Failure) 765M->483M(786M) 1.719ms
[160.389s][info][gc,cpu         ] GC(396) User=0.00s Sys=0.00s Real=0.00s
[160.444s][info][gc,start       ] GC(397) Pause Young (Allocation Failure)
[160.446s][info][gc,heap        ] GC(397) PSYoungGen: 292895K(310272K)->64K(311808K) Eden: 292863K(292864K)->0K(292864K) From: 32K(17408K)->64K(18944K)
[160.446s][info][gc,heap        ] GC(397) ParOldGen: 494943K(495104K)->494943K(495104K)
[160.446s][info][gc,metaspace   ] GC(397) Metaspace: 35153K(35840K)->35153K(35840K) NonClass: 28894K(29376K)->28894K(29376K) Class: 6259K(6464K)->6259K(6464K)
[160.446s][info][gc             ] GC(397) Pause Young (Allocation Failure) 769M->483M(788M) 1.745ms
[160.446s][info][gc,cpu         ] GC(397) User=0.01s Sys=0.00s Real=0.01s
[160.626s][info][gc,start       ] GC(398) Pause Young (Allocation Failure)
[160.628s][info][gc,heap        ] GC(398) PSYoungGen: 292927K(311808K)->64K(312320K) Eden: 292863K(292864K)->0K(296960K) From: 64K(18944K)->64K(15360K)
[160.628s][info][gc,heap        ] GC(398) ParOldGen: 494943K(495104K)->494951K(495104K)
[160.628s][info][gc,metaspace   ] GC(398) Metaspace: 35161K(35840K)->35161K(35840K) NonClass: 28901K(29376K)->28901K(29376K) Class: 6259K(6464K)->6259K(6464K)
[160.628s][info][gc             ] GC(398) Pause Young (Allocation Failure) 769M->483M(788M) 1.796ms
[160.628s][info][gc,cpu         ] GC(398) User=0.00s Sys=0.00s Real=0.00s
[160.846s][info][gc,start       ] GC(399) Pause Young (Allocation Failure)
[160.848s][info][gc,heap        ] GC(399) PSYoungGen: 297024K(312320K)->64K(313856K) Eden: 296960K(296960K)->0K(296960K) From: 64K(15360K)->64K(16896K)
[160.848s][info][gc,heap        ] GC(399) ParOldGen: 494951K(495104K)->494959K(495104K)
[160.848s][info][gc,metaspace   ] GC(399) Metaspace: 35162K(35840K)->35162K(35840K) NonClass: 28902K(29376K)->28902K(29376K) Class: 6259K(6464K)->6259K(6464K)
[160.848s][info][gc             ] GC(399) Pause Young (Allocation Failure) 773M->483M(790M) 1.961ms
[160.848s][info][gc,cpu         ] GC(399) User=0.00s Sys=0.00s Real=0.00s
[160.969s][info][gc,start       ] GC(400) Pause Young (Allocation Failure)
[160.971s][info][gc,heap        ] GC(400) PSYoungGen: 297024K(313856K)->64K(314368K) Eden: 296960K(296960K)->0K(301056K) From: 64K(16896K)->64K(13312K)
[160.971s][info][gc,heap        ] GC(400) ParOldGen: 494959K(495104K)->494967K(495104K)
[160.971s][info][gc,metaspace   ] GC(400) Metaspace: 35162K(35840K)->35162K(35840K) NonClass: 28902K(29376K)->28902K(29376K) Class: 6259K(6464K)->6259K(6464K)
[160.971s][info][gc             ] GC(400) Pause Young (Allocation Failure) 773M->483M(790M) 2.475ms
[160.971s][info][gc,cpu         ] GC(400) User=0.01s Sys=0.00s Real=0.00s
[161.071s][info][gc,start       ] GC(401) Pause Young (Allocation Failure)
[161.072s][info][gc,heap        ] GC(401) PSYoungGen: 301120K(314368K)->64K(315904K) Eden: 301056K(301056K)->0K(301056K) From: 64K(13312K)->64K(14848K)
[161.072s][info][gc,heap        ] GC(401) ParOldGen: 494967K(495104K)->494975K(495104K)
[161.072s][info][gc,metaspace   ] GC(401) Metaspace: 35162K(35840K)->35162K(35840K) NonClass: 28902K(29376K)->28902K(29376K) Class: 6259K(6464K)->6259K(6464K)
[161.072s][info][gc             ] GC(401) Pause Young (Allocation Failure) 777M->483M(792M) 1.721ms
[161.072s][info][gc,cpu         ] GC(401) User=0.00s Sys=0.00s Real=0.00s
[161.253s][info][gc,start       ] GC(402) Pause Young (Allocation Failure)
[161.255s][info][gc,heap        ] GC(402) PSYoungGen: 301120K(315904K)->64K(316416K) Eden: 301056K(301056K)->0K(305152K) From: 64K(14848K)->64K(11264K)
[161.255s][info][gc,heap        ] GC(402) ParOldGen: 494975K(495104K)->494983K(495104K)
[161.255s][info][gc,metaspace   ] GC(402) Metaspace: 35162K(35840K)->35162K(35840K) NonClass: 28902K(29376K)->28902K(29376K) Class: 6259K(6464K)->6259K(6464K)
[161.255s][info][gc             ] GC(402) Pause Young (Allocation Failure) 777M->483M(792M) 1.822ms
[161.255s][info][gc,cpu         ] GC(402) User=0.01s Sys=0.00s Real=0.00s
[162.223s][info][gc,start       ] GC(403) Pause Young (Allocation Failure)
[162.225s][info][gc,heap        ] GC(403) PSYoungGen: 305216K(316416K)->83K(317952K) Eden: 305152K(305152K)->0K(305152K) From: 64K(11264K)->83K(12800K)
[162.225s][info][gc,heap        ] GC(403) ParOldGen: 494983K(495104K)->494991K(495104K)
[162.225s][info][gc,metaspace   ] GC(403) Metaspace: 35162K(35840K)->35162K(35840K) NonClass: 28902K(29376K)->28902K(29376K) Class: 6259K(6464K)->6259K(6464K)
[162.225s][info][gc             ] GC(403) Pause Young (Allocation Failure) 781M->483M(794M) 1.854ms
[162.225s][info][gc,cpu         ] GC(403) User=0.01s Sys=0.00s Real=0.00s
[163.154s][info][gc,start       ] GC(404) Pause Young (Allocation Failure)
[163.156s][info][gc,heap        ] GC(404) PSYoungGen: 305235K(317952K)->64K(293376K) Eden: 305152K(305152K)->0K(292864K) From: 83K(12800K)->64K(512K)
[163.156s][info][gc,heap        ] GC(404) ParOldGen: 494991K(495104K)->494999K(495104K)
[163.156s][info][gc,metaspace   ] GC(404) Metaspace: 35162K(35840K)->35162K(35840K) NonClass: 28902K(29376K)->28902K(29376K) Class: 6259K(6464K)->6259K(6464K)
[163.156s][info][gc             ] GC(404) Pause Young (Allocation Failure) 781M->483M(770M) 2.349ms
[163.156s][info][gc,cpu         ] GC(404) User=0.00s Sys=0.01s Real=0.01s
[163.549s][info][gc,start       ] GC(405) Pause Young (Allocation Failure)
[163.550s][info][gc,heap        ] GC(405) PSYoungGen: 292928K(293376K)->64K(292352K) Eden: 292864K(292864K)->0K(281088K) From: 64K(512K)->64K(11264K)
[163.550s][info][gc,heap        ] GC(405) ParOldGen: 494999K(495104K)->495007K(495104K)
[163.550s][info][gc,metaspace   ] GC(405) Metaspace: 35162K(35840K)->35162K(35840K) NonClass: 28902K(29376K)->28902K(29376K) Class: 6259K(6464K)->6259K(6464K)
[163.550s][info][gc             ] GC(405) Pause Young (Allocation Failure) 769M->483M(769M) 1.739ms
[163.550s][info][gc,cpu         ] GC(405) User=0.00s Sys=0.00s Real=0.00s
[163.964s][info][gc,start       ] GC(406) Pause Young (Allocation Failure)
[163.966s][info][gc,heap        ] GC(406) PSYoungGen: 281152K(292352K)->64K(270336K) Eden: 281088K(281088K)->0K(269824K) From: 64K(11264K)->64K(512K)
[163.966s][info][gc,heap        ] GC(406) ParOldGen: 495007K(495104K)->495015K(495104K)
[163.966s][info][gc,metaspace   ] GC(406) Metaspace: 35162K(35840K)->35162K(35840K) NonClass: 28902K(29376K)->28902K(29376K) Class: 6259K(6464K)->6259K(6464K)
[163.966s][info][gc             ] GC(406) Pause Young (Allocation Failure) 757M->483M(747M) 2.246ms
[163.966s][info][gc,cpu         ] GC(406) User=0.00s Sys=0.00s Real=0.01s
[164.885s][info][gc,start       ] GC(407) Pause Young (Allocation Failure)
[164.886s][info][gc,heap        ] GC(407) PSYoungGen: 269888K(270336K)->64K(268800K) Eden: 269824K(269824K)->0K(259072K) From: 64K(512K)->64K(9728K)
[164.887s][info][gc,heap        ] GC(407) ParOldGen: 495015K(495104K)->495023K(495104K)
[164.887s][info][gc,metaspace   ] GC(407) Metaspace: 35162K(35840K)->35162K(35840K) NonClass: 28902K(29376K)->28902K(29376K) Class: 6259K(6464K)->6259K(6464K)
[164.887s][info][gc             ] GC(407) Pause Young (Allocation Failure) 746M->483M(746M) 1.679ms
[164.887s][info][gc,cpu         ] GC(407) User=0.01s Sys=0.00s Real=0.01s
[165.281s][info][gc,start       ] GC(408) Pause Young (Allocation Failure)
[165.283s][info][gc,heap        ] GC(408) PSYoungGen: 259136K(268800K)->64K(249344K) Eden: 259072K(259072K)->0K(248832K) From: 64K(9728K)->64K(512K)
[165.283s][info][gc,heap        ] GC(408) ParOldGen: 495023K(495104K)->495031K(495104K)
[165.283s][info][gc,metaspace   ] GC(408) Metaspace: 35162K(35840K)->35162K(35840K) NonClass: 28902K(29376K)->28902K(29376K) Class: 6259K(6464K)->6259K(6464K)
[165.283s][info][gc             ] GC(408) Pause Young (Allocation Failure) 736M->483M(727M) 1.951ms
[165.283s][info][gc,cpu         ] GC(408) User=0.01s Sys=0.00s Real=0.00s
[165.352s][info][gc,start       ] GC(409) Pause Young (Allocation Failure)
[165.353s][info][gc,heap        ] GC(409) PSYoungGen: 248896K(249344K)->64K(247808K) Eden: 248832K(248832K)->0K(239104K) From: 64K(512K)->64K(8704K)
[165.353s][info][gc,heap        ] GC(409) ParOldGen: 495031K(495104K)->495039K(495104K)
[165.353s][info][gc,metaspace   ] GC(409) Metaspace: 35162K(35840K)->35162K(35840K) NonClass: 28902K(29376K)->28902K(29376K) Class: 6259K(6464K)->6259K(6464K)
[165.353s][info][gc             ] GC(409) Pause Young (Allocation Failure) 726M->483M(725M) 1.711ms
[165.353s][info][gc,cpu         ] GC(409) User=0.01s Sys=0.00s Real=0.00s
[165.859s][info][gc,start       ] GC(410) Pause Young (Allocation Failure)
[165.861s][info][gc,heap        ] GC(410) PSYoungGen: 239168K(247808K)->64K(230400K) Eden: 239104K(239104K)->0K(229888K) From: 64K(8704K)->64K(512K)
[165.861s][info][gc,heap        ] GC(410) ParOldGen: 495039K(495104K)->495047K(495104K)
[165.861s][info][gc,metaspace   ] GC(410) Metaspace: 35162K(35840K)->35162K(35840K) NonClass: 28902K(29376K)->28902K(29376K) Class: 6259K(6464K)->6259K(6464K)
[165.861s][info][gc             ] GC(410) Pause Young (Allocation Failure) 716M->483M(708M) 2.224ms
[165.861s][info][gc,cpu         ] GC(410) User=0.00s Sys=0.00s Real=0.00s
[166.210s][info][gc,start       ] GC(411) Pause Young (Allocation Failure)
[166.212s][info][gc,heap        ] GC(411) PSYoungGen: 229952K(230400K)->64K(228352K) Eden: 229888K(229888K)->0K(221184K) From: 64K(512K)->64K(7168K)
[166.212s][info][gc,heap        ] GC(411) ParOldGen: 495047K(495104K)->495055K(495104K)
[166.212s][info][gc,metaspace   ] GC(411) Metaspace: 35162K(35840K)->35162K(35840K) NonClass: 28902K(29376K)->28902K(29376K) Class: 6259K(6464K)->6259K(6464K)
[166.212s][info][gc             ] GC(411) Pause Young (Allocation Failure) 708M->483M(706M) 1.897ms
[166.212s][info][gc,cpu         ] GC(411) User=0.00s Sys=0.00s Real=0.00s
[166.582s][info][gc,start       ] GC(412) Pause Young (Allocation Failure)
[166.598s][info][gc,heap        ] GC(412) PSYoungGen: 221248K(228352K)->6656K(272384K) Eden: 221184K(221184K)->0K(265728K) From: 64K(7168K)->6656K(6656K)
[166.598s][info][gc,heap        ] GC(412) ParOldGen: 495055K(495104K)->496871K(497152K)
[166.598s][info][gc,metaspace   ] GC(412) Metaspace: 35162K(35840K)->35162K(35840K) NonClass: 28902K(29376K)->28902K(29376K) Class: 6259K(6464K)->6259K(6464K)
[166.598s][info][gc             ] GC(412) Pause Young (Allocation Failure) 699M->491M(751M) 16.272ms
[166.598s][info][gc,cpu         ] GC(412) User=0.03s Sys=0.00s Real=0.02s
[166.894s][info][gc,start       ] GC(413) Pause Young (Allocation Failure)
[166.952s][info][gc,heap        ] GC(413) PSYoungGen: 272384K(272384K)->9216K(286720K) Eden: 265728K(265728K)->0K(277504K) From: 6656K(6656K)->9216K(9216K)
[166.952s][info][gc,heap        ] GC(413) ParOldGen: 496871K(497152K)->516063K(516096K)
[166.952s][info][gc,metaspace   ] GC(413) Metaspace: 35162K(35840K)->35162K(35840K) NonClass: 28902K(29376K)->28902K(29376K) Class: 6259K(6464K)->6259K(6464K)
[166.952s][info][gc             ] GC(413) Pause Young (Allocation Failure) 751M->512M(784M) 58.500ms
[166.952s][info][gc,cpu         ] GC(413) User=0.10s Sys=0.02s Real=0.06s
[167.262s][info][gc,start       ] GC(414) Pause Young (Allocation Failure)
[167.333s][info][gc,heap        ] GC(414) PSYoungGen: 286720K(286720K)->18432K(299008K) Eden: 277504K(277504K)->0K(280576K) From: 9216K(9216K)->18432K(18432K)
[167.333s][info][gc,heap        ] GC(414) ParOldGen: 516063K(516096K)->527919K(528384K)
[167.333s][info][gc,metaspace   ] GC(414) Metaspace: 35162K(35840K)->35162K(35840K) NonClass: 28902K(29376K)->28902K(29376K) Class: 6259K(6464K)->6259K(6464K)
[167.333s][info][gc             ] GC(414) Pause Young (Allocation Failure) 783M->533M(808M) 71.327ms
[167.334s][info][gc,cpu         ] GC(414) User=0.12s Sys=0.01s Real=0.07s
[167.443s][info][gc,start       ] GC(415) Pause Young (Allocation Failure)
[167.452s][info][gc,heap        ] GC(415) PSYoungGen: 299008K(299008K)->2592K(307200K) Eden: 280576K(280576K)->0K(280576K) From: 18432K(18432K)->2592K(26624K)
[167.452s][info][gc,heap        ] GC(415) ParOldGen: 527919K(528384K)->528351K(528384K)
[167.452s][info][gc,metaspace   ] GC(415) Metaspace: 35162K(35840K)->35162K(35840K) NonClass: 28902K(29376K)->28902K(29376K) Class: 6259K(6464K)->6259K(6464K)
[167.452s][info][gc             ] GC(415) Pause Young (Allocation Failure) 807M->518M(816M) 8.787ms
[167.452s][info][gc,cpu         ] GC(415) User=0.02s Sys=0.00s Real=0.01s
[168.082s][info][gc,start       ] GC(416) Pause Young (Allocation Failure)
[168.084s][info][gc,heap        ] GC(416) PSYoungGen: 283168K(307200K)->64K(304128K) Eden: 280576K(280576K)->0K(281600K) From: 2592K(26624K)->64K(22528K)
[168.084s][info][gc,heap        ] GC(416) ParOldGen: 528351K(528384K)->528359K(528384K)
[168.084s][info][gc,metaspace   ] GC(416) Metaspace: 35162K(35840K)->35162K(35840K) NonClass: 28902K(29376K)->28902K(29376K) Class: 6259K(6464K)->6259K(6464K)
[168.084s][info][gc             ] GC(416) Pause Young (Allocation Failure) 792M->516M(813M) 2.209ms
[168.084s][info][gc,cpu         ] GC(416) User=0.00s Sys=0.00s Real=0.00s
[168.531s][info][gc,start       ] GC(417) Pause Young (Allocation Failure)
[168.533s][info][gc,heap        ] GC(417) PSYoungGen: 281664K(304128K)->64K(306176K) Eden: 281600K(281600K)->0K(281600K) From: 64K(22528K)->64K(24576K)
[168.533s][info][gc,heap        ] GC(417) ParOldGen: 528359K(528384K)->528367K(528384K)
[168.533s][info][gc,metaspace   ] GC(417) Metaspace: 35162K(35840K)->35162K(35840K) NonClass: 28902K(29376K)->28902K(29376K) Class: 6259K(6464K)->6259K(6464K)
[168.533s][info][gc             ] GC(417) Pause Young (Allocation Failure) 791M->516M(815M) 1.990ms
[168.533s][info][gc,cpu         ] GC(417) User=0.00s Sys=0.00s Real=0.00s
[168.968s][info][gc,start       ] GC(418) Pause Young (Allocation Failure)
[168.969s][info][gc,heap        ] GC(418) PSYoungGen: 281664K(306176K)->64K(306176K) Eden: 281600K(281600K)->0K(285696K) From: 64K(24576K)->64K(20480K)
[168.969s][info][gc,heap        ] GC(418) ParOldGen: 528367K(528384K)->528383K(528384K)
[168.969s][info][gc,metaspace   ] GC(418) Metaspace: 35162K(35840K)->35162K(35840K) NonClass: 28902K(29376K)->28902K(29376K) Class: 6259K(6464K)->6259K(6464K)
[168.969s][info][gc             ] GC(418) Pause Young (Allocation Failure) 791M->516M(815M) 1.926ms
[168.969s][info][gc,cpu         ] GC(418) User=0.01s Sys=0.00s Real=0.00s
[169.197s][info][gc,start       ] GC(419) Pause Young (Allocation Failure)
[169.199s][info][gc,heap        ] GC(419) PSYoungGen: 285760K(306176K)->64K(308224K) Eden: 285696K(285696K)->0K(285696K) From: 64K(20480K)->64K(22528K)
[169.199s][info][gc,heap        ] GC(419) ParOldGen: 528383K(528384K)->528399K(528896K)
[169.199s][info][gc,metaspace   ] GC(419) Metaspace: 35162K(35840K)->35162K(35840K) NonClass: 28902K(29376K)->28902K(29376K) Class: 6259K(6464K)->6259K(6464K)
[169.199s][info][gc             ] GC(419) Pause Young (Allocation Failure) 795M->516M(817M) 1.917ms
[169.199s][info][gc,cpu         ] GC(419) User=0.01s Sys=0.00s Real=0.00s
[169.427s][info][gc,start       ] GC(420) Pause Young (Allocation Failure)
[169.428s][info][gc,heap        ] GC(420) PSYoungGen: 285760K(308224K)->64K(308224K) Eden: 285696K(285696K)->0K(289792K) From: 64K(22528K)->64K(18432K)
[169.428s][info][gc,heap        ] GC(420) ParOldGen: 528399K(528896K)->528399K(528896K)
[169.428s][info][gc,metaspace   ] GC(420) Metaspace: 35162K(35840K)->35162K(35840K) NonClass: 28902K(29376K)->28902K(29376K) Class: 6259K(6464K)->6259K(6464K)
[169.428s][info][gc             ] GC(420) Pause Young (Allocation Failure) 795M->516M(817M) 1.871ms
[169.429s][info][gc,cpu         ] GC(420) User=0.01s Sys=0.00s Real=0.00s
[169.789s][info][gc,start       ] GC(421) Pause Young (Allocation Failure)
[169.791s][info][gc,heap        ] GC(421) PSYoungGen: 289856K(308224K)->64K(310272K) Eden: 289792K(289792K)->0K(289792K) From: 64K(18432K)->64K(20480K)
[169.791s][info][gc,heap        ] GC(421) ParOldGen: 528399K(528896K)->528399K(528896K)
[169.791s][info][gc,metaspace   ] GC(421) Metaspace: 35162K(35840K)->35162K(35840K) NonClass: 28902K(29376K)->28902K(29376K) Class: 6259K(6464K)->6259K(6464K)
[169.791s][info][gc             ] GC(421) Pause Young (Allocation Failure) 799M->516M(819M) 1.891ms
[169.791s][info][gc,cpu         ] GC(421) User=0.01s Sys=0.00s Real=0.00s
[169.844s][info][gc,start       ] GC(422) Pause Young (Allocation Failure)
[169.846s][info][gc,heap        ] GC(422) PSYoungGen: 289856K(310272K)->64K(310272K) Eden: 289792K(289792K)->0K(293888K) From: 64K(20480K)->64K(16384K)
[169.846s][info][gc,heap        ] GC(422) ParOldGen: 528399K(528896K)->528415K(528896K)
[169.846s][info][gc,metaspace   ] GC(422) Metaspace: 35162K(35840K)->35162K(35840K) NonClass: 28902K(29376K)->28902K(29376K) Class: 6259K(6464K)->6259K(6464K)
[169.846s][info][gc             ] GC(422) Pause Young (Allocation Failure) 799M->516M(819M) 1.859ms
[169.846s][info][gc,cpu         ] GC(422) User=0.00s Sys=0.00s Real=0.01s
[169.899s][info][gc,start       ] GC(423) Pause Young (Allocation Failure)
[169.901s][info][gc,heap        ] GC(423) PSYoungGen: 293952K(310272K)->64K(312320K) Eden: 293888K(293888K)->0K(293888K) From: 64K(16384K)->64K(18432K)
[169.901s][info][gc,heap        ] GC(423) ParOldGen: 528415K(528896K)->528415K(528896K)
[169.901s][info][gc,metaspace   ] GC(423) Metaspace: 35162K(35840K)->35162K(35840K) NonClass: 28902K(29376K)->28902K(29376K) Class: 6259K(6464K)->6259K(6464K)
[169.901s][info][gc             ] GC(423) Pause Young (Allocation Failure) 803M->516M(821M) 1.876ms
[169.901s][info][gc,cpu         ] GC(423) User=0.00s Sys=0.00s Real=0.00s
[170.076s][info][gc,start       ] GC(424) Pause Young (Allocation Failure)
[170.078s][info][gc,heap        ] GC(424) PSYoungGen: 293952K(312320K)->64K(312320K) Eden: 293888K(293888K)->0K(297984K) From: 64K(18432K)->64K(14336K)
[170.078s][info][gc,heap        ] GC(424) ParOldGen: 528415K(528896K)->528415K(528896K)
[170.078s][info][gc,metaspace   ] GC(424) Metaspace: 35162K(35840K)->35162K(35840K) NonClass: 28902K(29376K)->28902K(29376K) Class: 6259K(6464K)->6259K(6464K)
[170.078s][info][gc             ] GC(424) Pause Young (Allocation Failure) 803M->516M(821M) 1.911ms
[170.078s][info][gc,cpu         ] GC(424) User=0.01s Sys=0.00s Real=0.00s
[170.293s][info][gc,start       ] GC(425) Pause Young (Allocation Failure)
[170.295s][info][gc,heap        ] GC(425) PSYoungGen: 298048K(312320K)->64K(314368K) Eden: 297984K(297984K)->0K(297984K) From: 64K(14336K)->64K(16384K)
[170.295s][info][gc,heap        ] GC(425) ParOldGen: 528415K(528896K)->528423K(528896K)
[170.295s][info][gc,metaspace   ] GC(425) Metaspace: 35162K(35840K)->35162K(35840K) NonClass: 28902K(29376K)->28902K(29376K) Class: 6259K(6464K)->6259K(6464K)
[170.295s][info][gc             ] GC(425) Pause Young (Allocation Failure) 807M->516M(823M) 1.873ms
[170.295s][info][gc,cpu         ] GC(425) User=0.00s Sys=0.00s Real=0.00s
[170.419s][info][gc,start       ] GC(426) Pause Young (Allocation Failure)
[170.421s][info][gc,heap        ] GC(426) PSYoungGen: 298048K(314368K)->64K(314880K) Eden: 297984K(297984K)->0K(301568K) From: 64K(16384K)->64K(13312K)
[170.421s][info][gc,heap        ] GC(426) ParOldGen: 528423K(528896K)->528431K(528896K)
[170.421s][info][gc,metaspace   ] GC(426) Metaspace: 35162K(35840K)->35162K(35840K) NonClass: 28902K(29376K)->28902K(29376K) Class: 6259K(6464K)->6259K(6464K)
[170.421s][info][gc             ] GC(426) Pause Young (Allocation Failure) 807M->516M(824M) 1.817ms
[170.421s][info][gc,cpu         ] GC(426) User=0.00s Sys=0.00s Real=0.00s
[170.517s][info][gc,start       ] GC(427) Pause Young (Allocation Failure)
[170.519s][info][gc,heap        ] GC(427) PSYoungGen: 301632K(314880K)->64K(316416K) Eden: 301568K(301568K)->0K(301568K) From: 64K(13312K)->64K(14848K)
[170.519s][info][gc,heap        ] GC(427) ParOldGen: 528431K(528896K)->528439K(528896K)
[170.519s][info][gc,metaspace   ] GC(427) Metaspace: 35162K(35840K)->35162K(35840K) NonClass: 28902K(29376K)->28902K(29376K) Class: 6259K(6464K)->6259K(6464K)
[170.519s][info][gc             ] GC(427) Pause Young (Allocation Failure) 810M->516M(825M) 1.853ms
[170.519s][info][gc,cpu         ] GC(427) User=0.01s Sys=0.00s Real=0.00s
[170.698s][info][gc,start       ] GC(428) Pause Young (Allocation Failure)
[170.700s][info][gc,heap        ] GC(428) PSYoungGen: 301632K(316416K)->64K(316416K) Eden: 301568K(301568K)->0K(305152K) From: 64K(14848K)->64K(11264K)
[170.700s][info][gc,heap        ] GC(428) ParOldGen: 528439K(528896K)->528447K(528896K)
[170.700s][info][gc,metaspace   ] GC(428) Metaspace: 35162K(35840K)->35162K(35840K) NonClass: 28902K(29376K)->28902K(29376K) Class: 6259K(6464K)->6259K(6464K)
[170.700s][info][gc             ] GC(428) Pause Young (Allocation Failure) 810M->516M(825M) 1.871ms
[170.700s][info][gc,cpu         ] GC(428) User=0.00s Sys=0.00s Real=0.00s
[171.669s][info][gc,start       ] GC(429) Pause Young (Allocation Failure)
[171.671s][info][gc,heap        ] GC(429) PSYoungGen: 305216K(316416K)->64K(317952K) Eden: 305152K(305152K)->0K(305152K) From: 64K(11264K)->64K(12800K)
[171.671s][info][gc,heap        ] GC(429) ParOldGen: 528447K(528896K)->528455K(528896K)
[171.671s][info][gc,metaspace   ] GC(429) Metaspace: 35162K(35840K)->35162K(35840K) NonClass: 28902K(29376K)->28902K(29376K) Class: 6259K(6464K)->6259K(6464K)
[171.671s][info][gc             ] GC(429) Pause Young (Allocation Failure) 814M->516M(827M) 1.876ms
[171.671s][info][gc,cpu         ] GC(429) User=0.00s Sys=0.00s Real=0.00s
[172.585s][info][gc,start       ] GC(430) Pause Young (Allocation Failure)
[172.587s][info][gc,heap        ] GC(430) PSYoungGen: 305216K(317952K)->64K(293376K) Eden: 305152K(305152K)->0K(292864K) From: 64K(12800K)->64K(512K)
[172.587s][info][gc,heap        ] GC(430) ParOldGen: 528455K(528896K)->528463K(528896K)
[172.587s][info][gc,metaspace   ] GC(430) Metaspace: 35162K(35840K)->35162K(35840K) NonClass: 28902K(29376K)->28902K(29376K) Class: 6259K(6464K)->6259K(6464K)
[172.587s][info][gc             ] GC(430) Pause Young (Allocation Failure) 814M->516M(803M) 2.452ms
[172.587s][info][gc,cpu         ] GC(430) User=0.01s Sys=0.00s Real=0.01s
[172.976s][info][gc,start       ] GC(431) Pause Young (Allocation Failure)
[172.978s][info][gc,heap        ] GC(431) PSYoungGen: 292928K(293376K)->64K(292352K) Eden: 292864K(292864K)->0K(281088K) From: 64K(512K)->64K(11264K)
[172.978s][info][gc,heap        ] GC(431) ParOldGen: 528463K(528896K)->528471K(528896K)
[172.978s][info][gc,metaspace   ] GC(431) Metaspace: 35162K(35840K)->35162K(35840K) NonClass: 28902K(29376K)->28902K(29376K) Class: 6259K(6464K)->6259K(6464K)
[172.978s][info][gc             ] GC(431) Pause Young (Allocation Failure) 802M->516M(802M) 1.833ms
[172.978s][info][gc,cpu         ] GC(431) User=0.01s Sys=0.00s Real=0.00s
[173.348s][info][gc,start       ] GC(432) Pause Young (Allocation Failure)
[173.350s][info][gc,heap        ] GC(432) PSYoungGen: 281152K(292352K)->64K(270336K) Eden: 281088K(281088K)->0K(269824K) From: 64K(11264K)->64K(512K)
[173.350s][info][gc,heap        ] GC(432) ParOldGen: 528471K(528896K)->528479K(528896K)
[173.350s][info][gc,metaspace   ] GC(432) Metaspace: 35162K(35840K)->35162K(35840K) NonClass: 28902K(29376K)->28902K(29376K) Class: 6259K(6464K)->6259K(6464K)
[173.350s][info][gc             ] GC(432) Pause Young (Allocation Failure) 790M->516M(780M) 2.309ms
[173.350s][info][gc,cpu         ] GC(432) User=0.01s Sys=0.00s Real=0.00s
[174.323s][info][gc,start       ] GC(433) Pause Young (Allocation Failure)
[174.325s][info][gc,heap        ] GC(433) PSYoungGen: 269888K(270336K)->64K(268800K) Eden: 269824K(269824K)->0K(259072K) From: 64K(512K)->64K(9728K)
[174.325s][info][gc,heap        ] GC(433) ParOldGen: 528479K(528896K)->528487K(528896K)
[174.325s][info][gc,metaspace   ] GC(433) Metaspace: 35162K(35840K)->35162K(35840K) NonClass: 28902K(29376K)->28902K(29376K) Class: 6259K(6464K)->6259K(6464K)
[174.325s][info][gc             ] GC(433) Pause Young (Allocation Failure) 779M->516M(779M) 1.837ms
[174.325s][info][gc,cpu         ] GC(433) User=0.01s Sys=0.00s Real=0.00s
[174.717s][info][gc,start       ] GC(434) Pause Young (Allocation Failure)
[174.720s][info][gc,heap        ] GC(434) PSYoungGen: 259136K(268800K)->64K(249344K) Eden: 259072K(259072K)->0K(248832K) From: 64K(9728K)->64K(512K)
[174.720s][info][gc,heap        ] GC(434) ParOldGen: 528487K(528896K)->528495K(528896K)
[174.720s][info][gc,metaspace   ] GC(434) Metaspace: 35162K(35840K)->35162K(35840K) NonClass: 28902K(29376K)->28902K(29376K) Class: 6259K(6464K)->6259K(6464K)
[174.720s][info][gc             ] GC(434) Pause Young (Allocation Failure) 769M->516M(760M) 2.631ms
[174.720s][info][gc,cpu         ] GC(434) User=0.00s Sys=0.00s Real=0.00s
[174.792s][info][gc,start       ] GC(435) Pause Young (Allocation Failure)
[174.793s][info][gc,heap        ] GC(435) PSYoungGen: 248896K(249344K)->64K(247808K) Eden: 248832K(248832K)->0K(239104K) From: 64K(512K)->64K(8704K)
[174.793s][info][gc,heap        ] GC(435) ParOldGen: 528495K(528896K)->528503K(528896K)
[174.793s][info][gc,metaspace   ] GC(435) Metaspace: 35162K(35840K)->35162K(35840K) NonClass: 28902K(29376K)->28902K(29376K) Class: 6259K(6464K)->6259K(6464K)
[174.794s][info][gc             ] GC(435) Pause Young (Allocation Failure) 759M->516M(758M) 1.788ms
[174.794s][info][gc,cpu         ] GC(435) User=0.01s Sys=0.00s Real=0.00s
[175.280s][info][gc,start       ] GC(436) Pause Young (Allocation Failure)
[175.282s][info][gc,heap        ] GC(436) PSYoungGen: 239168K(247808K)->64K(230400K) Eden: 239104K(239104K)->0K(229888K) From: 64K(8704K)->64K(512K)
[175.282s][info][gc,heap        ] GC(436) ParOldGen: 528503K(528896K)->528511K(528896K)
[175.282s][info][gc,metaspace   ] GC(436) Metaspace: 35162K(35840K)->35162K(35840K) NonClass: 28902K(29376K)->28902K(29376K) Class: 6259K(6464K)->6259K(6464K)
[175.282s][info][gc             ] GC(436) Pause Young (Allocation Failure) 749M->516M(741M) 2.452ms
[175.282s][info][gc,cpu         ] GC(436) User=0.00s Sys=0.00s Real=0.00s
[175.639s][info][gc,start       ] GC(437) Pause Young (Allocation Failure)
[175.641s][info][gc,heap        ] GC(437) PSYoungGen: 229952K(230400K)->64K(228352K) Eden: 229888K(229888K)->0K(221184K) From: 64K(512K)->64K(7168K)
[175.641s][info][gc,heap        ] GC(437) ParOldGen: 528511K(528896K)->528519K(528896K)
[175.641s][info][gc,metaspace   ] GC(437) Metaspace: 35162K(35840K)->35162K(35840K) NonClass: 28902K(29376K)->28902K(29376K) Class: 6259K(6464K)->6259K(6464K)
[175.641s][info][gc             ] GC(437) Pause Young (Allocation Failure) 740M->516M(739M) 1.840ms
[175.641s][info][gc,cpu         ] GC(437) User=0.00s Sys=0.00s Real=0.00s
[176.006s][info][gc,start       ] GC(438) Pause Young (Allocation Failure)
[176.021s][info][gc,heap        ] GC(438) PSYoungGen: 221248K(228352K)->6656K(272384K) Eden: 221184K(221184K)->0K(265728K) From: 64K(7168K)->6656K(6656K)
[176.021s][info][gc,heap        ] GC(438) ParOldGen: 528519K(528896K)->529583K(529920K)
[176.021s][info][gc,metaspace   ] GC(438) Metaspace: 35162K(35840K)->35162K(35840K) NonClass: 28902K(29376K)->28902K(29376K) Class: 6259K(6464K)->6259K(6464K)
[176.021s][info][gc             ] GC(438) Pause Young (Allocation Failure) 732M->523M(783M) 14.739ms
[176.021s][info][gc,cpu         ] GC(438) User=0.02s Sys=0.00s Real=0.01s
[176.307s][info][gc,start       ] GC(439) Pause Young (Allocation Failure)
[176.364s][info][gc,heap        ] GC(439) PSYoungGen: 272384K(272384K)->8704K(286720K) Eden: 265728K(265728K)->0K(278016K) From: 6656K(6656K)->8704K(8704K)
[176.364s][info][gc,heap        ] GC(439) ParOldGen: 529583K(529920K)->549263K(549376K)
[176.364s][info][gc,metaspace   ] GC(439) Metaspace: 35162K(35840K)->35162K(35840K) NonClass: 28902K(29376K)->28902K(29376K) Class: 6259K(6464K)->6259K(6464K)
[176.364s][info][gc             ] GC(439) Pause Young (Allocation Failure) 783M->544M(816M) 57.381ms
[176.364s][info][gc,cpu         ] GC(439) User=0.10s Sys=0.01s Real=0.05s
[176.665s][info][gc,start       ] GC(440) Pause Young (Allocation Failure)
[176.733s][info][gc,heap        ] GC(440) PSYoungGen: 286720K(286720K)->17920K(298496K) Eden: 278016K(278016K)->0K(280576K) From: 8704K(8704K)->17920K(17920K)
[176.733s][info][gc,heap        ] GC(440) ParOldGen: 549263K(549376K)->561703K(562176K)
[176.733s][info][gc,metaspace   ] GC(440) Metaspace: 35162K(35840K)->35162K(35840K) NonClass: 28902K(29376K)->28902K(29376K) Class: 6259K(6464K)->6259K(6464K)
[176.733s][info][gc             ] GC(440) Pause Young (Allocation Failure) 816M->566M(840M) 68.324ms
[176.733s][info][gc,cpu         ] GC(440) User=0.10s Sys=0.03s Real=0.07s
[176.844s][info][gc,start       ] GC(441) Pause Young (Allocation Failure)
[176.856s][info][gc,heap        ] GC(441) PSYoungGen: 298496K(298496K)->3296K(307200K) Eden: 280576K(280576K)->0K(280576K) From: 17920K(17920K)->3296K(26624K)
[176.856s][info][gc,heap        ] GC(441) ParOldGen: 561703K(562176K)->562151K(562176K)
[176.856s][info][gc,metaspace   ] GC(441) Metaspace: 35162K(35840K)->35162K(35840K) NonClass: 28902K(29376K)->28902K(29376K) Class: 6259K(6464K)->6259K(6464K)
[176.856s][info][gc             ] GC(441) Pause Young (Allocation Failure) 840M->552M(849M) 11.909ms
[176.856s][info][gc,cpu         ] GC(441) User=0.02s Sys=0.00s Real=0.02s
[177.462s][info][gc,start       ] GC(442) Pause Young (Allocation Failure)
[177.464s][info][gc,heap        ] GC(442) PSYoungGen: 283872K(307200K)->64K(304640K) Eden: 280576K(280576K)->0K(282112K) From: 3296K(26624K)->64K(22528K)
[177.464s][info][gc,heap        ] GC(442) ParOldGen: 562151K(562176K)->562159K(562176K)
[177.464s][info][gc,metaspace   ] GC(442) Metaspace: 35162K(35840K)->35162K(35840K) NonClass: 28902K(29376K)->28902K(29376K) Class: 6259K(6464K)->6259K(6464K)
[177.464s][info][gc             ] GC(442) Pause Young (Allocation Failure) 826M->549M(846M) 2.162ms
[177.464s][info][gc,cpu         ] GC(442) User=0.01s Sys=0.00s Real=0.00s
[177.743s][info][metaspace      ] ChkMgr @0x00007f561403aa80 (non-class-space): failed to commit 25 words on chunk @0x00007f56141ac5c0, f, base 0x00007f55add70000, level lv10.
[177.743s][info][metaspace      ] Arena @0x00007f56140ccd60 (non-class arena): failed to allocate new chunk for requested word size 25.
[177.743s][info][metaspace      ] Arena @0x00007f56140ccd60 (non-class arena): allocation failed, returned null.
[177.743s][info][metaspace      ] ChkMgr @0x00007f561403aa80 (non-class-space): failed to commit 25 words on chunk @0x00007f56141ac5c0, f, base 0x00007f55add70000, level lv10.
[177.743s][info][metaspace      ] Arena @0x00007f56140ccd60 (non-class arena): failed to allocate new chunk for requested word size 25.
[177.743s][info][metaspace      ] Arena @0x00007f56140ccd60 (non-class arena): allocation failed, returned null.
[177.743s][info][metaspace      ] ChkMgr @0x00007f561403aa80 (non-class-space): failed to commit 25 words on chunk @0x00007f56141ac5c0, f, base 0x00007f55add70000, level lv10.
[177.743s][info][metaspace      ] Arena @0x00007f56140ccd60 (non-class arena): failed to allocate new chunk for requested word size 25.
[177.743s][info][metaspace      ] Arena @0x00007f56140ccd60 (non-class arena): allocation failed, returned null.
[177.743s][info][gc,start       ] GC(443) Pause Full (Metadata GC Threshold)
[177.743s][info][gc,phases,start] GC(443) Marking Phase
[177.793s][info][gc,phases      ] GC(443) Marking Phase 49.859ms
[177.793s][info][gc,phases,start] GC(443) Summary Phase
[177.793s][info][gc,phases      ] GC(443) Summary Phase 0.037ms
[177.793s][info][gc,phases,start] GC(443) Forward
[177.795s][info][gc,phases      ] GC(443) Forward 2.586ms
[177.795s][info][gc,phases,start] GC(443) Adjust Pointers
[177.820s][info][gc,phases      ] GC(443) Adjust Pointers 24.643ms
[177.820s][info][gc,phases,start] GC(443) Compaction Phase
[177.829s][info][gc,phases      ] GC(443) Compaction Phase 8.735ms
[177.829s][info][gc,phases,start] GC(443) Post Compact
[177.841s][info][metaspace      ] ChkMgr @0x00007f561403aa80 (non-class-space): : reclaiming memory...
[177.841s][info][metaspace      ] ChkMgr @0x00007f561403aa80 (non-class-space): nothing reclaimed.
[177.841s][info][metaspace      ] ChkMgr @0x00007f561403a890 (class-space): : reclaiming memory...
[177.841s][info][metaspace      ] ChkMgr @0x00007f561403a890 (class-space): nothing reclaimed.
[177.841s][info][gc,phases      ] GC(443) Post Compact 12.145ms
[177.841s][info][gc,heap        ] GC(443) PSYoungGen: 112897K(304640K)->0K(304640K) Eden: 112833K(282112K)->0K(282112K) From: 64K(22528K)->0K(22528K)
[177.841s][info][gc,heap        ] GC(443) ParOldGen: 562159K(562176K)->52825K(562176K)
[177.841s][info][gc,metaspace   ] GC(443) Metaspace: 35175K(35840K)->35140K(35840K) NonClass: 28915K(29376K)->28884K(29376K) Class: 6259K(6464K)->6256K(6464K)
[177.841s][info][gc             ] GC(443) Pause Full (Metadata GC Threshold) 659M->51M(846M) 98.317ms
[177.841s][info][gc,cpu         ] GC(443) User=0.12s Sys=0.02s Real=0.10s
[178.162s][info][gc,start       ] GC(444) Pause Young (Allocation Failure)
[178.165s][info][gc,heap        ] GC(444) PSYoungGen: 282112K(304640K)->160K(306688K) Eden: 282112K(282112K)->0K(282112K) From: 0K(22528K)->160K(24576K)
[178.165s][info][gc,heap        ] GC(444) ParOldGen: 52825K(562176K)->52825K(562176K)
[178.165s][info][gc,metaspace   ] GC(444) Metaspace: 35227K(35904K)->35227K(35904K) NonClass: 28968K(29440K)->28968K(29440K) Class: 6259K(6464K)->6259K(6464K)
[178.165s][info][gc             ] GC(444) Pause Young (Allocation Failure) 327M->51M(848M) 2.634ms
[178.165s][info][gc,cpu         ] GC(444) User=0.00s Sys=0.00s Real=0.00s
[178.616s][info][gc,start       ] GC(445) Pause Young (Allocation Failure)
[178.617s][info][gc,heap        ] GC(445) PSYoungGen: 282272K(306688K)->32K(306176K) Eden: 282112K(282112K)->0K(285696K) From: 160K(24576K)->32K(20480K)
[178.617s][info][gc,heap        ] GC(445) ParOldGen: 52825K(562176K)->52929K(562176K)
[178.617s][info][gc,metaspace   ] GC(445) Metaspace: 35227K(35904K)->35227K(35904K) NonClass: 28968K(29440K)->28968K(29440K) Class: 6259K(6464K)->6259K(6464K)
[178.617s][info][gc             ] GC(445) Pause Young (Allocation Failure) 327M->51M(848M) 1.415ms
[178.617s][info][gc,cpu         ] GC(445) User=0.00s Sys=0.00s Real=0.00s
[178.844s][info][gc,start       ] GC(446) Pause Young (Allocation Failure)
[178.845s][info][gc,heap        ] GC(446) PSYoungGen: 285728K(306176K)->64K(308224K) Eden: 285696K(285696K)->0K(285696K) From: 32K(20480K)->64K(22528K)
[178.845s][info][gc,heap        ] GC(446) ParOldGen: 52929K(562176K)->52945K(562176K)
[178.845s][info][gc,metaspace   ] GC(446) Metaspace: 35227K(35904K)->35227K(35904K) NonClass: 28968K(29440K)->28968K(29440K) Class: 6259K(6464K)->6259K(6464K)
[178.845s][info][gc             ] GC(446) Pause Young (Allocation Failure) 330M->51M(850M) 0.913ms
[178.845s][info][gc,cpu         ] GC(446) User=0.00s Sys=0.00s Real=0.00s
[179.071s][info][gc,start       ] GC(447) Pause Young (Allocation Failure)
[179.071s][info][gc,heap        ] GC(447) PSYoungGen: 285760K(308224K)->64K(308224K) Eden: 285696K(285696K)->0K(289792K) From: 64K(22528K)->64K(18432K)
[179.071s][info][gc,heap        ] GC(447) ParOldGen: 52945K(562176K)->52945K(562176K)
[179.071s][info][gc,metaspace   ] GC(447) Metaspace: 35227K(35904K)->35227K(35904K) NonClass: 28968K(29440K)->28968K(29440K) Class: 6259K(6464K)->6259K(6464K)
[179.072s][info][gc             ] GC(447) Pause Young (Allocation Failure) 330M->51M(850M) 0.657ms
[179.072s][info][gc,cpu         ] GC(447) User=0.00s Sys=0.00s Real=0.00s
[179.382s][info][gc,start       ] GC(448) Pause Young (Allocation Failure)
[179.383s][info][gc,heap        ] GC(448) PSYoungGen: 289856K(308224K)->64K(310272K) Eden: 289792K(289792K)->0K(289792K) From: 64K(18432K)->64K(20480K)
[179.383s][info][gc,heap        ] GC(448) ParOldGen: 52945K(562176K)->52945K(562176K)
[179.383s][info][gc,metaspace   ] GC(448) Metaspace: 35227K(35904K)->35227K(35904K) NonClass: 28968K(29440K)->28968K(29440K) Class: 6259K(6464K)->6259K(6464K)
[179.383s][info][gc             ] GC(448) Pause Young (Allocation Failure) 334M->51M(852M) 0.736ms
[179.383s][info][gc,cpu         ] GC(448) User=0.00s Sys=0.00s Real=0.00s
[179.436s][info][gc,start       ] GC(449) Pause Young (Allocation Failure)
[179.436s][info][gc,heap        ] GC(449) PSYoungGen: 289856K(310272K)->64K(310272K) Eden: 289792K(289792K)->0K(293888K) From: 64K(20480K)->64K(16384K)
[179.436s][info][gc,heap        ] GC(449) ParOldGen: 52945K(562176K)->52961K(562176K)
[179.436s][info][gc,metaspace   ] GC(449) Metaspace: 35227K(35904K)->35227K(35904K) NonClass: 28968K(29440K)->28968K(29440K) Class: 6259K(6464K)->6259K(6464K)
[179.436s][info][gc             ] GC(449) Pause Young (Allocation Failure) 334M->51M(852M) 0.709ms
[179.436s][info][gc,cpu         ] GC(449) User=0.00s Sys=0.00s Real=0.01s
[179.496s][info][gc,start       ] GC(450) Pause Young (Allocation Failure)
[179.496s][info][gc,heap        ] GC(450) PSYoungGen: 293952K(310272K)->64K(312320K) Eden: 293888K(293888K)->0K(293888K) From: 64K(16384K)->64K(18432K)
[179.496s][info][gc,heap        ] GC(450) ParOldGen: 52961K(562176K)->52961K(562176K)
[179.496s][info][gc,metaspace   ] GC(450) Metaspace: 35227K(35904K)->35227K(35904K) NonClass: 28968K(29440K)->28968K(29440K) Class: 6259K(6464K)->6259K(6464K)
[179.496s][info][gc             ] GC(450) Pause Young (Allocation Failure) 338M->51M(854M) 0.642ms
[179.496s][info][gc,cpu         ] GC(450) User=0.00s Sys=0.00s Real=0.01s
[179.710s][info][gc,start       ] GC(451) Pause Young (Allocation Failure)
[179.710s][info][gc,heap        ] GC(451) PSYoungGen: 293952K(312320K)->64K(312320K) Eden: 293888K(293888K)->0K(297984K) From: 64K(18432K)->64K(14336K)
[179.710s][info][gc,heap        ] GC(451) ParOldGen: 52961K(562176K)->52977K(562176K)
[179.710s][info][gc,metaspace   ] GC(451) Metaspace: 35227K(35904K)->35227K(35904K) NonClass: 28968K(29440K)->28968K(29440K) Class: 6259K(6464K)->6259K(6464K)
[179.710s][info][gc             ] GC(451) Pause Young (Allocation Failure) 338M->51M(854M) 0.700ms
[179.710s][info][gc,cpu         ] GC(451) User=0.00s Sys=0.00s Real=0.00s
[179.930s][info][gc,start       ] GC(452) Pause Young (Allocation Failure)
[179.931s][info][gc,heap        ] GC(452) PSYoungGen: 298048K(312320K)->64K(286720K) Eden: 297984K(297984K)->0K(286208K) From: 64K(14336K)->64K(512K)
[179.931s][info][gc,heap        ] GC(452) ParOldGen: 52977K(562176K)->52977K(562176K)
[179.931s][info][gc,metaspace   ] GC(452) Metaspace: 35227K(35904K)->35227K(35904K) NonClass: 28968K(29440K)->28968K(29440K) Class: 6259K(6464K)->6259K(6464K)
[179.931s][info][gc             ] GC(452) Pause Young (Allocation Failure) 342M->51M(829M) 1.646ms
[179.931s][info][gc,cpu         ] GC(452) User=0.00s Sys=0.00s Real=0.00s
[180.019s][info][gc,start       ] GC(453) Pause Young (Allocation Failure)
[180.020s][info][gc,heap        ] GC(453) PSYoungGen: 286272K(286720K)->64K(278016K) Eden: 286208K(286208K)->0K(274944K) From: 64K(512K)->64K(3072K)
[180.020s][info][gc,heap        ] GC(453) ParOldGen: 52977K(562176K)->52985K(562176K)
[180.020s][info][gc,metaspace   ] GC(453) Metaspace: 35227K(35904K)->35227K(35904K) NonClass: 28968K(29440K)->28968K(29440K) Class: 6259K(6464K)->6259K(6464K)
[180.020s][info][gc             ] GC(453) Pause Young (Allocation Failure) 331M->51M(820M) 0.831ms
[180.020s][info][gc,cpu         ] GC(453) User=0.00s Sys=0.00s Real=0.00s
[180.117s][info][gc,start       ] GC(454) Pause Young (Allocation Failure)
[180.117s][info][gc,heap        ] GC(454) PSYoungGen: 275008K(278016K)->64K(264704K) Eden: 274944K(274944K)->0K(264192K) From: 64K(3072K)->64K(512K)
[180.117s][info][gc,heap        ] GC(454) ParOldGen: 52985K(562176K)->52993K(562176K)
[180.117s][info][gc,metaspace   ] GC(454) Metaspace: 35227K(35904K)->35227K(35904K) NonClass: 28968K(29440K)->28968K(29440K) Class: 6259K(6464K)->6259K(6464K)
[180.118s][info][gc             ] GC(454) Pause Young (Allocation Failure) 320M->51M(807M) 0.657ms
[180.118s][info][gc,cpu         ] GC(454) User=0.00s Sys=0.00s Real=0.00s
[180.275s][info][gc,start       ] GC(455) Pause Young (Allocation Failure)
[180.276s][info][gc,heap        ] GC(455) PSYoungGen: 264256K(264704K)->64K(254464K) Eden: 264192K(264192K)->0K(253952K) From: 64K(512K)->64K(512K)
[180.276s][info][gc,heap        ] GC(455) ParOldGen: 52993K(562176K)->53001K(562176K)
[180.276s][info][gc,metaspace   ] GC(455) Metaspace: 35227K(35904K)->35227K(35904K) NonClass: 28968K(29440K)->28968K(29440K) Class: 6259K(6464K)->6259K(6464K)
[180.276s][info][gc             ] GC(455) Pause Young (Allocation Failure) 309M->51M(797M) 1.324ms
[180.276s][info][gc,cpu         ] GC(455) User=0.01s Sys=0.00s Real=0.01s
[181.223s][info][gc,start       ] GC(456) Pause Young (Allocation Failure)
[181.223s][info][gc,heap        ] GC(456) PSYoungGen: 254016K(254464K)->64K(257024K) Eden: 253952K(253952K)->0K(244224K) From: 64K(512K)->64K(12800K)
[181.223s][info][gc,heap        ] GC(456) ParOldGen: 53001K(562176K)->53009K(562176K)
[181.223s][info][gc,metaspace   ] GC(456) Metaspace: 35227K(35904K)->35227K(35904K) NonClass: 28968K(29440K)->28968K(29440K) Class: 6259K(6464K)->6259K(6464K)
[181.223s][info][gc             ] GC(456) Pause Young (Allocation Failure) 299M->51M(800M) 0.620ms
[181.223s][info][gc,cpu         ] GC(456) User=0.00s Sys=0.00s Real=0.00s
[182.106s][info][gc,start       ] GC(457) Pause Young (Allocation Failure)
[182.107s][info][gc,heap        ] GC(457) PSYoungGen: 244288K(257024K)->64K(235520K) Eden: 244224K(244224K)->0K(235008K) From: 64K(12800K)->64K(512K)
[182.107s][info][gc,heap        ] GC(457) ParOldGen: 53009K(562176K)->53017K(562176K)
[182.107s][info][gc,metaspace   ] GC(457) Metaspace: 35227K(35904K)->35227K(35904K) NonClass: 28968K(29440K)->28968K(29440K) Class: 6259K(6464K)->6259K(6464K)
[182.108s][info][gc             ] GC(457) Pause Young (Allocation Failure) 290M->51M(779M) 1.409ms
[182.108s][info][gc,cpu         ] GC(457) User=0.00s Sys=0.00s Real=0.00s
[182.272s][info][gc,start       ] GC(458) Pause Young (Allocation Failure)
[182.273s][info][gc,heap        ] GC(458) PSYoungGen: 235072K(235520K)->64K(237568K) Eden: 235008K(235008K)->0K(226304K) From: 64K(512K)->64K(11264K)
[182.273s][info][gc,heap        ] GC(458) ParOldGen: 53017K(562176K)->53025K(562176K)
[182.273s][info][gc,metaspace   ] GC(458) Metaspace: 35227K(35904K)->35227K(35904K) NonClass: 28968K(29440K)->28968K(29440K) Class: 6259K(6464K)->6259K(6464K)
[182.273s][info][gc             ] GC(458) Pause Young (Allocation Failure) 281M->51M(781M) 0.656ms
[182.273s][info][gc,cpu         ] GC(458) User=0.00s Sys=0.00s Real=0.00s
[182.670s][info][gc,start       ] GC(459) Pause Young (Allocation Failure)
[182.671s][info][gc,heap        ] GC(459) PSYoungGen: 226368K(237568K)->64K(218112K) Eden: 226304K(226304K)->0K(217600K) From: 64K(11264K)->64K(512K)
[182.672s][info][gc,heap        ] GC(459) ParOldGen: 53025K(562176K)->53033K(562176K)
[182.672s][info][gc,metaspace   ] GC(459) Metaspace: 35227K(35904K)->35227K(35904K) NonClass: 28968K(29440K)->28968K(29440K) Class: 6259K(6464K)->6259K(6464K)
[182.672s][info][gc             ] GC(459) Pause Young (Allocation Failure) 272M->51M(762M) 1.480ms
[182.672s][info][gc,cpu         ] GC(459) User=0.00s Sys=0.00s Real=0.00s
[182.932s][info][gc,start       ] GC(460) Pause Young (Allocation Failure)
[182.933s][info][gc,heap        ] GC(460) PSYoungGen: 217664K(218112K)->64K(219136K) Eden: 217600K(217600K)->0K(209408K) From: 64K(512K)->64K(9728K)
[182.933s][info][gc,heap        ] GC(460) ParOldGen: 53033K(562176K)->53041K(562176K)
[182.933s][info][gc,metaspace   ] GC(460) Metaspace: 35227K(35904K)->35227K(35904K) NonClass: 28968K(29440K)->28968K(29440K) Class: 6259K(6464K)->6259K(6464K)
[182.933s][info][gc             ] GC(460) Pause Young (Allocation Failure) 264M->51M(763M) 0.763ms
[182.933s][info][gc,cpu         ] GC(460) User=0.00s Sys=0.00s Real=0.00s
[183.846s][info][gc,start       ] GC(461) Pause Young (Allocation Failure)
[183.848s][info][gc,heap        ] GC(461) PSYoungGen: 209472K(219136K)->64K(202240K) Eden: 209408K(209408K)->0K(201728K) From: 64K(9728K)->64K(512K)
[183.848s][info][gc,heap        ] GC(461) ParOldGen: 53041K(562176K)->53049K(562176K)
[183.848s][info][gc,metaspace   ] GC(461) Metaspace: 35227K(35904K)->35227K(35904K) NonClass: 28968K(29440K)->28968K(29440K) Class: 6259K(6464K)->6259K(6464K)
[183.848s][info][gc             ] GC(461) Pause Young (Allocation Failure) 256M->51M(746M) 1.690ms
[183.848s][info][gc,cpu         ] GC(461) User=0.00s Sys=0.00s Real=0.00s
[184.177s][info][gc,start       ] GC(462) Pause Young (Allocation Failure)
[184.178s][info][gc,heap        ] GC(462) PSYoungGen: 201792K(202240K)->64K(203264K) Eden: 201728K(201728K)->0K(194560K) From: 64K(512K)->64K(8704K)
[184.178s][info][gc,heap        ] GC(462) ParOldGen: 53049K(562176K)->53057K(562176K)
[184.178s][info][gc,metaspace   ] GC(462) Metaspace: 35227K(35904K)->35227K(35904K) NonClass: 28968K(29440K)->28968K(29440K) Class: 6259K(6464K)->6259K(6464K)
[184.178s][info][gc             ] GC(462) Pause Young (Allocation Failure) 248M->51M(747M) 0.882ms
[184.178s][info][gc,cpu         ] GC(462) User=0.00s Sys=0.00s Real=0.00s
[184.332s][info][gc,start       ] GC(463) Pause Young (Allocation Failure)
[184.333s][info][gc,heap        ] GC(463) PSYoungGen: 194624K(203264K)->64K(187904K) Eden: 194560K(194560K)->0K(187392K) From: 64K(8704K)->64K(512K)
[184.333s][info][gc,heap        ] GC(463) ParOldGen: 53057K(562176K)->53065K(562176K)
[184.333s][info][gc,metaspace   ] GC(463) Metaspace: 35227K(35904K)->35227K(35904K) NonClass: 28968K(29440K)->28968K(29440K) Class: 6259K(6464K)->6259K(6464K)
[184.333s][info][gc             ] GC(463) Pause Young (Allocation Failure) 241M->51M(732M) 1.362ms
[184.333s][info][gc,cpu         ] GC(463) User=0.00s Sys=0.01s Real=0.00s
[184.388s][info][gc,start       ] GC(464) Pause Young (Allocation Failure)
[184.389s][info][gc,heap        ] GC(464) PSYoungGen: 187456K(187904K)->64K(187904K) Eden: 187392K(187392K)->0K(180736K) From: 64K(512K)->64K(7168K)
[184.389s][info][gc,heap        ] GC(464) ParOldGen: 53065K(562176K)->53073K(562176K)
[184.389s][info][gc,metaspace   ] GC(464) Metaspace: 35227K(35904K)->35227K(35904K) NonClass: 28968K(29440K)->28968K(29440K) Class: 6259K(6464K)->6259K(6464K)
[184.389s][info][gc             ] GC(464) Pause Young (Allocation Failure) 234M->51M(732M) 0.642ms
[184.389s][info][gc,cpu         ] GC(464) User=0.00s Sys=0.00s Real=0.00s
[184.731s][info][gc,start       ] GC(465) Pause Young (Allocation Failure)
[184.732s][info][gc,heap        ] GC(465) PSYoungGen: 180800K(187904K)->64K(175104K) Eden: 180736K(180736K)->0K(174592K) From: 64K(7168K)->64K(512K)
[184.732s][info][gc,heap        ] GC(465) ParOldGen: 53073K(562176K)->53089K(562176K)
[184.732s][info][gc,metaspace   ] GC(465) Metaspace: 35227K(35904K)->35227K(35904K) NonClass: 28968K(29440K)->28968K(29440K) Class: 6259K(6464K)->6259K(6464K)
[184.732s][info][gc             ] GC(465) Pause Young (Allocation Failure) 228M->51M(720M) 1.211ms
[184.732s][info][gc,cpu         ] GC(465) User=0.00s Sys=0.00s Real=0.00s
[185.120s][info][gc,start       ] GC(466) Pause Young (Allocation Failure)
[185.122s][info][gc,heap        ] GC(466) PSYoungGen: 174656K(175104K)->64K(174592K) Eden: 174592K(174592K)->0K(168448K) From: 64K(512K)->64K(6144K)
[185.122s][info][gc,heap        ] GC(466) ParOldGen: 53089K(562176K)->53097K(562176K)
[185.122s][info][gc,metaspace   ] GC(466) Metaspace: 35227K(35904K)->35227K(35904K) NonClass: 28968K(29440K)->28968K(29440K) Class: 6259K(6464K)->6259K(6464K)
[185.122s][info][gc             ] GC(466) Pause Young (Allocation Failure) 222M->51M(719M) 1.531ms
[185.122s][info][gc,cpu         ] GC(466) User=0.00s Sys=0.00s Real=0.00s
[185.344s][info][gc,start       ] GC(467) Pause Young (Allocation Failure)
[185.346s][info][gc,heap        ] GC(467) PSYoungGen: 168512K(174592K)->32K(163328K) Eden: 168448K(168448K)->0K(162816K) From: 64K(6144K)->32K(512K)
[185.346s][info][gc,heap        ] GC(467) ParOldGen: 53097K(562176K)->53105K(562176K)
[185.346s][info][gc,metaspace   ] GC(467) Metaspace: 35227K(35904K)->35227K(35904K) NonClass: 28968K(29440K)->28968K(29440K) Class: 6259K(6464K)->6259K(6464K)
[185.346s][info][gc             ] GC(467) Pause Young (Allocation Failure) 216M->51M(708M) 1.762ms
[185.346s][info][gc,cpu         ] GC(467) User=0.00s Sys=0.00s Real=0.00s
[185.639s][info][gc,start       ] GC(468) Pause Young (Allocation Failure)
[185.653s][info][gc,heap        ] GC(468) PSYoungGen: 162848K(163328K)->5632K(201216K) Eden: 162816K(162816K)->0K(195584K) From: 32K(512K)->5632K(5632K)
[185.654s][info][gc,heap        ] GC(468) ParOldGen: 53105K(562176K)->55793K(562176K)
[185.654s][info][gc,metaspace   ] GC(468) Metaspace: 35227K(35904K)->35227K(35904K) NonClass: 28968K(29440K)->28968K(29440K) Class: 6259K(6464K)->6259K(6464K)
[185.654s][info][gc             ] GC(468) Pause Young (Allocation Failure) 210M->59M(745M) 14.547ms
[185.654s][info][gc,cpu         ] GC(468) User=0.03s Sys=0.00s Real=0.01s
[185.874s][info][gc,start       ] GC(469) Pause Young (Allocation Failure)
[185.911s][info][gc,heap        ] GC(469) PSYoungGen: 201216K(201216K)->5632K(224256K) Eden: 195584K(195584K)->0K(218624K) From: 5632K(5632K)->5632K(5632K)
[185.911s][info][gc,heap        ] GC(469) ParOldGen: 55793K(562176K)->71129K(562176K)
[185.911s][info][gc,metaspace   ] GC(469) Metaspace: 35227K(35904K)->35227K(35904K) NonClass: 28968K(29440K)->28968K(29440K) Class: 6259K(6464K)->6259K(6464K)
[185.911s][info][gc             ] GC(469) Pause Young (Allocation Failure) 250M->74M(768M) 36.251ms
[185.911s][info][gc,cpu         ] GC(469) User=0.06s Sys=0.00s Real=0.04s
[186.157s][info][gc,start       ] GC(470) Pause Young (Allocation Failure)
[186.197s][info][gc,heap        ] GC(470) PSYoungGen: 224256K(224256K)->14336K(232960K) Eden: 218624K(218624K)->0K(218624K) From: 5632K(5632K)->14336K(14336K)
[186.197s][info][gc,heap        ] GC(470) ParOldGen: 71129K(562176K)->80657K(562176K)
[186.197s][info][gc,metaspace   ] GC(470) Metaspace: 35227K(35904K)->35227K(35904K) NonClass: 28968K(29440K)->28968K(29440K) Class: 6259K(6464K)->6259K(6464K)
[186.197s][info][gc             ] GC(470) Pause Young (Allocation Failure) 288M->92M(776M) 40.459ms
[186.197s][info][gc,cpu         ] GC(470) User=0.08s Sys=0.00s Real=0.04s
[186.389s][info][gc,start       ] GC(471) Pause Young (Allocation Failure)
[186.425s][info][gc,heap        ] GC(471) PSYoungGen: 232960K(232960K)->16480K(281088K) Eden: 218624K(218624K)->0K(260096K) From: 14336K(14336K)->16480K(20992K)
[186.425s][info][gc,heap        ] GC(471) ParOldGen: 80657K(562176K)->80993K(562176K)
[186.425s][info][gc,metaspace   ] GC(471) Metaspace: 35227K(35904K)->35227K(35904K) NonClass: 28968K(29440K)->28968K(29440K) Class: 6259K(6464K)->6259K(6464K)
[186.425s][info][gc             ] GC(471) Pause Young (Allocation Failure) 306M->95M(823M) 36.050ms
[186.425s][info][gc,cpu         ] GC(471) User=0.06s Sys=0.01s Real=0.03s
[186.586s][info][gc,start       ] GC(472) Pause Young (Allocation Failure)
[186.587s][info][gc,heap        ] GC(472) PSYoungGen: 276576K(281088K)->64K(283648K) Eden: 260096K(260096K)->0K(260096K) From: 16480K(20992K)->64K(23552K)
[186.587s][info][gc,heap        ] GC(472) ParOldGen: 80993K(562176K)->81001K(562176K)
[186.587s][info][gc,metaspace   ] GC(472) Metaspace: 35227K(35904K)->35227K(35904K) NonClass: 28968K(29440K)->28968K(29440K) Class: 6259K(6464K)->6259K(6464K)
[186.587s][info][gc             ] GC(472) Pause Young (Allocation Failure) 349M->79M(826M) 0.838ms
[186.587s][info][gc,cpu         ] GC(472) User=0.00s Sys=0.00s Real=0.00s
[187.258s][info][gc,start       ] GC(473) Pause Young (Allocation Failure)
[187.259s][info][gc,heap        ] GC(473) PSYoungGen: 260160K(283648K)->64K(308736K) Eden: 260096K(260096K)->0K(287232K) From: 64K(23552K)->64K(21504K)
[187.259s][info][gc,heap        ] GC(473) ParOldGen: 81001K(562176K)->81017K(562176K)
[187.259s][info][gc,metaspace   ] GC(473) Metaspace: 35227K(35904K)->35227K(35904K) NonClass: 28968K(29440K)->28968K(29440K) Class: 6259K(6464K)->6259K(6464K)
[187.259s][info][gc             ] GC(473) Pause Young (Allocation Failure) 333M->79M(850M) 0.811ms
[187.259s][info][gc,cpu         ] GC(473) User=0.00s Sys=0.00s Real=0.00s
[187.637s][info][gc,start       ] GC(474) Pause Young (Allocation Failure)
[187.637s][info][gc,heap        ] GC(474) PSYoungGen: 287296K(308736K)->64K(309760K) Eden: 287232K(287232K)->0K(287232K) From: 64K(21504K)->64K(22528K)
[187.637s][info][gc,heap        ] GC(474) ParOldGen: 81017K(562176K)->81017K(562176K)
[187.637s][info][gc,metaspace   ] GC(474) Metaspace: 35227K(35904K)->35227K(35904K) NonClass: 28968K(29440K)->28968K(29440K) Class: 6259K(6464K)->6259K(6464K)
[187.637s][info][gc             ] GC(474) Pause Young (Allocation Failure) 359M->79M(851M) 0.813ms
[187.637s][info][gc,cpu         ] GC(474) User=0.00s Sys=0.00s Real=0.00s
[188.083s][info][gc,start       ] GC(475) Pause Young (Allocation Failure)
[188.084s][info][gc,heap        ] GC(475) PSYoungGen: 287296K(309760K)->64K(309248K) Eden: 287232K(287232K)->0K(289792K) From: 64K(22528K)->64K(19456K)
[188.084s][info][gc,heap        ] GC(475) ParOldGen: 81017K(562176K)->81033K(562176K)
[188.084s][info][gc,metaspace   ] GC(475) Metaspace: 35227K(35904K)->35227K(35904K) NonClass: 28968K(29440K)->28968K(29440K) Class: 6259K(6464K)->6259K(6464K)
[188.084s][info][gc             ] GC(475) Pause Young (Allocation Failure) 359M->79M(851M) 0.802ms
[188.084s][info][gc,cpu         ] GC(475) User=0.00s Sys=0.00s Real=0.00s
[188.314s][info][gc,start       ] GC(476) Pause Young (Allocation Failure)
[188.315s][info][gc,heap        ] GC(476) PSYoungGen: 289856K(309248K)->64K(310272K) Eden: 289792K(289792K)->0K(289792K) From: 64K(19456K)->64K(20480K)
[188.315s][info][gc,heap        ] GC(476) ParOldGen: 81033K(562176K)->81049K(562176K)
[188.315s][info][gc,metaspace   ] GC(476) Metaspace: 35227K(35904K)->35227K(35904K) NonClass: 28968K(29440K)->28968K(29440K) Class: 6259K(6464K)->6259K(6464K)
[188.315s][info][gc             ] GC(476) Pause Young (Allocation Failure) 362M->79M(852M) 0.752ms
[188.315s][info][gc,cpu         ] GC(476) User=0.00s Sys=0.00s Real=0.00s
[188.544s][info][gc,start       ] GC(477) Pause Young (Allocation Failure)
[188.544s][info][gc,heap        ] GC(477) PSYoungGen: 289856K(310272K)->32K(310784K) Eden: 289792K(289792K)->0K(293376K) From: 64K(20480K)->32K(17408K)
[188.544s][info][gc,heap        ] GC(477) ParOldGen: 81049K(562176K)->81049K(562176K)
[188.544s][info][gc,metaspace   ] GC(477) Metaspace: 35227K(35904K)->35227K(35904K) NonClass: 28968K(29440K)->28968K(29440K) Class: 6259K(6464K)->6259K(6464K)
[188.544s][info][gc             ] GC(477) Pause Young (Allocation Failure) 362M->79M(852M) 0.755ms
[188.544s][info][gc,cpu         ] GC(477) User=0.00s Sys=0.00s Real=0.00s
[188.864s][info][gc,start       ] GC(478) Pause Young (Allocation Failure)
[188.864s][info][gc,heap        ] GC(478) PSYoungGen: 293408K(310784K)->64K(312320K) Eden: 293376K(293376K)->0K(293376K) From: 32K(17408K)->64K(18944K)
[188.864s][info][gc,heap        ] GC(478) ParOldGen: 81049K(562176K)->81049K(562176K)
[188.865s][info][gc,metaspace   ] GC(478) Metaspace: 35227K(35904K)->35227K(35904K) NonClass: 28968K(29440K)->28968K(29440K) Class: 6259K(6464K)->6259K(6464K)
[188.865s][info][gc             ] GC(478) Pause Young (Allocation Failure) 365M->79M(854M) 0.842ms
[188.865s][info][gc,cpu         ] GC(478) User=0.00s Sys=0.00s Real=0.00s
[188.918s][info][gc,start       ] GC(479) Pause Young (Allocation Failure)
[188.919s][info][gc,heap        ] GC(479) PSYoungGen: 293440K(312320K)->64K(312320K) Eden: 293376K(293376K)->0K(296960K) From: 64K(18944K)->64K(15360K)
[188.919s][info][gc,heap        ] GC(479) ParOldGen: 81049K(562176K)->81065K(562176K)
[188.919s][info][gc,metaspace   ] GC(479) Metaspace: 35227K(35904K)->35227K(35904K) NonClass: 28968K(29440K)->28968K(29440K) Class: 6259K(6464K)->6259K(6464K)
[188.919s][info][gc             ] GC(479) Pause Young (Allocation Failure) 365M->79M(854M) 0.744ms
[188.919s][info][gc,cpu         ] GC(479) User=0.00s Sys=0.00s Real=0.00s
[188.977s][info][gc,start       ] GC(480) Pause Young (Allocation Failure)
[188.977s][info][gc,heap        ] GC(480) PSYoungGen: 297024K(312320K)->64K(313856K) Eden: 296960K(296960K)->0K(296960K) From: 64K(15360K)->64K(16896K)
[188.977s][info][gc,heap        ] GC(480) ParOldGen: 81065K(562176K)->81065K(562176K)
[188.977s][info][gc,metaspace   ] GC(480) Metaspace: 35227K(35904K)->35227K(35904K) NonClass: 28968K(29440K)->28968K(29440K) Class: 6259K(6464K)->6259K(6464K)
[188.978s][info][gc             ] GC(480) Pause Young (Allocation Failure) 369M->79M(855M) 0.728ms
[188.978s][info][gc,cpu         ] GC(480) User=0.01s Sys=0.00s Real=0.00s
[189.192s][info][gc,start       ] GC(481) Pause Young (Allocation Failure)
[189.193s][info][gc,heap        ] GC(481) PSYoungGen: 297024K(313856K)->64K(285696K) Eden: 296960K(296960K)->0K(285184K) From: 64K(16896K)->64K(512K)
[189.193s][info][gc,heap        ] GC(481) ParOldGen: 81065K(562176K)->81081K(562176K)
[189.193s][info][gc,metaspace   ] GC(481) Metaspace: 35227K(35904K)->35227K(35904K) NonClass: 28968K(29440K)->28968K(29440K) Class: 6259K(6464K)->6259K(6464K)
[189.193s][info][gc             ] GC(481) Pause Young (Allocation Failure) 369M->79M(828M) 0.756ms
[189.193s][info][gc,cpu         ] GC(481) User=0.00s Sys=0.00s Real=0.00s
[189.396s][info][gc,start       ] GC(482) Pause Young (Allocation Failure)
[189.396s][info][gc,heap        ] GC(482) PSYoungGen: 285248K(285696K)->64K(289280K) Eden: 285184K(285184K)->0K(273920K) From: 64K(512K)->64K(15360K)
[189.396s][info][gc,heap        ] GC(482) ParOldGen: 81081K(562176K)->81081K(562176K)
[189.396s][info][gc,metaspace   ] GC(482) Metaspace: 35229K(35904K)->35229K(35904K) NonClass: 28969K(29440K)->28969K(29440K) Class: 6259K(6464K)->6259K(6464K)
[189.396s][info][gc             ] GC(482) Pause Young (Allocation Failure) 357M->79M(831M) 0.691ms
[189.396s][info][gc,cpu         ] GC(482) User=0.00s Sys=0.00s Real=0.01s
[189.485s][info][gc,start       ] GC(483) Pause Young (Allocation Failure)
[189.486s][info][gc,heap        ] GC(483) PSYoungGen: 273984K(289280K)->64K(263680K) Eden: 273920K(273920K)->0K(263168K) From: 64K(15360K)->64K(512K)
[189.486s][info][gc,heap        ] GC(483) ParOldGen: 81081K(562176K)->81089K(562176K)
[189.486s][info][gc,metaspace   ] GC(483) Metaspace: 35229K(35904K)->35229K(35904K) NonClass: 28969K(29440K)->28969K(29440K) Class: 6259K(6464K)->6259K(6464K)
[189.486s][info][gc             ] GC(483) Pause Young (Allocation Failure) 346M->79M(806M) 0.822ms
[189.486s][info][gc,cpu         ] GC(483) User=0.00s Sys=0.00s Real=0.01s
[189.571s][info][gc,start       ] GC(484) Pause Young (Allocation Failure)
[189.572s][info][gc,heap        ] GC(484) PSYoungGen: 263232K(263680K)->64K(266240K) Eden: 263168K(263168K)->0K(252928K) From: 64K(512K)->64K(13312K)
[189.572s][info][gc,heap        ] GC(484) ParOldGen: 81089K(562176K)->81097K(562176K)
[189.572s][info][gc,metaspace   ] GC(484) Metaspace: 35229K(35904K)->35229K(35904K) NonClass: 28969K(29440K)->28969K(29440K) Class: 6259K(6464K)->6259K(6464K)
[189.572s][info][gc             ] GC(484) Pause Young (Allocation Failure) 336M->79M(809M) 0.689ms
[189.572s][info][gc,cpu         ] GC(484) User=0.00s Sys=0.00s Real=0.00s
[189.719s][info][gc,start       ] GC(485) Pause Young (Allocation Failure)
[189.720s][info][gc,heap        ] GC(485) PSYoungGen: 252992K(266240K)->64K(243712K) Eden: 252928K(252928K)->0K(243200K) From: 64K(13312K)->64K(512K)
[189.720s][info][gc,heap        ] GC(485) ParOldGen: 81097K(562176K)->81105K(562176K)
[189.720s][info][gc,metaspace   ] GC(485) Metaspace: 35229K(35904K)->35229K(35904K) NonClass: 28969K(29440K)->28969K(29440K) Class: 6259K(6464K)->6259K(6464K)
[189.720s][info][gc             ] GC(485) Pause Young (Allocation Failure) 326M->79M(787M) 1.335ms
[189.720s][info][gc,cpu         ] GC(485) User=0.00s Sys=0.00s Real=0.00s
[190.261s][info][gc,start       ] GC(486) Pause Young (Allocation Failure)
[190.262s][info][gc,heap        ] GC(486) PSYoungGen: 243264K(243712K)->64K(245760K) Eden: 243200K(243200K)->0K(233984K) From: 64K(512K)->64K(11776K)
[190.262s][info][gc,heap        ] GC(486) ParOldGen: 81105K(562176K)->81113K(562176K)
[190.262s][info][gc,metaspace   ] GC(486) Metaspace: 35229K(35904K)->35229K(35904K) NonClass: 28969K(29440K)->28969K(29440K) Class: 6259K(6464K)->6259K(6464K)
[190.262s][info][gc             ] GC(486) Pause Young (Allocation Failure) 316M->79M(789M) 0.851ms
[190.262s][info][gc,cpu         ] GC(486) User=0.00s Sys=0.00s Real=0.00s
[190.733s][info][gc,start       ] GC(487) Pause Young (Allocation Failure)
[190.735s][info][gc,heap        ] GC(487) PSYoungGen: 234048K(245760K)->32K(225792K) Eden: 233984K(233984K)->0K(225280K) From: 64K(11776K)->32K(512K)
[190.736s][info][gc,heap        ] GC(487) ParOldGen: 81113K(562176K)->81121K(562176K)
[190.736s][info][gc,metaspace   ] GC(487) Metaspace: 35229K(35904K)->35229K(35904K) NonClass: 28969K(29440K)->28969K(29440K) Class: 6259K(6464K)->6259K(6464K)
[190.736s][info][gc             ] GC(487) Pause Young (Allocation Failure) 307M->79M(769M) 2.219ms
[190.736s][info][gc,cpu         ] GC(487) User=0.00s Sys=0.00s Real=0.00s
[191.667s][info][gc,start       ] GC(488) Pause Young (Allocation Failure)
[191.668s][info][gc,heap        ] GC(488) PSYoungGen: 225312K(225792K)->64K(226816K) Eden: 225280K(225280K)->0K(216576K) From: 32K(512K)->64K(10240K)
[191.668s][info][gc,heap        ] GC(488) ParOldGen: 81121K(562176K)->81137K(562176K)
[191.668s][info][gc,metaspace   ] GC(488) Metaspace: 35229K(35904K)->35229K(35904K) NonClass: 28969K(29440K)->28969K(29440K) Class: 6259K(6464K)->6259K(6464K)
[191.668s][info][gc             ] GC(488) Pause Young (Allocation Failure) 299M->79M(770M) 1.161ms
[191.668s][info][gc,cpu         ] GC(488) User=0.00s Sys=0.00s Real=0.00s
[191.948s][info][gc,start       ] GC(489) Pause Young (Allocation Failure)
[191.950s][info][gc,heap        ] GC(489) PSYoungGen: 216640K(226816K)->64K(208896K) Eden: 216576K(216576K)->0K(208384K) From: 64K(10240K)->64K(512K)
[191.950s][info][gc,heap        ] GC(489) ParOldGen: 81137K(562176K)->81153K(562176K)
[191.950s][info][gc,metaspace   ] GC(489) Metaspace: 35229K(35904K)->35229K(35904K) NonClass: 28969K(29440K)->28969K(29440K) Class: 6259K(6464K)->6259K(6464K)
[191.950s][info][gc             ] GC(489) Pause Young (Allocation Failure) 290M->79M(753M) 2.085ms
[191.950s][info][gc,cpu         ] GC(489) User=0.00s Sys=0.00s Real=0.00s
[192.231s][info][gc,start       ] GC(490) Pause Young (Allocation Failure)
[192.232s][info][gc,heap        ] GC(490) PSYoungGen: 208448K(208896K)->32K(209920K) Eden: 208384K(208384K)->0K(200704K) From: 64K(512K)->32K(9216K)
[192.232s][info][gc,heap        ] GC(490) ParOldGen: 81153K(562176K)->81161K(562176K)
[192.232s][info][gc,metaspace   ] GC(490) Metaspace: 35229K(35904K)->35229K(35904K) NonClass: 28969K(29440K)->28969K(29440K) Class: 6259K(6464K)->6259K(6464K)
[192.232s][info][gc             ] GC(490) Pause Young (Allocation Failure) 282M->79M(754M) 1.232ms
[192.232s][info][gc,cpu         ] GC(490) User=0.00s Sys=0.00s Real=0.00s
[193.165s][info][gc,start       ] GC(491) Pause Young (Allocation Failure)
[193.167s][info][gc,heap        ] GC(491) PSYoungGen: 200736K(209920K)->64K(194048K) Eden: 200704K(200704K)->0K(193536K) From: 32K(9216K)->64K(512K)
[193.167s][info][gc,heap        ] GC(491) ParOldGen: 81161K(562176K)->81169K(562176K)
[193.167s][info][gc,metaspace   ] GC(491) Metaspace: 35229K(35904K)->35229K(35904K) NonClass: 28969K(29440K)->28969K(29440K) Class: 6259K(6464K)->6259K(6464K)
[193.167s][info][gc             ] GC(491) Pause Young (Allocation Failure) 275M->79M(738M) 1.851ms
[193.167s][info][gc,cpu         ] GC(491) User=0.00s Sys=0.00s Real=0.01s
[193.358s][info][gc,start       ] GC(492) Pause Young (Allocation Failure)
[193.358s][info][gc,heap        ] GC(492) PSYoungGen: 193600K(194048K)->64K(194048K) Eden: 193536K(193536K)->0K(186368K) From: 64K(512K)->64K(7680K)
[193.358s][info][gc,heap        ] GC(492) ParOldGen: 81169K(562176K)->81177K(562176K)
[193.358s][info][gc,metaspace   ] GC(492) Metaspace: 35229K(35904K)->35229K(35904K) NonClass: 28969K(29440K)->28969K(29440K) Class: 6259K(6464K)->6259K(6464K)
[193.358s][info][gc             ] GC(492) Pause Young (Allocation Failure) 268M->79M(738M) 0.948ms
[193.358s][info][gc,cpu         ] GC(492) User=0.00s Sys=0.00s Real=0.00s
[193.654s][info][gc,start       ] GC(493) Pause Young (Allocation Failure)
[193.655s][info][gc,heap        ] GC(493) PSYoungGen: 186432K(194048K)->64K(180224K) Eden: 186368K(186368K)->0K(179712K) From: 64K(7680K)->64K(512K)
[193.655s][info][gc,heap        ] GC(493) ParOldGen: 81177K(562176K)->81185K(562176K)
[193.655s][info][gc,metaspace   ] GC(493) Metaspace: 35229K(35904K)->35229K(35904K) NonClass: 28969K(29440K)->28969K(29440K) Class: 6259K(6464K)->6259K(6464K)
[193.655s][info][gc             ] GC(493) Pause Young (Allocation Failure) 261M->79M(725M) 1.401ms
[193.655s][info][gc,cpu         ] GC(493) User=0.00s Sys=0.00s Real=0.00s
[193.769s][info][gc,start       ] GC(494) Pause Young (Allocation Failure)
[193.771s][info][gc,heap        ] GC(494) PSYoungGen: 179776K(180224K)->64K(180224K) Eden: 179712K(179712K)->0K(173568K) From: 64K(512K)->64K(6656K)
[193.771s][info][gc,heap        ] GC(494) ParOldGen: 81185K(562176K)->81201K(562176K)
[193.771s][info][gc,metaspace   ] GC(494) Metaspace: 35229K(35904K)->35229K(35904K) NonClass: 28969K(29440K)->28969K(29440K) Class: 6259K(6464K)->6259K(6464K)
[193.771s][info][gc             ] GC(494) Pause Young (Allocation Failure) 254M->79M(725M) 1.162ms
[193.771s][info][gc,cpu         ] GC(494) User=0.00s Sys=0.00s Real=0.00s
[193.841s][info][gc,start       ] GC(495) Pause Young (Allocation Failure)
[193.842s][info][gc,heap        ] GC(495) PSYoungGen: 173632K(180224K)->64K(167936K) Eden: 173568K(173568K)->0K(167424K) From: 64K(6656K)->64K(512K)
[193.842s][info][gc,heap        ] GC(495) ParOldGen: 81201K(562176K)->81217K(562176K)
[193.842s][info][gc,metaspace   ] GC(495) Metaspace: 35229K(35904K)->35229K(35904K) NonClass: 28969K(29440K)->28969K(29440K) Class: 6259K(6464K)->6259K(6464K)
[193.842s][info][gc             ] GC(495) Pause Young (Allocation Failure) 248M->79M(713M) 1.695ms
[193.843s][info][gc,cpu         ] GC(495) User=0.00s Sys=0.00s Real=0.00s
[194.245s][info][gc,start       ] GC(496) Pause Young (Allocation Failure)
[194.246s][info][gc,heap        ] GC(496) PSYoungGen: 167488K(167936K)->64K(167424K) Eden: 167424K(167424K)->0K(161792K) From: 64K(512K)->64K(5632K)
[194.246s][info][gc,heap        ] GC(496) ParOldGen: 81217K(562176K)->81233K(562176K)
[194.246s][info][gc,metaspace   ] GC(496) Metaspace: 35229K(35904K)->35229K(35904K) NonClass: 28969K(29440K)->28969K(29440K) Class: 6259K(6464K)->6259K(6464K)
[194.246s][info][gc             ] GC(496) Pause Young (Allocation Failure) 242M->79M(712M) 1.103ms
[194.246s][info][gc,cpu         ] GC(496) User=0.00s Sys=0.00s Real=0.01s
[194.554s][info][gc,start       ] GC(497) Pause Young (Allocation Failure)
[194.556s][info][gc,heap        ] GC(497) PSYoungGen: 161856K(167424K)->64K(156672K) Eden: 161792K(161792K)->0K(156160K) From: 64K(5632K)->64K(512K)
[194.556s][info][gc,heap        ] GC(497) ParOldGen: 81233K(562176K)->81241K(562176K)
[194.556s][info][gc,metaspace   ] GC(497) Metaspace: 35229K(35904K)->35229K(35904K) NonClass: 28969K(29440K)->28969K(29440K) Class: 6259K(6464K)->6259K(6464K)
[194.556s][info][gc             ] GC(497) Pause Young (Allocation Failure) 237M->79M(702M) 2.367ms
[194.556s][info][gc,cpu         ] GC(497) User=0.01s Sys=0.00s Real=0.01s
[194.777s][info][gc,start       ] GC(498) Pause Young (Allocation Failure)
[194.778s][info][gc,heap        ] GC(498) PSYoungGen: 156224K(156672K)->64K(156160K) Eden: 156160K(156160K)->0K(151040K) From: 64K(512K)->64K(5120K)
[194.778s][info][gc,heap        ] GC(498) ParOldGen: 81241K(562176K)->81257K(562176K)
[194.778s][info][gc,metaspace   ] GC(498) Metaspace: 35229K(35904K)->35229K(35904K) NonClass: 28969K(29440K)->28969K(29440K) Class: 6259K(6464K)->6259K(6464K)
[194.778s][info][gc             ] GC(498) Pause Young (Allocation Failure) 231M->79M(701M) 1.118ms
[194.778s][info][gc,cpu         ] GC(498) User=0.00s Sys=0.00s Real=0.00s
[195.020s][info][gc,start       ] GC(499) Pause Young (Allocation Failure)
[195.034s][info][gc,heap        ] GC(499) PSYoungGen: 151104K(156160K)->4608K(185856K) Eden: 151040K(151040K)->0K(181248K) From: 64K(5120K)->4608K(4608K)
[195.034s][info][gc,heap        ] GC(499) ParOldGen: 81257K(562176K)->84537K(562176K)
[195.034s][info][gc,metaspace   ] GC(499) Metaspace: 35229K(35904K)->35229K(35904K) NonClass: 28969K(29440K)->28969K(29440K) Class: 6259K(6464K)->6259K(6464K)
[195.034s][info][gc             ] GC(499) Pause Young (Allocation Failure) 226M->87M(730M) 13.226ms
[195.034s][info][gc,cpu         ] GC(499) User=0.02s Sys=0.00s Real=0.01s
[195.237s][info][gc,start       ] GC(500) Pause Young (Allocation Failure)
[195.268s][info][gc,heap        ] GC(500) PSYoungGen: 185856K(185856K)->7168K(224768K) Eden: 181248K(181248K)->0K(217600K) From: 4608K(4608K)->7168K(7168K)
[195.268s][info][gc,heap        ] GC(500) ParOldGen: 84537K(562176K)->96817K(562176K)
[195.268s][info][gc,metaspace   ] GC(500) Metaspace: 35229K(35904K)->35229K(35904K) NonClass: 28969K(29440K)->28969K(29440K) Class: 6259K(6464K)->6259K(6464K)
[195.268s][info][gc             ] GC(500) Pause Young (Allocation Failure) 264M->101M(768M) 31.614ms
[195.268s][info][gc,cpu         ] GC(500) User=0.06s Sys=0.00s Real=0.03s
[195.511s][info][gc,start       ] GC(501) Pause Young (Allocation Failure)
[195.550s][info][gc,heap        ] GC(501) PSYoungGen: 224768K(224768K)->4608K(224256K) Eden: 217600K(217600K)->0K(219648K) From: 7168K(7168K)->4608K(4608K)
[195.551s][info][gc,heap        ] GC(501) ParOldGen: 96817K(562176K)->115881K(562176K)
[195.551s][info][gc,metaspace   ] GC(501) Metaspace: 35229K(35904K)->35229K(35904K) NonClass: 28969K(29440K)->28969K(29440K) Class: 6259K(6464K)->6259K(6464K)
[195.551s][info][gc             ] GC(501) Pause Young (Allocation Failure) 314M->117M(768M) 39.864ms
[195.551s][info][gc,cpu         ] GC(501) User=0.08s Sys=0.00s Real=0.04s
[195.760s][info][gc,start       ] GC(502) Pause Young (Allocation Failure)
[195.793s][info][gc,heap        ] GC(502) PSYoungGen: 224256K(224256K)->18528K(239616K) Eden: 219648K(219648K)->0K(219648K) From: 4608K(4608K)->18528K(19968K)
[195.793s][info][gc,heap        ] GC(502) ParOldGen: 115881K(562176K)->116585K(562176K)
[195.793s][info][gc,metaspace   ] GC(502) Metaspace: 35229K(35904K)->35229K(35904K) NonClass: 28969K(29440K)->28969K(29440K) Class: 6259K(6464K)->6259K(6464K)
[195.793s][info][gc             ] GC(502) Pause Young (Allocation Failure) 332M->131M(783M) 32.964ms
[195.793s][info][gc,cpu         ] GC(502) User=0.07s Sys=0.00s Real=0.03s
[195.869s][info][gc,start       ] GC(503) Pause Young (Allocation Failure)
[195.870s][info][gc,heap        ] GC(503) PSYoungGen: 238176K(239616K)->64K(286208K) Eden: 219648K(219648K)->0K(263680K) From: 18528K(19968K)->64K(22528K)
[195.870s][info][gc,heap        ] GC(503) ParOldGen: 116585K(562176K)->116593K(562176K)
[195.870s][info][gc,metaspace   ] GC(503) Metaspace: 35229K(35904K)->35229K(35904K) NonClass: 28969K(29440K)->28969K(29440K) Class: 6259K(6464K)->6259K(6464K)
[195.870s][info][gc             ] GC(503) Pause Young (Allocation Failure) 346M->113M(828M) 0.879ms
[195.870s][info][gc,cpu         ] GC(503) User=0.01s Sys=0.00s Real=0.00s
[196.488s][info][gc,start       ] GC(504) Pause Young (Allocation Failure)
[196.489s][info][gc,heap        ] GC(504) PSYoungGen: 263744K(286208K)->64K(286720K) Eden: 263680K(263680K)->0K(263680K) From: 64K(22528K)->64K(23040K)
[196.489s][info][gc,heap        ] GC(504) ParOldGen: 116593K(562176K)->116601K(562176K)
[196.489s][info][gc,metaspace   ] GC(504) Metaspace: 35229K(35904K)->35229K(35904K) NonClass: 28969K(29440K)->28969K(29440K) Class: 6259K(6464K)->6259K(6464K)
[196.489s][info][gc             ] GC(504) Pause Young (Allocation Failure) 371M->113M(829M) 0.947ms
[196.489s][info][gc,cpu         ] GC(504) User=0.00s Sys=0.00s Real=0.00s
[196.934s][info][gc,start       ] GC(505) Pause Young (Allocation Failure)
[196.935s][info][gc,heap        ] GC(505) PSYoungGen: 263744K(286720K)->64K(310272K) Eden: 263680K(263680K)->0K(288768K) From: 64K(23040K)->64K(21504K)
[196.935s][info][gc,heap        ] GC(505) ParOldGen: 116601K(562176K)->116609K(562176K)
[196.935s][info][gc,metaspace   ] GC(505) Metaspace: 35229K(35904K)->35229K(35904K) NonClass: 28969K(29440K)->28969K(29440K) Class: 6259K(6464K)->6259K(6464K)
[196.935s][info][gc             ] GC(505) Pause Young (Allocation Failure) 371M->113M(852M) 0.960ms
[196.935s][info][gc,cpu         ] GC(505) User=0.00s Sys=0.00s Real=0.00s
[197.387s][info][gc,start       ] GC(506) Pause Young (Allocation Failure)
[197.388s][info][gc,heap        ] GC(506) PSYoungGen: 288832K(310272K)->64K(310272K) Eden: 288768K(288768K)->0K(288768K) From: 64K(21504K)->64K(21504K)
[197.388s][info][gc,heap        ] GC(506) ParOldGen: 116609K(562176K)->116625K(562176K)
[197.388s][info][gc,metaspace   ] GC(506) Metaspace: 35229K(35904K)->35229K(35904K) NonClass: 28969K(29440K)->28969K(29440K) Class: 6259K(6464K)->6259K(6464K)
[197.388s][info][gc             ] GC(506) Pause Young (Allocation Failure) 395M->113M(852M) 0.850ms
[197.388s][info][gc,cpu         ] GC(506) User=0.01s Sys=0.00s Real=0.00s
[197.616s][info][gc,start       ] GC(507) Pause Young (Allocation Failure)
[197.616s][info][gc,heap        ] GC(507) PSYoungGen: 288832K(310272K)->64K(311296K) Eden: 288768K(288768K)->0K(291840K) From: 64K(21504K)->64K(19456K)
[197.616s][info][gc,heap        ] GC(507) ParOldGen: 116625K(562176K)->116641K(562176K)
[197.616s][info][gc,metaspace   ] GC(507) Metaspace: 35229K(35904K)->35229K(35904K) NonClass: 28969K(29440K)->28969K(29440K) Class: 6259K(6464K)->6259K(6464K)
[197.616s][info][gc             ] GC(507) Pause Young (Allocation Failure) 395M->113M(853M) 0.814ms
[197.616s][info][gc,cpu         ] GC(507) User=0.00s Sys=0.00s Real=0.01s
[197.850s][info][gc,start       ] GC(508) Pause Young (Allocation Failure)
[197.850s][info][gc,heap        ] GC(508) PSYoungGen: 291904K(311296K)->64K(311296K) Eden: 291840K(291840K)->0K(291840K) From: 64K(19456K)->64K(19456K)
[197.850s][info][gc,heap        ] GC(508) ParOldGen: 116641K(562176K)->116641K(562176K)
[197.850s][info][gc,metaspace   ] GC(508) Metaspace: 35229K(35904K)->35229K(35904K) NonClass: 28969K(29440K)->28969K(29440K) Class: 6259K(6464K)->6259K(6464K)
[197.850s][info][gc             ] GC(508) Pause Young (Allocation Failure) 398M->113M(853M) 0.833ms
[197.850s][info][gc,cpu         ] GC(508) User=0.00s Sys=0.00s Real=0.00s
[198.217s][info][gc,start       ] GC(509) Pause Young (Allocation Failure)
[198.218s][info][gc,heap        ] GC(509) PSYoungGen: 291904K(311296K)->64K(313856K) Eden: 291840K(291840K)->0K(295424K) From: 64K(19456K)->64K(18432K)
[198.218s][info][gc,heap        ] GC(509) ParOldGen: 116641K(562176K)->116641K(562176K)
[198.218s][info][gc,metaspace   ] GC(509) Metaspace: 35229K(35904K)->35229K(35904K) NonClass: 28969K(29440K)->28969K(29440K) Class: 6259K(6464K)->6259K(6464K)
[198.218s][info][gc             ] GC(509) Pause Young (Allocation Failure) 398M->113M(855M) 0.840ms
[198.218s][info][gc,cpu         ] GC(509) User=0.00s Sys=0.00s Real=0.00s
[198.274s][info][gc,start       ] GC(510) Pause Young (Allocation Failure)
[198.275s][info][gc,heap        ] GC(510) PSYoungGen: 295488K(313856K)->64K(313344K) Eden: 295424K(295424K)->0K(295424K) From: 64K(18432K)->64K(17920K)
[198.275s][info][gc,heap        ] GC(510) ParOldGen: 116641K(562176K)->116657K(562176K)
[198.275s][info][gc,metaspace   ] GC(510) Metaspace: 35229K(35904K)->35229K(35904K) NonClass: 28969K(29440K)->28969K(29440K) Class: 6259K(6464K)->6259K(6464K)
[198.275s][info][gc             ] GC(510) Pause Young (Allocation Failure) 402M->113M(855M) 0.816ms
[198.275s][info][gc,cpu         ] GC(510) User=0.00s Sys=0.00s Real=0.00s
[198.329s][info][gc,start       ] GC(511) Pause Young (Allocation Failure)
[198.330s][info][gc,heap        ] GC(511) PSYoungGen: 295488K(313344K)->64K(314880K) Eden: 295424K(295424K)->0K(298496K) From: 64K(17920K)->64K(16384K)
[198.330s][info][gc,heap        ] GC(511) ParOldGen: 116657K(562176K)->116657K(562176K)
[198.330s][info][gc,metaspace   ] GC(511) Metaspace: 35229K(35904K)->35229K(35904K) NonClass: 28969K(29440K)->28969K(29440K) Class: 6259K(6464K)->6259K(6464K)
[198.330s][info][gc             ] GC(511) Pause Young (Allocation Failure) 402M->113M(856M) 0.884ms
[198.330s][info][gc,cpu         ] GC(511) User=0.00s Sys=0.00s Real=0.00s
[198.512s][info][gc,start       ] GC(512) Pause Young (Allocation Failure)
[198.512s][info][gc,heap        ] GC(512) PSYoungGen: 298560K(314880K)->64K(314368K) Eden: 298496K(298496K)->0K(298496K) From: 64K(16384K)->64K(15872K)
[198.512s][info][gc,heap        ] GC(512) ParOldGen: 116657K(562176K)->116657K(562176K)
[198.512s][info][gc,metaspace   ] GC(512) Metaspace: 35229K(35904K)->35229K(35904K) NonClass: 28969K(29440K)->28969K(29440K) Class: 6259K(6464K)->6259K(6464K)
[198.512s][info][gc             ] GC(512) Pause Young (Allocation Failure) 405M->113M(856M) 0.861ms
[198.513s][info][gc,cpu         ] GC(512) User=0.00s Sys=0.00s Real=0.00s
[198.726s][info][gc,start       ] GC(513) Pause Young (Allocation Failure)
[198.727s][info][gc,heap        ] GC(513) PSYoungGen: 298560K(314368K)->64K(287232K) Eden: 298496K(298496K)->0K(286720K) From: 64K(15872K)->64K(512K)
[198.727s][info][gc,heap        ] GC(513) ParOldGen: 116657K(562176K)->116665K(562176K)
[198.727s][info][gc,metaspace   ] GC(513) Metaspace: 35229K(35904K)->35229K(35904K) NonClass: 28969K(29440K)->28969K(29440K) Class: 6259K(6464K)->6259K(6464K)
[198.727s][info][gc             ] GC(513) Pause Young (Allocation Failure) 405M->113M(829M) 0.902ms
[198.727s][info][gc,cpu         ] GC(513) User=0.00s Sys=0.00s Real=0.01s
[198.846s][info][gc,start       ] GC(514) Pause Young (Allocation Failure)
[198.847s][info][gc,heap        ] GC(514) PSYoungGen: 286784K(287232K)->64K(289792K) Eden: 286720K(286720K)->0K(275456K) From: 64K(512K)->64K(14336K)
[198.847s][info][gc,heap        ] GC(514) ParOldGen: 116665K(562176K)->116673K(562176K)
[198.847s][info][gc,metaspace   ] GC(514) Metaspace: 35229K(35904K)->35229K(35904K) NonClass: 28969K(29440K)->28969K(29440K) Class: 6259K(6464K)->6259K(6464K)
[198.847s][info][gc             ] GC(514) Pause Young (Allocation Failure) 393M->114M(832M) 0.829ms
[198.847s][info][gc,cpu         ] GC(514) User=0.00s Sys=0.00s Real=0.00s
[198.925s][info][gc,start       ] GC(515) Pause Young (Allocation Failure)
[198.926s][info][gc,heap        ] GC(515) PSYoungGen: 275520K(289792K)->64K(265216K) Eden: 275456K(275456K)->0K(264704K) From: 64K(14336K)->64K(512K)
[198.926s][info][gc,heap        ] GC(515) ParOldGen: 116673K(562176K)->116681K(562176K)
[198.926s][info][gc,metaspace   ] GC(515) Metaspace: 35229K(35904K)->35229K(35904K) NonClass: 28969K(29440K)->28969K(29440K) Class: 6259K(6464K)->6259K(6464K)
[198.926s][info][gc             ] GC(515) Pause Young (Allocation Failure) 383M->114M(808M) 0.915ms
[198.926s][info][gc,cpu         ] GC(515) User=0.00s Sys=0.00s Real=0.01s
[199.077s][info][gc,start       ] GC(516) Pause Young (Allocation Failure)
[199.077s][info][gc,heap        ] GC(516) PSYoungGen: 264768K(265216K)->64K(266752K) Eden: 264704K(264704K)->0K(254464K) From: 64K(512K)->64K(12288K)
[199.077s][info][gc,heap        ] GC(516) ParOldGen: 116681K(562176K)->116689K(562176K)
[199.077s][info][gc,metaspace   ] GC(516) Metaspace: 35229K(35904K)->35229K(35904K) NonClass: 28969K(29440K)->28969K(29440K) Class: 6259K(6464K)->6259K(6464K)
[199.077s][info][gc             ] GC(516) Pause Young (Allocation Failure) 372M->114M(809M) 0.781ms
[199.078s][info][gc,cpu         ] GC(516) User=0.00s Sys=0.00s Real=0.00s
[199.474s][info][gc,start       ] GC(517) Pause Young (Allocation Failure)
[199.476s][info][gc,heap        ] GC(517) PSYoungGen: 254528K(266752K)->64K(245248K) Eden: 254464K(254464K)->0K(244736K) From: 64K(12288K)->64K(512K)
[199.476s][info][gc,heap        ] GC(517) ParOldGen: 116689K(562176K)->116697K(562176K)
[199.476s][info][gc,metaspace   ] GC(517) Metaspace: 35229K(35904K)->35229K(35904K) NonClass: 28969K(29440K)->28969K(29440K) Class: 6259K(6464K)->6259K(6464K)
[199.476s][info][gc             ] GC(517) Pause Young (Allocation Failure) 362M->114M(788M) 1.272ms
[199.476s][info][gc,cpu         ] GC(517) User=0.00s Sys=0.00s Real=0.00s
[200.109s][info][gc,start       ] GC(518) Pause Young (Allocation Failure)
[200.110s][info][gc,heap        ] GC(518) PSYoungGen: 244800K(245248K)->83K(246272K) Eden: 244736K(244736K)->0K(235520K) From: 64K(512K)->83K(10752K)
[200.110s][info][gc,heap        ] GC(518) ParOldGen: 116697K(562176K)->116705K(562176K)
[200.110s][info][gc,metaspace   ] GC(518) Metaspace: 35229K(35904K)->35229K(35904K) NonClass: 28969K(29440K)->28969K(29440K) Class: 6259K(6464K)->6259K(6464K)
[200.110s][info][gc             ] GC(518) Pause Young (Allocation Failure) 353M->114M(789M) 0.913ms
[200.110s][info][gc,cpu         ] GC(518) User=0.00s Sys=0.00s Real=0.00s
[201.060s][info][gc,start       ] GC(519) Pause Young (Allocation Failure)
[201.062s][info][gc,heap        ] GC(519) PSYoungGen: 235603K(246272K)->64K(227328K) Eden: 235520K(235520K)->0K(226816K) From: 83K(10752K)->64K(512K)
[201.062s][info][gc,heap        ] GC(519) ParOldGen: 116705K(562176K)->116713K(562176K)
[201.062s][info][gc,metaspace   ] GC(519) Metaspace: 35229K(35904K)->35229K(35904K) NonClass: 28969K(29440K)->28969K(29440K) Class: 6259K(6464K)->6259K(6464K)
[201.062s][info][gc             ] GC(519) Pause Young (Allocation Failure) 344M->114M(771M) 2.499ms
[201.062s][info][gc,cpu         ] GC(519) User=0.00s Sys=0.00s Real=0.00s
[201.369s][info][gc,start       ] GC(520) Pause Young (Allocation Failure)
[201.370s][info][gc,heap        ] GC(520) PSYoungGen: 226880K(227328K)->32K(227840K) Eden: 226816K(226816K)->0K(218112K) From: 64K(512K)->32K(9728K)
[201.370s][info][gc,heap        ] GC(520) ParOldGen: 116713K(562176K)->116721K(562176K)
[201.370s][info][gc,metaspace   ] GC(520) Metaspace: 35229K(35904K)->35229K(35904K) NonClass: 28969K(29440K)->28969K(29440K) Class: 6259K(6464K)->6259K(6464K)
[201.370s][info][gc             ] GC(520) Pause Young (Allocation Failure) 335M->114M(771M) 1.188ms
[201.370s][info][gc,cpu         ] GC(520) User=0.01s Sys=0.00s Real=0.00s
[201.701s][info][gc,start       ] GC(521) Pause Young (Allocation Failure)
[201.702s][info][gc,heap        ] GC(521) PSYoungGen: 218144K(227840K)->64K(210432K) Eden: 218112K(218112K)->0K(209920K) From: 32K(9728K)->64K(512K)
[201.702s][info][gc,heap        ] GC(521) ParOldGen: 116721K(562176K)->116729K(562176K)
[201.702s][info][gc,metaspace   ] GC(521) Metaspace: 35229K(35904K)->35229K(35904K) NonClass: 28969K(29440K)->28969K(29440K) Class: 6259K(6464K)->6259K(6464K)
[201.702s][info][gc             ] GC(521) Pause Young (Allocation Failure) 327M->114M(754M) 1.558ms
[201.702s][info][gc,cpu         ] GC(521) User=0.00s Sys=0.00s Real=0.00s
[202.576s][info][gc,start       ] GC(522) Pause Young (Allocation Failure)
[202.577s][info][gc,heap        ] GC(522) PSYoungGen: 209984K(210432K)->64K(210432K) Eden: 209920K(209920K)->0K(202240K) From: 64K(512K)->64K(8192K)
[202.577s][info][gc,heap        ] GC(522) ParOldGen: 116729K(562176K)->116737K(562176K)
[202.577s][info][gc,metaspace   ] GC(522) Metaspace: 35229K(35904K)->35229K(35904K) NonClass: 28969K(29440K)->28969K(29440K) Class: 6259K(6464K)->6259K(6464K)
[202.577s][info][gc             ] GC(522) Pause Young (Allocation Failure) 319M->114M(754M) 0.893ms
[202.577s][info][gc,cpu         ] GC(522) User=0.00s Sys=0.00s Real=0.00s
[202.944s][info][gc,start       ] GC(523) Pause Young (Allocation Failure)
[202.946s][info][gc,heap        ] GC(523) PSYoungGen: 202304K(210432K)->64K(195584K) Eden: 202240K(202240K)->0K(195072K) From: 64K(8192K)->64K(512K)
[202.946s][info][gc,heap        ] GC(523) ParOldGen: 116737K(562176K)->116753K(562176K)
[202.946s][info][gc,metaspace   ] GC(523) Metaspace: 35229K(35904K)->35229K(35904K) NonClass: 28969K(29440K)->28969K(29440K) Class: 6259K(6464K)->6259K(6464K)
[202.946s][info][gc             ] GC(523) Pause Young (Allocation Failure) 311M->114M(740M) 2.193ms
[202.946s][info][gc,cpu         ] GC(523) User=0.00s Sys=0.00s Real=0.01s
[203.131s][info][gc,start       ] GC(524) Pause Young (Allocation Failure)
[203.132s][info][gc,heap        ] GC(524) PSYoungGen: 195136K(195584K)->64K(195072K) Eden: 195072K(195072K)->0K(187904K) From: 64K(512K)->64K(7168K)
[203.132s][info][gc,heap        ] GC(524) ParOldGen: 116753K(562176K)->116769K(562176K)
[203.132s][info][gc,metaspace   ] GC(524) Metaspace: 35229K(35904K)->35229K(35904K) NonClass: 28969K(29440K)->28969K(29440K) Class: 6259K(6464K)->6259K(6464K)
[203.132s][info][gc             ] GC(524) Pause Young (Allocation Failure) 304M->114M(739M) 1.341ms
[203.132s][info][gc,cpu         ] GC(524) User=0.00s Sys=0.00s Real=0.00s
[203.178s][info][gc,start       ] GC(525) Pause Young (Allocation Failure)
[203.180s][info][gc,heap        ] GC(525) PSYoungGen: 187968K(195072K)->64K(181760K) Eden: 187904K(187904K)->0K(181248K) From: 64K(7168K)->64K(512K)
[203.180s][info][gc,heap        ] GC(525) ParOldGen: 116769K(562176K)->116785K(562176K)
[203.180s][info][gc,metaspace   ] GC(525) Metaspace: 35229K(35904K)->35229K(35904K) NonClass: 28969K(29440K)->28969K(29440K) Class: 6259K(6464K)->6259K(6464K)
[203.180s][info][gc             ] GC(525) Pause Young (Allocation Failure) 297M->114M(726M) 1.858ms
[203.180s][info][gc,cpu         ] GC(525) User=0.01s Sys=0.00s Real=0.00s
[203.363s][info][gc,start       ] GC(526) Pause Young (Allocation Failure)
[203.364s][info][gc,heap        ] GC(526) PSYoungGen: 181312K(181760K)->64K(181248K) Eden: 181248K(181248K)->0K(175104K) From: 64K(512K)->64K(6144K)
[203.364s][info][gc,heap        ] GC(526) ParOldGen: 116785K(562176K)->116801K(562176K)
[203.364s][info][gc,metaspace   ] GC(526) Metaspace: 35229K(35904K)->35229K(35904K) NonClass: 28969K(29440K)->28969K(29440K) Class: 6259K(6464K)->6259K(6464K)
[203.364s][info][gc             ] GC(526) Pause Young (Allocation Failure) 291M->114M(726M) 1.235ms
[203.364s][info][gc,cpu         ] GC(526) User=0.00s Sys=0.00s Real=0.00s
[203.858s][info][gc,start       ] GC(527) Pause Young (Allocation Failure)
[203.859s][info][gc,heap        ] GC(527) PSYoungGen: 175168K(181248K)->64K(169472K) Eden: 175104K(175104K)->0K(168960K) From: 64K(6144K)->64K(512K)
[203.859s][info][gc,heap        ] GC(527) ParOldGen: 116801K(562176K)->116817K(562176K)
[203.859s][info][gc,metaspace   ] GC(527) Metaspace: 35229K(35904K)->35229K(35904K) NonClass: 28969K(29440K)->28969K(29440K) Class: 6259K(6464K)->6259K(6464K)
[203.859s][info][gc             ] GC(527) Pause Young (Allocation Failure) 285M->114M(714M) 1.852ms
[203.859s][info][gc,cpu         ] GC(527) User=0.00s Sys=0.00s Real=0.00s
[204.045s][info][gc,start       ] GC(528) Pause Young (Allocation Failure)
[204.046s][info][gc,heap        ] GC(528) PSYoungGen: 169024K(169472K)->64K(168960K) Eden: 168960K(168960K)->0K(163328K) From: 64K(512K)->64K(5632K)
[204.046s][info][gc,heap        ] GC(528) ParOldGen: 116817K(562176K)->116817K(562176K)
[204.046s][info][gc,metaspace   ] GC(528) Metaspace: 35229K(35904K)->35229K(35904K) NonClass: 28969K(29440K)->28969K(29440K) Class: 6259K(6464K)->6259K(6464K)
[204.046s][info][gc             ] GC(528) Pause Young (Allocation Failure) 279M->114M(714M) 1.252ms
[204.046s][info][gc,cpu         ] GC(528) User=0.00s Sys=0.00s Real=0.01s
[204.350s][info][gc,start       ] GC(529) Pause Young (Allocation Failure)
[204.354s][info][gc,heap        ] GC(529) PSYoungGen: 163392K(168960K)->1536K(159232K) Eden: 163328K(163328K)->0K(157696K) From: 64K(5632K)->1536K(1536K)
[204.354s][info][gc,heap        ] GC(529) ParOldGen: 116817K(562176K)->116833K(562176K)
[204.354s][info][gc,metaspace   ] GC(529) Metaspace: 35229K(35904K)->35229K(35904K) NonClass: 28969K(29440K)->28969K(29440K) Class: 6259K(6464K)->6259K(6464K)
[204.354s][info][gc             ] GC(529) Pause Young (Allocation Failure) 273M->115M(704M) 4.121ms
[204.354s][info][gc,cpu         ] GC(529) User=0.00s Sys=0.00s Real=0.00s
[204.530s][info][gc,start       ] GC(530) Pause Young (Allocation Failure)
[204.556s][info][gc,heap        ] GC(530) PSYoungGen: 159232K(159232K)->5120K(194560K) Eden: 157696K(157696K)->0K(189440K) From: 1536K(1536K)->5120K(5120K)
[204.556s][info][gc,heap        ] GC(530) ParOldGen: 116833K(562176K)->128537K(562176K)
[204.556s][info][gc,metaspace   ] GC(530) Metaspace: 35229K(35904K)->35229K(35904K) NonClass: 28969K(29440K)->28969K(29440K) Class: 6259K(6464K)->6259K(6464K)
[204.556s][info][gc             ] GC(530) Pause Young (Allocation Failure) 269M->130M(739M) 26.578ms
[204.556s][info][gc,cpu         ] GC(530) User=0.05s Sys=0.00s Real=0.03s
[204.767s][info][gc,start       ] GC(531) Pause Young (Allocation Failure)
[204.802s][info][gc,heap        ] GC(531) PSYoungGen: 194560K(194560K)->4096K(231424K) Eden: 189440K(189440K)->0K(227328K) From: 5120K(5120K)->4096K(4096K)
[204.802s][info][gc,heap        ] GC(531) ParOldGen: 128537K(562176K)->145089K(562176K)
[204.802s][info][gc,metaspace   ] GC(531) Metaspace: 35229K(35904K)->35229K(35904K) NonClass: 28969K(29440K)->28969K(29440K) Class: 6259K(6464K)->6259K(6464K)
[204.802s][info][gc             ] GC(531) Pause Young (Allocation Failure) 315M->145M(775M) 34.780ms
[204.802s][info][gc,cpu         ] GC(531) User=0.07s Sys=0.00s Real=0.03s
[205.056s][info][gc,start       ] GC(532) Pause Young (Allocation Failure)
[205.097s][info][gc,heap        ] GC(532) PSYoungGen: 231424K(231424K)->16384K(243712K) Eden: 227328K(227328K)->0K(227328K) From: 4096K(4096K)->16384K(16384K)
[205.097s][info][gc,heap        ] GC(532) ParOldGen: 145089K(562176K)->153537K(562176K)
[205.097s][info][gc,metaspace   ] GC(532) Metaspace: 35229K(35904K)->35229K(35904K) NonClass: 28969K(29440K)->28969K(29440K) Class: 6259K(6464K)->6259K(6464K)
[205.097s][info][gc             ] GC(532) Pause Young (Allocation Failure) 367M->165M(787M) 41.294ms
[205.097s][info][gc,cpu         ] GC(532) User=0.08s Sys=0.00s Real=0.05s
[205.206s][info][gc,start       ] GC(533) Pause Young (Allocation Failure)
[205.221s][info][gc,heap        ] GC(533) PSYoungGen: 243712K(243712K)->6272K(292864K) Eden: 227328K(227328K)->0K(272896K) From: 16384K(16384K)->6272K(19968K)
[205.221s][info][gc,heap        ] GC(533) ParOldGen: 153537K(562176K)->153841K(562176K)
[205.221s][info][gc,metaspace   ] GC(533) Metaspace: 35229K(35904K)->35229K(35904K) NonClass: 28969K(29440K)->28969K(29440K) Class: 6259K(6464K)->6259K(6464K)
[205.221s][info][gc             ] GC(533) Pause Young (Allocation Failure) 387M->156M(835M) 15.014ms
[205.221s][info][gc,cpu         ] GC(533) User=0.03s Sys=0.01s Real=0.01s
[205.654s][info][gc,start       ] GC(534) Pause Young (Allocation Failure)
[205.655s][info][gc,heap        ] GC(534) PSYoungGen: 279168K(292864K)->64K(294400K) Eden: 272896K(272896K)->0K(272896K) From: 6272K(19968K)->64K(21504K)
[205.655s][info][gc,heap        ] GC(534) ParOldGen: 153841K(562176K)->153849K(562176K)
[205.655s][info][gc,metaspace   ] GC(534) Metaspace: 35229K(35904K)->35229K(35904K) NonClass: 28969K(29440K)->28969K(29440K) Class: 6259K(6464K)->6259K(6464K)
[205.655s][info][gc             ] GC(534) Pause Young (Allocation Failure) 422M->150M(836M) 1.000ms
[205.655s][info][gc,cpu         ] GC(534) User=0.00s Sys=0.00s Real=0.00s
[206.252s][info][gc,start       ] GC(535) Pause Young (Allocation Failure)
[206.253s][info][gc,heap        ] GC(535) PSYoungGen: 272960K(294400K)->64K(310784K) Eden: 272896K(272896K)->0K(291328K) From: 64K(21504K)->64K(19456K)
[206.253s][info][gc,heap        ] GC(535) ParOldGen: 153849K(562176K)->153857K(562176K)
[206.253s][info][gc,metaspace   ] GC(535) Metaspace: 35229K(35904K)->35229K(35904K) NonClass: 28969K(29440K)->28969K(29440K) Class: 6259K(6464K)->6259K(6464K)
[206.253s][info][gc             ] GC(535) Pause Young (Allocation Failure) 416M->150M(852M) 1.017ms
[206.253s][info][gc,cpu         ] GC(535) User=0.00s Sys=0.00s Real=0.00s
[206.717s][info][gc,start       ] GC(536) Pause Young (Allocation Failure)
[206.718s][info][gc,heap        ] GC(536) PSYoungGen: 291392K(310784K)->64K(311808K) Eden: 291328K(291328K)->0K(291328K) From: 64K(19456K)->64K(20480K)
[206.718s][info][gc,heap        ] GC(536) ParOldGen: 153857K(562176K)->153873K(562176K)
[206.719s][info][gc,metaspace   ] GC(536) Metaspace: 35229K(35904K)->35229K(35904K) NonClass: 28969K(29440K)->28969K(29440K) Class: 6259K(6464K)->6259K(6464K)
[206.719s][info][gc             ] GC(536) Pause Young (Allocation Failure) 434M->150M(853M) 1.566ms
[206.719s][info][gc,cpu         ] GC(536) User=0.01s Sys=0.00s Real=0.00s
[206.949s][info][gc,start       ] GC(537) Pause Young (Allocation Failure)
[206.950s][info][gc,heap        ] GC(537) PSYoungGen: 291392K(311808K)->32K(312320K) Eden: 291328K(291328K)->0K(293888K) From: 64K(20480K)->32K(18432K)
[206.950s][info][gc,heap        ] GC(537) ParOldGen: 153873K(562176K)->153889K(562176K)
[206.950s][info][gc,metaspace   ] GC(537) Metaspace: 35229K(35904K)->35229K(35904K) NonClass: 28969K(29440K)->28969K(29440K) Class: 6259K(6464K)->6259K(6464K)
[206.950s][info][gc             ] GC(537) Pause Young (Allocation Failure) 434M->150M(854M) 1.545ms
[206.950s][info][gc,cpu         ] GC(537) User=0.01s Sys=0.00s Real=0.00s
[207.185s][info][gc,start       ] GC(538) Pause Young (Allocation Failure)
[207.187s][info][gc,heap        ] GC(538) PSYoungGen: 293920K(312320K)->64K(312832K) Eden: 293888K(293888K)->0K(293888K) From: 32K(18432K)->64K(18944K)
[207.187s][info][gc,heap        ] GC(538) ParOldGen: 153889K(562176K)->153889K(562176K)
[207.187s][info][gc,metaspace   ] GC(538) Metaspace: 35229K(35904K)->35229K(35904K) NonClass: 28969K(29440K)->28969K(29440K) Class: 6259K(6464K)->6259K(6464K)
[207.187s][info][gc             ] GC(538) Pause Young (Allocation Failure) 437M->150M(854M) 1.536ms
[207.187s][info][gc,cpu         ] GC(538) User=0.00s Sys=0.00s Real=0.01s
[207.545s][info][gc,start       ] GC(539) Pause Young (Allocation Failure)
[207.546s][info][gc,heap        ] GC(539) PSYoungGen: 293952K(312832K)->64K(314368K) Eden: 293888K(293888K)->0K(296960K) From: 64K(18944K)->64K(17408K)
[207.546s][info][gc,heap        ] GC(539) ParOldGen: 153889K(562176K)->153889K(562176K)
[207.546s][info][gc,metaspace   ] GC(539) Metaspace: 35229K(35904K)->35229K(35904K) NonClass: 28969K(29440K)->28969K(29440K) Class: 6259K(6464K)->6259K(6464K)
[207.546s][info][gc             ] GC(539) Pause Young (Allocation Failure) 437M->150M(856M) 1.546ms
[207.546s][info][gc,cpu         ] GC(539) User=0.01s Sys=0.00s Real=0.01s
[207.653s][info][gc,start       ] GC(540) Pause Young (Allocation Failure)
[207.655s][info][gc,heap        ] GC(540) PSYoungGen: 297024K(314368K)->64K(314368K) Eden: 296960K(296960K)->0K(296960K) From: 64K(17408K)->64K(17408K)
[207.655s][info][gc,heap        ] GC(540) ParOldGen: 153889K(562176K)->153905K(562176K)
[207.655s][info][gc,metaspace   ] GC(540) Metaspace: 35229K(35904K)->35229K(35904K) NonClass: 28969K(29440K)->28969K(29440K) Class: 6259K(6464K)->6259K(6464K)
[207.655s][info][gc             ] GC(540) Pause Young (Allocation Failure) 440M->150M(856M) 1.532ms
[207.655s][info][gc,cpu         ] GC(540) User=0.00s Sys=0.00s Real=0.00s
[207.709s][info][gc,start       ] GC(541) Pause Young (Allocation Failure)
[207.711s][info][gc,heap        ] GC(541) PSYoungGen: 297024K(314368K)->32K(315904K) Eden: 296960K(296960K)->0K(299520K) From: 64K(17408K)->32K(16384K)
[207.711s][info][gc,heap        ] GC(541) ParOldGen: 153905K(562176K)->153921K(562176K)
[207.711s][info][gc,metaspace   ] GC(541) Metaspace: 35229K(35904K)->35229K(35904K) NonClass: 28969K(29440K)->28969K(29440K) Class: 6259K(6464K)->6259K(6464K)
[207.711s][info][gc             ] GC(541) Pause Young (Allocation Failure) 440M->150M(857M) 1.407ms
[207.711s][info][gc,cpu         ] GC(541) User=0.00s Sys=0.00s Real=0.00s
[207.854s][info][gc,start       ] GC(542) Pause Young (Allocation Failure)
[207.855s][info][gc,heap        ] GC(542) PSYoungGen: 299552K(315904K)->64K(315392K) Eden: 299520K(299520K)->0K(299520K) From: 32K(16384K)->64K(15872K)
[207.855s][info][gc,heap        ] GC(542) ParOldGen: 153921K(562176K)->153921K(562176K)
[207.855s][info][gc,metaspace   ] GC(542) Metaspace: 35229K(35904K)->35229K(35904K) NonClass: 28969K(29440K)->28969K(29440K) Class: 6259K(6464K)->6259K(6464K)
[207.855s][info][gc             ] GC(542) Pause Young (Allocation Failure) 442M->150M(857M) 1.485ms
[207.855s][info][gc,cpu         ] GC(542) User=0.00s Sys=0.00s Real=0.00s
[208.071s][info][gc,start       ] GC(543) Pause Young (Allocation Failure)
[208.072s][info][gc,heap        ] GC(543) PSYoungGen: 299584K(315392K)->32K(316928K) Eden: 299520K(299520K)->0K(302592K) From: 64K(15872K)->32K(14336K)
[208.072s][info][gc,heap        ] GC(543) ParOldGen: 153921K(562176K)->153937K(562176K)
[208.072s][info][gc,metaspace   ] GC(543) Metaspace: 35229K(35904K)->35229K(35904K) NonClass: 28969K(29440K)->28969K(29440K) Class: 6259K(6464K)->6259K(6464K)
[208.072s][info][gc             ] GC(543) Pause Young (Allocation Failure) 442M->150M(858M) 1.418ms
[208.072s][info][gc,cpu         ] GC(543) User=0.00s Sys=0.00s Real=0.00s
[208.224s][info][gc,start       ] GC(544) Pause Young (Allocation Failure)
[208.225s][info][gc,heap        ] GC(544) PSYoungGen: 302624K(316928K)->64K(316416K) Eden: 302592K(302592K)->0K(302592K) From: 32K(14336K)->64K(13824K)
[208.225s][info][gc,heap        ] GC(544) ParOldGen: 153937K(562176K)->153945K(562176K)
[208.225s][info][gc,metaspace   ] GC(544) Metaspace: 35229K(35904K)->35229K(35904K) NonClass: 28970K(29440K)->28970K(29440K) Class: 6259K(6464K)->6259K(6464K)
[208.225s][info][gc             ] GC(544) Pause Young (Allocation Failure) 445M->150M(858M) 0.962ms
[208.225s][info][gc,cpu         ] GC(544) User=0.00s Sys=0.00s Real=0.00s
[208.306s][info][gc,start       ] GC(545) Pause Young (Allocation Failure)
[208.307s][info][gc,heap        ] GC(545) PSYoungGen: 302656K(316416K)->64K(318976K) Eden: 302592K(302592K)->0K(306688K) From: 64K(13824K)->64K(12288K)
[208.307s][info][gc,heap        ] GC(545) ParOldGen: 153945K(562176K)->153961K(562176K)
[208.307s][info][gc,metaspace   ] GC(545) Metaspace: 35229K(35904K)->35229K(35904K) NonClass: 28970K(29440K)->28970K(29440K) Class: 6259K(6464K)->6259K(6464K)
[208.307s][info][gc             ] GC(545) Pause Young (Allocation Failure) 445M->150M(860M) 0.950ms
[208.307s][info][gc,cpu         ] GC(545) User=0.00s Sys=0.00s Real=0.01s
[208.484s][info][gc,start       ] GC(546) Pause Young (Allocation Failure)
[208.485s][info][gc,heap        ] GC(546) PSYoungGen: 306752K(318976K)->64K(294912K) Eden: 306688K(306688K)->0K(294400K) From: 64K(12288K)->64K(512K)
[208.485s][info][gc,heap        ] GC(546) ParOldGen: 153961K(562176K)->153961K(562176K)
[208.485s][info][gc,metaspace   ] GC(546) Metaspace: 35229K(35904K)->35229K(35904K) NonClass: 28970K(29440K)->28970K(29440K) Class: 6259K(6464K)->6259K(6464K)
[208.485s][info][gc             ] GC(546) Pause Young (Allocation Failure) 449M->150M(837M) 0.941ms
[208.485s][info][gc,cpu         ] GC(546) User=0.00s Sys=0.00s Real=0.00s
[209.461s][info][gc,start       ] GC(547) Pause Young (Allocation Failure)
[209.462s][info][gc,heap        ] GC(547) PSYoungGen: 294464K(294912K)->64K(283136K) Eden: 294400K(294400K)->0K(282624K) From: 64K(512K)->64K(512K)
[209.462s][info][gc,heap        ] GC(547) ParOldGen: 153961K(562176K)->153969K(562176K)
[209.462s][info][gc,metaspace   ] GC(547) Metaspace: 35229K(35904K)->35229K(35904K) NonClass: 28970K(29440K)->28970K(29440K) Class: 6259K(6464K)->6259K(6464K)
[209.462s][info][gc             ] GC(547) Pause Young (Allocation Failure) 437M->150M(825M) 1.095ms
[209.462s][info][gc,cpu         ] GC(547) User=0.00s Sys=0.00s Real=0.00s
[210.341s][info][gc,start       ] GC(548) Pause Young (Allocation Failure)
[210.342s][info][gc,heap        ] GC(548) PSYoungGen: 282688K(283136K)->64K(282112K) Eden: 282624K(282624K)->0K(271360K) From: 64K(512K)->64K(10752K)
[210.342s][info][gc,heap        ] GC(548) ParOldGen: 153969K(562176K)->153985K(562176K)
[210.342s][info][gc,metaspace   ] GC(548) Metaspace: 35229K(35904K)->35229K(35904K) NonClass: 28970K(29440K)->28970K(29440K) Class: 6259K(6464K)->6259K(6464K)
[210.342s][info][gc             ] GC(548) Pause Young (Allocation Failure) 426M->150M(824M) 1.516ms
[210.342s][info][gc,cpu         ] GC(548) User=0.00s Sys=0.00s Real=0.00s
[210.559s][info][gc,start       ] GC(549) Pause Young (Allocation Failure)
[210.561s][info][gc,heap        ] GC(549) PSYoungGen: 271424K(282112K)->64K(261120K) Eden: 271360K(271360K)->0K(260608K) From: 64K(10752K)->64K(512K)
[210.561s][info][gc,heap        ] GC(549) ParOldGen: 153985K(562176K)->154001K(562176K)
[210.561s][info][gc,metaspace   ] GC(549) Metaspace: 35229K(35904K)->35229K(35904K) NonClass: 28970K(29440K)->28970K(29440K) Class: 6259K(6464K)->6259K(6464K)
[210.561s][info][gc             ] GC(549) Pause Young (Allocation Failure) 415M->150M(804M) 2.179ms
[210.561s][info][gc,cpu         ] GC(549) User=0.00s Sys=0.00s Real=0.00s
[210.981s][info][gc,start       ] GC(550) Pause Young (Allocation Failure)
[210.982s][info][gc,heap        ] GC(550) PSYoungGen: 260672K(261120K)->64K(260096K) Eden: 260608K(260608K)->0K(250368K) From: 64K(512K)->64K(9728K)
[210.982s][info][gc,heap        ] GC(550) ParOldGen: 154001K(562176K)->154017K(562176K)
[210.982s][info][gc,metaspace   ] GC(550) Metaspace: 35229K(35904K)->35229K(35904K) NonClass: 28970K(29440K)->28970K(29440K) Class: 6259K(6464K)->6259K(6464K)
[210.982s][info][gc             ] GC(550) Pause Young (Allocation Failure) 404M->150M(803M) 1.513ms
[210.982s][info][gc,cpu         ] GC(550) User=0.00s Sys=0.00s Real=0.00s
[211.956s][info][gc,start       ] GC(551) Pause Young (Allocation Failure)
[211.959s][info][gc,heap        ] GC(551) PSYoungGen: 250432K(260096K)->64K(241152K) Eden: 250368K(250368K)->0K(240640K) From: 64K(9728K)->64K(512K)
[211.959s][info][gc,heap        ] GC(551) ParOldGen: 154017K(562176K)->154025K(562176K)
[211.959s][info][gc,metaspace   ] GC(551) Metaspace: 35229K(35904K)->35229K(35904K) NonClass: 28970K(29440K)->28970K(29440K) Class: 6259K(6464K)->6259K(6464K)
[211.959s][info][gc             ] GC(551) Pause Young (Allocation Failure) 394M->150M(784M) 2.420ms
[211.959s][info][gc,cpu         ] GC(551) User=0.00s Sys=0.00s Real=0.00s
[212.351s][info][gc,start       ] GC(552) Pause Young (Allocation Failure)
[212.353s][info][gc,heap        ] GC(552) PSYoungGen: 240704K(241152K)->64K(239616K) Eden: 240640K(240640K)->0K(231424K) From: 64K(512K)->64K(8192K)
[212.353s][info][gc,heap        ] GC(552) ParOldGen: 154025K(562176K)->154041K(562176K)
[212.353s][info][gc,metaspace   ] GC(552) Metaspace: 35229K(35904K)->35229K(35904K) NonClass: 28970K(29440K)->28970K(29440K) Class: 6259K(6464K)->6259K(6464K)
[212.353s][info][gc             ] GC(552) Pause Young (Allocation Failure) 385M->150M(783M) 1.508ms
[212.353s][info][gc,cpu         ] GC(552) User=0.01s Sys=0.00s Real=0.00s
[212.533s][info][gc,start       ] GC(553) Pause Young (Allocation Failure)
[212.535s][info][gc,heap        ] GC(553) PSYoungGen: 231488K(239616K)->32K(223232K) Eden: 231424K(231424K)->0K(222720K) From: 64K(8192K)->32K(512K)
[212.535s][info][gc,heap        ] GC(553) ParOldGen: 154041K(562176K)->154049K(562176K)
[212.535s][info][gc,metaspace   ] GC(553) Metaspace: 35229K(35904K)->35229K(35904K) NonClass: 28970K(29440K)->28970K(29440K) Class: 6259K(6464K)->6259K(6464K)
[212.535s][info][gc             ] GC(553) Pause Young (Allocation Failure) 376M->150M(767M) 2.103ms
[212.535s][info][gc,cpu         ] GC(553) User=0.01s Sys=0.01s Real=0.00s
[212.613s][info][gc,start       ] GC(554) Pause Young (Allocation Failure)
[212.614s][info][gc,heap        ] GC(554) PSYoungGen: 222752K(223232K)->32K(221696K) Eden: 222720K(222720K)->0K(214528K) From: 32K(512K)->32K(7168K)
[212.614s][info][gc,heap        ] GC(554) ParOldGen: 154049K(562176K)->154057K(562176K)
[212.614s][info][gc,metaspace   ] GC(554) Metaspace: 35229K(35904K)->35229K(35904K) NonClass: 28970K(29440K)->28970K(29440K) Class: 6259K(6464K)->6259K(6464K)
[212.614s][info][gc             ] GC(554) Pause Young (Allocation Failure) 367M->150M(765M) 1.427ms
[212.614s][info][gc,cpu         ] GC(554) User=0.00s Sys=0.00s Real=0.00s
[213.123s][info][gc,start       ] GC(555) Pause Young (Allocation Failure)
[213.124s][info][gc,heap        ] GC(555) PSYoungGen: 214560K(221696K)->64K(206848K) Eden: 214528K(214528K)->0K(206336K) From: 32K(7168K)->64K(512K)
[213.124s][info][gc,heap        ] GC(555) ParOldGen: 154057K(562176K)->154065K(562176K)
[213.124s][info][gc,metaspace   ] GC(555) Metaspace: 35229K(35904K)->35229K(35904K) NonClass: 28970K(29440K)->28970K(29440K) Class: 6259K(6464K)->6259K(6464K)
[213.124s][info][gc             ] GC(555) Pause Young (Allocation Failure) 359M->150M(751M) 1.693ms
[213.124s][info][gc,cpu         ] GC(555) User=0.00s Sys=0.00s Real=0.00s
[213.417s][info][gc,start       ] GC(556) Pause Young (Allocation Failure)
[213.419s][info][gc,heap        ] GC(556) PSYoungGen: 206400K(206848K)->64K(204800K) Eden: 206336K(206336K)->0K(198656K) From: 64K(512K)->64K(6144K)
[213.419s][info][gc,heap        ] GC(556) ParOldGen: 154065K(562176K)->154073K(562176K)
[213.419s][info][gc,metaspace   ] GC(556) Metaspace: 35229K(35904K)->35229K(35904K) NonClass: 28970K(29440K)->28970K(29440K) Class: 6259K(6464K)->6259K(6464K)
[213.419s][info][gc             ] GC(556) Pause Young (Allocation Failure) 352M->150M(749M) 1.151ms
[213.419s][info][gc,cpu         ] GC(556) User=0.01s Sys=0.00s Real=0.00s
[213.765s][info][gc,start       ] GC(557) Pause Young (Allocation Failure)
[213.779s][info][gc,heap        ] GC(557) PSYoungGen: 198720K(204800K)->4896K(243712K) Eden: 198656K(198656K)->0K(238592K) From: 64K(6144K)->4896K(5120K)
[213.779s][info][gc,heap        ] GC(557) ParOldGen: 154073K(562176K)->154081K(562176K)
[213.779s][info][gc,metaspace   ] GC(557) Metaspace: 35229K(35904K)->35229K(35904K) NonClass: 28970K(29440K)->28970K(29440K) Class: 6259K(6464K)->6259K(6464K)
[213.779s][info][gc             ] GC(557) Pause Young (Allocation Failure) 344M->155M(787M) 14.372ms
[213.779s][info][gc,cpu         ] GC(557) User=0.01s Sys=0.00s Real=0.02s
[214.047s][info][gc,start       ] GC(558) Pause Young (Allocation Failure)
[214.089s][info][gc,heap        ] GC(558) PSYoungGen: 243488K(243712K)->7168K(268288K) Eden: 238592K(238592K)->0K(261120K) From: 4896K(5120K)->7168K(7168K)
[214.089s][info][gc,heap        ] GC(558) ParOldGen: 154081K(562176K)->172361K(562176K)
[214.089s][info][gc,metaspace   ] GC(558) Metaspace: 35229K(35904K)->35229K(35904K) NonClass: 28970K(29440K)->28970K(29440K) Class: 6259K(6464K)->6259K(6464K)
[214.089s][info][gc             ] GC(558) Pause Young (Allocation Failure) 388M->175M(811M) 42.269ms
[214.089s][info][gc,cpu         ] GC(558) User=0.08s Sys=0.00s Real=0.04s
[214.381s][info][gc,start       ] GC(559) Pause Young (Allocation Failure)
[214.437s][info][gc,heap        ] GC(559) PSYoungGen: 268288K(268288K)->15360K(293888K) Eden: 261120K(261120K)->0K(278528K) From: 7168K(7168K)->15360K(15360K)
[214.437s][info][gc,heap        ] GC(559) ParOldGen: 172361K(562176K)->185521K(562176K)
[214.437s][info][gc,metaspace   ] GC(559) Metaspace: 35229K(35904K)->35229K(35904K) NonClass: 28970K(29440K)->28970K(29440K) Class: 6259K(6464K)->6259K(6464K)
[214.437s][info][gc             ] GC(559) Pause Young (Allocation Failure) 430M->196M(836M) 56.004ms
[214.437s][info][gc,cpu         ] GC(559) User=0.10s Sys=0.01s Real=0.06s
[214.599s][info][gc,start       ] GC(560) Pause Young (Allocation Failure)
[214.624s][info][gc,heap        ] GC(560) PSYoungGen: 293888K(293888K)->10848K(302080K) Eden: 278528K(278528K)->0K(278528K) From: 15360K(15360K)->10848K(23552K)
[214.624s][info][gc,heap        ] GC(560) ParOldGen: 185521K(562176K)->186001K(562176K)
[214.624s][info][gc,metaspace   ] GC(560) Metaspace: 35229K(35904K)->35229K(35904K) NonClass: 28970K(29440K)->28970K(29440K) Class: 6259K(6464K)->6259K(6464K)
[214.624s][info][gc             ] GC(560) Pause Young (Allocation Failure) 468M->192M(844M) 25.277ms
[214.624s][info][gc,cpu         ] GC(560) User=0.04s Sys=0.01s Real=0.02s
[215.073s][info][gc,start       ] GC(561) Pause Young (Allocation Failure)
[215.074s][info][gc,heap        ] GC(561) PSYoungGen: 289376K(302080K)->64K(309248K) Eden: 278528K(278528K)->0K(286720K) From: 10848K(23552K)->64K(22528K)
[215.074s][info][gc,heap        ] GC(561) ParOldGen: 186001K(562176K)->186009K(562176K)
[215.074s][info][gc,metaspace   ] GC(561) Metaspace: 35229K(35904K)->35229K(35904K) NonClass: 28970K(29440K)->28970K(29440K) Class: 6259K(6464K)->6259K(6464K)
[215.074s][info][gc             ] GC(561) Pause Young (Allocation Failure) 464M->181M(851M) 1.023ms
[215.074s][info][gc,cpu         ] GC(561) User=0.00s Sys=0.00s Real=0.00s
[215.668s][info][gc,start       ] GC(562) Pause Young (Allocation Failure)
[215.669s][info][gc,heap        ] GC(562) PSYoungGen: 286784K(309248K)->64K(309760K) Eden: 286720K(286720K)->0K(286720K) From: 64K(22528K)->64K(23040K)
[215.669s][info][gc,heap        ] GC(562) ParOldGen: 186009K(562176K)->186017K(562176K)
[215.669s][info][gc,metaspace   ] GC(562) Metaspace: 35229K(35904K)->35229K(35904K) NonClass: 28970K(29440K)->28970K(29440K) Class: 6259K(6464K)->6259K(6464K)
[215.669s][info][gc             ] GC(562) Pause Young (Allocation Failure) 461M->181M(851M) 1.020ms
[215.669s][info][gc,cpu         ] GC(562) User=0.00s Sys=0.00s Real=0.00s
[216.098s][info][gc,start       ] GC(563) Pause Young (Allocation Failure)
[216.099s][info][gc,heap        ] GC(563) PSYoungGen: 286784K(309760K)->64K(308736K) Eden: 286720K(286720K)->0K(288256K) From: 64K(23040K)->64K(20480K)
[216.099s][info][gc,heap        ] GC(563) ParOldGen: 186017K(562176K)->186033K(562176K)
[216.099s][info][gc,metaspace   ] GC(563) Metaspace: 35229K(35904K)->35229K(35904K) NonClass: 28970K(29440K)->28970K(29440K) Class: 6259K(6464K)->6259K(6464K)
[216.099s][info][gc             ] GC(563) Pause Young (Allocation Failure) 461M->181M(850M) 1.031ms
[216.099s][info][gc,cpu         ] GC(563) User=0.00s Sys=0.00s Real=0.00s
[216.327s][info][gc,start       ] GC(564) Pause Young (Allocation Failure)
[216.328s][info][gc,heap        ] GC(564) PSYoungGen: 288320K(308736K)->64K(309760K) Eden: 288256K(288256K)->0K(288256K) From: 64K(20480K)->64K(21504K)
[216.328s][info][gc,heap        ] GC(564) ParOldGen: 186033K(562176K)->186049K(562176K)
[216.328s][info][gc,metaspace   ] GC(564) Metaspace: 35229K(35904K)->35229K(35904K) NonClass: 28970K(29440K)->28970K(29440K) Class: 6259K(6464K)->6259K(6464K)
[216.328s][info][gc             ] GC(564) Pause Young (Allocation Failure) 463M->181M(851M) 1.006ms
[216.328s][info][gc,cpu         ] GC(564) User=0.00s Sys=0.00s Real=0.00s
[216.556s][info][gc,start       ] GC(565) Pause Young (Allocation Failure)
[216.557s][info][gc,heap        ] GC(565) PSYoungGen: 288320K(309760K)->64K(311296K) Eden: 288256K(288256K)->0K(291840K) From: 64K(21504K)->64K(19456K)
[216.557s][info][gc,heap        ] GC(565) ParOldGen: 186049K(562176K)->186049K(562176K)
[216.557s][info][gc,metaspace   ] GC(565) Metaspace: 35229K(35904K)->35229K(35904K) NonClass: 28970K(29440K)->28970K(29440K) Class: 6259K(6464K)->6259K(6464K)
[216.557s][info][gc             ] GC(565) Pause Young (Allocation Failure) 463M->181M(853M) 1.026ms
[216.557s][info][gc,cpu         ] GC(565) User=0.00s Sys=0.00s Real=0.01s
[216.916s][info][gc,start       ] GC(566) Pause Young (Allocation Failure)
[216.917s][info][gc,heap        ] GC(566) PSYoungGen: 291904K(311296K)->64K(311808K) Eden: 291840K(291840K)->0K(291840K) From: 64K(19456K)->64K(19968K)
[216.917s][info][gc,heap        ] GC(566) ParOldGen: 186049K(562176K)->186049K(562176K)
[216.917s][info][gc,metaspace   ] GC(566) Metaspace: 35229K(35904K)->35229K(35904K) NonClass: 28970K(29440K)->28970K(29440K) Class: 6259K(6464K)->6259K(6464K)
[216.917s][info][gc             ] GC(566) Pause Young (Allocation Failure) 466M->181M(853M) 1.026ms
[216.917s][info][gc,cpu         ] GC(566) User=0.00s Sys=0.00s Real=0.01s
[217.012s][info][gc,start       ] GC(567) Pause Young (Allocation Failure)
[217.013s][info][gc,heap        ] GC(567) PSYoungGen: 291904K(311808K)->64K(312320K) Eden: 291840K(291840K)->0K(294912K) From: 64K(19968K)->64K(17408K)
[217.013s][info][gc,heap        ] GC(567) ParOldGen: 186049K(562176K)->186057K(562176K)
[217.013s][info][gc,metaspace   ] GC(567) Metaspace: 35229K(35904K)->35229K(35904K) NonClass: 28970K(29440K)->28970K(29440K) Class: 6259K(6464K)->6259K(6464K)
[217.013s][info][gc             ] GC(567) Pause Young (Allocation Failure) 466M->181M(854M) 1.018ms
[217.013s][info][gc,cpu         ] GC(567) User=0.00s Sys=0.00s Real=0.00s
[217.070s][info][gc,start       ] GC(568) Pause Young (Allocation Failure)
[217.071s][info][gc,heap        ] GC(568) PSYoungGen: 294976K(312320K)->64K(312832K) Eden: 294912K(294912K)->0K(294912K) From: 64K(17408K)->64K(17920K)
[217.071s][info][gc,heap        ] GC(568) ParOldGen: 186057K(562176K)->186073K(562176K)
[217.071s][info][gc,metaspace   ] GC(568) Metaspace: 35229K(35904K)->35229K(35904K) NonClass: 28970K(29440K)->28970K(29440K) Class: 6259K(6464K)->6259K(6464K)
[217.071s][info][gc             ] GC(568) Pause Young (Allocation Failure) 469M->181M(854M) 1.011ms
[217.071s][info][gc,cpu         ] GC(568) User=0.00s Sys=0.00s Real=0.00s
[217.213s][info][gc,start       ] GC(569) Pause Young (Allocation Failure)
[217.214s][info][gc,heap        ] GC(569) PSYoungGen: 294976K(312832K)->64K(314368K) Eden: 294912K(294912K)->0K(299008K) From: 64K(17920K)->64K(15360K)
[217.214s][info][gc,heap        ] GC(569) ParOldGen: 186073K(562176K)->186073K(562176K)
[217.214s][info][gc,metaspace   ] GC(569) Metaspace: 35229K(35904K)->35229K(35904K) NonClass: 28970K(29440K)->28970K(29440K) Class: 6259K(6464K)->6259K(6464K)
[217.214s][info][gc             ] GC(569) Pause Young (Allocation Failure) 469M->181M(856M) 1.005ms
[217.214s][info][gc,cpu         ] GC(569) User=0.00s Sys=0.00s Real=0.00s
[217.432s][info][gc,start       ] GC(570) Pause Young (Allocation Failure)
[217.433s][info][gc,heap        ] GC(570) PSYoungGen: 299072K(314368K)->64K(314880K) Eden: 299008K(299008K)->0K(299008K) From: 64K(15360K)->64K(15872K)
[217.433s][info][gc,heap        ] GC(570) ParOldGen: 186073K(562176K)->186081K(562176K)
[217.433s][info][gc,metaspace   ] GC(570) Metaspace: 35229K(35904K)->35229K(35904K) NonClass: 28970K(29440K)->28970K(29440K) Class: 6259K(6464K)->6259K(6464K)
[217.433s][info][gc             ] GC(570) Pause Young (Allocation Failure) 473M->181M(856M) 1.010ms
[217.433s][info][gc,cpu         ] GC(570) User=0.00s Sys=0.00s Real=0.00s
[217.583s][info][gc,start       ] GC(571) Pause Young (Allocation Failure)
[217.584s][info][gc,heap        ] GC(571) PSYoungGen: 299072K(314880K)->64K(287744K) Eden: 299008K(299008K)->0K(287232K) From: 64K(15872K)->64K(512K)
[217.584s][info][gc,heap        ] GC(571) ParOldGen: 186081K(562176K)->186089K(562176K)
[217.584s][info][gc,metaspace   ] GC(571) Metaspace: 35229K(35904K)->35229K(35904K) NonClass: 28970K(29440K)->28970K(29440K) Class: 6259K(6464K)->6259K(6464K)
[217.584s][info][gc             ] GC(571) Pause Young (Allocation Failure) 473M->181M(830M) 1.064ms
[217.584s][info][gc,cpu         ] GC(571) User=0.00s Sys=0.00s Real=0.00s
[217.661s][info][gc,start       ] GC(572) Pause Young (Allocation Failure)
[217.662s][info][gc,heap        ] GC(572) PSYoungGen: 287296K(287744K)->64K(290304K) Eden: 287232K(287232K)->0K(275968K) From: 64K(512K)->64K(14336K)
[217.662s][info][gc,heap        ] GC(572) ParOldGen: 186089K(562176K)->186105K(562176K)
[217.662s][info][gc,metaspace   ] GC(572) Metaspace: 35229K(35904K)->35229K(35904K) NonClass: 28970K(29440K)->28970K(29440K) Class: 6259K(6464K)->6259K(6464K)
[217.662s][info][gc             ] GC(572) Pause Young (Allocation Failure) 462M->181M(832M) 0.965ms
[217.662s][info][gc,cpu         ] GC(572) User=0.00s Sys=0.00s Real=0.00s
[217.809s][info][gc,start       ] GC(573) Pause Young (Allocation Failure)
[217.811s][info][gc,heap        ] GC(573) PSYoungGen: 276032K(290304K)->64K(265728K) Eden: 275968K(275968K)->0K(265216K) From: 64K(14336K)->64K(512K)
[217.811s][info][gc,heap        ] GC(573) ParOldGen: 186105K(562176K)->186105K(562176K)
[217.811s][info][gc,metaspace   ] GC(573) Metaspace: 35229K(35904K)->35229K(35904K) NonClass: 28970K(29440K)->28970K(29440K) Class: 6259K(6464K)->6259K(6464K)
[217.811s][info][gc             ] GC(573) Pause Young (Allocation Failure) 451M->181M(808M) 1.819ms
[217.811s][info][gc,cpu         ] GC(573) User=0.00s Sys=0.00s Real=0.00s
[218.208s][info][gc,start       ] GC(574) Pause Young (Allocation Failure)
[218.209s][info][gc,heap        ] GC(574) PSYoungGen: 265280K(265728K)->64K(267776K) Eden: 265216K(265216K)->0K(254976K) From: 64K(512K)->64K(12800K)
[218.209s][info][gc,heap        ] GC(574) ParOldGen: 186105K(562176K)->186113K(562176K)
[218.209s][info][gc,metaspace   ] GC(574) Metaspace: 35229K(35904K)->35229K(35904K) NonClass: 28970K(29440K)->28970K(29440K) Class: 6259K(6464K)->6259K(6464K)
[218.209s][info][gc             ] GC(574) Pause Young (Allocation Failure) 440M->181M(810M) 1.068ms
[218.209s][info][gc,cpu         ] GC(574) User=0.00s Sys=0.00s Real=0.00s
[218.853s][info][gc,start       ] GC(575) Pause Young (Allocation Failure)
[218.856s][info][gc,heap        ] GC(575) PSYoungGen: 255040K(267776K)->64K(245760K) Eden: 254976K(254976K)->0K(245248K) From: 64K(12800K)->64K(512K)
[218.856s][info][gc,heap        ] GC(575) ParOldGen: 186113K(562176K)->186121K(562176K)
[218.856s][info][gc,metaspace   ] GC(575) Metaspace: 35229K(35904K)->35229K(35904K) NonClass: 28970K(29440K)->28970K(29440K) Class: 6259K(6464K)->6259K(6464K)
[218.856s][info][gc             ] GC(575) Pause Young (Allocation Failure) 430M->181M(789M) 2.415ms
[218.856s][info][gc,cpu         ] GC(575) User=0.00s Sys=0.00s Real=0.00s
[219.801s][info][gc,start       ] GC(576) Pause Young (Allocation Failure)
[219.803s][info][gc,heap        ] GC(576) PSYoungGen: 245312K(245760K)->64K(247296K) Eden: 245248K(245248K)->0K(236032K) From: 64K(512K)->64K(11264K)
[219.803s][info][gc,heap        ] GC(576) ParOldGen: 186121K(562176K)->186137K(562176K)
[219.803s][info][gc,metaspace   ] GC(576) Metaspace: 35229K(35904K)->35229K(35904K) NonClass: 28970K(29440K)->28970K(29440K) Class: 6259K(6464K)->6259K(6464K)
[219.803s][info][gc             ] GC(576) Pause Young (Allocation Failure) 421M->181M(790M) 1.717ms
[219.803s][info][gc,cpu         ] GC(576) User=0.00s Sys=0.00s Real=0.00s
[220.129s][info][gc,start       ] GC(577) Pause Young (Allocation Failure)
[220.131s][info][gc,heap        ] GC(577) PSYoungGen: 236096K(247296K)->64K(227328K) Eden: 236032K(236032K)->0K(226816K) From: 64K(11264K)->64K(512K)
[220.131s][info][gc,heap        ] GC(577) ParOldGen: 186137K(562176K)->186153K(562176K)
[220.131s][info][gc,metaspace   ] GC(577) Metaspace: 35229K(35904K)->35229K(35904K) NonClass: 28970K(29440K)->28970K(29440K) Class: 6259K(6464K)->6259K(6464K)
[220.132s][info][gc             ] GC(577) Pause Young (Allocation Failure) 412M->181M(771M) 2.511ms
[220.132s][info][gc,cpu         ] GC(577) User=0.00s Sys=0.00s Real=0.00s
[220.457s][info][gc,start       ] GC(578) Pause Young (Allocation Failure)
[220.458s][info][gc,heap        ] GC(578) PSYoungGen: 226880K(227328K)->64K(227840K) Eden: 226816K(226816K)->0K(218112K) From: 64K(512K)->64K(9728K)
[220.458s][info][gc,heap        ] GC(578) ParOldGen: 186153K(562176K)->186169K(562176K)
[220.458s][info][gc,metaspace   ] GC(578) Metaspace: 35229K(35904K)->35229K(35904K) NonClass: 28970K(29440K)->28970K(29440K) Class: 6259K(6464K)->6259K(6464K)
[220.458s][info][gc             ] GC(578) Pause Young (Allocation Failure) 403M->181M(771M) 1.627ms
[220.458s][info][gc,cpu         ] GC(578) User=0.00s Sys=0.00s Real=0.00s
[221.348s][info][gc,start       ] GC(579) Pause Young (Allocation Failure)
[221.351s][info][gc,heap        ] GC(579) PSYoungGen: 218176K(227840K)->64K(210432K) Eden: 218112K(218112K)->0K(209920K) From: 64K(9728K)->64K(512K)
[221.351s][info][gc,heap        ] GC(579) ParOldGen: 186169K(562176K)->186177K(562176K)
[221.351s][info][gc,metaspace   ] GC(579) Metaspace: 35229K(35904K)->35229K(35904K) NonClass: 28970K(29440K)->28970K(29440K) Class: 6259K(6464K)->6259K(6464K)
[221.351s][info][gc             ] GC(579) Pause Young (Allocation Failure) 394M->181M(754M) 2.497ms
[221.351s][info][gc,cpu         ] GC(579) User=0.00s Sys=0.00s Real=0.00s
[221.708s][info][gc,start       ] GC(580) Pause Young (Allocation Failure)
[221.710s][info][gc,heap        ] GC(580) PSYoungGen: 209984K(210432K)->64K(210432K) Eden: 209920K(209920K)->0K(202240K) From: 64K(512K)->64K(8192K)
[221.710s][info][gc,heap        ] GC(580) ParOldGen: 186177K(562176K)->186193K(562176K)
[221.710s][info][gc,metaspace   ] GC(580) Metaspace: 35229K(35904K)->35229K(35904K) NonClass: 28970K(29440K)->28970K(29440K) Class: 6259K(6464K)->6259K(6464K)
[221.710s][info][gc             ] GC(580) Pause Young (Allocation Failure) 386M->181M(754M) 1.691ms
[221.710s][info][gc,cpu         ] GC(580) User=0.00s Sys=0.00s Real=0.00s
[221.880s][info][gc,start       ] GC(581) Pause Young (Allocation Failure)
[221.882s][info][gc,heap        ] GC(581) PSYoungGen: 202304K(210432K)->32K(195584K) Eden: 202240K(202240K)->0K(195072K) From: 64K(8192K)->32K(512K)
[221.882s][info][gc,heap        ] GC(581) ParOldGen: 186193K(562176K)->186201K(562176K)
[221.882s][info][gc,metaspace   ] GC(581) Metaspace: 35229K(35904K)->35229K(35904K) NonClass: 28970K(29440K)->28970K(29440K) Class: 6259K(6464K)->6259K(6464K)
[221.882s][info][gc             ] GC(581) Pause Young (Allocation Failure) 379M->181M(740M) 2.124ms
[221.882s][info][gc,cpu         ] GC(581) User=0.00s Sys=0.01s Real=0.00s
[221.930s][info][gc,start       ] GC(582) Pause Young (Allocation Failure)
[221.931s][info][gc,heap        ] GC(582) PSYoungGen: 195104K(195584K)->64K(195072K) Eden: 195072K(195072K)->0K(187904K) From: 32K(512K)->64K(7168K)
[221.931s][info][gc,heap        ] GC(582) ParOldGen: 186201K(562176K)->186217K(562176K)
[221.931s][info][gc,metaspace   ] GC(582) Metaspace: 35229K(35904K)->35229K(35904K) NonClass: 28970K(29440K)->28970K(29440K) Class: 6259K(6464K)->6259K(6464K)
[221.931s][info][gc             ] GC(582) Pause Young (Allocation Failure) 372M->181M(739M) 1.011ms
[221.931s][info][gc,cpu         ] GC(582) User=0.00s Sys=0.00s Real=0.00s
[222.260s][info][gc,start       ] GC(583) Pause Young (Allocation Failure)
[222.262s][info][gc,heap        ] GC(583) PSYoungGen: 187968K(195072K)->64K(181760K) Eden: 187904K(187904K)->0K(181248K) From: 64K(7168K)->64K(512K)
[222.262s][info][gc,heap        ] GC(583) ParOldGen: 186217K(562176K)->186217K(562176K)
[222.262s][info][gc,metaspace   ] GC(583) Metaspace: 35229K(35904K)->35229K(35904K) NonClass: 28970K(29440K)->28970K(29440K) Class: 6259K(6464K)->6259K(6464K)
[222.262s][info][gc             ] GC(583) Pause Young (Allocation Failure) 365M->181M(726M) 1.735ms
[222.262s][info][gc,cpu         ] GC(583) User=0.00s Sys=0.00s Real=0.00s
[222.668s][info][gc,start       ] GC(584) Pause Young (Allocation Failure)
[222.670s][info][gc,heap        ] GC(584) PSYoungGen: 181312K(181760K)->64K(181248K) Eden: 181248K(181248K)->0K(175104K) From: 64K(512K)->64K(6144K)
[222.670s][info][gc,heap        ] GC(584) ParOldGen: 186217K(562176K)->186225K(562176K)
[222.670s][info][gc,metaspace   ] GC(584) Metaspace: 35229K(35904K)->35229K(35904K) NonClass: 28970K(29440K)->28970K(29440K) Class: 6259K(6464K)->6259K(6464K)
[222.670s][info][gc             ] GC(584) Pause Young (Allocation Failure) 358M->181M(726M) 1.477ms
[222.670s][info][gc,cpu         ] GC(584) User=0.01s Sys=0.00s Real=0.00s
[222.901s][info][gc,start       ] GC(585) Pause Young (Allocation Failure)
[222.902s][info][gc,heap        ] GC(585) PSYoungGen: 175168K(181248K)->64K(169472K) Eden: 175104K(175104K)->0K(168960K) From: 64K(6144K)->64K(512K)
[222.902s][info][gc,heap        ] GC(585) ParOldGen: 186225K(562176K)->186233K(562176K)
[222.902s][info][gc,metaspace   ] GC(585) Metaspace: 35229K(35904K)->35229K(35904K) NonClass: 28970K(29440K)->28970K(29440K) Class: 6259K(6464K)->6259K(6464K)
[222.902s][info][gc             ] GC(585) Pause Young (Allocation Failure) 352M->181M(714M) 1.353ms
[222.902s][info][gc,cpu         ] GC(585) User=0.00s Sys=0.00s Real=0.00s
[223.167s][info][gc,start       ] GC(586) Pause Young (Allocation Failure)
[223.183s][info][gc,heap        ] GC(586) PSYoungGen: 169024K(169472K)->5632K(208384K) Eden: 168960K(168960K)->0K(202752K) From: 64K(512K)->5632K(5632K)
[223.183s][info][gc,heap        ] GC(586) ParOldGen: 186233K(562176K)->190105K(562176K)
[223.183s][info][gc,metaspace   ] GC(586) Metaspace: 35229K(35904K)->35229K(35904K) NonClass: 28970K(29440K)->28970K(29440K) Class: 6259K(6464K)->6259K(6464K)
[223.183s][info][gc             ] GC(586) Pause Young (Allocation Failure) 346M->191M(752M) 15.542ms
[223.183s][info][gc,cpu         ] GC(586) User=0.03s Sys=0.00s Real=0.01s
[223.410s][info][gc,start       ] GC(587) Pause Young (Allocation Failure)
[223.446s][info][gc,heap        ] GC(587) PSYoungGen: 208384K(208384K)->5632K(242176K) Eden: 202752K(202752K)->0K(236544K) From: 5632K(5632K)->5632K(5632K)
[223.446s][info][gc,heap        ] GC(587) ParOldGen: 190105K(562176K)->206249K(562176K)
[223.446s][info][gc,metaspace   ] GC(587) Metaspace: 35229K(35904K)->35229K(35904K) NonClass: 28970K(29440K)->28970K(29440K) Class: 6259K(6464K)->6259K(6464K)
[223.446s][info][gc             ] GC(587) Pause Young (Allocation Failure) 389M->206M(785M) 35.754ms
[223.446s][info][gc,cpu         ] GC(587) User=0.07s Sys=0.00s Real=0.04s
[223.712s][info][gc,start       ] GC(588) Pause Young (Allocation Failure)
[223.755s][info][gc,heap        ] GC(588) PSYoungGen: 242176K(242176K)->15360K(251904K) Eden: 236544K(236544K)->0K(236544K) From: 5632K(5632K)->15360K(15360K)
[223.755s][info][gc,heap        ] GC(588) ParOldGen: 206249K(562176K)->216697K(562176K)
[223.755s][info][gc,metaspace   ] GC(588) Metaspace: 35229K(35904K)->35229K(35904K) NonClass: 28970K(29440K)->28970K(29440K) Class: 6259K(6464K)->6259K(6464K)
[223.755s][info][gc             ] GC(588) Pause Young (Allocation Failure) 437M->226M(795M) 43.709ms
[223.755s][info][gc,cpu         ] GC(588) User=0.08s Sys=0.00s Real=0.04s
[223.918s][info][gc,start       ] GC(589) Pause Young (Allocation Failure)
[223.947s][info][gc,heap        ] GC(589) PSYoungGen: 251904K(251904K)->12640K(306176K) Eden: 236544K(236544K)->0K(283648K) From: 15360K(15360K)->12640K(22528K)
[223.947s][info][gc,heap        ] GC(589) ParOldGen: 216697K(562176K)->217081K(562176K)
[223.947s][info][gc,metaspace   ] GC(589) Metaspace: 35229K(35904K)->35229K(35904K) NonClass: 28970K(29440K)->28970K(29440K) Class: 6259K(6464K)->6259K(6464K)
[223.947s][info][gc             ] GC(589) Pause Young (Allocation Failure) 457M->224M(848M) 28.371ms
[223.947s][info][gc,cpu         ] GC(589) User=0.05s Sys=0.00s Real=0.03s
[224.297s][info][gc,start       ] GC(590) Pause Young (Allocation Failure)
[224.298s][info][gc,heap        ] GC(590) PSYoungGen: 296288K(306176K)->64K(306688K) Eden: 283648K(283648K)->0K(283648K) From: 12640K(22528K)->64K(23040K)
[224.298s][info][gc,heap        ] GC(590) ParOldGen: 217081K(562176K)->217089K(562176K)
[224.298s][info][gc,metaspace   ] GC(590) Metaspace: 35229K(35904K)->35229K(35904K) NonClass: 28970K(29440K)->28970K(29440K) Class: 6259K(6464K)->6259K(6464K)
[224.298s][info][gc             ] GC(590) Pause Young (Allocation Failure) 501M->212M(848M) 1.099ms
[224.298s][info][gc,cpu         ] GC(590) User=0.00s Sys=0.00s Real=0.00s
[224.964s][info][gc,start       ] GC(591) Pause Young (Allocation Failure)
[224.965s][info][gc,heap        ] GC(591) PSYoungGen: 283712K(306688K)->64K(309760K) Eden: 283648K(283648K)->0K(288256K) From: 64K(23040K)->64K(21504K)
[224.965s][info][gc,heap        ] GC(591) ParOldGen: 217089K(562176K)->217097K(562176K)
[224.965s][info][gc,metaspace   ] GC(591) Metaspace: 35229K(35904K)->35229K(35904K) NonClass: 28970K(29440K)->28970K(29440K) Class: 6259K(6464K)->6259K(6464K)
[224.965s][info][gc             ] GC(591) Pause Young (Allocation Failure) 489M->212M(851M) 1.046ms
[224.965s][info][gc,cpu         ] GC(591) User=0.00s Sys=0.00s Real=0.00s
[225.431s][info][gc,start       ] GC(592) Pause Young (Allocation Failure)
[225.432s][info][gc,heap        ] GC(592) PSYoungGen: 288320K(309760K)->64K(310272K) Eden: 288256K(288256K)->0K(288256K) From: 64K(21504K)->64K(22016K)
[225.432s][info][gc,heap        ] GC(592) ParOldGen: 217097K(562176K)->217113K(562176K)
[225.432s][info][gc,metaspace   ] GC(592) Metaspace: 35229K(35904K)->35229K(35904K) NonClass: 28970K(29440K)->28970K(29440K) Class: 6259K(6464K)->6259K(6464K)
[225.432s][info][gc             ] GC(592) Pause Young (Allocation Failure) 493M->212M(852M) 1.073ms
[225.432s][info][gc,cpu         ] GC(592) User=0.00s Sys=0.00s Real=0.00s
[225.659s][info][gc,start       ] GC(593) Pause Young (Allocation Failure)
[225.660s][info][gc,heap        ] GC(593) PSYoungGen: 288320K(310272K)->64K(311296K) Eden: 288256K(288256K)->0K(290816K) From: 64K(22016K)->64K(20480K)
[225.660s][info][gc,heap        ] GC(593) ParOldGen: 217113K(562176K)->217129K(562176K)
[225.660s][info][gc,metaspace   ] GC(593) Metaspace: 35229K(35904K)->35229K(35904K) NonClass: 28970K(29440K)->28970K(29440K) Class: 6259K(6464K)->6259K(6464K)
[225.660s][info][gc             ] GC(593) Pause Young (Allocation Failure) 493M->212M(853M) 1.103ms
[225.660s][info][gc,cpu         ] GC(593) User=0.00s Sys=0.00s Real=0.00s
[225.892s][info][gc,start       ] GC(594) Pause Young (Allocation Failure)
[225.893s][info][gc,heap        ] GC(594) PSYoungGen: 290880K(311296K)->64K(311296K) Eden: 290816K(290816K)->0K(290816K) From: 64K(20480K)->64K(20480K)
[225.893s][info][gc,heap        ] GC(594) ParOldGen: 217129K(562176K)->217129K(562176K)
[225.893s][info][gc,metaspace   ] GC(594) Metaspace: 35229K(35904K)->35229K(35904K) NonClass: 28970K(29440K)->28970K(29440K) Class: 6259K(6464K)->6259K(6464K)
[225.893s][info][gc             ] GC(594) Pause Young (Allocation Failure) 496M->212M(853M) 1.063ms
[225.893s][info][gc,cpu         ] GC(594) User=0.00s Sys=0.00s Real=0.00s
[226.240s][info][gc,start       ] GC(595) Pause Young (Allocation Failure)
[226.241s][info][gc,heap        ] GC(595) PSYoungGen: 290880K(311296K)->64K(312320K) Eden: 290816K(290816K)->0K(293888K) From: 64K(20480K)->64K(18432K)
[226.241s][info][gc,heap        ] GC(595) ParOldGen: 217129K(562176K)->217129K(562176K)
[226.241s][info][gc,metaspace   ] GC(595) Metaspace: 35229K(35904K)->35229K(35904K) NonClass: 28970K(29440K)->28970K(29440K) Class: 6259K(6464K)->6259K(6464K)
[226.241s][info][gc             ] GC(595) Pause Young (Allocation Failure) 496M->212M(854M) 1.048ms
[226.241s][info][gc,cpu         ] GC(595) User=0.01s Sys=0.00s Real=0.00s
[226.386s][info][gc,start       ] GC(596) Pause Young (Allocation Failure)
[226.387s][info][gc,heap        ] GC(596) PSYoungGen: 293952K(312320K)->64K(312320K) Eden: 293888K(293888K)->0K(293888K) From: 64K(18432K)->64K(18432K)
[226.387s][info][gc,heap        ] GC(596) ParOldGen: 217129K(562176K)->217137K(562176K)
[226.387s][info][gc,metaspace   ] GC(596) Metaspace: 35229K(35904K)->35229K(35904K) NonClass: 28970K(29440K)->28970K(29440K) Class: 6259K(6464K)->6259K(6464K)
[226.387s][info][gc             ] GC(596) Pause Young (Allocation Failure) 499M->212M(854M) 1.068ms
[226.387s][info][gc,cpu         ] GC(596) User=0.00s Sys=0.00s Real=0.00s
[226.439s][info][gc,start       ] GC(597) Pause Young (Allocation Failure)
[226.440s][info][gc,heap        ] GC(597) PSYoungGen: 293952K(312320K)->64K(314880K) Eden: 293888K(293888K)->0K(297472K) From: 64K(18432K)->64K(17408K)
[226.440s][info][gc,heap        ] GC(597) ParOldGen: 217137K(562176K)->217153K(562176K)
[226.440s][info][gc,metaspace   ] GC(597) Metaspace: 35229K(35904K)->35229K(35904K) NonClass: 28970K(29440K)->28970K(29440K) Class: 6259K(6464K)->6259K(6464K)
[226.440s][info][gc             ] GC(597) Pause Young (Allocation Failure) 499M->212M(856M) 1.014ms
[226.440s][info][gc,cpu         ] GC(597) User=0.01s Sys=0.00s Real=0.00s
[226.559s][info][gc,start       ] GC(598) Pause Young (Allocation Failure)
[226.560s][info][gc,heap        ] GC(598) PSYoungGen: 297536K(314880K)->64K(314368K) Eden: 297472K(297472K)->0K(297472K) From: 64K(17408K)->64K(16896K)
[226.560s][info][gc,heap        ] GC(598) ParOldGen: 217153K(562176K)->217153K(562176K)
[226.560s][info][gc,metaspace   ] GC(598) Metaspace: 35229K(35904K)->35229K(35904K) NonClass: 28970K(29440K)->28970K(29440K) Class: 6259K(6464K)->6259K(6464K)
[226.560s][info][gc             ] GC(598) Pause Young (Allocation Failure) 502M->212M(856M) 1.112ms
[226.560s][info][gc,cpu         ] GC(598) User=0.00s Sys=0.00s Real=0.00s
[226.774s][info][gc,start       ] GC(599) Pause Young (Allocation Failure)
[226.775s][info][gc,heap        ] GC(599) PSYoungGen: 297536K(314368K)->64K(315904K) Eden: 297472K(297472K)->0K(300544K) From: 64K(16896K)->64K(15360K)
[226.775s][info][gc,heap        ] GC(599) ParOldGen: 217153K(562176K)->217161K(562176K)
[226.775s][info][gc,metaspace   ] GC(599) Metaspace: 35229K(35904K)->35229K(35904K) NonClass: 28970K(29440K)->28970K(29440K) Class: 6259K(6464K)->6259K(6464K)
[226.775s][info][gc             ] GC(599) Pause Young (Allocation Failure) 502M->212M(857M) 1.045ms
[226.775s][info][gc,cpu         ] GC(599) User=0.00s Sys=0.00s Real=0.00s
[226.951s][info][gc,start       ] GC(600) Pause Young (Allocation Failure)
[226.953s][info][gc,heap        ] GC(600) PSYoungGen: 300608K(315904K)->64K(315392K) Eden: 300544K(300544K)->0K(300544K) From: 64K(15360K)->64K(14848K)
[226.953s][info][gc,heap        ] GC(600) ParOldGen: 217161K(562176K)->217169K(562176K)
[226.953s][info][gc,metaspace   ] GC(600) Metaspace: 35229K(35904K)->35229K(35904K) NonClass: 28970K(29440K)->28970K(29440K) Class: 6259K(6464K)->6259K(6464K)
[226.953s][info][gc             ] GC(600) Pause Young (Allocation Failure) 505M->212M(857M) 1.896ms
[226.953s][info][gc,cpu         ] GC(600) User=0.00s Sys=0.00s Real=0.00s
[227.035s][info][gc,start       ] GC(601) Pause Young (Allocation Failure)
[227.036s][info][gc,heap        ] GC(601) PSYoungGen: 300608K(315392K)->32K(317952K) Eden: 300544K(300544K)->0K(304128K) From: 64K(14848K)->32K(13824K)
[227.036s][info][gc,heap        ] GC(601) ParOldGen: 217169K(562176K)->217177K(562176K)
[227.036s][info][gc,metaspace   ] GC(601) Metaspace: 35229K(35904K)->35229K(35904K) NonClass: 28970K(29440K)->28970K(29440K) Class: 6259K(6464K)->6259K(6464K)
[227.036s][info][gc             ] GC(601) Pause Young (Allocation Failure) 505M->212M(859M) 1.649ms
[227.036s][info][gc,cpu         ] GC(601) User=0.00s Sys=0.00s Real=0.01s
[227.191s][info][gc,start       ] GC(602) Pause Young (Allocation Failure)
[227.193s][info][gc,heap        ] GC(602) PSYoungGen: 304160K(317952K)->64K(317440K) Eden: 304128K(304128K)->0K(304128K) From: 32K(13824K)->64K(13312K)
[227.193s][info][gc,heap        ] GC(602) ParOldGen: 217177K(562176K)->217177K(562176K)
[227.193s][info][gc,metaspace   ] GC(602) Metaspace: 35229K(35904K)->35229K(35904K) NonClass: 28970K(29440K)->28970K(29440K) Class: 6259K(6464K)->6259K(6464K)
[227.193s][info][gc             ] GC(602) Pause Young (Allocation Failure) 509M->212M(859M) 1.847ms
[227.193s][info][gc,cpu         ] GC(602) User=0.01s Sys=0.00s Real=0.00s
[227.627s][info][gc,start       ] GC(603) Pause Young (Allocation Failure)
[227.629s][info][gc,heap        ] GC(603) PSYoungGen: 304192K(317440K)->64K(319488K) Eden: 304128K(304128K)->0K(307200K) From: 64K(13312K)->64K(12288K)
[227.629s][info][gc,heap        ] GC(603) ParOldGen: 217177K(562176K)->217193K(562176K)
[227.629s][info][gc,metaspace   ] GC(603) Metaspace: 35229K(35904K)->35229K(35904K) NonClass: 28970K(29440K)->28970K(29440K) Class: 6259K(6464K)->6259K(6464K)
[227.629s][info][gc             ] GC(603) Pause Young (Allocation Failure) 509M->212M(861M) 1.828ms
[227.629s][info][gc,cpu         ] GC(603) User=0.00s Sys=0.00s Real=0.00s
[229.074s][info][gc,start       ] GC(604) Pause Young (Allocation Failure)
[229.076s][info][gc,heap        ] GC(604) PSYoungGen: 307264K(319488K)->64K(295424K) Eden: 307200K(307200K)->0K(294912K) From: 64K(12288K)->64K(512K)
[229.076s][info][gc,heap        ] GC(604) ParOldGen: 217193K(562176K)->217201K(562176K)
[229.076s][info][gc,metaspace   ] GC(604) Metaspace: 35229K(35904K)->35229K(35904K) NonClass: 28970K(29440K)->28970K(29440K) Class: 6259K(6464K)->6259K(6464K)
[229.076s][info][gc             ] GC(604) Pause Young (Allocation Failure) 512M->212M(837M) 1.868ms
[229.076s][info][gc,cpu         ] GC(604) User=0.00s Sys=0.00s Real=0.01s
[229.302s][info][gc,start       ] GC(605) Pause Young (Allocation Failure)
[229.305s][info][gc,heap        ] GC(605) PSYoungGen: 294976K(295424K)->64K(283648K) Eden: 294912K(294912K)->0K(283136K) From: 64K(512K)->64K(512K)
[229.305s][info][gc,heap        ] GC(605) ParOldGen: 217201K(562176K)->217217K(562176K)
[229.305s][info][gc,metaspace   ] GC(605) Metaspace: 35229K(35904K)->35229K(35904K) NonClass: 28970K(29440K)->28970K(29440K) Class: 6259K(6464K)->6259K(6464K)
[229.305s][info][gc             ] GC(605) Pause Young (Allocation Failure) 500M->212M(826M) 2.736ms
[229.305s][info][gc,cpu         ] GC(605) User=0.00s Sys=0.00s Real=0.00s
[229.736s][info][gc,start       ] GC(606) Pause Young (Allocation Failure)
[229.737s][info][gc,heap        ] GC(606) PSYoungGen: 283200K(283648K)->64K(282112K) Eden: 283136K(283136K)->0K(271872K) From: 64K(512K)->64K(10240K)
[229.737s][info][gc,heap        ] GC(606) ParOldGen: 217217K(562176K)->217233K(562176K)
[229.737s][info][gc,metaspace   ] GC(606) Metaspace: 35229K(35904K)->35229K(35904K) NonClass: 28970K(29440K)->28970K(29440K) Class: 6259K(6464K)->6259K(6464K)
[229.737s][info][gc             ] GC(606) Pause Young (Allocation Failure) 488M->212M(824M) 1.777ms
[229.737s][info][gc,cpu         ] GC(606) User=0.00s Sys=0.00s Real=0.01s
[230.739s][info][gc,start       ] GC(607) Pause Young (Allocation Failure)
[230.742s][info][gc,heap        ] GC(607) PSYoungGen: 271936K(282112K)->64K(261632K) Eden: 271872K(271872K)->0K(261120K) From: 64K(10240K)->64K(512K)
[230.742s][info][gc,heap        ] GC(607) ParOldGen: 217233K(562176K)->217241K(562176K)
[230.742s][info][gc,metaspace   ] GC(607) Metaspace: 35229K(35904K)->35229K(35904K) NonClass: 28970K(29440K)->28970K(29440K) Class: 6259K(6464K)->6259K(6464K)
[230.742s][info][gc             ] GC(607) Pause Young (Allocation Failure) 477M->212M(804M) 3.173ms
[230.742s][info][gc,cpu         ] GC(607) User=0.00s Sys=0.00s Real=0.00s
[231.138s][info][gc,start       ] GC(608) Pause Young (Allocation Failure)
[231.139s][info][gc,heap        ] GC(608) PSYoungGen: 261184K(261632K)->64K(259584K) Eden: 261120K(261120K)->0K(250880K) From: 64K(512K)->64K(8704K)
[231.139s][info][gc,heap        ] GC(608) ParOldGen: 217241K(562176K)->217249K(562176K)
[231.139s][info][gc,metaspace   ] GC(608) Metaspace: 35229K(35904K)->35229K(35904K) NonClass: 28970K(29440K)->28970K(29440K) Class: 6259K(6464K)->6259K(6464K)
[231.139s][info][gc             ] GC(608) Pause Young (Allocation Failure) 467M->212M(802M) 1.625ms
[231.139s][info][gc,cpu         ] GC(608) User=0.00s Sys=0.00s Real=0.00s
[231.298s][info][gc,start       ] GC(609) Pause Young (Allocation Failure)
[231.299s][info][gc,heap        ] GC(609) PSYoungGen: 250944K(259584K)->64K(241664K) Eden: 250880K(250880K)->0K(241152K) From: 64K(8704K)->64K(512K)
[231.299s][info][gc,heap        ] GC(609) ParOldGen: 217249K(562176K)->217257K(562176K)
[231.299s][info][gc,metaspace   ] GC(609) Metaspace: 35229K(35904K)->35229K(35904K) NonClass: 28970K(29440K)->28970K(29440K) Class: 6259K(6464K)->6259K(6464K)
[231.299s][info][gc             ] GC(609) Pause Young (Allocation Failure) 457M->212M(785M) 1.709ms
[231.299s][info][gc,cpu         ] GC(609) User=0.00s Sys=0.00s Real=0.00s
[231.552s][info][gc,start       ] GC(610) Pause Young (Allocation Failure)
[231.553s][info][gc,heap        ] GC(610) PSYoungGen: 241216K(241664K)->64K(239616K) Eden: 241152K(241152K)->0K(231936K) From: 64K(512K)->64K(7680K)
[231.553s][info][gc,heap        ] GC(610) ParOldGen: 217257K(562176K)->217265K(562176K)
[231.553s][info][gc,metaspace   ] GC(610) Metaspace: 35229K(35904K)->35229K(35904K) NonClass: 28970K(29440K)->28970K(29440K) Class: 6259K(6464K)->6259K(6464K)
[231.553s][info][gc             ] GC(610) Pause Young (Allocation Failure) 447M->212M(783M) 1.028ms
[231.553s][info][gc,cpu         ] GC(610) User=0.00s Sys=0.00s Real=0.00s
[232.072s][info][gc,start       ] GC(611) Pause Young (Allocation Failure)
[232.074s][info][gc,heap        ] GC(611) PSYoungGen: 232000K(239616K)->64K(223744K) Eden: 231936K(231936K)->0K(223232K) From: 64K(7680K)->64K(512K)
[232.074s][info][gc,heap        ] GC(611) ParOldGen: 217265K(562176K)->217273K(562176K)
[232.074s][info][gc,metaspace   ] GC(611) Metaspace: 35229K(35904K)->35229K(35904K) NonClass: 28970K(29440K)->28970K(29440K) Class: 6259K(6464K)->6259K(6464K)
[232.074s][info][gc             ] GC(611) Pause Young (Allocation Failure) 438M->212M(767M) 2.275ms
[232.074s][info][gc,cpu         ] GC(611) User=0.00s Sys=0.00s Real=0.00s
[232.422s][info][gc,start       ] GC(612) Pause Young (Allocation Failure)
[232.423s][info][gc,heap        ] GC(612) PSYoungGen: 223296K(223744K)->64K(221696K) Eden: 223232K(223232K)->0K(215040K) From: 64K(512K)->64K(6656K)
[232.423s][info][gc,heap        ] GC(612) ParOldGen: 217273K(562176K)->217281K(562176K)
[232.423s][info][gc,metaspace   ] GC(612) Metaspace: 35229K(35904K)->35229K(35904K) NonClass: 28970K(29440K)->28970K(29440K) Class: 6259K(6464K)->6259K(6464K)
[232.423s][info][gc             ] GC(612) Pause Young (Allocation Failure) 430M->212M(765M) 1.125ms
[232.423s][info][gc,cpu         ] GC(612) User=0.00s Sys=0.01s Real=0.00s
[232.691s][info][gc,start       ] GC(613) Pause Young (Allocation Failure)
[232.730s][info][gc,heap        ] GC(613) PSYoungGen: 215104K(221696K)->6144K(264192K) Eden: 215040K(215040K)->0K(258048K) From: 64K(6656K)->6144K(6144K)
[232.731s][info][gc,heap        ] GC(613) ParOldGen: 217281K(562176K)->232297K(562176K)
[232.731s][info][gc,metaspace   ] GC(613) Metaspace: 35229K(35904K)->35229K(35904K) NonClass: 28970K(29440K)->28970K(29440K) Class: 6259K(6464K)->6259K(6464K)
[232.731s][info][gc             ] GC(613) Pause Young (Allocation Failure) 422M->232M(807M) 39.208ms
[232.731s][info][gc,cpu         ] GC(613) User=0.07s Sys=0.00s Real=0.04s
[233.025s][info][gc,start       ] GC(614) Pause Young (Allocation Failure)
[233.075s][info][gc,heap        ] GC(614) PSYoungGen: 264192K(264192K)->13312K(272384K) Eden: 258048K(258048K)->0K(259072K) From: 6144K(6144K)->13312K(13312K)
[233.075s][info][gc,heap        ] GC(614) ParOldGen: 232297K(562176K)->247057K(562176K)
[233.075s][info][gc,metaspace   ] GC(614) Metaspace: 35229K(35904K)->35229K(35904K) NonClass: 28970K(29440K)->28970K(29440K) Class: 6259K(6464K)->6259K(6464K)
[233.075s][info][gc             ] GC(614) Pause Young (Allocation Failure) 484M->254M(815M) 49.604ms
[233.075s][info][gc,cpu         ] GC(614) User=0.10s Sys=0.00s Real=0.05s
[233.310s][info][gc,start       ] GC(615) Pause Young (Allocation Failure)
[233.360s][info][gc,heap        ] GC(615) PSYoungGen: 272384K(272384K)->20288K(304128K) Eden: 259072K(259072K)->0K(282624K) From: 13312K(13312K)->20288K(21504K)
[233.360s][info][gc,heap        ] GC(615) ParOldGen: 247057K(562176K)->247601K(562176K)
[233.360s][info][gc,metaspace   ] GC(615) Metaspace: 35229K(35904K)->35229K(35904K) NonClass: 28970K(29440K)->28970K(29440K) Class: 6259K(6464K)->6259K(6464K)
[233.360s][info][gc             ] GC(615) Pause Young (Allocation Failure) 507M->261M(846M) 49.943ms
[233.360s][info][gc,cpu         ] GC(615) User=0.09s Sys=0.01s Real=0.05s
[233.573s][info][gc,start       ] GC(616) Pause Young (Allocation Failure)
[233.574s][info][gc,heap        ] GC(616) PSYoungGen: 302912K(304128K)->64K(308224K) Eden: 282624K(282624K)->0K(282624K) From: 20288K(21504K)->64K(25600K)
[233.574s][info][gc,heap        ] GC(616) ParOldGen: 247601K(562176K)->247609K(562176K)
[233.574s][info][gc,metaspace   ] GC(616) Metaspace: 35229K(35904K)->35229K(35904K) NonClass: 28970K(29440K)->28970K(29440K) Class: 6259K(6464K)->6259K(6464K)
[233.574s][info][gc             ] GC(616) Pause Young (Allocation Failure) 537M->241M(850M) 1.079ms
[233.574s][info][gc,cpu         ] GC(616) User=0.00s Sys=0.00s Real=0.00s
[234.300s][info][gc,start       ] GC(617) Pause Young (Allocation Failure)
[234.301s][info][gc,heap        ] GC(617) PSYoungGen: 282688K(308224K)->64K(305664K) Eden: 282624K(282624K)->0K(283136K) From: 64K(25600K)->64K(22528K)
[234.301s][info][gc,heap        ] GC(617) ParOldGen: 247609K(562176K)->247625K(562176K)
[234.301s][info][gc,metaspace   ] GC(617) Metaspace: 35229K(35904K)->35229K(35904K) NonClass: 28970K(29440K)->28970K(29440K) Class: 6259K(6464K)->6259K(6464K)
[234.302s][info][gc             ] GC(617) Pause Young (Allocation Failure) 517M->241M(847M) 1.297ms
[234.302s][info][gc,cpu         ] GC(617) User=0.00s Sys=0.00s Real=0.00s
[234.572s][info][gc,start       ] GC(618) Pause Young (Allocation Failure)
[234.573s][info][gc,heap        ] GC(618) PSYoungGen: 283200K(305664K)->64K(307200K) Eden: 283136K(283136K)->0K(283136K) From: 64K(22528K)->64K(24064K)
[234.573s][info][gc,heap        ] GC(618) ParOldGen: 247625K(562176K)->247625K(562176K)
[234.573s][info][gc,metaspace   ] GC(618) Metaspace: 35229K(35904K)->35229K(35904K) NonClass: 28970K(29440K)->28970K(29440K) Class: 6259K(6464K)->6259K(6464K)
[234.573s][info][gc             ] GC(618) Pause Young (Allocation Failure) 518M->241M(849M) 1.158ms
[234.573s][info][gc,cpu         ] GC(618) User=0.00s Sys=0.00s Real=0.00s
[235.013s][info][gc,start       ] GC(619) Pause Young (Allocation Failure)
[235.014s][info][gc,heap        ] GC(619) PSYoungGen: 283200K(307200K)->64K(307200K) Eden: 283136K(283136K)->0K(286720K) From: 64K(24064K)->64K(20480K)
[235.014s][info][gc,heap        ] GC(619) ParOldGen: 247625K(562176K)->247641K(562176K)
[235.014s][info][gc,metaspace   ] GC(619) Metaspace: 35229K(35904K)->35229K(35904K) NonClass: 28970K(29440K)->28970K(29440K) Class: 6259K(6464K)->6259K(6464K)
[235.014s][info][gc             ] GC(619) Pause Young (Allocation Failure) 518M->241M(849M) 1.240ms
[235.014s][info][gc,cpu         ] GC(619) User=0.00s Sys=0.00s Real=0.00s
[235.241s][info][gc,start       ] GC(620) Pause Young (Allocation Failure)
[235.243s][info][gc,heap        ] GC(620) PSYoungGen: 286784K(307200K)->64K(308736K) Eden: 286720K(286720K)->0K(286720K) From: 64K(20480K)->64K(22016K)
[235.243s][info][gc,heap        ] GC(620) ParOldGen: 247641K(562176K)->247657K(562176K)
[235.243s][info][gc,metaspace   ] GC(620) Metaspace: 35229K(35904K)->35229K(35904K) NonClass: 28970K(29440K)->28970K(29440K) Class: 6259K(6464K)->6259K(6464K)
[235.243s][info][gc             ] GC(620) Pause Young (Allocation Failure) 521M->241M(850M) 1.203ms
[235.243s][info][gc,cpu         ] GC(620) User=0.00s Sys=0.00s Real=0.00s
[235.469s][info][gc,start       ] GC(621) Pause Young (Allocation Failure)
[235.470s][info][gc,heap        ] GC(621) PSYoungGen: 286784K(308736K)->32K(309248K) Eden: 286720K(286720K)->0K(290816K) From: 64K(22016K)->32K(18432K)
[235.470s][info][gc,heap        ] GC(621) ParOldGen: 247657K(562176K)->247657K(562176K)
[235.470s][info][gc,metaspace   ] GC(621) Metaspace: 35229K(35904K)->35229K(35904K) NonClass: 28970K(29440K)->28970K(29440K) Class: 6259K(6464K)->6259K(6464K)
[235.470s][info][gc             ] GC(621) Pause Young (Allocation Failure) 521M->241M(851M) 1.164ms
[235.470s][info][gc,cpu         ] GC(621) User=0.00s Sys=0.00s Real=0.00s
[235.769s][info][gc,start       ] GC(622) Pause Young (Allocation Failure)
[235.770s][info][gc,heap        ] GC(622) PSYoungGen: 290848K(309248K)->64K(310784K) Eden: 290816K(290816K)->0K(290816K) From: 32K(18432K)->64K(19968K)
[235.770s][info][gc,heap        ] GC(622) ParOldGen: 247657K(562176K)->247657K(562176K)
[235.770s][info][gc,metaspace   ] GC(622) Metaspace: 35229K(35904K)->35229K(35904K) NonClass: 28970K(29440K)->28970K(29440K) Class: 6259K(6464K)->6259K(6464K)
[235.770s][info][gc             ] GC(622) Pause Young (Allocation Failure) 525M->241M(852M) 1.197ms
[235.770s][info][gc,cpu         ] GC(622) User=0.00s Sys=0.00s Real=0.00s
[235.823s][info][gc,start       ] GC(623) Pause Young (Allocation Failure)
[235.824s][info][gc,heap        ] GC(623) PSYoungGen: 290880K(310784K)->32K(311296K) Eden: 290816K(290816K)->0K(294912K) From: 64K(19968K)->32K(16384K)
[235.824s][info][gc,heap        ] GC(623) ParOldGen: 247657K(562176K)->247673K(562176K)
[235.824s][info][gc,metaspace   ] GC(623) Metaspace: 35229K(35904K)->35229K(35904K) NonClass: 28970K(29440K)->28970K(29440K) Class: 6259K(6464K)->6259K(6464K)
[235.824s][info][gc             ] GC(623) Pause Young (Allocation Failure) 525M->241M(853M) 1.176ms
[235.824s][info][gc,cpu         ] GC(623) User=0.01s Sys=0.00s Real=0.00s
[235.900s][info][gc,start       ] GC(624) Pause Young (Allocation Failure)
[235.901s][info][gc,heap        ] GC(624) PSYoungGen: 294944K(311296K)->64K(312832K) Eden: 294912K(294912K)->0K(294912K) From: 32K(16384K)->64K(17920K)
[235.901s][info][gc,heap        ] GC(624) ParOldGen: 247673K(562176K)->247673K(562176K)
[235.901s][info][gc,metaspace   ] GC(624) Metaspace: 35229K(35904K)->35229K(35904K) NonClass: 28970K(29440K)->28970K(29440K) Class: 6259K(6464K)->6259K(6464K)
[235.901s][info][gc             ] GC(624) Pause Young (Allocation Failure) 529M->241M(854M) 1.155ms
[235.901s][info][gc,cpu         ] GC(624) User=0.00s Sys=0.00s Real=0.00s
[236.113s][info][gc,start       ] GC(625) Pause Young (Allocation Failure)
[236.115s][info][gc,heap        ] GC(625) PSYoungGen: 294976K(312832K)->32K(313344K) Eden: 294912K(294912K)->0K(299008K) From: 64K(17920K)->32K(14336K)
[236.115s][info][gc,heap        ] GC(625) ParOldGen: 247673K(562176K)->247689K(562176K)
[236.115s][info][gc,metaspace   ] GC(625) Metaspace: 35229K(35904K)->35229K(35904K) NonClass: 28970K(29440K)->28970K(29440K) Class: 6259K(6464K)->6259K(6464K)
[236.115s][info][gc             ] GC(625) Pause Young (Allocation Failure) 529M->241M(855M) 2.041ms
[236.115s][info][gc,cpu         ] GC(625) User=0.00s Sys=0.00s Real=0.00s
[236.327s][info][gc,start       ] GC(626) Pause Young (Allocation Failure)
[236.329s][info][gc,heap        ] GC(626) PSYoungGen: 299040K(313344K)->64K(314880K) Eden: 299008K(299008K)->0K(299008K) From: 32K(14336K)->64K(15872K)
[236.329s][info][gc,heap        ] GC(626) ParOldGen: 247689K(562176K)->247689K(562176K)
[236.329s][info][gc,metaspace   ] GC(626) Metaspace: 35229K(35904K)->35229K(35904K) NonClass: 28970K(29440K)->28970K(29440K) Class: 6259K(6464K)->6259K(6464K)
[236.329s][info][gc             ] GC(626) Pause Young (Allocation Failure) 533M->241M(856M) 1.512ms
[236.329s][info][gc,cpu         ] GC(626) User=0.01s Sys=0.00s Real=0.00s
[236.409s][info][gc,start       ] GC(627) Pause Young (Allocation Failure)
[236.411s][info][gc,heap        ] GC(627) PSYoungGen: 299072K(314880K)->64K(315392K) Eden: 299008K(299008K)->0K(302592K) From: 64K(15872K)->64K(12800K)
[236.411s][info][gc,heap        ] GC(627) ParOldGen: 247689K(562176K)->247705K(562176K)
[236.411s][info][gc,metaspace   ] GC(627) Metaspace: 35229K(35904K)->35229K(35904K) NonClass: 28970K(29440K)->28970K(29440K) Class: 6259K(6464K)->6259K(6464K)
[236.411s][info][gc             ] GC(627) Pause Young (Allocation Failure) 533M->241M(857M) 1.258ms
[236.411s][info][gc,cpu         ] GC(627) User=0.00s Sys=0.00s Real=0.00s
[236.537s][info][gc,start       ] GC(628) Pause Young (Allocation Failure)
[236.538s][info][gc,heap        ] GC(628) PSYoungGen: 302656K(315392K)->64K(316928K) Eden: 302592K(302592K)->0K(302592K) From: 64K(12800K)->64K(14336K)
[236.538s][info][gc,heap        ] GC(628) ParOldGen: 247705K(562176K)->247705K(562176K)
[236.538s][info][gc,metaspace   ] GC(628) Metaspace: 35229K(35904K)->35229K(35904K) NonClass: 28970K(29440K)->28970K(29440K) Class: 6259K(6464K)->6259K(6464K)
[236.538s][info][gc             ] GC(628) Pause Young (Allocation Failure) 537M->241M(858M) 1.183ms
[236.538s][info][gc,cpu         ] GC(628) User=0.00s Sys=0.00s Real=0.00s
[236.925s][info][gc,start       ] GC(629) Pause Young (Allocation Failure)
[236.927s][info][gc,heap        ] GC(629) PSYoungGen: 302656K(316928K)->64K(290816K) Eden: 302592K(302592K)->0K(290304K) From: 64K(14336K)->64K(512K)
[236.927s][info][gc,heap        ] GC(629) ParOldGen: 247705K(562176K)->247713K(562176K)
[236.927s][info][gc,metaspace   ] GC(629) Metaspace: 35229K(35904K)->35229K(35904K) NonClass: 28970K(29440K)->28970K(29440K) Class: 6259K(6464K)->6259K(6464K)
[236.927s][info][gc             ] GC(629) Pause Young (Allocation Failure) 537M->241M(833M) 1.948ms
[236.927s][info][gc,cpu         ] GC(629) User=0.00s Sys=0.00s Real=0.01s
[237.630s][info][gc,start       ] GC(630) Pause Young (Allocation Failure)
[237.631s][info][gc,heap        ] GC(630) PSYoungGen: 290368K(290816K)->64K(290816K) Eden: 290304K(290304K)->0K(278528K) From: 64K(512K)->64K(12288K)
[237.631s][info][gc,heap        ] GC(630) ParOldGen: 247713K(562176K)->247721K(562176K)
[237.631s][info][gc,metaspace   ] GC(630) Metaspace: 35229K(35904K)->35229K(35904K) NonClass: 28970K(29440K)->28970K(29440K) Class: 6259K(6464K)->6259K(6464K)
[237.631s][info][gc             ] GC(630) Pause Young (Allocation Failure) 525M->241M(833M) 1.310ms
[237.631s][info][gc,cpu         ] GC(630) User=0.00s Sys=0.00s Real=0.00s
[238.595s][info][gc,start       ] GC(631) Pause Young (Allocation Failure)
[238.598s][info][gc,heap        ] GC(631) PSYoungGen: 278592K(290816K)->64K(267776K) Eden: 278528K(278528K)->0K(267264K) From: 64K(12288K)->64K(512K)
[238.598s][info][gc,heap        ] GC(631) ParOldGen: 247721K(562176K)->247737K(562176K)
[238.598s][info][gc,metaspace   ] GC(631) Metaspace: 35229K(35904K)->35229K(35904K) NonClass: 28970K(29440K)->28970K(29440K) Class: 6259K(6464K)->6259K(6464K)
[238.598s][info][gc             ] GC(631) Pause Young (Allocation Failure) 513M->241M(810M) 2.717ms
[238.598s][info][gc,cpu         ] GC(631) User=0.00s Sys=0.00s Real=0.01s
[238.991s][info][gc,start       ] GC(632) Pause Young (Allocation Failure)
[238.993s][info][gc,heap        ] GC(632) PSYoungGen: 267328K(267776K)->64K(267776K) Eden: 267264K(267264K)->0K(257024K) From: 64K(512K)->64K(10752K)
[238.993s][info][gc,heap        ] GC(632) ParOldGen: 247737K(562176K)->247753K(562176K)
[238.993s][info][gc,metaspace   ] GC(632) Metaspace: 35229K(35904K)->35229K(35904K) NonClass: 28970K(29440K)->28970K(29440K) Class: 6259K(6464K)->6259K(6464K)
[238.993s][info][gc             ] GC(632) Pause Young (Allocation Failure) 502M->242M(810M) 2.017ms
[238.993s][info][gc,cpu         ] GC(632) User=0.01s Sys=0.00s Real=0.00s
[239.623s][info][gc,start       ] GC(633) Pause Young (Allocation Failure)
[239.625s][info][gc,heap        ] GC(633) PSYoungGen: 257088K(267776K)->64K(247296K) Eden: 257024K(257024K)->0K(246784K) From: 64K(10752K)->64K(512K)
[239.625s][info][gc,heap        ] GC(633) ParOldGen: 247753K(562176K)->247761K(562176K)
[239.625s][info][gc,metaspace   ] GC(633) Metaspace: 35229K(35904K)->35229K(35904K) NonClass: 28970K(29440K)->28970K(29440K) Class: 6259K(6464K)->6259K(6464K)
[239.625s][info][gc             ] GC(633) Pause Young (Allocation Failure) 493M->242M(790M) 2.040ms
[239.625s][info][gc,cpu         ] GC(633) User=0.00s Sys=0.00s Real=0.00s
[240.247s][info][gc,start       ] GC(634) Pause Young (Allocation Failure)
[240.248s][info][gc,heap        ] GC(634) PSYoungGen: 246848K(247296K)->64K(246784K) Eden: 246784K(246784K)->0K(237056K) From: 64K(512K)->64K(9728K)
[240.248s][info][gc,heap        ] GC(634) ParOldGen: 247761K(562176K)->247769K(562176K)
[240.248s][info][gc,metaspace   ] GC(634) Metaspace: 35229K(35904K)->35229K(35904K) NonClass: 28970K(29440K)->28970K(29440K) Class: 6259K(6464K)->6259K(6464K)
[240.248s][info][gc             ] GC(634) Pause Young (Allocation Failure) 483M->242M(790M) 1.246ms
[240.248s][info][gc,cpu         ] GC(634) User=0.01s Sys=0.00s Real=0.00s
[240.598s][info][gc,start       ] GC(635) Pause Young (Allocation Failure)
[240.600s][info][gc,heap        ] GC(635) PSYoungGen: 237120K(246784K)->64K(228352K) Eden: 237056K(237056K)->0K(227840K) From: 64K(9728K)->64K(512K)
[240.600s][info][gc,heap        ] GC(635) ParOldGen: 247769K(562176K)->247777K(562176K)
[240.600s][info][gc,metaspace   ] GC(635) Metaspace: 35229K(35904K)->35229K(35904K) NonClass: 28970K(29440K)->28970K(29440K) Class: 6259K(6464K)->6259K(6464K)
[240.600s][info][gc             ] GC(635) Pause Young (Allocation Failure) 473M->242M(772M) 2.046ms
[240.600s][info][gc,cpu         ] GC(635) User=0.01s Sys=0.00s Real=0.00s
[240.702s][info][gc,start       ] GC(636) Pause Young (Allocation Failure)
[240.703s][info][gc,heap        ] GC(636) PSYoungGen: 227904K(228352K)->64K(227328K) Eden: 227840K(227840K)->0K(219136K) From: 64K(512K)->64K(8192K)
[240.703s][info][gc,heap        ] GC(636) ParOldGen: 247777K(562176K)->247785K(562176K)
[240.703s][info][gc,metaspace   ] GC(636) Metaspace: 35229K(35904K)->35229K(35904K) NonClass: 28970K(29440K)->28970K(29440K) Class: 6259K(6464K)->6259K(6464K)
[240.703s][info][gc             ] GC(636) Pause Young (Allocation Failure) 464M->242M(771M) 1.219ms
[240.703s][info][gc,cpu         ] GC(636) User=0.00s Sys=0.00s Real=0.00s
[241.016s][info][gc,start       ] GC(637) Pause Young (Allocation Failure)
[241.017s][info][gc,heap        ] GC(637) PSYoungGen: 219200K(227328K)->64K(211456K) Eden: 219136K(219136K)->0K(210944K) From: 64K(8192K)->64K(512K)
[241.018s][info][gc,heap        ] GC(637) ParOldGen: 247785K(562176K)->247793K(562176K)
[241.018s][info][gc,metaspace   ] GC(637) Metaspace: 35229K(35904K)->35229K(35904K) NonClass: 28970K(29440K)->28970K(29440K) Class: 6259K(6464K)->6259K(6464K)
[241.018s][info][gc             ] GC(637) Pause Young (Allocation Failure) 456M->242M(755M) 1.977ms
[241.018s][info][gc,cpu         ] GC(637) User=0.00s Sys=0.00s Real=0.01s
[241.470s][info][gc,start       ] GC(638) Pause Young (Allocation Failure)
[241.473s][info][gc,heap        ] GC(638) PSYoungGen: 211008K(211456K)->64K(210432K) Eden: 210944K(210944K)->0K(203264K) From: 64K(512K)->64K(7168K)
[241.473s][info][gc,heap        ] GC(638) ParOldGen: 247793K(562176K)->247809K(562176K)
[241.473s][info][gc,metaspace   ] GC(638) Metaspace: 35229K(35904K)->35229K(35904K) NonClass: 28970K(29440K)->28970K(29440K) Class: 6259K(6464K)->6259K(6464K)
[241.473s][info][gc             ] GC(638) Pause Young (Allocation Failure) 448M->242M(754M) 2.415ms
[241.473s][info][gc,cpu         ] GC(638) User=0.00s Sys=0.00s Real=0.00s
[241.777s][info][gc,start       ] GC(639) Pause Young (Allocation Failure)
[241.780s][info][gc,heap        ] GC(639) PSYoungGen: 203328K(210432K)->64K(196096K) Eden: 203264K(203264K)->0K(195584K) From: 64K(7168K)->64K(512K)
[241.780s][info][gc,heap        ] GC(639) ParOldGen: 247809K(562176K)->247825K(562176K)
[241.780s][info][gc,metaspace   ] GC(639) Metaspace: 35229K(35904K)->35229K(35904K) NonClass: 28970K(29440K)->28970K(29440K) Class: 6259K(6464K)->6259K(6464K)
[241.780s][info][gc             ] GC(639) Pause Young (Allocation Failure) 440M->242M(740M) 2.676ms
[241.780s][info][gc,cpu         ] GC(639) User=0.01s Sys=0.00s Real=0.00s
[242.040s][info][gc,start       ] GC(640) Pause Young (Allocation Failure)
[242.072s][info][gc,heap        ] GC(640) PSYoungGen: 195648K(196096K)->6144K(241152K) Eden: 195584K(195584K)->0K(235008K) From: 64K(512K)->6144K(6144K)
[242.072s][info][gc,heap        ] GC(640) ParOldGen: 247825K(562176K)->259177K(562176K)
[242.072s][info][gc,metaspace   ] GC(640) Metaspace: 35229K(35904K)->35229K(35904K) NonClass: 28970K(29440K)->28970K(29440K) Class: 6259K(6464K)->6259K(6464K)
[242.072s][info][gc             ] GC(640) Pause Young (Allocation Failure) 433M->259M(784M) 31.445ms
[242.072s][info][gc,cpu         ] GC(640) User=0.05s Sys=0.00s Real=0.03s
[242.337s][info][gc,start       ] GC(641) Pause Young (Allocation Failure)
[242.392s][info][gc,heap        ] GC(641) PSYoungGen: 241152K(241152K)->6144K(258560K) Eden: 235008K(235008K)->0K(252416K) From: 6144K(6144K)->6144K(6144K)
[242.392s][info][gc,heap        ] GC(641) ParOldGen: 259177K(562176K)->278529K(562176K)
[242.392s][info][gc,metaspace   ] GC(641) Metaspace: 35229K(35904K)->35229K(35904K) NonClass: 28970K(29440K)->28970K(29440K) Class: 6259K(6464K)->6259K(6464K)
[242.392s][info][gc             ] GC(641) Pause Young (Allocation Failure) 488M->278M(801M) 55.005ms
[242.393s][info][gc,cpu         ] GC(641) User=0.10s Sys=0.00s Real=0.05s
[242.676s][info][gc,start       ] GC(642) Pause Young (Allocation Failure)
[242.722s][info][gc,heap        ] GC(642) PSYoungGen: 258560K(258560K)->19456K(271872K) Eden: 252416K(252416K)->0K(252416K) From: 6144K(6144K)->19456K(19456K)
[242.722s][info][gc,heap        ] GC(642) ParOldGen: 278529K(562176K)->286169K(562176K)
[242.722s][info][gc,metaspace   ] GC(642) Metaspace: 35229K(35904K)->35229K(35904K) NonClass: 28970K(29440K)->28970K(29440K) Class: 6259K(6464K)->6259K(6464K)
[242.722s][info][gc             ] GC(642) Pause Young (Allocation Failure) 524M->298M(814M) 46.696ms
[242.722s][info][gc,cpu         ] GC(642) User=0.10s Sys=0.00s Real=0.05s
[242.804s][info][gc,start       ] GC(643) Pause Young (Allocation Failure)
[242.807s][info][gc,heap        ] GC(643) PSYoungGen: 271872K(271872K)->64K(308224K) Eden: 252416K(252416K)->0K(281600K) From: 19456K(19456K)->64K(26624K)
[242.807s][info][gc,heap        ] GC(643) ParOldGen: 286169K(562176K)->286441K(562176K)
[242.807s][info][gc,metaspace   ] GC(643) Metaspace: 35229K(35904K)->35229K(35904K) NonClass: 28970K(29440K)->28970K(29440K) Class: 6259K(6464K)->6259K(6464K)
[242.807s][info][gc             ] GC(643) Pause Young (Allocation Failure) 544M->279M(850M) 3.205ms
[242.807s][info][gc,cpu         ] GC(643) User=0.01s Sys=0.00s Real=0.01s
[243.441s][info][gc,start       ] GC(644) Pause Young (Allocation Failure)
[243.442s][info][gc,heap        ] GC(644) PSYoungGen: 281664K(308224K)->64K(282112K) Eden: 281600K(281600K)->0K(281600K) From: 64K(26624K)->64K(512K)
[243.442s][info][gc,heap        ] GC(644) ParOldGen: 286441K(562176K)->286449K(562176K)
[243.442s][info][gc,metaspace   ] GC(644) Metaspace: 35229K(35904K)->35229K(35904K) NonClass: 28970K(29440K)->28970K(29440K) Class: 6259K(6464K)->6259K(6464K)
[243.442s][info][gc             ] GC(644) Pause Young (Allocation Failure) 554M->279M(824M) 1.271ms
[243.442s][info][gc,cpu         ] GC(644) User=0.00s Sys=0.00s Real=0.00s
[243.885s][info][gc,start       ] GC(645) Pause Young (Allocation Failure)
[243.886s][info][gc,heap        ] GC(645) PSYoungGen: 281664K(282112K)->64K(307200K) Eden: 281600K(281600K)->0K(282624K) From: 64K(512K)->64K(24576K)
[243.887s][info][gc,heap        ] GC(645) ParOldGen: 286449K(562176K)->286457K(562176K)
[243.887s][info][gc,metaspace   ] GC(645) Metaspace: 35229K(35904K)->35229K(35904K) NonClass: 28970K(29440K)->28970K(29440K) Class: 6259K(6464K)->6259K(6464K)
[243.887s][info][gc             ] GC(645) Pause Young (Allocation Failure) 554M->279M(849M) 1.358ms
[243.887s][info][gc,cpu         ] GC(645) User=0.00s Sys=0.00s Real=0.01s
[244.316s][info][gc,start       ] GC(646) Pause Young (Allocation Failure)
[244.318s][info][gc,heap        ] GC(646) PSYoungGen: 282688K(307200K)->64K(306176K) Eden: 282624K(282624K)->0K(282624K) From: 64K(24576K)->64K(23552K)
[244.318s][info][gc,heap        ] GC(646) ParOldGen: 286457K(562176K)->286473K(562176K)
[244.318s][info][gc,metaspace   ] GC(646) Metaspace: 35229K(35904K)->35229K(35904K) NonClass: 28970K(29440K)->28970K(29440K) Class: 6259K(6464K)->6259K(6464K)
[244.318s][info][gc             ] GC(646) Pause Young (Allocation Failure) 555M->279M(848M) 1.280ms
[244.318s][info][gc,cpu         ] GC(646) User=0.00s Sys=0.00s Real=0.00s
[244.541s][info][gc,start       ] GC(647) Pause Young (Allocation Failure)
[244.543s][info][gc,heap        ] GC(647) PSYoungGen: 282688K(306176K)->64K(309248K) Eden: 282624K(282624K)->0K(286720K) From: 64K(23552K)->64K(22528K)
[244.543s][info][gc,heap        ] GC(647) ParOldGen: 286473K(562176K)->286489K(562176K)
[244.543s][info][gc,metaspace   ] GC(647) Metaspace: 35229K(35904K)->35229K(35904K) NonClass: 28970K(29440K)->28970K(29440K) Class: 6259K(6464K)->6259K(6464K)
[244.543s][info][gc             ] GC(647) Pause Young (Allocation Failure) 555M->279M(851M) 1.239ms
[244.543s][info][gc,cpu         ] GC(647) User=0.00s Sys=0.00s Real=0.00s
[244.772s][info][gc,start       ] GC(648) Pause Young (Allocation Failure)
[244.773s][info][gc,heap        ] GC(648) PSYoungGen: 286784K(309248K)->64K(308224K) Eden: 286720K(286720K)->0K(286720K) From: 64K(22528K)->64K(21504K)
[244.774s][info][gc,heap        ] GC(648) ParOldGen: 286489K(562176K)->286489K(562176K)
[244.774s][info][gc,metaspace   ] GC(648) Metaspace: 35229K(35904K)->35229K(35904K) NonClass: 28970K(29440K)->28970K(29440K) Class: 6259K(6464K)->6259K(6464K)
[244.774s][info][gc             ] GC(648) Pause Young (Allocation Failure) 559M->279M(850M) 1.263ms
[244.774s][info][gc,cpu         ] GC(648) User=0.00s Sys=0.00s Real=0.00s
[245.131s][info][gc,start       ] GC(649) Pause Young (Allocation Failure)
[245.132s][info][gc,heap        ] GC(649) PSYoungGen: 286784K(308224K)->64K(311296K) Eden: 286720K(286720K)->0K(290816K) From: 64K(21504K)->64K(20480K)
[245.132s][info][gc,heap        ] GC(649) ParOldGen: 286489K(562176K)->286489K(562176K)
[245.132s][info][gc,metaspace   ] GC(649) Metaspace: 35229K(35904K)->35229K(35904K) NonClass: 28970K(29440K)->28970K(29440K) Class: 6259K(6464K)->6259K(6464K)
[245.132s][info][gc             ] GC(649) Pause Young (Allocation Failure) 559M->279M(853M) 1.222ms
[245.132s][info][gc,cpu         ] GC(649) User=0.00s Sys=0.00s Real=0.00s
[245.188s][info][gc,start       ] GC(650) Pause Young (Allocation Failure)
[245.189s][info][gc,heap        ] GC(650) PSYoungGen: 290880K(311296K)->64K(310272K) Eden: 290816K(290816K)->0K(290816K) From: 64K(20480K)->64K(19456K)
[245.189s][info][gc,heap        ] GC(650) ParOldGen: 286489K(562176K)->286505K(562176K)
[245.189s][info][gc,metaspace   ] GC(650) Metaspace: 35229K(35904K)->35229K(35904K) NonClass: 28970K(29440K)->28970K(29440K) Class: 6259K(6464K)->6259K(6464K)
[245.189s][info][gc             ] GC(650) Pause Young (Allocation Failure) 563M->279M(852M) 1.209ms
[245.189s][info][gc,cpu         ] GC(650) User=0.00s Sys=0.00s Real=0.00s
[245.242s][info][gc,start       ] GC(651) Pause Young (Allocation Failure)
[245.243s][info][gc,heap        ] GC(651) PSYoungGen: 290880K(310272K)->64K(313344K) Eden: 290816K(290816K)->0K(294912K) From: 64K(19456K)->64K(18432K)
[245.243s][info][gc,heap        ] GC(651) ParOldGen: 286505K(562176K)->286505K(562176K)
[245.243s][info][gc,metaspace   ] GC(651) Metaspace: 35229K(35904K)->35229K(35904K) NonClass: 28970K(29440K)->28970K(29440K) Class: 6259K(6464K)->6259K(6464K)
[245.243s][info][gc             ] GC(651) Pause Young (Allocation Failure) 563M->279M(855M) 1.189ms
[245.243s][info][gc,cpu         ] GC(651) User=0.00s Sys=0.00s Real=0.00s
[245.418s][info][gc,start       ] GC(652) Pause Young (Allocation Failure)
[245.420s][info][gc,heap        ] GC(652) PSYoungGen: 294976K(313344K)->64K(312320K) Eden: 294912K(294912K)->0K(294912K) From: 64K(18432K)->64K(17408K)
[245.420s][info][gc,heap        ] GC(652) ParOldGen: 286505K(562176K)->286505K(562176K)
[245.420s][info][gc,metaspace   ] GC(652) Metaspace: 35229K(35904K)->35229K(35904K) NonClass: 28970K(29440K)->28970K(29440K) Class: 6259K(6464K)->6259K(6464K)
[245.420s][info][gc             ] GC(652) Pause Young (Allocation Failure) 567M->279M(854M) 2.179ms
[245.420s][info][gc,cpu         ] GC(652) User=0.00s Sys=0.00s Real=0.00s
[245.631s][info][gc,start       ] GC(653) Pause Young (Allocation Failure)
[245.632s][info][gc,heap        ] GC(653) PSYoungGen: 294976K(312320K)->64K(315392K) Eden: 294912K(294912K)->0K(299008K) From: 64K(17408K)->64K(16384K)
[245.632s][info][gc,heap        ] GC(653) ParOldGen: 286505K(562176K)->286513K(562176K)
[245.632s][info][gc,metaspace   ] GC(653) Metaspace: 35229K(35904K)->35229K(35904K) NonClass: 28970K(29440K)->28970K(29440K) Class: 6259K(6464K)->6259K(6464K)
[245.632s][info][gc             ] GC(653) Pause Young (Allocation Failure) 567M->279M(857M) 1.812ms
[245.632s][info][gc,cpu         ] GC(653) User=0.00s Sys=0.00s Real=0.00s
[245.763s][info][gc,start       ] GC(654) Pause Young (Allocation Failure)
[245.764s][info][gc,heap        ] GC(654) PSYoungGen: 299072K(315392K)->64K(314368K) Eden: 299008K(299008K)->0K(299008K) From: 64K(16384K)->64K(15360K)
[245.764s][info][gc,heap        ] GC(654) ParOldGen: 286513K(562176K)->286521K(562176K)
[245.764s][info][gc,metaspace   ] GC(654) Metaspace: 35229K(35904K)->35229K(35904K) NonClass: 28970K(29440K)->28970K(29440K) Class: 6259K(6464K)->6259K(6464K)
[245.764s][info][gc             ] GC(654) Pause Young (Allocation Failure) 571M->279M(856M) 1.326ms
[245.764s][info][gc,cpu         ] GC(654) User=0.00s Sys=0.00s Real=0.00s
[245.854s][info][gc,start       ] GC(655) Pause Young (Allocation Failure)
[245.855s][info][gc,heap        ] GC(655) PSYoungGen: 299072K(314368K)->64K(316928K) Eden: 299008K(299008K)->0K(302592K) From: 64K(15360K)->64K(14336K)
[245.855s][info][gc,heap        ] GC(655) ParOldGen: 286521K(562176K)->286529K(562176K)
[245.855s][info][gc,metaspace   ] GC(655) Metaspace: 35229K(35904K)->35229K(35904K) NonClass: 28970K(29440K)->28970K(29440K) Class: 6259K(6464K)->6259K(6464K)
[245.855s][info][gc             ] GC(655) Pause Young (Allocation Failure) 571M->279M(858M) 1.337ms
[245.855s][info][gc,cpu         ] GC(655) User=0.00s Sys=0.00s Real=0.00s
[246.034s][info][gc,start       ] GC(656) Pause Young (Allocation Failure)
[246.035s][info][gc,heap        ] GC(656) PSYoungGen: 302656K(316928K)->64K(316416K) Eden: 302592K(302592K)->0K(302592K) From: 64K(14336K)->64K(13824K)
[246.035s][info][gc,heap        ] GC(656) ParOldGen: 286529K(562176K)->286537K(562176K)
[246.035s][info][gc,metaspace   ] GC(656) Metaspace: 35229K(35904K)->35229K(35904K) NonClass: 28970K(29440K)->28970K(29440K) Class: 6259K(6464K)->6259K(6464K)
[246.035s][info][gc             ] GC(656) Pause Young (Allocation Failure) 575M->279M(858M) 1.229ms
[246.035s][info][gc,cpu         ] GC(656) User=0.00s Sys=0.00s Real=0.00s
[246.994s][info][gc,start       ] GC(657) Pause Young (Allocation Failure)
[246.995s][info][gc,heap        ] GC(657) PSYoungGen: 302656K(316416K)->83K(290816K) Eden: 302592K(302592K)->0K(290304K) From: 64K(13824K)->83K(512K)
[246.995s][info][gc,heap        ] GC(657) ParOldGen: 286537K(562176K)->286545K(562176K)
[246.995s][info][gc,metaspace   ] GC(657) Metaspace: 35229K(35904K)->35229K(35904K) NonClass: 28970K(29440K)->28970K(29440K) Class: 6259K(6464K)->6259K(6464K)
[246.995s][info][gc             ] GC(657) Pause Young (Allocation Failure) 575M->279M(833M) 1.303ms
[246.995s][info][gc,cpu         ] GC(657) User=0.00s Sys=0.00s Real=0.00s
[247.888s][info][gc,start       ] GC(658) Pause Young (Allocation Failure)
[247.889s][info][gc,heap        ] GC(658) PSYoungGen: 290387K(290816K)->64K(290304K) Eden: 290304K(290304K)->0K(278528K) From: 83K(512K)->64K(11776K)
[247.889s][info][gc,heap        ] GC(658) ParOldGen: 286545K(562176K)->286553K(562176K)
[247.889s][info][gc,metaspace   ] GC(658) Metaspace: 35229K(35904K)->35229K(35904K) NonClass: 28970K(29440K)->28970K(29440K) Class: 6259K(6464K)->6259K(6464K)
[247.889s][info][gc             ] GC(658) Pause Young (Allocation Failure) 563M->279M(832M) 1.223ms
[247.889s][info][gc,cpu         ] GC(658) User=0.00s Sys=0.00s Real=0.00s
[248.210s][info][gc,start       ] GC(659) Pause Young (Allocation Failure)
[248.212s][info][gc,heap        ] GC(659) PSYoungGen: 278592K(290304K)->64K(267776K) Eden: 278528K(278528K)->0K(267264K) From: 64K(11776K)->64K(512K)
[248.212s][info][gc,heap        ] GC(659) ParOldGen: 286553K(562176K)->286561K(562176K)
[248.212s][info][gc,metaspace   ] GC(659) Metaspace: 35229K(35904K)->35229K(35904K) NonClass: 28970K(29440K)->28970K(29440K) Class: 6259K(6464K)->6259K(6464K)
[248.212s][info][gc             ] GC(659) Pause Young (Allocation Failure) 551M->279M(810M) 1.354ms
[248.212s][info][gc,cpu         ] GC(659) User=0.00s Sys=0.00s Real=0.00s
[248.616s][info][gc,start       ] GC(660) Pause Young (Allocation Failure)
[248.618s][info][gc,heap        ] GC(660) PSYoungGen: 267328K(267776K)->64K(267264K) Eden: 267264K(267264K)->0K(257024K) From: 64K(512K)->64K(10240K)
[248.618s][info][gc,heap        ] GC(660) ParOldGen: 286561K(562176K)->286569K(562176K)
[248.618s][info][gc,metaspace   ] GC(660) Metaspace: 35229K(35904K)->35229K(35904K) NonClass: 28970K(29440K)->28970K(29440K) Class: 6259K(6464K)->6259K(6464K)
[248.618s][info][gc             ] GC(660) Pause Young (Allocation Failure) 540M->279M(810M) 1.254ms
[248.618s][info][gc,cpu         ] GC(660) User=0.00s Sys=0.00s Real=0.00s
[249.560s][info][gc,start       ] GC(661) Pause Young (Allocation Failure)
[249.561s][info][gc,heap        ] GC(661) PSYoungGen: 257088K(267264K)->64K(247296K) Eden: 257024K(257024K)->0K(246784K) From: 64K(10240K)->64K(512K)
[249.561s][info][gc,heap        ] GC(661) ParOldGen: 286569K(562176K)->286577K(562176K)
[249.561s][info][gc,metaspace   ] GC(661) Metaspace: 35229K(35904K)->35229K(35904K) NonClass: 28970K(29440K)->28970K(29440K) Class: 6259K(6464K)->6259K(6464K)
[249.561s][info][gc             ] GC(661) Pause Young (Allocation Failure) 530M->279M(790M) 1.631ms
[249.561s][info][gc,cpu         ] GC(661) User=0.00s Sys=0.00s Real=0.00s
[249.919s][info][gc,start       ] GC(662) Pause Young (Allocation Failure)
[249.921s][info][gc,heap        ] GC(662) PSYoungGen: 246848K(247296K)->64K(246272K) Eden: 246784K(246784K)->0K(237056K) From: 64K(512K)->64K(9216K)
[249.921s][info][gc,heap        ] GC(662) ParOldGen: 286577K(562176K)->286585K(562176K)
[249.921s][info][gc,metaspace   ] GC(662) Metaspace: 35229K(35904K)->35229K(35904K) NonClass: 28970K(29440K)->28970K(29440K) Class: 6259K(6464K)->6259K(6464K)
[249.921s][info][gc             ] GC(662) Pause Young (Allocation Failure) 520M->279M(789M) 1.751ms
[249.921s][info][gc,cpu         ] GC(662) User=0.00s Sys=0.00s Real=0.00s
[250.064s][info][gc,start       ] GC(663) Pause Young (Allocation Failure)
[250.066s][info][gc,heap        ] GC(663) PSYoungGen: 237120K(246272K)->64K(228352K) Eden: 237056K(237056K)->0K(227840K) From: 64K(9216K)->64K(512K)
[250.066s][info][gc,heap        ] GC(663) ParOldGen: 286585K(562176K)->286593K(562176K)
[250.066s][info][gc,metaspace   ] GC(663) Metaspace: 35229K(35904K)->35229K(35904K) NonClass: 28970K(29440K)->28970K(29440K) Class: 6259K(6464K)->6259K(6464K)
[250.066s][info][gc             ] GC(663) Pause Young (Allocation Failure) 511M->279M(772M) 2.064ms
[250.066s][info][gc,cpu         ] GC(663) User=0.00s Sys=0.00s Real=0.00s
[250.295s][info][gc,start       ] GC(664) Pause Young (Allocation Failure)
[250.297s][info][gc,heap        ] GC(664) PSYoungGen: 227904K(228352K)->64K(226816K) Eden: 227840K(227840K)->0K(219136K) From: 64K(512K)->64K(7680K)
[250.297s][info][gc,heap        ] GC(664) ParOldGen: 286593K(562176K)->286601K(562176K)
[250.297s][info][gc,metaspace   ] GC(664) Metaspace: 35229K(35904K)->35229K(35904K) NonClass: 28970K(29440K)->28970K(29440K) Class: 6259K(6464K)->6259K(6464K)
[250.297s][info][gc             ] GC(664) Pause Young (Allocation Failure) 502M->279M(770M) 1.576ms
[250.297s][info][gc,cpu         ] GC(664) User=0.00s Sys=0.00s Real=0.01s
[250.824s][info][gc,start       ] GC(665) Pause Young (Allocation Failure)
[250.827s][info][gc,heap        ] GC(665) PSYoungGen: 219200K(226816K)->64K(211456K) Eden: 219136K(219136K)->0K(210944K) From: 64K(7680K)->64K(512K)
[250.827s][info][gc,heap        ] GC(665) ParOldGen: 286601K(562176K)->286609K(562176K)
[250.827s][info][gc,metaspace   ] GC(665) Metaspace: 35285K(35968K)->35285K(35968K) NonClass: 29025K(29504K)->29025K(29504K) Class: 6259K(6464K)->6259K(6464K)
[250.827s][info][gc             ] GC(665) Pause Young (Allocation Failure) 493M->279M(755M) 3.283ms
[250.827s][info][gc,cpu         ] GC(665) User=0.00s Sys=0.00s Real=0.01s
[251.115s][info][gc,start       ] GC(666) Pause Young (Allocation Failure)
[251.117s][info][gc,heap        ] GC(666) PSYoungGen: 211008K(211456K)->64K(209920K) Eden: 210944K(210944K)->0K(203264K) From: 64K(512K)->64K(6656K)
[251.117s][info][gc,heap        ] GC(666) ParOldGen: 286609K(562176K)->286617K(562176K)
[251.117s][info][gc,metaspace   ] GC(666) Metaspace: 35285K(35968K)->35285K(35968K) NonClass: 29025K(29504K)->29025K(29504K) Class: 6259K(6464K)->6259K(6464K)
[251.117s][info][gc             ] GC(666) Pause Young (Allocation Failure) 485M->279M(754M) 2.193ms
[251.117s][info][gc,cpu         ] GC(666) User=0.00s Sys=0.00s Real=0.01s
[251.400s][info][gc,start       ] GC(667) Pause Young (Allocation Failure)
[251.428s][info][gc,heap        ] GC(667) PSYoungGen: 203328K(209920K)->6144K(250368K) Eden: 203264K(203264K)->0K(244224K) From: 64K(6656K)->6144K(6144K)
[251.428s][info][gc,heap        ] GC(667) ParOldGen: 286617K(562176K)->296881K(562176K)
[251.428s][info][gc,metaspace   ] GC(667) Metaspace: 35285K(35968K)->35285K(35968K) NonClass: 29025K(29504K)->29025K(29504K) Class: 6259K(6464K)->6259K(6464K)
[251.428s][info][gc             ] GC(667) Pause Young (Allocation Failure) 478M->295M(793M) 28.050ms
[251.428s][info][gc,cpu         ] GC(667) User=0.05s Sys=0.00s Real=0.03s
[251.699s][info][gc,start       ] GC(668) Pause Young (Allocation Failure)
[251.744s][info][gc,heap        ] GC(668) PSYoungGen: 250368K(250368K)->11776K(272896K) Eden: 244224K(244224K)->0K(261120K) From: 6144K(6144K)->11776K(11776K)
[251.744s][info][gc,heap        ] GC(668) ParOldGen: 296881K(562176K)->311529K(562176K)
[251.744s][info][gc,metaspace   ] GC(668) Metaspace: 35285K(35968K)->35285K(35968K) NonClass: 29025K(29504K)->29025K(29504K) Class: 6259K(6464K)->6259K(6464K)
[251.744s][info][gc             ] GC(668) Pause Young (Allocation Failure) 534M->315M(815M) 45.321ms
[251.744s][info][gc,cpu         ] GC(668) User=0.09s Sys=0.00s Real=0.04s
[252.025s][info][gc,start       ] GC(669) Pause Young (Allocation Failure)
[252.080s][info][gc,heap        ] GC(669) PSYoungGen: 272896K(272896K)->19456K(300032K) Eden: 261120K(261120K)->0K(280576K) From: 11776K(11776K)->19456K(19456K)
[252.080s][info][gc,heap        ] GC(669) ParOldGen: 311529K(562176K)->319105K(562176K)
[252.080s][info][gc,metaspace   ] GC(669) Metaspace: 35285K(35968K)->35285K(35968K) NonClass: 29025K(29504K)->29025K(29504K) Class: 6259K(6464K)->6259K(6464K)
[252.080s][info][gc             ] GC(669) Pause Young (Allocation Failure) 570M->330M(842M) 55.312ms
[252.080s][info][gc,cpu         ] GC(669) User=0.09s Sys=0.01s Real=0.06s
[252.181s][info][gc,start       ] GC(670) Pause Young (Allocation Failure)
[252.184s][info][gc,heap        ] GC(670) PSYoungGen: 300032K(300032K)->64K(307200K) Eden: 280576K(280576K)->0K(280576K) From: 19456K(19456K)->64K(26624K)
[252.184s][info][gc,heap        ] GC(670) ParOldGen: 319105K(562176K)->319377K(562176K)
[252.184s][info][gc,metaspace   ] GC(670) Metaspace: 35285K(35968K)->35285K(35968K) NonClass: 29025K(29504K)->29025K(29504K) Class: 6259K(6464K)->6259K(6464K)
[252.184s][info][gc             ] GC(670) Pause Young (Allocation Failure) 604M->311M(849M) 3.280ms
[252.184s][info][gc,cpu         ] GC(670) User=0.01s Sys=0.00s Real=0.00s
[252.875s][info][gc,start       ] GC(671) Pause Young (Allocation Failure)
[252.876s][info][gc,heap        ] GC(671) PSYoungGen: 280640K(307200K)->64K(304128K) Eden: 280576K(280576K)->0K(281600K) From: 64K(26624K)->64K(22528K)
[252.876s][info][gc,heap        ] GC(671) ParOldGen: 319377K(562176K)->319385K(562176K)
[252.876s][info][gc,metaspace   ] GC(671) Metaspace: 35285K(35968K)->35285K(35968K) NonClass: 29025K(29504K)->29025K(29504K) Class: 6259K(6464K)->6259K(6464K)
[252.876s][info][gc             ] GC(671) Pause Young (Allocation Failure) 585M->311M(846M) 1.440ms
[252.876s][info][gc,cpu         ] GC(671) User=0.01s Sys=0.00s Real=0.01s
[253.250s][info][gc,start       ] GC(672) Pause Young (Allocation Failure)
[253.252s][info][gc,heap        ] GC(672) PSYoungGen: 281664K(304128K)->64K(306176K) Eden: 281600K(281600K)->0K(281600K) From: 64K(22528K)->64K(24576K)
[253.252s][info][gc,heap        ] GC(672) ParOldGen: 319385K(562176K)->319393K(562176K)
[253.252s][info][gc,metaspace   ] GC(672) Metaspace: 35285K(35968K)->35285K(35968K) NonClass: 29025K(29504K)->29025K(29504K) Class: 6259K(6464K)->6259K(6464K)
[253.252s][info][gc             ] GC(672) Pause Young (Allocation Failure) 586M->311M(848M) 1.457ms
[253.252s][info][gc,cpu         ] GC(672) User=0.00s Sys=0.00s Real=0.00s
[253.685s][info][gc,start       ] GC(673) Pause Young (Allocation Failure)
[253.687s][info][gc,heap        ] GC(673) PSYoungGen: 281664K(306176K)->64K(306688K) Eden: 281600K(281600K)->0K(285184K) From: 64K(24576K)->64K(21504K)
[253.687s][info][gc,heap        ] GC(673) ParOldGen: 319393K(562176K)->319409K(562176K)
[253.687s][info][gc,metaspace   ] GC(673) Metaspace: 35285K(35968K)->35285K(35968K) NonClass: 29025K(29504K)->29025K(29504K) Class: 6259K(6464K)->6259K(6464K)
[253.687s][info][gc             ] GC(673) Pause Young (Allocation Failure) 586M->311M(848M) 1.391ms
[253.687s][info][gc,cpu         ] GC(673) User=0.00s Sys=0.00s Real=0.01s
[253.913s][info][gc,start       ] GC(674) Pause Young (Allocation Failure)
[253.914s][info][gc,heap        ] GC(674) PSYoungGen: 285248K(306688K)->64K(308224K) Eden: 285184K(285184K)->0K(285184K) From: 64K(21504K)->64K(23040K)
[253.914s][info][gc,heap        ] GC(674) ParOldGen: 319409K(562176K)->319425K(562176K)
[253.914s][info][gc,metaspace   ] GC(674) Metaspace: 35285K(35968K)->35285K(35968K) NonClass: 29025K(29504K)->29025K(29504K) Class: 6259K(6464K)->6259K(6464K)
[253.914s][info][gc             ] GC(674) Pause Young (Allocation Failure) 590M->312M(850M) 1.457ms
[253.915s][info][gc,cpu         ] GC(674) User=0.00s Sys=0.00s Real=0.00s
[254.140s][info][gc,start       ] GC(675) Pause Young (Allocation Failure)
[254.141s][info][gc,heap        ] GC(675) PSYoungGen: 285248K(308224K)->64K(307200K) Eden: 285184K(285184K)->0K(288768K) From: 64K(23040K)->64K(18432K)
[254.141s][info][gc,heap        ] GC(675) ParOldGen: 319425K(562176K)->319425K(562176K)
[254.141s][info][gc,metaspace   ] GC(675) Metaspace: 35285K(35968K)->35285K(35968K) NonClass: 29025K(29504K)->29025K(29504K) Class: 6259K(6464K)->6259K(6464K)
[254.141s][info][gc             ] GC(675) Pause Young (Allocation Failure) 590M->312M(849M) 1.498ms
[254.141s][info][gc,cpu         ] GC(675) User=0.01s Sys=0.00s Real=0.00s
[254.480s][info][gc,start       ] GC(676) Pause Young (Allocation Failure)
[254.481s][info][gc,heap        ] GC(676) PSYoungGen: 288832K(307200K)->64K(309248K) Eden: 288768K(288768K)->0K(288768K) From: 64K(18432K)->64K(20480K)
[254.481s][info][gc,heap        ] GC(676) ParOldGen: 319425K(562176K)->319425K(562176K)
[254.481s][info][gc,metaspace   ] GC(676) Metaspace: 35285K(35968K)->35285K(35968K) NonClass: 29025K(29504K)->29025K(29504K) Class: 6259K(6464K)->6259K(6464K)
[254.481s][info][gc             ] GC(676) Pause Young (Allocation Failure) 594M->312M(851M) 1.321ms
[254.481s][info][gc,cpu         ] GC(676) User=0.00s Sys=0.00s Real=0.00s
[254.534s][info][gc,start       ] GC(677) Pause Young (Allocation Failure)
[254.535s][info][gc,heap        ] GC(677) PSYoungGen: 288832K(309248K)->64K(310272K) Eden: 288768K(288768K)->0K(293888K) From: 64K(20480K)->64K(16384K)
[254.535s][info][gc,heap        ] GC(677) ParOldGen: 319425K(562176K)->319441K(562176K)
[254.535s][info][gc,metaspace   ] GC(677) Metaspace: 35285K(35968K)->35285K(35968K) NonClass: 29025K(29504K)->29025K(29504K) Class: 6259K(6464K)->6259K(6464K)
[254.535s][info][gc             ] GC(677) Pause Young (Allocation Failure) 594M->312M(852M) 1.282ms
[254.535s][info][gc,cpu         ] GC(677) User=0.00s Sys=0.00s Real=0.00s
[254.592s][info][gc,start       ] GC(678) Pause Young (Allocation Failure)
[254.593s][info][gc,heap        ] GC(678) PSYoungGen: 293952K(310272K)->64K(312320K) Eden: 293888K(293888K)->0K(293888K) From: 64K(16384K)->64K(18432K)
[254.593s][info][gc,heap        ] GC(678) ParOldGen: 319441K(562176K)->319441K(562176K)
[254.593s][info][gc,metaspace   ] GC(678) Metaspace: 35285K(35968K)->35285K(35968K) NonClass: 29025K(29504K)->29025K(29504K) Class: 6259K(6464K)->6259K(6464K)
[254.593s][info][gc             ] GC(678) Pause Young (Allocation Failure) 599M->312M(854M) 1.313ms
[254.593s][info][gc,cpu         ] GC(678) User=0.01s Sys=0.00s Real=0.00s
[254.789s][info][gc,start       ] GC(679) Pause Young (Allocation Failure)
[254.791s][info][gc,heap        ] GC(679) PSYoungGen: 293952K(312320K)->32K(312320K) Eden: 293888K(293888K)->0K(297984K) From: 64K(18432K)->32K(14336K)
[254.791s][info][gc,heap        ] GC(679) ParOldGen: 319441K(562176K)->319441K(562176K)
[254.791s][info][gc,metaspace   ] GC(679) Metaspace: 35285K(35968K)->35285K(35968K) NonClass: 29025K(29504K)->29025K(29504K) Class: 6259K(6464K)->6259K(6464K)
[254.791s][info][gc             ] GC(679) Pause Young (Allocation Failure) 599M->311M(854M) 2.230ms
[254.791s][info][gc,cpu         ] GC(679) User=0.00s Sys=0.00s Real=0.00s
[255.007s][info][gc,start       ] GC(680) Pause Young (Allocation Failure)
[255.008s][info][gc,heap        ] GC(680) PSYoungGen: 298016K(312320K)->64K(314368K) Eden: 297984K(297984K)->0K(297984K) From: 32K(14336K)->64K(16384K)
[255.008s][info][gc,heap        ] GC(680) ParOldGen: 319441K(562176K)->319449K(562176K)
[255.008s][info][gc,metaspace   ] GC(680) Metaspace: 35285K(35968K)->35285K(35968K) NonClass: 29025K(29504K)->29025K(29504K) Class: 6259K(6464K)->6259K(6464K)
[255.008s][info][gc             ] GC(680) Pause Young (Allocation Failure) 602M->312M(856M) 1.394ms
[255.008s][info][gc,cpu         ] GC(680) User=0.01s Sys=0.00s Real=0.00s
[255.118s][info][gc,start       ] GC(681) Pause Young (Allocation Failure)
[255.120s][info][gc,heap        ] GC(681) PSYoungGen: 298048K(314368K)->64K(315392K) Eden: 297984K(297984K)->0K(302080K) From: 64K(16384K)->64K(13312K)
[255.120s][info][gc,heap        ] GC(681) ParOldGen: 319449K(562176K)->319465K(562176K)
[255.120s][info][gc,metaspace   ] GC(681) Metaspace: 35285K(35968K)->35285K(35968K) NonClass: 29025K(29504K)->29025K(29504K) Class: 6259K(6464K)->6259K(6464K)
[255.120s][info][gc             ] GC(681) Pause Young (Allocation Failure) 603M->312M(857M) 1.778ms
[255.120s][info][gc,cpu         ] GC(681) User=0.01s Sys=0.00s Real=0.00s
[255.226s][info][gc,start       ] GC(682) Pause Young (Allocation Failure)
[255.228s][info][gc,heap        ] GC(682) PSYoungGen: 302144K(315392K)->32K(316928K) Eden: 302080K(302080K)->0K(302080K) From: 64K(13312K)->32K(14848K)
[255.228s][info][gc,heap        ] GC(682) ParOldGen: 319465K(562176K)->319481K(562176K)
[255.228s][info][gc,metaspace   ] GC(682) Metaspace: 35285K(35968K)->35285K(35968K) NonClass: 29025K(29504K)->29025K(29504K) Class: 6259K(6464K)->6259K(6464K)
[255.228s][info][gc             ] GC(682) Pause Young (Allocation Failure) 607M->312M(858M) 1.646ms
[255.228s][info][gc,cpu         ] GC(682) User=0.00s Sys=0.00s Real=0.00s
[255.452s][info][gc,start       ] GC(683) Pause Young (Allocation Failure)
[255.454s][info][gc,heap        ] GC(683) PSYoungGen: 302112K(316928K)->64K(316416K) Eden: 302080K(302080K)->0K(305152K) From: 32K(14848K)->64K(11264K)
[255.454s][info][gc,heap        ] GC(683) ParOldGen: 319481K(562176K)->319489K(562176K)
[255.454s][info][gc,metaspace   ] GC(683) Metaspace: 35285K(35968K)->35285K(35968K) NonClass: 29025K(29504K)->29025K(29504K) Class: 6259K(6464K)->6259K(6464K)
[255.454s][info][gc             ] GC(683) Pause Young (Allocation Failure) 607M->312M(858M) 1.702ms
[255.454s][info][gc,cpu         ] GC(683) User=0.00s Sys=0.00s Real=0.00s
[256.365s][info][gc,start       ] GC(684) Pause Young (Allocation Failure)
[256.367s][info][gc,heap        ] GC(684) PSYoungGen: 305216K(316416K)->64K(293376K) Eden: 305152K(305152K)->0K(292864K) From: 64K(11264K)->64K(512K)
[256.367s][info][gc,heap        ] GC(684) ParOldGen: 319489K(562176K)->319497K(562176K)
[256.367s][info][gc,metaspace   ] GC(684) Metaspace: 35285K(35968K)->35285K(35968K) NonClass: 29025K(29504K)->29025K(29504K) Class: 6259K(6464K)->6259K(6464K)
[256.367s][info][gc             ] GC(684) Pause Young (Allocation Failure) 610M->312M(835M) 2.057ms
[256.367s][info][gc,cpu         ] GC(684) User=0.01s Sys=0.00s Real=0.01s
[257.295s][info][gc,start       ] GC(685) Pause Young (Allocation Failure)
[257.297s][info][gc,heap        ] GC(685) PSYoungGen: 292928K(293376K)->64K(281600K) Eden: 292864K(292864K)->0K(281088K) From: 64K(512K)->64K(512K)
[257.297s][info][gc,heap        ] GC(685) ParOldGen: 319497K(562176K)->319505K(562176K)
[257.297s][info][gc,metaspace   ] GC(685) Metaspace: 35285K(35968K)->35285K(35968K) NonClass: 29025K(29504K)->29025K(29504K) Class: 6259K(6464K)->6259K(6464K)
[257.297s][info][gc             ] GC(685) Pause Young (Allocation Failure) 598M->312M(824M) 2.216ms
[257.297s][info][gc,cpu         ] GC(685) User=0.00s Sys=0.00s Real=0.01s
[257.680s][info][gc,start       ] GC(686) Pause Young (Allocation Failure)
[257.682s][info][gc,heap        ] GC(686) PSYoungGen: 281152K(281600K)->64K(281088K) Eden: 281088K(281088K)->0K(269824K) From: 64K(512K)->64K(11264K)
[257.682s][info][gc,heap        ] GC(686) ParOldGen: 319505K(562176K)->319513K(562176K)
[257.682s][info][gc,metaspace   ] GC(686) Metaspace: 35285K(35968K)->35285K(35968K) NonClass: 29025K(29504K)->29025K(29504K) Class: 6259K(6464K)->6259K(6464K)
[257.682s][info][gc             ] GC(686) Pause Young (Allocation Failure) 586M->312M(823M) 1.570ms
[257.682s][info][gc,cpu         ] GC(686) User=0.00s Sys=0.00s Real=0.00s
[258.034s][info][gc,start       ] GC(687) Pause Young (Allocation Failure)
[258.037s][info][gc,heap        ] GC(687) PSYoungGen: 269888K(281088K)->64K(259584K) Eden: 269824K(269824K)->0K(259072K) From: 64K(11264K)->64K(512K)
[258.037s][info][gc,heap        ] GC(687) ParOldGen: 319513K(562176K)->319529K(562176K)
[258.037s][info][gc,metaspace   ] GC(687) Metaspace: 35285K(35968K)->35285K(35968K) NonClass: 29025K(29504K)->29025K(29504K) Class: 6259K(6464K)->6259K(6464K)
[258.037s][info][gc             ] GC(687) Pause Young (Allocation Failure) 575M->312M(802M) 3.002ms
[258.037s][info][gc,cpu         ] GC(687) User=0.01s Sys=0.00s Real=0.01s
[259.038s][info][gc,start       ] GC(688) Pause Young (Allocation Failure)
[259.041s][info][gc,heap        ] GC(688) PSYoungGen: 259135K(259584K)->64K(258560K) Eden: 259071K(259072K)->0K(248832K) From: 64K(512K)->64K(9728K)
[259.041s][info][gc,heap        ] GC(688) ParOldGen: 319529K(562176K)->319545K(562176K)
[259.041s][info][gc,metaspace   ] GC(688) Metaspace: 35285K(35968K)->35285K(35968K) NonClass: 29025K(29504K)->29025K(29504K) Class: 6259K(6464K)->6259K(6464K)
[259.041s][info][gc             ] GC(688) Pause Young (Allocation Failure) 565M->312M(801M) 2.326ms
[259.041s][info][gc,cpu         ] GC(688) User=0.01s Sys=0.00s Real=0.00s
[259.408s][info][gc,start       ] GC(689) Pause Young (Allocation Failure)
[259.412s][info][gc,heap        ] GC(689) PSYoungGen: 248896K(258560K)->64K(239616K) Eden: 248832K(248832K)->0K(239104K) From: 64K(9728K)->64K(512K)
[259.412s][info][gc,heap        ] GC(689) ParOldGen: 319545K(562176K)->319561K(562176K)
[259.412s][info][gc,metaspace   ] GC(689) Metaspace: 35285K(35968K)->35285K(35968K) NonClass: 29025K(29504K)->29025K(29504K) Class: 6259K(6464K)->6259K(6464K)
[259.412s][info][gc             ] GC(689) Pause Young (Allocation Failure) 555M->312M(783M) 3.388ms
[259.412s][info][gc,cpu         ] GC(689) User=0.00s Sys=0.00s Real=0.00s
[259.510s][info][gc,start       ] GC(690) Pause Young (Allocation Failure)
[259.512s][info][gc,heap        ] GC(690) PSYoungGen: 239168K(239616K)->64K(238592K) Eden: 239104K(239104K)->0K(229888K) From: 64K(512K)->64K(8704K)
[259.512s][info][gc,heap        ] GC(690) ParOldGen: 319561K(562176K)->319569K(562176K)
[259.512s][info][gc,metaspace   ] GC(690) Metaspace: 35285K(35968K)->35285K(35968K) NonClass: 29025K(29504K)->29025K(29504K) Class: 6259K(6464K)->6259K(6464K)
[259.512s][info][gc             ] GC(690) Pause Young (Allocation Failure) 545M->312M(782M) 2.213ms
[259.512s][info][gc,cpu         ] GC(690) User=0.00s Sys=0.00s Real=0.00s
[259.899s][info][gc,start       ] GC(691) Pause Young (Allocation Failure)
[259.902s][info][gc,heap        ] GC(691) PSYoungGen: 229952K(238592K)->64K(221696K) Eden: 229888K(229888K)->0K(221184K) From: 64K(8704K)->64K(512K)
[259.902s][info][gc,heap        ] GC(691) ParOldGen: 319569K(562176K)->319577K(562176K)
[259.902s][info][gc,metaspace   ] GC(691) Metaspace: 35285K(35968K)->35285K(35968K) NonClass: 29025K(29504K)->29025K(29504K) Class: 6259K(6464K)->6259K(6464K)
[259.902s][info][gc             ] GC(691) Pause Young (Allocation Failure) 536M->312M(765M) 2.989ms
[259.902s][info][gc,cpu         ] GC(691) User=0.00s Sys=0.00s Real=0.00s
[260.288s][info][gc,start       ] GC(692) Pause Young (Allocation Failure)
[260.289s][info][gc,heap        ] GC(692) PSYoungGen: 221248K(221696K)->32K(220160K) Eden: 221184K(221184K)->0K(212992K) From: 64K(512K)->32K(7168K)
[260.289s][info][gc,heap        ] GC(692) ParOldGen: 319577K(562176K)->319585K(562176K)
[260.289s][info][gc,metaspace   ] GC(692) Metaspace: 35285K(35968K)->35285K(35968K) NonClass: 29025K(29504K)->29025K(29504K) Class: 6259K(6464K)->6259K(6464K)
[260.289s][info][gc             ] GC(692) Pause Young (Allocation Failure) 528M->312M(764M) 1.919ms
[260.290s][info][gc,cpu         ] GC(692) User=0.00s Sys=0.00s Real=0.00s
[260.659s][info][gc,start       ] GC(693) Pause Young (Allocation Failure)
[260.664s][info][gc,heap        ] GC(693) PSYoungGen: 213023K(220160K)->1600K(207360K) Eden: 212991K(212992K)->0K(205312K) From: 32K(7168K)->1600K(2048K)
[260.664s][info][gc,heap        ] GC(693) ParOldGen: 319585K(562176K)->319593K(562176K)
[260.664s][info][gc,metaspace   ] GC(693) Metaspace: 35285K(35968K)->35285K(35968K) NonClass: 29025K(29504K)->29025K(29504K) Class: 6259K(6464K)->6259K(6464K)
[260.664s][info][gc             ] GC(693) Pause Young (Allocation Failure) 520M->313M(751M) 4.683ms
[260.664s][info][gc,cpu         ] GC(693) User=0.01s Sys=0.00s Real=0.00s
[260.898s][info][gc,start       ] GC(694) Pause Young (Allocation Failure)
[260.953s][info][gc,heap        ] GC(694) PSYoungGen: 206912K(207360K)->6656K(253440K) Eden: 205312K(205312K)->0K(246784K) From: 1600K(2048K)->6656K(6656K)
[260.953s][info][gc,heap        ] GC(694) ParOldGen: 319593K(562176K)->334833K(562176K)
[260.953s][info][gc,metaspace   ] GC(694) Metaspace: 35285K(35968K)->35285K(35968K) NonClass: 29025K(29504K)->29025K(29504K) Class: 6259K(6464K)->6259K(6464K)
[260.953s][info][gc             ] GC(694) Pause Young (Allocation Failure) 514M->333M(796M) 54.736ms
[260.953s][info][gc,cpu         ] GC(694) User=0.07s Sys=0.00s Real=0.05s
[261.235s][info][gc,start       ] GC(695) Pause Young (Allocation Failure)
[261.282s][info][gc,heap        ] GC(695) PSYoungGen: 253440K(253440K)->5120K(255488K) Eden: 246784K(246784K)->0K(250368K) From: 6656K(6656K)->5120K(5120K)
[261.282s][info][gc,heap        ] GC(695) ParOldGen: 334833K(562176K)->356609K(562176K)
[261.282s][info][gc,metaspace   ] GC(695) Metaspace: 35285K(35968K)->35285K(35968K) NonClass: 29025K(29504K)->29025K(29504K) Class: 6259K(6464K)->6259K(6464K)
[261.282s][info][gc             ] GC(695) Pause Young (Allocation Failure) 574M->353M(798M) 47.439ms
[261.282s][info][gc,cpu         ] GC(695) User=0.09s Sys=0.00s Real=0.05s
[261.505s][info][gc,start       ] GC(696) Pause Young (Allocation Failure)
[261.541s][info][gc,heap        ] GC(696) PSYoungGen: 255488K(255488K)->19200K(271872K) Eden: 250368K(250368K)->0K(250368K) From: 5120K(5120K)->19200K(21504K)
[261.541s][info][gc,heap        ] GC(696) ParOldGen: 356609K(562176K)->357409K(562176K)
[261.541s][info][gc,metaspace   ] GC(696) Metaspace: 35285K(35968K)->35285K(35968K) NonClass: 29025K(29504K)->29025K(29504K) Class: 6259K(6464K)->6259K(6464K)
[261.541s][info][gc             ] GC(696) Pause Young (Allocation Failure) 597M->367M(814M) 35.997ms
[261.541s][info][gc,cpu         ] GC(696) User=0.07s Sys=0.00s Real=0.04s
[261.674s][info][gc,start       ] GC(697) Pause Young (Allocation Failure)
[261.675s][info][gc,heap        ] GC(697) PSYoungGen: 269568K(271872K)->64K(309248K) Eden: 250368K(250368K)->0K(284160K) From: 19200K(21504K)->64K(25088K)
[261.675s][info][gc,heap        ] GC(697) ParOldGen: 357409K(562176K)->357417K(562176K)
[261.675s][info][gc,metaspace   ] GC(697) Metaspace: 35285K(35968K)->35285K(35968K) NonClass: 29025K(29504K)->29025K(29504K) Class: 6259K(6464K)->6259K(6464K)
[261.675s][info][gc             ] GC(697) Pause Young (Allocation Failure) 612M->349M(851M) 1.427ms
[261.675s][info][gc,cpu         ] GC(697) User=0.00s Sys=0.00s Real=0.00s
[262.418s][info][gc,start       ] GC(698) Pause Young (Allocation Failure)
[262.420s][info][gc,heap        ] GC(698) PSYoungGen: 284224K(309248K)->64K(284672K) Eden: 284160K(284160K)->0K(284160K) From: 64K(25088K)->64K(512K)
[262.420s][info][gc,heap        ] GC(698) ParOldGen: 357417K(562176K)->357433K(562176K)
[262.420s][info][gc,metaspace   ] GC(698) Metaspace: 35285K(35968K)->35285K(35968K) NonClass: 29025K(29504K)->29025K(29504K) Class: 6259K(6464K)->6259K(6464K)
[262.420s][info][gc             ] GC(698) Pause Young (Allocation Failure) 626M->349M(827M) 1.447ms
[262.420s][info][gc,cpu         ] GC(698) User=0.00s Sys=0.00s Real=0.00s
[262.740s][info][gc,start       ] GC(699) Pause Young (Allocation Failure)
[262.741s][info][gc,heap        ] GC(699) PSYoungGen: 284224K(284672K)->64K(308736K) Eden: 284160K(284160K)->0K(285184K) From: 64K(512K)->64K(23552K)
[262.741s][info][gc,heap        ] GC(699) ParOldGen: 357433K(562176K)->357433K(562176K)
[262.741s][info][gc,metaspace   ] GC(699) Metaspace: 35285K(35968K)->35285K(35968K) NonClass: 29025K(29504K)->29025K(29504K) Class: 6259K(6464K)->6259K(6464K)
[262.741s][info][gc             ] GC(699) Pause Young (Allocation Failure) 626M->349M(850M) 1.458ms
[262.741s][info][gc,cpu         ] GC(699) User=0.00s Sys=0.00s Real=0.00s
[263.192s][info][gc,start       ] GC(700) Pause Young (Allocation Failure)
[263.193s][info][gc,heap        ] GC(700) PSYoungGen: 285248K(308736K)->64K(307712K) Eden: 285184K(285184K)->0K(285184K) From: 64K(23552K)->64K(22528K)
[263.193s][info][gc,heap        ] GC(700) ParOldGen: 357433K(562176K)->357449K(562176K)
[263.193s][info][gc,metaspace   ] GC(700) Metaspace: 35285K(35968K)->35285K(35968K) NonClass: 29025K(29504K)->29025K(29504K) Class: 6259K(6464K)->6259K(6464K)
[263.193s][info][gc             ] GC(700) Pause Young (Allocation Failure) 627M->349M(849M) 1.426ms
[263.193s][info][gc,cpu         ] GC(700) User=0.01s Sys=0.00s Real=0.00s
[263.422s][info][gc,start       ] GC(701) Pause Young (Allocation Failure)
[263.424s][info][gc,heap        ] GC(701) PSYoungGen: 285248K(307712K)->64K(310272K) Eden: 285184K(285184K)->0K(288768K) From: 64K(22528K)->64K(21504K)
[263.424s][info][gc,heap        ] GC(701) ParOldGen: 357449K(562176K)->357465K(562176K)
[263.424s][info][gc,metaspace   ] GC(701) Metaspace: 35285K(35968K)->35285K(35968K) NonClass: 29025K(29504K)->29025K(29504K) Class: 6259K(6464K)->6259K(6464K)
[263.424s][info][gc             ] GC(701) Pause Young (Allocation Failure) 627M->349M(852M) 1.451ms
[263.424s][info][gc,cpu         ] GC(701) User=0.01s Sys=0.00s Real=0.00s
[263.659s][info][gc,start       ] GC(702) Pause Young (Allocation Failure)
[263.660s][info][gc,heap        ] GC(702) PSYoungGen: 288832K(310272K)->64K(309760K) Eden: 288768K(288768K)->0K(288768K) From: 64K(21504K)->64K(20992K)
[263.660s][info][gc,heap        ] GC(702) ParOldGen: 357465K(562176K)->357465K(562176K)
[263.660s][info][gc,metaspace   ] GC(702) Metaspace: 35285K(35968K)->35285K(35968K) NonClass: 29025K(29504K)->29025K(29504K) Class: 6259K(6464K)->6259K(6464K)
[263.660s][info][gc             ] GC(702) Pause Young (Allocation Failure) 631M->349M(851M) 1.411ms
[263.660s][info][gc,cpu         ] GC(702) User=0.00s Sys=0.00s Real=0.00s
[263.981s][info][gc,start       ] GC(703) Pause Young (Allocation Failure)
[263.982s][info][gc,heap        ] GC(703) PSYoungGen: 288832K(309760K)->64K(311808K) Eden: 288768K(288768K)->0K(292352K) From: 64K(20992K)->64K(19456K)
[263.982s][info][gc,heap        ] GC(703) ParOldGen: 357465K(562176K)->357465K(562176K)
[263.982s][info][gc,metaspace   ] GC(703) Metaspace: 35285K(35968K)->35285K(35968K) NonClass: 29025K(29504K)->29025K(29504K) Class: 6259K(6464K)->6259K(6464K)
[263.982s][info][gc             ] GC(703) Pause Young (Allocation Failure) 631M->349M(853M) 1.456ms
[263.982s][info][gc,cpu         ] GC(703) User=0.00s Sys=0.00s Real=0.00s
[264.039s][info][gc,start       ] GC(704) Pause Young (Allocation Failure)
[264.041s][info][gc,heap        ] GC(704) PSYoungGen: 292416K(311808K)->64K(311296K) Eden: 292352K(292352K)->0K(292352K) From: 64K(19456K)->64K(18944K)
[264.041s][info][gc,heap        ] GC(704) ParOldGen: 357465K(562176K)->357481K(562176K)
[264.041s][info][gc,metaspace   ] GC(704) Metaspace: 35285K(35968K)->35285K(35968K) NonClass: 29025K(29504K)->29025K(29504K) Class: 6259K(6464K)->6259K(6464K)
[264.041s][info][gc             ] GC(704) Pause Young (Allocation Failure) 634M->349M(853M) 1.502ms
[264.041s][info][gc,cpu         ] GC(704) User=0.01s Sys=0.00s Real=0.00s
[264.098s][info][gc,start       ] GC(705) Pause Young (Allocation Failure)
[264.100s][info][gc,heap        ] GC(705) PSYoungGen: 292416K(311296K)->64K(313856K) Eden: 292352K(292352K)->0K(296448K) From: 64K(18944K)->64K(17408K)
[264.100s][info][gc,heap        ] GC(705) ParOldGen: 357481K(562176K)->357481K(562176K)
[264.100s][info][gc,metaspace   ] GC(705) Metaspace: 35285K(35968K)->35285K(35968K) NonClass: 29025K(29504K)->29025K(29504K) Class: 6259K(6464K)->6259K(6464K)
[264.100s][info][gc             ] GC(705) Pause Young (Allocation Failure) 634M->349M(855M) 1.374ms
[264.100s][info][gc,cpu         ] GC(705) User=0.01s Sys=0.00s Real=0.00s
[264.318s][info][gc,start       ] GC(706) Pause Young (Allocation Failure)
[264.320s][info][gc,heap        ] GC(706) PSYoungGen: 296512K(313856K)->64K(313344K) Eden: 296448K(296448K)->0K(296448K) From: 64K(17408K)->64K(16896K)
[264.320s][info][gc,heap        ] GC(706) ParOldGen: 357481K(562176K)->357497K(562176K)
[264.320s][info][gc,metaspace   ] GC(706) Metaspace: 35285K(35968K)->35285K(35968K) NonClass: 29025K(29504K)->29025K(29504K) Class: 6259K(6464K)->6259K(6464K)
[264.320s][info][gc             ] GC(706) Pause Young (Allocation Failure) 638M->349M(855M) 1.447ms
[264.320s][info][gc,cpu         ] GC(706) User=0.00s Sys=0.00s Real=0.00s
[264.531s][info][gc,start       ] GC(707) Pause Young (Allocation Failure)
[264.533s][info][gc,heap        ] GC(707) PSYoungGen: 296512K(313344K)->64K(315904K) Eden: 296448K(296448K)->0K(300544K) From: 64K(16896K)->64K(15360K)
[264.533s][info][gc,heap        ] GC(707) ParOldGen: 357497K(562176K)->357497K(562176K)
[264.533s][info][gc,metaspace   ] GC(707) Metaspace: 35285K(35968K)->35285K(35968K) NonClass: 29025K(29504K)->29025K(29504K) Class: 6259K(6464K)->6259K(6464K)
[264.533s][info][gc             ] GC(707) Pause Young (Allocation Failure) 638M->349M(857M) 1.427ms
[264.533s][info][gc,cpu         ] GC(707) User=0.00s Sys=0.00s Real=0.00s
[264.629s][info][gc,start       ] GC(708) Pause Young (Allocation Failure)
[264.630s][info][gc,heap        ] GC(708) PSYoungGen: 300608K(315904K)->64K(315392K) Eden: 300544K(300544K)->0K(300544K) From: 64K(15360K)->64K(14848K)
[264.630s][info][gc,heap        ] GC(708) ParOldGen: 357497K(562176K)->357505K(562176K)
[264.630s][info][gc,metaspace   ] GC(708) Metaspace: 35285K(35968K)->35285K(35968K) NonClass: 29025K(29504K)->29025K(29504K) Class: 6259K(6464K)->6259K(6464K)
[264.630s][info][gc             ] GC(708) Pause Young (Allocation Failure) 642M->349M(857M) 1.447ms
[264.630s][info][gc,cpu         ] GC(708) User=0.00s Sys=0.00s Real=0.00s
[264.747s][info][gc,start       ] GC(709) Pause Young (Allocation Failure)
[264.749s][info][gc,heap        ] GC(709) PSYoungGen: 300608K(315392K)->32K(317952K) Eden: 300544K(300544K)->0K(304128K) From: 64K(14848K)->32K(13824K)
[264.749s][info][gc,heap        ] GC(709) ParOldGen: 357505K(562176K)->357513K(562176K)
[264.749s][info][gc,metaspace   ] GC(709) Metaspace: 35285K(35968K)->35285K(35968K) NonClass: 29025K(29504K)->29025K(29504K) Class: 6259K(6464K)->6259K(6464K)
[264.749s][info][gc             ] GC(709) Pause Young (Allocation Failure) 642M->349M(859M) 2.243ms
[264.749s][info][gc,cpu         ] GC(709) User=0.00s Sys=0.00s Real=0.00s
[265.127s][info][gc,start       ] GC(710) Pause Young (Allocation Failure)
[265.129s][info][gc,heap        ] GC(710) PSYoungGen: 304160K(317952K)->32K(317440K) Eden: 304128K(304128K)->0K(304128K) From: 32K(13824K)->32K(13312K)
[265.129s][info][gc,heap        ] GC(710) ParOldGen: 357513K(562176K)->357521K(562176K)
[265.129s][info][gc,metaspace   ] GC(710) Metaspace: 35285K(35968K)->35285K(35968K) NonClass: 29025K(29504K)->29025K(29504K) Class: 6259K(6464K)->6259K(6464K)
[265.129s][info][gc             ] GC(710) Pause Young (Allocation Failure) 646M->349M(859M) 2.402ms
[265.129s][info][gc,cpu         ] GC(710) User=0.00s Sys=0.00s Real=0.00s
[265.885s][info][gc,start       ] GC(711) Pause Young (Allocation Failure)
[265.887s][info][gc,heap        ] GC(711) PSYoungGen: 304160K(317440K)->83K(292352K) Eden: 304128K(304128K)->0K(291840K) From: 32K(13312K)->83K(512K)
[265.887s][info][gc,heap        ] GC(711) ParOldGen: 357521K(562176K)->357529K(562176K)
[265.887s][info][gc,metaspace   ] GC(711) Metaspace: 35285K(35968K)->35285K(35968K) NonClass: 29025K(29504K)->29025K(29504K) Class: 6259K(6464K)->6259K(6464K)
[265.888s][info][gc             ] GC(711) Pause Young (Allocation Failure) 646M->349M(834M) 2.644ms
[265.888s][info][gc,cpu         ] GC(711) User=0.00s Sys=0.00s Real=0.01s
[266.866s][info][gc,start       ] GC(712) Pause Young (Allocation Failure)
[266.868s][info][gc,heap        ] GC(712) PSYoungGen: 291923K(292352K)->64K(291840K) Eden: 291840K(291840K)->0K(280064K) From: 83K(512K)->64K(11776K)
[266.869s][info][gc,heap        ] GC(712) ParOldGen: 357529K(562176K)->357545K(562176K)
[266.869s][info][gc,metaspace   ] GC(712) Metaspace: 35285K(35968K)->35285K(35968K) NonClass: 29025K(29504K)->29025K(29504K) Class: 6259K(6464K)->6259K(6464K)
[266.869s][info][gc             ] GC(712) Pause Young (Allocation Failure) 634M->349M(834M) 2.456ms
[266.869s][info][gc,cpu         ] GC(712) User=0.00s Sys=0.00s Real=0.00s
[267.288s][info][gc,start       ] GC(713) Pause Young (Allocation Failure)
[267.291s][info][gc,heap        ] GC(713) PSYoungGen: 280128K(291840K)->64K(269312K) Eden: 280064K(280064K)->0K(268800K) From: 64K(11776K)->64K(512K)
[267.291s][info][gc,heap        ] GC(713) ParOldGen: 357545K(562176K)->357561K(562176K)
[267.291s][info][gc,metaspace   ] GC(713) Metaspace: 35285K(35968K)->35285K(35968K) NonClass: 29025K(29504K)->29025K(29504K) Class: 6259K(6464K)->6259K(6464K)
[267.291s][info][gc             ] GC(713) Pause Young (Allocation Failure) 622M->349M(812M) 2.700ms
[267.291s][info][gc,cpu         ] GC(713) User=0.00s Sys=0.00s Real=0.00s
[268.327s][info][gc,start       ] GC(714) Pause Young (Allocation Failure)
[268.330s][info][gc,heap        ] GC(714) PSYoungGen: 268864K(269312K)->64K(268288K) Eden: 268800K(268800K)->0K(258048K) From: 64K(512K)->64K(10240K)
[268.330s][info][gc,heap        ] GC(714) ParOldGen: 357561K(562176K)->357569K(562176K)
[268.330s][info][gc,metaspace   ] GC(714) Metaspace: 35285K(35968K)->35285K(35968K) NonClass: 29025K(29504K)->29025K(29504K) Class: 6259K(6464K)->6259K(6464K)
[268.330s][info][gc             ] GC(714) Pause Young (Allocation Failure) 611M->349M(811M) 2.627ms
[268.330s][info][gc,cpu         ] GC(714) User=0.00s Sys=0.00s Real=0.00s
[268.564s][info][gc,start       ] GC(715) Pause Young (Allocation Failure)
[268.567s][info][gc,heap        ] GC(715) PSYoungGen: 258112K(268288K)->64K(248320K) Eden: 258048K(258048K)->0K(247808K) From: 64K(10240K)->64K(512K)
[268.567s][info][gc,heap        ] GC(715) ParOldGen: 357569K(562176K)->357585K(562176K)
[268.567s][info][gc,metaspace   ] GC(715) Metaspace: 35285K(35968K)->35285K(35968K) NonClass: 29025K(29504K)->29025K(29504K) Class: 6259K(6464K)->6259K(6464K)
[268.567s][info][gc             ] GC(715) Pause Young (Allocation Failure) 601M->349M(791M) 3.110ms
[268.567s][info][gc,cpu         ] GC(715) User=0.00s Sys=0.01s Real=0.01s
[268.951s][info][gc,start       ] GC(716) Pause Young (Allocation Failure)
[268.953s][info][gc,heap        ] GC(716) PSYoungGen: 247872K(248320K)->64K(246784K) Eden: 247808K(247808K)->0K(238080K) From: 64K(512K)->64K(8704K)
[268.953s][info][gc,heap        ] GC(716) ParOldGen: 357585K(562176K)->357601K(562176K)
[268.953s][info][gc,metaspace   ] GC(716) Metaspace: 35285K(35968K)->35285K(35968K) NonClass: 29025K(29504K)->29025K(29504K) Class: 6259K(6464K)->6259K(6464K)
[268.953s][info][gc             ] GC(716) Pause Young (Allocation Failure) 591M->349M(790M) 2.488ms
[268.953s][info][gc,cpu         ] GC(716) User=0.00s Sys=0.00s Real=0.00s
[269.021s][info][gc,start       ] GC(717) Pause Young (Allocation Failure)
[269.023s][info][gc,heap        ] GC(717) PSYoungGen: 238144K(246784K)->64K(292864K) Eden: 238080K(238080K)->0K(284672K) From: 64K(8704K)->64K(8192K)
[269.023s][info][gc,heap        ] GC(717) ParOldGen: 357601K(562176K)->357617K(562176K)
[269.023s][info][gc,metaspace   ] GC(717) Metaspace: 35285K(35968K)->35285K(35968K) NonClass: 29025K(29504K)->29025K(29504K) Class: 6259K(6464K)->6259K(6464K)
[269.023s][info][gc             ] GC(717) Pause Young (Allocation Failure) 581M->349M(835M) 2.447ms
[269.024s][info][gc,cpu         ] GC(717) User=0.00s Sys=0.00s Real=0.00s
[269.663s][info][gc,start       ] GC(718) Pause Young (Allocation Failure)
[269.665s][info][gc,heap        ] GC(718) PSYoungGen: 284736K(292864K)->64K(292352K) Eden: 284672K(284672K)->0K(284672K) From: 64K(8192K)->64K(7680K)
[269.665s][info][gc,heap        ] GC(718) ParOldGen: 357617K(562176K)->357625K(562176K)
[269.665s][info][gc,metaspace   ] GC(718) Metaspace: 35285K(35968K)->35285K(35968K) NonClass: 29025K(29504K)->29025K(29504K) Class: 6259K(6464K)->6259K(6464K)
[269.665s][info][gc             ] GC(718) Pause Young (Allocation Failure) 627M->349M(834M) 2.074ms
[269.665s][info][gc,cpu         ] GC(718) User=0.01s Sys=0.00s Real=0.00s
[270.037s][info][gc,start       ] GC(719) Pause Young (Allocation Failure)
[270.039s][info][gc,heap        ] GC(719) PSYoungGen: 284736K(292352K)->64K(273920K) Eden: 284672K(284672K)->0K(273408K) From: 64K(7680K)->64K(512K)
[270.039s][info][gc,heap        ] GC(719) ParOldGen: 357625K(562176K)->357633K(562176K)
[270.039s][info][gc,metaspace   ] GC(719) Metaspace: 35285K(35968K)->35285K(35968K) NonClass: 29025K(29504K)->29025K(29504K) Class: 6259K(6464K)->6259K(6464K)
[270.039s][info][gc             ] GC(719) Pause Young (Allocation Failure) 627M->349M(816M) 1.556ms
[270.039s][info][gc,cpu         ] GC(719) User=0.00s Sys=0.00s Real=0.00s
[270.400s][info][gc,start       ] GC(720) Pause Young (Allocation Failure)
[270.444s][info][gc,heap        ] GC(720) PSYoungGen: 273472K(273920K)->6656K(318976K) Eden: 273408K(273408K)->0K(312320K) From: 64K(512K)->6656K(6656K)
[270.444s][info][gc,heap        ] GC(720) ParOldGen: 357633K(562176K)->375865K(562176K)
[270.444s][info][gc,metaspace   ] GC(720) Metaspace: 35285K(35968K)->35285K(35968K) NonClass: 29025K(29504K)->29025K(29504K) Class: 6259K(6464K)->6259K(6464K)
[270.444s][info][gc             ] GC(720) Pause Young (Allocation Failure) 616M->373M(860M) 44.814ms
[270.444s][info][gc,cpu         ] GC(720) User=0.08s Sys=0.00s Real=0.04s
[270.809s][info][gc,start       ] GC(721) Pause Young (Allocation Failure)
[270.878s][info][gc,heap        ] GC(721) PSYoungGen: 318976K(318976K)->14848K(298496K) Eden: 312320K(312320K)->0K(283648K) From: 6656K(6656K)->14848K(14848K)
[270.878s][info][gc,heap        ] GC(721) ParOldGen: 375865K(562176K)->394993K(562176K)
[270.878s][info][gc,metaspace   ] GC(721) Metaspace: 35285K(35968K)->35285K(35968K) NonClass: 29025K(29504K)->29025K(29504K) Class: 6259K(6464K)->6259K(6464K)
[270.878s][info][gc             ] GC(721) Pause Young (Allocation Failure) 678M->400M(840M) 69.076ms
[270.878s][info][gc,cpu         ] GC(721) User=0.13s Sys=0.01s Real=0.07s
[271.042s][info][gc,start       ] GC(722) Pause Young (Allocation Failure)
[271.065s][info][gc,heap        ] GC(722) PSYoungGen: 298496K(298496K)->10784K(308736K) Eden: 283648K(283648K)->0K(283648K) From: 14848K(14848K)->10784K(25088K)
[271.065s][info][gc,heap        ] GC(722) ParOldGen: 394993K(562176K)->395697K(562176K)
[271.065s][info][gc,metaspace   ] GC(722) Metaspace: 35285K(35968K)->35285K(35968K) NonClass: 29025K(29504K)->29025K(29504K) Class: 6259K(6464K)->6259K(6464K)
[271.065s][info][gc             ] GC(722) Pause Young (Allocation Failure) 677M->396M(850M) 22.908ms
[271.065s][info][gc,cpu         ] GC(722) User=0.04s Sys=0.00s Real=0.02s
[271.552s][info][gc,start       ] GC(723) Pause Young (Allocation Failure)
[271.554s][info][gc,heap        ] GC(723) PSYoungGen: 294432K(308736K)->64K(307712K) Eden: 283648K(283648K)->0K(283648K) From: 10784K(25088K)->64K(24064K)
[271.554s][info][gc,heap        ] GC(723) ParOldGen: 395697K(562176K)->395705K(562176K)
[271.554s][info][gc,metaspace   ] GC(723) Metaspace: 35285K(35968K)->35285K(35968K) NonClass: 29025K(29504K)->29025K(29504K) Class: 6259K(6464K)->6259K(6464K)
[271.554s][info][gc             ] GC(723) Pause Young (Allocation Failure) 673M->386M(849M) 1.651ms
[271.554s][info][gc,cpu         ] GC(723) User=0.01s Sys=0.00s Real=0.00s
[272.144s][info][gc,start       ] GC(724) Pause Young (Allocation Failure)
[272.145s][info][gc,heap        ] GC(724) PSYoungGen: 283712K(307712K)->64K(308224K) Eden: 283648K(283648K)->0K(283648K) From: 64K(24064K)->64K(24576K)
[272.145s][info][gc,heap        ] GC(724) ParOldGen: 395705K(562176K)->395713K(562176K)
[272.145s][info][gc,metaspace   ] GC(724) Metaspace: 35285K(35968K)->35285K(35968K) NonClass: 29025K(29504K)->29025K(29504K) Class: 6259K(6464K)->6259K(6464K)
[272.145s][info][gc             ] GC(724) Pause Young (Allocation Failure) 663M->386M(850M) 1.602ms
[272.145s][info][gc,cpu         ] GC(724) User=0.00s Sys=0.00s Real=0.00s
[272.574s][info][gc,start       ] GC(725) Pause Young (Allocation Failure)
[272.576s][info][gc,heap        ] GC(725) PSYoungGen: 283712K(308224K)->64K(307712K) Eden: 283648K(283648K)->0K(285696K) From: 64K(24576K)->64K(22016K)
[272.576s][info][gc,heap        ] GC(725) ParOldGen: 395713K(562176K)->395729K(562176K)
[272.576s][info][gc,metaspace   ] GC(725) Metaspace: 35285K(35968K)->35285K(35968K) NonClass: 29025K(29504K)->29025K(29504K) Class: 6259K(6464K)->6259K(6464K)
[272.576s][info][gc             ] GC(725) Pause Young (Allocation Failure) 663M->386M(849M) 1.687ms
[272.576s][info][gc,cpu         ] GC(725) User=0.00s Sys=0.00s Real=0.01s
[272.804s][info][gc,start       ] GC(726) Pause Young (Allocation Failure)
[272.806s][info][gc,heap        ] GC(726) PSYoungGen: 285760K(307712K)->32K(308224K) Eden: 285696K(285696K)->0K(285696K) From: 64K(22016K)->32K(22528K)
[272.806s][info][gc,heap        ] GC(726) ParOldGen: 395729K(562176K)->395745K(562176K)
[272.806s][info][gc,metaspace   ] GC(726) Metaspace: 35285K(35968K)->35285K(35968K) NonClass: 29025K(29504K)->29025K(29504K) Class: 6259K(6464K)->6259K(6464K)
[272.806s][info][gc             ] GC(726) Pause Young (Allocation Failure) 665M->386M(850M) 1.538ms
[272.806s][info][gc,cpu         ] GC(726) User=0.00s Sys=0.00s Real=0.01s
[273.035s][info][gc,start       ] GC(727) Pause Young (Allocation Failure)
[273.036s][info][gc,heap        ] GC(727) PSYoungGen: 285728K(308224K)->32K(310784K) Eden: 285696K(285696K)->0K(289792K) From: 32K(22528K)->32K(20992K)
[273.036s][info][gc,heap        ] GC(727) ParOldGen: 395745K(562176K)->395745K(562176K)
[273.036s][info][gc,metaspace   ] GC(727) Metaspace: 35285K(35968K)->35285K(35968K) NonClass: 29025K(29504K)->29025K(29504K) Class: 6259K(6464K)->6259K(6464K)
[273.036s][info][gc             ] GC(727) Pause Young (Allocation Failure) 665M->386M(852M) 1.599ms
[273.036s][info][gc,cpu         ] GC(727) User=0.00s Sys=0.00s Real=0.01s
[273.395s][info][gc,start       ] GC(728) Pause Young (Allocation Failure)
[273.397s][info][gc,heap        ] GC(728) PSYoungGen: 289824K(310784K)->64K(310784K) Eden: 289792K(289792K)->0K(289792K) From: 32K(20992K)->64K(20992K)
[273.397s][info][gc,heap        ] GC(728) ParOldGen: 395745K(562176K)->395745K(562176K)
[273.397s][info][gc,metaspace   ] GC(728) Metaspace: 35285K(35968K)->35285K(35968K) NonClass: 29025K(29504K)->29025K(29504K) Class: 6259K(6464K)->6259K(6464K)
[273.397s][info][gc             ] GC(728) Pause Young (Allocation Failure) 669M->386M(852M) 1.502ms
[273.397s][info][gc,cpu         ] GC(728) User=0.00s Sys=0.00s Real=0.01s
[273.494s][info][gc,start       ] GC(729) Pause Young (Allocation Failure)
[273.496s][info][gc,heap        ] GC(729) PSYoungGen: 289856K(310784K)->64K(311808K) Eden: 289792K(289792K)->0K(292864K) From: 64K(20992K)->64K(18944K)
[273.496s][info][gc,heap        ] GC(729) ParOldGen: 395745K(562176K)->395753K(562176K)
[273.496s][info][gc,metaspace   ] GC(729) Metaspace: 35285K(35968K)->35285K(35968K) NonClass: 29025K(29504K)->29025K(29504K) Class: 6259K(6464K)->6259K(6464K)
[273.496s][info][gc             ] GC(729) Pause Young (Allocation Failure) 669M->386M(853M) 1.507ms
[273.496s][info][gc,cpu         ] GC(729) User=0.00s Sys=0.00s Real=0.01s
[273.549s][info][gc,start       ] GC(730) Pause Young (Allocation Failure)
[273.551s][info][gc,heap        ] GC(730) PSYoungGen: 292928K(311808K)->64K(311808K) Eden: 292864K(292864K)->0K(292864K) From: 64K(18944K)->64K(18944K)
[273.551s][info][gc,heap        ] GC(730) ParOldGen: 395753K(562176K)->395769K(562176K)
[273.551s][info][gc,metaspace   ] GC(730) Metaspace: 35285K(35968K)->35285K(35968K) NonClass: 29025K(29504K)->29025K(29504K) Class: 6259K(6464K)->6259K(6464K)
[273.551s][info][gc             ] GC(730) Pause Young (Allocation Failure) 672M->386M(853M) 1.510ms
[273.551s][info][gc,cpu         ] GC(730) User=0.00s Sys=0.00s Real=0.00s
[273.688s][info][gc,start       ] GC(731) Pause Young (Allocation Failure)
[273.691s][info][gc,heap        ] GC(731) PSYoungGen: 292928K(311808K)->64K(313856K) Eden: 292864K(292864K)->0K(296960K) From: 64K(18944K)->64K(16896K)
[273.691s][info][gc,heap        ] GC(731) ParOldGen: 395769K(562176K)->395769K(562176K)
[273.691s][info][gc,metaspace   ] GC(731) Metaspace: 35285K(35968K)->35285K(35968K) NonClass: 29025K(29504K)->29025K(29504K) Class: 6259K(6464K)->6259K(6464K)
[273.691s][info][gc             ] GC(731) Pause Young (Allocation Failure) 672M->386M(855M) 2.649ms
[273.691s][info][gc,cpu         ] GC(731) User=0.01s Sys=0.00s Real=0.00s
[273.907s][info][gc,start       ] GC(732) Pause Young (Allocation Failure)
[273.910s][info][gc,heap        ] GC(732) PSYoungGen: 297024K(313856K)->64K(313856K) Eden: 296960K(296960K)->0K(296960K) From: 64K(16896K)->64K(16896K)
[273.910s][info][gc,heap        ] GC(732) ParOldGen: 395769K(562176K)->395777K(562176K)
[273.910s][info][gc,metaspace   ] GC(732) Metaspace: 35285K(35968K)->35285K(35968K) NonClass: 29025K(29504K)->29025K(29504K) Class: 6259K(6464K)->6259K(6464K)
[273.910s][info][gc             ] GC(732) Pause Young (Allocation Failure) 676M->386M(855M) 2.703ms
[273.910s][info][gc,cpu         ] GC(732) User=0.00s Sys=0.00s Real=0.00s
[274.066s][info][gc,start       ] GC(733) Pause Young (Allocation Failure)
[274.069s][info][gc,heap        ] GC(733) PSYoungGen: 297024K(313856K)->64K(315904K) Eden: 296960K(296960K)->0K(301056K) From: 64K(16896K)->64K(14848K)
[274.069s][info][gc,heap        ] GC(733) ParOldGen: 395777K(562176K)->395785K(562176K)
[274.069s][info][gc,metaspace   ] GC(733) Metaspace: 35285K(35968K)->35285K(35968K) NonClass: 29025K(29504K)->29025K(29504K) Class: 6259K(6464K)->6259K(6464K)
[274.069s][info][gc             ] GC(733) Pause Young (Allocation Failure) 676M->386M(857M) 2.702ms
[274.069s][info][gc,cpu         ] GC(733) User=0.00s Sys=0.00s Real=0.00s
[274.151s][info][gc,start       ] GC(734) Pause Young (Allocation Failure)
[274.154s][info][gc,heap        ] GC(734) PSYoungGen: 301120K(315904K)->32K(315904K) Eden: 301056K(301056K)->0K(301056K) From: 64K(14848K)->32K(14848K)
[274.154s][info][gc,heap        ] GC(734) ParOldGen: 395785K(562176K)->395801K(562176K)
[274.154s][info][gc,metaspace   ] GC(734) Metaspace: 35285K(35968K)->35285K(35968K) NonClass: 29025K(29504K)->29025K(29504K) Class: 6259K(6464K)->6259K(6464K)
[274.154s][info][gc             ] GC(734) Pause Young (Allocation Failure) 680M->386M(857M) 2.769ms
[274.154s][info][gc,cpu         ] GC(734) User=0.00s Sys=0.00s Real=0.00s
[274.320s][info][gc,start       ] GC(735) Pause Young (Allocation Failure)
[274.323s][info][gc,heap        ] GC(735) PSYoungGen: 301088K(315904K)->64K(318464K) Eden: 301056K(301056K)->0K(304640K) From: 32K(14848K)->64K(13824K)
[274.323s][info][gc,heap        ] GC(735) ParOldGen: 395801K(562176K)->395801K(562176K)
[274.323s][info][gc,metaspace   ] GC(735) Metaspace: 35285K(35968K)->35285K(35968K) NonClass: 29025K(29504K)->29025K(29504K) Class: 6259K(6464K)->6259K(6464K)
[274.323s][info][gc             ] GC(735) Pause Young (Allocation Failure) 680M->386M(860M) 2.648ms
[274.323s][info][gc,cpu         ] GC(735) User=0.00s Sys=0.00s Real=0.00s
[275.322s][info][gc,start       ] GC(736) Pause Young (Allocation Failure)
[275.324s][info][gc,heap        ] GC(736) PSYoungGen: 304704K(318464K)->83K(317952K) Eden: 304640K(304640K)->0K(304640K) From: 64K(13824K)->83K(13312K)
[275.324s][info][gc,heap        ] GC(736) ParOldGen: 395801K(562176K)->395809K(562176K)
[275.324s][info][gc,metaspace   ] GC(736) Metaspace: 35285K(35968K)->35285K(35968K) NonClass: 29025K(29504K)->29025K(29504K) Class: 6259K(6464K)->6259K(6464K)
[275.325s][info][gc             ] GC(736) Pause Young (Allocation Failure) 684M->386M(859M) 2.686ms
[275.325s][info][gc,cpu         ] GC(736) User=0.00s Sys=0.00s Real=0.00s
[276.222s][info][gc,start       ] GC(737) Pause Young (Allocation Failure)
[276.224s][info][gc,heap        ] GC(737) PSYoungGen: 304723K(317952K)->64K(319488K) Eden: 304640K(304640K)->0K(307712K) From: 83K(13312K)->64K(11776K)
[276.224s][info][gc,heap        ] GC(737) ParOldGen: 395809K(562176K)->395817K(562176K)
[276.224s][info][gc,metaspace   ] GC(737) Metaspace: 35285K(35968K)->35285K(35968K) NonClass: 29025K(29504K)->29025K(29504K) Class: 6259K(6464K)->6259K(6464K)
[276.224s][info][gc             ] GC(737) Pause Young (Allocation Failure) 684M->386M(861M) 2.084ms
[276.224s][info][gc,cpu         ] GC(737) User=0.01s Sys=0.00s Real=0.00s
[276.532s][info][gc,start       ] GC(738) Pause Young (Allocation Failure)
[276.535s][info][gc,heap        ] GC(738) PSYoungGen: 307776K(319488K)->64K(295936K) Eden: 307712K(307712K)->0K(295424K) From: 64K(11776K)->64K(512K)
[276.535s][info][gc,heap        ] GC(738) ParOldGen: 395817K(562176K)->395825K(562176K)
[276.535s][info][gc,metaspace   ] GC(738) Metaspace: 35285K(35968K)->35285K(35968K) NonClass: 29025K(29504K)->29025K(29504K) Class: 6259K(6464K)->6259K(6464K)
[276.535s][info][gc             ] GC(738) Pause Young (Allocation Failure) 687M->386M(838M) 2.592ms
[276.535s][info][gc,cpu         ] GC(738) User=0.01s Sys=0.01s Real=0.00s
[276.992s][info][gc,start       ] GC(739) Pause Young (Allocation Failure)
[276.995s][info][gc,heap        ] GC(739) PSYoungGen: 295488K(295936K)->64K(284160K) Eden: 295424K(295424K)->0K(283648K) From: 64K(512K)->64K(512K)
[276.996s][info][gc,heap        ] GC(739) ParOldGen: 395825K(562176K)->395841K(562176K)
[276.996s][info][gc,metaspace   ] GC(739) Metaspace: 35285K(35968K)->35285K(35968K) NonClass: 29025K(29504K)->29025K(29504K) Class: 6259K(6464K)->6259K(6464K)
[276.996s][info][gc             ] GC(739) Pause Young (Allocation Failure) 675M->386M(826M) 3.812ms
[276.996s][info][gc,cpu         ] GC(739) User=0.00s Sys=0.00s Real=0.00s
[277.984s][info][gc,start       ] GC(740) Pause Young (Allocation Failure)
[277.986s][info][gc,heap        ] GC(740) PSYoungGen: 283712K(284160K)->64K(282624K) Eden: 283648K(283648K)->0K(272384K) From: 64K(512K)->64K(10240K)
[277.986s][info][gc,heap        ] GC(740) ParOldGen: 395841K(562176K)->395849K(562176K)
[277.986s][info][gc,metaspace   ] GC(740) Metaspace: 35285K(35968K)->35285K(35968K) NonClass: 29025K(29504K)->29025K(29504K) Class: 6259K(6464K)->6259K(6464K)
[277.986s][info][gc             ] GC(740) Pause Young (Allocation Failure) 663M->386M(825M) 2.064ms
[277.986s][info][gc,cpu         ] GC(740) User=0.00s Sys=0.00s Real=0.01s
[278.377s][info][gc,start       ] GC(741) Pause Young (Allocation Failure)
[278.379s][info][gc,heap        ] GC(741) PSYoungGen: 272448K(282624K)->64K(262144K) Eden: 272384K(272384K)->0K(261632K) From: 64K(10240K)->64K(512K)
[278.379s][info][gc,heap        ] GC(741) ParOldGen: 395849K(562176K)->395857K(562176K)
[278.379s][info][gc,metaspace   ] GC(741) Metaspace: 35285K(35968K)->35285K(35968K) NonClass: 29025K(29504K)->29025K(29504K) Class: 6259K(6464K)->6259K(6464K)
[278.379s][info][gc             ] GC(741) Pause Young (Allocation Failure) 652M->386M(805M) 2.412ms
[278.379s][info][gc,cpu         ] GC(741) User=0.00s Sys=0.00s Real=0.00s
[278.480s][info][gc,start       ] GC(742) Pause Young (Allocation Failure)
[278.482s][info][gc,heap        ] GC(742) PSYoungGen: 261696K(262144K)->64K(260096K) Eden: 261632K(261632K)->0K(251392K) From: 64K(512K)->64K(8704K)
[278.482s][info][gc,heap        ] GC(742) ParOldGen: 395857K(562176K)->395865K(562176K)
[278.482s][info][gc,metaspace   ] GC(742) Metaspace: 35285K(35968K)->35285K(35968K) NonClass: 29025K(29504K)->29025K(29504K) Class: 6259K(6464K)->6259K(6464K)
[278.482s][info][gc             ] GC(742) Pause Young (Allocation Failure) 642M->386M(803M) 2.091ms
[278.482s][info][gc,cpu         ] GC(742) User=0.00s Sys=0.00s Real=0.00s
[279.001s][info][gc,start       ] GC(743) Pause Young (Allocation Failure)
[279.004s][info][gc,heap        ] GC(743) PSYoungGen: 251456K(260096K)->64K(242176K) Eden: 251392K(251392K)->0K(241664K) From: 64K(8704K)->64K(512K)
[279.004s][info][gc,heap        ] GC(743) ParOldGen: 395865K(562176K)->395873K(562176K)
[279.004s][info][gc,metaspace   ] GC(743) Metaspace: 35285K(35968K)->35285K(35968K) NonClass: 29025K(29504K)->29025K(29504K) Class: 6259K(6464K)->6259K(6464K)
[279.004s][info][gc             ] GC(743) Pause Young (Allocation Failure) 632M->386M(785M) 3.388ms
[279.004s][info][gc,cpu         ] GC(743) User=0.00s Sys=0.00s Real=0.00s
[279.333s][info][gc,start       ] GC(744) Pause Young (Allocation Failure)
[279.336s][info][gc,heap        ] GC(744) PSYoungGen: 241728K(242176K)->64K(240128K) Eden: 241664K(241664K)->0K(232448K) From: 64K(512K)->64K(7680K)
[279.336s][info][gc,heap        ] GC(744) ParOldGen: 395873K(562176K)->395881K(562176K)
[279.336s][info][gc,metaspace   ] GC(744) Metaspace: 35285K(35968K)->35285K(35968K) NonClass: 29025K(29504K)->29025K(29504K) Class: 6259K(6464K)->6259K(6464K)
[279.336s][info][gc             ] GC(744) Pause Young (Allocation Failure) 622M->386M(783M) 2.664ms
[279.336s][info][gc,cpu         ] GC(744) User=0.00s Sys=0.00s Real=0.01s
[279.707s][info][gc,start       ] GC(745) Pause Young (Allocation Failure)
[279.740s][info][gc,heap        ] GC(745) PSYoungGen: 232512K(240128K)->7168K(282624K) Eden: 232448K(232448K)->0K(275456K) From: 64K(7680K)->7168K(7168K)
[279.740s][info][gc,heap        ] GC(745) ParOldGen: 395881K(562176K)->399793K(562176K)
[279.740s][info][gc,metaspace   ] GC(745) Metaspace: 35285K(35968K)->35285K(35968K) NonClass: 29025K(29504K)->29025K(29504K) Class: 6259K(6464K)->6259K(6464K)
[279.740s][info][gc             ] GC(745) Pause Young (Allocation Failure) 613M->397M(825M) 33.389ms
[279.740s][info][gc,cpu         ] GC(745) User=0.03s Sys=0.00s Real=0.03s
[280.053s][info][gc,start       ] GC(746) Pause Young (Allocation Failure)
[280.105s][info][gc,heap        ] GC(746) PSYoungGen: 282624K(282624K)->10240K(285696K) Eden: 275456K(275456K)->0K(275456K) From: 7168K(7168K)->10240K(10240K)
[280.105s][info][gc,heap        ] GC(746) ParOldGen: 399793K(562176K)->419081K(562176K)
[280.105s][info][gc,metaspace   ] GC(746) Metaspace: 35285K(35968K)->35285K(35968K) NonClass: 29025K(29504K)->29025K(29504K) Class: 6259K(6464K)->6259K(6464K)
[280.105s][info][gc             ] GC(746) Pause Young (Allocation Failure) 666M->419M(828M) 51.393ms
[280.105s][info][gc,cpu         ] GC(746) User=0.10s Sys=0.00s Real=0.05s
[280.412s][info][gc,start       ] GC(747) Pause Young (Allocation Failure)
[280.473s][info][gc,heap        ] GC(747) PSYoungGen: 285696K(285696K)->19456K(299008K) Eden: 275456K(275456K)->0K(279552K) From: 10240K(10240K)->19456K(19456K)
[280.473s][info][gc,heap        ] GC(747) ParOldGen: 419081K(562176K)->428833K(562176K)
[280.473s][info][gc,metaspace   ] GC(747) Metaspace: 35285K(35968K)->35285K(35968K) NonClass: 29025K(29504K)->29025K(29504K) Class: 6259K(6464K)->6259K(6464K)
[280.473s][info][gc             ] GC(747) Pause Young (Allocation Failure) 688M->437M(841M) 60.764ms
[280.473s][info][gc,cpu         ] GC(747) User=0.10s Sys=0.02s Real=0.06s
[280.573s][info][gc,start       ] GC(748) Pause Young (Allocation Failure)
[280.577s][info][gc,heap        ] GC(748) PSYoungGen: 299008K(299008K)->64K(306688K) Eden: 279552K(279552K)->0K(279552K) From: 19456K(19456K)->64K(27136K)
[280.577s][info][gc,heap        ] GC(748) ParOldGen: 428833K(562176K)->429177K(562176K)
[280.577s][info][gc,metaspace   ] GC(748) Metaspace: 35285K(35968K)->35285K(35968K) NonClass: 29025K(29504K)->29025K(29504K) Class: 6259K(6464K)->6259K(6464K)
[280.577s][info][gc             ] GC(748) Pause Young (Allocation Failure) 710M->419M(848M) 4.239ms
[280.577s][info][gc,cpu         ] GC(748) User=0.01s Sys=0.00s Real=0.01s
[281.265s][info][gc,start       ] GC(749) Pause Young (Allocation Failure)
[281.267s][info][gc,heap        ] GC(749) PSYoungGen: 279616K(306688K)->64K(304128K) Eden: 279552K(279552K)->0K(280064K) From: 64K(27136K)->64K(24064K)
[281.267s][info][gc,heap        ] GC(749) ParOldGen: 429177K(562176K)->429185K(562176K)
[281.267s][info][gc,metaspace   ] GC(749) Metaspace: 35285K(35968K)->35285K(35968K) NonClass: 29025K(29504K)->29025K(29504K) Class: 6259K(6464K)->6259K(6464K)
[281.267s][info][gc             ] GC(749) Pause Young (Allocation Failure) 692M->419M(846M) 1.844ms
[281.267s][info][gc,cpu         ] GC(749) User=0.01s Sys=0.00s Real=0.01s
[281.658s][info][gc,start       ] GC(750) Pause Young (Allocation Failure)
[281.659s][info][gc,heap        ] GC(750) PSYoungGen: 280128K(304128K)->64K(305664K) Eden: 280064K(280064K)->0K(280064K) From: 64K(24064K)->64K(25600K)
[281.659s][info][gc,heap        ] GC(750) ParOldGen: 429185K(562176K)->429193K(562176K)
[281.659s][info][gc,metaspace   ] GC(750) Metaspace: 35285K(35968K)->35285K(35968K) NonClass: 29025K(29504K)->29025K(29504K) Class: 6259K(6464K)->6259K(6464K)
[281.659s][info][gc             ] GC(750) Pause Young (Allocation Failure) 692M->419M(847M) 1.636ms
[281.659s][info][gc,cpu         ] GC(750) User=0.00s Sys=0.00s Real=0.00s
[282.098s][info][gc,start       ] GC(751) Pause Young (Allocation Failure)
[282.100s][info][gc,heap        ] GC(751) PSYoungGen: 280128K(305664K)->64K(305664K) Eden: 280064K(280064K)->0K(283648K) From: 64K(25600K)->64K(22016K)
[282.100s][info][gc,heap        ] GC(751) ParOldGen: 429193K(562176K)->429209K(562176K)
[282.100s][info][gc,metaspace   ] GC(751) Metaspace: 35285K(35968K)->35285K(35968K) NonClass: 29025K(29504K)->29025K(29504K) Class: 6259K(6464K)->6259K(6464K)
[282.100s][info][gc             ] GC(751) Pause Young (Allocation Failure) 692M->419M(847M) 1.755ms
[282.100s][info][gc,cpu         ] GC(751) User=0.00s Sys=0.00s Real=0.00s
[282.326s][info][gc,start       ] GC(752) Pause Young (Allocation Failure)
[282.328s][info][gc,heap        ] GC(752) PSYoungGen: 283712K(305664K)->64K(307200K) Eden: 283648K(283648K)->0K(283648K) From: 64K(22016K)->64K(23552K)
[282.328s][info][gc,heap        ] GC(752) ParOldGen: 429209K(562176K)->429225K(562176K)
[282.328s][info][gc,metaspace   ] GC(752) Metaspace: 35285K(35968K)->35285K(35968K) NonClass: 29025K(29504K)->29025K(29504K) Class: 6259K(6464K)->6259K(6464K)
[282.328s][info][gc             ] GC(752) Pause Young (Allocation Failure) 696M->419M(849M) 1.605ms
[282.328s][info][gc,cpu         ] GC(752) User=0.01s Sys=0.00s Real=0.00s
[282.555s][info][gc,start       ] GC(753) Pause Young (Allocation Failure)
[282.556s][info][gc,heap        ] GC(753) PSYoungGen: 283712K(307200K)->64K(307712K) Eden: 283648K(283648K)->0K(287744K) From: 64K(23552K)->64K(19968K)
[282.557s][info][gc,heap        ] GC(753) ParOldGen: 429225K(562176K)->429225K(562176K)
[282.557s][info][gc,metaspace   ] GC(753) Metaspace: 35285K(35968K)->35285K(35968K) NonClass: 29025K(29504K)->29025K(29504K) Class: 6259K(6464K)->6259K(6464K)
[282.557s][info][gc             ] GC(753) Pause Young (Allocation Failure) 696M->419M(849M) 1.753ms
[282.557s][info][gc,cpu         ] GC(753) User=0.00s Sys=0.00s Real=0.01s
[282.904s][info][gc,start       ] GC(754) Pause Young (Allocation Failure)
[282.906s][info][gc,heap        ] GC(754) PSYoungGen: 287808K(307712K)->64K(309248K) Eden: 287744K(287744K)->0K(287744K) From: 64K(19968K)->64K(21504K)
[282.906s][info][gc,heap        ] GC(754) ParOldGen: 429225K(562176K)->429225K(562176K)
[282.906s][info][gc,metaspace   ] GC(754) Metaspace: 35285K(35968K)->35285K(35968K) NonClass: 29025K(29504K)->29025K(29504K) Class: 6259K(6464K)->6259K(6464K)
[282.906s][info][gc             ] GC(754) Pause Young (Allocation Failure) 700M->419M(851M) 2.193ms
[282.906s][info][gc,cpu         ] GC(754) User=0.00s Sys=0.00s Real=0.01s
[282.958s][info][gc,start       ] GC(755) Pause Young (Allocation Failure)
[282.960s][info][gc,heap        ] GC(755) PSYoungGen: 287807K(309248K)->64K(310272K) Eden: 287743K(287744K)->0K(292352K) From: 64K(21504K)->64K(17920K)
[282.960s][info][gc,heap        ] GC(755) ParOldGen: 429225K(562176K)->429241K(562176K)
[282.960s][info][gc,metaspace   ] GC(755) Metaspace: 35285K(35968K)->35285K(35968K) NonClass: 29025K(29504K)->29025K(29504K) Class: 6259K(6464K)->6259K(6464K)
[282.960s][info][gc             ] GC(755) Pause Young (Allocation Failure) 700M->419M(852M) 1.750ms
[282.960s][info][gc,cpu         ] GC(755) User=0.00s Sys=0.00s Real=0.00s
[283.013s][info][gc,start       ] GC(756) Pause Young (Allocation Failure)
[283.015s][info][gc,heap        ] GC(756) PSYoungGen: 292416K(310272K)->64K(311296K) Eden: 292352K(292352K)->0K(292352K) From: 64K(17920K)->64K(18944K)
[283.015s][info][gc,heap        ] GC(756) ParOldGen: 429241K(562176K)->429241K(562176K)
[283.015s][info][gc,metaspace   ] GC(756) Metaspace: 35285K(35968K)->35285K(35968K) NonClass: 29025K(29504K)->29025K(29504K) Class: 6259K(6464K)->6259K(6464K)
[283.015s][info][gc             ] GC(756) Pause Young (Allocation Failure) 704M->419M(853M) 1.563ms
[283.015s][info][gc,cpu         ] GC(756) User=0.00s Sys=0.00s Real=0.00s
[283.200s][info][gc,start       ] GC(757) Pause Young (Allocation Failure)
[283.201s][info][gc,heap        ] GC(757) PSYoungGen: 292416K(311296K)->64K(312832K) Eden: 292352K(292352K)->0K(296960K) From: 64K(18944K)->64K(15872K)
[283.201s][info][gc,heap        ] GC(757) ParOldGen: 429241K(562176K)->429241K(562176K)
[283.201s][info][gc,metaspace   ] GC(757) Metaspace: 35285K(35968K)->35285K(35968K) NonClass: 29025K(29504K)->29025K(29504K) Class: 6259K(6464K)->6259K(6464K)
[283.201s][info][gc             ] GC(757) Pause Young (Allocation Failure) 704M->419M(854M) 1.619ms
[283.201s][info][gc,cpu         ] GC(757) User=0.00s Sys=0.00s Real=0.00s
[283.420s][info][gc,start       ] GC(758) Pause Young (Allocation Failure)
[283.421s][info][gc,heap        ] GC(758) PSYoungGen: 297024K(312832K)->64K(313856K) Eden: 296960K(296960K)->0K(296960K) From: 64K(15872K)->64K(16896K)
[283.421s][info][gc,heap        ] GC(758) ParOldGen: 429241K(562176K)->429249K(562176K)
[283.421s][info][gc,metaspace   ] GC(758) Metaspace: 35285K(35968K)->35285K(35968K) NonClass: 29025K(29504K)->29025K(29504K) Class: 6259K(6464K)->6259K(6464K)
[283.421s][info][gc             ] GC(758) Pause Young (Allocation Failure) 709M->419M(855M) 1.590ms
[283.421s][info][gc,cpu         ] GC(758) User=0.01s Sys=0.00s Real=0.00s
[283.541s][info][gc,start       ] GC(759) Pause Young (Allocation Failure)
[283.542s][info][gc,heap        ] GC(759) PSYoungGen: 297024K(313856K)->64K(314880K) Eden: 296960K(296960K)->0K(301056K) From: 64K(16896K)->64K(13824K)
[283.542s][info][gc,heap        ] GC(759) ParOldGen: 429249K(562176K)->429257K(562176K)
[283.542s][info][gc,metaspace   ] GC(759) Metaspace: 35285K(35968K)->35285K(35968K) NonClass: 29025K(29504K)->29025K(29504K) Class: 6259K(6464K)->6259K(6464K)
[283.542s][info][gc             ] GC(759) Pause Young (Allocation Failure) 709M->419M(856M) 1.605ms
[283.542s][info][gc,cpu         ] GC(759) User=0.01s Sys=0.00s Real=0.00s
[283.644s][info][gc,start       ] GC(760) Pause Young (Allocation Failure)
[283.646s][info][gc,heap        ] GC(760) PSYoungGen: 301120K(314880K)->64K(315904K) Eden: 301056K(301056K)->0K(301056K) From: 64K(13824K)->64K(14848K)
[283.646s][info][gc,heap        ] GC(760) ParOldGen: 429257K(562176K)->429265K(562176K)
[283.646s][info][gc,metaspace   ] GC(760) Metaspace: 35285K(35968K)->35285K(35968K) NonClass: 29025K(29504K)->29025K(29504K) Class: 6259K(6464K)->6259K(6464K)
[283.646s][info][gc             ] GC(760) Pause Young (Allocation Failure) 713M->419M(857M) 1.680ms
[283.646s][info][gc,cpu         ] GC(760) User=0.00s Sys=0.00s Real=0.00s
[283.833s][info][gc,start       ] GC(761) Pause Young (Allocation Failure)
[283.836s][info][gc,heap        ] GC(761) PSYoungGen: 301120K(315904K)->32K(317952K) Eden: 301056K(301056K)->0K(305152K) From: 64K(14848K)->32K(12800K)
[283.836s][info][gc,heap        ] GC(761) ParOldGen: 429265K(562176K)->429273K(562176K)
[283.836s][info][gc,metaspace   ] GC(761) Metaspace: 35285K(35968K)->35285K(35968K) NonClass: 29025K(29504K)->29025K(29504K) Class: 6259K(6464K)->6259K(6464K)
[283.836s][info][gc             ] GC(761) Pause Young (Allocation Failure) 713M->419M(859M) 2.859ms
[283.836s][info][gc,cpu         ] GC(761) User=0.00s Sys=0.00s Real=0.01s
[284.801s][info][gc,start       ] GC(762) Pause Young (Allocation Failure)
[284.804s][info][gc,heap        ] GC(762) PSYoungGen: 305184K(317952K)->64K(318464K) Eden: 305152K(305152K)->0K(305152K) From: 32K(12800K)->64K(13312K)
[284.804s][info][gc,heap        ] GC(762) ParOldGen: 429273K(562176K)->429281K(562176K)
[284.804s][info][gc,metaspace   ] GC(762) Metaspace: 35285K(35968K)->35285K(35968K) NonClass: 29025K(29504K)->29025K(29504K) Class: 6259K(6464K)->6259K(6464K)
[284.804s][info][gc             ] GC(762) Pause Young (Allocation Failure) 717M->419M(860M) 3.016ms
[284.804s][info][gc,cpu         ] GC(762) User=0.00s Sys=0.00s Real=0.00s
[285.732s][info][gc,start       ] GC(763) Pause Young (Allocation Failure)
[285.735s][info][gc,heap        ] GC(763) PSYoungGen: 305216K(318464K)->64K(293376K) Eden: 305152K(305152K)->0K(292864K) From: 64K(13312K)->64K(512K)
[285.735s][info][gc,heap        ] GC(763) ParOldGen: 429281K(562176K)->429289K(562176K)
[285.735s][info][gc,metaspace   ] GC(763) Metaspace: 35285K(35968K)->35285K(35968K) NonClass: 29025K(29504K)->29025K(29504K) Class: 6259K(6464K)->6259K(6464K)
[285.735s][info][gc             ] GC(763) Pause Young (Allocation Failure) 717M->419M(835M) 3.587ms
[285.735s][info][gc,cpu         ] GC(763) User=0.00s Sys=0.00s Real=0.00s
[286.136s][info][gc,start       ] GC(764) Pause Young (Allocation Failure)
[286.139s][info][gc,heap        ] GC(764) PSYoungGen: 292928K(293376K)->64K(292352K) Eden: 292864K(292864K)->0K(281088K) From: 64K(512K)->64K(11264K)
[286.139s][info][gc,heap        ] GC(764) ParOldGen: 429289K(562176K)->429305K(562176K)
[286.139s][info][gc,metaspace   ] GC(764) Metaspace: 35285K(35968K)->35285K(35968K) NonClass: 29025K(29504K)->29025K(29504K) Class: 6259K(6464K)->6259K(6464K)
[286.139s][info][gc             ] GC(764) Pause Young (Allocation Failure) 705M->419M(834M) 2.924ms
[286.139s][info][gc,cpu         ] GC(764) User=0.01s Sys=0.00s Real=0.00s
[286.723s][info][gc,start       ] GC(765) Pause Young (Allocation Failure)
[286.726s][info][gc,heap        ] GC(765) PSYoungGen: 281152K(292352K)->32K(270336K) Eden: 281088K(281088K)->0K(269824K) From: 64K(11264K)->32K(512K)
[286.726s][info][gc,heap        ] GC(765) ParOldGen: 429305K(562176K)->429313K(562176K)
[286.726s][info][gc,metaspace   ] GC(765) Metaspace: 35285K(35968K)->35285K(35968K) NonClass: 29025K(29504K)->29025K(29504K) Class: 6259K(6464K)->6259K(6464K)
[286.726s][info][gc             ] GC(765) Pause Young (Allocation Failure) 693M->419M(813M) 3.640ms
[286.726s][info][gc,cpu         ] GC(765) User=0.00s Sys=0.00s Real=0.01s
[287.485s][info][gc,start       ] GC(766) Pause Young (Allocation Failure)
[287.488s][info][gc,heap        ] GC(766) PSYoungGen: 269856K(270336K)->64K(269312K) Eden: 269824K(269824K)->0K(259072K) From: 32K(512K)->64K(10240K)
[287.488s][info][gc,heap        ] GC(766) ParOldGen: 429313K(562176K)->429321K(562176K)
[287.488s][info][gc,metaspace   ] GC(766) Metaspace: 35285K(35968K)->35285K(35968K) NonClass: 29025K(29504K)->29025K(29504K) Class: 6259K(6464K)->6259K(6464K)
[287.488s][info][gc             ] GC(766) Pause Young (Allocation Failure) 682M->419M(812M) 3.021ms
[287.488s][info][gc,cpu         ] GC(766) User=0.01s Sys=0.00s Real=0.01s
[287.889s][info][gc,start       ] GC(767) Pause Young (Allocation Failure)
[287.891s][info][gc,heap        ] GC(767) PSYoungGen: 259136K(269312K)->64K(249344K) Eden: 259072K(259072K)->0K(248832K) From: 64K(10240K)->64K(512K)
[287.891s][info][gc,heap        ] GC(767) ParOldGen: 429321K(562176K)->429329K(562176K)
[287.891s][info][gc,metaspace   ] GC(767) Metaspace: 35285K(35968K)->35285K(35968K) NonClass: 29025K(29504K)->29025K(29504K) Class: 6259K(6464K)->6259K(6464K)
[287.891s][info][gc             ] GC(767) Pause Young (Allocation Failure) 672M->419M(792M) 2.042ms
[287.891s][info][gc,cpu         ] GC(767) User=0.00s Sys=0.00s Real=0.00s
[287.963s][info][gc,start       ] GC(768) Pause Young (Allocation Failure)
[287.965s][info][gc,heap        ] GC(768) PSYoungGen: 248896K(249344K)->64K(292864K) Eden: 248832K(248832K)->0K(284160K) From: 64K(512K)->64K(8704K)
[287.965s][info][gc,heap        ] GC(768) ParOldGen: 429329K(562176K)->429337K(562176K)
[287.965s][info][gc,metaspace   ] GC(768) Metaspace: 35285K(35968K)->35285K(35968K) NonClass: 29025K(29504K)->29025K(29504K) Class: 6259K(6464K)->6259K(6464K)
[287.965s][info][gc             ] GC(768) Pause Young (Allocation Failure) 662M->419M(835M) 2.383ms
[287.965s][info][gc,cpu         ] GC(768) User=0.00s Sys=0.00s Real=0.00s
[288.611s][info][gc,start       ] GC(769) Pause Young (Allocation Failure)
[288.613s][info][gc,heap        ] GC(769) PSYoungGen: 284224K(292864K)->64K(273408K) Eden: 284160K(284160K)->0K(272896K) From: 64K(8704K)->64K(512K)
[288.613s][info][gc,heap        ] GC(769) ParOldGen: 429337K(562176K)->429345K(562176K)
[288.613s][info][gc,metaspace   ] GC(769) Metaspace: 35285K(35968K)->35285K(35968K) NonClass: 29025K(29504K)->29025K(29504K) Class: 6259K(6464K)->6259K(6464K)
[288.613s][info][gc             ] GC(769) Pause Young (Allocation Failure) 696M->419M(816M) 1.906ms
[288.613s][info][gc,cpu         ] GC(769) User=0.00s Sys=0.00s Real=0.00s
[288.948s][info][gc,start       ] GC(770) Pause Young (Allocation Failure)
[288.949s][info][gc,heap        ] GC(770) PSYoungGen: 272960K(273408K)->64K(269824K) Eden: 272896K(272896K)->0K(262144K) From: 64K(512K)->64K(7680K)
[288.949s][info][gc,heap        ] GC(770) ParOldGen: 429345K(562176K)->429353K(562176K)
[288.949s][info][gc,metaspace   ] GC(770) Metaspace: 35285K(35968K)->35285K(35968K) NonClass: 29025K(29504K)->29025K(29504K) Class: 6259K(6464K)->6259K(6464K)
[288.949s][info][gc             ] GC(770) Pause Young (Allocation Failure) 685M->419M(812M) 1.612ms
[288.949s][info][gc,cpu         ] GC(770) User=0.01s Sys=0.00s Real=0.00s
[289.302s][info][gc,start       ] GC(771) Pause Young (Allocation Failure)
[289.346s][info][gc,heap        ] GC(771) PSYoungGen: 262208K(269824K)->7168K(293376K) Eden: 262144K(262144K)->0K(286208K) From: 64K(7680K)->7168K(7168K)
[289.346s][info][gc,heap        ] GC(771) ParOldGen: 429353K(562176K)->445025K(562176K)
[289.346s][info][gc,metaspace   ] GC(771) Metaspace: 35285K(35968K)->35285K(35968K) NonClass: 29025K(29504K)->29025K(29504K) Class: 6259K(6464K)->6259K(6464K)
[289.346s][info][gc             ] GC(771) Pause Young (Allocation Failure) 675M->441M(835M) 43.719ms
[289.346s][info][gc,cpu         ] GC(771) User=0.08s Sys=0.01s Real=0.05s
[289.672s][info][gc,start       ] GC(772) Pause Young (Allocation Failure)
[289.735s][info][gc,heap        ] GC(772) PSYoungGen: 293376K(293376K)->14336K(300544K) Eden: 286208K(286208K)->0K(286208K) From: 7168K(7168K)->14336K(14336K)
[289.735s][info][gc,heap        ] GC(772) ParOldGen: 445025K(562176K)->461793K(562176K)
[289.735s][info][gc,metaspace   ] GC(772) Metaspace: 35285K(35968K)->35285K(35968K) NonClass: 29025K(29504K)->29025K(29504K) Class: 6259K(6464K)->6259K(6464K)
[289.735s][info][gc             ] GC(772) Pause Young (Allocation Failure) 721M->464M(842M) 63.317ms
[289.735s][info][gc,cpu         ] GC(772) User=0.11s Sys=0.00s Real=0.06s
[289.938s][info][gc,start       ] GC(773) Pause Young (Allocation Failure)
[289.977s][info][gc,heap        ] GC(773) PSYoungGen: 300544K(300544K)->15616K(306688K) Eden: 286208K(286208K)->0K(282624K) From: 14336K(14336K)->15616K(24064K)
[289.977s][info][gc,heap        ] GC(773) ParOldGen: 461793K(562176K)->462401K(562176K)
[289.978s][info][gc,metaspace   ] GC(773) Metaspace: 35285K(35968K)->35285K(35968K) NonClass: 29025K(29504K)->29025K(29504K) Class: 6259K(6464K)->6259K(6464K)
[289.978s][info][gc             ] GC(773) Pause Young (Allocation Failure) 744M->466M(848M) 39.172ms
[289.978s][info][gc,cpu         ] GC(773) User=0.06s Sys=0.01s Real=0.04s
[290.358s][info][gc,start       ] GC(774) Pause Young (Allocation Failure)
[290.359s][info][gc,heap        ] GC(774) PSYoungGen: 298240K(306688K)->64K(308224K) Eden: 282624K(282624K)->0K(282624K) From: 15616K(24064K)->64K(25600K)
[290.359s][info][gc,heap        ] GC(774) ParOldGen: 462401K(562176K)->462409K(562176K)
[290.359s][info][gc,metaspace   ] GC(774) Metaspace: 35285K(35968K)->35285K(35968K) NonClass: 29025K(29504K)->29025K(29504K) Class: 6259K(6464K)->6259K(6464K)
[290.359s][info][gc             ] GC(774) Pause Young (Allocation Failure) 742M->451M(850M) 1.710ms
[290.359s][info][gc,cpu         ] GC(774) User=0.00s Sys=0.00s Real=0.00s
[290.999s][info][gc,start       ] GC(775) Pause Young (Allocation Failure)
[291.001s][info][gc,heap        ] GC(775) PSYoungGen: 282688K(308224K)->32K(305664K) Eden: 282624K(282624K)->0K(283136K) From: 64K(25600K)->32K(22528K)
[291.001s][info][gc,heap        ] GC(775) ParOldGen: 462409K(562176K)->462417K(562176K)
[291.001s][info][gc,metaspace   ] GC(775) Metaspace: 35285K(35968K)->35285K(35968K) NonClass: 29025K(29504K)->29025K(29504K) Class: 6259K(6464K)->6259K(6464K)
[291.001s][info][gc             ] GC(775) Pause Young (Allocation Failure) 727M->451M(847M) 1.836ms
[291.001s][info][gc,cpu         ] GC(775) User=0.00s Sys=0.00s Real=0.00s
[291.454s][info][gc,start       ] GC(776) Pause Young (Allocation Failure)
[291.456s][info][gc,heap        ] GC(776) PSYoungGen: 283168K(305664K)->64K(307200K) Eden: 283136K(283136K)->0K(283136K) From: 32K(22528K)->64K(24064K)
[291.456s][info][gc,heap        ] GC(776) ParOldGen: 462417K(562176K)->462433K(562176K)
[291.456s][info][gc,metaspace   ] GC(776) Metaspace: 35285K(35968K)->35285K(35968K) NonClass: 29025K(29504K)->29025K(29504K) Class: 6259K(6464K)->6259K(6464K)
[291.456s][info][gc             ] GC(776) Pause Young (Allocation Failure) 728M->451M(849M) 1.728ms
[291.456s][info][gc,cpu         ] GC(776) User=0.01s Sys=0.00s Real=0.01s
[291.683s][info][gc,start       ] GC(777) Pause Young (Allocation Failure)
[291.685s][info][gc,heap        ] GC(777) PSYoungGen: 283200K(307200K)->64K(307200K) Eden: 283136K(283136K)->0K(286720K) From: 64K(24064K)->64K(20480K)
[291.685s][info][gc,heap        ] GC(777) ParOldGen: 462433K(562176K)->462449K(562176K)
[291.685s][info][gc,metaspace   ] GC(777) Metaspace: 35285K(35968K)->35285K(35968K) NonClass: 29025K(29504K)->29025K(29504K) Class: 6259K(6464K)->6259K(6464K)
[291.685s][info][gc             ] GC(777) Pause Young (Allocation Failure) 728M->451M(849M) 1.839ms
[291.685s][info][gc,cpu         ] GC(777) User=0.01s Sys=0.00s Real=0.00s
[291.913s][info][gc,start       ] GC(778) Pause Young (Allocation Failure)
[291.915s][info][gc,heap        ] GC(778) PSYoungGen: 286784K(307200K)->64K(308736K) Eden: 286720K(286720K)->0K(286720K) From: 64K(20480K)->64K(22016K)
[291.915s][info][gc,heap        ] GC(778) ParOldGen: 462449K(562176K)->462449K(562176K)
[291.915s][info][gc,metaspace   ] GC(778) Metaspace: 35285K(35968K)->35285K(35968K) NonClass: 29025K(29504K)->29025K(29504K) Class: 6259K(6464K)->6259K(6464K)
[291.915s][info][gc             ] GC(778) Pause Young (Allocation Failure) 731M->451M(850M) 1.887ms
[291.915s][info][gc,cpu         ] GC(778) User=0.01s Sys=0.00s Real=0.00s
[292.262s][info][gc,start       ] GC(779) Pause Young (Allocation Failure)
[292.264s][info][gc,heap        ] GC(779) PSYoungGen: 286784K(308736K)->64K(309248K) Eden: 286720K(286720K)->0K(290816K) From: 64K(22016K)->64K(18432K)
[292.264s][info][gc,heap        ] GC(779) ParOldGen: 462449K(562176K)->462449K(562176K)
[292.264s][info][gc,metaspace   ] GC(779) Metaspace: 35285K(35968K)->35285K(35968K) NonClass: 29025K(29504K)->29025K(29504K) Class: 6259K(6464K)->6259K(6464K)
[292.264s][info][gc             ] GC(779) Pause Young (Allocation Failure) 731M->451M(851M) 1.802ms
[292.264s][info][gc,cpu         ] GC(779) User=0.01s Sys=0.00s Real=0.00s
[292.401s][info][gc,start       ] GC(780) Pause Young (Allocation Failure)
[292.404s][info][gc,heap        ] GC(780) PSYoungGen: 290880K(309248K)->64K(310784K) Eden: 290816K(290816K)->0K(290816K) From: 64K(18432K)->64K(19968K)
[292.404s][info][gc,heap        ] GC(780) ParOldGen: 462449K(562176K)->462457K(562176K)
[292.404s][info][gc,metaspace   ] GC(780) Metaspace: 35285K(35968K)->35285K(35968K) NonClass: 29025K(29504K)->29025K(29504K) Class: 6259K(6464K)->6259K(6464K)
[292.404s][info][gc             ] GC(780) Pause Young (Allocation Failure) 735M->451M(852M) 2.433ms
[292.404s][info][gc,cpu         ] GC(780) User=0.01s Sys=0.00s Real=0.00s
[292.457s][info][gc,start       ] GC(781) Pause Young (Allocation Failure)
[292.460s][info][gc,heap        ] GC(781) PSYoungGen: 290880K(310784K)->32K(311296K) Eden: 290816K(290816K)->0K(294912K) From: 64K(19968K)->32K(16384K)
[292.460s][info][gc,heap        ] GC(781) ParOldGen: 462457K(562176K)->462473K(562176K)
[292.460s][info][gc,metaspace   ] GC(781) Metaspace: 35285K(35968K)->35285K(35968K) NonClass: 29025K(29504K)->29025K(29504K) Class: 6259K(6464K)->6259K(6464K)
[292.460s][info][gc             ] GC(781) Pause Young (Allocation Failure) 735M->451M(853M) 3.171ms
[292.460s][info][gc,cpu         ] GC(781) User=0.00s Sys=0.00s Real=0.00s
[292.573s][info][gc,start       ] GC(782) Pause Young (Allocation Failure)
[292.576s][info][gc,heap        ] GC(782) PSYoungGen: 294944K(311296K)->32K(312832K) Eden: 294912K(294912K)->0K(294912K) From: 32K(16384K)->32K(17920K)
[292.576s][info][gc,heap        ] GC(782) ParOldGen: 462473K(562176K)->462473K(562176K)
[292.576s][info][gc,metaspace   ] GC(782) Metaspace: 35285K(35968K)->35285K(35968K) NonClass: 29025K(29504K)->29025K(29504K) Class: 6259K(6464K)->6259K(6464K)
[292.576s][info][gc             ] GC(782) Pause Young (Allocation Failure) 739M->451M(854M) 3.146ms
[292.576s][info][gc,cpu         ] GC(782) User=0.01s Sys=0.00s Real=0.00s
[292.791s][info][gc,start       ] GC(783) Pause Young (Allocation Failure)
[292.795s][info][gc,heap        ] GC(783) PSYoungGen: 294944K(312832K)->64K(314368K) Eden: 294912K(294912K)->0K(299008K) From: 32K(17920K)->64K(15360K)
[292.795s][info][gc,heap        ] GC(783) ParOldGen: 462473K(562176K)->462481K(562176K)
[292.795s][info][gc,metaspace   ] GC(783) Metaspace: 35285K(35968K)->35285K(35968K) NonClass: 29025K(29504K)->29025K(29504K) Class: 6259K(6464K)->6259K(6464K)
[292.795s][info][gc             ] GC(783) Pause Young (Allocation Failure) 739M->451M(856M) 4.023ms
[292.795s][info][gc,cpu         ] GC(783) User=0.00s Sys=0.01s Real=0.00s
[292.975s][info][gc,start       ] GC(784) Pause Young (Allocation Failure)
[292.978s][info][gc,heap        ] GC(784) PSYoungGen: 299072K(314368K)->32K(315392K) Eden: 299008K(299008K)->0K(299008K) From: 64K(15360K)->32K(16384K)
[292.978s][info][gc,heap        ] GC(784) ParOldGen: 462481K(562176K)->462489K(562176K)
[292.978s][info][gc,metaspace   ] GC(784) Metaspace: 35285K(35968K)->35285K(35968K) NonClass: 29025K(29504K)->29025K(29504K) Class: 6259K(6464K)->6259K(6464K)
[292.978s][info][gc             ] GC(784) Pause Young (Allocation Failure) 743M->451M(857M) 3.077ms
[292.978s][info][gc,cpu         ] GC(784) User=0.00s Sys=0.00s Real=0.01s
[293.060s][info][gc,start       ] GC(785) Pause Young (Allocation Failure)
[293.062s][info][gc,heap        ] GC(785) PSYoungGen: 299040K(315392K)->32K(315392K) Eden: 299008K(299008K)->0K(302080K) From: 32K(16384K)->32K(13312K)
[293.062s][info][gc,heap        ] GC(785) ParOldGen: 462489K(562176K)->462497K(562176K)
[293.062s][info][gc,metaspace   ] GC(785) Metaspace: 35285K(35968K)->35285K(35968K) NonClass: 29025K(29504K)->29025K(29504K) Class: 6259K(6464K)->6259K(6464K)
[293.062s][info][gc             ] GC(785) Pause Young (Allocation Failure) 743M->451M(857M) 2.038ms
[293.062s][info][gc,cpu         ] GC(785) User=0.01s Sys=0.00s Real=0.00s
[293.212s][info][gc,start       ] GC(786) Pause Young (Allocation Failure)
[293.214s][info][gc,heap        ] GC(786) PSYoungGen: 302112K(315392K)->64K(316416K) Eden: 302080K(302080K)->0K(302080K) From: 32K(13312K)->64K(14336K)
[293.214s][info][gc,heap        ] GC(786) ParOldGen: 462497K(562176K)->462497K(562176K)
[293.214s][info][gc,metaspace   ] GC(786) Metaspace: 35285K(35968K)->35285K(35968K) NonClass: 29025K(29504K)->29025K(29504K) Class: 6259K(6464K)->6259K(6464K)
[293.214s][info][gc             ] GC(786) Pause Young (Allocation Failure) 746M->451M(858M) 2.141ms
[293.215s][info][gc,cpu         ] GC(786) User=0.00s Sys=0.00s Real=0.00s
[293.643s][info][gc,start       ] GC(787) Pause Young (Allocation Failure)
[293.645s][info][gc,heap        ] GC(787) PSYoungGen: 302144K(316416K)->32K(317440K) Eden: 302080K(302080K)->0K(306176K) From: 64K(14336K)->32K(11264K)
[293.645s][info][gc,heap        ] GC(787) ParOldGen: 462497K(562176K)->462505K(562176K)
[293.646s][info][gc,metaspace   ] GC(787) Metaspace: 35285K(35968K)->35285K(35968K) NonClass: 29025K(29504K)->29025K(29504K) Class: 6259K(6464K)->6259K(6464K)
[293.646s][info][gc             ] GC(787) Pause Young (Allocation Failure) 746M->451M(859M) 2.495ms
[293.646s][info][gc,cpu         ] GC(787) User=0.01s Sys=0.00s Real=0.00s
[295.110s][info][gc,start       ] GC(788) Pause Young (Allocation Failure)
[295.112s][info][gc,heap        ] GC(788) PSYoungGen: 306208K(317440K)->64K(318464K) Eden: 306176K(306176K)->0K(306176K) From: 32K(11264K)->64K(12288K)
[295.112s][info][gc,heap        ] GC(788) ParOldGen: 462505K(562176K)->462513K(562176K)
[295.112s][info][gc,metaspace   ] GC(788) Metaspace: 35285K(35968K)->35285K(35968K) NonClass: 29025K(29504K)->29025K(29504K) Class: 6259K(6464K)->6259K(6464K)
[295.112s][info][gc             ] GC(788) Pause Young (Allocation Failure) 750M->451M(860M) 1.759ms
[295.112s][info][gc,cpu         ] GC(788) User=0.00s Sys=0.00s Real=0.00s
[295.333s][info][gc,start       ] GC(789) Pause Young (Allocation Failure)
[295.335s][info][gc,heap        ] GC(789) PSYoungGen: 306240K(318464K)->32K(318976K) Eden: 306176K(306176K)->0K(309760K) From: 64K(12288K)->32K(9216K)
[295.335s][info][gc,heap        ] GC(789) ParOldGen: 462513K(562176K)->462521K(562176K)
[295.335s][info][gc,metaspace   ] GC(789) Metaspace: 35285K(35968K)->35285K(35968K) NonClass: 29025K(29504K)->29025K(29504K) Class: 6259K(6464K)->6259K(6464K)
[295.335s][info][gc             ] GC(789) Pause Young (Allocation Failure) 750M->451M(860M) 2.172ms
[295.335s][info][gc,cpu         ] GC(789) User=0.00s Sys=0.00s Real=0.00s
[295.864s][info][gc,start       ] GC(790) Pause Young (Allocation Failure)
[295.866s][info][gc,heap        ] GC(790) PSYoungGen: 309792K(318976K)->64K(297984K) Eden: 309760K(309760K)->0K(297472K) From: 32K(9216K)->64K(512K)
[295.866s][info][gc,heap        ] GC(790) ParOldGen: 462521K(562176K)->462529K(562176K)
[295.866s][info][gc,metaspace   ] GC(790) Metaspace: 35285K(35968K)->35285K(35968K) NonClass: 29025K(29504K)->29025K(29504K) Class: 6259K(6464K)->6259K(6464K)
[295.866s][info][gc             ] GC(790) Pause Young (Allocation Failure) 754M->451M(840M) 2.024ms
[295.866s][info][gc,cpu         ] GC(790) User=0.00s Sys=0.00s Real=0.01s
[296.880s][info][gc,start       ] GC(791) Pause Young (Allocation Failure)
[296.883s][info][gc,heap        ] GC(791) PSYoungGen: 297536K(297984K)->64K(286208K) Eden: 297472K(297472K)->0K(285696K) From: 64K(512K)->64K(512K)
[296.883s][info][gc,heap        ] GC(791) ParOldGen: 462529K(562176K)->462537K(562176K)
[296.883s][info][gc,metaspace   ] GC(791) Metaspace: 35285K(35968K)->35285K(35968K) NonClass: 29025K(29504K)->29025K(29504K) Class: 6259K(6464K)->6259K(6464K)
[296.883s][info][gc             ] GC(791) Pause Young (Allocation Failure) 742M->451M(828M) 2.882ms
[296.883s][info][gc,cpu         ] GC(791) User=0.00s Sys=0.00s Real=0.00s
[297.277s][info][gc,start       ] GC(792) Pause Young (Allocation Failure)
[297.278s][info][gc,heap        ] GC(792) PSYoungGen: 285760K(286208K)->32K(284160K) Eden: 285696K(285696K)->0K(274432K) From: 64K(512K)->32K(9728K)
[297.278s][info][gc,heap        ] GC(792) ParOldGen: 462537K(562176K)->462545K(562176K)
[297.278s][info][gc,metaspace   ] GC(792) Metaspace: 35285K(35968K)->35285K(35968K) NonClass: 29025K(29504K)->29025K(29504K) Class: 6259K(6464K)->6259K(6464K)
[297.278s][info][gc             ] GC(792) Pause Young (Allocation Failure) 730M->451M(826M) 1.818ms
[297.278s][info][gc,cpu         ] GC(792) User=0.01s Sys=0.00s Real=0.00s
[297.398s][info][gc,start       ] GC(793) Pause Young (Allocation Failure)
[297.401s][info][gc,heap        ] GC(793) PSYoungGen: 274464K(284160K)->64K(264192K) Eden: 274432K(274432K)->0K(263680K) From: 32K(9728K)->64K(512K)
[297.401s][info][gc,heap        ] GC(793) ParOldGen: 462545K(562176K)->462553K(562176K)
[297.401s][info][gc,metaspace   ] GC(793) Metaspace: 35285K(35968K)->35285K(35968K) NonClass: 29025K(29504K)->29025K(29504K) Class: 6259K(6464K)->6259K(6464K)
[297.401s][info][gc             ] GC(793) Pause Young (Allocation Failure) 719M->451M(807M) 2.640ms
[297.401s][info][gc,cpu         ] GC(793) User=0.00s Sys=0.01s Real=0.00s
[297.957s][info][gc,start       ] GC(794) Pause Young (Allocation Failure)
[297.959s][info][gc,heap        ] GC(794) PSYoungGen: 263744K(264192K)->64K(261632K) Eden: 263680K(263680K)->0K(253440K) From: 64K(512K)->64K(8192K)
[297.959s][info][gc,heap        ] GC(794) ParOldGen: 462553K(562176K)->462561K(562176K)
[297.959s][info][gc,metaspace   ] GC(794) Metaspace: 35285K(35968K)->35285K(35968K) NonClass: 29025K(29504K)->29025K(29504K) Class: 6259K(6464K)->6259K(6464K)
[297.959s][info][gc             ] GC(794) Pause Young (Allocation Failure) 709M->451M(804M) 1.961ms
[297.959s][info][gc,cpu         ] GC(794) User=0.01s Sys=0.00s Real=0.00s
[298.300s][info][gc,start       ] GC(795) Pause Young (Allocation Failure)
[298.303s][info][gc,heap        ] GC(795) PSYoungGen: 253504K(261632K)->32K(244224K) Eden: 253440K(253440K)->0K(243712K) From: 64K(8192K)->32K(512K)
[298.303s][info][gc,heap        ] GC(795) ParOldGen: 462561K(562176K)->462569K(562176K)
[298.303s][info][gc,metaspace   ] GC(795) Metaspace: 35285K(35968K)->35285K(35968K) NonClass: 29025K(29504K)->29025K(29504K) Class: 6259K(6464K)->6259K(6464K)
[298.303s][info][gc             ] GC(795) Pause Young (Allocation Failure) 699M->451M(787M) 2.761ms
[298.303s][info][gc,cpu         ] GC(795) User=0.00s Sys=0.00s Real=0.00s
[298.675s][info][gc,start       ] GC(796) Pause Young (Allocation Failure)
[298.707s][info][gc,heap        ] GC(796) PSYoungGen: 243744K(244224K)->7168K(290304K) Eden: 243712K(243712K)->0K(283136K) From: 32K(512K)->7168K(7168K)
[298.707s][info][gc,heap        ] GC(796) ParOldGen: 462569K(562176K)->470433K(562176K)
[298.707s][info][gc,metaspace   ] GC(796) Metaspace: 35285K(35968K)->35285K(35968K) NonClass: 29025K(29504K)->29025K(29504K) Class: 6259K(6464K)->6259K(6464K)
[298.707s][info][gc             ] GC(796) Pause Young (Allocation Failure) 689M->466M(832M) 32.339ms
[298.707s][info][gc,cpu         ] GC(796) User=0.06s Sys=0.00s Real=0.04s
[299.034s][info][gc,start       ] GC(797) Pause Young (Allocation Failure)
[299.095s][info][gc,heap        ] GC(797) PSYoungGen: 290304K(290304K)->11776K(294912K) Eden: 283136K(283136K)->0K(283136K) From: 7168K(7168K)->11776K(11776K)
[299.095s][info][gc,heap        ] GC(797) ParOldGen: 470433K(562176K)->489145K(562176K)
[299.095s][info][gc,metaspace   ] GC(797) Metaspace: 35285K(35968K)->35285K(35968K) NonClass: 29025K(29504K)->29025K(29504K) Class: 6259K(6464K)->6259K(6464K)
[299.095s][info][gc             ] GC(797) Pause Young (Allocation Failure) 742M->489M(837M) 61.445ms
[299.095s][info][gc,cpu         ] GC(797) User=0.11s Sys=0.01s Real=0.06s
[299.363s][info][gc,start       ] GC(798) Pause Young (Allocation Failure)
[299.409s][info][gc,heap        ] GC(798) PSYoungGen: 294912K(294912K)->21504K(304640K) Eden: 283136K(283136K)->0K(283136K) From: 11776K(11776K)->21504K(21504K)
[299.409s][info][gc,heap        ] GC(798) ParOldGen: 489145K(562176K)->492041K(562176K)
[299.409s][info][gc,metaspace   ] GC(798) Metaspace: 35285K(35968K)->35285K(35968K) NonClass: 29025K(29504K)->29025K(29504K) Class: 6259K(6464K)->6259K(6464K)
[299.409s][info][gc             ] GC(798) Pause Young (Allocation Failure) 765M->501M(846M) 46.255ms
[299.409s][info][gc,cpu         ] GC(798) User=0.08s Sys=0.01s Real=0.05s
[299.603s][info][gc,start       ] GC(799) Pause Young (Allocation Failure)
[299.605s][info][gc,heap        ] GC(799) PSYoungGen: 304640K(304640K)->64K(307712K) Eden: 283136K(283136K)->0K(280576K) From: 21504K(21504K)->64K(27136K)
[299.605s][info][gc,heap        ] GC(799) ParOldGen: 492041K(562176K)->492137K(562176K)
[299.605s][info][gc,metaspace   ] GC(799) Metaspace: 35285K(35968K)->35285K(35968K) NonClass: 29025K(29504K)->29025K(29504K) Class: 6259K(6464K)->6259K(6464K)
[299.605s][info][gc             ] GC(799) Pause Young (Allocation Failure) 778M->480M(849M) 2.425ms
[299.605s][info][gc,cpu         ] GC(799) User=0.00s Sys=0.00s Real=0.00s
[300.333s][info][gc,start       ] GC(800) Pause Young (Allocation Failure)
[300.335s][info][gc,heap        ] GC(800) PSYoungGen: 280640K(307712K)->64K(281088K) Eden: 280576K(280576K)->0K(280576K) From: 64K(27136K)->64K(512K)
[300.335s][info][gc,heap        ] GC(800) ParOldGen: 492137K(562176K)->492153K(562176K)
[300.335s][info][gc,metaspace   ] GC(800) Metaspace: 35285K(35968K)->35285K(35968K) NonClass: 29025K(29504K)->29025K(29504K) Class: 6259K(6464K)->6259K(6464K)
[300.335s][info][gc             ] GC(800) Pause Young (Allocation Failure) 754M->480M(823M) 1.805ms
[300.335s][info][gc,cpu         ] GC(800) User=0.00s Sys=0.00s Real=0.00s
[300.613s][info][gc,start       ] GC(801) Pause Young (Allocation Failure)
[300.615s][info][gc,heap        ] GC(801) PSYoungGen: 280640K(281088K)->64K(306688K) Eden: 280576K(280576K)->0K(281600K) From: 64K(512K)->64K(25088K)
[300.615s][info][gc,heap        ] GC(801) ParOldGen: 492153K(562176K)->492153K(562176K)
[300.615s][info][gc,metaspace   ] GC(801) Metaspace: 35285K(35968K)->35285K(35968K) NonClass: 29025K(29504K)->29025K(29504K) Class: 6259K(6464K)->6259K(6464K)
[300.615s][info][gc             ] GC(801) Pause Young (Allocation Failure) 754M->480M(848M) 1.785ms
[300.615s][info][gc,cpu         ] GC(801) User=0.00s Sys=0.00s Real=0.00s
[301.057s][info][gc,start       ] GC(802) Pause Young (Allocation Failure)
[301.059s][info][gc,heap        ] GC(802) PSYoungGen: 281664K(306688K)->64K(305664K) Eden: 281600K(281600K)->0K(281600K) From: 64K(25088K)->64K(24064K)
[301.059s][info][gc,heap        ] GC(802) ParOldGen: 492153K(562176K)->492169K(562176K)
[301.059s][info][gc,metaspace   ] GC(802) Metaspace: 35285K(35968K)->35285K(35968K) NonClass: 29025K(29504K)->29025K(29504K) Class: 6259K(6464K)->6259K(6464K)
[301.059s][info][gc             ] GC(802) Pause Young (Allocation Failure) 755M->480M(847M) 1.806ms
[301.059s][info][gc,cpu         ] GC(802) User=0.01s Sys=0.00s Real=0.00s
[301.283s][info][gc,start       ] GC(803) Pause Young (Allocation Failure)
[301.284s][info][gc,heap        ] GC(803) PSYoungGen: 281664K(305664K)->64K(308736K) Eden: 281600K(281600K)->0K(285696K) From: 64K(24064K)->64K(23040K)
[301.284s][info][gc,heap        ] GC(803) ParOldGen: 492169K(562176K)->492185K(562176K)
[301.284s][info][gc,metaspace   ] GC(803) Metaspace: 35285K(35968K)->35285K(35968K) NonClass: 29025K(29504K)->29025K(29504K) Class: 6259K(6464K)->6259K(6464K)
[301.284s][info][gc             ] GC(803) Pause Young (Allocation Failure) 755M->480M(850M) 1.747ms
[301.284s][info][gc,cpu         ] GC(803) User=0.00s Sys=0.00s Real=0.00s
[301.518s][info][gc,start       ] GC(804) Pause Young (Allocation Failure)
[301.520s][info][gc,heap        ] GC(804) PSYoungGen: 285760K(308736K)->64K(307712K) Eden: 285696K(285696K)->0K(285696K) From: 64K(23040K)->64K(22016K)
[301.520s][info][gc,heap        ] GC(804) ParOldGen: 492185K(562176K)->492185K(562176K)
[301.520s][info][gc,metaspace   ] GC(804) Metaspace: 35285K(35968K)->35285K(35968K) NonClass: 29025K(29504K)->29025K(29504K) Class: 6259K(6464K)->6259K(6464K)
[301.520s][info][gc             ] GC(804) Pause Young (Allocation Failure) 759M->480M(849M) 2.316ms
[301.520s][info][gc,cpu         ] GC(804) User=0.01s Sys=0.00s Real=0.00s
[301.832s][info][gc,start       ] GC(805) Pause Young (Allocation Failure)
[301.834s][info][gc,heap        ] GC(805) PSYoungGen: 285760K(307712K)->64K(310784K) Eden: 285696K(285696K)->0K(289792K) From: 64K(22016K)->64K(20992K)
[301.834s][info][gc,heap        ] GC(805) ParOldGen: 492185K(562176K)->492185K(562176K)
[301.834s][info][gc,metaspace   ] GC(805) Metaspace: 35285K(35968K)->35285K(35968K) NonClass: 29025K(29504K)->29025K(29504K) Class: 6259K(6464K)->6259K(6464K)
[301.834s][info][gc             ] GC(805) Pause Young (Allocation Failure) 759M->480M(852M) 1.754ms
[301.834s][info][gc,cpu         ] GC(805) User=0.00s Sys=0.00s Real=0.00s
[301.886s][info][gc,start       ] GC(806) Pause Young (Allocation Failure)
[301.888s][info][gc,heap        ] GC(806) PSYoungGen: 289856K(310784K)->64K(309760K) Eden: 289792K(289792K)->0K(289792K) From: 64K(20992K)->64K(19968K)
[301.888s][info][gc,heap        ] GC(806) ParOldGen: 492185K(562176K)->492201K(562176K)
[301.888s][info][gc,metaspace   ] GC(806) Metaspace: 35285K(35968K)->35285K(35968K) NonClass: 29025K(29504K)->29025K(29504K) Class: 6259K(6464K)->6259K(6464K)
[301.888s][info][gc             ] GC(806) Pause Young (Allocation Failure) 763M->480M(851M) 1.787ms
[301.888s][info][gc,cpu         ] GC(806) User=0.01s Sys=0.00s Real=0.00s
[301.942s][info][gc,start       ] GC(807) Pause Young (Allocation Failure)
[301.944s][info][gc,heap        ] GC(807) PSYoungGen: 289856K(309760K)->64K(312832K) Eden: 289792K(289792K)->0K(293888K) From: 64K(19968K)->64K(18944K)
[301.944s][info][gc,heap        ] GC(807) ParOldGen: 492201K(562176K)->492201K(562176K)
[301.944s][info][gc,metaspace   ] GC(807) Metaspace: 35285K(35968K)->35285K(35968K) NonClass: 29025K(29504K)->29025K(29504K) Class: 6259K(6464K)->6259K(6464K)
[301.944s][info][gc             ] GC(807) Pause Young (Allocation Failure) 763M->480M(854M) 2.182ms
[301.944s][info][gc,cpu         ] GC(807) User=0.00s Sys=0.00s Real=0.00s
[302.159s][info][gc,start       ] GC(808) Pause Young (Allocation Failure)
[302.161s][info][gc,heap        ] GC(808) PSYoungGen: 293952K(312832K)->32K(311808K) Eden: 293888K(293888K)->0K(293888K) From: 64K(18944K)->32K(17920K)
[302.161s][info][gc,heap        ] GC(808) ParOldGen: 492201K(562176K)->492217K(562176K)
[302.161s][info][gc,metaspace   ] GC(808) Metaspace: 35285K(35968K)->35285K(35968K) NonClass: 29025K(29504K)->29025K(29504K) Class: 6259K(6464K)->6259K(6464K)
[302.161s][info][gc             ] GC(808) Pause Young (Allocation Failure) 767M->480M(853M) 2.239ms
[302.161s][info][gc,cpu         ] GC(808) User=0.00s Sys=0.00s Real=0.00s
[302.372s][info][gc,start       ] GC(809) Pause Young (Allocation Failure)
[302.374s][info][gc,heap        ] GC(809) PSYoungGen: 293920K(311808K)->32K(314880K) Eden: 293888K(293888K)->0K(297984K) From: 32K(17920K)->32K(16896K)
[302.374s][info][gc,heap        ] GC(809) ParOldGen: 492217K(562176K)->492217K(562176K)
[302.374s][info][gc,metaspace   ] GC(809) Metaspace: 35285K(35968K)->35285K(35968K) NonClass: 29025K(29504K)->29025K(29504K) Class: 6259K(6464K)->6259K(6464K)
[302.374s][info][gc             ] GC(809) Pause Young (Allocation Failure) 767M->480M(856M) 1.940ms
[302.374s][info][gc,cpu         ] GC(809) User=0.01s Sys=0.00s Real=0.00s
[302.469s][info][gc,start       ] GC(810) Pause Young (Allocation Failure)
[302.471s][info][gc,heap        ] GC(810) PSYoungGen: 298016K(314880K)->32K(313856K) Eden: 297984K(297984K)->0K(297984K) From: 32K(16896K)->32K(15872K)
[302.471s][info][gc,heap        ] GC(810) ParOldGen: 492217K(562176K)->492225K(562176K)
[302.471s][info][gc,metaspace   ] GC(810) Metaspace: 35285K(35968K)->35285K(35968K) NonClass: 29025K(29504K)->29025K(29504K) Class: 6259K(6464K)->6259K(6464K)
[302.471s][info][gc             ] GC(810) Pause Young (Allocation Failure) 771M->480M(855M) 2.170ms
[302.471s][info][gc,cpu         ] GC(810) User=0.00s Sys=0.00s Real=0.00s
[302.583s][info][gc,start       ] GC(811) Pause Young (Allocation Failure)
[302.585s][info][gc,heap        ] GC(811) PSYoungGen: 298016K(313856K)->64K(316928K) Eden: 297984K(297984K)->0K(302080K) From: 32K(15872K)->64K(14848K)
[302.585s][info][gc,heap        ] GC(811) ParOldGen: 492225K(562176K)->492233K(562176K)
[302.585s][info][gc,metaspace   ] GC(811) Metaspace: 35285K(35968K)->35285K(35968K) NonClass: 29025K(29504K)->29025K(29504K) Class: 6259K(6464K)->6259K(6464K)
[302.585s][info][gc             ] GC(811) Pause Young (Allocation Failure) 771M->480M(858M) 2.060ms
[302.585s][info][gc,cpu         ] GC(811) User=0.00s Sys=0.00s Real=0.00s
[302.947s][info][gc,start       ] GC(812) Pause Young (Allocation Failure)
[302.949s][info][gc,heap        ] GC(812) PSYoungGen: 302144K(316928K)->32K(315904K) Eden: 302080K(302080K)->0K(302080K) From: 64K(14848K)->32K(13824K)
[302.949s][info][gc,heap        ] GC(812) ParOldGen: 492233K(562176K)->492241K(562176K)
[302.949s][info][gc,metaspace   ] GC(812) Metaspace: 35285K(35968K)->35285K(35968K) NonClass: 29025K(29504K)->29025K(29504K) Class: 6259K(6464K)->6259K(6464K)
[302.949s][info][gc             ] GC(812) Pause Young (Allocation Failure) 775M->480M(857M) 2.102ms
[302.949s][info][gc,cpu         ] GC(812) User=0.00s Sys=0.00s Real=0.00s
[303.707s][info][gc,start       ] GC(813) Pause Young (Allocation Failure)
[303.709s][info][gc,heap        ] GC(813) PSYoungGen: 302112K(315904K)->51K(318464K) Eden: 302080K(302080K)->0K(305664K) From: 32K(13824K)->51K(12800K)
[303.709s][info][gc,heap        ] GC(813) ParOldGen: 492241K(562176K)->492249K(562176K)
[303.709s][info][gc,metaspace   ] GC(813) Metaspace: 35285K(35968K)->35285K(35968K) NonClass: 29025K(29504K)->29025K(29504K) Class: 6259K(6464K)->6259K(6464K)
[303.709s][info][gc             ] GC(813) Pause Young (Allocation Failure) 775M->480M(860M) 2.356ms
[303.709s][info][gc,cpu         ] GC(813) User=0.00s Sys=0.00s Real=0.00s
[304.711s][info][gc,start       ] GC(814) Pause Young (Allocation Failure)
[304.714s][info][gc,heap        ] GC(814) PSYoungGen: 305715K(318464K)->32K(293888K) Eden: 305664K(305664K)->0K(293376K) From: 51K(12800K)->32K(512K)
[304.714s][info][gc,heap        ] GC(814) ParOldGen: 492249K(562176K)->492257K(562176K)
[304.714s][info][gc,metaspace   ] GC(814) Metaspace: 35285K(35968K)->35285K(35968K) NonClass: 29025K(29504K)->29025K(29504K) Class: 6259K(6464K)->6259K(6464K)
[304.714s][info][gc             ] GC(814) Pause Young (Allocation Failure) 779M->480M(836M) 2.822ms
[304.714s][info][gc,cpu         ] GC(814) User=0.00s Sys=0.00s Real=0.00s
[305.159s][info][gc,start       ] GC(815) Pause Young (Allocation Failure)
[305.162s][info][gc,heap        ] GC(815) PSYoungGen: 293408K(293888K)->32K(282112K) Eden: 293376K(293376K)->0K(281600K) From: 32K(512K)->32K(512K)
[305.162s][info][gc,heap        ] GC(815) ParOldGen: 492257K(562176K)->492265K(562176K)
[305.162s][info][gc,metaspace   ] GC(815) Metaspace: 35285K(35968K)->35285K(35968K) NonClass: 29025K(29504K)->29025K(29504K) Class: 6259K(6464K)->6259K(6464K)
[305.162s][info][gc             ] GC(815) Pause Young (Allocation Failure) 767M->480M(824M) 3.258ms
[305.162s][info][gc,cpu         ] GC(815) User=0.01s Sys=0.00s Real=0.00s
[306.193s][info][gc,start       ] GC(816) Pause Young (Allocation Failure)
[306.196s][info][gc,heap        ] GC(816) PSYoungGen: 281632K(282112K)->64K(281088K) Eden: 281600K(281600K)->0K(270336K) From: 32K(512K)->64K(10752K)
[306.196s][info][gc,heap        ] GC(816) ParOldGen: 492265K(562176K)->492281K(562176K)
[306.196s][info][gc,metaspace   ] GC(816) Metaspace: 35285K(35968K)->35285K(35968K) NonClass: 29025K(29504K)->29025K(29504K) Class: 6259K(6464K)->6259K(6464K)
[306.196s][info][gc             ] GC(816) Pause Young (Allocation Failure) 755M->480M(823M) 2.331ms
[306.196s][info][gc,cpu         ] GC(816) User=0.01s Sys=0.00s Real=0.00s
[306.607s][info][gc,start       ] GC(817) Pause Young (Allocation Failure)
[306.611s][info][gc,heap        ] GC(817) PSYoungGen: 270400K(281088K)->64K(260096K) Eden: 270336K(270336K)->0K(259584K) From: 64K(10752K)->64K(512K)
[306.611s][info][gc,heap        ] GC(817) ParOldGen: 492281K(562176K)->492289K(562176K)
[306.611s][info][gc,metaspace   ] GC(817) Metaspace: 35285K(35968K)->35285K(35968K) NonClass: 29025K(29504K)->29025K(29504K) Class: 6259K(6464K)->6259K(6464K)
[306.611s][info][gc             ] GC(817) Pause Young (Allocation Failure) 744M->480M(803M) 3.534ms
[306.611s][info][gc,cpu         ] GC(817) User=0.00s Sys=0.00s Real=0.00s
[306.813s][info][gc,start       ] GC(818) Pause Young (Allocation Failure)
[306.815s][info][gc,heap        ] GC(818) PSYoungGen: 259648K(260096K)->64K(258560K) Eden: 259584K(259584K)->0K(249344K) From: 64K(512K)->64K(9216K)
[306.815s][info][gc,heap        ] GC(818) ParOldGen: 492289K(562176K)->492297K(562176K)
[306.815s][info][gc,metaspace   ] GC(818) Metaspace: 35285K(35968K)->35285K(35968K) NonClass: 29025K(29504K)->29025K(29504K) Class: 6259K(6464K)->6259K(6464K)
[306.816s][info][gc             ] GC(818) Pause Young (Allocation Failure) 734M->480M(801M) 2.042ms
[306.816s][info][gc,cpu         ] GC(818) User=0.01s Sys=0.00s Real=0.00s
[306.909s][info][gc,start       ] GC(819) Pause Young (Allocation Failure)
[306.914s][info][gc,heap        ] GC(819) PSYoungGen: 249408K(258560K)->32K(290304K) Eden: 249344K(249344K)->0K(281600K) From: 64K(9216K)->32K(8704K)
[306.914s][info][gc,heap        ] GC(819) ParOldGen: 492297K(562176K)->492305K(562176K)
[306.914s][info][gc,metaspace   ] GC(819) Metaspace: 35285K(35968K)->35285K(35968K) NonClass: 29025K(29504K)->29025K(29504K) Class: 6259K(6464K)->6259K(6464K)
[306.914s][info][gc             ] GC(819) Pause Young (Allocation Failure) 724M->480M(832M) 4.376ms
[306.914s][info][gc,cpu         ] GC(819) User=0.00s Sys=0.00s Real=0.00s
[307.586s][info][gc,start       ] GC(820) Pause Young (Allocation Failure)
[307.590s][info][gc,heap        ] GC(820) PSYoungGen: 281632K(290304K)->64K(289792K) Eden: 281600K(281600K)->0K(281600K) From: 32K(8704K)->64K(8192K)
[307.590s][info][gc,heap        ] GC(820) ParOldGen: 492305K(562176K)->492321K(562176K)
[307.590s][info][gc,metaspace   ] GC(820) Metaspace: 35285K(35968K)->35285K(35968K) NonClass: 29025K(29504K)->29025K(29504K) Class: 6259K(6464K)->6259K(6464K)
[307.590s][info][gc             ] GC(820) Pause Young (Allocation Failure) 755M->480M(832M) 3.788ms
[307.590s][info][gc,cpu         ] GC(820) User=0.01s Sys=0.00s Real=0.00s
[307.982s][info][gc,start       ] GC(821) Pause Young (Allocation Failure)
[307.989s][info][gc,heap        ] GC(821) PSYoungGen: 281664K(289792K)->1312K(324096K) Eden: 281600K(281600K)->0K(316928K) From: 64K(8192K)->1312K(7168K)
[307.989s][info][gc,heap        ] GC(821) ParOldGen: 492321K(562176K)->492337K(562176K)
[307.989s][info][gc,metaspace   ] GC(821) Metaspace: 35285K(35968K)->35285K(35968K) NonClass: 29025K(29504K)->29025K(29504K) Class: 6259K(6464K)->6259K(6464K)
[307.989s][info][gc             ] GC(821) Pause Young (Allocation Failure) 755M->482M(865M) 6.737ms
[307.989s][info][gc,cpu         ] GC(821) User=0.01s Sys=0.00s Real=0.01s
[308.367s][info][gc,start       ] GC(822) Pause Young (Allocation Failure)
[308.433s][info][gc,heap        ] GC(822) PSYoungGen: 318240K(324096K)->7168K(324096K) Eden: 316928K(316928K)->0K(316928K) From: 1312K(7168K)->7168K(7168K)
[308.434s][info][gc,heap        ] GC(822) ParOldGen: 492337K(562176K)->518977K(562176K)
[308.434s][info][gc,metaspace   ] GC(822) Metaspace: 35285K(35968K)->35285K(35968K) NonClass: 29025K(29504K)->29025K(29504K) Class: 6259K(6464K)->6259K(6464K)
[308.434s][info][gc             ] GC(822) Pause Young (Allocation Failure) 791M->513M(865M) 66.752ms
[308.434s][info][gc,cpu         ] GC(822) User=0.13s Sys=0.01s Real=0.06s
[308.793s][info][gc,start       ] GC(823) Pause Young (Allocation Failure)
[308.874s][info][gc,heap        ] GC(823) PSYoungGen: 324096K(324096K)->9728K(286208K) Eden: 316928K(316928K)->0K(276480K) From: 7168K(7168K)->9728K(9728K)
[308.874s][info][gc,heap        ] GC(823) ParOldGen: 518977K(562176K)->544049K(562176K)
[308.874s][info][gc,metaspace   ] GC(823) Metaspace: 35285K(35968K)->35285K(35968K) NonClass: 29025K(29504K)->29025K(29504K) Class: 6259K(6464K)->6259K(6464K)
[308.874s][info][gc             ] GC(823) Pause Young (Allocation Failure) 823M->540M(828M) 80.449ms
[308.874s][info][gc,cpu         ] GC(823) User=0.15s Sys=0.01s Real=0.08s
[308.970s][info][gc,start       ] GC(824) Pause Young (Allocation Failure)
[308.979s][info][gc,heap        ] GC(824) PSYoungGen: 286208K(286208K)->128K(305152K) Eden: 276480K(276480K)->0K(276480K) From: 9728K(9728K)->128K(28672K)
[308.979s][info][gc,heap        ] GC(824) ParOldGen: 544049K(562176K)->544961K(562176K)
[308.979s][info][gc,metaspace   ] GC(824) Metaspace: 35285K(35968K)->35285K(35968K) NonClass: 29025K(29504K)->29025K(29504K) Class: 6259K(6464K)->6259K(6464K)
[308.979s][info][gc             ] GC(824) Pause Young (Allocation Failure) 810M->532M(847M) 8.686ms
[308.979s][info][gc,cpu         ] GC(824) User=0.02s Sys=0.00s Real=0.01s
[309.635s][info][gc,start       ] GC(825) Pause Young (Allocation Failure)
[309.637s][info][gc,heap        ] GC(825) PSYoungGen: 276608K(305152K)->64K(302080K) Eden: 276480K(276480K)->0K(277504K) From: 128K(28672K)->64K(24576K)
[309.637s][info][gc,heap        ] GC(825) ParOldGen: 544961K(562176K)->544969K(562176K)
[309.637s][info][gc,metaspace   ] GC(825) Metaspace: 35285K(35968K)->35285K(35968K) NonClass: 29025K(29504K)->29025K(29504K) Class: 6259K(6464K)->6259K(6464K)
[309.637s][info][gc             ] GC(825) Pause Young (Allocation Failure) 802M->532M(844M) 2.210ms
[309.637s][info][gc,cpu         ] GC(825) User=0.00s Sys=0.00s Real=0.01s
[310.056s][info][gc,start       ] GC(826) Pause Young (Allocation Failure)
[310.058s][info][gc,heap        ] GC(826) PSYoungGen: 277568K(302080K)->64K(304128K) Eden: 277504K(277504K)->0K(277504K) From: 64K(24576K)->64K(26624K)
[310.058s][info][gc,heap        ] GC(826) ParOldGen: 544969K(562176K)->544977K(562176K)
[310.058s][info][gc,metaspace   ] GC(826) Metaspace: 35285K(35968K)->35285K(35968K) NonClass: 29025K(29504K)->29025K(29504K) Class: 6259K(6464K)->6259K(6464K)
[310.058s][info][gc             ] GC(826) Pause Young (Allocation Failure) 803M->532M(846M) 2.054ms
[310.058s][info][gc,cpu         ] GC(826) User=0.00s Sys=0.00s Real=0.00s
[310.489s][info][gc,start       ] GC(827) Pause Young (Allocation Failure)
[310.491s][info][gc,heap        ] GC(827) PSYoungGen: 277568K(304128K)->64K(304128K) Eden: 277504K(277504K)->0K(281600K) From: 64K(26624K)->64K(22528K)
[310.491s][info][gc,heap        ] GC(827) ParOldGen: 544977K(562176K)->544993K(562176K)
[310.491s][info][gc,metaspace   ] GC(827) Metaspace: 35285K(35968K)->35285K(35968K) NonClass: 29025K(29504K)->29025K(29504K) Class: 6259K(6464K)->6259K(6464K)
[310.491s][info][gc             ] GC(827) Pause Young (Allocation Failure) 803M->532M(846M) 2.048ms
[310.491s][info][gc,cpu         ] GC(827) User=0.00s Sys=0.00s Real=0.00s
[310.716s][info][gc,start       ] GC(828) Pause Young (Allocation Failure)
[310.718s][info][gc,heap        ] GC(828) PSYoungGen: 281664K(304128K)->64K(306176K) Eden: 281600K(281600K)->0K(281600K) From: 64K(22528K)->64K(24576K)
[310.718s][info][gc,heap        ] GC(828) ParOldGen: 544993K(562176K)->545009K(562176K)
[310.718s][info][gc,metaspace   ] GC(828) Metaspace: 35285K(35968K)->35285K(35968K) NonClass: 29025K(29504K)->29025K(29504K) Class: 6259K(6464K)->6259K(6464K)
[310.719s][info][gc             ] GC(828) Pause Young (Allocation Failure) 807M->532M(848M) 2.045ms
[310.719s][info][gc,cpu         ] GC(828) User=0.00s Sys=0.00s Real=0.00s
[310.943s][info][gc,start       ] GC(829) Pause Young (Allocation Failure)
[310.945s][info][gc,heap        ] GC(829) PSYoungGen: 281664K(306176K)->64K(306688K) Eden: 281600K(281600K)->0K(286208K) From: 64K(24576K)->64K(20480K)
[310.945s][info][gc,heap        ] GC(829) ParOldGen: 545009K(562176K)->545009K(562176K)
[310.945s][info][gc,metaspace   ] GC(829) Metaspace: 35285K(35968K)->35285K(35968K) NonClass: 29025K(29504K)->29025K(29504K) Class: 6259K(6464K)->6259K(6464K)
[310.945s][info][gc             ] GC(829) Pause Young (Allocation Failure) 807M->532M(848M) 1.997ms
[310.945s][info][gc,cpu         ] GC(829) User=0.01s Sys=0.00s Real=0.00s
[311.308s][info][gc,start       ] GC(830) Pause Young (Allocation Failure)
[311.310s][info][gc,heap        ] GC(830) PSYoungGen: 286272K(306688K)->64K(308224K) Eden: 286208K(286208K)->0K(286208K) From: 64K(20480K)->64K(22016K)
[311.310s][info][gc,heap        ] GC(830) ParOldGen: 545009K(562176K)->545009K(562176K)
[311.310s][info][gc,metaspace   ] GC(830) Metaspace: 35285K(35968K)->35285K(35968K) NonClass: 29025K(29504K)->29025K(29504K) Class: 6259K(6464K)->6259K(6464K)
[311.310s][info][gc             ] GC(830) Pause Young (Allocation Failure) 811M->532M(850M) 1.916ms
[311.310s][info][gc,cpu         ] GC(830) User=0.00s Sys=0.00s Real=0.00s
[311.362s][info][gc,start       ] GC(831) Pause Young (Allocation Failure)
[311.364s][info][gc,heap        ] GC(831) PSYoungGen: 286272K(308224K)->64K(309248K) Eden: 286208K(286208K)->0K(290816K) From: 64K(22016K)->64K(18432K)
[311.364s][info][gc,heap        ] GC(831) ParOldGen: 545009K(562176K)->545025K(562176K)
[311.364s][info][gc,metaspace   ] GC(831) Metaspace: 35285K(35968K)->35285K(35968K) NonClass: 29025K(29504K)->29025K(29504K) Class: 6259K(6464K)->6259K(6464K)
[311.364s][info][gc             ] GC(831) Pause Young (Allocation Failure) 811M->532M(851M) 1.961ms
[311.364s][info][gc,cpu         ] GC(831) User=0.01s Sys=0.00s Real=0.00s
[311.417s][info][gc,start       ] GC(832) Pause Young (Allocation Failure)
[311.419s][info][gc,heap        ] GC(832) PSYoungGen: 290880K(309248K)->64K(310784K) Eden: 290816K(290816K)->0K(290816K) From: 64K(18432K)->64K(19968K)
[311.419s][info][gc,heap        ] GC(832) ParOldGen: 545025K(562176K)->545025K(562176K)
[311.419s][info][gc,metaspace   ] GC(832) Metaspace: 35285K(35968K)->35285K(35968K) NonClass: 29025K(29504K)->29025K(29504K) Class: 6259K(6464K)->6259K(6464K)
[311.419s][info][gc             ] GC(832) Pause Young (Allocation Failure) 816M->532M(852M) 1.927ms
[311.419s][info][gc,cpu         ] GC(832) User=0.00s Sys=0.00s Real=0.00s
[311.586s][info][gc,start       ] GC(833) Pause Young (Allocation Failure)
[311.588s][info][gc,heap        ] GC(833) PSYoungGen: 290880K(310784K)->64K(311808K) Eden: 290816K(290816K)->0K(295424K) From: 64K(19968K)->64K(16384K)
[311.588s][info][gc,heap        ] GC(833) ParOldGen: 545025K(562176K)->545025K(562176K)
[311.588s][info][gc,metaspace   ] GC(833) Metaspace: 35285K(35968K)->35285K(35968K) NonClass: 29025K(29504K)->29025K(29504K) Class: 6259K(6464K)->6259K(6464K)
[311.588s][info][gc             ] GC(833) Pause Young (Allocation Failure) 816M->532M(853M) 1.939ms
[311.588s][info][gc,cpu         ] GC(833) User=0.00s Sys=0.00s Real=0.00s
[311.802s][info][gc,start       ] GC(834) Pause Young (Allocation Failure)
[311.804s][info][gc,heap        ] GC(834) PSYoungGen: 295488K(311808K)->64K(312832K) Eden: 295424K(295424K)->0K(295424K) From: 64K(16384K)->64K(17408K)
[311.804s][info][gc,heap        ] GC(834) ParOldGen: 545025K(562176K)->545033K(562176K)
[311.804s][info][gc,metaspace   ] GC(834) Metaspace: 35285K(35968K)->35285K(35968K) NonClass: 29025K(29504K)->29025K(29504K) Class: 6259K(6464K)->6259K(6464K)
[311.804s][info][gc             ] GC(834) Pause Young (Allocation Failure) 820M->532M(854M) 1.865ms
[311.804s][info][gc,cpu         ] GC(834) User=0.00s Sys=0.00s Real=0.00s
[311.937s][info][gc,start       ] GC(835) Pause Young (Allocation Failure)
[311.939s][info][gc,heap        ] GC(835) PSYoungGen: 295488K(312832K)->64K(314368K) Eden: 295424K(295424K)->0K(300032K) From: 64K(17408K)->64K(14336K)
[311.939s][info][gc,heap        ] GC(835) ParOldGen: 545033K(562176K)->545041K(562176K)
[311.939s][info][gc,metaspace   ] GC(835) Metaspace: 35285K(35968K)->35285K(35968K) NonClass: 29025K(29504K)->29025K(29504K) Class: 6259K(6464K)->6259K(6464K)
[311.939s][info][gc             ] GC(835) Pause Young (Allocation Failure) 820M->532M(856M) 2.000ms
[311.939s][info][gc,cpu         ] GC(835) User=0.00s Sys=0.00s Real=0.00s
[312.027s][info][gc,start       ] GC(836) Pause Young (Allocation Failure)
[312.029s][info][gc,heap        ] GC(836) PSYoungGen: 300096K(314368K)->64K(315392K) Eden: 300032K(300032K)->0K(300032K) From: 64K(14336K)->64K(15360K)
[312.029s][info][gc,heap        ] GC(836) ParOldGen: 545041K(562176K)->545049K(562176K)
[312.029s][info][gc,metaspace   ] GC(836) Metaspace: 35285K(35968K)->35285K(35968K) NonClass: 29025K(29504K)->29025K(29504K) Class: 6259K(6464K)->6259K(6464K)
[312.029s][info][gc             ] GC(836) Pause Young (Allocation Failure) 825M->532M(857M) 1.920ms
[312.029s][info][gc,cpu         ] GC(836) User=0.01s Sys=0.00s Real=0.00s
[312.205s][info][gc,start       ] GC(837) Pause Young (Allocation Failure)
[312.207s][info][gc,heap        ] GC(837) PSYoungGen: 300096K(315392K)->64K(317440K) Eden: 300032K(300032K)->0K(304128K) From: 64K(15360K)->64K(13312K)
[312.207s][info][gc,heap        ] GC(837) ParOldGen: 545049K(562176K)->545057K(562176K)
[312.207s][info][gc,metaspace   ] GC(837) Metaspace: 35285K(35968K)->35285K(35968K) NonClass: 29025K(29504K)->29025K(29504K) Class: 6259K(6464K)->6259K(6464K)
[312.207s][info][gc             ] GC(837) Pause Young (Allocation Failure) 825M->532M(859M) 1.885ms
[312.207s][info][gc,cpu         ] GC(837) User=0.00s Sys=0.00s Real=0.01s
[313.186s][info][gc,start       ] GC(838) Pause Young (Allocation Failure)
[313.188s][info][gc,heap        ] GC(838) PSYoungGen: 304192K(317440K)->83K(317952K) Eden: 304128K(304128K)->0K(304128K) From: 64K(13312K)->83K(13824K)
[313.188s][info][gc,heap        ] GC(838) ParOldGen: 545057K(562176K)->545065K(562176K)
[313.188s][info][gc,metaspace   ] GC(838) Metaspace: 35285K(35968K)->35285K(35968K) NonClass: 29025K(29504K)->29025K(29504K) Class: 6259K(6464K)->6259K(6464K)
[313.188s][info][gc             ] GC(838) Pause Young (Allocation Failure) 829M->532M(859M) 1.842ms
[313.188s][info][gc,cpu         ] GC(838) User=0.00s Sys=0.00s Real=0.00s
[314.123s][info][gc,start       ] GC(839) Pause Young (Allocation Failure)
[314.126s][info][gc,heap        ] GC(839) PSYoungGen: 304211K(317952K)->64K(292352K) Eden: 304128K(304128K)->0K(291840K) From: 83K(13824K)->64K(512K)
[314.126s][info][gc,heap        ] GC(839) ParOldGen: 545065K(562176K)->545073K(562176K)
[314.126s][info][gc,metaspace   ] GC(839) Metaspace: 35285K(35968K)->35285K(35968K) NonClass: 29025K(29504K)->29025K(29504K) Class: 6259K(6464K)->6259K(6464K)
[314.126s][info][gc             ] GC(839) Pause Young (Allocation Failure) 829M->532M(834M) 2.679ms
[314.126s][info][gc,cpu         ] GC(839) User=0.01s Sys=0.00s Real=0.01s
[314.477s][info][gc,start       ] GC(840) Pause Young (Allocation Failure)
[314.479s][info][gc,heap        ] GC(840) PSYoungGen: 291904K(292352K)->64K(291840K) Eden: 291840K(291840K)->0K(280064K) From: 64K(512K)->64K(11776K)
[314.479s][info][gc,heap        ] GC(840) ParOldGen: 545073K(562176K)->545081K(562176K)
[314.479s][info][gc,metaspace   ] GC(840) Metaspace: 35285K(35968K)->35285K(35968K) NonClass: 29025K(29504K)->29025K(29504K) Class: 6259K(6464K)->6259K(6464K)
[314.479s][info][gc             ] GC(840) Pause Young (Allocation Failure) 817M->532M(834M) 1.817ms
[314.479s][info][gc,cpu         ] GC(840) User=0.00s Sys=0.00s Real=0.00s
[314.887s][info][gc,start       ] GC(841) Pause Young (Allocation Failure)
[314.890s][info][gc,heap        ] GC(841) PSYoungGen: 280128K(291840K)->64K(269312K) Eden: 280064K(280064K)->0K(268800K) From: 64K(11776K)->64K(512K)
[314.890s][info][gc,heap        ] GC(841) ParOldGen: 545081K(562176K)->545089K(562176K)
[314.890s][info][gc,metaspace   ] GC(841) Metaspace: 35285K(35968K)->35285K(35968K) NonClass: 29025K(29504K)->29025K(29504K) Class: 6259K(6464K)->6259K(6464K)
[314.890s][info][gc             ] GC(841) Pause Young (Allocation Failure) 805M->532M(812M) 2.931ms
[314.890s][info][gc,cpu         ] GC(841) User=0.00s Sys=0.01s Real=0.00s
[315.862s][info][gc,start       ] GC(842) Pause Young (Allocation Failure)
[315.863s][info][gc,heap        ] GC(842) PSYoungGen: 268864K(269312K)->64K(268288K) Eden: 268800K(268800K)->0K(258048K) From: 64K(512K)->64K(10240K)
[315.863s][info][gc,heap        ] GC(842) ParOldGen: 545089K(562176K)->545097K(562176K)
[315.863s][info][gc,metaspace   ] GC(842) Metaspace: 35285K(35968K)->35285K(35968K) NonClass: 29025K(29504K)->29025K(29504K) Class: 6259K(6464K)->6259K(6464K)
[315.863s][info][gc             ] GC(842) Pause Young (Allocation Failure) 794M->532M(811M) 1.823ms
[315.863s][info][gc,cpu         ] GC(842) User=0.00s Sys=0.00s Real=0.00s
[316.233s][info][gc,start       ] GC(843) Pause Young (Allocation Failure)
[316.236s][info][gc,heap        ] GC(843) PSYoungGen: 258112K(268288K)->64K(248320K) Eden: 258048K(258048K)->0K(247808K) From: 64K(10240K)->64K(512K)
[316.236s][info][gc,heap        ] GC(843) ParOldGen: 545097K(562176K)->545105K(562176K)
[316.236s][info][gc,metaspace   ] GC(843) Metaspace: 35285K(35968K)->35285K(35968K) NonClass: 29025K(29504K)->29025K(29504K) Class: 6259K(6464K)->6259K(6464K)
[316.236s][info][gc             ] GC(843) Pause Young (Allocation Failure) 784M->532M(791M) 2.654ms
[316.236s][info][gc,cpu         ] GC(843) User=0.00s Sys=0.00s Real=0.00s
[316.349s][info][gc,start       ] GC(844) Pause Young (Allocation Failure)
[316.351s][info][gc,heap        ] GC(844) PSYoungGen: 247872K(248320K)->64K(246784K) Eden: 247808K(247808K)->0K(238080K) From: 64K(512K)->64K(8704K)
[316.351s][info][gc,heap        ] GC(844) ParOldGen: 545105K(562176K)->545113K(562176K)
[316.351s][info][gc,metaspace   ] GC(844) Metaspace: 35285K(35968K)->35285K(35968K) NonClass: 29025K(29504K)->29025K(29504K) Class: 6259K(6464K)->6259K(6464K)
[316.351s][info][gc             ] GC(844) Pause Young (Allocation Failure) 774M->532M(790M) 1.970ms
[316.351s][info][gc,cpu         ] GC(844) User=0.01s Sys=0.00s Real=0.00s
[316.768s][info][gc,start       ] GC(845) Pause Young (Allocation Failure)
[316.772s][info][gc,heap        ] GC(845) PSYoungGen: 238144K(246784K)->32K(229376K) Eden: 238080K(238080K)->0K(228864K) From: 64K(8704K)->32K(512K)
[316.772s][info][gc,heap        ] GC(845) ParOldGen: 545113K(562176K)->545121K(562176K)
[316.772s][info][gc,metaspace   ] GC(845) Metaspace: 35285K(35968K)->35285K(35968K) NonClass: 29025K(29504K)->29025K(29504K) Class: 6259K(6464K)->6259K(6464K)
[316.772s][info][gc             ] GC(845) Pause Young (Allocation Failure) 764M->532M(773M) 3.248ms
[316.772s][info][gc,cpu         ] GC(845) User=0.01s Sys=0.00s Real=0.00s
[317.116s][info][gc,start       ] GC(846) Pause Young (Allocation Failure)
[317.119s][info][gc,heap        ] GC(846) PSYoungGen: 228896K(229376K)->32K(227840K) Eden: 228864K(228864K)->0K(220160K) From: 32K(512K)->32K(7680K)
[317.119s][info][gc,heap        ] GC(846) ParOldGen: 545121K(562176K)->545129K(562176K)
[317.119s][info][gc,metaspace   ] GC(846) Metaspace: 35285K(35968K)->35285K(35968K) NonClass: 29025K(29504K)->29025K(29504K) Class: 6259K(6464K)->6259K(6464K)
[317.119s][info][gc             ] GC(846) Pause Young (Allocation Failure) 755M->532M(771M) 2.403ms
[317.119s][info][gc,cpu         ] GC(846) User=0.00s Sys=0.00s Real=0.00s
[317.510s][info][gc,start       ] GC(847) Pause Young (Allocation Failure)
[317.520s][info][gc,heap        ] GC(847) PSYoungGen: 220192K(227840K)->4224K(268800K) Eden: 220160K(220160K)->0K(264192K) From: 32K(7680K)->4224K(4608K)
[317.520s][info][gc,heap        ] GC(847) ParOldGen: 545129K(562176K)->545145K(562176K)
[317.520s][info][gc,metaspace   ] GC(847) Metaspace: 35299K(35968K)->35299K(35968K) NonClass: 29039K(29504K)->29039K(29504K) Class: 6259K(6464K)->6259K(6464K)
[317.520s][info][gc             ] GC(847) Pause Young (Allocation Failure) 747M->536M(811M) 10.099ms
[317.520s][info][gc,cpu         ] GC(847) User=0.02s Sys=0.00s Real=0.01s
[317.820s][info][gc,start       ] GC(848) Pause Young (Allocation Failure)
[317.904s][info][gc,heap        ] GC(848) PSYoungGen: 268416K(268800K)->7680K(282112K) Eden: 264192K(264192K)->0K(274432K) From: 4224K(4608K)->7680K(7680K)
[317.904s][info][gc,heap        ] GC(848) ParOldGen: 545145K(562176K)->565641K(565760K)
[317.904s][info][gc,metaspace   ] GC(848) Metaspace: 35299K(35968K)->35299K(35968K) NonClass: 29039K(29504K)->29039K(29504K) Class: 6259K(6464K)->6259K(6464K)
[317.904s][info][gc             ] GC(848) Pause Young (Allocation Failure) 794M->559M(828M) 84.084ms
[317.904s][info][gc,cpu         ] GC(848) User=0.13s Sys=0.00s Real=0.08s
[318.217s][info][gc,start       ] GC(849) Pause Young (Allocation Failure)
[318.286s][info][gc,heap        ] GC(849) PSYoungGen: 282112K(282112K)->17408K(300032K) Eden: 274432K(274432K)->0K(282624K) From: 7680K(7680K)->17408K(17408K)
[318.286s][info][gc,heap        ] GC(849) ParOldGen: 565641K(565760K)->578249K(578560K)
[318.286s][info][gc,metaspace   ] GC(849) Metaspace: 35299K(35968K)->35299K(35968K) NonClass: 29039K(29504K)->29039K(29504K) Class: 6259K(6464K)->6259K(6464K)
[318.286s][info][gc             ] GC(849) Pause Young (Allocation Failure) 827M->581M(858M) 69.068ms
[318.286s][info][gc,cpu         ] GC(849) User=0.12s Sys=0.02s Real=0.07s
[318.421s][info][gc,start       ] GC(850) Pause Young (Allocation Failure)
[318.437s][info][gc,heap        ] GC(850) PSYoungGen: 300032K(300032K)->7360K(308224K) Eden: 282624K(282624K)->0K(282624K) From: 17408K(17408K)->7360K(25600K)
[318.437s][info][gc,heap        ] GC(850) ParOldGen: 578249K(578560K)->578697K(579072K)
[318.437s][info][gc,metaspace   ] GC(850) Metaspace: 35299K(35968K)->35299K(35968K) NonClass: 29039K(29504K)->29039K(29504K) Class: 6259K(6464K)->6259K(6464K)
[318.437s][info][gc             ] GC(850) Pause Young (Allocation Failure) 857M->572M(866M) 16.588ms
[318.437s][info][gc,cpu         ] GC(850) User=0.03s Sys=0.00s Real=0.02s
[318.991s][info][gc,start       ] GC(851) Pause Young (Allocation Failure)
[318.993s][info][gc,heap        ] GC(851) PSYoungGen: 289984K(308224K)->64K(305664K) Eden: 282624K(282624K)->0K(284160K) From: 7360K(25600K)->64K(21504K)
[318.993s][info][gc,heap        ] GC(851) ParOldGen: 578697K(579072K)->578705K(579072K)
[318.993s][info][gc,metaspace   ] GC(851) Metaspace: 35299K(35968K)->35299K(35968K) NonClass: 29040K(29504K)->29040K(29504K) Class: 6259K(6464K)->6259K(6464K)
[318.993s][info][gc             ] GC(851) Pause Young (Allocation Failure) 848M->565M(864M) 2.143ms
[318.994s][info][gc,cpu         ] GC(851) User=0.01s Sys=0.00s Real=0.00s
[319.525s][info][gc,start       ] GC(852) Pause Young (Allocation Failure)
[319.527s][info][gc,heap        ] GC(852) PSYoungGen: 284224K(305664K)->64K(307712K) Eden: 284160K(284160K)->0K(284160K) From: 64K(21504K)->64K(23552K)
[319.527s][info][gc,heap        ] GC(852) ParOldGen: 578705K(579072K)->578713K(579072K)
[319.527s][info][gc,metaspace   ] GC(852) Metaspace: 35299K(35968K)->35299K(35968K) NonClass: 29040K(29504K)->29040K(29504K) Class: 6259K(6464K)->6259K(6464K)
[319.527s][info][gc             ] GC(852) Pause Young (Allocation Failure) 842M->565M(866M) 1.970ms
[319.527s][info][gc,cpu         ] GC(852) User=0.00s Sys=0.00s Real=0.01s
[319.959s][info][gc,start       ] GC(853) Pause Young (Allocation Failure)
[319.961s][info][gc,heap        ] GC(853) PSYoungGen: 284224K(307712K)->64K(308224K) Eden: 284160K(284160K)->0K(287744K) From: 64K(23552K)->64K(20480K)
[319.961s][info][gc,heap        ] GC(853) ParOldGen: 578713K(579072K)->578729K(579072K)
[319.961s][info][gc,metaspace   ] GC(853) Metaspace: 35299K(35968K)->35299K(35968K) NonClass: 29040K(29504K)->29040K(29504K) Class: 6259K(6464K)->6259K(6464K)
[319.961s][info][gc             ] GC(853) Pause Young (Allocation Failure) 842M->565M(866M) 1.989ms
[319.961s][info][gc,cpu         ] GC(853) User=0.00s Sys=0.00s Real=0.00s
[320.190s][info][gc,start       ] GC(854) Pause Young (Allocation Failure)
[320.192s][info][gc,heap        ] GC(854) PSYoungGen: 287808K(308224K)->64K(309760K) Eden: 287744K(287744K)->0K(287744K) From: 64K(20480K)->64K(22016K)
[320.192s][info][gc,heap        ] GC(854) ParOldGen: 578729K(579072K)->578745K(579072K)
[320.192s][info][gc,metaspace   ] GC(854) Metaspace: 35299K(35968K)->35299K(35968K) NonClass: 29040K(29504K)->29040K(29504K) Class: 6259K(6464K)->6259K(6464K)
[320.192s][info][gc             ] GC(854) Pause Young (Allocation Failure) 846M->565M(868M) 2.071ms
[320.192s][info][gc,cpu         ] GC(854) User=0.01s Sys=0.00s Real=0.00s
[320.422s][info][gc,start       ] GC(855) Pause Young (Allocation Failure)
[320.424s][info][gc,heap        ] GC(855) PSYoungGen: 287808K(309760K)->64K(309248K) Eden: 287744K(287744K)->0K(290816K) From: 64K(22016K)->64K(18432K)
[320.424s][info][gc,heap        ] GC(855) ParOldGen: 578745K(579072K)->578745K(579072K)
[320.424s][info][gc,metaspace   ] GC(855) Metaspace: 35299K(35968K)->35299K(35968K) NonClass: 29040K(29504K)->29040K(29504K) Class: 6259K(6464K)->6259K(6464K)
[320.424s][info][gc             ] GC(855) Pause Young (Allocation Failure) 846M->565M(867M) 2.009ms
[320.424s][info][gc,cpu         ] GC(855) User=0.01s Sys=0.00s Real=0.00s
[320.790s][info][gc,start       ] GC(856) Pause Young (Allocation Failure)
[320.792s][info][gc,heap        ] GC(856) PSYoungGen: 290880K(309248K)->64K(310784K) Eden: 290816K(290816K)->0K(290816K) From: 64K(18432K)->64K(19968K)
[320.792s][info][gc,heap        ] GC(856) ParOldGen: 578745K(579072K)->578745K(579072K)
[320.792s][info][gc,metaspace   ] GC(856) Metaspace: 35299K(35968K)->35299K(35968K) NonClass: 29040K(29504K)->29040K(29504K) Class: 6259K(6464K)->6259K(6464K)
[320.792s][info][gc             ] GC(856) Pause Young (Allocation Failure) 849M->565M(869M) 1.951ms
[320.792s][info][gc,cpu         ] GC(856) User=0.00s Sys=0.00s Real=0.00s
[320.861s][info][gc,start       ] GC(857) Pause Young (Allocation Failure)
[320.863s][info][gc,heap        ] GC(857) PSYoungGen: 290880K(310784K)->64K(311296K) Eden: 290816K(290816K)->0K(294912K) From: 64K(19968K)->64K(16384K)
[320.863s][info][gc,heap        ] GC(857) ParOldGen: 578745K(579072K)->578753K(579072K)
[320.863s][info][gc,metaspace   ] GC(857) Metaspace: 35299K(35968K)->35299K(35968K) NonClass: 29040K(29504K)->29040K(29504K) Class: 6259K(6464K)->6259K(6464K)
[320.863s][info][gc             ] GC(857) Pause Young (Allocation Failure) 849M->565M(869M) 1.998ms
[320.863s][info][gc,cpu         ] GC(857) User=0.01s Sys=0.00s Real=0.00s
[320.920s][info][gc,start       ] GC(858) Pause Young (Allocation Failure)
[320.922s][info][gc,heap        ] GC(858) PSYoungGen: 294976K(311296K)->64K(312832K) Eden: 294912K(294912K)->0K(294912K) From: 64K(16384K)->64K(17920K)
[320.922s][info][gc,heap        ] GC(858) ParOldGen: 578753K(579072K)->578769K(579072K)
[320.922s][info][gc,metaspace   ] GC(858) Metaspace: 35299K(35968K)->35299K(35968K) NonClass: 29040K(29504K)->29040K(29504K) Class: 6259K(6464K)->6259K(6464K)
[320.922s][info][gc             ] GC(858) Pause Young (Allocation Failure) 853M->565M(871M) 1.938ms
[320.922s][info][gc,cpu         ] GC(858) User=0.00s Sys=0.00s Real=0.00s
[321.083s][info][gc,start       ] GC(859) Pause Young (Allocation Failure)
[321.086s][info][gc,heap        ] GC(859) PSYoungGen: 294976K(312832K)->64K(313344K) Eden: 294912K(294912K)->0K(298496K) From: 64K(17920K)->64K(14848K)
[321.086s][info][gc,heap        ] GC(859) ParOldGen: 578769K(579072K)->578769K(579072K)
[321.086s][info][gc,metaspace   ] GC(859) Metaspace: 35299K(35968K)->35299K(35968K) NonClass: 29040K(29504K)->29040K(29504K) Class: 6259K(6464K)->6259K(6464K)
[321.086s][info][gc             ] GC(859) Pause Young (Allocation Failure) 853M->565M(871M) 2.427ms
[321.086s][info][gc,cpu         ] GC(859) User=0.01s Sys=0.00s Real=0.00s
[321.304s][info][gc,start       ] GC(860) Pause Young (Allocation Failure)
[321.306s][info][gc,heap        ] GC(860) PSYoungGen: 298560K(313344K)->64K(314880K) Eden: 298496K(298496K)->0K(298496K) From: 64K(14848K)->64K(16384K)
[321.306s][info][gc,heap        ] GC(860) ParOldGen: 578769K(579072K)->578777K(579072K)
[321.306s][info][gc,metaspace   ] GC(860) Metaspace: 35299K(35968K)->35299K(35968K) NonClass: 29040K(29504K)->29040K(29504K) Class: 6259K(6464K)->6259K(6464K)
[321.306s][info][gc             ] GC(860) Pause Young (Allocation Failure) 856M->565M(873M) 2.058ms
[321.306s][info][gc,cpu         ] GC(860) User=0.01s Sys=0.00s Real=0.01s
[321.444s][info][gc,start       ] GC(861) Pause Young (Allocation Failure)
[321.446s][info][gc,heap        ] GC(861) PSYoungGen: 298560K(314880K)->64K(314880K) Eden: 298496K(298496K)->0K(302080K) From: 64K(16384K)->64K(12800K)
[321.446s][info][gc,heap        ] GC(861) ParOldGen: 578777K(579072K)->578785K(579072K)
[321.446s][info][gc,metaspace   ] GC(861) Metaspace: 35299K(35968K)->35299K(35968K) NonClass: 29040K(29504K)->29040K(29504K) Class: 6259K(6464K)->6259K(6464K)
[321.446s][info][gc             ] GC(861) Pause Young (Allocation Failure) 856M->565M(873M) 1.978ms
[321.446s][info][gc,cpu         ] GC(861) User=0.01s Sys=0.00s Real=0.01s
[321.537s][info][gc,start       ] GC(862) Pause Young (Allocation Failure)
[321.539s][info][gc,heap        ] GC(862) PSYoungGen: 302144K(314880K)->64K(316416K) Eden: 302080K(302080K)->0K(302080K) From: 64K(12800K)->64K(14336K)
[321.539s][info][gc,heap        ] GC(862) ParOldGen: 578785K(579072K)->578793K(579072K)
[321.539s][info][gc,metaspace   ] GC(862) Metaspace: 35299K(35968K)->35299K(35968K) NonClass: 29040K(29504K)->29040K(29504K) Class: 6259K(6464K)->6259K(6464K)
[321.539s][info][gc             ] GC(862) Pause Young (Allocation Failure) 860M->565M(874M) 1.946ms
[321.539s][info][gc,cpu         ] GC(862) User=0.01s Sys=0.00s Real=0.00s
[321.716s][info][gc,start       ] GC(863) Pause Young (Allocation Failure)
[321.718s][info][gc,heap        ] GC(863) PSYoungGen: 302144K(316416K)->64K(317952K) Eden: 302080K(302080K)->0K(306176K) From: 64K(14336K)->64K(11776K)
[321.718s][info][gc,heap        ] GC(863) ParOldGen: 578793K(579072K)->578801K(579072K)
[321.718s][info][gc,metaspace   ] GC(863) Metaspace: 35299K(35968K)->35299K(35968K) NonClass: 29040K(29504K)->29040K(29504K) Class: 6259K(6464K)->6259K(6464K)
[321.718s][info][gc             ] GC(863) Pause Young (Allocation Failure) 860M->565M(876M) 1.965ms
[321.718s][info][gc,cpu         ] GC(863) User=0.01s Sys=0.00s Real=0.00s
[322.703s][info][gc,start       ] GC(864) Pause Young (Allocation Failure)
[322.705s][info][gc,heap        ] GC(864) PSYoungGen: 306240K(317952K)->83K(318976K) Eden: 306176K(306176K)->0K(306176K) From: 64K(11776K)->83K(12800K)
[322.705s][info][gc,heap        ] GC(864) ParOldGen: 578801K(579072K)->578809K(579072K)
[322.705s][info][gc,metaspace   ] GC(864) Metaspace: 35299K(35968K)->35299K(35968K) NonClass: 29040K(29504K)->29040K(29504K) Class: 6259K(6464K)->6259K(6464K)
[322.705s][info][gc             ] GC(864) Pause Young (Allocation Failure) 864M->565M(877M) 2.181ms
[322.705s][info][gc,cpu         ] GC(864) User=0.01s Sys=0.00s Real=0.00s
[323.636s][info][gc,start       ] GC(865) Pause Young (Allocation Failure)
[323.639s][info][gc,heap        ] GC(865) PSYoungGen: 306259K(318976K)->64K(294400K) Eden: 306176K(306176K)->0K(293888K) From: 83K(12800K)->64K(512K)
[323.639s][info][gc,heap        ] GC(865) ParOldGen: 578809K(579072K)->578817K(579072K)
[323.639s][info][gc,metaspace   ] GC(865) Metaspace: 35299K(35968K)->35299K(35968K) NonClass: 29040K(29504K)->29040K(29504K) Class: 6259K(6464K)->6259K(6464K)
[323.639s][info][gc             ] GC(865) Pause Young (Allocation Failure) 864M->565M(853M) 3.113ms
[323.639s][info][gc,cpu         ] GC(865) User=0.00s Sys=0.00s Real=0.00s
[323.998s][info][gc,start       ] GC(866) Pause Young (Allocation Failure)
[324.001s][info][gc,heap        ] GC(866) PSYoungGen: 293952K(294400K)->64K(293376K) Eden: 293888K(293888K)->0K(282112K) From: 64K(512K)->64K(11264K)
[324.001s][info][gc,heap        ] GC(866) ParOldGen: 578817K(579072K)->578825K(579072K)
[324.001s][info][gc,metaspace   ] GC(866) Metaspace: 35299K(35968K)->35299K(35968K) NonClass: 29040K(29504K)->29040K(29504K) Class: 6259K(6464K)->6259K(6464K)
[324.001s][info][gc             ] GC(866) Pause Young (Allocation Failure) 852M->565M(852M) 2.495ms
[324.001s][info][gc,cpu         ] GC(866) User=0.00s Sys=0.00s Real=0.00s
[324.401s][info][gc,start       ] GC(867) Pause Young (Allocation Failure)
[324.404s][info][gc,heap        ] GC(867) PSYoungGen: 282176K(293376K)->64K(271360K) Eden: 282112K(282112K)->0K(270848K) From: 64K(11264K)->64K(512K)
[324.404s][info][gc,heap        ] GC(867) ParOldGen: 578825K(579072K)->578833K(579072K)
[324.404s][info][gc,metaspace   ] GC(867) Metaspace: 35299K(35968K)->35299K(35968K) NonClass: 29040K(29504K)->29040K(29504K) Class: 6259K(6464K)->6259K(6464K)
[324.404s][info][gc             ] GC(867) Pause Young (Allocation Failure) 840M->565M(830M) 3.369ms
[324.404s][info][gc,cpu         ] GC(867) User=0.00s Sys=0.01s Real=0.00s
[325.377s][info][gc,start       ] GC(868) Pause Young (Allocation Failure)
[325.380s][info][gc,heap        ] GC(868) PSYoungGen: 270912K(271360K)->64K(269824K) Eden: 270848K(270848K)->0K(260096K) From: 64K(512K)->64K(9728K)
[325.380s][info][gc,heap        ] GC(868) ParOldGen: 578833K(579072K)->578841K(579072K)
[325.380s][info][gc,metaspace   ] GC(868) Metaspace: 35299K(35968K)->35299K(35968K) NonClass: 29040K(29504K)->29040K(29504K) Class: 6259K(6464K)->6259K(6464K)
[325.380s][info][gc             ] GC(868) Pause Young (Allocation Failure) 829M->565M(829M) 2.360ms
[325.380s][info][gc,cpu         ] GC(868) User=0.00s Sys=0.00s Real=0.00s
[325.757s][info][gc,start       ] GC(869) Pause Young (Allocation Failure)
[325.760s][info][gc,heap        ] GC(869) PSYoungGen: 260160K(269824K)->64K(250368K) Eden: 260096K(260096K)->0K(249856K) From: 64K(9728K)->64K(512K)
[325.760s][info][gc,heap        ] GC(869) ParOldGen: 578841K(579072K)->578849K(579072K)
[325.760s][info][gc,metaspace   ] GC(869) Metaspace: 35299K(35968K)->35299K(35968K) NonClass: 29040K(29504K)->29040K(29504K) Class: 6259K(6464K)->6259K(6464K)
[325.760s][info][gc             ] GC(869) Pause Young (Allocation Failure) 819M->565M(810M) 3.027ms
[325.760s][info][gc,cpu         ] GC(869) User=0.00s Sys=0.00s Real=0.00s
[325.858s][info][gc,start       ] GC(870) Pause Young (Allocation Failure)
[325.861s][info][gc,heap        ] GC(870) PSYoungGen: 249920K(250368K)->64K(294400K) Eden: 249856K(249856K)->0K(285696K) From: 64K(512K)->64K(8704K)
[325.861s][info][gc,heap        ] GC(870) ParOldGen: 578849K(579072K)->578857K(579072K)
[325.861s][info][gc,metaspace   ] GC(870) Metaspace: 35299K(35968K)->35299K(35968K) NonClass: 29040K(29504K)->29040K(29504K) Class: 6259K(6464K)->6259K(6464K)
[325.861s][info][gc             ] GC(870) Pause Young (Allocation Failure) 809M->565M(853M) 2.436ms
[325.861s][info][gc,cpu         ] GC(870) User=0.00s Sys=0.00s Real=0.00s
[326.441s][info][gc,start       ] GC(871) Pause Young (Allocation Failure)
[326.444s][info][gc,heap        ] GC(871) PSYoungGen: 285760K(294400K)->64K(274944K) Eden: 285696K(285696K)->0K(274432K) From: 64K(8704K)->64K(512K)
[326.444s][info][gc,heap        ] GC(871) ParOldGen: 578857K(579072K)->578865K(579072K)
[326.444s][info][gc,metaspace   ] GC(871) Metaspace: 35299K(35968K)->35299K(35968K) NonClass: 29040K(29504K)->29040K(29504K) Class: 6259K(6464K)->6259K(6464K)
[326.444s][info][gc             ] GC(871) Pause Young (Allocation Failure) 844M->565M(834M) 2.655ms
[326.444s][info][gc,cpu         ] GC(871) User=0.00s Sys=0.00s Real=0.00s
[326.809s][info][gc,start       ] GC(872) Pause Young (Allocation Failure)
[326.811s][info][gc,heap        ] GC(872) PSYoungGen: 274496K(274944K)->64K(270848K) Eden: 274432K(274432K)->0K(263680K) From: 64K(512K)->64K(7168K)
[326.811s][info][gc,heap        ] GC(872) ParOldGen: 578865K(579072K)->578873K(579072K)
[326.811s][info][gc,metaspace   ] GC(872) Metaspace: 35299K(35968K)->35299K(35968K) NonClass: 29040K(29504K)->29040K(29504K) Class: 6259K(6464K)->6259K(6464K)
[326.811s][info][gc             ] GC(872) Pause Young (Allocation Failure) 833M->565M(830M) 2.153ms
[326.811s][info][gc,cpu         ] GC(872) User=0.01s Sys=0.00s Real=0.00s
[327.182s][info][gc,start       ] GC(873) Pause Young (Allocation Failure)
[327.242s][info][gc,heap        ] GC(873) PSYoungGen: 263744K(270848K)->6656K(294912K) Eden: 263680K(263680K)->0K(288256K) From: 64K(7168K)->6656K(6656K)
[327.242s][info][gc,heap        ] GC(873) ParOldGen: 578873K(579072K)->592265K(592384K)
[327.242s][info][gc,metaspace   ] GC(873) Metaspace: 35299K(35968K)->35299K(35968K) NonClass: 29040K(29504K)->29040K(29504K) Class: 6259K(6464K)->6259K(6464K)
[327.242s][info][gc             ] GC(873) Pause Young (Allocation Failure) 822M->584M(866M) 59.358ms
[327.242s][info][gc,cpu         ] GC(873) User=0.07s Sys=0.01s Real=0.06s
[327.572s][info][gc,start       ] GC(874) Pause Young (Allocation Failure)
[327.636s][info][gc,heap        ] GC(874) PSYoungGen: 294912K(294912K)->13312K(301568K) Eden: 288256K(288256K)->0K(288256K) From: 6656K(6656K)->13312K(13312K)
[327.636s][info][gc,heap        ] GC(874) ParOldGen: 592265K(592384K)->610193K(610304K)
[327.636s][info][gc,metaspace   ] GC(874) Metaspace: 35299K(35968K)->35299K(35968K) NonClass: 29040K(29504K)->29040K(29504K) Class: 6259K(6464K)->6259K(6464K)
[327.636s][info][gc             ] GC(874) Pause Young (Allocation Failure) 866M->608M(890M) 64.397ms
[327.636s][info][gc,cpu         ] GC(874) User=0.12s Sys=0.01s Real=0.07s
[327.866s][info][gc,start       ] GC(875) Pause Young (Allocation Failure)
[327.910s][info][gc,heap        ] GC(875) PSYoungGen: 301568K(301568K)->18176K(304640K) Eden: 288256K(288256K)->0K(281600K) From: 13312K(13312K)->18176K(23040K)
[327.910s][info][gc,heap        ] GC(875) ParOldGen: 610193K(610304K)->610849K(611328K)
[327.910s][info][gc,metaspace   ] GC(875) Metaspace: 35299K(35968K)->35299K(35968K) NonClass: 29040K(29504K)->29040K(29504K) Class: 6259K(6464K)->6259K(6464K)
[327.910s][info][gc             ] GC(875) Pause Young (Allocation Failure) 890M->614M(894M) 44.304ms
[327.910s][info][gc,cpu         ] GC(875) User=0.08s Sys=0.02s Real=0.04s
[328.235s][info][gc,start       ] GC(876) Pause Young (Allocation Failure)
[328.237s][info][gc,heap        ] GC(876) PSYoungGen: 299776K(304640K)->64K(307712K) Eden: 281600K(281600K)->0K(281600K) From: 18176K(23040K)->64K(26112K)
[328.237s][info][gc,heap        ] GC(876) ParOldGen: 610849K(611328K)->610857K(611328K)
[328.237s][info][gc,metaspace   ] GC(876) Metaspace: 35299K(35968K)->35299K(35968K) NonClass: 29040K(29504K)->29040K(29504K) Class: 6259K(6464K)->6259K(6464K)
[328.237s][info][gc             ] GC(876) Pause Young (Allocation Failure) 889M->596M(897M) 2.009ms
[328.237s][info][gc,cpu         ] GC(876) User=0.00s Sys=0.00s Real=0.01s
[328.943s][info][gc,start       ] GC(877) Pause Young (Allocation Failure)
[328.946s][info][gc,heap        ] GC(877) PSYoungGen: 281664K(307712K)->160K(304640K) Eden: 281600K(281600K)->0K(282624K) From: 64K(26112K)->160K(22016K)
[328.946s][info][gc,heap        ] GC(877) ParOldGen: 610857K(611328K)->610873K(611328K)
[328.946s][info][gc,metaspace   ] GC(877) Metaspace: 35409K(36032K)->35409K(36032K) NonClass: 29138K(29568K)->29138K(29568K) Class: 6271K(6464K)->6271K(6464K)
[328.946s][info][gc             ] GC(877) Pause Young (Allocation Failure) 871M->596M(894M) 2.873ms
[328.946s][info][gc,cpu         ] GC(877) User=0.00s Sys=0.00s Real=0.01s
[329.225s][info][gc,start       ] GC(878) Pause Young (Allocation Failure)
[329.227s][info][gc,heap        ] GC(878) PSYoungGen: 282784K(304640K)->64K(306688K) Eden: 282624K(282624K)->0K(282624K) From: 160K(22016K)->64K(24064K)
[329.227s][info][gc,heap        ] GC(878) ParOldGen: 610873K(611328K)->610977K(611328K)
[329.227s][info][gc,metaspace   ] GC(878) Metaspace: 35409K(36032K)->35409K(36032K) NonClass: 29138K(29568K)->29138K(29568K) Class: 6271K(6464K)->6271K(6464K)
[329.227s][info][gc             ] GC(878) Pause Young (Allocation Failure) 872M->596M(896M) 2.459ms
[329.227s][info][gc,cpu         ] GC(878) User=0.00s Sys=0.00s Real=0.01s
[329.660s][info][gc,start       ] GC(879) Pause Young (Allocation Failure)
[329.662s][info][gc,heap        ] GC(879) PSYoungGen: 282688K(306688K)->64K(307200K) Eden: 282624K(282624K)->0K(286208K) From: 64K(24064K)->64K(20992K)
[329.662s][info][gc,heap        ] GC(879) ParOldGen: 610977K(611328K)->610985K(611328K)
[329.662s][info][gc,metaspace   ] GC(879) Metaspace: 35409K(36032K)->35409K(36032K) NonClass: 29138K(29568K)->29138K(29568K) Class: 6271K(6464K)->6271K(6464K)
[329.662s][info][gc             ] GC(879) Pause Young (Allocation Failure) 872M->596M(897M) 2.106ms
[329.662s][info][gc,cpu         ] GC(879) User=0.00s Sys=0.00s Real=0.00s
[329.892s][info][gc,start       ] GC(880) Pause Young (Allocation Failure)
[329.894s][info][gc,heap        ] GC(880) PSYoungGen: 286272K(307200K)->64K(308736K) Eden: 286208K(286208K)->0K(286208K) From: 64K(20992K)->64K(22528K)
[329.894s][info][gc,heap        ] GC(880) ParOldGen: 610985K(611328K)->611001K(611328K)
[329.894s][info][gc,metaspace   ] GC(880) Metaspace: 35409K(36032K)->35409K(36032K) NonClass: 29138K(29568K)->29138K(29568K) Class: 6271K(6464K)->6271K(6464K)
[329.894s][info][gc             ] GC(880) Pause Young (Allocation Failure) 876M->596M(898M) 2.150ms
[329.894s][info][gc,cpu         ] GC(880) User=0.01s Sys=0.00s Real=0.00s
[330.234s][info][gc,start       ] GC(881) Pause Young (Allocation Failure)
[330.236s][info][gc,heap        ] GC(881) PSYoungGen: 286272K(308736K)->64K(308736K) Eden: 286208K(286208K)->0K(289792K) From: 64K(22528K)->64K(18944K)
[330.236s][info][gc,heap        ] GC(881) ParOldGen: 611001K(611328K)->611001K(611328K)
[330.236s][info][gc,metaspace   ] GC(881) Metaspace: 35409K(36032K)->35409K(36032K) NonClass: 29138K(29568K)->29138K(29568K) Class: 6271K(6464K)->6271K(6464K)
[330.236s][info][gc             ] GC(881) Pause Young (Allocation Failure) 876M->596M(898M) 2.066ms
[330.236s][info][gc,cpu         ] GC(881) User=0.01s Sys=0.00s Real=0.01s
[330.408s][info][gc,start       ] GC(882) Pause Young (Allocation Failure)
[330.410s][info][gc,heap        ] GC(882) PSYoungGen: 289856K(308736K)->64K(310272K) Eden: 289792K(289792K)->0K(289792K) From: 64K(18944K)->64K(20480K)
[330.410s][info][gc,heap        ] GC(882) ParOldGen: 611001K(611328K)->611009K(611328K)
[330.410s][info][gc,metaspace   ] GC(882) Metaspace: 35409K(36032K)->35409K(36032K) NonClass: 29138K(29568K)->29138K(29568K) Class: 6271K(6464K)->6271K(6464K)
[330.410s][info][gc             ] GC(882) Pause Young (Allocation Failure) 879M->596M(900M) 2.020ms
[330.410s][info][gc,cpu         ] GC(882) User=0.00s Sys=0.00s Real=0.00s
[330.463s][info][gc,start       ] GC(883) Pause Young (Allocation Failure)
[330.465s][info][gc,heap        ] GC(883) PSYoungGen: 289856K(310272K)->64K(310784K) Eden: 289792K(289792K)->0K(293888K) From: 64K(20480K)->64K(16896K)
[330.465s][info][gc,heap        ] GC(883) ParOldGen: 611009K(611328K)->611025K(611328K)
[330.465s][info][gc,metaspace   ] GC(883) Metaspace: 35409K(36032K)->35409K(36032K) NonClass: 29138K(29568K)->29138K(29568K) Class: 6271K(6464K)->6271K(6464K)
[330.465s][info][gc             ] GC(883) Pause Young (Allocation Failure) 879M->596M(900M) 2.008ms
[330.465s][info][gc,cpu         ] GC(883) User=0.01s Sys=0.00s Real=0.00s
[330.550s][info][gc,start       ] GC(884) Pause Young (Allocation Failure)
[330.553s][info][gc,heap        ] GC(884) PSYoungGen: 293952K(310784K)->64K(312320K) Eden: 293888K(293888K)->0K(293888K) From: 64K(16896K)->64K(18432K)
[330.553s][info][gc,heap        ] GC(884) ParOldGen: 611025K(611328K)->611025K(611328K)
[330.553s][info][gc,metaspace   ] GC(884) Metaspace: 35409K(36032K)->35409K(36032K) NonClass: 29138K(29568K)->29138K(29568K) Class: 6271K(6464K)->6271K(6464K)
[330.553s][info][gc             ] GC(884) Pause Young (Allocation Failure) 883M->596M(902M) 2.167ms
[330.553s][info][gc,cpu         ] GC(884) User=0.01s Sys=0.00s Real=0.00s
[330.773s][info][gc,start       ] GC(885) Pause Young (Allocation Failure)
[330.775s][info][gc,heap        ] GC(885) PSYoungGen: 293952K(312320K)->64K(312832K) Eden: 293888K(293888K)->0K(297984K) From: 64K(18432K)->64K(14848K)
[330.775s][info][gc,heap        ] GC(885) ParOldGen: 611025K(611328K)->611041K(611328K)
[330.775s][info][gc,metaspace   ] GC(885) Metaspace: 35409K(36032K)->35409K(36032K) NonClass: 29138K(29568K)->29138K(29568K) Class: 6271K(6464K)->6271K(6464K)
[330.775s][info][gc             ] GC(885) Pause Young (Allocation Failure) 883M->596M(902M) 2.236ms
[330.775s][info][gc,cpu         ] GC(885) User=0.00s Sys=0.00s Real=0.00s
[330.981s][info][gc,start       ] GC(886) Pause Young (Allocation Failure)
[330.983s][info][gc,heap        ] GC(886) PSYoungGen: 298048K(312832K)->64K(314368K) Eden: 297984K(297984K)->0K(297984K) From: 64K(14848K)->64K(16384K)
[330.983s][info][gc,heap        ] GC(886) ParOldGen: 611041K(611328K)->611041K(611328K)
[330.983s][info][gc,metaspace   ] GC(886) Metaspace: 35409K(36032K)->35409K(36032K) NonClass: 29138K(29568K)->29138K(29568K) Class: 6271K(6464K)->6271K(6464K)
[330.983s][info][gc             ] GC(886) Pause Young (Allocation Failure) 887M->596M(904M) 2.247ms
[330.983s][info][gc,cpu         ] GC(886) User=0.01s Sys=0.00s Real=0.00s
[331.065s][info][gc,start       ] GC(887) Pause Young (Allocation Failure)
[331.067s][info][gc,heap        ] GC(887) PSYoungGen: 298048K(314368K)->64K(314880K) Eden: 297984K(297984K)->0K(302080K) From: 64K(16384K)->64K(12800K)
[331.067s][info][gc,heap        ] GC(887) ParOldGen: 611041K(611328K)->611057K(611328K)
[331.067s][info][gc,metaspace   ] GC(887) Metaspace: 35409K(36032K)->35409K(36032K) NonClass: 29138K(29568K)->29138K(29568K) Class: 6271K(6464K)->6271K(6464K)
[331.067s][info][gc             ] GC(887) Pause Young (Allocation Failure) 887M->596M(904M) 2.034ms
[331.067s][info][gc,cpu         ] GC(887) User=0.00s Sys=0.01s Real=0.01s
[331.199s][info][gc,start       ] GC(888) Pause Young (Allocation Failure)
[331.202s][info][gc,heap        ] GC(888) PSYoungGen: 302144K(314880K)->64K(316416K) Eden: 302080K(302080K)->0K(302080K) From: 64K(12800K)->64K(14336K)
[331.202s][info][gc,heap        ] GC(888) ParOldGen: 611057K(611328K)->611057K(611328K)
[331.202s][info][gc,metaspace   ] GC(888) Metaspace: 35409K(36032K)->35409K(36032K) NonClass: 29138K(29568K)->29138K(29568K) Class: 6271K(6464K)->6271K(6464K)
[331.202s][info][gc             ] GC(888) Pause Young (Allocation Failure) 891M->596M(906M) 2.190ms
[331.202s][info][gc,cpu         ] GC(888) User=0.01s Sys=0.00s Real=0.00s
[331.616s][info][gc,start       ] GC(889) Pause Young (Allocation Failure)
[331.618s][info][gc,heap        ] GC(889) PSYoungGen: 302144K(316416K)->64K(317952K) Eden: 302080K(302080K)->0K(306176K) From: 64K(14336K)->64K(11776K)
[331.618s][info][gc,heap        ] GC(889) ParOldGen: 611057K(611328K)->611065K(611328K)
[331.618s][info][gc,metaspace   ] GC(889) Metaspace: 35409K(36032K)->35409K(36032K) NonClass: 29138K(29568K)->29138K(29568K) Class: 6271K(6464K)->6271K(6464K)
[331.618s][info][gc             ] GC(889) Pause Young (Allocation Failure) 891M->596M(907M) 2.231ms
[331.618s][info][gc,cpu         ] GC(889) User=0.00s Sys=0.00s Real=0.00s
[332.320s][info][gc,start       ] GC(890) Pause Young (Allocation Failure)
[332.322s][info][gc,heap        ] GC(890) PSYoungGen: 306240K(317952K)->64K(318976K) Eden: 306176K(306176K)->0K(306176K) From: 64K(11776K)->64K(12800K)
[332.322s][info][gc,heap        ] GC(890) ParOldGen: 611065K(611328K)->611073K(611328K)
[332.322s][info][gc,metaspace   ] GC(890) Metaspace: 35409K(36032K)->35409K(36032K) NonClass: 29138K(29568K)->29138K(29568K) Class: 6271K(6464K)->6271K(6464K)
[332.323s][info][gc             ] GC(890) Pause Young (Allocation Failure) 895M->596M(908M) 2.093ms
[332.323s][info][gc,cpu         ] GC(890) User=0.01s Sys=0.00s Real=0.00s
[333.335s][info][gc,start       ] GC(891) Pause Young (Allocation Failure)
[333.338s][info][gc,heap        ] GC(891) PSYoungGen: 306240K(318976K)->64K(294400K) Eden: 306176K(306176K)->0K(293888K) From: 64K(12800K)->64K(512K)
[333.338s][info][gc,heap        ] GC(891) ParOldGen: 611073K(611328K)->611081K(611328K)
[333.338s][info][gc,metaspace   ] GC(891) Metaspace: 35409K(36032K)->35409K(36032K) NonClass: 29138K(29568K)->29138K(29568K) Class: 6271K(6464K)->6271K(6464K)
[333.338s][info][gc             ] GC(891) Pause Young (Allocation Failure) 895M->596M(884M) 2.555ms
[333.338s][info][gc,cpu         ] GC(891) User=0.01s Sys=0.00s Real=0.01s
[333.810s][info][gc,start       ] GC(892) Pause Young (Allocation Failure)
[333.812s][info][gc,heap        ] GC(892) PSYoungGen: 293952K(294400K)->64K(293376K) Eden: 293888K(293888K)->0K(282112K) From: 64K(512K)->64K(11264K)
[333.812s][info][gc,heap        ] GC(892) ParOldGen: 611081K(611328K)->611089K(611328K)
[333.812s][info][gc,metaspace   ] GC(892) Metaspace: 35409K(36032K)->35409K(36032K) NonClass: 29138K(29568K)->29138K(29568K) Class: 6271K(6464K)->6271K(6464K)
[333.812s][info][gc             ] GC(892) Pause Young (Allocation Failure) 883M->596M(883M) 2.027ms
[333.812s][info][gc,cpu         ] GC(892) User=0.00s Sys=0.00s Real=0.00s
[334.814s][info][gc,start       ] GC(893) Pause Young (Allocation Failure)
[334.817s][info][gc,heap        ] GC(893) PSYoungGen: 282176K(293376K)->64K(271360K) Eden: 282112K(282112K)->0K(270848K) From: 64K(11264K)->64K(512K)
[334.817s][info][gc,heap        ] GC(893) ParOldGen: 611089K(611328K)->611097K(611328K)
[334.817s][info][gc,metaspace   ] GC(893) Metaspace: 35409K(36032K)->35409K(36032K) NonClass: 29138K(29568K)->29138K(29568K) Class: 6271K(6464K)->6271K(6464K)
[334.817s][info][gc             ] GC(893) Pause Young (Allocation Failure) 872M->596M(862M) 2.974ms
[334.817s][info][gc,cpu         ] GC(893) User=0.00s Sys=0.00s Real=0.01s
[335.244s][info][gc,start       ] GC(894) Pause Young (Allocation Failure)
[335.247s][info][gc,heap        ] GC(894) PSYoungGen: 270912K(271360K)->64K(269824K) Eden: 270848K(270848K)->0K(260096K) From: 64K(512K)->64K(9728K)
[335.247s][info][gc,heap        ] GC(894) ParOldGen: 611097K(611328K)->611105K(611328K)
[335.247s][info][gc,metaspace   ] GC(894) Metaspace: 35409K(36032K)->35409K(36032K) NonClass: 29138K(29568K)->29138K(29568K) Class: 6271K(6464K)->6271K(6464K)
[335.247s][info][gc             ] GC(894) Pause Young (Allocation Failure) 861M->596M(860M) 2.988ms
[335.247s][info][gc,cpu         ] GC(894) User=0.00s Sys=0.00s Real=0.01s
[335.417s][info][gc,start       ] GC(895) Pause Young (Allocation Failure)
[335.420s][info][gc,heap        ] GC(895) PSYoungGen: 260160K(269824K)->64K(250368K) Eden: 260096K(260096K)->0K(249856K) From: 64K(9728K)->64K(512K)
[335.420s][info][gc,heap        ] GC(895) ParOldGen: 611105K(611328K)->611113K(611328K)
[335.420s][info][gc,metaspace   ] GC(895) Metaspace: 35409K(36032K)->35409K(36032K) NonClass: 29138K(29568K)->29138K(29568K) Class: 6271K(6464K)->6271K(6464K)
[335.420s][info][gc             ] GC(895) Pause Young (Allocation Failure) 850M->596M(841M) 2.951ms
[335.420s][info][gc,cpu         ] GC(895) User=0.00s Sys=0.00s Real=0.00s
[335.646s][info][gc,start       ] GC(896) Pause Young (Allocation Failure)
[335.647s][info][gc,heap        ] GC(896) PSYoungGen: 249920K(250368K)->64K(248320K) Eden: 249856K(249856K)->0K(240128K) From: 64K(512K)->64K(8192K)
[335.648s][info][gc,heap        ] GC(896) ParOldGen: 611113K(611328K)->611129K(611328K)
[335.648s][info][gc,metaspace   ] GC(896) Metaspace: 35409K(36032K)->35409K(36032K) NonClass: 29138K(29568K)->29138K(29568K) Class: 6271K(6464K)->6271K(6464K)
[335.648s][info][gc             ] GC(896) Pause Young (Allocation Failure) 840M->596M(839M) 1.962ms
[335.648s][info][gc,cpu         ] GC(896) User=0.00s Sys=0.00s Real=0.01s
[336.160s][info][gc,start       ] GC(897) Pause Young (Allocation Failure)
[336.162s][info][gc,heap        ] GC(897) PSYoungGen: 240192K(248320K)->64K(231424K) Eden: 240128K(240128K)->0K(230912K) From: 64K(8192K)->64K(512K)
[336.162s][info][gc,heap        ] GC(897) ParOldGen: 611129K(611328K)->611137K(611328K)
[336.162s][info][gc,metaspace   ] GC(897) Metaspace: 35409K(36032K)->35409K(36032K) NonClass: 29138K(29568K)->29138K(29568K) Class: 6271K(6464K)->6271K(6464K)
[336.162s][info][gc             ] GC(897) Pause Young (Allocation Failure) 831M->596M(823M) 2.743ms
[336.162s][info][gc,cpu         ] GC(897) User=0.00s Sys=0.00s Real=0.00s
[336.495s][info][gc,start       ] GC(898) Pause Young (Allocation Failure)
[336.497s][info][gc,heap        ] GC(898) PSYoungGen: 230976K(231424K)->64K(229376K) Eden: 230912K(230912K)->0K(222208K) From: 64K(512K)->64K(7168K)
[336.497s][info][gc,heap        ] GC(898) ParOldGen: 611137K(611328K)->611145K(611328K)
[336.497s][info][gc,metaspace   ] GC(898) Metaspace: 35409K(36032K)->35409K(36032K) NonClass: 29138K(29568K)->29138K(29568K) Class: 6271K(6464K)->6271K(6464K)
[336.497s][info][gc             ] GC(898) Pause Young (Allocation Failure) 822M->596M(821M) 2.073ms
[336.497s][info][gc,cpu         ] GC(898) User=0.01s Sys=0.00s Real=0.01s
[336.763s][info][gc,start       ] GC(899) Pause Young (Allocation Failure)
[336.809s][info][gc,heap        ] GC(899) PSYoungGen: 222272K(229376K)->6656K(273408K) Eden: 222208K(222208K)->0K(266752K) From: 64K(7168K)->6656K(6656K)
[336.809s][info][gc,heap        ] GC(899) ParOldGen: 611145K(611328K)->626993K(627200K)
[336.809s][info][gc,metaspace   ] GC(899) Metaspace: 35409K(36032K)->35409K(36032K) NonClass: 29138K(29568K)->29138K(29568K) Class: 6271K(6464K)->6271K(6464K)
[336.809s][info][gc             ] GC(899) Pause Young (Allocation Failure) 813M->618M(879M) 45.679ms
[336.809s][info][gc,cpu         ] GC(899) User=0.08s Sys=0.01s Real=0.05s
[337.110s][info][gc,start       ] GC(900) Pause Young (Allocation Failure)
[337.169s][info][gc,heap        ] GC(900) PSYoungGen: 273408K(273408K)->14336K(282112K) Eden: 266752K(266752K)->0K(267776K) From: 6656K(6656K)->14336K(14336K)
[337.169s][info][gc,heap        ] GC(900) ParOldGen: 626993K(627200K)->641689K(642048K)
[337.169s][info][gc,metaspace   ] GC(900) Metaspace: 35409K(36032K)->35409K(36032K) NonClass: 29138K(29568K)->29138K(29568K) Class: 6271K(6464K)->6271K(6464K)
[337.169s][info][gc             ] GC(900) Pause Young (Allocation Failure) 879M->640M(902M) 58.952ms
[337.169s][info][gc,cpu         ] GC(900) User=0.10s Sys=0.01s Real=0.06s
[337.385s][info][gc,start       ] GC(901) Pause Young (Allocation Failure)
[337.427s][info][gc,heap        ] GC(901) PSYoungGen: 282112K(282112K)->18016K(305152K) Eden: 267776K(267776K)->0K(282624K) From: 14336K(14336K)->18016K(22528K)
[337.427s][info][gc,heap        ] GC(901) ParOldGen: 641689K(642048K)->642225K(642560K)
[337.427s][info][gc,metaspace   ] GC(901) Metaspace: 35409K(36032K)->35409K(36032K) NonClass: 29138K(29568K)->29138K(29568K) Class: 6271K(6464K)->6271K(6464K)
[337.427s][info][gc             ] GC(901) Pause Young (Allocation Failure) 902M->644M(925M) 42.131ms
[337.427s][info][gc,cpu         ] GC(901) User=0.07s Sys=0.02s Real=0.05s
[337.703s][info][gc,start       ] GC(902) Pause Young (Allocation Failure)
[337.705s][info][gc,heap        ] GC(902) PSYoungGen: 300640K(305152K)->64K(308224K) Eden: 282624K(282624K)->0K(282624K) From: 18016K(22528K)->64K(25600K)
[337.705s][info][gc,heap        ] GC(902) ParOldGen: 642225K(642560K)->642233K(642560K)
[337.705s][info][gc,metaspace   ] GC(902) Metaspace: 35409K(36032K)->35409K(36032K) NonClass: 29138K(29568K)->29138K(29568K) Class: 6271K(6464K)->6271K(6464K)
[337.706s][info][gc             ] GC(902) Pause Young (Allocation Failure) 920M->627M(928M) 2.058ms
[337.706s][info][gc,cpu         ] GC(902) User=0.01s Sys=0.00s Real=0.00s
[338.385s][info][gc,start       ] GC(903) Pause Young (Allocation Failure)
[338.387s][info][gc,heap        ] GC(903) PSYoungGen: 282688K(308224K)->64K(305664K) Eden: 282624K(282624K)->0K(283136K) From: 64K(25600K)->64K(22528K)
[338.387s][info][gc,heap        ] GC(903) ParOldGen: 642233K(642560K)->642249K(642560K)
[338.387s][info][gc,metaspace   ] GC(903) Metaspace: 35411K(36032K)->35411K(36032K) NonClass: 29140K(29568K)->29140K(29568K) Class: 6271K(6464K)->6271K(6464K)
[338.387s][info][gc             ] GC(903) Pause Young (Allocation Failure) 903M->627M(926M) 2.112ms
[338.387s][info][gc,cpu         ] GC(903) User=0.00s Sys=0.00s Real=0.01s
[338.656s][info][gc,start       ] GC(904) Pause Young (Allocation Failure)
[338.658s][info][gc,heap        ] GC(904) PSYoungGen: 283200K(305664K)->64K(307200K) Eden: 283136K(283136K)->0K(283136K) From: 64K(22528K)->64K(24064K)
[338.658s][info][gc,heap        ] GC(904) ParOldGen: 642249K(642560K)->642265K(642560K)
[338.658s][info][gc,metaspace   ] GC(904) Metaspace: 35411K(36032K)->35411K(36032K) NonClass: 29140K(29568K)->29140K(29568K) Class: 6271K(6464K)->6271K(6464K)
[338.658s][info][gc             ] GC(904) Pause Young (Allocation Failure) 903M->627M(927M) 2.154ms
[338.658s][info][gc,cpu         ] GC(904) User=0.00s Sys=0.00s Real=0.00s
[339.082s][info][gc,start       ] GC(905) Pause Young (Allocation Failure)
[339.084s][info][gc,heap        ] GC(905) PSYoungGen: 283200K(307200K)->64K(307200K) Eden: 283136K(283136K)->0K(286720K) From: 64K(24064K)->64K(20480K)
[339.084s][info][gc,heap        ] GC(905) ParOldGen: 642265K(642560K)->642273K(642560K)
[339.084s][info][gc,metaspace   ] GC(905) Metaspace: 35411K(36032K)->35411K(36032K) NonClass: 29140K(29568K)->29140K(29568K) Class: 6271K(6464K)->6271K(6464K)
[339.084s][info][gc             ] GC(905) Pause Young (Allocation Failure) 903M->627M(927M) 2.135ms
[339.084s][info][gc,cpu         ] GC(905) User=0.01s Sys=0.00s Real=0.00s
[339.311s][info][gc,start       ] GC(906) Pause Young (Allocation Failure)
[339.313s][info][gc,heap        ] GC(906) PSYoungGen: 286784K(307200K)->64K(308736K) Eden: 286720K(286720K)->0K(286720K) From: 64K(20480K)->64K(22016K)
[339.313s][info][gc,heap        ] GC(906) ParOldGen: 642273K(642560K)->642289K(642560K)
[339.313s][info][gc,metaspace   ] GC(906) Metaspace: 35411K(36032K)->35411K(36032K) NonClass: 29140K(29568K)->29140K(29568K) Class: 6271K(6464K)->6271K(6464K)
[339.313s][info][gc             ] GC(906) Pause Young (Allocation Failure) 907M->627M(929M) 2.127ms
[339.313s][info][gc,cpu         ] GC(906) User=0.00s Sys=0.00s Real=0.00s
[339.650s][info][gc,start       ] GC(907) Pause Young (Allocation Failure)
[339.652s][info][gc,heap        ] GC(907) PSYoungGen: 286784K(308736K)->64K(309248K) Eden: 286720K(286720K)->0K(290816K) From: 64K(22016K)->64K(18432K)
[339.652s][info][gc,heap        ] GC(907) ParOldGen: 642289K(642560K)->642289K(642560K)
[339.652s][info][gc,metaspace   ] GC(907) Metaspace: 35411K(36032K)->35411K(36032K) NonClass: 29140K(29568K)->29140K(29568K) Class: 6271K(6464K)->6271K(6464K)
[339.652s][info][gc             ] GC(907) Pause Young (Allocation Failure) 907M->627M(929M) 2.092ms
[339.652s][info][gc,cpu         ] GC(907) User=0.00s Sys=0.00s Real=0.00s
[339.819s][info][gc,start       ] GC(908) Pause Young (Allocation Failure)
[339.821s][info][gc,heap        ] GC(908) PSYoungGen: 290880K(309248K)->64K(310784K) Eden: 290816K(290816K)->0K(290816K) From: 64K(18432K)->64K(19968K)
[339.821s][info][gc,heap        ] GC(908) ParOldGen: 642289K(642560K)->642297K(642560K)
[339.821s][info][gc,metaspace   ] GC(908) Metaspace: 35411K(36032K)->35411K(36032K) NonClass: 29140K(29568K)->29140K(29568K) Class: 6271K(6464K)->6271K(6464K)
[339.821s][info][gc             ] GC(908) Pause Young (Allocation Failure) 911M->627M(931M) 2.109ms
[339.821s][info][gc,cpu         ] GC(908) User=0.00s Sys=0.00s Real=0.00s
[339.875s][info][gc,start       ] GC(909) Pause Young (Allocation Failure)
[339.877s][info][gc,heap        ] GC(909) PSYoungGen: 290880K(310784K)->64K(311296K) Eden: 290816K(290816K)->0K(294912K) From: 64K(19968K)->64K(16384K)
[339.877s][info][gc,heap        ] GC(909) ParOldGen: 642297K(642560K)->642313K(642560K)
[339.877s][info][gc,metaspace   ] GC(909) Metaspace: 35411K(36032K)->35411K(36032K) NonClass: 29140K(29568K)->29140K(29568K) Class: 6271K(6464K)->6271K(6464K)
[339.877s][info][gc             ] GC(909) Pause Young (Allocation Failure) 911M->627M(931M) 2.123ms
[339.877s][info][gc,cpu         ] GC(909) User=0.00s Sys=0.00s Real=0.01s
[339.966s][info][gc,start       ] GC(910) Pause Young (Allocation Failure)
[339.968s][info][gc,heap        ] GC(910) PSYoungGen: 294976K(311296K)->64K(312832K) Eden: 294912K(294912K)->0K(294912K) From: 64K(16384K)->64K(17920K)
[339.968s][info][gc,heap        ] GC(910) ParOldGen: 642313K(642560K)->642313K(642560K)
[339.968s][info][gc,metaspace   ] GC(910) Metaspace: 35411K(36032K)->35411K(36032K) NonClass: 29140K(29568K)->29140K(29568K) Class: 6271K(6464K)->6271K(6464K)
[339.968s][info][gc             ] GC(910) Pause Young (Allocation Failure) 915M->627M(933M) 2.068ms
[339.968s][info][gc,cpu         ] GC(910) User=0.00s Sys=0.00s Real=0.00s
[340.182s][info][gc,start       ] GC(911) Pause Young (Allocation Failure)
[340.184s][info][gc,heap        ] GC(911) PSYoungGen: 294976K(312832K)->32K(314368K) Eden: 294912K(294912K)->0K(299008K) From: 64K(17920K)->32K(15360K)
[340.184s][info][gc,heap        ] GC(911) ParOldGen: 642313K(642560K)->642329K(642560K)
[340.184s][info][gc,metaspace   ] GC(911) Metaspace: 35411K(36032K)->35411K(36032K) NonClass: 29140K(29568K)->29140K(29568K) Class: 6271K(6464K)->6271K(6464K)
[340.184s][info][gc             ] GC(911) Pause Young (Allocation Failure) 915M->627M(934M) 2.267ms
[340.184s][info][gc,cpu         ] GC(911) User=0.00s Sys=0.00s Real=0.00s
[340.382s][info][gc,start       ] GC(912) Pause Young (Allocation Failure)
[340.384s][info][gc,heap        ] GC(912) PSYoungGen: 299040K(314368K)->64K(315392K) Eden: 299008K(299008K)->0K(299008K) From: 32K(15360K)->64K(16384K)
[340.384s][info][gc,heap        ] GC(912) ParOldGen: 642329K(642560K)->642329K(642560K)
[340.384s][info][gc,metaspace   ] GC(912) Metaspace: 35411K(36032K)->35411K(36032K) NonClass: 29140K(29568K)->29140K(29568K) Class: 6271K(6464K)->6271K(6464K)
[340.384s][info][gc             ] GC(912) Pause Young (Allocation Failure) 919M->627M(935M) 2.125ms
[340.384s][info][gc,cpu         ] GC(912) User=0.01s Sys=0.00s Real=0.00s
[340.464s][info][gc,start       ] GC(913) Pause Young (Allocation Failure)
[340.466s][info][gc,heap        ] GC(913) PSYoungGen: 299072K(315392K)->64K(315392K) Eden: 299008K(299008K)->0K(302080K) From: 64K(16384K)->64K(13312K)
[340.466s][info][gc,heap        ] GC(913) ParOldGen: 642329K(642560K)->642345K(642560K)
[340.466s][info][gc,metaspace   ] GC(913) Metaspace: 35411K(36032K)->35411K(36032K) NonClass: 29140K(29568K)->29140K(29568K) Class: 6271K(6464K)->6271K(6464K)
[340.466s][info][gc             ] GC(913) Pause Young (Allocation Failure) 919M->627M(935M) 2.115ms
[340.466s][info][gc,cpu         ] GC(913) User=0.00s Sys=0.00s Real=0.01s
[340.601s][info][gc,start       ] GC(914) Pause Young (Allocation Failure)
[340.603s][info][gc,heap        ] GC(914) PSYoungGen: 302144K(315392K)->64K(316416K) Eden: 302080K(302080K)->0K(302080K) From: 64K(13312K)->64K(14336K)
[340.603s][info][gc,heap        ] GC(914) ParOldGen: 642345K(642560K)->642345K(642560K)
[340.603s][info][gc,metaspace   ] GC(914) Metaspace: 35411K(36032K)->35411K(36032K) NonClass: 29140K(29568K)->29140K(29568K) Class: 6271K(6464K)->6271K(6464K)
[340.603s][info][gc             ] GC(914) Pause Young (Allocation Failure) 922M->627M(936M) 2.113ms
[340.603s][info][gc,cpu         ] GC(914) User=0.01s Sys=0.00s Real=0.00s
[341.006s][info][gc,start       ] GC(915) Pause Young (Allocation Failure)
[341.008s][info][gc,heap        ] GC(915) PSYoungGen: 302144K(316416K)->64K(317440K) Eden: 302080K(302080K)->0K(306176K) From: 64K(14336K)->64K(11264K)
[341.008s][info][gc,heap        ] GC(915) ParOldGen: 642345K(642560K)->642353K(642560K)
[341.008s][info][gc,metaspace   ] GC(915) Metaspace: 35411K(36032K)->35411K(36032K) NonClass: 29140K(29568K)->29140K(29568K) Class: 6271K(6464K)->6271K(6464K)
[341.008s][info][gc             ] GC(915) Pause Young (Allocation Failure) 922M->627M(937M) 2.136ms
[341.008s][info][gc,cpu         ] GC(915) User=0.00s Sys=0.00s Real=0.01s
[341.697s][info][gc,start       ] GC(916) Pause Young (Allocation Failure)
[341.699s][info][gc,heap        ] GC(916) PSYoungGen: 306240K(317440K)->83K(318464K) Eden: 306176K(306176K)->0K(306176K) From: 64K(11264K)->83K(12288K)
[341.699s][info][gc,heap        ] GC(916) ParOldGen: 642353K(642560K)->642361K(642560K)
[341.699s][info][gc,metaspace   ] GC(916) Metaspace: 35411K(36032K)->35411K(36032K) NonClass: 29140K(29568K)->29140K(29568K) Class: 6271K(6464K)->6271K(6464K)
[341.699s][info][gc             ] GC(916) Pause Young (Allocation Failure) 926M->627M(938M) 2.133ms
[341.699s][info][gc,cpu         ] GC(916) User=0.01s Sys=0.00s Real=0.00s
[342.706s][info][gc,start       ] GC(917) Pause Young (Allocation Failure)
[342.709s][info][gc,heap        ] GC(917) PSYoungGen: 306259K(318464K)->64K(294400K) Eden: 306176K(306176K)->0K(293888K) From: 83K(12288K)->64K(512K)
[342.709s][info][gc,heap        ] GC(917) ParOldGen: 642361K(642560K)->642369K(642560K)
[342.709s][info][gc,metaspace   ] GC(917) Metaspace: 35411K(36032K)->35411K(36032K) NonClass: 29140K(29568K)->29140K(29568K) Class: 6271K(6464K)->6271K(6464K)
[342.709s][info][gc             ] GC(917) Pause Young (Allocation Failure) 926M->627M(915M) 2.611ms
[342.709s][info][gc,cpu         ] GC(917) User=0.00s Sys=0.00s Real=0.00s
[343.175s][info][gc,start       ] GC(918) Pause Young (Allocation Failure)
[343.177s][info][gc,heap        ] GC(918) PSYoungGen: 293952K(294400K)->64K(292864K) Eden: 293888K(293888K)->0K(282112K) From: 64K(512K)->64K(10752K)
[343.177s][info][gc,heap        ] GC(918) ParOldGen: 642369K(642560K)->642377K(642560K)
[343.177s][info][gc,metaspace   ] GC(918) Metaspace: 35411K(36032K)->35411K(36032K) NonClass: 29140K(29568K)->29140K(29568K) Class: 6271K(6464K)->6271K(6464K)
[343.177s][info][gc             ] GC(918) Pause Young (Allocation Failure) 914M->627M(913M) 2.037ms
[343.177s][info][gc,cpu         ] GC(918) User=0.00s Sys=0.00s Real=0.01s
[344.184s][info][gc,start       ] GC(919) Pause Young (Allocation Failure)
[344.187s][info][gc,heap        ] GC(919) PSYoungGen: 282176K(292864K)->64K(271360K) Eden: 282112K(282112K)->0K(270848K) From: 64K(10752K)->64K(512K)
[344.187s][info][gc,heap        ] GC(919) ParOldGen: 642377K(642560K)->642385K(642560K)
[344.187s][info][gc,metaspace   ] GC(919) Metaspace: 35411K(36032K)->35411K(36032K) NonClass: 29140K(29568K)->29140K(29568K) Class: 6271K(6464K)->6271K(6464K)
[344.187s][info][gc             ] GC(919) Pause Young (Allocation Failure) 902M->627M(892M) 2.796ms
[344.187s][info][gc,cpu         ] GC(919) User=0.01s Sys=0.00s Real=0.01s
[344.601s][info][gc,start       ] GC(920) Pause Young (Allocation Failure)
[344.603s][info][gc,heap        ] GC(920) PSYoungGen: 270912K(271360K)->64K(269824K) Eden: 270848K(270848K)->0K(260096K) From: 64K(512K)->64K(9728K)
[344.603s][info][gc,heap        ] GC(920) ParOldGen: 642385K(642560K)->642393K(642560K)
[344.603s][info][gc,metaspace   ] GC(920) Metaspace: 35411K(36032K)->35411K(36032K) NonClass: 29140K(29568K)->29140K(29568K) Class: 6271K(6464K)->6271K(6464K)
[344.603s][info][gc             ] GC(920) Pause Young (Allocation Failure) 891M->627M(891M) 2.116ms
[344.603s][info][gc,cpu         ] GC(920) User=0.00s Sys=0.00s Real=0.00s
[344.773s][info][gc,start       ] GC(921) Pause Young (Allocation Failure)
[344.776s][info][gc,heap        ] GC(921) PSYoungGen: 260160K(269824K)->64K(250368K) Eden: 260096K(260096K)->0K(249856K) From: 64K(9728K)->64K(512K)
[344.776s][info][gc,heap        ] GC(921) ParOldGen: 642393K(642560K)->642401K(642560K)
[344.776s][info][gc,metaspace   ] GC(921) Metaspace: 35411K(36032K)->35411K(36032K) NonClass: 29140K(29568K)->29140K(29568K) Class: 6271K(6464K)->6271K(6464K)
[344.776s][info][gc             ] GC(921) Pause Young (Allocation Failure) 881M->627M(872M) 3.358ms
[344.776s][info][gc,cpu         ] GC(921) User=0.01s Sys=0.00s Real=0.01s
[345.029s][info][gc,start       ] GC(922) Pause Young (Allocation Failure)
[345.032s][info][gc,heap        ] GC(922) PSYoungGen: 249920K(250368K)->64K(248320K) Eden: 249856K(249856K)->0K(240128K) From: 64K(512K)->64K(8192K)
[345.032s][info][gc,heap        ] GC(922) ParOldGen: 642401K(642560K)->642417K(642560K)
[345.032s][info][gc,metaspace   ] GC(922) Metaspace: 35411K(36032K)->35411K(36032K) NonClass: 29140K(29568K)->29140K(29568K) Class: 6271K(6464K)->6271K(6464K)
[345.032s][info][gc             ] GC(922) Pause Young (Allocation Failure) 871M->627M(870M) 2.676ms
[345.032s][info][gc,cpu         ] GC(922) User=0.00s Sys=0.00s Real=0.00s
[345.520s][info][gc,start       ] GC(923) Pause Young (Allocation Failure)
[345.523s][info][gc,heap        ] GC(923) PSYoungGen: 240192K(248320K)->64K(231424K) Eden: 240128K(240128K)->0K(230912K) From: 64K(8192K)->64K(512K)
[345.523s][info][gc,heap        ] GC(923) ParOldGen: 642417K(642560K)->642425K(642560K)
[345.523s][info][gc,metaspace   ] GC(923) Metaspace: 35411K(36032K)->35411K(36032K) NonClass: 29140K(29568K)->29140K(29568K) Class: 6271K(6464K)->6271K(6464K)
[345.524s][info][gc             ] GC(923) Pause Young (Allocation Failure) 861M->627M(853M) 3.517ms
[345.524s][info][gc,cpu         ] GC(923) User=0.00s Sys=0.00s Real=0.00s
[345.879s][info][gc,start       ] GC(924) Pause Young (Allocation Failure)
[345.882s][info][gc,heap        ] GC(924) PSYoungGen: 230975K(231424K)->32K(229376K) Eden: 230911K(230912K)->0K(222208K) From: 64K(512K)->32K(7168K)
[345.883s][info][gc,heap        ] GC(924) ParOldGen: 642425K(642560K)->642433K(642560K)
[345.883s][info][gc,metaspace   ] GC(924) Metaspace: 35411K(36032K)->35411K(36032K) NonClass: 29140K(29568K)->29140K(29568K) Class: 6271K(6464K)->6271K(6464K)
[345.883s][info][gc             ] GC(924) Pause Young (Allocation Failure) 852M->627M(851M) 3.852ms
[345.883s][info][gc,cpu         ] GC(924) User=0.00s Sys=0.01s Real=0.00s
[346.134s][info][gc,start       ] GC(925) Pause Young (Allocation Failure)
[346.201s][info][gc,heap        ] GC(925) PSYoungGen: 222240K(229376K)->6656K(273408K) Eden: 222208K(222208K)->0K(266752K) From: 32K(7168K)->6656K(6656K)
[346.201s][info][gc,heap        ] GC(925) ParOldGen: 642433K(642560K)->659441K(659456K)
[346.201s][info][gc,metaspace   ] GC(925) Metaspace: 35411K(36032K)->35411K(36032K) NonClass: 29140K(29568K)->29140K(29568K) Class: 6271K(6464K)->6271K(6464K)
[346.201s][info][gc             ] GC(925) Pause Young (Allocation Failure) 844M->650M(911M) 66.984ms
[346.201s][info][gc,cpu         ] GC(925) User=0.08s Sys=0.01s Real=0.07s
[346.517s][info][gc,start       ] GC(926) Pause Full (Allocation Failure)
[346.517s][info][gc,phases,start] GC(926) Marking Phase
[346.609s][info][gc,phases      ] GC(926) Marking Phase 92.633ms
[346.609s][info][gc,phases,start] GC(926) Summary Phase
[346.609s][info][gc,phases      ] GC(926) Summary Phase 0.029ms
[346.609s][info][gc,phases,start] GC(926) Forward
[346.637s][info][gc,phases      ] GC(926) Forward 27.734ms
[346.637s][info][gc,phases,start] GC(926) Adjust Pointers
[346.686s][info][gc,phases      ] GC(926) Adjust Pointers 48.976ms
[346.686s][info][gc,phases,start] GC(926) Compaction Phase
[346.715s][info][gc,phases      ] GC(926) Compaction Phase 28.575ms
[346.715s][info][gc,phases,start] GC(926) Post Compact
[346.719s][info][gc,phases      ] GC(926) Post Compact 4.535ms
[346.759s][info][gc,heap        ] GC(926) PSYoungGen: 273408K(273408K)->0K(283136K) Eden: 266752K(266752K)->0K(268800K) From: 6656K(6656K)->0K(14336K)
[346.759s][info][gc,heap        ] GC(926) ParOldGen: 659441K(659456K)->85877K(175104K)
[346.759s][info][gc,metaspace   ] GC(926) Metaspace: 35411K(36032K)->35411K(36032K) NonClass: 29140K(29568K)->29140K(29568K) Class: 6271K(6464K)->6271K(6464K)
[346.759s][info][gc             ] GC(926) Pause Full (Allocation Failure) 910M->83M(447M) 241.956ms
[346.759s][info][gc,cpu         ] GC(926) User=0.36s Sys=0.04s Real=0.24s
[346.981s][info][gc,start       ] GC(927) Pause Young (Allocation Failure)
[347.021s][info][gc,heap        ] GC(927) PSYoungGen: 268800K(283136K)->14336K(311296K) Eden: 268800K(268800K)->0K(296960K) From: 0K(14336K)->14336K(14336K)
[347.021s][info][gc,heap        ] GC(927) ParOldGen: 85877K(175104K)->88397K(175104K)
[347.021s][info][gc,metaspace   ] GC(927) Metaspace: 35412K(36032K)->35412K(36032K) NonClass: 29141K(29568K)->29141K(29568K) Class: 6271K(6464K)->6271K(6464K)
[347.021s][info][gc             ] GC(927) Pause Young (Allocation Failure) 346M->100M(475M) 40.489ms
[347.021s][info][gc,cpu         ] GC(927) User=0.07s Sys=0.01s Real=0.04s
[347.361s][info][gc,start       ] GC(928) Pause Young (Allocation Failure)
[347.363s][info][gc,heap        ] GC(928) PSYoungGen: 311296K(311296K)->64K(315392K) Eden: 296960K(296960K)->0K(296960K) From: 14336K(14336K)->64K(18432K)
[347.363s][info][gc,heap        ] GC(928) ParOldGen: 88397K(175104K)->88501K(175104K)
[347.363s][info][gc,metaspace   ] GC(928) Metaspace: 35412K(36032K)->35412K(36032K) NonClass: 29141K(29568K)->29141K(29568K) Class: 6271K(6464K)->6271K(6464K)
[347.363s][info][gc             ] GC(928) Pause Young (Allocation Failure) 390M->86M(479M) 1.443ms
[347.363s][info][gc,cpu         ] GC(928) User=0.00s Sys=0.00s Real=0.00s
[348.022s][info][gc,start       ] GC(929) Pause Young (Allocation Failure)
[348.023s][info][gc,heap        ] GC(929) PSYoungGen: 297024K(315392K)->64K(313856K) Eden: 296960K(296960K)->0K(297472K) From: 64K(18432K)->64K(16384K)
[348.023s][info][gc,heap        ] GC(929) ParOldGen: 88501K(175104K)->88509K(175104K)
[348.023s][info][gc,metaspace   ] GC(929) Metaspace: 35412K(36032K)->35412K(36032K) NonClass: 29141K(29568K)->29141K(29568K) Class: 6271K(6464K)->6271K(6464K)
[348.023s][info][gc             ] GC(929) Pause Young (Allocation Failure) 376M->86M(477M) 0.941ms
[348.023s][info][gc,cpu         ] GC(929) User=0.00s Sys=0.00s Real=0.00s
[348.485s][info][gc,start       ] GC(930) Pause Young (Allocation Failure)
[348.486s][info][gc,heap        ] GC(930) PSYoungGen: 297536K(313856K)->64K(314880K) Eden: 297472K(297472K)->0K(297472K) From: 64K(16384K)->64K(17408K)
[348.486s][info][gc,heap        ] GC(930) ParOldGen: 88509K(175104K)->88525K(175104K)
[348.486s][info][gc,metaspace   ] GC(930) Metaspace: 35412K(36032K)->35412K(36032K) NonClass: 29141K(29568K)->29141K(29568K) Class: 6271K(6464K)->6271K(6464K)
[348.486s][info][gc             ] GC(930) Pause Young (Allocation Failure) 376M->86M(478M) 0.762ms
[348.486s][info][gc,cpu         ] GC(930) User=0.00s Sys=0.00s Real=0.01s
[348.721s][info][gc,start       ] GC(931) Pause Young (Allocation Failure)
[348.722s][info][gc,heap        ] GC(931) PSYoungGen: 297536K(314880K)->64K(315392K) Eden: 297472K(297472K)->0K(300032K) From: 64K(17408K)->64K(15360K)
[348.722s][info][gc,heap        ] GC(931) ParOldGen: 88525K(175104K)->88541K(175104K)
[348.722s][info][gc,metaspace   ] GC(931) Metaspace: 35412K(36032K)->35412K(36032K) NonClass: 29141K(29568K)->29141K(29568K) Class: 6271K(6464K)->6271K(6464K)
[348.722s][info][gc             ] GC(931) Pause Young (Allocation Failure) 377M->86M(479M) 0.826ms
[348.722s][info][gc,cpu         ] GC(931) User=0.00s Sys=0.00s Real=0.00s
[348.963s][info][gc,start       ] GC(932) Pause Young (Allocation Failure)
[348.963s][info][gc,heap        ] GC(932) PSYoungGen: 300096K(315392K)->64K(315904K) Eden: 300032K(300032K)->0K(300032K) From: 64K(15360K)->64K(15872K)
[348.963s][info][gc,heap        ] GC(932) ParOldGen: 88541K(175104K)->88541K(175104K)
[348.963s][info][gc,metaspace   ] GC(932) Metaspace: 35412K(36032K)->35412K(36032K) NonClass: 29141K(29568K)->29141K(29568K) Class: 6271K(6464K)->6271K(6464K)
[348.963s][info][gc             ] GC(932) Pause Young (Allocation Failure) 379M->86M(479M) 0.756ms
[348.963s][info][gc,cpu         ] GC(932) User=0.00s Sys=0.00s Real=0.00s
[349.327s][info][gc,start       ] GC(933) Pause Young (Allocation Failure)
[349.328s][info][gc,heap        ] GC(933) PSYoungGen: 300096K(315904K)->64K(317440K) Eden: 300032K(300032K)->0K(303104K) From: 64K(15872K)->64K(14336K)
[349.328s][info][gc,heap        ] GC(933) ParOldGen: 88541K(175104K)->88541K(175104K)
[349.328s][info][gc,metaspace   ] GC(933) Metaspace: 35412K(36032K)->35412K(36032K) NonClass: 29141K(29568K)->29141K(29568K) Class: 6271K(6464K)->6271K(6464K)
[349.328s][info][gc             ] GC(933) Pause Young (Allocation Failure) 379M->86M(481M) 0.818ms
[349.328s][info][gc,cpu         ] GC(933) User=0.00s Sys=0.00s Real=0.00s
[349.426s][info][gc,start       ] GC(934) Pause Young (Allocation Failure)
[349.426s][info][gc,heap        ] GC(934) PSYoungGen: 303168K(317440K)->64K(317440K) Eden: 303104K(303104K)->0K(303104K) From: 64K(14336K)->64K(14336K)
[349.426s][info][gc,heap        ] GC(934) ParOldGen: 88541K(175104K)->88549K(175104K)
[349.426s][info][gc,metaspace   ] GC(934) Metaspace: 35412K(36032K)->35412K(36032K) NonClass: 29141K(29568K)->29141K(29568K) Class: 6271K(6464K)->6271K(6464K)
[349.426s][info][gc             ] GC(934) Pause Young (Allocation Failure) 382M->86M(481M) 0.738ms
[349.426s][info][gc,cpu         ] GC(934) User=0.00s Sys=0.00s Real=0.01s
[349.482s][info][gc,start       ] GC(935) Pause Young (Allocation Failure)
[349.483s][info][gc,heap        ] GC(935) PSYoungGen: 303168K(317440K)->64K(318976K) Eden: 303104K(303104K)->0K(305664K) From: 64K(14336K)->64K(13312K)
[349.483s][info][gc,heap        ] GC(935) ParOldGen: 88549K(175104K)->88565K(175104K)
[349.483s][info][gc,metaspace   ] GC(935) Metaspace: 35412K(36032K)->35412K(36032K) NonClass: 29141K(29568K)->29141K(29568K) Class: 6271K(6464K)->6271K(6464K)
[349.483s][info][gc             ] GC(935) Pause Young (Allocation Failure) 382M->86M(482M) 0.729ms
[349.483s][info][gc,cpu         ] GC(935) User=0.00s Sys=0.00s Real=0.00s
[349.646s][info][gc,start       ] GC(936) Pause Young (Allocation Failure)
[349.648s][info][gc,heap        ] GC(936) PSYoungGen: 305728K(318976K)->64K(293888K) Eden: 305664K(305664K)->0K(293376K) From: 64K(13312K)->64K(512K)
[349.648s][info][gc,heap        ] GC(936) ParOldGen: 88565K(175104K)->88565K(175104K)
[349.648s][info][gc,metaspace   ] GC(936) Metaspace: 35412K(36032K)->35412K(36032K) NonClass: 29141K(29568K)->29141K(29568K) Class: 6271K(6464K)->6271K(6464K)
[349.648s][info][gc             ] GC(936) Pause Young (Allocation Failure) 385M->86M(458M) 1.787ms
[349.648s][info][gc,cpu         ] GC(936) User=0.00s Sys=0.00s Real=0.00s
[349.858s][info][gc,start       ] GC(937) Pause Young (Allocation Failure)
[349.858s][info][gc,heap        ] GC(937) PSYoungGen: 293440K(293888K)->64K(282112K) Eden: 293376K(293376K)->0K(281600K) From: 64K(512K)->64K(512K)
[349.858s][info][gc,heap        ] GC(937) ParOldGen: 88565K(175104K)->88573K(175104K)
[349.858s][info][gc,metaspace   ] GC(937) Metaspace: 35412K(36032K)->35412K(36032K) NonClass: 29141K(29568K)->29141K(29568K) Class: 6271K(6464K)->6271K(6464K)
[349.858s][info][gc             ] GC(937) Pause Young (Allocation Failure) 373M->86M(446M) 0.781ms
[349.858s][info][gc,cpu         ] GC(937) User=0.00s Sys=0.00s Real=0.00s
[349.993s][info][gc,start       ] GC(938) Pause Young (Allocation Failure)
[349.994s][info][gc,heap        ] GC(938) PSYoungGen: 281664K(282112K)->64K(281600K) Eden: 281600K(281600K)->0K(270336K) From: 64K(512K)->64K(11264K)
[349.994s][info][gc,heap        ] GC(938) ParOldGen: 88573K(175104K)->88581K(175104K)
[349.994s][info][gc,metaspace   ] GC(938) Metaspace: 35412K(36032K)->35412K(36032K) NonClass: 29141K(29568K)->29141K(29568K) Class: 6271K(6464K)->6271K(6464K)
[349.994s][info][gc             ] GC(938) Pause Young (Allocation Failure) 361M->86M(446M) 0.794ms
[349.994s][info][gc,cpu         ] GC(938) User=0.01s Sys=0.00s Real=0.00s
[350.067s][info][gc,start       ] GC(939) Pause Young (Allocation Failure)
[350.068s][info][gc,heap        ] GC(939) PSYoungGen: 270400K(281600K)->64K(260096K) Eden: 270336K(270336K)->0K(259584K) From: 64K(11264K)->64K(512K)
[350.068s][info][gc,heap        ] GC(939) ParOldGen: 88581K(175104K)->88597K(175104K)
[350.068s][info][gc,metaspace   ] GC(939) Metaspace: 35412K(36032K)->35412K(36032K) NonClass: 29141K(29568K)->29141K(29568K) Class: 6271K(6464K)->6271K(6464K)
[350.068s][info][gc             ] GC(939) Pause Young (Allocation Failure) 350M->86M(425M) 1.427ms
[350.068s][info][gc,cpu         ] GC(939) User=0.00s Sys=0.00s Real=0.00s
[350.204s][info][gc,start       ] GC(940) Pause Young (Allocation Failure)
[350.204s][info][gc,heap        ] GC(940) PSYoungGen: 259648K(260096K)->64K(259072K) Eden: 259584K(259584K)->0K(249344K) From: 64K(512K)->64K(9728K)
[350.204s][info][gc,heap        ] GC(940) ParOldGen: 88597K(175104K)->88597K(175104K)
[350.204s][info][gc,metaspace   ] GC(940) Metaspace: 35412K(36032K)->35412K(36032K) NonClass: 29141K(29568K)->29141K(29568K) Class: 6271K(6464K)->6271K(6464K)
[350.204s][info][gc             ] GC(940) Pause Young (Allocation Failure) 340M->86M(424M) 0.741ms
[350.205s][info][gc,cpu         ] GC(940) User=0.01s Sys=0.00s Real=0.00s
[350.570s][info][gc,start       ] GC(941) Pause Young (Allocation Failure)
[350.571s][info][gc,heap        ] GC(941) PSYoungGen: 249408K(259072K)->64K(240128K) Eden: 249344K(249344K)->0K(239616K) From: 64K(9728K)->64K(512K)
[350.571s][info][gc,heap        ] GC(941) ParOldGen: 88597K(175104K)->88605K(175104K)
[350.571s][info][gc,metaspace   ] GC(941) Metaspace: 35412K(36032K)->35412K(36032K) NonClass: 29141K(29568K)->29141K(29568K) Class: 6271K(6464K)->6271K(6464K)
[350.571s][info][gc             ] GC(941) Pause Young (Allocation Failure) 330M->86M(405M) 1.846ms
[350.571s][info][gc,cpu         ] GC(941) User=0.00s Sys=0.01s Real=0.00s
[351.251s][info][gc,start       ] GC(942) Pause Young (Allocation Failure)
[351.252s][info][gc,heap        ] GC(942) PSYoungGen: 239680K(240128K)->64K(239104K) Eden: 239616K(239616K)->0K(230400K) From: 64K(512K)->64K(8704K)
[351.252s][info][gc,heap        ] GC(942) ParOldGen: 88605K(175104K)->88613K(175104K)
[351.252s][info][gc,metaspace   ] GC(942) Metaspace: 35412K(36032K)->35412K(36032K) NonClass: 29141K(29568K)->29141K(29568K) Class: 6271K(6464K)->6271K(6464K)
[351.252s][info][gc             ] GC(942) Pause Young (Allocation Failure) 320M->86M(404M) 0.752ms
[351.252s][info][gc,cpu         ] GC(942) User=0.00s Sys=0.00s Real=0.00s
[352.175s][info][gc,start       ] GC(943) Pause Young (Allocation Failure)
[352.176s][info][gc,heap        ] GC(943) PSYoungGen: 230464K(239104K)->64K(222208K) Eden: 230400K(230400K)->0K(221696K) From: 64K(8704K)->64K(512K)
[352.176s][info][gc,heap        ] GC(943) ParOldGen: 88613K(175104K)->88621K(175104K)
[352.176s][info][gc,metaspace   ] GC(943) Metaspace: 35412K(36032K)->35412K(36032K) NonClass: 29141K(29568K)->29141K(29568K) Class: 6271K(6464K)->6271K(6464K)
[352.176s][info][gc             ] GC(943) Pause Young (Allocation Failure) 311M->86M(388M) 1.472ms
[352.176s][info][gc,cpu         ] GC(943) User=0.00s Sys=0.00s Real=0.01s
[352.401s][info][gc,start       ] GC(944) Pause Young (Allocation Failure)
[352.402s][info][gc,heap        ] GC(944) PSYoungGen: 221760K(222208K)->64K(221184K) Eden: 221696K(221696K)->0K(213504K) From: 64K(512K)->64K(7680K)
[352.402s][info][gc,heap        ] GC(944) ParOldGen: 88621K(175104K)->88629K(175104K)
[352.402s][info][gc,metaspace   ] GC(944) Metaspace: 35412K(36032K)->35412K(36032K) NonClass: 29141K(29568K)->29141K(29568K) Class: 6271K(6464K)->6271K(6464K)
[352.402s][info][gc             ] GC(944) Pause Young (Allocation Failure) 303M->86M(387M) 0.737ms
[352.402s][info][gc,cpu         ] GC(944) User=0.00s Sys=0.00s Real=0.00s
[352.769s][info][gc,start       ] GC(945) Pause Young (Allocation Failure)
[352.770s][info][gc,heap        ] GC(945) PSYoungGen: 213568K(221184K)->64K(206336K) Eden: 213504K(213504K)->0K(205824K) From: 64K(7680K)->64K(512K)
[352.770s][info][gc,heap        ] GC(945) ParOldGen: 88629K(175104K)->88637K(175104K)
[352.770s][info][gc,metaspace   ] GC(945) Metaspace: 35412K(36032K)->35412K(36032K) NonClass: 29141K(29568K)->29141K(29568K) Class: 6271K(6464K)->6271K(6464K)
[352.770s][info][gc             ] GC(945) Pause Young (Allocation Failure) 295M->86M(372M) 1.439ms
[352.770s][info][gc,cpu         ] GC(945) User=0.00s Sys=0.00s Real=0.00s
[353.712s][info][gc,start       ] GC(946) Pause Young (Allocation Failure)
[353.713s][info][gc,heap        ] GC(946) PSYoungGen: 205888K(206336K)->64K(204800K) Eden: 205824K(205824K)->0K(198144K) From: 64K(512K)->64K(6656K)
[353.713s][info][gc,heap        ] GC(946) ParOldGen: 88637K(175104K)->88645K(175104K)
[353.713s][info][gc,metaspace   ] GC(946) Metaspace: 35412K(36032K)->35412K(36032K) NonClass: 29141K(29568K)->29141K(29568K) Class: 6271K(6464K)->6271K(6464K)
[353.713s][info][gc             ] GC(946) Pause Young (Allocation Failure) 287M->86M(371M) 0.877ms
[353.713s][info][gc,cpu         ] GC(946) User=0.01s Sys=0.00s Real=0.00s
[353.900s][info][gc,start       ] GC(947) Pause Young (Allocation Failure)
[353.902s][info][gc,heap        ] GC(947) PSYoungGen: 198208K(204800K)->64K(191488K) Eden: 198144K(198144K)->0K(190976K) From: 64K(6656K)->64K(512K)
[353.902s][info][gc,heap        ] GC(947) ParOldGen: 88645K(175104K)->88653K(175104K)
[353.902s][info][gc,metaspace   ] GC(947) Metaspace: 35412K(36032K)->35412K(36032K) NonClass: 29141K(29568K)->29141K(29568K) Class: 6271K(6464K)->6271K(6464K)
[353.902s][info][gc             ] GC(947) Pause Young (Allocation Failure) 280M->86M(358M) 1.765ms
[353.902s][info][gc,cpu         ] GC(947) User=0.00s Sys=0.00s Real=0.00s
[354.206s][info][gc,start       ] GC(948) Pause Young (Allocation Failure)
[354.207s][info][gc,heap        ] GC(948) PSYoungGen: 191040K(191488K)->64K(189952K) Eden: 190976K(190976K)->0K(184320K) From: 64K(512K)->64K(5632K)
[354.207s][info][gc,heap        ] GC(948) ParOldGen: 88653K(175104K)->88661K(175104K)
[354.207s][info][gc,metaspace   ] GC(948) Metaspace: 35412K(36032K)->35412K(36032K) NonClass: 29141K(29568K)->29141K(29568K) Class: 6271K(6464K)->6271K(6464K)
[354.207s][info][gc             ] GC(948) Pause Young (Allocation Failure) 273M->86M(356M) 1.242ms
[354.207s][info][gc,cpu         ] GC(948) User=0.01s Sys=0.00s Real=0.01s
[354.340s][info][gc,start       ] GC(949) Pause Young (Allocation Failure)
[354.342s][info][gc,heap        ] GC(949) PSYoungGen: 184384K(189952K)->64K(178176K) Eden: 184320K(184320K)->0K(177664K) From: 64K(5632K)->64K(512K)
[354.342s][info][gc,heap        ] GC(949) ParOldGen: 88661K(175104K)->88677K(175104K)
[354.342s][info][gc,metaspace   ] GC(949) Metaspace: 35412K(36032K)->35412K(36032K) NonClass: 29141K(29568K)->29141K(29568K) Class: 6271K(6464K)->6271K(6464K)
[354.342s][info][gc             ] GC(949) Pause Young (Allocation Failure) 266M->86M(345M) 1.473ms
[354.342s][info][gc,cpu         ] GC(949) User=0.00s Sys=0.00s Real=0.00s
[354.402s][info][gc,start       ] GC(950) Pause Young (Allocation Failure)
[354.403s][info][gc,heap        ] GC(950) PSYoungGen: 177728K(178176K)->64K(176640K) Eden: 177664K(177664K)->0K(171520K) From: 64K(512K)->64K(5120K)
[354.403s][info][gc,heap        ] GC(950) ParOldGen: 88677K(175104K)->88693K(175104K)
[354.403s][info][gc,metaspace   ] GC(950) Metaspace: 35412K(36032K)->35412K(36032K) NonClass: 29141K(29568K)->29141K(29568K) Class: 6271K(6464K)->6271K(6464K)
[354.403s][info][gc             ] GC(950) Pause Young (Allocation Failure) 260M->86M(343M) 1.106ms
[354.403s][info][gc,cpu         ] GC(950) User=0.00s Sys=0.00s Real=0.00s
[354.752s][info][gc,start       ] GC(951) Pause Young (Allocation Failure)
[354.753s][info][gc,heap        ] GC(951) PSYoungGen: 171584K(176640K)->64K(165888K) Eden: 171520K(171520K)->0K(165376K) From: 64K(5120K)->64K(512K)
[354.753s][info][gc,heap        ] GC(951) ParOldGen: 88693K(175104K)->88709K(175104K)
[354.753s][info][gc,metaspace   ] GC(951) Metaspace: 35412K(36032K)->35412K(36032K) NonClass: 29141K(29568K)->29141K(29568K) Class: 6271K(6464K)->6271K(6464K)
[354.753s][info][gc             ] GC(951) Pause Young (Allocation Failure) 254M->86M(333M) 1.587ms
[354.753s][info][gc,cpu         ] GC(951) User=0.00s Sys=0.00s Real=0.00s
[355.089s][info][gc,start       ] GC(952) Pause Young (Allocation Failure)
[355.090s][info][gc,heap        ] GC(952) PSYoungGen: 165440K(165888K)->32K(163840K) Eden: 165376K(165376K)->0K(159744K) From: 64K(512K)->32K(4096K)
[355.090s][info][gc,heap        ] GC(952) ParOldGen: 88709K(175104K)->88717K(175104K)
[355.090s][info][gc,metaspace   ] GC(952) Metaspace: 35412K(36032K)->35412K(36032K) NonClass: 29141K(29568K)->29141K(29568K) Class: 6271K(6464K)->6271K(6464K)
[355.090s][info][gc             ] GC(952) Pause Young (Allocation Failure) 248M->86M(331M) 1.134ms
[355.090s][info][gc,cpu         ] GC(952) User=0.00s Sys=0.00s Real=0.00s
[355.268s][info][gc,start       ] GC(953) Pause Young (Allocation Failure)
[355.269s][info][gc,heap        ] GC(953) PSYoungGen: 159776K(163840K)->64K(155136K) Eden: 159744K(159744K)->0K(154624K) From: 32K(4096K)->64K(512K)
[355.269s][info][gc,heap        ] GC(953) ParOldGen: 88717K(175104K)->88725K(175104K)
[355.269s][info][gc,metaspace   ] GC(953) Metaspace: 35412K(36032K)->35412K(36032K) NonClass: 29141K(29568K)->29141K(29568K) Class: 6271K(6464K)->6271K(6464K)
[355.269s][info][gc             ] GC(953) Pause Young (Allocation Failure) 242M->86M(322M) 1.026ms
[355.269s][info][gc,cpu         ] GC(953) User=0.00s Sys=0.00s Real=0.00s
[355.525s][info][gc,start       ] GC(954) Pause Young (Allocation Failure)
[355.536s][info][gc,heap        ] GC(954) PSYoungGen: 154688K(155136K)->3584K(186880K) Eden: 154624K(154624K)->0K(183296K) From: 64K(512K)->3584K(3584K)
[355.536s][info][gc,heap        ] GC(954) ParOldGen: 88725K(175104K)->91645K(175104K)
[355.536s][info][gc,metaspace   ] GC(954) Metaspace: 35412K(36032K)->35412K(36032K) NonClass: 29141K(29568K)->29141K(29568K) Class: 6271K(6464K)->6271K(6464K)
[355.536s][info][gc             ] GC(954) Pause Young (Allocation Failure) 237M->92M(353M) 10.809ms
[355.536s][info][gc,cpu         ] GC(954) User=0.02s Sys=0.00s Real=0.02s
[355.744s][info][gc,start       ] GC(955) Pause Young (Allocation Failure)
[355.777s][info][gc,heap        ] GC(955) PSYoungGen: 186880K(186880K)->3584K(223232K) Eden: 183296K(183296K)->0K(219648K) From: 3584K(3584K)->3584K(3584K)
[355.777s][info][gc,heap        ] GC(955) ParOldGen: 91645K(175104K)->107733K(175104K)
[355.777s][info][gc,metaspace   ] GC(955) Metaspace: 35412K(36032K)->35412K(36032K) NonClass: 29141K(29568K)->29141K(29568K) Class: 6271K(6464K)->6271K(6464K)
[355.777s][info][gc             ] GC(955) Pause Young (Allocation Failure) 271M->108M(389M) 32.582ms
[355.777s][info][gc,cpu         ] GC(955) User=0.06s Sys=0.00s Real=0.04s
[356.026s][info][gc,start       ] GC(956) Pause Young (Allocation Failure)
[356.067s][info][gc,heap        ] GC(956) PSYoungGen: 223232K(223232K)->12288K(244736K) Eden: 219648K(219648K)->0K(232448K) From: 3584K(3584K)->12288K(12288K)
[356.067s][info][gc,heap        ] GC(956) ParOldGen: 107733K(175104K)->119453K(175104K)
[356.067s][info][gc,metaspace   ] GC(956) Metaspace: 35412K(36032K)->35412K(36032K) NonClass: 29141K(29568K)->29141K(29568K) Class: 6271K(6464K)->6271K(6464K)
[356.067s][info][gc             ] GC(956) Pause Young (Allocation Failure) 323M->128M(410M) 41.241ms
[356.067s][info][gc,cpu         ] GC(956) User=0.08s Sys=0.00s Real=0.04s
[356.290s][info][gc,start       ] GC(957) Pause Young (Allocation Failure)
[356.334s][info][gc,heap        ] GC(957) PSYoungGen: 244736K(244736K)->18944K(278016K) Eden: 232448K(232448K)->0K(259072K) From: 12288K(12288K)->18944K(18944K)
[356.334s][info][gc,heap        ] GC(957) ParOldGen: 119453K(175104K)->120397K(175104K)
[356.334s][info][gc,metaspace   ] GC(957) Metaspace: 35412K(36032K)->35412K(36032K) NonClass: 29141K(29568K)->29141K(29568K) Class: 6271K(6464K)->6271K(6464K)
[356.334s][info][gc             ] GC(957) Pause Young (Allocation Failure) 355M->136M(442M) 43.449ms
[356.334s][info][gc,cpu         ] GC(957) User=0.07s Sys=0.02s Real=0.04s
[356.444s][info][gc,start       ] GC(958) Pause Young (Allocation Failure)
[356.445s][info][gc,heap        ] GC(958) PSYoungGen: 278016K(278016K)->64K(282112K) Eden: 259072K(259072K)->0K(259072K) From: 18944K(18944K)->64K(23040K)
[356.445s][info][gc,heap        ] GC(958) ParOldGen: 120397K(175104K)->120429K(175104K)
[356.445s][info][gc,metaspace   ] GC(958) Metaspace: 35412K(36032K)->35412K(36032K) NonClass: 29141K(29568K)->29141K(29568K) Class: 6271K(6464K)->6271K(6464K)
[356.445s][info][gc             ] GC(958) Pause Young (Allocation Failure) 389M->117M(446M) 1.020ms
[356.445s][info][gc,cpu         ] GC(958) User=0.00s Sys=0.00s Real=0.00s
[357.099s][info][gc,start       ] GC(959) Pause Young (Allocation Failure)
[357.099s][info][gc,heap        ] GC(959) PSYoungGen: 259136K(282112K)->64K(309248K) Eden: 259072K(259072K)->0K(288256K) From: 64K(23040K)->64K(20992K)
[357.099s][info][gc,heap        ] GC(959) ParOldGen: 120429K(175104K)->120445K(175104K)
[357.099s][info][gc,metaspace   ] GC(959) Metaspace: 35412K(36032K)->35412K(36032K) NonClass: 29141K(29568K)->29141K(29568K) Class: 6271K(6464K)->6271K(6464K)
[357.099s][info][gc             ] GC(959) Pause Young (Allocation Failure) 370M->117M(473M) 0.871ms
[357.099s][info][gc,cpu         ] GC(959) User=0.00s Sys=0.00s Real=0.00s
[357.503s][info][gc,start       ] GC(960) Pause Young (Allocation Failure)
[357.505s][info][gc,heap        ] GC(960) PSYoungGen: 288320K(309248K)->64K(310272K) Eden: 288256K(288256K)->0K(288256K) From: 64K(20992K)->64K(22016K)
[357.505s][info][gc,heap        ] GC(960) ParOldGen: 120445K(175104K)->120445K(175104K)
[357.505s][info][gc,metaspace   ] GC(960) Metaspace: 35412K(36032K)->35412K(36032K) NonClass: 29141K(29568K)->29141K(29568K) Class: 6271K(6464K)->6271K(6464K)
[357.505s][info][gc             ] GC(960) Pause Young (Allocation Failure) 399M->117M(474M) 1.301ms
[357.505s][info][gc,cpu         ] GC(960) User=0.00s Sys=0.00s Real=0.00s
[357.945s][info][gc,start       ] GC(961) Pause Young (Allocation Failure)
[357.946s][info][gc,heap        ] GC(961) PSYoungGen: 288320K(310272K)->64K(310784K) Eden: 288256K(288256K)->0K(290816K) From: 64K(22016K)->64K(19968K)
[357.946s][info][gc,heap        ] GC(961) ParOldGen: 120445K(175104K)->120461K(175104K)
[357.946s][info][gc,metaspace   ] GC(961) Metaspace: 35412K(36032K)->35412K(36032K) NonClass: 29141K(29568K)->29141K(29568K) Class: 6271K(6464K)->6271K(6464K)
[357.946s][info][gc             ] GC(961) Pause Young (Allocation Failure) 399M->117M(474M) 0.945ms
[357.946s][info][gc,cpu         ] GC(961) User=0.00s Sys=0.00s Real=0.00s
[358.175s][info][gc,start       ] GC(962) Pause Young (Allocation Failure)
[358.176s][info][gc,heap        ] GC(962) PSYoungGen: 290880K(310784K)->64K(311296K) Eden: 290816K(290816K)->0K(290816K) From: 64K(19968K)->64K(20480K)
[358.176s][info][gc,heap        ] GC(962) ParOldGen: 120461K(175104K)->120477K(175104K)
[358.176s][info][gc,metaspace   ] GC(962) Metaspace: 35412K(36032K)->35412K(36032K) NonClass: 29141K(29568K)->29141K(29568K) Class: 6271K(6464K)->6271K(6464K)
[358.176s][info][gc             ] GC(962) Pause Young (Allocation Failure) 401M->117M(475M) 0.845ms
[358.176s][info][gc,cpu         ] GC(962) User=0.00s Sys=0.00s Real=0.01s
[358.406s][info][gc,start       ] GC(963) Pause Young (Allocation Failure)
[358.407s][info][gc,heap        ] GC(963) PSYoungGen: 290880K(311296K)->64K(311808K) Eden: 290816K(290816K)->0K(293888K) From: 64K(20480K)->64K(17920K)
[358.407s][info][gc,heap        ] GC(963) ParOldGen: 120477K(175104K)->120477K(175104K)
[358.407s][info][gc,metaspace   ] GC(963) Metaspace: 35412K(36032K)->35412K(36032K) NonClass: 29141K(29568K)->29141K(29568K) Class: 6271K(6464K)->6271K(6464K)
[358.407s][info][gc             ] GC(963) Pause Young (Allocation Failure) 401M->117M(475M) 0.864ms
[358.407s][info][gc,cpu         ] GC(963) User=0.00s Sys=0.00s Real=0.01s
[358.735s][info][gc,start       ] GC(964) Pause Young (Allocation Failure)
[358.736s][info][gc,heap        ] GC(964) PSYoungGen: 293952K(311808K)->64K(312320K) Eden: 293888K(293888K)->0K(293888K) From: 64K(17920K)->64K(18432K)
[358.736s][info][gc,heap        ] GC(964) ParOldGen: 120477K(175104K)->120477K(175104K)
[358.736s][info][gc,metaspace   ] GC(964) Metaspace: 35425K(36096K)->35425K(36096K) NonClass: 29154K(29632K)->29154K(29632K) Class: 6271K(6464K)->6271K(6464K)
[358.736s][info][gc             ] GC(964) Pause Young (Allocation Failure) 404M->117M(476M) 0.863ms
[358.736s][info][gc,cpu         ] GC(964) User=0.00s Sys=0.00s Real=0.00s
[358.790s][info][gc,start       ] GC(965) Pause Young (Allocation Failure)
[358.791s][info][gc,heap        ] GC(965) PSYoungGen: 293952K(312320K)->64K(313344K) Eden: 293888K(293888K)->0K(297472K) From: 64K(18432K)->64K(15872K)
[358.791s][info][gc,heap        ] GC(965) ParOldGen: 120477K(175104K)->120493K(175104K)
[358.791s][info][gc,metaspace   ] GC(965) Metaspace: 35425K(36096K)->35425K(36096K) NonClass: 29154K(29632K)->29154K(29632K) Class: 6271K(6464K)->6271K(6464K)
[358.791s][info][gc             ] GC(965) Pause Young (Allocation Failure) 404M->117M(477M) 0.820ms
[358.791s][info][gc,cpu         ] GC(965) User=0.00s Sys=0.00s Real=0.00s
[358.845s][info][gc,start       ] GC(966) Pause Young (Allocation Failure)
[358.845s][info][gc,heap        ] GC(966) PSYoungGen: 297536K(313344K)->64K(314368K) Eden: 297472K(297472K)->0K(297472K) From: 64K(15872K)->64K(16896K)
[358.845s][info][gc,heap        ] GC(966) ParOldGen: 120493K(175104K)->120493K(175104K)
[358.845s][info][gc,metaspace   ] GC(966) Metaspace: 35425K(36096K)->35425K(36096K) NonClass: 29154K(29632K)->29154K(29632K) Class: 6271K(6464K)->6271K(6464K)
[358.846s][info][gc             ] GC(966) Pause Young (Allocation Failure) 408M->117M(478M) 0.725ms
[358.846s][info][gc,cpu         ] GC(966) User=0.01s Sys=0.00s Real=0.00s
[359.058s][info][gc,start       ] GC(967) Pause Young (Allocation Failure)
[359.059s][info][gc,heap        ] GC(967) PSYoungGen: 297536K(314368K)->64K(314880K) Eden: 297472K(297472K)->0K(301056K) From: 64K(16896K)->64K(13824K)
[359.059s][info][gc,heap        ] GC(967) ParOldGen: 120493K(175104K)->120493K(175104K)
[359.059s][info][gc,metaspace   ] GC(967) Metaspace: 35425K(36096K)->35425K(36096K) NonClass: 29154K(29632K)->29154K(29632K) Class: 6271K(6464K)->6271K(6464K)
[359.059s][info][gc             ] GC(967) Pause Young (Allocation Failure) 408M->117M(478M) 0.879ms
[359.059s][info][gc,cpu         ] GC(967) User=0.00s Sys=0.00s Real=0.00s
[359.273s][info][gc,start       ] GC(968) Pause Young (Allocation Failure)
[359.274s][info][gc,heap        ] GC(968) PSYoungGen: 301120K(314880K)->64K(289280K) Eden: 301056K(301056K)->0K(288768K) From: 64K(13824K)->64K(512K)
[359.274s][info][gc,heap        ] GC(968) ParOldGen: 120493K(175104K)->120501K(175104K)
[359.274s][info][gc,metaspace   ] GC(968) Metaspace: 35427K(36096K)->35427K(36096K) NonClass: 29155K(29632K)->29155K(29632K) Class: 6271K(6464K)->6271K(6464K)
[359.274s][info][gc             ] GC(968) Pause Young (Allocation Failure) 411M->117M(453M) 0.845ms
[359.274s][info][gc,cpu         ] GC(968) User=0.00s Sys=0.00s Real=0.00s
[359.364s][info][gc,start       ] GC(969) Pause Young (Allocation Failure)
[359.365s][info][gc,heap        ] GC(969) PSYoungGen: 288832K(289280K)->64K(278528K) Eden: 288768K(288768K)->0K(277504K) From: 64K(512K)->64K(1024K)
[359.365s][info][gc,heap        ] GC(969) ParOldGen: 120501K(175104K)->120509K(175104K)
[359.365s][info][gc,metaspace   ] GC(969) Metaspace: 35427K(36096K)->35427K(36096K) NonClass: 29155K(29632K)->29155K(29632K) Class: 6271K(6464K)->6271K(6464K)
[359.365s][info][gc             ] GC(969) Pause Young (Allocation Failure) 399M->117M(443M) 0.889ms
[359.365s][info][gc,cpu         ] GC(969) User=0.00s Sys=0.00s Real=0.00s
[359.463s][info][gc,start       ] GC(970) Pause Young (Allocation Failure)
[359.464s][info][gc,heap        ] GC(970) PSYoungGen: 277568K(278528K)->64K(280064K) Eden: 277504K(277504K)->0K(266752K) From: 64K(1024K)->64K(13312K)
[359.464s][info][gc,heap        ] GC(970) ParOldGen: 120509K(175104K)->120517K(175104K)
[359.464s][info][gc,metaspace   ] GC(970) Metaspace: 35436K(36096K)->35436K(36096K) NonClass: 29165K(29632K)->29165K(29632K) Class: 6271K(6464K)->6271K(6464K)
[359.464s][info][gc             ] GC(970) Pause Young (Allocation Failure) 388M->117M(444M) 0.805ms
[359.464s][info][gc,cpu         ] GC(970) User=0.00s Sys=0.00s Real=0.00s
[359.623s][info][gc,start       ] GC(971) Pause Young (Allocation Failure)
[359.624s][info][gc,heap        ] GC(971) PSYoungGen: 266816K(280064K)->64K(257024K) Eden: 266752K(266752K)->0K(256512K) From: 64K(13312K)->64K(512K)
[359.624s][info][gc,heap        ] GC(971) ParOldGen: 120517K(175104K)->120525K(175104K)
[359.624s][info][gc,metaspace   ] GC(971) Metaspace: 35436K(36096K)->35436K(36096K) NonClass: 29165K(29632K)->29165K(29632K) Class: 6271K(6464K)->6271K(6464K)
[359.624s][info][gc             ] GC(971) Pause Young (Allocation Failure) 378M->117M(422M) 1.547ms
[359.624s][info][gc,cpu         ] GC(971) User=0.00s Sys=0.00s Real=0.00s
[360.571s][info][gc,start       ] GC(972) Pause Young (Allocation Failure)
[360.571s][info][gc,heap        ] GC(972) PSYoungGen: 256576K(257024K)->83K(258560K) Eden: 256512K(256512K)->0K(246784K) From: 64K(512K)->83K(11776K)
[360.571s][info][gc,heap        ] GC(972) ParOldGen: 120525K(175104K)->120533K(175104K)
[360.571s][info][gc,metaspace   ] GC(972) Metaspace: 35436K(36096K)->35436K(36096K) NonClass: 29165K(29632K)->29165K(29632K) Class: 6271K(6464K)->6271K(6464K)
[360.571s][info][gc             ] GC(972) Pause Young (Allocation Failure) 368M->117M(423M) 0.797ms
[360.572s][info][gc,cpu         ] GC(972) User=0.00s Sys=0.00s Real=0.00s
[361.445s][info][gc,start       ] GC(973) Pause Young (Allocation Failure)
[361.447s][info][gc,heap        ] GC(973) PSYoungGen: 246867K(258560K)->64K(238080K) Eden: 246784K(246784K)->0K(237568K) From: 83K(11776K)->64K(512K)
[361.447s][info][gc,heap        ] GC(973) ParOldGen: 120533K(175104K)->120541K(175104K)
[361.447s][info][gc,metaspace   ] GC(973) Metaspace: 35436K(36096K)->35436K(36096K) NonClass: 29165K(29632K)->29165K(29632K) Class: 6271K(6464K)->6271K(6464K)
[361.447s][info][gc             ] GC(973) Pause Young (Allocation Failure) 358M->117M(403M) 2.212ms
[361.447s][info][gc,cpu         ] GC(973) User=0.00s Sys=0.01s Real=0.01s
[361.614s][info][gc,start       ] GC(974) Pause Young (Allocation Failure)
[361.615s][info][gc,heap        ] GC(974) PSYoungGen: 237632K(238080K)->64K(238592K) Eden: 237568K(237568K)->0K(228352K) From: 64K(512K)->64K(10240K)
[361.615s][info][gc,heap        ] GC(974) ParOldGen: 120541K(175104K)->120557K(175104K)
[361.615s][info][gc,metaspace   ] GC(974) Metaspace: 35436K(36096K)->35436K(36096K) NonClass: 29165K(29632K)->29165K(29632K) Class: 6271K(6464K)->6271K(6464K)
[361.615s][info][gc             ] GC(974) Pause Young (Allocation Failure) 349M->117M(404M) 1.324ms
[361.615s][info][gc,cpu         ] GC(974) User=0.00s Sys=0.00s Real=0.00s
[362.053s][info][gc,start       ] GC(975) Pause Young (Allocation Failure)
[362.055s][info][gc,heap        ] GC(975) PSYoungGen: 228416K(238592K)->64K(220160K) Eden: 228352K(228352K)->0K(219648K) From: 64K(10240K)->64K(512K)
[362.055s][info][gc,heap        ] GC(975) ParOldGen: 120557K(175104K)->120565K(175104K)
[362.055s][info][gc,metaspace   ] GC(975) Metaspace: 35436K(36096K)->35436K(36096K) NonClass: 29165K(29632K)->29165K(29632K) Class: 6271K(6464K)->6271K(6464K)
[362.055s][info][gc             ] GC(975) Pause Young (Allocation Failure) 340M->117M(386M) 2.281ms
[362.055s][info][gc,cpu         ] GC(975) User=0.00s Sys=0.00s Real=0.00s
[362.460s][info][gc,start       ] GC(976) Pause Young (Allocation Failure)
[362.462s][info][gc,heap        ] GC(976) PSYoungGen: 219712K(220160K)->64K(220160K) Eden: 219648K(219648K)->0K(211456K) From: 64K(512K)->64K(8704K)
[362.462s][info][gc,heap        ] GC(976) ParOldGen: 120565K(175104K)->120573K(175104K)
[362.462s][info][gc,metaspace   ] GC(976) Metaspace: 35436K(36096K)->35436K(36096K) NonClass: 29165K(29632K)->29165K(29632K) Class: 6271K(6464K)->6271K(6464K)
[362.462s][info][gc             ] GC(976) Pause Young (Allocation Failure) 332M->117M(386M) 1.443ms
[362.462s][info][gc,cpu         ] GC(976) User=0.00s Sys=0.00s Real=0.00s
[363.234s][info][gc,start       ] GC(977) Pause Young (Allocation Failure)
[363.236s][info][gc,heap        ] GC(977) PSYoungGen: 211520K(220160K)->64K(204288K) Eden: 211456K(211456K)->0K(203776K) From: 64K(8704K)->64K(512K)
[363.236s][info][gc,heap        ] GC(977) ParOldGen: 120573K(175104K)->120581K(175104K)
[363.236s][info][gc,metaspace   ] GC(977) Metaspace: 35436K(36096K)->35436K(36096K) NonClass: 29165K(29632K)->29165K(29632K) Class: 6271K(6464K)->6271K(6464K)
[363.236s][info][gc             ] GC(977) Pause Young (Allocation Failure) 324M->117M(370M) 2.326ms
[363.236s][info][gc,cpu         ] GC(977) User=0.00s Sys=0.00s Real=0.01s
[363.559s][info][gc,start       ] GC(978) Pause Young (Allocation Failure)
[363.560s][info][gc,heap        ] GC(978) PSYoungGen: 203840K(204288K)->64K(204288K) Eden: 203776K(203776K)->0K(196608K) From: 64K(512K)->64K(7680K)
[363.560s][info][gc,heap        ] GC(978) ParOldGen: 120581K(175104K)->120589K(175104K)
[363.560s][info][gc,metaspace   ] GC(978) Metaspace: 35437K(36096K)->35437K(36096K) NonClass: 29166K(29632K)->29166K(29632K) Class: 6271K(6464K)->6271K(6464K)
[363.560s][info][gc             ] GC(978) Pause Young (Allocation Failure) 316M->117M(370M) 1.456ms
[363.560s][info][gc,cpu         ] GC(978) User=0.00s Sys=0.00s Real=0.00s
[363.710s][info][gc,start       ] GC(979) Pause Young (Allocation Failure)
[363.712s][info][gc,heap        ] GC(979) PSYoungGen: 196672K(204288K)->64K(189952K) Eden: 196608K(196608K)->0K(189440K) From: 64K(7680K)->64K(512K)
[363.712s][info][gc,heap        ] GC(979) ParOldGen: 120589K(175104K)->120605K(175104K)
[363.712s][info][gc,metaspace   ] GC(979) Metaspace: 35437K(36096K)->35437K(36096K) NonClass: 29166K(29632K)->29166K(29632K) Class: 6271K(6464K)->6271K(6464K)
[363.712s][info][gc             ] GC(979) Pause Young (Allocation Failure) 309M->117M(356M) 2.270ms
[363.712s][info][gc,cpu         ] GC(979) User=0.00s Sys=0.00s Real=0.00s
[363.778s][info][gc,start       ] GC(980) Pause Young (Allocation Failure)
[363.780s][info][gc,heap        ] GC(980) PSYoungGen: 189504K(189952K)->64K(189440K) Eden: 189440K(189440K)->0K(182784K) From: 64K(512K)->64K(6656K)
[363.780s][info][gc,heap        ] GC(980) ParOldGen: 120605K(175104K)->120613K(175104K)
[363.780s][info][gc,metaspace   ] GC(980) Metaspace: 35437K(36096K)->35437K(36096K) NonClass: 29166K(29632K)->29166K(29632K) Class: 6271K(6464K)->6271K(6464K)
[363.780s][info][gc             ] GC(980) Pause Young (Allocation Failure) 302M->117M(356M) 1.101ms
[363.780s][info][gc,cpu         ] GC(980) User=0.00s Sys=0.00s Real=0.00s
[364.174s][info][gc,start       ] GC(981) Pause Young (Allocation Failure)
[364.176s][info][gc,heap        ] GC(981) PSYoungGen: 182848K(189440K)->64K(176640K) Eden: 182784K(182784K)->0K(176128K) From: 64K(6656K)->64K(512K)
[364.176s][info][gc,heap        ] GC(981) ParOldGen: 120613K(175104K)->120621K(175104K)
[364.176s][info][gc,metaspace   ] GC(981) Metaspace: 35437K(36096K)->35437K(36096K) NonClass: 29166K(29632K)->29166K(29632K) Class: 6271K(6464K)->6271K(6464K)
[364.176s][info][gc             ] GC(981) Pause Young (Allocation Failure) 296M->117M(343M) 1.414ms
[364.176s][info][gc,cpu         ] GC(981) User=0.00s Sys=0.00s Real=0.00s
[364.480s][info][gc,start       ] GC(982) Pause Young (Allocation Failure)
[364.481s][info][gc,heap        ] GC(982) PSYoungGen: 176192K(176640K)->64K(175616K) Eden: 176128K(176128K)->0K(169984K) From: 64K(512K)->64K(5632K)
[364.481s][info][gc,heap        ] GC(982) ParOldGen: 120621K(175104K)->120629K(175104K)
[364.481s][info][gc,metaspace   ] GC(982) Metaspace: 35437K(36096K)->35437K(36096K) NonClass: 29166K(29632K)->29166K(29632K) Class: 6271K(6464K)->6271K(6464K)
[364.481s][info][gc             ] GC(982) Pause Young (Allocation Failure) 289M->117M(342M) 0.906ms
[364.481s][info][gc,cpu         ] GC(982) User=0.00s Sys=0.00s Real=0.00s
[364.717s][info][gc,start       ] GC(983) Pause Young (Allocation Failure)
[364.718s][info][gc,heap        ] GC(983) PSYoungGen: 170048K(175616K)->64K(164864K) Eden: 169984K(169984K)->0K(164352K) From: 64K(5632K)->64K(512K)
[364.718s][info][gc,heap        ] GC(983) ParOldGen: 120629K(175104K)->120637K(175104K)
[364.718s][info][gc,metaspace   ] GC(983) Metaspace: 35437K(36096K)->35437K(36096K) NonClass: 29166K(29632K)->29166K(29632K) Class: 6271K(6464K)->6271K(6464K)
[364.718s][info][gc             ] GC(983) Pause Young (Allocation Failure) 283M->117M(332M) 1.306ms
[364.718s][info][gc,cpu         ] GC(983) User=0.00s Sys=0.00s Real=0.00s
[364.966s][info][gc,start       ] GC(984) Pause Young (Allocation Failure)
[364.985s][info][gc,heap        ] GC(984) PSYoungGen: 164416K(164864K)->5120K(201216K) Eden: 164352K(164352K)->0K(196096K) From: 64K(512K)->5120K(5120K)
[364.985s][info][gc,heap        ] GC(984) ParOldGen: 120637K(175104K)->127029K(175104K)
[364.985s][info][gc,metaspace   ] GC(984) Metaspace: 35437K(36096K)->35437K(36096K) NonClass: 29166K(29632K)->29166K(29632K) Class: 6271K(6464K)->6271K(6464K)
[364.985s][info][gc             ] GC(984) Pause Young (Allocation Failure) 278M->129M(367M) 18.552ms
[364.985s][info][gc,cpu         ] GC(984) User=0.04s Sys=0.00s Real=0.01s
[365.209s][info][gc,start       ] GC(985) Pause Young (Allocation Failure)
[365.245s][info][gc,heap        ] GC(985) PSYoungGen: 201216K(201216K)->5120K(231936K) Eden: 196096K(196096K)->0K(226816K) From: 5120K(5120K)->5120K(5120K)
[365.245s][info][gc,heap        ] GC(985) ParOldGen: 127029K(175104K)->143069K(175104K)
[365.245s][info][gc,metaspace   ] GC(985) Metaspace: 35437K(36096K)->35437K(36096K) NonClass: 29166K(29632K)->29166K(29632K) Class: 6271K(6464K)->6271K(6464K)
[365.245s][info][gc             ] GC(985) Pause Young (Allocation Failure) 320M->144M(397M) 36.140ms
[365.245s][info][gc,cpu         ] GC(985) User=0.07s Sys=0.00s Real=0.03s
[365.499s][info][gc,start       ] GC(986) Pause Young (Allocation Failure)
[365.541s][info][gc,heap        ] GC(986) PSYoungGen: 231936K(231936K)->15360K(242176K) Eden: 226816K(226816K)->0K(226816K) From: 5120K(5120K)->15360K(15360K)
[365.541s][info][gc,heap        ] GC(986) ParOldGen: 143069K(175104K)->152469K(175104K)
[365.542s][info][gc,metaspace   ] GC(986) Metaspace: 35437K(36096K)->35437K(36096K) NonClass: 29166K(29632K)->29166K(29632K) Class: 6271K(6464K)->6271K(6464K)
[365.542s][info][gc             ] GC(986) Pause Young (Allocation Failure) 366M->163M(407M) 42.554ms
[365.542s][info][gc,cpu         ] GC(986) User=0.09s Sys=0.00s Real=0.04s
[365.701s][info][gc,start       ] GC(987) Pause Young (Allocation Failure)
[365.728s][info][gc,heap        ] GC(987) PSYoungGen: 242176K(242176K)->12352K(292864K) Eden: 226816K(226816K)->0K(270848K) From: 15360K(15360K)->12352K(22016K)
[365.728s][info][gc,heap        ] GC(987) ParOldGen: 152469K(175104K)->152805K(175104K)
[365.729s][info][gc,metaspace   ] GC(987) Metaspace: 35437K(36096K)->35437K(36096K) NonClass: 29166K(29632K)->29166K(29632K) Class: 6271K(6464K)->6271K(6464K)
[365.729s][info][gc             ] GC(987) Pause Young (Allocation Failure) 385M->161M(457M) 27.650ms
[365.729s][info][gc,cpu         ] GC(987) User=0.05s Sys=0.01s Real=0.03s
[366.023s][info][gc,start       ] GC(988) Pause Young (Allocation Failure)
[366.024s][info][gc,heap        ] GC(988) PSYoungGen: 283200K(292864K)->64K(293888K) Eden: 270848K(270848K)->0K(270848K) From: 12352K(22016K)->64K(23040K)
[366.024s][info][gc,heap        ] GC(988) ParOldGen: 152805K(175104K)->152813K(175104K)
[366.024s][info][gc,metaspace   ] GC(988) Metaspace: 35437K(36096K)->35437K(36096K) NonClass: 29166K(29632K)->29166K(29632K) Class: 6271K(6464K)->6271K(6464K)
[366.024s][info][gc             ] GC(988) Pause Young (Allocation Failure) 425M->149M(458M) 0.949ms
[366.024s][info][gc,cpu         ] GC(988) User=0.00s Sys=0.00s Real=0.00s
[366.686s][info][gc,start       ] GC(989) Pause Young (Allocation Failure)
[366.687s][info][gc,heap        ] GC(989) PSYoungGen: 270912K(293888K)->64K(309760K) Eden: 270848K(270848K)->0K(288768K) From: 64K(23040K)->64K(20992K)
[366.687s][info][gc,heap        ] GC(989) ParOldGen: 152813K(175104K)->152821K(175104K)
[366.687s][info][gc,metaspace   ] GC(989) Metaspace: 35437K(36096K)->35437K(36096K) NonClass: 29166K(29632K)->29166K(29632K) Class: 6271K(6464K)->6271K(6464K)
[366.687s][info][gc             ] GC(989) Pause Young (Allocation Failure) 413M->149M(473M) 0.990ms
[366.687s][info][gc,cpu         ] GC(989) User=0.00s Sys=0.00s Real=0.01s
[366.974s][info][gc,start       ] GC(990) Pause Young (Allocation Failure)
[366.975s][info][gc,heap        ] GC(990) PSYoungGen: 288832K(309760K)->64K(310272K) Eden: 288768K(288768K)->0K(288768K) From: 64K(20992K)->64K(21504K)
[366.975s][info][gc,heap        ] GC(990) ParOldGen: 152821K(175104K)->152837K(175104K)
[366.975s][info][gc,metaspace   ] GC(990) Metaspace: 35437K(36096K)->35437K(36096K) NonClass: 29166K(29632K)->29166K(29632K) Class: 6271K(6464K)->6271K(6464K)
[366.975s][info][gc             ] GC(990) Pause Young (Allocation Failure) 431M->149M(474M) 0.950ms
[366.975s][info][gc,cpu         ] GC(990) User=0.01s Sys=0.00s Real=0.00s
[367.402s][info][gc,start       ] GC(991) Pause Young (Allocation Failure)
[367.403s][info][gc,heap        ] GC(991) PSYoungGen: 288832K(310272K)->64K(310272K) Eden: 288768K(288768K)->0K(291328K) From: 64K(21504K)->64K(18944K)
[367.403s][info][gc,heap        ] GC(991) ParOldGen: 152837K(175104K)->152845K(175104K)
[367.403s][info][gc,metaspace   ] GC(991) Metaspace: 35437K(36096K)->35437K(36096K) NonClass: 29166K(29632K)->29166K(29632K) Class: 6271K(6464K)->6271K(6464K)
[367.403s][info][gc             ] GC(991) Pause Young (Allocation Failure) 431M->149M(474M) 0.991ms
[367.403s][info][gc,cpu         ] GC(991) User=0.00s Sys=0.00s Real=0.00s
[367.635s][info][gc,start       ] GC(992) Pause Young (Allocation Failure)
[367.636s][info][gc,heap        ] GC(992) PSYoungGen: 291392K(310272K)->64K(311296K) Eden: 291328K(291328K)->0K(291328K) From: 64K(18944K)->64K(19968K)
[367.636s][info][gc,heap        ] GC(992) ParOldGen: 152845K(175104K)->152861K(175104K)
[367.636s][info][gc,metaspace   ] GC(992) Metaspace: 35437K(36096K)->35437K(36096K) NonClass: 29166K(29632K)->29166K(29632K) Class: 6271K(6464K)->6271K(6464K)
[367.636s][info][gc             ] GC(992) Pause Young (Allocation Failure) 433M->149M(475M) 0.964ms
[367.636s][info][gc,cpu         ] GC(992) User=0.00s Sys=0.00s Real=0.00s
[367.977s][info][gc,start       ] GC(993) Pause Young (Allocation Failure)
[367.978s][info][gc,heap        ] GC(993) PSYoungGen: 291392K(311296K)->64K(312832K) Eden: 291328K(291328K)->0K(294912K) From: 64K(19968K)->64K(17920K)
[367.978s][info][gc,heap        ] GC(993) ParOldGen: 152861K(175104K)->152861K(175104K)
[367.978s][info][gc,metaspace   ] GC(993) Metaspace: 35437K(36096K)->35437K(36096K) NonClass: 29166K(29632K)->29166K(29632K) Class: 6271K(6464K)->6271K(6464K)
[367.978s][info][gc             ] GC(993) Pause Young (Allocation Failure) 433M->149M(476M) 1.025ms
[367.978s][info][gc,cpu         ] GC(993) User=0.00s Sys=0.00s Real=0.00s
[368.146s][info][gc,start       ] GC(994) Pause Young (Allocation Failure)
[368.147s][info][gc,heap        ] GC(994) PSYoungGen: 294976K(312832K)->64K(313344K) Eden: 294912K(294912K)->0K(294912K) From: 64K(17920K)->64K(18432K)
[368.147s][info][gc,heap        ] GC(994) ParOldGen: 152861K(175104K)->152869K(175104K)
[368.147s][info][gc,metaspace   ] GC(994) Metaspace: 35437K(36096K)->35437K(36096K) NonClass: 29166K(29632K)->29166K(29632K) Class: 6271K(6464K)->6271K(6464K)
[368.147s][info][gc             ] GC(994) Pause Young (Allocation Failure) 437M->149M(477M) 1.545ms
[368.147s][info][gc,cpu         ] GC(994) User=0.00s Sys=0.00s Real=0.01s
[368.201s][info][gc,start       ] GC(995) Pause Young (Allocation Failure)
[368.202s][info][gc,heap        ] GC(995) PSYoungGen: 294976K(313344K)->32K(313856K) Eden: 294912K(294912K)->0K(297984K) From: 64K(18432K)->32K(15872K)
[368.202s][info][gc,heap        ] GC(995) ParOldGen: 152869K(175104K)->152885K(175104K)
[368.202s][info][gc,metaspace   ] GC(995) Metaspace: 35437K(36096K)->35437K(36096K) NonClass: 29166K(29632K)->29166K(29632K) Class: 6271K(6464K)->6271K(6464K)
[368.202s][info][gc             ] GC(995) Pause Young (Allocation Failure) 437M->149M(477M) 1.495ms
[368.202s][info][gc,cpu         ] GC(995) User=0.00s Sys=0.00s Real=0.00s
[368.304s][info][gc,start       ] GC(996) Pause Young (Allocation Failure)
[368.305s][info][gc,heap        ] GC(996) PSYoungGen: 298016K(313856K)->64K(314368K) Eden: 297984K(297984K)->0K(297984K) From: 32K(15872K)->64K(16384K)
[368.305s][info][gc,heap        ] GC(996) ParOldGen: 152885K(175104K)->152885K(175104K)
[368.305s][info][gc,metaspace   ] GC(996) Metaspace: 35437K(36096K)->35437K(36096K) NonClass: 29166K(29632K)->29166K(29632K) Class: 6271K(6464K)->6271K(6464K)
[368.305s][info][gc             ] GC(996) Pause Young (Allocation Failure) 440M->149M(478M) 1.494ms
[368.305s][info][gc,cpu         ] GC(996) User=0.01s Sys=0.00s Real=0.00s
[368.521s][info][gc,start       ] GC(997) Pause Young (Allocation Failure)
[368.522s][info][gc,heap        ] GC(997) PSYoungGen: 298048K(314368K)->32K(316928K) Eden: 297984K(297984K)->0K(302080K) From: 64K(16384K)->32K(14848K)
[368.522s][info][gc,heap        ] GC(997) ParOldGen: 152885K(175104K)->152901K(175104K)
[368.522s][info][gc,metaspace   ] GC(997) Metaspace: 35437K(36096K)->35437K(36096K) NonClass: 29166K(29632K)->29166K(29632K) Class: 6271K(6464K)->6271K(6464K)
[368.522s][info][gc             ] GC(997) Pause Young (Allocation Failure) 440M->149M(480M) 1.551ms
[368.522s][info][gc,cpu         ] GC(997) User=0.00s Sys=0.00s Real=0.00s
[368.708s][info][gc,start       ] GC(998) Pause Young (Allocation Failure)
[368.710s][info][gc,heap        ] GC(998) PSYoungGen: 302112K(316928K)->64K(316928K) Eden: 302080K(302080K)->0K(302080K) From: 32K(14848K)->64K(14848K)
[368.710s][info][gc,heap        ] GC(998) ParOldGen: 152901K(175104K)->152901K(175104K)
[368.710s][info][gc,metaspace   ] GC(998) Metaspace: 35437K(36096K)->35437K(36096K) NonClass: 29166K(29632K)->29166K(29632K) Class: 6271K(6464K)->6271K(6464K)
[368.710s][info][gc             ] GC(998) Pause Young (Allocation Failure) 444M->149M(480M) 1.548ms
[368.710s][info][gc,cpu         ] GC(998) User=0.00s Sys=0.00s Real=0.00s
[368.791s][info][gc,start       ] GC(999) Pause Young (Allocation Failure)
[368.792s][info][gc,heap        ] GC(999) PSYoungGen: 302144K(316928K)->64K(317952K) Eden: 302080K(302080K)->0K(305152K) From: 64K(14848K)->64K(12800K)
[368.792s][info][gc,heap        ] GC(999) ParOldGen: 152901K(175104K)->152917K(175104K)
[368.792s][info][gc,metaspace   ] GC(999) Metaspace: 35437K(36096K)->35437K(36096K) NonClass: 29166K(29632K)->29166K(29632K) Class: 6271K(6464K)->6271K(6464K)
[368.793s][info][gc             ] GC(999) Pause Young (Allocation Failure) 444M->149M(481M) 1.502ms
[368.793s][info][gc,cpu         ] GC(999) User=0.00s Sys=0.00s Real=0.00s
[368.936s][info][gc,start       ] GC(1000) Pause Young (Allocation Failure)
[368.938s][info][gc,heap        ] GC(1000) PSYoungGen: 305216K(317952K)->64K(317952K) Eden: 305152K(305152K)->0K(305152K) From: 64K(12800K)->64K(12800K)
[368.938s][info][gc,heap        ] GC(1000) ParOldGen: 152917K(175104K)->152917K(175104K)
[368.938s][info][gc,metaspace   ] GC(1000) Metaspace: 35437K(36096K)->35437K(36096K) NonClass: 29166K(29632K)->29166K(29632K) Class: 6271K(6464K)->6271K(6464K)
[368.938s][info][gc             ] GC(1000) Pause Young (Allocation Failure) 447M->149M(481M) 1.500ms
[368.938s][info][gc,cpu         ] GC(1000) User=0.00s Sys=0.00s Real=0.00s
[369.361s][info][gc,start       ] GC(1001) Pause Young (Allocation Failure)
[369.363s][info][gc,heap        ] GC(1001) PSYoungGen: 305216K(317952K)->64K(319488K) Eden: 305152K(305152K)->0K(308736K) From: 64K(12800K)->64K(10752K)
[369.363s][info][gc,heap        ] GC(1001) ParOldGen: 152917K(175104K)->152933K(175104K)
[369.363s][info][gc,metaspace   ] GC(1001) Metaspace: 35437K(36096K)->35437K(36096K) NonClass: 29166K(29632K)->29166K(29632K) Class: 6271K(6464K)->6271K(6464K)
[369.363s][info][gc             ] GC(1001) Pause Young (Allocation Failure) 447M->149M(483M) 1.538ms
[369.363s][info][gc,cpu         ] GC(1001) User=0.01s Sys=0.00s Real=0.00s
[370.654s][info][gc,start       ] GC(1002) Pause Young (Allocation Failure)
[370.655s][info][gc,heap        ] GC(1002) PSYoungGen: 308800K(319488K)->64K(296960K) Eden: 308736K(308736K)->0K(296448K) From: 64K(10752K)->64K(512K)
[370.655s][info][gc,heap        ] GC(1002) ParOldGen: 152933K(175104K)->152941K(175104K)
[370.655s][info][gc,metaspace   ] GC(1002) Metaspace: 35437K(36096K)->35437K(36096K) NonClass: 29166K(29632K)->29166K(29632K) Class: 6271K(6464K)->6271K(6464K)
[370.655s][info][gc             ] GC(1002) Pause Young (Allocation Failure) 450M->149M(461M) 1.631ms
[370.655s][info][gc,cpu         ] GC(1002) User=0.00s Sys=0.00s Real=0.00s
[371.045s][info][gc,start       ] GC(1003) Pause Young (Allocation Failure)
[371.047s][info][gc,heap        ] GC(1003) PSYoungGen: 296512K(296960K)->64K(285184K) Eden: 296448K(296448K)->0K(284672K) From: 64K(512K)->64K(512K)
[371.047s][info][gc,heap        ] GC(1003) ParOldGen: 152941K(175104K)->152949K(175104K)
[371.047s][info][gc,metaspace   ] GC(1003) Metaspace: 35437K(36096K)->35437K(36096K) NonClass: 29166K(29632K)->29166K(29632K) Class: 6271K(6464K)->6271K(6464K)
[371.047s][info][gc             ] GC(1003) Pause Young (Allocation Failure) 438M->149M(449M) 1.656ms
[371.047s][info][gc,cpu         ] GC(1003) User=0.00s Sys=0.00s Real=0.01s
[371.505s][info][gc,start       ] GC(1004) Pause Young (Allocation Failure)
[371.507s][info][gc,heap        ] GC(1004) PSYoungGen: 284736K(285184K)->64K(283648K) Eden: 284672K(284672K)->0K(273408K) From: 64K(512K)->64K(10240K)
[371.507s][info][gc,heap        ] GC(1004) ParOldGen: 152949K(175104K)->152965K(175104K)
[371.507s][info][gc,metaspace   ] GC(1004) Metaspace: 35437K(36096K)->35437K(36096K) NonClass: 29166K(29632K)->29166K(29632K) Class: 6271K(6464K)->6271K(6464K)
[371.507s][info][gc             ] GC(1004) Pause Young (Allocation Failure) 427M->149M(448M) 1.541ms
[371.507s][info][gc,cpu         ] GC(1004) User=0.00s Sys=0.00s Real=0.01s
[372.492s][info][gc,start       ] GC(1005) Pause Young (Allocation Failure)
[372.494s][info][gc,heap        ] GC(1005) PSYoungGen: 273472K(283648K)->64K(263168K) Eden: 273408K(273408K)->0K(262656K) From: 64K(10240K)->64K(512K)
[372.494s][info][gc,heap        ] GC(1005) ParOldGen: 152965K(175104K)->152973K(175104K)
[372.494s][info][gc,metaspace   ] GC(1005) Metaspace: 35437K(36096K)->35437K(36096K) NonClass: 29166K(29632K)->29166K(29632K) Class: 6271K(6464K)->6271K(6464K)
[372.494s][info][gc             ] GC(1005) Pause Young (Allocation Failure) 416M->149M(428M) 2.054ms
[372.494s][info][gc,cpu         ] GC(1005) User=0.01s Sys=0.00s Real=0.00s
[372.897s][info][gc,start       ] GC(1006) Pause Young (Allocation Failure)
[372.898s][info][gc,heap        ] GC(1006) PSYoungGen: 262720K(263168K)->64K(261120K) Eden: 262656K(262656K)->0K(252416K) From: 64K(512K)->64K(8704K)
[372.898s][info][gc,heap        ] GC(1006) ParOldGen: 152973K(175104K)->152981K(175104K)
[372.898s][info][gc,metaspace   ] GC(1006) Metaspace: 35437K(36096K)->35437K(36096K) NonClass: 29166K(29632K)->29166K(29632K) Class: 6271K(6464K)->6271K(6464K)
[372.898s][info][gc             ] GC(1006) Pause Young (Allocation Failure) 405M->149M(426M) 1.465ms
[372.898s][info][gc,cpu         ] GC(1006) User=0.00s Sys=0.00s Real=0.00s
[373.060s][info][gc,start       ] GC(1007) Pause Young (Allocation Failure)
[373.062s][info][gc,heap        ] GC(1007) PSYoungGen: 252480K(261120K)->64K(243200K) Eden: 252416K(252416K)->0K(242688K) From: 64K(8704K)->64K(512K)
[373.062s][info][gc,heap        ] GC(1007) ParOldGen: 152981K(175104K)->152989K(175104K)
[373.062s][info][gc,metaspace   ] GC(1007) Metaspace: 35437K(36096K)->35437K(36096K) NonClass: 29166K(29632K)->29166K(29632K) Class: 6271K(6464K)->6271K(6464K)
[373.062s][info][gc             ] GC(1007) Pause Young (Allocation Failure) 395M->149M(408M) 1.992ms
[373.062s][info][gc,cpu         ] GC(1007) User=0.00s Sys=0.00s Real=0.00s
[373.282s][info][gc,start       ] GC(1008) Pause Young (Allocation Failure)
[373.283s][info][gc,heap        ] GC(1008) PSYoungGen: 242752K(243200K)->64K(241152K) Eden: 242688K(242688K)->0K(233472K) From: 64K(512K)->64K(7680K)
[373.283s][info][gc,heap        ] GC(1008) ParOldGen: 152989K(175104K)->153005K(175104K)
[373.283s][info][gc,metaspace   ] GC(1008) Metaspace: 35437K(36096K)->35437K(36096K) NonClass: 29166K(29632K)->29166K(29632K) Class: 6271K(6464K)->6271K(6464K)
[373.283s][info][gc             ] GC(1008) Pause Young (Allocation Failure) 386M->149M(406M) 1.412ms
[373.283s][info][gc,cpu         ] GC(1008) User=0.00s Sys=0.00s Real=0.00s
[373.800s][info][gc,start       ] GC(1009) Pause Young (Allocation Failure)
[373.802s][info][gc,heap        ] GC(1009) PSYoungGen: 233536K(241152K)->64K(225280K) Eden: 233472K(233472K)->0K(224768K) From: 64K(7680K)->64K(512K)
[373.802s][info][gc,heap        ] GC(1009) ParOldGen: 153005K(175104K)->153021K(175104K)
[373.802s][info][gc,metaspace   ] GC(1009) Metaspace: 35437K(36096K)->35437K(36096K) NonClass: 29166K(29632K)->29166K(29632K) Class: 6271K(6464K)->6271K(6464K)
[373.802s][info][gc             ] GC(1009) Pause Young (Allocation Failure) 377M->149M(391M) 2.179ms
[373.802s][info][gc,cpu         ] GC(1009) User=0.00s Sys=0.01s Real=0.00s
[374.103s][info][gc,start       ] GC(1010) Pause Young (Allocation Failure)
[374.104s][info][gc,heap        ] GC(1010) PSYoungGen: 224832K(225280K)->64K(223232K) Eden: 224768K(224768K)->0K(216576K) From: 64K(512K)->64K(6656K)
[374.104s][info][gc,heap        ] GC(1010) ParOldGen: 153021K(175104K)->153037K(175104K)
[374.104s][info][gc,metaspace   ] GC(1010) Metaspace: 35437K(36096K)->35437K(36096K) NonClass: 29166K(29632K)->29166K(29632K) Class: 6271K(6464K)->6271K(6464K)
[374.105s][info][gc             ] GC(1010) Pause Young (Allocation Failure) 368M->149M(389M) 1.476ms
[374.105s][info][gc,cpu         ] GC(1010) User=0.01s Sys=0.00s Real=0.00s
[374.383s][info][gc,start       ] GC(1011) Pause Young (Allocation Failure)
[374.418s][info][gc,heap        ] GC(1011) PSYoungGen: 216640K(223232K)->6144K(264704K) Eden: 216576K(216576K)->0K(258560K) From: 64K(6656K)->6144K(6144K)
[374.418s][info][gc,heap        ] GC(1011) ParOldGen: 153037K(175104K)->167269K(175104K)
[374.418s][info][gc,metaspace   ] GC(1011) Metaspace: 35437K(36096K)->35437K(36096K) NonClass: 29166K(29632K)->29166K(29632K) Class: 6271K(6464K)->6271K(6464K)
[374.418s][info][gc             ] GC(1011) Pause Young (Allocation Failure) 361M->169M(429M) 34.491ms
[374.418s][info][gc,cpu         ] GC(1011) User=0.07s Sys=0.00s Real=0.04s
[374.714s][info][gc,start       ] GC(1012) Pause Young (Allocation Failure)
[374.766s][info][gc,heap        ] GC(1012) PSYoungGen: 264704K(264704K)->12800K(274944K) Eden: 258560K(258560K)->0K(262144K) From: 6144K(6144K)->12800K(12800K)
[374.766s][info][gc,heap        ] GC(1012) ParOldGen: 167269K(175104K)->182573K(182784K)
[374.766s][info][gc,metaspace   ] GC(1012) Metaspace: 35437K(36096K)->35437K(36096K) NonClass: 29166K(29632K)->29166K(29632K) Class: 6271K(6464K)->6271K(6464K)
[374.766s][info][gc             ] GC(1012) Pause Young (Allocation Failure) 421M->190M(447M) 52.640ms
[374.766s][info][gc,cpu         ] GC(1012) User=0.10s Sys=0.00s Real=0.06s
[375.006s][info][gc,start       ] GC(1013) Pause Young (Allocation Failure)
[375.053s][info][gc,heap        ] GC(1013) PSYoungGen: 274944K(274944K)->21024K(304128K) Eden: 262144K(262144K)->0K(282624K) From: 12800K(12800K)->21024K(21504K)
[375.053s][info][gc,heap        ] GC(1013) ParOldGen: 182573K(182784K)->183133K(183296K)
[375.053s][info][gc,metaspace   ] GC(1013) Metaspace: 35437K(36096K)->35437K(36096K) NonClass: 29166K(29632K)->29166K(29632K) Class: 6271K(6464K)->6271K(6464K)
[375.053s][info][gc             ] GC(1013) Pause Young (Allocation Failure) 446M->199M(476M) 47.121ms
[375.053s][info][gc,cpu         ] GC(1013) User=0.08s Sys=0.02s Real=0.04s
[375.253s][info][gc,start       ] GC(1014) Pause Young (Allocation Failure)
[375.254s][info][gc,heap        ] GC(1014) PSYoungGen: 303648K(304128K)->64K(308224K) Eden: 282624K(282624K)->0K(282624K) From: 21024K(21504K)->64K(25600K)
[375.254s][info][gc,heap        ] GC(1014) ParOldGen: 183133K(183296K)->183141K(183296K)
[375.254s][info][gc,metaspace   ] GC(1014) Metaspace: 35437K(36096K)->35437K(36096K) NonClass: 29166K(29632K)->29166K(29632K) Class: 6271K(6464K)->6271K(6464K)
[375.254s][info][gc             ] GC(1014) Pause Young (Allocation Failure) 475M->178M(480M) 0.932ms
[375.254s][info][gc,cpu         ] GC(1014) User=0.00s Sys=0.00s Real=0.00s
[375.965s][info][gc,start       ] GC(1015) Pause Young (Allocation Failure)
[375.966s][info][gc,heap        ] GC(1015) PSYoungGen: 282688K(308224K)->64K(305664K) Eden: 282624K(282624K)->0K(283136K) From: 64K(25600K)->64K(22528K)
[375.966s][info][gc,heap        ] GC(1015) ParOldGen: 183141K(183296K)->183157K(183296K)
[375.966s][info][gc,metaspace   ] GC(1015) Metaspace: 35437K(36096K)->35437K(36096K) NonClass: 29166K(29632K)->29166K(29632K) Class: 6271K(6464K)->6271K(6464K)
[375.966s][info][gc             ] GC(1015) Pause Young (Allocation Failure) 454M->178M(477M) 1.186ms
[375.966s][info][gc,cpu         ] GC(1015) User=0.00s Sys=0.00s Real=0.01s
[376.239s][info][gc,start       ] GC(1016) Pause Young (Allocation Failure)
[376.240s][info][gc,heap        ] GC(1016) PSYoungGen: 283200K(305664K)->64K(307200K) Eden: 283136K(283136K)->0K(283136K) From: 64K(22528K)->64K(24064K)
[376.240s][info][gc,heap        ] GC(1016) ParOldGen: 183157K(183296K)->183157K(183296K)
[376.240s][info][gc,metaspace   ] GC(1016) Metaspace: 35437K(36096K)->35437K(36096K) NonClass: 29166K(29632K)->29166K(29632K) Class: 6271K(6464K)->6271K(6464K)
[376.240s][info][gc             ] GC(1016) Pause Young (Allocation Failure) 455M->178M(479M) 1.014ms
[376.240s][info][gc,cpu         ] GC(1016) User=0.00s Sys=0.00s Real=0.00s
[376.684s][info][gc,start       ] GC(1017) Pause Young (Allocation Failure)
[376.685s][info][gc,heap        ] GC(1017) PSYoungGen: 283200K(307200K)->64K(307200K) Eden: 283136K(283136K)->0K(286720K) From: 64K(24064K)->64K(20480K)
[376.685s][info][gc,heap        ] GC(1017) ParOldGen: 183157K(183296K)->183173K(183296K)
[376.685s][info][gc,metaspace   ] GC(1017) Metaspace: 35437K(36096K)->35437K(36096K) NonClass: 29166K(29632K)->29166K(29632K) Class: 6271K(6464K)->6271K(6464K)
[376.685s][info][gc             ] GC(1017) Pause Young (Allocation Failure) 455M->178M(479M) 1.130ms
[376.685s][info][gc,cpu         ] GC(1017) User=0.01s Sys=0.00s Real=0.00s
[376.911s][info][gc,start       ] GC(1018) Pause Young (Allocation Failure)
[376.912s][info][gc,heap        ] GC(1018) PSYoungGen: 286784K(307200K)->64K(308736K) Eden: 286720K(286720K)->0K(286720K) From: 64K(20480K)->64K(22016K)
[376.912s][info][gc,heap        ] GC(1018) ParOldGen: 183173K(183296K)->183189K(183296K)
[376.912s][info][gc,metaspace   ] GC(1018) Metaspace: 35437K(36096K)->35437K(36096K) NonClass: 29166K(29632K)->29166K(29632K) Class: 6271K(6464K)->6271K(6464K)
[376.912s][info][gc             ] GC(1018) Pause Young (Allocation Failure) 458M->178M(480M) 0.959ms
[376.912s][info][gc,cpu         ] GC(1018) User=0.00s Sys=0.00s Real=0.00s
[377.138s][info][gc,start       ] GC(1019) Pause Young (Allocation Failure)
[377.139s][info][gc,heap        ] GC(1019) PSYoungGen: 286784K(308736K)->64K(309248K) Eden: 286720K(286720K)->0K(290816K) From: 64K(22016K)->64K(18432K)
[377.139s][info][gc,heap        ] GC(1019) ParOldGen: 183189K(183296K)->183189K(183296K)
[377.139s][info][gc,metaspace   ] GC(1019) Metaspace: 35437K(36096K)->35437K(36096K) NonClass: 29166K(29632K)->29166K(29632K) Class: 6271K(6464K)->6271K(6464K)
[377.139s][info][gc             ] GC(1019) Pause Young (Allocation Failure) 458M->178M(481M) 0.988ms
[377.139s][info][gc,cpu         ] GC(1019) User=0.00s Sys=0.00s Real=0.00s
[377.440s][info][gc,start       ] GC(1020) Pause Young (Allocation Failure)
[377.441s][info][gc,heap        ] GC(1020) PSYoungGen: 290880K(309248K)->64K(310784K) Eden: 290816K(290816K)->0K(290816K) From: 64K(18432K)->64K(19968K)
[377.441s][info][gc,heap        ] GC(1020) ParOldGen: 183189K(183296K)->183189K(183296K)
[377.442s][info][gc,metaspace   ] GC(1020) Metaspace: 35437K(36096K)->35437K(36096K) NonClass: 29166K(29632K)->29166K(29632K) Class: 6271K(6464K)->6271K(6464K)
[377.442s][info][gc             ] GC(1020) Pause Young (Allocation Failure) 462M->178M(482M) 1.037ms
[377.442s][info][gc,cpu         ] GC(1020) User=0.00s Sys=0.00s Real=0.00s
[377.495s][info][gc,start       ] GC(1021) Pause Young (Allocation Failure)
[377.496s][info][gc,heap        ] GC(1021) PSYoungGen: 290880K(310784K)->64K(311296K) Eden: 290816K(290816K)->0K(294912K) From: 64K(19968K)->64K(16384K)
[377.496s][info][gc,heap        ] GC(1021) ParOldGen: 183189K(183296K)->183205K(183296K)
[377.496s][info][gc,metaspace   ] GC(1021) Metaspace: 35437K(36096K)->35437K(36096K) NonClass: 29166K(29632K)->29166K(29632K) Class: 6271K(6464K)->6271K(6464K)
[377.496s][info][gc             ] GC(1021) Pause Young (Allocation Failure) 462M->178M(483M) 0.988ms
[377.496s][info][gc,cpu         ] GC(1021) User=0.00s Sys=0.00s Real=0.00s
[377.570s][info][gc,start       ] GC(1022) Pause Young (Allocation Failure)
[377.571s][info][gc,heap        ] GC(1022) PSYoungGen: 294976K(311296K)->64K(312832K) Eden: 294912K(294912K)->0K(294912K) From: 64K(16384K)->64K(17920K)
[377.571s][info][gc,heap        ] GC(1022) ParOldGen: 183205K(183296K)->183205K(183296K)
[377.571s][info][gc,metaspace   ] GC(1022) Metaspace: 35437K(36096K)->35437K(36096K) NonClass: 29166K(29632K)->29166K(29632K) Class: 6271K(6464K)->6271K(6464K)
[377.571s][info][gc             ] GC(1022) Pause Young (Allocation Failure) 466M->178M(484M) 1.036ms
[377.571s][info][gc,cpu         ] GC(1022) User=0.00s Sys=0.00s Real=0.00s
[377.784s][info][gc,start       ] GC(1023) Pause Young (Allocation Failure)
[377.785s][info][gc,heap        ] GC(1023) PSYoungGen: 294976K(312832K)->64K(313344K) Eden: 294912K(294912K)->0K(299008K) From: 64K(17920K)->64K(14336K)
[377.785s][info][gc,heap        ] GC(1023) ParOldGen: 183205K(183296K)->183221K(183296K)
[377.785s][info][gc,metaspace   ] GC(1023) Metaspace: 35437K(36096K)->35437K(36096K) NonClass: 29166K(29632K)->29166K(29632K) Class: 6271K(6464K)->6271K(6464K)
[377.785s][info][gc             ] GC(1023) Pause Young (Allocation Failure) 466M->178M(485M) 1.127ms
[377.785s][info][gc,cpu         ] GC(1023) User=0.00s Sys=0.00s Real=0.00s
[378.001s][info][gc,start       ] GC(1024) Pause Young (Allocation Failure)
[378.002s][info][gc,heap        ] GC(1024) PSYoungGen: 299072K(313344K)->64K(314880K) Eden: 299008K(299008K)->0K(299008K) From: 64K(14336K)->64K(15872K)
[378.002s][info][gc,heap        ] GC(1024) ParOldGen: 183221K(183296K)->183221K(183296K)
[378.002s][info][gc,metaspace   ] GC(1024) Metaspace: 35437K(36096K)->35437K(36096K) NonClass: 29166K(29632K)->29166K(29632K) Class: 6271K(6464K)->6271K(6464K)
[378.002s][info][gc             ] GC(1024) Pause Young (Allocation Failure) 470M->178M(486M) 1.094ms
[378.002s][info][gc,cpu         ] GC(1024) User=0.00s Sys=0.00s Real=0.00s
[378.083s][info][gc,start       ] GC(1025) Pause Young (Allocation Failure)
[378.084s][info][gc,heap        ] GC(1025) PSYoungGen: 299072K(314880K)->64K(315392K) Eden: 299008K(299008K)->0K(302592K) From: 64K(15872K)->64K(12800K)
[378.084s][info][gc,heap        ] GC(1025) ParOldGen: 183221K(183296K)->183229K(183296K)
[378.084s][info][gc,metaspace   ] GC(1025) Metaspace: 35437K(36096K)->35437K(36096K) NonClass: 29166K(29632K)->29166K(29632K) Class: 6271K(6464K)->6271K(6464K)
[378.084s][info][gc             ] GC(1025) Pause Young (Allocation Failure) 470M->178M(487M) 0.985ms
[378.084s][info][gc,cpu         ] GC(1025) User=0.00s Sys=0.00s Real=0.00s
[378.208s][info][gc,start       ] GC(1026) Pause Young (Allocation Failure)
[378.209s][info][gc,heap        ] GC(1026) PSYoungGen: 302656K(315392K)->64K(316928K) Eden: 302592K(302592K)->0K(302592K) From: 64K(12800K)->64K(14336K)
[378.209s][info][gc,heap        ] GC(1026) ParOldGen: 183229K(183296K)->183237K(183296K)
[378.209s][info][gc,metaspace   ] GC(1026) Metaspace: 35437K(36096K)->35437K(36096K) NonClass: 29166K(29632K)->29166K(29632K) Class: 6271K(6464K)->6271K(6464K)
[378.209s][info][gc             ] GC(1026) Pause Young (Allocation Failure) 474M->179M(488M) 1.037ms
[378.209s][info][gc,cpu         ] GC(1026) User=0.00s Sys=0.00s Real=0.00s
[378.592s][info][gc,start       ] GC(1027) Pause Young (Allocation Failure)
[378.594s][info][gc,heap        ] GC(1027) PSYoungGen: 302656K(316928K)->64K(290816K) Eden: 302592K(302592K)->0K(290304K) From: 64K(14336K)->64K(512K)
[378.594s][info][gc,heap        ] GC(1027) ParOldGen: 183237K(183296K)->183245K(183296K)
[378.594s][info][gc,metaspace   ] GC(1027) Metaspace: 35437K(36096K)->35437K(36096K) NonClass: 29166K(29632K)->29166K(29632K) Class: 6271K(6464K)->6271K(6464K)
[378.594s][info][gc             ] GC(1027) Pause Young (Allocation Failure) 474M->179M(463M) 1.780ms
[378.594s][info][gc,cpu         ] GC(1027) User=0.00s Sys=0.00s Real=0.00s
[379.307s][info][gc,start       ] GC(1028) Pause Young (Allocation Failure)
[379.308s][info][gc,heap        ] GC(1028) PSYoungGen: 290368K(290816K)->64K(290816K) Eden: 290304K(290304K)->0K(278528K) From: 64K(512K)->64K(12288K)
[379.308s][info][gc,heap        ] GC(1028) ParOldGen: 183245K(183296K)->183253K(183296K)
[379.308s][info][gc,metaspace   ] GC(1028) Metaspace: 35437K(36096K)->35437K(36096K) NonClass: 29166K(29632K)->29166K(29632K) Class: 6271K(6464K)->6271K(6464K)
[379.308s][info][gc             ] GC(1028) Pause Young (Allocation Failure) 462M->179M(463M) 1.062ms
[379.308s][info][gc,cpu         ] GC(1028) User=0.00s Sys=0.00s Real=0.00s
[380.265s][info][gc,start       ] GC(1029) Pause Young (Allocation Failure)
[380.267s][info][gc,heap        ] GC(1029) PSYoungGen: 278592K(290816K)->64K(268288K) Eden: 278528K(278528K)->0K(267776K) From: 64K(12288K)->64K(512K)
[380.267s][info][gc,heap        ] GC(1029) ParOldGen: 183253K(183296K)->183269K(183296K)
[380.267s][info][gc,metaspace   ] GC(1029) Metaspace: 35437K(36096K)->35437K(36096K) NonClass: 29166K(29632K)->29166K(29632K) Class: 6271K(6464K)->6271K(6464K)
[380.267s][info][gc             ] GC(1029) Pause Young (Allocation Failure) 451M->179M(441M) 2.369ms
[380.267s][info][gc,cpu         ] GC(1029) User=0.00s Sys=0.00s Real=0.01s
[380.659s][info][gc,start       ] GC(1030) Pause Young (Allocation Failure)
[380.660s][info][gc,heap        ] GC(1030) PSYoungGen: 267840K(268288K)->64K(268288K) Eden: 267776K(267776K)->0K(257536K) From: 64K(512K)->64K(10752K)
[380.660s][info][gc,heap        ] GC(1030) ParOldGen: 183269K(183296K)->183285K(183296K)
[380.660s][info][gc,metaspace   ] GC(1030) Metaspace: 35437K(36096K)->35437K(36096K) NonClass: 29166K(29632K)->29166K(29632K) Class: 6271K(6464K)->6271K(6464K)
[380.660s][info][gc             ] GC(1030) Pause Young (Allocation Failure) 440M->179M(441M) 1.726ms
[380.660s][info][gc,cpu         ] GC(1030) User=0.01s Sys=0.00s Real=0.00s
[381.249s][info][gc,start       ] GC(1031) Pause Young (Allocation Failure)
[381.251s][info][gc,heap        ] GC(1031) PSYoungGen: 257600K(268288K)->64K(248320K) Eden: 257536K(257536K)->0K(247808K) From: 64K(10752K)->64K(512K)
[381.251s][info][gc,heap        ] GC(1031) ParOldGen: 183285K(183296K)->183293K(183296K)
[381.251s][info][gc,metaspace   ] GC(1031) Metaspace: 35437K(36096K)->35437K(36096K) NonClass: 29166K(29632K)->29166K(29632K) Class: 6271K(6464K)->6271K(6464K)
[381.251s][info][gc             ] GC(1031) Pause Young (Allocation Failure) 430M->179M(421M) 2.037ms
[381.251s][info][gc,cpu         ] GC(1031) User=0.00s Sys=0.00s Real=0.00s
[381.922s][info][gc,start       ] GC(1032) Pause Young (Allocation Failure)
[381.923s][info][gc,heap        ] GC(1032) PSYoungGen: 247872K(248320K)->32K(247808K) Eden: 247808K(247808K)->0K(238080K) From: 64K(512K)->32K(9728K)
[381.923s][info][gc,heap        ] GC(1032) ParOldGen: 183293K(183296K)->183301K(183808K)
[381.923s][info][gc,metaspace   ] GC(1032) Metaspace: 35437K(36096K)->35437K(36096K) NonClass: 29166K(29632K)->29166K(29632K) Class: 6271K(6464K)->6271K(6464K)
[381.923s][info][gc             ] GC(1032) Pause Young (Allocation Failure) 421M->179M(421M) 1.479ms
[381.923s][info][gc,cpu         ] GC(1032) User=0.00s Sys=0.00s Real=0.00s
[382.273s][info][gc,start       ] GC(1033) Pause Young (Allocation Failure)
[382.276s][info][gc,heap        ] GC(1033) PSYoungGen: 238112K(247808K)->64K(229376K) Eden: 238080K(238080K)->0K(228864K) From: 32K(9728K)->64K(512K)
[382.276s][info][gc,heap        ] GC(1033) ParOldGen: 183301K(183808K)->183309K(183808K)
[382.276s][info][gc,metaspace   ] GC(1033) Metaspace: 35437K(36096K)->35437K(36096K) NonClass: 29166K(29632K)->29166K(29632K) Class: 6271K(6464K)->6271K(6464K)
[382.276s][info][gc             ] GC(1033) Pause Young (Allocation Failure) 411M->179M(403M) 2.583ms
[382.276s][info][gc,cpu         ] GC(1033) User=0.00s Sys=0.00s Real=0.00s
[382.380s][info][gc,start       ] GC(1034) Pause Young (Allocation Failure)
[382.381s][info][gc,heap        ] GC(1034) PSYoungGen: 228928K(229376K)->64K(228352K) Eden: 228864K(228864K)->0K(220160K) From: 64K(512K)->64K(8192K)
[382.381s][info][gc,heap        ] GC(1034) ParOldGen: 183309K(183808K)->183317K(183808K)
[382.381s][info][gc,metaspace   ] GC(1034) Metaspace: 35437K(36096K)->35437K(36096K) NonClass: 29166K(29632K)->29166K(29632K) Class: 6271K(6464K)->6271K(6464K)
[382.381s][info][gc             ] GC(1034) Pause Young (Allocation Failure) 402M->179M(402M) 1.628ms
[382.381s][info][gc,cpu         ] GC(1034) User=0.01s Sys=0.00s Real=0.00s
[382.694s][info][gc,start       ] GC(1035) Pause Young (Allocation Failure)
[382.697s][info][gc,heap        ] GC(1035) PSYoungGen: 220224K(228352K)->64K(212480K) Eden: 220160K(220160K)->0K(211968K) From: 64K(8192K)->64K(512K)
[382.697s][info][gc,heap        ] GC(1035) ParOldGen: 183317K(183808K)->183325K(183808K)
[382.697s][info][gc,metaspace   ] GC(1035) Metaspace: 35437K(36096K)->35437K(36096K) NonClass: 29166K(29632K)->29166K(29632K) Class: 6271K(6464K)->6271K(6464K)
[382.697s][info][gc             ] GC(1035) Pause Young (Allocation Failure) 394M->179M(387M) 2.388ms
[382.697s][info][gc,cpu         ] GC(1035) User=0.00s Sys=0.00s Real=0.01s
[383.111s][info][gc,start       ] GC(1036) Pause Young (Allocation Failure)
[383.112s][info][gc,heap        ] GC(1036) PSYoungGen: 212032K(212480K)->32K(211456K) Eden: 211968K(211968K)->0K(204288K) From: 64K(512K)->32K(7168K)
[383.112s][info][gc,heap        ] GC(1036) ParOldGen: 183325K(183808K)->183333K(183808K)
[383.112s][info][gc,metaspace   ] GC(1036) Metaspace: 35437K(36096K)->35437K(36096K) NonClass: 29166K(29632K)->29166K(29632K) Class: 6271K(6464K)->6271K(6464K)
[383.112s][info][gc             ] GC(1036) Pause Young (Allocation Failure) 386M->179M(386M) 1.647ms
[383.112s][info][gc,cpu         ] GC(1036) User=0.00s Sys=0.00s Real=0.00s
[383.402s][info][gc,start       ] GC(1037) Pause Young (Allocation Failure)
[383.406s][info][gc,heap        ] GC(1037) PSYoungGen: 204320K(211456K)->64K(197120K) Eden: 204288K(204288K)->0K(196608K) From: 32K(7168K)->64K(512K)
[383.406s][info][gc,heap        ] GC(1037) ParOldGen: 183333K(183808K)->183341K(183808K)
[383.406s][info][gc,metaspace   ] GC(1037) Metaspace: 35437K(36096K)->35437K(36096K) NonClass: 29166K(29632K)->29166K(29632K) Class: 6271K(6464K)->6271K(6464K)
[383.406s][info][gc             ] GC(1037) Pause Young (Allocation Failure) 378M->179M(372M) 3.567ms
[383.406s][info][gc,cpu         ] GC(1037) User=0.00s Sys=0.00s Real=0.00s
[383.666s][info][gc,start       ] GC(1038) Pause Young (Allocation Failure)
[383.716s][info][gc,heap        ] GC(1038) PSYoungGen: 196672K(197120K)->6144K(241152K) Eden: 196608K(196608K)->0K(235008K) From: 64K(512K)->6144K(6144K)
[383.716s][info][gc,heap        ] GC(1038) ParOldGen: 183341K(183808K)->195165K(195584K)
[383.716s][info][gc,metaspace   ] GC(1038) Metaspace: 35437K(36096K)->35437K(36096K) NonClass: 29166K(29632K)->29166K(29632K) Class: 6271K(6464K)->6271K(6464K)
[383.716s][info][gc             ] GC(1038) Pause Young (Allocation Failure) 371M->196M(426M) 50.033ms
[383.716s][info][gc,cpu         ] GC(1038) User=0.07s Sys=0.01s Real=0.05s
[383.983s][info][gc,start       ] GC(1039) Pause Young (Allocation Failure)
[384.052s][info][gc,heap        ] GC(1039) PSYoungGen: 241152K(241152K)->6144K(258560K) Eden: 235008K(235008K)->0K(252416K) From: 6144K(6144K)->6144K(6144K)
[384.052s][info][gc,heap        ] GC(1039) ParOldGen: 195165K(195584K)->214533K(215040K)
[384.052s][info][gc,metaspace   ] GC(1039) Metaspace: 35437K(36096K)->35437K(36096K) NonClass: 29166K(29632K)->29166K(29632K) Class: 6271K(6464K)->6271K(6464K)
[384.052s][info][gc             ] GC(1039) Pause Young (Allocation Failure) 426M->215M(462M) 69.411ms
[384.052s][info][gc,cpu         ] GC(1039) User=0.11s Sys=0.02s Real=0.07s
[384.330s][info][gc,start       ] GC(1040) Pause Young (Allocation Failure)
[384.379s][info][gc,heap        ] GC(1040) PSYoungGen: 258560K(258560K)->19456K(271872K) Eden: 252416K(252416K)->0K(252416K) From: 6144K(6144K)->19456K(19456K)
[384.379s][info][gc,heap        ] GC(1040) ParOldGen: 214533K(215040K)->221709K(222208K)
[384.379s][info][gc,metaspace   ] GC(1040) Metaspace: 35437K(36096K)->35437K(36096K) NonClass: 29166K(29632K)->29166K(29632K) Class: 6271K(6464K)->6271K(6464K)
[384.379s][info][gc             ] GC(1040) Pause Young (Allocation Failure) 462M->235M(482M) 49.169ms
[384.379s][info][gc,cpu         ] GC(1040) User=0.09s Sys=0.01s Real=0.05s
[384.462s][info][gc,start       ] GC(1041) Pause Young (Allocation Failure)
[384.465s][info][gc,heap        ] GC(1041) PSYoungGen: 271872K(271872K)->64K(308224K) Eden: 252416K(252416K)->0K(282112K) From: 19456K(19456K)->64K(26112K)
[384.465s][info][gc,heap        ] GC(1041) ParOldGen: 221709K(222208K)->221957K(222208K)
[384.465s][info][gc,metaspace   ] GC(1041) Metaspace: 35437K(36096K)->35437K(36096K) NonClass: 29166K(29632K)->29166K(29632K) Class: 6271K(6464K)->6271K(6464K)
[384.465s][info][gc             ] GC(1041) Pause Young (Allocation Failure) 482M->216M(518M) 3.054ms
[384.465s][info][gc,cpu         ] GC(1041) User=0.01s Sys=0.00s Real=0.00s
[385.093s][info][gc,start       ] GC(1042) Pause Young (Allocation Failure)
[385.094s][info][gc,heap        ] GC(1042) PSYoungGen: 282176K(308224K)->64K(282624K) Eden: 282112K(282112K)->0K(282112K) From: 64K(26112K)->64K(512K)
[385.094s][info][gc,heap        ] GC(1042) ParOldGen: 221957K(222208K)->221965K(222208K)
[385.094s][info][gc,metaspace   ] GC(1042) Metaspace: 35437K(36096K)->35437K(36096K) NonClass: 29166K(29632K)->29166K(29632K) Class: 6271K(6464K)->6271K(6464K)
[385.094s][info][gc             ] GC(1042) Pause Young (Allocation Failure) 492M->216M(493M) 1.162ms
[385.094s][info][gc,cpu         ] GC(1042) User=0.00s Sys=0.00s Real=0.00s
[385.524s][info][gc,start       ] GC(1043) Pause Young (Allocation Failure)
[385.525s][info][gc,heap        ] GC(1043) PSYoungGen: 282176K(282624K)->64K(307712K) Eden: 282112K(282112K)->0K(283136K) From: 64K(512K)->64K(24576K)
[385.525s][info][gc,heap        ] GC(1043) ParOldGen: 221965K(222208K)->221973K(222208K)
[385.525s][info][gc,metaspace   ] GC(1043) Metaspace: 35437K(36096K)->35437K(36096K) NonClass: 29166K(29632K)->29166K(29632K) Class: 6271K(6464K)->6271K(6464K)
[385.525s][info][gc             ] GC(1043) Pause Young (Allocation Failure) 492M->216M(517M) 1.195ms
[385.525s][info][gc,cpu         ] GC(1043) User=0.00s Sys=0.00s Real=0.00s
[385.958s][info][gc,start       ] GC(1044) Pause Young (Allocation Failure)
[385.959s][info][gc,heap        ] GC(1044) PSYoungGen: 283200K(307712K)->64K(306688K) Eden: 283136K(283136K)->0K(283136K) From: 64K(24576K)->64K(23552K)
[385.959s][info][gc,heap        ] GC(1044) ParOldGen: 221973K(222208K)->221989K(222208K)
[385.959s][info][gc,metaspace   ] GC(1044) Metaspace: 35437K(36096K)->35437K(36096K) NonClass: 29166K(29632K)->29166K(29632K) Class: 6271K(6464K)->6271K(6464K)
[385.959s][info][gc             ] GC(1044) Pause Young (Allocation Failure) 493M->216M(516M) 1.154ms
[385.959s][info][gc,cpu         ] GC(1044) User=0.00s Sys=0.00s Real=0.00s
[386.183s][info][gc,start       ] GC(1045) Pause Young (Allocation Failure)
[386.184s][info][gc,heap        ] GC(1045) PSYoungGen: 283200K(306688K)->64K(309248K) Eden: 283136K(283136K)->0K(286720K) From: 64K(23552K)->64K(22528K)
[386.184s][info][gc,heap        ] GC(1045) ParOldGen: 221989K(222208K)->222005K(222208K)
[386.184s][info][gc,metaspace   ] GC(1045) Metaspace: 35437K(36096K)->35437K(36096K) NonClass: 29166K(29632K)->29166K(29632K) Class: 6271K(6464K)->6271K(6464K)
[386.184s][info][gc             ] GC(1045) Pause Young (Allocation Failure) 493M->216M(519M) 1.088ms
[386.184s][info][gc,cpu         ] GC(1045) User=0.01s Sys=0.00s Real=0.00s
[386.414s][info][gc,start       ] GC(1046) Pause Young (Allocation Failure)
[386.415s][info][gc,heap        ] GC(1046) PSYoungGen: 286784K(309248K)->64K(308224K) Eden: 286720K(286720K)->0K(286720K) From: 64K(22528K)->64K(21504K)
[386.415s][info][gc,heap        ] GC(1046) ParOldGen: 222005K(222208K)->222005K(222208K)
[386.415s][info][gc,metaspace   ] GC(1046) Metaspace: 35437K(36096K)->35437K(36096K) NonClass: 29166K(29632K)->29166K(29632K) Class: 6271K(6464K)->6271K(6464K)
[386.415s][info][gc             ] GC(1046) Pause Young (Allocation Failure) 496M->216M(518M) 1.048ms
[386.415s][info][gc,cpu         ] GC(1046) User=0.00s Sys=0.00s Real=0.00s
[386.766s][info][gc,start       ] GC(1047) Pause Young (Allocation Failure)
[386.767s][info][gc,heap        ] GC(1047) PSYoungGen: 286784K(308224K)->64K(311296K) Eden: 286720K(286720K)->0K(290816K) From: 64K(21504K)->64K(20480K)
[386.767s][info][gc,heap        ] GC(1047) ParOldGen: 222005K(222208K)->222005K(222208K)
[386.767s][info][gc,metaspace   ] GC(1047) Metaspace: 35437K(36096K)->35437K(36096K) NonClass: 29166K(29632K)->29166K(29632K) Class: 6271K(6464K)->6271K(6464K)
[386.767s][info][gc             ] GC(1047) Pause Young (Allocation Failure) 496M->216M(521M) 1.103ms
[386.767s][info][gc,cpu         ] GC(1047) User=0.00s Sys=0.00s Real=0.00s
[386.823s][info][gc,start       ] GC(1048) Pause Young (Allocation Failure)
[386.824s][info][gc,heap        ] GC(1048) PSYoungGen: 290880K(311296K)->64K(310272K) Eden: 290816K(290816K)->0K(290816K) From: 64K(20480K)->64K(19456K)
[386.824s][info][gc,heap        ] GC(1048) ParOldGen: 222005K(222208K)->222021K(222208K)
[386.824s][info][gc,metaspace   ] GC(1048) Metaspace: 35437K(36096K)->35437K(36096K) NonClass: 29166K(29632K)->29166K(29632K) Class: 6271K(6464K)->6271K(6464K)
[386.824s][info][gc             ] GC(1048) Pause Young (Allocation Failure) 500M->216M(520M) 1.076ms
[386.824s][info][gc,cpu         ] GC(1048) User=0.00s Sys=0.00s Real=0.00s
[386.877s][info][gc,start       ] GC(1049) Pause Young (Allocation Failure)
[386.878s][info][gc,heap        ] GC(1049) PSYoungGen: 290880K(310272K)->64K(313344K) Eden: 290816K(290816K)->0K(294912K) From: 64K(19456K)->64K(18432K)
[386.878s][info][gc,heap        ] GC(1049) ParOldGen: 222021K(222208K)->222021K(222208K)
[386.878s][info][gc,metaspace   ] GC(1049) Metaspace: 35437K(36096K)->35437K(36096K) NonClass: 29166K(29632K)->29166K(29632K) Class: 6271K(6464K)->6271K(6464K)
[386.878s][info][gc             ] GC(1049) Pause Young (Allocation Failure) 500M->216M(523M) 1.055ms
[386.878s][info][gc,cpu         ] GC(1049) User=0.00s Sys=0.00s Real=0.00s
[387.056s][info][gc,start       ] GC(1050) Pause Young (Allocation Failure)
[387.057s][info][gc,heap        ] GC(1050) PSYoungGen: 294976K(313344K)->64K(312320K) Eden: 294912K(294912K)->0K(294912K) From: 64K(18432K)->64K(17408K)
[387.057s][info][gc,heap        ] GC(1050) ParOldGen: 222021K(222208K)->222021K(222208K)
[387.057s][info][gc,metaspace   ] GC(1050) Metaspace: 35437K(36096K)->35437K(36096K) NonClass: 29166K(29632K)->29166K(29632K) Class: 6271K(6464K)->6271K(6464K)
[387.057s][info][gc             ] GC(1050) Pause Young (Allocation Failure) 504M->216M(522M) 1.043ms
[387.057s][info][gc,cpu         ] GC(1050) User=0.01s Sys=0.00s Real=0.00s
[387.269s][info][gc,start       ] GC(1051) Pause Young (Allocation Failure)
[387.270s][info][gc,heap        ] GC(1051) PSYoungGen: 294976K(312320K)->64K(315392K) Eden: 294912K(294912K)->0K(299008K) From: 64K(17408K)->64K(16384K)
[387.270s][info][gc,heap        ] GC(1051) ParOldGen: 222021K(222208K)->222029K(222208K)
[387.270s][info][gc,metaspace   ] GC(1051) Metaspace: 35437K(36096K)->35437K(36096K) NonClass: 29166K(29632K)->29166K(29632K) Class: 6271K(6464K)->6271K(6464K)
[387.270s][info][gc             ] GC(1051) Pause Young (Allocation Failure) 504M->216M(525M) 1.108ms
[387.270s][info][gc,cpu         ] GC(1051) User=0.01s Sys=0.00s Real=0.00s
[387.397s][info][gc,start       ] GC(1052) Pause Young (Allocation Failure)
[387.398s][info][gc,heap        ] GC(1052) PSYoungGen: 299072K(315392K)->64K(314368K) Eden: 299008K(299008K)->0K(299008K) From: 64K(16384K)->64K(15360K)
[387.398s][info][gc,heap        ] GC(1052) ParOldGen: 222029K(222208K)->222037K(222208K)
[387.398s][info][gc,metaspace   ] GC(1052) Metaspace: 35437K(36096K)->35437K(36096K) NonClass: 29166K(29632K)->29166K(29632K) Class: 6271K(6464K)->6271K(6464K)
[387.398s][info][gc             ] GC(1052) Pause Young (Allocation Failure) 508M->216M(524M) 1.060ms
[387.398s][info][gc,cpu         ] GC(1052) User=0.00s Sys=0.00s Real=0.00s
[387.490s][info][gc,start       ] GC(1053) Pause Young (Allocation Failure)
[387.491s][info][gc,heap        ] GC(1053) PSYoungGen: 299072K(314368K)->64K(316928K) Eden: 299008K(299008K)->0K(302592K) From: 64K(15360K)->64K(14336K)
[387.492s][info][gc,heap        ] GC(1053) ParOldGen: 222037K(222208K)->222045K(222208K)
[387.492s][info][gc,metaspace   ] GC(1053) Metaspace: 35437K(36096K)->35437K(36096K) NonClass: 29166K(29632K)->29166K(29632K) Class: 6271K(6464K)->6271K(6464K)
[387.492s][info][gc             ] GC(1053) Pause Young (Allocation Failure) 508M->216M(526M) 1.067ms
[387.492s][info][gc,cpu         ] GC(1053) User=0.01s Sys=0.00s Real=0.00s
[387.671s][info][gc,start       ] GC(1054) Pause Young (Allocation Failure)
[387.672s][info][gc,heap        ] GC(1054) PSYoungGen: 302656K(316928K)->64K(316416K) Eden: 302592K(302592K)->0K(302592K) From: 64K(14336K)->64K(13824K)
[387.672s][info][gc,heap        ] GC(1054) ParOldGen: 222045K(222208K)->222053K(222208K)
[387.672s][info][gc,metaspace   ] GC(1054) Metaspace: 35437K(36096K)->35437K(36096K) NonClass: 29166K(29632K)->29166K(29632K) Class: 6271K(6464K)->6271K(6464K)
[387.672s][info][gc             ] GC(1054) Pause Young (Allocation Failure) 512M->216M(526M) 1.072ms
[387.672s][info][gc,cpu         ] GC(1054) User=0.00s Sys=0.00s Real=0.00s
[388.628s][info][gc,start       ] GC(1055) Pause Young (Allocation Failure)
[388.630s][info][gc,heap        ] GC(1055) PSYoungGen: 302656K(316416K)->64K(290816K) Eden: 302592K(302592K)->0K(290304K) From: 64K(13824K)->64K(512K)
[388.630s][info][gc,heap        ] GC(1055) ParOldGen: 222053K(222208K)->222061K(222208K)
[388.630s][info][gc,metaspace   ] GC(1055) Metaspace: 35437K(36096K)->35437K(36096K) NonClass: 29166K(29632K)->29166K(29632K) Class: 6271K(6464K)->6271K(6464K)
[388.630s][info][gc             ] GC(1055) Pause Young (Allocation Failure) 512M->216M(501M) 1.152ms
[388.630s][info][gc,cpu         ] GC(1055) User=0.00s Sys=0.00s Real=0.00s
[389.529s][info][gc,start       ] GC(1056) Pause Young (Allocation Failure)
[389.530s][info][gc,heap        ] GC(1056) PSYoungGen: 290368K(290816K)->64K(290304K) Eden: 290304K(290304K)->0K(278528K) From: 64K(512K)->64K(11776K)
[389.530s][info][gc,heap        ] GC(1056) ParOldGen: 222061K(222208K)->222069K(222208K)
[389.530s][info][gc,metaspace   ] GC(1056) Metaspace: 35437K(36096K)->35437K(36096K) NonClass: 29166K(29632K)->29166K(29632K) Class: 6271K(6464K)->6271K(6464K)
[389.530s][info][gc             ] GC(1056) Pause Young (Allocation Failure) 500M->216M(500M) 1.058ms
[389.530s][info][gc,cpu         ] GC(1056) User=0.01s Sys=0.00s Real=0.00s
[389.863s][info][gc,start       ] GC(1057) Pause Young (Allocation Failure)
[389.864s][info][gc,heap        ] GC(1057) PSYoungGen: 278592K(290304K)->64K(268288K) Eden: 278528K(278528K)->0K(267776K) From: 64K(11776K)->64K(512K)
[389.864s][info][gc,heap        ] GC(1057) ParOldGen: 222069K(222208K)->222077K(222208K)
[389.864s][info][gc,metaspace   ] GC(1057) Metaspace: 35437K(36096K)->35437K(36096K) NonClass: 29166K(29632K)->29166K(29632K) Class: 6271K(6464K)->6271K(6464K)
[389.864s][info][gc             ] GC(1057) Pause Young (Allocation Failure) 488M->216M(479M) 1.137ms
[389.864s][info][gc,cpu         ] GC(1057) User=0.00s Sys=0.00s Real=0.00s
[390.265s][info][gc,start       ] GC(1058) Pause Young (Allocation Failure)
[390.267s][info][gc,heap        ] GC(1058) PSYoungGen: 267840K(268288K)->64K(267776K) Eden: 267776K(267776K)->0K(257536K) From: 64K(512K)->64K(10240K)
[390.267s][info][gc,heap        ] GC(1058) ParOldGen: 222077K(222208K)->222085K(222208K)
[390.267s][info][gc,metaspace   ] GC(1058) Metaspace: 35437K(36096K)->35437K(36096K) NonClass: 29166K(29632K)->29166K(29632K) Class: 6271K(6464K)->6271K(6464K)
[390.267s][info][gc             ] GC(1058) Pause Young (Allocation Failure) 478M->216M(478M) 1.373ms
[390.267s][info][gc,cpu         ] GC(1058) User=0.00s Sys=0.00s Real=0.01s
[391.215s][info][gc,start       ] GC(1059) Pause Young (Allocation Failure)
[391.216s][info][gc,heap        ] GC(1059) PSYoungGen: 257600K(267776K)->64K(248320K) Eden: 257536K(257536K)->0K(247808K) From: 64K(10240K)->64K(512K)
[391.216s][info][gc,heap        ] GC(1059) ParOldGen: 222085K(222208K)->222093K(222208K)
[391.216s][info][gc,metaspace   ] GC(1059) Metaspace: 35437K(36096K)->35437K(36096K) NonClass: 29166K(29632K)->29166K(29632K) Class: 6271K(6464K)->6271K(6464K)
[391.216s][info][gc             ] GC(1059) Pause Young (Allocation Failure) 468M->216M(459M) 1.416ms
[391.216s][info][gc,cpu         ] GC(1059) User=0.01s Sys=0.00s Real=0.01s
[391.613s][info][gc,start       ] GC(1060) Pause Young (Allocation Failure)
[391.614s][info][gc,heap        ] GC(1060) PSYoungGen: 247872K(248320K)->64K(247296K) Eden: 247808K(247808K)->0K(238080K) From: 64K(512K)->64K(9216K)
[391.614s][info][gc,heap        ] GC(1060) ParOldGen: 222093K(222208K)->222101K(222208K)
[391.614s][info][gc,metaspace   ] GC(1060) Metaspace: 35437K(36096K)->35437K(36096K) NonClass: 29166K(29632K)->29166K(29632K) Class: 6271K(6464K)->6271K(6464K)
[391.614s][info][gc             ] GC(1060) Pause Young (Allocation Failure) 458M->216M(458M) 1.069ms
[391.614s][info][gc,cpu         ] GC(1060) User=0.00s Sys=0.00s Real=0.00s
[391.754s][info][gc,start       ] GC(1061) Pause Young (Allocation Failure)
[391.755s][info][gc,heap        ] GC(1061) PSYoungGen: 238144K(247296K)->64K(229376K) Eden: 238080K(238080K)->0K(228864K) From: 64K(9216K)->64K(512K)
[391.755s][info][gc,heap        ] GC(1061) ParOldGen: 222101K(222208K)->222109K(222208K)
[391.755s][info][gc,metaspace   ] GC(1061) Metaspace: 35437K(36096K)->35437K(36096K) NonClass: 29166K(29632K)->29166K(29632K) Class: 6271K(6464K)->6271K(6464K)
[391.755s][info][gc             ] GC(1061) Pause Young (Allocation Failure) 449M->216M(441M) 1.584ms
[391.755s][info][gc,cpu         ] GC(1061) User=0.00s Sys=0.00s Real=0.00s
[392.011s][info][gc,start       ] GC(1062) Pause Young (Allocation Failure)
[392.012s][info][gc,heap        ] GC(1062) PSYoungGen: 228928K(229376K)->64K(227840K) Eden: 228864K(228864K)->0K(220160K) From: 64K(512K)->64K(7680K)
[392.012s][info][gc,heap        ] GC(1062) ParOldGen: 222109K(222208K)->222117K(222208K)
[392.012s][info][gc,metaspace   ] GC(1062) Metaspace: 35437K(36096K)->35437K(36096K) NonClass: 29166K(29632K)->29166K(29632K) Class: 6271K(6464K)->6271K(6464K)
[392.012s][info][gc             ] GC(1062) Pause Young (Allocation Failure) 440M->216M(439M) 0.997ms
[392.012s][info][gc,cpu         ] GC(1062) User=0.00s Sys=0.00s Real=0.00s
[392.489s][info][gc,start       ] GC(1063) Pause Young (Allocation Failure)
[392.490s][info][gc,heap        ] GC(1063) PSYoungGen: 220224K(227840K)->64K(212480K) Eden: 220160K(220160K)->0K(211968K) From: 64K(7680K)->64K(512K)
[392.490s][info][gc,heap        ] GC(1063) ParOldGen: 222117K(222208K)->222125K(222208K)
[392.490s][info][gc,metaspace   ] GC(1063) Metaspace: 35437K(36096K)->35437K(36096K) NonClass: 29166K(29632K)->29166K(29632K) Class: 6271K(6464K)->6271K(6464K)
[392.490s][info][gc             ] GC(1063) Pause Young (Allocation Failure) 431M->216M(424M) 1.625ms
[392.490s][info][gc,cpu         ] GC(1063) User=0.00s Sys=0.00s Real=0.00s
[392.767s][info][gc,start       ] GC(1064) Pause Young (Allocation Failure)
[392.769s][info][gc,heap        ] GC(1064) PSYoungGen: 212031K(212480K)->64K(210944K) Eden: 211967K(211968K)->0K(204288K) From: 64K(512K)->64K(6656K)
[392.769s][info][gc,heap        ] GC(1064) ParOldGen: 222125K(222208K)->222141K(222208K)
[392.769s][info][gc,metaspace   ] GC(1064) Metaspace: 35437K(36096K)->35437K(36096K) NonClass: 29166K(29632K)->29166K(29632K) Class: 6271K(6464K)->6271K(6464K)
[392.769s][info][gc             ] GC(1064) Pause Young (Allocation Failure) 423M->216M(423M) 1.944ms
[392.769s][info][gc,cpu         ] GC(1064) User=0.00s Sys=0.01s Real=0.00s
[393.054s][info][gc,start       ] GC(1065) Pause Young (Allocation Failure)
[393.123s][info][gc,heap        ] GC(1065) PSYoungGen: 204352K(210944K)->6144K(250880K) Eden: 204288K(204288K)->0K(244736K) From: 64K(6656K)->6144K(6144K)
[393.123s][info][gc,heap        ] GC(1065) ParOldGen: 222141K(222208K)->233861K(233984K)
[393.123s][info][gc,metaspace   ] GC(1065) Metaspace: 35437K(36096K)->35437K(36096K) NonClass: 29166K(29632K)->29166K(29632K) Class: 6271K(6464K)->6271K(6464K)
[393.123s][info][gc             ] GC(1065) Pause Young (Allocation Failure) 416M->234M(473M) 68.971ms
[393.123s][info][gc,cpu         ] GC(1065) User=0.13s Sys=0.02s Real=0.07s
[393.403s][info][gc,start       ] GC(1066) Pause Young (Allocation Failure)
[393.476s][info][gc,heap        ] GC(1066) PSYoungGen: 250880K(250880K)->12288K(272384K) Eden: 244736K(244736K)->0K(260096K) From: 6144K(6144K)->12288K(12288K)
[393.476s][info][gc,heap        ] GC(1066) ParOldGen: 233861K(233984K)->248101K(248320K)
[393.476s][info][gc,metaspace   ] GC(1066) Metaspace: 35437K(36096K)->35437K(36096K) NonClass: 29166K(29632K)->29166K(29632K) Class: 6271K(6464K)->6271K(6464K)
[393.476s][info][gc             ] GC(1066) Pause Young (Allocation Failure) 473M->254M(508M) 72.569ms
[393.476s][info][gc,cpu         ] GC(1066) User=0.13s Sys=0.01s Real=0.08s
[393.750s][info][gc,start       ] GC(1067) Pause Young (Allocation Failure)
[393.845s][info][gc,heap        ] GC(1067) PSYoungGen: 272384K(272384K)->19968K(301568K) Eden: 260096K(260096K)->0K(281600K) From: 12288K(12288K)->19968K(19968K)
[393.845s][info][gc,heap        ] GC(1067) ParOldGen: 248101K(248320K)->253637K(253952K)
[393.845s][info][gc,metaspace   ] GC(1067) Metaspace: 35437K(36096K)->35437K(36096K) NonClass: 29166K(29632K)->29166K(29632K) Class: 6271K(6464K)->6271K(6464K)
[393.845s][info][gc             ] GC(1067) Pause Young (Allocation Failure) 508M->267M(542M) 95.088ms
[393.845s][info][gc,cpu         ] GC(1067) User=0.18s Sys=0.02s Real=0.09s
[393.958s][info][gc,start       ] GC(1068) Pause Young (Allocation Failure)
[393.960s][info][gc,heap        ] GC(1068) PSYoungGen: 301568K(301568K)->64K(307712K) Eden: 281600K(281600K)->0K(281600K) From: 19968K(19968K)->64K(26112K)
[393.961s][info][gc,heap        ] GC(1068) ParOldGen: 253637K(253952K)->253829K(253952K)
[393.961s][info][gc,metaspace   ] GC(1068) Metaspace: 35437K(36096K)->35437K(36096K) NonClass: 29166K(29632K)->29166K(29632K) Class: 6271K(6464K)->6271K(6464K)
[393.961s][info][gc             ] GC(1068) Pause Young (Allocation Failure) 542M->247M(548M) 2.556ms
[393.961s][info][gc,cpu         ] GC(1068) User=0.00s Sys=0.00s Real=0.00s
[394.671s][info][gc,start       ] GC(1069) Pause Young (Allocation Failure)
[394.673s][info][gc,heap        ] GC(1069) PSYoungGen: 281664K(307712K)->64K(305152K) Eden: 281600K(281600K)->0K(282112K) From: 64K(26112K)->64K(23040K)
[394.673s][info][gc,heap        ] GC(1069) ParOldGen: 253829K(253952K)->253845K(253952K)
[394.673s][info][gc,metaspace   ] GC(1069) Metaspace: 35437K(36096K)->35437K(36096K) NonClass: 29166K(29632K)->29166K(29632K) Class: 6271K(6464K)->6271K(6464K)
[394.673s][info][gc             ] GC(1069) Pause Young (Allocation Failure) 522M->247M(546M) 1.433ms
[394.673s][info][gc,cpu         ] GC(1069) User=0.00s Sys=0.00s Real=0.00s
[395.052s][info][gc,start       ] GC(1070) Pause Young (Allocation Failure)
[395.054s][info][gc,heap        ] GC(1070) PSYoungGen: 282176K(305152K)->64K(306688K) Eden: 282112K(282112K)->0K(282112K) From: 64K(23040K)->64K(24576K)
[395.054s][info][gc,heap        ] GC(1070) ParOldGen: 253845K(253952K)->253845K(253952K)
[395.054s][info][gc,metaspace   ] GC(1070) Metaspace: 35437K(36096K)->35437K(36096K) NonClass: 29166K(29632K)->29166K(29632K) Class: 6271K(6464K)->6271K(6464K)
[395.054s][info][gc             ] GC(1070) Pause Young (Allocation Failure) 523M->247M(547M) 1.245ms
[395.054s][info][gc,cpu         ] GC(1070) User=0.00s Sys=0.00s Real=0.00s
[395.513s][info][gc,start       ] GC(1071) Pause Young (Allocation Failure)
[395.514s][info][gc,heap        ] GC(1071) PSYoungGen: 282176K(306688K)->64K(306688K) Eden: 282112K(282112K)->0K(285696K) From: 64K(24576K)->64K(20992K)
[395.514s][info][gc,heap        ] GC(1071) ParOldGen: 253845K(253952K)->253861K(253952K)
[395.514s][info][gc,metaspace   ] GC(1071) Metaspace: 35437K(36096K)->35437K(36096K) NonClass: 29166K(29632K)->29166K(29632K) Class: 6271K(6464K)->6271K(6464K)
[395.514s][info][gc             ] GC(1071) Pause Young (Allocation Failure) 523M->247M(547M) 1.243ms
[395.514s][info][gc,cpu         ] GC(1071) User=0.00s Sys=0.00s Real=0.00s
[395.741s][info][gc,start       ] GC(1072) Pause Young (Allocation Failure)
[395.742s][info][gc,heap        ] GC(1072) PSYoungGen: 285760K(306688K)->64K(308224K) Eden: 285696K(285696K)->0K(285696K) From: 64K(20992K)->64K(22528K)
[395.742s][info][gc,heap        ] GC(1072) ParOldGen: 253861K(253952K)->253877K(253952K)
[395.742s][info][gc,metaspace   ] GC(1072) Metaspace: 35437K(36096K)->35437K(36096K) NonClass: 29166K(29632K)->29166K(29632K) Class: 6271K(6464K)->6271K(6464K)
[395.742s][info][gc             ] GC(1072) Pause Young (Allocation Failure) 526M->247M(549M) 1.164ms
[395.742s][info][gc,cpu         ] GC(1072) User=0.00s Sys=0.00s Real=0.00s
[395.968s][info][gc,start       ] GC(1073) Pause Young (Allocation Failure)
[395.969s][info][gc,heap        ] GC(1073) PSYoungGen: 285760K(308224K)->64K(308736K) Eden: 285696K(285696K)->0K(289792K) From: 64K(22528K)->64K(18944K)
[395.969s][info][gc,heap        ] GC(1073) ParOldGen: 253877K(253952K)->253877K(253952K)
[395.969s][info][gc,metaspace   ] GC(1073) Metaspace: 35437K(36096K)->35437K(36096K) NonClass: 29166K(29632K)->29166K(29632K) Class: 6271K(6464K)->6271K(6464K)
[395.969s][info][gc             ] GC(1073) Pause Young (Allocation Failure) 526M->247M(549M) 1.203ms
[395.969s][info][gc,cpu         ] GC(1073) User=0.00s Sys=0.00s Real=0.00s
[396.310s][info][gc,start       ] GC(1074) Pause Young (Allocation Failure)
[396.311s][info][gc,heap        ] GC(1074) PSYoungGen: 289856K(308736K)->64K(310272K) Eden: 289792K(289792K)->0K(289792K) From: 64K(18944K)->64K(20480K)
[396.311s][info][gc,heap        ] GC(1074) ParOldGen: 253877K(253952K)->253877K(253952K)
[396.311s][info][gc,metaspace   ] GC(1074) Metaspace: 35437K(36096K)->35437K(36096K) NonClass: 29166K(29632K)->29166K(29632K) Class: 6271K(6464K)->6271K(6464K)
[396.311s][info][gc             ] GC(1074) Pause Young (Allocation Failure) 530M->247M(551M) 1.164ms
[396.311s][info][gc,cpu         ] GC(1074) User=0.00s Sys=0.00s Real=0.00s
[396.368s][info][gc,start       ] GC(1075) Pause Young (Allocation Failure)
[396.369s][info][gc,heap        ] GC(1075) PSYoungGen: 289856K(310272K)->32K(310784K) Eden: 289792K(289792K)->0K(293888K) From: 64K(20480K)->32K(16896K)
[396.369s][info][gc,heap        ] GC(1075) ParOldGen: 253877K(253952K)->253893K(253952K)
[396.369s][info][gc,metaspace   ] GC(1075) Metaspace: 35437K(36096K)->35437K(36096K) NonClass: 29166K(29632K)->29166K(29632K) Class: 6271K(6464K)->6271K(6464K)
[396.369s][info][gc             ] GC(1075) Pause Young (Allocation Failure) 530M->247M(551M) 1.212ms
[396.369s][info][gc,cpu         ] GC(1075) User=0.00s Sys=0.00s Real=0.00s
[396.431s][info][gc,start       ] GC(1076) Pause Young (Allocation Failure)
[396.432s][info][gc,heap        ] GC(1076) PSYoungGen: 293920K(310784K)->32K(312320K) Eden: 293888K(293888K)->0K(293888K) From: 32K(16896K)->32K(18432K)
[396.432s][info][gc,heap        ] GC(1076) ParOldGen: 253893K(253952K)->253893K(253952K)
[396.432s][info][gc,metaspace   ] GC(1076) Metaspace: 35437K(36096K)->35437K(36096K) NonClass: 29166K(29632K)->29166K(29632K) Class: 6271K(6464K)->6271K(6464K)
[396.432s][info][gc             ] GC(1076) Pause Young (Allocation Failure) 534M->247M(553M) 1.431ms
[396.432s][info][gc,cpu         ] GC(1076) User=0.00s Sys=0.00s Real=0.00s
[396.657s][info][gc,start       ] GC(1077) Pause Young (Allocation Failure)
[396.658s][info][gc,heap        ] GC(1077) PSYoungGen: 293920K(312320K)->64K(312832K) Eden: 293888K(293888K)->0K(297984K) From: 32K(18432K)->64K(14848K)
[396.658s][info][gc,heap        ] GC(1077) ParOldGen: 253893K(253952K)->253893K(253952K)
[396.658s][info][gc,metaspace   ] GC(1077) Metaspace: 35437K(36096K)->35437K(36096K) NonClass: 29166K(29632K)->29166K(29632K) Class: 6271K(6464K)->6271K(6464K)
[396.658s][info][gc             ] GC(1077) Pause Young (Allocation Failure) 534M->248M(553M) 1.188ms
[396.658s][info][gc,cpu         ] GC(1077) User=0.01s Sys=0.00s Real=0.00s
[396.879s][info][gc,start       ] GC(1078) Pause Young (Allocation Failure)
[396.880s][info][gc,heap        ] GC(1078) PSYoungGen: 298048K(312832K)->64K(314368K) Eden: 297984K(297984K)->0K(297984K) From: 64K(14848K)->64K(16384K)
[396.880s][info][gc,heap        ] GC(1078) ParOldGen: 253893K(253952K)->253901K(253952K)
[396.880s][info][gc,metaspace   ] GC(1078) Metaspace: 35437K(36096K)->35437K(36096K) NonClass: 29166K(29632K)->29166K(29632K) Class: 6271K(6464K)->6271K(6464K)
[396.880s][info][gc             ] GC(1078) Pause Young (Allocation Failure) 539M->248M(555M) 1.118ms
[396.880s][info][gc,cpu         ] GC(1078) User=0.01s Sys=0.00s Real=0.00s
[396.983s][info][gc,start       ] GC(1079) Pause Young (Allocation Failure)
[396.984s][info][gc,heap        ] GC(1079) PSYoungGen: 298048K(314368K)->64K(314880K) Eden: 297984K(297984K)->0K(302080K) From: 64K(16384K)->64K(12800K)
[396.984s][info][gc,heap        ] GC(1079) ParOldGen: 253901K(253952K)->253909K(253952K)
[396.984s][info][gc,metaspace   ] GC(1079) Metaspace: 35437K(36096K)->35437K(36096K) NonClass: 29166K(29632K)->29166K(29632K) Class: 6271K(6464K)->6271K(6464K)
[396.984s][info][gc             ] GC(1079) Pause Young (Allocation Failure) 539M->248M(555M) 1.192ms
[396.984s][info][gc,cpu         ] GC(1079) User=0.00s Sys=0.00s Real=0.00s
[397.096s][info][gc,start       ] GC(1080) Pause Young (Allocation Failure)
[397.097s][info][gc,heap        ] GC(1080) PSYoungGen: 302144K(314880K)->64K(316416K) Eden: 302080K(302080K)->0K(302080K) From: 64K(12800K)->64K(14336K)
[397.097s][info][gc,heap        ] GC(1080) ParOldGen: 253909K(253952K)->253917K(253952K)
[397.097s][info][gc,metaspace   ] GC(1080) Metaspace: 35437K(36096K)->35437K(36096K) NonClass: 29166K(29632K)->29166K(29632K) Class: 6271K(6464K)->6271K(6464K)
[397.097s][info][gc             ] GC(1080) Pause Young (Allocation Failure) 543M->248M(557M) 1.212ms
[397.097s][info][gc,cpu         ] GC(1080) User=0.00s Sys=0.00s Real=0.01s
[397.359s][info][gc,start       ] GC(1081) Pause Young (Allocation Failure)
[397.360s][info][gc,heap        ] GC(1081) PSYoungGen: 302144K(316416K)->64K(316928K) Eden: 302080K(302080K)->0K(305664K) From: 64K(14336K)->64K(11264K)
[397.360s][info][gc,heap        ] GC(1081) ParOldGen: 253917K(253952K)->253925K(253952K)
[397.360s][info][gc,metaspace   ] GC(1081) Metaspace: 35437K(36096K)->35437K(36096K) NonClass: 29166K(29632K)->29166K(29632K) Class: 6271K(6464K)->6271K(6464K)
[397.360s][info][gc             ] GC(1081) Pause Young (Allocation Failure) 543M->248M(557M) 1.208ms
[397.360s][info][gc,cpu         ] GC(1081) User=0.00s Sys=0.00s Real=0.00s
[398.236s][info][gc,start       ] GC(1082) Pause Young (Allocation Failure)
[398.238s][info][gc,heap        ] GC(1082) PSYoungGen: 305728K(316928K)->64K(293888K) Eden: 305664K(305664K)->0K(293376K) From: 64K(11264K)->64K(512K)
[398.238s][info][gc,heap        ] GC(1082) ParOldGen: 253925K(253952K)->253933K(253952K)
[398.238s][info][gc,metaspace   ] GC(1082) Metaspace: 35437K(36096K)->35437K(36096K) NonClass: 29166K(29632K)->29166K(29632K) Class: 6271K(6464K)->6271K(6464K)
[398.238s][info][gc             ] GC(1082) Pause Young (Allocation Failure) 546M->248M(535M) 1.842ms
[398.238s][info][gc,cpu         ] GC(1082) User=0.00s Sys=0.00s Real=0.00s
[399.184s][info][gc,start       ] GC(1083) Pause Young (Allocation Failure)
[399.185s][info][gc,heap        ] GC(1083) PSYoungGen: 293440K(293888K)->64K(282112K) Eden: 293376K(293376K)->0K(281600K) From: 64K(512K)->64K(512K)
[399.185s][info][gc,heap        ] GC(1083) ParOldGen: 253933K(253952K)->253941K(253952K)
[399.185s][info][gc,metaspace   ] GC(1083) Metaspace: 35437K(36096K)->35437K(36096K) NonClass: 29166K(29632K)->29166K(29632K) Class: 6271K(6464K)->6271K(6464K)
[399.185s][info][gc             ] GC(1083) Pause Young (Allocation Failure) 534M->248M(523M) 1.641ms
[399.185s][info][gc,cpu         ] GC(1083) User=0.00s Sys=0.00s Real=0.00s
[399.585s][info][gc,start       ] GC(1084) Pause Young (Allocation Failure)
[399.586s][info][gc,heap        ] GC(1084) PSYoungGen: 281664K(282112K)->64K(281600K) Eden: 281600K(281600K)->0K(270336K) From: 64K(512K)->64K(11264K)
[399.586s][info][gc,heap        ] GC(1084) ParOldGen: 253941K(253952K)->253949K(253952K)
[399.586s][info][gc,metaspace   ] GC(1084) Metaspace: 35437K(36096K)->35437K(36096K) NonClass: 29166K(29632K)->29166K(29632K) Class: 6271K(6464K)->6271K(6464K)
[399.586s][info][gc             ] GC(1084) Pause Young (Allocation Failure) 523M->248M(523M) 1.224ms
[399.586s][info][gc,cpu         ] GC(1084) User=0.00s Sys=0.00s Real=0.01s
[400.268s][info][gc,start       ] GC(1085) Pause Young (Allocation Failure)
[400.271s][info][gc,heap        ] GC(1085) PSYoungGen: 270400K(281600K)->64K(260096K) Eden: 270336K(270336K)->0K(259584K) From: 64K(11264K)->64K(512K)
[400.271s][info][gc,heap        ] GC(1085) ParOldGen: 253949K(253952K)->253965K(254464K)
[400.271s][info][gc,metaspace   ] GC(1085) Metaspace: 35437K(36096K)->35437K(36096K) NonClass: 29166K(29632K)->29166K(29632K) Class: 6271K(6464K)->6271K(6464K)
[400.271s][info][gc             ] GC(1085) Pause Young (Allocation Failure) 512M->248M(502M) 2.824ms
[400.271s][info][gc,cpu         ] GC(1085) User=0.00s Sys=0.00s Real=0.00s
[400.875s][info][gc,start       ] GC(1086) Pause Young (Allocation Failure)
[400.877s][info][gc,heap        ] GC(1086) PSYoungGen: 259648K(260096K)->64K(259072K) Eden: 259584K(259584K)->0K(249344K) From: 64K(512K)->64K(9728K)
[400.877s][info][gc,heap        ] GC(1086) ParOldGen: 253965K(254464K)->253973K(254464K)
[400.877s][info][gc,metaspace   ] GC(1086) Metaspace: 35437K(36096K)->35437K(36096K) NonClass: 29166K(29632K)->29166K(29632K) Class: 6271K(6464K)->6271K(6464K)
[400.877s][info][gc             ] GC(1086) Pause Young (Allocation Failure) 501M->248M(501M) 2.050ms
[400.877s][info][gc,cpu         ] GC(1086) User=0.00s Sys=0.00s Real=0.01s
[401.264s][info][gc,start       ] GC(1087) Pause Young (Allocation Failure)
[401.267s][info][gc,heap        ] GC(1087) PSYoungGen: 249408K(259072K)->64K(240128K) Eden: 249344K(249344K)->0K(239616K) From: 64K(9728K)->64K(512K)
[401.267s][info][gc,heap        ] GC(1087) ParOldGen: 253973K(254464K)->253981K(254464K)
[401.267s][info][gc,metaspace   ] GC(1087) Metaspace: 35437K(36096K)->35437K(36096K) NonClass: 29166K(29632K)->29166K(29632K) Class: 6271K(6464K)->6271K(6464K)
[401.267s][info][gc             ] GC(1087) Pause Young (Allocation Failure) 491M->248M(483M) 2.905ms
[401.267s][info][gc,cpu         ] GC(1087) User=0.00s Sys=0.01s Real=0.01s
[401.332s][info][gc,start       ] GC(1088) Pause Young (Allocation Failure)
[401.333s][info][gc,heap        ] GC(1088) PSYoungGen: 239680K(240128K)->32K(238592K) Eden: 239616K(239616K)->0K(230400K) From: 64K(512K)->32K(8192K)
[401.333s][info][gc,heap        ] GC(1088) ParOldGen: 253981K(254464K)->253997K(254464K)
[401.333s][info][gc,metaspace   ] GC(1088) Metaspace: 35437K(36096K)->35437K(36096K) NonClass: 29166K(29632K)->29166K(29632K) Class: 6271K(6464K)->6271K(6464K)
[401.333s][info][gc             ] GC(1088) Pause Young (Allocation Failure) 482M->248M(481M) 1.529ms
[401.333s][info][gc,cpu         ] GC(1088) User=0.00s Sys=0.00s Real=0.00s
[401.769s][info][gc,start       ] GC(1089) Pause Young (Allocation Failure)
[401.771s][info][gc,heap        ] GC(1089) PSYoungGen: 230432K(238592K)->64K(222208K) Eden: 230400K(230400K)->0K(221696K) From: 32K(8192K)->64K(512K)
[401.771s][info][gc,heap        ] GC(1089) ParOldGen: 253997K(254464K)->254013K(254464K)
[401.771s][info][gc,metaspace   ] GC(1089) Metaspace: 35437K(36096K)->35437K(36096K) NonClass: 29166K(29632K)->29166K(29632K) Class: 6271K(6464K)->6271K(6464K)
[401.771s][info][gc             ] GC(1089) Pause Young (Allocation Failure) 473M->248M(465M) 1.853ms
[401.771s][info][gc,cpu         ] GC(1089) User=0.00s Sys=0.00s Real=0.00s
[402.082s][info][gc,start       ] GC(1090) Pause Young (Allocation Failure)
[402.083s][info][gc,heap        ] GC(1090) PSYoungGen: 221760K(222208K)->64K(220672K) Eden: 221696K(221696K)->0K(213504K) From: 64K(512K)->64K(7168K)
[402.083s][info][gc,heap        ] GC(1090) ParOldGen: 254013K(254464K)->254021K(254464K)
[402.083s][info][gc,metaspace   ] GC(1090) Metaspace: 35437K(36096K)->35437K(36096K) NonClass: 29166K(29632K)->29166K(29632K) Class: 6271K(6464K)->6271K(6464K)
[402.083s][info][gc             ] GC(1090) Pause Young (Allocation Failure) 464M->248M(464M) 1.088ms
[402.083s][info][gc,cpu         ] GC(1090) User=0.00s Sys=0.00s Real=0.00s
[402.456s][info][gc,start       ] GC(1091) Pause Young (Allocation Failure)
[402.465s][info][gc,heap        ] GC(1091) PSYoungGen: 213568K(220672K)->4192K(257024K) Eden: 213504K(213504K)->0K(252416K) From: 64K(7168K)->4192K(4608K)
[402.465s][info][gc,heap        ] GC(1091) ParOldGen: 254021K(254464K)->254029K(254464K)
[402.465s][info][gc,metaspace   ] GC(1091) Metaspace: 35437K(36096K)->35437K(36096K) NonClass: 29166K(29632K)->29166K(29632K) Class: 6271K(6464K)->6271K(6464K)
[402.466s][info][gc             ] GC(1091) Pause Young (Allocation Failure) 456M->252M(499M) 9.126ms
[402.466s][info][gc,cpu         ] GC(1091) User=0.02s Sys=0.00s Real=0.00s
[402.759s][info][gc,start       ] GC(1092) Pause Young (Allocation Failure)
[402.845s][info][gc,heap        ] GC(1092) PSYoungGen: 256608K(257024K)->7680K(273920K) Eden: 252416K(252416K)->0K(266240K) From: 4192K(4608K)->7680K(7680K)
[402.845s][info][gc,heap        ] GC(1092) ParOldGen: 254029K(254464K)->273269K(273408K)
[402.845s][info][gc,metaspace   ] GC(1092) Metaspace: 35437K(36096K)->35437K(36096K) NonClass: 29166K(29632K)->29166K(29632K) Class: 6271K(6464K)->6271K(6464K)
[402.845s][info][gc             ] GC(1092) Pause Young (Allocation Failure) 498M->274M(534M) 86.786ms
[402.845s][info][gc,cpu         ] GC(1092) User=0.16s Sys=0.01s Real=0.08s
[403.179s][info][gc,start       ] GC(1093) Pause Young (Allocation Failure)
[403.289s][info][gc,heap        ] GC(1093) PSYoungGen: 273920K(273920K)->16384K(301056K) Eden: 266240K(266240K)->0K(284672K) From: 7680K(7680K)->16384K(16384K)
[403.289s][info][gc,heap        ] GC(1093) ParOldGen: 273269K(273408K)->285981K(286208K)
[403.289s][info][gc,metaspace   ] GC(1093) Metaspace: 35437K(36096K)->35437K(36096K) NonClass: 29166K(29632K)->29166K(29632K) Class: 6271K(6464K)->6271K(6464K)
[403.289s][info][gc             ] GC(1093) Pause Young (Allocation Failure) 534M->295M(573M) 110.726ms
[403.289s][info][gc,cpu         ] GC(1093) User=0.21s Sys=0.02s Real=0.11s
[403.458s][info][gc,start       ] GC(1094) Pause Young (Allocation Failure)
[403.481s][info][gc,heap        ] GC(1094) PSYoungGen: 301056K(301056K)->9536K(309248K) Eden: 284672K(284672K)->0K(284672K) From: 16384K(16384K)->9536K(24576K)
[403.481s][info][gc,heap        ] GC(1094) ParOldGen: 285981K(286208K)->286445K(286720K)
[403.481s][info][gc,metaspace   ] GC(1094) Metaspace: 35437K(36096K)->35437K(36096K) NonClass: 29166K(29632K)->29166K(29632K) Class: 6271K(6464K)->6271K(6464K)
[403.481s][info][gc             ] GC(1094) Pause Young (Allocation Failure) 573M->289M(582M) 23.128ms
[403.481s][info][gc,cpu         ] GC(1094) User=0.04s Sys=0.00s Real=0.02s
[403.988s][info][gc,start       ] GC(1095) Pause Young (Allocation Failure)
[403.989s][info][gc,heap        ] GC(1095) PSYoungGen: 294208K(309248K)->64K(307712K) Eden: 284672K(284672K)->0K(285184K) From: 9536K(24576K)->64K(22528K)
[403.989s][info][gc,heap        ] GC(1095) ParOldGen: 286445K(286720K)->286453K(286720K)
[403.989s][info][gc,metaspace   ] GC(1095) Metaspace: 35437K(36096K)->35437K(36096K) NonClass: 29166K(29632K)->29166K(29632K) Class: 6271K(6464K)->6271K(6464K)
[403.989s][info][gc             ] GC(1095) Pause Young (Allocation Failure) 567M->279M(580M) 1.329ms
[403.990s][info][gc,cpu         ] GC(1095) User=0.00s Sys=0.00s Real=0.00s
[404.540s][info][gc,start       ] GC(1096) Pause Young (Allocation Failure)
[404.541s][info][gc,heap        ] GC(1096) PSYoungGen: 285248K(307712K)->64K(308736K) Eden: 285184K(285184K)->0K(285184K) From: 64K(22528K)->64K(23552K)
[404.541s][info][gc,heap        ] GC(1096) ParOldGen: 286453K(286720K)->286461K(286720K)
[404.541s][info][gc,metaspace   ] GC(1096) Metaspace: 35437K(36096K)->35437K(36096K) NonClass: 29166K(29632K)->29166K(29632K) Class: 6271K(6464K)->6271K(6464K)
[404.541s][info][gc             ] GC(1096) Pause Young (Allocation Failure) 558M->279M(581M) 1.256ms
[404.541s][info][gc,cpu         ] GC(1096) User=0.00s Sys=0.00s Real=0.00s
[404.971s][info][gc,start       ] GC(1097) Pause Young (Allocation Failure)
[404.972s][info][gc,heap        ] GC(1097) PSYoungGen: 285248K(308736K)->64K(309248K) Eden: 285184K(285184K)->0K(287744K) From: 64K(23552K)->64K(21504K)
[404.972s][info][gc,heap        ] GC(1097) ParOldGen: 286461K(286720K)->286477K(286720K)
[404.972s][info][gc,metaspace   ] GC(1097) Metaspace: 35437K(36096K)->35437K(36096K) NonClass: 29166K(29632K)->29166K(29632K) Class: 6271K(6464K)->6271K(6464K)
[404.972s][info][gc             ] GC(1097) Pause Young (Allocation Failure) 558M->279M(582M) 1.375ms
[404.972s][info][gc,cpu         ] GC(1097) User=0.00s Sys=0.00s Real=0.00s
[405.200s][info][gc,start       ] GC(1098) Pause Young (Allocation Failure)
[405.201s][info][gc,heap        ] GC(1098) PSYoungGen: 287808K(309248K)->64K(309760K) Eden: 287744K(287744K)->0K(287744K) From: 64K(21504K)->64K(22016K)
[405.201s][info][gc,heap        ] GC(1098) ParOldGen: 286477K(286720K)->286493K(286720K)
[405.201s][info][gc,metaspace   ] GC(1098) Metaspace: 35437K(36096K)->35437K(36096K) NonClass: 29166K(29632K)->29166K(29632K) Class: 6271K(6464K)->6271K(6464K)
[405.201s][info][gc             ] GC(1098) Pause Young (Allocation Failure) 560M->279M(582M) 1.302ms
[405.201s][info][gc,cpu         ] GC(1098) User=0.00s Sys=0.00s Real=0.00s
[405.428s][info][gc,start       ] GC(1099) Pause Young (Allocation Failure)
[405.429s][info][gc,heap        ] GC(1099) PSYoungGen: 287808K(309760K)->64K(310272K) Eden: 287744K(287744K)->0K(290816K) From: 64K(22016K)->64K(19456K)
[405.429s][info][gc,heap        ] GC(1099) ParOldGen: 286493K(286720K)->286493K(286720K)
[405.429s][info][gc,metaspace   ] GC(1099) Metaspace: 35437K(36096K)->35437K(36096K) NonClass: 29166K(29632K)->29166K(29632K) Class: 6271K(6464K)->6271K(6464K)
[405.429s][info][gc             ] GC(1099) Pause Young (Allocation Failure) 560M->279M(583M) 1.359ms
[405.429s][info][gc,cpu         ] GC(1099) User=0.01s Sys=0.00s Real=0.00s
[405.789s][info][gc,start       ] GC(1100) Pause Young (Allocation Failure)
[405.790s][info][gc,heap        ] GC(1100) PSYoungGen: 290880K(310272K)->64K(310784K) Eden: 290816K(290816K)->0K(290816K) From: 64K(19456K)->64K(19968K)
[405.790s][info][gc,heap        ] GC(1100) ParOldGen: 286493K(286720K)->286493K(286720K)
[405.790s][info][gc,metaspace   ] GC(1100) Metaspace: 35437K(36096K)->35437K(36096K) NonClass: 29166K(29632K)->29166K(29632K) Class: 6271K(6464K)->6271K(6464K)
[405.790s][info][gc             ] GC(1100) Pause Young (Allocation Failure) 563M->279M(583M) 1.254ms
[405.790s][info][gc,cpu         ] GC(1100) User=0.01s Sys=0.00s Real=0.00s
[405.870s][info][gc,start       ] GC(1101) Pause Young (Allocation Failure)
[405.871s][info][gc,heap        ] GC(1101) PSYoungGen: 290880K(310784K)->64K(312320K) Eden: 290816K(290816K)->0K(294912K) From: 64K(19968K)->64K(17408K)
[405.871s][info][gc,heap        ] GC(1101) ParOldGen: 286493K(286720K)->286501K(286720K)
[405.871s][info][gc,metaspace   ] GC(1101) Metaspace: 35437K(36096K)->35437K(36096K) NonClass: 29166K(29632K)->29166K(29632K) Class: 6271K(6464K)->6271K(6464K)
[405.871s][info][gc             ] GC(1101) Pause Young (Allocation Failure) 563M->279M(585M) 1.252ms
[405.871s][info][gc,cpu         ] GC(1101) User=0.00s Sys=0.00s Real=0.00s
[405.926s][info][gc,start       ] GC(1102) Pause Young (Allocation Failure)
[405.927s][info][gc,heap        ] GC(1102) PSYoungGen: 294976K(312320K)->64K(312832K) Eden: 294912K(294912K)->0K(294912K) From: 64K(17408K)->64K(17920K)
[405.927s][info][gc,heap        ] GC(1102) ParOldGen: 286501K(286720K)->286517K(286720K)
[405.927s][info][gc,metaspace   ] GC(1102) Metaspace: 35437K(36096K)->35437K(36096K) NonClass: 29166K(29632K)->29166K(29632K) Class: 6271K(6464K)->6271K(6464K)
[405.927s][info][gc             ] GC(1102) Pause Young (Allocation Failure) 567M->279M(585M) 1.211ms
[405.927s][info][gc,cpu         ] GC(1102) User=0.00s Sys=0.00s Real=0.00s
[406.079s][info][gc,start       ] GC(1103) Pause Young (Allocation Failure)
[406.080s][info][gc,heap        ] GC(1103) PSYoungGen: 294976K(312832K)->64K(313856K) Eden: 294912K(294912K)->0K(298496K) From: 64K(17920K)->64K(15360K)
[406.080s][info][gc,heap        ] GC(1103) ParOldGen: 286517K(286720K)->286517K(286720K)
[406.080s][info][gc,metaspace   ] GC(1103) Metaspace: 35437K(36096K)->35437K(36096K) NonClass: 29166K(29632K)->29166K(29632K) Class: 6271K(6464K)->6271K(6464K)
[406.080s][info][gc             ] GC(1103) Pause Young (Allocation Failure) 567M->279M(586M) 1.236ms
[406.080s][info][gc,cpu         ] GC(1103) User=0.01s Sys=0.00s Real=0.00s
[406.297s][info][gc,start       ] GC(1104) Pause Young (Allocation Failure)
[406.298s][info][gc,heap        ] GC(1104) PSYoungGen: 298560K(313856K)->64K(314880K) Eden: 298496K(298496K)->0K(298496K) From: 64K(15360K)->64K(16384K)
[406.298s][info][gc,heap        ] GC(1104) ParOldGen: 286517K(286720K)->286525K(286720K)
[406.298s][info][gc,metaspace   ] GC(1104) Metaspace: 35437K(36096K)->35437K(36096K) NonClass: 29166K(29632K)->29166K(29632K) Class: 6271K(6464K)->6271K(6464K)
[406.298s][info][gc             ] GC(1104) Pause Young (Allocation Failure) 571M->279M(587M) 1.197ms
[406.298s][info][gc,cpu         ] GC(1104) User=0.00s Sys=0.00s Real=0.00s
[406.448s][info][gc,start       ] GC(1105) Pause Young (Allocation Failure)
[406.449s][info][gc,heap        ] GC(1105) PSYoungGen: 298560K(314880K)->64K(315392K) Eden: 298496K(298496K)->0K(302080K) From: 64K(16384K)->64K(13312K)
[406.449s][info][gc,heap        ] GC(1105) ParOldGen: 286525K(286720K)->286533K(286720K)
[406.449s][info][gc,metaspace   ] GC(1105) Metaspace: 35437K(36096K)->35437K(36096K) NonClass: 29166K(29632K)->29166K(29632K) Class: 6271K(6464K)->6271K(6464K)
[406.449s][info][gc             ] GC(1105) Pause Young (Allocation Failure) 571M->279M(588M) 1.259ms
[406.449s][info][gc,cpu         ] GC(1105) User=0.00s Sys=0.00s Real=0.00s
[406.535s][info][gc,start       ] GC(1106) Pause Young (Allocation Failure)
[406.536s][info][gc,heap        ] GC(1106) PSYoungGen: 302144K(315392K)->64K(316416K) Eden: 302080K(302080K)->0K(302080K) From: 64K(13312K)->64K(14336K)
[406.537s][info][gc,heap        ] GC(1106) ParOldGen: 286533K(286720K)->286541K(286720K)
[406.537s][info][gc,metaspace   ] GC(1106) Metaspace: 35437K(36096K)->35437K(36096K) NonClass: 29166K(29632K)->29166K(29632K) Class: 6271K(6464K)->6271K(6464K)
[406.537s][info][gc             ] GC(1106) Pause Young (Allocation Failure) 574M->279M(589M) 1.232ms
[406.537s][info][gc,cpu         ] GC(1106) User=0.01s Sys=0.00s Real=0.01s
[406.711s][info][gc,start       ] GC(1107) Pause Young (Allocation Failure)
[406.712s][info][gc,heap        ] GC(1107) PSYoungGen: 302144K(316416K)->64K(318464K) Eden: 302080K(302080K)->0K(306176K) From: 64K(14336K)->64K(12288K)
[406.712s][info][gc,heap        ] GC(1107) ParOldGen: 286541K(286720K)->286549K(286720K)
[406.712s][info][gc,metaspace   ] GC(1107) Metaspace: 35437K(36096K)->35437K(36096K) NonClass: 29166K(29632K)->29166K(29632K) Class: 6271K(6464K)->6271K(6464K)
[406.712s][info][gc             ] GC(1107) Pause Young (Allocation Failure) 574M->279M(591M) 1.254ms
[406.712s][info][gc,cpu         ] GC(1107) User=0.00s Sys=0.00s Real=0.00s
[407.692s][info][gc,start       ] GC(1108) Pause Young (Allocation Failure)
[407.694s][info][gc,heap        ] GC(1108) PSYoungGen: 306240K(318464K)->64K(294400K) Eden: 306176K(306176K)->0K(293888K) From: 64K(12288K)->64K(512K)
[407.694s][info][gc,heap        ] GC(1108) ParOldGen: 286549K(286720K)->286557K(286720K)
[407.694s][info][gc,metaspace   ] GC(1108) Metaspace: 35437K(36096K)->35437K(36096K) NonClass: 29166K(29632K)->29166K(29632K) Class: 6271K(6464K)->6271K(6464K)
[407.694s][info][gc             ] GC(1108) Pause Young (Allocation Failure) 578M->279M(567M) 1.986ms
[407.694s][info][gc,cpu         ] GC(1108) User=0.01s Sys=0.00s Real=0.00s
[408.586s][info][gc,start       ] GC(1109) Pause Young (Allocation Failure)
[408.587s][info][gc,heap        ] GC(1109) PSYoungGen: 293952K(294400K)->64K(282624K) Eden: 293888K(293888K)->0K(282112K) From: 64K(512K)->64K(512K)
[408.587s][info][gc,heap        ] GC(1109) ParOldGen: 286557K(286720K)->286565K(286720K)
[408.587s][info][gc,metaspace   ] GC(1109) Metaspace: 35437K(36096K)->35437K(36096K) NonClass: 29166K(29632K)->29166K(29632K) Class: 6271K(6464K)->6271K(6464K)
[408.587s][info][gc             ] GC(1109) Pause Young (Allocation Failure) 566M->279M(556M) 1.488ms
[408.587s][info][gc,cpu         ] GC(1109) User=0.00s Sys=0.00s Real=0.01s
[408.878s][info][gc,start       ] GC(1110) Pause Young (Allocation Failure)
[408.879s][info][gc,heap        ] GC(1110) PSYoungGen: 282176K(282624K)->64K(282112K) Eden: 282112K(282112K)->0K(270848K) From: 64K(512K)->64K(11264K)
[408.879s][info][gc,heap        ] GC(1110) ParOldGen: 286565K(286720K)->286573K(286720K)
[408.879s][info][gc,metaspace   ] GC(1110) Metaspace: 35437K(36096K)->35437K(36096K) NonClass: 29166K(29632K)->29166K(29632K) Class: 6271K(6464K)->6271K(6464K)
[408.879s][info][gc             ] GC(1110) Pause Young (Allocation Failure) 555M->279M(555M) 1.292ms
[408.879s][info][gc,cpu         ] GC(1110) User=0.00s Sys=0.00s Real=0.00s
[409.320s][info][gc,start       ] GC(1111) Pause Young (Allocation Failure)
[409.322s][info][gc,heap        ] GC(1111) PSYoungGen: 270912K(282112K)->64K(260608K) Eden: 270848K(270848K)->0K(260096K) From: 64K(11264K)->64K(512K)
[409.322s][info][gc,heap        ] GC(1111) ParOldGen: 286573K(286720K)->286581K(286720K)
[409.322s][info][gc,metaspace   ] GC(1111) Metaspace: 35437K(36096K)->35437K(36096K) NonClass: 29166K(29632K)->29166K(29632K) Class: 6271K(6464K)->6271K(6464K)
[409.322s][info][gc             ] GC(1111) Pause Young (Allocation Failure) 544M->279M(534M) 2.021ms
[409.322s][info][gc,cpu         ] GC(1111) User=0.00s Sys=0.00s Real=0.00s
[410.262s][info][gc,start       ] GC(1112) Pause Young (Allocation Failure)
[410.263s][info][gc,heap        ] GC(1112) PSYoungGen: 260160K(260608K)->64K(259584K) Eden: 260096K(260096K)->0K(249856K) From: 64K(512K)->64K(9728K)
[410.263s][info][gc,heap        ] GC(1112) ParOldGen: 286581K(286720K)->286589K(286720K)
[410.263s][info][gc,metaspace   ] GC(1112) Metaspace: 35437K(36096K)->35437K(36096K) NonClass: 29166K(29632K)->29166K(29632K) Class: 6271K(6464K)->6271K(6464K)
[410.263s][info][gc             ] GC(1112) Pause Young (Allocation Failure) 533M->279M(533M) 1.196ms
[410.263s][info][gc,cpu         ] GC(1112) User=0.00s Sys=0.01s Real=0.00s
[410.634s][info][gc,start       ] GC(1113) Pause Young (Allocation Failure)
[410.636s][info][gc,heap        ] GC(1113) PSYoungGen: 249920K(259584K)->64K(240640K) Eden: 249856K(249856K)->0K(240128K) From: 64K(9728K)->64K(512K)
[410.636s][info][gc,heap        ] GC(1113) ParOldGen: 286589K(286720K)->286597K(286720K)
[410.636s][info][gc,metaspace   ] GC(1113) Metaspace: 35437K(36096K)->35437K(36096K) NonClass: 29166K(29632K)->29166K(29632K) Class: 6271K(6464K)->6271K(6464K)
[410.636s][info][gc             ] GC(1113) Pause Young (Allocation Failure) 523M->279M(515M) 1.980ms
[410.636s][info][gc,cpu         ] GC(1113) User=0.00s Sys=0.00s Real=0.01s
[410.785s][info][gc,start       ] GC(1114) Pause Young (Allocation Failure)
[410.786s][info][gc,heap        ] GC(1114) PSYoungGen: 240192K(240640K)->64K(239616K) Eden: 240128K(240128K)->0K(230912K) From: 64K(512K)->64K(8704K)
[410.786s][info][gc,heap        ] GC(1114) ParOldGen: 286597K(286720K)->286605K(286720K)
[410.786s][info][gc,metaspace   ] GC(1114) Metaspace: 35437K(36096K)->35437K(36096K) NonClass: 29166K(29632K)->29166K(29632K) Class: 6271K(6464K)->6271K(6464K)
[410.786s][info][gc             ] GC(1114) Pause Young (Allocation Failure) 514M->279M(514M) 1.208ms
[410.786s][info][gc,cpu         ] GC(1114) User=0.00s Sys=0.00s Real=0.01s
[410.999s][info][gc,start       ] GC(1115) Pause Young (Allocation Failure)
[411.001s][info][gc,heap        ] GC(1115) PSYoungGen: 230976K(239616K)->64K(222720K) Eden: 230912K(230912K)->0K(222208K) From: 64K(8704K)->64K(512K)
[411.001s][info][gc,heap        ] GC(1115) ParOldGen: 286605K(286720K)->286613K(286720K)
[411.001s][info][gc,metaspace   ] GC(1115) Metaspace: 35437K(36096K)->35437K(36096K) NonClass: 29166K(29632K)->29166K(29632K) Class: 6271K(6464K)->6271K(6464K)
[411.001s][info][gc             ] GC(1115) Pause Young (Allocation Failure) 505M->279M(497M) 1.790ms
[411.001s][info][gc,cpu         ] GC(1115) User=0.00s Sys=0.00s Real=0.00s
[411.524s][info][gc,start       ] GC(1116) Pause Young (Allocation Failure)
[411.525s][info][gc,heap        ] GC(1116) PSYoungGen: 222272K(222720K)->64K(221184K) Eden: 222208K(222208K)->0K(214016K) From: 64K(512K)->64K(7168K)
[411.525s][info][gc,heap        ] GC(1116) ParOldGen: 286613K(286720K)->286621K(286720K)
[411.525s][info][gc,metaspace   ] GC(1116) Metaspace: 35437K(36096K)->35437K(36096K) NonClass: 29166K(29632K)->29166K(29632K) Class: 6271K(6464K)->6271K(6464K)
[411.525s][info][gc             ] GC(1116) Pause Young (Allocation Failure) 496M->279M(496M) 1.232ms
[411.525s][info][gc,cpu         ] GC(1116) User=0.00s Sys=0.00s Real=0.00s
[411.781s][info][gc,start       ] GC(1117) Pause Young (Allocation Failure)
[411.783s][info][gc,heap        ] GC(1117) PSYoungGen: 214080K(221184K)->64K(206848K) Eden: 214016K(214016K)->0K(206336K) From: 64K(7168K)->64K(512K)
[411.784s][info][gc,heap        ] GC(1117) ParOldGen: 286621K(286720K)->286629K(286720K)
[411.784s][info][gc,metaspace   ] GC(1117) Metaspace: 35437K(36096K)->35437K(36096K) NonClass: 29166K(29632K)->29166K(29632K) Class: 6271K(6464K)->6271K(6464K)
[411.784s][info][gc             ] GC(1117) Pause Young (Allocation Failure) 488M->279M(482M) 2.770ms
[411.784s][info][gc,cpu         ] GC(1117) User=0.00s Sys=0.00s Real=0.00s
[412.074s][info][gc,start       ] GC(1118) Pause Young (Allocation Failure)
[412.108s][info][gc,heap        ] GC(1118) PSYoungGen: 206400K(206848K)->6144K(252416K) Eden: 206336K(206336K)->0K(246272K) From: 64K(512K)->6144K(6144K)
[412.108s][info][gc,heap        ] GC(1118) ParOldGen: 286629K(286720K)->297269K(297472K)
[412.108s][info][gc,metaspace   ] GC(1118) Metaspace: 35437K(36096K)->35437K(36096K) NonClass: 29166K(29632K)->29166K(29632K) Class: 6271K(6464K)->6271K(6464K)
[412.108s][info][gc             ] GC(1118) Pause Young (Allocation Failure) 481M->296M(537M) 34.529ms
[412.108s][info][gc,cpu         ] GC(1118) User=0.06s Sys=0.01s Real=0.04s
[412.385s][info][gc,start       ] GC(1119) Pause Young (Allocation Failure)
[412.441s][info][gc,heap        ] GC(1119) PSYoungGen: 252416K(252416K)->6144K(257024K) Eden: 246272K(246272K)->0K(250880K) From: 6144K(6144K)->6144K(6144K)
[412.441s][info][gc,heap        ] GC(1119) ParOldGen: 297269K(297472K)->317797K(317952K)
[412.441s][info][gc,metaspace   ] GC(1119) Metaspace: 35437K(36096K)->35437K(36096K) NonClass: 29166K(29632K)->29166K(29632K) Class: 6271K(6464K)->6271K(6464K)
[412.441s][info][gc             ] GC(1119) Pause Young (Allocation Failure) 536M->316M(561M) 56.741ms
[412.441s][info][gc,cpu         ] GC(1119) User=0.10s Sys=0.01s Real=0.06s
[412.717s][info][gc,start       ] GC(1120) Pause Young (Allocation Failure)
[412.765s][info][gc,heap        ] GC(1120) PSYoungGen: 257024K(257024K)->19968K(270848K) Eden: 250880K(250880K)->0K(250880K) From: 6144K(6144K)->19968K(19968K)
[412.765s][info][gc,heap        ] GC(1120) ParOldGen: 317797K(317952K)->324485K(324608K)
[412.765s][info][gc,metaspace   ] GC(1120) Metaspace: 35437K(36096K)->35437K(36096K) NonClass: 29166K(29632K)->29166K(29632K) Class: 6271K(6464K)->6271K(6464K)
[412.765s][info][gc             ] GC(1120) Pause Young (Allocation Failure) 561M->336M(581M) 48.639ms
[412.765s][info][gc,cpu         ] GC(1120) User=0.09s Sys=0.01s Real=0.04s
[412.847s][info][gc,start       ] GC(1121) Pause Young (Allocation Failure)
[412.850s][info][gc,heap        ] GC(1121) PSYoungGen: 270848K(270848K)->64K(308224K) Eden: 250880K(250880K)->0K(281600K) From: 19968K(19968K)->64K(26624K)
[412.850s][info][gc,heap        ] GC(1121) ParOldGen: 324485K(324608K)->324717K(325120K)
[412.850s][info][gc,metaspace   ] GC(1121) Metaspace: 35437K(36096K)->35437K(36096K) NonClass: 29166K(29632K)->29166K(29632K) Class: 6271K(6464K)->6271K(6464K)
[412.850s][info][gc             ] GC(1121) Pause Young (Allocation Failure) 581M->317M(618M) 3.079ms
[412.850s][info][gc,cpu         ] GC(1121) User=0.01s Sys=0.00s Real=0.00s
[413.474s][info][gc,start       ] GC(1122) Pause Young (Allocation Failure)
[413.475s][info][gc,heap        ] GC(1122) PSYoungGen: 281664K(308224K)->64K(282112K) Eden: 281600K(281600K)->0K(281600K) From: 64K(26624K)->64K(512K)
[413.475s][info][gc,heap        ] GC(1122) ParOldGen: 324717K(325120K)->324725K(325120K)
[413.475s][info][gc,metaspace   ] GC(1122) Metaspace: 35437K(36096K)->35437K(36096K) NonClass: 29166K(29632K)->29166K(29632K) Class: 6271K(6464K)->6271K(6464K)
[413.475s][info][gc             ] GC(1122) Pause Young (Allocation Failure) 592M->317M(593M) 1.346ms
[413.475s][info][gc,cpu         ] GC(1122) User=0.00s Sys=0.00s Real=0.00s
[413.910s][info][gc,start       ] GC(1123) Pause Young (Allocation Failure)
[413.911s][info][gc,heap        ] GC(1123) PSYoungGen: 281664K(282112K)->64K(307712K) Eden: 281600K(281600K)->0K(282624K) From: 64K(512K)->64K(25088K)
[413.911s][info][gc,heap        ] GC(1123) ParOldGen: 324725K(325120K)->324733K(325120K)
[413.911s][info][gc,metaspace   ] GC(1123) Metaspace: 35437K(36096K)->35437K(36096K) NonClass: 29166K(29632K)->29166K(29632K) Class: 6271K(6464K)->6271K(6464K)
[413.911s][info][gc             ] GC(1123) Pause Young (Allocation Failure) 592M->317M(618M) 1.405ms
[413.911s][info][gc,cpu         ] GC(1123) User=0.00s Sys=0.00s Real=0.00s
[414.343s][info][gc,start       ] GC(1124) Pause Young (Allocation Failure)
[414.345s][info][gc,heap        ] GC(1124) PSYoungGen: 282688K(307712K)->64K(306688K) Eden: 282624K(282624K)->0K(282624K) From: 64K(25088K)->64K(24064K)
[414.345s][info][gc,heap        ] GC(1124) ParOldGen: 324733K(325120K)->324749K(325120K)
[414.345s][info][gc,metaspace   ] GC(1124) Metaspace: 35437K(36096K)->35437K(36096K) NonClass: 29166K(29632K)->29166K(29632K) Class: 6271K(6464K)->6271K(6464K)
[414.345s][info][gc             ] GC(1124) Pause Young (Allocation Failure) 593M->317M(617M) 1.396ms
[414.345s][info][gc,cpu         ] GC(1124) User=0.01s Sys=0.00s Real=0.00s
[414.567s][info][gc,start       ] GC(1125) Pause Young (Allocation Failure)
[414.569s][info][gc,heap        ] GC(1125) PSYoungGen: 282688K(306688K)->64K(308736K) Eden: 282624K(282624K)->0K(285696K) From: 64K(24064K)->64K(23040K)
[414.569s][info][gc,heap        ] GC(1125) ParOldGen: 324749K(325120K)->324765K(325120K)
[414.569s][info][gc,metaspace   ] GC(1125) Metaspace: 35437K(36096K)->35437K(36096K) NonClass: 29166K(29632K)->29166K(29632K) Class: 6271K(6464K)->6271K(6464K)
[414.569s][info][gc             ] GC(1125) Pause Young (Allocation Failure) 593M->317M(619M) 1.349ms
[414.569s][info][gc,cpu         ] GC(1125) User=0.00s Sys=0.00s Real=0.00s
[414.796s][info][gc,start       ] GC(1126) Pause Young (Allocation Failure)
[414.798s][info][gc,heap        ] GC(1126) PSYoungGen: 285760K(308736K)->64K(307712K) Eden: 285696K(285696K)->0K(285696K) From: 64K(23040K)->64K(22016K)
[414.798s][info][gc,heap        ] GC(1126) ParOldGen: 324765K(325120K)->324765K(325120K)
[414.798s][info][gc,metaspace   ] GC(1126) Metaspace: 35437K(36096K)->35437K(36096K) NonClass: 29166K(29632K)->29166K(29632K) Class: 6271K(6464K)->6271K(6464K)
[414.798s][info][gc             ] GC(1126) Pause Young (Allocation Failure) 596M->317M(618M) 1.384ms
[414.798s][info][gc,cpu         ] GC(1126) User=0.00s Sys=0.00s Real=0.00s
[415.155s][info][gc,start       ] GC(1127) Pause Young (Allocation Failure)
[415.156s][info][gc,heap        ] GC(1127) PSYoungGen: 285760K(307712K)->64K(310272K) Eden: 285696K(285696K)->0K(290304K) From: 64K(22016K)->64K(19968K)
[415.156s][info][gc,heap        ] GC(1127) ParOldGen: 324765K(325120K)->324765K(325120K)
[415.156s][info][gc,metaspace   ] GC(1127) Metaspace: 35437K(36096K)->35437K(36096K) NonClass: 29166K(29632K)->29166K(29632K) Class: 6271K(6464K)->6271K(6464K)
[415.156s][info][gc             ] GC(1127) Pause Young (Allocation Failure) 596M->317M(620M) 1.387ms
[415.156s][info][gc,cpu         ] GC(1127) User=0.00s Sys=0.00s Real=0.01s
[415.212s][info][gc,start       ] GC(1128) Pause Young (Allocation Failure)
[415.213s][info][gc,heap        ] GC(1128) PSYoungGen: 290368K(310272K)->64K(309760K) Eden: 290304K(290304K)->0K(290304K) From: 64K(19968K)->64K(19456K)
[415.213s][info][gc,heap        ] GC(1128) ParOldGen: 324765K(325120K)->324781K(325120K)
[415.213s][info][gc,metaspace   ] GC(1128) Metaspace: 35437K(36096K)->35437K(36096K) NonClass: 29166K(29632K)->29166K(29632K) Class: 6271K(6464K)->6271K(6464K)
[415.213s][info][gc             ] GC(1128) Pause Young (Allocation Failure) 600M->317M(620M) 1.322ms
[415.213s][info][gc,cpu         ] GC(1128) User=0.01s Sys=0.00s Real=0.00s
[415.265s][info][gc,start       ] GC(1129) Pause Young (Allocation Failure)
[415.266s][info][gc,heap        ] GC(1129) PSYoungGen: 290368K(309760K)->64K(313344K) Eden: 290304K(290304K)->0K(295424K) From: 64K(19456K)->64K(17920K)
[415.266s][info][gc,heap        ] GC(1129) ParOldGen: 324781K(325120K)->324781K(325120K)
[415.266s][info][gc,metaspace   ] GC(1129) Metaspace: 35437K(36096K)->35437K(36096K) NonClass: 29166K(29632K)->29166K(29632K) Class: 6271K(6464K)->6271K(6464K)
[415.266s][info][gc             ] GC(1129) Pause Young (Allocation Failure) 600M->317M(623M) 1.311ms
[415.266s][info][gc,cpu         ] GC(1129) User=0.00s Sys=0.00s Real=0.01s
[415.442s][info][gc,start       ] GC(1130) Pause Young (Allocation Failure)
[415.443s][info][gc,heap        ] GC(1130) PSYoungGen: 295488K(313344K)->64K(312832K) Eden: 295424K(295424K)->0K(295424K) From: 64K(17920K)->64K(17408K)
[415.443s][info][gc,heap        ] GC(1130) ParOldGen: 324781K(325120K)->324781K(325120K)
[415.443s][info][gc,metaspace   ] GC(1130) Metaspace: 35437K(36096K)->35437K(36096K) NonClass: 29166K(29632K)->29166K(29632K) Class: 6271K(6464K)->6271K(6464K)
[415.443s][info][gc             ] GC(1130) Pause Young (Allocation Failure) 605M->317M(623M) 1.316ms
[415.443s][info][gc,cpu         ] GC(1130) User=0.00s Sys=0.00s Real=0.00s
[415.654s][info][gc,start       ] GC(1131) Pause Young (Allocation Failure)
[415.655s][info][gc,heap        ] GC(1131) PSYoungGen: 295488K(312832K)->64K(315392K) Eden: 295424K(295424K)->0K(299520K) From: 64K(17408K)->64K(15872K)
[415.655s][info][gc,heap        ] GC(1131) ParOldGen: 324781K(325120K)->324789K(325120K)
[415.655s][info][gc,metaspace   ] GC(1131) Metaspace: 35437K(36096K)->35437K(36096K) NonClass: 29166K(29632K)->29166K(29632K) Class: 6271K(6464K)->6271K(6464K)
[415.655s][info][gc             ] GC(1131) Pause Young (Allocation Failure) 605M->317M(625M) 1.328ms
[415.655s][info][gc,cpu         ] GC(1131) User=0.00s Sys=0.00s Real=0.00s
[415.786s][info][gc,start       ] GC(1132) Pause Young (Allocation Failure)
[415.787s][info][gc,heap        ] GC(1132) PSYoungGen: 299584K(315392K)->64K(314880K) Eden: 299520K(299520K)->0K(299520K) From: 64K(15872K)->64K(15360K)
[415.787s][info][gc,heap        ] GC(1132) ParOldGen: 324789K(325120K)->324797K(325120K)
[415.787s][info][gc,metaspace   ] GC(1132) Metaspace: 35437K(36096K)->35437K(36096K) NonClass: 29166K(29632K)->29166K(29632K) Class: 6271K(6464K)->6271K(6464K)
[415.787s][info][gc             ] GC(1132) Pause Young (Allocation Failure) 609M->317M(625M) 1.344ms
[415.787s][info][gc,cpu         ] GC(1132) User=0.00s Sys=0.00s Real=0.00s
[415.878s][info][gc,start       ] GC(1133) Pause Young (Allocation Failure)
[415.880s][info][gc,heap        ] GC(1133) PSYoungGen: 299584K(314880K)->64K(317440K) Eden: 299520K(299520K)->0K(303616K) From: 64K(15360K)->64K(13824K)
[415.880s][info][gc,heap        ] GC(1133) ParOldGen: 324797K(325120K)->324805K(325120K)
[415.880s][info][gc,metaspace   ] GC(1133) Metaspace: 35437K(36096K)->35437K(36096K) NonClass: 29166K(29632K)->29166K(29632K) Class: 6271K(6464K)->6271K(6464K)
[415.880s][info][gc             ] GC(1133) Pause Young (Allocation Failure) 609M->317M(627M) 1.337ms
[415.880s][info][gc,cpu         ] GC(1133) User=0.00s Sys=0.00s Real=0.00s
[416.061s][info][gc,start       ] GC(1134) Pause Young (Allocation Failure)
[416.062s][info][gc,heap        ] GC(1134) PSYoungGen: 303680K(317440K)->64K(317440K) Eden: 303616K(303616K)->0K(303616K) From: 64K(13824K)->64K(13824K)
[416.062s][info][gc,heap        ] GC(1134) ParOldGen: 324805K(325120K)->324813K(325120K)
[416.062s][info][gc,metaspace   ] GC(1134) Metaspace: 35437K(36096K)->35437K(36096K) NonClass: 29166K(29632K)->29166K(29632K) Class: 6271K(6464K)->6271K(6464K)
[416.062s][info][gc             ] GC(1134) Pause Young (Allocation Failure) 613M->317M(627M) 1.320ms
[416.062s][info][gc,cpu         ] GC(1134) User=0.01s Sys=0.00s Real=0.00s
[417.026s][info][gc,start       ] GC(1135) Pause Young (Allocation Failure)
[417.027s][info][gc,heap        ] GC(1135) PSYoungGen: 303680K(317440K)->83K(291840K) Eden: 303616K(303616K)->0K(291328K) From: 64K(13824K)->83K(512K)
[417.027s][info][gc,heap        ] GC(1135) ParOldGen: 324813K(325120K)->324821K(325120K)
[417.027s][info][gc,metaspace   ] GC(1135) Metaspace: 35437K(36096K)->35437K(36096K) NonClass: 29166K(29632K)->29166K(29632K) Class: 6271K(6464K)->6271K(6464K)
[417.027s][info][gc             ] GC(1135) Pause Young (Allocation Failure) 613M->317M(602M) 1.362ms
[417.027s][info][gc,cpu         ] GC(1135) User=0.00s Sys=0.00s Real=0.00s
[417.929s][info][gc,start       ] GC(1136) Pause Young (Allocation Failure)
[417.930s][info][gc,heap        ] GC(1136) PSYoungGen: 291411K(291840K)->64K(291840K) Eden: 291328K(291328K)->0K(279552K) From: 83K(512K)->64K(12288K)
[417.930s][info][gc,heap        ] GC(1136) ParOldGen: 324821K(325120K)->324829K(325120K)
[417.930s][info][gc,metaspace   ] GC(1136) Metaspace: 35437K(36096K)->35437K(36096K) NonClass: 29166K(29632K)->29166K(29632K) Class: 6271K(6464K)->6271K(6464K)
[417.930s][info][gc             ] GC(1136) Pause Young (Allocation Failure) 601M->317M(602M) 1.329ms
[417.930s][info][gc,cpu         ] GC(1136) User=0.00s Sys=0.00s Real=0.00s
[418.260s][info][gc,start       ] GC(1137) Pause Young (Allocation Failure)
[418.261s][info][gc,heap        ] GC(1137) PSYoungGen: 279616K(291840K)->64K(268800K) Eden: 279552K(279552K)->0K(268288K) From: 64K(12288K)->64K(512K)
[418.261s][info][gc,heap        ] GC(1137) ParOldGen: 324829K(325120K)->324837K(325120K)
[418.261s][info][gc,metaspace   ] GC(1137) Metaspace: 35437K(36096K)->35437K(36096K) NonClass: 29166K(29632K)->29166K(29632K) Class: 6271K(6464K)->6271K(6464K)
[418.261s][info][gc             ] GC(1137) Pause Young (Allocation Failure) 590M->317M(580M) 1.400ms
[418.261s][info][gc,cpu         ] GC(1137) User=0.00s Sys=0.00s Real=0.00s
[418.662s][info][gc,start       ] GC(1138) Pause Young (Allocation Failure)
[418.664s][info][gc,heap        ] GC(1138) PSYoungGen: 268352K(268800K)->64K(268288K) Eden: 268288K(268288K)->0K(258048K) From: 64K(512K)->64K(10240K)
[418.664s][info][gc,heap        ] GC(1138) ParOldGen: 324837K(325120K)->324845K(325120K)
[418.664s][info][gc,metaspace   ] GC(1138) Metaspace: 35437K(36096K)->35437K(36096K) NonClass: 29166K(29632K)->29166K(29632K) Class: 6271K(6464K)->6271K(6464K)
[418.664s][info][gc             ] GC(1138) Pause Young (Allocation Failure) 579M->317M(579M) 1.284ms
[418.664s][info][gc,cpu         ] GC(1138) User=0.00s Sys=0.00s Real=0.00s
[419.610s][info][gc,start       ] GC(1139) Pause Young (Allocation Failure)
[419.612s][info][gc,heap        ] GC(1139) PSYoungGen: 258112K(268288K)->64K(248320K) Eden: 258048K(258048K)->0K(247808K) From: 64K(10240K)->64K(512K)
[419.612s][info][gc,heap        ] GC(1139) ParOldGen: 324845K(325120K)->324853K(325120K)
[419.612s][info][gc,metaspace   ] GC(1139) Metaspace: 35437K(36096K)->35437K(36096K) NonClass: 29166K(29632K)->29166K(29632K) Class: 6271K(6464K)->6271K(6464K)
[419.612s][info][gc             ] GC(1139) Pause Young (Allocation Failure) 569M->317M(560M) 1.744ms
[419.612s][info][gc,cpu         ] GC(1139) User=0.01s Sys=0.00s Real=0.00s
[419.970s][info][gc,start       ] GC(1140) Pause Young (Allocation Failure)
[419.972s][info][gc,heap        ] GC(1140) PSYoungGen: 247872K(248320K)->64K(247296K) Eden: 247808K(247808K)->0K(238080K) From: 64K(512K)->64K(9216K)
[419.972s][info][gc,heap        ] GC(1140) ParOldGen: 324853K(325120K)->324861K(325120K)
[419.972s][info][gc,metaspace   ] GC(1140) Metaspace: 35437K(36096K)->35437K(36096K) NonClass: 29166K(29632K)->29166K(29632K) Class: 6271K(6464K)->6271K(6464K)
[419.972s][info][gc             ] GC(1140) Pause Young (Allocation Failure) 559M->317M(559M) 1.510ms
[419.972s][info][gc,cpu         ] GC(1140) User=0.00s Sys=0.00s Real=0.00s
[420.111s][info][gc,start       ] GC(1141) Pause Young (Allocation Failure)
[420.113s][info][gc,heap        ] GC(1141) PSYoungGen: 238144K(247296K)->64K(229376K) Eden: 238080K(238080K)->0K(228864K) From: 64K(9216K)->64K(512K)
[420.113s][info][gc,heap        ] GC(1141) ParOldGen: 324861K(325120K)->324869K(325120K)
[420.113s][info][gc,metaspace   ] GC(1141) Metaspace: 35437K(36096K)->35437K(36096K) NonClass: 29166K(29632K)->29166K(29632K) Class: 6271K(6464K)->6271K(6464K)
[420.113s][info][gc             ] GC(1141) Pause Young (Allocation Failure) 549M->317M(541M) 1.896ms
[420.113s][info][gc,cpu         ] GC(1141) User=0.01s Sys=0.00s Real=0.00s
[420.364s][info][gc,start       ] GC(1142) Pause Young (Allocation Failure)
[420.365s][info][gc,heap        ] GC(1142) PSYoungGen: 228928K(229376K)->64K(227840K) Eden: 228864K(228864K)->0K(220160K) From: 64K(512K)->64K(7680K)
[420.366s][info][gc,heap        ] GC(1142) ParOldGen: 324869K(325120K)->324877K(325120K)
[420.366s][info][gc,metaspace   ] GC(1142) Metaspace: 35437K(36096K)->35437K(36096K) NonClass: 29166K(29632K)->29166K(29632K) Class: 6271K(6464K)->6271K(6464K)
[420.366s][info][gc             ] GC(1142) Pause Young (Allocation Failure) 540M->317M(540M) 1.233ms
[420.366s][info][gc,cpu         ] GC(1142) User=0.01s Sys=0.00s Real=0.00s
[420.841s][info][gc,start       ] GC(1143) Pause Young (Allocation Failure)
[420.843s][info][gc,heap        ] GC(1143) PSYoungGen: 220224K(227840K)->64K(212480K) Eden: 220160K(220160K)->0K(211968K) From: 64K(7680K)->64K(512K)
[420.843s][info][gc,heap        ] GC(1143) ParOldGen: 324877K(325120K)->324885K(325120K)
[420.843s][info][gc,metaspace   ] GC(1143) Metaspace: 35437K(36096K)->35437K(36096K) NonClass: 29166K(29632K)->29166K(29632K) Class: 6271K(6464K)->6271K(6464K)
[420.843s][info][gc             ] GC(1143) Pause Young (Allocation Failure) 532M->317M(525M) 1.798ms
[420.843s][info][gc,cpu         ] GC(1143) User=0.00s Sys=0.00s Real=0.00s
[421.114s][info][gc,start       ] GC(1144) Pause Young (Allocation Failure)
[421.116s][info][gc,heap        ] GC(1144) PSYoungGen: 212032K(212480K)->64K(210944K) Eden: 211968K(211968K)->0K(204288K) From: 64K(512K)->64K(6656K)
[421.116s][info][gc,heap        ] GC(1144) ParOldGen: 324885K(325120K)->324893K(325120K)
[421.116s][info][gc,metaspace   ] GC(1144) Metaspace: 35437K(36096K)->35437K(36096K) NonClass: 29166K(29632K)->29166K(29632K) Class: 6271K(6464K)->6271K(6464K)
[421.116s][info][gc             ] GC(1144) Pause Young (Allocation Failure) 524M->317M(523M) 1.904ms
[421.116s][info][gc,cpu         ] GC(1144) User=0.01s Sys=0.00s Real=0.01s
[421.397s][info][gc,start       ] GC(1145) Pause Young (Allocation Failure)
[421.438s][info][gc,heap        ] GC(1145) PSYoungGen: 204352K(210944K)->6144K(250368K) Eden: 204288K(204288K)->0K(244224K) From: 64K(6656K)->6144K(6144K)
[421.438s][info][gc,heap        ] GC(1145) ParOldGen: 324893K(325120K)->336525K(336896K)
[421.438s][info][gc,metaspace   ] GC(1145) Metaspace: 35437K(36096K)->35437K(36096K) NonClass: 29166K(29632K)->29166K(29632K) Class: 6271K(6464K)->6271K(6464K)
[421.438s][info][gc             ] GC(1145) Pause Young (Allocation Failure) 516M->334M(573M) 41.129ms
[421.438s][info][gc,cpu         ] GC(1145) User=0.07s Sys=0.01s Real=0.04s
[421.714s][info][gc,start       ] GC(1146) Pause Young (Allocation Failure)
[421.767s][info][gc,heap        ] GC(1146) PSYoungGen: 250368K(250368K)->12288K(272384K) Eden: 244224K(244224K)->0K(260096K) From: 6144K(6144K)->12288K(12288K)
[421.767s][info][gc,heap        ] GC(1146) ParOldGen: 336525K(336896K)->350709K(350720K)
[421.767s][info][gc,metaspace   ] GC(1146) Metaspace: 35437K(36096K)->35437K(36096K) NonClass: 29166K(29632K)->29166K(29632K) Class: 6271K(6464K)->6271K(6464K)
[421.767s][info][gc             ] GC(1146) Pause Young (Allocation Failure) 573M->354M(608M) 52.792ms
[421.767s][info][gc,cpu         ] GC(1146) User=0.09s Sys=0.01s Real=0.06s
[422.037s][info][gc,start       ] GC(1147) Pause Young (Allocation Failure)
[422.094s][info][gc,heap        ] GC(1147) PSYoungGen: 272384K(272384K)->19968K(301568K) Eden: 260096K(260096K)->0K(281600K) From: 12288K(12288K)->19968K(19968K)
[422.094s][info][gc,heap        ] GC(1147) ParOldGen: 350709K(350720K)->356389K(356864K)
[422.094s][info][gc,metaspace   ] GC(1147) Metaspace: 35437K(36096K)->35437K(36096K) NonClass: 29166K(29632K)->29166K(29632K) Class: 6271K(6464K)->6271K(6464K)
[422.094s][info][gc             ] GC(1147) Pause Young (Allocation Failure) 608M->367M(643M) 56.535ms
[422.094s][info][gc,cpu         ] GC(1147) User=0.09s Sys=0.03s Real=0.05s
[422.200s][info][gc,start       ] GC(1148) Pause Young (Allocation Failure)
[422.203s][info][gc,heap        ] GC(1148) PSYoungGen: 301568K(301568K)->64K(307712K) Eden: 281600K(281600K)->0K(281600K) From: 19968K(19968K)->64K(26112K)
[422.203s][info][gc,heap        ] GC(1148) ParOldGen: 356389K(356864K)->356589K(356864K)
[422.203s][info][gc,metaspace   ] GC(1148) Metaspace: 35437K(36096K)->35437K(36096K) NonClass: 29166K(29632K)->29166K(29632K) Class: 6271K(6464K)->6271K(6464K)
[422.203s][info][gc             ] GC(1148) Pause Young (Allocation Failure) 642M->348M(649M) 2.974ms
[422.203s][info][gc,cpu         ] GC(1148) User=0.00s Sys=0.00s Real=0.00s
[422.913s][info][gc,start       ] GC(1149) Pause Young (Allocation Failure)
[422.914s][info][gc,heap        ] GC(1149) PSYoungGen: 281664K(307712K)->64K(305152K) Eden: 281600K(281600K)->0K(282112K) From: 64K(26112K)->64K(23040K)
[422.914s][info][gc,heap        ] GC(1149) ParOldGen: 356589K(356864K)->356597K(356864K)
[422.914s][info][gc,metaspace   ] GC(1149) Metaspace: 35437K(36096K)->35437K(36096K) NonClass: 29166K(29632K)->29166K(29632K) Class: 6271K(6464K)->6271K(6464K)
[422.914s][info][gc             ] GC(1149) Pause Young (Allocation Failure) 623M->348M(646M) 1.603ms
[422.914s][info][gc,cpu         ] GC(1149) User=0.00s Sys=0.00s Real=0.00s
[423.260s][info][gc,start       ] GC(1150) Pause Young (Allocation Failure)
[423.263s][info][gc,heap        ] GC(1150) PSYoungGen: 282176K(305152K)->64K(306688K) Eden: 282112K(282112K)->0K(282112K) From: 64K(23040K)->64K(24576K)
[423.263s][info][gc,heap        ] GC(1150) ParOldGen: 356597K(356864K)->356613K(356864K)
[423.263s][info][gc,metaspace   ] GC(1150) Metaspace: 35437K(36096K)->35437K(36096K) NonClass: 29166K(29632K)->29166K(29632K) Class: 6271K(6464K)->6271K(6464K)
[423.263s][info][gc             ] GC(1150) Pause Young (Allocation Failure) 623M->348M(648M) 2.741ms
[423.263s][info][gc,cpu         ] GC(1150) User=0.01s Sys=0.00s Real=0.00s
[423.700s][info][gc,start       ] GC(1151) Pause Young (Allocation Failure)
[423.703s][info][gc,heap        ] GC(1151) PSYoungGen: 282176K(306688K)->64K(306688K) Eden: 282112K(282112K)->0K(285696K) From: 64K(24576K)->64K(20992K)
[423.703s][info][gc,heap        ] GC(1151) ParOldGen: 356613K(356864K)->356629K(356864K)
[423.703s][info][gc,metaspace   ] GC(1151) Metaspace: 35437K(36096K)->35437K(36096K) NonClass: 29166K(29632K)->29166K(29632K) Class: 6271K(6464K)->6271K(6464K)
[423.703s][info][gc             ] GC(1151) Pause Young (Allocation Failure) 623M->348M(648M) 2.808ms
[423.703s][info][gc,cpu         ] GC(1151) User=0.00s Sys=0.00s Real=0.00s
[423.932s][info][gc,start       ] GC(1152) Pause Young (Allocation Failure)
[423.935s][info][gc,heap        ] GC(1152) PSYoungGen: 285760K(306688K)->32K(308224K) Eden: 285696K(285696K)->0K(285696K) From: 64K(20992K)->32K(22528K)
[423.935s][info][gc,heap        ] GC(1152) ParOldGen: 356629K(356864K)->356645K(356864K)
[423.935s][info][gc,metaspace   ] GC(1152) Metaspace: 35437K(36096K)->35437K(36096K) NonClass: 29166K(29632K)->29166K(29632K) Class: 6271K(6464K)->6271K(6464K)
[423.935s][info][gc             ] GC(1152) Pause Young (Allocation Failure) 627M->348M(649M) 2.743ms
[423.935s][info][gc,cpu         ] GC(1152) User=0.01s Sys=0.00s Real=0.00s
[424.160s][info][gc,start       ] GC(1153) Pause Young (Allocation Failure)
[424.162s][info][gc,heap        ] GC(1153) PSYoungGen: 285728K(308224K)->64K(308736K) Eden: 285696K(285696K)->0K(289792K) From: 32K(22528K)->64K(18944K)
[424.162s][info][gc,heap        ] GC(1153) ParOldGen: 356645K(356864K)->356645K(356864K)
[424.162s][info][gc,metaspace   ] GC(1153) Metaspace: 35437K(36096K)->35437K(36096K) NonClass: 29166K(29632K)->29166K(29632K) Class: 6271K(6464K)->6271K(6464K)
[424.162s][info][gc             ] GC(1153) Pause Young (Allocation Failure) 627M->348M(650M) 1.891ms
[424.162s][info][gc,cpu         ] GC(1153) User=0.00s Sys=0.00s Real=0.00s
[424.492s][info][gc,start       ] GC(1154) Pause Young (Allocation Failure)
[424.494s][info][gc,heap        ] GC(1154) PSYoungGen: 289856K(308736K)->64K(310272K) Eden: 289792K(289792K)->0K(289792K) From: 64K(18944K)->64K(20480K)
[424.494s][info][gc,heap        ] GC(1154) ParOldGen: 356645K(356864K)->356645K(356864K)
[424.494s][info][gc,metaspace   ] GC(1154) Metaspace: 35437K(36096K)->35437K(36096K) NonClass: 29166K(29632K)->29166K(29632K) Class: 6271K(6464K)->6271K(6464K)
[424.494s][info][gc             ] GC(1154) Pause Young (Allocation Failure) 631M->348M(651M) 1.443ms
[424.494s][info][gc,cpu         ] GC(1154) User=0.00s Sys=0.00s Real=0.00s
[424.546s][info][gc,start       ] GC(1155) Pause Young (Allocation Failure)
[424.547s][info][gc,heap        ] GC(1155) PSYoungGen: 289856K(310272K)->32K(310784K) Eden: 289792K(289792K)->0K(293888K) From: 64K(20480K)->32K(16896K)
[424.547s][info][gc,heap        ] GC(1155) ParOldGen: 356645K(356864K)->356661K(356864K)
[424.547s][info][gc,metaspace   ] GC(1155) Metaspace: 35437K(36096K)->35437K(36096K) NonClass: 29166K(29632K)->29166K(29632K) Class: 6271K(6464K)->6271K(6464K)
[424.547s][info][gc             ] GC(1155) Pause Young (Allocation Failure) 631M->348M(652M) 1.419ms
[424.547s][info][gc,cpu         ] GC(1155) User=0.00s Sys=0.00s Real=0.01s
[424.602s][info][gc,start       ] GC(1156) Pause Young (Allocation Failure)
[424.604s][info][gc,heap        ] GC(1156) PSYoungGen: 293920K(310784K)->64K(312320K) Eden: 293888K(293888K)->0K(293888K) From: 32K(16896K)->64K(18432K)
[424.604s][info][gc,heap        ] GC(1156) ParOldGen: 356661K(356864K)->356661K(356864K)
[424.604s][info][gc,metaspace   ] GC(1156) Metaspace: 35437K(36096K)->35437K(36096K) NonClass: 29166K(29632K)->29166K(29632K) Class: 6271K(6464K)->6271K(6464K)
[424.604s][info][gc             ] GC(1156) Pause Young (Allocation Failure) 635M->348M(653M) 1.423ms
[424.604s][info][gc,cpu         ] GC(1156) User=0.00s Sys=0.00s Real=0.00s
[424.805s][info][gc,start       ] GC(1157) Pause Young (Allocation Failure)
[424.806s][info][gc,heap        ] GC(1157) PSYoungGen: 293952K(312320K)->64K(312832K) Eden: 293888K(293888K)->0K(297984K) From: 64K(18432K)->64K(14848K)
[424.806s][info][gc,heap        ] GC(1157) ParOldGen: 356661K(356864K)->356661K(356864K)
[424.806s][info][gc,metaspace   ] GC(1157) Metaspace: 35437K(36096K)->35437K(36096K) NonClass: 29166K(29632K)->29166K(29632K) Class: 6271K(6464K)->6271K(6464K)
[424.806s][info][gc             ] GC(1157) Pause Young (Allocation Failure) 635M->348M(654M) 1.400ms
[424.806s][info][gc,cpu         ] GC(1157) User=0.00s Sys=0.00s Real=0.01s
[425.021s][info][gc,start       ] GC(1158) Pause Young (Allocation Failure)
[425.023s][info][gc,heap        ] GC(1158) PSYoungGen: 298048K(312832K)->64K(314368K) Eden: 297984K(297984K)->0K(297984K) From: 64K(14848K)->64K(16384K)
[425.023s][info][gc,heap        ] GC(1158) ParOldGen: 356661K(356864K)->356669K(356864K)
[425.023s][info][gc,metaspace   ] GC(1158) Metaspace: 35437K(36096K)->35437K(36096K) NonClass: 29166K(29632K)->29166K(29632K) Class: 6271K(6464K)->6271K(6464K)
[425.023s][info][gc             ] GC(1158) Pause Young (Allocation Failure) 639M->348M(655M) 1.452ms
[425.023s][info][gc,cpu         ] GC(1158) User=0.00s Sys=0.00s Real=0.00s
[425.125s][info][gc,start       ] GC(1159) Pause Young (Allocation Failure)
[425.127s][info][gc,heap        ] GC(1159) PSYoungGen: 298048K(314368K)->64K(314880K) Eden: 297984K(297984K)->0K(302080K) From: 64K(16384K)->64K(12800K)
[425.127s][info][gc,heap        ] GC(1159) ParOldGen: 356669K(356864K)->356677K(356864K)
[425.127s][info][gc,metaspace   ] GC(1159) Metaspace: 35437K(36096K)->35437K(36096K) NonClass: 29166K(29632K)->29166K(29632K) Class: 6271K(6464K)->6271K(6464K)
[425.127s][info][gc             ] GC(1159) Pause Young (Allocation Failure) 639M->348M(656M) 1.466ms
[425.127s][info][gc,cpu         ] GC(1159) User=0.01s Sys=0.00s Real=0.01s
[425.239s][info][gc,start       ] GC(1160) Pause Young (Allocation Failure)
[425.241s][info][gc,heap        ] GC(1160) PSYoungGen: 302144K(314880K)->64K(316416K) Eden: 302080K(302080K)->0K(302080K) From: 64K(12800K)->64K(14336K)
[425.241s][info][gc,heap        ] GC(1160) ParOldGen: 356677K(356864K)->356685K(356864K)
[425.241s][info][gc,metaspace   ] GC(1160) Metaspace: 35437K(36096K)->35437K(36096K) NonClass: 29166K(29632K)->29166K(29632K) Class: 6271K(6464K)->6271K(6464K)
[425.241s][info][gc             ] GC(1160) Pause Young (Allocation Failure) 643M->348M(657M) 1.417ms
[425.241s][info][gc,cpu         ] GC(1160) User=0.00s Sys=0.00s Real=0.00s
[425.495s][info][gc,start       ] GC(1161) Pause Young (Allocation Failure)
[425.496s][info][gc,heap        ] GC(1161) PSYoungGen: 302144K(316416K)->64K(316928K) Eden: 302080K(302080K)->0K(305664K) From: 64K(14336K)->64K(11264K)
[425.496s][info][gc,heap        ] GC(1161) ParOldGen: 356685K(356864K)->356693K(356864K)
[425.496s][info][gc,metaspace   ] GC(1161) Metaspace: 35437K(36096K)->35437K(36096K) NonClass: 29166K(29632K)->29166K(29632K) Class: 6271K(6464K)->6271K(6464K)
[425.496s][info][gc             ] GC(1161) Pause Young (Allocation Failure) 643M->348M(658M) 1.496ms
[425.496s][info][gc,cpu         ] GC(1161) User=0.00s Sys=0.00s Real=0.01s
[426.357s][info][gc,start       ] GC(1162) Pause Young (Allocation Failure)
[426.359s][info][gc,heap        ] GC(1162) PSYoungGen: 305728K(316928K)->64K(293888K) Eden: 305664K(305664K)->0K(293376K) From: 64K(11264K)->64K(512K)
[426.359s][info][gc,heap        ] GC(1162) ParOldGen: 356693K(356864K)->356701K(356864K)
[426.359s][info][gc,metaspace   ] GC(1162) Metaspace: 35437K(36096K)->35437K(36096K) NonClass: 29166K(29632K)->29166K(29632K) Class: 6271K(6464K)->6271K(6464K)
[426.359s][info][gc             ] GC(1162) Pause Young (Allocation Failure) 646M->348M(635M) 2.091ms
[426.359s][info][gc,cpu         ] GC(1162) User=0.00s Sys=0.00s Real=0.00s
[427.306s][info][gc,start       ] GC(1163) Pause Young (Allocation Failure)
[427.308s][info][gc,heap        ] GC(1163) PSYoungGen: 293440K(293888K)->64K(282112K) Eden: 293376K(293376K)->0K(281600K) From: 64K(512K)->64K(512K)
[427.308s][info][gc,heap        ] GC(1163) ParOldGen: 356701K(356864K)->356709K(356864K)
[427.308s][info][gc,metaspace   ] GC(1163) Metaspace: 35437K(36096K)->35437K(36096K) NonClass: 29166K(29632K)->29166K(29632K) Class: 6271K(6464K)->6271K(6464K)
[427.308s][info][gc             ] GC(1163) Pause Young (Allocation Failure) 634M->348M(624M) 1.993ms
[427.308s][info][gc,cpu         ] GC(1163) User=0.00s Sys=0.00s Real=0.00s
[427.708s][info][gc,start       ] GC(1164) Pause Young (Allocation Failure)
[427.710s][info][gc,heap        ] GC(1164) PSYoungGen: 281664K(282112K)->64K(281600K) Eden: 281600K(281600K)->0K(270336K) From: 64K(512K)->64K(11264K)
[427.710s][info][gc,heap        ] GC(1164) ParOldGen: 356709K(356864K)->356717K(356864K)
[427.710s][info][gc,metaspace   ] GC(1164) Metaspace: 35437K(36096K)->35437K(36096K) NonClass: 29166K(29632K)->29166K(29632K) Class: 6271K(6464K)->6271K(6464K)
[427.710s][info][gc             ] GC(1164) Pause Young (Allocation Failure) 623M->348M(623M) 1.455ms
[427.710s][info][gc,cpu         ] GC(1164) User=0.01s Sys=0.00s Real=0.00s
[428.378s][info][gc,start       ] GC(1165) Pause Young (Allocation Failure)
[428.380s][info][gc,heap        ] GC(1165) PSYoungGen: 270400K(281600K)->64K(260096K) Eden: 270336K(270336K)->0K(259584K) From: 64K(11264K)->64K(512K)
[428.380s][info][gc,heap        ] GC(1165) ParOldGen: 356717K(356864K)->356725K(356864K)
[428.380s][info][gc,metaspace   ] GC(1165) Metaspace: 35437K(36096K)->35437K(36096K) NonClass: 29166K(29632K)->29166K(29632K) Class: 6271K(6464K)->6271K(6464K)
[428.380s][info][gc             ] GC(1165) Pause Young (Allocation Failure) 612M->348M(602M) 1.927ms
[428.380s][info][gc,cpu         ] GC(1165) User=0.00s Sys=0.00s Real=0.00s
[429.005s][info][gc,start       ] GC(1166) Pause Young (Allocation Failure)
[429.007s][info][gc,heap        ] GC(1166) PSYoungGen: 259648K(260096K)->64K(259072K) Eden: 259584K(259584K)->0K(249344K) From: 64K(512K)->64K(9728K)
[429.007s][info][gc,heap        ] GC(1166) ParOldGen: 356725K(356864K)->356733K(356864K)
[429.007s][info][gc,metaspace   ] GC(1166) Metaspace: 35437K(36096K)->35437K(36096K) NonClass: 29166K(29632K)->29166K(29632K) Class: 6271K(6464K)->6271K(6464K)
[429.007s][info][gc             ] GC(1166) Pause Young (Allocation Failure) 601M->348M(601M) 1.658ms
[429.007s][info][gc,cpu         ] GC(1166) User=0.00s Sys=0.00s Real=0.01s
[429.397s][info][gc,start       ] GC(1167) Pause Young (Allocation Failure)
[429.400s][info][gc,heap        ] GC(1167) PSYoungGen: 249408K(259072K)->64K(240128K) Eden: 249344K(249344K)->0K(239616K) From: 64K(9728K)->64K(512K)
[429.400s][info][gc,heap        ] GC(1167) ParOldGen: 356733K(356864K)->356741K(356864K)
[429.400s][info][gc,metaspace   ] GC(1167) Metaspace: 35437K(36096K)->35437K(36096K) NonClass: 29166K(29632K)->29166K(29632K) Class: 6271K(6464K)->6271K(6464K)
[429.400s][info][gc             ] GC(1167) Pause Young (Allocation Failure) 591M->348M(583M) 2.721ms
[429.400s][info][gc,cpu         ] GC(1167) User=0.00s Sys=0.00s Real=0.00s
[429.468s][info][gc,start       ] GC(1168) Pause Young (Allocation Failure)
[429.469s][info][gc,heap        ] GC(1168) PSYoungGen: 239680K(240128K)->64K(238592K) Eden: 239616K(239616K)->0K(230400K) From: 64K(512K)->64K(8192K)
[429.469s][info][gc,heap        ] GC(1168) ParOldGen: 356741K(356864K)->356749K(356864K)
[429.469s][info][gc,metaspace   ] GC(1168) Metaspace: 35437K(36096K)->35437K(36096K) NonClass: 29166K(29632K)->29166K(29632K) Class: 6271K(6464K)->6271K(6464K)
[429.469s][info][gc             ] GC(1168) Pause Young (Allocation Failure) 582M->348M(581M) 1.572ms
[429.469s][info][gc,cpu         ] GC(1168) User=0.00s Sys=0.00s Real=0.00s
[429.904s][info][gc,start       ] GC(1169) Pause Young (Allocation Failure)
[429.906s][info][gc,heap        ] GC(1169) PSYoungGen: 230464K(238592K)->64K(222208K) Eden: 230400K(230400K)->0K(221696K) From: 64K(8192K)->64K(512K)
[429.906s][info][gc,heap        ] GC(1169) ParOldGen: 356749K(356864K)->356757K(356864K)
[429.906s][info][gc,metaspace   ] GC(1169) Metaspace: 35437K(36096K)->35437K(36096K) NonClass: 29166K(29632K)->29166K(29632K) Class: 6271K(6464K)->6271K(6464K)
[429.906s][info][gc             ] GC(1169) Pause Young (Allocation Failure) 573M->348M(565M) 2.095ms
[429.906s][info][gc,cpu         ] GC(1169) User=0.00s Sys=0.01s Real=0.01s
[430.220s][info][gc,start       ] GC(1170) Pause Young (Allocation Failure)
[430.222s][info][gc,heap        ] GC(1170) PSYoungGen: 221760K(222208K)->64K(220672K) Eden: 221696K(221696K)->0K(213504K) From: 64K(512K)->64K(7168K)
[430.222s][info][gc,heap        ] GC(1170) ParOldGen: 356757K(356864K)->356765K(356864K)
[430.222s][info][gc,metaspace   ] GC(1170) Metaspace: 35437K(36096K)->35437K(36096K) NonClass: 29166K(29632K)->29166K(29632K) Class: 6271K(6464K)->6271K(6464K)
[430.222s][info][gc             ] GC(1170) Pause Young (Allocation Failure) 564M->348M(564M) 1.861ms
[430.222s][info][gc,cpu         ] GC(1170) User=0.00s Sys=0.00s Real=0.00s
[430.597s][info][gc,start       ] GC(1171) Pause Young (Allocation Failure)
[430.611s][info][gc,heap        ] GC(1171) PSYoungGen: 213568K(220672K)->4064K(257536K) Eden: 213504K(213504K)->0K(253440K) From: 64K(7168K)->4064K(4096K)
[430.611s][info][gc,heap        ] GC(1171) ParOldGen: 356765K(356864K)->356773K(356864K)
[430.611s][info][gc,metaspace   ] GC(1171) Metaspace: 35437K(36096K)->35437K(36096K) NonClass: 29166K(29632K)->29166K(29632K) Class: 6271K(6464K)->6271K(6464K)
[430.611s][info][gc             ] GC(1171) Pause Young (Allocation Failure) 556M->352M(600M) 14.213ms
[430.611s][info][gc,cpu         ] GC(1171) User=0.01s Sys=0.00s Real=0.01s
[430.897s][info][gc,start       ] GC(1172) Pause Young (Allocation Failure)
[430.971s][info][gc,heap        ] GC(1172) PSYoungGen: 257504K(257536K)->7680K(273408K) Eden: 253440K(253440K)->0K(265728K) From: 4064K(4096K)->7680K(7680K)
[430.971s][info][gc,heap        ] GC(1172) ParOldGen: 356773K(356864K)->376125K(376320K)
[430.971s][info][gc,metaspace   ] GC(1172) Metaspace: 35437K(36096K)->35437K(36096K) NonClass: 29166K(29632K)->29166K(29632K) Class: 6271K(6464K)->6271K(6464K)
[430.971s][info][gc             ] GC(1172) Pause Young (Allocation Failure) 599M->374M(634M) 73.415ms
[430.971s][info][gc,cpu         ] GC(1172) User=0.09s Sys=0.01s Real=0.07s
[431.271s][info][gc,start       ] GC(1173) Pause Young (Allocation Failure)
[431.337s][info][gc,heap        ] GC(1173) PSYoungGen: 273408K(273408K)->16384K(301056K) Eden: 265728K(265728K)->0K(284672K) From: 7680K(7680K)->16384K(16384K)
[431.337s][info][gc,heap        ] GC(1173) ParOldGen: 376125K(376320K)->388789K(389120K)
[431.337s][info][gc,metaspace   ] GC(1173) Metaspace: 35437K(36096K)->35437K(36096K) NonClass: 29166K(29632K)->29166K(29632K) Class: 6271K(6464K)->6271K(6464K)
[431.337s][info][gc             ] GC(1173) Pause Young (Allocation Failure) 634M->395M(674M) 65.915ms
[431.337s][info][gc,cpu         ] GC(1173) User=0.11s Sys=0.03s Real=0.07s
[431.491s][info][gc,start       ] GC(1174) Pause Young (Allocation Failure)
[431.515s][info][gc,heap        ] GC(1174) PSYoungGen: 301056K(301056K)->9600K(309248K) Eden: 284672K(284672K)->0K(284672K) From: 16384K(16384K)->9600K(24576K)
[431.515s][info][gc,heap        ] GC(1174) ParOldGen: 388789K(389120K)->389245K(389632K)
[431.515s][info][gc,metaspace   ] GC(1174) Metaspace: 35437K(36096K)->35437K(36096K) NonClass: 29166K(29632K)->29166K(29632K) Class: 6271K(6464K)->6271K(6464K)
[431.515s][info][gc             ] GC(1174) Pause Young (Allocation Failure) 673M->389M(682M) 23.878ms
[431.515s][info][gc,cpu         ] GC(1174) User=0.04s Sys=0.01s Real=0.02s
[432.014s][info][gc,start       ] GC(1175) Pause Young (Allocation Failure)
[432.015s][info][gc,heap        ] GC(1175) PSYoungGen: 294272K(309248K)->64K(307712K) Eden: 284672K(284672K)->0K(285184K) From: 9600K(24576K)->64K(22528K)
[432.015s][info][gc,heap        ] GC(1175) ParOldGen: 389245K(389632K)->389253K(389632K)
[432.015s][info][gc,metaspace   ] GC(1175) Metaspace: 35437K(36096K)->35437K(36096K) NonClass: 29166K(29632K)->29166K(29632K) Class: 6271K(6464K)->6271K(6464K)
[432.015s][info][gc             ] GC(1175) Pause Young (Allocation Failure) 667M->380M(681M) 1.576ms
[432.015s][info][gc,cpu         ] GC(1175) User=0.00s Sys=0.00s Real=0.00s
[432.566s][info][gc,start       ] GC(1176) Pause Young (Allocation Failure)
[432.568s][info][gc,heap        ] GC(1176) PSYoungGen: 285248K(307712K)->64K(308736K) Eden: 285184K(285184K)->0K(285184K) From: 64K(22528K)->64K(23552K)
[432.568s][info][gc,heap        ] GC(1176) ParOldGen: 389253K(389632K)->389261K(389632K)
[432.568s][info][gc,metaspace   ] GC(1176) Metaspace: 35437K(36096K)->35437K(36096K) NonClass: 29166K(29632K)->29166K(29632K) Class: 6271K(6464K)->6271K(6464K)
[432.568s][info][gc             ] GC(1176) Pause Young (Allocation Failure) 658M->380M(682M) 1.541ms
[432.568s][info][gc,cpu         ] GC(1176) User=0.00s Sys=0.00s Real=0.00s
[432.992s][info][gc,start       ] GC(1177) Pause Young (Allocation Failure)
[432.993s][info][gc,heap        ] GC(1177) PSYoungGen: 285248K(308736K)->64K(309248K) Eden: 285184K(285184K)->0K(287744K) From: 64K(23552K)->64K(21504K)
[432.993s][info][gc,heap        ] GC(1177) ParOldGen: 389261K(389632K)->389277K(389632K)
[432.993s][info][gc,metaspace   ] GC(1177) Metaspace: 35437K(36096K)->35437K(36096K) NonClass: 29166K(29632K)->29166K(29632K) Class: 6271K(6464K)->6271K(6464K)
[432.993s][info][gc             ] GC(1177) Pause Young (Allocation Failure) 658M->380M(682M) 1.679ms
[432.993s][info][gc,cpu         ] GC(1177) User=0.01s Sys=0.00s Real=0.00s
[433.221s][info][gc,start       ] GC(1178) Pause Young (Allocation Failure)
[433.223s][info][gc,heap        ] GC(1178) PSYoungGen: 287808K(309248K)->32K(309760K) Eden: 287744K(287744K)->0K(287744K) From: 64K(21504K)->32K(22016K)
[433.223s][info][gc,heap        ] GC(1178) ParOldGen: 389277K(389632K)->389293K(389632K)
[433.223s][info][gc,metaspace   ] GC(1178) Metaspace: 35437K(36096K)->35437K(36096K) NonClass: 29166K(29632K)->29166K(29632K) Class: 6271K(6464K)->6271K(6464K)
[433.223s][info][gc             ] GC(1178) Pause Young (Allocation Failure) 661M->380M(683M) 1.517ms
[433.223s][info][gc,cpu         ] GC(1178) User=0.01s Sys=0.00s Real=0.00s
[433.450s][info][gc,start       ] GC(1179) Pause Young (Allocation Failure)
[433.452s][info][gc,heap        ] GC(1179) PSYoungGen: 287776K(309760K)->64K(310272K) Eden: 287744K(287744K)->0K(290816K) From: 32K(22016K)->64K(19456K)
[433.452s][info][gc,heap        ] GC(1179) ParOldGen: 389293K(389632K)->389293K(389632K)
[433.452s][info][gc,metaspace   ] GC(1179) Metaspace: 35437K(36096K)->35437K(36096K) NonClass: 29166K(29632K)->29166K(29632K) Class: 6271K(6464K)->6271K(6464K)
[433.452s][info][gc             ] GC(1179) Pause Young (Allocation Failure) 661M->380M(683M) 1.595ms
[433.452s][info][gc,cpu         ] GC(1179) User=0.00s Sys=0.00s Real=0.00s
[433.811s][info][gc,start       ] GC(1180) Pause Young (Allocation Failure)
[433.813s][info][gc,heap        ] GC(1180) PSYoungGen: 290880K(310272K)->64K(310784K) Eden: 290816K(290816K)->0K(290816K) From: 64K(19456K)->64K(19968K)
[433.813s][info][gc,heap        ] GC(1180) ParOldGen: 389293K(389632K)->389293K(389632K)
[433.813s][info][gc,metaspace   ] GC(1180) Metaspace: 35437K(36096K)->35437K(36096K) NonClass: 29166K(29632K)->29166K(29632K) Class: 6271K(6464K)->6271K(6464K)
[433.813s][info][gc             ] GC(1180) Pause Young (Allocation Failure) 664M->380M(684M) 1.570ms
[433.813s][info][gc,cpu         ] GC(1180) User=0.00s Sys=0.00s Real=0.00s
[433.893s][info][gc,start       ] GC(1181) Pause Young (Allocation Failure)
[433.894s][info][gc,heap        ] GC(1181) PSYoungGen: 290880K(310784K)->64K(312320K) Eden: 290816K(290816K)->0K(294912K) From: 64K(19968K)->64K(17408K)
[433.895s][info][gc,heap        ] GC(1181) ParOldGen: 389293K(389632K)->389301K(389632K)
[433.895s][info][gc,metaspace   ] GC(1181) Metaspace: 35437K(36096K)->35437K(36096K) NonClass: 29166K(29632K)->29166K(29632K) Class: 6271K(6464K)->6271K(6464K)
[433.895s][info][gc             ] GC(1181) Pause Young (Allocation Failure) 664M->380M(685M) 1.443ms
[433.895s][info][gc,cpu         ] GC(1181) User=0.01s Sys=0.00s Real=0.00s
[433.949s][info][gc,start       ] GC(1182) Pause Young (Allocation Failure)
[433.951s][info][gc,heap        ] GC(1182) PSYoungGen: 294976K(312320K)->64K(312832K) Eden: 294912K(294912K)->0K(294912K) From: 64K(17408K)->64K(17920K)
[433.951s][info][gc,heap        ] GC(1182) ParOldGen: 389301K(389632K)->389317K(389632K)
[433.951s][info][gc,metaspace   ] GC(1182) Metaspace: 35437K(36096K)->35437K(36096K) NonClass: 29166K(29632K)->29166K(29632K) Class: 6271K(6464K)->6271K(6464K)
[433.951s][info][gc             ] GC(1182) Pause Young (Allocation Failure) 668M->380M(686M) 1.511ms
[433.951s][info][gc,cpu         ] GC(1182) User=0.00s Sys=0.00s Real=0.00s
[434.103s][info][gc,start       ] GC(1183) Pause Young (Allocation Failure)
[434.104s][info][gc,heap        ] GC(1183) PSYoungGen: 294976K(312832K)->64K(313856K) Eden: 294912K(294912K)->0K(298496K) From: 64K(17920K)->64K(15360K)
[434.104s][info][gc,heap        ] GC(1183) ParOldGen: 389317K(389632K)->389317K(389632K)
[434.104s][info][gc,metaspace   ] GC(1183) Metaspace: 35437K(36096K)->35437K(36096K) NonClass: 29166K(29632K)->29166K(29632K) Class: 6271K(6464K)->6271K(6464K)
[434.104s][info][gc             ] GC(1183) Pause Young (Allocation Failure) 668M->380M(687M) 1.479ms
[434.104s][info][gc,cpu         ] GC(1183) User=0.00s Sys=0.00s Real=0.00s
[434.321s][info][gc,start       ] GC(1184) Pause Young (Allocation Failure)
[434.322s][info][gc,heap        ] GC(1184) PSYoungGen: 298560K(313856K)->64K(314880K) Eden: 298496K(298496K)->0K(298496K) From: 64K(15360K)->64K(16384K)
[434.322s][info][gc,heap        ] GC(1184) ParOldGen: 389317K(389632K)->389325K(389632K)
[434.322s][info][gc,metaspace   ] GC(1184) Metaspace: 35437K(36096K)->35437K(36096K) NonClass: 29166K(29632K)->29166K(29632K) Class: 6271K(6464K)->6271K(6464K)
[434.322s][info][gc             ] GC(1184) Pause Young (Allocation Failure) 671M->380M(688M) 1.533ms
[434.322s][info][gc,cpu         ] GC(1184) User=0.00s Sys=0.00s Real=0.00s
[434.465s][info][gc,start       ] GC(1185) Pause Young (Allocation Failure)
[434.467s][info][gc,heap        ] GC(1185) PSYoungGen: 298560K(314880K)->64K(315392K) Eden: 298496K(298496K)->0K(302080K) From: 64K(16384K)->64K(13312K)
[434.467s][info][gc,heap        ] GC(1185) ParOldGen: 389325K(389632K)->389333K(389632K)
[434.467s][info][gc,metaspace   ] GC(1185) Metaspace: 35437K(36096K)->35437K(36096K) NonClass: 29166K(29632K)->29166K(29632K) Class: 6271K(6464K)->6271K(6464K)
[434.467s][info][gc             ] GC(1185) Pause Young (Allocation Failure) 671M->380M(688M) 1.580ms
[434.467s][info][gc,cpu         ] GC(1185) User=0.00s Sys=0.00s Real=0.01s
[434.553s][info][gc,start       ] GC(1186) Pause Young (Allocation Failure)
[434.555s][info][gc,heap        ] GC(1186) PSYoungGen: 302144K(315392K)->64K(316416K) Eden: 302080K(302080K)->0K(302080K) From: 64K(13312K)->64K(14336K)
[434.555s][info][gc,heap        ] GC(1186) ParOldGen: 389333K(389632K)->389341K(389632K)
[434.555s][info][gc,metaspace   ] GC(1186) Metaspace: 35437K(36096K)->35437K(36096K) NonClass: 29166K(29632K)->29166K(29632K) Class: 6271K(6464K)->6271K(6464K)
[434.555s][info][gc             ] GC(1186) Pause Young (Allocation Failure) 675M->380M(689M) 1.490ms
[434.555s][info][gc,cpu         ] GC(1186) User=0.01s Sys=0.00s Real=0.00s
[434.732s][info][gc,start       ] GC(1187) Pause Young (Allocation Failure)
[434.733s][info][gc,heap        ] GC(1187) PSYoungGen: 302144K(316416K)->64K(318464K) Eden: 302080K(302080K)->0K(306176K) From: 64K(14336K)->64K(12288K)
[434.733s][info][gc,heap        ] GC(1187) ParOldGen: 389341K(389632K)->389349K(389632K)
[434.733s][info][gc,metaspace   ] GC(1187) Metaspace: 35437K(36096K)->35437K(36096K) NonClass: 29166K(29632K)->29166K(29632K) Class: 6271K(6464K)->6271K(6464K)
[434.733s][info][gc             ] GC(1187) Pause Young (Allocation Failure) 675M->380M(691M) 1.623ms
[434.733s][info][gc,cpu         ] GC(1187) User=0.01s Sys=0.00s Real=0.00s
[435.710s][info][gc,start       ] GC(1188) Pause Young (Allocation Failure)
[435.712s][info][gc,heap        ] GC(1188) PSYoungGen: 306240K(318464K)->64K(318976K) Eden: 306176K(306176K)->0K(306176K) From: 64K(12288K)->64K(12800K)
[435.712s][info][gc,heap        ] GC(1188) ParOldGen: 389349K(389632K)->389357K(389632K)
[435.712s][info][gc,metaspace   ] GC(1188) Metaspace: 35437K(36096K)->35437K(36096K) NonClass: 29166K(29632K)->29166K(29632K) Class: 6271K(6464K)->6271K(6464K)
[435.712s][info][gc             ] GC(1188) Pause Young (Allocation Failure) 679M->380M(692M) 1.510ms
[435.712s][info][gc,cpu         ] GC(1188) User=0.01s Sys=0.00s Real=0.00s
[436.618s][info][gc,start       ] GC(1189) Pause Young (Allocation Failure)
[436.620s][info][gc,heap        ] GC(1189) PSYoungGen: 306240K(318976K)->64K(294400K) Eden: 306176K(306176K)->0K(293888K) From: 64K(12800K)->64K(512K)
[436.620s][info][gc,heap        ] GC(1189) ParOldGen: 389357K(389632K)->389365K(389632K)
[436.620s][info][gc,metaspace   ] GC(1189) Metaspace: 35437K(36096K)->35437K(36096K) NonClass: 29166K(29632K)->29166K(29632K) Class: 6271K(6464K)->6271K(6464K)
[436.620s][info][gc             ] GC(1189) Pause Young (Allocation Failure) 679M->380M(668M) 2.143ms
[436.620s][info][gc,cpu         ] GC(1189) User=0.00s Sys=0.00s Real=0.00s
[436.952s][info][gc,start       ] GC(1190) Pause Young (Allocation Failure)
[436.953s][info][gc,heap        ] GC(1190) PSYoungGen: 293952K(294400K)->64K(293376K) Eden: 293888K(293888K)->0K(282112K) From: 64K(512K)->64K(11264K)
[436.953s][info][gc,heap        ] GC(1190) ParOldGen: 389365K(389632K)->389373K(389632K)
[436.953s][info][gc,metaspace   ] GC(1190) Metaspace: 35437K(36096K)->35437K(36096K) NonClass: 29166K(29632K)->29166K(29632K) Class: 6271K(6464K)->6271K(6464K)
[436.953s][info][gc             ] GC(1190) Pause Young (Allocation Failure) 667M->380M(667M) 1.461ms
[436.953s][info][gc,cpu         ] GC(1190) User=0.00s Sys=0.00s Real=0.00s
[437.368s][info][gc,start       ] GC(1191) Pause Young (Allocation Failure)
[437.370s][info][gc,heap        ] GC(1191) PSYoungGen: 282176K(293376K)->64K(271360K) Eden: 282112K(282112K)->0K(270848K) From: 64K(11264K)->64K(512K)
[437.370s][info][gc,heap        ] GC(1191) ParOldGen: 389373K(389632K)->389381K(389632K)
[437.370s][info][gc,metaspace   ] GC(1191) Metaspace: 35437K(36096K)->35437K(36096K) NonClass: 29166K(29632K)->29166K(29632K) Class: 6271K(6464K)->6271K(6464K)
[437.370s][info][gc             ] GC(1191) Pause Young (Allocation Failure) 655M->380M(645M) 1.833ms
[437.370s][info][gc,cpu         ] GC(1191) User=0.01s Sys=0.00s Real=0.00s
[438.333s][info][gc,start       ] GC(1192) Pause Young (Allocation Failure)
[438.335s][info][gc,heap        ] GC(1192) PSYoungGen: 270912K(271360K)->64K(269824K) Eden: 270848K(270848K)->0K(260096K) From: 64K(512K)->64K(9728K)
[438.335s][info][gc,heap        ] GC(1192) ParOldGen: 389381K(389632K)->389389K(389632K)
[438.335s][info][gc,metaspace   ] GC(1192) Metaspace: 35437K(36096K)->35437K(36096K) NonClass: 29166K(29632K)->29166K(29632K) Class: 6271K(6464K)->6271K(6464K)
[438.335s][info][gc             ] GC(1192) Pause Young (Allocation Failure) 644M->380M(644M) 1.473ms
[438.335s][info][gc,cpu         ] GC(1192) User=0.00s Sys=0.00s Real=0.00s
[438.697s][info][gc,start       ] GC(1193) Pause Young (Allocation Failure)
[438.699s][info][gc,heap        ] GC(1193) PSYoungGen: 260160K(269824K)->64K(250368K) Eden: 260096K(260096K)->0K(249856K) From: 64K(9728K)->64K(512K)
[438.699s][info][gc,heap        ] GC(1193) ParOldGen: 389389K(389632K)->389397K(389632K)
[438.699s][info][gc,metaspace   ] GC(1193) Metaspace: 35437K(36096K)->35437K(36096K) NonClass: 29166K(29632K)->29166K(29632K) Class: 6271K(6464K)->6271K(6464K)
[438.699s][info][gc             ] GC(1193) Pause Young (Allocation Failure) 634M->380M(625M) 1.820ms
[438.699s][info][gc,cpu         ] GC(1193) User=0.00s Sys=0.00s Real=0.00s
[438.819s][info][gc,start       ] GC(1194) Pause Young (Allocation Failure)
[438.821s][info][gc,heap        ] GC(1194) PSYoungGen: 249920K(250368K)->64K(248832K) Eden: 249856K(249856K)->0K(240128K) From: 64K(512K)->64K(8704K)
[438.821s][info][gc,heap        ] GC(1194) ParOldGen: 389397K(389632K)->389405K(389632K)
[438.821s][info][gc,metaspace   ] GC(1194) Metaspace: 35437K(36096K)->35437K(36096K) NonClass: 29166K(29632K)->29166K(29632K) Class: 6271K(6464K)->6271K(6464K)
[438.821s][info][gc             ] GC(1194) Pause Young (Allocation Failure) 624M->380M(623M) 1.424ms
[438.821s][info][gc,cpu         ] GC(1194) User=0.00s Sys=0.00s Real=0.00s
[439.227s][info][gc,start       ] GC(1195) Pause Young (Allocation Failure)
[439.229s][info][gc,heap        ] GC(1195) PSYoungGen: 240192K(248832K)->64K(231424K) Eden: 240128K(240128K)->0K(230912K) From: 64K(8704K)->64K(512K)
[439.229s][info][gc,heap        ] GC(1195) ParOldGen: 389405K(389632K)->389413K(389632K)
[439.229s][info][gc,metaspace   ] GC(1195) Metaspace: 35437K(36096K)->35437K(36096K) NonClass: 29166K(29632K)->29166K(29632K) Class: 6271K(6464K)->6271K(6464K)
[439.229s][info][gc             ] GC(1195) Pause Young (Allocation Failure) 614M->380M(606M) 2.050ms
[439.229s][info][gc,cpu         ] GC(1195) User=0.00s Sys=0.00s Real=0.00s
[439.568s][info][gc,start       ] GC(1196) Pause Young (Allocation Failure)
[439.570s][info][gc,heap        ] GC(1196) PSYoungGen: 230976K(231424K)->64K(229376K) Eden: 230912K(230912K)->0K(222208K) From: 64K(512K)->64K(7168K)
[439.570s][info][gc,heap        ] GC(1196) ParOldGen: 389413K(389632K)->389421K(389632K)
[439.570s][info][gc,metaspace   ] GC(1196) Metaspace: 35437K(36096K)->35437K(36096K) NonClass: 29166K(29632K)->29166K(29632K) Class: 6271K(6464K)->6271K(6464K)
[439.570s][info][gc             ] GC(1196) Pause Young (Allocation Failure) 605M->380M(604M) 1.541ms
[439.570s][info][gc,cpu         ] GC(1196) User=0.00s Sys=0.00s Real=0.00s
[439.954s][info][gc,start       ] GC(1197) Pause Young (Allocation Failure)
[439.962s][info][gc,heap        ] GC(1197) PSYoungGen: 222272K(229376K)->4512K(218624K) Eden: 222208K(222208K)->0K(214016K) From: 64K(7168K)->4512K(4608K)
[439.962s][info][gc,heap        ] GC(1197) ParOldGen: 389421K(389632K)->389429K(389632K)
[439.962s][info][gc,metaspace   ] GC(1197) Metaspace: 35437K(36096K)->35437K(36096K) NonClass: 29166K(29632K)->29166K(29632K) Class: 6271K(6464K)->6271K(6464K)
[439.962s][info][gc             ] GC(1197) Pause Young (Allocation Failure) 597M->384M(594M) 7.798ms
[439.962s][info][gc,cpu         ] GC(1197) User=0.02s Sys=0.00s Real=0.01s
[440.202s][info][gc,start       ] GC(1198) Pause Young (Allocation Failure)
[440.248s][info][gc,heap        ] GC(1198) PSYoungGen: 218528K(218624K)->7680K(263680K) Eden: 214016K(214016K)->0K(256000K) From: 4512K(4608K)->7680K(7680K)
[440.248s][info][gc,heap        ] GC(1198) ParOldGen: 389429K(389632K)->404573K(404992K)
[440.248s][info][gc,metaspace   ] GC(1198) Metaspace: 35437K(36096K)->35437K(36096K) NonClass: 29166K(29632K)->29166K(29632K) Class: 6271K(6464K)->6271K(6464K)
[440.248s][info][gc             ] GC(1198) Pause Young (Allocation Failure) 593M->402M(653M) 45.674ms
[440.248s][info][gc,cpu         ] GC(1198) User=0.08s Sys=0.01s Real=0.05s
[440.538s][info][gc,start       ] GC(1199) Pause Young (Allocation Failure)
[440.599s][info][gc,heap        ] GC(1199) PSYoungGen: 263680K(263680K)->3584K(266240K) Eden: 256000K(256000K)->0K(262656K) From: 7680K(7680K)->3584K(3584K)
[440.599s][info][gc,heap        ] GC(1199) ParOldGen: 404573K(404992K)->428877K(429056K)
[440.599s][info][gc,metaspace   ] GC(1199) Metaspace: 35437K(36096K)->35437K(36096K) NonClass: 29166K(29632K)->29166K(29632K) Class: 6271K(6464K)->6271K(6464K)
[440.599s][info][gc             ] GC(1199) Pause Young (Allocation Failure) 652M->422M(679M) 61.716ms
[440.599s][info][gc,cpu         ] GC(1199) User=0.10s Sys=0.02s Real=0.06s
[440.783s][info][gc,start       ] GC(1200) Pause Young (Allocation Failure)
[440.813s][info][gc,heap        ] GC(1200) PSYoungGen: 266240K(266240K)->14336K(285696K) Eden: 262656K(262656K)->0K(262656K) From: 3584K(3584K)->14336K(23040K)
[440.813s][info][gc,heap        ] GC(1200) ParOldGen: 428877K(429056K)->429773K(430080K)
[440.813s][info][gc,metaspace   ] GC(1200) Metaspace: 35437K(36096K)->35437K(36096K) NonClass: 29166K(29632K)->29166K(29632K) Class: 6271K(6464K)->6271K(6464K)
[440.813s][info][gc             ] GC(1200) Pause Young (Allocation Failure) 678M->433M(699M) 29.684ms
[440.813s][info][gc,cpu         ] GC(1200) User=0.06s Sys=0.00s Real=0.03s
[441.106s][info][gc,start       ] GC(1201) Pause Young (Allocation Failure)
[441.107s][info][gc,heap        ] GC(1201) PSYoungGen: 276992K(285696K)->64K(309760K) Eden: 262656K(262656K)->0K(285184K) From: 14336K(23040K)->64K(24576K)
[441.107s][info][gc,heap        ] GC(1201) ParOldGen: 429773K(430080K)->429781K(430080K)
[441.107s][info][gc,metaspace   ] GC(1201) Metaspace: 35437K(36096K)->35437K(36096K) NonClass: 29166K(29632K)->29166K(29632K) Class: 6271K(6464K)->6271K(6464K)
[441.107s][info][gc             ] GC(1201) Pause Young (Allocation Failure) 690M->419M(722M) 1.572ms
[441.107s][info][gc,cpu         ] GC(1201) User=0.00s Sys=0.00s Real=0.01s
[441.772s][info][gc,start       ] GC(1202) Pause Young (Allocation Failure)
[441.774s][info][gc,heap        ] GC(1202) PSYoungGen: 285248K(309760K)->64K(285696K) Eden: 285184K(285184K)->0K(285184K) From: 64K(24576K)->64K(512K)
[441.774s][info][gc,heap        ] GC(1202) ParOldGen: 429781K(430080K)->429789K(430080K)
[441.774s][info][gc,metaspace   ] GC(1202) Metaspace: 35437K(36096K)->35437K(36096K) NonClass: 29166K(29632K)->29166K(29632K) Class: 6271K(6464K)->6271K(6464K)
[441.774s][info][gc             ] GC(1202) Pause Young (Allocation Failure) 698M->419M(699M) 1.585ms
[441.774s][info][gc,cpu         ] GC(1202) User=0.00s Sys=0.00s Real=0.00s
[442.236s][info][gc,start       ] GC(1203) Pause Young (Allocation Failure)
[442.238s][info][gc,heap        ] GC(1203) PSYoungGen: 285248K(285696K)->64K(309248K) Eden: 285184K(285184K)->0K(286208K) From: 64K(512K)->64K(23040K)
[442.238s][info][gc,heap        ] GC(1203) ParOldGen: 429789K(430080K)->429805K(430080K)
[442.238s][info][gc,metaspace   ] GC(1203) Metaspace: 35437K(36096K)->35437K(36096K) NonClass: 29166K(29632K)->29166K(29632K) Class: 6271K(6464K)->6271K(6464K)
[442.238s][info][gc             ] GC(1203) Pause Young (Allocation Failure) 698M->419M(722M) 1.659ms
[442.238s][info][gc,cpu         ] GC(1203) User=0.01s Sys=0.00s Real=0.00s
[442.463s][info][gc,start       ] GC(1204) Pause Young (Allocation Failure)
[442.465s][info][gc,heap        ] GC(1204) PSYoungGen: 286272K(309248K)->64K(308224K) Eden: 286208K(286208K)->0K(286208K) From: 64K(23040K)->64K(22016K)
[442.465s][info][gc,heap        ] GC(1204) ParOldGen: 429805K(430080K)->429821K(430080K)
[442.465s][info][gc,metaspace   ] GC(1204) Metaspace: 35437K(36096K)->35437K(36096K) NonClass: 29166K(29632K)->29166K(29632K) Class: 6271K(6464K)->6271K(6464K)
[442.465s][info][gc             ] GC(1204) Pause Young (Allocation Failure) 699M->419M(721M) 2.133ms
[442.465s][info][gc,cpu         ] GC(1204) User=0.00s Sys=0.00s Real=0.00s
[442.691s][info][gc,start       ] GC(1205) Pause Young (Allocation Failure)
[442.693s][info][gc,heap        ] GC(1205) PSYoungGen: 286272K(308224K)->64K(310784K) Eden: 286208K(286208K)->0K(289792K) From: 64K(22016K)->64K(20992K)
[442.693s][info][gc,heap        ] GC(1205) ParOldGen: 429821K(430080K)->429821K(430080K)
[442.693s][info][gc,metaspace   ] GC(1205) Metaspace: 35437K(36096K)->35437K(36096K) NonClass: 29166K(29632K)->29166K(29632K) Class: 6271K(6464K)->6271K(6464K)
[442.693s][info][gc             ] GC(1205) Pause Young (Allocation Failure) 699M->419M(723M) 1.637ms
[442.693s][info][gc,cpu         ] GC(1205) User=0.00s Sys=0.00s Real=0.00s
[443.037s][info][gc,start       ] GC(1206) Pause Young (Allocation Failure)
[443.039s][info][gc,heap        ] GC(1206) PSYoungGen: 289856K(310784K)->64K(310272K) Eden: 289792K(289792K)->0K(289792K) From: 64K(20992K)->64K(20480K)
[443.039s][info][gc,heap        ] GC(1206) ParOldGen: 429821K(430080K)->429821K(430080K)
[443.039s][info][gc,metaspace   ] GC(1206) Metaspace: 35437K(36096K)->35437K(36096K) NonClass: 29166K(29632K)->29166K(29632K) Class: 6271K(6464K)->6271K(6464K)
[443.039s][info][gc             ] GC(1206) Pause Young (Allocation Failure) 702M->419M(723M) 1.635ms
[443.039s][info][gc,cpu         ] GC(1206) User=0.00s Sys=0.00s Real=0.00s
[443.192s][info][gc,start       ] GC(1207) Pause Young (Allocation Failure)
[443.193s][info][gc,heap        ] GC(1207) PSYoungGen: 289856K(310272K)->64K(312320K) Eden: 289792K(289792K)->0K(293376K) From: 64K(20480K)->64K(18944K)
[443.193s][info][gc,heap        ] GC(1207) ParOldGen: 429821K(430080K)->429829K(430080K)
[443.193s][info][gc,metaspace   ] GC(1207) Metaspace: 35437K(36096K)->35437K(36096K) NonClass: 29166K(29632K)->29166K(29632K) Class: 6271K(6464K)->6271K(6464K)
[443.193s][info][gc             ] GC(1207) Pause Young (Allocation Failure) 702M->419M(725M) 1.608ms
[443.193s][info][gc,cpu         ] GC(1207) User=0.00s Sys=0.00s Real=0.00s
[443.249s][info][gc,start       ] GC(1208) Pause Young (Allocation Failure)
[443.250s][info][gc,heap        ] GC(1208) PSYoungGen: 293440K(312320K)->64K(311808K) Eden: 293376K(293376K)->0K(293376K) From: 64K(18944K)->64K(18432K)
[443.250s][info][gc,heap        ] GC(1208) ParOldGen: 429829K(430080K)->429845K(430080K)
[443.250s][info][gc,metaspace   ] GC(1208) Metaspace: 35437K(36096K)->35437K(36096K) NonClass: 29166K(29632K)->29166K(29632K) Class: 6271K(6464K)->6271K(6464K)
[443.250s][info][gc             ] GC(1208) Pause Young (Allocation Failure) 706M->419M(724M) 1.559ms
[443.250s][info][gc,cpu         ] GC(1208) User=0.01s Sys=0.00s Real=0.00s
[443.349s][info][gc,start       ] GC(1209) Pause Young (Allocation Failure)
[443.351s][info][gc,heap        ] GC(1209) PSYoungGen: 293440K(311808K)->64K(314368K) Eden: 293376K(293376K)->0K(297472K) From: 64K(18432K)->64K(16896K)
[443.351s][info][gc,heap        ] GC(1209) ParOldGen: 429845K(430080K)->429845K(430080K)
[443.351s][info][gc,metaspace   ] GC(1209) Metaspace: 35437K(36096K)->35437K(36096K) NonClass: 29166K(29632K)->29166K(29632K) Class: 6271K(6464K)->6271K(6464K)
[443.351s][info][gc             ] GC(1209) Pause Young (Allocation Failure) 706M->419M(727M) 1.592ms
[443.351s][info][gc,cpu         ] GC(1209) User=0.00s Sys=0.00s Real=0.00s
[443.569s][info][gc,start       ] GC(1210) Pause Young (Allocation Failure)
[443.570s][info][gc,heap        ] GC(1210) PSYoungGen: 297536K(314368K)->64K(313856K) Eden: 297472K(297472K)->0K(297472K) From: 64K(16896K)->64K(16384K)
[443.570s][info][gc,heap        ] GC(1210) ParOldGen: 429845K(430080K)->429861K(430080K)
[443.570s][info][gc,metaspace   ] GC(1210) Metaspace: 35437K(36096K)->35437K(36096K) NonClass: 29166K(29632K)->29166K(29632K) Class: 6271K(6464K)->6271K(6464K)
[443.570s][info][gc             ] GC(1210) Pause Young (Allocation Failure) 710M->419M(726M) 1.581ms
[443.570s][info][gc,cpu         ] GC(1210) User=0.00s Sys=0.00s Real=0.00s
[443.755s][info][gc,start       ] GC(1211) Pause Young (Allocation Failure)
[443.757s][info][gc,heap        ] GC(1211) PSYoungGen: 297536K(313856K)->64K(316416K) Eden: 297472K(297472K)->0K(301056K) From: 64K(16384K)->64K(15360K)
[443.757s][info][gc,heap        ] GC(1211) ParOldGen: 429861K(430080K)->429861K(430080K)
[443.757s][info][gc,metaspace   ] GC(1211) Metaspace: 35437K(36096K)->35437K(36096K) NonClass: 29166K(29632K)->29166K(29632K) Class: 6271K(6464K)->6271K(6464K)
[443.757s][info][gc             ] GC(1211) Pause Young (Allocation Failure) 710M->419M(729M) 1.644ms
[443.757s][info][gc,cpu         ] GC(1211) User=0.00s Sys=0.00s Real=0.01s
[443.841s][info][gc,start       ] GC(1212) Pause Young (Allocation Failure)
[443.842s][info][gc,heap        ] GC(1212) PSYoungGen: 301120K(316416K)->64K(315904K) Eden: 301056K(301056K)->0K(301056K) From: 64K(15360K)->64K(14848K)
[443.842s][info][gc,heap        ] GC(1212) ParOldGen: 429861K(430080K)->429877K(430080K)
[443.842s][info][gc,metaspace   ] GC(1212) Metaspace: 35437K(36096K)->35437K(36096K) NonClass: 29166K(29632K)->29166K(29632K) Class: 6271K(6464K)->6271K(6464K)
[443.842s][info][gc             ] GC(1212) Pause Young (Allocation Failure) 713M->419M(728M) 1.627ms
[443.842s][info][gc,cpu         ] GC(1212) User=0.00s Sys=0.00s Real=0.00s
[443.981s][info][gc,start       ] GC(1213) Pause Young (Allocation Failure)
[443.983s][info][gc,heap        ] GC(1213) PSYoungGen: 301120K(315904K)->64K(317952K) Eden: 301056K(301056K)->0K(304640K) From: 64K(14848K)->64K(13312K)
[443.983s][info][gc,heap        ] GC(1213) ParOldGen: 429877K(430080K)->429877K(430080K)
[443.983s][info][gc,metaspace   ] GC(1213) Metaspace: 35437K(36096K)->35437K(36096K) NonClass: 29166K(29632K)->29166K(29632K) Class: 6271K(6464K)->6271K(6464K)
[443.983s][info][gc             ] GC(1213) Pause Young (Allocation Failure) 713M->419M(730M) 1.577ms
[443.983s][info][gc,cpu         ] GC(1213) User=0.00s Sys=0.00s Real=0.00s
[444.403s][info][gc,start       ] GC(1214) Pause Young (Allocation Failure)
[444.405s][info][gc,heap        ] GC(1214) PSYoungGen: 304704K(317952K)->64K(317440K) Eden: 304640K(304640K)->0K(304640K) From: 64K(13312K)->64K(12800K)
[444.405s][info][gc,heap        ] GC(1214) ParOldGen: 429877K(430080K)->429885K(430080K)
[444.405s][info][gc,metaspace   ] GC(1214) Metaspace: 35437K(36096K)->35437K(36096K) NonClass: 29166K(29632K)->29166K(29632K) Class: 6271K(6464K)->6271K(6464K)
[444.405s][info][gc             ] GC(1214) Pause Young (Allocation Failure) 717M->419M(730M) 1.607ms
[444.405s][info][gc,cpu         ] GC(1214) User=0.00s Sys=0.00s Real=0.00s
[445.453s][info][gc,start       ] GC(1215) Pause Young (Allocation Failure)
[445.455s][info][gc,heap        ] GC(1215) PSYoungGen: 304704K(317440K)->64K(292864K) Eden: 304640K(304640K)->0K(292352K) From: 64K(12800K)->64K(512K)
[445.455s][info][gc,heap        ] GC(1215) ParOldGen: 429885K(430080K)->429893K(430080K)
[445.455s][info][gc,metaspace   ] GC(1215) Metaspace: 35437K(36096K)->35437K(36096K) NonClass: 29166K(29632K)->29166K(29632K) Class: 6271K(6464K)->6271K(6464K)
[445.455s][info][gc             ] GC(1215) Pause Young (Allocation Failure) 717M->419M(706M) 1.631ms
[445.455s][info][gc,cpu         ] GC(1215) User=0.00s Sys=0.00s Real=0.00s
[446.100s][info][gc,start       ] GC(1216) Pause Young (Allocation Failure)
[446.102s][info][gc,heap        ] GC(1216) PSYoungGen: 292416K(292864K)->64K(291840K) Eden: 292352K(292352K)->0K(280576K) From: 64K(512K)->64K(11264K)
[446.102s][info][gc,heap        ] GC(1216) ParOldGen: 429893K(430080K)->429901K(430080K)
[446.102s][info][gc,metaspace   ] GC(1216) Metaspace: 35437K(36096K)->35437K(36096K) NonClass: 29166K(29632K)->29166K(29632K) Class: 6271K(6464K)->6271K(6464K)
[446.102s][info][gc             ] GC(1216) Pause Young (Allocation Failure) 705M->419M(705M) 1.603ms
[446.102s][info][gc,cpu         ] GC(1216) User=0.00s Sys=0.00s Real=0.00s
[446.557s][info][gc,start       ] GC(1217) Pause Young (Allocation Failure)
[446.559s][info][gc,heap        ] GC(1217) PSYoungGen: 280640K(291840K)->64K(269824K) Eden: 280576K(280576K)->0K(269312K) From: 64K(11264K)->64K(512K)
[446.559s][info][gc,heap        ] GC(1217) ParOldGen: 429901K(430080K)->429909K(430080K)
[446.559s][info][gc,metaspace   ] GC(1217) Metaspace: 35437K(36096K)->35437K(36096K) NonClass: 29166K(29632K)->29166K(29632K) Class: 6271K(6464K)->6271K(6464K)
[446.559s][info][gc             ] GC(1217) Pause Young (Allocation Failure) 693M->419M(683M) 1.703ms
[446.559s][info][gc,cpu         ] GC(1217) User=0.00s Sys=0.00s Real=0.00s
[447.537s][info][gc,start       ] GC(1218) Pause Young (Allocation Failure)
[447.539s][info][gc,heap        ] GC(1218) PSYoungGen: 269376K(269824K)->64K(268288K) Eden: 269312K(269312K)->0K(258560K) From: 64K(512K)->64K(9728K)
[447.539s][info][gc,heap        ] GC(1218) ParOldGen: 429909K(430080K)->429917K(430080K)
[447.539s][info][gc,metaspace   ] GC(1218) Metaspace: 35439K(36096K)->35439K(36096K) NonClass: 29167K(29632K)->29167K(29632K) Class: 6271K(6464K)->6271K(6464K)
[447.539s][info][gc             ] GC(1218) Pause Young (Allocation Failure) 682M->419M(682M) 1.567ms
[447.539s][info][gc,cpu         ] GC(1218) User=0.01s Sys=0.00s Real=0.00s
[447.946s][info][gc,start       ] GC(1219) Pause Young (Allocation Failure)
[447.948s][info][gc,heap        ] GC(1219) PSYoungGen: 258624K(268288K)->64K(248832K) Eden: 258560K(258560K)->0K(248320K) From: 64K(9728K)->64K(512K)
[447.948s][info][gc,heap        ] GC(1219) ParOldGen: 429917K(430080K)->429925K(430080K)
[447.948s][info][gc,metaspace   ] GC(1219) Metaspace: 35439K(36096K)->35439K(36096K) NonClass: 29167K(29632K)->29167K(29632K) Class: 6271K(6464K)->6271K(6464K)
[447.948s][info][gc             ] GC(1219) Pause Young (Allocation Failure) 672M->419M(663M) 1.803ms
[447.948s][info][gc,cpu         ] GC(1219) User=0.01s Sys=0.00s Real=0.00s
[448.125s][info][gc,start       ] GC(1220) Pause Young (Allocation Failure)
[448.126s][info][gc,heap        ] GC(1220) PSYoungGen: 248384K(248832K)->64K(247296K) Eden: 248320K(248320K)->0K(238592K) From: 64K(512K)->64K(8704K)
[448.126s][info][gc,heap        ] GC(1220) ParOldGen: 429925K(430080K)->429933K(430080K)
[448.126s][info][gc,metaspace   ] GC(1220) Metaspace: 35439K(36096K)->35439K(36096K) NonClass: 29167K(29632K)->29167K(29632K) Class: 6271K(6464K)->6271K(6464K)
[448.126s][info][gc             ] GC(1220) Pause Young (Allocation Failure) 662M->419M(661M) 1.548ms
[448.126s][info][gc,cpu         ] GC(1220) User=0.00s Sys=0.00s Real=0.01s
[448.244s][info][gc,start       ] GC(1221) Pause Young (Allocation Failure)
[448.246s][info][gc,heap        ] GC(1221) PSYoungGen: 238656K(247296K)->64K(229888K) Eden: 238592K(238592K)->0K(229376K) From: 64K(8704K)->64K(512K)
[448.246s][info][gc,heap        ] GC(1221) ParOldGen: 429933K(430080K)->429941K(430080K)
[448.246s][info][gc,metaspace   ] GC(1221) Metaspace: 35439K(36096K)->35439K(36096K) NonClass: 29167K(29632K)->29167K(29632K) Class: 6271K(6464K)->6271K(6464K)
[448.246s][info][gc             ] GC(1221) Pause Young (Allocation Failure) 652M->419M(644M) 2.062ms
[448.246s][info][gc,cpu         ] GC(1221) User=0.00s Sys=0.00s Real=0.01s
[448.857s][info][gc,start       ] GC(1222) Pause Young (Allocation Failure)
[448.858s][info][gc,heap        ] GC(1222) PSYoungGen: 229440K(229888K)->64K(228352K) Eden: 229376K(229376K)->0K(220672K) From: 64K(512K)->64K(7680K)
[448.858s][info][gc,heap        ] GC(1222) ParOldGen: 429941K(430080K)->429949K(430080K)
[448.858s][info][gc,metaspace   ] GC(1222) Metaspace: 35439K(36096K)->35439K(36096K) NonClass: 29167K(29632K)->29167K(29632K) Class: 6271K(6464K)->6271K(6464K)
[448.858s][info][gc             ] GC(1222) Pause Young (Allocation Failure) 643M->419M(643M) 1.656ms
[448.858s][info][gc,cpu         ] GC(1222) User=0.00s Sys=0.00s Real=0.00s
[449.082s][info][gc,start       ] GC(1223) Pause Young (Allocation Failure)
[449.084s][info][gc,heap        ] GC(1223) PSYoungGen: 220736K(228352K)->64K(212992K) Eden: 220672K(220672K)->0K(212480K) From: 64K(7680K)->64K(512K)
[449.084s][info][gc,heap        ] GC(1223) ParOldGen: 429949K(430080K)->429957K(430080K)
[449.084s][info][gc,metaspace   ] GC(1223) Metaspace: 35439K(36096K)->35439K(36096K) NonClass: 29167K(29632K)->29167K(29632K) Class: 6271K(6464K)->6271K(6464K)
[449.084s][info][gc             ] GC(1223) Pause Young (Allocation Failure) 635M->419M(628M) 2.096ms
[449.084s][info][gc,cpu         ] GC(1223) User=0.00s Sys=0.00s Real=0.00s
[449.393s][info][gc,start       ] GC(1224) Pause Young (Allocation Failure)
[449.424s][info][gc,heap        ] GC(1224) PSYoungGen: 212544K(212992K)->6656K(260096K) Eden: 212480K(212480K)->0K(253440K) From: 64K(512K)->6656K(6656K)
[449.424s][info][gc,heap        ] GC(1224) ParOldGen: 429957K(430080K)->438093K(438272K)
[449.424s][info][gc,metaspace   ] GC(1224) Metaspace: 35439K(36096K)->35439K(36096K) NonClass: 29167K(29632K)->29167K(29632K) Class: 6271K(6464K)->6271K(6464K)
[449.424s][info][gc             ] GC(1224) Pause Young (Allocation Failure) 627M->434M(682M) 31.344ms
[449.424s][info][gc,cpu         ] GC(1224) User=0.05s Sys=0.00s Real=0.03s
[449.710s][info][gc,start       ] GC(1225) Pause Young (Allocation Failure)
[449.772s][info][gc,heap        ] GC(1225) PSYoungGen: 260096K(260096K)->6656K(267776K) Eden: 253440K(253440K)->0K(261120K) From: 6656K(6656K)->6656K(6656K)
[449.772s][info][gc,heap        ] GC(1225) ParOldGen: 438093K(438272K)->458781K(459264K)
[449.772s][info][gc,metaspace   ] GC(1225) Metaspace: 35439K(36096K)->35439K(36096K) NonClass: 29167K(29632K)->29167K(29632K) Class: 6271K(6464K)->6271K(6464K)
[449.772s][info][gc             ] GC(1225) Pause Young (Allocation Failure) 681M->454M(710M) 61.747ms
[449.772s][info][gc,cpu         ] GC(1225) User=0.10s Sys=0.03s Real=0.06s
[450.060s][info][gc,start       ] GC(1226) Pause Young (Allocation Failure)
[450.112s][info][gc,heap        ] GC(1226) PSYoungGen: 267776K(267776K)->19456K(280576K) Eden: 261120K(261120K)->0K(261120K) From: 6656K(6656K)->19456K(19456K)
[450.112s][info][gc,heap        ] GC(1226) ParOldGen: 458781K(459264K)->467221K(467456K)
[450.112s][info][gc,metaspace   ] GC(1226) Metaspace: 35439K(36096K)->35439K(36096K) NonClass: 29167K(29632K)->29167K(29632K) Class: 6271K(6464K)->6271K(6464K)
[450.112s][info][gc             ] GC(1226) Pause Young (Allocation Failure) 709M->475M(730M) 52.162ms
[450.112s][info][gc,cpu         ] GC(1226) User=0.10s Sys=0.00s Real=0.05s
[450.199s][info][gc,start       ] GC(1227) Pause Young (Allocation Failure)
[450.203s][info][gc,heap        ] GC(1227) PSYoungGen: 280576K(280576K)->64K(307712K) Eden: 261120K(261120K)->0K(281088K) From: 19456K(19456K)->64K(26624K)
[450.203s][info][gc,heap        ] GC(1227) ParOldGen: 467221K(467456K)->467517K(467968K)
[450.203s][info][gc,metaspace   ] GC(1227) Metaspace: 35439K(36096K)->35439K(36096K) NonClass: 29167K(29632K)->29167K(29632K) Class: 6271K(6464K)->6271K(6464K)
[450.203s][info][gc             ] GC(1227) Pause Young (Allocation Failure) 730M->456M(757M) 3.934ms
[450.203s][info][gc,cpu         ] GC(1227) User=0.01s Sys=0.00s Real=0.00s
[450.837s][info][gc,start       ] GC(1228) Pause Young (Allocation Failure)
[450.839s][info][gc,heap        ] GC(1228) PSYoungGen: 281152K(307712K)->64K(281600K) Eden: 281088K(281088K)->0K(281088K) From: 64K(26624K)->64K(512K)
[450.839s][info][gc,heap        ] GC(1228) ParOldGen: 467517K(467968K)->467525K(467968K)
[450.839s][info][gc,metaspace   ] GC(1228) Metaspace: 35439K(36096K)->35439K(36096K) NonClass: 29167K(29632K)->29167K(29632K) Class: 6271K(6464K)->6271K(6464K)
[450.839s][info][gc             ] GC(1228) Pause Young (Allocation Failure) 731M->456M(732M) 1.700ms
[450.839s][info][gc,cpu         ] GC(1228) User=0.00s Sys=0.00s Real=0.00s
[451.258s][info][gc,start       ] GC(1229) Pause Young (Allocation Failure)
[451.260s][info][gc,heap        ] GC(1229) PSYoungGen: 281152K(281600K)->64K(307200K) Eden: 281088K(281088K)->0K(282112K) From: 64K(512K)->64K(25088K)
[451.260s][info][gc,heap        ] GC(1229) ParOldGen: 467525K(467968K)->467533K(467968K)
[451.260s][info][gc,metaspace   ] GC(1229) Metaspace: 35439K(36096K)->35439K(36096K) NonClass: 29167K(29632K)->29167K(29632K) Class: 6271K(6464K)->6271K(6464K)
[451.260s][info][gc             ] GC(1229) Pause Young (Allocation Failure) 731M->456M(757M) 1.826ms
[451.260s][info][gc,cpu         ] GC(1229) User=0.01s Sys=0.00s Real=0.00s
[451.698s][info][gc,start       ] GC(1230) Pause Young (Allocation Failure)
[451.700s][info][gc,heap        ] GC(1230) PSYoungGen: 282176K(307200K)->64K(306176K) Eden: 282112K(282112K)->0K(282112K) From: 64K(25088K)->64K(24064K)
[451.700s][info][gc,heap        ] GC(1230) ParOldGen: 467533K(467968K)->467549K(467968K)
[451.700s][info][gc,metaspace   ] GC(1230) Metaspace: 35439K(36096K)->35439K(36096K) NonClass: 29167K(29632K)->29167K(29632K) Class: 6271K(6464K)->6271K(6464K)
[451.700s][info][gc             ] GC(1230) Pause Young (Allocation Failure) 732M->456M(756M) 1.800ms
[451.700s][info][gc,cpu         ] GC(1230) User=0.01s Sys=0.00s Real=0.00s
[451.923s][info][gc,start       ] GC(1231) Pause Young (Allocation Failure)
[451.924s][info][gc,heap        ] GC(1231) PSYoungGen: 282176K(306176K)->64K(308736K) Eden: 282112K(282112K)->0K(285696K) From: 64K(24064K)->64K(23040K)
[451.924s][info][gc,heap        ] GC(1231) ParOldGen: 467549K(467968K)->467565K(467968K)
[451.924s][info][gc,metaspace   ] GC(1231) Metaspace: 35439K(36096K)->35439K(36096K) NonClass: 29167K(29632K)->29167K(29632K) Class: 6271K(6464K)->6271K(6464K)
[451.924s][info][gc             ] GC(1231) Pause Young (Allocation Failure) 732M->456M(758M) 1.705ms
[451.924s][info][gc,cpu         ] GC(1231) User=0.00s Sys=0.00s Real=0.00s
[452.151s][info][gc,start       ] GC(1232) Pause Young (Allocation Failure)
[452.152s][info][gc,heap        ] GC(1232) PSYoungGen: 285760K(308736K)->64K(307712K) Eden: 285696K(285696K)->0K(285696K) From: 64K(23040K)->64K(22016K)
[452.152s][info][gc,heap        ] GC(1232) ParOldGen: 467565K(467968K)->467565K(467968K)
[452.152s][info][gc,metaspace   ] GC(1232) Metaspace: 35439K(36096K)->35439K(36096K) NonClass: 29167K(29632K)->29167K(29632K) Class: 6271K(6464K)->6271K(6464K)
[452.152s][info][gc             ] GC(1232) Pause Young (Allocation Failure) 735M->456M(757M) 1.623ms
[452.152s][info][gc,cpu         ] GC(1232) User=0.01s Sys=0.00s Real=0.00s
[452.506s][info][gc,start       ] GC(1233) Pause Young (Allocation Failure)
[452.507s][info][gc,heap        ] GC(1233) PSYoungGen: 285760K(307712K)->64K(310784K) Eden: 285696K(285696K)->0K(289792K) From: 64K(22016K)->64K(20992K)
[452.507s][info][gc,heap        ] GC(1233) ParOldGen: 467565K(467968K)->467565K(467968K)
[452.507s][info][gc,metaspace   ] GC(1233) Metaspace: 35439K(36096K)->35439K(36096K) NonClass: 29167K(29632K)->29167K(29632K) Class: 6271K(6464K)->6271K(6464K)
[452.508s][info][gc             ] GC(1233) Pause Young (Allocation Failure) 735M->456M(760M) 1.638ms
[452.508s][info][gc,cpu         ] GC(1233) User=0.00s Sys=0.00s Real=0.00s
[452.562s][info][gc,start       ] GC(1234) Pause Young (Allocation Failure)
[452.563s][info][gc,heap        ] GC(1234) PSYoungGen: 289856K(310784K)->64K(309760K) Eden: 289792K(289792K)->0K(289792K) From: 64K(20992K)->64K(19968K)
[452.563s][info][gc,heap        ] GC(1234) ParOldGen: 467565K(467968K)->467581K(467968K)
[452.563s][info][gc,metaspace   ] GC(1234) Metaspace: 35439K(36096K)->35439K(36096K) NonClass: 29167K(29632K)->29167K(29632K) Class: 6271K(6464K)->6271K(6464K)
[452.563s][info][gc             ] GC(1234) Pause Young (Allocation Failure) 739M->456M(759M) 1.600ms
[452.563s][info][gc,cpu         ] GC(1234) User=0.01s Sys=0.00s Real=0.00s
[452.616s][info][gc,start       ] GC(1235) Pause Young (Allocation Failure)
[452.617s][info][gc,heap        ] GC(1235) PSYoungGen: 289856K(309760K)->64K(312832K) Eden: 289792K(289792K)->0K(293888K) From: 64K(19968K)->64K(18944K)
[452.617s][info][gc,heap        ] GC(1235) ParOldGen: 467581K(467968K)->467581K(467968K)
[452.617s][info][gc,metaspace   ] GC(1235) Metaspace: 35439K(36096K)->35439K(36096K) NonClass: 29167K(29632K)->29167K(29632K) Class: 6271K(6464K)->6271K(6464K)
[452.617s][info][gc             ] GC(1235) Pause Young (Allocation Failure) 739M->456M(762M) 1.602ms
[452.617s][info][gc,cpu         ] GC(1235) User=0.00s Sys=0.00s Real=0.00s
[452.794s][info][gc,start       ] GC(1236) Pause Young (Allocation Failure)
[452.796s][info][gc,heap        ] GC(1236) PSYoungGen: 293952K(312832K)->64K(311808K) Eden: 293888K(293888K)->0K(293888K) From: 64K(18944K)->64K(17920K)
[452.796s][info][gc,heap        ] GC(1236) ParOldGen: 467581K(467968K)->467581K(467968K)
[452.796s][info][gc,metaspace   ] GC(1236) Metaspace: 35439K(36096K)->35439K(36096K) NonClass: 29167K(29632K)->29167K(29632K) Class: 6271K(6464K)->6271K(6464K)
[452.796s][info][gc             ] GC(1236) Pause Young (Allocation Failure) 743M->456M(761M) 1.670ms
[452.796s][info][gc,cpu         ] GC(1236) User=0.01s Sys=0.00s Real=0.01s
[453.006s][info][gc,start       ] GC(1237) Pause Young (Allocation Failure)
[453.008s][info][gc,heap        ] GC(1237) PSYoungGen: 293952K(311808K)->64K(314880K) Eden: 293888K(293888K)->0K(297984K) From: 64K(17920K)->64K(16896K)
[453.008s][info][gc,heap        ] GC(1237) ParOldGen: 467581K(467968K)->467589K(467968K)
[453.008s][info][gc,metaspace   ] GC(1237) Metaspace: 35439K(36096K)->35439K(36096K) NonClass: 29167K(29632K)->29167K(29632K) Class: 6271K(6464K)->6271K(6464K)
[453.008s][info][gc             ] GC(1237) Pause Young (Allocation Failure) 743M->456M(764M) 1.723ms
[453.008s][info][gc,cpu         ] GC(1237) User=0.00s Sys=0.00s Real=0.00s
[453.138s][info][gc,start       ] GC(1238) Pause Young (Allocation Failure)
[453.139s][info][gc,heap        ] GC(1238) PSYoungGen: 298048K(314880K)->64K(313856K) Eden: 297984K(297984K)->0K(297984K) From: 64K(16896K)->64K(15872K)
[453.139s][info][gc,heap        ] GC(1238) ParOldGen: 467589K(467968K)->467597K(467968K)
[453.139s][info][gc,metaspace   ] GC(1238) Metaspace: 35439K(36096K)->35439K(36096K) NonClass: 29167K(29632K)->29167K(29632K) Class: 6271K(6464K)->6271K(6464K)
[453.139s][info][gc             ] GC(1238) Pause Young (Allocation Failure) 747M->456M(763M) 1.674ms
[453.139s][info][gc,cpu         ] GC(1238) User=0.01s Sys=0.00s Real=0.00s
[453.230s][info][gc,start       ] GC(1239) Pause Young (Allocation Failure)
[453.231s][info][gc,heap        ] GC(1239) PSYoungGen: 298048K(313856K)->64K(316928K) Eden: 297984K(297984K)->0K(302080K) From: 64K(15872K)->64K(14848K)
[453.231s][info][gc,heap        ] GC(1239) ParOldGen: 467597K(467968K)->467605K(467968K)
[453.231s][info][gc,metaspace   ] GC(1239) Metaspace: 35439K(36096K)->35439K(36096K) NonClass: 29167K(29632K)->29167K(29632K) Class: 6271K(6464K)->6271K(6464K)
[453.231s][info][gc             ] GC(1239) Pause Young (Allocation Failure) 747M->456M(766M) 1.654ms
[453.231s][info][gc,cpu         ] GC(1239) User=0.00s Sys=0.00s Real=0.00s
[453.411s][info][gc,start       ] GC(1240) Pause Young (Allocation Failure)
[453.412s][info][gc,heap        ] GC(1240) PSYoungGen: 302144K(316928K)->64K(315904K) Eden: 302080K(302080K)->0K(302080K) From: 64K(14848K)->64K(13824K)
[453.413s][info][gc,heap        ] GC(1240) ParOldGen: 467605K(467968K)->467613K(467968K)
[453.413s][info][gc,metaspace   ] GC(1240) Metaspace: 35439K(36096K)->35439K(36096K) NonClass: 29167K(29632K)->29167K(29632K) Class: 6271K(6464K)->6271K(6464K)
[453.413s][info][gc             ] GC(1240) Pause Young (Allocation Failure) 751M->456M(765M) 1.662ms
[453.413s][info][gc,cpu         ] GC(1240) User=0.00s Sys=0.00s Real=0.00s
[454.377s][info][gc,start       ] GC(1241) Pause Young (Allocation Failure)
[454.379s][info][gc,heap        ] GC(1241) PSYoungGen: 302144K(315904K)->64K(318464K) Eden: 302080K(302080K)->0K(305664K) From: 64K(13824K)->64K(12800K)
[454.379s][info][gc,heap        ] GC(1241) ParOldGen: 467613K(467968K)->467621K(467968K)
[454.379s][info][gc,metaspace   ] GC(1241) Metaspace: 35439K(36096K)->35439K(36096K) NonClass: 29167K(29632K)->29167K(29632K) Class: 6271K(6464K)->6271K(6464K)
[454.379s][info][gc             ] GC(1241) Pause Young (Allocation Failure) 751M->456M(768M) 1.693ms
[454.379s][info][gc,cpu         ] GC(1241) User=0.00s Sys=0.00s Real=0.00s
[455.291s][info][gc,start       ] GC(1242) Pause Young (Allocation Failure)
[455.293s][info][gc,heap        ] GC(1242) PSYoungGen: 305728K(318464K)->64K(293888K) Eden: 305664K(305664K)->0K(293376K) From: 64K(12800K)->64K(512K)
[455.293s][info][gc,heap        ] GC(1242) ParOldGen: 467621K(467968K)->467629K(467968K)
[455.293s][info][gc,metaspace   ] GC(1242) Metaspace: 35439K(36096K)->35439K(36096K) NonClass: 29167K(29632K)->29167K(29632K) Class: 6271K(6464K)->6271K(6464K)
[455.293s][info][gc             ] GC(1242) Pause Young (Allocation Failure) 755M->456M(744M) 1.724ms
[455.293s][info][gc,cpu         ] GC(1242) User=0.00s Sys=0.00s Real=0.00s
[455.668s][info][gc,start       ] GC(1243) Pause Young (Allocation Failure)
[455.670s][info][gc,heap        ] GC(1243) PSYoungGen: 293440K(293888K)->64K(282112K) Eden: 293376K(293376K)->0K(281600K) From: 64K(512K)->64K(512K)
[455.670s][info][gc,heap        ] GC(1243) ParOldGen: 467629K(467968K)->467637K(467968K)
[455.670s][info][gc,metaspace   ] GC(1243) Metaspace: 35439K(36096K)->35439K(36096K) NonClass: 29167K(29632K)->29167K(29632K) Class: 6271K(6464K)->6271K(6464K)
[455.670s][info][gc             ] GC(1243) Pause Young (Allocation Failure) 743M->456M(732M) 1.774ms
[455.670s][info][gc,cpu         ] GC(1243) User=0.01s Sys=0.00s Real=0.00s
[456.054s][info][gc,start       ] GC(1244) Pause Young (Allocation Failure)
[456.056s][info][gc,heap        ] GC(1244) PSYoungGen: 281664K(282112K)->64K(281088K) Eden: 281600K(281600K)->0K(270336K) From: 64K(512K)->64K(10752K)
[456.056s][info][gc,heap        ] GC(1244) ParOldGen: 467637K(467968K)->467645K(467968K)
[456.056s][info][gc,metaspace   ] GC(1244) Metaspace: 35439K(36096K)->35439K(36096K) NonClass: 29167K(29632K)->29167K(29632K) Class: 6271K(6464K)->6271K(6464K)
[456.056s][info][gc             ] GC(1244) Pause Young (Allocation Failure) 731M->456M(731M) 1.671ms
[456.056s][info][gc,cpu         ] GC(1244) User=0.00s Sys=0.00s Real=0.00s
[457.017s][info][gc,start       ] GC(1245) Pause Young (Allocation Failure)
[457.019s][info][gc,heap        ] GC(1245) PSYoungGen: 270400K(281088K)->64K(260096K) Eden: 270336K(270336K)->0K(259584K) From: 64K(10752K)->64K(512K)
[457.019s][info][gc,heap        ] GC(1245) ParOldGen: 467645K(467968K)->467653K(467968K)
[457.019s][info][gc,metaspace   ] GC(1245) Metaspace: 35439K(36096K)->35439K(36096K) NonClass: 29167K(29632K)->29167K(29632K) Class: 6271K(6464K)->6271K(6464K)
[457.019s][info][gc             ] GC(1245) Pause Young (Allocation Failure) 720M->456M(711M) 2.121ms
[457.019s][info][gc,cpu         ] GC(1245) User=0.00s Sys=0.00s Real=0.00s
[457.404s][info][gc,start       ] GC(1246) Pause Young (Allocation Failure)
[457.406s][info][gc,heap        ] GC(1246) PSYoungGen: 259648K(260096K)->64K(258560K) Eden: 259584K(259584K)->0K(249344K) From: 64K(512K)->64K(9216K)
[457.406s][info][gc,heap        ] GC(1246) ParOldGen: 467653K(467968K)->467661K(467968K)
[457.406s][info][gc,metaspace   ] GC(1246) Metaspace: 35439K(36096K)->35439K(36096K) NonClass: 29167K(29632K)->29167K(29632K) Class: 6271K(6464K)->6271K(6464K)
[457.406s][info][gc             ] GC(1246) Pause Young (Allocation Failure) 710M->456M(709M) 1.753ms
[457.406s][info][gc,cpu         ] GC(1246) User=0.00s Sys=0.00s Real=0.01s
[457.486s][info][gc,start       ] GC(1247) Pause Young (Allocation Failure)
[457.488s][info][gc,heap        ] GC(1247) PSYoungGen: 249408K(258560K)->64K(240128K) Eden: 249344K(249344K)->0K(239616K) From: 64K(9216K)->64K(512K)
[457.488s][info][gc,heap        ] GC(1247) ParOldGen: 467661K(467968K)->467669K(467968K)
[457.488s][info][gc,metaspace   ] GC(1247) Metaspace: 35439K(36096K)->35439K(36096K) NonClass: 29167K(29632K)->29167K(29632K) Class: 6271K(6464K)->6271K(6464K)
[457.488s][info][gc             ] GC(1247) Pause Young (Allocation Failure) 700M->456M(691M) 2.202ms
[457.488s][info][gc,cpu         ] GC(1247) User=0.00s Sys=0.00s Real=0.01s
[457.954s][info][gc,start       ] GC(1248) Pause Young (Allocation Failure)
[457.957s][info][gc,heap        ] GC(1248) PSYoungGen: 239680K(240128K)->64K(238080K) Eden: 239616K(239616K)->0K(230400K) From: 64K(512K)->64K(7680K)
[457.957s][info][gc,heap        ] GC(1248) ParOldGen: 467669K(467968K)->467685K(467968K)
[457.957s][info][gc,metaspace   ] GC(1248) Metaspace: 35439K(36096K)->35439K(36096K) NonClass: 29167K(29632K)->29167K(29632K) Class: 6271K(6464K)->6271K(6464K)
[457.957s][info][gc             ] GC(1248) Pause Young (Allocation Failure) 690M->456M(689M) 2.941ms
[457.957s][info][gc,cpu         ] GC(1248) User=0.00s Sys=0.00s Real=0.01s
[458.271s][info][gc,start       ] GC(1249) Pause Young (Allocation Failure)
[458.275s][info][gc,heap        ] GC(1249) PSYoungGen: 230464K(238080K)->64K(222208K) Eden: 230400K(230400K)->0K(221696K) From: 64K(7680K)->64K(512K)
[458.275s][info][gc,heap        ] GC(1249) ParOldGen: 467685K(467968K)->467701K(467968K)
[458.275s][info][gc,metaspace   ] GC(1249) Metaspace: 35439K(36096K)->35439K(36096K) NonClass: 29167K(29632K)->29167K(29632K) Class: 6271K(6464K)->6271K(6464K)
[458.275s][info][gc             ] GC(1249) Pause Young (Allocation Failure) 681M->456M(674M) 3.563ms
[458.275s][info][gc,cpu         ] GC(1249) User=0.00s Sys=0.00s Real=0.00s
[458.645s][info][gc,start       ] GC(1250) Pause Young (Allocation Failure)
[458.658s][info][gc,heap        ] GC(1250) PSYoungGen: 221760K(222208K)->6656K(269824K) Eden: 221696K(221696K)->0K(263168K) From: 64K(512K)->6656K(6656K)
[458.658s][info][gc,heap        ] GC(1250) ParOldGen: 467701K(467968K)->468133K(468480K)
[458.659s][info][gc,metaspace   ] GC(1250) Metaspace: 35439K(36096K)->35439K(36096K) NonClass: 29167K(29632K)->29167K(29632K) Class: 6271K(6464K)->6271K(6464K)
[458.659s][info][gc             ] GC(1250) Pause Young (Allocation Failure) 673M->463M(721M) 13.472ms
[458.659s][info][gc,cpu         ] GC(1250) User=0.03s Sys=0.00s Real=0.02s
[458.956s][info][gc,start       ] GC(1251) Pause Young (Allocation Failure)
[459.015s][info][gc,heap        ] GC(1251) PSYoungGen: 269824K(269824K)->6656K(265728K) Eden: 263168K(263168K)->0K(259072K) From: 6656K(6656K)->6656K(6656K)
[459.015s][info][gc,heap        ] GC(1251) ParOldGen: 468133K(468480K)->489565K(489984K)
[459.015s][info][gc,metaspace   ] GC(1251) Metaspace: 35439K(36096K)->35439K(36096K) NonClass: 29167K(29632K)->29167K(29632K) Class: 6271K(6464K)->6271K(6464K)
[459.015s][info][gc             ] GC(1251) Pause Young (Allocation Failure) 720M->484M(738M) 58.979ms
[459.015s][info][gc,cpu         ] GC(1251) User=0.11s Sys=0.01s Real=0.06s
[459.307s][info][gc,start       ] GC(1252) Pause Young (Allocation Failure)
[459.361s][info][gc,heap        ] GC(1252) PSYoungGen: 265728K(265728K)->17920K(276992K) Eden: 259072K(259072K)->0K(259072K) From: 6656K(6656K)->17920K(17920K)
[459.361s][info][gc,heap        ] GC(1252) ParOldGen: 489565K(489984K)->500053K(500224K)
[459.361s][info][gc,metaspace   ] GC(1252) Metaspace: 35439K(36096K)->35439K(36096K) NonClass: 29167K(29632K)->29167K(29632K) Class: 6271K(6464K)->6271K(6464K)
[459.361s][info][gc             ] GC(1252) Pause Young (Allocation Failure) 737M->505M(759M) 53.920ms
[459.361s][info][gc,cpu         ] GC(1252) User=0.10s Sys=0.01s Real=0.05s
[459.478s][info][gc,start       ] GC(1253) Pause Young (Allocation Failure)
[459.495s][info][gc,heap        ] GC(1253) PSYoungGen: 276992K(276992K)->6208K(310272K) Eden: 259072K(259072K)->0K(284672K) From: 17920K(17920K)->6208K(25600K)
[459.495s][info][gc,heap        ] GC(1253) ParOldGen: 500053K(500224K)->500421K(500736K)
[459.495s][info][gc,metaspace   ] GC(1253) Metaspace: 35439K(36096K)->35439K(36096K) NonClass: 29167K(29632K)->29167K(29632K) Class: 6271K(6464K)->6271K(6464K)
[459.495s][info][gc             ] GC(1253) Pause Young (Allocation Failure) 758M->494M(792M) 16.634ms
[459.495s][info][gc,cpu         ] GC(1253) User=0.03s Sys=0.01s Real=0.01s
[460.009s][info][gc,start       ] GC(1254) Pause Young (Allocation Failure)
[460.011s][info][gc,heap        ] GC(1254) PSYoungGen: 290880K(310272K)->64K(285184K) Eden: 284672K(284672K)->0K(284672K) From: 6208K(25600K)->64K(512K)
[460.011s][info][gc,heap        ] GC(1254) ParOldGen: 500421K(500736K)->500429K(500736K)
[460.011s][info][gc,metaspace   ] GC(1254) Metaspace: 35439K(36096K)->35439K(36096K) NonClass: 29167K(29632K)->29167K(29632K) Class: 6271K(6464K)->6271K(6464K)
[460.011s][info][gc             ] GC(1254) Pause Young (Allocation Failure) 772M->488M(767M) 1.758ms
[460.011s][info][gc,cpu         ] GC(1254) User=0.01s Sys=0.00s Real=0.00s
[460.552s][info][gc,start       ] GC(1255) Pause Young (Allocation Failure)
[460.553s][info][gc,heap        ] GC(1255) PSYoungGen: 284736K(285184K)->64K(308224K) Eden: 284672K(284672K)->0K(285184K) From: 64K(512K)->64K(23040K)
[460.553s][info][gc,heap        ] GC(1255) ParOldGen: 500429K(500736K)->500437K(500736K)
[460.553s][info][gc,metaspace   ] GC(1255) Metaspace: 35439K(36096K)->35439K(36096K) NonClass: 29167K(29632K)->29167K(29632K) Class: 6271K(6464K)->6271K(6464K)
[460.553s][info][gc             ] GC(1255) Pause Young (Allocation Failure) 766M->488M(790M) 1.858ms
[460.553s][info][gc,cpu         ] GC(1255) User=0.01s Sys=0.00s Real=0.00s
[460.984s][info][gc,start       ] GC(1256) Pause Young (Allocation Failure)
[460.986s][info][gc,heap        ] GC(1256) PSYoungGen: 285248K(308224K)->64K(307712K) Eden: 285184K(285184K)->0K(285184K) From: 64K(23040K)->64K(22528K)
[460.986s][info][gc,heap        ] GC(1256) ParOldGen: 500437K(500736K)->500453K(500736K)
[460.986s][info][gc,metaspace   ] GC(1256) Metaspace: 35439K(36096K)->35439K(36096K) NonClass: 29167K(29632K)->29167K(29632K) Class: 6271K(6464K)->6271K(6464K)
[460.986s][info][gc             ] GC(1256) Pause Young (Allocation Failure) 767M->488M(789M) 1.863ms
[460.986s][info][gc,cpu         ] GC(1256) User=0.00s Sys=0.00s Real=0.00s
[461.212s][info][gc,start       ] GC(1257) Pause Young (Allocation Failure)
[461.213s][info][gc,heap        ] GC(1257) PSYoungGen: 285248K(307712K)->64K(310272K) Eden: 285184K(285184K)->0K(289280K) From: 64K(22528K)->64K(20992K)
[461.213s][info][gc,heap        ] GC(1257) ParOldGen: 500453K(500736K)->500469K(500736K)
[461.213s][info][gc,metaspace   ] GC(1257) Metaspace: 35439K(36096K)->35439K(36096K) NonClass: 29167K(29632K)->29167K(29632K) Class: 6271K(6464K)->6271K(6464K)
[461.213s][info][gc             ] GC(1257) Pause Young (Allocation Failure) 767M->488M(792M) 1.774ms
[461.213s][info][gc,cpu         ] GC(1257) User=0.01s Sys=0.00s Real=0.00s
[461.445s][info][gc,start       ] GC(1258) Pause Young (Allocation Failure)
[461.446s][info][gc,heap        ] GC(1258) PSYoungGen: 289344K(310272K)->64K(309760K) Eden: 289280K(289280K)->0K(289280K) From: 64K(20992K)->64K(20480K)
[461.446s][info][gc,heap        ] GC(1258) ParOldGen: 500469K(500736K)->500469K(500736K)
[461.446s][info][gc,metaspace   ] GC(1258) Metaspace: 35439K(36096K)->35439K(36096K) NonClass: 29167K(29632K)->29167K(29632K) Class: 6271K(6464K)->6271K(6464K)
[461.446s][info][gc             ] GC(1258) Pause Young (Allocation Failure) 771M->488M(791M) 1.821ms
[461.446s][info][gc,cpu         ] GC(1258) User=0.01s Sys=0.00s Real=0.01s
[461.806s][info][gc,start       ] GC(1259) Pause Young (Allocation Failure)
[461.808s][info][gc,heap        ] GC(1259) PSYoungGen: 289344K(309760K)->64K(312320K) Eden: 289280K(289280K)->0K(293376K) From: 64K(20480K)->64K(18944K)
[461.808s][info][gc,heap        ] GC(1259) ParOldGen: 500469K(500736K)->500469K(500736K)
[461.808s][info][gc,metaspace   ] GC(1259) Metaspace: 35439K(36096K)->35439K(36096K) NonClass: 29167K(29632K)->29167K(29632K) Class: 6271K(6464K)->6271K(6464K)
[461.808s][info][gc             ] GC(1259) Pause Young (Allocation Failure) 771M->488M(794M) 1.779ms
[461.808s][info][gc,cpu         ] GC(1259) User=0.01s Sys=0.00s Real=0.00s
[461.890s][info][gc,start       ] GC(1260) Pause Young (Allocation Failure)
[461.892s][info][gc,heap        ] GC(1260) PSYoungGen: 293440K(312320K)->64K(312320K) Eden: 293376K(293376K)->0K(293376K) From: 64K(18944K)->64K(18944K)
[461.892s][info][gc,heap        ] GC(1260) ParOldGen: 500469K(500736K)->500477K(500736K)
[461.892s][info][gc,metaspace   ] GC(1260) Metaspace: 35439K(36096K)->35439K(36096K) NonClass: 29167K(29632K)->29167K(29632K) Class: 6271K(6464K)->6271K(6464K)
[461.892s][info][gc             ] GC(1260) Pause Young (Allocation Failure) 775M->488M(794M) 1.734ms
[461.892s][info][gc,cpu         ] GC(1260) User=0.00s Sys=0.00s Real=0.00s
[461.946s][info][gc,start       ] GC(1261) Pause Young (Allocation Failure)
[461.948s][info][gc,heap        ] GC(1261) PSYoungGen: 293440K(312320K)->64K(313856K) Eden: 293376K(293376K)->0K(296960K) From: 64K(18944K)->64K(16896K)
[461.948s][info][gc,heap        ] GC(1261) ParOldGen: 500477K(500736K)->500493K(500736K)
[461.948s][info][gc,metaspace   ] GC(1261) Metaspace: 35439K(36096K)->35439K(36096K) NonClass: 29167K(29632K)->29167K(29632K) Class: 6271K(6464K)->6271K(6464K)
[461.948s][info][gc             ] GC(1261) Pause Young (Allocation Failure) 775M->488M(795M) 1.761ms
[461.948s][info][gc,cpu         ] GC(1261) User=0.01s Sys=0.00s Real=0.00s
[462.108s][info][gc,start       ] GC(1262) Pause Young (Allocation Failure)
[462.109s][info][gc,heap        ] GC(1262) PSYoungGen: 297024K(313856K)->64K(313856K) Eden: 296960K(296960K)->0K(296960K) From: 64K(16896K)->64K(16896K)
[462.109s][info][gc,heap        ] GC(1262) ParOldGen: 500493K(500736K)->500493K(500736K)
[462.110s][info][gc,metaspace   ] GC(1262) Metaspace: 35439K(36096K)->35439K(36096K) NonClass: 29167K(29632K)->29167K(29632K) Class: 6271K(6464K)->6271K(6464K)
[462.110s][info][gc             ] GC(1262) Pause Young (Allocation Failure) 778M->488M(795M) 1.788ms
[462.110s][info][gc,cpu         ] GC(1262) User=0.01s Sys=0.00s Real=0.00s
[462.327s][info][gc,start       ] GC(1263) Pause Young (Allocation Failure)
[462.329s][info][gc,heap        ] GC(1263) PSYoungGen: 297024K(313856K)->64K(315904K) Eden: 296960K(296960K)->0K(301056K) From: 64K(16896K)->64K(14848K)
[462.329s][info][gc,heap        ] GC(1263) ParOldGen: 500493K(500736K)->500501K(500736K)
[462.329s][info][gc,metaspace   ] GC(1263) Metaspace: 35439K(36096K)->35439K(36096K) NonClass: 29167K(29632K)->29167K(29632K) Class: 6271K(6464K)->6271K(6464K)
[462.329s][info][gc             ] GC(1263) Pause Young (Allocation Failure) 778M->488M(797M) 1.845ms
[462.329s][info][gc,cpu         ] GC(1263) User=0.01s Sys=0.00s Real=0.00s
[462.476s][info][gc,start       ] GC(1264) Pause Young (Allocation Failure)
[462.478s][info][gc,heap        ] GC(1264) PSYoungGen: 301120K(315904K)->64K(315904K) Eden: 301056K(301056K)->0K(301056K) From: 64K(14848K)->64K(14848K)
[462.478s][info][gc,heap        ] GC(1264) ParOldGen: 500501K(500736K)->500509K(500736K)
[462.478s][info][gc,metaspace   ] GC(1264) Metaspace: 35439K(36096K)->35439K(36096K) NonClass: 29167K(29632K)->29167K(29632K) Class: 6271K(6464K)->6271K(6464K)
[462.478s][info][gc             ] GC(1264) Pause Young (Allocation Failure) 782M->488M(797M) 1.811ms
[462.478s][info][gc,cpu         ] GC(1264) User=0.00s Sys=0.00s Real=0.00s
[462.562s][info][gc,start       ] GC(1265) Pause Young (Allocation Failure)
[462.564s][info][gc,heap        ] GC(1265) PSYoungGen: 301120K(315904K)->64K(317440K) Eden: 301056K(301056K)->0K(304640K) From: 64K(14848K)->64K(12800K)
[462.564s][info][gc,heap        ] GC(1265) ParOldGen: 500509K(500736K)->500517K(500736K)
[462.564s][info][gc,metaspace   ] GC(1265) Metaspace: 35439K(36096K)->35439K(36096K) NonClass: 29167K(29632K)->29167K(29632K) Class: 6271K(6464K)->6271K(6464K)
[462.564s][info][gc             ] GC(1265) Pause Young (Allocation Failure) 782M->488M(799M) 1.795ms
[462.564s][info][gc,cpu         ] GC(1265) User=0.00s Sys=0.00s Real=0.00s
[462.744s][info][gc,start       ] GC(1266) Pause Young (Allocation Failure)
[462.745s][info][gc,heap        ] GC(1266) PSYoungGen: 304704K(317440K)->64K(317952K) Eden: 304640K(304640K)->0K(304640K) From: 64K(12800K)->64K(13312K)
[462.745s][info][gc,heap        ] GC(1266) ParOldGen: 500517K(500736K)->500525K(500736K)
[462.745s][info][gc,metaspace   ] GC(1266) Metaspace: 35439K(36096K)->35439K(36096K) NonClass: 29167K(29632K)->29167K(29632K) Class: 6271K(6464K)->6271K(6464K)
[462.745s][info][gc             ] GC(1266) Pause Young (Allocation Failure) 786M->488M(799M) 1.750ms
[462.745s][info][gc,cpu         ] GC(1266) User=0.00s Sys=0.00s Real=0.00s
[463.726s][info][gc,start       ] GC(1267) Pause Young (Allocation Failure)
[463.728s][info][gc,heap        ] GC(1267) PSYoungGen: 304704K(317952K)->83K(318464K) Eden: 304640K(304640K)->0K(307712K) From: 64K(13312K)->83K(10752K)
[463.728s][info][gc,heap        ] GC(1267) ParOldGen: 500525K(500736K)->500533K(500736K)
[463.728s][info][gc,metaspace   ] GC(1267) Metaspace: 35439K(36096K)->35439K(36096K) NonClass: 29167K(29632K)->29167K(29632K) Class: 6271K(6464K)->6271K(6464K)
[463.728s][info][gc             ] GC(1267) Pause Young (Allocation Failure) 786M->488M(800M) 1.804ms
[463.728s][info][gc,cpu         ] GC(1267) User=0.00s Sys=0.00s Real=0.00s
[464.630s][info][gc,start       ] GC(1268) Pause Young (Allocation Failure)
[464.632s][info][gc,heap        ] GC(1268) PSYoungGen: 307795K(318464K)->64K(295936K) Eden: 307712K(307712K)->0K(295424K) From: 83K(10752K)->64K(512K)
[464.632s][info][gc,heap        ] GC(1268) ParOldGen: 500533K(500736K)->500541K(500736K)
[464.632s][info][gc,metaspace   ] GC(1268) Metaspace: 35439K(36096K)->35439K(36096K) NonClass: 29167K(29632K)->29167K(29632K) Class: 6271K(6464K)->6271K(6464K)
[464.632s][info][gc             ] GC(1268) Pause Young (Allocation Failure) 789M->488M(778M) 1.789ms
[464.632s][info][gc,cpu         ] GC(1268) User=0.00s Sys=0.00s Real=0.00s
[464.985s][info][gc,start       ] GC(1269) Pause Young (Allocation Failure)
[464.987s][info][gc,heap        ] GC(1269) PSYoungGen: 295488K(295936K)->64K(284160K) Eden: 295424K(295424K)->0K(283648K) From: 64K(512K)->64K(512K)
[464.987s][info][gc,heap        ] GC(1269) ParOldGen: 500541K(500736K)->500549K(500736K)
[464.987s][info][gc,metaspace   ] GC(1269) Metaspace: 35439K(36096K)->35439K(36096K) NonClass: 29167K(29632K)->29167K(29632K) Class: 6271K(6464K)->6271K(6464K)
[464.987s][info][gc             ] GC(1269) Pause Young (Allocation Failure) 777M->488M(766M) 2.046ms
[464.987s][info][gc,cpu         ] GC(1269) User=0.00s Sys=0.00s Real=0.01s
[465.392s][info][gc,start       ] GC(1270) Pause Young (Allocation Failure)
[465.393s][info][gc,heap        ] GC(1270) PSYoungGen: 283712K(284160K)->64K(282624K) Eden: 283648K(283648K)->0K(272384K) From: 64K(512K)->64K(10240K)
[465.393s][info][gc,heap        ] GC(1270) ParOldGen: 500549K(500736K)->500557K(500736K)
[465.393s][info][gc,metaspace   ] GC(1270) Metaspace: 35439K(36096K)->35439K(36096K) NonClass: 29167K(29632K)->29167K(29632K) Class: 6271K(6464K)->6271K(6464K)
[465.393s][info][gc             ] GC(1270) Pause Young (Allocation Failure) 765M->488M(765M) 1.859ms
[465.393s][info][gc,cpu         ] GC(1270) User=0.00s Sys=0.00s Real=0.00s
[466.358s][info][gc,start       ] GC(1271) Pause Young (Allocation Failure)
[466.361s][info][gc,heap        ] GC(1271) PSYoungGen: 272448K(282624K)->64K(262144K) Eden: 272384K(272384K)->0K(261632K) From: 64K(10240K)->64K(512K)
[466.361s][info][gc,heap        ] GC(1271) ParOldGen: 500557K(500736K)->500565K(500736K)
[466.361s][info][gc,metaspace   ] GC(1271) Metaspace: 35439K(36096K)->35439K(36096K) NonClass: 29167K(29632K)->29167K(29632K) Class: 6271K(6464K)->6271K(6464K)
[466.361s][info][gc             ] GC(1271) Pause Young (Allocation Failure) 754M->488M(745M) 3.103ms
[466.361s][info][gc,cpu         ] GC(1271) User=0.00s Sys=0.00s Real=0.00s
[466.746s][info][gc,start       ] GC(1272) Pause Young (Allocation Failure)
[466.747s][info][gc,heap        ] GC(1272) PSYoungGen: 261696K(262144K)->64K(260608K) Eden: 261632K(261632K)->0K(251392K) From: 64K(512K)->64K(9216K)
[466.748s][info][gc,heap        ] GC(1272) ParOldGen: 500565K(500736K)->500573K(500736K)
[466.748s][info][gc,metaspace   ] GC(1272) Metaspace: 35439K(36096K)->35439K(36096K) NonClass: 29167K(29632K)->29167K(29632K) Class: 6271K(6464K)->6271K(6464K)
[466.748s][info][gc             ] GC(1272) Pause Young (Allocation Failure) 744M->488M(743M) 1.692ms
[466.748s][info][gc,cpu         ] GC(1272) User=0.01s Sys=0.00s Real=0.00s
[466.845s][info][gc,start       ] GC(1273) Pause Young (Allocation Failure)
[466.847s][info][gc,heap        ] GC(1273) PSYoungGen: 251456K(260608K)->64K(242176K) Eden: 251392K(251392K)->0K(241664K) From: 64K(9216K)->64K(512K)
[466.847s][info][gc,heap        ] GC(1273) ParOldGen: 500573K(500736K)->500581K(500736K)
[466.847s][info][gc,metaspace   ] GC(1273) Metaspace: 35439K(36096K)->35439K(36096K) NonClass: 29167K(29632K)->29167K(29632K) Class: 6271K(6464K)->6271K(6464K)
[466.847s][info][gc             ] GC(1273) Pause Young (Allocation Failure) 734M->488M(725M) 2.223ms
[466.847s][info][gc,cpu         ] GC(1273) User=0.01s Sys=0.00s Real=0.01s
[467.294s][info][gc,start       ] GC(1274) Pause Young (Allocation Failure)
[467.296s][info][gc,heap        ] GC(1274) PSYoungGen: 241728K(242176K)->64K(240128K) Eden: 241664K(241664K)->0K(232448K) From: 64K(512K)->64K(7680K)
[467.296s][info][gc,heap        ] GC(1274) ParOldGen: 500581K(500736K)->500589K(500736K)
[467.296s][info][gc,metaspace   ] GC(1274) Metaspace: 35439K(36096K)->35439K(36096K) NonClass: 29167K(29632K)->29167K(29632K) Class: 6271K(6464K)->6271K(6464K)
[467.296s][info][gc             ] GC(1274) Pause Young (Allocation Failure) 724M->488M(723M) 1.747ms
[467.296s][info][gc,cpu         ] GC(1274) User=0.01s Sys=0.00s Real=0.01s
[467.622s][info][gc,start       ] GC(1275) Pause Young (Allocation Failure)
[467.624s][info][gc,heap        ] GC(1275) PSYoungGen: 232512K(240128K)->64K(224256K) Eden: 232448K(232448K)->0K(223744K) From: 64K(7680K)->64K(512K)
[467.624s][info][gc,heap        ] GC(1275) ParOldGen: 500589K(500736K)->500597K(500736K)
[467.624s][info][gc,metaspace   ] GC(1275) Metaspace: 35439K(36096K)->35439K(36096K) NonClass: 29167K(29632K)->29167K(29632K) Class: 6271K(6464K)->6271K(6464K)
[467.624s][info][gc             ] GC(1275) Pause Young (Allocation Failure) 715M->488M(708M) 2.248ms
[467.624s][info][gc,cpu         ] GC(1275) User=0.00s Sys=0.00s Real=0.00s
[468.000s][info][gc,start       ] GC(1276) Pause Young (Allocation Failure)
[468.011s][info][gc,heap        ] GC(1276) PSYoungGen: 223808K(224256K)->6656K(271360K) Eden: 223744K(223744K)->0K(264704K) From: 64K(512K)->6656K(6656K)
[468.011s][info][gc,heap        ] GC(1276) ParOldGen: 500597K(500736K)->500717K(500736K)
[468.011s][info][gc,metaspace   ] GC(1276) Metaspace: 35439K(36096K)->35439K(36096K) NonClass: 29167K(29632K)->29167K(29632K) Class: 6271K(6464K)->6271K(6464K)
[468.011s][info][gc             ] GC(1276) Pause Young (Allocation Failure) 707M->495M(754M) 11.195ms
[468.011s][info][gc,cpu         ] GC(1276) User=0.02s Sys=0.00s Real=0.01s
[468.312s][info][gc,start       ] GC(1277) Pause Young (Allocation Failure)
[468.370s][info][gc,heap        ] GC(1277) PSYoungGen: 271360K(271360K)->6656K(269312K) Eden: 264704K(264704K)->0K(262656K) From: 6656K(6656K)->6656K(6656K)
[468.370s][info][gc,heap        ] GC(1277) ParOldGen: 500717K(500736K)->522301K(522752K)
[468.370s][info][gc,metaspace   ] GC(1277) Metaspace: 35439K(36096K)->35439K(36096K) NonClass: 29167K(29632K)->29167K(29632K) Class: 6271K(6464K)->6271K(6464K)
[468.370s][info][gc             ] GC(1277) Pause Young (Allocation Failure) 753M->516M(773M) 57.971ms
[468.370s][info][gc,cpu         ] GC(1277) User=0.10s Sys=0.01s Real=0.06s
[468.670s][info][gc,start       ] GC(1278) Pause Young (Allocation Failure)
[468.726s][info][gc,heap        ] GC(1278) PSYoungGen: 269312K(269312K)->17920K(280576K) Eden: 262656K(262656K)->0K(262656K) From: 6656K(6656K)->17920K(17920K)
[468.726s][info][gc,heap        ] GC(1278) ParOldGen: 522301K(522752K)->533173K(533504K)
[468.726s][info][gc,metaspace   ] GC(1278) Metaspace: 35439K(36096K)->35439K(36096K) NonClass: 29167K(29632K)->29167K(29632K) Class: 6271K(6464K)->6271K(6464K)
[468.726s][info][gc             ] GC(1278) Pause Young (Allocation Failure) 773M->538M(795M) 56.101ms
[468.727s][info][gc,cpu         ] GC(1278) User=0.10s Sys=0.01s Real=0.06s
[468.843s][info][gc,start       ] GC(1279) Pause Young (Allocation Failure)
[468.859s][info][gc,heap        ] GC(1279) PSYoungGen: 280576K(280576K)->5984K(310272K) Eden: 262656K(262656K)->0K(284672K) From: 17920K(17920K)->5984K(25600K)
[468.859s][info][gc,heap        ] GC(1279) ParOldGen: 533173K(533504K)->533557K(534016K)
[468.859s][info][gc,metaspace   ] GC(1279) Metaspace: 35439K(36096K)->35439K(36096K) NonClass: 29167K(29632K)->29167K(29632K) Class: 6271K(6464K)->6271K(6464K)
[468.859s][info][gc             ] GC(1279) Pause Young (Allocation Failure) 794M->526M(824M) 16.505ms
[468.859s][info][gc,cpu         ] GC(1279) User=0.03s Sys=0.01s Real=0.02s
[469.388s][info][gc,start       ] GC(1280) Pause Young (Allocation Failure)
[469.390s][info][gc,heap        ] GC(1280) PSYoungGen: 290656K(310272K)->64K(285184K) Eden: 284672K(284672K)->0K(284672K) From: 5984K(25600K)->64K(512K)
[469.390s][info][gc,heap        ] GC(1280) ParOldGen: 533557K(534016K)->533565K(534016K)
[469.390s][info][gc,metaspace   ] GC(1280) Metaspace: 35439K(36096K)->35439K(36096K) NonClass: 29167K(29632K)->29167K(29632K) Class: 6271K(6464K)->6271K(6464K)
[469.390s][info][gc             ] GC(1280) Pause Young (Allocation Failure) 804M->521M(800M) 1.966ms
[469.390s][info][gc,cpu         ] GC(1280) User=0.00s Sys=0.00s Real=0.00s
[469.919s][info][gc,start       ] GC(1281) Pause Young (Allocation Failure)
[469.920s][info][gc,heap        ] GC(1281) PSYoungGen: 284736K(285184K)->64K(308224K) Eden: 284672K(284672K)->0K(285184K) From: 64K(512K)->64K(23040K)
[469.920s][info][gc,heap        ] GC(1281) ParOldGen: 533565K(534016K)->533573K(534016K)
[469.920s][info][gc,metaspace   ] GC(1281) Metaspace: 35439K(36096K)->35439K(36096K) NonClass: 29167K(29632K)->29167K(29632K) Class: 6271K(6464K)->6271K(6464K)
[469.920s][info][gc             ] GC(1281) Pause Young (Allocation Failure) 799M->521M(822M) 1.838ms
[469.920s][info][gc,cpu         ] GC(1281) User=0.00s Sys=0.00s Real=0.00s
[470.346s][info][gc,start       ] GC(1282) Pause Young (Allocation Failure)
[470.348s][info][gc,heap        ] GC(1282) PSYoungGen: 285248K(308224K)->64K(307712K) Eden: 285184K(285184K)->0K(285184K) From: 64K(23040K)->64K(22528K)
[470.348s][info][gc,heap        ] GC(1282) ParOldGen: 533573K(534016K)->533589K(534016K)
[470.348s][info][gc,metaspace   ] GC(1282) Metaspace: 35439K(36096K)->35439K(36096K) NonClass: 29167K(29632K)->29167K(29632K) Class: 6271K(6464K)->6271K(6464K)
[470.348s][info][gc             ] GC(1282) Pause Young (Allocation Failure) 799M->521M(822M) 1.964ms
[470.348s][info][gc,cpu         ] GC(1282) User=0.00s Sys=0.00s Real=0.00s
[470.573s][info][gc,start       ] GC(1283) Pause Young (Allocation Failure)
[470.575s][info][gc,heap        ] GC(1283) PSYoungGen: 285248K(307712K)->64K(310272K) Eden: 285184K(285184K)->0K(289280K) From: 64K(22528K)->64K(20992K)
[470.575s][info][gc,heap        ] GC(1283) ParOldGen: 533589K(534016K)->533605K(534016K)
[470.575s][info][gc,metaspace   ] GC(1283) Metaspace: 35439K(36096K)->35439K(36096K) NonClass: 29167K(29632K)->29167K(29632K) Class: 6271K(6464K)->6271K(6464K)
[470.575s][info][gc             ] GC(1283) Pause Young (Allocation Failure) 799M->521M(824M) 1.834ms
[470.575s][info][gc,cpu         ] GC(1283) User=0.00s Sys=0.00s Real=0.00s
[470.805s][info][gc,start       ] GC(1284) Pause Young (Allocation Failure)
[470.807s][info][gc,heap        ] GC(1284) PSYoungGen: 289344K(310272K)->64K(309760K) Eden: 289280K(289280K)->0K(289280K) From: 64K(20992K)->64K(20480K)
[470.807s][info][gc,heap        ] GC(1284) ParOldGen: 533605K(534016K)->533605K(534016K)
[470.807s][info][gc,metaspace   ] GC(1284) Metaspace: 35439K(36096K)->35439K(36096K) NonClass: 29167K(29632K)->29167K(29632K) Class: 6271K(6464K)->6271K(6464K)
[470.807s][info][gc             ] GC(1284) Pause Young (Allocation Failure) 803M->521M(824M) 1.848ms
[470.807s][info][gc,cpu         ] GC(1284) User=0.01s Sys=0.00s Real=0.01s
[471.168s][info][gc,start       ] GC(1285) Pause Young (Allocation Failure)
[471.169s][info][gc,heap        ] GC(1285) PSYoungGen: 289344K(309760K)->64K(312320K) Eden: 289280K(289280K)->0K(293376K) From: 64K(20480K)->64K(18944K)
[471.169s][info][gc,heap        ] GC(1285) ParOldGen: 533605K(534016K)->533605K(534016K)
[471.169s][info][gc,metaspace   ] GC(1285) Metaspace: 35439K(36096K)->35439K(36096K) NonClass: 29167K(29632K)->29167K(29632K) Class: 6271K(6464K)->6271K(6464K)
[471.170s][info][gc             ] GC(1285) Pause Young (Allocation Failure) 803M->521M(826M) 1.851ms
[471.170s][info][gc,cpu         ] GC(1285) User=0.01s Sys=0.00s Real=0.00s
[471.246s][info][gc,start       ] GC(1286) Pause Young (Allocation Failure)
[471.248s][info][gc,heap        ] GC(1286) PSYoungGen: 293440K(312320K)->64K(312320K) Eden: 293376K(293376K)->0K(293376K) From: 64K(18944K)->64K(18944K)
[471.248s][info][gc,heap        ] GC(1286) ParOldGen: 533605K(534016K)->533613K(534016K)
[471.248s][info][gc,metaspace   ] GC(1286) Metaspace: 35439K(36096K)->35439K(36096K) NonClass: 29167K(29632K)->29167K(29632K) Class: 6271K(6464K)->6271K(6464K)
[471.248s][info][gc             ] GC(1286) Pause Young (Allocation Failure) 807M->521M(826M) 1.860ms
[471.248s][info][gc,cpu         ] GC(1286) User=0.00s Sys=0.00s Real=0.00s
[471.302s][info][gc,start       ] GC(1287) Pause Young (Allocation Failure)
[471.304s][info][gc,heap        ] GC(1287) PSYoungGen: 293440K(312320K)->64K(313856K) Eden: 293376K(293376K)->0K(296960K) From: 64K(18944K)->64K(16896K)
[471.304s][info][gc,heap        ] GC(1287) ParOldGen: 533613K(534016K)->533629K(534016K)
[471.304s][info][gc,metaspace   ] GC(1287) Metaspace: 35439K(36096K)->35439K(36096K) NonClass: 29167K(29632K)->29167K(29632K) Class: 6271K(6464K)->6271K(6464K)
[471.304s][info][gc             ] GC(1287) Pause Young (Allocation Failure) 807M->521M(828M) 1.804ms
[471.304s][info][gc,cpu         ] GC(1287) User=0.01s Sys=0.00s Real=0.00s
[471.465s][info][gc,start       ] GC(1288) Pause Young (Allocation Failure)
[471.467s][info][gc,heap        ] GC(1288) PSYoungGen: 297024K(313856K)->64K(313856K) Eden: 296960K(296960K)->0K(296960K) From: 64K(16896K)->64K(16896K)
[471.467s][info][gc,heap        ] GC(1288) ParOldGen: 533629K(534016K)->533629K(534016K)
[471.467s][info][gc,metaspace   ] GC(1288) Metaspace: 35439K(36096K)->35439K(36096K) NonClass: 29167K(29632K)->29167K(29632K) Class: 6271K(6464K)->6271K(6464K)
[471.467s][info][gc             ] GC(1288) Pause Young (Allocation Failure) 811M->521M(828M) 1.821ms
[471.467s][info][gc,cpu         ] GC(1288) User=0.00s Sys=0.00s Real=0.01s
[471.679s][info][gc,start       ] GC(1289) Pause Young (Allocation Failure)
[471.681s][info][gc,heap        ] GC(1289) PSYoungGen: 297024K(313856K)->64K(316416K) Eden: 296960K(296960K)->0K(300544K) From: 64K(16896K)->64K(15872K)
[471.681s][info][gc,heap        ] GC(1289) ParOldGen: 533629K(534016K)->533637K(534016K)
[471.681s][info][gc,metaspace   ] GC(1289) Metaspace: 35439K(36096K)->35439K(36096K) NonClass: 29167K(29632K)->29167K(29632K) Class: 6271K(6464K)->6271K(6464K)
[471.681s][info][gc             ] GC(1289) Pause Young (Allocation Failure) 811M->521M(830M) 1.807ms
[471.681s][info][gc,cpu         ] GC(1289) User=0.00s Sys=0.00s Real=0.00s
[471.823s][info][gc,start       ] GC(1290) Pause Young (Allocation Failure)
[471.825s][info][gc,heap        ] GC(1290) PSYoungGen: 300608K(316416K)->64K(315904K) Eden: 300544K(300544K)->0K(300544K) From: 64K(15872K)->64K(15360K)
[471.825s][info][gc,heap        ] GC(1290) ParOldGen: 533637K(534016K)->533645K(534016K)
[471.825s][info][gc,metaspace   ] GC(1290) Metaspace: 35439K(36096K)->35439K(36096K) NonClass: 29167K(29632K)->29167K(29632K) Class: 6271K(6464K)->6271K(6464K)
[471.825s][info][gc             ] GC(1290) Pause Young (Allocation Failure) 814M->521M(830M) 1.859ms
[471.825s][info][gc,cpu         ] GC(1290) User=0.01s Sys=0.00s Real=0.00s
[471.911s][info][gc,start       ] GC(1291) Pause Young (Allocation Failure)
[471.912s][info][gc,heap        ] GC(1291) PSYoungGen: 300608K(315904K)->64K(317440K) Eden: 300544K(300544K)->0K(303616K) From: 64K(15360K)->64K(13824K)
[471.912s][info][gc,heap        ] GC(1291) ParOldGen: 533645K(534016K)->533653K(534016K)
[471.912s][info][gc,metaspace   ] GC(1291) Metaspace: 35439K(36096K)->35439K(36096K) NonClass: 29167K(29632K)->29167K(29632K) Class: 6271K(6464K)->6271K(6464K)
[471.912s][info][gc             ] GC(1291) Pause Young (Allocation Failure) 814M->521M(831M) 1.826ms
[471.912s][info][gc,cpu         ] GC(1291) User=0.01s Sys=0.00s Real=0.00s
[472.091s][info][gc,start       ] GC(1292) Pause Young (Allocation Failure)
[472.093s][info][gc,heap        ] GC(1292) PSYoungGen: 303680K(317440K)->64K(316928K) Eden: 303616K(303616K)->0K(303616K) From: 64K(13824K)->64K(13312K)
[472.093s][info][gc,heap        ] GC(1292) ParOldGen: 533653K(534016K)->533661K(534016K)
[472.093s][info][gc,metaspace   ] GC(1292) Metaspace: 35439K(36096K)->35439K(36096K) NonClass: 29167K(29632K)->29167K(29632K) Class: 6271K(6464K)->6271K(6464K)
[472.093s][info][gc             ] GC(1292) Pause Young (Allocation Failure) 817M->521M(831M) 1.860ms
[472.093s][info][gc,cpu         ] GC(1292) User=0.01s Sys=0.00s Real=0.00s
[473.068s][info][gc,start       ] GC(1293) Pause Young (Allocation Failure)
[473.070s][info][gc,heap        ] GC(1293) PSYoungGen: 303680K(316928K)->64K(319488K) Eden: 303616K(303616K)->0K(307712K) From: 64K(13312K)->64K(11776K)
[473.070s][info][gc,heap        ] GC(1293) ParOldGen: 533661K(534016K)->533669K(534016K)
[473.070s][info][gc,metaspace   ] GC(1293) Metaspace: 35439K(36096K)->35439K(36096K) NonClass: 29167K(29632K)->29167K(29632K) Class: 6271K(6464K)->6271K(6464K)
[473.070s][info][gc             ] GC(1293) Pause Young (Allocation Failure) 817M->521M(833M) 1.894ms
[473.070s][info][gc,cpu         ] GC(1293) User=0.00s Sys=0.00s Real=0.00s
[473.973s][info][gc,start       ] GC(1294) Pause Young (Allocation Failure)
[473.975s][info][gc,heap        ] GC(1294) PSYoungGen: 307776K(319488K)->64K(319488K) Eden: 307712K(307712K)->0K(307712K) From: 64K(11776K)->64K(11776K)
[473.975s][info][gc,heap        ] GC(1294) ParOldGen: 533669K(534016K)->533677K(534016K)
[473.975s][info][gc,metaspace   ] GC(1294) Metaspace: 35439K(36096K)->35439K(36096K) NonClass: 29167K(29632K)->29167K(29632K) Class: 6271K(6464K)->6271K(6464K)
[473.975s][info][gc             ] GC(1294) Pause Young (Allocation Failure) 821M->521M(833M) 1.895ms
[473.975s][info][gc,cpu         ] GC(1294) User=0.00s Sys=0.00s Real=0.00s
[474.354s][info][gc,start       ] GC(1295) Pause Young (Allocation Failure)
[474.356s][info][gc,heap        ] GC(1295) PSYoungGen: 307776K(319488K)->64K(295936K) Eden: 307712K(307712K)->0K(295424K) From: 64K(11776K)->64K(512K)
[474.356s][info][gc,heap        ] GC(1295) ParOldGen: 533677K(534016K)->533685K(534016K)
[474.356s][info][gc,metaspace   ] GC(1295) Metaspace: 35439K(36096K)->35439K(36096K) NonClass: 29167K(29632K)->29167K(29632K) Class: 6271K(6464K)->6271K(6464K)
[474.356s][info][gc             ] GC(1295) Pause Young (Allocation Failure) 821M->521M(810M) 1.903ms
[474.356s][info][gc,cpu         ] GC(1295) User=0.00s Sys=0.00s Real=0.01s
[474.755s][info][gc,start       ] GC(1296) Pause Young (Allocation Failure)
[474.757s][info][gc,heap        ] GC(1296) PSYoungGen: 295488K(295936K)->64K(293888K) Eden: 295424K(295424K)->0K(283648K) From: 64K(512K)->64K(10240K)
[474.757s][info][gc,heap        ] GC(1296) ParOldGen: 533685K(534016K)->533693K(534016K)
[474.757s][info][gc,metaspace   ] GC(1296) Metaspace: 35439K(36096K)->35439K(36096K) NonClass: 29167K(29632K)->29167K(29632K) Class: 6271K(6464K)->6271K(6464K)
[474.757s][info][gc             ] GC(1296) Pause Young (Allocation Failure) 809M->521M(808M) 1.832ms
[474.757s][info][gc,cpu         ] GC(1296) User=0.00s Sys=0.00s Real=0.01s
[475.731s][info][gc,start       ] GC(1297) Pause Young (Allocation Failure)
[475.733s][info][gc,heap        ] GC(1297) PSYoungGen: 283712K(293888K)->64K(272896K) Eden: 283648K(283648K)->0K(272384K) From: 64K(10240K)->64K(512K)
[475.733s][info][gc,heap        ] GC(1297) ParOldGen: 533693K(534016K)->533701K(534016K)
[475.733s][info][gc,metaspace   ] GC(1297) Metaspace: 35439K(36096K)->35439K(36096K) NonClass: 29167K(29632K)->29167K(29632K) Class: 6271K(6464K)->6271K(6464K)
[475.733s][info][gc             ] GC(1297) Pause Young (Allocation Failure) 798M->521M(788M) 1.976ms
[475.733s][info][gc,cpu         ] GC(1297) User=0.00s Sys=0.01s Real=0.00s
[476.126s][info][gc,start       ] GC(1298) Pause Young (Allocation Failure)
[476.127s][info][gc,heap        ] GC(1298) PSYoungGen: 272448K(272896K)->64K(270848K) Eden: 272384K(272384K)->0K(261632K) From: 64K(512K)->64K(9216K)
[476.127s][info][gc,heap        ] GC(1298) ParOldGen: 533701K(534016K)->533709K(534016K)
[476.127s][info][gc,metaspace   ] GC(1298) Metaspace: 35439K(36096K)->35439K(36096K) NonClass: 29167K(29632K)->29167K(29632K) Class: 6271K(6464K)->6271K(6464K)
[476.127s][info][gc             ] GC(1298) Pause Young (Allocation Failure) 787M->521M(786M) 1.756ms
[476.127s][info][gc,cpu         ] GC(1298) User=0.01s Sys=0.00s Real=0.01s
[476.214s][info][gc,start       ] GC(1299) Pause Young (Allocation Failure)
[476.216s][info][gc,heap        ] GC(1299) PSYoungGen: 261696K(270848K)->64K(251904K) Eden: 261632K(261632K)->0K(251392K) From: 64K(9216K)->64K(512K)
[476.216s][info][gc,heap        ] GC(1299) ParOldGen: 533709K(534016K)->533717K(534016K)
[476.216s][info][gc,metaspace   ] GC(1299) Metaspace: 35439K(36096K)->35439K(36096K) NonClass: 29167K(29632K)->29167K(29632K) Class: 6271K(6464K)->6271K(6464K)
[476.216s][info][gc             ] GC(1299) Pause Young (Allocation Failure) 776M->521M(767M) 2.313ms
[476.216s][info][gc,cpu         ] GC(1299) User=0.01s Sys=0.00s Real=0.01s
[476.816s][info][gc,start       ] GC(1300) Pause Young (Allocation Failure)
[476.818s][info][gc,heap        ] GC(1300) PSYoungGen: 251456K(251904K)->64K(249344K) Eden: 251392K(251392K)->0K(241664K) From: 64K(512K)->64K(7680K)
[476.818s][info][gc,heap        ] GC(1300) ParOldGen: 533717K(534016K)->533725K(534016K)
[476.818s][info][gc,metaspace   ] GC(1300) Metaspace: 35439K(36096K)->35439K(36096K) NonClass: 29167K(29632K)->29167K(29632K) Class: 6271K(6464K)->6271K(6464K)
[476.818s][info][gc             ] GC(1300) Pause Young (Allocation Failure) 766M->521M(765M) 1.860ms
[476.818s][info][gc,cpu         ] GC(1300) User=0.01s Sys=0.00s Real=0.00s
[477.091s][info][gc,start       ] GC(1301) Pause Young (Allocation Failure)
[477.094s][info][gc,heap        ] GC(1301) PSYoungGen: 241728K(249344K)->64K(232960K) Eden: 241664K(241664K)->0K(232448K) From: 64K(7680K)->64K(512K)
[477.094s][info][gc,heap        ] GC(1301) ParOldGen: 533725K(534016K)->533733K(534016K)
[477.094s][info][gc,metaspace   ] GC(1301) Metaspace: 35439K(36096K)->35439K(36096K) NonClass: 29167K(29632K)->29167K(29632K) Class: 6271K(6464K)->6271K(6464K)
[477.094s][info][gc             ] GC(1301) Pause Young (Allocation Failure) 757M->521M(749M) 2.906ms
[477.094s][info][gc,cpu         ] GC(1301) User=0.00s Sys=0.00s Real=0.00s
[477.431s][info][gc,start       ] GC(1302) Pause Young (Allocation Failure)
[477.467s][info][gc,heap        ] GC(1302) PSYoungGen: 232512K(232960K)->6656K(284160K) Eden: 232448K(232448K)->0K(277504K) From: 64K(512K)->6656K(6656K)
[477.467s][info][gc,heap        ] GC(1302) ParOldGen: 533733K(534016K)->543093K(543232K)
[477.467s][info][gc,metaspace   ] GC(1302) Metaspace: 35439K(36096K)->35439K(36096K) NonClass: 29167K(29632K)->29167K(29632K) Class: 6271K(6464K)->6271K(6464K)
[477.467s][info][gc             ] GC(1302) Pause Young (Allocation Failure) 748M->536M(808M) 35.852ms
[477.467s][info][gc,cpu         ] GC(1302) User=0.05s Sys=0.00s Real=0.04s
[477.780s][info][gc,start       ] GC(1303) Pause Young (Allocation Failure)
[477.844s][info][gc,heap        ] GC(1303) PSYoungGen: 284160K(284160K)->9216K(280064K) Eden: 277504K(277504K)->0K(270848K) From: 6656K(6656K)->9216K(9216K)
[477.844s][info][gc,heap        ] GC(1303) ParOldGen: 543093K(543232K)->563821K(564224K)
[477.844s][info][gc,metaspace   ] GC(1303) Metaspace: 35439K(36096K)->35439K(36096K) NonClass: 29167K(29632K)->29167K(29632K) Class: 6271K(6464K)->6271K(6464K)
[477.844s][info][gc             ] GC(1303) Pause Young (Allocation Failure) 807M->559M(824M) 64.172ms
[477.844s][info][gc,cpu         ] GC(1303) User=0.11s Sys=0.02s Real=0.06s
[478.105s][info][gc,start       ] GC(1304) Pause Young (Allocation Failure)
[478.150s][info][gc,heap        ] GC(1304) PSYoungGen: 280064K(280064K)->20992K(291840K) Eden: 270848K(270848K)->0K(270848K) From: 9216K(9216K)->20992K(20992K)
[478.150s][info][gc,heap        ] GC(1304) ParOldGen: 563821K(564224K)->566925K(567296K)
[478.150s][info][gc,metaspace   ] GC(1304) Metaspace: 35439K(36096K)->35439K(36096K) NonClass: 29167K(29632K)->29167K(29632K) Class: 6271K(6464K)->6271K(6464K)
[478.150s][info][gc             ] GC(1304) Pause Young (Allocation Failure) 824M->574M(839M) 44.263ms
[478.150s][info][gc,cpu         ] GC(1304) User=0.09s Sys=0.00s Real=0.05s
[478.291s][info][gc,start       ] GC(1305) Pause Young (Allocation Failure)
[478.293s][info][gc,heap        ] GC(1305) PSYoungGen: 291840K(291840K)->64K(307712K) Eden: 270848K(270848K)->0K(281088K) From: 20992K(20992K)->64K(26624K)
[478.293s][info][gc,heap        ] GC(1305) ParOldGen: 566925K(567296K)->567021K(567296K)
[478.293s][info][gc,metaspace   ] GC(1305) Metaspace: 35439K(36096K)->35439K(36096K) NonClass: 29167K(29632K)->29167K(29632K) Class: 6271K(6464K)->6271K(6464K)
[478.293s][info][gc             ] GC(1305) Pause Young (Allocation Failure) 838M->553M(854M) 2.844ms
[478.293s][info][gc,cpu         ] GC(1305) User=0.00s Sys=0.00s Real=0.00s
[479.006s][info][gc,start       ] GC(1306) Pause Young (Allocation Failure)
[479.008s][info][gc,heap        ] GC(1306) PSYoungGen: 281152K(307712K)->64K(281600K) Eden: 281088K(281088K)->0K(281088K) From: 64K(26624K)->64K(512K)
[479.008s][info][gc,heap        ] GC(1306) ParOldGen: 567021K(567296K)->567037K(567296K)
[479.008s][info][gc,metaspace   ] GC(1306) Metaspace: 35439K(36096K)->35439K(36096K) NonClass: 29167K(29632K)->29167K(29632K) Class: 6271K(6464K)->6271K(6464K)
[479.008s][info][gc             ] GC(1306) Pause Young (Allocation Failure) 828M->553M(829M) 1.886ms
[479.008s][info][gc,cpu         ] GC(1306) User=0.00s Sys=0.00s Real=0.00s
[479.391s][info][gc,start       ] GC(1307) Pause Young (Allocation Failure)
[479.395s][info][gc,heap        ] GC(1307) PSYoungGen: 281152K(281600K)->160K(307200K) Eden: 281088K(281088K)->0K(282112K) From: 64K(512K)->160K(25088K)
[479.395s][info][gc,heap        ] GC(1307) ParOldGen: 567037K(567296K)->567037K(567296K)
[479.395s][info][gc,metaspace   ] GC(1307) Metaspace: 35554K(36288K)->35554K(36288K) NonClass: 29281K(29824K)->29281K(29824K) Class: 6273K(6464K)->6273K(6464K)
[479.395s][info][gc             ] GC(1307) Pause Young (Allocation Failure) 828M->553M(854M) 3.674ms
[479.395s][info][gc,cpu         ] GC(1307) User=0.00s Sys=0.00s Real=0.00s
[479.836s][info][gc,start       ] GC(1308) Pause Young (Allocation Failure)
[479.838s][info][gc,heap        ] GC(1308) PSYoungGen: 282272K(307200K)->64K(306176K) Eden: 282112K(282112K)->0K(282112K) From: 160K(25088K)->64K(24064K)
[479.838s][info][gc,heap        ] GC(1308) ParOldGen: 567037K(567296K)->567133K(567296K)
[479.838s][info][gc,metaspace   ] GC(1308) Metaspace: 35554K(36288K)->35554K(36288K) NonClass: 29281K(29824K)->29281K(29824K) Class: 6273K(6464K)->6273K(6464K)
[479.838s][info][gc             ] GC(1308) Pause Young (Allocation Failure) 829M->553M(853M) 2.145ms
[479.838s][info][gc,cpu         ] GC(1308) User=0.00s Sys=0.00s Real=0.00s
[480.061s][info][gc,start       ] GC(1309) Pause Young (Allocation Failure)
[480.063s][info][gc,heap        ] GC(1309) PSYoungGen: 282176K(306176K)->64K(308736K) Eden: 282112K(282112K)->0K(285696K) From: 64K(24064K)->64K(23040K)
[480.063s][info][gc,heap        ] GC(1309) ParOldGen: 567133K(567296K)->567149K(567296K)
[480.063s][info][gc,metaspace   ] GC(1309) Metaspace: 35554K(36288K)->35554K(36288K) NonClass: 29281K(29824K)->29281K(29824K) Class: 6273K(6464K)->6273K(6464K)
[480.063s][info][gc             ] GC(1309) Pause Young (Allocation Failure) 829M->553M(855M) 1.859ms
[480.063s][info][gc,cpu         ] GC(1309) User=0.00s Sys=0.00s Real=0.00s
[480.288s][info][gc,start       ] GC(1310) Pause Young (Allocation Failure)
[480.290s][info][gc,heap        ] GC(1310) PSYoungGen: 285760K(308736K)->64K(307712K) Eden: 285696K(285696K)->0K(285696K) From: 64K(23040K)->64K(22016K)
[480.290s][info][gc,heap        ] GC(1310) ParOldGen: 567149K(567296K)->567149K(567296K)
[480.290s][info][gc,metaspace   ] GC(1310) Metaspace: 35554K(36288K)->35554K(36288K) NonClass: 29281K(29824K)->29281K(29824K) Class: 6273K(6464K)->6273K(6464K)
[480.290s][info][gc             ] GC(1310) Pause Young (Allocation Failure) 832M->553M(854M) 1.867ms
[480.290s][info][gc,cpu         ] GC(1310) User=0.00s Sys=0.00s Real=0.00s
[480.622s][info][gc,start       ] GC(1311) Pause Young (Allocation Failure)
[480.624s][info][gc,heap        ] GC(1311) PSYoungGen: 285760K(307712K)->64K(310784K) Eden: 285696K(285696K)->0K(289792K) From: 64K(22016K)->64K(20992K)
[480.624s][info][gc,heap        ] GC(1311) ParOldGen: 567149K(567296K)->567149K(567296K)
[480.624s][info][gc,metaspace   ] GC(1311) Metaspace: 35554K(36288K)->35554K(36288K) NonClass: 29281K(29824K)->29281K(29824K) Class: 6273K(6464K)->6273K(6464K)
[480.624s][info][gc             ] GC(1311) Pause Young (Allocation Failure) 832M->553M(857M) 1.865ms
[480.624s][info][gc,cpu         ] GC(1311) User=0.01s Sys=0.00s Real=0.00s
[480.677s][info][gc,start       ] GC(1312) Pause Young (Allocation Failure)
[480.679s][info][gc,heap        ] GC(1312) PSYoungGen: 289856K(310784K)->64K(309760K) Eden: 289792K(289792K)->0K(289792K) From: 64K(20992K)->64K(19968K)
[480.679s][info][gc,heap        ] GC(1312) ParOldGen: 567149K(567296K)->567165K(567296K)
[480.679s][info][gc,metaspace   ] GC(1312) Metaspace: 35554K(36288K)->35554K(36288K) NonClass: 29281K(29824K)->29281K(29824K) Class: 6273K(6464K)->6273K(6464K)
[480.679s][info][gc             ] GC(1312) Pause Young (Allocation Failure) 836M->553M(856M) 1.863ms
[480.679s][info][gc,cpu         ] GC(1312) User=0.00s Sys=0.00s Real=0.00s
[480.731s][info][gc,start       ] GC(1313) Pause Young (Allocation Failure)
[480.732s][info][gc,heap        ] GC(1313) PSYoungGen: 289856K(309760K)->64K(312832K) Eden: 289792K(289792K)->0K(293888K) From: 64K(19968K)->64K(18944K)
[480.732s][info][gc,heap        ] GC(1313) ParOldGen: 567165K(567296K)->567165K(567296K)
[480.732s][info][gc,metaspace   ] GC(1313) Metaspace: 35554K(36288K)->35554K(36288K) NonClass: 29281K(29824K)->29281K(29824K) Class: 6273K(6464K)->6273K(6464K)
[480.732s][info][gc             ] GC(1313) Pause Young (Allocation Failure) 836M->553M(859M) 1.819ms
[480.732s][info][gc,cpu         ] GC(1313) User=0.01s Sys=0.00s Real=0.00s
[480.925s][info][gc,start       ] GC(1314) Pause Young (Allocation Failure)
[480.926s][info][gc,heap        ] GC(1314) PSYoungGen: 293952K(312832K)->64K(311808K) Eden: 293888K(293888K)->0K(293888K) From: 64K(18944K)->64K(17920K)
[480.926s][info][gc,heap        ] GC(1314) ParOldGen: 567165K(567296K)->567165K(567296K)
[480.926s][info][gc,metaspace   ] GC(1314) Metaspace: 35554K(36288K)->35554K(36288K) NonClass: 29281K(29824K)->29281K(29824K) Class: 6273K(6464K)->6273K(6464K)
[480.926s][info][gc             ] GC(1314) Pause Young (Allocation Failure) 840M->553M(858M) 1.827ms
[480.926s][info][gc,cpu         ] GC(1314) User=0.00s Sys=0.00s Real=0.01s
[481.136s][info][gc,start       ] GC(1315) Pause Young (Allocation Failure)
[481.138s][info][gc,heap        ] GC(1315) PSYoungGen: 293952K(311808K)->64K(314880K) Eden: 293888K(293888K)->0K(297984K) From: 64K(17920K)->64K(16896K)
[481.138s][info][gc,heap        ] GC(1315) ParOldGen: 567165K(567296K)->567173K(567296K)
[481.138s][info][gc,metaspace   ] GC(1315) Metaspace: 35564K(36288K)->35564K(36288K) NonClass: 29291K(29824K)->29291K(29824K) Class: 6273K(6464K)->6273K(6464K)
[481.138s][info][gc             ] GC(1315) Pause Young (Allocation Failure) 840M->553M(861M) 1.865ms
[481.138s][info][gc,cpu         ] GC(1315) User=0.01s Sys=0.00s Real=0.00s
[481.250s][info][gc,start       ] GC(1316) Pause Young (Allocation Failure)
[481.251s][info][gc,heap        ] GC(1316) PSYoungGen: 298048K(314880K)->64K(313856K) Eden: 297984K(297984K)->0K(297984K) From: 64K(16896K)->64K(15872K)
[481.251s][info][gc,heap        ] GC(1316) ParOldGen: 567173K(567296K)->567181K(567296K)
[481.251s][info][gc,metaspace   ] GC(1316) Metaspace: 35564K(36288K)->35564K(36288K) NonClass: 29291K(29824K)->29291K(29824K) Class: 6273K(6464K)->6273K(6464K)
[481.251s][info][gc             ] GC(1316) Pause Young (Allocation Failure) 844M->553M(860M) 1.880ms
[481.251s][info][gc,cpu         ] GC(1316) User=0.00s Sys=0.00s Real=0.00s
[481.352s][info][gc,start       ] GC(1317) Pause Young (Allocation Failure)
[481.353s][info][gc,heap        ] GC(1317) PSYoungGen: 298048K(313856K)->64K(316928K) Eden: 297984K(297984K)->0K(302080K) From: 64K(15872K)->64K(14848K)
[481.353s][info][gc,heap        ] GC(1317) ParOldGen: 567181K(567296K)->567189K(567296K)
[481.353s][info][gc,metaspace   ] GC(1317) Metaspace: 35564K(36288K)->35564K(36288K) NonClass: 29291K(29824K)->29291K(29824K) Class: 6273K(6464K)->6273K(6464K)
[481.354s][info][gc             ] GC(1317) Pause Young (Allocation Failure) 844M->553M(863M) 1.931ms
[481.354s][info][gc,cpu         ] GC(1317) User=0.00s Sys=0.00s Real=0.00s
[481.570s][info][gc,start       ] GC(1318) Pause Young (Allocation Failure)
[481.572s][info][gc,heap        ] GC(1318) PSYoungGen: 302144K(316928K)->64K(315904K) Eden: 302080K(302080K)->0K(302080K) From: 64K(14848K)->64K(13824K)
[481.572s][info][gc,heap        ] GC(1318) ParOldGen: 567189K(567296K)->567197K(567296K)
[481.572s][info][gc,metaspace   ] GC(1318) Metaspace: 35564K(36288K)->35564K(36288K) NonClass: 29291K(29824K)->29291K(29824K) Class: 6273K(6464K)->6273K(6464K)
[481.572s][info][gc             ] GC(1318) Pause Young (Allocation Failure) 848M->553M(862M) 1.971ms
[481.572s][info][gc,cpu         ] GC(1318) User=0.00s Sys=0.00s Real=0.00s
[482.487s][info][gc,start       ] GC(1319) Pause Young (Allocation Failure)
[482.489s][info][gc,heap        ] GC(1319) PSYoungGen: 302144K(315904K)->83K(318464K) Eden: 302080K(302080K)->0K(305664K) From: 64K(13824K)->83K(12800K)
[482.489s][info][gc,heap        ] GC(1319) ParOldGen: 567197K(567296K)->567205K(567296K)
[482.489s][info][gc,metaspace   ] GC(1319) Metaspace: 35564K(36288K)->35564K(36288K) NonClass: 29291K(29824K)->29291K(29824K) Class: 6273K(6464K)->6273K(6464K)
[482.489s][info][gc             ] GC(1319) Pause Young (Allocation Failure) 848M->553M(865M) 1.923ms
[482.489s][info][gc,cpu         ] GC(1319) User=0.01s Sys=0.00s Real=0.00s
[483.427s][info][gc,start       ] GC(1320) Pause Young (Allocation Failure)
[483.429s][info][gc,heap        ] GC(1320) PSYoungGen: 305747K(318464K)->64K(317952K) Eden: 305664K(305664K)->0K(305664K) From: 83K(12800K)->64K(12288K)
[483.429s][info][gc,heap        ] GC(1320) ParOldGen: 567205K(567296K)->567213K(567296K)
[483.429s][info][gc,metaspace   ] GC(1320) Metaspace: 35564K(36288K)->35564K(36288K) NonClass: 29291K(29824K)->29291K(29824K) Class: 6273K(6464K)->6273K(6464K)
[483.429s][info][gc             ] GC(1320) Pause Young (Allocation Failure) 852M->553M(864M) 1.945ms
[483.429s][info][gc,cpu         ] GC(1320) User=0.00s Sys=0.00s Real=0.00s
[483.858s][info][gc,start       ] GC(1321) Pause Young (Allocation Failure)
[483.860s][info][gc,heap        ] GC(1321) PSYoungGen: 305728K(317952K)->64K(293888K) Eden: 305664K(305664K)->0K(293376K) From: 64K(12288K)->64K(512K)
[483.860s][info][gc,heap        ] GC(1321) ParOldGen: 567213K(567296K)->567221K(567296K)
[483.860s][info][gc,metaspace   ] GC(1321) Metaspace: 35564K(36288K)->35564K(36288K) NonClass: 29291K(29824K)->29291K(29824K) Class: 6273K(6464K)->6273K(6464K)
[483.860s][info][gc             ] GC(1321) Pause Young (Allocation Failure) 852M->553M(841M) 1.973ms
[483.860s][info][gc,cpu         ] GC(1321) User=0.00s Sys=0.00s Real=0.00s
[484.924s][info][gc,start       ] GC(1322) Pause Young (Allocation Failure)
[484.927s][info][gc,heap        ] GC(1322) PSYoungGen: 293440K(293888K)->64K(292352K) Eden: 293376K(293376K)->0K(281600K) From: 64K(512K)->64K(10752K)
[484.927s][info][gc,heap        ] GC(1322) ParOldGen: 567221K(567296K)->567229K(567296K)
[484.927s][info][gc,metaspace   ] GC(1322) Metaspace: 35564K(36288K)->35564K(36288K) NonClass: 29291K(29824K)->29291K(29824K) Class: 6273K(6464K)->6273K(6464K)
[484.927s][info][gc             ] GC(1322) Pause Young (Allocation Failure) 840M->553M(839M) 2.167ms
[484.927s][info][gc,cpu         ] GC(1322) User=0.00s Sys=0.00s Real=0.01s
[485.341s][info][gc,start       ] GC(1323) Pause Young (Allocation Failure)
[485.344s][info][gc,heap        ] GC(1323) PSYoungGen: 281664K(292352K)->64K(270848K) Eden: 281600K(281600K)->0K(270336K) From: 64K(10752K)->64K(512K)
[485.344s][info][gc,heap        ] GC(1323) ParOldGen: 567229K(567296K)->567245K(567296K)
[485.344s][info][gc,metaspace   ] GC(1323) Metaspace: 35564K(36288K)->35564K(36288K) NonClass: 29291K(29824K)->29291K(29824K) Class: 6273K(6464K)->6273K(6464K)
[485.344s][info][gc             ] GC(1323) Pause Young (Allocation Failure) 828M->554M(818M) 3.576ms
[485.344s][info][gc,cpu         ] GC(1323) User=0.01s Sys=0.00s Real=0.00s
[485.550s][info][gc,start       ] GC(1324) Pause Young (Allocation Failure)
[485.553s][info][gc,heap        ] GC(1324) PSYoungGen: 270400K(270848K)->64K(302080K) Eden: 270336K(270336K)->0K(292864K) From: 64K(512K)->64K(9216K)
[485.553s][info][gc,heap        ] GC(1324) ParOldGen: 567245K(567296K)->567253K(567296K)
[485.553s][info][gc,metaspace   ] GC(1324) Metaspace: 35564K(36288K)->35564K(36288K) NonClass: 29291K(29824K)->29291K(29824K) Class: 6273K(6464K)->6273K(6464K)
[485.553s][info][gc             ] GC(1324) Pause Young (Allocation Failure) 818M->554M(849M) 3.587ms
[485.553s][info][gc,cpu         ] GC(1324) User=0.00s Sys=0.00s Real=0.00s
[485.741s][info][gc,start       ] GC(1325) Pause Young (Allocation Failure)
[485.744s][info][gc,heap        ] GC(1325) PSYoungGen: 292928K(302080K)->64K(322048K) Eden: 292864K(292864K)->0K(315904K) From: 64K(9216K)->64K(6144K)
[485.744s][info][gc,heap        ] GC(1325) ParOldGen: 567253K(567296K)->567261K(567296K)
[485.744s][info][gc,metaspace   ] GC(1325) Metaspace: 35564K(36288K)->35564K(36288K) NonClass: 29291K(29824K)->29291K(29824K) Class: 6273K(6464K)->6273K(6464K)
[485.744s][info][gc             ] GC(1325) Pause Young (Allocation Failure) 840M->554M(868M) 3.418ms
[485.744s][info][gc,cpu         ] GC(1325) User=0.00s Sys=0.00s Real=0.00s
[486.339s][info][gc,start       ] GC(1326) Pause Young (Allocation Failure)
[486.341s][info][gc,heap        ] GC(1326) PSYoungGen: 315968K(322048K)->64K(323584K) Eden: 315904K(315904K)->0K(315904K) From: 64K(6144K)->64K(7680K)
[486.341s][info][gc,heap        ] GC(1326) ParOldGen: 567261K(567296K)->567269K(567296K)
[486.341s][info][gc,metaspace   ] GC(1326) Metaspace: 35564K(36288K)->35564K(36288K) NonClass: 29291K(29824K)->29291K(29824K) Class: 6273K(6464K)->6273K(6464K)
[486.341s][info][gc             ] GC(1326) Pause Young (Allocation Failure) 862M->554M(870M) 1.943ms
[486.341s][info][gc,cpu         ] GC(1326) User=0.00s Sys=0.00s Real=0.00s
[486.829s][info][gc,start       ] GC(1327) Pause Young (Allocation Failure)
[486.858s][info][gc,heap        ] GC(1327) PSYoungGen: 315968K(323584K)->7168K(317440K) Eden: 315904K(315904K)->0K(310272K) From: 64K(7680K)->7168K(7168K)
[486.858s][info][gc,heap        ] GC(1327) ParOldGen: 567269K(567296K)->573941K(573952K)
[486.858s][info][gc,metaspace   ] GC(1327) Metaspace: 35564K(36288K)->35564K(36288K) NonClass: 29291K(29824K)->29291K(29824K) Class: 6273K(6464K)->6273K(6464K)
[486.858s][info][gc             ] GC(1327) Pause Young (Allocation Failure) 862M->567M(870M) 29.422ms
[486.858s][info][gc,cpu         ] GC(1327) User=0.05s Sys=0.01s Real=0.03s
[487.210s][info][gc,start       ] GC(1328) Pause Young (Allocation Failure)
[487.281s][info][gc,heap        ] GC(1328) PSYoungGen: 317440K(317440K)->11776K(322048K) Eden: 310272K(310272K)->0K(310272K) From: 7168K(7168K)->11776K(11776K)
[487.281s][info][gc,heap        ] GC(1328) ParOldGen: 573941K(573952K)->595501K(595968K)
[487.281s][info][gc,metaspace   ] GC(1328) Metaspace: 35564K(36288K)->35564K(36288K) NonClass: 29291K(29824K)->29291K(29824K) Class: 6273K(6464K)->6273K(6464K)
[487.281s][info][gc             ] GC(1328) Pause Young (Allocation Failure) 870M->593M(896M) 71.116ms
[487.281s][info][gc,cpu         ] GC(1328) User=0.12s Sys=0.02s Real=0.07s
[487.541s][info][gc,start       ] GC(1329) Pause Young (Allocation Failure)
[487.591s][info][gc,heap        ] GC(1329) PSYoungGen: 322048K(322048K)->11776K(291328K) Eden: 310272K(310272K)->0K(279552K) From: 11776K(11776K)->11776K(11776K)
[487.591s][info][gc,heap        ] GC(1329) ParOldGen: 595501K(595968K)->606565K(606720K)
[487.591s][info][gc,metaspace   ] GC(1329) Metaspace: 35564K(36288K)->35564K(36288K) NonClass: 29291K(29824K)->29291K(29824K) Class: 6273K(6464K)->6273K(6464K)
[487.591s][info][gc             ] GC(1329) Pause Young (Allocation Failure) 896M->603M(877M) 49.518ms
[487.591s][info][gc,cpu         ] GC(1329) User=0.09s Sys=0.01s Real=0.05s
[487.871s][info][gc,start       ] GC(1330) Pause Young (Allocation Failure)
[487.876s][info][gc,heap        ] GC(1330) PSYoungGen: 291328K(291328K)->64K(306688K) Eden: 279552K(279552K)->0K(279552K) From: 11776K(11776K)->64K(27136K)
[487.876s][info][gc,heap        ] GC(1330) ParOldGen: 606565K(606720K)->606957K(607232K)
[487.876s][info][gc,metaspace   ] GC(1330) Metaspace: 35564K(36288K)->35564K(36288K) NonClass: 29291K(29824K)->29291K(29824K) Class: 6273K(6464K)->6273K(6464K)
[487.876s][info][gc             ] GC(1330) Pause Young (Allocation Failure) 876M->592M(892M) 5.085ms
[487.876s][info][gc,cpu         ] GC(1330) User=0.01s Sys=0.00s Real=0.01s
[488.550s][info][gc,start       ] GC(1331) Pause Young (Allocation Failure)
[488.552s][info][gc,heap        ] GC(1331) PSYoungGen: 279616K(306688K)->64K(303616K) Eden: 279552K(279552K)->0K(280576K) From: 64K(27136K)->64K(23040K)
[488.552s][info][gc,heap        ] GC(1331) ParOldGen: 606957K(607232K)->606965K(607232K)
[488.552s][info][gc,metaspace   ] GC(1331) Metaspace: 35564K(36288K)->35564K(36288K) NonClass: 29291K(29824K)->29291K(29824K) Class: 6273K(6464K)->6273K(6464K)
[488.552s][info][gc             ] GC(1331) Pause Young (Allocation Failure) 865M->592M(889M) 2.210ms
[488.552s][info][gc,cpu         ] GC(1331) User=0.00s Sys=0.00s Real=0.00s
[488.826s][info][gc,start       ] GC(1332) Pause Young (Allocation Failure)
[488.828s][info][gc,heap        ] GC(1332) PSYoungGen: 280640K(303616K)->64K(305664K) Eden: 280576K(280576K)->0K(280576K) From: 64K(23040K)->64K(25088K)
[488.828s][info][gc,heap        ] GC(1332) ParOldGen: 606965K(607232K)->606981K(607232K)
[488.828s][info][gc,metaspace   ] GC(1332) Metaspace: 35564K(36288K)->35564K(36288K) NonClass: 29291K(29824K)->29291K(29824K) Class: 6273K(6464K)->6273K(6464K)
[488.828s][info][gc             ] GC(1332) Pause Young (Allocation Failure) 866M->592M(891M) 2.011ms
[488.828s][info][gc,cpu         ] GC(1332) User=0.00s Sys=0.00s Real=0.01s
[489.252s][info][gc,start       ] GC(1333) Pause Young (Allocation Failure)
[489.254s][info][gc,heap        ] GC(1333) PSYoungGen: 280640K(305664K)->64K(305152K) Eden: 280576K(280576K)->0K(284160K) From: 64K(25088K)->64K(20992K)
[489.254s][info][gc,heap        ] GC(1333) ParOldGen: 606981K(607232K)->606989K(607232K)
[489.254s][info][gc,metaspace   ] GC(1333) Metaspace: 35564K(36288K)->35564K(36288K) NonClass: 29291K(29824K)->29291K(29824K) Class: 6273K(6464K)->6273K(6464K)
[489.254s][info][gc             ] GC(1333) Pause Young (Allocation Failure) 866M->592M(891M) 2.045ms
[489.254s][info][gc,cpu         ] GC(1333) User=0.00s Sys=0.00s Real=0.00s
[489.481s][info][gc,start       ] GC(1334) Pause Young (Allocation Failure)
[489.483s][info][gc,heap        ] GC(1334) PSYoungGen: 284224K(305152K)->64K(307200K) Eden: 284160K(284160K)->0K(284160K) From: 64K(20992K)->64K(23040K)
[489.483s][info][gc,heap        ] GC(1334) ParOldGen: 606989K(607232K)->607005K(607232K)
[489.483s][info][gc,metaspace   ] GC(1334) Metaspace: 35564K(36288K)->35564K(36288K) NonClass: 29291K(29824K)->29291K(29824K) Class: 6273K(6464K)->6273K(6464K)
[489.483s][info][gc             ] GC(1334) Pause Young (Allocation Failure) 870M->592M(893M) 2.118ms
[489.483s][info][gc,cpu         ] GC(1334) User=0.01s Sys=0.00s Real=0.00s
[489.709s][info][gc,start       ] GC(1335) Pause Young (Allocation Failure)
[489.711s][info][gc,heap        ] GC(1335) PSYoungGen: 284224K(307200K)->64K(307712K) Eden: 284160K(284160K)->0K(288768K) From: 64K(23040K)->64K(18944K)
[489.711s][info][gc,heap        ] GC(1335) ParOldGen: 607005K(607232K)->607005K(607232K)
[489.711s][info][gc,metaspace   ] GC(1335) Metaspace: 35564K(36288K)->35564K(36288K) NonClass: 29291K(29824K)->29291K(29824K) Class: 6273K(6464K)->6273K(6464K)
[489.711s][info][gc             ] GC(1335) Pause Young (Allocation Failure) 870M->592M(893M) 1.978ms
[489.711s][info][gc,cpu         ] GC(1335) User=0.01s Sys=0.00s Real=0.00s
[489.996s][info][gc,start       ] GC(1336) Pause Young (Allocation Failure)
[489.998s][info][gc,heap        ] GC(1336) PSYoungGen: 288832K(307712K)->64K(309760K) Eden: 288768K(288768K)->0K(288768K) From: 64K(18944K)->64K(20992K)
[489.998s][info][gc,heap        ] GC(1336) ParOldGen: 607005K(607232K)->607005K(607232K)
[489.998s][info][gc,metaspace   ] GC(1336) Metaspace: 35564K(36288K)->35564K(36288K) NonClass: 29291K(29824K)->29291K(29824K) Class: 6273K(6464K)->6273K(6464K)
[489.998s][info][gc             ] GC(1336) Pause Young (Allocation Failure) 874M->592M(895M) 2.131ms
[489.998s][info][gc,cpu         ] GC(1336) User=0.00s Sys=0.00s Real=0.00s
[490.051s][info][gc,start       ] GC(1337) Pause Young (Allocation Failure)
[490.053s][info][gc,heap        ] GC(1337) PSYoungGen: 288832K(309760K)->64K(309760K) Eden: 288768K(288768K)->0K(292864K) From: 64K(20992K)->64K(16896K)
[490.053s][info][gc,heap        ] GC(1337) ParOldGen: 607005K(607232K)->607021K(607232K)
[490.053s][info][gc,metaspace   ] GC(1337) Metaspace: 35564K(36288K)->35564K(36288K) NonClass: 29291K(29824K)->29291K(29824K) Class: 6273K(6464K)->6273K(6464K)
[490.053s][info][gc             ] GC(1337) Pause Young (Allocation Failure) 874M->592M(895M) 1.950ms
[490.053s][info][gc,cpu         ] GC(1337) User=0.00s Sys=0.00s Real=0.00s
[490.132s][info][gc,start       ] GC(1338) Pause Young (Allocation Failure)
[490.134s][info][gc,heap        ] GC(1338) PSYoungGen: 292928K(309760K)->64K(311808K) Eden: 292864K(292864K)->0K(292864K) From: 64K(16896K)->64K(18944K)
[490.134s][info][gc,heap        ] GC(1338) ParOldGen: 607021K(607232K)->607021K(607232K)
[490.134s][info][gc,metaspace   ] GC(1338) Metaspace: 35564K(36288K)->35564K(36288K) NonClass: 29291K(29824K)->29291K(29824K) Class: 6273K(6464K)->6273K(6464K)
[490.134s][info][gc             ] GC(1338) Pause Young (Allocation Failure) 878M->592M(897M) 1.958ms
[490.134s][info][gc,cpu         ] GC(1338) User=0.00s Sys=0.00s Real=0.00s
[490.346s][info][gc,start       ] GC(1339) Pause Young (Allocation Failure)
[490.348s][info][gc,heap        ] GC(1339) PSYoungGen: 292928K(311808K)->64K(311808K) Eden: 292864K(292864K)->0K(296960K) From: 64K(18944K)->64K(14848K)
[490.348s][info][gc,heap        ] GC(1339) ParOldGen: 607021K(607232K)->607037K(607232K)
[490.348s][info][gc,metaspace   ] GC(1339) Metaspace: 35564K(36288K)->35564K(36288K) NonClass: 29291K(29824K)->29291K(29824K) Class: 6273K(6464K)->6273K(6464K)
[490.348s][info][gc             ] GC(1339) Pause Young (Allocation Failure) 878M->592M(897M) 2.001ms
[490.348s][info][gc,cpu         ] GC(1339) User=0.00s Sys=0.00s Real=0.01s
[490.554s][info][gc,start       ] GC(1340) Pause Young (Allocation Failure)
[490.556s][info][gc,heap        ] GC(1340) PSYoungGen: 297024K(311808K)->64K(313856K) Eden: 296960K(296960K)->0K(296960K) From: 64K(14848K)->64K(16896K)
[490.556s][info][gc,heap        ] GC(1340) ParOldGen: 607037K(607232K)->607037K(607232K)
[490.556s][info][gc,metaspace   ] GC(1340) Metaspace: 35564K(36288K)->35564K(36288K) NonClass: 29291K(29824K)->29291K(29824K) Class: 6273K(6464K)->6273K(6464K)
[490.556s][info][gc             ] GC(1340) Pause Young (Allocation Failure) 882M->592M(899M) 2.042ms
[490.556s][info][gc,cpu         ] GC(1340) User=0.00s Sys=0.00s Real=0.01s
[490.636s][info][gc,start       ] GC(1341) Pause Young (Allocation Failure)
[490.638s][info][gc,heap        ] GC(1341) PSYoungGen: 297024K(313856K)->64K(313856K) Eden: 296960K(296960K)->0K(301056K) From: 64K(16896K)->64K(12800K)
[490.638s][info][gc,heap        ] GC(1341) ParOldGen: 607037K(607232K)->607053K(607232K)
[490.638s][info][gc,metaspace   ] GC(1341) Metaspace: 35564K(36288K)->35564K(36288K) NonClass: 29291K(29824K)->29291K(29824K) Class: 6273K(6464K)->6273K(6464K)
[490.638s][info][gc             ] GC(1341) Pause Young (Allocation Failure) 882M->592M(899M) 2.052ms
[490.638s][info][gc,cpu         ] GC(1341) User=0.01s Sys=0.00s Real=0.01s
[490.762s][info][gc,start       ] GC(1342) Pause Young (Allocation Failure)
[490.764s][info][gc,heap        ] GC(1342) PSYoungGen: 301120K(313856K)->64K(315904K) Eden: 301056K(301056K)->0K(301056K) From: 64K(12800K)->64K(14848K)
[490.764s][info][gc,heap        ] GC(1342) ParOldGen: 607053K(607232K)->607053K(607232K)
[490.764s][info][gc,metaspace   ] GC(1342) Metaspace: 35564K(36288K)->35564K(36288K) NonClass: 29291K(29824K)->29291K(29824K) Class: 6273K(6464K)->6273K(6464K)
[490.764s][info][gc             ] GC(1342) Pause Young (Allocation Failure) 886M->592M(901M) 2.001ms
[490.764s][info][gc,cpu         ] GC(1342) User=0.00s Sys=0.00s Real=0.00s
[491.150s][info][gc,start       ] GC(1343) Pause Young (Allocation Failure)
[491.152s][info][gc,heap        ] GC(1343) PSYoungGen: 301120K(315904K)->64K(315904K) Eden: 301056K(301056K)->0K(305152K) From: 64K(14848K)->64K(10752K)
[491.152s][info][gc,heap        ] GC(1343) ParOldGen: 607053K(607232K)->607061K(607232K)
[491.152s][info][gc,metaspace   ] GC(1343) Metaspace: 35564K(36288K)->35564K(36288K) NonClass: 29291K(29824K)->29291K(29824K) Class: 6273K(6464K)->6273K(6464K)
[491.152s][info][gc             ] GC(1343) Pause Young (Allocation Failure) 886M->592M(901M) 2.020ms
[491.152s][info][gc,cpu         ] GC(1343) User=0.00s Sys=0.00s Real=0.00s
[491.857s][info][gc,start       ] GC(1344) Pause Young (Allocation Failure)
[491.859s][info][gc,heap        ] GC(1344) PSYoungGen: 305216K(315904K)->83K(317952K) Eden: 305152K(305152K)->0K(305152K) From: 64K(10752K)->83K(12800K)
[491.859s][info][gc,heap        ] GC(1344) ParOldGen: 607061K(607232K)->607069K(607232K)
[491.859s][info][gc,metaspace   ] GC(1344) Metaspace: 35564K(36288K)->35564K(36288K) NonClass: 29291K(29824K)->29291K(29824K) Class: 6273K(6464K)->6273K(6464K)
[491.859s][info][gc             ] GC(1344) Pause Young (Allocation Failure) 890M->592M(903M) 2.070ms
[491.859s][info][gc,cpu         ] GC(1344) User=0.01s Sys=0.00s Real=0.00s
[492.852s][info][gc,start       ] GC(1345) Pause Young (Allocation Failure)
[492.854s][info][gc,heap        ] GC(1345) PSYoungGen: 305235K(317952K)->64K(293376K) Eden: 305152K(305152K)->0K(292864K) From: 83K(12800K)->64K(512K)
[492.854s][info][gc,heap        ] GC(1345) ParOldGen: 607069K(607232K)->607085K(607232K)
[492.854s][info][gc,metaspace   ] GC(1345) Metaspace: 35564K(36288K)->35564K(36288K) NonClass: 29291K(29824K)->29291K(29824K) Class: 6273K(6464K)->6273K(6464K)
[492.854s][info][gc             ] GC(1345) Pause Young (Allocation Failure) 890M->592M(879M) 2.501ms
[492.854s][info][gc,cpu         ] GC(1345) User=0.01s Sys=0.00s Real=0.00s
[493.328s][info][gc,start       ] GC(1346) Pause Young (Allocation Failure)
[493.330s][info][gc,heap        ] GC(1346) PSYoungGen: 292928K(293376K)->64K(292352K) Eden: 292864K(292864K)->0K(281088K) From: 64K(512K)->64K(11264K)
[493.330s][info][gc,heap        ] GC(1346) ParOldGen: 607085K(607232K)->607093K(607232K)
[493.330s][info][gc,metaspace   ] GC(1346) Metaspace: 35564K(36288K)->35564K(36288K) NonClass: 29291K(29824K)->29291K(29824K) Class: 6273K(6464K)->6273K(6464K)
[493.330s][info][gc             ] GC(1346) Pause Young (Allocation Failure) 878M->592M(878M) 1.939ms
[493.330s][info][gc,cpu         ] GC(1346) User=0.00s Sys=0.00s Real=0.00s
[494.323s][info][gc,start       ] GC(1347) Pause Young (Allocation Failure)
[494.326s][info][gc,heap        ] GC(1347) PSYoungGen: 281152K(292352K)->64K(270336K) Eden: 281088K(281088K)->0K(269824K) From: 64K(11264K)->64K(512K)
[494.326s][info][gc,heap        ] GC(1347) ParOldGen: 607093K(607232K)->607101K(607232K)
[494.326s][info][gc,metaspace   ] GC(1347) Metaspace: 35564K(36288K)->35564K(36288K) NonClass: 29291K(29824K)->29291K(29824K) Class: 6273K(6464K)->6273K(6464K)
[494.326s][info][gc             ] GC(1347) Pause Young (Allocation Failure) 867M->592M(857M) 2.726ms
[494.326s][info][gc,cpu         ] GC(1347) User=0.00s Sys=0.00s Real=0.01s
[494.742s][info][gc,start       ] GC(1348) Pause Young (Allocation Failure)
[494.744s][info][gc,heap        ] GC(1348) PSYoungGen: 269888K(270336K)->64K(268800K) Eden: 269824K(269824K)->0K(259072K) From: 64K(512K)->64K(9728K)
[494.744s][info][gc,heap        ] GC(1348) ParOldGen: 607101K(607232K)->607109K(607232K)
[494.744s][info][gc,metaspace   ] GC(1348) Metaspace: 35564K(36288K)->35564K(36288K) NonClass: 29291K(29824K)->29291K(29824K) Class: 6273K(6464K)->6273K(6464K)
[494.744s][info][gc             ] GC(1348) Pause Young (Allocation Failure) 856M->592M(855M) 2.065ms
[494.744s][info][gc,cpu         ] GC(1348) User=0.00s Sys=0.00s Real=0.00s
[494.929s][info][gc,start       ] GC(1349) Pause Young (Allocation Failure)
[494.931s][info][gc,heap        ] GC(1349) PSYoungGen: 259136K(268800K)->64K(249344K) Eden: 259072K(259072K)->0K(248832K) From: 64K(9728K)->64K(512K)
[494.931s][info][gc,heap        ] GC(1349) ParOldGen: 607109K(607232K)->607117K(607232K)
[494.931s][info][gc,metaspace   ] GC(1349) Metaspace: 35564K(36288K)->35564K(36288K) NonClass: 29291K(29824K)->29291K(29824K) Class: 6273K(6464K)->6273K(6464K)
[494.931s][info][gc             ] GC(1349) Pause Young (Allocation Failure) 845M->592M(836M) 2.710ms
[494.931s][info][gc,cpu         ] GC(1349) User=0.00s Sys=0.00s Real=0.00s
[495.102s][info][gc,start       ] GC(1350) Pause Young (Allocation Failure)
[495.104s][info][gc,heap        ] GC(1350) PSYoungGen: 248896K(249344K)->64K(247808K) Eden: 248832K(248832K)->0K(239104K) From: 64K(512K)->64K(8704K)
[495.104s][info][gc,heap        ] GC(1350) ParOldGen: 607117K(607232K)->607125K(607232K)
[495.104s][info][gc,metaspace   ] GC(1350) Metaspace: 35564K(36288K)->35564K(36288K) NonClass: 29291K(29824K)->29291K(29824K) Class: 6273K(6464K)->6273K(6464K)
[495.104s][info][gc             ] GC(1350) Pause Young (Allocation Failure) 835M->592M(835M) 2.119ms
[495.104s][info][gc,cpu         ] GC(1350) User=0.00s Sys=0.00s Real=0.00s
[495.675s][info][gc,start       ] GC(1351) Pause Young (Allocation Failure)
[495.678s][info][gc,heap        ] GC(1351) PSYoungGen: 239168K(247808K)->64K(230400K) Eden: 239104K(239104K)->0K(229888K) From: 64K(8704K)->64K(512K)
[495.678s][info][gc,heap        ] GC(1351) ParOldGen: 607125K(607232K)->607133K(607232K)
[495.678s][info][gc,metaspace   ] GC(1351) Metaspace: 35564K(36288K)->35564K(36288K) NonClass: 29291K(29824K)->29291K(29824K) Class: 6273K(6464K)->6273K(6464K)
[495.678s][info][gc             ] GC(1351) Pause Young (Allocation Failure) 826M->592M(818M) 2.928ms
[495.678s][info][gc,cpu         ] GC(1351) User=0.00s Sys=0.00s Real=0.01s
[495.962s][info][gc,start       ] GC(1352) Pause Young (Allocation Failure)
[495.964s][info][gc,heap        ] GC(1352) PSYoungGen: 229952K(230400K)->64K(228864K) Eden: 229888K(229888K)->0K(221184K) From: 64K(512K)->64K(7680K)
[495.964s][info][gc,heap        ] GC(1352) ParOldGen: 607133K(607232K)->607141K(607232K)
[495.964s][info][gc,metaspace   ] GC(1352) Metaspace: 35564K(36288K)->35564K(36288K) NonClass: 29291K(29824K)->29291K(29824K) Class: 6273K(6464K)->6273K(6464K)
[495.964s][info][gc             ] GC(1352) Pause Young (Allocation Failure) 817M->592M(816M) 2.023ms
[495.964s][info][gc,cpu         ] GC(1352) User=0.01s Sys=0.00s Real=0.00s
[496.262s][info][gc,start       ] GC(1353) Pause Young (Allocation Failure)
[496.302s][info][gc,heap        ] GC(1353) PSYoungGen: 221248K(228864K)->6656K(271360K) Eden: 221184K(221184K)->0K(264704K) From: 64K(7680K)->6656K(6656K)
[496.302s][info][gc,heap        ] GC(1353) ParOldGen: 607141K(607232K)->620293K(620544K)
[496.302s][info][gc,metaspace   ] GC(1353) Metaspace: 35565K(36288K)->35565K(36288K) NonClass: 29292K(29824K)->29292K(29824K) Class: 6273K(6464K)->6273K(6464K)
[496.302s][info][gc             ] GC(1353) Pause Young (Allocation Failure) 808M->612M(871M) 40.274ms
[496.302s][info][gc,cpu         ] GC(1353) User=0.06s Sys=0.01s Real=0.04s
[496.607s][info][gc,start       ] GC(1354) Pause Young (Allocation Failure)
[496.666s][info][gc,heap        ] GC(1354) PSYoungGen: 271360K(271360K)->13312K(282112K) Eden: 264704K(264704K)->0K(268800K) From: 6656K(6656K)->13312K(13312K)
[496.666s][info][gc,heap        ] GC(1354) ParOldGen: 620293K(620544K)->635693K(635904K)
[496.666s][info][gc,metaspace   ] GC(1354) Metaspace: 35565K(36288K)->35565K(36288K) NonClass: 29292K(29824K)->29292K(29824K) Class: 6273K(6464K)->6273K(6464K)
[496.666s][info][gc             ] GC(1354) Pause Young (Allocation Failure) 870M->633M(896M) 58.714ms
[496.666s][info][gc,cpu         ] GC(1354) User=0.10s Sys=0.02s Real=0.06s
[496.906s][info][gc,start       ] GC(1355) Pause Young (Allocation Failure)
[496.954s][info][gc,heap        ] GC(1355) PSYoungGen: 282112K(282112K)->20928K(303616K) Eden: 268800K(268800K)->0K(281600K) From: 13312K(13312K)->20928K(22016K)
[496.954s][info][gc,heap        ] GC(1355) ParOldGen: 635693K(635904K)->636253K(636416K)
[496.954s][info][gc,metaspace   ] GC(1355) Metaspace: 35565K(36288K)->35565K(36288K) NonClass: 29292K(29824K)->29292K(29824K) Class: 6273K(6464K)->6273K(6464K)
[496.955s][info][gc             ] GC(1355) Pause Young (Allocation Failure) 896M->641M(918M) 48.087ms
[496.955s][info][gc,cpu         ] GC(1355) User=0.08s Sys=0.01s Real=0.04s
[497.170s][info][gc,start       ] GC(1356) Pause Young (Allocation Failure)
[497.172s][info][gc,heap        ] GC(1356) PSYoungGen: 302528K(303616K)->64K(307712K) Eden: 281600K(281600K)->0K(281600K) From: 20928K(22016K)->64K(26112K)
[497.172s][info][gc,heap        ] GC(1356) ParOldGen: 636253K(636416K)->636261K(636416K)
[497.172s][info][gc,metaspace   ] GC(1356) Metaspace: 35565K(36288K)->35565K(36288K) NonClass: 29292K(29824K)->29292K(29824K) Class: 6273K(6464K)->6273K(6464K)
[497.172s][info][gc             ] GC(1356) Pause Young (Allocation Failure) 916M->621M(922M) 2.019ms
[497.172s][info][gc,cpu         ] GC(1356) User=0.01s Sys=0.00s Real=0.00s
[497.882s][info][gc,start       ] GC(1357) Pause Young (Allocation Failure)
[497.885s][info][gc,heap        ] GC(1357) PSYoungGen: 281664K(307712K)->64K(305152K) Eden: 281600K(281600K)->0K(282112K) From: 64K(26112K)->64K(23040K)
[497.885s][info][gc,heap        ] GC(1357) ParOldGen: 636261K(636416K)->636277K(636416K)
[497.885s][info][gc,metaspace   ] GC(1357) Metaspace: 35565K(36288K)->35565K(36288K) NonClass: 29292K(29824K)->29292K(29824K) Class: 6273K(6464K)->6273K(6464K)
[497.885s][info][gc             ] GC(1357) Pause Young (Allocation Failure) 896M->621M(919M) 2.206ms
[497.885s][info][gc,cpu         ] GC(1357) User=0.01s Sys=0.00s Real=0.00s
[498.150s][info][gc,start       ] GC(1358) Pause Young (Allocation Failure)
[498.152s][info][gc,heap        ] GC(1358) PSYoungGen: 282176K(305152K)->64K(306688K) Eden: 282112K(282112K)->0K(282112K) From: 64K(23040K)->64K(24576K)
[498.152s][info][gc,heap        ] GC(1358) ParOldGen: 636277K(636416K)->636277K(636416K)
[498.152s][info][gc,metaspace   ] GC(1358) Metaspace: 35565K(36288K)->35565K(36288K) NonClass: 29292K(29824K)->29292K(29824K) Class: 6273K(6464K)->6273K(6464K)
[498.152s][info][gc             ] GC(1358) Pause Young (Allocation Failure) 896M->621M(921M) 2.183ms
[498.152s][info][gc,cpu         ] GC(1358) User=0.01s Sys=0.00s Real=0.00s
[498.588s][info][gc,start       ] GC(1359) Pause Young (Allocation Failure)
[498.590s][info][gc,heap        ] GC(1359) PSYoungGen: 282176K(306688K)->64K(306688K) Eden: 282112K(282112K)->0K(285696K) From: 64K(24576K)->64K(20992K)
[498.590s][info][gc,heap        ] GC(1359) ParOldGen: 636277K(636416K)->636293K(636416K)
[498.590s][info][gc,metaspace   ] GC(1359) Metaspace: 35565K(36288K)->35565K(36288K) NonClass: 29292K(29824K)->29292K(29824K) Class: 6273K(6464K)->6273K(6464K)
[498.590s][info][gc             ] GC(1359) Pause Young (Allocation Failure) 896M->621M(921M) 2.133ms
[498.590s][info][gc,cpu         ] GC(1359) User=0.00s Sys=0.00s Real=0.00s
[498.817s][info][gc,start       ] GC(1360) Pause Young (Allocation Failure)
[498.819s][info][gc,heap        ] GC(1360) PSYoungGen: 285760K(306688K)->64K(308224K) Eden: 285696K(285696K)->0K(285696K) From: 64K(20992K)->64K(22528K)
[498.819s][info][gc,heap        ] GC(1360) ParOldGen: 636293K(636416K)->636309K(636416K)
[498.819s][info][gc,metaspace   ] GC(1360) Metaspace: 35565K(36288K)->35565K(36288K) NonClass: 29292K(29824K)->29292K(29824K) Class: 6273K(6464K)->6273K(6464K)
[498.819s][info][gc             ] GC(1360) Pause Young (Allocation Failure) 900M->621M(922M) 2.108ms
[498.819s][info][gc,cpu         ] GC(1360) User=0.00s Sys=0.00s Real=0.00s
[499.046s][info][gc,start       ] GC(1361) Pause Young (Allocation Failure)
[499.048s][info][gc,heap        ] GC(1361) PSYoungGen: 285760K(308224K)->64K(308736K) Eden: 285696K(285696K)->0K(289792K) From: 64K(22528K)->64K(18944K)
[499.048s][info][gc,heap        ] GC(1361) ParOldGen: 636309K(636416K)->636317K(636416K)
[499.048s][info][gc,metaspace   ] GC(1361) Metaspace: 35565K(36288K)->35565K(36288K) NonClass: 29292K(29824K)->29292K(29824K) Class: 6273K(6464K)->6273K(6464K)
[499.048s][info][gc             ] GC(1361) Pause Young (Allocation Failure) 900M->621M(923M) 2.125ms
[499.048s][info][gc,cpu         ] GC(1361) User=0.00s Sys=0.00s Real=0.00s
[499.350s][info][gc,start       ] GC(1362) Pause Young (Allocation Failure)
[499.353s][info][gc,heap        ] GC(1362) PSYoungGen: 289856K(308736K)->32K(310272K) Eden: 289792K(289792K)->0K(289792K) From: 64K(18944K)->32K(20480K)
[499.353s][info][gc,heap        ] GC(1362) ParOldGen: 636317K(636416K)->636317K(636416K)
[499.353s][info][gc,metaspace   ] GC(1362) Metaspace: 35565K(36288K)->35565K(36288K) NonClass: 29292K(29824K)->29292K(29824K) Class: 6273K(6464K)->6273K(6464K)
[499.353s][info][gc             ] GC(1362) Pause Young (Allocation Failure) 904M->621M(924M) 2.384ms
[499.353s][info][gc,cpu         ] GC(1362) User=0.01s Sys=0.00s Real=0.00s
[499.405s][info][gc,start       ] GC(1363) Pause Young (Allocation Failure)
[499.408s][info][gc,heap        ] GC(1363) PSYoungGen: 289824K(310272K)->64K(310784K) Eden: 289792K(289792K)->0K(293888K) From: 32K(20480K)->64K(16896K)
[499.408s][info][gc,heap        ] GC(1363) ParOldGen: 636317K(636416K)->636333K(636416K)
[499.408s][info][gc,metaspace   ] GC(1363) Metaspace: 35565K(36288K)->35565K(36288K) NonClass: 29292K(29824K)->29292K(29824K) Class: 6273K(6464K)->6273K(6464K)
[499.408s][info][gc             ] GC(1363) Pause Young (Allocation Failure) 904M->621M(925M) 3.005ms
[499.408s][info][gc,cpu         ] GC(1363) User=0.00s Sys=0.00s Real=0.01s
[499.478s][info][gc,start       ] GC(1364) Pause Young (Allocation Failure)
[499.480s][info][gc,heap        ] GC(1364) PSYoungGen: 293952K(310784K)->64K(312320K) Eden: 293888K(293888K)->0K(293888K) From: 64K(16896K)->64K(18432K)
[499.480s][info][gc,heap        ] GC(1364) ParOldGen: 636333K(636416K)->636333K(636416K)
[499.480s][info][gc,metaspace   ] GC(1364) Metaspace: 35565K(36288K)->35565K(36288K) NonClass: 29292K(29824K)->29292K(29824K) Class: 6273K(6464K)->6273K(6464K)
[499.480s][info][gc             ] GC(1364) Pause Young (Allocation Failure) 908M->621M(926M) 2.090ms
[499.480s][info][gc,cpu         ] GC(1364) User=0.01s Sys=0.00s Real=0.00s
[499.695s][info][gc,start       ] GC(1365) Pause Young (Allocation Failure)
[499.697s][info][gc,heap        ] GC(1365) PSYoungGen: 293952K(312320K)->64K(312832K) Eden: 293888K(293888K)->0K(297984K) From: 64K(18432K)->64K(14848K)
[499.697s][info][gc,heap        ] GC(1365) ParOldGen: 636333K(636416K)->636349K(636416K)
[499.697s][info][gc,metaspace   ] GC(1365) Metaspace: 35565K(36288K)->35565K(36288K) NonClass: 29292K(29824K)->29292K(29824K) Class: 6273K(6464K)->6273K(6464K)
[499.697s][info][gc             ] GC(1365) Pause Young (Allocation Failure) 908M->621M(927M) 2.079ms
[499.697s][info][gc,cpu         ] GC(1365) User=0.00s Sys=0.00s Real=0.01s
[499.911s][info][gc,start       ] GC(1366) Pause Young (Allocation Failure)
[499.913s][info][gc,heap        ] GC(1366) PSYoungGen: 298048K(312832K)->64K(314368K) Eden: 297984K(297984K)->0K(297984K) From: 64K(14848K)->64K(16384K)
[499.914s][info][gc,heap        ] GC(1366) ParOldGen: 636349K(636416K)->636349K(636416K)
[499.914s][info][gc,metaspace   ] GC(1366) Metaspace: 35565K(36288K)->35565K(36288K) NonClass: 29292K(29824K)->29292K(29824K) Class: 6273K(6464K)->6273K(6464K)
[499.914s][info][gc             ] GC(1366) Pause Young (Allocation Failure) 912M->621M(928M) 2.067ms
[499.914s][info][gc,cpu         ] GC(1366) User=0.00s Sys=0.00s Real=0.00s
[499.995s][info][gc,start       ] GC(1367) Pause Young (Allocation Failure)
[499.997s][info][gc,heap        ] GC(1367) PSYoungGen: 298048K(314368K)->64K(314880K) Eden: 297984K(297984K)->0K(302080K) From: 64K(16384K)->64K(12800K)
[499.997s][info][gc,heap        ] GC(1367) ParOldGen: 636349K(636416K)->636357K(636416K)
[499.997s][info][gc,metaspace   ] GC(1367) Metaspace: 35565K(36288K)->35565K(36288K) NonClass: 29292K(29824K)->29292K(29824K) Class: 6273K(6464K)->6273K(6464K)
[499.997s][info][gc             ] GC(1367) Pause Young (Allocation Failure) 912M->621M(929M) 2.149ms
[499.997s][info][gc,cpu         ] GC(1367) User=0.01s Sys=0.00s Real=0.01s
[500.122s][info][gc,start       ] GC(1368) Pause Young (Allocation Failure)
[500.124s][info][gc,heap        ] GC(1368) PSYoungGen: 302144K(314880K)->64K(316416K) Eden: 302080K(302080K)->0K(302080K) From: 64K(12800K)->64K(14336K)
[500.125s][info][gc,heap        ] GC(1368) ParOldGen: 636357K(636416K)->636365K(636416K)
[500.125s][info][gc,metaspace   ] GC(1368) Metaspace: 35565K(36288K)->35565K(36288K) NonClass: 29292K(29824K)->29292K(29824K) Class: 6273K(6464K)->6273K(6464K)
[500.125s][info][gc             ] GC(1368) Pause Young (Allocation Failure) 916M->621M(930M) 2.094ms
[500.125s][info][gc,cpu         ] GC(1368) User=0.00s Sys=0.00s Real=0.00s
[500.505s][info][gc,start       ] GC(1369) Pause Young (Allocation Failure)
[500.507s][info][gc,heap        ] GC(1369) PSYoungGen: 302144K(316416K)->64K(317952K) Eden: 302080K(302080K)->0K(306176K) From: 64K(14336K)->64K(11776K)
[500.507s][info][gc,heap        ] GC(1369) ParOldGen: 636365K(636416K)->636373K(636416K)
[500.507s][info][gc,metaspace   ] GC(1369) Metaspace: 35565K(36288K)->35565K(36288K) NonClass: 29292K(29824K)->29292K(29824K) Class: 6273K(6464K)->6273K(6464K)
[500.507s][info][gc             ] GC(1369) Pause Young (Allocation Failure) 916M->621M(932M) 2.106ms
[500.507s][info][gc,cpu         ] GC(1369) User=0.00s Sys=0.00s Real=0.01s
[501.232s][info][gc,start       ] GC(1370) Pause Young (Allocation Failure)
[501.234s][info][gc,heap        ] GC(1370) PSYoungGen: 306240K(317952K)->64K(318976K) Eden: 306176K(306176K)->0K(306176K) From: 64K(11776K)->64K(12800K)
[501.234s][info][gc,heap        ] GC(1370) ParOldGen: 636373K(636416K)->636381K(636416K)
[501.234s][info][gc,metaspace   ] GC(1370) Metaspace: 35565K(36288K)->35565K(36288K) NonClass: 29292K(29824K)->29292K(29824K) Class: 6273K(6464K)->6273K(6464K)
[501.234s][info][gc             ] GC(1370) Pause Young (Allocation Failure) 920M->621M(933M) 2.092ms
[501.234s][info][gc,cpu         ] GC(1370) User=0.01s Sys=0.00s Real=0.00s
[502.225s][info][gc,start       ] GC(1371) Pause Young (Allocation Failure)
[502.227s][info][gc,heap        ] GC(1371) PSYoungGen: 306240K(318976K)->64K(320000K) Eden: 306176K(306176K)->0K(309248K) From: 64K(12800K)->64K(10752K)
[502.227s][info][gc,heap        ] GC(1371) ParOldGen: 636381K(636416K)->636389K(636416K)
[502.227s][info][gc,metaspace   ] GC(1371) Metaspace: 35565K(36288K)->35565K(36288K) NonClass: 29292K(29824K)->29292K(29824K) Class: 6273K(6464K)->6273K(6464K)
[502.227s][info][gc             ] GC(1371) Pause Young (Allocation Failure) 920M->621M(934M) 2.039ms
[502.227s][info][gc,cpu         ] GC(1371) User=0.00s Sys=0.00s Real=0.01s
[502.709s][info][gc,start       ] GC(1372) Pause Young (Allocation Failure)
[502.712s][info][gc,heap        ] GC(1372) PSYoungGen: 309312K(320000K)->64K(297472K) Eden: 309248K(309248K)->0K(296960K) From: 64K(10752K)->64K(512K)
[502.712s][info][gc,heap        ] GC(1372) ParOldGen: 636389K(636416K)->636397K(636416K)
[502.712s][info][gc,metaspace   ] GC(1372) Metaspace: 35565K(36288K)->35565K(36288K) NonClass: 29292K(29824K)->29292K(29824K) Class: 6273K(6464K)->6273K(6464K)
[502.712s][info][gc             ] GC(1372) Pause Young (Allocation Failure) 923M->621M(912M) 2.742ms
[502.712s][info][gc,cpu         ] GC(1372) User=0.01s Sys=0.00s Real=0.00s
[503.711s][info][gc,start       ] GC(1373) Pause Young (Allocation Failure)
[503.713s][info][gc,heap        ] GC(1373) PSYoungGen: 297024K(297472K)->64K(285696K) Eden: 296960K(296960K)->0K(285184K) From: 64K(512K)->64K(512K)
[503.713s][info][gc,heap        ] GC(1373) ParOldGen: 636397K(636416K)->636405K(636416K)
[503.713s][info][gc,metaspace   ] GC(1373) Metaspace: 35565K(36288K)->35565K(36288K) NonClass: 29292K(29824K)->29292K(29824K) Class: 6273K(6464K)->6273K(6464K)
[503.713s][info][gc             ] GC(1373) Pause Young (Allocation Failure) 911M->621M(900M) 2.914ms
[503.713s][info][gc,cpu         ] GC(1373) User=0.00s Sys=0.00s Real=0.00s
[504.147s][info][gc,start       ] GC(1374) Pause Young (Allocation Failure)
[504.150s][info][gc,heap        ] GC(1374) PSYoungGen: 285248K(285696K)->64K(283648K) Eden: 285184K(285184K)->0K(273920K) From: 64K(512K)->64K(9728K)
[504.150s][info][gc,heap        ] GC(1374) ParOldGen: 636405K(636416K)->636413K(636416K)
[504.150s][info][gc,metaspace   ] GC(1374) Metaspace: 35565K(36288K)->35565K(36288K) NonClass: 29292K(29824K)->29292K(29824K) Class: 6273K(6464K)->6273K(6464K)
[504.150s][info][gc             ] GC(1374) Pause Young (Allocation Failure) 900M->621M(898M) 2.994ms
[504.150s][info][gc,cpu         ] GC(1374) User=0.00s Sys=0.00s Real=0.00s
[504.318s][info][gc,start       ] GC(1375) Pause Young (Allocation Failure)
[504.320s][info][gc,heap        ] GC(1375) PSYoungGen: 273984K(283648K)->64K(263680K) Eden: 273920K(273920K)->0K(263168K) From: 64K(9728K)->64K(512K)
[504.320s][info][gc,heap        ] GC(1375) ParOldGen: 636413K(636416K)->636429K(636928K)
[504.320s][info][gc,metaspace   ] GC(1375) Metaspace: 35565K(36288K)->35565K(36288K) NonClass: 29292K(29824K)->29292K(29824K) Class: 6273K(6464K)->6273K(6464K)
[504.320s][info][gc             ] GC(1375) Pause Young (Allocation Failure) 889M->621M(879M) 2.616ms
[504.320s][info][gc,cpu         ] GC(1375) User=0.00s Sys=0.00s Real=0.00s
[504.664s][info][gc,start       ] GC(1376) Pause Young (Allocation Failure)
[504.666s][info][gc,heap        ] GC(1376) PSYoungGen: 263232K(263680K)->64K(261120K) Eden: 263168K(263168K)->0K(252928K) From: 64K(512K)->64K(8192K)
[504.666s][info][gc,heap        ] GC(1376) ParOldGen: 636429K(636928K)->636445K(636928K)
[504.666s][info][gc,metaspace   ] GC(1376) Metaspace: 35565K(36288K)->35565K(36288K) NonClass: 29292K(29824K)->29292K(29824K) Class: 6273K(6464K)->6273K(6464K)
[504.666s][info][gc             ] GC(1376) Pause Young (Allocation Failure) 878M->621M(877M) 2.032ms
[504.666s][info][gc,cpu         ] GC(1376) User=0.00s Sys=0.00s Real=0.00s
[505.081s][info][gc,start       ] GC(1377) Pause Young (Allocation Failure)
[505.083s][info][gc,heap        ] GC(1377) PSYoungGen: 252992K(261120K)->64K(243712K) Eden: 252928K(252928K)->0K(243200K) From: 64K(8192K)->64K(512K)
[505.083s][info][gc,heap        ] GC(1377) ParOldGen: 636445K(636928K)->636453K(636928K)
[505.083s][info][gc,metaspace   ] GC(1377) Metaspace: 35565K(36288K)->35565K(36288K) NonClass: 29292K(29824K)->29292K(29824K) Class: 6273K(6464K)->6273K(6464K)
[505.083s][info][gc             ] GC(1377) Pause Young (Allocation Failure) 868M->621M(860M) 2.692ms
[505.083s][info][gc,cpu         ] GC(1377) User=0.00s Sys=0.00s Real=0.00s
[505.491s][info][gc,start       ] GC(1378) Pause Young (Allocation Failure)
[505.502s][info][gc,heap        ] GC(1378) PSYoungGen: 243263K(243712K)->6208K(288768K) Eden: 243199K(243200K)->0K(281600K) From: 64K(512K)->6208K(7168K)
[505.502s][info][gc,heap        ] GC(1378) ParOldGen: 636453K(636928K)->636469K(636928K)
[505.502s][info][gc,metaspace   ] GC(1378) Metaspace: 35565K(36288K)->35565K(36288K) NonClass: 29292K(29824K)->29292K(29824K) Class: 6273K(6464K)->6273K(6464K)
[505.502s][info][gc             ] GC(1378) Pause Young (Allocation Failure) 859M->627M(904M) 10.450ms
[505.502s][info][gc,cpu         ] GC(1378) User=0.02s Sys=0.00s Real=0.01s
[505.821s][info][gc,start       ] GC(1379) Pause Young (Allocation Failure)
[505.886s][info][gc,heap        ] GC(1379) PSYoungGen: 287808K(288768K)->8704K(286208K) Eden: 281600K(281600K)->0K(277504K) From: 6208K(7168K)->8704K(8704K)
[505.886s][info][gc,heap        ] GC(1379) ParOldGen: 636469K(636928K)->657797K(657920K)
[505.886s][info][gc,metaspace   ] GC(1379) Metaspace: 35565K(36288K)->35565K(36288K) NonClass: 29292K(29824K)->29292K(29824K) Class: 6273K(6464K)->6273K(6464K)
[505.887s][info][gc             ] GC(1379) Pause Young (Allocation Failure) 902M->650M(922M) 65.292ms
[505.887s][info][gc,cpu         ] GC(1379) User=0.11s Sys=0.02s Real=0.07s
[506.200s][info][gc,start       ] GC(1380) Pause Full (Allocation Failure)
[506.201s][info][gc,phases,start] GC(1380) Marking Phase
[506.294s][info][gc,phases      ] GC(1380) Marking Phase 93.823ms
[506.294s][info][gc,phases,start] GC(1380) Summary Phase
[506.294s][info][gc,phases      ] GC(1380) Summary Phase 0.029ms
[506.294s][info][gc,phases,start] GC(1380) Forward
[506.325s][info][gc,phases      ] GC(1380) Forward 30.857ms
[506.325s][info][gc,phases,start] GC(1380) Adjust Pointers
[506.375s][info][gc,phases      ] GC(1380) Adjust Pointers 50.086ms
[506.376s][info][gc,phases,start] GC(1380) Compaction Phase
[506.405s][info][gc,phases      ] GC(1380) Compaction Phase 29.497ms
[506.405s][info][gc,phases,start] GC(1380) Post Compact
[506.408s][info][metaspace      ] ChkMgr @0x00007f561403aa80 (non-class-space): : reclaiming memory...
[506.408s][info][metaspace      ] ChkMgr @0x00007f561403aa80 (non-class-space): nothing reclaimed.
[506.408s][info][metaspace      ] ChkMgr @0x00007f561403a890 (class-space): : reclaiming memory...
[506.408s][info][metaspace      ] ChkMgr @0x00007f561403a890 (class-space): nothing reclaimed.
[506.408s][info][gc,phases      ] GC(1380) Post Compact 2.903ms
[506.447s][info][gc,heap        ] GC(1380) PSYoungGen: 286208K(286208K)->0K(295936K) Eden: 277504K(277504K)->0K(277504K) From: 8704K(8704K)->0K(18432K)
[506.447s][info][gc,heap        ] GC(1380) ParOldGen: 657797K(657920K)->87133K(175104K)
[506.447s][info][gc,metaspace   ] GC(1380) Metaspace: 35565K(36288K)->35523K(36288K) NonClass: 29292K(29824K)->29250K(29824K) Class: 6273K(6464K)->6272K(6464K)
[506.447s][info][gc             ] GC(1380) Pause Full (Allocation Failure) 921M->85M(460M) 246.586ms
[506.447s][info][gc,cpu         ] GC(1380) User=0.37s Sys=0.04s Real=0.25s
[506.562s][info][gc,start       ] GC(1381) Pause Young (Allocation Failure)
[506.577s][info][gc,heap        ] GC(1381) PSYoungGen: 277504K(295936K)->3200K(313344K) Eden: 277504K(277504K)->0K(296960K) From: 0K(18432K)->3200K(16384K)
[506.577s][info][gc,heap        ] GC(1381) ParOldGen: 87133K(175104K)->87133K(175104K)
[506.577s][info][gc,metaspace   ] GC(1381) Metaspace: 35526K(36288K)->35526K(36288K) NonClass: 29254K(29824K)->29254K(29824K) Class: 6272K(6464K)->6272K(6464K)
[506.577s][info][gc             ] GC(1381) Pause Young (Allocation Failure) 356M->88M(477M) 14.471ms
[506.577s][info][gc,cpu         ] GC(1381) User=0.02s Sys=0.01s Real=0.02s
[507.223s][info][gc,start       ] GC(1382) Pause Young (Allocation Failure)
[507.224s][info][gc,heap        ] GC(1382) PSYoungGen: 300160K(313344K)->64K(314368K) Eden: 296960K(296960K)->0K(296960K) From: 3200K(16384K)->64K(17408K)
[507.224s][info][gc,heap        ] GC(1382) ParOldGen: 87133K(175104K)->87141K(175104K)
[507.224s][info][gc,metaspace   ] GC(1382) Metaspace: 35526K(36288K)->35526K(36288K) NonClass: 29254K(29824K)->29254K(29824K) Class: 6272K(6464K)->6272K(6464K)
[507.224s][info][gc             ] GC(1382) Pause Young (Allocation Failure) 378M->85M(478M) 0.753ms
[507.224s][info][gc,cpu         ] GC(1382) User=0.00s Sys=0.00s Real=0.00s
[507.665s][info][gc,start       ] GC(1383) Pause Young (Allocation Failure)
[507.665s][info][gc,heap        ] GC(1383) PSYoungGen: 297024K(314368K)->64K(313856K) Eden: 296960K(296960K)->0K(299520K) From: 64K(17408K)->64K(14336K)
[507.665s][info][gc,heap        ] GC(1383) ParOldGen: 87141K(175104K)->87149K(175104K)
[507.665s][info][gc,metaspace   ] GC(1383) Metaspace: 35526K(36288K)->35526K(36288K) NonClass: 29254K(29824K)->29254K(29824K) Class: 6272K(6464K)->6272K(6464K)
[507.665s][info][gc             ] GC(1383) Pause Young (Allocation Failure) 375M->85M(477M) 0.821ms
[507.665s][info][gc,cpu         ] GC(1383) User=0.00s Sys=0.00s Real=0.00s
[508.117s][info][gc,start       ] GC(1384) Pause Young (Allocation Failure)
[508.118s][info][gc,heap        ] GC(1384) PSYoungGen: 299584K(313856K)->64K(315392K) Eden: 299520K(299520K)->0K(299520K) From: 64K(14336K)->64K(15872K)
[508.118s][info][gc,heap        ] GC(1384) ParOldGen: 87149K(175104K)->87165K(175104K)
[508.118s][info][gc,metaspace   ] GC(1384) Metaspace: 35526K(36288K)->35526K(36288K) NonClass: 29254K(29824K)->29254K(29824K) Class: 6272K(6464K)->6272K(6464K)
[508.118s][info][gc             ] GC(1384) Pause Young (Allocation Failure) 377M->85M(479M) 0.780ms
[508.118s][info][gc,cpu         ] GC(1384) User=0.00s Sys=0.00s Real=0.00s
[508.355s][info][gc,start       ] GC(1385) Pause Young (Allocation Failure)
[508.356s][info][gc,heap        ] GC(1385) PSYoungGen: 299584K(315392K)->32K(316416K) Eden: 299520K(299520K)->0K(302592K) From: 64K(15872K)->32K(13824K)
[508.356s][info][gc,heap        ] GC(1385) ParOldGen: 87165K(175104K)->87181K(175104K)
[508.356s][info][gc,metaspace   ] GC(1385) Metaspace: 35526K(36288K)->35526K(36288K) NonClass: 29254K(29824K)->29254K(29824K) Class: 6272K(6464K)->6272K(6464K)
[508.356s][info][gc             ] GC(1385) Pause Young (Allocation Failure) 377M->85M(480M) 0.809ms
[508.356s][info][gc,cpu         ] GC(1385) User=0.00s Sys=0.00s Real=0.01s
[508.596s][info][gc,start       ] GC(1386) Pause Young (Allocation Failure)
[508.597s][info][gc,heap        ] GC(1386) PSYoungGen: 302624K(316416K)->64K(317440K) Eden: 302592K(302592K)->0K(302592K) From: 32K(13824K)->64K(14848K)
[508.597s][info][gc,heap        ] GC(1386) ParOldGen: 87181K(175104K)->87181K(175104K)
[508.597s][info][gc,metaspace   ] GC(1386) Metaspace: 35526K(36288K)->35526K(36288K) NonClass: 29254K(29824K)->29254K(29824K) Class: 6272K(6464K)->6272K(6464K)
[508.597s][info][gc             ] GC(1386) Pause Young (Allocation Failure) 380M->85M(481M) 0.774ms
[508.597s][info][gc,cpu         ] GC(1386) User=0.00s Sys=0.00s Real=0.00s
[508.915s][info][gc,start       ] GC(1387) Pause Young (Allocation Failure)
[508.916s][info][gc,heap        ] GC(1387) PSYoungGen: 302656K(317440K)->64K(317952K) Eden: 302592K(302592K)->0K(305152K) From: 64K(14848K)->64K(12800K)
[508.916s][info][gc,heap        ] GC(1387) ParOldGen: 87181K(175104K)->87181K(175104K)
[508.916s][info][gc,metaspace   ] GC(1387) Metaspace: 35526K(36288K)->35526K(36288K) NonClass: 29254K(29824K)->29254K(29824K) Class: 6272K(6464K)->6272K(6464K)
[508.916s][info][gc             ] GC(1387) Pause Young (Allocation Failure) 380M->85M(481M) 0.781ms
[508.916s][info][gc,cpu         ] GC(1387) User=0.00s Sys=0.00s Real=0.01s
[508.971s][info][gc,start       ] GC(1388) Pause Young (Allocation Failure)
[508.972s][info][gc,heap        ] GC(1388) PSYoungGen: 305216K(317952K)->64K(318464K) Eden: 305152K(305152K)->0K(305152K) From: 64K(12800K)->64K(13312K)
[508.972s][info][gc,heap        ] GC(1388) ParOldGen: 87181K(175104K)->87197K(175104K)
[508.972s][info][gc,metaspace   ] GC(1388) Metaspace: 35526K(36288K)->35526K(36288K) NonClass: 29254K(29824K)->29254K(29824K) Class: 6272K(6464K)->6272K(6464K)
[508.972s][info][gc             ] GC(1388) Pause Young (Allocation Failure) 383M->85M(482M) 0.834ms
[508.972s][info][gc,cpu         ] GC(1388) User=0.00s Sys=0.00s Real=0.00s
[509.050s][info][gc,start       ] GC(1389) Pause Young (Allocation Failure)
[509.050s][info][gc,heap        ] GC(1389) PSYoungGen: 305216K(318464K)->64K(320000K) Eden: 305152K(305152K)->0K(308224K) From: 64K(13312K)->64K(11776K)
[509.050s][info][gc,heap        ] GC(1389) ParOldGen: 87197K(175104K)->87197K(175104K)
[509.050s][info][gc,metaspace   ] GC(1389) Metaspace: 35526K(36288K)->35526K(36288K) NonClass: 29254K(29824K)->29254K(29824K) Class: 6272K(6464K)->6272K(6464K)
[509.050s][info][gc             ] GC(1389) Pause Young (Allocation Failure) 383M->85M(483M) 0.800ms
[509.050s][info][gc,cpu         ] GC(1389) User=0.01s Sys=0.00s Real=0.00s
[509.276s][info][gc,start       ] GC(1390) Pause Young (Allocation Failure)
[509.277s][info][gc,heap        ] GC(1390) PSYoungGen: 308288K(320000K)->64K(296448K) Eden: 308224K(308224K)->0K(295936K) From: 64K(11776K)->64K(512K)
[509.277s][info][gc,heap        ] GC(1390) ParOldGen: 87197K(175104K)->87213K(175104K)
[509.277s][info][gc,metaspace   ] GC(1390) Metaspace: 35526K(36288K)->35526K(36288K) NonClass: 29254K(29824K)->29254K(29824K) Class: 6272K(6464K)->6272K(6464K)
[509.277s][info][gc             ] GC(1390) Pause Young (Allocation Failure) 386M->85M(460M) 0.773ms
[509.277s][info][gc,cpu         ] GC(1390) User=0.00s Sys=0.00s Real=0.00s
[509.477s][info][gc,start       ] GC(1391) Pause Young (Allocation Failure)
[509.478s][info][gc,heap        ] GC(1391) PSYoungGen: 296000K(296448K)->64K(284672K) Eden: 295936K(295936K)->0K(284160K) From: 64K(512K)->64K(512K)
[509.478s][info][gc,heap        ] GC(1391) ParOldGen: 87213K(175104K)->87213K(175104K)
[509.478s][info][gc,metaspace   ] GC(1391) Metaspace: 35526K(36288K)->35526K(36288K) NonClass: 29254K(29824K)->29254K(29824K) Class: 6272K(6464K)->6272K(6464K)
[509.478s][info][gc             ] GC(1391) Pause Young (Allocation Failure) 374M->85M(449M) 1.109ms
[509.478s][info][gc,cpu         ] GC(1391) User=0.00s Sys=0.00s Real=0.00s
[509.555s][info][gc,start       ] GC(1392) Pause Young (Allocation Failure)
[509.556s][info][gc,heap        ] GC(1392) PSYoungGen: 284224K(284672K)->64K(283136K) Eden: 284160K(284160K)->0K(272896K) From: 64K(512K)->64K(10240K)
[509.556s][info][gc,heap        ] GC(1392) ParOldGen: 87213K(175104K)->87229K(175104K)
[509.556s][info][gc,metaspace   ] GC(1392) Metaspace: 35526K(36288K)->35526K(36288K) NonClass: 29254K(29824K)->29254K(29824K) Class: 6272K(6464K)->6272K(6464K)
[509.556s][info][gc             ] GC(1392) Pause Young (Allocation Failure) 362M->85M(447M) 0.710ms
[509.556s][info][gc,cpu         ] GC(1392) User=0.00s Sys=0.00s Real=0.00s
[509.664s][info][gc,start       ] GC(1393) Pause Young (Allocation Failure)
[509.666s][info][gc,heap        ] GC(1393) PSYoungGen: 272960K(283136K)->64K(262656K) Eden: 272896K(272896K)->0K(262144K) From: 64K(10240K)->64K(512K)
[509.666s][info][gc,heap        ] GC(1393) ParOldGen: 87229K(175104K)->87229K(175104K)
[509.666s][info][gc,metaspace   ] GC(1393) Metaspace: 35526K(36288K)->35526K(36288K) NonClass: 29254K(29824K)->29254K(29824K) Class: 6272K(6464K)->6272K(6464K)
[509.666s][info][gc             ] GC(1393) Pause Young (Allocation Failure) 351M->85M(427M) 1.543ms
[509.666s][info][gc,cpu         ] GC(1393) User=0.00s Sys=0.01s Real=0.00s
[509.884s][info][gc,start       ] GC(1394) Pause Young (Allocation Failure)
[509.884s][info][gc,heap        ] GC(1394) PSYoungGen: 262208K(262656K)->64K(261120K) Eden: 262144K(262144K)->0K(251904K) From: 64K(512K)->64K(9216K)
[509.884s][info][gc,heap        ] GC(1394) ParOldGen: 87229K(175104K)->87237K(175104K)
[509.884s][info][gc,metaspace   ] GC(1394) Metaspace: 35526K(36288K)->35526K(36288K) NonClass: 29254K(29824K)->29254K(29824K) Class: 6272K(6464K)->6272K(6464K)
[509.884s][info][gc             ] GC(1394) Pause Young (Allocation Failure) 341M->85M(426M) 0.762ms
[509.884s][info][gc,cpu         ] GC(1394) User=0.00s Sys=0.00s Real=0.00s
[510.768s][info][gc,start       ] GC(1395) Pause Young (Allocation Failure)
[510.769s][info][gc,heap        ] GC(1395) PSYoungGen: 251968K(261120K)->64K(242688K) Eden: 251904K(251904K)->0K(242176K) From: 64K(9216K)->64K(512K)
[510.769s][info][gc,heap        ] GC(1395) ParOldGen: 87237K(175104K)->87245K(175104K)
[510.769s][info][gc,metaspace   ] GC(1395) Metaspace: 35526K(36288K)->35526K(36288K) NonClass: 29254K(29824K)->29254K(29824K) Class: 6272K(6464K)->6272K(6464K)
[510.769s][info][gc             ] GC(1395) Pause Young (Allocation Failure) 331M->85M(408M) 1.640ms
[510.769s][info][gc,cpu         ] GC(1395) User=0.00s Sys=0.00s Real=0.00s
[511.661s][info][gc,start       ] GC(1396) Pause Young (Allocation Failure)
[511.662s][info][gc,heap        ] GC(1396) PSYoungGen: 242240K(242688K)->64K(241152K) Eden: 242176K(242176K)->0K(232960K) From: 64K(512K)->64K(8192K)
[511.662s][info][gc,heap        ] GC(1396) ParOldGen: 87245K(175104K)->87253K(175104K)
[511.662s][info][gc,metaspace   ] GC(1396) Metaspace: 35526K(36288K)->35526K(36288K) NonClass: 29254K(29824K)->29254K(29824K) Class: 6272K(6464K)->6272K(6464K)
[511.662s][info][gc             ] GC(1396) Pause Young (Allocation Failure) 321M->85M(406M) 0.773ms
[511.662s][info][gc,cpu         ] GC(1396) User=0.00s Sys=0.00s Real=0.00s
[511.833s][info][gc,start       ] GC(1397) Pause Young (Allocation Failure)
[511.835s][info][gc,heap        ] GC(1397) PSYoungGen: 233024K(241152K)->64K(224768K) Eden: 232960K(232960K)->0K(224256K) From: 64K(8192K)->64K(512K)
[511.835s][info][gc,heap        ] GC(1397) ParOldGen: 87253K(175104K)->87261K(175104K)
[511.835s][info][gc,metaspace   ] GC(1397) Metaspace: 35526K(36288K)->35526K(36288K) NonClass: 29254K(29824K)->29254K(29824K) Class: 6272K(6464K)->6272K(6464K)
[511.835s][info][gc             ] GC(1397) Pause Young (Allocation Failure) 312M->85M(390M) 1.513ms
[511.835s][info][gc,cpu         ] GC(1397) User=0.00s Sys=0.00s Real=0.00s
[512.250s][info][gc,start       ] GC(1398) Pause Young (Allocation Failure)
[512.251s][info][gc,heap        ] GC(1398) PSYoungGen: 224320K(224768K)->64K(223232K) Eden: 224256K(224256K)->0K(216064K) From: 64K(512K)->64K(7168K)
[512.251s][info][gc,heap        ] GC(1398) ParOldGen: 87261K(175104K)->87277K(175104K)
[512.251s][info][gc,metaspace   ] GC(1398) Metaspace: 35526K(36288K)->35526K(36288K) NonClass: 29254K(29824K)->29254K(29824K) Class: 6272K(6464K)->6272K(6464K)
[512.251s][info][gc             ] GC(1398) Pause Young (Allocation Failure) 304M->85M(389M) 1.154ms
[512.251s][info][gc,cpu         ] GC(1398) User=0.00s Sys=0.00s Real=0.00s
[512.901s][info][gc,start       ] GC(1399) Pause Young (Allocation Failure)
[512.903s][info][gc,heap        ] GC(1399) PSYoungGen: 216128K(223232K)->64K(208896K) Eden: 216064K(216064K)->0K(208384K) From: 64K(7168K)->64K(512K)
[512.903s][info][gc,heap        ] GC(1399) ParOldGen: 87277K(175104K)->87293K(175104K)
[512.903s][info][gc,metaspace   ] GC(1399) Metaspace: 35526K(36288K)->35526K(36288K) NonClass: 29254K(29824K)->29254K(29824K) Class: 6272K(6464K)->6272K(6464K)
[512.903s][info][gc             ] GC(1399) Pause Young (Allocation Failure) 296M->85M(375M) 1.893ms
[512.903s][info][gc,cpu         ] GC(1399) User=0.01s Sys=0.00s Real=0.00s
[513.394s][info][gc,start       ] GC(1400) Pause Young (Allocation Failure)
[513.395s][info][gc,heap        ] GC(1400) PSYoungGen: 208448K(208896K)->64K(206848K) Eden: 208384K(208384K)->0K(200704K) From: 64K(512K)->64K(6144K)
[513.395s][info][gc,heap        ] GC(1400) ParOldGen: 87293K(175104K)->87309K(175104K)
[513.395s][info][gc,metaspace   ] GC(1400) Metaspace: 35526K(36288K)->35526K(36288K) NonClass: 29254K(29824K)->29254K(29824K) Class: 6272K(6464K)->6272K(6464K)
[513.395s][info][gc             ] GC(1400) Pause Young (Allocation Failure) 288M->85M(373M) 1.188ms
[513.395s][info][gc,cpu         ] GC(1400) User=0.01s Sys=0.00s Real=0.00s
[513.710s][info][gc,start       ] GC(1401) Pause Young (Allocation Failure)
[513.712s][info][gc,heap        ] GC(1401) PSYoungGen: 200768K(206848K)->64K(194048K) Eden: 200704K(200704K)->0K(193536K) From: 64K(6144K)->64K(512K)
[513.712s][info][gc,heap        ] GC(1401) ParOldGen: 87309K(175104K)->87325K(175104K)
[513.712s][info][gc,metaspace   ] GC(1401) Metaspace: 35526K(36288K)->35526K(36288K) NonClass: 29254K(29824K)->29254K(29824K) Class: 6272K(6464K)->6272K(6464K)
[513.712s][info][gc             ] GC(1401) Pause Young (Allocation Failure) 281M->85M(360M) 1.693ms
[513.712s][info][gc,cpu         ] GC(1401) User=0.00s Sys=0.00s Real=0.00s
[513.853s][info][gc,start       ] GC(1402) Pause Young (Allocation Failure)
[513.854s][info][gc,heap        ] GC(1402) PSYoungGen: 193600K(194048K)->64K(192000K) Eden: 193536K(193536K)->0K(186880K) From: 64K(512K)->64K(5120K)
[513.854s][info][gc,heap        ] GC(1402) ParOldGen: 87325K(175104K)->87341K(175104K)
[513.854s][info][gc,metaspace   ] GC(1402) Metaspace: 35526K(36288K)->35526K(36288K) NonClass: 29254K(29824K)->29254K(29824K) Class: 6272K(6464K)->6272K(6464K)
[513.854s][info][gc             ] GC(1402) Pause Young (Allocation Failure) 274M->85M(358M) 1.177ms
[513.854s][info][gc,cpu         ] GC(1402) User=0.00s Sys=0.00s Real=0.00s
[513.922s][info][gc,start       ] GC(1403) Pause Young (Allocation Failure)
[513.923s][info][gc,heap        ] GC(1403) PSYoungGen: 186944K(192000K)->64K(180736K) Eden: 186880K(186880K)->0K(180224K) From: 64K(5120K)->64K(512K)
[513.923s][info][gc,heap        ] GC(1403) ParOldGen: 87341K(175104K)->87357K(175104K)
[513.923s][info][gc,metaspace   ] GC(1403) Metaspace: 35526K(36288K)->35526K(36288K) NonClass: 29254K(29824K)->29254K(29824K) Class: 6272K(6464K)->6272K(6464K)
[513.923s][info][gc             ] GC(1403) Pause Young (Allocation Failure) 267M->85M(347M) 1.587ms
[513.923s][info][gc,cpu         ] GC(1403) User=0.00s Sys=0.00s Real=0.00s
[514.314s][info][gc,start       ] GC(1404) Pause Young (Allocation Failure)
[514.315s][info][gc,heap        ] GC(1404) PSYoungGen: 180288K(180736K)->64K(178688K) Eden: 180224K(180224K)->0K(174080K) From: 64K(512K)->64K(4608K)
[514.315s][info][gc,heap        ] GC(1404) ParOldGen: 87357K(175104K)->87373K(175104K)
[514.315s][info][gc,metaspace   ] GC(1404) Metaspace: 35526K(36288K)->35526K(36288K) NonClass: 29254K(29824K)->29254K(29824K) Class: 6272K(6464K)->6272K(6464K)
[514.315s][info][gc             ] GC(1404) Pause Young (Allocation Failure) 261M->85M(345M) 1.164ms
[514.315s][info][gc,cpu         ] GC(1404) User=0.00s Sys=0.00s Real=0.00s
[514.613s][info][gc,start       ] GC(1405) Pause Young (Allocation Failure)
[514.615s][info][gc,heap        ] GC(1405) PSYoungGen: 174144K(178688K)->64K(168448K) Eden: 174080K(174080K)->0K(167936K) From: 64K(4608K)->64K(512K)
[514.615s][info][gc,heap        ] GC(1405) ParOldGen: 87373K(175104K)->87389K(175104K)
[514.615s][info][gc,metaspace   ] GC(1405) Metaspace: 35526K(36288K)->35526K(36288K) NonClass: 29254K(29824K)->29254K(29824K) Class: 6272K(6464K)->6272K(6464K)
[514.615s][info][gc             ] GC(1405) Pause Young (Allocation Failure) 255M->85M(335M) 1.627ms
[514.615s][info][gc,cpu         ] GC(1405) User=0.00s Sys=0.00s Real=0.00s
[514.842s][info][gc,start       ] GC(1406) Pause Young (Allocation Failure)
[514.843s][info][gc,heap        ] GC(1406) PSYoungGen: 168000K(168448K)->64K(166400K) Eden: 167936K(167936K)->0K(162304K) From: 64K(512K)->64K(4096K)
[514.843s][info][gc,heap        ] GC(1406) ParOldGen: 87389K(175104K)->87405K(175104K)
[514.843s][info][gc,metaspace   ] GC(1406) Metaspace: 35526K(36288K)->35526K(36288K) NonClass: 29254K(29824K)->29254K(29824K) Class: 6272K(6464K)->6272K(6464K)
[514.843s][info][gc             ] GC(1406) Pause Young (Allocation Failure) 249M->85M(333M) 1.191ms
[514.843s][info][gc,cpu         ] GC(1406) User=0.00s Sys=0.00s Real=0.00s
[515.091s][info][gc,start       ] GC(1407) Pause Young (Allocation Failure)
[515.112s][info][gc,heap        ] GC(1407) PSYoungGen: 162368K(166400K)->3584K(197120K) Eden: 162304K(162304K)->0K(193536K) From: 64K(4096K)->3584K(3584K)
[515.112s][info][gc,heap        ] GC(1407) ParOldGen: 87405K(175104K)->94797K(175104K)
[515.112s][info][gc,metaspace   ] GC(1407) Metaspace: 35526K(36288K)->35526K(36288K) NonClass: 29254K(29824K)->29254K(29824K) Class: 6272K(6464K)->6272K(6464K)
[515.112s][info][gc             ] GC(1407) Pause Young (Allocation Failure) 243M->96M(363M) 21.167ms
[515.112s][info][gc,cpu         ] GC(1407) User=0.04s Sys=0.00s Real=0.02s
[515.331s][info][gc,start       ] GC(1408) Pause Young (Allocation Failure)
[515.384s][info][gc,heap        ] GC(1408) PSYoungGen: 197120K(197120K)->7168K(239104K) Eden: 193536K(193536K)->0K(231936K) From: 3584K(3584K)->7168K(7168K)
[515.384s][info][gc,heap        ] GC(1408) ParOldGen: 94797K(175104K)->108549K(175104K)
[515.384s][info][gc,metaspace   ] GC(1408) Metaspace: 35526K(36288K)->35526K(36288K) NonClass: 29254K(29824K)->29254K(29824K) Class: 6272K(6464K)->6272K(6464K)
[515.384s][info][gc             ] GC(1408) Pause Young (Allocation Failure) 285M->113M(404M) 53.510ms
[515.384s][info][gc,cpu         ] GC(1408) User=0.07s Sys=0.00s Real=0.05s
[515.647s][info][gc,start       ] GC(1409) Pause Young (Allocation Failure)
[515.690s][info][gc,heap        ] GC(1409) PSYoungGen: 239104K(239104K)->4096K(241664K) Eden: 231936K(231936K)->0K(237568K) From: 7168K(7168K)->4096K(4096K)
[515.690s][info][gc,heap        ] GC(1409) ParOldGen: 108549K(175104K)->129701K(175104K)
[515.690s][info][gc,metaspace   ] GC(1409) Metaspace: 35526K(36288K)->35526K(36288K) NonClass: 29254K(29824K)->29254K(29824K) Class: 6272K(6464K)->6272K(6464K)
[515.690s][info][gc             ] GC(1409) Pause Young (Allocation Failure) 339M->130M(407M) 43.086ms
[515.690s][info][gc,cpu         ] GC(1409) User=0.08s Sys=0.00s Real=0.04s
[515.855s][info][gc,start       ] GC(1410) Pause Young (Allocation Failure)
[515.880s][info][gc,heap        ] GC(1410) PSYoungGen: 241664K(241664K)->12640K(258560K) Eden: 237568K(237568K)->0K(237568K) From: 4096K(4096K)->12640K(20992K)
[515.880s][info][gc,heap        ] GC(1410) ParOldGen: 129701K(175104K)->130485K(175104K)
[515.880s][info][gc,metaspace   ] GC(1410) Metaspace: 35526K(36288K)->35526K(36288K) NonClass: 29254K(29824K)->29254K(29824K) Class: 6272K(6464K)->6272K(6464K)
[515.880s][info][gc             ] GC(1410) Pause Young (Allocation Failure) 362M->139M(423M) 25.731ms
[515.880s][info][gc,cpu         ] GC(1410) User=0.05s Sys=0.00s Real=0.03s
[516.090s][info][gc,start       ] GC(1411) Pause Young (Allocation Failure)
[516.091s][info][gc,heap        ] GC(1411) PSYoungGen: 250208K(258560K)->64K(305664K) Eden: 237568K(237568K)->0K(284672K) From: 12640K(20992K)->64K(20992K)
[516.091s][info][gc,heap        ] GC(1411) ParOldGen: 130485K(175104K)->130493K(175104K)
[516.091s][info][gc,metaspace   ] GC(1411) Metaspace: 35526K(36288K)->35526K(36288K) NonClass: 29254K(29824K)->29254K(29824K) Class: 6272K(6464K)->6272K(6464K)
[516.091s][info][gc             ] GC(1411) Pause Young (Allocation Failure) 371M->127M(469M) 0.923ms
[516.091s][info][gc,cpu         ] GC(1411) User=0.00s Sys=0.00s Real=0.00s
[516.824s][info][gc,start       ] GC(1412) Pause Young (Allocation Failure)
[516.825s][info][gc,heap        ] GC(1412) PSYoungGen: 284736K(305664K)->64K(306176K) Eden: 284672K(284672K)->0K(284672K) From: 64K(20992K)->64K(21504K)
[516.825s][info][gc,heap        ] GC(1412) ParOldGen: 130493K(175104K)->130501K(175104K)
[516.825s][info][gc,metaspace   ] GC(1412) Metaspace: 35526K(36288K)->35526K(36288K) NonClass: 29254K(29824K)->29254K(29824K) Class: 6272K(6464K)->6272K(6464K)
[516.825s][info][gc             ] GC(1412) Pause Young (Allocation Failure) 405M->127M(470M) 0.859ms
[516.825s][info][gc,cpu         ] GC(1412) User=0.00s Sys=0.00s Real=0.00s
[517.091s][info][gc,start       ] GC(1413) Pause Young (Allocation Failure)
[517.092s][info][gc,heap        ] GC(1413) PSYoungGen: 284736K(306176K)->64K(311296K) Eden: 284672K(284672K)->0K(291328K) From: 64K(21504K)->64K(19968K)
[517.092s][info][gc,heap        ] GC(1413) ParOldGen: 130501K(175104K)->130517K(175104K)
[517.092s][info][gc,metaspace   ] GC(1413) Metaspace: 35526K(36288K)->35526K(36288K) NonClass: 29254K(29824K)->29254K(29824K) Class: 6272K(6464K)->6272K(6464K)
[517.092s][info][gc             ] GC(1413) Pause Young (Allocation Failure) 405M->127M(475M) 0.876ms
[517.092s][info][gc,cpu         ] GC(1413) User=0.00s Sys=0.00s Real=0.00s
[517.537s][info][gc,start       ] GC(1414) Pause Young (Allocation Failure)
[517.537s][info][gc,heap        ] GC(1414) PSYoungGen: 291392K(311296K)->64K(311808K) Eden: 291328K(291328K)->0K(291328K) From: 64K(19968K)->64K(20480K)
[517.537s][info][gc,heap        ] GC(1414) ParOldGen: 130517K(175104K)->130525K(175104K)
[517.537s][info][gc,metaspace   ] GC(1414) Metaspace: 35526K(36288K)->35526K(36288K) NonClass: 29254K(29824K)->29254K(29824K) Class: 6272K(6464K)->6272K(6464K)
[517.537s][info][gc             ] GC(1414) Pause Young (Allocation Failure) 412M->127M(475M) 0.858ms
[517.537s][info][gc,cpu         ] GC(1414) User=0.00s Sys=0.00s Real=0.00s
[517.768s][info][gc,start       ] GC(1415) Pause Young (Allocation Failure)
[517.769s][info][gc,heap        ] GC(1415) PSYoungGen: 291392K(311808K)->64K(311808K) Eden: 291328K(291328K)->0K(293888K) From: 64K(20480K)->64K(17920K)
[517.769s][info][gc,heap        ] GC(1415) ParOldGen: 130525K(175104K)->130541K(175104K)
[517.769s][info][gc,metaspace   ] GC(1415) Metaspace: 35526K(36288K)->35526K(36288K) NonClass: 29254K(29824K)->29254K(29824K) Class: 6272K(6464K)->6272K(6464K)
[517.769s][info][gc             ] GC(1415) Pause Young (Allocation Failure) 412M->127M(475M) 0.944ms
[517.769s][info][gc,cpu         ] GC(1415) User=0.00s Sys=0.00s Real=0.00s
[518.115s][info][gc,start       ] GC(1416) Pause Young (Allocation Failure)
[518.116s][info][gc,heap        ] GC(1416) PSYoungGen: 293952K(311808K)->64K(312320K) Eden: 293888K(293888K)->0K(293888K) From: 64K(17920K)->64K(18432K)
[518.116s][info][gc,heap        ] GC(1416) ParOldGen: 130541K(175104K)->130541K(175104K)
[518.116s][info][gc,metaspace   ] GC(1416) Metaspace: 35526K(36288K)->35526K(36288K) NonClass: 29254K(29824K)->29254K(29824K) Class: 6272K(6464K)->6272K(6464K)
[518.116s][info][gc             ] GC(1416) Pause Young (Allocation Failure) 414M->127M(476M) 0.876ms
[518.116s][info][gc,cpu         ] GC(1416) User=0.00s Sys=0.00s Real=0.00s
[518.286s][info][gc,start       ] GC(1417) Pause Young (Allocation Failure)
[518.286s][info][gc,heap        ] GC(1417) PSYoungGen: 293952K(312320K)->64K(313344K) Eden: 293888K(293888K)->0K(297472K) From: 64K(18432K)->64K(15872K)
[518.286s][info][gc,heap        ] GC(1417) ParOldGen: 130541K(175104K)->130549K(175104K)
[518.286s][info][gc,metaspace   ] GC(1417) Metaspace: 35526K(36288K)->35526K(36288K) NonClass: 29254K(29824K)->29254K(29824K) Class: 6272K(6464K)->6272K(6464K)
[518.286s][info][gc             ] GC(1417) Pause Young (Allocation Failure) 414M->127M(477M) 0.909ms
[518.286s][info][gc,cpu         ] GC(1417) User=0.00s Sys=0.00s Real=0.01s
[518.343s][info][gc,start       ] GC(1418) Pause Young (Allocation Failure)
[518.344s][info][gc,heap        ] GC(1418) PSYoungGen: 297536K(313344K)->64K(314368K) Eden: 297472K(297472K)->0K(297472K) From: 64K(15872K)->64K(16896K)
[518.344s][info][gc,heap        ] GC(1418) ParOldGen: 130549K(175104K)->130565K(175104K)
[518.344s][info][gc,metaspace   ] GC(1418) Metaspace: 35526K(36288K)->35526K(36288K) NonClass: 29254K(29824K)->29254K(29824K) Class: 6272K(6464K)->6272K(6464K)
[518.344s][info][gc             ] GC(1418) Pause Young (Allocation Failure) 418M->127M(478M) 0.871ms
[518.344s][info][gc,cpu         ] GC(1418) User=0.00s Sys=0.00s Real=0.00s
[518.439s][info][gc,start       ] GC(1419) Pause Young (Allocation Failure)
[518.440s][info][gc,heap        ] GC(1419) PSYoungGen: 297536K(314368K)->64K(315904K) Eden: 297472K(297472K)->0K(301056K) From: 64K(16896K)->64K(14848K)
[518.440s][info][gc,heap        ] GC(1419) ParOldGen: 130565K(175104K)->130565K(175104K)
[518.440s][info][gc,metaspace   ] GC(1419) Metaspace: 35526K(36288K)->35526K(36288K) NonClass: 29254K(29824K)->29254K(29824K) Class: 6272K(6464K)->6272K(6464K)
[518.440s][info][gc             ] GC(1419) Pause Young (Allocation Failure) 418M->127M(479M) 0.899ms
[518.440s][info][gc,cpu         ] GC(1419) User=0.00s Sys=0.01s Real=0.00s
[518.661s][info][gc,start       ] GC(1420) Pause Young (Allocation Failure)
[518.662s][info][gc,heap        ] GC(1420) PSYoungGen: 301120K(315904K)->64K(316416K) Eden: 301056K(301056K)->0K(301056K) From: 64K(14848K)->64K(15360K)
[518.662s][info][gc,heap        ] GC(1420) ParOldGen: 130565K(175104K)->130581K(175104K)
[518.662s][info][gc,metaspace   ] GC(1420) Metaspace: 35526K(36288K)->35526K(36288K) NonClass: 29254K(29824K)->29254K(29824K) Class: 6272K(6464K)->6272K(6464K)
[518.662s][info][gc             ] GC(1420) Pause Young (Allocation Failure) 421M->127M(480M) 0.919ms
[518.662s][info][gc,cpu         ] GC(1420) User=0.00s Sys=0.00s Real=0.00s
[518.851s][info][gc,start       ] GC(1421) Pause Young (Allocation Failure)
[518.851s][info][gc,heap        ] GC(1421) PSYoungGen: 301120K(316416K)->64K(289792K) Eden: 301056K(301056K)->0K(289280K) From: 64K(15360K)->64K(512K)
[518.851s][info][gc,heap        ] GC(1421) ParOldGen: 130581K(175104K)->130581K(175104K)
[518.851s][info][gc,metaspace   ] GC(1421) Metaspace: 35526K(36288K)->35526K(36288K) NonClass: 29254K(29824K)->29254K(29824K) Class: 6272K(6464K)->6272K(6464K)
[518.852s][info][gc             ] GC(1421) Pause Young (Allocation Failure) 421M->127M(454M) 0.946ms
[518.852s][info][gc,cpu         ] GC(1421) User=0.00s Sys=0.00s Real=0.00s
[518.930s][info][gc,start       ] GC(1422) Pause Young (Allocation Failure)
[518.931s][info][gc,heap        ] GC(1422) PSYoungGen: 289344K(289792K)->64K(291840K) Eden: 289280K(289280K)->0K(278016K) From: 64K(512K)->64K(13824K)
[518.931s][info][gc,heap        ] GC(1422) ParOldGen: 130581K(175104K)->130597K(175104K)
[518.931s][info][gc,metaspace   ] GC(1422) Metaspace: 35526K(36288K)->35526K(36288K) NonClass: 29254K(29824K)->29254K(29824K) Class: 6272K(6464K)->6272K(6464K)
[518.931s][info][gc             ] GC(1422) Pause Young (Allocation Failure) 410M->127M(456M) 0.814ms
[518.931s][info][gc,cpu         ] GC(1422) User=0.00s Sys=0.00s Real=0.00s
[519.051s][info][gc,start       ] GC(1423) Pause Young (Allocation Failure)
[519.052s][info][gc,heap        ] GC(1423) PSYoungGen: 278080K(291840K)->64K(267776K) Eden: 278016K(278016K)->0K(267264K) From: 64K(13824K)->64K(512K)
[519.052s][info][gc,heap        ] GC(1423) ParOldGen: 130597K(175104K)->130597K(175104K)
[519.052s][info][gc,metaspace   ] GC(1423) Metaspace: 35526K(36288K)->35526K(36288K) NonClass: 29254K(29824K)->29254K(29824K) Class: 6272K(6464K)->6272K(6464K)
[519.052s][info][gc             ] GC(1423) Pause Young (Allocation Failure) 399M->127M(432M) 0.926ms
[519.052s][info][gc,cpu         ] GC(1423) User=0.00s Sys=0.00s Real=0.00s
[519.408s][info][gc,start       ] GC(1424) Pause Young (Allocation Failure)
[519.409s][info][gc,heap        ] GC(1424) PSYoungGen: 267328K(267776K)->64K(268800K) Eden: 267264K(267264K)->0K(257024K) From: 64K(512K)->64K(11776K)
[519.409s][info][gc,heap        ] GC(1424) ParOldGen: 130597K(175104K)->130605K(175104K)
[519.409s][info][gc,metaspace   ] GC(1424) Metaspace: 35526K(36288K)->35526K(36288K) NonClass: 29254K(29824K)->29254K(29824K) Class: 6272K(6464K)->6272K(6464K)
[519.409s][info][gc             ] GC(1424) Pause Young (Allocation Failure) 388M->127M(433M) 0.877ms
[519.409s][info][gc,cpu         ] GC(1424) User=0.00s Sys=0.00s Real=0.00s
[520.134s][info][gc,start       ] GC(1425) Pause Young (Allocation Failure)
[520.135s][info][gc,heap        ] GC(1425) PSYoungGen: 257088K(268800K)->83K(247808K) Eden: 257024K(257024K)->0K(247296K) From: 64K(11776K)->83K(512K)
[520.135s][info][gc,heap        ] GC(1425) ParOldGen: 130605K(175104K)->130613K(175104K)
[520.135s][info][gc,metaspace   ] GC(1425) Metaspace: 35526K(36288K)->35526K(36288K) NonClass: 29254K(29824K)->29254K(29824K) Class: 6272K(6464K)->6272K(6464K)
[520.135s][info][gc             ] GC(1425) Pause Young (Allocation Failure) 378M->127M(413M) 1.594ms
[520.135s][info][gc,cpu         ] GC(1425) User=0.00s Sys=0.00s Real=0.00s
[521.046s][info][gc,start       ] GC(1426) Pause Young (Allocation Failure)
[521.046s][info][gc,heap        ] GC(1426) PSYoungGen: 247379K(247808K)->64K(248832K) Eden: 247296K(247296K)->0K(238080K) From: 83K(512K)->64K(10752K)
[521.046s][info][gc,heap        ] GC(1426) ParOldGen: 130613K(175104K)->130621K(175104K)
[521.046s][info][gc,metaspace   ] GC(1426) Metaspace: 35526K(36288K)->35526K(36288K) NonClass: 29254K(29824K)->29254K(29824K) Class: 6272K(6464K)->6272K(6464K)
[521.046s][info][gc             ] GC(1426) Pause Young (Allocation Failure) 369M->127M(414M) 0.836ms
[521.046s][info][gc,cpu         ] GC(1426) User=0.00s Sys=0.00s Real=0.01s
[521.299s][info][gc,start       ] GC(1427) Pause Young (Allocation Failure)
[521.301s][info][gc,heap        ] GC(1427) PSYoungGen: 238144K(248832K)->64K(229376K) Eden: 238080K(238080K)->0K(228864K) From: 64K(10752K)->64K(512K)
[521.301s][info][gc,heap        ] GC(1427) ParOldGen: 130621K(175104K)->130629K(175104K)
[521.301s][info][gc,metaspace   ] GC(1427) Metaspace: 35526K(36288K)->35526K(36288K) NonClass: 29254K(29824K)->29254K(29824K) Class: 6272K(6464K)->6272K(6464K)
[521.301s][info][gc             ] GC(1427) Pause Young (Allocation Failure) 360M->127M(395M) 1.782ms
[521.301s][info][gc,cpu         ] GC(1427) User=0.00s Sys=0.00s Real=0.00s
[521.656s][info][gc,start       ] GC(1428) Pause Young (Allocation Failure)
[521.657s][info][gc,heap        ] GC(1428) PSYoungGen: 228928K(229376K)->64K(229376K) Eden: 228864K(228864K)->0K(220160K) From: 64K(512K)->64K(9216K)
[521.657s][info][gc,heap        ] GC(1428) ParOldGen: 130629K(175104K)->130637K(175104K)
[521.657s][info][gc,metaspace   ] GC(1428) Metaspace: 35526K(36288K)->35526K(36288K) NonClass: 29254K(29824K)->29254K(29824K) Class: 6272K(6464K)->6272K(6464K)
[521.657s][info][gc             ] GC(1428) Pause Young (Allocation Failure) 351M->127M(395M) 0.846ms
[521.657s][info][gc,cpu         ] GC(1428) User=0.00s Sys=0.00s Real=0.00s
[522.601s][info][gc,start       ] GC(1429) Pause Young (Allocation Failure)
[522.603s][info][gc,heap        ] GC(1429) PSYoungGen: 220224K(229376K)->64K(212480K) Eden: 220160K(220160K)->0K(211968K) From: 64K(9216K)->64K(512K)
[522.603s][info][gc,heap        ] GC(1429) ParOldGen: 130637K(175104K)->130645K(175104K)
[522.603s][info][gc,metaspace   ] GC(1429) Metaspace: 35526K(36288K)->35526K(36288K) NonClass: 29254K(29824K)->29254K(29824K) Class: 6272K(6464K)->6272K(6464K)
[522.603s][info][gc             ] GC(1429) Pause Young (Allocation Failure) 342M->127M(378M) 1.596ms
[522.603s][info][gc,cpu         ] GC(1429) User=0.00s Sys=0.00s Real=0.00s
[522.809s][info][gc,start       ] GC(1430) Pause Young (Allocation Failure)
[522.809s][info][gc,heap        ] GC(1430) PSYoungGen: 212032K(212480K)->64K(212480K) Eden: 211968K(211968K)->0K(204288K) From: 64K(512K)->64K(8192K)
[522.809s][info][gc,heap        ] GC(1430) ParOldGen: 130645K(175104K)->130653K(175104K)
[522.809s][info][gc,metaspace   ] GC(1430) Metaspace: 35526K(36288K)->35526K(36288K) NonClass: 29254K(29824K)->29254K(29824K) Class: 6272K(6464K)->6272K(6464K)
[522.809s][info][gc             ] GC(1430) Pause Young (Allocation Failure) 334M->127M(378M) 0.834ms
[522.809s][info][gc,cpu         ] GC(1430) User=0.01s Sys=0.00s Real=0.00s
[523.143s][info][gc,start       ] GC(1431) Pause Young (Allocation Failure)
[523.145s][info][gc,heap        ] GC(1431) PSYoungGen: 204352K(212480K)->64K(197632K) Eden: 204288K(204288K)->0K(197120K) From: 64K(8192K)->64K(512K)
[523.145s][info][gc,heap        ] GC(1431) ParOldGen: 130653K(175104K)->130669K(175104K)
[523.145s][info][gc,metaspace   ] GC(1431) Metaspace: 35526K(36288K)->35526K(36288K) NonClass: 29254K(29824K)->29254K(29824K) Class: 6272K(6464K)->6272K(6464K)
[523.145s][info][gc             ] GC(1431) Pause Young (Allocation Failure) 327M->127M(364M) 2.093ms
[523.145s][info][gc,cpu         ] GC(1431) User=0.00s Sys=0.00s Real=0.00s
[523.224s][info][gc,start       ] GC(1432) Pause Young (Allocation Failure)
[523.225s][info][gc,heap        ] GC(1432) PSYoungGen: 197184K(197632K)->64K(197120K) Eden: 197120K(197120K)->0K(189952K) From: 64K(512K)->64K(7168K)
[523.225s][info][gc,heap        ] GC(1432) ParOldGen: 130669K(175104K)->130685K(175104K)
[523.225s][info][gc,metaspace   ] GC(1432) Metaspace: 35526K(36288K)->35526K(36288K) NonClass: 29254K(29824K)->29254K(29824K) Class: 6272K(6464K)->6272K(6464K)
[523.225s][info][gc             ] GC(1432) Pause Young (Allocation Failure) 320M->127M(363M) 1.375ms
[523.225s][info][gc,cpu         ] GC(1432) User=0.00s Sys=0.00s Real=0.00s
[523.403s][info][gc,start       ] GC(1433) Pause Young (Allocation Failure)
[523.405s][info][gc,heap        ] GC(1433) PSYoungGen: 190016K(197120K)->32K(183808K) Eden: 189952K(189952K)->0K(183296K) From: 64K(7168K)->32K(512K)
[523.405s][info][gc,heap        ] GC(1433) ParOldGen: 130685K(175104K)->130693K(175104K)
[523.405s][info][gc,metaspace   ] GC(1433) Metaspace: 35526K(36288K)->35526K(36288K) NonClass: 29254K(29824K)->29254K(29824K) Class: 6272K(6464K)->6272K(6464K)
[523.405s][info][gc             ] GC(1433) Pause Young (Allocation Failure) 313M->127M(350M) 2.068ms
[523.405s][info][gc,cpu         ] GC(1433) User=0.01s Sys=0.00s Real=0.00s
[523.904s][info][gc,start       ] GC(1434) Pause Young (Allocation Failure)
[523.904s][info][gc,heap        ] GC(1434) PSYoungGen: 183328K(183808K)->64K(183296K) Eden: 183296K(183296K)->0K(177152K) From: 32K(512K)->64K(6144K)
[523.904s][info][gc,heap        ] GC(1434) ParOldGen: 130693K(175104K)->130709K(175104K)
[523.904s][info][gc,metaspace   ] GC(1434) Metaspace: 35526K(36288K)->35526K(36288K) NonClass: 29254K(29824K)->29254K(29824K) Class: 6272K(6464K)->6272K(6464K)
[523.904s][info][gc             ] GC(1434) Pause Young (Allocation Failure) 306M->127M(350M) 0.931ms
[523.905s][info][gc,cpu         ] GC(1434) User=0.00s Sys=0.00s Real=0.00s
[524.051s][info][gc,start       ] GC(1435) Pause Young (Allocation Failure)
[524.053s][info][gc,heap        ] GC(1435) PSYoungGen: 177216K(183296K)->64K(171520K) Eden: 177152K(177152K)->0K(171008K) From: 64K(6144K)->64K(512K)
[524.053s][info][gc,heap        ] GC(1435) ParOldGen: 130709K(175104K)->130709K(175104K)
[524.053s][info][gc,metaspace   ] GC(1435) Metaspace: 35526K(36288K)->35526K(36288K) NonClass: 29254K(29824K)->29254K(29824K) Class: 6272K(6464K)->6272K(6464K)
[524.053s][info][gc             ] GC(1435) Pause Young (Allocation Failure) 300M->127M(338M) 2.044ms
[524.053s][info][gc,cpu         ] GC(1435) User=0.00s Sys=0.01s Real=0.00s
[524.354s][info][gc,start       ] GC(1436) Pause Young (Allocation Failure)
[524.367s][info][gc,heap        ] GC(1436) PSYoungGen: 171072K(171520K)->3872K(206848K) Eden: 171008K(171008K)->0K(202752K) From: 64K(512K)->3872K(4096K)
[524.367s][info][gc,heap        ] GC(1436) ParOldGen: 130709K(175104K)->130725K(175104K)
[524.367s][info][gc,metaspace   ] GC(1436) Metaspace: 35526K(36288K)->35526K(36288K) NonClass: 29254K(29824K)->29254K(29824K) Class: 6272K(6464K)->6272K(6464K)
[524.367s][info][gc             ] GC(1436) Pause Young (Allocation Failure) 294M->131M(373M) 12.889ms
[524.367s][info][gc,cpu         ] GC(1436) User=0.02s Sys=0.00s Real=0.02s
[524.595s][info][gc,start       ] GC(1437) Pause Young (Allocation Failure)
[524.632s][info][gc,heap        ] GC(1437) PSYoungGen: 206624K(206848K)->6144K(246272K) Eden: 202752K(202752K)->0K(240128K) From: 3872K(4096K)->6144K(6144K)
[524.632s][info][gc,heap        ] GC(1437) ParOldGen: 130725K(175104K)->146205K(175104K)
[524.632s][info][gc,metaspace   ] GC(1437) Metaspace: 35526K(36288K)->35526K(36288K) NonClass: 29254K(29824K)->29254K(29824K) Class: 6272K(6464K)->6272K(6464K)
[524.632s][info][gc             ] GC(1437) Pause Young (Allocation Failure) 329M->148M(411M) 36.431ms
[524.632s][info][gc,cpu         ] GC(1437) User=0.06s Sys=0.00s Real=0.04s
[524.907s][info][gc,start       ] GC(1438) Pause Young (Allocation Failure)
[524.951s][info][gc,heap        ] GC(1438) PSYoungGen: 246272K(246272K)->13312K(253440K) Eden: 240128K(240128K)->0K(240128K) From: 6144K(6144K)->13312K(13312K)
[524.951s][info][gc,heap        ] GC(1438) ParOldGen: 146205K(175104K)->159069K(175104K)
[524.951s][info][gc,metaspace   ] GC(1438) Metaspace: 35526K(36288K)->35526K(36288K) NonClass: 29254K(29824K)->29254K(29824K) Class: 6272K(6464K)->6272K(6464K)
[524.951s][info][gc             ] GC(1438) Pause Young (Allocation Failure) 383M->168M(418M) 43.965ms
[524.951s][info][gc,cpu         ] GC(1438) User=0.08s Sys=0.00s Real=0.04s
[525.158s][info][gc,start       ] GC(1439) Pause Young (Allocation Failure)
[525.198s][info][gc,heap        ] GC(1439) PSYoungGen: 253440K(253440K)->17856K(305664K) Eden: 240128K(240128K)->0K(284672K) From: 13312K(13312K)->17856K(20992K)
[525.198s][info][gc,heap        ] GC(1439) ParOldGen: 159069K(175104K)->159533K(175104K)
[525.198s][info][gc,metaspace   ] GC(1439) Metaspace: 35526K(36288K)->35526K(36288K) NonClass: 29254K(29824K)->29254K(29824K) Class: 6272K(6464K)->6272K(6464K)
[525.198s][info][gc             ] GC(1439) Pause Young (Allocation Failure) 402M->173M(469M) 39.788ms
[525.198s][info][gc,cpu         ] GC(1439) User=0.07s Sys=0.01s Real=0.04s
[525.441s][info][gc,start       ] GC(1440) Pause Young (Allocation Failure)
[525.442s][info][gc,heap        ] GC(1440) PSYoungGen: 302528K(305664K)->64K(308736K) Eden: 284672K(284672K)->0K(284672K) From: 17856K(20992K)->64K(24064K)
[525.442s][info][gc,heap        ] GC(1440) ParOldGen: 159533K(175104K)->159541K(175104K)
[525.442s][info][gc,metaspace   ] GC(1440) Metaspace: 35526K(36288K)->35526K(36288K) NonClass: 29254K(29824K)->29254K(29824K) Class: 6272K(6464K)->6272K(6464K)
[525.442s][info][gc             ] GC(1440) Pause Young (Allocation Failure) 451M->155M(472M) 0.945ms
[525.442s][info][gc,cpu         ] GC(1440) User=0.00s Sys=0.00s Real=0.00s
[526.156s][info][gc,start       ] GC(1441) Pause Young (Allocation Failure)
[526.157s][info][gc,heap        ] GC(1441) PSYoungGen: 284736K(308736K)->64K(307200K) Eden: 284672K(284672K)->0K(286208K) From: 64K(24064K)->64K(20992K)
[526.157s][info][gc,heap        ] GC(1441) ParOldGen: 159541K(175104K)->159549K(175104K)
[526.157s][info][gc,metaspace   ] GC(1441) Metaspace: 35526K(36288K)->35526K(36288K) NonClass: 29254K(29824K)->29254K(29824K) Class: 6272K(6464K)->6272K(6464K)
[526.157s][info][gc             ] GC(1441) Pause Young (Allocation Failure) 433M->155M(471M) 0.980ms
[526.157s][info][gc,cpu         ] GC(1441) User=0.00s Sys=0.00s Real=0.00s
[526.431s][info][gc,start       ] GC(1442) Pause Young (Allocation Failure)
[526.433s][info][gc,heap        ] GC(1442) PSYoungGen: 286272K(307200K)->64K(308736K) Eden: 286208K(286208K)->0K(286208K) From: 64K(20992K)->64K(22528K)
[526.433s][info][gc,heap        ] GC(1442) ParOldGen: 159549K(175104K)->159565K(175104K)
[526.433s][info][gc,metaspace   ] GC(1442) Metaspace: 35526K(36288K)->35526K(36288K) NonClass: 29254K(29824K)->29254K(29824K) Class: 6272K(6464K)->6272K(6464K)
[526.433s][info][gc             ] GC(1442) Pause Young (Allocation Failure) 435M->155M(472M) 1.676ms
[526.433s][info][gc,cpu         ] GC(1442) User=0.00s Sys=0.00s Real=0.00s
[526.870s][info][gc,start       ] GC(1443) Pause Young (Allocation Failure)
[526.872s][info][gc,heap        ] GC(1443) PSYoungGen: 286272K(308736K)->64K(308736K) Eden: 286208K(286208K)->0K(289280K) From: 64K(22528K)->64K(19456K)
[526.872s][info][gc,heap        ] GC(1443) ParOldGen: 159565K(175104K)->159581K(175104K)
[526.872s][info][gc,metaspace   ] GC(1443) Metaspace: 35526K(36288K)->35526K(36288K) NonClass: 29254K(29824K)->29254K(29824K) Class: 6272K(6464K)->6272K(6464K)
[526.872s][info][gc             ] GC(1443) Pause Young (Allocation Failure) 435M->155M(472M) 1.635ms
[526.872s][info][gc,cpu         ] GC(1443) User=0.01s Sys=0.00s Real=0.00s
[527.103s][info][gc,start       ] GC(1444) Pause Young (Allocation Failure)
[527.105s][info][gc,heap        ] GC(1444) PSYoungGen: 289344K(308736K)->32K(310272K) Eden: 289280K(289280K)->0K(289280K) From: 64K(19456K)->32K(20992K)
[527.105s][info][gc,heap        ] GC(1444) ParOldGen: 159581K(175104K)->159589K(175104K)
[527.105s][info][gc,metaspace   ] GC(1444) Metaspace: 35526K(36288K)->35526K(36288K) NonClass: 29254K(29824K)->29254K(29824K) Class: 6272K(6464K)->6272K(6464K)
[527.105s][info][gc             ] GC(1444) Pause Young (Allocation Failure) 438M->155M(474M) 1.623ms
[527.105s][info][gc,cpu         ] GC(1444) User=0.01s Sys=0.00s Real=0.00s
[527.333s][info][gc,start       ] GC(1445) Pause Young (Allocation Failure)
[527.335s][info][gc,heap        ] GC(1445) PSYoungGen: 289312K(310272K)->32K(310272K) Eden: 289280K(289280K)->0K(292864K) From: 32K(20992K)->32K(17408K)
[527.335s][info][gc,heap        ] GC(1445) ParOldGen: 159589K(175104K)->159589K(175104K)
[527.335s][info][gc,metaspace   ] GC(1445) Metaspace: 35526K(36288K)->35526K(36288K) NonClass: 29254K(29824K)->29254K(29824K) Class: 6272K(6464K)->6272K(6464K)
[527.335s][info][gc             ] GC(1445) Pause Young (Allocation Failure) 438M->155M(474M) 1.600ms
[527.335s][info][gc,cpu         ] GC(1445) User=0.01s Sys=0.00s Real=0.00s
[527.623s][info][gc,start       ] GC(1446) Pause Young (Allocation Failure)
[527.624s][info][gc,heap        ] GC(1446) PSYoungGen: 292896K(310272K)->32K(311808K) Eden: 292864K(292864K)->0K(292864K) From: 32K(17408K)->32K(18944K)
[527.624s][info][gc,heap        ] GC(1446) ParOldGen: 159589K(175104K)->159589K(175104K)
[527.624s][info][gc,metaspace   ] GC(1446) Metaspace: 35526K(36288K)->35526K(36288K) NonClass: 29254K(29824K)->29254K(29824K) Class: 6272K(6464K)->6272K(6464K)
[527.624s][info][gc             ] GC(1446) Pause Young (Allocation Failure) 441M->155M(475M) 1.466ms
[527.624s][info][gc,cpu         ] GC(1446) User=0.00s Sys=0.00s Real=0.00s
[527.678s][info][gc,start       ] GC(1447) Pause Young (Allocation Failure)
[527.679s][info][gc,heap        ] GC(1447) PSYoungGen: 292896K(311808K)->64K(313344K) Eden: 292864K(292864K)->0K(296960K) From: 32K(18944K)->64K(16384K)
[527.679s][info][gc,heap        ] GC(1447) ParOldGen: 159589K(175104K)->159605K(175104K)
[527.679s][info][gc,metaspace   ] GC(1447) Metaspace: 35526K(36288K)->35526K(36288K) NonClass: 29254K(29824K)->29254K(29824K) Class: 6272K(6464K)->6272K(6464K)
[527.679s][info][gc             ] GC(1447) Pause Young (Allocation Failure) 441M->155M(477M) 0.938ms
[527.679s][info][gc,cpu         ] GC(1447) User=0.00s Sys=0.00s Real=0.00s
[527.769s][info][gc,start       ] GC(1448) Pause Young (Allocation Failure)
[527.770s][info][gc,heap        ] GC(1448) PSYoungGen: 297024K(313344K)->64K(314368K) Eden: 296960K(296960K)->0K(296960K) From: 64K(16384K)->64K(17408K)
[527.770s][info][gc,heap        ] GC(1448) ParOldGen: 159605K(175104K)->159605K(175104K)
[527.770s][info][gc,metaspace   ] GC(1448) Metaspace: 35526K(36288K)->35526K(36288K) NonClass: 29254K(29824K)->29254K(29824K) Class: 6272K(6464K)->6272K(6464K)
[527.770s][info][gc             ] GC(1448) Pause Young (Allocation Failure) 445M->155M(478M) 0.984ms
[527.770s][info][gc,cpu         ] GC(1448) User=0.00s Sys=0.00s Real=0.00s
[527.989s][info][gc,start       ] GC(1449) Pause Young (Allocation Failure)
[527.990s][info][gc,heap        ] GC(1449) PSYoungGen: 297024K(314368K)->64K(314368K) Eden: 296960K(296960K)->0K(300032K) From: 64K(17408K)->64K(14336K)
[527.990s][info][gc,heap        ] GC(1449) ParOldGen: 159605K(175104K)->159621K(175104K)
[527.990s][info][gc,metaspace   ] GC(1449) Metaspace: 35526K(36288K)->35526K(36288K) NonClass: 29254K(29824K)->29254K(29824K) Class: 6272K(6464K)->6272K(6464K)
[527.990s][info][gc             ] GC(1449) Pause Young (Allocation Failure) 445M->155M(478M) 1.115ms
[527.990s][info][gc,cpu         ] GC(1449) User=0.00s Sys=0.00s Real=0.00s
[528.196s][info][gc,start       ] GC(1450) Pause Young (Allocation Failure)
[528.198s][info][gc,heap        ] GC(1450) PSYoungGen: 300096K(314368K)->64K(315392K) Eden: 300032K(300032K)->0K(300032K) From: 64K(14336K)->64K(15360K)
[528.198s][info][gc,heap        ] GC(1450) ParOldGen: 159621K(175104K)->159621K(175104K)
[528.198s][info][gc,metaspace   ] GC(1450) Metaspace: 35526K(36288K)->35526K(36288K) NonClass: 29254K(29824K)->29254K(29824K) Class: 6272K(6464K)->6272K(6464K)
[528.198s][info][gc             ] GC(1450) Pause Young (Allocation Failure) 448M->155M(479M) 1.699ms
[528.198s][info][gc,cpu         ] GC(1450) User=0.01s Sys=0.00s Real=0.00s
[528.280s][info][gc,start       ] GC(1451) Pause Young (Allocation Failure)
[528.281s][info][gc,heap        ] GC(1451) PSYoungGen: 300096K(315392K)->32K(316416K) Eden: 300032K(300032K)->0K(304128K) From: 64K(15360K)->32K(12288K)
[528.281s][info][gc,heap        ] GC(1451) ParOldGen: 159621K(175104K)->159629K(175104K)
[528.281s][info][gc,metaspace   ] GC(1451) Metaspace: 35526K(36288K)->35526K(36288K) NonClass: 29254K(29824K)->29254K(29824K) Class: 6272K(6464K)->6272K(6464K)
[528.281s][info][gc             ] GC(1451) Pause Young (Allocation Failure) 448M->155M(480M) 1.476ms
[528.281s][info][gc,cpu         ] GC(1451) User=0.00s Sys=0.00s Real=0.00s
[528.419s][info][gc,start       ] GC(1452) Pause Young (Allocation Failure)
[528.421s][info][gc,heap        ] GC(1452) PSYoungGen: 304160K(316416K)->64K(317440K) Eden: 304128K(304128K)->0K(304128K) From: 32K(12288K)->64K(13312K)
[528.421s][info][gc,heap        ] GC(1452) ParOldGen: 159629K(175104K)->159629K(175104K)
[528.421s][info][gc,metaspace   ] GC(1452) Metaspace: 35526K(36288K)->35526K(36288K) NonClass: 29254K(29824K)->29254K(29824K) Class: 6272K(6464K)->6272K(6464K)
[528.421s][info][gc             ] GC(1452) Pause Young (Allocation Failure) 452M->155M(481M) 1.688ms
[528.421s][info][gc,cpu         ] GC(1452) User=0.00s Sys=0.00s Real=0.00s
[528.834s][info][gc,start       ] GC(1453) Pause Young (Allocation Failure)
[528.836s][info][gc,heap        ] GC(1453) PSYoungGen: 304192K(317440K)->64K(317952K) Eden: 304128K(304128K)->0K(307712K) From: 64K(13312K)->64K(10240K)
[528.836s][info][gc,heap        ] GC(1453) ParOldGen: 159629K(175104K)->159637K(175104K)
[528.836s][info][gc,metaspace   ] GC(1453) Metaspace: 35526K(36288K)->35526K(36288K) NonClass: 29254K(29824K)->29254K(29824K) Class: 6272K(6464K)->6272K(6464K)
[528.836s][info][gc             ] GC(1453) Pause Young (Allocation Failure) 452M->155M(481M) 1.788ms
[528.836s][info][gc,cpu         ] GC(1453) User=0.00s Sys=0.00s Real=0.00s
[529.517s][info][gc,start       ] GC(1454) Pause Young (Allocation Failure)
[529.519s][info][gc,heap        ] GC(1454) PSYoungGen: 307776K(317952K)->83K(295936K) Eden: 307712K(307712K)->0K(295424K) From: 64K(10240K)->83K(512K)
[529.519s][info][gc,heap        ] GC(1454) ParOldGen: 159637K(175104K)->159645K(175104K)
[529.519s][info][gc,metaspace   ] GC(1454) Metaspace: 35526K(36288K)->35526K(36288K) NonClass: 29254K(29824K)->29254K(29824K) Class: 6272K(6464K)->6272K(6464K)
[529.519s][info][gc             ] GC(1454) Pause Young (Allocation Failure) 456M->155M(460M) 1.665ms
[529.519s][info][gc,cpu         ] GC(1454) User=0.00s Sys=0.00s Real=0.00s
[530.529s][info][gc,start       ] GC(1455) Pause Young (Allocation Failure)
[530.531s][info][gc,heap        ] GC(1455) PSYoungGen: 295507K(295936K)->32K(284160K) Eden: 295424K(295424K)->0K(283648K) From: 83K(512K)->32K(512K)
[530.531s][info][gc,heap        ] GC(1455) ParOldGen: 159645K(175104K)->159653K(175104K)
[530.531s][info][gc,metaspace   ] GC(1455) Metaspace: 35526K(36288K)->35526K(36288K) NonClass: 29254K(29824K)->29254K(29824K) Class: 6272K(6464K)->6272K(6464K)
[530.531s][info][gc             ] GC(1455) Pause Young (Allocation Failure) 444M->155M(448M) 2.522ms
[530.531s][info][gc,cpu         ] GC(1455) User=0.00s Sys=0.00s Real=0.00s
[530.994s][info][gc,start       ] GC(1456) Pause Young (Allocation Failure)
[530.995s][info][gc,heap        ] GC(1456) PSYoungGen: 283680K(284160K)->64K(282624K) Eden: 283648K(283648K)->0K(272384K) From: 32K(512K)->64K(10240K)
[530.996s][info][gc,heap        ] GC(1456) ParOldGen: 159653K(175104K)->159669K(175104K)
[530.996s][info][gc,metaspace   ] GC(1456) Metaspace: 35526K(36288K)->35526K(36288K) NonClass: 29254K(29824K)->29254K(29824K) Class: 6272K(6464K)->6272K(6464K)
[530.996s][info][gc             ] GC(1456) Pause Young (Allocation Failure) 432M->155M(447M) 1.541ms
[530.996s][info][gc,cpu         ] GC(1456) User=0.00s Sys=0.00s Real=0.00s
[531.972s][info][gc,start       ] GC(1457) Pause Young (Allocation Failure)
[531.974s][info][gc,heap        ] GC(1457) PSYoungGen: 272448K(282624K)->64K(262144K) Eden: 272384K(272384K)->0K(261632K) From: 64K(10240K)->64K(512K)
[531.974s][info][gc,heap        ] GC(1457) ParOldGen: 159669K(175104K)->159685K(175104K)
[531.974s][info][gc,metaspace   ] GC(1457) Metaspace: 35526K(36288K)->35526K(36288K) NonClass: 29254K(29824K)->29254K(29824K) Class: 6272K(6464K)->6272K(6464K)
[531.974s][info][gc             ] GC(1457) Pause Young (Allocation Failure) 421M->156M(427M) 2.385ms
[531.974s][info][gc,cpu         ] GC(1457) User=0.00s Sys=0.00s Real=0.00s
[532.381s][info][gc,start       ] GC(1458) Pause Young (Allocation Failure)
[532.383s][info][gc,heap        ] GC(1458) PSYoungGen: 261696K(262144K)->64K(260608K) Eden: 261632K(261632K)->0K(251392K) From: 64K(512K)->64K(9216K)
[532.383s][info][gc,heap        ] GC(1458) ParOldGen: 159685K(175104K)->159701K(175104K)
[532.383s][info][gc,metaspace   ] GC(1458) Metaspace: 35526K(36288K)->35526K(36288K) NonClass: 29254K(29824K)->29254K(29824K) Class: 6272K(6464K)->6272K(6464K)
[532.383s][info][gc             ] GC(1458) Pause Young (Allocation Failure) 411M->156M(425M) 1.529ms
[532.383s][info][gc,cpu         ] GC(1458) User=0.00s Sys=0.00s Real=0.00s
[532.561s][info][gc,start       ] GC(1459) Pause Young (Allocation Failure)
[532.564s][info][gc,heap        ] GC(1459) PSYoungGen: 251456K(260608K)->64K(242176K) Eden: 251392K(251392K)->0K(241664K) From: 64K(9216K)->64K(512K)
[532.564s][info][gc,heap        ] GC(1459) ParOldGen: 159701K(175104K)->159717K(175104K)
[532.564s][info][gc,metaspace   ] GC(1459) Metaspace: 35526K(36288K)->35526K(36288K) NonClass: 29254K(29824K)->29254K(29824K) Class: 6272K(6464K)->6272K(6464K)
[532.564s][info][gc             ] GC(1459) Pause Young (Allocation Failure) 401M->156M(407M) 2.419ms
[532.564s][info][gc,cpu         ] GC(1459) User=0.00s Sys=0.00s Real=0.00s
[532.685s][info][gc,start       ] GC(1460) Pause Young (Allocation Failure)
[532.686s][info][gc,heap        ] GC(1460) PSYoungGen: 241728K(242176K)->32K(240128K) Eden: 241664K(241664K)->0K(232448K) From: 64K(512K)->32K(7680K)
[532.686s][info][gc,heap        ] GC(1460) ParOldGen: 159717K(175104K)->159725K(175104K)
[532.686s][info][gc,metaspace   ] GC(1460) Metaspace: 35526K(36288K)->35526K(36288K) NonClass: 29254K(29824K)->29254K(29824K) Class: 6272K(6464K)->6272K(6464K)
[532.686s][info][gc             ] GC(1460) Pause Young (Allocation Failure) 392M->156M(405M) 1.534ms
[532.686s][info][gc,cpu         ] GC(1460) User=0.01s Sys=0.00s Real=0.01s
[533.292s][info][gc,start       ] GC(1461) Pause Young (Allocation Failure)
[533.293s][info][gc,heap        ] GC(1461) PSYoungGen: 232480K(240128K)->64K(224256K) Eden: 232448K(232448K)->0K(223744K) From: 32K(7680K)->64K(512K)
[533.293s][info][gc,heap        ] GC(1461) ParOldGen: 159725K(175104K)->159733K(175104K)
[533.293s][info][gc,metaspace   ] GC(1461) Metaspace: 35526K(36288K)->35526K(36288K) NonClass: 29254K(29824K)->29254K(29824K) Class: 6272K(6464K)->6272K(6464K)
[533.293s][info][gc             ] GC(1461) Pause Young (Allocation Failure) 383M->156M(390M) 1.718ms
[533.293s][info][gc,cpu         ] GC(1461) User=0.00s Sys=0.00s Real=0.00s
[533.527s][info][gc,start       ] GC(1462) Pause Young (Allocation Failure)
[533.529s][info][gc,heap        ] GC(1462) PSYoungGen: 223808K(224256K)->64K(222208K) Eden: 223744K(223744K)->0K(215552K) From: 64K(512K)->64K(6656K)
[533.529s][info][gc,heap        ] GC(1462) ParOldGen: 159733K(175104K)->159741K(175104K)
[533.529s][info][gc,metaspace   ] GC(1462) Metaspace: 35526K(36288K)->35526K(36288K) NonClass: 29254K(29824K)->29254K(29824K) Class: 6272K(6464K)->6272K(6464K)
[533.529s][info][gc             ] GC(1462) Pause Young (Allocation Failure) 374M->156M(388M) 1.564ms
[533.529s][info][gc,cpu         ] GC(1462) User=0.00s Sys=0.00s Real=0.00s
[533.836s][info][gc,start       ] GC(1463) Pause Young (Allocation Failure)
[533.864s][info][gc,heap        ] GC(1463) PSYoungGen: 215616K(222208K)->6144K(263680K) Eden: 215552K(215552K)->0K(257536K) From: 64K(6656K)->6144K(6144K)
[533.864s][info][gc,heap        ] GC(1463) ParOldGen: 159741K(175104K)->169437K(175104K)
[533.864s][info][gc,metaspace   ] GC(1463) Metaspace: 35526K(36288K)->35526K(36288K) NonClass: 29254K(29824K)->29254K(29824K) Class: 6272K(6464K)->6272K(6464K)
[533.864s][info][gc             ] GC(1463) Pause Young (Allocation Failure) 366M->171M(428M) 28.799ms
[533.865s][info][gc,cpu         ] GC(1463) User=0.05s Sys=0.00s Real=0.03s
[534.154s][info][gc,start       ] GC(1464) Pause Young (Allocation Failure)
[534.207s][info][gc,heap        ] GC(1464) PSYoungGen: 263680K(263680K)->11264K(275456K) Eden: 257536K(257536K)->0K(264192K) From: 6144K(6144K)->11264K(11264K)
[534.207s][info][gc,heap        ] GC(1464) ParOldGen: 169437K(175104K)->185997K(186368K)
[534.207s][info][gc,metaspace   ] GC(1464) Metaspace: 35526K(36288K)->35526K(36288K) NonClass: 29254K(29824K)->29254K(29824K) Class: 6272K(6464K)->6272K(6464K)
[534.207s][info][gc             ] GC(1464) Pause Young (Allocation Failure) 422M->192M(451M) 52.748ms
[534.207s][info][gc,cpu         ] GC(1464) User=0.10s Sys=0.01s Real=0.06s
[534.483s][info][gc,start       ] GC(1465) Pause Young (Allocation Failure)
[534.541s][info][gc,heap        ] GC(1465) PSYoungGen: 275456K(275456K)->19968K(300544K) Eden: 264192K(264192K)->0K(280576K) From: 11264K(11264K)->19968K(19968K)
[534.541s][info][gc,heap        ] GC(1465) ParOldGen: 185997K(186368K)->192277K(192512K)
[534.541s][info][gc,metaspace   ] GC(1465) Metaspace: 35526K(36288K)->35526K(36288K) NonClass: 29254K(29824K)->29254K(29824K) Class: 6272K(6464K)->6272K(6464K)
[534.541s][info][gc             ] GC(1465) Pause Young (Allocation Failure) 450M->207M(481M) 58.247ms
[534.541s][info][gc,cpu         ] GC(1465) User=0.09s Sys=0.03s Real=0.06s
[534.646s][info][gc,start       ] GC(1466) Pause Young (Allocation Failure)
[534.649s][info][gc,heap        ] GC(1466) PSYoungGen: 300544K(300544K)->64K(307200K) Eden: 280576K(280576K)->0K(280576K) From: 19968K(19968K)->64K(26624K)
[534.649s][info][gc,heap        ] GC(1466) ParOldGen: 192277K(192512K)->192501K(192512K)
[534.649s][info][gc,metaspace   ] GC(1466) Metaspace: 35526K(36288K)->35526K(36288K) NonClass: 29254K(29824K)->29254K(29824K) Class: 6272K(6464K)->6272K(6464K)
[534.649s][info][gc             ] GC(1466) Pause Young (Allocation Failure) 481M->188M(488M) 2.811ms
[534.649s][info][gc,cpu         ] GC(1466) User=0.00s Sys=0.00s Real=0.00s
[535.352s][info][gc,start       ] GC(1467) Pause Young (Allocation Failure)
[535.353s][info][gc,heap        ] GC(1467) PSYoungGen: 280640K(307200K)->64K(304128K) Eden: 280576K(280576K)->0K(281600K) From: 64K(26624K)->64K(22528K)
[535.353s][info][gc,heap        ] GC(1467) ParOldGen: 192501K(192512K)->192509K(192512K)
[535.353s][info][gc,metaspace   ] GC(1467) Metaspace: 35526K(36288K)->35526K(36288K) NonClass: 29254K(29824K)->29254K(29824K) Class: 6272K(6464K)->6272K(6464K)
[535.353s][info][gc             ] GC(1467) Pause Young (Allocation Failure) 462M->188M(485M) 1.319ms
[535.353s][info][gc,cpu         ] GC(1467) User=0.00s Sys=0.00s Real=0.00s
[535.704s][info][gc,start       ] GC(1468) Pause Young (Allocation Failure)
[535.705s][info][gc,heap        ] GC(1468) PSYoungGen: 281664K(304128K)->64K(306176K) Eden: 281600K(281600K)->0K(281600K) From: 64K(22528K)->64K(24576K)
[535.705s][info][gc,heap        ] GC(1468) ParOldGen: 192509K(192512K)->192525K(193024K)
[535.705s][info][gc,metaspace   ] GC(1468) Metaspace: 35526K(36288K)->35526K(36288K) NonClass: 29254K(29824K)->29254K(29824K) Class: 6272K(6464K)->6272K(6464K)
[535.705s][info][gc             ] GC(1468) Pause Young (Allocation Failure) 463M->188M(487M) 1.136ms
[535.705s][info][gc,cpu         ] GC(1468) User=0.00s Sys=0.00s Real=0.00s
[536.143s][info][gc,start       ] GC(1469) Pause Young (Allocation Failure)
[536.145s][info][gc,heap        ] GC(1469) PSYoungGen: 281664K(306176K)->64K(306688K) Eden: 281600K(281600K)->0K(285184K) From: 64K(24576K)->64K(21504K)
[536.145s][info][gc,heap        ] GC(1469) ParOldGen: 192525K(193024K)->192541K(193024K)
[536.145s][info][gc,metaspace   ] GC(1469) Metaspace: 35526K(36288K)->35526K(36288K) NonClass: 29254K(29824K)->29254K(29824K) Class: 6272K(6464K)->6272K(6464K)
[536.145s][info][gc             ] GC(1469) Pause Young (Allocation Failure) 463M->188M(488M) 1.138ms
[536.145s][info][gc,cpu         ] GC(1469) User=0.00s Sys=0.00s Real=0.00s
[536.369s][info][gc,start       ] GC(1470) Pause Young (Allocation Failure)
[536.370s][info][gc,heap        ] GC(1470) PSYoungGen: 285248K(306688K)->64K(308224K) Eden: 285184K(285184K)->0K(285184K) From: 64K(21504K)->64K(23040K)
[536.370s][info][gc,heap        ] GC(1470) ParOldGen: 192541K(193024K)->192557K(193024K)
[536.370s][info][gc,metaspace   ] GC(1470) Metaspace: 35526K(36288K)->35526K(36288K) NonClass: 29254K(29824K)->29254K(29824K) Class: 6272K(6464K)->6272K(6464K)
[536.370s][info][gc             ] GC(1470) Pause Young (Allocation Failure) 466M->188M(489M) 1.137ms
[536.370s][info][gc,cpu         ] GC(1470) User=0.00s Sys=0.00s Real=0.00s
[536.596s][info][gc,start       ] GC(1471) Pause Young (Allocation Failure)
[536.597s][info][gc,heap        ] GC(1471) PSYoungGen: 285248K(308224K)->64K(308224K) Eden: 285184K(285184K)->0K(288768K) From: 64K(23040K)->64K(19456K)
[536.597s][info][gc,heap        ] GC(1471) ParOldGen: 192557K(193024K)->192557K(193024K)
[536.597s][info][gc,metaspace   ] GC(1471) Metaspace: 35526K(36288K)->35526K(36288K) NonClass: 29254K(29824K)->29254K(29824K) Class: 6272K(6464K)->6272K(6464K)
[536.597s][info][gc             ] GC(1471) Pause Young (Allocation Failure) 466M->188M(489M) 1.122ms
[536.597s][info][gc,cpu         ] GC(1471) User=0.00s Sys=0.00s Real=0.00s
[536.934s][info][gc,start       ] GC(1472) Pause Young (Allocation Failure)
[536.935s][info][gc,heap        ] GC(1472) PSYoungGen: 288832K(308224K)->64K(309760K) Eden: 288768K(288768K)->0K(288768K) From: 64K(19456K)->64K(20992K)
[536.935s][info][gc,heap        ] GC(1472) ParOldGen: 192557K(193024K)->192557K(193024K)
[536.935s][info][gc,metaspace   ] GC(1472) Metaspace: 35526K(36288K)->35526K(36288K) NonClass: 29254K(29824K)->29254K(29824K) Class: 6272K(6464K)->6272K(6464K)
[536.935s][info][gc             ] GC(1472) Pause Young (Allocation Failure) 470M->188M(491M) 1.010ms
[536.935s][info][gc,cpu         ] GC(1472) User=0.01s Sys=0.00s Real=0.00s
[536.989s][info][gc,start       ] GC(1473) Pause Young (Allocation Failure)
[536.990s][info][gc,heap        ] GC(1473) PSYoungGen: 288832K(309760K)->32K(310784K) Eden: 288768K(288768K)->0K(293376K) From: 64K(20992K)->32K(17408K)
[536.990s][info][gc,heap        ] GC(1473) ParOldGen: 192557K(193024K)->192573K(193024K)
[536.990s][info][gc,metaspace   ] GC(1473) Metaspace: 35526K(36288K)->35526K(36288K) NonClass: 29254K(29824K)->29254K(29824K) Class: 6272K(6464K)->6272K(6464K)
[536.990s][info][gc             ] GC(1473) Pause Young (Allocation Failure) 470M->188M(492M) 1.129ms
[536.990s][info][gc,cpu         ] GC(1473) User=0.00s Sys=0.00s Real=0.00s
[537.047s][info][gc,start       ] GC(1474) Pause Young (Allocation Failure)
[537.047s][info][gc,heap        ] GC(1474) PSYoungGen: 293408K(310784K)->64K(311808K) Eden: 293376K(293376K)->0K(293376K) From: 32K(17408K)->64K(18432K)
[537.048s][info][gc,heap        ] GC(1474) ParOldGen: 192573K(193024K)->192573K(193024K)
[537.048s][info][gc,metaspace   ] GC(1474) Metaspace: 35526K(36288K)->35526K(36288K) NonClass: 29254K(29824K)->29254K(29824K) Class: 6272K(6464K)->6272K(6464K)
[537.048s][info][gc             ] GC(1474) Pause Young (Allocation Failure) 474M->188M(493M) 0.989ms
[537.048s][info][gc,cpu         ] GC(1474) User=0.00s Sys=0.00s Real=0.00s
[537.248s][info][gc,start       ] GC(1475) Pause Young (Allocation Failure)
[537.249s][info][gc,heap        ] GC(1475) PSYoungGen: 293440K(311808K)->64K(313344K) Eden: 293376K(293376K)->0K(297984K) From: 64K(18432K)->64K(15360K)
[537.249s][info][gc,heap        ] GC(1475) ParOldGen: 192573K(193024K)->192573K(193024K)
[537.249s][info][gc,metaspace   ] GC(1475) Metaspace: 35526K(36288K)->35526K(36288K) NonClass: 29254K(29824K)->29254K(29824K) Class: 6272K(6464K)->6272K(6464K)
[537.249s][info][gc             ] GC(1475) Pause Young (Allocation Failure) 474M->188M(494M) 1.029ms
[537.249s][info][gc,cpu         ] GC(1475) User=0.00s Sys=0.00s Real=0.00s
[537.465s][info][gc,start       ] GC(1476) Pause Young (Allocation Failure)
[537.466s][info][gc,heap        ] GC(1476) PSYoungGen: 298048K(313344K)->64K(314368K) Eden: 297984K(297984K)->0K(297984K) From: 64K(15360K)->64K(16384K)
[537.466s][info][gc,heap        ] GC(1476) ParOldGen: 192573K(193024K)->192581K(193024K)
[537.466s][info][gc,metaspace   ] GC(1476) Metaspace: 35526K(36288K)->35526K(36288K) NonClass: 29254K(29824K)->29254K(29824K) Class: 6272K(6464K)->6272K(6464K)
[537.466s][info][gc             ] GC(1476) Pause Young (Allocation Failure) 479M->188M(495M) 1.037ms
[537.466s][info][gc,cpu         ] GC(1476) User=0.00s Sys=0.00s Real=0.01s
[537.572s][info][gc,start       ] GC(1477) Pause Young (Allocation Failure)
[537.573s][info][gc,heap        ] GC(1477) PSYoungGen: 298048K(314368K)->64K(316416K) Eden: 297984K(297984K)->0K(302080K) From: 64K(16384K)->64K(14336K)
[537.573s][info][gc,heap        ] GC(1477) ParOldGen: 192581K(193024K)->192589K(193024K)
[537.573s][info][gc,metaspace   ] GC(1477) Metaspace: 35526K(36288K)->35526K(36288K) NonClass: 29254K(29824K)->29254K(29824K) Class: 6272K(6464K)->6272K(6464K)
[537.573s][info][gc             ] GC(1477) Pause Young (Allocation Failure) 479M->188M(497M) 1.058ms
[537.573s][info][gc,cpu         ] GC(1477) User=0.00s Sys=0.00s Real=0.00s
[537.683s][info][gc,start       ] GC(1478) Pause Young (Allocation Failure)
[537.684s][info][gc,heap        ] GC(1478) PSYoungGen: 302144K(316416K)->64K(316928K) Eden: 302080K(302080K)->0K(302080K) From: 64K(14336K)->64K(14848K)
[537.684s][info][gc,heap        ] GC(1478) ParOldGen: 192589K(193024K)->192597K(193024K)
[537.684s][info][gc,metaspace   ] GC(1478) Metaspace: 35526K(36288K)->35526K(36288K) NonClass: 29254K(29824K)->29254K(29824K) Class: 6272K(6464K)->6272K(6464K)
[537.684s][info][gc             ] GC(1478) Pause Young (Allocation Failure) 483M->188M(498M) 1.066ms
[537.684s][info][gc,cpu         ] GC(1478) User=0.01s Sys=0.00s Real=0.00s
[537.927s][info][gc,start       ] GC(1479) Pause Young (Allocation Failure)
[537.928s][info][gc,heap        ] GC(1479) PSYoungGen: 302144K(316928K)->64K(290304K) Eden: 302080K(302080K)->0K(289792K) From: 64K(14848K)->64K(512K)
[537.928s][info][gc,heap        ] GC(1479) ParOldGen: 192597K(193024K)->192605K(193024K)
[537.928s][info][gc,metaspace   ] GC(1479) Metaspace: 35526K(36288K)->35526K(36288K) NonClass: 29254K(29824K)->29254K(29824K) Class: 6272K(6464K)->6272K(6464K)
[537.928s][info][gc             ] GC(1479) Pause Young (Allocation Failure) 483M->188M(472M) 1.802ms
[537.928s][info][gc,cpu         ] GC(1479) User=0.00s Sys=0.00s Real=0.00s
[538.805s][info][gc,start       ] GC(1480) Pause Young (Allocation Failure)
[538.806s][info][gc,heap        ] GC(1480) PSYoungGen: 289856K(290304K)->80K(291328K) Eden: 289792K(289792K)->0K(278528K) From: 64K(512K)->80K(12800K)
[538.806s][info][gc,heap        ] GC(1480) ParOldGen: 192605K(193024K)->192613K(193024K)
[538.806s][info][gc,metaspace   ] GC(1480) Metaspace: 35526K(36288K)->35526K(36288K) NonClass: 29254K(29824K)->29254K(29824K) Class: 6272K(6464K)->6272K(6464K)
[538.806s][info][gc             ] GC(1480) Pause Young (Allocation Failure) 471M->188M(473M) 1.028ms
[538.806s][info][gc,cpu         ] GC(1480) User=0.00s Sys=0.00s Real=0.00s
[539.717s][info][gc,start       ] GC(1481) Pause Young (Allocation Failure)
[539.718s][info][gc,heap        ] GC(1481) PSYoungGen: 278608K(291328K)->64K(268288K) Eden: 278528K(278528K)->0K(267776K) From: 80K(12800K)->64K(512K)
[539.719s][info][gc,heap        ] GC(1481) ParOldGen: 192613K(193024K)->192621K(193024K)
[539.719s][info][gc,metaspace   ] GC(1481) Metaspace: 35526K(36288K)->35526K(36288K) NonClass: 29254K(29824K)->29254K(29824K) Class: 6272K(6464K)->6272K(6464K)
[539.719s][info][gc             ] GC(1481) Pause Young (Allocation Failure) 460M->188M(450M) 1.435ms
[539.719s][info][gc,cpu         ] GC(1481) User=0.00s Sys=0.00s Real=0.00s
[540.061s][info][gc,start       ] GC(1482) Pause Young (Allocation Failure)
[540.062s][info][gc,heap        ] GC(1482) PSYoungGen: 267840K(268288K)->64K(268800K) Eden: 267776K(267776K)->0K(257536K) From: 64K(512K)->64K(11264K)
[540.062s][info][gc,heap        ] GC(1482) ParOldGen: 192621K(193024K)->192629K(193024K)
[540.062s][info][gc,metaspace   ] GC(1482) Metaspace: 35526K(36288K)->35526K(36288K) NonClass: 29254K(29824K)->29254K(29824K) Class: 6272K(6464K)->6272K(6464K)
[540.062s][info][gc             ] GC(1482) Pause Young (Allocation Failure) 449M->188M(451M) 0.994ms
[540.062s][info][gc,cpu         ] GC(1482) User=0.00s Sys=0.00s Real=0.00s
[540.441s][info][gc,start       ] GC(1483) Pause Young (Allocation Failure)
[540.442s][info][gc,heap        ] GC(1483) PSYoungGen: 257600K(268800K)->64K(248320K) Eden: 257536K(257536K)->0K(247808K) From: 64K(11264K)->64K(512K)
[540.442s][info][gc,heap        ] GC(1483) ParOldGen: 192629K(193024K)->192637K(193024K)
[540.442s][info][gc,metaspace   ] GC(1483) Metaspace: 35526K(36288K)->35526K(36288K) NonClass: 29254K(29824K)->29254K(29824K) Class: 6272K(6464K)->6272K(6464K)
[540.442s][info][gc             ] GC(1483) Pause Young (Allocation Failure) 439M->188M(431M) 1.298ms
[540.442s][info][gc,cpu         ] GC(1483) User=0.00s Sys=0.00s Real=0.00s
[541.374s][info][gc,start       ] GC(1484) Pause Young (Allocation Failure)
[541.376s][info][gc,heap        ] GC(1484) PSYoungGen: 247872K(248320K)->64K(248320K) Eden: 247808K(247808K)->0K(238592K) From: 64K(512K)->64K(9728K)
[541.376s][info][gc,heap        ] GC(1484) ParOldGen: 192637K(193024K)->192653K(193024K)
[541.376s][info][gc,metaspace   ] GC(1484) Metaspace: 35526K(36288K)->35526K(36288K) NonClass: 29254K(29824K)->29254K(29824K) Class: 6272K(6464K)->6272K(6464K)
[541.376s][info][gc             ] GC(1484) Pause Young (Allocation Failure) 430M->188M(431M) 1.720ms
[541.376s][info][gc,cpu         ] GC(1484) User=0.00s Sys=0.00s Real=0.01s
[541.737s][info][gc,start       ] GC(1485) Pause Young (Allocation Failure)
[541.739s][info][gc,heap        ] GC(1485) PSYoungGen: 238656K(248320K)->32K(229888K) Eden: 238592K(238592K)->0K(229376K) From: 64K(9728K)->32K(512K)
[541.739s][info][gc,heap        ] GC(1485) ParOldGen: 192653K(193024K)->192661K(193024K)
[541.740s][info][gc,metaspace   ] GC(1485) Metaspace: 35526K(36288K)->35526K(36288K) NonClass: 29254K(29824K)->29254K(29824K) Class: 6272K(6464K)->6272K(6464K)
[541.740s][info][gc             ] GC(1485) Pause Young (Allocation Failure) 421M->188M(413M) 2.666ms
[541.740s][info][gc,cpu         ] GC(1485) User=0.00s Sys=0.00s Real=0.00s
[541.885s][info][gc,start       ] GC(1486) Pause Young (Allocation Failure)
[541.887s][info][gc,heap        ] GC(1486) PSYoungGen: 229408K(229888K)->64K(229376K) Eden: 229376K(229376K)->0K(220672K) From: 32K(512K)->64K(8704K)
[541.887s][info][gc,heap        ] GC(1486) ParOldGen: 192661K(193024K)->192677K(193024K)
[541.887s][info][gc,metaspace   ] GC(1486) Metaspace: 35526K(36288K)->35526K(36288K) NonClass: 29254K(29824K)->29254K(29824K) Class: 6272K(6464K)->6272K(6464K)
[541.887s][info][gc             ] GC(1486) Pause Young (Allocation Failure) 412M->188M(412M) 1.694ms
[541.887s][info][gc,cpu         ] GC(1486) User=0.00s Sys=0.00s Real=0.01s
[542.047s][info][gc,start       ] GC(1487) Pause Young (Allocation Failure)
[542.049s][info][gc,heap        ] GC(1487) PSYoungGen: 220736K(229376K)->64K(212992K) Eden: 220672K(220672K)->0K(212480K) From: 64K(8704K)->64K(512K)
[542.049s][info][gc,heap        ] GC(1487) ParOldGen: 192677K(193024K)->192693K(193024K)
[542.049s][info][gc,metaspace   ] GC(1487) Metaspace: 35526K(36288K)->35526K(36288K) NonClass: 29254K(29824K)->29254K(29824K) Class: 6272K(6464K)->6272K(6464K)
[542.049s][info][gc             ] GC(1487) Pause Young (Allocation Failure) 403M->188M(396M) 2.425ms
[542.050s][info][gc,cpu         ] GC(1487) User=0.00s Sys=0.00s Real=0.00s
[542.608s][info][gc,start       ] GC(1488) Pause Young (Allocation Failure)
[542.610s][info][gc,heap        ] GC(1488) PSYoungGen: 212544K(212992K)->64K(211968K) Eden: 212480K(212480K)->0K(204800K) From: 64K(512K)->64K(7168K)
[542.610s][info][gc,heap        ] GC(1488) ParOldGen: 192693K(193024K)->192709K(193024K)
[542.610s][info][gc,metaspace   ] GC(1488) Metaspace: 35526K(36288K)->35526K(36288K) NonClass: 29254K(29824K)->29254K(29824K) Class: 6272K(6464K)->6272K(6464K)
[542.610s][info][gc             ] GC(1488) Pause Young (Allocation Failure) 395M->188M(395M) 1.756ms
[542.610s][info][gc,cpu         ] GC(1488) User=0.01s Sys=0.00s Real=0.00s
[542.808s][info][gc,start       ] GC(1489) Pause Young (Allocation Failure)
[542.811s][info][gc,heap        ] GC(1489) PSYoungGen: 204864K(211968K)->64K(198144K) Eden: 204800K(204800K)->0K(197632K) From: 64K(7168K)->64K(512K)
[542.811s][info][gc,heap        ] GC(1489) ParOldGen: 192709K(193024K)->192725K(193024K)
[542.811s][info][gc,metaspace   ] GC(1489) Metaspace: 35526K(36288K)->35526K(36288K) NonClass: 29254K(29824K)->29254K(29824K) Class: 6272K(6464K)->6272K(6464K)
[542.811s][info][gc             ] GC(1489) Pause Young (Allocation Failure) 388M->188M(382M) 2.528ms
[542.811s][info][gc,cpu         ] GC(1489) User=0.01s Sys=0.00s Real=0.00s
[543.112s][info][gc,start       ] GC(1490) Pause Young (Allocation Failure)
[543.134s][info][gc,heap        ] GC(1490) PSYoungGen: 197696K(198144K)->6144K(241664K) Eden: 197632K(197632K)->0K(235520K) From: 64K(512K)->6144K(6144K)
[543.134s][info][gc,heap        ] GC(1490) ParOldGen: 192725K(193024K)->198269K(198656K)
[543.134s][info][gc,metaspace   ] GC(1490) Metaspace: 35526K(36288K)->35526K(36288K) NonClass: 29254K(29824K)->29254K(29824K) Class: 6272K(6464K)->6272K(6464K)
[543.134s][info][gc             ] GC(1490) Pause Young (Allocation Failure) 381M->199M(430M) 22.317ms
[543.134s][info][gc,cpu         ] GC(1490) User=0.03s Sys=0.00s Real=0.02s
[543.399s][info][gc,start       ] GC(1491) Pause Young (Allocation Failure)
[543.452s][info][gc,heap        ] GC(1491) PSYoungGen: 241664K(241664K)->6144K(258048K) Eden: 235520K(235520K)->0K(251904K) From: 6144K(6144K)->6144K(6144K)
[543.452s][info][gc,heap        ] GC(1491) ParOldGen: 198269K(198656K)->217461K(217600K)
[543.452s][info][gc,metaspace   ] GC(1491) Metaspace: 35526K(36288K)->35526K(36288K) NonClass: 29254K(29824K)->29254K(29824K) Class: 6272K(6464K)->6272K(6464K)
[543.452s][info][gc             ] GC(1491) Pause Young (Allocation Failure) 429M->218M(464M) 52.628ms
[543.452s][info][gc,cpu         ] GC(1491) User=0.09s Sys=0.02s Real=0.05s
[543.736s][info][gc,start       ] GC(1492) Pause Young (Allocation Failure)
[543.789s][info][gc,heap        ] GC(1492) PSYoungGen: 258048K(258048K)->17920K(269824K) Eden: 251904K(251904K)->0K(251904K) From: 6144K(6144K)->17920K(17920K)
[543.789s][info][gc,heap        ] GC(1492) ParOldGen: 217461K(217600K)->227093K(227328K)
[543.789s][info][gc,metaspace   ] GC(1492) Metaspace: 35526K(36288K)->35526K(36288K) NonClass: 29254K(29824K)->29254K(29824K) Class: 6272K(6464K)->6272K(6464K)
[543.789s][info][gc             ] GC(1492) Pause Young (Allocation Failure) 464M->239M(485M) 52.918ms
[543.789s][info][gc,cpu         ] GC(1492) User=0.10s Sys=0.00s Real=0.05s
[543.896s][info][gc,start       ] GC(1493) Pause Young (Allocation Failure)
[543.910s][info][gc,heap        ] GC(1493) PSYoungGen: 269824K(269824K)->5312K(310272K) Eden: 251904K(251904K)->0K(285184K) From: 17920K(17920K)->5312K(25088K)
[543.910s][info][gc,heap        ] GC(1493) ParOldGen: 227093K(227328K)->227437K(227840K)
[543.910s][info][gc,metaspace   ] GC(1493) Metaspace: 35526K(36288K)->35526K(36288K) NonClass: 29254K(29824K)->29254K(29824K) Class: 6272K(6464K)->6272K(6464K)
[543.910s][info][gc             ] GC(1493) Pause Young (Allocation Failure) 485M->227M(525M) 14.111ms
[543.910s][info][gc,cpu         ] GC(1493) User=0.02s Sys=0.01s Real=0.01s
[544.436s][info][gc,start       ] GC(1494) Pause Young (Allocation Failure)
[544.437s][info][gc,heap        ] GC(1494) PSYoungGen: 290496K(310272K)->64K(285696K) Eden: 285184K(285184K)->0K(285184K) From: 5312K(25088K)->64K(512K)
[544.437s][info][gc,heap        ] GC(1494) ParOldGen: 227437K(227840K)->227445K(227840K)
[544.437s][info][gc,metaspace   ] GC(1494) Metaspace: 35526K(36288K)->35526K(36288K) NonClass: 29254K(29824K)->29254K(29824K) Class: 6272K(6464K)->6272K(6464K)
[544.437s][info][gc             ] GC(1494) Pause Young (Allocation Failure) 505M->222M(501M) 1.180ms
[544.437s][info][gc,cpu         ] GC(1494) User=0.00s Sys=0.00s Real=0.00s
[544.973s][info][gc,start       ] GC(1495) Pause Young (Allocation Failure)
[544.974s][info][gc,heap        ] GC(1495) PSYoungGen: 285248K(285696K)->64K(309248K) Eden: 285184K(285184K)->0K(286208K) From: 64K(512K)->64K(23040K)
[544.974s][info][gc,heap        ] GC(1495) ParOldGen: 227445K(227840K)->227453K(227840K)
[544.974s][info][gc,metaspace   ] GC(1495) Metaspace: 35527K(36288K)->35527K(36288K) NonClass: 29255K(29824K)->29255K(29824K) Class: 6272K(6464K)->6272K(6464K)
[544.974s][info][gc             ] GC(1495) Pause Young (Allocation Failure) 500M->222M(524M) 1.208ms
[544.974s][info][gc,cpu         ] GC(1495) User=0.00s Sys=0.00s Real=0.00s
[545.400s][info][gc,start       ] GC(1496) Pause Young (Allocation Failure)
[545.401s][info][gc,heap        ] GC(1496) PSYoungGen: 286272K(309248K)->64K(308224K) Eden: 286208K(286208K)->0K(286208K) From: 64K(23040K)->64K(22016K)
[545.401s][info][gc,heap        ] GC(1496) ParOldGen: 227453K(227840K)->227469K(227840K)
[545.401s][info][gc,metaspace   ] GC(1496) Metaspace: 35527K(36288K)->35527K(36288K) NonClass: 29255K(29824K)->29255K(29824K) Class: 6272K(6464K)->6272K(6464K)
[545.401s][info][gc             ] GC(1496) Pause Young (Allocation Failure) 501M->222M(523M) 1.228ms
[545.401s][info][gc,cpu         ] GC(1496) User=0.00s Sys=0.00s Real=0.00s
[545.631s][info][gc,start       ] GC(1497) Pause Young (Allocation Failure)
[545.632s][info][gc,heap        ] GC(1497) PSYoungGen: 286272K(308224K)->64K(310784K) Eden: 286208K(286208K)->0K(289792K) From: 64K(22016K)->64K(20992K)
[545.632s][info][gc,heap        ] GC(1497) ParOldGen: 227469K(227840K)->227485K(227840K)
[545.632s][info][gc,metaspace   ] GC(1497) Metaspace: 35527K(36288K)->35527K(36288K) NonClass: 29255K(29824K)->29255K(29824K) Class: 6272K(6464K)->6272K(6464K)
[545.632s][info][gc             ] GC(1497) Pause Young (Allocation Failure) 501M->222M(526M) 1.132ms
[545.632s][info][gc,cpu         ] GC(1497) User=0.00s Sys=0.00s Real=0.00s
[545.865s][info][gc,start       ] GC(1498) Pause Young (Allocation Failure)
[545.866s][info][gc,heap        ] GC(1498) PSYoungGen: 289856K(310784K)->64K(310272K) Eden: 289792K(289792K)->0K(289792K) From: 64K(20992K)->64K(20480K)
[545.866s][info][gc,heap        ] GC(1498) ParOldGen: 227485K(227840K)->227485K(227840K)
[545.866s][info][gc,metaspace   ] GC(1498) Metaspace: 35527K(36288K)->35527K(36288K) NonClass: 29255K(29824K)->29255K(29824K) Class: 6272K(6464K)->6272K(6464K)
[545.866s][info][gc             ] GC(1498) Pause Young (Allocation Failure) 505M->222M(525M) 1.061ms
[545.866s][info][gc,cpu         ] GC(1498) User=0.00s Sys=0.00s Real=0.01s
[546.229s][info][gc,start       ] GC(1499) Pause Young (Allocation Failure)
[546.230s][info][gc,heap        ] GC(1499) PSYoungGen: 289856K(310272K)->64K(312320K) Eden: 289792K(289792K)->0K(293376K) From: 64K(20480K)->64K(18944K)
[546.230s][info][gc,heap        ] GC(1499) ParOldGen: 227485K(227840K)->227485K(227840K)
[546.230s][info][gc,metaspace   ] GC(1499) Metaspace: 35527K(36288K)->35527K(36288K) NonClass: 29255K(29824K)->29255K(29824K) Class: 6272K(6464K)->6272K(6464K)
[546.230s][info][gc             ] GC(1499) Pause Young (Allocation Failure) 505M->222M(527M) 1.070ms
[546.230s][info][gc,cpu         ] GC(1499) User=0.00s Sys=0.00s Real=0.00s
[546.307s][info][gc,start       ] GC(1500) Pause Young (Allocation Failure)
[546.308s][info][gc,heap        ] GC(1500) PSYoungGen: 293440K(312320K)->64K(311808K) Eden: 293376K(293376K)->0K(293376K) From: 64K(18944K)->64K(18432K)
[546.308s][info][gc,heap        ] GC(1500) ParOldGen: 227485K(227840K)->227493K(227840K)
[546.308s][info][gc,metaspace   ] GC(1500) Metaspace: 35527K(36288K)->35527K(36288K) NonClass: 29255K(29824K)->29255K(29824K) Class: 6272K(6464K)->6272K(6464K)
[546.308s][info][gc             ] GC(1500) Pause Young (Allocation Failure) 508M->222M(527M) 1.164ms
[546.308s][info][gc,cpu         ] GC(1500) User=0.01s Sys=0.00s Real=0.00s
[546.361s][info][gc,start       ] GC(1501) Pause Young (Allocation Failure)
[546.362s][info][gc,heap        ] GC(1501) PSYoungGen: 293440K(311808K)->64K(314368K) Eden: 293376K(293376K)->0K(297472K) From: 64K(18432K)->64K(16896K)
[546.362s][info][gc,heap        ] GC(1501) ParOldGen: 227493K(227840K)->227509K(227840K)
[546.362s][info][gc,metaspace   ] GC(1501) Metaspace: 35527K(36288K)->35527K(36288K) NonClass: 29255K(29824K)->29255K(29824K) Class: 6272K(6464K)->6272K(6464K)
[546.362s][info][gc             ] GC(1501) Pause Young (Allocation Failure) 508M->222M(529M) 1.128ms
[546.362s][info][gc,cpu         ] GC(1501) User=0.00s Sys=0.00s Real=0.00s
[546.525s][info][gc,start       ] GC(1502) Pause Young (Allocation Failure)
[546.526s][info][gc,heap        ] GC(1502) PSYoungGen: 297536K(314368K)->64K(314368K) Eden: 297472K(297472K)->0K(297472K) From: 64K(16896K)->64K(16896K)
[546.526s][info][gc,heap        ] GC(1502) ParOldGen: 227509K(227840K)->227509K(227840K)
[546.526s][info][gc,metaspace   ] GC(1502) Metaspace: 35527K(36288K)->35527K(36288K) NonClass: 29255K(29824K)->29255K(29824K) Class: 6272K(6464K)->6272K(6464K)
[546.526s][info][gc             ] GC(1502) Pause Young (Allocation Failure) 512M->222M(529M) 1.484ms
[546.526s][info][gc,cpu         ] GC(1502) User=0.00s Sys=0.00s Real=0.01s
[546.740s][info][gc,start       ] GC(1503) Pause Young (Allocation Failure)
[546.741s][info][gc,heap        ] GC(1503) PSYoungGen: 297536K(314368K)->64K(315904K) Eden: 297472K(297472K)->0K(301056K) From: 64K(16896K)->64K(14848K)
[546.741s][info][gc,heap        ] GC(1503) ParOldGen: 227509K(227840K)->227517K(227840K)
[546.741s][info][gc,metaspace   ] GC(1503) Metaspace: 35527K(36288K)->35527K(36288K) NonClass: 29255K(29824K)->29255K(29824K) Class: 6272K(6464K)->6272K(6464K)
[546.741s][info][gc             ] GC(1503) Pause Young (Allocation Failure) 512M->222M(531M) 1.145ms
[546.741s][info][gc,cpu         ] GC(1503) User=0.00s Sys=0.00s Real=0.00s
[546.882s][info][gc,start       ] GC(1504) Pause Young (Allocation Failure)
[546.883s][info][gc,heap        ] GC(1504) PSYoungGen: 301120K(315904K)->64K(315904K) Eden: 301056K(301056K)->0K(301056K) From: 64K(14848K)->64K(14848K)
[546.883s][info][gc,heap        ] GC(1504) ParOldGen: 227517K(227840K)->227525K(227840K)
[546.883s][info][gc,metaspace   ] GC(1504) Metaspace: 35527K(36288K)->35527K(36288K) NonClass: 29255K(29824K)->29255K(29824K) Class: 6272K(6464K)->6272K(6464K)
[546.883s][info][gc             ] GC(1504) Pause Young (Allocation Failure) 516M->222M(531M) 1.205ms
[546.883s][info][gc,cpu         ] GC(1504) User=0.00s Sys=0.00s Real=0.00s
[546.969s][info][gc,start       ] GC(1505) Pause Young (Allocation Failure)
[546.970s][info][gc,heap        ] GC(1505) PSYoungGen: 301120K(315904K)->64K(318464K) Eden: 301056K(301056K)->0K(304640K) From: 64K(14848K)->64K(13824K)
[546.970s][info][gc,heap        ] GC(1505) ParOldGen: 227525K(227840K)->227533K(227840K)
[546.970s][info][gc,metaspace   ] GC(1505) Metaspace: 35527K(36288K)->35527K(36288K) NonClass: 29255K(29824K)->29255K(29824K) Class: 6272K(6464K)->6272K(6464K)
[546.970s][info][gc             ] GC(1505) Pause Young (Allocation Failure) 516M->222M(533M) 1.103ms
[546.970s][info][gc,cpu         ] GC(1505) User=0.00s Sys=0.00s Real=0.00s
[547.149s][info][gc,start       ] GC(1506) Pause Young (Allocation Failure)
[547.150s][info][gc,heap        ] GC(1506) PSYoungGen: 304704K(318464K)->64K(317952K) Eden: 304640K(304640K)->0K(304640K) From: 64K(13824K)->64K(13312K)
[547.150s][info][gc,heap        ] GC(1506) ParOldGen: 227533K(227840K)->227541K(227840K)
[547.150s][info][gc,metaspace   ] GC(1506) Metaspace: 35527K(36288K)->35527K(36288K) NonClass: 29255K(29824K)->29255K(29824K) Class: 6272K(6464K)->6272K(6464K)
[547.150s][info][gc             ] GC(1506) Pause Young (Allocation Failure) 519M->222M(533M) 1.252ms
[547.150s][info][gc,cpu         ] GC(1506) User=0.00s Sys=0.00s Real=0.00s
[548.121s][info][gc,start       ] GC(1507) Pause Young (Allocation Failure)
[548.122s][info][gc,heap        ] GC(1507) PSYoungGen: 304704K(317952K)->83K(292864K) Eden: 304640K(304640K)->0K(292352K) From: 64K(13312K)->83K(512K)
[548.122s][info][gc,heap        ] GC(1507) ParOldGen: 227541K(227840K)->227549K(227840K)
[548.122s][info][gc,metaspace   ] GC(1507) Metaspace: 35527K(36288K)->35527K(36288K) NonClass: 29255K(29824K)->29255K(29824K) Class: 6272K(6464K)->6272K(6464K)
[548.122s][info][gc             ] GC(1507) Pause Young (Allocation Failure) 519M->222M(508M) 1.163ms
[548.122s][info][gc,cpu         ] GC(1507) User=0.01s Sys=0.00s Real=0.00s
[549.020s][info][gc,start       ] GC(1508) Pause Young (Allocation Failure)
[549.021s][info][gc,heap        ] GC(1508) PSYoungGen: 292435K(292864K)->64K(292352K) Eden: 292352K(292352K)->0K(280576K) From: 83K(512K)->64K(11776K)
[549.021s][info][gc,heap        ] GC(1508) ParOldGen: 227549K(227840K)->227557K(227840K)
[549.021s][info][gc,metaspace   ] GC(1508) Metaspace: 35527K(36288K)->35527K(36288K) NonClass: 29255K(29824K)->29255K(29824K) Class: 6272K(6464K)->6272K(6464K)
[549.021s][info][gc             ] GC(1508) Pause Young (Allocation Failure) 507M->222M(508M) 1.071ms
[549.021s][info][gc,cpu         ] GC(1508) User=0.00s Sys=0.00s Real=0.00s
[549.324s][info][gc,start       ] GC(1509) Pause Young (Allocation Failure)
[549.325s][info][gc,heap        ] GC(1509) PSYoungGen: 280640K(292352K)->64K(270336K) Eden: 280576K(280576K)->0K(269824K) From: 64K(11776K)->64K(512K)
[549.325s][info][gc,heap        ] GC(1509) ParOldGen: 227557K(227840K)->227565K(227840K)
[549.325s][info][gc,metaspace   ] GC(1509) Metaspace: 35527K(36288K)->35527K(36288K) NonClass: 29255K(29824K)->29255K(29824K) Class: 6272K(6464K)->6272K(6464K)
[549.325s][info][gc             ] GC(1509) Pause Young (Allocation Failure) 496M->222M(486M) 1.580ms
[549.325s][info][gc,cpu         ] GC(1509) User=0.00s Sys=0.00s Real=0.00s
[549.748s][info][gc,start       ] GC(1510) Pause Young (Allocation Failure)
[549.750s][info][gc,heap        ] GC(1510) PSYoungGen: 269888K(270336K)->32K(269824K) Eden: 269824K(269824K)->0K(259584K) From: 64K(512K)->32K(10240K)
[549.750s][info][gc,heap        ] GC(1510) ParOldGen: 227565K(227840K)->227573K(227840K)
[549.750s][info][gc,metaspace   ] GC(1510) Metaspace: 35527K(36288K)->35527K(36288K) NonClass: 29255K(29824K)->29255K(29824K) Class: 6272K(6464K)->6272K(6464K)
[549.750s][info][gc             ] GC(1510) Pause Young (Allocation Failure) 485M->222M(486M) 1.892ms
[549.750s][info][gc,cpu         ] GC(1510) User=0.01s Sys=0.00s Real=0.00s
[550.685s][info][gc,start       ] GC(1511) Pause Young (Allocation Failure)
[550.687s][info][gc,heap        ] GC(1511) PSYoungGen: 259616K(269824K)->32K(249856K) Eden: 259584K(259584K)->0K(249344K) From: 32K(10240K)->32K(512K)
[550.687s][info][gc,heap        ] GC(1511) ParOldGen: 227573K(227840K)->227581K(227840K)
[550.687s][info][gc,metaspace   ] GC(1511) Metaspace: 35527K(36288K)->35527K(36288K) NonClass: 29255K(29824K)->29255K(29824K) Class: 6272K(6464K)->6272K(6464K)
[550.687s][info][gc             ] GC(1511) Pause Young (Allocation Failure) 475M->222M(466M) 2.025ms
[550.687s][info][gc,cpu         ] GC(1511) User=0.00s Sys=0.01s Real=0.01s
[551.052s][info][gc,start       ] GC(1512) Pause Young (Allocation Failure)
[551.053s][info][gc,heap        ] GC(1512) PSYoungGen: 249376K(249856K)->64K(248320K) Eden: 249344K(249344K)->0K(239616K) From: 32K(512K)->64K(8704K)
[551.053s][info][gc,heap        ] GC(1512) ParOldGen: 227581K(227840K)->227589K(227840K)
[551.053s][info][gc,metaspace   ] GC(1512) Metaspace: 35527K(36288K)->35527K(36288K) NonClass: 29255K(29824K)->29255K(29824K) Class: 6272K(6464K)->6272K(6464K)
[551.053s][info][gc             ] GC(1512) Pause Young (Allocation Failure) 465M->222M(465M) 1.172ms
[551.053s][info][gc,cpu         ] GC(1512) User=0.00s Sys=0.00s Real=0.00s
[551.198s][info][gc,start       ] GC(1513) Pause Young (Allocation Failure)
[551.200s][info][gc,heap        ] GC(1513) PSYoungGen: 239680K(248320K)->64K(230912K) Eden: 239616K(239616K)->0K(230400K) From: 64K(8704K)->64K(512K)
[551.200s][info][gc,heap        ] GC(1513) ParOldGen: 227589K(227840K)->227597K(227840K)
[551.200s][info][gc,metaspace   ] GC(1513) Metaspace: 35527K(36288K)->35527K(36288K) NonClass: 29255K(29824K)->29255K(29824K) Class: 6272K(6464K)->6272K(6464K)
[551.200s][info][gc             ] GC(1513) Pause Young (Allocation Failure) 456M->222M(448M) 1.940ms
[551.200s][info][gc,cpu         ] GC(1513) User=0.00s Sys=0.00s Real=0.00s
[551.429s][info][gc,start       ] GC(1514) Pause Young (Allocation Failure)
[551.431s][info][gc,heap        ] GC(1514) PSYoungGen: 230464K(230912K)->64K(229376K) Eden: 230400K(230400K)->0K(221696K) From: 64K(512K)->64K(7680K)
[551.431s][info][gc,heap        ] GC(1514) ParOldGen: 227597K(227840K)->227605K(227840K)
[551.431s][info][gc,metaspace   ] GC(1514) Metaspace: 35527K(36288K)->35527K(36288K) NonClass: 29255K(29824K)->29255K(29824K) Class: 6272K(6464K)->6272K(6464K)
[551.431s][info][gc             ] GC(1514) Pause Young (Allocation Failure) 447M->222M(446M) 1.337ms
[551.431s][info][gc,cpu         ] GC(1514) User=0.00s Sys=0.00s Real=0.00s
[551.928s][info][gc,start       ] GC(1515) Pause Young (Allocation Failure)
[551.929s][info][gc,heap        ] GC(1515) PSYoungGen: 221760K(229376K)->64K(214016K) Eden: 221696K(221696K)->0K(213504K) From: 64K(7680K)->64K(512K)
[551.929s][info][gc,heap        ] GC(1515) ParOldGen: 227605K(227840K)->227613K(227840K)
[551.929s][info][gc,metaspace   ] GC(1515) Metaspace: 35527K(36288K)->35527K(36288K) NonClass: 29255K(29824K)->29255K(29824K) Class: 6272K(6464K)->6272K(6464K)
[551.929s][info][gc             ] GC(1515) Pause Young (Allocation Failure) 438M->222M(431M) 1.931ms
[551.929s][info][gc,cpu         ] GC(1515) User=0.00s Sys=0.00s Real=0.00s
[552.192s][info][gc,start       ] GC(1516) Pause Young (Allocation Failure)
[552.194s][info][gc,heap        ] GC(1516) PSYoungGen: 213568K(214016K)->64K(212480K) Eden: 213504K(213504K)->0K(205824K) From: 64K(512K)->64K(6656K)
[552.194s][info][gc,heap        ] GC(1516) ParOldGen: 227613K(227840K)->227629K(227840K)
[552.194s][info][gc,metaspace   ] GC(1516) Metaspace: 35527K(36288K)->35527K(36288K) NonClass: 29255K(29824K)->29255K(29824K) Class: 6272K(6464K)->6272K(6464K)
[552.194s][info][gc             ] GC(1516) Pause Young (Allocation Failure) 430M->222M(430M) 1.899ms
[552.194s][info][gc,cpu         ] GC(1516) User=0.00s Sys=0.00s Real=0.00s
[552.476s][info][gc,start       ] GC(1517) Pause Young (Allocation Failure)
[552.515s][info][gc,heap        ] GC(1517) PSYoungGen: 205888K(212480K)->6144K(252416K) Eden: 205824K(205824K)->0K(246272K) From: 64K(6656K)->6144K(6144K)
[552.515s][info][gc,heap        ] GC(1517) ParOldGen: 227629K(227840K)->238805K(239104K)
[552.515s][info][gc,metaspace   ] GC(1517) Metaspace: 35527K(36288K)->35527K(36288K) NonClass: 29255K(29824K)->29255K(29824K) Class: 6272K(6464K)->6272K(6464K)
[552.515s][info][gc             ] GC(1517) Pause Young (Allocation Failure) 423M->239M(480M) 38.849ms
[552.515s][info][gc,cpu         ] GC(1517) User=0.05s Sys=0.01s Real=0.03s
[552.790s][info][gc,start       ] GC(1518) Pause Young (Allocation Failure)
[552.843s][info][gc,heap        ] GC(1518) PSYoungGen: 252416K(252416K)->11776K(273920K) Eden: 246272K(246272K)->0K(262144K) From: 6144K(6144K)->11776K(11776K)
[552.843s][info][gc,heap        ] GC(1518) ParOldGen: 238805K(239104K)->253709K(253952K)
[552.843s][info][gc,metaspace   ] GC(1518) Metaspace: 35527K(36288K)->35527K(36288K) NonClass: 29255K(29824K)->29255K(29824K) Class: 6272K(6464K)->6272K(6464K)
[552.843s][info][gc             ] GC(1518) Pause Young (Allocation Failure) 479M->259M(515M) 52.848ms
[552.843s][info][gc,cpu         ] GC(1518) User=0.10s Sys=0.01s Real=0.05s
[553.117s][info][gc,start       ] GC(1519) Pause Young (Allocation Failure)
[553.174s][info][gc,heap        ] GC(1519) PSYoungGen: 273920K(273920K)->19968K(301568K) Eden: 262144K(262144K)->0K(281600K) From: 11776K(11776K)->19968K(19968K)
[553.174s][info][gc,heap        ] GC(1519) ParOldGen: 253709K(253952K)->259645K(260096K)
[553.174s][info][gc,metaspace   ] GC(1519) Metaspace: 35527K(36288K)->35527K(36288K) NonClass: 29255K(29824K)->29255K(29824K) Class: 6272K(6464K)->6272K(6464K)
[553.174s][info][gc             ] GC(1519) Pause Young (Allocation Failure) 515M->273M(548M) 57.112ms
[553.174s][info][gc,cpu         ] GC(1519) User=0.10s Sys=0.02s Real=0.05s
[553.280s][info][gc,start       ] GC(1520) Pause Young (Allocation Failure)
[553.282s][info][gc,heap        ] GC(1520) PSYoungGen: 301568K(301568K)->64K(307712K) Eden: 281600K(281600K)->0K(281600K) From: 19968K(19968K)->64K(26112K)
[553.283s][info][gc,heap        ] GC(1520) ParOldGen: 259645K(260096K)->259853K(260096K)
[553.283s][info][gc,metaspace   ] GC(1520) Metaspace: 35527K(36288K)->35527K(36288K) NonClass: 29255K(29824K)->29255K(29824K) Class: 6272K(6464K)->6272K(6464K)
[553.283s][info][gc             ] GC(1520) Pause Young (Allocation Failure) 548M->253M(554M) 2.833ms
[553.283s][info][gc,cpu         ] GC(1520) User=0.00s Sys=0.00s Real=0.00s
[553.989s][info][gc,start       ] GC(1521) Pause Young (Allocation Failure)
[553.991s][info][gc,heap        ] GC(1521) PSYoungGen: 281664K(307712K)->64K(305152K) Eden: 281600K(281600K)->0K(282112K) From: 64K(26112K)->64K(23040K)
[553.991s][info][gc,heap        ] GC(1521) ParOldGen: 259853K(260096K)->259861K(260096K)
[553.991s][info][gc,metaspace   ] GC(1521) Metaspace: 35527K(36288K)->35527K(36288K) NonClass: 29255K(29824K)->29255K(29824K) Class: 6272K(6464K)->6272K(6464K)
[553.991s][info][gc             ] GC(1521) Pause Young (Allocation Failure) 528M->253M(552M) 1.551ms
[553.991s][info][gc,cpu         ] GC(1521) User=0.00s Sys=0.00s Real=0.00s
[554.337s][info][gc,start       ] GC(1522) Pause Young (Allocation Failure)
[554.338s][info][gc,heap        ] GC(1522) PSYoungGen: 282176K(305152K)->64K(306688K) Eden: 282112K(282112K)->0K(282112K) From: 64K(23040K)->64K(24576K)
[554.338s][info][gc,heap        ] GC(1522) ParOldGen: 259861K(260096K)->259869K(260096K)
[554.338s][info][gc,metaspace   ] GC(1522) Metaspace: 35527K(36288K)->35527K(36288K) NonClass: 29255K(29824K)->29255K(29824K) Class: 6272K(6464K)->6272K(6464K)
[554.338s][info][gc             ] GC(1522) Pause Young (Allocation Failure) 529M->253M(553M) 1.252ms
[554.338s][info][gc,cpu         ] GC(1522) User=0.01s Sys=0.00s Real=0.00s
[554.780s][info][gc,start       ] GC(1523) Pause Young (Allocation Failure)
[554.781s][info][gc,heap        ] GC(1523) PSYoungGen: 282176K(306688K)->64K(306688K) Eden: 282112K(282112K)->0K(285696K) From: 64K(24576K)->64K(20992K)
[554.781s][info][gc,heap        ] GC(1523) ParOldGen: 259869K(260096K)->259885K(260096K)
[554.781s][info][gc,metaspace   ] GC(1523) Metaspace: 35527K(36288K)->35527K(36288K) NonClass: 29255K(29824K)->29255K(29824K) Class: 6272K(6464K)->6272K(6464K)
[554.781s][info][gc             ] GC(1523) Pause Young (Allocation Failure) 529M->253M(553M) 1.376ms
[554.781s][info][gc,cpu         ] GC(1523) User=0.00s Sys=0.00s Real=0.00s
[555.008s][info][gc,start       ] GC(1524) Pause Young (Allocation Failure)
[555.009s][info][gc,heap        ] GC(1524) PSYoungGen: 285760K(306688K)->64K(308224K) Eden: 285696K(285696K)->0K(285696K) From: 64K(20992K)->64K(22528K)
[555.010s][info][gc,heap        ] GC(1524) ParOldGen: 259885K(260096K)->259901K(260096K)
[555.010s][info][gc,metaspace   ] GC(1524) Metaspace: 35527K(36288K)->35527K(36288K) NonClass: 29255K(29824K)->29255K(29824K) Class: 6272K(6464K)->6272K(6464K)
[555.010s][info][gc             ] GC(1524) Pause Young (Allocation Failure) 532M->253M(555M) 1.211ms
[555.010s][info][gc,cpu         ] GC(1524) User=0.01s Sys=0.00s Real=0.00s
[555.236s][info][gc,start       ] GC(1525) Pause Young (Allocation Failure)
[555.237s][info][gc,heap        ] GC(1525) PSYoungGen: 285760K(308224K)->64K(308736K) Eden: 285696K(285696K)->0K(289792K) From: 64K(22528K)->64K(18944K)
[555.237s][info][gc,heap        ] GC(1525) ParOldGen: 259901K(260096K)->259901K(260096K)
[555.237s][info][gc,metaspace   ] GC(1525) Metaspace: 35527K(36288K)->35527K(36288K) NonClass: 29255K(29824K)->29255K(29824K) Class: 6272K(6464K)->6272K(6464K)
[555.237s][info][gc             ] GC(1525) Pause Young (Allocation Failure) 532M->253M(555M) 1.248ms
[555.237s][info][gc,cpu         ] GC(1525) User=0.00s Sys=0.00s Real=0.01s
[555.568s][info][gc,start       ] GC(1526) Pause Young (Allocation Failure)
[555.570s][info][gc,heap        ] GC(1526) PSYoungGen: 289856K(308736K)->64K(310272K) Eden: 289792K(289792K)->0K(289792K) From: 64K(18944K)->64K(20480K)
[555.570s][info][gc,heap        ] GC(1526) ParOldGen: 259901K(260096K)->259901K(260096K)
[555.570s][info][gc,metaspace   ] GC(1526) Metaspace: 35527K(36288K)->35527K(36288K) NonClass: 29255K(29824K)->29255K(29824K) Class: 6272K(6464K)->6272K(6464K)
[555.570s][info][gc             ] GC(1526) Pause Young (Allocation Failure) 536M->253M(557M) 1.231ms
[555.570s][info][gc,cpu         ] GC(1526) User=0.00s Sys=0.00s Real=0.00s
[555.622s][info][gc,start       ] GC(1527) Pause Young (Allocation Failure)
[555.623s][info][gc,heap        ] GC(1527) PSYoungGen: 289856K(310272K)->32K(310784K) Eden: 289792K(289792K)->0K(293888K) From: 64K(20480K)->32K(16896K)
[555.623s][info][gc,heap        ] GC(1527) ParOldGen: 259901K(260096K)->259917K(260096K)
[555.623s][info][gc,metaspace   ] GC(1527) Metaspace: 35527K(36288K)->35527K(36288K) NonClass: 29255K(29824K)->29255K(29824K) Class: 6272K(6464K)->6272K(6464K)
[555.623s][info][gc             ] GC(1527) Pause Young (Allocation Failure) 536M->253M(557M) 1.187ms
[555.623s][info][gc,cpu         ] GC(1527) User=0.00s Sys=0.00s Real=0.00s
[555.679s][info][gc,start       ] GC(1528) Pause Young (Allocation Failure)
[555.681s][info][gc,heap        ] GC(1528) PSYoungGen: 293920K(310784K)->64K(312320K) Eden: 293888K(293888K)->0K(293888K) From: 32K(16896K)->64K(18432K)
[555.681s][info][gc,heap        ] GC(1528) ParOldGen: 259917K(260096K)->259917K(260096K)
[555.681s][info][gc,metaspace   ] GC(1528) Metaspace: 35527K(36288K)->35527K(36288K) NonClass: 29255K(29824K)->29255K(29824K) Class: 6272K(6464K)->6272K(6464K)
[555.681s][info][gc             ] GC(1528) Pause Young (Allocation Failure) 540M->253M(559M) 1.179ms
[555.681s][info][gc,cpu         ] GC(1528) User=0.00s Sys=0.00s Real=0.00s
[555.883s][info][gc,start       ] GC(1529) Pause Young (Allocation Failure)
[555.884s][info][gc,heap        ] GC(1529) PSYoungGen: 293952K(312320K)->64K(312832K) Eden: 293888K(293888K)->0K(297984K) From: 64K(18432K)->64K(14848K)
[555.884s][info][gc,heap        ] GC(1529) ParOldGen: 259917K(260096K)->259917K(260096K)
[555.884s][info][gc,metaspace   ] GC(1529) Metaspace: 35527K(36288K)->35527K(36288K) NonClass: 29255K(29824K)->29255K(29824K) Class: 6272K(6464K)->6272K(6464K)
[555.884s][info][gc             ] GC(1529) Pause Young (Allocation Failure) 540M->253M(559M) 1.218ms
[555.884s][info][gc,cpu         ] GC(1529) User=0.00s Sys=0.01s Real=0.00s
[556.099s][info][gc,start       ] GC(1530) Pause Young (Allocation Failure)
[556.100s][info][gc,heap        ] GC(1530) PSYoungGen: 298048K(312832K)->64K(314368K) Eden: 297984K(297984K)->0K(297984K) From: 64K(14848K)->64K(16384K)
[556.100s][info][gc,heap        ] GC(1530) ParOldGen: 259917K(260096K)->259925K(260096K)
[556.100s][info][gc,metaspace   ] GC(1530) Metaspace: 35527K(36288K)->35527K(36288K) NonClass: 29255K(29824K)->29255K(29824K) Class: 6272K(6464K)->6272K(6464K)
[556.100s][info][gc             ] GC(1530) Pause Young (Allocation Failure) 544M->253M(561M) 1.230ms
[556.100s][info][gc,cpu         ] GC(1530) User=0.00s Sys=0.00s Real=0.00s
[556.202s][info][gc,start       ] GC(1531) Pause Young (Allocation Failure)
[556.203s][info][gc,heap        ] GC(1531) PSYoungGen: 298048K(314368K)->64K(314880K) Eden: 297984K(297984K)->0K(302080K) From: 64K(16384K)->64K(12800K)
[556.203s][info][gc,heap        ] GC(1531) ParOldGen: 259925K(260096K)->259933K(260096K)
[556.203s][info][gc,metaspace   ] GC(1531) Metaspace: 35527K(36288K)->35527K(36288K) NonClass: 29255K(29824K)->29255K(29824K) Class: 6272K(6464K)->6272K(6464K)
[556.203s][info][gc             ] GC(1531) Pause Young (Allocation Failure) 544M->253M(561M) 1.202ms
[556.203s][info][gc,cpu         ] GC(1531) User=0.00s Sys=0.00s Real=0.00s
[556.315s][info][gc,start       ] GC(1532) Pause Young (Allocation Failure)
[556.316s][info][gc,heap        ] GC(1532) PSYoungGen: 302144K(314880K)->64K(316416K) Eden: 302080K(302080K)->0K(302080K) From: 64K(12800K)->64K(14336K)
[556.316s][info][gc,heap        ] GC(1532) ParOldGen: 259933K(260096K)->259941K(260096K)
[556.316s][info][gc,metaspace   ] GC(1532) Metaspace: 35527K(36288K)->35527K(36288K) NonClass: 29255K(29824K)->29255K(29824K) Class: 6272K(6464K)->6272K(6464K)
[556.316s][info][gc             ] GC(1532) Pause Young (Allocation Failure) 548M->253M(563M) 1.188ms
[556.316s][info][gc,cpu         ] GC(1532) User=0.00s Sys=0.00s Real=0.01s
[556.578s][info][gc,start       ] GC(1533) Pause Young (Allocation Failure)
[556.579s][info][gc,heap        ] GC(1533) PSYoungGen: 302144K(316416K)->64K(316928K) Eden: 302080K(302080K)->0K(305664K) From: 64K(14336K)->64K(11264K)
[556.579s][info][gc,heap        ] GC(1533) ParOldGen: 259941K(260096K)->259949K(260096K)
[556.579s][info][gc,metaspace   ] GC(1533) Metaspace: 35527K(36288K)->35527K(36288K) NonClass: 29255K(29824K)->29255K(29824K) Class: 6272K(6464K)->6272K(6464K)
[556.579s][info][gc             ] GC(1533) Pause Young (Allocation Failure) 548M->253M(563M) 1.216ms
[556.579s][info][gc,cpu         ] GC(1533) User=0.00s Sys=0.00s Real=0.00s
[557.449s][info][gc,start       ] GC(1534) Pause Young (Allocation Failure)
[557.451s][info][gc,heap        ] GC(1534) PSYoungGen: 305728K(316928K)->83K(293888K) Eden: 305664K(305664K)->0K(293376K) From: 64K(11264K)->83K(512K)
[557.451s][info][gc,heap        ] GC(1534) ParOldGen: 259949K(260096K)->259957K(260096K)
[557.451s][info][gc,metaspace   ] GC(1534) Metaspace: 35527K(36288K)->35527K(36288K) NonClass: 29255K(29824K)->29255K(29824K) Class: 6272K(6464K)->6272K(6464K)
[557.451s][info][gc             ] GC(1534) Pause Young (Allocation Failure) 552M->253M(541M) 1.918ms
[557.451s][info][gc,cpu         ] GC(1534) User=0.00s Sys=0.00s Real=0.00s
[558.403s][info][gc,start       ] GC(1535) Pause Young (Allocation Failure)
[558.405s][info][gc,heap        ] GC(1535) PSYoungGen: 293459K(293888K)->64K(282112K) Eden: 293376K(293376K)->0K(281600K) From: 83K(512K)->64K(512K)
[558.405s][info][gc,heap        ] GC(1535) ParOldGen: 259957K(260096K)->259965K(260096K)
[558.405s][info][gc,metaspace   ] GC(1535) Metaspace: 35527K(36288K)->35527K(36288K) NonClass: 29255K(29824K)->29255K(29824K) Class: 6272K(6464K)->6272K(6464K)
[558.405s][info][gc             ] GC(1535) Pause Young (Allocation Failure) 540M->253M(529M) 1.696ms
[558.405s][info][gc,cpu         ] GC(1535) User=0.00s Sys=0.00s Real=0.00s
[558.810s][info][gc,start       ] GC(1536) Pause Young (Allocation Failure)
[558.811s][info][gc,heap        ] GC(1536) PSYoungGen: 281664K(282112K)->64K(281600K) Eden: 281600K(281600K)->0K(270336K) From: 64K(512K)->64K(11264K)
[558.811s][info][gc,heap        ] GC(1536) ParOldGen: 259965K(260096K)->259973K(260096K)
[558.811s][info][gc,metaspace   ] GC(1536) Metaspace: 35527K(36288K)->35527K(36288K) NonClass: 29255K(29824K)->29255K(29824K) Class: 6272K(6464K)->6272K(6464K)
[558.811s][info][gc             ] GC(1536) Pause Young (Allocation Failure) 528M->253M(529M) 1.125ms
[558.811s][info][gc,cpu         ] GC(1536) User=0.00s Sys=0.00s Real=0.00s
[559.535s][info][gc,start       ] GC(1537) Pause Young (Allocation Failure)
[559.537s][info][gc,heap        ] GC(1537) PSYoungGen: 270400K(281600K)->64K(260096K) Eden: 270336K(270336K)->0K(259584K) From: 64K(11264K)->64K(512K)
[559.537s][info][gc,heap        ] GC(1537) ParOldGen: 259973K(260096K)->259981K(260096K)
[559.537s][info][gc,metaspace   ] GC(1537) Metaspace: 35527K(36288K)->35527K(36288K) NonClass: 29255K(29824K)->29255K(29824K) Class: 6272K(6464K)->6272K(6464K)
[559.537s][info][gc             ] GC(1537) Pause Young (Allocation Failure) 517M->253M(508M) 2.109ms
[559.537s][info][gc,cpu         ] GC(1537) User=0.00s Sys=0.00s Real=0.01s
[560.168s][info][gc,start       ] GC(1538) Pause Young (Allocation Failure)
[560.169s][info][gc,heap        ] GC(1538) PSYoungGen: 259648K(260096K)->64K(259072K) Eden: 259584K(259584K)->0K(249344K) From: 64K(512K)->64K(9728K)
[560.169s][info][gc,heap        ] GC(1538) ParOldGen: 259981K(260096K)->259989K(260096K)
[560.169s][info][gc,metaspace   ] GC(1538) Metaspace: 35527K(36288K)->35527K(36288K) NonClass: 29255K(29824K)->29255K(29824K) Class: 6272K(6464K)->6272K(6464K)
[560.170s][info][gc             ] GC(1538) Pause Young (Allocation Failure) 507M->253M(507M) 1.590ms
[560.170s][info][gc,cpu         ] GC(1538) User=0.00s Sys=0.00s Real=0.00s
[560.557s][info][gc,start       ] GC(1539) Pause Young (Allocation Failure)
[560.559s][info][gc,heap        ] GC(1539) PSYoungGen: 249408K(259072K)->32K(240128K) Eden: 249344K(249344K)->0K(239616K) From: 64K(9728K)->32K(512K)
[560.559s][info][gc,heap        ] GC(1539) ParOldGen: 259989K(260096K)->259997K(260096K)
[560.559s][info][gc,metaspace   ] GC(1539) Metaspace: 35527K(36288K)->35527K(36288K) NonClass: 29255K(29824K)->29255K(29824K) Class: 6272K(6464K)->6272K(6464K)
[560.559s][info][gc             ] GC(1539) Pause Young (Allocation Failure) 497M->253M(488M) 2.674ms
[560.559s][info][gc,cpu         ] GC(1539) User=0.00s Sys=0.00s Real=0.00s
[560.629s][info][gc,start       ] GC(1540) Pause Young (Allocation Failure)
[560.631s][info][gc,heap        ] GC(1540) PSYoungGen: 239648K(240128K)->64K(282624K) Eden: 239616K(239616K)->0K(274432K) From: 32K(512K)->64K(8192K)
[560.631s][info][gc,heap        ] GC(1540) ParOldGen: 259997K(260096K)->260005K(260096K)
[560.631s][info][gc,metaspace   ] GC(1540) Metaspace: 35527K(36288K)->35527K(36288K) NonClass: 29255K(29824K)->29255K(29824K) Class: 6272K(6464K)->6272K(6464K)
[560.631s][info][gc             ] GC(1540) Pause Young (Allocation Failure) 487M->253M(530M) 2.049ms
[560.631s][info][gc,cpu         ] GC(1540) User=0.00s Sys=0.00s Real=0.00s
[561.194s][info][gc,start       ] GC(1541) Pause Young (Allocation Failure)
[561.196s][info][gc,heap        ] GC(1541) PSYoungGen: 274496K(282624K)->64K(264192K) Eden: 274432K(274432K)->0K(263680K) From: 64K(8192K)->64K(512K)
[561.196s][info][gc,heap        ] GC(1541) ParOldGen: 260005K(260096K)->260021K(260096K)
[561.196s][info][gc,metaspace   ] GC(1541) Metaspace: 35527K(36288K)->35527K(36288K) NonClass: 29255K(29824K)->29255K(29824K) Class: 6272K(6464K)->6272K(6464K)
[561.196s][info][gc             ] GC(1541) Pause Young (Allocation Failure) 521M->253M(512M) 1.823ms
[561.196s][info][gc,cpu         ] GC(1541) User=0.00s Sys=0.00s Real=0.00s
[561.538s][info][gc,start       ] GC(1542) Pause Young (Allocation Failure)
[561.539s][info][gc,heap        ] GC(1542) PSYoungGen: 263744K(264192K)->64K(260608K) Eden: 263680K(263680K)->0K(253440K) From: 64K(512K)->64K(7168K)
[561.539s][info][gc,heap        ] GC(1542) ParOldGen: 260021K(260096K)->260029K(260096K)
[561.539s][info][gc,metaspace   ] GC(1542) Metaspace: 35527K(36288K)->35527K(36288K) NonClass: 29255K(29824K)->29255K(29824K) Class: 6272K(6464K)->6272K(6464K)
[561.539s][info][gc             ] GC(1542) Pause Young (Allocation Failure) 511M->253M(508M) 1.598ms
[561.539s][info][gc,cpu         ] GC(1542) User=0.01s Sys=0.00s Real=0.00s
[561.913s][info][gc,start       ] GC(1543) Pause Young (Allocation Failure)
[561.956s][info][gc,heap        ] GC(1543) PSYoungGen: 253504K(260608K)->6656K(278016K) Eden: 253440K(253440K)->0K(271360K) From: 64K(7168K)->6656K(6656K)
[561.956s][info][gc,heap        ] GC(1543) ParOldGen: 260029K(260096K)->270813K(270848K)
[561.956s][info][gc,metaspace   ] GC(1543) Metaspace: 35527K(36288K)->35527K(36288K) NonClass: 29255K(29824K)->29255K(29824K) Class: 6272K(6464K)->6272K(6464K)
[561.956s][info][gc             ] GC(1543) Pause Young (Allocation Failure) 501M->270M(536M) 43.371ms
[561.956s][info][gc,cpu         ] GC(1543) User=0.07s Sys=0.01s Real=0.05s
[562.273s][info][gc,start       ] GC(1544) Pause Young (Allocation Failure)
[562.350s][info][gc,heap        ] GC(1544) PSYoungGen: 278016K(278016K)->12288K(283648K) Eden: 271360K(271360K)->0K(271360K) From: 6656K(6656K)->12288K(12288K)
[562.350s][info][gc,heap        ] GC(1544) ParOldGen: 270813K(270848K)->287861K(288256K)
[562.350s][info][gc,metaspace   ] GC(1544) Metaspace: 35527K(36288K)->35527K(36288K) NonClass: 29255K(29824K)->29255K(29824K) Class: 6272K(6464K)->6272K(6464K)
[562.350s][info][gc             ] GC(1544) Pause Young (Allocation Failure) 535M->293M(558M) 77.780ms
[562.350s][info][gc,cpu         ] GC(1544) User=0.13s Sys=0.02s Real=0.08s
[562.608s][info][gc,start       ] GC(1545) Pause Young (Allocation Failure)
[562.660s][info][gc,heap        ] GC(1545) PSYoungGen: 283648K(283648K)->21504K(302080K) Eden: 271360K(271360K)->0K(280576K) From: 12288K(12288K)->21504K(21504K)
[562.660s][info][gc,heap        ] GC(1545) ParOldGen: 287861K(288256K)->289541K(289792K)
[562.660s][info][gc,metaspace   ] GC(1545) Metaspace: 35527K(36288K)->35527K(36288K) NonClass: 29255K(29824K)->29255K(29824K) Class: 6272K(6464K)->6272K(6464K)
[562.660s][info][gc             ] GC(1545) Pause Young (Allocation Failure) 558M->303M(578M) 51.516ms
[562.660s][info][gc,cpu         ] GC(1545) User=0.08s Sys=0.02s Real=0.05s
[562.843s][info][gc,start       ] GC(1546) Pause Young (Allocation Failure)
[562.844s][info][gc,heap        ] GC(1546) PSYoungGen: 302080K(302080K)->64K(307200K) Eden: 280576K(280576K)->0K(280576K) From: 21504K(21504K)->64K(26624K)
[562.844s][info][gc,heap        ] GC(1546) ParOldGen: 289541K(289792K)->289589K(289792K)
[562.844s][info][gc,metaspace   ] GC(1546) Metaspace: 35527K(36288K)->35527K(36288K) NonClass: 29255K(29824K)->29255K(29824K) Class: 6272K(6464K)->6272K(6464K)
[562.844s][info][gc             ] GC(1546) Pause Young (Allocation Failure) 577M->282M(583M) 1.575ms
[562.844s][info][gc,cpu         ] GC(1546) User=0.00s Sys=0.00s Real=0.00s
[563.554s][info][gc,start       ] GC(1547) Pause Young (Allocation Failure)
[563.556s][info][gc,heap        ] GC(1547) PSYoungGen: 280640K(307200K)->64K(304128K) Eden: 280576K(280576K)->0K(281600K) From: 64K(26624K)->64K(22528K)
[563.556s][info][gc,heap        ] GC(1547) ParOldGen: 289589K(289792K)->289605K(289792K)
[563.556s][info][gc,metaspace   ] GC(1547) Metaspace: 35527K(36288K)->35527K(36288K) NonClass: 29255K(29824K)->29255K(29824K) Class: 6272K(6464K)->6272K(6464K)
[563.556s][info][gc             ] GC(1547) Pause Young (Allocation Failure) 556M->282M(580M) 1.488ms
[563.556s][info][gc,cpu         ] GC(1547) User=0.00s Sys=0.00s Real=0.00s
[563.838s][info][gc,start       ] GC(1548) Pause Young (Allocation Failure)
[563.840s][info][gc,heap        ] GC(1548) PSYoungGen: 281664K(304128K)->64K(306176K) Eden: 281600K(281600K)->0K(281600K) From: 64K(22528K)->64K(24576K)
[563.840s][info][gc,heap        ] GC(1548) ParOldGen: 289605K(289792K)->289605K(289792K)
[563.840s][info][gc,metaspace   ] GC(1548) Metaspace: 35527K(36288K)->35527K(36288K) NonClass: 29255K(29824K)->29255K(29824K) Class: 6272K(6464K)->6272K(6464K)
[563.840s][info][gc             ] GC(1548) Pause Young (Allocation Failure) 557M->282M(582M) 1.321ms
[563.840s][info][gc,cpu         ] GC(1548) User=0.01s Sys=0.00s Real=0.00s
[564.284s][info][gc,start       ] GC(1549) Pause Young (Allocation Failure)
[564.285s][info][gc,heap        ] GC(1549) PSYoungGen: 281664K(306176K)->64K(306688K) Eden: 281600K(281600K)->0K(285184K) From: 64K(24576K)->64K(21504K)
[564.285s][info][gc,heap        ] GC(1549) ParOldGen: 289605K(289792K)->289621K(289792K)
[564.285s][info][gc,metaspace   ] GC(1549) Metaspace: 35527K(36288K)->35527K(36288K) NonClass: 29255K(29824K)->29255K(29824K) Class: 6272K(6464K)->6272K(6464K)
[564.285s][info][gc             ] GC(1549) Pause Young (Allocation Failure) 557M->282M(582M) 1.303ms
[564.285s][info][gc,cpu         ] GC(1549) User=0.00s Sys=0.00s Real=0.00s
[564.510s][info][gc,start       ] GC(1550) Pause Young (Allocation Failure)
[564.511s][info][gc,heap        ] GC(1550) PSYoungGen: 285248K(306688K)->64K(308224K) Eden: 285184K(285184K)->0K(285184K) From: 64K(21504K)->64K(23040K)
[564.511s][info][gc,heap        ] GC(1550) ParOldGen: 289621K(289792K)->289637K(289792K)
[564.511s][info][gc,metaspace   ] GC(1550) Metaspace: 35527K(36288K)->35527K(36288K) NonClass: 29255K(29824K)->29255K(29824K) Class: 6272K(6464K)->6272K(6464K)
[564.511s][info][gc             ] GC(1550) Pause Young (Allocation Failure) 561M->282M(584M) 1.268ms
[564.511s][info][gc,cpu         ] GC(1550) User=0.01s Sys=0.00s Real=0.00s
[564.737s][info][gc,start       ] GC(1551) Pause Young (Allocation Failure)
[564.738s][info][gc,heap        ] GC(1551) PSYoungGen: 285248K(308224K)->64K(307200K) Eden: 285184K(285184K)->0K(288768K) From: 64K(23040K)->64K(18432K)
[564.738s][info][gc,heap        ] GC(1551) ParOldGen: 289637K(289792K)->289637K(289792K)
[564.738s][info][gc,metaspace   ] GC(1551) Metaspace: 35527K(36288K)->35527K(36288K) NonClass: 29255K(29824K)->29255K(29824K) Class: 6272K(6464K)->6272K(6464K)
[564.738s][info][gc             ] GC(1551) Pause Young (Allocation Failure) 561M->282M(583M) 1.393ms
[564.738s][info][gc,cpu         ] GC(1551) User=0.00s Sys=0.00s Real=0.00s
[565.047s][info][gc,start       ] GC(1552) Pause Young (Allocation Failure)
[565.048s][info][gc,heap        ] GC(1552) PSYoungGen: 288832K(307200K)->64K(309248K) Eden: 288768K(288768K)->0K(288768K) From: 64K(18432K)->64K(20480K)
[565.048s][info][gc,heap        ] GC(1552) ParOldGen: 289637K(289792K)->289637K(289792K)
[565.048s][info][gc,metaspace   ] GC(1552) Metaspace: 35527K(36288K)->35527K(36288K) NonClass: 29255K(29824K)->29255K(29824K) Class: 6272K(6464K)->6272K(6464K)
[565.048s][info][gc             ] GC(1552) Pause Young (Allocation Failure) 564M->282M(585M) 1.267ms
[565.048s][info][gc,cpu         ] GC(1552) User=0.00s Sys=0.00s Real=0.00s
[565.102s][info][gc,start       ] GC(1553) Pause Young (Allocation Failure)
[565.103s][info][gc,heap        ] GC(1553) PSYoungGen: 288832K(309248K)->64K(310272K) Eden: 288768K(288768K)->0K(293888K) From: 64K(20480K)->64K(16384K)
[565.103s][info][gc,heap        ] GC(1553) ParOldGen: 289637K(289792K)->289653K(289792K)
[565.103s][info][gc,metaspace   ] GC(1553) Metaspace: 35527K(36288K)->35527K(36288K) NonClass: 29255K(29824K)->29255K(29824K) Class: 6272K(6464K)->6272K(6464K)
[565.103s][info][gc             ] GC(1553) Pause Young (Allocation Failure) 564M->282M(586M) 1.264ms
[565.103s][info][gc,cpu         ] GC(1553) User=0.00s Sys=0.00s Real=0.00s
[565.165s][info][gc,start       ] GC(1554) Pause Young (Allocation Failure)
[565.166s][info][gc,heap        ] GC(1554) PSYoungGen: 293952K(310272K)->64K(312320K) Eden: 293888K(293888K)->0K(293888K) From: 64K(16384K)->64K(18432K)
[565.166s][info][gc,heap        ] GC(1554) ParOldGen: 289653K(289792K)->289653K(289792K)
[565.166s][info][gc,metaspace   ] GC(1554) Metaspace: 35527K(36288K)->35527K(36288K) NonClass: 29255K(29824K)->29255K(29824K) Class: 6272K(6464K)->6272K(6464K)
[565.166s][info][gc             ] GC(1554) Pause Young (Allocation Failure) 569M->282M(588M) 1.306ms
[565.166s][info][gc,cpu         ] GC(1554) User=0.00s Sys=0.00s Real=0.01s
[565.378s][info][gc,start       ] GC(1555) Pause Young (Allocation Failure)
[565.380s][info][gc,heap        ] GC(1555) PSYoungGen: 293952K(312320K)->64K(312320K) Eden: 293888K(293888K)->0K(297984K) From: 64K(18432K)->64K(14336K)
[565.380s][info][gc,heap        ] GC(1555) ParOldGen: 289653K(289792K)->289669K(289792K)
[565.380s][info][gc,metaspace   ] GC(1555) Metaspace: 35527K(36288K)->35527K(36288K) NonClass: 29255K(29824K)->29255K(29824K) Class: 6272K(6464K)->6272K(6464K)
[565.380s][info][gc             ] GC(1555) Pause Young (Allocation Failure) 569M->282M(588M) 1.344ms
[565.380s][info][gc,cpu         ] GC(1555) User=0.00s Sys=0.00s Real=0.00s
[565.594s][info][gc,start       ] GC(1556) Pause Young (Allocation Failure)
[565.595s][info][gc,heap        ] GC(1556) PSYoungGen: 298048K(312320K)->64K(314368K) Eden: 297984K(297984K)->0K(297984K) From: 64K(14336K)->64K(16384K)
[565.595s][info][gc,heap        ] GC(1556) ParOldGen: 289669K(289792K)->289669K(289792K)
[565.595s][info][gc,metaspace   ] GC(1556) Metaspace: 35527K(36288K)->35527K(36288K) NonClass: 29255K(29824K)->29255K(29824K) Class: 6272K(6464K)->6272K(6464K)
[565.595s][info][gc             ] GC(1556) Pause Young (Allocation Failure) 573M->282M(590M) 1.284ms
[565.595s][info][gc,cpu         ] GC(1556) User=0.00s Sys=0.00s Real=0.00s
[565.685s][info][gc,start       ] GC(1557) Pause Young (Allocation Failure)
[565.686s][info][gc,heap        ] GC(1557) PSYoungGen: 298048K(314368K)->64K(315392K) Eden: 297984K(297984K)->0K(302080K) From: 64K(16384K)->64K(13312K)
[565.686s][info][gc,heap        ] GC(1557) ParOldGen: 289669K(289792K)->289677K(289792K)
[565.686s][info][gc,metaspace   ] GC(1557) Metaspace: 35527K(36288K)->35527K(36288K) NonClass: 29255K(29824K)->29255K(29824K) Class: 6272K(6464K)->6272K(6464K)
[565.686s][info][gc             ] GC(1557) Pause Young (Allocation Failure) 573M->282M(591M) 1.341ms
[565.686s][info][gc,cpu         ] GC(1557) User=0.00s Sys=0.00s Real=0.01s
[565.806s][info][gc,start       ] GC(1558) Pause Young (Allocation Failure)
[565.807s][info][gc,heap        ] GC(1558) PSYoungGen: 302144K(315392K)->64K(316928K) Eden: 302080K(302080K)->0K(302080K) From: 64K(13312K)->64K(14848K)
[565.807s][info][gc,heap        ] GC(1558) ParOldGen: 289677K(289792K)->289685K(289792K)
[565.807s][info][gc,metaspace   ] GC(1558) Metaspace: 35527K(36288K)->35527K(36288K) NonClass: 29255K(29824K)->29255K(29824K) Class: 6272K(6464K)->6272K(6464K)
[565.807s][info][gc             ] GC(1558) Pause Young (Allocation Failure) 577M->282M(592M) 1.358ms
[565.807s][info][gc,cpu         ] GC(1558) User=0.00s Sys=0.00s Real=0.01s
[566.176s][info][gc,start       ] GC(1559) Pause Young (Allocation Failure)
[566.177s][info][gc,heap        ] GC(1559) PSYoungGen: 302144K(316928K)->64K(316416K) Eden: 302080K(302080K)->0K(305152K) From: 64K(14848K)->64K(11264K)
[566.177s][info][gc,heap        ] GC(1559) ParOldGen: 289685K(289792K)->289693K(289792K)
[566.177s][info][gc,metaspace   ] GC(1559) Metaspace: 35527K(36288K)->35527K(36288K) NonClass: 29255K(29824K)->29255K(29824K) Class: 6272K(6464K)->6272K(6464K)
[566.177s][info][gc             ] GC(1559) Pause Young (Allocation Failure) 577M->282M(592M) 1.256ms
[566.177s][info][gc,cpu         ] GC(1559) User=0.00s Sys=0.00s Real=0.00s
[566.920s][info][gc,start       ] GC(1560) Pause Young (Allocation Failure)
[566.922s][info][gc,heap        ] GC(1560) PSYoungGen: 305216K(316416K)->64K(293376K) Eden: 305152K(305152K)->0K(292864K) From: 64K(11264K)->64K(512K)
[566.922s][info][gc,heap        ] GC(1560) ParOldGen: 289693K(289792K)->289701K(289792K)
[566.922s][info][gc,metaspace   ] GC(1560) Metaspace: 35527K(36288K)->35527K(36288K) NonClass: 29255K(29824K)->29255K(29824K) Class: 6272K(6464K)->6272K(6464K)
[566.922s][info][gc             ] GC(1560) Pause Young (Allocation Failure) 580M->282M(569M) 2.153ms
[566.922s][info][gc,cpu         ] GC(1560) User=0.00s Sys=0.00s Real=0.00s
[567.894s][info][gc,start       ] GC(1561) Pause Young (Allocation Failure)
[567.895s][info][gc,heap        ] GC(1561) PSYoungGen: 292928K(293376K)->64K(281600K) Eden: 292864K(292864K)->0K(281088K) From: 64K(512K)->64K(512K)
[567.895s][info][gc,heap        ] GC(1561) ParOldGen: 289701K(289792K)->289717K(289792K)
[567.895s][info][gc,metaspace   ] GC(1561) Metaspace: 35527K(36288K)->35527K(36288K) NonClass: 29255K(29824K)->29255K(29824K) Class: 6272K(6464K)->6272K(6464K)
[567.895s][info][gc             ] GC(1561) Pause Young (Allocation Failure) 568M->282M(558M) 1.745ms
[567.895s][info][gc,cpu         ] GC(1561) User=0.00s Sys=0.00s Real=0.00s
[568.319s][info][gc,start       ] GC(1562) Pause Young (Allocation Failure)
[568.320s][info][gc,heap        ] GC(1562) PSYoungGen: 281152K(281600K)->64K(281088K) Eden: 281088K(281088K)->0K(269824K) From: 64K(512K)->64K(11264K)
[568.320s][info][gc,heap        ] GC(1562) ParOldGen: 289717K(289792K)->289725K(289792K)
[568.320s][info][gc,metaspace   ] GC(1562) Metaspace: 35527K(36288K)->35527K(36288K) NonClass: 29255K(29824K)->29255K(29824K) Class: 6272K(6464K)->6272K(6464K)
[568.320s][info][gc             ] GC(1562) Pause Young (Allocation Failure) 557M->282M(557M) 1.258ms
[568.320s][info][gc,cpu         ] GC(1562) User=0.00s Sys=0.00s Real=0.00s
[569.346s][info][gc,start       ] GC(1563) Pause Young (Allocation Failure)
[569.348s][info][gc,heap        ] GC(1563) PSYoungGen: 269888K(281088K)->64K(260096K) Eden: 269824K(269824K)->0K(259584K) From: 64K(11264K)->64K(512K)
[569.348s][info][gc,heap        ] GC(1563) ParOldGen: 289725K(289792K)->289733K(289792K)
[569.348s][info][gc,metaspace   ] GC(1563) Metaspace: 35527K(36288K)->35527K(36288K) NonClass: 29255K(29824K)->29255K(29824K) Class: 6272K(6464K)->6272K(6464K)
[569.348s][info][gc             ] GC(1563) Pause Young (Allocation Failure) 546M->283M(537M) 1.776ms
[569.348s][info][gc,cpu         ] GC(1563) User=0.01s Sys=0.00s Real=0.00s
[569.582s][info][gc,start       ] GC(1564) Pause Young (Allocation Failure)
[569.583s][info][gc,heap        ] GC(1564) PSYoungGen: 259648K(260096K)->64K(259072K) Eden: 259584K(259584K)->0K(249344K) From: 64K(512K)->64K(9728K)
[569.583s][info][gc,heap        ] GC(1564) ParOldGen: 289733K(289792K)->289741K(289792K)
[569.583s][info][gc,metaspace   ] GC(1564) Metaspace: 35527K(36288K)->35527K(36288K) NonClass: 29255K(29824K)->29255K(29824K) Class: 6272K(6464K)->6272K(6464K)
[569.583s][info][gc             ] GC(1564) Pause Young (Allocation Failure) 536M->283M(536M) 1.254ms
[569.583s][info][gc,cpu         ] GC(1564) User=0.00s Sys=0.00s Real=0.00s
[569.966s][info][gc,start       ] GC(1565) Pause Young (Allocation Failure)
[569.969s][info][gc,heap        ] GC(1565) PSYoungGen: 249408K(259072K)->64K(240128K) Eden: 249344K(249344K)->0K(239616K) From: 64K(9728K)->64K(512K)
[569.969s][info][gc,heap        ] GC(1565) ParOldGen: 289741K(289792K)->289757K(289792K)
[569.969s][info][gc,metaspace   ] GC(1565) Metaspace: 35527K(36288K)->35527K(36288K) NonClass: 29255K(29824K)->29255K(29824K) Class: 6272K(6464K)->6272K(6464K)
[569.969s][info][gc             ] GC(1565) Pause Young (Allocation Failure) 526M->283M(517M) 2.919ms
[569.969s][info][gc,cpu         ] GC(1565) User=0.00s Sys=0.00s Real=0.00s
[570.039s][info][gc,start       ] GC(1566) Pause Young (Allocation Failure)
[570.041s][info][gc,heap        ] GC(1566) PSYoungGen: 239680K(240128K)->64K(281600K) Eden: 239616K(239616K)->0K(272896K) From: 64K(512K)->64K(8704K)
[570.041s][info][gc,heap        ] GC(1566) ParOldGen: 289757K(289792K)->289773K(289792K)
[570.042s][info][gc,metaspace   ] GC(1566) Metaspace: 35527K(36288K)->35527K(36288K) NonClass: 29255K(29824K)->29255K(29824K) Class: 6272K(6464K)->6272K(6464K)
[570.042s][info][gc             ] GC(1566) Pause Young (Allocation Failure) 517M->283M(558M) 2.183ms
[570.042s][info][gc,cpu         ] GC(1566) User=0.00s Sys=0.00s Real=0.00s
[570.646s][info][gc,start       ] GC(1567) Pause Young (Allocation Failure)
[570.648s][info][gc,heap        ] GC(1567) PSYoungGen: 272960K(281600K)->64K(262656K) Eden: 272896K(272896K)->0K(262144K) From: 64K(8704K)->64K(512K)
[570.648s][info][gc,heap        ] GC(1567) ParOldGen: 289773K(289792K)->289789K(289792K)
[570.648s][info][gc,metaspace   ] GC(1567) Metaspace: 35527K(36288K)->35527K(36288K) NonClass: 29255K(29824K)->29255K(29824K) Class: 6272K(6464K)->6272K(6464K)
[570.648s][info][gc             ] GC(1567) Pause Young (Allocation Failure) 549M->283M(539M) 2.218ms
[570.648s][info][gc,cpu         ] GC(1567) User=0.00s Sys=0.00s Real=0.00s
[570.957s][info][gc,start       ] GC(1568) Pause Young (Allocation Failure)
[570.959s][info][gc,heap        ] GC(1568) PSYoungGen: 262208K(262656K)->64K(259072K) Eden: 262144K(262144K)->0K(251904K) From: 64K(512K)->64K(7168K)
[570.959s][info][gc,heap        ] GC(1568) ParOldGen: 289789K(289792K)->289805K(290304K)
[570.959s][info][gc,metaspace   ] GC(1568) Metaspace: 35527K(36288K)->35527K(36288K) NonClass: 29255K(29824K)->29255K(29824K) Class: 6272K(6464K)->6272K(6464K)
[570.959s][info][gc             ] GC(1568) Pause Young (Allocation Failure) 539M->283M(536M) 2.209ms
[570.959s][info][gc,cpu         ] GC(1568) User=0.00s Sys=0.00s Real=0.00s
[571.311s][info][gc,start       ] GC(1569) Pause Young (Allocation Failure)
[571.350s][info][gc,heap        ] GC(1569) PSYoungGen: 251968K(259072K)->6656K(277504K) Eden: 251904K(251904K)->0K(270848K) From: 64K(7168K)->6656K(6656K)
[571.350s][info][gc,heap        ] GC(1569) ParOldGen: 289805K(290304K)->303005K(303104K)
[571.350s][info][gc,metaspace   ] GC(1569) Metaspace: 35527K(36288K)->35527K(36288K) NonClass: 29255K(29824K)->29255K(29824K) Class: 6272K(6464K)->6272K(6464K)
[571.350s][info][gc             ] GC(1569) Pause Young (Allocation Failure) 529M->302M(567M) 39.528ms
[571.350s][info][gc,cpu         ] GC(1569) User=0.07s Sys=0.00s Real=0.04s
[571.665s][info][gc,start       ] GC(1570) Pause Young (Allocation Failure)
[571.724s][info][gc,heap        ] GC(1570) PSYoungGen: 277504K(277504K)->13312K(284160K) Eden: 270848K(270848K)->0K(270848K) From: 6656K(6656K)->13312K(13312K)
[571.724s][info][gc,heap        ] GC(1570) ParOldGen: 303005K(303104K)->319069K(319488K)
[571.724s][info][gc,metaspace   ] GC(1570) Metaspace: 35527K(36288K)->35527K(36288K) NonClass: 29255K(29824K)->29255K(29824K) Class: 6272K(6464K)->6272K(6464K)
[571.724s][info][gc             ] GC(1570) Pause Young (Allocation Failure) 566M->324M(589M) 59.123ms
[571.724s][info][gc,cpu         ] GC(1570) User=0.11s Sys=0.01s Real=0.06s
[571.959s][info][gc,start       ] GC(1571) Pause Young (Allocation Failure)
[572.005s][info][gc,heap        ] GC(1571) PSYoungGen: 284160K(284160K)->20224K(303616K) Eden: 270848K(270848K)->0K(281600K) From: 13312K(13312K)->20224K(22016K)
[572.005s][info][gc,heap        ] GC(1571) ParOldGen: 319069K(319488K)->319661K(320000K)
[572.005s][info][gc,metaspace   ] GC(1571) Metaspace: 35527K(36288K)->35527K(36288K) NonClass: 29255K(29824K)->29255K(29824K) Class: 6272K(6464K)->6272K(6464K)
[572.005s][info][gc             ] GC(1571) Pause Young (Allocation Failure) 589M->331M(609M) 46.140ms
[572.005s][info][gc,cpu         ] GC(1571) User=0.07s Sys=0.02s Real=0.04s
[572.240s][info][gc,start       ] GC(1572) Pause Young (Allocation Failure)
[572.241s][info][gc,heap        ] GC(1572) PSYoungGen: 301824K(303616K)->64K(307712K) Eden: 281600K(281600K)->0K(281600K) From: 20224K(22016K)->64K(26112K)
[572.241s][info][gc,heap        ] GC(1572) ParOldGen: 319661K(320000K)->319669K(320000K)
[572.241s][info][gc,metaspace   ] GC(1572) Metaspace: 35527K(36288K)->35527K(36288K) NonClass: 29255K(29824K)->29255K(29824K) Class: 6272K(6464K)->6272K(6464K)
[572.241s][info][gc             ] GC(1572) Pause Young (Allocation Failure) 606M->312M(613M) 1.329ms
[572.241s][info][gc,cpu         ] GC(1572) User=0.01s Sys=0.00s Real=0.00s
[572.945s][info][gc,start       ] GC(1573) Pause Young (Allocation Failure)
[572.946s][info][gc,heap        ] GC(1573) PSYoungGen: 281664K(307712K)->64K(305664K) Eden: 281600K(281600K)->0K(282624K) From: 64K(26112K)->64K(23040K)
[572.946s][info][gc,heap        ] GC(1573) ParOldGen: 319669K(320000K)->319677K(320000K)
[572.946s][info][gc,metaspace   ] GC(1573) Metaspace: 35527K(36288K)->35527K(36288K) NonClass: 29255K(29824K)->29255K(29824K) Class: 6272K(6464K)->6272K(6464K)
[572.946s][info][gc             ] GC(1573) Pause Young (Allocation Failure) 587M->312M(611M) 1.404ms
[572.946s][info][gc,cpu         ] GC(1573) User=0.00s Sys=0.00s Real=0.01s
[573.210s][info][gc,start       ] GC(1574) Pause Young (Allocation Failure)
[573.211s][info][gc,heap        ] GC(1574) PSYoungGen: 282688K(305664K)->64K(307200K) Eden: 282624K(282624K)->0K(282624K) From: 64K(23040K)->64K(24576K)
[573.211s][info][gc,heap        ] GC(1574) ParOldGen: 319677K(320000K)->319693K(320000K)
[573.211s][info][gc,metaspace   ] GC(1574) Metaspace: 35527K(36288K)->35527K(36288K) NonClass: 29255K(29824K)->29255K(29824K) Class: 6272K(6464K)->6272K(6464K)
[573.211s][info][gc             ] GC(1574) Pause Young (Allocation Failure) 588M->312M(612M) 1.373ms
[573.211s][info][gc,cpu         ] GC(1574) User=0.00s Sys=0.00s Real=0.00s
[573.642s][info][gc,start       ] GC(1575) Pause Young (Allocation Failure)
[573.643s][info][gc,heap        ] GC(1575) PSYoungGen: 282688K(307200K)->64K(306688K) Eden: 282624K(282624K)->0K(285696K) From: 64K(24576K)->64K(20992K)
[573.643s][info][gc,heap        ] GC(1575) ParOldGen: 319693K(320000K)->319701K(320000K)
[573.643s][info][gc,metaspace   ] GC(1575) Metaspace: 35527K(36288K)->35527K(36288K) NonClass: 29255K(29824K)->29255K(29824K) Class: 6272K(6464K)->6272K(6464K)
[573.643s][info][gc             ] GC(1575) Pause Young (Allocation Failure) 588M->312M(612M) 1.444ms
[573.643s][info][gc,cpu         ] GC(1575) User=0.00s Sys=0.00s Real=0.00s
[573.869s][info][gc,start       ] GC(1576) Pause Young (Allocation Failure)
[573.870s][info][gc,heap        ] GC(1576) PSYoungGen: 285760K(306688K)->64K(308224K) Eden: 285696K(285696K)->0K(285696K) From: 64K(20992K)->64K(22528K)
[573.870s][info][gc,heap        ] GC(1576) ParOldGen: 319701K(320000K)->319717K(320000K)
[573.870s][info][gc,metaspace   ] GC(1576) Metaspace: 35527K(36288K)->35527K(36288K) NonClass: 29255K(29824K)->29255K(29824K) Class: 6272K(6464K)->6272K(6464K)
[573.870s][info][gc             ] GC(1576) Pause Young (Allocation Failure) 591M->312M(613M) 1.354ms
[573.870s][info][gc,cpu         ] GC(1576) User=0.00s Sys=0.00s Real=0.00s
[574.097s][info][gc,start       ] GC(1577) Pause Young (Allocation Failure)
[574.098s][info][gc,heap        ] GC(1577) PSYoungGen: 285760K(308224K)->64K(308736K) Eden: 285696K(285696K)->0K(289792K) From: 64K(22528K)->64K(18944K)
[574.098s][info][gc,heap        ] GC(1577) ParOldGen: 319717K(320000K)->319717K(320000K)
[574.098s][info][gc,metaspace   ] GC(1577) Metaspace: 35527K(36288K)->35527K(36288K) NonClass: 29255K(29824K)->29255K(29824K) Class: 6272K(6464K)->6272K(6464K)
[574.098s][info][gc             ] GC(1577) Pause Young (Allocation Failure) 591M->312M(614M) 1.325ms
[574.098s][info][gc,cpu         ] GC(1577) User=0.01s Sys=0.00s Real=0.00s
[574.390s][info][gc,start       ] GC(1578) Pause Young (Allocation Failure)
[574.391s][info][gc,heap        ] GC(1578) PSYoungGen: 289856K(308736K)->64K(310272K) Eden: 289792K(289792K)->0K(289792K) From: 64K(18944K)->64K(20480K)
[574.391s][info][gc,heap        ] GC(1578) ParOldGen: 319717K(320000K)->319717K(320000K)
[574.391s][info][gc,metaspace   ] GC(1578) Metaspace: 35527K(36288K)->35527K(36288K) NonClass: 29255K(29824K)->29255K(29824K) Class: 6272K(6464K)->6272K(6464K)
[574.391s][info][gc             ] GC(1578) Pause Young (Allocation Failure) 595M->312M(615M) 1.314ms
[574.392s][info][gc,cpu         ] GC(1578) User=0.00s Sys=0.00s Real=0.00s
[574.444s][info][gc,start       ] GC(1579) Pause Young (Allocation Failure)
[574.446s][info][gc,heap        ] GC(1579) PSYoungGen: 289856K(310272K)->64K(310784K) Eden: 289792K(289792K)->0K(293888K) From: 64K(20480K)->64K(16896K)
[574.446s][info][gc,heap        ] GC(1579) ParOldGen: 319717K(320000K)->319733K(320000K)
[574.446s][info][gc,metaspace   ] GC(1579) Metaspace: 35527K(36288K)->35527K(36288K) NonClass: 29255K(29824K)->29255K(29824K) Class: 6272K(6464K)->6272K(6464K)
[574.446s][info][gc             ] GC(1579) Pause Young (Allocation Failure) 595M->312M(616M) 1.326ms
[574.446s][info][gc,cpu         ] GC(1579) User=0.00s Sys=0.00s Real=0.00s
[574.523s][info][gc,start       ] GC(1580) Pause Young (Allocation Failure)
[574.524s][info][gc,heap        ] GC(1580) PSYoungGen: 293952K(310784K)->64K(312320K) Eden: 293888K(293888K)->0K(293888K) From: 64K(16896K)->64K(18432K)
[574.524s][info][gc,heap        ] GC(1580) ParOldGen: 319733K(320000K)->319733K(320000K)
[574.524s][info][gc,metaspace   ] GC(1580) Metaspace: 35527K(36288K)->35527K(36288K) NonClass: 29255K(29824K)->29255K(29824K) Class: 6272K(6464K)->6272K(6464K)
[574.524s][info][gc             ] GC(1580) Pause Young (Allocation Failure) 599M->312M(617M) 1.305ms
[574.524s][info][gc,cpu         ] GC(1580) User=0.00s Sys=0.00s Real=0.00s
[574.737s][info][gc,start       ] GC(1581) Pause Young (Allocation Failure)
[574.738s][info][gc,heap        ] GC(1581) PSYoungGen: 293952K(312320K)->64K(312832K) Eden: 293888K(293888K)->0K(297984K) From: 64K(18432K)->64K(14848K)
[574.738s][info][gc,heap        ] GC(1581) ParOldGen: 319733K(320000K)->319749K(320000K)
[574.738s][info][gc,metaspace   ] GC(1581) Metaspace: 35527K(36288K)->35527K(36288K) NonClass: 29255K(29824K)->29255K(29824K) Class: 6272K(6464K)->6272K(6464K)
[574.738s][info][gc             ] GC(1581) Pause Young (Allocation Failure) 599M->312M(618M) 1.320ms
[574.738s][info][gc,cpu         ] GC(1581) User=0.00s Sys=0.00s Real=0.00s
[574.950s][info][gc,start       ] GC(1582) Pause Young (Allocation Failure)
[574.951s][info][gc,heap        ] GC(1582) PSYoungGen: 298048K(312832K)->64K(314368K) Eden: 297984K(297984K)->0K(297984K) From: 64K(14848K)->64K(16384K)
[574.951s][info][gc,heap        ] GC(1582) ParOldGen: 319749K(320000K)->319749K(320000K)
[574.951s][info][gc,metaspace   ] GC(1582) Metaspace: 35527K(36288K)->35527K(36288K) NonClass: 29255K(29824K)->29255K(29824K) Class: 6272K(6464K)->6272K(6464K)
[574.951s][info][gc             ] GC(1582) Pause Young (Allocation Failure) 603M->312M(619M) 1.362ms
[574.951s][info][gc,cpu         ] GC(1582) User=0.00s Sys=0.00s Real=0.00s
[575.031s][info][gc,start       ] GC(1583) Pause Young (Allocation Failure)
[575.032s][info][gc,heap        ] GC(1583) PSYoungGen: 298048K(314368K)->64K(314880K) Eden: 297984K(297984K)->0K(302080K) From: 64K(16384K)->64K(12800K)
[575.033s][info][gc,heap        ] GC(1583) ParOldGen: 319749K(320000K)->319765K(320000K)
[575.033s][info][gc,metaspace   ] GC(1583) Metaspace: 35527K(36288K)->35527K(36288K) NonClass: 29255K(29824K)->29255K(29824K) Class: 6272K(6464K)->6272K(6464K)
[575.033s][info][gc             ] GC(1583) Pause Young (Allocation Failure) 603M->312M(620M) 1.374ms
[575.033s][info][gc,cpu         ] GC(1583) User=0.01s Sys=0.00s Real=0.00s
[575.160s][info][gc,start       ] GC(1584) Pause Young (Allocation Failure)
[575.161s][info][gc,heap        ] GC(1584) PSYoungGen: 302144K(314880K)->64K(316416K) Eden: 302080K(302080K)->0K(302080K) From: 64K(12800K)->64K(14336K)
[575.161s][info][gc,heap        ] GC(1584) ParOldGen: 319765K(320000K)->319765K(320000K)
[575.161s][info][gc,metaspace   ] GC(1584) Metaspace: 35527K(36288K)->35527K(36288K) NonClass: 29255K(29824K)->29255K(29824K) Class: 6272K(6464K)->6272K(6464K)
[575.161s][info][gc             ] GC(1584) Pause Young (Allocation Failure) 607M->312M(621M) 1.312ms
[575.161s][info][gc,cpu         ] GC(1584) User=0.00s Sys=0.00s Real=0.00s
[575.549s][info][gc,start       ] GC(1585) Pause Young (Allocation Failure)
[575.550s][info][gc,heap        ] GC(1585) PSYoungGen: 302144K(316416K)->64K(317952K) Eden: 302080K(302080K)->0K(306176K) From: 64K(14336K)->64K(11776K)
[575.550s][info][gc,heap        ] GC(1585) ParOldGen: 319765K(320000K)->319773K(320000K)
[575.550s][info][gc,metaspace   ] GC(1585) Metaspace: 35527K(36288K)->35527K(36288K) NonClass: 29255K(29824K)->29255K(29824K) Class: 6272K(6464K)->6272K(6464K)
[575.550s][info][gc             ] GC(1585) Pause Young (Allocation Failure) 607M->312M(623M) 1.390ms
[575.550s][info][gc,cpu         ] GC(1585) User=0.00s Sys=0.00s Real=0.00s
[576.264s][info][gc,start       ] GC(1586) Pause Young (Allocation Failure)
[576.266s][info][gc,heap        ] GC(1586) PSYoungGen: 306240K(317952K)->64K(294400K) Eden: 306176K(306176K)->0K(293888K) From: 64K(11776K)->64K(512K)
[576.266s][info][gc,heap        ] GC(1586) ParOldGen: 319773K(320000K)->319781K(320000K)
[576.266s][info][gc,metaspace   ] GC(1586) Metaspace: 35527K(36288K)->35527K(36288K) NonClass: 29255K(29824K)->29255K(29824K) Class: 6272K(6464K)->6272K(6464K)
[576.266s][info][gc             ] GC(1586) Pause Young (Allocation Failure) 611M->312M(600M) 2.028ms
[576.266s][info][gc,cpu         ] GC(1586) User=0.00s Sys=0.00s Real=0.01s
[577.255s][info][gc,start       ] GC(1587) Pause Young (Allocation Failure)
[577.257s][info][gc,heap        ] GC(1587) PSYoungGen: 293952K(294400K)->64K(282624K) Eden: 293888K(293888K)->0K(282112K) From: 64K(512K)->64K(512K)
[577.257s][info][gc,heap        ] GC(1587) ParOldGen: 319781K(320000K)->319789K(320000K)
[577.257s][info][gc,metaspace   ] GC(1587) Metaspace: 35527K(36288K)->35527K(36288K) NonClass: 29255K(29824K)->29255K(29824K) Class: 6272K(6464K)->6272K(6464K)
[577.257s][info][gc             ] GC(1587) Pause Young (Allocation Failure) 599M->312M(588M) 1.879ms
[577.257s][info][gc,cpu         ] GC(1587) User=0.00s Sys=0.00s Real=0.01s
[577.713s][info][gc,start       ] GC(1588) Pause Young (Allocation Failure)
[577.714s][info][gc,heap        ] GC(1588) PSYoungGen: 282176K(282624K)->64K(282112K) Eden: 282112K(282112K)->0K(270848K) From: 64K(512K)->64K(11264K)
[577.714s][info][gc,heap        ] GC(1588) ParOldGen: 319789K(320000K)->319797K(320000K)
[577.714s][info][gc,metaspace   ] GC(1588) Metaspace: 35527K(36288K)->35527K(36288K) NonClass: 29255K(29824K)->29255K(29824K) Class: 6272K(6464K)->6272K(6464K)
[577.714s][info][gc             ] GC(1588) Pause Young (Allocation Failure) 587M->312M(588M) 1.321ms
[577.714s][info][gc,cpu         ] GC(1588) User=0.00s Sys=0.00s Real=0.00s
[578.700s][info][gc,start       ] GC(1589) Pause Young (Allocation Failure)
[578.702s][info][gc,heap        ] GC(1589) PSYoungGen: 270912K(282112K)->64K(260608K) Eden: 270848K(270848K)->0K(260096K) From: 64K(11264K)->64K(512K)
[578.702s][info][gc,heap        ] GC(1589) ParOldGen: 319797K(320000K)->319805K(320000K)
[578.702s][info][gc,metaspace   ] GC(1589) Metaspace: 35527K(36288K)->35527K(36288K) NonClass: 29255K(29824K)->29255K(29824K) Class: 6272K(6464K)->6272K(6464K)
[578.702s][info][gc             ] GC(1589) Pause Young (Allocation Failure) 576M->312M(567M) 1.794ms
[578.702s][info][gc,cpu         ] GC(1589) User=0.00s Sys=0.00s Real=0.00s
[579.103s][info][gc,start       ] GC(1590) Pause Young (Allocation Failure)
[579.105s][info][gc,heap        ] GC(1590) PSYoungGen: 260160K(260608K)->64K(259584K) Eden: 260096K(260096K)->0K(249856K) From: 64K(512K)->64K(9728K)
[579.105s][info][gc,heap        ] GC(1590) ParOldGen: 319805K(320000K)->319813K(320000K)
[579.105s][info][gc,metaspace   ] GC(1590) Metaspace: 35527K(36288K)->35527K(36288K) NonClass: 29255K(29824K)->29255K(29824K) Class: 6272K(6464K)->6272K(6464K)
[579.105s][info][gc             ] GC(1590) Pause Young (Allocation Failure) 566M->312M(566M) 1.317ms
[579.105s][info][gc,cpu         ] GC(1590) User=0.00s Sys=0.00s Real=0.00s
[579.302s][info][gc,start       ] GC(1591) Pause Young (Allocation Failure)
[579.305s][info][gc,heap        ] GC(1591) PSYoungGen: 249920K(259584K)->64K(240640K) Eden: 249856K(249856K)->0K(240128K) From: 64K(9728K)->64K(512K)
[579.305s][info][gc,heap        ] GC(1591) ParOldGen: 319813K(320000K)->319829K(320000K)
[579.305s][info][gc,metaspace   ] GC(1591) Metaspace: 35527K(36288K)->35527K(36288K) NonClass: 29255K(29824K)->29255K(29824K) Class: 6272K(6464K)->6272K(6464K)
[579.305s][info][gc             ] GC(1591) Pause Young (Allocation Failure) 556M->312M(547M) 3.144ms
[579.305s][info][gc,cpu         ] GC(1591) User=0.00s Sys=0.00s Real=0.00s
[579.391s][info][gc,start       ] GC(1592) Pause Young (Allocation Failure)
[579.393s][info][gc,heap        ] GC(1592) PSYoungGen: 240192K(240640K)->64K(283136K) Eden: 240128K(240128K)->0K(274944K) From: 64K(512K)->64K(8192K)
[579.393s][info][gc,heap        ] GC(1592) ParOldGen: 319829K(320000K)->319845K(320000K)
[579.393s][info][gc,metaspace   ] GC(1592) Metaspace: 35527K(36288K)->35527K(36288K) NonClass: 29255K(29824K)->29255K(29824K) Class: 6272K(6464K)->6272K(6464K)
[579.393s][info][gc             ] GC(1592) Pause Young (Allocation Failure) 546M->312M(589M) 2.315ms
[579.393s][info][gc,cpu         ] GC(1592) User=0.00s Sys=0.01s Real=0.00s
[580.049s][info][gc,start       ] GC(1593) Pause Young (Allocation Failure)
[580.051s][info][gc,heap        ] GC(1593) PSYoungGen: 275008K(283136K)->64K(264704K) Eden: 274944K(274944K)->0K(264192K) From: 64K(8192K)->64K(512K)
[580.051s][info][gc,heap        ] GC(1593) ParOldGen: 319845K(320000K)->319861K(320000K)
[580.051s][info][gc,metaspace   ] GC(1593) Metaspace: 35527K(36288K)->35527K(36288K) NonClass: 29255K(29824K)->29255K(29824K) Class: 6272K(6464K)->6272K(6464K)
[580.051s][info][gc             ] GC(1593) Pause Young (Allocation Failure) 580M->312M(571M) 2.333ms
[580.051s][info][gc,cpu         ] GC(1593) User=0.00s Sys=0.00s Real=0.00s
[580.359s][info][gc,start       ] GC(1594) Pause Young (Allocation Failure)
[580.361s][info][gc,heap        ] GC(1594) PSYoungGen: 264256K(264704K)->64K(261120K) Eden: 264192K(264192K)->0K(253952K) From: 64K(512K)->64K(7168K)
[580.361s][info][gc,heap        ] GC(1594) ParOldGen: 319861K(320000K)->319877K(320000K)
[580.361s][info][gc,metaspace   ] GC(1594) Metaspace: 35527K(36288K)->35527K(36288K) NonClass: 29255K(29824K)->29255K(29824K) Class: 6272K(6464K)->6272K(6464K)
[580.361s][info][gc             ] GC(1594) Pause Young (Allocation Failure) 570M->312M(567M) 2.271ms
[580.361s][info][gc,cpu         ] GC(1594) User=0.00s Sys=0.00s Real=0.00s
[580.685s][info][gc,start       ] GC(1595) Pause Young (Allocation Failure)
[580.753s][info][gc,heap        ] GC(1595) PSYoungGen: 254016K(261120K)->6656K(276480K) Eden: 253952K(253952K)->0K(269824K) From: 64K(7168K)->6656K(6656K)
[580.753s][info][gc,heap        ] GC(1595) ParOldGen: 319877K(320000K)->337405K(337408K)
[580.753s][info][gc,metaspace   ] GC(1595) Metaspace: 35527K(36288K)->35527K(36288K) NonClass: 29255K(29824K)->29255K(29824K) Class: 6272K(6464K)->6272K(6464K)
[580.753s][info][gc             ] GC(1595) Pause Young (Allocation Failure) 560M->335M(599M) 67.517ms
[580.753s][info][gc,cpu         ] GC(1595) User=0.09s Sys=0.01s Real=0.07s
[581.059s][info][gc,start       ] GC(1596) Pause Young (Allocation Failure)
[581.124s][info][gc,heap        ] GC(1596) PSYoungGen: 276480K(276480K)->14848K(284672K) Eden: 269824K(269824K)->0K(269824K) From: 6656K(6656K)->14848K(14848K)
[581.124s][info][gc,heap        ] GC(1596) ParOldGen: 337405K(337408K)->351973K(352256K)
[581.124s][info][gc,metaspace   ] GC(1596) Metaspace: 35527K(36288K)->35527K(36288K) NonClass: 29255K(29824K)->29255K(29824K) Class: 6272K(6464K)->6272K(6464K)
[581.124s][info][gc             ] GC(1596) Pause Young (Allocation Failure) 599M->358M(622M) 65.514ms
[581.124s][info][gc,cpu         ] GC(1596) User=0.12s Sys=0.01s Real=0.06s
[581.334s][info][gc,start       ] GC(1597) Pause Young (Allocation Failure)
[581.386s][info][gc,heap        ] GC(1597) PSYoungGen: 284672K(284672K)->16032K(306176K) Eden: 269824K(269824K)->0K(282624K) From: 14848K(14848K)->16032K(23552K)
[581.386s][info][gc,heap        ] GC(1597) ParOldGen: 351973K(352256K)->352501K(352768K)
[581.386s][info][gc,metaspace   ] GC(1597) Metaspace: 35527K(36288K)->35527K(36288K) NonClass: 29255K(29824K)->29255K(29824K) Class: 6272K(6464K)->6272K(6464K)
[581.386s][info][gc             ] GC(1597) Pause Young (Allocation Failure) 621M->359M(643M) 51.803ms
[581.386s][info][gc,cpu         ] GC(1597) User=0.09s Sys=0.01s Real=0.06s
[581.715s][info][gc,start       ] GC(1598) Pause Young (Allocation Failure)
[581.716s][info][gc,heap        ] GC(1598) PSYoungGen: 298656K(306176K)->64K(308224K) Eden: 282624K(282624K)->0K(282624K) From: 16032K(23552K)->64K(25600K)
[581.716s][info][gc,heap        ] GC(1598) ParOldGen: 352501K(352768K)->352509K(352768K)
[581.717s][info][gc,metaspace   ] GC(1598) Metaspace: 35527K(36288K)->35527K(36288K) NonClass: 29255K(29824K)->29255K(29824K) Class: 6272K(6464K)->6272K(6464K)
[581.717s][info][gc             ] GC(1598) Pause Young (Allocation Failure) 635M->344M(645M) 2.032ms
[581.717s][info][gc,cpu         ] GC(1598) User=0.00s Sys=0.00s Real=0.01s
[582.364s][info][gc,start       ] GC(1599) Pause Young (Allocation Failure)
[582.366s][info][gc,heap        ] GC(1599) PSYoungGen: 282688K(308224K)->64K(306176K) Eden: 282624K(282624K)->0K(283648K) From: 64K(25600K)->64K(22528K)
[582.366s][info][gc,heap        ] GC(1599) ParOldGen: 352509K(352768K)->352517K(352768K)
[582.366s][info][gc,metaspace   ] GC(1599) Metaspace: 35527K(36288K)->35527K(36288K) NonClass: 29255K(29824K)->29255K(29824K) Class: 6272K(6464K)->6272K(6464K)
[582.366s][info][gc             ] GC(1599) Pause Young (Allocation Failure) 620M->344M(643M) 1.439ms
[582.366s][info][gc,cpu         ] GC(1599) User=0.00s Sys=0.00s Real=0.00s
[582.824s][info][gc,start       ] GC(1600) Pause Young (Allocation Failure)
[582.826s][info][gc,heap        ] GC(1600) PSYoungGen: 283712K(306176K)->64K(307712K) Eden: 283648K(283648K)->0K(283648K) From: 64K(22528K)->64K(24064K)
[582.826s][info][gc,heap        ] GC(1600) ParOldGen: 352517K(352768K)->352533K(352768K)
[582.826s][info][gc,metaspace   ] GC(1600) Metaspace: 35527K(36288K)->35527K(36288K) NonClass: 29255K(29824K)->29255K(29824K) Class: 6272K(6464K)->6272K(6464K)
[582.826s][info][gc             ] GC(1600) Pause Young (Allocation Failure) 621M->344M(645M) 1.447ms
[582.826s][info][gc,cpu         ] GC(1600) User=0.01s Sys=0.00s Real=0.01s
[583.052s][info][gc,start       ] GC(1601) Pause Young (Allocation Failure)
[583.054s][info][gc,heap        ] GC(1601) PSYoungGen: 283712K(307712K)->64K(307200K) Eden: 283648K(283648K)->0K(286720K) From: 64K(24064K)->64K(20480K)
[583.054s][info][gc,heap        ] GC(1601) ParOldGen: 352533K(352768K)->352549K(352768K)
[583.054s][info][gc,metaspace   ] GC(1601) Metaspace: 35527K(36288K)->35527K(36288K) NonClass: 29255K(29824K)->29255K(29824K) Class: 6272K(6464K)->6272K(6464K)
[583.054s][info][gc             ] GC(1601) Pause Young (Allocation Failure) 621M->344M(644M) 1.562ms
[583.054s][info][gc,cpu         ] GC(1601) User=0.00s Sys=0.00s Real=0.00s
[583.283s][info][gc,start       ] GC(1602) Pause Young (Allocation Failure)
[583.284s][info][gc,heap        ] GC(1602) PSYoungGen: 286784K(307200K)->64K(308736K) Eden: 286720K(286720K)->0K(286720K) From: 64K(20480K)->64K(22016K)
[583.284s][info][gc,heap        ] GC(1602) ParOldGen: 352549K(352768K)->352549K(352768K)
[583.284s][info][gc,metaspace   ] GC(1602) Metaspace: 35527K(36288K)->35527K(36288K) NonClass: 29255K(29824K)->29255K(29824K) Class: 6272K(6464K)->6272K(6464K)
[583.284s][info][gc             ] GC(1602) Pause Young (Allocation Failure) 624M->344M(646M) 1.465ms
[583.284s][info][gc,cpu         ] GC(1602) User=0.00s Sys=0.00s Real=0.00s
[583.628s][info][gc,start       ] GC(1603) Pause Young (Allocation Failure)
[583.630s][info][gc,heap        ] GC(1603) PSYoungGen: 286784K(308736K)->64K(309248K) Eden: 286720K(286720K)->0K(290816K) From: 64K(22016K)->64K(18432K)
[583.630s][info][gc,heap        ] GC(1603) ParOldGen: 352549K(352768K)->352549K(352768K)
[583.630s][info][gc,metaspace   ] GC(1603) Metaspace: 35527K(36288K)->35527K(36288K) NonClass: 29255K(29824K)->29255K(29824K) Class: 6272K(6464K)->6272K(6464K)
[583.630s][info][gc             ] GC(1603) Pause Young (Allocation Failure) 624M->344M(646M) 1.427ms
[583.630s][info][gc,cpu         ] GC(1603) User=0.01s Sys=0.00s Real=0.00s
[583.781s][info][gc,start       ] GC(1604) Pause Young (Allocation Failure)
[583.783s][info][gc,heap        ] GC(1604) PSYoungGen: 290880K(309248K)->64K(310784K) Eden: 290816K(290816K)->0K(290816K) From: 64K(18432K)->64K(19968K)
[583.783s][info][gc,heap        ] GC(1604) ParOldGen: 352549K(352768K)->352557K(352768K)
[583.783s][info][gc,metaspace   ] GC(1604) Metaspace: 35527K(36288K)->35527K(36288K) NonClass: 29255K(29824K)->29255K(29824K) Class: 6272K(6464K)->6272K(6464K)
[583.783s][info][gc             ] GC(1604) Pause Young (Allocation Failure) 628M->344M(648M) 1.482ms
[583.783s][info][gc,cpu         ] GC(1604) User=0.00s Sys=0.00s Real=0.00s
[583.835s][info][gc,start       ] GC(1605) Pause Young (Allocation Failure)
[583.837s][info][gc,heap        ] GC(1605) PSYoungGen: 290880K(310784K)->64K(311296K) Eden: 290816K(290816K)->0K(294912K) From: 64K(19968K)->64K(16384K)
[583.837s][info][gc,heap        ] GC(1605) ParOldGen: 352557K(352768K)->352573K(352768K)
[583.837s][info][gc,metaspace   ] GC(1605) Metaspace: 35527K(36288K)->35527K(36288K) NonClass: 29255K(29824K)->29255K(29824K) Class: 6272K(6464K)->6272K(6464K)
[583.837s][info][gc             ] GC(1605) Pause Young (Allocation Failure) 628M->344M(648M) 1.441ms
[583.837s][info][gc,cpu         ] GC(1605) User=0.01s Sys=0.00s Real=0.01s
[583.940s][info][gc,start       ] GC(1606) Pause Young (Allocation Failure)
[583.941s][info][gc,heap        ] GC(1606) PSYoungGen: 294976K(311296K)->64K(312832K) Eden: 294912K(294912K)->0K(294912K) From: 64K(16384K)->64K(17920K)
[583.941s][info][gc,heap        ] GC(1606) ParOldGen: 352573K(352768K)->352573K(352768K)
[583.941s][info][gc,metaspace   ] GC(1606) Metaspace: 35527K(36288K)->35527K(36288K) NonClass: 29255K(29824K)->29255K(29824K) Class: 6272K(6464K)->6272K(6464K)
[583.941s][info][gc             ] GC(1606) Pause Young (Allocation Failure) 632M->344M(650M) 1.457ms
[583.941s][info][gc,cpu         ] GC(1606) User=0.01s Sys=0.00s Real=0.00s
[584.156s][info][gc,start       ] GC(1607) Pause Young (Allocation Failure)
[584.157s][info][gc,heap        ] GC(1607) PSYoungGen: 294976K(312832K)->32K(313344K) Eden: 294912K(294912K)->0K(299008K) From: 64K(17920K)->32K(14336K)
[584.157s][info][gc,heap        ] GC(1607) ParOldGen: 352573K(352768K)->352589K(352768K)
[584.157s][info][gc,metaspace   ] GC(1607) Metaspace: 35527K(36288K)->35527K(36288K) NonClass: 29255K(29824K)->29255K(29824K) Class: 6272K(6464K)->6272K(6464K)
[584.157s][info][gc             ] GC(1607) Pause Young (Allocation Failure) 632M->344M(650M) 1.386ms
[584.157s][info][gc,cpu         ] GC(1607) User=0.00s Sys=0.00s Real=0.00s
[584.347s][info][gc,start       ] GC(1608) Pause Young (Allocation Failure)
[584.349s][info][gc,heap        ] GC(1608) PSYoungGen: 299040K(313344K)->64K(314880K) Eden: 299008K(299008K)->0K(299008K) From: 32K(14336K)->64K(15872K)
[584.349s][info][gc,heap        ] GC(1608) ParOldGen: 352589K(352768K)->352589K(352768K)
[584.349s][info][gc,metaspace   ] GC(1608) Metaspace: 35527K(36288K)->35527K(36288K) NonClass: 29255K(29824K)->29255K(29824K) Class: 6272K(6464K)->6272K(6464K)
[584.349s][info][gc             ] GC(1608) Pause Young (Allocation Failure) 636M->344M(652M) 1.483ms
[584.349s][info][gc,cpu         ] GC(1608) User=0.00s Sys=0.00s Real=0.00s
[584.430s][info][gc,start       ] GC(1609) Pause Young (Allocation Failure)
[584.431s][info][gc,heap        ] GC(1609) PSYoungGen: 299072K(314880K)->64K(316416K) Eden: 299008K(299008K)->0K(303104K) From: 64K(15872K)->64K(13312K)
[584.431s][info][gc,heap        ] GC(1609) ParOldGen: 352589K(352768K)->352605K(352768K)
[584.431s][info][gc,metaspace   ] GC(1609) Metaspace: 35527K(36288K)->35527K(36288K) NonClass: 29255K(29824K)->29255K(29824K) Class: 6272K(6464K)->6272K(6464K)
[584.431s][info][gc             ] GC(1609) Pause Young (Allocation Failure) 636M->344M(653M) 1.416ms
[584.431s][info][gc,cpu         ] GC(1609) User=0.00s Sys=0.00s Real=0.00s
[584.576s][info][gc,start       ] GC(1610) Pause Young (Allocation Failure)
[584.577s][info][gc,heap        ] GC(1610) PSYoungGen: 303168K(316416K)->64K(317440K) Eden: 303104K(303104K)->0K(303104K) From: 64K(13312K)->64K(14336K)
[584.577s][info][gc,heap        ] GC(1610) ParOldGen: 352605K(352768K)->352605K(352768K)
[584.577s][info][gc,metaspace   ] GC(1610) Metaspace: 35527K(36288K)->35527K(36288K) NonClass: 29255K(29824K)->29255K(29824K) Class: 6272K(6464K)->6272K(6464K)
[584.577s][info][gc             ] GC(1610) Pause Young (Allocation Failure) 640M->344M(654M) 1.423ms
[584.577s][info][gc,cpu         ] GC(1610) User=0.00s Sys=0.00s Real=0.01s
[584.998s][info][gc,start       ] GC(1611) Pause Young (Allocation Failure)
[584.999s][info][gc,heap        ] GC(1611) PSYoungGen: 303168K(317440K)->64K(317440K) Eden: 303104K(303104K)->0K(306176K) From: 64K(14336K)->64K(11264K)
[584.999s][info][gc,heap        ] GC(1611) ParOldGen: 352605K(352768K)->352613K(352768K)
[584.999s][info][gc,metaspace   ] GC(1611) Metaspace: 35527K(36288K)->35527K(36288K) NonClass: 29255K(29824K)->29255K(29824K) Class: 6272K(6464K)->6272K(6464K)
[585.000s][info][gc             ] GC(1611) Pause Young (Allocation Failure) 640M->344M(654M) 1.448ms
[585.000s][info][gc,cpu         ] GC(1611) User=0.00s Sys=0.00s Real=0.00s
[586.086s][info][gc,start       ] GC(1612) Pause Young (Allocation Failure)
[586.088s][info][gc,heap        ] GC(1612) PSYoungGen: 306240K(317440K)->64K(294400K) Eden: 306176K(306176K)->0K(293888K) From: 64K(11264K)->64K(512K)
[586.088s][info][gc,heap        ] GC(1612) ParOldGen: 352613K(352768K)->352621K(352768K)
[586.088s][info][gc,metaspace   ] GC(1612) Metaspace: 35527K(36288K)->35527K(36288K) NonClass: 29255K(29824K)->29255K(29824K) Class: 6272K(6464K)->6272K(6464K)
[586.088s][info][gc             ] GC(1612) Pause Young (Allocation Failure) 643M->344M(632M) 1.903ms
[586.088s][info][gc,cpu         ] GC(1612) User=0.00s Sys=0.00s Real=0.00s
[586.720s][info][gc,start       ] GC(1613) Pause Young (Allocation Failure)
[586.722s][info][gc,heap        ] GC(1613) PSYoungGen: 293952K(294400K)->64K(282624K) Eden: 293888K(293888K)->0K(282112K) From: 64K(512K)->64K(512K)
[586.722s][info][gc,heap        ] GC(1613) ParOldGen: 352621K(352768K)->352629K(352768K)
[586.722s][info][gc,metaspace   ] GC(1613) Metaspace: 35527K(36288K)->35527K(36288K) NonClass: 29255K(29824K)->29255K(29824K) Class: 6272K(6464K)->6272K(6464K)
[586.722s][info][gc             ] GC(1613) Pause Young (Allocation Failure) 631M->344M(620M) 2.107ms
[586.722s][info][gc,cpu         ] GC(1613) User=0.00s Sys=0.01s Real=0.00s
[587.182s][info][gc,start       ] GC(1614) Pause Young (Allocation Failure)
[587.184s][info][gc,heap        ] GC(1614) PSYoungGen: 282176K(282624K)->64K(281600K) Eden: 282112K(282112K)->0K(270848K) From: 64K(512K)->64K(10752K)
[587.184s][info][gc,heap        ] GC(1614) ParOldGen: 352629K(352768K)->352637K(352768K)
[587.184s][info][gc,metaspace   ] GC(1614) Metaspace: 35527K(36288K)->35527K(36288K) NonClass: 29255K(29824K)->29255K(29824K) Class: 6272K(6464K)->6272K(6464K)
[587.184s][info][gc             ] GC(1614) Pause Young (Allocation Failure) 619M->344M(619M) 1.444ms
[587.184s][info][gc,cpu         ] GC(1614) User=0.00s Sys=0.00s Real=0.00s
[588.173s][info][gc,start       ] GC(1615) Pause Young (Allocation Failure)
[588.175s][info][gc,heap        ] GC(1615) PSYoungGen: 270912K(281600K)->64K(260608K) Eden: 270848K(270848K)->0K(260096K) From: 64K(10752K)->64K(512K)
[588.175s][info][gc,heap        ] GC(1615) ParOldGen: 352637K(352768K)->352645K(352768K)
[588.175s][info][gc,metaspace   ] GC(1615) Metaspace: 35527K(36288K)->35527K(36288K) NonClass: 29255K(29824K)->29255K(29824K) Class: 6272K(6464K)->6272K(6464K)
[588.175s][info][gc             ] GC(1615) Pause Young (Allocation Failure) 608M->344M(599M) 2.138ms
[588.175s][info][gc,cpu         ] GC(1615) User=0.00s Sys=0.00s Real=0.00s
[588.584s][info][gc,start       ] GC(1616) Pause Young (Allocation Failure)
[588.585s][info][gc,heap        ] GC(1616) PSYoungGen: 260160K(260608K)->64K(259072K) Eden: 260096K(260096K)->0K(249856K) From: 64K(512K)->64K(9216K)
[588.585s][info][gc,heap        ] GC(1616) ParOldGen: 352645K(352768K)->352653K(352768K)
[588.585s][info][gc,metaspace   ] GC(1616) Metaspace: 35527K(36288K)->35527K(36288K) NonClass: 29255K(29824K)->29255K(29824K) Class: 6272K(6464K)->6272K(6464K)
[588.585s][info][gc             ] GC(1616) Pause Young (Allocation Failure) 598M->344M(597M) 1.356ms
[588.585s][info][gc,cpu         ] GC(1616) User=0.00s Sys=0.00s Real=0.00s
[588.759s][info][gc,start       ] GC(1617) Pause Young (Allocation Failure)
[588.761s][info][gc,heap        ] GC(1617) PSYoungGen: 249920K(259072K)->64K(240640K) Eden: 249856K(249856K)->0K(240128K) From: 64K(9216K)->64K(512K)
[588.761s][info][gc,heap        ] GC(1617) ParOldGen: 352653K(352768K)->352661K(352768K)
[588.761s][info][gc,metaspace   ] GC(1617) Metaspace: 35527K(36288K)->35527K(36288K) NonClass: 29255K(29824K)->29255K(29824K) Class: 6272K(6464K)->6272K(6464K)
[588.761s][info][gc             ] GC(1617) Pause Young (Allocation Failure) 588M->344M(579M) 2.201ms
[588.761s][info][gc,cpu         ] GC(1617) User=0.00s Sys=0.00s Real=0.00s
[588.906s][info][gc,start       ] GC(1618) Pause Young (Allocation Failure)
[588.908s][info][gc,heap        ] GC(1618) PSYoungGen: 240192K(240640K)->64K(239104K) Eden: 240128K(240128K)->0K(230912K) From: 64K(512K)->64K(8192K)
[588.908s][info][gc,heap        ] GC(1618) ParOldGen: 352661K(352768K)->352669K(352768K)
[588.908s][info][gc,metaspace   ] GC(1618) Metaspace: 35527K(36288K)->35527K(36288K) NonClass: 29255K(29824K)->29255K(29824K) Class: 6272K(6464K)->6272K(6464K)
[588.908s][info][gc             ] GC(1618) Pause Young (Allocation Failure) 578M->344M(578M) 1.316ms
[588.908s][info][gc,cpu         ] GC(1618) User=0.00s Sys=0.00s Real=0.00s
[589.500s][info][gc,start       ] GC(1619) Pause Young (Allocation Failure)
[589.502s][info][gc,heap        ] GC(1619) PSYoungGen: 230976K(239104K)->64K(222720K) Eden: 230912K(230912K)->0K(222208K) From: 64K(8192K)->64K(512K)
[589.502s][info][gc,heap        ] GC(1619) ParOldGen: 352669K(352768K)->352677K(352768K)
[589.502s][info][gc,metaspace   ] GC(1619) Metaspace: 35527K(36288K)->35527K(36288K) NonClass: 29255K(29824K)->29255K(29824K) Class: 6272K(6464K)->6272K(6464K)
[589.502s][info][gc             ] GC(1619) Pause Young (Allocation Failure) 569M->344M(562M) 2.036ms
[589.502s][info][gc,cpu         ] GC(1619) User=0.00s Sys=0.00s Real=0.00s
[589.746s][info][gc,start       ] GC(1620) Pause Young (Allocation Failure)
[589.747s][info][gc,heap        ] GC(1620) PSYoungGen: 222272K(222720K)->64K(221184K) Eden: 222208K(222208K)->0K(214016K) From: 64K(512K)->64K(7168K)
[589.747s][info][gc,heap        ] GC(1620) ParOldGen: 352677K(352768K)->352685K(352768K)
[589.747s][info][gc,metaspace   ] GC(1620) Metaspace: 35527K(36288K)->35527K(36288K) NonClass: 29255K(29824K)->29255K(29824K) Class: 6272K(6464K)->6272K(6464K)
[589.747s][info][gc             ] GC(1620) Pause Young (Allocation Failure) 561M->344M(560M) 1.453ms
[589.747s][info][gc,cpu         ] GC(1620) User=0.01s Sys=0.00s Real=0.00s
[590.052s][info][gc,start       ] GC(1621) Pause Young (Allocation Failure)
[590.090s][info][gc,heap        ] GC(1621) PSYoungGen: 214080K(221184K)->6656K(262144K) Eden: 214016K(214016K)->0K(255488K) From: 64K(7168K)->6656K(6656K)
[590.090s][info][gc,heap        ] GC(1621) ParOldGen: 352685K(352768K)->362405K(362496K)
[590.090s][info][gc,metaspace   ] GC(1621) Metaspace: 35527K(36288K)->35527K(36288K) NonClass: 29255K(29824K)->29255K(29824K) Class: 6272K(6464K)->6272K(6464K)
[590.090s][info][gc             ] GC(1621) Pause Young (Allocation Failure) 553M->360M(610M) 37.818ms
[590.090s][info][gc,cpu         ] GC(1621) User=0.06s Sys=0.00s Real=0.04s
[590.383s][info][gc,start       ] GC(1622) Pause Young (Allocation Failure)
[590.439s][info][gc,heap        ] GC(1622) PSYoungGen: 262144K(262144K)->11776K(271872K) Eden: 255488K(255488K)->0K(260096K) From: 6656K(6656K)->11776K(11776K)
[590.439s][info][gc,heap        ] GC(1622) ParOldGen: 362405K(362496K)->378229K(378368K)
[590.439s][info][gc,metaspace   ] GC(1622) Metaspace: 35527K(36288K)->35527K(36288K) NonClass: 29255K(29824K)->29255K(29824K) Class: 6272K(6464K)->6272K(6464K)
[590.439s][info][gc             ] GC(1622) Pause Young (Allocation Failure) 609M->380M(635M) 56.063ms
[590.439s][info][gc,cpu         ] GC(1622) User=0.10s Sys=0.01s Real=0.06s
[590.716s][info][gc,start       ] GC(1623) Pause Young (Allocation Failure)
[590.774s][info][gc,heap        ] GC(1623) PSYoungGen: 271872K(271872K)->20480K(301056K) Eden: 260096K(260096K)->0K(280576K) From: 11776K(11776K)->20480K(20480K)
[590.774s][info][gc,heap        ] GC(1623) ParOldGen: 378229K(378368K)->383645K(384000K)
[590.774s][info][gc,metaspace   ] GC(1623) Metaspace: 35527K(36288K)->35527K(36288K) NonClass: 29255K(29824K)->29255K(29824K) Class: 6272K(6464K)->6272K(6464K)
[590.774s][info][gc             ] GC(1623) Pause Young (Allocation Failure) 634M->394M(669M) 58.400ms
[590.774s][info][gc,cpu         ] GC(1623) User=0.10s Sys=0.02s Real=0.05s
[590.880s][info][gc,start       ] GC(1624) Pause Young (Allocation Failure)
[590.883s][info][gc,heap        ] GC(1624) PSYoungGen: 301056K(301056K)->64K(307200K) Eden: 280576K(280576K)->0K(280576K) From: 20480K(20480K)->64K(26624K)
[590.883s][info][gc,heap        ] GC(1624) ParOldGen: 383645K(384000K)->383837K(384000K)
[590.883s][info][gc,metaspace   ] GC(1624) Metaspace: 35527K(36288K)->35527K(36288K) NonClass: 29255K(29824K)->29255K(29824K) Class: 6272K(6464K)->6272K(6464K)
[590.883s][info][gc             ] GC(1624) Pause Young (Allocation Failure) 668M->374M(675M) 3.007ms
[590.883s][info][gc,cpu         ] GC(1624) User=0.01s Sys=0.00s Real=0.00s
[591.589s][info][gc,start       ] GC(1625) Pause Young (Allocation Failure)
[591.590s][info][gc,heap        ] GC(1625) PSYoungGen: 280640K(307200K)->64K(305152K) Eden: 280576K(280576K)->0K(281600K) From: 64K(26624K)->64K(23552K)
[591.590s][info][gc,heap        ] GC(1625) ParOldGen: 383837K(384000K)->383845K(384000K)
[591.590s][info][gc,metaspace   ] GC(1625) Metaspace: 35527K(36288K)->35527K(36288K) NonClass: 29255K(29824K)->29255K(29824K) Class: 6272K(6464K)->6272K(6464K)
[591.590s][info][gc             ] GC(1625) Pause Young (Allocation Failure) 648M->374M(673M) 1.657ms
[591.590s][info][gc,cpu         ] GC(1625) User=0.00s Sys=0.00s Real=0.00s
[591.948s][info][gc,start       ] GC(1626) Pause Young (Allocation Failure)
[591.950s][info][gc,heap        ] GC(1626) PSYoungGen: 281664K(305152K)->64K(306688K) Eden: 281600K(281600K)->0K(281600K) From: 64K(23552K)->64K(25088K)
[591.950s][info][gc,heap        ] GC(1626) ParOldGen: 383845K(384000K)->383853K(384000K)
[591.950s][info][gc,metaspace   ] GC(1626) Metaspace: 35530K(36288K)->35530K(36288K) NonClass: 29257K(29824K)->29257K(29824K) Class: 6272K(6464K)->6272K(6464K)
[591.950s][info][gc             ] GC(1626) Pause Young (Allocation Failure) 649M->374M(674M) 1.486ms
[591.950s][info][gc,cpu         ] GC(1626) User=0.00s Sys=0.00s Real=0.00s
[592.400s][info][gc,start       ] GC(1627) Pause Young (Allocation Failure)
[592.402s][info][gc,heap        ] GC(1627) PSYoungGen: 281664K(306688K)->64K(306176K) Eden: 281600K(281600K)->0K(284672K) From: 64K(25088K)->64K(21504K)
[592.402s][info][gc,heap        ] GC(1627) ParOldGen: 383853K(384000K)->383869K(384000K)
[592.402s][info][gc,metaspace   ] GC(1627) Metaspace: 35530K(36288K)->35530K(36288K) NonClass: 29257K(29824K)->29257K(29824K) Class: 6272K(6464K)->6272K(6464K)
[592.402s][info][gc             ] GC(1627) Pause Young (Allocation Failure) 649M->374M(674M) 1.663ms
[592.402s][info][gc,cpu         ] GC(1627) User=0.00s Sys=0.00s Real=0.00s
[592.630s][info][gc,start       ] GC(1628) Pause Young (Allocation Failure)
[592.631s][info][gc,heap        ] GC(1628) PSYoungGen: 284736K(306176K)->64K(307712K) Eden: 284672K(284672K)->0K(284672K) From: 64K(21504K)->64K(23040K)
[592.631s][info][gc,heap        ] GC(1628) ParOldGen: 383869K(384000K)->383885K(384000K)
[592.631s][info][gc,metaspace   ] GC(1628) Metaspace: 35530K(36288K)->35530K(36288K) NonClass: 29257K(29824K)->29257K(29824K) Class: 6272K(6464K)->6272K(6464K)
[592.631s][info][gc             ] GC(1628) Pause Young (Allocation Failure) 652M->374M(675M) 1.539ms
[592.631s][info][gc,cpu         ] GC(1628) User=0.00s Sys=0.00s Real=0.00s
[592.858s][info][gc,start       ] GC(1629) Pause Young (Allocation Failure)
[592.859s][info][gc,heap        ] GC(1629) PSYoungGen: 284736K(307712K)->64K(308224K) Eden: 284672K(284672K)->0K(288768K) From: 64K(23040K)->64K(19456K)
[592.859s][info][gc,heap        ] GC(1629) ParOldGen: 383885K(384000K)->383885K(384000K)
[592.859s][info][gc,metaspace   ] GC(1629) Metaspace: 35530K(36288K)->35530K(36288K) NonClass: 29257K(29824K)->29257K(29824K) Class: 6272K(6464K)->6272K(6464K)
[592.859s][info][gc             ] GC(1629) Pause Young (Allocation Failure) 652M->374M(676M) 1.666ms
[592.859s][info][gc,cpu         ] GC(1629) User=0.01s Sys=0.00s Real=0.00s
[593.198s][info][gc,start       ] GC(1630) Pause Young (Allocation Failure)
[593.200s][info][gc,heap        ] GC(1630) PSYoungGen: 288832K(308224K)->64K(309760K) Eden: 288768K(288768K)->0K(288768K) From: 64K(19456K)->64K(20992K)
[593.200s][info][gc,heap        ] GC(1630) ParOldGen: 383885K(384000K)->383885K(384000K)
[593.200s][info][gc,metaspace   ] GC(1630) Metaspace: 35530K(36288K)->35530K(36288K) NonClass: 29257K(29824K)->29257K(29824K) Class: 6272K(6464K)->6272K(6464K)
[593.200s][info][gc             ] GC(1630) Pause Young (Allocation Failure) 656M->374M(677M) 1.483ms
[593.200s][info][gc,cpu         ] GC(1630) User=0.00s Sys=0.00s Real=0.00s
[593.253s][info][gc,start       ] GC(1631) Pause Young (Allocation Failure)
[593.254s][info][gc,heap        ] GC(1631) PSYoungGen: 288832K(309760K)->64K(309248K) Eden: 288768K(288768K)->0K(292864K) From: 64K(20992K)->64K(16384K)
[593.255s][info][gc,heap        ] GC(1631) ParOldGen: 383885K(384000K)->383901K(384000K)
[593.255s][info][gc,metaspace   ] GC(1631) Metaspace: 35530K(36288K)->35530K(36288K) NonClass: 29257K(29824K)->29257K(29824K) Class: 6272K(6464K)->6272K(6464K)
[593.255s][info][gc             ] GC(1631) Pause Young (Allocation Failure) 656M->374M(677M) 1.516ms
[593.255s][info][gc,cpu         ] GC(1631) User=0.00s Sys=0.00s Real=0.00s
[593.311s][info][gc,start       ] GC(1632) Pause Young (Allocation Failure)
[593.312s][info][gc,heap        ] GC(1632) PSYoungGen: 292928K(309248K)->64K(311296K) Eden: 292864K(292864K)->0K(292864K) From: 64K(16384K)->64K(18432K)
[593.312s][info][gc,heap        ] GC(1632) ParOldGen: 383901K(384000K)->383901K(384000K)
[593.312s][info][gc,metaspace   ] GC(1632) Metaspace: 35530K(36288K)->35530K(36288K) NonClass: 29257K(29824K)->29257K(29824K) Class: 6272K(6464K)->6272K(6464K)
[593.312s][info][gc             ] GC(1632) Pause Young (Allocation Failure) 660M->374M(679M) 1.449ms
[593.312s][info][gc,cpu         ] GC(1632) User=0.01s Sys=0.00s Real=0.00s
[593.511s][info][gc,start       ] GC(1633) Pause Young (Allocation Failure)
[593.512s][info][gc,heap        ] GC(1633) PSYoungGen: 292928K(311296K)->64K(312320K) Eden: 292864K(292864K)->0K(297984K) From: 64K(18432K)->64K(14336K)
[593.512s][info][gc,heap        ] GC(1633) ParOldGen: 383901K(384000K)->383901K(384000K)
[593.512s][info][gc,metaspace   ] GC(1633) Metaspace: 35530K(36288K)->35530K(36288K) NonClass: 29257K(29824K)->29257K(29824K) Class: 6272K(6464K)->6272K(6464K)
[593.512s][info][gc             ] GC(1633) Pause Young (Allocation Failure) 660M->374M(680M) 1.590ms
[593.512s][info][gc,cpu         ] GC(1633) User=0.00s Sys=0.00s Real=0.00s
[593.736s][info][gc,start       ] GC(1634) Pause Young (Allocation Failure)
[593.738s][info][gc,heap        ] GC(1634) PSYoungGen: 298048K(312320K)->64K(314368K) Eden: 297984K(297984K)->0K(297984K) From: 64K(14336K)->64K(16384K)
[593.738s][info][gc,heap        ] GC(1634) ParOldGen: 383901K(384000K)->383909K(384000K)
[593.738s][info][gc,metaspace   ] GC(1634) Metaspace: 35530K(36288K)->35530K(36288K) NonClass: 29257K(29824K)->29257K(29824K) Class: 6272K(6464K)->6272K(6464K)
[593.738s][info][gc             ] GC(1634) Pause Young (Allocation Failure) 665M->374M(682M) 1.602ms
[593.738s][info][gc,cpu         ] GC(1634) User=0.01s Sys=0.00s Real=0.00s
[593.849s][info][gc,start       ] GC(1635) Pause Young (Allocation Failure)
[593.852s][info][gc,heap        ] GC(1635) PSYoungGen: 298048K(314368K)->64K(314880K) Eden: 297984K(297984K)->0K(301568K) From: 64K(16384K)->64K(13312K)
[593.852s][info][gc,heap        ] GC(1635) ParOldGen: 383909K(384000K)->383917K(384000K)
[593.852s][info][gc,metaspace   ] GC(1635) Metaspace: 35530K(36288K)->35530K(36288K) NonClass: 29257K(29824K)->29257K(29824K) Class: 6272K(6464K)->6272K(6464K)
[593.852s][info][gc             ] GC(1635) Pause Young (Allocation Failure) 665M->374M(682M) 2.218ms
[593.852s][info][gc,cpu         ] GC(1635) User=0.00s Sys=0.00s Real=0.00s
[593.963s][info][gc,start       ] GC(1636) Pause Young (Allocation Failure)
[593.965s][info][gc,heap        ] GC(1636) PSYoungGen: 301632K(314880K)->64K(316416K) Eden: 301568K(301568K)->0K(301568K) From: 64K(13312K)->64K(14848K)
[593.965s][info][gc,heap        ] GC(1636) ParOldGen: 383917K(384000K)->383925K(384000K)
[593.965s][info][gc,metaspace   ] GC(1636) Metaspace: 35530K(36288K)->35530K(36288K) NonClass: 29257K(29824K)->29257K(29824K) Class: 6272K(6464K)->6272K(6464K)
[593.965s][info][gc             ] GC(1636) Pause Young (Allocation Failure) 669M->374M(684M) 2.204ms
[593.965s][info][gc,cpu         ] GC(1636) User=0.00s Sys=0.00s Real=0.00s
[594.203s][info][gc,start       ] GC(1637) Pause Young (Allocation Failure)
[594.205s][info][gc,heap        ] GC(1637) PSYoungGen: 301632K(316416K)->64K(316416K) Eden: 301568K(301568K)->0K(305152K) From: 64K(14848K)->64K(11264K)
[594.205s][info][gc,heap        ] GC(1637) ParOldGen: 383925K(384000K)->383933K(384000K)
[594.205s][info][gc,metaspace   ] GC(1637) Metaspace: 35530K(36288K)->35530K(36288K) NonClass: 29257K(29824K)->29257K(29824K) Class: 6272K(6464K)->6272K(6464K)
[594.205s][info][gc             ] GC(1637) Pause Young (Allocation Failure) 669M->374M(684M) 1.545ms
[594.205s][info][gc,cpu         ] GC(1637) User=0.00s Sys=0.00s Real=0.00s
[595.109s][info][gc,start       ] GC(1638) Pause Young (Allocation Failure)
[595.110s][info][gc,heap        ] GC(1638) PSYoungGen: 305216K(316416K)->83K(317952K) Eden: 305152K(305152K)->0K(305152K) From: 64K(11264K)->83K(12800K)
[595.110s][info][gc,heap        ] GC(1638) ParOldGen: 383933K(384000K)->383941K(384000K)
[595.110s][info][gc,metaspace   ] GC(1638) Metaspace: 35530K(36288K)->35530K(36288K) NonClass: 29257K(29824K)->29257K(29824K) Class: 6272K(6464K)->6272K(6464K)
[595.110s][info][gc             ] GC(1638) Pause Young (Allocation Failure) 672M->375M(685M) 1.593ms
[595.110s][info][gc,cpu         ] GC(1638) User=0.00s Sys=0.00s Real=0.00s
[596.069s][info][gc,start       ] GC(1639) Pause Young (Allocation Failure)
[596.071s][info][gc,heap        ] GC(1639) PSYoungGen: 305235K(317952K)->64K(293376K) Eden: 305152K(305152K)->0K(292864K) From: 83K(12800K)->64K(512K)
[596.071s][info][gc,heap        ] GC(1639) ParOldGen: 383941K(384000K)->383949K(384000K)
[596.071s][info][gc,metaspace   ] GC(1639) Metaspace: 35530K(36288K)->35530K(36288K) NonClass: 29257K(29824K)->29257K(29824K) Class: 6272K(6464K)->6272K(6464K)
[596.071s][info][gc             ] GC(1639) Pause Young (Allocation Failure) 673M->375M(661M) 2.126ms
[596.071s][info][gc,cpu         ] GC(1639) User=0.00s Sys=0.00s Real=0.00s
[596.491s][info][gc,start       ] GC(1640) Pause Young (Allocation Failure)
[596.493s][info][gc,heap        ] GC(1640) PSYoungGen: 292928K(293376K)->64K(292352K) Eden: 292864K(292864K)->0K(281088K) From: 64K(512K)->64K(11264K)
[596.493s][info][gc,heap        ] GC(1640) ParOldGen: 383949K(384000K)->383957K(384000K)
[596.493s][info][gc,metaspace   ] GC(1640) Metaspace: 35530K(36288K)->35530K(36288K) NonClass: 29257K(29824K)->29257K(29824K) Class: 6272K(6464K)->6272K(6464K)
[596.493s][info][gc             ] GC(1640) Pause Young (Allocation Failure) 661M->375M(660M) 1.437ms
[596.493s][info][gc,cpu         ] GC(1640) User=0.00s Sys=0.00s Real=0.00s
[597.549s][info][gc,start       ] GC(1641) Pause Young (Allocation Failure)
[597.551s][info][gc,heap        ] GC(1641) PSYoungGen: 281152K(292352K)->64K(270336K) Eden: 281088K(281088K)->0K(269824K) From: 64K(11264K)->64K(512K)
[597.551s][info][gc,heap        ] GC(1641) ParOldGen: 383957K(384000K)->383965K(384000K)
[597.551s][info][gc,metaspace   ] GC(1641) Metaspace: 35530K(36288K)->35530K(36288K) NonClass: 29257K(29824K)->29257K(29824K) Class: 6272K(6464K)->6272K(6464K)
[597.551s][info][gc             ] GC(1641) Pause Young (Allocation Failure) 649M->375M(639M) 2.126ms
[597.551s][info][gc,cpu         ] GC(1641) User=0.00s Sys=0.00s Real=0.00s
[597.793s][info][gc,start       ] GC(1642) Pause Young (Allocation Failure)
[597.795s][info][gc,heap        ] GC(1642) PSYoungGen: 269888K(270336K)->64K(269312K) Eden: 269824K(269824K)->0K(259584K) From: 64K(512K)->64K(9728K)
[597.795s][info][gc,heap        ] GC(1642) ParOldGen: 383965K(384000K)->383981K(384000K)
[597.795s][info][gc,metaspace   ] GC(1642) Metaspace: 35530K(36288K)->35530K(36288K) NonClass: 29257K(29824K)->29257K(29824K) Class: 6272K(6464K)->6272K(6464K)
[597.795s][info][gc             ] GC(1642) Pause Young (Allocation Failure) 638M->375M(638M) 2.580ms
[597.795s][info][gc,cpu         ] GC(1642) User=0.00s Sys=0.00s Real=0.00s
[598.176s][info][gc,start       ] GC(1643) Pause Young (Allocation Failure)
[598.178s][info][gc,heap        ] GC(1643) PSYoungGen: 259648K(269312K)->64K(249856K) Eden: 259584K(259584K)->0K(249344K) From: 64K(9728K)->64K(512K)
[598.178s][info][gc,heap        ] GC(1643) ParOldGen: 383981K(384000K)->383997K(384000K)
[598.178s][info][gc,metaspace   ] GC(1643) Metaspace: 35530K(36288K)->35530K(36288K) NonClass: 29257K(29824K)->29257K(29824K) Class: 6272K(6464K)->6272K(6464K)
[598.178s][info][gc             ] GC(1643) Pause Young (Allocation Failure) 628M->375M(619M) 2.833ms
[598.178s][info][gc,cpu         ] GC(1643) User=0.00s Sys=0.00s Real=0.01s
[598.264s][info][gc,start       ] GC(1644) Pause Young (Allocation Failure)
[598.267s][info][gc,heap        ] GC(1644) PSYoungGen: 249408K(249856K)->64K(294912K) Eden: 249344K(249344K)->0K(286208K) From: 64K(512K)->64K(8704K)
[598.267s][info][gc,heap        ] GC(1644) ParOldGen: 383997K(384000K)->384013K(384512K)
[598.267s][info][gc,metaspace   ] GC(1644) Metaspace: 35530K(36288K)->35530K(36288K) NonClass: 29257K(29824K)->29257K(29824K) Class: 6272K(6464K)->6272K(6464K)
[598.267s][info][gc             ] GC(1644) Pause Young (Allocation Failure) 618M->375M(663M) 2.696ms
[598.267s][info][gc,cpu         ] GC(1644) User=0.01s Sys=0.00s Real=0.01s
[598.935s][info][gc,start       ] GC(1645) Pause Young (Allocation Failure)
[598.938s][info][gc,heap        ] GC(1645) PSYoungGen: 286272K(294912K)->64K(303104K) Eden: 286208K(286208K)->0K(295424K) From: 64K(8704K)->64K(7680K)
[598.938s][info][gc,heap        ] GC(1645) ParOldGen: 384013K(384512K)->384021K(384512K)
[598.938s][info][gc,metaspace   ] GC(1645) Metaspace: 35530K(36288K)->35530K(36288K) NonClass: 29257K(29824K)->29257K(29824K) Class: 6272K(6464K)->6272K(6464K)
[598.938s][info][gc             ] GC(1645) Pause Young (Allocation Failure) 654M->375M(671M) 2.834ms
[598.938s][info][gc,cpu         ] GC(1645) User=0.00s Sys=0.00s Real=0.01s
[599.321s][info][gc,start       ] GC(1646) Pause Young (Allocation Failure)
[599.323s][info][gc,heap        ] GC(1646) PSYoungGen: 295488K(303104K)->576K(302592K) Eden: 295424K(295424K)->0K(295424K) From: 64K(7680K)->576K(7168K)
[599.323s][info][gc,heap        ] GC(1646) ParOldGen: 384021K(384512K)->384029K(384512K)
[599.323s][info][gc,metaspace   ] GC(1646) Metaspace: 35530K(36288K)->35530K(36288K) NonClass: 29257K(29824K)->29257K(29824K) Class: 6272K(6464K)->6272K(6464K)
[599.323s][info][gc             ] GC(1646) Pause Young (Allocation Failure) 663M->375M(671M) 2.275ms
[599.323s][info][gc,cpu         ] GC(1646) User=0.00s Sys=0.00s Real=0.00s
[599.659s][info][gc,start       ] GC(1647) Pause Young (Allocation Failure)
[599.728s][info][gc,heap        ] GC(1647) PSYoungGen: 296000K(302592K)->6656K(305664K) Eden: 295424K(295424K)->0K(299008K) From: 576K(7168K)->6656K(6656K)
[599.728s][info][gc,heap        ] GC(1647) ParOldGen: 384029K(384512K)->408893K(409088K)
[599.728s][info][gc,metaspace   ] GC(1647) Metaspace: 35530K(36288K)->35530K(36288K) NonClass: 29257K(29824K)->29257K(29824K) Class: 6272K(6464K)->6272K(6464K)
[599.728s][info][gc             ] GC(1647) Pause Young (Allocation Failure) 664M->405M(698M) 69.325ms
[599.728s][info][gc,cpu         ] GC(1647) User=0.11s Sys=0.03s Real=0.07s
[600.074s][info][gc,start       ] GC(1648) Pause Young (Allocation Failure)
[600.148s][info][gc,heap        ] GC(1648) PSYoungGen: 305664K(305664K)->17408K(316416K) Eden: 299008K(299008K)->0K(299008K) From: 6656K(6656K)->17408K(17408K)
[600.148s][info][gc,heap        ] GC(1648) ParOldGen: 408893K(409088K)->424285K(424448K)
[600.148s][info][gc,metaspace   ] GC(1648) Metaspace: 35530K(36288K)->35530K(36288K) NonClass: 29257K(29824K)->29257K(29824K) Class: 6272K(6464K)->6272K(6464K)
[600.148s][info][gc             ] GC(1648) Pause Young (Allocation Failure) 697M->431M(723M) 73.905ms
[600.148s][info][gc,cpu         ] GC(1648) User=0.12s Sys=0.02s Real=0.08s
[600.282s][info][gc,start       ] GC(1649) Pause Young (Allocation Failure)
[600.297s][info][gc,heap        ] GC(1649) PSYoungGen: 316416K(316416K)->5056K(301056K) Eden: 299008K(299008K)->0K(283648K) From: 17408K(17408K)->5056K(17408K)
[600.297s][info][gc,heap        ] GC(1649) ParOldGen: 424285K(424448K)->424829K(424960K)
[600.297s][info][gc,metaspace   ] GC(1649) Metaspace: 35530K(36288K)->35530K(36288K) NonClass: 29257K(29824K)->29257K(29824K) Class: 6272K(6464K)->6272K(6464K)
[600.297s][info][gc             ] GC(1649) Pause Young (Allocation Failure) 723M->419M(709M) 15.494ms
[600.297s][info][gc,cpu         ] GC(1649) User=0.03s Sys=0.01s Real=0.02s
[600.911s][info][gc,start       ] GC(1650) Pause Young (Allocation Failure)
[600.913s][info][gc,heap        ] GC(1650) PSYoungGen: 288704K(301056K)->64K(308736K) Eden: 283648K(283648K)->0K(283648K) From: 5056K(17408K)->64K(25088K)
[600.913s][info][gc,heap        ] GC(1650) ParOldGen: 424829K(424960K)->424837K(424960K)
[600.913s][info][gc,metaspace   ] GC(1650) Metaspace: 35530K(36288K)->35530K(36288K) NonClass: 29257K(29824K)->29257K(29824K) Class: 6272K(6464K)->6272K(6464K)
[600.913s][info][gc             ] GC(1650) Pause Young (Allocation Failure) 696M->414M(716M) 1.524ms
[600.913s][info][gc,cpu         ] GC(1650) User=0.01s Sys=0.00s Real=0.00s
[601.361s][info][gc,start       ] GC(1651) Pause Young (Allocation Failure)
[601.362s][info][gc,heap        ] GC(1651) PSYoungGen: 283712K(308736K)->64K(306176K) Eden: 283648K(283648K)->0K(284160K) From: 64K(25088K)->64K(22016K)
[601.362s][info][gc,heap        ] GC(1651) ParOldGen: 424837K(424960K)->424845K(424960K)
[601.362s][info][gc,metaspace   ] GC(1651) Metaspace: 35530K(36288K)->35530K(36288K) NonClass: 29257K(29824K)->29257K(29824K) Class: 6272K(6464K)->6272K(6464K)
[601.362s][info][gc             ] GC(1651) Pause Young (Allocation Failure) 691M->414M(714M) 1.699ms
[601.362s][info][gc,cpu         ] GC(1651) User=0.01s Sys=0.00s Real=0.00s
[601.803s][info][gc,start       ] GC(1652) Pause Young (Allocation Failure)
[601.804s][info][gc,heap        ] GC(1652) PSYoungGen: 284224K(306176K)->64K(307712K) Eden: 284160K(284160K)->0K(284160K) From: 64K(22016K)->64K(23552K)
[601.804s][info][gc,heap        ] GC(1652) ParOldGen: 424845K(424960K)->424861K(424960K)
[601.804s][info][gc,metaspace   ] GC(1652) Metaspace: 35530K(36288K)->35530K(36288K) NonClass: 29257K(29824K)->29257K(29824K) Class: 6272K(6464K)->6272K(6464K)
[601.804s][info][gc             ] GC(1652) Pause Young (Allocation Failure) 692M->414M(715M) 1.563ms
[601.804s][info][gc,cpu         ] GC(1652) User=0.00s Sys=0.00s Real=0.00s
[602.030s][info][gc,start       ] GC(1653) Pause Young (Allocation Failure)
[602.032s][info][gc,heap        ] GC(1653) PSYoungGen: 284224K(307712K)->64K(307712K) Eden: 284160K(284160K)->0K(287744K) From: 64K(23552K)->64K(19968K)
[602.032s][info][gc,heap        ] GC(1653) ParOldGen: 424861K(424960K)->424877K(424960K)
[602.032s][info][gc,metaspace   ] GC(1653) Metaspace: 35530K(36288K)->35530K(36288K) NonClass: 29257K(29824K)->29257K(29824K) Class: 6272K(6464K)->6272K(6464K)
[602.032s][info][gc             ] GC(1653) Pause Young (Allocation Failure) 692M->414M(715M) 1.668ms
[602.032s][info][gc,cpu         ] GC(1653) User=0.00s Sys=0.00s Real=0.00s
[602.261s][info][gc,start       ] GC(1654) Pause Young (Allocation Failure)
[602.263s][info][gc,heap        ] GC(1654) PSYoungGen: 287808K(307712K)->64K(309248K) Eden: 287744K(287744K)->0K(287744K) From: 64K(19968K)->64K(21504K)
[602.263s][info][gc,heap        ] GC(1654) ParOldGen: 424877K(424960K)->424877K(424960K)
[602.263s][info][gc,metaspace   ] GC(1654) Metaspace: 35530K(36288K)->35530K(36288K) NonClass: 29257K(29824K)->29257K(29824K) Class: 6272K(6464K)->6272K(6464K)
[602.263s][info][gc             ] GC(1654) Pause Young (Allocation Failure) 695M->414M(717M) 1.598ms
[602.263s][info][gc,cpu         ] GC(1654) User=0.00s Sys=0.00s Real=0.00s
[602.621s][info][gc,start       ] GC(1655) Pause Young (Allocation Failure)
[602.623s][info][gc,heap        ] GC(1655) PSYoungGen: 287808K(309248K)->64K(309760K) Eden: 287744K(287744K)->0K(291328K) From: 64K(21504K)->64K(18432K)
[602.623s][info][gc,heap        ] GC(1655) ParOldGen: 424877K(424960K)->424877K(424960K)
[602.623s][info][gc,metaspace   ] GC(1655) Metaspace: 35530K(36288K)->35530K(36288K) NonClass: 29257K(29824K)->29257K(29824K) Class: 6272K(6464K)->6272K(6464K)
[602.623s][info][gc             ] GC(1655) Pause Young (Allocation Failure) 695M->414M(717M) 1.627ms
[602.623s][info][gc,cpu         ] GC(1655) User=0.00s Sys=0.00s Real=0.00s
[602.677s][info][gc,start       ] GC(1656) Pause Young (Allocation Failure)
[602.678s][info][gc,heap        ] GC(1656) PSYoungGen: 291391K(309760K)->64K(311296K) Eden: 291327K(291328K)->0K(291328K) From: 64K(18432K)->64K(19968K)
[602.678s][info][gc,heap        ] GC(1656) ParOldGen: 424877K(424960K)->424893K(424960K)
[602.678s][info][gc,metaspace   ] GC(1656) Metaspace: 35530K(36288K)->35530K(36288K) NonClass: 29257K(29824K)->29257K(29824K) Class: 6272K(6464K)->6272K(6464K)
[602.678s][info][gc             ] GC(1656) Pause Young (Allocation Failure) 699M->414M(719M) 1.568ms
[602.678s][info][gc,cpu         ] GC(1656) User=0.01s Sys=0.00s Real=0.00s
[602.731s][info][gc,start       ] GC(1657) Pause Young (Allocation Failure)
[602.733s][info][gc,heap        ] GC(1657) PSYoungGen: 291391K(311296K)->64K(311296K) Eden: 291327K(291328K)->0K(294912K) From: 64K(19968K)->64K(16384K)
[602.733s][info][gc,heap        ] GC(1657) ParOldGen: 424893K(424960K)->424893K(424960K)
[602.733s][info][gc,metaspace   ] GC(1657) Metaspace: 35530K(36288K)->35530K(36288K) NonClass: 29257K(29824K)->29257K(29824K) Class: 6272K(6464K)->6272K(6464K)
[602.733s][info][gc             ] GC(1657) Pause Young (Allocation Failure) 699M->414M(719M) 1.545ms
[602.733s][info][gc,cpu         ] GC(1657) User=0.00s Sys=0.01s Real=0.00s
[602.909s][info][gc,start       ] GC(1658) Pause Young (Allocation Failure)
[602.910s][info][gc,heap        ] GC(1658) PSYoungGen: 294976K(311296K)->64K(312832K) Eden: 294912K(294912K)->0K(294912K) From: 64K(16384K)->64K(17920K)
[602.910s][info][gc,heap        ] GC(1658) ParOldGen: 424893K(424960K)->424893K(424960K)
[602.910s][info][gc,metaspace   ] GC(1658) Metaspace: 35530K(36288K)->35530K(36288K) NonClass: 29257K(29824K)->29257K(29824K) Class: 6272K(6464K)->6272K(6464K)
[602.910s][info][gc             ] GC(1658) Pause Young (Allocation Failure) 702M->414M(720M) 1.574ms
[602.910s][info][gc,cpu         ] GC(1658) User=0.01s Sys=0.00s Real=0.00s
[603.124s][info][gc,start       ] GC(1659) Pause Young (Allocation Failure)
[603.126s][info][gc,heap        ] GC(1659) PSYoungGen: 294976K(312832K)->64K(313344K) Eden: 294912K(294912K)->0K(299008K) From: 64K(17920K)->64K(14336K)
[603.126s][info][gc,heap        ] GC(1659) ParOldGen: 424893K(424960K)->424901K(424960K)
[603.126s][info][gc,metaspace   ] GC(1659) Metaspace: 35530K(36288K)->35530K(36288K) NonClass: 29257K(29824K)->29257K(29824K) Class: 6272K(6464K)->6272K(6464K)
[603.126s][info][gc             ] GC(1659) Pause Young (Allocation Failure) 702M->415M(721M) 1.597ms
[603.126s][info][gc,cpu         ] GC(1659) User=0.00s Sys=0.00s Real=0.01s
[603.252s][info][gc,start       ] GC(1660) Pause Young (Allocation Failure)
[603.254s][info][gc,heap        ] GC(1660) PSYoungGen: 299072K(313344K)->64K(314880K) Eden: 299008K(299008K)->0K(299008K) From: 64K(14336K)->64K(15872K)
[603.254s][info][gc,heap        ] GC(1660) ParOldGen: 424901K(424960K)->424909K(424960K)
[603.254s][info][gc,metaspace   ] GC(1660) Metaspace: 35530K(36288K)->35530K(36288K) NonClass: 29257K(29824K)->29257K(29824K) Class: 6272K(6464K)->6272K(6464K)
[603.254s][info][gc             ] GC(1660) Pause Young (Allocation Failure) 707M->415M(722M) 1.607ms
[603.254s][info][gc,cpu         ] GC(1660) User=0.00s Sys=0.00s Real=0.00s
[603.347s][info][gc,start       ] GC(1661) Pause Young (Allocation Failure)
[603.349s][info][gc,heap        ] GC(1661) PSYoungGen: 299072K(314880K)->64K(315392K) Eden: 299008K(299008K)->0K(303104K) From: 64K(15872K)->64K(12288K)
[603.349s][info][gc,heap        ] GC(1661) ParOldGen: 424909K(424960K)->424917K(424960K)
[603.349s][info][gc,metaspace   ] GC(1661) Metaspace: 35530K(36288K)->35530K(36288K) NonClass: 29257K(29824K)->29257K(29824K) Class: 6272K(6464K)->6272K(6464K)
[603.349s][info][gc             ] GC(1661) Pause Young (Allocation Failure) 707M->415M(723M) 1.546ms
[603.349s][info][gc,cpu         ] GC(1661) User=0.00s Sys=0.00s Real=0.00s
[603.527s][info][gc,start       ] GC(1662) Pause Young (Allocation Failure)
[603.529s][info][gc,heap        ] GC(1662) PSYoungGen: 303168K(315392K)->64K(316928K) Eden: 303104K(303104K)->0K(303104K) From: 64K(12288K)->64K(13824K)
[603.529s][info][gc,heap        ] GC(1662) ParOldGen: 424917K(424960K)->424925K(424960K)
[603.529s][info][gc,metaspace   ] GC(1662) Metaspace: 35530K(36288K)->35530K(36288K) NonClass: 29257K(29824K)->29257K(29824K) Class: 6272K(6464K)->6272K(6464K)
[603.529s][info][gc             ] GC(1662) Pause Young (Allocation Failure) 711M->415M(724M) 1.584ms
[603.529s][info][gc,cpu         ] GC(1662) User=0.00s Sys=0.00s Real=0.00s
[604.497s][info][gc,start       ] GC(1663) Pause Young (Allocation Failure)
[604.499s][info][gc,heap        ] GC(1663) PSYoungGen: 303168K(316928K)->83K(317440K) Eden: 303104K(303104K)->0K(306688K) From: 64K(13824K)->83K(10752K)
[604.499s][info][gc,heap        ] GC(1663) ParOldGen: 424925K(424960K)->424933K(424960K)
[604.499s][info][gc,metaspace   ] GC(1663) Metaspace: 35530K(36288K)->35530K(36288K) NonClass: 29257K(29824K)->29257K(29824K) Class: 6272K(6464K)->6272K(6464K)
[604.499s][info][gc             ] GC(1663) Pause Young (Allocation Failure) 711M->415M(725M) 1.609ms
[604.499s][info][gc,cpu         ] GC(1663) User=0.00s Sys=0.00s Real=0.00s
[605.422s][info][gc,start       ] GC(1664) Pause Young (Allocation Failure)
[605.424s][info][gc,heap        ] GC(1664) PSYoungGen: 306771K(317440K)->64K(294912K) Eden: 306688K(306688K)->0K(294400K) From: 83K(10752K)->64K(512K)
[605.424s][info][gc,heap        ] GC(1664) ParOldGen: 424933K(424960K)->424941K(424960K)
[605.424s][info][gc,metaspace   ] GC(1664) Metaspace: 35530K(36288K)->35530K(36288K) NonClass: 29257K(29824K)->29257K(29824K) Class: 6272K(6464K)->6272K(6464K)
[605.424s][info][gc             ] GC(1664) Pause Young (Allocation Failure) 714M->415M(703M) 1.995ms
[605.424s][info][gc,cpu         ] GC(1664) User=0.00s Sys=0.00s Real=0.00s
[605.814s][info][gc,start       ] GC(1665) Pause Young (Allocation Failure)
[605.816s][info][gc,heap        ] GC(1665) PSYoungGen: 294464K(294912K)->64K(283136K) Eden: 294400K(294400K)->0K(282624K) From: 64K(512K)->64K(512K)
[605.816s][info][gc,heap        ] GC(1665) ParOldGen: 424941K(424960K)->424949K(424960K)
[605.816s][info][gc,metaspace   ] GC(1665) Metaspace: 35530K(36288K)->35530K(36288K) NonClass: 29257K(29824K)->29257K(29824K) Class: 6272K(6464K)->6272K(6464K)
[605.816s][info][gc             ] GC(1665) Pause Young (Allocation Failure) 702M->415M(691M) 2.476ms
[605.816s][info][gc,cpu         ] GC(1665) User=0.00s Sys=0.00s Real=0.01s
[606.191s][info][gc,start       ] GC(1666) Pause Young (Allocation Failure)
[606.193s][info][gc,heap        ] GC(1666) PSYoungGen: 282688K(283136K)->64K(282112K) Eden: 282624K(282624K)->0K(271360K) From: 64K(512K)->64K(10752K)
[606.193s][info][gc,heap        ] GC(1666) ParOldGen: 424949K(424960K)->424957K(424960K)
[606.193s][info][gc,metaspace   ] GC(1666) Metaspace: 35530K(36288K)->35530K(36288K) NonClass: 29257K(29824K)->29257K(29824K) Class: 6272K(6464K)->6272K(6464K)
[606.193s][info][gc             ] GC(1666) Pause Young (Allocation Failure) 691M->415M(690M) 2.178ms
[606.193s][info][gc,cpu         ] GC(1666) User=0.00s Sys=0.00s Real=0.00s
[607.163s][info][gc,start       ] GC(1667) Pause Young (Allocation Failure)
[607.165s][info][gc,heap        ] GC(1667) PSYoungGen: 271424K(282112K)->64K(261120K) Eden: 271360K(271360K)->0K(260608K) From: 64K(10752K)->64K(512K)
[607.165s][info][gc,heap        ] GC(1667) ParOldGen: 424957K(424960K)->424965K(425472K)
[607.165s][info][gc,metaspace   ] GC(1667) Metaspace: 35530K(36288K)->35530K(36288K) NonClass: 29257K(29824K)->29257K(29824K) Class: 6272K(6464K)->6272K(6464K)
[607.165s][info][gc             ] GC(1667) Pause Young (Allocation Failure) 680M->415M(670M) 2.294ms
[607.165s][info][gc,cpu         ] GC(1667) User=0.00s Sys=0.00s Real=0.00s
[607.566s][info][gc,start       ] GC(1668) Pause Young (Allocation Failure)
[607.567s][info][gc,heap        ] GC(1668) PSYoungGen: 260672K(261120K)->64K(259584K) Eden: 260608K(260608K)->0K(250368K) From: 64K(512K)->64K(9216K)
[607.567s][info][gc,heap        ] GC(1668) ParOldGen: 424965K(425472K)->424973K(425472K)
[607.567s][info][gc,metaspace   ] GC(1668) Metaspace: 35530K(36288K)->35530K(36288K) NonClass: 29257K(29824K)->29257K(29824K) Class: 6272K(6464K)->6272K(6464K)
[607.567s][info][gc             ] GC(1668) Pause Young (Allocation Failure) 669M->415M(669M) 1.565ms
[607.567s][info][gc,cpu         ] GC(1668) User=0.00s Sys=0.00s Real=0.01s
[607.637s][info][gc,start       ] GC(1669) Pause Young (Allocation Failure)
[607.639s][info][gc,heap        ] GC(1669) PSYoungGen: 250432K(259584K)->64K(241152K) Eden: 250368K(250368K)->0K(240640K) From: 64K(9216K)->64K(512K)
[607.639s][info][gc,heap        ] GC(1669) ParOldGen: 424973K(425472K)->424981K(425472K)
[607.639s][info][gc,metaspace   ] GC(1669) Metaspace: 35530K(36288K)->35530K(36288K) NonClass: 29257K(29824K)->29257K(29824K) Class: 6272K(6464K)->6272K(6464K)
[607.639s][info][gc             ] GC(1669) Pause Young (Allocation Failure) 659M->415M(651M) 2.391ms
[607.639s][info][gc,cpu         ] GC(1669) User=0.00s Sys=0.00s Real=0.00s
[608.135s][info][gc,start       ] GC(1670) Pause Young (Allocation Failure)
[608.137s][info][gc,heap        ] GC(1670) PSYoungGen: 240704K(241152K)->64K(239616K) Eden: 240640K(240640K)->0K(231424K) From: 64K(512K)->64K(8192K)
[608.137s][info][gc,heap        ] GC(1670) ParOldGen: 424981K(425472K)->424989K(425472K)
[608.137s][info][gc,metaspace   ] GC(1670) Metaspace: 35530K(36288K)->35530K(36288K) NonClass: 29257K(29824K)->29257K(29824K) Class: 6272K(6464K)->6272K(6464K)
[608.137s][info][gc             ] GC(1670) Pause Young (Allocation Failure) 650M->415M(649M) 1.501ms
[608.137s][info][gc,cpu         ] GC(1670) User=0.01s Sys=0.00s Real=0.01s
[608.436s][info][gc,start       ] GC(1671) Pause Young (Allocation Failure)
[608.438s][info][gc,heap        ] GC(1671) PSYoungGen: 231488K(239616K)->64K(223232K) Eden: 231424K(231424K)->0K(222720K) From: 64K(8192K)->64K(512K)
[608.438s][info][gc,heap        ] GC(1671) ParOldGen: 424989K(425472K)->424997K(425472K)
[608.438s][info][gc,metaspace   ] GC(1671) Metaspace: 35530K(36288K)->35530K(36288K) NonClass: 29257K(29824K)->29257K(29824K) Class: 6272K(6464K)->6272K(6464K)
[608.438s][info][gc             ] GC(1671) Pause Young (Allocation Failure) 641M->415M(633M) 2.296ms
[608.438s][info][gc,cpu         ] GC(1671) User=0.01s Sys=0.00s Real=0.00s
[608.801s][info][gc,start       ] GC(1672) Pause Young (Allocation Failure)
[608.817s][info][gc,heap        ] GC(1672) PSYoungGen: 222784K(223232K)->7168K(271360K) Eden: 222720K(222720K)->0K(264192K) From: 64K(512K)->7168K(7168K)
[608.817s][info][gc,heap        ] GC(1672) ParOldGen: 424997K(425472K)->426645K(427008K)
[608.817s][info][gc,metaspace   ] GC(1672) Metaspace: 35530K(36288K)->35530K(36288K) NonClass: 29257K(29824K)->29257K(29824K) Class: 6272K(6464K)->6272K(6464K)
[608.817s][info][gc             ] GC(1672) Pause Young (Allocation Failure) 632M->423M(682M) 16.142ms
[608.817s][info][gc,cpu         ] GC(1672) User=0.02s Sys=0.01s Real=0.02s
[609.118s][info][gc,start       ] GC(1673) Pause Young (Allocation Failure)
[609.175s][info][gc,heap        ] GC(1673) PSYoungGen: 271360K(271360K)->7168K(267264K) Eden: 264192K(264192K)->0K(260096K) From: 7168K(7168K)->7168K(7168K)
[609.175s][info][gc,heap        ] GC(1673) ParOldGen: 426645K(427008K)->447717K(448000K)
[609.175s][info][gc,metaspace   ] GC(1673) Metaspace: 35530K(36288K)->35530K(36288K) NonClass: 29257K(29824K)->29257K(29824K) Class: 6272K(6464K)->6272K(6464K)
[609.175s][info][gc             ] GC(1673) Pause Young (Allocation Failure) 681M->444M(698M) 57.862ms
[609.175s][info][gc,cpu         ] GC(1673) User=0.09s Sys=0.02s Real=0.05s
[609.471s][info][gc,start       ] GC(1674) Pause Young (Allocation Failure)
[609.525s][info][gc,heap        ] GC(1674) PSYoungGen: 267264K(267264K)->18432K(278528K) Eden: 260096K(260096K)->0K(260096K) From: 7168K(7168K)->18432K(18432K)
[609.525s][info][gc,heap        ] GC(1674) ParOldGen: 447717K(448000K)->457789K(458240K)
[609.525s][info][gc,metaspace   ] GC(1674) Metaspace: 35530K(36288K)->35530K(36288K) NonClass: 29257K(29824K)->29257K(29824K) Class: 6272K(6464K)->6272K(6464K)
[609.525s][info][gc             ] GC(1674) Pause Young (Allocation Failure) 698M->465M(719M) 54.284ms
[609.525s][info][gc,cpu         ] GC(1674) User=0.10s Sys=0.01s Real=0.05s
[609.634s][info][gc,start       ] GC(1675) Pause Young (Allocation Failure)
[609.646s][info][gc,heap        ] GC(1675) PSYoungGen: 278528K(278528K)->4288K(309248K) Eden: 260096K(260096K)->0K(283136K) From: 18432K(18432K)->4288K(26112K)
[609.646s][info][gc,heap        ] GC(1675) ParOldGen: 457789K(458240K)->458141K(458240K)
[609.646s][info][gc,metaspace   ] GC(1675) Metaspace: 35530K(36288K)->35530K(36288K) NonClass: 29257K(29824K)->29257K(29824K) Class: 6272K(6464K)->6272K(6464K)
[609.646s][info][gc             ] GC(1675) Pause Young (Allocation Failure) 719M->451M(749M) 12.474ms
[609.646s][info][gc,cpu         ] GC(1675) User=0.02s Sys=0.00s Real=0.02s
[610.199s][info][gc,start       ] GC(1676) Pause Young (Allocation Failure)
[610.200s][info][gc,heap        ] GC(1676) PSYoungGen: 287424K(309248K)->64K(283648K) Eden: 283136K(283136K)->0K(283136K) From: 4288K(26112K)->64K(512K)
[610.201s][info][gc,heap        ] GC(1676) ParOldGen: 458141K(458240K)->458149K(458240K)
[610.201s][info][gc,metaspace   ] GC(1676) Metaspace: 35530K(36288K)->35530K(36288K) NonClass: 29257K(29824K)->29257K(29824K) Class: 6272K(6464K)->6272K(6464K)
[610.201s][info][gc             ] GC(1676) Pause Young (Allocation Failure) 728M->447M(724M) 1.618ms
[610.201s][info][gc,cpu         ] GC(1676) User=0.01s Sys=0.00s Real=0.00s
[610.708s][info][gc,start       ] GC(1677) Pause Young (Allocation Failure)
[610.709s][info][gc,heap        ] GC(1677) PSYoungGen: 283200K(283648K)->64K(308224K) Eden: 283136K(283136K)->0K(284160K) From: 64K(512K)->64K(24064K)
[610.709s][info][gc,heap        ] GC(1677) ParOldGen: 458149K(458240K)->458157K(458240K)
[610.709s][info][gc,metaspace   ] GC(1677) Metaspace: 35530K(36288K)->35530K(36288K) NonClass: 29257K(29824K)->29257K(29824K) Class: 6272K(6464K)->6272K(6464K)
[610.709s][info][gc             ] GC(1677) Pause Young (Allocation Failure) 723M->447M(748M) 1.676ms
[610.709s][info][gc,cpu         ] GC(1677) User=0.00s Sys=0.00s Real=0.00s
[611.137s][info][gc,start       ] GC(1678) Pause Young (Allocation Failure)
[611.138s][info][gc,heap        ] GC(1678) PSYoungGen: 284224K(308224K)->64K(307200K) Eden: 284160K(284160K)->0K(284160K) From: 64K(24064K)->64K(23040K)
[611.138s][info][gc,heap        ] GC(1678) ParOldGen: 458157K(458240K)->458173K(458240K)
[611.138s][info][gc,metaspace   ] GC(1678) Metaspace: 35530K(36288K)->35530K(36288K) NonClass: 29257K(29824K)->29257K(29824K) Class: 6272K(6464K)->6272K(6464K)
[611.139s][info][gc             ] GC(1678) Pause Young (Allocation Failure) 724M->447M(747M) 1.777ms
[611.139s][info][gc,cpu         ] GC(1678) User=0.00s Sys=0.00s Real=0.00s
[611.365s][info][gc,start       ] GC(1679) Pause Young (Allocation Failure)
[611.367s][info][gc,heap        ] GC(1679) PSYoungGen: 284224K(307200K)->64K(309760K) Eden: 284160K(284160K)->0K(287744K) From: 64K(23040K)->64K(22016K)
[611.367s][info][gc,heap        ] GC(1679) ParOldGen: 458173K(458240K)->458189K(458240K)
[611.367s][info][gc,metaspace   ] GC(1679) Metaspace: 35530K(36288K)->35530K(36288K) NonClass: 29257K(29824K)->29257K(29824K) Class: 6272K(6464K)->6272K(6464K)
[611.367s][info][gc             ] GC(1679) Pause Young (Allocation Failure) 724M->447M(750M) 2.149ms
[611.367s][info][gc,cpu         ] GC(1679) User=0.01s Sys=0.00s Real=0.01s
[611.596s][info][gc,start       ] GC(1680) Pause Young (Allocation Failure)
[611.598s][info][gc,heap        ] GC(1680) PSYoungGen: 287808K(309760K)->64K(308736K) Eden: 287744K(287744K)->0K(287744K) From: 64K(22016K)->64K(20992K)
[611.598s][info][gc,heap        ] GC(1680) ParOldGen: 458189K(458240K)->458189K(458240K)
[611.598s][info][gc,metaspace   ] GC(1680) Metaspace: 35530K(36288K)->35530K(36288K) NonClass: 29257K(29824K)->29257K(29824K) Class: 6272K(6464K)->6272K(6464K)
[611.598s][info][gc             ] GC(1680) Pause Young (Allocation Failure) 728M->447M(749M) 1.706ms
[611.598s][info][gc,cpu         ] GC(1680) User=0.01s Sys=0.00s Real=0.00s
[611.958s][info][gc,start       ] GC(1681) Pause Young (Allocation Failure)
[611.960s][info][gc,heap        ] GC(1681) PSYoungGen: 287808K(308736K)->64K(311808K) Eden: 287744K(287744K)->0K(291840K) From: 64K(20992K)->64K(19968K)
[611.960s][info][gc,heap        ] GC(1681) ParOldGen: 458189K(458240K)->458189K(458240K)
[611.960s][info][gc,metaspace   ] GC(1681) Metaspace: 35530K(36288K)->35530K(36288K) NonClass: 29257K(29824K)->29257K(29824K) Class: 6272K(6464K)->6272K(6464K)
[611.960s][info][gc             ] GC(1681) Pause Young (Allocation Failure) 728M->447M(752M) 1.630ms
[611.960s][info][gc,cpu         ] GC(1681) User=0.01s Sys=0.00s Real=0.00s
[612.031s][info][gc,start       ] GC(1682) Pause Young (Allocation Failure)
[612.033s][info][gc,heap        ] GC(1682) PSYoungGen: 291904K(311808K)->64K(311296K) Eden: 291840K(291840K)->0K(291840K) From: 64K(19968K)->64K(19456K)
[612.033s][info][gc,heap        ] GC(1682) ParOldGen: 458189K(458240K)->458197K(458240K)
[612.033s][info][gc,metaspace   ] GC(1682) Metaspace: 35530K(36288K)->35530K(36288K) NonClass: 29257K(29824K)->29257K(29824K) Class: 6272K(6464K)->6272K(6464K)
[612.033s][info][gc             ] GC(1682) Pause Young (Allocation Failure) 732M->447M(751M) 1.660ms
[612.033s][info][gc,cpu         ] GC(1682) User=0.00s Sys=0.00s Real=0.00s
[612.086s][info][gc,start       ] GC(1683) Pause Young (Allocation Failure)
[612.088s][info][gc,heap        ] GC(1683) PSYoungGen: 291904K(311296K)->64K(313344K) Eden: 291840K(291840K)->0K(295424K) From: 64K(19456K)->64K(17920K)
[612.088s][info][gc,heap        ] GC(1683) ParOldGen: 458197K(458240K)->458213K(458240K)
[612.088s][info][gc,metaspace   ] GC(1683) Metaspace: 35530K(36288K)->35530K(36288K) NonClass: 29257K(29824K)->29257K(29824K) Class: 6272K(6464K)->6272K(6464K)
[612.088s][info][gc             ] GC(1683) Pause Young (Allocation Failure) 732M->447M(753M) 1.572ms
[612.088s][info][gc,cpu         ] GC(1683) User=0.00s Sys=0.00s Real=0.00s
[612.250s][info][gc,start       ] GC(1684) Pause Young (Allocation Failure)
[612.251s][info][gc,heap        ] GC(1684) PSYoungGen: 295488K(313344K)->64K(312832K) Eden: 295424K(295424K)->0K(295424K) From: 64K(17920K)->64K(17408K)
[612.251s][info][gc,heap        ] GC(1684) ParOldGen: 458213K(458240K)->458213K(458240K)
[612.251s][info][gc,metaspace   ] GC(1684) Metaspace: 35530K(36288K)->35530K(36288K) NonClass: 29257K(29824K)->29257K(29824K) Class: 6272K(6464K)->6272K(6464K)
[612.251s][info][gc             ] GC(1684) Pause Young (Allocation Failure) 736M->447M(753M) 1.603ms
[612.251s][info][gc,cpu         ] GC(1684) User=0.00s Sys=0.00s Real=0.00s
[612.463s][info][gc,start       ] GC(1685) Pause Young (Allocation Failure)
[612.465s][info][gc,heap        ] GC(1685) PSYoungGen: 295488K(312832K)->64K(315392K) Eden: 295424K(295424K)->0K(299520K) From: 64K(17408K)->64K(15872K)
[612.465s][info][gc,heap        ] GC(1685) ParOldGen: 458213K(458240K)->458221K(458240K)
[612.465s][info][gc,metaspace   ] GC(1685) Metaspace: 35530K(36288K)->35530K(36288K) NonClass: 29257K(29824K)->29257K(29824K) Class: 6272K(6464K)->6272K(6464K)
[612.465s][info][gc             ] GC(1685) Pause Young (Allocation Failure) 736M->447M(755M) 1.644ms
[612.465s][info][gc,cpu         ] GC(1685) User=0.01s Sys=0.00s Real=0.00s
[612.607s][info][gc,start       ] GC(1686) Pause Young (Allocation Failure)
[612.609s][info][gc,heap        ] GC(1686) PSYoungGen: 299584K(315392K)->64K(314880K) Eden: 299520K(299520K)->0K(299520K) From: 64K(15872K)->64K(15360K)
[612.609s][info][gc,heap        ] GC(1686) ParOldGen: 458221K(458240K)->458229K(458240K)
[612.609s][info][gc,metaspace   ] GC(1686) Metaspace: 35530K(36288K)->35530K(36288K) NonClass: 29257K(29824K)->29257K(29824K) Class: 6272K(6464K)->6272K(6464K)
[612.609s][info][gc             ] GC(1686) Pause Young (Allocation Failure) 740M->447M(755M) 1.659ms
[612.609s][info][gc,cpu         ] GC(1686) User=0.00s Sys=0.00s Real=0.00s
[612.694s][info][gc,start       ] GC(1687) Pause Young (Allocation Failure)
[612.696s][info][gc,heap        ] GC(1687) PSYoungGen: 299584K(314880K)->64K(317440K) Eden: 299520K(299520K)->0K(303104K) From: 64K(15360K)->64K(14336K)
[612.696s][info][gc,heap        ] GC(1687) ParOldGen: 458229K(458240K)->458237K(458240K)
[612.696s][info][gc,metaspace   ] GC(1687) Metaspace: 35530K(36288K)->35530K(36288K) NonClass: 29257K(29824K)->29257K(29824K) Class: 6272K(6464K)->6272K(6464K)
[612.696s][info][gc             ] GC(1687) Pause Young (Allocation Failure) 740M->447M(757M) 1.659ms
[612.696s][info][gc,cpu         ] GC(1687) User=0.01s Sys=0.00s Real=0.01s
[612.874s][info][gc,start       ] GC(1688) Pause Young (Allocation Failure)
[612.875s][info][gc,heap        ] GC(1688) PSYoungGen: 303168K(317440K)->64K(316928K) Eden: 303104K(303104K)->0K(303104K) From: 64K(14336K)->64K(13824K)
[612.875s][info][gc,heap        ] GC(1688) ParOldGen: 458237K(458240K)->458245K(458752K)
[612.875s][info][gc,metaspace   ] GC(1688) Metaspace: 35530K(36288K)->35530K(36288K) NonClass: 29257K(29824K)->29257K(29824K) Class: 6272K(6464K)->6272K(6464K)
[612.875s][info][gc             ] GC(1688) Pause Young (Allocation Failure) 743M->447M(757M) 1.614ms
[612.875s][info][gc,cpu         ] GC(1688) User=0.00s Sys=0.00s Real=0.00s
[613.855s][info][gc,start       ] GC(1689) Pause Young (Allocation Failure)
[613.856s][info][gc,heap        ] GC(1689) PSYoungGen: 303168K(316928K)->83K(318976K) Eden: 303104K(303104K)->0K(306688K) From: 64K(13824K)->83K(12288K)
[613.856s][info][gc,heap        ] GC(1689) ParOldGen: 458245K(458752K)->458253K(458752K)
[613.856s][info][gc,metaspace   ] GC(1689) Metaspace: 35530K(36288K)->35530K(36288K) NonClass: 29257K(29824K)->29257K(29824K) Class: 6272K(6464K)->6272K(6464K)
[613.856s][info][gc             ] GC(1689) Pause Young (Allocation Failure) 743M->447M(759M) 1.631ms
[613.856s][info][gc,cpu         ] GC(1689) User=0.00s Sys=0.00s Real=0.01s
[614.767s][info][gc,start       ] GC(1690) Pause Young (Allocation Failure)
[614.768s][info][gc,heap        ] GC(1690) PSYoungGen: 306771K(318976K)->64K(294912K) Eden: 306688K(306688K)->0K(294400K) From: 83K(12288K)->64K(512K)
[614.768s][info][gc,heap        ] GC(1690) ParOldGen: 458253K(458752K)->458261K(458752K)
[614.768s][info][gc,metaspace   ] GC(1690) Metaspace: 35530K(36288K)->35530K(36288K) NonClass: 29257K(29824K)->29257K(29824K) Class: 6272K(6464K)->6272K(6464K)
[614.768s][info][gc             ] GC(1690) Pause Young (Allocation Failure) 747M->447M(736M) 1.651ms
[614.768s][info][gc,cpu         ] GC(1690) User=0.00s Sys=0.00s Real=0.00s
[615.126s][info][gc,start       ] GC(1691) Pause Young (Allocation Failure)
[615.128s][info][gc,heap        ] GC(1691) PSYoungGen: 294464K(294912K)->64K(283136K) Eden: 294400K(294400K)->0K(282624K) From: 64K(512K)->64K(512K)
[615.128s][info][gc,heap        ] GC(1691) ParOldGen: 458261K(458752K)->458269K(458752K)
[615.128s][info][gc,metaspace   ] GC(1691) Metaspace: 35530K(36288K)->35530K(36288K) NonClass: 29257K(29824K)->29257K(29824K) Class: 6272K(6464K)->6272K(6464K)
[615.128s][info][gc             ] GC(1691) Pause Young (Allocation Failure) 735M->447M(724M) 1.913ms
[615.128s][info][gc,cpu         ] GC(1691) User=0.00s Sys=0.00s Real=0.00s
[615.545s][info][gc,start       ] GC(1692) Pause Young (Allocation Failure)
[615.546s][info][gc,heap        ] GC(1692) PSYoungGen: 282688K(283136K)->64K(281600K) Eden: 282624K(282624K)->0K(271360K) From: 64K(512K)->64K(10240K)
[615.546s][info][gc,heap        ] GC(1692) ParOldGen: 458269K(458752K)->458277K(458752K)
[615.546s][info][gc,metaspace   ] GC(1692) Metaspace: 35530K(36288K)->35530K(36288K) NonClass: 29257K(29824K)->29257K(29824K) Class: 6272K(6464K)->6272K(6464K)
[615.546s][info][gc             ] GC(1692) Pause Young (Allocation Failure) 723M->447M(723M) 1.680ms
[615.546s][info][gc,cpu         ] GC(1692) User=0.01s Sys=0.00s Real=0.01s
[616.524s][info][gc,start       ] GC(1693) Pause Young (Allocation Failure)
[616.526s][info][gc,heap        ] GC(1693) PSYoungGen: 271424K(281600K)->64K(261120K) Eden: 271360K(271360K)->0K(260608K) From: 64K(10240K)->64K(512K)
[616.526s][info][gc,heap        ] GC(1693) ParOldGen: 458277K(458752K)->458285K(458752K)
[616.526s][info][gc,metaspace   ] GC(1693) Metaspace: 35530K(36288K)->35530K(36288K) NonClass: 29257K(29824K)->29257K(29824K) Class: 6272K(6464K)->6272K(6464K)
[616.526s][info][gc             ] GC(1693) Pause Young (Allocation Failure) 712M->447M(703M) 2.287ms
[616.526s][info][gc,cpu         ] GC(1693) User=0.00s Sys=0.00s Real=0.01s
[616.892s][info][gc,start       ] GC(1694) Pause Young (Allocation Failure)
[616.895s][info][gc,heap        ] GC(1694) PSYoungGen: 260672K(261120K)->64K(259584K) Eden: 260608K(260608K)->0K(250368K) From: 64K(512K)->64K(9216K)
[616.895s][info][gc,heap        ] GC(1694) ParOldGen: 458285K(458752K)->458293K(458752K)
[616.895s][info][gc,metaspace   ] GC(1694) Metaspace: 35530K(36288K)->35530K(36288K) NonClass: 29257K(29824K)->29257K(29824K) Class: 6272K(6464K)->6272K(6464K)
[616.895s][info][gc             ] GC(1694) Pause Young (Allocation Failure) 702M->447M(701M) 3.030ms
[616.895s][info][gc,cpu         ] GC(1694) User=0.01s Sys=0.00s Real=0.00s
[617.001s][info][gc,start       ] GC(1695) Pause Young (Allocation Failure)
[617.003s][info][gc,heap        ] GC(1695) PSYoungGen: 250432K(259584K)->64K(291328K) Eden: 250368K(250368K)->0K(282624K) From: 64K(9216K)->64K(8704K)
[617.003s][info][gc,heap        ] GC(1695) ParOldGen: 458293K(458752K)->458301K(458752K)
[617.003s][info][gc,metaspace   ] GC(1695) Metaspace: 35530K(36288K)->35530K(36288K) NonClass: 29257K(29824K)->29257K(29824K) Class: 6272K(6464K)->6272K(6464K)
[617.003s][info][gc             ] GC(1695) Pause Young (Allocation Failure) 692M->447M(732M) 2.233ms
[617.003s][info][gc,cpu         ] GC(1695) User=0.00s Sys=0.00s Real=0.00s
[617.537s][info][gc,start       ] GC(1696) Pause Young (Allocation Failure)
[617.539s][info][gc,heap        ] GC(1696) PSYoungGen: 282688K(291328K)->64K(271872K) Eden: 282624K(282624K)->0K(271360K) From: 64K(8704K)->64K(512K)
[617.539s][info][gc,heap        ] GC(1696) ParOldGen: 458301K(458752K)->458309K(458752K)
[617.539s][info][gc,metaspace   ] GC(1696) Metaspace: 35530K(36288K)->35530K(36288K) NonClass: 29257K(29824K)->29257K(29824K) Class: 6272K(6464K)->6272K(6464K)
[617.539s][info][gc             ] GC(1696) Pause Young (Allocation Failure) 723M->447M(713M) 2.159ms
[617.539s][info][gc,cpu         ] GC(1696) User=0.00s Sys=0.00s Real=0.00s
[617.890s][info][gc,start       ] GC(1697) Pause Young (Allocation Failure)
[617.892s][info][gc,heap        ] GC(1697) PSYoungGen: 271424K(271872K)->64K(261120K) Eden: 271360K(271360K)->0K(260608K) From: 64K(512K)->64K(512K)
[617.892s][info][gc,heap        ] GC(1697) ParOldGen: 458309K(458752K)->458317K(458752K)
[617.892s][info][gc,metaspace   ] GC(1697) Metaspace: 35530K(36288K)->35530K(36288K) NonClass: 29257K(29824K)->29257K(29824K) Class: 6272K(6464K)->6272K(6464K)
[617.892s][info][gc             ] GC(1697) Pause Young (Allocation Failure) 712M->447M(703M) 2.353ms
[617.892s][info][gc,cpu         ] GC(1697) User=0.00s Sys=0.00s Real=0.00s
[618.258s][info][gc,start       ] GC(1698) Pause Young (Allocation Failure)
[618.296s][info][gc,heap        ] GC(1698) PSYoungGen: 260672K(261120K)->6656K(277504K) Eden: 260608K(260608K)->0K(270848K) From: 64K(512K)->6656K(6656K)
[618.296s][info][gc,heap        ] GC(1698) ParOldGen: 458317K(458752K)->470109K(470528K)
[618.296s][info][gc,metaspace   ] GC(1698) Metaspace: 35530K(36288K)->35530K(36288K) NonClass: 29257K(29824K)->29257K(29824K) Class: 6272K(6464K)->6272K(6464K)
[618.296s][info][gc             ] GC(1698) Pause Young (Allocation Failure) 702M->465M(730M) 38.267ms
[618.296s][info][gc,cpu         ] GC(1698) User=0.06s Sys=0.01s Real=0.04s
[618.599s][info][gc,start       ] GC(1699) Pause Young (Allocation Failure)
[618.666s][info][gc,heap        ] GC(1699) PSYoungGen: 277504K(277504K)->12800K(303616K) Eden: 270848K(270848K)->0K(290816K) From: 6656K(6656K)->12800K(12800K)
[618.666s][info][gc,heap        ] GC(1699) ParOldGen: 470109K(470528K)->486629K(486912K)
[618.666s][info][gc,metaspace   ] GC(1699) Metaspace: 35530K(36288K)->35530K(36288K) NonClass: 29257K(29824K)->29257K(29824K) Class: 6272K(6464K)->6272K(6464K)
[618.666s][info][gc             ] GC(1699) Pause Young (Allocation Failure) 730M->487M(772M) 67.052ms
[618.666s][info][gc,cpu         ] GC(1699) User=0.12s Sys=0.02s Real=0.07s
[618.924s][info][gc,start       ] GC(1700) Pause Young (Allocation Failure)
[618.976s][info][gc,heap        ] GC(1700) PSYoungGen: 303616K(303616K)->21504K(312320K) Eden: 290816K(290816K)->0K(290816K) From: 12800K(12800K)->21504K(21504K)
[618.976s][info][gc,heap        ] GC(1700) ParOldGen: 486629K(486912K)->487333K(487424K)
[618.976s][info][gc,metaspace   ] GC(1700) Metaspace: 35530K(36288K)->35530K(36288K) NonClass: 29257K(29824K)->29257K(29824K) Class: 6272K(6464K)->6272K(6464K)
[618.976s][info][gc             ] GC(1700) Pause Young (Allocation Failure) 771M->496M(781M) 51.866ms
[618.976s][info][gc,cpu         ] GC(1700) User=0.10s Sys=0.01s Real=0.05s
[619.250s][info][gc,start       ] GC(1701) Pause Young (Allocation Failure)
[619.252s][info][gc,heap        ] GC(1701) PSYoungGen: 312320K(312320K)->64K(304128K) Eden: 290816K(290816K)->0K(282624K) From: 21504K(21504K)->64K(21504K)
[619.252s][info][gc,heap        ] GC(1701) ParOldGen: 487333K(487424K)->487341K(487424K)
[619.252s][info][gc,metaspace   ] GC(1701) Metaspace: 35530K(36288K)->35530K(36288K) NonClass: 29257K(29824K)->29257K(29824K) Class: 6272K(6464K)->6272K(6464K)
[619.252s][info][gc             ] GC(1701) Pause Young (Allocation Failure) 780M->475M(773M) 1.766ms
[619.252s][info][gc,cpu         ] GC(1701) User=0.00s Sys=0.00s Real=0.00s
[619.933s][info][gc,start       ] GC(1702) Pause Young (Allocation Failure)
[619.935s][info][gc,heap        ] GC(1702) PSYoungGen: 282688K(304128K)->64K(308224K) Eden: 282624K(282624K)->0K(282624K) From: 64K(21504K)->64K(25600K)
[619.935s][info][gc,heap        ] GC(1702) ParOldGen: 487341K(487424K)->487349K(487424K)
[619.935s][info][gc,metaspace   ] GC(1702) Metaspace: 35530K(36288K)->35530K(36288K) NonClass: 29257K(29824K)->29257K(29824K) Class: 6272K(6464K)->6272K(6464K)
[619.935s][info][gc             ] GC(1702) Pause Young (Allocation Failure) 751M->475M(777M) 1.719ms
[619.935s][info][gc,cpu         ] GC(1702) User=0.00s Sys=0.00s Real=0.00s
[620.203s][info][gc,start       ] GC(1703) Pause Young (Allocation Failure)
[620.205s][info][gc,heap        ] GC(1703) PSYoungGen: 282688K(308224K)->64K(305152K) Eden: 282624K(282624K)->0K(283648K) From: 64K(25600K)->64K(21504K)
[620.205s][info][gc,heap        ] GC(1703) ParOldGen: 487349K(487424K)->487365K(487424K)
[620.205s][info][gc,metaspace   ] GC(1703) Metaspace: 35530K(36288K)->35530K(36288K) NonClass: 29257K(29824K)->29257K(29824K) Class: 6272K(6464K)->6272K(6464K)
[620.205s][info][gc             ] GC(1703) Pause Young (Allocation Failure) 751M->476M(774M) 1.959ms
[620.205s][info][gc,cpu         ] GC(1703) User=0.00s Sys=0.00s Real=0.00s
[620.627s][info][gc,start       ] GC(1704) Pause Young (Allocation Failure)
[620.629s][info][gc,heap        ] GC(1704) PSYoungGen: 283712K(305152K)->64K(307200K) Eden: 283648K(283648K)->0K(283648K) From: 64K(21504K)->64K(23552K)
[620.629s][info][gc,heap        ] GC(1704) ParOldGen: 487365K(487424K)->487373K(487424K)
[620.629s][info][gc,metaspace   ] GC(1704) Metaspace: 35530K(36288K)->35530K(36288K) NonClass: 29257K(29824K)->29257K(29824K) Class: 6272K(6464K)->6272K(6464K)
[620.629s][info][gc             ] GC(1704) Pause Young (Allocation Failure) 753M->476M(776M) 1.754ms
[620.629s][info][gc,cpu         ] GC(1704) User=0.00s Sys=0.00s Real=0.00s
[620.853s][info][gc,start       ] GC(1705) Pause Young (Allocation Failure)
[620.855s][info][gc,heap        ] GC(1705) PSYoungGen: 283712K(307200K)->64K(307200K) Eden: 283648K(283648K)->0K(287744K) From: 64K(23552K)->64K(19456K)
[620.855s][info][gc,heap        ] GC(1705) ParOldGen: 487373K(487424K)->487389K(487424K)
[620.855s][info][gc,metaspace   ] GC(1705) Metaspace: 35530K(36288K)->35530K(36288K) NonClass: 29257K(29824K)->29257K(29824K) Class: 6272K(6464K)->6272K(6464K)
[620.855s][info][gc             ] GC(1705) Pause Young (Allocation Failure) 753M->476M(776M) 1.755ms
[620.855s][info][gc,cpu         ] GC(1705) User=0.00s Sys=0.00s Real=0.00s
[621.192s][info][gc,start       ] GC(1706) Pause Young (Allocation Failure)
[621.194s][info][gc,heap        ] GC(1706) PSYoungGen: 287808K(307200K)->64K(309248K) Eden: 287744K(287744K)->0K(287744K) From: 64K(19456K)->64K(21504K)
[621.194s][info][gc,heap        ] GC(1706) ParOldGen: 487389K(487424K)->487389K(487424K)
[621.194s][info][gc,metaspace   ] GC(1706) Metaspace: 35530K(36288K)->35530K(36288K) NonClass: 29257K(29824K)->29257K(29824K) Class: 6272K(6464K)->6272K(6464K)
[621.194s][info][gc             ] GC(1706) Pause Young (Allocation Failure) 757M->476M(778M) 1.719ms
[621.194s][info][gc,cpu         ] GC(1706) User=0.01s Sys=0.00s Real=0.00s
[621.365s][info][gc,start       ] GC(1707) Pause Young (Allocation Failure)
[621.367s][info][gc,heap        ] GC(1707) PSYoungGen: 287808K(309248K)->64K(309248K) Eden: 287744K(287744K)->0K(291840K) From: 64K(21504K)->64K(17408K)
[621.367s][info][gc,heap        ] GC(1707) ParOldGen: 487389K(487424K)->487397K(487424K)
[621.367s][info][gc,metaspace   ] GC(1707) Metaspace: 35530K(36288K)->35530K(36288K) NonClass: 29257K(29824K)->29257K(29824K) Class: 6272K(6464K)->6272K(6464K)
[621.367s][info][gc             ] GC(1707) Pause Young (Allocation Failure) 757M->476M(778M) 1.802ms
[621.367s][info][gc,cpu         ] GC(1707) User=0.00s Sys=0.00s Real=0.01s
[621.420s][info][gc,start       ] GC(1708) Pause Young (Allocation Failure)
[621.422s][info][gc,heap        ] GC(1708) PSYoungGen: 291904K(309248K)->64K(311296K) Eden: 291840K(291840K)->0K(291840K) From: 64K(17408K)->64K(19456K)
[621.422s][info][gc,heap        ] GC(1708) ParOldGen: 487397K(487424K)->487413K(487424K)
[621.422s][info][gc,metaspace   ] GC(1708) Metaspace: 35530K(36288K)->35530K(36288K) NonClass: 29257K(29824K)->29257K(29824K) Class: 6272K(6464K)->6272K(6464K)
[621.422s][info][gc             ] GC(1708) Pause Young (Allocation Failure) 761M->476M(780M) 1.688ms
[621.422s][info][gc,cpu         ] GC(1708) User=0.01s Sys=0.00s Real=0.00s
[621.504s][info][gc,start       ] GC(1709) Pause Young (Allocation Failure)
[621.506s][info][gc,heap        ] GC(1709) PSYoungGen: 291904K(311296K)->64K(311296K) Eden: 291840K(291840K)->0K(295936K) From: 64K(19456K)->64K(15360K)
[621.506s][info][gc,heap        ] GC(1709) ParOldGen: 487413K(487424K)->487413K(487424K)
[621.506s][info][gc,metaspace   ] GC(1709) Metaspace: 35530K(36288K)->35530K(36288K) NonClass: 29257K(29824K)->29257K(29824K) Class: 6272K(6464K)->6272K(6464K)
[621.506s][info][gc             ] GC(1709) Pause Young (Allocation Failure) 761M->476M(780M) 1.779ms
[621.506s][info][gc,cpu         ] GC(1709) User=0.00s Sys=0.00s Real=0.01s
[621.720s][info][gc,start       ] GC(1710) Pause Young (Allocation Failure)
[621.721s][info][gc,heap        ] GC(1710) PSYoungGen: 296000K(311296K)->32K(313344K) Eden: 295936K(295936K)->0K(295936K) From: 64K(15360K)->32K(17408K)
[621.721s][info][gc,heap        ] GC(1710) ParOldGen: 487413K(487424K)->487429K(487936K)
[621.721s][info][gc,metaspace   ] GC(1710) Metaspace: 35530K(36288K)->35530K(36288K) NonClass: 29257K(29824K)->29257K(29824K) Class: 6272K(6464K)->6272K(6464K)
[621.721s][info][gc             ] GC(1710) Pause Young (Allocation Failure) 765M->476M(782M) 1.782ms
[621.721s][info][gc,cpu         ] GC(1710) User=0.00s Sys=0.00s Real=0.00s
[621.921s][info][gc,start       ] GC(1711) Pause Young (Allocation Failure)
[621.923s][info][gc,heap        ] GC(1711) PSYoungGen: 295968K(313344K)->64K(313344K) Eden: 295936K(295936K)->0K(300032K) From: 32K(17408K)->64K(13312K)
[621.923s][info][gc,heap        ] GC(1711) ParOldGen: 487429K(487936K)->487429K(487936K)
[621.923s][info][gc,metaspace   ] GC(1711) Metaspace: 35531K(36288K)->35531K(36288K) NonClass: 29259K(29824K)->29259K(29824K) Class: 6272K(6464K)->6272K(6464K)
[621.923s][info][gc             ] GC(1711) Pause Young (Allocation Failure) 765M->476M(782M) 1.771ms
[621.923s][info][gc,cpu         ] GC(1711) User=0.00s Sys=0.00s Real=0.00s
[622.004s][info][gc,start       ] GC(1712) Pause Young (Allocation Failure)
[622.006s][info][gc,heap        ] GC(1712) PSYoungGen: 300096K(313344K)->64K(315392K) Eden: 300032K(300032K)->0K(300032K) From: 64K(13312K)->64K(15360K)
[622.006s][info][gc,heap        ] GC(1712) ParOldGen: 487429K(487936K)->487445K(487936K)
[622.006s][info][gc,metaspace   ] GC(1712) Metaspace: 35531K(36288K)->35531K(36288K) NonClass: 29259K(29824K)->29259K(29824K) Class: 6272K(6464K)->6272K(6464K)
[622.006s][info][gc             ] GC(1712) Pause Young (Allocation Failure) 769M->476M(784M) 1.732ms
[622.006s][info][gc,cpu         ] GC(1712) User=0.01s Sys=0.00s Real=0.01s
[622.134s][info][gc,start       ] GC(1713) Pause Young (Allocation Failure)
[622.136s][info][gc,heap        ] GC(1713) PSYoungGen: 300096K(315392K)->64K(315904K) Eden: 300032K(300032K)->0K(303616K) From: 64K(15360K)->64K(12288K)
[622.136s][info][gc,heap        ] GC(1713) ParOldGen: 487445K(487936K)->487445K(487936K)
[622.136s][info][gc,metaspace   ] GC(1713) Metaspace: 35531K(36288K)->35531K(36288K) NonClass: 29259K(29824K)->29259K(29824K) Class: 6272K(6464K)->6272K(6464K)
[622.136s][info][gc             ] GC(1713) Pause Young (Allocation Failure) 769M->476M(785M) 1.685ms
[622.136s][info][gc,cpu         ] GC(1713) User=0.01s Sys=0.00s Real=0.00s
[622.532s][info][gc,start       ] GC(1714) Pause Young (Allocation Failure)
[622.534s][info][gc,heap        ] GC(1714) PSYoungGen: 303680K(315904K)->64K(317440K) Eden: 303616K(303616K)->0K(303616K) From: 64K(12288K)->64K(13824K)
[622.534s][info][gc,heap        ] GC(1714) ParOldGen: 487445K(487936K)->487453K(487936K)
[622.534s][info][gc,metaspace   ] GC(1714) Metaspace: 35531K(36288K)->35531K(36288K) NonClass: 29259K(29824K)->29259K(29824K) Class: 6272K(6464K)->6272K(6464K)
[622.534s][info][gc             ] GC(1714) Pause Young (Allocation Failure) 772M->476M(786M) 1.757ms
[622.534s][info][gc,cpu         ] GC(1714) User=0.00s Sys=0.00s Real=0.00s
[623.228s][info][gc,start       ] GC(1715) Pause Young (Allocation Failure)
[623.229s][info][gc,heap        ] GC(1715) PSYoungGen: 303680K(317440K)->83K(317440K) Eden: 303616K(303616K)->0K(307200K) From: 64K(13824K)->83K(10240K)
[623.229s][info][gc,heap        ] GC(1715) ParOldGen: 487453K(487936K)->487461K(487936K)
[623.229s][info][gc,metaspace   ] GC(1715) Metaspace: 35531K(36288K)->35531K(36288K) NonClass: 29259K(29824K)->29259K(29824K) Class: 6272K(6464K)->6272K(6464K)
[623.229s][info][gc             ] GC(1715) Pause Young (Allocation Failure) 772M->476M(786M) 1.747ms
[623.229s][info][gc,cpu         ] GC(1715) User=0.01s Sys=0.00s Real=0.00s
[624.234s][info][gc,start       ] GC(1716) Pause Young (Allocation Failure)
[624.236s][info][gc,heap        ] GC(1716) PSYoungGen: 307283K(317440K)->64K(295424K) Eden: 307200K(307200K)->0K(294912K) From: 83K(10240K)->64K(512K)
[624.236s][info][gc,heap        ] GC(1716) ParOldGen: 487461K(487936K)->487469K(487936K)
[624.237s][info][gc,metaspace   ] GC(1716) Metaspace: 35531K(36288K)->35531K(36288K) NonClass: 29259K(29824K)->29259K(29824K) Class: 6272K(6464K)->6272K(6464K)
[624.237s][info][gc             ] GC(1716) Pause Young (Allocation Failure) 776M->476M(765M) 2.351ms
[624.237s][info][gc,cpu         ] GC(1716) User=0.00s Sys=0.00s Real=0.01s
[624.704s][info][gc,start       ] GC(1717) Pause Young (Allocation Failure)
[624.706s][info][gc,heap        ] GC(1717) PSYoungGen: 294976K(295424K)->64K(283648K) Eden: 294912K(294912K)->0K(283136K) From: 64K(512K)->64K(512K)
[624.706s][info][gc,heap        ] GC(1717) ParOldGen: 487469K(487936K)->487477K(487936K)
[624.706s][info][gc,metaspace   ] GC(1717) Metaspace: 35531K(36288K)->35531K(36288K) NonClass: 29259K(29824K)->29259K(29824K) Class: 6272K(6464K)->6272K(6464K)
[624.706s][info][gc             ] GC(1717) Pause Young (Allocation Failure) 764M->476M(753M) 2.004ms
[624.706s][info][gc,cpu         ] GC(1717) User=0.00s Sys=0.00s Real=0.01s
[625.697s][info][gc,start       ] GC(1718) Pause Young (Allocation Failure)
[625.699s][info][gc,heap        ] GC(1718) PSYoungGen: 283200K(283648K)->64K(282112K) Eden: 283136K(283136K)->0K(271872K) From: 64K(512K)->64K(10240K)
[625.699s][info][gc,heap        ] GC(1718) ParOldGen: 487477K(487936K)->487485K(487936K)
[625.699s][info][gc,metaspace   ] GC(1718) Metaspace: 35531K(36288K)->35531K(36288K) NonClass: 29259K(29824K)->29259K(29824K) Class: 6272K(6464K)->6272K(6464K)
[625.699s][info][gc             ] GC(1718) Pause Young (Allocation Failure) 752M->476M(752M) 1.701ms
[625.699s][info][gc,cpu         ] GC(1718) User=0.01s Sys=0.00s Real=0.00s
[626.124s][info][gc,start       ] GC(1719) Pause Young (Allocation Failure)
[626.127s][info][gc,heap        ] GC(1719) PSYoungGen: 271936K(282112K)->64K(261632K) Eden: 271872K(271872K)->0K(261120K) From: 64K(10240K)->64K(512K)
[626.127s][info][gc,heap        ] GC(1719) ParOldGen: 487485K(487936K)->487501K(487936K)
[626.127s][info][gc,metaspace   ] GC(1719) Metaspace: 35531K(36288K)->35531K(36288K) NonClass: 29259K(29824K)->29259K(29824K) Class: 6272K(6464K)->6272K(6464K)
[626.127s][info][gc             ] GC(1719) Pause Young (Allocation Failure) 741M->476M(732M) 2.561ms
[626.127s][info][gc,cpu         ] GC(1719) User=0.00s Sys=0.00s Real=0.01s
[626.298s][info][gc,start       ] GC(1720) Pause Young (Allocation Failure)
[626.300s][info][gc,heap        ] GC(1720) PSYoungGen: 261184K(261632K)->64K(260096K) Eden: 261120K(261120K)->0K(250880K) From: 64K(512K)->64K(9216K)
[626.300s][info][gc,heap        ] GC(1720) ParOldGen: 487501K(487936K)->487509K(487936K)
[626.300s][info][gc,metaspace   ] GC(1720) Metaspace: 35531K(36288K)->35531K(36288K) NonClass: 29259K(29824K)->29259K(29824K) Class: 6272K(6464K)->6272K(6464K)
[626.300s][info][gc             ] GC(1720) Pause Young (Allocation Failure) 731M->476M(730M) 1.672ms
[626.300s][info][gc,cpu         ] GC(1720) User=0.01s Sys=0.00s Real=0.00s
[626.532s][info][gc,start       ] GC(1721) Pause Young (Allocation Failure)
[626.534s][info][gc,heap        ] GC(1721) PSYoungGen: 250944K(260096K)->64K(241664K) Eden: 250880K(250880K)->0K(241152K) From: 64K(9216K)->64K(512K)
[626.534s][info][gc,heap        ] GC(1721) ParOldGen: 487509K(487936K)->487517K(487936K)
[626.534s][info][gc,metaspace   ] GC(1721) Metaspace: 35531K(36288K)->35531K(36288K) NonClass: 29259K(29824K)->29259K(29824K) Class: 6272K(6464K)->6272K(6464K)
[626.534s][info][gc             ] GC(1721) Pause Young (Allocation Failure) 721M->476M(712M) 2.331ms
[626.534s][info][gc,cpu         ] GC(1721) User=0.00s Sys=0.00s Real=0.00s
[627.038s][info][gc,start       ] GC(1722) Pause Young (Allocation Failure)
[627.040s][info][gc,heap        ] GC(1722) PSYoungGen: 241216K(241664K)->64K(239616K) Eden: 241152K(241152K)->0K(231936K) From: 64K(512K)->64K(7680K)
[627.040s][info][gc,heap        ] GC(1722) ParOldGen: 487517K(487936K)->487525K(487936K)
[627.040s][info][gc,metaspace   ] GC(1722) Metaspace: 35531K(36288K)->35531K(36288K) NonClass: 29259K(29824K)->29259K(29824K) Class: 6272K(6464K)->6272K(6464K)
[627.040s][info][gc             ] GC(1722) Pause Young (Allocation Failure) 711M->476M(710M) 1.761ms
[627.040s][info][gc,cpu         ] GC(1722) User=0.01s Sys=0.00s Real=0.00s
[627.381s][info][gc,start       ] GC(1723) Pause Young (Allocation Failure)
[627.383s][info][gc,heap        ] GC(1723) PSYoungGen: 232000K(239616K)->64K(223744K) Eden: 231936K(231936K)->0K(223232K) From: 64K(7680K)->64K(512K)
[627.383s][info][gc,heap        ] GC(1723) ParOldGen: 487525K(487936K)->487533K(487936K)
[627.383s][info][gc,metaspace   ] GC(1723) Metaspace: 35531K(36288K)->35531K(36288K) NonClass: 29259K(29824K)->29259K(29824K) Class: 6272K(6464K)->6272K(6464K)
[627.383s][info][gc             ] GC(1723) Pause Young (Allocation Failure) 702M->476M(695M) 2.351ms
[627.383s][info][gc,cpu         ] GC(1723) User=0.00s Sys=0.00s Real=0.00s
[627.642s][info][gc,start       ] GC(1724) Pause Young (Allocation Failure)
[627.689s][info][gc,heap        ] GC(1724) PSYoungGen: 223296K(223744K)->6656K(273920K) Eden: 223232K(223232K)->0K(267264K) From: 64K(512K)->6656K(6656K)
[627.689s][info][gc,heap        ] GC(1724) ParOldGen: 487533K(487936K)->504045K(504320K)
[627.689s][info][gc,metaspace   ] GC(1724) Metaspace: 35531K(36288K)->35531K(36288K) NonClass: 29259K(29824K)->29259K(29824K) Class: 6272K(6464K)->6272K(6464K)
[627.689s][info][gc             ] GC(1724) Pause Young (Allocation Failure) 694M->498M(760M) 47.123ms
[627.689s][info][gc,cpu         ] GC(1724) User=0.07s Sys=0.02s Real=0.05s
[627.993s][info][gc,start       ] GC(1725) Pause Young (Allocation Failure)
[628.057s][info][gc,heap        ] GC(1725) PSYoungGen: 273920K(273920K)->14336K(272896K) Eden: 267264K(267264K)->0K(258560K) From: 6656K(6656K)->14336K(14336K)
[628.057s][info][gc,heap        ] GC(1725) ParOldGen: 504045K(504320K)->518821K(519168K)
[628.057s][info][gc,metaspace   ] GC(1725) Metaspace: 35531K(36288K)->35531K(36288K) NonClass: 29259K(29824K)->29259K(29824K) Class: 6272K(6464K)->6272K(6464K)
[628.057s][info][gc             ] GC(1725) Pause Young (Allocation Failure) 759M->520M(773M) 64.349ms
[628.057s][info][gc,cpu         ] GC(1725) User=0.11s Sys=0.01s Real=0.07s
[628.265s][info][gc,start       ] GC(1726) Pause Young (Allocation Failure)
[628.297s][info][gc,heap        ] GC(1726) PSYoungGen: 272896K(272896K)->17312K(281600K) Eden: 258560K(258560K)->0K(258560K) From: 14336K(14336K)->17312K(23040K)
[628.297s][info][gc,heap        ] GC(1726) ParOldGen: 518821K(519168K)->519365K(519680K)
[628.297s][info][gc,metaspace   ] GC(1726) Metaspace: 35531K(36288K)->35531K(36288K) NonClass: 29259K(29824K)->29259K(29824K) Class: 6272K(6464K)->6272K(6464K)
[628.297s][info][gc             ] GC(1726) Pause Young (Allocation Failure) 773M->524M(782M) 31.954ms
[628.297s][info][gc,cpu         ] GC(1726) User=0.06s Sys=0.00s Real=0.04s
[628.507s][info][gc,start       ] GC(1727) Pause Young (Allocation Failure)
[628.509s][info][gc,heap        ] GC(1727) PSYoungGen: 275872K(281600K)->64K(308736K) Eden: 258560K(258560K)->0K(283136K) From: 17312K(23040K)->64K(25600K)
[628.509s][info][gc,heap        ] GC(1727) ParOldGen: 519365K(519680K)->519373K(519680K)
[628.509s][info][gc,metaspace   ] GC(1727) Metaspace: 35531K(36288K)->35531K(36288K) NonClass: 29259K(29824K)->29259K(29824K) Class: 6272K(6464K)->6272K(6464K)
[628.509s][info][gc             ] GC(1727) Pause Young (Allocation Failure) 776M->507M(809M) 1.852ms
[628.509s][info][gc,cpu         ] GC(1727) User=0.00s Sys=0.00s Real=0.00s
[629.223s][info][gc,start       ] GC(1728) Pause Young (Allocation Failure)
[629.224s][info][gc,heap        ] GC(1728) PSYoungGen: 283200K(308736K)->64K(283648K) Eden: 283136K(283136K)->0K(283136K) From: 64K(25600K)->64K(512K)
[629.224s][info][gc,heap        ] GC(1728) ParOldGen: 519373K(519680K)->519389K(519680K)
[629.224s][info][gc,metaspace   ] GC(1728) Metaspace: 35531K(36288K)->35531K(36288K) NonClass: 29259K(29824K)->29259K(29824K) Class: 6272K(6464K)->6272K(6464K)
[629.224s][info][gc             ] GC(1728) Pause Young (Allocation Failure) 783M->507M(784M) 1.853ms
[629.224s][info][gc,cpu         ] GC(1728) User=0.01s Sys=0.00s Real=0.00s
[629.516s][info][gc,start       ] GC(1729) Pause Young (Allocation Failure)
[629.518s][info][gc,heap        ] GC(1729) PSYoungGen: 283200K(283648K)->160K(308224K) Eden: 283136K(283136K)->0K(284160K) From: 64K(512K)->160K(24064K)
[629.518s][info][gc,heap        ] GC(1729) ParOldGen: 519389K(519680K)->519397K(519680K)
[629.518s][info][gc,metaspace   ] GC(1729) Metaspace: 35603K(36288K)->35603K(36288K) NonClass: 29330K(29824K)->29330K(29824K) Class: 6273K(6464K)->6273K(6464K)
[629.518s][info][gc             ] GC(1729) Pause Young (Allocation Failure) 783M->507M(808M) 2.362ms
[629.518s][info][gc,cpu         ] GC(1729) User=0.00s Sys=0.01s Real=0.01s
[629.966s][info][gc,start       ] GC(1730) Pause Young (Allocation Failure)
[629.968s][info][gc,heap        ] GC(1730) PSYoungGen: 284320K(308224K)->64K(307200K) Eden: 284160K(284160K)->0K(284160K) From: 160K(24064K)->64K(23040K)
[629.968s][info][gc,heap        ] GC(1730) ParOldGen: 519397K(519680K)->519493K(519680K)
[629.968s][info][gc,metaspace   ] GC(1730) Metaspace: 35603K(36288K)->35603K(36288K) NonClass: 29330K(29824K)->29330K(29824K) Class: 6273K(6464K)->6273K(6464K)
[629.968s][info][gc             ] GC(1730) Pause Young (Allocation Failure) 784M->507M(807M) 1.969ms
[629.968s][info][gc,cpu         ] GC(1730) User=0.00s Sys=0.00s Real=0.00s
[630.191s][info][gc,start       ] GC(1731) Pause Young (Allocation Failure)
[630.193s][info][gc,heap        ] GC(1731) PSYoungGen: 284224K(307200K)->64K(309760K) Eden: 284160K(284160K)->0K(287744K) From: 64K(23040K)->64K(22016K)
[630.193s][info][gc,heap        ] GC(1731) ParOldGen: 519493K(519680K)->519509K(519680K)
[630.193s][info][gc,metaspace   ] GC(1731) Metaspace: 35603K(36288K)->35603K(36288K) NonClass: 29330K(29824K)->29330K(29824K) Class: 6273K(6464K)->6273K(6464K)
[630.193s][info][gc             ] GC(1731) Pause Young (Allocation Failure) 784M->507M(810M) 1.787ms
[630.193s][info][gc,cpu         ] GC(1731) User=0.00s Sys=0.00s Real=0.00s
[630.421s][info][gc,start       ] GC(1732) Pause Young (Allocation Failure)
[630.423s][info][gc,heap        ] GC(1732) PSYoungGen: 287808K(309760K)->64K(308736K) Eden: 287744K(287744K)->0K(287744K) From: 64K(22016K)->64K(20992K)
[630.423s][info][gc,heap        ] GC(1732) ParOldGen: 519509K(519680K)->519509K(519680K)
[630.423s][info][gc,metaspace   ] GC(1732) Metaspace: 35603K(36288K)->35603K(36288K) NonClass: 29330K(29824K)->29330K(29824K) Class: 6273K(6464K)->6273K(6464K)
[630.423s][info][gc             ] GC(1732) Pause Young (Allocation Failure) 788M->507M(809M) 1.746ms
[630.423s][info][gc,cpu         ] GC(1732) User=0.01s Sys=0.00s Real=0.00s
[630.734s][info][gc,start       ] GC(1733) Pause Young (Allocation Failure)
[630.736s][info][gc,heap        ] GC(1733) PSYoungGen: 287808K(308736K)->64K(311808K) Eden: 287744K(287744K)->0K(291840K) From: 64K(20992K)->64K(19968K)
[630.736s][info][gc,heap        ] GC(1733) ParOldGen: 519509K(519680K)->519509K(519680K)
[630.736s][info][gc,metaspace   ] GC(1733) Metaspace: 35603K(36288K)->35603K(36288K) NonClass: 29330K(29824K)->29330K(29824K) Class: 6273K(6464K)->6273K(6464K)
[630.736s][info][gc             ] GC(1733) Pause Young (Allocation Failure) 788M->507M(812M) 1.740ms
[630.736s][info][gc,cpu         ] GC(1733) User=0.00s Sys=0.00s Real=0.00s
[630.789s][info][gc,start       ] GC(1734) Pause Young (Allocation Failure)
[630.791s][info][gc,heap        ] GC(1734) PSYoungGen: 291904K(311808K)->64K(310784K) Eden: 291840K(291840K)->0K(291840K) From: 64K(19968K)->64K(18944K)
[630.791s][info][gc,heap        ] GC(1734) ParOldGen: 519509K(519680K)->519525K(519680K)
[630.791s][info][gc,metaspace   ] GC(1734) Metaspace: 35603K(36288K)->35603K(36288K) NonClass: 29330K(29824K)->29330K(29824K) Class: 6273K(6464K)->6273K(6464K)
[630.791s][info][gc             ] GC(1734) Pause Young (Allocation Failure) 792M->507M(811M) 1.721ms
[630.791s][info][gc,cpu         ] GC(1734) User=0.00s Sys=0.00s Real=0.00s
[630.851s][info][gc,start       ] GC(1735) Pause Young (Allocation Failure)
[630.853s][info][gc,heap        ] GC(1735) PSYoungGen: 291904K(310784K)->64K(313856K) Eden: 291840K(291840K)->0K(295936K) From: 64K(18944K)->64K(17920K)
[630.853s][info][gc,heap        ] GC(1735) ParOldGen: 519525K(519680K)->519525K(519680K)
[630.853s][info][gc,metaspace   ] GC(1735) Metaspace: 35603K(36288K)->35603K(36288K) NonClass: 29330K(29824K)->29330K(29824K) Class: 6273K(6464K)->6273K(6464K)
[630.853s][info][gc             ] GC(1735) Pause Young (Allocation Failure) 792M->507M(814M) 1.747ms
[630.853s][info][gc,cpu         ] GC(1735) User=0.00s Sys=0.00s Real=0.00s
[631.067s][info][gc,start       ] GC(1736) Pause Young (Allocation Failure)
[631.069s][info][gc,heap        ] GC(1736) PSYoungGen: 296000K(313856K)->64K(312832K) Eden: 295936K(295936K)->0K(295936K) From: 64K(17920K)->64K(16896K)
[631.069s][info][gc,heap        ] GC(1736) ParOldGen: 519525K(519680K)->519541K(519680K)
[631.069s][info][gc,metaspace   ] GC(1736) Metaspace: 35603K(36288K)->35603K(36288K) NonClass: 29330K(29824K)->29330K(29824K) Class: 6273K(6464K)->6273K(6464K)
[631.069s][info][gc             ] GC(1736) Pause Young (Allocation Failure) 796M->507M(813M) 1.816ms
[631.069s][info][gc,cpu         ] GC(1736) User=0.01s Sys=0.00s Real=0.00s
[631.280s][info][gc,start       ] GC(1737) Pause Young (Allocation Failure)
[631.282s][info][gc,heap        ] GC(1737) PSYoungGen: 296000K(312832K)->64K(315904K) Eden: 295936K(295936K)->0K(300032K) From: 64K(16896K)->64K(15872K)
[631.282s][info][gc,heap        ] GC(1737) ParOldGen: 519541K(519680K)->519541K(519680K)
[631.282s][info][gc,metaspace   ] GC(1737) Metaspace: 35603K(36288K)->35603K(36288K) NonClass: 29330K(29824K)->29330K(29824K) Class: 6273K(6464K)->6273K(6464K)
[631.282s][info][gc             ] GC(1737) Pause Young (Allocation Failure) 796M->507M(816M) 1.829ms
[631.282s][info][gc,cpu         ] GC(1737) User=0.00s Sys=0.00s Real=0.00s
[631.375s][info][gc,start       ] GC(1738) Pause Young (Allocation Failure)
[631.377s][info][gc,heap        ] GC(1738) PSYoungGen: 300096K(315904K)->64K(315392K) Eden: 300032K(300032K)->0K(300032K) From: 64K(15872K)->64K(15360K)
[631.377s][info][gc,heap        ] GC(1738) ParOldGen: 519541K(519680K)->519549K(519680K)
[631.377s][info][gc,metaspace   ] GC(1738) Metaspace: 35603K(36288K)->35603K(36288K) NonClass: 29330K(29824K)->29330K(29824K) Class: 6273K(6464K)->6273K(6464K)
[631.377s][info][gc             ] GC(1738) Pause Young (Allocation Failure) 800M->507M(815M) 1.772ms
[631.377s][info][gc,cpu         ] GC(1738) User=0.01s Sys=0.00s Real=0.01s
[631.498s][info][gc,start       ] GC(1739) Pause Young (Allocation Failure)
[631.500s][info][gc,heap        ] GC(1739) PSYoungGen: 300096K(315392K)->64K(317440K) Eden: 300032K(300032K)->0K(303616K) From: 64K(15360K)->64K(13824K)
[631.500s][info][gc,heap        ] GC(1739) ParOldGen: 519549K(519680K)->519557K(519680K)
[631.500s][info][gc,metaspace   ] GC(1739) Metaspace: 35603K(36288K)->35603K(36288K) NonClass: 29330K(29824K)->29330K(29824K) Class: 6273K(6464K)->6273K(6464K)
[631.500s][info][gc             ] GC(1739) Pause Young (Allocation Failure) 800M->507M(817M) 1.912ms
[631.500s][info][gc,cpu         ] GC(1739) User=0.00s Sys=0.00s Real=0.00s
[631.876s][info][gc,start       ] GC(1740) Pause Young (Allocation Failure)
[631.877s][info][gc,heap        ] GC(1740) PSYoungGen: 303680K(317440K)->64K(316928K) Eden: 303616K(303616K)->0K(303616K) From: 64K(13824K)->64K(13312K)
[631.877s][info][gc,heap        ] GC(1740) ParOldGen: 519557K(519680K)->519565K(519680K)
[631.877s][info][gc,metaspace   ] GC(1740) Metaspace: 35603K(36288K)->35603K(36288K) NonClass: 29330K(29824K)->29330K(29824K) Class: 6273K(6464K)->6273K(6464K)
[631.878s][info][gc             ] GC(1740) Pause Young (Allocation Failure) 803M->507M(817M) 1.818ms
[631.878s][info][gc,cpu         ] GC(1740) User=0.00s Sys=0.00s Real=0.01s
[632.611s][info][gc,start       ] GC(1741) Pause Young (Allocation Failure)
[632.613s][info][gc,heap        ] GC(1741) PSYoungGen: 303680K(316928K)->64K(319488K) Eden: 303616K(303616K)->0K(307200K) From: 64K(13312K)->64K(12288K)
[632.613s][info][gc,heap        ] GC(1741) ParOldGen: 519565K(519680K)->519573K(519680K)
[632.613s][info][gc,metaspace   ] GC(1741) Metaspace: 35603K(36288K)->35603K(36288K) NonClass: 29330K(29824K)->29330K(29824K) Class: 6273K(6464K)->6273K(6464K)
[632.613s][info][gc             ] GC(1741) Pause Young (Allocation Failure) 803M->507M(819M) 1.797ms
[632.613s][info][gc,cpu         ] GC(1741) User=0.00s Sys=0.00s Real=0.00s
[633.594s][info][gc,start       ] GC(1742) Pause Young (Allocation Failure)
[633.596s][info][gc,heap        ] GC(1742) PSYoungGen: 307264K(319488K)->64K(295424K) Eden: 307200K(307200K)->0K(294912K) From: 64K(12288K)->64K(512K)
[633.596s][info][gc,heap        ] GC(1742) ParOldGen: 519573K(519680K)->519581K(519680K)
[633.596s][info][gc,metaspace   ] GC(1742) Metaspace: 35603K(36288K)->35603K(36288K) NonClass: 29330K(29824K)->29330K(29824K) Class: 6273K(6464K)->6273K(6464K)
[633.596s][info][gc             ] GC(1742) Pause Young (Allocation Failure) 807M->507M(796M) 1.884ms
[633.596s][info][gc,cpu         ] GC(1742) User=0.00s Sys=0.00s Real=0.01s
[634.068s][info][gc,start       ] GC(1743) Pause Young (Allocation Failure)
[634.071s][info][gc,heap        ] GC(1743) PSYoungGen: 294976K(295424K)->64K(283648K) Eden: 294912K(294912K)->0K(283136K) From: 64K(512K)->64K(512K)
[634.071s][info][gc,heap        ] GC(1743) ParOldGen: 519581K(519680K)->519597K(519680K)
[634.071s][info][gc,metaspace   ] GC(1743) Metaspace: 35603K(36288K)->35603K(36288K) NonClass: 29330K(29824K)->29330K(29824K) Class: 6273K(6464K)->6273K(6464K)
[634.071s][info][gc             ] GC(1743) Pause Young (Allocation Failure) 795M->507M(784M) 2.741ms
[634.071s][info][gc,cpu         ] GC(1743) User=0.00s Sys=0.00s Real=0.00s
[635.060s][info][gc,start       ] GC(1744) Pause Young (Allocation Failure)
[635.062s][info][gc,heap        ] GC(1744) PSYoungGen: 283200K(283648K)->64K(282112K) Eden: 283136K(283136K)->0K(271872K) From: 64K(512K)->64K(10240K)
[635.063s][info][gc,heap        ] GC(1744) ParOldGen: 519597K(519680K)->519605K(519680K)
[635.063s][info][gc,metaspace   ] GC(1744) Metaspace: 35603K(36288K)->35603K(36288K) NonClass: 29330K(29824K)->29330K(29824K) Class: 6273K(6464K)->6273K(6464K)
[635.063s][info][gc             ] GC(1744) Pause Young (Allocation Failure) 783M->507M(783M) 2.420ms
[635.063s][info][gc,cpu         ] GC(1744) User=0.01s Sys=0.00s Real=0.00s
[635.472s][info][gc,start       ] GC(1745) Pause Young (Allocation Failure)
[635.475s][info][gc,heap        ] GC(1745) PSYoungGen: 271936K(282112K)->32K(261632K) Eden: 271872K(271872K)->0K(261120K) From: 64K(10240K)->32K(512K)
[635.475s][info][gc,heap        ] GC(1745) ParOldGen: 519605K(519680K)->519621K(519680K)
[635.475s][info][gc,metaspace   ] GC(1745) Metaspace: 35603K(36288K)->35603K(36288K) NonClass: 29330K(29824K)->29330K(29824K) Class: 6273K(6464K)->6273K(6464K)
[635.475s][info][gc             ] GC(1745) Pause Young (Allocation Failure) 772M->507M(763M) 3.536ms
[635.475s][info][gc,cpu         ] GC(1745) User=0.00s Sys=0.01s Real=0.00s
[635.666s][info][gc,start       ] GC(1746) Pause Young (Allocation Failure)
[635.668s][info][gc,heap        ] GC(1746) PSYoungGen: 261152K(261632K)->64K(259584K) Eden: 261120K(261120K)->0K(250880K) From: 32K(512K)->64K(8704K)
[635.668s][info][gc,heap        ] GC(1746) ParOldGen: 519621K(519680K)->519629K(519680K)
[635.668s][info][gc,metaspace   ] GC(1746) Metaspace: 35603K(36288K)->35603K(36288K) NonClass: 29330K(29824K)->29330K(29824K) Class: 6273K(6464K)->6273K(6464K)
[635.668s][info][gc             ] GC(1746) Pause Young (Allocation Failure) 762M->507M(761M) 2.115ms
[635.668s][info][gc,cpu         ] GC(1746) User=0.00s Sys=0.00s Real=0.00s
[635.788s][info][gc,start       ] GC(1747) Pause Young (Allocation Failure)
[635.791s][info][gc,heap        ] GC(1747) PSYoungGen: 250944K(259584K)->64K(241664K) Eden: 250880K(250880K)->0K(241152K) From: 64K(8704K)->64K(512K)
[635.791s][info][gc,heap        ] GC(1747) ParOldGen: 519629K(519680K)->519637K(519680K)
[635.791s][info][gc,metaspace   ] GC(1747) Metaspace: 35603K(36288K)->35603K(36288K) NonClass: 29330K(29824K)->29330K(29824K) Class: 6273K(6464K)->6273K(6464K)
[635.791s][info][gc             ] GC(1747) Pause Young (Allocation Failure) 752M->507M(743M) 2.302ms
[635.791s][info][gc,cpu         ] GC(1747) User=0.00s Sys=0.00s Real=0.00s
[636.400s][info][gc,start       ] GC(1748) Pause Young (Allocation Failure)
[636.401s][info][gc,heap        ] GC(1748) PSYoungGen: 241216K(241664K)->64K(239616K) Eden: 241152K(241152K)->0K(231936K) From: 64K(512K)->64K(7680K)
[636.401s][info][gc,heap        ] GC(1748) ParOldGen: 519637K(519680K)->519645K(519680K)
[636.401s][info][gc,metaspace   ] GC(1748) Metaspace: 35603K(36288K)->35603K(36288K) NonClass: 29330K(29824K)->29330K(29824K) Class: 6273K(6464K)->6273K(6464K)
[636.401s][info][gc             ] GC(1748) Pause Young (Allocation Failure) 743M->507M(741M) 1.923ms
[636.401s][info][gc,cpu         ] GC(1748) User=0.00s Sys=0.00s Real=0.00s
[636.661s][info][gc,start       ] GC(1749) Pause Young (Allocation Failure)
[636.664s][info][gc,heap        ] GC(1749) PSYoungGen: 232000K(239616K)->64K(223744K) Eden: 231936K(231936K)->0K(223232K) From: 64K(7680K)->64K(512K)
[636.664s][info][gc,heap        ] GC(1749) ParOldGen: 519645K(519680K)->519653K(519680K)
[636.664s][info][gc,metaspace   ] GC(1749) Metaspace: 35603K(36288K)->35603K(36288K) NonClass: 29330K(29824K)->29330K(29824K) Class: 6273K(6464K)->6273K(6464K)
[636.664s][info][gc             ] GC(1749) Pause Young (Allocation Failure) 734M->507M(726M) 2.966ms
[636.664s][info][gc,cpu         ] GC(1749) User=0.00s Sys=0.00s Real=0.00s
[636.972s][info][gc,start       ] GC(1750) Pause Young (Allocation Failure)
[637.013s][info][gc,heap        ] GC(1750) PSYoungGen: 223296K(223744K)->6656K(273408K) Eden: 223232K(223232K)->0K(266752K) From: 64K(512K)->6656K(6656K)
[637.013s][info][gc,heap        ] GC(1750) ParOldGen: 519653K(519680K)->531517K(531968K)
[637.013s][info][gc,metaspace   ] GC(1750) Metaspace: 35603K(36288K)->35603K(36288K) NonClass: 29330K(29824K)->29330K(29824K) Class: 6273K(6464K)->6273K(6464K)
[637.013s][info][gc             ] GC(1750) Pause Young (Allocation Failure) 725M->525M(786M) 40.698ms
[637.013s][info][gc,cpu         ] GC(1750) User=0.06s Sys=0.01s Real=0.04s
[637.314s][info][gc,start       ] GC(1751) Pause Young (Allocation Failure)
[637.376s][info][gc,heap        ] GC(1751) PSYoungGen: 273408K(273408K)->12800K(270848K) Eden: 266752K(266752K)->0K(258048K) From: 6656K(6656K)->12800K(12800K)
[637.376s][info][gc,heap        ] GC(1751) ParOldGen: 531517K(531968K)->547597K(547840K)
[637.376s][info][gc,metaspace   ] GC(1751) Metaspace: 35603K(36288K)->35603K(36288K) NonClass: 29330K(29824K)->29330K(29824K) Class: 6273K(6464K)->6273K(6464K)
[637.376s][info][gc             ] GC(1751) Pause Young (Allocation Failure) 786M->547M(799M) 62.309ms
[637.376s][info][gc,cpu         ] GC(1751) User=0.11s Sys=0.01s Real=0.07s
[637.624s][info][gc,start       ] GC(1752) Pause Young (Allocation Failure)
[637.664s][info][gc,heap        ] GC(1752) PSYoungGen: 270848K(270848K)->21504K(279552K) Eden: 258048K(258048K)->0K(258048K) From: 12800K(12800K)->21504K(21504K)
[637.664s][info][gc,heap        ] GC(1752) ParOldGen: 547597K(547840K)->548653K(548864K)
[637.664s][info][gc,metaspace   ] GC(1752) Metaspace: 35603K(36288K)->35603K(36288K) NonClass: 29330K(29824K)->29330K(29824K) Class: 6273K(6464K)->6273K(6464K)
[637.664s][info][gc             ] GC(1752) Pause Young (Allocation Failure) 799M->556M(809M) 39.645ms
[637.664s][info][gc,cpu         ] GC(1752) User=0.08s Sys=0.00s Real=0.04s
[637.771s][info][gc,start       ] GC(1753) Pause Young (Allocation Failure)
[637.773s][info][gc,heap        ] GC(1753) PSYoungGen: 279552K(279552K)->64K(308224K) Eden: 258048K(258048K)->0K(282112K) From: 21504K(21504K)->64K(26112K)
[637.773s][info][gc,heap        ] GC(1753) ParOldGen: 548653K(548864K)->548677K(548864K)
[637.773s][info][gc,metaspace   ] GC(1753) Metaspace: 35603K(36288K)->35603K(36288K) NonClass: 29330K(29824K)->29330K(29824K) Class: 6273K(6464K)->6273K(6464K)
[637.773s][info][gc             ] GC(1753) Pause Young (Allocation Failure) 808M->535M(837M) 1.976ms
[637.773s][info][gc,cpu         ] GC(1753) User=0.01s Sys=0.00s Real=0.00s
[638.480s][info][gc,start       ] GC(1754) Pause Young (Allocation Failure)
[638.482s][info][gc,heap        ] GC(1754) PSYoungGen: 282176K(308224K)->64K(282624K) Eden: 282112K(282112K)->0K(282112K) From: 64K(26112K)->64K(512K)
[638.482s][info][gc,heap        ] GC(1754) ParOldGen: 548677K(548864K)->548693K(548864K)
[638.482s][info][gc,metaspace   ] GC(1754) Metaspace: 35603K(36288K)->35603K(36288K) NonClass: 29330K(29824K)->29330K(29824K) Class: 6273K(6464K)->6273K(6464K)
[638.482s][info][gc             ] GC(1754) Pause Young (Allocation Failure) 811M->535M(812M) 1.880ms
[638.482s][info][gc,cpu         ] GC(1754) User=0.00s Sys=0.00s Real=0.00s
[638.819s][info][gc,start       ] GC(1755) Pause Young (Allocation Failure)
[638.821s][info][gc,heap        ] GC(1755) PSYoungGen: 282176K(282624K)->64K(307712K) Eden: 282112K(282112K)->0K(283136K) From: 64K(512K)->64K(24576K)
[638.821s][info][gc,heap        ] GC(1755) ParOldGen: 548693K(548864K)->548701K(548864K)
[638.821s][info][gc,metaspace   ] GC(1755) Metaspace: 35618K(36288K)->35618K(36288K) NonClass: 29345K(29824K)->29345K(29824K) Class: 6273K(6464K)->6273K(6464K)
[638.821s][info][gc             ] GC(1755) Pause Young (Allocation Failure) 811M->535M(836M) 1.942ms
[638.821s][info][gc,cpu         ] GC(1755) User=0.01s Sys=0.00s Real=0.00s
[639.258s][info][gc,start       ] GC(1756) Pause Young (Allocation Failure)
[639.260s][info][gc,heap        ] GC(1756) PSYoungGen: 283200K(307712K)->64K(306688K) Eden: 283136K(283136K)->0K(283136K) From: 64K(24576K)->64K(23552K)
[639.260s][info][gc,heap        ] GC(1756) ParOldGen: 548701K(548864K)->548717K(548864K)
[639.260s][info][gc,metaspace   ] GC(1756) Metaspace: 35618K(36288K)->35618K(36288K) NonClass: 29345K(29824K)->29345K(29824K) Class: 6273K(6464K)->6273K(6464K)
[639.260s][info][gc             ] GC(1756) Pause Young (Allocation Failure) 812M->535M(835M) 1.908ms
[639.260s][info][gc,cpu         ] GC(1756) User=0.01s Sys=0.00s Real=0.00s
[639.483s][info][gc,start       ] GC(1757) Pause Young (Allocation Failure)
[639.484s][info][gc,heap        ] GC(1757) PSYoungGen: 283200K(306688K)->64K(309248K) Eden: 283136K(283136K)->0K(286720K) From: 64K(23552K)->64K(22528K)
[639.484s][info][gc,heap        ] GC(1757) ParOldGen: 548717K(548864K)->548733K(548864K)
[639.484s][info][gc,metaspace   ] GC(1757) Metaspace: 35618K(36288K)->35618K(36288K) NonClass: 29345K(29824K)->29345K(29824K) Class: 6273K(6464K)->6273K(6464K)
[639.484s][info][gc             ] GC(1757) Pause Young (Allocation Failure) 812M->535M(838M) 1.824ms
[639.484s][info][gc,cpu         ] GC(1757) User=0.00s Sys=0.00s Real=0.00s
[639.711s][info][gc,start       ] GC(1758) Pause Young (Allocation Failure)
[639.713s][info][gc,heap        ] GC(1758) PSYoungGen: 286784K(309248K)->64K(308224K) Eden: 286720K(286720K)->0K(286720K) From: 64K(22528K)->64K(21504K)
[639.713s][info][gc,heap        ] GC(1758) ParOldGen: 548733K(548864K)->548733K(548864K)
[639.713s][info][gc,metaspace   ] GC(1758) Metaspace: 35618K(36288K)->35618K(36288K) NonClass: 29345K(29824K)->29345K(29824K) Class: 6273K(6464K)->6273K(6464K)
[639.713s][info][gc             ] GC(1758) Pause Young (Allocation Failure) 815M->535M(837M) 1.781ms
[639.713s][info][gc,cpu         ] GC(1758) User=0.00s Sys=0.00s Real=0.00s
[640.041s][info][gc,start       ] GC(1759) Pause Young (Allocation Failure)
[640.043s][info][gc,heap        ] GC(1759) PSYoungGen: 286784K(308224K)->64K(311296K) Eden: 286720K(286720K)->0K(290816K) From: 64K(21504K)->64K(20480K)
[640.043s][info][gc,heap        ] GC(1759) ParOldGen: 548733K(548864K)->548733K(548864K)
[640.043s][info][gc,metaspace   ] GC(1759) Metaspace: 35618K(36288K)->35618K(36288K) NonClass: 29345K(29824K)->29345K(29824K) Class: 6273K(6464K)->6273K(6464K)
[640.043s][info][gc             ] GC(1759) Pause Young (Allocation Failure) 815M->535M(840M) 1.854ms
[640.043s][info][gc,cpu         ] GC(1759) User=0.00s Sys=0.00s Real=0.00s
[640.097s][info][gc,start       ] GC(1760) Pause Young (Allocation Failure)
[640.099s][info][gc,heap        ] GC(1760) PSYoungGen: 290880K(311296K)->64K(310272K) Eden: 290816K(290816K)->0K(290816K) From: 64K(20480K)->64K(19456K)
[640.099s][info][gc,heap        ] GC(1760) ParOldGen: 548733K(548864K)->548749K(548864K)
[640.099s][info][gc,metaspace   ] GC(1760) Metaspace: 35618K(36288K)->35618K(36288K) NonClass: 29345K(29824K)->29345K(29824K) Class: 6273K(6464K)->6273K(6464K)
[640.099s][info][gc             ] GC(1760) Pause Young (Allocation Failure) 819M->535M(839M) 1.807ms
[640.099s][info][gc,cpu         ] GC(1760) User=0.01s Sys=0.00s Real=0.00s
[640.152s][info][gc,start       ] GC(1761) Pause Young (Allocation Failure)
[640.154s][info][gc,heap        ] GC(1761) PSYoungGen: 290880K(310272K)->64K(313344K) Eden: 290816K(290816K)->0K(294912K) From: 64K(19456K)->64K(18432K)
[640.154s][info][gc,heap        ] GC(1761) ParOldGen: 548749K(548864K)->548749K(548864K)
[640.154s][info][gc,metaspace   ] GC(1761) Metaspace: 35618K(36288K)->35618K(36288K) NonClass: 29345K(29824K)->29345K(29824K) Class: 6273K(6464K)->6273K(6464K)
[640.154s][info][gc             ] GC(1761) Pause Young (Allocation Failure) 819M->535M(842M) 1.811ms
[640.154s][info][gc,cpu         ] GC(1761) User=0.00s Sys=0.00s Real=0.00s
[640.358s][info][gc,start       ] GC(1762) Pause Young (Allocation Failure)
[640.360s][info][gc,heap        ] GC(1762) PSYoungGen: 294976K(313344K)->64K(312320K) Eden: 294912K(294912K)->0K(294912K) From: 64K(18432K)->64K(17408K)
[640.360s][info][gc,heap        ] GC(1762) ParOldGen: 548749K(548864K)->548749K(548864K)
[640.360s][info][gc,metaspace   ] GC(1762) Metaspace: 35618K(36288K)->35618K(36288K) NonClass: 29345K(29824K)->29345K(29824K) Class: 6273K(6464K)->6273K(6464K)
[640.360s][info][gc             ] GC(1762) Pause Young (Allocation Failure) 823M->535M(841M) 1.822ms
[640.360s][info][gc,cpu         ] GC(1762) User=0.01s Sys=0.00s Real=0.00s
[640.570s][info][gc,start       ] GC(1763) Pause Young (Allocation Failure)
[640.572s][info][gc,heap        ] GC(1763) PSYoungGen: 294976K(312320K)->64K(315392K) Eden: 294912K(294912K)->0K(299008K) From: 64K(17408K)->64K(16384K)
[640.572s][info][gc,heap        ] GC(1763) ParOldGen: 548749K(548864K)->548757K(548864K)
[640.572s][info][gc,metaspace   ] GC(1763) Metaspace: 35618K(36288K)->35618K(36288K) NonClass: 29345K(29824K)->29345K(29824K) Class: 6273K(6464K)->6273K(6464K)
[640.572s][info][gc             ] GC(1763) Pause Young (Allocation Failure) 823M->535M(844M) 1.833ms
[640.572s][info][gc,cpu         ] GC(1763) User=0.00s Sys=0.00s Real=0.00s
[640.680s][info][gc,start       ] GC(1764) Pause Young (Allocation Failure)
[640.682s][info][gc,heap        ] GC(1764) PSYoungGen: 299072K(315392K)->64K(314368K) Eden: 299008K(299008K)->0K(299008K) From: 64K(16384K)->64K(15360K)
[640.682s][info][gc,heap        ] GC(1764) ParOldGen: 548757K(548864K)->548765K(548864K)
[640.682s][info][gc,metaspace   ] GC(1764) Metaspace: 35618K(36288K)->35618K(36288K) NonClass: 29345K(29824K)->29345K(29824K) Class: 6273K(6464K)->6273K(6464K)
[640.682s][info][gc             ] GC(1764) Pause Young (Allocation Failure) 827M->535M(843M) 1.869ms
[640.682s][info][gc,cpu         ] GC(1764) User=0.01s Sys=0.00s Real=0.00s
[640.787s][info][gc,start       ] GC(1765) Pause Young (Allocation Failure)
[640.789s][info][gc,heap        ] GC(1765) PSYoungGen: 299072K(314368K)->64K(316928K) Eden: 299008K(299008K)->0K(302592K) From: 64K(15360K)->64K(14336K)
[640.789s][info][gc,heap        ] GC(1765) ParOldGen: 548765K(548864K)->548773K(548864K)
[640.789s][info][gc,metaspace   ] GC(1765) Metaspace: 35618K(36288K)->35618K(36288K) NonClass: 29345K(29824K)->29345K(29824K) Class: 6273K(6464K)->6273K(6464K)
[640.789s][info][gc             ] GC(1765) Pause Young (Allocation Failure) 827M->535M(845M) 1.833ms
[640.789s][info][gc,cpu         ] GC(1765) User=0.00s Sys=0.00s Real=0.00s
[641.038s][info][gc,start       ] GC(1766) Pause Young (Allocation Failure)
[641.040s][info][gc,heap        ] GC(1766) PSYoungGen: 302656K(316928K)->64K(316416K) Eden: 302592K(302592K)->0K(302592K) From: 64K(14336K)->64K(13824K)
[641.040s][info][gc,heap        ] GC(1766) ParOldGen: 548773K(548864K)->548781K(548864K)
[641.040s][info][gc,metaspace   ] GC(1766) Metaspace: 35618K(36288K)->35618K(36288K) NonClass: 29345K(29824K)->29345K(29824K) Class: 6273K(6464K)->6273K(6464K)
[641.040s][info][gc             ] GC(1766) Pause Young (Allocation Failure) 831M->535M(845M) 1.876ms
[641.040s][info][gc,cpu         ] GC(1766) User=0.00s Sys=0.00s Real=0.00s
[641.912s][info][gc,start       ] GC(1767) Pause Young (Allocation Failure)
[641.914s][info][gc,heap        ] GC(1767) PSYoungGen: 302656K(316416K)->83K(318976K) Eden: 302592K(302592K)->0K(306688K) From: 64K(13824K)->83K(12288K)
[641.914s][info][gc,heap        ] GC(1767) ParOldGen: 548781K(548864K)->548789K(548864K)
[641.914s][info][gc,metaspace   ] GC(1767) Metaspace: 35618K(36288K)->35618K(36288K) NonClass: 29345K(29824K)->29345K(29824K) Class: 6273K(6464K)->6273K(6464K)
[641.914s][info][gc             ] GC(1767) Pause Young (Allocation Failure) 831M->536M(847M) 1.873ms
[641.914s][info][gc,cpu         ] GC(1767) User=0.00s Sys=0.00s Real=0.00s
[642.869s][info][gc,start       ] GC(1768) Pause Young (Allocation Failure)
[642.871s][info][gc,heap        ] GC(1768) PSYoungGen: 306771K(318976K)->64K(294912K) Eden: 306688K(306688K)->0K(294400K) From: 83K(12288K)->64K(512K)
[642.871s][info][gc,heap        ] GC(1768) ParOldGen: 548789K(548864K)->548797K(548864K)
[642.871s][info][gc,metaspace   ] GC(1768) Metaspace: 35618K(36288K)->35618K(36288K) NonClass: 29345K(29824K)->29345K(29824K) Class: 6273K(6464K)->6273K(6464K)
[642.871s][info][gc             ] GC(1768) Pause Young (Allocation Failure) 835M->535M(824M) 1.917ms
[642.871s][info][gc,cpu         ] GC(1768) User=0.01s Sys=0.00s Real=0.00s
[643.297s][info][gc,start       ] GC(1769) Pause Young (Allocation Failure)
[643.298s][info][gc,heap        ] GC(1769) PSYoungGen: 294464K(294912K)->64K(283136K) Eden: 294400K(294400K)->0K(282624K) From: 64K(512K)->64K(512K)
[643.299s][info][gc,heap        ] GC(1769) ParOldGen: 548797K(548864K)->548805K(548864K)
[643.299s][info][gc,metaspace   ] GC(1769) Metaspace: 35618K(36288K)->35618K(36288K) NonClass: 29345K(29824K)->29345K(29824K) Class: 6273K(6464K)->6273K(6464K)
[643.299s][info][gc             ] GC(1769) Pause Young (Allocation Failure) 823M->536M(812M) 1.893ms
[643.299s][info][gc,cpu         ] GC(1769) User=0.00s Sys=0.01s Real=0.00s
[644.345s][info][gc,start       ] GC(1770) Pause Young (Allocation Failure)
[644.347s][info][gc,heap        ] GC(1770) PSYoungGen: 282688K(283136K)->64K(281600K) Eden: 282624K(282624K)->0K(271360K) From: 64K(512K)->64K(10240K)
[644.347s][info][gc,heap        ] GC(1770) ParOldGen: 548805K(548864K)->548813K(548864K)
[644.347s][info][gc,metaspace   ] GC(1770) Metaspace: 35618K(36288K)->35618K(36288K) NonClass: 29345K(29824K)->29345K(29824K) Class: 6273K(6464K)->6273K(6464K)
[644.347s][info][gc             ] GC(1770) Pause Young (Allocation Failure) 812M->536M(811M) 1.886ms
[644.347s][info][gc,cpu         ] GC(1770) User=0.00s Sys=0.00s Real=0.01s
[644.590s][info][gc,start       ] GC(1771) Pause Young (Allocation Failure)
[644.594s][info][gc,heap        ] GC(1771) PSYoungGen: 271424K(281600K)->64K(261120K) Eden: 271360K(271360K)->0K(260608K) From: 64K(10240K)->64K(512K)
[644.594s][info][gc,heap        ] GC(1771) ParOldGen: 548813K(548864K)->548821K(548864K)
[644.594s][info][gc,metaspace   ] GC(1771) Metaspace: 35618K(36288K)->35618K(36288K) NonClass: 29345K(29824K)->29345K(29824K) Class: 6273K(6464K)->6273K(6464K)
[644.594s][info][gc             ] GC(1771) Pause Young (Allocation Failure) 801M->536M(791M) 3.989ms
[644.594s][info][gc,cpu         ] GC(1771) User=0.00s Sys=0.00s Real=0.00s
[644.979s][info][gc,start       ] GC(1772) Pause Young (Allocation Failure)
[644.982s][info][gc,heap        ] GC(1772) PSYoungGen: 260672K(261120K)->64K(259584K) Eden: 260608K(260608K)->0K(250368K) From: 64K(512K)->64K(9216K)
[644.982s][info][gc,heap        ] GC(1772) ParOldGen: 548821K(548864K)->548837K(548864K)
[644.982s][info][gc,metaspace   ] GC(1772) Metaspace: 35618K(36288K)->35618K(36288K) NonClass: 29345K(29824K)->29345K(29824K) Class: 6273K(6464K)->6273K(6464K)
[644.982s][info][gc             ] GC(1772) Pause Young (Allocation Failure) 790M->536M(789M) 3.401ms
[644.982s][info][gc,cpu         ] GC(1772) User=0.00s Sys=0.00s Real=0.00s
[645.074s][info][gc,start       ] GC(1773) Pause Young (Allocation Failure)
[645.078s][info][gc,heap        ] GC(1773) PSYoungGen: 250432K(259584K)->64K(291328K) Eden: 250368K(250368K)->0K(283136K) From: 64K(9216K)->64K(8192K)
[645.078s][info][gc,heap        ] GC(1773) ParOldGen: 548837K(548864K)->548853K(548864K)
[645.078s][info][gc,metaspace   ] GC(1773) Metaspace: 35618K(36288K)->35618K(36288K) NonClass: 29345K(29824K)->29345K(29824K) Class: 6273K(6464K)->6273K(6464K)
[645.078s][info][gc             ] GC(1773) Pause Young (Allocation Failure) 780M->536M(820M) 3.510ms
[645.078s][info][gc,cpu         ] GC(1773) User=0.00s Sys=0.00s Real=0.01s
[645.731s][info][gc,start       ] GC(1774) Pause Young (Allocation Failure)
[645.735s][info][gc,heap        ] GC(1774) PSYoungGen: 283200K(291328K)->32K(290816K) Eden: 283136K(283136K)->0K(283136K) From: 64K(8192K)->32K(7680K)
[645.735s][info][gc,heap        ] GC(1774) ParOldGen: 548853K(548864K)->548861K(548864K)
[645.735s][info][gc,metaspace   ] GC(1774) Metaspace: 35618K(36288K)->35618K(36288K) NonClass: 29345K(29824K)->29345K(29824K) Class: 6273K(6464K)->6273K(6464K)
[645.735s][info][gc             ] GC(1774) Pause Young (Allocation Failure) 812M->536M(820M) 3.329ms
[645.735s][info][gc,cpu         ] GC(1774) User=0.00s Sys=0.00s Real=0.00s
[646.108s][info][gc,start       ] GC(1775) Pause Young (Allocation Failure)
[646.111s][info][gc,heap        ] GC(1775) PSYoungGen: 283168K(290816K)->320K(325632K) Eden: 283136K(283136K)->0K(318464K) From: 32K(7680K)->320K(7168K)
[646.111s][info][gc,heap        ] GC(1775) ParOldGen: 548861K(548864K)->548877K(549376K)
[646.111s][info][gc,metaspace   ] GC(1775) Metaspace: 35618K(36288K)->35618K(36288K) NonClass: 29345K(29824K)->29345K(29824K) Class: 6273K(6464K)->6273K(6464K)
[646.111s][info][gc             ] GC(1775) Pause Young (Allocation Failure) 812M->536M(854M) 2.387ms
[646.111s][info][gc,cpu         ] GC(1775) User=0.00s Sys=0.00s Real=0.00s
[646.488s][info][gc,start       ] GC(1776) Pause Young (Allocation Failure)
[646.564s][info][gc,heap        ] GC(1776) PSYoungGen: 318784K(325632K)->6656K(325120K) Eden: 318464K(318464K)->0K(318464K) From: 320K(7168K)->6656K(6656K)
[646.564s][info][gc,heap        ] GC(1776) ParOldGen: 548877K(549376K)->576197K(576512K)
[646.564s][info][gc,metaspace   ] GC(1776) Metaspace: 35618K(36288K)->35618K(36288K) NonClass: 29345K(29824K)->29345K(29824K) Class: 6273K(6464K)->6273K(6464K)
[646.564s][info][gc             ] GC(1776) Pause Young (Allocation Failure) 847M->569M(880M) 75.452ms
[646.564s][info][gc,cpu         ] GC(1776) User=0.13s Sys=0.02s Real=0.07s
[646.920s][info][gc,start       ] GC(1777) Pause Young (Allocation Failure)
[647.001s][info][gc,heap        ] GC(1777) PSYoungGen: 325120K(325120K)->8704K(285184K) Eden: 318464K(318464K)->0K(276480K) From: 6656K(6656K)->8704K(8704K)
[647.001s][info][gc,heap        ] GC(1777) ParOldGen: 576197K(576512K)->602485K(602624K)
[647.001s][info][gc,metaspace   ] GC(1777) Metaspace: 35618K(36288K)->35618K(36288K) NonClass: 29345K(29824K)->29345K(29824K) Class: 6273K(6464K)->6273K(6464K)
[647.001s][info][gc             ] GC(1777) Pause Young (Allocation Failure) 880M->596M(867M) 81.045ms
[647.001s][info][gc,cpu         ] GC(1777) User=0.15s Sys=0.02s Real=0.08s
[647.102s][info][gc,start       ] GC(1778) Pause Young (Allocation Failure)
[647.113s][info][gc,heap        ] GC(1778) PSYoungGen: 285184K(285184K)->800K(305152K) Eden: 276480K(276480K)->0K(276480K) From: 8704K(8704K)->800K(28672K)
[647.113s][info][gc,heap        ] GC(1778) ParOldGen: 602485K(602624K)->603445K(603648K)
[647.113s][info][gc,metaspace   ] GC(1778) Metaspace: 35618K(36288K)->35618K(36288K) NonClass: 29345K(29824K)->29345K(29824K) Class: 6273K(6464K)->6273K(6464K)
[647.113s][info][gc             ] GC(1778) Pause Young (Allocation Failure) 866M->590M(887M) 10.552ms
[647.113s][info][gc,cpu         ] GC(1778) User=0.02s Sys=0.01s Real=0.01s
[647.731s][info][gc,start       ] GC(1779) Pause Young (Allocation Failure)
[647.733s][info][gc,heap        ] GC(1779) PSYoungGen: 277280K(305152K)->64K(302080K) Eden: 276480K(276480K)->0K(277504K) From: 800K(28672K)->64K(24576K)
[647.733s][info][gc,heap        ] GC(1779) ParOldGen: 603445K(603648K)->603453K(603648K)
[647.733s][info][gc,metaspace   ] GC(1779) Metaspace: 35618K(36288K)->35618K(36288K) NonClass: 29345K(29824K)->29345K(29824K) Class: 6273K(6464K)->6273K(6464K)
[647.733s][info][gc             ] GC(1779) Pause Young (Allocation Failure) 860M->589M(884M) 2.161ms
[647.733s][info][gc,cpu         ] GC(1779) User=0.00s Sys=0.00s Real=0.00s
[648.152s][info][gc,start       ] GC(1780) Pause Young (Allocation Failure)
[648.154s][info][gc,heap        ] GC(1780) PSYoungGen: 277568K(302080K)->64K(304128K) Eden: 277504K(277504K)->0K(277504K) From: 64K(24576K)->64K(26624K)
[648.154s][info][gc,heap        ] GC(1780) ParOldGen: 603453K(603648K)->603461K(603648K)
[648.154s][info][gc,metaspace   ] GC(1780) Metaspace: 35618K(36288K)->35618K(36288K) NonClass: 29345K(29824K)->29345K(29824K) Class: 6273K(6464K)->6273K(6464K)
[648.154s][info][gc             ] GC(1780) Pause Young (Allocation Failure) 860M->589M(886M) 2.053ms
[648.154s][info][gc,cpu         ] GC(1780) User=0.00s Sys=0.00s Real=0.00s
[648.579s][info][gc,start       ] GC(1781) Pause Young (Allocation Failure)
[648.581s][info][gc,heap        ] GC(1781) PSYoungGen: 277568K(304128K)->64K(303104K) Eden: 277504K(277504K)->0K(281600K) From: 64K(26624K)->64K(21504K)
[648.581s][info][gc,heap        ] GC(1781) ParOldGen: 603461K(603648K)->603477K(603648K)
[648.581s][info][gc,metaspace   ] GC(1781) Metaspace: 35618K(36288K)->35618K(36288K) NonClass: 29345K(29824K)->29345K(29824K) Class: 6273K(6464K)->6273K(6464K)
[648.581s][info][gc             ] GC(1781) Pause Young (Allocation Failure) 860M->589M(885M) 2.108ms
[648.581s][info][gc,cpu         ] GC(1781) User=0.01s Sys=0.00s Real=0.00s
[648.803s][info][gc,start       ] GC(1782) Pause Young (Allocation Failure)
[648.805s][info][gc,heap        ] GC(1782) PSYoungGen: 281664K(303104K)->64K(305664K) Eden: 281600K(281600K)->0K(281600K) From: 64K(21504K)->64K(24064K)
[648.805s][info][gc,heap        ] GC(1782) ParOldGen: 603477K(603648K)->603493K(603648K)
[648.805s][info][gc,metaspace   ] GC(1782) Metaspace: 35618K(36288K)->35618K(36288K) NonClass: 29345K(29824K)->29345K(29824K) Class: 6273K(6464K)->6273K(6464K)
[648.805s][info][gc             ] GC(1782) Pause Young (Allocation Failure) 864M->589M(888M) 2.015ms
[648.805s][info][gc,cpu         ] GC(1782) User=0.00s Sys=0.00s Real=0.00s
[649.027s][info][gc,start       ] GC(1783) Pause Young (Allocation Failure)
[649.029s][info][gc,heap        ] GC(1783) PSYoungGen: 281664K(305664K)->64K(306688K) Eden: 281600K(281600K)->0K(286720K) From: 64K(24064K)->64K(19968K)
[649.029s][info][gc,heap        ] GC(1783) ParOldGen: 603493K(603648K)->603493K(603648K)
[649.029s][info][gc,metaspace   ] GC(1783) Metaspace: 35618K(36288K)->35618K(36288K) NonClass: 29345K(29824K)->29345K(29824K) Class: 6273K(6464K)->6273K(6464K)
[649.029s][info][gc             ] GC(1783) Pause Young (Allocation Failure) 864M->589M(889M) 1.994ms
[649.029s][info][gc,cpu         ] GC(1783) User=0.01s Sys=0.00s Real=0.00s
[649.396s][info][gc,start       ] GC(1784) Pause Young (Allocation Failure)
[649.398s][info][gc,heap        ] GC(1784) PSYoungGen: 286784K(306688K)->64K(308736K) Eden: 286720K(286720K)->0K(286720K) From: 64K(19968K)->64K(22016K)
[649.398s][info][gc,heap        ] GC(1784) ParOldGen: 603493K(603648K)->603493K(603648K)
[649.398s][info][gc,metaspace   ] GC(1784) Metaspace: 35618K(36288K)->35618K(36288K) NonClass: 29345K(29824K)->29345K(29824K) Class: 6273K(6464K)->6273K(6464K)
[649.398s][info][gc             ] GC(1784) Pause Young (Allocation Failure) 869M->589M(891M) 1.986ms
[649.398s][info][gc,cpu         ] GC(1784) User=0.00s Sys=0.00s Real=0.01s
[649.450s][info][gc,start       ] GC(1785) Pause Young (Allocation Failure)
[649.452s][info][gc,heap        ] GC(1785) PSYoungGen: 286784K(308736K)->64K(308736K) Eden: 286720K(286720K)->0K(290816K) From: 64K(22016K)->64K(17920K)
[649.452s][info][gc,heap        ] GC(1785) ParOldGen: 603493K(603648K)->603501K(603648K)
[649.452s][info][gc,metaspace   ] GC(1785) Metaspace: 35618K(36288K)->35618K(36288K) NonClass: 29345K(29824K)->29345K(29824K) Class: 6273K(6464K)->6273K(6464K)
[649.452s][info][gc             ] GC(1785) Pause Young (Allocation Failure) 869M->589M(891M) 1.953ms
[649.452s][info][gc,cpu         ] GC(1785) User=0.01s Sys=0.00s Real=0.00s
[649.506s][info][gc,start       ] GC(1786) Pause Young (Allocation Failure)
[649.508s][info][gc,heap        ] GC(1786) PSYoungGen: 290880K(308736K)->64K(310784K) Eden: 290816K(290816K)->0K(290816K) From: 64K(17920K)->64K(19968K)
[649.508s][info][gc,heap        ] GC(1786) ParOldGen: 603501K(603648K)->603517K(603648K)
[649.508s][info][gc,metaspace   ] GC(1786) Metaspace: 35618K(36288K)->35618K(36288K) NonClass: 29345K(29824K)->29345K(29824K) Class: 6273K(6464K)->6273K(6464K)
[649.508s][info][gc             ] GC(1786) Pause Young (Allocation Failure) 873M->589M(893M) 1.977ms
[649.508s][info][gc,cpu         ] GC(1786) User=0.00s Sys=0.00s Real=0.01s
[649.671s][info][gc,start       ] GC(1787) Pause Young (Allocation Failure)
[649.673s][info][gc,heap        ] GC(1787) PSYoungGen: 290880K(310784K)->64K(311296K) Eden: 290816K(290816K)->0K(295424K) From: 64K(19968K)->64K(15872K)
[649.673s][info][gc,heap        ] GC(1787) ParOldGen: 603517K(603648K)->603517K(603648K)
[649.673s][info][gc,metaspace   ] GC(1787) Metaspace: 35618K(36288K)->35618K(36288K) NonClass: 29345K(29824K)->29345K(29824K) Class: 6273K(6464K)->6273K(6464K)
[649.673s][info][gc             ] GC(1787) Pause Young (Allocation Failure) 873M->589M(893M) 1.983ms
[649.673s][info][gc,cpu         ] GC(1787) User=0.00s Sys=0.00s Real=0.00s
[649.884s][info][gc,start       ] GC(1788) Pause Young (Allocation Failure)
[649.886s][info][gc,heap        ] GC(1788) PSYoungGen: 295488K(311296K)->64K(312832K) Eden: 295424K(295424K)->0K(295424K) From: 64K(15872K)->64K(17408K)
[649.886s][info][gc,heap        ] GC(1788) ParOldGen: 603517K(603648K)->603525K(603648K)
[649.886s][info][gc,metaspace   ] GC(1788) Metaspace: 35619K(36288K)->35619K(36288K) NonClass: 29346K(29824K)->29346K(29824K) Class: 6273K(6464K)->6273K(6464K)
[649.886s][info][gc             ] GC(1788) Pause Young (Allocation Failure) 877M->589M(895M) 1.991ms
[649.886s][info][gc,cpu         ] GC(1788) User=0.00s Sys=0.00s Real=0.01s
[650.021s][info][gc,start       ] GC(1789) Pause Young (Allocation Failure)
[650.023s][info][gc,heap        ] GC(1789) PSYoungGen: 295488K(312832K)->64K(313856K) Eden: 295424K(295424K)->0K(300032K) From: 64K(17408K)->64K(13824K)
[650.023s][info][gc,heap        ] GC(1789) ParOldGen: 603525K(603648K)->603533K(603648K)
[650.023s][info][gc,metaspace   ] GC(1789) Metaspace: 35619K(36288K)->35619K(36288K) NonClass: 29346K(29824K)->29346K(29824K) Class: 6273K(6464K)->6273K(6464K)
[650.023s][info][gc             ] GC(1789) Pause Young (Allocation Failure) 877M->589M(896M) 2.008ms
[650.023s][info][gc,cpu         ] GC(1789) User=0.00s Sys=0.00s Real=0.00s
[650.109s][info][gc,start       ] GC(1790) Pause Young (Allocation Failure)
[650.111s][info][gc,heap        ] GC(1790) PSYoungGen: 300096K(313856K)->64K(315392K) Eden: 300032K(300032K)->0K(300032K) From: 64K(13824K)->64K(15360K)
[650.111s][info][gc,heap        ] GC(1790) ParOldGen: 603533K(603648K)->603541K(603648K)
[650.111s][info][gc,metaspace   ] GC(1790) Metaspace: 35619K(36288K)->35619K(36288K) NonClass: 29346K(29824K)->29346K(29824K) Class: 6273K(6464K)->6273K(6464K)
[650.111s][info][gc             ] GC(1790) Pause Young (Allocation Failure) 882M->589M(897M) 1.960ms
[650.111s][info][gc,cpu         ] GC(1790) User=0.01s Sys=0.00s Real=0.00s
[650.285s][info][gc,start       ] GC(1791) Pause Young (Allocation Failure)
[650.287s][info][gc,heap        ] GC(1791) PSYoungGen: 300096K(315392K)->64K(316928K) Eden: 300032K(300032K)->0K(304128K) From: 64K(15360K)->64K(12800K)
[650.287s][info][gc,heap        ] GC(1791) ParOldGen: 603541K(603648K)->603549K(603648K)
[650.287s][info][gc,metaspace   ] GC(1791) Metaspace: 35619K(36288K)->35619K(36288K) NonClass: 29346K(29824K)->29346K(29824K) Class: 6273K(6464K)->6273K(6464K)
[650.287s][info][gc             ] GC(1791) Pause Young (Allocation Failure) 882M->589M(899M) 1.978ms
[650.287s][info][gc,cpu         ] GC(1791) User=0.00s Sys=0.00s Real=0.01s
[651.257s][info][gc,start       ] GC(1792) Pause Young (Allocation Failure)
[651.259s][info][gc,heap        ] GC(1792) PSYoungGen: 304192K(316928K)->64K(317952K) Eden: 304128K(304128K)->0K(304128K) From: 64K(12800K)->64K(13824K)
[651.259s][info][gc,heap        ] GC(1792) ParOldGen: 603549K(603648K)->603557K(603648K)
[651.259s][info][gc,metaspace   ] GC(1792) Metaspace: 35619K(36288K)->35619K(36288K) NonClass: 29346K(29824K)->29346K(29824K) Class: 6273K(6464K)->6273K(6464K)
[651.259s][info][gc             ] GC(1792) Pause Young (Allocation Failure) 886M->589M(900M) 2.013ms
[651.259s][info][gc,cpu         ] GC(1792) User=0.00s Sys=0.00s Real=0.00s
[652.160s][info][gc,start       ] GC(1793) Pause Young (Allocation Failure)
[652.162s][info][gc,heap        ] GC(1793) PSYoungGen: 304192K(317952K)->64K(317952K) Eden: 304128K(304128K)->0K(307200K) From: 64K(13824K)->64K(10752K)
[652.162s][info][gc,heap        ] GC(1793) ParOldGen: 603557K(603648K)->603565K(603648K)
[652.162s][info][gc,metaspace   ] GC(1793) Metaspace: 35619K(36288K)->35619K(36288K) NonClass: 29346K(29824K)->29346K(29824K) Class: 6273K(6464K)->6273K(6464K)
[652.162s][info][gc             ] GC(1793) Pause Young (Allocation Failure) 886M->589M(900M) 2.006ms
[652.162s][info][gc,cpu         ] GC(1793) User=0.00s Sys=0.00s Real=0.00s
[652.532s][info][gc,start       ] GC(1794) Pause Young (Allocation Failure)
[652.534s][info][gc,heap        ] GC(1794) PSYoungGen: 307264K(317952K)->64K(295424K) Eden: 307200K(307200K)->0K(294912K) From: 64K(10752K)->64K(512K)
[652.534s][info][gc,heap        ] GC(1794) ParOldGen: 603565K(603648K)->603573K(603648K)
[652.534s][info][gc,metaspace   ] GC(1794) Metaspace: 35619K(36288K)->35619K(36288K) NonClass: 29346K(29824K)->29346K(29824K) Class: 6273K(6464K)->6273K(6464K)
[652.534s][info][gc             ] GC(1794) Pause Young (Allocation Failure) 889M->589M(878M) 2.628ms
[652.534s][info][gc,cpu         ] GC(1794) User=0.00s Sys=0.00s Real=0.00s
[652.933s][info][gc,start       ] GC(1795) Pause Young (Allocation Failure)
[652.936s][info][gc,heap        ] GC(1795) PSYoungGen: 294976K(295424K)->64K(283648K) Eden: 294912K(294912K)->0K(283136K) From: 64K(512K)->64K(512K)
[652.936s][info][gc,heap        ] GC(1795) ParOldGen: 603573K(603648K)->603581K(603648K)
[652.936s][info][gc,metaspace   ] GC(1795) Metaspace: 35619K(36288K)->35619K(36288K) NonClass: 29346K(29824K)->29346K(29824K) Class: 6273K(6464K)->6273K(6464K)
[652.936s][info][gc             ] GC(1795) Pause Young (Allocation Failure) 877M->589M(866M) 2.778ms
[652.936s][info][gc,cpu         ] GC(1795) User=0.01s Sys=0.00s Real=0.01s
[653.908s][info][gc,start       ] GC(1796) Pause Young (Allocation Failure)
[653.910s][info][gc,heap        ] GC(1796) PSYoungGen: 283200K(283648K)->64K(282112K) Eden: 283136K(283136K)->0K(271872K) From: 64K(512K)->64K(10240K)
[653.910s][info][gc,heap        ] GC(1796) ParOldGen: 603581K(603648K)->603589K(603648K)
[653.910s][info][gc,metaspace   ] GC(1796) Metaspace: 35619K(36288K)->35619K(36288K) NonClass: 29346K(29824K)->29346K(29824K) Class: 6273K(6464K)->6273K(6464K)
[653.910s][info][gc             ] GC(1796) Pause Young (Allocation Failure) 865M->589M(865M) 1.957ms
[653.910s][info][gc,cpu         ] GC(1796) User=0.01s Sys=0.00s Real=0.00s
[654.306s][info][gc,start       ] GC(1797) Pause Young (Allocation Failure)
[654.309s][info][gc,heap        ] GC(1797) PSYoungGen: 271936K(282112K)->64K(261632K) Eden: 271872K(271872K)->0K(261120K) From: 64K(10240K)->64K(512K)
[654.309s][info][gc,heap        ] GC(1797) ParOldGen: 603589K(603648K)->603605K(603648K)
[654.309s][info][gc,metaspace   ] GC(1797) Metaspace: 35619K(36288K)->35619K(36288K) NonClass: 29346K(29824K)->29346K(29824K) Class: 6273K(6464K)->6273K(6464K)
[654.309s][info][gc             ] GC(1797) Pause Young (Allocation Failure) 855M->589M(845M) 2.849ms
[654.309s][info][gc,cpu         ] GC(1797) User=0.01s Sys=0.00s Real=0.00s
[654.392s][info][gc,start       ] GC(1798) Pause Young (Allocation Failure)
[654.395s][info][gc,heap        ] GC(1798) PSYoungGen: 261184K(261632K)->64K(291840K) Eden: 261120K(261120K)->0K(283136K) From: 64K(512K)->64K(8704K)
[654.395s][info][gc,heap        ] GC(1798) ParOldGen: 603605K(603648K)->603613K(603648K)
[654.395s][info][gc,metaspace   ] GC(1798) Metaspace: 35619K(36288K)->35619K(36288K) NonClass: 29346K(29824K)->29346K(29824K) Class: 6273K(6464K)->6273K(6464K)
[654.395s][info][gc             ] GC(1798) Pause Young (Allocation Failure) 844M->589M(874M) 2.648ms
[654.395s][info][gc,cpu         ] GC(1798) User=0.00s Sys=0.01s Real=0.00s
[655.052s][info][gc,start       ] GC(1799) Pause Young (Allocation Failure)
[655.055s][info][gc,heap        ] GC(1799) PSYoungGen: 283200K(291840K)->64K(316928K) Eden: 283136K(283136K)->0K(308736K) From: 64K(8704K)->64K(8192K)
[655.055s][info][gc,heap        ] GC(1799) ParOldGen: 603613K(603648K)->603621K(603648K)
[655.055s][info][gc,metaspace   ] GC(1799) Metaspace: 35619K(36288K)->35619K(36288K) NonClass: 29346K(29824K)->29346K(29824K) Class: 6273K(6464K)->6273K(6464K)
[655.055s][info][gc             ] GC(1799) Pause Young (Allocation Failure) 866M->589M(899M) 2.664ms
[655.055s][info][gc,cpu         ] GC(1799) User=0.00s Sys=0.00s Real=0.00s
[655.450s][info][gc,start       ] GC(1800) Pause Young (Allocation Failure)
[655.454s][info][gc,heap        ] GC(1800) PSYoungGen: 308800K(316928K)->1152K(316416K) Eden: 308736K(308736K)->0K(308736K) From: 64K(8192K)->1152K(7680K)
[655.454s][info][gc,heap        ] GC(1800) ParOldGen: 603621K(603648K)->603637K(603648K)
[655.454s][info][gc,metaspace   ] GC(1800) Metaspace: 35619K(36288K)->35619K(36288K) NonClass: 29346K(29824K)->29346K(29824K) Class: 6273K(6464K)->6273K(6464K)
[655.454s][info][gc             ] GC(1800) Pause Young (Allocation Failure) 891M->590M(898M) 4.095ms
[655.454s][info][gc,cpu         ] GC(1800) User=0.01s Sys=0.00s Real=0.00s
[655.800s][info][gc,start       ] GC(1801) Pause Young (Allocation Failure)
[655.872s][info][gc,heap        ] GC(1801) PSYoungGen: 309888K(316416K)->7168K(304128K) Eden: 308736K(308736K)->0K(296960K) From: 1152K(7680K)->7168K(7168K)
[655.872s][info][gc,heap        ] GC(1801) ParOldGen: 603637K(603648K)->629405K(629760K)
[655.872s][info][gc,metaspace   ] GC(1801) Metaspace: 35619K(36288K)->35619K(36288K) NonClass: 29346K(29824K)->29346K(29824K) Class: 6273K(6464K)->6273K(6464K)
[655.872s][info][gc             ] GC(1801) Pause Young (Allocation Failure) 892M->621M(912M) 71.703ms
[655.872s][info][gc,cpu         ] GC(1801) User=0.12s Sys=0.03s Real=0.07s
[656.206s][info][gc,start       ] GC(1802) Pause Young (Allocation Failure)
[656.274s][info][gc,heap        ] GC(1802) PSYoungGen: 304128K(304128K)->18432K(315392K) Eden: 296960K(296960K)->0K(296960K) From: 7168K(7168K)->18432K(18432K)
[656.274s][info][gc,heap        ] GC(1802) ParOldGen: 629405K(629760K)->643581K(643584K)
[656.274s][info][gc,metaspace   ] GC(1802) Metaspace: 35619K(36288K)->35619K(36288K) NonClass: 29346K(29824K)->29346K(29824K) Class: 6273K(6464K)->6273K(6464K)
[656.274s][info][gc             ] GC(1802) Pause Young (Allocation Failure) 911M->646M(936M) 67.917ms
[656.274s][info][gc,cpu         ] GC(1802) User=0.12s Sys=0.01s Real=0.06s
[656.400s][info][gc,start       ] GC(1803) Pause Young (Allocation Failure)
[656.412s][info][gc,heap        ] GC(1803) PSYoungGen: 315392K(315392K)->3296K(300032K) Eden: 296960K(296960K)->0K(281600K) From: 18432K(18432K)->3296K(18432K)
[656.412s][info][gc,heap        ] GC(1803) ParOldGen: 643581K(643584K)->644085K(644096K)
[656.412s][info][gc,metaspace   ] GC(1803) Metaspace: 35619K(36288K)->35619K(36288K) NonClass: 29346K(29824K)->29346K(29824K) Class: 6273K(6464K)->6273K(6464K)
[656.412s][info][gc             ] GC(1803) Pause Young (Allocation Failure) 936M->632M(922M) 12.287ms
[656.412s][info][gc,cpu         ] GC(1803) User=0.02s Sys=0.00s Real=0.01s
[657.038s][info][gc,start       ] GC(1804) Pause Young (Allocation Failure)
[657.040s][info][gc,heap        ] GC(1804) PSYoungGen: 284896K(300032K)->64K(307712K) Eden: 281600K(281600K)->0K(281600K) From: 3296K(18432K)->64K(26112K)
[657.040s][info][gc,heap        ] GC(1804) ParOldGen: 644085K(644096K)->644093K(644096K)
[657.040s][info][gc,metaspace   ] GC(1804) Metaspace: 35619K(36288K)->35619K(36288K) NonClass: 29346K(29824K)->29346K(29824K) Class: 6273K(6464K)->6273K(6464K)
[657.040s][info][gc             ] GC(1804) Pause Young (Allocation Failure) 907M->629M(929M) 2.042ms
[657.040s][info][gc,cpu         ] GC(1804) User=0.01s Sys=0.00s Real=0.00s
[657.458s][info][gc,start       ] GC(1805) Pause Young (Allocation Failure)
[657.461s][info][gc,heap        ] GC(1805) PSYoungGen: 281664K(307712K)->64K(305664K) Eden: 281600K(281600K)->0K(282624K) From: 64K(26112K)->64K(23040K)
[657.461s][info][gc,heap        ] GC(1805) ParOldGen: 644093K(644096K)->644109K(644608K)
[657.461s][info][gc,metaspace   ] GC(1805) Metaspace: 35619K(36288K)->35619K(36288K) NonClass: 29346K(29824K)->29346K(29824K) Class: 6273K(6464K)->6273K(6464K)
[657.461s][info][gc             ] GC(1805) Pause Young (Allocation Failure) 904M->629M(928M) 2.160ms
[657.461s][info][gc,cpu         ] GC(1805) User=0.00s Sys=0.00s Real=0.00s
[657.890s][info][gc,start       ] GC(1806) Pause Young (Allocation Failure)
[657.892s][info][gc,heap        ] GC(1806) PSYoungGen: 282688K(305664K)->64K(307200K) Eden: 282624K(282624K)->0K(282624K) From: 64K(23040K)->64K(24576K)
[657.893s][info][gc,heap        ] GC(1806) ParOldGen: 644109K(644608K)->644125K(644608K)
[657.893s][info][gc,metaspace   ] GC(1806) Metaspace: 35619K(36288K)->35619K(36288K) NonClass: 29346K(29824K)->29346K(29824K) Class: 6273K(6464K)->6273K(6464K)
[657.893s][info][gc             ] GC(1806) Pause Young (Allocation Failure) 905M->629M(929M) 2.119ms
[657.893s][info][gc,cpu         ] GC(1806) User=0.01s Sys=0.00s Real=0.00s
[658.115s][info][gc,start       ] GC(1807) Pause Young (Allocation Failure)
[658.117s][info][gc,heap        ] GC(1807) PSYoungGen: 282688K(307200K)->64K(306688K) Eden: 282624K(282624K)->0K(285696K) From: 64K(24576K)->64K(20992K)
[658.117s][info][gc,heap        ] GC(1807) ParOldGen: 644125K(644608K)->644141K(644608K)
[658.117s][info][gc,metaspace   ] GC(1807) Metaspace: 35619K(36288K)->35619K(36288K) NonClass: 29346K(29824K)->29346K(29824K) Class: 6273K(6464K)->6273K(6464K)
[658.117s][info][gc             ] GC(1807) Pause Young (Allocation Failure) 905M->629M(929M) 2.249ms
[658.117s][info][gc,cpu         ] GC(1807) User=0.00s Sys=0.00s Real=0.01s
[658.343s][info][gc,start       ] GC(1808) Pause Young (Allocation Failure)
[658.345s][info][gc,heap        ] GC(1808) PSYoungGen: 285760K(306688K)->64K(308224K) Eden: 285696K(285696K)->0K(285696K) From: 64K(20992K)->64K(22528K)
[658.345s][info][gc,heap        ] GC(1808) ParOldGen: 644141K(644608K)->644141K(644608K)
[658.345s][info][gc,metaspace   ] GC(1808) Metaspace: 35619K(36288K)->35619K(36288K) NonClass: 29346K(29824K)->29346K(29824K) Class: 6273K(6464K)->6273K(6464K)
[658.345s][info][gc             ] GC(1808) Pause Young (Allocation Failure) 908M->629M(930M) 2.111ms
[658.345s][info][gc,cpu         ] GC(1808) User=0.01s Sys=0.00s Real=0.00s
[658.702s][info][gc,start       ] GC(1809) Pause Young (Allocation Failure)
[658.704s][info][gc,heap        ] GC(1809) PSYoungGen: 285760K(308224K)->64K(308736K) Eden: 285696K(285696K)->0K(289792K) From: 64K(22528K)->64K(18944K)
[658.704s][info][gc,heap        ] GC(1809) ParOldGen: 644141K(644608K)->644141K(644608K)
[658.704s][info][gc,metaspace   ] GC(1809) Metaspace: 35619K(36288K)->35619K(36288K) NonClass: 29346K(29824K)->29346K(29824K) Class: 6273K(6464K)->6273K(6464K)
[658.704s][info][gc             ] GC(1809) Pause Young (Allocation Failure) 908M->629M(931M) 2.110ms
[658.704s][info][gc,cpu         ] GC(1809) User=0.01s Sys=0.00s Real=0.00s
[658.758s][info][gc,start       ] GC(1810) Pause Young (Allocation Failure)
[658.760s][info][gc,heap        ] GC(1810) PSYoungGen: 289856K(308736K)->64K(310272K) Eden: 289792K(289792K)->0K(289792K) From: 64K(18944K)->64K(20480K)
[658.760s][info][gc,heap        ] GC(1810) ParOldGen: 644141K(644608K)->644157K(644608K)
[658.760s][info][gc,metaspace   ] GC(1810) Metaspace: 35619K(36288K)->35619K(36288K) NonClass: 29346K(29824K)->29346K(29824K) Class: 6273K(6464K)->6273K(6464K)
[658.760s][info][gc             ] GC(1810) Pause Young (Allocation Failure) 912M->629M(932M) 2.033ms
[658.760s][info][gc,cpu         ] GC(1810) User=0.00s Sys=0.00s Real=0.00s
[658.813s][info][gc,start       ] GC(1811) Pause Young (Allocation Failure)
[658.815s][info][gc,heap        ] GC(1811) PSYoungGen: 289856K(310272K)->64K(311296K) Eden: 289792K(289792K)->0K(294400K) From: 64K(20480K)->64K(16896K)
[658.815s][info][gc,heap        ] GC(1811) ParOldGen: 644157K(644608K)->644157K(644608K)
[658.815s][info][gc,metaspace   ] GC(1811) Metaspace: 35619K(36288K)->35619K(36288K) NonClass: 29346K(29824K)->29346K(29824K) Class: 6273K(6464K)->6273K(6464K)
[658.815s][info][gc             ] GC(1811) Pause Young (Allocation Failure) 912M->629M(933M) 2.157ms
[658.815s][info][gc,cpu         ] GC(1811) User=0.00s Sys=0.00s Real=0.00s
[658.990s][info][gc,start       ] GC(1812) Pause Young (Allocation Failure)
[658.992s][info][gc,heap        ] GC(1812) PSYoungGen: 294464K(311296K)->64K(312320K) Eden: 294400K(294400K)->0K(294400K) From: 64K(16896K)->64K(17920K)
[658.992s][info][gc,heap        ] GC(1812) ParOldGen: 644157K(644608K)->644157K(644608K)
[658.992s][info][gc,metaspace   ] GC(1812) Metaspace: 35619K(36288K)->35619K(36288K) NonClass: 29346K(29824K)->29346K(29824K) Class: 6273K(6464K)->6273K(6464K)
[658.992s][info][gc             ] GC(1812) Pause Young (Allocation Failure) 916M->629M(934M) 2.100ms
[658.992s][info][gc,cpu         ] GC(1812) User=0.01s Sys=0.00s Real=0.00s
[659.203s][info][gc,start       ] GC(1813) Pause Young (Allocation Failure)
[659.205s][info][gc,heap        ] GC(1813) PSYoungGen: 294464K(312320K)->64K(313856K) Eden: 294400K(294400K)->0K(299008K) From: 64K(17920K)->64K(14848K)
[659.205s][info][gc,heap        ] GC(1813) ParOldGen: 644157K(644608K)->644165K(644608K)
[659.205s][info][gc,metaspace   ] GC(1813) Metaspace: 35619K(36288K)->35619K(36288K) NonClass: 29346K(29824K)->29346K(29824K) Class: 6273K(6464K)->6273K(6464K)
[659.205s][info][gc             ] GC(1813) Pause Young (Allocation Failure) 916M->629M(936M) 2.112ms
[659.205s][info][gc,cpu         ] GC(1813) User=0.00s Sys=0.00s Real=0.00s
[659.331s][info][gc,start       ] GC(1814) Pause Young (Allocation Failure)
[659.333s][info][gc,heap        ] GC(1814) PSYoungGen: 299072K(313856K)->64K(314880K) Eden: 299008K(299008K)->0K(299008K) From: 64K(14848K)->64K(15872K)
[659.333s][info][gc,heap        ] GC(1814) ParOldGen: 644165K(644608K)->644173K(644608K)
[659.333s][info][gc,metaspace   ] GC(1814) Metaspace: 35619K(36288K)->35619K(36288K) NonClass: 29346K(29824K)->29346K(29824K) Class: 6273K(6464K)->6273K(6464K)
[659.334s][info][gc             ] GC(1814) Pause Young (Allocation Failure) 921M->629M(937M) 2.094ms
[659.334s][info][gc,cpu         ] GC(1814) User=0.00s Sys=0.00s Real=0.00s
[659.425s][info][gc,start       ] GC(1815) Pause Young (Allocation Failure)
[659.427s][info][gc,heap        ] GC(1815) PSYoungGen: 299072K(314880K)->64K(315392K) Eden: 299008K(299008K)->0K(302592K) From: 64K(15872K)->64K(12800K)
[659.427s][info][gc,heap        ] GC(1815) ParOldGen: 644173K(644608K)->644181K(644608K)
[659.427s][info][gc,metaspace   ] GC(1815) Metaspace: 35619K(36288K)->35619K(36288K) NonClass: 29346K(29824K)->29346K(29824K) Class: 6273K(6464K)->6273K(6464K)
[659.427s][info][gc             ] GC(1815) Pause Young (Allocation Failure) 921M->629M(937M) 2.047ms
[659.427s][info][gc,cpu         ] GC(1815) User=0.00s Sys=0.00s Real=0.01s
[659.604s][info][gc,start       ] GC(1816) Pause Young (Allocation Failure)
[659.606s][info][gc,heap        ] GC(1816) PSYoungGen: 302656K(315392K)->64K(316928K) Eden: 302592K(302592K)->0K(302592K) From: 64K(12800K)->64K(14336K)
[659.606s][info][gc,heap        ] GC(1816) ParOldGen: 644181K(644608K)->644189K(644608K)
[659.606s][info][gc,metaspace   ] GC(1816) Metaspace: 35619K(36288K)->35619K(36288K) NonClass: 29346K(29824K)->29346K(29824K) Class: 6273K(6464K)->6273K(6464K)
[659.606s][info][gc             ] GC(1816) Pause Young (Allocation Failure) 924M->629M(939M) 2.078ms
[659.606s][info][gc,cpu         ] GC(1816) User=0.00s Sys=0.00s Real=0.01s
[660.564s][info][gc,start       ] GC(1817) Pause Young (Allocation Failure)
[660.566s][info][gc,heap        ] GC(1817) PSYoungGen: 302656K(316928K)->83K(316928K) Eden: 302592K(302592K)->0K(306176K) From: 64K(14336K)->83K(10752K)
[660.566s][info][gc,heap        ] GC(1817) ParOldGen: 644189K(644608K)->644197K(644608K)
[660.566s][info][gc,metaspace   ] GC(1817) Metaspace: 35619K(36288K)->35619K(36288K) NonClass: 29346K(29824K)->29346K(29824K) Class: 6273K(6464K)->6273K(6464K)
[660.566s][info][gc             ] GC(1817) Pause Young (Allocation Failure) 924M->629M(939M) 2.120ms
[660.566s][info][gc,cpu         ] GC(1817) User=0.00s Sys=0.00s Real=0.01s
[661.474s][info][gc,start       ] GC(1818) Pause Young (Allocation Failure)
[661.476s][info][gc,heap        ] GC(1818) PSYoungGen: 306259K(316928K)->64K(318464K) Eden: 306176K(306176K)->0K(306176K) From: 83K(10752K)->64K(12288K)
[661.476s][info][gc,heap        ] GC(1818) ParOldGen: 644197K(644608K)->644205K(644608K)
[661.476s][info][gc,metaspace   ] GC(1818) Metaspace: 35619K(36288K)->35619K(36288K) NonClass: 29346K(29824K)->29346K(29824K) Class: 6273K(6464K)->6273K(6464K)
[661.476s][info][gc             ] GC(1818) Pause Young (Allocation Failure) 928M->629M(940M) 2.246ms
[661.476s][info][gc,cpu         ] GC(1818) User=0.01s Sys=0.00s Real=0.01s
[661.888s][info][gc,start       ] GC(1819) Pause Young (Allocation Failure)
[661.890s][info][gc,heap        ] GC(1819) PSYoungGen: 306240K(318464K)->64K(294400K) Eden: 306176K(306176K)->0K(293888K) From: 64K(12288K)->64K(512K)
[661.890s][info][gc,heap        ] GC(1819) ParOldGen: 644205K(644608K)->644213K(644608K)
[661.890s][info][gc,metaspace   ] GC(1819) Metaspace: 35619K(36288K)->35619K(36288K) NonClass: 29346K(29824K)->29346K(29824K) Class: 6273K(6464K)->6273K(6464K)
[661.890s][info][gc             ] GC(1819) Pause Young (Allocation Failure) 928M->629M(917M) 2.438ms
[661.890s][info][gc,cpu         ] GC(1819) User=0.00s Sys=0.00s Real=0.00s
[662.637s][info][gc,start       ] GC(1820) Pause Young (Allocation Failure)
[662.639s][info][gc,heap        ] GC(1820) PSYoungGen: 293952K(294400K)->64K(292864K) Eden: 293888K(293888K)->0K(282112K) From: 64K(512K)->64K(10752K)
[662.639s][info][gc,heap        ] GC(1820) ParOldGen: 644213K(644608K)->644221K(644608K)
[662.639s][info][gc,metaspace   ] GC(1820) Metaspace: 35619K(36288K)->35619K(36288K) NonClass: 29346K(29824K)->29346K(29824K) Class: 6273K(6464K)->6273K(6464K)
[662.639s][info][gc             ] GC(1820) Pause Young (Allocation Failure) 916M->629M(915M) 2.055ms
[662.639s][info][gc,cpu         ] GC(1820) User=0.01s Sys=0.00s Real=0.00s
[663.235s][info][gc,start       ] GC(1821) Pause Young (Allocation Failure)
[663.238s][info][gc,heap        ] GC(1821) PSYoungGen: 282176K(292864K)->64K(271360K) Eden: 282112K(282112K)->0K(270848K) From: 64K(10752K)->64K(512K)
[663.238s][info][gc,heap        ] GC(1821) ParOldGen: 644221K(644608K)->644229K(644608K)
[663.238s][info][gc,metaspace   ] GC(1821) Metaspace: 35619K(36288K)->35619K(36288K) NonClass: 29346K(29824K)->29346K(29824K) Class: 6273K(6464K)->6273K(6464K)
[663.238s][info][gc             ] GC(1821) Pause Young (Allocation Failure) 904M->629M(894M) 2.506ms
[663.238s][info][gc,cpu         ] GC(1821) User=0.00s Sys=0.01s Real=0.01s
[663.624s][info][gc,start       ] GC(1822) Pause Young (Allocation Failure)
[663.626s][info][gc,heap        ] GC(1822) PSYoungGen: 270912K(271360K)->64K(269312K) Eden: 270848K(270848K)->0K(260096K) From: 64K(512K)->64K(9216K)
[663.626s][info][gc,heap        ] GC(1822) ParOldGen: 644229K(644608K)->644237K(644608K)
[663.626s][info][gc,metaspace   ] GC(1822) Metaspace: 35619K(36288K)->35619K(36288K) NonClass: 29346K(29824K)->29346K(29824K) Class: 6273K(6464K)->6273K(6464K)
[663.626s][info][gc             ] GC(1822) Pause Young (Allocation Failure) 893M->629M(892M) 2.076ms
[663.626s][info][gc,cpu         ] GC(1822) User=0.00s Sys=0.00s Real=0.01s
[663.716s][info][gc,start       ] GC(1823) Pause Young (Allocation Failure)
[663.718s][info][gc,heap        ] GC(1823) PSYoungGen: 260160K(269312K)->64K(304640K) Eden: 260096K(260096K)->0K(295936K) From: 64K(9216K)->64K(8704K)
[663.718s][info][gc,heap        ] GC(1823) ParOldGen: 644237K(644608K)->644253K(644608K)
[663.718s][info][gc,metaspace   ] GC(1823) Metaspace: 35619K(36288K)->35619K(36288K) NonClass: 29346K(29824K)->29346K(29824K) Class: 6273K(6464K)->6273K(6464K)
[663.718s][info][gc             ] GC(1823) Pause Young (Allocation Failure) 883M->629M(927M) 2.077ms
[663.718s][info][gc,cpu         ] GC(1823) User=0.00s Sys=0.00s Real=0.00s
[664.380s][info][gc,start       ] GC(1824) Pause Young (Allocation Failure)
[664.382s][info][gc,heap        ] GC(1824) PSYoungGen: 296000K(304640K)->64K(284672K) Eden: 295936K(295936K)->0K(284160K) From: 64K(8704K)->64K(512K)
[664.382s][info][gc,heap        ] GC(1824) ParOldGen: 644253K(644608K)->644261K(644608K)
[664.382s][info][gc,metaspace   ] GC(1824) Metaspace: 35619K(36288K)->35619K(36288K) NonClass: 29346K(29824K)->29346K(29824K) Class: 6273K(6464K)->6273K(6464K)
[664.382s][info][gc             ] GC(1824) Pause Young (Allocation Failure) 918M->629M(907M) 2.616ms
[664.382s][info][gc,cpu         ] GC(1824) User=0.01s Sys=0.00s Real=0.00s
[664.771s][info][gc,start       ] GC(1825) Pause Young (Allocation Failure)
[664.776s][info][gc,heap        ] GC(1825) PSYoungGen: 284224K(284672K)->2080K(296960K) Eden: 284160K(284160K)->0K(289280K) From: 64K(512K)->2080K(7680K)
[664.776s][info][gc,heap        ] GC(1825) ParOldGen: 644261K(644608K)->644277K(644608K)
[664.776s][info][gc,metaspace   ] GC(1825) Metaspace: 35619K(36288K)->35619K(36288K) NonClass: 29346K(29824K)->29346K(29824K) Class: 6273K(6464K)->6273K(6464K)
[664.776s][info][gc             ] GC(1825) Pause Young (Allocation Failure) 906M->631M(919M) 4.889ms
[664.776s][info][gc,cpu         ] GC(1825) User=0.01s Sys=0.00s Real=0.01s
[665.101s][info][gc,start       ] GC(1826) Pause Young (Allocation Failure)
[665.182s][info][gc,heap        ] GC(1826) PSYoungGen: 291360K(296960K)->7680K(296960K) Eden: 289280K(289280K)->0K(289280K) From: 2080K(7680K)->7680K(7680K)
[665.183s][info][gc,heap        ] GC(1826) ParOldGen: 644277K(644608K)->667453K(667648K)
[665.183s][info][gc,metaspace   ] GC(1826) Metaspace: 35619K(36288K)->35619K(36288K) NonClass: 29346K(29824K)->29346K(29824K) Class: 6273K(6464K)->6273K(6464K)
[665.183s][info][gc             ] GC(1826) Pause Young (Allocation Failure) 913M->659M(942M) 81.123ms
[665.183s][info][gc,cpu         ] GC(1826) User=0.11s Sys=0.01s Real=0.08s
[665.508s][info][gc,start       ] GC(1827) Pause Full (Allocation Failure)
[665.509s][info][gc,phases,start] GC(1827) Marking Phase
[665.604s][info][gc,phases      ] GC(1827) Marking Phase 95.763ms
[665.604s][info][gc,phases,start] GC(1827) Summary Phase
[665.604s][info][gc,phases      ] GC(1827) Summary Phase 0.030ms
[665.604s][info][gc,phases,start] GC(1827) Forward
[665.634s][info][gc,phases      ] GC(1827) Forward 29.808ms
[665.634s][info][gc,phases,start] GC(1827) Adjust Pointers
[665.686s][info][gc,phases      ] GC(1827) Adjust Pointers 51.562ms
[665.686s][info][gc,phases,start] GC(1827) Compaction Phase
[665.716s][info][gc,phases      ] GC(1827) Compaction Phase 30.087ms
[665.716s][info][gc,phases,start] GC(1827) Post Compact
[665.719s][info][metaspace      ] ChkMgr @0x00007f561403aa80 (non-class-space): : reclaiming memory...
[665.719s][info][metaspace      ] ChkMgr @0x00007f561403aa80 (non-class-space): nothing reclaimed.
[665.719s][info][metaspace      ] ChkMgr @0x00007f561403a890 (class-space): : reclaiming memory...
[665.719s][info][metaspace      ] ChkMgr @0x00007f561403a890 (class-space): nothing reclaimed.
[665.719s][info][gc,phases      ] GC(1827) Post Compact 2.949ms
[665.759s][info][gc,heap        ] GC(1827) PSYoungGen: 296960K(296960K)->0K(315904K) Eden: 289280K(289280K)->0K(297984K) From: 7680K(7680K)->0K(17920K)
[665.759s][info][gc,heap        ] GC(1827) ParOldGen: 667453K(667648K)->88774K(175104K)
[665.759s][info][gc,metaspace   ] GC(1827) Metaspace: 35619K(36288K)->35577K(36288K) NonClass: 29346K(29824K)->29305K(29824K) Class: 6273K(6464K)->6272K(6464K)
[665.759s][info][gc             ] GC(1827) Pause Full (Allocation Failure) 941M->86M(479M) 250.237ms
[665.759s][info][gc,cpu         ] GC(1827) User=0.37s Sys=0.04s Real=0.25s
[665.902s][info][gc,start       ] GC(1828) Pause Young (Allocation Failure)
[665.917s][info][gc,heap        ] GC(1828) PSYoungGen: 297984K(315904K)->5248K(303616K) Eden: 297984K(297984K)->0K(297984K) From: 0K(17920K)->5248K(5632K)
[665.917s][info][gc,heap        ] GC(1828) ParOldGen: 88774K(175104K)->88774K(175104K)
[665.917s][info][gc,metaspace   ] GC(1828) Metaspace: 35577K(36288K)->35577K(36288K) NonClass: 29305K(29824K)->29305K(29824K) Class: 6272K(6464K)->6272K(6464K)
[665.917s][info][gc             ] GC(1828) Pause Young (Allocation Failure) 377M->91M(467M) 15.662ms
[665.917s][info][gc,cpu         ] GC(1828) User=0.03s Sys=0.00s Real=0.02s
[666.551s][info][gc,start       ] GC(1829) Pause Young (Allocation Failure)
[666.552s][info][gc,heap        ] GC(1829) PSYoungGen: 303232K(303616K)->64K(315392K) Eden: 297984K(297984K)->0K(298496K) From: 5248K(5632K)->64K(16896K)
[666.552s][info][gc,heap        ] GC(1829) ParOldGen: 88774K(175104K)->88782K(175104K)
[666.552s][info][gc,metaspace   ] GC(1829) Metaspace: 35577K(36288K)->35577K(36288K) NonClass: 29305K(29824K)->29305K(29824K) Class: 6272K(6464K)->6272K(6464K)
[666.552s][info][gc             ] GC(1829) Pause Young (Allocation Failure) 382M->86M(479M) 0.778ms
[666.552s][info][gc,cpu         ] GC(1829) User=0.00s Sys=0.00s Real=0.00s
[666.981s][info][gc,start       ] GC(1830) Pause Young (Allocation Failure)
[666.982s][info][gc,heap        ] GC(1830) PSYoungGen: 298560K(315392K)->64K(314880K) Eden: 298496K(298496K)->0K(298496K) From: 64K(16896K)->64K(16384K)
[666.982s][info][gc,heap        ] GC(1830) ParOldGen: 88782K(175104K)->88790K(175104K)
[666.982s][info][gc,metaspace   ] GC(1830) Metaspace: 35577K(36288K)->35577K(36288K) NonClass: 29305K(29824K)->29305K(29824K) Class: 6272K(6464K)->6272K(6464K)
[666.982s][info][gc             ] GC(1830) Pause Young (Allocation Failure) 378M->86M(478M) 0.799ms
[666.982s][info][gc,cpu         ] GC(1830) User=0.00s Sys=0.00s Real=0.00s
[667.429s][info][gc,start       ] GC(1831) Pause Young (Allocation Failure)
[667.430s][info][gc,heap        ] GC(1831) PSYoungGen: 298560K(314880K)->64K(316416K) Eden: 298496K(298496K)->0K(301568K) From: 64K(16384K)->64K(14848K)
[667.430s][info][gc,heap        ] GC(1831) ParOldGen: 88790K(175104K)->88806K(175104K)
[667.430s][info][gc,metaspace   ] GC(1831) Metaspace: 35577K(36288K)->35577K(36288K) NonClass: 29305K(29824K)->29305K(29824K) Class: 6272K(6464K)->6272K(6464K)
[667.430s][info][gc             ] GC(1831) Pause Young (Allocation Failure) 378M->86M(480M) 0.804ms
[667.430s][info][gc,cpu         ] GC(1831) User=0.00s Sys=0.00s Real=0.00s
[667.667s][info][gc,start       ] GC(1832) Pause Young (Allocation Failure)
[667.668s][info][gc,heap        ] GC(1832) PSYoungGen: 301632K(316416K)->64K(316416K) Eden: 301568K(301568K)->0K(301568K) From: 64K(14848K)->64K(14848K)
[667.668s][info][gc,heap        ] GC(1832) ParOldGen: 88806K(175104K)->88822K(175104K)
[667.668s][info][gc,metaspace   ] GC(1832) Metaspace: 35577K(36288K)->35577K(36288K) NonClass: 29305K(29824K)->29305K(29824K) Class: 6272K(6464K)->6272K(6464K)
[667.668s][info][gc             ] GC(1832) Pause Young (Allocation Failure) 381M->86M(480M) 0.766ms
[667.668s][info][gc,cpu         ] GC(1832) User=0.00s Sys=0.00s Real=0.00s
[667.905s][info][gc,start       ] GC(1833) Pause Young (Allocation Failure)
[667.906s][info][gc,heap        ] GC(1833) PSYoungGen: 301632K(316416K)->64K(318464K) Eden: 301568K(301568K)->0K(304640K) From: 64K(14848K)->64K(13824K)
[667.906s][info][gc,heap        ] GC(1833) ParOldGen: 88822K(175104K)->88822K(175104K)
[667.906s][info][gc,metaspace   ] GC(1833) Metaspace: 35577K(36288K)->35577K(36288K) NonClass: 29305K(29824K)->29305K(29824K) Class: 6272K(6464K)->6272K(6464K)
[667.906s][info][gc             ] GC(1833) Pause Young (Allocation Failure) 381M->86M(482M) 0.790ms
[667.906s][info][gc,cpu         ] GC(1833) User=0.00s Sys=0.00s Real=0.01s
[668.227s][info][gc,start       ] GC(1834) Pause Young (Allocation Failure)
[668.228s][info][gc,heap        ] GC(1834) PSYoungGen: 304704K(318464K)->64K(318464K) Eden: 304640K(304640K)->0K(304640K) From: 64K(13824K)->64K(13824K)
[668.228s][info][gc,heap        ] GC(1834) ParOldGen: 88822K(175104K)->88822K(175104K)
[668.228s][info][gc,metaspace   ] GC(1834) Metaspace: 35577K(36288K)->35577K(36288K) NonClass: 29305K(29824K)->29305K(29824K) Class: 6272K(6464K)->6272K(6464K)
[668.228s][info][gc             ] GC(1834) Pause Young (Allocation Failure) 384M->86M(482M) 0.824ms
[668.228s][info][gc,cpu         ] GC(1834) User=0.00s Sys=0.00s Real=0.00s
[668.284s][info][gc,start       ] GC(1835) Pause Young (Allocation Failure)
[668.285s][info][gc,heap        ] GC(1835) PSYoungGen: 304704K(318464K)->64K(319488K) Eden: 304640K(304640K)->0K(306688K) From: 64K(13824K)->64K(12800K)
[668.285s][info][gc,heap        ] GC(1835) ParOldGen: 88822K(175104K)->88838K(175104K)
[668.285s][info][gc,metaspace   ] GC(1835) Metaspace: 35577K(36288K)->35577K(36288K) NonClass: 29305K(29824K)->29305K(29824K) Class: 6272K(6464K)->6272K(6464K)
[668.285s][info][gc             ] GC(1835) Pause Young (Allocation Failure) 384M->86M(483M) 0.754ms
[668.285s][info][gc,cpu         ] GC(1835) User=0.01s Sys=0.00s Real=0.00s
[668.368s][info][gc,start       ] GC(1836) Pause Young (Allocation Failure)
[668.369s][info][gc,heap        ] GC(1836) PSYoungGen: 306752K(319488K)->64K(318976K) Eden: 306688K(306688K)->0K(306688K) From: 64K(12800K)->64K(12288K)
[668.369s][info][gc,heap        ] GC(1836) ParOldGen: 88838K(175104K)->88838K(175104K)
[668.369s][info][gc,metaspace   ] GC(1836) Metaspace: 35577K(36288K)->35577K(36288K) NonClass: 29305K(29824K)->29305K(29824K) Class: 6272K(6464K)->6272K(6464K)
[668.369s][info][gc             ] GC(1836) Pause Young (Allocation Failure) 386M->86M(482M) 0.780ms
[668.369s][info][gc,cpu         ] GC(1836) User=0.00s Sys=0.00s Real=0.00s
[668.590s][info][gc,start       ] GC(1837) Pause Young (Allocation Failure)
[668.591s][info][gc,heap        ] GC(1837) PSYoungGen: 306752K(318976K)->64K(294912K) Eden: 306688K(306688K)->0K(294400K) From: 64K(12288K)->64K(512K)
[668.591s][info][gc,heap        ] GC(1837) ParOldGen: 88838K(175104K)->88854K(175104K)
[668.591s][info][gc,metaspace   ] GC(1837) Metaspace: 35577K(36288K)->35577K(36288K) NonClass: 29305K(29824K)->29305K(29824K) Class: 6272K(6464K)->6272K(6464K)
[668.591s][info][gc             ] GC(1837) Pause Young (Allocation Failure) 386M->86M(459M) 0.802ms
[668.591s][info][gc,cpu         ] GC(1837) User=0.00s Sys=0.00s Real=0.00s
[668.790s][info][gc,start       ] GC(1838) Pause Young (Allocation Failure)
[668.790s][info][gc,heap        ] GC(1838) PSYoungGen: 294464K(294912K)->64K(293376K) Eden: 294400K(294400K)->0K(282624K) From: 64K(512K)->64K(10752K)
[668.790s][info][gc,heap        ] GC(1838) ParOldGen: 88854K(175104K)->88854K(175104K)
[668.790s][info][gc,metaspace   ] GC(1838) Metaspace: 35577K(36288K)->35577K(36288K) NonClass: 29305K(29824K)->29305K(29824K) Class: 6272K(6464K)->6272K(6464K)
[668.790s][info][gc             ] GC(1838) Pause Young (Allocation Failure) 374M->86M(457M) 0.778ms
[668.790s][info][gc,cpu         ] GC(1838) User=0.00s Sys=0.00s Real=0.00s
[668.866s][info][gc,start       ] GC(1839) Pause Young (Allocation Failure)
[668.867s][info][gc,heap        ] GC(1839) PSYoungGen: 282688K(293376K)->64K(271872K) Eden: 282624K(282624K)->0K(271360K) From: 64K(10752K)->64K(512K)
[668.867s][info][gc,heap        ] GC(1839) ParOldGen: 88854K(175104K)->88870K(175104K)
[668.867s][info][gc,metaspace   ] GC(1839) Metaspace: 35577K(36288K)->35577K(36288K) NonClass: 29305K(29824K)->29305K(29824K) Class: 6272K(6464K)->6272K(6464K)
[668.867s][info][gc             ] GC(1839) Pause Young (Allocation Failure) 362M->86M(436M) 0.818ms
[668.867s][info][gc,cpu         ] GC(1839) User=0.00s Sys=0.00s Real=0.00s
[668.974s][info][gc,start       ] GC(1840) Pause Young (Allocation Failure)
[668.975s][info][gc,heap        ] GC(1840) PSYoungGen: 271424K(271872K)->64K(270336K) Eden: 271360K(271360K)->0K(260608K) From: 64K(512K)->64K(9728K)
[668.975s][info][gc,heap        ] GC(1840) ParOldGen: 88870K(175104K)->88870K(175104K)
[668.975s][info][gc,metaspace   ] GC(1840) Metaspace: 35577K(36288K)->35577K(36288K) NonClass: 29305K(29824K)->29305K(29824K) Class: 6272K(6464K)->6272K(6464K)
[668.975s][info][gc             ] GC(1840) Pause Young (Allocation Failure) 351M->86M(435M) 0.732ms
[668.975s][info][gc,cpu         ] GC(1840) User=0.00s Sys=0.00s Real=0.00s
[669.187s][info][gc,start       ] GC(1841) Pause Young (Allocation Failure)
[669.188s][info][gc,heap        ] GC(1841) PSYoungGen: 260672K(270336K)->64K(250880K) Eden: 260608K(260608K)->0K(250368K) From: 64K(9728K)->64K(512K)
[669.188s][info][gc,heap        ] GC(1841) ParOldGen: 88870K(175104K)->88878K(175104K)
[669.188s][info][gc,metaspace   ] GC(1841) Metaspace: 35577K(36288K)->35577K(36288K) NonClass: 29305K(29824K)->29305K(29824K) Class: 6272K(6464K)->6272K(6464K)
[669.188s][info][gc             ] GC(1841) Pause Young (Allocation Failure) 341M->86M(416M) 1.106ms
[669.188s][info][gc,cpu         ] GC(1841) User=0.00s Sys=0.00s Real=0.00s
[670.060s][info][gc,start       ] GC(1842) Pause Young (Allocation Failure)
[670.060s][info][gc,heap        ] GC(1842) PSYoungGen: 250432K(250880K)->64K(249344K) Eden: 250368K(250368K)->0K(240640K) From: 64K(512K)->64K(8704K)
[670.060s][info][gc,heap        ] GC(1842) ParOldGen: 88878K(175104K)->88886K(175104K)
[670.060s][info][gc,metaspace   ] GC(1842) Metaspace: 35577K(36288K)->35577K(36288K) NonClass: 29305K(29824K)->29305K(29824K) Class: 6272K(6464K)->6272K(6464K)
[670.060s][info][gc             ] GC(1842) Pause Young (Allocation Failure) 331M->86M(414M) 0.737ms
[670.060s][info][gc,cpu         ] GC(1842) User=0.00s Sys=0.00s Real=0.00s
[670.946s][info][gc,start       ] GC(1843) Pause Young (Allocation Failure)
[670.948s][info][gc,heap        ] GC(1843) PSYoungGen: 240704K(249344K)->64K(231936K) Eden: 240640K(240640K)->0K(231424K) From: 64K(8704K)->64K(512K)
[670.948s][info][gc,heap        ] GC(1843) ParOldGen: 88886K(175104K)->88894K(175104K)
[670.948s][info][gc,metaspace   ] GC(1843) Metaspace: 35577K(36288K)->35577K(36288K) NonClass: 29305K(29824K)->29305K(29824K) Class: 6272K(6464K)->6272K(6464K)
[670.948s][info][gc             ] GC(1843) Pause Young (Allocation Failure) 321M->86M(397M) 1.393ms
[670.948s][info][gc,cpu         ] GC(1843) User=0.01s Sys=0.00s Real=0.00s
[671.118s][info][gc,start       ] GC(1844) Pause Young (Allocation Failure)
[671.119s][info][gc,heap        ] GC(1844) PSYoungGen: 231488K(231936K)->64K(230400K) Eden: 231424K(231424K)->0K(222720K) From: 64K(512K)->64K(7680K)
[671.119s][info][gc,heap        ] GC(1844) ParOldGen: 88894K(175104K)->88910K(175104K)
[671.119s][info][gc,metaspace   ] GC(1844) Metaspace: 35577K(36288K)->35577K(36288K) NonClass: 29305K(29824K)->29305K(29824K) Class: 6272K(6464K)->6272K(6464K)
[671.119s][info][gc             ] GC(1844) Pause Young (Allocation Failure) 312M->86M(396M) 1.188ms
[671.119s][info][gc,cpu         ] GC(1844) User=0.01s Sys=0.00s Real=0.00s
[671.525s][info][gc,start       ] GC(1845) Pause Young (Allocation Failure)
[671.526s][info][gc,heap        ] GC(1845) PSYoungGen: 222784K(230400K)->64K(215040K) Eden: 222720K(222720K)->0K(214528K) From: 64K(7680K)->64K(512K)
[671.526s][info][gc,heap        ] GC(1845) ParOldGen: 88910K(175104K)->88918K(175104K)
[671.526s][info][gc,metaspace   ] GC(1845) Metaspace: 35577K(36288K)->35577K(36288K) NonClass: 29305K(29824K)->29305K(29824K) Class: 6272K(6464K)->6272K(6464K)
[671.526s][info][gc             ] GC(1845) Pause Young (Allocation Failure) 304M->86M(381M) 1.171ms
[671.526s][info][gc,cpu         ] GC(1845) User=0.00s Sys=0.00s Real=0.01s
[672.033s][info][gc,start       ] GC(1846) Pause Young (Allocation Failure)
[672.034s][info][gc,heap        ] GC(1846) PSYoungGen: 214592K(215040K)->64K(213504K) Eden: 214528K(214528K)->0K(206848K) From: 64K(512K)->64K(6656K)
[672.034s][info][gc,heap        ] GC(1846) ParOldGen: 88918K(175104K)->88926K(175104K)
[672.034s][info][gc,metaspace   ] GC(1846) Metaspace: 35577K(36288K)->35577K(36288K) NonClass: 29305K(29824K)->29305K(29824K) Class: 6272K(6464K)->6272K(6464K)
[672.034s][info][gc             ] GC(1846) Pause Young (Allocation Failure) 296M->86M(379M) 0.790ms
[672.034s][info][gc,cpu         ] GC(1846) User=0.00s Sys=0.00s Real=0.00s
[672.674s][info][gc,start       ] GC(1847) Pause Young (Allocation Failure)
[672.676s][info][gc,heap        ] GC(1847) PSYoungGen: 206912K(213504K)->64K(199680K) Eden: 206848K(206848K)->0K(199168K) From: 64K(6656K)->64K(512K)
[672.676s][info][gc,heap        ] GC(1847) ParOldGen: 88926K(175104K)->88942K(175104K)
[672.676s][info][gc,metaspace   ] GC(1847) Metaspace: 35577K(36288K)->35577K(36288K) NonClass: 29305K(29824K)->29305K(29824K) Class: 6272K(6464K)->6272K(6464K)
[672.676s][info][gc             ] GC(1847) Pause Young (Allocation Failure) 288M->86M(366M) 1.802ms
[672.676s][info][gc,cpu         ] GC(1847) User=0.00s Sys=0.00s Real=0.01s
[672.989s][info][gc,start       ] GC(1848) Pause Young (Allocation Failure)
[672.990s][info][gc,heap        ] GC(1848) PSYoungGen: 199232K(199680K)->64K(197632K) Eden: 199168K(199168K)->0K(192000K) From: 64K(512K)->64K(5632K)
[672.990s][info][gc,heap        ] GC(1848) ParOldGen: 88942K(175104K)->88958K(175104K)
[672.990s][info][gc,metaspace   ] GC(1848) Metaspace: 35577K(36288K)->35577K(36288K) NonClass: 29305K(29824K)->29305K(29824K) Class: 6272K(6464K)->6272K(6464K)
[672.990s][info][gc             ] GC(1848) Pause Young (Allocation Failure) 281M->86M(364M) 1.179ms
[672.990s][info][gc,cpu         ] GC(1848) User=0.00s Sys=0.00s Real=0.00s
[673.136s][info][gc,start       ] GC(1849) Pause Young (Allocation Failure)
[673.138s][info][gc,heap        ] GC(1849) PSYoungGen: 192064K(197632K)->64K(185856K) Eden: 192000K(192000K)->0K(185344K) From: 64K(5632K)->64K(512K)
[673.138s][info][gc,heap        ] GC(1849) ParOldGen: 88958K(175104K)->88974K(175104K)
[673.138s][info][gc,metaspace   ] GC(1849) Metaspace: 35577K(36288K)->35577K(36288K) NonClass: 29305K(29824K)->29305K(29824K) Class: 6272K(6464K)->6272K(6464K)
[673.138s][info][gc             ] GC(1849) Pause Young (Allocation Failure) 274M->86M(352M) 1.728ms
[673.138s][info][gc,cpu         ] GC(1849) User=0.00s Sys=0.00s Real=0.00s
[673.197s][info][gc,start       ] GC(1850) Pause Young (Allocation Failure)
[673.198s][info][gc,heap        ] GC(1850) PSYoungGen: 185408K(185856K)->64K(183808K) Eden: 185344K(185344K)->0K(178688K) From: 64K(512K)->64K(5120K)
[673.198s][info][gc,heap        ] GC(1850) ParOldGen: 88974K(175104K)->88990K(175104K)
[673.198s][info][gc,metaspace   ] GC(1850) Metaspace: 35577K(36288K)->35577K(36288K) NonClass: 29305K(29824K)->29305K(29824K) Class: 6272K(6464K)->6272K(6464K)
[673.198s][info][gc             ] GC(1850) Pause Young (Allocation Failure) 267M->86M(350M) 1.123ms
[673.198s][info][gc,cpu         ] GC(1850) User=0.00s Sys=0.00s Real=0.00s
[673.550s][info][gc,start       ] GC(1851) Pause Young (Allocation Failure)
[673.551s][info][gc,heap        ] GC(1851) PSYoungGen: 178752K(183808K)->64K(173056K) Eden: 178688K(178688K)->0K(172544K) From: 64K(5120K)->64K(512K)
[673.551s][info][gc,heap        ] GC(1851) ParOldGen: 88990K(175104K)->89006K(175104K)
[673.551s][info][gc,metaspace   ] GC(1851) Metaspace: 35577K(36288K)->35577K(36288K) NonClass: 29305K(29824K)->29305K(29824K) Class: 6272K(6464K)->6272K(6464K)
[673.551s][info][gc             ] GC(1851) Pause Young (Allocation Failure) 261M->86M(340M) 1.491ms
[673.551s][info][gc,cpu         ] GC(1851) User=0.00s Sys=0.00s Real=0.00s
[673.885s][info][gc,start       ] GC(1852) Pause Young (Allocation Failure)
[673.886s][info][gc,heap        ] GC(1852) PSYoungGen: 172608K(173056K)->64K(171008K) Eden: 172544K(172544K)->0K(166912K) From: 64K(512K)->64K(4096K)
[673.886s][info][gc,heap        ] GC(1852) ParOldGen: 89006K(175104K)->89014K(175104K)
[673.886s][info][gc,metaspace   ] GC(1852) Metaspace: 35577K(36288K)->35577K(36288K) NonClass: 29305K(29824K)->29305K(29824K) Class: 6272K(6464K)->6272K(6464K)
[673.887s][info][gc             ] GC(1852) Pause Young (Allocation Failure) 255M->86M(338M) 1.383ms
[673.887s][info][gc,cpu         ] GC(1852) User=0.00s Sys=0.00s Real=0.01s
[674.086s][info][gc,start       ] GC(1853) Pause Young (Allocation Failure)
[674.088s][info][gc,heap        ] GC(1853) PSYoungGen: 166976K(171008K)->64K(161792K) Eden: 166912K(166912K)->0K(161280K) From: 64K(4096K)->64K(512K)
[674.088s][info][gc,heap        ] GC(1853) ParOldGen: 89014K(175104K)->89030K(175104K)
[674.088s][info][gc,metaspace   ] GC(1853) Metaspace: 35577K(36288K)->35577K(36288K) NonClass: 29305K(29824K)->29305K(29824K) Class: 6272K(6464K)->6272K(6464K)
[674.088s][info][gc             ] GC(1853) Pause Young (Allocation Failure) 249M->87M(329M) 1.643ms
[674.088s][info][gc,cpu         ] GC(1853) User=0.00s Sys=0.00s Real=0.00s
[674.342s][info][gc,start       ] GC(1854) Pause Young (Allocation Failure)
[674.360s][info][gc,heap        ] GC(1854) PSYoungGen: 161344K(161792K)->3584K(195584K) Eden: 161280K(161280K)->0K(192000K) From: 64K(512K)->3584K(3584K)
[674.360s][info][gc,heap        ] GC(1854) ParOldGen: 89030K(175104K)->94326K(175104K)
[674.360s][info][gc,metaspace   ] GC(1854) Metaspace: 35577K(36288K)->35577K(36288K) NonClass: 29305K(29824K)->29305K(29824K) Class: 6272K(6464K)->6272K(6464K)
[674.360s][info][gc             ] GC(1854) Pause Young (Allocation Failure) 244M->95M(362M) 17.948ms
[674.360s][info][gc,cpu         ] GC(1854) User=0.03s Sys=0.00s Real=0.02s
[674.577s][info][gc,start       ] GC(1855) Pause Young (Allocation Failure)
[674.616s][info][gc,heap        ] GC(1855) PSYoungGen: 195584K(195584K)->3584K(233472K) Eden: 192000K(192000K)->0K(229888K) From: 3584K(3584K)->3584K(3584K)
[674.616s][info][gc,heap        ] GC(1855) ParOldGen: 94326K(175104K)->111430K(175104K)
[674.616s][info][gc,metaspace   ] GC(1855) Metaspace: 35577K(36288K)->35577K(36288K) NonClass: 29305K(29824K)->29305K(29824K) Class: 6272K(6464K)->6272K(6464K)
[674.616s][info][gc             ] GC(1855) Pause Young (Allocation Failure) 283M->112M(399M) 38.622ms
[674.616s][info][gc,cpu         ] GC(1855) User=0.08s Sys=0.00s Real=0.03s
[674.880s][info][gc,start       ] GC(1856) Pause Young (Allocation Failure)
[674.928s][info][gc,heap        ] GC(1856) PSYoungGen: 233472K(233472K)->13312K(257024K) Eden: 229888K(229888K)->0K(243712K) From: 3584K(3584K)->13312K(13312K)
[674.928s][info][gc,heap        ] GC(1856) ParOldGen: 111430K(175104K)->123254K(175104K)
[674.928s][info][gc,metaspace   ] GC(1856) Metaspace: 35577K(36288K)->35577K(36288K) NonClass: 29305K(29824K)->29305K(29824K) Class: 6272K(6464K)->6272K(6464K)
[674.928s][info][gc             ] GC(1856) Pause Young (Allocation Failure) 336M->133M(422M) 48.232ms
[674.928s][info][gc,cpu         ] GC(1856) User=0.09s Sys=0.00s Real=0.05s
[675.117s][info][gc,start       ] GC(1857) Pause Young (Allocation Failure)
[675.156s][info][gc,heap        ] GC(1857) PSYoungGen: 257024K(257024K)->15104K(293888K) Eden: 243712K(243712K)->0K(273408K) From: 13312K(13312K)->15104K(20480K)
[675.157s][info][gc,heap        ] GC(1857) ParOldGen: 123254K(175104K)->123686K(175104K)
[675.157s][info][gc,metaspace   ] GC(1857) Metaspace: 35577K(36288K)->35577K(36288K) NonClass: 29305K(29824K)->29305K(29824K) Class: 6272K(6464K)->6272K(6464K)
[675.157s][info][gc             ] GC(1857) Pause Young (Allocation Failure) 371M->135M(458M) 39.972ms
[675.157s][info][gc,cpu         ] GC(1857) User=0.08s Sys=0.01s Real=0.04s
[675.417s][info][gc,start       ] GC(1858) Pause Young (Allocation Failure)
[675.418s][info][gc,heap        ] GC(1858) PSYoungGen: 288512K(293888K)->64K(295936K) Eden: 273408K(273408K)->0K(273408K) From: 15104K(20480K)->64K(22528K)
[675.418s][info][gc,heap        ] GC(1858) ParOldGen: 123686K(175104K)->123694K(175104K)
[675.418s][info][gc,metaspace   ] GC(1858) Metaspace: 35577K(36288K)->35577K(36288K) NonClass: 29305K(29824K)->29305K(29824K) Class: 6272K(6464K)->6272K(6464K)
[675.418s][info][gc             ] GC(1858) Pause Young (Allocation Failure) 402M->120M(460M) 0.809ms
[675.418s][info][gc,cpu         ] GC(1858) User=0.01s Sys=0.00s Real=0.00s
[676.088s][info][gc,start       ] GC(1859) Pause Young (Allocation Failure)
[676.089s][info][gc,heap        ] GC(1859) PSYoungGen: 273472K(295936K)->64K(309760K) Eden: 273408K(273408K)->0K(289280K) From: 64K(22528K)->64K(20480K)
[676.090s][info][gc,heap        ] GC(1859) ParOldGen: 123694K(175104K)->123702K(175104K)
[676.090s][info][gc,metaspace   ] GC(1859) Metaspace: 35577K(36288K)->35577K(36288K) NonClass: 29305K(29824K)->29305K(29824K) Class: 6272K(6464K)->6272K(6464K)
[676.090s][info][gc             ] GC(1859) Pause Young (Allocation Failure) 387M->120M(473M) 1.068ms
[676.090s][info][gc,cpu         ] GC(1859) User=0.00s Sys=0.00s Real=0.00s
[676.376s][info][gc,start       ] GC(1860) Pause Young (Allocation Failure)
[676.377s][info][gc,heap        ] GC(1860) PSYoungGen: 289344K(309760K)->64K(310784K) Eden: 289280K(289280K)->0K(289280K) From: 64K(20480K)->64K(21504K)
[676.377s][info][gc,heap        ] GC(1860) ParOldGen: 123702K(175104K)->123710K(175104K)
[676.377s][info][gc,metaspace   ] GC(1860) Metaspace: 35577K(36288K)->35577K(36288K) NonClass: 29305K(29824K)->29305K(29824K) Class: 6272K(6464K)->6272K(6464K)
[676.377s][info][gc             ] GC(1860) Pause Young (Allocation Failure) 403M->120M(474M) 0.986ms
[676.377s][info][gc,cpu         ] GC(1860) User=0.00s Sys=0.00s Real=0.00s
[676.813s][info][gc,start       ] GC(1861) Pause Young (Allocation Failure)
[676.814s][info][gc,heap        ] GC(1861) PSYoungGen: 289344K(310784K)->64K(311296K) Eden: 289280K(289280K)->0K(291840K) From: 64K(21504K)->64K(19456K)
[676.814s][info][gc,heap        ] GC(1861) ParOldGen: 123710K(175104K)->123718K(175104K)
[676.814s][info][gc,metaspace   ] GC(1861) Metaspace: 35577K(36288K)->35577K(36288K) NonClass: 29305K(29824K)->29305K(29824K) Class: 6272K(6464K)->6272K(6464K)
[676.814s][info][gc             ] GC(1861) Pause Young (Allocation Failure) 403M->120M(475M) 0.900ms
[676.814s][info][gc,cpu         ] GC(1861) User=0.00s Sys=0.00s Real=0.00s
[677.046s][info][gc,start       ] GC(1862) Pause Young (Allocation Failure)
[677.048s][info][gc,heap        ] GC(1862) PSYoungGen: 291904K(311296K)->64K(311808K) Eden: 291840K(291840K)->0K(291840K) From: 64K(19456K)->64K(19968K)
[677.048s][info][gc,heap        ] GC(1862) ParOldGen: 123718K(175104K)->123734K(175104K)
[677.048s][info][gc,metaspace   ] GC(1862) Metaspace: 35577K(36288K)->35577K(36288K) NonClass: 29305K(29824K)->29305K(29824K) Class: 6272K(6464K)->6272K(6464K)
[677.048s][info][gc             ] GC(1862) Pause Young (Allocation Failure) 405M->120M(475M) 1.087ms
[677.048s][info][gc,cpu         ] GC(1862) User=0.00s Sys=0.00s Real=0.00s
[677.390s][info][gc,start       ] GC(1863) Pause Young (Allocation Failure)
[677.391s][info][gc,heap        ] GC(1863) PSYoungGen: 291904K(311808K)->64K(312320K) Eden: 291840K(291840K)->0K(294912K) From: 64K(19968K)->64K(17408K)
[677.391s][info][gc,heap        ] GC(1863) ParOldGen: 123734K(175104K)->123734K(175104K)
[677.392s][info][gc,metaspace   ] GC(1863) Metaspace: 35577K(36288K)->35577K(36288K) NonClass: 29305K(29824K)->29305K(29824K) Class: 6272K(6464K)->6272K(6464K)
[677.392s][info][gc             ] GC(1863) Pause Young (Allocation Failure) 405M->120M(476M) 1.059ms
[677.392s][info][gc,cpu         ] GC(1863) User=0.00s Sys=0.00s Real=0.00s
[677.561s][info][gc,start       ] GC(1864) Pause Young (Allocation Failure)
[677.561s][info][gc,heap        ] GC(1864) PSYoungGen: 294976K(312320K)->64K(312832K) Eden: 294912K(294912K)->0K(294912K) From: 64K(17408K)->64K(17920K)
[677.561s][info][gc,heap        ] GC(1864) ParOldGen: 123734K(175104K)->123742K(175104K)
[677.561s][info][gc,metaspace   ] GC(1864) Metaspace: 35577K(36288K)->35577K(36288K) NonClass: 29305K(29824K)->29305K(29824K) Class: 6272K(6464K)->6272K(6464K)
[677.561s][info][gc             ] GC(1864) Pause Young (Allocation Failure) 408M->120M(476M) 0.819ms
[677.561s][info][gc,cpu         ] GC(1864) User=0.00s Sys=0.00s Real=0.00s
[677.616s][info][gc,start       ] GC(1865) Pause Young (Allocation Failure)
[677.617s][info][gc,heap        ] GC(1865) PSYoungGen: 294976K(312832K)->32K(313856K) Eden: 294912K(294912K)->0K(298496K) From: 64K(17920K)->32K(15360K)
[677.617s][info][gc,heap        ] GC(1865) ParOldGen: 123742K(175104K)->123758K(175104K)
[677.617s][info][gc,metaspace   ] GC(1865) Metaspace: 35577K(36288K)->35577K(36288K) NonClass: 29305K(29824K)->29305K(29824K) Class: 6272K(6464K)->6272K(6464K)
[677.617s][info][gc             ] GC(1865) Pause Young (Allocation Failure) 408M->120M(477M) 1.025ms
[677.617s][info][gc,cpu         ] GC(1865) User=0.00s Sys=0.00s Real=0.00s
[677.717s][info][gc,start       ] GC(1866) Pause Young (Allocation Failure)
[677.718s][info][gc,heap        ] GC(1866) PSYoungGen: 298528K(313856K)->64K(314880K) Eden: 298496K(298496K)->0K(298496K) From: 32K(15360K)->64K(16384K)
[677.718s][info][gc,heap        ] GC(1866) ParOldGen: 123758K(175104K)->123758K(175104K)
[677.718s][info][gc,metaspace   ] GC(1866) Metaspace: 35577K(36288K)->35577K(36288K) NonClass: 29305K(29824K)->29305K(29824K) Class: 6272K(6464K)->6272K(6464K)
[677.718s][info][gc             ] GC(1866) Pause Young (Allocation Failure) 412M->120M(478M) 0.888ms
[677.718s][info][gc,cpu         ] GC(1866) User=0.00s Sys=0.00s Real=0.00s
[677.934s][info][gc,start       ] GC(1867) Pause Young (Allocation Failure)
[677.934s][info][gc,heap        ] GC(1867) PSYoungGen: 298560K(314880K)->64K(316416K) Eden: 298496K(298496K)->0K(302080K) From: 64K(16384K)->64K(14336K)
[677.934s][info][gc,heap        ] GC(1867) ParOldGen: 123758K(175104K)->123774K(175104K)
[677.934s][info][gc,metaspace   ] GC(1867) Metaspace: 35577K(36288K)->35577K(36288K) NonClass: 29305K(29824K)->29305K(29824K) Class: 6272K(6464K)->6272K(6464K)
[677.934s][info][gc             ] GC(1867) Pause Young (Allocation Failure) 412M->120M(480M) 0.935ms
[677.934s][info][gc,cpu         ] GC(1867) User=0.01s Sys=0.00s Real=0.00s
[678.121s][info][gc,start       ] GC(1868) Pause Young (Allocation Failure)
[678.122s][info][gc,heap        ] GC(1868) PSYoungGen: 302144K(316416K)->64K(316928K) Eden: 302080K(302080K)->0K(302080K) From: 64K(14336K)->64K(14848K)
[678.122s][info][gc,heap        ] GC(1868) ParOldGen: 123774K(175104K)->123774K(175104K)
[678.122s][info][gc,metaspace   ] GC(1868) Metaspace: 35577K(36288K)->35577K(36288K) NonClass: 29305K(29824K)->29305K(29824K) Class: 6272K(6464K)->6272K(6464K)
[678.122s][info][gc             ] GC(1868) Pause Young (Allocation Failure) 415M->120M(480M) 0.934ms
[678.122s][info][gc,cpu         ] GC(1868) User=0.01s Sys=0.00s Real=0.00s
[678.204s][info][gc,start       ] GC(1869) Pause Young (Allocation Failure)
[678.205s][info][gc,heap        ] GC(1869) PSYoungGen: 302144K(316928K)->32K(317440K) Eden: 302080K(302080K)->0K(305152K) From: 64K(14848K)->32K(12288K)
[678.205s][info][gc,heap        ] GC(1869) ParOldGen: 123774K(175104K)->123790K(175104K)
[678.205s][info][gc,metaspace   ] GC(1869) Metaspace: 35577K(36288K)->35577K(36288K) NonClass: 29305K(29824K)->29305K(29824K) Class: 6272K(6464K)->6272K(6464K)
[678.205s][info][gc             ] GC(1869) Pause Young (Allocation Failure) 415M->120M(481M) 1.095ms
[678.205s][info][gc,cpu         ] GC(1869) User=0.00s Sys=0.00s Real=0.00s
[678.349s][info][gc,start       ] GC(1870) Pause Young (Allocation Failure)
[678.350s][info][gc,heap        ] GC(1870) PSYoungGen: 305184K(317440K)->32K(293376K) Eden: 305152K(305152K)->0K(292864K) From: 32K(12288K)->32K(512K)
[678.350s][info][gc,heap        ] GC(1870) ParOldGen: 123790K(175104K)->123790K(175104K)
[678.350s][info][gc,metaspace   ] GC(1870) Metaspace: 35577K(36288K)->35577K(36288K) NonClass: 29305K(29824K)->29305K(29824K) Class: 6272K(6464K)->6272K(6464K)
[678.350s][info][gc             ] GC(1870) Pause Young (Allocation Failure) 418M->120M(457M) 1.064ms
[678.350s][info][gc,cpu         ] GC(1870) User=0.00s Sys=0.00s Real=0.00s
[678.760s][info][gc,start       ] GC(1871) Pause Young (Allocation Failure)
[678.761s][info][gc,heap        ] GC(1871) PSYoungGen: 292896K(293376K)->64K(281600K) Eden: 292864K(292864K)->0K(281088K) From: 32K(512K)->64K(512K)
[678.761s][info][gc,heap        ] GC(1871) ParOldGen: 123790K(175104K)->123798K(175104K)
[678.761s][info][gc,metaspace   ] GC(1871) Metaspace: 35577K(36288K)->35577K(36288K) NonClass: 29305K(29824K)->29305K(29824K) Class: 6272K(6464K)->6272K(6464K)
[678.761s][info][gc             ] GC(1871) Pause Young (Allocation Failure) 406M->120M(446M) 1.179ms
[678.761s][info][gc,cpu         ] GC(1871) User=0.00s Sys=0.00s Real=0.00s
[679.419s][info][gc,start       ] GC(1872) Pause Young (Allocation Failure)
[679.420s][info][gc,heap        ] GC(1872) PSYoungGen: 281152K(281600K)->64K(281600K) Eden: 281088K(281088K)->0K(270336K) From: 64K(512K)->64K(11264K)
[679.420s][info][gc,heap        ] GC(1872) ParOldGen: 123798K(175104K)->123814K(175104K)
[679.420s][info][gc,metaspace   ] GC(1872) Metaspace: 35577K(36288K)->35577K(36288K) NonClass: 29305K(29824K)->29305K(29824K) Class: 6272K(6464K)->6272K(6464K)
[679.420s][info][gc             ] GC(1872) Pause Young (Allocation Failure) 395M->120M(446M) 1.021ms
[679.420s][info][gc,cpu         ] GC(1872) User=0.00s Sys=0.00s Real=0.00s
[680.419s][info][gc,start       ] GC(1873) Pause Young (Allocation Failure)
[680.421s][info][gc,heap        ] GC(1873) PSYoungGen: 270400K(281600K)->64K(260608K) Eden: 270336K(270336K)->0K(260096K) From: 64K(11264K)->64K(512K)
[680.421s][info][gc,heap        ] GC(1873) ParOldGen: 123814K(175104K)->123822K(175104K)
[680.421s][info][gc,metaspace   ] GC(1873) Metaspace: 35577K(36288K)->35577K(36288K) NonClass: 29305K(29824K)->29305K(29824K) Class: 6272K(6464K)->6272K(6464K)
[680.421s][info][gc             ] GC(1873) Pause Young (Allocation Failure) 384M->120M(425M) 1.700ms
[680.421s][info][gc,cpu         ] GC(1873) User=0.01s Sys=0.00s Real=0.00s
[680.842s][info][gc,start       ] GC(1874) Pause Young (Allocation Failure)
[680.843s][info][gc,heap        ] GC(1874) PSYoungGen: 260160K(260608K)->64K(260096K) Eden: 260096K(260096K)->0K(249856K) From: 64K(512K)->64K(10240K)
[680.843s][info][gc,heap        ] GC(1874) ParOldGen: 123822K(175104K)->123830K(175104K)
[680.843s][info][gc,metaspace   ] GC(1874) Metaspace: 35577K(36288K)->35577K(36288K) NonClass: 29305K(29824K)->29305K(29824K) Class: 6272K(6464K)->6272K(6464K)
[680.843s][info][gc             ] GC(1874) Pause Young (Allocation Failure) 374M->120M(425M) 1.222ms
[680.843s][info][gc,cpu         ] GC(1874) User=0.01s Sys=0.00s Real=0.00s
[681.840s][info][gc,start       ] GC(1875) Pause Young (Allocation Failure)
[681.842s][info][gc,heap        ] GC(1875) PSYoungGen: 249920K(260096K)->32K(240640K) Eden: 249856K(249856K)->0K(240128K) From: 64K(10240K)->32K(512K)
[681.842s][info][gc,heap        ] GC(1875) ParOldGen: 123830K(175104K)->123838K(175104K)
[681.842s][info][gc,metaspace   ] GC(1875) Metaspace: 35577K(36288K)->35577K(36288K) NonClass: 29305K(29824K)->29305K(29824K) Class: 6272K(6464K)->6272K(6464K)
[681.842s][info][gc             ] GC(1875) Pause Young (Allocation Failure) 364M->120M(406M) 2.336ms
[681.842s][info][gc,cpu         ] GC(1875) User=0.00s Sys=0.00s Real=0.00s
[682.059s][info][gc,start       ] GC(1876) Pause Young (Allocation Failure)
[682.060s][info][gc,heap        ] GC(1876) PSYoungGen: 240160K(240640K)->64K(239616K) Eden: 240128K(240128K)->0K(230912K) From: 32K(512K)->64K(8704K)
[682.060s][info][gc,heap        ] GC(1876) ParOldGen: 123838K(175104K)->123854K(175104K)
[682.060s][info][gc,metaspace   ] GC(1876) Metaspace: 35577K(36288K)->35577K(36288K) NonClass: 29305K(29824K)->29305K(29824K) Class: 6272K(6464K)->6272K(6464K)
[682.060s][info][gc             ] GC(1876) Pause Young (Allocation Failure) 355M->121M(405M) 1.685ms
[682.060s][info][gc,cpu         ] GC(1876) User=0.00s Sys=0.00s Real=0.00s
[682.413s][info][gc,start       ] GC(1877) Pause Young (Allocation Failure)
[682.415s][info][gc,heap        ] GC(1877) PSYoungGen: 230976K(239616K)->64K(222720K) Eden: 230912K(230912K)->0K(222208K) From: 64K(8704K)->64K(512K)
[682.415s][info][gc,heap        ] GC(1877) ParOldGen: 123854K(175104K)->123862K(175104K)
[682.415s][info][gc,metaspace   ] GC(1877) Metaspace: 35577K(36288K)->35577K(36288K) NonClass: 29305K(29824K)->29305K(29824K) Class: 6272K(6464K)->6272K(6464K)
[682.415s][info][gc             ] GC(1877) Pause Young (Allocation Failure) 346M->121M(388M) 2.603ms
[682.415s][info][gc,cpu         ] GC(1877) User=0.00s Sys=0.01s Real=0.00s
[682.508s][info][gc,start       ] GC(1878) Pause Young (Allocation Failure)
[682.509s][info][gc,heap        ] GC(1878) PSYoungGen: 222272K(222720K)->64K(221696K) Eden: 222208K(222208K)->0K(214016K) From: 64K(512K)->64K(7680K)
[682.509s][info][gc,heap        ] GC(1878) ParOldGen: 123862K(175104K)->123878K(175104K)
[682.509s][info][gc,metaspace   ] GC(1878) Metaspace: 35577K(36288K)->35577K(36288K) NonClass: 29305K(29824K)->29305K(29824K) Class: 6272K(6464K)->6272K(6464K)
[682.509s][info][gc             ] GC(1878) Pause Young (Allocation Failure) 338M->121M(387M) 0.994ms
[682.509s][info][gc,cpu         ] GC(1878) User=0.00s Sys=0.00s Real=0.00s
[682.801s][info][gc,start       ] GC(1879) Pause Young (Allocation Failure)
[682.803s][info][gc,heap        ] GC(1879) PSYoungGen: 214080K(221696K)->64K(206848K) Eden: 214016K(214016K)->0K(206336K) From: 64K(7680K)->64K(512K)
[682.803s][info][gc,heap        ] GC(1879) ParOldGen: 123878K(175104K)->123886K(175104K)
[682.803s][info][gc,metaspace   ] GC(1879) Metaspace: 35577K(36288K)->35577K(36288K) NonClass: 29305K(29824K)->29305K(29824K) Class: 6272K(6464K)->6272K(6464K)
[682.803s][info][gc             ] GC(1879) Pause Young (Allocation Failure) 330M->121M(373M) 2.023ms
[682.803s][info][gc,cpu         ] GC(1879) User=0.00s Sys=0.00s Real=0.00s
[683.225s][info][gc,start       ] GC(1880) Pause Young (Allocation Failure)
[683.226s][info][gc,heap        ] GC(1880) PSYoungGen: 206400K(206848K)->64K(205312K) Eden: 206336K(206336K)->0K(198656K) From: 64K(512K)->64K(6656K)
[683.226s][info][gc,heap        ] GC(1880) ParOldGen: 123886K(175104K)->123894K(175104K)
[683.226s][info][gc,metaspace   ] GC(1880) Metaspace: 35577K(36288K)->35577K(36288K) NonClass: 29305K(29824K)->29305K(29824K) Class: 6272K(6464K)->6272K(6464K)
[683.226s][info][gc             ] GC(1880) Pause Young (Allocation Failure) 322M->121M(371M) 1.010ms
[683.226s][info][gc,cpu         ] GC(1880) User=0.01s Sys=0.00s Real=0.01s
[683.483s][info][gc,start       ] GC(1881) Pause Young (Allocation Failure)
[683.485s][info][gc,heap        ] GC(1881) PSYoungGen: 198720K(205312K)->64K(192000K) Eden: 198656K(198656K)->0K(191488K) From: 64K(6656K)->64K(512K)
[683.485s][info][gc,heap        ] GC(1881) ParOldGen: 123894K(175104K)->123902K(175104K)
[683.485s][info][gc,metaspace   ] GC(1881) Metaspace: 35577K(36288K)->35577K(36288K) NonClass: 29305K(29824K)->29305K(29824K) Class: 6272K(6464K)->6272K(6464K)
[683.485s][info][gc             ] GC(1881) Pause Young (Allocation Failure) 315M->121M(358M) 2.090ms
[683.485s][info][gc,cpu         ] GC(1881) User=0.00s Sys=0.00s Real=0.00s
[683.753s][info][gc,start       ] GC(1882) Pause Young (Allocation Failure)
[683.784s][info][gc,heap        ] GC(1882) PSYoungGen: 191552K(192000K)->5632K(233984K) Eden: 191488K(191488K)->0K(228352K) From: 64K(512K)->5632K(5632K)
[683.784s][info][gc,heap        ] GC(1882) ParOldGen: 123902K(175104K)->133966K(175104K)
[683.785s][info][gc,metaspace   ] GC(1882) Metaspace: 35577K(36288K)->35577K(36288K) NonClass: 29305K(29824K)->29305K(29824K) Class: 6272K(6464K)->6272K(6464K)
[683.785s][info][gc             ] GC(1882) Pause Young (Allocation Failure) 308M->136M(399M) 31.951ms
[683.785s][info][gc,cpu         ] GC(1882) User=0.06s Sys=0.00s Real=0.03s
[684.041s][info][gc,start       ] GC(1883) Pause Young (Allocation Failure)
[684.085s][info][gc,heap        ] GC(1883) PSYoungGen: 233984K(233984K)->5632K(249856K) Eden: 228352K(228352K)->0K(244224K) From: 5632K(5632K)->5632K(5632K)
[684.085s][info][gc,heap        ] GC(1883) ParOldGen: 133966K(175104K)->153070K(175104K)
[684.085s][info][gc,metaspace   ] GC(1883) Metaspace: 35577K(36288K)->35577K(36288K) NonClass: 29305K(29824K)->29305K(29824K) Class: 6272K(6464K)->6272K(6464K)
[684.085s][info][gc             ] GC(1883) Pause Young (Allocation Failure) 359M->154M(415M) 44.671ms
[684.085s][info][gc,cpu         ] GC(1883) User=0.08s Sys=0.00s Real=0.04s
[684.357s][info][gc,start       ] GC(1884) Pause Young (Allocation Failure)
[684.405s][info][gc,heap        ] GC(1884) PSYoungGen: 249856K(249856K)->18432K(262656K) Eden: 244224K(244224K)->0K(244224K) From: 5632K(5632K)->18432K(18432K)
[684.405s][info][gc,heap        ] GC(1884) ParOldGen: 153070K(175104K)->161358K(175104K)
[684.405s][info][gc,metaspace   ] GC(1884) Metaspace: 35577K(36288K)->35577K(36288K) NonClass: 29305K(29824K)->29305K(29824K) Class: 6272K(6464K)->6272K(6464K)
[684.405s][info][gc             ] GC(1884) Pause Young (Allocation Failure) 393M->175M(427M) 47.839ms
[684.405s][info][gc,cpu         ] GC(1884) User=0.09s Sys=0.00s Real=0.04s
[684.499s][info][gc,start       ] GC(1885) Pause Young (Allocation Failure)
[684.508s][info][gc,heap        ] GC(1885) PSYoungGen: 262656K(262656K)->2912K(309760K) Eden: 244224K(244224K)->0K(284672K) From: 18432K(18432K)->2912K(25088K)
[684.508s][info][gc,heap        ] GC(1885) ParOldGen: 161358K(175104K)->161646K(175104K)
[684.508s][info][gc,metaspace   ] GC(1885) Metaspace: 35577K(36288K)->35577K(36288K) NonClass: 29305K(29824K)->29305K(29824K) Class: 6272K(6464K)->6272K(6464K)
[684.508s][info][gc             ] GC(1885) Pause Young (Allocation Failure) 414M->160M(473M) 8.747ms
[684.508s][info][gc,cpu         ] GC(1885) User=0.01s Sys=0.01s Real=0.01s
[685.061s][info][gc,start       ] GC(1886) Pause Young (Allocation Failure)
[685.062s][info][gc,heap        ] GC(1886) PSYoungGen: 287584K(309760K)->64K(285184K) Eden: 284672K(284672K)->0K(284672K) From: 2912K(25088K)->64K(512K)
[685.062s][info][gc,heap        ] GC(1886) ParOldGen: 161646K(175104K)->161654K(175104K)
[685.062s][info][gc,metaspace   ] GC(1886) Metaspace: 35577K(36288K)->35577K(36288K) NonClass: 29305K(29824K)->29305K(29824K) Class: 6272K(6464K)->6272K(6464K)
[685.062s][info][gc             ] GC(1886) Pause Young (Allocation Failure) 438M->157M(449M) 0.991ms
[685.062s][info][gc,cpu         ] GC(1886) User=0.01s Sys=0.00s Real=0.00s
[685.568s][info][gc,start       ] GC(1887) Pause Young (Allocation Failure)
[685.569s][info][gc,heap        ] GC(1887) PSYoungGen: 284736K(285184K)->64K(309248K) Eden: 284672K(284672K)->0K(285696K) From: 64K(512K)->64K(23552K)
[685.569s][info][gc,heap        ] GC(1887) ParOldGen: 161654K(175104K)->161662K(175104K)
[685.569s][info][gc,metaspace   ] GC(1887) Metaspace: 35577K(36288K)->35577K(36288K) NonClass: 29305K(29824K)->29305K(29824K) Class: 6272K(6464K)->6272K(6464K)
[685.569s][info][gc             ] GC(1887) Pause Young (Allocation Failure) 435M->157M(473M) 0.909ms
[685.569s][info][gc,cpu         ] GC(1887) User=0.00s Sys=0.00s Real=0.00s
[685.997s][info][gc,start       ] GC(1888) Pause Young (Allocation Failure)
[685.998s][info][gc,heap        ] GC(1888) PSYoungGen: 285760K(309248K)->32K(308224K) Eden: 285696K(285696K)->0K(285696K) From: 64K(23552K)->32K(22528K)
[685.998s][info][gc,heap        ] GC(1888) ParOldGen: 161662K(175104K)->161670K(175104K)
[685.998s][info][gc,metaspace   ] GC(1888) Metaspace: 35577K(36288K)->35577K(36288K) NonClass: 29305K(29824K)->29305K(29824K) Class: 6272K(6464K)->6272K(6464K)
[685.998s][info][gc             ] GC(1888) Pause Young (Allocation Failure) 436M->157M(472M) 1.207ms
[685.999s][info][gc,cpu         ] GC(1888) User=0.00s Sys=0.00s Real=0.00s
[686.224s][info][gc,start       ] GC(1889) Pause Young (Allocation Failure)
[686.225s][info][gc,heap        ] GC(1889) PSYoungGen: 285728K(308224K)->64K(310272K) Eden: 285696K(285696K)->0K(288768K) From: 32K(22528K)->64K(21504K)
[686.225s][info][gc,heap        ] GC(1889) ParOldGen: 161670K(175104K)->161686K(175104K)
[686.225s][info][gc,metaspace   ] GC(1889) Metaspace: 35577K(36288K)->35577K(36288K) NonClass: 29305K(29824K)->29305K(29824K) Class: 6272K(6464K)->6272K(6464K)
[686.225s][info][gc             ] GC(1889) Pause Young (Allocation Failure) 436M->157M(474M) 0.916ms
[686.225s][info][gc,cpu         ] GC(1889) User=0.00s Sys=0.00s Real=0.00s
[686.456s][info][gc,start       ] GC(1890) Pause Young (Allocation Failure)
[686.456s][info][gc,heap        ] GC(1890) PSYoungGen: 288832K(310272K)->64K(309248K) Eden: 288768K(288768K)->0K(288768K) From: 64K(21504K)->64K(20480K)
[686.457s][info][gc,heap        ] GC(1890) ParOldGen: 161686K(175104K)->161686K(175104K)
[686.457s][info][gc,metaspace   ] GC(1890) Metaspace: 35577K(36288K)->35577K(36288K) NonClass: 29305K(29824K)->29305K(29824K) Class: 6272K(6464K)->6272K(6464K)
[686.457s][info][gc             ] GC(1890) Pause Young (Allocation Failure) 439M->157M(473M) 0.965ms
[686.457s][info][gc,cpu         ] GC(1890) User=0.00s Sys=0.00s Real=0.01s
[686.821s][info][gc,start       ] GC(1891) Pause Young (Allocation Failure)
[686.822s][info][gc,heap        ] GC(1891) PSYoungGen: 288832K(309248K)->64K(312320K) Eden: 288768K(288768K)->0K(292864K) From: 64K(20480K)->64K(19456K)
[686.822s][info][gc,heap        ] GC(1891) ParOldGen: 161686K(175104K)->161686K(175104K)
[686.822s][info][gc,metaspace   ] GC(1891) Metaspace: 35577K(36288K)->35577K(36288K) NonClass: 29305K(29824K)->29305K(29824K) Class: 6272K(6464K)->6272K(6464K)
[686.822s][info][gc             ] GC(1891) Pause Young (Allocation Failure) 439M->157M(476M) 1.280ms
[686.822s][info][gc,cpu         ] GC(1891) User=0.01s Sys=0.00s Real=0.00s
[686.891s][info][gc,start       ] GC(1892) Pause Young (Allocation Failure)
[686.892s][info][gc,heap        ] GC(1892) PSYoungGen: 292928K(312320K)->64K(311808K) Eden: 292864K(292864K)->0K(292864K) From: 64K(19456K)->64K(18944K)
[686.892s][info][gc,heap        ] GC(1892) ParOldGen: 161686K(175104K)->161694K(175104K)
[686.892s][info][gc,metaspace   ] GC(1892) Metaspace: 35577K(36288K)->35577K(36288K) NonClass: 29305K(29824K)->29305K(29824K) Class: 6272K(6464K)->6272K(6464K)
[686.892s][info][gc             ] GC(1892) Pause Young (Allocation Failure) 443M->157M(475M) 1.062ms
[686.892s][info][gc,cpu         ] GC(1892) User=0.00s Sys=0.00s Real=0.00s
[686.945s][info][gc,start       ] GC(1893) Pause Young (Allocation Failure)
[686.946s][info][gc,heap        ] GC(1893) PSYoungGen: 292928K(311808K)->64K(313856K) Eden: 292864K(292864K)->0K(296448K) From: 64K(18944K)->64K(17408K)
[686.946s][info][gc,heap        ] GC(1893) ParOldGen: 161694K(175104K)->161710K(175104K)
[686.946s][info][gc,metaspace   ] GC(1893) Metaspace: 35577K(36288K)->35577K(36288K) NonClass: 29305K(29824K)->29305K(29824K) Class: 6272K(6464K)->6272K(6464K)
[686.946s][info][gc             ] GC(1893) Pause Young (Allocation Failure) 443M->157M(477M) 0.982ms
[686.946s][info][gc,cpu         ] GC(1893) User=0.00s Sys=0.00s Real=0.01s
[687.112s][info][gc,start       ] GC(1894) Pause Young (Allocation Failure)
[687.113s][info][gc,heap        ] GC(1894) PSYoungGen: 296512K(313856K)->64K(313344K) Eden: 296448K(296448K)->0K(296448K) From: 64K(17408K)->64K(16896K)
[687.113s][info][gc,heap        ] GC(1894) ParOldGen: 161710K(175104K)->161710K(175104K)
[687.113s][info][gc,metaspace   ] GC(1894) Metaspace: 35577K(36288K)->35577K(36288K) NonClass: 29305K(29824K)->29305K(29824K) Class: 6272K(6464K)->6272K(6464K)
[687.113s][info][gc             ] GC(1894) Pause Young (Allocation Failure) 447M->157M(477M) 1.148ms
[687.113s][info][gc,cpu         ] GC(1894) User=0.00s Sys=0.00s Real=0.00s
[687.325s][info][gc,start       ] GC(1895) Pause Young (Allocation Failure)
[687.326s][info][gc,heap        ] GC(1895) PSYoungGen: 296512K(313344K)->64K(315904K) Eden: 296448K(296448K)->0K(300544K) From: 64K(16896K)->64K(15360K)
[687.326s][info][gc,heap        ] GC(1895) ParOldGen: 161710K(175104K)->161718K(175104K)
[687.326s][info][gc,metaspace   ] GC(1895) Metaspace: 35577K(36288K)->35577K(36288K) NonClass: 29305K(29824K)->29305K(29824K) Class: 6272K(6464K)->6272K(6464K)
[687.326s][info][gc             ] GC(1895) Pause Young (Allocation Failure) 447M->157M(479M) 1.098ms
[687.326s][info][gc,cpu         ] GC(1895) User=0.00s Sys=0.00s Real=0.01s
[687.466s][info][gc,start       ] GC(1896) Pause Young (Allocation Failure)
[687.467s][info][gc,heap        ] GC(1896) PSYoungGen: 300608K(315904K)->64K(315392K) Eden: 300544K(300544K)->0K(300544K) From: 64K(15360K)->64K(14848K)
[687.467s][info][gc,heap        ] GC(1896) ParOldGen: 161718K(175104K)->161726K(175104K)
[687.467s][info][gc,metaspace   ] GC(1896) Metaspace: 35577K(36288K)->35577K(36288K) NonClass: 29305K(29824K)->29305K(29824K) Class: 6272K(6464K)->6272K(6464K)
[687.467s][info][gc             ] GC(1896) Pause Young (Allocation Failure) 451M->157M(479M) 0.988ms
[687.467s][info][gc,cpu         ] GC(1896) User=0.00s Sys=0.00s Real=0.01s
[687.554s][info][gc,start       ] GC(1897) Pause Young (Allocation Failure)
[687.555s][info][gc,heap        ] GC(1897) PSYoungGen: 300608K(315392K)->64K(317952K) Eden: 300544K(300544K)->0K(304640K) From: 64K(14848K)->64K(13312K)
[687.555s][info][gc,heap        ] GC(1897) ParOldGen: 161726K(175104K)->161734K(175104K)
[687.555s][info][gc,metaspace   ] GC(1897) Metaspace: 35577K(36288K)->35577K(36288K) NonClass: 29305K(29824K)->29305K(29824K) Class: 6272K(6464K)->6272K(6464K)
[687.555s][info][gc             ] GC(1897) Pause Young (Allocation Failure) 451M->158M(481M) 1.160ms
[687.555s][info][gc,cpu         ] GC(1897) User=0.00s Sys=0.00s Real=0.00s
[687.734s][info][gc,start       ] GC(1898) Pause Young (Allocation Failure)
[687.736s][info][gc,heap        ] GC(1898) PSYoungGen: 304704K(317952K)->64K(317952K) Eden: 304640K(304640K)->0K(304640K) From: 64K(13312K)->64K(13312K)
[687.736s][info][gc,heap        ] GC(1898) ParOldGen: 161734K(175104K)->161750K(175104K)
[687.736s][info][gc,metaspace   ] GC(1898) Metaspace: 35577K(36288K)->35577K(36288K) NonClass: 29305K(29824K)->29305K(29824K) Class: 6272K(6464K)->6272K(6464K)
[687.736s][info][gc             ] GC(1898) Pause Young (Allocation Failure) 455M->158M(481M) 1.149ms
[687.736s][info][gc,cpu         ] GC(1898) User=0.00s Sys=0.00s Real=0.00s
[688.702s][info][gc,start       ] GC(1899) Pause Young (Allocation Failure)
[688.704s][info][gc,heap        ] GC(1899) PSYoungGen: 304704K(317952K)->64K(292864K) Eden: 304640K(304640K)->0K(292352K) From: 64K(13312K)->64K(512K)
[688.704s][info][gc,heap        ] GC(1899) ParOldGen: 161750K(175104K)->161758K(175104K)
[688.704s][info][gc,metaspace   ] GC(1899) Metaspace: 35577K(36288K)->35577K(36288K) NonClass: 29305K(29824K)->29305K(29824K) Class: 6272K(6464K)->6272K(6464K)
[688.704s][info][gc             ] GC(1899) Pause Young (Allocation Failure) 455M->158M(457M) 1.401ms
[688.704s][info][gc,cpu         ] GC(1899) User=0.00s Sys=0.00s Real=0.00s
[689.602s][info][gc,start       ] GC(1900) Pause Young (Allocation Failure)
[689.604s][info][gc,heap        ] GC(1900) PSYoungGen: 292416K(292864K)->32K(292352K) Eden: 292352K(292352K)->0K(280576K) From: 64K(512K)->32K(11776K)
[689.604s][info][gc,heap        ] GC(1900) ParOldGen: 161758K(175104K)->161766K(175104K)
[689.604s][info][gc,metaspace   ] GC(1900) Metaspace: 35577K(36288K)->35577K(36288K) NonClass: 29305K(29824K)->29305K(29824K) Class: 6272K(6464K)->6272K(6464K)
[689.604s][info][gc             ] GC(1900) Pause Young (Allocation Failure) 443M->158M(456M) 1.402ms
[689.604s][info][gc,cpu         ] GC(1900) User=0.01s Sys=0.00s Real=0.00s
[689.922s][info][gc,start       ] GC(1901) Pause Young (Allocation Failure)
[689.924s][info][gc,heap        ] GC(1901) PSYoungGen: 280608K(292352K)->64K(270336K) Eden: 280576K(280576K)->0K(269824K) From: 32K(11776K)->64K(512K)
[689.925s][info][gc,heap        ] GC(1901) ParOldGen: 161766K(175104K)->161782K(175104K)
[689.925s][info][gc,metaspace   ] GC(1901) Metaspace: 35577K(36288K)->35577K(36288K) NonClass: 29305K(29824K)->29305K(29824K) Class: 6272K(6464K)->6272K(6464K)
[689.925s][info][gc             ] GC(1901) Pause Young (Allocation Failure) 432M->158M(435M) 2.501ms
[689.925s][info][gc,cpu         ] GC(1901) User=0.00s Sys=0.00s Real=0.00s
[690.335s][info][gc,start       ] GC(1902) Pause Young (Allocation Failure)
[690.336s][info][gc,heap        ] GC(1902) PSYoungGen: 269888K(270336K)->32K(269824K) Eden: 269824K(269824K)->0K(259584K) From: 64K(512K)->32K(10240K)
[690.336s][info][gc,heap        ] GC(1902) ParOldGen: 161782K(175104K)->161790K(175104K)
[690.336s][info][gc,metaspace   ] GC(1902) Metaspace: 35577K(36288K)->35577K(36288K) NonClass: 29305K(29824K)->29305K(29824K) Class: 6272K(6464K)->6272K(6464K)
[690.336s][info][gc             ] GC(1902) Pause Young (Allocation Failure) 421M->158M(434M) 1.364ms
[690.336s][info][gc,cpu         ] GC(1902) User=0.00s Sys=0.00s Real=0.01s
[691.276s][info][gc,start       ] GC(1903) Pause Young (Allocation Failure)
[691.277s][info][gc,heap        ] GC(1903) PSYoungGen: 259616K(269824K)->64K(250368K) Eden: 259584K(259584K)->0K(249856K) From: 32K(10240K)->64K(512K)
[691.278s][info][gc,heap        ] GC(1903) ParOldGen: 161790K(175104K)->161798K(175104K)
[691.278s][info][gc,metaspace   ] GC(1903) Metaspace: 35577K(36288K)->35577K(36288K) NonClass: 29305K(29824K)->29305K(29824K) Class: 6272K(6464K)->6272K(6464K)
[691.278s][info][gc             ] GC(1903) Pause Young (Allocation Failure) 411M->158M(415M) 1.483ms
[691.278s][info][gc,cpu         ] GC(1903) User=0.00s Sys=0.00s Real=0.00s
[691.641s][info][gc,start       ] GC(1904) Pause Young (Allocation Failure)
[691.642s][info][gc,heap        ] GC(1904) PSYoungGen: 249920K(250368K)->64K(248832K) Eden: 249856K(249856K)->0K(240128K) From: 64K(512K)->64K(8704K)
[691.642s][info][gc,heap        ] GC(1904) ParOldGen: 161798K(175104K)->161806K(175104K)
[691.642s][info][gc,metaspace   ] GC(1904) Metaspace: 35577K(36288K)->35577K(36288K) NonClass: 29305K(29824K)->29305K(29824K) Class: 6272K(6464K)->6272K(6464K)
[691.642s][info][gc             ] GC(1904) Pause Young (Allocation Failure) 402M->158M(414M) 0.914ms
[691.642s][info][gc,cpu         ] GC(1904) User=0.01s Sys=0.00s Real=0.00s
[691.785s][info][gc,start       ] GC(1905) Pause Young (Allocation Failure)
[691.786s][info][gc,heap        ] GC(1905) PSYoungGen: 240192K(248832K)->64K(231424K) Eden: 240128K(240128K)->0K(230912K) From: 64K(8704K)->64K(512K)
[691.786s][info][gc,heap        ] GC(1905) ParOldGen: 161806K(175104K)->161814K(175104K)
[691.786s][info][gc,metaspace   ] GC(1905) Metaspace: 35577K(36288K)->35577K(36288K) NonClass: 29305K(29824K)->29305K(29824K) Class: 6272K(6464K)->6272K(6464K)
[691.786s][info][gc             ] GC(1905) Pause Young (Allocation Failure) 392M->158M(397M) 1.845ms
[691.786s][info][gc,cpu         ] GC(1905) User=0.00s Sys=0.00s Real=0.01s
[692.032s][info][gc,start       ] GC(1906) Pause Young (Allocation Failure)
[692.033s][info][gc,heap        ] GC(1906) PSYoungGen: 230976K(231424K)->64K(229888K) Eden: 230912K(230912K)->0K(222208K) From: 64K(512K)->64K(7680K)
[692.033s][info][gc,heap        ] GC(1906) ParOldGen: 161814K(175104K)->161822K(175104K)
[692.033s][info][gc,metaspace   ] GC(1906) Metaspace: 35577K(36288K)->35577K(36288K) NonClass: 29305K(29824K)->29305K(29824K) Class: 6272K(6464K)->6272K(6464K)
[692.033s][info][gc             ] GC(1906) Pause Young (Allocation Failure) 383M->158M(395M) 0.921ms
[692.033s][info][gc,cpu         ] GC(1906) User=0.01s Sys=0.00s Real=0.00s
[692.504s][info][gc,start       ] GC(1907) Pause Young (Allocation Failure)
[692.506s][info][gc,heap        ] GC(1907) PSYoungGen: 222272K(229888K)->64K(214528K) Eden: 222208K(222208K)->0K(214016K) From: 64K(7680K)->64K(512K)
[692.506s][info][gc,heap        ] GC(1907) ParOldGen: 161822K(175104K)->161830K(175104K)
[692.506s][info][gc,metaspace   ] GC(1907) Metaspace: 35577K(36288K)->35577K(36288K) NonClass: 29305K(29824K)->29305K(29824K) Class: 6272K(6464K)->6272K(6464K)
[692.506s][info][gc             ] GC(1907) Pause Young (Allocation Failure) 375M->158M(380M) 1.425ms
[692.506s][info][gc,cpu         ] GC(1907) User=0.01s Sys=0.00s Real=0.00s
[692.778s][info][gc,start       ] GC(1908) Pause Young (Allocation Failure)
[692.779s][info][gc,heap        ] GC(1908) PSYoungGen: 214080K(214528K)->64K(212992K) Eden: 214016K(214016K)->0K(206336K) From: 64K(512K)->64K(6656K)
[692.779s][info][gc,heap        ] GC(1908) ParOldGen: 161830K(175104K)->161838K(175104K)
[692.779s][info][gc,metaspace   ] GC(1908) Metaspace: 35577K(36288K)->35577K(36288K) NonClass: 29305K(29824K)->29305K(29824K) Class: 6272K(6464K)->6272K(6464K)
[692.779s][info][gc             ] GC(1908) Pause Young (Allocation Failure) 367M->158M(379M) 0.998ms
[692.779s][info][gc,cpu         ] GC(1908) User=0.00s Sys=0.00s Real=0.00s
[693.053s][info][gc,start       ] GC(1909) Pause Young (Allocation Failure)
[693.084s][info][gc,heap        ] GC(1909) PSYoungGen: 206400K(212992K)->6144K(252416K) Eden: 206336K(206336K)->0K(246272K) From: 64K(6656K)->6144K(6144K)
[693.085s][info][gc,heap        ] GC(1909) ParOldGen: 161838K(175104K)->174078K(175104K)
[693.085s][info][gc,metaspace   ] GC(1909) Metaspace: 35577K(36288K)->35577K(36288K) NonClass: 29305K(29824K)->29305K(29824K) Class: 6272K(6464K)->6272K(6464K)
[693.085s][info][gc             ] GC(1909) Pause Young (Allocation Failure) 359M->175M(417M) 31.645ms
[693.085s][info][gc,cpu         ] GC(1909) User=0.06s Sys=0.00s Real=0.03s
[693.358s][info][gc,start       ] GC(1910) Pause Young (Allocation Failure)
[693.411s][info][gc,heap        ] GC(1910) PSYoungGen: 252416K(252416K)->12288K(273920K) Eden: 246272K(246272K)->0K(261632K) From: 6144K(6144K)->12288K(12288K)
[693.411s][info][gc,heap        ] GC(1910) ParOldGen: 174078K(175104K)->188502K(188928K)
[693.411s][info][gc,metaspace   ] GC(1910) Metaspace: 35578K(36288K)->35578K(36288K) NonClass: 29306K(29824K)->29306K(29824K) Class: 6272K(6464K)->6272K(6464K)
[693.411s][info][gc             ] GC(1910) Pause Young (Allocation Failure) 416M->196M(452M) 52.662ms
[693.411s][info][gc,cpu         ] GC(1910) User=0.09s Sys=0.01s Real=0.05s
[693.672s][info][gc,start       ] GC(1911) Pause Young (Allocation Failure)
[693.727s][info][gc,heap        ] GC(1911) PSYoungGen: 273920K(273920K)->20480K(302080K) Eden: 261632K(261632K)->0K(281600K) From: 12288K(12288K)->20480K(20480K)
[693.727s][info][gc,heap        ] GC(1911) ParOldGen: 188502K(188928K)->192846K(193024K)
[693.727s][info][gc,metaspace   ] GC(1911) Metaspace: 35578K(36288K)->35578K(36288K) NonClass: 29306K(29824K)->29306K(29824K) Class: 6272K(6464K)->6272K(6464K)
[693.727s][info][gc             ] GC(1911) Pause Young (Allocation Failure) 451M->208M(483M) 54.489ms
[693.727s][info][gc,cpu         ] GC(1911) User=0.09s Sys=0.02s Real=0.06s
[693.851s][info][gc,start       ] GC(1912) Pause Young (Allocation Failure)
[693.853s][info][gc,heap        ] GC(1912) PSYoungGen: 302080K(302080K)->64K(307712K) Eden: 281600K(281600K)->0K(281600K) From: 20480K(20480K)->64K(26112K)
[693.853s][info][gc,heap        ] GC(1912) ParOldGen: 192846K(193024K)->192998K(193024K)
[693.853s][info][gc,metaspace   ] GC(1912) Metaspace: 35578K(36288K)->35578K(36288K) NonClass: 29306K(29824K)->29306K(29824K) Class: 6272K(6464K)->6272K(6464K)
[693.853s][info][gc             ] GC(1912) Pause Young (Allocation Failure) 483M->188M(489M) 2.089ms
[693.853s][info][gc,cpu         ] GC(1912) User=0.01s Sys=0.00s Real=0.00s
[694.602s][info][gc,start       ] GC(1913) Pause Young (Allocation Failure)
[694.603s][info][gc,heap        ] GC(1913) PSYoungGen: 281664K(307712K)->64K(305152K) Eden: 281600K(281600K)->0K(282112K) From: 64K(26112K)->64K(23040K)
[694.603s][info][gc,heap        ] GC(1913) ParOldGen: 192998K(193024K)->193014K(193024K)
[694.604s][info][gc,metaspace   ] GC(1913) Metaspace: 35578K(36288K)->35578K(36288K) NonClass: 29306K(29824K)->29306K(29824K) Class: 6272K(6464K)->6272K(6464K)
[694.604s][info][gc             ] GC(1913) Pause Young (Allocation Failure) 463M->188M(486M) 1.247ms
[694.604s][info][gc,cpu         ] GC(1913) User=0.00s Sys=0.00s Real=0.00s
[694.931s][info][gc,start       ] GC(1914) Pause Young (Allocation Failure)
[694.932s][info][gc,heap        ] GC(1914) PSYoungGen: 282176K(305152K)->64K(306688K) Eden: 282112K(282112K)->0K(282112K) From: 64K(23040K)->64K(24576K)
[694.932s][info][gc,heap        ] GC(1914) ParOldGen: 193014K(193024K)->193014K(193024K)
[694.932s][info][gc,metaspace   ] GC(1914) Metaspace: 35578K(36288K)->35578K(36288K) NonClass: 29306K(29824K)->29306K(29824K) Class: 6272K(6464K)->6272K(6464K)
[694.932s][info][gc             ] GC(1914) Pause Young (Allocation Failure) 464M->188M(488M) 1.043ms
[694.932s][info][gc,cpu         ] GC(1914) User=0.00s Sys=0.00s Real=0.00s
[695.395s][info][gc,start       ] GC(1915) Pause Young (Allocation Failure)
[695.396s][info][gc,heap        ] GC(1915) PSYoungGen: 282176K(306688K)->64K(306688K) Eden: 282112K(282112K)->0K(285696K) From: 64K(24576K)->64K(20992K)
[695.396s][info][gc,heap        ] GC(1915) ParOldGen: 193014K(193024K)->193030K(193536K)
[695.396s][info][gc,metaspace   ] GC(1915) Metaspace: 35578K(36288K)->35578K(36288K) NonClass: 29306K(29824K)->29306K(29824K) Class: 6272K(6464K)->6272K(6464K)
[695.396s][info][gc             ] GC(1915) Pause Young (Allocation Failure) 464M->188M(488M) 1.126ms
[695.396s][info][gc,cpu         ] GC(1915) User=0.00s Sys=0.00s Real=0.01s
[695.624s][info][gc,start       ] GC(1916) Pause Young (Allocation Failure)
[695.625s][info][gc,heap        ] GC(1916) PSYoungGen: 285760K(306688K)->64K(308224K) Eden: 285696K(285696K)->0K(285696K) From: 64K(20992K)->64K(22528K)
[695.625s][info][gc,heap        ] GC(1916) ParOldGen: 193030K(193536K)->193046K(193536K)
[695.625s][info][gc,metaspace   ] GC(1916) Metaspace: 35578K(36288K)->35578K(36288K) NonClass: 29306K(29824K)->29306K(29824K) Class: 6272K(6464K)->6272K(6464K)
[695.625s][info][gc             ] GC(1916) Pause Young (Allocation Failure) 467M->188M(490M) 1.052ms
[695.625s][info][gc,cpu         ] GC(1916) User=0.00s Sys=0.00s Real=0.00s
[695.863s][info][gc,start       ] GC(1917) Pause Young (Allocation Failure)
[695.864s][info][gc,heap        ] GC(1917) PSYoungGen: 285760K(308224K)->32K(308736K) Eden: 285696K(285696K)->0K(289792K) From: 64K(22528K)->32K(18944K)
[695.864s][info][gc,heap        ] GC(1917) ParOldGen: 193046K(193536K)->193046K(193536K)
[695.864s][info][gc,metaspace   ] GC(1917) Metaspace: 35578K(36288K)->35578K(36288K) NonClass: 29306K(29824K)->29306K(29824K) Class: 6272K(6464K)->6272K(6464K)
[695.864s][info][gc             ] GC(1917) Pause Young (Allocation Failure) 467M->188M(490M) 1.033ms
[695.864s][info][gc,cpu         ] GC(1917) User=0.00s Sys=0.00s Real=0.00s
[696.195s][info][gc,start       ] GC(1918) Pause Young (Allocation Failure)
[696.196s][info][gc,heap        ] GC(1918) PSYoungGen: 289824K(308736K)->64K(310272K) Eden: 289792K(289792K)->0K(289792K) From: 32K(18944K)->64K(20480K)
[696.196s][info][gc,heap        ] GC(1918) ParOldGen: 193046K(193536K)->193046K(193536K)
[696.196s][info][gc,metaspace   ] GC(1918) Metaspace: 35578K(36288K)->35578K(36288K) NonClass: 29306K(29824K)->29306K(29824K) Class: 6272K(6464K)->6272K(6464K)
[696.196s][info][gc             ] GC(1918) Pause Young (Allocation Failure) 471M->188M(492M) 1.015ms
[696.196s][info][gc,cpu         ] GC(1918) User=0.00s Sys=0.00s Real=0.01s
[696.249s][info][gc,start       ] GC(1919) Pause Young (Allocation Failure)
[696.250s][info][gc,heap        ] GC(1919) PSYoungGen: 289856K(310272K)->64K(310784K) Eden: 289792K(289792K)->0K(293888K) From: 64K(20480K)->64K(16896K)
[696.250s][info][gc,heap        ] GC(1919) ParOldGen: 193046K(193536K)->193062K(193536K)
[696.250s][info][gc,metaspace   ] GC(1919) Metaspace: 35578K(36288K)->35578K(36288K) NonClass: 29306K(29824K)->29306K(29824K) Class: 6272K(6464K)->6272K(6464K)
[696.250s][info][gc             ] GC(1919) Pause Young (Allocation Failure) 471M->188M(492M) 1.064ms
[696.250s][info][gc,cpu         ] GC(1919) User=0.01s Sys=0.00s Real=0.00s
[696.306s][info][gc,start       ] GC(1920) Pause Young (Allocation Failure)
[696.307s][info][gc,heap        ] GC(1920) PSYoungGen: 293952K(310784K)->64K(312320K) Eden: 293888K(293888K)->0K(293888K) From: 64K(16896K)->64K(18432K)
[696.307s][info][gc,heap        ] GC(1920) ParOldGen: 193062K(193536K)->193062K(193536K)
[696.307s][info][gc,metaspace   ] GC(1920) Metaspace: 35578K(36288K)->35578K(36288K) NonClass: 29306K(29824K)->29306K(29824K) Class: 6272K(6464K)->6272K(6464K)
[696.307s][info][gc             ] GC(1920) Pause Young (Allocation Failure) 475M->188M(494M) 1.000ms
[696.308s][info][gc,cpu         ] GC(1920) User=0.00s Sys=0.00s Real=0.00s
[696.515s][info][gc,start       ] GC(1921) Pause Young (Allocation Failure)
[696.516s][info][gc,heap        ] GC(1921) PSYoungGen: 293952K(312320K)->64K(312832K) Eden: 293888K(293888K)->0K(297984K) From: 64K(18432K)->64K(14848K)
[696.516s][info][gc,heap        ] GC(1921) ParOldGen: 193062K(193536K)->193062K(193536K)
[696.516s][info][gc,metaspace   ] GC(1921) Metaspace: 35578K(36288K)->35578K(36288K) NonClass: 29306K(29824K)->29306K(29824K) Class: 6272K(6464K)->6272K(6464K)
[696.516s][info][gc             ] GC(1921) Pause Young (Allocation Failure) 475M->188M(494M) 1.060ms
[696.516s][info][gc,cpu         ] GC(1921) User=0.00s Sys=0.00s Real=0.01s
[696.733s][info][gc,start       ] GC(1922) Pause Young (Allocation Failure)
[696.734s][info][gc,heap        ] GC(1922) PSYoungGen: 298048K(312832K)->64K(314368K) Eden: 297984K(297984K)->0K(297984K) From: 64K(14848K)->64K(16384K)
[696.734s][info][gc,heap        ] GC(1922) ParOldGen: 193062K(193536K)->193070K(193536K)
[696.734s][info][gc,metaspace   ] GC(1922) Metaspace: 35578K(36288K)->35578K(36288K) NonClass: 29306K(29824K)->29306K(29824K) Class: 6272K(6464K)->6272K(6464K)
[696.734s][info][gc             ] GC(1922) Pause Young (Allocation Failure) 479M->188M(496M) 1.049ms
[696.734s][info][gc,cpu         ] GC(1922) User=0.00s Sys=0.00s Real=0.00s
[696.834s][info][gc,start       ] GC(1923) Pause Young (Allocation Failure)
[696.835s][info][gc,heap        ] GC(1923) PSYoungGen: 298048K(314368K)->64K(314880K) Eden: 297984K(297984K)->0K(302080K) From: 64K(16384K)->64K(12800K)
[696.835s][info][gc,heap        ] GC(1923) ParOldGen: 193070K(193536K)->193078K(193536K)
[696.835s][info][gc,metaspace   ] GC(1923) Metaspace: 35578K(36288K)->35578K(36288K) NonClass: 29306K(29824K)->29306K(29824K) Class: 6272K(6464K)->6272K(6464K)
[696.835s][info][gc             ] GC(1923) Pause Young (Allocation Failure) 479M->188M(496M) 1.054ms
[696.835s][info][gc,cpu         ] GC(1923) User=0.00s Sys=0.00s Real=0.00s
[696.951s][info][gc,start       ] GC(1924) Pause Young (Allocation Failure)
[696.952s][info][gc,heap        ] GC(1924) PSYoungGen: 302144K(314880K)->64K(316416K) Eden: 302080K(302080K)->0K(302080K) From: 64K(12800K)->64K(14336K)
[696.952s][info][gc,heap        ] GC(1924) ParOldGen: 193078K(193536K)->193086K(193536K)
[696.952s][info][gc,metaspace   ] GC(1924) Metaspace: 35578K(36288K)->35578K(36288K) NonClass: 29306K(29824K)->29306K(29824K) Class: 6272K(6464K)->6272K(6464K)
[696.952s][info][gc             ] GC(1924) Pause Young (Allocation Failure) 483M->188M(498M) 0.993ms
[696.952s][info][gc,cpu         ] GC(1924) User=0.01s Sys=0.00s Real=0.00s
[697.224s][info][gc,start       ] GC(1925) Pause Young (Allocation Failure)
[697.226s][info][gc,heap        ] GC(1925) PSYoungGen: 302144K(316416K)->64K(290816K) Eden: 302080K(302080K)->0K(290304K) From: 64K(14336K)->64K(512K)
[697.226s][info][gc,heap        ] GC(1925) ParOldGen: 193086K(193536K)->193094K(193536K)
[697.226s][info][gc,metaspace   ] GC(1925) Metaspace: 35578K(36288K)->35578K(36288K) NonClass: 29306K(29824K)->29306K(29824K) Class: 6272K(6464K)->6272K(6464K)
[697.226s][info][gc             ] GC(1925) Pause Young (Allocation Failure) 483M->188M(473M) 1.869ms
[697.226s][info][gc,cpu         ] GC(1925) User=0.00s Sys=0.00s Real=0.01s
[698.068s][info][gc,start       ] GC(1926) Pause Young (Allocation Failure)
[698.069s][info][gc,heap        ] GC(1926) PSYoungGen: 290368K(290816K)->64K(291840K) Eden: 290304K(290304K)->0K(279040K) From: 64K(512K)->64K(12800K)
[698.069s][info][gc,heap        ] GC(1926) ParOldGen: 193094K(193536K)->193102K(193536K)
[698.069s][info][gc,metaspace   ] GC(1926) Metaspace: 35578K(36288K)->35578K(36288K) NonClass: 29306K(29824K)->29306K(29824K) Class: 6272K(6464K)->6272K(6464K)
[698.069s][info][gc             ] GC(1926) Pause Young (Allocation Failure) 472M->188M(474M) 0.942ms
[698.069s][info][gc,cpu         ] GC(1926) User=0.00s Sys=0.00s Real=0.00s
[699.004s][info][gc,start       ] GC(1927) Pause Young (Allocation Failure)
[699.007s][info][gc,heap        ] GC(1927) PSYoungGen: 279104K(291840K)->64K(268800K) Eden: 279040K(279040K)->0K(268288K) From: 64K(12800K)->64K(512K)
[699.007s][info][gc,heap        ] GC(1927) ParOldGen: 193102K(193536K)->193118K(193536K)
[699.007s][info][gc,metaspace   ] GC(1927) Metaspace: 35578K(36288K)->35578K(36288K) NonClass: 29306K(29824K)->29306K(29824K) Class: 6272K(6464K)->6272K(6464K)
[699.007s][info][gc             ] GC(1927) Pause Young (Allocation Failure) 461M->188M(451M) 2.488ms
[699.007s][info][gc,cpu         ] GC(1927) User=0.00s Sys=0.00s Real=0.01s
[699.365s][info][gc,start       ] GC(1928) Pause Young (Allocation Failure)
[699.367s][info][gc,heap        ] GC(1928) PSYoungGen: 268352K(268800K)->64K(269312K) Eden: 268288K(268288K)->0K(258048K) From: 64K(512K)->64K(11264K)
[699.367s][info][gc,heap        ] GC(1928) ParOldGen: 193118K(193536K)->193134K(193536K)
[699.367s][info][gc,metaspace   ] GC(1928) Metaspace: 35578K(36288K)->35578K(36288K) NonClass: 29306K(29824K)->29306K(29824K) Class: 6272K(6464K)->6272K(6464K)
[699.367s][info][gc             ] GC(1928) Pause Young (Allocation Failure) 450M->188M(452M) 1.712ms
[699.367s][info][gc,cpu         ] GC(1928) User=0.00s Sys=0.00s Real=0.01s
[699.725s][info][gc,start       ] GC(1929) Pause Young (Allocation Failure)
[699.726s][info][gc,heap        ] GC(1929) PSYoungGen: 258112K(269312K)->64K(248832K) Eden: 258048K(258048K)->0K(248320K) From: 64K(11264K)->64K(512K)
[699.726s][info][gc,heap        ] GC(1929) ParOldGen: 193134K(193536K)->193150K(193536K)
[699.726s][info][gc,metaspace   ] GC(1929) Metaspace: 35578K(36288K)->35578K(36288K) NonClass: 29306K(29824K)->29306K(29824K) Class: 6272K(6464K)->6272K(6464K)
[699.726s][info][gc             ] GC(1929) Pause Young (Allocation Failure) 440M->188M(432M) 1.942ms
[699.726s][info][gc,cpu         ] GC(1929) User=0.00s Sys=0.00s Real=0.01s
[700.676s][info][gc,start       ] GC(1930) Pause Young (Allocation Failure)
[700.677s][info][gc,heap        ] GC(1930) PSYoungGen: 248384K(248832K)->32K(248832K) Eden: 248320K(248320K)->0K(239104K) From: 64K(512K)->32K(9728K)
[700.677s][info][gc,heap        ] GC(1930) ParOldGen: 193150K(193536K)->193158K(193536K)
[700.677s][info][gc,metaspace   ] GC(1930) Metaspace: 35578K(36288K)->35578K(36288K) NonClass: 29306K(29824K)->29306K(29824K) Class: 6272K(6464K)->6272K(6464K)
[700.677s][info][gc             ] GC(1930) Pause Young (Allocation Failure) 431M->188M(432M) 1.532ms
[700.677s][info][gc,cpu         ] GC(1930) User=0.01s Sys=0.00s Real=0.01s
[701.021s][info][gc,start       ] GC(1931) Pause Young (Allocation Failure)
[701.022s][info][gc,heap        ] GC(1931) PSYoungGen: 239136K(248832K)->64K(230400K) Eden: 239104K(239104K)->0K(229888K) From: 32K(9728K)->64K(512K)
[701.022s][info][gc,heap        ] GC(1931) ParOldGen: 193158K(193536K)->193166K(193536K)
[701.022s][info][gc,metaspace   ] GC(1931) Metaspace: 35578K(36288K)->35578K(36288K) NonClass: 29306K(29824K)->29306K(29824K) Class: 6272K(6464K)->6272K(6464K)
[701.022s][info][gc             ] GC(1931) Pause Young (Allocation Failure) 422M->188M(414M) 1.869ms
[701.022s][info][gc,cpu         ] GC(1931) User=0.00s Sys=0.01s Real=0.00s
[701.161s][info][gc,start       ] GC(1932) Pause Young (Allocation Failure)
[701.162s][info][gc,heap        ] GC(1932) PSYoungGen: 229952K(230400K)->64K(229376K) Eden: 229888K(229888K)->0K(221184K) From: 64K(512K)->64K(8192K)
[701.162s][info][gc,heap        ] GC(1932) ParOldGen: 193166K(193536K)->193174K(193536K)
[701.162s][info][gc,metaspace   ] GC(1932) Metaspace: 35578K(36288K)->35578K(36288K) NonClass: 29306K(29824K)->29306K(29824K) Class: 6272K(6464K)->6272K(6464K)
[701.162s][info][gc             ] GC(1932) Pause Young (Allocation Failure) 413M->188M(413M) 0.978ms
[701.162s][info][gc,cpu         ] GC(1932) User=0.00s Sys=0.00s Real=0.00s
[701.376s][info][gc,start       ] GC(1933) Pause Young (Allocation Failure)
[701.377s][info][gc,heap        ] GC(1933) PSYoungGen: 221248K(229376K)->64K(213504K) Eden: 221184K(221184K)->0K(212992K) From: 64K(8192K)->64K(512K)
[701.377s][info][gc,heap        ] GC(1933) ParOldGen: 193174K(193536K)->193182K(193536K)
[701.377s][info][gc,metaspace   ] GC(1933) Metaspace: 35578K(36288K)->35578K(36288K) NonClass: 29306K(29824K)->29306K(29824K) Class: 6272K(6464K)->6272K(6464K)
[701.377s][info][gc             ] GC(1933) Pause Young (Allocation Failure) 404M->188M(397M) 1.567ms
[701.377s][info][gc,cpu         ] GC(1933) User=0.00s Sys=0.00s Real=0.00s
[701.899s][info][gc,start       ] GC(1934) Pause Young (Allocation Failure)
[701.900s][info][gc,heap        ] GC(1934) PSYoungGen: 213056K(213504K)->64K(212480K) Eden: 212992K(212992K)->0K(205312K) From: 64K(512K)->64K(7168K)
[701.900s][info][gc,heap        ] GC(1934) ParOldGen: 193182K(193536K)->193190K(193536K)
[701.900s][info][gc,metaspace   ] GC(1934) Metaspace: 35578K(36288K)->35578K(36288K) NonClass: 29306K(29824K)->29306K(29824K) Class: 6272K(6464K)->6272K(6464K)
[701.900s][info][gc             ] GC(1934) Pause Young (Allocation Failure) 396M->188M(396M) 0.969ms
[701.900s][info][gc,cpu         ] GC(1934) User=0.00s Sys=0.00s Real=0.00s
[702.131s][info][gc,start       ] GC(1935) Pause Young (Allocation Failure)
[702.132s][info][gc,heap        ] GC(1935) PSYoungGen: 205376K(212480K)->64K(198656K) Eden: 205312K(205312K)->0K(198144K) From: 64K(7168K)->64K(512K)
[702.132s][info][gc,heap        ] GC(1935) ParOldGen: 193190K(193536K)->193198K(193536K)
[702.132s][info][gc,metaspace   ] GC(1935) Metaspace: 35578K(36288K)->35578K(36288K) NonClass: 29306K(29824K)->29306K(29824K) Class: 6272K(6464K)->6272K(6464K)
[702.132s][info][gc             ] GC(1935) Pause Young (Allocation Failure) 389M->188M(383M) 1.497ms
[702.132s][info][gc,cpu         ] GC(1935) User=0.00s Sys=0.00s Real=0.00s
[702.421s][info][gc,start       ] GC(1936) Pause Young (Allocation Failure)
[702.449s][info][gc,heap        ] GC(1936) PSYoungGen: 198208K(198656K)->6144K(242688K) Eden: 198144K(198144K)->0K(236544K) From: 64K(512K)->6144K(6144K)
[702.449s][info][gc,heap        ] GC(1936) ParOldGen: 193198K(193536K)->201182K(201216K)
[702.449s][info][gc,metaspace   ] GC(1936) Metaspace: 35578K(36288K)->35578K(36288K) NonClass: 29306K(29824K)->29306K(29824K) Class: 6272K(6464K)->6272K(6464K)
[702.449s][info][gc             ] GC(1936) Pause Young (Allocation Failure) 382M->202M(433M) 28.166ms
[702.449s][info][gc,cpu         ] GC(1936) User=0.05s Sys=0.01s Real=0.03s
[702.716s][info][gc,start       ] GC(1937) Pause Young (Allocation Failure)
[702.769s][info][gc,heap        ] GC(1937) PSYoungGen: 242688K(242688K)->6144K(259072K) Eden: 236544K(236544K)->0K(252928K) From: 6144K(6144K)->6144K(6144K)
[702.769s][info][gc,heap        ] GC(1937) ParOldGen: 201182K(201216K)->220574K(220672K)
[702.769s][info][gc,metaspace   ] GC(1937) Metaspace: 35578K(36288K)->35578K(36288K) NonClass: 29306K(29824K)->29306K(29824K) Class: 6272K(6464K)->6272K(6464K)
[702.769s][info][gc             ] GC(1937) Pause Young (Allocation Failure) 433M->221M(468M) 53.246ms
[702.769s][info][gc,cpu         ] GC(1937) User=0.10s Sys=0.00s Real=0.05s
[703.052s][info][gc,start       ] GC(1938) Pause Young (Allocation Failure)
[703.104s][info][gc,heap        ] GC(1938) PSYoungGen: 259072K(259072K)->18432K(271360K) Eden: 252928K(252928K)->0K(252928K) From: 6144K(6144K)->18432K(18432K)
[703.104s][info][gc,heap        ] GC(1938) ParOldGen: 220574K(220672K)->229806K(229888K)
[703.104s][info][gc,metaspace   ] GC(1938) Metaspace: 35578K(36288K)->35578K(36288K) NonClass: 29306K(29824K)->29306K(29824K) Class: 6272K(6464K)->6272K(6464K)
[703.104s][info][gc             ] GC(1938) Pause Young (Allocation Failure) 468M->242M(489M) 51.565ms
[703.104s][info][gc,cpu         ] GC(1938) User=0.10s Sys=0.01s Real=0.05s
[703.203s][info][gc,start       ] GC(1939) Pause Young (Allocation Failure)
[703.211s][info][gc,heap        ] GC(1939) PSYoungGen: 271360K(271360K)->2688K(309248K) Eden: 252928K(252928K)->0K(283648K) From: 18432K(18432K)->2688K(25600K)
[703.211s][info][gc,heap        ] GC(1939) ParOldGen: 229806K(229888K)->230126K(230400K)
[703.211s][info][gc,metaspace   ] GC(1939) Metaspace: 35578K(36288K)->35578K(36288K) NonClass: 29306K(29824K)->29306K(29824K) Class: 6272K(6464K)->6272K(6464K)
[703.211s][info][gc             ] GC(1939) Pause Young (Allocation Failure) 489M->227M(527M) 8.810ms
[703.211s][info][gc,cpu         ] GC(1939) User=0.02s Sys=0.00s Real=0.01s
[703.773s][info][gc,start       ] GC(1940) Pause Young (Allocation Failure)
[703.775s][info][gc,heap        ] GC(1940) PSYoungGen: 286336K(309248K)->64K(284160K) Eden: 283648K(283648K)->0K(283648K) From: 2688K(25600K)->64K(512K)
[703.775s][info][gc,heap        ] GC(1940) ParOldGen: 230126K(230400K)->230134K(230400K)
[703.775s][info][gc,metaspace   ] GC(1940) Metaspace: 35578K(36288K)->35578K(36288K) NonClass: 29306K(29824K)->29306K(29824K) Class: 6272K(6464K)->6272K(6464K)
[703.775s][info][gc             ] GC(1940) Pause Young (Allocation Failure) 504M->224M(502M) 1.199ms
[703.775s][info][gc,cpu         ] GC(1940) User=0.01s Sys=0.00s Real=0.00s
[704.264s][info][gc,start       ] GC(1941) Pause Young (Allocation Failure)
[704.265s][info][gc,heap        ] GC(1941) PSYoungGen: 283712K(284160K)->64K(308736K) Eden: 283648K(283648K)->0K(284672K) From: 64K(512K)->64K(24064K)
[704.265s][info][gc,heap        ] GC(1941) ParOldGen: 230134K(230400K)->230142K(230400K)
[704.265s][info][gc,metaspace   ] GC(1941) Metaspace: 35578K(36288K)->35578K(36288K) NonClass: 29306K(29824K)->29306K(29824K) Class: 6272K(6464K)->6272K(6464K)
[704.265s][info][gc             ] GC(1941) Pause Young (Allocation Failure) 501M->224M(526M) 1.147ms
[704.265s][info][gc,cpu         ] GC(1941) User=0.01s Sys=0.00s Real=0.00s
[704.695s][info][gc,start       ] GC(1942) Pause Young (Allocation Failure)
[704.696s][info][gc,heap        ] GC(1942) PSYoungGen: 284736K(308736K)->64K(307712K) Eden: 284672K(284672K)->0K(284672K) From: 64K(24064K)->64K(23040K)
[704.696s][info][gc,heap        ] GC(1942) ParOldGen: 230142K(230400K)->230158K(230400K)
[704.696s][info][gc,metaspace   ] GC(1942) Metaspace: 35578K(36288K)->35578K(36288K) NonClass: 29306K(29824K)->29306K(29824K) Class: 6272K(6464K)->6272K(6464K)
[704.696s][info][gc             ] GC(1942) Pause Young (Allocation Failure) 502M->224M(525M) 1.179ms
[704.696s][info][gc,cpu         ] GC(1942) User=0.00s Sys=0.00s Real=0.01s
[704.925s][info][gc,start       ] GC(1943) Pause Young (Allocation Failure)
[704.926s][info][gc,heap        ] GC(1943) PSYoungGen: 284736K(307712K)->64K(309760K) Eden: 284672K(284672K)->0K(287744K) From: 64K(23040K)->64K(22016K)
[704.926s][info][gc,heap        ] GC(1943) ParOldGen: 230158K(230400K)->230174K(230400K)
[704.926s][info][gc,metaspace   ] GC(1943) Metaspace: 35578K(36288K)->35578K(36288K) NonClass: 29306K(29824K)->29306K(29824K) Class: 6272K(6464K)->6272K(6464K)
[704.926s][info][gc             ] GC(1943) Pause Young (Allocation Failure) 502M->224M(527M) 1.089ms
[704.926s][info][gc,cpu         ] GC(1943) User=0.00s Sys=0.00s Real=0.01s
[705.159s][info][gc,start       ] GC(1944) Pause Young (Allocation Failure)
[705.160s][info][gc,heap        ] GC(1944) PSYoungGen: 287808K(309760K)->64K(308736K) Eden: 287744K(287744K)->0K(287744K) From: 64K(22016K)->64K(20992K)
[705.160s][info][gc,heap        ] GC(1944) ParOldGen: 230174K(230400K)->230174K(230400K)
[705.160s][info][gc,metaspace   ] GC(1944) Metaspace: 35578K(36288K)->35578K(36288K) NonClass: 29306K(29824K)->29306K(29824K) Class: 6272K(6464K)->6272K(6464K)
[705.160s][info][gc             ] GC(1944) Pause Young (Allocation Failure) 505M->224M(526M) 1.050ms
[705.160s][info][gc,cpu         ] GC(1944) User=0.01s Sys=0.00s Real=0.00s
[705.524s][info][gc,start       ] GC(1945) Pause Young (Allocation Failure)
[705.525s][info][gc,heap        ] GC(1945) PSYoungGen: 287808K(308736K)->64K(311808K) Eden: 287744K(287744K)->0K(291840K) From: 64K(20992K)->64K(19968K)
[705.525s][info][gc,heap        ] GC(1945) ParOldGen: 230174K(230400K)->230174K(230400K)
[705.525s][info][gc,metaspace   ] GC(1945) Metaspace: 35578K(36288K)->35578K(36288K) NonClass: 29306K(29824K)->29306K(29824K) Class: 6272K(6464K)->6272K(6464K)
[705.525s][info][gc             ] GC(1945) Pause Young (Allocation Failure) 505M->224M(529M) 1.059ms
[705.525s][info][gc,cpu         ] GC(1945) User=0.00s Sys=0.00s Real=0.00s
[705.590s][info][gc,start       ] GC(1946) Pause Young (Allocation Failure)
[705.591s][info][gc,heap        ] GC(1946) PSYoungGen: 291904K(311808K)->64K(310784K) Eden: 291840K(291840K)->0K(291840K) From: 64K(19968K)->64K(18944K)
[705.591s][info][gc,heap        ] GC(1946) ParOldGen: 230174K(230400K)->230182K(230400K)
[705.591s][info][gc,metaspace   ] GC(1946) Metaspace: 35578K(36288K)->35578K(36288K) NonClass: 29306K(29824K)->29306K(29824K) Class: 6272K(6464K)->6272K(6464K)
[705.592s][info][gc             ] GC(1946) Pause Young (Allocation Failure) 509M->224M(528M) 1.060ms
[705.592s][info][gc,cpu         ] GC(1946) User=0.00s Sys=0.00s Real=0.00s
[705.645s][info][gc,start       ] GC(1947) Pause Young (Allocation Failure)
[705.646s][info][gc,heap        ] GC(1947) PSYoungGen: 291904K(310784K)->64K(313344K) Eden: 291840K(291840K)->0K(295424K) From: 64K(18944K)->64K(17920K)
[705.646s][info][gc,heap        ] GC(1947) ParOldGen: 230182K(230400K)->230198K(230400K)
[705.646s][info][gc,metaspace   ] GC(1947) Metaspace: 35578K(36288K)->35578K(36288K) NonClass: 29306K(29824K)->29306K(29824K) Class: 6272K(6464K)->6272K(6464K)
[705.646s][info][gc             ] GC(1947) Pause Young (Allocation Failure) 509M->224M(531M) 1.070ms
[705.646s][info][gc,cpu         ] GC(1947) User=0.00s Sys=0.00s Real=0.01s
[705.813s][info][gc,start       ] GC(1948) Pause Young (Allocation Failure)
[705.814s][info][gc,heap        ] GC(1948) PSYoungGen: 295488K(313344K)->64K(312832K) Eden: 295424K(295424K)->0K(295424K) From: 64K(17920K)->64K(17408K)
[705.814s][info][gc,heap        ] GC(1948) ParOldGen: 230198K(230400K)->230198K(230400K)
[705.814s][info][gc,metaspace   ] GC(1948) Metaspace: 35578K(36288K)->35578K(36288K) NonClass: 29306K(29824K)->29306K(29824K) Class: 6272K(6464K)->6272K(6464K)
[705.814s][info][gc             ] GC(1948) Pause Young (Allocation Failure) 513M->224M(530M) 1.060ms
[705.814s][info][gc,cpu         ] GC(1948) User=0.00s Sys=0.00s Real=0.00s
[706.028s][info][gc,start       ] GC(1949) Pause Young (Allocation Failure)
[706.029s][info][gc,heap        ] GC(1949) PSYoungGen: 295488K(312832K)->64K(315392K) Eden: 295424K(295424K)->0K(299520K) From: 64K(17408K)->64K(15872K)
[706.029s][info][gc,heap        ] GC(1949) ParOldGen: 230198K(230400K)->230206K(230400K)
[706.029s][info][gc,metaspace   ] GC(1949) Metaspace: 35578K(36288K)->35578K(36288K) NonClass: 29306K(29824K)->29306K(29824K) Class: 6272K(6464K)->6272K(6464K)
[706.030s][info][gc             ] GC(1949) Pause Young (Allocation Failure) 513M->224M(533M) 1.078ms
[706.030s][info][gc,cpu         ] GC(1949) User=0.00s Sys=0.00s Real=0.00s
[706.168s][info][gc,start       ] GC(1950) Pause Young (Allocation Failure)
[706.169s][info][gc,heap        ] GC(1950) PSYoungGen: 299584K(315392K)->64K(314880K) Eden: 299520K(299520K)->0K(299520K) From: 64K(15872K)->64K(15360K)
[706.169s][info][gc,heap        ] GC(1950) ParOldGen: 230206K(230400K)->230214K(230400K)
[706.169s][info][gc,metaspace   ] GC(1950) Metaspace: 35578K(36288K)->35578K(36288K) NonClass: 29306K(29824K)->29306K(29824K) Class: 6272K(6464K)->6272K(6464K)
[706.169s][info][gc             ] GC(1950) Pause Young (Allocation Failure) 517M->224M(532M) 1.110ms
[706.169s][info][gc,cpu         ] GC(1950) User=0.00s Sys=0.01s Real=0.00s
[706.256s][info][gc,start       ] GC(1951) Pause Young (Allocation Failure)
[706.257s][info][gc,heap        ] GC(1951) PSYoungGen: 299584K(314880K)->64K(317440K) Eden: 299520K(299520K)->0K(303616K) From: 64K(15360K)->64K(13824K)
[706.257s][info][gc,heap        ] GC(1951) ParOldGen: 230214K(230400K)->230222K(230400K)
[706.257s][info][gc,metaspace   ] GC(1951) Metaspace: 35578K(36288K)->35578K(36288K) NonClass: 29306K(29824K)->29306K(29824K) Class: 6272K(6464K)->6272K(6464K)
[706.257s][info][gc             ] GC(1951) Pause Young (Allocation Failure) 517M->224M(535M) 1.071ms
[706.257s][info][gc,cpu         ] GC(1951) User=0.00s Sys=0.00s Real=0.00s
[706.436s][info][gc,start       ] GC(1952) Pause Young (Allocation Failure)
[706.437s][info][gc,heap        ] GC(1952) PSYoungGen: 303680K(317440K)->64K(316928K) Eden: 303616K(303616K)->0K(303616K) From: 64K(13824K)->64K(13312K)
[706.437s][info][gc,heap        ] GC(1952) ParOldGen: 230222K(230400K)->230230K(230400K)
[706.437s][info][gc,metaspace   ] GC(1952) Metaspace: 35578K(36288K)->35578K(36288K) NonClass: 29306K(29824K)->29306K(29824K) Class: 6272K(6464K)->6272K(6464K)
[706.437s][info][gc             ] GC(1952) Pause Young (Allocation Failure) 521M->224M(534M) 1.085ms
[706.437s][info][gc,cpu         ] GC(1952) User=0.00s Sys=0.00s Real=0.00s
[707.416s][info][gc,start       ] GC(1953) Pause Young (Allocation Failure)
[707.417s][info][gc,heap        ] GC(1953) PSYoungGen: 303680K(316928K)->83K(291840K) Eden: 303616K(303616K)->0K(291328K) From: 64K(13312K)->83K(512K)
[707.417s][info][gc,heap        ] GC(1953) ParOldGen: 230230K(230400K)->230238K(230400K)
[707.417s][info][gc,metaspace   ] GC(1953) Metaspace: 35578K(36288K)->35578K(36288K) NonClass: 29306K(29824K)->29306K(29824K) Class: 6272K(6464K)->6272K(6464K)
[707.418s][info][gc             ] GC(1953) Pause Young (Allocation Failure) 521M->224M(510M) 1.142ms
[707.418s][info][gc,cpu         ] GC(1953) User=0.01s Sys=0.00s Real=0.00s
[708.332s][info][gc,start       ] GC(1954) Pause Young (Allocation Failure)
[708.333s][info][gc,heap        ] GC(1954) PSYoungGen: 291411K(291840K)->64K(291840K) Eden: 291328K(291328K)->0K(280064K) From: 83K(512K)->64K(11776K)
[708.333s][info][gc,heap        ] GC(1954) ParOldGen: 230238K(230400K)->230246K(230400K)
[708.333s][info][gc,metaspace   ] GC(1954) Metaspace: 35578K(36288K)->35578K(36288K) NonClass: 29306K(29824K)->29306K(29824K) Class: 6272K(6464K)->6272K(6464K)
[708.333s][info][gc             ] GC(1954) Pause Young (Allocation Failure) 509M->224M(510M) 1.049ms
[708.333s][info][gc,cpu         ] GC(1954) User=0.00s Sys=0.00s Real=0.00s
[708.638s][info][gc,start       ] GC(1955) Pause Young (Allocation Failure)
[708.639s][info][gc,heap        ] GC(1955) PSYoungGen: 280128K(291840K)->64K(269824K) Eden: 280064K(280064K)->0K(269312K) From: 64K(11776K)->64K(512K)
[708.639s][info][gc,heap        ] GC(1955) ParOldGen: 230246K(230400K)->230254K(230400K)
[708.639s][info][gc,metaspace   ] GC(1955) Metaspace: 35578K(36288K)->35578K(36288K) NonClass: 29306K(29824K)->29306K(29824K) Class: 6272K(6464K)->6272K(6464K)
[708.640s][info][gc             ] GC(1955) Pause Young (Allocation Failure) 498M->224M(488M) 1.233ms
[708.640s][info][gc,cpu         ] GC(1955) User=0.00s Sys=0.00s Real=0.00s
[709.061s][info][gc,start       ] GC(1956) Pause Young (Allocation Failure)
[709.062s][info][gc,heap        ] GC(1956) PSYoungGen: 269376K(269824K)->64K(269312K) Eden: 269312K(269312K)->0K(259072K) From: 64K(512K)->64K(10240K)
[709.062s][info][gc,heap        ] GC(1956) ParOldGen: 230254K(230400K)->230262K(230400K)
[709.062s][info][gc,metaspace   ] GC(1956) Metaspace: 35578K(36288K)->35578K(36288K) NonClass: 29306K(29824K)->29306K(29824K) Class: 6272K(6464K)->6272K(6464K)
[709.062s][info][gc             ] GC(1956) Pause Young (Allocation Failure) 487M->224M(488M) 1.076ms
[709.062s][info][gc,cpu         ] GC(1956) User=0.01s Sys=0.00s Real=0.00s
[710.003s][info][gc,start       ] GC(1957) Pause Young (Allocation Failure)
[710.004s][info][gc,heap        ] GC(1957) PSYoungGen: 259136K(269312K)->64K(249856K) Eden: 259072K(259072K)->0K(249344K) From: 64K(10240K)->64K(512K)
[710.004s][info][gc,heap        ] GC(1957) ParOldGen: 230262K(230400K)->230270K(230400K)
[710.004s][info][gc,metaspace   ] GC(1957) Metaspace: 35578K(36288K)->35578K(36288K) NonClass: 29306K(29824K)->29306K(29824K) Class: 6272K(6464K)->6272K(6464K)
[710.004s][info][gc             ] GC(1957) Pause Young (Allocation Failure) 477M->224M(469M) 1.490ms
[710.004s][info][gc,cpu         ] GC(1957) User=0.00s Sys=0.00s Real=0.00s
[710.369s][info][gc,start       ] GC(1958) Pause Young (Allocation Failure)
[710.370s][info][gc,heap        ] GC(1958) PSYoungGen: 249408K(249856K)->64K(248832K) Eden: 249344K(249344K)->0K(239616K) From: 64K(512K)->64K(9216K)
[710.370s][info][gc,heap        ] GC(1958) ParOldGen: 230270K(230400K)->230278K(230400K)
[710.370s][info][gc,metaspace   ] GC(1958) Metaspace: 35578K(36288K)->35578K(36288K) NonClass: 29306K(29824K)->29306K(29824K) Class: 6272K(6464K)->6272K(6464K)
[710.370s][info][gc             ] GC(1958) Pause Young (Allocation Failure) 468M->224M(468M) 1.115ms
[710.370s][info][gc,cpu         ] GC(1958) User=0.00s Sys=0.00s Real=0.00s
[710.516s][info][gc,start       ] GC(1959) Pause Young (Allocation Failure)
[710.518s][info][gc,heap        ] GC(1959) PSYoungGen: 239680K(248832K)->64K(230912K) Eden: 239616K(239616K)->0K(230400K) From: 64K(9216K)->64K(512K)
[710.518s][info][gc,heap        ] GC(1959) ParOldGen: 230278K(230400K)->230286K(230400K)
[710.518s][info][gc,metaspace   ] GC(1959) Metaspace: 35578K(36288K)->35578K(36288K) NonClass: 29306K(29824K)->29306K(29824K) Class: 6272K(6464K)->6272K(6464K)
[710.518s][info][gc             ] GC(1959) Pause Young (Allocation Failure) 458M->224M(450M) 1.641ms
[710.518s][info][gc,cpu         ] GC(1959) User=0.01s Sys=0.00s Real=0.00s
[710.744s][info][gc,start       ] GC(1960) Pause Young (Allocation Failure)
[710.745s][info][gc,heap        ] GC(1960) PSYoungGen: 230464K(230912K)->64K(229376K) Eden: 230400K(230400K)->0K(221696K) From: 64K(512K)->64K(7680K)
[710.745s][info][gc,heap        ] GC(1960) ParOldGen: 230286K(230400K)->230294K(230400K)
[710.745s][info][gc,metaspace   ] GC(1960) Metaspace: 35578K(36288K)->35578K(36288K) NonClass: 29306K(29824K)->29306K(29824K) Class: 6272K(6464K)->6272K(6464K)
[710.745s][info][gc             ] GC(1960) Pause Young (Allocation Failure) 449M->224M(449M) 1.177ms
[710.745s][info][gc,cpu         ] GC(1960) User=0.00s Sys=0.00s Real=0.00s
[711.245s][info][gc,start       ] GC(1961) Pause Young (Allocation Failure)
[711.247s][info][gc,heap        ] GC(1961) PSYoungGen: 221760K(229376K)->64K(214016K) Eden: 221696K(221696K)->0K(213504K) From: 64K(7680K)->64K(512K)
[711.247s][info][gc,heap        ] GC(1961) ParOldGen: 230294K(230400K)->230302K(230400K)
[711.247s][info][gc,metaspace   ] GC(1961) Metaspace: 35578K(36288K)->35578K(36288K) NonClass: 29306K(29824K)->29306K(29824K) Class: 6272K(6464K)->6272K(6464K)
[711.247s][info][gc             ] GC(1961) Pause Young (Allocation Failure) 441M->224M(434M) 1.675ms
[711.247s][info][gc,cpu         ] GC(1961) User=0.00s Sys=0.00s Real=0.01s
[711.512s][info][gc,start       ] GC(1962) Pause Young (Allocation Failure)
[711.513s][info][gc,heap        ] GC(1962) PSYoungGen: 213568K(214016K)->64K(212480K) Eden: 213504K(213504K)->0K(205824K) From: 64K(512K)->64K(6656K)
[711.513s][info][gc,heap        ] GC(1962) ParOldGen: 230302K(230400K)->230310K(230400K)
[711.513s][info][gc,metaspace   ] GC(1962) Metaspace: 35578K(36288K)->35578K(36288K) NonClass: 29306K(29824K)->29306K(29824K) Class: 6272K(6464K)->6272K(6464K)
[711.513s][info][gc             ] GC(1962) Pause Young (Allocation Failure) 433M->224M(432M) 1.038ms
[711.513s][info][gc,cpu         ] GC(1962) User=0.01s Sys=0.00s Real=0.00s
[711.794s][info][gc,start       ] GC(1963) Pause Young (Allocation Failure)
[711.828s][info][gc,heap        ] GC(1963) PSYoungGen: 205888K(212480K)->6144K(251904K) Eden: 205824K(205824K)->0K(245760K) From: 64K(6656K)->6144K(6144K)
[711.828s][info][gc,heap        ] GC(1963) ParOldGen: 230310K(230400K)->241590K(241664K)
[711.828s][info][gc,metaspace   ] GC(1963) Metaspace: 35578K(36288K)->35578K(36288K) NonClass: 29306K(29824K)->29306K(29824K) Class: 6272K(6464K)->6272K(6464K)
[711.828s][info][gc             ] GC(1963) Pause Young (Allocation Failure) 425M->241M(482M) 34.252ms
[711.828s][info][gc,cpu         ] GC(1963) User=0.05s Sys=0.02s Real=0.04s
[712.104s][info][gc,start       ] GC(1964) Pause Young (Allocation Failure)
[712.158s][info][gc,heap        ] GC(1964) PSYoungGen: 251904K(251904K)->11776K(273920K) Eden: 245760K(245760K)->0K(262144K) From: 6144K(6144K)->11776K(11776K)
[712.159s][info][gc,heap        ] GC(1964) ParOldGen: 241590K(241664K)->256438K(256512K)
[712.159s][info][gc,metaspace   ] GC(1964) Metaspace: 35578K(36288K)->35578K(36288K) NonClass: 29306K(29824K)->29306K(29824K) Class: 6272K(6464K)->6272K(6464K)
[712.159s][info][gc             ] GC(1964) Pause Young (Allocation Failure) 481M->261M(518M) 54.620ms
[712.159s][info][gc,cpu         ] GC(1964) User=0.09s Sys=0.00s Real=0.06s
[712.431s][info][gc,start       ] GC(1965) Pause Young (Allocation Failure)
[712.487s][info][gc,heap        ] GC(1965) PSYoungGen: 273920K(273920K)->19968K(301568K) Eden: 262144K(262144K)->0K(281600K) From: 11776K(11776K)->19968K(19968K)
[712.487s][info][gc,heap        ] GC(1965) ParOldGen: 256438K(256512K)->262334K(262656K)
[712.487s][info][gc,metaspace   ] GC(1965) Metaspace: 35578K(36288K)->35578K(36288K) NonClass: 29306K(29824K)->29306K(29824K) Class: 6272K(6464K)->6272K(6464K)
[712.487s][info][gc             ] GC(1965) Pause Young (Allocation Failure) 517M->275M(551M) 56.580ms
[712.487s][info][gc,cpu         ] GC(1965) User=0.09s Sys=0.03s Real=0.06s
[712.593s][info][gc,start       ] GC(1966) Pause Young (Allocation Failure)
[712.595s][info][gc,heap        ] GC(1966) PSYoungGen: 301568K(301568K)->64K(307712K) Eden: 281600K(281600K)->0K(281600K) From: 19968K(19968K)->64K(26112K)
[712.595s][info][gc,heap        ] GC(1966) ParOldGen: 262334K(262656K)->262542K(262656K)
[712.595s][info][gc,metaspace   ] GC(1966) Metaspace: 35578K(36288K)->35578K(36288K) NonClass: 29306K(29824K)->29306K(29824K) Class: 6272K(6464K)->6272K(6464K)
[712.595s][info][gc             ] GC(1966) Pause Young (Allocation Failure) 550M->256M(557M) 2.776ms
[712.595s][info][gc,cpu         ] GC(1966) User=0.01s Sys=0.00s Real=0.00s
[713.304s][info][gc,start       ] GC(1967) Pause Young (Allocation Failure)
[713.305s][info][gc,heap        ] GC(1967) PSYoungGen: 281664K(307712K)->64K(305152K) Eden: 281600K(281600K)->0K(282112K) From: 64K(26112K)->64K(23040K)
[713.305s][info][gc,heap        ] GC(1967) ParOldGen: 262542K(262656K)->262550K(262656K)
[713.305s][info][gc,metaspace   ] GC(1967) Metaspace: 35578K(36288K)->35578K(36288K) NonClass: 29306K(29824K)->29306K(29824K) Class: 6272K(6464K)->6272K(6464K)
[713.305s][info][gc             ] GC(1967) Pause Young (Allocation Failure) 531M->256M(554M) 1.426ms
[713.305s][info][gc,cpu         ] GC(1967) User=0.00s Sys=0.00s Real=0.00s
[713.667s][info][gc,start       ] GC(1968) Pause Young (Allocation Failure)
[713.668s][info][gc,heap        ] GC(1968) PSYoungGen: 282176K(305152K)->64K(306688K) Eden: 282112K(282112K)->0K(282112K) From: 64K(23040K)->64K(24576K)
[713.668s][info][gc,heap        ] GC(1968) ParOldGen: 262550K(262656K)->262558K(262656K)
[713.668s][info][gc,metaspace   ] GC(1968) Metaspace: 35578K(36288K)->35578K(36288K) NonClass: 29306K(29824K)->29306K(29824K) Class: 6272K(6464K)->6272K(6464K)
[713.668s][info][gc             ] GC(1968) Pause Young (Allocation Failure) 531M->256M(556M) 1.223ms
[713.668s][info][gc,cpu         ] GC(1968) User=0.01s Sys=0.00s Real=0.00s
[714.129s][info][gc,start       ] GC(1969) Pause Young (Allocation Failure)
[714.130s][info][gc,heap        ] GC(1969) PSYoungGen: 282176K(306688K)->32K(306688K) Eden: 282112K(282112K)->0K(285696K) From: 64K(24576K)->32K(20992K)
[714.130s][info][gc,heap        ] GC(1969) ParOldGen: 262558K(262656K)->262574K(262656K)
[714.130s][info][gc,metaspace   ] GC(1969) Metaspace: 35578K(36288K)->35578K(36288K) NonClass: 29306K(29824K)->29306K(29824K) Class: 6272K(6464K)->6272K(6464K)
[714.130s][info][gc             ] GC(1969) Pause Young (Allocation Failure) 531M->256M(556M) 1.548ms
[714.130s][info][gc,cpu         ] GC(1969) User=0.01s Sys=0.00s Real=0.00s
[714.358s][info][gc,start       ] GC(1970) Pause Young (Allocation Failure)
[714.359s][info][gc,heap        ] GC(1970) PSYoungGen: 285728K(306688K)->32K(308224K) Eden: 285696K(285696K)->0K(285696K) From: 32K(20992K)->32K(22528K)
[714.359s][info][gc,heap        ] GC(1970) ParOldGen: 262574K(262656K)->262590K(262656K)
[714.359s][info][gc,metaspace   ] GC(1970) Metaspace: 35578K(36288K)->35578K(36288K) NonClass: 29306K(29824K)->29306K(29824K) Class: 6272K(6464K)->6272K(6464K)
[714.359s][info][gc             ] GC(1970) Pause Young (Allocation Failure) 535M->256M(557M) 1.477ms
[714.359s][info][gc,cpu         ] GC(1970) User=0.01s Sys=0.00s Real=0.00s
[714.586s][info][gc,start       ] GC(1971) Pause Young (Allocation Failure)
[714.588s][info][gc,heap        ] GC(1971) PSYoungGen: 285728K(308224K)->32K(308736K) Eden: 285696K(285696K)->0K(289792K) From: 32K(22528K)->32K(18944K)
[714.588s][info][gc,heap        ] GC(1971) ParOldGen: 262590K(262656K)->262590K(262656K)
[714.588s][info][gc,metaspace   ] GC(1971) Metaspace: 35578K(36288K)->35578K(36288K) NonClass: 29306K(29824K)->29306K(29824K) Class: 6272K(6464K)->6272K(6464K)
[714.588s][info][gc             ] GC(1971) Pause Young (Allocation Failure) 535M->256M(558M) 1.370ms
[714.588s][info][gc,cpu         ] GC(1971) User=0.00s Sys=0.00s Real=0.00s
[714.924s][info][gc,start       ] GC(1972) Pause Young (Allocation Failure)
[714.925s][info][gc,heap        ] GC(1972) PSYoungGen: 289824K(308736K)->64K(310272K) Eden: 289792K(289792K)->0K(289792K) From: 32K(18944K)->64K(20480K)
[714.925s][info][gc,heap        ] GC(1972) ParOldGen: 262590K(262656K)->262590K(262656K)
[714.925s][info][gc,metaspace   ] GC(1972) Metaspace: 35578K(36288K)->35578K(36288K) NonClass: 29306K(29824K)->29306K(29824K) Class: 6272K(6464K)->6272K(6464K)
[714.925s][info][gc             ] GC(1972) Pause Young (Allocation Failure) 539M->256M(559M) 1.232ms
[714.925s][info][gc,cpu         ] GC(1972) User=0.00s Sys=0.00s Real=0.00s
[714.978s][info][gc,start       ] GC(1973) Pause Young (Allocation Failure)
[714.979s][info][gc,heap        ] GC(1973) PSYoungGen: 289856K(310272K)->32K(310784K) Eden: 289792K(289792K)->0K(293888K) From: 64K(20480K)->32K(16896K)
[714.979s][info][gc,heap        ] GC(1973) ParOldGen: 262590K(262656K)->262606K(262656K)
[714.979s][info][gc,metaspace   ] GC(1973) Metaspace: 35578K(36288K)->35578K(36288K) NonClass: 29306K(29824K)->29306K(29824K) Class: 6272K(6464K)->6272K(6464K)
[714.979s][info][gc             ] GC(1973) Pause Young (Allocation Failure) 539M->256M(560M) 1.174ms
[714.979s][info][gc,cpu         ] GC(1973) User=0.00s Sys=0.00s Real=0.00s
[715.036s][info][gc,start       ] GC(1974) Pause Young (Allocation Failure)
[715.037s][info][gc,heap        ] GC(1974) PSYoungGen: 293920K(310784K)->64K(312320K) Eden: 293888K(293888K)->0K(293888K) From: 32K(16896K)->64K(18432K)
[715.037s][info][gc,heap        ] GC(1974) ParOldGen: 262606K(262656K)->262606K(262656K)
[715.037s][info][gc,metaspace   ] GC(1974) Metaspace: 35578K(36288K)->35578K(36288K) NonClass: 29306K(29824K)->29306K(29824K) Class: 6272K(6464K)->6272K(6464K)
[715.037s][info][gc             ] GC(1974) Pause Young (Allocation Failure) 543M->256M(561M) 1.133ms
[715.037s][info][gc,cpu         ] GC(1974) User=0.00s Sys=0.00s Real=0.00s
[715.240s][info][gc,start       ] GC(1975) Pause Young (Allocation Failure)
[715.241s][info][gc,heap        ] GC(1975) PSYoungGen: 293952K(312320K)->32K(312832K) Eden: 293888K(293888K)->0K(297984K) From: 64K(18432K)->32K(14848K)
[715.241s][info][gc,heap        ] GC(1975) ParOldGen: 262606K(262656K)->262606K(262656K)
[715.241s][info][gc,metaspace   ] GC(1975) Metaspace: 35578K(36288K)->35578K(36288K) NonClass: 29306K(29824K)->29306K(29824K) Class: 6272K(6464K)->6272K(6464K)
[715.241s][info][gc             ] GC(1975) Pause Young (Allocation Failure) 543M->256M(562M) 1.452ms
[715.241s][info][gc,cpu         ] GC(1975) User=0.01s Sys=0.00s Real=0.00s
[715.456s][info][gc,start       ] GC(1976) Pause Young (Allocation Failure)
[715.457s][info][gc,heap        ] GC(1976) PSYoungGen: 298016K(312832K)->64K(314368K) Eden: 297984K(297984K)->0K(297984K) From: 32K(14848K)->64K(16384K)
[715.457s][info][gc,heap        ] GC(1976) ParOldGen: 262606K(262656K)->262614K(262656K)
[715.457s][info][gc,metaspace   ] GC(1976) Metaspace: 35578K(36288K)->35578K(36288K) NonClass: 29306K(29824K)->29306K(29824K) Class: 6272K(6464K)->6272K(6464K)
[715.457s][info][gc             ] GC(1976) Pause Young (Allocation Failure) 547M->256M(563M) 1.189ms
[715.457s][info][gc,cpu         ] GC(1976) User=0.00s Sys=0.00s Real=0.01s
[715.559s][info][gc,start       ] GC(1977) Pause Young (Allocation Failure)
[715.561s][info][gc,heap        ] GC(1977) PSYoungGen: 298048K(314368K)->64K(314880K) Eden: 297984K(297984K)->0K(302080K) From: 64K(16384K)->64K(12800K)
[715.561s][info][gc,heap        ] GC(1977) ParOldGen: 262614K(262656K)->262622K(262656K)
[715.561s][info][gc,metaspace   ] GC(1977) Metaspace: 35578K(36288K)->35578K(36288K) NonClass: 29306K(29824K)->29306K(29824K) Class: 6272K(6464K)->6272K(6464K)
[715.561s][info][gc             ] GC(1977) Pause Young (Allocation Failure) 547M->256M(564M) 1.246ms
[715.561s][info][gc,cpu         ] GC(1977) User=0.00s Sys=0.00s Real=0.00s
[715.671s][info][gc,start       ] GC(1978) Pause Young (Allocation Failure)
[715.672s][info][gc,heap        ] GC(1978) PSYoungGen: 302144K(314880K)->64K(316416K) Eden: 302080K(302080K)->0K(302080K) From: 64K(12800K)->64K(14336K)
[715.672s][info][gc,heap        ] GC(1978) ParOldGen: 262622K(262656K)->262630K(262656K)
[715.672s][info][gc,metaspace   ] GC(1978) Metaspace: 35578K(36288K)->35578K(36288K) NonClass: 29306K(29824K)->29306K(29824K) Class: 6272K(6464K)->6272K(6464K)
[715.672s][info][gc             ] GC(1978) Pause Young (Allocation Failure) 551M->256M(565M) 1.219ms
[715.672s][info][gc,cpu         ] GC(1978) User=0.00s Sys=0.00s Real=0.00s
[715.926s][info][gc,start       ] GC(1979) Pause Young (Allocation Failure)
[715.928s][info][gc,heap        ] GC(1979) PSYoungGen: 302144K(316416K)->32K(316928K) Eden: 302080K(302080K)->0K(305664K) From: 64K(14336K)->32K(11264K)
[715.928s][info][gc,heap        ] GC(1979) ParOldGen: 262630K(262656K)->262638K(262656K)
[715.928s][info][gc,metaspace   ] GC(1979) Metaspace: 35578K(36288K)->35578K(36288K) NonClass: 29306K(29824K)->29306K(29824K) Class: 6272K(6464K)->6272K(6464K)
[715.928s][info][gc             ] GC(1979) Pause Young (Allocation Failure) 551M->256M(566M) 1.506ms
[715.928s][info][gc,cpu         ] GC(1979) User=0.00s Sys=0.00s Real=0.00s
[716.789s][info][gc,start       ] GC(1980) Pause Young (Allocation Failure)
[716.791s][info][gc,heap        ] GC(1980) PSYoungGen: 305696K(316928K)->64K(293888K) Eden: 305664K(305664K)->0K(293376K) From: 32K(11264K)->64K(512K)
[716.791s][info][gc,heap        ] GC(1980) ParOldGen: 262638K(262656K)->262646K(262656K)
[716.791s][info][gc,metaspace   ] GC(1980) Metaspace: 35578K(36288K)->35578K(36288K) NonClass: 29306K(29824K)->29306K(29824K) Class: 6272K(6464K)->6272K(6464K)
[716.791s][info][gc             ] GC(1980) Pause Young (Allocation Failure) 555M->256M(543M) 1.906ms
[716.791s][info][gc,cpu         ] GC(1980) User=0.01s Sys=0.01s Real=0.00s
[717.742s][info][gc,start       ] GC(1981) Pause Young (Allocation Failure)
[717.744s][info][gc,heap        ] GC(1981) PSYoungGen: 293440K(293888K)->64K(282112K) Eden: 293376K(293376K)->0K(281600K) From: 64K(512K)->64K(512K)
[717.744s][info][gc,heap        ] GC(1981) ParOldGen: 262646K(262656K)->262654K(262656K)
[717.744s][info][gc,metaspace   ] GC(1981) Metaspace: 35578K(36288K)->35578K(36288K) NonClass: 29306K(29824K)->29306K(29824K) Class: 6272K(6464K)->6272K(6464K)
[717.744s][info][gc             ] GC(1981) Pause Young (Allocation Failure) 543M->256M(532M) 1.794ms
[717.744s][info][gc,cpu         ] GC(1981) User=0.00s Sys=0.00s Real=0.00s
[718.146s][info][gc,start       ] GC(1982) Pause Young (Allocation Failure)
[718.147s][info][gc,heap        ] GC(1982) PSYoungGen: 281664K(282112K)->64K(281600K) Eden: 281600K(281600K)->0K(270336K) From: 64K(512K)->64K(11264K)
[718.147s][info][gc,heap        ] GC(1982) ParOldGen: 262654K(262656K)->262662K(263168K)
[718.147s][info][gc,metaspace   ] GC(1982) Metaspace: 35578K(36288K)->35578K(36288K) NonClass: 29306K(29824K)->29306K(29824K) Class: 6272K(6464K)->6272K(6464K)
[718.147s][info][gc             ] GC(1982) Pause Young (Allocation Failure) 531M->256M(532M) 1.193ms
[718.147s][info][gc,cpu         ] GC(1982) User=0.00s Sys=0.00s Real=0.01s
[718.812s][info][gc,start       ] GC(1983) Pause Young (Allocation Failure)
[718.814s][info][gc,heap        ] GC(1983) PSYoungGen: 270400K(281600K)->64K(260608K) Eden: 270336K(270336K)->0K(260096K) From: 64K(11264K)->64K(512K)
[718.814s][info][gc,heap        ] GC(1983) ParOldGen: 262662K(263168K)->262670K(263168K)
[718.814s][info][gc,metaspace   ] GC(1983) Metaspace: 35578K(36288K)->35578K(36288K) NonClass: 29306K(29824K)->29306K(29824K) Class: 6272K(6464K)->6272K(6464K)
[718.814s][info][gc             ] GC(1983) Pause Young (Allocation Failure) 520M->256M(511M) 1.642ms
[718.814s][info][gc,cpu         ] GC(1983) User=0.00s Sys=0.00s Real=0.00s
[719.444s][info][gc,start       ] GC(1984) Pause Young (Allocation Failure)
[719.445s][info][gc,heap        ] GC(1984) PSYoungGen: 260160K(260608K)->64K(259584K) Eden: 260096K(260096K)->0K(249856K) From: 64K(512K)->64K(9728K)
[719.445s][info][gc,heap        ] GC(1984) ParOldGen: 262670K(263168K)->262678K(263168K)
[719.445s][info][gc,metaspace   ] GC(1984) Metaspace: 35578K(36288K)->35578K(36288K) NonClass: 29306K(29824K)->29306K(29824K) Class: 6272K(6464K)->6272K(6464K)
[719.445s][info][gc             ] GC(1984) Pause Young (Allocation Failure) 510M->256M(510M) 1.141ms
[719.445s][info][gc,cpu         ] GC(1984) User=0.00s Sys=0.00s Real=0.00s
[719.844s][info][gc,start       ] GC(1985) Pause Young (Allocation Failure)
[719.847s][info][gc,heap        ] GC(1985) PSYoungGen: 249920K(259584K)->64K(240640K) Eden: 249856K(249856K)->0K(240128K) From: 64K(9728K)->64K(512K)
[719.847s][info][gc,heap        ] GC(1985) ParOldGen: 262678K(263168K)->262694K(263168K)
[719.847s][info][gc,metaspace   ] GC(1985) Metaspace: 35578K(36288K)->35578K(36288K) NonClass: 29306K(29824K)->29306K(29824K) Class: 6272K(6464K)->6272K(6464K)
[719.847s][info][gc             ] GC(1985) Pause Young (Allocation Failure) 500M->256M(492M) 2.905ms
[719.847s][info][gc,cpu         ] GC(1985) User=0.00s Sys=0.00s Real=0.01s
[719.915s][info][gc,start       ] GC(1986) Pause Young (Allocation Failure)
[719.917s][info][gc,heap        ] GC(1986) PSYoungGen: 240192K(240640K)->64K(282624K) Eden: 240128K(240128K)->0K(274432K) From: 64K(512K)->64K(8192K)
[719.917s][info][gc,heap        ] GC(1986) ParOldGen: 262694K(263168K)->262710K(263168K)
[719.917s][info][gc,metaspace   ] GC(1986) Metaspace: 35578K(36288K)->35578K(36288K) NonClass: 29306K(29824K)->29306K(29824K) Class: 6272K(6464K)->6272K(6464K)
[719.917s][info][gc             ] GC(1986) Pause Young (Allocation Failure) 491M->256M(533M) 2.014ms
[719.917s][info][gc,cpu         ] GC(1986) User=0.01s Sys=0.00s Real=0.01s
[720.472s][info][gc,start       ] GC(1987) Pause Young (Allocation Failure)
[720.474s][info][gc,heap        ] GC(1987) PSYoungGen: 274496K(282624K)->64K(264192K) Eden: 274432K(274432K)->0K(263680K) From: 64K(8192K)->64K(512K)
[720.474s][info][gc,heap        ] GC(1987) ParOldGen: 262710K(263168K)->262726K(263168K)
[720.474s][info][gc,metaspace   ] GC(1987) Metaspace: 35578K(36288K)->35578K(36288K) NonClass: 29306K(29824K)->29306K(29824K) Class: 6272K(6464K)->6272K(6464K)
[720.474s][info][gc             ] GC(1987) Pause Young (Allocation Failure) 524M->256M(515M) 2.063ms
[720.474s][info][gc,cpu         ] GC(1987) User=0.00s Sys=0.00s Real=0.00s
[720.814s][info][gc,start       ] GC(1988) Pause Young (Allocation Failure)
[720.816s][info][gc,heap        ] GC(1988) PSYoungGen: 263744K(264192K)->64K(260608K) Eden: 263680K(263680K)->0K(253440K) From: 64K(512K)->64K(7168K)
[720.816s][info][gc,heap        ] GC(1988) ParOldGen: 262726K(263168K)->262742K(263168K)
[720.816s][info][gc,metaspace   ] GC(1988) Metaspace: 35578K(36288K)->35578K(36288K) NonClass: 29306K(29824K)->29306K(29824K) Class: 6272K(6464K)->6272K(6464K)
[720.816s][info][gc             ] GC(1988) Pause Young (Allocation Failure) 514M->256M(511M) 2.051ms
[720.816s][info][gc,cpu         ] GC(1988) User=0.00s Sys=0.00s Real=0.01s
[721.183s][info][gc,start       ] GC(1989) Pause Young (Allocation Failure)
[721.220s][info][gc,heap        ] GC(1989) PSYoungGen: 253504K(260608K)->6656K(278528K) Eden: 253440K(253440K)->0K(271872K) From: 64K(7168K)->6656K(6656K)
[721.220s][info][gc,heap        ] GC(1989) ParOldGen: 262742K(263168K)->273726K(273920K)
[721.220s][info][gc,metaspace   ] GC(1989) Metaspace: 35578K(36288K)->35578K(36288K) NonClass: 29306K(29824K)->29306K(29824K) Class: 6272K(6464K)->6272K(6464K)
[721.220s][info][gc             ] GC(1989) Pause Young (Allocation Failure) 504M->273M(539M) 36.834ms
[721.220s][info][gc,cpu         ] GC(1989) User=0.06s Sys=0.01s Real=0.04s
[721.534s][info][gc,start       ] GC(1990) Pause Young (Allocation Failure)
[721.594s][info][gc,heap        ] GC(1990) PSYoungGen: 278528K(278528K)->12288K(284160K) Eden: 271872K(271872K)->0K(271872K) From: 6656K(6656K)->12288K(12288K)
[721.594s][info][gc,heap        ] GC(1990) ParOldGen: 273726K(273920K)->290838K(291328K)
[721.594s][info][gc,metaspace   ] GC(1990) Metaspace: 35578K(36288K)->35578K(36288K) NonClass: 29306K(29824K)->29306K(29824K) Class: 6272K(6464K)->6272K(6464K)
[721.594s][info][gc             ] GC(1990) Pause Young (Allocation Failure) 539M->296M(562M) 60.385ms
[721.594s][info][gc,cpu         ] GC(1990) User=0.10s Sys=0.02s Real=0.06s
[721.851s][info][gc,start       ] GC(1991) Pause Young (Allocation Failure)
[721.902s][info][gc,heap        ] GC(1991) PSYoungGen: 284160K(284160K)->21504K(302080K) Eden: 271872K(271872K)->0K(280576K) From: 12288K(12288K)->21504K(21504K)
[721.902s][info][gc,heap        ] GC(1991) ParOldGen: 290838K(291328K)->292270K(292352K)
[721.902s][info][gc,metaspace   ] GC(1991) Metaspace: 35578K(36288K)->35578K(36288K) NonClass: 29306K(29824K)->29306K(29824K) Class: 6272K(6464K)->6272K(6464K)
[721.902s][info][gc             ] GC(1991) Pause Young (Allocation Failure) 561M->306M(580M) 51.882ms
[721.902s][info][gc,cpu         ] GC(1991) User=0.09s Sys=0.01s Real=0.05s
[722.092s][info][gc,start       ] GC(1992) Pause Young (Allocation Failure)
[722.093s][info][gc,heap        ] GC(1992) PSYoungGen: 302080K(302080K)->64K(307200K) Eden: 280576K(280576K)->0K(280576K) From: 21504K(21504K)->64K(26624K)
[722.093s][info][gc,heap        ] GC(1992) ParOldGen: 292270K(292352K)->292310K(292352K)
[722.093s][info][gc,metaspace   ] GC(1992) Metaspace: 35578K(36288K)->35578K(36288K) NonClass: 29306K(29824K)->29306K(29824K) Class: 6272K(6464K)->6272K(6464K)
[722.093s][info][gc             ] GC(1992) Pause Young (Allocation Failure) 580M->285M(585M) 1.524ms
[722.093s][info][gc,cpu         ] GC(1992) User=0.00s Sys=0.00s Real=0.00s
[722.801s][info][gc,start       ] GC(1993) Pause Young (Allocation Failure)
[722.802s][info][gc,heap        ] GC(1993) PSYoungGen: 280640K(307200K)->64K(304128K) Eden: 280576K(280576K)->0K(281600K) From: 64K(26624K)->64K(22528K)
[722.802s][info][gc,heap        ] GC(1993) ParOldGen: 292310K(292352K)->292326K(292352K)
[722.802s][info][gc,metaspace   ] GC(1993) Metaspace: 35578K(36288K)->35578K(36288K) NonClass: 29306K(29824K)->29306K(29824K) Class: 6272K(6464K)->6272K(6464K)
[722.802s][info][gc             ] GC(1993) Pause Young (Allocation Failure) 559M->285M(582M) 1.492ms
[722.802s][info][gc,cpu         ] GC(1993) User=0.00s Sys=0.00s Real=0.00s
[723.083s][info][gc,start       ] GC(1994) Pause Young (Allocation Failure)
[723.084s][info][gc,heap        ] GC(1994) PSYoungGen: 281664K(304128K)->64K(306176K) Eden: 281600K(281600K)->0K(281600K) From: 64K(22528K)->64K(24576K)
[723.084s][info][gc,heap        ] GC(1994) ParOldGen: 292326K(292352K)->292326K(292352K)
[723.084s][info][gc,metaspace   ] GC(1994) Metaspace: 35580K(36288K)->35580K(36288K) NonClass: 29308K(29824K)->29308K(29824K) Class: 6272K(6464K)->6272K(6464K)
[723.084s][info][gc             ] GC(1994) Pause Young (Allocation Failure) 560M->285M(584M) 1.340ms
[723.084s][info][gc,cpu         ] GC(1994) User=0.00s Sys=0.00s Real=0.00s
[723.528s][info][gc,start       ] GC(1995) Pause Young (Allocation Failure)
[723.529s][info][gc,heap        ] GC(1995) PSYoungGen: 281664K(306176K)->64K(306688K) Eden: 281600K(281600K)->0K(285184K) From: 64K(24576K)->64K(21504K)
[723.529s][info][gc,heap        ] GC(1995) ParOldGen: 292326K(292352K)->292342K(292352K)
[723.529s][info][gc,metaspace   ] GC(1995) Metaspace: 35580K(36288K)->35580K(36288K) NonClass: 29308K(29824K)->29308K(29824K) Class: 6272K(6464K)->6272K(6464K)
[723.529s][info][gc             ] GC(1995) Pause Young (Allocation Failure) 560M->285M(585M) 1.271ms
[723.529s][info][gc,cpu         ] GC(1995) User=0.00s Sys=0.00s Real=0.00s
[723.756s][info][gc,start       ] GC(1996) Pause Young (Allocation Failure)
[723.757s][info][gc,heap        ] GC(1996) PSYoungGen: 285248K(306688K)->64K(308224K) Eden: 285184K(285184K)->0K(285184K) From: 64K(21504K)->64K(23040K)
[723.757s][info][gc,heap        ] GC(1996) ParOldGen: 292342K(292352K)->292358K(292864K)
[723.757s][info][gc,metaspace   ] GC(1996) Metaspace: 35580K(36288K)->35580K(36288K) NonClass: 29308K(29824K)->29308K(29824K) Class: 6272K(6464K)->6272K(6464K)
[723.757s][info][gc             ] GC(1996) Pause Young (Allocation Failure) 564M->285M(587M) 1.313ms
[723.757s][info][gc,cpu         ] GC(1996) User=0.00s Sys=0.00s Real=0.00s
[723.984s][info][gc,start       ] GC(1997) Pause Young (Allocation Failure)
[723.986s][info][gc,heap        ] GC(1997) PSYoungGen: 285248K(308224K)->64K(307200K) Eden: 285184K(285184K)->0K(288768K) From: 64K(23040K)->64K(18432K)
[723.986s][info][gc,heap        ] GC(1997) ParOldGen: 292358K(292864K)->292358K(292864K)
[723.986s][info][gc,metaspace   ] GC(1997) Metaspace: 35580K(36288K)->35580K(36288K) NonClass: 29308K(29824K)->29308K(29824K) Class: 6272K(6464K)->6272K(6464K)
[723.986s][info][gc             ] GC(1997) Pause Young (Allocation Failure) 564M->285M(586M) 1.548ms
[723.986s][info][gc,cpu         ] GC(1997) User=0.00s Sys=0.00s Real=0.01s
[724.301s][info][gc,start       ] GC(1998) Pause Young (Allocation Failure)
[724.302s][info][gc,heap        ] GC(1998) PSYoungGen: 288832K(307200K)->64K(309248K) Eden: 288768K(288768K)->0K(288768K) From: 64K(18432K)->64K(20480K)
[724.302s][info][gc,heap        ] GC(1998) ParOldGen: 292358K(292864K)->292358K(292864K)
[724.302s][info][gc,metaspace   ] GC(1998) Metaspace: 35580K(36288K)->35580K(36288K) NonClass: 29308K(29824K)->29308K(29824K) Class: 6272K(6464K)->6272K(6464K)
[724.302s][info][gc             ] GC(1998) Pause Young (Allocation Failure) 567M->285M(588M) 1.269ms
[724.302s][info][gc,cpu         ] GC(1998) User=0.00s Sys=0.00s Real=0.00s
[724.355s][info][gc,start       ] GC(1999) Pause Young (Allocation Failure)
[724.356s][info][gc,heap        ] GC(1999) PSYoungGen: 288832K(309248K)->32K(310272K) Eden: 288768K(288768K)->0K(293888K) From: 64K(20480K)->32K(16384K)
[724.356s][info][gc,heap        ] GC(1999) ParOldGen: 292358K(292864K)->292374K(292864K)
[724.356s][info][gc,metaspace   ] GC(1999) Metaspace: 35580K(36288K)->35580K(36288K) NonClass: 29308K(29824K)->29308K(29824K) Class: 6272K(6464K)->6272K(6464K)
[724.356s][info][gc             ] GC(1999) Pause Young (Allocation Failure) 567M->285M(589M) 1.248ms
[724.356s][info][gc,cpu         ] GC(1999) User=0.01s Sys=0.00s Real=0.01s
[724.419s][info][gc,start       ] GC(2000) Pause Young (Allocation Failure)
[724.421s][info][gc,heap        ] GC(2000) PSYoungGen: 293920K(310272K)->64K(312320K) Eden: 293888K(293888K)->0K(293888K) From: 32K(16384K)->64K(18432K)
[724.421s][info][gc,heap        ] GC(2000) ParOldGen: 292374K(292864K)->292374K(292864K)
[724.421s][info][gc,metaspace   ] GC(2000) Metaspace: 35580K(36288K)->35580K(36288K) NonClass: 29308K(29824K)->29308K(29824K) Class: 6272K(6464K)->6272K(6464K)
[724.421s][info][gc             ] GC(2000) Pause Young (Allocation Failure) 572M->285M(591M) 1.217ms
[724.421s][info][gc,cpu         ] GC(2000) User=0.00s Sys=0.00s Real=0.00s
[724.635s][info][gc,start       ] GC(2001) Pause Young (Allocation Failure)
[724.636s][info][gc,heap        ] GC(2001) PSYoungGen: 293952K(312320K)->64K(312320K) Eden: 293888K(293888K)->0K(297984K) From: 64K(18432K)->64K(14336K)
[724.636s][info][gc,heap        ] GC(2001) ParOldGen: 292374K(292864K)->292390K(292864K)
[724.636s][info][gc,metaspace   ] GC(2001) Metaspace: 35580K(36288K)->35580K(36288K) NonClass: 29308K(29824K)->29308K(29824K) Class: 6272K(6464K)->6272K(6464K)
[724.636s][info][gc             ] GC(2001) Pause Young (Allocation Failure) 572M->285M(591M) 1.249ms
[724.636s][info][gc,cpu         ] GC(2001) User=0.01s Sys=0.00s Real=0.01s
[724.854s][info][gc,start       ] GC(2002) Pause Young (Allocation Failure)
[724.855s][info][gc,heap        ] GC(2002) PSYoungGen: 298048K(312320K)->64K(314368K) Eden: 297984K(297984K)->0K(297984K) From: 64K(14336K)->64K(16384K)
[724.855s][info][gc,heap        ] GC(2002) ParOldGen: 292390K(292864K)->292390K(292864K)
[724.855s][info][gc,metaspace   ] GC(2002) Metaspace: 35580K(36288K)->35580K(36288K) NonClass: 29308K(29824K)->29308K(29824K) Class: 6272K(6464K)->6272K(6464K)
[724.855s][info][gc             ] GC(2002) Pause Young (Allocation Failure) 576M->285M(593M) 1.285ms
[724.856s][info][gc,cpu         ] GC(2002) User=0.00s Sys=0.00s Real=0.00s
[724.945s][info][gc,start       ] GC(2003) Pause Young (Allocation Failure)
[724.946s][info][gc,heap        ] GC(2003) PSYoungGen: 298048K(314368K)->64K(315392K) Eden: 297984K(297984K)->0K(302080K) From: 64K(16384K)->64K(13312K)
[724.946s][info][gc,heap        ] GC(2003) ParOldGen: 292390K(292864K)->292398K(292864K)
[724.946s][info][gc,metaspace   ] GC(2003) Metaspace: 35580K(36288K)->35580K(36288K) NonClass: 29308K(29824K)->29308K(29824K) Class: 6272K(6464K)->6272K(6464K)
[724.946s][info][gc             ] GC(2003) Pause Young (Allocation Failure) 576M->285M(594M) 1.371ms
[724.946s][info][gc,cpu         ] GC(2003) User=0.00s Sys=0.00s Real=0.01s
[725.067s][info][gc,start       ] GC(2004) Pause Young (Allocation Failure)
[725.068s][info][gc,heap        ] GC(2004) PSYoungGen: 302144K(315392K)->64K(316928K) Eden: 302080K(302080K)->0K(302080K) From: 64K(13312K)->64K(14848K)
[725.068s][info][gc,heap        ] GC(2004) ParOldGen: 292398K(292864K)->292406K(292864K)
[725.068s][info][gc,metaspace   ] GC(2004) Metaspace: 35580K(36288K)->35580K(36288K) NonClass: 29308K(29824K)->29308K(29824K) Class: 6272K(6464K)->6272K(6464K)
[725.068s][info][gc             ] GC(2004) Pause Young (Allocation Failure) 580M->285M(595M) 1.372ms
[725.068s][info][gc,cpu         ] GC(2004) User=0.00s Sys=0.00s Real=0.00s
[725.445s][info][gc,start       ] GC(2005) Pause Young (Allocation Failure)
[725.446s][info][gc,heap        ] GC(2005) PSYoungGen: 302144K(316928K)->64K(316416K) Eden: 302080K(302080K)->0K(305152K) From: 64K(14848K)->64K(11264K)
[725.446s][info][gc,heap        ] GC(2005) ParOldGen: 292406K(292864K)->292414K(292864K)
[725.446s][info][gc,metaspace   ] GC(2005) Metaspace: 35580K(36288K)->35580K(36288K) NonClass: 29308K(29824K)->29308K(29824K) Class: 6272K(6464K)->6272K(6464K)
[725.446s][info][gc             ] GC(2005) Pause Young (Allocation Failure) 580M->285M(595M) 1.341ms
[725.446s][info][gc,cpu         ] GC(2005) User=0.01s Sys=0.00s Real=0.01s
[726.237s][info][gc,start       ] GC(2006) Pause Young (Allocation Failure)
[726.239s][info][gc,heap        ] GC(2006) PSYoungGen: 305216K(316416K)->64K(293376K) Eden: 305152K(305152K)->0K(292864K) From: 64K(11264K)->64K(512K)
[726.239s][info][gc,heap        ] GC(2006) ParOldGen: 292414K(292864K)->292422K(292864K)
[726.239s][info][gc,metaspace   ] GC(2006) Metaspace: 35580K(36288K)->35580K(36288K) NonClass: 29308K(29824K)->29308K(29824K) Class: 6272K(6464K)->6272K(6464K)
[726.239s][info][gc             ] GC(2006) Pause Young (Allocation Failure) 583M->285M(572M) 2.106ms
[726.239s][info][gc,cpu         ] GC(2006) User=0.00s Sys=0.00s Real=0.00s
[727.229s][info][gc,start       ] GC(2007) Pause Young (Allocation Failure)
[727.230s][info][gc,heap        ] GC(2007) PSYoungGen: 292928K(293376K)->64K(281600K) Eden: 292864K(292864K)->0K(281088K) From: 64K(512K)->64K(512K)
[727.230s][info][gc,heap        ] GC(2007) ParOldGen: 292422K(292864K)->292430K(292864K)
[727.230s][info][gc,metaspace   ] GC(2007) Metaspace: 35580K(36288K)->35580K(36288K) NonClass: 29308K(29824K)->29308K(29824K) Class: 6272K(6464K)->6272K(6464K)
[727.230s][info][gc             ] GC(2007) Pause Young (Allocation Failure) 571M->285M(561M) 1.808ms
[727.230s][info][gc,cpu         ] GC(2007) User=0.00s Sys=0.01s Real=0.00s
[727.657s][info][gc,start       ] GC(2008) Pause Young (Allocation Failure)
[727.658s][info][gc,heap        ] GC(2008) PSYoungGen: 281152K(281600K)->64K(281600K) Eden: 281088K(281088K)->0K(270336K) From: 64K(512K)->64K(11264K)
[727.658s][info][gc,heap        ] GC(2008) ParOldGen: 292430K(292864K)->292438K(292864K)
[727.658s][info][gc,metaspace   ] GC(2008) Metaspace: 35580K(36288K)->35580K(36288K) NonClass: 29308K(29824K)->29308K(29824K) Class: 6272K(6464K)->6272K(6464K)
[727.658s][info][gc             ] GC(2008) Pause Young (Allocation Failure) 560M->285M(561M) 1.311ms
[727.658s][info][gc,cpu         ] GC(2008) User=0.01s Sys=0.00s Real=0.00s
[728.687s][info][gc,start       ] GC(2009) Pause Young (Allocation Failure)
[728.689s][info][gc,heap        ] GC(2009) PSYoungGen: 270400K(281600K)->64K(260608K) Eden: 270336K(270336K)->0K(260096K) From: 64K(11264K)->64K(512K)
[728.689s][info][gc,heap        ] GC(2009) ParOldGen: 292438K(292864K)->292446K(292864K)
[728.689s][info][gc,metaspace   ] GC(2009) Metaspace: 35580K(36288K)->35580K(36288K) NonClass: 29308K(29824K)->29308K(29824K) Class: 6272K(6464K)->6272K(6464K)
[728.689s][info][gc             ] GC(2009) Pause Young (Allocation Failure) 549M->285M(540M) 1.817ms
[728.689s][info][gc,cpu         ] GC(2009) User=0.00s Sys=0.00s Real=0.00s
[728.926s][info][gc,start       ] GC(2010) Pause Young (Allocation Failure)
[728.927s][info][gc,heap        ] GC(2010) PSYoungGen: 260160K(260608K)->64K(259584K) Eden: 260096K(260096K)->0K(249856K) From: 64K(512K)->64K(9728K)
[728.927s][info][gc,heap        ] GC(2010) ParOldGen: 292446K(292864K)->292454K(292864K)
[728.927s][info][gc,metaspace   ] GC(2010) Metaspace: 35580K(36288K)->35580K(36288K) NonClass: 29308K(29824K)->29308K(29824K) Class: 6272K(6464K)->6272K(6464K)
[728.927s][info][gc             ] GC(2010) Pause Young (Allocation Failure) 539M->285M(539M) 1.248ms
[728.927s][info][gc,cpu         ] GC(2010) User=0.00s Sys=0.00s Real=0.01s
[729.307s][info][gc,start       ] GC(2011) Pause Young (Allocation Failure)
[729.310s][info][gc,heap        ] GC(2011) PSYoungGen: 249920K(259584K)->64K(240640K) Eden: 249856K(249856K)->0K(240128K) From: 64K(9728K)->64K(512K)
[729.310s][info][gc,heap        ] GC(2011) ParOldGen: 292454K(292864K)->292462K(292864K)
[729.310s][info][gc,metaspace   ] GC(2011) Metaspace: 35580K(36288K)->35580K(36288K) NonClass: 29308K(29824K)->29308K(29824K) Class: 6272K(6464K)->6272K(6464K)
[729.310s][info][gc             ] GC(2011) Pause Young (Allocation Failure) 529M->285M(521M) 2.395ms
[729.310s][info][gc,cpu         ] GC(2011) User=0.00s Sys=0.00s Real=0.00s
[729.384s][info][gc,start       ] GC(2012) Pause Young (Allocation Failure)
[729.385s][info][gc,heap        ] GC(2012) PSYoungGen: 240192K(240640K)->64K(239616K) Eden: 240128K(240128K)->0K(230912K) From: 64K(512K)->64K(8704K)
[729.385s][info][gc,heap        ] GC(2012) ParOldGen: 292462K(292864K)->292470K(292864K)
[729.385s][info][gc,metaspace   ] GC(2012) Metaspace: 35580K(36288K)->35580K(36288K) NonClass: 29308K(29824K)->29308K(29824K) Class: 6272K(6464K)->6272K(6464K)
[729.385s][info][gc             ] GC(2012) Pause Young (Allocation Failure) 520M->285M(520M) 1.345ms
[729.385s][info][gc,cpu         ] GC(2012) User=0.01s Sys=0.00s Real=0.00s
[729.883s][info][gc,start       ] GC(2013) Pause Young (Allocation Failure)
[729.886s][info][gc,heap        ] GC(2013) PSYoungGen: 230976K(239616K)->64K(222720K) Eden: 230912K(230912K)->0K(222208K) From: 64K(8704K)->64K(512K)
[729.886s][info][gc,heap        ] GC(2013) ParOldGen: 292470K(292864K)->292486K(292864K)
[729.886s][info][gc,metaspace   ] GC(2013) Metaspace: 35580K(36288K)->35580K(36288K) NonClass: 29308K(29824K)->29308K(29824K) Class: 6272K(6464K)->6272K(6464K)
[729.886s][info][gc             ] GC(2013) Pause Young (Allocation Failure) 511M->285M(503M) 3.048ms
[729.886s][info][gc,cpu         ] GC(2013) User=0.00s Sys=0.00s Real=0.01s
[730.169s][info][gc,start       ] GC(2014) Pause Young (Allocation Failure)
[730.171s][info][gc,heap        ] GC(2014) PSYoungGen: 222272K(222720K)->64K(221184K) Eden: 222208K(222208K)->0K(214016K) From: 64K(512K)->64K(7168K)
[730.171s][info][gc,heap        ] GC(2014) ParOldGen: 292486K(292864K)->292494K(292864K)
[730.171s][info][gc,metaspace   ] GC(2014) Metaspace: 35580K(36288K)->35580K(36288K) NonClass: 29308K(29824K)->29308K(29824K) Class: 6272K(6464K)->6272K(6464K)
[730.171s][info][gc             ] GC(2014) Pause Young (Allocation Failure) 502M->285M(502M) 1.682ms
[730.171s][info][gc,cpu         ] GC(2014) User=0.01s Sys=0.00s Real=0.00s
[730.526s][info][gc,start       ] GC(2015) Pause Young (Allocation Failure)
[730.539s][info][gc,heap        ] GC(2015) PSYoungGen: 214080K(221184K)->6656K(260096K) Eden: 214016K(214016K)->0K(253440K) From: 64K(7168K)->6656K(6656K)
[730.539s][info][gc,heap        ] GC(2015) ParOldGen: 292494K(292864K)->293438K(293888K)
[730.539s][info][gc,metaspace   ] GC(2015) Metaspace: 35580K(36288K)->35580K(36288K) NonClass: 29308K(29824K)->29308K(29824K) Class: 6272K(6464K)->6272K(6464K)
[730.539s][info][gc             ] GC(2015) Pause Young (Allocation Failure) 494M->293M(541M) 12.599ms
[730.539s][info][gc,cpu         ] GC(2015) User=0.02s Sys=0.00s Real=0.01s
[730.827s][info][gc,start       ] GC(2016) Pause Young (Allocation Failure)
[730.881s][info][gc,heap        ] GC(2016) PSYoungGen: 260096K(260096K)->8704K(274432K) Eden: 253440K(253440K)->0K(265728K) From: 6656K(6656K)->8704K(8704K)
[730.882s][info][gc,heap        ] GC(2016) ParOldGen: 293438K(293888K)->311798K(311808K)
[730.882s][info][gc,metaspace   ] GC(2016) Metaspace: 35580K(36288K)->35580K(36288K) NonClass: 29308K(29824K)->29308K(29824K) Class: 6272K(6464K)->6272K(6464K)
[730.882s][info][gc             ] GC(2016) Pause Young (Allocation Failure) 540M->312M(572M) 54.323ms
[730.882s][info][gc,cpu         ] GC(2016) User=0.08s Sys=0.02s Real=0.05s
[731.184s][info][gc,start       ] GC(2017) Pause Young (Allocation Failure)
[731.249s][info][gc,heap        ] GC(2017) PSYoungGen: 274432K(274432K)->17408K(300032K) Eden: 265728K(265728K)->0K(282624K) From: 8704K(8704K)->17408K(17408K)
[731.249s][info][gc,heap        ] GC(2017) ParOldGen: 311798K(311808K)->323390K(323584K)
[731.249s][info][gc,metaspace   ] GC(2017) Metaspace: 35580K(36288K)->35580K(36288K) NonClass: 29308K(29824K)->29308K(29824K) Class: 6272K(6464K)->6272K(6464K)
[731.249s][info][gc             ] GC(2017) Pause Young (Allocation Failure) 572M->332M(609M) 65.709ms
[731.249s][info][gc,cpu         ] GC(2017) User=0.11s Sys=0.02s Real=0.07s
[731.383s][info][gc,start       ] GC(2018) Pause Young (Allocation Failure)
[731.399s][info][gc,heap        ] GC(2018) PSYoungGen: 300032K(300032K)->6016K(308224K) Eden: 282624K(282624K)->0K(282624K) From: 17408K(17408K)->6016K(25600K)
[731.399s][info][gc,heap        ] GC(2018) ParOldGen: 323390K(323584K)->323806K(324096K)
[731.399s][info][gc,metaspace   ] GC(2018) Metaspace: 35580K(36288K)->35580K(36288K) NonClass: 29308K(29824K)->29308K(29824K) Class: 6272K(6464K)->6272K(6464K)
[731.399s][info][gc             ] GC(2018) Pause Young (Allocation Failure) 608M->322M(617M) 16.346ms
[731.399s][info][gc,cpu         ] GC(2018) User=0.02s Sys=0.00s Real=0.02s
[731.955s][info][gc,start       ] GC(2019) Pause Young (Allocation Failure)
[731.956s][info][gc,heap        ] GC(2019) PSYoungGen: 288640K(308224K)->64K(305152K) Eden: 282624K(282624K)->0K(284672K) From: 6016K(25600K)->64K(20480K)
[731.956s][info][gc,heap        ] GC(2019) ParOldGen: 323806K(324096K)->323814K(324096K)
[731.956s][info][gc,metaspace   ] GC(2019) Metaspace: 35580K(36288K)->35580K(36288K) NonClass: 29308K(29824K)->29308K(29824K) Class: 6272K(6464K)->6272K(6464K)
[731.956s][info][gc             ] GC(2019) Pause Young (Allocation Failure) 598M->316M(614M) 1.690ms
[731.956s][info][gc,cpu         ] GC(2019) User=0.00s Sys=0.00s Real=0.01s
[732.456s][info][gc,start       ] GC(2020) Pause Young (Allocation Failure)
[732.457s][info][gc,heap        ] GC(2020) PSYoungGen: 284736K(305152K)->64K(307712K) Eden: 284672K(284672K)->0K(284672K) From: 64K(20480K)->64K(23040K)
[732.457s][info][gc,heap        ] GC(2020) ParOldGen: 323814K(324096K)->323822K(324096K)
[732.457s][info][gc,metaspace   ] GC(2020) Metaspace: 35581K(36288K)->35581K(36288K) NonClass: 29308K(29824K)->29308K(29824K) Class: 6272K(6464K)->6272K(6464K)
[732.457s][info][gc             ] GC(2020) Pause Young (Allocation Failure) 594M->316M(617M) 1.381ms
[732.457s][info][gc,cpu         ] GC(2020) User=0.00s Sys=0.00s Real=0.00s
[732.888s][info][gc,start       ] GC(2021) Pause Young (Allocation Failure)
[732.889s][info][gc,heap        ] GC(2021) PSYoungGen: 284736K(307712K)->64K(308224K) Eden: 284672K(284672K)->0K(288256K) From: 64K(23040K)->64K(19968K)
[732.889s][info][gc,heap        ] GC(2021) ParOldGen: 323822K(324096K)->323838K(324096K)
[732.889s][info][gc,metaspace   ] GC(2021) Metaspace: 35581K(36288K)->35581K(36288K) NonClass: 29308K(29824K)->29308K(29824K) Class: 6272K(6464K)->6272K(6464K)
[732.889s][info][gc             ] GC(2021) Pause Young (Allocation Failure) 594M->316M(617M) 1.408ms
[732.889s][info][gc,cpu         ] GC(2021) User=0.00s Sys=0.00s Real=0.00s
[733.118s][info][gc,start       ] GC(2022) Pause Young (Allocation Failure)
[733.120s][info][gc,heap        ] GC(2022) PSYoungGen: 288320K(308224K)->64K(309760K) Eden: 288256K(288256K)->0K(288256K) From: 64K(19968K)->64K(21504K)
[733.120s][info][gc,heap        ] GC(2022) ParOldGen: 323838K(324096K)->323854K(324096K)
[733.120s][info][gc,metaspace   ] GC(2022) Metaspace: 35581K(36288K)->35581K(36288K) NonClass: 29308K(29824K)->29308K(29824K) Class: 6272K(6464K)->6272K(6464K)
[733.120s][info][gc             ] GC(2022) Pause Young (Allocation Failure) 597M->316M(619M) 1.450ms
[733.120s][info][gc,cpu         ] GC(2022) User=0.00s Sys=0.00s Real=0.00s
[733.349s][info][gc,start       ] GC(2023) Pause Young (Allocation Failure)
[733.350s][info][gc,heap        ] GC(2023) PSYoungGen: 288320K(309760K)->64K(310784K) Eden: 288256K(288256K)->0K(291840K) From: 64K(21504K)->64K(18944K)
[733.350s][info][gc,heap        ] GC(2023) ParOldGen: 323854K(324096K)->323854K(324096K)
[733.350s][info][gc,metaspace   ] GC(2023) Metaspace: 35581K(36288K)->35581K(36288K) NonClass: 29308K(29824K)->29308K(29824K) Class: 6272K(6464K)->6272K(6464K)
[733.350s][info][gc             ] GC(2023) Pause Young (Allocation Failure) 597M->316M(620M) 1.418ms
[733.350s][info][gc,cpu         ] GC(2023) User=0.00s Sys=0.00s Real=0.00s
[733.725s][info][gc,start       ] GC(2024) Pause Young (Allocation Failure)
[733.726s][info][gc,heap        ] GC(2024) PSYoungGen: 291904K(310784K)->64K(311808K) Eden: 291840K(291840K)->0K(291840K) From: 64K(18944K)->64K(19968K)
[733.726s][info][gc,heap        ] GC(2024) ParOldGen: 323854K(324096K)->323854K(324096K)
[733.726s][info][gc,metaspace   ] GC(2024) Metaspace: 35581K(36288K)->35581K(36288K) NonClass: 29308K(29824K)->29308K(29824K) Class: 6272K(6464K)->6272K(6464K)
[733.726s][info][gc             ] GC(2024) Pause Young (Allocation Failure) 601M->316M(621M) 1.340ms
[733.726s][info][gc,cpu         ] GC(2024) User=0.00s Sys=0.00s Real=0.01s
[733.782s][info][gc,start       ] GC(2025) Pause Young (Allocation Failure)
[733.783s][info][gc,heap        ] GC(2025) PSYoungGen: 291903K(311808K)->64K(311808K) Eden: 291839K(291840K)->0K(294912K) From: 64K(19968K)->64K(16896K)
[733.783s][info][gc,heap        ] GC(2025) ParOldGen: 323854K(324096K)->323862K(324096K)
[733.783s][info][gc,metaspace   ] GC(2025) Metaspace: 35581K(36288K)->35581K(36288K) NonClass: 29308K(29824K)->29308K(29824K) Class: 6272K(6464K)->6272K(6464K)
[733.783s][info][gc             ] GC(2025) Pause Young (Allocation Failure) 601M->316M(621M) 1.360ms
[733.783s][info][gc,cpu         ] GC(2025) User=0.00s Sys=0.00s Real=0.00s
[733.840s][info][gc,start       ] GC(2026) Pause Young (Allocation Failure)
[733.842s][info][gc,heap        ] GC(2026) PSYoungGen: 294976K(311808K)->64K(312832K) Eden: 294912K(294912K)->0K(294912K) From: 64K(16896K)->64K(17920K)
[733.842s][info][gc,heap        ] GC(2026) ParOldGen: 323862K(324096K)->323878K(324096K)
[733.842s][info][gc,metaspace   ] GC(2026) Metaspace: 35581K(36288K)->35581K(36288K) NonClass: 29308K(29824K)->29308K(29824K) Class: 6272K(6464K)->6272K(6464K)
[733.842s][info][gc             ] GC(2026) Pause Young (Allocation Failure) 604M->316M(622M) 1.305ms
[733.842s][info][gc,cpu         ] GC(2026) User=0.00s Sys=0.00s Real=0.00s
[734.011s][info][gc,start       ] GC(2027) Pause Young (Allocation Failure)
[734.013s][info][gc,heap        ] GC(2027) PSYoungGen: 294976K(312832K)->64K(313856K) Eden: 294912K(294912K)->0K(299008K) From: 64K(17920K)->64K(14848K)
[734.013s][info][gc,heap        ] GC(2027) ParOldGen: 323878K(324096K)->323878K(324096K)
[734.013s][info][gc,metaspace   ] GC(2027) Metaspace: 35581K(36288K)->35581K(36288K) NonClass: 29308K(29824K)->29308K(29824K) Class: 6272K(6464K)->6272K(6464K)
[734.013s][info][gc             ] GC(2027) Pause Young (Allocation Failure) 604M->316M(623M) 1.429ms
[734.013s][info][gc,cpu         ] GC(2027) User=0.00s Sys=0.00s Real=0.00s
[734.231s][info][gc,start       ] GC(2028) Pause Young (Allocation Failure)
[734.233s][info][gc,heap        ] GC(2028) PSYoungGen: 299072K(313856K)->64K(314880K) Eden: 299008K(299008K)->0K(299008K) From: 64K(14848K)->64K(15872K)
[734.233s][info][gc,heap        ] GC(2028) ParOldGen: 323878K(324096K)->323886K(324096K)
[734.233s][info][gc,metaspace   ] GC(2028) Metaspace: 35581K(36288K)->35581K(36288K) NonClass: 29308K(29824K)->29308K(29824K) Class: 6272K(6464K)->6272K(6464K)
[734.233s][info][gc             ] GC(2028) Pause Young (Allocation Failure) 608M->316M(624M) 1.339ms
[734.233s][info][gc,cpu         ] GC(2028) User=0.00s Sys=0.00s Real=0.00s
[734.362s][info][gc,start       ] GC(2029) Pause Young (Allocation Failure)
[734.364s][info][gc,heap        ] GC(2029) PSYoungGen: 299072K(314880K)->64K(316928K) Eden: 299008K(299008K)->0K(303104K) From: 64K(15872K)->64K(13824K)
[734.364s][info][gc,heap        ] GC(2029) ParOldGen: 323886K(324096K)->323894K(324096K)
[734.364s][info][gc,metaspace   ] GC(2029) Metaspace: 35581K(36288K)->35581K(36288K) NonClass: 29308K(29824K)->29308K(29824K) Class: 6272K(6464K)->6272K(6464K)
[734.364s][info][gc             ] GC(2029) Pause Young (Allocation Failure) 608M->316M(626M) 1.383ms
[734.364s][info][gc,cpu         ] GC(2029) User=0.00s Sys=0.01s Real=0.00s
[734.461s][info][gc,start       ] GC(2030) Pause Young (Allocation Failure)
[734.462s][info][gc,heap        ] GC(2030) PSYoungGen: 303168K(316928K)->64K(317440K) Eden: 303104K(303104K)->0K(303104K) From: 64K(13824K)->64K(14336K)
[734.462s][info][gc,heap        ] GC(2030) ParOldGen: 323894K(324096K)->323902K(324096K)
[734.462s][info][gc,metaspace   ] GC(2030) Metaspace: 35581K(36288K)->35581K(36288K) NonClass: 29308K(29824K)->29308K(29824K) Class: 6272K(6464K)->6272K(6464K)
[734.462s][info][gc             ] GC(2030) Pause Young (Allocation Failure) 612M->316M(626M) 1.337ms
[734.462s][info][gc,cpu         ] GC(2030) User=0.01s Sys=0.00s Real=0.00s
[734.640s][info][gc,start       ] GC(2031) Pause Young (Allocation Failure)
[734.642s][info][gc,heap        ] GC(2031) PSYoungGen: 303168K(317440K)->64K(317952K) Eden: 303104K(303104K)->0K(306176K) From: 64K(14336K)->64K(11776K)
[734.642s][info][gc,heap        ] GC(2031) ParOldGen: 323902K(324096K)->323910K(324096K)
[734.642s][info][gc,metaspace   ] GC(2031) Metaspace: 35581K(36288K)->35581K(36288K) NonClass: 29308K(29824K)->29308K(29824K) Class: 6272K(6464K)->6272K(6464K)
[734.642s][info][gc             ] GC(2031) Pause Young (Allocation Failure) 612M->316M(627M) 1.452ms
[734.642s][info][gc,cpu         ] GC(2031) User=0.01s Sys=0.00s Real=0.00s
[735.613s][info][gc,start       ] GC(2032) Pause Young (Allocation Failure)
[735.615s][info][gc,heap        ] GC(2032) PSYoungGen: 306240K(317952K)->64K(294400K) Eden: 306176K(306176K)->0K(293888K) From: 64K(11776K)->64K(512K)
[735.615s][info][gc,heap        ] GC(2032) ParOldGen: 323910K(324096K)->323918K(324096K)
[735.615s][info][gc,metaspace   ] GC(2032) Metaspace: 35581K(36288K)->35581K(36288K) NonClass: 29308K(29824K)->29308K(29824K) Class: 6272K(6464K)->6272K(6464K)
[735.615s][info][gc             ] GC(2032) Pause Young (Allocation Failure) 615M->316M(604M) 2.090ms
[735.615s][info][gc,cpu         ] GC(2032) User=0.00s Sys=0.00s Real=0.00s
[736.529s][info][gc,start       ] GC(2033) Pause Young (Allocation Failure)
[736.531s][info][gc,heap        ] GC(2033) PSYoungGen: 293952K(294400K)->64K(282624K) Eden: 293888K(293888K)->0K(282112K) From: 64K(512K)->64K(512K)
[736.531s][info][gc,heap        ] GC(2033) ParOldGen: 323918K(324096K)->323926K(324096K)
[736.531s][info][gc,metaspace   ] GC(2033) Metaspace: 35581K(36288K)->35581K(36288K) NonClass: 29308K(29824K)->29308K(29824K) Class: 6272K(6464K)->6272K(6464K)
[736.531s][info][gc             ] GC(2033) Pause Young (Allocation Failure) 603M->316M(592M) 1.743ms
[736.531s][info][gc,cpu         ] GC(2033) User=0.00s Sys=0.00s Real=0.00s
[736.876s][info][gc,start       ] GC(2034) Pause Young (Allocation Failure)
[736.877s][info][gc,heap        ] GC(2034) PSYoungGen: 282176K(282624K)->64K(281600K) Eden: 282112K(282112K)->0K(270848K) From: 64K(512K)->64K(10752K)
[736.877s][info][gc,heap        ] GC(2034) ParOldGen: 323926K(324096K)->323934K(324096K)
[736.877s][info][gc,metaspace   ] GC(2034) Metaspace: 35581K(36288K)->35581K(36288K) NonClass: 29308K(29824K)->29308K(29824K) Class: 6272K(6464K)->6272K(6464K)
[736.877s][info][gc             ] GC(2034) Pause Young (Allocation Failure) 591M->316M(591M) 1.418ms
[736.877s][info][gc,cpu         ] GC(2034) User=0.00s Sys=0.00s Real=0.01s
[737.272s][info][gc,start       ] GC(2035) Pause Young (Allocation Failure)
[737.275s][info][gc,heap        ] GC(2035) PSYoungGen: 270912K(281600K)->64K(260608K) Eden: 270848K(270848K)->0K(260096K) From: 64K(10752K)->64K(512K)
[737.275s][info][gc,heap        ] GC(2035) ParOldGen: 323934K(324096K)->323950K(324096K)
[737.275s][info][gc,metaspace   ] GC(2035) Metaspace: 35581K(36288K)->35581K(36288K) NonClass: 29308K(29824K)->29308K(29824K) Class: 6272K(6464K)->6272K(6464K)
[737.275s][info][gc             ] GC(2035) Pause Young (Allocation Failure) 580M->316M(571M) 2.986ms
[737.275s][info][gc,cpu         ] GC(2035) User=0.00s Sys=0.00s Real=0.00s
[738.234s][info][gc,start       ] GC(2036) Pause Young (Allocation Failure)
[738.236s][info][gc,heap        ] GC(2036) PSYoungGen: 260160K(260608K)->64K(259584K) Eden: 260096K(260096K)->0K(249856K) From: 64K(512K)->64K(9728K)
[738.236s][info][gc,heap        ] GC(2036) ParOldGen: 323950K(324096K)->323958K(324096K)
[738.236s][info][gc,metaspace   ] GC(2036) Metaspace: 35581K(36288K)->35581K(36288K) NonClass: 29308K(29824K)->29308K(29824K) Class: 6272K(6464K)->6272K(6464K)
[738.236s][info][gc             ] GC(2036) Pause Young (Allocation Failure) 570M->316M(570M) 1.811ms
[738.236s][info][gc,cpu         ] GC(2036) User=0.01s Sys=0.00s Real=0.01s
[738.586s][info][gc,start       ] GC(2037) Pause Young (Allocation Failure)
[738.588s][info][gc,heap        ] GC(2037) PSYoungGen: 249920K(259584K)->64K(240640K) Eden: 249856K(249856K)->0K(240128K) From: 64K(9728K)->64K(512K)
[738.588s][info][gc,heap        ] GC(2037) ParOldGen: 323958K(324096K)->323966K(324096K)
[738.588s][info][gc,metaspace   ] GC(2037) Metaspace: 35581K(36288K)->35581K(36288K) NonClass: 29308K(29824K)->29308K(29824K) Class: 6272K(6464K)->6272K(6464K)
[738.588s][info][gc             ] GC(2037) Pause Young (Allocation Failure) 560M->316M(551M) 2.080ms
[738.588s][info][gc,cpu         ] GC(2037) User=0.01s Sys=0.00s Real=0.00s
[738.725s][info][gc,start       ] GC(2038) Pause Young (Allocation Failure)
[738.726s][info][gc,heap        ] GC(2038) PSYoungGen: 240192K(240640K)->64K(239104K) Eden: 240128K(240128K)->0K(230912K) From: 64K(512K)->64K(8192K)
[738.726s][info][gc,heap        ] GC(2038) ParOldGen: 323966K(324096K)->323974K(324096K)
[738.726s][info][gc,metaspace   ] GC(2038) Metaspace: 35581K(36288K)->35581K(36288K) NonClass: 29308K(29824K)->29308K(29824K) Class: 6272K(6464K)->6272K(6464K)
[738.726s][info][gc             ] GC(2038) Pause Young (Allocation Failure) 550M->316M(550M) 1.313ms
[738.726s][info][gc,cpu         ] GC(2038) User=0.00s Sys=0.00s Real=0.01s
[739.022s][info][gc,start       ] GC(2039) Pause Young (Allocation Failure)
[739.024s][info][gc,heap        ] GC(2039) PSYoungGen: 230976K(239104K)->64K(222720K) Eden: 230912K(230912K)->0K(222208K) From: 64K(8192K)->64K(512K)
[739.024s][info][gc,heap        ] GC(2039) ParOldGen: 323974K(324096K)->323982K(324096K)
[739.024s][info][gc,metaspace   ] GC(2039) Metaspace: 35581K(36288K)->35581K(36288K) NonClass: 29308K(29824K)->29308K(29824K) Class: 6272K(6464K)->6272K(6464K)
[739.024s][info][gc             ] GC(2039) Pause Young (Allocation Failure) 541M->316M(534M) 1.976ms
[739.024s][info][gc,cpu         ] GC(2039) User=0.00s Sys=0.00s Real=0.00s
[739.460s][info][gc,start       ] GC(2040) Pause Young (Allocation Failure)
[739.462s][info][gc,heap        ] GC(2040) PSYoungGen: 222272K(222720K)->64K(221184K) Eden: 222208K(222208K)->0K(214016K) From: 64K(512K)->64K(7168K)
[739.462s][info][gc,heap        ] GC(2040) ParOldGen: 323982K(324096K)->323990K(324096K)
[739.462s][info][gc,metaspace   ] GC(2040) Metaspace: 35581K(36288K)->35581K(36288K) NonClass: 29308K(29824K)->29308K(29824K) Class: 6272K(6464K)->6272K(6464K)
[739.462s][info][gc             ] GC(2040) Pause Young (Allocation Failure) 533M->316M(532M) 1.318ms
[739.462s][info][gc,cpu         ] GC(2040) User=0.00s Sys=0.00s Real=0.00s
[739.782s][info][gc,start       ] GC(2041) Pause Young (Allocation Failure)
[739.784s][info][gc,heap        ] GC(2041) PSYoungGen: 214080K(221184K)->64K(206848K) Eden: 214016K(214016K)->0K(206336K) From: 64K(7168K)->64K(512K)
[739.784s][info][gc,heap        ] GC(2041) ParOldGen: 323990K(324096K)->323998K(324096K)
[739.784s][info][gc,metaspace   ] GC(2041) Metaspace: 35581K(36288K)->35581K(36288K) NonClass: 29308K(29824K)->29308K(29824K) Class: 6272K(6464K)->6272K(6464K)
[739.784s][info][gc             ] GC(2041) Pause Young (Allocation Failure) 525M->316M(518M) 2.131ms
[739.784s][info][gc,cpu         ] GC(2041) User=0.00s Sys=0.01s Real=0.00s
[740.040s][info][gc,start       ] GC(2042) Pause Young (Allocation Failure)
[740.082s][info][gc,heap        ] GC(2042) PSYoungGen: 206400K(206848K)->6144K(252928K) Eden: 206336K(206336K)->0K(246784K) From: 64K(512K)->6144K(6144K)
[740.082s][info][gc,heap        ] GC(2042) ParOldGen: 323998K(324096K)->338246K(338432K)
[740.082s][info][gc,metaspace   ] GC(2042) Metaspace: 35581K(36288K)->35581K(36288K) NonClass: 29308K(29824K)->29308K(29824K) Class: 6272K(6464K)->6272K(6464K)
[740.082s][info][gc             ] GC(2042) Pause Young (Allocation Failure) 517M->336M(577M) 41.991ms
[740.082s][info][gc,cpu         ] GC(2042) User=0.08s Sys=0.00s Real=0.04s
[740.363s][info][gc,start       ] GC(2043) Pause Young (Allocation Failure)
[740.423s][info][gc,heap        ] GC(2043) PSYoungGen: 252928K(252928K)->6144K(256000K) Eden: 246784K(246784K)->0K(249856K) From: 6144K(6144K)->6144K(6144K)
[740.423s][info][gc,heap        ] GC(2043) ParOldGen: 338246K(338432K)->358966K(359424K)
[740.423s][info][gc,metaspace   ] GC(2043) Metaspace: 35581K(36288K)->35581K(36288K) NonClass: 29308K(29824K)->29308K(29824K) Class: 6272K(6464K)->6272K(6464K)
[740.423s][info][gc             ] GC(2043) Pause Young (Allocation Failure) 577M->356M(601M) 59.449ms
[740.423s][info][gc,cpu         ] GC(2043) User=0.10s Sys=0.02s Real=0.06s
[740.672s][info][gc,start       ] GC(2044) Pause Young (Allocation Failure)
[740.714s][info][gc,heap        ] GC(2044) PSYoungGen: 256000K(256000K)->20992K(270848K) Eden: 249856K(249856K)->0K(249856K) From: 6144K(6144K)->20992K(20992K)
[740.714s][info][gc,heap        ] GC(2044) ParOldGen: 358966K(359424K)->360966K(361472K)
[740.714s][info][gc,metaspace   ] GC(2044) Metaspace: 35581K(36288K)->35581K(36288K) NonClass: 29308K(29824K)->29308K(29824K) Class: 6272K(6464K)->6272K(6464K)
[740.714s][info][gc             ] GC(2044) Pause Young (Allocation Failure) 600M->373M(617M) 41.810ms
[740.714s][info][gc,cpu         ] GC(2044) User=0.08s Sys=0.00s Real=0.04s
[740.809s][info][gc,start       ] GC(2045) Pause Young (Allocation Failure)
[740.810s][info][gc,heap        ] GC(2045) PSYoungGen: 270848K(270848K)->64K(308736K) Eden: 249856K(249856K)->0K(282624K) From: 20992K(20992K)->64K(26112K)
[740.810s][info][gc,heap        ] GC(2045) ParOldGen: 360966K(361472K)->361014K(361472K)
[740.810s][info][gc,metaspace   ] GC(2045) Metaspace: 35581K(36288K)->35581K(36288K) NonClass: 29308K(29824K)->29308K(29824K) Class: 6272K(6464K)->6272K(6464K)
[740.810s][info][gc             ] GC(2045) Pause Young (Allocation Failure) 617M->352M(654M) 1.770ms
[740.810s][info][gc,cpu         ] GC(2045) User=0.00s Sys=0.00s Real=0.00s
[741.498s][info][gc,start       ] GC(2046) Pause Young (Allocation Failure)
[741.499s][info][gc,heap        ] GC(2046) PSYoungGen: 282688K(308736K)->64K(283136K) Eden: 282624K(282624K)->0K(282624K) From: 64K(26112K)->64K(512K)
[741.499s][info][gc,heap        ] GC(2046) ParOldGen: 361014K(361472K)->361022K(361472K)
[741.499s][info][gc,metaspace   ] GC(2046) Metaspace: 35581K(36288K)->35581K(36288K) NonClass: 29308K(29824K)->29308K(29824K) Class: 6272K(6464K)->6272K(6464K)
[741.499s][info][gc             ] GC(2046) Pause Young (Allocation Failure) 628M->352M(629M) 1.414ms
[741.499s][info][gc,cpu         ] GC(2046) User=0.00s Sys=0.00s Real=0.00s
[741.873s][info][gc,start       ] GC(2047) Pause Young (Allocation Failure)
[741.874s][info][gc,heap        ] GC(2047) PSYoungGen: 282688K(283136K)->64K(308224K) Eden: 282624K(282624K)->0K(283648K) From: 64K(512K)->64K(24576K)
[741.874s][info][gc,heap        ] GC(2047) ParOldGen: 361022K(361472K)->361030K(361472K)
[741.874s][info][gc,metaspace   ] GC(2047) Metaspace: 35581K(36288K)->35581K(36288K) NonClass: 29308K(29824K)->29308K(29824K) Class: 6272K(6464K)->6272K(6464K)
[741.875s][info][gc             ] GC(2047) Pause Young (Allocation Failure) 628M->352M(654M) 1.477ms
[741.875s][info][gc,cpu         ] GC(2047) User=0.01s Sys=0.00s Real=0.00s
[742.317s][info][gc,start       ] GC(2048) Pause Young (Allocation Failure)
[742.318s][info][gc,heap        ] GC(2048) PSYoungGen: 283712K(308224K)->64K(307200K) Eden: 283648K(283648K)->0K(283648K) From: 64K(24576K)->64K(23552K)
[742.319s][info][gc,heap        ] GC(2048) ParOldGen: 361030K(361472K)->361046K(361472K)
[742.319s][info][gc,metaspace   ] GC(2048) Metaspace: 35581K(36288K)->35581K(36288K) NonClass: 29308K(29824K)->29308K(29824K) Class: 6272K(6464K)->6272K(6464K)
[742.319s][info][gc             ] GC(2048) Pause Young (Allocation Failure) 629M->352M(653M) 1.507ms
[742.319s][info][gc,cpu         ] GC(2048) User=0.00s Sys=0.00s Real=0.00s
[742.544s][info][gc,start       ] GC(2049) Pause Young (Allocation Failure)
[742.546s][info][gc,heap        ] GC(2049) PSYoungGen: 283712K(307200K)->64K(309248K) Eden: 283648K(283648K)->0K(286720K) From: 64K(23552K)->64K(22528K)
[742.546s][info][gc,heap        ] GC(2049) ParOldGen: 361046K(361472K)->361062K(361472K)
[742.546s][info][gc,metaspace   ] GC(2049) Metaspace: 35581K(36288K)->35581K(36288K) NonClass: 29308K(29824K)->29308K(29824K) Class: 6272K(6464K)->6272K(6464K)
[742.546s][info][gc             ] GC(2049) Pause Young (Allocation Failure) 629M->352M(655M) 1.461ms
[742.546s][info][gc,cpu         ] GC(2049) User=0.00s Sys=0.00s Real=0.01s
[742.776s][info][gc,start       ] GC(2050) Pause Young (Allocation Failure)
[742.778s][info][gc,heap        ] GC(2050) PSYoungGen: 286784K(309248K)->32K(308224K) Eden: 286720K(286720K)->0K(286720K) From: 64K(22528K)->32K(21504K)
[742.778s][info][gc,heap        ] GC(2050) ParOldGen: 361062K(361472K)->361062K(361472K)
[742.778s][info][gc,metaspace   ] GC(2050) Metaspace: 35581K(36288K)->35581K(36288K) NonClass: 29308K(29824K)->29308K(29824K) Class: 6272K(6464K)->6272K(6464K)
[742.778s][info][gc             ] GC(2050) Pause Young (Allocation Failure) 632M->352M(654M) 1.445ms
[742.778s][info][gc,cpu         ] GC(2050) User=0.00s Sys=0.00s Real=0.00s
[743.118s][info][gc,start       ] GC(2051) Pause Young (Allocation Failure)
[743.120s][info][gc,heap        ] GC(2051) PSYoungGen: 286752K(308224K)->64K(311296K) Eden: 286720K(286720K)->0K(290816K) From: 32K(21504K)->64K(20480K)
[743.120s][info][gc,heap        ] GC(2051) ParOldGen: 361062K(361472K)->361062K(361472K)
[743.120s][info][gc,metaspace   ] GC(2051) Metaspace: 35581K(36288K)->35581K(36288K) NonClass: 29308K(29824K)->29308K(29824K) Class: 6272K(6464K)->6272K(6464K)
[743.120s][info][gc             ] GC(2051) Pause Young (Allocation Failure) 632M->352M(657M) 1.516ms
[743.120s][info][gc,cpu         ] GC(2051) User=0.01s Sys=0.00s Real=0.00s
[743.176s][info][gc,start       ] GC(2052) Pause Young (Allocation Failure)
[743.178s][info][gc,heap        ] GC(2052) PSYoungGen: 290880K(311296K)->64K(310272K) Eden: 290816K(290816K)->0K(290816K) From: 64K(20480K)->64K(19456K)
[743.178s][info][gc,heap        ] GC(2052) ParOldGen: 361062K(361472K)->361078K(361472K)
[743.178s][info][gc,metaspace   ] GC(2052) Metaspace: 35581K(36288K)->35581K(36288K) NonClass: 29308K(29824K)->29308K(29824K) Class: 6272K(6464K)->6272K(6464K)
[743.178s][info][gc             ] GC(2052) Pause Young (Allocation Failure) 636M->352M(656M) 1.430ms
[743.178s][info][gc,cpu         ] GC(2052) User=0.00s Sys=0.00s Real=0.00s
[743.230s][info][gc,start       ] GC(2053) Pause Young (Allocation Failure)
[743.231s][info][gc,heap        ] GC(2053) PSYoungGen: 290880K(310272K)->64K(313344K) Eden: 290816K(290816K)->0K(294912K) From: 64K(19456K)->64K(18432K)
[743.231s][info][gc,heap        ] GC(2053) ParOldGen: 361078K(361472K)->361078K(361472K)
[743.231s][info][gc,metaspace   ] GC(2053) Metaspace: 35581K(36288K)->35581K(36288K) NonClass: 29308K(29824K)->29308K(29824K) Class: 6272K(6464K)->6272K(6464K)
[743.231s][info][gc             ] GC(2053) Pause Young (Allocation Failure) 636M->352M(659M) 1.349ms
[743.231s][info][gc,cpu         ] GC(2053) User=0.00s Sys=0.00s Real=0.00s
[743.429s][info][gc,start       ] GC(2054) Pause Young (Allocation Failure)
[743.430s][info][gc,heap        ] GC(2054) PSYoungGen: 294976K(313344K)->64K(312320K) Eden: 294912K(294912K)->0K(294912K) From: 64K(18432K)->64K(17408K)
[743.430s][info][gc,heap        ] GC(2054) ParOldGen: 361078K(361472K)->361078K(361472K)
[743.430s][info][gc,metaspace   ] GC(2054) Metaspace: 35581K(36288K)->35581K(36288K) NonClass: 29308K(29824K)->29308K(29824K) Class: 6272K(6464K)->6272K(6464K)
[743.430s][info][gc             ] GC(2054) Pause Young (Allocation Failure) 640M->352M(658M) 1.414ms
[743.430s][info][gc,cpu         ] GC(2054) User=0.00s Sys=0.00s Real=0.00s
[743.642s][info][gc,start       ] GC(2055) Pause Young (Allocation Failure)
[743.643s][info][gc,heap        ] GC(2055) PSYoungGen: 294976K(312320K)->64K(315392K) Eden: 294912K(294912K)->0K(299008K) From: 64K(17408K)->64K(16384K)
[743.643s][info][gc,heap        ] GC(2055) ParOldGen: 361078K(361472K)->361086K(361472K)
[743.643s][info][gc,metaspace   ] GC(2055) Metaspace: 35581K(36288K)->35581K(36288K) NonClass: 29308K(29824K)->29308K(29824K) Class: 6272K(6464K)->6272K(6464K)
[743.643s][info][gc             ] GC(2055) Pause Young (Allocation Failure) 640M->352M(661M) 1.452ms
[743.643s][info][gc,cpu         ] GC(2055) User=0.00s Sys=0.00s Real=0.00s
[743.758s][info][gc,start       ] GC(2056) Pause Young (Allocation Failure)
[743.760s][info][gc,heap        ] GC(2056) PSYoungGen: 299072K(315392K)->64K(314368K) Eden: 299008K(299008K)->0K(299008K) From: 64K(16384K)->64K(15360K)
[743.760s][info][gc,heap        ] GC(2056) ParOldGen: 361086K(361472K)->361094K(361472K)
[743.760s][info][gc,metaspace   ] GC(2056) Metaspace: 35581K(36288K)->35581K(36288K) NonClass: 29308K(29824K)->29308K(29824K) Class: 6272K(6464K)->6272K(6464K)
[743.760s][info][gc             ] GC(2056) Pause Young (Allocation Failure) 644M->352M(660M) 1.433ms
[743.760s][info][gc,cpu         ] GC(2056) User=0.00s Sys=0.00s Real=0.00s
[743.862s][info][gc,start       ] GC(2057) Pause Young (Allocation Failure)
[743.863s][info][gc,heap        ] GC(2057) PSYoungGen: 299072K(314368K)->64K(317440K) Eden: 299008K(299008K)->0K(303104K) From: 64K(15360K)->64K(14336K)
[743.863s][info][gc,heap        ] GC(2057) ParOldGen: 361094K(361472K)->361102K(361472K)
[743.863s][info][gc,metaspace   ] GC(2057) Metaspace: 35581K(36288K)->35581K(36288K) NonClass: 29308K(29824K)->29308K(29824K) Class: 6272K(6464K)->6272K(6464K)
[743.863s][info][gc             ] GC(2057) Pause Young (Allocation Failure) 644M->352M(663M) 1.429ms
[743.863s][info][gc,cpu         ] GC(2057) User=0.00s Sys=0.00s Real=0.00s
[744.087s][info][gc,start       ] GC(2058) Pause Young (Allocation Failure)
[744.088s][info][gc,heap        ] GC(2058) PSYoungGen: 303168K(317440K)->64K(316416K) Eden: 303104K(303104K)->0K(303104K) From: 64K(14336K)->64K(13312K)
[744.088s][info][gc,heap        ] GC(2058) ParOldGen: 361102K(361472K)->361110K(361472K)
[744.088s][info][gc,metaspace   ] GC(2058) Metaspace: 35581K(36288K)->35581K(36288K) NonClass: 29308K(29824K)->29308K(29824K) Class: 6272K(6464K)->6272K(6464K)
[744.088s][info][gc             ] GC(2058) Pause Young (Allocation Failure) 648M->352M(662M) 1.463ms
[744.088s][info][gc,cpu         ] GC(2058) User=0.00s Sys=0.00s Real=0.00s
[744.999s][info][gc,start       ] GC(2059) Pause Young (Allocation Failure)
[745.001s][info][gc,heap        ] GC(2059) PSYoungGen: 303168K(316416K)->64K(291328K) Eden: 303104K(303104K)->0K(290816K) From: 64K(13312K)->64K(512K)
[745.001s][info][gc,heap        ] GC(2059) ParOldGen: 361110K(361472K)->361118K(361472K)
[745.001s][info][gc,metaspace   ] GC(2059) Metaspace: 35581K(36288K)->35581K(36288K) NonClass: 29308K(29824K)->29308K(29824K) Class: 6272K(6464K)->6272K(6464K)
[745.001s][info][gc             ] GC(2059) Pause Young (Allocation Failure) 648M->352M(637M) 1.460ms
[745.001s][info][gc,cpu         ] GC(2059) User=0.00s Sys=0.00s Real=0.00s
[745.931s][info][gc,start       ] GC(2060) Pause Young (Allocation Failure)
[745.932s][info][gc,heap        ] GC(2060) PSYoungGen: 290880K(291328K)->64K(291328K) Eden: 290816K(290816K)->0K(279552K) From: 64K(512K)->64K(11776K)
[745.932s][info][gc,heap        ] GC(2060) ParOldGen: 361118K(361472K)->361126K(361472K)
[745.932s][info][gc,metaspace   ] GC(2060) Metaspace: 35581K(36288K)->35581K(36288K) NonClass: 29308K(29824K)->29308K(29824K) Class: 6272K(6464K)->6272K(6464K)
[745.932s][info][gc             ] GC(2060) Pause Young (Allocation Failure) 636M->352M(637M) 1.506ms
[745.932s][info][gc,cpu         ] GC(2060) User=0.00s Sys=0.00s Real=0.00s
[746.307s][info][gc,start       ] GC(2061) Pause Young (Allocation Failure)
[746.309s][info][gc,heap        ] GC(2061) PSYoungGen: 279616K(291328K)->64K(269312K) Eden: 279552K(279552K)->0K(268800K) From: 64K(11776K)->64K(512K)
[746.309s][info][gc,heap        ] GC(2061) ParOldGen: 361126K(361472K)->361134K(361472K)
[746.309s][info][gc,metaspace   ] GC(2061) Metaspace: 35581K(36288K)->35581K(36288K) NonClass: 29308K(29824K)->29308K(29824K) Class: 6272K(6464K)->6272K(6464K)
[746.309s][info][gc             ] GC(2061) Pause Young (Allocation Failure) 625M->352M(616M) 1.531ms
[746.309s][info][gc,cpu         ] GC(2061) User=0.00s Sys=0.00s Real=0.00s
[746.671s][info][gc,start       ] GC(2062) Pause Young (Allocation Failure)
[746.672s][info][gc,heap        ] GC(2062) PSYoungGen: 268864K(269312K)->64K(268800K) Eden: 268800K(268800K)->0K(258560K) From: 64K(512K)->64K(10240K)
[746.672s][info][gc,heap        ] GC(2062) ParOldGen: 361134K(361472K)->361150K(361472K)
[746.672s][info][gc,metaspace   ] GC(2062) Metaspace: 35581K(36288K)->35581K(36288K) NonClass: 29308K(29824K)->29308K(29824K) Class: 6272K(6464K)->6272K(6464K)
[746.672s][info][gc             ] GC(2062) Pause Young (Allocation Failure) 615M->352M(615M) 1.481ms
[746.672s][info][gc,cpu         ] GC(2062) User=0.00s Sys=0.00s Real=0.00s
[747.635s][info][gc,start       ] GC(2063) Pause Young (Allocation Failure)
[747.637s][info][gc,heap        ] GC(2063) PSYoungGen: 258624K(268800K)->64K(249344K) Eden: 258560K(258560K)->0K(248832K) From: 64K(10240K)->64K(512K)
[747.637s][info][gc,heap        ] GC(2063) ParOldGen: 361150K(361472K)->361158K(361472K)
[747.637s][info][gc,metaspace   ] GC(2063) Metaspace: 35581K(36288K)->35581K(36288K) NonClass: 29308K(29824K)->29308K(29824K) Class: 6272K(6464K)->6272K(6464K)
[747.637s][info][gc             ] GC(2063) Pause Young (Allocation Failure) 605M->352M(596M) 1.736ms
[747.637s][info][gc,cpu         ] GC(2063) User=0.00s Sys=0.00s Real=0.01s
[747.994s][info][gc,start       ] GC(2064) Pause Young (Allocation Failure)
[747.995s][info][gc,heap        ] GC(2064) PSYoungGen: 248896K(249344K)->64K(248832K) Eden: 248832K(248832K)->0K(239616K) From: 64K(512K)->64K(9216K)
[747.995s][info][gc,heap        ] GC(2064) ParOldGen: 361158K(361472K)->361166K(361472K)
[747.995s][info][gc,metaspace   ] GC(2064) Metaspace: 35581K(36288K)->35581K(36288K) NonClass: 29308K(29824K)->29308K(29824K) Class: 6272K(6464K)->6272K(6464K)
[747.995s][info][gc             ] GC(2064) Pause Young (Allocation Failure) 595M->352M(596M) 1.374ms
[747.995s][info][gc,cpu         ] GC(2064) User=0.00s Sys=0.00s Real=0.00s
[748.114s][info][gc,start       ] GC(2065) Pause Young (Allocation Failure)
[748.116s][info][gc,heap        ] GC(2065) PSYoungGen: 239680K(248832K)->64K(230912K) Eden: 239616K(239616K)->0K(230400K) From: 64K(9216K)->64K(512K)
[748.116s][info][gc,heap        ] GC(2065) ParOldGen: 361166K(361472K)->361174K(361472K)
[748.116s][info][gc,metaspace   ] GC(2065) Metaspace: 35581K(36288K)->35581K(36288K) NonClass: 29308K(29824K)->29308K(29824K) Class: 6272K(6464K)->6272K(6464K)
[748.116s][info][gc             ] GC(2065) Pause Young (Allocation Failure) 586M->352M(578M) 2.115ms
[748.116s][info][gc,cpu         ] GC(2065) User=0.00s Sys=0.00s Real=0.01s
[748.468s][info][gc,start       ] GC(2066) Pause Young (Allocation Failure)
[748.470s][info][gc,heap        ] GC(2066) PSYoungGen: 230464K(230912K)->64K(229376K) Eden: 230400K(230400K)->0K(221696K) From: 64K(512K)->64K(7680K)
[748.470s][info][gc,heap        ] GC(2066) ParOldGen: 361174K(361472K)->361182K(361472K)
[748.470s][info][gc,metaspace   ] GC(2066) Metaspace: 35581K(36288K)->35581K(36288K) NonClass: 29308K(29824K)->29308K(29824K) Class: 6272K(6464K)->6272K(6464K)
[748.470s][info][gc             ] GC(2066) Pause Young (Allocation Failure) 577M->352M(577M) 1.531ms
[748.470s][info][gc,cpu         ] GC(2066) User=0.00s Sys=0.00s Real=0.00s
[748.851s][info][gc,start       ] GC(2067) Pause Young (Allocation Failure)
[748.853s][info][gc,heap        ] GC(2067) PSYoungGen: 221760K(229376K)->64K(214016K) Eden: 221696K(221696K)->0K(213504K) From: 64K(7680K)->64K(512K)
[748.853s][info][gc,heap        ] GC(2067) ParOldGen: 361182K(361472K)->361190K(361472K)
[748.853s][info][gc,metaspace   ] GC(2067) Metaspace: 35581K(36288K)->35581K(36288K) NonClass: 29308K(29824K)->29308K(29824K) Class: 6272K(6464K)->6272K(6464K)
[748.853s][info][gc             ] GC(2067) Pause Young (Allocation Failure) 569M->352M(562M) 2.080ms
[748.853s][info][gc,cpu         ] GC(2067) User=0.00s Sys=0.00s Real=0.00s
[749.211s][info][gc,start       ] GC(2068) Pause Young (Allocation Failure)
[749.215s][info][gc,heap        ] GC(2068) PSYoungGen: 213568K(214016K)->704K(212480K) Eden: 213504K(213504K)->0K(205824K) From: 64K(512K)->704K(6656K)
[749.215s][info][gc,heap        ] GC(2068) ParOldGen: 361190K(361472K)->361206K(361472K)
[749.215s][info][gc,metaspace   ] GC(2068) Metaspace: 35581K(36288K)->35581K(36288K) NonClass: 29308K(29824K)->29308K(29824K) Class: 6272K(6464K)->6272K(6464K)
[749.215s][info][gc             ] GC(2068) Pause Young (Allocation Failure) 561M->353M(560M) 3.769ms
[749.215s][info][gc,cpu         ] GC(2068) User=0.00s Sys=0.00s Real=0.00s
[749.449s][info][gc,start       ] GC(2069) Pause Young (Allocation Failure)
[749.498s][info][gc,heap        ] GC(2069) PSYoungGen: 206528K(212480K)->6144K(252416K) Eden: 205824K(205824K)->0K(246272K) From: 704K(6656K)->6144K(6144K)
[749.498s][info][gc,heap        ] GC(2069) ParOldGen: 361206K(361472K)->377022K(377344K)
[749.498s][info][gc,metaspace   ] GC(2069) Metaspace: 35581K(36288K)->35581K(36288K) NonClass: 29308K(29824K)->29308K(29824K) Class: 6272K(6464K)->6272K(6464K)
[749.499s][info][gc             ] GC(2069) Pause Young (Allocation Failure) 554M->374M(615M) 49.746ms
[749.499s][info][gc,cpu         ] GC(2069) User=0.07s Sys=0.01s Real=0.05s
[749.779s][info][gc,start       ] GC(2070) Pause Young (Allocation Failure)
[749.835s][info][gc,heap        ] GC(2070) PSYoungGen: 252416K(252416K)->13312K(271872K) Eden: 246272K(246272K)->0K(258560K) From: 6144K(6144K)->13312K(13312K)
[749.835s][info][gc,heap        ] GC(2070) ParOldGen: 377022K(377344K)->390558K(390656K)
[749.835s][info][gc,metaspace   ] GC(2070) Metaspace: 35581K(36288K)->35581K(36288K) NonClass: 29308K(29824K)->29308K(29824K) Class: 6272K(6464K)->6272K(6464K)
[749.835s][info][gc             ] GC(2070) Pause Young (Allocation Failure) 614M->394M(647M) 55.870ms
[749.835s][info][gc,cpu         ] GC(2070) User=0.10s Sys=0.01s Real=0.05s
[750.071s][info][gc,start       ] GC(2071) Pause Young (Allocation Failure)
[750.118s][info][gc,heap        ] GC(2071) PSYoungGen: 271872K(271872K)->20064K(305152K) Eden: 258560K(258560K)->0K(283648K) From: 13312K(13312K)->20064K(21504K)
[750.118s][info][gc,heap        ] GC(2071) ParOldGen: 390558K(390656K)->391054K(391168K)
[750.118s][info][gc,metaspace   ] GC(2071) Metaspace: 35581K(36288K)->35581K(36288K) NonClass: 29308K(29824K)->29308K(29824K) Class: 6272K(6464K)->6272K(6464K)
[750.118s][info][gc             ] GC(2071) Pause Young (Allocation Failure) 646M->401M(680M) 46.183ms
[750.118s][info][gc,cpu         ] GC(2071) User=0.08s Sys=0.02s Real=0.05s
[750.332s][info][gc,start       ] GC(2072) Pause Young (Allocation Failure)
[750.333s][info][gc,heap        ] GC(2072) PSYoungGen: 303712K(305152K)->64K(308736K) Eden: 283648K(283648K)->0K(283648K) From: 20064K(21504K)->64K(25088K)
[750.333s][info][gc,heap        ] GC(2072) ParOldGen: 391054K(391168K)->391062K(391168K)
[750.333s][info][gc,metaspace   ] GC(2072) Metaspace: 35581K(36288K)->35581K(36288K) NonClass: 29308K(29824K)->29308K(29824K) Class: 6272K(6464K)->6272K(6464K)
[750.333s][info][gc             ] GC(2072) Pause Young (Allocation Failure) 678M->381M(683M) 1.500ms
[750.333s][info][gc,cpu         ] GC(2072) User=0.00s Sys=0.00s Real=0.00s
[751.047s][info][gc,start       ] GC(2073) Pause Young (Allocation Failure)
[751.048s][info][gc,heap        ] GC(2073) PSYoungGen: 283712K(308736K)->64K(306176K) Eden: 283648K(283648K)->0K(284160K) From: 64K(25088K)->64K(22016K)
[751.048s][info][gc,heap        ] GC(2073) ParOldGen: 391062K(391168K)->391078K(391168K)
[751.048s][info][gc,metaspace   ] GC(2073) Metaspace: 35581K(36288K)->35581K(36288K) NonClass: 29308K(29824K)->29308K(29824K) Class: 6272K(6464K)->6272K(6464K)
[751.048s][info][gc             ] GC(2073) Pause Young (Allocation Failure) 658M->381M(681M) 1.557ms
[751.048s][info][gc,cpu         ] GC(2073) User=0.00s Sys=0.00s Real=0.00s
[751.316s][info][gc,start       ] GC(2074) Pause Young (Allocation Failure)
[751.317s][info][gc,heap        ] GC(2074) PSYoungGen: 284224K(306176K)->64K(307712K) Eden: 284160K(284160K)->0K(284160K) From: 64K(22016K)->64K(23552K)
[751.317s][info][gc,heap        ] GC(2074) ParOldGen: 391078K(391168K)->391078K(391168K)
[751.317s][info][gc,metaspace   ] GC(2074) Metaspace: 35581K(36288K)->35581K(36288K) NonClass: 29308K(29824K)->29308K(29824K) Class: 6272K(6464K)->6272K(6464K)
[751.317s][info][gc             ] GC(2074) Pause Young (Allocation Failure) 659M->381M(682M) 1.576ms
[751.317s][info][gc,cpu         ] GC(2074) User=0.00s Sys=0.00s Real=0.01s
[751.762s][info][gc,start       ] GC(2075) Pause Young (Allocation Failure)
[751.764s][info][gc,heap        ] GC(2075) PSYoungGen: 284224K(307712K)->64K(307712K) Eden: 284160K(284160K)->0K(287232K) From: 64K(23552K)->64K(20480K)
[751.764s][info][gc,heap        ] GC(2075) ParOldGen: 391078K(391168K)->391094K(391168K)
[751.764s][info][gc,metaspace   ] GC(2075) Metaspace: 35581K(36288K)->35581K(36288K) NonClass: 29308K(29824K)->29308K(29824K) Class: 6272K(6464K)->6272K(6464K)
[751.764s][info][gc             ] GC(2075) Pause Young (Allocation Failure) 659M->381M(682M) 1.556ms
[751.764s][info][gc,cpu         ] GC(2075) User=0.00s Sys=0.00s Real=0.00s
[751.994s][info][gc,start       ] GC(2076) Pause Young (Allocation Failure)
[751.995s][info][gc,heap        ] GC(2076) PSYoungGen: 287296K(307712K)->64K(309248K) Eden: 287232K(287232K)->0K(287232K) From: 64K(20480K)->64K(22016K)
[751.995s][info][gc,heap        ] GC(2076) ParOldGen: 391094K(391168K)->391110K(391168K)
[751.995s][info][gc,metaspace   ] GC(2076) Metaspace: 35581K(36288K)->35581K(36288K) NonClass: 29308K(29824K)->29308K(29824K) Class: 6272K(6464K)->6272K(6464K)
[751.995s][info][gc             ] GC(2076) Pause Young (Allocation Failure) 662M->382M(684M) 1.522ms
[751.995s][info][gc,cpu         ] GC(2076) User=0.00s Sys=0.00s Real=0.00s
[752.223s][info][gc,start       ] GC(2077) Pause Young (Allocation Failure)
[752.225s][info][gc,heap        ] GC(2077) PSYoungGen: 287296K(309248K)->64K(309248K) Eden: 287232K(287232K)->0K(290816K) From: 64K(22016K)->64K(18432K)
[752.225s][info][gc,heap        ] GC(2077) ParOldGen: 391110K(391168K)->391110K(391168K)
[752.225s][info][gc,metaspace   ] GC(2077) Metaspace: 35581K(36288K)->35581K(36288K) NonClass: 29308K(29824K)->29308K(29824K) Class: 6272K(6464K)->6272K(6464K)
[752.225s][info][gc             ] GC(2077) Pause Young (Allocation Failure) 662M->382M(684M) 1.576ms
[752.225s][info][gc,cpu         ] GC(2077) User=0.01s Sys=0.00s Real=0.00s
[752.527s][info][gc,start       ] GC(2078) Pause Young (Allocation Failure)
[752.529s][info][gc,heap        ] GC(2078) PSYoungGen: 290880K(309248K)->64K(310784K) Eden: 290816K(290816K)->0K(290816K) From: 64K(18432K)->64K(19968K)
[752.529s][info][gc,heap        ] GC(2078) ParOldGen: 391110K(391168K)->391110K(391168K)
[752.529s][info][gc,metaspace   ] GC(2078) Metaspace: 35581K(36288K)->35581K(36288K) NonClass: 29308K(29824K)->29308K(29824K) Class: 6272K(6464K)->6272K(6464K)
[752.529s][info][gc             ] GC(2078) Pause Young (Allocation Failure) 666M->382M(685M) 1.526ms
[752.529s][info][gc,cpu         ] GC(2078) User=0.01s Sys=0.00s Real=0.00s
[752.582s][info][gc,start       ] GC(2079) Pause Young (Allocation Failure)
[752.584s][info][gc,heap        ] GC(2079) PSYoungGen: 290880K(310784K)->64K(311296K) Eden: 290816K(290816K)->0K(294912K) From: 64K(19968K)->64K(16384K)
[752.584s][info][gc,heap        ] GC(2079) ParOldGen: 391110K(391168K)->391126K(391168K)
[752.584s][info][gc,metaspace   ] GC(2079) Metaspace: 35581K(36288K)->35581K(36288K) NonClass: 29308K(29824K)->29308K(29824K) Class: 6272K(6464K)->6272K(6464K)
[752.584s][info][gc             ] GC(2079) Pause Young (Allocation Failure) 666M->382M(686M) 1.454ms
[752.584s][info][gc,cpu         ] GC(2079) User=0.00s Sys=0.00s Real=0.00s
[752.664s][info][gc,start       ] GC(2080) Pause Young (Allocation Failure)
[752.665s][info][gc,heap        ] GC(2080) PSYoungGen: 294976K(311296K)->64K(312832K) Eden: 294912K(294912K)->0K(294912K) From: 64K(16384K)->64K(17920K)
[752.665s][info][gc,heap        ] GC(2080) ParOldGen: 391126K(391168K)->391126K(391168K)
[752.665s][info][gc,metaspace   ] GC(2080) Metaspace: 35581K(36288K)->35581K(36288K) NonClass: 29308K(29824K)->29308K(29824K) Class: 6272K(6464K)->6272K(6464K)
[752.665s][info][gc             ] GC(2080) Pause Young (Allocation Failure) 670M->382M(687M) 1.486ms
[752.665s][info][gc,cpu         ] GC(2080) User=0.00s Sys=0.00s Real=0.00s
[752.881s][info][gc,start       ] GC(2081) Pause Young (Allocation Failure)
[752.882s][info][gc,heap        ] GC(2081) PSYoungGen: 294976K(312832K)->64K(313344K) Eden: 294912K(294912K)->0K(299008K) From: 64K(17920K)->64K(14336K)
[752.882s][info][gc,heap        ] GC(2081) ParOldGen: 391126K(391168K)->391142K(391168K)
[752.882s][info][gc,metaspace   ] GC(2081) Metaspace: 35581K(36288K)->35581K(36288K) NonClass: 29308K(29824K)->29308K(29824K) Class: 6272K(6464K)->6272K(6464K)
[752.882s][info][gc             ] GC(2081) Pause Young (Allocation Failure) 670M->382M(688M) 1.503ms
[752.882s][info][gc,cpu         ] GC(2081) User=0.00s Sys=0.00s Real=0.00s
[753.096s][info][gc,start       ] GC(2082) Pause Young (Allocation Failure)
[753.098s][info][gc,heap        ] GC(2082) PSYoungGen: 299072K(313344K)->64K(314880K) Eden: 299008K(299008K)->0K(299008K) From: 64K(14336K)->64K(15872K)
[753.098s][info][gc,heap        ] GC(2082) ParOldGen: 391142K(391168K)->391142K(391168K)
[753.098s][info][gc,metaspace   ] GC(2082) Metaspace: 35581K(36288K)->35581K(36288K) NonClass: 29308K(29824K)->29308K(29824K) Class: 6272K(6464K)->6272K(6464K)
[753.098s][info][gc             ] GC(2082) Pause Young (Allocation Failure) 674M->382M(689M) 1.513ms
[753.098s][info][gc,cpu         ] GC(2082) User=0.00s Sys=0.00s Real=0.00s
[753.180s][info][gc,start       ] GC(2083) Pause Young (Allocation Failure)
[753.181s][info][gc,heap        ] GC(2083) PSYoungGen: 299072K(314880K)->64K(316416K) Eden: 299008K(299008K)->0K(303104K) From: 64K(15872K)->64K(13312K)
[753.181s][info][gc,heap        ] GC(2083) ParOldGen: 391142K(391168K)->391158K(391168K)
[753.181s][info][gc,metaspace   ] GC(2083) Metaspace: 35581K(36288K)->35581K(36288K) NonClass: 29308K(29824K)->29308K(29824K) Class: 6272K(6464K)->6272K(6464K)
[753.181s][info][gc             ] GC(2083) Pause Young (Allocation Failure) 674M->382M(691M) 1.548ms
[753.181s][info][gc,cpu         ] GC(2083) User=0.00s Sys=0.00s Real=0.00s
[753.311s][info][gc,start       ] GC(2084) Pause Young (Allocation Failure)
[753.313s][info][gc,heap        ] GC(2084) PSYoungGen: 303168K(316416K)->64K(317440K) Eden: 303104K(303104K)->0K(303104K) From: 64K(13312K)->64K(14336K)
[753.313s][info][gc,heap        ] GC(2084) ParOldGen: 391158K(391168K)->391158K(391168K)
[753.313s][info][gc,metaspace   ] GC(2084) Metaspace: 35581K(36288K)->35581K(36288K) NonClass: 29308K(29824K)->29308K(29824K) Class: 6272K(6464K)->6272K(6464K)
[753.313s][info][gc             ] GC(2084) Pause Young (Allocation Failure) 678M->382M(692M) 1.524ms
[753.313s][info][gc,cpu         ] GC(2084) User=0.00s Sys=0.00s Real=0.00s
[753.708s][info][gc,start       ] GC(2085) Pause Young (Allocation Failure)
[753.710s][info][gc,heap        ] GC(2085) PSYoungGen: 303168K(317440K)->64K(317440K) Eden: 303104K(303104K)->0K(306176K) From: 64K(14336K)->64K(11264K)
[753.710s][info][gc,heap        ] GC(2085) ParOldGen: 391158K(391168K)->391166K(391168K)
[753.710s][info][gc,metaspace   ] GC(2085) Metaspace: 35581K(36288K)->35581K(36288K) NonClass: 29308K(29824K)->29308K(29824K) Class: 6272K(6464K)->6272K(6464K)
[753.710s][info][gc             ] GC(2085) Pause Young (Allocation Failure) 678M->382M(692M) 1.559ms
[753.710s][info][gc,cpu         ] GC(2085) User=0.00s Sys=0.00s Real=0.00s
[754.436s][info][gc,start       ] GC(2086) Pause Young (Allocation Failure)
[754.438s][info][gc,heap        ] GC(2086) PSYoungGen: 306240K(317440K)->64K(294400K) Eden: 306176K(306176K)->0K(293888K) From: 64K(11264K)->64K(512K)
[754.438s][info][gc,heap        ] GC(2086) ParOldGen: 391166K(391168K)->391174K(391680K)
[754.438s][info][gc,metaspace   ] GC(2086) Metaspace: 35581K(36288K)->35581K(36288K) NonClass: 29308K(29824K)->29308K(29824K) Class: 6272K(6464K)->6272K(6464K)
[754.438s][info][gc             ] GC(2086) Pause Young (Allocation Failure) 681M->382M(670M) 2.250ms
[754.438s][info][gc,cpu         ] GC(2086) User=0.00s Sys=0.01s Real=0.00s
[755.445s][info][gc,start       ] GC(2087) Pause Young (Allocation Failure)
[755.447s][info][gc,heap        ] GC(2087) PSYoungGen: 293952K(294400K)->64K(282624K) Eden: 293888K(293888K)->0K(282112K) From: 64K(512K)->64K(512K)
[755.447s][info][gc,heap        ] GC(2087) ParOldGen: 391174K(391680K)->391182K(391680K)
[755.447s][info][gc,metaspace   ] GC(2087) Metaspace: 35581K(36288K)->35581K(36288K) NonClass: 29308K(29824K)->29308K(29824K) Class: 6272K(6464K)->6272K(6464K)
[755.447s][info][gc             ] GC(2087) Pause Young (Allocation Failure) 669M->382M(658M) 2.072ms
[755.447s][info][gc,cpu         ] GC(2087) User=0.01s Sys=0.00s Real=0.01s
[755.916s][info][gc,start       ] GC(2088) Pause Young (Allocation Failure)
[755.918s][info][gc,heap        ] GC(2088) PSYoungGen: 282176K(282624K)->64K(281600K) Eden: 282112K(282112K)->0K(270848K) From: 64K(512K)->64K(10752K)
[755.918s][info][gc,heap        ] GC(2088) ParOldGen: 391182K(391680K)->391190K(391680K)
[755.918s][info][gc,metaspace   ] GC(2088) Metaspace: 35581K(36288K)->35581K(36288K) NonClass: 29308K(29824K)->29308K(29824K) Class: 6272K(6464K)->6272K(6464K)
[755.918s][info][gc             ] GC(2088) Pause Young (Allocation Failure) 657M->382M(657M) 1.921ms
[755.918s][info][gc,cpu         ] GC(2088) User=0.01s Sys=0.00s Real=0.00s
[756.906s][info][gc,start       ] GC(2089) Pause Young (Allocation Failure)
[756.909s][info][gc,heap        ] GC(2089) PSYoungGen: 270912K(281600K)->64K(260608K) Eden: 270848K(270848K)->0K(260096K) From: 64K(10752K)->64K(512K)
[756.909s][info][gc,heap        ] GC(2089) ParOldGen: 391190K(391680K)->391198K(391680K)
[756.909s][info][gc,metaspace   ] GC(2089) Metaspace: 35581K(36288K)->35581K(36288K) NonClass: 29308K(29824K)->29308K(29824K) Class: 6272K(6464K)->6272K(6464K)
[756.909s][info][gc             ] GC(2089) Pause Young (Allocation Failure) 646M->382M(637M) 2.459ms
[756.909s][info][gc,cpu         ] GC(2089) User=0.00s Sys=0.00s Real=0.00s
[757.318s][info][gc,start       ] GC(2090) Pause Young (Allocation Failure)
[757.320s][info][gc,heap        ] GC(2090) PSYoungGen: 260160K(260608K)->32K(259072K) Eden: 260096K(260096K)->0K(249856K) From: 64K(512K)->32K(9216K)
[757.320s][info][gc,heap        ] GC(2090) ParOldGen: 391198K(391680K)->391206K(391680K)
[757.320s][info][gc,metaspace   ] GC(2090) Metaspace: 35581K(36288K)->35581K(36288K) NonClass: 29308K(29824K)->29308K(29824K) Class: 6272K(6464K)->6272K(6464K)
[757.320s][info][gc             ] GC(2090) Pause Young (Allocation Failure) 636M->382M(635M) 2.327ms
[757.321s][info][gc,cpu         ] GC(2090) User=0.00s Sys=0.00s Real=0.00s
[757.517s][info][gc,start       ] GC(2091) Pause Young (Allocation Failure)
[757.520s][info][gc,heap        ] GC(2091) PSYoungGen: 249888K(259072K)->64K(240640K) Eden: 249856K(249856K)->0K(240128K) From: 32K(9216K)->64K(512K)
[757.520s][info][gc,heap        ] GC(2091) ParOldGen: 391206K(391680K)->391222K(391680K)
[757.521s][info][gc,metaspace   ] GC(2091) Metaspace: 35581K(36288K)->35581K(36288K) NonClass: 29308K(29824K)->29308K(29824K) Class: 6272K(6464K)->6272K(6464K)
[757.521s][info][gc             ] GC(2091) Pause Young (Allocation Failure) 626M->382M(617M) 3.503ms
[757.521s][info][gc,cpu         ] GC(2091) User=0.00s Sys=0.00s Real=0.00s
[757.607s][info][gc,start       ] GC(2092) Pause Young (Allocation Failure)
[757.610s][info][gc,heap        ] GC(2092) PSYoungGen: 240192K(240640K)->64K(282624K) Eden: 240128K(240128K)->0K(274432K) From: 64K(512K)->64K(8192K)
[757.610s][info][gc,heap        ] GC(2092) ParOldGen: 391222K(391680K)->391238K(391680K)
[757.610s][info][gc,metaspace   ] GC(2092) Metaspace: 35581K(36288K)->35581K(36288K) NonClass: 29308K(29824K)->29308K(29824K) Class: 6272K(6464K)->6272K(6464K)
[757.610s][info][gc             ] GC(2092) Pause Young (Allocation Failure) 616M->382M(658M) 2.627ms
[757.610s][info][gc,cpu         ] GC(2092) User=0.01s Sys=0.00s Real=0.00s
[758.277s][info][gc,start       ] GC(2093) Pause Young (Allocation Failure)
[758.279s][info][gc,heap        ] GC(2093) PSYoungGen: 274496K(282624K)->64K(291840K) Eden: 274432K(274432K)->0K(284160K) From: 64K(8192K)->64K(7680K)
[758.279s][info][gc,heap        ] GC(2093) ParOldGen: 391238K(391680K)->391254K(391680K)
[758.279s][info][gc,metaspace   ] GC(2093) Metaspace: 35581K(36288K)->35581K(36288K) NonClass: 29308K(29824K)->29308K(29824K) Class: 6272K(6464K)->6272K(6464K)
[758.279s][info][gc             ] GC(2093) Pause Young (Allocation Failure) 650M->382M(667M) 2.786ms
[758.279s][info][gc,cpu         ] GC(2093) User=0.00s Sys=0.00s Real=0.00s
[758.653s][info][gc,start       ] GC(2094) Pause Young (Allocation Failure)
[758.656s][info][gc,heap        ] GC(2094) PSYoungGen: 284224K(291840K)->64K(291328K) Eden: 284160K(284160K)->0K(284160K) From: 64K(7680K)->64K(7168K)
[758.656s][info][gc,heap        ] GC(2094) ParOldGen: 391254K(391680K)->391270K(391680K)
[758.656s][info][gc,metaspace   ] GC(2094) Metaspace: 35581K(36288K)->35581K(36288K) NonClass: 29308K(29824K)->29308K(29824K) Class: 6272K(6464K)->6272K(6464K)
[758.656s][info][gc             ] GC(2094) Pause Young (Allocation Failure) 659M->382M(667M) 2.595ms
[758.656s][info][gc,cpu         ] GC(2094) User=0.01s Sys=0.00s Real=0.00s
[759.010s][info][gc,start       ] GC(2095) Pause Young (Allocation Failure)
[759.087s][info][gc,heap        ] GC(2095) PSYoungGen: 284224K(291328K)->6656K(306688K) Eden: 284160K(284160K)->0K(300032K) From: 64K(7168K)->6656K(6656K)
[759.087s][info][gc,heap        ] GC(2095) ParOldGen: 391270K(391680K)->414918K(415232K)
[759.087s][info][gc,metaspace   ] GC(2095) Metaspace: 35581K(36288K)->35581K(36288K) NonClass: 29308K(29824K)->29308K(29824K) Class: 6272K(6464K)->6272K(6464K)
[759.087s][info][gc             ] GC(2095) Pause Young (Allocation Failure) 659M->411M(705M) 77.292ms
[759.087s][info][gc,cpu         ] GC(2095) User=0.12s Sys=0.02s Real=0.08s
[759.475s][info][gc,start       ] GC(2096) Pause Young (Allocation Failure)
[759.553s][info][gc,heap        ] GC(2096) PSYoungGen: 306688K(306688K)->16896K(316928K) Eden: 300032K(300032K)->0K(300032K) From: 6656K(6656K)->16896K(16896K)
[759.553s][info][gc,heap        ] GC(2096) ParOldGen: 414918K(415232K)->430886K(431104K)
[759.553s][info][gc,metaspace   ] GC(2096) Metaspace: 35581K(36288K)->35581K(36288K) NonClass: 29308K(29824K)->29308K(29824K) Class: 6272K(6464K)->6272K(6464K)
[759.553s][info][gc             ] GC(2096) Pause Young (Allocation Failure) 704M->437M(730M) 78.259ms
[759.554s][info][gc,cpu         ] GC(2096) User=0.13s Sys=0.02s Real=0.08s
[759.707s][info][gc,start       ] GC(2097) Pause Young (Allocation Failure)
[759.726s][info][gc,heap        ] GC(2097) PSYoungGen: 316928K(316928K)->6688K(301568K) Eden: 300032K(300032K)->0K(284672K) From: 16896K(16896K)->6688K(16896K)
[759.726s][info][gc,heap        ] GC(2097) ParOldGen: 430886K(431104K)->431462K(431616K)
[759.726s][info][gc,metaspace   ] GC(2097) Metaspace: 35581K(36288K)->35581K(36288K) NonClass: 29308K(29824K)->29308K(29824K) Class: 6272K(6464K)->6272K(6464K)
[759.726s][info][gc             ] GC(2097) Pause Young (Allocation Failure) 730M->427M(716M) 19.316ms
[759.726s][info][gc,cpu         ] GC(2097) User=0.03s Sys=0.01s Real=0.02s
[760.324s][info][gc,start       ] GC(2098) Pause Young (Allocation Failure)
[760.326s][info][gc,heap        ] GC(2098) PSYoungGen: 291360K(301568K)->64K(309248K) Eden: 284672K(284672K)->0K(284672K) From: 6688K(16896K)->64K(24576K)
[760.326s][info][gc,heap        ] GC(2098) ParOldGen: 431462K(431616K)->431470K(431616K)
[760.326s][info][gc,metaspace   ] GC(2098) Metaspace: 35581K(36288K)->35581K(36288K) NonClass: 29308K(29824K)->29308K(29824K) Class: 6272K(6464K)->6272K(6464K)
[760.326s][info][gc             ] GC(2098) Pause Young (Allocation Failure) 705M->421M(723M) 1.621ms
[760.326s][info][gc,cpu         ] GC(2098) User=0.00s Sys=0.00s Real=0.00s
[760.806s][info][gc,start       ] GC(2099) Pause Young (Allocation Failure)
[760.807s][info][gc,heap        ] GC(2099) PSYoungGen: 284736K(309248K)->64K(306688K) Eden: 284672K(284672K)->0K(285184K) From: 64K(24576K)->64K(21504K)
[760.807s][info][gc,heap        ] GC(2099) ParOldGen: 431470K(431616K)->431478K(431616K)
[760.807s][info][gc,metaspace   ] GC(2099) Metaspace: 35581K(36288K)->35581K(36288K) NonClass: 29308K(29824K)->29308K(29824K) Class: 6272K(6464K)->6272K(6464K)
[760.807s][info][gc             ] GC(2099) Pause Young (Allocation Failure) 699M->421M(721M) 1.765ms
[760.807s][info][gc,cpu         ] GC(2099) User=0.00s Sys=0.00s Real=0.01s
[761.240s][info][gc,start       ] GC(2100) Pause Young (Allocation Failure)
[761.242s][info][gc,heap        ] GC(2100) PSYoungGen: 285248K(306688K)->64K(308224K) Eden: 285184K(285184K)->0K(285184K) From: 64K(21504K)->64K(23040K)
[761.242s][info][gc,heap        ] GC(2100) ParOldGen: 431478K(431616K)->431494K(431616K)
[761.242s][info][gc,metaspace   ] GC(2100) Metaspace: 35581K(36288K)->35581K(36288K) NonClass: 29308K(29824K)->29308K(29824K) Class: 6272K(6464K)->6272K(6464K)
[761.242s][info][gc             ] GC(2100) Pause Young (Allocation Failure) 699M->421M(722M) 1.643ms
[761.242s][info][gc,cpu         ] GC(2100) User=0.01s Sys=0.00s Real=0.00s
[761.467s][info][gc,start       ] GC(2101) Pause Young (Allocation Failure)
[761.469s][info][gc,heap        ] GC(2101) PSYoungGen: 285248K(308224K)->64K(309248K) Eden: 285184K(285184K)->0K(288768K) From: 64K(23040K)->64K(20480K)
[761.469s][info][gc,heap        ] GC(2101) ParOldGen: 431494K(431616K)->431510K(431616K)
[761.469s][info][gc,metaspace   ] GC(2101) Metaspace: 35581K(36288K)->35581K(36288K) NonClass: 29308K(29824K)->29308K(29824K) Class: 6272K(6464K)->6272K(6464K)
[761.469s][info][gc             ] GC(2101) Pause Young (Allocation Failure) 699M->421M(723M) 2.213ms
[761.469s][info][gc,cpu         ] GC(2101) User=0.00s Sys=0.00s Real=0.00s
[761.698s][info][gc,start       ] GC(2102) Pause Young (Allocation Failure)
[761.700s][info][gc,heap        ] GC(2102) PSYoungGen: 288832K(309248K)->64K(310272K) Eden: 288768K(288768K)->0K(288768K) From: 64K(20480K)->64K(21504K)
[761.700s][info][gc,heap        ] GC(2102) ParOldGen: 431510K(431616K)->431510K(431616K)
[761.700s][info][gc,metaspace   ] GC(2102) Metaspace: 35581K(36288K)->35581K(36288K) NonClass: 29308K(29824K)->29308K(29824K) Class: 6272K(6464K)->6272K(6464K)
[761.700s][info][gc             ] GC(2102) Pause Young (Allocation Failure) 703M->421M(724M) 1.582ms
[761.700s][info][gc,cpu         ] GC(2102) User=0.00s Sys=0.00s Real=0.00s
[762.067s][info][gc,start       ] GC(2103) Pause Young (Allocation Failure)
[762.068s][info][gc,heap        ] GC(2103) PSYoungGen: 288832K(310272K)->64K(310272K) Eden: 288768K(288768K)->0K(291840K) From: 64K(21504K)->64K(18432K)
[762.068s][info][gc,heap        ] GC(2103) ParOldGen: 431510K(431616K)->431510K(431616K)
[762.068s][info][gc,metaspace   ] GC(2103) Metaspace: 35581K(36288K)->35581K(36288K) NonClass: 29308K(29824K)->29308K(29824K) Class: 6272K(6464K)->6272K(6464K)
[762.068s][info][gc             ] GC(2103) Pause Young (Allocation Failure) 703M->421M(724M) 1.660ms
[762.068s][info][gc,cpu         ] GC(2103) User=0.01s Sys=0.00s Real=0.00s
[762.122s][info][gc,start       ] GC(2104) Pause Young (Allocation Failure)
[762.123s][info][gc,heap        ] GC(2104) PSYoungGen: 291903K(310272K)->64K(311296K) Eden: 291839K(291840K)->0K(291840K) From: 64K(18432K)->64K(19456K)
[762.123s][info][gc,heap        ] GC(2104) ParOldGen: 431510K(431616K)->431526K(431616K)
[762.123s][info][gc,metaspace   ] GC(2104) Metaspace: 35581K(36288K)->35581K(36288K) NonClass: 29308K(29824K)->29308K(29824K) Class: 6272K(6464K)->6272K(6464K)
[762.123s][info][gc             ] GC(2104) Pause Young (Allocation Failure) 706M->421M(725M) 1.534ms
[762.123s][info][gc,cpu         ] GC(2104) User=0.00s Sys=0.00s Real=0.00s
[762.177s][info][gc,start       ] GC(2105) Pause Young (Allocation Failure)
[762.178s][info][gc,heap        ] GC(2105) PSYoungGen: 291904K(311296K)->64K(312320K) Eden: 291840K(291840K)->0K(295936K) From: 64K(19456K)->64K(16384K)
[762.178s][info][gc,heap        ] GC(2105) ParOldGen: 431526K(431616K)->431526K(431616K)
[762.178s][info][gc,metaspace   ] GC(2105) Metaspace: 35581K(36288K)->35581K(36288K) NonClass: 29308K(29824K)->29308K(29824K) Class: 6272K(6464K)->6272K(6464K)
[762.178s][info][gc             ] GC(2105) Pause Young (Allocation Failure) 706M->421M(726M) 1.542ms
[762.178s][info][gc,cpu         ] GC(2105) User=0.00s Sys=0.00s Real=0.00s
[762.351s][info][gc,start       ] GC(2106) Pause Young (Allocation Failure)
[762.353s][info][gc,heap        ] GC(2106) PSYoungGen: 296000K(312320K)->64K(313344K) Eden: 295936K(295936K)->0K(295936K) From: 64K(16384K)->64K(17408K)
[762.353s][info][gc,heap        ] GC(2106) ParOldGen: 431526K(431616K)->431526K(431616K)
[762.353s][info][gc,metaspace   ] GC(2106) Metaspace: 35581K(36288K)->35581K(36288K) NonClass: 29308K(29824K)->29308K(29824K) Class: 6272K(6464K)->6272K(6464K)
[762.353s][info][gc             ] GC(2106) Pause Young (Allocation Failure) 710M->421M(727M) 2.097ms
[762.353s][info][gc,cpu         ] GC(2106) User=0.00s Sys=0.00s Real=0.00s
[762.566s][info][gc,start       ] GC(2107) Pause Young (Allocation Failure)
[762.568s][info][gc,heap        ] GC(2107) PSYoungGen: 296000K(313344K)->64K(314368K) Eden: 295936K(295936K)->0K(300032K) From: 64K(17408K)->64K(14336K)
[762.568s][info][gc,heap        ] GC(2107) ParOldGen: 431526K(431616K)->431534K(431616K)
[762.568s][info][gc,metaspace   ] GC(2107) Metaspace: 35581K(36288K)->35581K(36288K) NonClass: 29308K(29824K)->29308K(29824K) Class: 6272K(6464K)->6272K(6464K)
[762.568s][info][gc             ] GC(2107) Pause Young (Allocation Failure) 710M->421M(728M) 1.684ms
[762.568s][info][gc,cpu         ] GC(2107) User=0.00s Sys=0.00s Real=0.00s
[762.697s][info][gc,start       ] GC(2108) Pause Young (Allocation Failure)
[762.699s][info][gc,heap        ] GC(2108) PSYoungGen: 300096K(314368K)->64K(315392K) Eden: 300032K(300032K)->0K(300032K) From: 64K(14336K)->64K(15360K)
[762.699s][info][gc,heap        ] GC(2108) ParOldGen: 431534K(431616K)->431542K(431616K)
[762.699s][info][gc,metaspace   ] GC(2108) Metaspace: 35581K(36288K)->35581K(36288K) NonClass: 29308K(29824K)->29308K(29824K) Class: 6272K(6464K)->6272K(6464K)
[762.699s][info][gc             ] GC(2108) Pause Young (Allocation Failure) 714M->421M(729M) 1.672ms
[762.699s][info][gc,cpu         ] GC(2108) User=0.00s Sys=0.00s Real=0.00s
[762.791s][info][gc,start       ] GC(2109) Pause Young (Allocation Failure)
[762.793s][info][gc,heap        ] GC(2109) PSYoungGen: 300096K(315392K)->64K(315904K) Eden: 300032K(300032K)->0K(303616K) From: 64K(15360K)->64K(12288K)
[762.793s][info][gc,heap        ] GC(2109) ParOldGen: 431542K(431616K)->431550K(431616K)
[762.793s][info][gc,metaspace   ] GC(2109) Metaspace: 35581K(36288K)->35581K(36288K) NonClass: 29308K(29824K)->29308K(29824K) Class: 6272K(6464K)->6272K(6464K)
[762.793s][info][gc             ] GC(2109) Pause Young (Allocation Failure) 714M->421M(730M) 1.611ms
[762.793s][info][gc,cpu         ] GC(2109) User=0.00s Sys=0.00s Real=0.00s
[762.971s][info][gc,start       ] GC(2110) Pause Young (Allocation Failure)
[762.973s][info][gc,heap        ] GC(2110) PSYoungGen: 303680K(315904K)->64K(317440K) Eden: 303616K(303616K)->0K(303616K) From: 64K(12288K)->64K(13824K)
[762.973s][info][gc,heap        ] GC(2110) ParOldGen: 431550K(431616K)->431558K(431616K)
[762.973s][info][gc,metaspace   ] GC(2110) Metaspace: 35581K(36288K)->35581K(36288K) NonClass: 29308K(29824K)->29308K(29824K) Class: 6272K(6464K)->6272K(6464K)
[762.973s][info][gc             ] GC(2110) Pause Young (Allocation Failure) 717M->421M(731M) 1.575ms
[762.973s][info][gc,cpu         ] GC(2110) User=0.00s Sys=0.00s Real=0.00s
[763.934s][info][gc,start       ] GC(2111) Pause Young (Allocation Failure)
[763.936s][info][gc,heap        ] GC(2111) PSYoungGen: 303680K(317440K)->64K(318464K) Eden: 303616K(303616K)->0K(307200K) From: 64K(13824K)->64K(11264K)
[763.936s][info][gc,heap        ] GC(2111) ParOldGen: 431558K(431616K)->431566K(431616K)
[763.936s][info][gc,metaspace   ] GC(2111) Metaspace: 35581K(36288K)->35581K(36288K) NonClass: 29308K(29824K)->29308K(29824K) Class: 6272K(6464K)->6272K(6464K)
[763.936s][info][gc             ] GC(2111) Pause Young (Allocation Failure) 718M->421M(732M) 1.604ms
[763.936s][info][gc,cpu         ] GC(2111) User=0.00s Sys=0.00s Real=0.01s
[764.855s][info][gc,start       ] GC(2112) Pause Young (Allocation Failure)
[764.857s][info][gc,heap        ] GC(2112) PSYoungGen: 307264K(318464K)->64K(295424K) Eden: 307200K(307200K)->0K(294912K) From: 64K(11264K)->64K(512K)
[764.857s][info][gc,heap        ] GC(2112) ParOldGen: 431566K(431616K)->431574K(431616K)
[764.857s][info][gc,metaspace   ] GC(2112) Metaspace: 35581K(36288K)->35581K(36288K) NonClass: 29308K(29824K)->29308K(29824K) Class: 6272K(6464K)->6272K(6464K)
[764.857s][info][gc             ] GC(2112) Pause Young (Allocation Failure) 721M->421M(710M) 2.251ms
[764.857s][info][gc,cpu         ] GC(2112) User=0.00s Sys=0.00s Real=0.01s
[765.246s][info][gc,start       ] GC(2113) Pause Young (Allocation Failure)
[765.248s][info][gc,heap        ] GC(2113) PSYoungGen: 294976K(295424K)->64K(283648K) Eden: 294912K(294912K)->0K(283136K) From: 64K(512K)->64K(512K)
[765.248s][info][gc,heap        ] GC(2113) ParOldGen: 431574K(431616K)->431582K(431616K)
[765.248s][info][gc,metaspace   ] GC(2113) Metaspace: 35581K(36288K)->35581K(36288K) NonClass: 29308K(29824K)->29308K(29824K) Class: 6272K(6464K)->6272K(6464K)
[765.249s][info][gc             ] GC(2113) Pause Young (Allocation Failure) 709M->421M(698M) 2.393ms
[765.249s][info][gc,cpu         ] GC(2113) User=0.01s Sys=0.00s Real=0.00s
[765.622s][info][gc,start       ] GC(2114) Pause Young (Allocation Failure)
[765.624s][info][gc,heap        ] GC(2114) PSYoungGen: 283200K(283648K)->64K(282624K) Eden: 283136K(283136K)->0K(271872K) From: 64K(512K)->64K(10752K)
[765.625s][info][gc,heap        ] GC(2114) ParOldGen: 431582K(431616K)->431598K(431616K)
[765.625s][info][gc,metaspace   ] GC(2114) Metaspace: 35581K(36288K)->35581K(36288K) NonClass: 29308K(29824K)->29308K(29824K) Class: 6272K(6464K)->6272K(6464K)
[765.625s][info][gc             ] GC(2114) Pause Young (Allocation Failure) 698M->421M(697M) 2.723ms
[765.625s][info][gc,cpu         ] GC(2114) User=0.00s Sys=0.00s Real=0.00s
[766.595s][info][gc,start       ] GC(2115) Pause Young (Allocation Failure)
[766.599s][info][gc,heap        ] GC(2115) PSYoungGen: 271936K(282624K)->64K(261632K) Eden: 271872K(271872K)->0K(261120K) From: 64K(10752K)->64K(512K)
[766.599s][info][gc,heap        ] GC(2115) ParOldGen: 431598K(431616K)->431606K(431616K)
[766.599s][info][gc,metaspace   ] GC(2115) Metaspace: 35581K(36288K)->35581K(36288K) NonClass: 29308K(29824K)->29308K(29824K) Class: 6272K(6464K)->6272K(6464K)
[766.599s][info][gc             ] GC(2115) Pause Young (Allocation Failure) 687M->421M(677M) 3.654ms
[766.599s][info][gc,cpu         ] GC(2115) User=0.00s Sys=0.00s Real=0.01s
[767.000s][info][gc,start       ] GC(2116) Pause Young (Allocation Failure)
[767.003s][info][gc,heap        ] GC(2116) PSYoungGen: 261184K(261632K)->64K(260096K) Eden: 261120K(261120K)->0K(250880K) From: 64K(512K)->64K(9216K)
[767.003s][info][gc,heap        ] GC(2116) ParOldGen: 431606K(431616K)->431614K(431616K)
[767.003s][info][gc,metaspace   ] GC(2116) Metaspace: 35581K(36288K)->35581K(36288K) NonClass: 29308K(29824K)->29308K(29824K) Class: 6272K(6464K)->6272K(6464K)
[767.003s][info][gc             ] GC(2116) Pause Young (Allocation Failure) 676M->421M(675M) 2.845ms
[767.003s][info][gc,cpu         ] GC(2116) User=0.00s Sys=0.00s Real=0.00s
[767.075s][info][gc,start       ] GC(2117) Pause Young (Allocation Failure)
[767.077s][info][gc,heap        ] GC(2117) PSYoungGen: 250944K(260096K)->64K(292864K) Eden: 250880K(250880K)->0K(284160K) From: 64K(9216K)->64K(8704K)
[767.077s][info][gc,heap        ] GC(2117) ParOldGen: 431614K(431616K)->431630K(432128K)
[767.077s][info][gc,metaspace   ] GC(2117) Metaspace: 35581K(36288K)->35581K(36288K) NonClass: 29308K(29824K)->29308K(29824K) Class: 6272K(6464K)->6272K(6464K)
[767.077s][info][gc             ] GC(2117) Pause Young (Allocation Failure) 666M->421M(708M) 2.112ms
[767.077s][info][gc,cpu         ] GC(2117) User=0.01s Sys=0.00s Real=0.01s
[767.694s][info][gc,start       ] GC(2118) Pause Young (Allocation Failure)
[767.697s][info][gc,heap        ] GC(2118) PSYoungGen: 284224K(292864K)->64K(292352K) Eden: 284160K(284160K)->0K(284160K) From: 64K(8704K)->64K(8192K)
[767.697s][info][gc,heap        ] GC(2118) ParOldGen: 431630K(432128K)->431646K(432128K)
[767.697s][info][gc,metaspace   ] GC(2118) Metaspace: 35581K(36288K)->35581K(36288K) NonClass: 29308K(29824K)->29308K(29824K) Class: 6272K(6464K)->6272K(6464K)
[767.697s][info][gc             ] GC(2118) Pause Young (Allocation Failure) 699M->421M(707M) 2.944ms
[767.697s][info][gc,cpu         ] GC(2118) User=0.00s Sys=0.00s Real=0.01s
[768.044s][info][gc,start       ] GC(2119) Pause Young (Allocation Failure)
[768.047s][info][gc,heap        ] GC(2119) PSYoungGen: 284224K(292352K)->64K(325120K) Eden: 284160K(284160K)->0K(317440K) From: 64K(8192K)->64K(7680K)
[768.047s][info][gc,heap        ] GC(2119) ParOldGen: 431646K(432128K)->431662K(432128K)
[768.047s][info][gc,metaspace   ] GC(2119) Metaspace: 35581K(36288K)->35581K(36288K) NonClass: 29308K(29824K)->29308K(29824K) Class: 6272K(6464K)->6272K(6464K)
[768.047s][info][gc             ] GC(2119) Pause Young (Allocation Failure) 699M->421M(739M) 2.808ms
[768.047s][info][gc,cpu         ] GC(2119) User=0.00s Sys=0.00s Real=0.01s
[768.508s][info][gc,start       ] GC(2120) Pause Young (Allocation Failure)
[768.604s][info][gc,heap        ] GC(2120) PSYoungGen: 317504K(325120K)->7168K(324608K) Eden: 317440K(317440K)->0K(317440K) From: 64K(7680K)->7168K(7168K)
[768.604s][info][gc,heap        ] GC(2120) ParOldGen: 431662K(432128K)->453774K(454144K)
[768.604s][info][gc,metaspace   ] GC(2120) Metaspace: 35581K(36288K)->35581K(36288K) NonClass: 29308K(29824K)->29308K(29824K) Class: 6272K(6464K)->6272K(6464K)
[768.604s][info][gc             ] GC(2120) Pause Young (Allocation Failure) 731M->450M(760M) 95.881ms
[768.604s][info][gc,cpu         ] GC(2120) User=0.10s Sys=0.02s Real=0.09s
[768.997s][info][gc,start       ] GC(2121) Pause Young (Allocation Failure)
[769.078s][info][gc,heap        ] GC(2121) PSYoungGen: 324608K(324608K)->9216K(288768K) Eden: 317440K(317440K)->0K(279552K) From: 7168K(7168K)->9216K(9216K)
[769.078s][info][gc,heap        ] GC(2121) ParOldGen: 453774K(454144K)->479246K(479744K)
[769.078s][info][gc,metaspace   ] GC(2121) Metaspace: 35581K(36288K)->35581K(36288K) NonClass: 29308K(29824K)->29308K(29824K) Class: 6272K(6464K)->6272K(6464K)
[769.078s][info][gc             ] GC(2121) Pause Young (Allocation Failure) 760M->477M(750M) 81.326ms
[769.078s][info][gc,cpu         ] GC(2121) User=0.14s Sys=0.03s Real=0.08s
[769.215s][info][gc,start       ] GC(2122) Pause Young (Allocation Failure)
[769.233s][info][gc,heap        ] GC(2122) PSYoungGen: 288768K(288768K)->5888K(306688K) Eden: 279552K(279552K)->0K(279552K) From: 9216K(9216K)->5888K(27136K)
[769.233s][info][gc,heap        ] GC(2122) ParOldGen: 479246K(479744K)->480174K(480256K)
[769.233s][info][gc,metaspace   ] GC(2122) Metaspace: 35581K(36288K)->35581K(36288K) NonClass: 29308K(29824K)->29308K(29824K) Class: 6272K(6464K)->6272K(6464K)
[769.233s][info][gc             ] GC(2122) Pause Young (Allocation Failure) 750M->474M(768M) 17.590ms
[769.233s][info][gc,cpu         ] GC(2122) User=0.04s Sys=0.00s Real=0.02s
[769.795s][info][gc,start       ] GC(2123) Pause Young (Allocation Failure)
[769.797s][info][gc,heap        ] GC(2123) PSYoungGen: 285440K(306688K)->64K(303616K) Eden: 279552K(279552K)->0K(281600K) From: 5888K(27136K)->64K(22016K)
[769.797s][info][gc,heap        ] GC(2123) ParOldGen: 480174K(480256K)->480182K(480256K)
[769.797s][info][gc,metaspace   ] GC(2123) Metaspace: 35581K(36288K)->35581K(36288K) NonClass: 29308K(29824K)->29308K(29824K) Class: 6272K(6464K)->6272K(6464K)
[769.797s][info][gc             ] GC(2123) Pause Young (Allocation Failure) 747M->468M(765M) 1.885ms
[769.797s][info][gc,cpu         ] GC(2123) User=0.00s Sys=0.00s Real=0.01s
[770.312s][info][gc,start       ] GC(2124) Pause Young (Allocation Failure)
[770.313s][info][gc,heap        ] GC(2124) PSYoungGen: 281664K(303616K)->64K(306176K) Eden: 281600K(281600K)->0K(281600K) From: 64K(22016K)->64K(24576K)
[770.313s][info][gc,heap        ] GC(2124) ParOldGen: 480182K(480256K)->480190K(480256K)
[770.313s][info][gc,metaspace   ] GC(2124) Metaspace: 35581K(36288K)->35581K(36288K) NonClass: 29308K(29824K)->29308K(29824K) Class: 6272K(6464K)->6272K(6464K)
[770.313s][info][gc             ] GC(2124) Pause Young (Allocation Failure) 743M->468M(768M) 1.636ms
[770.313s][info][gc,cpu         ] GC(2124) User=0.01s Sys=0.00s Real=0.00s
[770.741s][info][gc,start       ] GC(2125) Pause Young (Allocation Failure)
[770.743s][info][gc,heap        ] GC(2125) PSYoungGen: 281664K(306176K)->64K(306176K) Eden: 281600K(281600K)->0K(285696K) From: 64K(24576K)->64K(20480K)
[770.743s][info][gc,heap        ] GC(2125) ParOldGen: 480190K(480256K)->480206K(480256K)
[770.743s][info][gc,metaspace   ] GC(2125) Metaspace: 35581K(36288K)->35581K(36288K) NonClass: 29308K(29824K)->29308K(29824K) Class: 6272K(6464K)->6272K(6464K)
[770.743s][info][gc             ] GC(2125) Pause Young (Allocation Failure) 743M->469M(768M) 1.746ms
[770.743s][info][gc,cpu         ] GC(2125) User=0.00s Sys=0.00s Real=0.00s
[770.969s][info][gc,start       ] GC(2126) Pause Young (Allocation Failure)
[770.971s][info][gc,heap        ] GC(2126) PSYoungGen: 285760K(306176K)->64K(308224K) Eden: 285696K(285696K)->0K(285696K) From: 64K(20480K)->64K(22528K)
[770.971s][info][gc,heap        ] GC(2126) ParOldGen: 480206K(480256K)->480222K(480256K)
[770.971s][info][gc,metaspace   ] GC(2126) Metaspace: 35581K(36288K)->35581K(36288K) NonClass: 29308K(29824K)->29308K(29824K) Class: 6272K(6464K)->6272K(6464K)
[770.971s][info][gc             ] GC(2126) Pause Young (Allocation Failure) 748M->469M(770M) 1.766ms
[770.971s][info][gc,cpu         ] GC(2126) User=0.00s Sys=0.00s Real=0.00s
[771.198s][info][gc,start       ] GC(2127) Pause Young (Allocation Failure)
[771.199s][info][gc,heap        ] GC(2127) PSYoungGen: 285760K(308224K)->64K(308736K) Eden: 285696K(285696K)->0K(289280K) From: 64K(22528K)->64K(19456K)
[771.199s][info][gc,heap        ] GC(2127) ParOldGen: 480222K(480256K)->480222K(480256K)
[771.199s][info][gc,metaspace   ] GC(2127) Metaspace: 35581K(36288K)->35581K(36288K) NonClass: 29308K(29824K)->29308K(29824K) Class: 6272K(6464K)->6272K(6464K)
[771.200s][info][gc             ] GC(2127) Pause Young (Allocation Failure) 748M->469M(770M) 1.677ms
[771.200s][info][gc,cpu         ] GC(2127) User=0.00s Sys=0.00s Real=0.00s
[771.564s][info][gc,start       ] GC(2128) Pause Young (Allocation Failure)
[771.566s][info][gc,heap        ] GC(2128) PSYoungGen: 289344K(308736K)->64K(310272K) Eden: 289280K(289280K)->0K(289280K) From: 64K(19456K)->64K(20992K)
[771.566s][info][gc,heap        ] GC(2128) ParOldGen: 480222K(480256K)->480222K(480256K)
[771.566s][info][gc,metaspace   ] GC(2128) Metaspace: 35581K(36288K)->35581K(36288K) NonClass: 29308K(29824K)->29308K(29824K) Class: 6272K(6464K)->6272K(6464K)
[771.566s][info][gc             ] GC(2128) Pause Young (Allocation Failure) 751M->469M(772M) 1.719ms
[771.566s][info][gc,cpu         ] GC(2128) User=0.01s Sys=0.00s Real=0.01s
[771.637s][info][gc,start       ] GC(2129) Pause Young (Allocation Failure)
[771.639s][info][gc,heap        ] GC(2129) PSYoungGen: 289344K(310272K)->64K(310272K) Eden: 289280K(289280K)->0K(292864K) From: 64K(20992K)->64K(17408K)
[771.639s][info][gc,heap        ] GC(2129) ParOldGen: 480222K(480256K)->480230K(480256K)
[771.639s][info][gc,metaspace   ] GC(2129) Metaspace: 35581K(36288K)->35581K(36288K) NonClass: 29308K(29824K)->29308K(29824K) Class: 6272K(6464K)->6272K(6464K)
[771.639s][info][gc             ] GC(2129) Pause Young (Allocation Failure) 751M->469M(772M) 1.795ms
[771.639s][info][gc,cpu         ] GC(2129) User=0.00s Sys=0.00s Real=0.00s
[771.693s][info][gc,start       ] GC(2130) Pause Young (Allocation Failure)
[771.695s][info][gc,heap        ] GC(2130) PSYoungGen: 292928K(310272K)->64K(311808K) Eden: 292864K(292864K)->0K(292864K) From: 64K(17408K)->64K(18944K)
[771.695s][info][gc,heap        ] GC(2130) ParOldGen: 480230K(480256K)->480246K(480256K)
[771.695s][info][gc,metaspace   ] GC(2130) Metaspace: 35581K(36288K)->35581K(36288K) NonClass: 29308K(29824K)->29308K(29824K) Class: 6272K(6464K)->6272K(6464K)
[771.695s][info][gc             ] GC(2130) Pause Young (Allocation Failure) 755M->469M(773M) 1.709ms
[771.695s][info][gc,cpu         ] GC(2130) User=0.01s Sys=0.00s Real=0.00s
[771.850s][info][gc,start       ] GC(2131) Pause Young (Allocation Failure)
[771.851s][info][gc,heap        ] GC(2131) PSYoungGen: 292928K(311808K)->64K(312320K) Eden: 292864K(292864K)->0K(296960K) From: 64K(18944K)->64K(15360K)
[771.851s][info][gc,heap        ] GC(2131) ParOldGen: 480246K(480256K)->480246K(480256K)
[771.851s][info][gc,metaspace   ] GC(2131) Metaspace: 35581K(36288K)->35581K(36288K) NonClass: 29308K(29824K)->29308K(29824K) Class: 6272K(6464K)->6272K(6464K)
[771.852s][info][gc             ] GC(2131) Pause Young (Allocation Failure) 755M->469M(774M) 1.633ms
[771.852s][info][gc,cpu         ] GC(2131) User=0.00s Sys=0.00s Real=0.00s
[772.065s][info][gc,start       ] GC(2132) Pause Young (Allocation Failure)
[772.067s][info][gc,heap        ] GC(2132) PSYoungGen: 297024K(312320K)->64K(313856K) Eden: 296960K(296960K)->0K(296960K) From: 64K(15360K)->64K(16896K)
[772.067s][info][gc,heap        ] GC(2132) ParOldGen: 480246K(480256K)->480254K(480256K)
[772.067s][info][gc,metaspace   ] GC(2132) Metaspace: 35581K(36288K)->35581K(36288K) NonClass: 29308K(29824K)->29308K(29824K) Class: 6272K(6464K)->6272K(6464K)
[772.067s][info][gc             ] GC(2132) Pause Young (Allocation Failure) 759M->469M(775M) 1.740ms
[772.067s][info][gc,cpu         ] GC(2132) User=0.01s Sys=0.00s Real=0.01s
[772.209s][info][gc,start       ] GC(2133) Pause Young (Allocation Failure)
[772.211s][info][gc,heap        ] GC(2133) PSYoungGen: 297024K(313856K)->64K(314368K) Eden: 296960K(296960K)->0K(301056K) From: 64K(16896K)->64K(13312K)
[772.211s][info][gc,heap        ] GC(2133) ParOldGen: 480254K(480256K)->480262K(480768K)
[772.211s][info][gc,metaspace   ] GC(2133) Metaspace: 35581K(36288K)->35581K(36288K) NonClass: 29308K(29824K)->29308K(29824K) Class: 6272K(6464K)->6272K(6464K)
[772.211s][info][gc             ] GC(2133) Pause Young (Allocation Failure) 759M->469M(776M) 1.708ms
[772.211s][info][gc,cpu         ] GC(2133) User=0.00s Sys=0.00s Real=0.00s
[772.295s][info][gc,start       ] GC(2134) Pause Young (Allocation Failure)
[772.296s][info][gc,heap        ] GC(2134) PSYoungGen: 301120K(314368K)->64K(315904K) Eden: 301056K(301056K)->0K(301056K) From: 64K(13312K)->64K(14848K)
[772.297s][info][gc,heap        ] GC(2134) ParOldGen: 480262K(480768K)->480270K(480768K)
[772.297s][info][gc,metaspace   ] GC(2134) Metaspace: 35581K(36288K)->35581K(36288K) NonClass: 29308K(29824K)->29308K(29824K) Class: 6272K(6464K)->6272K(6464K)
[772.297s][info][gc             ] GC(2134) Pause Young (Allocation Failure) 763M->469M(778M) 1.752ms
[772.297s][info][gc,cpu         ] GC(2134) User=0.00s Sys=0.00s Real=0.01s
[772.470s][info][gc,start       ] GC(2135) Pause Young (Allocation Failure)
[772.472s][info][gc,heap        ] GC(2135) PSYoungGen: 301120K(315904K)->64K(317440K) Eden: 301056K(301056K)->0K(305152K) From: 64K(14848K)->64K(12288K)
[772.472s][info][gc,heap        ] GC(2135) ParOldGen: 480270K(480768K)->480278K(480768K)
[772.472s][info][gc,metaspace   ] GC(2135) Metaspace: 35581K(36288K)->35581K(36288K) NonClass: 29308K(29824K)->29308K(29824K) Class: 6272K(6464K)->6272K(6464K)
[772.472s][info][gc             ] GC(2135) Pause Young (Allocation Failure) 763M->469M(779M) 1.741ms
[772.472s][info][gc,cpu         ] GC(2135) User=0.00s Sys=0.00s Real=0.00s
[773.455s][info][gc,start       ] GC(2136) Pause Young (Allocation Failure)
[773.456s][info][gc,heap        ] GC(2136) PSYoungGen: 305216K(317440K)->64K(318464K) Eden: 305152K(305152K)->0K(305152K) From: 64K(12288K)->64K(13312K)
[773.456s][info][gc,heap        ] GC(2136) ParOldGen: 480278K(480768K)->480286K(480768K)
[773.456s][info][gc,metaspace   ] GC(2136) Metaspace: 35581K(36288K)->35581K(36288K) NonClass: 29308K(29824K)->29308K(29824K) Class: 6272K(6464K)->6272K(6464K)
[773.456s][info][gc             ] GC(2136) Pause Young (Allocation Failure) 767M->469M(780M) 1.675ms
[773.456s][info][gc,cpu         ] GC(2136) User=0.00s Sys=0.00s Real=0.01s
[774.374s][info][gc,start       ] GC(2137) Pause Young (Allocation Failure)
[774.376s][info][gc,heap        ] GC(2137) PSYoungGen: 305216K(318464K)->64K(293376K) Eden: 305152K(305152K)->0K(292864K) From: 64K(13312K)->64K(512K)
[774.376s][info][gc,heap        ] GC(2137) ParOldGen: 480286K(480768K)->480294K(480768K)
[774.376s][info][gc,metaspace   ] GC(2137) Metaspace: 35581K(36288K)->35581K(36288K) NonClass: 29308K(29824K)->29308K(29824K) Class: 6272K(6464K)->6272K(6464K)
[774.376s][info][gc             ] GC(2137) Pause Young (Allocation Failure) 767M->469M(756M) 2.310ms
[774.376s][info][gc,cpu         ] GC(2137) User=0.00s Sys=0.00s Real=0.01s
[774.707s][info][gc,start       ] GC(2138) Pause Young (Allocation Failure)
[774.709s][info][gc,heap        ] GC(2138) PSYoungGen: 292928K(293376K)->64K(292352K) Eden: 292864K(292864K)->0K(281088K) From: 64K(512K)->64K(11264K)
[774.709s][info][gc,heap        ] GC(2138) ParOldGen: 480294K(480768K)->480302K(480768K)
[774.709s][info][gc,metaspace   ] GC(2138) Metaspace: 35581K(36288K)->35581K(36288K) NonClass: 29308K(29824K)->29308K(29824K) Class: 6272K(6464K)->6272K(6464K)
[774.709s][info][gc             ] GC(2138) Pause Young (Allocation Failure) 755M->469M(755M) 1.757ms
[774.709s][info][gc,cpu         ] GC(2138) User=0.00s Sys=0.00s Real=0.00s
[775.129s][info][gc,start       ] GC(2139) Pause Young (Allocation Failure)
[775.132s][info][gc,heap        ] GC(2139) PSYoungGen: 281152K(292352K)->64K(270848K) Eden: 281088K(281088K)->0K(270336K) From: 64K(11264K)->64K(512K)
[775.132s][info][gc,heap        ] GC(2139) ParOldGen: 480302K(480768K)->480310K(480768K)
[775.132s][info][gc,metaspace   ] GC(2139) Metaspace: 35581K(36288K)->35581K(36288K) NonClass: 29308K(29824K)->29308K(29824K) Class: 6272K(6464K)->6272K(6464K)
[775.132s][info][gc             ] GC(2139) Pause Young (Allocation Failure) 743M->469M(734M) 3.183ms
[775.132s][info][gc,cpu         ] GC(2139) User=0.00s Sys=0.00s Real=0.00s
[776.105s][info][gc,start       ] GC(2140) Pause Young (Allocation Failure)
[776.107s][info][gc,heap        ] GC(2140) PSYoungGen: 270400K(270848K)->64K(270336K) Eden: 270336K(270336K)->0K(260096K) From: 64K(512K)->64K(10240K)
[776.107s][info][gc,heap        ] GC(2140) ParOldGen: 480310K(480768K)->480318K(480768K)
[776.107s][info][gc,metaspace   ] GC(2140) Metaspace: 35581K(36288K)->35581K(36288K) NonClass: 29308K(29824K)->29308K(29824K) Class: 6272K(6464K)->6272K(6464K)
[776.107s][info][gc             ] GC(2140) Pause Young (Allocation Failure) 733M->469M(733M) 2.189ms
[776.107s][info][gc,cpu         ] GC(2140) User=0.00s Sys=0.00s Real=0.01s
[776.470s][info][gc,start       ] GC(2141) Pause Young (Allocation Failure)
[776.474s][info][gc,heap        ] GC(2141) PSYoungGen: 260160K(270336K)->64K(250368K) Eden: 260096K(260096K)->0K(249856K) From: 64K(10240K)->64K(512K)
[776.474s][info][gc,heap        ] GC(2141) ParOldGen: 480318K(480768K)->480326K(480768K)
[776.474s][info][gc,metaspace   ] GC(2141) Metaspace: 35581K(36288K)->35581K(36288K) NonClass: 29308K(29824K)->29308K(29824K) Class: 6272K(6464K)->6272K(6464K)
[776.474s][info][gc             ] GC(2141) Pause Young (Allocation Failure) 723M->469M(714M) 3.754ms
[776.474s][info][gc,cpu         ] GC(2141) User=0.00s Sys=0.00s Real=0.00s
[776.602s][info][gc,start       ] GC(2142) Pause Young (Allocation Failure)
[776.604s][info][gc,heap        ] GC(2142) PSYoungGen: 249920K(250368K)->64K(248832K) Eden: 249856K(249856K)->0K(240128K) From: 64K(512K)->64K(8704K)
[776.604s][info][gc,heap        ] GC(2142) ParOldGen: 480326K(480768K)->480334K(480768K)
[776.604s][info][gc,metaspace   ] GC(2142) Metaspace: 35581K(36288K)->35581K(36288K) NonClass: 29308K(29824K)->29308K(29824K) Class: 6272K(6464K)->6272K(6464K)
[776.604s][info][gc             ] GC(2142) Pause Young (Allocation Failure) 713M->469M(712M) 2.183ms
[776.604s][info][gc,cpu         ] GC(2142) User=0.00s Sys=0.00s Real=0.00s
[776.998s][info][gc,start       ] GC(2143) Pause Young (Allocation Failure)
[777.000s][info][gc,heap        ] GC(2143) PSYoungGen: 240192K(248832K)->64K(231424K) Eden: 240128K(240128K)->0K(230912K) From: 64K(8704K)->64K(512K)
[777.000s][info][gc,heap        ] GC(2143) ParOldGen: 480334K(480768K)->480342K(480768K)
[777.000s][info][gc,metaspace   ] GC(2143) Metaspace: 35581K(36288K)->35581K(36288K) NonClass: 29308K(29824K)->29308K(29824K) Class: 6272K(6464K)->6272K(6464K)
[777.000s][info][gc             ] GC(2143) Pause Young (Allocation Failure) 703M->469M(695M) 2.193ms
[777.000s][info][gc,cpu         ] GC(2143) User=0.00s Sys=0.00s Real=0.00s
[777.353s][info][gc,start       ] GC(2144) Pause Young (Allocation Failure)
[777.354s][info][gc,heap        ] GC(2144) PSYoungGen: 230976K(231424K)->64K(229888K) Eden: 230912K(230912K)->0K(222208K) From: 64K(512K)->64K(7680K)
[777.354s][info][gc,heap        ] GC(2144) ParOldGen: 480342K(480768K)->480350K(480768K)
[777.354s][info][gc,metaspace   ] GC(2144) Metaspace: 35581K(36288K)->35581K(36288K) NonClass: 29308K(29824K)->29308K(29824K) Class: 6272K(6464K)->6272K(6464K)
[777.354s][info][gc             ] GC(2144) Pause Young (Allocation Failure) 694M->469M(694M) 1.730ms
[777.354s][info][gc,cpu         ] GC(2144) User=0.00s Sys=0.00s Real=0.00s
[777.746s][info][gc,start       ] GC(2145) Pause Young (Allocation Failure)
[777.755s][info][gc,heap        ] GC(2145) PSYoungGen: 222272K(229888K)->4192K(266752K) Eden: 222208K(222208K)->0K(262144K) From: 64K(7680K)->4192K(4608K)
[777.755s][info][gc,heap        ] GC(2145) ParOldGen: 480350K(480768K)->480358K(480768K)
[777.755s][info][gc,metaspace   ] GC(2145) Metaspace: 35581K(36288K)->35581K(36288K) NonClass: 29308K(29824K)->29308K(29824K) Class: 6272K(6464K)->6272K(6464K)
[777.755s][info][gc             ] GC(2145) Pause Young (Allocation Failure) 686M->473M(730M) 8.983ms
[777.755s][info][gc,cpu         ] GC(2145) User=0.01s Sys=0.00s Real=0.00s
[778.082s][info][gc,start       ] GC(2146) Pause Young (Allocation Failure)
[778.158s][info][gc,heap        ] GC(2146) PSYoungGen: 266336K(266752K)->7680K(284160K) Eden: 262144K(262144K)->0K(276480K) From: 4192K(4608K)->7680K(7680K)
[778.158s][info][gc,heap        ] GC(2146) ParOldGen: 480358K(480768K)->500638K(500736K)
[778.158s][info][gc,metaspace   ] GC(2146) Metaspace: 35581K(36288K)->35581K(36288K) NonClass: 29308K(29824K)->29308K(29824K) Class: 6272K(6464K)->6272K(6464K)
[778.158s][info][gc             ] GC(2146) Pause Young (Allocation Failure) 729M->496M(766M) 76.350ms
[778.158s][info][gc,cpu         ] GC(2146) User=0.11s Sys=0.01s Real=0.08s
[778.505s][info][gc,start       ] GC(2147) Pause Young (Allocation Failure)
[778.574s][info][gc,heap        ] GC(2147) PSYoungGen: 284160K(284160K)->16896K(299520K) Eden: 276480K(276480K)->0K(282624K) From: 7680K(7680K)->16896K(16896K)
[778.574s][info][gc,heap        ] GC(2147) ParOldGen: 500638K(500736K)->513974K(514048K)
[778.574s][info][gc,metaspace   ] GC(2147) Metaspace: 35581K(36288K)->35581K(36288K) NonClass: 29308K(29824K)->29308K(29824K) Class: 6272K(6464K)->6272K(6464K)
[778.574s][info][gc             ] GC(2147) Pause Young (Allocation Failure) 766M->518M(794M) 69.688ms
[778.574s][info][gc,cpu         ] GC(2147) User=0.12s Sys=0.02s Real=0.07s
[778.725s][info][gc,start       ] GC(2148) Pause Young (Allocation Failure)
[778.741s][info][gc,heap        ] GC(2148) PSYoungGen: 299520K(299520K)->7392K(308224K) Eden: 282624K(282624K)->0K(282624K) From: 16896K(16896K)->7392K(25600K)
[778.741s][info][gc,heap        ] GC(2148) ParOldGen: 513974K(514048K)->514454K(514560K)
[778.741s][info][gc,metaspace   ] GC(2148) Metaspace: 35581K(36288K)->35581K(36288K) NonClass: 29308K(29824K)->29308K(29824K) Class: 6272K(6464K)->6272K(6464K)
[778.741s][info][gc             ] GC(2148) Pause Young (Allocation Failure) 794M->509M(803M) 16.332ms
[778.741s][info][gc,cpu         ] GC(2148) User=0.03s Sys=0.00s Real=0.02s
[779.292s][info][gc,start       ] GC(2149) Pause Young (Allocation Failure)
[779.293s][info][gc,heap        ] GC(2149) PSYoungGen: 290016K(308224K)->64K(305664K) Eden: 282624K(282624K)->0K(284160K) From: 7392K(25600K)->64K(21504K)
[779.293s][info][gc,heap        ] GC(2149) ParOldGen: 514454K(514560K)->514462K(514560K)
[779.293s][info][gc,metaspace   ] GC(2149) Metaspace: 35581K(36288K)->35581K(36288K) NonClass: 29308K(29824K)->29308K(29824K) Class: 6272K(6464K)->6272K(6464K)
[779.293s][info][gc             ] GC(2149) Pause Young (Allocation Failure) 785M->502M(801M) 1.954ms
[779.293s][info][gc,cpu         ] GC(2149) User=0.01s Sys=0.00s Real=0.00s
[779.877s][info][gc,start       ] GC(2150) Pause Young (Allocation Failure)
[779.879s][info][gc,heap        ] GC(2150) PSYoungGen: 284224K(305664K)->160K(307712K) Eden: 284160K(284160K)->0K(284160K) From: 64K(21504K)->160K(23552K)
[779.879s][info][gc,heap        ] GC(2150) ParOldGen: 514462K(514560K)->514470K(514560K)
[779.879s][info][gc,metaspace   ] GC(2150) Metaspace: 35647K(36352K)->35647K(36352K) NonClass: 29374K(29888K)->29374K(29888K) Class: 6273K(6464K)->6273K(6464K)
[779.880s][info][gc             ] GC(2150) Pause Young (Allocation Failure) 779M->502M(803M) 2.209ms
[779.880s][info][gc,cpu         ] GC(2150) User=0.01s Sys=0.00s Real=0.00s
[780.306s][info][gc,start       ] GC(2151) Pause Young (Allocation Failure)
[780.308s][info][gc,heap        ] GC(2151) PSYoungGen: 284320K(307712K)->64K(308224K) Eden: 284160K(284160K)->0K(287744K) From: 160K(23552K)->64K(20480K)
[780.308s][info][gc,heap        ] GC(2151) ParOldGen: 514470K(514560K)->514558K(514560K)
[780.308s][info][gc,metaspace   ] GC(2151) Metaspace: 35647K(36352K)->35647K(36352K) NonClass: 29374K(29888K)->29374K(29888K) Class: 6273K(6464K)->6273K(6464K)
[780.308s][info][gc             ] GC(2151) Pause Young (Allocation Failure) 780M->502M(803M) 1.911ms
[780.308s][info][gc,cpu         ] GC(2151) User=0.00s Sys=0.00s Real=0.00s
[780.538s][info][gc,start       ] GC(2152) Pause Young (Allocation Failure)
[780.539s][info][gc,heap        ] GC(2152) PSYoungGen: 287808K(308224K)->64K(309760K) Eden: 287744K(287744K)->0K(287744K) From: 64K(20480K)->64K(22016K)
[780.539s][info][gc,heap        ] GC(2152) ParOldGen: 514558K(514560K)->514574K(515072K)
[780.539s][info][gc,metaspace   ] GC(2152) Metaspace: 35647K(36352K)->35647K(36352K) NonClass: 29374K(29888K)->29374K(29888K) Class: 6273K(6464K)->6273K(6464K)
[780.539s][info][gc             ] GC(2152) Pause Young (Allocation Failure) 783M->502M(805M) 1.799ms
[780.539s][info][gc,cpu         ] GC(2152) User=0.01s Sys=0.00s Real=0.00s
[780.768s][info][gc,start       ] GC(2153) Pause Young (Allocation Failure)
[780.770s][info][gc,heap        ] GC(2153) PSYoungGen: 287808K(309760K)->64K(309248K) Eden: 287744K(287744K)->0K(290816K) From: 64K(22016K)->64K(18432K)
[780.770s][info][gc,heap        ] GC(2153) ParOldGen: 514574K(515072K)->514574K(515072K)
[780.770s][info][gc,metaspace   ] GC(2153) Metaspace: 35647K(36352K)->35647K(36352K) NonClass: 29374K(29888K)->29374K(29888K) Class: 6273K(6464K)->6273K(6464K)
[780.770s][info][gc             ] GC(2153) Pause Young (Allocation Failure) 783M->502M(805M) 1.818ms
[780.770s][info][gc,cpu         ] GC(2153) User=0.01s Sys=0.00s Real=0.00s
[781.135s][info][gc,start       ] GC(2154) Pause Young (Allocation Failure)
[781.137s][info][gc,heap        ] GC(2154) PSYoungGen: 290880K(309248K)->64K(310784K) Eden: 290816K(290816K)->0K(290816K) From: 64K(18432K)->64K(19968K)
[781.137s][info][gc,heap        ] GC(2154) ParOldGen: 514574K(515072K)->514574K(515072K)
[781.137s][info][gc,metaspace   ] GC(2154) Metaspace: 35647K(36352K)->35647K(36352K) NonClass: 29374K(29888K)->29374K(29888K) Class: 6273K(6464K)->6273K(6464K)
[781.137s][info][gc             ] GC(2154) Pause Young (Allocation Failure) 786M->502M(806M) 1.788ms
[781.137s][info][gc,cpu         ] GC(2154) User=0.00s Sys=0.00s Real=0.01s
[781.222s][info][gc,start       ] GC(2155) Pause Young (Allocation Failure)
[781.224s][info][gc,heap        ] GC(2155) PSYoungGen: 290880K(310784K)->64K(311296K) Eden: 290816K(290816K)->0K(294912K) From: 64K(19968K)->64K(16384K)
[781.224s][info][gc,heap        ] GC(2155) ParOldGen: 514574K(515072K)->514582K(515072K)
[781.224s][info][gc,metaspace   ] GC(2155) Metaspace: 35647K(36352K)->35647K(36352K) NonClass: 29374K(29888K)->29374K(29888K) Class: 6273K(6464K)->6273K(6464K)
[781.224s][info][gc             ] GC(2155) Pause Young (Allocation Failure) 786M->502M(807M) 1.811ms
[781.224s][info][gc,cpu         ] GC(2155) User=0.00s Sys=0.00s Real=0.00s
[781.280s][info][gc,start       ] GC(2156) Pause Young (Allocation Failure)
[781.282s][info][gc,heap        ] GC(2156) PSYoungGen: 294976K(311296K)->64K(312832K) Eden: 294912K(294912K)->0K(294912K) From: 64K(16384K)->64K(17920K)
[781.282s][info][gc,heap        ] GC(2156) ParOldGen: 514582K(515072K)->514598K(515072K)
[781.282s][info][gc,metaspace   ] GC(2156) Metaspace: 35647K(36352K)->35647K(36352K) NonClass: 29374K(29888K)->29374K(29888K) Class: 6273K(6464K)->6273K(6464K)
[781.282s][info][gc             ] GC(2156) Pause Young (Allocation Failure) 790M->502M(808M) 1.732ms
[781.282s][info][gc,cpu         ] GC(2156) User=0.01s Sys=0.00s Real=0.00s
[781.432s][info][gc,start       ] GC(2157) Pause Young (Allocation Failure)
[781.434s][info][gc,heap        ] GC(2157) PSYoungGen: 294976K(312832K)->64K(313344K) Eden: 294912K(294912K)->0K(298496K) From: 64K(17920K)->64K(14848K)
[781.434s][info][gc,heap        ] GC(2157) ParOldGen: 514598K(515072K)->514598K(515072K)
[781.434s][info][gc,metaspace   ] GC(2157) Metaspace: 35647K(36352K)->35647K(36352K) NonClass: 29374K(29888K)->29374K(29888K) Class: 6273K(6464K)->6273K(6464K)
[781.434s][info][gc             ] GC(2157) Pause Young (Allocation Failure) 790M->502M(809M) 1.767ms
[781.434s][info][gc,cpu         ] GC(2157) User=0.01s Sys=0.00s Real=0.00s
[781.658s][info][gc,start       ] GC(2158) Pause Young (Allocation Failure)
[781.660s][info][gc,heap        ] GC(2158) PSYoungGen: 298560K(313344K)->64K(314880K) Eden: 298496K(298496K)->0K(298496K) From: 64K(14848K)->64K(16384K)
[781.660s][info][gc,heap        ] GC(2158) ParOldGen: 514598K(515072K)->514606K(515072K)
[781.660s][info][gc,metaspace   ] GC(2158) Metaspace: 35647K(36352K)->35647K(36352K) NonClass: 29374K(29888K)->29374K(29888K) Class: 6273K(6464K)->6273K(6464K)
[781.660s][info][gc             ] GC(2158) Pause Young (Allocation Failure) 794M->502M(810M) 1.742ms
[781.660s][info][gc,cpu         ] GC(2158) User=0.00s Sys=0.00s Real=0.00s
[781.808s][info][gc,start       ] GC(2159) Pause Young (Allocation Failure)
[781.809s][info][gc,heap        ] GC(2159) PSYoungGen: 298560K(314880K)->64K(314880K) Eden: 298496K(298496K)->0K(302080K) From: 64K(16384K)->64K(12800K)
[781.809s][info][gc,heap        ] GC(2159) ParOldGen: 514606K(515072K)->514614K(515072K)
[781.809s][info][gc,metaspace   ] GC(2159) Metaspace: 35647K(36352K)->35647K(36352K) NonClass: 29374K(29888K)->29374K(29888K) Class: 6273K(6464K)->6273K(6464K)
[781.810s][info][gc             ] GC(2159) Pause Young (Allocation Failure) 794M->502M(810M) 1.815ms
[781.810s][info][gc,cpu         ] GC(2159) User=0.00s Sys=0.00s Real=0.00s
[781.894s][info][gc,start       ] GC(2160) Pause Young (Allocation Failure)
[781.896s][info][gc,heap        ] GC(2160) PSYoungGen: 302144K(314880K)->64K(316416K) Eden: 302080K(302080K)->0K(302080K) From: 64K(12800K)->64K(14336K)
[781.896s][info][gc,heap        ] GC(2160) ParOldGen: 514614K(515072K)->514630K(515072K)
[781.896s][info][gc,metaspace   ] GC(2160) Metaspace: 35647K(36352K)->35647K(36352K) NonClass: 29374K(29888K)->29374K(29888K) Class: 6273K(6464K)->6273K(6464K)
[781.896s][info][gc             ] GC(2160) Pause Young (Allocation Failure) 797M->502M(812M) 1.798ms
[781.896s][info][gc,cpu         ] GC(2160) User=0.00s Sys=0.00s Real=0.01s
[782.069s][info][gc,start       ] GC(2161) Pause Young (Allocation Failure)
[782.071s][info][gc,heap        ] GC(2161) PSYoungGen: 302144K(316416K)->64K(317952K) Eden: 302080K(302080K)->0K(306176K) From: 64K(14336K)->64K(11776K)
[782.071s][info][gc,heap        ] GC(2161) ParOldGen: 514630K(515072K)->514630K(515072K)
[782.071s][info][gc,metaspace   ] GC(2161) Metaspace: 35647K(36352K)->35647K(36352K) NonClass: 29374K(29888K)->29374K(29888K) Class: 6273K(6464K)->6273K(6464K)
[782.071s][info][gc             ] GC(2161) Pause Young (Allocation Failure) 797M->502M(813M) 1.779ms
[782.071s][info][gc,cpu         ] GC(2161) User=0.00s Sys=0.00s Real=0.00s
[783.058s][info][gc,start       ] GC(2162) Pause Young (Allocation Failure)
[783.060s][info][gc,heap        ] GC(2162) PSYoungGen: 306240K(317952K)->83K(318976K) Eden: 306176K(306176K)->0K(306176K) From: 64K(11776K)->83K(12800K)
[783.060s][info][gc,heap        ] GC(2162) ParOldGen: 514630K(515072K)->514638K(515072K)
[783.060s][info][gc,metaspace   ] GC(2162) Metaspace: 35647K(36352K)->35647K(36352K) NonClass: 29374K(29888K)->29374K(29888K) Class: 6273K(6464K)->6273K(6464K)
[783.060s][info][gc             ] GC(2162) Pause Young (Allocation Failure) 801M->502M(814M) 1.827ms
[783.060s][info][gc,cpu         ] GC(2162) User=0.00s Sys=0.00s Real=0.00s
[783.964s][info][gc,start       ] GC(2163) Pause Young (Allocation Failure)
[783.966s][info][gc,heap        ] GC(2163) PSYoungGen: 306259K(318976K)->64K(294400K) Eden: 306176K(306176K)->0K(293888K) From: 83K(12800K)->64K(512K)
[783.966s][info][gc,heap        ] GC(2163) ParOldGen: 514638K(515072K)->514646K(515072K)
[783.966s][info][gc,metaspace   ] GC(2163) Metaspace: 35647K(36352K)->35647K(36352K) NonClass: 29374K(29888K)->29374K(29888K) Class: 6273K(6464K)->6273K(6464K)
[783.966s][info][gc             ] GC(2163) Pause Young (Allocation Failure) 801M->502M(790M) 2.353ms
[783.966s][info][gc,cpu         ] GC(2163) User=0.00s Sys=0.00s Real=0.01s
[784.286s][info][gc,start       ] GC(2164) Pause Young (Allocation Failure)
[784.288s][info][gc,heap        ] GC(2164) PSYoungGen: 293952K(294400K)->64K(293376K) Eden: 293888K(293888K)->0K(282112K) From: 64K(512K)->64K(11264K)
[784.288s][info][gc,heap        ] GC(2164) ParOldGen: 514646K(515072K)->514654K(515072K)
[784.288s][info][gc,metaspace   ] GC(2164) Metaspace: 35647K(36352K)->35647K(36352K) NonClass: 29374K(29888K)->29374K(29888K) Class: 6273K(6464K)->6273K(6464K)
[784.288s][info][gc             ] GC(2164) Pause Young (Allocation Failure) 789M->502M(789M) 1.692ms
[784.288s][info][gc,cpu         ] GC(2164) User=0.00s Sys=0.00s Real=0.00s
[784.716s][info][gc,start       ] GC(2165) Pause Young (Allocation Failure)
[784.718s][info][gc,heap        ] GC(2165) PSYoungGen: 282176K(293376K)->64K(271360K) Eden: 282112K(282112K)->0K(270848K) From: 64K(11264K)->64K(512K)
[784.718s][info][gc,heap        ] GC(2165) ParOldGen: 514654K(515072K)->514662K(515072K)
[784.718s][info][gc,metaspace   ] GC(2165) Metaspace: 35647K(36352K)->35647K(36352K) NonClass: 29374K(29888K)->29374K(29888K) Class: 6273K(6464K)->6273K(6464K)
[784.718s][info][gc             ] GC(2165) Pause Young (Allocation Failure) 778M->502M(768M) 2.144ms
[784.718s][info][gc,cpu         ] GC(2165) User=0.00s Sys=0.00s Real=0.00s
[785.688s][info][gc,start       ] GC(2166) Pause Young (Allocation Failure)
[785.690s][info][gc,heap        ] GC(2166) PSYoungGen: 270912K(271360K)->64K(269824K) Eden: 270848K(270848K)->0K(260096K) From: 64K(512K)->64K(9728K)
[785.690s][info][gc,heap        ] GC(2166) ParOldGen: 514662K(515072K)->514670K(515072K)
[785.690s][info][gc,metaspace   ] GC(2166) Metaspace: 35647K(36352K)->35647K(36352K) NonClass: 29374K(29888K)->29374K(29888K) Class: 6273K(6464K)->6273K(6464K)
[785.690s][info][gc             ] GC(2166) Pause Young (Allocation Failure) 767M->502M(766M) 1.762ms
[785.690s][info][gc,cpu         ] GC(2166) User=0.00s Sys=0.00s Real=0.00s
[786.048s][info][gc,start       ] GC(2167) Pause Young (Allocation Failure)
[786.050s][info][gc,heap        ] GC(2167) PSYoungGen: 260160K(269824K)->64K(250368K) Eden: 260096K(260096K)->0K(249856K) From: 64K(9728K)->64K(512K)
[786.050s][info][gc,heap        ] GC(2167) ParOldGen: 514670K(515072K)->514678K(515072K)
[786.050s][info][gc,metaspace   ] GC(2167) Metaspace: 35647K(36352K)->35647K(36352K) NonClass: 29374K(29888K)->29374K(29888K) Class: 6273K(6464K)->6273K(6464K)
[786.050s][info][gc             ] GC(2167) Pause Young (Allocation Failure) 756M->502M(747M) 2.019ms
[786.050s][info][gc,cpu         ] GC(2167) User=0.00s Sys=0.00s Real=0.00s
[786.182s][info][gc,start       ] GC(2168) Pause Young (Allocation Failure)
[786.184s][info][gc,heap        ] GC(2168) PSYoungGen: 249920K(250368K)->64K(248832K) Eden: 249856K(249856K)->0K(240128K) From: 64K(512K)->64K(8704K)
[786.184s][info][gc,heap        ] GC(2168) ParOldGen: 514678K(515072K)->514686K(515072K)
[786.184s][info][gc,metaspace   ] GC(2168) Metaspace: 35647K(36352K)->35647K(36352K) NonClass: 29374K(29888K)->29374K(29888K) Class: 6273K(6464K)->6273K(6464K)
[786.184s][info][gc             ] GC(2168) Pause Young (Allocation Failure) 746M->502M(746M) 1.802ms
[786.184s][info][gc,cpu         ] GC(2168) User=0.00s Sys=0.00s Real=0.00s
[786.565s][info][gc,start       ] GC(2169) Pause Young (Allocation Failure)
[786.567s][info][gc,heap        ] GC(2169) PSYoungGen: 240192K(248832K)->64K(231424K) Eden: 240128K(240128K)->0K(230912K) From: 64K(8704K)->64K(512K)
[786.567s][info][gc,heap        ] GC(2169) ParOldGen: 514686K(515072K)->514694K(515072K)
[786.567s][info][gc,metaspace   ] GC(2169) Metaspace: 35647K(36352K)->35647K(36352K) NonClass: 29374K(29888K)->29374K(29888K) Class: 6273K(6464K)->6273K(6464K)
[786.567s][info][gc             ] GC(2169) Pause Young (Allocation Failure) 737M->502M(729M) 2.339ms
[786.567s][info][gc,cpu         ] GC(2169) User=0.01s Sys=0.00s Real=0.01s
[786.931s][info][gc,start       ] GC(2170) Pause Young (Allocation Failure)
[786.933s][info][gc,heap        ] GC(2170) PSYoungGen: 230976K(231424K)->64K(229376K) Eden: 230912K(230912K)->0K(222208K) From: 64K(512K)->64K(7168K)
[786.933s][info][gc,heap        ] GC(2170) ParOldGen: 514694K(515072K)->514702K(515072K)
[786.933s][info][gc,metaspace   ] GC(2170) Metaspace: 35647K(36352K)->35647K(36352K) NonClass: 29374K(29888K)->29374K(29888K) Class: 6273K(6464K)->6273K(6464K)
[786.933s][info][gc             ] GC(2170) Pause Young (Allocation Failure) 728M->502M(727M) 1.758ms
[786.933s][info][gc,cpu         ] GC(2170) User=0.00s Sys=0.00s Real=0.00s
[787.318s][info][gc,start       ] GC(2171) Pause Young (Allocation Failure)
[787.325s][info][gc,heap        ] GC(2171) PSYoungGen: 222272K(229376K)->3648K(218112K) Eden: 222208K(222208K)->0K(214016K) From: 64K(7168K)->3648K(4096K)
[787.325s][info][gc,heap        ] GC(2171) ParOldGen: 514702K(515072K)->514710K(515072K)
[787.325s][info][gc,metaspace   ] GC(2171) Metaspace: 35647K(36352K)->35647K(36352K) NonClass: 29374K(29888K)->29374K(29888K) Class: 6273K(6464K)->6273K(6464K)
[787.325s][info][gc             ] GC(2171) Pause Young (Allocation Failure) 719M->506M(716M) 6.885ms
[787.325s][info][gc,cpu         ] GC(2171) User=0.02s Sys=0.00s Real=0.00s
[787.593s][info][gc,start       ] GC(2172) Pause Young (Allocation Failure)
[787.640s][info][gc,heap        ] GC(2172) PSYoungGen: 217664K(218112K)->7168K(263168K) Eden: 214016K(214016K)->0K(256000K) From: 3648K(4096K)->7168K(7168K)
[787.640s][info][gc,heap        ] GC(2172) ParOldGen: 514710K(515072K)->530366K(530432K)
[787.640s][info][gc,metaspace   ] GC(2172) Metaspace: 35647K(36352K)->35647K(36352K) NonClass: 29374K(29888K)->29374K(29888K) Class: 6273K(6464K)->6273K(6464K)
[787.640s][info][gc             ] GC(2172) Pause Young (Allocation Failure) 715M->524M(775M) 46.621ms
[787.640s][info][gc,cpu         ] GC(2172) User=0.08s Sys=0.01s Real=0.05s
[787.957s][info][gc,start       ] GC(2173) Pause Young (Allocation Failure)
[788.019s][info][gc,heap        ] GC(2173) PSYoungGen: 263168K(263168K)->3584K(266752K) Eden: 256000K(256000K)->0K(263168K) From: 7168K(7168K)->3584K(3584K)
[788.019s][info][gc,heap        ] GC(2173) ParOldGen: 530366K(530432K)->554686K(555008K)
[788.019s][info][gc,metaspace   ] GC(2173) Metaspace: 35647K(36352K)->35647K(36352K) NonClass: 29374K(29888K)->29374K(29888K) Class: 6273K(6464K)->6273K(6464K)
[788.019s][info][gc             ] GC(2173) Pause Young (Allocation Failure) 774M->545M(802M) 62.588ms
[788.019s][info][gc,cpu         ] GC(2173) User=0.10s Sys=0.01s Real=0.06s
[788.233s][info][gc,start       ] GC(2174) Pause Young (Allocation Failure)
[788.264s][info][gc,heap        ] GC(2174) PSYoungGen: 266752K(266752K)->15232K(286208K) Eden: 263168K(263168K)->0K(263168K) From: 3584K(3584K)->15232K(23040K)
[788.264s][info][gc,heap        ] GC(2174) ParOldGen: 554686K(555008K)->555582K(556032K)
[788.264s][info][gc,metaspace   ] GC(2174) Metaspace: 35647K(36352K)->35647K(36352K) NonClass: 29374K(29888K)->29374K(29888K) Class: 6273K(6464K)->6273K(6464K)
[788.264s][info][gc             ] GC(2174) Pause Young (Allocation Failure) 802M->557M(822M) 31.959ms
[788.265s][info][gc,cpu         ] GC(2174) User=0.06s Sys=0.00s Real=0.03s
[788.547s][info][gc,start       ] GC(2175) Pause Young (Allocation Failure)
[788.549s][info][gc,heap        ] GC(2175) PSYoungGen: 278400K(286208K)->64K(309760K) Eden: 263168K(263168K)->0K(285184K) From: 15232K(23040K)->64K(24576K)
[788.549s][info][gc,heap        ] GC(2175) ParOldGen: 555582K(556032K)->555590K(556032K)
[788.549s][info][gc,metaspace   ] GC(2175) Metaspace: 35647K(36352K)->35647K(36352K) NonClass: 29374K(29888K)->29374K(29888K) Class: 6273K(6464K)->6273K(6464K)
[788.549s][info][gc             ] GC(2175) Pause Young (Allocation Failure) 814M->542M(845M) 1.876ms
[788.549s][info][gc,cpu         ] GC(2175) User=0.01s Sys=0.00s Real=0.00s
[789.250s][info][gc,start       ] GC(2176) Pause Young (Allocation Failure)
[789.252s][info][gc,heap        ] GC(2176) PSYoungGen: 285248K(309760K)->64K(285696K) Eden: 285184K(285184K)->0K(285184K) From: 64K(24576K)->64K(512K)
[789.252s][info][gc,heap        ] GC(2176) ParOldGen: 555590K(556032K)->555598K(556032K)
[789.252s][info][gc,metaspace   ] GC(2176) Metaspace: 35647K(36352K)->35647K(36352K) NonClass: 29374K(29888K)->29374K(29888K) Class: 6273K(6464K)->6273K(6464K)
[789.252s][info][gc             ] GC(2176) Pause Young (Allocation Failure) 821M->542M(822M) 1.901ms
[789.252s][info][gc,cpu         ] GC(2176) User=0.01s Sys=0.00s Real=0.00s
[789.525s][info][gc,start       ] GC(2177) Pause Young (Allocation Failure)
[789.527s][info][gc,heap        ] GC(2177) PSYoungGen: 285248K(285696K)->64K(308736K) Eden: 285184K(285184K)->0K(285696K) From: 64K(512K)->64K(23040K)
[789.527s][info][gc,heap        ] GC(2177) ParOldGen: 555598K(556032K)->555614K(556032K)
[789.527s][info][gc,metaspace   ] GC(2177) Metaspace: 35647K(36352K)->35647K(36352K) NonClass: 29374K(29888K)->29374K(29888K) Class: 6273K(6464K)->6273K(6464K)
[789.527s][info][gc             ] GC(2177) Pause Young (Allocation Failure) 821M->542M(844M) 1.898ms
[789.527s][info][gc,cpu         ] GC(2177) User=0.00s Sys=0.00s Real=0.01s
[789.950s][info][gc,start       ] GC(2178) Pause Young (Allocation Failure)
[789.952s][info][gc,heap        ] GC(2178) PSYoungGen: 285760K(308736K)->64K(308224K) Eden: 285696K(285696K)->0K(285696K) From: 64K(23040K)->64K(22528K)
[789.952s][info][gc,heap        ] GC(2178) ParOldGen: 555614K(556032K)->555622K(556032K)
[789.952s][info][gc,metaspace   ] GC(2178) Metaspace: 35647K(36352K)->35647K(36352K) NonClass: 29374K(29888K)->29374K(29888K) Class: 6273K(6464K)->6273K(6464K)
[789.952s][info][gc             ] GC(2178) Pause Young (Allocation Failure) 821M->542M(844M) 1.934ms
[789.952s][info][gc,cpu         ] GC(2178) User=0.00s Sys=0.00s Real=0.00s
[790.179s][info][gc,start       ] GC(2179) Pause Young (Allocation Failure)
[790.181s][info][gc,heap        ] GC(2179) PSYoungGen: 285760K(308224K)->64K(310272K) Eden: 285696K(285696K)->0K(289280K) From: 64K(22528K)->64K(20992K)
[790.181s][info][gc,heap        ] GC(2179) ParOldGen: 555622K(556032K)->555638K(556032K)
[790.181s][info][gc,metaspace   ] GC(2179) Metaspace: 35647K(36352K)->35647K(36352K) NonClass: 29374K(29888K)->29374K(29888K) Class: 6273K(6464K)->6273K(6464K)
[790.181s][info][gc             ] GC(2179) Pause Young (Allocation Failure) 821M->542M(846M) 1.916ms
[790.181s][info][gc,cpu         ] GC(2179) User=0.00s Sys=0.00s Real=0.00s
[790.523s][info][gc,start       ] GC(2180) Pause Young (Allocation Failure)
[790.525s][info][gc,heap        ] GC(2180) PSYoungGen: 289344K(310272K)->64K(309760K) Eden: 289280K(289280K)->0K(289280K) From: 64K(20992K)->64K(20480K)
[790.525s][info][gc,heap        ] GC(2180) ParOldGen: 555638K(556032K)->555638K(556032K)
[790.525s][info][gc,metaspace   ] GC(2180) Metaspace: 35647K(36352K)->35647K(36352K) NonClass: 29374K(29888K)->29374K(29888K) Class: 6273K(6464K)->6273K(6464K)
[790.525s][info][gc             ] GC(2180) Pause Young (Allocation Failure) 825M->542M(845M) 1.847ms
[790.525s][info][gc,cpu         ] GC(2180) User=0.01s Sys=0.00s Real=0.00s
[790.689s][info][gc,start       ] GC(2181) Pause Young (Allocation Failure)
[790.692s][info][gc,heap        ] GC(2181) PSYoungGen: 289344K(309760K)->64K(312320K) Eden: 289280K(289280K)->0K(293376K) From: 64K(20480K)->64K(18944K)
[790.692s][info][gc,heap        ] GC(2181) ParOldGen: 555638K(556032K)->555654K(556032K)
[790.692s][info][gc,metaspace   ] GC(2181) Metaspace: 35647K(36352K)->35647K(36352K) NonClass: 29374K(29888K)->29374K(29888K) Class: 6273K(6464K)->6273K(6464K)
[790.692s][info][gc             ] GC(2181) Pause Young (Allocation Failure) 825M->542M(848M) 3.572ms
[790.692s][info][gc,cpu         ] GC(2181) User=0.00s Sys=0.00s Real=0.00s
[790.749s][info][gc,start       ] GC(2182) Pause Young (Allocation Failure)
[790.751s][info][gc,heap        ] GC(2182) PSYoungGen: 293440K(312320K)->64K(311808K) Eden: 293376K(293376K)->0K(293376K) From: 64K(18944K)->64K(18432K)
[790.752s][info][gc,heap        ] GC(2182) ParOldGen: 555654K(556032K)->555670K(556032K)
[790.752s][info][gc,metaspace   ] GC(2182) Metaspace: 35647K(36352K)->35647K(36352K) NonClass: 29374K(29888K)->29374K(29888K) Class: 6273K(6464K)->6273K(6464K)
[790.752s][info][gc             ] GC(2182) Pause Young (Allocation Failure) 829M->542M(847M) 2.521ms
[790.752s][info][gc,cpu         ] GC(2182) User=0.00s Sys=0.00s Real=0.00s
[790.846s][info][gc,start       ] GC(2183) Pause Young (Allocation Failure)
[790.848s][info][gc,heap        ] GC(2183) PSYoungGen: 293440K(311808K)->64K(314368K) Eden: 293376K(293376K)->0K(297472K) From: 64K(18432K)->64K(16896K)
[790.848s][info][gc,heap        ] GC(2183) ParOldGen: 555670K(556032K)->555670K(556032K)
[790.848s][info][gc,metaspace   ] GC(2183) Metaspace: 35647K(36352K)->35647K(36352K) NonClass: 29374K(29888K)->29374K(29888K) Class: 6273K(6464K)->6273K(6464K)
[790.848s][info][gc             ] GC(2183) Pause Young (Allocation Failure) 829M->542M(850M) 1.867ms
[790.848s][info][gc,cpu         ] GC(2183) User=0.01s Sys=0.00s Real=0.01s
[791.070s][info][gc,start       ] GC(2184) Pause Young (Allocation Failure)
[791.072s][info][gc,heap        ] GC(2184) PSYoungGen: 297536K(314368K)->64K(313856K) Eden: 297472K(297472K)->0K(297472K) From: 64K(16896K)->64K(16384K)
[791.072s][info][gc,heap        ] GC(2184) ParOldGen: 555670K(556032K)->555686K(556032K)
[791.072s][info][gc,metaspace   ] GC(2184) Metaspace: 35647K(36352K)->35647K(36352K) NonClass: 29374K(29888K)->29374K(29888K) Class: 6273K(6464K)->6273K(6464K)
[791.072s][info][gc             ] GC(2184) Pause Young (Allocation Failure) 833M->542M(849M) 1.910ms
[791.072s][info][gc,cpu         ] GC(2184) User=0.01s Sys=0.00s Real=0.00s
[791.266s][info][gc,start       ] GC(2185) Pause Young (Allocation Failure)
[791.268s][info][gc,heap        ] GC(2185) PSYoungGen: 297536K(313856K)->64K(316416K) Eden: 297472K(297472K)->0K(301568K) From: 64K(16384K)->64K(14848K)
[791.268s][info][gc,heap        ] GC(2185) ParOldGen: 555686K(556032K)->555686K(556032K)
[791.268s][info][gc,metaspace   ] GC(2185) Metaspace: 35647K(36352K)->35647K(36352K) NonClass: 29374K(29888K)->29374K(29888K) Class: 6273K(6464K)->6273K(6464K)
[791.268s][info][gc             ] GC(2185) Pause Young (Allocation Failure) 833M->542M(852M) 2.031ms
[791.268s][info][gc,cpu         ] GC(2185) User=0.00s Sys=0.00s Real=0.00s
[791.354s][info][gc,start       ] GC(2186) Pause Young (Allocation Failure)
[791.356s][info][gc,heap        ] GC(2186) PSYoungGen: 301632K(316416K)->64K(316416K) Eden: 301568K(301568K)->0K(301568K) From: 64K(14848K)->64K(14848K)
[791.356s][info][gc,heap        ] GC(2186) ParOldGen: 555686K(556032K)->555702K(556032K)
[791.356s][info][gc,metaspace   ] GC(2186) Metaspace: 35647K(36352K)->35647K(36352K) NonClass: 29374K(29888K)->29374K(29888K) Class: 6273K(6464K)->6273K(6464K)
[791.356s][info][gc             ] GC(2186) Pause Young (Allocation Failure) 837M->542M(852M) 1.987ms
[791.356s][info][gc,cpu         ] GC(2186) User=0.01s Sys=0.00s Real=0.01s
[791.494s][info][gc,start       ] GC(2187) Pause Young (Allocation Failure)
[791.496s][info][gc,heap        ] GC(2187) PSYoungGen: 301632K(316416K)->64K(317952K) Eden: 301568K(301568K)->0K(305152K) From: 64K(14848K)->64K(12800K)
[791.496s][info][gc,heap        ] GC(2187) ParOldGen: 555702K(556032K)->555702K(556032K)
[791.496s][info][gc,metaspace   ] GC(2187) Metaspace: 35647K(36352K)->35647K(36352K) NonClass: 29374K(29888K)->29374K(29888K) Class: 6273K(6464K)->6273K(6464K)
[791.496s][info][gc             ] GC(2187) Pause Young (Allocation Failure) 837M->542M(853M) 2.014ms
[791.496s][info][gc,cpu         ] GC(2187) User=0.01s Sys=0.00s Real=0.01s
[791.914s][info][gc,start       ] GC(2188) Pause Young (Allocation Failure)
[791.916s][info][gc,heap        ] GC(2188) PSYoungGen: 305216K(317952K)->64K(317952K) Eden: 305152K(305152K)->0K(305152K) From: 64K(12800K)->64K(12800K)
[791.916s][info][gc,heap        ] GC(2188) ParOldGen: 555702K(556032K)->555710K(556032K)
[791.916s][info][gc,metaspace   ] GC(2188) Metaspace: 35647K(36352K)->35647K(36352K) NonClass: 29374K(29888K)->29374K(29888K) Class: 6273K(6464K)->6273K(6464K)
[791.916s][info][gc             ] GC(2188) Pause Young (Allocation Failure) 840M->542M(853M) 1.980ms
[791.916s][info][gc,cpu         ] GC(2188) User=0.00s Sys=0.00s Real=0.01s
[792.856s][info][gc,start       ] GC(2189) Pause Young (Allocation Failure)
[792.858s][info][gc,heap        ] GC(2189) PSYoungGen: 305216K(317952K)->64K(319488K) Eden: 305152K(305152K)->0K(308736K) From: 64K(12800K)->64K(10752K)
[792.858s][info][gc,heap        ] GC(2189) ParOldGen: 555710K(556032K)->555718K(556032K)
[792.858s][info][gc,metaspace   ] GC(2189) Metaspace: 35647K(36352K)->35647K(36352K) NonClass: 29374K(29888K)->29374K(29888K) Class: 6273K(6464K)->6273K(6464K)
[792.858s][info][gc             ] GC(2189) Pause Young (Allocation Failure) 840M->542M(855M) 1.903ms
[792.858s][info][gc,cpu         ] GC(2189) User=0.00s Sys=0.00s Real=0.01s
[793.617s][info][gc,start       ] GC(2190) Pause Young (Allocation Failure)
[793.618s][info][gc,heap        ] GC(2190) PSYoungGen: 308800K(319488K)->64K(296960K) Eden: 308736K(308736K)->0K(296448K) From: 64K(10752K)->64K(512K)
[793.618s][info][gc,heap        ] GC(2190) ParOldGen: 555718K(556032K)->555726K(556032K)
[793.618s][info][gc,metaspace   ] GC(2190) Metaspace: 35647K(36352K)->35647K(36352K) NonClass: 29374K(29888K)->29374K(29888K) Class: 6273K(6464K)->6273K(6464K)
[793.618s][info][gc             ] GC(2190) Pause Young (Allocation Failure) 844M->542M(833M) 1.838ms
[793.618s][info][gc,cpu         ] GC(2190) User=0.00s Sys=0.00s Real=0.00s
[794.086s][info][gc,start       ] GC(2191) Pause Young (Allocation Failure)
[794.087s][info][gc,heap        ] GC(2191) PSYoungGen: 296512K(296960K)->64K(285184K) Eden: 296448K(296448K)->0K(284672K) From: 64K(512K)->64K(512K)
[794.087s][info][gc,heap        ] GC(2191) ParOldGen: 555726K(556032K)->555734K(556032K)
[794.087s][info][gc,metaspace   ] GC(2191) Metaspace: 35647K(36352K)->35647K(36352K) NonClass: 29374K(29888K)->29374K(29888K) Class: 6273K(6464K)->6273K(6464K)
[794.087s][info][gc             ] GC(2191) Pause Young (Allocation Failure) 832M->542M(821M) 1.946ms
[794.088s][info][gc,cpu         ] GC(2191) User=0.01s Sys=0.00s Real=0.01s
[795.100s][info][gc,start       ] GC(2192) Pause Young (Allocation Failure)
[795.102s][info][gc,heap        ] GC(2192) PSYoungGen: 284736K(285184K)->64K(283136K) Eden: 284672K(284672K)->0K(273408K) From: 64K(512K)->64K(9728K)
[795.102s][info][gc,heap        ] GC(2192) ParOldGen: 555734K(556032K)->555742K(556032K)
[795.102s][info][gc,metaspace   ] GC(2192) Metaspace: 35647K(36352K)->35647K(36352K) NonClass: 29374K(29888K)->29374K(29888K) Class: 6273K(6464K)->6273K(6464K)
[795.102s][info][gc             ] GC(2192) Pause Young (Allocation Failure) 820M->542M(819M) 1.867ms
[795.102s][info][gc,cpu         ] GC(2192) User=0.01s Sys=0.00s Real=0.00s
[795.507s][info][gc,start       ] GC(2193) Pause Young (Allocation Failure)
[795.509s][info][gc,heap        ] GC(2193) PSYoungGen: 273472K(283136K)->64K(263168K) Eden: 273408K(273408K)->0K(262656K) From: 64K(9728K)->64K(512K)
[795.509s][info][gc,heap        ] GC(2193) ParOldGen: 555742K(556032K)->555750K(556032K)
[795.509s][info][gc,metaspace   ] GC(2193) Metaspace: 35647K(36352K)->35647K(36352K) NonClass: 29374K(29888K)->29374K(29888K) Class: 6273K(6464K)->6273K(6464K)
[795.509s][info][gc             ] GC(2193) Pause Young (Allocation Failure) 809M->542M(800M) 2.306ms
[795.509s][info][gc,cpu         ] GC(2193) User=0.00s Sys=0.01s Real=0.00s
[795.664s][info][gc,start       ] GC(2194) Pause Young (Allocation Failure)
[795.666s][info][gc,heap        ] GC(2194) PSYoungGen: 262720K(263168K)->64K(261120K) Eden: 262656K(262656K)->0K(252416K) From: 64K(512K)->64K(8704K)
[795.666s][info][gc,heap        ] GC(2194) ParOldGen: 555750K(556032K)->555758K(556032K)
[795.666s][info][gc,metaspace   ] GC(2194) Metaspace: 35647K(36352K)->35647K(36352K) NonClass: 29374K(29888K)->29374K(29888K) Class: 6273K(6464K)->6273K(6464K)
[795.666s][info][gc             ] GC(2194) Pause Young (Allocation Failure) 799M->542M(798M) 1.900ms
[795.666s][info][gc,cpu         ] GC(2194) User=0.00s Sys=0.00s Real=0.01s
[795.996s][info][gc,start       ] GC(2195) Pause Young (Allocation Failure)
[795.999s][info][gc,heap        ] GC(2195) PSYoungGen: 252480K(261120K)->64K(243200K) Eden: 252416K(252416K)->0K(242688K) From: 64K(8704K)->64K(512K)
[795.999s][info][gc,heap        ] GC(2195) ParOldGen: 555758K(556032K)->555766K(556032K)
[795.999s][info][gc,metaspace   ] GC(2195) Metaspace: 35647K(36352K)->35647K(36352K) NonClass: 29374K(29888K)->29374K(29888K) Class: 6273K(6464K)->6273K(6464K)
[795.999s][info][gc             ] GC(2195) Pause Young (Allocation Failure) 789M->542M(780M) 2.336ms
[795.999s][info][gc,cpu         ] GC(2195) User=0.00s Sys=0.00s Real=0.00s
[796.420s][info][gc,start       ] GC(2196) Pause Young (Allocation Failure)
[796.423s][info][gc,heap        ] GC(2196) PSYoungGen: 242752K(243200K)->64K(241152K) Eden: 242688K(242688K)->0K(233472K) From: 64K(512K)->64K(7680K)
[796.423s][info][gc,heap        ] GC(2196) ParOldGen: 555766K(556032K)->555782K(556032K)
[796.423s][info][gc,metaspace   ] GC(2196) Metaspace: 35647K(36352K)->35647K(36352K) NonClass: 29374K(29888K)->29374K(29888K) Class: 6273K(6464K)->6273K(6464K)
[796.423s][info][gc             ] GC(2196) Pause Young (Allocation Failure) 779M->542M(778M) 3.340ms
[796.423s][info][gc,cpu         ] GC(2196) User=0.00s Sys=0.00s Real=0.00s
[796.817s][info][gc,start       ] GC(2197) Pause Young (Allocation Failure)
[796.825s][info][gc,heap        ] GC(2197) PSYoungGen: 233536K(241152K)->3808K(279552K) Eden: 233472K(233472K)->0K(275456K) From: 64K(7680K)->3808K(4096K)
[796.825s][info][gc,heap        ] GC(2197) ParOldGen: 555782K(556032K)->555798K(556032K)
[796.825s][info][gc,metaspace   ] GC(2197) Metaspace: 35647K(36352K)->35647K(36352K) NonClass: 29374K(29888K)->29374K(29888K) Class: 6273K(6464K)->6273K(6464K)
[796.825s][info][gc             ] GC(2197) Pause Young (Allocation Failure) 770M->546M(816M) 8.004ms
[796.825s][info][gc,cpu         ] GC(2197) User=0.02s Sys=0.00s Real=0.00s
[797.167s][info][gc,start       ] GC(2198) Pause Young (Allocation Failure)
[797.234s][info][gc,heap        ] GC(2198) PSYoungGen: 279264K(279552K)->7680K(283648K) Eden: 275456K(275456K)->0K(275968K) From: 3808K(4096K)->7680K(7680K)
[797.234s][info][gc,heap        ] GC(2198) ParOldGen: 555798K(556032K)->577502K(577536K)
[797.234s][info][gc,metaspace   ] GC(2198) Metaspace: 35647K(36352K)->35647K(36352K) NonClass: 29374K(29888K)->29374K(29888K) Class: 6273K(6464K)->6273K(6464K)
[797.234s][info][gc             ] GC(2198) Pause Young (Allocation Failure) 815M->571M(841M) 67.307ms
[797.234s][info][gc,cpu         ] GC(2198) User=0.11s Sys=0.01s Real=0.06s
[797.579s][info][gc,start       ] GC(2199) Pause Young (Allocation Failure)
[797.649s][info][gc,heap        ] GC(2199) PSYoungGen: 283648K(283648K)->17408K(300032K) Eden: 275968K(275968K)->0K(282624K) From: 7680K(7680K)->17408K(17408K)
[797.649s][info][gc,heap        ] GC(2199) ParOldGen: 577502K(577536K)->590318K(590336K)
[797.649s][info][gc,metaspace   ] GC(2199) Metaspace: 35647K(36352K)->35647K(36352K) NonClass: 29374K(29888K)->29374K(29888K) Class: 6273K(6464K)->6273K(6464K)
[797.649s][info][gc             ] GC(2199) Pause Young (Allocation Failure) 840M->593M(869M) 69.824ms
[797.649s][info][gc,cpu         ] GC(2199) User=0.12s Sys=0.02s Real=0.07s
[797.791s][info][gc,start       ] GC(2200) Pause Young (Allocation Failure)
[797.806s][info][gc,heap        ] GC(2200) PSYoungGen: 300032K(300032K)->6432K(308224K) Eden: 282624K(282624K)->0K(282624K) From: 17408K(17408K)->6432K(25600K)
[797.806s][info][gc,heap        ] GC(2200) ParOldGen: 590318K(590336K)->590782K(590848K)
[797.806s][info][gc,metaspace   ] GC(2200) Metaspace: 35647K(36352K)->35647K(36352K) NonClass: 29374K(29888K)->29374K(29888K) Class: 6273K(6464K)->6273K(6464K)
[797.806s][info][gc             ] GC(2200) Pause Young (Allocation Failure) 869M->583M(878M) 15.113ms
[797.806s][info][gc,cpu         ] GC(2200) User=0.03s Sys=0.00s Real=0.02s
[798.374s][info][gc,start       ] GC(2201) Pause Young (Allocation Failure)
[798.377s][info][gc,heap        ] GC(2201) PSYoungGen: 289056K(308224K)->64K(304640K) Eden: 282624K(282624K)->0K(284160K) From: 6432K(25600K)->64K(20480K)
[798.377s][info][gc,heap        ] GC(2201) ParOldGen: 590782K(590848K)->590790K(590848K)
[798.377s][info][gc,metaspace   ] GC(2201) Metaspace: 35647K(36352K)->35647K(36352K) NonClass: 29374K(29888K)->29374K(29888K) Class: 6273K(6464K)->6273K(6464K)
[798.377s][info][gc             ] GC(2201) Pause Young (Allocation Failure) 859M->577M(874M) 2.331ms
[798.377s][info][gc,cpu         ] GC(2201) User=0.00s Sys=0.00s Real=0.01s
[798.881s][info][gc,start       ] GC(2202) Pause Young (Allocation Failure)
[798.883s][info][gc,heap        ] GC(2202) PSYoungGen: 284224K(304640K)->64K(307200K) Eden: 284160K(284160K)->0K(284160K) From: 64K(20480K)->64K(23040K)
[798.883s][info][gc,heap        ] GC(2202) ParOldGen: 590790K(590848K)->590798K(590848K)
[798.883s][info][gc,metaspace   ] GC(2202) Metaspace: 35647K(36352K)->35647K(36352K) NonClass: 29374K(29888K)->29374K(29888K) Class: 6273K(6464K)->6273K(6464K)
[798.883s][info][gc             ] GC(2202) Pause Young (Allocation Failure) 854M->577M(877M) 2.129ms
[798.883s][info][gc,cpu         ] GC(2202) User=0.01s Sys=0.00s Real=0.00s
[799.322s][info][gc,start       ] GC(2203) Pause Young (Allocation Failure)
[799.324s][info][gc,heap        ] GC(2203) PSYoungGen: 284224K(307200K)->64K(308224K) Eden: 284160K(284160K)->0K(288256K) From: 64K(23040K)->64K(19968K)
[799.324s][info][gc,heap        ] GC(2203) ParOldGen: 590798K(590848K)->590814K(590848K)
[799.324s][info][gc,metaspace   ] GC(2203) Metaspace: 35647K(36352K)->35647K(36352K) NonClass: 29374K(29888K)->29374K(29888K) Class: 6273K(6464K)->6273K(6464K)
[799.324s][info][gc             ] GC(2203) Pause Young (Allocation Failure) 854M->577M(878M) 1.986ms
[799.324s][info][gc,cpu         ] GC(2203) User=0.01s Sys=0.00s Real=0.00s
[799.554s][info][gc,start       ] GC(2204) Pause Young (Allocation Failure)
[799.556s][info][gc,heap        ] GC(2204) PSYoungGen: 288320K(308224K)->64K(309760K) Eden: 288256K(288256K)->0K(288256K) From: 64K(19968K)->64K(21504K)
[799.556s][info][gc,heap        ] GC(2204) ParOldGen: 590814K(590848K)->590830K(590848K)
[799.556s][info][gc,metaspace   ] GC(2204) Metaspace: 35647K(36352K)->35647K(36352K) NonClass: 29374K(29888K)->29374K(29888K) Class: 6273K(6464K)->6273K(6464K)
[799.556s][info][gc             ] GC(2204) Pause Young (Allocation Failure) 858M->577M(879M) 1.997ms
[799.556s][info][gc,cpu         ] GC(2204) User=0.00s Sys=0.00s Real=0.01s
[799.786s][info][gc,start       ] GC(2205) Pause Young (Allocation Failure)
[799.788s][info][gc,heap        ] GC(2205) PSYoungGen: 288320K(309760K)->32K(309760K) Eden: 288256K(288256K)->0K(291328K) From: 64K(21504K)->32K(18432K)
[799.788s][info][gc,heap        ] GC(2205) ParOldGen: 590830K(590848K)->590830K(590848K)
[799.788s][info][gc,metaspace   ] GC(2205) Metaspace: 35647K(36352K)->35647K(36352K) NonClass: 29374K(29888K)->29374K(29888K) Class: 6273K(6464K)->6273K(6464K)
[799.788s][info][gc             ] GC(2205) Pause Young (Allocation Failure) 858M->577M(879M) 1.982ms
[799.788s][info][gc,cpu         ] GC(2205) User=0.00s Sys=0.00s Real=0.01s
[800.159s][info][gc,start       ] GC(2206) Pause Young (Allocation Failure)
[800.161s][info][gc,heap        ] GC(2206) PSYoungGen: 291360K(309760K)->64K(311296K) Eden: 291328K(291328K)->0K(291328K) From: 32K(18432K)->64K(19968K)
[800.161s][info][gc,heap        ] GC(2206) ParOldGen: 590830K(590848K)->590830K(590848K)
[800.161s][info][gc,metaspace   ] GC(2206) Metaspace: 35647K(36352K)->35647K(36352K) NonClass: 29374K(29888K)->29374K(29888K) Class: 6273K(6464K)->6273K(6464K)
[800.161s][info][gc             ] GC(2206) Pause Young (Allocation Failure) 861M->577M(881M) 1.953ms
[800.161s][info][gc,cpu         ] GC(2206) User=0.00s Sys=0.00s Real=0.00s
[800.222s][info][gc,start       ] GC(2207) Pause Young (Allocation Failure)
[800.224s][info][gc,heap        ] GC(2207) PSYoungGen: 291392K(311296K)->64K(311296K) Eden: 291328K(291328K)->0K(294912K) From: 64K(19968K)->64K(16384K)
[800.224s][info][gc,heap        ] GC(2207) ParOldGen: 590830K(590848K)->590838K(590848K)
[800.224s][info][gc,metaspace   ] GC(2207) Metaspace: 35647K(36352K)->35647K(36352K) NonClass: 29374K(29888K)->29374K(29888K) Class: 6273K(6464K)->6273K(6464K)
[800.224s][info][gc             ] GC(2207) Pause Young (Allocation Failure) 861M->577M(881M) 1.889ms
[800.224s][info][gc,cpu         ] GC(2207) User=0.01s Sys=0.00s Real=0.00s
[800.282s][info][gc,start       ] GC(2208) Pause Young (Allocation Failure)
[800.284s][info][gc,heap        ] GC(2208) PSYoungGen: 294976K(311296K)->32K(312832K) Eden: 294912K(294912K)->0K(294912K) From: 64K(16384K)->32K(17920K)
[800.284s][info][gc,heap        ] GC(2208) ParOldGen: 590838K(590848K)->590854K(591360K)
[800.284s][info][gc,metaspace   ] GC(2208) Metaspace: 35647K(36352K)->35647K(36352K) NonClass: 29374K(29888K)->29374K(29888K) Class: 6273K(6464K)->6273K(6464K)
[800.284s][info][gc             ] GC(2208) Pause Young (Allocation Failure) 865M->577M(883M) 1.933ms
[800.284s][info][gc,cpu         ] GC(2208) User=0.00s Sys=0.00s Real=0.00s
[800.451s][info][gc,start       ] GC(2209) Pause Young (Allocation Failure)
[800.453s][info][gc,heap        ] GC(2209) PSYoungGen: 294944K(312832K)->64K(314368K) Eden: 294912K(294912K)->0K(299008K) From: 32K(17920K)->64K(15360K)
[800.453s][info][gc,heap        ] GC(2209) ParOldGen: 590854K(591360K)->590854K(591360K)
[800.453s][info][gc,metaspace   ] GC(2209) Metaspace: 35647K(36352K)->35647K(36352K) NonClass: 29374K(29888K)->29374K(29888K) Class: 6273K(6464K)->6273K(6464K)
[800.453s][info][gc             ] GC(2209) Pause Young (Allocation Failure) 865M->577M(884M) 1.944ms
[800.453s][info][gc,cpu         ] GC(2209) User=0.00s Sys=0.00s Real=0.00s
[800.671s][info][gc,start       ] GC(2210) Pause Young (Allocation Failure)
[800.673s][info][gc,heap        ] GC(2210) PSYoungGen: 299072K(314368K)->64K(315392K) Eden: 299008K(299008K)->0K(299008K) From: 64K(15360K)->64K(16384K)
[800.673s][info][gc,heap        ] GC(2210) ParOldGen: 590854K(591360K)->590862K(591360K)
[800.673s][info][gc,metaspace   ] GC(2210) Metaspace: 35647K(36352K)->35647K(36352K) NonClass: 29374K(29888K)->29374K(29888K) Class: 6273K(6464K)->6273K(6464K)
[800.673s][info][gc             ] GC(2210) Pause Young (Allocation Failure) 869M->577M(885M) 2.123ms
[800.673s][info][gc,cpu         ] GC(2210) User=0.00s Sys=0.00s Real=0.00s
[800.806s][info][gc,start       ] GC(2211) Pause Young (Allocation Failure)
[800.809s][info][gc,heap        ] GC(2211) PSYoungGen: 299072K(315392K)->64K(315392K) Eden: 299008K(299008K)->0K(302080K) From: 64K(16384K)->64K(13312K)
[800.809s][info][gc,heap        ] GC(2211) ParOldGen: 590862K(591360K)->590870K(591360K)
[800.809s][info][gc,metaspace   ] GC(2211) Metaspace: 35647K(36352K)->35647K(36352K) NonClass: 29374K(29888K)->29374K(29888K) Class: 6273K(6464K)->6273K(6464K)
[800.809s][info][gc             ] GC(2211) Pause Young (Allocation Failure) 869M->577M(885M) 2.097ms
[800.809s][info][gc,cpu         ] GC(2211) User=0.01s Sys=0.00s Real=0.00s
[800.902s][info][gc,start       ] GC(2212) Pause Young (Allocation Failure)
[800.904s][info][gc,heap        ] GC(2212) PSYoungGen: 302144K(315392K)->64K(316416K) Eden: 302080K(302080K)->0K(302080K) From: 64K(13312K)->64K(14336K)
[800.904s][info][gc,heap        ] GC(2212) ParOldGen: 590870K(591360K)->590878K(591360K)
[800.904s][info][gc,metaspace   ] GC(2212) Metaspace: 35647K(36352K)->35647K(36352K) NonClass: 29374K(29888K)->29374K(29888K) Class: 6273K(6464K)->6273K(6464K)
[800.904s][info][gc             ] GC(2212) Pause Young (Allocation Failure) 872M->577M(886M) 1.935ms
[800.904s][info][gc,cpu         ] GC(2212) User=0.00s Sys=0.00s Real=0.00s
[801.081s][info][gc,start       ] GC(2213) Pause Young (Allocation Failure)
[801.083s][info][gc,heap        ] GC(2213) PSYoungGen: 302144K(316416K)->64K(318464K) Eden: 302080K(302080K)->0K(306176K) From: 64K(14336K)->64K(12288K)
[801.083s][info][gc,heap        ] GC(2213) ParOldGen: 590878K(591360K)->590886K(591360K)
[801.083s][info][gc,metaspace   ] GC(2213) Metaspace: 35647K(36352K)->35647K(36352K) NonClass: 29374K(29888K)->29374K(29888K) Class: 6273K(6464K)->6273K(6464K)
[801.083s][info][gc             ] GC(2213) Pause Young (Allocation Failure) 872M->577M(888M) 1.923ms
[801.083s][info][gc,cpu         ] GC(2213) User=0.00s Sys=0.00s Real=0.00s
[802.060s][info][gc,start       ] GC(2214) Pause Young (Allocation Failure)
[802.062s][info][gc,heap        ] GC(2214) PSYoungGen: 306240K(318464K)->64K(318976K) Eden: 306176K(306176K)->0K(306176K) From: 64K(12288K)->64K(12800K)
[802.062s][info][gc,heap        ] GC(2214) ParOldGen: 590886K(591360K)->590894K(591360K)
[802.062s][info][gc,metaspace   ] GC(2214) Metaspace: 35647K(36352K)->35647K(36352K) NonClass: 29374K(29888K)->29374K(29888K) Class: 6273K(6464K)->6273K(6464K)
[802.062s][info][gc             ] GC(2214) Pause Young (Allocation Failure) 876M->577M(889M) 2.051ms
[802.062s][info][gc,cpu         ] GC(2214) User=0.00s Sys=0.00s Real=0.00s
[802.978s][info][gc,start       ] GC(2215) Pause Young (Allocation Failure)
[802.979s][info][gc,heap        ] GC(2215) PSYoungGen: 306240K(318976K)->64K(320512K) Eden: 306176K(306176K)->0K(309248K) From: 64K(12800K)->64K(11264K)
[802.979s][info][gc,heap        ] GC(2215) ParOldGen: 590894K(591360K)->590902K(591360K)
[802.979s][info][gc,metaspace   ] GC(2215) Metaspace: 35647K(36352K)->35647K(36352K) NonClass: 29374K(29888K)->29374K(29888K) Class: 6273K(6464K)->6273K(6464K)
[802.980s][info][gc             ] GC(2215) Pause Young (Allocation Failure) 876M->577M(890M) 1.992ms
[802.980s][info][gc,cpu         ] GC(2215) User=0.01s Sys=0.00s Real=0.00s
[803.391s][info][gc,start       ] GC(2216) Pause Young (Allocation Failure)
[803.393s][info][gc,heap        ] GC(2216) PSYoungGen: 309312K(320512K)->64K(297472K) Eden: 309248K(309248K)->0K(296960K) From: 64K(11264K)->64K(512K)
[803.393s][info][gc,heap        ] GC(2216) ParOldGen: 590902K(591360K)->590910K(591360K)
[803.393s][info][gc,metaspace   ] GC(2216) Metaspace: 35647K(36352K)->35647K(36352K) NonClass: 29374K(29888K)->29374K(29888K) Class: 6273K(6464K)->6273K(6464K)
[803.393s][info][gc             ] GC(2216) Pause Young (Allocation Failure) 879M->577M(868M) 2.756ms
[803.393s][info][gc,cpu         ] GC(2216) User=0.00s Sys=0.00s Real=0.00s
[804.138s][info][gc,start       ] GC(2217) Pause Young (Allocation Failure)
[804.141s][info][gc,heap        ] GC(2217) PSYoungGen: 297024K(297472K)->64K(285696K) Eden: 296960K(296960K)->0K(285184K) From: 64K(512K)->64K(512K)
[804.141s][info][gc,heap        ] GC(2217) ParOldGen: 590910K(591360K)->590918K(591360K)
[804.141s][info][gc,metaspace   ] GC(2217) Metaspace: 35647K(36352K)->35647K(36352K) NonClass: 29374K(29888K)->29374K(29888K) Class: 6273K(6464K)->6273K(6464K)
[804.141s][info][gc             ] GC(2217) Pause Young (Allocation Failure) 867M->577M(856M) 3.033ms
[804.141s][info][gc,cpu         ] GC(2217) User=0.00s Sys=0.01s Real=0.00s
[804.753s][info][gc,start       ] GC(2218) Pause Young (Allocation Failure)
[804.755s][info][gc,heap        ] GC(2218) PSYoungGen: 285248K(285696K)->64K(283648K) Eden: 285184K(285184K)->0K(273920K) From: 64K(512K)->64K(9728K)
[804.755s][info][gc,heap        ] GC(2218) ParOldGen: 590918K(591360K)->590926K(591360K)
[804.755s][info][gc,metaspace   ] GC(2218) Metaspace: 35647K(36352K)->35647K(36352K) NonClass: 29374K(29888K)->29374K(29888K) Class: 6273K(6464K)->6273K(6464K)
[804.755s][info][gc             ] GC(2218) Pause Young (Allocation Failure) 855M->577M(854M) 1.900ms
[804.755s][info][gc,cpu         ] GC(2218) User=0.00s Sys=0.00s Real=0.00s
[805.140s][info][gc,start       ] GC(2219) Pause Young (Allocation Failure)
[805.142s][info][gc,heap        ] GC(2219) PSYoungGen: 273984K(283648K)->64K(263680K) Eden: 273920K(273920K)->0K(263168K) From: 64K(9728K)->64K(512K)
[805.142s][info][gc,heap        ] GC(2219) ParOldGen: 590926K(591360K)->590934K(591360K)
[805.142s][info][gc,metaspace   ] GC(2219) Metaspace: 35647K(36352K)->35647K(36352K) NonClass: 29374K(29888K)->29374K(29888K) Class: 6273K(6464K)->6273K(6464K)
[805.142s][info][gc             ] GC(2219) Pause Young (Allocation Failure) 844M->577M(835M) 2.415ms
[805.142s][info][gc,cpu         ] GC(2219) User=0.01s Sys=0.00s Real=0.00s
[805.237s][info][gc,start       ] GC(2220) Pause Young (Allocation Failure)
[805.240s][info][gc,heap        ] GC(2220) PSYoungGen: 263232K(263680K)->64K(293888K) Eden: 263168K(263168K)->0K(285184K) From: 64K(512K)->64K(8704K)
[805.240s][info][gc,heap        ] GC(2220) ParOldGen: 590934K(591360K)->590942K(591360K)
[805.240s][info][gc,metaspace   ] GC(2220) Metaspace: 35647K(36352K)->35647K(36352K) NonClass: 29374K(29888K)->29374K(29888K) Class: 6273K(6464K)->6273K(6464K)
[805.240s][info][gc             ] GC(2220) Pause Young (Allocation Failure) 834M->577M(864M) 3.571ms
[805.240s][info][gc,cpu         ] GC(2220) User=0.00s Sys=0.00s Real=0.00s
[805.888s][info][gc,start       ] GC(2221) Pause Young (Allocation Failure)
[805.892s][info][gc,heap        ] GC(2221) PSYoungGen: 285248K(293888K)->64K(319488K) Eden: 285184K(285184K)->0K(311808K) From: 64K(8704K)->64K(7680K)
[805.892s][info][gc,heap        ] GC(2221) ParOldGen: 590942K(591360K)->590950K(591360K)
[805.892s][info][gc,metaspace   ] GC(2221) Metaspace: 35647K(36352K)->35647K(36352K) NonClass: 29374K(29888K)->29374K(29888K) Class: 6273K(6464K)->6273K(6464K)
[805.892s][info][gc             ] GC(2221) Pause Young (Allocation Failure) 855M->577M(889M) 4.144ms
[805.892s][info][gc,cpu         ] GC(2221) User=0.00s Sys=0.00s Real=0.00s
[806.319s][info][gc,start       ] GC(2222) Pause Young (Allocation Failure)
[806.331s][info][gc,heap        ] GC(2222) PSYoungGen: 311872K(319488K)->4832K(318976K) Eden: 311808K(311808K)->0K(311808K) From: 64K(7680K)->4832K(7168K)
[806.331s][info][gc,heap        ] GC(2222) ParOldGen: 590950K(591360K)->590966K(591360K)
[806.331s][info][gc,metaspace   ] GC(2222) Metaspace: 35647K(36352K)->35647K(36352K) NonClass: 29374K(29888K)->29374K(29888K) Class: 6273K(6464K)->6273K(6464K)
[806.331s][info][gc             ] GC(2222) Pause Young (Allocation Failure) 881M->581M(889M) 12.414ms
[806.331s][info][gc,cpu         ] GC(2222) User=0.02s Sys=0.01s Real=0.01s
[806.684s][info][gc,start       ] GC(2223) Pause Young (Allocation Failure)
[806.759s][info][gc,heap        ] GC(2223) PSYoungGen: 316640K(318976K)->8192K(303104K) Eden: 311808K(311808K)->0K(294912K) From: 4832K(7168K)->8192K(8192K)
[806.759s][info][gc,heap        ] GC(2223) ParOldGen: 590966K(591360K)->616038K(616448K)
[806.759s][info][gc,metaspace   ] GC(2223) Metaspace: 35647K(36352K)->35647K(36352K) NonClass: 29374K(29888K)->29374K(29888K) Class: 6273K(6464K)->6273K(6464K)
[806.759s][info][gc             ] GC(2223) Pause Young (Allocation Failure) 886M->609M(898M) 74.896ms
[806.759s][info][gc,cpu         ] GC(2223) User=0.12s Sys=0.02s Real=0.08s
[807.089s][info][gc,start       ] GC(2224) Pause Young (Allocation Failure)
[807.152s][info][gc,heap        ] GC(2224) PSYoungGen: 303104K(303104K)->19456K(314368K) Eden: 294912K(294912K)->0K(294912K) From: 8192K(8192K)->19456K(19456K)
[807.152s][info][gc,heap        ] GC(2224) ParOldGen: 616038K(616448K)->628438K(628736K)
[807.152s][info][gc,metaspace   ] GC(2224) Metaspace: 35647K(36352K)->35647K(36352K) NonClass: 29374K(29888K)->29374K(29888K) Class: 6273K(6464K)->6273K(6464K)
[807.152s][info][gc             ] GC(2224) Pause Young (Allocation Failure) 897M->632M(921M) 63.109ms
[807.152s][info][gc,cpu         ] GC(2224) User=0.11s Sys=0.01s Real=0.06s
[807.261s][info][gc,start       ] GC(2225) Pause Young (Allocation Failure)
[807.267s][info][gc,heap        ] GC(2225) PSYoungGen: 314368K(314368K)->64K(299008K) Eden: 294912K(294912K)->0K(279552K) From: 19456K(19456K)->64K(19456K)
[807.267s][info][gc,heap        ] GC(2225) ParOldGen: 628438K(628736K)->628870K(629248K)
[807.267s][info][gc,metaspace   ] GC(2225) Metaspace: 35647K(36352K)->35647K(36352K) NonClass: 29374K(29888K)->29374K(29888K) Class: 6273K(6464K)->6273K(6464K)
[807.267s][info][gc             ] GC(2225) Pause Young (Allocation Failure) 920M->614M(906M) 5.496ms
[807.267s][info][gc,cpu         ] GC(2225) User=0.01s Sys=0.00s Real=0.01s
[807.957s][info][gc,start       ] GC(2226) Pause Young (Allocation Failure)
[807.959s][info][gc,heap        ] GC(2226) PSYoungGen: 279616K(299008K)->64K(306688K) Eden: 279552K(279552K)->0K(279552K) From: 64K(19456K)->64K(27136K)
[807.959s][info][gc,heap        ] GC(2226) ParOldGen: 628870K(629248K)->628878K(629248K)
[807.959s][info][gc,metaspace   ] GC(2226) Metaspace: 35647K(36352K)->35647K(36352K) NonClass: 29374K(29888K)->29374K(29888K) Class: 6273K(6464K)->6273K(6464K)
[807.959s][info][gc             ] GC(2226) Pause Young (Allocation Failure) 887M->614M(914M) 1.986ms
[807.959s][info][gc,cpu         ] GC(2226) User=0.00s Sys=0.00s Real=0.00s
[808.319s][info][gc,start       ] GC(2227) Pause Young (Allocation Failure)
[808.322s][info][gc,heap        ] GC(2227) PSYoungGen: 279616K(306688K)->64K(303616K) Eden: 279552K(279552K)->0K(280576K) From: 64K(27136K)->64K(23040K)
[808.322s][info][gc,heap        ] GC(2227) ParOldGen: 628878K(629248K)->628886K(629248K)
[808.322s][info][gc,metaspace   ] GC(2227) Metaspace: 35647K(36352K)->35647K(36352K) NonClass: 29374K(29888K)->29374K(29888K) Class: 6273K(6464K)->6273K(6464K)
[808.322s][info][gc             ] GC(2227) Pause Young (Allocation Failure) 887M->614M(911M) 2.315ms
[808.322s][info][gc,cpu         ] GC(2227) User=0.00s Sys=0.00s Real=0.00s
[808.759s][info][gc,start       ] GC(2228) Pause Young (Allocation Failure)
[808.761s][info][gc,heap        ] GC(2228) PSYoungGen: 280640K(303616K)->64K(305664K) Eden: 280576K(280576K)->0K(280576K) From: 64K(23040K)->64K(25088K)
[808.761s][info][gc,heap        ] GC(2228) ParOldGen: 628886K(629248K)->628902K(629248K)
[808.761s][info][gc,metaspace   ] GC(2228) Metaspace: 35647K(36352K)->35647K(36352K) NonClass: 29374K(29888K)->29374K(29888K) Class: 6273K(6464K)->6273K(6464K)
[808.762s][info][gc             ] GC(2228) Pause Young (Allocation Failure) 888M->614M(913M) 2.198ms
[808.762s][info][gc,cpu         ] GC(2228) User=0.00s Sys=0.00s Real=0.00s
[808.984s][info][gc,start       ] GC(2229) Pause Young (Allocation Failure)
[808.986s][info][gc,heap        ] GC(2229) PSYoungGen: 280640K(305664K)->64K(305664K) Eden: 280576K(280576K)->0K(284672K) From: 64K(25088K)->64K(20992K)
[808.986s][info][gc,heap        ] GC(2229) ParOldGen: 628902K(629248K)->628918K(629248K)
[808.986s][info][gc,metaspace   ] GC(2229) Metaspace: 35647K(36352K)->35647K(36352K) NonClass: 29374K(29888K)->29374K(29888K) Class: 6273K(6464K)->6273K(6464K)
[808.986s][info][gc             ] GC(2229) Pause Young (Allocation Failure) 888M->614M(913M) 2.102ms
[808.986s][info][gc,cpu         ] GC(2229) User=0.01s Sys=0.00s Real=0.00s
[809.212s][info][gc,start       ] GC(2230) Pause Young (Allocation Failure)
[809.214s][info][gc,heap        ] GC(2230) PSYoungGen: 284736K(305664K)->64K(307712K) Eden: 284672K(284672K)->0K(284672K) From: 64K(20992K)->64K(23040K)
[809.214s][info][gc,heap        ] GC(2230) ParOldGen: 628918K(629248K)->628918K(629248K)
[809.214s][info][gc,metaspace   ] GC(2230) Metaspace: 35647K(36352K)->35647K(36352K) NonClass: 29374K(29888K)->29374K(29888K) Class: 6273K(6464K)->6273K(6464K)
[809.214s][info][gc             ] GC(2230) Pause Young (Allocation Failure) 892M->614M(915M) 2.074ms
[809.214s][info][gc,cpu         ] GC(2230) User=0.00s Sys=0.00s Real=0.00s
[809.557s][info][gc,start       ] GC(2231) Pause Young (Allocation Failure)
[809.559s][info][gc,heap        ] GC(2231) PSYoungGen: 284736K(307712K)->64K(306688K) Eden: 284672K(284672K)->0K(288768K) From: 64K(23040K)->64K(17920K)
[809.559s][info][gc,heap        ] GC(2231) ParOldGen: 628918K(629248K)->628918K(629248K)
[809.559s][info][gc,metaspace   ] GC(2231) Metaspace: 35647K(36352K)->35647K(36352K) NonClass: 29374K(29888K)->29374K(29888K) Class: 6273K(6464K)->6273K(6464K)
[809.559s][info][gc             ] GC(2231) Pause Young (Allocation Failure) 892M->614M(914M) 2.130ms
[809.559s][info][gc,cpu         ] GC(2231) User=0.00s Sys=0.00s Real=0.00s
[809.612s][info][gc,start       ] GC(2232) Pause Young (Allocation Failure)
[809.614s][info][gc,heap        ] GC(2232) PSYoungGen: 288832K(306688K)->64K(309248K) Eden: 288768K(288768K)->0K(288768K) From: 64K(17920K)->64K(20480K)
[809.614s][info][gc,heap        ] GC(2232) ParOldGen: 628918K(629248K)->628934K(629248K)
[809.614s][info][gc,metaspace   ] GC(2232) Metaspace: 35647K(36352K)->35647K(36352K) NonClass: 29374K(29888K)->29374K(29888K) Class: 6273K(6464K)->6273K(6464K)
[809.614s][info][gc             ] GC(2232) Pause Young (Allocation Failure) 896M->614M(916M) 2.038ms
[809.614s][info][gc,cpu         ] GC(2232) User=0.00s Sys=0.00s Real=0.00s
[809.667s][info][gc,start       ] GC(2233) Pause Young (Allocation Failure)
[809.669s][info][gc,heap        ] GC(2233) PSYoungGen: 288832K(309248K)->64K(310272K) Eden: 288768K(288768K)->0K(293888K) From: 64K(20480K)->64K(16384K)
[809.669s][info][gc,heap        ] GC(2233) ParOldGen: 628934K(629248K)->628934K(629248K)
[809.669s][info][gc,metaspace   ] GC(2233) Metaspace: 35647K(36352K)->35647K(36352K) NonClass: 29374K(29888K)->29374K(29888K) Class: 6273K(6464K)->6273K(6464K)
[809.669s][info][gc             ] GC(2233) Pause Young (Allocation Failure) 896M->614M(917M) 2.048ms
[809.669s][info][gc,cpu         ] GC(2233) User=0.00s Sys=0.00s Real=0.00s
[809.858s][info][gc,start       ] GC(2234) Pause Young (Allocation Failure)
[809.860s][info][gc,heap        ] GC(2234) PSYoungGen: 293952K(310272K)->64K(312320K) Eden: 293888K(293888K)->0K(293888K) From: 64K(16384K)->64K(18432K)
[809.860s][info][gc,heap        ] GC(2234) ParOldGen: 628934K(629248K)->628934K(629248K)
[809.860s][info][gc,metaspace   ] GC(2234) Metaspace: 35647K(36352K)->35647K(36352K) NonClass: 29374K(29888K)->29374K(29888K) Class: 6273K(6464K)->6273K(6464K)
[809.860s][info][gc             ] GC(2234) Pause Young (Allocation Failure) 901M->614M(919M) 2.093ms
[809.860s][info][gc,cpu         ] GC(2234) User=0.00s Sys=0.00s Real=0.00s
[810.073s][info][gc,start       ] GC(2235) Pause Young (Allocation Failure)
[810.074s][info][gc,heap        ] GC(2235) PSYoungGen: 293952K(312320K)->64K(312320K) Eden: 293888K(293888K)->0K(297984K) From: 64K(18432K)->64K(14336K)
[810.075s][info][gc,heap        ] GC(2235) ParOldGen: 628934K(629248K)->628942K(629248K)
[810.075s][info][gc,metaspace   ] GC(2235) Metaspace: 35647K(36352K)->35647K(36352K) NonClass: 29374K(29888K)->29374K(29888K) Class: 6273K(6464K)->6273K(6464K)
[810.075s][info][gc             ] GC(2235) Pause Young (Allocation Failure) 901M->614M(919M) 2.028ms
[810.075s][info][gc,cpu         ] GC(2235) User=0.01s Sys=0.00s Real=0.00s
[810.193s][info][gc,start       ] GC(2236) Pause Young (Allocation Failure)
[810.195s][info][gc,heap        ] GC(2236) PSYoungGen: 298048K(312320K)->64K(314368K) Eden: 297984K(297984K)->0K(297984K) From: 64K(14336K)->64K(16384K)
[810.195s][info][gc,heap        ] GC(2236) ParOldGen: 628942K(629248K)->628950K(629248K)
[810.195s][info][gc,metaspace   ] GC(2236) Metaspace: 35647K(36352K)->35647K(36352K) NonClass: 29374K(29888K)->29374K(29888K) Class: 6273K(6464K)->6273K(6464K)
[810.195s][info][gc             ] GC(2236) Pause Young (Allocation Failure) 905M->614M(921M) 2.021ms
[810.195s][info][gc,cpu         ] GC(2236) User=0.01s Sys=0.00s Real=0.00s
[810.293s][info][gc,start       ] GC(2237) Pause Young (Allocation Failure)
[810.295s][info][gc,heap        ] GC(2237) PSYoungGen: 298048K(314368K)->64K(314368K) Eden: 297984K(297984K)->0K(302080K) From: 64K(16384K)->64K(12288K)
[810.295s][info][gc,heap        ] GC(2237) ParOldGen: 628950K(629248K)->628958K(629248K)
[810.295s][info][gc,metaspace   ] GC(2237) Metaspace: 35647K(36352K)->35647K(36352K) NonClass: 29374K(29888K)->29374K(29888K) Class: 6273K(6464K)->6273K(6464K)
[810.295s][info][gc             ] GC(2237) Pause Young (Allocation Failure) 905M->614M(921M) 2.030ms
[810.295s][info][gc,cpu         ] GC(2237) User=0.01s Sys=0.00s Real=0.00s
[810.484s][info][gc,start       ] GC(2238) Pause Young (Allocation Failure)
[810.486s][info][gc,heap        ] GC(2238) PSYoungGen: 302144K(314368K)->64K(316416K) Eden: 302080K(302080K)->0K(302080K) From: 64K(12288K)->64K(14336K)
[810.486s][info][gc,heap        ] GC(2238) ParOldGen: 628958K(629248K)->628966K(629248K)
[810.486s][info][gc,metaspace   ] GC(2238) Metaspace: 35647K(36352K)->35647K(36352K) NonClass: 29374K(29888K)->29374K(29888K) Class: 6273K(6464K)->6273K(6464K)
[810.486s][info][gc             ] GC(2238) Pause Young (Allocation Failure) 909M->614M(923M) 2.004ms
[810.486s][info][gc,cpu         ] GC(2238) User=0.00s Sys=0.00s Real=0.01s
[811.429s][info][gc,start       ] GC(2239) Pause Young (Allocation Failure)
[811.431s][info][gc,heap        ] GC(2239) PSYoungGen: 302144K(316416K)->83K(317440K) Eden: 302080K(302080K)->0K(306176K) From: 64K(14336K)->83K(11264K)
[811.431s][info][gc,heap        ] GC(2239) ParOldGen: 628966K(629248K)->628974K(629248K)
[811.431s][info][gc,metaspace   ] GC(2239) Metaspace: 35647K(36352K)->35647K(36352K) NonClass: 29374K(29888K)->29374K(29888K) Class: 6273K(6464K)->6273K(6464K)
[811.431s][info][gc             ] GC(2239) Pause Young (Allocation Failure) 909M->614M(924M) 2.115ms
[811.431s][info][gc,cpu         ] GC(2239) User=0.00s Sys=0.00s Real=0.00s
[812.369s][info][gc,start       ] GC(2240) Pause Young (Allocation Failure)
[812.371s][info][gc,heap        ] GC(2240) PSYoungGen: 306259K(317440K)->64K(318976K) Eden: 306176K(306176K)->0K(306176K) From: 83K(11264K)->64K(12800K)
[812.371s][info][gc,heap        ] GC(2240) ParOldGen: 628974K(629248K)->628982K(629248K)
[812.371s][info][gc,metaspace   ] GC(2240) Metaspace: 35654K(36352K)->35654K(36352K) NonClass: 29381K(29888K)->29381K(29888K) Class: 6273K(6464K)->6273K(6464K)
[812.371s][info][gc             ] GC(2240) Pause Young (Allocation Failure) 913M->614M(926M) 1.993ms
[812.371s][info][gc,cpu         ] GC(2240) User=0.01s Sys=0.00s Real=0.00s
[812.795s][info][gc,start       ] GC(2241) Pause Young (Allocation Failure)
[812.797s][info][gc,heap        ] GC(2241) PSYoungGen: 306240K(318976K)->64K(294400K) Eden: 306176K(306176K)->0K(293888K) From: 64K(12800K)->64K(512K)
[812.797s][info][gc,heap        ] GC(2241) ParOldGen: 628982K(629248K)->628990K(629248K)
[812.797s][info][gc,metaspace   ] GC(2241) Metaspace: 35662K(36352K)->35662K(36352K) NonClass: 29389K(29888K)->29389K(29888K) Class: 6273K(6464K)->6273K(6464K)
[812.798s][info][gc             ] GC(2241) Pause Young (Allocation Failure) 913M->614M(902M) 2.345ms
[812.798s][info][gc,cpu         ] GC(2241) User=0.00s Sys=0.00s Real=0.01s
[813.878s][info][gc,start       ] GC(2242) Pause Young (Allocation Failure)
[813.881s][info][gc,heap        ] GC(2242) PSYoungGen: 293952K(294400K)->64K(292864K) Eden: 293888K(293888K)->0K(282112K) From: 64K(512K)->64K(10752K)
[813.881s][info][gc,heap        ] GC(2242) ParOldGen: 628990K(629248K)->628998K(629248K)
[813.881s][info][gc,metaspace   ] GC(2242) Metaspace: 35662K(36352K)->35662K(36352K) NonClass: 29389K(29888K)->29389K(29888K) Class: 6273K(6464K)->6273K(6464K)
[813.881s][info][gc             ] GC(2242) Pause Young (Allocation Failure) 901M->614M(900M) 2.213ms
[813.881s][info][gc,cpu         ] GC(2242) User=0.00s Sys=0.00s Real=0.00s
[814.134s][info][gc,start       ] GC(2243) Pause Young (Allocation Failure)
[814.138s][info][gc,heap        ] GC(2243) PSYoungGen: 282176K(292864K)->64K(271360K) Eden: 282112K(282112K)->0K(270848K) From: 64K(10752K)->64K(512K)
[814.138s][info][gc,heap        ] GC(2243) ParOldGen: 628998K(629248K)->629006K(629248K)
[814.138s][info][gc,metaspace   ] GC(2243) Metaspace: 35662K(36352K)->35662K(36352K) NonClass: 29389K(29888K)->29389K(29888K) Class: 6273K(6464K)->6273K(6464K)
[814.138s][info][gc             ] GC(2243) Pause Young (Allocation Failure) 889M->614M(879M) 4.002ms
[814.138s][info][gc,cpu         ] GC(2243) User=0.00s Sys=0.00s Real=0.01s
[814.514s][info][gc,start       ] GC(2244) Pause Young (Allocation Failure)
[814.518s][info][gc,heap        ] GC(2244) PSYoungGen: 270912K(271360K)->32K(269824K) Eden: 270848K(270848K)->0K(260096K) From: 64K(512K)->32K(9728K)
[814.518s][info][gc,heap        ] GC(2244) ParOldGen: 629006K(629248K)->629014K(629248K)
[814.518s][info][gc,metaspace   ] GC(2244) Metaspace: 35662K(36352K)->35662K(36352K) NonClass: 29389K(29888K)->29389K(29888K) Class: 6273K(6464K)->6273K(6464K)
[814.518s][info][gc             ] GC(2244) Pause Young (Allocation Failure) 878M->614M(878M) 3.672ms
[814.518s][info][gc,cpu         ] GC(2244) User=0.01s Sys=0.00s Real=0.01s
[814.615s][info][gc,start       ] GC(2245) Pause Young (Allocation Failure)
[814.619s][info][gc,heap        ] GC(2245) PSYoungGen: 260128K(269824K)->32K(304128K) Eden: 260096K(260096K)->0K(295424K) From: 32K(9728K)->32K(8704K)
[814.619s][info][gc,heap        ] GC(2245) ParOldGen: 629014K(629248K)->629022K(629248K)
[814.619s][info][gc,metaspace   ] GC(2245) Metaspace: 35662K(36352K)->35662K(36352K) NonClass: 29389K(29888K)->29389K(29888K) Class: 6273K(6464K)->6273K(6464K)
[814.619s][info][gc             ] GC(2245) Pause Young (Allocation Failure) 868M->614M(911M) 3.391ms
[814.619s][info][gc,cpu         ] GC(2245) User=0.01s Sys=0.00s Real=0.01s
[815.273s][info][gc,start       ] GC(2246) Pause Young (Allocation Failure)
[815.275s][info][gc,heap        ] GC(2246) PSYoungGen: 295456K(304128K)->64K(303616K) Eden: 295424K(295424K)->0K(295424K) From: 32K(8704K)->64K(8192K)
[815.275s][info][gc,heap        ] GC(2246) ParOldGen: 629022K(629248K)->629030K(629248K)
[815.275s][info][gc,metaspace   ] GC(2246) Metaspace: 35662K(36352K)->35662K(36352K) NonClass: 29389K(29888K)->29389K(29888K) Class: 6273K(6464K)->6273K(6464K)
[815.275s][info][gc             ] GC(2246) Pause Young (Allocation Failure) 902M->614M(911M) 2.020ms
[815.275s][info][gc,cpu         ] GC(2246) User=0.00s Sys=0.00s Real=0.00s
[815.691s][info][gc,start       ] GC(2247) Pause Young (Allocation Failure)
[815.703s][info][gc,heap        ] GC(2247) PSYoungGen: 295488K(303616K)->5056K(323584K) Eden: 295424K(295424K)->0K(315904K) From: 64K(8192K)->5056K(7680K)
[815.703s][info][gc,heap        ] GC(2247) ParOldGen: 629030K(629248K)->629046K(629248K)
[815.703s][info][gc,metaspace   ] GC(2247) Metaspace: 35662K(36352K)->35662K(36352K) NonClass: 29389K(29888K)->29389K(29888K) Class: 6273K(6464K)->6273K(6464K)
[815.703s][info][gc             ] GC(2247) Pause Young (Allocation Failure) 902M->619M(930M) 11.671ms
[815.703s][info][gc,cpu         ] GC(2247) User=0.03s Sys=0.00s Real=0.01s
[816.062s][info][gc,start       ] GC(2248) Pause Young (Allocation Failure)
[816.135s][info][gc,heap        ] GC(2248) PSYoungGen: 320960K(323584K)->8704K(324608K) Eden: 315904K(315904K)->0K(315904K) From: 5056K(7680K)->8704K(8704K)
[816.135s][info][gc,heap        ] GC(2248) ParOldGen: 629046K(629248K)->654038K(654336K)
[816.135s][info][gc,metaspace   ] GC(2248) Metaspace: 35662K(36352K)->35662K(36352K) NonClass: 29389K(29888K)->29389K(29888K) Class: 6273K(6464K)->6273K(6464K)
[816.135s][info][gc             ] GC(2248) Pause Young (Allocation Failure) 927M->647M(956M) 73.402ms
[816.135s][info][gc,cpu         ] GC(2248) User=0.13s Sys=0.03s Real=0.07s
[816.466s][info][gc,start       ] GC(2249) Pause Young (Allocation Failure)
[816.538s][info][gc,promotion   ] GC(2249) Promotion failed
[816.538s][info][gc,heap        ] GC(2249) PSYoungGen: 324608K(324608K)->324608K(324608K) Eden: 315904K(315904K)->315904K(315904K) From: 8704K(8704K)->8704K(8704K)
[816.538s][info][gc,heap        ] GC(2249) ParOldGen: 654038K(654336K)->667646K(667648K)
[816.538s][info][gc,metaspace   ] GC(2249) Metaspace: 35662K(36352K)->35662K(36352K) NonClass: 29389K(29888K)->29389K(29888K) Class: 6273K(6464K)->6273K(6464K)
[816.538s][info][gc             ] GC(2249) Pause Young (Allocation Failure) 955M->968M(969M) 72.378ms
[816.538s][info][gc,cpu         ] GC(2249) User=0.14s Sys=0.01s Real=0.08s
[816.538s][info][gc,start       ] GC(2250) Pause Full (Allocation Failure)
[816.538s][info][gc,phases,start] GC(2250) Marking Phase
[816.613s][info][gc,phases      ] GC(2250) Marking Phase 74.446ms
[816.613s][info][gc,phases,start] GC(2250) Summary Phase
[816.613s][info][gc,phases      ] GC(2250) Summary Phase 0.029ms
[816.613s][info][gc,phases,start] GC(2250) Forward
[816.628s][info][gc,phases      ] GC(2250) Forward 15.697ms
[816.628s][info][gc,phases,start] GC(2250) Adjust Pointers
[816.666s][info][gc,phases      ] GC(2250) Adjust Pointers 37.235ms
[816.666s][info][gc,phases,start] GC(2250) Compaction Phase
[816.687s][info][gc,phases      ] GC(2250) Compaction Phase 21.095ms
[816.687s][info][gc,phases,start] GC(2250) Post Compact
[816.690s][info][metaspace      ] ChkMgr @0x00007f561403aa80 (non-class-space): : reclaiming memory...
[816.690s][info][metaspace      ] ChkMgr @0x00007f561403aa80 (non-class-space): nothing reclaimed.
[816.690s][info][metaspace      ] ChkMgr @0x00007f561403a890 (class-space): : reclaiming memory...
[816.690s][info][metaspace      ] ChkMgr @0x00007f561403a890 (class-space): nothing reclaimed.
[816.690s][info][gc,phases      ] GC(2250) Post Compact 3.259ms
[816.730s][info][gc,heap        ] GC(2250) PSYoungGen: 324608K(324608K)->0K(303104K) Eden: 315904K(315904K)->0K(293888K) From: 8704K(8704K)->0K(9216K)
[816.730s][info][gc,heap        ] GC(2250) ParOldGen: 667646K(667648K)->88299K(175104K)
[816.730s][info][gc,metaspace   ] GC(2250) Metaspace: 35662K(36352K)->35620K(36352K) NonClass: 29389K(29888K)->29348K(29888K) Class: 6273K(6464K)->6272K(6464K)
[816.730s][info][gc             ] GC(2250) Pause Full (Allocation Failure) 968M->86M(467M) 191.895ms
[816.730s][info][gc,cpu         ] GC(2250) User=0.26s Sys=0.04s Real=0.19s
[816.886s][info][gc,start       ] GC(2251) Pause Young (Allocation Failure)
[816.888s][info][gc,heap        ] GC(2251) PSYoungGen: 293888K(303104K)->64K(313856K) Eden: 293888K(293888K)->0K(293888K) From: 0K(9216K)->64K(19968K)
[816.888s][info][gc,heap        ] GC(2251) ParOldGen: 88299K(175104K)->88299K(175104K)
[816.888s][info][gc,metaspace   ] GC(2251) Metaspace: 35620K(36352K)->35620K(36352K) NonClass: 29348K(29888K)->29348K(29888K) Class: 6272K(6464K)->6272K(6464K)
[816.888s][info][gc             ] GC(2251) Pause Young (Allocation Failure) 373M->86M(477M) 1.665ms
[816.888s][info][gc,cpu         ] GC(2251) User=0.01s Sys=0.00s Real=0.00s
[817.634s][info][gc,start       ] GC(2252) Pause Young (Allocation Failure)
[817.635s][info][gc,heap        ] GC(2252) PSYoungGen: 293952K(313856K)->64K(311808K) Eden: 293888K(293888K)->0K(294912K) From: 64K(19968K)->64K(16896K)
[817.635s][info][gc,heap        ] GC(2252) ParOldGen: 88299K(175104K)->88315K(175104K)
[817.635s][info][gc,metaspace   ] GC(2252) Metaspace: 35620K(36352K)->35620K(36352K) NonClass: 29348K(29888K)->29348K(29888K) Class: 6272K(6464K)->6272K(6464K)
[817.635s][info][gc             ] GC(2252) Pause Young (Allocation Failure) 373M->86M(475M) 0.980ms
[817.635s][info][gc,cpu         ] GC(2252) User=0.00s Sys=0.00s Real=0.00s
[817.940s][info][gc,start       ] GC(2253) Pause Young (Allocation Failure)
[817.941s][info][gc,heap        ] GC(2253) PSYoungGen: 294976K(311808K)->64K(313344K) Eden: 294912K(294912K)->0K(294912K) From: 64K(16896K)->64K(18432K)
[817.941s][info][gc,heap        ] GC(2253) ParOldGen: 88315K(175104K)->88315K(175104K)
[817.941s][info][gc,metaspace   ] GC(2253) Metaspace: 35620K(36352K)->35620K(36352K) NonClass: 29348K(29888K)->29348K(29888K) Class: 6272K(6464K)->6272K(6464K)
[817.941s][info][gc             ] GC(2253) Pause Young (Allocation Failure) 374M->86M(477M) 0.866ms
[817.941s][info][gc,cpu         ] GC(2253) User=0.00s Sys=0.00s Real=0.00s
[818.390s][info][gc,start       ] GC(2254) Pause Young (Allocation Failure)
[818.391s][info][gc,heap        ] GC(2254) PSYoungGen: 294976K(313344K)->64K(312832K) Eden: 294912K(294912K)->0K(297984K) From: 64K(18432K)->64K(14848K)
[818.391s][info][gc,heap        ] GC(2254) ParOldGen: 88315K(175104K)->88331K(175104K)
[818.391s][info][gc,metaspace   ] GC(2254) Metaspace: 35620K(36352K)->35620K(36352K) NonClass: 29348K(29888K)->29348K(29888K) Class: 6272K(6464K)->6272K(6464K)
[818.391s][info][gc             ] GC(2254) Pause Young (Allocation Failure) 374M->86M(476M) 0.955ms
[818.391s][info][gc,cpu         ] GC(2254) User=0.00s Sys=0.00s Real=0.00s
[818.627s][info][gc,start       ] GC(2255) Pause Young (Allocation Failure)
[818.628s][info][gc,heap        ] GC(2255) PSYoungGen: 298048K(312832K)->64K(314368K) Eden: 297984K(297984K)->0K(297984K) From: 64K(14848K)->64K(16384K)
[818.628s][info][gc,heap        ] GC(2255) ParOldGen: 88331K(175104K)->88347K(175104K)
[818.628s][info][gc,metaspace   ] GC(2255) Metaspace: 35620K(36352K)->35620K(36352K) NonClass: 29348K(29888K)->29348K(29888K) Class: 6272K(6464K)->6272K(6464K)
[818.628s][info][gc             ] GC(2255) Pause Young (Allocation Failure) 377M->86M(478M) 0.792ms
[818.628s][info][gc,cpu         ] GC(2255) User=0.01s Sys=0.00s Real=0.00s
[818.976s][info][gc,start       ] GC(2256) Pause Young (Allocation Failure)
[818.977s][info][gc,heap        ] GC(2256) PSYoungGen: 298048K(314368K)->64K(314880K) Eden: 297984K(297984K)->0K(301568K) From: 64K(16384K)->64K(13312K)
[818.977s][info][gc,heap        ] GC(2256) ParOldGen: 88347K(175104K)->88347K(175104K)
[818.977s][info][gc,metaspace   ] GC(2256) Metaspace: 35620K(36352K)->35620K(36352K) NonClass: 29348K(29888K)->29348K(29888K) Class: 6272K(6464K)->6272K(6464K)
[818.977s][info][gc             ] GC(2256) Pause Young (Allocation Failure) 377M->86M(478M) 0.778ms
[818.977s][info][gc,cpu         ] GC(2256) User=0.00s Sys=0.00s Real=0.00s
[819.150s][info][gc,start       ] GC(2257) Pause Young (Allocation Failure)
[819.150s][info][gc,heap        ] GC(2257) PSYoungGen: 301632K(314880K)->64K(316416K) Eden: 301568K(301568K)->0K(301568K) From: 64K(13312K)->64K(14848K)
[819.150s][info][gc,heap        ] GC(2257) ParOldGen: 88347K(175104K)->88355K(175104K)
[819.150s][info][gc,metaspace   ] GC(2257) Metaspace: 35620K(36352K)->35620K(36352K) NonClass: 29348K(29888K)->29348K(29888K) Class: 6272K(6464K)->6272K(6464K)
[819.150s][info][gc             ] GC(2257) Pause Young (Allocation Failure) 380M->86M(480M) 0.766ms
[819.150s][info][gc,cpu         ] GC(2257) User=0.00s Sys=0.00s Real=0.00s
[819.205s][info][gc,start       ] GC(2258) Pause Young (Allocation Failure)
[819.206s][info][gc,heap        ] GC(2258) PSYoungGen: 301632K(316416K)->64K(317440K) Eden: 301568K(301568K)->0K(305152K) From: 64K(14848K)->64K(12288K)
[819.206s][info][gc,heap        ] GC(2258) ParOldGen: 88355K(175104K)->88371K(175104K)
[819.206s][info][gc,metaspace   ] GC(2258) Metaspace: 35620K(36352K)->35620K(36352K) NonClass: 29348K(29888K)->29348K(29888K) Class: 6272K(6464K)->6272K(6464K)
[819.206s][info][gc             ] GC(2258) Pause Young (Allocation Failure) 380M->86M(481M) 0.751ms
[819.206s][info][gc,cpu         ] GC(2258) User=0.00s Sys=0.00s Real=0.01s
[819.315s][info][gc,start       ] GC(2259) Pause Young (Allocation Failure)
[819.315s][info][gc,heap        ] GC(2259) PSYoungGen: 305216K(317440K)->64K(318464K) Eden: 305152K(305152K)->0K(305152K) From: 64K(12288K)->64K(13312K)
[819.315s][info][gc,heap        ] GC(2259) ParOldGen: 88371K(175104K)->88371K(175104K)
[819.315s][info][gc,metaspace   ] GC(2259) Metaspace: 35620K(36352K)->35620K(36352K) NonClass: 29348K(29888K)->29348K(29888K) Class: 6272K(6464K)->6272K(6464K)
[819.315s][info][gc             ] GC(2259) Pause Young (Allocation Failure) 384M->86M(482M) 0.793ms
[819.315s][info][gc,cpu         ] GC(2259) User=0.00s Sys=0.00s Real=0.00s
[819.537s][info][gc,start       ] GC(2260) Pause Young (Allocation Failure)
[819.539s][info][gc,heap        ] GC(2260) PSYoungGen: 305216K(318464K)->64K(293376K) Eden: 305152K(305152K)->0K(292864K) From: 64K(13312K)->64K(512K)
[819.539s][info][gc,heap        ] GC(2260) ParOldGen: 88371K(175104K)->88379K(175104K)
[819.539s][info][gc,metaspace   ] GC(2260) Metaspace: 35620K(36352K)->35620K(36352K) NonClass: 29348K(29888K)->29348K(29888K) Class: 6272K(6464K)->6272K(6464K)
[819.539s][info][gc             ] GC(2260) Pause Young (Allocation Failure) 384M->86M(457M) 1.708ms
[819.539s][info][gc,cpu         ] GC(2260) User=0.00s Sys=0.00s Real=0.00s
[819.715s][info][gc,start       ] GC(2261) Pause Young (Allocation Failure)
[819.716s][info][gc,heap        ] GC(2261) PSYoungGen: 292928K(293376K)->64K(292864K) Eden: 292864K(292864K)->0K(281088K) From: 64K(512K)->64K(11776K)
[819.716s][info][gc,heap        ] GC(2261) ParOldGen: 88379K(175104K)->88387K(175104K)
[819.716s][info][gc,metaspace   ] GC(2261) Metaspace: 35620K(36352K)->35620K(36352K) NonClass: 29348K(29888K)->29348K(29888K) Class: 6272K(6464K)->6272K(6464K)
[819.716s][info][gc             ] GC(2261) Pause Young (Allocation Failure) 372M->86M(457M) 0.755ms
[819.716s][info][gc,cpu         ] GC(2261) User=0.01s Sys=0.00s Real=0.00s
[819.792s][info][gc,start       ] GC(2262) Pause Young (Allocation Failure)
[819.794s][info][gc,heap        ] GC(2262) PSYoungGen: 281152K(292864K)->64K(270848K) Eden: 281088K(281088K)->0K(270336K) From: 64K(11776K)->64K(512K)
[819.794s][info][gc,heap        ] GC(2262) ParOldGen: 88387K(175104K)->88403K(175104K)
[819.794s][info][gc,metaspace   ] GC(2262) Metaspace: 35620K(36352K)->35620K(36352K) NonClass: 29348K(29888K)->29348K(29888K) Class: 6272K(6464K)->6272K(6464K)
[819.794s][info][gc             ] GC(2262) Pause Young (Allocation Failure) 360M->86M(435M) 1.824ms
[819.794s][info][gc,cpu         ] GC(2262) User=0.00s Sys=0.00s Real=0.00s
[819.914s][info][gc,start       ] GC(2263) Pause Young (Allocation Failure)
[819.915s][info][gc,heap        ] GC(2263) PSYoungGen: 270400K(270848K)->64K(270336K) Eden: 270336K(270336K)->0K(260096K) From: 64K(512K)->64K(10240K)
[819.915s][info][gc,heap        ] GC(2263) ParOldGen: 88403K(175104K)->88403K(175104K)
[819.915s][info][gc,metaspace   ] GC(2263) Metaspace: 35620K(36352K)->35620K(36352K) NonClass: 29348K(29888K)->29348K(29888K) Class: 6272K(6464K)->6272K(6464K)
[819.915s][info][gc             ] GC(2263) Pause Young (Allocation Failure) 350M->86M(435M) 0.732ms
[819.915s][info][gc,cpu         ] GC(2263) User=0.00s Sys=0.00s Real=0.00s
[820.264s][info][gc,start       ] GC(2264) Pause Young (Allocation Failure)
[820.266s][info][gc,heap        ] GC(2264) PSYoungGen: 260160K(270336K)->64K(250880K) Eden: 260096K(260096K)->0K(250368K) From: 64K(10240K)->64K(512K)
[820.266s][info][gc,heap        ] GC(2264) ParOldGen: 88403K(175104K)->88411K(175104K)
[820.266s][info][gc,metaspace   ] GC(2264) Metaspace: 35620K(36352K)->35620K(36352K) NonClass: 29348K(29888K)->29348K(29888K) Class: 6272K(6464K)->6272K(6464K)
[820.266s][info][gc             ] GC(2264) Pause Young (Allocation Failure) 340M->86M(416M) 1.700ms
[820.266s][info][gc,cpu         ] GC(2264) User=0.00s Sys=0.00s Real=0.01s
[820.993s][info][gc,start       ] GC(2265) Pause Young (Allocation Failure)
[820.994s][info][gc,heap        ] GC(2265) PSYoungGen: 250432K(250880K)->99K(249856K) Eden: 250368K(250368K)->0K(240640K) From: 64K(512K)->99K(9216K)
[820.994s][info][gc,heap        ] GC(2265) ParOldGen: 88411K(175104K)->88427K(175104K)
[820.994s][info][gc,metaspace   ] GC(2265) Metaspace: 35620K(36352K)->35620K(36352K) NonClass: 29348K(29888K)->29348K(29888K) Class: 6272K(6464K)->6272K(6464K)
[820.994s][info][gc             ] GC(2265) Pause Young (Allocation Failure) 330M->86M(415M) 1.262ms
[820.994s][info][gc,cpu         ] GC(2265) User=0.00s Sys=0.00s Real=0.00s
[821.896s][info][gc,start       ] GC(2266) Pause Young (Allocation Failure)
[821.898s][info][gc,heap        ] GC(2266) PSYoungGen: 240739K(249856K)->64K(231936K) Eden: 240640K(240640K)->0K(231424K) From: 99K(9216K)->64K(512K)
[821.898s][info][gc,heap        ] GC(2266) ParOldGen: 88427K(175104K)->88435K(175104K)
[821.898s][info][gc,metaspace   ] GC(2266) Metaspace: 35620K(36352K)->35620K(36352K) NonClass: 29348K(29888K)->29348K(29888K) Class: 6272K(6464K)->6272K(6464K)
[821.898s][info][gc             ] GC(2266) Pause Young (Allocation Failure) 321M->86M(397M) 2.214ms
[821.898s][info][gc,cpu         ] GC(2266) User=0.01s Sys=0.00s Real=0.00s
[822.111s][info][gc,start       ] GC(2267) Pause Young (Allocation Failure)
[822.112s][info][gc,heap        ] GC(2267) PSYoungGen: 231488K(231936K)->64K(230400K) Eden: 231424K(231424K)->0K(222720K) From: 64K(512K)->64K(7680K)
[822.112s][info][gc,heap        ] GC(2267) ParOldGen: 88435K(175104K)->88451K(175104K)
[822.112s][info][gc,metaspace   ] GC(2267) Metaspace: 35620K(36352K)->35620K(36352K) NonClass: 29348K(29888K)->29348K(29888K) Class: 6272K(6464K)->6272K(6464K)
[822.112s][info][gc             ] GC(2267) Pause Young (Allocation Failure) 312M->86M(396M) 1.209ms
[822.112s][info][gc,cpu         ] GC(2267) User=0.00s Sys=0.00s Real=0.00s
[822.500s][info][gc,start       ] GC(2268) Pause Young (Allocation Failure)
[822.502s][info][gc,heap        ] GC(2268) PSYoungGen: 222784K(230400K)->64K(215040K) Eden: 222720K(222720K)->0K(214528K) From: 64K(7680K)->64K(512K)
[822.502s][info][gc,heap        ] GC(2268) ParOldGen: 88451K(175104K)->88467K(175104K)
[822.502s][info][gc,metaspace   ] GC(2268) Metaspace: 35620K(36352K)->35620K(36352K) NonClass: 29348K(29888K)->29348K(29888K) Class: 6272K(6464K)->6272K(6464K)
[822.502s][info][gc             ] GC(2268) Pause Young (Allocation Failure) 303M->86M(381M) 1.914ms
[822.502s][info][gc,cpu         ] GC(2268) User=0.00s Sys=0.00s Real=0.00s
[823.454s][info][gc,start       ] GC(2269) Pause Young (Allocation Failure)
[823.455s][info][gc,heap        ] GC(2269) PSYoungGen: 214592K(215040K)->64K(213504K) Eden: 214528K(214528K)->0K(206848K) From: 64K(512K)->64K(6656K)
[823.455s][info][gc,heap        ] GC(2269) ParOldGen: 88467K(175104K)->88483K(175104K)
[823.455s][info][gc,metaspace   ] GC(2269) Metaspace: 35620K(36352K)->35620K(36352K) NonClass: 29348K(29888K)->29348K(29888K) Class: 6272K(6464K)->6272K(6464K)
[823.455s][info][gc             ] GC(2269) Pause Young (Allocation Failure) 295M->86M(379M) 1.216ms
[823.455s][info][gc,cpu         ] GC(2269) User=0.00s Sys=0.00s Real=0.00s
[823.650s][info][gc,start       ] GC(2270) Pause Young (Allocation Failure)
[823.652s][info][gc,heap        ] GC(2270) PSYoungGen: 206912K(213504K)->64K(199680K) Eden: 206848K(206848K)->0K(199168K) From: 64K(6656K)->64K(512K)
[823.652s][info][gc,heap        ] GC(2270) ParOldGen: 88483K(175104K)->88499K(175104K)
[823.652s][info][gc,metaspace   ] GC(2270) Metaspace: 35620K(36352K)->35620K(36352K) NonClass: 29348K(29888K)->29348K(29888K) Class: 6272K(6464K)->6272K(6464K)
[823.652s][info][gc             ] GC(2270) Pause Young (Allocation Failure) 288M->86M(366M) 1.707ms
[823.652s][info][gc,cpu         ] GC(2270) User=0.00s Sys=0.00s Real=0.00s
[823.962s][info][gc,start       ] GC(2271) Pause Young (Allocation Failure)
[823.964s][info][gc,heap        ] GC(2271) PSYoungGen: 199232K(199680K)->32K(198144K) Eden: 199168K(199168K)->0K(192000K) From: 64K(512K)->32K(6144K)
[823.964s][info][gc,heap        ] GC(2271) ParOldGen: 88499K(175104K)->88507K(175104K)
[823.964s][info][gc,metaspace   ] GC(2271) Metaspace: 35620K(36352K)->35620K(36352K) NonClass: 29348K(29888K)->29348K(29888K) Class: 6272K(6464K)->6272K(6464K)
[823.964s][info][gc             ] GC(2271) Pause Young (Allocation Failure) 280M->86M(364M) 1.360ms
[823.964s][info][gc,cpu         ] GC(2271) User=0.00s Sys=0.00s Real=0.00s
[824.090s][info][gc,start       ] GC(2272) Pause Young (Allocation Failure)
[824.092s][info][gc,heap        ] GC(2272) PSYoungGen: 192032K(198144K)->64K(185856K) Eden: 192000K(192000K)->0K(185344K) From: 32K(6144K)->64K(512K)
[824.092s][info][gc,heap        ] GC(2272) ParOldGen: 88507K(175104K)->88523K(175104K)
[824.092s][info][gc,metaspace   ] GC(2272) Metaspace: 35620K(36352K)->35620K(36352K) NonClass: 29348K(29888K)->29348K(29888K) Class: 6272K(6464K)->6272K(6464K)
[824.092s][info][gc             ] GC(2272) Pause Young (Allocation Failure) 273M->86M(352M) 1.747ms
[824.092s][info][gc,cpu         ] GC(2272) User=0.00s Sys=0.00s Real=0.00s
[824.167s][info][gc,start       ] GC(2273) Pause Young (Allocation Failure)
[824.168s][info][gc,heap        ] GC(2273) PSYoungGen: 185408K(185856K)->64K(183808K) Eden: 185344K(185344K)->0K(178688K) From: 64K(512K)->64K(5120K)
[824.168s][info][gc,heap        ] GC(2273) ParOldGen: 88523K(175104K)->88539K(175104K)
[824.168s][info][gc,metaspace   ] GC(2273) Metaspace: 35620K(36352K)->35620K(36352K) NonClass: 29348K(29888K)->29348K(29888K) Class: 6272K(6464K)->6272K(6464K)
[824.168s][info][gc             ] GC(2273) Pause Young (Allocation Failure) 267M->86M(350M) 1.244ms
[824.168s][info][gc,cpu         ] GC(2273) User=0.00s Sys=0.00s Real=0.00s
[824.619s][info][gc,start       ] GC(2274) Pause Young (Allocation Failure)
[824.620s][info][gc,heap        ] GC(2274) PSYoungGen: 178752K(183808K)->64K(173056K) Eden: 178688K(178688K)->0K(172544K) From: 64K(5120K)->64K(512K)
[824.620s][info][gc,heap        ] GC(2274) ParOldGen: 88539K(175104K)->88555K(175104K)
[824.620s][info][gc,metaspace   ] GC(2274) Metaspace: 35620K(36352K)->35620K(36352K) NonClass: 29348K(29888K)->29348K(29888K) Class: 6272K(6464K)->6272K(6464K)
[824.620s][info][gc             ] GC(2274) Pause Young (Allocation Failure) 261M->86M(340M) 1.699ms
[824.620s][info][gc,cpu         ] GC(2274) User=0.00s Sys=0.00s Real=0.00s
[824.845s][info][gc,start       ] GC(2275) Pause Young (Allocation Failure)
[824.846s][info][gc,heap        ] GC(2275) PSYoungGen: 172608K(173056K)->64K(171520K) Eden: 172544K(172544K)->0K(166912K) From: 64K(512K)->64K(4608K)
[824.846s][info][gc,heap        ] GC(2275) ParOldGen: 88555K(175104K)->88571K(175104K)
[824.846s][info][gc,metaspace   ] GC(2275) Metaspace: 35620K(36352K)->35620K(36352K) NonClass: 29348K(29888K)->29348K(29888K) Class: 6272K(6464K)->6272K(6464K)
[824.846s][info][gc             ] GC(2275) Pause Young (Allocation Failure) 255M->86M(338M) 1.298ms
[824.846s][info][gc,cpu         ] GC(2275) User=0.00s Sys=0.00s Real=0.01s
[825.115s][info][gc,start       ] GC(2276) Pause Young (Allocation Failure)
[825.117s][info][gc,heap        ] GC(2276) PSYoungGen: 166976K(171520K)->64K(161792K) Eden: 166912K(166912K)->0K(161280K) From: 64K(4608K)->64K(512K)
[825.117s][info][gc,heap        ] GC(2276) ParOldGen: 88571K(175104K)->88587K(175104K)
[825.117s][info][gc,metaspace   ] GC(2276) Metaspace: 35620K(36352K)->35620K(36352K) NonClass: 29348K(29888K)->29348K(29888K) Class: 6272K(6464K)->6272K(6464K)
[825.117s][info][gc             ] GC(2276) Pause Young (Allocation Failure) 249M->86M(329M) 1.824ms
[825.117s][info][gc,cpu         ] GC(2276) User=0.00s Sys=0.00s Real=0.01s
[825.345s][info][gc,start       ] GC(2277) Pause Young (Allocation Failure)
[825.374s][info][gc,heap        ] GC(2277) PSYoungGen: 161344K(161792K)->3584K(196096K) Eden: 161280K(161280K)->0K(192512K) From: 64K(512K)->3584K(3584K)
[825.374s][info][gc,heap        ] GC(2277) ParOldGen: 88587K(175104K)->98667K(175104K)
[825.374s][info][gc,metaspace   ] GC(2277) Metaspace: 35620K(36352K)->35620K(36352K) NonClass: 29348K(29888K)->29348K(29888K) Class: 6272K(6464K)->6272K(6464K)
[825.374s][info][gc             ] GC(2277) Pause Young (Allocation Failure) 244M->99M(362M) 28.132ms
[825.374s][info][gc,cpu         ] GC(2277) User=0.04s Sys=0.00s Real=0.03s
[825.590s][info][gc,start       ] GC(2278) Pause Young (Allocation Failure)
[825.627s][info][gc,heap        ] GC(2278) PSYoungGen: 196096K(196096K)->3584K(234496K) Eden: 192512K(192512K)->0K(230912K) From: 3584K(3584K)->3584K(3584K)
[825.627s][info][gc,heap        ] GC(2278) ParOldGen: 98667K(175104K)->115995K(175104K)
[825.627s][info][gc,metaspace   ] GC(2278) Metaspace: 35620K(36352K)->35620K(36352K) NonClass: 29348K(29888K)->29348K(29888K) Class: 6272K(6464K)->6272K(6464K)
[825.627s][info][gc             ] GC(2278) Pause Young (Allocation Failure) 287M->116M(400M) 36.769ms
[825.627s][info][gc,cpu         ] GC(2278) User=0.08s Sys=0.00s Real=0.04s
[825.888s][info][gc,start       ] GC(2279) Pause Young (Allocation Failure)
[825.932s][info][gc,heap        ] GC(2279) PSYoungGen: 234496K(234496K)->14848K(253952K) Eden: 230912K(230912K)->0K(239104K) From: 3584K(3584K)->14848K(14848K)
[825.932s][info][gc,heap        ] GC(2279) ParOldGen: 115995K(175104K)->126387K(175104K)
[825.932s][info][gc,metaspace   ] GC(2279) Metaspace: 35620K(36352K)->35620K(36352K) NonClass: 29348K(29888K)->29348K(29888K) Class: 6272K(6464K)->6272K(6464K)
[825.932s][info][gc             ] GC(2279) Pause Young (Allocation Failure) 342M->137M(419M) 43.851ms
[825.932s][info][gc,cpu         ] GC(2279) User=0.08s Sys=0.00s Real=0.04s
[826.081s][info][gc,start       ] GC(2280) Pause Young (Allocation Failure)
[826.105s][info][gc,heap        ] GC(2280) PSYoungGen: 253952K(253952K)->10176K(299008K) Eden: 239104K(239104K)->0K(276992K) From: 14848K(14848K)->10176K(22016K)
[826.105s][info][gc,heap        ] GC(2280) ParOldGen: 126387K(175104K)->126755K(175104K)
[826.105s][info][gc,metaspace   ] GC(2280) Metaspace: 35620K(36352K)->35620K(36352K) NonClass: 29348K(29888K)->29348K(29888K) Class: 6272K(6464K)->6272K(6464K)
[826.105s][info][gc             ] GC(2280) Pause Young (Allocation Failure) 371M->133M(463M) 24.034ms
[826.105s][info][gc,cpu         ] GC(2280) User=0.04s Sys=0.01s Real=0.02s
[826.471s][info][gc,start       ] GC(2281) Pause Young (Allocation Failure)
[826.472s][info][gc,heap        ] GC(2281) PSYoungGen: 287168K(299008K)->64K(299008K) Eden: 276992K(276992K)->0K(276992K) From: 10176K(22016K)->64K(22016K)
[826.472s][info][gc,heap        ] GC(2281) ParOldGen: 126755K(175104K)->126763K(175104K)
[826.472s][info][gc,metaspace   ] GC(2281) Metaspace: 35620K(36352K)->35620K(36352K) NonClass: 29348K(29888K)->29348K(29888K) Class: 6272K(6464K)->6272K(6464K)
[826.472s][info][gc             ] GC(2281) Pause Young (Allocation Failure) 404M->123M(463M) 0.847ms
[826.472s][info][gc,cpu         ] GC(2281) User=0.00s Sys=0.00s Real=0.00s
[827.093s][info][gc,start       ] GC(2282) Pause Young (Allocation Failure)
[827.094s][info][gc,heap        ] GC(2282) PSYoungGen: 277056K(299008K)->64K(310272K) Eden: 276992K(276992K)->0K(290304K) From: 64K(22016K)->64K(19968K)
[827.094s][info][gc,heap        ] GC(2282) ParOldGen: 126763K(175104K)->126771K(175104K)
[827.094s][info][gc,metaspace   ] GC(2282) Metaspace: 35620K(36352K)->35620K(36352K) NonClass: 29348K(29888K)->29348K(29888K) Class: 6272K(6464K)->6272K(6464K)
[827.094s][info][gc             ] GC(2282) Pause Young (Allocation Failure) 394M->123M(474M) 0.960ms
[827.094s][info][gc,cpu         ] GC(2282) User=0.00s Sys=0.00s Real=0.00s
[827.565s][info][gc,start       ] GC(2283) Pause Young (Allocation Failure)
[827.566s][info][gc,heap        ] GC(2283) PSYoungGen: 290368K(310272K)->64K(310784K) Eden: 290304K(290304K)->0K(290304K) From: 64K(19968K)->64K(20480K)
[827.566s][info][gc,heap        ] GC(2283) ParOldGen: 126771K(175104K)->126787K(175104K)
[827.566s][info][gc,metaspace   ] GC(2283) Metaspace: 35620K(36352K)->35620K(36352K) NonClass: 29348K(29888K)->29348K(29888K) Class: 6272K(6464K)->6272K(6464K)
[827.566s][info][gc             ] GC(2283) Pause Young (Allocation Failure) 407M->123M(474M) 0.878ms
[827.566s][info][gc,cpu         ] GC(2283) User=0.00s Sys=0.00s Real=0.00s
[827.795s][info][gc,start       ] GC(2284) Pause Young (Allocation Failure)
[827.796s][info][gc,heap        ] GC(2284) PSYoungGen: 290368K(310784K)->32K(312320K) Eden: 290304K(290304K)->0K(293376K) From: 64K(20480K)->32K(18944K)
[827.796s][info][gc,heap        ] GC(2284) ParOldGen: 126787K(175104K)->126803K(175104K)
[827.796s][info][gc,metaspace   ] GC(2284) Metaspace: 35620K(36352K)->35620K(36352K) NonClass: 29348K(29888K)->29348K(29888K) Class: 6272K(6464K)->6272K(6464K)
[827.796s][info][gc             ] GC(2284) Pause Young (Allocation Failure) 407M->123M(476M) 1.004ms
[827.796s][info][gc,cpu         ] GC(2284) User=0.00s Sys=0.00s Real=0.01s
[828.031s][info][gc,start       ] GC(2285) Pause Young (Allocation Failure)
[828.032s][info][gc,heap        ] GC(2285) PSYoungGen: 293408K(312320K)->64K(312832K) Eden: 293376K(293376K)->0K(293376K) From: 32K(18944K)->64K(19456K)
[828.032s][info][gc,heap        ] GC(2285) ParOldGen: 126803K(175104K)->126803K(175104K)
[828.032s][info][gc,metaspace   ] GC(2285) Metaspace: 35620K(36352K)->35620K(36352K) NonClass: 29348K(29888K)->29348K(29888K) Class: 6272K(6464K)->6272K(6464K)
[828.032s][info][gc             ] GC(2285) Pause Young (Allocation Failure) 410M->123M(476M) 0.843ms
[828.032s][info][gc,cpu         ] GC(2285) User=0.00s Sys=0.00s Real=0.00s
[828.388s][info][gc,start       ] GC(2286) Pause Young (Allocation Failure)
[828.389s][info][gc,heap        ] GC(2286) PSYoungGen: 293440K(312832K)->64K(312832K) Eden: 293376K(293376K)->0K(295936K) From: 64K(19456K)->64K(16896K)
[828.389s][info][gc,heap        ] GC(2286) ParOldGen: 126803K(175104K)->126803K(175104K)
[828.389s][info][gc,metaspace   ] GC(2286) Metaspace: 35620K(36352K)->35620K(36352K) NonClass: 29348K(29888K)->29348K(29888K) Class: 6272K(6464K)->6272K(6464K)
[828.389s][info][gc             ] GC(2286) Pause Young (Allocation Failure) 410M->123M(476M) 0.853ms
[828.389s][info][gc,cpu         ] GC(2286) User=0.00s Sys=0.00s Real=0.00s
[828.513s][info][gc,start       ] GC(2287) Pause Young (Allocation Failure)
[828.514s][info][gc,heap        ] GC(2287) PSYoungGen: 296000K(312832K)->64K(313344K) Eden: 295936K(295936K)->0K(295936K) From: 64K(16896K)->64K(17408K)
[828.514s][info][gc,heap        ] GC(2287) ParOldGen: 126803K(175104K)->126811K(175104K)
[828.514s][info][gc,metaspace   ] GC(2287) Metaspace: 35620K(36352K)->35620K(36352K) NonClass: 29348K(29888K)->29348K(29888K) Class: 6272K(6464K)->6272K(6464K)
[828.514s][info][gc             ] GC(2287) Pause Young (Allocation Failure) 412M->123M(477M) 0.870ms
[828.514s][info][gc,cpu         ] GC(2287) User=0.00s Sys=0.00s Real=0.00s
[828.568s][info][gc,start       ] GC(2288) Pause Young (Allocation Failure)
[828.569s][info][gc,heap        ] GC(2288) PSYoungGen: 296000K(313344K)->64K(314368K) Eden: 295936K(295936K)->0K(299520K) From: 64K(17408K)->64K(14848K)
[828.569s][info][gc,heap        ] GC(2288) ParOldGen: 126811K(175104K)->126827K(175104K)
[828.569s][info][gc,metaspace   ] GC(2288) Metaspace: 35620K(36352K)->35620K(36352K) NonClass: 29348K(29888K)->29348K(29888K) Class: 6272K(6464K)->6272K(6464K)
[828.569s][info][gc             ] GC(2288) Pause Young (Allocation Failure) 412M->123M(478M) 0.943ms
[828.569s][info][gc,cpu         ] GC(2288) User=0.01s Sys=0.00s Real=0.00s
[828.703s][info][gc,start       ] GC(2289) Pause Young (Allocation Failure)
[828.704s][info][gc,heap        ] GC(2289) PSYoungGen: 299584K(314368K)->64K(315392K) Eden: 299520K(299520K)->0K(299520K) From: 64K(14848K)->64K(15872K)
[828.704s][info][gc,heap        ] GC(2289) ParOldGen: 126827K(175104K)->126827K(175104K)
[828.704s][info][gc,metaspace   ] GC(2289) Metaspace: 35620K(36352K)->35620K(36352K) NonClass: 29348K(29888K)->29348K(29888K) Class: 6272K(6464K)->6272K(6464K)
[828.704s][info][gc             ] GC(2289) Pause Young (Allocation Failure) 416M->123M(479M) 0.911ms
[828.704s][info][gc,cpu         ] GC(2289) User=0.00s Sys=0.00s Real=0.00s
[828.921s][info][gc,start       ] GC(2290) Pause Young (Allocation Failure)
[828.922s][info][gc,heap        ] GC(2290) PSYoungGen: 299584K(315392K)->64K(316928K) Eden: 299520K(299520K)->0K(303104K) From: 64K(15872K)->64K(13824K)
[828.922s][info][gc,heap        ] GC(2290) ParOldGen: 126827K(175104K)->126835K(175104K)
[828.922s][info][gc,metaspace   ] GC(2290) Metaspace: 35620K(36352K)->35620K(36352K) NonClass: 29348K(29888K)->29348K(29888K) Class: 6272K(6464K)->6272K(6464K)
[828.922s][info][gc             ] GC(2290) Pause Young (Allocation Failure) 416M->123M(480M) 0.920ms
[828.922s][info][gc,cpu         ] GC(2290) User=0.01s Sys=0.00s Real=0.00s
[829.088s][info][gc,start       ] GC(2291) Pause Young (Allocation Failure)
[829.089s][info][gc,heap        ] GC(2291) PSYoungGen: 303168K(316928K)->64K(291840K) Eden: 303104K(303104K)->0K(291328K) From: 64K(13824K)->64K(512K)
[829.089s][info][gc,heap        ] GC(2291) ParOldGen: 126835K(175104K)->126843K(175104K)
[829.089s][info][gc,metaspace   ] GC(2291) Metaspace: 35620K(36352K)->35620K(36352K) NonClass: 29348K(29888K)->29348K(29888K) Class: 6272K(6464K)->6272K(6464K)
[829.089s][info][gc             ] GC(2291) Pause Young (Allocation Failure) 419M->123M(456M) 0.873ms
[829.089s][info][gc,cpu         ] GC(2291) User=0.00s Sys=0.00s Real=0.00s
[829.168s][info][gc,start       ] GC(2292) Pause Young (Allocation Failure)
[829.169s][info][gc,heap        ] GC(2292) PSYoungGen: 291392K(291840K)->64K(280576K) Eden: 291328K(291328K)->0K(280064K) From: 64K(512K)->64K(512K)
[829.169s][info][gc,heap        ] GC(2292) ParOldGen: 126843K(175104K)->126859K(175104K)
[829.169s][info][gc,metaspace   ] GC(2292) Metaspace: 35620K(36352K)->35620K(36352K) NonClass: 29348K(29888K)->29348K(29888K) Class: 6272K(6464K)->6272K(6464K)
[829.169s][info][gc             ] GC(2292) Pause Young (Allocation Failure) 408M->123M(445M) 1.187ms
[829.169s][info][gc,cpu         ] GC(2292) User=0.00s Sys=0.00s Real=0.00s
[829.316s][info][gc,start       ] GC(2293) Pause Young (Allocation Failure)
[829.317s][info][gc,heap        ] GC(2293) PSYoungGen: 280128K(280576K)->64K(282112K) Eden: 280064K(280064K)->0K(269312K) From: 64K(512K)->64K(12800K)
[829.317s][info][gc,heap        ] GC(2293) ParOldGen: 126859K(175104K)->126859K(175104K)
[829.317s][info][gc,metaspace   ] GC(2293) Metaspace: 35620K(36352K)->35620K(36352K) NonClass: 29348K(29888K)->29348K(29888K) Class: 6272K(6464K)->6272K(6464K)
[829.317s][info][gc             ] GC(2293) Pause Young (Allocation Failure) 397M->123M(446M) 0.786ms
[829.317s][info][gc,cpu         ] GC(2293) User=0.00s Sys=0.00s Real=0.00s
[829.713s][info][gc,start       ] GC(2294) Pause Young (Allocation Failure)
[829.715s][info][gc,heap        ] GC(2294) PSYoungGen: 269376K(282112K)->64K(259584K) Eden: 269312K(269312K)->0K(259072K) From: 64K(12800K)->64K(512K)
[829.715s][info][gc,heap        ] GC(2294) ParOldGen: 126859K(175104K)->126867K(175104K)
[829.715s][info][gc,metaspace   ] GC(2294) Metaspace: 35620K(36352K)->35620K(36352K) NonClass: 29348K(29888K)->29348K(29888K) Class: 6272K(6464K)->6272K(6464K)
[829.715s][info][gc             ] GC(2294) Pause Young (Allocation Failure) 386M->123M(424M) 2.010ms
[829.715s][info][gc,cpu         ] GC(2294) User=0.00s Sys=0.00s Real=0.00s
[830.363s][info][gc,start       ] GC(2295) Pause Young (Allocation Failure)
[830.364s][info][gc,heap        ] GC(2295) PSYoungGen: 259136K(259584K)->64K(260608K) Eden: 259072K(259072K)->0K(249344K) From: 64K(512K)->64K(11264K)
[830.365s][info][gc,heap        ] GC(2295) ParOldGen: 126867K(175104K)->126875K(175104K)
[830.365s][info][gc,metaspace   ] GC(2295) Metaspace: 35620K(36352K)->35620K(36352K) NonClass: 29348K(29888K)->29348K(29888K) Class: 6272K(6464K)->6272K(6464K)
[830.365s][info][gc             ] GC(2295) Pause Young (Allocation Failure) 376M->123M(425M) 1.438ms
[830.365s][info][gc,cpu         ] GC(2295) User=0.00s Sys=0.00s Real=0.00s
[831.308s][info][gc,start       ] GC(2296) Pause Young (Allocation Failure)
[831.310s][info][gc,heap        ] GC(2296) PSYoungGen: 249408K(260608K)->64K(240640K) Eden: 249344K(249344K)->0K(240128K) From: 64K(11264K)->64K(512K)
[831.310s][info][gc,heap        ] GC(2296) ParOldGen: 126875K(175104K)->126891K(175104K)
[831.310s][info][gc,metaspace   ] GC(2296) Metaspace: 35620K(36352K)->35620K(36352K) NonClass: 29348K(29888K)->29348K(29888K) Class: 6272K(6464K)->6272K(6464K)
[831.310s][info][gc             ] GC(2296) Pause Young (Allocation Failure) 367M->123M(406M) 2.403ms
[831.310s][info][gc,cpu         ] GC(2296) User=0.00s Sys=0.00s Real=0.00s
[831.642s][info][gc,start       ] GC(2297) Pause Young (Allocation Failure)
[831.643s][info][gc,heap        ] GC(2297) PSYoungGen: 240192K(240640K)->64K(240640K) Eden: 240128K(240128K)->0K(230912K) From: 64K(512K)->64K(9728K)
[831.643s][info][gc,heap        ] GC(2297) ParOldGen: 126891K(175104K)->126907K(175104K)
[831.643s][info][gc,metaspace   ] GC(2297) Metaspace: 35620K(36352K)->35620K(36352K) NonClass: 29348K(29888K)->29348K(29888K) Class: 6272K(6464K)->6272K(6464K)
[831.643s][info][gc             ] GC(2297) Pause Young (Allocation Failure) 358M->123M(406M) 1.354ms
[831.643s][info][gc,cpu         ] GC(2297) User=0.01s Sys=0.00s Real=0.00s
[831.966s][info][gc,start       ] GC(2298) Pause Young (Allocation Failure)
[831.968s][info][gc,heap        ] GC(2298) PSYoungGen: 230976K(240640K)->64K(222720K) Eden: 230912K(230912K)->0K(222208K) From: 64K(9728K)->64K(512K)
[831.968s][info][gc,heap        ] GC(2298) ParOldGen: 126907K(175104K)->126923K(175104K)
[831.968s][info][gc,metaspace   ] GC(2298) Metaspace: 35620K(36352K)->35620K(36352K) NonClass: 29348K(29888K)->29348K(29888K) Class: 6272K(6464K)->6272K(6464K)
[831.968s][info][gc             ] GC(2298) Pause Young (Allocation Failure) 349M->124M(388M) 2.317ms
[831.968s][info][gc,cpu         ] GC(2298) User=0.00s Sys=0.00s Real=0.01s
[832.866s][info][gc,start       ] GC(2299) Pause Young (Allocation Failure)
[832.867s][info][gc,heap        ] GC(2299) PSYoungGen: 222272K(222720K)->64K(222720K) Eden: 222208K(222208K)->0K(214016K) From: 64K(512K)->64K(8704K)
[832.867s][info][gc,heap        ] GC(2299) ParOldGen: 126923K(175104K)->126931K(175104K)
[832.867s][info][gc,metaspace   ] GC(2299) Metaspace: 35620K(36352K)->35620K(36352K) NonClass: 29348K(29888K)->29348K(29888K) Class: 6272K(6464K)->6272K(6464K)
[832.867s][info][gc             ] GC(2299) Pause Young (Allocation Failure) 341M->124M(388M) 1.393ms
[832.867s][info][gc,cpu         ] GC(2299) User=0.00s Sys=0.00s Real=0.00s
[833.221s][info][gc,start       ] GC(2300) Pause Young (Allocation Failure)
[833.223s][info][gc,heap        ] GC(2300) PSYoungGen: 214080K(222720K)->64K(206848K) Eden: 214016K(214016K)->0K(206336K) From: 64K(8704K)->64K(512K)
[833.223s][info][gc,heap        ] GC(2300) ParOldGen: 126931K(175104K)->126939K(175104K)
[833.223s][info][gc,metaspace   ] GC(2300) Metaspace: 35620K(36352K)->35620K(36352K) NonClass: 29348K(29888K)->29348K(29888K) Class: 6272K(6464K)->6272K(6464K)
[833.223s][info][gc             ] GC(2300) Pause Young (Allocation Failure) 333M->124M(373M) 2.210ms
[833.223s][info][gc,cpu         ] GC(2300) User=0.01s Sys=0.00s Real=0.00s
[833.385s][info][gc,start       ] GC(2301) Pause Young (Allocation Failure)
[833.387s][info][gc,heap        ] GC(2301) PSYoungGen: 206400K(206848K)->64K(206336K) Eden: 206336K(206336K)->0K(199168K) From: 64K(512K)->64K(7168K)
[833.387s][info][gc,heap        ] GC(2301) ParOldGen: 126939K(175104K)->126947K(175104K)
[833.387s][info][gc,metaspace   ] GC(2301) Metaspace: 35620K(36352K)->35620K(36352K) NonClass: 29348K(29888K)->29348K(29888K) Class: 6272K(6464K)->6272K(6464K)
[833.387s][info][gc             ] GC(2301) Pause Young (Allocation Failure) 325M->124M(372M) 1.406ms
[833.387s][info][gc,cpu         ] GC(2301) User=0.00s Sys=0.00s Real=0.01s
[833.450s][info][gc,start       ] GC(2302) Pause Young (Allocation Failure)
[833.452s][info][gc,heap        ] GC(2302) PSYoungGen: 199232K(206336K)->64K(192512K) Eden: 199168K(199168K)->0K(192000K) From: 64K(7168K)->64K(512K)
[833.452s][info][gc,heap        ] GC(2302) ParOldGen: 126947K(175104K)->126963K(175104K)
[833.452s][info][gc,metaspace   ] GC(2302) Metaspace: 35620K(36352K)->35620K(36352K) NonClass: 29348K(29888K)->29348K(29888K) Class: 6272K(6464K)->6272K(6464K)
[833.452s][info][gc             ] GC(2302) Pause Young (Allocation Failure) 318M->124M(359M) 2.106ms
[833.452s][info][gc,cpu         ] GC(2302) User=0.00s Sys=0.00s Real=0.00s
[833.835s][info][gc,start       ] GC(2303) Pause Young (Allocation Failure)
[833.836s][info][gc,heap        ] GC(2303) PSYoungGen: 192064K(192512K)->64K(192000K) Eden: 192000K(192000K)->0K(185344K) From: 64K(512K)->64K(6656K)
[833.836s][info][gc,heap        ] GC(2303) ParOldGen: 126963K(175104K)->126979K(175104K)
[833.836s][info][gc,metaspace   ] GC(2303) Metaspace: 35620K(36352K)->35620K(36352K) NonClass: 29348K(29888K)->29348K(29888K) Class: 6272K(6464K)->6272K(6464K)
[833.836s][info][gc             ] GC(2303) Pause Young (Allocation Failure) 311M->124M(358M) 1.364ms
[833.836s][info][gc,cpu         ] GC(2303) User=0.00s Sys=0.00s Real=0.01s
[834.141s][info][gc,start       ] GC(2304) Pause Young (Allocation Failure)
[834.143s][info][gc,heap        ] GC(2304) PSYoungGen: 185408K(192000K)->64K(179200K) Eden: 185344K(185344K)->0K(178688K) From: 64K(6656K)->64K(512K)
[834.143s][info][gc,heap        ] GC(2304) ParOldGen: 126979K(175104K)->126995K(175104K)
[834.143s][info][gc,metaspace   ] GC(2304) Metaspace: 35620K(36352K)->35620K(36352K) NonClass: 29348K(29888K)->29348K(29888K) Class: 6272K(6464K)->6272K(6464K)
[834.143s][info][gc             ] GC(2304) Pause Young (Allocation Failure) 305M->124M(346M) 2.001ms
[834.143s][info][gc,cpu         ] GC(2304) User=0.00s Sys=0.00s Real=0.00s
[834.399s][info][gc,start       ] GC(2305) Pause Young (Allocation Failure)
[834.400s][info][gc,heap        ] GC(2305) PSYoungGen: 178752K(179200K)->32K(178176K) Eden: 178688K(178688K)->0K(172544K) From: 64K(512K)->32K(5632K)
[834.400s][info][gc,heap        ] GC(2305) ParOldGen: 126995K(175104K)->127003K(175104K)
[834.400s][info][gc,metaspace   ] GC(2305) Metaspace: 35620K(36352K)->35620K(36352K) NonClass: 29348K(29888K)->29348K(29888K) Class: 6272K(6464K)->6272K(6464K)
[834.400s][info][gc             ] GC(2305) Pause Young (Allocation Failure) 298M->124M(345M) 1.398ms
[834.400s][info][gc,cpu         ] GC(2305) User=0.01s Sys=0.00s Real=0.00s
[834.644s][info][gc,start       ] GC(2306) Pause Young (Allocation Failure)
[834.667s][info][gc,heap        ] GC(2306) PSYoungGen: 172576K(178176K)->5120K(211456K) Eden: 172544K(172544K)->0K(206336K) From: 32K(5632K)->5120K(5120K)
[834.668s][info][gc,heap        ] GC(2306) ParOldGen: 127003K(175104K)->135923K(175104K)
[834.668s][info][gc,metaspace   ] GC(2306) Metaspace: 35620K(36352K)->35620K(36352K) NonClass: 29348K(29888K)->29348K(29888K) Class: 6272K(6464K)->6272K(6464K)
[834.668s][info][gc             ] GC(2306) Pause Young (Allocation Failure) 292M->137M(377M) 23.932ms
[834.668s][info][gc,cpu         ] GC(2306) User=0.04s Sys=0.00s Real=0.03s
[834.899s][info][gc,start       ] GC(2307) Pause Young (Allocation Failure)
[834.937s][info][gc,heap        ] GC(2307) PSYoungGen: 211456K(211456K)->9728K(246784K) Eden: 206336K(206336K)->0K(237056K) From: 5120K(5120K)->9728K(9728K)
[834.937s][info][gc,heap        ] GC(2307) ParOldGen: 135923K(175104K)->148531K(175104K)
[834.937s][info][gc,metaspace   ] GC(2307) Metaspace: 35620K(36352K)->35620K(36352K) NonClass: 29348K(29888K)->29348K(29888K) Class: 6272K(6464K)->6272K(6464K)
[834.937s][info][gc             ] GC(2307) Pause Young (Allocation Failure) 339M->154M(412M) 37.628ms
[834.937s][info][gc,cpu         ] GC(2307) User=0.07s Sys=0.00s Real=0.04s
[835.203s][info][gc,start       ] GC(2308) Pause Young (Allocation Failure)
[835.254s][info][gc,heap        ] GC(2308) PSYoungGen: 246784K(246784K)->16384K(256512K) Eden: 237056K(237056K)->0K(240128K) From: 9728K(9728K)->16384K(16384K)
[835.254s][info][gc,heap        ] GC(2308) ParOldGen: 148531K(175104K)->157867K(175104K)
[835.254s][info][gc,metaspace   ] GC(2308) Metaspace: 35620K(36352K)->35620K(36352K) NonClass: 29348K(29888K)->29348K(29888K) Class: 6272K(6464K)->6272K(6464K)
[835.254s][info][gc             ] GC(2308) Pause Young (Allocation Failure) 386M->170M(421M) 51.606ms
[835.254s][info][gc,cpu         ] GC(2308) User=0.09s Sys=0.01s Real=0.05s
[835.382s][info][gc,start       ] GC(2309) Pause Young (Allocation Failure)
[835.397s][info][gc,heap        ] GC(2309) PSYoungGen: 256512K(256512K)->7680K(263680K) Eden: 240128K(240128K)->0K(240128K) From: 16384K(16384K)->7680K(23552K)
[835.397s][info][gc,heap        ] GC(2309) ParOldGen: 157867K(175104K)->158203K(175104K)
[835.397s][info][gc,metaspace   ] GC(2309) Metaspace: 35620K(36352K)->35620K(36352K) NonClass: 29348K(29888K)->29348K(29888K) Class: 6272K(6464K)->6272K(6464K)
[835.397s][info][gc             ] GC(2309) Pause Young (Allocation Failure) 404M->161M(428M) 14.586ms
[835.397s][info][gc,cpu         ] GC(2309) User=0.03s Sys=0.00s Real=0.02s
[835.719s][info][gc,start       ] GC(2310) Pause Young (Allocation Failure)
[835.720s][info][gc,heap        ] GC(2310) PSYoungGen: 247808K(263680K)->64K(308224K) Eden: 240128K(240128K)->0K(287744K) From: 7680K(23552K)->64K(20480K)
[835.720s][info][gc,heap        ] GC(2310) ParOldGen: 158203K(175104K)->158211K(175104K)
[835.720s][info][gc,metaspace   ] GC(2310) Metaspace: 35620K(36352K)->35620K(36352K) NonClass: 29348K(29888K)->29348K(29888K) Class: 6272K(6464K)->6272K(6464K)
[835.720s][info][gc             ] GC(2310) Pause Young (Allocation Failure) 396M->154M(472M) 0.971ms
[835.720s][info][gc,cpu         ] GC(2310) User=0.00s Sys=0.01s Real=0.00s
[836.373s][info][gc,start       ] GC(2311) Pause Young (Allocation Failure)
[836.374s][info][gc,heap        ] GC(2311) PSYoungGen: 287808K(308224K)->64K(309248K) Eden: 287744K(287744K)->0K(287744K) From: 64K(20480K)->64K(21504K)
[836.374s][info][gc,heap        ] GC(2311) ParOldGen: 158211K(175104K)->158219K(175104K)
[836.374s][info][gc,metaspace   ] GC(2311) Metaspace: 35620K(36352K)->35620K(36352K) NonClass: 29348K(29888K)->29348K(29888K) Class: 6272K(6464K)->6272K(6464K)
[836.374s][info][gc             ] GC(2311) Pause Young (Allocation Failure) 435M->154M(473M) 0.970ms
[836.374s][info][gc,cpu         ] GC(2311) User=0.00s Sys=0.00s Real=0.00s
[836.830s][info][gc,start       ] GC(2312) Pause Young (Allocation Failure)
[836.831s][info][gc,heap        ] GC(2312) PSYoungGen: 287808K(309248K)->64K(310784K) Eden: 287744K(287744K)->0K(291328K) From: 64K(21504K)->64K(19456K)
[836.831s][info][gc,heap        ] GC(2312) ParOldGen: 158219K(175104K)->158235K(175104K)
[836.831s][info][gc,metaspace   ] GC(2312) Metaspace: 35620K(36352K)->35620K(36352K) NonClass: 29348K(29888K)->29348K(29888K) Class: 6272K(6464K)->6272K(6464K)
[836.831s][info][gc             ] GC(2312) Pause Young (Allocation Failure) 435M->154M(474M) 1.005ms
[836.831s][info][gc,cpu         ] GC(2312) User=0.00s Sys=0.00s Real=0.00s
[837.065s][info][gc,start       ] GC(2313) Pause Young (Allocation Failure)
[837.066s][info][gc,heap        ] GC(2313) PSYoungGen: 291392K(310784K)->64K(311808K) Eden: 291328K(291328K)->0K(291328K) From: 64K(19456K)->64K(20480K)
[837.066s][info][gc,heap        ] GC(2313) ParOldGen: 158235K(175104K)->158251K(175104K)
[837.066s][info][gc,metaspace   ] GC(2313) Metaspace: 35620K(36352K)->35620K(36352K) NonClass: 29348K(29888K)->29348K(29888K) Class: 6272K(6464K)->6272K(6464K)
[837.066s][info][gc             ] GC(2313) Pause Young (Allocation Failure) 439M->154M(475M) 0.998ms
[837.066s][info][gc,cpu         ] GC(2313) User=0.00s Sys=0.00s Real=0.01s
[837.296s][info][gc,start       ] GC(2314) Pause Young (Allocation Failure)
[837.297s][info][gc,heap        ] GC(2314) PSYoungGen: 291392K(311808K)->64K(312320K) Eden: 291328K(291328K)->0K(293888K) From: 64K(20480K)->64K(18432K)
[837.298s][info][gc,heap        ] GC(2314) ParOldGen: 158251K(175104K)->158251K(175104K)
[837.298s][info][gc,metaspace   ] GC(2314) Metaspace: 35620K(36352K)->35620K(36352K) NonClass: 29348K(29888K)->29348K(29888K) Class: 6272K(6464K)->6272K(6464K)
[837.298s][info][gc             ] GC(2314) Pause Young (Allocation Failure) 439M->154M(476M) 1.548ms
[837.298s][info][gc,cpu         ] GC(2314) User=0.00s Sys=0.01s Real=0.00s
[837.653s][info][gc,start       ] GC(2315) Pause Young (Allocation Failure)
[837.654s][info][gc,heap        ] GC(2315) PSYoungGen: 293952K(312320K)->64K(312832K) Eden: 293888K(293888K)->0K(293888K) From: 64K(18432K)->64K(18944K)
[837.654s][info][gc,heap        ] GC(2315) ParOldGen: 158251K(175104K)->158251K(175104K)
[837.654s][info][gc,metaspace   ] GC(2315) Metaspace: 35620K(36352K)->35620K(36352K) NonClass: 29348K(29888K)->29348K(29888K) Class: 6272K(6464K)->6272K(6464K)
[837.654s][info][gc             ] GC(2315) Pause Young (Allocation Failure) 441M->154M(476M) 1.511ms
[837.654s][info][gc,cpu         ] GC(2315) User=0.00s Sys=0.00s Real=0.00s
[837.781s][info][gc,start       ] GC(2316) Pause Young (Allocation Failure)
[837.782s][info][gc,heap        ] GC(2316) PSYoungGen: 293952K(312832K)->64K(313344K) Eden: 293888K(293888K)->0K(296960K) From: 64K(18944K)->64K(16384K)
[837.782s][info][gc,heap        ] GC(2316) ParOldGen: 158251K(175104K)->158259K(175104K)
[837.782s][info][gc,metaspace   ] GC(2316) Metaspace: 35620K(36352K)->35620K(36352K) NonClass: 29348K(29888K)->29348K(29888K) Class: 6272K(6464K)->6272K(6464K)
[837.782s][info][gc             ] GC(2316) Pause Young (Allocation Failure) 441M->154M(477M) 0.955ms
[837.782s][info][gc,cpu         ] GC(2316) User=0.00s Sys=0.00s Real=0.00s
[837.839s][info][gc,start       ] GC(2317) Pause Young (Allocation Failure)
[837.840s][info][gc,heap        ] GC(2317) PSYoungGen: 297024K(313344K)->64K(313856K) Eden: 296960K(296960K)->0K(296960K) From: 64K(16384K)->64K(16896K)
[837.840s][info][gc,heap        ] GC(2317) ParOldGen: 158259K(175104K)->158275K(175104K)
[837.840s][info][gc,metaspace   ] GC(2317) Metaspace: 35620K(36352K)->35620K(36352K) NonClass: 29348K(29888K)->29348K(29888K) Class: 6272K(6464K)->6272K(6464K)
[837.840s][info][gc             ] GC(2317) Pause Young (Allocation Failure) 444M->154M(477M) 0.921ms
[837.840s][info][gc,cpu         ] GC(2317) User=0.00s Sys=0.00s Real=0.00s
[837.965s][info][gc,start       ] GC(2318) Pause Young (Allocation Failure)
[837.966s][info][gc,heap        ] GC(2318) PSYoungGen: 297024K(313856K)->64K(314880K) Eden: 296960K(296960K)->0K(300544K) From: 64K(16896K)->64K(14336K)
[837.966s][info][gc,heap        ] GC(2318) ParOldGen: 158275K(175104K)->158275K(175104K)
[837.966s][info][gc,metaspace   ] GC(2318) Metaspace: 35620K(36352K)->35620K(36352K) NonClass: 29348K(29888K)->29348K(29888K) Class: 6272K(6464K)->6272K(6464K)
[837.966s][info][gc             ] GC(2318) Pause Young (Allocation Failure) 444M->154M(478M) 0.970ms
[837.966s][info][gc,cpu         ] GC(2318) User=0.00s Sys=0.00s Real=0.01s
[838.186s][info][gc,start       ] GC(2319) Pause Young (Allocation Failure)
[838.187s][info][gc,heap        ] GC(2319) PSYoungGen: 300608K(314880K)->64K(315904K) Eden: 300544K(300544K)->0K(300544K) From: 64K(14336K)->64K(15360K)
[838.187s][info][gc,heap        ] GC(2319) ParOldGen: 158275K(175104K)->158283K(175104K)
[838.187s][info][gc,metaspace   ] GC(2319) Metaspace: 35620K(36352K)->35620K(36352K) NonClass: 29348K(29888K)->29348K(29888K) Class: 6272K(6464K)->6272K(6464K)
[838.187s][info][gc             ] GC(2319) Pause Young (Allocation Failure) 448M->154M(479M) 0.902ms
[838.187s][info][gc,cpu         ] GC(2319) User=0.00s Sys=0.00s Real=0.01s
[838.350s][info][gc,start       ] GC(2320) Pause Young (Allocation Failure)
[838.351s][info][gc,heap        ] GC(2320) PSYoungGen: 300608K(315904K)->64K(317440K) Eden: 300544K(300544K)->0K(304128K) From: 64K(15360K)->64K(13312K)
[838.351s][info][gc,heap        ] GC(2320) ParOldGen: 158283K(175104K)->158291K(175104K)
[838.351s][info][gc,metaspace   ] GC(2320) Metaspace: 35621K(36352K)->35621K(36352K) NonClass: 29349K(29888K)->29349K(29888K) Class: 6272K(6464K)->6272K(6464K)
[838.351s][info][gc             ] GC(2320) Pause Young (Allocation Failure) 448M->154M(481M) 0.993ms
[838.351s][info][gc,cpu         ] GC(2320) User=0.00s Sys=0.00s Real=0.00s
[838.435s][info][gc,start       ] GC(2321) Pause Young (Allocation Failure)
[838.436s][info][gc,heap        ] GC(2321) PSYoungGen: 304192K(317440K)->64K(317952K) Eden: 304128K(304128K)->0K(304128K) From: 64K(13312K)->64K(13824K)
[838.436s][info][gc,heap        ] GC(2321) ParOldGen: 158291K(175104K)->158307K(175104K)
[838.436s][info][gc,metaspace   ] GC(2321) Metaspace: 35621K(36352K)->35621K(36352K) NonClass: 29349K(29888K)->29349K(29888K) Class: 6272K(6464K)->6272K(6464K)
[838.436s][info][gc             ] GC(2321) Pause Young (Allocation Failure) 451M->154M(481M) 1.004ms
[838.436s][info][gc,cpu         ] GC(2321) User=0.00s Sys=0.00s Real=0.01s
[838.598s][info][gc,start       ] GC(2322) Pause Young (Allocation Failure)
[838.599s][info][gc,heap        ] GC(2322) PSYoungGen: 304192K(317952K)->64K(292352K) Eden: 304128K(304128K)->0K(291840K) From: 64K(13824K)->64K(512K)
[838.599s][info][gc,heap        ] GC(2322) ParOldGen: 158307K(175104K)->158307K(175104K)
[838.599s][info][gc,metaspace   ] GC(2322) Metaspace: 35621K(36352K)->35621K(36352K) NonClass: 29349K(29888K)->29349K(29888K) Class: 6272K(6464K)->6272K(6464K)
[838.599s][info][gc             ] GC(2322) Pause Young (Allocation Failure) 451M->154M(456M) 0.977ms
[838.599s][info][gc,cpu         ] GC(2322) User=0.01s Sys=0.01s Real=0.00s
[839.588s][info][gc,start       ] GC(2323) Pause Young (Allocation Failure)
[839.589s][info][gc,heap        ] GC(2323) PSYoungGen: 291904K(292352K)->64K(292352K) Eden: 291840K(291840K)->0K(280576K) From: 64K(512K)->64K(11776K)
[839.589s][info][gc,heap        ] GC(2323) ParOldGen: 158307K(175104K)->158315K(175104K)
[839.589s][info][gc,metaspace   ] GC(2323) Metaspace: 35621K(36352K)->35621K(36352K) NonClass: 29349K(29888K)->29349K(29888K) Class: 6272K(6464K)->6272K(6464K)
[839.589s][info][gc             ] GC(2323) Pause Young (Allocation Failure) 439M->154M(456M) 0.955ms
[839.589s][info][gc,cpu         ] GC(2323) User=0.00s Sys=0.00s Real=0.00s
[840.472s][info][gc,start       ] GC(2324) Pause Young (Allocation Failure)
[840.473s][info][gc,heap        ] GC(2324) PSYoungGen: 280640K(292352K)->64K(270336K) Eden: 280576K(280576K)->0K(269824K) From: 64K(11776K)->64K(512K)
[840.473s][info][gc,heap        ] GC(2324) ParOldGen: 158315K(175104K)->158323K(175104K)
[840.473s][info][gc,metaspace   ] GC(2324) Metaspace: 35621K(36352K)->35621K(36352K) NonClass: 29349K(29888K)->29349K(29888K) Class: 6272K(6464K)->6272K(6464K)
[840.473s][info][gc             ] GC(2324) Pause Young (Allocation Failure) 428M->154M(435M) 1.101ms
[840.473s][info][gc,cpu         ] GC(2324) User=0.00s Sys=0.00s Real=0.00s
[840.658s][info][gc,start       ] GC(2325) Pause Young (Allocation Failure)
[840.659s][info][gc,heap        ] GC(2325) PSYoungGen: 269888K(270336K)->64K(270336K) Eden: 269824K(269824K)->0K(259584K) From: 64K(512K)->64K(10752K)
[840.659s][info][gc,heap        ] GC(2325) ParOldGen: 158323K(175104K)->158339K(175104K)
[840.659s][info][gc,metaspace   ] GC(2325) Metaspace: 35621K(36352K)->35621K(36352K) NonClass: 29349K(29888K)->29349K(29888K) Class: 6272K(6464K)->6272K(6464K)
[840.659s][info][gc             ] GC(2325) Pause Young (Allocation Failure) 418M->154M(435M) 1.467ms
[840.659s][info][gc,cpu         ] GC(2325) User=0.00s Sys=0.00s Real=0.00s
[841.100s][info][gc,start       ] GC(2326) Pause Young (Allocation Failure)
[841.102s][info][gc,heap        ] GC(2326) PSYoungGen: 259648K(270336K)->64K(250368K) Eden: 259584K(259584K)->0K(249856K) From: 64K(10752K)->64K(512K)
[841.102s][info][gc,heap        ] GC(2326) ParOldGen: 158339K(175104K)->158355K(175104K)
[841.102s][info][gc,metaspace   ] GC(2326) Metaspace: 35621K(36352K)->35621K(36352K) NonClass: 29349K(29888K)->29349K(29888K) Class: 6272K(6464K)->6272K(6464K)
[841.102s][info][gc             ] GC(2326) Pause Young (Allocation Failure) 408M->154M(415M) 1.907ms
[841.102s][info][gc,cpu         ] GC(2326) User=0.00s Sys=0.00s Real=0.00s
[842.069s][info][gc,start       ] GC(2327) Pause Young (Allocation Failure)
[842.071s][info][gc,heap        ] GC(2327) PSYoungGen: 249920K(250368K)->64K(249856K) Eden: 249856K(249856K)->0K(240640K) From: 64K(512K)->64K(9216K)
[842.071s][info][gc,heap        ] GC(2327) ParOldGen: 158355K(175104K)->158371K(175104K)
[842.071s][info][gc,metaspace   ] GC(2327) Metaspace: 35621K(36352K)->35621K(36352K) NonClass: 29349K(29888K)->29349K(29888K) Class: 6272K(6464K)->6272K(6464K)
[842.071s][info][gc             ] GC(2327) Pause Young (Allocation Failure) 398M->154M(415M) 1.541ms
[842.071s][info][gc,cpu         ] GC(2327) User=0.00s Sys=0.00s Real=0.00s
[842.458s][info][gc,start       ] GC(2328) Pause Young (Allocation Failure)
[842.461s][info][gc,heap        ] GC(2328) PSYoungGen: 240704K(249856K)->64K(231936K) Eden: 240640K(240640K)->0K(231424K) From: 64K(9216K)->64K(512K)
[842.461s][info][gc,heap        ] GC(2328) ParOldGen: 158371K(175104K)->158387K(175104K)
[842.461s][info][gc,metaspace   ] GC(2328) Metaspace: 35621K(36352K)->35621K(36352K) NonClass: 29349K(29888K)->29349K(29888K) Class: 6272K(6464K)->6272K(6464K)
[842.461s][info][gc             ] GC(2328) Pause Young (Allocation Failure) 389M->154M(397M) 2.300ms
[842.461s][info][gc,cpu         ] GC(2328) User=0.00s Sys=0.00s Real=0.00s
[842.657s][info][gc,start       ] GC(2329) Pause Young (Allocation Failure)
[842.659s][info][gc,heap        ] GC(2329) PSYoungGen: 231488K(231936K)->64K(230912K) Eden: 231424K(231424K)->0K(222720K) From: 64K(512K)->64K(8192K)
[842.659s][info][gc,heap        ] GC(2329) ParOldGen: 158387K(175104K)->158403K(175104K)
[842.659s][info][gc,metaspace   ] GC(2329) Metaspace: 35621K(36352K)->35621K(36352K) NonClass: 29349K(29888K)->29349K(29888K) Class: 6272K(6464K)->6272K(6464K)
[842.659s][info][gc             ] GC(2329) Pause Young (Allocation Failure) 380M->154M(396M) 1.496ms
[842.659s][info][gc,cpu         ] GC(2329) User=0.00s Sys=0.00s Real=0.00s
[842.721s][info][gc,start       ] GC(2330) Pause Young (Allocation Failure)
[842.724s][info][gc,heap        ] GC(2330) PSYoungGen: 222784K(230912K)->64K(215040K) Eden: 222720K(222720K)->0K(214528K) From: 64K(8192K)->64K(512K)
[842.724s][info][gc,heap        ] GC(2330) ParOldGen: 158403K(175104K)->158419K(175104K)
[842.724s][info][gc,metaspace   ] GC(2330) Metaspace: 35621K(36352K)->35621K(36352K) NonClass: 29349K(29888K)->29349K(29888K) Class: 6272K(6464K)->6272K(6464K)
[842.724s][info][gc             ] GC(2330) Pause Young (Allocation Failure) 372M->154M(381M) 2.380ms
[842.724s][info][gc,cpu         ] GC(2330) User=0.00s Sys=0.00s Real=0.00s
[843.130s][info][gc,start       ] GC(2331) Pause Young (Allocation Failure)
[843.131s][info][gc,heap        ] GC(2331) PSYoungGen: 214592K(215040K)->32K(214016K) Eden: 214528K(214528K)->0K(206848K) From: 64K(512K)->32K(7168K)
[843.131s][info][gc,heap        ] GC(2331) ParOldGen: 158419K(175104K)->158427K(175104K)
[843.131s][info][gc,metaspace   ] GC(2331) Metaspace: 35621K(36352K)->35621K(36352K) NonClass: 29349K(29888K)->29349K(29888K) Class: 6272K(6464K)->6272K(6464K)
[843.131s][info][gc             ] GC(2331) Pause Young (Allocation Failure) 364M->154M(380M) 1.476ms
[843.131s][info][gc,cpu         ] GC(2331) User=0.00s Sys=0.00s Real=0.00s
[843.427s][info][gc,start       ] GC(2332) Pause Young (Allocation Failure)
[843.429s][info][gc,heap        ] GC(2332) PSYoungGen: 206880K(214016K)->64K(199680K) Eden: 206848K(206848K)->0K(199168K) From: 32K(7168K)->64K(512K)
[843.429s][info][gc,heap        ] GC(2332) ParOldGen: 158427K(175104K)->158443K(175104K)
[843.429s][info][gc,metaspace   ] GC(2332) Metaspace: 35621K(36352K)->35621K(36352K) NonClass: 29349K(29888K)->29349K(29888K) Class: 6272K(6464K)->6272K(6464K)
[843.429s][info][gc             ] GC(2332) Pause Young (Allocation Failure) 356M->154M(366M) 2.227ms
[843.429s][info][gc,cpu         ] GC(2332) User=0.01s Sys=0.00s Real=0.00s
[843.780s][info][gc,start       ] GC(2333) Pause Young (Allocation Failure)
[843.783s][info][gc,heap        ] GC(2333) PSYoungGen: 199232K(199680K)->736K(198144K) Eden: 199168K(199168K)->0K(192000K) From: 64K(512K)->736K(6144K)
[843.783s][info][gc,heap        ] GC(2333) ParOldGen: 158443K(175104K)->158459K(175104K)
[843.783s][info][gc,metaspace   ] GC(2333) Metaspace: 35621K(36352K)->35621K(36352K) NonClass: 29349K(29888K)->29349K(29888K) Class: 6272K(6464K)->6272K(6464K)
[843.783s][info][gc             ] GC(2333) Pause Young (Allocation Failure) 349M->155M(364M) 3.361ms
[843.783s][info][gc,cpu         ] GC(2333) User=0.01s Sys=0.00s Real=0.00s
[843.997s][info][gc,start       ] GC(2334) Pause Young (Allocation Failure)
[844.047s][info][gc,heap        ] GC(2334) PSYoungGen: 192736K(198144K)->5632K(235520K) Eden: 192000K(192000K)->0K(229888K) From: 736K(6144K)->5632K(5632K)
[844.047s][info][gc,heap        ] GC(2334) ParOldGen: 158459K(175104K)->173315K(175104K)
[844.047s][info][gc,metaspace   ] GC(2334) Metaspace: 35621K(36352K)->35621K(36352K) NonClass: 29349K(29888K)->29349K(29888K) Class: 6272K(6464K)->6272K(6464K)
[844.047s][info][gc             ] GC(2334) Pause Young (Allocation Failure) 342M->174M(401M) 50.755ms
[844.047s][info][gc,cpu         ] GC(2334) User=0.07s Sys=0.00s Real=0.05s
[844.305s][info][gc,start       ] GC(2335) Pause Young (Allocation Failure)
[844.353s][info][gc,heap        ] GC(2335) PSYoungGen: 235520K(235520K)->12288K(266240K) Eden: 229888K(229888K)->0K(253952K) From: 5632K(5632K)->12288K(12288K)
[844.353s][info][gc,heap        ] GC(2335) ParOldGen: 173315K(175104K)->186091K(186368K)
[844.353s][info][gc,metaspace   ] GC(2335) Metaspace: 35621K(36352K)->35621K(36352K) NonClass: 29349K(29888K)->29349K(29888K) Class: 6272K(6464K)->6272K(6464K)
[844.353s][info][gc             ] GC(2335) Pause Young (Allocation Failure) 399M->193M(442M) 48.137ms
[844.353s][info][gc,cpu         ] GC(2335) User=0.09s Sys=0.01s Real=0.05s
[844.608s][info][gc,start       ] GC(2336) Pause Young (Allocation Failure)
[844.660s][info][gc,heap        ] GC(2336) PSYoungGen: 266240K(266240K)->19968K(290304K) Eden: 253952K(253952K)->0K(270336K) From: 12288K(12288K)->19968K(19968K)
[844.660s][info][gc,heap        ] GC(2336) ParOldGen: 186091K(186368K)->189811K(189952K)
[844.660s][info][gc,metaspace   ] GC(2336) Metaspace: 35621K(36352K)->35621K(36352K) NonClass: 29349K(29888K)->29349K(29888K) Class: 6272K(6464K)->6272K(6464K)
[844.660s][info][gc             ] GC(2336) Pause Young (Allocation Failure) 441M->204M(469M) 51.725ms
[844.660s][info][gc,cpu         ] GC(2336) User=0.09s Sys=0.01s Real=0.05s
[844.763s][info][gc,start       ] GC(2337) Pause Young (Allocation Failure)
[844.765s][info][gc,heap        ] GC(2337) PSYoungGen: 290304K(290304K)->64K(295424K) Eden: 270336K(270336K)->0K(270336K) From: 19968K(19968K)->64K(25088K)
[844.765s][info][gc,heap        ] GC(2337) ParOldGen: 189811K(189952K)->189939K(189952K)
[844.765s][info][gc,metaspace   ] GC(2337) Metaspace: 35621K(36352K)->35621K(36352K) NonClass: 29349K(29888K)->29349K(29888K) Class: 6272K(6464K)->6272K(6464K)
[844.765s][info][gc             ] GC(2337) Pause Young (Allocation Failure) 468M->185M(474M) 1.974ms
[844.765s][info][gc,cpu         ] GC(2337) User=0.00s Sys=0.00s Real=0.00s
[845.442s][info][gc,start       ] GC(2338) Pause Young (Allocation Failure)
[845.443s][info][gc,heap        ] GC(2338) PSYoungGen: 270400K(295424K)->64K(306176K) Eden: 270336K(270336K)->0K(284160K) From: 64K(25088K)->64K(22016K)
[845.443s][info][gc,heap        ] GC(2338) ParOldGen: 189939K(189952K)->189947K(189952K)
[845.443s][info][gc,metaspace   ] GC(2338) Metaspace: 35621K(36352K)->35621K(36352K) NonClass: 29349K(29888K)->29349K(29888K) Class: 6272K(6464K)->6272K(6464K)
[845.443s][info][gc             ] GC(2338) Pause Young (Allocation Failure) 449M->185M(484M) 1.068ms
[845.443s][info][gc,cpu         ] GC(2338) User=0.00s Sys=0.00s Real=0.00s
[845.814s][info][gc,start       ] GC(2339) Pause Young (Allocation Failure)
[845.815s][info][gc,heap        ] GC(2339) PSYoungGen: 284224K(306176K)->64K(307712K) Eden: 284160K(284160K)->0K(284160K) From: 64K(22016K)->64K(23552K)
[845.815s][info][gc,heap        ] GC(2339) ParOldGen: 189947K(189952K)->189955K(190464K)
[845.815s][info][gc,metaspace   ] GC(2339) Metaspace: 35621K(36352K)->35621K(36352K) NonClass: 29349K(29888K)->29349K(29888K) Class: 6272K(6464K)->6272K(6464K)
[845.815s][info][gc             ] GC(2339) Pause Young (Allocation Failure) 463M->185M(486M) 1.051ms
[845.815s][info][gc,cpu         ] GC(2339) User=0.00s Sys=0.01s Real=0.00s
[846.252s][info][gc,start       ] GC(2340) Pause Young (Allocation Failure)
[846.253s][info][gc,heap        ] GC(2340) PSYoungGen: 284224K(307712K)->64K(307712K) Eden: 284160K(284160K)->0K(287232K) From: 64K(23552K)->64K(20480K)
[846.253s][info][gc,heap        ] GC(2340) ParOldGen: 189955K(190464K)->189971K(190464K)
[846.253s][info][gc,metaspace   ] GC(2340) Metaspace: 35621K(36352K)->35621K(36352K) NonClass: 29349K(29888K)->29349K(29888K) Class: 6272K(6464K)->6272K(6464K)
[846.253s][info][gc             ] GC(2340) Pause Young (Allocation Failure) 463M->185M(486M) 1.059ms
[846.253s][info][gc,cpu         ] GC(2340) User=0.00s Sys=0.00s Real=0.00s
[846.482s][info][gc,start       ] GC(2341) Pause Young (Allocation Failure)
[846.483s][info][gc,heap        ] GC(2341) PSYoungGen: 287296K(307712K)->64K(309248K) Eden: 287232K(287232K)->0K(287232K) From: 64K(20480K)->64K(22016K)
[846.483s][info][gc,heap        ] GC(2341) ParOldGen: 189971K(190464K)->189987K(190464K)
[846.483s][info][gc,metaspace   ] GC(2341) Metaspace: 35621K(36352K)->35621K(36352K) NonClass: 29349K(29888K)->29349K(29888K) Class: 6272K(6464K)->6272K(6464K)
[846.483s][info][gc             ] GC(2341) Pause Young (Allocation Failure) 466M->185M(488M) 1.050ms
[846.483s][info][gc,cpu         ] GC(2341) User=0.00s Sys=0.00s Real=0.00s
[846.709s][info][gc,start       ] GC(2342) Pause Young (Allocation Failure)
[846.710s][info][gc,heap        ] GC(2342) PSYoungGen: 287296K(309248K)->64K(309248K) Eden: 287232K(287232K)->0K(290816K) From: 64K(22016K)->64K(18432K)
[846.710s][info][gc,heap        ] GC(2342) ParOldGen: 189987K(190464K)->189987K(190464K)
[846.710s][info][gc,metaspace   ] GC(2342) Metaspace: 35621K(36352K)->35621K(36352K) NonClass: 29349K(29888K)->29349K(29888K) Class: 6272K(6464K)->6272K(6464K)
[846.710s][info][gc             ] GC(2342) Pause Young (Allocation Failure) 466M->185M(488M) 1.077ms
[846.710s][info][gc,cpu         ] GC(2342) User=0.01s Sys=0.00s Real=0.00s
[847.047s][info][gc,start       ] GC(2343) Pause Young (Allocation Failure)
[847.048s][info][gc,heap        ] GC(2343) PSYoungGen: 290880K(309248K)->64K(310784K) Eden: 290816K(290816K)->0K(290816K) From: 64K(18432K)->64K(19968K)
[847.048s][info][gc,heap        ] GC(2343) ParOldGen: 189987K(190464K)->189987K(190464K)
[847.048s][info][gc,metaspace   ] GC(2343) Metaspace: 35621K(36352K)->35621K(36352K) NonClass: 29349K(29888K)->29349K(29888K) Class: 6272K(6464K)->6272K(6464K)
[847.048s][info][gc             ] GC(2343) Pause Young (Allocation Failure) 469M->185M(489M) 1.030ms
[847.048s][info][gc,cpu         ] GC(2343) User=0.00s Sys=0.00s Real=0.00s
[847.102s][info][gc,start       ] GC(2344) Pause Young (Allocation Failure)
[847.102s][info][gc,heap        ] GC(2344) PSYoungGen: 290880K(310784K)->64K(311296K) Eden: 290816K(290816K)->0K(294912K) From: 64K(19968K)->64K(16384K)
[847.102s][info][gc,heap        ] GC(2344) ParOldGen: 189987K(190464K)->190003K(190464K)
[847.102s][info][gc,metaspace   ] GC(2344) Metaspace: 35621K(36352K)->35621K(36352K) NonClass: 29349K(29888K)->29349K(29888K) Class: 6272K(6464K)->6272K(6464K)
[847.103s][info][gc             ] GC(2344) Pause Young (Allocation Failure) 469M->185M(490M) 0.994ms
[847.103s][info][gc,cpu         ] GC(2344) User=0.01s Sys=0.00s Real=0.00s
[847.159s][info][gc,start       ] GC(2345) Pause Young (Allocation Failure)
[847.160s][info][gc,heap        ] GC(2345) PSYoungGen: 294976K(311296K)->64K(312832K) Eden: 294912K(294912K)->0K(294912K) From: 64K(16384K)->64K(17920K)
[847.160s][info][gc,heap        ] GC(2345) ParOldGen: 190003K(190464K)->190003K(190464K)
[847.160s][info][gc,metaspace   ] GC(2345) Metaspace: 35621K(36352K)->35621K(36352K) NonClass: 29349K(29888K)->29349K(29888K) Class: 6272K(6464K)->6272K(6464K)
[847.160s][info][gc             ] GC(2345) Pause Young (Allocation Failure) 473M->185M(491M) 1.025ms
[847.160s][info][gc,cpu         ] GC(2345) User=0.00s Sys=0.00s Real=0.00s
[847.361s][info][gc,start       ] GC(2346) Pause Young (Allocation Failure)
[847.362s][info][gc,heap        ] GC(2346) PSYoungGen: 294976K(312832K)->64K(313344K) Eden: 294912K(294912K)->0K(299008K) From: 64K(17920K)->64K(14336K)
[847.362s][info][gc,heap        ] GC(2346) ParOldGen: 190003K(190464K)->190003K(190464K)
[847.362s][info][gc,metaspace   ] GC(2346) Metaspace: 35621K(36352K)->35621K(36352K) NonClass: 29349K(29888K)->29349K(29888K) Class: 6272K(6464K)->6272K(6464K)
[847.362s][info][gc             ] GC(2346) Pause Young (Allocation Failure) 473M->185M(492M) 1.037ms
[847.362s][info][gc,cpu         ] GC(2346) User=0.00s Sys=0.00s Real=0.00s
[847.575s][info][gc,start       ] GC(2347) Pause Young (Allocation Failure)
[847.576s][info][gc,heap        ] GC(2347) PSYoungGen: 299072K(313344K)->64K(314880K) Eden: 299008K(299008K)->0K(299008K) From: 64K(14336K)->64K(15872K)
[847.576s][info][gc,heap        ] GC(2347) ParOldGen: 190003K(190464K)->190011K(190464K)
[847.576s][info][gc,metaspace   ] GC(2347) Metaspace: 35621K(36352K)->35621K(36352K) NonClass: 29349K(29888K)->29349K(29888K) Class: 6272K(6464K)->6272K(6464K)
[847.576s][info][gc             ] GC(2347) Pause Young (Allocation Failure) 477M->185M(493M) 1.027ms
[847.576s][info][gc,cpu         ] GC(2347) User=0.00s Sys=0.00s Real=0.01s
[847.678s][info][gc,start       ] GC(2348) Pause Young (Allocation Failure)
[847.679s][info][gc,heap        ] GC(2348) PSYoungGen: 299072K(314880K)->64K(316416K) Eden: 299008K(299008K)->0K(303104K) From: 64K(15872K)->64K(13312K)
[847.679s][info][gc,heap        ] GC(2348) ParOldGen: 190011K(190464K)->190019K(190464K)
[847.679s][info][gc,metaspace   ] GC(2348) Metaspace: 35621K(36352K)->35621K(36352K) NonClass: 29349K(29888K)->29349K(29888K) Class: 6272K(6464K)->6272K(6464K)
[847.679s][info][gc             ] GC(2348) Pause Young (Allocation Failure) 477M->185M(495M) 1.035ms
[847.679s][info][gc,cpu         ] GC(2348) User=0.00s Sys=0.00s Real=0.00s
[847.788s][info][gc,start       ] GC(2349) Pause Young (Allocation Failure)
[847.789s][info][gc,heap        ] GC(2349) PSYoungGen: 303168K(316416K)->64K(317440K) Eden: 303104K(303104K)->0K(303104K) From: 64K(13312K)->64K(14336K)
[847.789s][info][gc,heap        ] GC(2349) ParOldGen: 190019K(190464K)->190027K(190464K)
[847.789s][info][gc,metaspace   ] GC(2349) Metaspace: 35621K(36352K)->35621K(36352K) NonClass: 29349K(29888K)->29349K(29888K) Class: 6272K(6464K)->6272K(6464K)
[847.789s][info][gc             ] GC(2349) Pause Young (Allocation Failure) 481M->185M(496M) 1.005ms
[847.789s][info][gc,cpu         ] GC(2349) User=0.00s Sys=0.00s Real=0.00s
[848.051s][info][gc,start       ] GC(2350) Pause Young (Allocation Failure)
[848.052s][info][gc,heap        ] GC(2350) PSYoungGen: 303168K(317440K)->64K(291840K) Eden: 303104K(303104K)->0K(291328K) From: 64K(14336K)->64K(512K)
[848.052s][info][gc,heap        ] GC(2350) ParOldGen: 190027K(190464K)->190035K(190464K)
[848.052s][info][gc,metaspace   ] GC(2350) Metaspace: 35621K(36352K)->35621K(36352K) NonClass: 29349K(29888K)->29349K(29888K) Class: 6272K(6464K)->6272K(6464K)
[848.052s][info][gc             ] GC(2350) Pause Young (Allocation Failure) 481M->185M(471M) 1.038ms
[848.052s][info][gc,cpu         ] GC(2350) User=0.00s Sys=0.00s Real=0.00s
[848.899s][info][gc,start       ] GC(2351) Pause Young (Allocation Failure)
[848.900s][info][gc,heap        ] GC(2351) PSYoungGen: 291392K(291840K)->83K(292352K) Eden: 291328K(291328K)->0K(280064K) From: 64K(512K)->83K(12288K)
[848.900s][info][gc,heap        ] GC(2351) ParOldGen: 190035K(190464K)->190043K(190464K)
[848.900s][info][gc,metaspace   ] GC(2351) Metaspace: 35621K(36352K)->35621K(36352K) NonClass: 29349K(29888K)->29349K(29888K) Class: 6272K(6464K)->6272K(6464K)
[848.900s][info][gc             ] GC(2351) Pause Young (Allocation Failure) 470M->185M(471M) 0.993ms
[848.900s][info][gc,cpu         ] GC(2351) User=0.00s Sys=0.00s Real=0.00s
[849.823s][info][gc,start       ] GC(2352) Pause Young (Allocation Failure)
[849.825s][info][gc,heap        ] GC(2352) PSYoungGen: 280147K(292352K)->64K(269824K) Eden: 280064K(280064K)->0K(269312K) From: 83K(12288K)->64K(512K)
[849.825s][info][gc,heap        ] GC(2352) ParOldGen: 190043K(190464K)->190059K(190464K)
[849.825s][info][gc,metaspace   ] GC(2352) Metaspace: 35621K(36352K)->35621K(36352K) NonClass: 29349K(29888K)->29349K(29888K) Class: 6272K(6464K)->6272K(6464K)
[849.825s][info][gc             ] GC(2352) Pause Young (Allocation Failure) 459M->185M(449M) 2.307ms
[849.825s][info][gc,cpu         ] GC(2352) User=0.00s Sys=0.00s Real=0.00s
[850.181s][info][gc,start       ] GC(2353) Pause Young (Allocation Failure)
[850.183s][info][gc,heap        ] GC(2353) PSYoungGen: 269376K(269824K)->64K(269824K) Eden: 269312K(269312K)->0K(259072K) From: 64K(512K)->64K(10752K)
[850.183s][info][gc,heap        ] GC(2353) ParOldGen: 190059K(190464K)->190075K(190464K)
[850.183s][info][gc,metaspace   ] GC(2353) Metaspace: 35621K(36352K)->35621K(36352K) NonClass: 29349K(29888K)->29349K(29888K) Class: 6272K(6464K)->6272K(6464K)
[850.183s][info][gc             ] GC(2353) Pause Young (Allocation Failure) 448M->185M(449M) 1.706ms
[850.183s][info][gc,cpu         ] GC(2353) User=0.00s Sys=0.00s Real=0.00s
[850.539s][info][gc,start       ] GC(2354) Pause Young (Allocation Failure)
[850.540s][info][gc,heap        ] GC(2354) PSYoungGen: 259136K(269824K)->64K(249856K) Eden: 259072K(259072K)->0K(249344K) From: 64K(10752K)->64K(512K)
[850.540s][info][gc,heap        ] GC(2354) ParOldGen: 190075K(190464K)->190083K(190464K)
[850.540s][info][gc,metaspace   ] GC(2354) Metaspace: 35621K(36352K)->35621K(36352K) NonClass: 29349K(29888K)->29349K(29888K) Class: 6272K(6464K)->6272K(6464K)
[850.540s][info][gc             ] GC(2354) Pause Young (Allocation Failure) 438M->185M(430M) 1.896ms
[850.540s][info][gc,cpu         ] GC(2354) User=0.00s Sys=0.00s Real=0.00s
[851.481s][info][gc,start       ] GC(2355) Pause Young (Allocation Failure)
[851.482s][info][gc,heap        ] GC(2355) PSYoungGen: 249408K(249856K)->64K(249856K) Eden: 249344K(249344K)->0K(240128K) From: 64K(512K)->64K(9728K)
[851.482s][info][gc,heap        ] GC(2355) ParOldGen: 190083K(190464K)->190091K(190464K)
[851.482s][info][gc,metaspace   ] GC(2355) Metaspace: 35621K(36352K)->35621K(36352K) NonClass: 29349K(29888K)->29349K(29888K) Class: 6272K(6464K)->6272K(6464K)
[851.482s][info][gc             ] GC(2355) Pause Young (Allocation Failure) 429M->185M(430M) 1.150ms
[851.482s][info][gc,cpu         ] GC(2355) User=0.00s Sys=0.00s Real=0.00s
[851.824s][info][gc,start       ] GC(2356) Pause Young (Allocation Failure)
[851.826s][info][gc,heap        ] GC(2356) PSYoungGen: 240192K(249856K)->64K(231424K) Eden: 240128K(240128K)->0K(230912K) From: 64K(9728K)->64K(512K)
[851.826s][info][gc,heap        ] GC(2356) ParOldGen: 190091K(190464K)->190099K(190464K)
[851.826s][info][gc,metaspace   ] GC(2356) Metaspace: 35621K(36352K)->35621K(36352K) NonClass: 29349K(29888K)->29349K(29888K) Class: 6272K(6464K)->6272K(6464K)
[851.826s][info][gc             ] GC(2356) Pause Young (Allocation Failure) 420M->185M(412M) 1.986ms
[851.826s][info][gc,cpu         ] GC(2356) User=0.00s Sys=0.00s Real=0.00s
[851.962s][info][gc,start       ] GC(2357) Pause Young (Allocation Failure)
[851.964s][info][gc,heap        ] GC(2357) PSYoungGen: 230976K(231424K)->64K(230400K) Eden: 230912K(230912K)->0K(222208K) From: 64K(512K)->64K(8192K)
[851.964s][info][gc,heap        ] GC(2357) ParOldGen: 190099K(190464K)->190107K(190464K)
[851.964s][info][gc,metaspace   ] GC(2357) Metaspace: 35621K(36352K)->35621K(36352K) NonClass: 29349K(29888K)->29349K(29888K) Class: 6272K(6464K)->6272K(6464K)
[851.964s][info][gc             ] GC(2357) Pause Young (Allocation Failure) 411M->185M(411M) 1.612ms
[851.964s][info][gc,cpu         ] GC(2357) User=0.00s Sys=0.00s Real=0.00s
[852.181s][info][gc,start       ] GC(2358) Pause Young (Allocation Failure)
[852.184s][info][gc,heap        ] GC(2358) PSYoungGen: 222272K(230400K)->64K(214528K) Eden: 222208K(222208K)->0K(214016K) From: 64K(8192K)->64K(512K)
[852.184s][info][gc,heap        ] GC(2358) ParOldGen: 190107K(190464K)->190123K(190464K)
[852.184s][info][gc,metaspace   ] GC(2358) Metaspace: 35621K(36352K)->35621K(36352K) NonClass: 29349K(29888K)->29349K(29888K) Class: 6272K(6464K)->6272K(6464K)
[852.184s][info][gc             ] GC(2358) Pause Young (Allocation Failure) 402M->185M(395M) 2.415ms
[852.184s][info][gc,cpu         ] GC(2358) User=0.01s Sys=0.00s Real=0.00s
[852.679s][info][gc,start       ] GC(2359) Pause Young (Allocation Failure)
[852.680s][info][gc,heap        ] GC(2359) PSYoungGen: 214080K(214528K)->32K(213504K) Eden: 214016K(214016K)->0K(206336K) From: 64K(512K)->32K(7168K)
[852.680s][info][gc,heap        ] GC(2359) ParOldGen: 190123K(190464K)->190131K(190464K)
[852.680s][info][gc,metaspace   ] GC(2359) Metaspace: 35621K(36352K)->35621K(36352K) NonClass: 29349K(29888K)->29349K(29888K) Class: 6272K(6464K)->6272K(6464K)
[852.680s][info][gc             ] GC(2359) Pause Young (Allocation Failure) 394M->185M(394M) 1.540ms
[852.680s][info][gc,cpu         ] GC(2359) User=0.00s Sys=0.00s Real=0.00s
[852.917s][info][gc,start       ] GC(2360) Pause Young (Allocation Failure)
[852.919s][info][gc,heap        ] GC(2360) PSYoungGen: 206368K(213504K)->64K(199680K) Eden: 206336K(206336K)->0K(199168K) From: 32K(7168K)->64K(512K)
[852.919s][info][gc,heap        ] GC(2360) ParOldGen: 190131K(190464K)->190139K(190464K)
[852.919s][info][gc,metaspace   ] GC(2360) Metaspace: 35621K(36352K)->35621K(36352K) NonClass: 29349K(29888K)->29349K(29888K) Class: 6272K(6464K)->6272K(6464K)
[852.919s][info][gc             ] GC(2360) Pause Young (Allocation Failure) 387M->185M(381M) 1.944ms
[852.919s][info][gc,cpu         ] GC(2360) User=0.00s Sys=0.01s Real=0.00s
[853.204s][info][gc,start       ] GC(2361) Pause Young (Allocation Failure)
[853.233s][info][gc,heap        ] GC(2361) PSYoungGen: 199232K(199680K)->6144K(243712K) Eden: 199168K(199168K)->0K(237568K) From: 64K(512K)->6144K(6144K)
[853.233s][info][gc,heap        ] GC(2361) ParOldGen: 190139K(190464K)->198811K(199168K)
[853.233s][info][gc,metaspace   ] GC(2361) Metaspace: 35621K(36352K)->35621K(36352K) NonClass: 29349K(29888K)->29349K(29888K) Class: 6272K(6464K)->6272K(6464K)
[853.234s][info][gc             ] GC(2361) Pause Young (Allocation Failure) 380M->200M(432M) 29.673ms
[853.234s][info][gc,cpu         ] GC(2361) User=0.05s Sys=0.00s Real=0.03s
[853.499s][info][gc,start       ] GC(2362) Pause Young (Allocation Failure)
[853.555s][info][gc,heap        ] GC(2362) PSYoungGen: 243712K(243712K)->6144K(258560K) Eden: 237568K(237568K)->0K(252416K) From: 6144K(6144K)->6144K(6144K)
[853.555s][info][gc,heap        ] GC(2362) ParOldGen: 198811K(199168K)->218339K(218624K)
[853.555s][info][gc,metaspace   ] GC(2362) Metaspace: 35621K(36352K)->35621K(36352K) NonClass: 29349K(29888K)->29349K(29888K) Class: 6272K(6464K)->6272K(6464K)
[853.555s][info][gc             ] GC(2362) Pause Young (Allocation Failure) 432M->219M(466M) 55.747ms
[853.555s][info][gc,cpu         ] GC(2362) User=0.09s Sys=0.02s Real=0.05s
[853.838s][info][gc,start       ] GC(2363) Pause Young (Allocation Failure)
[853.889s][info][gc,heap        ] GC(2363) PSYoungGen: 258560K(258560K)->18944K(271360K) Eden: 252416K(252416K)->0K(252416K) From: 6144K(6144K)->18944K(18944K)
[853.889s][info][gc,heap        ] GC(2363) ParOldGen: 218339K(218624K)->227003K(227328K)
[853.889s][info][gc,metaspace   ] GC(2363) Metaspace: 35621K(36352K)->35621K(36352K) NonClass: 29349K(29888K)->29349K(29888K) Class: 6272K(6464K)->6272K(6464K)
[853.889s][info][gc             ] GC(2363) Pause Young (Allocation Failure) 465M->240M(487M) 51.014ms
[853.889s][info][gc,cpu         ] GC(2363) User=0.10s Sys=0.00s Real=0.05s
[853.981s][info][gc,start       ] GC(2364) Pause Young (Allocation Failure)
[853.988s][info][gc,heap        ] GC(2364) PSYoungGen: 271360K(271360K)->1920K(308736K) Eden: 252416K(252416K)->0K(282624K) From: 18944K(18944K)->1920K(26112K)
[853.988s][info][gc,heap        ] GC(2364) ParOldGen: 227003K(227328K)->227307K(227328K)
[853.988s][info][gc,metaspace   ] GC(2364) Metaspace: 35621K(36352K)->35621K(36352K) NonClass: 29349K(29888K)->29349K(29888K) Class: 6272K(6464K)->6272K(6464K)
[853.988s][info][gc             ] GC(2364) Pause Young (Allocation Failure) 486M->223M(523M) 7.153ms
[853.988s][info][gc,cpu         ] GC(2364) User=0.02s Sys=0.00s Real=0.01s
[854.552s][info][gc,start       ] GC(2365) Pause Young (Allocation Failure)
[854.553s][info][gc,heap        ] GC(2365) PSYoungGen: 284544K(308736K)->64K(283136K) Eden: 282624K(282624K)->0K(282624K) From: 1920K(26112K)->64K(512K)
[854.553s][info][gc,heap        ] GC(2365) ParOldGen: 227307K(227328K)->227315K(227328K)
[854.553s][info][gc,metaspace   ] GC(2365) Metaspace: 35621K(36352K)->35621K(36352K) NonClass: 29349K(29888K)->29349K(29888K) Class: 6272K(6464K)->6272K(6464K)
[854.553s][info][gc             ] GC(2365) Pause Young (Allocation Failure) 499M->222M(498M) 1.166ms
[854.553s][info][gc,cpu         ] GC(2365) User=0.01s Sys=0.00s Real=0.00s
[855.037s][info][gc,start       ] GC(2366) Pause Young (Allocation Failure)
[855.039s][info][gc,heap        ] GC(2366) PSYoungGen: 282688K(283136K)->64K(307712K) Eden: 282624K(282624K)->0K(283648K) From: 64K(512K)->64K(24064K)
[855.039s][info][gc,heap        ] GC(2366) ParOldGen: 227315K(227328K)->227323K(227328K)
[855.039s][info][gc,metaspace   ] GC(2366) Metaspace: 35621K(36352K)->35621K(36352K) NonClass: 29349K(29888K)->29349K(29888K) Class: 6272K(6464K)->6272K(6464K)
[855.039s][info][gc             ] GC(2366) Pause Young (Allocation Failure) 498M->222M(522M) 1.217ms
[855.039s][info][gc,cpu         ] GC(2366) User=0.00s Sys=0.00s Real=0.00s
[855.466s][info][gc,start       ] GC(2367) Pause Young (Allocation Failure)
[855.467s][info][gc,heap        ] GC(2367) PSYoungGen: 283712K(307712K)->64K(306688K) Eden: 283648K(283648K)->0K(283648K) From: 64K(24064K)->64K(23040K)
[855.467s][info][gc,heap        ] GC(2367) ParOldGen: 227323K(227328K)->227339K(227840K)
[855.467s][info][gc,metaspace   ] GC(2367) Metaspace: 35621K(36352K)->35621K(36352K) NonClass: 29349K(29888K)->29349K(29888K) Class: 6272K(6464K)->6272K(6464K)
[855.467s][info][gc             ] GC(2367) Pause Young (Allocation Failure) 499M->222M(522M) 1.183ms
[855.467s][info][gc,cpu         ] GC(2367) User=0.00s Sys=0.00s Real=0.00s
[855.690s][info][gc,start       ] GC(2368) Pause Young (Allocation Failure)
[855.691s][info][gc,heap        ] GC(2368) PSYoungGen: 283712K(306688K)->64K(309248K) Eden: 283648K(283648K)->0K(287232K) From: 64K(23040K)->64K(22016K)
[855.691s][info][gc,heap        ] GC(2368) ParOldGen: 227339K(227840K)->227355K(227840K)
[855.691s][info][gc,metaspace   ] GC(2368) Metaspace: 35621K(36352K)->35621K(36352K) NonClass: 29349K(29888K)->29349K(29888K) Class: 6272K(6464K)->6272K(6464K)
[855.691s][info][gc             ] GC(2368) Pause Young (Allocation Failure) 499M->222M(524M) 1.146ms
[855.691s][info][gc,cpu         ] GC(2368) User=0.00s Sys=0.00s Real=0.00s
[855.921s][info][gc,start       ] GC(2369) Pause Young (Allocation Failure)
[855.922s][info][gc,heap        ] GC(2369) PSYoungGen: 287296K(309248K)->64K(308736K) Eden: 287232K(287232K)->0K(287232K) From: 64K(22016K)->64K(21504K)
[855.922s][info][gc,heap        ] GC(2369) ParOldGen: 227355K(227840K)->227355K(227840K)
[855.922s][info][gc,metaspace   ] GC(2369) Metaspace: 35621K(36352K)->35621K(36352K) NonClass: 29349K(29888K)->29349K(29888K) Class: 6272K(6464K)->6272K(6464K)
[855.922s][info][gc             ] GC(2369) Pause Young (Allocation Failure) 502M->222M(524M) 1.158ms
[855.922s][info][gc,cpu         ] GC(2369) User=0.00s Sys=0.00s Real=0.00s
[856.286s][info][gc,start       ] GC(2370) Pause Young (Allocation Failure)
[856.287s][info][gc,heap        ] GC(2370) PSYoungGen: 287296K(308736K)->64K(311296K) Eden: 287232K(287232K)->0K(291328K) From: 64K(21504K)->64K(19968K)
[856.287s][info][gc,heap        ] GC(2370) ParOldGen: 227355K(227840K)->227355K(227840K)
[856.287s][info][gc,metaspace   ] GC(2370) Metaspace: 35621K(36352K)->35621K(36352K) NonClass: 29349K(29888K)->29349K(29888K) Class: 6272K(6464K)->6272K(6464K)
[856.287s][info][gc             ] GC(2370) Pause Young (Allocation Failure) 502M->222M(526M) 1.115ms
[856.287s][info][gc,cpu         ] GC(2370) User=0.00s Sys=0.00s Real=0.00s
[856.351s][info][gc,start       ] GC(2371) Pause Young (Allocation Failure)
[856.352s][info][gc,heap        ] GC(2371) PSYoungGen: 291392K(311296K)->64K(310784K) Eden: 291328K(291328K)->0K(291328K) From: 64K(19968K)->64K(19456K)
[856.352s][info][gc,heap        ] GC(2371) ParOldGen: 227355K(227840K)->227363K(227840K)
[856.352s][info][gc,metaspace   ] GC(2371) Metaspace: 35621K(36352K)->35621K(36352K) NonClass: 29349K(29888K)->29349K(29888K) Class: 6272K(6464K)->6272K(6464K)
[856.352s][info][gc             ] GC(2371) Pause Young (Allocation Failure) 506M->222M(526M) 1.075ms
[856.352s][info][gc,cpu         ] GC(2371) User=0.00s Sys=0.00s Real=0.00s
[856.405s][info][gc,start       ] GC(2372) Pause Young (Allocation Failure)
[856.406s][info][gc,heap        ] GC(2372) PSYoungGen: 291391K(310784K)->64K(313344K) Eden: 291327K(291328K)->0K(295424K) From: 64K(19456K)->64K(17920K)
[856.406s][info][gc,heap        ] GC(2372) ParOldGen: 227363K(227840K)->227379K(227840K)
[856.406s][info][gc,metaspace   ] GC(2372) Metaspace: 35621K(36352K)->35621K(36352K) NonClass: 29349K(29888K)->29349K(29888K) Class: 6272K(6464K)->6272K(6464K)
[856.406s][info][gc             ] GC(2372) Pause Young (Allocation Failure) 506M->222M(528M) 1.059ms
[856.406s][info][gc,cpu         ] GC(2372) User=0.00s Sys=0.00s Real=0.01s
[856.577s][info][gc,start       ] GC(2373) Pause Young (Allocation Failure)
[856.578s][info][gc,heap        ] GC(2373) PSYoungGen: 295487K(313344K)->64K(312832K) Eden: 295423K(295424K)->0K(295424K) From: 64K(17920K)->64K(17408K)
[856.578s][info][gc,heap        ] GC(2373) ParOldGen: 227379K(227840K)->227379K(227840K)
[856.578s][info][gc,metaspace   ] GC(2373) Metaspace: 35621K(36352K)->35621K(36352K) NonClass: 29349K(29888K)->29349K(29888K) Class: 6272K(6464K)->6272K(6464K)
[856.578s][info][gc             ] GC(2373) Pause Young (Allocation Failure) 510M->222M(528M) 1.151ms
[856.578s][info][gc,cpu         ] GC(2373) User=0.01s Sys=0.00s Real=0.00s
[856.790s][info][gc,start       ] GC(2374) Pause Young (Allocation Failure)
[856.791s][info][gc,heap        ] GC(2374) PSYoungGen: 295488K(312832K)->64K(315392K) Eden: 295424K(295424K)->0K(299520K) From: 64K(17408K)->64K(15872K)
[856.791s][info][gc,heap        ] GC(2374) ParOldGen: 227379K(227840K)->227387K(227840K)
[856.791s][info][gc,metaspace   ] GC(2374) Metaspace: 35621K(36352K)->35621K(36352K) NonClass: 29349K(29888K)->29349K(29888K) Class: 6272K(6464K)->6272K(6464K)
[856.791s][info][gc             ] GC(2374) Pause Young (Allocation Failure) 510M->222M(530M) 1.150ms
[856.791s][info][gc,cpu         ] GC(2374) User=0.00s Sys=0.00s Real=0.00s
[856.929s][info][gc,start       ] GC(2375) Pause Young (Allocation Failure)
[856.930s][info][gc,heap        ] GC(2375) PSYoungGen: 299584K(315392K)->64K(314880K) Eden: 299520K(299520K)->0K(299520K) From: 64K(15872K)->64K(15360K)
[856.930s][info][gc,heap        ] GC(2375) ParOldGen: 227387K(227840K)->227395K(227840K)
[856.930s][info][gc,metaspace   ] GC(2375) Metaspace: 35621K(36352K)->35621K(36352K) NonClass: 29349K(29888K)->29349K(29888K) Class: 6272K(6464K)->6272K(6464K)
[856.930s][info][gc             ] GC(2375) Pause Young (Allocation Failure) 514M->222M(530M) 1.100ms
[856.930s][info][gc,cpu         ] GC(2375) User=0.00s Sys=0.00s Real=0.00s
[857.017s][info][gc,start       ] GC(2376) Pause Young (Allocation Failure)
[857.018s][info][gc,heap        ] GC(2376) PSYoungGen: 299584K(314880K)->64K(317440K) Eden: 299520K(299520K)->0K(303616K) From: 64K(15360K)->64K(13824K)
[857.018s][info][gc,heap        ] GC(2376) ParOldGen: 227395K(227840K)->227403K(227840K)
[857.018s][info][gc,metaspace   ] GC(2376) Metaspace: 35621K(36352K)->35621K(36352K) NonClass: 29349K(29888K)->29349K(29888K) Class: 6272K(6464K)->6272K(6464K)
[857.018s][info][gc             ] GC(2376) Pause Young (Allocation Failure) 514M->222M(532M) 1.065ms
[857.018s][info][gc,cpu         ] GC(2376) User=0.00s Sys=0.00s Real=0.00s
[857.197s][info][gc,start       ] GC(2377) Pause Young (Allocation Failure)
[857.198s][info][gc,heap        ] GC(2377) PSYoungGen: 303680K(317440K)->64K(316928K) Eden: 303616K(303616K)->0K(303616K) From: 64K(13824K)->64K(13312K)
[857.198s][info][gc,heap        ] GC(2377) ParOldGen: 227403K(227840K)->227411K(227840K)
[857.198s][info][gc,metaspace   ] GC(2377) Metaspace: 35621K(36352K)->35621K(36352K) NonClass: 29349K(29888K)->29349K(29888K) Class: 6272K(6464K)->6272K(6464K)
[857.198s][info][gc             ] GC(2377) Pause Young (Allocation Failure) 518M->222M(532M) 1.161ms
[857.198s][info][gc,cpu         ] GC(2377) User=0.00s Sys=0.00s Real=0.00s
[858.159s][info][gc,start       ] GC(2378) Pause Young (Allocation Failure)
[858.161s][info][gc,heap        ] GC(2378) PSYoungGen: 303680K(316928K)->64K(291840K) Eden: 303616K(303616K)->0K(291328K) From: 64K(13312K)->64K(512K)
[858.161s][info][gc,heap        ] GC(2378) ParOldGen: 227411K(227840K)->227419K(227840K)
[858.161s][info][gc,metaspace   ] GC(2378) Metaspace: 35621K(36352K)->35621K(36352K) NonClass: 29349K(29888K)->29349K(29888K) Class: 6272K(6464K)->6272K(6464K)
[858.161s][info][gc             ] GC(2378) Pause Young (Allocation Failure) 518M->222M(507M) 1.173ms
[858.161s][info][gc,cpu         ] GC(2378) User=0.00s Sys=0.00s Real=0.00s
[859.059s][info][gc,start       ] GC(2379) Pause Young (Allocation Failure)
[859.060s][info][gc,heap        ] GC(2379) PSYoungGen: 291392K(291840K)->64K(291840K) Eden: 291328K(291328K)->0K(280064K) From: 64K(512K)->64K(11776K)
[859.060s][info][gc,heap        ] GC(2379) ParOldGen: 227419K(227840K)->227427K(227840K)
[859.060s][info][gc,metaspace   ] GC(2379) Metaspace: 35621K(36352K)->35621K(36352K) NonClass: 29349K(29888K)->29349K(29888K) Class: 6272K(6464K)->6272K(6464K)
[859.060s][info][gc             ] GC(2379) Pause Young (Allocation Failure) 506M->222M(507M) 1.260ms
[859.060s][info][gc,cpu         ] GC(2379) User=0.00s Sys=0.01s Real=0.00s
[859.367s][info][gc,start       ] GC(2380) Pause Young (Allocation Failure)
[859.368s][info][gc,heap        ] GC(2380) PSYoungGen: 280128K(291840K)->64K(269824K) Eden: 280064K(280064K)->0K(269312K) From: 64K(11776K)->64K(512K)
[859.368s][info][gc,heap        ] GC(2380) ParOldGen: 227427K(227840K)->227435K(227840K)
[859.368s][info][gc,metaspace   ] GC(2380) Metaspace: 35621K(36352K)->35621K(36352K) NonClass: 29349K(29888K)->29349K(29888K) Class: 6272K(6464K)->6272K(6464K)
[859.368s][info][gc             ] GC(2380) Pause Young (Allocation Failure) 495M->222M(486M) 1.151ms
[859.368s][info][gc,cpu         ] GC(2380) User=0.00s Sys=0.00s Real=0.00s
[859.786s][info][gc,start       ] GC(2381) Pause Young (Allocation Failure)
[859.787s][info][gc,heap        ] GC(2381) PSYoungGen: 269376K(269824K)->64K(269312K) Eden: 269312K(269312K)->0K(259072K) From: 64K(512K)->64K(10240K)
[859.787s][info][gc,heap        ] GC(2381) ParOldGen: 227435K(227840K)->227443K(227840K)
[859.787s][info][gc,metaspace   ] GC(2381) Metaspace: 35621K(36352K)->35621K(36352K) NonClass: 29349K(29888K)->29349K(29888K) Class: 6272K(6464K)->6272K(6464K)
[859.788s][info][gc             ] GC(2381) Pause Young (Allocation Failure) 485M->222M(485M) 1.061ms
[859.788s][info][gc,cpu         ] GC(2381) User=0.00s Sys=0.00s Real=0.00s
[860.727s][info][gc,start       ] GC(2382) Pause Young (Allocation Failure)
[860.728s][info][gc,heap        ] GC(2382) PSYoungGen: 259136K(269312K)->64K(249856K) Eden: 259072K(259072K)->0K(249344K) From: 64K(10240K)->64K(512K)
[860.728s][info][gc,heap        ] GC(2382) ParOldGen: 227443K(227840K)->227451K(227840K)
[860.728s][info][gc,metaspace   ] GC(2382) Metaspace: 35621K(36352K)->35621K(36352K) NonClass: 29349K(29888K)->29349K(29888K) Class: 6272K(6464K)->6272K(6464K)
[860.728s][info][gc             ] GC(2382) Pause Young (Allocation Failure) 475M->222M(466M) 1.489ms
[860.728s][info][gc,cpu         ] GC(2382) User=0.00s Sys=0.00s Real=0.00s
[861.094s][info][gc,start       ] GC(2383) Pause Young (Allocation Failure)
[861.095s][info][gc,heap        ] GC(2383) PSYoungGen: 249408K(249856K)->64K(249344K) Eden: 249344K(249344K)->0K(240128K) From: 64K(512K)->64K(9216K)
[861.095s][info][gc,heap        ] GC(2383) ParOldGen: 227451K(227840K)->227459K(227840K)
[861.095s][info][gc,metaspace   ] GC(2383) Metaspace: 35621K(36352K)->35621K(36352K) NonClass: 29349K(29888K)->29349K(29888K) Class: 6272K(6464K)->6272K(6464K)
[861.095s][info][gc             ] GC(2383) Pause Young (Allocation Failure) 465M->222M(466M) 1.074ms
[861.095s][info][gc,cpu         ] GC(2383) User=0.01s Sys=0.00s Real=0.00s
[861.242s][info][gc,start       ] GC(2384) Pause Young (Allocation Failure)
[861.244s][info][gc,heap        ] GC(2384) PSYoungGen: 240192K(249344K)->64K(231424K) Eden: 240128K(240128K)->0K(230912K) From: 64K(9216K)->64K(512K)
[861.244s][info][gc,heap        ] GC(2384) ParOldGen: 227459K(227840K)->227467K(227840K)
[861.244s][info][gc,metaspace   ] GC(2384) Metaspace: 35621K(36352K)->35621K(36352K) NonClass: 29349K(29888K)->29349K(29888K) Class: 6272K(6464K)->6272K(6464K)
[861.244s][info][gc             ] GC(2384) Pause Young (Allocation Failure) 456M->222M(448M) 1.643ms
[861.244s][info][gc,cpu         ] GC(2384) User=0.00s Sys=0.00s Real=0.00s
[861.475s][info][gc,start       ] GC(2385) Pause Young (Allocation Failure)
[861.476s][info][gc,heap        ] GC(2385) PSYoungGen: 230976K(231424K)->64K(229888K) Eden: 230912K(230912K)->0K(222208K) From: 64K(512K)->64K(7680K)
[861.476s][info][gc,heap        ] GC(2385) ParOldGen: 227467K(227840K)->227475K(227840K)
[861.476s][info][gc,metaspace   ] GC(2385) Metaspace: 35621K(36352K)->35621K(36352K) NonClass: 29349K(29888K)->29349K(29888K) Class: 6272K(6464K)->6272K(6464K)
[861.476s][info][gc             ] GC(2385) Pause Young (Allocation Failure) 447M->222M(447M) 1.045ms
[861.476s][info][gc,cpu         ] GC(2385) User=0.00s Sys=0.00s Real=0.00s
[861.968s][info][gc,start       ] GC(2386) Pause Young (Allocation Failure)
[861.969s][info][gc,heap        ] GC(2386) PSYoungGen: 222272K(229888K)->64K(214528K) Eden: 222208K(222208K)->0K(214016K) From: 64K(7680K)->64K(512K)
[861.969s][info][gc,heap        ] GC(2386) ParOldGen: 227475K(227840K)->227483K(227840K)
[861.969s][info][gc,metaspace   ] GC(2386) Metaspace: 35621K(36352K)->35621K(36352K) NonClass: 29349K(29888K)->29349K(29888K) Class: 6272K(6464K)->6272K(6464K)
[861.969s][info][gc             ] GC(2386) Pause Young (Allocation Failure) 439M->222M(432M) 1.570ms
[861.969s][info][gc,cpu         ] GC(2386) User=0.00s Sys=0.00s Real=0.00s
[862.237s][info][gc,start       ] GC(2387) Pause Young (Allocation Failure)
[862.238s][info][gc,heap        ] GC(2387) PSYoungGen: 214080K(214528K)->64K(212992K) Eden: 214016K(214016K)->0K(206336K) From: 64K(512K)->64K(6656K)
[862.238s][info][gc,heap        ] GC(2387) ParOldGen: 227483K(227840K)->227491K(227840K)
[862.238s][info][gc,metaspace   ] GC(2387) Metaspace: 35621K(36352K)->35621K(36352K) NonClass: 29349K(29888K)->29349K(29888K) Class: 6272K(6464K)->6272K(6464K)
[862.238s][info][gc             ] GC(2387) Pause Young (Allocation Failure) 431M->222M(430M) 1.036ms
[862.238s][info][gc,cpu         ] GC(2387) User=0.00s Sys=0.00s Real=0.00s
[862.521s][info][gc,start       ] GC(2388) Pause Young (Allocation Failure)
[862.557s][info][gc,heap        ] GC(2388) PSYoungGen: 206400K(212992K)->6144K(252416K) Eden: 206336K(206336K)->0K(246272K) From: 64K(6656K)->6144K(6144K)
[862.557s][info][gc,heap        ] GC(2388) ParOldGen: 227491K(227840K)->239067K(239104K)
[862.557s][info][gc,metaspace   ] GC(2388) Metaspace: 35621K(36352K)->35621K(36352K) NonClass: 29349K(29888K)->29349K(29888K) Class: 6272K(6464K)->6272K(6464K)
[862.557s][info][gc             ] GC(2388) Pause Young (Allocation Failure) 423M->239M(480M) 35.289ms
[862.557s][info][gc,cpu         ] GC(2388) User=0.06s Sys=0.01s Real=0.04s
[862.836s][info][gc,start       ] GC(2389) Pause Young (Allocation Failure)
[862.889s][info][gc,heap        ] GC(2389) PSYoungGen: 252416K(252416K)->12288K(273408K) Eden: 246272K(246272K)->0K(261120K) From: 6144K(6144K)->12288K(12288K)
[862.889s][info][gc,heap        ] GC(2389) ParOldGen: 239067K(239104K)->253467K(253952K)
[862.889s][info][gc,metaspace   ] GC(2389) Metaspace: 35621K(36352K)->35621K(36352K) NonClass: 29349K(29888K)->29349K(29888K) Class: 6272K(6464K)->6272K(6464K)
[862.889s][info][gc             ] GC(2389) Pause Young (Allocation Failure) 479M->259M(515M) 52.744ms
[862.889s][info][gc,cpu         ] GC(2389) User=0.09s Sys=0.01s Real=0.05s
[863.160s][info][gc,start       ] GC(2390) Pause Young (Allocation Failure)
[863.217s][info][gc,heap        ] GC(2390) PSYoungGen: 273408K(273408K)->19968K(301568K) Eden: 261120K(261120K)->0K(281600K) From: 12288K(12288K)->19968K(19968K)
[863.217s][info][gc,heap        ] GC(2390) ParOldGen: 253467K(253952K)->258987K(259072K)
[863.217s][info][gc,metaspace   ] GC(2390) Metaspace: 35621K(36352K)->35621K(36352K) NonClass: 29349K(29888K)->29349K(29888K) Class: 6272K(6464K)->6272K(6464K)
[863.217s][info][gc             ] GC(2390) Pause Young (Allocation Failure) 514M->272M(547M) 56.929ms
[863.217s][info][gc,cpu         ] GC(2390) User=0.09s Sys=0.02s Real=0.06s
[863.328s][info][gc,start       ] GC(2391) Pause Young (Allocation Failure)
[863.331s][info][gc,heap        ] GC(2391) PSYoungGen: 301568K(301568K)->64K(307712K) Eden: 281600K(281600K)->0K(281600K) From: 19968K(19968K)->64K(26112K)
[863.331s][info][gc,heap        ] GC(2391) ParOldGen: 258987K(259072K)->259179K(259584K)
[863.331s][info][gc,metaspace   ] GC(2391) Metaspace: 35621K(36352K)->35621K(36352K) NonClass: 29349K(29888K)->29349K(29888K) Class: 6272K(6464K)->6272K(6464K)
[863.331s][info][gc             ] GC(2391) Pause Young (Allocation Failure) 547M->253M(554M) 2.774ms
[863.331s][info][gc,cpu         ] GC(2391) User=0.01s Sys=0.00s Real=0.00s
[864.034s][info][gc,start       ] GC(2392) Pause Young (Allocation Failure)
[864.035s][info][gc,heap        ] GC(2392) PSYoungGen: 281664K(307712K)->64K(305152K) Eden: 281600K(281600K)->0K(282112K) From: 64K(26112K)->64K(23040K)
[864.035s][info][gc,heap        ] GC(2392) ParOldGen: 259179K(259584K)->259195K(259584K)
[864.035s][info][gc,metaspace   ] GC(2392) Metaspace: 35621K(36352K)->35621K(36352K) NonClass: 29349K(29888K)->29349K(29888K) Class: 6272K(6464K)->6272K(6464K)
[864.035s][info][gc             ] GC(2392) Pause Young (Allocation Failure) 528M->253M(551M) 1.410ms
[864.035s][info][gc,cpu         ] GC(2392) User=0.00s Sys=0.00s Real=0.00s
[864.374s][info][gc,start       ] GC(2393) Pause Young (Allocation Failure)
[864.375s][info][gc,heap        ] GC(2393) PSYoungGen: 282176K(305152K)->64K(306688K) Eden: 282112K(282112K)->0K(282112K) From: 64K(23040K)->64K(24576K)
[864.375s][info][gc,heap        ] GC(2393) ParOldGen: 259195K(259584K)->259195K(259584K)
[864.375s][info][gc,metaspace   ] GC(2393) Metaspace: 35621K(36352K)->35621K(36352K) NonClass: 29349K(29888K)->29349K(29888K) Class: 6272K(6464K)->6272K(6464K)
[864.375s][info][gc             ] GC(2393) Pause Young (Allocation Failure) 528M->253M(553M) 1.236ms
[864.375s][info][gc,cpu         ] GC(2393) User=0.00s Sys=0.00s Real=0.00s
[864.812s][info][gc,start       ] GC(2394) Pause Young (Allocation Failure)
[864.813s][info][gc,heap        ] GC(2394) PSYoungGen: 282176K(306688K)->64K(306688K) Eden: 282112K(282112K)->0K(285696K) From: 64K(24576K)->64K(20992K)
[864.813s][info][gc,heap        ] GC(2394) ParOldGen: 259195K(259584K)->259211K(259584K)
[864.813s][info][gc,metaspace   ] GC(2394) Metaspace: 35621K(36352K)->35621K(36352K) NonClass: 29349K(29888K)->29349K(29888K) Class: 6272K(6464K)->6272K(6464K)
[864.813s][info][gc             ] GC(2394) Pause Young (Allocation Failure) 528M->253M(553M) 1.330ms
[864.813s][info][gc,cpu         ] GC(2394) User=0.00s Sys=0.00s Real=0.00s
[865.038s][info][gc,start       ] GC(2395) Pause Young (Allocation Failure)
[865.039s][info][gc,heap        ] GC(2395) PSYoungGen: 285760K(306688K)->64K(308224K) Eden: 285696K(285696K)->0K(285696K) From: 64K(20992K)->64K(22528K)
[865.039s][info][gc,heap        ] GC(2395) ParOldGen: 259211K(259584K)->259227K(259584K)
[865.039s][info][gc,metaspace   ] GC(2395) Metaspace: 35621K(36352K)->35621K(36352K) NonClass: 29349K(29888K)->29349K(29888K) Class: 6272K(6464K)->6272K(6464K)
[865.039s][info][gc             ] GC(2395) Pause Young (Allocation Failure) 532M->253M(554M) 1.265ms
[865.039s][info][gc,cpu         ] GC(2395) User=0.01s Sys=0.00s Real=0.00s
[865.264s][info][gc,start       ] GC(2396) Pause Young (Allocation Failure)
[865.265s][info][gc,heap        ] GC(2396) PSYoungGen: 285760K(308224K)->64K(308736K) Eden: 285696K(285696K)->0K(289792K) From: 64K(22528K)->64K(18944K)
[865.265s][info][gc,heap        ] GC(2396) ParOldGen: 259227K(259584K)->259227K(259584K)
[865.265s][info][gc,metaspace   ] GC(2396) Metaspace: 35621K(36352K)->35621K(36352K) NonClass: 29349K(29888K)->29349K(29888K) Class: 6272K(6464K)->6272K(6464K)
[865.265s][info][gc             ] GC(2396) Pause Young (Allocation Failure) 532M->253M(555M) 1.308ms
[865.265s][info][gc,cpu         ] GC(2396) User=0.00s Sys=0.00s Real=0.00s
[865.596s][info][gc,start       ] GC(2397) Pause Young (Allocation Failure)
[865.597s][info][gc,heap        ] GC(2397) PSYoungGen: 289856K(308736K)->64K(310272K) Eden: 289792K(289792K)->0K(289792K) From: 64K(18944K)->64K(20480K)
[865.597s][info][gc,heap        ] GC(2397) ParOldGen: 259227K(259584K)->259227K(259584K)
[865.597s][info][gc,metaspace   ] GC(2397) Metaspace: 35621K(36352K)->35621K(36352K) NonClass: 29349K(29888K)->29349K(29888K) Class: 6272K(6464K)->6272K(6464K)
[865.598s][info][gc             ] GC(2397) Pause Young (Allocation Failure) 536M->253M(556M) 1.229ms
[865.598s][info][gc,cpu         ] GC(2397) User=0.00s Sys=0.00s Real=0.00s
[865.650s][info][gc,start       ] GC(2398) Pause Young (Allocation Failure)
[865.651s][info][gc,heap        ] GC(2398) PSYoungGen: 289856K(310272K)->32K(310784K) Eden: 289792K(289792K)->0K(293888K) From: 64K(20480K)->32K(16896K)
[865.651s][info][gc,heap        ] GC(2398) ParOldGen: 259227K(259584K)->259243K(259584K)
[865.651s][info][gc,metaspace   ] GC(2398) Metaspace: 35621K(36352K)->35621K(36352K) NonClass: 29349K(29888K)->29349K(29888K) Class: 6272K(6464K)->6272K(6464K)
[865.651s][info][gc             ] GC(2398) Pause Young (Allocation Failure) 536M->253M(557M) 1.226ms
[865.651s][info][gc,cpu         ] GC(2398) User=0.00s Sys=0.00s Real=0.00s
[865.707s][info][gc,start       ] GC(2399) Pause Young (Allocation Failure)
[865.709s][info][gc,heap        ] GC(2399) PSYoungGen: 293920K(310784K)->64K(312320K) Eden: 293888K(293888K)->0K(293888K) From: 32K(16896K)->64K(18432K)
[865.709s][info][gc,heap        ] GC(2399) ParOldGen: 259243K(259584K)->259243K(259584K)
[865.709s][info][gc,metaspace   ] GC(2399) Metaspace: 35621K(36352K)->35621K(36352K) NonClass: 29349K(29888K)->29349K(29888K) Class: 6272K(6464K)->6272K(6464K)
[865.709s][info][gc             ] GC(2399) Pause Young (Allocation Failure) 540M->253M(558M) 1.130ms
[865.709s][info][gc,cpu         ] GC(2399) User=0.00s Sys=0.00s Real=0.00s
[865.912s][info][gc,start       ] GC(2400) Pause Young (Allocation Failure)
[865.913s][info][gc,heap        ] GC(2400) PSYoungGen: 293952K(312320K)->64K(312832K) Eden: 293888K(293888K)->0K(297984K) From: 64K(18432K)->64K(14848K)
[865.913s][info][gc,heap        ] GC(2400) ParOldGen: 259243K(259584K)->259243K(259584K)
[865.913s][info][gc,metaspace   ] GC(2400) Metaspace: 35621K(36352K)->35621K(36352K) NonClass: 29349K(29888K)->29349K(29888K) Class: 6272K(6464K)->6272K(6464K)
[865.913s][info][gc             ] GC(2400) Pause Young (Allocation Failure) 540M->253M(559M) 1.179ms
[865.913s][info][gc,cpu         ] GC(2400) User=0.00s Sys=0.00s Real=0.00s
[866.129s][info][gc,start       ] GC(2401) Pause Young (Allocation Failure)
[866.130s][info][gc,heap        ] GC(2401) PSYoungGen: 298048K(312832K)->64K(314368K) Eden: 297984K(297984K)->0K(297984K) From: 64K(14848K)->64K(16384K)
[866.130s][info][gc,heap        ] GC(2401) ParOldGen: 259243K(259584K)->259251K(259584K)
[866.130s][info][gc,metaspace   ] GC(2401) Metaspace: 35621K(36352K)->35621K(36352K) NonClass: 29349K(29888K)->29349K(29888K) Class: 6272K(6464K)->6272K(6464K)
[866.130s][info][gc             ] GC(2401) Pause Young (Allocation Failure) 544M->253M(560M) 1.196ms
[866.130s][info][gc,cpu         ] GC(2401) User=0.01s Sys=0.00s Real=0.00s
[866.231s][info][gc,start       ] GC(2402) Pause Young (Allocation Failure)
[866.232s][info][gc,heap        ] GC(2402) PSYoungGen: 298048K(314368K)->64K(314880K) Eden: 297984K(297984K)->0K(302080K) From: 64K(16384K)->64K(12800K)
[866.232s][info][gc,heap        ] GC(2402) ParOldGen: 259251K(259584K)->259259K(259584K)
[866.232s][info][gc,metaspace   ] GC(2402) Metaspace: 35621K(36352K)->35621K(36352K) NonClass: 29349K(29888K)->29349K(29888K) Class: 6272K(6464K)->6272K(6464K)
[866.232s][info][gc             ] GC(2402) Pause Young (Allocation Failure) 544M->253M(561M) 1.215ms
[866.232s][info][gc,cpu         ] GC(2402) User=0.00s Sys=0.00s Real=0.00s
[866.343s][info][gc,start       ] GC(2403) Pause Young (Allocation Failure)
[866.345s][info][gc,heap        ] GC(2403) PSYoungGen: 302144K(314880K)->64K(316416K) Eden: 302080K(302080K)->0K(302080K) From: 64K(12800K)->64K(14336K)
[866.345s][info][gc,heap        ] GC(2403) ParOldGen: 259259K(259584K)->259267K(259584K)
[866.345s][info][gc,metaspace   ] GC(2403) Metaspace: 35621K(36352K)->35621K(36352K) NonClass: 29349K(29888K)->29349K(29888K) Class: 6272K(6464K)->6272K(6464K)
[866.345s][info][gc             ] GC(2403) Pause Young (Allocation Failure) 548M->253M(562M) 1.163ms
[866.345s][info][gc,cpu         ] GC(2403) User=0.00s Sys=0.00s Real=0.00s
[866.604s][info][gc,start       ] GC(2404) Pause Young (Allocation Failure)
[866.605s][info][gc,heap        ] GC(2404) PSYoungGen: 302144K(316416K)->64K(316928K) Eden: 302080K(302080K)->0K(305664K) From: 64K(14336K)->64K(11264K)
[866.605s][info][gc,heap        ] GC(2404) ParOldGen: 259267K(259584K)->259275K(259584K)
[866.605s][info][gc,metaspace   ] GC(2404) Metaspace: 35621K(36352K)->35621K(36352K) NonClass: 29349K(29888K)->29349K(29888K) Class: 6272K(6464K)->6272K(6464K)
[866.605s][info][gc             ] GC(2404) Pause Young (Allocation Failure) 548M->253M(563M) 1.190ms
[866.605s][info][gc,cpu         ] GC(2404) User=0.00s Sys=0.00s Real=0.00s
[867.466s][info][gc,start       ] GC(2405) Pause Young (Allocation Failure)
[867.469s][info][gc,heap        ] GC(2405) PSYoungGen: 305728K(316928K)->83K(293888K) Eden: 305664K(305664K)->0K(293376K) From: 64K(11264K)->83K(512K)
[867.469s][info][gc,heap        ] GC(2405) ParOldGen: 259275K(259584K)->259291K(259584K)
[867.469s][info][gc,metaspace   ] GC(2405) Metaspace: 35621K(36352K)->35621K(36352K) NonClass: 29349K(29888K)->29349K(29888K) Class: 6272K(6464K)->6272K(6464K)
[867.469s][info][gc             ] GC(2405) Pause Young (Allocation Failure) 551M->253M(540M) 2.565ms
[867.469s][info][gc,cpu         ] GC(2405) User=0.00s Sys=0.00s Real=0.00s
[868.415s][info][gc,start       ] GC(2406) Pause Young (Allocation Failure)
[868.418s][info][gc,heap        ] GC(2406) PSYoungGen: 293459K(293888K)->64K(282112K) Eden: 293376K(293376K)->0K(281600K) From: 83K(512K)->64K(512K)
[868.418s][info][gc,heap        ] GC(2406) ParOldGen: 259291K(259584K)->259299K(259584K)
[868.418s][info][gc,metaspace   ] GC(2406) Metaspace: 35621K(36352K)->35621K(36352K) NonClass: 29349K(29888K)->29349K(29888K) Class: 6272K(6464K)->6272K(6464K)
[868.418s][info][gc             ] GC(2406) Pause Young (Allocation Failure) 539M->253M(529M) 2.254ms
[868.418s][info][gc,cpu         ] GC(2406) User=0.00s Sys=0.00s Real=0.01s
[868.817s][info][gc,start       ] GC(2407) Pause Young (Allocation Failure)
[868.819s][info][gc,heap        ] GC(2407) PSYoungGen: 281664K(282112K)->64K(282112K) Eden: 281600K(281600K)->0K(270848K) From: 64K(512K)->64K(11264K)
[868.819s][info][gc,heap        ] GC(2407) ParOldGen: 259299K(259584K)->259315K(259584K)
[868.819s][info][gc,metaspace   ] GC(2407) Metaspace: 35621K(36352K)->35621K(36352K) NonClass: 29349K(29888K)->29349K(29888K) Class: 6272K(6464K)->6272K(6464K)
[868.819s][info][gc             ] GC(2407) Pause Young (Allocation Failure) 528M->253M(529M) 2.127ms
[868.819s][info][gc,cpu         ] GC(2407) User=0.00s Sys=0.00s Real=0.00s
[869.528s][info][gc,start       ] GC(2408) Pause Young (Allocation Failure)
[869.531s][info][gc,heap        ] GC(2408) PSYoungGen: 270912K(282112K)->64K(261120K) Eden: 270848K(270848K)->0K(260608K) From: 64K(11264K)->64K(512K)
[869.531s][info][gc,heap        ] GC(2408) ParOldGen: 259315K(259584K)->259331K(259584K)
[869.531s][info][gc,metaspace   ] GC(2408) Metaspace: 35621K(36352K)->35621K(36352K) NonClass: 29349K(29888K)->29349K(29888K) Class: 6272K(6464K)->6272K(6464K)
[869.531s][info][gc             ] GC(2408) Pause Young (Allocation Failure) 517M->253M(508M) 2.468ms
[869.531s][info][gc,cpu         ] GC(2408) User=0.01s Sys=0.00s Real=0.00s
[870.107s][info][gc,start       ] GC(2409) Pause Young (Allocation Failure)
[870.108s][info][gc,heap        ] GC(2409) PSYoungGen: 260672K(261120K)->64K(260608K) Eden: 260608K(260608K)->0K(250880K) From: 64K(512K)->64K(9728K)
[870.108s][info][gc,heap        ] GC(2409) ParOldGen: 259331K(259584K)->259339K(259584K)
[870.108s][info][gc,metaspace   ] GC(2409) Metaspace: 35621K(36352K)->35621K(36352K) NonClass: 29349K(29888K)->29349K(29888K) Class: 6272K(6464K)->6272K(6464K)
[870.108s][info][gc             ] GC(2409) Pause Young (Allocation Failure) 507M->253M(508M) 1.182ms
[870.108s][info][gc,cpu         ] GC(2409) User=0.00s Sys=0.00s Real=0.00s
[870.496s][info][gc,start       ] GC(2410) Pause Young (Allocation Failure)
[870.498s][info][gc,heap        ] GC(2410) PSYoungGen: 250944K(260608K)->64K(241664K) Eden: 250880K(250880K)->0K(241152K) From: 64K(9728K)->64K(512K)
[870.498s][info][gc,heap        ] GC(2410) ParOldGen: 259339K(259584K)->259347K(259584K)
[870.498s][info][gc,metaspace   ] GC(2410) Metaspace: 35621K(36352K)->35621K(36352K) NonClass: 29349K(29888K)->29349K(29888K) Class: 6272K(6464K)->6272K(6464K)
[870.498s][info][gc             ] GC(2410) Pause Young (Allocation Failure) 498M->253M(489M) 1.983ms
[870.498s][info][gc,cpu         ] GC(2410) User=0.00s Sys=0.00s Real=0.00s
[870.563s][info][gc,start       ] GC(2411) Pause Young (Allocation Failure)
[870.564s][info][gc,heap        ] GC(2411) PSYoungGen: 241216K(241664K)->64K(240128K) Eden: 241152K(241152K)->0K(231936K) From: 64K(512K)->64K(8192K)
[870.564s][info][gc,heap        ] GC(2411) ParOldGen: 259347K(259584K)->259355K(259584K)
[870.564s][info][gc,metaspace   ] GC(2411) Metaspace: 35621K(36352K)->35621K(36352K) NonClass: 29349K(29888K)->29349K(29888K) Class: 6272K(6464K)->6272K(6464K)
[870.564s][info][gc             ] GC(2411) Pause Young (Allocation Failure) 488M->253M(488M) 1.109ms
[870.564s][info][gc,cpu         ] GC(2411) User=0.01s Sys=0.00s Real=0.00s
[871.009s][info][gc,start       ] GC(2412) Pause Young (Allocation Failure)
[871.011s][info][gc,heap        ] GC(2412) PSYoungGen: 232000K(240128K)->64K(223744K) Eden: 231936K(231936K)->0K(223232K) From: 64K(8192K)->64K(512K)
[871.011s][info][gc,heap        ] GC(2412) ParOldGen: 259355K(259584K)->259363K(259584K)
[871.011s][info][gc,metaspace   ] GC(2412) Metaspace: 35621K(36352K)->35621K(36352K) NonClass: 29349K(29888K)->29349K(29888K) Class: 6272K(6464K)->6272K(6464K)
[871.011s][info][gc             ] GC(2412) Pause Young (Allocation Failure) 479M->253M(472M) 1.651ms
[871.011s][info][gc,cpu         ] GC(2412) User=0.00s Sys=0.00s Real=0.00s
[871.313s][info][gc,start       ] GC(2413) Pause Young (Allocation Failure)
[871.314s][info][gc,heap        ] GC(2413) PSYoungGen: 223296K(223744K)->64K(222208K) Eden: 223232K(223232K)->0K(215040K) From: 64K(512K)->64K(7168K)
[871.315s][info][gc,heap        ] GC(2413) ParOldGen: 259363K(259584K)->259371K(259584K)
[871.315s][info][gc,metaspace   ] GC(2413) Metaspace: 35621K(36352K)->35621K(36352K) NonClass: 29349K(29888K)->29349K(29888K) Class: 6272K(6464K)->6272K(6464K)
[871.315s][info][gc             ] GC(2413) Pause Young (Allocation Failure) 471M->253M(470M) 1.236ms
[871.315s][info][gc,cpu         ] GC(2413) User=0.00s Sys=0.00s Real=0.00s
[871.688s][info][gc,start       ] GC(2414) Pause Young (Allocation Failure)
[871.700s][info][gc,heap        ] GC(2414) PSYoungGen: 215104K(222208K)->5312K(259584K) Eden: 215040K(215040K)->0K(253952K) From: 64K(7168K)->5312K(5632K)
[871.700s][info][gc,heap        ] GC(2414) ParOldGen: 259371K(259584K)->259387K(259584K)
[871.700s][info][gc,metaspace   ] GC(2414) Metaspace: 35621K(36352K)->35621K(36352K) NonClass: 29349K(29888K)->29349K(29888K) Class: 6272K(6464K)->6272K(6464K)
[871.700s][info][gc             ] GC(2414) Pause Young (Allocation Failure) 463M->258M(507M) 12.110ms
[871.700s][info][gc,cpu         ] GC(2414) User=0.02s Sys=0.00s Real=0.01s
[871.991s][info][gc,start       ] GC(2415) Pause Young (Allocation Failure)
[872.062s][info][gc,heap        ] GC(2415) PSYoungGen: 259264K(259584K)->7680K(274944K) Eden: 253952K(253952K)->0K(267264K) From: 5312K(5632K)->7680K(7680K)
[872.062s][info][gc,heap        ] GC(2415) ParOldGen: 259387K(259584K)->278795K(279040K)
[872.062s][info][gc,metaspace   ] GC(2415) Metaspace: 35621K(36352K)->35621K(36352K) NonClass: 29349K(29888K)->29349K(29888K) Class: 6272K(6464K)->6272K(6464K)
[872.062s][info][gc             ] GC(2415) Pause Young (Allocation Failure) 506M->279M(541M) 71.898ms
[872.062s][info][gc,cpu         ] GC(2415) User=0.10s Sys=0.01s Real=0.07s
[872.363s][info][gc,start       ] GC(2416) Pause Young (Allocation Failure)
[872.428s][info][gc,heap        ] GC(2416) PSYoungGen: 274944K(274944K)->16896K(300544K) Eden: 267264K(267264K)->0K(283648K) From: 7680K(7680K)->16896K(16896K)
[872.428s][info][gc,heap        ] GC(2416) ParOldGen: 278795K(279040K)->291107K(291328K)
[872.428s][info][gc,metaspace   ] GC(2416) Metaspace: 35621K(36352K)->35621K(36352K) NonClass: 29349K(29888K)->29349K(29888K) Class: 6272K(6464K)->6272K(6464K)
[872.428s][info][gc             ] GC(2416) Pause Young (Allocation Failure) 540M->300M(578M) 64.855ms
[872.428s][info][gc,cpu         ] GC(2416) User=0.11s Sys=0.01s Real=0.07s
[872.573s][info][gc,start       ] GC(2417) Pause Young (Allocation Failure)
[872.593s][info][gc,heap        ] GC(2417) PSYoungGen: 300544K(300544K)->8128K(308736K) Eden: 283648K(283648K)->0K(283648K) From: 16896K(16896K)->8128K(25088K)
[872.593s][info][gc,heap        ] GC(2417) ParOldGen: 291107K(291328K)->291555K(291840K)
[872.593s][info][gc,metaspace   ] GC(2417) Metaspace: 35621K(36352K)->35621K(36352K) NonClass: 29349K(29888K)->29349K(29888K) Class: 6272K(6464K)->6272K(6464K)
[872.593s][info][gc             ] GC(2417) Pause Young (Allocation Failure) 577M->292M(586M) 20.791ms
[872.593s][info][gc,cpu         ] GC(2417) User=0.03s Sys=0.01s Real=0.02s
[873.108s][info][gc,start       ] GC(2418) Pause Young (Allocation Failure)
[873.109s][info][gc,heap        ] GC(2418) PSYoungGen: 291776K(308736K)->64K(305664K) Eden: 283648K(283648K)->0K(284672K) From: 8128K(25088K)->64K(20992K)
[873.109s][info][gc,heap        ] GC(2418) ParOldGen: 291555K(291840K)->291563K(291840K)
[873.109s][info][gc,metaspace   ] GC(2418) Metaspace: 35621K(36352K)->35621K(36352K) NonClass: 29349K(29888K)->29349K(29888K) Class: 6272K(6464K)->6272K(6464K)
[873.109s][info][gc             ] GC(2418) Pause Young (Allocation Failure) 569M->284M(583M) 1.529ms
[873.109s][info][gc,cpu         ] GC(2418) User=0.00s Sys=0.00s Real=0.00s
[873.634s][info][gc,start       ] GC(2419) Pause Young (Allocation Failure)
[873.635s][info][gc,heap        ] GC(2419) PSYoungGen: 284736K(305664K)->64K(307712K) Eden: 284672K(284672K)->0K(284672K) From: 64K(20992K)->64K(23040K)
[873.635s][info][gc,heap        ] GC(2419) ParOldGen: 291563K(291840K)->291571K(291840K)
[873.635s][info][gc,metaspace   ] GC(2419) Metaspace: 35621K(36352K)->35621K(36352K) NonClass: 29349K(29888K)->29349K(29888K) Class: 6272K(6464K)->6272K(6464K)
[873.635s][info][gc             ] GC(2419) Pause Young (Allocation Failure) 562M->284M(585M) 1.274ms
[873.635s][info][gc,cpu         ] GC(2419) User=0.00s Sys=0.00s Real=0.00s
[874.061s][info][gc,start       ] GC(2420) Pause Young (Allocation Failure)
[874.062s][info][gc,heap        ] GC(2420) PSYoungGen: 284736K(307712K)->64K(308224K) Eden: 284672K(284672K)->0K(288256K) From: 64K(23040K)->64K(19968K)
[874.062s][info][gc,heap        ] GC(2420) ParOldGen: 291571K(291840K)->291587K(291840K)
[874.062s][info][gc,metaspace   ] GC(2420) Metaspace: 35621K(36352K)->35621K(36352K) NonClass: 29349K(29888K)->29349K(29888K) Class: 6272K(6464K)->6272K(6464K)
[874.062s][info][gc             ] GC(2420) Pause Young (Allocation Failure) 562M->284M(586M) 1.265ms
[874.062s][info][gc,cpu         ] GC(2420) User=0.00s Sys=0.00s Real=0.00s
[874.304s][info][gc,start       ] GC(2421) Pause Young (Allocation Failure)
[874.305s][info][gc,heap        ] GC(2421) PSYoungGen: 288320K(308224K)->64K(309760K) Eden: 288256K(288256K)->0K(288256K) From: 64K(19968K)->64K(21504K)
[874.305s][info][gc,heap        ] GC(2421) ParOldGen: 291587K(291840K)->291603K(291840K)
[874.305s][info][gc,metaspace   ] GC(2421) Metaspace: 35621K(36352K)->35621K(36352K) NonClass: 29349K(29888K)->29349K(29888K) Class: 6272K(6464K)->6272K(6464K)
[874.305s][info][gc             ] GC(2421) Pause Young (Allocation Failure) 566M->284M(587M) 1.336ms
[874.305s][info][gc,cpu         ] GC(2421) User=0.00s Sys=0.00s Real=0.00s
[874.532s][info][gc,start       ] GC(2422) Pause Young (Allocation Failure)
[874.533s][info][gc,heap        ] GC(2422) PSYoungGen: 288320K(309760K)->64K(309760K) Eden: 288256K(288256K)->0K(291328K) From: 64K(21504K)->64K(18432K)
[874.533s][info][gc,heap        ] GC(2422) ParOldGen: 291603K(291840K)->291603K(291840K)
[874.533s][info][gc,metaspace   ] GC(2422) Metaspace: 35621K(36352K)->35621K(36352K) NonClass: 29349K(29888K)->29349K(29888K) Class: 6272K(6464K)->6272K(6464K)
[874.533s][info][gc             ] GC(2422) Pause Young (Allocation Failure) 566M->284M(587M) 1.289ms
[874.533s][info][gc,cpu         ] GC(2422) User=0.01s Sys=0.00s Real=0.00s
[874.898s][info][gc,start       ] GC(2423) Pause Young (Allocation Failure)
[874.899s][info][gc,heap        ] GC(2423) PSYoungGen: 291392K(309760K)->64K(311296K) Eden: 291328K(291328K)->0K(291328K) From: 64K(18432K)->64K(19968K)
[874.899s][info][gc,heap        ] GC(2423) ParOldGen: 291603K(291840K)->291603K(291840K)
[874.899s][info][gc,metaspace   ] GC(2423) Metaspace: 35621K(36352K)->35621K(36352K) NonClass: 29349K(29888K)->29349K(29888K) Class: 6272K(6464K)->6272K(6464K)
[874.899s][info][gc             ] GC(2423) Pause Young (Allocation Failure) 569M->284M(589M) 1.258ms
[874.899s][info][gc,cpu         ] GC(2423) User=0.00s Sys=0.00s Real=0.00s
[874.971s][info][gc,start       ] GC(2424) Pause Young (Allocation Failure)
[874.972s][info][gc,heap        ] GC(2424) PSYoungGen: 291392K(311296K)->64K(311296K) Eden: 291328K(291328K)->0K(294912K) From: 64K(19968K)->64K(16384K)
[874.972s][info][gc,heap        ] GC(2424) ParOldGen: 291603K(291840K)->291611K(291840K)
[874.972s][info][gc,metaspace   ] GC(2424) Metaspace: 35621K(36352K)->35621K(36352K) NonClass: 29349K(29888K)->29349K(29888K) Class: 6272K(6464K)->6272K(6464K)
[874.972s][info][gc             ] GC(2424) Pause Young (Allocation Failure) 569M->284M(589M) 1.249ms
[874.972s][info][gc,cpu         ] GC(2424) User=0.00s Sys=0.00s Real=0.00s
[875.028s][info][gc,start       ] GC(2425) Pause Young (Allocation Failure)
[875.029s][info][gc,heap        ] GC(2425) PSYoungGen: 294976K(311296K)->64K(312832K) Eden: 294912K(294912K)->0K(294912K) From: 64K(16384K)->64K(17920K)
[875.029s][info][gc,heap        ] GC(2425) ParOldGen: 291611K(291840K)->291627K(291840K)
[875.029s][info][gc,metaspace   ] GC(2425) Metaspace: 35621K(36352K)->35621K(36352K) NonClass: 29349K(29888K)->29349K(29888K) Class: 6272K(6464K)->6272K(6464K)
[875.029s][info][gc             ] GC(2425) Pause Young (Allocation Failure) 572M->284M(590M) 1.219ms
[875.029s][info][gc,cpu         ] GC(2425) User=0.00s Sys=0.00s Real=0.00s
[875.187s][info][gc,start       ] GC(2426) Pause Young (Allocation Failure)
[875.188s][info][gc,heap        ] GC(2426) PSYoungGen: 294976K(312832K)->64K(313344K) Eden: 294912K(294912K)->0K(299008K) From: 64K(17920K)->64K(14336K)
[875.188s][info][gc,heap        ] GC(2426) ParOldGen: 291627K(291840K)->291627K(291840K)
[875.188s][info][gc,metaspace   ] GC(2426) Metaspace: 35621K(36352K)->35621K(36352K) NonClass: 29349K(29888K)->29349K(29888K) Class: 6272K(6464K)->6272K(6464K)
[875.188s][info][gc             ] GC(2426) Pause Young (Allocation Failure) 572M->284M(591M) 1.220ms
[875.188s][info][gc,cpu         ] GC(2426) User=0.00s Sys=0.00s Real=0.00s
[875.405s][info][gc,start       ] GC(2427) Pause Young (Allocation Failure)
[875.406s][info][gc,heap        ] GC(2427) PSYoungGen: 299072K(313344K)->64K(314880K) Eden: 299008K(299008K)->0K(299008K) From: 64K(14336K)->64K(15872K)
[875.406s][info][gc,heap        ] GC(2427) ParOldGen: 291627K(291840K)->291635K(291840K)
[875.406s][info][gc,metaspace   ] GC(2427) Metaspace: 35621K(36352K)->35621K(36352K) NonClass: 29349K(29888K)->29349K(29888K) Class: 6272K(6464K)->6272K(6464K)
[875.406s][info][gc             ] GC(2427) Pause Young (Allocation Failure) 576M->284M(592M) 1.259ms
[875.406s][info][gc,cpu         ] GC(2427) User=0.00s Sys=0.00s Real=0.01s
[875.544s][info][gc,start       ] GC(2428) Pause Young (Allocation Failure)
[875.545s][info][gc,heap        ] GC(2428) PSYoungGen: 299072K(314880K)->64K(315392K) Eden: 299008K(299008K)->0K(302592K) From: 64K(15872K)->64K(12800K)
[875.545s][info][gc,heap        ] GC(2428) ParOldGen: 291635K(291840K)->291643K(291840K)
[875.545s][info][gc,metaspace   ] GC(2428) Metaspace: 35621K(36352K)->35621K(36352K) NonClass: 29349K(29888K)->29349K(29888K) Class: 6272K(6464K)->6272K(6464K)
[875.545s][info][gc             ] GC(2428) Pause Young (Allocation Failure) 576M->284M(593M) 1.283ms
[875.545s][info][gc,cpu         ] GC(2428) User=0.00s Sys=0.00s Real=0.00s
[875.635s][info][gc,start       ] GC(2429) Pause Young (Allocation Failure)
[875.636s][info][gc,heap        ] GC(2429) PSYoungGen: 302656K(315392K)->64K(316928K) Eden: 302592K(302592K)->0K(302592K) From: 64K(12800K)->64K(14336K)
[875.636s][info][gc,heap        ] GC(2429) ParOldGen: 291643K(291840K)->291651K(291840K)
[875.636s][info][gc,metaspace   ] GC(2429) Metaspace: 35621K(36352K)->35621K(36352K) NonClass: 29349K(29888K)->29349K(29888K) Class: 6272K(6464K)->6272K(6464K)
[875.636s][info][gc             ] GC(2429) Pause Young (Allocation Failure) 580M->284M(594M) 1.237ms
[875.636s][info][gc,cpu         ] GC(2429) User=0.00s Sys=0.00s Real=0.01s
[875.811s][info][gc,start       ] GC(2430) Pause Young (Allocation Failure)
[875.812s][info][gc,heap        ] GC(2430) PSYoungGen: 302656K(316928K)->64K(317952K) Eden: 302592K(302592K)->0K(306176K) From: 64K(14336K)->64K(11776K)
[875.812s][info][gc,heap        ] GC(2430) ParOldGen: 291651K(291840K)->291659K(291840K)
[875.812s][info][gc,metaspace   ] GC(2430) Metaspace: 35621K(36352K)->35621K(36352K) NonClass: 29349K(29888K)->29349K(29888K) Class: 6272K(6464K)->6272K(6464K)
[875.812s][info][gc             ] GC(2430) Pause Young (Allocation Failure) 580M->284M(595M) 1.321ms
[875.812s][info][gc,cpu         ] GC(2430) User=0.01s Sys=0.00s Real=0.00s
[876.785s][info][gc,start       ] GC(2431) Pause Young (Allocation Failure)
[876.787s][info][gc,heap        ] GC(2431) PSYoungGen: 306240K(317952K)->83K(294400K) Eden: 306176K(306176K)->0K(293888K) From: 64K(11776K)->83K(512K)
[876.787s][info][gc,heap        ] GC(2431) ParOldGen: 291659K(291840K)->291667K(291840K)
[876.787s][info][gc,metaspace   ] GC(2431) Metaspace: 35621K(36352K)->35621K(36352K) NonClass: 29349K(29888K)->29349K(29888K) Class: 6272K(6464K)->6272K(6464K)
[876.787s][info][gc             ] GC(2431) Pause Young (Allocation Failure) 583M->284M(572M) 1.935ms
[876.787s][info][gc,cpu         ] GC(2431) User=0.00s Sys=0.01s Real=0.01s
[877.679s][info][gc,start       ] GC(2432) Pause Young (Allocation Failure)
[877.681s][info][gc,heap        ] GC(2432) PSYoungGen: 293971K(294400K)->64K(282624K) Eden: 293888K(293888K)->0K(282112K) From: 83K(512K)->64K(512K)
[877.681s][info][gc,heap        ] GC(2432) ParOldGen: 291667K(291840K)->291675K(291840K)
[877.681s][info][gc,metaspace   ] GC(2432) Metaspace: 35621K(36352K)->35621K(36352K) NonClass: 29349K(29888K)->29349K(29888K) Class: 6272K(6464K)->6272K(6464K)
[877.681s][info][gc             ] GC(2432) Pause Young (Allocation Failure) 571M->284M(561M) 1.539ms
[877.681s][info][gc,cpu         ] GC(2432) User=0.00s Sys=0.00s Real=0.00s
[877.990s][info][gc,start       ] GC(2433) Pause Young (Allocation Failure)
[877.991s][info][gc,heap        ] GC(2433) PSYoungGen: 282176K(282624K)->64K(282112K) Eden: 282112K(282112K)->0K(270848K) From: 64K(512K)->64K(11264K)
[877.991s][info][gc,heap        ] GC(2433) ParOldGen: 291675K(291840K)->291683K(291840K)
[877.991s][info][gc,metaspace   ] GC(2433) Metaspace: 35621K(36352K)->35621K(36352K) NonClass: 29349K(29888K)->29349K(29888K) Class: 6272K(6464K)->6272K(6464K)
[877.991s][info][gc             ] GC(2433) Pause Young (Allocation Failure) 560M->284M(560M) 1.321ms
[877.991s][info][gc,cpu         ] GC(2433) User=0.00s Sys=0.00s Real=0.00s
[878.408s][info][gc,start       ] GC(2434) Pause Young (Allocation Failure)
[878.411s][info][gc,heap        ] GC(2434) PSYoungGen: 270912K(282112K)->64K(261120K) Eden: 270848K(270848K)->0K(260608K) From: 64K(11264K)->64K(512K)
[878.411s][info][gc,heap        ] GC(2434) ParOldGen: 291683K(291840K)->291699K(291840K)
[878.411s][info][gc,metaspace   ] GC(2434) Metaspace: 35621K(36352K)->35621K(36352K) NonClass: 29349K(29888K)->29349K(29888K) Class: 6272K(6464K)->6272K(6464K)
[878.411s][info][gc             ] GC(2434) Pause Young (Allocation Failure) 549M->284M(540M) 2.712ms
[878.411s][info][gc,cpu         ] GC(2434) User=0.00s Sys=0.00s Real=0.00s
[879.354s][info][gc,start       ] GC(2435) Pause Young (Allocation Failure)
[879.356s][info][gc,heap        ] GC(2435) PSYoungGen: 260672K(261120K)->64K(260608K) Eden: 260608K(260608K)->0K(250880K) From: 64K(512K)->64K(9728K)
[879.356s][info][gc,heap        ] GC(2435) ParOldGen: 291699K(291840K)->291715K(291840K)
[879.356s][info][gc,metaspace   ] GC(2435) Metaspace: 35621K(36352K)->35621K(36352K) NonClass: 29349K(29888K)->29349K(29888K) Class: 6272K(6464K)->6272K(6464K)
[879.356s][info][gc             ] GC(2435) Pause Young (Allocation Failure) 539M->284M(539M) 2.141ms
[879.356s][info][gc,cpu         ] GC(2435) User=0.00s Sys=0.00s Real=0.01s
[879.716s][info][gc,start       ] GC(2436) Pause Young (Allocation Failure)
[879.719s][info][gc,heap        ] GC(2436) PSYoungGen: 250944K(260608K)->64K(241664K) Eden: 250880K(250880K)->0K(241152K) From: 64K(9728K)->64K(512K)
[879.719s][info][gc,heap        ] GC(2436) ParOldGen: 291715K(291840K)->291723K(291840K)
[879.719s][info][gc,metaspace   ] GC(2436) Metaspace: 35621K(36352K)->35621K(36352K) NonClass: 29349K(29888K)->29349K(29888K) Class: 6272K(6464K)->6272K(6464K)
[879.719s][info][gc             ] GC(2436) Pause Young (Allocation Failure) 529M->284M(521M) 2.992ms
[879.719s][info][gc,cpu         ] GC(2436) User=0.00s Sys=0.00s Real=0.00s
[879.863s][info][gc,start       ] GC(2437) Pause Young (Allocation Failure)
[879.865s][info][gc,heap        ] GC(2437) PSYoungGen: 241216K(241664K)->64K(240128K) Eden: 241152K(241152K)->0K(231936K) From: 64K(512K)->64K(8192K)
[879.865s][info][gc,heap        ] GC(2437) ParOldGen: 291723K(291840K)->291731K(291840K)
[879.865s][info][gc,metaspace   ] GC(2437) Metaspace: 35621K(36352K)->35621K(36352K) NonClass: 29349K(29888K)->29349K(29888K) Class: 6272K(6464K)->6272K(6464K)
[879.865s][info][gc             ] GC(2437) Pause Young (Allocation Failure) 520M->284M(519M) 2.121ms
[879.865s][info][gc,cpu         ] GC(2437) User=0.00s Sys=0.00s Real=0.00s
[880.116s][info][gc,start       ] GC(2438) Pause Young (Allocation Failure)
[880.118s][info][gc,heap        ] GC(2438) PSYoungGen: 232000K(240128K)->64K(223744K) Eden: 231936K(231936K)->0K(223232K) From: 64K(8192K)->64K(512K)
[880.118s][info][gc,heap        ] GC(2438) ParOldGen: 291731K(291840K)->291739K(291840K)
[880.118s][info][gc,metaspace   ] GC(2438) Metaspace: 35621K(36352K)->35621K(36352K) NonClass: 29349K(29888K)->29349K(29888K) Class: 6272K(6464K)->6272K(6464K)
[880.118s][info][gc             ] GC(2438) Pause Young (Allocation Failure) 511M->284M(503M) 2.747ms
[880.118s][info][gc,cpu         ] GC(2438) User=0.00s Sys=0.00s Real=0.01s
[880.585s][info][gc,start       ] GC(2439) Pause Young (Allocation Failure)
[880.587s][info][gc,heap        ] GC(2439) PSYoungGen: 223296K(223744K)->64K(222208K) Eden: 223232K(223232K)->0K(215040K) From: 64K(512K)->64K(7168K)
[880.587s][info][gc,heap        ] GC(2439) ParOldGen: 291739K(291840K)->291747K(291840K)
[880.587s][info][gc,metaspace   ] GC(2439) Metaspace: 35621K(36352K)->35621K(36352K) NonClass: 29349K(29888K)->29349K(29888K) Class: 6272K(6464K)->6272K(6464K)
[880.587s][info][gc             ] GC(2439) Pause Young (Allocation Failure) 502M->284M(502M) 2.196ms
[880.587s][info][gc,cpu         ] GC(2439) User=0.00s Sys=0.00s Real=0.01s
[880.874s][info][gc,start       ] GC(2440) Pause Young (Allocation Failure)
[880.876s][info][gc,heap        ] GC(2440) PSYoungGen: 215104K(222208K)->64K(207872K) Eden: 215040K(215040K)->0K(207360K) From: 64K(7168K)->64K(512K)
[880.876s][info][gc,heap        ] GC(2440) ParOldGen: 291747K(291840K)->291763K(291840K)
[880.876s][info][gc,metaspace   ] GC(2440) Metaspace: 35621K(36352K)->35621K(36352K) NonClass: 29349K(29888K)->29349K(29888K) Class: 6272K(6464K)->6272K(6464K)
[880.876s][info][gc             ] GC(2440) Pause Young (Allocation Failure) 494M->284M(488M) 2.358ms
[880.876s][info][gc,cpu         ] GC(2440) User=0.00s Sys=0.00s Real=0.01s
[881.147s][info][gc,start       ] GC(2441) Pause Young (Allocation Failure)
[881.192s][info][gc,heap        ] GC(2441) PSYoungGen: 207424K(207872K)->6144K(253952K) Eden: 207360K(207360K)->0K(247808K) From: 64K(512K)->6144K(6144K)
[881.192s][info][gc,heap        ] GC(2441) ParOldGen: 291763K(291840K)->304611K(304640K)
[881.192s][info][gc,metaspace   ] GC(2441) Metaspace: 35621K(36352K)->35621K(36352K) NonClass: 29349K(29888K)->29349K(29888K) Class: 6272K(6464K)->6272K(6464K)
[881.192s][info][gc             ] GC(2441) Pause Young (Allocation Failure) 487M->303M(545M) 45.567ms
[881.192s][info][gc,cpu         ] GC(2441) User=0.06s Sys=0.01s Real=0.04s
[881.469s][info][gc,start       ] GC(2442) Pause Young (Allocation Failure)
[881.527s][info][gc,heap        ] GC(2442) PSYoungGen: 253952K(253952K)->6144K(257024K) Eden: 247808K(247808K)->0K(250880K) From: 6144K(6144K)->6144K(6144K)
[881.527s][info][gc,heap        ] GC(2442) ParOldGen: 304611K(304640K)->325387K(325632K)
[881.527s][info][gc,metaspace   ] GC(2442) Metaspace: 35621K(36352K)->35621K(36352K) NonClass: 29349K(29888K)->29349K(29888K) Class: 6272K(6464K)->6272K(6464K)
[881.527s][info][gc             ] GC(2442) Pause Young (Allocation Failure) 545M->323M(569M) 58.072ms
[881.527s][info][gc,cpu         ] GC(2442) User=0.10s Sys=0.02s Real=0.06s
[881.784s][info][gc,start       ] GC(2443) Pause Young (Allocation Failure)
[881.827s][info][gc,heap        ] GC(2443) PSYoungGen: 257024K(257024K)->20480K(271360K) Eden: 250880K(250880K)->0K(250880K) From: 6144K(6144K)->20480K(20480K)
[881.827s][info][gc,heap        ] GC(2443) ParOldGen: 325387K(325632K)->329195K(329216K)
[881.827s][info][gc,metaspace   ] GC(2443) Metaspace: 35621K(36352K)->35621K(36352K) NonClass: 29349K(29888K)->29349K(29888K) Class: 6272K(6464K)->6272K(6464K)
[881.827s][info][gc             ] GC(2443) Pause Young (Allocation Failure) 568M->341M(586M) 43.700ms
[881.827s][info][gc,cpu         ] GC(2443) User=0.09s Sys=0.00s Real=0.05s
[881.918s][info][gc,start       ] GC(2444) Pause Young (Allocation Failure)
[881.921s][info][gc,heap        ] GC(2444) PSYoungGen: 271360K(271360K)->64K(308224K) Eden: 250880K(250880K)->0K(282112K) From: 20480K(20480K)->64K(26112K)
[881.921s][info][gc,heap        ] GC(2444) ParOldGen: 329195K(329216K)->329315K(329728K)
[881.921s][info][gc,metaspace   ] GC(2444) Metaspace: 35621K(36352K)->35621K(36352K) NonClass: 29349K(29888K)->29349K(29888K) Class: 6272K(6464K)->6272K(6464K)
[881.921s][info][gc             ] GC(2444) Pause Young (Allocation Failure) 586M->321M(623M) 2.341ms
[881.921s][info][gc,cpu         ] GC(2444) User=0.01s Sys=0.00s Real=0.00s
[882.576s][info][gc,start       ] GC(2445) Pause Young (Allocation Failure)
[882.578s][info][gc,heap        ] GC(2445) PSYoungGen: 282176K(308224K)->64K(282624K) Eden: 282112K(282112K)->0K(282112K) From: 64K(26112K)->64K(512K)
[882.578s][info][gc,heap        ] GC(2445) ParOldGen: 329315K(329728K)->329323K(329728K)
[882.578s][info][gc,metaspace   ] GC(2445) Metaspace: 35621K(36352K)->35621K(36352K) NonClass: 29349K(29888K)->29349K(29888K) Class: 6272K(6464K)->6272K(6464K)
[882.578s][info][gc             ] GC(2445) Pause Young (Allocation Failure) 597M->321M(598M) 1.420ms
[882.578s][info][gc,cpu         ] GC(2445) User=0.00s Sys=0.01s Real=0.00s
[882.967s][info][gc,start       ] GC(2446) Pause Young (Allocation Failure)
[882.968s][info][gc,heap        ] GC(2446) PSYoungGen: 282176K(282624K)->64K(307712K) Eden: 282112K(282112K)->0K(283136K) From: 64K(512K)->64K(24576K)
[882.968s][info][gc,heap        ] GC(2446) ParOldGen: 329323K(329728K)->329331K(329728K)
[882.968s][info][gc,metaspace   ] GC(2446) Metaspace: 35621K(36352K)->35621K(36352K) NonClass: 29349K(29888K)->29349K(29888K) Class: 6272K(6464K)->6272K(6464K)
[882.968s][info][gc             ] GC(2446) Pause Young (Allocation Failure) 597M->321M(622M) 1.449ms
[882.968s][info][gc,cpu         ] GC(2446) User=0.01s Sys=0.00s Real=0.00s
[883.403s][info][gc,start       ] GC(2447) Pause Young (Allocation Failure)
[883.404s][info][gc,heap        ] GC(2447) PSYoungGen: 283200K(307712K)->64K(306688K) Eden: 283136K(283136K)->0K(283136K) From: 64K(24576K)->64K(23552K)
[883.404s][info][gc,heap        ] GC(2447) ParOldGen: 329331K(329728K)->329347K(329728K)
[883.404s][info][gc,metaspace   ] GC(2447) Metaspace: 35621K(36352K)->35621K(36352K) NonClass: 29349K(29888K)->29349K(29888K) Class: 6272K(6464K)->6272K(6464K)
[883.404s][info][gc             ] GC(2447) Pause Young (Allocation Failure) 598M->321M(621M) 1.429ms
[883.404s][info][gc,cpu         ] GC(2447) User=0.00s Sys=0.00s Real=0.00s
[883.627s][info][gc,start       ] GC(2448) Pause Young (Allocation Failure)
[883.629s][info][gc,heap        ] GC(2448) PSYoungGen: 283200K(306688K)->64K(309248K) Eden: 283136K(283136K)->0K(286720K) From: 64K(23552K)->64K(22528K)
[883.629s][info][gc,heap        ] GC(2448) ParOldGen: 329347K(329728K)->329363K(329728K)
[883.629s][info][gc,metaspace   ] GC(2448) Metaspace: 35621K(36352K)->35621K(36352K) NonClass: 29349K(29888K)->29349K(29888K) Class: 6272K(6464K)->6272K(6464K)
[883.629s][info][gc             ] GC(2448) Pause Young (Allocation Failure) 598M->321M(624M) 1.397ms
[883.629s][info][gc,cpu         ] GC(2448) User=0.00s Sys=0.00s Real=0.00s
[883.858s][info][gc,start       ] GC(2449) Pause Young (Allocation Failure)
[883.859s][info][gc,heap        ] GC(2449) PSYoungGen: 286784K(309248K)->64K(308224K) Eden: 286720K(286720K)->0K(286720K) From: 64K(22528K)->64K(21504K)
[883.859s][info][gc,heap        ] GC(2449) ParOldGen: 329363K(329728K)->329363K(329728K)
[883.859s][info][gc,metaspace   ] GC(2449) Metaspace: 35621K(36352K)->35621K(36352K) NonClass: 29349K(29888K)->29349K(29888K) Class: 6272K(6464K)->6272K(6464K)
[883.860s][info][gc             ] GC(2449) Pause Young (Allocation Failure) 601M->321M(623M) 1.323ms
[883.860s][info][gc,cpu         ] GC(2449) User=0.00s Sys=0.00s Real=0.00s
[884.205s][info][gc,start       ] GC(2450) Pause Young (Allocation Failure)
[884.206s][info][gc,heap        ] GC(2450) PSYoungGen: 286784K(308224K)->64K(311296K) Eden: 286720K(286720K)->0K(290816K) From: 64K(21504K)->64K(20480K)
[884.206s][info][gc,heap        ] GC(2450) ParOldGen: 329363K(329728K)->329363K(329728K)
[884.206s][info][gc,metaspace   ] GC(2450) Metaspace: 35621K(36352K)->35621K(36352K) NonClass: 29349K(29888K)->29349K(29888K) Class: 6272K(6464K)->6272K(6464K)
[884.206s][info][gc             ] GC(2450) Pause Young (Allocation Failure) 601M->321M(626M) 1.312ms
[884.207s][info][gc,cpu         ] GC(2450) User=0.00s Sys=0.00s Real=0.01s
[884.263s][info][gc,start       ] GC(2451) Pause Young (Allocation Failure)
[884.264s][info][gc,heap        ] GC(2451) PSYoungGen: 290880K(311296K)->64K(310272K) Eden: 290816K(290816K)->0K(290816K) From: 64K(20480K)->64K(19456K)
[884.264s][info][gc,heap        ] GC(2451) ParOldGen: 329363K(329728K)->329379K(329728K)
[884.264s][info][gc,metaspace   ] GC(2451) Metaspace: 35621K(36352K)->35621K(36352K) NonClass: 29349K(29888K)->29349K(29888K) Class: 6272K(6464K)->6272K(6464K)
[884.264s][info][gc             ] GC(2451) Pause Young (Allocation Failure) 605M->321M(625M) 1.297ms
[884.264s][info][gc,cpu         ] GC(2451) User=0.01s Sys=0.00s Real=0.00s
[884.318s][info][gc,start       ] GC(2452) Pause Young (Allocation Failure)
[884.319s][info][gc,heap        ] GC(2452) PSYoungGen: 290880K(310272K)->64K(313344K) Eden: 290816K(290816K)->0K(294912K) From: 64K(19456K)->64K(18432K)
[884.319s][info][gc,heap        ] GC(2452) ParOldGen: 329379K(329728K)->329379K(329728K)
[884.319s][info][gc,metaspace   ] GC(2452) Metaspace: 35621K(36352K)->35621K(36352K) NonClass: 29349K(29888K)->29349K(29888K) Class: 6272K(6464K)->6272K(6464K)
[884.319s][info][gc             ] GC(2452) Pause Young (Allocation Failure) 605M->321M(628M) 1.269ms
[884.319s][info][gc,cpu         ] GC(2452) User=0.00s Sys=0.00s Real=0.00s
[884.508s][info][gc,start       ] GC(2453) Pause Young (Allocation Failure)
[884.509s][info][gc,heap        ] GC(2453) PSYoungGen: 294976K(313344K)->64K(312320K) Eden: 294912K(294912K)->0K(294912K) From: 64K(18432K)->64K(17408K)
[884.509s][info][gc,heap        ] GC(2453) ParOldGen: 329379K(329728K)->329379K(329728K)
[884.509s][info][gc,metaspace   ] GC(2453) Metaspace: 35621K(36352K)->35621K(36352K) NonClass: 29349K(29888K)->29349K(29888K) Class: 6272K(6464K)->6272K(6464K)
[884.509s][info][gc             ] GC(2453) Pause Young (Allocation Failure) 609M->321M(627M) 1.337ms
[884.509s][info][gc,cpu         ] GC(2453) User=0.00s Sys=0.00s Real=0.00s
[884.719s][info][gc,start       ] GC(2454) Pause Young (Allocation Failure)
[884.720s][info][gc,heap        ] GC(2454) PSYoungGen: 294976K(312320K)->64K(315392K) Eden: 294912K(294912K)->0K(299008K) From: 64K(17408K)->64K(16384K)
[884.720s][info][gc,heap        ] GC(2454) ParOldGen: 329379K(329728K)->329387K(329728K)
[884.720s][info][gc,metaspace   ] GC(2454) Metaspace: 35630K(36352K)->35630K(36352K) NonClass: 29357K(29888K)->29357K(29888K) Class: 6272K(6464K)->6272K(6464K)
[884.721s][info][gc             ] GC(2454) Pause Young (Allocation Failure) 609M->321M(630M) 1.314ms
[884.721s][info][gc,cpu         ] GC(2454) User=0.00s Sys=0.00s Real=0.00s
[884.840s][info][gc,start       ] GC(2455) Pause Young (Allocation Failure)
[884.841s][info][gc,heap        ] GC(2455) PSYoungGen: 299072K(315392K)->64K(314368K) Eden: 299008K(299008K)->0K(299008K) From: 64K(16384K)->64K(15360K)
[884.841s][info][gc,heap        ] GC(2455) ParOldGen: 329387K(329728K)->329395K(329728K)
[884.841s][info][gc,metaspace   ] GC(2455) Metaspace: 35630K(36352K)->35630K(36352K) NonClass: 29357K(29888K)->29357K(29888K) Class: 6272K(6464K)->6272K(6464K)
[884.841s][info][gc             ] GC(2455) Pause Young (Allocation Failure) 613M->321M(629M) 1.340ms
[884.841s][info][gc,cpu         ] GC(2455) User=0.00s Sys=0.00s Real=0.00s
[884.942s][info][gc,start       ] GC(2456) Pause Young (Allocation Failure)
[884.943s][info][gc,heap        ] GC(2456) PSYoungGen: 299072K(314368K)->64K(316928K) Eden: 299008K(299008K)->0K(302592K) From: 64K(15360K)->64K(14336K)
[884.943s][info][gc,heap        ] GC(2456) ParOldGen: 329395K(329728K)->329403K(329728K)
[884.943s][info][gc,metaspace   ] GC(2456) Metaspace: 35630K(36352K)->35630K(36352K) NonClass: 29357K(29888K)->29357K(29888K) Class: 6272K(6464K)->6272K(6464K)
[884.943s][info][gc             ] GC(2456) Pause Young (Allocation Failure) 613M->321M(631M) 1.344ms
[884.943s][info][gc,cpu         ] GC(2456) User=0.00s Sys=0.00s Real=0.00s
[885.142s][info][gc,start       ] GC(2457) Pause Young (Allocation Failure)
[885.143s][info][gc,heap        ] GC(2457) PSYoungGen: 302656K(316928K)->64K(316416K) Eden: 302592K(302592K)->0K(302592K) From: 64K(14336K)->64K(13824K)
[885.143s][info][gc,heap        ] GC(2457) ParOldGen: 329403K(329728K)->329411K(329728K)
[885.143s][info][gc,metaspace   ] GC(2457) Metaspace: 35630K(36352K)->35630K(36352K) NonClass: 29357K(29888K)->29357K(29888K) Class: 6272K(6464K)->6272K(6464K)
[885.143s][info][gc             ] GC(2457) Pause Young (Allocation Failure) 617M->321M(631M) 1.354ms
[885.143s][info][gc,cpu         ] GC(2457) User=0.00s Sys=0.00s Real=0.00s
[886.075s][info][gc,start       ] GC(2458) Pause Young (Allocation Failure)
[886.077s][info][gc,heap        ] GC(2458) PSYoungGen: 302656K(316416K)->64K(291328K) Eden: 302592K(302592K)->0K(290816K) From: 64K(13824K)->64K(512K)
[886.077s][info][gc,heap        ] GC(2458) ParOldGen: 329411K(329728K)->329419K(329728K)
[886.077s][info][gc,metaspace   ] GC(2458) Metaspace: 35630K(36352K)->35630K(36352K) NonClass: 29357K(29888K)->29357K(29888K) Class: 6272K(6464K)->6272K(6464K)
[886.077s][info][gc             ] GC(2458) Pause Young (Allocation Failure) 617M->321M(606M) 1.361ms
[886.077s][info][gc,cpu         ] GC(2458) User=0.00s Sys=0.00s Real=0.01s
[886.994s][info][gc,start       ] GC(2459) Pause Young (Allocation Failure)
[886.995s][info][gc,heap        ] GC(2459) PSYoungGen: 290880K(291328K)->64K(291328K) Eden: 290816K(290816K)->0K(279552K) From: 64K(512K)->64K(11776K)
[886.995s][info][gc,heap        ] GC(2459) ParOldGen: 329419K(329728K)->329427K(329728K)
[886.995s][info][gc,metaspace   ] GC(2459) Metaspace: 35630K(36352K)->35630K(36352K) NonClass: 29357K(29888K)->29357K(29888K) Class: 6272K(6464K)->6272K(6464K)
[886.995s][info][gc             ] GC(2459) Pause Young (Allocation Failure) 605M->321M(606M) 1.345ms
[886.995s][info][gc,cpu         ] GC(2459) User=0.00s Sys=0.00s Real=0.00s
[887.360s][info][gc,start       ] GC(2460) Pause Young (Allocation Failure)
[887.362s][info][gc,heap        ] GC(2460) PSYoungGen: 279616K(291328K)->64K(269312K) Eden: 279552K(279552K)->0K(268800K) From: 64K(11776K)->64K(512K)
[887.362s][info][gc,heap        ] GC(2460) ParOldGen: 329427K(329728K)->329435K(329728K)
[887.362s][info][gc,metaspace   ] GC(2460) Metaspace: 35630K(36352K)->35630K(36352K) NonClass: 29357K(29888K)->29357K(29888K) Class: 6272K(6464K)->6272K(6464K)
[887.362s][info][gc             ] GC(2460) Pause Young (Allocation Failure) 594M->321M(585M) 1.349ms
[887.362s][info][gc,cpu         ] GC(2460) User=0.00s Sys=0.00s Real=0.00s
[887.734s][info][gc,start       ] GC(2461) Pause Young (Allocation Failure)
[887.736s][info][gc,heap        ] GC(2461) PSYoungGen: 268864K(269312K)->64K(268800K) Eden: 268800K(268800K)->0K(258560K) From: 64K(512K)->64K(10240K)
[887.736s][info][gc,heap        ] GC(2461) ParOldGen: 329435K(329728K)->329443K(329728K)
[887.736s][info][gc,metaspace   ] GC(2461) Metaspace: 35630K(36352K)->35630K(36352K) NonClass: 29357K(29888K)->29357K(29888K) Class: 6272K(6464K)->6272K(6464K)
[887.736s][info][gc             ] GC(2461) Pause Young (Allocation Failure) 584M->321M(584M) 1.314ms
[887.736s][info][gc,cpu         ] GC(2461) User=0.00s Sys=0.00s Real=0.00s
[888.692s][info][gc,start       ] GC(2462) Pause Young (Allocation Failure)
[888.694s][info][gc,heap        ] GC(2462) PSYoungGen: 258624K(268800K)->64K(249344K) Eden: 258560K(258560K)->0K(248832K) From: 64K(10240K)->64K(512K)
[888.694s][info][gc,heap        ] GC(2462) ParOldGen: 329443K(329728K)->329451K(329728K)
[888.694s][info][gc,metaspace   ] GC(2462) Metaspace: 35630K(36352K)->35630K(36352K) NonClass: 29357K(29888K)->29357K(29888K) Class: 6272K(6464K)->6272K(6464K)
[888.694s][info][gc             ] GC(2462) Pause Young (Allocation Failure) 574M->321M(565M) 1.765ms
[888.694s][info][gc,cpu         ] GC(2462) User=0.01s Sys=0.00s Real=0.00s
[889.040s][info][gc,start       ] GC(2463) Pause Young (Allocation Failure)
[889.042s][info][gc,heap        ] GC(2463) PSYoungGen: 248896K(249344K)->64K(248832K) Eden: 248832K(248832K)->0K(239616K) From: 64K(512K)->64K(9216K)
[889.042s][info][gc,heap        ] GC(2463) ParOldGen: 329451K(329728K)->329459K(329728K)
[889.042s][info][gc,metaspace   ] GC(2463) Metaspace: 35630K(36352K)->35630K(36352K) NonClass: 29357K(29888K)->29357K(29888K) Class: 6272K(6464K)->6272K(6464K)
[889.042s][info][gc             ] GC(2463) Pause Young (Allocation Failure) 564M->321M(565M) 1.926ms
[889.042s][info][gc,cpu         ] GC(2463) User=0.00s Sys=0.00s Real=0.00s
[889.172s][info][gc,start       ] GC(2464) Pause Young (Allocation Failure)
[889.175s][info][gc,heap        ] GC(2464) PSYoungGen: 239680K(248832K)->64K(230912K) Eden: 239616K(239616K)->0K(230400K) From: 64K(9216K)->64K(512K)
[889.175s][info][gc,heap        ] GC(2464) ParOldGen: 329459K(329728K)->329467K(329728K)
[889.175s][info][gc,metaspace   ] GC(2464) Metaspace: 35630K(36352K)->35630K(36352K) NonClass: 29357K(29888K)->29357K(29888K) Class: 6272K(6464K)->6272K(6464K)
[889.175s][info][gc             ] GC(2464) Pause Young (Allocation Failure) 555M->321M(547M) 2.957ms
[889.175s][info][gc,cpu         ] GC(2464) User=0.01s Sys=0.00s Real=0.00s
[889.489s][info][gc,start       ] GC(2465) Pause Young (Allocation Failure)
[889.491s][info][gc,heap        ] GC(2465) PSYoungGen: 230464K(230912K)->64K(229376K) Eden: 230400K(230400K)->0K(221696K) From: 64K(512K)->64K(7680K)
[889.491s][info][gc,heap        ] GC(2465) ParOldGen: 329467K(329728K)->329475K(329728K)
[889.491s][info][gc,metaspace   ] GC(2465) Metaspace: 35630K(36352K)->35630K(36352K) NonClass: 29357K(29888K)->29357K(29888K) Class: 6272K(6464K)->6272K(6464K)
[889.491s][info][gc             ] GC(2465) Pause Young (Allocation Failure) 546M->321M(546M) 2.350ms
[889.491s][info][gc,cpu         ] GC(2465) User=0.00s Sys=0.00s Real=0.00s
[889.898s][info][gc,start       ] GC(2466) Pause Young (Allocation Failure)
[889.901s][info][gc,heap        ] GC(2466) PSYoungGen: 221760K(229376K)->64K(214016K) Eden: 221696K(221696K)->0K(213504K) From: 64K(7680K)->64K(512K)
[889.901s][info][gc,heap        ] GC(2466) ParOldGen: 329475K(329728K)->329483K(329728K)
[889.901s][info][gc,metaspace   ] GC(2466) Metaspace: 35630K(36352K)->35630K(36352K) NonClass: 29357K(29888K)->29357K(29888K) Class: 6272K(6464K)->6272K(6464K)
[889.901s][info][gc             ] GC(2466) Pause Young (Allocation Failure) 538M->321M(531M) 2.940ms
[889.901s][info][gc,cpu         ] GC(2466) User=0.00s Sys=0.00s Real=0.00s
[890.236s][info][gc,start       ] GC(2467) Pause Young (Allocation Failure)
[890.238s][info][gc,heap        ] GC(2467) PSYoungGen: 213568K(214016K)->64K(212480K) Eden: 213504K(213504K)->0K(205824K) From: 64K(512K)->64K(6656K)
[890.238s][info][gc,heap        ] GC(2467) ParOldGen: 329483K(329728K)->329491K(329728K)
[890.238s][info][gc,metaspace   ] GC(2467) Metaspace: 35630K(36352K)->35630K(36352K) NonClass: 29357K(29888K)->29357K(29888K) Class: 6272K(6464K)->6272K(6464K)
[890.238s][info][gc             ] GC(2467) Pause Young (Allocation Failure) 530M->321M(529M) 2.327ms
[890.238s][info][gc,cpu         ] GC(2467) User=0.00s Sys=0.00s Real=0.00s
[890.476s][info][gc,start       ] GC(2468) Pause Young (Allocation Failure)
[890.524s][info][gc,heap        ] GC(2468) PSYoungGen: 205888K(212480K)->6144K(252416K) Eden: 205824K(205824K)->0K(246272K) From: 64K(6656K)->6144K(6144K)
[890.524s][info][gc,heap        ] GC(2468) ParOldGen: 329491K(329728K)->344587K(345088K)
[890.524s][info][gc,metaspace   ] GC(2468) Metaspace: 35630K(36352K)->35630K(36352K) NonClass: 29357K(29888K)->29357K(29888K) Class: 6272K(6464K)->6272K(6464K)
[890.524s][info][gc             ] GC(2468) Pause Young (Allocation Failure) 522M->342M(583M) 48.374ms
[890.524s][info][gc,cpu         ] GC(2468) User=0.07s Sys=0.01s Real=0.04s
[890.802s][info][gc,start       ] GC(2469) Pause Young (Allocation Failure)
[890.856s][info][gc,heap        ] GC(2469) PSYoungGen: 252416K(252416K)->13312K(271360K) Eden: 246272K(246272K)->0K(258048K) From: 6144K(6144K)->13312K(13312K)
[890.856s][info][gc,heap        ] GC(2469) ParOldGen: 344587K(345088K)->358091K(358400K)
[890.856s][info][gc,metaspace   ] GC(2469) Metaspace: 35630K(36352K)->35630K(36352K) NonClass: 29357K(29888K)->29357K(29888K) Class: 6272K(6464K)->6272K(6464K)
[890.856s][info][gc             ] GC(2469) Pause Young (Allocation Failure) 583M->362M(615M) 54.370ms
[890.856s][info][gc,cpu         ] GC(2469) User=0.10s Sys=0.02s Real=0.06s
[891.101s][info][gc,start       ] GC(2470) Pause Young (Allocation Failure)
[891.149s][info][gc,heap        ] GC(2470) PSYoungGen: 271360K(271360K)->21440K(304128K) Eden: 258048K(258048K)->0K(282624K) From: 13312K(13312K)->21440K(21504K)
[891.149s][info][gc,heap        ] GC(2470) ParOldGen: 358091K(358400K)->358587K(358912K)
[891.149s][info][gc,metaspace   ] GC(2470) Metaspace: 35630K(36352K)->35630K(36352K) NonClass: 29357K(29888K)->29357K(29888K) Class: 6272K(6464K)->6272K(6464K)
[891.149s][info][gc             ] GC(2470) Pause Young (Allocation Failure) 614M->371M(647M) 48.094ms
[891.149s][info][gc,cpu         ] GC(2470) User=0.08s Sys=0.01s Real=0.05s
[891.332s][info][gc,start       ] GC(2471) Pause Young (Allocation Failure)
[891.333s][info][gc,heap        ] GC(2471) PSYoungGen: 304064K(304128K)->64K(308224K) Eden: 282624K(282624K)->0K(282624K) From: 21440K(21504K)->64K(25600K)
[891.333s][info][gc,heap        ] GC(2471) ParOldGen: 358587K(358912K)->358595K(358912K)
[891.333s][info][gc,metaspace   ] GC(2471) Metaspace: 35630K(36352K)->35630K(36352K) NonClass: 29357K(29888K)->29357K(29888K) Class: 6272K(6464K)->6272K(6464K)
[891.333s][info][gc             ] GC(2471) Pause Young (Allocation Failure) 647M->350M(651M) 1.368ms
[891.334s][info][gc,cpu         ] GC(2471) User=0.00s Sys=0.00s Real=0.00s
[892.030s][info][gc,start       ] GC(2472) Pause Young (Allocation Failure)
[892.031s][info][gc,heap        ] GC(2472) PSYoungGen: 282688K(308224K)->64K(305664K) Eden: 282624K(282624K)->0K(283136K) From: 64K(25600K)->64K(22528K)
[892.031s][info][gc,heap        ] GC(2472) ParOldGen: 358595K(358912K)->358611K(358912K)
[892.031s][info][gc,metaspace   ] GC(2472) Metaspace: 35630K(36352K)->35630K(36352K) NonClass: 29357K(29888K)->29357K(29888K) Class: 6272K(6464K)->6272K(6464K)
[892.031s][info][gc             ] GC(2472) Pause Young (Allocation Failure) 626M->350M(649M) 1.590ms
[892.031s][info][gc,cpu         ] GC(2472) User=0.00s Sys=0.00s Real=0.00s
[892.315s][info][gc,start       ] GC(2473) Pause Young (Allocation Failure)
[892.317s][info][gc,heap        ] GC(2473) PSYoungGen: 283200K(305664K)->64K(307200K) Eden: 283136K(283136K)->0K(283136K) From: 64K(22528K)->64K(24064K)
[892.317s][info][gc,heap        ] GC(2473) ParOldGen: 358611K(358912K)->358611K(358912K)
[892.317s][info][gc,metaspace   ] GC(2473) Metaspace: 35630K(36352K)->35630K(36352K) NonClass: 29357K(29888K)->29357K(29888K) Class: 6272K(6464K)->6272K(6464K)
[892.317s][info][gc             ] GC(2473) Pause Young (Allocation Failure) 626M->350M(650M) 1.419ms
[892.317s][info][gc,cpu         ] GC(2473) User=0.00s Sys=0.00s Real=0.01s
[892.757s][info][gc,start       ] GC(2474) Pause Young (Allocation Failure)
[892.759s][info][gc,heap        ] GC(2474) PSYoungGen: 283200K(307200K)->64K(307200K) Eden: 283136K(283136K)->0K(286720K) From: 64K(24064K)->64K(20480K)
[892.759s][info][gc,heap        ] GC(2474) ParOldGen: 358611K(358912K)->358627K(358912K)
[892.759s][info][gc,metaspace   ] GC(2474) Metaspace: 35630K(36352K)->35630K(36352K) NonClass: 29357K(29888K)->29357K(29888K) Class: 6272K(6464K)->6272K(6464K)
[892.759s][info][gc             ] GC(2474) Pause Young (Allocation Failure) 626M->350M(650M) 1.514ms
[892.759s][info][gc,cpu         ] GC(2474) User=0.00s Sys=0.00s Real=0.00s
[892.986s][info][gc,start       ] GC(2475) Pause Young (Allocation Failure)
[892.987s][info][gc,heap        ] GC(2475) PSYoungGen: 286784K(307200K)->64K(308736K) Eden: 286720K(286720K)->0K(286720K) From: 64K(20480K)->64K(22016K)
[892.988s][info][gc,heap        ] GC(2475) ParOldGen: 358627K(358912K)->358643K(358912K)
[892.988s][info][gc,metaspace   ] GC(2475) Metaspace: 35630K(36352K)->35630K(36352K) NonClass: 29357K(29888K)->29357K(29888K) Class: 6272K(6464K)->6272K(6464K)
[892.988s][info][gc             ] GC(2475) Pause Young (Allocation Failure) 630M->350M(652M) 1.404ms
[892.988s][info][gc,cpu         ] GC(2475) User=0.01s Sys=0.00s Real=0.00s
[893.214s][info][gc,start       ] GC(2476) Pause Young (Allocation Failure)
[893.215s][info][gc,heap        ] GC(2476) PSYoungGen: 286784K(308736K)->64K(309248K) Eden: 286720K(286720K)->0K(290816K) From: 64K(22016K)->64K(18432K)
[893.216s][info][gc,heap        ] GC(2476) ParOldGen: 358643K(358912K)->358643K(358912K)
[893.216s][info][gc,metaspace   ] GC(2476) Metaspace: 35630K(36352K)->35630K(36352K) NonClass: 29357K(29888K)->29357K(29888K) Class: 6272K(6464K)->6272K(6464K)
[893.216s][info][gc             ] GC(2476) Pause Young (Allocation Failure) 630M->350M(652M) 1.405ms
[893.216s][info][gc,cpu         ] GC(2476) User=0.00s Sys=0.00s Real=0.00s
[893.526s][info][gc,start       ] GC(2477) Pause Young (Allocation Failure)
[893.527s][info][gc,heap        ] GC(2477) PSYoungGen: 290880K(309248K)->64K(310784K) Eden: 290816K(290816K)->0K(290816K) From: 64K(18432K)->64K(19968K)
[893.527s][info][gc,heap        ] GC(2477) ParOldGen: 358643K(358912K)->358643K(358912K)
[893.527s][info][gc,metaspace   ] GC(2477) Metaspace: 35630K(36352K)->35630K(36352K) NonClass: 29357K(29888K)->29357K(29888K) Class: 6272K(6464K)->6272K(6464K)
[893.527s][info][gc             ] GC(2477) Pause Young (Allocation Failure) 634M->350M(654M) 1.428ms
[893.527s][info][gc,cpu         ] GC(2477) User=0.00s Sys=0.00s Real=0.01s
[893.579s][info][gc,start       ] GC(2478) Pause Young (Allocation Failure)
[893.581s][info][gc,heap        ] GC(2478) PSYoungGen: 290880K(310784K)->32K(311296K) Eden: 290816K(290816K)->0K(294912K) From: 64K(19968K)->32K(16384K)
[893.581s][info][gc,heap        ] GC(2478) ParOldGen: 358643K(358912K)->358659K(358912K)
[893.581s][info][gc,metaspace   ] GC(2478) Metaspace: 35630K(36352K)->35630K(36352K) NonClass: 29357K(29888K)->29357K(29888K) Class: 6272K(6464K)->6272K(6464K)
[893.581s][info][gc             ] GC(2478) Pause Young (Allocation Failure) 634M->350M(654M) 1.382ms
[893.581s][info][gc,cpu         ] GC(2478) User=0.01s Sys=0.00s Real=0.00s
[893.650s][info][gc,start       ] GC(2479) Pause Young (Allocation Failure)
[893.651s][info][gc,heap        ] GC(2479) PSYoungGen: 294944K(311296K)->64K(312832K) Eden: 294912K(294912K)->0K(294912K) From: 32K(16384K)->64K(17920K)
[893.651s][info][gc,heap        ] GC(2479) ParOldGen: 358659K(358912K)->358659K(358912K)
[893.651s][info][gc,metaspace   ] GC(2479) Metaspace: 35630K(36352K)->35630K(36352K) NonClass: 29357K(29888K)->29357K(29888K) Class: 6272K(6464K)->6272K(6464K)
[893.651s][info][gc             ] GC(2479) Pause Young (Allocation Failure) 638M->350M(656M) 1.386ms
[893.651s][info][gc,cpu         ] GC(2479) User=0.00s Sys=0.00s Real=0.00s
[893.864s][info][gc,start       ] GC(2480) Pause Young (Allocation Failure)
[893.866s][info][gc,heap        ] GC(2480) PSYoungGen: 294976K(312832K)->64K(314368K) Eden: 294912K(294912K)->0K(299008K) From: 64K(17920K)->64K(15360K)
[893.866s][info][gc,heap        ] GC(2480) ParOldGen: 358659K(358912K)->358675K(358912K)
[893.866s][info][gc,metaspace   ] GC(2480) Metaspace: 35630K(36352K)->35630K(36352K) NonClass: 29357K(29888K)->29357K(29888K) Class: 6272K(6464K)->6272K(6464K)
[893.866s][info][gc             ] GC(2480) Pause Young (Allocation Failure) 638M->350M(657M) 1.439ms
[893.866s][info][gc,cpu         ] GC(2480) User=0.00s Sys=0.00s Real=0.01s
[894.083s][info][gc,start       ] GC(2481) Pause Young (Allocation Failure)
[894.084s][info][gc,heap        ] GC(2481) PSYoungGen: 299072K(314368K)->64K(315392K) Eden: 299008K(299008K)->0K(299008K) From: 64K(15360K)->64K(16384K)
[894.084s][info][gc,heap        ] GC(2481) ParOldGen: 358675K(358912K)->358675K(358912K)
[894.084s][info][gc,metaspace   ] GC(2481) Metaspace: 35630K(36352K)->35630K(36352K) NonClass: 29357K(29888K)->29357K(29888K) Class: 6272K(6464K)->6272K(6464K)
[894.084s][info][gc             ] GC(2481) Pause Young (Allocation Failure) 642M->350M(658M) 1.434ms
[894.084s][info][gc,cpu         ] GC(2481) User=0.00s Sys=0.00s Real=0.00s
[894.167s][info][gc,start       ] GC(2482) Pause Young (Allocation Failure)
[894.169s][info][gc,heap        ] GC(2482) PSYoungGen: 299072K(315392K)->64K(315392K) Eden: 299008K(299008K)->0K(302080K) From: 64K(16384K)->64K(13312K)
[894.169s][info][gc,heap        ] GC(2482) ParOldGen: 358675K(358912K)->358683K(358912K)
[894.169s][info][gc,metaspace   ] GC(2482) Metaspace: 35630K(36352K)->35630K(36352K) NonClass: 29357K(29888K)->29357K(29888K) Class: 6272K(6464K)->6272K(6464K)
[894.169s][info][gc             ] GC(2482) Pause Young (Allocation Failure) 642M->350M(658M) 1.421ms
[894.169s][info][gc,cpu         ] GC(2482) User=0.00s Sys=0.00s Real=0.00s
[894.290s][info][gc,start       ] GC(2483) Pause Young (Allocation Failure)
[894.291s][info][gc,heap        ] GC(2483) PSYoungGen: 302144K(315392K)->64K(316416K) Eden: 302080K(302080K)->0K(302080K) From: 64K(13312K)->64K(14336K)
[894.291s][info][gc,heap        ] GC(2483) ParOldGen: 358683K(358912K)->358691K(358912K)
[894.291s][info][gc,metaspace   ] GC(2483) Metaspace: 35630K(36352K)->35630K(36352K) NonClass: 29357K(29888K)->29357K(29888K) Class: 6272K(6464K)->6272K(6464K)
[894.291s][info][gc             ] GC(2483) Pause Young (Allocation Failure) 645M->350M(659M) 1.392ms
[894.292s][info][gc,cpu         ] GC(2483) User=0.00s Sys=0.00s Real=0.00s
[894.669s][info][gc,start       ] GC(2484) Pause Young (Allocation Failure)
[894.670s][info][gc,heap        ] GC(2484) PSYoungGen: 302144K(316416K)->64K(317440K) Eden: 302080K(302080K)->0K(306176K) From: 64K(14336K)->64K(11264K)
[894.670s][info][gc,heap        ] GC(2484) ParOldGen: 358691K(358912K)->358699K(358912K)
[894.670s][info][gc,metaspace   ] GC(2484) Metaspace: 35630K(36352K)->35630K(36352K) NonClass: 29357K(29888K)->29357K(29888K) Class: 6272K(6464K)->6272K(6464K)
[894.670s][info][gc             ] GC(2484) Pause Young (Allocation Failure) 645M->350M(660M) 1.457ms
[894.671s][info][gc,cpu         ] GC(2484) User=0.00s Sys=0.00s Real=0.00s
[895.392s][info][gc,start       ] GC(2485) Pause Young (Allocation Failure)
[895.394s][info][gc,heap        ] GC(2485) PSYoungGen: 306240K(317440K)->83K(294400K) Eden: 306176K(306176K)->0K(293888K) From: 64K(11264K)->83K(512K)
[895.394s][info][gc,heap        ] GC(2485) ParOldGen: 358699K(358912K)->358707K(358912K)
[895.394s][info][gc,metaspace   ] GC(2485) Metaspace: 35630K(36352K)->35630K(36352K) NonClass: 29357K(29888K)->29357K(29888K) Class: 6272K(6464K)->6272K(6464K)
[895.394s][info][gc             ] GC(2485) Pause Young (Allocation Failure) 649M->350M(638M) 2.160ms
[895.394s][info][gc,cpu         ] GC(2485) User=0.01s Sys=0.01s Real=0.00s
[896.366s][info][gc,start       ] GC(2486) Pause Young (Allocation Failure)
[896.369s][info][gc,heap        ] GC(2486) PSYoungGen: 293971K(294400K)->64K(282624K) Eden: 293888K(293888K)->0K(282112K) From: 83K(512K)->64K(512K)
[896.369s][info][gc,heap        ] GC(2486) ParOldGen: 358707K(358912K)->358715K(358912K)
[896.369s][info][gc,metaspace   ] GC(2486) Metaspace: 35630K(36352K)->35630K(36352K) NonClass: 29357K(29888K)->29357K(29888K) Class: 6272K(6464K)->6272K(6464K)
[896.369s][info][gc             ] GC(2486) Pause Young (Allocation Failure) 637M->350M(626M) 2.403ms
[896.369s][info][gc,cpu         ] GC(2486) User=0.01s Sys=0.00s Real=0.00s
[896.808s][info][gc,start       ] GC(2487) Pause Young (Allocation Failure)
[896.810s][info][gc,heap        ] GC(2487) PSYoungGen: 282176K(282624K)->64K(281600K) Eden: 282112K(282112K)->0K(270848K) From: 64K(512K)->64K(10752K)
[896.810s][info][gc,heap        ] GC(2487) ParOldGen: 358715K(358912K)->358723K(358912K)
[896.810s][info][gc,metaspace   ] GC(2487) Metaspace: 35630K(36352K)->35630K(36352K) NonClass: 29357K(29888K)->29357K(29888K) Class: 6272K(6464K)->6272K(6464K)
[896.810s][info][gc             ] GC(2487) Pause Young (Allocation Failure) 625M->350M(625M) 1.348ms
[896.810s][info][gc,cpu         ] GC(2487) User=0.01s Sys=0.00s Real=0.00s
[897.811s][info][gc,start       ] GC(2488) Pause Young (Allocation Failure)
[897.813s][info][gc,heap        ] GC(2488) PSYoungGen: 270912K(281600K)->64K(261120K) Eden: 270848K(270848K)->0K(260608K) From: 64K(10752K)->64K(512K)
[897.813s][info][gc,heap        ] GC(2488) ParOldGen: 358723K(358912K)->358731K(358912K)
[897.813s][info][gc,metaspace   ] GC(2488) Metaspace: 35630K(36352K)->35630K(36352K) NonClass: 29357K(29888K)->29357K(29888K) Class: 6272K(6464K)->6272K(6464K)
[897.813s][info][gc             ] GC(2488) Pause Young (Allocation Failure) 614M->350M(605M) 2.176ms
[897.813s][info][gc,cpu         ] GC(2488) User=0.00s Sys=0.00s Real=0.00s
[898.213s][info][gc,start       ] GC(2489) Pause Young (Allocation Failure)
[898.215s][info][gc,heap        ] GC(2489) PSYoungGen: 260672K(261120K)->64K(260608K) Eden: 260608K(260608K)->0K(250880K) From: 64K(512K)->64K(9728K)
[898.215s][info][gc,heap        ] GC(2489) ParOldGen: 358731K(358912K)->358747K(358912K)
[898.215s][info][gc,metaspace   ] GC(2489) Metaspace: 35630K(36352K)->35630K(36352K) NonClass: 29357K(29888K)->29357K(29888K) Class: 6272K(6464K)->6272K(6464K)
[898.215s][info][gc             ] GC(2489) Pause Young (Allocation Failure) 604M->350M(605M) 2.473ms
[898.215s][info][gc,cpu         ] GC(2489) User=0.00s Sys=0.00s Real=0.00s
[898.418s][info][gc,start       ] GC(2490) Pause Young (Allocation Failure)
[898.422s][info][gc,heap        ] GC(2490) PSYoungGen: 250944K(260608K)->64K(241664K) Eden: 250880K(250880K)->0K(241152K) From: 64K(9728K)->64K(512K)
[898.422s][info][gc,heap        ] GC(2490) ParOldGen: 358747K(358912K)->358755K(358912K)
[898.422s][info][gc,metaspace   ] GC(2490) Metaspace: 35630K(36352K)->35630K(36352K) NonClass: 29357K(29888K)->29357K(29888K) Class: 6272K(6464K)->6272K(6464K)
[898.422s][info][gc             ] GC(2490) Pause Young (Allocation Failure) 595M->350M(586M) 3.144ms
[898.422s][info][gc,cpu         ] GC(2490) User=0.00s Sys=0.00s Real=0.00s
[898.503s][info][gc,start       ] GC(2491) Pause Young (Allocation Failure)
[898.505s][info][gc,heap        ] GC(2491) PSYoungGen: 241216K(241664K)->64K(282624K) Eden: 241152K(241152K)->0K(274432K) From: 64K(512K)->64K(8192K)
[898.505s][info][gc,heap        ] GC(2491) ParOldGen: 358755K(358912K)->358763K(358912K)
[898.505s][info][gc,metaspace   ] GC(2491) Metaspace: 35630K(36352K)->35630K(36352K) NonClass: 29357K(29888K)->29357K(29888K) Class: 6272K(6464K)->6272K(6464K)
[898.505s][info][gc             ] GC(2491) Pause Young (Allocation Failure) 585M->350M(626M) 2.472ms
[898.505s][info][gc,cpu         ] GC(2491) User=0.00s Sys=0.00s Real=0.00s
[899.156s][info][gc,start       ] GC(2492) Pause Young (Allocation Failure)
[899.158s][info][gc,heap        ] GC(2492) PSYoungGen: 274496K(282624K)->64K(293888K) Eden: 274432K(274432K)->0K(286208K) From: 64K(8192K)->64K(7680K)
[899.158s][info][gc,heap        ] GC(2492) ParOldGen: 358763K(358912K)->358771K(358912K)
[899.158s][info][gc,metaspace   ] GC(2492) Metaspace: 35630K(36352K)->35630K(36352K) NonClass: 29357K(29888K)->29357K(29888K) Class: 6272K(6464K)->6272K(6464K)
[899.158s][info][gc             ] GC(2492) Pause Young (Allocation Failure) 618M->350M(637M) 2.646ms
[899.158s][info][gc,cpu         ] GC(2492) User=0.00s Sys=0.00s Real=0.00s
[899.495s][info][gc,start       ] GC(2493) Pause Young (Allocation Failure)
[899.498s][info][gc,heap        ] GC(2493) PSYoungGen: 286272K(293888K)->64K(293376K) Eden: 286208K(286208K)->0K(286208K) From: 64K(7680K)->64K(7168K)
[899.498s][info][gc,heap        ] GC(2493) ParOldGen: 358771K(358912K)->358779K(358912K)
[899.498s][info][gc,metaspace   ] GC(2493) Metaspace: 35630K(36352K)->35630K(36352K) NonClass: 29357K(29888K)->29357K(29888K) Class: 6272K(6464K)->6272K(6464K)
[899.498s][info][gc             ] GC(2493) Pause Young (Allocation Failure) 629M->350M(637M) 2.446ms
[899.498s][info][gc,cpu         ] GC(2493) User=0.00s Sys=0.00s Real=0.01s
[899.839s][info][gc,start       ] GC(2494) Pause Young (Allocation Failure)
[899.921s][info][gc,heap        ] GC(2494) PSYoungGen: 286272K(293376K)->6656K(307712K) Eden: 286208K(286208K)->0K(301056K) From: 64K(7168K)->6656K(6656K)
[899.921s][info][gc,heap        ] GC(2494) ParOldGen: 358779K(358912K)->380915K(380928K)
[899.921s][info][gc,metaspace   ] GC(2494) Metaspace: 35630K(36352K)->35630K(36352K) NonClass: 29357K(29888K)->29357K(29888K) Class: 6272K(6464K)->6272K(6464K)
[899.921s][info][gc             ] GC(2494) Pause Young (Allocation Failure) 629M->378M(672M) 82.874ms
[899.921s][info][gc,cpu         ] GC(2494) User=0.10s Sys=0.03s Real=0.08s
[900.268s][info][gc,start       ] GC(2495) Pause Young (Allocation Failure)
[900.343s][info][gc,heap        ] GC(2495) PSYoungGen: 307712K(307712K)->16384K(317440K) Eden: 301056K(301056K)->0K(301056K) From: 6656K(6656K)->16384K(16384K)
[900.343s][info][gc,heap        ] GC(2495) ParOldGen: 380915K(380928K)->397451K(397824K)
[900.343s][info][gc,metaspace   ] GC(2495) Metaspace: 35630K(36352K)->35630K(36352K) NonClass: 29357K(29888K)->29357K(29888K) Class: 6272K(6464K)->6272K(6464K)
[900.343s][info][gc             ] GC(2495) Pause Young (Allocation Failure) 672M->404M(698M) 75.238ms
[900.343s][info][gc,cpu         ] GC(2495) User=0.13s Sys=0.02s Real=0.07s
[900.496s][info][gc,start       ] GC(2496) Pause Young (Allocation Failure)
[900.518s][info][gc,heap        ] GC(2496) PSYoungGen: 317440K(317440K)->8096K(301056K) Eden: 301056K(301056K)->0K(284672K) From: 16384K(16384K)->8096K(16384K)
[900.518s][info][gc,heap        ] GC(2496) ParOldGen: 397451K(397824K)->398043K(398336K)
[900.518s][info][gc,metaspace   ] GC(2496) Metaspace: 35630K(36352K)->35630K(36352K) NonClass: 29357K(29888K)->29357K(29888K) Class: 6272K(6464K)->6272K(6464K)
[900.518s][info][gc             ] GC(2496) Pause Young (Allocation Failure) 698M->396M(683M) 22.213ms
[900.518s][info][gc,cpu         ] GC(2496) User=0.04s Sys=0.00s Real=0.02s
[901.065s][info][gc,start       ] GC(2497) Pause Young (Allocation Failure)
[901.066s][info][gc,heap        ] GC(2497) PSYoungGen: 292768K(301056K)->64K(309248K) Eden: 284672K(284672K)->0K(284672K) From: 8096K(16384K)->64K(24576K)
[901.066s][info][gc,heap        ] GC(2497) ParOldGen: 398043K(398336K)->398051K(398336K)
[901.066s][info][gc,metaspace   ] GC(2497) Metaspace: 35630K(36352K)->35630K(36352K) NonClass: 29357K(29888K)->29357K(29888K) Class: 6272K(6464K)->6272K(6464K)
[901.066s][info][gc             ] GC(2497) Pause Young (Allocation Failure) 674M->388M(691M) 1.416ms
[901.066s][info][gc,cpu         ] GC(2497) User=0.00s Sys=0.00s Real=0.01s
[901.555s][info][gc,start       ] GC(2498) Pause Young (Allocation Failure)
[901.557s][info][gc,heap        ] GC(2498) PSYoungGen: 284736K(309248K)->64K(307712K) Eden: 284672K(284672K)->0K(285184K) From: 64K(24576K)->64K(22528K)
[901.557s][info][gc,heap        ] GC(2498) ParOldGen: 398051K(398336K)->398059K(398336K)
[901.557s][info][gc,metaspace   ] GC(2498) Metaspace: 35630K(36352K)->35630K(36352K) NonClass: 29357K(29888K)->29357K(29888K) Class: 6272K(6464K)->6272K(6464K)
[901.557s][info][gc             ] GC(2498) Pause Young (Allocation Failure) 666M->388M(689M) 1.744ms
[901.557s][info][gc,cpu         ] GC(2498) User=0.00s Sys=0.00s Real=0.01s
[901.990s][info][gc,start       ] GC(2499) Pause Young (Allocation Failure)
[901.991s][info][gc,heap        ] GC(2499) PSYoungGen: 285248K(307712K)->64K(308736K) Eden: 285184K(285184K)->0K(285184K) From: 64K(22528K)->64K(23552K)
[901.991s][info][gc,heap        ] GC(2499) ParOldGen: 398059K(398336K)->398075K(398336K)
[901.991s][info][gc,metaspace   ] GC(2499) Metaspace: 35630K(36352K)->35630K(36352K) NonClass: 29357K(29888K)->29357K(29888K) Class: 6272K(6464K)->6272K(6464K)
[901.991s][info][gc             ] GC(2499) Pause Young (Allocation Failure) 667M->388M(690M) 1.550ms
[901.991s][info][gc,cpu         ] GC(2499) User=0.00s Sys=0.00s Real=0.00s
[902.216s][info][gc,start       ] GC(2500) Pause Young (Allocation Failure)
[902.217s][info][gc,heap        ] GC(2500) PSYoungGen: 285248K(308736K)->64K(308224K) Eden: 285184K(285184K)->0K(287744K) From: 64K(23552K)->64K(20480K)
[902.217s][info][gc,heap        ] GC(2500) ParOldGen: 398075K(398336K)->398091K(398336K)
[902.217s][info][gc,metaspace   ] GC(2500) Metaspace: 35630K(36352K)->35630K(36352K) NonClass: 29357K(29888K)->29357K(29888K) Class: 6272K(6464K)->6272K(6464K)
[902.218s][info][gc             ] GC(2500) Pause Young (Allocation Failure) 667M->388M(690M) 1.696ms
[902.218s][info][gc,cpu         ] GC(2500) User=0.01s Sys=0.00s Real=0.00s
[902.445s][info][gc,start       ] GC(2501) Pause Young (Allocation Failure)
[902.446s][info][gc,heap        ] GC(2501) PSYoungGen: 287808K(308224K)->64K(309248K) Eden: 287744K(287744K)->0K(287744K) From: 64K(20480K)->64K(21504K)
[902.446s][info][gc,heap        ] GC(2501) ParOldGen: 398091K(398336K)->398091K(398336K)
[902.446s][info][gc,metaspace   ] GC(2501) Metaspace: 35630K(36352K)->35630K(36352K) NonClass: 29357K(29888K)->29357K(29888K) Class: 6272K(6464K)->6272K(6464K)
[902.446s][info][gc             ] GC(2501) Pause Young (Allocation Failure) 669M->388M(691M) 1.516ms
[902.446s][info][gc,cpu         ] GC(2501) User=0.00s Sys=0.00s Real=0.01s
[902.811s][info][gc,start       ] GC(2502) Pause Young (Allocation Failure)
[902.812s][info][gc,heap        ] GC(2502) PSYoungGen: 287808K(309248K)->64K(310272K) Eden: 287744K(287744K)->0K(291840K) From: 64K(21504K)->64K(18432K)
[902.813s][info][gc,heap        ] GC(2502) ParOldGen: 398091K(398336K)->398091K(398336K)
[902.813s][info][gc,metaspace   ] GC(2502) Metaspace: 35630K(36352K)->35630K(36352K) NonClass: 29357K(29888K)->29357K(29888K) Class: 6272K(6464K)->6272K(6464K)
[902.813s][info][gc             ] GC(2502) Pause Young (Allocation Failure) 669M->388M(692M) 1.504ms
[902.813s][info][gc,cpu         ] GC(2502) User=0.00s Sys=0.00s Real=0.00s
[902.874s][info][gc,start       ] GC(2503) Pause Young (Allocation Failure)
[902.875s][info][gc,heap        ] GC(2503) PSYoungGen: 291904K(310272K)->64K(311296K) Eden: 291840K(291840K)->0K(291840K) From: 64K(18432K)->64K(19456K)
[902.875s][info][gc,heap        ] GC(2503) ParOldGen: 398091K(398336K)->398099K(398336K)
[902.875s][info][gc,metaspace   ] GC(2503) Metaspace: 35630K(36352K)->35630K(36352K) NonClass: 29357K(29888K)->29357K(29888K) Class: 6272K(6464K)->6272K(6464K)
[902.875s][info][gc             ] GC(2503) Pause Young (Allocation Failure) 673M->388M(693M) 1.453ms
[902.875s][info][gc,cpu         ] GC(2503) User=0.00s Sys=0.00s Real=0.00s
[902.927s][info][gc,start       ] GC(2504) Pause Young (Allocation Failure)
[902.929s][info][gc,heap        ] GC(2504) PSYoungGen: 291904K(311296K)->64K(312320K) Eden: 291840K(291840K)->0K(295936K) From: 64K(19456K)->64K(16384K)
[902.929s][info][gc,heap        ] GC(2504) ParOldGen: 398099K(398336K)->398115K(398336K)
[902.929s][info][gc,metaspace   ] GC(2504) Metaspace: 35630K(36352K)->35630K(36352K) NonClass: 29357K(29888K)->29357K(29888K) Class: 6272K(6464K)->6272K(6464K)
[902.929s][info][gc             ] GC(2504) Pause Young (Allocation Failure) 673M->388M(694M) 1.482ms
[902.929s][info][gc,cpu         ] GC(2504) User=0.01s Sys=0.00s Real=0.00s
[903.093s][info][gc,start       ] GC(2505) Pause Young (Allocation Failure)
[903.094s][info][gc,heap        ] GC(2505) PSYoungGen: 296000K(312320K)->64K(313344K) Eden: 295936K(295936K)->0K(295936K) From: 64K(16384K)->64K(17408K)
[903.094s][info][gc,heap        ] GC(2505) ParOldGen: 398115K(398336K)->398115K(398336K)
[903.094s][info][gc,metaspace   ] GC(2505) Metaspace: 35630K(36352K)->35630K(36352K) NonClass: 29357K(29888K)->29357K(29888K) Class: 6272K(6464K)->6272K(6464K)
[903.094s][info][gc             ] GC(2505) Pause Young (Allocation Failure) 677M->388M(695M) 1.503ms
[903.094s][info][gc,cpu         ] GC(2505) User=0.00s Sys=0.00s Real=0.00s
[903.307s][info][gc,start       ] GC(2506) Pause Young (Allocation Failure)
[903.308s][info][gc,heap        ] GC(2506) PSYoungGen: 296000K(313344K)->64K(315392K) Eden: 295936K(295936K)->0K(300032K) From: 64K(17408K)->64K(15360K)
[903.308s][info][gc,heap        ] GC(2506) ParOldGen: 398115K(398336K)->398123K(398336K)
[903.308s][info][gc,metaspace   ] GC(2506) Metaspace: 35630K(36352K)->35630K(36352K) NonClass: 29357K(29888K)->29357K(29888K) Class: 6272K(6464K)->6272K(6464K)
[903.308s][info][gc             ] GC(2506) Pause Young (Allocation Failure) 677M->388M(697M) 1.469ms
[903.308s][info][gc,cpu         ] GC(2506) User=0.00s Sys=0.00s Real=0.00s
[903.443s][info][gc,start       ] GC(2507) Pause Young (Allocation Failure)
[903.444s][info][gc,heap        ] GC(2507) PSYoungGen: 300096K(315392K)->64K(315904K) Eden: 300032K(300032K)->0K(300032K) From: 64K(15360K)->64K(15872K)
[903.444s][info][gc,heap        ] GC(2507) ParOldGen: 398123K(398336K)->398131K(398336K)
[903.444s][info][gc,metaspace   ] GC(2507) Metaspace: 35630K(36352K)->35630K(36352K) NonClass: 29357K(29888K)->29357K(29888K) Class: 6272K(6464K)->6272K(6464K)
[903.444s][info][gc             ] GC(2507) Pause Young (Allocation Failure) 681M->388M(697M) 1.518ms
[903.444s][info][gc,cpu         ] GC(2507) User=0.00s Sys=0.00s Real=0.00s
[903.532s][info][gc,start       ] GC(2508) Pause Young (Allocation Failure)
[903.534s][info][gc,heap        ] GC(2508) PSYoungGen: 300096K(315904K)->64K(316416K) Eden: 300032K(300032K)->0K(303104K) From: 64K(15872K)->64K(13312K)
[903.534s][info][gc,heap        ] GC(2508) ParOldGen: 398131K(398336K)->398139K(398336K)
[903.534s][info][gc,metaspace   ] GC(2508) Metaspace: 35630K(36352K)->35630K(36352K) NonClass: 29357K(29888K)->29357K(29888K) Class: 6272K(6464K)->6272K(6464K)
[903.534s][info][gc             ] GC(2508) Pause Young (Allocation Failure) 681M->388M(698M) 1.513ms
[903.534s][info][gc,cpu         ] GC(2508) User=0.00s Sys=0.00s Real=0.00s
[903.710s][info][gc,start       ] GC(2509) Pause Young (Allocation Failure)
[903.711s][info][gc,heap        ] GC(2509) PSYoungGen: 303168K(316416K)->64K(316928K) Eden: 303104K(303104K)->0K(303104K) From: 64K(13312K)->64K(13824K)
[903.712s][info][gc,heap        ] GC(2509) ParOldGen: 398139K(398336K)->398147K(398336K)
[903.712s][info][gc,metaspace   ] GC(2509) Metaspace: 35630K(36352K)->35630K(36352K) NonClass: 29357K(29888K)->29357K(29888K) Class: 6272K(6464K)->6272K(6464K)
[903.712s][info][gc             ] GC(2509) Pause Young (Allocation Failure) 684M->388M(698M) 1.526ms
[903.712s][info][gc,cpu         ] GC(2509) User=0.00s Sys=0.00s Real=0.00s
[904.678s][info][gc,start       ] GC(2510) Pause Young (Allocation Failure)
[904.680s][info][gc,heap        ] GC(2510) PSYoungGen: 303168K(316928K)->83K(319488K) Eden: 303104K(303104K)->0K(307200K) From: 64K(13824K)->83K(12288K)
[904.680s][info][gc,heap        ] GC(2510) ParOldGen: 398147K(398336K)->398155K(398336K)
[904.680s][info][gc,metaspace   ] GC(2510) Metaspace: 35630K(36352K)->35630K(36352K) NonClass: 29357K(29888K)->29357K(29888K) Class: 6272K(6464K)->6272K(6464K)
[904.680s][info][gc             ] GC(2510) Pause Young (Allocation Failure) 684M->388M(701M) 1.500ms
[904.680s][info][gc,cpu         ] GC(2510) User=0.00s Sys=0.00s Real=0.00s
[905.580s][info][gc,start       ] GC(2511) Pause Young (Allocation Failure)
[905.582s][info][gc,heap        ] GC(2511) PSYoungGen: 307283K(319488K)->64K(295424K) Eden: 307200K(307200K)->0K(294912K) From: 83K(12288K)->64K(512K)
[905.582s][info][gc,heap        ] GC(2511) ParOldGen: 398155K(398336K)->398163K(398336K)
[905.582s][info][gc,metaspace   ] GC(2511) Metaspace: 35630K(36352K)->35630K(36352K) NonClass: 29357K(29888K)->29357K(29888K) Class: 6272K(6464K)->6272K(6464K)
[905.582s][info][gc             ] GC(2511) Pause Young (Allocation Failure) 688M->388M(677M) 2.236ms
[905.582s][info][gc,cpu         ] GC(2511) User=0.00s Sys=0.00s Real=0.00s
[905.945s][info][gc,start       ] GC(2512) Pause Young (Allocation Failure)
[905.947s][info][gc,heap        ] GC(2512) PSYoungGen: 294976K(295424K)->64K(283648K) Eden: 294912K(294912K)->0K(283136K) From: 64K(512K)->64K(512K)
[905.947s][info][gc,heap        ] GC(2512) ParOldGen: 398163K(398336K)->398171K(398336K)
[905.947s][info][gc,metaspace   ] GC(2512) Metaspace: 35630K(36352K)->35630K(36352K) NonClass: 29357K(29888K)->29357K(29888K) Class: 6272K(6464K)->6272K(6464K)
[905.947s][info][gc             ] GC(2512) Pause Young (Allocation Failure) 676M->388M(666M) 2.215ms
[905.947s][info][gc,cpu         ] GC(2512) User=0.01s Sys=0.00s Real=0.01s
[906.336s][info][gc,start       ] GC(2513) Pause Young (Allocation Failure)
[906.338s][info][gc,heap        ] GC(2513) PSYoungGen: 283200K(283648K)->64K(282624K) Eden: 283136K(283136K)->0K(271872K) From: 64K(512K)->64K(10752K)
[906.338s][info][gc,heap        ] GC(2513) ParOldGen: 398171K(398336K)->398179K(398336K)
[906.338s][info][gc,metaspace   ] GC(2513) Metaspace: 35630K(36352K)->35630K(36352K) NonClass: 29357K(29888K)->29357K(29888K) Class: 6272K(6464K)->6272K(6464K)
[906.338s][info][gc             ] GC(2513) Pause Young (Allocation Failure) 665M->388M(665M) 1.474ms
[906.338s][info][gc,cpu         ] GC(2513) User=0.01s Sys=0.00s Real=0.00s
[907.305s][info][gc,start       ] GC(2514) Pause Young (Allocation Failure)
[907.307s][info][gc,heap        ] GC(2514) PSYoungGen: 271936K(282624K)->64K(261632K) Eden: 271872K(271872K)->0K(261120K) From: 64K(10752K)->64K(512K)
[907.307s][info][gc,heap        ] GC(2514) ParOldGen: 398179K(398336K)->398187K(398336K)
[907.307s][info][gc,metaspace   ] GC(2514) Metaspace: 35630K(36352K)->35630K(36352K) NonClass: 29357K(29888K)->29357K(29888K) Class: 6272K(6464K)->6272K(6464K)
[907.307s][info][gc             ] GC(2514) Pause Young (Allocation Failure) 654M->388M(644M) 2.501ms
[907.307s][info][gc,cpu         ] GC(2514) User=0.00s Sys=0.00s Real=0.01s
[907.690s][info][gc,start       ] GC(2515) Pause Young (Allocation Failure)
[907.692s][info][gc,heap        ] GC(2515) PSYoungGen: 261184K(261632K)->64K(260096K) Eden: 261120K(261120K)->0K(250880K) From: 64K(512K)->64K(9216K)
[907.692s][info][gc,heap        ] GC(2515) ParOldGen: 398187K(398336K)->398195K(398336K)
[907.692s][info][gc,metaspace   ] GC(2515) Metaspace: 35630K(36352K)->35630K(36352K) NonClass: 29357K(29888K)->29357K(29888K) Class: 6272K(6464K)->6272K(6464K)
[907.692s][info][gc             ] GC(2515) Pause Young (Allocation Failure) 643M->388M(643M) 2.008ms
[907.692s][info][gc,cpu         ] GC(2515) User=0.00s Sys=0.00s Real=0.00s
[907.778s][info][gc,start       ] GC(2516) Pause Young (Allocation Failure)
[907.780s][info][gc,heap        ] GC(2516) PSYoungGen: 250944K(260096K)->64K(291840K) Eden: 250880K(250880K)->0K(283136K) From: 64K(9216K)->64K(8704K)
[907.780s][info][gc,heap        ] GC(2516) ParOldGen: 398195K(398336K)->398211K(398336K)
[907.780s][info][gc,metaspace   ] GC(2516) Metaspace: 35630K(36352K)->35630K(36352K) NonClass: 29357K(29888K)->29357K(29888K) Class: 6272K(6464K)->6272K(6464K)
[907.780s][info][gc             ] GC(2516) Pause Young (Allocation Failure) 633M->388M(674M) 2.648ms
[907.780s][info][gc,cpu         ] GC(2516) User=0.00s Sys=0.00s Real=0.00s
[908.356s][info][gc,start       ] GC(2517) Pause Young (Allocation Failure)
[908.358s][info][gc,heap        ] GC(2517) PSYoungGen: 283200K(291840K)->64K(291328K) Eden: 283136K(283136K)->0K(283136K) From: 64K(8704K)->64K(8192K)
[908.358s][info][gc,heap        ] GC(2517) ParOldGen: 398211K(398336K)->398227K(398336K)
[908.358s][info][gc,metaspace   ] GC(2517) Metaspace: 35630K(36352K)->35630K(36352K) NonClass: 29357K(29888K)->29357K(29888K) Class: 6272K(6464K)->6272K(6464K)
[908.358s][info][gc             ] GC(2517) Pause Young (Allocation Failure) 665M->388M(673M) 2.746ms
[908.358s][info][gc,cpu         ] GC(2517) User=0.01s Sys=0.00s Real=0.01s
[908.717s][info][gc,start       ] GC(2518) Pause Young (Allocation Failure)
[908.719s][info][gc,heap        ] GC(2518) PSYoungGen: 283200K(291328K)->64K(272384K) Eden: 283136K(283136K)->0K(271872K) From: 64K(8192K)->64K(512K)
[908.719s][info][gc,heap        ] GC(2518) ParOldGen: 398227K(398336K)->398243K(398336K)
[908.719s][info][gc,metaspace   ] GC(2518) Metaspace: 35630K(36352K)->35630K(36352K) NonClass: 29357K(29888K)->29357K(29888K) Class: 6272K(6464K)->6272K(6464K)
[908.719s][info][gc             ] GC(2518) Pause Young (Allocation Failure) 665M->388M(655M) 2.734ms
[908.719s][info][gc,cpu         ] GC(2518) User=0.01s Sys=0.00s Real=0.00s
[909.084s][info][gc,start       ] GC(2519) Pause Young (Allocation Failure)
[909.138s][info][gc,heap        ] GC(2519) PSYoungGen: 271936K(272384K)->7168K(317952K) Eden: 271872K(271872K)->0K(310784K) From: 64K(512K)->7168K(7168K)
[909.138s][info][gc,heap        ] GC(2519) ParOldGen: 398243K(398336K)->413651K(413696K)
[909.138s][info][gc,metaspace   ] GC(2519) Metaspace: 35630K(36352K)->35630K(36352K) NonClass: 29357K(29888K)->29357K(29888K) Class: 6272K(6464K)->6272K(6464K)
[909.138s][info][gc             ] GC(2519) Pause Young (Allocation Failure) 654M->410M(714M) 53.779ms
[909.138s][info][gc,cpu         ] GC(2519) User=0.08s Sys=0.02s Real=0.06s
[909.494s][info][gc,start       ] GC(2520) Pause Young (Allocation Failure)
[909.570s][info][gc,heap        ] GC(2520) PSYoungGen: 317952K(317952K)->14336K(299008K) Eden: 310784K(310784K)->0K(284672K) From: 7168K(7168K)->14336K(14336K)
[909.570s][info][gc,heap        ] GC(2520) ParOldGen: 413651K(413696K)->433027K(433152K)
[909.570s][info][gc,metaspace   ] GC(2520) Metaspace: 35630K(36352K)->35630K(36352K) NonClass: 29357K(29888K)->29357K(29888K) Class: 6272K(6464K)->6272K(6464K)
[909.570s][info][gc             ] GC(2520) Pause Young (Allocation Failure) 714M->436M(715M) 75.468ms
[909.570s][info][gc,cpu         ] GC(2520) User=0.13s Sys=0.02s Real=0.08s
[909.755s][info][gc,start       ] GC(2521) Pause Young (Allocation Failure)
[909.782s][info][gc,heap        ] GC(2521) PSYoungGen: 299008K(299008K)->13280K(297984K) Eden: 284672K(284672K)->0K(284672K) From: 14336K(14336K)->13280K(13312K)
[909.782s][info][gc,heap        ] GC(2521) ParOldGen: 433027K(433152K)->433747K(434176K)
[909.782s][info][gc,metaspace   ] GC(2521) Metaspace: 35630K(36352K)->35630K(36352K) NonClass: 29357K(29888K)->29357K(29888K) Class: 6272K(6464K)->6272K(6464K)
[909.782s][info][gc             ] GC(2521) Pause Young (Allocation Failure) 714M->436M(715M) 27.087ms
[909.782s][info][gc,cpu         ] GC(2521) User=0.05s Sys=0.00s Real=0.03s
[910.194s][info][gc,start       ] GC(2522) Pause Young (Allocation Failure)
[910.195s][info][gc,heap        ] GC(2522) PSYoungGen: 297952K(297984K)->64K(308736K) Eden: 284672K(284672K)->0K(283136K) From: 13280K(13312K)->64K(25600K)
[910.195s][info][gc,heap        ] GC(2522) ParOldGen: 433747K(434176K)->433755K(434176K)
[910.195s][info][gc,metaspace   ] GC(2522) Metaspace: 35630K(36352K)->35630K(36352K) NonClass: 29357K(29888K)->29357K(29888K) Class: 6272K(6464K)->6272K(6464K)
[910.195s][info][gc             ] GC(2522) Pause Young (Allocation Failure) 714M->423M(725M) 1.513ms
[910.195s][info][gc,cpu         ] GC(2522) User=0.00s Sys=0.00s Real=0.00s
[910.785s][info][gc,start       ] GC(2523) Pause Young (Allocation Failure)
[910.786s][info][gc,heap        ] GC(2523) PSYoungGen: 283200K(308736K)->64K(283648K) Eden: 283136K(283136K)->0K(283136K) From: 64K(25600K)->64K(512K)
[910.786s][info][gc,heap        ] GC(2523) ParOldGen: 433755K(434176K)->433763K(434176K)
[910.786s][info][gc,metaspace   ] GC(2523) Metaspace: 35630K(36352K)->35630K(36352K) NonClass: 29357K(29888K)->29357K(29888K) Class: 6272K(6464K)->6272K(6464K)
[910.786s][info][gc             ] GC(2523) Pause Young (Allocation Failure) 700M->423M(701M) 1.812ms
[910.786s][info][gc,cpu         ] GC(2523) User=0.00s Sys=0.00s Real=0.01s
[911.221s][info][gc,start       ] GC(2524) Pause Young (Allocation Failure)
[911.223s][info][gc,heap        ] GC(2524) PSYoungGen: 283200K(283648K)->64K(308224K) Eden: 283136K(283136K)->0K(284160K) From: 64K(512K)->64K(24064K)
[911.223s][info][gc,heap        ] GC(2524) ParOldGen: 433763K(434176K)->433779K(434176K)
[911.223s][info][gc,metaspace   ] GC(2524) Metaspace: 35630K(36352K)->35630K(36352K) NonClass: 29357K(29888K)->29357K(29888K) Class: 6272K(6464K)->6272K(6464K)
[911.223s][info][gc             ] GC(2524) Pause Young (Allocation Failure) 700M->423M(725M) 1.604ms
[911.223s][info][gc,cpu         ] GC(2524) User=0.01s Sys=0.00s Real=0.00s
[911.446s][info][gc,start       ] GC(2525) Pause Young (Allocation Failure)
[911.448s][info][gc,heap        ] GC(2525) PSYoungGen: 284224K(308224K)->64K(307200K) Eden: 284160K(284160K)->0K(284160K) From: 64K(24064K)->64K(23040K)
[911.448s][info][gc,heap        ] GC(2525) ParOldGen: 433779K(434176K)->433795K(434176K)
[911.448s][info][gc,metaspace   ] GC(2525) Metaspace: 35630K(36352K)->35630K(36352K) NonClass: 29357K(29888K)->29357K(29888K) Class: 6272K(6464K)->6272K(6464K)
[911.448s][info][gc             ] GC(2525) Pause Young (Allocation Failure) 701M->423M(724M) 1.621ms
[911.448s][info][gc,cpu         ] GC(2525) User=0.00s Sys=0.00s Real=0.00s
[911.671s][info][gc,start       ] GC(2526) Pause Young (Allocation Failure)
[911.673s][info][gc,heap        ] GC(2526) PSYoungGen: 284224K(307200K)->64K(309760K) Eden: 284160K(284160K)->0K(287744K) From: 64K(23040K)->64K(22016K)
[911.673s][info][gc,heap        ] GC(2526) ParOldGen: 433795K(434176K)->433795K(434176K)
[911.673s][info][gc,metaspace   ] GC(2526) Metaspace: 35630K(36352K)->35630K(36352K) NonClass: 29357K(29888K)->29357K(29888K) Class: 6272K(6464K)->6272K(6464K)
[911.673s][info][gc             ] GC(2526) Pause Young (Allocation Failure) 701M->423M(726M) 1.558ms
[911.673s][info][gc,cpu         ] GC(2526) User=0.00s Sys=0.00s Real=0.00s
[912.024s][info][gc,start       ] GC(2527) Pause Young (Allocation Failure)
[912.025s][info][gc,heap        ] GC(2527) PSYoungGen: 287808K(309760K)->64K(308736K) Eden: 287744K(287744K)->0K(287744K) From: 64K(22016K)->64K(20992K)
[912.025s][info][gc,heap        ] GC(2527) ParOldGen: 433795K(434176K)->433795K(434176K)
[912.025s][info][gc,metaspace   ] GC(2527) Metaspace: 35630K(36352K)->35630K(36352K) NonClass: 29357K(29888K)->29357K(29888K) Class: 6272K(6464K)->6272K(6464K)
[912.025s][info][gc             ] GC(2527) Pause Young (Allocation Failure) 704M->423M(725M) 1.521ms
[912.025s][info][gc,cpu         ] GC(2527) User=0.01s Sys=0.00s Real=0.00s
[912.145s][info][gc,start       ] GC(2528) Pause Young (Allocation Failure)
[912.147s][info][gc,heap        ] GC(2528) PSYoungGen: 287808K(308736K)->64K(311808K) Eden: 287744K(287744K)->0K(291840K) From: 64K(20992K)->64K(19968K)
[912.147s][info][gc,heap        ] GC(2528) ParOldGen: 433795K(434176K)->433803K(434176K)
[912.147s][info][gc,metaspace   ] GC(2528) Metaspace: 35630K(36352K)->35630K(36352K) NonClass: 29357K(29888K)->29357K(29888K) Class: 6272K(6464K)->6272K(6464K)
[912.147s][info][gc             ] GC(2528) Pause Young (Allocation Failure) 704M->423M(728M) 1.566ms
[912.147s][info][gc,cpu         ] GC(2528) User=0.00s Sys=0.00s Real=0.01s
[912.201s][info][gc,start       ] GC(2529) Pause Young (Allocation Failure)
[912.202s][info][gc,heap        ] GC(2529) PSYoungGen: 291904K(311808K)->64K(310784K) Eden: 291840K(291840K)->0K(291840K) From: 64K(19968K)->64K(18944K)
[912.202s][info][gc,heap        ] GC(2529) ParOldGen: 433803K(434176K)->433819K(434176K)
[912.202s][info][gc,metaspace   ] GC(2529) Metaspace: 35630K(36352K)->35630K(36352K) NonClass: 29357K(29888K)->29357K(29888K) Class: 6272K(6464K)->6272K(6464K)
[912.202s][info][gc             ] GC(2529) Pause Young (Allocation Failure) 708M->423M(727M) 1.529ms
[912.202s][info][gc,cpu         ] GC(2529) User=0.00s Sys=0.00s Real=0.00s
[912.322s][info][gc,start       ] GC(2530) Pause Young (Allocation Failure)
[912.323s][info][gc,heap        ] GC(2530) PSYoungGen: 291904K(310784K)->64K(313856K) Eden: 291840K(291840K)->0K(295936K) From: 64K(18944K)->64K(17920K)
[912.323s][info][gc,heap        ] GC(2530) ParOldGen: 433819K(434176K)->433819K(434176K)
[912.323s][info][gc,metaspace   ] GC(2530) Metaspace: 35630K(36352K)->35630K(36352K) NonClass: 29357K(29888K)->29357K(29888K) Class: 6272K(6464K)->6272K(6464K)
[912.323s][info][gc             ] GC(2530) Pause Young (Allocation Failure) 708M->423M(730M) 1.482ms
[912.323s][info][gc,cpu         ] GC(2530) User=0.00s Sys=0.00s Real=0.00s
[912.537s][info][gc,start       ] GC(2531) Pause Young (Allocation Failure)
[912.538s][info][gc,heap        ] GC(2531) PSYoungGen: 296000K(313856K)->64K(312832K) Eden: 295936K(295936K)->0K(295936K) From: 64K(17920K)->64K(16896K)
[912.538s][info][gc,heap        ] GC(2531) ParOldGen: 433819K(434176K)->433827K(434176K)
[912.538s][info][gc,metaspace   ] GC(2531) Metaspace: 35630K(36352K)->35630K(36352K) NonClass: 29357K(29888K)->29357K(29888K) Class: 6272K(6464K)->6272K(6464K)
[912.538s][info][gc             ] GC(2531) Pause Young (Allocation Failure) 712M->423M(729M) 1.484ms
[912.538s][info][gc,cpu         ] GC(2531) User=0.00s Sys=0.00s Real=0.00s
[912.708s][info][gc,start       ] GC(2532) Pause Young (Allocation Failure)
[912.709s][info][gc,heap        ] GC(2532) PSYoungGen: 296000K(312832K)->64K(315392K) Eden: 295936K(295936K)->0K(299520K) From: 64K(16896K)->64K(15872K)
[912.709s][info][gc,heap        ] GC(2532) ParOldGen: 433827K(434176K)->433835K(434176K)
[912.709s][info][gc,metaspace   ] GC(2532) Metaspace: 35630K(36352K)->35630K(36352K) NonClass: 29357K(29888K)->29357K(29888K) Class: 6272K(6464K)->6272K(6464K)
[912.709s][info][gc             ] GC(2532) Pause Young (Allocation Failure) 712M->423M(732M) 1.613ms
[912.709s][info][gc,cpu         ] GC(2532) User=0.00s Sys=0.00s Real=0.00s
[912.790s][info][gc,start       ] GC(2533) Pause Young (Allocation Failure)
[912.791s][info][gc,heap        ] GC(2533) PSYoungGen: 299584K(315392K)->64K(314880K) Eden: 299520K(299520K)->0K(299520K) From: 64K(15872K)->64K(15360K)
[912.791s][info][gc,heap        ] GC(2533) ParOldGen: 433835K(434176K)->433851K(434176K)
[912.791s][info][gc,metaspace   ] GC(2533) Metaspace: 35630K(36352K)->35630K(36352K) NonClass: 29357K(29888K)->29357K(29888K) Class: 6272K(6464K)->6272K(6464K)
[912.791s][info][gc             ] GC(2533) Pause Young (Allocation Failure) 716M->423M(731M) 1.564ms
[912.791s][info][gc,cpu         ] GC(2533) User=0.00s Sys=0.00s Real=0.00s
[912.941s][info][gc,start       ] GC(2534) Pause Young (Allocation Failure)
[912.943s][info][gc,heap        ] GC(2534) PSYoungGen: 299584K(314880K)->64K(317440K) Eden: 299520K(299520K)->0K(303616K) From: 64K(15360K)->64K(13824K)
[912.943s][info][gc,heap        ] GC(2534) ParOldGen: 433851K(434176K)->433851K(434176K)
[912.943s][info][gc,metaspace   ] GC(2534) Metaspace: 35630K(36352K)->35630K(36352K) NonClass: 29357K(29888K)->29357K(29888K) Class: 6272K(6464K)->6272K(6464K)
[912.943s][info][gc             ] GC(2534) Pause Young (Allocation Failure) 716M->423M(734M) 1.603ms
[912.943s][info][gc,cpu         ] GC(2534) User=0.00s Sys=0.00s Real=0.00s
[913.377s][info][gc,start       ] GC(2535) Pause Young (Allocation Failure)
[913.379s][info][gc,heap        ] GC(2535) PSYoungGen: 303680K(317440K)->64K(316928K) Eden: 303616K(303616K)->0K(303616K) From: 64K(13824K)->64K(13312K)
[913.379s][info][gc,heap        ] GC(2535) ParOldGen: 433851K(434176K)->433859K(434176K)
[913.379s][info][gc,metaspace   ] GC(2535) Metaspace: 35630K(36352K)->35630K(36352K) NonClass: 29357K(29888K)->29357K(29888K) Class: 6272K(6464K)->6272K(6464K)
[913.379s][info][gc             ] GC(2535) Pause Young (Allocation Failure) 720M->423M(733M) 1.605ms
[913.379s][info][gc,cpu         ] GC(2535) User=0.00s Sys=0.00s Real=0.00s
[914.832s][info][gc,start       ] GC(2536) Pause Young (Allocation Failure)
[914.834s][info][gc,heap        ] GC(2536) PSYoungGen: 303680K(316928K)->64K(291840K) Eden: 303616K(303616K)->0K(291328K) From: 64K(13312K)->64K(512K)
[914.834s][info][gc,heap        ] GC(2536) ParOldGen: 433859K(434176K)->433867K(434176K)
[914.834s][info][gc,metaspace   ] GC(2536) Metaspace: 35630K(36352K)->35630K(36352K) NonClass: 29357K(29888K)->29357K(29888K) Class: 6272K(6464K)->6272K(6464K)
[914.834s][info][gc             ] GC(2536) Pause Young (Allocation Failure) 720M->423M(709M) 2.341ms
[914.834s][info][gc,cpu         ] GC(2536) User=0.00s Sys=0.00s Real=0.00s
[915.048s][info][gc,start       ] GC(2537) Pause Young (Allocation Failure)
[915.049s][info][gc,heap        ] GC(2537) PSYoungGen: 291392K(291840K)->64K(291840K) Eden: 291328K(291328K)->0K(280064K) From: 64K(512K)->64K(11776K)
[915.049s][info][gc,heap        ] GC(2537) ParOldGen: 433867K(434176K)->433875K(434176K)
[915.049s][info][gc,metaspace   ] GC(2537) Metaspace: 35630K(36352K)->35630K(36352K) NonClass: 29357K(29888K)->29357K(29888K) Class: 6272K(6464K)->6272K(6464K)
[915.049s][info][gc             ] GC(2537) Pause Young (Allocation Failure) 708M->423M(709M) 1.575ms
[915.049s][info][gc,cpu         ] GC(2537) User=0.00s Sys=0.00s Real=0.00s
[915.494s][info][gc,start       ] GC(2538) Pause Young (Allocation Failure)
[915.496s][info][gc,heap        ] GC(2538) PSYoungGen: 280128K(291840K)->64K(269824K) Eden: 280064K(280064K)->0K(269312K) From: 64K(11776K)->64K(512K)
[915.496s][info][gc,heap        ] GC(2538) ParOldGen: 433875K(434176K)->433883K(434176K)
[915.496s][info][gc,metaspace   ] GC(2538) Metaspace: 35630K(36352K)->35630K(36352K) NonClass: 29357K(29888K)->29357K(29888K) Class: 6272K(6464K)->6272K(6464K)
[915.496s][info][gc             ] GC(2538) Pause Young (Allocation Failure) 697M->423M(687M) 2.220ms
[915.496s][info][gc,cpu         ] GC(2538) User=0.00s Sys=0.01s Real=0.01s
[916.481s][info][gc,start       ] GC(2539) Pause Young (Allocation Failure)
[916.482s][info][gc,heap        ] GC(2539) PSYoungGen: 269376K(269824K)->64K(269312K) Eden: 269312K(269312K)->0K(259072K) From: 64K(512K)->64K(10240K)
[916.482s][info][gc,heap        ] GC(2539) ParOldGen: 433883K(434176K)->433891K(434176K)
[916.482s][info][gc,metaspace   ] GC(2539) Metaspace: 35630K(36352K)->35630K(36352K) NonClass: 29357K(29888K)->29357K(29888K) Class: 6272K(6464K)->6272K(6464K)
[916.482s][info][gc             ] GC(2539) Pause Young (Allocation Failure) 686M->423M(687M) 1.587ms
[916.482s][info][gc,cpu         ] GC(2539) User=0.00s Sys=0.00s Real=0.00s
[916.888s][info][gc,start       ] GC(2540) Pause Young (Allocation Failure)
[916.890s][info][gc,heap        ] GC(2540) PSYoungGen: 259136K(269312K)->64K(249856K) Eden: 259072K(259072K)->0K(249344K) From: 64K(10240K)->64K(512K)
[916.890s][info][gc,heap        ] GC(2540) ParOldGen: 433891K(434176K)->433899K(434176K)
[916.890s][info][gc,metaspace   ] GC(2540) Metaspace: 35630K(36352K)->35630K(36352K) NonClass: 29357K(29888K)->29357K(29888K) Class: 6272K(6464K)->6272K(6464K)
[916.890s][info][gc             ] GC(2540) Pause Young (Allocation Failure) 676M->423M(668M) 2.265ms
[916.890s][info][gc,cpu         ] GC(2540) User=0.00s Sys=0.00s Real=0.00s
[917.055s][info][gc,start       ] GC(2541) Pause Young (Allocation Failure)
[917.057s][info][gc,heap        ] GC(2541) PSYoungGen: 249408K(249856K)->64K(248832K) Eden: 249344K(249344K)->0K(240128K) From: 64K(512K)->64K(8704K)
[917.057s][info][gc,heap        ] GC(2541) ParOldGen: 433899K(434176K)->433907K(434176K)
[917.057s][info][gc,metaspace   ] GC(2541) Metaspace: 35630K(36352K)->35630K(36352K) NonClass: 29357K(29888K)->29357K(29888K) Class: 6272K(6464K)->6272K(6464K)
[917.057s][info][gc             ] GC(2541) Pause Young (Allocation Failure) 667M->423M(667M) 2.167ms
[917.057s][info][gc,cpu         ] GC(2541) User=0.00s Sys=0.00s Real=0.01s
[917.254s][info][gc,start       ] GC(2542) Pause Young (Allocation Failure)
[917.257s][info][gc,heap        ] GC(2542) PSYoungGen: 240192K(248832K)->64K(231424K) Eden: 240128K(240128K)->0K(230912K) From: 64K(8704K)->64K(512K)
[917.257s][info][gc,heap        ] GC(2542) ParOldGen: 433907K(434176K)->433923K(434176K)
[917.257s][info][gc,metaspace   ] GC(2542) Metaspace: 35630K(36352K)->35630K(36352K) NonClass: 29357K(29888K)->29357K(29888K) Class: 6272K(6464K)->6272K(6464K)
[917.257s][info][gc             ] GC(2542) Pause Young (Allocation Failure) 658M->423M(650M) 3.390ms
[917.257s][info][gc,cpu         ] GC(2542) User=0.00s Sys=0.00s Real=0.01s
[917.786s][info][gc,start       ] GC(2543) Pause Young (Allocation Failure)
[917.788s][info][gc,heap        ] GC(2543) PSYoungGen: 230976K(231424K)->64K(229888K) Eden: 230912K(230912K)->0K(222208K) From: 64K(512K)->64K(7680K)
[917.788s][info][gc,heap        ] GC(2543) ParOldGen: 433923K(434176K)->433931K(434176K)
[917.788s][info][gc,metaspace   ] GC(2543) Metaspace: 35630K(36352K)->35630K(36352K) NonClass: 29357K(29888K)->29357K(29888K) Class: 6272K(6464K)->6272K(6464K)
[917.788s][info][gc             ] GC(2543) Pause Young (Allocation Failure) 649M->423M(648M) 2.206ms
[917.788s][info][gc,cpu         ] GC(2543) User=0.01s Sys=0.00s Real=0.00s
[918.061s][info][gc,start       ] GC(2544) Pause Young (Allocation Failure)
[918.064s][info][gc,heap        ] GC(2544) PSYoungGen: 222272K(229888K)->64K(214528K) Eden: 222208K(222208K)->0K(214016K) From: 64K(7680K)->64K(512K)
[918.064s][info][gc,heap        ] GC(2544) ParOldGen: 433931K(434176K)->433939K(434176K)
[918.064s][info][gc,metaspace   ] GC(2544) Metaspace: 35630K(36352K)->35630K(36352K) NonClass: 29357K(29888K)->29357K(29888K) Class: 6272K(6464K)->6272K(6464K)
[918.064s][info][gc             ] GC(2544) Pause Young (Allocation Failure) 640M->423M(633M) 2.602ms
[918.064s][info][gc,cpu         ] GC(2544) User=0.00s Sys=0.00s Real=0.00s
[918.356s][info][gc,start       ] GC(2545) Pause Young (Allocation Failure)
[918.397s][info][gc,heap        ] GC(2545) PSYoungGen: 214080K(214528K)->6656K(262656K) Eden: 214016K(214016K)->0K(256000K) From: 64K(512K)->6656K(6656K)
[918.397s][info][gc,heap        ] GC(2545) ParOldGen: 433939K(434176K)->445995K(446464K)
[918.397s][info][gc,metaspace   ] GC(2545) Metaspace: 35630K(36352K)->35630K(36352K) NonClass: 29357K(29888K)->29357K(29888K) Class: 6272K(6464K)->6272K(6464K)
[918.397s][info][gc             ] GC(2545) Pause Young (Allocation Failure) 632M->442M(692M) 41.307ms
[918.397s][info][gc,cpu         ] GC(2545) User=0.07s Sys=0.01s Real=0.04s
[918.689s][info][gc,start       ] GC(2546) Pause Young (Allocation Failure)
[918.748s][info][gc,heap        ] GC(2546) PSYoungGen: 262656K(262656K)->6656K(264704K) Eden: 256000K(256000K)->0K(258048K) From: 6656K(6656K)->6656K(6656K)
[918.748s][info][gc,heap        ] GC(2546) ParOldGen: 445995K(446464K)->467099K(467456K)
[918.748s][info][gc,metaspace   ] GC(2546) Metaspace: 35630K(36352K)->35630K(36352K) NonClass: 29357K(29888K)->29357K(29888K) Class: 6272K(6464K)->6272K(6464K)
[918.748s][info][gc             ] GC(2546) Pause Young (Allocation Failure) 692M->462M(715M) 59.577ms
[918.748s][info][gc,cpu         ] GC(2546) User=0.10s Sys=0.01s Real=0.06s
[919.004s][info][gc,start       ] GC(2547) Pause Young (Allocation Failure)
[919.048s][info][gc,heap        ] GC(2547) PSYoungGen: 264704K(264704K)->20992K(279040K) Eden: 258048K(258048K)->0K(258048K) From: 6656K(6656K)->20992K(20992K)
[919.048s][info][gc,heap        ] GC(2547) ParOldGen: 467099K(467456K)->469819K(470016K)
[919.048s][info][gc,metaspace   ] GC(2547) Metaspace: 35630K(36352K)->35630K(36352K) NonClass: 29357K(29888K)->29357K(29888K) Class: 6272K(6464K)->6272K(6464K)
[919.048s][info][gc             ] GC(2547) Pause Young (Allocation Failure) 714M->479M(731M) 43.466ms
[919.048s][info][gc,cpu         ] GC(2547) User=0.08s Sys=0.00s Real=0.05s
[919.148s][info][gc,start       ] GC(2548) Pause Young (Allocation Failure)
[919.150s][info][gc,heap        ] GC(2548) PSYoungGen: 279040K(279040K)->64K(308224K) Eden: 258048K(258048K)->0K(281600K) From: 20992K(20992K)->64K(26624K)
[919.150s][info][gc,heap        ] GC(2548) ParOldGen: 469819K(470016K)->469899K(470016K)
[919.150s][info][gc,metaspace   ] GC(2548) Metaspace: 35630K(36352K)->35630K(36352K) NonClass: 29357K(29888K)->29357K(29888K) Class: 6272K(6464K)->6272K(6464K)
[919.151s][info][gc             ] GC(2548) Pause Young (Allocation Failure) 731M->458M(760M) 2.205ms
[919.151s][info][gc,cpu         ] GC(2548) User=0.00s Sys=0.00s Real=0.00s
[919.847s][info][gc,start       ] GC(2549) Pause Young (Allocation Failure)
[919.849s][info][gc,heap        ] GC(2549) PSYoungGen: 281664K(308224K)->64K(282112K) Eden: 281600K(281600K)->0K(281600K) From: 64K(26624K)->64K(512K)
[919.849s][info][gc,heap        ] GC(2549) ParOldGen: 469899K(470016K)->469907K(470016K)
[919.849s][info][gc,metaspace   ] GC(2549) Metaspace: 35630K(36352K)->35630K(36352K) NonClass: 29357K(29888K)->29357K(29888K) Class: 6272K(6464K)->6272K(6464K)
[919.849s][info][gc             ] GC(2549) Pause Young (Allocation Failure) 733M->458M(734M) 1.684ms
[919.849s][info][gc,cpu         ] GC(2549) User=0.01s Sys=0.00s Real=0.00s
[920.204s][info][gc,start       ] GC(2550) Pause Young (Allocation Failure)
[920.205s][info][gc,heap        ] GC(2550) PSYoungGen: 281664K(282112K)->64K(306688K) Eden: 281600K(281600K)->0K(282112K) From: 64K(512K)->64K(24576K)
[920.205s][info][gc,heap        ] GC(2550) ParOldGen: 469907K(470016K)->469915K(470016K)
[920.205s][info][gc,metaspace   ] GC(2550) Metaspace: 35630K(36352K)->35630K(36352K) NonClass: 29357K(29888K)->29357K(29888K) Class: 6272K(6464K)->6272K(6464K)
[920.205s][info][gc             ] GC(2550) Pause Young (Allocation Failure) 733M->458M(758M) 1.662ms
[920.205s][info][gc,cpu         ] GC(2550) User=0.00s Sys=0.00s Real=0.00s
[920.642s][info][gc,start       ] GC(2551) Pause Young (Allocation Failure)
[920.644s][info][gc,heap        ] GC(2551) PSYoungGen: 282176K(306688K)->64K(306176K) Eden: 282112K(282112K)->0K(282112K) From: 64K(24576K)->64K(24064K)
[920.644s][info][gc,heap        ] GC(2551) ParOldGen: 469915K(470016K)->469931K(470016K)
[920.644s][info][gc,metaspace   ] GC(2551) Metaspace: 35630K(36352K)->35630K(36352K) NonClass: 29357K(29888K)->29357K(29888K) Class: 6272K(6464K)->6272K(6464K)
[920.644s][info][gc             ] GC(2551) Pause Young (Allocation Failure) 734M->458M(758M) 1.689ms
[920.644s][info][gc,cpu         ] GC(2551) User=0.00s Sys=0.00s Real=0.00s
[920.866s][info][gc,start       ] GC(2552) Pause Young (Allocation Failure)
[920.868s][info][gc,heap        ] GC(2552) PSYoungGen: 282176K(306176K)->64K(308736K) Eden: 282112K(282112K)->0K(286208K) From: 64K(24064K)->64K(22528K)
[920.868s][info][gc,heap        ] GC(2552) ParOldGen: 469931K(470016K)->469947K(470016K)
[920.868s][info][gc,metaspace   ] GC(2552) Metaspace: 35630K(36352K)->35630K(36352K) NonClass: 29357K(29888K)->29357K(29888K) Class: 6272K(6464K)->6272K(6464K)
[920.868s][info][gc             ] GC(2552) Pause Young (Allocation Failure) 734M->458M(760M) 1.619ms
[920.868s][info][gc,cpu         ] GC(2552) User=0.00s Sys=0.00s Real=0.00s
[921.094s][info][gc,start       ] GC(2553) Pause Young (Allocation Failure)
[921.095s][info][gc,heap        ] GC(2553) PSYoungGen: 286272K(308736K)->64K(308224K) Eden: 286208K(286208K)->0K(286208K) From: 64K(22528K)->64K(22016K)
[921.095s][info][gc,heap        ] GC(2553) ParOldGen: 469947K(470016K)->469947K(470016K)
[921.095s][info][gc,metaspace   ] GC(2553) Metaspace: 35630K(36352K)->35630K(36352K) NonClass: 29357K(29888K)->29357K(29888K) Class: 6272K(6464K)->6272K(6464K)
[921.095s][info][gc             ] GC(2553) Pause Young (Allocation Failure) 738M->458M(760M) 1.693ms
[921.095s][info][gc,cpu         ] GC(2553) User=0.00s Sys=0.00s Real=0.00s
[921.432s][info][gc,start       ] GC(2554) Pause Young (Allocation Failure)
[921.433s][info][gc,heap        ] GC(2554) PSYoungGen: 286272K(308224K)->64K(310784K) Eden: 286208K(286208K)->0K(290304K) From: 64K(22016K)->64K(20480K)
[921.433s][info][gc,heap        ] GC(2554) ParOldGen: 469947K(470016K)->469947K(470016K)
[921.433s][info][gc,metaspace   ] GC(2554) Metaspace: 35630K(36352K)->35630K(36352K) NonClass: 29357K(29888K)->29357K(29888K) Class: 6272K(6464K)->6272K(6464K)
[921.433s][info][gc             ] GC(2554) Pause Young (Allocation Failure) 738M->458M(762M) 1.621ms
[921.433s][info][gc,cpu         ] GC(2554) User=0.00s Sys=0.00s Real=0.00s
[921.490s][info][gc,start       ] GC(2555) Pause Young (Allocation Failure)
[921.491s][info][gc,heap        ] GC(2555) PSYoungGen: 290368K(310784K)->64K(309760K) Eden: 290304K(290304K)->0K(290304K) From: 64K(20480K)->64K(19456K)
[921.491s][info][gc,heap        ] GC(2555) ParOldGen: 469947K(470016K)->469963K(470016K)
[921.491s][info][gc,metaspace   ] GC(2555) Metaspace: 35630K(36352K)->35630K(36352K) NonClass: 29357K(29888K)->29357K(29888K) Class: 6272K(6464K)->6272K(6464K)
[921.491s][info][gc             ] GC(2555) Pause Young (Allocation Failure) 742M->459M(761M) 1.663ms
[921.491s][info][gc,cpu         ] GC(2555) User=0.00s Sys=0.00s Real=0.00s
[921.544s][info][gc,start       ] GC(2556) Pause Young (Allocation Failure)
[921.546s][info][gc,heap        ] GC(2556) PSYoungGen: 290368K(309760K)->64K(313344K) Eden: 290304K(290304K)->0K(294912K) From: 64K(19456K)->64K(18432K)
[921.546s][info][gc,heap        ] GC(2556) ParOldGen: 469963K(470016K)->469963K(470016K)
[921.546s][info][gc,metaspace   ] GC(2556) Metaspace: 35630K(36352K)->35630K(36352K) NonClass: 29357K(29888K)->29357K(29888K) Class: 6272K(6464K)->6272K(6464K)
[921.546s][info][gc             ] GC(2556) Pause Young (Allocation Failure) 742M->459M(765M) 1.576ms
[921.546s][info][gc,cpu         ] GC(2556) User=0.00s Sys=0.00s Real=0.00s
[921.744s][info][gc,start       ] GC(2557) Pause Young (Allocation Failure)
[921.746s][info][gc,heap        ] GC(2557) PSYoungGen: 294976K(313344K)->64K(312320K) Eden: 294912K(294912K)->0K(294912K) From: 64K(18432K)->64K(17408K)
[921.746s][info][gc,heap        ] GC(2557) ParOldGen: 469963K(470016K)->469963K(470016K)
[921.746s][info][gc,metaspace   ] GC(2557) Metaspace: 35630K(36352K)->35630K(36352K) NonClass: 29357K(29888K)->29357K(29888K) Class: 6272K(6464K)->6272K(6464K)
[921.746s][info][gc             ] GC(2557) Pause Young (Allocation Failure) 747M->459M(764M) 1.614ms
[921.746s][info][gc,cpu         ] GC(2557) User=0.00s Sys=0.00s Real=0.00s
[921.956s][info][gc,start       ] GC(2558) Pause Young (Allocation Failure)
[921.957s][info][gc,heap        ] GC(2558) PSYoungGen: 294976K(312320K)->64K(315392K) Eden: 294912K(294912K)->0K(299008K) From: 64K(17408K)->64K(16384K)
[921.957s][info][gc,heap        ] GC(2558) ParOldGen: 469963K(470016K)->469971K(470016K)
[921.957s][info][gc,metaspace   ] GC(2558) Metaspace: 35630K(36352K)->35630K(36352K) NonClass: 29357K(29888K)->29357K(29888K) Class: 6272K(6464K)->6272K(6464K)
[921.957s][info][gc             ] GC(2558) Pause Young (Allocation Failure) 747M->459M(767M) 1.634ms
[921.957s][info][gc,cpu         ] GC(2558) User=0.01s Sys=0.00s Real=0.01s
[922.071s][info][gc,start       ] GC(2559) Pause Young (Allocation Failure)
[922.073s][info][gc,heap        ] GC(2559) PSYoungGen: 299072K(315392K)->64K(314368K) Eden: 299008K(299008K)->0K(299008K) From: 64K(16384K)->64K(15360K)
[922.073s][info][gc,heap        ] GC(2559) ParOldGen: 469971K(470016K)->469979K(470016K)
[922.073s][info][gc,metaspace   ] GC(2559) Metaspace: 35630K(36352K)->35630K(36352K) NonClass: 29357K(29888K)->29357K(29888K) Class: 6272K(6464K)->6272K(6464K)
[922.073s][info][gc             ] GC(2559) Pause Young (Allocation Failure) 751M->459M(766M) 1.704ms
[922.073s][info][gc,cpu         ] GC(2559) User=0.00s Sys=0.00s Real=0.00s
[922.175s][info][gc,start       ] GC(2560) Pause Young (Allocation Failure)
[922.176s][info][gc,heap        ] GC(2560) PSYoungGen: 299072K(314368K)->64K(317440K) Eden: 299008K(299008K)->0K(303104K) From: 64K(15360K)->64K(14336K)
[922.176s][info][gc,heap        ] GC(2560) ParOldGen: 469979K(470016K)->469987K(470016K)
[922.176s][info][gc,metaspace   ] GC(2560) Metaspace: 35630K(36352K)->35630K(36352K) NonClass: 29357K(29888K)->29357K(29888K) Class: 6272K(6464K)->6272K(6464K)
[922.176s][info][gc             ] GC(2560) Pause Young (Allocation Failure) 751M->459M(769M) 1.642ms
[922.176s][info][gc,cpu         ] GC(2560) User=0.01s Sys=0.00s Real=0.01s
[922.403s][info][gc,start       ] GC(2561) Pause Young (Allocation Failure)
[922.405s][info][gc,heap        ] GC(2561) PSYoungGen: 303168K(317440K)->64K(316928K) Eden: 303104K(303104K)->0K(303104K) From: 64K(14336K)->64K(13824K)
[922.405s][info][gc,heap        ] GC(2561) ParOldGen: 469987K(470016K)->469995K(470016K)
[922.405s][info][gc,metaspace   ] GC(2561) Metaspace: 35630K(36352K)->35630K(36352K) NonClass: 29357K(29888K)->29357K(29888K) Class: 6272K(6464K)->6272K(6464K)
[922.405s][info][gc             ] GC(2561) Pause Young (Allocation Failure) 755M->459M(768M) 1.618ms
[922.405s][info][gc,cpu         ] GC(2561) User=0.00s Sys=0.00s Real=0.00s
[923.308s][info][gc,start       ] GC(2562) Pause Young (Allocation Failure)
[923.310s][info][gc,heap        ] GC(2562) PSYoungGen: 303168K(316928K)->83K(318976K) Eden: 303104K(303104K)->0K(306688K) From: 64K(13824K)->83K(12288K)
[923.310s][info][gc,heap        ] GC(2562) ParOldGen: 469995K(470016K)->470003K(470016K)
[923.310s][info][gc,metaspace   ] GC(2562) Metaspace: 35630K(36352K)->35630K(36352K) NonClass: 29357K(29888K)->29357K(29888K) Class: 6272K(6464K)->6272K(6464K)
[923.310s][info][gc             ] GC(2562) Pause Young (Allocation Failure) 755M->459M(770M) 1.712ms
[923.310s][info][gc,cpu         ] GC(2562) User=0.01s Sys=0.00s Real=0.00s
[924.252s][info][gc,start       ] GC(2563) Pause Young (Allocation Failure)
[924.254s][info][gc,heap        ] GC(2563) PSYoungGen: 306771K(318976K)->64K(294912K) Eden: 306688K(306688K)->0K(294400K) From: 83K(12288K)->64K(512K)
[924.254s][info][gc,heap        ] GC(2563) ParOldGen: 470003K(470016K)->470011K(470016K)
[924.254s][info][gc,metaspace   ] GC(2563) Metaspace: 35630K(36352K)->35630K(36352K) NonClass: 29357K(29888K)->29357K(29888K) Class: 6272K(6464K)->6272K(6464K)
[924.254s][info][gc             ] GC(2563) Pause Young (Allocation Failure) 758M->459M(747M) 1.783ms
[924.254s][info][gc,cpu         ] GC(2563) User=0.00s Sys=0.00s Real=0.00s
[924.670s][info][gc,start       ] GC(2564) Pause Young (Allocation Failure)
[924.671s][info][gc,heap        ] GC(2564) PSYoungGen: 294464K(294912K)->64K(283136K) Eden: 294400K(294400K)->0K(282624K) From: 64K(512K)->64K(512K)
[924.671s][info][gc,heap        ] GC(2564) ParOldGen: 470011K(470016K)->470019K(470528K)
[924.671s][info][gc,metaspace   ] GC(2564) Metaspace: 35630K(36352K)->35630K(36352K) NonClass: 29357K(29888K)->29357K(29888K) Class: 6272K(6464K)->6272K(6464K)
[924.671s][info][gc             ] GC(2564) Pause Young (Allocation Failure) 746M->459M(736M) 1.706ms
[924.671s][info][gc,cpu         ] GC(2564) User=0.00s Sys=0.00s Real=0.00s
[925.729s][info][gc,start       ] GC(2565) Pause Young (Allocation Failure)
[925.732s][info][gc,heap        ] GC(2565) PSYoungGen: 282688K(283136K)->64K(281600K) Eden: 282624K(282624K)->0K(271360K) From: 64K(512K)->64K(10240K)
[925.732s][info][gc,heap        ] GC(2565) ParOldGen: 470019K(470528K)->470035K(470528K)
[925.732s][info][gc,metaspace   ] GC(2565) Metaspace: 35630K(36352K)->35630K(36352K) NonClass: 29357K(29888K)->29357K(29888K) Class: 6272K(6464K)->6272K(6464K)
[925.732s][info][gc             ] GC(2565) Pause Young (Allocation Failure) 735M->459M(734M) 2.979ms
[925.732s][info][gc,cpu         ] GC(2565) User=0.01s Sys=0.00s Real=0.00s
[925.973s][info][gc,start       ] GC(2566) Pause Young (Allocation Failure)
[925.977s][info][gc,heap        ] GC(2566) PSYoungGen: 271424K(281600K)->64K(261632K) Eden: 271360K(271360K)->0K(261120K) From: 64K(10240K)->64K(512K)
[925.977s][info][gc,heap        ] GC(2566) ParOldGen: 470035K(470528K)->470043K(470528K)
[925.977s][info][gc,metaspace   ] GC(2566) Metaspace: 35630K(36352K)->35630K(36352K) NonClass: 29357K(29888K)->29357K(29888K) Class: 6272K(6464K)->6272K(6464K)
[925.977s][info][gc             ] GC(2566) Pause Young (Allocation Failure) 724M->459M(715M) 3.522ms
[925.977s][info][gc,cpu         ] GC(2566) User=0.00s Sys=0.00s Real=0.01s
[926.354s][info][gc,start       ] GC(2567) Pause Young (Allocation Failure)
[926.357s][info][gc,heap        ] GC(2567) PSYoungGen: 261184K(261632K)->64K(260096K) Eden: 261120K(261120K)->0K(250880K) From: 64K(512K)->64K(9216K)
[926.357s][info][gc,heap        ] GC(2567) ParOldGen: 470043K(470528K)->470059K(470528K)
[926.357s][info][gc,metaspace   ] GC(2567) Metaspace: 35630K(36352K)->35630K(36352K) NonClass: 29357K(29888K)->29357K(29888K) Class: 6272K(6464K)->6272K(6464K)
[926.357s][info][gc             ] GC(2567) Pause Young (Allocation Failure) 714M->459M(713M) 2.963ms
[926.357s][info][gc,cpu         ] GC(2567) User=0.01s Sys=0.00s Real=0.01s
[926.441s][info][gc,start       ] GC(2568) Pause Young (Allocation Failure)
[926.444s][info][gc,heap        ] GC(2568) PSYoungGen: 250944K(260096K)->64K(291328K) Eden: 250880K(250880K)->0K(282624K) From: 64K(9216K)->64K(8704K)
[926.444s][info][gc,heap        ] GC(2568) ParOldGen: 470059K(470528K)->470075K(470528K)
[926.444s][info][gc,metaspace   ] GC(2568) Metaspace: 35630K(36352K)->35630K(36352K) NonClass: 29357K(29888K)->29357K(29888K) Class: 6272K(6464K)->6272K(6464K)
[926.444s][info][gc             ] GC(2568) Pause Young (Allocation Failure) 704M->459M(744M) 3.030ms
[926.444s][info][gc,cpu         ] GC(2568) User=0.00s Sys=0.00s Real=0.00s
[927.096s][info][gc,start       ] GC(2569) Pause Young (Allocation Failure)
[927.099s][info][gc,heap        ] GC(2569) PSYoungGen: 282688K(291328K)->64K(290304K) Eden: 282624K(282624K)->0K(282624K) From: 64K(8704K)->64K(7680K)
[927.099s][info][gc,heap        ] GC(2569) ParOldGen: 470075K(470528K)->470083K(470528K)
[927.099s][info][gc,metaspace   ] GC(2569) Metaspace: 35630K(36352K)->35630K(36352K) NonClass: 29357K(29888K)->29357K(29888K) Class: 6272K(6464K)->6272K(6464K)
[927.099s][info][gc             ] GC(2569) Pause Young (Allocation Failure) 735M->459M(743M) 3.107ms
[927.099s][info][gc,cpu         ] GC(2569) User=0.01s Sys=0.00s Real=0.00s
[927.448s][info][gc,start       ] GC(2570) Pause Young (Allocation Failure)
[927.451s][info][gc,heap        ] GC(2570) PSYoungGen: 282688K(290304K)->64K(325120K) Eden: 282624K(282624K)->0K(317952K) From: 64K(7680K)->64K(7168K)
[927.451s][info][gc,heap        ] GC(2570) ParOldGen: 470083K(470528K)->470091K(470528K)
[927.451s][info][gc,metaspace   ] GC(2570) Metaspace: 35630K(36352K)->35630K(36352K) NonClass: 29357K(29888K)->29357K(29888K) Class: 6272K(6464K)->6272K(6464K)
[927.451s][info][gc             ] GC(2570) Pause Young (Allocation Failure) 735M->459M(777M) 3.089ms
[927.451s][info][gc,cpu         ] GC(2570) User=0.01s Sys=0.00s Real=0.00s
[927.837s][info][gc,start       ] GC(2571) Pause Young (Allocation Failure)
[927.910s][info][gc,heap        ] GC(2571) PSYoungGen: 318016K(325120K)->6656K(324608K) Eden: 317952K(317952K)->0K(317952K) From: 64K(7168K)->6656K(6656K)
[927.910s][info][gc,heap        ] GC(2571) ParOldGen: 470091K(470528K)->496251K(496640K)
[927.910s][info][gc,metaspace   ] GC(2571) Metaspace: 35630K(36352K)->35630K(36352K) NonClass: 29357K(29888K)->29357K(29888K) Class: 6272K(6464K)->6272K(6464K)
[927.910s][info][gc             ] GC(2571) Pause Young (Allocation Failure) 769M->491M(802M) 73.478ms
[927.910s][info][gc,cpu         ] GC(2571) User=0.11s Sys=0.03s Real=0.07s
[928.268s][info][gc,start       ] GC(2572) Pause Young (Allocation Failure)
[928.350s][info][gc,heap        ] GC(2572) PSYoungGen: 324608K(324608K)->9216K(286720K) Eden: 317952K(317952K)->0K(277504K) From: 6656K(6656K)->9216K(9216K)
[928.350s][info][gc,heap        ] GC(2572) ParOldGen: 496251K(496640K)->521931K(522240K)
[928.350s][info][gc,metaspace   ] GC(2572) Metaspace: 35630K(36352K)->35630K(36352K) NonClass: 29357K(29888K)->29357K(29888K) Class: 6272K(6464K)->6272K(6464K)
[928.350s][info][gc             ] GC(2572) Pause Young (Allocation Failure) 801M->518M(790M) 81.856ms
[928.350s][info][gc,cpu         ] GC(2572) User=0.13s Sys=0.03s Real=0.08s
[928.460s][info][gc,start       ] GC(2573) Pause Young (Allocation Failure)
[928.472s][info][gc,heap        ] GC(2573) PSYoungGen: 286720K(286720K)->2304K(305664K) Eden: 277504K(277504K)->0K(277504K) From: 9216K(9216K)->2304K(28160K)
[928.472s][info][gc,heap        ] GC(2573) ParOldGen: 521931K(522240K)->522859K(523264K)
[928.472s][info][gc,metaspace   ] GC(2573) Metaspace: 35630K(36352K)->35630K(36352K) NonClass: 29357K(29888K)->29357K(29888K) Class: 6272K(6464K)->6272K(6464K)
[928.472s][info][gc             ] GC(2573) Pause Young (Allocation Failure) 789M->512M(809M) 12.179ms
[928.472s][info][gc,cpu         ] GC(2573) User=0.03s Sys=0.00s Real=0.01s
[929.062s][info][gc,start       ] GC(2574) Pause Young (Allocation Failure)
[929.064s][info][gc,heap        ] GC(2574) PSYoungGen: 279808K(305664K)->64K(302592K) Eden: 277504K(277504K)->0K(278528K) From: 2304K(28160K)->64K(24064K)
[929.064s][info][gc,heap        ] GC(2574) ParOldGen: 522859K(523264K)->522867K(523264K)
[929.064s][info][gc,metaspace   ] GC(2574) Metaspace: 35630K(36352K)->35630K(36352K) NonClass: 29357K(29888K)->29357K(29888K) Class: 6272K(6464K)->6272K(6464K)
[929.064s][info][gc             ] GC(2574) Pause Young (Allocation Failure) 783M->510M(806M) 2.018ms
[929.064s][info][gc,cpu         ] GC(2574) User=0.00s Sys=0.00s Real=0.00s
[929.548s][info][gc,start       ] GC(2575) Pause Young (Allocation Failure)
[929.553s][info][gc,heap        ] GC(2575) PSYoungGen: 278592K(302592K)->160K(304640K) Eden: 278528K(278528K)->0K(278528K) From: 64K(24064K)->160K(26112K)
[929.553s][info][gc,heap        ] GC(2575) ParOldGen: 522867K(523264K)->522875K(523264K)
[929.553s][info][gc,metaspace   ] GC(2575) Metaspace: 35718K(36416K)->35718K(36416K) NonClass: 29445K(29952K)->29445K(29952K) Class: 6273K(6464K)->6273K(6464K)
[929.553s][info][gc             ] GC(2575) Pause Young (Allocation Failure) 782M->510M(808M) 5.209ms
[929.553s][info][gc,cpu         ] GC(2575) User=0.01s Sys=0.00s Real=0.00s
[929.981s][info][gc,start       ] GC(2576) Pause Young (Allocation Failure)
[929.983s][info][gc,heap        ] GC(2576) PSYoungGen: 278688K(304640K)->64K(304640K) Eden: 278528K(278528K)->0K(282624K) From: 160K(26112K)->64K(22016K)
[929.983s][info][gc,heap        ] GC(2576) ParOldGen: 522875K(523264K)->522971K(523264K)
[929.983s][info][gc,metaspace   ] GC(2576) Metaspace: 35718K(36416K)->35718K(36416K) NonClass: 29445K(29952K)->29445K(29952K) Class: 6273K(6464K)->6273K(6464K)
[929.983s][info][gc             ] GC(2576) Pause Young (Allocation Failure) 782M->510M(808M) 2.011ms
[929.983s][info][gc,cpu         ] GC(2576) User=0.01s Sys=0.00s Real=0.00s
[930.206s][info][gc,start       ] GC(2577) Pause Young (Allocation Failure)
[930.208s][info][gc,heap        ] GC(2577) PSYoungGen: 282688K(304640K)->64K(306688K) Eden: 282624K(282624K)->0K(282624K) From: 64K(22016K)->64K(24064K)
[930.208s][info][gc,heap        ] GC(2577) ParOldGen: 522971K(523264K)->522987K(523264K)
[930.208s][info][gc,metaspace   ] GC(2577) Metaspace: 35718K(36416K)->35718K(36416K) NonClass: 29445K(29952K)->29445K(29952K) Class: 6273K(6464K)->6273K(6464K)
[930.208s][info][gc             ] GC(2577) Pause Young (Allocation Failure) 786M->510M(810M) 1.867ms
[930.208s][info][gc,cpu         ] GC(2577) User=0.00s Sys=0.00s Real=0.00s
[930.430s][info][gc,start       ] GC(2578) Pause Young (Allocation Failure)
[930.432s][info][gc,heap        ] GC(2578) PSYoungGen: 282688K(306688K)->64K(305664K) Eden: 282624K(282624K)->0K(286720K) From: 64K(24064K)->64K(18944K)
[930.432s][info][gc,heap        ] GC(2578) ParOldGen: 522987K(523264K)->522987K(523264K)
[930.432s][info][gc,metaspace   ] GC(2578) Metaspace: 35718K(36416K)->35718K(36416K) NonClass: 29445K(29952K)->29445K(29952K) Class: 6273K(6464K)->6273K(6464K)
[930.432s][info][gc             ] GC(2578) Pause Young (Allocation Failure) 786M->510M(809M) 1.947ms
[930.432s][info][gc,cpu         ] GC(2578) User=0.01s Sys=0.00s Real=0.00s
[930.793s][info][gc,start       ] GC(2579) Pause Young (Allocation Failure)
[930.795s][info][gc,heap        ] GC(2579) PSYoungGen: 286784K(305664K)->64K(308224K) Eden: 286720K(286720K)->0K(286720K) From: 64K(18944K)->64K(21504K)
[930.795s][info][gc,heap        ] GC(2579) ParOldGen: 522987K(523264K)->522987K(523264K)
[930.795s][info][gc,metaspace   ] GC(2579) Metaspace: 35718K(36416K)->35718K(36416K) NonClass: 29445K(29952K)->29445K(29952K) Class: 6273K(6464K)->6273K(6464K)
[930.795s][info][gc             ] GC(2579) Pause Young (Allocation Failure) 790M->510M(812M) 1.923ms
[930.795s][info][gc,cpu         ] GC(2579) User=0.01s Sys=0.00s Real=0.00s
[930.869s][info][gc,start       ] GC(2580) Pause Young (Allocation Failure)
[930.871s][info][gc,heap        ] GC(2580) PSYoungGen: 286784K(308224K)->64K(309248K) Eden: 286720K(286720K)->0K(291840K) From: 64K(21504K)->64K(17408K)
[930.871s][info][gc,heap        ] GC(2580) ParOldGen: 522987K(523264K)->522995K(523264K)
[930.871s][info][gc,metaspace   ] GC(2580) Metaspace: 35718K(36416K)->35718K(36416K) NonClass: 29445K(29952K)->29445K(29952K) Class: 6273K(6464K)->6273K(6464K)
[930.871s][info][gc             ] GC(2580) Pause Young (Allocation Failure) 790M->510M(813M) 1.832ms
[930.871s][info][gc,cpu         ] GC(2580) User=0.00s Sys=0.00s Real=0.00s
[930.925s][info][gc,start       ] GC(2581) Pause Young (Allocation Failure)
[930.926s][info][gc,heap        ] GC(2581) PSYoungGen: 291904K(309248K)->64K(311296K) Eden: 291840K(291840K)->0K(291840K) From: 64K(17408K)->64K(19456K)
[930.926s][info][gc,heap        ] GC(2581) ParOldGen: 522995K(523264K)->523011K(523264K)
[930.926s][info][gc,metaspace   ] GC(2581) Metaspace: 35718K(36416K)->35718K(36416K) NonClass: 29445K(29952K)->29445K(29952K) Class: 6273K(6464K)->6273K(6464K)
[930.926s][info][gc             ] GC(2581) Pause Young (Allocation Failure) 795M->510M(815M) 1.741ms
[930.926s][info][gc,cpu         ] GC(2581) User=0.00s Sys=0.00s Real=0.01s
[931.076s][info][gc,start       ] GC(2582) Pause Young (Allocation Failure)
[931.078s][info][gc,heap        ] GC(2582) PSYoungGen: 291904K(311296K)->64K(311296K) Eden: 291840K(291840K)->0K(295936K) From: 64K(19456K)->64K(15360K)
[931.078s][info][gc,heap        ] GC(2582) ParOldGen: 523011K(523264K)->523011K(523264K)
[931.078s][info][gc,metaspace   ] GC(2582) Metaspace: 35718K(36416K)->35718K(36416K) NonClass: 29445K(29952K)->29445K(29952K) Class: 6273K(6464K)->6273K(6464K)
[931.078s][info][gc             ] GC(2582) Pause Young (Allocation Failure) 795M->510M(815M) 1.802ms
[931.078s][info][gc,cpu         ] GC(2582) User=0.00s Sys=0.00s Real=0.00s
[931.290s][info][gc,start       ] GC(2583) Pause Young (Allocation Failure)
[931.292s][info][gc,heap        ] GC(2583) PSYoungGen: 296000K(311296K)->64K(313344K) Eden: 295936K(295936K)->0K(295936K) From: 64K(15360K)->64K(17408K)
[931.292s][info][gc,heap        ] GC(2583) ParOldGen: 523011K(523264K)->523019K(523264K)
[931.292s][info][gc,metaspace   ] GC(2583) Metaspace: 35718K(36416K)->35718K(36416K) NonClass: 29445K(29952K)->29445K(29952K) Class: 6273K(6464K)->6273K(6464K)
[931.292s][info][gc             ] GC(2583) Pause Young (Allocation Failure) 799M->510M(817M) 1.795ms
[931.292s][info][gc,cpu         ] GC(2583) User=0.00s Sys=0.00s Real=0.00s
[931.436s][info][gc,start       ] GC(2584) Pause Young (Allocation Failure)
[931.438s][info][gc,heap        ] GC(2584) PSYoungGen: 296000K(313344K)->64K(313344K) Eden: 295936K(295936K)->0K(300032K) From: 64K(17408K)->64K(13312K)
[931.438s][info][gc,heap        ] GC(2584) ParOldGen: 523019K(523264K)->523027K(523264K)
[931.438s][info][gc,metaspace   ] GC(2584) Metaspace: 35718K(36416K)->35718K(36416K) NonClass: 29445K(29952K)->29445K(29952K) Class: 6273K(6464K)->6273K(6464K)
[931.438s][info][gc             ] GC(2584) Pause Young (Allocation Failure) 799M->510M(817M) 1.826ms
[931.438s][info][gc,cpu         ] GC(2584) User=0.00s Sys=0.00s Real=0.00s
[931.519s][info][gc,start       ] GC(2585) Pause Young (Allocation Failure)
[931.521s][info][gc,heap        ] GC(2585) PSYoungGen: 300096K(313344K)->64K(315392K) Eden: 300032K(300032K)->0K(300032K) From: 64K(13312K)->64K(15360K)
[931.521s][info][gc,heap        ] GC(2585) ParOldGen: 523027K(523264K)->523043K(523264K)
[931.521s][info][gc,metaspace   ] GC(2585) Metaspace: 35718K(36416K)->35718K(36416K) NonClass: 29445K(29952K)->29445K(29952K) Class: 6273K(6464K)->6273K(6464K)
[931.521s][info][gc             ] GC(2585) Pause Young (Allocation Failure) 803M->510M(819M) 1.791ms
[931.521s][info][gc,cpu         ] GC(2585) User=0.00s Sys=0.00s Real=0.00s
[931.699s][info][gc,start       ] GC(2586) Pause Young (Allocation Failure)
[931.700s][info][gc,heap        ] GC(2586) PSYoungGen: 300096K(315392K)->64K(315392K) Eden: 300032K(300032K)->0K(304128K) From: 64K(15360K)->64K(11264K)
[931.700s][info][gc,heap        ] GC(2586) ParOldGen: 523043K(523264K)->523043K(523264K)
[931.700s][info][gc,metaspace   ] GC(2586) Metaspace: 35718K(36416K)->35718K(36416K) NonClass: 29445K(29952K)->29445K(29952K) Class: 6273K(6464K)->6273K(6464K)
[931.701s][info][gc             ] GC(2586) Pause Young (Allocation Failure) 803M->510M(819M) 1.827ms
[931.701s][info][gc,cpu         ] GC(2586) User=0.00s Sys=0.00s Real=0.00s
[932.696s][info][gc,start       ] GC(2587) Pause Young (Allocation Failure)
[932.698s][info][gc,heap        ] GC(2587) PSYoungGen: 304192K(315392K)->64K(317440K) Eden: 304128K(304128K)->0K(304128K) From: 64K(11264K)->64K(13312K)
[932.698s][info][gc,heap        ] GC(2587) ParOldGen: 523043K(523264K)->523051K(523264K)
[932.698s][info][gc,metaspace   ] GC(2587) Metaspace: 35718K(36416K)->35718K(36416K) NonClass: 29445K(29952K)->29445K(29952K) Class: 6273K(6464K)->6273K(6464K)
[932.698s][info][gc             ] GC(2587) Pause Young (Allocation Failure) 807M->510M(821M) 1.756ms
[932.698s][info][gc,cpu         ] GC(2587) User=0.01s Sys=0.00s Real=0.00s
[933.595s][info][gc,start       ] GC(2588) Pause Young (Allocation Failure)
[933.597s][info][gc,heap        ] GC(2588) PSYoungGen: 304192K(317440K)->64K(317952K) Eden: 304128K(304128K)->0K(307712K) From: 64K(13312K)->64K(10240K)
[933.597s][info][gc,heap        ] GC(2588) ParOldGen: 523051K(523264K)->523059K(523264K)
[933.597s][info][gc,metaspace   ] GC(2588) Metaspace: 35718K(36416K)->35718K(36416K) NonClass: 29445K(29952K)->29445K(29952K) Class: 6273K(6464K)->6273K(6464K)
[933.597s][info][gc             ] GC(2588) Pause Young (Allocation Failure) 807M->510M(821M) 1.767ms
[933.597s][info][gc,cpu         ] GC(2588) User=0.00s Sys=0.00s Real=0.01s
[933.931s][info][gc,start       ] GC(2589) Pause Young (Allocation Failure)
[933.933s][info][gc,heap        ] GC(2589) PSYoungGen: 307776K(317952K)->64K(295936K) Eden: 307712K(307712K)->0K(295424K) From: 64K(10240K)->64K(512K)
[933.933s][info][gc,heap        ] GC(2589) ParOldGen: 523059K(523264K)->523067K(523264K)
[933.933s][info][gc,metaspace   ] GC(2589) Metaspace: 35718K(36416K)->35718K(36416K) NonClass: 29445K(29952K)->29445K(29952K) Class: 6273K(6464K)->6273K(6464K)
[933.933s][info][gc             ] GC(2589) Pause Young (Allocation Failure) 811M->510M(800M) 2.359ms
[933.933s][info][gc,cpu         ] GC(2589) User=0.00s Sys=0.00s Real=0.00s
[934.366s][info][gc,start       ] GC(2590) Pause Young (Allocation Failure)
[934.369s][info][gc,heap        ] GC(2590) PSYoungGen: 295488K(295936K)->64K(284160K) Eden: 295424K(295424K)->0K(283648K) From: 64K(512K)->64K(512K)
[934.369s][info][gc,heap        ] GC(2590) ParOldGen: 523067K(523264K)->523075K(523264K)
[934.369s][info][gc,metaspace   ] GC(2590) Metaspace: 35718K(36416K)->35718K(36416K) NonClass: 29445K(29952K)->29445K(29952K) Class: 6273K(6464K)->6273K(6464K)
[934.369s][info][gc             ] GC(2590) Pause Young (Allocation Failure) 799M->510M(788M) 2.514ms
[934.369s][info][gc,cpu         ] GC(2590) User=0.00s Sys=0.00s Real=0.00s
[935.350s][info][gc,start       ] GC(2591) Pause Young (Allocation Failure)
[935.352s][info][gc,heap        ] GC(2591) PSYoungGen: 283712K(284160K)->64K(282624K) Eden: 283648K(283648K)->0K(272384K) From: 64K(512K)->64K(10240K)
[935.352s][info][gc,heap        ] GC(2591) ParOldGen: 523075K(523264K)->523083K(523264K)
[935.352s][info][gc,metaspace   ] GC(2591) Metaspace: 35718K(36416K)->35718K(36416K) NonClass: 29445K(29952K)->29445K(29952K) Class: 6273K(6464K)->6273K(6464K)
[935.352s][info][gc             ] GC(2591) Pause Young (Allocation Failure) 787M->510M(787M) 1.810ms
[935.352s][info][gc,cpu         ] GC(2591) User=0.00s Sys=0.00s Real=0.00s
[935.763s][info][gc,start       ] GC(2592) Pause Young (Allocation Failure)
[935.765s][info][gc,heap        ] GC(2592) PSYoungGen: 272448K(282624K)->64K(262144K) Eden: 272384K(272384K)->0K(261632K) From: 64K(10240K)->64K(512K)
[935.765s][info][gc,heap        ] GC(2592) ParOldGen: 523083K(523264K)->523091K(523264K)
[935.765s][info][gc,metaspace   ] GC(2592) Metaspace: 35718K(36416K)->35718K(36416K) NonClass: 29445K(29952K)->29445K(29952K) Class: 6273K(6464K)->6273K(6464K)
[935.765s][info][gc             ] GC(2592) Pause Young (Allocation Failure) 776M->510M(767M) 2.606ms
[935.766s][info][gc,cpu         ] GC(2592) User=0.01s Sys=0.00s Real=0.00s
[935.845s][info][gc,start       ] GC(2593) Pause Young (Allocation Failure)
[935.847s][info][gc,heap        ] GC(2593) PSYoungGen: 261696K(262144K)->64K(260096K) Eden: 261632K(261632K)->0K(251392K) From: 64K(512K)->64K(8704K)
[935.847s][info][gc,heap        ] GC(2593) ParOldGen: 523091K(523264K)->523099K(523264K)
[935.847s][info][gc,metaspace   ] GC(2593) Metaspace: 35718K(36416K)->35718K(36416K) NonClass: 29445K(29952K)->29445K(29952K) Class: 6273K(6464K)->6273K(6464K)
[935.847s][info][gc             ] GC(2593) Pause Young (Allocation Failure) 766M->510M(765M) 1.756ms
[935.847s][info][gc,cpu         ] GC(2593) User=0.01s Sys=0.00s Real=0.01s
[936.385s][info][gc,start       ] GC(2594) Pause Young (Allocation Failure)
[936.387s][info][gc,heap        ] GC(2594) PSYoungGen: 251456K(260096K)->64K(242176K) Eden: 251392K(251392K)->0K(241664K) From: 64K(8704K)->64K(512K)
[936.387s][info][gc,heap        ] GC(2594) ParOldGen: 523099K(523264K)->523115K(523264K)
[936.387s][info][gc,metaspace   ] GC(2594) Metaspace: 35718K(36416K)->35718K(36416K) NonClass: 29445K(29952K)->29445K(29952K) Class: 6273K(6464K)->6273K(6464K)
[936.387s][info][gc             ] GC(2594) Pause Young (Allocation Failure) 756M->510M(747M) 2.300ms
[936.387s][info][gc,cpu         ] GC(2594) User=0.00s Sys=0.01s Real=0.01s
[936.684s][info][gc,start       ] GC(2595) Pause Young (Allocation Failure)
[936.685s][info][gc,heap        ] GC(2595) PSYoungGen: 241728K(242176K)->64K(240128K) Eden: 241664K(241664K)->0K(232448K) From: 64K(512K)->64K(7680K)
[936.685s][info][gc,heap        ] GC(2595) ParOldGen: 523115K(523264K)->523123K(523264K)
[936.685s][info][gc,metaspace   ] GC(2595) Metaspace: 35718K(36416K)->35718K(36416K) NonClass: 29445K(29952K)->29445K(29952K) Class: 6273K(6464K)->6273K(6464K)
[936.685s][info][gc             ] GC(2595) Pause Young (Allocation Failure) 746M->510M(745M) 1.772ms
[936.685s][info][gc,cpu         ] GC(2595) User=0.00s Sys=0.00s Real=0.00s
[937.042s][info][gc,start       ] GC(2596) Pause Young (Allocation Failure)
[937.066s][info][gc,heap        ] GC(2596) PSYoungGen: 232512K(240128K)->7168K(283136K) Eden: 232448K(232448K)->0K(275968K) From: 64K(7680K)->7168K(7168K)
[937.067s][info][gc,heap        ] GC(2596) ParOldGen: 523123K(523264K)->529075K(529408K)
[937.067s][info][gc,metaspace   ] GC(2596) Metaspace: 35718K(36416K)->35718K(36416K) NonClass: 29445K(29952K)->29445K(29952K) Class: 6273K(6464K)->6273K(6464K)
[937.067s][info][gc             ] GC(2596) Pause Young (Allocation Failure) 737M->523M(793M) 24.117ms
[937.067s][info][gc,cpu         ] GC(2596) User=0.04s Sys=0.00s Real=0.03s
[937.396s][info][gc,start       ] GC(2597) Pause Young (Allocation Failure)
[937.454s][info][gc,heap        ] GC(2597) PSYoungGen: 283136K(283136K)->11264K(287232K) Eden: 275968K(275968K)->0K(275968K) From: 7168K(7168K)->11264K(11264K)
[937.455s][info][gc,heap        ] GC(2597) ParOldGen: 529075K(529408K)->547459K(547840K)
[937.455s][info][gc,metaspace   ] GC(2597) Metaspace: 35718K(36416K)->35718K(36416K) NonClass: 29445K(29952K)->29445K(29952K) Class: 6273K(6464K)->6273K(6464K)
[937.455s][info][gc             ] GC(2597) Pause Young (Allocation Failure) 793M->545M(815M) 58.989ms
[937.455s][info][gc,cpu         ] GC(2597) User=0.10s Sys=0.01s Real=0.06s
[937.742s][info][gc,start       ] GC(2598) Pause Young (Allocation Failure)
[937.803s][info][gc,heap        ] GC(2598) PSYoungGen: 287232K(287232K)->20480K(300032K) Eden: 275968K(275968K)->0K(279552K) From: 11264K(11264K)->20480K(20480K)
[937.803s][info][gc,heap        ] GC(2598) ParOldGen: 547459K(547840K)->554059K(554496K)
[937.803s][info][gc,metaspace   ] GC(2598) Metaspace: 35718K(36416K)->35718K(36416K) NonClass: 29445K(29952K)->29445K(29952K) Class: 6273K(6464K)->6273K(6464K)
[937.803s][info][gc             ] GC(2598) Pause Young (Allocation Failure) 815M->561M(834M) 60.684ms
[937.803s][info][gc,cpu         ] GC(2598) User=0.11s Sys=0.01s Real=0.06s
[937.913s][info][gc,start       ] GC(2599) Pause Young (Allocation Failure)
[937.917s][info][gc,heap        ] GC(2599) PSYoungGen: 300032K(300032K)->64K(306688K) Eden: 279552K(279552K)->0K(279552K) From: 20480K(20480K)->64K(27136K)
[937.917s][info][gc,heap        ] GC(2599) ParOldGen: 554059K(554496K)->554291K(554496K)
[937.917s][info][gc,metaspace   ] GC(2599) Metaspace: 35718K(36416K)->35718K(36416K) NonClass: 29445K(29952K)->29445K(29952K) Class: 6273K(6464K)->6273K(6464K)
[937.917s][info][gc             ] GC(2599) Pause Young (Allocation Failure) 834M->541M(841M) 3.569ms
[937.917s][info][gc,cpu         ] GC(2599) User=0.01s Sys=0.00s Real=0.01s
[938.624s][info][gc,start       ] GC(2600) Pause Young (Allocation Failure)
[938.626s][info][gc,heap        ] GC(2600) PSYoungGen: 279616K(306688K)->64K(304128K) Eden: 279552K(279552K)->0K(280064K) From: 64K(27136K)->64K(24064K)
[938.626s][info][gc,heap        ] GC(2600) ParOldGen: 554291K(554496K)->554307K(554496K)
[938.626s][info][gc,metaspace   ] GC(2600) Metaspace: 35718K(36416K)->35718K(36416K) NonClass: 29445K(29952K)->29445K(29952K) Class: 6273K(6464K)->6273K(6464K)
[938.626s][info][gc             ] GC(2600) Pause Young (Allocation Failure) 814M->541M(838M) 2.062ms
[938.626s][info][gc,cpu         ] GC(2600) User=0.01s Sys=0.00s Real=0.01s
[938.970s][info][gc,start       ] GC(2601) Pause Young (Allocation Failure)
[938.972s][info][gc,heap        ] GC(2601) PSYoungGen: 280128K(304128K)->64K(305664K) Eden: 280064K(280064K)->0K(280064K) From: 64K(24064K)->64K(25600K)
[938.972s][info][gc,heap        ] GC(2601) ParOldGen: 554307K(554496K)->554307K(554496K)
[938.972s][info][gc,metaspace   ] GC(2601) Metaspace: 35718K(36416K)->35718K(36416K) NonClass: 29445K(29952K)->29445K(29952K) Class: 6273K(6464K)->6273K(6464K)
[938.972s][info][gc             ] GC(2601) Pause Young (Allocation Failure) 814M->541M(840M) 1.870ms
[938.972s][info][gc,cpu         ] GC(2601) User=0.00s Sys=0.00s Real=0.00s
[939.408s][info][gc,start       ] GC(2602) Pause Young (Allocation Failure)
[939.410s][info][gc,heap        ] GC(2602) PSYoungGen: 280128K(305664K)->64K(305664K) Eden: 280064K(280064K)->0K(283648K) From: 64K(25600K)->64K(22016K)
[939.410s][info][gc,heap        ] GC(2602) ParOldGen: 554307K(554496K)->554323K(554496K)
[939.410s][info][gc,metaspace   ] GC(2602) Metaspace: 35718K(36416K)->35718K(36416K) NonClass: 29445K(29952K)->29445K(29952K) Class: 6273K(6464K)->6273K(6464K)
[939.410s][info][gc             ] GC(2602) Pause Young (Allocation Failure) 814M->541M(840M) 1.934ms
[939.410s][info][gc,cpu         ] GC(2602) User=0.00s Sys=0.00s Real=0.00s
[939.633s][info][gc,start       ] GC(2603) Pause Young (Allocation Failure)
[939.635s][info][gc,heap        ] GC(2603) PSYoungGen: 283712K(305664K)->64K(307200K) Eden: 283648K(283648K)->0K(283648K) From: 64K(22016K)->64K(23552K)
[939.635s][info][gc,heap        ] GC(2603) ParOldGen: 554323K(554496K)->554339K(554496K)
[939.635s][info][gc,metaspace   ] GC(2603) Metaspace: 35718K(36416K)->35718K(36416K) NonClass: 29445K(29952K)->29445K(29952K) Class: 6273K(6464K)->6273K(6464K)
[939.635s][info][gc             ] GC(2603) Pause Young (Allocation Failure) 818M->541M(841M) 1.907ms
[939.635s][info][gc,cpu         ] GC(2603) User=0.00s Sys=0.00s Real=0.00s
[939.862s][info][gc,start       ] GC(2604) Pause Young (Allocation Failure)
[939.864s][info][gc,heap        ] GC(2604) PSYoungGen: 283712K(307200K)->64K(306688K) Eden: 283648K(283648K)->0K(287744K) From: 64K(23552K)->64K(18944K)
[939.864s][info][gc,heap        ] GC(2604) ParOldGen: 554339K(554496K)->554339K(554496K)
[939.864s][info][gc,metaspace   ] GC(2604) Metaspace: 35718K(36416K)->35718K(36416K) NonClass: 29445K(29952K)->29445K(29952K) Class: 6273K(6464K)->6273K(6464K)
[939.864s][info][gc             ] GC(2604) Pause Young (Allocation Failure) 818M->541M(841M) 1.952ms
[939.864s][info][gc,cpu         ] GC(2604) User=0.00s Sys=0.00s Real=0.00s
[940.200s][info][gc,start       ] GC(2605) Pause Young (Allocation Failure)
[940.202s][info][gc,heap        ] GC(2605) PSYoungGen: 287808K(306688K)->64K(308736K) Eden: 287744K(287744K)->0K(287744K) From: 64K(18944K)->64K(20992K)
[940.202s][info][gc,heap        ] GC(2605) ParOldGen: 554339K(554496K)->554339K(554496K)
[940.202s][info][gc,metaspace   ] GC(2605) Metaspace: 35718K(36416K)->35718K(36416K) NonClass: 29445K(29952K)->29445K(29952K) Class: 6273K(6464K)->6273K(6464K)
[940.202s][info][gc             ] GC(2605) Pause Young (Allocation Failure) 822M->541M(843M) 1.862ms
[940.202s][info][gc,cpu         ] GC(2605) User=0.00s Sys=0.00s Real=0.00s
[940.255s][info][gc,start       ] GC(2606) Pause Young (Allocation Failure)
[940.257s][info][gc,heap        ] GC(2606) PSYoungGen: 287807K(308736K)->64K(309760K) Eden: 287743K(287744K)->0K(292864K) From: 64K(20992K)->64K(16896K)
[940.257s][info][gc,heap        ] GC(2606) ParOldGen: 554339K(554496K)->554355K(554496K)
[940.257s][info][gc,metaspace   ] GC(2606) Metaspace: 35718K(36416K)->35718K(36416K) NonClass: 29445K(29952K)->29445K(29952K) Class: 6273K(6464K)->6273K(6464K)
[940.257s][info][gc             ] GC(2606) Pause Young (Allocation Failure) 822M->541M(844M) 1.876ms
[940.257s][info][gc,cpu         ] GC(2606) User=0.01s Sys=0.00s Real=0.01s
[940.310s][info][gc,start       ] GC(2607) Pause Young (Allocation Failure)
[940.312s][info][gc,heap        ] GC(2607) PSYoungGen: 292928K(309760K)->64K(311808K) Eden: 292864K(292864K)->0K(292864K) From: 64K(16896K)->64K(18944K)
[940.312s][info][gc,heap        ] GC(2607) ParOldGen: 554355K(554496K)->554355K(554496K)
[940.312s][info][gc,metaspace   ] GC(2607) Metaspace: 35718K(36416K)->35718K(36416K) NonClass: 29445K(29952K)->29445K(29952K) Class: 6273K(6464K)->6273K(6464K)
[940.312s][info][gc             ] GC(2607) Pause Young (Allocation Failure) 827M->541M(846M) 1.830ms
[940.312s][info][gc,cpu         ] GC(2607) User=0.00s Sys=0.01s Real=0.00s
[940.507s][info][gc,start       ] GC(2608) Pause Young (Allocation Failure)
[940.509s][info][gc,heap        ] GC(2608) PSYoungGen: 292928K(311808K)->64K(311808K) Eden: 292864K(292864K)->0K(296960K) From: 64K(18944K)->64K(14848K)
[940.509s][info][gc,heap        ] GC(2608) ParOldGen: 554355K(554496K)->554355K(554496K)
[940.509s][info][gc,metaspace   ] GC(2608) Metaspace: 35718K(36416K)->35718K(36416K) NonClass: 29445K(29952K)->29445K(29952K) Class: 6273K(6464K)->6273K(6464K)
[940.509s][info][gc             ] GC(2608) Pause Young (Allocation Failure) 827M->541M(846M) 1.876ms
[940.509s][info][gc,cpu         ] GC(2608) User=0.00s Sys=0.00s Real=0.00s
[940.727s][info][gc,start       ] GC(2609) Pause Young (Allocation Failure)
[940.729s][info][gc,heap        ] GC(2609) PSYoungGen: 297024K(311808K)->64K(313856K) Eden: 296960K(296960K)->0K(296960K) From: 64K(14848K)->64K(16896K)
[940.729s][info][gc,heap        ] GC(2609) ParOldGen: 554355K(554496K)->554363K(554496K)
[940.729s][info][gc,metaspace   ] GC(2609) Metaspace: 35718K(36416K)->35718K(36416K) NonClass: 29445K(29952K)->29445K(29952K) Class: 6273K(6464K)->6273K(6464K)
[940.729s][info][gc             ] GC(2609) Pause Young (Allocation Failure) 831M->541M(848M) 1.887ms
[940.729s][info][gc,cpu         ] GC(2609) User=0.01s Sys=0.00s Real=0.00s
[940.847s][info][gc,start       ] GC(2610) Pause Young (Allocation Failure)
[940.849s][info][gc,heap        ] GC(2610) PSYoungGen: 297024K(313856K)->64K(313856K) Eden: 296960K(296960K)->0K(301056K) From: 64K(16896K)->64K(12800K)
[940.849s][info][gc,heap        ] GC(2610) ParOldGen: 554363K(554496K)->554371K(554496K)
[940.849s][info][gc,metaspace   ] GC(2610) Metaspace: 35718K(36416K)->35718K(36416K) NonClass: 29445K(29952K)->29445K(29952K) Class: 6273K(6464K)->6273K(6464K)
[940.849s][info][gc             ] GC(2610) Pause Young (Allocation Failure) 831M->541M(848M) 1.861ms
[940.849s][info][gc,cpu         ] GC(2610) User=0.01s Sys=0.00s Real=0.00s
[940.957s][info][gc,start       ] GC(2611) Pause Young (Allocation Failure)
[940.958s][info][gc,heap        ] GC(2611) PSYoungGen: 301120K(313856K)->64K(315904K) Eden: 301056K(301056K)->0K(301056K) From: 64K(12800K)->64K(14848K)
[940.958s][info][gc,heap        ] GC(2611) ParOldGen: 554371K(554496K)->554379K(554496K)
[940.958s][info][gc,metaspace   ] GC(2611) Metaspace: 35718K(36416K)->35718K(36416K) NonClass: 29445K(29952K)->29445K(29952K) Class: 6273K(6464K)->6273K(6464K)
[940.958s][info][gc             ] GC(2611) Pause Young (Allocation Failure) 835M->541M(850M) 1.904ms
[940.958s][info][gc,cpu         ] GC(2611) User=0.01s Sys=0.00s Real=0.00s
[941.181s][info][gc,start       ] GC(2612) Pause Young (Allocation Failure)
[941.182s][info][gc,heap        ] GC(2612) PSYoungGen: 301120K(315904K)->64K(316928K) Eden: 301056K(301056K)->0K(305152K) From: 64K(14848K)->64K(11776K)
[941.182s][info][gc,heap        ] GC(2612) ParOldGen: 554379K(554496K)->554387K(554496K)
[941.182s][info][gc,metaspace   ] GC(2612) Metaspace: 35718K(36416K)->35718K(36416K) NonClass: 29445K(29952K)->29445K(29952K) Class: 6273K(6464K)->6273K(6464K)
[941.182s][info][gc             ] GC(2612) Pause Young (Allocation Failure) 835M->541M(851M) 1.863ms
[941.182s][info][gc,cpu         ] GC(2612) User=0.00s Sys=0.00s Real=0.00s
[942.088s][info][gc,start       ] GC(2613) Pause Young (Allocation Failure)
[942.090s][info][gc,heap        ] GC(2613) PSYoungGen: 305216K(316928K)->64K(318464K) Eden: 305152K(305152K)->0K(305152K) From: 64K(11776K)->64K(13312K)
[942.090s][info][gc,heap        ] GC(2613) ParOldGen: 554387K(554496K)->554395K(554496K)
[942.090s][info][gc,metaspace   ] GC(2613) Metaspace: 35718K(36416K)->35718K(36416K) NonClass: 29445K(29952K)->29445K(29952K) Class: 6273K(6464K)->6273K(6464K)
[942.090s][info][gc             ] GC(2613) Pause Young (Allocation Failure) 839M->541M(852M) 1.914ms
[942.090s][info][gc,cpu         ] GC(2613) User=0.00s Sys=0.00s Real=0.00s
[943.061s][info][gc,start       ] GC(2614) Pause Young (Allocation Failure)
[943.064s][info][gc,heap        ] GC(2614) PSYoungGen: 305216K(318464K)->64K(293376K) Eden: 305152K(305152K)->0K(292864K) From: 64K(13312K)->64K(512K)
[943.064s][info][gc,heap        ] GC(2614) ParOldGen: 554395K(554496K)->554403K(554496K)
[943.064s][info][gc,metaspace   ] GC(2614) Metaspace: 35718K(36416K)->35718K(36416K) NonClass: 29445K(29952K)->29445K(29952K) Class: 6273K(6464K)->6273K(6464K)
[943.064s][info][gc             ] GC(2614) Pause Young (Allocation Failure) 839M->541M(828M) 2.519ms
[943.064s][info][gc,cpu         ] GC(2614) User=0.00s Sys=0.00s Real=0.00s
[943.476s][info][gc,start       ] GC(2615) Pause Young (Allocation Failure)
[943.478s][info][gc,heap        ] GC(2615) PSYoungGen: 292928K(293376K)->64K(292352K) Eden: 292864K(292864K)->0K(281088K) From: 64K(512K)->64K(11264K)
[943.478s][info][gc,heap        ] GC(2615) ParOldGen: 554403K(554496K)->554411K(554496K)
[943.478s][info][gc,metaspace   ] GC(2615) Metaspace: 35718K(36416K)->35718K(36416K) NonClass: 29445K(29952K)->29445K(29952K) Class: 6273K(6464K)->6273K(6464K)
[943.478s][info][gc             ] GC(2615) Pause Young (Allocation Failure) 827M->541M(827M) 1.803ms
[943.478s][info][gc,cpu         ] GC(2615) User=0.01s Sys=0.00s Real=0.00s
[944.411s][info][gc,start       ] GC(2616) Pause Young (Allocation Failure)
[944.414s][info][gc,heap        ] GC(2616) PSYoungGen: 281152K(292352K)->64K(270848K) Eden: 281088K(281088K)->0K(270336K) From: 64K(11264K)->64K(512K)
[944.414s][info][gc,heap        ] GC(2616) ParOldGen: 554411K(554496K)->554419K(554496K)
[944.414s][info][gc,metaspace   ] GC(2616) Metaspace: 35718K(36416K)->35718K(36416K) NonClass: 29445K(29952K)->29445K(29952K) Class: 6273K(6464K)->6273K(6464K)
[944.414s][info][gc             ] GC(2616) Pause Young (Allocation Failure) 815M->541M(806M) 2.438ms
[944.414s][info][gc,cpu         ] GC(2616) User=0.00s Sys=0.00s Real=0.00s
[944.786s][info][gc,start       ] GC(2617) Pause Young (Allocation Failure)
[944.788s][info][gc,heap        ] GC(2617) PSYoungGen: 270400K(270848K)->64K(269824K) Eden: 270336K(270336K)->0K(260096K) From: 64K(512K)->64K(9728K)
[944.788s][info][gc,heap        ] GC(2617) ParOldGen: 554419K(554496K)->554427K(554496K)
[944.788s][info][gc,metaspace   ] GC(2617) Metaspace: 35718K(36416K)->35718K(36416K) NonClass: 29445K(29952K)->29445K(29952K) Class: 6273K(6464K)->6273K(6464K)
[944.788s][info][gc             ] GC(2617) Pause Young (Allocation Failure) 805M->541M(805M) 1.920ms
[944.788s][info][gc,cpu         ] GC(2617) User=0.00s Sys=0.00s Real=0.00s
[945.176s][info][gc,start       ] GC(2618) Pause Young (Allocation Failure)
[945.180s][info][gc,heap        ] GC(2618) PSYoungGen: 260160K(269824K)->32K(250880K) Eden: 260096K(260096K)->0K(250368K) From: 64K(9728K)->32K(512K)
[945.180s][info][gc,heap        ] GC(2618) ParOldGen: 554427K(554496K)->554435K(554496K)
[945.180s][info][gc,metaspace   ] GC(2618) Metaspace: 35718K(36416K)->35718K(36416K) NonClass: 29445K(29952K)->29445K(29952K) Class: 6273K(6464K)->6273K(6464K)
[945.180s][info][gc             ] GC(2618) Pause Young (Allocation Failure) 795M->541M(786M) 3.850ms
[945.180s][info][gc,cpu         ] GC(2618) User=0.00s Sys=0.00s Real=0.01s
[945.262s][info][gc,start       ] GC(2619) Pause Young (Allocation Failure)
[945.265s][info][gc,heap        ] GC(2619) PSYoungGen: 250400K(250880K)->64K(293888K) Eden: 250368K(250368K)->0K(285184K) From: 32K(512K)->64K(8704K)
[945.265s][info][gc,heap        ] GC(2619) ParOldGen: 554435K(554496K)->554451K(554496K)
[945.265s][info][gc,metaspace   ] GC(2619) Metaspace: 35718K(36416K)->35718K(36416K) NonClass: 29445K(29952K)->29445K(29952K) Class: 6273K(6464K)->6273K(6464K)
[945.265s][info][gc             ] GC(2619) Pause Young (Allocation Failure) 785M->541M(828M) 3.543ms
[945.265s][info][gc,cpu         ] GC(2619) User=0.01s Sys=0.00s Real=0.00s
[945.928s][info][gc,start       ] GC(2620) Pause Young (Allocation Failure)
[945.932s][info][gc,heap        ] GC(2620) PSYoungGen: 285248K(293888K)->64K(305664K) Eden: 285184K(285184K)->0K(297472K) From: 64K(8704K)->64K(8192K)
[945.932s][info][gc,heap        ] GC(2620) ParOldGen: 554451K(554496K)->554467K(554496K)
[945.932s][info][gc,metaspace   ] GC(2620) Metaspace: 35718K(36416K)->35718K(36416K) NonClass: 29445K(29952K)->29445K(29952K) Class: 6273K(6464K)->6273K(6464K)
[945.932s][info][gc             ] GC(2620) Pause Young (Allocation Failure) 820M->541M(840M) 3.531ms
[945.932s][info][gc,cpu         ] GC(2620) User=0.00s Sys=0.00s Real=0.00s
[946.321s][info][gc,start       ] GC(2621) Pause Young (Allocation Failure)
[946.324s][info][gc,heap        ] GC(2621) PSYoungGen: 297536K(305664K)->224K(305152K) Eden: 297472K(297472K)->0K(297472K) From: 64K(8192K)->224K(7680K)
[946.324s][info][gc,heap        ] GC(2621) ParOldGen: 554467K(554496K)->554475K(554496K)
[946.324s][info][gc,metaspace   ] GC(2621) Metaspace: 35718K(36416K)->35718K(36416K) NonClass: 29445K(29952K)->29445K(29952K) Class: 6273K(6464K)->6273K(6464K)
[946.324s][info][gc             ] GC(2621) Pause Young (Allocation Failure) 832M->541M(839M) 3.738ms
[946.324s][info][gc,cpu         ] GC(2621) User=0.00s Sys=0.00s Real=0.00s
[946.670s][info][gc,start       ] GC(2622) Pause Young (Allocation Failure)
[946.743s][info][gc,heap        ] GC(2622) PSYoungGen: 297696K(305152K)->6656K(304640K) Eden: 297472K(297472K)->0K(297984K) From: 224K(7680K)->6656K(6656K)
[946.743s][info][gc,heap        ] GC(2622) ParOldGen: 554475K(554496K)->579555K(579584K)
[946.743s][info][gc,metaspace   ] GC(2622) Metaspace: 35718K(36416K)->35718K(36416K) NonClass: 29445K(29952K)->29445K(29952K) Class: 6273K(6464K)->6273K(6464K)
[946.743s][info][gc             ] GC(2622) Pause Young (Allocation Failure) 832M->572M(863M) 73.299ms
[946.743s][info][gc,cpu         ] GC(2622) User=0.10s Sys=0.03s Real=0.07s
[947.080s][info][gc,start       ] GC(2623) Pause Young (Allocation Failure)
[947.153s][info][gc,heap        ] GC(2623) PSYoungGen: 304640K(304640K)->17920K(315904K) Eden: 297984K(297984K)->0K(297984K) From: 6656K(6656K)->17920K(17920K)
[947.153s][info][gc,heap        ] GC(2623) ParOldGen: 579555K(579584K)->594339K(594432K)
[947.153s][info][gc,metaspace   ] GC(2623) Metaspace: 35718K(36416K)->35718K(36416K) NonClass: 29445K(29952K)->29445K(29952K) Class: 6273K(6464K)->6273K(6464K)
[947.153s][info][gc             ] GC(2623) Pause Young (Allocation Failure) 863M->597M(889M) 72.888ms
[947.153s][info][gc,cpu         ] GC(2623) User=0.14s Sys=0.01s Real=0.07s
[947.290s][info][gc,start       ] GC(2624) Pause Young (Allocation Failure)
[947.306s][info][gc,heap        ] GC(2624) PSYoungGen: 315904K(315904K)->5280K(301568K) Eden: 297984K(297984K)->0K(283648K) From: 17920K(17920K)->5280K(17920K)
[947.306s][info][gc,heap        ] GC(2624) ParOldGen: 594339K(594432K)->594867K(594944K)
[947.306s][info][gc,metaspace   ] GC(2624) Metaspace: 35718K(36416K)->35718K(36416K) NonClass: 29445K(29952K)->29445K(29952K) Class: 6273K(6464K)->6273K(6464K)
[947.306s][info][gc             ] GC(2624) Pause Young (Allocation Failure) 888M->586M(875M) 16.090ms
[947.306s][info][gc,cpu         ] GC(2624) User=0.03s Sys=0.00s Real=0.02s
[947.917s][info][gc,start       ] GC(2625) Pause Young (Allocation Failure)
[947.919s][info][gc,heap        ] GC(2625) PSYoungGen: 288928K(301568K)->64K(308736K) Eden: 283648K(283648K)->0K(283648K) From: 5280K(17920K)->64K(25088K)
[947.919s][info][gc,heap        ] GC(2625) ParOldGen: 594867K(594944K)->594875K(594944K)
[947.919s][info][gc,metaspace   ] GC(2625) Metaspace: 35718K(36416K)->35718K(36416K) NonClass: 29445K(29952K)->29445K(29952K) Class: 6273K(6464K)->6273K(6464K)
[947.919s][info][gc             ] GC(2625) Pause Young (Allocation Failure) 863M->580M(882M) 1.967ms
[947.919s][info][gc,cpu         ] GC(2625) User=0.00s Sys=0.00s Real=0.00s
[948.378s][info][gc,start       ] GC(2626) Pause Young (Allocation Failure)
[948.380s][info][gc,heap        ] GC(2626) PSYoungGen: 283712K(308736K)->64K(306176K) Eden: 283648K(283648K)->0K(284160K) From: 64K(25088K)->64K(22016K)
[948.380s][info][gc,heap        ] GC(2626) ParOldGen: 594875K(594944K)->594883K(594944K)
[948.380s][info][gc,metaspace   ] GC(2626) Metaspace: 35718K(36416K)->35718K(36416K) NonClass: 29445K(29952K)->29445K(29952K) Class: 6273K(6464K)->6273K(6464K)
[948.380s][info][gc             ] GC(2626) Pause Young (Allocation Failure) 857M->581M(880M) 1.948ms
[948.380s][info][gc,cpu         ] GC(2626) User=0.00s Sys=0.00s Real=0.00s
[948.818s][info][gc,start       ] GC(2627) Pause Young (Allocation Failure)
[948.820s][info][gc,heap        ] GC(2627) PSYoungGen: 284224K(306176K)->64K(307712K) Eden: 284160K(284160K)->0K(284160K) From: 64K(22016K)->64K(23552K)
[948.820s][info][gc,heap        ] GC(2627) ParOldGen: 594883K(594944K)->594899K(594944K)
[948.820s][info][gc,metaspace   ] GC(2627) Metaspace: 35718K(36416K)->35718K(36416K) NonClass: 29445K(29952K)->29445K(29952K) Class: 6273K(6464K)->6273K(6464K)
[948.820s][info][gc             ] GC(2627) Pause Young (Allocation Failure) 858M->581M(881M) 1.973ms
[948.820s][info][gc,cpu         ] GC(2627) User=0.00s Sys=0.00s Real=0.00s
[949.045s][info][gc,start       ] GC(2628) Pause Young (Allocation Failure)
[949.047s][info][gc,heap        ] GC(2628) PSYoungGen: 284224K(307712K)->64K(307712K) Eden: 284160K(284160K)->0K(287232K) From: 64K(23552K)->64K(20480K)
[949.047s][info][gc,heap        ] GC(2628) ParOldGen: 594899K(594944K)->594915K(594944K)
[949.047s][info][gc,metaspace   ] GC(2628) Metaspace: 35718K(36416K)->35718K(36416K) NonClass: 29445K(29952K)->29445K(29952K) Class: 6273K(6464K)->6273K(6464K)
[949.047s][info][gc             ] GC(2628) Pause Young (Allocation Failure) 858M->581M(881M) 2.008ms
[949.047s][info][gc,cpu         ] GC(2628) User=0.00s Sys=0.00s Real=0.01s
[949.285s][info][gc,start       ] GC(2629) Pause Young (Allocation Failure)
[949.286s][info][gc,heap        ] GC(2629) PSYoungGen: 287296K(307712K)->64K(309248K) Eden: 287232K(287232K)->0K(287232K) From: 64K(20480K)->64K(22016K)
[949.286s][info][gc,heap        ] GC(2629) ParOldGen: 594915K(594944K)->594915K(594944K)
[949.286s][info][gc,metaspace   ] GC(2629) Metaspace: 35718K(36416K)->35718K(36416K) NonClass: 29445K(29952K)->29445K(29952K) Class: 6273K(6464K)->6273K(6464K)
[949.286s][info][gc             ] GC(2629) Pause Young (Allocation Failure) 861M->581M(883M) 1.944ms
[949.286s][info][gc,cpu         ] GC(2629) User=0.00s Sys=0.00s Real=0.01s
[949.652s][info][gc,start       ] GC(2630) Pause Young (Allocation Failure)
[949.654s][info][gc,heap        ] GC(2630) PSYoungGen: 287296K(309248K)->64K(309248K) Eden: 287232K(287232K)->0K(290816K) From: 64K(22016K)->64K(18432K)
[949.654s][info][gc,heap        ] GC(2630) ParOldGen: 594915K(594944K)->594915K(594944K)
[949.654s][info][gc,metaspace   ] GC(2630) Metaspace: 35718K(36416K)->35718K(36416K) NonClass: 29445K(29952K)->29445K(29952K) Class: 6273K(6464K)->6273K(6464K)
[949.654s][info][gc             ] GC(2630) Pause Young (Allocation Failure) 861M->581M(883M) 2.009ms
[949.654s][info][gc,cpu         ] GC(2630) User=0.01s Sys=0.00s Real=0.00s
[949.708s][info][gc,start       ] GC(2631) Pause Young (Allocation Failure)
[949.710s][info][gc,heap        ] GC(2631) PSYoungGen: 290880K(309248K)->32K(310784K) Eden: 290816K(290816K)->0K(290816K) From: 64K(18432K)->32K(19968K)
[949.710s][info][gc,heap        ] GC(2631) ParOldGen: 594915K(594944K)->594931K(594944K)
[949.710s][info][gc,metaspace   ] GC(2631) Metaspace: 35718K(36416K)->35718K(36416K) NonClass: 29445K(29952K)->29445K(29952K) Class: 6273K(6464K)->6273K(6464K)
[949.710s][info][gc             ] GC(2631) Pause Young (Allocation Failure) 865M->581M(884M) 2.039ms
[949.710s][info][gc,cpu         ] GC(2631) User=0.00s Sys=0.00s Real=0.00s
[949.764s][info][gc,start       ] GC(2632) Pause Young (Allocation Failure)
[949.766s][info][gc,heap        ] GC(2632) PSYoungGen: 290848K(310784K)->64K(311296K) Eden: 290816K(290816K)->0K(294912K) From: 32K(19968K)->64K(16384K)
[949.766s][info][gc,heap        ] GC(2632) ParOldGen: 594931K(594944K)->594931K(594944K)
[949.766s][info][gc,metaspace   ] GC(2632) Metaspace: 35718K(36416K)->35718K(36416K) NonClass: 29445K(29952K)->29445K(29952K) Class: 6273K(6464K)->6273K(6464K)
[949.766s][info][gc             ] GC(2632) Pause Young (Allocation Failure) 865M->581M(885M) 1.955ms
[949.766s][info][gc,cpu         ] GC(2632) User=0.00s Sys=0.00s Real=0.01s
[949.941s][info][gc,start       ] GC(2633) Pause Young (Allocation Failure)
[949.943s][info][gc,heap        ] GC(2633) PSYoungGen: 294976K(311296K)->64K(312832K) Eden: 294912K(294912K)->0K(294912K) From: 64K(16384K)->64K(17920K)
[949.943s][info][gc,heap        ] GC(2633) ParOldGen: 594931K(594944K)->594931K(594944K)
[949.943s][info][gc,metaspace   ] GC(2633) Metaspace: 35718K(36416K)->35718K(36416K) NonClass: 29445K(29952K)->29445K(29952K) Class: 6273K(6464K)->6273K(6464K)
[949.943s][info][gc             ] GC(2633) Pause Young (Allocation Failure) 869M->581M(886M) 1.985ms
[949.943s][info][gc,cpu         ] GC(2633) User=0.00s Sys=0.00s Real=0.00s
[950.155s][info][gc,start       ] GC(2634) Pause Young (Allocation Failure)
[950.157s][info][gc,heap        ] GC(2634) PSYoungGen: 294976K(312832K)->64K(313344K) Eden: 294912K(294912K)->0K(299008K) From: 64K(17920K)->64K(14336K)
[950.157s][info][gc,heap        ] GC(2634) ParOldGen: 594931K(594944K)->594939K(594944K)
[950.157s][info][gc,metaspace   ] GC(2634) Metaspace: 35718K(36416K)->35718K(36416K) NonClass: 29445K(29952K)->29445K(29952K) Class: 6273K(6464K)->6273K(6464K)
[950.157s][info][gc             ] GC(2634) Pause Young (Allocation Failure) 869M->581M(887M) 1.996ms
[950.157s][info][gc,cpu         ] GC(2634) User=0.00s Sys=0.00s Real=0.01s
[950.285s][info][gc,start       ] GC(2635) Pause Young (Allocation Failure)
[950.287s][info][gc,heap        ] GC(2635) PSYoungGen: 299072K(313344K)->64K(314880K) Eden: 299008K(299008K)->0K(299008K) From: 64K(14336K)->64K(15872K)
[950.288s][info][gc,heap        ] GC(2635) ParOldGen: 594939K(594944K)->594947K(595456K)
[950.288s][info][gc,metaspace   ] GC(2635) Metaspace: 35718K(36416K)->35718K(36416K) NonClass: 29445K(29952K)->29445K(29952K) Class: 6273K(6464K)->6273K(6464K)
[950.288s][info][gc             ] GC(2635) Pause Young (Allocation Failure) 873M->581M(889M) 2.778ms
[950.288s][info][gc,cpu         ] GC(2635) User=0.00s Sys=0.00s Real=0.01s
[950.378s][info][gc,start       ] GC(2636) Pause Young (Allocation Failure)
[950.380s][info][gc,heap        ] GC(2636) PSYoungGen: 299072K(314880K)->64K(315392K) Eden: 299008K(299008K)->0K(303104K) From: 64K(15872K)->64K(12288K)
[950.380s][info][gc,heap        ] GC(2636) ParOldGen: 594947K(595456K)->594955K(595456K)
[950.380s][info][gc,metaspace   ] GC(2636) Metaspace: 35718K(36416K)->35718K(36416K) NonClass: 29445K(29952K)->29445K(29952K) Class: 6273K(6464K)->6273K(6464K)
[950.380s][info][gc             ] GC(2636) Pause Young (Allocation Failure) 873M->581M(889M) 1.969ms
[950.380s][info][gc,cpu         ] GC(2636) User=0.01s Sys=0.00s Real=0.00s
[950.557s][info][gc,start       ] GC(2637) Pause Young (Allocation Failure)
[950.559s][info][gc,heap        ] GC(2637) PSYoungGen: 303168K(315392K)->64K(316928K) Eden: 303104K(303104K)->0K(303104K) From: 64K(12288K)->64K(13824K)
[950.559s][info][gc,heap        ] GC(2637) ParOldGen: 594955K(595456K)->594963K(595456K)
[950.559s][info][gc,metaspace   ] GC(2637) Metaspace: 35718K(36416K)->35718K(36416K) NonClass: 29445K(29952K)->29445K(29952K) Class: 6273K(6464K)->6273K(6464K)
[950.559s][info][gc             ] GC(2637) Pause Young (Allocation Failure) 877M->581M(891M) 2.016ms
[950.559s][info][gc,cpu         ] GC(2637) User=0.01s Sys=0.00s Real=0.00s
[951.521s][info][gc,start       ] GC(2638) Pause Young (Allocation Failure)
[951.523s][info][gc,heap        ] GC(2638) PSYoungGen: 303168K(316928K)->64K(317440K) Eden: 303104K(303104K)->0K(306688K) From: 64K(13824K)->64K(10752K)
[951.523s][info][gc,heap        ] GC(2638) ParOldGen: 594963K(595456K)->594971K(595456K)
[951.523s][info][gc,metaspace   ] GC(2638) Metaspace: 35718K(36416K)->35718K(36416K) NonClass: 29445K(29952K)->29445K(29952K) Class: 6273K(6464K)->6273K(6464K)
[951.523s][info][gc             ] GC(2638) Pause Young (Allocation Failure) 877M->581M(891M) 1.971ms
[951.523s][info][gc,cpu         ] GC(2638) User=0.00s Sys=0.00s Real=0.00s
[952.452s][info][gc,start       ] GC(2639) Pause Young (Allocation Failure)
[952.453s][info][gc,heap        ] GC(2639) PSYoungGen: 306752K(317440K)->64K(318976K) Eden: 306688K(306688K)->0K(306688K) From: 64K(10752K)->64K(12288K)
[952.453s][info][gc,heap        ] GC(2639) ParOldGen: 594971K(595456K)->594979K(595456K)
[952.454s][info][gc,metaspace   ] GC(2639) Metaspace: 35718K(36416K)->35718K(36416K) NonClass: 29445K(29952K)->29445K(29952K) Class: 6273K(6464K)->6273K(6464K)
[952.454s][info][gc             ] GC(2639) Pause Young (Allocation Failure) 880M->581M(893M) 1.994ms
[952.454s][info][gc,cpu         ] GC(2639) User=0.01s Sys=0.00s Real=0.00s
[952.858s][info][gc,start       ] GC(2640) Pause Young (Allocation Failure)
[952.860s][info][gc,heap        ] GC(2640) PSYoungGen: 306752K(318976K)->64K(320000K) Eden: 306688K(306688K)->0K(310272K) From: 64K(12288K)->64K(9728K)
[952.860s][info][gc,heap        ] GC(2640) ParOldGen: 594979K(595456K)->594987K(595456K)
[952.860s][info][gc,metaspace   ] GC(2640) Metaspace: 35718K(36416K)->35718K(36416K) NonClass: 29445K(29952K)->29445K(29952K) Class: 6273K(6464K)->6273K(6464K)
[952.860s][info][gc             ] GC(2640) Pause Young (Allocation Failure) 880M->581M(894M) 2.048ms
[952.860s][info][gc,cpu         ] GC(2640) User=0.00s Sys=0.00s Real=0.00s
[953.937s][info][gc,start       ] GC(2641) Pause Young (Allocation Failure)
[953.940s][info][gc,heap        ] GC(2641) PSYoungGen: 310336K(320000K)->111K(298496K) Eden: 310272K(310272K)->0K(297984K) From: 64K(9728K)->111K(512K)
[953.940s][info][gc,heap        ] GC(2641) ParOldGen: 594987K(595456K)->594995K(595456K)
[953.940s][info][gc,metaspace   ] GC(2641) Metaspace: 35718K(36416K)->35718K(36416K) NonClass: 29445K(29952K)->29445K(29952K) Class: 6273K(6464K)->6273K(6464K)
[953.940s][info][gc             ] GC(2641) Pause Young (Allocation Failure) 884M->581M(873M) 2.971ms
[953.940s][info][gc,cpu         ] GC(2641) User=0.00s Sys=0.00s Real=0.00s
[954.407s][info][gc,start       ] GC(2642) Pause Young (Allocation Failure)
[954.411s][info][gc,heap        ] GC(2642) PSYoungGen: 298095K(298496K)->64K(286720K) Eden: 297984K(297984K)->0K(286208K) From: 111K(512K)->64K(512K)
[954.412s][info][gc,heap        ] GC(2642) ParOldGen: 594995K(595456K)->595011K(595456K)
[954.412s][info][gc,metaspace   ] GC(2642) Metaspace: 35718K(36416K)->35718K(36416K) NonClass: 29445K(29952K)->29445K(29952K) Class: 6273K(6464K)->6273K(6464K)
[954.412s][info][gc             ] GC(2642) Pause Young (Allocation Failure) 872M->581M(861M) 4.115ms
[954.412s][info][gc,cpu         ] GC(2642) User=0.01s Sys=0.00s Real=0.00s
[954.621s][info][gc,start       ] GC(2643) Pause Young (Allocation Failure)
[954.625s][info][gc,heap        ] GC(2643) PSYoungGen: 286272K(286720K)->32K(303616K) Eden: 286208K(286208K)->0K(294400K) From: 64K(512K)->32K(9216K)
[954.625s][info][gc,heap        ] GC(2643) ParOldGen: 595011K(595456K)->595019K(595456K)
[954.625s][info][gc,metaspace   ] GC(2643) Metaspace: 35718K(36416K)->35718K(36416K) NonClass: 29445K(29952K)->29445K(29952K) Class: 6273K(6464K)->6273K(6464K)
[954.625s][info][gc             ] GC(2643) Pause Young (Allocation Failure) 860M->581M(878M) 3.524ms
[954.625s][info][gc,cpu         ] GC(2643) User=0.00s Sys=0.00s Real=0.00s
[954.861s][info][gc,start       ] GC(2644) Pause Young (Allocation Failure)
[954.864s][info][gc,heap        ] GC(2644) PSYoungGen: 294432K(303616K)->64K(323072K) Eden: 294400K(294400K)->0K(315904K) From: 32K(9216K)->64K(7168K)
[954.864s][info][gc,heap        ] GC(2644) ParOldGen: 595019K(595456K)->595035K(595456K)
[954.864s][info][gc,metaspace   ] GC(2644) Metaspace: 35718K(36416K)->35718K(36416K) NonClass: 29445K(29952K)->29445K(29952K) Class: 6273K(6464K)->6273K(6464K)
[954.864s][info][gc             ] GC(2644) Pause Young (Allocation Failure) 868M->581M(897M) 3.516ms
[954.864s][info][gc,cpu         ] GC(2644) User=0.01s Sys=0.00s Real=0.00s
[955.427s][info][gc,start       ] GC(2645) Pause Young (Allocation Failure)
[955.430s][info][gc,heap        ] GC(2645) PSYoungGen: 315968K(323072K)->64K(324096K) Eden: 315904K(315904K)->0K(315904K) From: 64K(7168K)->64K(8192K)
[955.430s][info][gc,heap        ] GC(2645) ParOldGen: 595035K(595456K)->595051K(595456K)
[955.430s][info][gc,metaspace   ] GC(2645) Metaspace: 35718K(36416K)->35718K(36416K) NonClass: 29445K(29952K)->29445K(29952K) Class: 6273K(6464K)->6273K(6464K)
[955.430s][info][gc             ] GC(2645) Pause Young (Allocation Failure) 889M->581M(898M) 3.563ms
[955.430s][info][gc,cpu         ] GC(2645) User=0.01s Sys=0.00s Real=0.00s
[955.912s][info][gc,start       ] GC(2646) Pause Young (Allocation Failure)
[955.948s][info][gc,heap        ] GC(2646) PSYoungGen: 315968K(324096K)->7680K(316928K) Eden: 315904K(315904K)->0K(309248K) From: 64K(8192K)->7680K(7680K)
[955.948s][info][gc,heap        ] GC(2646) ParOldGen: 595051K(595456K)->603411K(603648K)
[955.948s][info][gc,metaspace   ] GC(2646) Metaspace: 35718K(36416K)->35718K(36416K) NonClass: 29445K(29952K)->29445K(29952K) Class: 6273K(6464K)->6273K(6464K)
[955.948s][info][gc             ] GC(2646) Pause Young (Allocation Failure) 889M->596M(899M) 36.654ms
[955.948s][info][gc,cpu         ] GC(2646) User=0.05s Sys=0.01s Real=0.04s
[956.297s][info][gc,start       ] GC(2647) Pause Young (Allocation Failure)
[956.368s][info][gc,heap        ] GC(2647) PSYoungGen: 316928K(316928K)->12288K(321536K) Eden: 309248K(309248K)->0K(309248K) From: 7680K(7680K)->12288K(12288K)
[956.368s][info][gc,heap        ] GC(2647) ParOldGen: 603411K(603648K)->624411K(624640K)
[956.368s][info][gc,metaspace   ] GC(2647) Metaspace: 35718K(36416K)->35718K(36416K) NonClass: 29445K(29952K)->29445K(29952K) Class: 6273K(6464K)->6273K(6464K)
[956.368s][info][gc             ] GC(2647) Pause Young (Allocation Failure) 898M->621M(924M) 70.358ms
[956.368s][info][gc,cpu         ] GC(2647) User=0.12s Sys=0.02s Real=0.07s
[956.615s][info][gc,start       ] GC(2648) Pause Young (Allocation Failure)
[956.659s][info][gc,heap        ] GC(2648) PSYoungGen: 321536K(321536K)->12288K(291840K) Eden: 309248K(309248K)->0K(279552K) From: 12288K(12288K)->12288K(12288K)
[956.659s][info][gc,heap        ] GC(2648) ParOldGen: 624411K(624640K)->632843K(633344K)
[956.659s][info][gc,metaspace   ] GC(2648) Metaspace: 35718K(36416K)->35718K(36416K) NonClass: 29445K(29952K)->29445K(29952K) Class: 6273K(6464K)->6273K(6464K)
[956.659s][info][gc             ] GC(2648) Pause Young (Allocation Failure) 923M->630M(903M) 44.178ms
[956.659s][info][gc,cpu         ] GC(2648) User=0.08s Sys=0.00s Real=0.05s
[956.977s][info][gc,start       ] GC(2649) Pause Young (Allocation Failure)
[956.982s][info][gc,heap        ] GC(2649) PSYoungGen: 291840K(291840K)->64K(306688K) Eden: 279552K(279552K)->0K(279552K) From: 12288K(12288K)->64K(27136K)
[956.982s][info][gc,heap        ] GC(2649) ParOldGen: 632843K(633344K)->633139K(633344K)
[956.982s][info][gc,metaspace   ] GC(2649) Metaspace: 35718K(36416K)->35718K(36416K) NonClass: 29445K(29952K)->29445K(29952K) Class: 6273K(6464K)->6273K(6464K)
[956.982s][info][gc             ] GC(2649) Pause Young (Allocation Failure) 903M->618M(918M) 4.229ms
[956.982s][info][gc,cpu         ] GC(2649) User=0.00s Sys=0.00s Real=0.00s
[957.623s][info][gc,start       ] GC(2650) Pause Young (Allocation Failure)
[957.625s][info][gc,heap        ] GC(2650) PSYoungGen: 279616K(306688K)->64K(303616K) Eden: 279552K(279552K)->0K(280576K) From: 64K(27136K)->64K(23040K)
[957.625s][info][gc,heap        ] GC(2650) ParOldGen: 633139K(633344K)->633147K(633344K)
[957.625s][info][gc,metaspace   ] GC(2650) Metaspace: 35718K(36416K)->35718K(36416K) NonClass: 29445K(29952K)->29445K(29952K) Class: 6273K(6464K)->6273K(6464K)
[957.625s][info][gc             ] GC(2650) Pause Young (Allocation Failure) 891M->618M(915M) 2.229ms
[957.625s][info][gc,cpu         ] GC(2650) User=0.01s Sys=0.00s Real=0.00s
[958.088s][info][gc,start       ] GC(2651) Pause Young (Allocation Failure)
[958.090s][info][gc,heap        ] GC(2651) PSYoungGen: 280640K(303616K)->64K(305664K) Eden: 280576K(280576K)->0K(280576K) From: 64K(23040K)->64K(25088K)
[958.090s][info][gc,heap        ] GC(2651) ParOldGen: 633147K(633344K)->633163K(633344K)
[958.090s][info][gc,metaspace   ] GC(2651) Metaspace: 35718K(36416K)->35718K(36416K) NonClass: 29445K(29952K)->29445K(29952K) Class: 6273K(6464K)->6273K(6464K)
[958.090s][info][gc             ] GC(2651) Pause Young (Allocation Failure) 892M->618M(917M) 2.008ms
[958.090s][info][gc,cpu         ] GC(2651) User=0.01s Sys=0.00s Real=0.00s
[958.312s][info][gc,start       ] GC(2652) Pause Young (Allocation Failure)
[958.314s][info][gc,heap        ] GC(2652) PSYoungGen: 280640K(305664K)->64K(305664K) Eden: 280576K(280576K)->0K(284672K) From: 64K(25088K)->64K(20992K)
[958.314s][info][gc,heap        ] GC(2652) ParOldGen: 633163K(633344K)->633179K(633344K)
[958.314s][info][gc,metaspace   ] GC(2652) Metaspace: 35718K(36416K)->35718K(36416K) NonClass: 29445K(29952K)->29445K(29952K) Class: 6273K(6464K)->6273K(6464K)
[958.314s][info][gc             ] GC(2652) Pause Young (Allocation Failure) 892M->618M(917M) 2.046ms
[958.314s][info][gc,cpu         ] GC(2652) User=0.00s Sys=0.00s Real=0.00s
[958.539s][info][gc,start       ] GC(2653) Pause Young (Allocation Failure)
[958.541s][info][gc,heap        ] GC(2653) PSYoungGen: 284736K(305664K)->64K(307712K) Eden: 284672K(284672K)->0K(284672K) From: 64K(20992K)->64K(23040K)
[958.541s][info][gc,heap        ] GC(2653) ParOldGen: 633179K(633344K)->633179K(633344K)
[958.541s][info][gc,metaspace   ] GC(2653) Metaspace: 35718K(36416K)->35718K(36416K) NonClass: 29445K(29952K)->29445K(29952K) Class: 6273K(6464K)->6273K(6464K)
[958.541s][info][gc             ] GC(2653) Pause Young (Allocation Failure) 896M->618M(919M) 2.020ms
[958.541s][info][gc,cpu         ] GC(2653) User=0.00s Sys=0.00s Real=0.00s
[958.879s][info][gc,start       ] GC(2654) Pause Young (Allocation Failure)
[958.881s][info][gc,heap        ] GC(2654) PSYoungGen: 284736K(307712K)->64K(307712K) Eden: 284672K(284672K)->0K(288768K) From: 64K(23040K)->64K(18944K)
[958.881s][info][gc,heap        ] GC(2654) ParOldGen: 633179K(633344K)->633179K(633344K)
[958.881s][info][gc,metaspace   ] GC(2654) Metaspace: 35718K(36416K)->35718K(36416K) NonClass: 29445K(29952K)->29445K(29952K) Class: 6273K(6464K)->6273K(6464K)
[958.881s][info][gc             ] GC(2654) Pause Young (Allocation Failure) 896M->618M(919M) 2.053ms
[958.881s][info][gc,cpu         ] GC(2654) User=0.01s Sys=0.00s Real=0.00s
[959.046s][info][gc,start       ] GC(2655) Pause Young (Allocation Failure)
[959.047s][info][gc,heap        ] GC(2655) PSYoungGen: 288832K(307712K)->64K(309760K) Eden: 288768K(288768K)->0K(288768K) From: 64K(18944K)->64K(20992K)
[959.047s][info][gc,heap        ] GC(2655) ParOldGen: 633179K(633344K)->633187K(633344K)
[959.047s][info][gc,metaspace   ] GC(2655) Metaspace: 35718K(36416K)->35718K(36416K) NonClass: 29445K(29952K)->29445K(29952K) Class: 6273K(6464K)->6273K(6464K)
[959.047s][info][gc             ] GC(2655) Pause Young (Allocation Failure) 900M->618M(921M) 1.987ms
[959.048s][info][gc,cpu         ] GC(2655) User=0.00s Sys=0.00s Real=0.01s
[959.101s][info][gc,start       ] GC(2656) Pause Young (Allocation Failure)
[959.103s][info][gc,heap        ] GC(2656) PSYoungGen: 288832K(309760K)->64K(309760K) Eden: 288768K(288768K)->0K(292864K) From: 64K(20992K)->64K(16896K)
[959.103s][info][gc,heap        ] GC(2656) ParOldGen: 633187K(633344K)->633203K(633344K)
[959.103s][info][gc,metaspace   ] GC(2656) Metaspace: 35718K(36416K)->35718K(36416K) NonClass: 29445K(29952K)->29445K(29952K) Class: 6273K(6464K)->6273K(6464K)
[959.103s][info][gc             ] GC(2656) Pause Young (Allocation Failure) 900M->618M(921M) 1.966ms
[959.103s][info][gc,cpu         ] GC(2656) User=0.00s Sys=0.00s Real=0.00s
[959.193s][info][gc,start       ] GC(2657) Pause Young (Allocation Failure)
[959.195s][info][gc,heap        ] GC(2657) PSYoungGen: 292928K(309760K)->64K(311808K) Eden: 292864K(292864K)->0K(292864K) From: 64K(16896K)->64K(18944K)
[959.195s][info][gc,heap        ] GC(2657) ParOldGen: 633203K(633344K)->633203K(633344K)
[959.195s][info][gc,metaspace   ] GC(2657) Metaspace: 35718K(36416K)->35718K(36416K) NonClass: 29445K(29952K)->29445K(29952K) Class: 6273K(6464K)->6273K(6464K)
[959.195s][info][gc             ] GC(2657) Pause Young (Allocation Failure) 904M->618M(923M) 2.035ms
[959.195s][info][gc,cpu         ] GC(2657) User=0.00s Sys=0.00s Real=0.00s
[959.409s][info][gc,start       ] GC(2658) Pause Young (Allocation Failure)
[959.411s][info][gc,heap        ] GC(2658) PSYoungGen: 292928K(311808K)->64K(311808K) Eden: 292864K(292864K)->0K(296960K) From: 64K(18944K)->64K(14848K)
[959.411s][info][gc,heap        ] GC(2658) ParOldGen: 633203K(633344K)->633219K(633344K)
[959.411s][info][gc,metaspace   ] GC(2658) Metaspace: 35718K(36416K)->35718K(36416K) NonClass: 29445K(29952K)->29445K(29952K) Class: 6273K(6464K)->6273K(6464K)
[959.411s][info][gc             ] GC(2658) Pause Young (Allocation Failure) 904M->618M(923M) 2.050ms
[959.411s][info][gc,cpu         ] GC(2658) User=0.01s Sys=0.00s Real=0.00s
[959.608s][info][gc,start       ] GC(2659) Pause Young (Allocation Failure)
[959.610s][info][gc,heap        ] GC(2659) PSYoungGen: 297024K(311808K)->64K(313856K) Eden: 296960K(296960K)->0K(296960K) From: 64K(14848K)->64K(16896K)
[959.610s][info][gc,heap        ] GC(2659) ParOldGen: 633219K(633344K)->633219K(633344K)
[959.610s][info][gc,metaspace   ] GC(2659) Metaspace: 35718K(36416K)->35718K(36416K) NonClass: 29445K(29952K)->29445K(29952K) Class: 6273K(6464K)->6273K(6464K)
[959.610s][info][gc             ] GC(2659) Pause Young (Allocation Failure) 908M->618M(925M) 2.075ms
[959.610s][info][gc,cpu         ] GC(2659) User=0.01s Sys=0.00s Real=0.00s
[959.689s][info][gc,start       ] GC(2660) Pause Young (Allocation Failure)
[959.691s][info][gc,heap        ] GC(2660) PSYoungGen: 297024K(313856K)->64K(313856K) Eden: 296960K(296960K)->0K(301056K) From: 64K(16896K)->64K(12800K)
[959.691s][info][gc,heap        ] GC(2660) ParOldGen: 633219K(633344K)->633235K(633344K)
[959.691s][info][gc,metaspace   ] GC(2660) Metaspace: 35718K(36416K)->35718K(36416K) NonClass: 29445K(29952K)->29445K(29952K) Class: 6273K(6464K)->6273K(6464K)
[959.691s][info][gc             ] GC(2660) Pause Young (Allocation Failure) 908M->618M(925M) 2.038ms
[959.691s][info][gc,cpu         ] GC(2660) User=0.00s Sys=0.00s Real=0.00s
[959.821s][info][gc,start       ] GC(2661) Pause Young (Allocation Failure)
[959.823s][info][gc,heap        ] GC(2661) PSYoungGen: 301120K(313856K)->64K(315904K) Eden: 301056K(301056K)->0K(301056K) From: 64K(12800K)->64K(14848K)
[959.823s][info][gc,heap        ] GC(2661) ParOldGen: 633235K(633344K)->633235K(633344K)
[959.823s][info][gc,metaspace   ] GC(2661) Metaspace: 35718K(36416K)->35718K(36416K) NonClass: 29445K(29952K)->29445K(29952K) Class: 6273K(6464K)->6273K(6464K)
[959.823s][info][gc             ] GC(2661) Pause Young (Allocation Failure) 912M->618M(927M) 2.040ms
[959.823s][info][gc,cpu         ] GC(2661) User=0.00s Sys=0.00s Real=0.00s
[960.227s][info][gc,start       ] GC(2662) Pause Young (Allocation Failure)
[960.229s][info][gc,heap        ] GC(2662) PSYoungGen: 301120K(315904K)->64K(315904K) Eden: 301056K(301056K)->0K(305152K) From: 64K(14848K)->64K(10752K)
[960.229s][info][gc,heap        ] GC(2662) ParOldGen: 633235K(633344K)->633243K(633344K)
[960.229s][info][gc,metaspace   ] GC(2662) Metaspace: 35718K(36416K)->35718K(36416K) NonClass: 29445K(29952K)->29445K(29952K) Class: 6273K(6464K)->6273K(6464K)
[960.229s][info][gc             ] GC(2662) Pause Young (Allocation Failure) 912M->618M(927M) 2.058ms
[960.229s][info][gc,cpu         ] GC(2662) User=0.01s Sys=0.00s Real=0.00s
[960.926s][info][gc,start       ] GC(2663) Pause Young (Allocation Failure)
[960.928s][info][gc,heap        ] GC(2663) PSYoungGen: 305216K(315904K)->64K(317952K) Eden: 305152K(305152K)->0K(305152K) From: 64K(10752K)->64K(12800K)
[960.928s][info][gc,heap        ] GC(2663) ParOldGen: 633243K(633344K)->633251K(633344K)
[960.928s][info][gc,metaspace   ] GC(2663) Metaspace: 35718K(36416K)->35718K(36416K) NonClass: 29445K(29952K)->29445K(29952K) Class: 6273K(6464K)->6273K(6464K)
[960.928s][info][gc             ] GC(2663) Pause Young (Allocation Failure) 916M->618M(929M) 1.986ms
[960.928s][info][gc,cpu         ] GC(2663) User=0.01s Sys=0.00s Real=0.00s
[961.942s][info][gc,start       ] GC(2664) Pause Young (Allocation Failure)
[961.944s][info][gc,heap        ] GC(2664) PSYoungGen: 305216K(317952K)->64K(293376K) Eden: 305152K(305152K)->0K(292864K) From: 64K(12800K)->64K(512K)
[961.944s][info][gc,heap        ] GC(2664) ParOldGen: 633251K(633344K)->633267K(633344K)
[961.944s][info][gc,metaspace   ] GC(2664) Metaspace: 35718K(36416K)->35718K(36416K) NonClass: 29445K(29952K)->29445K(29952K) Class: 6273K(6464K)->6273K(6464K)
[961.945s][info][gc             ] GC(2664) Pause Young (Allocation Failure) 916M->618M(905M) 2.548ms
[961.945s][info][gc,cpu         ] GC(2664) User=0.00s Sys=0.00s Real=0.00s
[962.412s][info][gc,start       ] GC(2665) Pause Young (Allocation Failure)
[962.414s][info][gc,heap        ] GC(2665) PSYoungGen: 292928K(293376K)->64K(292352K) Eden: 292864K(292864K)->0K(281088K) From: 64K(512K)->64K(11264K)
[962.414s][info][gc,heap        ] GC(2665) ParOldGen: 633267K(633344K)->633275K(633344K)
[962.414s][info][gc,metaspace   ] GC(2665) Metaspace: 35718K(36416K)->35718K(36416K) NonClass: 29445K(29952K)->29445K(29952K) Class: 6273K(6464K)->6273K(6464K)
[962.414s][info][gc             ] GC(2665) Pause Young (Allocation Failure) 904M->618M(904M) 1.988ms
[962.414s][info][gc,cpu         ] GC(2665) User=0.01s Sys=0.00s Real=0.00s
[963.401s][info][gc,start       ] GC(2666) Pause Young (Allocation Failure)
[963.403s][info][gc,heap        ] GC(2666) PSYoungGen: 281152K(292352K)->64K(270848K) Eden: 281088K(281088K)->0K(270336K) From: 64K(11264K)->64K(512K)
[963.403s][info][gc,heap        ] GC(2666) ParOldGen: 633275K(633344K)->633283K(633344K)
[963.403s][info][gc,metaspace   ] GC(2666) Metaspace: 35718K(36416K)->35718K(36416K) NonClass: 29445K(29952K)->29445K(29952K) Class: 6273K(6464K)->6273K(6464K)
[963.403s][info][gc             ] GC(2666) Pause Young (Allocation Failure) 892M->618M(883M) 2.685ms
[963.403s][info][gc,cpu         ] GC(2666) User=0.00s Sys=0.00s Real=0.00s
[963.818s][info][gc,start       ] GC(2667) Pause Young (Allocation Failure)
[963.820s][info][gc,heap        ] GC(2667) PSYoungGen: 270400K(270848K)->64K(269824K) Eden: 270336K(270336K)->0K(260096K) From: 64K(512K)->64K(9728K)
[963.820s][info][gc,heap        ] GC(2667) ParOldGen: 633283K(633344K)->633291K(633344K)
[963.820s][info][gc,metaspace   ] GC(2667) Metaspace: 35718K(36416K)->35718K(36416K) NonClass: 29445K(29952K)->29445K(29952K) Class: 6273K(6464K)->6273K(6464K)
[963.820s][info][gc             ] GC(2667) Pause Young (Allocation Failure) 882M->618M(882M) 2.054ms
[963.820s][info][gc,cpu         ] GC(2667) User=0.00s Sys=0.00s Real=0.00s
[963.991s][info][gc,start       ] GC(2668) Pause Young (Allocation Failure)
[963.994s][info][gc,heap        ] GC(2668) PSYoungGen: 260160K(269824K)->64K(250880K) Eden: 260096K(260096K)->0K(250368K) From: 64K(9728K)->64K(512K)
[963.994s][info][gc,heap        ] GC(2668) ParOldGen: 633291K(633344K)->633307K(633344K)
[963.994s][info][gc,metaspace   ] GC(2668) Metaspace: 35718K(36416K)->35718K(36416K) NonClass: 29445K(29952K)->29445K(29952K) Class: 6273K(6464K)->6273K(6464K)
[963.994s][info][gc             ] GC(2668) Pause Young (Allocation Failure) 872M->618M(863M) 3.040ms
[963.994s][info][gc,cpu         ] GC(2668) User=0.00s Sys=0.00s Real=0.00s
[964.220s][info][gc,start       ] GC(2669) Pause Young (Allocation Failure)
[964.222s][info][gc,heap        ] GC(2669) PSYoungGen: 250432K(250880K)->64K(249344K) Eden: 250368K(250368K)->0K(240640K) From: 64K(512K)->64K(8704K)
[964.222s][info][gc,heap        ] GC(2669) ParOldGen: 633307K(633344K)->633323K(633344K)
[964.222s][info][gc,metaspace   ] GC(2669) Metaspace: 35718K(36416K)->35718K(36416K) NonClass: 29445K(29952K)->29445K(29952K) Class: 6273K(6464K)->6273K(6464K)
[964.222s][info][gc             ] GC(2669) Pause Young (Allocation Failure) 863M->618M(862M) 1.994ms
[964.222s][info][gc,cpu         ] GC(2669) User=0.00s Sys=0.00s Real=0.00s
[964.735s][info][gc,start       ] GC(2670) Pause Young (Allocation Failure)
[964.738s][info][gc,heap        ] GC(2670) PSYoungGen: 240704K(249344K)->64K(231936K) Eden: 240640K(240640K)->0K(231424K) From: 64K(8704K)->64K(512K)
[964.738s][info][gc,heap        ] GC(2670) ParOldGen: 633323K(633344K)->633331K(633344K)
[964.738s][info][gc,metaspace   ] GC(2670) Metaspace: 35718K(36416K)->35718K(36416K) NonClass: 29445K(29952K)->29445K(29952K) Class: 6273K(6464K)->6273K(6464K)
[964.738s][info][gc             ] GC(2670) Pause Young (Allocation Failure) 853M->618M(845M) 2.595ms
[964.738s][info][gc,cpu         ] GC(2670) User=0.01s Sys=0.00s Real=0.01s
[965.073s][info][gc,start       ] GC(2671) Pause Young (Allocation Failure)
[965.075s][info][gc,heap        ] GC(2671) PSYoungGen: 231488K(231936K)->64K(229888K) Eden: 231424K(231424K)->0K(222720K) From: 64K(512K)->64K(7168K)
[965.075s][info][gc,heap        ] GC(2671) ParOldGen: 633331K(633344K)->633339K(633344K)
[965.075s][info][gc,metaspace   ] GC(2671) Metaspace: 35718K(36416K)->35718K(36416K) NonClass: 29445K(29952K)->29445K(29952K) Class: 6273K(6464K)->6273K(6464K)
[965.075s][info][gc             ] GC(2671) Pause Young (Allocation Failure) 844M->618M(843M) 1.970ms
[965.075s][info][gc,cpu         ] GC(2671) User=0.00s Sys=0.00s Real=0.00s
[965.341s][info][gc,start       ] GC(2672) Pause Young (Allocation Failure)
[965.389s][info][gc,heap        ] GC(2672) PSYoungGen: 222784K(229888K)->6656K(272896K) Eden: 222720K(222720K)->0K(266240K) From: 64K(7168K)->6656K(6656K)
[965.389s][info][gc,heap        ] GC(2672) ParOldGen: 633339K(633344K)->649411K(649728K)
[965.389s][info][gc,metaspace   ] GC(2672) Metaspace: 35718K(36416K)->35718K(36416K) NonClass: 29445K(29952K)->29445K(29952K) Class: 6273K(6464K)->6273K(6464K)
[965.389s][info][gc             ] GC(2672) Pause Young (Allocation Failure) 836M->640M(901M) 48.505ms
[965.389s][info][gc,cpu         ] GC(2672) User=0.08s Sys=0.01s Real=0.05s
[965.691s][info][gc,start       ] GC(2673) Pause Young (Allocation Failure)
[965.750s][info][gc,heap        ] GC(2673) PSYoungGen: 272896K(272896K)->14336K(281088K) Eden: 266240K(266240K)->0K(266752K) From: 6656K(6656K)->14336K(14336K)
[965.750s][info][gc,heap        ] GC(2673) ParOldGen: 649411K(649728K)->664059K(664064K)
[965.750s][info][gc,metaspace   ] GC(2673) Metaspace: 35718K(36416K)->35718K(36416K) NonClass: 29445K(29952K)->29445K(29952K) Class: 6273K(6464K)->6273K(6464K)
[965.750s][info][gc             ] GC(2673) Pause Young (Allocation Failure) 900M->662M(923M) 58.742ms
[965.750s][info][gc,cpu         ] GC(2673) User=0.10s Sys=0.02s Real=0.06s
[965.968s][info][gc,start       ] GC(2674) Pause Full (Allocation Failure)
[965.968s][info][gc,phases,start] GC(2674) Marking Phase
[966.040s][info][gc,phases      ] GC(2674) Marking Phase 71.867ms
[966.040s][info][gc,phases,start] GC(2674) Summary Phase
[966.040s][info][gc,phases      ] GC(2674) Summary Phase 0.028ms
[966.040s][info][gc,phases,start] GC(2674) Forward
[966.068s][info][gc,phases      ] GC(2674) Forward 27.696ms
[966.068s][info][gc,phases,start] GC(2674) Adjust Pointers
[966.106s][info][gc,phases      ] GC(2674) Adjust Pointers 37.815ms
[966.106s][info][gc,phases,start] GC(2674) Compaction Phase
[966.126s][info][gc,phases      ] GC(2674) Compaction Phase 20.397ms
[966.127s][info][gc,phases,start] GC(2674) Post Compact
[966.129s][info][metaspace      ] ChkMgr @0x00007f561403aa80 (non-class-space): : reclaiming memory...
[966.129s][info][metaspace      ] ChkMgr @0x00007f561403aa80 (non-class-space): nothing reclaimed.
[966.129s][info][metaspace      ] ChkMgr @0x00007f561403a890 (class-space): : reclaiming memory...
[966.129s][info][metaspace      ] ChkMgr @0x00007f561403a890 (class-space): nothing reclaimed.
[966.129s][info][gc,phases      ] GC(2674) Post Compact 2.834ms
[966.170s][info][gc,heap        ] GC(2674) PSYoungGen: 281088K(281088K)->0K(310784K) Eden: 266752K(266752K)->0K(287744K) From: 14336K(14336K)->0K(23040K)
[966.170s][info][gc,heap        ] GC(2674) ParOldGen: 664059K(664064K)->74986K(175104K)
[966.170s][info][gc,metaspace   ] GC(2674) Metaspace: 35718K(36416K)->35591K(36416K) NonClass: 29445K(29952K)->29318K(29952K) Class: 6273K(6464K)->6272K(6464K)
[966.170s][info][gc             ] GC(2674) Pause Full (Allocation Failure) 922M->73M(474M) 201.189ms
[966.170s][info][gc,cpu         ] GC(2674) User=0.27s Sys=0.04s Real=0.20s
[966.468s][info][gc,start       ] GC(2675) Pause Young (Allocation Failure)
[966.473s][info][gc,heap        ] GC(2675) PSYoungGen: 287744K(310784K)->64K(288256K) Eden: 287744K(287744K)->0K(287744K) From: 0K(23040K)->64K(512K)
[966.473s][info][gc,heap        ] GC(2675) ParOldGen: 74986K(175104K)->74986K(175104K)
[966.473s][info][gc,metaspace   ] GC(2675) Metaspace: 35591K(36416K)->35591K(36416K) NonClass: 29318K(29952K)->29318K(29952K) Class: 6272K(6464K)->6272K(6464K)
[966.473s][info][gc             ] GC(2675) Pause Young (Allocation Failure) 354M->73M(452M) 5.275ms
[966.473s][info][gc,cpu         ] GC(2675) User=0.01s Sys=0.00s Real=0.00s
[967.142s][info][gc,start       ] GC(2676) Pause Young (Allocation Failure)
[967.143s][info][gc,heap        ] GC(2676) PSYoungGen: 287808K(288256K)->64K(310272K) Eden: 287744K(287744K)->0K(288256K) From: 64K(512K)->64K(22016K)
[967.143s][info][gc,heap        ] GC(2676) ParOldGen: 74986K(175104K)->74994K(175104K)
[967.143s][info][gc,metaspace   ] GC(2676) Metaspace: 35591K(36416K)->35591K(36416K) NonClass: 29318K(29952K)->29318K(29952K) Class: 6272K(6464K)->6272K(6464K)
[967.143s][info][gc             ] GC(2676) Pause Young (Allocation Failure) 354M->73M(474M) 0.755ms
[967.143s][info][gc,cpu         ] GC(2676) User=0.00s Sys=0.00s Real=0.00s
[967.613s][info][gc,start       ] GC(2677) Pause Young (Allocation Failure)
[967.613s][info][gc,heap        ] GC(2677) PSYoungGen: 288320K(310272K)->64K(309760K) Eden: 288256K(288256K)->0K(288256K) From: 64K(22016K)->64K(21504K)
[967.613s][info][gc,heap        ] GC(2677) ParOldGen: 74994K(175104K)->75010K(175104K)
[967.613s][info][gc,metaspace   ] GC(2677) Metaspace: 35591K(36416K)->35591K(36416K) NonClass: 29318K(29952K)->29318K(29952K) Class: 6272K(6464K)->6272K(6464K)
[967.613s][info][gc             ] GC(2677) Pause Young (Allocation Failure) 354M->73M(473M) 0.757ms
[967.613s][info][gc,cpu         ] GC(2677) User=0.01s Sys=0.00s Real=0.00s
[967.841s][info][gc,start       ] GC(2678) Pause Young (Allocation Failure)
[967.842s][info][gc,heap        ] GC(2678) PSYoungGen: 288320K(309760K)->64K(311296K) Eden: 288256K(288256K)->0K(291328K) From: 64K(21504K)->64K(19968K)
[967.842s][info][gc,heap        ] GC(2678) ParOldGen: 75010K(175104K)->75026K(175104K)
[967.842s][info][gc,metaspace   ] GC(2678) Metaspace: 35591K(36416K)->35591K(36416K) NonClass: 29318K(29952K)->29318K(29952K) Class: 6272K(6464K)->6272K(6464K)
[967.842s][info][gc             ] GC(2678) Pause Young (Allocation Failure) 354M->73M(475M) 0.755ms
[967.842s][info][gc,cpu         ] GC(2678) User=0.00s Sys=0.00s Real=0.00s
[968.073s][info][gc,start       ] GC(2679) Pause Young (Allocation Failure)
[968.073s][info][gc,heap        ] GC(2679) PSYoungGen: 291392K(311296K)->64K(310784K) Eden: 291328K(291328K)->0K(291328K) From: 64K(19968K)->64K(19456K)
[968.073s][info][gc,heap        ] GC(2679) ParOldGen: 75026K(175104K)->75026K(175104K)
[968.073s][info][gc,metaspace   ] GC(2679) Metaspace: 35591K(36416K)->35591K(36416K) NonClass: 29318K(29952K)->29318K(29952K) Class: 6272K(6464K)->6272K(6464K)
[968.073s][info][gc             ] GC(2679) Pause Young (Allocation Failure) 357M->73M(474M) 0.726ms
[968.073s][info][gc,cpu         ] GC(2679) User=0.00s Sys=0.00s Real=0.00s
[968.423s][info][gc,start       ] GC(2680) Pause Young (Allocation Failure)
[968.423s][info][gc,heap        ] GC(2680) PSYoungGen: 291392K(310784K)->64K(313344K) Eden: 291328K(291328K)->0K(295424K) From: 64K(19456K)->64K(17920K)
[968.423s][info][gc,heap        ] GC(2680) ParOldGen: 75026K(175104K)->75026K(175104K)
[968.423s][info][gc,metaspace   ] GC(2680) Metaspace: 35591K(36416K)->35591K(36416K) NonClass: 29318K(29952K)->29318K(29952K) Class: 6272K(6464K)->6272K(6464K)
[968.423s][info][gc             ] GC(2680) Pause Young (Allocation Failure) 357M->73M(477M) 0.745ms
[968.423s][info][gc,cpu         ] GC(2680) User=0.00s Sys=0.00s Real=0.00s
[968.572s][info][gc,start       ] GC(2681) Pause Young (Allocation Failure)
[968.573s][info][gc,heap        ] GC(2681) PSYoungGen: 295488K(313344K)->64K(312832K) Eden: 295424K(295424K)->0K(295424K) From: 64K(17920K)->64K(17408K)
[968.573s][info][gc,heap        ] GC(2681) ParOldGen: 75026K(175104K)->75034K(175104K)
[968.573s][info][gc,metaspace   ] GC(2681) Metaspace: 35591K(36416K)->35591K(36416K) NonClass: 29318K(29952K)->29318K(29952K) Class: 6272K(6464K)->6272K(6464K)
[968.573s][info][gc             ] GC(2681) Pause Young (Allocation Failure) 361M->73M(476M) 0.741ms
[968.573s][info][gc,cpu         ] GC(2681) User=0.00s Sys=0.00s Real=0.00s
[968.626s][info][gc,start       ] GC(2682) Pause Young (Allocation Failure)
[968.627s][info][gc,heap        ] GC(2682) PSYoungGen: 295488K(312832K)->64K(315392K) Eden: 295424K(295424K)->0K(299008K) From: 64K(17408K)->64K(16384K)
[968.627s][info][gc,heap        ] GC(2682) ParOldGen: 75034K(175104K)->75050K(175104K)
[968.627s][info][gc,metaspace   ] GC(2682) Metaspace: 35591K(36416K)->35591K(36416K) NonClass: 29318K(29952K)->29318K(29952K) Class: 6272K(6464K)->6272K(6464K)
[968.627s][info][gc             ] GC(2682) Pause Young (Allocation Failure) 361M->73M(479M) 0.719ms
[968.627s][info][gc,cpu         ] GC(2682) User=0.01s Sys=0.00s Real=0.00s
[968.743s][info][gc,start       ] GC(2683) Pause Young (Allocation Failure)
[968.744s][info][gc,heap        ] GC(2683) PSYoungGen: 299072K(315392K)->64K(314880K) Eden: 299008K(299008K)->0K(299008K) From: 64K(16384K)->64K(15872K)
[968.744s][info][gc,heap        ] GC(2683) ParOldGen: 75050K(175104K)->75050K(175104K)
[968.744s][info][gc,metaspace   ] GC(2683) Metaspace: 35591K(36416K)->35591K(36416K) NonClass: 29318K(29952K)->29318K(29952K) Class: 6272K(6464K)->6272K(6464K)
[968.744s][info][gc             ] GC(2683) Pause Young (Allocation Failure) 365M->73M(478M) 0.727ms
[968.744s][info][gc,cpu         ] GC(2683) User=0.00s Sys=0.00s Real=0.00s
[968.961s][info][gc,start       ] GC(2684) Pause Young (Allocation Failure)
[968.961s][info][gc,heap        ] GC(2684) PSYoungGen: 299072K(314880K)->64K(287744K) Eden: 299008K(299008K)->0K(287232K) From: 64K(15872K)->64K(512K)
[968.961s][info][gc,heap        ] GC(2684) ParOldGen: 75050K(175104K)->75058K(175104K)
[968.961s][info][gc,metaspace   ] GC(2684) Metaspace: 35591K(36416K)->35591K(36416K) NonClass: 29318K(29952K)->29318K(29952K) Class: 6272K(6464K)->6272K(6464K)
[968.961s][info][gc             ] GC(2684) Pause Young (Allocation Failure) 365M->73M(452M) 0.754ms
[968.961s][info][gc,cpu         ] GC(2684) User=0.00s Sys=0.00s Real=0.00s
[969.135s][info][gc,start       ] GC(2685) Pause Young (Allocation Failure)
[969.136s][info][gc,heap        ] GC(2685) PSYoungGen: 287296K(287744K)->64K(289792K) Eden: 287232K(287232K)->0K(275968K) From: 64K(512K)->64K(13824K)
[969.136s][info][gc,heap        ] GC(2685) ParOldGen: 75058K(175104K)->75066K(175104K)
[969.136s][info][gc,metaspace   ] GC(2685) Metaspace: 35591K(36416K)->35591K(36416K) NonClass: 29318K(29952K)->29318K(29952K) Class: 6272K(6464K)->6272K(6464K)
[969.136s][info][gc             ] GC(2685) Pause Young (Allocation Failure) 353M->73M(454M) 0.748ms
[969.136s][info][gc,cpu         ] GC(2685) User=0.00s Sys=0.00s Real=0.01s
[969.210s][info][gc,start       ] GC(2686) Pause Young (Allocation Failure)
[969.211s][info][gc,heap        ] GC(2686) PSYoungGen: 276032K(289792K)->64K(265728K) Eden: 275968K(275968K)->0K(265216K) From: 64K(13824K)->64K(512K)
[969.211s][info][gc,heap        ] GC(2686) ParOldGen: 75066K(175104K)->75082K(175104K)
[969.211s][info][gc,metaspace   ] GC(2686) Metaspace: 35591K(36416K)->35591K(36416K) NonClass: 29318K(29952K)->29318K(29952K) Class: 6272K(6464K)->6272K(6464K)
[969.211s][info][gc             ] GC(2686) Pause Young (Allocation Failure) 342M->73M(430M) 0.829ms
[969.211s][info][gc,cpu         ] GC(2686) User=0.00s Sys=0.01s Real=0.00s
[969.327s][info][gc,start       ] GC(2687) Pause Young (Allocation Failure)
[969.328s][info][gc,heap        ] GC(2687) PSYoungGen: 265280K(265728K)->64K(267264K) Eden: 265216K(265216K)->0K(254976K) From: 64K(512K)->64K(12288K)
[969.328s][info][gc,heap        ] GC(2687) ParOldGen: 75082K(175104K)->75082K(175104K)
[969.328s][info][gc,metaspace   ] GC(2687) Metaspace: 35591K(36416K)->35591K(36416K) NonClass: 29318K(29952K)->29318K(29952K) Class: 6272K(6464K)->6272K(6464K)
[969.328s][info][gc             ] GC(2687) Pause Young (Allocation Failure) 332M->73M(432M) 0.661ms
[969.328s][info][gc,cpu         ] GC(2687) User=0.00s Sys=0.00s Real=0.00s
[969.663s][info][gc,start       ] GC(2688) Pause Young (Allocation Failure)
[969.664s][info][gc,heap        ] GC(2688) PSYoungGen: 255040K(267264K)->64K(245760K) Eden: 254976K(254976K)->0K(245248K) From: 64K(12288K)->64K(512K)
[969.665s][info][gc,heap        ] GC(2688) ParOldGen: 75082K(175104K)->75090K(175104K)
[969.665s][info][gc,metaspace   ] GC(2688) Metaspace: 35591K(36416K)->35591K(36416K) NonClass: 29318K(29952K)->29318K(29952K) Class: 6272K(6464K)->6272K(6464K)
[969.665s][info][gc             ] GC(2688) Pause Young (Allocation Failure) 322M->73M(411M) 1.211ms
[969.665s][info][gc,cpu         ] GC(2688) User=0.01s Sys=0.00s Real=0.00s
[970.414s][info][gc,start       ] GC(2689) Pause Young (Allocation Failure)
[970.415s][info][gc,heap        ] GC(2689) PSYoungGen: 245312K(245760K)->64K(246784K) Eden: 245248K(245248K)->0K(236032K) From: 64K(512K)->64K(10752K)
[970.415s][info][gc,heap        ] GC(2689) ParOldGen: 75090K(175104K)->75098K(175104K)
[970.415s][info][gc,metaspace   ] GC(2689) Metaspace: 35591K(36416K)->35591K(36416K) NonClass: 29318K(29952K)->29318K(29952K) Class: 6272K(6464K)->6272K(6464K)
[970.415s][info][gc             ] GC(2689) Pause Young (Allocation Failure) 312M->73M(412M) 0.769ms
[970.415s][info][gc,cpu         ] GC(2689) User=0.00s Sys=0.00s Real=0.00s
[971.299s][info][gc,start       ] GC(2690) Pause Young (Allocation Failure)
[971.300s][info][gc,heap        ] GC(2690) PSYoungGen: 236096K(246784K)->64K(227840K) Eden: 236032K(236032K)->0K(227328K) From: 64K(10752K)->64K(512K)
[971.300s][info][gc,heap        ] GC(2690) ParOldGen: 75098K(175104K)->75106K(175104K)
[971.300s][info][gc,metaspace   ] GC(2690) Metaspace: 35591K(36416K)->35591K(36416K) NonClass: 29318K(29952K)->29318K(29952K) Class: 6272K(6464K)->6272K(6464K)
[971.300s][info][gc             ] GC(2690) Pause Young (Allocation Failure) 303M->73M(393M) 1.735ms
[971.300s][info][gc,cpu         ] GC(2690) User=0.00s Sys=0.00s Real=0.00s
[971.472s][info][gc,start       ] GC(2691) Pause Young (Allocation Failure)
[971.473s][info][gc,heap        ] GC(2691) PSYoungGen: 227392K(227840K)->64K(228352K) Eden: 227328K(227328K)->0K(219136K) From: 64K(512K)->64K(9216K)
[971.473s][info][gc,heap        ] GC(2691) ParOldGen: 75106K(175104K)->75122K(175104K)
[971.473s][info][gc,metaspace   ] GC(2691) Metaspace: 35591K(36416K)->35591K(36416K) NonClass: 29318K(29952K)->29318K(29952K) Class: 6272K(6464K)->6272K(6464K)
[971.473s][info][gc             ] GC(2691) Pause Young (Allocation Failure) 295M->73M(394M) 1.128ms
[971.473s][info][gc,cpu         ] GC(2691) User=0.00s Sys=0.00s Real=0.00s
[971.891s][info][gc,start       ] GC(2692) Pause Young (Allocation Failure)
[971.893s][info][gc,heap        ] GC(2692) PSYoungGen: 219200K(228352K)->64K(211456K) Eden: 219136K(219136K)->0K(210944K) From: 64K(9216K)->64K(512K)
[971.893s][info][gc,heap        ] GC(2692) ParOldGen: 75122K(175104K)->75138K(175104K)
[971.893s][info][gc,metaspace   ] GC(2692) Metaspace: 35591K(36416K)->35591K(36416K) NonClass: 29318K(29952K)->29318K(29952K) Class: 6272K(6464K)->6272K(6464K)
[971.893s][info][gc             ] GC(2692) Pause Young (Allocation Failure) 287M->73M(377M) 1.947ms
[971.893s][info][gc,cpu         ] GC(2692) User=0.00s Sys=0.00s Real=0.00s
[972.506s][info][gc,start       ] GC(2693) Pause Young (Allocation Failure)
[972.507s][info][gc,heap        ] GC(2693) PSYoungGen: 211008K(211456K)->64K(211456K) Eden: 210944K(210944K)->0K(203264K) From: 64K(512K)->64K(8192K)
[972.507s][info][gc,heap        ] GC(2693) ParOldGen: 75138K(175104K)->75154K(175104K)
[972.507s][info][gc,metaspace   ] GC(2693) Metaspace: 35591K(36416K)->35591K(36416K) NonClass: 29318K(29952K)->29318K(29952K) Class: 6272K(6464K)->6272K(6464K)
[972.507s][info][gc             ] GC(2693) Pause Young (Allocation Failure) 279M->73M(377M) 1.181ms
[972.507s][info][gc,cpu         ] GC(2693) User=0.00s Sys=0.00s Real=0.00s
[973.033s][info][gc,start       ] GC(2694) Pause Young (Allocation Failure)
[973.035s][info][gc,heap        ] GC(2694) PSYoungGen: 203328K(211456K)->64K(196608K) Eden: 203264K(203264K)->0K(196096K) From: 64K(8192K)->64K(512K)
[973.035s][info][gc,heap        ] GC(2694) ParOldGen: 75154K(175104K)->75162K(175104K)
[973.035s][info][gc,metaspace   ] GC(2694) Metaspace: 35591K(36416K)->35591K(36416K) NonClass: 29318K(29952K)->29318K(29952K) Class: 6272K(6464K)->6272K(6464K)
[973.035s][info][gc             ] GC(2694) Pause Young (Allocation Failure) 271M->73M(363M) 2.003ms
[973.035s][info][gc,cpu         ] GC(2694) User=0.00s Sys=0.00s Real=0.00s
[973.348s][info][gc,start       ] GC(2695) Pause Young (Allocation Failure)
[973.349s][info][gc,heap        ] GC(2695) PSYoungGen: 196160K(196608K)->64K(196096K) Eden: 196096K(196096K)->0K(188928K) From: 64K(512K)->64K(7168K)
[973.349s][info][gc,heap        ] GC(2695) ParOldGen: 75162K(175104K)->75178K(175104K)
[973.349s][info][gc,metaspace   ] GC(2695) Metaspace: 35591K(36416K)->35591K(36416K) NonClass: 29318K(29952K)->29318K(29952K) Class: 6272K(6464K)->6272K(6464K)
[973.349s][info][gc             ] GC(2695) Pause Young (Allocation Failure) 264M->73M(362M) 1.113ms
[973.349s][info][gc,cpu         ] GC(2695) User=0.00s Sys=0.00s Real=0.00s
[973.496s][info][gc,start       ] GC(2696) Pause Young (Allocation Failure)
[973.498s][info][gc,heap        ] GC(2696) PSYoungGen: 188992K(196096K)->64K(182784K) Eden: 188928K(188928K)->0K(182272K) From: 64K(7168K)->64K(512K)
[973.498s][info][gc,heap        ] GC(2696) ParOldGen: 75178K(175104K)->75194K(175104K)
[973.498s][info][gc,metaspace   ] GC(2696) Metaspace: 35591K(36416K)->35591K(36416K) NonClass: 29318K(29952K)->29318K(29952K) Class: 6272K(6464K)->6272K(6464K)
[973.498s][info][gc             ] GC(2696) Pause Young (Allocation Failure) 257M->73M(349M) 1.966ms
[973.498s][info][gc,cpu         ] GC(2696) User=0.01s Sys=0.00s Real=0.00s
[973.555s][info][gc,start       ] GC(2697) Pause Young (Allocation Failure)
[973.556s][info][gc,heap        ] GC(2697) PSYoungGen: 182336K(182784K)->64K(182272K) Eden: 182272K(182272K)->0K(176128K) From: 64K(512K)->64K(6144K)
[973.556s][info][gc,heap        ] GC(2697) ParOldGen: 75194K(175104K)->75210K(175104K)
[973.556s][info][gc,metaspace   ] GC(2697) Metaspace: 35591K(36416K)->35591K(36416K) NonClass: 29318K(29952K)->29318K(29952K) Class: 6272K(6464K)->6272K(6464K)
[973.556s][info][gc             ] GC(2697) Pause Young (Allocation Failure) 251M->73M(349M) 1.155ms
[973.556s][info][gc,cpu         ] GC(2697) User=0.00s Sys=0.00s Real=0.01s
[973.887s][info][gc,start       ] GC(2698) Pause Young (Allocation Failure)
[973.888s][info][gc,heap        ] GC(2698) PSYoungGen: 176192K(182272K)->64K(170496K) Eden: 176128K(176128K)->0K(169984K) From: 64K(6144K)->64K(512K)
[973.888s][info][gc,heap        ] GC(2698) ParOldGen: 75210K(175104K)->75226K(175104K)
[973.888s][info][gc,metaspace   ] GC(2698) Metaspace: 35591K(36416K)->35591K(36416K) NonClass: 29318K(29952K)->29318K(29952K) Class: 6272K(6464K)->6272K(6464K)
[973.889s][info][gc             ] GC(2698) Pause Young (Allocation Failure) 245M->73M(337M) 1.644ms
[973.889s][info][gc,cpu         ] GC(2698) User=0.00s Sys=0.00s Real=0.00s
[974.244s][info][gc,start       ] GC(2699) Pause Young (Allocation Failure)
[974.246s][info][gc,heap        ] GC(2699) PSYoungGen: 170048K(170496K)->64K(169472K) Eden: 169984K(169984K)->0K(164352K) From: 64K(512K)->64K(5120K)
[974.246s][info][gc,heap        ] GC(2699) ParOldGen: 75226K(175104K)->75242K(175104K)
[974.246s][info][gc,metaspace   ] GC(2699) Metaspace: 35591K(36416K)->35591K(36416K) NonClass: 29318K(29952K)->29318K(29952K) Class: 6272K(6464K)->6272K(6464K)
[974.246s][info][gc             ] GC(2699) Pause Young (Allocation Failure) 239M->73M(336M) 1.135ms
[974.246s][info][gc,cpu         ] GC(2699) User=0.00s Sys=0.00s Real=0.00s
[974.425s][info][gc,start       ] GC(2700) Pause Young (Allocation Failure)
[974.427s][info][gc,heap        ] GC(2700) PSYoungGen: 164416K(169472K)->64K(159232K) Eden: 164352K(164352K)->0K(158720K) From: 64K(5120K)->64K(512K)
[974.427s][info][gc,heap        ] GC(2700) ParOldGen: 75242K(175104K)->75258K(175104K)
[974.427s][info][gc,metaspace   ] GC(2700) Metaspace: 35591K(36416K)->35591K(36416K) NonClass: 29318K(29952K)->29318K(29952K) Class: 6272K(6464K)->6272K(6464K)
[974.427s][info][gc             ] GC(2700) Pause Young (Allocation Failure) 234M->73M(326M) 1.649ms
[974.427s][info][gc,cpu         ] GC(2700) User=0.00s Sys=0.00s Real=0.01s
[974.688s][info][gc,start       ] GC(2701) Pause Young (Allocation Failure)
[974.700s][info][gc,heap        ] GC(2701) PSYoungGen: 158784K(159232K)->4608K(193024K) Eden: 158720K(158720K)->0K(188416K) From: 64K(512K)->4608K(4608K)
[974.700s][info][gc,heap        ] GC(2701) ParOldGen: 75258K(175104K)->77746K(175104K)
[974.700s][info][gc,metaspace   ] GC(2701) Metaspace: 35591K(36416K)->35591K(36416K) NonClass: 29318K(29952K)->29318K(29952K) Class: 6272K(6464K)->6272K(6464K)
[974.700s][info][gc             ] GC(2701) Pause Young (Allocation Failure) 228M->80M(359M) 11.792ms
[974.700s][info][gc,cpu         ] GC(2701) User=0.02s Sys=0.00s Real=0.01s
[974.916s][info][gc,start       ] GC(2702) Pause Young (Allocation Failure)
[974.950s][info][gc,heap        ] GC(2702) PSYoungGen: 193024K(193024K)->4608K(230400K) Eden: 188416K(188416K)->0K(225792K) From: 4608K(4608K)->4608K(4608K)
[974.950s][info][gc,heap        ] GC(2702) ParOldGen: 77746K(175104K)->93330K(175104K)
[974.950s][info][gc,metaspace   ] GC(2702) Metaspace: 35591K(36416K)->35591K(36416K) NonClass: 29318K(29952K)->29318K(29952K) Class: 6272K(6464K)->6272K(6464K)
[974.950s][info][gc             ] GC(2702) Pause Young (Allocation Failure) 264M->95M(396M) 34.347ms
[974.950s][info][gc,cpu         ] GC(2702) User=0.07s Sys=0.00s Real=0.04s
[975.207s][info][gc,start       ] GC(2703) Pause Young (Allocation Failure)
[975.249s][info][gc,heap        ] GC(2703) PSYoungGen: 230400K(230400K)->13312K(239616K) Eden: 225792K(225792K)->0K(226304K) From: 4608K(4608K)->13312K(13312K)
[975.249s][info][gc,heap        ] GC(2703) ParOldGen: 93330K(175104K)->104666K(175104K)
[975.249s][info][gc,metaspace   ] GC(2703) Metaspace: 35591K(36416K)->35591K(36416K) NonClass: 29318K(29952K)->29318K(29952K) Class: 6272K(6464K)->6272K(6464K)
[975.249s][info][gc             ] GC(2703) Pause Young (Allocation Failure) 316M->115M(405M) 41.946ms
[975.249s][info][gc,cpu         ] GC(2703) User=0.08s Sys=0.00s Real=0.04s
[975.455s][info][gc,start       ] GC(2704) Pause Young (Allocation Failure)
[975.494s][info][gc,heap        ] GC(2704) PSYoungGen: 239616K(239616K)->17728K(287232K) Eden: 226304K(226304K)->0K(267264K) From: 13312K(13312K)->17728K(19968K)
[975.494s][info][gc,heap        ] GC(2704) ParOldGen: 104666K(175104K)->105082K(175104K)
[975.494s][info][gc,metaspace   ] GC(2704) Metaspace: 35591K(36416K)->35591K(36416K) NonClass: 29318K(29952K)->29318K(29952K) Class: 6272K(6464K)->6272K(6464K)
[975.494s][info][gc             ] GC(2704) Pause Young (Allocation Failure) 336M->119M(451M) 39.426ms
[975.494s][info][gc,cpu         ] GC(2704) User=0.07s Sys=0.02s Real=0.04s
[975.657s][info][gc,start       ] GC(2705) Pause Young (Allocation Failure)
[975.658s][info][gc,heap        ] GC(2705) PSYoungGen: 284992K(287232K)->64K(290816K) Eden: 267264K(267264K)->0K(267264K) From: 17728K(19968K)->64K(23552K)
[975.658s][info][gc,heap        ] GC(2705) ParOldGen: 105082K(175104K)->105090K(175104K)
[975.658s][info][gc,metaspace   ] GC(2705) Metaspace: 35591K(36416K)->35591K(36416K) NonClass: 29318K(29952K)->29318K(29952K) Class: 6272K(6464K)->6272K(6464K)
[975.658s][info][gc             ] GC(2705) Pause Young (Allocation Failure) 380M->102M(455M) 0.857ms
[975.658s][info][gc,cpu         ] GC(2705) User=0.00s Sys=0.00s Real=0.00s
[976.326s][info][gc,start       ] GC(2706) Pause Young (Allocation Failure)
[976.327s][info][gc,heap        ] GC(2706) PSYoungGen: 267328K(290816K)->64K(308224K) Eden: 267264K(267264K)->0K(287744K) From: 64K(23552K)->64K(20480K)
[976.327s][info][gc,heap        ] GC(2706) ParOldGen: 105090K(175104K)->105106K(175104K)
[976.327s][info][gc,metaspace   ] GC(2706) Metaspace: 35591K(36416K)->35591K(36416K) NonClass: 29318K(29952K)->29318K(29952K) Class: 6272K(6464K)->6272K(6464K)
[976.327s][info][gc             ] GC(2706) Pause Young (Allocation Failure) 363M->102M(472M) 0.884ms
[976.327s][info][gc,cpu         ] GC(2706) User=0.00s Sys=0.00s Real=0.00s
[976.684s][info][gc,start       ] GC(2707) Pause Young (Allocation Failure)
[976.685s][info][gc,heap        ] GC(2707) PSYoungGen: 287808K(308224K)->64K(309760K) Eden: 287744K(287744K)->0K(287744K) From: 64K(20480K)->64K(22016K)
[976.685s][info][gc,heap        ] GC(2707) ParOldGen: 105106K(175104K)->105106K(175104K)
[976.685s][info][gc,metaspace   ] GC(2707) Metaspace: 35591K(36416K)->35591K(36416K) NonClass: 29318K(29952K)->29318K(29952K) Class: 6272K(6464K)->6272K(6464K)
[976.685s][info][gc             ] GC(2707) Pause Young (Allocation Failure) 383M->102M(473M) 0.856ms
[976.685s][info][gc,cpu         ] GC(2707) User=0.00s Sys=0.00s Real=0.00s
[977.131s][info][gc,start       ] GC(2708) Pause Young (Allocation Failure)
[977.131s][info][gc,heap        ] GC(2708) PSYoungGen: 287808K(309760K)->64K(309248K) Eden: 287744K(287744K)->0K(290304K) From: 64K(22016K)->64K(18944K)
[977.131s][info][gc,heap        ] GC(2708) ParOldGen: 105106K(175104K)->105122K(175104K)
[977.131s][info][gc,metaspace   ] GC(2708) Metaspace: 35591K(36416K)->35591K(36416K) NonClass: 29318K(29952K)->29318K(29952K) Class: 6272K(6464K)->6272K(6464K)
[977.131s][info][gc             ] GC(2708) Pause Young (Allocation Failure) 383M->102M(473M) 0.893ms
[977.131s][info][gc,cpu         ] GC(2708) User=0.00s Sys=0.00s Real=0.00s
[977.364s][info][gc,start       ] GC(2709) Pause Young (Allocation Failure)
[977.364s][info][gc,heap        ] GC(2709) PSYoungGen: 290368K(309248K)->64K(310784K) Eden: 290304K(290304K)->0K(290304K) From: 64K(18944K)->64K(20480K)
[977.364s][info][gc,heap        ] GC(2709) ParOldGen: 105122K(175104K)->105138K(175104K)
[977.364s][info][gc,metaspace   ] GC(2709) Metaspace: 35591K(36416K)->35591K(36416K) NonClass: 29318K(29952K)->29318K(29952K) Class: 6272K(6464K)->6272K(6464K)
[977.364s][info][gc             ] GC(2709) Pause Young (Allocation Failure) 386M->102M(474M) 0.848ms
[977.364s][info][gc,cpu         ] GC(2709) User=0.00s Sys=0.00s Real=0.00s
[977.594s][info][gc,start       ] GC(2710) Pause Young (Allocation Failure)
[977.595s][info][gc,heap        ] GC(2710) PSYoungGen: 290368K(310784K)->64K(310784K) Eden: 290304K(290304K)->0K(293888K) From: 64K(20480K)->64K(16896K)
[977.595s][info][gc,heap        ] GC(2710) ParOldGen: 105138K(175104K)->105138K(175104K)
[977.595s][info][gc,metaspace   ] GC(2710) Metaspace: 35591K(36416K)->35591K(36416K) NonClass: 29318K(29952K)->29318K(29952K) Class: 6272K(6464K)->6272K(6464K)
[977.595s][info][gc             ] GC(2710) Pause Young (Allocation Failure) 386M->102M(474M) 0.818ms
[977.595s][info][gc,cpu         ] GC(2710) User=0.00s Sys=0.00s Real=0.00s
[977.911s][info][gc,start       ] GC(2711) Pause Young (Allocation Failure)
[977.911s][info][gc,heap        ] GC(2711) PSYoungGen: 293952K(310784K)->64K(312320K) Eden: 293888K(293888K)->0K(293888K) From: 64K(16896K)->64K(18432K)
[977.912s][info][gc,heap        ] GC(2711) ParOldGen: 105138K(175104K)->105138K(175104K)
[977.912s][info][gc,metaspace   ] GC(2711) Metaspace: 35591K(36416K)->35591K(36416K) NonClass: 29318K(29952K)->29318K(29952K) Class: 6272K(6464K)->6272K(6464K)
[977.912s][info][gc             ] GC(2711) Pause Young (Allocation Failure) 389M->102M(476M) 0.855ms
[977.912s][info][gc,cpu         ] GC(2711) User=0.00s Sys=0.00s Real=0.00s
[977.966s][info][gc,start       ] GC(2712) Pause Young (Allocation Failure)
[977.967s][info][gc,heap        ] GC(2712) PSYoungGen: 293952K(312320K)->64K(312832K) Eden: 293888K(293888K)->0K(297472K) From: 64K(18432K)->64K(15360K)
[977.967s][info][gc,heap        ] GC(2712) ParOldGen: 105138K(175104K)->105154K(175104K)
[977.967s][info][gc,metaspace   ] GC(2712) Metaspace: 35591K(36416K)->35591K(36416K) NonClass: 29318K(29952K)->29318K(29952K) Class: 6272K(6464K)->6272K(6464K)
[977.967s][info][gc             ] GC(2712) Pause Young (Allocation Failure) 389M->102M(476M) 0.833ms
[977.967s][info][gc,cpu         ] GC(2712) User=0.00s Sys=0.00s Real=0.00s
[978.033s][info][gc,start       ] GC(2713) Pause Young (Allocation Failure)
[978.034s][info][gc,heap        ] GC(2713) PSYoungGen: 297536K(312832K)->64K(314368K) Eden: 297472K(297472K)->0K(297472K) From: 64K(15360K)->64K(16896K)
[978.034s][info][gc,heap        ] GC(2713) ParOldGen: 105154K(175104K)->105154K(175104K)
[978.034s][info][gc,metaspace   ] GC(2713) Metaspace: 35591K(36416K)->35591K(36416K) NonClass: 29318K(29952K)->29318K(29952K) Class: 6272K(6464K)->6272K(6464K)
[978.034s][info][gc             ] GC(2713) Pause Young (Allocation Failure) 393M->102M(478M) 0.791ms
[978.034s][info][gc,cpu         ] GC(2713) User=0.01s Sys=0.00s Real=0.00s
[978.250s][info][gc,start       ] GC(2714) Pause Young (Allocation Failure)
[978.251s][info][gc,heap        ] GC(2714) PSYoungGen: 297536K(314368K)->64K(314368K) Eden: 297472K(297472K)->0K(301056K) From: 64K(16896K)->64K(13312K)
[978.251s][info][gc,heap        ] GC(2714) ParOldGen: 105154K(175104K)->105170K(175104K)
[978.251s][info][gc,metaspace   ] GC(2714) Metaspace: 35591K(36416K)->35591K(36416K) NonClass: 29318K(29952K)->29318K(29952K) Class: 6272K(6464K)->6272K(6464K)
[978.251s][info][gc             ] GC(2714) Pause Young (Allocation Failure) 393M->102M(478M) 0.866ms
[978.251s][info][gc,cpu         ] GC(2714) User=0.00s Sys=0.00s Real=0.00s
[978.465s][info][gc,start       ] GC(2715) Pause Young (Allocation Failure)
[978.465s][info][gc,heap        ] GC(2715) PSYoungGen: 301120K(314368K)->64K(289792K) Eden: 301056K(301056K)->0K(289280K) From: 64K(13312K)->64K(512K)
[978.465s][info][gc,heap        ] GC(2715) ParOldGen: 105170K(175104K)->105170K(175104K)
[978.465s][info][gc,metaspace   ] GC(2715) Metaspace: 35591K(36416K)->35591K(36416K) NonClass: 29318K(29952K)->29318K(29952K) Class: 6272K(6464K)->6272K(6464K)
[978.465s][info][gc             ] GC(2715) Pause Young (Allocation Failure) 396M->102M(454M) 0.805ms
[978.465s][info][gc,cpu         ] GC(2715) User=0.01s Sys=0.00s Real=0.00s
[978.546s][info][gc,start       ] GC(2716) Pause Young (Allocation Failure)
[978.547s][info][gc,heap        ] GC(2716) PSYoungGen: 289344K(289792K)->64K(279040K) Eden: 289280K(289280K)->0K(278016K) From: 64K(512K)->64K(1024K)
[978.547s][info][gc,heap        ] GC(2716) ParOldGen: 105170K(175104K)->105178K(175104K)
[978.547s][info][gc,metaspace   ] GC(2716) Metaspace: 35591K(36416K)->35591K(36416K) NonClass: 29318K(29952K)->29318K(29952K) Class: 6272K(6464K)->6272K(6464K)
[978.547s][info][gc             ] GC(2716) Pause Young (Allocation Failure) 385M->102M(443M) 1.149ms
[978.547s][info][gc,cpu         ] GC(2716) User=0.00s Sys=0.00s Real=0.01s
[978.652s][info][gc,start       ] GC(2717) Pause Young (Allocation Failure)
[978.653s][info][gc,heap        ] GC(2717) PSYoungGen: 278080K(279040K)->64K(280576K) Eden: 278016K(278016K)->0K(267264K) From: 64K(1024K)->64K(13312K)
[978.653s][info][gc,heap        ] GC(2717) ParOldGen: 105178K(175104K)->105186K(175104K)
[978.653s][info][gc,metaspace   ] GC(2717) Metaspace: 35591K(36416K)->35591K(36416K) NonClass: 29318K(29952K)->29318K(29952K) Class: 6272K(6464K)->6272K(6464K)
[978.653s][info][gc             ] GC(2717) Pause Young (Allocation Failure) 374M->102M(445M) 0.842ms
[978.653s][info][gc,cpu         ] GC(2717) User=0.00s Sys=0.00s Real=0.00s
[978.853s][info][gc,start       ] GC(2718) Pause Young (Allocation Failure)
[978.855s][info][gc,heap        ] GC(2718) PSYoungGen: 267328K(280576K)->64K(257536K) Eden: 267264K(267264K)->0K(257024K) From: 64K(13312K)->64K(512K)
[978.855s][info][gc,heap        ] GC(2718) ParOldGen: 105186K(175104K)->105194K(175104K)
[978.855s][info][gc,metaspace   ] GC(2718) Metaspace: 35591K(36416K)->35591K(36416K) NonClass: 29318K(29952K)->29318K(29952K) Class: 6272K(6464K)->6272K(6464K)
[978.855s][info][gc             ] GC(2718) Pause Young (Allocation Failure) 363M->102M(422M) 1.917ms
[978.855s][info][gc,cpu         ] GC(2718) User=0.00s Sys=0.00s Real=0.00s
[979.760s][info][gc,start       ] GC(2719) Pause Young (Allocation Failure)
[979.761s][info][gc,heap        ] GC(2719) PSYoungGen: 257088K(257536K)->64K(259072K) Eden: 257024K(257024K)->0K(247296K) From: 64K(512K)->64K(11776K)
[979.761s][info][gc,heap        ] GC(2719) ParOldGen: 105194K(175104K)->105202K(175104K)
[979.761s][info][gc,metaspace   ] GC(2719) Metaspace: 35591K(36416K)->35591K(36416K) NonClass: 29318K(29952K)->29318K(29952K) Class: 6272K(6464K)->6272K(6464K)
[979.761s][info][gc             ] GC(2719) Pause Young (Allocation Failure) 353M->102M(424M) 0.779ms
[979.761s][info][gc,cpu         ] GC(2719) User=0.00s Sys=0.00s Real=0.00s
[980.645s][info][gc,start       ] GC(2720) Pause Young (Allocation Failure)
[980.646s][info][gc,heap        ] GC(2720) PSYoungGen: 247360K(259072K)->64K(238592K) Eden: 247296K(247296K)->0K(238080K) From: 64K(11776K)->64K(512K)
[980.646s][info][gc,heap        ] GC(2720) ParOldGen: 105202K(175104K)->105210K(175104K)
[980.646s][info][gc,metaspace   ] GC(2720) Metaspace: 35591K(36416K)->35591K(36416K) NonClass: 29318K(29952K)->29318K(29952K) Class: 6272K(6464K)->6272K(6464K)
[980.646s][info][gc             ] GC(2720) Pause Young (Allocation Failure) 344M->102M(404M) 1.838ms
[980.646s][info][gc,cpu         ] GC(2720) User=0.00s Sys=0.00s Real=0.01s
[980.822s][info][gc,start       ] GC(2721) Pause Young (Allocation Failure)
[980.823s][info][gc,heap        ] GC(2721) PSYoungGen: 238144K(238592K)->64K(239616K) Eden: 238080K(238080K)->0K(229376K) From: 64K(512K)->64K(10240K)
[980.823s][info][gc,heap        ] GC(2721) ParOldGen: 105210K(175104K)->105218K(175104K)
[980.823s][info][gc,metaspace   ] GC(2721) Metaspace: 35591K(36416K)->35591K(36416K) NonClass: 29318K(29952K)->29318K(29952K) Class: 6272K(6464K)->6272K(6464K)
[980.823s][info][gc             ] GC(2721) Pause Young (Allocation Failure) 335M->102M(405M) 1.263ms
[980.823s][info][gc,cpu         ] GC(2721) User=0.00s Sys=0.01s Real=0.00s
[981.246s][info][gc,start       ] GC(2722) Pause Young (Allocation Failure)
[981.248s][info][gc,heap        ] GC(2722) PSYoungGen: 229440K(239616K)->64K(221184K) Eden: 229376K(229376K)->0K(220672K) From: 64K(10240K)->64K(512K)
[981.248s][info][gc,heap        ] GC(2722) ParOldGen: 105218K(175104K)->105226K(175104K)
[981.248s][info][gc,metaspace   ] GC(2722) Metaspace: 35591K(36416K)->35591K(36416K) NonClass: 29318K(29952K)->29318K(29952K) Class: 6272K(6464K)->6272K(6464K)
[981.248s][info][gc             ] GC(2722) Pause Young (Allocation Failure) 326M->102M(387M) 2.273ms
[981.248s][info][gc,cpu         ] GC(2722) User=0.00s Sys=0.00s Real=0.00s
[982.196s][info][gc,start       ] GC(2723) Pause Young (Allocation Failure)
[982.197s][info][gc,heap        ] GC(2723) PSYoungGen: 220736K(221184K)->64K(221184K) Eden: 220672K(220672K)->0K(212480K) From: 64K(512K)->64K(8704K)
[982.197s][info][gc,heap        ] GC(2723) ParOldGen: 105226K(175104K)->105234K(175104K)
[982.197s][info][gc,metaspace   ] GC(2723) Metaspace: 35591K(36416K)->35591K(36416K) NonClass: 29318K(29952K)->29318K(29952K) Class: 6272K(6464K)->6272K(6464K)
[982.197s][info][gc             ] GC(2723) Pause Young (Allocation Failure) 318M->102M(387M) 1.274ms
[982.197s][info][gc,cpu         ] GC(2723) User=0.00s Sys=0.00s Real=0.00s
[982.393s][info][gc,start       ] GC(2724) Pause Young (Allocation Failure)
[982.395s][info][gc,heap        ] GC(2724) PSYoungGen: 212544K(221184K)->64K(205312K) Eden: 212480K(212480K)->0K(204800K) From: 64K(8704K)->64K(512K)
[982.395s][info][gc,heap        ] GC(2724) ParOldGen: 105234K(175104K)->105242K(175104K)
[982.395s][info][gc,metaspace   ] GC(2724) Metaspace: 35591K(36416K)->35591K(36416K) NonClass: 29318K(29952K)->29318K(29952K) Class: 6272K(6464K)->6272K(6464K)
[982.395s][info][gc             ] GC(2724) Pause Young (Allocation Failure) 310M->102M(371M) 2.232ms
[982.395s][info][gc,cpu         ] GC(2724) User=0.00s Sys=0.00s Real=0.00s
[982.708s][info][gc,start       ] GC(2725) Pause Young (Allocation Failure)
[982.710s][info][gc,heap        ] GC(2725) PSYoungGen: 204864K(205312K)->64K(205312K) Eden: 204800K(204800K)->0K(197632K) From: 64K(512K)->64K(7680K)
[982.710s][info][gc,heap        ] GC(2725) ParOldGen: 105242K(175104K)->105250K(175104K)
[982.710s][info][gc,metaspace   ] GC(2725) Metaspace: 35591K(36416K)->35591K(36416K) NonClass: 29318K(29952K)->29318K(29952K) Class: 6272K(6464K)->6272K(6464K)
[982.710s][info][gc             ] GC(2725) Pause Young (Allocation Failure) 302M->102M(371M) 1.432ms
[982.710s][info][gc,cpu         ] GC(2725) User=0.00s Sys=0.00s Real=0.00s
[982.842s][info][gc,start       ] GC(2726) Pause Young (Allocation Failure)
[982.844s][info][gc,heap        ] GC(2726) PSYoungGen: 197696K(205312K)->64K(190976K) Eden: 197632K(197632K)->0K(190464K) From: 64K(7680K)->64K(512K)
[982.844s][info][gc,heap        ] GC(2726) ParOldGen: 105250K(175104K)->105258K(175104K)
[982.844s][info][gc,metaspace   ] GC(2726) Metaspace: 35591K(36416K)->35591K(36416K) NonClass: 29318K(29952K)->29318K(29952K) Class: 6272K(6464K)->6272K(6464K)
[982.844s][info][gc             ] GC(2726) Pause Young (Allocation Failure) 295M->102M(357M) 1.827ms
[982.844s][info][gc,cpu         ] GC(2726) User=0.00s Sys=0.00s Real=0.00s
[982.920s][info][gc,start       ] GC(2727) Pause Young (Allocation Failure)
[982.922s][info][gc,heap        ] GC(2727) PSYoungGen: 190528K(190976K)->64K(190464K) Eden: 190464K(190464K)->0K(183808K) From: 64K(512K)->64K(6656K)
[982.922s][info][gc,heap        ] GC(2727) ParOldGen: 105258K(175104K)->105266K(175104K)
[982.922s][info][gc,metaspace   ] GC(2727) Metaspace: 35591K(36416K)->35591K(36416K) NonClass: 29318K(29952K)->29318K(29952K) Class: 6272K(6464K)->6272K(6464K)
[982.922s][info][gc             ] GC(2727) Pause Young (Allocation Failure) 288M->102M(357M) 1.308ms
[982.922s][info][gc,cpu         ] GC(2727) User=0.00s Sys=0.00s Real=0.00s
[983.380s][info][gc,start       ] GC(2728) Pause Young (Allocation Failure)
[983.382s][info][gc,heap        ] GC(2728) PSYoungGen: 183872K(190464K)->64K(178176K) Eden: 183808K(183808K)->0K(177664K) From: 64K(6656K)->64K(512K)
[983.382s][info][gc,heap        ] GC(2728) ParOldGen: 105266K(175104K)->105274K(175104K)
[983.382s][info][gc,metaspace   ] GC(2728) Metaspace: 35591K(36416K)->35591K(36416K) NonClass: 29318K(29952K)->29318K(29952K) Class: 6272K(6464K)->6272K(6464K)
[983.382s][info][gc             ] GC(2728) Pause Young (Allocation Failure) 282M->102M(345M) 1.930ms
[983.382s][info][gc,cpu         ] GC(2728) User=0.00s Sys=0.00s Real=0.00s
[983.595s][info][gc,start       ] GC(2729) Pause Young (Allocation Failure)
[983.596s][info][gc,heap        ] GC(2729) PSYoungGen: 177728K(178176K)->64K(177152K) Eden: 177664K(177664K)->0K(171520K) From: 64K(512K)->64K(5632K)
[983.596s][info][gc,heap        ] GC(2729) ParOldGen: 105274K(175104K)->105282K(175104K)
[983.596s][info][gc,metaspace   ] GC(2729) Metaspace: 35591K(36416K)->35591K(36416K) NonClass: 29318K(29952K)->29318K(29952K) Class: 6272K(6464K)->6272K(6464K)
[983.596s][info][gc             ] GC(2729) Pause Young (Allocation Failure) 276M->102M(344M) 1.313ms
[983.596s][info][gc,cpu         ] GC(2729) User=0.00s Sys=0.00s Real=0.01s
[983.892s][info][gc,start       ] GC(2730) Pause Young (Allocation Failure)
[983.894s][info][gc,heap        ] GC(2730) PSYoungGen: 171584K(177152K)->64K(166400K) Eden: 171520K(171520K)->0K(165888K) From: 64K(5632K)->64K(512K)
[983.894s][info][gc,heap        ] GC(2730) ParOldGen: 105282K(175104K)->105290K(175104K)
[983.894s][info][gc,metaspace   ] GC(2730) Metaspace: 35591K(36416K)->35591K(36416K) NonClass: 29319K(29952K)->29319K(29952K) Class: 6272K(6464K)->6272K(6464K)
[983.894s][info][gc             ] GC(2730) Pause Young (Allocation Failure) 270M->102M(333M) 1.831ms
[983.894s][info][gc,cpu         ] GC(2730) User=0.00s Sys=0.00s Real=0.00s
[984.103s][info][gc,start       ] GC(2731) Pause Young (Allocation Failure)
[984.130s][info][gc,heap        ] GC(2731) PSYoungGen: 165952K(166400K)->5120K(203264K) Eden: 165888K(165888K)->0K(198144K) From: 64K(512K)->5120K(5120K)
[984.130s][info][gc,heap        ] GC(2731) ParOldGen: 105290K(175104K)->115938K(175104K)
[984.130s][info][gc,metaspace   ] GC(2731) Metaspace: 35591K(36416K)->35591K(36416K) NonClass: 29319K(29952K)->29319K(29952K) Class: 6272K(6464K)->6272K(6464K)
[984.130s][info][gc             ] GC(2731) Pause Young (Allocation Failure) 264M->118M(369M) 26.465ms
[984.130s][info][gc,cpu         ] GC(2731) User=0.05s Sys=0.00s Real=0.03s
[984.351s][info][gc,start       ] GC(2732) Pause Young (Allocation Failure)
[984.389s][info][gc,heap        ] GC(2732) PSYoungGen: 203264K(203264K)->5120K(230912K) Eden: 198144K(198144K)->0K(225792K) From: 5120K(5120K)->5120K(5120K)
[984.389s][info][gc,heap        ] GC(2732) ParOldGen: 115938K(175104K)->132362K(175104K)
[984.389s][info][gc,metaspace   ] GC(2732) Metaspace: 35591K(36416K)->35591K(36416K) NonClass: 29319K(29952K)->29319K(29952K) Class: 6272K(6464K)->6272K(6464K)
[984.389s][info][gc             ] GC(2732) Pause Young (Allocation Failure) 311M->134M(396M) 37.296ms
[984.389s][info][gc,cpu         ] GC(2732) User=0.07s Sys=0.00s Real=0.04s
[984.641s][info][gc,start       ] GC(2733) Pause Young (Allocation Failure)
[984.682s][info][gc,heap        ] GC(2733) PSYoungGen: 230912K(230912K)->16896K(242688K) Eden: 225792K(225792K)->0K(225792K) From: 5120K(5120K)->16896K(16896K)
[984.683s][info][gc,heap        ] GC(2733) ParOldGen: 132362K(175104K)->140122K(175104K)
[984.683s][info][gc,metaspace   ] GC(2733) Metaspace: 35591K(36416K)->35591K(36416K) NonClass: 29319K(29952K)->29319K(29952K) Class: 6272K(6464K)->6272K(6464K)
[984.683s][info][gc             ] GC(2733) Pause Young (Allocation Failure) 354M->153M(408M) 41.532ms
[984.683s][info][gc,cpu         ] GC(2733) User=0.08s Sys=0.00s Real=0.04s
[984.809s][info][gc,start       ] GC(2734) Pause Young (Allocation Failure)
[984.828s][info][gc,heap        ] GC(2734) PSYoungGen: 242688K(242688K)->8032K(291840K) Eden: 225792K(225792K)->0K(270848K) From: 16896K(16896K)->8032K(20992K)
[984.828s][info][gc,heap        ] GC(2734) ParOldGen: 140122K(175104K)->140394K(175104K)
[984.828s][info][gc,metaspace   ] GC(2734) Metaspace: 35591K(36416K)->35591K(36416K) NonClass: 29319K(29952K)->29319K(29952K) Class: 6272K(6464K)->6272K(6464K)
[984.828s][info][gc             ] GC(2734) Pause Young (Allocation Failure) 373M->144M(456M) 18.249ms
[984.828s][info][gc,cpu         ] GC(2734) User=0.03s Sys=0.01s Real=0.02s
[985.205s][info][gc,start       ] GC(2735) Pause Young (Allocation Failure)
[985.206s][info][gc,heap        ] GC(2735) PSYoungGen: 278880K(291840K)->64K(292864K) Eden: 270848K(270848K)->0K(270848K) From: 8032K(20992K)->64K(22016K)
[985.206s][info][gc,heap        ] GC(2735) ParOldGen: 140394K(175104K)->140402K(175104K)
[985.206s][info][gc,metaspace   ] GC(2735) Metaspace: 35591K(36416K)->35591K(36416K) NonClass: 29319K(29952K)->29319K(29952K) Class: 6272K(6464K)->6272K(6464K)
[985.206s][info][gc             ] GC(2735) Pause Young (Allocation Failure) 409M->137M(457M) 0.931ms
[985.206s][info][gc,cpu         ] GC(2735) User=0.00s Sys=0.00s Real=0.00s
[985.803s][info][gc,start       ] GC(2736) Pause Young (Allocation Failure)
[985.804s][info][gc,heap        ] GC(2736) PSYoungGen: 270912K(292864K)->64K(310272K) Eden: 270848K(270848K)->0K(290304K) From: 64K(22016K)->64K(19968K)
[985.804s][info][gc,heap        ] GC(2736) ParOldGen: 140402K(175104K)->140410K(175104K)
[985.804s][info][gc,metaspace   ] GC(2736) Metaspace: 35591K(36416K)->35591K(36416K) NonClass: 29319K(29952K)->29319K(29952K) Class: 6272K(6464K)->6272K(6464K)
[985.804s][info][gc             ] GC(2736) Pause Young (Allocation Failure) 401M->137M(474M) 1.566ms
[985.804s][info][gc,cpu         ] GC(2736) User=0.01s Sys=0.00s Real=0.00s
[986.283s][info][gc,start       ] GC(2737) Pause Young (Allocation Failure)
[986.285s][info][gc,heap        ] GC(2737) PSYoungGen: 290368K(310272K)->64K(311296K) Eden: 290304K(290304K)->0K(290304K) From: 64K(19968K)->64K(20992K)
[986.285s][info][gc,heap        ] GC(2737) ParOldGen: 140410K(175104K)->140426K(175104K)
[986.285s][info][gc,metaspace   ] GC(2737) Metaspace: 35591K(36416K)->35591K(36416K) NonClass: 29319K(29952K)->29319K(29952K) Class: 6272K(6464K)->6272K(6464K)
[986.285s][info][gc             ] GC(2737) Pause Young (Allocation Failure) 420M->137M(475M) 1.589ms
[986.285s][info][gc,cpu         ] GC(2737) User=0.01s Sys=0.00s Real=0.00s
[986.513s][info][gc,start       ] GC(2738) Pause Young (Allocation Failure)
[986.515s][info][gc,heap        ] GC(2738) PSYoungGen: 290368K(311296K)->32K(310272K) Eden: 290304K(290304K)->0K(292352K) From: 64K(20992K)->32K(17920K)
[986.515s][info][gc,heap        ] GC(2738) ParOldGen: 140426K(175104K)->140442K(175104K)
[986.515s][info][gc,metaspace   ] GC(2738) Metaspace: 35591K(36416K)->35591K(36416K) NonClass: 29319K(29952K)->29319K(29952K) Class: 6272K(6464K)->6272K(6464K)
[986.515s][info][gc             ] GC(2738) Pause Young (Allocation Failure) 420M->137M(474M) 1.236ms
[986.515s][info][gc,cpu         ] GC(2738) User=0.00s Sys=0.00s Real=0.00s
[986.747s][info][gc,start       ] GC(2739) Pause Young (Allocation Failure)
[986.748s][info][gc,heap        ] GC(2739) PSYoungGen: 292384K(310272K)->64K(311808K) Eden: 292352K(292352K)->0K(292352K) From: 32K(17920K)->64K(19456K)
[986.748s][info][gc,heap        ] GC(2739) ParOldGen: 140442K(175104K)->140442K(175104K)
[986.748s][info][gc,metaspace   ] GC(2739) Metaspace: 35591K(36416K)->35591K(36416K) NonClass: 29319K(29952K)->29319K(29952K) Class: 6272K(6464K)->6272K(6464K)
[986.748s][info][gc             ] GC(2739) Pause Young (Allocation Failure) 422M->137M(475M) 1.502ms
[986.748s][info][gc,cpu         ] GC(2739) User=0.01s Sys=0.00s Real=0.00s
[987.100s][info][gc,start       ] GC(2740) Pause Young (Allocation Failure)
[987.102s][info][gc,heap        ] GC(2740) PSYoungGen: 292416K(311808K)->64K(312832K) Eden: 292352K(292352K)->0K(295936K) From: 64K(19456K)->64K(16896K)
[987.102s][info][gc,heap        ] GC(2740) ParOldGen: 140442K(175104K)->140442K(175104K)
[987.102s][info][gc,metaspace   ] GC(2740) Metaspace: 35591K(36416K)->35591K(36416K) NonClass: 29319K(29952K)->29319K(29952K) Class: 6272K(6464K)->6272K(6464K)
[987.102s][info][gc             ] GC(2740) Pause Young (Allocation Failure) 422M->137M(476M) 1.532ms
[987.102s][info][gc,cpu         ] GC(2740) User=0.00s Sys=0.00s Real=0.00s
[987.233s][info][gc,start       ] GC(2741) Pause Young (Allocation Failure)
[987.234s][info][gc,heap        ] GC(2741) PSYoungGen: 296000K(312832K)->32K(313856K) Eden: 295936K(295936K)->0K(295936K) From: 64K(16896K)->32K(17920K)
[987.234s][info][gc,heap        ] GC(2741) ParOldGen: 140442K(175104K)->140450K(175104K)
[987.234s][info][gc,metaspace   ] GC(2741) Metaspace: 35591K(36416K)->35591K(36416K) NonClass: 29319K(29952K)->29319K(29952K) Class: 6272K(6464K)->6272K(6464K)
[987.234s][info][gc             ] GC(2741) Pause Young (Allocation Failure) 426M->137M(477M) 1.399ms
[987.234s][info][gc,cpu         ] GC(2741) User=0.00s Sys=0.00s Real=0.00s
[987.289s][info][gc,start       ] GC(2742) Pause Young (Allocation Failure)
[987.290s][info][gc,heap        ] GC(2742) PSYoungGen: 295968K(313856K)->32K(313856K) Eden: 295936K(295936K)->0K(299008K) From: 32K(17920K)->32K(14848K)
[987.290s][info][gc,heap        ] GC(2742) ParOldGen: 140450K(175104K)->140466K(175104K)
[987.290s][info][gc,metaspace   ] GC(2742) Metaspace: 35591K(36416K)->35591K(36416K) NonClass: 29319K(29952K)->29319K(29952K) Class: 6272K(6464K)->6272K(6464K)
[987.290s][info][gc             ] GC(2742) Pause Young (Allocation Failure) 426M->137M(477M) 1.537ms
[987.290s][info][gc,cpu         ] GC(2742) User=0.00s Sys=0.00s Real=0.00s
[987.418s][info][gc,start       ] GC(2743) Pause Young (Allocation Failure)
[987.419s][info][gc,heap        ] GC(2743) PSYoungGen: 299040K(313856K)->64K(314880K) Eden: 299008K(299008K)->0K(299008K) From: 32K(14848K)->64K(15872K)
[987.419s][info][gc,heap        ] GC(2743) ParOldGen: 140466K(175104K)->140466K(175104K)
[987.419s][info][gc,metaspace   ] GC(2743) Metaspace: 35591K(36416K)->35591K(36416K) NonClass: 29319K(29952K)->29319K(29952K) Class: 6272K(6464K)->6272K(6464K)
[987.419s][info][gc             ] GC(2743) Pause Young (Allocation Failure) 429M->137M(478M) 0.910ms
[987.419s][info][gc,cpu         ] GC(2743) User=0.00s Sys=0.00s Real=0.00s
[987.634s][info][gc,start       ] GC(2744) Pause Young (Allocation Failure)
[987.635s][info][gc,heap        ] GC(2744) PSYoungGen: 299072K(314880K)->64K(315392K) Eden: 299008K(299008K)->0K(302592K) From: 64K(15872K)->64K(12800K)
[987.635s][info][gc,heap        ] GC(2744) ParOldGen: 140466K(175104K)->140474K(175104K)
[987.635s][info][gc,metaspace   ] GC(2744) Metaspace: 35591K(36416K)->35591K(36416K) NonClass: 29319K(29952K)->29319K(29952K) Class: 6272K(6464K)->6272K(6464K)
[987.635s][info][gc             ] GC(2744) Pause Young (Allocation Failure) 429M->137M(479M) 0.908ms
[987.635s][info][gc,cpu         ] GC(2744) User=0.01s Sys=0.00s Real=0.00s
[987.800s][info][gc,start       ] GC(2745) Pause Young (Allocation Failure)
[987.801s][info][gc,heap        ] GC(2745) PSYoungGen: 302656K(315392K)->64K(316928K) Eden: 302592K(302592K)->0K(302592K) From: 64K(12800K)->64K(14336K)
[987.801s][info][gc,heap        ] GC(2745) ParOldGen: 140474K(175104K)->140482K(175104K)
[987.801s][info][gc,metaspace   ] GC(2745) Metaspace: 35591K(36416K)->35591K(36416K) NonClass: 29319K(29952K)->29319K(29952K) Class: 6272K(6464K)->6272K(6464K)
[987.801s][info][gc             ] GC(2745) Pause Young (Allocation Failure) 432M->137M(480M) 0.977ms
[987.801s][info][gc,cpu         ] GC(2745) User=0.00s Sys=0.00s Real=0.00s
[987.883s][info][gc,start       ] GC(2746) Pause Young (Allocation Failure)
[987.883s][info][gc,heap        ] GC(2746) PSYoungGen: 302656K(316928K)->64K(317952K) Eden: 302592K(302592K)->0K(306176K) From: 64K(14336K)->64K(11776K)
[987.883s][info][gc,heap        ] GC(2746) ParOldGen: 140482K(175104K)->140498K(175104K)
[987.883s][info][gc,metaspace   ] GC(2746) Metaspace: 35591K(36416K)->35591K(36416K) NonClass: 29319K(29952K)->29319K(29952K) Class: 6272K(6464K)->6272K(6464K)
[987.884s][info][gc             ] GC(2746) Pause Young (Allocation Failure) 432M->137M(481M) 0.942ms
[987.884s][info][gc,cpu         ] GC(2746) User=0.00s Sys=0.00s Real=0.00s
[988.049s][info][gc,start       ] GC(2747) Pause Young (Allocation Failure)
[988.050s][info][gc,heap        ] GC(2747) PSYoungGen: 306240K(317952K)->64K(294400K) Eden: 306176K(306176K)->0K(293888K) From: 64K(11776K)->64K(512K)
[988.050s][info][gc,heap        ] GC(2747) ParOldGen: 140498K(175104K)->140498K(175104K)
[988.050s][info][gc,metaspace   ] GC(2747) Metaspace: 35591K(36416K)->35591K(36416K) NonClass: 29319K(29952K)->29319K(29952K) Class: 6272K(6464K)->6272K(6464K)
[988.050s][info][gc             ] GC(2747) Pause Young (Allocation Failure) 436M->137M(458M) 0.955ms
[988.050s][info][gc,cpu         ] GC(2747) User=0.00s Sys=0.00s Real=0.00s
[989.042s][info][gc,start       ] GC(2748) Pause Young (Allocation Failure)
[989.043s][info][gc,heap        ] GC(2748) PSYoungGen: 293952K(294400K)->64K(282624K) Eden: 293888K(293888K)->0K(282112K) From: 64K(512K)->64K(512K)
[989.043s][info][gc,heap        ] GC(2748) ParOldGen: 140498K(175104K)->140506K(175104K)
[989.043s][info][gc,metaspace   ] GC(2748) Metaspace: 35591K(36416K)->35591K(36416K) NonClass: 29319K(29952K)->29319K(29952K) Class: 6272K(6464K)->6272K(6464K)
[989.043s][info][gc             ] GC(2748) Pause Young (Allocation Failure) 424M->137M(447M) 0.912ms
[989.043s][info][gc,cpu         ] GC(2748) User=0.00s Sys=0.00s Real=0.00s
[989.918s][info][gc,start       ] GC(2749) Pause Young (Allocation Failure)
[989.919s][info][gc,heap        ] GC(2749) PSYoungGen: 282176K(282624K)->64K(282624K) Eden: 282112K(282112K)->0K(271360K) From: 64K(512K)->64K(11264K)
[989.919s][info][gc,heap        ] GC(2749) ParOldGen: 140506K(175104K)->140514K(175104K)
[989.919s][info][gc,metaspace   ] GC(2749) Metaspace: 35591K(36416K)->35591K(36416K) NonClass: 29319K(29952K)->29319K(29952K) Class: 6272K(6464K)->6272K(6464K)
[989.919s][info][gc             ] GC(2749) Pause Young (Allocation Failure) 412M->137M(447M) 0.932ms
[989.919s][info][gc,cpu         ] GC(2749) User=0.00s Sys=0.00s Real=0.00s
[990.109s][info][gc,start       ] GC(2750) Pause Young (Allocation Failure)
[990.111s][info][gc,heap        ] GC(2750) PSYoungGen: 271424K(282624K)->64K(261632K) Eden: 271360K(271360K)->0K(261120K) From: 64K(11264K)->64K(512K)
[990.111s][info][gc,heap        ] GC(2750) ParOldGen: 140514K(175104K)->140522K(175104K)
[990.111s][info][gc,metaspace   ] GC(2750) Metaspace: 35591K(36416K)->35591K(36416K) NonClass: 29319K(29952K)->29319K(29952K) Class: 6272K(6464K)->6272K(6464K)
[990.111s][info][gc             ] GC(2750) Pause Young (Allocation Failure) 402M->137M(426M) 1.501ms
[990.111s][info][gc,cpu         ] GC(2750) User=0.00s Sys=0.00s Real=0.00s
[990.554s][info][gc,start       ] GC(2751) Pause Young (Allocation Failure)
[990.554s][info][gc,heap        ] GC(2751) PSYoungGen: 261184K(261632K)->64K(260608K) Eden: 261120K(261120K)->0K(250880K) From: 64K(512K)->64K(9728K)
[990.554s][info][gc,heap        ] GC(2751) ParOldGen: 140522K(175104K)->140530K(175104K)
[990.554s][info][gc,metaspace   ] GC(2751) Metaspace: 35591K(36416K)->35591K(36416K) NonClass: 29319K(29952K)->29319K(29952K) Class: 6272K(6464K)->6272K(6464K)
[990.555s][info][gc             ] GC(2751) Pause Young (Allocation Failure) 392M->137M(425M) 0.882ms
[990.555s][info][gc,cpu         ] GC(2751) User=0.00s Sys=0.00s Real=0.00s
[991.519s][info][gc,start       ] GC(2752) Pause Young (Allocation Failure)
[991.521s][info][gc,heap        ] GC(2752) PSYoungGen: 250944K(260608K)->64K(241664K) Eden: 250880K(250880K)->0K(241152K) From: 64K(9728K)->64K(512K)
[991.521s][info][gc,heap        ] GC(2752) ParOldGen: 140530K(175104K)->140538K(175104K)
[991.521s][info][gc,metaspace   ] GC(2752) Metaspace: 35591K(36416K)->35591K(36416K) NonClass: 29319K(29952K)->29319K(29952K) Class: 6272K(6464K)->6272K(6464K)
[991.521s][info][gc             ] GC(2752) Pause Young (Allocation Failure) 382M->137M(407M) 1.950ms
[991.521s][info][gc,cpu         ] GC(2752) User=0.00s Sys=0.00s Real=0.00s
[991.917s][info][gc,start       ] GC(2753) Pause Young (Allocation Failure)
[991.918s][info][gc,heap        ] GC(2753) PSYoungGen: 241216K(241664K)->64K(240640K) Eden: 241152K(241152K)->0K(231936K) From: 64K(512K)->64K(8704K)
[991.918s][info][gc,heap        ] GC(2753) ParOldGen: 140538K(175104K)->140554K(175104K)
[991.918s][info][gc,metaspace   ] GC(2753) Metaspace: 35591K(36416K)->35591K(36416K) NonClass: 29319K(29952K)->29319K(29952K) Class: 6272K(6464K)->6272K(6464K)
[991.918s][info][gc             ] GC(2753) Pause Young (Allocation Failure) 372M->137M(406M) 1.419ms
[991.918s][info][gc,cpu         ] GC(2753) User=0.00s Sys=0.00s Real=0.00s
[992.113s][info][gc,start       ] GC(2754) Pause Young (Allocation Failure)
[992.115s][info][gc,heap        ] GC(2754) PSYoungGen: 232000K(240640K)->32K(223744K) Eden: 231936K(231936K)->0K(223232K) From: 64K(8704K)->32K(512K)
[992.115s][info][gc,heap        ] GC(2754) ParOldGen: 140554K(175104K)->140562K(175104K)
[992.115s][info][gc,metaspace   ] GC(2754) Metaspace: 35591K(36416K)->35591K(36416K) NonClass: 29319K(29952K)->29319K(29952K) Class: 6272K(6464K)->6272K(6464K)
[992.115s][info][gc             ] GC(2754) Pause Young (Allocation Failure) 363M->137M(389M) 2.154ms
[992.115s][info][gc,cpu         ] GC(2754) User=0.00s Sys=0.00s Real=0.00s
[992.182s][info][gc,start       ] GC(2755) Pause Young (Allocation Failure)
[992.183s][info][gc,heap        ] GC(2755) PSYoungGen: 223264K(223744K)->64K(222720K) Eden: 223232K(223232K)->0K(215040K) From: 32K(512K)->64K(7680K)
[992.183s][info][gc,heap        ] GC(2755) ParOldGen: 140562K(175104K)->140578K(175104K)
[992.183s][info][gc,metaspace   ] GC(2755) Metaspace: 35591K(36416K)->35591K(36416K) NonClass: 29319K(29952K)->29319K(29952K) Class: 6272K(6464K)->6272K(6464K)
[992.183s][info][gc             ] GC(2755) Pause Young (Allocation Failure) 355M->137M(388M) 1.353ms
[992.183s][info][gc,cpu         ] GC(2755) User=0.01s Sys=0.00s Real=0.00s
[992.614s][info][gc,start       ] GC(2756) Pause Young (Allocation Failure)
[992.616s][info][gc,heap        ] GC(2756) PSYoungGen: 215104K(222720K)->64K(207872K) Eden: 215040K(215040K)->0K(207360K) From: 64K(7680K)->64K(512K)
[992.616s][info][gc,heap        ] GC(2756) ParOldGen: 140578K(175104K)->140594K(175104K)
[992.616s][info][gc,metaspace   ] GC(2756) Metaspace: 35591K(36416K)->35591K(36416K) NonClass: 29319K(29952K)->29319K(29952K) Class: 6272K(6464K)->6272K(6464K)
[992.616s][info][gc             ] GC(2756) Pause Young (Allocation Failure) 347M->137M(374M) 2.093ms
[992.616s][info][gc,cpu         ] GC(2756) User=0.00s Sys=0.00s Real=0.01s
[992.888s][info][gc,start       ] GC(2757) Pause Young (Allocation Failure)
[992.889s][info][gc,heap        ] GC(2757) PSYoungGen: 207424K(207872K)->32K(206336K) Eden: 207360K(207360K)->0K(199680K) From: 64K(512K)->32K(6656K)
[992.890s][info][gc,heap        ] GC(2757) ParOldGen: 140594K(175104K)->140602K(175104K)
[992.890s][info][gc,metaspace   ] GC(2757) Metaspace: 35591K(36416K)->35591K(36416K) NonClass: 29319K(29952K)->29319K(29952K) Class: 6272K(6464K)->6272K(6464K)
[992.890s][info][gc             ] GC(2757) Pause Young (Allocation Failure) 339M->137M(372M) 1.398ms
[992.890s][info][gc,cpu         ] GC(2757) User=0.01s Sys=0.00s Real=0.00s
[993.248s][info][gc,start       ] GC(2758) Pause Young (Allocation Failure)
[993.253s][info][gc,heap        ] GC(2758) PSYoungGen: 199711K(206336K)->2048K(194560K) Eden: 199679K(199680K)->0K(192512K) From: 32K(6656K)->2048K(2048K)
[993.253s][info][gc,heap        ] GC(2758) ParOldGen: 140602K(175104K)->140618K(175104K)
[993.253s][info][gc,metaspace   ] GC(2758) Metaspace: 35591K(36416K)->35591K(36416K) NonClass: 29319K(29952K)->29319K(29952K) Class: 6272K(6464K)->6272K(6464K)
[993.254s][info][gc             ] GC(2758) Pause Young (Allocation Failure) 332M->139M(361M) 5.392ms
[993.254s][info][gc,cpu         ] GC(2758) User=0.01s Sys=0.00s Real=0.00s
[993.468s][info][gc,start       ] GC(2759) Pause Young (Allocation Failure)
[993.519s][info][gc,heap        ] GC(2759) PSYoungGen: 194560K(194560K)->6144K(237056K) Eden: 192512K(192512K)->0K(230912K) From: 2048K(2048K)->6144K(6144K)
[993.519s][info][gc,heap        ] GC(2759) ParOldGen: 140618K(175104K)->155010K(175104K)
[993.519s][info][gc,metaspace   ] GC(2759) Metaspace: 35591K(36416K)->35591K(36416K) NonClass: 29319K(29952K)->29319K(29952K) Class: 6272K(6464K)->6272K(6464K)
[993.519s][info][gc             ] GC(2759) Pause Young (Allocation Failure) 327M->157M(402M) 50.789ms
[993.519s][info][gc,cpu         ] GC(2759) User=0.07s Sys=0.00s Real=0.05s
[993.778s][info][gc,start       ] GC(2760) Pause Young (Allocation Failure)
[993.833s][info][gc,heap        ] GC(2760) PSYoungGen: 237056K(237056K)->4608K(250368K) Eden: 230912K(230912K)->0K(245760K) From: 6144K(6144K)->4608K(4608K)
[993.833s][info][gc,heap        ] GC(2760) ParOldGen: 155010K(175104K)->175578K(175616K)
[993.833s][info][gc,metaspace   ] GC(2760) Metaspace: 35591K(36416K)->35591K(36416K) NonClass: 29319K(29952K)->29319K(29952K) Class: 6272K(6464K)->6272K(6464K)
[993.833s][info][gc             ] GC(2760) Pause Young (Allocation Failure) 382M->175M(416M) 55.815ms
[993.834s][info][gc,cpu         ] GC(2760) User=0.10s Sys=0.01s Real=0.05s
[994.077s][info][gc,start       ] GC(2761) Pause Young (Allocation Failure)
[994.131s][info][gc,heap        ] GC(2761) PSYoungGen: 250368K(250368K)->19968K(265728K) Eden: 245760K(245760K)->0K(245760K) From: 4608K(4608K)->19968K(19968K)
[994.131s][info][gc,heap        ] GC(2761) ParOldGen: 175578K(175616K)->178138K(178176K)
[994.131s][info][gc,metaspace   ] GC(2761) Metaspace: 35591K(36416K)->35591K(36416K) NonClass: 29319K(29952K)->29319K(29952K) Class: 6272K(6464K)->6272K(6464K)
[994.131s][info][gc             ] GC(2761) Pause Young (Allocation Failure) 415M->193M(433M) 54.389ms
[994.131s][info][gc,cpu         ] GC(2761) User=0.11s Sys=0.00s Real=0.05s
[994.222s][info][gc,start       ] GC(2762) Pause Young (Allocation Failure)
[994.224s][info][gc,heap        ] GC(2762) PSYoungGen: 265728K(265728K)->64K(309248K) Eden: 245760K(245760K)->0K(284160K) From: 19968K(19968K)->64K(25088K)
[994.224s][info][gc,heap        ] GC(2762) ParOldGen: 178138K(178176K)->178218K(178688K)
[994.224s][info][gc,metaspace   ] GC(2762) Metaspace: 35591K(36416K)->35591K(36416K) NonClass: 29319K(29952K)->29319K(29952K) Class: 6272K(6464K)->6272K(6464K)
[994.224s][info][gc             ] GC(2762) Pause Young (Allocation Failure) 433M->174M(476M) 1.612ms
[994.224s][info][gc,cpu         ] GC(2762) User=0.00s Sys=0.00s Real=0.00s
[994.904s][info][gc,start       ] GC(2763) Pause Young (Allocation Failure)
[994.905s][info][gc,heap        ] GC(2763) PSYoungGen: 284224K(309248K)->64K(284672K) Eden: 284160K(284160K)->0K(284160K) From: 64K(25088K)->64K(512K)
[994.905s][info][gc,heap        ] GC(2763) ParOldGen: 178218K(178688K)->178226K(178688K)
[994.905s][info][gc,metaspace   ] GC(2763) Metaspace: 35591K(36416K)->35591K(36416K) NonClass: 29319K(29952K)->29319K(29952K) Class: 6272K(6464K)->6272K(6464K)
[994.905s][info][gc             ] GC(2763) Pause Young (Allocation Failure) 451M->174M(452M) 1.023ms
[994.905s][info][gc,cpu         ] GC(2763) User=0.00s Sys=0.00s Real=0.00s
[995.282s][info][gc,start       ] GC(2764) Pause Young (Allocation Failure)
[995.283s][info][gc,heap        ] GC(2764) PSYoungGen: 284224K(284672K)->64K(308224K) Eden: 284160K(284160K)->0K(284672K) From: 64K(512K)->64K(23552K)
[995.283s][info][gc,heap        ] GC(2764) ParOldGen: 178226K(178688K)->178234K(178688K)
[995.283s][info][gc,metaspace   ] GC(2764) Metaspace: 35591K(36416K)->35591K(36416K) NonClass: 29319K(29952K)->29319K(29952K) Class: 6272K(6464K)->6272K(6464K)
[995.283s][info][gc             ] GC(2764) Pause Young (Allocation Failure) 451M->174M(475M) 1.047ms
[995.283s][info][gc,cpu         ] GC(2764) User=0.00s Sys=0.00s Real=0.00s
[995.720s][info][gc,start       ] GC(2765) Pause Young (Allocation Failure)
[995.721s][info][gc,heap        ] GC(2765) PSYoungGen: 284736K(308224K)->64K(307712K) Eden: 284672K(284672K)->0K(284672K) From: 64K(23552K)->64K(23040K)
[995.721s][info][gc,heap        ] GC(2765) ParOldGen: 178234K(178688K)->178250K(178688K)
[995.721s][info][gc,metaspace   ] GC(2765) Metaspace: 35591K(36416K)->35591K(36416K) NonClass: 29319K(29952K)->29319K(29952K) Class: 6272K(6464K)->6272K(6464K)
[995.721s][info][gc             ] GC(2765) Pause Young (Allocation Failure) 452M->174M(475M) 1.046ms
[995.721s][info][gc,cpu         ] GC(2765) User=0.00s Sys=0.00s Real=0.00s
[995.945s][info][gc,start       ] GC(2766) Pause Young (Allocation Failure)
[995.946s][info][gc,heap        ] GC(2766) PSYoungGen: 284736K(307712K)->64K(309760K) Eden: 284672K(284672K)->0K(288256K) From: 64K(23040K)->64K(21504K)
[995.946s][info][gc,heap        ] GC(2766) ParOldGen: 178250K(178688K)->178266K(178688K)
[995.946s][info][gc,metaspace   ] GC(2766) Metaspace: 35591K(36416K)->35591K(36416K) NonClass: 29319K(29952K)->29319K(29952K) Class: 6272K(6464K)->6272K(6464K)
[995.946s][info][gc             ] GC(2766) Pause Young (Allocation Failure) 452M->174M(477M) 0.990ms
[995.946s][info][gc,cpu         ] GC(2766) User=0.00s Sys=0.00s Real=0.01s
[996.177s][info][gc,start       ] GC(2767) Pause Young (Allocation Failure)
[996.178s][info][gc,heap        ] GC(2767) PSYoungGen: 288320K(309760K)->64K(309248K) Eden: 288256K(288256K)->0K(288256K) From: 64K(21504K)->64K(20992K)
[996.178s][info][gc,heap        ] GC(2767) ParOldGen: 178266K(178688K)->178266K(178688K)
[996.178s][info][gc,metaspace   ] GC(2767) Metaspace: 35591K(36416K)->35591K(36416K) NonClass: 29319K(29952K)->29319K(29952K) Class: 6272K(6464K)->6272K(6464K)
[996.178s][info][gc             ] GC(2767) Pause Young (Allocation Failure) 455M->174M(476M) 1.014ms
[996.178s][info][gc,cpu         ] GC(2767) User=0.00s Sys=0.00s Real=0.00s
[996.515s][info][gc,start       ] GC(2768) Pause Young (Allocation Failure)
[996.516s][info][gc,heap        ] GC(2768) PSYoungGen: 288320K(309248K)->64K(311808K) Eden: 288256K(288256K)->0K(292352K) From: 64K(20992K)->64K(19456K)
[996.516s][info][gc,heap        ] GC(2768) ParOldGen: 178266K(178688K)->178266K(178688K)
[996.516s][info][gc,metaspace   ] GC(2768) Metaspace: 35591K(36416K)->35591K(36416K) NonClass: 29319K(29952K)->29319K(29952K) Class: 6272K(6464K)->6272K(6464K)
[996.516s][info][gc             ] GC(2768) Pause Young (Allocation Failure) 455M->174M(479M) 1.008ms
[996.516s][info][gc,cpu         ] GC(2768) User=0.00s Sys=0.00s Real=0.01s
[996.573s][info][gc,start       ] GC(2769) Pause Young (Allocation Failure)
[996.574s][info][gc,heap        ] GC(2769) PSYoungGen: 292416K(311808K)->64K(311296K) Eden: 292352K(292352K)->0K(292352K) From: 64K(19456K)->64K(18944K)
[996.574s][info][gc,heap        ] GC(2769) ParOldGen: 178266K(178688K)->178282K(178688K)
[996.574s][info][gc,metaspace   ] GC(2769) Metaspace: 35591K(36416K)->35591K(36416K) NonClass: 29319K(29952K)->29319K(29952K) Class: 6272K(6464K)->6272K(6464K)
[996.574s][info][gc             ] GC(2769) Pause Young (Allocation Failure) 459M->174M(478M) 0.966ms
[996.574s][info][gc,cpu         ] GC(2769) User=0.00s Sys=0.00s Real=0.00s
[996.628s][info][gc,start       ] GC(2770) Pause Young (Allocation Failure)
[996.629s][info][gc,heap        ] GC(2770) PSYoungGen: 292416K(311296K)->64K(313856K) Eden: 292352K(292352K)->0K(296448K) From: 64K(18944K)->64K(17408K)
[996.629s][info][gc,heap        ] GC(2770) ParOldGen: 178282K(178688K)->178282K(178688K)
[996.629s][info][gc,metaspace   ] GC(2770) Metaspace: 35591K(36416K)->35591K(36416K) NonClass: 29319K(29952K)->29319K(29952K) Class: 6272K(6464K)->6272K(6464K)
[996.629s][info][gc             ] GC(2770) Pause Young (Allocation Failure) 459M->174M(481M) 0.956ms
[996.629s][info][gc,cpu         ] GC(2770) User=0.00s Sys=0.00s Real=0.00s
[996.831s][info][gc,start       ] GC(2771) Pause Young (Allocation Failure)
[996.832s][info][gc,heap        ] GC(2771) PSYoungGen: 296512K(313856K)->64K(313344K) Eden: 296448K(296448K)->0K(296448K) From: 64K(17408K)->64K(16896K)
[996.832s][info][gc,heap        ] GC(2771) ParOldGen: 178282K(178688K)->178282K(178688K)
[996.832s][info][gc,metaspace   ] GC(2771) Metaspace: 35591K(36416K)->35591K(36416K) NonClass: 29319K(29952K)->29319K(29952K) Class: 6272K(6464K)->6272K(6464K)
[996.832s][info][gc             ] GC(2771) Pause Young (Allocation Failure) 463M->174M(480M) 0.988ms
[996.832s][info][gc,cpu         ] GC(2771) User=0.00s Sys=0.00s Real=0.00s
[997.043s][info][gc,start       ] GC(2772) Pause Young (Allocation Failure)
[997.044s][info][gc,heap        ] GC(2772) PSYoungGen: 296512K(313344K)->64K(315904K) Eden: 296448K(296448K)->0K(300544K) From: 64K(16896K)->64K(15360K)
[997.044s][info][gc,heap        ] GC(2772) ParOldGen: 178282K(178688K)->178290K(178688K)
[997.044s][info][gc,metaspace   ] GC(2772) Metaspace: 35591K(36416K)->35591K(36416K) NonClass: 29319K(29952K)->29319K(29952K) Class: 6272K(6464K)->6272K(6464K)
[997.044s][info][gc             ] GC(2772) Pause Young (Allocation Failure) 463M->174M(483M) 0.990ms
[997.044s][info][gc,cpu         ] GC(2772) User=0.01s Sys=0.00s Real=0.00s
[997.155s][info][gc,start       ] GC(2773) Pause Young (Allocation Failure)
[997.156s][info][gc,heap        ] GC(2773) PSYoungGen: 300608K(315904K)->64K(315392K) Eden: 300544K(300544K)->0K(300544K) From: 64K(15360K)->64K(14848K)
[997.156s][info][gc,heap        ] GC(2773) ParOldGen: 178290K(178688K)->178298K(178688K)
[997.156s][info][gc,metaspace   ] GC(2773) Metaspace: 35591K(36416K)->35591K(36416K) NonClass: 29319K(29952K)->29319K(29952K) Class: 6272K(6464K)->6272K(6464K)
[997.156s][info][gc             ] GC(2773) Pause Young (Allocation Failure) 467M->174M(482M) 1.033ms
[997.156s][info][gc,cpu         ] GC(2773) User=0.00s Sys=0.00s Real=0.01s
[997.261s][info][gc,start       ] GC(2774) Pause Young (Allocation Failure)
[997.262s][info][gc,heap        ] GC(2774) PSYoungGen: 300608K(315392K)->64K(317952K) Eden: 300544K(300544K)->0K(304640K) From: 64K(14848K)->64K(13312K)
[997.262s][info][gc,heap        ] GC(2774) ParOldGen: 178298K(178688K)->178306K(178688K)
[997.262s][info][gc,metaspace   ] GC(2774) Metaspace: 35591K(36416K)->35591K(36416K) NonClass: 29319K(29952K)->29319K(29952K) Class: 6272K(6464K)->6272K(6464K)
[997.262s][info][gc             ] GC(2774) Pause Young (Allocation Failure) 467M->174M(485M) 1.016ms
[997.262s][info][gc,cpu         ] GC(2774) User=0.00s Sys=0.00s Real=0.00s
[997.512s][info][gc,start       ] GC(2775) Pause Young (Allocation Failure)
[997.513s][info][gc,heap        ] GC(2775) PSYoungGen: 304704K(317952K)->64K(292864K) Eden: 304640K(304640K)->0K(292352K) From: 64K(13312K)->64K(512K)
[997.513s][info][gc,heap        ] GC(2775) ParOldGen: 178306K(178688K)->178314K(178688K)
[997.513s][info][gc,metaspace   ] GC(2775) Metaspace: 35591K(36416K)->35591K(36416K) NonClass: 29319K(29952K)->29319K(29952K) Class: 6272K(6464K)->6272K(6464K)
[997.513s][info][gc             ] GC(2775) Pause Young (Allocation Failure) 471M->174M(460M) 1.054ms
[997.513s][info][gc,cpu         ] GC(2775) User=0.00s Sys=0.00s Real=0.00s
[998.391s][info][gc,start       ] GC(2776) Pause Young (Allocation Failure)
[998.392s][info][gc,heap        ] GC(2776) PSYoungGen: 292416K(292864K)->83K(281600K) Eden: 292352K(292352K)->0K(281088K) From: 64K(512K)->83K(512K)
[998.392s][info][gc,heap        ] GC(2776) ParOldGen: 178314K(178688K)->178322K(178688K)
[998.392s][info][gc,metaspace   ] GC(2776) Metaspace: 35591K(36416K)->35591K(36416K) NonClass: 29319K(29952K)->29319K(29952K) Class: 6272K(6464K)->6272K(6464K)
[998.392s][info][gc             ] GC(2776) Pause Young (Allocation Failure) 459M->174M(449M) 1.139ms
[998.392s][info][gc,cpu         ] GC(2776) User=0.00s Sys=0.00s Real=0.00s
[999.320s][info][gc,start       ] GC(2777) Pause Young (Allocation Failure)
[999.321s][info][gc,heap        ] GC(2777) PSYoungGen: 281171K(281600K)->64K(282112K) Eden: 281088K(281088K)->0K(270336K) From: 83K(512K)->64K(11776K)
[999.321s][info][gc,heap        ] GC(2777) ParOldGen: 178322K(178688K)->178330K(178688K)
[999.321s][info][gc,metaspace   ] GC(2777) Metaspace: 35591K(36416K)->35591K(36416K) NonClass: 29319K(29952K)->29319K(29952K) Class: 6272K(6464K)->6272K(6464K)
[999.321s][info][gc             ] GC(2777) Pause Young (Allocation Failure) 448M->174M(450M) 1.098ms
[999.321s][info][gc,cpu         ] GC(2777) User=0.00s Sys=0.00s Real=0.00s
[999.672s][info][gc,start       ] GC(2778) Pause Young (Allocation Failure)
[999.674s][info][gc,heap        ] GC(2778) PSYoungGen: 270400K(282112K)->64K(260608K) Eden: 270336K(270336K)->0K(260096K) From: 64K(11776K)->64K(512K)
[999.674s][info][gc,heap        ] GC(2778) ParOldGen: 178330K(178688K)->178338K(178688K)
[999.674s][info][gc,metaspace   ] GC(2778) Metaspace: 35591K(36416K)->35591K(36416K) NonClass: 29319K(29952K)->29319K(29952K) Class: 6272K(6464K)->6272K(6464K)
[999.674s][info][gc             ] GC(2778) Pause Young (Allocation Failure) 438M->174M(429M) 1.877ms
[999.674s][info][gc,cpu         ] GC(2778) User=0.00s Sys=0.00s Real=0.00s
[1000.043s][info][gc,start       ] GC(2779) Pause Young (Allocation Failure)
[1000.044s][info][gc,heap        ] GC(2779) PSYoungGen: 260160K(260608K)->64K(260608K) Eden: 260096K(260096K)->0K(250368K) From: 64K(512K)->64K(10240K)
[1000.044s][info][gc,heap        ] GC(2779) ParOldGen: 178338K(178688K)->178346K(178688K)
[1000.044s][info][gc,metaspace   ] GC(2779) Metaspace: 35591K(36416K)->35591K(36416K) NonClass: 29319K(29952K)->29319K(29952K) Class: 6272K(6464K)->6272K(6464K)
[1000.044s][info][gc             ] GC(2779) Pause Young (Allocation Failure) 428M->174M(429M) 1.015ms
[1000.044s][info][gc,cpu         ] GC(2779) User=0.00s Sys=0.00s Real=0.00s
[1000.996s][info][gc,start       ] GC(2780) Pause Young (Allocation Failure)
[1000.997s][info][gc,heap        ] GC(2780) PSYoungGen: 250432K(260608K)->64K(241152K) Eden: 250368K(250368K)->0K(240640K) From: 64K(10240K)->64K(512K)
[1000.997s][info][gc,heap        ] GC(2780) ParOldGen: 178346K(178688K)->178354K(178688K)
[1000.997s][info][gc,metaspace   ] GC(2780) Metaspace: 35591K(36416K)->35591K(36416K) NonClass: 29319K(29952K)->29319K(29952K) Class: 6272K(6464K)->6272K(6464K)
[1000.997s][info][gc             ] GC(2780) Pause Young (Allocation Failure) 418M->174M(410M) 1.626ms
[1000.997s][info][gc,cpu         ] GC(2780) User=0.00s Sys=0.00s Real=0.00s
[1001.344s][info][gc,start       ] GC(2781) Pause Young (Allocation Failure)
[1001.345s][info][gc,heap        ] GC(2781) PSYoungGen: 240704K(241152K)->64K(240128K) Eden: 240640K(240640K)->0K(231424K) From: 64K(512K)->64K(8704K)
[1001.345s][info][gc,heap        ] GC(2781) ParOldGen: 178354K(178688K)->178362K(178688K)
[1001.345s][info][gc,metaspace   ] GC(2781) Metaspace: 35591K(36416K)->35591K(36416K) NonClass: 29319K(29952K)->29319K(29952K) Class: 6272K(6464K)->6272K(6464K)
[1001.345s][info][gc             ] GC(2781) Pause Young (Allocation Failure) 409M->174M(409M) 1.024ms
[1001.345s][info][gc,cpu         ] GC(2781) User=0.00s Sys=0.00s Real=0.00s
[1001.487s][info][gc,start       ] GC(2782) Pause Young (Allocation Failure)
[1001.488s][info][gc,heap        ] GC(2782) PSYoungGen: 231488K(240128K)->64K(223232K) Eden: 231424K(231424K)->0K(222720K) From: 64K(8704K)->64K(512K)
[1001.488s][info][gc,heap        ] GC(2782) ParOldGen: 178362K(178688K)->178370K(178688K)
[1001.488s][info][gc,metaspace   ] GC(2782) Metaspace: 35591K(36416K)->35591K(36416K) NonClass: 29319K(29952K)->29319K(29952K) Class: 6272K(6464K)->6272K(6464K)
[1001.488s][info][gc             ] GC(2782) Pause Young (Allocation Failure) 400M->174M(392M) 1.566ms
[1001.488s][info][gc,cpu         ] GC(2782) User=0.00s Sys=0.00s Real=0.00s
[1001.697s][info][gc,start       ] GC(2783) Pause Young (Allocation Failure)
[1001.698s][info][gc,heap        ] GC(2783) PSYoungGen: 222784K(223232K)->64K(222208K) Eden: 222720K(222720K)->0K(214528K) From: 64K(512K)->64K(7680K)
[1001.698s][info][gc,heap        ] GC(2783) ParOldGen: 178370K(178688K)->178378K(178688K)
[1001.698s][info][gc,metaspace   ] GC(2783) Metaspace: 35591K(36416K)->35591K(36416K) NonClass: 29319K(29952K)->29319K(29952K) Class: 6272K(6464K)->6272K(6464K)
[1001.698s][info][gc             ] GC(2783) Pause Young (Allocation Failure) 391M->174M(391M) 1.014ms
[1001.698s][info][gc,cpu         ] GC(2783) User=0.00s Sys=0.00s Real=0.00s
[1002.209s][info][gc,start       ] GC(2784) Pause Young (Allocation Failure)
[1002.210s][info][gc,heap        ] GC(2784) PSYoungGen: 214592K(222208K)->64K(207360K) Eden: 214528K(214528K)->0K(206848K) From: 64K(7680K)->64K(512K)
[1002.210s][info][gc,heap        ] GC(2784) ParOldGen: 178378K(178688K)->178386K(178688K)
[1002.210s][info][gc,metaspace   ] GC(2784) Metaspace: 35591K(36416K)->35591K(36416K) NonClass: 29319K(29952K)->29319K(29952K) Class: 6272K(6464K)->6272K(6464K)
[1002.210s][info][gc             ] GC(2784) Pause Young (Allocation Failure) 383M->174M(377M) 1.833ms
[1002.210s][info][gc,cpu         ] GC(2784) User=0.00s Sys=0.00s Real=0.00s
[1002.444s][info][gc,start       ] GC(2785) Pause Young (Allocation Failure)
[1002.445s][info][gc,heap        ] GC(2785) PSYoungGen: 206912K(207360K)->64K(205824K) Eden: 206848K(206848K)->0K(199168K) From: 64K(512K)->64K(6656K)
[1002.445s][info][gc,heap        ] GC(2785) ParOldGen: 178386K(178688K)->178394K(178688K)
[1002.445s][info][gc,metaspace   ] GC(2785) Metaspace: 35591K(36416K)->35591K(36416K) NonClass: 29319K(29952K)->29319K(29952K) Class: 6272K(6464K)->6272K(6464K)
[1002.445s][info][gc             ] GC(2785) Pause Young (Allocation Failure) 376M->174M(375M) 1.029ms
[1002.445s][info][gc,cpu         ] GC(2785) User=0.00s Sys=0.00s Real=0.00s
[1002.734s][info][gc,start       ] GC(2786) Pause Young (Allocation Failure)
[1002.764s][info][gc,heap        ] GC(2786) PSYoungGen: 199232K(205824K)->6144K(243712K) Eden: 199168K(199168K)->0K(237568K) From: 64K(6656K)->6144K(6144K)
[1002.764s][info][gc,heap        ] GC(2786) ParOldGen: 178394K(178688K)->186770K(186880K)
[1002.764s][info][gc,metaspace   ] GC(2786) Metaspace: 35591K(36416K)->35591K(36416K) NonClass: 29319K(29952K)->29319K(29952K) Class: 6272K(6464K)->6272K(6464K)
[1002.764s][info][gc             ] GC(2786) Pause Young (Allocation Failure) 368M->188M(420M) 30.513ms
[1002.764s][info][gc,cpu         ] GC(2786) User=0.04s Sys=0.01s Real=0.03s
[1003.033s][info][gc,start       ] GC(2787) Pause Young (Allocation Failure)
[1003.084s][info][gc,heap        ] GC(2787) PSYoungGen: 243712K(243712K)->10752K(262656K) Eden: 237568K(237568K)->0K(251904K) From: 6144K(6144K)->10752K(10752K)
[1003.084s][info][gc,heap        ] GC(2787) ParOldGen: 186770K(186880K)->201666K(201728K)
[1003.084s][info][gc,metaspace   ] GC(2787) Metaspace: 35591K(36416K)->35591K(36416K) NonClass: 29319K(29952K)->29319K(29952K) Class: 6272K(6464K)->6272K(6464K)
[1003.084s][info][gc             ] GC(2787) Pause Young (Allocation Failure) 420M->207M(453M) 50.900ms
[1003.084s][info][gc,cpu         ] GC(2787) User=0.08s Sys=0.02s Real=0.05s
[1003.369s][info][gc,start       ] GC(2788) Pause Young (Allocation Failure)
[1003.429s][info][gc,heap        ] GC(2788) PSYoungGen: 262656K(262656K)->18432K(295936K) Eden: 251904K(251904K)->0K(277504K) From: 10752K(10752K)->18432K(18432K)
[1003.429s][info][gc,heap        ] GC(2788) ParOldGen: 201666K(201728K)->210618K(210944K)
[1003.429s][info][gc,metaspace   ] GC(2788) Metaspace: 35591K(36416K)->35591K(36416K) NonClass: 29319K(29952K)->29319K(29952K) Class: 6272K(6464K)->6272K(6464K)
[1003.429s][info][gc             ] GC(2788) Pause Young (Allocation Failure) 453M->223M(495M) 60.170ms
[1003.429s][info][gc,cpu         ] GC(2788) User=0.10s Sys=0.01s Real=0.06s
[1003.543s][info][gc,start       ] GC(2789) Pause Young (Allocation Failure)
[1003.551s][info][gc,heap        ] GC(2789) PSYoungGen: 295936K(295936K)->2272K(303104K) Eden: 277504K(277504K)->0K(277504K) From: 18432K(18432K)->2272K(25600K)
[1003.551s][info][gc,heap        ] GC(2789) ParOldGen: 210618K(210944K)->210938K(210944K)
[1003.551s][info][gc,metaspace   ] GC(2789) Metaspace: 35591K(36416K)->35591K(36416K) NonClass: 29319K(29952K)->29319K(29952K) Class: 6272K(6464K)->6272K(6464K)
[1003.551s][info][gc             ] GC(2789) Pause Young (Allocation Failure) 494M->208M(502M) 7.904ms
[1003.551s][info][gc,cpu         ] GC(2789) User=0.01s Sys=0.00s Real=0.01s
[1004.149s][info][gc,start       ] GC(2790) Pause Young (Allocation Failure)
[1004.150s][info][gc,heap        ] GC(2790) PSYoungGen: 279776K(303104K)->64K(306176K) Eden: 277504K(277504K)->0K(283648K) From: 2272K(25600K)->64K(22528K)
[1004.150s][info][gc,heap        ] GC(2790) ParOldGen: 210938K(210944K)->210954K(211456K)
[1004.150s][info][gc,metaspace   ] GC(2790) Metaspace: 35591K(36416K)->35591K(36416K) NonClass: 29319K(29952K)->29319K(29952K) Class: 6272K(6464K)->6272K(6464K)
[1004.150s][info][gc             ] GC(2790) Pause Young (Allocation Failure) 479M->206M(505M) 1.103ms
[1004.150s][info][gc,cpu         ] GC(2790) User=0.01s Sys=0.00s Real=0.00s
[1004.600s][info][gc,start       ] GC(2791) Pause Young (Allocation Failure)
[1004.602s][info][gc,heap        ] GC(2791) PSYoungGen: 283712K(306176K)->64K(307712K) Eden: 283648K(283648K)->0K(283648K) From: 64K(22528K)->64K(24064K)
[1004.602s][info][gc,heap        ] GC(2791) ParOldGen: 210954K(211456K)->210962K(211456K)
[1004.602s][info][gc,metaspace   ] GC(2791) Metaspace: 35591K(36416K)->35591K(36416K) NonClass: 29319K(29952K)->29319K(29952K) Class: 6272K(6464K)->6272K(6464K)
[1004.602s][info][gc             ] GC(2791) Pause Young (Allocation Failure) 483M->206M(507M) 1.127ms
[1004.602s][info][gc,cpu         ] GC(2791) User=0.01s Sys=0.00s Real=0.00s
[1005.040s][info][gc,start       ] GC(2792) Pause Young (Allocation Failure)
[1005.041s][info][gc,heap        ] GC(2792) PSYoungGen: 283712K(307712K)->64K(307200K) Eden: 283648K(283648K)->0K(286720K) From: 64K(24064K)->64K(20480K)
[1005.041s][info][gc,heap        ] GC(2792) ParOldGen: 210962K(211456K)->210978K(211456K)
[1005.041s][info][gc,metaspace   ] GC(2792) Metaspace: 35591K(36416K)->35591K(36416K) NonClass: 29319K(29952K)->29319K(29952K) Class: 6272K(6464K)->6272K(6464K)
[1005.041s][info][gc             ] GC(2792) Pause Young (Allocation Failure) 483M->206M(506M) 1.107ms
[1005.041s][info][gc,cpu         ] GC(2792) User=0.00s Sys=0.00s Real=0.00s
[1005.275s][info][gc,start       ] GC(2793) Pause Young (Allocation Failure)
[1005.276s][info][gc,heap        ] GC(2793) PSYoungGen: 286784K(307200K)->64K(308736K) Eden: 286720K(286720K)->0K(286720K) From: 64K(20480K)->64K(22016K)
[1005.276s][info][gc,heap        ] GC(2793) ParOldGen: 210978K(211456K)->210994K(211456K)
[1005.276s][info][gc,metaspace   ] GC(2793) Metaspace: 35591K(36416K)->35591K(36416K) NonClass: 29319K(29952K)->29319K(29952K) Class: 6272K(6464K)->6272K(6464K)
[1005.276s][info][gc             ] GC(2793) Pause Young (Allocation Failure) 486M->206M(508M) 1.089ms
[1005.276s][info][gc,cpu         ] GC(2793) User=0.00s Sys=0.00s Real=0.01s
[1005.503s][info][gc,start       ] GC(2794) Pause Young (Allocation Failure)
[1005.504s][info][gc,heap        ] GC(2794) PSYoungGen: 286784K(308736K)->64K(309248K) Eden: 286720K(286720K)->0K(290816K) From: 64K(22016K)->64K(18432K)
[1005.504s][info][gc,heap        ] GC(2794) ParOldGen: 210994K(211456K)->210994K(211456K)
[1005.504s][info][gc,metaspace   ] GC(2794) Metaspace: 35591K(36416K)->35591K(36416K) NonClass: 29319K(29952K)->29319K(29952K) Class: 6272K(6464K)->6272K(6464K)
[1005.504s][info][gc             ] GC(2794) Pause Young (Allocation Failure) 486M->206M(508M) 1.088ms
[1005.504s][info][gc,cpu         ] GC(2794) User=0.01s Sys=0.00s Real=0.00s
[1005.868s][info][gc,start       ] GC(2795) Pause Young (Allocation Failure)
[1005.869s][info][gc,heap        ] GC(2795) PSYoungGen: 290880K(309248K)->64K(310784K) Eden: 290816K(290816K)->0K(290816K) From: 64K(18432K)->64K(19968K)
[1005.869s][info][gc,heap        ] GC(2795) ParOldGen: 210994K(211456K)->210994K(211456K)
[1005.869s][info][gc,metaspace   ] GC(2795) Metaspace: 35591K(36416K)->35591K(36416K) NonClass: 29319K(29952K)->29319K(29952K) Class: 6272K(6464K)->6272K(6464K)
[1005.869s][info][gc             ] GC(2795) Pause Young (Allocation Failure) 490M->206M(510M) 1.051ms
[1005.869s][info][gc,cpu         ] GC(2795) User=0.00s Sys=0.00s Real=0.00s
[1005.922s][info][gc,start       ] GC(2796) Pause Young (Allocation Failure)
[1005.923s][info][gc,heap        ] GC(2796) PSYoungGen: 290880K(310784K)->64K(311296K) Eden: 290816K(290816K)->0K(294912K) From: 64K(19968K)->64K(16384K)
[1005.923s][info][gc,heap        ] GC(2796) ParOldGen: 210994K(211456K)->211010K(211456K)
[1005.923s][info][gc,metaspace   ] GC(2796) Metaspace: 35591K(36416K)->35591K(36416K) NonClass: 29319K(29952K)->29319K(29952K) Class: 6272K(6464K)->6272K(6464K)
[1005.923s][info][gc             ] GC(2796) Pause Young (Allocation Failure) 490M->206M(510M) 1.041ms
[1005.923s][info][gc,cpu         ] GC(2796) User=0.00s Sys=0.00s Real=0.00s
[1005.980s][info][gc,start       ] GC(2797) Pause Young (Allocation Failure)
[1005.981s][info][gc,heap        ] GC(2797) PSYoungGen: 294976K(311296K)->64K(312832K) Eden: 294912K(294912K)->0K(294912K) From: 64K(16384K)->64K(17920K)
[1005.981s][info][gc,heap        ] GC(2797) ParOldGen: 211010K(211456K)->211010K(211456K)
[1005.981s][info][gc,metaspace   ] GC(2797) Metaspace: 35591K(36416K)->35591K(36416K) NonClass: 29319K(29952K)->29319K(29952K) Class: 6272K(6464K)->6272K(6464K)
[1005.981s][info][gc             ] GC(2797) Pause Young (Allocation Failure) 494M->206M(512M) 1.052ms
[1005.981s][info][gc,cpu         ] GC(2797) User=0.00s Sys=0.00s Real=0.00s
[1006.160s][info][gc,start       ] GC(2798) Pause Young (Allocation Failure)
[1006.161s][info][gc,heap        ] GC(2798) PSYoungGen: 294976K(312832K)->64K(314368K) Eden: 294912K(294912K)->0K(299008K) From: 64K(17920K)->64K(15360K)
[1006.161s][info][gc,heap        ] GC(2798) ParOldGen: 211010K(211456K)->211010K(211456K)
[1006.161s][info][gc,metaspace   ] GC(2798) Metaspace: 35591K(36416K)->35591K(36416K) NonClass: 29319K(29952K)->29319K(29952K) Class: 6272K(6464K)->6272K(6464K)
[1006.161s][info][gc             ] GC(2798) Pause Young (Allocation Failure) 494M->206M(513M) 1.079ms
[1006.161s][info][gc,cpu         ] GC(2798) User=0.00s Sys=0.00s Real=0.00s
[1006.379s][info][gc,start       ] GC(2799) Pause Young (Allocation Failure)
[1006.381s][info][gc,heap        ] GC(2799) PSYoungGen: 299072K(314368K)->64K(315392K) Eden: 299008K(299008K)->0K(299008K) From: 64K(15360K)->64K(16384K)
[1006.381s][info][gc,heap        ] GC(2799) ParOldGen: 211010K(211456K)->211018K(211456K)
[1006.381s][info][gc,metaspace   ] GC(2799) Metaspace: 35591K(36416K)->35591K(36416K) NonClass: 29319K(29952K)->29319K(29952K) Class: 6272K(6464K)->6272K(6464K)
[1006.381s][info][gc             ] GC(2799) Pause Young (Allocation Failure) 498M->206M(514M) 1.060ms
[1006.381s][info][gc,cpu         ] GC(2799) User=0.00s Sys=0.00s Real=0.00s
[1006.503s][info][gc,start       ] GC(2800) Pause Young (Allocation Failure)
[1006.504s][info][gc,heap        ] GC(2800) PSYoungGen: 299072K(315392K)->64K(315392K) Eden: 299008K(299008K)->0K(302080K) From: 64K(16384K)->64K(13312K)
[1006.504s][info][gc,heap        ] GC(2800) ParOldGen: 211018K(211456K)->211026K(211456K)
[1006.504s][info][gc,metaspace   ] GC(2800) Metaspace: 35591K(36416K)->35591K(36416K) NonClass: 29319K(29952K)->29319K(29952K) Class: 6272K(6464K)->6272K(6464K)
[1006.504s][info][gc             ] GC(2800) Pause Young (Allocation Failure) 498M->206M(514M) 1.103ms
[1006.504s][info][gc,cpu         ] GC(2800) User=0.00s Sys=0.00s Real=0.00s
[1006.605s][info][gc,start       ] GC(2801) Pause Young (Allocation Failure)
[1006.606s][info][gc,heap        ] GC(2801) PSYoungGen: 302144K(315392K)->64K(316416K) Eden: 302080K(302080K)->0K(302080K) From: 64K(13312K)->64K(14336K)
[1006.606s][info][gc,heap        ] GC(2801) ParOldGen: 211026K(211456K)->211034K(211456K)
[1006.606s][info][gc,metaspace   ] GC(2801) Metaspace: 35591K(36416K)->35591K(36416K) NonClass: 29319K(29952K)->29319K(29952K) Class: 6272K(6464K)->6272K(6464K)
[1006.606s][info][gc             ] GC(2801) Pause Young (Allocation Failure) 501M->206M(515M) 1.126ms
[1006.606s][info][gc,cpu         ] GC(2801) User=0.00s Sys=0.00s Real=0.01s
[1006.791s][info][gc,start       ] GC(2802) Pause Young (Allocation Failure)
[1006.792s][info][gc,heap        ] GC(2802) PSYoungGen: 302144K(316416K)->64K(290816K) Eden: 302080K(302080K)->0K(290304K) From: 64K(14336K)->64K(512K)
[1006.792s][info][gc,heap        ] GC(2802) ParOldGen: 211034K(211456K)->211042K(211456K)
[1006.792s][info][gc,metaspace   ] GC(2802) Metaspace: 35591K(36416K)->35591K(36416K) NonClass: 29319K(29952K)->29319K(29952K) Class: 6272K(6464K)->6272K(6464K)
[1006.792s][info][gc             ] GC(2802) Pause Young (Allocation Failure) 501M->206M(490M) 1.230ms
[1006.792s][info][gc,cpu         ] GC(2802) User=0.01s Sys=0.00s Real=0.00s
[1007.746s][info][gc,start       ] GC(2803) Pause Young (Allocation Failure)
[1007.747s][info][gc,heap        ] GC(2803) PSYoungGen: 290368K(290816K)->64K(291840K) Eden: 290304K(290304K)->0K(279040K) From: 64K(512K)->64K(12800K)
[1007.747s][info][gc,heap        ] GC(2803) ParOldGen: 211042K(211456K)->211050K(211456K)
[1007.747s][info][gc,metaspace   ] GC(2803) Metaspace: 35591K(36416K)->35591K(36416K) NonClass: 29319K(29952K)->29319K(29952K) Class: 6272K(6464K)->6272K(6464K)
[1007.747s][info][gc             ] GC(2803) Pause Young (Allocation Failure) 489M->206M(491M) 1.026ms
[1007.747s][info][gc,cpu         ] GC(2803) User=0.01s Sys=0.00s Real=0.00s
[1008.644s][info][gc,start       ] GC(2804) Pause Young (Allocation Failure)
[1008.646s][info][gc,heap        ] GC(2804) PSYoungGen: 279104K(291840K)->64K(268800K) Eden: 279040K(279040K)->0K(268288K) From: 64K(12800K)->64K(512K)
[1008.646s][info][gc,heap        ] GC(2804) ParOldGen: 211050K(211456K)->211058K(211456K)
[1008.646s][info][gc,metaspace   ] GC(2804) Metaspace: 35591K(36416K)->35591K(36416K) NonClass: 29319K(29952K)->29319K(29952K) Class: 6272K(6464K)->6272K(6464K)
[1008.646s][info][gc             ] GC(2804) Pause Young (Allocation Failure) 478M->206M(469M) 1.960ms
[1008.646s][info][gc,cpu         ] GC(2804) User=0.00s Sys=0.00s Real=0.01s
[1008.937s][info][gc,start       ] GC(2805) Pause Young (Allocation Failure)
[1008.938s][info][gc,heap        ] GC(2805) PSYoungGen: 268352K(268800K)->64K(269312K) Eden: 268288K(268288K)->0K(258048K) From: 64K(512K)->64K(11264K)
[1008.938s][info][gc,heap        ] GC(2805) ParOldGen: 211058K(211456K)->211066K(211456K)
[1008.938s][info][gc,metaspace   ] GC(2805) Metaspace: 35591K(36416K)->35591K(36416K) NonClass: 29319K(29952K)->29319K(29952K) Class: 6272K(6464K)->6272K(6464K)
[1008.938s][info][gc             ] GC(2805) Pause Young (Allocation Failure) 468M->206M(469M) 1.078ms
[1008.938s][info][gc,cpu         ] GC(2805) User=0.00s Sys=0.00s Real=0.00s
[1009.360s][info][gc,start       ] GC(2806) Pause Young (Allocation Failure)
[1009.362s][info][gc,heap        ] GC(2806) PSYoungGen: 258112K(269312K)->64K(248832K) Eden: 258048K(258048K)->0K(248320K) From: 64K(11264K)->64K(512K)
[1009.362s][info][gc,heap        ] GC(2806) ParOldGen: 211066K(211456K)->211074K(211456K)
[1009.362s][info][gc,metaspace   ] GC(2806) Metaspace: 35591K(36416K)->35591K(36416K) NonClass: 29319K(29952K)->29319K(29952K) Class: 6272K(6464K)->6272K(6464K)
[1009.362s][info][gc             ] GC(2806) Pause Young (Allocation Failure) 458M->206M(449M) 1.714ms
[1009.362s][info][gc,cpu         ] GC(2806) User=0.00s Sys=0.00s Real=0.00s
[1010.284s][info][gc,start       ] GC(2807) Pause Young (Allocation Failure)
[1010.285s][info][gc,heap        ] GC(2807) PSYoungGen: 248384K(248832K)->64K(248832K) Eden: 248320K(248320K)->0K(239104K) From: 64K(512K)->64K(9728K)
[1010.285s][info][gc,heap        ] GC(2807) ParOldGen: 211074K(211456K)->211082K(211456K)
[1010.285s][info][gc,metaspace   ] GC(2807) Metaspace: 35591K(36416K)->35591K(36416K) NonClass: 29319K(29952K)->29319K(29952K) Class: 6272K(6464K)->6272K(6464K)
[1010.285s][info][gc             ] GC(2807) Pause Young (Allocation Failure) 448M->206M(449M) 1.106ms
[1010.285s][info][gc,cpu         ] GC(2807) User=0.00s Sys=0.00s Real=0.00s
[1010.664s][info][gc,start       ] GC(2808) Pause Young (Allocation Failure)
[1010.666s][info][gc,heap        ] GC(2808) PSYoungGen: 239168K(248832K)->32K(230912K) Eden: 239104K(239104K)->0K(230400K) From: 64K(9728K)->32K(512K)
[1010.666s][info][gc,heap        ] GC(2808) ParOldGen: 211082K(211456K)->211090K(211456K)
[1010.666s][info][gc,metaspace   ] GC(2808) Metaspace: 35591K(36416K)->35591K(36416K) NonClass: 29319K(29952K)->29319K(29952K) Class: 6272K(6464K)->6272K(6464K)
[1010.666s][info][gc             ] GC(2808) Pause Young (Allocation Failure) 439M->206M(432M) 2.265ms
[1010.666s][info][gc,cpu         ] GC(2808) User=0.00s Sys=0.00s Real=0.01s
[1010.830s][info][gc,start       ] GC(2809) Pause Young (Allocation Failure)
[1010.832s][info][gc,heap        ] GC(2809) PSYoungGen: 230432K(230912K)->64K(229888K) Eden: 230400K(230400K)->0K(221696K) From: 32K(512K)->64K(8192K)
[1010.832s][info][gc,heap        ] GC(2809) ParOldGen: 211090K(211456K)->211098K(211456K)
[1010.832s][info][gc,metaspace   ] GC(2809) Metaspace: 35591K(36416K)->35591K(36416K) NonClass: 29319K(29952K)->29319K(29952K) Class: 6272K(6464K)->6272K(6464K)
[1010.832s][info][gc             ] GC(2809) Pause Young (Allocation Failure) 431M->206M(431M) 1.792ms
[1010.832s][info][gc,cpu         ] GC(2809) User=0.01s Sys=0.00s Real=0.00s
[1010.923s][info][gc,start       ] GC(2810) Pause Young (Allocation Failure)
[1010.925s][info][gc,heap        ] GC(2810) PSYoungGen: 221760K(229888K)->64K(214016K) Eden: 221696K(221696K)->0K(213504K) From: 64K(8192K)->64K(512K)
[1010.925s][info][gc,heap        ] GC(2810) ParOldGen: 211098K(211456K)->211106K(211456K)
[1010.925s][info][gc,metaspace   ] GC(2810) Metaspace: 35591K(36416K)->35591K(36416K) NonClass: 29319K(29952K)->29319K(29952K) Class: 6272K(6464K)->6272K(6464K)
[1010.925s][info][gc             ] GC(2810) Pause Young (Allocation Failure) 422M->206M(415M) 2.382ms
[1010.925s][info][gc,cpu         ] GC(2810) User=0.00s Sys=0.00s Real=0.00s
[1011.506s][info][gc,start       ] GC(2811) Pause Young (Allocation Failure)
[1011.507s][info][gc,heap        ] GC(2811) PSYoungGen: 213568K(214016K)->64K(212992K) Eden: 213504K(213504K)->0K(205824K) From: 64K(512K)->64K(7168K)
[1011.507s][info][gc,heap        ] GC(2811) ParOldGen: 211106K(211456K)->211114K(211456K)
[1011.507s][info][gc,metaspace   ] GC(2811) Metaspace: 35591K(36416K)->35591K(36416K) NonClass: 29319K(29952K)->29319K(29952K) Class: 6272K(6464K)->6272K(6464K)
[1011.507s][info][gc             ] GC(2811) Pause Young (Allocation Failure) 414M->206M(414M) 1.373ms
[1011.507s][info][gc,cpu         ] GC(2811) User=0.00s Sys=0.00s Real=0.00s
[1011.712s][info][gc,start       ] GC(2812) Pause Young (Allocation Failure)
[1011.714s][info][gc,heap        ] GC(2812) PSYoungGen: 205888K(212992K)->64K(199168K) Eden: 205824K(205824K)->0K(198656K) From: 64K(7168K)->64K(512K)
[1011.714s][info][gc,heap        ] GC(2812) ParOldGen: 211114K(211456K)->211122K(211456K)
[1011.714s][info][gc,metaspace   ] GC(2812) Metaspace: 35591K(36416K)->35591K(36416K) NonClass: 29319K(29952K)->29319K(29952K) Class: 6272K(6464K)->6272K(6464K)
[1011.714s][info][gc             ] GC(2812) Pause Young (Allocation Failure) 407M->206M(401M) 1.592ms
[1011.714s][info][gc,cpu         ] GC(2812) User=0.00s Sys=0.00s Real=0.00s
[1012.033s][info][gc,start       ] GC(2813) Pause Young (Allocation Failure)
[1012.062s][info][gc,heap        ] GC(2813) PSYoungGen: 198720K(199168K)->6144K(243200K) Eden: 198656K(198656K)->0K(237056K) From: 64K(512K)->6144K(6144K)
[1012.062s][info][gc,heap        ] GC(2813) ParOldGen: 211122K(211456K)->213874K(214016K)
[1012.062s][info][gc,metaspace   ] GC(2813) Metaspace: 35591K(36416K)->35591K(36416K) NonClass: 29319K(29952K)->29319K(29952K) Class: 6272K(6464K)->6272K(6464K)
[1012.062s][info][gc             ] GC(2813) Pause Young (Allocation Failure) 400M->214M(446M) 29.085ms
[1012.062s][info][gc,cpu         ] GC(2813) User=0.03s Sys=0.00s Real=0.03s
[1012.333s][info][gc,start       ] GC(2814) Pause Young (Allocation Failure)
[1012.388s][info][gc,heap        ] GC(2814) PSYoungGen: 243200K(243200K)->6144K(260608K) Eden: 237056K(237056K)->0K(254464K) From: 6144K(6144K)->6144K(6144K)
[1012.388s][info][gc,heap        ] GC(2814) ParOldGen: 213874K(214016K)->233122K(233472K)
[1012.388s][info][gc,metaspace   ] GC(2814) Metaspace: 35591K(36416K)->35591K(36416K) NonClass: 29319K(29952K)->29319K(29952K) Class: 6272K(6464K)->6272K(6464K)
[1012.388s][info][gc             ] GC(2814) Pause Young (Allocation Failure) 446M->233M(482M) 54.670ms
[1012.388s][info][gc,cpu         ] GC(2814) User=0.09s Sys=0.02s Real=0.06s
[1012.680s][info][gc,start       ] GC(2815) Pause Young (Allocation Failure)
[1012.739s][info][gc,heap        ] GC(2815) PSYoungGen: 260608K(260608K)->16896K(271360K) Eden: 254464K(254464K)->0K(254464K) From: 6144K(6144K)->16896K(16896K)
[1012.739s][info][gc,heap        ] GC(2815) ParOldGen: 233122K(233472K)->244058K(244224K)
[1012.739s][info][gc,metaspace   ] GC(2815) Metaspace: 35591K(36416K)->35591K(36416K) NonClass: 29319K(29952K)->29319K(29952K) Class: 6272K(6464K)->6272K(6464K)
[1012.739s][info][gc             ] GC(2815) Pause Young (Allocation Failure) 482M->254M(503M) 59.020ms
[1012.739s][info][gc,cpu         ] GC(2815) User=0.11s Sys=0.01s Real=0.06s
[1012.874s][info][gc,start       ] GC(2816) Pause Young (Allocation Failure)
[1012.894s][info][gc,heap        ] GC(2816) PSYoungGen: 271360K(271360K)->7680K(310784K) Eden: 254464K(254464K)->0K(286208K) From: 16896K(16896K)->7680K(24576K)
[1012.894s][info][gc,heap        ] GC(2816) ParOldGen: 244058K(244224K)->244442K(244736K)
[1012.894s][info][gc,metaspace   ] GC(2816) Metaspace: 35591K(36416K)->35591K(36416K) NonClass: 29319K(29952K)->29319K(29952K) Class: 6272K(6464K)->6272K(6464K)
[1012.894s][info][gc             ] GC(2816) Pause Young (Allocation Failure) 503M->246M(542M) 19.555ms
[1012.894s][info][gc,cpu         ] GC(2816) User=0.03s Sys=0.00s Real=0.02s
[1013.383s][info][gc,start       ] GC(2817) Pause Young (Allocation Failure)
[1013.384s][info][gc,heap        ] GC(2817) PSYoungGen: 293888K(310784K)->64K(286720K) Eden: 286208K(286208K)->0K(286208K) From: 7680K(24576K)->64K(512K)
[1013.384s][info][gc,heap        ] GC(2817) ParOldGen: 244442K(244736K)->244450K(244736K)
[1013.384s][info][gc,metaspace   ] GC(2817) Metaspace: 35591K(36416K)->35591K(36416K) NonClass: 29319K(29952K)->29319K(29952K) Class: 6272K(6464K)->6272K(6464K)
[1013.384s][info][gc             ] GC(2817) Pause Young (Allocation Failure) 525M->238M(519M) 1.200ms
[1013.384s][info][gc,cpu         ] GC(2817) User=0.00s Sys=0.00s Real=0.00s
[1013.954s][info][gc,start       ] GC(2818) Pause Young (Allocation Failure)
[1013.955s][info][gc,heap        ] GC(2818) PSYoungGen: 286272K(286720K)->64K(309248K) Eden: 286208K(286208K)->0K(286720K) From: 64K(512K)->64K(22528K)
[1013.955s][info][gc,heap        ] GC(2818) ParOldGen: 244450K(244736K)->244458K(244736K)
[1013.955s][info][gc,metaspace   ] GC(2818) Metaspace: 35591K(36416K)->35591K(36416K) NonClass: 29319K(29952K)->29319K(29952K) Class: 6272K(6464K)->6272K(6464K)
[1013.955s][info][gc             ] GC(2818) Pause Young (Allocation Failure) 518M->238M(541M) 1.210ms
[1013.955s][info][gc,cpu         ] GC(2818) User=0.00s Sys=0.01s Real=0.00s
[1014.385s][info][gc,start       ] GC(2819) Pause Young (Allocation Failure)
[1014.386s][info][gc,heap        ] GC(2819) PSYoungGen: 286784K(309248K)->64K(308736K) Eden: 286720K(286720K)->0K(286720K) From: 64K(22528K)->64K(22016K)
[1014.386s][info][gc,heap        ] GC(2819) ParOldGen: 244458K(244736K)->244474K(244736K)
[1014.386s][info][gc,metaspace   ] GC(2819) Metaspace: 35591K(36416K)->35591K(36416K) NonClass: 29319K(29952K)->29319K(29952K) Class: 6272K(6464K)->6272K(6464K)
[1014.386s][info][gc             ] GC(2819) Pause Young (Allocation Failure) 518M->238M(540M) 1.231ms
[1014.386s][info][gc,cpu         ] GC(2819) User=0.00s Sys=0.00s Real=0.01s
[1014.617s][info][gc,start       ] GC(2820) Pause Young (Allocation Failure)
[1014.618s][info][gc,heap        ] GC(2820) PSYoungGen: 286784K(308736K)->64K(310784K) Eden: 286720K(286720K)->0K(289792K) From: 64K(22016K)->64K(20992K)
[1014.619s][info][gc,heap        ] GC(2820) ParOldGen: 244474K(244736K)->244490K(244736K)
[1014.619s][info][gc,metaspace   ] GC(2820) Metaspace: 35591K(36416K)->35591K(36416K) NonClass: 29319K(29952K)->29319K(29952K) Class: 6272K(6464K)->6272K(6464K)
[1014.619s][info][gc             ] GC(2820) Pause Young (Allocation Failure) 518M->238M(542M) 1.194ms
[1014.619s][info][gc,cpu         ] GC(2820) User=0.01s Sys=0.00s Real=0.00s
[1014.853s][info][gc,start       ] GC(2821) Pause Young (Allocation Failure)
[1014.854s][info][gc,heap        ] GC(2821) PSYoungGen: 289856K(310784K)->64K(310272K) Eden: 289792K(289792K)->0K(289792K) From: 64K(20992K)->64K(20480K)
[1014.854s][info][gc,heap        ] GC(2821) ParOldGen: 244490K(244736K)->244490K(244736K)
[1014.854s][info][gc,metaspace   ] GC(2821) Metaspace: 35591K(36416K)->35591K(36416K) NonClass: 29319K(29952K)->29319K(29952K) Class: 6272K(6464K)->6272K(6464K)
[1014.854s][info][gc             ] GC(2821) Pause Young (Allocation Failure) 521M->238M(542M) 1.152ms
[1014.854s][info][gc,cpu         ] GC(2821) User=0.00s Sys=0.00s Real=0.00s
[1015.219s][info][gc,start       ] GC(2822) Pause Young (Allocation Failure)
[1015.220s][info][gc,heap        ] GC(2822) PSYoungGen: 289856K(310272K)->64K(312320K) Eden: 289792K(289792K)->0K(293376K) From: 64K(20480K)->64K(18944K)
[1015.220s][info][gc,heap        ] GC(2822) ParOldGen: 244490K(244736K)->244490K(244736K)
[1015.220s][info][gc,metaspace   ] GC(2822) Metaspace: 35591K(36416K)->35591K(36416K) NonClass: 29319K(29952K)->29319K(29952K) Class: 6272K(6464K)->6272K(6464K)
[1015.220s][info][gc             ] GC(2822) Pause Young (Allocation Failure) 521M->238M(544M) 1.150ms
[1015.220s][info][gc,cpu         ] GC(2822) User=0.00s Sys=0.00s Real=0.00s
[1015.314s][info][gc,start       ] GC(2823) Pause Young (Allocation Failure)
[1015.315s][info][gc,heap        ] GC(2823) PSYoungGen: 293440K(312320K)->32K(311808K) Eden: 293376K(293376K)->0K(293376K) From: 64K(18944K)->32K(18432K)
[1015.315s][info][gc,heap        ] GC(2823) ParOldGen: 244490K(244736K)->244506K(244736K)
[1015.315s][info][gc,metaspace   ] GC(2823) Metaspace: 35591K(36416K)->35591K(36416K) NonClass: 29319K(29952K)->29319K(29952K) Class: 6272K(6464K)->6272K(6464K)
[1015.315s][info][gc             ] GC(2823) Pause Young (Allocation Failure) 525M->238M(543M) 1.483ms
[1015.315s][info][gc,cpu         ] GC(2823) User=0.00s Sys=0.00s Real=0.00s
[1015.369s][info][gc,start       ] GC(2824) Pause Young (Allocation Failure)
[1015.370s][info][gc,heap        ] GC(2824) PSYoungGen: 293408K(311808K)->64K(314368K) Eden: 293376K(293376K)->0K(296960K) From: 32K(18432K)->64K(17408K)
[1015.370s][info][gc,heap        ] GC(2824) ParOldGen: 244506K(244736K)->244522K(244736K)
[1015.370s][info][gc,metaspace   ] GC(2824) Metaspace: 35591K(36416K)->35591K(36416K) NonClass: 29319K(29952K)->29319K(29952K) Class: 6272K(6464K)->6272K(6464K)
[1015.370s][info][gc             ] GC(2824) Pause Young (Allocation Failure) 525M->238M(546M) 1.145ms
[1015.370s][info][gc,cpu         ] GC(2824) User=0.00s Sys=0.00s Real=0.00s
[1015.526s][info][gc,start       ] GC(2825) Pause Young (Allocation Failure)
[1015.527s][info][gc,heap        ] GC(2825) PSYoungGen: 297024K(314368K)->64K(313856K) Eden: 296960K(296960K)->0K(296960K) From: 64K(17408K)->64K(16896K)
[1015.527s][info][gc,heap        ] GC(2825) ParOldGen: 244522K(244736K)->244522K(244736K)
[1015.527s][info][gc,metaspace   ] GC(2825) Metaspace: 35591K(36416K)->35591K(36416K) NonClass: 29319K(29952K)->29319K(29952K) Class: 6272K(6464K)->6272K(6464K)
[1015.527s][info][gc             ] GC(2825) Pause Young (Allocation Failure) 528M->238M(545M) 1.158ms
[1015.527s][info][gc,cpu         ] GC(2825) User=0.01s Sys=0.00s Real=0.00s
[1015.740s][info][gc,start       ] GC(2826) Pause Young (Allocation Failure)
[1015.742s][info][gc,heap        ] GC(2826) PSYoungGen: 297024K(313856K)->64K(315904K) Eden: 296960K(296960K)->0K(300544K) From: 64K(16896K)->64K(15360K)
[1015.742s][info][gc,heap        ] GC(2826) ParOldGen: 244522K(244736K)->244530K(244736K)
[1015.742s][info][gc,metaspace   ] GC(2826) Metaspace: 35591K(36416K)->35591K(36416K) NonClass: 29319K(29952K)->29319K(29952K) Class: 6272K(6464K)->6272K(6464K)
[1015.742s][info][gc             ] GC(2826) Pause Young (Allocation Failure) 528M->238M(547M) 1.108ms
[1015.742s][info][gc,cpu         ] GC(2826) User=0.00s Sys=0.00s Real=0.00s
[1015.891s][info][gc,start       ] GC(2827) Pause Young (Allocation Failure)
[1015.892s][info][gc,heap        ] GC(2827) PSYoungGen: 300608K(315904K)->64K(315392K) Eden: 300544K(300544K)->0K(300544K) From: 64K(15360K)->64K(14848K)
[1015.892s][info][gc,heap        ] GC(2827) ParOldGen: 244530K(244736K)->244538K(244736K)
[1015.892s][info][gc,metaspace   ] GC(2827) Metaspace: 35591K(36416K)->35591K(36416K) NonClass: 29319K(29952K)->29319K(29952K) Class: 6272K(6464K)->6272K(6464K)
[1015.892s][info][gc             ] GC(2827) Pause Young (Allocation Failure) 532M->238M(547M) 1.168ms
[1015.892s][info][gc,cpu         ] GC(2827) User=0.00s Sys=0.00s Real=0.00s
[1015.974s][info][gc,start       ] GC(2828) Pause Young (Allocation Failure)
[1015.975s][info][gc,heap        ] GC(2828) PSYoungGen: 300608K(315392K)->64K(317952K) Eden: 300544K(300544K)->0K(304128K) From: 64K(14848K)->64K(13824K)
[1015.975s][info][gc,heap        ] GC(2828) ParOldGen: 244538K(244736K)->244546K(244736K)
[1015.975s][info][gc,metaspace   ] GC(2828) Metaspace: 35591K(36416K)->35591K(36416K) NonClass: 29319K(29952K)->29319K(29952K) Class: 6272K(6464K)->6272K(6464K)
[1015.975s][info][gc             ] GC(2828) Pause Young (Allocation Failure) 532M->238M(549M) 1.134ms
[1015.975s][info][gc,cpu         ] GC(2828) User=0.00s Sys=0.00s Real=0.00s
[1016.153s][info][gc,start       ] GC(2829) Pause Young (Allocation Failure)
[1016.155s][info][gc,heap        ] GC(2829) PSYoungGen: 304192K(317952K)->64K(317440K) Eden: 304128K(304128K)->0K(304128K) From: 64K(13824K)->64K(13312K)
[1016.155s][info][gc,heap        ] GC(2829) ParOldGen: 244546K(244736K)->244554K(244736K)
[1016.155s][info][gc,metaspace   ] GC(2829) Metaspace: 35591K(36416K)->35591K(36416K) NonClass: 29319K(29952K)->29319K(29952K) Class: 6272K(6464K)->6272K(6464K)
[1016.155s][info][gc             ] GC(2829) Pause Young (Allocation Failure) 535M->238M(549M) 1.146ms
[1016.155s][info][gc,cpu         ] GC(2829) User=0.00s Sys=0.00s Real=0.00s
[1017.138s][info][gc,start       ] GC(2830) Pause Young (Allocation Failure)
[1017.139s][info][gc,heap        ] GC(2830) PSYoungGen: 304192K(317440K)->64K(292352K) Eden: 304128K(304128K)->0K(291840K) From: 64K(13312K)->64K(512K)
[1017.139s][info][gc,heap        ] GC(2830) ParOldGen: 244554K(244736K)->244562K(244736K)
[1017.139s][info][gc,metaspace   ] GC(2830) Metaspace: 35591K(36416K)->35591K(36416K) NonClass: 29319K(29952K)->29319K(29952K) Class: 6272K(6464K)->6272K(6464K)
[1017.139s][info][gc             ] GC(2830) Pause Young (Allocation Failure) 535M->238M(524M) 1.144ms
[1017.139s][info][gc,cpu         ] GC(2830) User=0.00s Sys=0.00s Real=0.00s
[1018.034s][info][gc,start       ] GC(2831) Pause Young (Allocation Failure)
[1018.035s][info][gc,heap        ] GC(2831) PSYoungGen: 291904K(292352K)->64K(292352K) Eden: 291840K(291840K)->0K(280576K) From: 64K(512K)->64K(11776K)
[1018.035s][info][gc,heap        ] GC(2831) ParOldGen: 244562K(244736K)->244570K(244736K)
[1018.035s][info][gc,metaspace   ] GC(2831) Metaspace: 35591K(36416K)->35591K(36416K) NonClass: 29319K(29952K)->29319K(29952K) Class: 6272K(6464K)->6272K(6464K)
[1018.035s][info][gc             ] GC(2831) Pause Young (Allocation Failure) 523M->238M(524M) 1.095ms
[1018.035s][info][gc,cpu         ] GC(2831) User=0.00s Sys=0.00s Real=0.00s
[1018.309s][info][gc,start       ] GC(2832) Pause Young (Allocation Failure)
[1018.310s][info][gc,heap        ] GC(2832) PSYoungGen: 280640K(292352K)->64K(270336K) Eden: 280576K(280576K)->0K(269824K) From: 64K(11776K)->64K(512K)
[1018.310s][info][gc,heap        ] GC(2832) ParOldGen: 244570K(244736K)->244578K(244736K)
[1018.310s][info][gc,metaspace   ] GC(2832) Metaspace: 35591K(36416K)->35591K(36416K) NonClass: 29319K(29952K)->29319K(29952K) Class: 6272K(6464K)->6272K(6464K)
[1018.310s][info][gc             ] GC(2832) Pause Young (Allocation Failure) 512M->238M(503M) 1.660ms
[1018.310s][info][gc,cpu         ] GC(2832) User=0.00s Sys=0.00s Real=0.00s
[1018.750s][info][gc,start       ] GC(2833) Pause Young (Allocation Failure)
[1018.751s][info][gc,heap        ] GC(2833) PSYoungGen: 269888K(270336K)->64K(269824K) Eden: 269824K(269824K)->0K(259584K) From: 64K(512K)->64K(10240K)
[1018.751s][info][gc,heap        ] GC(2833) ParOldGen: 244578K(244736K)->244586K(244736K)
[1018.751s][info][gc,metaspace   ] GC(2833) Metaspace: 35591K(36416K)->35591K(36416K) NonClass: 29319K(29952K)->29319K(29952K) Class: 6272K(6464K)->6272K(6464K)
[1018.751s][info][gc             ] GC(2833) Pause Young (Allocation Failure) 502M->238M(502M) 1.336ms
[1018.751s][info][gc,cpu         ] GC(2833) User=0.01s Sys=0.00s Real=0.00s
[1019.696s][info][gc,start       ] GC(2834) Pause Young (Allocation Failure)
[1019.697s][info][gc,heap        ] GC(2834) PSYoungGen: 259648K(269824K)->64K(250368K) Eden: 259584K(259584K)->0K(249856K) From: 64K(10240K)->64K(512K)
[1019.697s][info][gc,heap        ] GC(2834) ParOldGen: 244586K(244736K)->244594K(244736K)
[1019.697s][info][gc,metaspace   ] GC(2834) Metaspace: 35591K(36416K)->35591K(36416K) NonClass: 29319K(29952K)->29319K(29952K) Class: 6272K(6464K)->6272K(6464K)
[1019.697s][info][gc             ] GC(2834) Pause Young (Allocation Failure) 492M->238M(483M) 1.605ms
[1019.697s][info][gc,cpu         ] GC(2834) User=0.00s Sys=0.00s Real=0.01s
[1020.080s][info][gc,start       ] GC(2835) Pause Young (Allocation Failure)
[1020.081s][info][gc,heap        ] GC(2835) PSYoungGen: 249920K(250368K)->32K(249344K) Eden: 249856K(249856K)->0K(240640K) From: 64K(512K)->32K(8704K)
[1020.081s][info][gc,heap        ] GC(2835) ParOldGen: 244594K(244736K)->244602K(244736K)
[1020.081s][info][gc,metaspace   ] GC(2835) Metaspace: 35591K(36416K)->35591K(36416K) NonClass: 29319K(29952K)->29319K(29952K) Class: 6272K(6464K)->6272K(6464K)
[1020.081s][info][gc             ] GC(2835) Pause Young (Allocation Failure) 482M->238M(482M) 1.701ms
[1020.081s][info][gc,cpu         ] GC(2835) User=0.00s Sys=0.00s Real=0.00s
[1020.239s][info][gc,start       ] GC(2836) Pause Young (Allocation Failure)
[1020.242s][info][gc,heap        ] GC(2836) PSYoungGen: 240672K(249344K)->64K(231936K) Eden: 240640K(240640K)->0K(231424K) From: 32K(8704K)->64K(512K)
[1020.242s][info][gc,heap        ] GC(2836) ParOldGen: 244602K(244736K)->244618K(244736K)
[1020.242s][info][gc,metaspace   ] GC(2836) Metaspace: 35591K(36416K)->35591K(36416K) NonClass: 29319K(29952K)->29319K(29952K) Class: 6272K(6464K)->6272K(6464K)
[1020.242s][info][gc             ] GC(2836) Pause Young (Allocation Failure) 473M->238M(465M) 2.563ms
[1020.242s][info][gc,cpu         ] GC(2836) User=0.00s Sys=0.00s Real=0.00s
[1020.427s][info][gc,start       ] GC(2837) Pause Young (Allocation Failure)
[1020.428s][info][gc,heap        ] GC(2837) PSYoungGen: 231488K(231936K)->64K(230400K) Eden: 231424K(231424K)->0K(222720K) From: 64K(512K)->64K(7680K)
[1020.428s][info][gc,heap        ] GC(2837) ParOldGen: 244618K(244736K)->244634K(244736K)
[1020.428s][info][gc,metaspace   ] GC(2837) Metaspace: 35591K(36416K)->35591K(36416K) NonClass: 29319K(29952K)->29319K(29952K) Class: 6272K(6464K)->6272K(6464K)
[1020.428s][info][gc             ] GC(2837) Pause Young (Allocation Failure) 464M->238M(464M) 1.585ms
[1020.428s][info][gc,cpu         ] GC(2837) User=0.00s Sys=0.00s Real=0.00s
[1020.971s][info][gc,start       ] GC(2838) Pause Young (Allocation Failure)
[1020.973s][info][gc,heap        ] GC(2838) PSYoungGen: 222784K(230400K)->32K(215040K) Eden: 222720K(222720K)->0K(214528K) From: 64K(7680K)->32K(512K)
[1020.973s][info][gc,heap        ] GC(2838) ParOldGen: 244634K(244736K)->244650K(244736K)
[1020.973s][info][gc,metaspace   ] GC(2838) Metaspace: 35591K(36416K)->35591K(36416K) NonClass: 29319K(29952K)->29319K(29952K) Class: 6272K(6464K)->6272K(6464K)
[1020.973s][info][gc             ] GC(2838) Pause Young (Allocation Failure) 456M->238M(449M) 2.108ms
[1020.973s][info][gc,cpu         ] GC(2838) User=0.01s Sys=0.00s Real=0.00s
[1021.216s][info][gc,start       ] GC(2839) Pause Young (Allocation Failure)
[1021.218s][info][gc,heap        ] GC(2839) PSYoungGen: 214559K(215040K)->64K(213504K) Eden: 214527K(214528K)->0K(206848K) From: 32K(512K)->64K(6656K)
[1021.218s][info][gc,heap        ] GC(2839) ParOldGen: 244650K(244736K)->244666K(244736K)
[1021.218s][info][gc,metaspace   ] GC(2839) Metaspace: 35591K(36416K)->35591K(36416K) NonClass: 29319K(29952K)->29319K(29952K) Class: 6272K(6464K)->6272K(6464K)
[1021.218s][info][gc             ] GC(2839) Pause Young (Allocation Failure) 448M->238M(447M) 1.933ms
[1021.218s][info][gc,cpu         ] GC(2839) User=0.00s Sys=0.00s Real=0.00s
[1021.512s][info][gc,start       ] GC(2840) Pause Young (Allocation Failure)
[1021.547s][info][gc,heap        ] GC(2840) PSYoungGen: 206912K(213504K)->6144K(253440K) Eden: 206848K(206848K)->0K(247296K) From: 64K(6656K)->6144K(6144K)
[1021.547s][info][gc,heap        ] GC(2840) ParOldGen: 244666K(244736K)->254306K(254464K)
[1021.547s][info][gc,metaspace   ] GC(2840) Metaspace: 35591K(36416K)->35591K(36416K) NonClass: 29319K(29952K)->29319K(29952K) Class: 6272K(6464K)->6272K(6464K)
[1021.547s][info][gc             ] GC(2840) Pause Young (Allocation Failure) 440M->254M(496M) 35.645ms
[1021.547s][info][gc,cpu         ] GC(2840) User=0.05s Sys=0.01s Real=0.04s
[1021.834s][info][gc,start       ] GC(2841) Pause Young (Allocation Failure)
[1021.887s][info][gc,heap        ] GC(2841) PSYoungGen: 253440K(253440K)->11264K(274432K) Eden: 247296K(247296K)->0K(263168K) From: 6144K(6144K)->11264K(11264K)
[1021.887s][info][gc,heap        ] GC(2841) ParOldGen: 254306K(254464K)->269770K(269824K)
[1021.887s][info][gc,metaspace   ] GC(2841) Metaspace: 35591K(36416K)->35591K(36416K) NonClass: 29319K(29952K)->29319K(29952K) Class: 6272K(6464K)->6272K(6464K)
[1021.887s][info][gc             ] GC(2841) Pause Young (Allocation Failure) 495M->274M(531M) 53.289ms
[1021.887s][info][gc,cpu         ] GC(2841) User=0.09s Sys=0.01s Real=0.06s
[1022.176s][info][gc,start       ] GC(2842) Pause Young (Allocation Failure)
[1022.237s][info][gc,heap        ] GC(2842) PSYoungGen: 274432K(274432K)->19456K(300032K) Eden: 263168K(263168K)->0K(280576K) From: 11264K(11264K)->19456K(19456K)
[1022.237s][info][gc,heap        ] GC(2842) ParOldGen: 269770K(269824K)->277674K(278016K)
[1022.237s][info][gc,metaspace   ] GC(2842) Metaspace: 35591K(36416K)->35591K(36416K) NonClass: 29319K(29952K)->29319K(29952K) Class: 6272K(6464K)->6272K(6464K)
[1022.237s][info][gc             ] GC(2842) Pause Young (Allocation Failure) 531M->290M(564M) 61.164ms
[1022.237s][info][gc,cpu         ] GC(2842) User=0.11s Sys=0.01s Real=0.06s
[1022.340s][info][gc,start       ] GC(2843) Pause Young (Allocation Failure)
[1022.344s][info][gc,heap        ] GC(2843) PSYoungGen: 300032K(300032K)->64K(307200K) Eden: 280576K(280576K)->0K(280576K) From: 19456K(19456K)->64K(26624K)
[1022.344s][info][gc,heap        ] GC(2843) ParOldGen: 277674K(278016K)->277962K(278016K)
[1022.344s][info][gc,metaspace   ] GC(2843) Metaspace: 35591K(36416K)->35591K(36416K) NonClass: 29319K(29952K)->29319K(29952K) Class: 6272K(6464K)->6272K(6464K)
[1022.344s][info][gc             ] GC(2843) Pause Young (Allocation Failure) 564M->271M(571M) 3.386ms
[1022.344s][info][gc,cpu         ] GC(2843) User=0.00s Sys=0.00s Real=0.00s
[1023.019s][info][gc,start       ] GC(2844) Pause Young (Allocation Failure)
[1023.020s][info][gc,heap        ] GC(2844) PSYoungGen: 280640K(307200K)->64K(304128K) Eden: 280576K(280576K)->0K(281600K) From: 64K(26624K)->64K(22528K)
[1023.020s][info][gc,heap        ] GC(2844) ParOldGen: 277962K(278016K)->277970K(278016K)
[1023.020s][info][gc,metaspace   ] GC(2844) Metaspace: 35591K(36416K)->35591K(36416K) NonClass: 29319K(29952K)->29319K(29952K) Class: 6272K(6464K)->6272K(6464K)
[1023.020s][info][gc             ] GC(2844) Pause Young (Allocation Failure) 545M->271M(568M) 1.532ms
[1023.020s][info][gc,cpu         ] GC(2844) User=0.01s Sys=0.00s Real=0.00s
[1023.394s][info][gc,start       ] GC(2845) Pause Young (Allocation Failure)
[1023.395s][info][gc,heap        ] GC(2845) PSYoungGen: 281664K(304128K)->64K(306176K) Eden: 281600K(281600K)->0K(281600K) From: 64K(22528K)->64K(24576K)
[1023.395s][info][gc,heap        ] GC(2845) ParOldGen: 277970K(278016K)->277978K(278016K)
[1023.395s][info][gc,metaspace   ] GC(2845) Metaspace: 35593K(36416K)->35593K(36416K) NonClass: 29320K(29952K)->29320K(29952K) Class: 6272K(6464K)->6272K(6464K)
[1023.395s][info][gc             ] GC(2845) Pause Young (Allocation Failure) 546M->271M(570M) 1.280ms
[1023.395s][info][gc,cpu         ] GC(2845) User=0.00s Sys=0.00s Real=0.00s
[1023.831s][info][gc,start       ] GC(2846) Pause Young (Allocation Failure)
[1023.832s][info][gc,heap        ] GC(2846) PSYoungGen: 281664K(306176K)->64K(306688K) Eden: 281600K(281600K)->0K(285184K) From: 64K(24576K)->64K(21504K)
[1023.832s][info][gc,heap        ] GC(2846) ParOldGen: 277978K(278016K)->277994K(278016K)
[1023.832s][info][gc,metaspace   ] GC(2846) Metaspace: 35593K(36416K)->35593K(36416K) NonClass: 29320K(29952K)->29320K(29952K) Class: 6272K(6464K)->6272K(6464K)
[1023.832s][info][gc             ] GC(2846) Pause Young (Allocation Failure) 546M->271M(571M) 1.254ms
[1023.832s][info][gc,cpu         ] GC(2846) User=0.01s Sys=0.00s Real=0.00s
[1024.058s][info][gc,start       ] GC(2847) Pause Young (Allocation Failure)
[1024.059s][info][gc,heap        ] GC(2847) PSYoungGen: 285248K(306688K)->64K(308224K) Eden: 285184K(285184K)->0K(285184K) From: 64K(21504K)->64K(23040K)
[1024.059s][info][gc,heap        ] GC(2847) ParOldGen: 277994K(278016K)->278010K(278016K)
[1024.059s][info][gc,metaspace   ] GC(2847) Metaspace: 35593K(36416K)->35593K(36416K) NonClass: 29320K(29952K)->29320K(29952K) Class: 6272K(6464K)->6272K(6464K)
[1024.059s][info][gc             ] GC(2847) Pause Young (Allocation Failure) 550M->271M(572M) 1.276ms
[1024.059s][info][gc,cpu         ] GC(2847) User=0.00s Sys=0.00s Real=0.00s
[1024.288s][info][gc,start       ] GC(2848) Pause Young (Allocation Failure)
[1024.290s][info][gc,heap        ] GC(2848) PSYoungGen: 285248K(308224K)->64K(307200K) Eden: 285184K(285184K)->0K(288768K) From: 64K(23040K)->64K(18432K)
[1024.290s][info][gc,heap        ] GC(2848) ParOldGen: 278010K(278016K)->278010K(278016K)
[1024.290s][info][gc,metaspace   ] GC(2848) Metaspace: 35593K(36416K)->35593K(36416K) NonClass: 29320K(29952K)->29320K(29952K) Class: 6272K(6464K)->6272K(6464K)
[1024.290s][info][gc             ] GC(2848) Pause Young (Allocation Failure) 550M->271M(571M) 1.373ms
[1024.290s][info][gc,cpu         ] GC(2848) User=0.00s Sys=0.00s Real=0.00s
[1024.634s][info][gc,start       ] GC(2849) Pause Young (Allocation Failure)
[1024.636s][info][gc,heap        ] GC(2849) PSYoungGen: 288832K(307200K)->64K(309248K) Eden: 288768K(288768K)->0K(288768K) From: 64K(18432K)->64K(20480K)
[1024.636s][info][gc,heap        ] GC(2849) ParOldGen: 278010K(278016K)->278010K(278016K)
[1024.636s][info][gc,metaspace   ] GC(2849) Metaspace: 35593K(36416K)->35593K(36416K) NonClass: 29320K(29952K)->29320K(29952K) Class: 6272K(6464K)->6272K(6464K)
[1024.636s][info][gc             ] GC(2849) Pause Young (Allocation Failure) 553M->271M(573M) 1.227ms
[1024.636s][info][gc,cpu         ] GC(2849) User=0.00s Sys=0.00s Real=0.00s
[1024.688s][info][gc,start       ] GC(2850) Pause Young (Allocation Failure)
[1024.689s][info][gc,heap        ] GC(2850) PSYoungGen: 288832K(309248K)->64K(310272K) Eden: 288768K(288768K)->0K(293888K) From: 64K(20480K)->64K(16384K)
[1024.689s][info][gc,heap        ] GC(2850) ParOldGen: 278010K(278016K)->278026K(278528K)
[1024.689s][info][gc,metaspace   ] GC(2850) Metaspace: 35593K(36416K)->35593K(36416K) NonClass: 29320K(29952K)->29320K(29952K) Class: 6272K(6464K)->6272K(6464K)
[1024.690s][info][gc             ] GC(2850) Pause Young (Allocation Failure) 553M->271M(575M) 1.270ms
[1024.690s][info][gc,cpu         ] GC(2850) User=0.00s Sys=0.00s Real=0.00s
[1024.747s][info][gc,start       ] GC(2851) Pause Young (Allocation Failure)
[1024.748s][info][gc,heap        ] GC(2851) PSYoungGen: 293952K(310272K)->64K(312320K) Eden: 293888K(293888K)->0K(293888K) From: 64K(16384K)->64K(18432K)
[1024.748s][info][gc,heap        ] GC(2851) ParOldGen: 278026K(278528K)->278026K(278528K)
[1024.748s][info][gc,metaspace   ] GC(2851) Metaspace: 35593K(36416K)->35593K(36416K) NonClass: 29320K(29952K)->29320K(29952K) Class: 6272K(6464K)->6272K(6464K)
[1024.748s][info][gc             ] GC(2851) Pause Young (Allocation Failure) 558M->271M(577M) 1.211ms
[1024.748s][info][gc,cpu         ] GC(2851) User=0.00s Sys=0.00s Real=0.00s
[1024.940s][info][gc,start       ] GC(2852) Pause Young (Allocation Failure)
[1024.941s][info][gc,heap        ] GC(2852) PSYoungGen: 293952K(312320K)->64K(312320K) Eden: 293888K(293888K)->0K(297984K) From: 64K(18432K)->64K(14336K)
[1024.941s][info][gc,heap        ] GC(2852) ParOldGen: 278026K(278528K)->278026K(278528K)
[1024.941s][info][gc,metaspace   ] GC(2852) Metaspace: 35593K(36416K)->35593K(36416K) NonClass: 29320K(29952K)->29320K(29952K) Class: 6272K(6464K)->6272K(6464K)
[1024.941s][info][gc             ] GC(2852) Pause Young (Allocation Failure) 558M->271M(577M) 1.238ms
[1024.941s][info][gc,cpu         ] GC(2852) User=0.00s Sys=0.00s Real=0.00s
[1025.158s][info][gc,start       ] GC(2853) Pause Young (Allocation Failure)
[1025.159s][info][gc,heap        ] GC(2853) PSYoungGen: 298048K(312320K)->64K(314368K) Eden: 297984K(297984K)->0K(297984K) From: 64K(14336K)->64K(16384K)
[1025.159s][info][gc,heap        ] GC(2853) ParOldGen: 278026K(278528K)->278034K(278528K)
[1025.159s][info][gc,metaspace   ] GC(2853) Metaspace: 35593K(36416K)->35593K(36416K) NonClass: 29320K(29952K)->29320K(29952K) Class: 6272K(6464K)->6272K(6464K)
[1025.159s][info][gc             ] GC(2853) Pause Young (Allocation Failure) 562M->271M(579M) 1.262ms
[1025.159s][info][gc,cpu         ] GC(2853) User=0.00s Sys=0.00s Real=0.00s
[1025.270s][info][gc,start       ] GC(2854) Pause Young (Allocation Failure)
[1025.272s][info][gc,heap        ] GC(2854) PSYoungGen: 298048K(314368K)->64K(315392K) Eden: 297984K(297984K)->0K(302080K) From: 64K(16384K)->64K(13312K)
[1025.272s][info][gc,heap        ] GC(2854) ParOldGen: 278034K(278528K)->278042K(278528K)
[1025.272s][info][gc,metaspace   ] GC(2854) Metaspace: 35593K(36416K)->35593K(36416K) NonClass: 29320K(29952K)->29320K(29952K) Class: 6272K(6464K)->6272K(6464K)
[1025.272s][info][gc             ] GC(2854) Pause Young (Allocation Failure) 562M->271M(580M) 1.277ms
[1025.272s][info][gc,cpu         ] GC(2854) User=0.00s Sys=0.00s Real=0.00s
[1025.381s][info][gc,start       ] GC(2855) Pause Young (Allocation Failure)
[1025.382s][info][gc,heap        ] GC(2855) PSYoungGen: 302144K(315392K)->64K(316928K) Eden: 302080K(302080K)->0K(302080K) From: 64K(13312K)->64K(14848K)
[1025.382s][info][gc,heap        ] GC(2855) ParOldGen: 278042K(278528K)->278050K(278528K)
[1025.382s][info][gc,metaspace   ] GC(2855) Metaspace: 35593K(36416K)->35593K(36416K) NonClass: 29320K(29952K)->29320K(29952K) Class: 6272K(6464K)->6272K(6464K)
[1025.383s][info][gc             ] GC(2855) Pause Young (Allocation Failure) 566M->271M(581M) 1.225ms
[1025.383s][info][gc,cpu         ] GC(2855) User=0.00s Sys=0.00s Real=0.00s
[1025.605s][info][gc,start       ] GC(2856) Pause Young (Allocation Failure)
[1025.607s][info][gc,heap        ] GC(2856) PSYoungGen: 302144K(316928K)->64K(316416K) Eden: 302080K(302080K)->0K(305152K) From: 64K(14848K)->64K(11264K)
[1025.607s][info][gc,heap        ] GC(2856) ParOldGen: 278050K(278528K)->278058K(278528K)
[1025.607s][info][gc,metaspace   ] GC(2856) Metaspace: 35593K(36416K)->35593K(36416K) NonClass: 29320K(29952K)->29320K(29952K) Class: 6272K(6464K)->6272K(6464K)
[1025.607s][info][gc             ] GC(2856) Pause Young (Allocation Failure) 566M->271M(581M) 1.232ms
[1025.607s][info][gc,cpu         ] GC(2856) User=0.01s Sys=0.00s Real=0.01s
[1026.515s][info][gc,start       ] GC(2857) Pause Young (Allocation Failure)
[1026.517s][info][gc,heap        ] GC(2857) PSYoungGen: 305216K(316416K)->83K(293376K) Eden: 305152K(305152K)->0K(292864K) From: 64K(11264K)->83K(512K)
[1026.517s][info][gc,heap        ] GC(2857) ParOldGen: 278058K(278528K)->278066K(278528K)
[1026.517s][info][gc,metaspace   ] GC(2857) Metaspace: 35593K(36416K)->35593K(36416K) NonClass: 29320K(29952K)->29320K(29952K) Class: 6272K(6464K)->6272K(6464K)
[1026.517s][info][gc             ] GC(2857) Pause Young (Allocation Failure) 569M->271M(558M) 2.666ms
[1026.518s][info][gc,cpu         ] GC(2857) User=0.00s Sys=0.00s Real=0.01s
[1027.451s][info][gc,start       ] GC(2858) Pause Young (Allocation Failure)
[1027.453s][info][gc,heap        ] GC(2858) PSYoungGen: 292947K(293376K)->64K(282112K) Eden: 292864K(292864K)->0K(281600K) From: 83K(512K)->64K(512K)
[1027.453s][info][gc,heap        ] GC(2858) ParOldGen: 278066K(278528K)->278082K(278528K)
[1027.453s][info][gc,metaspace   ] GC(2858) Metaspace: 35593K(36416K)->35593K(36416K) NonClass: 29320K(29952K)->29320K(29952K) Class: 6272K(6464K)->6272K(6464K)
[1027.453s][info][gc             ] GC(2858) Pause Young (Allocation Failure) 557M->271M(547M) 2.246ms
[1027.453s][info][gc,cpu         ] GC(2858) User=0.00s Sys=0.00s Real=0.00s
[1027.837s][info][gc,start       ] GC(2859) Pause Young (Allocation Failure)
[1027.838s][info][gc,heap        ] GC(2859) PSYoungGen: 281664K(282112K)->64K(282112K) Eden: 281600K(281600K)->0K(270848K) From: 64K(512K)->64K(11264K)
[1027.838s][info][gc,heap        ] GC(2859) ParOldGen: 278082K(278528K)->278098K(278528K)
[1027.838s][info][gc,metaspace   ] GC(2859) Metaspace: 35593K(36416K)->35593K(36416K) NonClass: 29320K(29952K)->29320K(29952K) Class: 6272K(6464K)->6272K(6464K)
[1027.838s][info][gc             ] GC(2859) Pause Young (Allocation Failure) 546M->271M(547M) 1.494ms
[1027.838s][info][gc,cpu         ] GC(2859) User=0.01s Sys=0.00s Real=0.00s
[1028.191s][info][gc,start       ] GC(2860) Pause Young (Allocation Failure)
[1028.193s][info][gc,heap        ] GC(2860) PSYoungGen: 270912K(282112K)->32K(261120K) Eden: 270848K(270848K)->0K(260608K) From: 64K(11264K)->32K(512K)
[1028.193s][info][gc,heap        ] GC(2860) ParOldGen: 278098K(278528K)->278114K(278528K)
[1028.193s][info][gc,metaspace   ] GC(2860) Metaspace: 35593K(36416K)->35593K(36416K) NonClass: 29320K(29952K)->29320K(29952K) Class: 6272K(6464K)->6272K(6464K)
[1028.193s][info][gc             ] GC(2860) Pause Young (Allocation Failure) 536M->271M(527M) 1.975ms
[1028.193s][info][gc,cpu         ] GC(2860) User=0.00s Sys=0.00s Real=0.00s
[1029.161s][info][gc,start       ] GC(2861) Pause Young (Allocation Failure)
[1029.162s][info][gc,heap        ] GC(2861) PSYoungGen: 260640K(261120K)->64K(260608K) Eden: 260608K(260608K)->0K(250880K) From: 32K(512K)->64K(9728K)
[1029.162s][info][gc,heap        ] GC(2861) ParOldGen: 278114K(278528K)->278130K(278528K)
[1029.162s][info][gc,metaspace   ] GC(2861) Metaspace: 35593K(36416K)->35593K(36416K) NonClass: 29320K(29952K)->29320K(29952K) Class: 6272K(6464K)->6272K(6464K)
[1029.162s][info][gc             ] GC(2861) Pause Young (Allocation Failure) 526M->271M(526M) 1.520ms
[1029.162s][info][gc,cpu         ] GC(2861) User=0.01s Sys=0.00s Real=0.00s
[1029.532s][info][gc,start       ] GC(2862) Pause Young (Allocation Failure)
[1029.534s][info][gc,heap        ] GC(2862) PSYoungGen: 250944K(260608K)->64K(241664K) Eden: 250880K(250880K)->0K(241152K) From: 64K(9728K)->64K(512K)
[1029.535s][info][gc,heap        ] GC(2862) ParOldGen: 278130K(278528K)->278146K(278528K)
[1029.535s][info][gc,metaspace   ] GC(2862) Metaspace: 35593K(36416K)->35593K(36416K) NonClass: 29320K(29952K)->29320K(29952K) Class: 6272K(6464K)->6272K(6464K)
[1029.535s][info][gc             ] GC(2862) Pause Young (Allocation Failure) 516M->271M(508M) 2.127ms
[1029.535s][info][gc,cpu         ] GC(2862) User=0.01s Sys=0.00s Real=0.00s
[1029.628s][info][gc,start       ] GC(2863) Pause Young (Allocation Failure)
[1029.630s][info][gc,heap        ] GC(2863) PSYoungGen: 241216K(241664K)->32K(240640K) Eden: 241152K(241152K)->0K(231936K) From: 64K(512K)->32K(8704K)
[1029.630s][info][gc,heap        ] GC(2863) ParOldGen: 278146K(278528K)->278162K(278528K)
[1029.630s][info][gc,metaspace   ] GC(2863) Metaspace: 35593K(36416K)->35593K(36416K) NonClass: 29320K(29952K)->29320K(29952K) Class: 6272K(6464K)->6272K(6464K)
[1029.630s][info][gc             ] GC(2863) Pause Young (Allocation Failure) 507M->271M(507M) 2.029ms
[1029.630s][info][gc,cpu         ] GC(2863) User=0.00s Sys=0.00s Real=0.00s
[1030.025s][info][gc,start       ] GC(2864) Pause Young (Allocation Failure)
[1030.027s][info][gc,heap        ] GC(2864) PSYoungGen: 231968K(240640K)->32K(223744K) Eden: 231936K(231936K)->0K(223232K) From: 32K(8704K)->32K(512K)
[1030.027s][info][gc,heap        ] GC(2864) ParOldGen: 278162K(278528K)->278170K(278528K)
[1030.027s][info][gc,metaspace   ] GC(2864) Metaspace: 35593K(36416K)->35593K(36416K) NonClass: 29320K(29952K)->29320K(29952K) Class: 6272K(6464K)->6272K(6464K)
[1030.027s][info][gc             ] GC(2864) Pause Young (Allocation Failure) 498M->271M(490M) 2.551ms
[1030.027s][info][gc,cpu         ] GC(2864) User=0.00s Sys=0.00s Real=0.01s
[1030.367s][info][gc,start       ] GC(2865) Pause Young (Allocation Failure)
[1030.368s][info][gc,heap        ] GC(2865) PSYoungGen: 223264K(223744K)->32K(222208K) Eden: 223232K(223232K)->0K(215040K) From: 32K(512K)->32K(7168K)
[1030.368s][info][gc,heap        ] GC(2865) ParOldGen: 278170K(278528K)->278186K(278528K)
[1030.368s][info][gc,metaspace   ] GC(2865) Metaspace: 35593K(36416K)->35593K(36416K) NonClass: 29320K(29952K)->29320K(29952K) Class: 6272K(6464K)->6272K(6464K)
[1030.368s][info][gc             ] GC(2865) Pause Young (Allocation Failure) 489M->271M(489M) 1.705ms
[1030.368s][info][gc,cpu         ] GC(2865) User=0.00s Sys=0.00s Real=0.00s
[1030.740s][info][gc,start       ] GC(2866) Pause Young (Allocation Failure)
[1030.747s][info][gc,heap        ] GC(2866) PSYoungGen: 215072K(222208K)->2944K(256512K) Eden: 215040K(215040K)->0K(253440K) From: 32K(7168K)->2944K(3072K)
[1030.747s][info][gc,heap        ] GC(2866) ParOldGen: 278186K(278528K)->278202K(278528K)
[1030.747s][info][gc,metaspace   ] GC(2866) Metaspace: 35593K(36416K)->35593K(36416K) NonClass: 29320K(29952K)->29320K(29952K) Class: 6272K(6464K)->6272K(6464K)
[1030.747s][info][gc             ] GC(2866) Pause Young (Allocation Failure) 481M->274M(522M) 7.807ms
[1030.747s][info][gc,cpu         ] GC(2866) User=0.01s Sys=0.01s Real=0.01s
[1031.036s][info][gc,start       ] GC(2867) Pause Young (Allocation Failure)
[1031.104s][info][gc,heap        ] GC(2867) PSYoungGen: 256384K(256512K)->7168K(272384K) Eden: 253440K(253440K)->0K(265216K) From: 2944K(3072K)->7168K(7168K)
[1031.104s][info][gc,heap        ] GC(2867) ParOldGen: 278202K(278528K)->298066K(298496K)
[1031.104s][info][gc,metaspace   ] GC(2867) Metaspace: 35593K(36416K)->35593K(36416K) NonClass: 29320K(29952K)->29320K(29952K) Class: 6272K(6464K)->6272K(6464K)
[1031.104s][info][gc             ] GC(2867) Pause Young (Allocation Failure) 522M->298M(557M) 68.673ms
[1031.104s][info][gc,cpu         ] GC(2867) User=0.11s Sys=0.01s Real=0.07s
[1031.406s][info][gc,start       ] GC(2868) Pause Young (Allocation Failure)
[1031.484s][info][gc,heap        ] GC(2868) PSYoungGen: 272384K(272384K)->16384K(301056K) Eden: 265216K(265216K)->0K(284672K) From: 7168K(7168K)->16384K(16384K)
[1031.485s][info][gc,heap        ] GC(2868) ParOldGen: 298066K(298496K)->310690K(310784K)
[1031.485s][info][gc,metaspace   ] GC(2868) Metaspace: 35593K(36416K)->35593K(36416K) NonClass: 29320K(29952K)->29320K(29952K) Class: 6272K(6464K)->6272K(6464K)
[1031.485s][info][gc             ] GC(2868) Pause Young (Allocation Failure) 557M->319M(597M) 78.658ms
[1031.485s][info][gc,cpu         ] GC(2868) User=0.13s Sys=0.02s Real=0.07s
[1031.654s][info][gc,start       ] GC(2869) Pause Young (Allocation Failure)
[1031.680s][info][gc,heap        ] GC(2869) PSYoungGen: 301056K(301056K)->10784K(309248K) Eden: 284672K(284672K)->0K(284672K) From: 16384K(16384K)->10784K(24576K)
[1031.680s][info][gc,heap        ] GC(2869) ParOldGen: 310690K(310784K)->311138K(311296K)
[1031.680s][info][gc,metaspace   ] GC(2869) Metaspace: 35593K(36416K)->35593K(36416K) NonClass: 29320K(29952K)->29320K(29952K) Class: 6272K(6464K)->6272K(6464K)
[1031.680s][info][gc             ] GC(2869) Pause Young (Allocation Failure) 597M->314M(606M) 26.129ms
[1031.681s][info][gc,cpu         ] GC(2869) User=0.05s Sys=0.00s Real=0.03s
[1032.149s][info][gc,start       ] GC(2870) Pause Young (Allocation Failure)
[1032.150s][info][gc,heap        ] GC(2870) PSYoungGen: 295456K(309248K)->64K(307712K) Eden: 284672K(284672K)->0K(285184K) From: 10784K(24576K)->64K(22528K)
[1032.150s][info][gc,heap        ] GC(2870) ParOldGen: 311138K(311296K)->311146K(311296K)
[1032.150s][info][gc,metaspace   ] GC(2870) Metaspace: 35593K(36416K)->35593K(36416K) NonClass: 29320K(29952K)->29320K(29952K) Class: 6272K(6464K)->6272K(6464K)
[1032.150s][info][gc             ] GC(2870) Pause Young (Allocation Failure) 592M->303M(604M) 1.484ms
[1032.150s][info][gc,cpu         ] GC(2870) User=0.00s Sys=0.00s Real=0.00s
[1032.722s][info][gc,start       ] GC(2871) Pause Young (Allocation Failure)
[1032.724s][info][gc,heap        ] GC(2871) PSYoungGen: 285248K(307712K)->64K(308736K) Eden: 285184K(285184K)->0K(285184K) From: 64K(22528K)->64K(23552K)
[1032.724s][info][gc,heap        ] GC(2871) ParOldGen: 311146K(311296K)->311154K(311296K)
[1032.724s][info][gc,metaspace   ] GC(2871) Metaspace: 35593K(36416K)->35593K(36416K) NonClass: 29320K(29952K)->29320K(29952K) Class: 6272K(6464K)->6272K(6464K)
[1032.724s][info][gc             ] GC(2871) Pause Young (Allocation Failure) 582M->303M(605M) 1.367ms
[1032.724s][info][gc,cpu         ] GC(2871) User=0.00s Sys=0.00s Real=0.00s
[1033.145s][info][gc,start       ] GC(2872) Pause Young (Allocation Failure)
[1033.147s][info][gc,heap        ] GC(2872) PSYoungGen: 285248K(308736K)->64K(307712K) Eden: 285184K(285184K)->0K(287232K) From: 64K(23552K)->64K(20480K)
[1033.147s][info][gc,heap        ] GC(2872) ParOldGen: 311154K(311296K)->311170K(311296K)
[1033.147s][info][gc,metaspace   ] GC(2872) Metaspace: 35593K(36416K)->35593K(36416K) NonClass: 29320K(29952K)->29320K(29952K) Class: 6272K(6464K)->6272K(6464K)
[1033.147s][info][gc             ] GC(2872) Pause Young (Allocation Failure) 582M->303M(604M) 1.435ms
[1033.147s][info][gc,cpu         ] GC(2872) User=0.00s Sys=0.00s Real=0.01s
[1033.373s][info][gc,start       ] GC(2873) Pause Young (Allocation Failure)
[1033.374s][info][gc,heap        ] GC(2873) PSYoungGen: 287296K(307712K)->64K(309248K) Eden: 287232K(287232K)->0K(287232K) From: 64K(20480K)->64K(22016K)
[1033.374s][info][gc,heap        ] GC(2873) ParOldGen: 311170K(311296K)->311186K(311296K)
[1033.374s][info][gc,metaspace   ] GC(2873) Metaspace: 35593K(36416K)->35593K(36416K) NonClass: 29320K(29952K)->29320K(29952K) Class: 6272K(6464K)->6272K(6464K)
[1033.374s][info][gc             ] GC(2873) Pause Young (Allocation Failure) 584M->303M(606M) 1.370ms
[1033.374s][info][gc,cpu         ] GC(2873) User=0.00s Sys=0.00s Real=0.00s
[1033.600s][info][gc,start       ] GC(2874) Pause Young (Allocation Failure)
[1033.601s][info][gc,heap        ] GC(2874) PSYoungGen: 287296K(309248K)->64K(309248K) Eden: 287232K(287232K)->0K(290816K) From: 64K(22016K)->64K(18432K)
[1033.601s][info][gc,heap        ] GC(2874) ParOldGen: 311186K(311296K)->311186K(311296K)
[1033.601s][info][gc,metaspace   ] GC(2874) Metaspace: 35593K(36416K)->35593K(36416K) NonClass: 29320K(29952K)->29320K(29952K) Class: 6272K(6464K)->6272K(6464K)
[1033.601s][info][gc             ] GC(2874) Pause Young (Allocation Failure) 584M->303M(606M) 1.405ms
[1033.601s][info][gc,cpu         ] GC(2874) User=0.00s Sys=0.00s Real=0.00s
[1033.961s][info][gc,start       ] GC(2875) Pause Young (Allocation Failure)
[1033.962s][info][gc,heap        ] GC(2875) PSYoungGen: 290880K(309248K)->64K(310784K) Eden: 290816K(290816K)->0K(290816K) From: 64K(18432K)->64K(19968K)
[1033.962s][info][gc,heap        ] GC(2875) ParOldGen: 311186K(311296K)->311186K(311296K)
[1033.962s][info][gc,metaspace   ] GC(2875) Metaspace: 35593K(36416K)->35593K(36416K) NonClass: 29320K(29952K)->29320K(29952K) Class: 6272K(6464K)->6272K(6464K)
[1033.962s][info][gc             ] GC(2875) Pause Young (Allocation Failure) 587M->303M(607M) 1.328ms
[1033.963s][info][gc,cpu         ] GC(2875) User=0.00s Sys=0.00s Real=0.00s
[1034.052s][info][gc,start       ] GC(2876) Pause Young (Allocation Failure)
[1034.054s][info][gc,heap        ] GC(2876) PSYoungGen: 290880K(310784K)->64K(311296K) Eden: 290816K(290816K)->0K(294400K) From: 64K(19968K)->64K(16896K)
[1034.054s][info][gc,heap        ] GC(2876) ParOldGen: 311186K(311296K)->311194K(311296K)
[1034.054s][info][gc,metaspace   ] GC(2876) Metaspace: 35593K(36416K)->35593K(36416K) NonClass: 29320K(29952K)->29320K(29952K) Class: 6272K(6464K)->6272K(6464K)
[1034.054s][info][gc             ] GC(2876) Pause Young (Allocation Failure) 587M->303M(608M) 1.307ms
[1034.054s][info][gc,cpu         ] GC(2876) User=0.01s Sys=0.00s Real=0.00s
[1034.106s][info][gc,start       ] GC(2877) Pause Young (Allocation Failure)
[1034.108s][info][gc,heap        ] GC(2877) PSYoungGen: 294464K(311296K)->64K(312832K) Eden: 294400K(294400K)->0K(294400K) From: 64K(16896K)->64K(18432K)
[1034.108s][info][gc,heap        ] GC(2877) ParOldGen: 311194K(311296K)->311210K(311296K)
[1034.108s][info][gc,metaspace   ] GC(2877) Metaspace: 35593K(36416K)->35593K(36416K) NonClass: 29320K(29952K)->29320K(29952K) Class: 6272K(6464K)->6272K(6464K)
[1034.108s][info][gc             ] GC(2877) Pause Young (Allocation Failure) 591M->303M(609M) 1.273ms
[1034.108s][info][gc,cpu         ] GC(2877) User=0.00s Sys=0.00s Real=0.00s
[1034.253s][info][gc,start       ] GC(2878) Pause Young (Allocation Failure)
[1034.254s][info][gc,heap        ] GC(2878) PSYoungGen: 294464K(312832K)->64K(312832K) Eden: 294400K(294400K)->0K(297984K) From: 64K(18432K)->64K(14848K)
[1034.254s][info][gc,heap        ] GC(2878) ParOldGen: 311210K(311296K)->311210K(311296K)
[1034.254s][info][gc,metaspace   ] GC(2878) Metaspace: 35593K(36416K)->35593K(36416K) NonClass: 29320K(29952K)->29320K(29952K) Class: 6272K(6464K)->6272K(6464K)
[1034.254s][info][gc             ] GC(2878) Pause Young (Allocation Failure) 591M->303M(609M) 1.333ms
[1034.254s][info][gc,cpu         ] GC(2878) User=0.01s Sys=0.00s Real=0.00s
[1034.471s][info][gc,start       ] GC(2879) Pause Young (Allocation Failure)
[1034.472s][info][gc,heap        ] GC(2879) PSYoungGen: 298048K(312832K)->64K(314368K) Eden: 297984K(297984K)->0K(297984K) From: 64K(14848K)->64K(16384K)
[1034.472s][info][gc,heap        ] GC(2879) ParOldGen: 311210K(311296K)->311218K(311296K)
[1034.472s][info][gc,metaspace   ] GC(2879) Metaspace: 35593K(36416K)->35593K(36416K) NonClass: 29320K(29952K)->29320K(29952K) Class: 6272K(6464K)->6272K(6464K)
[1034.472s][info][gc             ] GC(2879) Pause Young (Allocation Failure) 594M->303M(611M) 1.300ms
[1034.472s][info][gc,cpu         ] GC(2879) User=0.00s Sys=0.00s Real=0.00s
[1034.621s][info][gc,start       ] GC(2880) Pause Young (Allocation Failure)
[1034.623s][info][gc,heap        ] GC(2880) PSYoungGen: 298048K(314368K)->64K(314880K) Eden: 297984K(297984K)->0K(302080K) From: 64K(16384K)->64K(12800K)
[1034.623s][info][gc,heap        ] GC(2880) ParOldGen: 311218K(311296K)->311226K(311296K)
[1034.623s][info][gc,metaspace   ] GC(2880) Metaspace: 35593K(36416K)->35593K(36416K) NonClass: 29320K(29952K)->29320K(29952K) Class: 6272K(6464K)->6272K(6464K)
[1034.623s][info][gc             ] GC(2880) Pause Young (Allocation Failure) 594M->303M(611M) 1.356ms
[1034.623s][info][gc,cpu         ] GC(2880) User=0.00s Sys=0.00s Real=0.00s
[1034.707s][info][gc,start       ] GC(2881) Pause Young (Allocation Failure)
[1034.708s][info][gc,heap        ] GC(2881) PSYoungGen: 302144K(314880K)->64K(316416K) Eden: 302080K(302080K)->0K(302080K) From: 64K(12800K)->64K(14336K)
[1034.708s][info][gc,heap        ] GC(2881) ParOldGen: 311226K(311296K)->311242K(311296K)
[1034.708s][info][gc,metaspace   ] GC(2881) Metaspace: 35593K(36416K)->35593K(36416K) NonClass: 29320K(29952K)->29320K(29952K) Class: 6272K(6464K)->6272K(6464K)
[1034.708s][info][gc             ] GC(2881) Pause Young (Allocation Failure) 598M->304M(613M) 1.359ms
[1034.708s][info][gc,cpu         ] GC(2881) User=0.01s Sys=0.00s Real=0.00s
[1034.878s][info][gc,start       ] GC(2882) Pause Young (Allocation Failure)
[1034.879s][info][gc,heap        ] GC(2882) PSYoungGen: 302144K(316416K)->64K(316928K) Eden: 302080K(302080K)->0K(305664K) From: 64K(14336K)->64K(11264K)
[1034.879s][info][gc,heap        ] GC(2882) ParOldGen: 311242K(311296K)->311242K(311296K)
[1034.879s][info][gc,metaspace   ] GC(2882) Metaspace: 35593K(36416K)->35593K(36416K) NonClass: 29320K(29952K)->29320K(29952K) Class: 6272K(6464K)->6272K(6464K)
[1034.879s][info][gc             ] GC(2882) Pause Young (Allocation Failure) 599M->304M(613M) 1.319ms
[1034.879s][info][gc,cpu         ] GC(2882) User=0.01s Sys=0.00s Real=0.00s
[1035.874s][info][gc,start       ] GC(2883) Pause Young (Allocation Failure)
[1035.876s][info][gc,heap        ] GC(2883) PSYoungGen: 305728K(316928K)->83K(293888K) Eden: 305664K(305664K)->0K(293376K) From: 64K(11264K)->83K(512K)
[1035.876s][info][gc,heap        ] GC(2883) ParOldGen: 311242K(311296K)->311250K(311296K)
[1035.876s][info][gc,metaspace   ] GC(2883) Metaspace: 35593K(36416K)->35593K(36416K) NonClass: 29320K(29952K)->29320K(29952K) Class: 6272K(6464K)->6272K(6464K)
[1035.876s][info][gc             ] GC(2883) Pause Young (Allocation Failure) 602M->304M(591M) 2.070ms
[1035.876s][info][gc,cpu         ] GC(2883) User=0.01s Sys=0.00s Real=0.01s
[1036.777s][info][gc,start       ] GC(2884) Pause Young (Allocation Failure)
[1036.778s][info][gc,heap        ] GC(2884) PSYoungGen: 293459K(293888K)->64K(282112K) Eden: 293376K(293376K)->0K(281600K) From: 83K(512K)->64K(512K)
[1036.778s][info][gc,heap        ] GC(2884) ParOldGen: 311250K(311296K)->311258K(311296K)
[1036.778s][info][gc,metaspace   ] GC(2884) Metaspace: 35593K(36416K)->35593K(36416K) NonClass: 29320K(29952K)->29320K(29952K) Class: 6272K(6464K)->6272K(6464K)
[1036.778s][info][gc             ] GC(2884) Pause Young (Allocation Failure) 590M->304M(579M) 1.573ms
[1036.778s][info][gc,cpu         ] GC(2884) User=0.00s Sys=0.00s Real=0.00s
[1037.040s][info][gc,start       ] GC(2885) Pause Young (Allocation Failure)
[1037.041s][info][gc,heap        ] GC(2885) PSYoungGen: 281664K(282112K)->64K(282112K) Eden: 281600K(281600K)->0K(270848K) From: 64K(512K)->64K(11264K)
[1037.041s][info][gc,heap        ] GC(2885) ParOldGen: 311258K(311296K)->311266K(311296K)
[1037.042s][info][gc,metaspace   ] GC(2885) Metaspace: 35593K(36416K)->35593K(36416K) NonClass: 29320K(29952K)->29320K(29952K) Class: 6272K(6464K)->6272K(6464K)
[1037.042s][info][gc             ] GC(2885) Pause Young (Allocation Failure) 579M->304M(579M) 1.270ms
[1037.042s][info][gc,cpu         ] GC(2885) User=0.01s Sys=0.00s Real=0.00s
[1037.471s][info][gc,start       ] GC(2886) Pause Young (Allocation Failure)
[1037.473s][info][gc,heap        ] GC(2886) PSYoungGen: 270912K(282112K)->64K(261120K) Eden: 270848K(270848K)->0K(260608K) From: 64K(11264K)->64K(512K)
[1037.473s][info][gc,heap        ] GC(2886) ParOldGen: 311266K(311296K)->311274K(311296K)
[1037.473s][info][gc,metaspace   ] GC(2886) Metaspace: 35593K(36416K)->35593K(36416K) NonClass: 29320K(29952K)->29320K(29952K) Class: 6272K(6464K)->6272K(6464K)
[1037.473s][info][gc             ] GC(2886) Pause Young (Allocation Failure) 568M->304M(559M) 2.057ms
[1037.473s][info][gc,cpu         ] GC(2886) User=0.01s Sys=0.00s Real=0.00s
[1038.430s][info][gc,start       ] GC(2887) Pause Young (Allocation Failure)
[1038.431s][info][gc,heap        ] GC(2887) PSYoungGen: 260672K(261120K)->64K(260608K) Eden: 260608K(260608K)->0K(250880K) From: 64K(512K)->64K(9728K)
[1038.431s][info][gc,heap        ] GC(2887) ParOldGen: 311274K(311296K)->311282K(311296K)
[1038.431s][info][gc,metaspace   ] GC(2887) Metaspace: 35593K(36416K)->35593K(36416K) NonClass: 29320K(29952K)->29320K(29952K) Class: 6272K(6464K)->6272K(6464K)
[1038.431s][info][gc             ] GC(2887) Pause Young (Allocation Failure) 558M->304M(558M) 1.299ms
[1038.431s][info][gc,cpu         ] GC(2887) User=0.00s Sys=0.00s Real=0.00s
[1038.812s][info][gc,start       ] GC(2888) Pause Young (Allocation Failure)
[1038.814s][info][gc,heap        ] GC(2888) PSYoungGen: 250944K(260608K)->64K(241664K) Eden: 250880K(250880K)->0K(241152K) From: 64K(9728K)->64K(512K)
[1038.814s][info][gc,heap        ] GC(2888) ParOldGen: 311282K(311296K)->311290K(311296K)
[1038.814s][info][gc,metaspace   ] GC(2888) Metaspace: 35593K(36416K)->35593K(36416K) NonClass: 29320K(29952K)->29320K(29952K) Class: 6272K(6464K)->6272K(6464K)
[1038.814s][info][gc             ] GC(2888) Pause Young (Allocation Failure) 549M->304M(540M) 2.117ms
[1038.814s][info][gc,cpu         ] GC(2888) User=0.00s Sys=0.00s Real=0.00s
[1038.971s][info][gc,start       ] GC(2889) Pause Young (Allocation Failure)
[1038.972s][info][gc,heap        ] GC(2889) PSYoungGen: 241216K(241664K)->64K(240640K) Eden: 241152K(241152K)->0K(231936K) From: 64K(512K)->64K(8704K)
[1038.972s][info][gc,heap        ] GC(2889) ParOldGen: 311290K(311296K)->311306K(311808K)
[1038.972s][info][gc,metaspace   ] GC(2889) Metaspace: 35593K(36416K)->35593K(36416K) NonClass: 29320K(29952K)->29320K(29952K) Class: 6272K(6464K)->6272K(6464K)
[1038.972s][info][gc             ] GC(2889) Pause Young (Allocation Failure) 539M->304M(539M) 1.320ms
[1038.972s][info][gc,cpu         ] GC(2889) User=0.00s Sys=0.00s Real=0.00s
[1039.151s][info][gc,start       ] GC(2890) Pause Young (Allocation Failure)
[1039.153s][info][gc,heap        ] GC(2890) PSYoungGen: 232000K(240640K)->64K(223744K) Eden: 231936K(231936K)->0K(223232K) From: 64K(8704K)->64K(512K)
[1039.153s][info][gc,heap        ] GC(2890) ParOldGen: 311306K(311808K)->311314K(311808K)
[1039.153s][info][gc,metaspace   ] GC(2890) Metaspace: 35593K(36416K)->35593K(36416K) NonClass: 29320K(29952K)->29320K(29952K) Class: 6272K(6464K)->6272K(6464K)
[1039.153s][info][gc             ] GC(2890) Pause Young (Allocation Failure) 530M->304M(523M) 1.946ms
[1039.153s][info][gc,cpu         ] GC(2890) User=0.00s Sys=0.00s Real=0.00s
[1039.697s][info][gc,start       ] GC(2891) Pause Young (Allocation Failure)
[1039.698s][info][gc,heap        ] GC(2891) PSYoungGen: 223296K(223744K)->64K(222208K) Eden: 223232K(223232K)->0K(215040K) From: 64K(512K)->64K(7168K)
[1039.698s][info][gc,heap        ] GC(2891) ParOldGen: 311314K(311808K)->311322K(311808K)
[1039.698s][info][gc,metaspace   ] GC(2891) Metaspace: 35593K(36416K)->35593K(36416K) NonClass: 29320K(29952K)->29320K(29952K) Class: 6272K(6464K)->6272K(6464K)
[1039.698s][info][gc             ] GC(2891) Pause Young (Allocation Failure) 522M->304M(521M) 1.319ms
[1039.698s][info][gc,cpu         ] GC(2891) User=0.00s Sys=0.00s Real=0.00s
[1039.939s][info][gc,start       ] GC(2892) Pause Young (Allocation Failure)
[1039.941s][info][gc,heap        ] GC(2892) PSYoungGen: 215104K(222208K)->64K(207872K) Eden: 215040K(215040K)->0K(207360K) From: 64K(7168K)->64K(512K)
[1039.941s][info][gc,heap        ] GC(2892) ParOldGen: 311322K(311808K)->311330K(311808K)
[1039.941s][info][gc,metaspace   ] GC(2892) Metaspace: 35593K(36416K)->35593K(36416K) NonClass: 29320K(29952K)->29320K(29952K) Class: 6272K(6464K)->6272K(6464K)
[1039.941s][info][gc             ] GC(2892) Pause Young (Allocation Failure) 514M->304M(507M) 1.873ms
[1039.941s][info][gc,cpu         ] GC(2892) User=0.00s Sys=0.01s Real=0.00s
[1040.234s][info][gc,start       ] GC(2893) Pause Young (Allocation Failure)
[1040.265s][info][gc,heap        ] GC(2893) PSYoungGen: 207424K(207872K)->6144K(253440K) Eden: 207360K(207360K)->0K(247296K) From: 64K(512K)->6144K(6144K)
[1040.265s][info][gc,heap        ] GC(2893) ParOldGen: 311330K(311808K)->320946K(321024K)
[1040.265s][info][gc,metaspace   ] GC(2893) Metaspace: 35593K(36416K)->35593K(36416K) NonClass: 29320K(29952K)->29320K(29952K) Class: 6272K(6464K)->6272K(6464K)
[1040.265s][info][gc             ] GC(2893) Pause Young (Allocation Failure) 506M->319M(561M) 30.646ms
[1040.265s][info][gc,cpu         ] GC(2893) User=0.05s Sys=0.00s Real=0.03s
[1040.544s][info][gc,start       ] GC(2894) Pause Young (Allocation Failure)
[1040.601s][info][gc,heap        ] GC(2894) PSYoungGen: 253440K(253440K)->6144K(257024K) Eden: 247296K(247296K)->0K(250880K) From: 6144K(6144K)->6144K(6144K)
[1040.601s][info][gc,heap        ] GC(2894) ParOldGen: 320946K(321024K)->341546K(342016K)
[1040.601s][info][gc,metaspace   ] GC(2894) Metaspace: 35593K(36416K)->35593K(36416K) NonClass: 29320K(29952K)->29320K(29952K) Class: 6272K(6464K)->6272K(6464K)
[1040.601s][info][gc             ] GC(2894) Pause Young (Allocation Failure) 560M->339M(585M) 57.229ms
[1040.601s][info][gc,cpu         ] GC(2894) User=0.09s Sys=0.02s Real=0.06s
[1040.890s][info][gc,start       ] GC(2895) Pause Young (Allocation Failure)
[1040.941s][info][gc,heap        ] GC(2895) PSYoungGen: 257024K(257024K)->19456K(270336K) Eden: 250880K(250880K)->0K(250880K) From: 6144K(6144K)->19456K(19456K)
[1040.941s][info][gc,heap        ] GC(2895) ParOldGen: 341546K(342016K)->349578K(349696K)
[1040.941s][info][gc,metaspace   ] GC(2895) Metaspace: 35593K(36416K)->35593K(36416K) NonClass: 29320K(29952K)->29320K(29952K) Class: 6272K(6464K)->6272K(6464K)
[1040.941s][info][gc             ] GC(2895) Pause Young (Allocation Failure) 584M->360M(605M) 51.219ms
[1040.941s][info][gc,cpu         ] GC(2895) User=0.10s Sys=0.00s Real=0.05s
[1041.024s][info][gc,start       ] GC(2896) Pause Young (Allocation Failure)
[1041.028s][info][gc,heap        ] GC(2896) PSYoungGen: 270336K(270336K)->128K(308224K) Eden: 250880K(250880K)->0K(281600K) From: 19456K(19456K)->128K(26624K)
[1041.028s][info][gc,heap        ] GC(2896) ParOldGen: 349578K(349696K)->349858K(350208K)
[1041.028s][info][gc,metaspace   ] GC(2896) Metaspace: 35593K(36416K)->35593K(36416K) NonClass: 29320K(29952K)->29320K(29952K) Class: 6272K(6464K)->6272K(6464K)
[1041.028s][info][gc             ] GC(2896) Pause Young (Allocation Failure) 605M->341M(643M) 3.717ms
[1041.028s][info][gc,cpu         ] GC(2896) User=0.01s Sys=0.00s Real=0.01s
[1041.626s][info][gc,start       ] GC(2897) Pause Young (Allocation Failure)
[1041.627s][info][gc,heap        ] GC(2897) PSYoungGen: 281728K(308224K)->64K(282112K) Eden: 281600K(281600K)->0K(281600K) From: 128K(26624K)->64K(512K)
[1041.627s][info][gc,heap        ] GC(2897) ParOldGen: 349858K(350208K)->349866K(350208K)
[1041.627s][info][gc,metaspace   ] GC(2897) Metaspace: 35593K(36416K)->35593K(36416K) NonClass: 29320K(29952K)->29320K(29952K) Class: 6272K(6464K)->6272K(6464K)
[1041.627s][info][gc             ] GC(2897) Pause Young (Allocation Failure) 616M->341M(617M) 1.410ms
[1041.627s][info][gc,cpu         ] GC(2897) User=0.00s Sys=0.00s Real=0.00s
[1042.075s][info][gc,start       ] GC(2898) Pause Young (Allocation Failure)
[1042.077s][info][gc,heap        ] GC(2898) PSYoungGen: 281664K(282112K)->64K(307712K) Eden: 281600K(281600K)->0K(282624K) From: 64K(512K)->64K(25088K)
[1042.077s][info][gc,heap        ] GC(2898) ParOldGen: 349866K(350208K)->349874K(350208K)
[1042.077s][info][gc,metaspace   ] GC(2898) Metaspace: 35593K(36416K)->35593K(36416K) NonClass: 29320K(29952K)->29320K(29952K) Class: 6272K(6464K)->6272K(6464K)
[1042.077s][info][gc             ] GC(2898) Pause Young (Allocation Failure) 616M->341M(642M) 1.427ms
[1042.077s][info][gc,cpu         ] GC(2898) User=0.00s Sys=0.00s Real=0.01s
[1042.506s][info][gc,start       ] GC(2899) Pause Young (Allocation Failure)
[1042.508s][info][gc,heap        ] GC(2899) PSYoungGen: 282688K(307712K)->64K(306688K) Eden: 282624K(282624K)->0K(282624K) From: 64K(25088K)->64K(24064K)
[1042.508s][info][gc,heap        ] GC(2899) ParOldGen: 349874K(350208K)->349890K(350208K)
[1042.508s][info][gc,metaspace   ] GC(2899) Metaspace: 35593K(36416K)->35593K(36416K) NonClass: 29320K(29952K)->29320K(29952K) Class: 6272K(6464K)->6272K(6464K)
[1042.508s][info][gc             ] GC(2899) Pause Young (Allocation Failure) 617M->341M(641M) 1.440ms
[1042.508s][info][gc,cpu         ] GC(2899) User=0.00s Sys=0.00s Real=0.00s
[1042.730s][info][gc,start       ] GC(2900) Pause Young (Allocation Failure)
[1042.732s][info][gc,heap        ] GC(2900) PSYoungGen: 282688K(306688K)->64K(308736K) Eden: 282624K(282624K)->0K(285696K) From: 64K(24064K)->64K(23040K)
[1042.732s][info][gc,heap        ] GC(2900) ParOldGen: 349890K(350208K)->349906K(350208K)
[1042.732s][info][gc,metaspace   ] GC(2900) Metaspace: 35593K(36416K)->35593K(36416K) NonClass: 29320K(29952K)->29320K(29952K) Class: 6272K(6464K)->6272K(6464K)
[1042.732s][info][gc             ] GC(2900) Pause Young (Allocation Failure) 617M->341M(643M) 1.407ms
[1042.732s][info][gc,cpu         ] GC(2900) User=0.00s Sys=0.00s Real=0.00s
[1042.959s][info][gc,start       ] GC(2901) Pause Young (Allocation Failure)
[1042.961s][info][gc,heap        ] GC(2901) PSYoungGen: 285760K(308736K)->64K(307712K) Eden: 285696K(285696K)->0K(285696K) From: 64K(23040K)->64K(22016K)
[1042.961s][info][gc,heap        ] GC(2901) ParOldGen: 349906K(350208K)->349906K(350208K)
[1042.961s][info][gc,metaspace   ] GC(2901) Metaspace: 35593K(36416K)->35593K(36416K) NonClass: 29320K(29952K)->29320K(29952K) Class: 6272K(6464K)->6272K(6464K)
[1042.961s][info][gc             ] GC(2901) Pause Young (Allocation Failure) 620M->341M(642M) 1.406ms
[1042.961s][info][gc,cpu         ] GC(2901) User=0.00s Sys=0.00s Real=0.00s
[1043.326s][info][gc,start       ] GC(2902) Pause Young (Allocation Failure)
[1043.328s][info][gc,heap        ] GC(2902) PSYoungGen: 285760K(307712K)->64K(310784K) Eden: 285696K(285696K)->0K(289792K) From: 64K(22016K)->64K(20992K)
[1043.328s][info][gc,heap        ] GC(2902) ParOldGen: 349906K(350208K)->349906K(350208K)
[1043.328s][info][gc,metaspace   ] GC(2902) Metaspace: 35593K(36416K)->35593K(36416K) NonClass: 29320K(29952K)->29320K(29952K) Class: 6272K(6464K)->6272K(6464K)
[1043.328s][info][gc             ] GC(2902) Pause Young (Allocation Failure) 620M->341M(645M) 1.383ms
[1043.328s][info][gc,cpu         ] GC(2902) User=0.00s Sys=0.00s Real=0.00s
[1043.385s][info][gc,start       ] GC(2903) Pause Young (Allocation Failure)
[1043.386s][info][gc,heap        ] GC(2903) PSYoungGen: 289856K(310784K)->64K(309760K) Eden: 289792K(289792K)->0K(289792K) From: 64K(20992K)->64K(19968K)
[1043.386s][info][gc,heap        ] GC(2903) ParOldGen: 349906K(350208K)->349914K(350208K)
[1043.386s][info][gc,metaspace   ] GC(2903) Metaspace: 35593K(36416K)->35593K(36416K) NonClass: 29320K(29952K)->29320K(29952K) Class: 6272K(6464K)->6272K(6464K)
[1043.386s][info][gc             ] GC(2903) Pause Young (Allocation Failure) 624M->341M(644M) 1.384ms
[1043.386s][info][gc,cpu         ] GC(2903) User=0.00s Sys=0.00s Real=0.01s
[1043.439s][info][gc,start       ] GC(2904) Pause Young (Allocation Failure)
[1043.440s][info][gc,heap        ] GC(2904) PSYoungGen: 289856K(309760K)->64K(312320K) Eden: 289792K(289792K)->0K(294400K) From: 64K(19968K)->64K(17920K)
[1043.440s][info][gc,heap        ] GC(2904) ParOldGen: 349914K(350208K)->349930K(350208K)
[1043.440s][info][gc,metaspace   ] GC(2904) Metaspace: 35593K(36416K)->35593K(36416K) NonClass: 29320K(29952K)->29320K(29952K) Class: 6272K(6464K)->6272K(6464K)
[1043.440s][info][gc             ] GC(2904) Pause Young (Allocation Failure) 624M->341M(647M) 1.359ms
[1043.440s][info][gc,cpu         ] GC(2904) User=0.00s Sys=0.00s Real=0.00s
[1043.610s][info][gc,start       ] GC(2905) Pause Young (Allocation Failure)
[1043.611s][info][gc,heap        ] GC(2905) PSYoungGen: 294464K(312320K)->64K(311808K) Eden: 294400K(294400K)->0K(294400K) From: 64K(17920K)->64K(17408K)
[1043.611s][info][gc,heap        ] GC(2905) ParOldGen: 349930K(350208K)->349930K(350208K)
[1043.611s][info][gc,metaspace   ] GC(2905) Metaspace: 35593K(36416K)->35593K(36416K) NonClass: 29320K(29952K)->29320K(29952K) Class: 6272K(6464K)->6272K(6464K)
[1043.611s][info][gc             ] GC(2905) Pause Young (Allocation Failure) 629M->341M(646M) 1.388ms
[1043.611s][info][gc,cpu         ] GC(2905) User=0.00s Sys=0.00s Real=0.00s
[1043.822s][info][gc,start       ] GC(2906) Pause Young (Allocation Failure)
[1043.823s][info][gc,heap        ] GC(2906) PSYoungGen: 294464K(311808K)->64K(315392K) Eden: 294400K(294400K)->0K(299520K) From: 64K(17408K)->64K(15872K)
[1043.823s][info][gc,heap        ] GC(2906) ParOldGen: 349930K(350208K)->349938K(350208K)
[1043.823s][info][gc,metaspace   ] GC(2906) Metaspace: 35593K(36416K)->35593K(36416K) NonClass: 29320K(29952K)->29320K(29952K) Class: 6272K(6464K)->6272K(6464K)
[1043.823s][info][gc             ] GC(2906) Pause Young (Allocation Failure) 629M->341M(650M) 1.421ms
[1043.823s][info][gc,cpu         ] GC(2906) User=0.00s Sys=0.00s Real=0.00s
[1043.960s][info][gc,start       ] GC(2907) Pause Young (Allocation Failure)
[1043.962s][info][gc,heap        ] GC(2907) PSYoungGen: 299584K(315392K)->64K(315392K) Eden: 299520K(299520K)->0K(299520K) From: 64K(15872K)->64K(15872K)
[1043.962s][info][gc,heap        ] GC(2907) ParOldGen: 349938K(350208K)->349946K(350208K)
[1043.962s][info][gc,metaspace   ] GC(2907) Metaspace: 35593K(36416K)->35593K(36416K) NonClass: 29320K(29952K)->29320K(29952K) Class: 6272K(6464K)->6272K(6464K)
[1043.962s][info][gc             ] GC(2907) Pause Young (Allocation Failure) 634M->341M(650M) 1.420ms
[1043.962s][info][gc,cpu         ] GC(2907) User=0.01s Sys=0.00s Real=0.00s
[1044.049s][info][gc,start       ] GC(2908) Pause Young (Allocation Failure)
[1044.051s][info][gc,heap        ] GC(2908) PSYoungGen: 299584K(315392K)->64K(316928K) Eden: 299520K(299520K)->0K(303104K) From: 64K(15872K)->64K(13824K)
[1044.051s][info][gc,heap        ] GC(2908) ParOldGen: 349946K(350208K)->349954K(350208K)
[1044.051s][info][gc,metaspace   ] GC(2908) Metaspace: 35593K(36416K)->35593K(36416K) NonClass: 29320K(29952K)->29320K(29952K) Class: 6272K(6464K)->6272K(6464K)
[1044.051s][info][gc             ] GC(2908) Pause Young (Allocation Failure) 634M->341M(651M) 1.498ms
[1044.051s][info][gc,cpu         ] GC(2908) User=0.01s Sys=0.00s Real=0.00s
[1044.230s][info][gc,start       ] GC(2909) Pause Young (Allocation Failure)
[1044.231s][info][gc,heap        ] GC(2909) PSYoungGen: 303168K(316928K)->64K(316928K) Eden: 303104K(303104K)->0K(303104K) From: 64K(13824K)->64K(13824K)
[1044.231s][info][gc,heap        ] GC(2909) ParOldGen: 349954K(350208K)->349962K(350208K)
[1044.231s][info][gc,metaspace   ] GC(2909) Metaspace: 35593K(36416K)->35593K(36416K) NonClass: 29320K(29952K)->29320K(29952K) Class: 6272K(6464K)->6272K(6464K)
[1044.231s][info][gc             ] GC(2909) Pause Young (Allocation Failure) 637M->341M(651M) 1.389ms
[1044.231s][info][gc,cpu         ] GC(2909) User=0.00s Sys=0.00s Real=0.00s
[1045.197s][info][gc,start       ] GC(2910) Pause Young (Allocation Failure)
[1045.199s][info][gc,heap        ] GC(2910) PSYoungGen: 303168K(316928K)->64K(291840K) Eden: 303104K(303104K)->0K(291328K) From: 64K(13824K)->64K(512K)
[1045.199s][info][gc,heap        ] GC(2910) ParOldGen: 349962K(350208K)->349970K(350208K)
[1045.199s][info][gc,metaspace   ] GC(2910) Metaspace: 35593K(36416K)->35593K(36416K) NonClass: 29320K(29952K)->29320K(29952K) Class: 6272K(6464K)->6272K(6464K)
[1045.199s][info][gc             ] GC(2910) Pause Young (Allocation Failure) 637M->341M(627M) 1.458ms
[1045.199s][info][gc,cpu         ] GC(2910) User=0.00s Sys=0.00s Real=0.00s
[1046.152s][info][gc,start       ] GC(2911) Pause Young (Allocation Failure)
[1046.153s][info][gc,heap        ] GC(2911) PSYoungGen: 291392K(291840K)->64K(292352K) Eden: 291328K(291328K)->0K(280064K) From: 64K(512K)->64K(12288K)
[1046.154s][info][gc,heap        ] GC(2911) ParOldGen: 349970K(350208K)->349978K(350208K)
[1046.154s][info][gc,metaspace   ] GC(2911) Metaspace: 35593K(36416K)->35593K(36416K) NonClass: 29320K(29952K)->29320K(29952K) Class: 6272K(6464K)->6272K(6464K)
[1046.154s][info][gc             ] GC(2911) Pause Young (Allocation Failure) 626M->341M(627M) 1.381ms
[1046.154s][info][gc,cpu         ] GC(2911) User=0.00s Sys=0.00s Real=0.00s
[1046.464s][info][gc,start       ] GC(2912) Pause Young (Allocation Failure)
[1046.466s][info][gc,heap        ] GC(2912) PSYoungGen: 280128K(292352K)->64K(269824K) Eden: 280064K(280064K)->0K(269312K) From: 64K(12288K)->64K(512K)
[1046.466s][info][gc,heap        ] GC(2912) ParOldGen: 349978K(350208K)->349986K(350208K)
[1046.466s][info][gc,metaspace   ] GC(2912) Metaspace: 35593K(36416K)->35593K(36416K) NonClass: 29320K(29952K)->29320K(29952K) Class: 6272K(6464K)->6272K(6464K)
[1046.466s][info][gc             ] GC(2912) Pause Young (Allocation Failure) 615M->341M(605M) 1.498ms
[1046.466s][info][gc,cpu         ] GC(2912) User=0.00s Sys=0.00s Real=0.01s
[1046.882s][info][gc,start       ] GC(2913) Pause Young (Allocation Failure)
[1046.884s][info][gc,heap        ] GC(2913) PSYoungGen: 269376K(269824K)->64K(269824K) Eden: 269312K(269312K)->0K(259072K) From: 64K(512K)->64K(10752K)
[1046.884s][info][gc,heap        ] GC(2913) ParOldGen: 349986K(350208K)->349994K(350208K)
[1046.884s][info][gc,metaspace   ] GC(2913) Metaspace: 35593K(36416K)->35593K(36416K) NonClass: 29320K(29952K)->29320K(29952K) Class: 6272K(6464K)->6272K(6464K)
[1046.884s][info][gc             ] GC(2913) Pause Young (Allocation Failure) 604M->341M(605M) 1.382ms
[1046.884s][info][gc,cpu         ] GC(2913) User=0.00s Sys=0.00s Real=0.00s
[1047.845s][info][gc,start       ] GC(2914) Pause Young (Allocation Failure)
[1047.847s][info][gc,heap        ] GC(2914) PSYoungGen: 259136K(269824K)->64K(249856K) Eden: 259072K(259072K)->0K(249344K) From: 64K(10752K)->64K(512K)
[1047.847s][info][gc,heap        ] GC(2914) ParOldGen: 349994K(350208K)->350002K(350208K)
[1047.847s][info][gc,metaspace   ] GC(2914) Metaspace: 35593K(36416K)->35593K(36416K) NonClass: 29320K(29952K)->29320K(29952K) Class: 6272K(6464K)->6272K(6464K)
[1047.847s][info][gc             ] GC(2914) Pause Young (Allocation Failure) 594M->341M(586M) 1.741ms
[1047.847s][info][gc,cpu         ] GC(2914) User=0.01s Sys=0.00s Real=0.01s
[1048.214s][info][gc,start       ] GC(2915) Pause Young (Allocation Failure)
[1048.215s][info][gc,heap        ] GC(2915) PSYoungGen: 249408K(249856K)->64K(249344K) Eden: 249344K(249344K)->0K(240128K) From: 64K(512K)->64K(9216K)
[1048.216s][info][gc,heap        ] GC(2915) ParOldGen: 350002K(350208K)->350010K(350208K)
[1048.216s][info][gc,metaspace   ] GC(2915) Metaspace: 35593K(36416K)->35593K(36416K) NonClass: 29320K(29952K)->29320K(29952K) Class: 6272K(6464K)->6272K(6464K)
[1048.216s][info][gc             ] GC(2915) Pause Young (Allocation Failure) 585M->341M(585M) 1.528ms
[1048.216s][info][gc,cpu         ] GC(2915) User=0.01s Sys=0.00s Real=0.00s
[1048.363s][info][gc,start       ] GC(2916) Pause Young (Allocation Failure)
[1048.365s][info][gc,heap        ] GC(2916) PSYoungGen: 240192K(249344K)->64K(231424K) Eden: 240128K(240128K)->0K(230912K) From: 64K(9216K)->64K(512K)
[1048.365s][info][gc,heap        ] GC(2916) ParOldGen: 350010K(350208K)->350018K(350208K)
[1048.365s][info][gc,metaspace   ] GC(2916) Metaspace: 35593K(36416K)->35593K(36416K) NonClass: 29320K(29952K)->29320K(29952K) Class: 6272K(6464K)->6272K(6464K)
[1048.365s][info][gc             ] GC(2916) Pause Young (Allocation Failure) 576M->341M(568M) 2.012ms
[1048.365s][info][gc,cpu         ] GC(2916) User=0.00s Sys=0.00s Real=0.00s
[1048.601s][info][gc,start       ] GC(2917) Pause Young (Allocation Failure)
[1048.602s][info][gc,heap        ] GC(2917) PSYoungGen: 230976K(231424K)->64K(229888K) Eden: 230912K(230912K)->0K(222208K) From: 64K(512K)->64K(7680K)
[1048.602s][info][gc,heap        ] GC(2917) ParOldGen: 350018K(350208K)->350026K(350208K)
[1048.602s][info][gc,metaspace   ] GC(2917) Metaspace: 35593K(36416K)->35593K(36416K) NonClass: 29320K(29952K)->29320K(29952K) Class: 6272K(6464K)->6272K(6464K)
[1048.602s][info][gc             ] GC(2917) Pause Young (Allocation Failure) 567M->341M(566M) 1.613ms
[1048.602s][info][gc,cpu         ] GC(2917) User=0.00s Sys=0.00s Real=0.00s
[1049.089s][info][gc,start       ] GC(2918) Pause Young (Allocation Failure)
[1049.092s][info][gc,heap        ] GC(2918) PSYoungGen: 222272K(229888K)->64K(214528K) Eden: 222208K(222208K)->0K(214016K) From: 64K(7680K)->64K(512K)
[1049.092s][info][gc,heap        ] GC(2918) ParOldGen: 350026K(350208K)->350034K(350208K)
[1049.092s][info][gc,metaspace   ] GC(2918) Metaspace: 35593K(36416K)->35593K(36416K) NonClass: 29320K(29952K)->29320K(29952K) Class: 6272K(6464K)->6272K(6464K)
[1049.092s][info][gc             ] GC(2918) Pause Young (Allocation Failure) 558M->341M(551M) 2.993ms
[1049.092s][info][gc,cpu         ] GC(2918) User=0.00s Sys=0.00s Real=0.00s
[1049.362s][info][gc,start       ] GC(2919) Pause Young (Allocation Failure)
[1049.364s][info][gc,heap        ] GC(2919) PSYoungGen: 214080K(214528K)->64K(212992K) Eden: 214016K(214016K)->0K(206336K) From: 64K(512K)->64K(6656K)
[1049.364s][info][gc,heap        ] GC(2919) ParOldGen: 350034K(350208K)->350042K(350208K)
[1049.364s][info][gc,metaspace   ] GC(2919) Metaspace: 35593K(36416K)->35593K(36416K) NonClass: 29320K(29952K)->29320K(29952K) Class: 6272K(6464K)->6272K(6464K)
[1049.364s][info][gc             ] GC(2919) Pause Young (Allocation Failure) 550M->341M(550M) 2.469ms
[1049.364s][info][gc,cpu         ] GC(2919) User=0.00s Sys=0.00s Real=0.00s
[1049.644s][info][gc,start       ] GC(2920) Pause Young (Allocation Failure)
[1049.687s][info][gc,heap        ] GC(2920) PSYoungGen: 206400K(212992K)->6144K(252928K) Eden: 206336K(206336K)->0K(246784K) From: 64K(6656K)->6144K(6144K)
[1049.687s][info][gc,heap        ] GC(2920) ParOldGen: 350042K(350208K)->361850K(361984K)
[1049.687s][info][gc,metaspace   ] GC(2920) Metaspace: 35593K(36416K)->35593K(36416K) NonClass: 29320K(29952K)->29320K(29952K) Class: 6272K(6464K)->6272K(6464K)
[1049.687s][info][gc             ] GC(2920) Pause Young (Allocation Failure) 543M->359M(600M) 43.597ms
[1049.687s][info][gc,cpu         ] GC(2920) User=0.06s Sys=0.01s Real=0.05s
[1049.968s][info][gc,start       ] GC(2921) Pause Young (Allocation Failure)
[1050.021s][info][gc,heap        ] GC(2921) PSYoungGen: 252928K(252928K)->12288K(272384K) Eden: 246784K(246784K)->0K(260096K) From: 6144K(6144K)->12288K(12288K)
[1050.021s][info][gc,heap        ] GC(2921) ParOldGen: 361850K(361984K)->376314K(376320K)
[1050.021s][info][gc,metaspace   ] GC(2921) Metaspace: 35593K(36416K)->35593K(36416K) NonClass: 29320K(29952K)->29320K(29952K) Class: 6272K(6464K)->6272K(6464K)
[1050.021s][info][gc             ] GC(2921) Pause Young (Allocation Failure) 600M->379M(633M) 53.401ms
[1050.021s][info][gc,cpu         ] GC(2921) User=0.09s Sys=0.01s Real=0.05s
[1050.289s][info][gc,start       ] GC(2922) Pause Young (Allocation Failure)
[1050.344s][info][gc,heap        ] GC(2922) PSYoungGen: 272384K(272384K)->20480K(302080K) Eden: 260096K(260096K)->0K(281600K) From: 12288K(12288K)->20480K(20480K)
[1050.344s][info][gc,heap        ] GC(2922) ParOldGen: 376314K(376320K)->381042K(381440K)
[1050.344s][info][gc,metaspace   ] GC(2922) Metaspace: 35593K(36416K)->35593K(36416K) NonClass: 29320K(29952K)->29320K(29952K) Class: 6272K(6464K)->6272K(6464K)
[1050.344s][info][gc             ] GC(2922) Pause Young (Allocation Failure) 633M->392M(667M) 55.412ms
[1050.344s][info][gc,cpu         ] GC(2922) User=0.09s Sys=0.02s Real=0.05s
[1050.459s][info][gc,start       ] GC(2923) Pause Young (Allocation Failure)
[1050.461s][info][gc,heap        ] GC(2923) PSYoungGen: 302080K(302080K)->64K(307712K) Eden: 281600K(281600K)->0K(281600K) From: 20480K(20480K)->64K(26112K)
[1050.461s][info][gc,heap        ] GC(2923) ParOldGen: 381042K(381440K)->381202K(381440K)
[1050.461s][info][gc,metaspace   ] GC(2923) Metaspace: 35593K(36416K)->35593K(36416K) NonClass: 29320K(29952K)->29320K(29952K) Class: 6272K(6464K)->6272K(6464K)
[1050.461s][info][gc             ] GC(2923) Pause Young (Allocation Failure) 667M->372M(673M) 2.728ms
[1050.461s][info][gc,cpu         ] GC(2923) User=0.00s Sys=0.00s Real=0.00s
[1051.166s][info][gc,start       ] GC(2924) Pause Young (Allocation Failure)
[1051.167s][info][gc,heap        ] GC(2924) PSYoungGen: 281664K(307712K)->64K(305152K) Eden: 281600K(281600K)->0K(282112K) From: 64K(26112K)->64K(23040K)
[1051.167s][info][gc,heap        ] GC(2924) ParOldGen: 381202K(381440K)->381218K(381440K)
[1051.167s][info][gc,metaspace   ] GC(2924) Metaspace: 35593K(36416K)->35593K(36416K) NonClass: 29320K(29952K)->29320K(29952K) Class: 6272K(6464K)->6272K(6464K)
[1051.167s][info][gc             ] GC(2924) Pause Young (Allocation Failure) 647M->372M(670M) 1.714ms
[1051.167s][info][gc,cpu         ] GC(2924) User=0.00s Sys=0.00s Real=0.01s
[1051.509s][info][gc,start       ] GC(2925) Pause Young (Allocation Failure)
[1051.511s][info][gc,heap        ] GC(2925) PSYoungGen: 282176K(305152K)->64K(306688K) Eden: 282112K(282112K)->0K(282112K) From: 64K(23040K)->64K(24576K)
[1051.511s][info][gc,heap        ] GC(2925) ParOldGen: 381218K(381440K)->381218K(381440K)
[1051.511s][info][gc,metaspace   ] GC(2925) Metaspace: 35593K(36416K)->35593K(36416K) NonClass: 29320K(29952K)->29320K(29952K) Class: 6272K(6464K)->6272K(6464K)
[1051.511s][info][gc             ] GC(2925) Pause Young (Allocation Failure) 647M->372M(672M) 1.573ms
[1051.511s][info][gc,cpu         ] GC(2925) User=0.00s Sys=0.00s Real=0.00s
[1051.958s][info][gc,start       ] GC(2926) Pause Young (Allocation Failure)
[1051.960s][info][gc,heap        ] GC(2926) PSYoungGen: 282176K(306688K)->64K(306688K) Eden: 282112K(282112K)->0K(285696K) From: 64K(24576K)->64K(20992K)
[1051.960s][info][gc,heap        ] GC(2926) ParOldGen: 381218K(381440K)->381234K(381440K)
[1051.960s][info][gc,metaspace   ] GC(2926) Metaspace: 35593K(36416K)->35593K(36416K) NonClass: 29320K(29952K)->29320K(29952K) Class: 6272K(6464K)->6272K(6464K)
[1051.960s][info][gc             ] GC(2926) Pause Young (Allocation Failure) 647M->372M(672M) 1.578ms
[1051.960s][info][gc,cpu         ] GC(2926) User=0.00s Sys=0.00s Real=0.00s
[1052.188s][info][gc,start       ] GC(2927) Pause Young (Allocation Failure)
[1052.190s][info][gc,heap        ] GC(2927) PSYoungGen: 285760K(306688K)->64K(308224K) Eden: 285696K(285696K)->0K(285696K) From: 64K(20992K)->64K(22528K)
[1052.190s][info][gc,heap        ] GC(2927) ParOldGen: 381234K(381440K)->381250K(381440K)
[1052.190s][info][gc,metaspace   ] GC(2927) Metaspace: 35593K(36416K)->35593K(36416K) NonClass: 29320K(29952K)->29320K(29952K) Class: 6272K(6464K)->6272K(6464K)
[1052.190s][info][gc             ] GC(2927) Pause Young (Allocation Failure) 651M->372M(673M) 1.537ms
[1052.190s][info][gc,cpu         ] GC(2927) User=0.01s Sys=0.00s Real=0.00s
[1052.416s][info][gc,start       ] GC(2928) Pause Young (Allocation Failure)
[1052.417s][info][gc,heap        ] GC(2928) PSYoungGen: 285760K(308224K)->64K(308736K) Eden: 285696K(285696K)->0K(289792K) From: 64K(22528K)->64K(18944K)
[1052.417s][info][gc,heap        ] GC(2928) ParOldGen: 381250K(381440K)->381250K(381440K)
[1052.417s][info][gc,metaspace   ] GC(2928) Metaspace: 35593K(36416K)->35593K(36416K) NonClass: 29320K(29952K)->29320K(29952K) Class: 6272K(6464K)->6272K(6464K)
[1052.417s][info][gc             ] GC(2928) Pause Young (Allocation Failure) 651M->372M(674M) 1.526ms
[1052.417s][info][gc,cpu         ] GC(2928) User=0.00s Sys=0.00s Real=0.00s
[1052.749s][info][gc,start       ] GC(2929) Pause Young (Allocation Failure)
[1052.751s][info][gc,heap        ] GC(2929) PSYoungGen: 289856K(308736K)->64K(310272K) Eden: 289792K(289792K)->0K(289792K) From: 64K(18944K)->64K(20480K)
[1052.751s][info][gc,heap        ] GC(2929) ParOldGen: 381250K(381440K)->381250K(381440K)
[1052.751s][info][gc,metaspace   ] GC(2929) Metaspace: 35593K(36416K)->35593K(36416K) NonClass: 29320K(29952K)->29320K(29952K) Class: 6272K(6464K)->6272K(6464K)
[1052.751s][info][gc             ] GC(2929) Pause Young (Allocation Failure) 655M->372M(675M) 1.473ms
[1052.751s][info][gc,cpu         ] GC(2929) User=0.01s Sys=0.00s Real=0.00s
[1052.802s][info][gc,start       ] GC(2930) Pause Young (Allocation Failure)
[1052.804s][info][gc,heap        ] GC(2930) PSYoungGen: 289856K(310272K)->64K(310784K) Eden: 289792K(289792K)->0K(293888K) From: 64K(20480K)->64K(16896K)
[1052.804s][info][gc,heap        ] GC(2930) ParOldGen: 381250K(381440K)->381266K(381440K)
[1052.804s][info][gc,metaspace   ] GC(2930) Metaspace: 35593K(36416K)->35593K(36416K) NonClass: 29320K(29952K)->29320K(29952K) Class: 6272K(6464K)->6272K(6464K)
[1052.804s][info][gc             ] GC(2930) Pause Young (Allocation Failure) 655M->372M(676M) 1.450ms
[1052.804s][info][gc,cpu         ] GC(2930) User=0.00s Sys=0.00s Real=0.00s
[1052.860s][info][gc,start       ] GC(2931) Pause Young (Allocation Failure)
[1052.862s][info][gc,heap        ] GC(2931) PSYoungGen: 293952K(310784K)->64K(312320K) Eden: 293888K(293888K)->0K(293888K) From: 64K(16896K)->64K(18432K)
[1052.862s][info][gc,heap        ] GC(2931) ParOldGen: 381266K(381440K)->381266K(381440K)
[1052.862s][info][gc,metaspace   ] GC(2931) Metaspace: 35593K(36416K)->35593K(36416K) NonClass: 29320K(29952K)->29320K(29952K) Class: 6272K(6464K)->6272K(6464K)
[1052.862s][info][gc             ] GC(2931) Pause Young (Allocation Failure) 659M->372M(677M) 1.514ms
[1052.862s][info][gc,cpu         ] GC(2931) User=0.00s Sys=0.00s Real=0.00s
[1053.066s][info][gc,start       ] GC(2932) Pause Young (Allocation Failure)
[1053.067s][info][gc,heap        ] GC(2932) PSYoungGen: 293952K(312320K)->64K(312832K) Eden: 293888K(293888K)->0K(297984K) From: 64K(18432K)->64K(14848K)
[1053.067s][info][gc,heap        ] GC(2932) ParOldGen: 381266K(381440K)->381266K(381440K)
[1053.067s][info][gc,metaspace   ] GC(2932) Metaspace: 35593K(36416K)->35593K(36416K) NonClass: 29320K(29952K)->29320K(29952K) Class: 6272K(6464K)->6272K(6464K)
[1053.067s][info][gc             ] GC(2932) Pause Young (Allocation Failure) 659M->372M(678M) 1.492ms
[1053.067s][info][gc,cpu         ] GC(2932) User=0.00s Sys=0.00s Real=0.00s
[1053.283s][info][gc,start       ] GC(2933) Pause Young (Allocation Failure)
[1053.285s][info][gc,heap        ] GC(2933) PSYoungGen: 298048K(312832K)->64K(314368K) Eden: 297984K(297984K)->0K(297984K) From: 64K(14848K)->64K(16384K)
[1053.285s][info][gc,heap        ] GC(2933) ParOldGen: 381266K(381440K)->381274K(381440K)
[1053.285s][info][gc,metaspace   ] GC(2933) Metaspace: 35593K(36416K)->35593K(36416K) NonClass: 29320K(29952K)->29320K(29952K) Class: 6272K(6464K)->6272K(6464K)
[1053.285s][info][gc             ] GC(2933) Pause Young (Allocation Failure) 663M->372M(679M) 1.523ms
[1053.285s][info][gc,cpu         ] GC(2933) User=0.01s Sys=0.00s Real=0.00s
[1053.386s][info][gc,start       ] GC(2934) Pause Young (Allocation Failure)
[1053.387s][info][gc,heap        ] GC(2934) PSYoungGen: 298048K(314368K)->64K(314880K) Eden: 297984K(297984K)->0K(302080K) From: 64K(16384K)->64K(12800K)
[1053.387s][info][gc,heap        ] GC(2934) ParOldGen: 381274K(381440K)->381282K(381440K)
[1053.387s][info][gc,metaspace   ] GC(2934) Metaspace: 35593K(36416K)->35593K(36416K) NonClass: 29320K(29952K)->29320K(29952K) Class: 6272K(6464K)->6272K(6464K)
[1053.387s][info][gc             ] GC(2934) Pause Young (Allocation Failure) 663M->372M(680M) 1.493ms
[1053.388s][info][gc,cpu         ] GC(2934) User=0.00s Sys=0.00s Real=0.00s
[1053.500s][info][gc,start       ] GC(2935) Pause Young (Allocation Failure)
[1053.502s][info][gc,heap        ] GC(2935) PSYoungGen: 302144K(314880K)->64K(316416K) Eden: 302080K(302080K)->0K(302080K) From: 64K(12800K)->64K(14336K)
[1053.502s][info][gc,heap        ] GC(2935) ParOldGen: 381282K(381440K)->381290K(381440K)
[1053.502s][info][gc,metaspace   ] GC(2935) Metaspace: 35593K(36416K)->35593K(36416K) NonClass: 29320K(29952K)->29320K(29952K) Class: 6272K(6464K)->6272K(6464K)
[1053.502s][info][gc             ] GC(2935) Pause Young (Allocation Failure) 667M->372M(681M) 1.556ms
[1053.502s][info][gc,cpu         ] GC(2935) User=0.00s Sys=0.01s Real=0.00s
[1053.763s][info][gc,start       ] GC(2936) Pause Young (Allocation Failure)
[1053.765s][info][gc,heap        ] GC(2936) PSYoungGen: 302144K(316416K)->64K(316928K) Eden: 302080K(302080K)->0K(305664K) From: 64K(14336K)->64K(11264K)
[1053.765s][info][gc,heap        ] GC(2936) ParOldGen: 381290K(381440K)->381298K(381440K)
[1053.765s][info][gc,metaspace   ] GC(2936) Metaspace: 35593K(36416K)->35593K(36416K) NonClass: 29320K(29952K)->29320K(29952K) Class: 6272K(6464K)->6272K(6464K)
[1053.765s][info][gc             ] GC(2936) Pause Young (Allocation Failure) 667M->372M(682M) 1.512ms
[1053.765s][info][gc,cpu         ] GC(2936) User=0.00s Sys=0.00s Real=0.00s
[1054.633s][info][gc,start       ] GC(2937) Pause Young (Allocation Failure)
[1054.635s][info][gc,heap        ] GC(2937) PSYoungGen: 305728K(316928K)->83K(293888K) Eden: 305664K(305664K)->0K(293376K) From: 64K(11264K)->83K(512K)
[1054.635s][info][gc,heap        ] GC(2937) ParOldGen: 381298K(381440K)->381306K(381440K)
[1054.635s][info][gc,metaspace   ] GC(2937) Metaspace: 35593K(36416K)->35593K(36416K) NonClass: 29320K(29952K)->29320K(29952K) Class: 6272K(6464K)->6272K(6464K)
[1054.635s][info][gc             ] GC(2937) Pause Young (Allocation Failure) 670M->372M(659M) 2.177ms
[1054.635s][info][gc,cpu         ] GC(2937) User=0.00s Sys=0.00s Real=0.00s
[1055.585s][info][gc,start       ] GC(2938) Pause Young (Allocation Failure)
[1055.587s][info][gc,heap        ] GC(2938) PSYoungGen: 293459K(293888K)->64K(282112K) Eden: 293376K(293376K)->0K(281600K) From: 83K(512K)->64K(512K)
[1055.587s][info][gc,heap        ] GC(2938) ParOldGen: 381306K(381440K)->381314K(381440K)
[1055.587s][info][gc,metaspace   ] GC(2938) Metaspace: 35593K(36416K)->35593K(36416K) NonClass: 29320K(29952K)->29320K(29952K) Class: 6272K(6464K)->6272K(6464K)
[1055.587s][info][gc             ] GC(2938) Pause Young (Allocation Failure) 658M->372M(648M) 2.092ms
[1055.587s][info][gc,cpu         ] GC(2938) User=0.01s Sys=0.00s Real=0.01s
[1055.988s][info][gc,start       ] GC(2939) Pause Young (Allocation Failure)
[1055.989s][info][gc,heap        ] GC(2939) PSYoungGen: 281664K(282112K)->64K(282112K) Eden: 281600K(281600K)->0K(270848K) From: 64K(512K)->64K(11264K)
[1055.989s][info][gc,heap        ] GC(2939) ParOldGen: 381314K(381440K)->381322K(381440K)
[1055.989s][info][gc,metaspace   ] GC(2939) Metaspace: 35593K(36416K)->35593K(36416K) NonClass: 29320K(29952K)->29320K(29952K) Class: 6272K(6464K)->6272K(6464K)
[1055.989s][info][gc             ] GC(2939) Pause Young (Allocation Failure) 647M->372M(648M) 1.542ms
[1055.989s][info][gc,cpu         ] GC(2939) User=0.01s Sys=0.00s Real=0.00s
[1056.727s][info][gc,start       ] GC(2940) Pause Young (Allocation Failure)
[1056.729s][info][gc,heap        ] GC(2940) PSYoungGen: 270912K(282112K)->64K(261120K) Eden: 270848K(270848K)->0K(260608K) From: 64K(11264K)->64K(512K)
[1056.729s][info][gc,heap        ] GC(2940) ParOldGen: 381322K(381440K)->381330K(381440K)
[1056.729s][info][gc,metaspace   ] GC(2940) Metaspace: 35593K(36416K)->35593K(36416K) NonClass: 29320K(29952K)->29320K(29952K) Class: 6272K(6464K)->6272K(6464K)
[1056.729s][info][gc             ] GC(2940) Pause Young (Allocation Failure) 636M->372M(627M) 1.858ms
[1056.729s][info][gc,cpu         ] GC(2940) User=0.01s Sys=0.00s Real=0.00s
[1057.279s][info][gc,start       ] GC(2941) Pause Young (Allocation Failure)
[1057.280s][info][gc,heap        ] GC(2941) PSYoungGen: 260672K(261120K)->64K(260608K) Eden: 260608K(260608K)->0K(250880K) From: 64K(512K)->64K(9728K)
[1057.280s][info][gc,heap        ] GC(2941) ParOldGen: 381330K(381440K)->381338K(381440K)
[1057.280s][info][gc,metaspace   ] GC(2941) Metaspace: 35593K(36416K)->35593K(36416K) NonClass: 29320K(29952K)->29320K(29952K) Class: 6272K(6464K)->6272K(6464K)
[1057.280s][info][gc             ] GC(2941) Pause Young (Allocation Failure) 626M->372M(627M) 1.422ms
[1057.280s][info][gc,cpu         ] GC(2941) User=0.00s Sys=0.00s Real=0.00s
[1057.668s][info][gc,start       ] GC(2942) Pause Young (Allocation Failure)
[1057.670s][info][gc,heap        ] GC(2942) PSYoungGen: 250944K(260608K)->64K(241664K) Eden: 250880K(250880K)->0K(241152K) From: 64K(9728K)->64K(512K)
[1057.670s][info][gc,heap        ] GC(2942) ParOldGen: 381338K(381440K)->381346K(381440K)
[1057.670s][info][gc,metaspace   ] GC(2942) Metaspace: 35593K(36416K)->35593K(36416K) NonClass: 29320K(29952K)->29320K(29952K) Class: 6272K(6464K)->6272K(6464K)
[1057.670s][info][gc             ] GC(2942) Pause Young (Allocation Failure) 617M->372M(608M) 2.171ms
[1057.670s][info][gc,cpu         ] GC(2942) User=0.00s Sys=0.00s Real=0.00s
[1057.735s][info][gc,start       ] GC(2943) Pause Young (Allocation Failure)
[1057.737s][info][gc,heap        ] GC(2943) PSYoungGen: 241216K(241664K)->64K(240128K) Eden: 241152K(241152K)->0K(231936K) From: 64K(512K)->64K(8192K)
[1057.737s][info][gc,heap        ] GC(2943) ParOldGen: 381346K(381440K)->381354K(381440K)
[1057.737s][info][gc,metaspace   ] GC(2943) Metaspace: 35593K(36416K)->35593K(36416K) NonClass: 29320K(29952K)->29320K(29952K) Class: 6272K(6464K)->6272K(6464K)
[1057.737s][info][gc             ] GC(2943) Pause Young (Allocation Failure) 607M->372M(607M) 1.459ms
[1057.737s][info][gc,cpu         ] GC(2943) User=0.00s Sys=0.00s Real=0.01s
[1058.187s][info][gc,start       ] GC(2944) Pause Young (Allocation Failure)
[1058.189s][info][gc,heap        ] GC(2944) PSYoungGen: 232000K(240128K)->64K(223744K) Eden: 231936K(231936K)->0K(223232K) From: 64K(8192K)->64K(512K)
[1058.189s][info][gc,heap        ] GC(2944) ParOldGen: 381354K(381440K)->381362K(381440K)
[1058.189s][info][gc,metaspace   ] GC(2944) Metaspace: 35593K(36416K)->35593K(36416K) NonClass: 29320K(29952K)->29320K(29952K) Class: 6272K(6464K)->6272K(6464K)
[1058.189s][info][gc             ] GC(2944) Pause Young (Allocation Failure) 598M->372M(591M) 2.341ms
[1058.189s][info][gc,cpu         ] GC(2944) User=0.00s Sys=0.00s Real=0.00s
[1058.493s][info][gc,start       ] GC(2945) Pause Young (Allocation Failure)
[1058.495s][info][gc,heap        ] GC(2945) PSYoungGen: 223296K(223744K)->64K(222208K) Eden: 223232K(223232K)->0K(215040K) From: 64K(512K)->64K(7168K)
[1058.495s][info][gc,heap        ] GC(2945) ParOldGen: 381362K(381440K)->381370K(381440K)
[1058.495s][info][gc,metaspace   ] GC(2945) Metaspace: 35593K(36416K)->35593K(36416K) NonClass: 29320K(29952K)->29320K(29952K) Class: 6272K(6464K)->6272K(6464K)
[1058.495s][info][gc             ] GC(2945) Pause Young (Allocation Failure) 590M->372M(589M) 1.441ms
[1058.495s][info][gc,cpu         ] GC(2945) User=0.01s Sys=0.00s Real=0.00s
[1058.860s][info][gc,start       ] GC(2946) Pause Young (Allocation Failure)
[1058.869s][info][gc,heap        ] GC(2946) PSYoungGen: 215104K(222208K)->5472K(259584K) Eden: 215040K(215040K)->0K(253952K) From: 64K(7168K)->5472K(5632K)
[1058.869s][info][gc,heap        ] GC(2946) ParOldGen: 381370K(381440K)->381386K(381440K)
[1058.869s][info][gc,metaspace   ] GC(2946) Metaspace: 35593K(36416K)->35593K(36416K) NonClass: 29320K(29952K)->29320K(29952K) Class: 6272K(6464K)->6272K(6464K)
[1058.869s][info][gc             ] GC(2946) Pause Young (Allocation Failure) 582M->377M(626M) 9.201ms
[1058.869s][info][gc,cpu         ] GC(2946) User=0.02s Sys=0.00s Real=0.01s
[1059.155s][info][gc,start       ] GC(2947) Pause Young (Allocation Failure)
[1059.209s][info][gc,heap        ] GC(2947) PSYoungGen: 259424K(259584K)->8192K(274432K) Eden: 253952K(253952K)->0K(266240K) From: 5472K(5632K)->8192K(8192K)
[1059.209s][info][gc,heap        ] GC(2947) ParOldGen: 381386K(381440K)->400282K(400384K)
[1059.209s][info][gc,metaspace   ] GC(2947) Metaspace: 35593K(36416K)->35593K(36416K) NonClass: 29320K(29952K)->29320K(29952K) Class: 6272K(6464K)->6272K(6464K)
[1059.209s][info][gc             ] GC(2947) Pause Young (Allocation Failure) 625M->398M(659M) 54.011ms
[1059.209s][info][gc,cpu         ] GC(2947) User=0.09s Sys=0.02s Real=0.06s
[1059.508s][info][gc,start       ] GC(2948) Pause Young (Allocation Failure)
[1059.573s][info][gc,heap        ] GC(2948) PSYoungGen: 274432K(274432K)->16896K(300544K) Eden: 266240K(266240K)->0K(283648K) From: 8192K(8192K)->16896K(16896K)
[1059.573s][info][gc,heap        ] GC(2948) ParOldGen: 400282K(400384K)->412466K(412672K)
[1059.573s][info][gc,metaspace   ] GC(2948) Metaspace: 35593K(36416K)->35593K(36416K) NonClass: 29320K(29952K)->29320K(29952K) Class: 6272K(6464K)->6272K(6464K)
[1059.573s][info][gc             ] GC(2948) Pause Young (Allocation Failure) 658M->419M(696M) 65.284ms
[1059.573s][info][gc,cpu         ] GC(2948) User=0.10s Sys=0.02s Real=0.06s
[1059.718s][info][gc,start       ] GC(2949) Pause Young (Allocation Failure)
[1059.739s][info][gc,heap        ] GC(2949) PSYoungGen: 300544K(300544K)->8064K(308736K) Eden: 283648K(283648K)->0K(283648K) From: 16896K(16896K)->8064K(25088K)
[1059.739s][info][gc,heap        ] GC(2949) ParOldGen: 412466K(412672K)->412898K(413184K)
[1059.739s][info][gc,metaspace   ] GC(2949) Metaspace: 35593K(36416K)->35593K(36416K) NonClass: 29320K(29952K)->29320K(29952K) Class: 6272K(6464K)->6272K(6464K)
[1059.739s][info][gc             ] GC(2949) Pause Young (Allocation Failure) 696M->411M(705M) 20.547ms
[1059.739s][info][gc,cpu         ] GC(2949) User=0.04s Sys=0.00s Real=0.02s
[1060.257s][info][gc,start       ] GC(2950) Pause Young (Allocation Failure)
[1060.258s][info][gc,heap        ] GC(2950) PSYoungGen: 291712K(308736K)->64K(306176K) Eden: 283648K(283648K)->0K(285184K) From: 8064K(25088K)->64K(20992K)
[1060.258s][info][gc,heap        ] GC(2950) ParOldGen: 412898K(413184K)->412906K(413184K)
[1060.258s][info][gc,metaspace   ] GC(2950) Metaspace: 35593K(36416K)->35593K(36416K) NonClass: 29320K(29952K)->29320K(29952K) Class: 6272K(6464K)->6272K(6464K)
[1060.258s][info][gc             ] GC(2950) Pause Young (Allocation Failure) 688M->403M(702M) 1.799ms
[1060.258s][info][gc,cpu         ] GC(2950) User=0.00s Sys=0.00s Real=0.00s
[1060.786s][info][gc,start       ] GC(2951) Pause Young (Allocation Failure)
[1060.787s][info][gc,heap        ] GC(2951) PSYoungGen: 285248K(306176K)->64K(308224K) Eden: 285184K(285184K)->0K(285184K) From: 64K(20992K)->64K(23040K)
[1060.787s][info][gc,heap        ] GC(2951) ParOldGen: 412906K(413184K)->412914K(413184K)
[1060.787s][info][gc,metaspace   ] GC(2951) Metaspace: 35593K(36416K)->35593K(36416K) NonClass: 29320K(29952K)->29320K(29952K) Class: 6272K(6464K)->6272K(6464K)
[1060.787s][info][gc             ] GC(2951) Pause Young (Allocation Failure) 681M->403M(704M) 1.713ms
[1060.787s][info][gc,cpu         ] GC(2951) User=0.00s Sys=0.00s Real=0.01s
[1061.213s][info][gc,start       ] GC(2952) Pause Young (Allocation Failure)
[1061.214s][info][gc,heap        ] GC(2952) PSYoungGen: 285248K(308224K)->64K(308224K) Eden: 285184K(285184K)->0K(288256K) From: 64K(23040K)->64K(19968K)
[1061.214s][info][gc,heap        ] GC(2952) ParOldGen: 412914K(413184K)->412930K(413184K)
[1061.214s][info][gc,metaspace   ] GC(2952) Metaspace: 35593K(36416K)->35593K(36416K) NonClass: 29320K(29952K)->29320K(29952K) Class: 6272K(6464K)->6272K(6464K)
[1061.214s][info][gc             ] GC(2952) Pause Young (Allocation Failure) 681M->403M(704M) 1.579ms
[1061.214s][info][gc,cpu         ] GC(2952) User=0.00s Sys=0.01s Real=0.00s
[1061.443s][info][gc,start       ] GC(2953) Pause Young (Allocation Failure)
[1061.444s][info][gc,heap        ] GC(2953) PSYoungGen: 288320K(308224K)->64K(309760K) Eden: 288256K(288256K)->0K(288256K) From: 64K(19968K)->64K(21504K)
[1061.444s][info][gc,heap        ] GC(2953) ParOldGen: 412930K(413184K)->412946K(413184K)
[1061.444s][info][gc,metaspace   ] GC(2953) Metaspace: 35593K(36416K)->35593K(36416K) NonClass: 29320K(29952K)->29320K(29952K) Class: 6272K(6464K)->6272K(6464K)
[1061.444s][info][gc             ] GC(2953) Pause Young (Allocation Failure) 684M->403M(706M) 1.541ms
[1061.444s][info][gc,cpu         ] GC(2953) User=0.00s Sys=0.00s Real=0.00s
[1061.672s][info][gc,start       ] GC(2954) Pause Young (Allocation Failure)
[1061.674s][info][gc,heap        ] GC(2954) PSYoungGen: 288320K(309760K)->64K(309760K) Eden: 288256K(288256K)->0K(291328K) From: 64K(21504K)->64K(18432K)
[1061.674s][info][gc,heap        ] GC(2954) ParOldGen: 412946K(413184K)->412946K(413184K)
[1061.674s][info][gc,metaspace   ] GC(2954) Metaspace: 35593K(36416K)->35593K(36416K) NonClass: 29320K(29952K)->29320K(29952K) Class: 6272K(6464K)->6272K(6464K)
[1061.674s][info][gc             ] GC(2954) Pause Young (Allocation Failure) 684M->403M(706M) 1.595ms
[1061.674s][info][gc,cpu         ] GC(2954) User=0.01s Sys=0.00s Real=0.00s
[1062.040s][info][gc,start       ] GC(2955) Pause Young (Allocation Failure)
[1062.041s][info][gc,heap        ] GC(2955) PSYoungGen: 291392K(309760K)->64K(311296K) Eden: 291328K(291328K)->0K(291328K) From: 64K(18432K)->64K(19968K)
[1062.041s][info][gc,heap        ] GC(2955) ParOldGen: 412946K(413184K)->412946K(413184K)
[1062.041s][info][gc,metaspace   ] GC(2955) Metaspace: 35593K(36416K)->35593K(36416K) NonClass: 29320K(29952K)->29320K(29952K) Class: 6272K(6464K)->6272K(6464K)
[1062.042s][info][gc             ] GC(2955) Pause Young (Allocation Failure) 687M->403M(707M) 1.534ms
[1062.042s][info][gc,cpu         ] GC(2955) User=0.00s Sys=0.00s Real=0.00s
[1062.112s][info][gc,start       ] GC(2956) Pause Young (Allocation Failure)
[1062.114s][info][gc,heap        ] GC(2956) PSYoungGen: 291392K(311296K)->64K(311296K) Eden: 291328K(291328K)->0K(294912K) From: 64K(19968K)->64K(16384K)
[1062.114s][info][gc,heap        ] GC(2956) ParOldGen: 412946K(413184K)->412954K(413184K)
[1062.114s][info][gc,metaspace   ] GC(2956) Metaspace: 35593K(36416K)->35593K(36416K) NonClass: 29320K(29952K)->29320K(29952K) Class: 6272K(6464K)->6272K(6464K)
[1062.114s][info][gc             ] GC(2956) Pause Young (Allocation Failure) 687M->403M(707M) 1.582ms
[1062.114s][info][gc,cpu         ] GC(2956) User=0.01s Sys=0.00s Real=0.00s
[1062.170s][info][gc,start       ] GC(2957) Pause Young (Allocation Failure)
[1062.171s][info][gc,heap        ] GC(2957) PSYoungGen: 294976K(311296K)->64K(312832K) Eden: 294912K(294912K)->0K(294912K) From: 64K(16384K)->64K(17920K)
[1062.171s][info][gc,heap        ] GC(2957) ParOldGen: 412954K(413184K)->412970K(413184K)
[1062.171s][info][gc,metaspace   ] GC(2957) Metaspace: 35593K(36416K)->35593K(36416K) NonClass: 29320K(29952K)->29320K(29952K) Class: 6272K(6464K)->6272K(6464K)
[1062.171s][info][gc             ] GC(2957) Pause Young (Allocation Failure) 691M->403M(709M) 1.526ms
[1062.171s][info][gc,cpu         ] GC(2957) User=0.00s Sys=0.00s Real=0.00s
[1062.331s][info][gc,start       ] GC(2958) Pause Young (Allocation Failure)
[1062.333s][info][gc,heap        ] GC(2958) PSYoungGen: 294976K(312832K)->64K(313344K) Eden: 294912K(294912K)->0K(299008K) From: 64K(17920K)->64K(14336K)
[1062.333s][info][gc,heap        ] GC(2958) ParOldGen: 412970K(413184K)->412970K(413184K)
[1062.333s][info][gc,metaspace   ] GC(2958) Metaspace: 35593K(36416K)->35593K(36416K) NonClass: 29320K(29952K)->29320K(29952K) Class: 6272K(6464K)->6272K(6464K)
[1062.333s][info][gc             ] GC(2958) Pause Young (Allocation Failure) 691M->403M(709M) 1.531ms
[1062.333s][info][gc,cpu         ] GC(2958) User=0.00s Sys=0.00s Real=0.00s
[1062.551s][info][gc,start       ] GC(2959) Pause Young (Allocation Failure)
[1062.552s][info][gc,heap        ] GC(2959) PSYoungGen: 299072K(313344K)->64K(314880K) Eden: 299008K(299008K)->0K(299008K) From: 64K(14336K)->64K(15872K)
[1062.552s][info][gc,heap        ] GC(2959) ParOldGen: 412970K(413184K)->412978K(413184K)
[1062.552s][info][gc,metaspace   ] GC(2959) Metaspace: 35593K(36416K)->35593K(36416K) NonClass: 29320K(29952K)->29320K(29952K) Class: 6272K(6464K)->6272K(6464K)
[1062.552s][info][gc             ] GC(2959) Pause Young (Allocation Failure) 695M->403M(711M) 1.556ms
[1062.552s][info][gc,cpu         ] GC(2959) User=0.00s Sys=0.00s Real=0.00s
[1062.690s][info][gc,start       ] GC(2960) Pause Young (Allocation Failure)
[1062.692s][info][gc,heap        ] GC(2960) PSYoungGen: 299072K(314880K)->64K(315392K) Eden: 299008K(299008K)->0K(302592K) From: 64K(15872K)->64K(12800K)
[1062.692s][info][gc,heap        ] GC(2960) ParOldGen: 412978K(413184K)->412986K(413184K)
[1062.692s][info][gc,metaspace   ] GC(2960) Metaspace: 35593K(36416K)->35593K(36416K) NonClass: 29320K(29952K)->29320K(29952K) Class: 6272K(6464K)->6272K(6464K)
[1062.692s][info][gc             ] GC(2960) Pause Young (Allocation Failure) 695M->403M(711M) 1.660ms
[1062.692s][info][gc,cpu         ] GC(2960) User=0.00s Sys=0.00s Real=0.00s
[1062.782s][info][gc,start       ] GC(2961) Pause Young (Allocation Failure)
[1062.784s][info][gc,heap        ] GC(2961) PSYoungGen: 302656K(315392K)->64K(316928K) Eden: 302592K(302592K)->0K(302592K) From: 64K(12800K)->64K(14336K)
[1062.784s][info][gc,heap        ] GC(2961) ParOldGen: 412986K(413184K)->412994K(413184K)
[1062.784s][info][gc,metaspace   ] GC(2961) Metaspace: 35593K(36416K)->35593K(36416K) NonClass: 29320K(29952K)->29320K(29952K) Class: 6272K(6464K)->6272K(6464K)
[1062.784s][info][gc             ] GC(2961) Pause Young (Allocation Failure) 698M->403M(713M) 1.609ms
[1062.784s][info][gc,cpu         ] GC(2961) User=0.00s Sys=0.00s Real=0.00s
[1062.960s][info][gc,start       ] GC(2962) Pause Young (Allocation Failure)
[1062.961s][info][gc,heap        ] GC(2962) PSYoungGen: 302656K(316928K)->64K(317952K) Eden: 302592K(302592K)->0K(306176K) From: 64K(14336K)->64K(11776K)
[1062.961s][info][gc,heap        ] GC(2962) ParOldGen: 412994K(413184K)->413002K(413184K)
[1062.961s][info][gc,metaspace   ] GC(2962) Metaspace: 35593K(36416K)->35593K(36416K) NonClass: 29320K(29952K)->29320K(29952K) Class: 6272K(6464K)->6272K(6464K)
[1062.961s][info][gc             ] GC(2962) Pause Young (Allocation Failure) 698M->403M(714M) 1.566ms
[1062.961s][info][gc,cpu         ] GC(2962) User=0.01s Sys=0.00s Real=0.00s
[1063.938s][info][gc,start       ] GC(2963) Pause Young (Allocation Failure)
[1063.940s][info][gc,heap        ] GC(2963) PSYoungGen: 306240K(317952K)->64K(318976K) Eden: 306176K(306176K)->0K(306176K) From: 64K(11776K)->64K(12800K)
[1063.940s][info][gc,heap        ] GC(2963) ParOldGen: 413002K(413184K)->413010K(413184K)
[1063.940s][info][gc,metaspace   ] GC(2963) Metaspace: 35593K(36416K)->35593K(36416K) NonClass: 29320K(29952K)->29320K(29952K) Class: 6272K(6464K)->6272K(6464K)
[1063.940s][info][gc             ] GC(2963) Pause Young (Allocation Failure) 702M->403M(715M) 1.637ms
[1063.940s][info][gc,cpu         ] GC(2963) User=0.00s Sys=0.00s Real=0.00s
[1064.850s][info][gc,start       ] GC(2964) Pause Young (Allocation Failure)
[1064.852s][info][gc,heap        ] GC(2964) PSYoungGen: 306240K(318976K)->64K(294400K) Eden: 306176K(306176K)->0K(293888K) From: 64K(12800K)->64K(512K)
[1064.852s][info][gc,heap        ] GC(2964) ParOldGen: 413010K(413184K)->413018K(413184K)
[1064.852s][info][gc,metaspace   ] GC(2964) Metaspace: 35593K(36416K)->35593K(36416K) NonClass: 29320K(29952K)->29320K(29952K) Class: 6272K(6464K)->6272K(6464K)
[1064.852s][info][gc             ] GC(2964) Pause Young (Allocation Failure) 702M->403M(691M) 2.193ms
[1064.852s][info][gc,cpu         ] GC(2964) User=0.01s Sys=0.00s Real=0.00s
[1065.215s][info][gc,start       ] GC(2965) Pause Young (Allocation Failure)
[1065.216s][info][gc,heap        ] GC(2965) PSYoungGen: 293952K(294400K)->64K(293376K) Eden: 293888K(293888K)->0K(282112K) From: 64K(512K)->64K(11264K)
[1065.216s][info][gc,heap        ] GC(2965) ParOldGen: 413018K(413184K)->413026K(413184K)
[1065.216s][info][gc,metaspace   ] GC(2965) Metaspace: 35593K(36416K)->35593K(36416K) NonClass: 29320K(29952K)->29320K(29952K) Class: 6272K(6464K)->6272K(6464K)
[1065.216s][info][gc             ] GC(2965) Pause Young (Allocation Failure) 690M->403M(690M) 1.512ms
[1065.216s][info][gc,cpu         ] GC(2965) User=0.00s Sys=0.00s Real=0.01s
[1065.613s][info][gc,start       ] GC(2966) Pause Young (Allocation Failure)
[1065.615s][info][gc,heap        ] GC(2966) PSYoungGen: 282176K(293376K)->64K(271872K) Eden: 282112K(282112K)->0K(271360K) From: 64K(11264K)->64K(512K)
[1065.615s][info][gc,heap        ] GC(2966) ParOldGen: 413026K(413184K)->413034K(413184K)
[1065.615s][info][gc,metaspace   ] GC(2966) Metaspace: 35593K(36416K)->35593K(36416K) NonClass: 29320K(29952K)->29320K(29952K) Class: 6272K(6464K)->6272K(6464K)
[1065.615s][info][gc             ] GC(2966) Pause Young (Allocation Failure) 678M->403M(669M) 1.871ms
[1065.615s][info][gc,cpu         ] GC(2966) User=0.01s Sys=0.00s Real=0.00s
[1066.593s][info][gc,start       ] GC(2967) Pause Young (Allocation Failure)
[1066.595s][info][gc,heap        ] GC(2967) PSYoungGen: 271424K(271872K)->64K(270848K) Eden: 271360K(271360K)->0K(261120K) From: 64K(512K)->64K(9728K)
[1066.595s][info][gc,heap        ] GC(2967) ParOldGen: 413034K(413184K)->413042K(413184K)
[1066.595s][info][gc,metaspace   ] GC(2967) Metaspace: 35593K(36416K)->35593K(36416K) NonClass: 29320K(29952K)->29320K(29952K) Class: 6272K(6464K)->6272K(6464K)
[1066.595s][info][gc             ] GC(2967) Pause Young (Allocation Failure) 668M->403M(668M) 1.496ms
[1066.595s][info][gc,cpu         ] GC(2967) User=0.00s Sys=0.00s Real=0.00s
[1066.980s][info][gc,start       ] GC(2968) Pause Young (Allocation Failure)
[1066.982s][info][gc,heap        ] GC(2968) PSYoungGen: 261184K(270848K)->64K(251392K) Eden: 261120K(261120K)->0K(250880K) From: 64K(9728K)->64K(512K)
[1066.982s][info][gc,heap        ] GC(2968) ParOldGen: 413042K(413184K)->413050K(413184K)
[1066.982s][info][gc,metaspace   ] GC(2968) Metaspace: 35593K(36416K)->35593K(36416K) NonClass: 29320K(29952K)->29320K(29952K) Class: 6272K(6464K)->6272K(6464K)
[1066.982s][info][gc             ] GC(2968) Pause Young (Allocation Failure) 658M->403M(649M) 1.798ms
[1066.982s][info][gc,cpu         ] GC(2968) User=0.00s Sys=0.00s Real=0.00s
[1067.077s][info][gc,start       ] GC(2969) Pause Young (Allocation Failure)
[1067.078s][info][gc,heap        ] GC(2969) PSYoungGen: 250944K(251392K)->64K(249344K) Eden: 250880K(250880K)->0K(241152K) From: 64K(512K)->64K(8192K)
[1067.078s][info][gc,heap        ] GC(2969) ParOldGen: 413050K(413184K)->413058K(413184K)
[1067.078s][info][gc,metaspace   ] GC(2969) Metaspace: 35593K(36416K)->35593K(36416K) NonClass: 29320K(29952K)->29320K(29952K) Class: 6272K(6464K)->6272K(6464K)
[1067.078s][info][gc             ] GC(2969) Pause Young (Allocation Failure) 648M->403M(647M) 1.512ms
[1067.078s][info][gc,cpu         ] GC(2969) User=0.00s Sys=0.00s Real=0.00s
[1067.525s][info][gc,start       ] GC(2970) Pause Young (Allocation Failure)
[1067.527s][info][gc,heap        ] GC(2970) PSYoungGen: 241216K(249344K)->64K(232448K) Eden: 241152K(241152K)->0K(231936K) From: 64K(8192K)->64K(512K)
[1067.527s][info][gc,heap        ] GC(2970) ParOldGen: 413058K(413184K)->413066K(413184K)
[1067.527s][info][gc,metaspace   ] GC(2970) Metaspace: 35593K(36416K)->35593K(36416K) NonClass: 29320K(29952K)->29320K(29952K) Class: 6272K(6464K)->6272K(6464K)
[1067.527s][info][gc             ] GC(2970) Pause Young (Allocation Failure) 638M->403M(630M) 2.171ms
[1067.527s][info][gc,cpu         ] GC(2970) User=0.01s Sys=0.00s Real=0.01s
[1067.848s][info][gc,start       ] GC(2971) Pause Young (Allocation Failure)
[1067.851s][info][gc,heap        ] GC(2971) PSYoungGen: 232000K(232448K)->64K(230400K) Eden: 231936K(231936K)->0K(223232K) From: 64K(512K)->64K(7168K)
[1067.851s][info][gc,heap        ] GC(2971) ParOldGen: 413066K(413184K)->413074K(413184K)
[1067.851s][info][gc,metaspace   ] GC(2971) Metaspace: 35593K(36416K)->35593K(36416K) NonClass: 29320K(29952K)->29320K(29952K) Class: 6272K(6464K)->6272K(6464K)
[1067.851s][info][gc             ] GC(2971) Pause Young (Allocation Failure) 629M->403M(628M) 2.732ms
[1067.851s][info][gc,cpu         ] GC(2971) User=0.01s Sys=0.00s Real=0.00s
[1068.224s][info][gc,start       ] GC(2972) Pause Young (Allocation Failure)
[1068.245s][info][gc,heap        ] GC(2972) PSYoungGen: 223296K(230400K)->6656K(272384K) Eden: 223232K(223232K)->0K(265728K) From: 64K(7168K)->6656K(6656K)
[1068.245s][info][gc,heap        ] GC(2972) ParOldGen: 413074K(413184K)->413298K(413696K)
[1068.245s][info][gc,metaspace   ] GC(2972) Metaspace: 35593K(36416K)->35593K(36416K) NonClass: 29320K(29952K)->29320K(29952K) Class: 6272K(6464K)->6272K(6464K)
[1068.245s][info][gc             ] GC(2972) Pause Young (Allocation Failure) 621M->410M(670M) 21.535ms
[1068.245s][info][gc,cpu         ] GC(2972) User=0.02s Sys=0.00s Real=0.02s
[1068.548s][info][gc,start       ] GC(2973) Pause Young (Allocation Failure)
[1068.605s][info][gc,heap        ] GC(2973) PSYoungGen: 272384K(272384K)->8704K(287232K) Eden: 265728K(265728K)->0K(278528K) From: 6656K(6656K)->8704K(8704K)
[1068.605s][info][gc,heap        ] GC(2973) ParOldGen: 413298K(413696K)->432946K(433152K)
[1068.605s][info][gc,metaspace   ] GC(2973) Metaspace: 35593K(36416K)->35593K(36416K) NonClass: 29320K(29952K)->29320K(29952K) Class: 6272K(6464K)->6272K(6464K)
[1068.605s][info][gc             ] GC(2973) Pause Young (Allocation Failure) 669M->431M(703M) 57.266ms
[1068.605s][info][gc,cpu         ] GC(2973) User=0.10s Sys=0.01s Real=0.05s
[1068.923s][info][gc,start       ] GC(2974) Pause Young (Allocation Failure)
[1068.991s][info][gc,heap        ] GC(2974) PSYoungGen: 287232K(287232K)->17920K(299520K) Eden: 278528K(278528K)->0K(281600K) From: 8704K(8704K)->17920K(17920K)
[1068.991s][info][gc,heap        ] GC(2974) ParOldGen: 432946K(433152K)->445442K(445952K)
[1068.991s][info][gc,metaspace   ] GC(2974) Metaspace: 35593K(36416K)->35593K(36416K) NonClass: 29320K(29952K)->29320K(29952K) Class: 6272K(6464K)->6272K(6464K)
[1068.991s][info][gc             ] GC(2974) Pause Young (Allocation Failure) 703M->452M(728M) 68.217ms
[1068.991s][info][gc,cpu         ] GC(2974) User=0.11s Sys=0.03s Real=0.07s
[1069.115s][info][gc,start       ] GC(2975) Pause Young (Allocation Failure)
[1069.126s][info][gc,heap        ] GC(2975) PSYoungGen: 299520K(299520K)->4096K(307712K) Eden: 281600K(281600K)->0K(281600K) From: 17920K(17920K)->4096K(26112K)
[1069.127s][info][gc,heap        ] GC(2975) ParOldGen: 445442K(445952K)->445890K(445952K)
[1069.127s][info][gc,metaspace   ] GC(2975) Metaspace: 35593K(36416K)->35593K(36416K) NonClass: 29320K(29952K)->29320K(29952K) Class: 6272K(6464K)->6272K(6464K)
[1069.127s][info][gc             ] GC(2975) Pause Young (Allocation Failure) 727M->439M(736M) 11.345ms
[1069.127s][info][gc,cpu         ] GC(2975) User=0.02s Sys=0.00s Real=0.02s
[1069.709s][info][gc,start       ] GC(2976) Pause Young (Allocation Failure)
[1069.711s][info][gc,heap        ] GC(2976) PSYoungGen: 285696K(307712K)->64K(305152K) Eden: 281600K(281600K)->0K(283136K) From: 4096K(26112K)->64K(22016K)
[1069.711s][info][gc,heap        ] GC(2976) ParOldGen: 445890K(445952K)->445898K(445952K)
[1069.711s][info][gc,metaspace   ] GC(2976) Metaspace: 35593K(36416K)->35593K(36416K) NonClass: 29320K(29952K)->29320K(29952K) Class: 6272K(6464K)->6272K(6464K)
[1069.711s][info][gc             ] GC(2976) Pause Young (Allocation Failure) 714M->435M(733M) 1.856ms
[1069.711s][info][gc,cpu         ] GC(2976) User=0.00s Sys=0.00s Real=0.00s
[1070.172s][info][gc,start       ] GC(2977) Pause Young (Allocation Failure)
[1070.174s][info][gc,heap        ] GC(2977) PSYoungGen: 283200K(305152K)->64K(307200K) Eden: 283136K(283136K)->0K(283136K) From: 64K(22016K)->64K(24064K)
[1070.174s][info][gc,heap        ] GC(2977) ParOldGen: 445898K(445952K)->445906K(445952K)
[1070.174s][info][gc,metaspace   ] GC(2977) Metaspace: 35593K(36416K)->35593K(36416K) NonClass: 29320K(29952K)->29320K(29952K) Class: 6272K(6464K)->6272K(6464K)
[1070.174s][info][gc             ] GC(2977) Pause Young (Allocation Failure) 712M->435M(735M) 1.651ms
[1070.174s][info][gc,cpu         ] GC(2977) User=0.00s Sys=0.00s Real=0.00s
[1070.603s][info][gc,start       ] GC(2978) Pause Young (Allocation Failure)
[1070.605s][info][gc,heap        ] GC(2978) PSYoungGen: 283200K(307200K)->64K(306688K) Eden: 283136K(283136K)->0K(286720K) From: 64K(24064K)->64K(19968K)
[1070.605s][info][gc,heap        ] GC(2978) ParOldGen: 445906K(445952K)->445922K(445952K)
[1070.605s][info][gc,metaspace   ] GC(2978) Metaspace: 35593K(36416K)->35593K(36416K) NonClass: 29320K(29952K)->29320K(29952K) Class: 6272K(6464K)->6272K(6464K)
[1070.605s][info][gc             ] GC(2978) Pause Young (Allocation Failure) 712M->435M(735M) 1.729ms
[1070.605s][info][gc,cpu         ] GC(2978) User=0.00s Sys=0.00s Real=0.00s
[1070.832s][info][gc,start       ] GC(2979) Pause Young (Allocation Failure)
[1070.833s][info][gc,heap        ] GC(2979) PSYoungGen: 286784K(306688K)->64K(308736K) Eden: 286720K(286720K)->0K(286720K) From: 64K(19968K)->64K(22016K)
[1070.833s][info][gc,heap        ] GC(2979) ParOldGen: 445922K(445952K)->445938K(445952K)
[1070.833s][info][gc,metaspace   ] GC(2979) Metaspace: 35593K(36416K)->35593K(36416K) NonClass: 29320K(29952K)->29320K(29952K) Class: 6272K(6464K)->6272K(6464K)
[1070.833s][info][gc             ] GC(2979) Pause Young (Allocation Failure) 715M->435M(737M) 1.643ms
[1070.833s][info][gc,cpu         ] GC(2979) User=0.01s Sys=0.00s Real=0.00s
[1071.060s][info][gc,start       ] GC(2980) Pause Young (Allocation Failure)
[1071.062s][info][gc,heap        ] GC(2980) PSYoungGen: 286784K(308736K)->64K(309248K) Eden: 286720K(286720K)->0K(290304K) From: 64K(22016K)->64K(18944K)
[1071.062s][info][gc,heap        ] GC(2980) ParOldGen: 445938K(445952K)->445938K(445952K)
[1071.062s][info][gc,metaspace   ] GC(2980) Metaspace: 35593K(36416K)->35593K(36416K) NonClass: 29320K(29952K)->29320K(29952K) Class: 6272K(6464K)->6272K(6464K)
[1071.062s][info][gc             ] GC(2980) Pause Young (Allocation Failure) 715M->435M(737M) 1.775ms
[1071.062s][info][gc,cpu         ] GC(2980) User=0.00s Sys=0.00s Real=0.00s
[1071.429s][info][gc,start       ] GC(2981) Pause Young (Allocation Failure)
[1071.430s][info][gc,heap        ] GC(2981) PSYoungGen: 290368K(309248K)->64K(310784K) Eden: 290304K(290304K)->0K(290304K) From: 64K(18944K)->64K(20480K)
[1071.430s][info][gc,heap        ] GC(2981) ParOldGen: 445938K(445952K)->445938K(445952K)
[1071.430s][info][gc,metaspace   ] GC(2981) Metaspace: 35593K(36416K)->35593K(36416K) NonClass: 29320K(29952K)->29320K(29952K) Class: 6272K(6464K)->6272K(6464K)
[1071.430s][info][gc             ] GC(2981) Pause Young (Allocation Failure) 719M->435M(739M) 1.610ms
[1071.430s][info][gc,cpu         ] GC(2981) User=0.00s Sys=0.00s Real=0.00s
[1071.483s][info][gc,start       ] GC(2982) Pause Young (Allocation Failure)
[1071.484s][info][gc,heap        ] GC(2982) PSYoungGen: 290367K(310784K)->64K(310784K) Eden: 290303K(290304K)->0K(293888K) From: 64K(20480K)->64K(16896K)
[1071.484s][info][gc,heap        ] GC(2982) ParOldGen: 445938K(445952K)->445954K(446464K)
[1071.484s][info][gc,metaspace   ] GC(2982) Metaspace: 35593K(36416K)->35593K(36416K) NonClass: 29320K(29952K)->29320K(29952K) Class: 6272K(6464K)->6272K(6464K)
[1071.484s][info][gc             ] GC(2982) Pause Young (Allocation Failure) 719M->435M(739M) 1.617ms
[1071.484s][info][gc,cpu         ] GC(2982) User=0.00s Sys=0.00s Real=0.00s
[1071.538s][info][gc,start       ] GC(2983) Pause Young (Allocation Failure)
[1071.539s][info][gc,heap        ] GC(2983) PSYoungGen: 293952K(310784K)->64K(312320K) Eden: 293888K(293888K)->0K(293888K) From: 64K(16896K)->64K(18432K)
[1071.539s][info][gc,heap        ] GC(2983) ParOldGen: 445954K(446464K)->445954K(446464K)
[1071.539s][info][gc,metaspace   ] GC(2983) Metaspace: 35593K(36416K)->35593K(36416K) NonClass: 29320K(29952K)->29320K(29952K) Class: 6272K(6464K)->6272K(6464K)
[1071.539s][info][gc             ] GC(2983) Pause Young (Allocation Failure) 722M->435M(741M) 1.595ms
[1071.539s][info][gc,cpu         ] GC(2983) User=0.00s Sys=0.00s Real=0.00s
[1071.711s][info][gc,start       ] GC(2984) Pause Young (Allocation Failure)
[1071.712s][info][gc,heap        ] GC(2984) PSYoungGen: 293952K(312320K)->64K(312832K) Eden: 293888K(293888K)->0K(297984K) From: 64K(18432K)->64K(14848K)
[1071.712s][info][gc,heap        ] GC(2984) ParOldGen: 445954K(446464K)->445954K(446464K)
[1071.712s][info][gc,metaspace   ] GC(2984) Metaspace: 35593K(36416K)->35593K(36416K) NonClass: 29320K(29952K)->29320K(29952K) Class: 6272K(6464K)->6272K(6464K)
[1071.712s][info][gc             ] GC(2984) Pause Young (Allocation Failure) 722M->435M(741M) 1.601ms
[1071.712s][info][gc,cpu         ] GC(2984) User=0.00s Sys=0.00s Real=0.00s
[1071.929s][info][gc,start       ] GC(2985) Pause Young (Allocation Failure)
[1071.930s][info][gc,heap        ] GC(2985) PSYoungGen: 298048K(312832K)->64K(314368K) Eden: 297984K(297984K)->0K(297984K) From: 64K(14848K)->64K(16384K)
[1071.930s][info][gc,heap        ] GC(2985) ParOldGen: 445954K(446464K)->445962K(446464K)
[1071.930s][info][gc,metaspace   ] GC(2985) Metaspace: 35593K(36416K)->35593K(36416K) NonClass: 29320K(29952K)->29320K(29952K) Class: 6272K(6464K)->6272K(6464K)
[1071.930s][info][gc             ] GC(2985) Pause Young (Allocation Failure) 726M->435M(743M) 1.597ms
[1071.930s][info][gc,cpu         ] GC(2985) User=0.01s Sys=0.00s Real=0.00s
[1072.059s][info][gc,start       ] GC(2986) Pause Young (Allocation Failure)
[1072.060s][info][gc,heap        ] GC(2986) PSYoungGen: 298048K(314368K)->64K(314880K) Eden: 297984K(297984K)->0K(302080K) From: 64K(16384K)->64K(12800K)
[1072.060s][info][gc,heap        ] GC(2986) ParOldGen: 445962K(446464K)->445970K(446464K)
[1072.060s][info][gc,metaspace   ] GC(2986) Metaspace: 35593K(36416K)->35593K(36416K) NonClass: 29320K(29952K)->29320K(29952K) Class: 6272K(6464K)->6272K(6464K)
[1072.060s][info][gc             ] GC(2986) Pause Young (Allocation Failure) 726M->435M(743M) 1.630ms
[1072.060s][info][gc,cpu         ] GC(2986) User=0.01s Sys=0.00s Real=0.00s
[1072.157s][info][gc,start       ] GC(2987) Pause Young (Allocation Failure)
[1072.158s][info][gc,heap        ] GC(2987) PSYoungGen: 302144K(314880K)->64K(316416K) Eden: 302080K(302080K)->0K(302080K) From: 64K(12800K)->64K(14336K)
[1072.158s][info][gc,heap        ] GC(2987) ParOldGen: 445970K(446464K)->445978K(446464K)
[1072.158s][info][gc,metaspace   ] GC(2987) Metaspace: 35593K(36416K)->35593K(36416K) NonClass: 29320K(29952K)->29320K(29952K) Class: 6272K(6464K)->6272K(6464K)
[1072.158s][info][gc             ] GC(2987) Pause Young (Allocation Failure) 730M->435M(745M) 1.627ms
[1072.158s][info][gc,cpu         ] GC(2987) User=0.00s Sys=0.00s Real=0.00s
[1072.335s][info][gc,start       ] GC(2988) Pause Young (Allocation Failure)
[1072.337s][info][gc,heap        ] GC(2988) PSYoungGen: 302144K(316416K)->64K(316928K) Eden: 302080K(302080K)->0K(305664K) From: 64K(14336K)->64K(11264K)
[1072.337s][info][gc,heap        ] GC(2988) ParOldGen: 445978K(446464K)->445986K(446464K)
[1072.337s][info][gc,metaspace   ] GC(2988) Metaspace: 35593K(36416K)->35593K(36416K) NonClass: 29320K(29952K)->29320K(29952K) Class: 6272K(6464K)->6272K(6464K)
[1072.337s][info][gc             ] GC(2988) Pause Young (Allocation Failure) 730M->435M(745M) 1.677ms
[1072.337s][info][gc,cpu         ] GC(2988) User=0.00s Sys=0.00s Real=0.01s
[1073.306s][info][gc,start       ] GC(2989) Pause Young (Allocation Failure)
[1073.308s][info][gc,heap        ] GC(2989) PSYoungGen: 305728K(316928K)->64K(318464K) Eden: 305664K(305664K)->0K(305664K) From: 64K(11264K)->64K(12800K)
[1073.308s][info][gc,heap        ] GC(2989) ParOldGen: 445986K(446464K)->445994K(446464K)
[1073.308s][info][gc,metaspace   ] GC(2989) Metaspace: 35593K(36416K)->35593K(36416K) NonClass: 29320K(29952K)->29320K(29952K) Class: 6272K(6464K)->6272K(6464K)
[1073.308s][info][gc             ] GC(2989) Pause Young (Allocation Failure) 734M->435M(747M) 1.717ms
[1073.308s][info][gc,cpu         ] GC(2989) User=0.01s Sys=0.00s Real=0.00s
[1074.219s][info][gc,start       ] GC(2990) Pause Young (Allocation Failure)
[1074.221s][info][gc,heap        ] GC(2990) PSYoungGen: 305728K(318464K)->64K(293888K) Eden: 305664K(305664K)->0K(293376K) From: 64K(12800K)->64K(512K)
[1074.221s][info][gc,heap        ] GC(2990) ParOldGen: 445994K(446464K)->446002K(446464K)
[1074.221s][info][gc,metaspace   ] GC(2990) Metaspace: 35593K(36416K)->35593K(36416K) NonClass: 29320K(29952K)->29320K(29952K) Class: 6272K(6464K)->6272K(6464K)
[1074.221s][info][gc             ] GC(2990) Pause Young (Allocation Failure) 734M->435M(723M) 2.267ms
[1074.221s][info][gc,cpu         ] GC(2990) User=0.01s Sys=0.00s Real=0.00s
[1074.608s][info][gc,start       ] GC(2991) Pause Young (Allocation Failure)
[1074.609s][info][gc,heap        ] GC(2991) PSYoungGen: 293440K(293888K)->64K(292864K) Eden: 293376K(293376K)->0K(281600K) From: 64K(512K)->64K(11264K)
[1074.609s][info][gc,heap        ] GC(2991) ParOldGen: 446002K(446464K)->446010K(446464K)
[1074.609s][info][gc,metaspace   ] GC(2991) Metaspace: 35593K(36416K)->35593K(36416K) NonClass: 29320K(29952K)->29320K(29952K) Class: 6272K(6464K)->6272K(6464K)
[1074.609s][info][gc             ] GC(2991) Pause Young (Allocation Failure) 722M->435M(722M) 1.584ms
[1074.609s][info][gc,cpu         ] GC(2991) User=0.00s Sys=0.00s Real=0.00s
[1074.983s][info][gc,start       ] GC(2992) Pause Young (Allocation Failure)
[1074.985s][info][gc,heap        ] GC(2992) PSYoungGen: 281664K(292864K)->64K(271360K) Eden: 281600K(281600K)->0K(270848K) From: 64K(11264K)->64K(512K)
[1074.985s][info][gc,heap        ] GC(2992) ParOldGen: 446010K(446464K)->446018K(446464K)
[1074.985s][info][gc,metaspace   ] GC(2992) Metaspace: 35593K(36416K)->35593K(36416K) NonClass: 29320K(29952K)->29320K(29952K) Class: 6272K(6464K)->6272K(6464K)
[1074.985s][info][gc             ] GC(2992) Pause Young (Allocation Failure) 710M->435M(701M) 2.058ms
[1074.985s][info][gc,cpu         ] GC(2992) User=0.01s Sys=0.00s Real=0.00s
[1075.956s][info][gc,start       ] GC(2993) Pause Young (Allocation Failure)
[1075.957s][info][gc,heap        ] GC(2993) PSYoungGen: 270912K(271360K)->64K(270336K) Eden: 270848K(270848K)->0K(260608K) From: 64K(512K)->64K(9728K)
[1075.957s][info][gc,heap        ] GC(2993) ParOldGen: 446018K(446464K)->446026K(446464K)
[1075.957s][info][gc,metaspace   ] GC(2993) Metaspace: 35593K(36416K)->35593K(36416K) NonClass: 29320K(29952K)->29320K(29952K) Class: 6272K(6464K)->6272K(6464K)
[1075.957s][info][gc             ] GC(2993) Pause Young (Allocation Failure) 700M->435M(700M) 1.695ms
[1075.957s][info][gc,cpu         ] GC(2993) User=0.01s Sys=0.00s Real=0.01s
[1076.351s][info][gc,start       ] GC(2994) Pause Young (Allocation Failure)
[1076.353s][info][gc,heap        ] GC(2994) PSYoungGen: 260672K(270336K)->64K(251392K) Eden: 260608K(260608K)->0K(250880K) From: 64K(9728K)->64K(512K)
[1076.353s][info][gc,heap        ] GC(2994) ParOldGen: 446026K(446464K)->446034K(446464K)
[1076.353s][info][gc,metaspace   ] GC(2994) Metaspace: 35593K(36416K)->35593K(36416K) NonClass: 29320K(29952K)->29320K(29952K) Class: 6272K(6464K)->6272K(6464K)
[1076.354s][info][gc             ] GC(2994) Pause Young (Allocation Failure) 690M->435M(681M) 2.243ms
[1076.354s][info][gc,cpu         ] GC(2994) User=0.00s Sys=0.00s Real=0.00s
[1076.430s][info][gc,start       ] GC(2995) Pause Young (Allocation Failure)
[1076.431s][info][gc,heap        ] GC(2995) PSYoungGen: 250944K(251392K)->64K(249856K) Eden: 250880K(250880K)->0K(241152K) From: 64K(512K)->64K(8704K)
[1076.431s][info][gc,heap        ] GC(2995) ParOldGen: 446034K(446464K)->446042K(446464K)
[1076.431s][info][gc,metaspace   ] GC(2995) Metaspace: 35593K(36416K)->35593K(36416K) NonClass: 29320K(29952K)->29320K(29952K) Class: 6272K(6464K)->6272K(6464K)
[1076.431s][info][gc             ] GC(2995) Pause Young (Allocation Failure) 680M->435M(680M) 1.565ms
[1076.431s][info][gc,cpu         ] GC(2995) User=0.00s Sys=0.00s Real=0.00s
[1076.912s][info][gc,start       ] GC(2996) Pause Young (Allocation Failure)
[1076.914s][info][gc,heap        ] GC(2996) PSYoungGen: 241216K(249856K)->64K(232448K) Eden: 241152K(241152K)->0K(231936K) From: 64K(8704K)->64K(512K)
[1076.914s][info][gc,heap        ] GC(2996) ParOldGen: 446042K(446464K)->446050K(446464K)
[1076.914s][info][gc,metaspace   ] GC(2996) Metaspace: 35593K(36416K)->35593K(36416K) NonClass: 29320K(29952K)->29320K(29952K) Class: 6272K(6464K)->6272K(6464K)
[1076.914s][info][gc             ] GC(2996) Pause Young (Allocation Failure) 671M->435M(663M) 2.105ms
[1076.914s][info][gc,cpu         ] GC(2996) User=0.00s Sys=0.00s Real=0.00s
[1077.219s][info][gc,start       ] GC(2997) Pause Young (Allocation Failure)
[1077.221s][info][gc,heap        ] GC(2997) PSYoungGen: 232000K(232448K)->64K(230400K) Eden: 231936K(231936K)->0K(223232K) From: 64K(512K)->64K(7168K)
[1077.221s][info][gc,heap        ] GC(2997) ParOldGen: 446050K(446464K)->446058K(446464K)
[1077.221s][info][gc,metaspace   ] GC(2997) Metaspace: 35593K(36416K)->35593K(36416K) NonClass: 29320K(29952K)->29320K(29952K) Class: 6272K(6464K)->6272K(6464K)
[1077.221s][info][gc             ] GC(2997) Pause Young (Allocation Failure) 662M->435M(661M) 1.625ms
[1077.221s][info][gc,cpu         ] GC(2997) User=0.01s Sys=0.00s Real=0.00s
[1077.584s][info][gc,start       ] GC(2998) Pause Young (Allocation Failure)
[1077.599s][info][gc,heap        ] GC(2998) PSYoungGen: 223296K(230400K)->6656K(271872K) Eden: 223232K(223232K)->0K(265216K) From: 64K(7168K)->6656K(6656K)
[1077.599s][info][gc,heap        ] GC(2998) ParOldGen: 446058K(446464K)->447986K(448000K)
[1077.599s][info][gc,metaspace   ] GC(2998) Metaspace: 35593K(36416K)->35593K(36416K) NonClass: 29320K(29952K)->29320K(29952K) Class: 6272K(6464K)->6272K(6464K)
[1077.599s][info][gc             ] GC(2998) Pause Young (Allocation Failure) 653M->443M(703M) 15.113ms
[1077.599s][info][gc,cpu         ] GC(2998) User=0.03s Sys=0.00s Real=0.02s
[1077.899s][info][gc,start       ] GC(2999) Pause Young (Allocation Failure)
[1077.956s][info][gc,heap        ] GC(2999) PSYoungGen: 271872K(271872K)->9216K(287232K) Eden: 265216K(265216K)->0K(278016K) From: 6656K(6656K)->9216K(9216K)
[1077.956s][info][gc,heap        ] GC(2999) ParOldGen: 447986K(448000K)->467130K(467456K)
[1077.956s][info][gc,metaspace   ] GC(2999) Metaspace: 35593K(36416K)->35593K(36416K) NonClass: 29320K(29952K)->29320K(29952K) Class: 6272K(6464K)->6272K(6464K)
[1077.956s][info][gc             ] GC(2999) Pause Young (Allocation Failure) 702M->465M(737M) 56.805ms
[1077.956s][info][gc,cpu         ] GC(2999) User=0.10s Sys=0.01s Real=0.06s
[1078.273s][info][gc,start       ] GC(3000) Pause Young (Allocation Failure)
[1078.349s][info][gc,heap        ] GC(3000) PSYoungGen: 287232K(287232K)->18432K(299008K) Eden: 278016K(278016K)->0K(280576K) From: 9216K(9216K)->18432K(18432K)
[1078.349s][info][gc,heap        ] GC(3000) ParOldGen: 467130K(467456K)->479042K(479232K)
[1078.349s][info][gc,metaspace   ] GC(3000) Metaspace: 35593K(36416K)->35593K(36416K) NonClass: 29320K(29952K)->29320K(29952K) Class: 6272K(6464K)->6272K(6464K)
[1078.349s][info][gc             ] GC(3000) Pause Young (Allocation Failure) 736M->485M(760M) 76.674ms
[1078.349s][info][gc,cpu         ] GC(3000) User=0.13s Sys=0.02s Real=0.08s
[1078.463s][info][gc,start       ] GC(3001) Pause Young (Allocation Failure)
[1078.472s][info][gc,heap        ] GC(3001) PSYoungGen: 299008K(299008K)->2496K(307200K) Eden: 280576K(280576K)->0K(280576K) From: 18432K(18432K)->2496K(26624K)
[1078.472s][info][gc,heap        ] GC(3001) ParOldGen: 479042K(479232K)->479474K(479744K)
[1078.472s][info][gc,metaspace   ] GC(3001) Metaspace: 35593K(36416K)->35593K(36416K) NonClass: 29320K(29952K)->29320K(29952K) Class: 6272K(6464K)->6272K(6464K)
[1078.472s][info][gc             ] GC(3001) Pause Young (Allocation Failure) 759M->470M(768M) 9.200ms
[1078.472s][info][gc,cpu         ] GC(3001) User=0.02s Sys=0.00s Real=0.01s
[1079.110s][info][gc,start       ] GC(3002) Pause Young (Allocation Failure)
[1079.112s][info][gc,heap        ] GC(3002) PSYoungGen: 283072K(307200K)->64K(304128K) Eden: 280576K(280576K)->0K(281600K) From: 2496K(26624K)->64K(22528K)
[1079.113s][info][gc,heap        ] GC(3002) ParOldGen: 479474K(479744K)->479482K(479744K)
[1079.113s][info][gc,metaspace   ] GC(3002) Metaspace: 35593K(36416K)->35593K(36416K) NonClass: 29320K(29952K)->29320K(29952K) Class: 6272K(6464K)->6272K(6464K)
[1079.113s][info][gc             ] GC(3002) Pause Young (Allocation Failure) 744M->468M(765M) 2.126ms
[1079.113s][info][gc,cpu         ] GC(3002) User=0.01s Sys=0.00s Real=0.00s
[1079.650s][info][gc,start       ] GC(3003) Pause Young (Allocation Failure)
[1079.652s][info][gc,heap        ] GC(3003) PSYoungGen: 281664K(304128K)->128K(306176K) Eden: 281600K(281600K)->0K(281600K) From: 64K(22528K)->128K(24576K)
[1079.652s][info][gc,heap        ] GC(3003) ParOldGen: 479482K(479744K)->479490K(479744K)
[1079.652s][info][gc,metaspace   ] GC(3003) Metaspace: 35667K(36416K)->35667K(36416K) NonClass: 29394K(29952K)->29394K(29952K) Class: 6273K(6464K)->6273K(6464K)
[1079.652s][info][gc             ] GC(3003) Pause Young (Allocation Failure) 743M->468M(767M) 2.279ms
[1079.652s][info][gc,cpu         ] GC(3003) User=0.01s Sys=0.00s Real=0.00s
[1080.128s][info][gc,start       ] GC(3004) Pause Young (Allocation Failure)
[1080.130s][info][gc,heap        ] GC(3004) PSYoungGen: 281728K(306176K)->64K(306176K) Eden: 281600K(281600K)->0K(285696K) From: 128K(24576K)->64K(20480K)
[1080.130s][info][gc,heap        ] GC(3004) ParOldGen: 479490K(479744K)->479586K(479744K)
[1080.130s][info][gc,metaspace   ] GC(3004) Metaspace: 35667K(36416K)->35667K(36416K) NonClass: 29394K(29952K)->29394K(29952K) Class: 6273K(6464K)->6273K(6464K)
[1080.130s][info][gc             ] GC(3004) Pause Young (Allocation Failure) 743M->468M(767M) 1.939ms
[1080.130s][info][gc,cpu         ] GC(3004) User=0.00s Sys=0.00s Real=0.00s
[1080.361s][info][gc,start       ] GC(3005) Pause Young (Allocation Failure)
[1080.362s][info][gc,heap        ] GC(3005) PSYoungGen: 285760K(306176K)->64K(308224K) Eden: 285696K(285696K)->0K(285696K) From: 64K(20480K)->64K(22528K)
[1080.362s][info][gc,heap        ] GC(3005) ParOldGen: 479586K(479744K)->479602K(479744K)
[1080.362s][info][gc,metaspace   ] GC(3005) Metaspace: 35667K(36416K)->35667K(36416K) NonClass: 29394K(29952K)->29394K(29952K) Class: 6273K(6464K)->6273K(6464K)
[1080.362s][info][gc             ] GC(3005) Pause Young (Allocation Failure) 747M->468M(769M) 1.822ms
[1080.362s][info][gc,cpu         ] GC(3005) User=0.01s Sys=0.00s Real=0.00s
[1080.592s][info][gc,start       ] GC(3006) Pause Young (Allocation Failure)
[1080.594s][info][gc,heap        ] GC(3006) PSYoungGen: 285760K(308224K)->64K(308224K) Eden: 285696K(285696K)->0K(289792K) From: 64K(22528K)->64K(18432K)
[1080.594s][info][gc,heap        ] GC(3006) ParOldGen: 479602K(479744K)->479602K(479744K)
[1080.594s][info][gc,metaspace   ] GC(3006) Metaspace: 35667K(36416K)->35667K(36416K) NonClass: 29394K(29952K)->29394K(29952K) Class: 6273K(6464K)->6273K(6464K)
[1080.594s][info][gc             ] GC(3006) Pause Young (Allocation Failure) 747M->468M(769M) 1.781ms
[1080.594s][info][gc,cpu         ] GC(3006) User=0.01s Sys=0.00s Real=0.00s
[1080.967s][info][gc,start       ] GC(3007) Pause Young (Allocation Failure)
[1080.969s][info][gc,heap        ] GC(3007) PSYoungGen: 289856K(308224K)->64K(310272K) Eden: 289792K(289792K)->0K(289792K) From: 64K(18432K)->64K(20480K)
[1080.969s][info][gc,heap        ] GC(3007) ParOldGen: 479602K(479744K)->479602K(479744K)
[1080.969s][info][gc,metaspace   ] GC(3007) Metaspace: 35667K(36416K)->35667K(36416K) NonClass: 29394K(29952K)->29394K(29952K) Class: 6273K(6464K)->6273K(6464K)
[1080.969s][info][gc             ] GC(3007) Pause Young (Allocation Failure) 751M->468M(771M) 1.801ms
[1080.969s][info][gc,cpu         ] GC(3007) User=0.00s Sys=0.00s Real=0.00s
[1081.029s][info][gc,start       ] GC(3008) Pause Young (Allocation Failure)
[1081.030s][info][gc,heap        ] GC(3008) PSYoungGen: 289856K(310272K)->64K(310272K) Eden: 289792K(289792K)->0K(293888K) From: 64K(20480K)->64K(16384K)
[1081.030s][info][gc,heap        ] GC(3008) ParOldGen: 479602K(479744K)->479610K(479744K)
[1081.030s][info][gc,metaspace   ] GC(3008) Metaspace: 35667K(36416K)->35667K(36416K) NonClass: 29394K(29952K)->29394K(29952K) Class: 6273K(6464K)->6273K(6464K)
[1081.030s][info][gc             ] GC(3008) Pause Young (Allocation Failure) 751M->468M(771M) 1.751ms
[1081.030s][info][gc,cpu         ] GC(3008) User=0.00s Sys=0.00s Real=0.00s
[1081.085s][info][gc,start       ] GC(3009) Pause Young (Allocation Failure)
[1081.087s][info][gc,heap        ] GC(3009) PSYoungGen: 293952K(310272K)->64K(312320K) Eden: 293888K(293888K)->0K(293888K) From: 64K(16384K)->64K(18432K)
[1081.087s][info][gc,heap        ] GC(3009) ParOldGen: 479610K(479744K)->479626K(479744K)
[1081.087s][info][gc,metaspace   ] GC(3009) Metaspace: 35667K(36416K)->35667K(36416K) NonClass: 29394K(29952K)->29394K(29952K) Class: 6273K(6464K)->6273K(6464K)
[1081.087s][info][gc             ] GC(3009) Pause Young (Allocation Failure) 755M->468M(773M) 1.742ms
[1081.087s][info][gc,cpu         ] GC(3009) User=0.00s Sys=0.00s Real=0.01s
[1081.256s][info][gc,start       ] GC(3010) Pause Young (Allocation Failure)
[1081.257s][info][gc,heap        ] GC(3010) PSYoungGen: 293952K(312320K)->64K(312320K) Eden: 293888K(293888K)->0K(297984K) From: 64K(18432K)->64K(14336K)
[1081.257s][info][gc,heap        ] GC(3010) ParOldGen: 479626K(479744K)->479626K(479744K)
[1081.257s][info][gc,metaspace   ] GC(3010) Metaspace: 35667K(36416K)->35667K(36416K) NonClass: 29394K(29952K)->29394K(29952K) Class: 6273K(6464K)->6273K(6464K)
[1081.257s][info][gc             ] GC(3010) Pause Young (Allocation Failure) 755M->468M(773M) 1.781ms
[1081.257s][info][gc,cpu         ] GC(3010) User=0.00s Sys=0.00s Real=0.01s
[1081.474s][info][gc,start       ] GC(3011) Pause Young (Allocation Failure)
[1081.476s][info][gc,heap        ] GC(3011) PSYoungGen: 298048K(312320K)->64K(314368K) Eden: 297984K(297984K)->0K(297984K) From: 64K(14336K)->64K(16384K)
[1081.476s][info][gc,heap        ] GC(3011) ParOldGen: 479626K(479744K)->479634K(479744K)
[1081.476s][info][gc,metaspace   ] GC(3011) Metaspace: 35667K(36416K)->35667K(36416K) NonClass: 29394K(29952K)->29394K(29952K) Class: 6273K(6464K)->6273K(6464K)
[1081.476s][info][gc             ] GC(3011) Pause Young (Allocation Failure) 759M->468M(775M) 1.729ms
[1081.476s][info][gc,cpu         ] GC(3011) User=0.00s Sys=0.00s Real=0.01s
[1081.608s][info][gc,start       ] GC(3012) Pause Young (Allocation Failure)
[1081.610s][info][gc,heap        ] GC(3012) PSYoungGen: 298048K(314368K)->64K(314880K) Eden: 297984K(297984K)->0K(301568K) From: 64K(16384K)->64K(13312K)
[1081.610s][info][gc,heap        ] GC(3012) ParOldGen: 479634K(479744K)->479642K(479744K)
[1081.610s][info][gc,metaspace   ] GC(3012) Metaspace: 35667K(36416K)->35667K(36416K) NonClass: 29394K(29952K)->29394K(29952K) Class: 6273K(6464K)->6273K(6464K)
[1081.610s][info][gc             ] GC(3012) Pause Young (Allocation Failure) 759M->468M(776M) 1.930ms
[1081.610s][info][gc,cpu         ] GC(3012) User=0.00s Sys=0.00s Real=0.00s
[1081.707s][info][gc,start       ] GC(3013) Pause Young (Allocation Failure)
[1081.709s][info][gc,heap        ] GC(3013) PSYoungGen: 301632K(314880K)->64K(316416K) Eden: 301568K(301568K)->0K(301568K) From: 64K(13312K)->64K(14848K)
[1081.709s][info][gc,heap        ] GC(3013) ParOldGen: 479642K(479744K)->479650K(479744K)
[1081.709s][info][gc,metaspace   ] GC(3013) Metaspace: 35667K(36416K)->35667K(36416K) NonClass: 29394K(29952K)->29394K(29952K) Class: 6273K(6464K)->6273K(6464K)
[1081.709s][info][gc             ] GC(3013) Pause Young (Allocation Failure) 762M->468M(777M) 1.824ms
[1081.709s][info][gc,cpu         ] GC(3013) User=0.00s Sys=0.00s Real=0.00s
[1081.885s][info][gc,start       ] GC(3014) Pause Young (Allocation Failure)
[1081.886s][info][gc,heap        ] GC(3014) PSYoungGen: 301632K(316416K)->64K(316416K) Eden: 301568K(301568K)->0K(305152K) From: 64K(14848K)->64K(11264K)
[1081.886s][info][gc,heap        ] GC(3014) ParOldGen: 479650K(479744K)->479658K(479744K)
[1081.886s][info][gc,metaspace   ] GC(3014) Metaspace: 35667K(36416K)->35667K(36416K) NonClass: 29394K(29952K)->29394K(29952K) Class: 6273K(6464K)->6273K(6464K)
[1081.886s][info][gc             ] GC(3014) Pause Young (Allocation Failure) 762M->468M(777M) 1.740ms
[1081.886s][info][gc,cpu         ] GC(3014) User=0.00s Sys=0.00s Real=0.01s
[1082.861s][info][gc,start       ] GC(3015) Pause Young (Allocation Failure)
[1082.863s][info][gc,heap        ] GC(3015) PSYoungGen: 305216K(316416K)->83K(317952K) Eden: 305152K(305152K)->0K(305152K) From: 64K(11264K)->83K(12800K)
[1082.863s][info][gc,heap        ] GC(3015) ParOldGen: 479658K(479744K)->479666K(479744K)
[1082.863s][info][gc,metaspace   ] GC(3015) Metaspace: 35667K(36416K)->35667K(36416K) NonClass: 29394K(29952K)->29394K(29952K) Class: 6273K(6464K)->6273K(6464K)
[1082.863s][info][gc             ] GC(3015) Pause Young (Allocation Failure) 766M->468M(779M) 1.825ms
[1082.863s][info][gc,cpu         ] GC(3015) User=0.00s Sys=0.00s Real=0.00s
[1083.769s][info][gc,start       ] GC(3016) Pause Young (Allocation Failure)
[1083.771s][info][gc,heap        ] GC(3016) PSYoungGen: 305235K(317952K)->64K(293376K) Eden: 305152K(305152K)->0K(292864K) From: 83K(12800K)->64K(512K)
[1083.771s][info][gc,heap        ] GC(3016) ParOldGen: 479666K(479744K)->479674K(479744K)
[1083.771s][info][gc,metaspace   ] GC(3016) Metaspace: 35667K(36416K)->35667K(36416K) NonClass: 29394K(29952K)->29394K(29952K) Class: 6273K(6464K)->6273K(6464K)
[1083.771s][info][gc             ] GC(3016) Pause Young (Allocation Failure) 766M->468M(755M) 2.368ms
[1083.771s][info][gc,cpu         ] GC(3016) User=0.00s Sys=0.00s Real=0.00s
[1084.137s][info][gc,start       ] GC(3017) Pause Young (Allocation Failure)
[1084.139s][info][gc,heap        ] GC(3017) PSYoungGen: 292928K(293376K)->64K(292864K) Eden: 292864K(292864K)->0K(281600K) From: 64K(512K)->64K(11264K)
[1084.139s][info][gc,heap        ] GC(3017) ParOldGen: 479674K(479744K)->479682K(479744K)
[1084.139s][info][gc,metaspace   ] GC(3017) Metaspace: 35667K(36416K)->35667K(36416K) NonClass: 29394K(29952K)->29394K(29952K) Class: 6273K(6464K)->6273K(6464K)
[1084.139s][info][gc             ] GC(3017) Pause Young (Allocation Failure) 754M->468M(754M) 1.779ms
[1084.139s][info][gc,cpu         ] GC(3017) User=0.00s Sys=0.00s Real=0.00s
[1084.538s][info][gc,start       ] GC(3018) Pause Young (Allocation Failure)
[1084.541s][info][gc,heap        ] GC(3018) PSYoungGen: 281664K(292864K)->64K(271360K) Eden: 281600K(281600K)->0K(270848K) From: 64K(11264K)->64K(512K)
[1084.541s][info][gc,heap        ] GC(3018) ParOldGen: 479682K(479744K)->479690K(479744K)
[1084.541s][info][gc,metaspace   ] GC(3018) Metaspace: 35667K(36416K)->35667K(36416K) NonClass: 29394K(29952K)->29394K(29952K) Class: 6273K(6464K)->6273K(6464K)
[1084.541s][info][gc             ] GC(3018) Pause Young (Allocation Failure) 743M->468M(733M) 2.392ms
[1084.541s][info][gc,cpu         ] GC(3018) User=0.00s Sys=0.00s Real=0.00s
[1085.513s][info][gc,start       ] GC(3019) Pause Young (Allocation Failure)
[1085.514s][info][gc,heap        ] GC(3019) PSYoungGen: 270912K(271360K)->64K(270336K) Eden: 270848K(270848K)->0K(260608K) From: 64K(512K)->64K(9728K)
[1085.514s][info][gc,heap        ] GC(3019) ParOldGen: 479690K(479744K)->479698K(479744K)
[1085.514s][info][gc,metaspace   ] GC(3019) Metaspace: 35667K(36416K)->35667K(36416K) NonClass: 29394K(29952K)->29394K(29952K) Class: 6273K(6464K)->6273K(6464K)
[1085.514s][info][gc             ] GC(3019) Pause Young (Allocation Failure) 733M->468M(732M) 1.880ms
[1085.514s][info][gc,cpu         ] GC(3019) User=0.00s Sys=0.00s Real=0.00s
[1085.893s][info][gc,start       ] GC(3020) Pause Young (Allocation Failure)
[1085.895s][info][gc,heap        ] GC(3020) PSYoungGen: 260672K(270336K)->64K(251392K) Eden: 260608K(260608K)->0K(250880K) From: 64K(9728K)->64K(512K)
[1085.895s][info][gc,heap        ] GC(3020) ParOldGen: 479698K(479744K)->479706K(479744K)
[1085.895s][info][gc,metaspace   ] GC(3020) Metaspace: 35667K(36416K)->35667K(36416K) NonClass: 29394K(29952K)->29394K(29952K) Class: 6273K(6464K)->6273K(6464K)
[1085.895s][info][gc             ] GC(3020) Pause Young (Allocation Failure) 723M->468M(714M) 1.920ms
[1085.895s][info][gc,cpu         ] GC(3020) User=0.00s Sys=0.00s Real=0.00s
[1085.988s][info][gc,start       ] GC(3021) Pause Young (Allocation Failure)
[1085.990s][info][gc,heap        ] GC(3021) PSYoungGen: 250944K(251392K)->64K(294400K) Eden: 250880K(250880K)->0K(285696K) From: 64K(512K)->64K(8704K)
[1085.991s][info][gc,heap        ] GC(3021) ParOldGen: 479706K(479744K)->479714K(479744K)
[1085.991s][info][gc,metaspace   ] GC(3021) Metaspace: 35667K(36416K)->35667K(36416K) NonClass: 29394K(29952K)->29394K(29952K) Class: 6273K(6464K)->6273K(6464K)
[1085.991s][info][gc             ] GC(3021) Pause Young (Allocation Failure) 713M->468M(756M) 2.276ms
[1085.991s][info][gc,cpu         ] GC(3021) User=0.00s Sys=0.00s Real=0.00s
[1086.560s][info][gc,start       ] GC(3022) Pause Young (Allocation Failure)
[1086.563s][info][gc,heap        ] GC(3022) PSYoungGen: 285760K(294400K)->64K(274944K) Eden: 285696K(285696K)->0K(274432K) From: 64K(8704K)->64K(512K)
[1086.563s][info][gc,heap        ] GC(3022) ParOldGen: 479714K(479744K)->479722K(479744K)
[1086.563s][info][gc,metaspace   ] GC(3022) Metaspace: 35667K(36416K)->35667K(36416K) NonClass: 29394K(29952K)->29394K(29952K) Class: 6273K(6464K)->6273K(6464K)
[1086.563s][info][gc             ] GC(3022) Pause Young (Allocation Failure) 747M->468M(737M) 3.137ms
[1086.563s][info][gc,cpu         ] GC(3022) User=0.01s Sys=0.00s Real=0.00s
[1086.908s][info][gc,start       ] GC(3023) Pause Young (Allocation Failure)
[1086.911s][info][gc,heap        ] GC(3023) PSYoungGen: 274496K(274944K)->32K(270848K) Eden: 274432K(274432K)->0K(263680K) From: 64K(512K)->32K(7168K)
[1086.911s][info][gc,heap        ] GC(3023) ParOldGen: 479722K(479744K)->479738K(479744K)
[1086.911s][info][gc,metaspace   ] GC(3023) Metaspace: 35667K(36416K)->35667K(36416K) NonClass: 29394K(29952K)->29394K(29952K) Class: 6273K(6464K)->6273K(6464K)
[1086.911s][info][gc             ] GC(3023) Pause Young (Allocation Failure) 736M->468M(733M) 3.063ms
[1086.911s][info][gc,cpu         ] GC(3023) User=0.00s Sys=0.00s Real=0.00s
[1087.273s][info][gc,start       ] GC(3024) Pause Young (Allocation Failure)
[1087.317s][info][gc,heap        ] GC(3024) PSYoungGen: 263712K(270848K)->6656K(290304K) Eden: 263680K(263680K)->0K(283648K) From: 32K(7168K)->6656K(6656K)
[1087.317s][info][gc,heap        ] GC(3024) ParOldGen: 479738K(479744K)->493706K(494080K)
[1087.317s][info][gc,metaspace   ] GC(3024) Metaspace: 35667K(36416K)->35667K(36416K) NonClass: 29394K(29952K)->29394K(29952K) Class: 6273K(6464K)->6273K(6464K)
[1087.317s][info][gc             ] GC(3024) Pause Young (Allocation Failure) 726M->488M(766M) 43.962ms
[1087.317s][info][gc,cpu         ] GC(3024) User=0.07s Sys=0.01s Real=0.05s
[1087.638s][info][gc,start       ] GC(3025) Pause Young (Allocation Failure)
[1087.701s][info][gc,heap        ] GC(3025) PSYoungGen: 290304K(290304K)->13824K(297472K) Eden: 283648K(283648K)->0K(283648K) From: 6656K(6656K)->13824K(13824K)
[1087.701s][info][gc,heap        ] GC(3025) ParOldGen: 493706K(494080K)->510650K(510976K)
[1087.701s][info][gc,metaspace   ] GC(3025) Metaspace: 35667K(36416K)->35667K(36416K) NonClass: 29394K(29952K)->29394K(29952K) Class: 6273K(6464K)->6273K(6464K)
[1087.701s][info][gc             ] GC(3025) Pause Young (Allocation Failure) 765M->512M(789M) 62.749ms
[1087.701s][info][gc,cpu         ] GC(3025) User=0.12s Sys=0.01s Real=0.06s
[1087.926s][info][gc,start       ] GC(3026) Pause Young (Allocation Failure)
[1087.968s][info][gc,heap        ] GC(3026) PSYoungGen: 297472K(297472K)->18080K(304640K) Eden: 283648K(283648K)->0K(281600K) From: 13824K(13824K)->18080K(23040K)
[1087.968s][info][gc,heap        ] GC(3026) ParOldGen: 510650K(510976K)->511274K(511488K)
[1087.968s][info][gc,metaspace   ] GC(3026) Metaspace: 35667K(36416K)->35667K(36416K) NonClass: 29394K(29952K)->29394K(29952K) Class: 6273K(6464K)->6273K(6464K)
[1087.968s][info][gc             ] GC(3026) Pause Young (Allocation Failure) 789M->516M(797M) 42.588ms
[1087.968s][info][gc,cpu         ] GC(3026) User=0.07s Sys=0.01s Real=0.04s
[1088.275s][info][gc,start       ] GC(3027) Pause Young (Allocation Failure)
[1088.277s][info][gc,heap        ] GC(3027) PSYoungGen: 299680K(304640K)->64K(307712K) Eden: 281600K(281600K)->0K(281600K) From: 18080K(23040K)->64K(26112K)
[1088.277s][info][gc,heap        ] GC(3027) ParOldGen: 511274K(511488K)->511282K(511488K)
[1088.277s][info][gc,metaspace   ] GC(3027) Metaspace: 35667K(36416K)->35667K(36416K) NonClass: 29394K(29952K)->29394K(29952K) Class: 6273K(6464K)->6273K(6464K)
[1088.277s][info][gc             ] GC(3027) Pause Young (Allocation Failure) 791M->499M(800M) 1.773ms
[1088.277s][info][gc,cpu         ] GC(3027) User=0.00s Sys=0.00s Real=0.01s
[1088.922s][info][gc,start       ] GC(3028) Pause Young (Allocation Failure)
[1088.924s][info][gc,heap        ] GC(3028) PSYoungGen: 281664K(307712K)->64K(304640K) Eden: 281600K(281600K)->0K(282624K) From: 64K(26112K)->64K(22016K)
[1088.924s][info][gc,heap        ] GC(3028) ParOldGen: 511282K(511488K)->511290K(511488K)
[1088.924s][info][gc,metaspace   ] GC(3028) Metaspace: 35667K(36416K)->35667K(36416K) NonClass: 29394K(29952K)->29394K(29952K) Class: 6273K(6464K)->6273K(6464K)
[1088.924s][info][gc             ] GC(3028) Pause Young (Allocation Failure) 774M->499M(797M) 1.871ms
[1088.924s][info][gc,cpu         ] GC(3028) User=0.00s Sys=0.00s Real=0.00s
[1089.364s][info][gc,start       ] GC(3029) Pause Young (Allocation Failure)
[1089.366s][info][gc,heap        ] GC(3029) PSYoungGen: 282688K(304640K)->64K(306688K) Eden: 282624K(282624K)->0K(282624K) From: 64K(22016K)->64K(24064K)
[1089.366s][info][gc,heap        ] GC(3029) ParOldGen: 511290K(511488K)->511306K(511488K)
[1089.366s][info][gc,metaspace   ] GC(3029) Metaspace: 35667K(36416K)->35667K(36416K) NonClass: 29394K(29952K)->29394K(29952K) Class: 6273K(6464K)->6273K(6464K)
[1089.367s][info][gc             ] GC(3029) Pause Young (Allocation Failure) 775M->499M(799M) 2.267ms
[1089.367s][info][gc,cpu         ] GC(3029) User=0.01s Sys=0.00s Real=0.01s
[1089.612s][info][gc,start       ] GC(3030) Pause Young (Allocation Failure)
[1089.613s][info][gc,heap        ] GC(3030) PSYoungGen: 282688K(306688K)->64K(307200K) Eden: 282624K(282624K)->0K(286208K) From: 64K(24064K)->64K(20992K)
[1089.614s][info][gc,heap        ] GC(3030) ParOldGen: 511306K(511488K)->511314K(511488K)
[1089.614s][info][gc,metaspace   ] GC(3030) Metaspace: 35667K(36416K)->35667K(36416K) NonClass: 29394K(29952K)->29394K(29952K) Class: 6273K(6464K)->6273K(6464K)
[1089.614s][info][gc             ] GC(3030) Pause Young (Allocation Failure) 775M->499M(799M) 1.880ms
[1089.614s][info][gc,cpu         ] GC(3030) User=0.00s Sys=0.00s Real=0.00s
[1089.839s][info][gc,start       ] GC(3031) Pause Young (Allocation Failure)
[1089.841s][info][gc,heap        ] GC(3031) PSYoungGen: 286272K(307200K)->32K(308736K) Eden: 286208K(286208K)->0K(286208K) From: 64K(20992K)->32K(22528K)
[1089.841s][info][gc,heap        ] GC(3031) ParOldGen: 511314K(511488K)->511330K(511488K)
[1089.841s][info][gc,metaspace   ] GC(3031) Metaspace: 35667K(36416K)->35667K(36416K) NonClass: 29394K(29952K)->29394K(29952K) Class: 6273K(6464K)->6273K(6464K)
[1089.841s][info][gc             ] GC(3031) Pause Young (Allocation Failure) 778M->499M(801M) 1.886ms
[1089.841s][info][gc,cpu         ] GC(3031) User=0.00s Sys=0.00s Real=0.00s
[1090.180s][info][gc,start       ] GC(3032) Pause Young (Allocation Failure)
[1090.181s][info][gc,heap        ] GC(3032) PSYoungGen: 286240K(308736K)->64K(308736K) Eden: 286208K(286208K)->0K(289792K) From: 32K(22528K)->64K(18944K)
[1090.181s][info][gc,heap        ] GC(3032) ParOldGen: 511330K(511488K)->511330K(511488K)
[1090.181s][info][gc,metaspace   ] GC(3032) Metaspace: 35667K(36416K)->35667K(36416K) NonClass: 29394K(29952K)->29394K(29952K) Class: 6273K(6464K)->6273K(6464K)
[1090.182s][info][gc             ] GC(3032) Pause Young (Allocation Failure) 778M->499M(801M) 1.829ms
[1090.182s][info][gc,cpu         ] GC(3032) User=0.00s Sys=0.00s Real=0.00s
[1090.344s][info][gc,start       ] GC(3033) Pause Young (Allocation Failure)
[1090.346s][info][gc,heap        ] GC(3033) PSYoungGen: 289856K(308736K)->64K(310272K) Eden: 289792K(289792K)->0K(289792K) From: 64K(18944K)->64K(20480K)
[1090.346s][info][gc,heap        ] GC(3033) ParOldGen: 511330K(511488K)->511338K(511488K)
[1090.346s][info][gc,metaspace   ] GC(3033) Metaspace: 35667K(36416K)->35667K(36416K) NonClass: 29394K(29952K)->29394K(29952K) Class: 6273K(6464K)->6273K(6464K)
[1090.346s][info][gc             ] GC(3033) Pause Young (Allocation Failure) 782M->499M(802M) 1.831ms
[1090.346s][info][gc,cpu         ] GC(3033) User=0.01s Sys=0.00s Real=0.01s
[1090.398s][info][gc,start       ] GC(3034) Pause Young (Allocation Failure)
[1090.400s][info][gc,heap        ] GC(3034) PSYoungGen: 289856K(310272K)->64K(310784K) Eden: 289792K(289792K)->0K(293888K) From: 64K(20480K)->64K(16896K)
[1090.400s][info][gc,heap        ] GC(3034) ParOldGen: 511338K(511488K)->511354K(511488K)
[1090.400s][info][gc,metaspace   ] GC(3034) Metaspace: 35667K(36416K)->35667K(36416K) NonClass: 29394K(29952K)->29394K(29952K) Class: 6273K(6464K)->6273K(6464K)
[1090.400s][info][gc             ] GC(3034) Pause Young (Allocation Failure) 782M->499M(803M) 1.866ms
[1090.400s][info][gc,cpu         ] GC(3034) User=0.00s Sys=0.00s Real=0.00s
[1090.493s][info][gc,start       ] GC(3035) Pause Young (Allocation Failure)
[1090.495s][info][gc,heap        ] GC(3035) PSYoungGen: 293952K(310784K)->64K(312320K) Eden: 293888K(293888K)->0K(293888K) From: 64K(16896K)->64K(18432K)
[1090.495s][info][gc,heap        ] GC(3035) ParOldGen: 511354K(511488K)->511354K(511488K)
[1090.495s][info][gc,metaspace   ] GC(3035) Metaspace: 35667K(36416K)->35667K(36416K) NonClass: 29394K(29952K)->29394K(29952K) Class: 6273K(6464K)->6273K(6464K)
[1090.495s][info][gc             ] GC(3035) Pause Young (Allocation Failure) 786M->499M(804M) 1.800ms
[1090.495s][info][gc,cpu         ] GC(3035) User=0.01s Sys=0.00s Real=0.00s
[1090.707s][info][gc,start       ] GC(3036) Pause Young (Allocation Failure)
[1090.709s][info][gc,heap        ] GC(3036) PSYoungGen: 293952K(312320K)->64K(312832K) Eden: 293888K(293888K)->0K(297984K) From: 64K(18432K)->64K(14848K)
[1090.709s][info][gc,heap        ] GC(3036) ParOldGen: 511354K(511488K)->511370K(511488K)
[1090.709s][info][gc,metaspace   ] GC(3036) Metaspace: 35667K(36416K)->35667K(36416K) NonClass: 29394K(29952K)->29394K(29952K) Class: 6273K(6464K)->6273K(6464K)
[1090.709s][info][gc             ] GC(3036) Pause Young (Allocation Failure) 786M->499M(805M) 1.849ms
[1090.709s][info][gc,cpu         ] GC(3036) User=0.00s Sys=0.00s Real=0.00s
[1090.903s][info][gc,start       ] GC(3037) Pause Young (Allocation Failure)
[1090.905s][info][gc,heap        ] GC(3037) PSYoungGen: 298048K(312832K)->64K(314368K) Eden: 297984K(297984K)->0K(297984K) From: 64K(14848K)->64K(16384K)
[1090.905s][info][gc,heap        ] GC(3037) ParOldGen: 511370K(511488K)->511370K(511488K)
[1090.905s][info][gc,metaspace   ] GC(3037) Metaspace: 35667K(36416K)->35667K(36416K) NonClass: 29394K(29952K)->29394K(29952K) Class: 6273K(6464K)->6273K(6464K)
[1090.905s][info][gc             ] GC(3037) Pause Young (Allocation Failure) 790M->499M(806M) 1.828ms
[1090.905s][info][gc,cpu         ] GC(3037) User=0.01s Sys=0.00s Real=0.00s
[1090.985s][info][gc,start       ] GC(3038) Pause Young (Allocation Failure)
[1090.987s][info][gc,heap        ] GC(3038) PSYoungGen: 298048K(314368K)->64K(314880K) Eden: 297984K(297984K)->0K(302080K) From: 64K(16384K)->64K(12800K)
[1090.987s][info][gc,heap        ] GC(3038) ParOldGen: 511370K(511488K)->511386K(511488K)
[1090.987s][info][gc,metaspace   ] GC(3038) Metaspace: 35667K(36416K)->35667K(36416K) NonClass: 29394K(29952K)->29394K(29952K) Class: 6273K(6464K)->6273K(6464K)
[1090.987s][info][gc             ] GC(3038) Pause Young (Allocation Failure) 790M->499M(807M) 1.908ms
[1090.987s][info][gc,cpu         ] GC(3038) User=0.01s Sys=0.00s Real=0.01s
[1091.120s][info][gc,start       ] GC(3039) Pause Young (Allocation Failure)
[1091.122s][info][gc,heap        ] GC(3039) PSYoungGen: 302144K(314880K)->64K(316416K) Eden: 302080K(302080K)->0K(302080K) From: 64K(12800K)->64K(14336K)
[1091.122s][info][gc,heap        ] GC(3039) ParOldGen: 511386K(511488K)->511386K(511488K)
[1091.122s][info][gc,metaspace   ] GC(3039) Metaspace: 35667K(36416K)->35667K(36416K) NonClass: 29394K(29952K)->29394K(29952K) Class: 6273K(6464K)->6273K(6464K)
[1091.122s][info][gc             ] GC(3039) Pause Young (Allocation Failure) 794M->499M(808M) 1.844ms
[1091.122s][info][gc,cpu         ] GC(3039) User=0.00s Sys=0.00s Real=0.00s
[1091.527s][info][gc,start       ] GC(3040) Pause Young (Allocation Failure)
[1091.528s][info][gc,heap        ] GC(3040) PSYoungGen: 302144K(316416K)->64K(317952K) Eden: 302080K(302080K)->0K(306176K) From: 64K(14336K)->64K(11776K)
[1091.529s][info][gc,heap        ] GC(3040) ParOldGen: 511386K(511488K)->511394K(511488K)
[1091.529s][info][gc,metaspace   ] GC(3040) Metaspace: 35667K(36416K)->35667K(36416K) NonClass: 29394K(29952K)->29394K(29952K) Class: 6273K(6464K)->6273K(6464K)
[1091.529s][info][gc             ] GC(3040) Pause Young (Allocation Failure) 794M->499M(810M) 1.876ms
[1091.529s][info][gc,cpu         ] GC(3040) User=0.00s Sys=0.00s Real=0.00s
[1092.209s][info][gc,start       ] GC(3041) Pause Young (Allocation Failure)
[1092.211s][info][gc,heap        ] GC(3041) PSYoungGen: 306240K(317952K)->64K(318976K) Eden: 306176K(306176K)->0K(306176K) From: 64K(11776K)->64K(12800K)
[1092.211s][info][gc,heap        ] GC(3041) ParOldGen: 511394K(511488K)->511402K(511488K)
[1092.211s][info][gc,metaspace   ] GC(3041) Metaspace: 35667K(36416K)->35667K(36416K) NonClass: 29394K(29952K)->29394K(29952K) Class: 6273K(6464K)->6273K(6464K)
[1092.211s][info][gc             ] GC(3041) Pause Young (Allocation Failure) 798M->499M(811M) 1.851ms
[1092.211s][info][gc,cpu         ] GC(3041) User=0.01s Sys=0.00s Real=0.00s
[1093.225s][info][gc,start       ] GC(3042) Pause Young (Allocation Failure)
[1093.227s][info][gc,heap        ] GC(3042) PSYoungGen: 306240K(318976K)->64K(294400K) Eden: 306176K(306176K)->0K(293888K) From: 64K(12800K)->64K(512K)
[1093.227s][info][gc,heap        ] GC(3042) ParOldGen: 511402K(511488K)->511410K(511488K)
[1093.227s][info][gc,metaspace   ] GC(3042) Metaspace: 35667K(36416K)->35667K(36416K) NonClass: 29394K(29952K)->29394K(29952K) Class: 6273K(6464K)->6273K(6464K)
[1093.227s][info][gc             ] GC(3042) Pause Young (Allocation Failure) 798M->499M(787M) 2.341ms
[1093.227s][info][gc,cpu         ] GC(3042) User=0.00s Sys=0.00s Real=0.01s
[1093.693s][info][gc,start       ] GC(3043) Pause Young (Allocation Failure)
[1093.695s][info][gc,heap        ] GC(3043) PSYoungGen: 293952K(294400K)->64K(292864K) Eden: 293888K(293888K)->0K(282112K) From: 64K(512K)->64K(10752K)
[1093.695s][info][gc,heap        ] GC(3043) ParOldGen: 511410K(511488K)->511418K(511488K)
[1093.695s][info][gc,metaspace   ] GC(3043) Metaspace: 35667K(36416K)->35667K(36416K) NonClass: 29394K(29952K)->29394K(29952K) Class: 6273K(6464K)->6273K(6464K)
[1093.695s][info][gc             ] GC(3043) Pause Young (Allocation Failure) 786M->499M(785M) 1.789ms
[1093.695s][info][gc,cpu         ] GC(3043) User=0.01s Sys=0.00s Real=0.00s
[1094.682s][info][gc,start       ] GC(3044) Pause Young (Allocation Failure)
[1094.685s][info][gc,heap        ] GC(3044) PSYoungGen: 282176K(292864K)->64K(271872K) Eden: 282112K(282112K)->0K(271360K) From: 64K(10752K)->64K(512K)
[1094.685s][info][gc,heap        ] GC(3044) ParOldGen: 511418K(511488K)->511426K(511488K)
[1094.685s][info][gc,metaspace   ] GC(3044) Metaspace: 35667K(36416K)->35667K(36416K) NonClass: 29394K(29952K)->29394K(29952K) Class: 6273K(6464K)->6273K(6464K)
[1094.685s][info][gc             ] GC(3044) Pause Young (Allocation Failure) 774M->499M(765M) 2.633ms
[1094.685s][info][gc,cpu         ] GC(3044) User=0.00s Sys=0.00s Real=0.00s
[1095.101s][info][gc,start       ] GC(3045) Pause Young (Allocation Failure)
[1095.103s][info][gc,heap        ] GC(3045) PSYoungGen: 271424K(271872K)->64K(270848K) Eden: 271360K(271360K)->0K(261120K) From: 64K(512K)->64K(9728K)
[1095.104s][info][gc,heap        ] GC(3045) ParOldGen: 511426K(511488K)->511434K(511488K)
[1095.104s][info][gc,metaspace   ] GC(3045) Metaspace: 35667K(36416K)->35667K(36416K) NonClass: 29394K(29952K)->29394K(29952K) Class: 6273K(6464K)->6273K(6464K)
[1095.104s][info][gc             ] GC(3045) Pause Young (Allocation Failure) 764M->499M(764M) 2.268ms
[1095.104s][info][gc,cpu         ] GC(3045) User=0.01s Sys=0.00s Real=0.00s
[1095.268s][info][gc,start       ] GC(3046) Pause Young (Allocation Failure)
[1095.271s][info][gc,heap        ] GC(3046) PSYoungGen: 261184K(270848K)->64K(251392K) Eden: 261120K(261120K)->0K(250880K) From: 64K(9728K)->64K(512K)
[1095.271s][info][gc,heap        ] GC(3046) ParOldGen: 511434K(511488K)->511442K(511488K)
[1095.271s][info][gc,metaspace   ] GC(3046) Metaspace: 35667K(36416K)->35667K(36416K) NonClass: 29394K(29952K)->29394K(29952K) Class: 6273K(6464K)->6273K(6464K)
[1095.271s][info][gc             ] GC(3046) Pause Young (Allocation Failure) 754M->499M(745M) 2.457ms
[1095.271s][info][gc,cpu         ] GC(3046) User=0.01s Sys=0.00s Real=0.00s
[1095.536s][info][gc,start       ] GC(3047) Pause Young (Allocation Failure)
[1095.538s][info][gc,heap        ] GC(3047) PSYoungGen: 250944K(251392K)->64K(249344K) Eden: 250880K(250880K)->0K(241152K) From: 64K(512K)->64K(8192K)
[1095.538s][info][gc,heap        ] GC(3047) ParOldGen: 511442K(511488K)->511450K(511488K)
[1095.538s][info][gc,metaspace   ] GC(3047) Metaspace: 35667K(36416K)->35667K(36416K) NonClass: 29394K(29952K)->29394K(29952K) Class: 6273K(6464K)->6273K(6464K)
[1095.539s][info][gc             ] GC(3047) Pause Young (Allocation Failure) 744M->499M(743M) 2.499ms
[1095.539s][info][gc,cpu         ] GC(3047) User=0.00s Sys=0.00s Real=0.00s
[1096.004s][info][gc,start       ] GC(3048) Pause Young (Allocation Failure)
[1096.007s][info][gc,heap        ] GC(3048) PSYoungGen: 241216K(249344K)->64K(232448K) Eden: 241152K(241152K)->0K(231936K) From: 64K(8192K)->64K(512K)
[1096.007s][info][gc,heap        ] GC(3048) ParOldGen: 511450K(511488K)->511458K(511488K)
[1096.007s][info][gc,metaspace   ] GC(3048) Metaspace: 35667K(36416K)->35667K(36416K) NonClass: 29394K(29952K)->29394K(29952K) Class: 6273K(6464K)->6273K(6464K)
[1096.007s][info][gc             ] GC(3048) Pause Young (Allocation Failure) 735M->499M(726M) 3.135ms
[1096.007s][info][gc,cpu         ] GC(3048) User=0.00s Sys=0.00s Real=0.01s
[1096.370s][info][gc,start       ] GC(3049) Pause Young (Allocation Failure)
[1096.373s][info][gc,heap        ] GC(3049) PSYoungGen: 231999K(232448K)->1024K(230400K) Eden: 231935K(231936K)->0K(223232K) From: 64K(512K)->1024K(7168K)
[1096.373s][info][gc,heap        ] GC(3049) ParOldGen: 511458K(511488K)->511474K(511488K)
[1096.373s][info][gc,metaspace   ] GC(3049) Metaspace: 35667K(36416K)->35667K(36416K) NonClass: 29394K(29952K)->29394K(29952K) Class: 6273K(6464K)->6273K(6464K)
[1096.373s][info][gc             ] GC(3049) Pause Young (Allocation Failure) 726M->500M(724M) 3.077ms
[1096.373s][info][gc,cpu         ] GC(3049) User=0.01s Sys=0.00s Real=0.00s
[1096.629s][info][gc,start       ] GC(3050) Pause Young (Allocation Failure)
[1096.679s][info][gc,heap        ] GC(3050) PSYoungGen: 224256K(230400K)->6656K(273920K) Eden: 223232K(223232K)->0K(267264K) From: 1024K(7168K)->6656K(6656K)
[1096.679s][info][gc,heap        ] GC(3050) ParOldGen: 511474K(511488K)->528634K(528896K)
[1096.679s][info][gc,metaspace   ] GC(3050) Metaspace: 35667K(36416K)->35667K(36416K) NonClass: 29394K(29952K)->29394K(29952K) Class: 6273K(6464K)->6273K(6464K)
[1096.679s][info][gc             ] GC(3050) Pause Young (Allocation Failure) 718M->522M(784M) 50.258ms
[1096.679s][info][gc,cpu         ] GC(3050) User=0.09s Sys=0.01s Real=0.05s
[1096.982s][info][gc,start       ] GC(3051) Pause Young (Allocation Failure)
[1097.040s][info][gc,heap        ] GC(3051) PSYoungGen: 273920K(273920K)->14848K(282112K) Eden: 267264K(267264K)->0K(267264K) From: 6656K(6656K)->14848K(14848K)
[1097.040s][info][gc,heap        ] GC(3051) ParOldGen: 528634K(528896K)->542922K(543232K)
[1097.040s][info][gc,metaspace   ] GC(3051) Metaspace: 35667K(36416K)->35667K(36416K) NonClass: 29394K(29952K)->29394K(29952K) Class: 6273K(6464K)->6273K(6464K)
[1097.040s][info][gc             ] GC(3051) Pause Young (Allocation Failure) 783M->544M(806M) 57.948ms
[1097.040s][info][gc,cpu         ] GC(3051) User=0.11s Sys=0.01s Real=0.06s
