[0.002s][info][metaspace]  - commit_granule_bytes: 65536.
[0.002s][info][metaspace]  - commit_granule_words: 8192.
[0.002s][info][metaspace]  - virtual_space_node_default_size: 8388608.
[0.002s][info][metaspace]  - enlarge_chunks_in_place: 1.
[0.004s][info][gc,init  ] CardTable entry size: 512
[0.004s][info][gc       ] Using Parallel
[0.005s][info][gc,init  ] Version: 24-internal-adhoc.root.jdk (release)
[0.005s][info][gc,init  ] CPUs: 2 total, 2 available
[0.005s][info][gc,init  ] Memory: 3908M
[0.005s][info][gc,init  ] Large Page Support: Disabled
[0.005s][info][gc,init  ] NUMA Support: Disabled
[0.005s][info][gc,init  ] Compressed Oops: Enabled (32-bit)
[0.005s][info][gc,init  ] Alignments: Space 512K, Generation 512K, Heap 2M
[0.005s][info][gc,init  ] Heap Min Capacity: 256M
[0.005s][info][gc,init  ] Heap Initial Capacity: 256M
[0.005s][info][gc,init  ] Heap Max Capacity: 978M
[0.005s][info][gc,init  ] Pre-touch: Disabled
[0.005s][info][gc,init  ] Parallel Workers: 2
[0.020s][info][gc,metaspace] CDS archive(s) mapped at: [0x00007f6a1a000000-0x00007f6a1adc0000-0x00007f6a1adc0000), size 14417920, SharedBaseAddress: 0x00007f6a1a000000, ArchiveRelocationMode: 1.
[0.020s][info][gc,metaspace] Compressed class space mapped at: 0x00007f6a1b000000-0x00007f6a5b000000, reserved size: 1073741824
[0.020s][info][gc,metaspace] UseCompressedClassPointers 1, UseCompactObjectHeaders 0
[0.020s][info][gc,metaspace] Narrow klass pointer bits 32, Max shift 3
[0.020s][info][gc,metaspace] Narrow klass base: 0x00007f6a1a000000, Narrow klass shift: 0
[0.020s][info][gc,metaspace] Encoding Range: [0x00007f6a1a000000 - 0x00007f6b1a000000), (4294967296 bytes)
[0.020s][info][gc,metaspace] Klass Range:    [0x00007f6a1a000000 - 0x00007f6a5b000000), (1090519040 bytes)
[0.020s][info][gc,metaspace] Klass ID Range:  [8 - 1090519033) (1090519025)
[1.287s][info][gc,start    ] GC(0) Pause Young (Allocation Failure)
[1.300s][info][gc,heap     ] GC(0) PSYoungGen: 65536K(76288K)->8630K(76288K) Eden: 65536K(65536K)->0K(65536K) From: 0K(10752K)->8630K(10752K)
[1.300s][info][gc,heap     ] GC(0) ParOldGen: 1157K(175104K)->1165K(175104K)
[1.300s][info][gc,metaspace] GC(0) Metaspace: 8678K(8832K)->8678K(8832K) NonClass: 7988K(8064K)->7988K(8064K) Class: 690K(768K)->690K(768K)
[1.300s][info][gc          ] GC(0) Pause Young (Allocation Failure) 65M->9M(245M) 12.825ms
[1.300s][info][gc,cpu      ] GC(0) User=0.02s Sys=0.01s Real=0.01s
[2.011s][info][metaspace   ] Arena @0x00007f6a78055780 (non-class arena): commit failure (requested size: 115)
[2.011s][info][metaspace   ] ChkMgr @0x00007f6a7803aa80 (non-class-space): failed to commit 115 words on chunk @0x00007f69cc309da0, f, base 0x00007f6a11380000, level lv05.
[2.011s][info][metaspace   ] Arena @0x00007f6a78055780 (non-class arena): failed to allocate new chunk for requested word size 115.
[2.011s][info][metaspace   ] Arena @0x00007f6a78055780 (non-class arena): allocation failed, returned null.
[2.011s][info][metaspace   ] Arena @0x00007f6a78055780 (non-class arena): commit failure (requested size: 115)
[2.011s][info][metaspace   ] ChkMgr @0x00007f6a7803aa80 (non-class-space): failed to commit 115 words on chunk @0x00007f69cc309da0, f, base 0x00007f6a11380000, level lv05.
[2.011s][info][metaspace   ] Arena @0x00007f6a78055780 (non-class arena): failed to allocate new chunk for requested word size 115.
[2.011s][info][metaspace   ] Arena @0x00007f6a78055780 (non-class arena): allocation failed, returned null.
[2.011s][info][metaspace   ] Arena @0x00007f6a78055780 (non-class arena): commit failure (requested size: 115)
[2.011s][info][metaspace   ] ChkMgr @0x00007f6a7803aa80 (non-class-space): failed to commit 115 words on chunk @0x00007f69cc309da0, f, base 0x00007f6a11380000, level lv05.
[2.011s][info][metaspace   ] Arena @0x00007f6a78055780 (non-class arena): failed to allocate new chunk for requested word size 115.
[2.011s][info][metaspace   ] Arena @0x00007f6a78055780 (non-class arena): allocation failed, returned null.
[2.011s][info][gc,start    ] GC(1) Pause Full (Metadata GC Threshold)
[2.011s][info][gc,phases,start] GC(1) Marking Phase
[2.023s][info][gc,phases      ] GC(1) Marking Phase 11.918ms
[2.023s][info][gc,phases,start] GC(1) Summary Phase
[2.023s][info][gc,phases      ] GC(1) Summary Phase 0.018ms
[2.023s][info][gc,phases,start] GC(1) Forward
[2.025s][info][gc,phases      ] GC(1) Forward 1.563ms
[2.025s][info][gc,phases,start] GC(1) Adjust Pointers
[2.030s][info][gc,phases      ] GC(1) Adjust Pointers 4.939ms
[2.030s][info][gc,phases,start] GC(1) Compaction Phase
[2.036s][info][gc,phases      ] GC(1) Compaction Phase 6.508ms
[2.036s][info][gc,phases,start] GC(1) Post Compact
[2.038s][info][gc,phases      ] GC(1) Post Compact 1.351ms
[2.038s][info][gc,heap        ] GC(1) PSYoungGen: 55956K(76288K)->0K(76288K) Eden: 47326K(65536K)->0K(65536K) From: 8630K(10752K)->0K(10752K)
[2.038s][info][gc,heap        ] GC(1) ParOldGen: 1165K(175104K)->11056K(175104K)
[2.038s][info][gc,metaspace   ] GC(1) Metaspace: 21381K(21504K)->21381K(21504K) NonClass: 19381K(19456K)->19381K(19456K) Class: 1999K(2048K)->1999K(2048K)
[2.038s][info][gc             ] GC(1) Pause Full (Metadata GC Threshold) 55M->10M(245M) 26.566ms
[2.038s][info][gc,cpu         ] GC(1) User=0.04s Sys=0.01s Real=0.03s
[3.184s][info][gc,start       ] GC(2) Pause Young (Allocation Failure)
[3.199s][info][gc,heap        ] GC(2) PSYoungGen: 65536K(76288K)->4016K(76288K) Eden: 65536K(65536K)->0K(65536K) From: 0K(10752K)->4016K(10752K)
[3.199s][info][gc,heap        ] GC(2) ParOldGen: 142128K(175104K)->142136K(175104K)
[3.199s][info][gc,metaspace   ] GC(2) Metaspace: 31918K(32128K)->31918K(32128K) NonClass: 28884K(28992K)->28884K(28992K) Class: 3034K(3136K)->3034K(3136K)
[3.199s][info][gc             ] GC(2) Pause Young (Allocation Failure) 202M->142M(245M) 15.422ms
[3.199s][info][gc,cpu         ] GC(2) User=0.03s Sys=0.00s Real=0.02s
[3.462s][info][metaspace      ] ChkMgr @0x00007f6a7803aa80 (non-class-space): failed to commit 65 words on chunk @0x00007f69cc7857b0, f, base 0x00007f6a11fb0000, level lv10.
[3.462s][info][metaspace      ] Arena @0x00007f6a781fc130 (non-class arena): failed to allocate new chunk for requested word size 65.
[3.462s][info][metaspace      ] Arena @0x00007f6a781fc130 (non-class arena): allocation failed, returned null.
[3.462s][info][metaspace      ] ChkMgr @0x00007f6a7803aa80 (non-class-space): failed to commit 65 words on chunk @0x00007f69cc7857b0, f, base 0x00007f6a11fb0000, level lv10.
[3.462s][info][metaspace      ] Arena @0x00007f6a781fc130 (non-class arena): failed to allocate new chunk for requested word size 65.
[3.462s][info][metaspace      ] Arena @0x00007f6a781fc130 (non-class arena): allocation failed, returned null.
[3.464s][info][metaspace      ] ChkMgr @0x00007f6a7803aa80 (non-class-space): failed to commit 45 words on chunk @0x00007f69cc7857b0, f, base 0x00007f6a11fb0000, level lv10.
[3.464s][info][metaspace      ] Arena @0x00007f6a781fc130 (non-class arena): failed to allocate new chunk for requested word size 45.
[3.464s][info][metaspace      ] Arena @0x00007f6a781fc130 (non-class arena): allocation failed, returned null.
[3.464s][info][metaspace      ] ChkMgr @0x00007f6a7803aa80 (non-class-space): failed to commit 45 words on chunk @0x00007f69cc7857b0, f, base 0x00007f6a11fb0000, level lv10.
[3.464s][info][metaspace      ] Arena @0x00007f6a781fc130 (non-class arena): failed to allocate new chunk for requested word size 45.
[3.464s][info][metaspace      ] Arena @0x00007f6a781fc130 (non-class arena): allocation failed, returned null.
[3.464s][info][metaspace      ] ChkMgr @0x00007f6a7803aa80 (non-class-space): failed to commit 65 words on chunk @0x00007f69cc7857b0, f, base 0x00007f6a11fb0000, level lv10.
[3.464s][info][metaspace      ] Arena @0x00007f6a781fc130 (non-class arena): failed to allocate new chunk for requested word size 65.
[3.464s][info][metaspace      ] Arena @0x00007f6a781fc130 (non-class arena): allocation failed, returned null.
[3.464s][info][gc,start       ] GC(3) Pause Full (Metadata GC Threshold)
[3.464s][info][gc,phases,start] GC(3) Marking Phase
[3.501s][info][gc,phases      ] GC(3) Marking Phase 36.361ms
[3.501s][info][gc,phases,start] GC(3) Summary Phase
[3.501s][info][gc,phases      ] GC(3) Summary Phase 0.042ms
[3.501s][info][gc,phases,start] GC(3) Forward
[3.504s][info][gc,phases      ] GC(3) Forward 3.366ms
[3.504s][info][gc,phases,start] GC(3) Adjust Pointers
[3.513s][info][gc,phases      ] GC(3) Adjust Pointers 8.395ms
[3.513s][info][gc,phases,start] GC(3) Compaction Phase
[3.540s][info][gc,phases      ] GC(3) Compaction Phase 26.809ms
[3.540s][info][gc,phases,start] GC(3) Post Compact
[3.543s][info][gc,phases      ] GC(3) Post Compact 3.574ms
[3.543s][info][gc,heap        ] GC(3) PSYoungGen: 63186K(76288K)->44050K(76288K) Eden: 59170K(65536K)->44050K(65536K) From: 4016K(10752K)->0K(10752K)
[3.543s][info][gc,heap        ] GC(3) ParOldGen: 181199K(214528K)->181427K(214528K)
[3.543s][info][gc,metaspace   ] GC(3) Metaspace: 35681K(35840K)->35681K(35840K) NonClass: 32327K(32448K)->32327K(32448K) Class: 3354K(3392K)->3354K(3392K)
[3.543s][info][gc             ] GC(3) Pause Full (Metadata GC Threshold) 238M->220M(284M) 78.995ms
[3.543s][info][gc,cpu         ] GC(3) User=0.11s Sys=0.00s Real=0.08s
[3.768s][info][gc,start       ] GC(4) Pause Young (Allocation Failure)
[3.811s][info][gc,heap        ] GC(4) PSYoungGen: 65523K(76288K)->5894K(76288K) Eden: 65523K(65536K)->0K(65536K) From: 0K(10752K)->5894K(10752K)
[3.811s][info][gc,heap        ] GC(4) ParOldGen: 181427K(214528K)->220490K(253952K)
[3.811s][info][gc,metaspace   ] GC(4) Metaspace: 39070K(39296K)->39070K(39296K) NonClass: 35373K(35520K)->35373K(35520K) Class: 3697K(3776K)->3697K(3776K)
[3.811s][info][gc             ] GC(4) Pause Young (Allocation Failure) 241M->221M(322M) 42.606ms
[3.811s][info][gc,cpu         ] GC(4) User=0.06s Sys=0.02s Real=0.04s
[4.752s][info][gc,start       ] GC(5) Pause Young (Allocation Failure)
[4.767s][info][gc,heap        ] GC(5) PSYoungGen: 71427K(76288K)->8951K(141824K) Eden: 65532K(65536K)->0K(131072K) From: 5894K(10752K)->8951K(10752K)
[4.767s][info][gc,heap        ] GC(5) ParOldGen: 220490K(253952K)->220498K(253952K)
[4.767s][info][gc,metaspace   ] GC(5) Metaspace: 49623K(49920K)->49623K(49920K) NonClass: 44668K(44864K)->44668K(44864K) Class: 4954K(5056K)->4954K(5056K)
[4.767s][info][gc             ] GC(5) Pause Young (Allocation Failure) 285M->224M(386M) 14.849ms
[4.767s][info][gc,cpu         ] GC(5) User=0.02s Sys=0.01s Real=0.02s
[7.402s][info][gc,start       ] GC(6) Pause Young (Allocation Failure)
[7.438s][info][gc,heap        ] GC(6) PSYoungGen: 140023K(141824K)->10751K(141824K) Eden: 131072K(131072K)->0K(131072K) From: 8951K(10752K)->10751K(10752K)
[7.438s][info][gc,heap        ] GC(6) ParOldGen: 220498K(253952K)->236298K(253952K)
[7.438s][info][gc,metaspace   ] GC(6) Metaspace: 54484K(54720K)->54484K(54720K) NonClass: 48906K(49088K)->48906K(49088K) Class: 5577K(5632K)->5577K(5632K)
[7.438s][info][gc             ] GC(6) Pause Young (Allocation Failure) 352M->241M(386M) 35.495ms
[7.438s][info][gc,cpu         ] GC(6) User=0.05s Sys=0.02s Real=0.04s
[8.099s][info][gc,start       ] GC(7) Pause Young (Allocation Failure)
[8.139s][info][gc,heap        ] GC(7) PSYoungGen: 141823K(141824K)->23547K(277504K) Eden: 131072K(131072K)->0K(253952K) From: 10751K(10752K)->23547K(23552K)
[8.139s][info][gc,heap        ] GC(7) ParOldGen: 236298K(253952K)->241591K(253952K)
[8.139s][info][gc,metaspace   ] GC(7) Metaspace: 54852K(55168K)->54852K(55168K) NonClass: 49274K(49536K)->49274K(49536K) Class: 5578K(5632K)->5578K(5632K)
[8.139s][info][gc             ] GC(7) Pause Young (Allocation Failure) 369M->258M(519M) 40.442ms
[8.139s][info][gc,cpu         ] GC(7) User=0.07s Sys=0.02s Real=0.04s
[9.169s][info][gc,start       ] GC(8) Pause Young (Allocation Failure)
[9.234s][info][gc,heap        ] GC(8) PSYoungGen: 277499K(277504K)->31741K(285696K) Eden: 253952K(253952K)->0K(253952K) From: 23547K(23552K)->31741K(31744K)
[9.234s][info][gc,heap        ] GC(8) ParOldGen: 241591K(253952K)->258421K(258560K)
[9.234s][info][gc,metaspace   ] GC(8) Metaspace: 55048K(55360K)->55048K(55360K) NonClass: 49458K(49664K)->49458K(49664K) Class: 5589K(5696K)->5589K(5696K)
[9.234s][info][gc             ] GC(8) Pause Young (Allocation Failure) 506M->283M(531M) 64.693ms
[9.234s][info][gc,cpu         ] GC(8) User=0.09s Sys=0.03s Real=0.06s
[9.987s][info][gc,start       ] GC(9) Pause Young (Allocation Failure)
[10.063s][info][gc,heap        ] GC(9) PSYoungGen: 285693K(285696K)->42876K(272896K) Eden: 253952K(253952K)->0K(226304K) From: 31741K(31744K)->42876K(46592K)
[10.063s][info][gc,heap        ] GC(9) ParOldGen: 258421K(258560K)->263881K(264192K)
[10.063s][info][gc,metaspace   ] GC(9) Metaspace: 55185K(55488K)->55185K(55488K) NonClass: 49595K(49792K)->49595K(49792K) Class: 5589K(5696K)->5589K(5696K)
[10.063s][info][gc             ] GC(9) Pause Young (Allocation Failure) 531M->299M(524M) 76.021ms
[10.063s][info][gc,cpu         ] GC(9) User=0.14s Sys=0.02s Real=0.07s
[10.667s][info][gc,start       ] GC(10) Pause Young (Allocation Failure)
[10.718s][info][gc,heap        ] GC(10) PSYoungGen: 269180K(272896K)->36049K(262656K) Eden: 226304K(226304K)->0K(226304K) From: 42876K(46592K)->36049K(36352K)
[10.718s][info][gc,heap        ] GC(10) ParOldGen: 263881K(264192K)->272046K(272384K)
[10.718s][info][gc,metaspace   ] GC(10) Metaspace: 55298K(55616K)->55298K(55616K) NonClass: 49709K(49920K)->49709K(49920K) Class: 5589K(5696K)->5589K(5696K)
[10.718s][info][gc             ] GC(10) Pause Young (Allocation Failure) 520M->300M(522M) 51.265ms
[10.718s][info][gc,cpu         ] GC(10) User=0.09s Sys=0.00s Real=0.05s
[11.298s][info][gc,start       ] GC(11) Pause Young (Allocation Failure)
[11.336s][info][gc,heap        ] GC(11) PSYoungGen: 262143K(262656K)->13600K(279552K) Eden: 226093K(226304K)->0K(223232K) From: 36049K(36352K)->13600K(56320K)
[11.336s][info][gc,heap        ] GC(11) ParOldGen: 272046K(272384K)->294069K(294400K)
[11.336s][info][gc,metaspace   ] GC(11) Metaspace: 55423K(55744K)->55423K(55744K) NonClass: 49834K(50048K)->49834K(50048K) Class: 5589K(5696K)->5589K(5696K)
[11.336s][info][gc             ] GC(11) Pause Young (Allocation Failure) 521M->300M(560M) 38.097ms
[11.336s][info][gc,cpu         ] GC(11) User=0.06s Sys=0.01s Real=0.03s
[11.919s][info][gc,start       ] GC(12) Pause Young (Allocation Failure)
[11.934s][info][gc,heap        ] GC(12) PSYoungGen: 236832K(279552K)->11071K(234496K) Eden: 223232K(223232K)->0K(223232K) From: 13600K(56320K)->11071K(11264K)
[11.934s][info][gc,heap        ] GC(12) ParOldGen: 294069K(294400K)->294525K(294912K)
[11.934s][info][gc,metaspace   ] GC(12) Metaspace: 55429K(55808K)->55429K(55808K) NonClass: 49838K(50112K)->49838K(50112K) Class: 5590K(5696K)->5590K(5696K)
[11.934s][info][gc             ] GC(12) Pause Young (Allocation Failure) 518M->298M(517M) 15.800ms
[11.934s][info][gc,cpu         ] GC(12) User=0.03s Sys=0.00s Real=0.01s
[12.550s][info][gc,start       ] GC(13) Pause Young (Allocation Failure)
[12.565s][info][gc,heap        ] GC(13) PSYoungGen: 234303K(234496K)->9054K(277504K) Eden: 223232K(223232K)->0K(224256K) From: 11071K(11264K)->9054K(53248K)
[12.565s][info][gc,heap        ] GC(13) ParOldGen: 294525K(294912K)->294653K(294912K)
[12.565s][info][gc,metaspace   ] GC(13) Metaspace: 55431K(55808K)->55431K(55808K) NonClass: 49841K(50112K)->49841K(50112K) Class: 5590K(5696K)->5590K(5696K)
[12.565s][info][gc             ] GC(13) Pause Young (Allocation Failure) 516M->296M(559M) 14.344ms
[12.565s][info][gc,cpu         ] GC(13) User=0.02s Sys=0.00s Real=0.01s
[13.040s][info][gc,start       ] GC(14) Pause Young (Allocation Failure)
[13.044s][info][gc,heap        ] GC(14) PSYoungGen: 233310K(277504K)->2271K(276480K) Eden: 224256K(224256K)->0K(224256K) From: 9054K(53248K)->2271K(52224K)
[13.044s][info][gc,heap        ] GC(14) ParOldGen: 294653K(294912K)->294825K(294912K)
[13.044s][info][gc,metaspace   ] GC(14) Metaspace: 55434K(55808K)->55434K(55808K) NonClass: 49843K(50112K)->49843K(50112K) Class: 5590K(5696K)->5590K(5696K)
[13.045s][info][gc             ] GC(14) Pause Young (Allocation Failure) 515M->290M(558M) 4.232ms
[13.045s][info][gc,cpu         ] GC(14) User=0.01s Sys=0.00s Real=0.00s
[13.591s][info][gc,start       ] GC(15) Pause Young (Allocation Failure)
[13.596s][info][gc,heap        ] GC(15) PSYoungGen: 226429K(276480K)->800K(280576K) Eden: 224158K(224256K)->0K(228864K) From: 2271K(52224K)->800K(51712K)
[13.596s][info][gc,heap        ] GC(15) ParOldGen: 294825K(294912K)->294977K(295424K)
[13.596s][info][gc,metaspace   ] GC(15) Metaspace: 55434K(55808K)->55434K(55808K) NonClass: 49843K(50112K)->49843K(50112K) Class: 5590K(5696K)->5590K(5696K)
[13.596s][info][gc             ] GC(15) Pause Young (Allocation Failure) 509M->288M(562M) 5.464ms
[13.596s][info][gc,cpu         ] GC(15) User=0.01s Sys=0.00s Real=0.00s
[14.120s][info][gc,start       ] GC(16) Pause Young (Allocation Failure)
[14.125s][info][gc,heap        ] GC(16) PSYoungGen: 229664K(280576K)->2368K(280064K) Eden: 228864K(228864K)->0K(228864K) From: 800K(51712K)->2368K(51200K)
[14.125s][info][gc,heap        ] GC(16) ParOldGen: 294977K(295424K)->295105K(295424K)
[14.125s][info][gc,metaspace   ] GC(16) Metaspace: 55449K(55808K)->55449K(55808K) NonClass: 49855K(50112K)->49855K(50112K) Class: 5594K(5696K)->5594K(5696K)
[14.125s][info][gc             ] GC(16) Pause Young (Allocation Failure) 512M->290M(562M) 5.085ms
[14.126s][info][gc,cpu         ] GC(16) User=0.01s Sys=0.00s Real=0.00s
[14.705s][info][gc,start       ] GC(17) Pause Young (Allocation Failure)
[14.708s][info][gc,heap        ] GC(17) PSYoungGen: 231232K(280064K)->1183K(281600K) Eden: 228864K(228864K)->0K(231936K) From: 2368K(51200K)->1183K(49664K)
[14.708s][info][gc,heap        ] GC(17) ParOldGen: 295105K(295424K)->295217K(295424K)
[14.708s][info][gc,metaspace   ] GC(17) Metaspace: 55452K(55808K)->55452K(55808K) NonClass: 49858K(50112K)->49858K(50112K) Class: 5594K(5696K)->5594K(5696K)
[14.708s][info][gc             ] GC(17) Pause Young (Allocation Failure) 514M->289M(563M) 2.984ms
[14.708s][info][gc,cpu         ] GC(17) User=0.01s Sys=0.00s Real=0.01s
[15.260s][info][gc,start       ] GC(18) Pause Young (Allocation Failure)
[15.264s][info][gc,heap        ] GC(18) PSYoungGen: 233117K(281600K)->2719K(281088K) Eden: 231934K(231936K)->0K(231936K) From: 1183K(49664K)->2719K(49152K)
[15.264s][info][gc,heap        ] GC(18) ParOldGen: 295217K(295424K)->295321K(295424K)
[15.264s][info][gc,metaspace   ] GC(18) Metaspace: 55452K(55808K)->55452K(55808K) NonClass: 49858K(50112K)->49858K(50112K) Class: 5594K(5696K)->5594K(5696K)
[15.264s][info][gc             ] GC(18) Pause Young (Allocation Failure) 515M->291M(563M) 4.685ms
[15.264s][info][gc,cpu         ] GC(18) User=0.01s Sys=0.00s Real=0.00s
[15.825s][info][gc,start       ] GC(19) Pause Young (Allocation Failure)
[15.832s][info][gc,heap        ] GC(19) PSYoungGen: 234633K(281088K)->1632K(283136K) Eden: 231913K(231936K)->0K(236544K) From: 2719K(49152K)->1632K(46592K)
[15.832s][info][gc,heap        ] GC(19) ParOldGen: 295321K(295424K)->295409K(295424K)
[15.832s][info][gc,metaspace   ] GC(19) Metaspace: 55452K(55808K)->55452K(55808K) NonClass: 49858K(50112K)->49858K(50112K) Class: 5594K(5696K)->5594K(5696K)
[15.832s][info][gc             ] GC(19) Pause Young (Allocation Failure) 517M->290M(565M) 7.362ms
[15.832s][info][gc,cpu         ] GC(19) User=0.02s Sys=0.00s Real=0.01s
[16.479s][info][gc,start       ] GC(20) Pause Young (Allocation Failure)
[16.482s][info][gc,heap        ] GC(20) PSYoungGen: 238176K(283136K)->1630K(282624K) Eden: 236544K(236544K)->0K(236544K) From: 1632K(46592K)->1630K(46080K)
[16.482s][info][gc,heap        ] GC(20) ParOldGen: 295409K(295424K)->295505K(295936K)
[16.482s][info][gc,metaspace   ] GC(20) Metaspace: 55452K(55808K)->55452K(55808K) NonClass: 49858K(50112K)->49858K(50112K) Class: 5594K(5696K)->5594K(5696K)
[16.482s][info][gc             ] GC(20) Pause Young (Allocation Failure) 521M->290M(565M) 3.263ms
[16.482s][info][gc,cpu         ] GC(20) User=0.01s Sys=0.00s Real=0.00s
[16.988s][info][gc,start       ] GC(21) Pause Young (Allocation Failure)
[16.992s][info][gc,heap        ] GC(21) PSYoungGen: 238174K(282624K)->640K(286208K) Eden: 236544K(236544K)->0K(242688K) From: 1630K(46080K)->640K(43520K)
[16.992s][info][gc,heap        ] GC(21) ParOldGen: 295505K(295936K)->295593K(295936K)
[16.992s][info][gc,metaspace   ] GC(21) Metaspace: 55453K(55808K)->55453K(55808K) NonClass: 49858K(50112K)->49858K(50112K) Class: 5594K(5696K)->5594K(5696K)
[16.992s][info][gc             ] GC(21) Pause Young (Allocation Failure) 521M->289M(568M) 4.579ms
[16.992s][info][gc,cpu         ] GC(21) User=0.01s Sys=0.00s Real=0.00s
[17.681s][info][gc,start       ] GC(22) Pause Young (Allocation Failure)
[17.692s][info][gc,heap        ] GC(22) PSYoungGen: 243328K(286208K)->6400K(285184K) Eden: 242688K(242688K)->0K(242688K) From: 640K(43520K)->6400K(42496K)
[17.692s][info][gc,heap        ] GC(22) ParOldGen: 295593K(295936K)->295673K(295936K)
[17.692s][info][gc,metaspace   ] GC(22) Metaspace: 55453K(55808K)->55453K(55808K) NonClass: 49858K(50112K)->49858K(50112K) Class: 5594K(5696K)->5594K(5696K)
[17.692s][info][gc             ] GC(22) Pause Young (Allocation Failure) 526M->294M(567M) 10.359ms
[17.692s][info][gc,cpu         ] GC(22) User=0.02s Sys=0.00s Real=0.01s
[18.138s][info][gc,start       ] GC(23) Pause Young (Allocation Failure)
[18.142s][info][gc,heap        ] GC(23) PSYoungGen: 249088K(285184K)->1824K(288768K) Eden: 242688K(242688K)->0K(249344K) From: 6400K(42496K)->1824K(39424K)
[18.142s][info][gc,heap        ] GC(23) ParOldGen: 295673K(295936K)->295737K(295936K)
[18.142s][info][gc,metaspace   ] GC(23) Metaspace: 55453K(55808K)->55453K(55808K) NonClass: 49858K(50112K)->49858K(50112K) Class: 5594K(5696K)->5594K(5696K)
[18.142s][info][gc             ] GC(23) Pause Young (Allocation Failure) 531M->290M(571M) 4.085ms
[18.142s][info][gc,cpu         ] GC(23) User=0.01s Sys=0.00s Real=0.00s
[18.740s][info][gc,start       ] GC(24) Pause Young (Allocation Failure)
[18.744s][info][gc,heap        ] GC(24) PSYoungGen: 251003K(288768K)->864K(240640K) Eden: 249179K(249344K)->0K(239616K) From: 1824K(39424K)->864K(1024K)
[18.744s][info][gc,heap        ] GC(24) ParOldGen: 295737K(295936K)->295817K(295936K)
[18.744s][info][gc,metaspace   ] GC(24) Metaspace: 55470K(55808K)->55470K(55808K) NonClass: 49872K(50112K)->49872K(50112K) Class: 5597K(5696K)->5597K(5696K)
[18.744s][info][gc             ] GC(24) Pause Young (Allocation Failure) 533M->289M(524M) 4.141ms
[18.744s][info][gc,cpu         ] GC(24) User=0.00s Sys=0.00s Real=0.00s
[19.310s][info][gc,start       ] GC(25) Pause Young (Allocation Failure)
[19.317s][info][gc,heap        ] GC(25) PSYoungGen: 240480K(240640K)->3550K(253440K) Eden: 239616K(239616K)->0K(230400K) From: 864K(1024K)->3550K(23040K)
[19.317s][info][gc,heap        ] GC(25) ParOldGen: 295817K(295936K)->295897K(295936K)
[19.317s][info][gc,metaspace   ] GC(25) Metaspace: 55472K(55808K)->55472K(55808K) NonClass: 49874K(50112K)->49874K(50112K) Class: 5597K(5696K)->5597K(5696K)
[19.317s][info][gc             ] GC(25) Pause Young (Allocation Failure) 523M->292M(536M) 7.168ms
[19.317s][info][gc,cpu         ] GC(25) User=0.02s Sys=0.00s Real=0.01s
[19.890s][info][gc,start       ] GC(26) Pause Young (Allocation Failure)
[19.893s][info][gc,heap        ] GC(26) PSYoungGen: 233950K(253440K)->904K(222720K) Eden: 230400K(230400K)->0K(221696K) From: 3550K(23040K)->904K(1024K)
[19.893s][info][gc,heap        ] GC(26) ParOldGen: 295897K(295936K)->295961K(296448K)
[19.893s][info][gc,metaspace   ] GC(26) Metaspace: 55472K(55808K)->55472K(55808K) NonClass: 49874K(50112K)->49874K(50112K) Class: 5597K(5696K)->5597K(5696K)
[19.893s][info][gc             ] GC(26) Pause Young (Allocation Failure) 517M->289M(507M) 3.509ms
[19.893s][info][gc,cpu         ] GC(26) User=0.00s Sys=0.00s Real=0.00s
[20.396s][info][gc,start       ] GC(27) Pause Young (Allocation Failure)
[20.400s][info][gc,heap        ] GC(27) PSYoungGen: 222600K(222720K)->1855K(233984K) Eden: 221696K(221696K)->0K(213504K) From: 904K(1024K)->1855K(20480K)
[20.400s][info][gc,heap        ] GC(27) ParOldGen: 295961K(296448K)->296025K(296448K)
[20.400s][info][gc,metaspace   ] GC(27) Metaspace: 55472K(55808K)->55472K(55808K) NonClass: 49874K(50112K)->49874K(50112K) Class: 5597K(5696K)->5597K(5696K)
[20.400s][info][gc             ] GC(27) Pause Young (Allocation Failure) 506M->290M(518M) 4.578ms
[20.400s][info][gc,cpu         ] GC(27) User=0.01s Sys=0.00s Real=0.01s
[20.913s][info][gc,start       ] GC(28) Pause Young (Allocation Failure)
[20.917s][info][gc,heap        ] GC(28) PSYoungGen: 215359K(233984K)->1119K(207360K) Eden: 213504K(213504K)->0K(205824K) From: 1855K(20480K)->1119K(1536K)
[20.917s][info][gc,heap        ] GC(28) ParOldGen: 296025K(296448K)->296081K(296448K)
[20.917s][info][gc,metaspace   ] GC(28) Metaspace: 55472K(55808K)->55472K(55808K) NonClass: 49874K(50112K)->49874K(50112K) Class: 5597K(5696K)->5597K(5696K)
[20.917s][info][gc             ] GC(28) Pause Young (Allocation Failure) 499M->290M(492M) 3.576ms
[20.917s][info][gc,cpu         ] GC(28) User=0.00s Sys=0.00s Real=0.01s
[21.390s][info][gc,start       ] GC(29) Pause Young (Allocation Failure)
[21.394s][info][gc,heap        ] GC(29) PSYoungGen: 206943K(207360K)->1022K(216576K) Eden: 205824K(205824K)->0K(198144K) From: 1119K(1536K)->1022K(18432K)
[21.394s][info][gc,heap        ] GC(29) ParOldGen: 296081K(296448K)->296129K(296448K)
[21.394s][info][gc,metaspace   ] GC(29) Metaspace: 55482K(55808K)->55482K(55808K) NonClass: 49884K(50112K)->49884K(50112K) Class: 5597K(5696K)->5597K(5696K)
[21.394s][info][gc             ] GC(29) Pause Young (Allocation Failure) 491M->290M(501M) 3.631ms
[21.394s][info][gc,cpu         ] GC(29) User=0.01s Sys=0.00s Real=0.00s
[21.823s][info][gc,start       ] GC(30) Pause Young (Allocation Failure)
[21.828s][info][gc,heap        ] GC(30) PSYoungGen: 199166K(216576K)->2399K(193536K) Eden: 198144K(198144K)->0K(190976K) From: 1022K(18432K)->2399K(2560K)
[21.828s][info][gc,heap        ] GC(30) ParOldGen: 296129K(296448K)->296177K(296448K)
[21.828s][info][gc,metaspace   ] GC(30) Metaspace: 55482K(55808K)->55482K(55808K) NonClass: 49884K(50112K)->49884K(50112K) Class: 5597K(5696K)->5597K(5696K)
[21.828s][info][gc             ] GC(30) Pause Young (Allocation Failure) 483M->291M(478M) 5.104ms
[21.828s][info][gc,cpu         ] GC(30) User=0.01s Sys=0.00s Real=0.01s
[22.296s][info][gc,start       ] GC(31) Pause Young (Allocation Failure)
[22.300s][info][gc,heap        ] GC(31) PSYoungGen: 193375K(193536K)->2174K(199680K) Eden: 190976K(190976K)->0K(184320K) From: 2399K(2560K)->2174K(15360K)
[22.300s][info][gc,heap        ] GC(31) ParOldGen: 296177K(296448K)->296225K(296448K)
[22.300s][info][gc,metaspace   ] GC(31) Metaspace: 55482K(55808K)->55482K(55808K) NonClass: 49884K(50112K)->49884K(50112K) Class: 5597K(5696K)->5597K(5696K)
[22.300s][info][gc             ] GC(31) Pause Young (Allocation Failure) 478M->291M(484M) 4.482ms
[22.300s][info][gc,cpu         ] GC(31) User=0.01s Sys=0.00s Real=0.01s
[22.706s][info][gc,start       ] GC(32) Pause Young (Allocation Failure)
[22.712s][info][gc,heap        ] GC(32) PSYoungGen: 186494K(199680K)->2464K(180224K) Eden: 184320K(184320K)->0K(177664K) From: 2174K(15360K)->2464K(2560K)
[22.712s][info][gc,heap        ] GC(32) ParOldGen: 296225K(296448K)->296265K(296448K)
[22.712s][info][gc,metaspace   ] GC(32) Metaspace: 55482K(55808K)->55482K(55808K) NonClass: 49884K(50112K)->49884K(50112K) Class: 5597K(5696K)->5597K(5696K)
[22.712s][info][gc             ] GC(32) Pause Young (Allocation Failure) 471M->291M(465M) 5.298ms
[22.712s][info][gc,cpu         ] GC(32) User=0.01s Sys=0.00s Real=0.00s
[23.130s][info][gc,start       ] GC(33) Pause Young (Allocation Failure)
[23.134s][info][gc,heap        ] GC(33) PSYoungGen: 180128K(180224K)->1855K(185856K) Eden: 177664K(177664K)->0K(171520K) From: 2464K(2560K)->1855K(14336K)
[23.134s][info][gc,heap        ] GC(33) ParOldGen: 296265K(296448K)->296313K(296448K)
[23.134s][info][gc,metaspace   ] GC(33) Metaspace: 55482K(55808K)->55482K(55808K) NonClass: 49884K(50112K)->49884K(50112K) Class: 5597K(5696K)->5597K(5696K)
[23.135s][info][gc             ] GC(33) Pause Young (Allocation Failure) 465M->291M(471M) 4.070ms
[23.135s][info][gc,cpu         ] GC(33) User=0.00s Sys=0.00s Real=0.00s
[23.514s][info][gc,start       ] GC(34) Pause Young (Allocation Failure)
[23.519s][info][gc,heap        ] GC(34) PSYoungGen: 173336K(185856K)->2624K(168448K) Eden: 171481K(171520K)->0K(165376K) From: 1855K(14336K)->2624K(3072K)
[23.519s][info][gc,heap        ] GC(34) ParOldGen: 296313K(296448K)->296353K(296448K)
[23.519s][info][gc,metaspace   ] GC(34) Metaspace: 55484K(55808K)->55484K(55808K) NonClass: 49887K(50112K)->49887K(50112K) Class: 5597K(5696K)->5597K(5696K)
[23.519s][info][gc             ] GC(34) Pause Young (Allocation Failure) 458M->291M(454M) 5.273ms
[23.519s][info][gc,cpu         ] GC(34) User=0.01s Sys=0.00s Real=0.01s
[23.915s][info][gc,start       ] GC(35) Pause Young (Allocation Failure)
[23.931s][info][gc,heap        ] GC(35) PSYoungGen: 168000K(168448K)->3135K(186880K) Eden: 165376K(165376K)->0K(166912K) From: 2624K(3072K)->3135K(19968K)
[23.931s][info][gc,heap        ] GC(35) ParOldGen: 296353K(296448K)->296393K(296448K)
[23.931s][info][gc,metaspace   ] GC(35) Metaspace: 55484K(55808K)->55484K(55808K) NonClass: 49887K(50112K)->49887K(50112K) Class: 5597K(5696K)->5597K(5696K)
[23.931s][info][gc             ] GC(35) Pause Young (Allocation Failure) 453M->292M(472M) 16.637ms
[23.931s][info][gc,cpu         ] GC(35) User=0.01s Sys=0.00s Real=0.02s
[24.305s][info][gc,start       ] GC(36) Pause Young (Allocation Failure)
[24.312s][info][gc,heap        ] GC(36) PSYoungGen: 169759K(186880K)->2816K(185344K) Eden: 166623K(166912K)->0K(166912K) From: 3135K(19968K)->2816K(18432K)
[24.312s][info][gc,heap        ] GC(36) ParOldGen: 296393K(296448K)->296425K(296448K)
[24.312s][info][gc,metaspace   ] GC(36) Metaspace: 55485K(55808K)->55485K(55808K) NonClass: 49888K(50112K)->49888K(50112K) Class: 5597K(5696K)->5597K(5696K)
[24.312s][info][gc             ] GC(36) Pause Young (Allocation Failure) 455M->292M(470M) 7.121ms
[24.312s][info][gc,cpu         ] GC(36) User=0.01s Sys=0.00s Real=0.01s
[24.702s][info][gc,start       ] GC(37) Pause Young (Allocation Failure)
[24.708s][info][gc,heap        ] GC(37) PSYoungGen: 169728K(185344K)->3103K(223232K) Eden: 166912K(166912K)->0K(208896K) From: 2816K(18432K)->3103K(14336K)
[24.708s][info][gc,heap        ] GC(37) ParOldGen: 296425K(296448K)->296457K(296960K)
[24.708s][info][gc,metaspace   ] GC(37) Metaspace: 55485K(55808K)->55485K(55808K) NonClass: 49888K(50112K)->49888K(50112K) Class: 5597K(5696K)->5597K(5696K)
[24.708s][info][gc             ] GC(37) Pause Young (Allocation Failure) 455M->292M(508M) 6.213ms
[24.708s][info][gc,cpu         ] GC(37) User=0.01s Sys=0.00s Real=0.01s
[25.200s][info][gc,start       ] GC(38) Pause Young (Allocation Failure)
[25.205s][info][gc,heap        ] GC(38) PSYoungGen: 211999K(223232K)->2718K(224768K) Eden: 208896K(208896K)->0K(208896K) From: 3103K(14336K)->2718K(15872K)
[25.205s][info][gc,heap        ] GC(38) ParOldGen: 296457K(296960K)->296489K(296960K)
[25.205s][info][gc,metaspace   ] GC(38) Metaspace: 55485K(55808K)->55485K(55808K) NonClass: 49888K(50112K)->49888K(50112K) Class: 5597K(5696K)->5597K(5696K)
[25.205s][info][gc             ] GC(38) Pause Young (Allocation Failure) 496M->292M(509M) 5.318ms
[25.205s][info][gc,cpu         ] GC(38) User=0.01s Sys=0.00s Real=0.00s
[25.699s][info][gc,start       ] GC(39) Pause Young (Allocation Failure)
[25.703s][info][gc,heap        ] GC(39) PSYoungGen: 211614K(224768K)->1982K(274944K) Eden: 208896K(208896K)->0K(261120K) From: 2718K(15872K)->1982K(13824K)
[25.703s][info][gc,heap        ] GC(39) ParOldGen: 296489K(296960K)->296521K(296960K)
[25.703s][info][gc,metaspace   ] GC(39) Metaspace: 55485K(55808K)->55485K(55808K) NonClass: 49888K(50112K)->49888K(50112K) Class: 5597K(5696K)->5597K(5696K)
[25.703s][info][gc             ] GC(39) Pause Young (Allocation Failure) 496M->291M(558M) 4.121ms
[25.704s][info][gc,cpu         ] GC(39) User=0.01s Sys=0.00s Real=0.00s
[26.327s][info][gc,start       ] GC(40) Pause Young (Allocation Failure)
[26.343s][info][gc,heap        ] GC(40) PSYoungGen: 263102K(274944K)->2015K(275456K) Eden: 261120K(261120K)->0K(261120K) From: 1982K(13824K)->2015K(14336K)
[26.343s][info][gc,heap        ] GC(40) ParOldGen: 296521K(296960K)->296561K(296960K)
[26.343s][info][gc,metaspace   ] GC(40) Metaspace: 55485K(55808K)->55485K(55808K) NonClass: 49888K(50112K)->49888K(50112K) Class: 5597K(5696K)->5597K(5696K)
[26.343s][info][gc             ] GC(40) Pause Young (Allocation Failure) 546M->291M(559M) 15.913ms
[26.343s][info][gc,cpu         ] GC(40) User=0.01s Sys=0.00s Real=0.01s
[26.908s][info][gc,start       ] GC(41) Pause Young (Allocation Failure)
[26.914s][info][gc,heap        ] GC(41) PSYoungGen: 263135K(275456K)->2592K(317952K) Eden: 261120K(261120K)->0K(306176K) From: 2015K(14336K)->2592K(11776K)
[26.915s][info][gc,heap        ] GC(41) ParOldGen: 296561K(296960K)->296609K(296960K)
[26.915s][info][gc,metaspace   ] GC(41) Metaspace: 55485K(55808K)->55485K(55808K) NonClass: 49888K(50112K)->49888K(50112K) Class: 5597K(5696K)->5597K(5696K)
[26.915s][info][gc             ] GC(41) Pause Young (Allocation Failure) 546M->292M(600M) 7.024ms
[26.915s][info][gc,cpu         ] GC(41) User=0.01s Sys=0.00s Real=0.00s
[27.646s][info][gc,start       ] GC(42) Pause Young (Allocation Failure)
[27.649s][info][gc,heap        ] GC(42) PSYoungGen: 308597K(317952K)->896K(318464K) Eden: 306005K(306176K)->0K(306176K) From: 2592K(11776K)->896K(12288K)
[27.649s][info][gc,heap        ] GC(42) ParOldGen: 296609K(296960K)->296657K(296960K)
[27.649s][info][gc,metaspace   ] GC(42) Metaspace: 55485K(55808K)->55485K(55808K) NonClass: 49888K(50112K)->49888K(50112K) Class: 5597K(5696K)->5597K(5696K)
[27.649s][info][gc             ] GC(42) Pause Young (Allocation Failure) 591M->290M(601M) 3.160ms
[27.650s][info][gc,cpu         ] GC(42) User=0.01s Sys=0.00s Real=0.00s
[28.430s][info][gc,start       ] GC(43) Pause Young (Allocation Failure)
[28.433s][info][gc,heap        ] GC(43) PSYoungGen: 307072K(318464K)->1374K(320512K) Eden: 306176K(306176K)->0K(309760K) From: 896K(12288K)->1374K(10752K)
[28.433s][info][gc,heap        ] GC(43) ParOldGen: 296657K(296960K)->296705K(296960K)
[28.433s][info][gc,metaspace   ] GC(43) Metaspace: 55488K(55872K)->55488K(55872K) NonClass: 49890K(50176K)->49890K(50176K) Class: 5598K(5696K)->5598K(5696K)
[28.433s][info][gc             ] GC(43) Pause Young (Allocation Failure) 589M->291M(603M) 3.331ms
[28.433s][info][gc,cpu         ] GC(43) User=0.00s Sys=0.00s Real=0.00s
[29.097s][info][gc,start       ] GC(44) Pause Young (Allocation Failure)
[29.102s][info][gc,heap        ] GC(44) PSYoungGen: 311134K(320512K)->2238K(300032K) Eden: 309760K(309760K)->0K(297472K) From: 1374K(10752K)->2238K(2560K)
[29.102s][info][gc,heap        ] GC(44) ParOldGen: 296705K(296960K)->296753K(296960K)
[29.102s][info][gc,metaspace   ] GC(44) Metaspace: 55488K(55872K)->55488K(55872K) NonClass: 49890K(50176K)->49890K(50176K) Class: 5598K(5696K)->5598K(5696K)
[29.102s][info][gc             ] GC(44) Pause Young (Allocation Failure) 593M->291M(583M) 4.564ms
[29.102s][info][gc,cpu         ] GC(44) User=0.01s Sys=0.01s Real=0.00s
[29.812s][info][gc,start       ] GC(45) Pause Young (Allocation Failure)
[29.819s][info][gc,heap        ] GC(45) PSYoungGen: 299710K(300032K)->1536K(287232K) Eden: 297472K(297472K)->0K(285696K) From: 2238K(2560K)->1536K(1536K)
[29.819s][info][gc,heap        ] GC(45) ParOldGen: 296753K(296960K)->296801K(296960K)
[29.819s][info][gc,metaspace   ] GC(45) Metaspace: 55488K(55872K)->55488K(55872K) NonClass: 49890K(50176K)->49890K(50176K) Class: 5598K(5696K)->5598K(5696K)
[29.819s][info][gc             ] GC(45) Pause Young (Allocation Failure) 582M->291M(570M) 7.191ms
[29.819s][info][gc,cpu         ] GC(45) User=0.01s Sys=0.00s Real=0.01s
[30.490s][info][gc,start       ] GC(46) Pause Young (Allocation Failure)
[30.493s][info][gc,heap        ] GC(46) PSYoungGen: 287232K(287232K)->1184K(275968K) Eden: 285696K(285696K)->0K(274432K) From: 1536K(1536K)->1184K(1536K)
[30.493s][info][gc,heap        ] GC(46) ParOldGen: 296801K(296960K)->296849K(296960K)
[30.493s][info][gc,metaspace   ] GC(46) Metaspace: 55488K(55872K)->55488K(55872K) NonClass: 49890K(50176K)->49890K(50176K) Class: 5598K(5696K)->5598K(5696K)
[30.493s][info][gc             ] GC(46) Pause Young (Allocation Failure) 570M->291M(559M) 3.122ms
[30.494s][info][gc,cpu         ] GC(46) User=0.01s Sys=0.00s Real=0.00s
[31.107s][info][gc,start       ] GC(47) Pause Young (Allocation Failure)
[31.113s][info][gc,heap        ] GC(47) PSYoungGen: 275616K(275968K)->3391K(267264K) Eden: 274432K(274432K)->0K(263680K) From: 1184K(1536K)->3391K(3584K)
[31.113s][info][gc,heap        ] GC(47) ParOldGen: 296849K(296960K)->296889K(296960K)
[31.113s][info][gc,metaspace   ] GC(47) Metaspace: 55488K(55872K)->55488K(55872K) NonClass: 49890K(50176K)->49890K(50176K) Class: 5598K(5696K)->5598K(5696K)
[31.113s][info][gc             ] GC(47) Pause Young (Allocation Failure) 559M->293M(551M) 5.682ms
[31.113s][info][gc,cpu         ] GC(47) User=0.01s Sys=0.00s Real=0.00s
[31.786s][info][gc,start       ] GC(48) Pause Young (Allocation Failure)
[31.797s][info][gc,heap        ] GC(48) PSYoungGen: 267071K(267264K)->3103K(257024K) Eden: 263680K(263680K)->0K(253440K) From: 3391K(3584K)->3103K(3584K)
[31.797s][info][gc,heap        ] GC(48) ParOldGen: 296889K(296960K)->296921K(296960K)
[31.797s][info][gc,metaspace   ] GC(48) Metaspace: 55488K(55872K)->55488K(55872K) NonClass: 49890K(50176K)->49890K(50176K) Class: 5598K(5696K)->5598K(5696K)
[31.797s][info][gc             ] GC(48) Pause Young (Allocation Failure) 550M->292M(541M) 10.683ms
[31.797s][info][gc,cpu         ] GC(48) User=0.01s Sys=0.00s Real=0.01s
[32.311s][info][gc,start       ] GC(49) Pause Young (Allocation Failure)
[32.320s][info][gc,heap        ] GC(49) PSYoungGen: 256543K(257024K)->3550K(294912K) Eden: 253440K(253440K)->0K(286208K) From: 3103K(3584K)->3550K(8704K)
[32.320s][info][gc,heap        ] GC(49) ParOldGen: 296921K(296960K)->296953K(296960K)
[32.320s][info][gc,metaspace   ] GC(49) Metaspace: 55489K(55872K)->55489K(55872K) NonClass: 49890K(50176K)->49890K(50176K) Class: 5598K(5696K)->5598K(5696K)
[32.320s][info][gc             ] GC(49) Pause Young (Allocation Failure) 540M->293M(578M) 8.228ms
[32.320s][info][gc,cpu         ] GC(49) User=0.01s Sys=0.00s Real=0.01s
[33.033s][info][gc,start       ] GC(50) Pause Young (Allocation Failure)
[33.039s][info][gc,heap        ] GC(50) PSYoungGen: 289758K(294912K)->3808K(294912K) Eden: 286208K(286208K)->0K(286208K) From: 3550K(8704K)->3808K(8704K)
[33.040s][info][gc,heap        ] GC(50) ParOldGen: 296953K(296960K)->296985K(297472K)
[33.040s][info][gc,metaspace   ] GC(50) Metaspace: 55489K(55872K)->55489K(55872K) NonClass: 49890K(50176K)->49890K(50176K) Class: 5598K(5696K)->5598K(5696K)
[33.040s][info][gc             ] GC(50) Pause Young (Allocation Failure) 572M->293M(578M) 6.310ms
[33.040s][info][gc,cpu         ] GC(50) User=0.01s Sys=0.00s Real=0.01s
[33.691s][info][gc,start       ] GC(51) Pause Young (Allocation Failure)
[33.695s][info][gc,heap        ] GC(51) PSYoungGen: 290016K(294912K)->1854K(276992K) Eden: 286208K(286208K)->0K(274944K) From: 3808K(8704K)->1854K(2048K)
[33.695s][info][gc,heap        ] GC(51) ParOldGen: 296985K(297472K)->297017K(297472K)
[33.695s][info][gc,metaspace   ] GC(51) Metaspace: 55489K(55872K)->55489K(55872K) NonClass: 49890K(50176K)->49890K(50176K) Class: 5598K(5696K)->5598K(5696K)
[33.695s][info][gc             ] GC(51) Pause Young (Allocation Failure) 573M->291M(561M) 3.869ms
[33.695s][info][gc,cpu         ] GC(51) User=0.00s Sys=0.01s Real=0.00s
[34.408s][info][gc,start       ] GC(52) Pause Young (Allocation Failure)
[34.415s][info][gc,heap        ] GC(52) PSYoungGen: 276798K(276992K)->3456K(267776K) Eden: 274944K(274944K)->0K(264192K) From: 1854K(2048K)->3456K(3584K)
[34.415s][info][gc,heap        ] GC(52) ParOldGen: 297017K(297472K)->297057K(297472K)
[34.415s][info][gc,metaspace   ] GC(52) Metaspace: 55492K(55872K)->55492K(55872K) NonClass: 49893K(50176K)->49893K(50176K) Class: 5598K(5696K)->5598K(5696K)
[34.415s][info][gc             ] GC(52) Pause Young (Allocation Failure) 560M->293M(552M) 7.132ms
[34.415s][info][gc,cpu         ] GC(52) User=0.01s Sys=0.00s Real=0.00s
[35.025s][info][gc,start       ] GC(53) Pause Young (Allocation Failure)
[35.030s][info][gc,heap        ] GC(53) PSYoungGen: 267411K(267776K)->2144K(256512K) Eden: 263955K(264192K)->0K(253952K) From: 3456K(3584K)->2144K(2560K)
[35.030s][info][gc,heap        ] GC(53) ParOldGen: 297057K(297472K)->297097K(297472K)
[35.030s][info][gc,metaspace   ] GC(53) Metaspace: 55492K(55872K)->55492K(55872K) NonClass: 49893K(50176K)->49893K(50176K) Class: 5598K(5696K)->5598K(5696K)
[35.030s][info][gc             ] GC(53) Pause Young (Allocation Failure) 551M->292M(541M) 5.039ms
[35.030s][info][gc,cpu         ] GC(53) User=0.01s Sys=0.00s Real=0.01s
[35.659s][info][gc,start       ] GC(54) Pause Young (Allocation Failure)
[35.662s][info][gc,heap        ] GC(54) PSYoungGen: 255961K(256512K)->800K(245248K) Eden: 253817K(253952K)->0K(244224K) From: 2144K(2560K)->800K(1024K)
[35.662s][info][gc,heap        ] GC(54) ParOldGen: 297097K(297472K)->297129K(297472K)
[35.662s][info][gc,metaspace   ] GC(54) Metaspace: 55492K(55872K)->55492K(55872K) NonClass: 49893K(50176K)->49893K(50176K) Class: 5598K(5696K)->5598K(5696K)
[35.662s][info][gc             ] GC(54) Pause Young (Allocation Failure) 540M->290M(530M) 3.143ms
[35.662s][info][gc,cpu         ] GC(54) User=0.01s Sys=0.00s Real=0.00s
[36.209s][info][gc,start       ] GC(55) Pause Young (Allocation Failure)
[36.214s][info][gc,heap        ] GC(55) PSYoungGen: 245024K(245248K)->3104K(238592K) Eden: 244224K(244224K)->0K(235008K) From: 800K(1024K)->3104K(3584K)
[36.215s][info][gc,heap        ] GC(55) ParOldGen: 297129K(297472K)->297161K(297472K)
[36.215s][info][gc,metaspace   ] GC(55) Metaspace: 55492K(55872K)->55492K(55872K) NonClass: 49893K(50176K)->49893K(50176K) Class: 5598K(5696K)->5598K(5696K)
[36.215s][info][gc             ] GC(55) Pause Young (Allocation Failure) 529M->293M(523M) 5.377ms
[36.215s][info][gc,cpu         ] GC(55) User=0.01s Sys=0.01s Real=0.00s
[36.798s][info][gc,start       ] GC(56) Pause Young (Allocation Failure)
[36.802s][info][gc,heap        ] GC(56) PSYoungGen: 238112K(238592K)->1887K(228352K) Eden: 235008K(235008K)->0K(226304K) From: 3104K(3584K)->1887K(2048K)
[36.802s][info][gc,heap        ] GC(56) ParOldGen: 297161K(297472K)->297193K(297472K)
[36.802s][info][gc,metaspace   ] GC(56) Metaspace: 55510K(55872K)->55510K(55872K) NonClass: 49910K(50176K)->49910K(50176K) Class: 5600K(5696K)->5600K(5696K)
[36.802s][info][gc             ] GC(56) Pause Young (Allocation Failure) 522M->292M(513M) 3.727ms
[36.802s][info][gc,cpu         ] GC(56) User=0.01s Sys=0.00s Real=0.00s
[37.309s][info][gc,start       ] GC(57) Pause Young (Allocation Failure)
[37.316s][info][gc,heap        ] GC(57) PSYoungGen: 228138K(228352K)->3072K(220672K) Eden: 226251K(226304K)->0K(217600K) From: 1887K(2048K)->3072K(3072K)
[37.316s][info][gc,heap        ] GC(57) ParOldGen: 297193K(297472K)->297249K(297472K)
[37.316s][info][gc,metaspace   ] GC(57) Metaspace: 55510K(55872K)->55510K(55872K) NonClass: 49910K(50176K)->49910K(50176K) Class: 5600K(5696K)->5600K(5696K)
[37.316s][info][gc             ] GC(57) Pause Young (Allocation Failure) 513M->293M(506M) 6.338ms
[37.316s][info][gc,cpu         ] GC(57) User=0.02s Sys=0.00s Real=0.00s
[37.834s][info][gc,start       ] GC(58) Pause Young (Allocation Failure)
[37.838s][info][gc,heap        ] GC(58) PSYoungGen: 220532K(220672K)->2368K(211968K) Eden: 217460K(217600K)->0K(209408K) From: 3072K(3072K)->2368K(2560K)
[37.838s][info][gc,heap        ] GC(58) ParOldGen: 297249K(297472K)->297281K(297472K)
[37.838s][info][gc,metaspace   ] GC(58) Metaspace: 55511K(55872K)->55511K(55872K) NonClass: 49911K(50176K)->49911K(50176K) Class: 5600K(5696K)->5600K(5696K)
[37.838s][info][gc             ] GC(58) Pause Young (Allocation Failure) 505M->292M(497M) 4.680ms
[37.838s][info][gc,cpu         ] GC(58) User=0.01s Sys=0.01s Real=0.01s
[38.313s][info][gc,start       ] GC(59) Pause Young (Allocation Failure)
[38.318s][info][gc,heap        ] GC(59) PSYoungGen: 211776K(211968K)->2624K(204800K) Eden: 209408K(209408K)->0K(201728K) From: 2368K(2560K)->2624K(3072K)
[38.318s][info][gc,heap        ] GC(59) ParOldGen: 297281K(297472K)->297313K(297472K)
[38.318s][info][gc,metaspace   ] GC(59) Metaspace: 55511K(55872K)->55511K(55872K) NonClass: 49911K(50176K)->49911K(50176K) Class: 5600K(5696K)->5600K(5696K)
[38.318s][info][gc             ] GC(59) Pause Young (Allocation Failure) 497M->292M(490M) 4.896ms
[38.318s][info][gc,cpu         ] GC(59) User=0.01s Sys=0.00s Real=0.01s
[38.863s][info][gc,start       ] GC(60) Pause Young (Allocation Failure)
[38.867s][info][gc,heap        ] GC(60) PSYoungGen: 204352K(204800K)->2047K(196608K) Eden: 201728K(201728K)->0K(194560K) From: 2624K(3072K)->2047K(2048K)
[38.867s][info][gc,heap        ] GC(60) ParOldGen: 297313K(297472K)->297337K(297472K)
[38.867s][info][gc,metaspace   ] GC(60) Metaspace: 55511K(55872K)->55511K(55872K) NonClass: 49911K(50176K)->49911K(50176K) Class: 5600K(5696K)->5600K(5696K)
[38.867s][info][gc             ] GC(60) Pause Young (Allocation Failure) 489M->292M(482M) 3.934ms
[38.867s][info][gc,cpu         ] GC(60) User=0.01s Sys=0.00s Real=0.01s
[39.290s][info][gc,start       ] GC(61) Pause Young (Allocation Failure)
[39.294s][info][gc,heap        ] GC(61) PSYoungGen: 196607K(196608K)->1074K(188928K) Eden: 194560K(194560K)->0K(187392K) From: 2047K(2048K)->1074K(1536K)
[39.294s][info][gc,heap        ] GC(61) ParOldGen: 297337K(297472K)->297369K(297472K)
[39.294s][info][gc,metaspace   ] GC(61) Metaspace: 55514K(55872K)->55514K(55872K) NonClass: 49914K(50176K)->49914K(50176K) Class: 5600K(5696K)->5600K(5696K)
[39.294s][info][gc             ] GC(61) Pause Young (Allocation Failure) 482M->291M(475M) 3.172ms
[39.294s][info][gc,cpu         ] GC(61) User=0.01s Sys=0.00s Real=0.00s
[39.703s][info][gc,start       ] GC(62) Pause Young (Allocation Failure)
[39.708s][info][gc,heap        ] GC(62) PSYoungGen: 188466K(188928K)->2816K(183808K) Eden: 187392K(187392K)->0K(180736K) From: 1074K(1536K)->2816K(3072K)
[39.708s][info][gc,heap        ] GC(62) ParOldGen: 297369K(297472K)->297401K(297472K)
[39.708s][info][gc,metaspace   ] GC(62) Metaspace: 55514K(55872K)->55514K(55872K) NonClass: 49914K(50176K)->49914K(50176K) Class: 5600K(5696K)->5600K(5696K)
[39.708s][info][gc             ] GC(62) Pause Young (Allocation Failure) 474M->293M(470M) 5.086ms
[39.708s][info][gc,cpu         ] GC(62) User=0.01s Sys=0.00s Real=0.01s
[40.122s][info][gc,start       ] GC(63) Pause Young (Allocation Failure)
[40.126s][info][gc,heap        ] GC(63) PSYoungGen: 183262K(183808K)->1632K(176640K) Eden: 180446K(180736K)->0K(174592K) From: 2816K(3072K)->1632K(2048K)
[40.126s][info][gc,heap        ] GC(63) ParOldGen: 297401K(297472K)->297417K(297472K)
[40.126s][info][gc,metaspace   ] GC(63) Metaspace: 55514K(55872K)->55514K(55872K) NonClass: 49914K(50176K)->49914K(50176K) Class: 5600K(5696K)->5600K(5696K)
[40.126s][info][gc             ] GC(63) Pause Young (Allocation Failure) 469M->292M(463M) 3.835ms
[40.126s][info][gc,cpu         ] GC(63) User=0.01s Sys=0.00s Real=0.01s
[40.529s][info][gc,start       ] GC(64) Pause Young (Allocation Failure)
[40.532s][info][gc,heap        ] GC(64) PSYoungGen: 175923K(176640K)->1472K(169984K) Eden: 174291K(174592K)->0K(168448K) From: 1632K(2048K)->1472K(1536K)
[40.532s][info][gc,heap        ] GC(64) ParOldGen: 297417K(297472K)->297441K(297472K)
[40.532s][info][gc,metaspace   ] GC(64) Metaspace: 55514K(55872K)->55514K(55872K) NonClass: 49914K(50176K)->49914K(50176K) Class: 5600K(5696K)->5600K(5696K)
[40.532s][info][gc             ] GC(64) Pause Young (Allocation Failure) 462M->291M(456M) 3.577ms
[40.532s][info][gc,cpu         ] GC(64) User=0.00s Sys=0.00s Real=0.00s
[40.925s][info][gc,start       ] GC(65) Pause Young (Allocation Failure)
[40.928s][info][gc,heap        ] GC(65) PSYoungGen: 169920K(169984K)->1024K(163840K) Eden: 168448K(168448K)->0K(162816K) From: 1472K(1536K)->1024K(1024K)
[40.928s][info][gc,heap        ] GC(65) ParOldGen: 297441K(297472K)->297465K(297472K)
[40.928s][info][gc,metaspace   ] GC(65) Metaspace: 55514K(55872K)->55514K(55872K) NonClass: 49914K(50176K)->49914K(50176K) Class: 5600K(5696K)->5600K(5696K)
[40.928s][info][gc             ] GC(65) Pause Young (Allocation Failure) 456M->291M(450M) 3.045ms
[40.928s][info][gc,cpu         ] GC(65) User=0.00s Sys=0.00s Real=0.01s
[41.320s][info][gc,start       ] GC(66) Pause Young (Allocation Failure)
[41.325s][info][gc,heap        ] GC(66) PSYoungGen: 163520K(163840K)->2560K(159744K) Eden: 162496K(162816K)->0K(157184K) From: 1024K(1024K)->2560K(2560K)
[41.325s][info][gc,heap        ] GC(66) ParOldGen: 297465K(297472K)->297481K(297984K)
[41.325s][info][gc,metaspace   ] GC(66) Metaspace: 55514K(55872K)->55514K(55872K) NonClass: 49914K(50176K)->49914K(50176K) Class: 5600K(5696K)->5600K(5696K)
[41.325s][info][gc             ] GC(66) Pause Young (Allocation Failure) 450M->293M(447M) 4.730ms
[41.325s][info][gc,cpu         ] GC(66) User=0.01s Sys=0.00s Real=0.00s
[41.706s][info][gc,start       ] GC(67) Pause Young (Allocation Failure)
[41.711s][info][gc,heap        ] GC(67) PSYoungGen: 159744K(159744K)->2911K(155136K) Eden: 157184K(157184K)->0K(152064K) From: 2560K(2560K)->2911K(3072K)
[41.711s][info][gc,heap        ] GC(67) ParOldGen: 297481K(297984K)->297497K(297984K)
[41.711s][info][gc,metaspace   ] GC(67) Metaspace: 55514K(55872K)->55514K(55872K) NonClass: 49914K(50176K)->49914K(50176K) Class: 5600K(5696K)->5600K(5696K)
[41.711s][info][gc             ] GC(67) Pause Young (Allocation Failure) 446M->293M(442M) 4.924ms
[41.711s][info][gc,cpu         ] GC(67) User=0.01s Sys=0.01s Real=0.00s
[42.090s][info][gc,start       ] GC(68) Pause Young (Allocation Failure)
[42.093s][info][gc,heap        ] GC(68) PSYoungGen: 154975K(155136K)->756K(147968K) Eden: 152064K(152064K)->0K(146944K) From: 2911K(3072K)->756K(1024K)
[42.093s][info][gc,heap        ] GC(68) ParOldGen: 297497K(297984K)->297513K(297984K)
[42.093s][info][gc,metaspace   ] GC(68) Metaspace: 55514K(55872K)->55514K(55872K) NonClass: 49914K(50176K)->49914K(50176K) Class: 5600K(5696K)->5600K(5696K)
[42.093s][info][gc             ] GC(68) Pause Young (Allocation Failure) 441M->291M(435M) 2.626ms
[42.093s][info][gc,cpu         ] GC(68) User=0.01s Sys=0.00s Real=0.00s
[42.410s][info][gc,start       ] GC(69) Pause Young (Allocation Failure)
[42.415s][info][gc,heap        ] GC(69) PSYoungGen: 147700K(147968K)->3423K(180224K) Eden: 146944K(146944K)->0K(176640K) From: 756K(1024K)->3423K(3584K)
[42.415s][info][gc,heap        ] GC(69) ParOldGen: 297513K(297984K)->297537K(297984K)
[42.415s][info][gc,metaspace   ] GC(69) Metaspace: 55514K(55872K)->55514K(55872K) NonClass: 49914K(50176K)->49914K(50176K) Class: 5600K(5696K)->5600K(5696K)
[42.415s][info][gc             ] GC(69) Pause Young (Allocation Failure) 434M->293M(467M) 5.242ms
[42.415s][info][gc,cpu         ] GC(69) User=0.01s Sys=0.00s Real=0.00s
[42.823s][info][gc,start       ] GC(70) Pause Young (Allocation Failure)
[42.827s][info][gc,heap        ] GC(70) PSYoungGen: 180063K(180224K)->1919K(172544K) Eden: 176640K(176640K)->0K(170496K) From: 3423K(3584K)->1919K(2048K)
[42.827s][info][gc,heap        ] GC(70) ParOldGen: 297537K(297984K)->297553K(297984K)
[42.827s][info][gc,metaspace   ] GC(70) Metaspace: 55514K(55872K)->55514K(55872K) NonClass: 49914K(50176K)->49914K(50176K) Class: 5600K(5696K)->5600K(5696K)
[42.827s][info][gc             ] GC(70) Pause Young (Allocation Failure) 466M->292M(459M) 3.858ms
[42.827s][info][gc,cpu         ] GC(70) User=0.01s Sys=0.00s Real=0.01s
[43.262s][info][gc,start       ] GC(71) Pause Young (Allocation Failure)
[43.265s][info][gc,heap        ] GC(71) PSYoungGen: 172415K(172544K)->1247K(165888K) Eden: 170496K(170496K)->0K(164352K) From: 1919K(2048K)->1247K(1536K)
[43.265s][info][gc,heap        ] GC(71) ParOldGen: 297553K(297984K)->297577K(297984K)
[43.265s][info][gc,metaspace   ] GC(71) Metaspace: 55514K(55872K)->55514K(55872K) NonClass: 49914K(50176K)->49914K(50176K) Class: 5600K(5696K)->5600K(5696K)
[43.265s][info][gc             ] GC(71) Pause Young (Allocation Failure) 458M->291M(453M) 3.256ms
[43.265s][info][gc,cpu         ] GC(71) User=0.01s Sys=0.00s Real=0.00s
[43.626s][info][gc,start       ] GC(72) Pause Young (Allocation Failure)
[43.629s][info][gc,heap        ] GC(72) PSYoungGen: 165599K(165888K)->2047K(160768K) Eden: 164352K(164352K)->0K(158720K) From: 1247K(1536K)->2047K(2048K)
[43.629s][info][gc,heap        ] GC(72) ParOldGen: 297577K(297984K)->297593K(297984K)
[43.629s][info][gc,metaspace   ] GC(72) Metaspace: 55514K(55872K)->55514K(55872K) NonClass: 49914K(50176K)->49914K(50176K) Class: 5600K(5696K)->5600K(5696K)
[43.629s][info][gc             ] GC(72) Pause Young (Allocation Failure) 452M->292M(448M) 3.780ms
[43.629s][info][gc,cpu         ] GC(72) User=0.01s Sys=0.00s Real=0.01s
[44.009s][info][gc,start       ] GC(73) Pause Young (Allocation Failure)
[44.013s][info][gc,heap        ] GC(73) PSYoungGen: 160767K(160768K)->2464K(156160K) Eden: 158720K(158720K)->0K(153600K) From: 2047K(2048K)->2464K(2560K)
[44.013s][info][gc,heap        ] GC(73) ParOldGen: 297593K(297984K)->297609K(297984K)
[44.013s][info][gc,metaspace   ] GC(73) Metaspace: 55514K(55872K)->55514K(55872K) NonClass: 49914K(50176K)->49914K(50176K) Class: 5600K(5696K)->5600K(5696K)
[44.013s][info][gc             ] GC(73) Pause Young (Allocation Failure) 447M->293M(443M) 4.536ms
[44.013s][info][gc,cpu         ] GC(73) User=0.01s Sys=0.00s Real=0.00s
[44.393s][info][gc,start       ] GC(74) Pause Young (Allocation Failure)
[44.398s][info][gc,heap        ] GC(74) PSYoungGen: 156064K(156160K)->1024K(185344K) Eden: 153600K(153600K)->0K(184320K) From: 2464K(2560K)->1024K(1024K)
[44.398s][info][gc,heap        ] GC(74) ParOldGen: 297609K(297984K)->297625K(297984K)
[44.398s][info][gc,metaspace   ] GC(74) Metaspace: 55514K(55872K)->55514K(55872K) NonClass: 49914K(50176K)->49914K(50176K) Class: 5600K(5696K)->5600K(5696K)
[44.398s][info][gc             ] GC(74) Pause Young (Allocation Failure) 443M->291M(472M) 5.297ms
[44.399s][info][gc,cpu         ] GC(74) User=0.00s Sys=0.01s Real=0.01s
[44.816s][info][gc,start       ] GC(75) Pause Young (Allocation Failure)
[44.822s][info][gc,heap        ] GC(75) PSYoungGen: 185344K(185344K)->3007K(224256K) Eden: 184320K(184320K)->0K(221184K) From: 1024K(1024K)->3007K(3072K)
[44.822s][info][gc,heap        ] GC(75) ParOldGen: 297625K(297984K)->297641K(297984K)
[44.822s][info][gc,metaspace   ] GC(75) Metaspace: 55514K(55872K)->55514K(55872K) NonClass: 49914K(50176K)->49914K(50176K) Class: 5600K(5696K)->5600K(5696K)
[44.822s][info][gc             ] GC(75) Pause Young (Allocation Failure) 471M->293M(510M) 6.194ms
[44.822s][info][gc,cpu         ] GC(75) User=0.00s Sys=0.00s Real=0.01s
[45.387s][info][gc,start       ] GC(76) Pause Young (Allocation Failure)
[45.389s][info][gc,heap        ] GC(76) PSYoungGen: 223989K(224256K)->736K(214016K) Eden: 220982K(221184K)->0K(212992K) From: 3007K(3072K)->736K(1024K)
[45.389s][info][gc,heap        ] GC(76) ParOldGen: 297641K(297984K)->297657K(297984K)
[45.389s][info][gc,metaspace   ] GC(76) Metaspace: 55514K(55872K)->55514K(55872K) NonClass: 49914K(50176K)->49914K(50176K) Class: 5600K(5696K)->5600K(5696K)
[45.389s][info][gc             ] GC(76) Pause Young (Allocation Failure) 509M->291M(500M) 2.714ms
[45.389s][info][gc,cpu         ] GC(76) User=0.01s Sys=0.00s Real=0.00s
[45.834s][info][gc,start       ] GC(77) Pause Young (Allocation Failure)
[45.836s][info][gc,heap        ] GC(77) PSYoungGen: 213728K(214016K)->1055K(206848K) Eden: 212992K(212992K)->0K(205312K) From: 736K(1024K)->1055K(1536K)
[45.836s][info][gc,heap        ] GC(77) ParOldGen: 297657K(297984K)->297681K(297984K)
[45.836s][info][gc,metaspace   ] GC(77) Metaspace: 55514K(55872K)->55514K(55872K) NonClass: 49914K(50176K)->49914K(50176K) Class: 5600K(5696K)->5600K(5696K)
[45.836s][info][gc             ] GC(77) Pause Young (Allocation Failure) 499M->291M(493M) 2.927ms
[45.837s][info][gc,cpu         ] GC(77) User=0.00s Sys=0.00s Real=0.01s
[46.420s][info][gc,start       ] GC(78) Pause Young (Allocation Failure)
[46.425s][info][gc,heap        ] GC(78) PSYoungGen: 206367K(206848K)->2207K(200192K) Eden: 205312K(205312K)->0K(197632K) From: 1055K(1536K)->2207K(2560K)
[46.425s][info][gc,heap        ] GC(78) ParOldGen: 297681K(297984K)->297697K(297984K)
[46.425s][info][gc,metaspace   ] GC(78) Metaspace: 55514K(55872K)->55514K(55872K) NonClass: 49914K(50176K)->49914K(50176K) Class: 5600K(5696K)->5600K(5696K)
[46.425s][info][gc             ] GC(78) Pause Young (Allocation Failure) 492M->292M(486M) 5.161ms
[46.425s][info][gc,cpu         ] GC(78) User=0.01s Sys=0.00s Real=0.00s
[46.800s][info][gc,start       ] GC(79) Pause Young (Allocation Failure)
[46.804s][info][gc,heap        ] GC(79) PSYoungGen: 199839K(200192K)->2271K(193024K) Eden: 197632K(197632K)->0K(190464K) From: 2207K(2560K)->2271K(2560K)
[46.804s][info][gc,heap        ] GC(79) ParOldGen: 297697K(297984K)->297713K(297984K)
[46.804s][info][gc,metaspace   ] GC(79) Metaspace: 55514K(55872K)->55514K(55872K) NonClass: 49914K(50176K)->49914K(50176K) Class: 5600K(5696K)->5600K(5696K)
[46.804s][info][gc             ] GC(79) Pause Young (Allocation Failure) 485M->292M(479M) 4.031ms
[46.804s][info][gc,cpu         ] GC(79) User=0.01s Sys=0.01s Real=0.00s
[47.286s][info][gc,start       ] GC(80) Pause Young (Allocation Failure)
[47.288s][info][gc,heap        ] GC(80) PSYoungGen: 192735K(193024K)->224K(184320K) Eden: 190464K(190464K)->0K(183808K) From: 2271K(2560K)->224K(512K)
[47.288s][info][gc,heap        ] GC(80) ParOldGen: 297713K(297984K)->297729K(297984K)
[47.288s][info][gc,metaspace   ] GC(80) Metaspace: 55514K(55872K)->55514K(55872K) NonClass: 49914K(50176K)->49914K(50176K) Class: 5600K(5696K)->5600K(5696K)
[47.288s][info][gc             ] GC(80) Pause Young (Allocation Failure) 478M->290M(471M) 1.968ms
[47.288s][info][gc,cpu         ] GC(80) User=0.01s Sys=0.00s Real=0.01s
[47.714s][info][gc,start       ] GC(81) Pause Young (Allocation Failure)
[47.718s][info][gc,heap        ] GC(81) PSYoungGen: 184032K(184320K)->2687K(180224K) Eden: 183808K(183808K)->0K(177152K) From: 224K(512K)->2687K(3072K)
[47.718s][info][gc,heap        ] GC(81) ParOldGen: 297729K(297984K)->297745K(297984K)
[47.718s][info][gc,metaspace   ] GC(81) Metaspace: 55514K(55872K)->55514K(55872K) NonClass: 49914K(50176K)->49914K(50176K) Class: 5600K(5696K)->5600K(5696K)
[47.718s][info][gc             ] GC(81) Pause Young (Allocation Failure) 470M->293M(467M) 4.495ms
[47.718s][info][gc,cpu         ] GC(81) User=0.01s Sys=0.00s Real=0.01s
[48.107s][info][gc,start       ] GC(82) Pause Young (Allocation Failure)
[48.112s][info][gc,heap        ] GC(82) PSYoungGen: 179839K(180224K)->3071K(174080K) Eden: 177152K(177152K)->0K(171008K) From: 2687K(3072K)->3071K(3072K)
[48.112s][info][gc,heap        ] GC(82) ParOldGen: 297745K(297984K)->297769K(297984K)
[48.112s][info][gc,metaspace   ] GC(82) Metaspace: 55514K(55872K)->55514K(55872K) NonClass: 49914K(50176K)->49914K(50176K) Class: 5600K(5696K)->5600K(5696K)
[48.112s][info][gc             ] GC(82) Pause Young (Allocation Failure) 466M->293M(461M) 5.009ms
[48.112s][info][gc,cpu         ] GC(82) User=0.01s Sys=0.00s Real=0.00s
[48.512s][info][gc,start       ] GC(83) Pause Young (Allocation Failure)
[48.517s][info][gc,heap        ] GC(83) PSYoungGen: 174079K(174080K)->2816K(167936K) Eden: 171008K(171008K)->0K(164864K) From: 3071K(3072K)->2816K(3072K)
[48.517s][info][gc,heap        ] GC(83) ParOldGen: 297769K(297984K)->297785K(297984K)
[48.517s][info][gc,metaspace   ] GC(83) Metaspace: 55514K(55872K)->55514K(55872K) NonClass: 49914K(50176K)->49914K(50176K) Class: 5600K(5696K)->5600K(5696K)
[48.517s][info][gc             ] GC(83) Pause Young (Allocation Failure) 460M->293M(455M) 4.952ms
[48.517s][info][gc,cpu         ] GC(83) User=0.01s Sys=0.00s Real=0.01s
[48.906s][info][gc,start       ] GC(84) Pause Young (Allocation Failure)
[48.912s][info][gc,heap        ] GC(84) PSYoungGen: 167680K(167936K)->3263K(201728K) Eden: 164864K(164864K)->0K(198144K) From: 2816K(3072K)->3263K(3584K)
[48.912s][info][gc,heap        ] GC(84) ParOldGen: 297785K(297984K)->297801K(297984K)
[48.912s][info][gc,metaspace   ] GC(84) Metaspace: 55514K(55872K)->55514K(55872K) NonClass: 49914K(50176K)->49914K(50176K) Class: 5600K(5696K)->5600K(5696K)
[48.912s][info][gc             ] GC(84) Pause Young (Allocation Failure) 454M->294M(488M) 5.372ms
[48.912s][info][gc,cpu         ] GC(84) User=0.01s Sys=0.00s Real=0.00s
[49.395s][info][gc,start       ] GC(85) Pause Young (Allocation Failure)
[49.398s][info][gc,heap        ] GC(85) PSYoungGen: 201407K(201728K)->1339K(192512K) Eden: 198144K(198144K)->0K(190976K) From: 3263K(3584K)->1339K(1536K)
[49.398s][info][gc,heap        ] GC(85) ParOldGen: 297801K(297984K)->297817K(297984K)
[49.398s][info][gc,metaspace   ] GC(85) Metaspace: 55516K(55872K)->55516K(55872K) NonClass: 49915K(50176K)->49915K(50176K) Class: 5600K(5696K)->5600K(5696K)
[49.398s][info][gc             ] GC(85) Pause Young (Allocation Failure) 487M->292M(479M) 3.153ms
[49.398s][info][gc,cpu         ] GC(85) User=0.01s Sys=0.00s Real=0.01s
[49.892s][info][gc,start       ] GC(86) Pause Young (Allocation Failure)
[49.896s][info][gc,heap        ] GC(86) PSYoungGen: 192315K(192512K)->2751K(187392K) Eden: 190976K(190976K)->0K(184320K) From: 1339K(1536K)->2751K(3072K)
[49.896s][info][gc,heap        ] GC(86) ParOldGen: 297817K(297984K)->297841K(297984K)
[49.896s][info][gc,metaspace   ] GC(86) Metaspace: 55516K(55872K)->55516K(55872K) NonClass: 49915K(50176K)->49915K(50176K) Class: 5600K(5696K)->5600K(5696K)
[49.896s][info][gc             ] GC(86) Pause Young (Allocation Failure) 478M->293M(474M) 4.534ms
[49.896s][info][gc,cpu         ] GC(86) User=0.01s Sys=0.00s Real=0.01s
[50.288s][info][gc,start       ] GC(87) Pause Young (Allocation Failure)
[50.291s][info][gc,heap        ] GC(87) PSYoungGen: 187071K(187392K)->704K(178688K) Eden: 184320K(184320K)->0K(177664K) From: 2751K(3072K)->704K(1024K)
[50.291s][info][gc,heap        ] GC(87) ParOldGen: 297841K(297984K)->297857K(297984K)
[50.291s][info][gc,metaspace   ] GC(87) Metaspace: 55516K(55872K)->55516K(55872K) NonClass: 49915K(50176K)->49915K(50176K) Class: 5600K(5696K)->5600K(5696K)
[50.291s][info][gc             ] GC(87) Pause Young (Allocation Failure) 473M->291M(465M) 2.607ms
[50.291s][info][gc,cpu         ] GC(87) User=0.00s Sys=0.00s Real=0.00s
[50.695s][info][gc,start       ] GC(88) Pause Young (Allocation Failure)
[50.698s][info][gc,heap        ] GC(88) PSYoungGen: 178368K(178688K)->1088K(176640K) Eden: 177664K(177664K)->0K(171520K) From: 704K(1024K)->1088K(5120K)
[50.698s][info][gc,heap        ] GC(88) ParOldGen: 297857K(297984K)->297873K(297984K)
[50.698s][info][gc,metaspace   ] GC(88) Metaspace: 55516K(55872K)->55516K(55872K) NonClass: 49915K(50176K)->49915K(50176K) Class: 5600K(5696K)->5600K(5696K)
[50.698s][info][gc             ] GC(88) Pause Young (Allocation Failure) 465M->291M(463M) 2.799ms
[50.698s][info][gc,cpu         ] GC(88) User=0.01s Sys=0.00s Real=0.01s
[51.095s][info][gc,start       ] GC(89) Pause Young (Allocation Failure)
[51.098s][info][gc,heap        ] GC(89) PSYoungGen: 172608K(176640K)->1599K(167424K) Eden: 171520K(171520K)->0K(165376K) From: 1088K(5120K)->1599K(2048K)
[51.098s][info][gc,heap        ] GC(89) ParOldGen: 297873K(297984K)->297889K(297984K)
[51.098s][info][gc,metaspace   ] GC(89) Metaspace: 55516K(55872K)->55516K(55872K) NonClass: 49915K(50176K)->49915K(50176K) Class: 5600K(5696K)->5600K(5696K)
[51.098s][info][gc             ] GC(89) Pause Young (Allocation Failure) 459M->292M(454M) 3.158ms
[51.098s][info][gc,cpu         ] GC(89) User=0.00s Sys=0.00s Real=0.01s
[51.595s][info][gc,start       ] GC(90) Pause Young (Allocation Failure)
[51.600s][info][gc,heap        ] GC(90) PSYoungGen: 166841K(167424K)->1152K(161280K) Eden: 165242K(165376K)->0K(159744K) From: 1599K(2048K)->1152K(1536K)
[51.600s][info][gc,heap        ] GC(90) ParOldGen: 297889K(297984K)->297913K(297984K)
[51.600s][info][gc,metaspace   ] GC(90) Metaspace: 55521K(55872K)->55521K(55872K) NonClass: 49921K(50176K)->49921K(50176K) Class: 5600K(5696K)->5600K(5696K)
[51.600s][info][gc             ] GC(90) Pause Young (Allocation Failure) 453M->292M(448M) 5.162ms
[51.600s][info][gc,cpu         ] GC(90) User=0.01s Sys=0.00s Real=0.01s
[51.929s][info][gc,start       ] GC(91) Pause Young (Allocation Failure)
[51.931s][info][gc,heap        ] GC(91) PSYoungGen: 160783K(161280K)->672K(155136K) Eden: 159631K(159744K)->0K(154112K) From: 1152K(1536K)->672K(1024K)
[51.931s][info][gc,heap        ] GC(91) ParOldGen: 297913K(297984K)->297929K(297984K)
[51.931s][info][gc,metaspace   ] GC(91) Metaspace: 55521K(55872K)->55521K(55872K) NonClass: 49921K(50176K)->49921K(50176K) Class: 5600K(5696K)->5600K(5696K)
[51.931s][info][gc             ] GC(91) Pause Young (Allocation Failure) 447M->291M(442M) 2.600ms
[51.931s][info][gc,cpu         ] GC(91) User=0.01s Sys=0.00s Real=0.00s
[52.313s][info][gc,start       ] GC(92) Pause Young (Allocation Failure)
[52.317s][info][gc,heap        ] GC(92) PSYoungGen: 154784K(155136K)->1952K(153600K) Eden: 154112K(154112K)->0K(148992K) From: 672K(1024K)->1952K(4608K)
[52.317s][info][gc,heap        ] GC(92) ParOldGen: 297929K(297984K)->297945K(297984K)
[52.317s][info][gc,metaspace   ] GC(92) Metaspace: 55521K(55872K)->55521K(55872K) NonClass: 49921K(50176K)->49921K(50176K) Class: 5600K(5696K)->5600K(5696K)
[52.317s][info][gc             ] GC(92) Pause Young (Allocation Failure) 442M->292M(441M) 3.851ms
[52.317s][info][gc,cpu         ] GC(92) User=0.01s Sys=0.00s Real=0.01s
[52.691s][info][gc,start       ] GC(93) Pause Young (Allocation Failure)
[52.694s][info][gc,heap        ] GC(93) PSYoungGen: 150944K(153600K)->1152K(145408K) Eden: 148992K(148992K)->0K(143872K) From: 1952K(4608K)->1152K(1536K)
[52.694s][info][gc,heap        ] GC(93) ParOldGen: 297945K(297984K)->297961K(297984K)
[52.694s][info][gc,metaspace   ] GC(93) Metaspace: 55521K(55872K)->55521K(55872K) NonClass: 49921K(50176K)->49921K(50176K) Class: 5600K(5696K)->5600K(5696K)
[52.694s][info][gc             ] GC(93) Pause Young (Allocation Failure) 438M->292M(433M) 3.008ms
[52.694s][info][gc,cpu         ] GC(93) User=0.01s Sys=0.00s Real=0.00s
[53.014s][info][gc,start       ] GC(94) Pause Young (Allocation Failure)
[53.018s][info][gc,heap        ] GC(94) PSYoungGen: 145024K(145408K)->2272K(141824K) Eden: 143872K(143872K)->0K(139264K) From: 1152K(1536K)->2272K(2560K)
[53.018s][info][gc,heap        ] GC(94) ParOldGen: 297961K(297984K)->297977K(297984K)
[53.018s][info][gc,metaspace   ] GC(94) Metaspace: 55521K(55872K)->55521K(55872K) NonClass: 49921K(50176K)->49921K(50176K) Class: 5600K(5696K)->5600K(5696K)
[53.018s][info][gc             ] GC(94) Pause Young (Allocation Failure) 432M->293M(429M) 4.185ms
[53.018s][info][gc,cpu         ] GC(94) User=0.01s Sys=0.00s Real=0.01s
[53.330s][info][gc,start       ] GC(95) Pause Young (Allocation Failure)
[53.333s][info][gc,heap        ] GC(95) PSYoungGen: 141536K(141824K)->1375K(136192K) Eden: 139264K(139264K)->0K(134656K) From: 2272K(2560K)->1375K(1536K)
[53.333s][info][gc,heap        ] GC(95) ParOldGen: 297977K(297984K)->297993K(298496K)
[53.333s][info][gc,metaspace   ] GC(95) Metaspace: 55521K(55872K)->55521K(55872K) NonClass: 49921K(50176K)->49921K(50176K) Class: 5600K(5696K)->5600K(5696K)
[53.333s][info][gc             ] GC(95) Pause Young (Allocation Failure) 429M->292M(424M) 3.036ms
[53.333s][info][gc,cpu         ] GC(95) User=0.00s Sys=0.00s Real=0.00s
[53.688s][info][gc,start       ] GC(96) Pause Young (Allocation Failure)
[53.691s][info][gc,heap        ] GC(96) PSYoungGen: 136031K(136192K)->1023K(131584K) Eden: 134656K(134656K)->0K(130560K) From: 1375K(1536K)->1023K(1024K)
[53.692s][info][gc,heap        ] GC(96) ParOldGen: 297993K(298496K)->298009K(298496K)
[53.692s][info][gc,metaspace   ] GC(96) Metaspace: 55521K(55872K)->55521K(55872K) NonClass: 49921K(50176K)->49921K(50176K) Class: 5600K(5696K)->5600K(5696K)
[53.692s][info][gc             ] GC(96) Pause Young (Allocation Failure) 423M->292M(420M) 3.217ms
[53.692s][info][gc,cpu         ] GC(96) User=0.00s Sys=0.00s Real=0.00s
[53.990s][info][gc,start       ] GC(97) Pause Young (Allocation Failure)
[53.992s][info][gc,heap        ] GC(97) PSYoungGen: 131583K(131584K)->937K(127488K) Eden: 130560K(130560K)->0K(126464K) From: 1023K(1024K)->937K(1024K)
[53.993s][info][gc,heap        ] GC(97) ParOldGen: 298009K(298496K)->298025K(298496K)
[53.993s][info][gc,metaspace   ] GC(97) Metaspace: 55521K(55872K)->55521K(55872K) NonClass: 49921K(50176K)->49921K(50176K) Class: 5600K(5696K)->5600K(5696K)
[53.993s][info][gc             ] GC(97) Pause Young (Allocation Failure) 419M->291M(416M) 2.723ms
[53.993s][info][gc,cpu         ] GC(97) User=0.00s Sys=0.00s Real=0.00s
[54.290s][info][gc,start       ] GC(98) Pause Young (Allocation Failure)
[54.292s][info][gc,heap        ] GC(98) PSYoungGen: 127401K(127488K)->772K(123392K) Eden: 126464K(126464K)->0K(122368K) From: 937K(1024K)->772K(1024K)
[54.292s][info][gc,heap        ] GC(98) ParOldGen: 298025K(298496K)->298041K(298496K)
[54.292s][info][gc,metaspace   ] GC(98) Metaspace: 55521K(55872K)->55521K(55872K) NonClass: 49921K(50176K)->49921K(50176K) Class: 5600K(5696K)->5600K(5696K)
[54.292s][info][gc             ] GC(98) Pause Young (Allocation Failure) 415M->291M(412M) 2.417ms
[54.292s][info][gc,cpu         ] GC(98) User=0.00s Sys=0.00s Real=0.00s
[54.532s][info][gc,start       ] GC(99) Pause Young (Allocation Failure)
[54.535s][info][gc,heap        ] GC(99) PSYoungGen: 122864K(123392K)->1440K(120320K) Eden: 122091K(122368K)->0K(118784K) From: 772K(1024K)->1440K(1536K)
[54.535s][info][gc,heap        ] GC(99) ParOldGen: 298041K(298496K)->298057K(298496K)
[54.535s][info][gc,metaspace   ] GC(99) Metaspace: 55521K(55872K)->55521K(55872K) NonClass: 49921K(50176K)->49921K(50176K) Class: 5600K(5696K)->5600K(5696K)
[54.535s][info][gc             ] GC(99) Pause Young (Allocation Failure) 411M->292M(409M) 3.424ms
[54.535s][info][gc,cpu         ] GC(99) User=0.01s Sys=0.00s Real=0.00s
[54.821s][info][gc,start       ] GC(100) Pause Young (Allocation Failure)
[54.823s][info][gc,heap        ] GC(100) PSYoungGen: 120224K(120320K)->927K(116224K) Eden: 118784K(118784K)->0K(115200K) From: 1440K(1536K)->927K(1024K)
[54.823s][info][gc,heap        ] GC(100) ParOldGen: 298057K(298496K)->298073K(298496K)
[54.823s][info][gc,metaspace   ] GC(100) Metaspace: 55521K(55872K)->55521K(55872K) NonClass: 49921K(50176K)->49921K(50176K) Class: 5600K(5696K)->5600K(5696K)
[54.823s][info][gc             ] GC(100) Pause Young (Allocation Failure) 408M->291M(405M) 2.430ms
[54.823s][info][gc,cpu         ] GC(100) User=0.00s Sys=0.00s Real=0.00s
[55.108s][info][gc,start       ] GC(101) Pause Young (Allocation Failure)
[55.112s][info][gc,heap        ] GC(101) PSYoungGen: 116127K(116224K)->2527K(140800K) Eden: 115200K(115200K)->0K(138240K) From: 927K(1024K)->2527K(2560K)
[55.112s][info][gc,heap        ] GC(101) ParOldGen: 298073K(298496K)->298089K(298496K)
[55.112s][info][gc,metaspace   ] GC(101) Metaspace: 55521K(55872K)->55521K(55872K) NonClass: 49921K(50176K)->49921K(50176K) Class: 5600K(5696K)->5600K(5696K)
[55.112s][info][gc             ] GC(101) Pause Young (Allocation Failure) 404M->293M(429M) 4.205ms
[55.112s][info][gc,cpu         ] GC(101) User=0.01s Sys=0.00s Real=0.00s
[55.412s][info][gc,start       ] GC(102) Pause Young (Allocation Failure)
[55.417s][info][gc,heap        ] GC(102) PSYoungGen: 140767K(140800K)->2911K(168960K) Eden: 138240K(138240K)->0K(165888K) From: 2527K(2560K)->2911K(3072K)
[55.417s][info][gc,heap        ] GC(102) ParOldGen: 298089K(298496K)->298105K(298496K)
[55.417s][info][gc,metaspace   ] GC(102) Metaspace: 55521K(55872K)->55521K(55872K) NonClass: 49921K(50176K)->49921K(50176K) Class: 5600K(5696K)->5600K(5696K)
[55.417s][info][gc             ] GC(102) Pause Young (Allocation Failure) 428M->293M(456M) 4.900ms
[55.417s][info][gc,cpu         ] GC(102) User=0.01s Sys=0.00s Real=0.01s
[55.869s][info][gc,start       ] GC(103) Pause Young (Allocation Failure)
[55.879s][info][gc,heap        ] GC(103) PSYoungGen: 168647K(168960K)->2048K(201216K) Eden: 165736K(165888K)->0K(199168K) From: 2911K(3072K)->2048K(2048K)
[55.879s][info][gc,heap        ] GC(103) ParOldGen: 298105K(298496K)->298761K(299008K)
[55.879s][info][gc,metaspace   ] GC(103) Metaspace: 55521K(55872K)->55521K(55872K) NonClass: 49921K(50176K)->49921K(50176K) Class: 5600K(5696K)->5600K(5696K)
[55.879s][info][gc             ] GC(103) Pause Young (Allocation Failure) 455M->293M(488M) 9.228ms
[55.879s][info][gc,cpu         ] GC(103) User=0.01s Sys=0.00s Real=0.01s
[56.306s][info][gc,start       ] GC(104) Pause Young (Allocation Failure)
[56.311s][info][gc,heap        ] GC(104) PSYoungGen: 201216K(201216K)->2719K(210944K) Eden: 199168K(199168K)->0K(206848K) From: 2048K(2048K)->2719K(4096K)
[56.311s][info][gc,heap        ] GC(104) ParOldGen: 298761K(299008K)->299121K(299520K)
[56.311s][info][gc,metaspace   ] GC(104) Metaspace: 55521K(55872K)->55521K(55872K) NonClass: 49921K(50176K)->49921K(50176K) Class: 5600K(5696K)->5600K(5696K)
[56.311s][info][gc             ] GC(104) Pause Young (Allocation Failure) 488M->294M(498M) 4.910ms
[56.311s][info][gc,cpu         ] GC(104) User=0.01s Sys=0.00s Real=0.01s
[56.801s][info][gc,start       ] GC(105) Pause Young (Allocation Failure)
[56.806s][info][gc,heap        ] GC(105) PSYoungGen: 209567K(210944K)->2175K(243200K) Eden: 206848K(206848K)->0K(239104K) From: 2719K(4096K)->2175K(4096K)
[56.806s][info][gc,heap        ] GC(105) ParOldGen: 299121K(299520K)->299488K(299520K)
[56.806s][info][gc,metaspace   ] GC(105) Metaspace: 55521K(55872K)->55521K(55872K) NonClass: 49921K(50176K)->49921K(50176K) Class: 5600K(5696K)->5600K(5696K)
[56.806s][info][gc             ] GC(105) Pause Young (Allocation Failure) 496M->294M(530M) 4.762ms
[56.806s][info][gc,cpu         ] GC(105) User=0.00s Sys=0.01s Real=0.00s
[57.338s][info][gc,start       ] GC(106) Pause Young (Allocation Failure)
[57.342s][info][gc,heap        ] GC(106) PSYoungGen: 241149K(243200K)->1152K(243200K) Eden: 238974K(239104K)->0K(239104K) From: 2175K(4096K)->1152K(4096K)
[57.342s][info][gc,heap        ] GC(106) ParOldGen: 299488K(299520K)->299504K(299520K)
[57.342s][info][gc,metaspace   ] GC(106) Metaspace: 55521K(55872K)->55521K(55872K) NonClass: 49921K(50176K)->49921K(50176K) Class: 5600K(5696K)->5600K(5696K)
[57.342s][info][gc             ] GC(106) Pause Young (Allocation Failure) 527M->293M(530M) 3.436ms
[57.342s][info][gc,cpu         ] GC(106) User=0.00s Sys=0.00s Real=0.00s
[57.907s][info][gc,start       ] GC(107) Pause Young (Allocation Failure)
[57.916s][info][gc,heap        ] GC(107) PSYoungGen: 240256K(243200K)->3199K(290816K) Eden: 239104K(239104K)->0K(286720K) From: 1152K(4096K)->3199K(4096K)
[57.917s][info][gc,heap        ] GC(107) ParOldGen: 299504K(299520K)->299520K(300032K)
[57.917s][info][gc,metaspace   ] GC(107) Metaspace: 55521K(55872K)->55521K(55872K) NonClass: 49921K(50176K)->49921K(50176K) Class: 5600K(5696K)->5600K(5696K)
[57.917s][info][gc             ] GC(107) Pause Young (Allocation Failure) 527M->295M(577M) 9.131ms
[57.917s][info][gc,cpu         ] GC(107) User=0.01s Sys=0.00s Real=0.01s
[58.602s][info][gc,start       ] GC(108) Pause Young (Allocation Failure)
[58.604s][info][gc,heap        ] GC(108) PSYoungGen: 289919K(290816K)->512K(275968K) Eden: 286720K(286720K)->0K(275456K) From: 3199K(4096K)->512K(512K)
[58.604s][info][gc,heap        ] GC(108) ParOldGen: 299520K(300032K)->299544K(300032K)
[58.604s][info][gc,metaspace   ] GC(108) Metaspace: 55521K(55872K)->55521K(55872K) NonClass: 49921K(50176K)->49921K(50176K) Class: 5600K(5696K)->5600K(5696K)
[58.604s][info][gc             ] GC(108) Pause Young (Allocation Failure) 575M->293M(562M) 2.631ms
[58.604s][info][gc,cpu         ] GC(108) User=0.00s Sys=0.00s Real=0.00s
[59.564s][info][gc,start       ] GC(109) Pause Young (Allocation Failure)
[59.618s][info][gc,heap        ] GC(109) PSYoungGen: 247494K(275968K)->96K(287232K) Eden: 246982K(275456K)->0K(282624K) From: 512K(512K)->96K(4608K)
[59.618s][info][gc,heap        ] GC(109) ParOldGen: 299544K(300032K)->338638K(339456K)
[59.618s][info][gc,metaspace   ] GC(109) Metaspace: 55722K(56064K)->55722K(56064K) NonClass: 50099K(50368K)->50099K(50368K) Class: 5622K(5696K)->5622K(5696K)
[59.618s][info][gc             ] GC(109) Pause Young (Allocation Failure) 534M->330M(612M) 53.198ms
[59.618s][info][gc,cpu         ] GC(109) User=0.06s Sys=0.03s Real=0.06s
[62.764s][info][gc,start       ] GC(110) Pause Young (Allocation Failure)
[62.834s][info][gc,heap        ] GC(110) PSYoungGen: 282720K(287232K)->4602K(287232K) Eden: 282624K(282624K)->0K(282624K) From: 96K(4608K)->4602K(4608K)
[62.834s][info][gc,heap        ] GC(110) ParOldGen: 338638K(339456K)->435504K(435712K)
[62.834s][info][gc,metaspace   ] GC(110) Metaspace: 56105K(56384K)->56105K(56384K) NonClass: 50482K(50688K)->50482K(50688K) Class: 5622K(5696K)->5622K(5696K)
[62.834s][info][gc             ] GC(110) Pause Young (Allocation Failure) 606M->429M(706M) 70.255ms
[62.834s][info][gc,cpu         ] GC(110) User=0.08s Sys=0.06s Real=0.07s
[63.394s][info][gc,start       ] GC(111) Pause Young (Allocation Failure)
[63.403s][info][gc,heap        ] GC(111) PSYoungGen: 287226K(287232K)->1169K(293888K) Eden: 282624K(282624K)->0K(252928K) From: 4602K(4608K)->1169K(40960K)
[63.403s][info][gc,heap        ] GC(111) ParOldGen: 435504K(435712K)->440106K(440320K)
[63.403s][info][gc,metaspace   ] GC(111) Metaspace: 56105K(56384K)->56105K(56384K) NonClass: 50483K(50688K)->50483K(50688K) Class: 5622K(5696K)->5622K(5696K)
[63.403s][info][gc             ] GC(111) Pause Young (Allocation Failure) 705M->430M(717M) 9.203ms
[63.403s][info][gc,cpu         ] GC(111) User=0.01s Sys=0.00s Real=0.01s
[64.005s][info][gc,start       ] GC(112) Pause Young (Allocation Failure)
[64.009s][info][gc,heap        ] GC(112) PSYoungGen: 254097K(293888K)->1440K(254464K) Eden: 252928K(252928K)->0K(252928K) From: 1169K(40960K)->1440K(1536K)
[64.009s][info][gc,heap        ] GC(112) ParOldGen: 440106K(440320K)->440306K(440320K)
[64.009s][info][gc,metaspace   ] GC(112) Metaspace: 56105K(56384K)->56105K(56384K) NonClass: 50483K(50688K)->50483K(50688K) Class: 5622K(5696K)->5622K(5696K)
[64.009s][info][gc             ] GC(112) Pause Young (Allocation Failure) 677M->431M(678M) 3.910ms
[64.009s][info][gc,cpu         ] GC(112) User=0.00s Sys=0.00s Real=0.01s
[64.622s][info][gc,start       ] GC(113) Pause Young (Allocation Failure)
[64.631s][info][gc,heap        ] GC(113) PSYoungGen: 254368K(254464K)->2080K(293888K) Eden: 252928K(252928K)->0K(254976K) From: 1440K(1536K)->2080K(38912K)
[64.631s][info][gc,heap        ] GC(113) ParOldGen: 440306K(440320K)->440330K(440832K)
[64.631s][info][gc,metaspace   ] GC(113) Metaspace: 56106K(56448K)->56106K(56448K) NonClass: 50484K(50752K)->50484K(50752K) Class: 5622K(5696K)->5622K(5696K)
[64.631s][info][gc             ] GC(113) Pause Young (Allocation Failure) 678M->432M(717M) 9.521ms
[64.631s][info][gc,cpu         ] GC(113) User=0.02s Sys=0.00s Real=0.01s
[65.268s][info][gc,start       ] GC(114) Pause Young (Allocation Failure)
[65.275s][info][gc,heap        ] GC(114) PSYoungGen: 257056K(293888K)->1279K(291840K) Eden: 254976K(254976K)->0K(254976K) From: 2080K(38912K)->1279K(36864K)
[65.275s][info][gc,heap        ] GC(114) ParOldGen: 440330K(440832K)->440346K(440832K)
[65.275s][info][gc,metaspace   ] GC(114) Metaspace: 56107K(56448K)->56107K(56448K) NonClass: 50485K(50752K)->50485K(50752K) Class: 5622K(5696K)->5622K(5696K)
[65.275s][info][gc             ] GC(114) Pause Young (Allocation Failure) 681M->431M(715M) 6.220ms
[65.275s][info][gc,cpu         ] GC(114) User=0.01s Sys=0.00s Real=0.00s
[65.958s][info][gc,start       ] GC(115) Pause Young (Allocation Failure)
[65.963s][info][gc,heap        ] GC(115) PSYoungGen: 256255K(291840K)->1632K(294912K) Eden: 254976K(254976K)->0K(260096K) From: 1279K(36864K)->1632K(34816K)
[65.963s][info][gc,heap        ] GC(115) ParOldGen: 440346K(440832K)->440370K(440832K)
[65.963s][info][gc,metaspace   ] GC(115) Metaspace: 56107K(56448K)->56107K(56448K) NonClass: 50485K(50752K)->50485K(50752K) Class: 5622K(5696K)->5622K(5696K)
[65.963s][info][gc             ] GC(115) Pause Young (Allocation Failure) 680M->431M(718M) 5.322ms
[65.963s][info][gc,cpu         ] GC(115) User=0.00s Sys=0.00s Real=0.00s
[66.507s][info][gc,start       ] GC(116) Pause Young (Allocation Failure)
[66.511s][info][gc,heap        ] GC(116) PSYoungGen: 261728K(294912K)->2271K(293888K) Eden: 260096K(260096K)->0K(260096K) From: 1632K(34816K)->2271K(33792K)
[66.511s][info][gc,heap        ] GC(116) ParOldGen: 440370K(440832K)->440394K(440832K)
[66.511s][info][gc,metaspace   ] GC(116) Metaspace: 56107K(56448K)->56107K(56448K) NonClass: 50485K(50752K)->50485K(50752K) Class: 5622K(5696K)->5622K(5696K)
[66.511s][info][gc             ] GC(116) Pause Young (Allocation Failure) 685M->432M(717M) 4.200ms
[66.511s][info][gc,cpu         ] GC(116) User=0.00s Sys=0.00s Real=0.00s
[67.111s][info][gc,start       ] GC(117) Pause Young (Allocation Failure)
[67.117s][info][gc,heap        ] GC(117) PSYoungGen: 262367K(293888K)->3326K(297984K) Eden: 260096K(260096K)->0K(267264K) From: 2271K(33792K)->3326K(30720K)
[67.117s][info][gc,heap        ] GC(117) ParOldGen: 440394K(440832K)->440410K(440832K)
[67.117s][info][gc,metaspace   ] GC(117) Metaspace: 56107K(56448K)->56107K(56448K) NonClass: 50485K(50752K)->50485K(50752K) Class: 5622K(5696K)->5622K(5696K)
[67.117s][info][gc             ] GC(117) Pause Young (Allocation Failure) 686M->433M(721M) 6.532ms
[67.117s][info][gc,cpu         ] GC(117) User=0.01s Sys=0.00s Real=0.01s
[67.845s][info][gc,start       ] GC(118) Pause Young (Allocation Failure)
[67.853s][info][gc,heap        ] GC(118) PSYoungGen: 270393K(297984K)->576K(297472K) Eden: 267066K(267264K)->0K(267264K) From: 3326K(30720K)->576K(30208K)
[67.853s][info][gc,heap        ] GC(118) ParOldGen: 440410K(440832K)->440426K(440832K)
[67.853s][info][gc,metaspace   ] GC(118) Metaspace: 56107K(56448K)->56107K(56448K) NonClass: 50485K(50752K)->50485K(50752K) Class: 5622K(5696K)->5622K(5696K)
[67.853s][info][gc             ] GC(118) Pause Young (Allocation Failure) 694M->430M(721M) 8.873ms
[67.854s][info][gc,cpu         ] GC(118) User=0.00s Sys=0.00s Real=0.01s
[68.396s][info][gc,start       ] GC(119) Pause Young (Allocation Failure)
[68.401s][info][gc,heap        ] GC(119) PSYoungGen: 267840K(297472K)->1856K(302080K) Eden: 267264K(267264K)->0K(274432K) From: 576K(30208K)->1856K(27648K)
[68.401s][info][gc,heap        ] GC(119) ParOldGen: 440426K(440832K)->440442K(440832K)
[68.401s][info][gc,metaspace   ] GC(119) Metaspace: 56107K(56448K)->56107K(56448K) NonClass: 50485K(50752K)->50485K(50752K) Class: 5622K(5696K)->5622K(5696K)
[68.401s][info][gc             ] GC(119) Pause Young (Allocation Failure) 691M->431M(725M) 4.800ms
[68.401s][info][gc,cpu         ] GC(119) User=0.01s Sys=0.00s Real=0.01s
[69.153s][info][gc,start       ] GC(120) Pause Young (Allocation Failure)
[69.157s][info][gc,heap        ] GC(120) PSYoungGen: 276288K(302080K)->1247K(265216K) Eden: 274432K(274432K)->0K(263680K) From: 1856K(27648K)->1247K(1536K)
[69.157s][info][gc,heap        ] GC(120) ParOldGen: 440442K(440832K)->440474K(440832K)
[69.157s][info][gc,metaspace   ] GC(120) Metaspace: 56107K(56448K)->56107K(56448K) NonClass: 50485K(50752K)->50485K(50752K) Class: 5622K(5696K)->5622K(5696K)
[69.157s][info][gc             ] GC(120) Pause Young (Allocation Failure) 699M->431M(689M) 3.452ms
[69.157s][info][gc,cpu         ] GC(120) User=0.00s Sys=0.01s Real=0.01s
[69.698s][info][gc,start       ] GC(121) Pause Young (Allocation Failure)
[69.702s][info][gc,heap        ] GC(121) PSYoungGen: 264927K(265216K)->2175K(266240K) Eden: 263680K(263680K)->0K(253440K) From: 1247K(1536K)->2175K(12800K)
[69.702s][info][gc,heap        ] GC(121) ParOldGen: 440474K(440832K)->440490K(440832K)
[69.702s][info][gc,metaspace   ] GC(121) Metaspace: 56110K(56448K)->56110K(56448K) NonClass: 50487K(50752K)->50487K(50752K) Class: 5622K(5696K)->5622K(5696K)
[69.702s][info][gc             ] GC(121) Pause Young (Allocation Failure) 688M->432M(690M) 4.632ms
[69.702s][info][gc,cpu         ] GC(121) User=0.01s Sys=0.01s Real=0.00s
[70.297s][info][gc,start       ] GC(122) Pause Young (Allocation Failure)
[70.301s][info][gc,heap        ] GC(122) PSYoungGen: 255615K(266240K)->1540K(245760K) Eden: 253440K(253440K)->0K(243712K) From: 2175K(12800K)->1540K(2048K)
[70.301s][info][gc,heap        ] GC(122) ParOldGen: 440490K(440832K)->440506K(440832K)
[70.301s][info][gc,metaspace   ] GC(122) Metaspace: 56111K(56448K)->56111K(56448K) NonClass: 50489K(50752K)->50489K(50752K) Class: 5622K(5696K)->5622K(5696K)
[70.301s][info][gc             ] GC(122) Pause Young (Allocation Failure) 679M->431M(670M) 4.230ms
[70.301s][info][gc,cpu         ] GC(122) User=0.01s Sys=0.00s Real=0.00s
[70.885s][info][gc,start       ] GC(123) Pause Young (Allocation Failure)
[70.888s][info][gc,heap        ] GC(123) PSYoungGen: 245252K(245760K)->128K(245760K) Eden: 243712K(243712K)->0K(234496K) From: 1540K(2048K)->128K(11264K)
[70.888s][info][gc,heap        ] GC(123) ParOldGen: 440506K(440832K)->440530K(440832K)
[70.888s][info][gc,metaspace   ] GC(123) Metaspace: 56111K(56448K)->56111K(56448K) NonClass: 50489K(50752K)->50489K(50752K) Class: 5622K(5696K)->5622K(5696K)
[70.888s][info][gc             ] GC(123) Pause Young (Allocation Failure) 669M->430M(670M) 2.642ms
[70.888s][info][gc,cpu         ] GC(123) User=0.00s Sys=0.00s Real=0.01s
[71.410s][info][gc,start       ] GC(124) Pause Young (Allocation Failure)
[71.416s][info][gc,heap        ] GC(124) PSYoungGen: 234624K(245760K)->2815K(228864K) Eden: 234496K(234496K)->0K(225792K) From: 128K(11264K)->2815K(3072K)
[71.416s][info][gc,heap        ] GC(124) ParOldGen: 440530K(440832K)->440546K(440832K)
[71.416s][info][gc,metaspace   ] GC(124) Metaspace: 56111K(56448K)->56111K(56448K) NonClass: 50489K(50752K)->50489K(50752K) Class: 5622K(5696K)->5622K(5696K)
[71.416s][info][gc             ] GC(124) Pause Young (Allocation Failure) 659M->432M(654M) 5.693ms
[71.416s][info][gc,cpu         ] GC(124) User=0.00s Sys=0.00s Real=0.00s
[71.930s][info][gc,start       ] GC(125) Pause Young (Allocation Failure)
[71.934s][info][gc,heap        ] GC(125) PSYoungGen: 228607K(228864K)->1311K(225792K) Eden: 225792K(225792K)->0K(217088K) From: 2815K(3072K)->1311K(8704K)
[71.934s][info][gc,heap        ] GC(125) ParOldGen: 440546K(440832K)->440562K(440832K)
[71.934s][info][gc,metaspace   ] GC(125) Metaspace: 56111K(56448K)->56111K(56448K) NonClass: 50489K(50752K)->50489K(50752K) Class: 5622K(5696K)->5622K(5696K)
[71.934s][info][gc             ] GC(125) Pause Young (Allocation Failure) 653M->431M(651M) 3.801ms
[71.934s][info][gc,cpu         ] GC(125) User=0.00s Sys=0.00s Real=0.00s
[72.489s][info][gc,start       ] GC(126) Pause Young (Allocation Failure)
[72.492s][info][gc,heap        ] GC(126) PSYoungGen: 218399K(225792K)->895K(209920K) Eden: 217088K(217088K)->0K(208896K) From: 1311K(8704K)->895K(1024K)
[72.492s][info][gc,heap        ] GC(126) ParOldGen: 440562K(440832K)->440578K(440832K)
[72.492s][info][gc,metaspace   ] GC(126) Metaspace: 56115K(56448K)->56115K(56448K) NonClass: 50493K(50752K)->50493K(50752K) Class: 5622K(5696K)->5622K(5696K)
[72.492s][info][gc             ] GC(126) Pause Young (Allocation Failure) 643M->431M(635M) 2.992ms
[72.492s][info][gc,cpu         ] GC(126) User=0.00s Sys=0.00s Real=0.00s
[72.988s][info][gc,start       ] GC(127) Pause Young (Allocation Failure)
[72.991s][info][gc,heap        ] GC(127) PSYoungGen: 209791K(209920K)->927K(207872K) Eden: 208896K(208896K)->0K(201216K) From: 895K(1024K)->927K(6656K)
[72.991s][info][gc,heap        ] GC(127) ParOldGen: 440578K(440832K)->440594K(440832K)
[72.991s][info][gc,metaspace   ] GC(127) Metaspace: 56115K(56448K)->56115K(56448K) NonClass: 50493K(50752K)->50493K(50752K) Class: 5622K(5696K)->5622K(5696K)
[72.991s][info][gc             ] GC(127) Pause Young (Allocation Failure) 635M->431M(633M) 3.359ms
[72.991s][info][gc,cpu         ] GC(127) User=0.00s Sys=0.00s Real=0.00s
[73.429s][info][gc,start       ] GC(128) Pause Young (Allocation Failure)
[73.433s][info][gc,heap        ] GC(128) PSYoungGen: 202115K(207872K)->2112K(196608K) Eden: 201187K(201216K)->0K(194048K) From: 927K(6656K)->2112K(2560K)
[73.433s][info][gc,heap        ] GC(128) ParOldGen: 440594K(440832K)->440610K(440832K)
[73.433s][info][gc,metaspace   ] GC(128) Metaspace: 56115K(56448K)->56115K(56448K) NonClass: 50493K(50752K)->50493K(50752K) Class: 5622K(5696K)->5622K(5696K)
[73.433s][info][gc             ] GC(128) Pause Young (Allocation Failure) 627M->432M(622M) 4.722ms
[73.433s][info][gc,cpu         ] GC(128) User=0.01s Sys=0.00s Real=0.00s
[73.899s][info][gc,start       ] GC(129) Pause Young (Allocation Failure)
[73.904s][info][gc,heap        ] GC(129) PSYoungGen: 196160K(196608K)->2047K(189440K) Eden: 194048K(194048K)->0K(186880K) From: 2112K(2560K)->2047K(2560K)
[73.904s][info][gc,heap        ] GC(129) ParOldGen: 440610K(440832K)->440626K(440832K)
[73.904s][info][gc,metaspace   ] GC(129) Metaspace: 56115K(56448K)->56115K(56448K) NonClass: 50493K(50752K)->50493K(50752K) Class: 5622K(5696K)->5622K(5696K)
[73.904s][info][gc             ] GC(129) Pause Young (Allocation Failure) 621M->432M(615M) 5.354ms
[73.904s][info][gc,cpu         ] GC(129) User=0.00s Sys=0.00s Real=0.00s
[74.320s][info][gc,start       ] GC(130) Pause Young (Allocation Failure)
[74.325s][info][gc,heap        ] GC(130) PSYoungGen: 188927K(189440K)->2815K(183296K) Eden: 186880K(186880K)->0K(180224K) From: 2047K(2560K)->2815K(3072K)
[74.325s][info][gc,heap        ] GC(130) ParOldGen: 440626K(440832K)->440642K(440832K)
[74.325s][info][gc,metaspace   ] GC(130) Metaspace: 56117K(56448K)->56117K(56448K) NonClass: 50495K(50752K)->50495K(50752K) Class: 5622K(5696K)->5622K(5696K)
[74.325s][info][gc             ] GC(130) Pause Young (Allocation Failure) 614M->433M(609M) 4.851ms
[74.325s][info][gc,cpu         ] GC(130) User=0.01s Sys=0.00s Real=0.00s
[74.731s][info][gc,start       ] GC(131) Pause Young (Allocation Failure)
[74.735s][info][gc,heap        ] GC(131) PSYoungGen: 183039K(183296K)->1247K(175616K) Eden: 180224K(180224K)->0K(174080K) From: 2815K(3072K)->1247K(1536K)
[74.735s][info][gc,heap        ] GC(131) ParOldGen: 440642K(440832K)->440658K(440832K)
[74.735s][info][gc,metaspace   ] GC(131) Metaspace: 56117K(56448K)->56117K(56448K) NonClass: 50495K(50752K)->50495K(50752K) Class: 5622K(5696K)->5622K(5696K)
[74.735s][info][gc             ] GC(131) Pause Young (Allocation Failure) 609M->431M(602M) 3.814ms
[74.735s][info][gc,cpu         ] GC(131) User=0.01s Sys=0.00s Real=0.00s
[75.136s][info][gc,start       ] GC(132) Pause Young (Allocation Failure)
[75.138s][info][gc,heap        ] GC(132) PSYoungGen: 175327K(175616K)->275K(168448K) Eden: 174080K(174080K)->0K(167936K) From: 1247K(1536K)->275K(512K)
[75.138s][info][gc,heap        ] GC(132) ParOldGen: 440658K(440832K)->440674K(440832K)
[75.138s][info][gc,metaspace   ] GC(132) Metaspace: 56117K(56448K)->56117K(56448K) NonClass: 50495K(50752K)->50495K(50752K) Class: 5622K(5696K)->5622K(5696K)
[75.138s][info][gc             ] GC(132) Pause Young (Allocation Failure) 601M->430M(595M) 2.077ms
[75.138s][info][gc,cpu         ] GC(132) User=0.01s Sys=0.00s Real=0.01s
[75.632s][info][gc,start       ] GC(133) Pause Young (Allocation Failure)
[75.642s][info][gc,heap        ] GC(133) PSYoungGen: 168211K(168448K)->735K(163328K) Eden: 167936K(167936K)->0K(162304K) From: 275K(512K)->735K(1024K)
[75.642s][info][gc,heap        ] GC(133) ParOldGen: 440674K(440832K)->440690K(440832K)
[75.642s][info][gc,metaspace   ] GC(133) Metaspace: 56117K(56448K)->56117K(56448K) NonClass: 50495K(50752K)->50495K(50752K) Class: 5622K(5696K)->5622K(5696K)
[75.642s][info][gc             ] GC(133) Pause Young (Allocation Failure) 594M->431M(590M) 9.431ms
[75.642s][info][gc,cpu         ] GC(133) User=0.01s Sys=0.00s Real=0.01s
[75.922s][info][gc,start       ] GC(134) Pause Young (Allocation Failure)
[75.926s][info][gc,heap        ] GC(134) PSYoungGen: 163039K(163328K)->2431K(178176K) Eden: 162304K(162304K)->0K(166400K) From: 735K(1024K)->2431K(11776K)
[75.926s][info][gc,heap        ] GC(134) ParOldGen: 440690K(440832K)->440706K(440832K)
[75.926s][info][gc,metaspace   ] GC(134) Metaspace: 56117K(56448K)->56117K(56448K) NonClass: 50495K(50752K)->50495K(50752K) Class: 5622K(5696K)->5622K(5696K)
[75.926s][info][gc             ] GC(134) Pause Young (Allocation Failure) 589M->432M(604M) 4.477ms
[75.926s][info][gc,cpu         ] GC(134) User=0.00s Sys=0.00s Real=0.00s
[76.314s][info][gc,start       ] GC(135) Pause Young (Allocation Failure)
[76.320s][info][gc,heap        ] GC(135) PSYoungGen: 168831K(178176K)->3422K(206336K) Eden: 166400K(166400K)->0K(195584K) From: 2431K(11776K)->3422K(10752K)
[76.320s][info][gc,heap        ] GC(135) ParOldGen: 440706K(440832K)->440722K(440832K)
[76.320s][info][gc,metaspace   ] GC(135) Metaspace: 56117K(56448K)->56117K(56448K) NonClass: 50495K(50752K)->50495K(50752K) Class: 5622K(5696K)->5622K(5696K)
[76.320s][info][gc             ] GC(135) Pause Young (Allocation Failure) 595M->433M(632M) 6.556ms
[76.320s][info][gc,cpu         ] GC(135) User=0.01s Sys=0.00s Real=0.01s
[76.801s][info][gc,start       ] GC(136) Pause Young (Allocation Failure)
[76.805s][info][gc,heap        ] GC(136) PSYoungGen: 199006K(206336K)->1728K(205824K) Eden: 195584K(195584K)->0K(195584K) From: 3422K(10752K)->1728K(10240K)
[76.805s][info][gc,heap        ] GC(136) ParOldGen: 440722K(440832K)->440738K(440832K)
[76.805s][info][gc,metaspace   ] GC(136) Metaspace: 56117K(56448K)->56117K(56448K) NonClass: 50495K(50752K)->50495K(50752K) Class: 5622K(5696K)->5622K(5696K)
[76.805s][info][gc             ] GC(136) Pause Young (Allocation Failure) 624M->432M(631M) 4.356ms
[76.805s][info][gc,cpu         ] GC(136) User=0.01s Sys=0.00s Real=0.00s
[77.292s][info][gc,start       ] GC(137) Pause Young (Allocation Failure)
[77.295s][info][gc,heap        ] GC(137) PSYoungGen: 197312K(205824K)->1726K(243712K) Eden: 195584K(195584K)->0K(235008K) From: 1728K(10240K)->1726K(8704K)
[77.295s][info][gc,heap        ] GC(137) ParOldGen: 440738K(440832K)->440754K(440832K)
[77.295s][info][gc,metaspace   ] GC(137) Metaspace: 56117K(56448K)->56117K(56448K) NonClass: 50495K(50752K)->50495K(50752K) Class: 5622K(5696K)->5622K(5696K)
[77.295s][info][gc             ] GC(137) Pause Young (Allocation Failure) 623M->432M(668M) 3.700ms
[77.295s][info][gc,cpu         ] GC(137) User=0.01s Sys=0.00s Real=0.00s
[77.834s][info][gc,start       ] GC(138) Pause Young (Allocation Failure)
[77.839s][info][gc,heap        ] GC(138) PSYoungGen: 236734K(243712K)->2270K(228864K) Eden: 235008K(235008K)->0K(226304K) From: 1726K(8704K)->2270K(2560K)
[77.839s][info][gc,heap        ] GC(138) ParOldGen: 440754K(440832K)->440770K(440832K)
[77.839s][info][gc,metaspace   ] GC(138) Metaspace: 56117K(56448K)->56117K(56448K) NonClass: 50495K(50752K)->50495K(50752K) Class: 5622K(5696K)->5622K(5696K)
[77.839s][info][gc             ] GC(138) Pause Young (Allocation Failure) 661M->432M(654M) 4.907ms
[77.839s][info][gc,cpu         ] GC(138) User=0.01s Sys=0.01s Real=0.01s
[78.393s][info][gc,start       ] GC(139) Pause Young (Allocation Failure)
[78.397s][info][gc,heap        ] GC(139) PSYoungGen: 228574K(228864K)->2046K(219648K) Eden: 226304K(226304K)->0K(217600K) From: 2270K(2560K)->2046K(2048K)
[78.397s][info][gc,heap        ] GC(139) ParOldGen: 440770K(440832K)->440786K(440832K)
[78.397s][info][gc,metaspace   ] GC(139) Metaspace: 56117K(56448K)->56117K(56448K) NonClass: 50495K(50752K)->50495K(50752K) Class: 5622K(5696K)->5622K(5696K)
[78.397s][info][gc             ] GC(139) Pause Young (Allocation Failure) 653M->432M(645M) 4.284ms
[78.397s][info][gc,cpu         ] GC(139) User=0.00s Sys=0.01s Real=0.01s
[79.098s][info][gc,start       ] GC(140) Pause Young (Allocation Failure)
[79.102s][info][gc,heap        ] GC(140) PSYoungGen: 219646K(219648K)->1920K(211456K) Eden: 217600K(217600K)->0K(209408K) From: 2046K(2048K)->1920K(2048K)
[79.102s][info][gc,heap        ] GC(140) ParOldGen: 440786K(440832K)->440802K(440832K)
[79.102s][info][gc,metaspace   ] GC(140) Metaspace: 56117K(56448K)->56117K(56448K) NonClass: 50495K(50752K)->50495K(50752K) Class: 5622K(5696K)->5622K(5696K)
[79.102s][info][gc             ] GC(140) Pause Young (Allocation Failure) 644M->432M(637M) 4.068ms
[79.102s][info][gc,cpu         ] GC(140) User=0.01s Sys=0.00s Real=0.00s
[79.598s][info][gc,start       ] GC(141) Pause Young (Allocation Failure)
[79.602s][info][gc,heap        ] GC(141) PSYoungGen: 211009K(211456K)->1792K(203776K) Eden: 209089K(209408K)->0K(201728K) From: 1920K(2048K)->1792K(2048K)
[79.602s][info][gc,heap        ] GC(141) ParOldGen: 440802K(440832K)->440818K(440832K)
[79.602s][info][gc,metaspace   ] GC(141) Metaspace: 56117K(56448K)->56117K(56448K) NonClass: 50495K(50752K)->50495K(50752K) Class: 5622K(5696K)->5622K(5696K)
[79.602s][info][gc             ] GC(141) Pause Young (Allocation Failure) 636M->432M(629M) 4.794ms
[79.602s][info][gc,cpu         ] GC(141) User=0.01s Sys=0.00s Real=0.00s
[80.090s][info][gc,start       ] GC(142) Pause Young (Allocation Failure)
[80.093s][info][gc,heap        ] GC(142) PSYoungGen: 203520K(203776K)->1662K(196608K) Eden: 201728K(201728K)->0K(194560K) From: 1792K(2048K)->1662K(2048K)
[80.093s][info][gc,heap        ] GC(142) ParOldGen: 440818K(440832K)->440834K(441344K)
[80.094s][info][gc,metaspace   ] GC(142) Metaspace: 56117K(56448K)->56117K(56448K) NonClass: 50495K(50752K)->50495K(50752K) Class: 5622K(5696K)->5622K(5696K)
[80.094s][info][gc             ] GC(142) Pause Young (Allocation Failure) 629M->432M(623M) 3.114ms
[80.094s][info][gc,cpu         ] GC(142) User=0.00s Sys=0.00s Real=0.00s
[80.522s][info][gc,start       ] GC(143) Pause Young (Allocation Failure)
[80.526s][info][gc,heap        ] GC(143) PSYoungGen: 196222K(196608K)->2814K(190464K) Eden: 194560K(194560K)->0K(187392K) From: 1662K(2048K)->2814K(3072K)
[80.526s][info][gc,heap        ] GC(143) ParOldGen: 440834K(441344K)->440850K(441344K)
[80.526s][info][gc,metaspace   ] GC(143) Metaspace: 56117K(56448K)->56117K(56448K) NonClass: 50495K(50752K)->50495K(50752K) Class: 5622K(5696K)->5622K(5696K)
[80.526s][info][gc             ] GC(143) Pause Young (Allocation Failure) 622M->433M(617M) 4.700ms
[80.526s][info][gc,cpu         ] GC(143) User=0.01s Sys=0.00s Real=0.01s
[80.996s][info][gc,start       ] GC(144) Pause Young (Allocation Failure)
[80.999s][info][gc,heap        ] GC(144) PSYoungGen: 190206K(190464K)->2206K(183296K) Eden: 187392K(187392K)->0K(180736K) From: 2814K(3072K)->2206K(2560K)
[81.000s][info][gc,heap        ] GC(144) ParOldGen: 440850K(441344K)->440866K(441344K)
[81.000s][info][gc,metaspace   ] GC(144) Metaspace: 56117K(56448K)->56117K(56448K) NonClass: 50495K(50752K)->50495K(50752K) Class: 5622K(5696K)->5622K(5696K)
[81.000s][info][gc             ] GC(144) Pause Young (Allocation Failure) 616M->432M(610M) 3.799ms
[81.000s][info][gc,cpu         ] GC(144) User=0.01s Sys=0.00s Real=0.01s
[81.410s][info][gc,start       ] GC(145) Pause Young (Allocation Failure)
[81.415s][info][gc,heap        ] GC(145) PSYoungGen: 182942K(183296K)->3199K(178176K) Eden: 180736K(180736K)->0K(174592K) From: 2206K(2560K)->3199K(3584K)
[81.415s][info][gc,heap        ] GC(145) ParOldGen: 440866K(441344K)->440882K(441344K)
[81.415s][info][gc,metaspace   ] GC(145) Metaspace: 56117K(56448K)->56117K(56448K) NonClass: 50495K(50752K)->50495K(50752K) Class: 5622K(5696K)->5622K(5696K)
[81.415s][info][gc             ] GC(145) Pause Young (Allocation Failure) 609M->433M(605M) 5.318ms
[81.415s][info][gc,cpu         ] GC(145) User=0.01s Sys=0.00s Real=0.00s
[81.810s][info][gc,start       ] GC(146) Pause Young (Allocation Failure)
[81.816s][info][gc,heap        ] GC(146) PSYoungGen: 177791K(178176K)->3199K(172032K) Eden: 174592K(174592K)->0K(168448K) From: 3199K(3584K)->3199K(3584K)
[81.816s][info][gc,heap        ] GC(146) ParOldGen: 440882K(441344K)->440898K(441344K)
[81.816s][info][gc,metaspace   ] GC(146) Metaspace: 56117K(56448K)->56117K(56448K) NonClass: 50495K(50752K)->50495K(50752K) Class: 5622K(5696K)->5622K(5696K)
[81.816s][info][gc             ] GC(146) Pause Young (Allocation Failure) 604M->433M(599M) 5.432ms
[81.816s][info][gc,cpu         ] GC(146) User=0.01s Sys=0.00s Real=0.00s
[82.211s][info][gc,start       ] GC(147) Pause Young (Allocation Failure)
[82.217s][info][gc,heap        ] GC(147) PSYoungGen: 171647K(172032K)->3710K(206336K) Eden: 168448K(168448K)->0K(202240K) From: 3199K(3584K)->3710K(4096K)
[82.217s][info][gc,heap        ] GC(147) ParOldGen: 440898K(441344K)->440914K(441344K)
[82.217s][info][gc,metaspace   ] GC(147) Metaspace: 56117K(56448K)->56117K(56448K) NonClass: 50495K(50752K)->50495K(50752K) Class: 5622K(5696K)->5622K(5696K)
[82.217s][info][gc             ] GC(147) Pause Young (Allocation Failure) 598M->434M(632M) 5.703ms
[82.217s][info][gc,cpu         ] GC(147) User=0.01s Sys=0.00s Real=0.01s
[82.705s][info][gc,start       ] GC(148) Pause Young (Allocation Failure)
[82.709s][info][gc,heap        ] GC(148) PSYoungGen: 205950K(206336K)->2623K(211456K) Eden: 202240K(202240K)->0K(205312K) From: 3710K(4096K)->2623K(6144K)
[82.709s][info][gc,heap        ] GC(148) ParOldGen: 440914K(441344K)->440930K(441344K)
[82.709s][info][gc,metaspace   ] GC(148) Metaspace: 56117K(56448K)->56117K(56448K) NonClass: 50495K(50752K)->50495K(50752K) Class: 5622K(5696K)->5622K(5696K)
[82.709s][info][gc             ] GC(148) Pause Young (Allocation Failure) 631M->433M(637M) 4.530ms
[82.709s][info][gc,cpu         ] GC(148) User=0.01s Sys=0.00s Real=0.01s
[83.199s][info][gc,start       ] GC(149) Pause Young (Allocation Failure)
[83.205s][info][gc,heap        ] GC(149) PSYoungGen: 207756K(211456K)->1216K(249344K) Eden: 205133K(205312K)->0K(243200K) From: 2623K(6144K)->1216K(6144K)
[83.205s][info][gc,heap        ] GC(149) ParOldGen: 440930K(441344K)->440946K(441344K)
[83.205s][info][gc,metaspace   ] GC(149) Metaspace: 56117K(56448K)->56117K(56448K) NonClass: 50495K(50752K)->50495K(50752K) Class: 5622K(5696K)->5622K(5696K)
[83.205s][info][gc             ] GC(149) Pause Young (Allocation Failure) 633M->431M(674M) 5.974ms
[83.205s][info][gc,cpu         ] GC(149) User=0.01s Sys=0.00s Real=0.00s
[83.789s][info][gc,start       ] GC(150) Pause Young (Allocation Failure)
[83.791s][info][gc,heap        ] GC(150) PSYoungGen: 244416K(249344K)->469K(234496K) Eden: 243200K(243200K)->0K(233984K) From: 1216K(6144K)->469K(512K)
[83.791s][info][gc,heap        ] GC(150) ParOldGen: 440946K(441344K)->440962K(441344K)
[83.791s][info][gc,metaspace   ] GC(150) Metaspace: 56117K(56448K)->56117K(56448K) NonClass: 50495K(50752K)->50495K(50752K) Class: 5622K(5696K)->5622K(5696K)
[83.791s][info][gc             ] GC(150) Pause Young (Allocation Failure) 669M->431M(660M) 2.522ms
[83.791s][info][gc,cpu         ] GC(150) User=0.01s Sys=0.00s Real=0.00s
[84.306s][info][gc,start       ] GC(151) Pause Young (Allocation Failure)
[84.310s][info][gc,heap        ] GC(151) PSYoungGen: 234453K(234496K)->1600K(227328K) Eden: 233984K(233984K)->0K(225280K) From: 469K(512K)->1600K(2048K)
[84.310s][info][gc,heap        ] GC(151) ParOldGen: 440962K(441344K)->440978K(441344K)
[84.310s][info][gc,metaspace   ] GC(151) Metaspace: 56119K(56448K)->56119K(56448K) NonClass: 50497K(50752K)->50497K(50752K) Class: 5622K(5696K)->5622K(5696K)
[84.310s][info][gc             ] GC(151) Pause Young (Allocation Failure) 659M->432M(653M) 4.211ms
[84.310s][info][gc,cpu         ] GC(151) User=0.01s Sys=0.00s Real=0.01s
[84.831s][info][gc,start       ] GC(152) Pause Young (Allocation Failure)
[84.834s][info][gc,heap        ] GC(152) PSYoungGen: 226737K(227328K)->320K(217088K) Eden: 225137K(225280K)->0K(216576K) From: 1600K(2048K)->320K(512K)
[84.834s][info][gc,heap        ] GC(152) ParOldGen: 440978K(441344K)->440994K(441344K)
[84.834s][info][gc,metaspace   ] GC(152) Metaspace: 56119K(56448K)->56119K(56448K) NonClass: 50497K(50752K)->50497K(50752K) Class: 5622K(5696K)->5622K(5696K)
[84.834s][info][gc             ] GC(152) Pause Young (Allocation Failure) 652M->430M(643M) 2.363ms
[84.834s][info][gc,cpu         ] GC(152) User=0.01s Sys=0.00s Real=0.00s
[85.425s][info][gc,start       ] GC(153) Pause Young (Allocation Failure)
[85.428s][info][gc,heap        ] GC(153) PSYoungGen: 216896K(217088K)->991K(209408K) Eden: 216576K(216576K)->0K(208384K) From: 320K(512K)->991K(1024K)
[85.428s][info][gc,heap        ] GC(153) ParOldGen: 440994K(441344K)->441010K(441344K)
[85.428s][info][gc,metaspace   ] GC(153) Metaspace: 56119K(56448K)->56119K(56448K) NonClass: 50497K(50752K)->50497K(50752K) Class: 5622K(5696K)->5622K(5696K)
[85.428s][info][gc             ] GC(153) Pause Young (Allocation Failure) 642M->431M(635M) 2.820ms
[85.428s][info][gc,cpu         ] GC(153) User=0.01s Sys=0.00s Real=0.01s
[85.889s][info][gc,start       ] GC(154) Pause Young (Allocation Failure)
[85.892s][info][gc,heap        ] GC(154) PSYoungGen: 209375K(209408K)->1247K(206336K) Eden: 208384K(208384K)->0K(200704K) From: 991K(1024K)->1247K(5632K)
[85.892s][info][gc,heap        ] GC(154) ParOldGen: 441010K(441344K)->441026K(441344K)
[85.892s][info][gc,metaspace   ] GC(154) Metaspace: 56119K(56448K)->56119K(56448K) NonClass: 50497K(50752K)->50497K(50752K) Class: 5622K(5696K)->5622K(5696K)
[85.892s][info][gc             ] GC(154) Pause Young (Allocation Failure) 635M->431M(632M) 2.925ms
[85.892s][info][gc,cpu         ] GC(154) User=0.00s Sys=0.00s Real=0.00s
[86.376s][info][gc,start       ] GC(155) Pause Young (Allocation Failure)
[86.380s][info][gc,heap        ] GC(155) PSYoungGen: 201667K(206336K)->960K(194560K) Eden: 200419K(200704K)->0K(193536K) From: 1247K(5632K)->960K(1024K)
[86.380s][info][gc,heap        ] GC(155) ParOldGen: 441026K(441344K)->441042K(441344K)
[86.380s][info][gc,metaspace   ] GC(155) Metaspace: 56119K(56448K)->56119K(56448K) NonClass: 50497K(50752K)->50497K(50752K) Class: 5622K(5696K)->5622K(5696K)
[86.380s][info][gc             ] GC(155) Pause Young (Allocation Failure) 627M->431M(621M) 4.599ms
[86.380s][info][gc,cpu         ] GC(155) User=0.00s Sys=0.00s Real=0.01s
[86.804s][info][gc,start       ] GC(156) Pause Young (Allocation Failure)
[86.808s][info][gc,heap        ] GC(156) PSYoungGen: 194496K(194560K)->2335K(188928K) Eden: 193536K(193536K)->0K(186368K) From: 960K(1024K)->2335K(2560K)
[86.808s][info][gc,heap        ] GC(156) ParOldGen: 441042K(441344K)->441058K(441344K)
[86.808s][info][gc,metaspace   ] GC(156) Metaspace: 56119K(56448K)->56119K(56448K) NonClass: 50497K(50752K)->50497K(50752K) Class: 5622K(5696K)->5622K(5696K)
[86.808s][info][gc             ] GC(156) Pause Young (Allocation Failure) 620M->433M(615M) 4.136ms
[86.808s][info][gc,cpu         ] GC(156) User=0.01s Sys=0.00s Real=0.01s
[87.227s][info][gc,start       ] GC(157) Pause Young (Allocation Failure)
[87.233s][info][gc,heap        ] GC(157) PSYoungGen: 188703K(188928K)->1631K(181760K) Eden: 186368K(186368K)->0K(179712K) From: 2335K(2560K)->1631K(2048K)
[87.233s][info][gc,heap        ] GC(157) ParOldGen: 441058K(441344K)->441074K(441344K)
[87.233s][info][gc,metaspace   ] GC(157) Metaspace: 56119K(56448K)->56119K(56448K) NonClass: 50497K(50752K)->50497K(50752K) Class: 5622K(5696K)->5622K(5696K)
[87.233s][info][gc             ] GC(157) Pause Young (Allocation Failure) 615M->432M(608M) 5.432ms
[87.233s][info][gc,cpu         ] GC(157) User=0.00s Sys=0.00s Real=0.00s
[87.693s][info][gc,start       ] GC(158) Pause Young (Allocation Failure)
[87.695s][info][gc,heap        ] GC(158) PSYoungGen: 181343K(181760K)->544K(174592K) Eden: 179712K(179712K)->0K(173568K) From: 1631K(2048K)->544K(1024K)
[87.696s][info][gc,heap        ] GC(158) ParOldGen: 441074K(441344K)->441090K(441344K)
[87.696s][info][gc,metaspace   ] GC(158) Metaspace: 56119K(56448K)->56119K(56448K) NonClass: 50497K(50752K)->50497K(50752K) Class: 5622K(5696K)->5622K(5696K)
[87.696s][info][gc             ] GC(158) Pause Young (Allocation Failure) 607M->431M(601M) 2.673ms
[87.696s][info][gc,cpu         ] GC(158) User=0.01s Sys=0.00s Real=0.00s
[88.096s][info][gc,start       ] GC(159) Pause Young (Allocation Failure)
[88.099s][info][gc,heap        ] GC(159) PSYoungGen: 174112K(174592K)->1568K(169472K) Eden: 173568K(173568K)->0K(167424K) From: 544K(1024K)->1568K(2048K)
[88.099s][info][gc,heap        ] GC(159) ParOldGen: 441090K(441344K)->441106K(441344K)
[88.099s][info][gc,metaspace   ] GC(159) Metaspace: 56120K(56448K)->56120K(56448K) NonClass: 50498K(50752K)->50498K(50752K) Class: 5622K(5696K)->5622K(5696K)
[88.099s][info][gc             ] GC(159) Pause Young (Allocation Failure) 600M->432M(596M) 3.662ms
[88.099s][info][gc,cpu         ] GC(159) User=0.01s Sys=0.00s Real=0.01s
[88.497s][info][gc,start       ] GC(160) Pause Young (Allocation Failure)
[88.501s][info][gc,heap        ] GC(160) PSYoungGen: 168992K(169472K)->2015K(163840K) Eden: 167424K(167424K)->0K(161792K) From: 1568K(2048K)->2015K(2048K)
[88.501s][info][gc,heap        ] GC(160) ParOldGen: 441106K(441344K)->441122K(441344K)
[88.501s][info][gc,metaspace   ] GC(160) Metaspace: 56120K(56448K)->56120K(56448K) NonClass: 50498K(50752K)->50498K(50752K) Class: 5622K(5696K)->5622K(5696K)
[88.501s][info][gc             ] GC(160) Pause Young (Allocation Failure) 595M->432M(591M) 3.805ms
[88.501s][info][gc,cpu         ] GC(160) User=0.01s Sys=0.00s Real=0.00s
[88.891s][info][gc,start       ] GC(161) Pause Young (Allocation Failure)
[88.894s][info][gc,heap        ] GC(161) PSYoungGen: 163807K(163840K)->928K(157184K) Eden: 161792K(161792K)->0K(156160K) From: 2015K(2048K)->928K(1024K)
[88.894s][info][gc,heap        ] GC(161) ParOldGen: 441122K(441344K)->441138K(441344K)
[88.894s][info][gc,metaspace   ] GC(161) Metaspace: 56120K(56448K)->56120K(56448K) NonClass: 50498K(50752K)->50498K(50752K) Class: 5622K(5696K)->5622K(5696K)
[88.894s][info][gc             ] GC(161) Pause Young (Allocation Failure) 590M->431M(584M) 3.468ms
[88.894s][info][gc,cpu         ] GC(161) User=0.01s Sys=0.00s Real=0.00s
[89.229s][info][gc,start       ] GC(162) Pause Young (Allocation Failure)
[89.232s][info][gc,heap        ] GC(162) PSYoungGen: 157088K(157184K)->1759K(153088K) Eden: 156160K(156160K)->0K(151040K) From: 928K(1024K)->1759K(2048K)
[89.232s][info][gc,heap        ] GC(162) ParOldGen: 441138K(441344K)->441154K(441344K)
[89.232s][info][gc,metaspace   ] GC(162) Metaspace: 56120K(56448K)->56120K(56448K) NonClass: 50498K(50752K)->50498K(50752K) Class: 5622K(5696K)->5622K(5696K)
[89.232s][info][gc             ] GC(162) Pause Young (Allocation Failure) 584M->432M(580M) 3.611ms
[89.232s][info][gc,cpu         ] GC(162) User=0.01s Sys=0.00s Real=0.00s
[89.645s][info][gc,start       ] GC(163) Pause Young (Allocation Failure)
[89.653s][info][gc,heap        ] GC(163) PSYoungGen: 152799K(153088K)->4095K(185344K) Eden: 151040K(151040K)->0K(181248K) From: 1759K(2048K)->4095K(4096K)
[89.653s][info][gc,heap        ] GC(163) ParOldGen: 441154K(441344K)->441170K(441344K)
[89.653s][info][gc,metaspace   ] GC(163) Metaspace: 56120K(56448K)->56120K(56448K) NonClass: 50498K(50752K)->50498K(50752K) Class: 5622K(5696K)->5622K(5696K)
[89.653s][info][gc             ] GC(163) Pause Young (Allocation Failure) 580M->434M(612M) 7.667ms
[89.653s][info][gc,cpu         ] GC(163) User=0.02s Sys=0.00s Real=0.01s
[90.025s][info][gc,start       ] GC(164) Pause Young (Allocation Failure)
[90.029s][info][gc,heap        ] GC(164) PSYoungGen: 185343K(185344K)->2527K(217600K) Eden: 181248K(181248K)->0K(212992K) From: 4095K(4096K)->2527K(4608K)
[90.029s][info][gc,heap        ] GC(164) ParOldGen: 441170K(441344K)->441186K(441344K)
[90.029s][info][gc,metaspace   ] GC(164) Metaspace: 56120K(56448K)->56120K(56448K) NonClass: 50498K(50752K)->50498K(50752K) Class: 5622K(5696K)->5622K(5696K)
[90.029s][info][gc             ] GC(164) Pause Young (Allocation Failure) 611M->433M(643M) 4.295ms
[90.029s][info][gc,cpu         ] GC(164) User=0.01s Sys=0.00s Real=0.01s
[90.523s][info][gc,start       ] GC(165) Pause Young (Allocation Failure)
[90.528s][info][gc,heap        ] GC(165) PSYoungGen: 215491K(217600K)->1696K(222208K) Eden: 212963K(212992K)->0K(217600K) From: 2527K(4608K)->1696K(4608K)
[90.528s][info][gc,heap        ] GC(165) ParOldGen: 441186K(441344K)->441202K(441344K)
[90.528s][info][gc,metaspace   ] GC(165) Metaspace: 56120K(56448K)->56120K(56448K) NonClass: 50498K(50752K)->50498K(50752K) Class: 5622K(5696K)->5622K(5696K)
[90.528s][info][gc             ] GC(165) Pause Young (Allocation Failure) 641M->432M(648M) 4.430ms
[90.528s][info][gc,cpu         ] GC(165) User=0.00s Sys=0.00s Real=0.01s
[91.022s][info][gc,start       ] GC(166) Pause Young (Allocation Failure)
[91.027s][info][gc,heap        ] GC(166) PSYoungGen: 219290K(222208K)->864K(222208K) Eden: 217594K(217600K)->0K(217600K) From: 1696K(4608K)->864K(4608K)
[91.027s][info][gc,heap        ] GC(166) ParOldGen: 441202K(441344K)->441218K(441344K)
[91.027s][info][gc,metaspace   ] GC(166) Metaspace: 56120K(56448K)->56120K(56448K) NonClass: 50498K(50752K)->50498K(50752K) Class: 5622K(5696K)->5622K(5696K)
[91.027s][info][gc             ] GC(166) Pause Young (Allocation Failure) 645M->431M(648M) 5.695ms
[91.027s][info][gc,cpu         ] GC(166) User=0.01s Sys=0.00s Real=0.01s
[91.592s][info][gc,start       ] GC(167) Pause Young (Allocation Failure)
[91.595s][info][gc,heap        ] GC(167) PSYoungGen: 218464K(222208K)->873K(210432K) Eden: 217600K(217600K)->0K(209408K) From: 864K(4608K)->873K(1024K)
[91.595s][info][gc,heap        ] GC(167) ParOldGen: 441218K(441344K)->441234K(441344K)
[91.595s][info][gc,metaspace   ] GC(167) Metaspace: 56120K(56448K)->56120K(56448K) NonClass: 50498K(50752K)->50498K(50752K) Class: 5622K(5696K)->5622K(5696K)
[91.595s][info][gc             ] GC(167) Pause Young (Allocation Failure) 644M->431M(636M) 3.762ms
[91.595s][info][gc,cpu         ] GC(167) User=0.00s Sys=0.00s Real=0.00s
[92.089s][info][gc,start       ] GC(168) Pause Young (Allocation Failure)
[92.091s][info][gc,heap        ] GC(168) PSYoungGen: 210281K(210432K)->614K(202752K) Eden: 209408K(209408K)->0K(201728K) From: 873K(1024K)->614K(1024K)
[92.091s][info][gc,heap        ] GC(168) ParOldGen: 441234K(441344K)->441250K(441344K)
[92.091s][info][gc,metaspace   ] GC(168) Metaspace: 56120K(56448K)->56120K(56448K) NonClass: 50498K(50752K)->50498K(50752K) Class: 5622K(5696K)->5622K(5696K)
[92.091s][info][gc             ] GC(168) Pause Young (Allocation Failure) 636M->431M(629M) 2.559ms
[92.091s][info][gc,cpu         ] GC(168) User=0.01s Sys=0.00s Real=0.00s
[92.524s][info][gc,start       ] GC(169) Pause Young (Allocation Failure)
[92.529s][info][gc,heap        ] GC(169) PSYoungGen: 202342K(202752K)->2366K(197120K) Eden: 201728K(201728K)->0K(194560K) From: 614K(1024K)->2366K(2560K)
[92.529s][info][gc,heap        ] GC(169) ParOldGen: 441250K(441344K)->441266K(441344K)
[92.529s][info][gc,metaspace   ] GC(169) Metaspace: 56120K(56448K)->56120K(56448K) NonClass: 50498K(50752K)->50498K(50752K) Class: 5622K(5696K)->5622K(5696K)
[92.529s][info][gc             ] GC(169) Pause Young (Allocation Failure) 628M->433M(623M) 5.301ms
[92.529s][info][gc,cpu         ] GC(169) User=0.01s Sys=0.00s Real=0.01s
[93.002s][info][gc,start       ] GC(170) Pause Young (Allocation Failure)
[93.007s][info][gc,heap        ] GC(170) PSYoungGen: 196926K(197120K)->2240K(189952K) Eden: 194560K(194560K)->0K(187392K) From: 2366K(2560K)->2240K(2560K)
[93.007s][info][gc,heap        ] GC(170) ParOldGen: 441266K(441344K)->441282K(441344K)
[93.007s][info][gc,metaspace   ] GC(170) Metaspace: 56120K(56448K)->56120K(56448K) NonClass: 50498K(50752K)->50498K(50752K) Class: 5622K(5696K)->5622K(5696K)
[93.007s][info][gc             ] GC(170) Pause Young (Allocation Failure) 623M->433M(616M) 5.160ms
[93.007s][info][gc,cpu         ] GC(170) User=0.01s Sys=0.00s Real=0.01s
[93.425s][info][gc,start       ] GC(171) Pause Young (Allocation Failure)
[93.428s][info][gc,heap        ] GC(171) PSYoungGen: 189632K(189952K)->1056K(182272K) Eden: 187392K(187392K)->0K(180736K) From: 2240K(2560K)->1056K(1536K)
[93.428s][info][gc,heap        ] GC(171) ParOldGen: 441282K(441344K)->441298K(441344K)
[93.428s][info][gc,metaspace   ] GC(171) Metaspace: 56120K(56448K)->56120K(56448K) NonClass: 50498K(50752K)->50498K(50752K) Class: 5622K(5696K)->5622K(5696K)
[93.428s][info][gc             ] GC(171) Pause Young (Allocation Failure) 616M->431M(609M) 3.359ms
[93.428s][info][gc,cpu         ] GC(171) User=0.01s Sys=0.00s Real=0.01s
[93.892s][info][gc,start       ] GC(172) Pause Young (Allocation Failure)
[93.895s][info][gc,heap        ] GC(172) PSYoungGen: 181792K(182272K)->1119K(176128K) Eden: 180736K(180736K)->0K(174592K) From: 1056K(1536K)->1119K(1536K)
[93.895s][info][gc,heap        ] GC(172) ParOldGen: 441298K(441344K)->441314K(441344K)
[93.895s][info][gc,metaspace   ] GC(172) Metaspace: 56120K(56448K)->56120K(56448K) NonClass: 50498K(50752K)->50498K(50752K) Class: 5622K(5696K)->5622K(5696K)
[93.895s][info][gc             ] GC(172) Pause Young (Allocation Failure) 608M->432M(603M) 3.500ms
[93.895s][info][gc,cpu         ] GC(172) User=0.01s Sys=0.00s Real=0.00s
[94.297s][info][gc,start       ] GC(173) Pause Young (Allocation Failure)
[94.301s][info][gc,heap        ] GC(173) PSYoungGen: 175711K(176128K)->1696K(170496K) Eden: 174592K(174592K)->0K(168448K) From: 1119K(1536K)->1696K(2048K)
[94.301s][info][gc,heap        ] GC(173) ParOldGen: 441314K(441344K)->441330K(441344K)
[94.301s][info][gc,metaspace   ] GC(173) Metaspace: 56120K(56448K)->56120K(56448K) NonClass: 50498K(50752K)->50498K(50752K) Class: 5622K(5696K)->5622K(5696K)
[94.301s][info][gc             ] GC(173) Pause Young (Allocation Failure) 602M->432M(597M) 4.247ms
[94.301s][info][gc,cpu         ] GC(173) User=0.00s Sys=0.00s Real=0.00s
[94.698s][info][gc,start       ] GC(174) Pause Young (Allocation Failure)
[94.703s][info][gc,heap        ] GC(174) PSYoungGen: 170144K(170496K)->2302K(165376K) Eden: 168448K(168448K)->0K(162816K) From: 1696K(2048K)->2302K(2560K)
[94.703s][info][gc,heap        ] GC(174) ParOldGen: 441330K(441344K)->441346K(441856K)
[94.703s][info][gc,metaspace   ] GC(174) Metaspace: 56120K(56448K)->56120K(56448K) NonClass: 50498K(50752K)->50498K(50752K) Class: 5622K(5696K)->5622K(5696K)
[94.703s][info][gc             ] GC(174) Pause Young (Allocation Failure) 597M->433M(593M) 5.003ms
[94.703s][info][gc,cpu         ] GC(174) User=0.01s Sys=0.01s Real=0.00s
[95.161s][info][gc,start       ] GC(175) Pause Young (Allocation Failure)
[95.169s][info][gc,heap        ] GC(175) PSYoungGen: 165118K(165376K)->1695K(197632K) Eden: 162816K(162816K)->0K(195584K) From: 2302K(2560K)->1695K(2048K)
[95.169s][info][gc,heap        ] GC(175) ParOldGen: 441346K(441856K)->441362K(441856K)
[95.169s][info][gc,metaspace   ] GC(175) Metaspace: 56120K(56448K)->56120K(56448K) NonClass: 50498K(50752K)->50498K(50752K) Class: 5622K(5696K)->5622K(5696K)
[95.169s][info][gc             ] GC(175) Pause Young (Allocation Failure) 592M->432M(624M) 7.935ms
[95.169s][info][gc,cpu         ] GC(175) User=0.01s Sys=0.00s Real=0.01s
[95.520s][info][gc,start       ] GC(176) Pause Young (Allocation Failure)
[95.525s][info][gc,heap        ] GC(176) PSYoungGen: 197279K(197632K)->1247K(236544K) Eden: 195584K(195584K)->0K(235008K) From: 1695K(2048K)->1247K(1536K)
[95.525s][info][gc,heap        ] GC(176) ParOldGen: 441362K(441856K)->441378K(441856K)
[95.525s][info][gc,metaspace   ] GC(176) Metaspace: 56120K(56448K)->56120K(56448K) NonClass: 50498K(50752K)->50498K(50752K) Class: 5622K(5696K)->5622K(5696K)
[95.525s][info][gc             ] GC(176) Pause Young (Allocation Failure) 623M->432M(662M) 4.809ms
[95.525s][info][gc,cpu         ] GC(176) User=0.00s Sys=0.00s Real=0.00s
[96.103s][info][gc,start       ] GC(177) Pause Young (Allocation Failure)
[96.106s][info][gc,heap        ] GC(177) PSYoungGen: 236255K(236544K)->1760K(248832K) Eden: 235008K(235008K)->0K(245248K) From: 1247K(1536K)->1760K(3584K)
[96.106s][info][gc,heap        ] GC(177) ParOldGen: 441378K(441856K)->441394K(441856K)
[96.106s][info][gc,metaspace   ] GC(177) Metaspace: 56120K(56448K)->56120K(56448K) NonClass: 50498K(50752K)->50498K(50752K) Class: 5622K(5696K)->5622K(5696K)
[96.106s][info][gc             ] GC(177) Pause Young (Allocation Failure) 661M->432M(674M) 3.901ms
[96.106s][info][gc,cpu         ] GC(177) User=0.01s Sys=0.00s Real=0.01s
[96.699s][info][gc,start       ] GC(178) Pause Young (Allocation Failure)
[96.702s][info][gc,heap        ] GC(178) PSYoungGen: 247008K(248832K)->1376K(237568K) Eden: 245248K(245248K)->0K(236032K) From: 1760K(3584K)->1376K(1536K)
[96.702s][info][gc,heap        ] GC(178) ParOldGen: 441394K(441856K)->441410K(441856K)
[96.702s][info][gc,metaspace   ] GC(178) Metaspace: 56120K(56448K)->56120K(56448K) NonClass: 50498K(50752K)->50498K(50752K) Class: 5622K(5696K)->5622K(5696K)
[96.702s][info][gc             ] GC(178) Pause Young (Allocation Failure) 672M->432M(663M) 3.748ms
[96.702s][info][gc,cpu         ] GC(178) User=0.01s Sys=0.00s Real=0.00s
[97.216s][info][gc,start       ] GC(179) Pause Young (Allocation Failure)
[97.220s][info][gc,heap        ] GC(179) PSYoungGen: 237267K(237568K)->1824K(228864K) Eden: 235891K(236032K)->0K(226816K) From: 1376K(1536K)->1824K(2048K)
[97.220s][info][gc,heap        ] GC(179) ParOldGen: 441410K(441856K)->441426K(441856K)
[97.220s][info][gc,metaspace   ] GC(179) Metaspace: 56120K(56448K)->56120K(56448K) NonClass: 50498K(50752K)->50498K(50752K) Class: 5622K(5696K)->5622K(5696K)
[97.220s][info][gc             ] GC(179) Pause Young (Allocation Failure) 662M->432M(655M) 4.129ms
[97.220s][info][gc,cpu         ] GC(179) User=0.01s Sys=0.00s Real=0.01s
[97.794s][info][gc,start       ] GC(180) Pause Young (Allocation Failure)
[97.797s][info][gc,heap        ] GC(180) PSYoungGen: 228640K(228864K)->1662K(220160K) Eden: 226816K(226816K)->0K(218112K) From: 1824K(2048K)->1662K(2048K)
[97.797s][info][gc,heap        ] GC(180) ParOldGen: 441426K(441856K)->441442K(441856K)
[97.797s][info][gc,metaspace   ] GC(180) Metaspace: 56120K(56448K)->56120K(56448K) NonClass: 50498K(50752K)->50498K(50752K) Class: 5622K(5696K)->5622K(5696K)
[97.797s][info][gc             ] GC(180) Pause Young (Allocation Failure) 654M->432M(646M) 3.522ms
[97.797s][info][gc,cpu         ] GC(180) User=0.01s Sys=0.00s Real=0.01s
[98.352s][info][gc,start       ] GC(181) Pause Young (Allocation Failure)
[98.356s][info][gc,heap        ] GC(181) PSYoungGen: 219774K(220160K)->1888K(211968K) Eden: 218112K(218112K)->0K(209920K) From: 1662K(2048K)->1888K(2048K)
[98.356s][info][gc,heap        ] GC(181) ParOldGen: 441442K(441856K)->441458K(441856K)
[98.356s][info][gc,metaspace   ] GC(181) Metaspace: 56120K(56448K)->56120K(56448K) NonClass: 50498K(50752K)->50498K(50752K) Class: 5622K(5696K)->5622K(5696K)
[98.356s][info][gc             ] GC(181) Pause Young (Allocation Failure) 645M->432M(638M) 4.037ms
[98.356s][info][gc,cpu         ] GC(181) User=0.01s Sys=0.00s Real=0.00s
[98.797s][info][gc,start       ] GC(182) Pause Young (Allocation Failure)
[98.801s][info][gc,heap        ] GC(182) PSYoungGen: 211808K(211968K)->2047K(204288K) Eden: 209920K(209920K)->0K(202240K) From: 1888K(2048K)->2047K(2048K)
[98.801s][info][gc,heap        ] GC(182) ParOldGen: 441458K(441856K)->441474K(441856K)
[98.801s][info][gc,metaspace   ] GC(182) Metaspace: 56120K(56448K)->56120K(56448K) NonClass: 50498K(50752K)->50498K(50752K) Class: 5622K(5696K)->5622K(5696K)
[98.801s][info][gc             ] GC(182) Pause Young (Allocation Failure) 637M->433M(631M) 3.804ms
[98.801s][info][gc,cpu         ] GC(182) User=0.00s Sys=0.00s Real=0.00s
[99.291s][info][gc,start       ] GC(183) Pause Young (Allocation Failure)
[99.293s][info][gc,heap        ] GC(183) PSYoungGen: 204287K(204288K)->863K(196096K) Eden: 202240K(202240K)->0K(195072K) From: 2047K(2048K)->863K(1024K)
[99.293s][info][gc,heap        ] GC(183) ParOldGen: 441474K(441856K)->441490K(441856K)
[99.293s][info][gc,metaspace   ] GC(183) Metaspace: 56120K(56448K)->56120K(56448K) NonClass: 50498K(50752K)->50498K(50752K) Class: 5622K(5696K)->5622K(5696K)
[99.293s][info][gc             ] GC(183) Pause Young (Allocation Failure) 630M->431M(623M) 2.586ms
[99.293s][info][gc,cpu         ] GC(183) User=0.00s Sys=0.00s Real=0.00s
[99.726s][info][gc,start       ] GC(184) Pause Young (Allocation Failure)
[99.737s][info][gc,heap        ] GC(184) PSYoungGen: 195935K(196096K)->1856K(236544K) Eden: 195072K(195072K)->0K(234496K) From: 863K(1024K)->1856K(2048K)
[99.737s][info][gc,heap        ] GC(184) ParOldGen: 441490K(441856K)->441514K(441856K)
[99.737s][info][gc,metaspace   ] GC(184) Metaspace: 56120K(56448K)->56120K(56448K) NonClass: 50498K(50752K)->50498K(50752K) Class: 5622K(5696K)->5622K(5696K)
[99.737s][info][gc             ] GC(184) Pause Young (Allocation Failure) 622M->432M(662M) 10.739ms
[99.737s][info][gc,cpu         ] GC(184) User=0.02s Sys=0.00s Real=0.02s
[100.297s][info][gc,start       ] GC(185) Pause Young (Allocation Failure)
[100.301s][info][gc,heap        ] GC(185) PSYoungGen: 236352K(236544K)->1855K(227840K) Eden: 234496K(234496K)->0K(225792K) From: 1856K(2048K)->1855K(2048K)
[100.301s][info][gc,heap        ] GC(185) ParOldGen: 441514K(441856K)->441530K(441856K)
[100.301s][info][gc,metaspace   ] GC(185) Metaspace: 56120K(56448K)->56120K(56448K) NonClass: 50498K(50752K)->50498K(50752K) Class: 5622K(5696K)->5622K(5696K)
[100.301s][info][gc             ] GC(185) Pause Young (Allocation Failure) 661M->432M(654M) 3.631ms
[100.301s][info][gc,cpu         ] GC(185) User=0.01s Sys=0.00s Real=0.00s
[100.816s][info][gc,start       ] GC(186) Pause Young (Allocation Failure)
[100.822s][info][gc,heap        ] GC(186) PSYoungGen: 227441K(227840K)->2880K(220160K) Eden: 225585K(225792K)->0K(217088K) From: 1855K(2048K)->2880K(3072K)
[100.822s][info][gc,heap        ] GC(186) ParOldGen: 441530K(441856K)->441546K(441856K)
[100.822s][info][gc,metaspace   ] GC(186) Metaspace: 56120K(56448K)->56120K(56448K) NonClass: 50498K(50752K)->50498K(50752K) Class: 5622K(5696K)->5622K(5696K)
[100.822s][info][gc             ] GC(186) Pause Young (Allocation Failure) 653M->434M(646M) 5.257ms
[100.822s][info][gc,cpu         ] GC(186) User=0.01s Sys=0.00s Real=0.00s
[101.318s][info][gc,start       ] GC(187) Pause Young (Allocation Failure)
[101.322s][info][gc,heap        ] GC(187) PSYoungGen: 219968K(220160K)->1536K(210432K) Eden: 217088K(217088K)->0K(208896K) From: 2880K(3072K)->1536K(1536K)
[101.322s][info][gc,heap        ] GC(187) ParOldGen: 441546K(441856K)->442321K(442368K)
[101.323s][info][gc,metaspace   ] GC(187) Metaspace: 56120K(56448K)->56120K(56448K) NonClass: 50498K(50752K)->50498K(50752K) Class: 5622K(5696K)->5622K(5696K)
[101.323s][info][gc             ] GC(187) Pause Young (Allocation Failure) 646M->433M(637M) 4.532ms
[101.323s][info][gc,cpu         ] GC(187) User=0.01s Sys=0.00s Real=0.00s
[101.822s][info][gc,start       ] GC(188) Pause Young (Allocation Failure)
[101.828s][info][gc,heap        ] GC(188) PSYoungGen: 210432K(210432K)->2079K(203776K) Eden: 208896K(208896K)->0K(201216K) From: 1536K(1536K)->2079K(2560K)
[101.828s][info][gc,heap        ] GC(188) ParOldGen: 442321K(442368K)->443865K(443904K)
[101.828s][info][gc,metaspace   ] GC(188) Metaspace: 56120K(56448K)->56120K(56448K) NonClass: 50498K(50752K)->50498K(50752K) Class: 5622K(5696K)->5622K(5696K)
[101.828s][info][gc             ] GC(188) Pause Young (Allocation Failure) 637M->435M(632M) 5.808ms
[101.828s][info][gc,cpu         ] GC(188) User=0.01s Sys=0.00s Real=0.01s
[102.307s][info][gc,start       ] GC(189) Pause Young (Allocation Failure)
[102.312s][info][gc,heap        ] GC(189) PSYoungGen: 203295K(203776K)->2751K(197120K) Eden: 201216K(201216K)->0K(194048K) From: 2079K(2560K)->2751K(3072K)
[102.312s][info][gc,heap        ] GC(189) ParOldGen: 443865K(443904K)->443921K(444416K)
[102.312s][info][gc,metaspace   ] GC(189) Metaspace: 56120K(56448K)->56120K(56448K) NonClass: 50498K(50752K)->50498K(50752K) Class: 5622K(5696K)->5622K(5696K)
[102.312s][info][gc             ] GC(189) Pause Young (Allocation Failure) 631M->436M(626M) 4.800ms
[102.312s][info][gc,cpu         ] GC(189) User=0.01s Sys=0.00s Real=0.00s
[102.801s][info][gc,start       ] GC(190) Pause Young (Allocation Failure)
[102.805s][info][gc,heap        ] GC(190) PSYoungGen: 196799K(197120K)->2079K(189440K) Eden: 194048K(194048K)->0K(186880K) From: 2751K(3072K)->2079K(2560K)
[102.805s][info][gc,heap        ] GC(190) ParOldGen: 443921K(444416K)->443937K(444416K)
[102.805s][info][gc,metaspace   ] GC(190) Metaspace: 56120K(56448K)->56120K(56448K) NonClass: 50498K(50752K)->50498K(50752K) Class: 5622K(5696K)->5622K(5696K)
[102.805s][info][gc             ] GC(190) Pause Young (Allocation Failure) 625M->435M(619M) 4.036ms
[102.805s][info][gc,cpu         ] GC(190) User=0.00s Sys=0.00s Real=0.00s
[103.217s][info][gc,start       ] GC(191) Pause Young (Allocation Failure)
[103.221s][info][gc,heap        ] GC(191) PSYoungGen: 188851K(189440K)->2048K(182272K) Eden: 186772K(186880K)->0K(180224K) From: 2079K(2560K)->2048K(2048K)
[103.221s][info][gc,heap        ] GC(191) ParOldGen: 443937K(444416K)->443969K(444416K)
[103.221s][info][gc,metaspace   ] GC(191) Metaspace: 56120K(56448K)->56120K(56448K) NonClass: 50498K(50752K)->50498K(50752K) Class: 5622K(5696K)->5622K(5696K)
[103.221s][info][gc             ] GC(191) Pause Young (Allocation Failure) 617M->435M(612M) 4.117ms
[103.221s][info][gc,cpu         ] GC(191) User=0.01s Sys=0.00s Real=0.00s
[103.747s][info][gc,start       ] GC(192) Pause Young (Allocation Failure)
[103.749s][info][gc,heap        ] GC(192) PSYoungGen: 182272K(182272K)->329K(174592K) Eden: 180224K(180224K)->0K(174080K) From: 2048K(2048K)->329K(512K)
[103.749s][info][gc,heap        ] GC(192) ParOldGen: 443969K(444416K)->444097K(444416K)
[103.749s][info][gc,metaspace   ] GC(192) Metaspace: 56120K(56448K)->56120K(56448K) NonClass: 50498K(50752K)->50498K(50752K) Class: 5622K(5696K)->5622K(5696K)
[103.749s][info][gc             ] GC(192) Pause Young (Allocation Failure) 611M->434M(604M) 2.311ms
[103.749s][info][gc,cpu         ] GC(192) User=0.00s Sys=0.00s Real=0.00s
[104.093s][info][gc,start       ] GC(193) Pause Young (Allocation Failure)
[104.096s][info][gc,heap        ] GC(193) PSYoungGen: 174409K(174592K)->1056K(169472K) Eden: 174080K(174080K)->0K(167936K) From: 329K(512K)->1056K(1536K)
[104.096s][info][gc,heap        ] GC(193) ParOldGen: 444097K(444416K)->444113K(444416K)
[104.096s][info][gc,metaspace   ] GC(193) Metaspace: 56120K(56448K)->56120K(56448K) NonClass: 50498K(50752K)->50498K(50752K) Class: 5622K(5696K)->5622K(5696K)
[104.096s][info][gc             ] GC(193) Pause Young (Allocation Failure) 604M->434M(599M) 3.024ms
[104.096s][info][gc,cpu         ] GC(193) User=0.01s Sys=0.00s Real=0.00s
[104.488s][info][gc,start       ] GC(194) Pause Young (Allocation Failure)
[104.491s][info][gc,heap        ] GC(194) PSYoungGen: 168992K(169472K)->927K(163328K) Eden: 167936K(167936K)->0K(162304K) From: 1056K(1536K)->927K(1024K)
[104.491s][info][gc,heap        ] GC(194) ParOldGen: 444113K(444416K)->444129K(444416K)
[104.491s][info][gc,metaspace   ] GC(194) Metaspace: 56120K(56448K)->56120K(56448K) NonClass: 50498K(50752K)->50498K(50752K) Class: 5622K(5696K)->5622K(5696K)
[104.491s][info][gc             ] GC(194) Pause Young (Allocation Failure) 598M->434M(593M) 2.509ms
[104.491s][info][gc,cpu         ] GC(194) User=0.00s Sys=0.00s Real=0.00s
[104.829s][info][gc,start       ] GC(195) Pause Young (Allocation Failure)
[104.831s][info][gc,heap        ] GC(195) PSYoungGen: 163231K(163328K)->863K(157696K) Eden: 162304K(162304K)->0K(156672K) From: 927K(1024K)->863K(1024K)
[104.831s][info][gc,heap        ] GC(195) ParOldGen: 444129K(444416K)->444145K(444416K)
[104.831s][info][gc,metaspace   ] GC(195) Metaspace: 56120K(56448K)->56120K(56448K) NonClass: 50498K(50752K)->50498K(50752K) Class: 5622K(5696K)->5622K(5696K)
[104.831s][info][gc             ] GC(195) Pause Young (Allocation Failure) 593M->434M(588M) 2.569ms
[104.831s][info][gc,cpu         ] GC(195) User=0.01s Sys=0.00s Real=0.00s
[105.211s][info][gc,start       ] GC(196) Pause Young (Allocation Failure)
[105.216s][info][gc,heap        ] GC(196) PSYoungGen: 157535K(157696K)->2848K(154624K) Eden: 156672K(156672K)->0K(151552K) From: 863K(1024K)->2848K(3072K)
[105.216s][info][gc,heap        ] GC(196) ParOldGen: 444145K(444416K)->444161K(444416K)
[105.216s][info][gc,metaspace   ] GC(196) Metaspace: 56120K(56448K)->56120K(56448K) NonClass: 50498K(50752K)->50498K(50752K) Class: 5622K(5696K)->5622K(5696K)
[105.216s][info][gc             ] GC(196) Pause Young (Allocation Failure) 587M->436M(585M) 5.053ms
[105.216s][info][gc,cpu         ] GC(196) User=0.01s Sys=0.00s Real=0.00s
[105.592s][info][gc,start       ] GC(197) Pause Young (Allocation Failure)
[105.596s][info][gc,heap        ] GC(197) PSYoungGen: 154400K(154624K)->1663K(148480K) Eden: 151552K(151552K)->0K(146432K) From: 2848K(3072K)->1663K(2048K)
[105.596s][info][gc,heap        ] GC(197) ParOldGen: 444161K(444416K)->444177K(444416K)
[105.596s][info][gc,metaspace   ] GC(197) Metaspace: 56120K(56448K)->56120K(56448K) NonClass: 50498K(50752K)->50498K(50752K) Class: 5622K(5696K)->5622K(5696K)
[105.596s][info][gc             ] GC(197) Pause Young (Allocation Failure) 584M->435M(579M) 3.539ms
[105.596s][info][gc,cpu         ] GC(197) User=0.01s Sys=0.00s Real=0.00s
[105.956s][info][gc,start       ] GC(198) Pause Young (Allocation Failure)
[105.961s][info][gc,heap        ] GC(198) PSYoungGen: 147809K(148480K)->2336K(144384K) Eden: 146146K(146432K)->0K(141824K) From: 1663K(2048K)->2336K(2560K)
[105.961s][info][gc,heap        ] GC(198) ParOldGen: 444177K(444416K)->444193K(444416K)
[105.961s][info][gc,metaspace   ] GC(198) Metaspace: 56120K(56448K)->56120K(56448K) NonClass: 50498K(50752K)->50498K(50752K) Class: 5622K(5696K)->5622K(5696K)
[105.961s][info][gc             ] GC(198) Pause Young (Allocation Failure) 578M->436M(575M) 4.523ms
[105.961s][info][gc,cpu         ] GC(198) User=0.01s Sys=0.00s Real=0.00s
[106.287s][info][gc,start       ] GC(199) Pause Young (Allocation Failure)
[106.289s][info][gc,heap        ] GC(199) PSYoungGen: 144160K(144384K)->519K(138240K) Eden: 141824K(141824K)->0K(137216K) From: 2336K(2560K)->519K(1024K)
[106.289s][info][gc,heap        ] GC(199) ParOldGen: 444193K(444416K)->444209K(444416K)
[106.289s][info][gc,metaspace   ] GC(199) Metaspace: 56120K(56448K)->56120K(56448K) NonClass: 50498K(50752K)->50498K(50752K) Class: 5622K(5696K)->5622K(5696K)
[106.289s][info][gc             ] GC(199) Pause Young (Allocation Failure) 574M->434M(569M) 2.362ms
[106.289s][info][gc,cpu         ] GC(199) User=0.00s Sys=0.00s Real=0.00s
[106.596s][info][gc,start       ] GC(200) Pause Young (Allocation Failure)
[106.599s][info][gc,heap        ] GC(200) PSYoungGen: 137735K(138240K)->1791K(134656K) Eden: 137216K(137216K)->0K(132608K) From: 519K(1024K)->1791K(2048K)
[106.599s][info][gc,heap        ] GC(200) ParOldGen: 444209K(444416K)->444225K(444416K)
[106.599s][info][gc,metaspace   ] GC(200) Metaspace: 56120K(56448K)->56120K(56448K) NonClass: 50498K(50752K)->50498K(50752K) Class: 5622K(5696K)->5622K(5696K)
[106.599s][info][gc             ] GC(200) Pause Young (Allocation Failure) 568M->435M(565M) 3.537ms
[106.599s][info][gc,cpu         ] GC(200) User=0.00s Sys=0.00s Real=0.01s
[106.899s][info][gc,start       ] GC(201) Pause Young (Allocation Failure)
[106.904s][info][gc,heap        ] GC(201) PSYoungGen: 134399K(134656K)->2815K(162304K) Eden: 132608K(132608K)->0K(159232K) From: 1791K(2048K)->2815K(3072K)
[106.904s][info][gc,heap        ] GC(201) ParOldGen: 444225K(444416K)->444241K(444416K)
[106.904s][info][gc,metaspace   ] GC(201) Metaspace: 56120K(56448K)->56120K(56448K) NonClass: 50498K(50752K)->50498K(50752K) Class: 5622K(5696K)->5622K(5696K)
[106.904s][info][gc             ] GC(201) Pause Young (Allocation Failure) 565M->436M(592M) 5.710ms
[106.904s][info][gc,cpu         ] GC(201) User=0.01s Sys=0.00s Real=0.00s
[107.290s][info][gc,start       ] GC(202) Pause Young (Allocation Failure)
[107.293s][info][gc,heap        ] GC(202) PSYoungGen: 162047K(162304K)->799K(192512K) Eden: 159232K(159232K)->0K(191488K) From: 2815K(3072K)->799K(1024K)
[107.293s][info][gc,heap        ] GC(202) ParOldGen: 444241K(444416K)->444257K(444416K)
[107.293s][info][gc,metaspace   ] GC(202) Metaspace: 56120K(56448K)->56120K(56448K) NonClass: 50498K(50752K)->50498K(50752K) Class: 5622K(5696K)->5622K(5696K)
[107.293s][info][gc             ] GC(202) Pause Young (Allocation Failure) 592M->434M(622M) 2.774ms
[107.293s][info][gc,cpu         ] GC(202) User=0.00s Sys=0.00s Real=0.00s
[107.708s][info][gc,start       ] GC(203) Pause Young (Allocation Failure)
[107.714s][info][gc,heap        ] GC(203) PSYoungGen: 192287K(192512K)->3231K(216064K) Eden: 191488K(191488K)->0K(211968K) From: 799K(1024K)->3231K(4096K)
[107.714s][info][gc,heap        ] GC(203) ParOldGen: 444257K(444416K)->444273K(444416K)
[107.714s][info][gc,metaspace   ] GC(203) Metaspace: 56120K(56448K)->56120K(56448K) NonClass: 50498K(50752K)->50498K(50752K) Class: 5622K(5696K)->5622K(5696K)
[107.714s][info][gc             ] GC(203) Pause Young (Allocation Failure) 621M->437M(645M) 5.173ms
[107.714s][info][gc,cpu         ] GC(203) User=0.01s Sys=0.00s Real=0.00s
[108.244s][info][gc,start       ] GC(204) Pause Young (Allocation Failure)
[108.275s][info][gc,heap        ] GC(204) PSYoungGen: 215199K(216064K)->3327K(216064K) Eden: 211968K(211968K)->0K(211968K) From: 3231K(4096K)->3327K(4096K)
[108.275s][info][gc,heap        ] GC(204) ParOldGen: 444273K(444416K)->444289K(444416K)
[108.275s][info][gc,metaspace   ] GC(204) Metaspace: 56121K(56448K)->56121K(56448K) NonClass: 50499K(50752K)->50499K(50752K) Class: 5622K(5696K)->5622K(5696K)
[108.275s][info][gc             ] GC(204) Pause Young (Allocation Failure) 644M->437M(645M) 30.940ms
[108.275s][info][gc,cpu         ] GC(204) User=0.04s Sys=0.00s Real=0.03s
[108.710s][info][gc,start       ] GC(205) Pause Young (Allocation Failure)
[108.716s][info][gc,heap        ] GC(205) PSYoungGen: 215295K(216064K)->3166K(259072K) Eden: 211968K(211968K)->0K(254464K) From: 3327K(4096K)->3166K(4608K)
[108.716s][info][gc,heap        ] GC(205) ParOldGen: 444289K(444416K)->444305K(444416K)
[108.716s][info][gc,metaspace   ] GC(205) Metaspace: 56121K(56448K)->56121K(56448K) NonClass: 50499K(50752K)->50499K(50752K) Class: 5622K(5696K)->5622K(5696K)
[108.716s][info][gc             ] GC(205) Pause Young (Allocation Failure) 644M->436M(687M) 5.934ms
[108.716s][info][gc,cpu         ] GC(205) User=0.01s Sys=0.00s Real=0.00s
[109.340s][info][gc,start       ] GC(206) Pause Young (Allocation Failure)
[109.377s][info][gc,heap        ] GC(206) PSYoungGen: 257628K(259072K)->2911K(259072K) Eden: 254462K(254464K)->0K(254464K) From: 3166K(4608K)->2911K(4608K)
[109.377s][info][gc,heap        ] GC(206) ParOldGen: 444305K(444416K)->444321K(444416K)
[109.377s][info][gc,metaspace   ] GC(206) Metaspace: 56121K(56448K)->56121K(56448K) NonClass: 50499K(50752K)->50499K(50752K) Class: 5622K(5696K)->5622K(5696K)
[109.377s][info][gc             ] GC(206) Pause Young (Allocation Failure) 685M->436M(687M) 36.663ms
[109.377s][info][gc,cpu         ] GC(206) User=0.02s Sys=0.01s Real=0.04s
[109.919s][info][gc,start       ] GC(207) Pause Young (Allocation Failure)
[109.926s][info][gc,heap        ] GC(207) PSYoungGen: 257375K(259072K)->3102K(309760K) Eden: 254464K(254464K)->0K(305152K) From: 2911K(4608K)->3102K(4608K)
[109.926s][info][gc,heap        ] GC(207) ParOldGen: 444321K(444416K)->444337K(444416K)
[109.926s][info][gc,metaspace   ] GC(207) Metaspace: 56121K(56448K)->56121K(56448K) NonClass: 50499K(50752K)->50499K(50752K) Class: 5622K(5696K)->5622K(5696K)
[109.926s][info][gc             ] GC(207) Pause Young (Allocation Failure) 685M->436M(736M) 6.636ms
[109.926s][info][gc,cpu         ] GC(207) User=0.01s Sys=0.00s Real=0.00s
[110.647s][info][gc,start       ] GC(208) Pause Young (Allocation Failure)
[110.651s][info][gc,heap        ] GC(208) PSYoungGen: 307948K(309760K)->1088K(310272K) Eden: 304845K(305152K)->0K(305152K) From: 3102K(4608K)->1088K(5120K)
[110.651s][info][gc,heap        ] GC(208) ParOldGen: 444337K(444416K)->444353K(444416K)
[110.651s][info][gc,metaspace   ] GC(208) Metaspace: 56121K(56448K)->56121K(56448K) NonClass: 50499K(50752K)->50499K(50752K) Class: 5622K(5696K)->5622K(5696K)
[110.651s][info][gc             ] GC(208) Pause Young (Allocation Failure) 734M->435M(737M) 3.518ms
[110.651s][info][gc,cpu         ] GC(208) User=0.00s Sys=0.00s Real=0.00s
[111.517s][info][gc,start       ] GC(209) Pause Young (Allocation Failure)
[111.523s][info][gc,heap        ] GC(209) PSYoungGen: 306149K(310272K)->2944K(328704K) Eden: 305061K(305152K)->0K(323584K) From: 1088K(5120K)->2944K(5120K)
[111.523s][info][gc,heap        ] GC(209) ParOldGen: 444353K(444416K)->444369K(444416K)
[111.523s][info][gc,metaspace   ] GC(209) Metaspace: 56121K(56448K)->56121K(56448K) NonClass: 50499K(50752K)->50499K(50752K) Class: 5622K(5696K)->5622K(5696K)
[111.523s][info][gc             ] GC(209) Pause Young (Allocation Failure) 732M->436M(755M) 6.287ms
[111.523s][info][gc,cpu         ] GC(209) User=0.01s Sys=0.00s Real=0.00s
[112.210s][info][gc,start       ] GC(210) Pause Young (Allocation Failure)
[112.217s][info][gc,heap        ] GC(210) PSYoungGen: 326528K(328704K)->2207K(326144K) Eden: 323584K(323584K)->0K(323584K) From: 2944K(5120K)->2207K(2560K)
[112.217s][info][gc,heap        ] GC(210) ParOldGen: 444369K(444416K)->444393K(444416K)
[112.217s][info][gc,metaspace   ] GC(210) Metaspace: 56121K(56448K)->56121K(56448K) NonClass: 50499K(50752K)->50499K(50752K) Class: 5622K(5696K)->5622K(5696K)
[112.217s][info][gc             ] GC(210) Pause Young (Allocation Failure) 752M->436M(752M) 7.427ms
[112.217s][info][gc,cpu         ] GC(210) User=0.01s Sys=0.00s Real=0.01s
[113.822s][info][gc,start       ] GC(211) Pause Young (Allocation Failure)
[113.824s][info][gc,heap        ] GC(211) PSYoungGen: 318723K(326144K)->64K(328192K) Eden: 316516K(323584K)->0K(323584K) From: 2207K(2560K)->64K(4608K)
[113.824s][info][gc,heap        ] GC(211) ParOldGen: 444393K(444416K)->444409K(444416K)
[113.824s][info][gc,metaspace   ] GC(211) Metaspace: 56130K(56448K)->56130K(56448K) NonClass: 50507K(50752K)->50507K(50752K) Class: 5623K(5696K)->5623K(5696K)
[113.824s][info][gc             ] GC(211) Pause Young (Allocation Failure) 745M->434M(754M) 2.172ms
[113.824s][info][gc,cpu         ] GC(211) User=0.01s Sys=0.00s Real=0.00s
[115.821s][info][gc,start       ] GC(212) Pause Young (Allocation Failure)
[115.883s][info][gc,heap        ] GC(212) PSYoungGen: 323569K(328192K)->4601K(328192K) Eden: 323505K(323584K)->0K(323584K) From: 64K(4608K)->4601K(4608K)
[115.883s][info][gc,heap        ] GC(212) ParOldGen: 444409K(444416K)->531721K(531968K)
[115.883s][info][gc,metaspace   ] GC(212) Metaspace: 56429K(56704K)->56429K(56704K) NonClass: 50806K(51008K)->50806K(51008K) Class: 5623K(5696K)->5623K(5696K)
[115.883s][info][gc             ] GC(212) Pause Young (Allocation Failure) 749M->523M(840M) 61.680ms
[115.883s][info][gc,cpu         ] GC(212) User=0.06s Sys=0.06s Real=0.06s
[116.606s][info][gc,start       ] GC(213) Pause Young (Allocation Failure)
[116.616s][info][gc,heap        ] GC(213) PSYoungGen: 328185K(328192K)->2687K(265728K) Eden: 323584K(323584K)->0K(260096K) From: 4601K(4608K)->2687K(5632K)
[116.616s][info][gc,heap        ] GC(213) ParOldGen: 531721K(531968K)->536315K(536576K)
[116.616s][info][gc,metaspace   ] GC(213) Metaspace: 56429K(56704K)->56429K(56704K) NonClass: 50806K(51008K)->50806K(51008K) Class: 5623K(5696K)->5623K(5696K)
[116.616s][info][gc             ] GC(213) Pause Young (Allocation Failure) 839M->526M(783M) 9.863ms
[116.616s][info][gc,cpu         ] GC(213) User=0.02s Sys=0.00s Real=0.01s
[117.210s][info][gc,start       ] GC(214) Pause Young (Allocation Failure)
[117.215s][info][gc,heap        ] GC(214) PSYoungGen: 262783K(265728K)->3199K(296960K) Eden: 260096K(260096K)->0K(260096K) From: 2687K(5632K)->3199K(36864K)
[117.215s][info][gc,heap        ] GC(214) ParOldGen: 536315K(536576K)->536363K(536576K)
[117.215s][info][gc,metaspace   ] GC(214) Metaspace: 56429K(56704K)->56429K(56704K) NonClass: 50806K(51008K)->50806K(51008K) Class: 5623K(5696K)->5623K(5696K)
[117.215s][info][gc             ] GC(214) Pause Young (Allocation Failure) 780M->526M(814M) 5.441ms
[117.215s][info][gc,cpu         ] GC(214) User=0.01s Sys=0.00s Real=0.00s
[117.817s][info][gc,start       ] GC(215) Pause Young (Allocation Failure)
[117.821s][info][gc,heap        ] GC(215) PSYoungGen: 263171K(296960K)->1696K(292352K) Eden: 259972K(260096K)->0K(261632K) From: 3199K(36864K)->1696K(30720K)
[117.821s][info][gc,heap        ] GC(215) ParOldGen: 536363K(536576K)->536379K(536576K)
[117.821s][info][gc,metaspace   ] GC(215) Metaspace: 56429K(56704K)->56429K(56704K) NonClass: 50806K(51008K)->50806K(51008K) Class: 5623K(5696K)->5623K(5696K)
[117.821s][info][gc             ] GC(215) Pause Young (Allocation Failure) 780M->525M(809M) 4.172ms
[117.821s][info][gc,cpu         ] GC(215) User=0.01s Sys=0.00s Real=0.00s
[118.487s][info][gc,start       ] GC(216) Pause Young (Allocation Failure)
[118.490s][info][gc,heap        ] GC(216) PSYoungGen: 263328K(292352K)->384K(251904K) Eden: 261632K(261632K)->0K(251392K) From: 1696K(30720K)->384K(512K)
[118.490s][info][gc,heap        ] GC(216) ParOldGen: 536379K(536576K)->536395K(536576K)
[118.490s][info][gc,metaspace   ] GC(216) Metaspace: 56429K(56704K)->56429K(56704K) NonClass: 50806K(51008K)->50806K(51008K) Class: 5623K(5696K)->5623K(5696K)
[118.490s][info][gc             ] GC(216) Pause Young (Allocation Failure) 780M->524M(770M) 3.154ms
[118.490s][info][gc,cpu         ] GC(216) User=0.01s Sys=0.00s Real=0.00s
[119.041s][info][gc,start       ] GC(217) Pause Young (Allocation Failure)
[119.043s][info][gc,heap        ] GC(217) PSYoungGen: 251776K(251904K)->64K(262656K) Eden: 251392K(251392K)->0K(241664K) From: 384K(512K)->64K(20992K)
[119.043s][info][gc,heap        ] GC(217) ParOldGen: 536395K(536576K)->536411K(536576K)
[119.043s][info][gc,metaspace   ] GC(217) Metaspace: 56429K(56704K)->56429K(56704K) NonClass: 50806K(51008K)->50806K(51008K) Class: 5623K(5696K)->5623K(5696K)
[119.043s][info][gc             ] GC(217) Pause Young (Allocation Failure) 769M->523M(780M) 2.869ms
[119.043s][info][gc,cpu         ] GC(217) User=0.00s Sys=0.00s Real=0.00s
[119.613s][info][gc,start       ] GC(218) Pause Young (Allocation Failure)
[119.619s][info][gc,heap        ] GC(218) PSYoungGen: 241728K(262656K)->2720K(235520K) Eden: 241664K(241664K)->0K(232448K) From: 64K(20992K)->2720K(3072K)
[119.619s][info][gc,heap        ] GC(218) ParOldGen: 536411K(536576K)->536427K(536576K)
[119.619s][info][gc,metaspace   ] GC(218) Metaspace: 56429K(56704K)->56429K(56704K) NonClass: 50806K(51008K)->50806K(51008K) Class: 5623K(5696K)->5623K(5696K)
[119.619s][info][gc             ] GC(218) Pause Young (Allocation Failure) 759M->526M(754M) 6.026ms
[119.619s][info][gc,cpu         ] GC(218) User=0.00s Sys=0.00s Real=0.01s
[120.196s][info][gc,start       ] GC(219) Pause Young (Allocation Failure)
[120.200s][info][gc,heap        ] GC(219) PSYoungGen: 235168K(235520K)->1950K(242176K) Eden: 232448K(232448K)->0K(223744K) From: 2720K(3072K)->1950K(18432K)
[120.200s][info][gc,heap        ] GC(219) ParOldGen: 536427K(536576K)->536443K(536576K)
[120.200s][info][gc,metaspace   ] GC(219) Metaspace: 56429K(56704K)->56429K(56704K) NonClass: 50806K(51008K)->50806K(51008K) Class: 5623K(5696K)->5623K(5696K)
[120.200s][info][gc             ] GC(219) Pause Young (Allocation Failure) 753M->525M(760M) 4.337ms
[120.200s][info][gc,cpu         ] GC(219) User=0.01s Sys=0.00s Real=0.01s
[120.703s][info][gc,start       ] GC(220) Pause Young (Allocation Failure)
[120.709s][info][gc,heap        ] GC(220) PSYoungGen: 225694K(242176K)->2720K(218624K) Eden: 223744K(223744K)->0K(215552K) From: 1950K(18432K)->2720K(3072K)
[120.709s][info][gc,heap        ] GC(220) ParOldGen: 536443K(536576K)->536459K(536576K)
[120.709s][info][gc,metaspace   ] GC(220) Metaspace: 56429K(56704K)->56429K(56704K) NonClass: 50806K(51008K)->50806K(51008K) Class: 5623K(5696K)->5623K(5696K)
[120.709s][info][gc             ] GC(220) Pause Young (Allocation Failure) 744M->526M(737M) 5.693ms
[120.709s][info][gc,cpu         ] GC(220) User=0.01s Sys=0.00s Real=0.01s
[121.206s][info][gc,start       ] GC(221) Pause Young (Allocation Failure)
[121.211s][info][gc,heap        ] GC(221) PSYoungGen: 218096K(218624K)->2080K(223232K) Eden: 215376K(215552K)->0K(207360K) From: 2720K(3072K)->2080K(15872K)
[121.211s][info][gc,heap        ] GC(221) ParOldGen: 536459K(536576K)->536475K(536576K)
[121.211s][info][gc,metaspace   ] GC(221) Metaspace: 56429K(56704K)->56429K(56704K) NonClass: 50806K(51008K)->50806K(51008K) Class: 5623K(5696K)->5623K(5696K)
[121.211s][info][gc             ] GC(221) Pause Young (Allocation Failure) 736M->525M(742M) 4.941ms
[121.211s][info][gc,cpu         ] GC(221) User=0.01s Sys=0.01s Real=0.01s
[121.702s][info][gc,start       ] GC(222) Pause Young (Allocation Failure)
[121.707s][info][gc,heap        ] GC(222) PSYoungGen: 209440K(223232K)->3137K(203264K) Eden: 207360K(207360K)->0K(199680K) From: 2080K(15872K)->3137K(3584K)
[121.707s][info][gc,heap        ] GC(222) ParOldGen: 536475K(536576K)->536491K(536576K)
[121.707s][info][gc,metaspace   ] GC(222) Metaspace: 56429K(56704K)->56429K(56704K) NonClass: 50806K(51008K)->50806K(51008K) Class: 5623K(5696K)->5623K(5696K)
[121.707s][info][gc             ] GC(222) Pause Young (Allocation Failure) 728M->526M(722M) 5.082ms
[121.707s][info][gc,cpu         ] GC(222) User=0.01s Sys=0.00s Real=0.01s
[122.194s][info][gc,start       ] GC(223) Pause Young (Allocation Failure)
[122.198s][info][gc,heap        ] GC(223) PSYoungGen: 202817K(203264K)->1376K(206336K) Eden: 199680K(199680K)->0K(192512K) From: 3137K(3584K)->1376K(13824K)
[122.199s][info][gc,heap        ] GC(223) ParOldGen: 536491K(536576K)->537788K(538112K)
[122.199s][info][gc,metaspace   ] GC(223) Metaspace: 56429K(56704K)->56429K(56704K) NonClass: 50806K(51008K)->50806K(51008K) Class: 5623K(5696K)->5623K(5696K)
[122.199s][info][gc             ] GC(223) Pause Young (Allocation Failure) 721M->526M(727M) 4.846ms
[122.199s][info][gc,cpu         ] GC(223) User=0.01s Sys=0.00s Real=0.01s
[122.782s][info][gc,start       ] GC(224) Pause Young (Allocation Failure)
[122.787s][info][gc,heap        ] GC(224) PSYoungGen: 193888K(206336K)->2111K(187904K) Eden: 192512K(192512K)->0K(185344K) From: 1376K(13824K)->2111K(2560K)
[122.787s][info][gc,heap        ] GC(224) ParOldGen: 537788K(538112K)->537804K(538112K)
[122.787s][info][gc,metaspace   ] GC(224) Metaspace: 56432K(56704K)->56432K(56704K) NonClass: 50809K(51008K)->50809K(51008K) Class: 5623K(5696K)->5623K(5696K)
[122.787s][info][gc             ] GC(224) Pause Young (Allocation Failure) 714M->527M(709M) 4.723ms
[122.787s][info][gc,cpu         ] GC(224) User=0.01s Sys=0.00s Real=0.01s
[123.197s][info][gc,start       ] GC(225) Pause Young (Allocation Failure)
[123.201s][info][gc,heap        ] GC(225) PSYoungGen: 187455K(187904K)->1407K(191488K) Eden: 185344K(185344K)->0K(178688K) From: 2111K(2560K)->1407K(12800K)
[123.201s][info][gc,heap        ] GC(225) ParOldGen: 537804K(538112K)->537820K(538112K)
[123.201s][info][gc,metaspace   ] GC(225) Metaspace: 56432K(56704K)->56432K(56704K) NonClass: 50809K(51008K)->50809K(51008K) Class: 5623K(5696K)->5623K(5696K)
[123.201s][info][gc             ] GC(225) Pause Young (Allocation Failure) 708M->526M(712M) 3.891ms
[123.201s][info][gc,cpu         ] GC(225) User=0.01s Sys=0.00s Real=0.00s
[123.608s][info][gc,start       ] GC(226) Pause Young (Allocation Failure)
[123.613s][info][gc,heap        ] GC(226) PSYoungGen: 180095K(191488K)->2304K(175104K) Eden: 178688K(178688K)->0K(172544K) From: 1407K(12800K)->2304K(2560K)
[123.613s][info][gc,heap        ] GC(226) ParOldGen: 537820K(538112K)->537836K(538112K)
[123.613s][info][gc,metaspace   ] GC(226) Metaspace: 56432K(56704K)->56432K(56704K) NonClass: 50809K(51008K)->50809K(51008K) Class: 5623K(5696K)->5623K(5696K)
[123.613s][info][gc             ] GC(226) Pause Young (Allocation Failure) 701M->527M(696M) 5.183ms
[123.613s][info][gc,cpu         ] GC(226) User=0.01s Sys=0.00s Real=0.00s
[124.012s][info][gc,start       ] GC(227) Pause Young (Allocation Failure)
[124.017s][info][gc,heap        ] GC(227) PSYoungGen: 174848K(175104K)->2687K(177152K) Eden: 172544K(172544K)->0K(166400K) From: 2304K(2560K)->2687K(10752K)
[124.017s][info][gc,heap        ] GC(227) ParOldGen: 537836K(538112K)->537852K(538112K)
[124.017s][info][gc,metaspace   ] GC(227) Metaspace: 56432K(56704K)->56432K(56704K) NonClass: 50809K(51008K)->50809K(51008K) Class: 5623K(5696K)->5623K(5696K)
[124.017s][info][gc             ] GC(227) Pause Young (Allocation Failure) 695M->527M(698M) 5.205ms
[124.017s][info][gc,cpu         ] GC(227) User=0.01s Sys=0.00s Real=0.01s
[124.404s][info][gc,start       ] GC(228) Pause Young (Allocation Failure)
[124.409s][info][gc,heap        ] GC(228) PSYoungGen: 169087K(177152K)->3102K(164352K) Eden: 166400K(166400K)->0K(160768K) From: 2687K(10752K)->3102K(3584K)
[124.409s][info][gc,heap        ] GC(228) ParOldGen: 537852K(538112K)->537868K(538112K)
[124.409s][info][gc,metaspace   ] GC(228) Metaspace: 56432K(56704K)->56432K(56704K) NonClass: 50809K(51008K)->50809K(51008K) Class: 5623K(5696K)->5623K(5696K)
[124.409s][info][gc             ] GC(228) Pause Young (Allocation Failure) 690M->528M(686M) 5.250ms
[124.409s][info][gc,cpu         ] GC(228) User=0.00s Sys=0.01s Real=0.01s
[124.798s][info][gc,start       ] GC(229) Pause Young (Allocation Failure)
[124.802s][info][gc,heap        ] GC(229) PSYoungGen: 163870K(164352K)->2047K(164864K) Eden: 160768K(160768K)->0K(155136K) From: 3102K(3584K)->2047K(9728K)
[124.802s][info][gc,heap        ] GC(229) ParOldGen: 537868K(538112K)->537884K(538112K)
[124.802s][info][gc,metaspace   ] GC(229) Metaspace: 56432K(56704K)->56432K(56704K) NonClass: 50809K(51008K)->50809K(51008K) Class: 5623K(5696K)->5623K(5696K)
[124.802s][info][gc             ] GC(229) Pause Young (Allocation Failure) 685M->527M(686M) 4.313ms
[124.802s][info][gc,cpu         ] GC(229) User=0.01s Sys=0.00s Real=0.00s
[125.186s][info][gc,start       ] GC(230) Pause Young (Allocation Failure)
[125.189s][info][gc,heap        ] GC(230) PSYoungGen: 157183K(164864K)->288K(150528K) Eden: 155136K(155136K)->0K(150016K) From: 2047K(9728K)->288K(512K)
[125.189s][info][gc,heap        ] GC(230) ParOldGen: 537884K(538112K)->537900K(538112K)
[125.189s][info][gc,metaspace   ] GC(230) Metaspace: 56432K(56704K)->56432K(56704K) NonClass: 50809K(51008K)->50809K(51008K) Class: 5623K(5696K)->5623K(5696K)
[125.189s][info][gc             ] GC(230) Pause Young (Allocation Failure) 678M->525M(672M) 2.724ms
[125.189s][info][gc,cpu         ] GC(230) User=0.00s Sys=0.00s Real=0.01s
[125.514s][info][gc,start       ] GC(231) Pause Young (Allocation Failure)
[125.520s][info][gc,heap        ] GC(231) PSYoungGen: 150199K(150528K)->3264K(165888K) Eden: 149911K(150016K)->0K(151040K) From: 288K(512K)->3264K(14848K)
[125.521s][info][gc,heap        ] GC(231) ParOldGen: 537900K(538112K)->537916K(538112K)
[125.521s][info][gc,metaspace   ] GC(231) Metaspace: 56432K(56704K)->56432K(56704K) NonClass: 50809K(51008K)->50809K(51008K) Class: 5623K(5696K)->5623K(5696K)
[125.521s][info][gc             ] GC(231) Pause Young (Allocation Failure) 671M->528M(687M) 6.137ms
[125.521s][info][gc,cpu         ] GC(231) User=0.01s Sys=0.00s Real=0.01s
[125.894s][info][gc,start       ] GC(232) Pause Young (Allocation Failure)
[125.897s][info][gc,heap        ] GC(232) PSYoungGen: 154304K(165888K)->1088K(164864K) Eden: 151040K(151040K)->0K(151040K) From: 3264K(14848K)->1088K(13824K)
[125.897s][info][gc,heap        ] GC(232) ParOldGen: 537916K(538112K)->537932K(538112K)
[125.897s][info][gc,metaspace   ] GC(232) Metaspace: 56432K(56704K)->56432K(56704K) NonClass: 50809K(51008K)->50809K(51008K) Class: 5623K(5696K)->5623K(5696K)
[125.897s][info][gc             ] GC(232) Pause Young (Allocation Failure) 675M->526M(686M) 3.023ms
[125.897s][info][gc,cpu         ] GC(232) User=0.00s Sys=0.00s Real=0.01s
[126.219s][info][gc,start       ] GC(233) Pause Young (Allocation Failure)
[126.225s][info][gc,heap        ] GC(233) PSYoungGen: 151980K(164864K)->2176K(192512K) Eden: 150892K(151040K)->0K(181248K) From: 1088K(13824K)->2176K(11264K)
[126.225s][info][gc,heap        ] GC(233) ParOldGen: 537932K(538112K)->537948K(538112K)
[126.225s][info][gc,metaspace   ] GC(233) Metaspace: 56432K(56704K)->56432K(56704K) NonClass: 50809K(51008K)->50809K(51008K) Class: 5623K(5696K)->5623K(5696K)
[126.225s][info][gc             ] GC(233) Pause Young (Allocation Failure) 673M->527M(713M) 5.284ms
[126.225s][info][gc,cpu         ] GC(233) User=0.01s Sys=0.00s Real=0.00s
[126.686s][info][gc,start       ] GC(234) Pause Young (Allocation Failure)
[126.688s][info][gc,heap        ] GC(234) PSYoungGen: 183424K(192512K)->384K(175616K) Eden: 181248K(181248K)->0K(175104K) From: 2176K(11264K)->384K(512K)
[126.688s][info][gc,heap        ] GC(234) ParOldGen: 537948K(538112K)->537964K(538112K)
[126.688s][info][gc,metaspace   ] GC(234) Metaspace: 56436K(56704K)->56436K(56704K) NonClass: 50813K(51008K)->50813K(51008K) Class: 5623K(5696K)->5623K(5696K)
[126.689s][info][gc             ] GC(234) Pause Young (Allocation Failure) 704M->525M(697M) 2.503ms
[126.689s][info][gc,cpu         ] GC(234) User=0.00s Sys=0.00s Real=0.01s
[127.095s][info][gc,start       ] GC(235) Pause Young (Allocation Failure)
[127.099s][info][gc,heap        ] GC(235) PSYoungGen: 175488K(175616K)->992K(173568K) Eden: 175104K(175104K)->0K(168960K) From: 384K(512K)->992K(4608K)
[127.099s][info][gc,heap        ] GC(235) ParOldGen: 537964K(538112K)->537980K(538112K)
[127.099s][info][gc,metaspace   ] GC(235) Metaspace: 56441K(56704K)->56441K(56704K) NonClass: 50818K(51008K)->50818K(51008K) Class: 5623K(5696K)->5623K(5696K)
[127.099s][info][gc             ] GC(235) Pause Young (Allocation Failure) 696M->526M(695M) 3.434ms
[127.099s][info][gc,cpu         ] GC(235) User=0.00s Sys=0.00s Real=0.01s
[127.497s][info][gc,start       ] GC(236) Pause Young (Allocation Failure)
[127.500s][info][gc,heap        ] GC(236) PSYoungGen: 169952K(173568K)->1183K(164864K) Eden: 168960K(168960K)->0K(163328K) From: 992K(4608K)->1183K(1536K)
[127.500s][info][gc,heap        ] GC(236) ParOldGen: 537980K(538112K)->537996K(538112K)
[127.500s][info][gc,metaspace   ] GC(236) Metaspace: 56441K(56704K)->56441K(56704K) NonClass: 50818K(51008K)->50818K(51008K) Class: 5623K(5696K)->5623K(5696K)
[127.500s][info][gc             ] GC(236) Pause Young (Allocation Failure) 691M->526M(686M) 2.981ms
[127.500s][info][gc,cpu         ] GC(236) User=0.00s Sys=0.00s Real=0.00s
[127.891s][info][gc,start       ] GC(237) Pause Young (Allocation Failure)
[127.894s][info][gc,heap        ] GC(237) PSYoungGen: 164511K(164864K)->1306K(159232K) Eden: 163328K(163328K)->0K(157696K) From: 1183K(1536K)->1306K(1536K)
[127.894s][info][gc,heap        ] GC(237) ParOldGen: 537996K(538112K)->538012K(538112K)
[127.894s][info][gc,metaspace   ] GC(237) Metaspace: 56441K(56704K)->56441K(56704K) NonClass: 50818K(51008K)->50818K(51008K) Class: 5623K(5696K)->5623K(5696K)
[127.894s][info][gc             ] GC(237) Pause Young (Allocation Failure) 686M->526M(681M) 3.374ms
[127.894s][info][gc,cpu         ] GC(237) User=0.01s Sys=0.00s Real=0.00s
[128.247s][info][gc,start       ] GC(238) Pause Young (Allocation Failure)
[128.249s][info][gc,heap        ] GC(238) PSYoungGen: 159002K(159232K)->576K(153600K) Eden: 157695K(157696K)->0K(152576K) From: 1306K(1536K)->576K(1024K)
[128.249s][info][gc,heap        ] GC(238) ParOldGen: 538012K(538112K)->538028K(538112K)
[128.249s][info][gc,metaspace   ] GC(238) Metaspace: 56441K(56704K)->56441K(56704K) NonClass: 50818K(51008K)->50818K(51008K) Class: 5623K(5696K)->5623K(5696K)
[128.249s][info][gc             ] GC(238) Pause Young (Allocation Failure) 680M->525M(675M) 2.823ms
[128.249s][info][gc,cpu         ] GC(238) User=0.01s Sys=0.00s Real=0.00s
[128.610s][info][gc,start       ] GC(239) Pause Young (Allocation Failure)
[128.616s][info][gc,heap        ] GC(239) PSYoungGen: 153152K(153600K)->3072K(150528K) Eden: 152576K(152576K)->0K(147456K) From: 576K(1024K)->3072K(3072K)
[128.616s][info][gc,heap        ] GC(239) ParOldGen: 538028K(538112K)->538044K(538112K)
[128.616s][info][gc,metaspace   ] GC(239) Metaspace: 56441K(56704K)->56441K(56704K) NonClass: 50818K(51008K)->50818K(51008K) Class: 5623K(5696K)->5623K(5696K)
[128.616s][info][gc             ] GC(239) Pause Young (Allocation Failure) 674M->528M(672M) 6.224ms
[128.616s][info][gc,cpu         ] GC(239) User=0.02s Sys=0.00s Real=0.00s
[128.991s][info][gc,start       ] GC(240) Pause Young (Allocation Failure)
[128.994s][info][gc,heap        ] GC(240) PSYoungGen: 150528K(150528K)->864K(143872K) Eden: 147456K(147456K)->0K(142848K) From: 3072K(3072K)->864K(1024K)
[128.994s][info][gc,heap        ] GC(240) ParOldGen: 538044K(538112K)->538060K(538112K)
[128.994s][info][gc,metaspace   ] GC(240) Metaspace: 56441K(56704K)->56441K(56704K) NonClass: 50818K(51008K)->50818K(51008K) Class: 5623K(5696K)->5623K(5696K)
[128.994s][info][gc             ] GC(240) Pause Young (Allocation Failure) 672M->526M(666M) 3.182ms
[128.994s][info][gc,cpu         ] GC(240) User=0.01s Sys=0.00s Real=0.00s
[129.308s][info][gc,start       ] GC(241) Pause Young (Allocation Failure)
[129.313s][info][gc,heap        ] GC(241) PSYoungGen: 143452K(143872K)->2624K(159744K) Eden: 142588K(142848K)->0K(151040K) From: 864K(1024K)->2624K(8704K)
[129.313s][info][gc,heap        ] GC(241) ParOldGen: 538060K(538112K)->538076K(538112K)
[129.313s][info][gc,metaspace   ] GC(241) Metaspace: 56441K(56704K)->56441K(56704K) NonClass: 50818K(51008K)->50818K(51008K) Class: 5623K(5696K)->5623K(5696K)
[129.313s][info][gc             ] GC(241) Pause Young (Allocation Failure) 665M->528M(681M) 4.678ms
[129.313s][info][gc,cpu         ] GC(241) User=0.00s Sys=0.00s Real=0.00s
[129.689s][info][gc,start       ] GC(242) Pause Young (Allocation Failure)
[129.693s][info][gc,heap        ] GC(242) PSYoungGen: 153664K(159744K)->840K(146944K) Eden: 151040K(151040K)->0K(145920K) From: 2624K(8704K)->840K(1024K)
[129.693s][info][gc,heap        ] GC(242) ParOldGen: 538076K(538112K)->538412K(538624K)
[129.693s][info][gc,metaspace   ] GC(242) Metaspace: 56441K(56704K)->56441K(56704K) NonClass: 50818K(51008K)->50818K(51008K) Class: 5623K(5696K)->5623K(5696K)
[129.693s][info][gc             ] GC(242) Pause Young (Allocation Failure) 675M->526M(669M) 3.420ms
[129.693s][info][gc,cpu         ] GC(242) User=0.01s Sys=0.00s Real=0.00s
[130.011s][info][gc,start       ] GC(243) Pause Young (Allocation Failure)
[130.015s][info][gc,heap        ] GC(243) PSYoungGen: 146760K(146944K)->2464K(154624K) Eden: 145920K(145920K)->0K(146432K) From: 840K(1024K)->2464K(8192K)
[130.015s][info][gc,heap        ] GC(243) ParOldGen: 538412K(538624K)->538428K(538624K)
[130.015s][info][gc,metaspace   ] GC(243) Metaspace: 56441K(56704K)->56441K(56704K) NonClass: 50818K(51008K)->50818K(51008K) Class: 5623K(5696K)->5623K(5696K)
[130.015s][info][gc             ] GC(243) Pause Young (Allocation Failure) 669M->528M(677M) 4.878ms
[130.015s][info][gc,cpu         ] GC(243) User=0.01s Sys=0.01s Real=0.00s
[130.401s][info][gc,start       ] GC(244) Pause Young (Allocation Failure)
[130.404s][info][gc,heap        ] GC(244) PSYoungGen: 148896K(154624K)->288K(142336K) Eden: 146432K(146432K)->0K(141824K) From: 2464K(8192K)->288K(512K)
[130.404s][info][gc,heap        ] GC(244) ParOldGen: 538428K(538624K)->538444K(538624K)
[130.404s][info][gc,metaspace   ] GC(244) Metaspace: 56441K(56704K)->56441K(56704K) NonClass: 50818K(51008K)->50818K(51008K) Class: 5623K(5696K)->5623K(5696K)
[130.404s][info][gc             ] GC(244) Pause Young (Allocation Failure) 671M->526M(665M) 2.713ms
[130.404s][info][gc,cpu         ] GC(244) User=0.01s Sys=0.00s Real=0.00s
[130.698s][info][gc,start       ] GC(245) Pause Young (Allocation Failure)
[130.702s][info][gc,heap        ] GC(245) PSYoungGen: 142112K(142336K)->2175K(148992K) Eden: 141824K(141824K)->0K(141824K) From: 288K(512K)->2175K(7168K)
[130.702s][info][gc,heap        ] GC(245) ParOldGen: 538444K(538624K)->538460K(538624K)
[130.702s][info][gc,metaspace   ] GC(245) Metaspace: 56441K(56704K)->56441K(56704K) NonClass: 50818K(51008K)->50818K(51008K) Class: 5623K(5696K)->5623K(5696K)
[130.702s][info][gc             ] GC(245) Pause Young (Allocation Failure) 664M->527M(671M) 4.086ms
[130.702s][info][gc,cpu         ] GC(245) User=0.01s Sys=0.00s Real=0.00s
[131.016s][info][gc,start       ] GC(246) Pause Young (Allocation Failure)
[131.021s][info][gc,heap        ] GC(246) PSYoungGen: 143999K(148992K)->3583K(148992K) Eden: 141824K(141824K)->0K(141824K) From: 2175K(7168K)->3583K(7168K)
[131.021s][info][gc,heap        ] GC(246) ParOldGen: 538460K(538624K)->538476K(538624K)
[131.021s][info][gc,metaspace   ] GC(246) Metaspace: 56441K(56704K)->56441K(56704K) NonClass: 50818K(51008K)->50818K(51008K) Class: 5623K(5696K)->5623K(5696K)
[131.021s][info][gc             ] GC(246) Pause Young (Allocation Failure) 666M->529M(671M) 5.599ms
[131.021s][info][gc,cpu         ] GC(246) User=0.01s Sys=0.00s Real=0.01s
[131.387s][info][gc,start       ] GC(247) Pause Young (Allocation Failure)
[131.390s][info][gc,heap        ] GC(247) PSYoungGen: 145407K(148992K)->487K(176640K) Eden: 141824K(141824K)->0K(170496K) From: 3583K(7168K)->487K(6144K)
[131.390s][info][gc,heap        ] GC(247) ParOldGen: 538476K(538624K)->538492K(538624K)
[131.390s][info][gc,metaspace   ] GC(247) Metaspace: 56441K(56704K)->56441K(56704K) NonClass: 50818K(51008K)->50818K(51008K) Class: 5623K(5696K)->5623K(5696K)
[131.390s][info][gc             ] GC(247) Pause Young (Allocation Failure) 667M->526M(698M) 2.533ms
[131.390s][info][gc,cpu         ] GC(247) User=0.00s Sys=0.00s Real=0.00s
[131.790s][info][gc,start       ] GC(248) Pause Young (Allocation Failure)
[131.792s][info][gc,heap        ] GC(248) PSYoungGen: 170983K(176640K)->704K(165376K) Eden: 170496K(170496K)->0K(164352K) From: 487K(6144K)->704K(1024K)
[131.792s][info][gc,heap        ] GC(248) ParOldGen: 538492K(538624K)->538508K(538624K)
[131.792s][info][gc,metaspace   ] GC(248) Metaspace: 56441K(56704K)->56441K(56704K) NonClass: 50818K(51008K)->50818K(51008K) Class: 5623K(5696K)->5623K(5696K)
[131.792s][info][gc             ] GC(248) Pause Young (Allocation Failure) 692M->526M(687M) 2.786ms
[131.792s][info][gc,cpu         ] GC(248) User=0.00s Sys=0.01s Real=0.00s
[132.188s][info][gc,start       ] GC(249) Pause Young (Allocation Failure)
[132.191s][info][gc,heap        ] GC(249) PSYoungGen: 165056K(165376K)->608K(159744K) Eden: 164352K(164352K)->0K(158720K) From: 704K(1024K)->608K(1024K)
[132.191s][info][gc,heap        ] GC(249) ParOldGen: 538508K(538624K)->538524K(538624K)
[132.191s][info][gc,metaspace   ] GC(249) Metaspace: 56441K(56704K)->56441K(56704K) NonClass: 50818K(51008K)->50818K(51008K) Class: 5623K(5696K)->5623K(5696K)
[132.191s][info][gc             ] GC(249) Pause Young (Allocation Failure) 687M->526M(682M) 2.820ms
[132.191s][info][gc,cpu         ] GC(249) User=0.00s Sys=0.01s Real=0.00s
[132.525s][info][gc,start       ] GC(250) Pause Young (Allocation Failure)
[132.528s][info][gc,heap        ] GC(250) PSYoungGen: 159328K(159744K)->1407K(155136K) Eden: 158720K(158720K)->0K(153600K) From: 608K(1024K)->1407K(1536K)
[132.528s][info][gc,heap        ] GC(250) ParOldGen: 538524K(538624K)->538540K(538624K)
[132.528s][info][gc,metaspace   ] GC(250) Metaspace: 56441K(56704K)->56441K(56704K) NonClass: 50818K(51008K)->50818K(51008K) Class: 5623K(5696K)->5623K(5696K)
[132.528s][info][gc             ] GC(250) Pause Young (Allocation Failure) 681M->527M(677M) 3.168ms
[132.528s][info][gc,cpu         ] GC(250) User=0.01s Sys=0.00s Real=0.01s
[132.904s][info][gc,start       ] GC(251) Pause Young (Allocation Failure)
[132.909s][info][gc,heap        ] GC(251) PSYoungGen: 155007K(155136K)->2847K(151552K) Eden: 153600K(153600K)->0K(148480K) From: 1407K(1536K)->2847K(3072K)
[132.909s][info][gc,heap        ] GC(251) ParOldGen: 538540K(538624K)->538556K(538624K)
[132.909s][info][gc,metaspace   ] GC(251) Metaspace: 56441K(56704K)->56441K(56704K) NonClass: 50818K(51008K)->50818K(51008K) Class: 5623K(5696K)->5623K(5696K)
[132.909s][info][gc             ] GC(251) Pause Young (Allocation Failure) 677M->528M(674M) 4.973ms
[132.909s][info][gc,cpu         ] GC(251) User=0.01s Sys=0.00s Real=0.01s
[133.345s][info][gc,start       ] GC(252) Pause Young (Allocation Failure)
[133.348s][info][gc,heap        ] GC(252) PSYoungGen: 151327K(151552K)->553K(144384K) Eden: 148480K(148480K)->0K(143360K) From: 2847K(3072K)->553K(1024K)
[133.348s][info][gc,heap        ] GC(252) ParOldGen: 538556K(538624K)->538572K(538624K)
[133.348s][info][gc,metaspace   ] GC(252) Metaspace: 56441K(56704K)->56441K(56704K) NonClass: 50818K(51008K)->50818K(51008K) Class: 5623K(5696K)->5623K(5696K)
[133.348s][info][gc             ] GC(252) Pause Young (Allocation Failure) 673M->526M(667M) 2.686ms
[133.348s][info][gc,cpu         ] GC(252) User=0.00s Sys=0.00s Real=0.01s
[133.602s][info][gc,start       ] GC(253) Pause Young (Allocation Failure)
[133.606s][info][gc,heap        ] GC(253) PSYoungGen: 143913K(144384K)->2495K(160768K) Eden: 143360K(143360K)->0K(155136K) From: 553K(1024K)->2495K(5632K)
[133.606s][info][gc,heap        ] GC(253) ParOldGen: 538572K(538624K)->538588K(538624K)
[133.606s][info][gc,metaspace   ] GC(253) Metaspace: 56441K(56704K)->56441K(56704K) NonClass: 50818K(51008K)->50818K(51008K) Class: 5623K(5696K)->5623K(5696K)
[133.606s][info][gc             ] GC(253) Pause Young (Allocation Failure) 666M->528M(683M) 4.526ms
[133.607s][info][gc,cpu         ] GC(253) User=0.01s Sys=0.00s Real=0.01s
[133.993s][info][gc,start       ] GC(254) Pause Young (Allocation Failure)
[133.997s][info][gc,heap        ] GC(254) PSYoungGen: 157631K(160768K)->1225K(151552K) Eden: 155136K(155136K)->0K(150016K) From: 2495K(5632K)->1225K(1536K)
[133.997s][info][gc,heap        ] GC(254) ParOldGen: 538588K(538624K)->538604K(538624K)
[133.997s][info][gc,metaspace   ] GC(254) Metaspace: 56441K(56704K)->56441K(56704K) NonClass: 50818K(51008K)->50818K(51008K) Class: 5623K(5696K)->5623K(5696K)
[133.997s][info][gc             ] GC(254) Pause Young (Allocation Failure) 679M->527M(674M) 3.496ms
[133.997s][info][gc,cpu         ] GC(254) User=0.00s Sys=0.00s Real=0.01s
[134.320s][info][gc,start       ] GC(255) Pause Young (Allocation Failure)
[134.325s][info][gc,heap        ] GC(255) PSYoungGen: 151008K(151552K)->2528K(155648K) Eden: 149782K(150016K)->0K(151040K) From: 1225K(1536K)->2528K(4608K)
[134.325s][info][gc,heap        ] GC(255) ParOldGen: 538604K(538624K)->538620K(538624K)
[134.325s][info][gc,metaspace   ] GC(255) Metaspace: 56441K(56704K)->56441K(56704K) NonClass: 50818K(51008K)->50818K(51008K) Class: 5623K(5696K)->5623K(5696K)
[134.325s][info][gc             ] GC(255) Pause Young (Allocation Failure) 673M->528M(678M) 4.982ms
[134.325s][info][gc,cpu         ] GC(255) User=0.01s Sys=0.00s Real=0.00s
[134.699s][info][gc,start       ] GC(256) Pause Young (Allocation Failure)
[134.703s][info][gc,heap        ] GC(256) PSYoungGen: 153568K(155648K)->2271K(156672K) Eden: 151040K(151040K)->0K(151040K) From: 2528K(4608K)->2271K(5632K)
[134.703s][info][gc,heap        ] GC(256) ParOldGen: 538620K(538624K)->538636K(539136K)
[134.703s][info][gc,metaspace   ] GC(256) Metaspace: 56441K(56704K)->56441K(56704K) NonClass: 50818K(51008K)->50818K(51008K) Class: 5623K(5696K)->5623K(5696K)
[134.703s][info][gc             ] GC(256) Pause Young (Allocation Failure) 675M->528M(679M) 4.219ms
[134.704s][info][gc,cpu         ] GC(256) User=0.00s Sys=0.00s Real=0.00s
[135.024s][info][gc,start       ] GC(257) Pause Young (Allocation Failure)
[135.028s][info][gc,heap        ] GC(257) PSYoungGen: 153311K(156672K)->1823K(186368K) Eden: 151040K(151040K)->0K(181248K) From: 2271K(5632K)->1823K(5120K)
[135.028s][info][gc,heap        ] GC(257) ParOldGen: 538636K(539136K)->538652K(539136K)
[135.028s][info][gc,metaspace   ] GC(257) Metaspace: 56441K(56704K)->56441K(56704K) NonClass: 50818K(51008K)->50818K(51008K) Class: 5623K(5696K)->5623K(5696K)
[135.028s][info][gc             ] GC(257) Pause Young (Allocation Failure) 675M->527M(708M) 4.259ms
[135.028s][info][gc,cpu         ] GC(257) User=0.01s Sys=0.00s Real=0.01s
[135.561s][info][gc,start       ] GC(258) Pause Young (Allocation Failure)
[135.564s][info][gc,heap        ] GC(258) PSYoungGen: 183071K(186368K)->849K(176128K) Eden: 181248K(181248K)->0K(175104K) From: 1823K(5120K)->849K(1024K)
[135.564s][info][gc,heap        ] GC(258) ParOldGen: 538652K(539136K)->538668K(539136K)
[135.564s][info][gc,metaspace   ] GC(258) Metaspace: 56441K(56704K)->56441K(56704K) NonClass: 50818K(51008K)->50818K(51008K) Class: 5623K(5696K)->5623K(5696K)
[135.564s][info][gc             ] GC(258) Pause Young (Allocation Failure) 704M->526M(698M) 2.734ms
[135.564s][info][gc,cpu         ] GC(258) User=0.00s Sys=0.00s Real=0.00s
[135.900s][info][gc,start       ] GC(259) Pause Young (Allocation Failure)
[135.905s][info][gc,heap        ] GC(259) PSYoungGen: 175953K(176128K)->2590K(182272K) Eden: 175104K(175104K)->0K(177664K) From: 849K(1024K)->2590K(4608K)
[135.905s][info][gc,heap        ] GC(259) ParOldGen: 538668K(539136K)->538684K(539136K)
[135.905s][info][gc,metaspace   ] GC(259) Metaspace: 56441K(56704K)->56441K(56704K) NonClass: 50818K(51008K)->50818K(51008K) Class: 5623K(5696K)->5623K(5696K)
[135.906s][info][gc             ] GC(259) Pause Young (Allocation Failure) 697M->528M(704M) 5.416ms
[135.906s][info][gc,cpu         ] GC(259) User=0.01s Sys=0.00s Real=0.00s
[136.310s][info][gc,start       ] GC(260) Pause Young (Allocation Failure)
[136.316s][info][gc,heap        ] GC(260) PSYoungGen: 180254K(182272K)->3710K(182272K) Eden: 177664K(177664K)->0K(177664K) From: 2590K(4608K)->3710K(4608K)
[136.316s][info][gc,heap        ] GC(260) ParOldGen: 538684K(539136K)->538700K(539136K)
[136.316s][info][gc,metaspace   ] GC(260) Metaspace: 56441K(56704K)->56441K(56704K) NonClass: 50818K(51008K)->50818K(51008K) Class: 5623K(5696K)->5623K(5696K)
[136.316s][info][gc             ] GC(260) Pause Young (Allocation Failure) 702M->529M(704M) 5.906ms
[136.316s][info][gc,cpu         ] GC(260) User=0.01s Sys=0.00s Real=0.00s
[136.787s][info][gc,start       ] GC(261) Pause Young (Allocation Failure)
[136.790s][info][gc,heap        ] GC(261) PSYoungGen: 181374K(182272K)->448K(218624K) Eden: 177664K(177664K)->0K(213504K) From: 3710K(4608K)->448K(5120K)
[136.790s][info][gc,heap        ] GC(261) ParOldGen: 538700K(539136K)->538716K(539136K)
[136.790s][info][gc,metaspace   ] GC(261) Metaspace: 56441K(56704K)->56441K(56704K) NonClass: 50818K(51008K)->50818K(51008K) Class: 5623K(5696K)->5623K(5696K)
[136.790s][info][gc             ] GC(261) Pause Young (Allocation Failure) 703M->526M(740M) 2.576ms
[136.790s][info][gc,cpu         ] GC(261) User=0.00s Sys=0.00s Real=0.00s
[137.288s][info][gc,start       ] GC(262) Pause Young (Allocation Failure)
[137.291s][info][gc,heap        ] GC(262) PSYoungGen: 213952K(218624K)->457K(206336K) Eden: 213504K(213504K)->0K(205824K) From: 448K(5120K)->457K(512K)
[137.291s][info][gc,heap        ] GC(262) ParOldGen: 538716K(539136K)->538732K(539136K)
[137.291s][info][gc,metaspace   ] GC(262) Metaspace: 56441K(56704K)->56441K(56704K) NonClass: 50818K(51008K)->50818K(51008K) Class: 5623K(5696K)->5623K(5696K)
[137.291s][info][gc             ] GC(262) Pause Young (Allocation Failure) 735M->526M(728M) 2.634ms
[137.291s][info][gc,cpu         ] GC(262) User=0.00s Sys=0.00s Real=0.00s
[137.787s][info][gc,start       ] GC(263) Pause Young (Allocation Failure)
[137.789s][info][gc,heap        ] GC(263) PSYoungGen: 206281K(206336K)->388K(198656K) Eden: 205824K(205824K)->0K(198144K) From: 457K(512K)->388K(512K)
[137.789s][info][gc,heap        ] GC(263) ParOldGen: 538732K(539136K)->538748K(539136K)
[137.789s][info][gc,metaspace   ] GC(263) Metaspace: 56441K(56704K)->56441K(56704K) NonClass: 50818K(51008K)->50818K(51008K) Class: 5623K(5696K)->5623K(5696K)
[137.789s][info][gc             ] GC(263) Pause Young (Allocation Failure) 727M->526M(720M) 2.562ms
[137.790s][info][gc,cpu         ] GC(263) User=0.01s Sys=0.00s Real=0.00s
[138.217s][info][gc,start       ] GC(264) Pause Young (Allocation Failure)
[138.221s][info][gc,heap        ] GC(264) PSYoungGen: 198532K(198656K)->2527K(196096K) Eden: 198144K(198144K)->0K(190976K) From: 388K(512K)->2527K(5120K)
[138.221s][info][gc,heap        ] GC(264) ParOldGen: 538748K(539136K)->538764K(539136K)
[138.221s][info][gc,metaspace   ] GC(264) Metaspace: 56441K(56704K)->56441K(56704K) NonClass: 50818K(51008K)->50818K(51008K) Class: 5623K(5696K)->5623K(5696K)
[138.221s][info][gc             ] GC(264) Pause Young (Allocation Failure) 720M->528M(718M) 4.504ms
[138.221s][info][gc,cpu         ] GC(264) User=0.01s Sys=0.00s Real=0.00s
[138.900s][info][gc,start       ] GC(265) Pause Young (Allocation Failure)
[138.903s][info][gc,heap        ] GC(265) PSYoungGen: 193503K(196096K)->1344K(185856K) Eden: 190976K(190976K)->0K(184320K) From: 2527K(5120K)->1344K(1536K)
[138.903s][info][gc,heap        ] GC(265) ParOldGen: 538764K(539136K)->538780K(539136K)
[138.903s][info][gc,metaspace   ] GC(265) Metaspace: 56441K(56704K)->56441K(56704K) NonClass: 50818K(51008K)->50818K(51008K) Class: 5623K(5696K)->5623K(5696K)
[138.903s][info][gc             ] GC(265) Pause Young (Allocation Failure) 715M->527M(708M) 3.720ms
[138.903s][info][gc,cpu         ] GC(265) User=0.01s Sys=0.00s Real=0.00s
[139.222s][info][gc,start       ] GC(266) Pause Young (Allocation Failure)
[139.226s][info][gc,heap        ] GC(266) PSYoungGen: 185368K(185856K)->1856K(179712K) Eden: 184024K(184320K)->0K(177664K) From: 1344K(1536K)->1856K(2048K)
[139.226s][info][gc,heap        ] GC(266) ParOldGen: 538780K(539136K)->538796K(539136K)
[139.226s][info][gc,metaspace   ] GC(266) Metaspace: 56442K(56704K)->56442K(56704K) NonClass: 50819K(51008K)->50819K(51008K) Class: 5623K(5696K)->5623K(5696K)
[139.226s][info][gc             ] GC(266) Pause Young (Allocation Failure) 707M->527M(702M) 4.190ms
[139.227s][info][gc,cpu         ] GC(266) User=0.01s Sys=0.00s Real=0.01s
[139.687s][info][gc,start       ] GC(267) Pause Young (Allocation Failure)
[139.690s][info][gc,heap        ] GC(267) PSYoungGen: 179278K(179712K)->384K(172032K) Eden: 177422K(177664K)->0K(171520K) From: 1856K(2048K)->384K(512K)
[139.690s][info][gc,heap        ] GC(267) ParOldGen: 538796K(539136K)->538812K(539136K)
[139.690s][info][gc,metaspace   ] GC(267) Metaspace: 56442K(56704K)->56442K(56704K) NonClass: 50819K(51008K)->50819K(51008K) Class: 5623K(5696K)->5623K(5696K)
[139.690s][info][gc             ] GC(267) Pause Young (Allocation Failure) 701M->526M(694M) 2.637ms
[139.690s][info][gc,cpu         ] GC(267) User=0.00s Sys=0.00s Real=0.00s
[140.091s][info][gc,start       ] GC(268) Pause Young (Allocation Failure)
[140.093s][info][gc,heap        ] GC(268) PSYoungGen: 171904K(172032K)->1056K(169984K) Eden: 171520K(171520K)->0K(165376K) From: 384K(512K)->1056K(4608K)
[140.094s][info][gc,heap        ] GC(268) ParOldGen: 538812K(539136K)->538828K(539136K)
[140.094s][info][gc,metaspace   ] GC(268) Metaspace: 56442K(56704K)->56442K(56704K) NonClass: 50819K(51008K)->50819K(51008K) Class: 5623K(5696K)->5623K(5696K)
[140.094s][info][gc             ] GC(268) Pause Young (Allocation Failure) 694M->527M(692M) 3.028ms
[140.094s][info][gc,cpu         ] GC(268) User=0.01s Sys=0.00s Real=0.00s
[140.489s][info][gc,start       ] GC(269) Pause Young (Allocation Failure)
[140.493s][info][gc,heap        ] GC(269) PSYoungGen: 166432K(169984K)->864K(160768K) Eden: 165376K(165376K)->0K(159744K) From: 1056K(4608K)->864K(1024K)
[140.493s][info][gc,heap        ] GC(269) ParOldGen: 538828K(539136K)->538844K(539136K)
[140.493s][info][gc,metaspace   ] GC(269) Metaspace: 56442K(56704K)->56442K(56704K) NonClass: 50819K(51008K)->50819K(51008K) Class: 5623K(5696K)->5623K(5696K)
[140.493s][info][gc             ] GC(269) Pause Young (Allocation Failure) 688M->527M(683M) 3.178ms
[140.493s][info][gc,cpu         ] GC(269) User=0.01s Sys=0.00s Real=0.00s
[140.831s][info][gc,start       ] GC(270) Pause Young (Allocation Failure)
[140.833s][info][gc,heap        ] GC(270) PSYoungGen: 160608K(160768K)->767K(155136K) Eden: 159744K(159744K)->0K(154112K) From: 864K(1024K)->767K(1024K)
[140.833s][info][gc,heap        ] GC(270) ParOldGen: 538844K(539136K)->538860K(539136K)
[140.833s][info][gc,metaspace   ] GC(270) Metaspace: 56442K(56704K)->56442K(56704K) NonClass: 50819K(51008K)->50819K(51008K) Class: 5623K(5696K)->5623K(5696K)
[140.833s][info][gc             ] GC(270) Pause Young (Allocation Failure) 683M->526M(678M) 2.538ms
[140.833s][info][gc,cpu         ] GC(270) User=0.00s Sys=0.00s Real=0.00s
[141.257s][info][gc,start       ] GC(271) Pause Young (Allocation Failure)
[141.262s][info][gc,heap        ] GC(271) PSYoungGen: 154879K(155136K)->2336K(151552K) Eden: 154112K(154112K)->0K(148992K) From: 767K(1024K)->2336K(2560K)
[141.262s][info][gc,heap        ] GC(271) ParOldGen: 538860K(539136K)->538876K(539136K)
[141.262s][info][gc,metaspace   ] GC(271) Metaspace: 56442K(56704K)->56442K(56704K) NonClass: 50819K(51008K)->50819K(51008K) Class: 5623K(5696K)->5623K(5696K)
[141.262s][info][gc             ] GC(271) Pause Young (Allocation Failure) 677M->528M(674M) 4.684ms
[141.262s][info][gc,cpu         ] GC(271) User=0.01s Sys=0.00s Real=0.00s
[141.589s][info][gc,start       ] GC(272) Pause Young (Allocation Failure)
[141.592s][info][gc,heap        ] GC(272) PSYoungGen: 151328K(151552K)->961K(144896K) Eden: 148992K(148992K)->0K(143872K) From: 2336K(2560K)->961K(1024K)
[141.592s][info][gc,heap        ] GC(272) ParOldGen: 538876K(539136K)->538892K(539136K)
[141.592s][info][gc,metaspace   ] GC(272) Metaspace: 56442K(56704K)->56442K(56704K) NonClass: 50819K(51008K)->50819K(51008K) Class: 5623K(5696K)->5623K(5696K)
[141.592s][info][gc             ] GC(272) Pause Young (Allocation Failure) 674M->527M(668M) 2.976ms
[141.592s][info][gc,cpu         ] GC(272) User=0.00s Sys=0.00s Real=0.00s
[141.910s][info][gc,start       ] GC(273) Pause Young (Allocation Failure)
[141.915s][info][gc,heap        ] GC(273) PSYoungGen: 144825K(144896K)->3008K(142336K) Eden: 143864K(143872K)->0K(139264K) From: 961K(1024K)->3008K(3072K)
[141.915s][info][gc,heap        ] GC(273) ParOldGen: 538892K(539136K)->538908K(539136K)
[141.915s][info][gc,metaspace   ] GC(273) Metaspace: 56442K(56704K)->56442K(56704K) NonClass: 50819K(51008K)->50819K(51008K) Class: 5623K(5696K)->5623K(5696K)
[141.915s][info][gc             ] GC(273) Pause Young (Allocation Failure) 667M->529M(665M) 5.308ms
[141.915s][info][gc,cpu         ] GC(273) User=0.01s Sys=0.00s Real=0.00s
[142.282s][info][gc,start       ] GC(274) Pause Young (Allocation Failure)
[142.286s][info][gc,heap        ] GC(274) PSYoungGen: 142155K(142336K)->2176K(169984K) Eden: 139147K(139264K)->0K(167424K) From: 3008K(3072K)->2176K(2560K)
[142.286s][info][gc,heap        ] GC(274) ParOldGen: 538908K(539136K)->538924K(539136K)
[142.286s][info][gc,metaspace   ] GC(274) Metaspace: 56442K(56704K)->56442K(56704K) NonClass: 50819K(51008K)->50819K(51008K) Class: 5623K(5696K)->5623K(5696K)
[142.286s][info][gc             ] GC(274) Pause Young (Allocation Failure) 665M->528M(692M) 4.752ms
[142.286s][info][gc,cpu         ] GC(274) User=0.01s Sys=0.00s Real=0.01s
[142.618s][info][gc,start       ] GC(275) Pause Young (Allocation Failure)
[142.624s][info][gc,heap        ] GC(275) PSYoungGen: 169600K(169984K)->3263K(189952K) Eden: 167424K(167424K)->0K(185856K) From: 2176K(2560K)->3263K(4096K)
[142.624s][info][gc,heap        ] GC(275) ParOldGen: 538924K(539136K)->538940K(539136K)
[142.624s][info][gc,metaspace   ] GC(275) Metaspace: 56442K(56704K)->56442K(56704K) NonClass: 50819K(51008K)->50819K(51008K) Class: 5623K(5696K)->5623K(5696K)
[142.624s][info][gc             ] GC(275) Pause Young (Allocation Failure) 691M->529M(712M) 5.662ms
[142.624s][info][gc,cpu         ] GC(275) User=0.01s Sys=0.00s Real=0.00s
[143.090s][info][gc,start       ] GC(276) Pause Young (Allocation Failure)
[143.092s][info][gc,heap        ] GC(276) PSYoungGen: 189119K(189952K)->672K(190464K) Eden: 185856K(185856K)->0K(185856K) From: 3263K(4096K)->672K(4608K)
[143.092s][info][gc,heap        ] GC(276) ParOldGen: 538940K(539136K)->538956K(539136K)
[143.092s][info][gc,metaspace   ] GC(276) Metaspace: 56442K(56704K)->56442K(56704K) NonClass: 50819K(51008K)->50819K(51008K) Class: 5623K(5696K)->5623K(5696K)
[143.092s][info][gc             ] GC(276) Pause Young (Allocation Failure) 710M->526M(712M) 2.774ms
[143.092s][info][gc,cpu         ] GC(276) User=0.00s Sys=0.00s Real=0.00s
[143.507s][info][gc,start       ] GC(277) Pause Young (Allocation Failure)
[143.514s][info][gc,heap        ] GC(277) PSYoungGen: 186528K(190464K)->3071K(227328K) Eden: 185856K(185856K)->0K(222720K) From: 672K(4608K)->3071K(4608K)
[143.514s][info][gc,heap        ] GC(277) ParOldGen: 538956K(539136K)->538972K(539136K)
[143.514s][info][gc,metaspace   ] GC(277) Metaspace: 56442K(56704K)->56442K(56704K) NonClass: 50819K(51008K)->50819K(51008K) Class: 5623K(5696K)->5623K(5696K)
[143.514s][info][gc             ] GC(277) Pause Young (Allocation Failure) 708M->529M(748M) 6.454ms
[143.514s][info][gc,cpu         ] GC(277) User=0.01s Sys=0.00s Real=0.00s
[144.052s][info][gc,start       ] GC(278) Pause Young (Allocation Failure)
[144.056s][info][gc,heap        ] GC(278) PSYoungGen: 225791K(227328K)->1407K(227840K) Eden: 222720K(222720K)->0K(222720K) From: 3071K(4608K)->1407K(5120K)
[144.056s][info][gc,heap        ] GC(278) ParOldGen: 538972K(539136K)->538988K(539136K)
[144.056s][info][gc,metaspace   ] GC(278) Metaspace: 56442K(56704K)->56442K(56704K) NonClass: 50819K(51008K)->50819K(51008K) Class: 5623K(5696K)->5623K(5696K)
[144.056s][info][gc             ] GC(278) Pause Young (Allocation Failure) 746M->527M(749M) 3.896ms
[144.056s][info][gc,cpu         ] GC(278) User=0.01s Sys=0.00s Real=0.00s
[144.592s][info][gc,start       ] GC(279) Pause Young (Allocation Failure)
[144.596s][info][gc,heap        ] GC(279) PSYoungGen: 224127K(227840K)->1663K(216576K) Eden: 222720K(222720K)->0K(214528K) From: 1407K(5120K)->1663K(2048K)
[144.596s][info][gc,heap        ] GC(279) ParOldGen: 538988K(539136K)->539004K(539136K)
[144.596s][info][gc,metaspace   ] GC(279) Metaspace: 56442K(56704K)->56442K(56704K) NonClass: 50819K(51008K)->50819K(51008K) Class: 5623K(5696K)->5623K(5696K)
[144.596s][info][gc             ] GC(279) Pause Young (Allocation Failure) 745M->527M(738M) 4.101ms
[144.596s][info][gc,cpu         ] GC(279) User=0.01s Sys=0.00s Real=0.01s
[145.162s][info][gc,start       ] GC(280) Pause Young (Allocation Failure)
[145.165s][info][gc,heap        ] GC(280) PSYoungGen: 216191K(216576K)->896K(207360K) Eden: 214528K(214528K)->0K(206336K) From: 1663K(2048K)->896K(1024K)
[145.165s][info][gc,heap        ] GC(280) ParOldGen: 539004K(539136K)->539020K(539136K)
[145.165s][info][gc,metaspace   ] GC(280) Metaspace: 56442K(56704K)->56442K(56704K) NonClass: 50819K(51008K)->50819K(51008K) Class: 5623K(5696K)->5623K(5696K)
[145.165s][info][gc             ] GC(280) Pause Young (Allocation Failure) 737M->527M(729M) 3.408ms
[145.165s][info][gc,cpu         ] GC(280) User=0.00s Sys=0.01s Real=0.00s
[145.598s][info][gc,start       ] GC(281) Pause Young (Allocation Failure)
[145.603s][info][gc,heap        ] GC(281) PSYoungGen: 207232K(207360K)->2238K(201216K) Eden: 206336K(206336K)->0K(198656K) From: 896K(1024K)->2238K(2560K)
[145.603s][info][gc,heap        ] GC(281) ParOldGen: 539020K(539136K)->539036K(539136K)
[145.603s][info][gc,metaspace   ] GC(281) Metaspace: 56442K(56704K)->56442K(56704K) NonClass: 50819K(51008K)->50819K(51008K) Class: 5623K(5696K)->5623K(5696K)
[145.603s][info][gc             ] GC(281) Pause Young (Allocation Failure) 728M->528M(723M) 4.760ms
[145.603s][info][gc,cpu         ] GC(281) User=0.01s Sys=0.00s Real=0.00s
[146.086s][info][gc,start       ] GC(282) Pause Young (Allocation Failure)
[146.089s][info][gc,heap        ] GC(282) PSYoungGen: 200894K(201216K)->412K(192000K) Eden: 198656K(198656K)->0K(191488K) From: 2238K(2560K)->412K(512K)
[146.089s][info][gc,heap        ] GC(282) ParOldGen: 539036K(539136K)->539052K(539136K)
[146.089s][info][gc,metaspace   ] GC(282) Metaspace: 56442K(56704K)->56442K(56704K) NonClass: 50819K(51008K)->50819K(51008K) Class: 5623K(5696K)->5623K(5696K)
[146.089s][info][gc             ] GC(282) Pause Young (Allocation Failure) 722M->526M(714M) 2.697ms
[146.089s][info][gc,cpu         ] GC(282) User=0.01s Sys=0.00s Real=0.00s
[146.510s][info][gc,start       ] GC(283) Pause Young (Allocation Failure)
[146.516s][info][gc,heap        ] GC(283) PSYoungGen: 191900K(192000K)->2720K(187904K) Eden: 191488K(191488K)->0K(184832K) From: 412K(512K)->2720K(3072K)
[146.516s][info][gc,heap        ] GC(283) ParOldGen: 539052K(539136K)->539068K(539136K)
[146.516s][info][gc,metaspace   ] GC(283) Metaspace: 56442K(56704K)->56442K(56704K) NonClass: 50819K(51008K)->50819K(51008K) Class: 5623K(5696K)->5623K(5696K)
[146.516s][info][gc             ] GC(283) Pause Young (Allocation Failure) 713M->529M(710M) 5.901ms
[146.516s][info][gc,cpu         ] GC(283) User=0.01s Sys=0.00s Real=0.01s
[146.926s][info][gc,start       ] GC(284) Pause Young (Allocation Failure)
[146.931s][info][gc,heap        ] GC(284) PSYoungGen: 187552K(187904K)->1790K(180224K) Eden: 184832K(184832K)->0K(178176K) From: 2720K(3072K)->1790K(2048K)
[146.931s][info][gc,heap        ] GC(284) ParOldGen: 539068K(539136K)->539084K(539136K)
[146.931s][info][gc,metaspace   ] GC(284) Metaspace: 56442K(56704K)->56442K(56704K) NonClass: 50819K(51008K)->50819K(51008K) Class: 5623K(5696K)->5623K(5696K)
[146.931s][info][gc             ] GC(284) Pause Young (Allocation Failure) 709M->528M(702M) 4.331ms
[146.931s][info][gc,cpu         ] GC(284) User=0.01s Sys=0.00s Real=0.00s
[147.388s][info][gc,start       ] GC(285) Pause Young (Allocation Failure)
[147.392s][info][gc,heap        ] GC(285) PSYoungGen: 179966K(180224K)->1310K(173568K) Eden: 178176K(178176K)->0K(172032K) From: 1790K(2048K)->1310K(1536K)
[147.392s][info][gc,heap        ] GC(285) ParOldGen: 539084K(539136K)->539100K(539136K)
[147.392s][info][gc,metaspace   ] GC(285) Metaspace: 56442K(56704K)->56442K(56704K) NonClass: 50819K(51008K)->50819K(51008K) Class: 5623K(5696K)->5623K(5696K)
[147.392s][info][gc             ] GC(285) Pause Young (Allocation Failure) 702M->527M(696M) 3.322ms
[147.392s][info][gc,cpu         ] GC(285) User=0.00s Sys=0.00s Real=0.00s
[147.791s][info][gc,start       ] GC(286) Pause Young (Allocation Failure)
[147.794s][info][gc,heap        ] GC(286) PSYoungGen: 173342K(173568K)->873K(166912K) Eden: 172032K(172032K)->0K(165888K) From: 1310K(1536K)->873K(1024K)
[147.794s][info][gc,heap        ] GC(286) ParOldGen: 539100K(539136K)->539116K(539136K)
[147.794s][info][gc,metaspace   ] GC(286) Metaspace: 56442K(56704K)->56442K(56704K) NonClass: 50819K(51008K)->50819K(51008K) Class: 5623K(5696K)->5623K(5696K)
[147.794s][info][gc             ] GC(286) Pause Young (Allocation Failure) 695M->527M(689M) 3.160ms
[147.794s][info][gc,cpu         ] GC(286) User=0.01s Sys=0.00s Real=0.00s
[148.190s][info][gc,start       ] GC(287) Pause Young (Allocation Failure)
[148.194s][info][gc,heap        ] GC(287) PSYoungGen: 166761K(166912K)->820K(161280K) Eden: 165888K(165888K)->0K(160256K) From: 873K(1024K)->820K(1024K)
[148.194s][info][gc,heap        ] GC(287) ParOldGen: 539116K(539136K)->539132K(539136K)
[148.194s][info][gc,metaspace   ] GC(287) Metaspace: 56442K(56704K)->56442K(56704K) NonClass: 50819K(51008K)->50819K(51008K) Class: 5623K(5696K)->5623K(5696K)
[148.194s][info][gc             ] GC(287) Pause Young (Allocation Failure) 689M->527M(684M) 3.660ms
[148.194s][info][gc,cpu         ] GC(287) User=0.01s Sys=0.00s Real=0.00s
[148.532s][info][gc,start       ] GC(288) Pause Young (Allocation Failure)
[148.534s][info][gc,heap        ] GC(288) PSYoungGen: 161076K(161280K)->544K(155648K) Eden: 160256K(160256K)->0K(154624K) From: 820K(1024K)->544K(1024K)
[148.535s][info][gc,heap        ] GC(288) ParOldGen: 539132K(539136K)->539148K(539648K)
[148.535s][info][gc,metaspace   ] GC(288) Metaspace: 56442K(56704K)->56442K(56704K) NonClass: 50819K(51008K)->50819K(51008K) Class: 5623K(5696K)->5623K(5696K)
[148.535s][info][gc             ] GC(288) Pause Young (Allocation Failure) 683M->527M(679M) 2.914ms
[148.535s][info][gc,cpu         ] GC(288) User=0.01s Sys=0.00s Real=0.00s
[148.917s][info][gc,start       ] GC(289) Pause Young (Allocation Failure)
[148.923s][info][gc,heap        ] GC(289) PSYoungGen: 155168K(155648K)->3486K(189440K) Eden: 154624K(154624K)->0K(185856K) From: 544K(1024K)->3486K(3584K)
[148.923s][info][gc,heap        ] GC(289) ParOldGen: 539148K(539648K)->539164K(539648K)
[148.923s][info][gc,metaspace   ] GC(289) Metaspace: 56442K(56704K)->56442K(56704K) NonClass: 50819K(51008K)->50819K(51008K) Class: 5623K(5696K)->5623K(5696K)
[148.923s][info][gc             ] GC(289) Pause Young (Allocation Failure) 678M->529M(712M) 6.295ms
[148.923s][info][gc,cpu         ] GC(289) User=0.01s Sys=0.00s Real=0.00s
[149.389s][info][gc,start       ] GC(290) Pause Young (Allocation Failure)
[149.392s][info][gc,heap        ] GC(290) PSYoungGen: 189342K(189440K)->648K(180224K) Eden: 185856K(185856K)->0K(179200K) From: 3486K(3584K)->648K(1024K)
[149.392s][info][gc,heap        ] GC(290) ParOldGen: 539164K(539648K)->539180K(539648K)
[149.392s][info][gc,metaspace   ] GC(290) Metaspace: 56442K(56704K)->56442K(56704K) NonClass: 50819K(51008K)->50819K(51008K) Class: 5623K(5696K)->5623K(5696K)
[149.392s][info][gc             ] GC(290) Pause Young (Allocation Failure) 711M->527M(703M) 2.975ms
[149.392s][info][gc,cpu         ] GC(290) User=0.00s Sys=0.00s Real=0.00s
[149.794s][info][gc,start       ] GC(291) Pause Young (Allocation Failure)
[149.799s][info][gc,heap        ] GC(291) PSYoungGen: 179848K(180224K)->2302K(175616K) Eden: 179200K(179200K)->0K(173056K) From: 648K(1024K)->2302K(2560K)
[149.799s][info][gc,heap        ] GC(291) ParOldGen: 539180K(539648K)->539196K(539648K)
[149.799s][info][gc,metaspace   ] GC(291) Metaspace: 56442K(56704K)->56442K(56704K) NonClass: 50819K(51008K)->50819K(51008K) Class: 5623K(5696K)->5623K(5696K)
[149.799s][info][gc             ] GC(291) Pause Young (Allocation Failure) 702M->528M(698M) 4.850ms
[149.799s][info][gc,cpu         ] GC(291) User=0.01s Sys=0.00s Real=0.01s
[150.333s][info][gc,start       ] GC(292) Pause Young (Allocation Failure)
[150.337s][info][gc,heap        ] GC(292) PSYoungGen: 175044K(175616K)->1376K(168448K) Eden: 172742K(173056K)->0K(166912K) From: 2302K(2560K)->1376K(1536K)
[150.337s][info][gc,heap        ] GC(292) ParOldGen: 539196K(539648K)->539212K(539648K)
[150.337s][info][gc,metaspace   ] GC(292) Metaspace: 56442K(56704K)->56442K(56704K) NonClass: 50819K(51008K)->50819K(51008K) Class: 5623K(5696K)->5623K(5696K)
[150.337s][info][gc             ] GC(292) Pause Young (Allocation Failure) 697M->527M(691M) 4.176ms
[150.337s][info][gc,cpu         ] GC(292) User=0.00s Sys=0.00s Real=0.01s
[150.702s][info][gc,start       ] GC(293) Pause Young (Allocation Failure)
[150.706s][info][gc,heap        ] GC(293) PSYoungGen: 168288K(168448K)->1662K(163328K) Eden: 166912K(166912K)->0K(161280K) From: 1376K(1536K)->1662K(2048K)
[150.706s][info][gc,heap        ] GC(293) ParOldGen: 539212K(539648K)->539228K(539648K)
[150.706s][info][gc,metaspace   ] GC(293) Metaspace: 56442K(56704K)->56442K(56704K) NonClass: 50819K(51008K)->50819K(51008K) Class: 5623K(5696K)->5623K(5696K)
[150.706s][info][gc             ] GC(293) Pause Young (Allocation Failure) 690M->528M(686M) 3.732ms
[150.706s][info][gc,cpu         ] GC(293) User=0.01s Sys=0.00s Real=0.00s
[151.097s][info][gc,start       ] GC(294) Pause Young (Allocation Failure)
[151.102s][info][gc,heap        ] GC(294) PSYoungGen: 162942K(163328K)->1950K(157696K) Eden: 161280K(161280K)->0K(155648K) From: 1662K(2048K)->1950K(2048K)
[151.102s][info][gc,heap        ] GC(294) ParOldGen: 539228K(539648K)->539244K(539648K)
[151.102s][info][gc,metaspace   ] GC(294) Metaspace: 56442K(56704K)->56442K(56704K) NonClass: 50819K(51008K)->50819K(51008K) Class: 5623K(5696K)->5623K(5696K)
[151.102s][info][gc             ] GC(294) Pause Young (Allocation Failure) 685M->528M(681M) 4.643ms
[151.102s][info][gc,cpu         ] GC(294) User=0.01s Sys=0.00s Real=0.00s
[151.435s][info][gc,start       ] GC(295) Pause Young (Allocation Failure)
[151.437s][info][gc,heap        ] GC(295) PSYoungGen: 157598K(157696K)->735K(151552K) Eden: 155648K(155648K)->0K(150528K) From: 1950K(2048K)->735K(1024K)
[151.437s][info][gc,heap        ] GC(295) ParOldGen: 539244K(539648K)->539260K(539648K)
[151.437s][info][gc,metaspace   ] GC(295) Metaspace: 56442K(56704K)->56442K(56704K) NonClass: 50819K(51008K)->50819K(51008K) Class: 5623K(5696K)->5623K(5696K)
[151.437s][info][gc             ] GC(295) Pause Young (Allocation Failure) 680M->527M(675M) 2.744ms
[151.437s][info][gc,cpu         ] GC(295) User=0.00s Sys=0.00s Real=0.01s
[151.811s][info][gc,start       ] GC(296) Pause Young (Allocation Failure)
[151.817s][info][gc,heap        ] GC(296) PSYoungGen: 151263K(151552K)->2944K(183808K) Eden: 150528K(150528K)->0K(180736K) From: 735K(1024K)->2944K(3072K)
[151.817s][info][gc,heap        ] GC(296) ParOldGen: 539260K(539648K)->539276K(539648K)
[151.817s][info][gc,metaspace   ] GC(296) Metaspace: 56442K(56704K)->56442K(56704K) NonClass: 50819K(51008K)->50819K(51008K) Class: 5623K(5696K)->5623K(5696K)
[151.817s][info][gc             ] GC(296) Pause Young (Allocation Failure) 674M->529M(706M) 6.380ms
[151.817s][info][gc,cpu         ] GC(296) User=0.01s Sys=0.01s Real=0.01s
[152.228s][info][gc,start       ] GC(297) Pause Young (Allocation Failure)
[152.231s][info][gc,heap        ] GC(297) PSYoungGen: 183680K(183808K)->671K(175616K) Eden: 180736K(180736K)->0K(174592K) From: 2944K(3072K)->671K(1024K)
[152.231s][info][gc,heap        ] GC(297) ParOldGen: 539276K(539648K)->539292K(539648K)
[152.231s][info][gc,metaspace   ] GC(297) Metaspace: 56442K(56704K)->56442K(56704K) NonClass: 50819K(51008K)->50819K(51008K) Class: 5623K(5696K)->5623K(5696K)
[152.231s][info][gc             ] GC(297) Pause Young (Allocation Failure) 706M->527M(698M) 2.667ms
[152.231s][info][gc,cpu         ] GC(297) User=0.01s Sys=0.00s Real=0.00s
[152.742s][info][gc,start       ] GC(298) Pause Young (Allocation Failure)
[152.746s][info][gc,heap        ] GC(298) PSYoungGen: 175263K(175616K)->1024K(169472K) Eden: 174592K(174592K)->0K(168448K) From: 671K(1024K)->1024K(1024K)
[152.746s][info][gc,heap        ] GC(298) ParOldGen: 539292K(539648K)->539308K(539648K)
[152.746s][info][gc,metaspace   ] GC(298) Metaspace: 56442K(56704K)->56442K(56704K) NonClass: 50819K(51008K)->50819K(51008K) Class: 5623K(5696K)->5623K(5696K)
[152.746s][info][gc             ] GC(298) Pause Young (Allocation Failure) 697M->527M(692M) 3.450ms
[152.746s][info][gc,cpu         ] GC(298) User=0.01s Sys=0.00s Real=0.00s
[153.087s][info][gc,start       ] GC(299) Pause Young (Allocation Failure)
[153.090s][info][gc,heap        ] GC(299) PSYoungGen: 169472K(169472K)->640K(163840K) Eden: 168448K(168448K)->0K(162816K) From: 1024K(1024K)->640K(1024K)
[153.090s][info][gc,heap        ] GC(299) ParOldGen: 539308K(539648K)->539324K(539648K)
[153.090s][info][gc,metaspace   ] GC(299) Metaspace: 56442K(56704K)->56442K(56704K) NonClass: 50819K(51008K)->50819K(51008K) Class: 5623K(5696K)->5623K(5696K)
[153.090s][info][gc             ] GC(299) Pause Young (Allocation Failure) 692M->527M(687M) 2.935ms
[153.090s][info][gc,cpu         ] GC(299) User=0.01s Sys=0.00s Real=0.00s
[153.428s][info][gc,start       ] GC(300) Pause Young (Allocation Failure)
[153.434s][info][gc,heap        ] GC(300) PSYoungGen: 163456K(163840K)->2270K(159744K) Eden: 162816K(162816K)->0K(157184K) From: 640K(1024K)->2270K(2560K)
[153.434s][info][gc,heap        ] GC(300) ParOldGen: 539324K(539648K)->539340K(539648K)
[153.434s][info][gc,metaspace   ] GC(300) Metaspace: 56454K(56768K)->56454K(56768K) NonClass: 50831K(51072K)->50831K(51072K) Class: 5623K(5696K)->5623K(5696K)
[153.434s][info][gc             ] GC(300) Pause Young (Allocation Failure) 686M->528M(683M) 6.734ms
[153.434s][info][gc,cpu         ] GC(300) User=0.01s Sys=0.00s Real=0.00s
[153.808s][info][gc,start       ] GC(301) Pause Young (Allocation Failure)
[153.812s][info][gc,heap        ] GC(301) PSYoungGen: 159213K(159744K)->1918K(154112K) Eden: 156942K(157184K)->0K(152064K) From: 2270K(2560K)->1918K(2048K)
[153.812s][info][gc,heap        ] GC(301) ParOldGen: 539340K(539648K)->539356K(539648K)
[153.812s][info][gc,metaspace   ] GC(301) Metaspace: 56454K(56768K)->56454K(56768K) NonClass: 50831K(51072K)->50831K(51072K) Class: 5623K(5696K)->5623K(5696K)
[153.812s][info][gc             ] GC(301) Pause Young (Allocation Failure) 682M->528M(677M) 3.886ms
[153.812s][info][gc,cpu         ] GC(301) User=0.01s Sys=0.00s Real=0.00s
[154.193s][info][gc,start       ] GC(302) Pause Young (Allocation Failure)
[154.197s][info][gc,heap        ] GC(302) PSYoungGen: 153982K(154112K)->1535K(148480K) Eden: 152064K(152064K)->0K(146944K) From: 1918K(2048K)->1535K(1536K)
[154.197s][info][gc,heap        ] GC(302) ParOldGen: 539356K(539648K)->539372K(539648K)
[154.197s][info][gc,metaspace   ] GC(302) Metaspace: 56455K(56768K)->56455K(56768K) NonClass: 50832K(51072K)->50832K(51072K) Class: 5623K(5696K)->5623K(5696K)
[154.197s][info][gc             ] GC(302) Pause Young (Allocation Failure) 677M->528M(672M) 3.963ms
[154.197s][info][gc,cpu         ] GC(302) User=0.01s Sys=0.00s Real=0.01s
[154.513s][info][gc,start       ] GC(303) Pause Young (Allocation Failure)
[154.518s][info][gc,heap        ] GC(303) PSYoungGen: 148179K(148480K)->2656K(179712K) Eden: 146644K(146944K)->0K(176640K) From: 1535K(1536K)->2656K(3072K)
[154.518s][info][gc,heap        ] GC(303) ParOldGen: 539372K(539648K)->539388K(539648K)
[154.518s][info][gc,metaspace   ] GC(303) Metaspace: 56457K(56768K)->56457K(56768K) NonClass: 50834K(51072K)->50834K(51072K) Class: 5623K(5696K)->5623K(5696K)
[154.518s][info][gc             ] GC(303) Pause Young (Allocation Failure) 671M->529M(702M) 5.302ms
[154.518s][info][gc,cpu         ] GC(303) User=0.01s Sys=0.00s Real=0.01s
[154.939s][info][gc,start       ] GC(304) Pause Young (Allocation Failure)
[154.943s][info][gc,heap        ] GC(304) PSYoungGen: 179296K(179712K)->960K(212992K) Eden: 176640K(176640K)->0K(211968K) From: 2656K(3072K)->960K(1024K)
[154.943s][info][gc,heap        ] GC(304) ParOldGen: 539388K(539648K)->539404K(539648K)
[154.943s][info][gc,metaspace   ] GC(304) Metaspace: 56457K(56768K)->56457K(56768K) NonClass: 50834K(51072K)->50834K(51072K) Class: 5623K(5696K)->5623K(5696K)
[154.943s][info][gc             ] GC(304) Pause Young (Allocation Failure) 701M->527M(735M) 3.860ms
[154.943s][info][gc,cpu         ] GC(304) User=0.00s Sys=0.01s Real=0.00s
[155.432s][info][gc,start       ] GC(305) Pause Young (Allocation Failure)
[155.437s][info][gc,heap        ] GC(305) PSYoungGen: 212928K(212992K)->928K(226816K) Eden: 211968K(211968K)->0K(222720K) From: 960K(1024K)->928K(4096K)
[155.437s][info][gc,heap        ] GC(305) ParOldGen: 539404K(539648K)->539420K(539648K)
[155.438s][info][gc,metaspace   ] GC(305) Metaspace: 56457K(56768K)->56457K(56768K) NonClass: 50834K(51072K)->50834K(51072K) Class: 5623K(5696K)->5623K(5696K)
[155.438s][info][gc             ] GC(305) Pause Young (Allocation Failure) 734M->527M(748M) 5.081ms
[155.438s][info][gc,cpu         ] GC(305) User=0.01s Sys=0.00s Real=0.01s
[156.001s][info][gc,start       ] GC(306) Pause Young (Allocation Failure)
[156.004s][info][gc,heap        ] GC(306) PSYoungGen: 223648K(226816K)->928K(215552K) Eden: 222720K(222720K)->0K(214528K) From: 928K(4096K)->928K(1024K)
[156.004s][info][gc,heap        ] GC(306) ParOldGen: 539420K(539648K)->539436K(539648K)
[156.004s][info][gc,metaspace   ] GC(306) Metaspace: 56457K(56768K)->56457K(56768K) NonClass: 50834K(51072K)->50834K(51072K) Class: 5623K(5696K)->5623K(5696K)
[156.004s][info][gc             ] GC(306) Pause Young (Allocation Failure) 745M->527M(737M) 3.278ms
[156.004s][info][gc,cpu         ] GC(306) User=0.00s Sys=0.00s Real=0.00s
[156.573s][info][gc,start       ] GC(307) Pause Young (Allocation Failure)
[156.578s][info][gc,heap        ] GC(307) PSYoungGen: 215456K(215552K)->480K(206848K) Eden: 214528K(214528K)->0K(206336K) From: 928K(1024K)->480K(512K)
[156.578s][info][gc,heap        ] GC(307) ParOldGen: 539436K(539648K)->539452K(539648K)
[156.578s][info][gc,metaspace   ] GC(307) Metaspace: 56457K(56768K)->56457K(56768K) NonClass: 50834K(51072K)->50834K(51072K) Class: 5623K(5696K)->5623K(5696K)
[156.579s][info][gc             ] GC(307) Pause Young (Allocation Failure) 737M->527M(729M) 5.085ms
[156.579s][info][gc,cpu         ] GC(307) User=0.01s Sys=0.00s Real=0.01s
[156.986s][info][gc,start       ] GC(308) Pause Young (Allocation Failure)
[156.989s][info][gc,heap        ] GC(308) PSYoungGen: 206816K(206848K)->660K(202240K) Eden: 206336K(206336K)->0K(198656K) From: 480K(512K)->660K(3584K)
[156.989s][info][gc,heap        ] GC(308) ParOldGen: 539452K(539648K)->539468K(539648K)
[156.989s][info][gc,metaspace   ] GC(308) Metaspace: 56457K(56768K)->56457K(56768K) NonClass: 50834K(51072K)->50834K(51072K) Class: 5623K(5696K)->5623K(5696K)
[156.989s][info][gc             ] GC(308) Pause Young (Allocation Failure) 728M->527M(724M) 3.050ms
[156.989s][info][gc,cpu         ] GC(308) User=0.00s Sys=0.00s Real=0.00s
[157.418s][info][gc,start       ] GC(309) Pause Young (Allocation Failure)
[157.422s][info][gc,heap        ] GC(309) PSYoungGen: 199316K(202240K)->2527K(194048K) Eden: 198656K(198656K)->0K(191488K) From: 660K(3584K)->2527K(2560K)
[157.422s][info][gc,heap        ] GC(309) ParOldGen: 539468K(539648K)->539484K(539648K)
[157.422s][info][gc,metaspace   ] GC(309) Metaspace: 56457K(56768K)->56457K(56768K) NonClass: 50834K(51072K)->50834K(51072K) Class: 5623K(5696K)->5623K(5696K)
[157.422s][info][gc             ] GC(309) Pause Young (Allocation Failure) 721M->529M(716M) 4.636ms
[157.422s][info][gc,cpu         ] GC(309) User=0.01s Sys=0.00s Real=0.00s
[157.905s][info][gc,start       ] GC(310) Pause Young (Allocation Failure)
[157.909s][info][gc,heap        ] GC(310) PSYoungGen: 194015K(194048K)->1888K(186880K) Eden: 191488K(191488K)->0K(184832K) From: 2527K(2560K)->1888K(2048K)
[157.909s][info][gc,heap        ] GC(310) ParOldGen: 539484K(539648K)->539500K(539648K)
[157.909s][info][gc,metaspace   ] GC(310) Metaspace: 56457K(56768K)->56457K(56768K) NonClass: 50834K(51072K)->50834K(51072K) Class: 5623K(5696K)->5623K(5696K)
[157.909s][info][gc             ] GC(310) Pause Young (Allocation Failure) 716M->528M(709M) 4.222ms
[157.909s][info][gc,cpu         ] GC(310) User=0.00s Sys=0.00s Real=0.01s
[158.307s][info][gc,start       ] GC(311) Pause Young (Allocation Failure)
[158.313s][info][gc,heap        ] GC(311) PSYoungGen: 186720K(186880K)->3072K(216576K) Eden: 184832K(184832K)->0K(213504K) From: 1888K(2048K)->3072K(3072K)
[158.313s][info][gc,heap        ] GC(311) ParOldGen: 539500K(539648K)->540203K(540672K)
[158.313s][info][gc,metaspace   ] GC(311) Metaspace: 56457K(56768K)->56457K(56768K) NonClass: 50834K(51072K)->50834K(51072K) Class: 5623K(5696K)->5623K(5696K)
[158.313s][info][gc             ] GC(311) Pause Young (Allocation Failure) 709M->530M(739M) 5.908ms
[158.313s][info][gc,cpu         ] GC(311) User=0.01s Sys=0.00s Real=0.00s
[158.820s][info][gc,start       ] GC(312) Pause Young (Allocation Failure)
[158.827s][info][gc,heap        ] GC(312) PSYoungGen: 216576K(216576K)->2815K(218112K) Eden: 213504K(213504K)->0K(213504K) From: 3072K(3072K)->2815K(4608K)
[158.827s][info][gc,heap        ] GC(312) ParOldGen: 540203K(540672K)->541195K(541696K)
[158.827s][info][gc,metaspace   ] GC(312) Metaspace: 56457K(56768K)->56457K(56768K) NonClass: 50834K(51072K)->50834K(51072K) Class: 5623K(5696K)->5623K(5696K)
[158.827s][info][gc             ] GC(312) Pause Young (Allocation Failure) 739M->531M(742M) 6.119ms
[158.827s][info][gc,cpu         ] GC(312) User=0.01s Sys=0.01s Real=0.01s
[159.323s][info][gc,start       ] GC(313) Pause Young (Allocation Failure)
[159.328s][info][gc,heap        ] GC(313) PSYoungGen: 216128K(218112K)->1696K(261120K) Eden: 213313K(213504K)->0K(256512K) From: 2815K(4608K)->1696K(4608K)
[159.328s][info][gc,heap        ] GC(313) ParOldGen: 541195K(541696K)->541243K(541696K)
[159.328s][info][gc,metaspace   ] GC(313) Metaspace: 56457K(56768K)->56457K(56768K) NonClass: 50834K(51072K)->50834K(51072K) Class: 5623K(5696K)->5623K(5696K)
[159.328s][info][gc             ] GC(313) Pause Young (Allocation Failure) 739M->530M(784M) 4.585ms
[159.328s][info][gc,cpu         ] GC(313) User=0.00s Sys=0.00s Real=0.01s
[159.947s][info][gc,start       ] GC(314) Pause Young (Allocation Failure)
[159.951s][info][gc,heap        ] GC(314) PSYoungGen: 258208K(261120K)->960K(247808K) Eden: 256512K(256512K)->0K(246784K) From: 1696K(4608K)->960K(1024K)
[159.951s][info][gc,heap        ] GC(314) ParOldGen: 541243K(541696K)->541259K(541696K)
[159.951s][info][gc,metaspace   ] GC(314) Metaspace: 56457K(56768K)->56457K(56768K) NonClass: 50834K(51072K)->50834K(51072K) Class: 5623K(5696K)->5623K(5696K)
[159.951s][info][gc             ] GC(314) Pause Young (Allocation Failure) 780M->529M(771M) 3.388ms
[159.951s][info][gc,cpu         ] GC(314) User=0.00s Sys=0.00s Real=0.00s
[160.556s][info][gc,start       ] GC(315) Pause Young (Allocation Failure)
[160.562s][info][gc,heap        ] GC(315) PSYoungGen: 247464K(247808K)->2432K(239616K) Eden: 246504K(246784K)->0K(237056K) From: 960K(1024K)->2432K(2560K)
[160.562s][info][gc,heap        ] GC(315) ParOldGen: 541259K(541696K)->541275K(541696K)
[160.562s][info][gc,metaspace   ] GC(315) Metaspace: 56457K(56768K)->56457K(56768K) NonClass: 50834K(51072K)->50834K(51072K) Class: 5623K(5696K)->5623K(5696K)
[160.562s][info][gc             ] GC(315) Pause Young (Allocation Failure) 770M->530M(763M) 5.562ms
[160.562s][info][gc,cpu         ] GC(315) User=0.01s Sys=0.00s Real=0.00s
[161.099s][info][gc,start       ] GC(316) Pause Young (Allocation Failure)
[161.104s][info][gc,heap        ] GC(316) PSYoungGen: 239488K(239616K)->2622K(230912K) Eden: 237056K(237056K)->0K(227840K) From: 2432K(2560K)->2622K(3072K)
[161.104s][info][gc,heap        ] GC(316) ParOldGen: 541275K(541696K)->541291K(541696K)
[161.104s][info][gc,metaspace   ] GC(316) Metaspace: 56457K(56768K)->56457K(56768K) NonClass: 50834K(51072K)->50834K(51072K) Class: 5623K(5696K)->5623K(5696K)
[161.104s][info][gc             ] GC(316) Pause Young (Allocation Failure) 762M->531M(754M) 5.654ms
[161.105s][info][gc,cpu         ] GC(316) User=0.01s Sys=0.00s Real=0.00s
[161.731s][info][gc,start       ] GC(317) Pause Young (Allocation Failure)
[161.743s][info][gc,heap        ] GC(317) PSYoungGen: 230300K(230912K)->3056K(251392K) Eden: 227677K(227840K)->0K(248320K) From: 2622K(3072K)->3056K(3072K)
[161.743s][info][gc,heap        ] GC(317) ParOldGen: 541291K(541696K)->546964K(547328K)
[161.743s][info][gc,metaspace   ] GC(317) Metaspace: 56457K(56768K)->56457K(56768K) NonClass: 50834K(51072K)->50834K(51072K) Class: 5623K(5696K)->5623K(5696K)
[161.743s][info][gc             ] GC(317) Pause Young (Allocation Failure) 753M->537M(780M) 12.269ms
[161.743s][info][gc,cpu         ] GC(317) User=0.03s Sys=0.00s Real=0.01s
[162.303s][info][gc,start       ] GC(318) Pause Young (Allocation Failure)
[162.311s][info][gc,heap        ] GC(318) PSYoungGen: 251376K(251392K)->2846K(254976K) Eden: 248320K(248320K)->0K(248320K) From: 3056K(3072K)->2846K(6656K)
[162.311s][info][gc,heap        ] GC(318) ParOldGen: 546964K(547328K)->550029K(550400K)
[162.311s][info][gc,metaspace   ] GC(318) Metaspace: 56457K(56768K)->56457K(56768K) NonClass: 50834K(51072K)->50834K(51072K) Class: 5623K(5696K)->5623K(5696K)
[162.312s][info][gc             ] GC(318) Pause Young (Allocation Failure) 779M->539M(786M) 8.167ms
[162.312s][info][gc,cpu         ] GC(318) User=0.01s Sys=0.01s Real=0.01s
[162.904s][info][gc,start       ] GC(319) Pause Young (Allocation Failure)
[162.910s][info][gc,heap        ] GC(319) PSYoungGen: 251166K(254976K)->2399K(303616K) Eden: 248320K(248320K)->0K(297984K) From: 2846K(6656K)->2399K(5632K)
[162.910s][info][gc,heap        ] GC(319) ParOldGen: 550029K(550400K)->550436K(550912K)
[162.910s][info][gc,metaspace   ] GC(319) Metaspace: 56457K(56768K)->56457K(56768K) NonClass: 50834K(51072K)->50834K(51072K) Class: 5623K(5696K)->5623K(5696K)
[162.910s][info][gc             ] GC(319) Pause Young (Allocation Failure) 782M->539M(834M) 5.787ms
[162.910s][info][gc,cpu         ] GC(319) User=0.01s Sys=0.00s Real=0.01s
[163.615s][info][gc,start       ] GC(320) Pause Young (Allocation Failure)
[163.620s][info][gc,heap        ] GC(320) PSYoungGen: 300383K(303616K)->1982K(304128K) Eden: 297984K(297984K)->0K(297984K) From: 2399K(5632K)->1982K(6144K)
[163.620s][info][gc,heap        ] GC(320) ParOldGen: 550436K(550912K)->550452K(550912K)
[163.620s][info][gc,metaspace   ] GC(320) Metaspace: 56457K(56768K)->56457K(56768K) NonClass: 50834K(51072K)->50834K(51072K) Class: 5623K(5696K)->5623K(5696K)
[163.620s][info][gc             ] GC(320) Pause Young (Allocation Failure) 830M->539M(835M) 4.281ms
[163.620s][info][gc,cpu         ] GC(320) User=0.01s Sys=0.00s Real=0.01s
[164.311s][info][gc,start       ] GC(321) Pause Young (Allocation Failure)
[164.318s][info][gc,heap        ] GC(321) PSYoungGen: 299966K(304128K)->3039K(289280K) Eden: 297984K(297984K)->0K(286208K) From: 1982K(6144K)->3039K(3072K)
[164.318s][info][gc,heap        ] GC(321) ParOldGen: 550452K(550912K)->550468K(550912K)
[164.318s][info][gc,metaspace   ] GC(321) Metaspace: 56457K(56768K)->56457K(56768K) NonClass: 50834K(51072K)->50834K(51072K) Class: 5623K(5696K)->5623K(5696K)
[164.318s][info][gc             ] GC(321) Pause Young (Allocation Failure) 830M->540M(820M) 6.357ms
[164.318s][info][gc,cpu         ] GC(321) User=0.01s Sys=0.00s Real=0.01s
[165.048s][info][gc,start       ] GC(322) Pause Young (Allocation Failure)
[165.053s][info][gc,heap        ] GC(322) PSYoungGen: 289247K(289280K)->2335K(277504K) Eden: 286208K(286208K)->0K(274944K) From: 3039K(3072K)->2335K(2560K)
[165.053s][info][gc,heap        ] GC(322) ParOldGen: 550468K(550912K)->550484K(550912K)
[165.053s][info][gc,metaspace   ] GC(322) Metaspace: 56457K(56768K)->56457K(56768K) NonClass: 50834K(51072K)->50834K(51072K) Class: 5623K(5696K)->5623K(5696K)
[165.053s][info][gc             ] GC(322) Pause Young (Allocation Failure) 820M->539M(809M) 5.218ms
[165.053s][info][gc,cpu         ] GC(322) User=0.01s Sys=0.00s Real=0.00s
[165.620s][info][gc,start       ] GC(323) Pause Young (Allocation Failure)
[165.625s][info][gc,heap        ] GC(323) PSYoungGen: 276973K(277504K)->1952K(266240K) Eden: 274638K(274944K)->0K(264192K) From: 2335K(2560K)->1952K(2048K)
[165.625s][info][gc,heap        ] GC(323) ParOldGen: 550484K(550912K)->550500K(550912K)
[165.625s][info][gc,metaspace   ] GC(323) Metaspace: 56457K(56768K)->56457K(56768K) NonClass: 50834K(51072K)->50834K(51072K) Class: 5623K(5696K)->5623K(5696K)
[165.625s][info][gc             ] GC(323) Pause Young (Allocation Failure) 808M->539M(798M) 4.930ms
[165.625s][info][gc,cpu         ] GC(323) User=0.01s Sys=0.00s Real=0.00s
[168.789s][info][gc,start       ] GC(324) Pause Young (Allocation Failure)
[168.843s][info][gc,heap        ] GC(324) PSYoungGen: 266144K(266240K)->5095K(319488K) Eden: 264192K(264192K)->0K(314368K) From: 1952K(2048K)->5095K(5120K)
[168.843s][info][gc,heap        ] GC(324) ParOldGen: 550500K(550912K)->629449K(629760K)
[168.843s][info][gc,metaspace   ] GC(324) Metaspace: 56673K(56960K)->56673K(56960K) NonClass: 51049K(51264K)->51049K(51264K) Class: 5623K(5696K)->5623K(5696K)
[168.843s][info][gc             ] GC(324) Pause Young (Allocation Failure) 797M->619M(927M) 53.536ms
[168.843s][info][gc,cpu         ] GC(324) User=0.04s Sys=0.06s Real=0.05s
[169.387s][info][gc,start       ] GC(325) Pause Young (Allocation Failure)
[169.407s][info][gc,heap        ] GC(325) PSYoungGen: 319463K(319488K)->14333K(268288K) Eden: 314368K(314368K)->0K(253952K) From: 5095K(5120K)->14333K(14336K)
[169.408s][info][gc,heap        ] GC(325) ParOldGen: 629449K(629760K)->645094K(645120K)
[169.408s][info][gc,metaspace   ] GC(325) Metaspace: 56673K(56960K)->56673K(56960K) NonClass: 51049K(51264K)->51049K(51264K) Class: 5623K(5696K)->5623K(5696K)
[169.408s][info][gc             ] GC(325) Pause Young (Allocation Failure) 926M->643M(892M) 20.270ms
[169.408s][info][gc,cpu         ] GC(325) User=0.02s Sys=0.02s Real=0.02s
[169.988s][info][gc,start       ] GC(326) Pause Full (Allocation Failure)
[169.988s][info][gc,phases,start] GC(326) Marking Phase
[170.031s][info][gc,phases      ] GC(326) Marking Phase 42.527ms
[170.031s][info][gc,phases,start] GC(326) Summary Phase
[170.031s][info][gc,phases      ] GC(326) Summary Phase 0.027ms
[170.031s][info][gc,phases,start] GC(326) Forward
[170.037s][info][gc,phases      ] GC(326) Forward 6.121ms
[170.037s][info][gc,phases,start] GC(326) Adjust Pointers
[170.061s][info][gc,phases      ] GC(326) Adjust Pointers 24.232ms
[170.061s][info][gc,phases,start] GC(326) Compaction Phase
[170.082s][info][gc,phases      ] GC(326) Compaction Phase 20.310ms
[170.082s][info][gc,phases,start] GC(326) Post Compact
[170.094s][info][gc,phases      ] GC(326) Post Compact 11.758ms
[170.114s][info][gc,heap        ] GC(326) PSYoungGen: 268285K(268288K)->0K(293888K) Eden: 253952K(253952K)->0K(253952K) From: 14333K(14336K)->0K(39936K)
[170.114s][info][gc,heap        ] GC(326) ParOldGen: 645094K(645120K)->292712K(392704K)
[170.114s][info][gc,metaspace   ] GC(326) Metaspace: 56673K(56960K)->56673K(56960K) NonClass: 51049K(51264K)->51049K(51264K) Class: 5623K(5696K)->5623K(5696K)
[170.114s][info][gc             ] GC(326) Pause Full (Allocation Failure) 891M->285M(670M) 126.059ms
[170.114s][info][gc,cpu         ] GC(326) User=0.15s Sys=0.03s Real=0.12s
[170.592s][info][gc,start       ] GC(327) Pause Young (Allocation Failure)
[170.596s][info][gc,heap        ] GC(327) PSYoungGen: 253952K(293888K)->1396K(291840K) Eden: 253952K(253952K)->0K(253952K) From: 0K(39936K)->1396K(37888K)
[170.596s][info][gc,heap        ] GC(327) ParOldGen: 292712K(392704K)->292712K(392704K)
[170.596s][info][gc,metaspace   ] GC(327) Metaspace: 56673K(56960K)->56673K(56960K) NonClass: 51049K(51264K)->51049K(51264K) Class: 5623K(5696K)->5623K(5696K)
[170.596s][info][gc             ] GC(327) Pause Young (Allocation Failure) 533M->287M(668M) 3.333ms
[170.596s][info][gc,cpu         ] GC(327) User=0.01s Sys=0.00s Real=0.00s
[171.193s][info][gc,start       ] GC(328) Pause Young (Allocation Failure)
[171.196s][info][gc,heap        ] GC(328) PSYoungGen: 255348K(291840K)->1161K(292864K) Eden: 253952K(253952K)->0K(253952K) From: 1396K(37888K)->1161K(38912K)
[171.196s][info][gc,heap        ] GC(328) ParOldGen: 292712K(392704K)->292936K(392704K)
[171.196s][info][gc,metaspace   ] GC(328) Metaspace: 56673K(56960K)->56673K(56960K) NonClass: 51049K(51264K)->51049K(51264K) Class: 5623K(5696K)->5623K(5696K)
[171.196s][info][gc             ] GC(328) Pause Young (Allocation Failure) 535M->287M(669M) 3.001ms
[171.196s][info][gc,cpu         ] GC(328) User=0.01s Sys=0.00s Real=0.00s
[171.788s][info][gc,start       ] GC(329) Pause Young (Allocation Failure)
[171.791s][info][gc,heap        ] GC(329) PSYoungGen: 255113K(292864K)->736K(266752K) Eden: 253952K(253952K)->0K(244224K) From: 1161K(38912K)->736K(22528K)
[171.791s][info][gc,heap        ] GC(329) ParOldGen: 292936K(392704K)->292952K(392704K)
[171.791s][info][gc,metaspace   ] GC(329) Metaspace: 56673K(56960K)->56673K(56960K) NonClass: 51049K(51264K)->51049K(51264K) Class: 5623K(5696K)->5623K(5696K)
[171.791s][info][gc             ] GC(329) Pause Young (Allocation Failure) 535M->286M(644M) 3.136ms
[171.791s][info][gc,cpu         ] GC(329) User=0.00s Sys=0.00s Real=0.00s
[172.328s][info][gc,start       ] GC(330) Pause Young (Allocation Failure)
[172.331s][info][gc,heap        ] GC(330) PSYoungGen: 244960K(266752K)->1247K(236544K) Eden: 244224K(244224K)->0K(235008K) From: 736K(22528K)->1247K(1536K)
[172.331s][info][gc,heap        ] GC(330) ParOldGen: 292952K(392704K)->292968K(392704K)
[172.331s][info][gc,metaspace   ] GC(330) Metaspace: 56673K(56960K)->56673K(56960K) NonClass: 51049K(51264K)->51049K(51264K) Class: 5623K(5696K)->5623K(5696K)
[172.331s][info][gc             ] GC(330) Pause Young (Allocation Failure) 525M->287M(614M) 3.664ms
[172.331s][info][gc,cpu         ] GC(330) User=0.00s Sys=0.00s Real=0.00s
[172.904s][info][gc,start       ] GC(331) Pause Young (Allocation Failure)
[172.908s][info][gc,heap        ] GC(331) PSYoungGen: 236255K(236544K)->2303K(250368K) Eden: 235008K(235008K)->0K(226304K) From: 1247K(1536K)->2303K(24064K)
[172.908s][info][gc,heap        ] GC(331) ParOldGen: 292968K(392704K)->292984K(392704K)
[172.908s][info][gc,metaspace   ] GC(331) Metaspace: 56673K(56960K)->56673K(56960K) NonClass: 51049K(51264K)->51049K(51264K) Class: 5623K(5696K)->5623K(5696K)
[172.908s][info][gc             ] GC(331) Pause Young (Allocation Failure) 516M->288M(628M) 4.730ms
[172.908s][info][gc,cpu         ] GC(331) User=0.00s Sys=0.00s Real=0.01s
[173.425s][info][gc,start       ] GC(332) Pause Young (Allocation Failure)
[173.429s][info][gc,heap        ] GC(332) PSYoungGen: 228607K(250368K)->2047K(220160K) Eden: 226304K(226304K)->0K(218112K) From: 2303K(24064K)->2047K(2048K)
[173.429s][info][gc,heap        ] GC(332) ParOldGen: 292984K(392704K)->293000K(392704K)
[173.429s][info][gc,metaspace   ] GC(332) Metaspace: 56673K(56960K)->56673K(56960K) NonClass: 51049K(51264K)->51049K(51264K) Class: 5623K(5696K)->5623K(5696K)
[173.429s][info][gc             ] GC(332) Pause Young (Allocation Failure) 509M->288M(598M) 4.317ms
[173.429s][info][gc,cpu         ] GC(332) User=0.01s Sys=0.00s Real=0.01s
[173.930s][info][gc,start       ] GC(333) Pause Young (Allocation Failure)
[173.933s][info][gc,heap        ] GC(333) PSYoungGen: 219892K(220160K)->704K(231424K) Eden: 217845K(218112K)->0K(209920K) From: 2047K(2048K)->704K(21504K)
[173.933s][info][gc,heap        ] GC(333) ParOldGen: 293000K(392704K)->293016K(392704K)
[173.933s][info][gc,metaspace   ] GC(333) Metaspace: 56673K(56960K)->56673K(56960K) NonClass: 51049K(51264K)->51049K(51264K) Class: 5623K(5696K)->5623K(5696K)
[173.933s][info][gc             ] GC(333) Pause Young (Allocation Failure) 500M->286M(609M) 2.964ms
[173.933s][info][gc,cpu         ] GC(333) User=0.01s Sys=0.01s Real=0.00s
[174.430s][info][gc,start       ] GC(334) Pause Young (Allocation Failure)
[174.434s][info][gc,heap        ] GC(334) PSYoungGen: 210624K(231424K)->1088K(203776K) Eden: 209920K(209920K)->0K(202240K) From: 704K(21504K)->1088K(1536K)
[174.434s][info][gc,heap        ] GC(334) ParOldGen: 293016K(392704K)->293032K(392704K)
[174.434s][info][gc,metaspace   ] GC(334) Metaspace: 56673K(56960K)->56673K(56960K) NonClass: 51049K(51264K)->51049K(51264K) Class: 5623K(5696K)->5623K(5696K)
[174.434s][info][gc             ] GC(334) Pause Young (Allocation Failure) 491M->287M(582M) 3.501ms
[174.434s][info][gc,cpu         ] GC(334) User=0.01s Sys=0.00s Real=0.00s
[174.919s][info][gc,start       ] GC(335) Pause Young (Allocation Failure)
[174.925s][info][gc,heap        ] GC(335) PSYoungGen: 203328K(203776K)->3390K(213504K) Eden: 202240K(202240K)->0K(195072K) From: 1088K(1536K)->3390K(18432K)
[174.925s][info][gc,heap        ] GC(335) ParOldGen: 293032K(392704K)->293048K(392704K)
[174.925s][info][gc,metaspace   ] GC(335) Metaspace: 56673K(56960K)->56673K(56960K) NonClass: 51049K(51264K)->51049K(51264K) Class: 5623K(5696K)->5623K(5696K)
[174.925s][info][gc             ] GC(335) Pause Young (Allocation Failure) 484M->289M(592M) 5.851ms
[174.925s][info][gc,cpu         ] GC(335) User=0.01s Sys=0.01s Real=0.00s
[175.399s][info][gc,start       ] GC(336) Pause Young (Allocation Failure)
[175.404s][info][gc,heap        ] GC(336) PSYoungGen: 198462K(213504K)->2847K(190976K) Eden: 195072K(195072K)->0K(187904K) From: 3390K(18432K)->2847K(3072K)
[175.404s][info][gc,heap        ] GC(336) ParOldGen: 293048K(392704K)->293064K(392704K)
[175.404s][info][gc,metaspace   ] GC(336) Metaspace: 56673K(56960K)->56673K(56960K) NonClass: 51049K(51264K)->51049K(51264K) Class: 5623K(5696K)->5623K(5696K)
[175.404s][info][gc             ] GC(336) Pause Young (Allocation Failure) 479M->288M(570M) 5.166ms
[175.404s][info][gc,cpu         ] GC(336) User=0.01s Sys=0.00s Real=0.00s
[175.828s][info][gc,start       ] GC(337) Pause Young (Allocation Failure)
[175.832s][info][gc,heap        ] GC(337) PSYoungGen: 190522K(190976K)->1984K(197632K) Eden: 187675K(187904K)->0K(181248K) From: 2847K(3072K)->1984K(16384K)
[175.832s][info][gc,heap        ] GC(337) ParOldGen: 293064K(392704K)->293080K(392704K)
[175.832s][info][gc,metaspace   ] GC(337) Metaspace: 56673K(56960K)->56673K(56960K) NonClass: 51049K(51264K)->51049K(51264K) Class: 5623K(5696K)->5623K(5696K)
[175.832s][info][gc             ] GC(337) Pause Young (Allocation Failure) 472M->288M(576M) 4.421ms
[175.832s][info][gc,cpu         ] GC(337) User=0.00s Sys=0.00s Real=0.00s
[176.330s][info][gc,start       ] GC(338) Pause Young (Allocation Failure)
[176.333s][info][gc,heap        ] GC(338) PSYoungGen: 183232K(197632K)->1119K(176640K) Eden: 181248K(181248K)->0K(175104K) From: 1984K(16384K)->1119K(1536K)
[176.333s][info][gc,heap        ] GC(338) ParOldGen: 293080K(392704K)->293096K(392704K)
[176.333s][info][gc,metaspace   ] GC(338) Metaspace: 56673K(56960K)->56673K(56960K) NonClass: 51049K(51264K)->51049K(51264K) Class: 5623K(5696K)->5623K(5696K)
[176.333s][info][gc             ] GC(338) Pause Young (Allocation Failure) 465M->287M(556M) 2.906ms
[176.333s][info][gc,cpu         ] GC(338) User=0.00s Sys=0.00s Real=0.00s
[176.698s][info][gc,start       ] GC(339) Pause Young (Allocation Failure)
[176.701s][info][gc,heap        ] GC(339) PSYoungGen: 176223K(176640K)->1120K(184320K) Eden: 175104K(175104K)->0K(168960K) From: 1119K(1536K)->1120K(15360K)
[176.701s][info][gc,heap        ] GC(339) ParOldGen: 293096K(392704K)->293112K(392704K)
[176.701s][info][gc,metaspace   ] GC(339) Metaspace: 56673K(56960K)->56673K(56960K) NonClass: 51049K(51264K)->51049K(51264K) Class: 5623K(5696K)->5623K(5696K)
[176.701s][info][gc             ] GC(339) Pause Young (Allocation Failure) 458M->287M(563M) 3.262ms
[176.701s][info][gc,cpu         ] GC(339) User=0.00s Sys=0.00s Real=0.00s
[177.093s][info][gc,start       ] GC(340) Pause Young (Allocation Failure)
[177.097s][info][gc,heap        ] GC(340) PSYoungGen: 170080K(184320K)->1727K(165376K) Eden: 168960K(168960K)->0K(163328K) From: 1120K(15360K)->1727K(2048K)
[177.097s][info][gc,heap        ] GC(340) ParOldGen: 293112K(392704K)->293128K(392704K)
[177.097s][info][gc,metaspace   ] GC(340) Metaspace: 56673K(56960K)->56673K(56960K) NonClass: 51049K(51264K)->51049K(51264K) Class: 5623K(5696K)->5623K(5696K)
[177.097s][info][gc             ] GC(340) Pause Young (Allocation Failure) 452M->287M(545M) 3.606ms
[177.097s][info][gc,cpu         ] GC(340) User=0.00s Sys=0.00s Real=0.01s
[177.491s][info][gc,start       ] GC(341) Pause Young (Allocation Failure)
[177.494s][info][gc,heap        ] GC(341) PSYoungGen: 165055K(165376K)->905K(171008K) Eden: 163328K(163328K)->0K(157696K) From: 1727K(2048K)->905K(13312K)
[177.494s][info][gc,heap        ] GC(341) ParOldGen: 293128K(392704K)->293144K(392704K)
[177.494s][info][gc,metaspace   ] GC(341) Metaspace: 56673K(56960K)->56673K(56960K) NonClass: 51049K(51264K)->51049K(51264K) Class: 5623K(5696K)->5623K(5696K)
[177.494s][info][gc             ] GC(341) Pause Young (Allocation Failure) 447M->287M(550M) 2.945ms
[177.494s][info][gc,cpu         ] GC(341) User=0.01s Sys=0.00s Real=0.00s
[177.821s][info][gc,start       ] GC(342) Pause Young (Allocation Failure)
[177.825s][info][gc,heap        ] GC(342) PSYoungGen: 158406K(171008K)->1376K(154112K) Eden: 157500K(157696K)->0K(152576K) From: 905K(13312K)->1376K(1536K)
[177.825s][info][gc,heap        ] GC(342) ParOldGen: 293144K(392704K)->293160K(392704K)
[177.825s][info][gc,metaspace   ] GC(342) Metaspace: 56673K(56960K)->56673K(56960K) NonClass: 51049K(51264K)->51049K(51264K) Class: 5623K(5696K)->5623K(5696K)
[177.825s][info][gc             ] GC(342) Pause Young (Allocation Failure) 440M->287M(534M) 3.626ms
[177.825s][info][gc,cpu         ] GC(342) User=0.00s Sys=0.00s Real=0.00s
[178.205s][info][gc,start       ] GC(343) Pause Young (Allocation Failure)
[178.211s][info][gc,heap        ] GC(343) PSYoungGen: 153952K(154112K)->2975K(158208K) Eden: 152576K(152576K)->0K(147456K) From: 1376K(1536K)->2975K(10752K)
[178.211s][info][gc,heap        ] GC(343) ParOldGen: 293160K(392704K)->293176K(392704K)
[178.211s][info][gc,metaspace   ] GC(343) Metaspace: 56673K(56960K)->56673K(56960K) NonClass: 51049K(51264K)->51049K(51264K) Class: 5623K(5696K)->5623K(5696K)
[178.211s][info][gc             ] GC(343) Pause Young (Allocation Failure) 436M->289M(538M) 5.293ms
[178.211s][info][gc,cpu         ] GC(343) User=0.01s Sys=0.00s Real=0.01s
[178.530s][info][gc,start       ] GC(344) Pause Young (Allocation Failure)
[178.533s][info][gc,heap        ] GC(344) PSYoungGen: 150431K(158208K)->1215K(144384K) Eden: 147456K(147456K)->0K(142848K) From: 2975K(10752K)->1215K(1536K)
[178.533s][info][gc,heap        ] GC(344) ParOldGen: 293176K(392704K)->293192K(392704K)
[178.533s][info][gc,metaspace   ] GC(344) Metaspace: 56673K(56960K)->56673K(56960K) NonClass: 51049K(51264K)->51049K(51264K) Class: 5623K(5696K)->5623K(5696K)
[178.533s][info][gc             ] GC(344) Pause Young (Allocation Failure) 433M->287M(524M) 3.059ms
[178.533s][info][gc,cpu         ] GC(344) User=0.01s Sys=0.00s Real=0.00s
[178.897s][info][gc,start       ] GC(345) Pause Young (Allocation Failure)
[178.901s][info][gc,heap        ] GC(345) PSYoungGen: 144063K(144384K)->2143K(147968K) Eden: 142848K(142848K)->0K(138240K) From: 1215K(1536K)->2143K(9728K)
[178.901s][info][gc,heap        ] GC(345) ParOldGen: 293192K(392704K)->293208K(392704K)
[178.901s][info][gc,metaspace   ] GC(345) Metaspace: 56673K(56960K)->56673K(56960K) NonClass: 51049K(51264K)->51049K(51264K) Class: 5623K(5696K)->5623K(5696K)
[178.901s][info][gc             ] GC(345) Pause Young (Allocation Failure) 427M->288M(528M) 4.037ms
[178.901s][info][gc,cpu         ] GC(345) User=0.01s Sys=0.00s Real=0.00s
[179.214s][info][gc,start       ] GC(346) Pause Young (Allocation Failure)
[179.218s][info][gc,heap        ] GC(346) PSYoungGen: 140371K(147968K)->2368K(153600K) Eden: 138228K(138240K)->0K(138240K) From: 2143K(9728K)->2368K(15360K)
[179.218s][info][gc,heap        ] GC(346) ParOldGen: 293208K(392704K)->293224K(392704K)
[179.218s][info][gc,metaspace   ] GC(346) Metaspace: 56673K(56960K)->56673K(56960K) NonClass: 51049K(51264K)->51049K(51264K) Class: 5623K(5696K)->5623K(5696K)
[179.218s][info][gc             ] GC(346) Pause Young (Allocation Failure) 423M->288M(533M) 4.268ms
[179.218s][info][gc,cpu         ] GC(346) User=0.01s Sys=0.00s Real=0.01s
[179.596s][info][gc,start       ] GC(347) Pause Young (Allocation Failure)
[179.604s][info][gc,heap        ] GC(347) PSYoungGen: 140608K(153600K)->4574K(178688K) Eden: 138240K(138240K)->0K(164864K) From: 2368K(15360K)->4574K(13824K)
[179.604s][info][gc,heap        ] GC(347) ParOldGen: 293224K(392704K)->293240K(392704K)
[179.604s][info][gc,metaspace   ] GC(347) Metaspace: 56673K(56960K)->56673K(56960K) NonClass: 51049K(51264K)->51049K(51264K) Class: 5623K(5696K)->5623K(5696K)
[179.604s][info][gc             ] GC(347) Pause Young (Allocation Failure) 423M->290M(558M) 8.029ms
[179.604s][info][gc,cpu         ] GC(347) User=0.01s Sys=0.00s Real=0.01s
[179.926s][info][gc,start       ] GC(348) Pause Young (Allocation Failure)
[179.929s][info][gc,heap        ] GC(348) PSYoungGen: 169340K(178688K)->1759K(178688K) Eden: 164765K(164864K)->0K(164864K) From: 4574K(13824K)->1759K(13824K)
[179.929s][info][gc,heap        ] GC(348) ParOldGen: 293240K(392704K)->293256K(392704K)
[179.929s][info][gc,metaspace   ] GC(348) Metaspace: 56673K(56960K)->56673K(56960K) NonClass: 51049K(51264K)->51049K(51264K) Class: 5623K(5696K)->5623K(5696K)
[179.929s][info][gc             ] GC(348) Pause Young (Allocation Failure) 451M->288M(558M) 3.168ms
[179.929s][info][gc,cpu         ] GC(348) User=0.01s Sys=0.00s Real=0.01s
[180.320s][info][gc,start       ] GC(349) Pause Young (Allocation Failure)
[180.325s][info][gc,heap        ] GC(349) PSYoungGen: 166495K(178688K)->1920K(208384K) Eden: 164736K(164864K)->0K(196608K) From: 1759K(13824K)->1920K(11776K)
[180.325s][info][gc,heap        ] GC(349) ParOldGen: 293256K(392704K)->293272K(392704K)
[180.325s][info][gc,metaspace   ] GC(349) Metaspace: 56673K(56960K)->56673K(56960K) NonClass: 51049K(51264K)->51049K(51264K) Class: 5623K(5696K)->5623K(5696K)
[180.325s][info][gc             ] GC(349) Pause Young (Allocation Failure) 448M->288M(587M) 4.503ms
[180.325s][info][gc,cpu         ] GC(349) User=0.01s Sys=0.01s Real=0.00s
[180.865s][info][gc,start       ] GC(350) Pause Young (Allocation Failure)
[180.868s][info][gc,heap        ] GC(350) PSYoungGen: 198528K(208384K)->1886K(208896K) Eden: 196608K(196608K)->0K(196608K) From: 1920K(11776K)->1886K(12288K)
[180.868s][info][gc,heap        ] GC(350) ParOldGen: 293272K(392704K)->293288K(392704K)
[180.868s][info][gc,metaspace   ] GC(350) Metaspace: 56673K(56960K)->56673K(56960K) NonClass: 51049K(51264K)->51049K(51264K) Class: 5623K(5696K)->5623K(5696K)
[180.868s][info][gc             ] GC(350) Pause Young (Allocation Failure) 480M->288M(587M) 3.489ms
[180.868s][info][gc,cpu         ] GC(350) User=0.00s Sys=0.01s Real=0.01s
[181.293s][info][gc,start       ] GC(351) Pause Young (Allocation Failure)
[181.297s][info][gc,heap        ] GC(351) PSYoungGen: 198494K(208896K)->1849K(244224K) Eden: 196608K(196608K)->0K(233984K) From: 1886K(12288K)->1849K(10240K)
[181.297s][info][gc,heap        ] GC(351) ParOldGen: 293288K(392704K)->293304K(392704K)
[181.297s][info][gc,metaspace   ] GC(351) Metaspace: 56673K(56960K)->56673K(56960K) NonClass: 51049K(51264K)->51049K(51264K) Class: 5623K(5696K)->5623K(5696K)
[181.297s][info][gc             ] GC(351) Pause Young (Allocation Failure) 480M->288M(622M) 3.715ms
[181.297s][info][gc,cpu         ] GC(351) User=0.00s Sys=0.00s Real=0.01s
[181.871s][info][gc,start       ] GC(352) Pause Young (Allocation Failure)
[181.888s][info][gc,heap        ] GC(352) PSYoungGen: 235593K(244224K)->3071K(244736K) Eden: 233743K(233984K)->0K(233984K) From: 1849K(10240K)->3071K(10752K)
[181.888s][info][gc,heap        ] GC(352) ParOldGen: 293304K(392704K)->293320K(392704K)
[181.888s][info][gc,metaspace   ] GC(352) Metaspace: 56673K(56960K)->56673K(56960K) NonClass: 51049K(51264K)->51049K(51264K) Class: 5623K(5696K)->5623K(5696K)
[181.888s][info][gc             ] GC(352) Pause Young (Allocation Failure) 516M->289M(622M) 17.594ms
[181.888s][info][gc,cpu         ] GC(352) User=0.01s Sys=0.00s Real=0.02s
[182.396s][info][gc,start       ] GC(353) Pause Young (Allocation Failure)
[182.400s][info][gc,heap        ] GC(353) PSYoungGen: 237055K(244736K)->1598K(287744K) Eden: 233984K(233984K)->0K(279040K) From: 3071K(10752K)->1598K(8704K)
[182.400s][info][gc,heap        ] GC(353) ParOldGen: 293320K(392704K)->293336K(392704K)
[182.400s][info][gc,metaspace   ] GC(353) Metaspace: 56673K(56960K)->56673K(56960K) NonClass: 51049K(51264K)->51049K(51264K) Class: 5623K(5696K)->5623K(5696K)
[182.400s][info][gc             ] GC(353) Pause Young (Allocation Failure) 517M->288M(664M) 4.528ms
[182.400s][info][gc,cpu         ] GC(353) User=0.01s Sys=0.00s Real=0.01s
[183.036s][info][gc,start       ] GC(354) Pause Young (Allocation Failure)
[183.040s][info][gc,heap        ] GC(354) PSYoungGen: 280638K(287744K)->2366K(288768K) Eden: 279040K(279040K)->0K(279040K) From: 1598K(8704K)->2366K(9728K)
[183.040s][info][gc,heap        ] GC(354) ParOldGen: 293336K(392704K)->293352K(392704K)
[183.040s][info][gc,metaspace   ] GC(354) Metaspace: 56673K(56960K)->56673K(56960K) NonClass: 51049K(51264K)->51049K(51264K) Class: 5623K(5696K)->5623K(5696K)
[183.040s][info][gc             ] GC(354) Pause Young (Allocation Failure) 560M->288M(665M) 4.439ms
[183.040s][info][gc,cpu         ] GC(354) User=0.01s Sys=0.00s Real=0.01s
[183.704s][info][gc,start       ] GC(355) Pause Young (Allocation Failure)
[183.709s][info][gc,heap        ] GC(355) PSYoungGen: 281184K(288768K)->2304K(322560K) Eden: 278817K(279040K)->0K(314880K) From: 2366K(9728K)->2304K(7680K)
[183.709s][info][gc,heap        ] GC(355) ParOldGen: 293352K(392704K)->293368K(392704K)
[183.709s][info][gc,metaspace   ] GC(355) Metaspace: 56673K(56960K)->56673K(56960K) NonClass: 51049K(51264K)->51049K(51264K) Class: 5623K(5696K)->5623K(5696K)
[183.709s][info][gc             ] GC(355) Pause Young (Allocation Failure) 561M->288M(698M) 5.067ms
[183.709s][info][gc,cpu         ] GC(355) User=0.00s Sys=0.01s Real=0.01s
[184.486s][info][gc,start       ] GC(356) Pause Young (Allocation Failure)
[184.488s][info][gc,heap        ] GC(356) PSYoungGen: 317184K(322560K)->320K(302592K) Eden: 314880K(314880K)->0K(302080K) From: 2304K(7680K)->320K(512K)
[184.488s][info][gc,heap        ] GC(356) ParOldGen: 293368K(392704K)->293384K(392704K)
[184.488s][info][gc,metaspace   ] GC(356) Metaspace: 56673K(56960K)->56673K(56960K) NonClass: 51049K(51264K)->51049K(51264K) Class: 5623K(5696K)->5623K(5696K)
[184.488s][info][gc             ] GC(356) Pause Young (Allocation Failure) 596M->286M(679M) 1.919ms
[184.488s][info][gc,cpu         ] GC(356) User=0.00s Sys=0.00s Real=0.01s
[185.216s][info][gc,start       ] GC(357) Pause Young (Allocation Failure)
[185.220s][info][gc,heap        ] GC(357) PSYoungGen: 302400K(302592K)->2078K(292352K) Eden: 302080K(302080K)->0K(289792K) From: 320K(512K)->2078K(2560K)
[185.220s][info][gc,heap        ] GC(357) ParOldGen: 293384K(392704K)->293408K(392704K)
[185.220s][info][gc,metaspace   ] GC(357) Metaspace: 56673K(56960K)->56673K(56960K) NonClass: 51049K(51264K)->51049K(51264K) Class: 5623K(5696K)->5623K(5696K)
[185.220s][info][gc             ] GC(357) Pause Young (Allocation Failure) 581M->288M(669M) 4.048ms
[185.220s][info][gc,cpu         ] GC(357) User=0.01s Sys=0.00s Real=0.01s
[185.889s][info][gc,start       ] GC(358) Pause Young (Allocation Failure)
[185.891s][info][gc,heap        ] GC(358) PSYoungGen: 291870K(292352K)->927K(279552K) Eden: 289792K(289792K)->0K(278528K) From: 2078K(2560K)->927K(1024K)
[185.891s][info][gc,heap        ] GC(358) ParOldGen: 293408K(392704K)->293424K(392704K)
[185.891s][info][gc,metaspace   ] GC(358) Metaspace: 56673K(56960K)->56673K(56960K) NonClass: 51049K(51264K)->51049K(51264K) Class: 5623K(5696K)->5623K(5696K)
[185.891s][info][gc             ] GC(358) Pause Young (Allocation Failure) 571M->287M(656M) 2.400ms
[185.891s][info][gc,cpu         ] GC(358) User=0.00s Sys=0.00s Real=0.00s
[186.517s][info][gc,start       ] GC(359) Pause Young (Allocation Failure)
[186.522s][info][gc,heap        ] GC(359) PSYoungGen: 279455K(279552K)->2783K(270848K) Eden: 278528K(278528K)->0K(267776K) From: 927K(1024K)->2783K(3072K)
[186.522s][info][gc,heap        ] GC(359) ParOldGen: 293424K(392704K)->293440K(392704K)
[186.522s][info][gc,metaspace   ] GC(359) Metaspace: 56673K(56960K)->56673K(56960K) NonClass: 51049K(51264K)->51049K(51264K) Class: 5623K(5696K)->5623K(5696K)
[186.522s][info][gc             ] GC(359) Pause Young (Allocation Failure) 559M->289M(648M) 4.538ms
[186.522s][info][gc,cpu         ] GC(359) User=0.01s Sys=0.00s Real=0.00s
[187.191s][info][gc,start       ] GC(360) Pause Young (Allocation Failure)
[187.194s][info][gc,heap        ] GC(360) PSYoungGen: 270559K(270848K)->1192K(259072K) Eden: 267776K(267776K)->0K(257536K) From: 2783K(3072K)->1192K(1536K)
[187.194s][info][gc,heap        ] GC(360) ParOldGen: 293440K(392704K)->293456K(392704K)
[187.194s][info][gc,metaspace   ] GC(360) Metaspace: 56673K(56960K)->56673K(56960K) NonClass: 51049K(51264K)->51049K(51264K) Class: 5623K(5696K)->5623K(5696K)
[187.194s][info][gc             ] GC(360) Pause Young (Allocation Failure) 550M->287M(636M) 3.098ms
[187.194s][info][gc,cpu         ] GC(360) User=0.00s Sys=0.00s Real=0.00s
[187.796s][info][gc,start       ] GC(361) Pause Young (Allocation Failure)
[187.800s][info][gc,heap        ] GC(361) PSYoungGen: 258728K(259072K)->2239K(250368K) Eden: 257536K(257536K)->0K(247808K) From: 1192K(1536K)->2239K(2560K)
[187.800s][info][gc,heap        ] GC(361) ParOldGen: 293456K(392704K)->293472K(392704K)
[187.800s][info][gc,metaspace   ] GC(361) Metaspace: 56673K(56960K)->56673K(56960K) NonClass: 51049K(51264K)->51049K(51264K) Class: 5623K(5696K)->5623K(5696K)
[187.800s][info][gc             ] GC(361) Pause Young (Allocation Failure) 539M->288M(628M) 4.253ms
[187.800s][info][gc,cpu         ] GC(361) User=0.01s Sys=0.00s Real=0.01s
[188.394s][info][gc,start       ] GC(362) Pause Young (Allocation Failure)
[188.398s][info][gc,heap        ] GC(362) PSYoungGen: 250047K(250368K)->1375K(240128K) Eden: 247808K(247808K)->0K(238592K) From: 2239K(2560K)->1375K(1536K)
[188.398s][info][gc,heap        ] GC(362) ParOldGen: 293472K(392704K)->293488K(392704K)
[188.398s][info][gc,metaspace   ] GC(362) Metaspace: 56673K(56960K)->56673K(56960K) NonClass: 51049K(51264K)->51049K(51264K) Class: 5623K(5696K)->5623K(5696K)
[188.398s][info][gc             ] GC(362) Pause Young (Allocation Failure) 530M->287M(618M) 3.203ms
[188.398s][info][gc,cpu         ] GC(362) User=0.00s Sys=0.00s Real=0.01s
[188.921s][info][gc,start       ] GC(363) Pause Young (Allocation Failure)
[188.925s][info][gc,heap        ] GC(363) PSYoungGen: 239967K(240128K)->1472K(230912K) Eden: 238592K(238592K)->0K(229376K) From: 1375K(1536K)->1472K(1536K)
[188.925s][info][gc,heap        ] GC(363) ParOldGen: 293488K(392704K)->293504K(392704K)
[188.925s][info][gc,metaspace   ] GC(363) Metaspace: 56673K(56960K)->56673K(56960K) NonClass: 51049K(51264K)->51049K(51264K) Class: 5623K(5696K)->5623K(5696K)
[188.925s][info][gc             ] GC(363) Pause Young (Allocation Failure) 520M->288M(609M) 3.591ms
[188.925s][info][gc,cpu         ] GC(363) User=0.01s Sys=0.00s Real=0.00s
[189.498s][info][gc,start       ] GC(364) Pause Young (Allocation Failure)
[189.501s][info][gc,heap        ] GC(364) PSYoungGen: 230848K(230912K)->1535K(222208K) Eden: 229376K(229376K)->0K(220672K) From: 1472K(1536K)->1535K(1536K)
[189.501s][info][gc,heap        ] GC(364) ParOldGen: 293504K(392704K)->293520K(392704K)
[189.501s][info][gc,metaspace   ] GC(364) Metaspace: 56673K(56960K)->56673K(56960K) NonClass: 51049K(51264K)->51049K(51264K) Class: 5623K(5696K)->5623K(5696K)
[189.501s][info][gc             ] GC(364) Pause Young (Allocation Failure) 512M->288M(600M) 2.930ms
[189.501s][info][gc,cpu         ] GC(364) User=0.01s Sys=0.00s Real=0.00s
[190.002s][info][gc,start       ] GC(365) Pause Young (Allocation Failure)
[190.007s][info][gc,heap        ] GC(365) PSYoungGen: 222207K(222208K)->2912K(215552K) Eden: 220672K(220672K)->0K(212480K) From: 1535K(1536K)->2912K(3072K)
[190.007s][info][gc,heap        ] GC(365) ParOldGen: 293520K(392704K)->293536K(392704K)
[190.007s][info][gc,metaspace   ] GC(365) Metaspace: 56673K(56960K)->56673K(56960K) NonClass: 51049K(51264K)->51049K(51264K) Class: 5623K(5696K)->5623K(5696K)
[190.007s][info][gc             ] GC(365) Pause Young (Allocation Failure) 503M->289M(594M) 4.958ms
[190.007s][info][gc,cpu         ] GC(365) User=0.01s Sys=0.00s Real=0.01s
[190.540s][info][gc,start       ] GC(366) Pause Young (Allocation Failure)
[190.544s][info][gc,heap        ] GC(366) PSYoungGen: 215392K(215552K)->2943K(207872K) Eden: 212480K(212480K)->0K(204800K) From: 2912K(3072K)->2943K(3072K)
[190.544s][info][gc,heap        ] GC(366) ParOldGen: 293536K(392704K)->293552K(392704K)
[190.544s][info][gc,metaspace   ] GC(366) Metaspace: 56673K(56960K)->56673K(56960K) NonClass: 51049K(51264K)->51049K(51264K) Class: 5623K(5696K)->5623K(5696K)
[190.544s][info][gc             ] GC(366) Pause Young (Allocation Failure) 497M->289M(586M) 4.708ms
[190.544s][info][gc,cpu         ] GC(366) User=0.00s Sys=0.00s Real=0.00s
[190.998s][info][gc,start       ] GC(367) Pause Young (Allocation Failure)
[191.002s][info][gc,heap        ] GC(367) PSYoungGen: 207743K(207872K)->2431K(199680K) Eden: 204800K(204800K)->0K(197120K) From: 2943K(3072K)->2431K(2560K)
[191.003s][info][gc,heap        ] GC(367) ParOldGen: 293552K(392704K)->293568K(392704K)
[191.003s][info][gc,metaspace   ] GC(367) Metaspace: 56673K(56960K)->56673K(56960K) NonClass: 51049K(51264K)->51049K(51264K) Class: 5623K(5696K)->5623K(5696K)
[191.003s][info][gc             ] GC(367) Pause Young (Allocation Failure) 489M->289M(578M) 4.084ms
[191.003s][info][gc,cpu         ] GC(367) User=0.00s Sys=0.00s Real=0.00s
[191.491s][info][gc,start       ] GC(368) Pause Young (Allocation Failure)
[191.494s][info][gc,heap        ] GC(368) PSYoungGen: 199551K(199680K)->1225K(191488K) Eden: 197120K(197120K)->0K(189952K) From: 2431K(2560K)->1225K(1536K)
[191.494s][info][gc,heap        ] GC(368) ParOldGen: 293568K(392704K)->293584K(392704K)
[191.494s][info][gc,metaspace   ] GC(368) Metaspace: 56673K(56960K)->56673K(56960K) NonClass: 51049K(51264K)->51049K(51264K) Class: 5623K(5696K)->5623K(5696K)
[191.494s][info][gc             ] GC(368) Pause Young (Allocation Failure) 481M->287M(570M) 2.923ms
[191.494s][info][gc,cpu         ] GC(368) User=0.00s Sys=0.00s Real=0.00s
[191.914s][info][gc,start       ] GC(369) Pause Young (Allocation Failure)
[191.918s][info][gc,heap        ] GC(369) PSYoungGen: 190941K(191488K)->2496K(185856K) Eden: 189715K(189952K)->0K(183296K) From: 1225K(1536K)->2496K(2560K)
[191.918s][info][gc,heap        ] GC(369) ParOldGen: 293584K(392704K)->293600K(392704K)
[191.918s][info][gc,metaspace   ] GC(369) Metaspace: 56673K(56960K)->56673K(56960K) NonClass: 51049K(51264K)->51049K(51264K) Class: 5623K(5696K)->5623K(5696K)
[191.918s][info][gc             ] GC(369) Pause Young (Allocation Failure) 473M->289M(565M) 4.378ms
[191.918s][info][gc,cpu         ] GC(369) User=0.01s Sys=0.00s Real=0.01s
[192.388s][info][gc,start       ] GC(370) Pause Young (Allocation Failure)
[192.390s][info][gc,heap        ] GC(370) PSYoungGen: 185792K(185856K)->704K(177664K) Eden: 183296K(183296K)->0K(176640K) From: 2496K(2560K)->704K(1024K)
[192.390s][info][gc,heap        ] GC(370) ParOldGen: 293600K(392704K)->293616K(392704K)
[192.390s][info][gc,metaspace   ] GC(370) Metaspace: 56673K(56960K)->56673K(56960K) NonClass: 51049K(51264K)->51049K(51264K) Class: 5623K(5696K)->5623K(5696K)
[192.391s][info][gc             ] GC(370) Pause Young (Allocation Failure) 468M->287M(557M) 2.268ms
[192.391s][info][gc,cpu         ] GC(370) User=0.00s Sys=0.00s Real=0.00s
[192.797s][info][gc,start       ] GC(371) Pause Young (Allocation Failure)
[192.801s][info][gc,heap        ] GC(371) PSYoungGen: 177344K(177664K)->2270K(173056K) Eden: 176640K(176640K)->0K(170496K) From: 704K(1024K)->2270K(2560K)
[192.801s][info][gc,heap        ] GC(371) ParOldGen: 293616K(392704K)->293632K(392704K)
[192.801s][info][gc,metaspace   ] GC(371) Metaspace: 56673K(56960K)->56673K(56960K) NonClass: 51049K(51264K)->51049K(51264K) Class: 5623K(5696K)->5623K(5696K)
[192.801s][info][gc             ] GC(371) Pause Young (Allocation Failure) 459M->288M(552M) 3.455ms
[192.801s][info][gc,cpu         ] GC(371) User=0.01s Sys=0.00s Real=0.00s
[193.200s][info][gc,start       ] GC(372) Pause Young (Allocation Failure)
[193.204s][info][gc,heap        ] GC(372) PSYoungGen: 172766K(173056K)->2143K(167424K) Eden: 170496K(170496K)->0K(164864K) From: 2270K(2560K)->2143K(2560K)
[193.204s][info][gc,heap        ] GC(372) ParOldGen: 293632K(392704K)->293648K(392704K)
[193.204s][info][gc,metaspace   ] GC(372) Metaspace: 56673K(56960K)->56673K(56960K) NonClass: 51049K(51264K)->51049K(51264K) Class: 5623K(5696K)->5623K(5696K)
[193.204s][info][gc             ] GC(372) Pause Young (Allocation Failure) 455M->288M(547M) 3.850ms
[193.204s][info][gc,cpu         ] GC(372) User=0.01s Sys=0.00s Real=0.00s
[193.653s][info][gc,start       ] GC(373) Pause Young (Allocation Failure)
[193.657s][info][gc,heap        ] GC(373) PSYoungGen: 167007K(167424K)->1312K(160768K) Eden: 164864K(164864K)->0K(159232K) From: 2143K(2560K)->1312K(1536K)
[193.657s][info][gc,heap        ] GC(373) ParOldGen: 293648K(392704K)->293664K(392704K)
[193.657s][info][gc,metaspace   ] GC(373) Metaspace: 56673K(56960K)->56673K(56960K) NonClass: 51049K(51264K)->51049K(51264K) Class: 5623K(5696K)->5623K(5696K)
[193.657s][info][gc             ] GC(373) Pause Young (Allocation Failure) 449M->288M(540M) 3.159ms
[193.657s][info][gc,cpu         ] GC(373) User=0.01s Sys=0.00s Real=0.01s
[193.991s][info][gc,start       ] GC(374) Pause Young (Allocation Failure)
[193.994s][info][gc,heap        ] GC(374) PSYoungGen: 160544K(160768K)->1184K(155648K) Eden: 159232K(159232K)->0K(154112K) From: 1312K(1536K)->1184K(1536K)
[193.994s][info][gc,heap        ] GC(374) ParOldGen: 293664K(392704K)->293680K(392704K)
[193.994s][info][gc,metaspace   ] GC(374) Metaspace: 56673K(56960K)->56673K(56960K) NonClass: 51049K(51264K)->51049K(51264K) Class: 5623K(5696K)->5623K(5696K)
[193.994s][info][gc             ] GC(374) Pause Young (Allocation Failure) 443M->287M(535M) 2.828ms
[193.994s][info][gc,cpu         ] GC(374) User=0.01s Sys=0.00s Real=0.00s
[194.319s][info][gc,start       ] GC(375) Pause Young (Allocation Failure)
[194.323s][info][gc,heap        ] GC(375) PSYoungGen: 155295K(155648K)->2111K(151552K) Eden: 154111K(154112K)->0K(148992K) From: 1184K(1536K)->2111K(2560K)
[194.323s][info][gc,heap        ] GC(375) ParOldGen: 293680K(392704K)->293696K(392704K)
[194.323s][info][gc,metaspace   ] GC(375) Metaspace: 56673K(56960K)->56673K(56960K) NonClass: 51049K(51264K)->51049K(51264K) Class: 5623K(5696K)->5623K(5696K)
[194.323s][info][gc             ] GC(375) Pause Young (Allocation Failure) 438M->288M(531M) 3.708ms
[194.323s][info][gc,cpu         ] GC(375) User=0.00s Sys=0.00s Real=0.00s
[194.736s][info][gc,start       ] GC(376) Pause Young (Allocation Failure)
[194.739s][info][gc,heap        ] GC(376) PSYoungGen: 151103K(151552K)->2015K(146432K) Eden: 148992K(148992K)->0K(144384K) From: 2111K(2560K)->2015K(2048K)
[194.739s][info][gc,heap        ] GC(376) ParOldGen: 293696K(392704K)->293712K(392704K)
[194.739s][info][gc,metaspace   ] GC(376) Metaspace: 56673K(56960K)->56673K(56960K) NonClass: 51049K(51264K)->51049K(51264K) Class: 5623K(5696K)->5623K(5696K)
[194.739s][info][gc             ] GC(376) Pause Young (Allocation Failure) 434M->288M(526M) 3.565ms
[194.739s][info][gc,cpu         ] GC(376) User=0.01s Sys=0.00s Real=0.01s
[195.012s][info][gc,start       ] GC(377) Pause Young (Allocation Failure)
[195.017s][info][gc,heap        ] GC(377) PSYoungGen: 146399K(146432K)->3230K(175616K) Eden: 144384K(144384K)->0K(172032K) From: 2015K(2048K)->3230K(3584K)
[195.017s][info][gc,heap        ] GC(377) ParOldGen: 293712K(392704K)->293728K(392704K)
[195.017s][info][gc,metaspace   ] GC(377) Metaspace: 56673K(56960K)->56673K(56960K) NonClass: 51049K(51264K)->51049K(51264K) Class: 5623K(5696K)->5623K(5696K)
[195.017s][info][gc             ] GC(377) Pause Young (Allocation Failure) 429M->289M(555M) 4.613ms
[195.017s][info][gc,cpu         ] GC(377) User=0.01s Sys=0.00s Real=0.01s
[195.421s][info][gc,start       ] GC(378) Pause Young (Allocation Failure)
[195.424s][info][gc,heap        ] GC(378) PSYoungGen: 175208K(175616K)->1568K(167936K) Eden: 171977K(172032K)->0K(165888K) From: 3230K(3584K)->1568K(2048K)
[195.424s][info][gc,heap        ] GC(378) ParOldGen: 293728K(392704K)->293744K(392704K)
[195.424s][info][gc,metaspace   ] GC(378) Metaspace: 56673K(56960K)->56673K(56960K) NonClass: 51049K(51264K)->51049K(51264K) Class: 5623K(5696K)->5623K(5696K)
[195.424s][info][gc             ] GC(378) Pause Young (Allocation Failure) 457M->288M(547M) 3.380ms
[195.424s][info][gc,cpu         ] GC(378) User=0.01s Sys=0.00s Real=0.00s
[195.817s][info][gc,start       ] GC(379) Pause Young (Allocation Failure)
[195.821s][info][gc,heap        ] GC(379) PSYoungGen: 167383K(167936K)->2464K(199680K) Eden: 165815K(165888K)->0K(197120K) From: 1568K(2048K)->2464K(2560K)
[195.821s][info][gc,heap        ] GC(379) ParOldGen: 293744K(392704K)->293760K(392704K)
[195.821s][info][gc,metaspace   ] GC(379) Metaspace: 56673K(56960K)->56673K(56960K) NonClass: 51049K(51264K)->51049K(51264K) Class: 5623K(5696K)->5623K(5696K)
[195.821s][info][gc             ] GC(379) Pause Young (Allocation Failure) 450M->289M(578M) 4.336ms
[195.821s][info][gc,cpu         ] GC(379) User=0.01s Sys=0.00s Real=0.00s
[196.300s][info][gc,start       ] GC(380) Pause Young (Allocation Failure)
[196.304s][info][gc,heap        ] GC(380) PSYoungGen: 199584K(199680K)->2463K(192512K) Eden: 197120K(197120K)->0K(189952K) From: 2464K(2560K)->2463K(2560K)
[196.304s][info][gc,heap        ] GC(380) ParOldGen: 293760K(392704K)->293776K(392704K)
[196.304s][info][gc,metaspace   ] GC(380) Metaspace: 56673K(56960K)->56673K(56960K) NonClass: 51049K(51264K)->51049K(51264K) Class: 5623K(5696K)->5623K(5696K)
[196.305s][info][gc             ] GC(380) Pause Young (Allocation Failure) 481M->289M(571M) 4.052ms
[196.305s][info][gc,cpu         ] GC(380) User=0.01s Sys=0.00s Real=0.00s
[196.724s][info][gc,start       ] GC(381) Pause Young (Allocation Failure)
[196.726s][info][gc,heap        ] GC(381) PSYoungGen: 192415K(192512K)->1088K(184832K) Eden: 189952K(189952K)->0K(183296K) From: 2463K(2560K)->1088K(1536K)
[196.726s][info][gc,heap        ] GC(381) ParOldGen: 293776K(392704K)->293792K(392704K)
[196.726s][info][gc,metaspace   ] GC(381) Metaspace: 56673K(56960K)->56673K(56960K) NonClass: 51049K(51264K)->51049K(51264K) Class: 5623K(5696K)->5623K(5696K)
[196.726s][info][gc             ] GC(381) Pause Young (Allocation Failure) 474M->287M(564M) 2.786ms
[196.726s][info][gc,cpu         ] GC(381) User=0.00s Sys=0.00s Real=0.01s
[197.197s][info][gc,start       ] GC(382) Pause Young (Allocation Failure)
[197.200s][info][gc,heap        ] GC(382) PSYoungGen: 184384K(184832K)->1567K(178688K) Eden: 183296K(183296K)->0K(176640K) From: 1088K(1536K)->1567K(2048K)
[197.200s][info][gc,heap        ] GC(382) ParOldGen: 293792K(392704K)->293808K(392704K)
[197.200s][info][gc,metaspace   ] GC(382) Metaspace: 56673K(56960K)->56673K(56960K) NonClass: 51049K(51264K)->51049K(51264K) Class: 5623K(5696K)->5623K(5696K)
[197.200s][info][gc             ] GC(382) Pause Young (Allocation Failure) 466M->288M(558M) 3.025ms
[197.200s][info][gc,cpu         ] GC(382) User=0.00s Sys=0.00s Real=0.00s
[197.608s][info][gc,start       ] GC(383) Pause Young (Allocation Failure)
[197.612s][info][gc,heap        ] GC(383) PSYoungGen: 178207K(178688K)->2368K(173056K) Eden: 176640K(176640K)->0K(170496K) From: 1567K(2048K)->2368K(2560K)
[197.612s][info][gc,heap        ] GC(383) ParOldGen: 293808K(392704K)->293824K(392704K)
[197.612s][info][gc,metaspace   ] GC(383) Metaspace: 56673K(56960K)->56673K(56960K) NonClass: 51049K(51264K)->51049K(51264K) Class: 5623K(5696K)->5623K(5696K)
[197.612s][info][gc             ] GC(383) Pause Young (Allocation Failure) 460M->289M(552M) 4.162ms
[197.612s][info][gc,cpu         ] GC(383) User=0.00s Sys=0.00s Real=0.00s
[198.057s][info][gc,start       ] GC(384) Pause Young (Allocation Failure)
[198.061s][info][gc,heap        ] GC(384) PSYoungGen: 172864K(173056K)->2943K(167936K) Eden: 170496K(170496K)->0K(164864K) From: 2368K(2560K)->2943K(3072K)
[198.061s][info][gc,heap        ] GC(384) ParOldGen: 293824K(392704K)->293840K(392704K)
[198.061s][info][gc,metaspace   ] GC(384) Metaspace: 56673K(56960K)->56673K(56960K) NonClass: 51049K(51264K)->51049K(51264K) Class: 5623K(5696K)->5623K(5696K)
[198.061s][info][gc             ] GC(384) Pause Young (Allocation Failure) 455M->289M(547M) 4.552ms
[198.061s][info][gc,cpu         ] GC(384) User=0.01s Sys=0.00s Real=0.00s
[198.402s][info][gc,start       ] GC(385) Pause Young (Allocation Failure)
[198.407s][info][gc,heap        ] GC(385) PSYoungGen: 167807K(167936K)->2879K(199168K) Eden: 164864K(164864K)->0K(196096K) From: 2943K(3072K)->2879K(3072K)
[198.407s][info][gc,heap        ] GC(385) ParOldGen: 293840K(392704K)->293856K(392704K)
[198.407s][info][gc,metaspace   ] GC(385) Metaspace: 56673K(56960K)->56673K(56960K) NonClass: 51049K(51264K)->51049K(51264K) Class: 5623K(5696K)->5623K(5696K)
[198.407s][info][gc             ] GC(385) Pause Young (Allocation Failure) 450M->289M(578M) 4.399ms
[198.407s][info][gc,cpu         ] GC(385) User=0.01s Sys=0.00s Real=0.01s
[198.889s][info][gc,start       ] GC(386) Pause Young (Allocation Failure)
[198.892s][info][gc,heap        ] GC(386) PSYoungGen: 198975K(199168K)->862K(189952K) Eden: 196096K(196096K)->0K(188928K) From: 2879K(3072K)->862K(1024K)
[198.892s][info][gc,heap        ] GC(386) ParOldGen: 293856K(392704K)->293872K(392704K)
[198.892s][info][gc,metaspace   ] GC(386) Metaspace: 56673K(56960K)->56673K(56960K) NonClass: 51049K(51264K)->51049K(51264K) Class: 5623K(5696K)->5623K(5696K)
[198.892s][info][gc             ] GC(386) Pause Young (Allocation Failure) 481M->287M(569M) 2.463ms
[198.892s][info][gc,cpu         ] GC(386) User=0.01s Sys=0.00s Real=0.00s
[199.302s][info][gc,start       ] GC(387) Pause Young (Allocation Failure)
[199.307s][info][gc,heap        ] GC(387) PSYoungGen: 189790K(189952K)->3263K(185856K) Eden: 188928K(188928K)->0K(182272K) From: 862K(1024K)->3263K(3584K)
[199.307s][info][gc,heap        ] GC(387) ParOldGen: 293872K(392704K)->293888K(392704K)
[199.307s][info][gc,metaspace   ] GC(387) Metaspace: 56673K(56960K)->56673K(56960K) NonClass: 51049K(51264K)->51049K(51264K) Class: 5623K(5696K)->5623K(5696K)
[199.307s][info][gc             ] GC(387) Pause Young (Allocation Failure) 472M->290M(565M) 4.933ms
[199.307s][info][gc,cpu         ] GC(387) User=0.01s Sys=0.00s Real=0.01s
[199.727s][info][gc,start       ] GC(388) Pause Young (Allocation Failure)
[199.730s][info][gc,heap        ] GC(388) PSYoungGen: 185317K(185856K)->864K(177152K) Eden: 182054K(182272K)->0K(176128K) From: 3263K(3584K)->864K(1024K)
[199.730s][info][gc,heap        ] GC(388) ParOldGen: 293888K(392704K)->293904K(392704K)
[199.730s][info][gc,metaspace   ] GC(388) Metaspace: 56673K(56960K)->56673K(56960K) NonClass: 51049K(51264K)->51049K(51264K) Class: 5623K(5696K)->5623K(5696K)
[199.730s][info][gc             ] GC(388) Pause Young (Allocation Failure) 467M->287M(556M) 2.589ms
[199.730s][info][gc,cpu         ] GC(388) User=0.00s Sys=0.00s Real=0.00s
[200.191s][info][gc,start       ] GC(389) Pause Young (Allocation Failure)
[200.194s][info][gc,heap        ] GC(389) PSYoungGen: 176992K(177152K)->1439K(171520K) Eden: 176128K(176128K)->0K(169984K) From: 864K(1024K)->1439K(1536K)
[200.194s][info][gc,heap        ] GC(389) ParOldGen: 293904K(392704K)->293920K(392704K)
[200.194s][info][gc,metaspace   ] GC(389) Metaspace: 56673K(56960K)->56673K(56960K) NonClass: 51049K(51264K)->51049K(51264K) Class: 5623K(5696K)->5623K(5696K)
[200.194s][info][gc             ] GC(389) Pause Young (Allocation Failure) 459M->288M(551M) 3.004ms
[200.194s][info][gc,cpu         ] GC(389) User=0.01s Sys=0.00s Real=0.00s
[200.593s][info][gc,start       ] GC(390) Pause Young (Allocation Failure)
[200.596s][info][gc,heap        ] GC(390) PSYoungGen: 171423K(171520K)->1344K(165888K) Eden: 169984K(169984K)->0K(164352K) From: 1439K(1536K)->1344K(1536K)
[200.596s][info][gc,heap        ] GC(390) ParOldGen: 293920K(392704K)->293936K(392704K)
[200.596s][info][gc,metaspace   ] GC(390) Metaspace: 56673K(56960K)->56673K(56960K) NonClass: 51049K(51264K)->51049K(51264K) Class: 5623K(5696K)->5623K(5696K)
[200.596s][info][gc             ] GC(390) Pause Young (Allocation Failure) 454M->288M(545M) 2.932ms
[200.596s][info][gc,cpu         ] GC(390) User=0.00s Sys=0.00s Real=0.01s
[200.992s][info][gc,start       ] GC(391) Pause Young (Allocation Failure)
[200.995s][info][gc,heap        ] GC(391) PSYoungGen: 165696K(165888K)->990K(159744K) Eden: 164352K(164352K)->0K(158720K) From: 1344K(1536K)->990K(1024K)
[200.995s][info][gc,heap        ] GC(391) ParOldGen: 293936K(392704K)->293952K(392704K)
[200.995s][info][gc,metaspace   ] GC(391) Metaspace: 56673K(56960K)->56673K(56960K) NonClass: 51049K(51264K)->51049K(51264K) Class: 5623K(5696K)->5623K(5696K)
[200.995s][info][gc             ] GC(391) Pause Young (Allocation Failure) 448M->288M(539M) 2.781ms
[200.995s][info][gc,cpu         ] GC(391) User=0.00s Sys=0.00s Real=0.00s
[201.407s][info][gc,start       ] GC(392) Pause Young (Allocation Failure)
[201.410s][info][gc,heap        ] GC(392) PSYoungGen: 159710K(159744K)->2718K(156672K) Eden: 158720K(158720K)->0K(153600K) From: 990K(1024K)->2718K(3072K)
[201.410s][info][gc,heap        ] GC(392) ParOldGen: 293952K(392704K)->293968K(392704K)
[201.410s][info][gc,metaspace   ] GC(392) Metaspace: 56673K(56960K)->56673K(56960K) NonClass: 51049K(51264K)->51049K(51264K) Class: 5623K(5696K)->5623K(5696K)
[201.411s][info][gc             ] GC(392) Pause Young (Allocation Failure) 443M->289M(536M) 3.921ms
[201.411s][info][gc,cpu         ] GC(392) User=0.01s Sys=0.00s Real=0.00s
[201.708s][info][gc,start       ] GC(393) Pause Young (Allocation Failure)
[201.713s][info][gc,heap        ] GC(393) PSYoungGen: 156318K(156672K)->2528K(151040K) Eden: 153600K(153600K)->0K(148480K) From: 2718K(3072K)->2528K(2560K)
[201.713s][info][gc,heap        ] GC(393) ParOldGen: 293968K(392704K)->293984K(392704K)
[201.713s][info][gc,metaspace   ] GC(393) Metaspace: 56673K(56960K)->56673K(56960K) NonClass: 51049K(51264K)->51049K(51264K) Class: 5623K(5696K)->5623K(5696K)
[201.713s][info][gc             ] GC(393) Pause Young (Allocation Failure) 439M->289M(531M) 4.535ms
[201.713s][info][gc,cpu         ] GC(393) User=0.01s Sys=0.00s Real=0.00s
[202.093s][info][gc,start       ] GC(394) Pause Young (Allocation Failure)
[202.096s][info][gc,heap        ] GC(394) PSYoungGen: 151008K(151040K)->1471K(145408K) Eden: 148480K(148480K)->0K(143872K) From: 2528K(2560K)->1471K(1536K)
[202.096s][info][gc,heap        ] GC(394) ParOldGen: 293984K(392704K)->294000K(392704K)
[202.096s][info][gc,metaspace   ] GC(394) Metaspace: 56673K(56960K)->56673K(56960K) NonClass: 51049K(51264K)->51049K(51264K) Class: 5623K(5696K)->5623K(5696K)
[202.096s][info][gc             ] GC(394) Pause Young (Allocation Failure) 434M->288M(525M) 2.880ms
[202.096s][info][gc,cpu         ] GC(394) User=0.00s Sys=0.00s Real=0.00s
[202.413s][info][gc,start       ] GC(395) Pause Young (Allocation Failure)
[202.418s][info][gc,heap        ] GC(395) PSYoungGen: 145343K(145408K)->2432K(174080K) Eden: 143872K(143872K)->0K(171520K) From: 1471K(1536K)->2432K(2560K)
[202.418s][info][gc,heap        ] GC(395) ParOldGen: 294000K(392704K)->294016K(392704K)
[202.418s][info][gc,metaspace   ] GC(395) Metaspace: 56673K(56960K)->56673K(56960K) NonClass: 51049K(51264K)->51049K(51264K) Class: 5623K(5696K)->5623K(5696K)
[202.418s][info][gc             ] GC(395) Pause Young (Allocation Failure) 429M->289M(553M) 4.284ms
[202.418s][info][gc,cpu         ] GC(395) User=0.00s Sys=0.00s Real=0.01s
[202.816s][info][gc,start       ] GC(396) Pause Young (Allocation Failure)
[202.821s][info][gc,heap        ] GC(396) PSYoungGen: 173802K(174080K)->2464K(206336K) Eden: 171370K(171520K)->0K(203776K) From: 2432K(2560K)->2464K(2560K)
[202.821s][info][gc,heap        ] GC(396) ParOldGen: 294016K(392704K)->294032K(392704K)
[202.821s][info][gc,metaspace   ] GC(396) Metaspace: 56673K(56960K)->56673K(56960K) NonClass: 51049K(51264K)->51049K(51264K) Class: 5623K(5696K)->5623K(5696K)
[202.821s][info][gc             ] GC(396) Pause Young (Allocation Failure) 456M->289M(585M) 4.437ms
[202.821s][info][gc,cpu         ] GC(396) User=0.01s Sys=0.00s Real=0.01s
[203.307s][info][gc,start       ] GC(397) Pause Young (Allocation Failure)
[203.312s][info][gc,heap        ] GC(397) PSYoungGen: 206240K(206336K)->3295K(229376K) Eden: 203776K(203776K)->0K(225792K) From: 2464K(2560K)->3295K(3584K)
[203.312s][info][gc,heap        ] GC(397) ParOldGen: 294032K(392704K)->294048K(392704K)
[203.312s][info][gc,metaspace   ] GC(397) Metaspace: 56673K(56960K)->56673K(56960K) NonClass: 51049K(51264K)->51049K(51264K) Class: 5623K(5696K)->5623K(5696K)
[203.312s][info][gc             ] GC(397) Pause Young (Allocation Failure) 488M->290M(607M) 4.909ms
[203.312s][info][gc,cpu         ] GC(397) User=0.01s Sys=0.00s Real=0.00s
[203.888s][info][gc,start       ] GC(398) Pause Young (Allocation Failure)
[203.891s][info][gc,heap        ] GC(398) PSYoungGen: 229087K(229376K)->808K(218624K) Eden: 225792K(225792K)->0K(217600K) From: 3295K(3584K)->808K(1024K)
[203.891s][info][gc,heap        ] GC(398) ParOldGen: 294048K(392704K)->294064K(392704K)
[203.891s][info][gc,metaspace   ] GC(398) Metaspace: 56673K(56960K)->56673K(56960K) NonClass: 51049K(51264K)->51049K(51264K) Class: 5623K(5696K)->5623K(5696K)
[203.891s][info][gc             ] GC(398) Pause Young (Allocation Failure) 510M->287M(597M) 2.433ms
[203.891s][info][gc,cpu         ] GC(398) User=0.00s Sys=0.00s Real=0.00s
[204.394s][info][gc,start       ] GC(399) Pause Young (Allocation Failure)
[204.397s][info][gc,heap        ] GC(399) PSYoungGen: 218408K(218624K)->1919K(211456K) Eden: 217600K(217600K)->0K(209408K) From: 808K(1024K)->1919K(2048K)
[204.397s][info][gc,heap        ] GC(399) ParOldGen: 294064K(392704K)->294080K(392704K)
[204.397s][info][gc,metaspace   ] GC(399) Metaspace: 56673K(56960K)->56673K(56960K) NonClass: 51049K(51264K)->51049K(51264K) Class: 5623K(5696K)->5623K(5696K)
[204.397s][info][gc             ] GC(399) Pause Young (Allocation Failure) 500M->289M(590M) 3.398ms
[204.397s][info][gc,cpu         ] GC(399) User=0.00s Sys=0.00s Real=0.01s
[204.891s][info][gc,start       ] GC(400) Pause Young (Allocation Failure)
[204.894s][info][gc,heap        ] GC(400) PSYoungGen: 211327K(211456K)->1567K(203776K) Eden: 209408K(209408K)->0K(201728K) From: 1919K(2048K)->1567K(2048K)
[204.894s][info][gc,heap        ] GC(400) ParOldGen: 294080K(392704K)->294096K(392704K)
[204.894s][info][gc,metaspace   ] GC(400) Metaspace: 56673K(56960K)->56673K(56960K) NonClass: 51049K(51264K)->51049K(51264K) Class: 5623K(5696K)->5623K(5696K)
[204.894s][info][gc             ] GC(400) Pause Young (Allocation Failure) 493M->288M(582M) 3.163ms
[204.894s][info][gc,cpu         ] GC(400) User=0.01s Sys=0.00s Real=0.00s
[205.386s][info][gc,start       ] GC(401) Pause Young (Allocation Failure)
[205.388s][info][gc,heap        ] GC(401) PSYoungGen: 203295K(203776K)->703K(195584K) Eden: 201728K(201728K)->0K(194560K) From: 1567K(2048K)->703K(1024K)
[205.388s][info][gc,heap        ] GC(401) ParOldGen: 294096K(392704K)->294112K(392704K)
[205.388s][info][gc,metaspace   ] GC(401) Metaspace: 56673K(56960K)->56673K(56960K) NonClass: 51049K(51264K)->51049K(51264K) Class: 5623K(5696K)->5623K(5696K)
[205.388s][info][gc             ] GC(401) Pause Young (Allocation Failure) 485M->287M(574M) 2.185ms
[205.388s][info][gc,cpu         ] GC(401) User=0.00s Sys=0.00s Real=0.01s
[205.818s][info][gc,start       ] GC(402) Pause Young (Allocation Failure)
[205.822s][info][gc,heap        ] GC(402) PSYoungGen: 195263K(195584K)->2303K(189952K) Eden: 194560K(194560K)->0K(187392K) From: 703K(1024K)->2303K(2560K)
[205.822s][info][gc,heap        ] GC(402) ParOldGen: 294112K(392704K)->294128K(392704K)
[205.822s][info][gc,metaspace   ] GC(402) Metaspace: 56673K(56960K)->56673K(56960K) NonClass: 51049K(51264K)->51049K(51264K) Class: 5623K(5696K)->5623K(5696K)
[205.822s][info][gc             ] GC(402) Pause Young (Allocation Failure) 477M->289M(569M) 3.849ms
[205.822s][info][gc,cpu         ] GC(402) User=0.01s Sys=0.00s Real=0.00s
[206.295s][info][gc,start       ] GC(403) Pause Young (Allocation Failure)
[206.299s][info][gc,heap        ] GC(403) PSYoungGen: 189695K(189952K)->1727K(182784K) Eden: 187392K(187392K)->0K(180736K) From: 2303K(2560K)->1727K(2048K)
[206.299s][info][gc,heap        ] GC(403) ParOldGen: 294128K(392704K)->294144K(392704K)
[206.299s][info][gc,metaspace   ] GC(403) Metaspace: 56673K(56960K)->56673K(56960K) NonClass: 51049K(51264K)->51049K(51264K) Class: 5623K(5696K)->5623K(5696K)
[206.299s][info][gc             ] GC(403) Pause Young (Allocation Failure) 472M->288M(562M) 3.166ms
[206.299s][info][gc,cpu         ] GC(403) User=0.00s Sys=0.00s Real=0.01s
[206.756s][info][gc,start       ] GC(404) Pause Young (Allocation Failure)
[206.760s][info][gc,heap        ] GC(404) PSYoungGen: 182463K(182784K)->2720K(177664K) Eden: 180736K(180736K)->0K(174592K) From: 1727K(2048K)->2720K(3072K)
[206.760s][info][gc,heap        ] GC(404) ParOldGen: 294144K(392704K)->294160K(392704K)
[206.760s][info][gc,metaspace   ] GC(404) Metaspace: 56673K(56960K)->56673K(56960K) NonClass: 51049K(51264K)->51049K(51264K) Class: 5623K(5696K)->5623K(5696K)
[206.760s][info][gc             ] GC(404) Pause Young (Allocation Failure) 465M->289M(557M) 4.720ms
[206.760s][info][gc,cpu         ] GC(404) User=0.01s Sys=0.00s Real=0.01s
[207.113s][info][gc,start       ] GC(405) Pause Young (Allocation Failure)
[207.118s][info][gc,heap        ] GC(405) PSYoungGen: 177312K(177664K)->3359K(172032K) Eden: 174592K(174592K)->0K(168448K) From: 2720K(3072K)->3359K(3584K)
[207.118s][info][gc,heap        ] GC(405) ParOldGen: 294160K(392704K)->294176K(392704K)
[207.118s][info][gc,metaspace   ] GC(405) Metaspace: 56673K(56960K)->56673K(56960K) NonClass: 51049K(51264K)->51049K(51264K) Class: 5623K(5696K)->5623K(5696K)
[207.118s][info][gc             ] GC(405) Pause Young (Allocation Failure) 460M->290M(551M) 4.913ms
[207.118s][info][gc,cpu         ] GC(405) User=0.01s Sys=0.00s Real=0.01s
[207.516s][info][gc,start       ] GC(406) Pause Young (Allocation Failure)
[207.523s][info][gc,heap        ] GC(406) PSYoungGen: 171593K(172032K)->3008K(203776K) Eden: 168234K(168448K)->0K(200704K) From: 3359K(3584K)->3008K(3072K)
[207.523s][info][gc,heap        ] GC(406) ParOldGen: 294176K(392704K)->294192K(392704K)
[207.523s][info][gc,metaspace   ] GC(406) Metaspace: 56673K(56960K)->56673K(56960K) NonClass: 51049K(51264K)->51049K(51264K) Class: 5623K(5696K)->5623K(5696K)
[207.523s][info][gc             ] GC(406) Pause Young (Allocation Failure) 454M->290M(582M) 7.188ms
[207.523s][info][gc,cpu         ] GC(406) User=0.01s Sys=0.00s Real=0.01s
[208.006s][info][gc,start       ] GC(407) Pause Young (Allocation Failure)
[208.011s][info][gc,heap        ] GC(407) PSYoungGen: 203712K(203776K)->2943K(212480K) Eden: 200704K(200704K)->0K(209408K) From: 3008K(3072K)->2943K(3072K)
[208.011s][info][gc,heap        ] GC(407) ParOldGen: 294192K(392704K)->294208K(392704K)
[208.011s][info][gc,metaspace   ] GC(407) Metaspace: 56673K(56960K)->56673K(56960K) NonClass: 51049K(51264K)->51049K(51264K) Class: 5623K(5696K)->5623K(5696K)
[208.011s][info][gc             ] GC(407) Pause Young (Allocation Failure) 486M->290M(591M) 4.880ms
[208.011s][info][gc,cpu         ] GC(407) User=0.00s Sys=0.00s Real=0.00s
[208.508s][info][gc,start       ] GC(408) Pause Young (Allocation Failure)
[208.512s][info][gc,heap        ] GC(408) PSYoungGen: 212351K(212480K)->2848K(214016K) Eden: 209408K(209408K)->0K(209408K) From: 2943K(3072K)->2848K(4608K)
[208.512s][info][gc,heap        ] GC(408) ParOldGen: 294208K(392704K)->294224K(392704K)
[208.512s][info][gc,metaspace   ] GC(408) Metaspace: 56673K(56960K)->56673K(56960K) NonClass: 51049K(51264K)->51049K(51264K) Class: 5623K(5696K)->5623K(5696K)
[208.512s][info][gc             ] GC(408) Pause Young (Allocation Failure) 494M->290M(592M) 4.677ms
[208.512s][info][gc,cpu         ] GC(408) User=0.01s Sys=0.00s Real=0.00s
[209.005s][info][gc,start       ] GC(409) Pause Young (Allocation Failure)
[209.012s][info][gc,heap        ] GC(409) PSYoungGen: 212256K(214016K)->2464K(253952K) Eden: 209408K(209408K)->0K(249344K) From: 2848K(4608K)->2464K(4608K)
[209.012s][info][gc,heap        ] GC(409) ParOldGen: 294224K(392704K)->294240K(392704K)
[209.012s][info][gc,metaspace   ] GC(409) Metaspace: 56673K(56960K)->56673K(56960K) NonClass: 51049K(51264K)->51049K(51264K) Class: 5623K(5696K)->5623K(5696K)
[209.012s][info][gc             ] GC(409) Pause Young (Allocation Failure) 494M->289M(631M) 6.181ms
[209.012s][info][gc,cpu         ] GC(409) User=0.01s Sys=0.00s Real=0.01s
[209.609s][info][gc,start       ] GC(410) Pause Young (Allocation Failure)
[209.615s][info][gc,heap        ] GC(410) PSYoungGen: 251808K(253952K)->3198K(253952K) Eden: 249344K(249344K)->0K(249344K) From: 2464K(4608K)->3198K(4608K)
[209.615s][info][gc,heap        ] GC(410) ParOldGen: 294240K(392704K)->294256K(392704K)
[209.615s][info][gc,metaspace   ] GC(410) Metaspace: 56673K(56960K)->56673K(56960K) NonClass: 51049K(51264K)->51049K(51264K) Class: 5623K(5696K)->5623K(5696K)
[209.615s][info][gc             ] GC(410) Pause Young (Allocation Failure) 533M->290M(631M) 6.123ms
[209.615s][info][gc,cpu         ] GC(410) User=0.00s Sys=0.00s Real=0.00s
[210.197s][info][gc,start       ] GC(411) Pause Young (Allocation Failure)
[210.202s][info][gc,heap        ] GC(411) PSYoungGen: 252542K(253952K)->2302K(300544K) Eden: 249344K(249344K)->0K(296448K) From: 3198K(4608K)->2302K(4096K)
[210.202s][info][gc,heap        ] GC(411) ParOldGen: 294256K(392704K)->294272K(392704K)
[210.202s][info][gc,metaspace   ] GC(411) Metaspace: 56673K(56960K)->56673K(56960K) NonClass: 51049K(51264K)->51049K(51264K) Class: 5623K(5696K)->5623K(5696K)
[210.202s][info][gc             ] GC(411) Pause Young (Allocation Failure) 533M->289M(677M) 4.511ms
[210.202s][info][gc,cpu         ] GC(411) User=0.01s Sys=0.00s Real=0.00s
[210.907s][info][gc,start       ] GC(412) Pause Young (Allocation Failure)
[210.912s][info][gc,heap        ] GC(412) PSYoungGen: 298750K(300544K)->2398K(287232K) Eden: 296448K(296448K)->0K(284672K) From: 2302K(4096K)->2398K(2560K)
[210.912s][info][gc,heap        ] GC(412) ParOldGen: 294272K(392704K)->294288K(392704K)
[210.912s][info][gc,metaspace   ] GC(412) Metaspace: 56673K(56960K)->56673K(56960K) NonClass: 51049K(51264K)->51049K(51264K) Class: 5623K(5696K)->5623K(5696K)
[210.912s][info][gc             ] GC(412) Pause Young (Allocation Failure) 579M->289M(664M) 4.527ms
[210.912s][info][gc,cpu         ] GC(412) User=0.01s Sys=0.00s Real=0.00s
[211.589s][info][gc,start       ] GC(413) Pause Young (Allocation Failure)
[211.592s][info][gc,heap        ] GC(413) PSYoungGen: 287070K(287232K)->1470K(274944K) Eden: 284672K(284672K)->0K(273408K) From: 2398K(2560K)->1470K(1536K)
[211.592s][info][gc,heap        ] GC(413) ParOldGen: 294288K(392704K)->294304K(392704K)
[211.592s][info][gc,metaspace   ] GC(413) Metaspace: 56673K(56960K)->56673K(56960K) NonClass: 51049K(51264K)->51049K(51264K) Class: 5623K(5696K)->5623K(5696K)
[211.592s][info][gc             ] GC(413) Pause Young (Allocation Failure) 567M->288M(652M) 3.236ms
[211.592s][info][gc,cpu         ] GC(413) User=0.01s Sys=0.00s Real=0.00s
[212.216s][info][gc,start       ] GC(414) Pause Young (Allocation Failure)
[212.221s][info][gc,heap        ] GC(414) PSYoungGen: 274878K(274944K)->3295K(266240K) Eden: 273408K(273408K)->0K(262656K) From: 1470K(1536K)->3295K(3584K)
[212.221s][info][gc,heap        ] GC(414) ParOldGen: 294304K(392704K)->294320K(392704K)
[212.221s][info][gc,metaspace   ] GC(414) Metaspace: 56673K(56960K)->56673K(56960K) NonClass: 51049K(51264K)->51049K(51264K) Class: 5623K(5696K)->5623K(5696K)
[212.221s][info][gc             ] GC(414) Pause Young (Allocation Failure) 555M->290M(643M) 5.541ms
[212.221s][info][gc,cpu         ] GC(414) User=0.01s Sys=0.00s Real=0.01s
[212.822s][info][gc,start       ] GC(415) Pause Young (Allocation Failure)
[212.830s][info][gc,heap        ] GC(415) PSYoungGen: 265928K(266240K)->1888K(254464K) Eden: 262633K(262656K)->0K(252416K) From: 3295K(3584K)->1888K(2048K)
[212.830s][info][gc,heap        ] GC(415) ParOldGen: 294320K(392704K)->294344K(392704K)
[212.830s][info][gc,metaspace   ] GC(415) Metaspace: 56673K(56960K)->56673K(56960K) NonClass: 51049K(51264K)->51049K(51264K) Class: 5623K(5696K)->5623K(5696K)
[212.830s][info][gc             ] GC(415) Pause Young (Allocation Failure) 547M->289M(632M) 8.124ms
[212.830s][info][gc,cpu         ] GC(415) User=0.01s Sys=0.00s Real=0.01s
[213.468s][info][gc,start       ] GC(416) Pause Young (Allocation Failure)
[213.472s][info][gc,heap        ] GC(416) PSYoungGen: 254304K(254464K)->2847K(245760K) Eden: 252416K(252416K)->0K(242688K) From: 1888K(2048K)->2847K(3072K)
[213.472s][info][gc,heap        ] GC(416) ParOldGen: 294344K(392704K)->294360K(392704K)
[213.472s][info][gc,metaspace   ] GC(416) Metaspace: 56673K(56960K)->56673K(56960K) NonClass: 51049K(51264K)->51049K(51264K) Class: 5623K(5696K)->5623K(5696K)
[213.472s][info][gc             ] GC(416) Pause Young (Allocation Failure) 535M->290M(623M) 4.781ms
[213.472s][info][gc,cpu         ] GC(416) User=0.01s Sys=0.00s Real=0.00s
[214.008s][info][gc,start       ] GC(417) Pause Young (Allocation Failure)
[214.012s][info][gc,heap        ] GC(417) PSYoungGen: 245535K(245760K)->2367K(236032K) Eden: 242688K(242688K)->0K(233472K) From: 2847K(3072K)->2367K(2560K)
[214.012s][info][gc,heap        ] GC(417) ParOldGen: 294360K(392704K)->294376K(392704K)
[214.013s][info][gc,metaspace   ] GC(417) Metaspace: 56673K(56960K)->56673K(56960K) NonClass: 51049K(51264K)->51049K(51264K) Class: 5623K(5696K)->5623K(5696K)
[214.013s][info][gc             ] GC(417) Pause Young (Allocation Failure) 527M->289M(614M) 4.130ms
[214.013s][info][gc,cpu         ] GC(417) User=0.00s Sys=0.00s Real=0.00s
[214.597s][info][gc,start       ] GC(418) Pause Young (Allocation Failure)
[214.600s][info][gc,heap        ] GC(418) PSYoungGen: 235839K(236032K)->1822K(226816K) Eden: 233472K(233472K)->0K(224768K) From: 2367K(2560K)->1822K(2048K)
[214.600s][info][gc,heap        ] GC(418) ParOldGen: 294376K(392704K)->294392K(392704K)
[214.600s][info][gc,metaspace   ] GC(418) Metaspace: 56673K(56960K)->56673K(56960K) NonClass: 51049K(51264K)->51049K(51264K) Class: 5623K(5696K)->5623K(5696K)
[214.600s][info][gc             ] GC(418) Pause Young (Allocation Failure) 517M->289M(605M) 3.025ms
[214.600s][info][gc,cpu         ] GC(418) User=0.00s Sys=0.00s Real=0.00s
[215.107s][info][gc,start       ] GC(419) Pause Young (Allocation Failure)
[215.111s][info][gc,heap        ] GC(419) PSYoungGen: 226590K(226816K)->2016K(218624K) Eden: 224768K(224768K)->0K(216576K) From: 1822K(2048K)->2016K(2048K)
[215.111s][info][gc,heap        ] GC(419) ParOldGen: 294392K(392704K)->294408K(392704K)
[215.111s][info][gc,metaspace   ] GC(419) Metaspace: 56673K(56960K)->56673K(56960K) NonClass: 51049K(51264K)->51049K(51264K) Class: 5623K(5696K)->5623K(5696K)
[215.111s][info][gc             ] GC(419) Pause Young (Allocation Failure) 508M->289M(597M) 3.957ms
[215.111s][info][gc,cpu         ] GC(419) User=0.00s Sys=0.00s Real=0.00s
[215.614s][info][gc,start       ] GC(420) Pause Young (Allocation Failure)
[215.622s][info][gc,heap        ] GC(420) PSYoungGen: 218592K(218624K)->3327K(211968K) Eden: 216576K(216576K)->0K(208384K) From: 2016K(2048K)->3327K(3584K)
[215.622s][info][gc,heap        ] GC(420) ParOldGen: 294408K(392704K)->294424K(392704K)
[215.622s][info][gc,metaspace   ] GC(420) Metaspace: 56673K(56960K)->56673K(56960K) NonClass: 51049K(51264K)->51049K(51264K) Class: 5623K(5696K)->5623K(5696K)
[215.622s][info][gc             ] GC(420) Pause Young (Allocation Failure) 500M->290M(590M) 7.885ms
[215.622s][info][gc,cpu         ] GC(420) User=0.01s Sys=0.00s Real=0.01s
[216.107s][info][gc,start       ] GC(421) Pause Young (Allocation Failure)
[216.112s][info][gc,heap        ] GC(421) PSYoungGen: 211711K(211968K)->2816K(203776K) Eden: 208384K(208384K)->0K(200704K) From: 3327K(3584K)->2816K(3072K)
[216.112s][info][gc,heap        ] GC(421) ParOldGen: 294424K(392704K)->294440K(392704K)
[216.112s][info][gc,metaspace   ] GC(421) Metaspace: 56673K(56960K)->56673K(56960K) NonClass: 51049K(51264K)->51049K(51264K) Class: 5623K(5696K)->5623K(5696K)
[216.112s][info][gc             ] GC(421) Pause Young (Allocation Failure) 494M->290M(582M) 4.994ms
[216.112s][info][gc,cpu         ] GC(421) User=0.01s Sys=0.00s Real=0.00s
[216.601s][info][gc,start       ] GC(422) Pause Young (Allocation Failure)
[216.604s][info][gc,heap        ] GC(422) PSYoungGen: 203520K(203776K)->2015K(195584K) Eden: 200704K(200704K)->0K(193536K) From: 2816K(3072K)->2015K(2048K)
[216.604s][info][gc,heap        ] GC(422) ParOldGen: 294440K(392704K)->294456K(392704K)
[216.604s][info][gc,metaspace   ] GC(422) Metaspace: 56673K(56960K)->56673K(56960K) NonClass: 51049K(51264K)->51049K(51264K) Class: 5623K(5696K)->5623K(5696K)
[216.604s][info][gc             ] GC(422) Pause Young (Allocation Failure) 486M->289M(574M) 3.530ms
[216.604s][info][gc,cpu         ] GC(422) User=0.00s Sys=0.00s Real=0.00s
[217.023s][info][gc,start       ] GC(423) Pause Young (Allocation Failure)
[217.028s][info][gc,heap        ] GC(423) PSYoungGen: 195458K(195584K)->1919K(232448K) Eden: 193443K(193536K)->0K(230400K) From: 2015K(2048K)->1919K(2048K)
[217.028s][info][gc,heap        ] GC(423) ParOldGen: 294456K(392704K)->294472K(392704K)
[217.028s][info][gc,metaspace   ] GC(423) Metaspace: 56673K(56960K)->56673K(56960K) NonClass: 51049K(51264K)->51049K(51264K) Class: 5623K(5696K)->5623K(5696K)
[217.028s][info][gc             ] GC(423) Pause Young (Allocation Failure) 478M->289M(610M) 5.457ms
[217.029s][info][gc,cpu         ] GC(423) User=0.01s Sys=0.00s Real=0.01s
[217.741s][info][gc,start       ] GC(424) Pause Young (Allocation Failure)
[217.745s][info][gc,heap        ] GC(424) PSYoungGen: 232305K(232448K)->2495K(224256K) Eden: 230386K(230400K)->0K(221696K) From: 1919K(2048K)->2495K(2560K)
[217.746s][info][gc,heap        ] GC(424) ParOldGen: 294472K(392704K)->294488K(392704K)
[217.746s][info][gc,metaspace   ] GC(424) Metaspace: 56673K(56960K)->56673K(56960K) NonClass: 51049K(51264K)->51049K(51264K) Class: 5623K(5696K)->5623K(5696K)
[217.746s][info][gc             ] GC(424) Pause Young (Allocation Failure) 514M->290M(602M) 4.138ms
[217.746s][info][gc,cpu         ] GC(424) User=0.01s Sys=0.00s Real=0.00s
[218.211s][info][gc,start       ] GC(425) Pause Young (Allocation Failure)
[218.216s][info][gc,heap        ] GC(425) PSYoungGen: 224191K(224256K)->3071K(216576K) Eden: 221696K(221696K)->0K(213504K) From: 2495K(2560K)->3071K(3072K)
[218.216s][info][gc,heap        ] GC(425) ParOldGen: 294488K(392704K)->294504K(392704K)
[218.216s][info][gc,metaspace   ] GC(425) Metaspace: 56673K(56960K)->56673K(56960K) NonClass: 51049K(51264K)->51049K(51264K) Class: 5623K(5696K)->5623K(5696K)
[218.216s][info][gc             ] GC(425) Pause Young (Allocation Failure) 506M->290M(595M) 4.732ms
[218.216s][info][gc,cpu         ] GC(425) User=0.01s Sys=0.00s Real=0.00s
[218.706s][info][gc,start       ] GC(426) Pause Young (Allocation Failure)
[218.711s][info][gc,heap        ] GC(426) PSYoungGen: 216501K(216576K)->2752K(208896K) Eden: 213430K(213504K)->0K(205824K) From: 3071K(3072K)->2752K(3072K)
[218.711s][info][gc,heap        ] GC(426) ParOldGen: 294504K(392704K)->294520K(392704K)
[218.711s][info][gc,metaspace   ] GC(426) Metaspace: 56673K(56960K)->56673K(56960K) NonClass: 51049K(51264K)->51049K(51264K) Class: 5623K(5696K)->5623K(5696K)
[218.711s][info][gc             ] GC(426) Pause Young (Allocation Failure) 499M->290M(587M) 4.693ms
[218.711s][info][gc,cpu         ] GC(426) User=0.01s Sys=0.00s Real=0.00s
[220.912s][info][gc,start       ] GC(427) Pause Young (Allocation Failure)
[220.951s][info][gc,heap        ] GC(427) PSYoungGen: 208574K(208896K)->1280K(246784K) Eden: 205822K(205824K)->0K(245248K) From: 2752K(3072K)->1280K(1536K)
[220.951s][info][gc,heap        ] GC(427) ParOldGen: 294520K(392704K)->372661K(392704K)
[220.951s][info][gc,metaspace   ] GC(427) Metaspace: 56819K(57088K)->56819K(57088K) NonClass: 51195K(51392K)->51195K(51392K) Class: 5623K(5696K)->5623K(5696K)
[220.951s][info][gc             ] GC(427) Pause Young (Allocation Failure) 491M->365M(624M) 39.305ms
[220.951s][info][gc,cpu         ] GC(427) User=0.05s Sys=0.00s Real=0.04s
[221.996s][info][gc,start       ] GC(428) Pause Young (Allocation Failure)
[222.006s][info][gc,heap        ] GC(428) PSYoungGen: 246528K(246784K)->4089K(274432K) Eden: 245247K(245248K)->0K(270336K) From: 1280K(1536K)->4089K(4096K)
[222.006s][info][gc,heap        ] GC(428) ParOldGen: 372661K(392704K)->382984K(392704K)
[222.006s][info][gc,metaspace   ] GC(428) Metaspace: 56905K(57216K)->56905K(57216K) NonClass: 51282K(51520K)->51282K(51520K) Class: 5623K(5696K)->5623K(5696K)
[222.006s][info][gc             ] GC(428) Pause Young (Allocation Failure) 604M->378M(651M) 9.931ms
[222.006s][info][gc,cpu         ] GC(428) User=0.02s Sys=0.00s Real=0.01s
[222.613s][info][gc,start       ] GC(429) Pause Young (Allocation Failure)
[222.622s][info][gc,heap        ] GC(429) PSYoungGen: 274425K(274432K)->3263K(301056K) Eden: 270336K(270336K)->0K(292352K) From: 4089K(4096K)->3263K(8704K)
[222.622s][info][gc,heap        ] GC(429) ParOldGen: 382984K(392704K)->386754K(392704K)
[222.622s][info][gc,metaspace   ] GC(429) Metaspace: 56905K(57216K)->56905K(57216K) NonClass: 51282K(51520K)->51282K(51520K) Class: 5623K(5696K)->5623K(5696K)
[222.622s][info][gc             ] GC(429) Pause Young (Allocation Failure) 642M->380M(677M) 9.633ms
[222.622s][info][gc,cpu         ] GC(429) User=0.02s Sys=0.01s Real=0.01s
[223.315s][info][gc,start       ] GC(430) Pause Young (Allocation Failure)
[223.321s][info][gc,heap        ] GC(430) PSYoungGen: 295615K(301056K)->2975K(300544K) Eden: 292352K(292352K)->0K(292352K) From: 3263K(8704K)->2975K(8192K)
[223.321s][info][gc,heap        ] GC(430) ParOldGen: 386754K(392704K)->387194K(392704K)
[223.321s][info][gc,metaspace   ] GC(430) Metaspace: 56905K(57216K)->56905K(57216K) NonClass: 51282K(51520K)->51282K(51520K) Class: 5623K(5696K)->5623K(5696K)
[223.321s][info][gc             ] GC(430) Pause Young (Allocation Failure) 666M->381M(677M) 5.982ms
[223.321s][info][gc,cpu         ] GC(430) User=0.01s Sys=0.00s Real=0.01s
[224.010s][info][gc,start       ] GC(431) Pause Young (Allocation Failure)
[224.016s][info][gc,heap        ] GC(431) PSYoungGen: 295327K(300544K)->2943K(325120K) Eden: 292352K(292352K)->0K(317440K) From: 2975K(8192K)->2943K(7680K)
[224.016s][info][gc,heap        ] GC(431) ParOldGen: 387194K(392704K)->387210K(392704K)
[224.016s][info][gc,metaspace   ] GC(431) Metaspace: 56905K(57216K)->56905K(57216K) NonClass: 51282K(51520K)->51282K(51520K) Class: 5623K(5696K)->5623K(5696K)
[224.016s][info][gc             ] GC(431) Pause Young (Allocation Failure) 666M->381M(701M) 6.026ms
[224.016s][info][gc,cpu         ] GC(431) User=0.01s Sys=0.00s Real=0.00s
[224.802s][info][gc,start       ] GC(432) Pause Young (Allocation Failure)
[224.805s][info][gc,heap        ] GC(432) PSYoungGen: 320383K(325120K)->1184K(306176K) Eden: 317440K(317440K)->0K(304640K) From: 2943K(7680K)->1184K(1536K)
[224.805s][info][gc,heap        ] GC(432) ParOldGen: 387210K(392704K)->387226K(392704K)
[224.805s][info][gc,metaspace   ] GC(432) Metaspace: 56905K(57216K)->56905K(57216K) NonClass: 51282K(51520K)->51282K(51520K) Class: 5623K(5696K)->5623K(5696K)
[224.805s][info][gc             ] GC(432) Pause Young (Allocation Failure) 691M->379M(682M) 3.538ms
[224.805s][info][gc,cpu         ] GC(432) User=0.00s Sys=0.00s Real=0.00s
[225.506s][info][gc,start       ] GC(433) Pause Young (Allocation Failure)
[225.512s][info][gc,heap        ] GC(433) PSYoungGen: 305824K(306176K)->3103K(295936K) Eden: 304640K(304640K)->0K(292352K) From: 1184K(1536K)->3103K(3584K)
[225.512s][info][gc,heap        ] GC(433) ParOldGen: 387226K(392704K)->387242K(392704K)
[225.512s][info][gc,metaspace   ] GC(433) Metaspace: 56906K(57216K)->56906K(57216K) NonClass: 51282K(51520K)->51282K(51520K) Class: 5623K(5696K)->5623K(5696K)
[225.512s][info][gc             ] GC(433) Pause Young (Allocation Failure) 676M->381M(672M) 6.173ms
[225.512s][info][gc,cpu         ] GC(433) User=0.01s Sys=0.01s Real=0.01s
[226.199s][info][gc,start       ] GC(434) Pause Young (Allocation Failure)
[226.203s][info][gc,heap        ] GC(434) PSYoungGen: 295455K(295936K)->2495K(283136K) Eden: 292352K(292352K)->0K(280576K) From: 3103K(3584K)->2495K(2560K)
[226.203s][info][gc,heap        ] GC(434) ParOldGen: 387242K(392704K)->387258K(392704K)
[226.203s][info][gc,metaspace   ] GC(434) Metaspace: 56912K(57216K)->56912K(57216K) NonClass: 51289K(51520K)->51289K(51520K) Class: 5623K(5696K)->5623K(5696K)
[226.203s][info][gc             ] GC(434) Pause Young (Allocation Failure) 666M->380M(660M) 4.476ms
[226.203s][info][gc,cpu         ] GC(434) User=0.01s Sys=0.00s Real=0.00s
[226.889s][info][gc,start       ] GC(435) Pause Young (Allocation Failure)
[226.893s][info][gc,heap        ] GC(435) PSYoungGen: 283071K(283136K)->947K(270336K) Eden: 280576K(280576K)->0K(269312K) From: 2495K(2560K)->947K(1024K)
[226.893s][info][gc,heap        ] GC(435) ParOldGen: 387258K(392704K)->387274K(392704K)
[226.893s][info][gc,metaspace   ] GC(435) Metaspace: 56912K(57216K)->56912K(57216K) NonClass: 51289K(51520K)->51289K(51520K) Class: 5623K(5696K)->5623K(5696K)
[226.893s][info][gc             ] GC(435) Pause Young (Allocation Failure) 654M->379M(647M) 3.159ms
[226.893s][info][gc,cpu         ] GC(435) User=0.01s Sys=0.00s Real=0.00s
[227.503s][info][gc,start       ] GC(436) Pause Young (Allocation Failure)
[227.507s][info][gc,heap        ] GC(436) PSYoungGen: 270259K(270336K)->2207K(261632K) Eden: 269312K(269312K)->0K(259072K) From: 947K(1024K)->2207K(2560K)
[227.507s][info][gc,heap        ] GC(436) ParOldGen: 387274K(392704K)->387290K(392704K)
[227.507s][info][gc,metaspace   ] GC(436) Metaspace: 56912K(57216K)->56912K(57216K) NonClass: 51289K(51520K)->51289K(51520K) Class: 5623K(5696K)->5623K(5696K)
[227.507s][info][gc             ] GC(436) Pause Young (Allocation Failure) 642M->380M(639M) 3.964ms
[227.507s][info][gc,cpu         ] GC(436) User=0.01s Sys=0.00s Real=0.01s
[228.115s][info][gc,start       ] GC(437) Pause Young (Allocation Failure)
[228.120s][info][gc,heap        ] GC(437) PSYoungGen: 261279K(261632K)->3071K(251904K) Eden: 259072K(259072K)->0K(248832K) From: 2207K(2560K)->3071K(3072K)
[228.120s][info][gc,heap        ] GC(437) ParOldGen: 387290K(392704K)->387306K(392704K)
[228.120s][info][gc,metaspace   ] GC(437) Metaspace: 56913K(57216K)->56913K(57216K) NonClass: 51290K(51520K)->51290K(51520K) Class: 5623K(5696K)->5623K(5696K)
[228.120s][info][gc             ] GC(437) Pause Young (Allocation Failure) 633M->381M(629M) 5.067ms
[228.120s][info][gc,cpu         ] GC(437) User=0.01s Sys=0.00s Real=0.01s
[228.748s][info][gc,start       ] GC(438) Pause Young (Allocation Failure)
[228.753s][info][gc,heap        ] GC(438) PSYoungGen: 251829K(251904K)->3104K(242688K) Eden: 248758K(248832K)->0K(239104K) From: 3071K(3072K)->3104K(3584K)
[228.753s][info][gc,heap        ] GC(438) ParOldGen: 387306K(392704K)->387322K(392704K)
[228.753s][info][gc,metaspace   ] GC(438) Metaspace: 56915K(57216K)->56915K(57216K) NonClass: 51292K(51520K)->51292K(51520K) Class: 5623K(5696K)->5623K(5696K)
[228.753s][info][gc             ] GC(438) Pause Young (Allocation Failure) 624M->381M(620M) 5.719ms
[228.753s][info][gc,cpu         ] GC(438) User=0.01s Sys=0.00s Real=0.00s
[229.296s][info][gc,start       ] GC(439) Pause Young (Allocation Failure)
[229.301s][info][gc,heap        ] GC(439) PSYoungGen: 242208K(242688K)->1632K(231936K) Eden: 239104K(239104K)->0K(229888K) From: 3104K(3584K)->1632K(2048K)
[229.301s][info][gc,heap        ] GC(439) ParOldGen: 387322K(392704K)->387338K(392704K)
[229.301s][info][gc,metaspace   ] GC(439) Metaspace: 56915K(57216K)->56915K(57216K) NonClass: 51292K(51520K)->51292K(51520K) Class: 5623K(5696K)->5623K(5696K)
[229.301s][info][gc             ] GC(439) Pause Young (Allocation Failure) 614M->379M(610M) 4.540ms
[229.301s][info][gc,cpu         ] GC(439) User=0.01s Sys=0.00s Real=0.00s
[229.939s][info][gc,start       ] GC(440) Pause Young (Allocation Failure)
[229.943s][info][gc,heap        ] GC(440) PSYoungGen: 231520K(231936K)->1216K(222720K) Eden: 229888K(229888K)->0K(221184K) From: 1632K(2048K)->1216K(1536K)
[229.943s][info][gc,heap        ] GC(440) ParOldGen: 387338K(392704K)->387354K(392704K)
[229.943s][info][gc,metaspace   ] GC(440) Metaspace: 56915K(57216K)->56915K(57216K) NonClass: 51292K(51520K)->51292K(51520K) Class: 5623K(5696K)->5623K(5696K)
[229.943s][info][gc             ] GC(440) Pause Young (Allocation Failure) 604M->379M(601M) 3.124ms
[229.943s][info][gc,cpu         ] GC(440) User=0.00s Sys=0.00s Real=0.00s
[230.430s][info][gc,start       ] GC(441) Pause Young (Allocation Failure)
[230.432s][info][gc,heap        ] GC(441) PSYoungGen: 222400K(222720K)->671K(214016K) Eden: 221184K(221184K)->0K(212992K) From: 1216K(1536K)->671K(1024K)
[230.432s][info][gc,heap        ] GC(441) ParOldGen: 387354K(392704K)->387370K(392704K)
[230.432s][info][gc,metaspace   ] GC(441) Metaspace: 56915K(57216K)->56915K(57216K) NonClass: 51292K(51520K)->51292K(51520K) Class: 5623K(5696K)->5623K(5696K)
[230.432s][info][gc             ] GC(441) Pause Young (Allocation Failure) 595M->378M(592M) 2.401ms
[230.432s][info][gc,cpu         ] GC(441) User=0.00s Sys=0.00s Real=0.00s
[230.987s][info][gc,start       ] GC(442) Pause Young (Allocation Failure)
[230.989s][info][gc,heap        ] GC(442) PSYoungGen: 213663K(214016K)->480K(205824K) Eden: 212992K(212992K)->0K(205312K) From: 671K(1024K)->480K(512K)
[230.989s][info][gc,heap        ] GC(442) ParOldGen: 387370K(392704K)->387386K(392704K)
[230.989s][info][gc,metaspace   ] GC(442) Metaspace: 56915K(57216K)->56915K(57216K) NonClass: 51292K(51520K)->51292K(51520K) Class: 5623K(5696K)->5623K(5696K)
[230.989s][info][gc             ] GC(442) Pause Young (Allocation Failure) 586M->378M(584M) 2.292ms
[230.989s][info][gc,cpu         ] GC(442) User=0.00s Sys=0.01s Real=0.00s
[231.428s][info][gc,start       ] GC(443) Pause Young (Allocation Failure)
[231.432s][info][gc,heap        ] GC(443) PSYoungGen: 205792K(205824K)->1951K(199680K) Eden: 205312K(205312K)->0K(197632K) From: 480K(512K)->1951K(2048K)
[231.432s][info][gc,heap        ] GC(443) ParOldGen: 387386K(392704K)->387402K(392704K)
[231.432s][info][gc,metaspace   ] GC(443) Metaspace: 56915K(57216K)->56915K(57216K) NonClass: 51292K(51520K)->51292K(51520K) Class: 5623K(5696K)->5623K(5696K)
[231.432s][info][gc             ] GC(443) Pause Young (Allocation Failure) 579M->380M(578M) 3.836ms
[231.432s][info][gc,cpu         ] GC(443) User=0.01s Sys=0.00s Real=0.00s
[231.935s][info][gc,start       ] GC(444) Pause Young (Allocation Failure)
[231.946s][info][gc,heap        ] GC(444) PSYoungGen: 199583K(199680K)->5152K(241152K) Eden: 197632K(197632K)->0K(235520K) From: 1951K(2048K)->5152K(5632K)
[231.946s][info][gc,heap        ] GC(444) ParOldGen: 387402K(392704K)->387418K(392704K)
[231.946s][info][gc,metaspace   ] GC(444) Metaspace: 56915K(57216K)->56915K(57216K) NonClass: 51292K(51520K)->51292K(51520K) Class: 5623K(5696K)->5623K(5696K)
[231.946s][info][gc             ] GC(444) Pause Young (Allocation Failure) 573M->383M(619M) 10.683ms
[231.946s][info][gc,cpu         ] GC(444) User=0.01s Sys=0.00s Real=0.01s
[232.490s][info][gc,start       ] GC(445) Pause Young (Allocation Failure)
[232.493s][info][gc,heap        ] GC(445) PSYoungGen: 240672K(241152K)->991K(227840K) Eden: 235520K(235520K)->0K(226816K) From: 5152K(5632K)->991K(1024K)
[232.493s][info][gc,heap        ] GC(445) ParOldGen: 387418K(392704K)->388331K(392704K)
[232.493s][info][gc,metaspace   ] GC(445) Metaspace: 56915K(57216K)->56915K(57216K) NonClass: 51292K(51520K)->51292K(51520K) Class: 5623K(5696K)->5623K(5696K)
[232.493s][info][gc             ] GC(445) Pause Young (Allocation Failure) 613M->380M(606M) 2.881ms
[232.493s][info][gc,cpu         ] GC(445) User=0.01s Sys=0.00s Real=0.00s
[233.013s][info][gc,start       ] GC(446) Pause Young (Allocation Failure)
[233.019s][info][gc,heap        ] GC(446) PSYoungGen: 227807K(227840K)->3904K(222208K) Eden: 226816K(226816K)->0K(218112K) From: 991K(1024K)->3904K(4096K)
[233.019s][info][gc,heap        ] GC(446) ParOldGen: 388331K(392704K)->388363K(392704K)
[233.019s][info][gc,metaspace   ] GC(446) Metaspace: 56915K(57216K)->56915K(57216K) NonClass: 51292K(51520K)->51292K(51520K) Class: 5623K(5696K)->5623K(5696K)
[233.019s][info][gc             ] GC(446) Pause Young (Allocation Failure) 601M->383M(600M) 6.135ms
[233.019s][info][gc,cpu         ] GC(446) User=0.01s Sys=0.00s Real=0.01s
[233.514s][info][gc,start       ] GC(447) Pause Young (Allocation Failure)
[233.519s][info][gc,heap        ] GC(447) PSYoungGen: 222016K(222208K)->3199K(213504K) Eden: 218112K(218112K)->0K(209920K) From: 3904K(4096K)->3199K(3584K)
[233.519s][info][gc,heap        ] GC(447) ParOldGen: 388363K(392704K)->388379K(392704K)
[233.519s][info][gc,metaspace   ] GC(447) Metaspace: 56915K(57216K)->56915K(57216K) NonClass: 51292K(51520K)->51292K(51520K) Class: 5623K(5696K)->5623K(5696K)
[233.519s][info][gc             ] GC(447) Pause Young (Allocation Failure) 596M->382M(592M) 5.188ms
[233.519s][info][gc,cpu         ] GC(447) User=0.01s Sys=0.00s Real=0.01s
[234.015s][info][gc,start       ] GC(448) Pause Young (Allocation Failure)
[234.022s][info][gc,heap        ] GC(448) PSYoungGen: 213119K(213504K)->3104K(253440K) Eden: 209920K(209920K)->0K(249856K) From: 3199K(3584K)->3104K(3584K)
[234.022s][info][gc,heap        ] GC(448) ParOldGen: 388379K(392704K)->388395K(392704K)
[234.022s][info][gc,metaspace   ] GC(448) Metaspace: 56915K(57216K)->56915K(57216K) NonClass: 51292K(51520K)->51292K(51520K) Class: 5623K(5696K)->5623K(5696K)
[234.022s][info][gc             ] GC(448) Pause Young (Allocation Failure) 587M->382M(631M) 6.917ms
[234.022s][info][gc,cpu         ] GC(448) User=0.01s Sys=0.00s Real=0.01s
[234.607s][info][gc,start       ] GC(449) Pause Young (Allocation Failure)
[234.612s][info][gc,heap        ] GC(449) PSYoungGen: 252960K(253440K)->2240K(242688K) Eden: 249856K(249856K)->0K(240128K) From: 3104K(3584K)->2240K(2560K)
[234.612s][info][gc,heap        ] GC(449) ParOldGen: 388395K(392704K)->388411K(392704K)
[234.612s][info][gc,metaspace   ] GC(449) Metaspace: 56915K(57216K)->56915K(57216K) NonClass: 51292K(51520K)->51292K(51520K) Class: 5623K(5696K)->5623K(5696K)
[234.612s][info][gc             ] GC(449) Pause Young (Allocation Failure) 626M->381M(620M) 4.456ms
[234.612s][info][gc,cpu         ] GC(449) User=0.01s Sys=0.00s Real=0.00s
[235.192s][info][gc,start       ] GC(450) Pause Young (Allocation Failure)
[235.194s][info][gc,heap        ] GC(450) PSYoungGen: 242368K(242688K)->832K(231936K) Eden: 240128K(240128K)->0K(230912K) From: 2240K(2560K)->832K(1024K)
[235.194s][info][gc,heap        ] GC(450) ParOldGen: 388411K(392704K)->388427K(392704K)
[235.194s][info][gc,metaspace   ] GC(450) Metaspace: 56915K(57216K)->56915K(57216K) NonClass: 51292K(51520K)->51292K(51520K) Class: 5623K(5696K)->5623K(5696K)
[235.194s][info][gc             ] GC(450) Pause Young (Allocation Failure) 615M->380M(610M) 2.750ms
[235.194s][info][gc,cpu         ] GC(450) User=0.00s Sys=0.01s Real=0.00s
[235.709s][info][gc,start       ] GC(451) Pause Young (Allocation Failure)
[235.714s][info][gc,heap        ] GC(451) PSYoungGen: 231744K(231936K)->3039K(225280K) Eden: 230912K(230912K)->0K(222208K) From: 832K(1024K)->3039K(3072K)
[235.714s][info][gc,heap        ] GC(451) ParOldGen: 388427K(392704K)->388443K(392704K)
[235.714s][info][gc,metaspace   ] GC(451) Metaspace: 56915K(57216K)->56915K(57216K) NonClass: 51292K(51520K)->51292K(51520K) Class: 5623K(5696K)->5623K(5696K)
[235.715s][info][gc             ] GC(451) Pause Young (Allocation Failure) 605M->382M(603M) 5.069ms
[235.715s][info][gc,cpu         ] GC(451) User=0.01s Sys=0.00s Real=0.00s
[236.288s][info][gc,start       ] GC(452) Pause Young (Allocation Failure)
[236.290s][info][gc,heap        ] GC(452) PSYoungGen: 225247K(225280K)->480K(214528K) Eden: 222208K(222208K)->0K(214016K) From: 3039K(3072K)->480K(512K)
[236.290s][info][gc,heap        ] GC(452) ParOldGen: 388443K(392704K)->388459K(392704K)
[236.290s][info][gc,metaspace   ] GC(452) Metaspace: 56915K(57216K)->56915K(57216K) NonClass: 51292K(51520K)->51292K(51520K) Class: 5623K(5696K)->5623K(5696K)
[236.290s][info][gc             ] GC(452) Pause Young (Allocation Failure) 599M->379M(593M) 2.335ms
[236.290s][info][gc,cpu         ] GC(452) User=0.01s Sys=0.00s Real=0.00s
[236.791s][info][gc,start       ] GC(453) Pause Young (Allocation Failure)
[236.795s][info][gc,heap        ] GC(453) PSYoungGen: 214496K(214528K)->1246K(207872K) Eden: 214016K(214016K)->0K(206336K) From: 480K(512K)->1246K(1536K)
[236.795s][info][gc,heap        ] GC(453) ParOldGen: 388459K(392704K)->388475K(392704K)
[236.795s][info][gc,metaspace   ] GC(453) Metaspace: 56915K(57216K)->56915K(57216K) NonClass: 51292K(51520K)->51292K(51520K) Class: 5623K(5696K)->5623K(5696K)
[236.795s][info][gc             ] GC(453) Pause Young (Allocation Failure) 588M->380M(586M) 3.421ms
[236.795s][info][gc,cpu         ] GC(453) User=0.00s Sys=0.00s Real=0.00s
[237.287s][info][gc,start       ] GC(454) Pause Young (Allocation Failure)
[237.289s][info][gc,heap        ] GC(454) PSYoungGen: 207582K(207872K)->544K(199680K) Eden: 206336K(206336K)->0K(198656K) From: 1246K(1536K)->544K(1024K)
[237.289s][info][gc,heap        ] GC(454) ParOldGen: 388475K(392704K)->388491K(392704K)
[237.289s][info][gc,metaspace   ] GC(454) Metaspace: 56915K(57216K)->56915K(57216K) NonClass: 51292K(51520K)->51292K(51520K) Class: 5623K(5696K)->5623K(5696K)
[237.289s][info][gc             ] GC(454) Pause Young (Allocation Failure) 582M->379M(578M) 2.290ms
[237.289s][info][gc,cpu         ] GC(454) User=0.01s Sys=0.00s Real=0.00s
[237.718s][info][gc,start       ] GC(455) Pause Young (Allocation Failure)
[237.722s][info][gc,heap        ] GC(455) PSYoungGen: 198914K(199680K)->2464K(194048K) Eden: 198370K(198656K)->0K(191488K) From: 544K(1024K)->2464K(2560K)
[237.722s][info][gc,heap        ] GC(455) ParOldGen: 388491K(392704K)->388507K(392704K)
[237.722s][info][gc,metaspace   ] GC(455) Metaspace: 56915K(57216K)->56915K(57216K) NonClass: 51292K(51520K)->51292K(51520K) Class: 5623K(5696K)->5623K(5696K)
[237.722s][info][gc             ] GC(455) Pause Young (Allocation Failure) 573M->381M(573M) 4.723ms
[237.722s][info][gc,cpu         ] GC(455) User=0.01s Sys=0.00s Real=0.00s
[238.195s][info][gc,start       ] GC(456) Pause Young (Allocation Failure)
[238.199s][info][gc,heap        ] GC(456) PSYoungGen: 193952K(194048K)->1504K(186368K) Eden: 191488K(191488K)->0K(184832K) From: 2464K(2560K)->1504K(1536K)
[238.199s][info][gc,heap        ] GC(456) ParOldGen: 388507K(392704K)->388523K(392704K)
[238.199s][info][gc,metaspace   ] GC(456) Metaspace: 56915K(57216K)->56915K(57216K) NonClass: 51292K(51520K)->51292K(51520K) Class: 5623K(5696K)->5623K(5696K)
[238.199s][info][gc             ] GC(456) Pause Young (Allocation Failure) 568M->380M(565M) 3.722ms
[238.199s][info][gc,cpu         ] GC(456) User=0.00s Sys=0.01s Real=0.01s
[238.609s][info][gc,start       ] GC(457) Pause Young (Allocation Failure)
[238.614s][info][gc,heap        ] GC(457) PSYoungGen: 186336K(186368K)->3551K(181760K) Eden: 184832K(184832K)->0K(178176K) From: 1504K(1536K)->3551K(3584K)
[238.614s][info][gc,heap        ] GC(457) ParOldGen: 388523K(392704K)->388539K(392704K)
[238.614s][info][gc,metaspace   ] GC(457) Metaspace: 56915K(57216K)->56915K(57216K) NonClass: 51292K(51520K)->51292K(51520K) Class: 5623K(5696K)->5623K(5696K)
[238.614s][info][gc             ] GC(457) Pause Young (Allocation Failure) 561M->382M(561M) 5.544ms
[238.614s][info][gc,cpu         ] GC(457) User=0.01s Sys=0.00s Real=0.00s
[239.022s][info][gc,start       ] GC(458) Pause Young (Allocation Failure)
[239.026s][info][gc,heap        ] GC(458) PSYoungGen: 181469K(181760K)->1344K(173568K) Eden: 177917K(178176K)->0K(172032K) From: 3551K(3584K)->1344K(1536K)
[239.026s][info][gc,heap        ] GC(458) ParOldGen: 388539K(392704K)->388555K(392704K)
[239.026s][info][gc,metaspace   ] GC(458) Metaspace: 56915K(57216K)->56915K(57216K) NonClass: 51292K(51520K)->51292K(51520K) Class: 5623K(5696K)->5623K(5696K)
[239.026s][info][gc             ] GC(458) Pause Young (Allocation Failure) 556M->380M(553M) 3.273ms
[239.026s][info][gc,cpu         ] GC(458) User=0.01s Sys=0.00s Real=0.00s
[239.423s][info][gc,start       ] GC(459) Pause Young (Allocation Failure)
[239.426s][info][gc,heap        ] GC(459) PSYoungGen: 173376K(173568K)->1471K(167424K) Eden: 172032K(172032K)->0K(165888K) From: 1344K(1536K)->1471K(1536K)
[239.426s][info][gc,heap        ] GC(459) ParOldGen: 388555K(392704K)->388571K(392704K)
[239.426s][info][gc,metaspace   ] GC(459) Metaspace: 56915K(57216K)->56915K(57216K) NonClass: 51292K(51520K)->51292K(51520K) Class: 5623K(5696K)->5623K(5696K)
[239.426s][info][gc             ] GC(459) Pause Young (Allocation Failure) 548M->380M(547M) 3.369ms
[239.426s][info][gc,cpu         ] GC(459) User=0.01s Sys=0.00s Real=0.00s
[239.823s][info][gc,start       ] GC(460) Pause Young (Allocation Failure)
[239.827s][info][gc,heap        ] GC(460) PSYoungGen: 167359K(167424K)->2655K(163328K) Eden: 165888K(165888K)->0K(160256K) From: 1471K(1536K)->2655K(3072K)
[239.827s][info][gc,heap        ] GC(460) ParOldGen: 388571K(392704K)->388587K(392704K)
[239.827s][info][gc,metaspace   ] GC(460) Metaspace: 56915K(57216K)->56915K(57216K) NonClass: 51292K(51520K)->51292K(51520K) Class: 5623K(5696K)->5623K(5696K)
[239.827s][info][gc             ] GC(460) Pause Young (Allocation Failure) 542M->382M(543M) 4.412ms
[239.827s][info][gc,cpu         ] GC(460) User=0.01s Sys=0.00s Real=0.01s
[240.208s][info][gc,start       ] GC(461) Pause Young (Allocation Failure)
[240.213s][info][gc,heap        ] GC(461) PSYoungGen: 162911K(163328K)->2592K(158208K) Eden: 160256K(160256K)->0K(155136K) From: 2655K(3072K)->2592K(3072K)
[240.213s][info][gc,heap        ] GC(461) ParOldGen: 388587K(392704K)->388603K(392704K)
[240.213s][info][gc,metaspace   ] GC(461) Metaspace: 56915K(57216K)->56915K(57216K) NonClass: 51292K(51520K)->51292K(51520K) Class: 5623K(5696K)->5623K(5696K)
[240.213s][info][gc             ] GC(461) Pause Young (Allocation Failure) 538M->382M(538M) 4.722ms
[240.213s][info][gc,cpu         ] GC(461) User=0.01s Sys=0.00s Real=0.00s
[240.596s][info][gc,start       ] GC(462) Pause Young (Allocation Failure)
[240.599s][info][gc,heap        ] GC(462) PSYoungGen: 157728K(158208K)->1408K(151552K) Eden: 155136K(155136K)->0K(150016K) From: 2592K(3072K)->1408K(1536K)
[240.599s][info][gc,heap        ] GC(462) ParOldGen: 388603K(392704K)->388619K(392704K)
[240.599s][info][gc,metaspace   ] GC(462) Metaspace: 56915K(57216K)->56915K(57216K) NonClass: 51292K(51520K)->51292K(51520K) Class: 5623K(5696K)->5623K(5696K)
[240.599s][info][gc             ] GC(462) Pause Young (Allocation Failure) 533M->380M(531M) 3.220ms
[240.599s][info][gc,cpu         ] GC(462) User=0.01s Sys=0.00s Real=0.01s
[240.916s][info][gc,start       ] GC(463) Pause Young (Allocation Failure)
[240.920s][info][gc,heap        ] GC(463) PSYoungGen: 151424K(151552K)->2655K(181760K) Eden: 150016K(150016K)->0K(178688K) From: 1408K(1536K)->2655K(3072K)
[240.920s][info][gc,heap        ] GC(463) ParOldGen: 388619K(392704K)->388635K(392704K)
[240.920s][info][gc,metaspace   ] GC(463) Metaspace: 56915K(57216K)->56915K(57216K) NonClass: 51292K(51520K)->51292K(51520K) Class: 5623K(5696K)->5623K(5696K)
[240.920s][info][gc             ] GC(463) Pause Young (Allocation Failure) 527M->382M(561M) 4.505ms
[240.920s][info][gc,cpu         ] GC(463) User=0.01s Sys=0.00s Real=0.01s
[241.386s][info][gc,start       ] GC(464) Pause Young (Allocation Failure)
[241.388s][info][gc,heap        ] GC(464) PSYoungGen: 181343K(181760K)->446K(173056K) Eden: 178688K(178688K)->0K(172544K) From: 2655K(3072K)->446K(512K)
[241.388s][info][gc,heap        ] GC(464) ParOldGen: 388635K(392704K)->388651K(392704K)
[241.388s][info][gc,metaspace   ] GC(464) Metaspace: 56915K(57216K)->56915K(57216K) NonClass: 51292K(51520K)->51292K(51520K) Class: 5623K(5696K)->5623K(5696K)
[241.388s][info][gc             ] GC(464) Pause Young (Allocation Failure) 556M->379M(552M) 2.146ms
[241.388s][info][gc,cpu         ] GC(464) User=0.01s Sys=0.00s Real=0.01s
[241.891s][info][gc,start       ] GC(465) Pause Young (Allocation Failure)
[241.894s][info][gc,heap        ] GC(465) PSYoungGen: 172990K(173056K)->980K(167424K) Eden: 172544K(172544K)->0K(166400K) From: 446K(512K)->980K(1024K)
[241.894s][info][gc,heap        ] GC(465) ParOldGen: 388651K(392704K)->388667K(392704K)
[241.894s][info][gc,metaspace   ] GC(465) Metaspace: 56915K(57216K)->56915K(57216K) NonClass: 51292K(51520K)->51292K(51520K) Class: 5623K(5696K)->5623K(5696K)
[241.894s][info][gc             ] GC(465) Pause Young (Allocation Failure) 548M->380M(547M) 2.965ms
[241.894s][info][gc,cpu         ] GC(465) User=0.00s Sys=0.00s Real=0.00s
[242.230s][info][gc,start       ] GC(466) Pause Young (Allocation Failure)
[242.232s][info][gc,heap        ] GC(466) PSYoungGen: 167183K(167424K)->352K(161280K) Eden: 166203K(166400K)->0K(160768K) From: 980K(1024K)->352K(512K)
[242.232s][info][gc,heap        ] GC(466) ParOldGen: 388667K(392704K)->388683K(392704K)
[242.232s][info][gc,metaspace   ] GC(466) Metaspace: 56915K(57216K)->56915K(57216K) NonClass: 51292K(51520K)->51292K(51520K) Class: 5623K(5696K)->5623K(5696K)
[242.232s][info][gc             ] GC(466) Pause Young (Allocation Failure) 542M->379M(541M) 2.028ms
[242.232s][info][gc,cpu         ] GC(466) User=0.00s Sys=0.00s Real=0.00s
[242.623s][info][gc,start       ] GC(467) Pause Young (Allocation Failure)
[242.627s][info][gc,heap        ] GC(467) PSYoungGen: 161033K(161280K)->1824K(157184K) Eden: 160681K(160768K)->0K(155136K) From: 352K(512K)->1824K(2048K)
[242.627s][info][gc,heap        ] GC(467) ParOldGen: 388683K(392704K)->388699K(392704K)
[242.627s][info][gc,metaspace   ] GC(467) Metaspace: 56915K(57216K)->56915K(57216K) NonClass: 51292K(51520K)->51292K(51520K) Class: 5623K(5696K)->5623K(5696K)
[242.627s][info][gc             ] GC(467) Pause Young (Allocation Failure) 536M->381M(537M) 3.988ms
[242.627s][info][gc,cpu         ] GC(467) User=0.01s Sys=0.00s Real=0.01s
[243.007s][info][gc,start       ] GC(468) Pause Young (Allocation Failure)
[243.011s][info][gc,heap        ] GC(468) PSYoungGen: 156960K(157184K)->2367K(152576K) Eden: 155136K(155136K)->0K(150016K) From: 1824K(2048K)->2367K(2560K)
[243.011s][info][gc,heap        ] GC(468) ParOldGen: 388699K(392704K)->388715K(392704K)
[243.011s][info][gc,metaspace   ] GC(468) Metaspace: 56915K(57216K)->56915K(57216K) NonClass: 51292K(51520K)->51292K(51520K) Class: 5623K(5696K)->5623K(5696K)
[243.011s][info][gc             ] GC(468) Pause Young (Allocation Failure) 532M->381M(532M) 4.077ms
[243.011s][info][gc,cpu         ] GC(468) User=0.01s Sys=0.00s Real=0.00s
[243.389s][info][gc,start       ] GC(469) Pause Young (Allocation Failure)
[243.391s][info][gc,heap        ] GC(469) PSYoungGen: 152383K(152576K)->840K(145920K) Eden: 150016K(150016K)->0K(144896K) From: 2367K(2560K)->840K(1024K)
[243.391s][info][gc,heap        ] GC(469) ParOldGen: 388715K(392704K)->388731K(392704K)
[243.391s][info][gc,metaspace   ] GC(469) Metaspace: 56915K(57216K)->56915K(57216K) NonClass: 51292K(51520K)->51292K(51520K) Class: 5623K(5696K)->5623K(5696K)
[243.391s][info][gc             ] GC(469) Pause Young (Allocation Failure) 528M->380M(526M) 2.670ms
[243.391s][info][gc,cpu         ] GC(469) User=0.00s Sys=0.00s Real=0.00s
[243.706s][info][gc,start       ] GC(470) Pause Young (Allocation Failure)
[243.710s][info][gc,heap        ] GC(470) PSYoungGen: 145736K(145920K)->2463K(142848K) Eden: 144896K(144896K)->0K(140288K) From: 840K(1024K)->2463K(2560K)
[243.710s][info][gc,heap        ] GC(470) ParOldGen: 388731K(392704K)->388747K(392704K)
[243.710s][info][gc,metaspace   ] GC(470) Metaspace: 56917K(57216K)->56917K(57216K) NonClass: 51293K(51520K)->51293K(51520K) Class: 5623K(5696K)->5623K(5696K)
[243.710s][info][gc             ] GC(470) Pause Young (Allocation Failure) 521M->382M(523M) 4.080ms
[243.710s][info][gc,cpu         ] GC(470) User=0.01s Sys=0.00s Real=0.01s
[244.119s][info][gc,start       ] GC(471) Pause Young (Allocation Failure)
[244.123s][info][gc,heap        ] GC(471) PSYoungGen: 142751K(142848K)->1919K(137728K) Eden: 140288K(140288K)->0K(135680K) From: 2463K(2560K)->1919K(2048K)
[244.123s][info][gc,heap        ] GC(471) ParOldGen: 388747K(392704K)->388763K(392704K)
[244.123s][info][gc,metaspace   ] GC(471) Metaspace: 56917K(57216K)->56917K(57216K) NonClass: 51293K(51520K)->51293K(51520K) Class: 5623K(5696K)->5623K(5696K)
[244.123s][info][gc             ] GC(471) Pause Young (Allocation Failure) 519M->381M(518M) 3.645ms
[244.123s][info][gc,cpu         ] GC(471) User=0.01s Sys=0.01s Real=0.00s
[244.387s][info][gc,start       ] GC(472) Pause Young (Allocation Failure)
[244.389s][info][gc,heap        ] GC(472) PSYoungGen: 137599K(137728K)->224K(132096K) Eden: 135680K(135680K)->0K(131584K) From: 1919K(2048K)->224K(512K)
[244.389s][info][gc,heap        ] GC(472) ParOldGen: 388763K(392704K)->388779K(392704K)
[244.389s][info][gc,metaspace   ] GC(472) Metaspace: 56917K(57216K)->56917K(57216K) NonClass: 51293K(51520K)->51293K(51520K) Class: 5623K(5696K)->5623K(5696K)
[244.389s][info][gc             ] GC(472) Pause Young (Allocation Failure) 514M->379M(512M) 2.379ms
[244.389s][info][gc,cpu         ] GC(472) User=0.00s Sys=0.00s Real=0.00s
[244.689s][info][gc,start       ] GC(473) Pause Young (Allocation Failure)
[244.691s][info][gc,heap        ] GC(473) PSYoungGen: 131808K(132096K)->1140K(129024K) Eden: 131584K(131584K)->0K(127488K) From: 224K(512K)->1140K(1536K)
[244.692s][info][gc,heap        ] GC(473) ParOldGen: 388779K(392704K)->388795K(392704K)
[244.692s][info][gc,metaspace   ] GC(473) Metaspace: 56917K(57216K)->56917K(57216K) NonClass: 51293K(51520K)->51293K(51520K) Class: 5623K(5696K)->5623K(5696K)
[244.692s][info][gc             ] GC(473) Pause Young (Allocation Failure) 508M->380M(509M) 2.712ms
[244.692s][info][gc,cpu         ] GC(473) User=0.00s Sys=0.00s Real=0.00s
[244.992s][info][gc,start       ] GC(474) Pause Young (Allocation Failure)
[244.995s][info][gc,heap        ] GC(474) PSYoungGen: 128628K(129024K)->1886K(125440K) Eden: 127488K(127488K)->0K(123392K) From: 1140K(1536K)->1886K(2048K)
[244.995s][info][gc,heap        ] GC(474) ParOldGen: 388795K(392704K)->388811K(392704K)
[244.995s][info][gc,metaspace   ] GC(474) Metaspace: 56917K(57216K)->56917K(57216K) NonClass: 51293K(51520K)->51293K(51520K) Class: 5623K(5696K)->5623K(5696K)
[244.995s][info][gc             ] GC(474) Pause Young (Allocation Failure) 505M->381M(506M) 3.093ms
[244.995s][info][gc,cpu         ] GC(474) User=0.01s Sys=0.00s Real=0.00s
[245.293s][info][gc,start       ] GC(475) Pause Young (Allocation Failure)
[245.296s][info][gc,heap        ] GC(475) PSYoungGen: 125278K(125440K)->1024K(120832K) Eden: 123392K(123392K)->0K(119808K) From: 1886K(2048K)->1024K(1024K)
[245.296s][info][gc,heap        ] GC(475) ParOldGen: 388811K(392704K)->388827K(392704K)
[245.296s][info][gc,metaspace   ] GC(475) Metaspace: 56917K(57216K)->56917K(57216K) NonClass: 51293K(51520K)->51293K(51520K) Class: 5623K(5696K)->5623K(5696K)
[245.296s][info][gc             ] GC(475) Pause Young (Allocation Failure) 502M->380M(501M) 2.845ms
[245.296s][info][gc,cpu         ] GC(475) User=0.01s Sys=0.00s Real=0.00s
[245.530s][info][gc,start       ] GC(476) Pause Young (Allocation Failure)
[245.532s][info][gc,heap        ] GC(476) PSYoungGen: 120520K(120832K)->544K(117248K) Eden: 119496K(119808K)->0K(116224K) From: 1024K(1024K)->544K(1024K)
[245.532s][info][gc,heap        ] GC(476) ParOldGen: 388827K(392704K)->388843K(392704K)
[245.532s][info][gc,metaspace   ] GC(476) Metaspace: 56917K(57216K)->56917K(57216K) NonClass: 51293K(51520K)->51293K(51520K) Class: 5623K(5696K)->5623K(5696K)
[245.532s][info][gc             ] GC(476) Pause Young (Allocation Failure) 497M->380M(498M) 2.293ms
[245.532s][info][gc,cpu         ] GC(476) User=0.01s Sys=0.00s Real=0.00s
[245.816s][info][gc,start       ] GC(477) Pause Young (Allocation Failure)
[245.823s][info][gc,heap        ] GC(477) PSYoungGen: 116768K(117248K)->2560K(141312K) Eden: 116224K(116224K)->0K(138752K) From: 544K(1024K)->2560K(2560K)
[245.823s][info][gc,heap        ] GC(477) ParOldGen: 388843K(392704K)->388859K(392704K)
[245.823s][info][gc,metaspace   ] GC(477) Metaspace: 56917K(57216K)->56917K(57216K) NonClass: 51293K(51520K)->51293K(51520K) Class: 5623K(5696K)->5623K(5696K)
[245.823s][info][gc             ] GC(477) Pause Young (Allocation Failure) 493M->382M(521M) 6.915ms
[245.823s][info][gc,cpu         ] GC(477) User=0.01s Sys=0.00s Real=0.01s
[246.229s][info][gc,start       ] GC(478) Pause Young (Allocation Failure)
[246.231s][info][gc,heap        ] GC(478) PSYoungGen: 141312K(141312K)->224K(165888K) Eden: 138752K(138752K)->0K(165376K) From: 2560K(2560K)->224K(512K)
[246.231s][info][gc,heap        ] GC(478) ParOldGen: 388859K(392704K)->388875K(392704K)
[246.231s][info][gc,metaspace   ] GC(478) Metaspace: 56917K(57216K)->56917K(57216K) NonClass: 51293K(51520K)->51293K(51520K) Class: 5623K(5696K)->5623K(5696K)
[246.231s][info][gc             ] GC(478) Pause Young (Allocation Failure) 517M->379M(545M) 2.072ms
[246.231s][info][gc,cpu         ] GC(478) User=0.00s Sys=0.00s Real=0.00s
[246.529s][info][gc,start       ] GC(479) Pause Young (Allocation Failure)
[246.535s][info][gc,heap        ] GC(479) PSYoungGen: 165316K(165888K)->1024K(198144K) Eden: 165092K(165376K)->0K(197120K) From: 224K(512K)->1024K(1024K)
[246.535s][info][gc,heap        ] GC(479) ParOldGen: 388875K(392704K)->388891K(392704K)
[246.535s][info][gc,metaspace   ] GC(479) Metaspace: 56917K(57216K)->56917K(57216K) NonClass: 51293K(51520K)->51293K(51520K) Class: 5623K(5696K)->5623K(5696K)
[246.535s][info][gc             ] GC(479) Pause Young (Allocation Failure) 541M->380M(577M) 5.738ms
[246.535s][info][gc,cpu         ] GC(479) User=0.01s Sys=0.00s Real=0.00s
[247.007s][info][gc,start       ] GC(480) Pause Young (Allocation Failure)
[247.011s][info][gc,heap        ] GC(480) PSYoungGen: 198144K(198144K)->2751K(205312K) Eden: 197120K(197120K)->0K(201216K) From: 1024K(1024K)->2751K(4096K)
[247.011s][info][gc,heap        ] GC(480) ParOldGen: 388891K(392704K)->388907K(392704K)
[247.011s][info][gc,metaspace   ] GC(480) Metaspace: 56917K(57216K)->56917K(57216K) NonClass: 51293K(51520K)->51293K(51520K) Class: 5623K(5696K)->5623K(5696K)
[247.011s][info][gc             ] GC(480) Pause Young (Allocation Failure) 573M->382M(584M) 4.698ms
[247.011s][info][gc,cpu         ] GC(480) User=0.00s Sys=0.00s Real=0.00s
[247.501s][info][gc,start       ] GC(481) Pause Young (Allocation Failure)
[247.506s][info][gc,heap        ] GC(481) PSYoungGen: 203967K(205312K)->2144K(238592K) Eden: 201216K(201216K)->0K(234496K) From: 2751K(4096K)->2144K(4096K)
[247.506s][info][gc,heap        ] GC(481) ParOldGen: 388907K(392704K)->388923K(392704K)
[247.506s][info][gc,metaspace   ] GC(481) Metaspace: 56917K(57216K)->56917K(57216K) NonClass: 51293K(51520K)->51293K(51520K) Class: 5623K(5696K)->5623K(5696K)
[247.506s][info][gc             ] GC(481) Pause Young (Allocation Failure) 578M->381M(616M) 4.828ms
[247.506s][info][gc,cpu         ] GC(481) User=0.01s Sys=0.00s Real=0.00s
[248.042s][info][gc,start       ] GC(482) Pause Young (Allocation Failure)
[248.045s][info][gc,heap        ] GC(482) PSYoungGen: 236640K(238592K)->1151K(238592K) Eden: 234496K(234496K)->0K(234496K) From: 2144K(4096K)->1151K(4096K)
[248.045s][info][gc,heap        ] GC(482) ParOldGen: 388923K(392704K)->388939K(392704K)
[248.045s][info][gc,metaspace   ] GC(482) Metaspace: 56917K(57216K)->56917K(57216K) NonClass: 51293K(51520K)->51293K(51520K) Class: 5623K(5696K)->5623K(5696K)
[248.045s][info][gc             ] GC(482) Pause Young (Allocation Failure) 610M->380M(616M) 3.072ms
[248.045s][info][gc,cpu         ] GC(482) User=0.01s Sys=0.00s Real=0.00s
[248.603s][info][gc,start       ] GC(483) Pause Young (Allocation Failure)
[248.608s][info][gc,heap        ] GC(483) PSYoungGen: 235647K(238592K)->2623K(228864K) Eden: 234496K(234496K)->0K(225792K) From: 1151K(4096K)->2623K(3072K)
[248.608s][info][gc,heap        ] GC(483) ParOldGen: 388939K(392704K)->388955K(392704K)
[248.608s][info][gc,metaspace   ] GC(483) Metaspace: 56917K(57216K)->56917K(57216K) NonClass: 51293K(51520K)->51293K(51520K) Class: 5623K(5696K)->5623K(5696K)
[248.608s][info][gc             ] GC(483) Pause Young (Allocation Failure) 609M->382M(607M) 5.147ms
[248.608s][info][gc,cpu         ] GC(483) User=0.01s Sys=0.00s Real=0.01s
[249.116s][info][gc,start       ] GC(484) Pause Young (Allocation Failure)
[249.122s][info][gc,heap        ] GC(484) PSYoungGen: 228415K(228864K)->2942K(271872K) Eden: 225792K(225792K)->0K(268800K) From: 2623K(3072K)->2942K(3072K)
[249.122s][info][gc,heap        ] GC(484) ParOldGen: 388955K(392704K)->388971K(392704K)
[249.122s][info][gc,metaspace   ] GC(484) Metaspace: 56917K(57216K)->56917K(57216K) NonClass: 51293K(51520K)->51293K(51520K) Class: 5623K(5696K)->5623K(5696K)
[249.122s][info][gc             ] GC(484) Pause Young (Allocation Failure) 602M->382M(649M) 5.868ms
[249.122s][info][gc,cpu         ] GC(484) User=0.01s Sys=0.01s Real=0.01s
[249.791s][info][gc,start       ] GC(485) Pause Young (Allocation Failure)
[249.794s][info][gc,heap        ] GC(485) PSYoungGen: 271742K(271872K)->617K(259584K) Eden: 268800K(268800K)->0K(258560K) From: 2942K(3072K)->617K(1024K)
[249.794s][info][gc,heap        ] GC(485) ParOldGen: 388971K(392704K)->388987K(392704K)
[249.794s][info][gc,metaspace   ] GC(485) Metaspace: 56917K(57216K)->56917K(57216K) NonClass: 51293K(51520K)->51293K(51520K) Class: 5623K(5696K)->5623K(5696K)
[249.794s][info][gc             ] GC(485) Pause Young (Allocation Failure) 645M->380M(637M) 2.710ms
[249.794s][info][gc,cpu         ] GC(485) User=0.01s Sys=0.00s Real=0.00s
[250.395s][info][gc,start       ] GC(486) Pause Young (Allocation Failure)
[250.400s][info][gc,heap        ] GC(486) PSYoungGen: 259177K(259584K)->2207K(251392K) Eden: 258560K(258560K)->0K(248832K) From: 617K(1024K)->2207K(2560K)
[250.400s][info][gc,heap        ] GC(486) ParOldGen: 388987K(392704K)->389003K(392704K)
[250.400s][info][gc,metaspace   ] GC(486) Metaspace: 56917K(57216K)->56917K(57216K) NonClass: 51293K(51520K)->51293K(51520K) Class: 5623K(5696K)->5623K(5696K)
[250.400s][info][gc             ] GC(486) Pause Young (Allocation Failure) 632M->382M(629M) 4.481ms
[250.400s][info][gc,cpu         ] GC(486) User=0.00s Sys=0.00s Real=0.01s
[250.994s][info][gc,start       ] GC(487) Pause Young (Allocation Failure)
[250.997s][info][gc,heap        ] GC(487) PSYoungGen: 251039K(251392K)->1248K(240640K) Eden: 248832K(248832K)->0K(239104K) From: 2207K(2560K)->1248K(1536K)
[250.997s][info][gc,heap        ] GC(487) ParOldGen: 389003K(392704K)->389019K(392704K)
[250.997s][info][gc,metaspace   ] GC(487) Metaspace: 56917K(57216K)->56917K(57216K) NonClass: 51293K(51520K)->51293K(51520K) Class: 5623K(5696K)->5623K(5696K)
[250.997s][info][gc             ] GC(487) Pause Young (Allocation Failure) 625M->381M(618M) 3.465ms
[250.997s][info][gc,cpu         ] GC(487) User=0.00s Sys=0.00s Real=0.01s
[251.523s][info][gc,start       ] GC(488) Pause Young (Allocation Failure)
[251.527s][info][gc,heap        ] GC(488) PSYoungGen: 240054K(240640K)->1568K(231936K) Eden: 238806K(239104K)->0K(229888K) From: 1248K(1536K)->1568K(2048K)
[251.527s][info][gc,heap        ] GC(488) ParOldGen: 389019K(392704K)->389035K(392704K)
[251.527s][info][gc,metaspace   ] GC(488) Metaspace: 56917K(57216K)->56917K(57216K) NonClass: 51293K(51520K)->51293K(51520K) Class: 5623K(5696K)->5623K(5696K)
[251.527s][info][gc             ] GC(488) Pause Young (Allocation Failure) 614M->381M(610M) 4.106ms
[251.527s][info][gc,cpu         ] GC(488) User=0.01s Sys=0.00s Real=0.01s
[252.097s][info][gc,start       ] GC(489) Pause Young (Allocation Failure)
[252.101s][info][gc,heap        ] GC(489) PSYoungGen: 231456K(231936K)->2111K(223744K) Eden: 229888K(229888K)->0K(221184K) From: 1568K(2048K)->2111K(2560K)
[252.101s][info][gc,heap        ] GC(489) ParOldGen: 389035K(392704K)->389051K(392704K)
[252.101s][info][gc,metaspace   ] GC(489) Metaspace: 56917K(57216K)->56917K(57216K) NonClass: 51293K(51520K)->51293K(51520K) Class: 5623K(5696K)->5623K(5696K)
[252.101s][info][gc             ] GC(489) Pause Young (Allocation Failure) 605M->381M(602M) 3.816ms
[252.101s][info][gc,cpu         ] GC(489) User=0.00s Sys=0.00s Real=0.00s
[252.615s][info][gc,start       ] GC(490) Pause Young (Allocation Failure)
[252.620s][info][gc,heap        ] GC(490) PSYoungGen: 223295K(223744K)->2240K(215552K) Eden: 221184K(221184K)->0K(212992K) From: 2111K(2560K)->2240K(2560K)
[252.620s][info][gc,heap        ] GC(490) ParOldGen: 389051K(392704K)->389067K(392704K)
[252.621s][info][gc,metaspace   ] GC(490) Metaspace: 56917K(57216K)->56917K(57216K) NonClass: 51293K(51520K)->51293K(51520K) Class: 5623K(5696K)->5623K(5696K)
[252.621s][info][gc             ] GC(490) Pause Young (Allocation Failure) 597M->382M(594M) 5.107ms
[252.621s][info][gc,cpu         ] GC(490) User=0.01s Sys=0.01s Real=0.01s
[253.105s][info][gc,start       ] GC(491) Pause Young (Allocation Failure)
[253.110s][info][gc,heap        ] GC(491) PSYoungGen: 215232K(215552K)->3295K(208896K) Eden: 212992K(212992K)->0K(205312K) From: 2240K(2560K)->3295K(3584K)
[253.110s][info][gc,heap        ] GC(491) ParOldGen: 389067K(392704K)->389083K(392704K)
[253.110s][info][gc,metaspace   ] GC(491) Metaspace: 56917K(57216K)->56917K(57216K) NonClass: 51293K(51520K)->51293K(51520K) Class: 5623K(5696K)->5623K(5696K)
[253.110s][info][gc             ] GC(491) Pause Young (Allocation Failure) 590M->383M(587M) 5.308ms
[253.110s][info][gc,cpu         ] GC(491) User=0.01s Sys=0.00s Real=0.01s
[253.604s][info][gc,start       ] GC(492) Pause Young (Allocation Failure)
[253.609s][info][gc,heap        ] GC(492) PSYoungGen: 208607K(208896K)->2655K(200704K) Eden: 205312K(205312K)->0K(197632K) From: 3295K(3584K)->2655K(3072K)
[253.609s][info][gc,heap        ] GC(492) ParOldGen: 389083K(392704K)->389099K(392704K)
[253.609s][info][gc,metaspace   ] GC(492) Metaspace: 56917K(57216K)->56917K(57216K) NonClass: 51293K(51520K)->51293K(51520K) Class: 5623K(5696K)->5623K(5696K)
[253.609s][info][gc             ] GC(492) Pause Young (Allocation Failure) 583M->382M(579M) 4.669ms
[253.609s][info][gc,cpu         ] GC(492) User=0.01s Sys=0.00s Real=0.01s
[254.090s][info][gc,start       ] GC(493) Pause Young (Allocation Failure)
[254.093s][info][gc,heap        ] GC(493) PSYoungGen: 200287K(200704K)->1719K(192512K) Eden: 197632K(197632K)->0K(190464K) From: 2655K(3072K)->1719K(2048K)
[254.093s][info][gc,heap        ] GC(493) ParOldGen: 389099K(392704K)->389115K(392704K)
[254.093s][info][gc,metaspace   ] GC(493) Metaspace: 56917K(57216K)->56917K(57216K) NonClass: 51293K(51520K)->51293K(51520K) Class: 5623K(5696K)->5623K(5696K)
[254.093s][info][gc             ] GC(493) Pause Young (Allocation Failure) 575M->381M(571M) 2.924ms
[254.093s][info][gc,cpu         ] GC(493) User=0.01s Sys=0.00s Real=0.00s
[254.511s][info][gc,start       ] GC(494) Pause Young (Allocation Failure)
[254.516s][info][gc,heap        ] GC(494) PSYoungGen: 191895K(192512K)->2432K(186368K) Eden: 190175K(190464K)->0K(183808K) From: 1719K(2048K)->2432K(2560K)
[254.516s][info][gc,heap        ] GC(494) ParOldGen: 389115K(392704K)->389131K(392704K)
[254.516s][info][gc,metaspace   ] GC(494) Metaspace: 56917K(57216K)->56917K(57216K) NonClass: 51293K(51520K)->51293K(51520K) Class: 5623K(5696K)->5623K(5696K)
[254.516s][info][gc             ] GC(494) Pause Young (Allocation Failure) 567M->382M(565M) 4.581ms
[254.516s][info][gc,cpu         ] GC(494) User=0.01s Sys=0.00s Real=0.00s
[254.994s][info][gc,start       ] GC(495) Pause Young (Allocation Failure)
[254.997s][info][gc,heap        ] GC(495) PSYoungGen: 186240K(186368K)->745K(178176K) Eden: 183808K(183808K)->0K(177152K) From: 2432K(2560K)->745K(1024K)
[254.997s][info][gc,heap        ] GC(495) ParOldGen: 389131K(392704K)->389147K(392704K)
[254.997s][info][gc,metaspace   ] GC(495) Metaspace: 56917K(57216K)->56917K(57216K) NonClass: 51293K(51520K)->51293K(51520K) Class: 5623K(5696K)->5623K(5696K)
[254.997s][info][gc             ] GC(495) Pause Young (Allocation Failure) 561M->380M(557M) 2.731ms
[254.997s][info][gc,cpu         ] GC(495) User=0.00s Sys=0.01s Real=0.01s
[255.397s][info][gc,start       ] GC(496) Pause Young (Allocation Failure)
[255.400s][info][gc,heap        ] GC(496) PSYoungGen: 177897K(178176K)->1632K(173056K) Eden: 177152K(177152K)->0K(171008K) From: 745K(1024K)->1632K(2048K)
[255.400s][info][gc,heap        ] GC(496) ParOldGen: 389147K(392704K)->389163K(392704K)
[255.400s][info][gc,metaspace   ] GC(496) Metaspace: 56917K(57216K)->56917K(57216K) NonClass: 51293K(51520K)->51293K(51520K) Class: 5623K(5696K)->5623K(5696K)
[255.400s][info][gc             ] GC(496) Pause Young (Allocation Failure) 553M->381M(552M) 3.485ms
[255.400s][info][gc,cpu         ] GC(496) User=0.01s Sys=0.00s Real=0.00s
[255.799s][info][gc,start       ] GC(497) Pause Young (Allocation Failure)
[255.803s][info][gc,heap        ] GC(497) PSYoungGen: 172640K(173056K)->1856K(167424K) Eden: 171008K(171008K)->0K(165376K) From: 1632K(2048K)->1856K(2048K)
[255.803s][info][gc,heap        ] GC(497) ParOldGen: 389163K(392704K)->389179K(392704K)
[255.803s][info][gc,metaspace   ] GC(497) Metaspace: 56917K(57216K)->56917K(57216K) NonClass: 51293K(51520K)->51293K(51520K) Class: 5623K(5696K)->5623K(5696K)
[255.803s][info][gc             ] GC(497) Pause Young (Allocation Failure) 548M->381M(547M) 3.815ms
[255.803s][info][gc,cpu         ] GC(497) User=0.01s Sys=0.00s Real=0.00s
[256.200s][info][gc,start       ] GC(498) Pause Young (Allocation Failure)
[256.204s][info][gc,heap        ] GC(498) PSYoungGen: 167232K(167424K)->1567K(161792K) Eden: 165376K(165376K)->0K(159744K) From: 1856K(2048K)->1567K(2048K)
[256.204s][info][gc,heap        ] GC(498) ParOldGen: 389179K(392704K)->389195K(392704K)
[256.204s][info][gc,metaspace   ] GC(498) Metaspace: 56917K(57216K)->56917K(57216K) NonClass: 51293K(51520K)->51293K(51520K) Class: 5623K(5696K)->5623K(5696K)
[256.204s][info][gc             ] GC(498) Pause Young (Allocation Failure) 543M->381M(541M) 3.194ms
[256.204s][info][gc,cpu         ] GC(498) User=0.01s Sys=0.00s Real=0.00s
[256.590s][info][gc,start       ] GC(499) Pause Young (Allocation Failure)
[256.593s][info][gc,heap        ] GC(499) PSYoungGen: 161311K(161792K)->1343K(156160K) Eden: 159744K(159744K)->0K(154624K) From: 1567K(2048K)->1343K(1536K)
[256.593s][info][gc,heap        ] GC(499) ParOldGen: 389195K(392704K)->389211K(392704K)
[256.593s][info][gc,metaspace   ] GC(499) Metaspace: 56917K(57216K)->56917K(57216K) NonClass: 51293K(51520K)->51293K(51520K) Class: 5623K(5696K)->5623K(5696K)
[256.593s][info][gc             ] GC(499) Pause Young (Allocation Failure) 537M->381M(536M) 2.928ms
[256.593s][info][gc,cpu         ] GC(499) User=0.01s Sys=0.00s Real=0.00s
[256.927s][info][gc,start       ] GC(500) Pause Young (Allocation Failure)
[256.931s][info][gc,heap        ] GC(500) PSYoungGen: 155967K(156160K)->2431K(152064K) Eden: 154624K(154624K)->0K(149504K) From: 1343K(1536K)->2431K(2560K)
[256.931s][info][gc,heap        ] GC(500) ParOldGen: 389211K(392704K)->389227K(392704K)
[256.931s][info][gc,metaspace   ] GC(500) Metaspace: 56917K(57216K)->56917K(57216K) NonClass: 51293K(51520K)->51293K(51520K) Class: 5623K(5696K)->5623K(5696K)
[256.931s][info][gc             ] GC(500) Pause Young (Allocation Failure) 532M->382M(532M) 4.075ms
[256.931s][info][gc,cpu         ] GC(500) User=0.01s Sys=0.00s Real=0.00s
[257.299s][info][gc,start       ] GC(501) Pause Young (Allocation Failure)
[257.302s][info][gc,heap        ] GC(501) PSYoungGen: 151935K(152064K)->1888K(146432K) Eden: 149504K(149504K)->0K(144384K) From: 2431K(2560K)->1888K(2048K)
[257.302s][info][gc,heap        ] GC(501) ParOldGen: 389227K(392704K)->389243K(392704K)
[257.302s][info][gc,metaspace   ] GC(501) Metaspace: 56917K(57216K)->56917K(57216K) NonClass: 51293K(51520K)->51293K(51520K) Class: 5623K(5696K)->5623K(5696K)
[257.302s][info][gc             ] GC(501) Pause Young (Allocation Failure) 528M->381M(526M) 3.776ms
[257.302s][info][gc,cpu         ] GC(501) User=0.01s Sys=0.00s Real=0.00s
[257.616s][info][gc,start       ] GC(502) Pause Young (Allocation Failure)
[257.621s][info][gc,heap        ] GC(502) PSYoungGen: 146143K(146432K)->2304K(174592K) Eden: 144255K(144384K)->0K(172032K) From: 1888K(2048K)->2304K(2560K)
[257.621s][info][gc,heap        ] GC(502) ParOldGen: 389243K(392704K)->389259K(392704K)
[257.621s][info][gc,metaspace   ] GC(502) Metaspace: 56917K(57216K)->56917K(57216K) NonClass: 51293K(51520K)->51293K(51520K) Class: 5623K(5696K)->5623K(5696K)
[257.621s][info][gc             ] GC(502) Pause Young (Allocation Failure) 522M->382M(554M) 4.504ms
[257.621s][info][gc,cpu         ] GC(502) User=0.00s Sys=0.00s Real=0.00s
[258.171s][info][gc,start       ] GC(503) Pause Young (Allocation Failure)
[258.174s][info][gc,heap        ] GC(503) PSYoungGen: 174336K(174592K)->1664K(167936K) Eden: 172032K(172032K)->0K(165888K) From: 2304K(2560K)->1664K(2048K)
[258.174s][info][gc,heap        ] GC(503) ParOldGen: 389259K(392704K)->389275K(392704K)
[258.174s][info][gc,metaspace   ] GC(503) Metaspace: 56917K(57216K)->56917K(57216K) NonClass: 51293K(51520K)->51293K(51520K) Class: 5623K(5696K)->5623K(5696K)
[258.174s][info][gc             ] GC(503) Pause Young (Allocation Failure) 550M->381M(547M) 3.605ms
[258.174s][info][gc,cpu         ] GC(503) User=0.01s Sys=0.00s Real=0.00s
[258.517s][info][gc,start       ] GC(504) Pause Young (Allocation Failure)
[258.521s][info][gc,heap        ] GC(504) PSYoungGen: 167441K(167936K)->2560K(200192K) Eden: 165777K(165888K)->0K(197632K) From: 1664K(2048K)->2560K(2560K)
[258.521s][info][gc,heap        ] GC(504) ParOldGen: 389275K(392704K)->389291K(392704K)
[258.521s][info][gc,metaspace   ] GC(504) Metaspace: 56917K(57216K)->56917K(57216K) NonClass: 51293K(51520K)->51293K(51520K) Class: 5623K(5696K)->5623K(5696K)
[258.521s][info][gc             ] GC(504) Pause Young (Allocation Failure) 543M->382M(579M) 4.600ms
[258.521s][info][gc,cpu         ] GC(504) User=0.01s Sys=0.00s Real=0.00s
[259.003s][info][gc,start       ] GC(505) Pause Young (Allocation Failure)
[259.007s][info][gc,heap        ] GC(505) PSYoungGen: 200192K(200192K)->2016K(192512K) Eden: 197632K(197632K)->0K(190464K) From: 2560K(2560K)->2016K(2048K)
[259.007s][info][gc,heap        ] GC(505) ParOldGen: 389291K(392704K)->389307K(392704K)
[259.007s][info][gc,metaspace   ] GC(505) Metaspace: 56917K(57216K)->56917K(57216K) NonClass: 51293K(51520K)->51293K(51520K) Class: 5623K(5696K)->5623K(5696K)
[259.007s][info][gc             ] GC(505) Pause Young (Allocation Failure) 575M->382M(571M) 3.794ms
[259.007s][info][gc,cpu         ] GC(505) User=0.01s Sys=0.00s Real=0.01s
[259.441s][info][gc,start       ] GC(506) Pause Young (Allocation Failure)
[259.443s][info][gc,heap        ] GC(506) PSYoungGen: 192174K(192512K)->767K(184832K) Eden: 190158K(190464K)->0K(183808K) From: 2016K(2048K)->767K(1024K)
[259.443s][info][gc,heap        ] GC(506) ParOldGen: 389307K(392704K)->389323K(392704K)
[259.443s][info][gc,metaspace   ] GC(506) Metaspace: 56917K(57216K)->56917K(57216K) NonClass: 51293K(51520K)->51293K(51520K) Class: 5623K(5696K)->5623K(5696K)
[259.443s][info][gc             ] GC(506) Pause Young (Allocation Failure) 567M->380M(564M) 2.420ms
[259.443s][info][gc,cpu         ] GC(506) User=0.00s Sys=0.00s Real=0.00s
[259.900s][info][gc,start       ] GC(507) Pause Young (Allocation Failure)
[259.904s][info][gc,heap        ] GC(507) PSYoungGen: 184575K(184832K)->2495K(179712K) Eden: 183808K(183808K)->0K(177152K) From: 767K(1024K)->2495K(2560K)
[259.904s][info][gc,heap        ] GC(507) ParOldGen: 389323K(392704K)->389339K(392704K)
[259.904s][info][gc,metaspace   ] GC(507) Metaspace: 56917K(57216K)->56917K(57216K) NonClass: 51293K(51520K)->51293K(51520K) Class: 5623K(5696K)->5623K(5696K)
[259.904s][info][gc             ] GC(507) Pause Young (Allocation Failure) 560M->382M(559M) 4.191ms
[259.904s][info][gc,cpu         ] GC(507) User=0.01s Sys=0.00s Real=0.00s
[260.305s][info][gc,start       ] GC(508) Pause Young (Allocation Failure)
[260.309s][info][gc,heap        ] GC(508) PSYoungGen: 179647K(179712K)->2879K(174080K) Eden: 177152K(177152K)->0K(171008K) From: 2495K(2560K)->2879K(3072K)
[260.309s][info][gc,heap        ] GC(508) ParOldGen: 389339K(392704K)->389355K(392704K)
[260.309s][info][gc,metaspace   ] GC(508) Metaspace: 56917K(57216K)->56917K(57216K) NonClass: 51293K(51520K)->51293K(51520K) Class: 5623K(5696K)->5623K(5696K)
[260.309s][info][gc             ] GC(508) Pause Young (Allocation Failure) 555M->383M(553M) 4.697ms
[260.309s][info][gc,cpu         ] GC(508) User=0.01s Sys=0.00s Real=0.01s
[260.713s][info][gc,start       ] GC(509) Pause Young (Allocation Failure)
[260.718s][info][gc,heap        ] GC(509) PSYoungGen: 173887K(174080K)->2048K(205312K) Eden: 171008K(171008K)->0K(203264K) From: 2879K(3072K)->2048K(2048K)
[260.718s][info][gc,heap        ] GC(509) ParOldGen: 389355K(392704K)->390499K(392704K)
[260.718s][info][gc,metaspace   ] GC(509) Metaspace: 56917K(57216K)->56917K(57216K) NonClass: 51293K(51520K)->51293K(51520K) Class: 5623K(5696K)->5623K(5696K)
[260.718s][info][gc             ] GC(509) Pause Young (Allocation Failure) 550M->383M(584M) 4.833ms
[260.718s][info][gc,cpu         ] GC(509) User=0.01s Sys=0.00s Real=0.01s
[261.201s][info][gc,start       ] GC(510) Pause Young (Allocation Failure)
[261.206s][info][gc,heap        ] GC(510) PSYoungGen: 205312K(205312K)->2559K(243712K) Eden: 203264K(203264K)->0K(239616K) From: 2048K(2048K)->2559K(4096K)
[261.206s][info][gc,heap        ] GC(510) ParOldGen: 390499K(392704K)->391507K(392704K)
[261.206s][info][gc,metaspace   ] GC(510) Metaspace: 56917K(57216K)->56917K(57216K) NonClass: 51293K(51520K)->51293K(51520K) Class: 5623K(5696K)->5623K(5696K)
[261.206s][info][gc             ] GC(510) Pause Young (Allocation Failure) 581M->384M(621M) 4.971ms
[261.206s][info][gc,cpu         ] GC(510) User=0.01s Sys=0.00s Real=0.00s
[261.789s][info][gc,start       ] GC(511) Pause Young (Allocation Failure)
[261.791s][info][gc,heap        ] GC(511) PSYoungGen: 242175K(243712K)->702K(231424K) Eden: 239616K(239616K)->0K(230400K) From: 2559K(4096K)->702K(1024K)
[261.791s][info][gc,heap        ] GC(511) ParOldGen: 391507K(392704K)->391659K(392704K)
[261.791s][info][gc,metaspace   ] GC(511) Metaspace: 56917K(57216K)->56917K(57216K) NonClass: 51293K(51520K)->51293K(51520K) Class: 5623K(5696K)->5623K(5696K)
[261.791s][info][gc             ] GC(511) Pause Young (Allocation Failure) 618M->383M(609M) 2.627ms
[261.791s][info][gc,cpu         ] GC(511) User=0.00s Sys=0.00s Real=0.00s
[262.302s][info][gc,start       ] GC(512) Pause Young (Allocation Failure)
[262.307s][info][gc,heap        ] GC(512) PSYoungGen: 231102K(231424K)->2719K(224768K) Eden: 230400K(230400K)->0K(221696K) From: 702K(1024K)->2719K(3072K)
[262.307s][info][gc,heap        ] GC(512) ParOldGen: 391659K(392704K)->391675K(392704K)
[262.307s][info][gc,metaspace   ] GC(512) Metaspace: 56917K(57216K)->56917K(57216K) NonClass: 51293K(51520K)->51293K(51520K) Class: 5623K(5696K)->5623K(5696K)
[262.307s][info][gc             ] GC(512) Pause Young (Allocation Failure) 608M->385M(603M) 4.448ms
[262.307s][info][gc,cpu         ] GC(512) User=0.01s Sys=0.00s Real=0.01s
[262.816s][info][gc,start       ] GC(513) Pause Young (Allocation Failure)
[262.820s][info][gc,heap        ] GC(513) PSYoungGen: 224415K(224768K)->2367K(216064K) Eden: 221696K(221696K)->0K(213504K) From: 2719K(3072K)->2367K(2560K)
[262.820s][info][gc,heap        ] GC(513) ParOldGen: 391675K(392704K)->391691K(392704K)
[262.820s][info][gc,metaspace   ] GC(513) Metaspace: 56917K(57216K)->56917K(57216K) NonClass: 51293K(51520K)->51293K(51520K) Class: 5623K(5696K)->5623K(5696K)
[262.820s][info][gc             ] GC(513) Pause Young (Allocation Failure) 601M->384M(594M) 4.146ms
[262.820s][info][gc,cpu         ] GC(513) User=0.01s Sys=0.00s Real=0.01s
[263.315s][info][gc,start       ] GC(514) Pause Young (Allocation Failure)
[263.319s][info][gc,heap        ] GC(514) PSYoungGen: 215871K(216064K)->2111K(208384K) Eden: 213504K(213504K)->0K(205824K) From: 2367K(2560K)->2111K(2560K)
[263.319s][info][gc,heap        ] GC(514) ParOldGen: 391691K(392704K)->391707K(392704K)
[263.319s][info][gc,metaspace   ] GC(514) Metaspace: 56917K(57216K)->56917K(57216K) NonClass: 51293K(51520K)->51293K(51520K) Class: 5623K(5696K)->5623K(5696K)
[263.319s][info][gc             ] GC(514) Pause Young (Allocation Failure) 593M->384M(587M) 3.898ms
[263.319s][info][gc,cpu         ] GC(514) User=0.01s Sys=0.00s Real=0.01s
[263.850s][info][gc,start       ] GC(515) Pause Young (Allocation Failure)
[263.874s][info][gc,heap        ] GC(515) PSYoungGen: 207919K(208384K)->2783K(239104K) Eden: 205808K(205824K)->0K(235520K) From: 2111K(2560K)->2783K(3584K)
[263.874s][info][gc,heap        ] GC(515) ParOldGen: 391707K(392704K)->391723K(392704K)
[263.874s][info][gc,metaspace   ] GC(515) Metaspace: 56917K(57216K)->56917K(57216K) NonClass: 51293K(51520K)->51293K(51520K) Class: 5623K(5696K)->5623K(5696K)
[263.874s][info][gc             ] GC(515) Pause Young (Allocation Failure) 585M->385M(617M) 23.514ms
[263.874s][info][gc,cpu         ] GC(515) User=0.01s Sys=0.00s Real=0.02s
[264.407s][info][gc,start       ] GC(516) Pause Young (Allocation Failure)
[264.420s][info][gc,heap        ] GC(516) PSYoungGen: 238303K(239104K)->2111K(239616K) Eden: 235520K(235520K)->0K(235520K) From: 2783K(3584K)->2111K(4096K)
[264.420s][info][gc,heap        ] GC(516) ParOldGen: 391723K(392704K)->391739K(392704K)
[264.420s][info][gc,metaspace   ] GC(516) Metaspace: 56917K(57216K)->56917K(57216K) NonClass: 51293K(51520K)->51293K(51520K) Class: 5623K(5696K)->5623K(5696K)
[264.420s][info][gc             ] GC(516) Pause Young (Allocation Failure) 615M->384M(617M) 13.798ms
[264.420s][info][gc,cpu         ] GC(516) User=0.01s Sys=0.00s Real=0.01s
[264.936s][info][gc,start       ] GC(517) Pause Young (Allocation Failure)
[264.940s][info][gc,heap        ] GC(517) PSYoungGen: 237499K(239616K)->671K(285184K) Eden: 235388K(235520K)->0K(281088K) From: 2111K(4096K)->671K(4096K)
[264.940s][info][gc,heap        ] GC(517) ParOldGen: 391739K(392704K)->391755K(392704K)
[264.940s][info][gc,metaspace   ] GC(517) Metaspace: 56917K(57216K)->56917K(57216K) NonClass: 51293K(51520K)->51293K(51520K) Class: 5623K(5696K)->5623K(5696K)
[264.940s][info][gc             ] GC(517) Pause Young (Allocation Failure) 614M->383M(662M) 4.302ms
[264.940s][info][gc,cpu         ] GC(517) User=0.00s Sys=0.00s Real=0.01s
[265.705s][info][gc,start       ] GC(518) Pause Young (Allocation Failure)
[265.718s][info][gc,heap        ] GC(518) PSYoungGen: 281526K(285184K)->2944K(285184K) Eden: 280855K(281088K)->0K(281088K) From: 671K(4096K)->2944K(4096K)
[265.718s][info][gc,heap        ] GC(518) ParOldGen: 391755K(392704K)->391771K(392704K)
[265.718s][info][gc,metaspace   ] GC(518) Metaspace: 56917K(57216K)->56917K(57216K) NonClass: 51293K(51520K)->51293K(51520K) Class: 5623K(5696K)->5623K(5696K)
[265.718s][info][gc             ] GC(518) Pause Young (Allocation Failure) 657M->385M(662M) 13.303ms
[265.718s][info][gc,cpu         ] GC(518) User=0.01s Sys=0.00s Real=0.02s
[266.295s][info][gc,start       ] GC(519) Pause Young (Allocation Failure)
[266.298s][info][gc,heap        ] GC(519) PSYoungGen: 284032K(285184K)->1598K(329728K) Eden: 281088K(281088K)->0K(325632K) From: 2944K(4096K)->1598K(4096K)
[266.298s][info][gc,heap        ] GC(519) ParOldGen: 391771K(392704K)->391787K(392704K)
[266.298s][info][gc,metaspace   ] GC(519) Metaspace: 56917K(57216K)->56917K(57216K) NonClass: 51293K(51520K)->51293K(51520K) Class: 5623K(5696K)->5623K(5696K)
[266.298s][info][gc             ] GC(519) Pause Young (Allocation Failure) 659M->384M(705M) 3.450ms
[266.298s][info][gc,cpu         ] GC(519) User=0.01s Sys=0.00s Real=0.01s
[267.038s][info][gc,start       ] GC(520) Pause Young (Allocation Failure)
[267.043s][info][gc,heap        ] GC(520) PSYoungGen: 327230K(329728K)->2527K(329728K) Eden: 325632K(325632K)->0K(325632K) From: 1598K(4096K)->2527K(4096K)
[267.043s][info][gc,heap        ] GC(520) ParOldGen: 391787K(392704K)->391803K(392704K)
[267.044s][info][gc,metaspace   ] GC(520) Metaspace: 56917K(57216K)->56917K(57216K) NonClass: 51293K(51520K)->51293K(51520K) Class: 5623K(5696K)->5623K(5696K)
[267.044s][info][gc             ] GC(520) Pause Young (Allocation Failure) 702M->385M(705M) 5.040ms
[267.044s][info][gc,cpu         ] GC(520) User=0.01s Sys=0.00s Real=0.00s
[267.839s][info][gc,start       ] GC(521) Pause Young (Allocation Failure)
[267.844s][info][gc,heap        ] GC(521) PSYoungGen: 328159K(329728K)->2975K(329728K) Eden: 325632K(325632K)->0K(325632K) From: 2527K(4096K)->2975K(4096K)
[267.844s][info][gc,heap        ] GC(521) ParOldGen: 391803K(392704K)->391827K(392704K)
[267.844s][info][gc,metaspace   ] GC(521) Metaspace: 56917K(57216K)->56917K(57216K) NonClass: 51293K(51520K)->51293K(51520K) Class: 5623K(5696K)->5623K(5696K)
[267.844s][info][gc             ] GC(521) Pause Young (Allocation Failure) 703M->385M(705M) 5.144ms
[267.844s][info][gc,cpu         ] GC(521) User=0.01s Sys=0.00s Real=0.00s
[268.608s][info][gc,start       ] GC(522) Pause Young (Allocation Failure)
[268.628s][info][gc,heap        ] GC(522) PSYoungGen: 328607K(329728K)->1855K(329728K) Eden: 325632K(325632K)->0K(325632K) From: 2975K(4096K)->1855K(4096K)
[268.628s][info][gc,heap        ] GC(522) ParOldGen: 391827K(392704K)->391843K(392704K)
[268.628s][info][gc,metaspace   ] GC(522) Metaspace: 56917K(57216K)->56917K(57216K) NonClass: 51293K(51520K)->51293K(51520K) Class: 5623K(5696K)->5623K(5696K)
[268.628s][info][gc             ] GC(522) Pause Young (Allocation Failure) 703M->384M(705M) 20.101ms
[268.628s][info][gc,cpu         ] GC(522) User=0.01s Sys=0.00s Real=0.02s
[269.330s][info][gc,start       ] GC(523) Pause Young (Allocation Failure)
[269.332s][info][gc,heap        ] GC(523) PSYoungGen: 327487K(329728K)->1247K(329728K) Eden: 325632K(325632K)->0K(325632K) From: 1855K(4096K)->1247K(4096K)
[269.332s][info][gc,heap        ] GC(523) ParOldGen: 391843K(392704K)->391859K(392704K)
[269.332s][info][gc,metaspace   ] GC(523) Metaspace: 56917K(57216K)->56917K(57216K) NonClass: 51293K(51520K)->51293K(51520K) Class: 5623K(5696K)->5623K(5696K)
[269.332s][info][gc             ] GC(523) Pause Young (Allocation Failure) 702M->383M(705M) 2.831ms
[269.332s][info][gc,cpu         ] GC(523) User=0.01s Sys=0.00s Real=0.00s
[270.216s][info][gc,start       ] GC(524) Pause Young (Allocation Failure)
[270.220s][info][gc,heap        ] GC(524) PSYoungGen: 326720K(329728K)->2080K(314880K) Eden: 325472K(325632K)->0K(312320K) From: 1247K(4096K)->2080K(2560K)
[270.220s][info][gc,heap        ] GC(524) ParOldGen: 391859K(392704K)->391875K(392704K)
[270.220s][info][gc,metaspace   ] GC(524) Metaspace: 56917K(57216K)->56917K(57216K) NonClass: 51293K(51520K)->51293K(51520K) Class: 5623K(5696K)->5623K(5696K)
[270.220s][info][gc             ] GC(524) Pause Young (Allocation Failure) 701M->384M(691M) 4.273ms
[270.220s][info][gc,cpu         ] GC(524) User=0.01s Sys=0.00s Real=0.01s
[270.997s][info][gc,start       ] GC(525) Pause Young (Allocation Failure)
[271.001s][info][gc,heap        ] GC(525) PSYoungGen: 314400K(314880K)->1649K(301568K) Eden: 312320K(312320K)->0K(299520K) From: 2080K(2560K)->1649K(2048K)
[271.001s][info][gc,heap        ] GC(525) ParOldGen: 391875K(392704K)->391891K(392704K)
[271.001s][info][gc,metaspace   ] GC(525) Metaspace: 56919K(57216K)->56919K(57216K) NonClass: 51296K(51520K)->51296K(51520K) Class: 5623K(5696K)->5623K(5696K)
[271.001s][info][gc             ] GC(525) Pause Young (Allocation Failure) 689M->384M(678M) 4.019ms
[271.001s][info][gc,cpu         ] GC(525) User=0.01s Sys=0.00s Real=0.00s
[271.700s][info][gc,start       ] GC(526) Pause Young (Allocation Failure)
[271.704s][info][gc,heap        ] GC(526) PSYoungGen: 301169K(301568K)->2399K(290304K) Eden: 299520K(299520K)->0K(287744K) From: 1649K(2048K)->2399K(2560K)
[271.704s][info][gc,heap        ] GC(526) ParOldGen: 391891K(392704K)->391907K(392704K)
[271.704s][info][gc,metaspace   ] GC(526) Metaspace: 56919K(57216K)->56919K(57216K) NonClass: 51296K(51520K)->51296K(51520K) Class: 5623K(5696K)->5623K(5696K)
[271.704s][info][gc             ] GC(526) Pause Young (Allocation Failure) 676M->385M(667M) 4.183ms
[271.704s][info][gc,cpu         ] GC(526) User=0.01s Sys=0.00s Real=0.00s
[274.442s][info][gc,start       ] GC(527) Pause Young (Allocation Failure)
[274.507s][info][gc,heap        ] GC(527) PSYoungGen: 290143K(290304K)->3576K(265728K) Eden: 287744K(287744K)->0K(262144K) From: 2399K(2560K)->3576K(3584K)
[274.507s][info][gc,heap        ] GC(527) ParOldGen: 391907K(392704K)->477818K(478208K)
[274.507s][info][gc,metaspace   ] GC(527) Metaspace: 57153K(57408K)->57153K(57408K) NonClass: 51528K(51712K)->51528K(51712K) Class: 5624K(5696K)->5624K(5696K)
[274.507s][info][gc             ] GC(527) Pause Young (Allocation Failure) 666M->470M(726M) 64.829ms
[274.507s][info][gc,cpu         ] GC(527) User=0.08s Sys=0.05s Real=0.07s
[274.993s][info][gc,start       ] GC(528) Pause Young (Allocation Failure)
[275.007s][info][gc,heap        ] GC(528) PSYoungGen: 265720K(265728K)->18668K(281088K) Eden: 262144K(262144K)->0K(262144K) From: 3576K(3584K)->18668K(18944K)
[275.007s][info][gc,heap        ] GC(528) ParOldGen: 477818K(478208K)->481378K(481792K)
[275.007s][info][gc,metaspace   ] GC(528) Metaspace: 57153K(57408K)->57153K(57408K) NonClass: 51528K(51712K)->51528K(51712K) Class: 5624K(5696K)->5624K(5696K)
[275.007s][info][gc             ] GC(528) Pause Young (Allocation Failure) 726M->488M(745M) 14.697ms
[275.007s][info][gc,cpu         ] GC(528) User=0.03s Sys=0.00s Real=0.02s
[275.607s][info][gc,start       ] GC(529) Pause Young (Allocation Failure)
[275.622s][info][gc,heap        ] GC(529) PSYoungGen: 280812K(281088K)->2592K(298496K) Eden: 262144K(262144K)->0K(262144K) From: 18668K(18944K)->2592K(36352K)
[275.622s][info][gc,heap        ] GC(529) ParOldGen: 481378K(481792K)->498423K(498688K)
[275.622s][info][gc,metaspace   ] GC(529) Metaspace: 57153K(57408K)->57153K(57408K) NonClass: 51528K(51712K)->51528K(51712K) Class: 5624K(5696K)->5624K(5696K)
[275.622s][info][gc             ] GC(529) Pause Young (Allocation Failure) 744M->489M(778M) 15.808ms
[275.622s][info][gc,cpu         ] GC(529) User=0.02s Sys=0.01s Real=0.01s
[276.210s][info][gc,start       ] GC(530) Pause Young (Allocation Failure)
[276.216s][info][gc,heap        ] GC(530) PSYoungGen: 264736K(298496K)->3551K(265728K) Eden: 262144K(262144K)->0K(262144K) From: 2592K(36352K)->3551K(3584K)
[276.216s][info][gc,heap        ] GC(530) ParOldGen: 498423K(498688K)->498439K(498688K)
[276.216s][info][gc,metaspace   ] GC(530) Metaspace: 57153K(57408K)->57153K(57408K) NonClass: 51528K(51712K)->51528K(51712K) Class: 5624K(5696K)->5624K(5696K)
[276.216s][info][gc             ] GC(530) Pause Young (Allocation Failure) 745M->490M(746M) 5.610ms
[276.216s][info][gc,cpu         ] GC(530) User=0.01s Sys=0.00s Real=0.00s
[276.826s][info][gc,start       ] GC(531) Pause Young (Allocation Failure)
[276.829s][info][gc,heap        ] GC(531) PSYoungGen: 265695K(265728K)->1279K(297472K) Eden: 262144K(262144K)->0K(263168K) From: 3551K(3584K)->1279K(34304K)
[276.829s][info][gc,heap        ] GC(531) ParOldGen: 498439K(498688K)->498455K(498688K)
[276.829s][info][gc,metaspace   ] GC(531) Metaspace: 57153K(57408K)->57153K(57408K) NonClass: 51528K(51712K)->51528K(51712K) Class: 5624K(5696K)->5624K(5696K)
[276.829s][info][gc             ] GC(531) Pause Young (Allocation Failure) 746M->488M(777M) 2.975ms
[276.829s][info][gc,cpu         ] GC(531) User=0.00s Sys=0.00s Real=0.01s
[277.492s][info][gc,start       ] GC(532) Pause Young (Allocation Failure)
[277.494s][info][gc,heap        ] GC(532) PSYoungGen: 264447K(297472K)->1177K(296448K) Eden: 263168K(263168K)->0K(263168K) From: 1279K(34304K)->1177K(33280K)
[277.494s][info][gc,heap        ] GC(532) ParOldGen: 498455K(498688K)->498471K(498688K)
[277.494s][info][gc,metaspace   ] GC(532) Metaspace: 57153K(57408K)->57153K(57408K) NonClass: 51528K(51712K)->51528K(51712K) Class: 5624K(5696K)->5624K(5696K)
[277.494s][info][gc             ] GC(532) Pause Young (Allocation Failure) 745M->487M(776M) 2.871ms
[277.495s][info][gc,cpu         ] GC(532) User=0.00s Sys=0.00s Real=0.00s
[278.113s][info][gc,start       ] GC(533) Pause Young (Allocation Failure)
[278.133s][info][gc,heap        ] GC(533) PSYoungGen: 264345K(296448K)->4479K(299008K) Eden: 263168K(263168K)->0K(267776K) From: 1177K(33280K)->4479K(31232K)
[278.133s][info][gc,heap        ] GC(533) ParOldGen: 498471K(498688K)->498487K(498688K)
[278.133s][info][gc,metaspace   ] GC(533) Metaspace: 57153K(57408K)->57153K(57408K) NonClass: 51528K(51712K)->51528K(51712K) Class: 5624K(5696K)->5624K(5696K)
[278.133s][info][gc             ] GC(533) Pause Young (Allocation Failure) 744M->491M(779M) 19.287ms
[278.133s][info][gc,cpu         ] GC(533) User=0.02s Sys=0.01s Real=0.02s
[278.718s][info][gc,start       ] GC(534) Pause Young (Allocation Failure)
[278.722s][info][gc,heap        ] GC(534) PSYoungGen: 272140K(299008K)->1888K(298496K) Eden: 267660K(267776K)->0K(267776K) From: 4479K(31232K)->1888K(30720K)
[278.722s][info][gc,heap        ] GC(534) ParOldGen: 498487K(498688K)->498503K(498688K)
[278.722s][info][gc,metaspace   ] GC(534) Metaspace: 57153K(57408K)->57153K(57408K) NonClass: 51528K(51712K)->51528K(51712K) Class: 5624K(5696K)->5624K(5696K)
[278.722s][info][gc             ] GC(534) Pause Young (Allocation Failure) 752M->488M(778M) 4.075ms
[278.722s][info][gc,cpu         ] GC(534) User=0.01s Sys=0.00s Real=0.00s
[279.394s][info][gc,start       ] GC(535) Pause Young (Allocation Failure)
[279.398s][info][gc,heap        ] GC(535) PSYoungGen: 269664K(298496K)->1439K(302080K) Eden: 267776K(267776K)->0K(272896K) From: 1888K(30720K)->1439K(29184K)
[279.398s][info][gc,heap        ] GC(535) ParOldGen: 498503K(498688K)->498519K(498688K)
[279.398s][info][gc,metaspace   ] GC(535) Metaspace: 57153K(57408K)->57153K(57408K) NonClass: 51528K(51712K)->51528K(51712K) Class: 5624K(5696K)->5624K(5696K)
[279.398s][info][gc             ] GC(535) Pause Young (Allocation Failure) 750M->488M(782M) 3.496ms
[279.398s][info][gc,cpu         ] GC(535) User=0.01s Sys=0.00s Real=0.01s
[280.012s][info][gc,start       ] GC(536) Pause Young (Allocation Failure)
[280.017s][info][gc,heap        ] GC(536) PSYoungGen: 274335K(302080K)->2943K(301056K) Eden: 272896K(272896K)->0K(272896K) From: 1439K(29184K)->2943K(28160K)
[280.017s][info][gc,heap        ] GC(536) ParOldGen: 498519K(498688K)->498535K(498688K)
[280.017s][info][gc,metaspace   ] GC(536) Metaspace: 57153K(57408K)->57153K(57408K) NonClass: 51528K(51712K)->51528K(51712K) Class: 5624K(5696K)->5624K(5696K)
[280.017s][info][gc             ] GC(536) Pause Young (Allocation Failure) 754M->489M(781M) 4.965ms
[280.017s][info][gc,cpu         ] GC(536) User=0.01s Sys=0.00s Real=0.01s
[280.689s][info][gc,start       ] GC(537) Pause Young (Allocation Failure)
[280.692s][info][gc,heap        ] GC(537) PSYoungGen: 275839K(301056K)->852K(272384K) Eden: 272896K(272896K)->0K(262144K) From: 2943K(28160K)->852K(10240K)
[280.692s][info][gc,heap        ] GC(537) ParOldGen: 498535K(498688K)->498551K(498688K)
[280.692s][info][gc,metaspace   ] GC(537) Metaspace: 57153K(57408K)->57153K(57408K) NonClass: 51528K(51712K)->51528K(51712K) Class: 5624K(5696K)->5624K(5696K)
[280.692s][info][gc             ] GC(537) Pause Young (Allocation Failure) 756M->487M(753M) 3.768ms
[280.692s][info][gc,cpu         ] GC(537) User=0.01s Sys=0.00s Real=0.00s
[281.296s][info][gc,start       ] GC(538) Pause Young (Allocation Failure)
[281.300s][info][gc,heap        ] GC(538) PSYoungGen: 262923K(272384K)->1568K(253952K) Eden: 262071K(262144K)->0K(251904K) From: 852K(10240K)->1568K(2048K)
[281.300s][info][gc,heap        ] GC(538) ParOldGen: 498551K(498688K)->498567K(498688K)
[281.300s][info][gc,metaspace   ] GC(538) Metaspace: 57153K(57408K)->57153K(57408K) NonClass: 51528K(51712K)->51528K(51712K) Class: 5624K(5696K)->5624K(5696K)
[281.300s][info][gc             ] GC(538) Pause Young (Allocation Failure) 743M->488M(735M) 4.231ms
[281.300s][info][gc,cpu         ] GC(538) User=0.00s Sys=0.00s Real=0.01s
[281.899s][info][gc,start       ] GC(539) Pause Young (Allocation Failure)
[281.904s][info][gc,heap        ] GC(539) PSYoungGen: 253472K(253952K)->2239K(251392K) Eden: 251904K(251904K)->0K(242176K) From: 1568K(2048K)->2239K(9216K)
[281.904s][info][gc,heap        ] GC(539) ParOldGen: 498567K(498688K)->498583K(498688K)
[281.904s][info][gc,metaspace   ] GC(539) Metaspace: 57153K(57408K)->57153K(57408K) NonClass: 51528K(51712K)->51528K(51712K) Class: 5624K(5696K)->5624K(5696K)
[281.904s][info][gc             ] GC(539) Pause Young (Allocation Failure) 734M->489M(732M) 5.051ms
[281.904s][info][gc,cpu         ] GC(539) User=0.01s Sys=0.00s Real=0.00s
[282.492s][info][gc,start       ] GC(540) Pause Young (Allocation Failure)
[282.496s][info][gc,heap        ] GC(540) PSYoungGen: 244415K(251392K)->1257K(234496K) Eden: 242176K(242176K)->0K(232960K) From: 2239K(9216K)->1257K(1536K)
[282.496s][info][gc,heap        ] GC(540) ParOldGen: 498583K(498688K)->498599K(498688K)
[282.496s][info][gc,metaspace   ] GC(540) Metaspace: 57153K(57408K)->57153K(57408K) NonClass: 51528K(51712K)->51528K(51712K) Class: 5624K(5696K)->5624K(5696K)
[282.496s][info][gc             ] GC(540) Pause Young (Allocation Failure) 725M->488M(716M) 3.701ms
[282.496s][info][gc,cpu         ] GC(540) User=0.00s Sys=0.00s Real=0.00s
[283.040s][info][gc,start       ] GC(541) Pause Young (Allocation Failure)
[283.047s][info][gc,heap        ] GC(541) PSYoungGen: 234217K(234496K)->3264K(231936K) Eden: 232960K(232960K)->0K(224256K) From: 1257K(1536K)->3264K(7680K)
[283.047s][info][gc,heap        ] GC(541) ParOldGen: 498599K(498688K)->498615K(498688K)
[283.047s][info][gc,metaspace   ] GC(541) Metaspace: 57153K(57408K)->57153K(57408K) NonClass: 51528K(51712K)->51528K(51712K) Class: 5624K(5696K)->5624K(5696K)
[283.047s][info][gc             ] GC(541) Pause Young (Allocation Failure) 715M->490M(713M) 6.643ms
[283.047s][info][gc,cpu         ] GC(541) User=0.01s Sys=0.00s Real=0.01s
[283.534s][info][gc,start       ] GC(542) Pause Young (Allocation Failure)
[283.537s][info][gc,heap        ] GC(542) PSYoungGen: 227520K(231936K)->895K(217088K) Eden: 224256K(224256K)->0K(216064K) From: 3264K(7680K)->895K(1024K)
[283.537s][info][gc,heap        ] GC(542) ParOldGen: 498615K(498688K)->498631K(498688K)
[283.537s][info][gc,metaspace   ] GC(542) Metaspace: 57153K(57408K)->57153K(57408K) NonClass: 51528K(51712K)->51528K(51712K) Class: 5624K(5696K)->5624K(5696K)
[283.537s][info][gc             ] GC(542) Pause Young (Allocation Failure) 709M->487M(699M) 2.959ms
[283.537s][info][gc,cpu         ] GC(542) User=0.01s Sys=0.00s Real=0.01s
[284.089s][info][gc,start       ] GC(543) Pause Young (Allocation Failure)
[284.093s][info][gc,heap        ] GC(543) PSYoungGen: 216959K(217088K)->832K(214016K) Eden: 216064K(216064K)->0K(207872K) From: 895K(1024K)->832K(6144K)
[284.093s][info][gc,heap        ] GC(543) ParOldGen: 498631K(498688K)->498647K(498688K)
[284.093s][info][gc,metaspace   ] GC(543) Metaspace: 57153K(57408K)->57153K(57408K) NonClass: 51528K(51712K)->51528K(51712K) Class: 5624K(5696K)->5624K(5696K)
[284.093s][info][gc             ] GC(543) Pause Young (Allocation Failure) 698M->487M(696M) 3.624ms
[284.093s][info][gc,cpu         ] GC(543) User=0.00s Sys=0.00s Real=0.00s
[284.590s][info][gc,start       ] GC(544) Pause Young (Allocation Failure)
[284.593s][info][gc,heap        ] GC(544) PSYoungGen: 208704K(214016K)->820K(201216K) Eden: 207872K(207872K)->0K(200192K) From: 832K(6144K)->820K(1024K)
[284.593s][info][gc,heap        ] GC(544) ParOldGen: 498647K(498688K)->498663K(498688K)
[284.593s][info][gc,metaspace   ] GC(544) Metaspace: 57153K(57408K)->57153K(57408K) NonClass: 51528K(51712K)->51528K(51712K) Class: 5624K(5696K)->5624K(5696K)
[284.593s][info][gc             ] GC(544) Pause Young (Allocation Failure) 690M->487M(683M) 3.032ms
[284.593s][info][gc,cpu         ] GC(544) User=0.00s Sys=0.00s Real=0.00s
[285.023s][info][gc,start       ] GC(545) Pause Young (Allocation Failure)
[285.027s][info][gc,heap        ] GC(545) PSYoungGen: 200748K(201216K)->1568K(197120K) Eden: 199928K(200192K)->0K(193024K) From: 820K(1024K)->1568K(4096K)
[285.027s][info][gc,heap        ] GC(545) ParOldGen: 498663K(498688K)->498679K(498688K)
[285.028s][info][gc,metaspace   ] GC(545) Metaspace: 57153K(57408K)->57153K(57408K) NonClass: 51528K(51712K)->51528K(51712K) Class: 5624K(5696K)->5624K(5696K)
[285.028s][info][gc             ] GC(545) Pause Young (Allocation Failure) 683M->488M(679M) 4.612ms
[285.028s][info][gc,cpu         ] GC(545) User=0.01s Sys=0.00s Real=0.01s
[285.504s][info][gc,start       ] GC(546) Pause Young (Allocation Failure)
[285.509s][info][gc,heap        ] GC(546) PSYoungGen: 194592K(197120K)->2751K(189440K) Eden: 193024K(193024K)->0K(186368K) From: 1568K(4096K)->2751K(3072K)
[285.509s][info][gc,heap        ] GC(546) ParOldGen: 498679K(498688K)->498695K(499200K)
[285.509s][info][gc,metaspace   ] GC(546) Metaspace: 57153K(57408K)->57153K(57408K) NonClass: 51528K(51712K)->51528K(51712K) Class: 5624K(5696K)->5624K(5696K)
[285.509s][info][gc             ] GC(546) Pause Young (Allocation Failure) 677M->489M(672M) 5.069ms
[285.510s][info][gc,cpu         ] GC(546) User=0.01s Sys=0.01s Real=0.01s
[285.925s][info][gc,start       ] GC(547) Pause Young (Allocation Failure)
[285.929s][info][gc,heap        ] GC(547) PSYoungGen: 189119K(189440K)->1695K(181760K) Eden: 186368K(186368K)->0K(179712K) From: 2751K(3072K)->1695K(2048K)
[285.929s][info][gc,heap        ] GC(547) ParOldGen: 498695K(499200K)->498711K(499200K)
[285.929s][info][gc,metaspace   ] GC(547) Metaspace: 57153K(57408K)->57153K(57408K) NonClass: 51528K(51712K)->51528K(51712K) Class: 5624K(5696K)->5624K(5696K)
[285.929s][info][gc             ] GC(547) Pause Young (Allocation Failure) 671M->488M(665M) 4.263ms
[285.929s][info][gc,cpu         ] GC(547) User=0.00s Sys=0.00s Real=0.01s
[286.391s][info][gc,start       ] GC(548) Pause Young (Allocation Failure)
[286.394s][info][gc,heap        ] GC(548) PSYoungGen: 181407K(181760K)->969K(174592K) Eden: 179712K(179712K)->0K(173568K) From: 1695K(2048K)->969K(1024K)
[286.394s][info][gc,heap        ] GC(548) ParOldGen: 498711K(499200K)->498727K(499200K)
[286.394s][info][gc,metaspace   ] GC(548) Metaspace: 57153K(57408K)->57153K(57408K) NonClass: 51528K(51712K)->51528K(51712K) Class: 5624K(5696K)->5624K(5696K)
[286.394s][info][gc             ] GC(548) Pause Young (Allocation Failure) 664M->487M(658M) 2.851ms
[286.394s][info][gc,cpu         ] GC(548) User=0.00s Sys=0.00s Real=0.00s
[286.848s][info][gc,start       ] GC(549) Pause Young (Allocation Failure)
[286.851s][info][gc,heap        ] GC(549) PSYoungGen: 174537K(174592K)->1183K(168960K) Eden: 173568K(173568K)->0K(167424K) From: 969K(1024K)->1183K(1536K)
[286.851s][info][gc,heap        ] GC(549) ParOldGen: 498727K(499200K)->498743K(499200K)
[286.851s][info][gc,metaspace   ] GC(549) Metaspace: 57153K(57408K)->57153K(57408K) NonClass: 51528K(51712K)->51528K(51712K) Class: 5624K(5696K)->5624K(5696K)
[286.851s][info][gc             ] GC(549) Pause Young (Allocation Failure) 657M->488M(652M) 3.581ms
[286.851s][info][gc,cpu         ] GC(549) User=0.01s Sys=0.00s Real=0.00s
[287.193s][info][gc,start       ] GC(550) Pause Young (Allocation Failure)
[287.196s][info][gc,heap        ] GC(550) PSYoungGen: 168607K(168960K)->1535K(163328K) Eden: 167424K(167424K)->0K(161792K) From: 1183K(1536K)->1535K(1536K)
[287.196s][info][gc,heap        ] GC(550) ParOldGen: 498743K(499200K)->498759K(499200K)
[287.196s][info][gc,metaspace   ] GC(550) Metaspace: 57153K(57408K)->57153K(57408K) NonClass: 51528K(51712K)->51528K(51712K) Class: 5624K(5696K)->5624K(5696K)
[287.196s][info][gc             ] GC(550) Pause Young (Allocation Failure) 651M->488M(647M) 3.336ms
[287.196s][info][gc,cpu         ] GC(550) User=0.01s Sys=0.00s Real=0.00s
[287.587s][info][gc,start       ] GC(551) Pause Young (Allocation Failure)
[287.590s][info][gc,heap        ] GC(551) PSYoungGen: 163327K(163328K)->512K(156672K) Eden: 161792K(161792K)->0K(156160K) From: 1535K(1536K)->512K(512K)
[287.590s][info][gc,heap        ] GC(551) ParOldGen: 498759K(499200K)->498775K(499200K)
[287.590s][info][gc,metaspace   ] GC(551) Metaspace: 57153K(57408K)->57153K(57408K) NonClass: 51528K(51712K)->51528K(51712K) Class: 5624K(5696K)->5624K(5696K)
[287.590s][info][gc             ] GC(551) Pause Young (Allocation Failure) 646M->487M(640M) 3.099ms
[287.590s][info][gc,cpu         ] GC(551) User=0.01s Sys=0.00s Real=0.00s
[287.921s][info][gc,start       ] GC(552) Pause Young (Allocation Failure)
[287.926s][info][gc,heap        ] GC(552) PSYoungGen: 156672K(156672K)->2399K(162816K) Eden: 156160K(156160K)->0K(151040K) From: 512K(512K)->2399K(11776K)
[287.926s][info][gc,heap        ] GC(552) ParOldGen: 498775K(499200K)->498791K(499200K)
[287.926s][info][gc,metaspace   ] GC(552) Metaspace: 57153K(57408K)->57153K(57408K) NonClass: 51528K(51712K)->51528K(51712K) Class: 5624K(5696K)->5624K(5696K)
[287.926s][info][gc             ] GC(552) Pause Young (Allocation Failure) 640M->489M(646M) 4.463ms
[287.926s][info][gc,cpu         ] GC(552) User=0.01s Sys=0.00s Real=0.00s
[288.305s][info][gc,start       ] GC(553) Pause Young (Allocation Failure)
[288.310s][info][gc,heap        ] GC(553) PSYoungGen: 153439K(162816K)->2559K(148480K) Eden: 151040K(151040K)->0K(145920K) From: 2399K(11776K)->2559K(2560K)
[288.310s][info][gc,heap        ] GC(553) ParOldGen: 498791K(499200K)->498807K(499200K)
[288.310s][info][gc,metaspace   ] GC(553) Metaspace: 57153K(57408K)->57153K(57408K) NonClass: 51528K(51712K)->51528K(51712K) Class: 5624K(5696K)->5624K(5696K)
[288.310s][info][gc             ] GC(553) Pause Young (Allocation Failure) 636M->489M(632M) 4.933ms
[288.310s][info][gc,cpu         ] GC(553) User=0.01s Sys=0.00s Real=0.01s
[288.659s][info][gc,start       ] GC(554) Pause Young (Allocation Failure)
[288.662s][info][gc,heap        ] GC(554) PSYoungGen: 148428K(148480K)->1120K(142848K) Eden: 145869K(145920K)->0K(141312K) From: 2559K(2560K)->1120K(1536K)
[288.662s][info][gc,heap        ] GC(554) ParOldGen: 498807K(499200K)->498823K(499200K)
[288.662s][info][gc,metaspace   ] GC(554) Metaspace: 57153K(57408K)->57153K(57408K) NonClass: 51528K(51712K)->51528K(51712K) Class: 5624K(5696K)->5624K(5696K)
[288.662s][info][gc             ] GC(554) Pause Young (Allocation Failure) 632M->488M(627M) 3.349ms
[288.662s][info][gc,cpu         ] GC(554) User=0.00s Sys=0.00s Real=0.00s
[288.996s][info][gc,start       ] GC(555) Pause Young (Allocation Failure)
[288.999s][info][gc,heap        ] GC(555) PSYoungGen: 142432K(142848K)->1591K(138752K) Eden: 141312K(141312K)->0K(136704K) From: 1120K(1536K)->1591K(2048K)
[288.999s][info][gc,heap        ] GC(555) ParOldGen: 498823K(499200K)->498839K(499200K)
[288.999s][info][gc,metaspace   ] GC(555) Metaspace: 57153K(57408K)->57153K(57408K) NonClass: 51528K(51712K)->51528K(51712K) Class: 5624K(5696K)->5624K(5696K)
[288.999s][info][gc             ] GC(555) Pause Young (Allocation Failure) 626M->488M(623M) 3.789ms
[288.999s][info][gc,cpu         ] GC(555) User=0.01s Sys=0.00s Real=0.01s
[289.306s][info][gc,start       ] GC(556) Pause Young (Allocation Failure)
[289.311s][info][gc,heap        ] GC(556) PSYoungGen: 138295K(138752K)->2688K(156160K) Eden: 136704K(136704K)->0K(147456K) From: 1591K(2048K)->2688K(8704K)
[289.311s][info][gc,heap        ] GC(556) ParOldGen: 498839K(499200K)->498855K(499200K)
[289.311s][info][gc,metaspace   ] GC(556) Metaspace: 57153K(57408K)->57153K(57408K) NonClass: 51528K(51712K)->51528K(51712K) Class: 5624K(5696K)->5624K(5696K)
[289.311s][info][gc             ] GC(556) Pause Young (Allocation Failure) 622M->489M(640M) 4.832ms
[289.311s][info][gc,cpu         ] GC(556) User=0.01s Sys=0.00s Real=0.00s
[289.712s][info][gc,start       ] GC(557) Pause Young (Allocation Failure)
[289.715s][info][gc,heap        ] GC(557) PSYoungGen: 150144K(156160K)->1087K(171008K) Eden: 147456K(147456K)->0K(162816K) From: 2688K(8704K)->1087K(8192K)
[289.715s][info][gc,heap        ] GC(557) ParOldGen: 498855K(499200K)->498871K(499200K)
[289.715s][info][gc,metaspace   ] GC(557) Metaspace: 57153K(57408K)->57153K(57408K) NonClass: 51528K(51712K)->51528K(51712K) Class: 5624K(5696K)->5624K(5696K)
[289.715s][info][gc             ] GC(557) Pause Young (Allocation Failure) 633M->488M(654M) 3.280ms
[289.715s][info][gc,cpu         ] GC(557) User=0.00s Sys=0.00s Real=0.00s
[290.013s][info][gc,start       ] GC(558) Pause Young (Allocation Failure)
[290.017s][info][gc,heap        ] GC(558) PSYoungGen: 163903K(171008K)->2591K(171008K) Eden: 162816K(162816K)->0K(162816K) From: 1087K(8192K)->2591K(8192K)
[290.017s][info][gc,heap        ] GC(558) ParOldGen: 498871K(499200K)->498887K(499200K)
[290.017s][info][gc,metaspace   ] GC(558) Metaspace: 57153K(57408K)->57153K(57408K) NonClass: 51528K(51712K)->51528K(51712K) Class: 5624K(5696K)->5624K(5696K)
[290.017s][info][gc             ] GC(558) Pause Young (Allocation Failure) 647M->489M(654M) 4.653ms
[290.017s][info][gc,cpu         ] GC(558) User=0.00s Sys=0.00s Real=0.01s
[290.410s][info][gc,start       ] GC(559) Pause Young (Allocation Failure)
[290.415s][info][gc,heap        ] GC(559) PSYoungGen: 165407K(171008K)->1887K(200704K) Eden: 162816K(162816K)->0K(194048K) From: 2591K(8192K)->1887K(6656K)
[290.415s][info][gc,heap        ] GC(559) ParOldGen: 498887K(499200K)->498903K(499200K)
[290.415s][info][gc,metaspace   ] GC(559) Metaspace: 57153K(57408K)->57153K(57408K) NonClass: 51528K(51712K)->51528K(51712K) Class: 5624K(5696K)->5624K(5696K)
[290.415s][info][gc             ] GC(559) Pause Young (Allocation Failure) 648M->489M(683M) 4.295ms
[290.415s][info][gc,cpu         ] GC(559) User=0.01s Sys=0.01s Real=0.00s
[290.894s][info][gc,start       ] GC(560) Pause Young (Allocation Failure)
[290.897s][info][gc,heap        ] GC(560) PSYoungGen: 195935K(200704K)->991K(201216K) Eden: 194048K(194048K)->0K(194048K) From: 1887K(6656K)->991K(7168K)
[290.897s][info][gc,heap        ] GC(560) ParOldGen: 498903K(499200K)->498919K(499200K)
[290.897s][info][gc,metaspace   ] GC(560) Metaspace: 57153K(57408K)->57153K(57408K) NonClass: 51528K(51712K)->51528K(51712K) Class: 5624K(5696K)->5624K(5696K)
[290.897s][info][gc             ] GC(560) Pause Young (Allocation Failure) 678M->488M(684M) 2.864ms
[290.897s][info][gc,cpu         ] GC(560) User=0.00s Sys=0.00s Real=0.01s
[291.321s][info][gc,start       ] GC(561) Pause Young (Allocation Failure)
[291.326s][info][gc,heap        ] GC(561) PSYoungGen: 195039K(201216K)->2591K(237568K) Eden: 194048K(194048K)->0K(230912K) From: 991K(7168K)->2591K(6656K)
[291.326s][info][gc,heap        ] GC(561) ParOldGen: 498919K(499200K)->498935K(499200K)
[291.326s][info][gc,metaspace   ] GC(561) Metaspace: 57153K(57408K)->57153K(57408K) NonClass: 51528K(51712K)->51528K(51712K) Class: 5624K(5696K)->5624K(5696K)
[291.326s][info][gc             ] GC(561) Pause Young (Allocation Failure) 677M->489M(719M) 5.250ms
[291.326s][info][gc,cpu         ] GC(561) User=0.01s Sys=0.00s Real=0.00s
[291.901s][info][gc,start       ] GC(562) Pause Young (Allocation Failure)
[291.904s][info][gc,heap        ] GC(562) PSYoungGen: 233503K(237568K)->1407K(223744K) Eden: 230912K(230912K)->0K(222208K) From: 2591K(6656K)->1407K(1536K)
[291.904s][info][gc,heap        ] GC(562) ParOldGen: 498935K(499200K)->498951K(499200K)
[291.904s][info][gc,metaspace   ] GC(562) Metaspace: 57153K(57408K)->57153K(57408K) NonClass: 51528K(51712K)->51528K(51712K) Class: 5624K(5696K)->5624K(5696K)
[291.904s][info][gc             ] GC(562) Pause Young (Allocation Failure) 715M->488M(706M) 3.603ms
[291.904s][info][gc,cpu         ] GC(562) User=0.00s Sys=0.00s Real=0.00s
[292.401s][info][gc,start       ] GC(563) Pause Young (Allocation Failure)
[292.407s][info][gc,heap        ] GC(563) PSYoungGen: 223615K(223744K)->2943K(231936K) Eden: 222208K(222208K)->0K(226304K) From: 1407K(1536K)->2943K(5632K)
[292.407s][info][gc,heap        ] GC(563) ParOldGen: 498951K(499200K)->498967K(499200K)
[292.407s][info][gc,metaspace   ] GC(563) Metaspace: 57153K(57408K)->57153K(57408K) NonClass: 51528K(51712K)->51528K(51712K) Class: 5624K(5696K)->5624K(5696K)
[292.407s][info][gc             ] GC(563) Pause Young (Allocation Failure) 705M->490M(714M) 5.899ms
[292.407s][info][gc,cpu         ] GC(563) User=0.00s Sys=0.00s Real=0.01s
[292.929s][info][gc,start       ] GC(564) Pause Young (Allocation Failure)
[292.932s][info][gc,heap        ] GC(564) PSYoungGen: 229247K(231936K)->1631K(220160K) Eden: 226304K(226304K)->0K(218112K) From: 2943K(5632K)->1631K(2048K)
[292.932s][info][gc,heap        ] GC(564) ParOldGen: 498967K(499200K)->498983K(499200K)
[292.932s][info][gc,metaspace   ] GC(564) Metaspace: 57153K(57408K)->57153K(57408K) NonClass: 51528K(51712K)->51528K(51712K) Class: 5624K(5696K)->5624K(5696K)
[292.932s][info][gc             ] GC(564) Pause Young (Allocation Failure) 711M->488M(702M) 3.657ms
[292.932s][info][gc,cpu         ] GC(564) User=0.01s Sys=0.00s Real=0.00s
[293.486s][info][gc,start       ] GC(565) Pause Young (Allocation Failure)
[293.489s][info][gc,heap        ] GC(565) PSYoungGen: 219743K(220160K)->478K(210432K) Eden: 218112K(218112K)->0K(209920K) From: 1631K(2048K)->478K(512K)
[293.489s][info][gc,heap        ] GC(565) ParOldGen: 498983K(499200K)->498999K(499200K)
[293.489s][info][gc,metaspace   ] GC(565) Metaspace: 57153K(57408K)->57153K(57408K) NonClass: 51528K(51712K)->51528K(51712K) Class: 5624K(5696K)->5624K(5696K)
[293.489s][info][gc             ] GC(565) Pause Young (Allocation Failure) 701M->487M(693M) 2.462ms
[293.489s][info][gc,cpu         ] GC(565) User=0.00s Sys=0.00s Real=0.01s
[293.933s][info][gc,start       ] GC(566) Pause Young (Allocation Failure)
[293.936s][info][gc,heap        ] GC(566) PSYoungGen: 210220K(210432K)->864K(207872K) Eden: 209741K(209920K)->0K(202240K) From: 478K(512K)->864K(5632K)
[293.936s][info][gc,heap        ] GC(566) ParOldGen: 498999K(499200K)->499015K(499200K)
[293.936s][info][gc,metaspace   ] GC(566) Metaspace: 57153K(57408K)->57153K(57408K) NonClass: 51528K(51712K)->51528K(51712K) Class: 5624K(5696K)->5624K(5696K)
[293.936s][info][gc             ] GC(566) Pause Young (Allocation Failure) 692M->488M(690M) 2.778ms
[293.936s][info][gc,cpu         ] GC(566) User=0.01s Sys=0.00s Real=0.00s
[294.519s][info][gc,start       ] GC(567) Pause Young (Allocation Failure)
[294.524s][info][gc,heap        ] GC(567) PSYoungGen: 203104K(207872K)->2783K(198144K) Eden: 202240K(202240K)->0K(195072K) From: 864K(5632K)->2783K(3072K)
[294.524s][info][gc,heap        ] GC(567) ParOldGen: 499015K(499200K)->499031K(499200K)
[294.524s][info][gc,metaspace   ] GC(567) Metaspace: 57153K(57408K)->57153K(57408K) NonClass: 51529K(51712K)->51529K(51712K) Class: 5624K(5696K)->5624K(5696K)
[294.524s][info][gc             ] GC(567) Pause Young (Allocation Failure) 685M->490M(681M) 4.805ms
[294.524s][info][gc,cpu         ] GC(567) User=0.01s Sys=0.00s Real=0.00s
[295.001s][info][gc,start       ] GC(568) Pause Young (Allocation Failure)
[295.006s][info][gc,heap        ] GC(568) PSYoungGen: 197855K(198144K)->2463K(190464K) Eden: 195072K(195072K)->0K(187904K) From: 2783K(3072K)->2463K(2560K)
[295.006s][info][gc,heap        ] GC(568) ParOldGen: 499031K(499200K)->499047K(499200K)
[295.006s][info][gc,metaspace   ] GC(568) Metaspace: 57153K(57408K)->57153K(57408K) NonClass: 51529K(51712K)->51529K(51712K) Class: 5624K(5696K)->5624K(5696K)
[295.006s][info][gc             ] GC(568) Pause Young (Allocation Failure) 680M->489M(673M) 4.404ms
[295.006s][info][gc,cpu         ] GC(568) User=0.01s Sys=0.00s Real=0.00s
[295.425s][info][gc,start       ] GC(569) Pause Young (Allocation Failure)
[295.428s][info][gc,heap        ] GC(569) PSYoungGen: 190367K(190464K)->1503K(182784K) Eden: 187904K(187904K)->0K(181248K) From: 2463K(2560K)->1503K(1536K)
[295.428s][info][gc,heap        ] GC(569) ParOldGen: 499047K(499200K)->499063K(499200K)
[295.428s][info][gc,metaspace   ] GC(569) Metaspace: 57153K(57408K)->57153K(57408K) NonClass: 51529K(51712K)->51529K(51712K) Class: 5624K(5696K)->5624K(5696K)
[295.428s][info][gc             ] GC(569) Pause Young (Allocation Failure) 673M->488M(666M) 3.592ms
[295.428s][info][gc,cpu         ] GC(569) User=0.01s Sys=0.00s Real=0.01s
[295.890s][info][gc,start       ] GC(570) Pause Young (Allocation Failure)
[295.893s][info][gc,heap        ] GC(570) PSYoungGen: 182751K(182784K)->864K(176128K) Eden: 181248K(181248K)->0K(175104K) From: 1503K(1536K)->864K(1024K)
[295.893s][info][gc,heap        ] GC(570) ParOldGen: 499063K(499200K)->499079K(499200K)
[295.893s][info][gc,metaspace   ] GC(570) Metaspace: 57153K(57408K)->57153K(57408K) NonClass: 51529K(51712K)->51529K(51712K) Class: 5624K(5696K)->5624K(5696K)
[295.893s][info][gc             ] GC(570) Pause Young (Allocation Failure) 665M->488M(659M) 2.685ms
[295.893s][info][gc,cpu         ] GC(570) User=0.00s Sys=0.00s Real=0.00s
[296.301s][info][gc,start       ] GC(571) Pause Young (Allocation Failure)
[296.305s][info][gc,heap        ] GC(571) PSYoungGen: 175867K(176128K)->2143K(171520K) Eden: 175003K(175104K)->0K(168960K) From: 864K(1024K)->2143K(2560K)
[296.305s][info][gc,heap        ] GC(571) ParOldGen: 499079K(499200K)->499095K(499200K)
[296.305s][info][gc,metaspace   ] GC(571) Metaspace: 57153K(57408K)->57153K(57408K) NonClass: 51529K(51712K)->51529K(51712K) Class: 5624K(5696K)->5624K(5696K)
[296.305s][info][gc             ] GC(571) Pause Young (Allocation Failure) 659M->489M(655M) 3.976ms
[296.305s][info][gc,cpu         ] GC(571) User=0.01s Sys=0.00s Real=0.00s
[296.700s][info][gc,start       ] GC(572) Pause Young (Allocation Failure)
[296.704s][info][gc,heap        ] GC(572) PSYoungGen: 171103K(171520K)->1536K(164864K) Eden: 168960K(168960K)->0K(163328K) From: 2143K(2560K)->1536K(1536K)
[296.704s][info][gc,heap        ] GC(572) ParOldGen: 499095K(499200K)->499111K(499200K)
[296.704s][info][gc,metaspace   ] GC(572) Metaspace: 57153K(57408K)->57153K(57408K) NonClass: 51529K(51712K)->51529K(51712K) Class: 5624K(5696K)->5624K(5696K)
[296.704s][info][gc             ] GC(572) Pause Young (Allocation Failure) 654M->488M(648M) 3.777ms
[296.704s][info][gc,cpu         ] GC(572) User=0.01s Sys=0.00s Real=0.00s
[297.095s][info][gc,start       ] GC(573) Pause Young (Allocation Failure)
[297.098s][info][gc,heap        ] GC(573) PSYoungGen: 164864K(164864K)->1471K(159232K) Eden: 163328K(163328K)->0K(157696K) From: 1536K(1536K)->1471K(1536K)
[297.098s][info][gc,heap        ] GC(573) ParOldGen: 499111K(499200K)->499127K(499200K)
[297.098s][info][gc,metaspace   ] GC(573) Metaspace: 57153K(57408K)->57153K(57408K) NonClass: 51529K(51712K)->51529K(51712K) Class: 5624K(5696K)->5624K(5696K)
[297.098s][info][gc             ] GC(573) Pause Young (Allocation Failure) 648M->488M(643M) 3.304ms
[297.098s][info][gc,cpu         ] GC(573) User=0.01s Sys=0.00s Real=0.01s
[297.439s][info][gc,start       ] GC(574) Pause Young (Allocation Failure)
[297.444s][info][gc,heap        ] GC(574) PSYoungGen: 159167K(159232K)->863K(153600K) Eden: 157696K(157696K)->0K(152576K) From: 1471K(1536K)->863K(1024K)
[297.444s][info][gc,heap        ] GC(574) ParOldGen: 499127K(499200K)->499143K(499200K)
[297.444s][info][gc,metaspace   ] GC(574) Metaspace: 57153K(57408K)->57153K(57408K) NonClass: 51529K(51712K)->51529K(51712K) Class: 5624K(5696K)->5624K(5696K)
[297.444s][info][gc             ] GC(574) Pause Young (Allocation Failure) 642M->488M(637M) 5.105ms
[297.444s][info][gc,cpu         ] GC(574) User=0.00s Sys=0.00s Real=0.00s
[297.810s][info][gc,start       ] GC(575) Pause Young (Allocation Failure)
[297.816s][info][gc,heap        ] GC(575) PSYoungGen: 153439K(153600K)->3167K(185344K) Eden: 152576K(152576K)->0K(181760K) From: 863K(1024K)->3167K(3584K)
[297.816s][info][gc,heap        ] GC(575) ParOldGen: 499143K(499200K)->499159K(499200K)
[297.816s][info][gc,metaspace   ] GC(575) Metaspace: 57153K(57408K)->57153K(57408K) NonClass: 51529K(51712K)->51529K(51712K) Class: 5624K(5696K)->5624K(5696K)
[297.816s][info][gc             ] GC(575) Pause Young (Allocation Failure) 637M->490M(668M) 5.967ms
[297.816s][info][gc,cpu         ] GC(575) User=0.01s Sys=0.01s Real=0.00s
[298.226s][info][gc,start       ] GC(576) Pause Young (Allocation Failure)
[298.229s][info][gc,heap        ] GC(576) PSYoungGen: 184773K(185344K)->352K(204288K) Eden: 181606K(181760K)->0K(199680K) From: 3167K(3584K)->352K(4608K)
[298.229s][info][gc,heap        ] GC(576) ParOldGen: 499159K(499200K)->499175K(499200K)
[298.229s][info][gc,metaspace   ] GC(576) Metaspace: 57153K(57408K)->57153K(57408K) NonClass: 51529K(51712K)->51529K(51712K) Class: 5624K(5696K)->5624K(5696K)
[298.229s][info][gc             ] GC(576) Pause Young (Allocation Failure) 667M->487M(687M) 2.327ms
[298.229s][info][gc,cpu         ] GC(576) User=0.00s Sys=0.00s Real=0.00s
[298.758s][info][gc,start       ] GC(577) Pause Young (Allocation Failure)
[298.764s][info][gc,heap        ] GC(577) PSYoungGen: 200032K(204288K)->2495K(220672K) Eden: 199680K(199680K)->0K(216064K) From: 352K(4608K)->2495K(4608K)
[298.764s][info][gc,heap        ] GC(577) ParOldGen: 499175K(499200K)->499191K(499200K)
[298.764s][info][gc,metaspace   ] GC(577) Metaspace: 57153K(57408K)->57153K(57408K) NonClass: 51529K(51712K)->51529K(51712K) Class: 5624K(5696K)->5624K(5696K)
[298.764s][info][gc             ] GC(577) Pause Young (Allocation Failure) 682M->489M(703M) 5.312ms
[298.764s][info][gc,cpu         ] GC(577) User=0.01s Sys=0.00s Real=0.00s
[299.230s][info][gc,start       ] GC(578) Pause Young (Allocation Failure)
[299.233s][info][gc,heap        ] GC(578) PSYoungGen: 218261K(220672K)->672K(208896K) Eden: 215766K(216064K)->0K(207872K) From: 2495K(4608K)->672K(1024K)
[299.233s][info][gc,heap        ] GC(578) ParOldGen: 499191K(499200K)->499207K(499712K)
[299.233s][info][gc,metaspace   ] GC(578) Metaspace: 57153K(57408K)->57153K(57408K) NonClass: 51529K(51712K)->51529K(51712K) Class: 5624K(5696K)->5624K(5696K)
[299.233s][info][gc             ] GC(578) Pause Young (Allocation Failure) 700M->488M(692M) 2.897ms
[299.233s][info][gc,cpu         ] GC(578) User=0.01s Sys=0.00s Real=0.00s
[299.723s][info][gc,start       ] GC(579) Pause Young (Allocation Failure)
[299.727s][info][gc,heap        ] GC(579) PSYoungGen: 208544K(208896K)->1247K(201728K) Eden: 207872K(207872K)->0K(200192K) From: 672K(1024K)->1247K(1536K)
[299.727s][info][gc,heap        ] GC(579) ParOldGen: 499207K(499712K)->499223K(499712K)
[299.727s][info][gc,metaspace   ] GC(579) Metaspace: 57153K(57408K)->57153K(57408K) NonClass: 51529K(51712K)->51529K(51712K) Class: 5624K(5696K)->5624K(5696K)
[299.727s][info][gc             ] GC(579) Pause Young (Allocation Failure) 691M->488M(685M) 3.373ms
[299.727s][info][gc,cpu         ] GC(579) User=0.01s Sys=0.00s Real=0.01s
[300.228s][info][gc,start       ] GC(580) Pause Young (Allocation Failure)
[300.241s][info][gc,heap        ] GC(580) PSYoungGen: 201439K(201728K)->2400K(214016K) Eden: 200192K(200192K)->0K(209408K) From: 1247K(1536K)->2400K(4608K)
[300.241s][info][gc,heap        ] GC(580) ParOldGen: 499223K(499712K)->499239K(499712K)
[300.241s][info][gc,metaspace   ] GC(580) Metaspace: 57153K(57408K)->57153K(57408K) NonClass: 51529K(51712K)->51529K(51712K) Class: 5624K(5696K)->5624K(5696K)
[300.241s][info][gc             ] GC(580) Pause Young (Allocation Failure) 684M->489M(697M) 12.990ms
[300.241s][info][gc,cpu         ] GC(580) User=0.02s Sys=0.00s Real=0.01s
[300.710s][info][gc,start       ] GC(581) Pause Young (Allocation Failure)
[300.716s][info][gc,heap        ] GC(581) PSYoungGen: 211634K(214016K)->2944K(243712K) Eden: 209234K(209408K)->0K(239104K) From: 2400K(4608K)->2944K(4608K)
[300.716s][info][gc,heap        ] GC(581) ParOldGen: 499239K(499712K)->499255K(499712K)
[300.716s][info][gc,metaspace   ] GC(581) Metaspace: 57153K(57408K)->57153K(57408K) NonClass: 51529K(51712K)->51529K(51712K) Class: 5624K(5696K)->5624K(5696K)
[300.716s][info][gc             ] GC(581) Pause Young (Allocation Failure) 694M->490M(726M) 6.248ms
[300.716s][info][gc,cpu         ] GC(581) User=0.01s Sys=0.00s Real=0.01s
[301.307s][info][gc,start       ] GC(582) Pause Young (Allocation Failure)
[301.311s][info][gc,heap        ] GC(582) PSYoungGen: 242048K(243712K)->1855K(243712K) Eden: 239104K(239104K)->0K(239104K) From: 2944K(4608K)->1855K(4608K)
[301.311s][info][gc,heap        ] GC(582) ParOldGen: 499255K(499712K)->499271K(499712K)
[301.311s][info][gc,metaspace   ] GC(582) Metaspace: 57153K(57408K)->57153K(57408K) NonClass: 51529K(51712K)->51529K(51712K) Class: 5624K(5696K)->5624K(5696K)
[301.311s][info][gc             ] GC(582) Pause Young (Allocation Failure) 723M->489M(726M) 4.151ms
[301.311s][info][gc,cpu         ] GC(582) User=0.01s Sys=0.00s Real=0.00s
[301.891s][info][gc,start       ] GC(583) Pause Young (Allocation Failure)
[301.894s][info][gc,heap        ] GC(583) PSYoungGen: 240959K(243712K)->800K(230912K) Eden: 239104K(239104K)->0K(229888K) From: 1855K(4608K)->800K(1024K)
[301.894s][info][gc,heap        ] GC(583) ParOldGen: 499271K(499712K)->499287K(499712K)
[301.894s][info][gc,metaspace   ] GC(583) Metaspace: 57153K(57408K)->57153K(57408K) NonClass: 51529K(51712K)->51529K(51712K) Class: 5624K(5696K)->5624K(5696K)
[301.894s][info][gc             ] GC(583) Pause Young (Allocation Failure) 722M->488M(713M) 2.905ms
[301.894s][info][gc,cpu         ] GC(583) User=0.01s Sys=0.00s Real=0.00s
[302.403s][info][gc,start       ] GC(584) Pause Young (Allocation Failure)
[302.408s][info][gc,heap        ] GC(584) PSYoungGen: 230688K(230912K)->2783K(276480K) Eden: 229888K(229888K)->0K(273408K) From: 800K(1024K)->2783K(3072K)
[302.408s][info][gc,heap        ] GC(584) ParOldGen: 499287K(499712K)->499303K(499712K)
[302.408s][info][gc,metaspace   ] GC(584) Metaspace: 57153K(57408K)->57153K(57408K) NonClass: 51529K(51712K)->51529K(51712K) Class: 5624K(5696K)->5624K(5696K)
[302.408s][info][gc             ] GC(584) Pause Young (Allocation Failure) 712M->490M(758M) 5.723ms
[302.408s][info][gc,cpu         ] GC(584) User=0.01s Sys=0.00s Real=0.01s
[303.087s][info][gc,start       ] GC(585) Pause Young (Allocation Failure)
[303.089s][info][gc,heap        ] GC(585) PSYoungGen: 276191K(276480K)->256K(263168K) Eden: 273408K(273408K)->0K(262656K) From: 2783K(3072K)->256K(512K)
[303.089s][info][gc,heap        ] GC(585) ParOldGen: 499303K(499712K)->499319K(499712K)
[303.089s][info][gc,metaspace   ] GC(585) Metaspace: 57153K(57408K)->57153K(57408K) NonClass: 51529K(51712K)->51529K(51712K) Class: 5624K(5696K)->5624K(5696K)
[303.089s][info][gc             ] GC(585) Pause Young (Allocation Failure) 757M->487M(745M) 2.117ms
[303.089s][info][gc,cpu         ] GC(585) User=0.00s Sys=0.00s Real=0.00s
[303.699s][info][gc,start       ] GC(586) Pause Young (Allocation Failure)
[303.707s][info][gc,heap        ] GC(586) PSYoungGen: 262912K(263168K)->1567K(257024K) Eden: 262656K(262656K)->0K(252416K) From: 256K(512K)->1567K(4608K)
[303.707s][info][gc,heap        ] GC(586) ParOldGen: 499319K(499712K)->499335K(499712K)
[303.707s][info][gc,metaspace   ] GC(586) Metaspace: 57153K(57408K)->57153K(57408K) NonClass: 51529K(51712K)->51529K(51712K) Class: 5624K(5696K)->5624K(5696K)
[303.707s][info][gc             ] GC(586) Pause Young (Allocation Failure) 744M->489M(739M) 7.396ms
[303.707s][info][gc,cpu         ] GC(586) User=0.01s Sys=0.01s Real=0.01s
[304.295s][info][gc,start       ] GC(587) Pause Young (Allocation Failure)
[304.299s][info][gc,heap        ] GC(587) PSYoungGen: 253983K(257024K)->1704K(244736K) Eden: 252416K(252416K)->0K(242688K) From: 1567K(4608K)->1704K(2048K)
[304.299s][info][gc,heap        ] GC(587) ParOldGen: 499335K(499712K)->499351K(499712K)
[304.299s][info][gc,metaspace   ] GC(587) Metaspace: 57153K(57408K)->57153K(57408K) NonClass: 51529K(51712K)->51529K(51712K) Class: 5624K(5696K)->5624K(5696K)
[304.299s][info][gc             ] GC(587) Pause Young (Allocation Failure) 735M->489M(727M) 4.056ms
[304.299s][info][gc,cpu         ] GC(587) User=0.00s Sys=0.00s Real=0.01s
[304.887s][info][gc,start       ] GC(588) Pause Young (Allocation Failure)
[304.889s][info][gc,heap        ] GC(588) PSYoungGen: 244392K(244736K)->368K(233984K) Eden: 242688K(242688K)->0K(233472K) From: 1704K(2048K)->368K(512K)
[304.889s][info][gc,heap        ] GC(588) ParOldGen: 499351K(499712K)->499367K(499712K)
[304.889s][info][gc,metaspace   ] GC(588) Metaspace: 57153K(57408K)->57153K(57408K) NonClass: 51529K(51712K)->51529K(51712K) Class: 5624K(5696K)->5624K(5696K)
[304.889s][info][gc             ] GC(588) Pause Young (Allocation Failure) 726M->488M(716M) 2.385ms
[304.889s][info][gc,cpu         ] GC(588) User=0.00s Sys=0.00s Real=0.00s
[305.410s][info][gc,start       ] GC(589) Pause Young (Allocation Failure)
[305.415s][info][gc,heap        ] GC(589) PSYoungGen: 233840K(233984K)->2080K(227328K) Eden: 233472K(233472K)->0K(224768K) From: 368K(512K)->2080K(2560K)
[305.415s][info][gc,heap        ] GC(589) ParOldGen: 499367K(499712K)->499383K(499712K)
[305.415s][info][gc,metaspace   ] GC(589) Metaspace: 57153K(57408K)->57153K(57408K) NonClass: 51529K(51712K)->51529K(51712K) Class: 5624K(5696K)->5624K(5696K)
[305.415s][info][gc             ] GC(589) Pause Young (Allocation Failure) 716M->489M(710M) 5.026ms
[305.415s][info][gc,cpu         ] GC(589) User=0.01s Sys=0.00s Real=0.00s
[306.019s][info][gc,start       ] GC(590) Pause Young (Allocation Failure)
[306.024s][info][gc,heap        ] GC(590) PSYoungGen: 226774K(227328K)->1728K(218624K) Eden: 224694K(224768K)->0K(216576K) From: 2080K(2560K)->1728K(2048K)
[306.024s][info][gc,heap        ] GC(590) ParOldGen: 499383K(499712K)->499399K(499712K)
[306.024s][info][gc,metaspace   ] GC(590) Metaspace: 57153K(57408K)->57153K(57408K) NonClass: 51529K(51712K)->51529K(51712K) Class: 5624K(5696K)->5624K(5696K)
[306.024s][info][gc             ] GC(590) Pause Young (Allocation Failure) 709M->489M(701M) 4.396ms
[306.024s][info][gc,cpu         ] GC(590) User=0.01s Sys=0.00s Real=0.00s
[306.530s][info][gc,start       ] GC(591) Pause Young (Allocation Failure)
[306.533s][info][gc,heap        ] GC(591) PSYoungGen: 218304K(218624K)->1023K(209408K) Eden: 216576K(216576K)->0K(208384K) From: 1728K(2048K)->1023K(1024K)
[306.533s][info][gc,heap        ] GC(591) ParOldGen: 499399K(499712K)->499415K(499712K)
[306.533s][info][gc,metaspace   ] GC(591) Metaspace: 57153K(57408K)->57153K(57408K) NonClass: 51529K(51712K)->51529K(51712K) Class: 5624K(5696K)->5624K(5696K)
[306.533s][info][gc             ] GC(591) Pause Young (Allocation Failure) 700M->488M(692M) 3.434ms
[306.533s][info][gc,cpu         ] GC(591) User=0.00s Sys=0.01s Real=0.00s
[307.024s][info][gc,start       ] GC(592) Pause Young (Allocation Failure)
[307.027s][info][gc,heap        ] GC(592) PSYoungGen: 209407K(209408K)->1503K(202240K) Eden: 208384K(208384K)->0K(200704K) From: 1023K(1024K)->1503K(1536K)
[307.027s][info][gc,heap        ] GC(592) ParOldGen: 499415K(499712K)->499431K(499712K)
[307.027s][info][gc,metaspace   ] GC(592) Metaspace: 57153K(57408K)->57153K(57408K) NonClass: 51529K(51712K)->51529K(51712K) Class: 5624K(5696K)->5624K(5696K)
[307.027s][info][gc             ] GC(592) Pause Young (Allocation Failure) 692M->489M(685M) 3.271ms
[307.027s][info][gc,cpu         ] GC(592) User=0.01s Sys=0.00s Real=0.01s
[307.518s][info][gc,start       ] GC(593) Pause Young (Allocation Failure)
[307.524s][info][gc,heap        ] GC(593) PSYoungGen: 202168K(202240K)->3264K(197120K) Eden: 200665K(200704K)->0K(193536K) From: 1503K(1536K)->3264K(3584K)
[307.524s][info][gc,heap        ] GC(593) ParOldGen: 499431K(499712K)->499447K(499712K)
[307.524s][info][gc,metaspace   ] GC(593) Metaspace: 57153K(57408K)->57153K(57408K) NonClass: 51529K(51712K)->51529K(51712K) Class: 5624K(5696K)->5624K(5696K)
[307.524s][info][gc             ] GC(593) Pause Young (Allocation Failure) 685M->490M(680M) 6.003ms
[307.524s][info][gc,cpu         ] GC(593) User=0.01s Sys=0.00s Real=0.00s
[308.020s][info][gc,start       ] GC(594) Pause Young (Allocation Failure)
[308.024s][info][gc,heap        ] GC(594) PSYoungGen: 196800K(197120K)->2175K(189440K) Eden: 193536K(193536K)->0K(186880K) From: 3264K(3584K)->2175K(2560K)
[308.024s][info][gc,heap        ] GC(594) ParOldGen: 499447K(499712K)->499463K(499712K)
[308.024s][info][gc,metaspace   ] GC(594) Metaspace: 57153K(57408K)->57153K(57408K) NonClass: 51529K(51712K)->51529K(51712K) Class: 5624K(5696K)->5624K(5696K)
[308.024s][info][gc             ] GC(594) Pause Young (Allocation Failure) 679M->489M(673M) 4.141ms
[308.024s][info][gc,cpu         ] GC(594) User=0.01s Sys=0.00s Real=0.00s
[308.420s][info][gc,start       ] GC(595) Pause Young (Allocation Failure)
[308.425s][info][gc,heap        ] GC(595) PSYoungGen: 189055K(189440K)->2240K(182784K) Eden: 186880K(186880K)->0K(180224K) From: 2175K(2560K)->2240K(2560K)
[308.425s][info][gc,heap        ] GC(595) ParOldGen: 499463K(499712K)->499479K(499712K)
[308.425s][info][gc,metaspace   ] GC(595) Metaspace: 57153K(57408K)->57153K(57408K) NonClass: 51529K(51712K)->51529K(51712K) Class: 5624K(5696K)->5624K(5696K)
[308.425s][info][gc             ] GC(595) Pause Young (Allocation Failure) 672M->489M(666M) 4.652ms
[308.425s][info][gc,cpu         ] GC(595) User=0.01s Sys=0.00s Real=0.00s
[308.888s][info][gc,start       ] GC(596) Pause Young (Allocation Failure)
[308.891s][info][gc,heap        ] GC(596) PSYoungGen: 182464K(182784K)->640K(175104K) Eden: 180224K(180224K)->0K(174080K) From: 2240K(2560K)->640K(1024K)
[308.891s][info][gc,heap        ] GC(596) ParOldGen: 499479K(499712K)->499495K(499712K)
[308.891s][info][gc,metaspace   ] GC(596) Metaspace: 57153K(57408K)->57153K(57408K) NonClass: 51529K(51712K)->51529K(51712K) Class: 5624K(5696K)->5624K(5696K)
[308.891s][info][gc             ] GC(596) Pause Young (Allocation Failure) 665M->488M(659M) 2.583ms
[308.891s][info][gc,cpu         ] GC(596) User=0.00s Sys=0.00s Real=0.00s
[309.293s][info][gc,start       ] GC(597) Pause Young (Allocation Failure)
[309.301s][info][gc,heap        ] GC(597) PSYoungGen: 174720K(175104K)->1183K(208896K) Eden: 174080K(174080K)->0K(207360K) From: 640K(1024K)->1183K(1536K)
[309.301s][info][gc,heap        ] GC(597) ParOldGen: 499495K(499712K)->499511K(499712K)
[309.301s][info][gc,metaspace   ] GC(597) Metaspace: 57153K(57408K)->57153K(57408K) NonClass: 51529K(51712K)->51529K(51712K) Class: 5624K(5696K)->5624K(5696K)
[309.301s][info][gc             ] GC(597) Pause Young (Allocation Failure) 658M->488M(692M) 7.414ms
[309.301s][info][gc,cpu         ] GC(597) User=0.01s Sys=0.00s Real=0.01s
[309.838s][info][gc,start       ] GC(598) Pause Young (Allocation Failure)
[309.841s][info][gc,heap        ] GC(598) PSYoungGen: 208543K(208896K)->1151K(201216K) Eden: 207360K(207360K)->0K(199680K) From: 1183K(1536K)->1151K(1536K)
[309.841s][info][gc,heap        ] GC(598) ParOldGen: 499511K(499712K)->499527K(499712K)
[309.841s][info][gc,metaspace   ] GC(598) Metaspace: 57153K(57408K)->57153K(57408K) NonClass: 51529K(51712K)->51529K(51712K) Class: 5624K(5696K)->5624K(5696K)
[309.841s][info][gc             ] GC(598) Pause Young (Allocation Failure) 691M->488M(684M) 3.001ms
[309.841s][info][gc,cpu         ] GC(598) User=0.01s Sys=0.00s Real=0.00s
[310.226s][info][gc,start       ] GC(599) Pause Young (Allocation Failure)
[310.229s][info][gc,heap        ] GC(599) PSYoungGen: 200730K(201216K)->1311K(194048K) Eden: 199578K(199680K)->0K(192512K) From: 1151K(1536K)->1311K(1536K)
[310.229s][info][gc,heap        ] GC(599) ParOldGen: 499527K(499712K)->499543K(499712K)
[310.229s][info][gc,metaspace   ] GC(599) Metaspace: 57153K(57408K)->57153K(57408K) NonClass: 51529K(51712K)->51529K(51712K) Class: 5624K(5696K)->5624K(5696K)
[310.229s][info][gc             ] GC(599) Pause Young (Allocation Failure) 683M->489M(677M) 3.207ms
[310.229s][info][gc,cpu         ] GC(599) User=0.01s Sys=0.00s Real=0.01s
[310.702s][info][gc,start       ] GC(600) Pause Young (Allocation Failure)
[310.707s][info][gc,heap        ] GC(600) PSYoungGen: 193823K(194048K)->2911K(188928K) Eden: 192512K(192512K)->0K(185856K) From: 1311K(1536K)->2911K(3072K)
[310.707s][info][gc,heap        ] GC(600) ParOldGen: 499543K(499712K)->499559K(499712K)
[310.707s][info][gc,metaspace   ] GC(600) Metaspace: 57153K(57408K)->57153K(57408K) NonClass: 51529K(51712K)->51529K(51712K) Class: 5624K(5696K)->5624K(5696K)
[310.707s][info][gc             ] GC(600) Pause Young (Allocation Failure) 677M->490M(672M) 4.907ms
[310.707s][info][gc,cpu         ] GC(600) User=0.01s Sys=0.00s Real=0.01s
[311.156s][info][gc,start       ] GC(601) Pause Young (Allocation Failure)
[311.159s][info][gc,heap        ] GC(601) PSYoungGen: 188736K(188928K)->416K(179712K) Eden: 185825K(185856K)->0K(179200K) From: 2911K(3072K)->416K(512K)
[311.159s][info][gc,heap        ] GC(601) ParOldGen: 499559K(499712K)->499575K(499712K)
[311.159s][info][gc,metaspace   ] GC(601) Metaspace: 57153K(57408K)->57153K(57408K) NonClass: 51529K(51712K)->51529K(51712K) Class: 5624K(5696K)->5624K(5696K)
[311.159s][info][gc             ] GC(601) Pause Young (Allocation Failure) 672M->488M(663M) 3.000ms
[311.159s][info][gc,cpu         ] GC(601) User=0.00s Sys=0.00s Real=0.00s
[311.593s][info][gc,start       ] GC(602) Pause Young (Allocation Failure)
[311.596s][info][gc,heap        ] GC(602) PSYoungGen: 179616K(179712K)->1165K(177152K) Eden: 179200K(179200K)->0K(173056K) From: 416K(512K)->1165K(4096K)
[311.596s][info][gc,heap        ] GC(602) ParOldGen: 499575K(499712K)->499591K(499712K)
[311.596s][info][gc,metaspace   ] GC(602) Metaspace: 57153K(57408K)->57153K(57408K) NonClass: 51529K(51712K)->51529K(51712K) Class: 5624K(5696K)->5624K(5696K)
[311.596s][info][gc             ] GC(602) Pause Young (Allocation Failure) 663M->489M(661M) 2.972ms
[311.596s][info][gc,cpu         ] GC(602) User=0.01s Sys=0.00s Real=0.01s
[311.995s][info][gc,start       ] GC(603) Pause Young (Allocation Failure)
[311.998s][info][gc,heap        ] GC(603) PSYoungGen: 174221K(177152K)->1791K(168960K) Eden: 173056K(173056K)->0K(166912K) From: 1165K(4096K)->1791K(2048K)
[311.998s][info][gc,heap        ] GC(603) ParOldGen: 499591K(499712K)->499607K(499712K)
[311.998s][info][gc,metaspace   ] GC(603) Metaspace: 57153K(57408K)->57153K(57408K) NonClass: 51529K(51712K)->51529K(51712K) Class: 5624K(5696K)->5624K(5696K)
[311.998s][info][gc             ] GC(603) Pause Young (Allocation Failure) 658M->489M(653M) 3.615ms
[311.998s][info][gc,cpu         ] GC(603) User=0.01s Sys=0.00s Real=0.01s
[312.392s][info][gc,start       ] GC(604) Pause Young (Allocation Failure)
[312.397s][info][gc,heap        ] GC(604) PSYoungGen: 168703K(168960K)->2174K(163840K) Eden: 166912K(166912K)->0K(161280K) From: 1791K(2048K)->2174K(2560K)
[312.397s][info][gc,heap        ] GC(604) ParOldGen: 499607K(499712K)->499623K(499712K)
[312.397s][info][gc,metaspace   ] GC(604) Metaspace: 57153K(57408K)->57153K(57408K) NonClass: 51529K(51712K)->51529K(51712K) Class: 5624K(5696K)->5624K(5696K)
[312.397s][info][gc             ] GC(604) Pause Young (Allocation Failure) 652M->490M(648M) 4.687ms
[312.397s][info][gc,cpu         ] GC(604) User=0.00s Sys=0.00s Real=0.01s
[312.787s][info][gc,start       ] GC(605) Pause Young (Allocation Failure)
[312.789s][info][gc,heap        ] GC(605) PSYoungGen: 163454K(163840K)->363K(156160K) Eden: 161280K(161280K)->0K(155648K) From: 2174K(2560K)->363K(512K)
[312.789s][info][gc,heap        ] GC(605) ParOldGen: 499623K(499712K)->499639K(499712K)
[312.789s][info][gc,metaspace   ] GC(605) Metaspace: 57153K(57408K)->57153K(57408K) NonClass: 51529K(51712K)->51529K(51712K) Class: 5624K(5696K)->5624K(5696K)
[312.789s][info][gc             ] GC(605) Pause Young (Allocation Failure) 647M->488M(640M) 2.295ms
[312.789s][info][gc,cpu         ] GC(605) User=0.00s Sys=0.00s Real=0.00s
[313.114s][info][gc,start       ] GC(606) Pause Young (Allocation Failure)
[313.119s][info][gc,heap        ] GC(606) PSYoungGen: 156011K(156160K)->3072K(188416K) Eden: 155648K(155648K)->0K(185344K) From: 363K(512K)->3072K(3072K)
[313.119s][info][gc,heap        ] GC(606) ParOldGen: 499639K(499712K)->499655K(499712K)
[313.119s][info][gc,metaspace   ] GC(606) Metaspace: 57153K(57408K)->57153K(57408K) NonClass: 51529K(51712K)->51529K(51712K) Class: 5624K(5696K)->5624K(5696K)
[313.119s][info][gc             ] GC(606) Pause Young (Allocation Failure) 640M->490M(672M) 5.283ms
[313.119s][info][gc,cpu         ] GC(606) User=0.01s Sys=0.00s Real=0.01s
[313.588s][info][gc,start       ] GC(607) Pause Young (Allocation Failure)
[313.591s][info][gc,heap        ] GC(607) PSYoungGen: 188416K(188416K)->786K(179712K) Eden: 185344K(185344K)->0K(178688K) From: 3072K(3072K)->786K(1024K)
[313.591s][info][gc,heap        ] GC(607) ParOldGen: 499655K(499712K)->499671K(499712K)
[313.591s][info][gc,metaspace   ] GC(607) Metaspace: 57153K(57408K)->57153K(57408K) NonClass: 51529K(51712K)->51529K(51712K) Class: 5624K(5696K)->5624K(5696K)
[313.591s][info][gc             ] GC(607) Pause Young (Allocation Failure) 671M->488M(663M) 2.752ms
[313.591s][info][gc,cpu         ] GC(607) User=0.00s Sys=0.00s Real=0.00s
[313.996s][info][gc,start       ] GC(608) Pause Young (Allocation Failure)
[313.999s][info][gc,heap        ] GC(608) PSYoungGen: 179474K(179712K)->1791K(174592K) Eden: 178688K(178688K)->0K(172544K) From: 786K(1024K)->1791K(2048K)
[313.999s][info][gc,heap        ] GC(608) ParOldGen: 499671K(499712K)->499687K(499712K)
[313.999s][info][gc,metaspace   ] GC(608) Metaspace: 57153K(57408K)->57153K(57408K) NonClass: 51529K(51712K)->51529K(51712K) Class: 5624K(5696K)->5624K(5696K)
[313.999s][info][gc             ] GC(608) Pause Young (Allocation Failure) 663M->489M(658M) 3.460ms
[313.999s][info][gc,cpu         ] GC(608) User=0.00s Sys=0.00s Real=0.01s
[314.402s][info][gc,start       ] GC(609) Pause Young (Allocation Failure)
[314.406s][info][gc,heap        ] GC(609) PSYoungGen: 174335K(174592K)->2463K(168960K) Eden: 172544K(172544K)->0K(166400K) From: 1791K(2048K)->2463K(2560K)
[314.406s][info][gc,heap        ] GC(609) ParOldGen: 499687K(499712K)->499703K(499712K)
[314.406s][info][gc,metaspace   ] GC(609) Metaspace: 57153K(57408K)->57153K(57408K) NonClass: 51529K(51712K)->51529K(51712K) Class: 5624K(5696K)->5624K(5696K)
[314.406s][info][gc             ] GC(609) Pause Young (Allocation Failure) 658M->490M(653M) 4.313ms
[314.406s][info][gc,cpu         ] GC(609) User=0.01s Sys=0.00s Real=0.00s
[314.797s][info][gc,start       ] GC(610) Pause Young (Allocation Failure)
[314.800s][info][gc,heap        ] GC(610) PSYoungGen: 168863K(168960K)->1855K(162816K) Eden: 166400K(166400K)->0K(160768K) From: 2463K(2560K)->1855K(2048K)
[314.800s][info][gc,heap        ] GC(610) ParOldGen: 499703K(499712K)->499719K(500224K)
[314.800s][info][gc,metaspace   ] GC(610) Metaspace: 57153K(57408K)->57153K(57408K) NonClass: 51529K(51712K)->51529K(51712K) Class: 5624K(5696K)->5624K(5696K)
[314.800s][info][gc             ] GC(610) Pause Young (Allocation Failure) 652M->489M(647M) 3.745ms
[314.800s][info][gc,cpu         ] GC(610) User=0.00s Sys=0.00s Real=0.00s
[315.189s][info][gc,start       ] GC(611) Pause Young (Allocation Failure)
[315.192s][info][gc,heap        ] GC(611) PSYoungGen: 162623K(162816K)->767K(156160K) Eden: 160768K(160768K)->0K(155136K) From: 1855K(2048K)->767K(1024K)
[315.192s][info][gc,heap        ] GC(611) ParOldGen: 499719K(500224K)->499735K(500224K)
[315.192s][info][gc,metaspace   ] GC(611) Metaspace: 57153K(57408K)->57153K(57408K) NonClass: 51529K(51712K)->51529K(51712K) Class: 5624K(5696K)->5624K(5696K)
[315.192s][info][gc             ] GC(611) Pause Young (Allocation Failure) 646M->488M(641M) 2.839ms
[315.192s][info][gc,cpu         ] GC(611) User=0.00s Sys=0.00s Real=0.00s
[315.524s][info][gc,start       ] GC(612) Pause Young (Allocation Failure)
[315.528s][info][gc,heap        ] GC(612) PSYoungGen: 155627K(156160K)->2303K(152576K) Eden: 154859K(155136K)->0K(150016K) From: 767K(1024K)->2303K(2560K)
[315.528s][info][gc,heap        ] GC(612) ParOldGen: 499735K(500224K)->499751K(500224K)
[315.528s][info][gc,metaspace   ] GC(612) Metaspace: 57153K(57408K)->57153K(57408K) NonClass: 51529K(51712K)->51529K(51712K) Class: 5624K(5696K)->5624K(5696K)
[315.528s][info][gc             ] GC(612) Pause Young (Allocation Failure) 640M->490M(637M) 4.076ms
[315.528s][info][gc,cpu         ] GC(612) User=0.01s Sys=0.00s Real=0.01s
[315.898s][info][gc,start       ] GC(613) Pause Young (Allocation Failure)
[315.903s][info][gc,heap        ] GC(613) PSYoungGen: 152319K(152576K)->2431K(147456K) Eden: 150016K(150016K)->0K(144896K) From: 2303K(2560K)->2431K(2560K)
[315.903s][info][gc,heap        ] GC(613) ParOldGen: 499751K(500224K)->499767K(500224K)
[315.903s][info][gc,metaspace   ] GC(613) Metaspace: 57153K(57408K)->57153K(57408K) NonClass: 51529K(51712K)->51529K(51712K) Class: 5624K(5696K)->5624K(5696K)
[315.903s][info][gc             ] GC(613) Pause Young (Allocation Failure) 636M->490M(632M) 4.247ms
[315.903s][info][gc,cpu         ] GC(613) User=0.01s Sys=0.00s Real=0.00s
[316.221s][info][gc,start       ] GC(614) Pause Young (Allocation Failure)
[316.225s][info][gc,heap        ] GC(614) PSYoungGen: 147145K(147456K)->2080K(175104K) Eden: 144714K(144896K)->0K(172544K) From: 2431K(2560K)->2080K(2560K)
[316.225s][info][gc,heap        ] GC(614) ParOldGen: 499767K(500224K)->499783K(500224K)
[316.225s][info][gc,metaspace   ] GC(614) Metaspace: 57153K(57408K)->57153K(57408K) NonClass: 51529K(51712K)->51529K(51712K) Class: 5624K(5696K)->5624K(5696K)
[316.225s][info][gc             ] GC(614) Pause Young (Allocation Failure) 631M->490M(659M) 4.513ms
[316.225s][info][gc,cpu         ] GC(614) User=0.00s Sys=0.00s Real=0.00s
[316.621s][info][gc,start       ] GC(615) Pause Young (Allocation Failure)
[316.625s][info][gc,heap        ] GC(615) PSYoungGen: 174410K(175104K)->2112K(208384K) Eden: 172330K(172544K)->0K(205824K) From: 2080K(2560K)->2112K(2560K)
[316.625s][info][gc,heap        ] GC(615) ParOldGen: 499783K(500224K)->499799K(500224K)
[316.625s][info][gc,metaspace   ] GC(615) Metaspace: 57153K(57408K)->57153K(57408K) NonClass: 51529K(51712K)->51529K(51712K) Class: 5624K(5696K)->5624K(5696K)
[316.625s][info][gc             ] GC(615) Pause Young (Allocation Failure) 658M->490M(692M) 4.185ms
[316.625s][info][gc,cpu         ] GC(615) User=0.01s Sys=0.00s Real=0.00s
[317.284s][info][gc,start       ] GC(616) Pause Young (Allocation Failure)
[317.289s][info][gc,heap        ] GC(616) PSYoungGen: 207936K(208384K)->2112K(200704K) Eden: 205824K(205824K)->0K(198144K) From: 2112K(2560K)->2112K(2560K)
[317.289s][info][gc,heap        ] GC(616) ParOldGen: 499799K(500224K)->499815K(500224K)
[317.289s][info][gc,metaspace   ] GC(616) Metaspace: 57153K(57408K)->57153K(57408K) NonClass: 51529K(51712K)->51529K(51712K) Class: 5624K(5696K)->5624K(5696K)
[317.289s][info][gc             ] GC(616) Pause Young (Allocation Failure) 691M->490M(684M) 4.270ms
[317.289s][info][gc,cpu         ] GC(616) User=0.01s Sys=0.00s Real=0.01s
[317.700s][info][gc,start       ] GC(617) Pause Young (Allocation Failure)
[317.704s][info][gc,heap        ] GC(617) PSYoungGen: 200256K(200704K)->2207K(193536K) Eden: 198144K(198144K)->0K(190976K) From: 2112K(2560K)->2207K(2560K)
[317.705s][info][gc,heap        ] GC(617) ParOldGen: 499815K(500224K)->499831K(500224K)
[317.705s][info][gc,metaspace   ] GC(617) Metaspace: 57153K(57408K)->57153K(57408K) NonClass: 51529K(51712K)->51529K(51712K) Class: 5624K(5696K)->5624K(5696K)
[317.705s][info][gc             ] GC(617) Pause Young (Allocation Failure) 683M->490M(677M) 4.129ms
[317.705s][info][gc,cpu         ] GC(617) User=0.01s Sys=0.00s Real=0.00s
[318.127s][info][gc,start       ] GC(618) Pause Young (Allocation Failure)
[318.133s][info][gc,heap        ] GC(618) PSYoungGen: 193046K(193536K)->928K(228352K) Eden: 190839K(190976K)->0K(227328K) From: 2207K(2560K)->928K(1024K)
[318.133s][info][gc,heap        ] GC(618) ParOldGen: 499831K(500224K)->499847K(500224K)
[318.133s][info][gc,metaspace   ] GC(618) Metaspace: 57153K(57408K)->57153K(57408K) NonClass: 51529K(51712K)->51529K(51712K) Class: 5624K(5696K)->5624K(5696K)
[318.133s][info][gc             ] GC(618) Pause Young (Allocation Failure) 676M->489M(711M) 5.872ms
[318.133s][info][gc,cpu         ] GC(618) User=0.00s Sys=0.00s Real=0.00s
[318.701s][info][gc,start       ] GC(619) Pause Young (Allocation Failure)
[318.708s][info][gc,heap        ] GC(619) PSYoungGen: 228256K(228352K)->2463K(230912K) Eden: 227328K(227328K)->0K(227328K) From: 928K(1024K)->2463K(3584K)
[318.708s][info][gc,heap        ] GC(619) ParOldGen: 499847K(500224K)->499863K(500224K)
[318.708s][info][gc,metaspace   ] GC(619) Metaspace: 57153K(57408K)->57153K(57408K) NonClass: 51529K(51712K)->51529K(51712K) Class: 5624K(5696K)->5624K(5696K)
[318.708s][info][gc             ] GC(619) Pause Young (Allocation Failure) 711M->490M(714M) 6.641ms
[318.708s][info][gc,cpu         ] GC(619) User=0.01s Sys=0.00s Real=0.01s
[319.234s][info][gc,start       ] GC(620) Pause Young (Allocation Failure)
[319.237s][info][gc,heap        ] GC(620) PSYoungGen: 229791K(230912K)->1631K(230912K) Eden: 227328K(227328K)->0K(227328K) From: 2463K(3584K)->1631K(3584K)
[319.237s][info][gc,heap        ] GC(620) ParOldGen: 499863K(500224K)->499879K(500224K)
[319.237s][info][gc,metaspace   ] GC(620) Metaspace: 57153K(57408K)->57153K(57408K) NonClass: 51529K(51712K)->51529K(51712K) Class: 5624K(5696K)->5624K(5696K)
[319.237s][info][gc             ] GC(620) Pause Young (Allocation Failure) 712M->489M(714M) 3.632ms
[319.237s][info][gc,cpu         ] GC(620) User=0.01s Sys=0.00s Real=0.01s
[319.800s][info][gc,start       ] GC(621) Pause Young (Allocation Failure)
[319.806s][info][gc,heap        ] GC(621) PSYoungGen: 228959K(230912K)->2365K(273920K) Eden: 227328K(227328K)->0K(270336K) From: 1631K(3584K)->2365K(3584K)
[319.806s][info][gc,heap        ] GC(621) ParOldGen: 499879K(500224K)->499895K(500224K)
[319.806s][info][gc,metaspace   ] GC(621) Metaspace: 57153K(57408K)->57153K(57408K) NonClass: 51529K(51712K)->51529K(51712K) Class: 5624K(5696K)->5624K(5696K)
[319.806s][info][gc             ] GC(621) Pause Young (Allocation Failure) 711M->490M(756M) 5.627ms
[319.806s][info][gc,cpu         ] GC(621) User=0.01s Sys=0.00s Real=0.00s
[320.443s][info][gc,start       ] GC(622) Pause Young (Allocation Failure)
[320.447s][info][gc,heap        ] GC(622) PSYoungGen: 272536K(273920K)->1600K(261632K) Eden: 270171K(270336K)->0K(259584K) From: 2365K(3584K)->1600K(2048K)
[320.447s][info][gc,heap        ] GC(622) ParOldGen: 499895K(500224K)->499911K(500224K)
[320.447s][info][gc,metaspace   ] GC(622) Metaspace: 57153K(57408K)->57153K(57408K) NonClass: 51529K(51712K)->51529K(51712K) Class: 5624K(5696K)->5624K(5696K)
[320.447s][info][gc             ] GC(622) Pause Young (Allocation Failure) 754M->489M(744M) 4.298ms
[320.447s][info][gc,cpu         ] GC(622) User=0.01s Sys=0.00s Real=0.01s
[321.090s][info][gc,start       ] GC(623) Pause Young (Allocation Failure)
[321.093s][info][gc,heap        ] GC(623) PSYoungGen: 261184K(261632K)->831K(250368K) Eden: 259584K(259584K)->0K(249344K) From: 1600K(2048K)->831K(1024K)
[321.093s][info][gc,heap        ] GC(623) ParOldGen: 499911K(500224K)->499927K(500224K)
[321.093s][info][gc,metaspace   ] GC(623) Metaspace: 57153K(57408K)->57153K(57408K) NonClass: 51529K(51712K)->51529K(51712K) Class: 5624K(5696K)->5624K(5696K)
[321.093s][info][gc             ] GC(623) Pause Young (Allocation Failure) 743M->489M(733M) 2.878ms
[321.093s][info][gc,cpu         ] GC(623) User=0.01s Sys=0.00s Real=0.00s
[321.688s][info][gc,start       ] GC(624) Pause Young (Allocation Failure)
[321.690s][info][gc,heap        ] GC(624) PSYoungGen: 250175K(250368K)->534K(240640K) Eden: 249344K(249344K)->0K(239616K) From: 831K(1024K)->534K(1024K)
[321.690s][info][gc,heap        ] GC(624) ParOldGen: 499927K(500224K)->499943K(500224K)
[321.690s][info][gc,metaspace   ] GC(624) Metaspace: 57153K(57408K)->57153K(57408K) NonClass: 51529K(51712K)->51529K(51712K) Class: 5624K(5696K)->5624K(5696K)
[321.690s][info][gc             ] GC(624) Pause Young (Allocation Failure) 732M->488M(723M) 2.433ms
[321.690s][info][gc,cpu         ] GC(624) User=0.01s Sys=0.00s Real=0.00s
[322.221s][info][gc,start       ] GC(625) Pause Young (Allocation Failure)
[322.225s][info][gc,heap        ] GC(625) PSYoungGen: 240150K(240640K)->2367K(232960K) Eden: 239616K(239616K)->0K(230400K) From: 534K(1024K)->2367K(2560K)
[322.225s][info][gc,heap        ] GC(625) ParOldGen: 499943K(500224K)->499959K(500224K)
[322.225s][info][gc,metaspace   ] GC(625) Metaspace: 57153K(57408K)->57153K(57408K) NonClass: 51529K(51712K)->51529K(51712K) Class: 5624K(5696K)->5624K(5696K)
[322.225s][info][gc             ] GC(625) Pause Young (Allocation Failure) 722M->490M(716M) 4.580ms
[322.226s][info][gc,cpu         ] GC(625) User=0.01s Sys=0.00s Real=0.00s
[322.797s][info][gc,start       ] GC(626) Pause Young (Allocation Failure)
[322.801s][info][gc,heap        ] GC(626) PSYoungGen: 232767K(232960K)->2048K(223744K) Eden: 230400K(230400K)->0K(221696K) From: 2367K(2560K)->2048K(2048K)
[322.801s][info][gc,heap        ] GC(626) ParOldGen: 499959K(500224K)->499975K(500224K)
[322.801s][info][gc,metaspace   ] GC(626) Metaspace: 57153K(57408K)->57153K(57408K) NonClass: 51529K(51712K)->51529K(51712K) Class: 5624K(5696K)->5624K(5696K)
[322.801s][info][gc             ] GC(626) Pause Young (Allocation Failure) 715M->490M(707M) 4.398ms
[322.801s][info][gc,cpu         ] GC(626) User=0.01s Sys=0.00s Real=0.00s
[323.310s][info][gc,start       ] GC(627) Pause Young (Allocation Failure)
[323.316s][info][gc,heap        ] GC(627) PSYoungGen: 223744K(223744K)->3071K(216576K) Eden: 221696K(221696K)->0K(213504K) From: 2048K(2048K)->3071K(3072K)
[323.316s][info][gc,heap        ] GC(627) ParOldGen: 499975K(500224K)->500295K(500736K)
[323.316s][info][gc,metaspace   ] GC(627) Metaspace: 57153K(57408K)->57153K(57408K) NonClass: 51529K(51712K)->51529K(51712K) Class: 5624K(5696K)->5624K(5696K)
[323.316s][info][gc             ] GC(627) Pause Young (Allocation Failure) 706M->491M(700M) 6.259ms
[323.316s][info][gc,cpu         ] GC(627) User=0.01s Sys=0.00s Real=0.01s
[323.820s][info][gc,start       ] GC(628) Pause Young (Allocation Failure)
[323.828s][info][gc,heap        ] GC(628) PSYoungGen: 216300K(216576K)->2368K(256512K) Eden: 213228K(213504K)->0K(253952K) From: 3071K(3072K)->2368K(2560K)
[323.828s][info][gc,heap        ] GC(628) ParOldGen: 500295K(500736K)->502591K(502784K)
[323.828s][info][gc,metaspace   ] GC(628) Metaspace: 57153K(57408K)->57153K(57408K) NonClass: 51529K(51712K)->51529K(51712K) Class: 5624K(5696K)->5624K(5696K)
[323.828s][info][gc             ] GC(628) Pause Young (Allocation Failure) 699M->493M(741M) 7.354ms
[323.828s][info][gc,cpu         ] GC(628) User=0.01s Sys=0.00s Real=0.01s
[324.417s][info][gc,start       ] GC(629) Pause Young (Allocation Failure)
[324.422s][info][gc,heap        ] GC(629) PSYoungGen: 256320K(256512K)->2527K(246784K) Eden: 253952K(253952K)->0K(244224K) From: 2368K(2560K)->2527K(2560K)
[324.422s][info][gc,heap        ] GC(629) ParOldGen: 502591K(502784K)->502663K(502784K)
[324.422s][info][gc,metaspace   ] GC(629) Metaspace: 57153K(57408K)->57153K(57408K) NonClass: 51529K(51712K)->51529K(51712K) Class: 5624K(5696K)->5624K(5696K)
[324.422s][info][gc             ] GC(629) Pause Young (Allocation Failure) 741M->493M(732M) 4.961ms
[324.422s][info][gc,cpu         ] GC(629) User=0.01s Sys=0.00s Real=0.00s
[326.001s][info][gc,start       ] GC(630) Pause Young (Allocation Failure)
[326.047s][info][gc,heap        ] GC(630) PSYoungGen: 224003K(246784K)->64K(262656K) Eden: 221475K(244224K)->0K(258560K) From: 2527K(2560K)->64K(4096K)
[326.047s][info][gc,heap        ] GC(630) ParOldGen: 502663K(502784K)->541742K(542208K)
[326.047s][info][gc,metaspace   ] GC(630) Metaspace: 57163K(57408K)->57163K(57408K) NonClass: 51538K(51712K)->51538K(51712K) Class: 5624K(5696K)->5624K(5696K)
[326.047s][info][gc             ] GC(630) Pause Young (Allocation Failure) 709M->529M(786M) 45.483ms
[326.047s][info][gc,cpu         ] GC(630) User=0.06s Sys=0.02s Real=0.05s
[327.687s][info][gc,start       ] GC(631) Pause Young (Allocation Failure)
[327.728s][info][gc,heap        ] GC(631) PSYoungGen: 258624K(262656K)->4089K(275968K) Eden: 258560K(258560K)->0K(271872K) From: 64K(4096K)->4089K(4096K)
[327.728s][info][gc,heap        ] GC(631) ParOldGen: 541742K(542208K)->592546K(592896K)
[327.728s][info][gc,metaspace   ] GC(631) Metaspace: 57345K(57664K)->57345K(57664K) NonClass: 51720K(51968K)->51720K(51968K) Class: 5624K(5696K)->5624K(5696K)
[327.728s][info][gc             ] GC(631) Pause Young (Allocation Failure) 781M->582M(848M) 40.588ms
[327.728s][info][gc,cpu         ] GC(631) User=0.04s Sys=0.04s Real=0.04s
[328.312s][info][gc,start       ] GC(632) Pause Young (Allocation Failure)
[328.323s][info][gc,heap        ] GC(632) PSYoungGen: 275961K(275968K)->3870K(295424K) Eden: 271872K(271872K)->0K(271872K) From: 4089K(4096K)->3870K(23552K)
[328.323s][info][gc,heap        ] GC(632) ParOldGen: 592546K(592896K)->596644K(596992K)
[328.323s][info][gc,metaspace   ] GC(632) Metaspace: 57345K(57664K)->57345K(57664K) NonClass: 51720K(51968K)->51720K(51968K) Class: 5624K(5696K)->5624K(5696K)
[328.323s][info][gc             ] GC(632) Pause Young (Allocation Failure) 848M->586M(871M) 10.867ms
[328.323s][info][gc,cpu         ] GC(632) User=0.01s Sys=0.00s Real=0.01s
[328.993s][info][gc,start       ] GC(633) Pause Young (Allocation Failure)
[328.998s][info][gc,heap        ] GC(633) PSYoungGen: 275742K(295424K)->1758K(308224K) Eden: 271872K(271872K)->0K(287744K) From: 3870K(23552K)->1758K(20480K)
[328.998s][info][gc,heap        ] GC(633) ParOldGen: 596644K(596992K)->596764K(596992K)
[328.998s][info][gc,metaspace   ] GC(633) Metaspace: 57345K(57664K)->57345K(57664K) NonClass: 51720K(51968K)->51720K(51968K) Class: 5624K(5696K)->5624K(5696K)
[328.998s][info][gc             ] GC(633) Pause Young (Allocation Failure) 851M->584M(884M) 4.242ms
[328.998s][info][gc,cpu         ] GC(633) User=0.01s Sys=0.00s Real=0.01s
[329.694s][info][gc,start       ] GC(634) Pause Young (Allocation Failure)
[329.698s][info][gc,heap        ] GC(634) PSYoungGen: 289502K(308224K)->1438K(309760K) Eden: 287744K(287744K)->0K(287744K) From: 1758K(20480K)->1438K(22016K)
[329.698s][info][gc,heap        ] GC(634) ParOldGen: 596764K(596992K)->596780K(596992K)
[329.698s][info][gc,metaspace   ] GC(634) Metaspace: 57345K(57664K)->57345K(57664K) NonClass: 51720K(51968K)->51720K(51968K) Class: 5624K(5696K)->5624K(5696K)
[329.698s][info][gc             ] GC(634) Pause Young (Allocation Failure) 865M->584M(885M) 3.531ms
[329.698s][info][gc,cpu         ] GC(634) User=0.01s Sys=0.00s Real=0.01s
[330.387s][info][gc,start       ] GC(635) Pause Young (Allocation Failure)
[330.390s][info][gc,heap        ] GC(635) PSYoungGen: 289182K(309760K)->767K(310272K) Eden: 287744K(287744K)->0K(290816K) From: 1438K(22016K)->767K(19456K)
[330.390s][info][gc,heap        ] GC(635) ParOldGen: 596780K(596992K)->596796K(596992K)
[330.390s][info][gc,metaspace   ] GC(635) Metaspace: 57345K(57664K)->57345K(57664K) NonClass: 51720K(51968K)->51720K(51968K) Class: 5624K(5696K)->5624K(5696K)
[330.390s][info][gc             ] GC(635) Pause Young (Allocation Failure) 865M->583M(886M) 2.486ms
[330.390s][info][gc,cpu         ] GC(635) User=0.00s Sys=0.00s Real=0.00s
[331.031s][info][gc,start       ] GC(636) Pause Young (Allocation Failure)
[331.035s][info][gc,heap        ] GC(636) PSYoungGen: 291583K(310272K)->1023K(280064K) Eden: 290816K(290816K)->0K(279040K) From: 767K(19456K)->1023K(1024K)
[331.035s][info][gc,heap        ] GC(636) ParOldGen: 596796K(596992K)->596812K(596992K)
[331.035s][info][gc,metaspace   ] GC(636) Metaspace: 57345K(57664K)->57345K(57664K) NonClass: 51720K(51968K)->51720K(51968K) Class: 5624K(5696K)->5624K(5696K)
[331.035s][info][gc             ] GC(636) Pause Young (Allocation Failure) 867M->583M(856M) 3.302ms
[331.035s][info][gc,cpu         ] GC(636) User=0.01s Sys=0.00s Real=0.00s
[331.708s][info][gc,start       ] GC(637) Pause Young (Allocation Failure)
[331.715s][info][gc,heap        ] GC(637) PSYoungGen: 280063K(280064K)->3455K(274432K) Eden: 279040K(279040K)->0K(268288K) From: 1023K(1024K)->3455K(6144K)
[331.715s][info][gc,heap        ] GC(637) ParOldGen: 596812K(596992K)->596828K(596992K)
[331.715s][info][gc,metaspace   ] GC(637) Metaspace: 57345K(57664K)->57345K(57664K) NonClass: 51720K(51968K)->51720K(51968K) Class: 5624K(5696K)->5624K(5696K)
[331.715s][info][gc             ] GC(637) Pause Young (Allocation Failure) 856M->586M(851M) 7.107ms
[331.715s][info][gc,cpu         ] GC(637) User=0.01s Sys=0.00s Real=0.00s
[332.387s][info][gc,start       ] GC(638) Pause Young (Allocation Failure)
[332.390s][info][gc,heap        ] GC(638) PSYoungGen: 271743K(274432K)->895K(259072K) Eden: 268288K(268288K)->0K(258048K) From: 3455K(6144K)->895K(1024K)
[332.390s][info][gc,heap        ] GC(638) ParOldGen: 596828K(596992K)->596844K(596992K)
[332.390s][info][gc,metaspace   ] GC(638) Metaspace: 57345K(57664K)->57345K(57664K) NonClass: 51720K(51968K)->51720K(51968K) Class: 5624K(5696K)->5624K(5696K)
[332.390s][info][gc             ] GC(638) Pause Young (Allocation Failure) 848M->583M(836M) 2.891ms
[332.390s][info][gc,cpu         ] GC(638) User=0.01s Sys=0.00s Real=0.00s
[332.993s][info][gc,start       ] GC(639) Pause Young (Allocation Failure)
[332.998s][info][gc,heap        ] GC(639) PSYoungGen: 258943K(259072K)->1983K(250368K) Eden: 258048K(258048K)->0K(248320K) From: 895K(1024K)->1983K(2048K)
[332.998s][info][gc,heap        ] GC(639) ParOldGen: 596844K(596992K)->596860K(596992K)
[332.998s][info][gc,metaspace   ] GC(639) Metaspace: 57345K(57664K)->57345K(57664K) NonClass: 51720K(51968K)->51720K(51968K) Class: 5624K(5696K)->5624K(5696K)
[332.998s][info][gc             ] GC(639) Pause Young (Allocation Failure) 835M->584M(827M) 4.642ms
[332.998s][info][gc,cpu         ] GC(639) User=0.00s Sys=0.00s Real=0.01s
[333.595s][info][gc,start       ] GC(640) Pause Young (Allocation Failure)
[333.599s][info][gc,heap        ] GC(640) PSYoungGen: 250303K(250368K)->1407K(240128K) Eden: 248320K(248320K)->0K(238592K) From: 1983K(2048K)->1407K(1536K)
[333.599s][info][gc,heap        ] GC(640) ParOldGen: 596860K(596992K)->596876K(596992K)
[333.599s][info][gc,metaspace   ] GC(640) Metaspace: 57345K(57664K)->57345K(57664K) NonClass: 51720K(51968K)->51720K(51968K) Class: 5624K(5696K)->5624K(5696K)
[333.599s][info][gc             ] GC(640) Pause Young (Allocation Failure) 827M->584M(817M) 3.387ms
[333.599s][info][gc,cpu         ] GC(640) User=0.01s Sys=0.00s Real=0.01s
[334.125s][info][gc,start       ] GC(641) Pause Young (Allocation Failure)
[334.130s][info][gc,heap        ] GC(641) PSYoungGen: 239999K(240128K)->1695K(231424K) Eden: 238592K(238592K)->0K(229376K) From: 1407K(1536K)->1695K(2048K)
[334.130s][info][gc,heap        ] GC(641) ParOldGen: 596876K(596992K)->596892K(596992K)
[334.130s][info][gc,metaspace   ] GC(641) Metaspace: 57345K(57664K)->57345K(57664K) NonClass: 51720K(51968K)->51720K(51968K) Class: 5624K(5696K)->5624K(5696K)
[334.130s][info][gc             ] GC(641) Pause Young (Allocation Failure) 817M->584M(809M) 4.637ms
[334.130s][info][gc,cpu         ] GC(641) User=0.00s Sys=0.00s Real=0.01s
[334.696s][info][gc,start       ] GC(642) Pause Young (Allocation Failure)
[334.700s][info][gc,heap        ] GC(642) PSYoungGen: 231071K(231424K)->2015K(222720K) Eden: 229376K(229376K)->0K(220672K) From: 1695K(2048K)->2015K(2048K)
[334.701s][info][gc,heap        ] GC(642) ParOldGen: 596892K(596992K)->596908K(596992K)
[334.701s][info][gc,metaspace   ] GC(642) Metaspace: 57345K(57664K)->57345K(57664K) NonClass: 51720K(51968K)->51720K(51968K) Class: 5624K(5696K)->5624K(5696K)
[334.701s][info][gc             ] GC(642) Pause Young (Allocation Failure) 808M->584M(800M) 4.119ms
[334.701s][info][gc,cpu         ] GC(642) User=0.01s Sys=0.00s Real=0.00s
[335.207s][info][gc,start       ] GC(643) Pause Young (Allocation Failure)
[335.213s][info][gc,heap        ] GC(643) PSYoungGen: 222687K(222720K)->2815K(215552K) Eden: 220672K(220672K)->0K(212480K) From: 2015K(2048K)->2815K(3072K)
[335.213s][info][gc,heap        ] GC(643) ParOldGen: 596908K(596992K)->596924K(596992K)
[335.213s][info][gc,metaspace   ] GC(643) Metaspace: 57345K(57664K)->57345K(57664K) NonClass: 51720K(51968K)->51720K(51968K) Class: 5624K(5696K)->5624K(5696K)
[335.213s][info][gc             ] GC(643) Pause Young (Allocation Failure) 800M->585M(793M) 5.598ms
[335.213s][info][gc,cpu         ] GC(643) User=0.01s Sys=0.01s Real=0.00s
[335.707s][info][gc,start       ] GC(644) Pause Young (Allocation Failure)
[335.711s][info][gc,heap        ] GC(644) PSYoungGen: 215295K(215552K)->3313K(208384K) Eden: 212480K(212480K)->0K(204800K) From: 2815K(3072K)->3313K(3584K)
[335.711s][info][gc,heap        ] GC(644) ParOldGen: 596924K(596992K)->596940K(596992K)
[335.711s][info][gc,metaspace   ] GC(644) Metaspace: 57345K(57664K)->57345K(57664K) NonClass: 51720K(51968K)->51720K(51968K) Class: 5624K(5696K)->5624K(5696K)
[335.711s][info][gc             ] GC(644) Pause Young (Allocation Failure) 793M->586M(786M) 4.343ms
[335.711s][info][gc,cpu         ] GC(644) User=0.00s Sys=0.00s Real=0.00s
[336.204s][info][gc,start       ] GC(645) Pause Young (Allocation Failure)
[336.210s][info][gc,heap        ] GC(645) PSYoungGen: 208113K(208384K)->2527K(199680K) Eden: 204800K(204800K)->0K(197120K) From: 3313K(3584K)->2527K(2560K)
[336.210s][info][gc,heap        ] GC(645) ParOldGen: 596940K(596992K)->598566K(599040K)
[336.210s][info][gc,metaspace   ] GC(645) Metaspace: 57345K(57664K)->57345K(57664K) NonClass: 51720K(51968K)->51720K(51968K) Class: 5624K(5696K)->5624K(5696K)
[336.210s][info][gc             ] GC(645) Pause Young (Allocation Failure) 786M->587M(780M) 5.885ms
[336.210s][info][gc,cpu         ] GC(645) User=0.01s Sys=0.01s Real=0.01s
[336.693s][info][gc,start       ] GC(646) Pause Young (Allocation Failure)
[336.696s][info][gc,heap        ] GC(646) PSYoungGen: 199647K(199680K)->1695K(192000K) Eden: 197120K(197120K)->0K(189952K) From: 2527K(2560K)->1695K(2048K)
[336.696s][info][gc,heap        ] GC(646) ParOldGen: 598566K(599040K)->598582K(599040K)
[336.696s][info][gc,metaspace   ] GC(646) Metaspace: 57345K(57664K)->57345K(57664K) NonClass: 51720K(51968K)->51720K(51968K) Class: 5624K(5696K)->5624K(5696K)
[336.697s][info][gc             ] GC(646) Pause Young (Allocation Failure) 779M->586M(772M) 3.763ms
[336.697s][info][gc,cpu         ] GC(646) User=0.01s Sys=0.00s Real=0.01s
[337.165s][info][gc,start       ] GC(647) Pause Young (Allocation Failure)
[337.168s][info][gc,heap        ] GC(647) PSYoungGen: 191647K(192000K)->1183K(184832K) Eden: 189952K(189952K)->0K(183296K) From: 1695K(2048K)->1183K(1536K)
[337.168s][info][gc,heap        ] GC(647) ParOldGen: 598582K(599040K)->598598K(599040K)
[337.168s][info][gc,metaspace   ] GC(647) Metaspace: 57345K(57664K)->57345K(57664K) NonClass: 51720K(51968K)->51720K(51968K) Class: 5624K(5696K)->5624K(5696K)
[337.168s][info][gc             ] GC(647) Pause Young (Allocation Failure) 771M->585M(765M) 3.574ms
[337.169s][info][gc,cpu         ] GC(647) User=0.00s Sys=0.00s Real=0.01s
[337.591s][info][gc,start       ] GC(648) Pause Young (Allocation Failure)
[337.594s][info][gc,heap        ] GC(648) PSYoungGen: 184479K(184832K)->1082K(178176K) Eden: 183296K(183296K)->0K(176640K) From: 1183K(1536K)->1082K(1536K)
[337.594s][info][gc,heap        ] GC(648) ParOldGen: 598598K(599040K)->598614K(599040K)
[337.594s][info][gc,metaspace   ] GC(648) Metaspace: 57345K(57664K)->57345K(57664K) NonClass: 51720K(51968K)->51720K(51968K) Class: 5624K(5696K)->5624K(5696K)
[337.594s][info][gc             ] GC(648) Pause Young (Allocation Failure) 764M->585M(759M) 3.043ms
[337.594s][info][gc,cpu         ] GC(648) User=0.00s Sys=0.00s Real=0.00s
[338.003s][info][gc,start       ] GC(649) Pause Young (Allocation Failure)
[338.007s][info][gc,heap        ] GC(649) PSYoungGen: 177722K(178176K)->1632K(172544K) Eden: 176640K(176640K)->0K(170496K) From: 1082K(1536K)->1632K(2048K)
[338.007s][info][gc,heap        ] GC(649) ParOldGen: 598614K(599040K)->598630K(599040K)
[338.007s][info][gc,metaspace   ] GC(649) Metaspace: 57345K(57664K)->57345K(57664K) NonClass: 51720K(51968K)->51720K(51968K) Class: 5624K(5696K)->5624K(5696K)
[338.007s][info][gc             ] GC(649) Pause Young (Allocation Failure) 758M->586M(753M) 4.652ms
[338.007s][info][gc,cpu         ] GC(649) User=0.01s Sys=0.00s Real=0.01s
[338.411s][info][gc,start       ] GC(650) Pause Young (Allocation Failure)
[338.416s][info][gc,heap        ] GC(650) PSYoungGen: 172128K(172544K)->2752K(167936K) Eden: 170496K(170496K)->0K(164864K) From: 1632K(2048K)->2752K(3072K)
[338.417s][info][gc,heap        ] GC(650) ParOldGen: 598630K(599040K)->598646K(599040K)
[338.417s][info][gc,metaspace   ] GC(650) Metaspace: 57345K(57664K)->57345K(57664K) NonClass: 51720K(51968K)->51720K(51968K) Class: 5624K(5696K)->5624K(5696K)
[338.417s][info][gc             ] GC(650) Pause Young (Allocation Failure) 752M->587M(749M) 5.618ms
[338.417s][info][gc,cpu         ] GC(650) User=0.01s Sys=0.00s Real=0.01s
[338.806s][info][gc,start       ] GC(651) Pause Young (Allocation Failure)
[338.812s][info][gc,heap        ] GC(651) PSYoungGen: 167616K(167936K)->2783K(199680K) Eden: 164864K(164864K)->0K(196608K) From: 2752K(3072K)->2783K(3072K)
[338.812s][info][gc,heap        ] GC(651) ParOldGen: 598646K(599040K)->598662K(599040K)
[338.812s][info][gc,metaspace   ] GC(651) Metaspace: 57345K(57664K)->57345K(57664K) NonClass: 51720K(51968K)->51720K(51968K) Class: 5624K(5696K)->5624K(5696K)
[338.812s][info][gc             ] GC(651) Pause Young (Allocation Failure) 748M->587M(780M) 5.624ms
[338.812s][info][gc,cpu         ] GC(651) User=0.01s Sys=0.00s Real=0.00s
[339.292s][info][gc,start       ] GC(652) Pause Young (Allocation Failure)
[339.296s][info][gc,heap        ] GC(652) PSYoungGen: 199391K(199680K)->832K(190464K) Eden: 196608K(196608K)->0K(189440K) From: 2783K(3072K)->832K(1024K)
[339.296s][info][gc,heap        ] GC(652) ParOldGen: 598662K(599040K)->598678K(599040K)
[339.296s][info][gc,metaspace   ] GC(652) Metaspace: 57345K(57664K)->57345K(57664K) NonClass: 51720K(51968K)->51720K(51968K) Class: 5624K(5696K)->5624K(5696K)
[339.296s][info][gc             ] GC(652) Pause Young (Allocation Failure) 779M->585M(771M) 3.249ms
[339.296s][info][gc,cpu         ] GC(652) User=0.01s Sys=0.00s Real=0.00s
[339.716s][info][gc,start       ] GC(653) Pause Young (Allocation Failure)
[339.721s][info][gc,heap        ] GC(653) PSYoungGen: 190245K(190464K)->2656K(203776K) Eden: 189413K(189440K)->0K(195584K) From: 832K(1024K)->2656K(8192K)
[339.721s][info][gc,heap        ] GC(653) ParOldGen: 598678K(599040K)->598694K(599040K)
[339.721s][info][gc,metaspace   ] GC(653) Metaspace: 57345K(57664K)->57345K(57664K) NonClass: 51720K(51968K)->51720K(51968K) Class: 5624K(5696K)->5624K(5696K)
[339.721s][info][gc             ] GC(653) Pause Young (Allocation Failure) 770M->587M(784M) 5.099ms
[339.721s][info][gc,cpu         ] GC(653) User=0.01s Sys=0.00s Real=0.01s
[340.203s][info][gc,start       ] GC(654) Pause Young (Allocation Failure)
[340.208s][info][gc,heap        ] GC(654) PSYoungGen: 198240K(203776K)->2911K(203264K) Eden: 195584K(195584K)->0K(195584K) From: 2656K(8192K)->2911K(7680K)
[340.208s][info][gc,heap        ] GC(654) ParOldGen: 598694K(599040K)->598710K(599040K)
[340.208s][info][gc,metaspace   ] GC(654) Metaspace: 57345K(57664K)->57345K(57664K) NonClass: 51720K(51968K)->51720K(51968K) Class: 5624K(5696K)->5624K(5696K)
[340.208s][info][gc             ] GC(654) Pause Young (Allocation Failure) 778M->587M(783M) 4.980ms
[340.208s][info][gc,cpu         ] GC(654) User=0.01s Sys=0.00s Real=0.01s
[340.639s][info][gc,start       ] GC(655) Pause Young (Allocation Failure)
[340.642s][info][gc,heap        ] GC(655) PSYoungGen: 198490K(203264K)->64K(188928K) Eden: 195579K(195584K)->0K(188416K) From: 2911K(7680K)->64K(512K)
[340.642s][info][gc,heap        ] GC(655) ParOldGen: 598710K(599040K)->598726K(599040K)
[340.642s][info][gc,metaspace   ] GC(655) Metaspace: 57345K(57664K)->57345K(57664K) NonClass: 51720K(51968K)->51720K(51968K) Class: 5624K(5696K)->5624K(5696K)
[340.642s][info][gc             ] GC(655) Pause Young (Allocation Failure) 778M->584M(769M) 2.233ms
[340.642s][info][gc,cpu         ] GC(655) User=0.00s Sys=0.00s Real=0.00s
[341.164s][info][gc,start       ] GC(656) Pause Young (Allocation Failure)
[341.168s][info][gc,heap        ] GC(656) PSYoungGen: 188480K(188928K)->1758K(188928K) Eden: 188416K(188416K)->0K(181760K) From: 64K(512K)->1758K(7168K)
[341.168s][info][gc,heap        ] GC(656) ParOldGen: 598726K(599040K)->598742K(599040K)
[341.168s][info][gc,metaspace   ] GC(656) Metaspace: 57345K(57664K)->57345K(57664K) NonClass: 51720K(51968K)->51720K(51968K) Class: 5624K(5696K)->5624K(5696K)
[341.168s][info][gc             ] GC(656) Pause Young (Allocation Failure) 768M->586M(769M) 3.898ms
[341.168s][info][gc,cpu         ] GC(656) User=0.01s Sys=0.00s Real=0.01s
[341.520s][info][gc,start       ] GC(657) Pause Young (Allocation Failure)
[341.525s][info][gc,heap        ] GC(657) PSYoungGen: 183518K(188928K)->2334K(218624K) Eden: 181760K(181760K)->0K(216064K) From: 1758K(7168K)->2334K(2560K)
[341.525s][info][gc,heap        ] GC(657) ParOldGen: 598742K(599040K)->598758K(599040K)
[341.525s][info][gc,metaspace   ] GC(657) Metaspace: 57345K(57664K)->57345K(57664K) NonClass: 51720K(51968K)->51720K(51968K) Class: 5624K(5696K)->5624K(5696K)
[341.525s][info][gc             ] GC(657) Pause Young (Allocation Failure) 763M->587M(798M) 4.959ms
[341.525s][info][gc,cpu         ] GC(657) User=0.01s Sys=0.00s Real=0.00s
[342.031s][info][gc,start       ] GC(658) Pause Young (Allocation Failure)
[342.035s][info][gc,heap        ] GC(658) PSYoungGen: 218244K(218624K)->1056K(209408K) Eden: 215909K(216064K)->0K(207872K) From: 2334K(2560K)->1056K(1536K)
[342.035s][info][gc,heap        ] GC(658) ParOldGen: 598758K(599040K)->598774K(599040K)
[342.035s][info][gc,metaspace   ] GC(658) Metaspace: 57345K(57664K)->57345K(57664K) NonClass: 51720K(51968K)->51720K(51968K) Class: 5624K(5696K)->5624K(5696K)
[342.035s][info][gc             ] GC(658) Pause Young (Allocation Failure) 797M->585M(789M) 3.658ms
[342.035s][info][gc,cpu         ] GC(658) User=0.00s Sys=0.01s Real=0.00s
[342.525s][info][gc,start       ] GC(659) Pause Young (Allocation Failure)
[342.530s][info][gc,heap        ] GC(659) PSYoungGen: 208852K(209408K)->1792K(202240K) Eden: 207796K(207872K)->0K(200192K) From: 1056K(1536K)->1792K(2048K)
[342.530s][info][gc,heap        ] GC(659) ParOldGen: 598774K(599040K)->598790K(599040K)
[342.530s][info][gc,metaspace   ] GC(659) Metaspace: 57345K(57664K)->57345K(57664K) NonClass: 51720K(51968K)->51720K(51968K) Class: 5624K(5696K)->5624K(5696K)
[342.530s][info][gc             ] GC(659) Pause Young (Allocation Failure) 788M->586M(782M) 4.620ms
[342.530s][info][gc,cpu         ] GC(659) User=0.01s Sys=0.00s Real=0.01s
[343.010s][info][gc,start       ] GC(660) Pause Young (Allocation Failure)
[343.017s][info][gc,heap        ] GC(660) PSYoungGen: 201984K(202240K)->3774K(224256K) Eden: 200192K(200192K)->0K(218112K) From: 1792K(2048K)->3774K(6144K)
[343.017s][info][gc,heap        ] GC(660) ParOldGen: 598790K(599040K)->598806K(599040K)
[343.017s][info][gc,metaspace   ] GC(660) Metaspace: 57345K(57664K)->57345K(57664K) NonClass: 51720K(51968K)->51720K(51968K) Class: 5624K(5696K)->5624K(5696K)
[343.017s][info][gc             ] GC(660) Pause Young (Allocation Failure) 782M->588M(804M) 7.225ms
[343.017s][info][gc,cpu         ] GC(660) User=0.01s Sys=0.00s Real=0.01s
[343.517s][info][gc,start       ] GC(661) Pause Young (Allocation Failure)
[343.521s][info][gc,heap        ] GC(661) PSYoungGen: 221857K(224256K)->1344K(244736K) Eden: 218082K(218112K)->0K(238592K) From: 3774K(6144K)->1344K(6144K)
[343.521s][info][gc,heap        ] GC(661) ParOldGen: 598806K(599040K)->598822K(599040K)
[343.521s][info][gc,metaspace   ] GC(661) Metaspace: 57345K(57664K)->57345K(57664K) NonClass: 51720K(51968K)->51720K(51968K) Class: 5624K(5696K)->5624K(5696K)
[343.521s][info][gc             ] GC(661) Pause Young (Allocation Failure) 801M->586M(824M) 4.078ms
[343.521s][info][gc,cpu         ] GC(661) User=0.01s Sys=0.01s Real=0.00s
[344.111s][info][gc,start       ] GC(662) Pause Young (Allocation Failure)
[344.116s][info][gc,heap        ] GC(662) PSYoungGen: 239936K(244736K)->2526K(231936K) Eden: 238592K(238592K)->0K(229376K) From: 1344K(6144K)->2526K(2560K)
[344.116s][info][gc,heap        ] GC(662) ParOldGen: 598822K(599040K)->598838K(599040K)
[344.116s][info][gc,metaspace   ] GC(662) Metaspace: 57345K(57664K)->57345K(57664K) NonClass: 51720K(51968K)->51720K(51968K) Class: 5624K(5696K)->5624K(5696K)
[344.117s][info][gc             ] GC(662) Pause Young (Allocation Failure) 819M->587M(811M) 5.221ms
[344.117s][info][gc,cpu         ] GC(662) User=0.01s Sys=0.00s Real=0.01s
[344.634s][info][gc,start       ] GC(663) Pause Young (Allocation Failure)
[344.637s][info][gc,heap        ] GC(663) PSYoungGen: 231870K(231936K)->832K(221696K) Eden: 229344K(229376K)->0K(220672K) From: 2526K(2560K)->832K(1024K)
[344.637s][info][gc,heap        ] GC(663) ParOldGen: 598838K(599040K)->598854K(599040K)
[344.637s][info][gc,metaspace   ] GC(663) Metaspace: 57345K(57664K)->57345K(57664K) NonClass: 51720K(51968K)->51720K(51968K) Class: 5624K(5696K)->5624K(5696K)
[344.637s][info][gc             ] GC(663) Pause Young (Allocation Failure) 811M->585M(801M) 3.452ms
[344.637s][info][gc,cpu         ] GC(663) User=0.01s Sys=0.00s Real=0.01s
[345.198s][info][gc,start       ] GC(664) Pause Young (Allocation Failure)
[345.202s][info][gc,heap        ] GC(664) PSYoungGen: 221504K(221696K)->2271K(215040K) Eden: 220672K(220672K)->0K(212480K) From: 832K(1024K)->2271K(2560K)
[345.202s][info][gc,heap        ] GC(664) ParOldGen: 598854K(599040K)->598870K(599040K)
[345.202s][info][gc,metaspace   ] GC(664) Metaspace: 57345K(57664K)->57345K(57664K) NonClass: 51720K(51968K)->51720K(51968K) Class: 5624K(5696K)->5624K(5696K)
[345.202s][info][gc             ] GC(664) Pause Young (Allocation Failure) 801M->587M(795M) 4.395ms
[345.202s][info][gc,cpu         ] GC(664) User=0.01s Sys=0.00s Real=0.00s
[345.699s][info][gc,start       ] GC(665) Pause Young (Allocation Failure)
[345.703s][info][gc,heap        ] GC(665) PSYoungGen: 214550K(215040K)->1504K(206336K) Eden: 212279K(212480K)->0K(204800K) From: 2271K(2560K)->1504K(1536K)
[345.703s][info][gc,heap        ] GC(665) ParOldGen: 598870K(599040K)->598886K(599040K)
[345.703s][info][gc,metaspace   ] GC(665) Metaspace: 57345K(57664K)->57345K(57664K) NonClass: 51720K(51968K)->51720K(51968K) Class: 5624K(5696K)->5624K(5696K)
[345.703s][info][gc             ] GC(665) Pause Young (Allocation Failure) 794M->586M(786M) 4.059ms
[345.703s][info][gc,cpu         ] GC(665) User=0.00s Sys=0.00s Real=0.00s
[346.312s][info][gc,start       ] GC(666) Pause Young (Allocation Failure)
[346.315s][info][gc,heap        ] GC(666) PSYoungGen: 206304K(206336K)->969K(198144K) Eden: 204800K(204800K)->0K(197120K) From: 1504K(1536K)->969K(1024K)
[346.315s][info][gc,heap        ] GC(666) ParOldGen: 598886K(599040K)->598902K(599040K)
[346.315s][info][gc,metaspace   ] GC(666) Metaspace: 57345K(57664K)->57345K(57664K) NonClass: 51720K(51968K)->51720K(51968K) Class: 5624K(5696K)->5624K(5696K)
[346.315s][info][gc             ] GC(666) Pause Young (Allocation Failure) 786M->585M(778M) 3.171ms
[346.315s][info][gc,cpu         ] GC(666) User=0.00s Sys=0.00s Real=0.00s
[346.720s][info][gc,start       ] GC(667) Pause Young (Allocation Failure)
[346.727s][info][gc,heap        ] GC(667) PSYoungGen: 198089K(198144K)->2399K(192512K) Eden: 197120K(197120K)->0K(189952K) From: 969K(1024K)->2399K(2560K)
[346.727s][info][gc,heap        ] GC(667) ParOldGen: 598902K(599040K)->598918K(599040K)
[346.727s][info][gc,metaspace   ] GC(667) Metaspace: 57345K(57664K)->57345K(57664K) NonClass: 51720K(51968K)->51720K(51968K) Class: 5624K(5696K)->5624K(5696K)
[346.727s][info][gc             ] GC(667) Pause Young (Allocation Failure) 778M->587M(773M) 6.853ms
[346.727s][info][gc,cpu         ] GC(667) User=0.01s Sys=0.00s Real=0.01s
[347.196s][info][gc,start       ] GC(668) Pause Young (Allocation Failure)
[347.199s][info][gc,heap        ] GC(668) PSYoungGen: 192351K(192512K)->1567K(185344K) Eden: 189952K(189952K)->0K(183296K) From: 2399K(2560K)->1567K(2048K)
[347.199s][info][gc,heap        ] GC(668) ParOldGen: 598918K(599040K)->598934K(599040K)
[347.199s][info][gc,metaspace   ] GC(668) Metaspace: 57345K(57664K)->57345K(57664K) NonClass: 51720K(51968K)->51720K(51968K) Class: 5624K(5696K)->5624K(5696K)
[347.199s][info][gc             ] GC(668) Pause Young (Allocation Failure) 772M->586M(766M) 3.633ms
[347.199s][info][gc,cpu         ] GC(668) User=0.01s Sys=0.00s Real=0.01s
[347.612s][info][gc,start       ] GC(669) Pause Young (Allocation Failure)
[347.618s][info][gc,heap        ] GC(669) PSYoungGen: 184863K(185344K)->2944K(221184K) Eden: 183296K(183296K)->0K(218112K) From: 1567K(2048K)->2944K(3072K)
[347.618s][info][gc,heap        ] GC(669) ParOldGen: 598934K(599040K)->598950K(599040K)
[347.618s][info][gc,metaspace   ] GC(669) Metaspace: 57345K(57664K)->57345K(57664K) NonClass: 51720K(51968K)->51720K(51968K) Class: 5624K(5696K)->5624K(5696K)
[347.618s][info][gc             ] GC(669) Pause Young (Allocation Failure) 765M->587M(801M) 5.864ms
[347.618s][info][gc,cpu         ] GC(669) User=0.01s Sys=0.00s Real=0.01s
[348.132s][info][gc,start       ] GC(670) Pause Young (Allocation Failure)
[348.135s][info][gc,heap        ] GC(670) PSYoungGen: 221056K(221184K)->928K(210944K) Eden: 218112K(218112K)->0K(209920K) From: 2944K(3072K)->928K(1024K)
[348.135s][info][gc,heap        ] GC(670) ParOldGen: 598950K(599040K)->598966K(599040K)
[348.135s][info][gc,metaspace   ] GC(670) Metaspace: 57345K(57664K)->57345K(57664K) NonClass: 51720K(51968K)->51720K(51968K) Class: 5624K(5696K)->5624K(5696K)
[348.135s][info][gc             ] GC(670) Pause Young (Allocation Failure) 800M->585M(791M) 3.374ms
[348.135s][info][gc,cpu         ] GC(670) User=0.00s Sys=0.00s Real=0.00s
[348.628s][info][gc,start       ] GC(671) Pause Young (Allocation Failure)
[348.633s][info][gc,heap        ] GC(671) PSYoungGen: 210653K(210944K)->2432K(204800K) Eden: 209725K(209920K)->0K(202240K) From: 928K(1024K)->2432K(2560K)
[348.633s][info][gc,heap        ] GC(671) ParOldGen: 598966K(599040K)->598982K(599040K)
[348.633s][info][gc,metaspace   ] GC(671) Metaspace: 57345K(57664K)->57345K(57664K) NonClass: 51720K(51968K)->51720K(51968K) Class: 5624K(5696K)->5624K(5696K)
[348.633s][info][gc             ] GC(671) Pause Young (Allocation Failure) 790M->587M(785M) 5.110ms
[348.633s][info][gc,cpu         ] GC(671) User=0.01s Sys=0.00s Real=0.00s
[349.106s][info][gc,start       ] GC(672) Pause Young (Allocation Failure)
[349.111s][info][gc,heap        ] GC(672) PSYoungGen: 204672K(204800K)->3326K(221184K) Eden: 202240K(202240K)->0K(216576K) From: 2432K(2560K)->3326K(4608K)
[349.111s][info][gc,heap        ] GC(672) ParOldGen: 598982K(599040K)->598998K(599040K)
[349.111s][info][gc,metaspace   ] GC(672) Metaspace: 57345K(57664K)->57345K(57664K) NonClass: 51720K(51968K)->51720K(51968K) Class: 5624K(5696K)->5624K(5696K)
[349.111s][info][gc             ] GC(672) Pause Young (Allocation Failure) 784M->588M(801M) 5.247ms
[349.111s][info][gc,cpu         ] GC(672) User=0.01s Sys=0.00s Real=0.01s
[349.622s][info][gc,start       ] GC(673) Pause Young (Allocation Failure)
[349.628s][info][gc,heap        ] GC(673) PSYoungGen: 219689K(221184K)->2592K(245760K) Eden: 216362K(216576K)->0K(240640K) From: 3326K(4608K)->2592K(5120K)
[349.628s][info][gc,heap        ] GC(673) ParOldGen: 598998K(599040K)->599014K(599040K)
[349.628s][info][gc,metaspace   ] GC(673) Metaspace: 57345K(57664K)->57345K(57664K) NonClass: 51720K(51968K)->51720K(51968K) Class: 5624K(5696K)->5624K(5696K)
[349.628s][info][gc             ] GC(673) Pause Young (Allocation Failure) 799M->587M(825M) 6.078ms
[349.628s][info][gc,cpu         ] GC(673) User=0.01s Sys=0.00s Real=0.01s
[350.208s][info][gc,start       ] GC(674) Pause Young (Allocation Failure)
[350.212s][info][gc,heap        ] GC(674) PSYoungGen: 243232K(245760K)->1342K(232960K) Eden: 240640K(240640K)->0K(231424K) From: 2592K(5120K)->1342K(1536K)
[350.212s][info][gc,heap        ] GC(674) ParOldGen: 599014K(599040K)->599030K(599040K)
[350.212s][info][gc,metaspace   ] GC(674) Metaspace: 57345K(57664K)->57345K(57664K) NonClass: 51720K(51968K)->51720K(51968K) Class: 5624K(5696K)->5624K(5696K)
[350.212s][info][gc             ] GC(674) Pause Young (Allocation Failure) 822M->586M(812M) 3.722ms
[350.212s][info][gc,cpu         ] GC(674) User=0.00s Sys=0.00s Real=0.00s
[350.730s][info][gc,start       ] GC(675) Pause Young (Allocation Failure)
[350.738s][info][gc,heap        ] GC(675) PSYoungGen: 232658K(232960K)->448K(241664K) Eden: 231315K(231424K)->0K(237568K) From: 1342K(1536K)->448K(4096K)
[350.738s][info][gc,heap        ] GC(675) ParOldGen: 599030K(599040K)->599046K(599552K)
[350.738s][info][gc,metaspace   ] GC(675) Metaspace: 57345K(57664K)->57345K(57664K) NonClass: 51720K(51968K)->51720K(51968K) Class: 5624K(5696K)->5624K(5696K)
[350.738s][info][gc             ] GC(675) Pause Young (Allocation Failure) 812M->585M(821M) 7.290ms
[350.738s][info][gc,cpu         ] GC(675) User=0.01s Sys=0.00s Real=0.01s
[351.305s][info][gc,start       ] GC(676) Pause Young (Allocation Failure)
[351.311s][info][gc,heap        ] GC(676) PSYoungGen: 238016K(241664K)->3040K(242176K) Eden: 237568K(237568K)->0K(237568K) From: 448K(4096K)->3040K(4608K)
[351.311s][info][gc,heap        ] GC(676) ParOldGen: 599046K(599552K)->599062K(599552K)
[351.311s][info][gc,metaspace   ] GC(676) Metaspace: 57345K(57664K)->57345K(57664K) NonClass: 51720K(51968K)->51720K(51968K) Class: 5624K(5696K)->5624K(5696K)
[351.311s][info][gc             ] GC(676) Pause Young (Allocation Failure) 817M->587M(822M) 6.303ms
[351.311s][info][gc,cpu         ] GC(676) User=0.01s Sys=0.01s Real=0.01s
[351.896s][info][gc,start       ] GC(677) Pause Young (Allocation Failure)
[351.900s][info][gc,heap        ] GC(677) PSYoungGen: 240608K(242176K)->1758K(230400K) Eden: 237568K(237568K)->0K(228352K) From: 3040K(4608K)->1758K(2048K)
[351.900s][info][gc,heap        ] GC(677) ParOldGen: 599062K(599552K)->599078K(599552K)
[351.900s][info][gc,metaspace   ] GC(677) Metaspace: 57345K(57664K)->57345K(57664K) NonClass: 51720K(51968K)->51720K(51968K) Class: 5624K(5696K)->5624K(5696K)
[351.900s][info][gc             ] GC(677) Pause Young (Allocation Failure) 819M->586M(810M) 4.055ms
[351.900s][info][gc,cpu         ] GC(677) User=0.00s Sys=0.00s Real=0.01s
[352.418s][info][gc,start       ] GC(678) Pause Young (Allocation Failure)
[352.425s][info][gc,heap        ] GC(678) PSYoungGen: 230110K(230400K)->2656K(274944K) Eden: 228352K(228352K)->0K(271872K) From: 1758K(2048K)->2656K(3072K)
[352.425s][info][gc,heap        ] GC(678) ParOldGen: 599078K(599552K)->599094K(599552K)
[352.425s][info][gc,metaspace   ] GC(678) Metaspace: 57345K(57664K)->57345K(57664K) NonClass: 51720K(51968K)->51720K(51968K) Class: 5624K(5696K)->5624K(5696K)
[352.425s][info][gc             ] GC(678) Pause Young (Allocation Failure) 809M->587M(854M) 6.295ms
[352.425s][info][gc,cpu         ] GC(678) User=0.01s Sys=0.00s Real=0.00s
[353.097s][info][gc,start       ] GC(679) Pause Young (Allocation Failure)
[353.100s][info][gc,heap        ] GC(679) PSYoungGen: 274528K(274944K)->1726K(263168K) Eden: 271872K(271872K)->0K(261120K) From: 2656K(3072K)->1726K(2048K)
[353.100s][info][gc,heap        ] GC(679) ParOldGen: 599094K(599552K)->599110K(599552K)
[353.100s][info][gc,metaspace   ] GC(679) Metaspace: 57345K(57664K)->57345K(57664K) NonClass: 51720K(51968K)->51720K(51968K) Class: 5624K(5696K)->5624K(5696K)
[353.101s][info][gc             ] GC(679) Pause Young (Allocation Failure) 853M->586M(842M) 3.966ms
[353.101s][info][gc,cpu         ] GC(679) User=0.01s Sys=0.00s Real=0.00s
[353.698s][info][gc,start       ] GC(680) Pause Young (Allocation Failure)
[353.702s][info][gc,heap        ] GC(680) PSYoungGen: 262846K(263168K)->1888K(252928K) Eden: 261120K(261120K)->0K(250880K) From: 1726K(2048K)->1888K(2048K)
[353.703s][info][gc,heap        ] GC(680) ParOldGen: 599110K(599552K)->599126K(599552K)
[353.703s][info][gc,metaspace   ] GC(680) Metaspace: 57345K(57664K)->57345K(57664K) NonClass: 51720K(51968K)->51720K(51968K) Class: 5624K(5696K)->5624K(5696K)
[353.703s][info][gc             ] GC(680) Pause Young (Allocation Failure) 841M->586M(832M) 5.056ms
[353.703s][info][gc,cpu         ] GC(680) User=0.01s Sys=0.00s Real=0.00s
[354.304s][info][gc,start       ] GC(681) Pause Young (Allocation Failure)
[354.309s][info][gc,heap        ] GC(681) PSYoungGen: 252768K(252928K)->2464K(243712K) Eden: 250880K(250880K)->0K(241152K) From: 1888K(2048K)->2464K(2560K)
[354.309s][info][gc,heap        ] GC(681) ParOldGen: 599126K(599552K)->599142K(599552K)
[354.309s][info][gc,metaspace   ] GC(681) Metaspace: 57345K(57664K)->57345K(57664K) NonClass: 51720K(51968K)->51720K(51968K) Class: 5624K(5696K)->5624K(5696K)
[354.309s][info][gc             ] GC(681) Pause Young (Allocation Failure) 831M->587M(823M) 5.334ms
[354.309s][info][gc,cpu         ] GC(681) User=0.01s Sys=0.00s Real=0.01s
[354.893s][info][gc,start       ] GC(682) Pause Young (Allocation Failure)
[354.898s][info][gc,heap        ] GC(682) PSYoungGen: 243616K(243712K)->1663K(233984K) Eden: 241152K(241152K)->0K(231936K) From: 2464K(2560K)->1663K(2048K)
[354.898s][info][gc,heap        ] GC(682) ParOldGen: 599142K(599552K)->599158K(599552K)
[354.898s][info][gc,metaspace   ] GC(682) Metaspace: 57345K(57664K)->57345K(57664K) NonClass: 51720K(51968K)->51720K(51968K) Class: 5624K(5696K)->5624K(5696K)
[354.898s][info][gc             ] GC(682) Pause Young (Allocation Failure) 823M->586M(814M) 4.462ms
[354.898s][info][gc,cpu         ] GC(682) User=0.00s Sys=0.00s Real=0.01s
[355.461s][info][gc,start       ] GC(683) Pause Young (Allocation Failure)
[355.465s][info][gc,heap        ] GC(683) PSYoungGen: 233599K(233984K)->1312K(224768K) Eden: 231936K(231936K)->0K(223232K) From: 1663K(2048K)->1312K(1536K)
[355.465s][info][gc,heap        ] GC(683) ParOldGen: 599158K(599552K)->599174K(599552K)
[355.465s][info][gc,metaspace   ] GC(683) Metaspace: 57345K(57664K)->57345K(57664K) NonClass: 51720K(51968K)->51720K(51968K) Class: 5624K(5696K)->5624K(5696K)
[355.465s][info][gc             ] GC(683) Pause Young (Allocation Failure) 813M->586M(805M) 3.932ms
[355.465s][info][gc,cpu         ] GC(683) User=0.01s Sys=0.00s Real=0.00s
[355.993s][info][gc,start       ] GC(684) Pause Young (Allocation Failure)
[355.997s][info][gc,heap        ] GC(684) PSYoungGen: 224544K(224768K)->2046K(217088K) Eden: 223232K(223232K)->0K(215040K) From: 1312K(1536K)->2046K(2048K)
[355.997s][info][gc,heap        ] GC(684) ParOldGen: 599174K(599552K)->599190K(599552K)
[355.997s][info][gc,metaspace   ] GC(684) Metaspace: 57345K(57664K)->57345K(57664K) NonClass: 51720K(51968K)->51720K(51968K) Class: 5624K(5696K)->5624K(5696K)
[355.997s][info][gc             ] GC(684) Pause Young (Allocation Failure) 804M->587M(797M) 3.962ms
[355.997s][info][gc,cpu         ] GC(684) User=0.00s Sys=0.00s Real=0.01s
[356.502s][info][gc,start       ] GC(685) Pause Young (Allocation Failure)
[356.507s][info][gc,heap        ] GC(685) PSYoungGen: 217086K(217088K)->2304K(209920K) Eden: 215040K(215040K)->0K(207360K) From: 2046K(2048K)->2304K(2560K)
[356.507s][info][gc,heap        ] GC(685) ParOldGen: 599190K(599552K)->599206K(599552K)
[356.507s][info][gc,metaspace   ] GC(685) Metaspace: 57345K(57664K)->57345K(57664K) NonClass: 51720K(51968K)->51720K(51968K) Class: 5624K(5696K)->5624K(5696K)
[356.507s][info][gc             ] GC(685) Pause Young (Allocation Failure) 797M->587M(790M) 5.339ms
[356.508s][info][gc,cpu         ] GC(685) User=0.01s Sys=0.01s Real=0.01s
[356.999s][info][gc,start       ] GC(686) Pause Young (Allocation Failure)
[357.004s][info][gc,heap        ] GC(686) PSYoungGen: 209664K(209920K)->2175K(202240K) Eden: 207360K(207360K)->0K(199680K) From: 2304K(2560K)->2175K(2560K)
[357.004s][info][gc,heap        ] GC(686) ParOldGen: 599206K(599552K)->599222K(599552K)
[357.004s][info][gc,metaspace   ] GC(686) Metaspace: 57345K(57664K)->57345K(57664K) NonClass: 51720K(51968K)->51720K(51968K) Class: 5624K(5696K)->5624K(5696K)
[357.004s][info][gc             ] GC(686) Pause Young (Allocation Failure) 789M->587M(783M) 4.635ms
[357.004s][info][gc,cpu         ] GC(686) User=0.01s Sys=0.00s Real=0.00s
[357.587s][info][gc,start       ] GC(687) Pause Young (Allocation Failure)
[357.590s][info][gc,heap        ] GC(687) PSYoungGen: 201855K(202240K)->564K(193536K) Eden: 199680K(199680K)->0K(192512K) From: 2175K(2560K)->564K(1024K)
[357.590s][info][gc,heap        ] GC(687) ParOldGen: 599222K(599552K)->599238K(599552K)
[357.590s][info][gc,metaspace   ] GC(687) Metaspace: 57345K(57664K)->57345K(57664K) NonClass: 51720K(51968K)->51720K(51968K) Class: 5624K(5696K)->5624K(5696K)
[357.590s][info][gc             ] GC(687) Pause Young (Allocation Failure) 782M->585M(774M) 2.796ms
[357.590s][info][gc,cpu         ] GC(687) User=0.01s Sys=0.00s Real=0.00s
[358.008s][info][gc,start       ] GC(688) Pause Young (Allocation Failure)
[358.013s][info][gc,heap        ] GC(688) PSYoungGen: 193076K(193536K)->3327K(189440K) Eden: 192512K(192512K)->0K(185856K) From: 564K(1024K)->3327K(3584K)
[358.013s][info][gc,heap        ] GC(688) ParOldGen: 599238K(599552K)->599254K(599552K)
[358.013s][info][gc,metaspace   ] GC(688) Metaspace: 57345K(57664K)->57345K(57664K) NonClass: 51720K(51968K)->51720K(51968K) Class: 5624K(5696K)->5624K(5696K)
[358.013s][info][gc             ] GC(688) Pause Young (Allocation Failure) 773M->588M(770M) 5.581ms
[358.013s][info][gc,cpu         ] GC(688) User=0.01s Sys=0.00s Real=0.00s
[358.489s][info][gc,start       ] GC(689) Pause Young (Allocation Failure)
[358.492s][info][gc,heap        ] GC(689) PSYoungGen: 189183K(189440K)->890K(180224K) Eden: 185856K(185856K)->0K(179200K) From: 3327K(3584K)->890K(1024K)
[358.492s][info][gc,heap        ] GC(689) ParOldGen: 599254K(599552K)->599270K(599552K)
[358.492s][info][gc,metaspace   ] GC(689) Metaspace: 57345K(57664K)->57345K(57664K) NonClass: 51720K(51968K)->51720K(51968K) Class: 5624K(5696K)->5624K(5696K)
[358.492s][info][gc             ] GC(689) Pause Young (Allocation Failure) 769M->586M(761M) 3.157ms
[358.492s][info][gc,cpu         ] GC(689) User=0.00s Sys=0.00s Real=0.00s
[358.905s][info][gc,start       ] GC(690) Pause Young (Allocation Failure)
[358.909s][info][gc,heap        ] GC(690) PSYoungGen: 180090K(180224K)->2559K(175616K) Eden: 179200K(179200K)->0K(173056K) From: 890K(1024K)->2559K(2560K)
[358.909s][info][gc,heap        ] GC(690) ParOldGen: 599270K(599552K)->599286K(599552K)
[358.910s][info][gc,metaspace   ] GC(690) Metaspace: 57345K(57664K)->57345K(57664K) NonClass: 51720K(51968K)->51720K(51968K) Class: 5624K(5696K)->5624K(5696K)
[358.910s][info][gc             ] GC(690) Pause Young (Allocation Failure) 761M->587M(757M) 4.619ms
[358.910s][info][gc,cpu         ] GC(690) User=0.01s Sys=0.00s Real=0.01s
[359.308s][info][gc,start       ] GC(691) Pause Young (Allocation Failure)
[359.313s][info][gc,heap        ] GC(691) PSYoungGen: 175615K(175616K)->2560K(169472K) Eden: 173056K(173056K)->0K(166912K) From: 2559K(2560K)->2560K(2560K)
[359.313s][info][gc,heap        ] GC(691) ParOldGen: 599286K(599552K)->599302K(599552K)
[359.313s][info][gc,metaspace   ] GC(691) Metaspace: 57345K(57664K)->57345K(57664K) NonClass: 51720K(51968K)->51720K(51968K) Class: 5624K(5696K)->5624K(5696K)
[359.314s][info][gc             ] GC(691) Pause Young (Allocation Failure) 756M->587M(751M) 5.006ms
[359.314s][info][gc,cpu         ] GC(691) User=0.01s Sys=0.00s Real=0.00s
[359.753s][info][gc,start       ] GC(692) Pause Young (Allocation Failure)
[359.759s][info][gc,heap        ] GC(692) PSYoungGen: 169472K(169472K)->3231K(202752K) Eden: 166912K(166912K)->0K(199168K) From: 2560K(2560K)->3231K(3584K)
[359.759s][info][gc,heap        ] GC(692) ParOldGen: 599302K(599552K)->599318K(599552K)
[359.759s][info][gc,metaspace   ] GC(692) Metaspace: 57345K(57664K)->57345K(57664K) NonClass: 51720K(51968K)->51720K(51968K) Class: 5624K(5696K)->5624K(5696K)
[359.759s][info][gc             ] GC(692) Pause Young (Allocation Failure) 750M->588M(783M) 5.606ms
[359.759s][info][gc,cpu         ] GC(692) User=0.01s Sys=0.00s Real=0.01s
[360.202s][info][gc,start       ] GC(693) Pause Young (Allocation Failure)
[360.207s][info][gc,heap        ] GC(693) PSYoungGen: 202399K(202752K)->2176K(239616K) Eden: 199168K(199168K)->0K(237056K) From: 3231K(3584K)->2176K(2560K)
[360.207s][info][gc,heap        ] GC(693) ParOldGen: 599318K(599552K)->599334K(599552K)
[360.207s][info][gc,metaspace   ] GC(693) Metaspace: 57345K(57664K)->57345K(57664K) NonClass: 51720K(51968K)->51720K(51968K) Class: 5624K(5696K)->5624K(5696K)
[360.207s][info][gc             ] GC(693) Pause Young (Allocation Failure) 782M->587M(819M) 4.556ms
[360.207s][info][gc,cpu         ] GC(693) User=0.01s Sys=0.01s Real=0.01s
[360.833s][info][gc,start       ] GC(694) Pause Young (Allocation Failure)
[360.837s][info][gc,heap        ] GC(694) PSYoungGen: 239232K(239616K)->1470K(229888K) Eden: 237056K(237056K)->0K(228352K) From: 2176K(2560K)->1470K(1536K)
[360.837s][info][gc,heap        ] GC(694) ParOldGen: 599334K(599552K)->599350K(599552K)
[360.837s][info][gc,metaspace   ] GC(694) Metaspace: 57345K(57664K)->57345K(57664K) NonClass: 51720K(51968K)->51720K(51968K) Class: 5624K(5696K)->5624K(5696K)
[360.837s][info][gc             ] GC(694) Pause Young (Allocation Failure) 818M->586M(810M) 3.623ms
[360.837s][info][gc,cpu         ] GC(694) User=0.01s Sys=0.00s Real=0.01s
[361.310s][info][gc,start       ] GC(695) Pause Young (Allocation Failure)
[361.317s][info][gc,heap        ] GC(695) PSYoungGen: 229822K(229888K)->2656K(256512K) Eden: 228352K(228352K)->0K(252416K) From: 1470K(1536K)->2656K(4096K)
[361.317s][info][gc,heap        ] GC(695) ParOldGen: 599350K(599552K)->599366K(599552K)
[361.317s][info][gc,metaspace   ] GC(695) Metaspace: 57345K(57664K)->57345K(57664K) NonClass: 51720K(51968K)->51720K(51968K) Class: 5624K(5696K)->5624K(5696K)
[361.317s][info][gc             ] GC(695) Pause Young (Allocation Failure) 809M->587M(836M) 6.783ms
[361.317s][info][gc,cpu         ] GC(695) User=0.01s Sys=0.00s Real=0.01s
[361.920s][info][gc,start       ] GC(696) Pause Young (Allocation Failure)
[361.923s][info][gc,heap        ] GC(696) PSYoungGen: 255029K(256512K)->800K(243712K) Eden: 252373K(252416K)->0K(242688K) From: 2656K(4096K)->800K(1024K)
[361.923s][info][gc,heap        ] GC(696) ParOldGen: 599366K(599552K)->599382K(599552K)
[361.923s][info][gc,metaspace   ] GC(696) Metaspace: 57345K(57664K)->57345K(57664K) NonClass: 51720K(51968K)->51720K(51968K) Class: 5624K(5696K)->5624K(5696K)
[361.924s][info][gc             ] GC(696) Pause Young (Allocation Failure) 834M->586M(823M) 3.191ms
[361.924s][info][gc,cpu         ] GC(696) User=0.00s Sys=0.00s Real=0.00s
[362.504s][info][gc,start       ] GC(697) Pause Young (Allocation Failure)
[362.509s][info][gc,heap        ] GC(697) PSYoungGen: 243488K(243712K)->3103K(237056K) Eden: 242688K(242688K)->0K(233472K) From: 800K(1024K)->3103K(3584K)
[362.509s][info][gc,heap        ] GC(697) ParOldGen: 599382K(599552K)->599398K(599552K)
[362.509s][info][gc,metaspace   ] GC(697) Metaspace: 57346K(57664K)->57346K(57664K) NonClass: 51722K(51968K)->51722K(51968K) Class: 5624K(5696K)->5624K(5696K)
[362.509s][info][gc             ] GC(697) Pause Young (Allocation Failure) 823M->588M(817M) 5.151ms
[362.509s][info][gc,cpu         ] GC(697) User=0.01s Sys=0.00s Real=0.01s
[363.089s][info][gc,start       ] GC(698) Pause Young (Allocation Failure)
[363.093s][info][gc,heap        ] GC(698) PSYoungGen: 236575K(237056K)->947K(225792K) Eden: 233472K(233472K)->0K(224768K) From: 3103K(3584K)->947K(1024K)
[363.093s][info][gc,heap        ] GC(698) ParOldGen: 599398K(599552K)->599414K(599552K)
[363.093s][info][gc,metaspace   ] GC(698) Metaspace: 57346K(57664K)->57346K(57664K) NonClass: 51722K(51968K)->51722K(51968K) Class: 5624K(5696K)->5624K(5696K)
[363.093s][info][gc             ] GC(698) Pause Young (Allocation Failure) 816M->586M(806M) 3.223ms
[363.093s][info][gc,cpu         ] GC(698) User=0.01s Sys=0.00s Real=0.00s
[363.602s][info][gc,start       ] GC(699) Pause Young (Allocation Failure)
[363.607s][info][gc,heap        ] GC(699) PSYoungGen: 225715K(225792K)->2719K(219648K) Eden: 224768K(224768K)->0K(216576K) From: 947K(1024K)->2719K(3072K)
[363.607s][info][gc,heap        ] GC(699) ParOldGen: 599414K(599552K)->599430K(599552K)
[363.607s][info][gc,metaspace   ] GC(699) Metaspace: 57346K(57664K)->57346K(57664K) NonClass: 51722K(51968K)->51722K(51968K) Class: 5624K(5696K)->5624K(5696K)
[363.607s][info][gc             ] GC(699) Pause Young (Allocation Failure) 805M->588M(800M) 4.974ms
[363.607s][info][gc,cpu         ] GC(699) User=0.01s Sys=0.00s Real=0.01s
[364.110s][info][gc,start       ] GC(700) Pause Young (Allocation Failure)
[364.116s][info][gc,heap        ] GC(700) PSYoungGen: 219215K(219648K)->3231K(211968K) Eden: 216496K(216576K)->0K(208384K) From: 2719K(3072K)->3231K(3584K)
[364.116s][info][gc,heap        ] GC(700) ParOldGen: 599430K(599552K)->599446K(599552K)
[364.116s][info][gc,metaspace   ] GC(700) Metaspace: 57346K(57664K)->57346K(57664K) NonClass: 51722K(51968K)->51722K(51968K) Class: 5624K(5696K)->5624K(5696K)
[364.116s][info][gc             ] GC(700) Pause Young (Allocation Failure) 799M->588M(792M) 5.623ms
[364.116s][info][gc,cpu         ] GC(700) User=0.01s Sys=0.00s Real=0.00s
[364.606s][info][gc,start       ] GC(701) Pause Young (Allocation Failure)
[364.611s][info][gc,heap        ] GC(701) PSYoungGen: 211615K(211968K)->2527K(203264K) Eden: 208384K(208384K)->0K(200704K) From: 3231K(3584K)->2527K(2560K)
[364.611s][info][gc,heap        ] GC(701) ParOldGen: 599446K(599552K)->599462K(599552K)
[364.611s][info][gc,metaspace   ] GC(701) Metaspace: 57346K(57664K)->57346K(57664K) NonClass: 51722K(51968K)->51722K(51968K) Class: 5624K(5696K)->5624K(5696K)
[364.611s][info][gc             ] GC(701) Pause Young (Allocation Failure) 792M->587M(784M) 4.669ms
[364.611s][info][gc,cpu         ] GC(701) User=0.00s Sys=0.00s Real=0.01s
[365.103s][info][gc,start       ] GC(702) Pause Young (Allocation Failure)
[365.107s][info][gc,heap        ] GC(702) PSYoungGen: 203231K(203264K)->1631K(195584K) Eden: 200704K(200704K)->0K(193536K) From: 2527K(2560K)->1631K(2048K)
[365.107s][info][gc,heap        ] GC(702) ParOldGen: 599462K(599552K)->599478K(599552K)
[365.107s][info][gc,metaspace   ] GC(702) Metaspace: 57346K(57664K)->57346K(57664K) NonClass: 51722K(51968K)->51722K(51968K) Class: 5624K(5696K)->5624K(5696K)
[365.107s][info][gc             ] GC(702) Pause Young (Allocation Failure) 783M->587M(776M) 3.639ms
[365.107s][info][gc,cpu         ] GC(702) User=0.00s Sys=0.00s Real=0.01s
[365.587s][info][gc,start       ] GC(703) Pause Young (Allocation Failure)
[365.590s][info][gc,heap        ] GC(703) PSYoungGen: 195167K(195584K)->544K(187904K) Eden: 193536K(193536K)->0K(186880K) From: 1631K(2048K)->544K(1024K)
[365.590s][info][gc,heap        ] GC(703) ParOldGen: 599478K(599552K)->599494K(599552K)
[365.590s][info][gc,metaspace   ] GC(703) Metaspace: 57346K(57664K)->57346K(57664K) NonClass: 51722K(51968K)->51722K(51968K) Class: 5624K(5696K)->5624K(5696K)
[365.590s][info][gc             ] GC(703) Pause Young (Allocation Failure) 776M->585M(769M) 2.842ms
[365.590s][info][gc,cpu         ] GC(703) User=0.00s Sys=0.00s Real=0.00s
[366.005s][info][gc,start       ] GC(704) Pause Young (Allocation Failure)
[366.010s][info][gc,heap        ] GC(704) PSYoungGen: 187424K(187904K)->2623K(183296K) Eden: 186880K(186880K)->0K(180224K) From: 544K(1024K)->2623K(3072K)
[366.010s][info][gc,heap        ] GC(704) ParOldGen: 599494K(599552K)->599510K(599552K)
[366.010s][info][gc,metaspace   ] GC(704) Metaspace: 57346K(57664K)->57346K(57664K) NonClass: 51722K(51968K)->51722K(51968K) Class: 5624K(5696K)->5624K(5696K)
[366.010s][info][gc             ] GC(704) Pause Young (Allocation Failure) 768M->588M(764M) 4.816ms
[366.010s][info][gc,cpu         ] GC(704) User=0.00s Sys=0.00s Real=0.01s
[366.486s][info][gc,start       ] GC(705) Pause Young (Allocation Failure)
[366.491s][info][gc,heap        ] GC(705) PSYoungGen: 182847K(183296K)->2591K(177152K) Eden: 180224K(180224K)->0K(174080K) From: 2623K(3072K)->2591K(3072K)
[366.491s][info][gc,heap        ] GC(705) ParOldGen: 599510K(599552K)->599526K(599552K)
[366.491s][info][gc,metaspace   ] GC(705) Metaspace: 57346K(57664K)->57346K(57664K) NonClass: 51722K(51968K)->51722K(51968K) Class: 5624K(5696K)->5624K(5696K)
[366.491s][info][gc             ] GC(705) Pause Young (Allocation Failure) 764M->588M(758M) 5.004ms
[366.491s][info][gc,cpu         ] GC(705) User=0.01s Sys=0.00s Real=0.00s
[366.826s][info][gc,start       ] GC(706) Pause Young (Allocation Failure)
[366.829s][info][gc,heap        ] GC(706) PSYoungGen: 176671K(177152K)->1056K(169472K) Eden: 174080K(174080K)->0K(167936K) From: 2591K(3072K)->1056K(1536K)
[366.829s][info][gc,heap        ] GC(706) ParOldGen: 599526K(599552K)->599542K(599552K)
[366.829s][info][gc,metaspace   ] GC(706) Metaspace: 57346K(57664K)->57346K(57664K) NonClass: 51722K(51968K)->51722K(51968K) Class: 5624K(5696K)->5624K(5696K)
[366.829s][info][gc             ] GC(706) Pause Young (Allocation Failure) 758M->586M(751M) 3.484ms
[366.829s][info][gc,cpu         ] GC(706) User=0.01s Sys=0.00s Real=0.01s
[367.230s][info][gc,start       ] GC(707) Pause Young (Allocation Failure)
[367.234s][info][gc,heap        ] GC(707) PSYoungGen: 168992K(169472K)->1407K(163840K) Eden: 167936K(167936K)->0K(162304K) From: 1056K(1536K)->1407K(1536K)
[367.234s][info][gc,heap        ] GC(707) ParOldGen: 599542K(599552K)->599558K(600064K)
[367.234s][info][gc,metaspace   ] GC(707) Metaspace: 57346K(57664K)->57346K(57664K) NonClass: 51722K(51968K)->51722K(51968K) Class: 5624K(5696K)->5624K(5696K)
[367.234s][info][gc             ] GC(707) Pause Young (Allocation Failure) 750M->586M(746M) 3.693ms
[367.234s][info][gc,cpu         ] GC(707) User=0.00s Sys=0.00s Real=0.00s
[367.624s][info][gc,start       ] GC(708) Pause Young (Allocation Failure)
[367.633s][info][gc,heap        ] GC(708) PSYoungGen: 163614K(163840K)->2368K(196096K) Eden: 162207K(162304K)->0K(193536K) From: 1407K(1536K)->2368K(2560K)
[367.633s][info][gc,heap        ] GC(708) ParOldGen: 599558K(600064K)->599574K(600064K)
[367.633s][info][gc,metaspace   ] GC(708) Metaspace: 57346K(57664K)->57346K(57664K) NonClass: 51722K(51968K)->51722K(51968K) Class: 5624K(5696K)->5624K(5696K)
[367.633s][info][gc             ] GC(708) Pause Young (Allocation Failure) 745M->587M(777M) 9.544ms
[367.633s][info][gc,cpu         ] GC(708) User=0.00s Sys=0.00s Real=0.01s
[368.100s][info][gc,start       ] GC(709) Pause Young (Allocation Failure)
[368.105s][info][gc,heap        ] GC(709) PSYoungGen: 195904K(196096K)->2559K(230912K) Eden: 193536K(193536K)->0K(226816K) From: 2368K(2560K)->2559K(4096K)
[368.105s][info][gc,heap        ] GC(709) ParOldGen: 599574K(600064K)->599590K(600064K)
[368.105s][info][gc,metaspace   ] GC(709) Metaspace: 57346K(57664K)->57346K(57664K) NonClass: 51722K(51968K)->51722K(51968K) Class: 5624K(5696K)->5624K(5696K)
[368.105s][info][gc             ] GC(709) Pause Young (Allocation Failure) 776M->588M(811M) 4.697ms
[368.105s][info][gc,cpu         ] GC(709) User=0.01s Sys=0.01s Real=0.00s
[368.758s][info][gc,start       ] GC(710) Pause Young (Allocation Failure)
[368.762s][info][gc,heap        ] GC(710) PSYoungGen: 229375K(230912K)->1823K(230912K) Eden: 226816K(226816K)->0K(226816K) From: 2559K(4096K)->1823K(4096K)
[368.762s][info][gc,heap        ] GC(710) ParOldGen: 599590K(600064K)->599606K(600064K)
[368.762s][info][gc,metaspace   ] GC(710) Metaspace: 57346K(57664K)->57346K(57664K) NonClass: 51722K(51968K)->51722K(51968K) Class: 5624K(5696K)->5624K(5696K)
[368.762s][info][gc             ] GC(710) Pause Young (Allocation Failure) 809M->587M(811M) 3.949ms
[368.762s][info][gc,cpu         ] GC(710) User=0.01s Sys=0.00s Real=0.00s
[369.298s][info][gc,start       ] GC(711) Pause Young (Allocation Failure)
[369.302s][info][gc,heap        ] GC(711) PSYoungGen: 228639K(230912K)->1919K(273920K) Eden: 226816K(226816K)->0K(269824K) From: 1823K(4096K)->1919K(4096K)
[369.302s][info][gc,heap        ] GC(711) ParOldGen: 599606K(600064K)->599622K(600064K)
[369.302s][info][gc,metaspace   ] GC(711) Metaspace: 57346K(57664K)->57346K(57664K) NonClass: 51722K(51968K)->51722K(51968K) Class: 5624K(5696K)->5624K(5696K)
[369.302s][info][gc             ] GC(711) Pause Young (Allocation Failure) 808M->587M(853M) 4.529ms
[369.302s][info][gc,cpu         ] GC(711) User=0.01s Sys=0.00s Real=0.00s
[369.928s][info][gc,start       ] GC(712) Pause Young (Allocation Failure)
[369.935s][info][gc,heap        ] GC(712) PSYoungGen: 271468K(273920K)->2240K(273920K) Eden: 269549K(269824K)->0K(269824K) From: 1919K(4096K)->2240K(4096K)
[369.935s][info][gc,heap        ] GC(712) ParOldGen: 599622K(600064K)->599638K(600064K)
[369.935s][info][gc,metaspace   ] GC(712) Metaspace: 57346K(57664K)->57346K(57664K) NonClass: 51722K(51968K)->51722K(51968K) Class: 5624K(5696K)->5624K(5696K)
[369.935s][info][gc             ] GC(712) Pause Young (Allocation Failure) 850M->587M(853M) 6.633ms
[369.935s][info][gc,cpu         ] GC(712) User=0.01s Sys=0.00s Real=0.00s
[370.586s][info][gc,start       ] GC(713) Pause Young (Allocation Failure)
[370.592s][info][gc,heap        ] GC(713) PSYoungGen: 272064K(273920K)->500K(259584K) Eden: 269824K(269824K)->0K(259072K) From: 2240K(4096K)->500K(512K)
[370.592s][info][gc,heap        ] GC(713) ParOldGen: 599638K(600064K)->599654K(600064K)
[370.592s][info][gc,metaspace   ] GC(713) Metaspace: 57348K(57664K)->57348K(57664K) NonClass: 51724K(51968K)->51724K(51968K) Class: 5624K(5696K)->5624K(5696K)
[370.592s][info][gc             ] GC(713) Pause Young (Allocation Failure) 851M->586M(839M) 5.277ms
[370.592s][info][gc,cpu         ] GC(713) User=0.00s Sys=0.00s Real=0.00s
[371.193s][info][gc,start       ] GC(714) Pause Young (Allocation Failure)
[371.196s][info][gc,heap        ] GC(714) PSYoungGen: 259572K(259584K)->1312K(252928K) Eden: 259072K(259072K)->0K(248832K) From: 500K(512K)->1312K(4096K)
[371.197s][info][gc,heap        ] GC(714) ParOldGen: 599654K(600064K)->599670K(600064K)
[371.197s][info][gc,metaspace   ] GC(714) Metaspace: 57348K(57664K)->57348K(57664K) NonClass: 51724K(51968K)->51724K(51968K) Class: 5624K(5696K)->5624K(5696K)
[371.197s][info][gc             ] GC(714) Pause Young (Allocation Failure) 839M->586M(833M) 3.977ms
[371.197s][info][gc,cpu         ] GC(714) User=0.01s Sys=0.00s Real=0.01s
[371.839s][info][gc,start       ] GC(715) Pause Young (Allocation Failure)
[371.843s][info][gc,heap        ] GC(715) PSYoungGen: 250144K(252928K)->1534K(240640K) Eden: 248832K(248832K)->0K(239104K) From: 1312K(4096K)->1534K(1536K)
[371.843s][info][gc,heap        ] GC(715) ParOldGen: 599670K(600064K)->599686K(600064K)
[371.843s][info][gc,metaspace   ] GC(715) Metaspace: 57348K(57664K)->57348K(57664K) NonClass: 51724K(51968K)->51724K(51968K) Class: 5624K(5696K)->5624K(5696K)
[371.843s][info][gc             ] GC(715) Pause Young (Allocation Failure) 829M->587M(821M) 3.853ms
[371.843s][info][gc,cpu         ] GC(715) User=0.00s Sys=0.00s Real=0.00s
[372.322s][info][gc,start       ] GC(716) Pause Young (Allocation Failure)
[372.327s][info][gc,heap        ] GC(716) PSYoungGen: 240599K(240640K)->1664K(231936K) Eden: 239064K(239104K)->0K(229888K) From: 1534K(1536K)->1664K(2048K)
[372.327s][info][gc,heap        ] GC(716) ParOldGen: 599686K(600064K)->599702K(600064K)
[372.327s][info][gc,metaspace   ] GC(716) Metaspace: 57348K(57664K)->57348K(57664K) NonClass: 51724K(51968K)->51724K(51968K) Class: 5624K(5696K)->5624K(5696K)
[372.327s][info][gc             ] GC(716) Pause Young (Allocation Failure) 820M->587M(812M) 4.656ms
[372.327s][info][gc,cpu         ] GC(716) User=0.00s Sys=0.00s Real=0.01s
[372.922s][info][gc,start       ] GC(717) Pause Young (Allocation Failure)
[372.932s][info][gc,heap        ] GC(717) PSYoungGen: 231552K(231936K)->2430K(275968K) Eden: 229888K(229888K)->0K(273408K) From: 1664K(2048K)->2430K(2560K)
[372.932s][info][gc,heap        ] GC(717) ParOldGen: 599702K(600064K)->599718K(600064K)
[372.932s][info][gc,metaspace   ] GC(717) Metaspace: 57348K(57664K)->57348K(57664K) NonClass: 51724K(51968K)->51724K(51968K) Class: 5624K(5696K)->5624K(5696K)
[372.932s][info][gc             ] GC(717) Pause Young (Allocation Failure) 811M->588M(855M) 10.623ms
[372.932s][info][gc,cpu         ] GC(717) User=0.01s Sys=0.00s Real=0.01s
[373.519s][info][gc,start       ] GC(718) Pause Young (Allocation Failure)
[373.525s][info][gc,heap        ] GC(718) PSYoungGen: 275838K(275968K)->2847K(317440K) Eden: 273408K(273408K)->0K(313856K) From: 2430K(2560K)->2847K(3584K)
[373.525s][info][gc,heap        ] GC(718) ParOldGen: 599718K(600064K)->599734K(600064K)
[373.525s][info][gc,metaspace   ] GC(718) Metaspace: 57348K(57664K)->57348K(57664K) NonClass: 51724K(51968K)->51724K(51968K) Class: 5624K(5696K)->5624K(5696K)
[373.525s][info][gc             ] GC(718) Pause Young (Allocation Failure) 855M->588M(896M) 6.062ms
[373.525s][info][gc,cpu         ] GC(718) User=0.01s Sys=0.00s Real=0.00s
[374.300s][info][gc,start       ] GC(719) Pause Young (Allocation Failure)
[374.303s][info][gc,heap        ] GC(719) PSYoungGen: 316703K(317440K)->1621K(303104K) Eden: 313856K(313856K)->0K(301056K) From: 2847K(3584K)->1621K(2048K)
[374.303s][info][gc,heap        ] GC(719) ParOldGen: 599734K(600064K)->599750K(600064K)
[374.303s][info][gc,metaspace   ] GC(719) Metaspace: 57348K(57664K)->57348K(57664K) NonClass: 51724K(51968K)->51724K(51968K) Class: 5624K(5696K)->5624K(5696K)
[374.303s][info][gc             ] GC(719) Pause Young (Allocation Failure) 894M->587M(882M) 3.857ms
[374.303s][info][gc,cpu         ] GC(719) User=0.01s Sys=0.00s Real=0.00s
[375.000s][info][gc,start       ] GC(720) Pause Young (Allocation Failure)
[375.006s][info][gc,heap        ] GC(720) PSYoungGen: 302677K(303104K)->2111K(291840K) Eden: 301056K(301056K)->0K(289280K) From: 1621K(2048K)->2111K(2560K)
[375.006s][info][gc,heap        ] GC(720) ParOldGen: 599750K(600064K)->599774K(600064K)
[375.006s][info][gc,metaspace   ] GC(720) Metaspace: 57348K(57664K)->57348K(57664K) NonClass: 51724K(51968K)->51724K(51968K) Class: 5624K(5696K)->5624K(5696K)
[375.006s][info][gc             ] GC(720) Pause Young (Allocation Failure) 881M->587M(871M) 6.263ms
[375.006s][info][gc,cpu         ] GC(720) User=0.00s Sys=0.00s Real=0.00s
[375.695s][info][gc,start       ] GC(721) Pause Young (Allocation Failure)
[375.698s][info][gc,heap        ] GC(721) PSYoungGen: 291391K(291840K)->815K(279040K) Eden: 289280K(289280K)->0K(278016K) From: 2111K(2560K)->815K(1024K)
[375.698s][info][gc,heap        ] GC(721) ParOldGen: 599774K(600064K)->599790K(600064K)
[375.698s][info][gc,metaspace   ] GC(721) Metaspace: 57348K(57664K)->57348K(57664K) NonClass: 51724K(51968K)->51724K(51968K) Class: 5624K(5696K)->5624K(5696K)
[375.698s][info][gc             ] GC(721) Pause Young (Allocation Failure) 870M->586M(858M) 3.257ms
[375.698s][info][gc,cpu         ] GC(721) User=0.01s Sys=0.01s Real=0.01s
[376.317s][info][gc,start       ] GC(722) Pause Young (Allocation Failure)
[376.323s][info][gc,heap        ] GC(722) PSYoungGen: 278632K(279040K)->2176K(269824K) Eden: 277816K(278016K)->0K(267264K) From: 815K(1024K)->2176K(2560K)
[376.323s][info][gc,heap        ] GC(722) ParOldGen: 599790K(600064K)->599806K(600064K)
[376.323s][info][gc,metaspace   ] GC(722) Metaspace: 57348K(57664K)->57348K(57664K) NonClass: 51724K(51968K)->51724K(51968K) Class: 5624K(5696K)->5624K(5696K)
[376.323s][info][gc             ] GC(722) Pause Young (Allocation Failure) 857M->587M(849M) 5.419ms
[376.323s][info][gc,cpu         ] GC(722) User=0.01s Sys=0.00s Real=0.00s
[376.988s][info][gc,start       ] GC(723) Pause Young (Allocation Failure)
[376.991s][info][gc,heap        ] GC(723) PSYoungGen: 269440K(269824K)->895K(258048K) Eden: 267264K(267264K)->0K(257024K) From: 2176K(2560K)->895K(1024K)
[376.991s][info][gc,heap        ] GC(723) ParOldGen: 599806K(600064K)->599822K(600064K)
[376.991s][info][gc,metaspace   ] GC(723) Metaspace: 57348K(57664K)->57348K(57664K) NonClass: 51724K(51968K)->51724K(51968K) Class: 5624K(5696K)->5624K(5696K)
[376.991s][info][gc             ] GC(723) Pause Young (Allocation Failure) 848M->586M(838M) 3.188ms
[376.991s][info][gc,cpu         ] GC(723) User=0.00s Sys=0.00s Real=0.00s
[377.544s][info][gc,start       ] GC(724) Pause Young (Allocation Failure)
[377.546s][info][gc,heap        ] GC(724) PSYoungGen: 254052K(258048K)->64K(247808K) Eden: 253157K(257024K)->0K(247296K) From: 895K(1024K)->64K(512K)
[377.546s][info][gc,heap        ] GC(724) ParOldGen: 599822K(600064K)->599838K(600064K)
[377.546s][info][gc,metaspace   ] GC(724) Metaspace: 57355K(57664K)->57355K(57664K) NonClass: 51731K(51968K)->51731K(51968K) Class: 5624K(5696K)->5624K(5696K)
[377.546s][info][gc             ] GC(724) Pause Young (Allocation Failure) 833M->585M(828M) 2.345ms
[377.546s][info][gc,cpu         ] GC(724) User=0.00s Sys=0.00s Real=0.01s
[380.478s][info][gc,start       ] GC(725) Pause Young (Allocation Failure)
[380.523s][info][gc,promotion   ] GC(725) Promotion failed
[380.523s][info][gc,heap        ] GC(725) PSYoungGen: 247360K(247808K)->247360K(247808K) Eden: 247296K(247296K)->247296K(247296K) From: 64K(512K)->64K(512K)
[380.523s][info][gc,heap        ] GC(725) ParOldGen: 599838K(600064K)->648915K(667648K)
[380.523s][info][gc,metaspace   ] GC(725) Metaspace: 57465K(57728K)->57465K(57728K) NonClass: 51841K(52032K)->51841K(52032K) Class: 5624K(5696K)->5624K(5696K)
[380.523s][info][gc             ] GC(725) Pause Young (Allocation Failure) 827M->875M(894M) 44.691ms
[380.523s][info][gc,cpu         ] GC(725) User=0.05s Sys=0.04s Real=0.04s
[380.523s][info][gc,start       ] GC(726) Pause Full (Allocation Failure)
[380.523s][info][gc,phases,start] GC(726) Marking Phase
[380.569s][info][gc,phases      ] GC(726) Marking Phase 46.267ms
[380.569s][info][gc,phases,start] GC(726) Summary Phase
[380.570s][info][gc,phases      ] GC(726) Summary Phase 0.028ms
[380.570s][info][gc,phases,start] GC(726) Forward
[380.572s][info][gc,phases      ] GC(726) Forward 2.859ms
[380.572s][info][gc,phases,start] GC(726) Adjust Pointers
[380.593s][info][gc,phases      ] GC(726) Adjust Pointers 20.547ms
[380.593s][info][gc,phases,start] GC(726) Compaction Phase
[380.610s][info][gc,phases      ] GC(726) Compaction Phase 16.971ms
[380.610s][info][gc,phases,start] GC(726) Post Compact
[380.613s][info][gc,phases      ] GC(726) Post Compact 3.161ms
[380.639s][info][gc,heap        ] GC(726) PSYoungGen: 247360K(247808K)->0K(238592K) Eden: 247296K(247296K)->0K(238080K) From: 64K(512K)->0K(512K)
[380.639s][info][gc,heap        ] GC(726) ParOldGen: 648915K(667648K)->276988K(345088K)
[380.639s][info][gc,metaspace   ] GC(726) Metaspace: 57465K(57728K)->57465K(57728K) NonClass: 51841K(52032K)->51841K(52032K) Class: 5624K(5696K)->5624K(5696K)
[380.640s][info][gc             ] GC(726) Pause Full (Allocation Failure) 875M->270M(570M) 116.361ms
[380.640s][info][gc,cpu         ] GC(726) User=0.14s Sys=0.03s Real=0.12s
[381.104s][info][gc,start       ] GC(727) Pause Young (Allocation Failure)
[381.108s][info][gc,heap        ] GC(727) PSYoungGen: 238080K(238592K)->2591K(231936K) Eden: 238080K(238080K)->0K(228864K) From: 0K(512K)->2591K(3072K)
[381.108s][info][gc,heap        ] GC(727) ParOldGen: 276988K(345088K)->276988K(345088K)
[381.108s][info][gc,metaspace   ] GC(727) Metaspace: 57465K(57728K)->57465K(57728K) NonClass: 51841K(52032K)->51841K(52032K) Class: 5624K(5696K)->5624K(5696K)
[381.108s][info][gc             ] GC(727) Pause Young (Allocation Failure) 502M->273M(563M) 4.050ms
[381.108s][info][gc,cpu         ] GC(727) User=0.01s Sys=0.00s Real=0.01s
[381.629s][info][gc,start       ] GC(728) Pause Young (Allocation Failure)
[381.633s][info][gc,heap        ] GC(728) PSYoungGen: 231455K(231936K)->1791K(222208K) Eden: 228864K(228864K)->0K(220160K) From: 2591K(3072K)->1791K(2048K)
[381.633s][info][gc,heap        ] GC(728) ParOldGen: 276988K(345088K)->277036K(345088K)
[381.633s][info][gc,metaspace   ] GC(728) Metaspace: 57465K(57728K)->57465K(57728K) NonClass: 51841K(52032K)->51841K(52032K) Class: 5624K(5696K)->5624K(5696K)
[381.633s][info][gc             ] GC(728) Pause Young (Allocation Failure) 496M->272M(554M) 3.445ms
[381.633s][info][gc,cpu         ] GC(728) User=0.01s Sys=0.00s Real=0.00s
[382.188s][info][gc,start       ] GC(729) Pause Young (Allocation Failure)
[382.190s][info][gc,heap        ] GC(729) PSYoungGen: 221951K(222208K)->736K(212992K) Eden: 220160K(220160K)->0K(211968K) From: 1791K(2048K)->736K(1024K)
[382.190s][info][gc,heap        ] GC(729) ParOldGen: 277036K(345088K)->277052K(345088K)
[382.190s][info][gc,metaspace   ] GC(729) Metaspace: 57465K(57728K)->57465K(57728K) NonClass: 51841K(52032K)->51841K(52032K) Class: 5624K(5696K)->5624K(5696K)
[382.190s][info][gc             ] GC(729) Pause Young (Allocation Failure) 487M->271M(545M) 2.560ms
[382.190s][info][gc,cpu         ] GC(729) User=0.00s Sys=0.00s Real=0.00s
[382.693s][info][gc,start       ] GC(730) Pause Young (Allocation Failure)
[382.696s][info][gc,heap        ] GC(730) PSYoungGen: 212704K(212992K)->1599K(206336K) Eden: 211968K(211968K)->0K(204288K) From: 736K(1024K)->1599K(2048K)
[382.696s][info][gc,heap        ] GC(730) ParOldGen: 277052K(345088K)->277068K(345088K)
[382.696s][info][gc,metaspace   ] GC(730) Metaspace: 57465K(57728K)->57465K(57728K) NonClass: 51841K(52032K)->51841K(52032K) Class: 5624K(5696K)->5624K(5696K)
[382.696s][info][gc             ] GC(730) Pause Young (Allocation Failure) 478M->272M(538M) 3.112ms
[382.696s][info][gc,cpu         ] GC(730) User=0.01s Sys=0.00s Real=0.01s
[383.186s][info][gc,start       ] GC(731) Pause Young (Allocation Failure)
[383.188s][info][gc,heap        ] GC(731) PSYoungGen: 205887K(206336K)->321K(197632K) Eden: 204288K(204288K)->0K(197120K) From: 1599K(2048K)->321K(512K)
[383.188s][info][gc,heap        ] GC(731) ParOldGen: 277068K(345088K)->277084K(345088K)
[383.188s][info][gc,metaspace   ] GC(731) Metaspace: 57465K(57728K)->57465K(57728K) NonClass: 51841K(52032K)->51841K(52032K) Class: 5624K(5696K)->5624K(5696K)
[383.188s][info][gc             ] GC(731) Pause Young (Allocation Failure) 471M->270M(530M) 1.963ms
[383.188s][info][gc,cpu         ] GC(731) User=0.00s Sys=0.00s Real=0.00s
[383.608s][info][gc,start       ] GC(732) Pause Young (Allocation Failure)
[383.613s][info][gc,heap        ] GC(732) PSYoungGen: 197173K(197632K)->2944K(193024K) Eden: 196852K(197120K)->0K(189952K) From: 321K(512K)->2944K(3072K)
[383.613s][info][gc,heap        ] GC(732) ParOldGen: 277084K(345088K)->277100K(345088K)
[383.613s][info][gc,metaspace   ] GC(732) Metaspace: 57465K(57728K)->57465K(57728K) NonClass: 51841K(52032K)->51841K(52032K) Class: 5624K(5696K)->5624K(5696K)
[383.613s][info][gc             ] GC(732) Pause Young (Allocation Failure) 463M->273M(525M) 5.235ms
[383.613s][info][gc,cpu         ] GC(732) User=0.01s Sys=0.00s Real=0.00s
[384.090s][info][gc,start       ] GC(733) Pause Young (Allocation Failure)
[384.093s][info][gc,heap        ] GC(733) PSYoungGen: 192896K(193024K)->1094K(184832K) Eden: 189952K(189952K)->0K(183296K) From: 2944K(3072K)->1094K(1536K)
[384.093s][info][gc,heap        ] GC(733) ParOldGen: 277100K(345088K)->277116K(345088K)
[384.093s][info][gc,metaspace   ] GC(733) Metaspace: 57465K(57728K)->57465K(57728K) NonClass: 51841K(52032K)->51841K(52032K) Class: 5624K(5696K)->5624K(5696K)
[384.093s][info][gc             ] GC(733) Pause Young (Allocation Failure) 458M->271M(517M) 2.677ms
[384.093s][info][gc,cpu         ] GC(733) User=0.00s Sys=0.00s Real=0.00s
[384.506s][info][gc,start       ] GC(734) Pause Young (Allocation Failure)
[384.511s][info][gc,heap        ] GC(734) PSYoungGen: 184390K(184832K)->3039K(179712K) Eden: 183296K(183296K)->0K(176640K) From: 1094K(1536K)->3039K(3072K)
[384.511s][info][gc,heap        ] GC(734) ParOldGen: 277116K(345088K)->277132K(345088K)
[384.511s][info][gc,metaspace   ] GC(734) Metaspace: 57466K(57728K)->57466K(57728K) NonClass: 51842K(52032K)->51842K(52032K) Class: 5624K(5696K)->5624K(5696K)
[384.511s][info][gc             ] GC(734) Pause Young (Allocation Failure) 450M->273M(512M) 4.918ms
[384.511s][info][gc,cpu         ] GC(734) User=0.01s Sys=0.00s Real=0.01s
[384.920s][info][gc,start       ] GC(735) Pause Young (Allocation Failure)
[384.924s][info][gc,heap        ] GC(735) PSYoungGen: 179679K(179712K)->2335K(173056K) Eden: 176640K(176640K)->0K(170496K) From: 3039K(3072K)->2335K(2560K)
[384.924s][info][gc,heap        ] GC(735) ParOldGen: 277132K(345088K)->277148K(345088K)
[384.924s][info][gc,metaspace   ] GC(735) Metaspace: 57466K(57728K)->57466K(57728K) NonClass: 51842K(52032K)->51842K(52032K) Class: 5624K(5696K)->5624K(5696K)
[384.924s][info][gc             ] GC(735) Pause Young (Allocation Failure) 446M->272M(506M) 4.132ms
[384.924s][info][gc,cpu         ] GC(735) User=0.01s Sys=0.00s Real=0.00s
[385.419s][info][gc,start       ] GC(736) Pause Young (Allocation Failure)
[385.422s][info][gc,heap        ] GC(736) PSYoungGen: 172532K(173056K)->1632K(166912K) Eden: 170196K(170496K)->0K(164864K) From: 2335K(2560K)->1632K(2048K)
[385.422s][info][gc,heap        ] GC(736) ParOldGen: 277148K(345088K)->277164K(345088K)
[385.422s][info][gc,metaspace   ] GC(736) Metaspace: 57466K(57728K)->57466K(57728K) NonClass: 51842K(52032K)->51842K(52032K) Class: 5624K(5696K)->5624K(5696K)
[385.422s][info][gc             ] GC(736) Pause Young (Allocation Failure) 439M->272M(500M) 3.141ms
[385.422s][info][gc,cpu         ] GC(736) User=0.00s Sys=0.00s Real=0.00s
[385.716s][info][gc,start       ] GC(737) Pause Young (Allocation Failure)
[385.720s][info][gc,heap        ] GC(737) PSYoungGen: 166410K(166912K)->2304K(161792K) Eden: 164778K(164864K)->0K(159232K) From: 1632K(2048K)->2304K(2560K)
[385.720s][info][gc,heap        ] GC(737) ParOldGen: 277164K(345088K)->277500K(345088K)
[385.720s][info][gc,metaspace   ] GC(737) Metaspace: 57466K(57728K)->57466K(57728K) NonClass: 51842K(52032K)->51842K(52032K) Class: 5624K(5696K)->5624K(5696K)
[385.720s][info][gc             ] GC(737) Pause Young (Allocation Failure) 433M->273M(495M) 4.295ms
[385.720s][info][gc,cpu         ] GC(737) User=0.01s Sys=0.00s Real=0.01s
[386.107s][info][gc,start       ] GC(738) Pause Young (Allocation Failure)
[386.112s][info][gc,heap        ] GC(738) PSYoungGen: 161472K(161792K)->2720K(193024K) Eden: 159168K(159232K)->0K(189952K) From: 2304K(2560K)->2720K(3072K)
[386.112s][info][gc,heap        ] GC(738) ParOldGen: 277500K(345088K)->277516K(345088K)
[386.112s][info][gc,metaspace   ] GC(738) Metaspace: 57469K(57728K)->57469K(57728K) NonClass: 51845K(52032K)->51845K(52032K) Class: 5624K(5696K)->5624K(5696K)
[386.112s][info][gc             ] GC(738) Pause Young (Allocation Failure) 428M->273M(525M) 4.749ms
[386.112s][info][gc,cpu         ] GC(738) User=0.01s Sys=0.00s Real=0.00s
[386.587s][info][gc,start       ] GC(739) Pause Young (Allocation Failure)
[386.589s][info][gc,heap        ] GC(739) PSYoungGen: 192672K(193024K)->384K(183808K) Eden: 189952K(189952K)->0K(183296K) From: 2720K(3072K)->384K(512K)
[386.589s][info][gc,heap        ] GC(739) ParOldGen: 277516K(345088K)->277532K(345088K)
[386.589s][info][gc,metaspace   ] GC(739) Metaspace: 57469K(57728K)->57469K(57728K) NonClass: 51845K(52032K)->51845K(52032K) Class: 5624K(5696K)->5624K(5696K)
[386.589s][info][gc             ] GC(739) Pause Young (Allocation Failure) 459M->271M(516M) 2.064ms
[386.589s][info][gc,cpu         ] GC(739) User=0.01s Sys=0.00s Real=0.00s
[387.032s][info][gc,start       ] GC(740) Pause Young (Allocation Failure)
[387.042s][info][gc,heap        ] GC(740) PSYoungGen: 183680K(183808K)->3904K(222720K) Eden: 183296K(183296K)->0K(218624K) From: 384K(512K)->3904K(4096K)
[387.042s][info][gc,heap        ] GC(740) ParOldGen: 277532K(345088K)->278101K(345088K)
[387.042s][info][gc,metaspace   ] GC(740) Metaspace: 57469K(57728K)->57469K(57728K) NonClass: 51845K(52032K)->51845K(52032K) Class: 5624K(5696K)->5624K(5696K)
[387.042s][info][gc             ] GC(740) Pause Young (Allocation Failure) 450M->275M(554M) 9.623ms
[387.042s][info][gc,cpu         ] GC(740) User=0.01s Sys=0.00s Real=0.01s
[387.515s][info][gc,start       ] GC(741) Pause Young (Allocation Failure)
[387.520s][info][gc,heap        ] GC(741) PSYoungGen: 222528K(222720K)->3327K(264704K) Eden: 218624K(218624K)->0K(261120K) From: 3904K(4096K)->3327K(3584K)
[387.520s][info][gc,heap        ] GC(741) ParOldGen: 278101K(345088K)->278117K(345088K)
[387.520s][info][gc,metaspace   ] GC(741) Metaspace: 57469K(57728K)->57469K(57728K) NonClass: 51845K(52032K)->51845K(52032K) Class: 5624K(5696K)->5624K(5696K)
[387.520s][info][gc             ] GC(741) Pause Young (Allocation Failure) 488M->274M(595M) 5.218ms
[387.520s][info][gc,cpu         ] GC(741) User=0.01s Sys=0.00s Real=0.01s
[388.161s][info][gc,start       ] GC(742) Pause Young (Allocation Failure)
[388.165s][info][gc,heap        ] GC(742) PSYoungGen: 264323K(264704K)->1920K(293376K) Eden: 260996K(261120K)->0K(291328K) From: 3327K(3584K)->1920K(2048K)
[388.165s][info][gc,heap        ] GC(742) ParOldGen: 278117K(345088K)->278133K(345088K)
[388.165s][info][gc,metaspace   ] GC(742) Metaspace: 57469K(57728K)->57469K(57728K) NonClass: 51845K(52032K)->51845K(52032K) Class: 5624K(5696K)->5624K(5696K)
[388.165s][info][gc             ] GC(742) Pause Young (Allocation Failure) 529M->273M(623M) 3.702ms
[388.165s][info][gc,cpu         ] GC(742) User=0.01s Sys=0.00s Real=0.00s
[388.812s][info][gc,start       ] GC(743) Pause Young (Allocation Failure)
[388.817s][info][gc,heap        ] GC(743) PSYoungGen: 293176K(293376K)->2656K(282624K) Eden: 291256K(291328K)->0K(279552K) From: 1920K(2048K)->2656K(3072K)
[388.817s][info][gc,heap        ] GC(743) ParOldGen: 278133K(345088K)->278149K(345088K)
[388.817s][info][gc,metaspace   ] GC(743) Metaspace: 57469K(57728K)->57469K(57728K) NonClass: 51845K(52032K)->51845K(52032K) Class: 5624K(5696K)->5624K(5696K)
[388.817s][info][gc             ] GC(743) Pause Young (Allocation Failure) 557M->274M(613M) 4.596ms
[388.817s][info][gc,cpu         ] GC(743) User=0.01s Sys=0.00s Real=0.01s
[389.492s][info][gc,start       ] GC(744) Pause Young (Allocation Failure)
[389.495s][info][gc,heap        ] GC(744) PSYoungGen: 282208K(282624K)->1375K(270336K) Eden: 279552K(279552K)->0K(268800K) From: 2656K(3072K)->1375K(1536K)
[389.495s][info][gc,heap        ] GC(744) ParOldGen: 278149K(345088K)->278165K(345088K)
[389.495s][info][gc,metaspace   ] GC(744) Metaspace: 57469K(57728K)->57469K(57728K) NonClass: 51845K(52032K)->51845K(52032K) Class: 5624K(5696K)->5624K(5696K)
[389.495s][info][gc             ] GC(744) Pause Young (Allocation Failure) 547M->272M(601M) 2.797ms
[389.495s][info][gc,cpu         ] GC(744) User=0.00s Sys=0.00s Real=0.00s
[390.109s][info][gc,start       ] GC(745) Pause Young (Allocation Failure)
[390.114s][info][gc,heap        ] GC(745) PSYoungGen: 269874K(270336K)->3072K(261632K) Eden: 268499K(268800K)->0K(258560K) From: 1375K(1536K)->3072K(3072K)
[390.114s][info][gc,heap        ] GC(745) ParOldGen: 278165K(345088K)->278181K(345088K)
[390.114s][info][gc,metaspace   ] GC(745) Metaspace: 57469K(57728K)->57469K(57728K) NonClass: 51845K(52032K)->51845K(52032K) Class: 5624K(5696K)->5624K(5696K)
[390.115s][info][gc             ] GC(745) Pause Young (Allocation Failure) 535M->274M(592M) 5.264ms
[390.115s][info][gc,cpu         ] GC(745) User=0.01s Sys=0.00s Real=0.00s
[390.710s][info][gc,start       ] GC(746) Pause Young (Allocation Failure)
[390.716s][info][gc,heap        ] GC(746) PSYoungGen: 261632K(261632K)->3423K(251904K) Eden: 258560K(258560K)->0K(248320K) From: 3072K(3072K)->3423K(3584K)
[390.716s][info][gc,heap        ] GC(746) ParOldGen: 278181K(345088K)->278197K(345088K)
[390.716s][info][gc,metaspace   ] GC(746) Metaspace: 57469K(57728K)->57469K(57728K) NonClass: 51845K(52032K)->51845K(52032K) Class: 5624K(5696K)->5624K(5696K)
[390.716s][info][gc             ] GC(746) Pause Young (Allocation Failure) 527M->275M(583M) 5.227ms
[390.716s][info][gc,cpu         ] GC(746) User=0.01s Sys=0.00s Real=0.00s
[391.314s][info][gc,start       ] GC(747) Pause Young (Allocation Failure)
[391.318s][info][gc,heap        ] GC(747) PSYoungGen: 251743K(251904K)->1824K(240640K) Eden: 248320K(248320K)->0K(238592K) From: 3423K(3584K)->1824K(2048K)
[391.318s][info][gc,heap        ] GC(747) ParOldGen: 278197K(345088K)->278213K(345088K)
[391.318s][info][gc,metaspace   ] GC(747) Metaspace: 57469K(57728K)->57469K(57728K) NonClass: 51845K(52032K)->51845K(52032K) Class: 5624K(5696K)->5624K(5696K)
[391.318s][info][gc             ] GC(747) Pause Young (Allocation Failure) 517M->273M(572M) 3.866ms
[391.318s][info][gc,cpu         ] GC(747) User=0.01s Sys=0.00s Real=0.01s
[391.895s][info][gc,start       ] GC(748) Pause Young (Allocation Failure)
[391.898s][info][gc,heap        ] GC(748) PSYoungGen: 240416K(240640K)->1790K(231424K) Eden: 238592K(238592K)->0K(229376K) From: 1824K(2048K)->1790K(2048K)
[391.898s][info][gc,heap        ] GC(748) ParOldGen: 278213K(345088K)->278229K(345088K)
[391.898s][info][gc,metaspace   ] GC(748) Metaspace: 57469K(57728K)->57469K(57728K) NonClass: 51845K(52032K)->51845K(52032K) Class: 5624K(5696K)->5624K(5696K)
[391.898s][info][gc             ] GC(748) Pause Young (Allocation Failure) 506M->273M(563M) 3.021ms
[391.898s][info][gc,cpu         ] GC(748) User=0.01s Sys=0.00s Real=0.01s
[392.487s][info][gc,start       ] GC(749) Pause Young (Allocation Failure)
[392.506s][info][gc,heap        ] GC(749) PSYoungGen: 231166K(231424K)->2783K(276992K) Eden: 229376K(229376K)->0K(273920K) From: 1790K(2048K)->2783K(3072K)
[392.506s][info][gc,heap        ] GC(749) ParOldGen: 278229K(345088K)->278245K(345088K)
[392.506s][info][gc,metaspace   ] GC(749) Metaspace: 57469K(57728K)->57469K(57728K) NonClass: 51845K(52032K)->51845K(52032K) Class: 5624K(5696K)->5624K(5696K)
[392.506s][info][gc             ] GC(749) Pause Young (Allocation Failure) 497M->274M(607M) 19.010ms
[392.506s][info][gc,cpu         ] GC(749) User=0.02s Sys=0.00s Real=0.01s
[393.096s][info][gc,start       ] GC(750) Pause Young (Allocation Failure)
[393.099s][info][gc,heap        ] GC(750) PSYoungGen: 276703K(276992K)->2685K(282112K) Eden: 273920K(273920K)->0K(277504K) From: 2783K(3072K)->2685K(4608K)
[393.099s][info][gc,heap        ] GC(750) ParOldGen: 278245K(345088K)->278261K(345088K)
[393.099s][info][gc,metaspace   ] GC(750) Metaspace: 57469K(57728K)->57469K(57728K) NonClass: 51845K(52032K)->51845K(52032K) Class: 5624K(5696K)->5624K(5696K)
[393.099s][info][gc             ] GC(750) Pause Young (Allocation Failure) 541M->274M(612M) 3.646ms
[393.099s][info][gc,cpu         ] GC(750) User=0.01s Sys=0.00s Real=0.01s
[393.725s][info][gc,start       ] GC(751) Pause Young (Allocation Failure)
[393.729s][info][gc,heap        ] GC(751) PSYoungGen: 280189K(282112K)->2175K(282112K) Eden: 277504K(277504K)->0K(277504K) From: 2685K(4608K)->2175K(4608K)
[393.729s][info][gc,heap        ] GC(751) ParOldGen: 278261K(345088K)->278277K(345088K)
[393.729s][info][gc,metaspace   ] GC(751) Metaspace: 57469K(57728K)->57469K(57728K) NonClass: 51845K(52032K)->51845K(52032K) Class: 5624K(5696K)->5624K(5696K)
[393.729s][info][gc             ] GC(751) Pause Young (Allocation Failure) 545M->273M(612M) 3.753ms
[393.729s][info][gc,cpu         ] GC(751) User=0.00s Sys=0.00s Real=0.01s
[394.399s][info][gc,start       ] GC(752) Pause Young (Allocation Failure)
[394.404s][info][gc,heap        ] GC(752) PSYoungGen: 279679K(282112K)->2175K(269312K) Eden: 277504K(277504K)->0K(266752K) From: 2175K(4608K)->2175K(2560K)
[394.404s][info][gc,heap        ] GC(752) ParOldGen: 278277K(345088K)->278293K(345088K)
[394.404s][info][gc,metaspace   ] GC(752) Metaspace: 57469K(57728K)->57469K(57728K) NonClass: 51845K(52032K)->51845K(52032K) Class: 5624K(5696K)->5624K(5696K)
[394.404s][info][gc             ] GC(752) Pause Young (Allocation Failure) 544M->273M(600M) 4.530ms
[394.404s][info][gc,cpu         ] GC(752) User=0.00s Sys=0.00s Real=0.00s
[395.013s][info][gc,start       ] GC(753) Pause Young (Allocation Failure)
[395.019s][info][gc,heap        ] GC(753) PSYoungGen: 268927K(269312K)->3007K(259584K) Eden: 266752K(266752K)->0K(256512K) From: 2175K(2560K)->3007K(3072K)
[395.019s][info][gc,heap        ] GC(753) ParOldGen: 278293K(345088K)->278309K(345088K)
[395.019s][info][gc,metaspace   ] GC(753) Metaspace: 57469K(57728K)->57469K(57728K) NonClass: 51845K(52032K)->51845K(52032K) Class: 5624K(5696K)->5624K(5696K)
[395.019s][info][gc             ] GC(753) Pause Young (Allocation Failure) 534M->274M(590M) 6.006ms
[395.019s][info][gc,cpu         ] GC(753) User=0.01s Sys=0.01s Real=0.01s
[395.620s][info][gc,start       ] GC(754) Pause Young (Allocation Failure)
[395.625s][info][gc,heap        ] GC(754) PSYoungGen: 259418K(259584K)->2640K(249856K) Eden: 256410K(256512K)->0K(246784K) From: 3007K(3072K)->2640K(3072K)
[395.625s][info][gc,heap        ] GC(754) ParOldGen: 278309K(345088K)->278325K(345088K)
[395.625s][info][gc,metaspace   ] GC(754) Metaspace: 57469K(57728K)->57469K(57728K) NonClass: 51845K(52032K)->51845K(52032K) Class: 5624K(5696K)->5624K(5696K)
[395.625s][info][gc             ] GC(754) Pause Young (Allocation Failure) 525M->274M(581M) 5.144ms
[395.625s][info][gc,cpu         ] GC(754) User=0.01s Sys=0.00s Real=0.00s
[396.211s][info][gc,start       ] GC(755) Pause Young (Allocation Failure)
[396.216s][info][gc,heap        ] GC(755) PSYoungGen: 249424K(249856K)->3231K(241152K) Eden: 246784K(246784K)->0K(237568K) From: 2640K(3072K)->3231K(3584K)
[396.217s][info][gc,heap        ] GC(755) ParOldGen: 278325K(345088K)->278661K(345088K)
[396.217s][info][gc,metaspace   ] GC(755) Metaspace: 57469K(57728K)->57469K(57728K) NonClass: 51845K(52032K)->51845K(52032K) Class: 5624K(5696K)->5624K(5696K)
[396.217s][info][gc             ] GC(755) Pause Young (Allocation Failure) 515M->275M(572M) 5.974ms
[396.217s][info][gc,cpu         ] GC(755) User=0.01s Sys=0.00s Real=0.01s
[396.795s][info][gc,start       ] GC(756) Pause Young (Allocation Failure)
[396.798s][info][gc,heap        ] GC(756) PSYoungGen: 240799K(241152K)->1632K(230400K) Eden: 237568K(237568K)->0K(228352K) From: 3231K(3584K)->1632K(2048K)
[396.798s][info][gc,heap        ] GC(756) ParOldGen: 278661K(345088K)->278677K(345088K)
[396.798s][info][gc,metaspace   ] GC(756) Metaspace: 57469K(57728K)->57469K(57728K) NonClass: 51845K(52032K)->51845K(52032K) Class: 5624K(5696K)->5624K(5696K)
[396.798s][info][gc             ] GC(756) Pause Young (Allocation Failure) 507M->273M(562M) 3.268ms
[396.798s][info][gc,cpu         ] GC(756) User=0.00s Sys=0.00s Real=0.01s
[397.313s][info][gc,start       ] GC(757) Pause Young (Allocation Failure)
[397.320s][info][gc,heap        ] GC(757) PSYoungGen: 229984K(230400K)->3200K(223232K) Eden: 228352K(228352K)->0K(219648K) From: 1632K(2048K)->3200K(3584K)
[397.320s][info][gc,heap        ] GC(757) ParOldGen: 278677K(345088K)->278693K(345088K)
[397.320s][info][gc,metaspace   ] GC(757) Metaspace: 57469K(57728K)->57469K(57728K) NonClass: 51845K(52032K)->51845K(52032K) Class: 5624K(5696K)->5624K(5696K)
[397.320s][info][gc             ] GC(757) Pause Young (Allocation Failure) 496M->275M(555M) 6.572ms
[397.320s][info][gc,cpu         ] GC(757) User=0.01s Sys=0.00s Real=0.01s
[397.826s][info][gc,start       ] GC(758) Pause Young (Allocation Failure)
[397.829s][info][gc,heap        ] GC(758) PSYoungGen: 222531K(223232K)->1248K(212992K) Eden: 219331K(219648K)->0K(211456K) From: 3200K(3584K)->1248K(1536K)
[397.829s][info][gc,heap        ] GC(758) ParOldGen: 278693K(345088K)->278709K(345088K)
[397.829s][info][gc,metaspace   ] GC(758) Metaspace: 57469K(57728K)->57469K(57728K) NonClass: 51845K(52032K)->51845K(52032K) Class: 5624K(5696K)->5624K(5696K)
[397.829s][info][gc             ] GC(758) Pause Young (Allocation Failure) 489M->273M(545M) 3.138ms
[397.829s][info][gc,cpu         ] GC(758) User=0.00s Sys=0.00s Real=0.01s
[398.331s][info][gc,start       ] GC(759) Pause Young (Allocation Failure)
[398.334s][info][gc,heap        ] GC(759) PSYoungGen: 212704K(212992K)->1375K(205312K) Eden: 211456K(211456K)->0K(203776K) From: 1248K(1536K)->1375K(1536K)
[398.334s][info][gc,heap        ] GC(759) ParOldGen: 278709K(345088K)->278725K(345088K)
[398.334s][info][gc,metaspace   ] GC(759) Metaspace: 57469K(57728K)->57469K(57728K) NonClass: 51845K(52032K)->51845K(52032K) Class: 5624K(5696K)->5624K(5696K)
[398.334s][info][gc             ] GC(759) Pause Young (Allocation Failure) 479M->273M(537M) 3.330ms
[398.334s][info][gc,cpu         ] GC(759) User=0.01s Sys=0.00s Real=0.00s
[398.825s][info][gc,start       ] GC(760) Pause Young (Allocation Failure)
[398.829s][info][gc,heap        ] GC(760) PSYoungGen: 205109K(205312K)->2112K(199168K) Eden: 203734K(203776K)->0K(196608K) From: 1375K(1536K)->2112K(2560K)
[398.829s][info][gc,heap        ] GC(760) ParOldGen: 278725K(345088K)->278741K(345088K)
[398.829s][info][gc,metaspace   ] GC(760) Metaspace: 57469K(57728K)->57469K(57728K) NonClass: 51845K(52032K)->51845K(52032K) Class: 5624K(5696K)->5624K(5696K)
[398.830s][info][gc             ] GC(760) Pause Young (Allocation Failure) 472M->274M(531M) 4.418ms
[398.830s][info][gc,cpu         ] GC(760) User=0.01s Sys=0.00s Real=0.01s
[399.304s][info][gc,start       ] GC(761) Pause Young (Allocation Failure)
[399.309s][info][gc,heap        ] GC(761) PSYoungGen: 198720K(199168K)->2335K(192000K) Eden: 196608K(196608K)->0K(189440K) From: 2112K(2560K)->2335K(2560K)
[399.309s][info][gc,heap        ] GC(761) ParOldGen: 278741K(345088K)->278757K(345088K)
[399.309s][info][gc,metaspace   ] GC(761) Metaspace: 57469K(57728K)->57469K(57728K) NonClass: 51845K(52032K)->51845K(52032K) Class: 5624K(5696K)->5624K(5696K)
[399.309s][info][gc             ] GC(761) Pause Young (Allocation Failure) 466M->274M(524M) 5.181ms
[399.309s][info][gc,cpu         ] GC(761) User=0.01s Sys=0.00s Real=0.01s
[399.733s][info][gc,start       ] GC(762) Pause Young (Allocation Failure)
[399.736s][info][gc,heap        ] GC(762) PSYoungGen: 191637K(192000K)->1152K(184320K) Eden: 189302K(189440K)->0K(182784K) From: 2335K(2560K)->1152K(1536K)
[399.736s][info][gc,heap        ] GC(762) ParOldGen: 278757K(345088K)->278773K(345088K)
[399.736s][info][gc,metaspace   ] GC(762) Metaspace: 57469K(57728K)->57469K(57728K) NonClass: 51845K(52032K)->51845K(52032K) Class: 5624K(5696K)->5624K(5696K)
[399.736s][info][gc             ] GC(762) Pause Young (Allocation Failure) 459M->273M(517M) 2.868ms
[399.736s][info][gc,cpu         ] GC(762) User=0.00s Sys=0.00s Real=0.00s
[400.190s][info][gc,start       ] GC(763) Pause Young (Allocation Failure)
[400.193s][info][gc,heap        ] GC(763) PSYoungGen: 183936K(184320K)->1085K(177664K) Eden: 182784K(182784K)->0K(176128K) From: 1152K(1536K)->1085K(1536K)
[400.193s][info][gc,heap        ] GC(763) ParOldGen: 278773K(345088K)->278789K(345088K)
[400.193s][info][gc,metaspace   ] GC(763) Metaspace: 57469K(57728K)->57469K(57728K) NonClass: 51845K(52032K)->51845K(52032K) Class: 5624K(5696K)->5624K(5696K)
[400.193s][info][gc             ] GC(763) Pause Young (Allocation Failure) 451M->273M(510M) 2.999ms
[400.193s][info][gc,cpu         ] GC(763) User=0.00s Sys=0.00s Real=0.00s
[400.598s][info][gc,start       ] GC(764) Pause Young (Allocation Failure)
[400.601s][info][gc,heap        ] GC(764) PSYoungGen: 177213K(177664K)->2015K(172032K) Eden: 176128K(176128K)->0K(169984K) From: 1085K(1536K)->2015K(2048K)
[400.601s][info][gc,heap        ] GC(764) ParOldGen: 278789K(345088K)->278805K(345088K)
[400.601s][info][gc,metaspace   ] GC(764) Metaspace: 57469K(57728K)->57469K(57728K) NonClass: 51845K(52032K)->51845K(52032K) Class: 5624K(5696K)->5624K(5696K)
[400.601s][info][gc             ] GC(764) Pause Young (Allocation Failure) 445M->274M(505M) 3.807ms
[400.601s][info][gc,cpu         ] GC(764) User=0.00s Sys=0.00s Real=0.00s
[400.998s][info][gc,start       ] GC(765) Pause Young (Allocation Failure)
[401.003s][info][gc,heap        ] GC(765) PSYoungGen: 171999K(172032K)->2430K(166912K) Eden: 169984K(169984K)->0K(164352K) From: 2015K(2048K)->2430K(2560K)
[401.003s][info][gc,heap        ] GC(765) ParOldGen: 278805K(345088K)->278821K(345088K)
[401.003s][info][gc,metaspace   ] GC(765) Metaspace: 57469K(57728K)->57469K(57728K) NonClass: 51845K(52032K)->51845K(52032K) Class: 5624K(5696K)->5624K(5696K)
[401.003s][info][gc             ] GC(765) Pause Young (Allocation Failure) 440M->274M(500M) 4.656ms
[401.003s][info][gc,cpu         ] GC(765) User=0.00s Sys=0.01s Real=0.00s
[401.504s][info][gc,start       ] GC(766) Pause Young (Allocation Failure)
[401.507s][info][gc,heap        ] GC(766) PSYoungGen: 166782K(166912K)->1792K(160768K) Eden: 164352K(164352K)->0K(158720K) From: 2430K(2560K)->1792K(2048K)
[401.507s][info][gc,heap        ] GC(766) ParOldGen: 278821K(345088K)->278837K(345088K)
[401.507s][info][gc,metaspace   ] GC(766) Metaspace: 57469K(57728K)->57469K(57728K) NonClass: 51845K(52032K)->51845K(52032K) Class: 5624K(5696K)->5624K(5696K)
[401.507s][info][gc             ] GC(766) Pause Young (Allocation Failure) 435M->274M(494M) 3.818ms
[401.507s][info][gc,cpu         ] GC(766) User=0.01s Sys=0.00s Real=0.01s
[401.890s][info][gc,start       ] GC(767) Pause Young (Allocation Failure)
[401.892s][info][gc,heap        ] GC(767) PSYoungGen: 160512K(160768K)->864K(154624K) Eden: 158720K(158720K)->0K(153600K) From: 1792K(2048K)->864K(1024K)
[401.892s][info][gc,heap        ] GC(767) ParOldGen: 278837K(345088K)->278853K(345088K)
[401.892s][info][gc,metaspace   ] GC(767) Metaspace: 57469K(57728K)->57469K(57728K) NonClass: 51845K(52032K)->51845K(52032K) Class: 5624K(5696K)->5624K(5696K)
[401.892s][info][gc             ] GC(767) Pause Young (Allocation Failure) 429M->273M(488M) 2.883ms
[401.892s][info][gc,cpu         ] GC(767) User=0.00s Sys=0.00s Real=0.00s
[402.223s][info][gc,start       ] GC(768) Pause Young (Allocation Failure)
[402.227s][info][gc,heap        ] GC(768) PSYoungGen: 154464K(154624K)->2143K(151040K) Eden: 153600K(153600K)->0K(148480K) From: 864K(1024K)->2143K(2560K)
[402.227s][info][gc,heap        ] GC(768) ParOldGen: 278853K(345088K)->278869K(345088K)
[402.227s][info][gc,metaspace   ] GC(768) Metaspace: 57469K(57728K)->57469K(57728K) NonClass: 51845K(52032K)->51845K(52032K) Class: 5624K(5696K)->5624K(5696K)
[402.227s][info][gc             ] GC(768) Pause Young (Allocation Failure) 423M->274M(484M) 4.163ms
[402.227s][info][gc,cpu         ] GC(768) User=0.00s Sys=0.00s Real=0.01s
[402.601s][info][gc,start       ] GC(769) Pause Young (Allocation Failure)
[402.604s][info][gc,heap        ] GC(769) PSYoungGen: 150623K(151040K)->1024K(144896K) Eden: 148480K(148480K)->0K(143872K) From: 2143K(2560K)->1024K(1024K)
[402.604s][info][gc,heap        ] GC(769) ParOldGen: 278869K(345088K)->278885K(345088K)
[402.604s][info][gc,metaspace   ] GC(769) Metaspace: 57469K(57728K)->57469K(57728K) NonClass: 51845K(52032K)->51845K(52032K) Class: 5624K(5696K)->5624K(5696K)
[402.604s][info][gc             ] GC(769) Pause Young (Allocation Failure) 419M->273M(478M) 3.169ms
[402.604s][info][gc,cpu         ] GC(769) User=0.01s Sys=0.00s Real=0.00s
[402.923s][info][gc,start       ] GC(770) Pause Young (Allocation Failure)
[402.928s][info][gc,heap        ] GC(770) PSYoungGen: 144896K(144896K)->2334K(174080K) Eden: 143872K(143872K)->0K(171520K) From: 1024K(1024K)->2334K(2560K)
[402.928s][info][gc,heap        ] GC(770) ParOldGen: 278885K(345088K)->278901K(345088K)
[402.928s][info][gc,metaspace   ] GC(770) Metaspace: 57469K(57728K)->57469K(57728K) NonClass: 51845K(52032K)->51845K(52032K) Class: 5624K(5696K)->5624K(5696K)
[402.928s][info][gc             ] GC(770) Pause Young (Allocation Failure) 413M->274M(507M) 4.398ms
[402.928s][info][gc,cpu         ] GC(770) User=0.01s Sys=0.00s Real=0.01s
[403.321s][info][gc,start       ] GC(771) Pause Young (Allocation Failure)
[403.324s][info][gc,heap        ] GC(771) PSYoungGen: 173685K(174080K)->1248K(166912K) Eden: 171351K(171520K)->0K(165376K) From: 2334K(2560K)->1248K(1536K)
[403.324s][info][gc,heap        ] GC(771) ParOldGen: 278901K(345088K)->278917K(345088K)
[403.324s][info][gc,metaspace   ] GC(771) Metaspace: 57471K(57792K)->57471K(57792K) NonClass: 51847K(52096K)->51847K(52096K) Class: 5624K(5696K)->5624K(5696K)
[403.324s][info][gc             ] GC(771) Pause Young (Allocation Failure) 441M->273M(500M) 3.600ms
[403.324s][info][gc,cpu         ] GC(771) User=0.00s Sys=0.00s Real=0.00s
[403.774s][info][gc,start       ] GC(772) Pause Young (Allocation Failure)
[403.779s][info][gc,heap        ] GC(772) PSYoungGen: 166624K(166912K)->2239K(199680K) Eden: 165376K(165376K)->0K(197120K) From: 1248K(1536K)->2239K(2560K)
[403.779s][info][gc,heap        ] GC(772) ParOldGen: 278917K(345088K)->278933K(345088K)
[403.779s][info][gc,metaspace   ] GC(772) Metaspace: 57471K(57792K)->57471K(57792K) NonClass: 51847K(52096K)->51847K(52096K) Class: 5624K(5696K)->5624K(5696K)
[403.779s][info][gc             ] GC(772) Pause Young (Allocation Failure) 435M->274M(532M) 5.012ms
[403.779s][info][gc,cpu         ] GC(772) User=0.01s Sys=0.01s Real=0.01s
[404.201s][info][gc,start       ] GC(773) Pause Young (Allocation Failure)
[404.206s][info][gc,heap        ] GC(773) PSYoungGen: 199359K(199680K)->2366K(237568K) Eden: 197120K(197120K)->0K(235008K) From: 2239K(2560K)->2366K(2560K)
[404.206s][info][gc,heap        ] GC(773) ParOldGen: 278933K(345088K)->278949K(345088K)
[404.206s][info][gc,metaspace   ] GC(773) Metaspace: 57471K(57792K)->57471K(57792K) NonClass: 51847K(52096K)->51847K(52096K) Class: 5624K(5696K)->5624K(5696K)
[404.206s][info][gc             ] GC(773) Pause Young (Allocation Failure) 467M->274M(569M) 4.688ms
[404.206s][info][gc,cpu         ] GC(773) User=0.00s Sys=0.00s Real=0.00s
[404.772s][info][gc,start       ] GC(774) Pause Young (Allocation Failure)
[404.779s][info][gc,heap        ] GC(774) PSYoungGen: 237276K(237568K)->1055K(281600K) Eden: 234910K(235008K)->0K(280064K) From: 2366K(2560K)->1055K(1536K)
[404.779s][info][gc,heap        ] GC(774) ParOldGen: 278949K(345088K)->278965K(345088K)
[404.779s][info][gc,metaspace   ] GC(774) Metaspace: 57471K(57792K)->57471K(57792K) NonClass: 51847K(52096K)->51847K(52096K) Class: 5624K(5696K)->5624K(5696K)
[404.779s][info][gc             ] GC(774) Pause Young (Allocation Failure) 504M->273M(612M) 6.973ms
[404.779s][info][gc,cpu         ] GC(774) User=0.01s Sys=0.00s Real=0.01s
[405.410s][info][gc,start       ] GC(775) Pause Young (Allocation Failure)
[405.416s][info][gc,heap        ] GC(775) PSYoungGen: 281119K(281600K)->3007K(292864K) Eden: 280064K(280064K)->0K(289280K) From: 1055K(1536K)->3007K(3584K)
[405.416s][info][gc,heap        ] GC(775) ParOldGen: 278965K(345088K)->278981K(345088K)
[405.416s][info][gc,metaspace   ] GC(775) Metaspace: 57471K(57792K)->57471K(57792K) NonClass: 51847K(52096K)->51847K(52096K) Class: 5624K(5696K)->5624K(5696K)
[405.416s][info][gc             ] GC(775) Pause Young (Allocation Failure) 546M->275M(623M) 6.609ms
[405.416s][info][gc,cpu         ] GC(775) User=0.00s Sys=0.00s Real=0.01s
[406.107s][info][gc,start       ] GC(776) Pause Young (Allocation Failure)
[406.111s][info][gc,heap        ] GC(776) PSYoungGen: 292287K(292864K)->1951K(280064K) Eden: 289280K(289280K)->0K(278016K) From: 3007K(3584K)->1951K(2048K)
[406.111s][info][gc,heap        ] GC(776) ParOldGen: 278981K(345088K)->278997K(345088K)
[406.111s][info][gc,metaspace   ] GC(776) Metaspace: 57471K(57792K)->57471K(57792K) NonClass: 51847K(52096K)->51847K(52096K) Class: 5624K(5696K)->5624K(5696K)
[406.112s][info][gc             ] GC(776) Pause Young (Allocation Failure) 557M->274M(610M) 4.112ms
[406.112s][info][gc,cpu         ] GC(776) User=0.01s Sys=0.00s Real=0.00s
[406.738s][info][gc,start       ] GC(777) Pause Young (Allocation Failure)
[406.740s][info][gc,heap        ] GC(777) PSYoungGen: 279967K(280064K)->371K(267776K) Eden: 278016K(278016K)->0K(267264K) From: 1951K(2048K)->371K(512K)
[406.740s][info][gc,heap        ] GC(777) ParOldGen: 278997K(345088K)->279013K(345088K)
[406.740s][info][gc,metaspace   ] GC(777) Metaspace: 57471K(57792K)->57471K(57792K) NonClass: 51847K(52096K)->51847K(52096K) Class: 5624K(5696K)->5624K(5696K)
[406.740s][info][gc             ] GC(777) Pause Young (Allocation Failure) 545M->272M(598M) 2.256ms
[406.740s][info][gc,cpu         ] GC(777) User=0.01s Sys=0.00s Real=0.00s
[407.397s][info][gc,start       ] GC(778) Pause Young (Allocation Failure)
[407.401s][info][gc,heap        ] GC(778) PSYoungGen: 267635K(267776K)->2142K(259584K) Eden: 267264K(267264K)->0K(257024K) From: 371K(512K)->2142K(2560K)
[407.401s][info][gc,heap        ] GC(778) ParOldGen: 279013K(345088K)->279029K(345088K)
[407.401s][info][gc,metaspace   ] GC(778) Metaspace: 57471K(57792K)->57471K(57792K) NonClass: 51847K(52096K)->51847K(52096K) Class: 5624K(5696K)->5624K(5696K)
[407.402s][info][gc             ] GC(778) Pause Young (Allocation Failure) 533M->274M(590M) 4.209ms
[407.402s][info][gc,cpu         ] GC(778) User=0.01s Sys=0.01s Real=0.00s
[408.008s][info][gc,start       ] GC(779) Pause Young (Allocation Failure)
[408.014s][info][gc,heap        ] GC(779) PSYoungGen: 259166K(259584K)->3199K(250880K) Eden: 257024K(257024K)->0K(247296K) From: 2142K(2560K)->3199K(3584K)
[408.014s][info][gc,heap        ] GC(779) ParOldGen: 279029K(345088K)->279045K(345088K)
[408.014s][info][gc,metaspace   ] GC(779) Metaspace: 57471K(57792K)->57471K(57792K) NonClass: 51847K(52096K)->51847K(52096K) Class: 5624K(5696K)->5624K(5696K)
[408.014s][info][gc             ] GC(779) Pause Young (Allocation Failure) 525M->275M(582M) 6.396ms
[408.014s][info][gc,cpu         ] GC(779) User=0.01s Sys=0.01s Real=0.00s
[408.599s][info][gc,start       ] GC(780) Pause Young (Allocation Failure)
[408.604s][info][gc,heap        ] GC(780) PSYoungGen: 250495K(250880K)->2526K(240640K) Eden: 247296K(247296K)->0K(238080K) From: 3199K(3584K)->2526K(2560K)
[408.604s][info][gc,heap        ] GC(780) ParOldGen: 279045K(345088K)->279061K(345088K)
[408.604s][info][gc,metaspace   ] GC(780) Metaspace: 57471K(57792K)->57471K(57792K) NonClass: 51847K(52096K)->51847K(52096K) Class: 5624K(5696K)->5624K(5696K)
[408.604s][info][gc             ] GC(780) Pause Young (Allocation Failure) 517M->274M(572M) 4.592ms
[408.604s][info][gc,cpu         ] GC(780) User=0.00s Sys=0.01s Real=0.00s
[409.187s][info][gc,start       ] GC(781) Pause Young (Allocation Failure)
[409.190s][info][gc,heap        ] GC(781) PSYoungGen: 240606K(240640K)->1022K(229888K) Eden: 238080K(238080K)->0K(228864K) From: 2526K(2560K)->1022K(1024K)
[409.190s][info][gc,heap        ] GC(781) ParOldGen: 279061K(345088K)->279077K(345088K)
[409.190s][info][gc,metaspace   ] GC(781) Metaspace: 57471K(57792K)->57471K(57792K) NonClass: 51847K(52096K)->51847K(52096K) Class: 5624K(5696K)->5624K(5696K)
[409.190s][info][gc             ] GC(781) Pause Young (Allocation Failure) 507M->273M(561M) 2.684ms
[409.190s][info][gc,cpu         ] GC(781) User=0.00s Sys=0.00s Real=0.00s
[409.703s][info][gc,start       ] GC(782) Pause Young (Allocation Failure)
[409.707s][info][gc,heap        ] GC(782) PSYoungGen: 229886K(229888K)->2175K(222720K) Eden: 228864K(228864K)->0K(220160K) From: 1022K(1024K)->2175K(2560K)
[409.707s][info][gc,heap        ] GC(782) ParOldGen: 279077K(345088K)->279093K(345088K)
[409.707s][info][gc,metaspace   ] GC(782) Metaspace: 57471K(57792K)->57471K(57792K) NonClass: 51847K(52096K)->51847K(52096K) Class: 5624K(5696K)->5624K(5696K)
[409.707s][info][gc             ] GC(782) Pause Young (Allocation Failure) 497M->274M(554M) 3.792ms
[409.707s][info][gc,cpu         ] GC(782) User=0.00s Sys=0.00s Real=0.01s
[410.216s][info][gc,start       ] GC(783) Pause Young (Allocation Failure)
[410.226s][info][gc,heap        ] GC(783) PSYoungGen: 222210K(222720K)->2976K(265216K) Eden: 220035K(220160K)->0K(262144K) From: 2175K(2560K)->2976K(3072K)
[410.226s][info][gc,heap        ] GC(783) ParOldGen: 279093K(345088K)->279109K(345088K)
[410.226s][info][gc,metaspace   ] GC(783) Metaspace: 57471K(57792K)->57471K(57792K) NonClass: 51847K(52096K)->51847K(52096K) Class: 5624K(5696K)->5624K(5696K)
[410.226s][info][gc             ] GC(783) Pause Young (Allocation Failure) 489M->275M(596M) 9.696ms
[410.226s][info][gc,cpu         ] GC(783) User=0.01s Sys=0.00s Real=0.01s
[410.826s][info][gc,start       ] GC(784) Pause Young (Allocation Failure)
[410.830s][info][gc,heap        ] GC(784) PSYoungGen: 264861K(265216K)->1216K(253440K) Eden: 261885K(262144K)->0K(251904K) From: 2976K(3072K)->1216K(1536K)
[410.830s][info][gc,heap        ] GC(784) ParOldGen: 279109K(345088K)->279125K(345088K)
[410.830s][info][gc,metaspace   ] GC(784) Metaspace: 57474K(57792K)->57474K(57792K) NonClass: 51850K(52096K)->51850K(52096K) Class: 5624K(5696K)->5624K(5696K)
[410.830s][info][gc             ] GC(784) Pause Young (Allocation Failure) 531M->273M(584M) 3.279ms
[410.830s][info][gc,cpu         ] GC(784) User=0.01s Sys=0.00s Real=0.00s
[411.436s][info][gc,start       ] GC(785) Pause Young (Allocation Failure)
[411.440s][info][gc,heap        ] GC(785) PSYoungGen: 252917K(253440K)->1984K(244224K) Eden: 251701K(251904K)->0K(242176K) From: 1216K(1536K)->1984K(2048K)
[411.440s][info][gc,heap        ] GC(785) ParOldGen: 279125K(345088K)->279141K(345088K)
[411.440s][info][gc,metaspace   ] GC(785) Metaspace: 57474K(57792K)->57474K(57792K) NonClass: 51850K(52096K)->51850K(52096K) Class: 5624K(5696K)->5624K(5696K)
[411.440s][info][gc             ] GC(785) Pause Young (Allocation Failure) 519M->274M(575M) 4.708ms
[411.440s][info][gc,cpu         ] GC(785) User=0.01s Sys=0.00s Real=0.01s
[412.006s][info][gc,start       ] GC(786) Pause Young (Allocation Failure)
[412.011s][info][gc,heap        ] GC(786) PSYoungGen: 244160K(244224K)->2784K(236032K) Eden: 242176K(242176K)->0K(232960K) From: 1984K(2048K)->2784K(3072K)
[412.011s][info][gc,heap        ] GC(786) ParOldGen: 279141K(345088K)->279157K(345088K)
[412.011s][info][gc,metaspace   ] GC(786) Metaspace: 57474K(57792K)->57474K(57792K) NonClass: 51850K(52096K)->51850K(52096K) Class: 5624K(5696K)->5624K(5696K)
[412.011s][info][gc             ] GC(786) Pause Young (Allocation Failure) 511M->275M(567M) 4.925ms
[412.011s][info][gc,cpu         ] GC(786) User=0.01s Sys=0.00s Real=0.01s
[412.589s][info][gc,start       ] GC(787) Pause Young (Allocation Failure)
[412.592s][info][gc,heap        ] GC(787) PSYoungGen: 235744K(236032K)->800K(225280K) Eden: 232960K(232960K)->0K(224256K) From: 2784K(3072K)->800K(1024K)
[412.592s][info][gc,heap        ] GC(787) ParOldGen: 279157K(345088K)->279173K(345088K)
[412.592s][info][gc,metaspace   ] GC(787) Metaspace: 57474K(57792K)->57474K(57792K) NonClass: 51850K(52096K)->51850K(52096K) Class: 5624K(5696K)->5624K(5696K)
[412.592s][info][gc             ] GC(787) Pause Young (Allocation Failure) 502M->273M(557M) 2.804ms
[412.592s][info][gc,cpu         ] GC(787) User=0.00s Sys=0.00s Real=0.00s
[413.105s][info][gc,start       ] GC(788) Pause Young (Allocation Failure)
[413.110s][info][gc,heap        ] GC(788) PSYoungGen: 225056K(225280K)->3102K(219648K) Eden: 224256K(224256K)->0K(216064K) From: 800K(1024K)->3102K(3584K)
[413.110s][info][gc,heap        ] GC(788) ParOldGen: 279173K(345088K)->279189K(345088K)
[413.110s][info][gc,metaspace   ] GC(788) Metaspace: 57474K(57792K)->57474K(57792K) NonClass: 51850K(52096K)->51850K(52096K) Class: 5624K(5696K)->5624K(5696K)
[413.110s][info][gc             ] GC(788) Pause Young (Allocation Failure) 492M->275M(551M) 5.010ms
[413.110s][info][gc,cpu         ] GC(788) User=0.01s Sys=0.00s Real=0.01s
[413.604s][info][gc,start       ] GC(789) Pause Young (Allocation Failure)
[413.610s][info][gc,heap        ] GC(789) PSYoungGen: 219166K(219648K)->2846K(210944K) Eden: 216064K(216064K)->0K(207872K) From: 3102K(3584K)->2846K(3072K)
[413.610s][info][gc,heap        ] GC(789) ParOldGen: 279189K(345088K)->279205K(345088K)
[413.610s][info][gc,metaspace   ] GC(789) Metaspace: 57474K(57792K)->57474K(57792K) NonClass: 51850K(52096K)->51850K(52096K) Class: 5624K(5696K)->5624K(5696K)
[413.610s][info][gc             ] GC(789) Pause Young (Allocation Failure) 486M->275M(543M) 5.542ms
[413.610s][info][gc,cpu         ] GC(789) User=0.00s Sys=0.01s Real=0.01s
[414.106s][info][gc,start       ] GC(790) Pause Young (Allocation Failure)
[414.110s][info][gc,heap        ] GC(790) PSYoungGen: 210718K(210944K)->2463K(202752K) Eden: 207872K(207872K)->0K(200192K) From: 2846K(3072K)->2463K(2560K)
[414.110s][info][gc,heap        ] GC(790) ParOldGen: 279205K(345088K)->279221K(345088K)
[414.110s][info][gc,metaspace   ] GC(790) Metaspace: 57474K(57792K)->57474K(57792K) NonClass: 51850K(52096K)->51850K(52096K) Class: 5624K(5696K)->5624K(5696K)
[414.110s][info][gc             ] GC(790) Pause Young (Allocation Failure) 478M->275M(535M) 4.803ms
[414.110s][info][gc,cpu         ] GC(790) User=0.01s Sys=0.00s Real=0.01s
[414.593s][info][gc,start       ] GC(791) Pause Young (Allocation Failure)
[414.596s][info][gc,heap        ] GC(791) PSYoungGen: 202655K(202752K)->1055K(194560K) Eden: 200192K(200192K)->0K(193024K) From: 2463K(2560K)->1055K(1536K)
[414.596s][info][gc,heap        ] GC(791) ParOldGen: 279221K(345088K)->279237K(345088K)
[414.596s][info][gc,metaspace   ] GC(791) Metaspace: 57474K(57792K)->57474K(57792K) NonClass: 51850K(52096K)->51850K(52096K) Class: 5624K(5696K)->5624K(5696K)
[414.596s][info][gc             ] GC(791) Pause Young (Allocation Failure) 470M->273M(527M) 3.179ms
[414.596s][info][gc,cpu         ] GC(791) User=0.00s Sys=0.00s Real=0.00s
[415.012s][info][gc,start       ] GC(792) Pause Young (Allocation Failure)
[415.017s][info][gc,heap        ] GC(792) PSYoungGen: 194079K(194560K)->3135K(189952K) Eden: 193024K(193024K)->0K(186368K) From: 1055K(1536K)->3135K(3584K)
[415.017s][info][gc,heap        ] GC(792) ParOldGen: 279237K(345088K)->279253K(345088K)
[415.017s][info][gc,metaspace   ] GC(792) Metaspace: 57474K(57792K)->57474K(57792K) NonClass: 51850K(52096K)->51850K(52096K) Class: 5624K(5696K)->5624K(5696K)
[415.017s][info][gc             ] GC(792) Pause Young (Allocation Failure) 462M->275M(522M) 5.236ms
[415.017s][info][gc,cpu         ] GC(792) User=0.01s Sys=0.00s Real=0.01s
[415.492s][info][gc,start       ] GC(793) Pause Young (Allocation Failure)
[415.494s][info][gc,heap        ] GC(793) PSYoungGen: 189503K(189952K)->1214K(181248K) Eden: 186368K(186368K)->0K(179712K) From: 3135K(3584K)->1214K(1536K)
[415.494s][info][gc,heap        ] GC(793) ParOldGen: 279253K(345088K)->279269K(345088K)
[415.494s][info][gc,metaspace   ] GC(793) Metaspace: 57474K(57792K)->57474K(57792K) NonClass: 51850K(52096K)->51850K(52096K) Class: 5624K(5696K)->5624K(5696K)
[415.494s][info][gc             ] GC(793) Pause Young (Allocation Failure) 457M->273M(514M) 2.920ms
[415.495s][info][gc,cpu         ] GC(793) User=0.01s Sys=0.00s Real=0.00s
[415.902s][info][gc,start       ] GC(794) Pause Young (Allocation Failure)
[415.906s][info][gc,heap        ] GC(794) PSYoungGen: 180926K(181248K)->1823K(175616K) Eden: 179712K(179712K)->0K(173568K) From: 1214K(1536K)->1823K(2048K)
[415.906s][info][gc,heap        ] GC(794) ParOldGen: 279269K(345088K)->279285K(345088K)
[415.906s][info][gc,metaspace   ] GC(794) Metaspace: 57474K(57792K)->57474K(57792K) NonClass: 51850K(52096K)->51850K(52096K) Class: 5624K(5696K)->5624K(5696K)
[415.906s][info][gc             ] GC(794) Pause Young (Allocation Failure) 449M->274M(508M) 3.892ms
[415.906s][info][gc,cpu         ] GC(794) User=0.01s Sys=0.00s Real=0.00s
[416.312s][info][gc,start       ] GC(795) Pause Young (Allocation Failure)
[416.316s][info][gc,heap        ] GC(795) PSYoungGen: 175391K(175616K)->2494K(169984K) Eden: 173568K(173568K)->0K(167424K) From: 1823K(2048K)->2494K(2560K)
[416.316s][info][gc,heap        ] GC(795) ParOldGen: 279285K(345088K)->279301K(345088K)
[416.316s][info][gc,metaspace   ] GC(795) Metaspace: 57474K(57792K)->57474K(57792K) NonClass: 51850K(52096K)->51850K(52096K) Class: 5624K(5696K)->5624K(5696K)
[416.316s][info][gc             ] GC(795) Pause Young (Allocation Failure) 444M->275M(503M) 3.878ms
[416.316s][info][gc,cpu         ] GC(795) User=0.01s Sys=0.00s Real=0.00s
[416.709s][info][gc,start       ] GC(796) Pause Young (Allocation Failure)
[416.715s][info][gc,heap        ] GC(796) PSYoungGen: 169918K(169984K)->2559K(164352K) Eden: 167424K(167424K)->0K(161792K) From: 2494K(2560K)->2559K(2560K)
[416.715s][info][gc,heap        ] GC(796) ParOldGen: 279301K(345088K)->279317K(345088K)
[416.715s][info][gc,metaspace   ] GC(796) Metaspace: 57474K(57792K)->57474K(57792K) NonClass: 51850K(52096K)->51850K(52096K) Class: 5624K(5696K)->5624K(5696K)
[416.715s][info][gc             ] GC(796) Pause Young (Allocation Failure) 438M->275M(497M) 5.171ms
[416.715s][info][gc,cpu         ] GC(796) User=0.01s Sys=0.00s Real=0.00s
[417.101s][info][gc,start       ] GC(797) Pause Young (Allocation Failure)
[417.105s][info][gc,heap        ] GC(797) PSYoungGen: 164351K(164352K)->2271K(158720K) Eden: 161792K(161792K)->0K(156160K) From: 2559K(2560K)->2271K(2560K)
[417.105s][info][gc,heap        ] GC(797) ParOldGen: 279317K(345088K)->279333K(345088K)
[417.105s][info][gc,metaspace   ] GC(797) Metaspace: 57474K(57792K)->57474K(57792K) NonClass: 51850K(52096K)->51850K(52096K) Class: 5624K(5696K)->5624K(5696K)
[417.105s][info][gc             ] GC(797) Pause Young (Allocation Failure) 433M->275M(492M) 4.034ms
[417.105s][info][gc,cpu         ] GC(797) User=0.01s Sys=0.00s Real=0.00s
[417.436s][info][gc,start       ] GC(798) Pause Young (Allocation Failure)
[417.445s][info][gc,heap        ] GC(798) PSYoungGen: 158431K(158720K)->243K(186880K) Eden: 156160K(156160K)->0K(186368K) From: 2271K(2560K)->243K(512K)
[417.445s][info][gc,heap        ] GC(798) ParOldGen: 279333K(345088K)->279349K(345088K)
[417.445s][info][gc,metaspace   ] GC(798) Metaspace: 57474K(57792K)->57474K(57792K) NonClass: 51850K(52096K)->51850K(52096K) Class: 5624K(5696K)->5624K(5696K)
[417.445s][info][gc             ] GC(798) Pause Young (Allocation Failure) 427M->273M(519M) 8.814ms
[417.445s][info][gc,cpu         ] GC(798) User=0.01s Sys=0.00s Real=0.00s
[418.003s][info][gc,start       ] GC(799) Pause Young (Allocation Failure)
[418.011s][info][gc,heap        ] GC(799) PSYoungGen: 186611K(186880K)->2175K(226816K) Eden: 186368K(186368K)->0K(222720K) From: 243K(512K)->2175K(4096K)
[418.011s][info][gc,heap        ] GC(799) ParOldGen: 279349K(345088K)->279365K(345088K)
[418.011s][info][gc,metaspace   ] GC(799) Metaspace: 57474K(57792K)->57474K(57792K) NonClass: 51850K(52096K)->51850K(52096K) Class: 5624K(5696K)->5624K(5696K)
[418.011s][info][gc             ] GC(799) Pause Young (Allocation Failure) 455M->274M(558M) 8.291ms
[418.011s][info][gc,cpu         ] GC(799) User=0.01s Sys=0.00s Real=0.01s
[418.512s][info][gc,start       ] GC(800) Pause Young (Allocation Failure)
[418.517s][info][gc,heap        ] GC(800) PSYoungGen: 224895K(226816K)->2975K(268800K) Eden: 222720K(222720K)->0K(265728K) From: 2175K(4096K)->2975K(3072K)
[418.518s][info][gc,heap        ] GC(800) ParOldGen: 279365K(345088K)->279381K(345088K)
[418.518s][info][gc,metaspace   ] GC(800) Metaspace: 57474K(57792K)->57474K(57792K) NonClass: 51850K(52096K)->51850K(52096K) Class: 5624K(5696K)->5624K(5696K)
[418.518s][info][gc             ] GC(800) Pause Young (Allocation Failure) 492M->275M(599M) 5.145ms
[418.518s][info][gc,cpu         ] GC(800) User=0.01s Sys=0.00s Real=0.01s
[419.132s][info][gc,start       ] GC(801) Pause Young (Allocation Failure)
[419.134s][info][gc,heap        ] GC(801) PSYoungGen: 268703K(268800K)->1087K(288768K) Eden: 265728K(265728K)->0K(284672K) From: 2975K(3072K)->1087K(4096K)
[419.134s][info][gc,heap        ] GC(801) ParOldGen: 279381K(345088K)->279397K(345088K)
[419.134s][info][gc,metaspace   ] GC(801) Metaspace: 57474K(57792K)->57474K(57792K) NonClass: 51850K(52096K)->51850K(52096K) Class: 5624K(5696K)->5624K(5696K)
[419.134s][info][gc             ] GC(801) Pause Young (Allocation Failure) 535M->273M(619M) 2.548ms
[419.134s][info][gc,cpu         ] GC(801) User=0.00s Sys=0.00s Real=0.00s
[419.822s][info][gc,start       ] GC(802) Pause Young (Allocation Failure)
[419.828s][info][gc,heap        ] GC(802) PSYoungGen: 285759K(288768K)->2272K(320512K) Eden: 284672K(284672K)->0K(316416K) From: 1087K(4096K)->2272K(4096K)
[419.828s][info][gc,heap        ] GC(802) ParOldGen: 279397K(345088K)->279413K(345088K)
[419.828s][info][gc,metaspace   ] GC(802) Metaspace: 57474K(57792K)->57474K(57792K) NonClass: 51850K(52096K)->51850K(52096K) Class: 5624K(5696K)->5624K(5696K)
[419.828s][info][gc             ] GC(802) Pause Young (Allocation Failure) 551M->275M(650M) 5.161ms
[419.828s][info][gc,cpu         ] GC(802) User=0.01s Sys=0.00s Real=0.01s
[420.604s][info][gc,start       ] GC(803) Pause Young (Allocation Failure)
[420.607s][info][gc,heap        ] GC(803) PSYoungGen: 318688K(320512K)->1566K(305664K) Eden: 316416K(316416K)->0K(303616K) From: 2272K(4096K)->1566K(2048K)
[420.607s][info][gc,heap        ] GC(803) ParOldGen: 279413K(345088K)->279429K(345088K)
[420.607s][info][gc,metaspace   ] GC(803) Metaspace: 57474K(57792K)->57474K(57792K) NonClass: 51850K(52096K)->51850K(52096K) Class: 5624K(5696K)->5624K(5696K)
[420.607s][info][gc             ] GC(803) Pause Young (Allocation Failure) 584M->274M(635M) 3.435ms
[420.607s][info][gc,cpu         ] GC(803) User=0.01s Sys=0.00s Real=0.01s
[421.311s][info][gc,start       ] GC(804) Pause Young (Allocation Failure)
[421.316s][info][gc,heap        ] GC(804) PSYoungGen: 305182K(305664K)->2334K(293888K) Eden: 303616K(303616K)->0K(291328K) From: 1566K(2048K)->2334K(2560K)
[421.316s][info][gc,heap        ] GC(804) ParOldGen: 279429K(345088K)->279453K(345088K)
[421.316s][info][gc,metaspace   ] GC(804) Metaspace: 57474K(57792K)->57474K(57792K) NonClass: 51850K(52096K)->51850K(52096K) Class: 5624K(5696K)->5624K(5696K)
[421.316s][info][gc             ] GC(804) Pause Young (Allocation Failure) 570M->275M(624M) 4.385ms
[421.316s][info][gc,cpu         ] GC(804) User=0.01s Sys=0.00s Real=0.00s
[422.001s][info][gc,start       ] GC(805) Pause Young (Allocation Failure)
[422.005s][info][gc,heap        ] GC(805) PSYoungGen: 293662K(293888K)->2527K(282112K) Eden: 291328K(291328K)->0K(279552K) From: 2334K(2560K)->2527K(2560K)
[422.005s][info][gc,heap        ] GC(805) ParOldGen: 279453K(345088K)->279469K(345088K)
[422.005s][info][gc,metaspace   ] GC(805) Metaspace: 57474K(57792K)->57474K(57792K) NonClass: 51850K(52096K)->51850K(52096K) Class: 5624K(5696K)->5624K(5696K)
[422.005s][info][gc             ] GC(805) Pause Young (Allocation Failure) 559M->275M(612M) 4.497ms
[422.005s][info][gc,cpu         ] GC(805) User=0.01s Sys=0.00s Real=0.00s
[422.638s][info][gc,start       ] GC(806) Pause Young (Allocation Failure)
[422.640s][info][gc,heap        ] GC(806) PSYoungGen: 282079K(282112K)->373K(269312K) Eden: 279552K(279552K)->0K(268800K) From: 2527K(2560K)->373K(512K)
[422.640s][info][gc,heap        ] GC(806) ParOldGen: 279469K(345088K)->279485K(345088K)
[422.640s][info][gc,metaspace   ] GC(806) Metaspace: 57474K(57792K)->57474K(57792K) NonClass: 51850K(52096K)->51850K(52096K) Class: 5624K(5696K)->5624K(5696K)
[422.640s][info][gc             ] GC(806) Pause Young (Allocation Failure) 548M->273M(600M) 2.062ms
[422.640s][info][gc,cpu         ] GC(806) User=0.01s Sys=0.00s Real=0.00s
[423.305s][info][gc,start       ] GC(807) Pause Young (Allocation Failure)
[423.310s][info][gc,heap        ] GC(807) PSYoungGen: 269173K(269312K)->2399K(262656K) Eden: 268800K(268800K)->0K(258560K) From: 373K(512K)->2399K(4096K)
[423.310s][info][gc,heap        ] GC(807) ParOldGen: 279485K(345088K)->279509K(345088K)
[423.310s][info][gc,metaspace   ] GC(807) Metaspace: 57474K(57792K)->57474K(57792K) NonClass: 51850K(52096K)->51850K(52096K) Class: 5624K(5696K)->5624K(5696K)
[423.310s][info][gc             ] GC(807) Pause Young (Allocation Failure) 535M->275M(593M) 4.802ms
[423.310s][info][gc,cpu         ] GC(807) User=0.01s Sys=0.00s Real=0.01s
[423.916s][info][gc,start       ] GC(808) Pause Young (Allocation Failure)
[423.921s][info][gc,heap        ] GC(808) PSYoungGen: 260733K(262656K)->3072K(251392K) Eden: 258334K(258560K)->0K(248320K) From: 2399K(4096K)->3072K(3072K)
[423.921s][info][gc,heap        ] GC(808) ParOldGen: 279509K(345088K)->279525K(345088K)
[423.922s][info][gc,metaspace   ] GC(808) Metaspace: 57474K(57792K)->57474K(57792K) NonClass: 51850K(52096K)->51850K(52096K) Class: 5624K(5696K)->5624K(5696K)
[423.922s][info][gc             ] GC(808) Pause Young (Allocation Failure) 527M->275M(582M) 5.405ms
[423.922s][info][gc,cpu         ] GC(808) User=0.01s Sys=0.00s Real=0.01s
[424.509s][info][gc,start       ] GC(809) Pause Young (Allocation Failure)
[424.513s][info][gc,heap        ] GC(809) PSYoungGen: 251392K(251392K)->2751K(241664K) Eden: 248320K(248320K)->0K(238592K) From: 3072K(3072K)->2751K(3072K)
[424.513s][info][gc,heap        ] GC(809) ParOldGen: 279525K(345088K)->279541K(345088K)
[424.513s][info][gc,metaspace   ] GC(809) Metaspace: 57474K(57792K)->57474K(57792K) NonClass: 51850K(52096K)->51850K(52096K) Class: 5624K(5696K)->5624K(5696K)
[424.513s][info][gc             ] GC(809) Pause Young (Allocation Failure) 518M->275M(573M) 4.811ms
[424.513s][info][gc,cpu         ] GC(809) User=0.01s Sys=0.00s Real=0.00s
[425.089s][info][gc,start       ] GC(810) Pause Young (Allocation Failure)
[425.091s][info][gc,heap        ] GC(810) PSYoungGen: 241343K(241664K)->703K(230400K) Eden: 238592K(238592K)->0K(229376K) From: 2751K(3072K)->703K(1024K)
[425.091s][info][gc,heap        ] GC(810) ParOldGen: 279541K(345088K)->279557K(345088K)
[425.091s][info][gc,metaspace   ] GC(810) Metaspace: 57474K(57792K)->57474K(57792K) NonClass: 51850K(52096K)->51850K(52096K) Class: 5624K(5696K)->5624K(5696K)
[425.091s][info][gc             ] GC(810) Pause Young (Allocation Failure) 508M->273M(562M) 2.193ms
[425.091s][info][gc,cpu         ] GC(810) User=0.00s Sys=0.00s Real=0.00s
[425.608s][info][gc,start       ] GC(811) Pause Young (Allocation Failure)
[425.618s][info][gc,heap        ] GC(811) PSYoungGen: 230079K(230400K)->4592K(225280K) Eden: 229376K(229376K)->0K(220672K) From: 703K(1024K)->4592K(4608K)
[425.618s][info][gc,heap        ] GC(811) ParOldGen: 279557K(345088K)->284371K(345088K)
[425.618s][info][gc,metaspace   ] GC(811) Metaspace: 57474K(57792K)->57474K(57792K) NonClass: 51850K(52096K)->51850K(52096K) Class: 5624K(5696K)->5624K(5696K)
[425.618s][info][gc             ] GC(811) Pause Young (Allocation Failure) 497M->282M(557M) 10.176ms
[425.618s][info][gc,cpu         ] GC(811) User=0.02s Sys=0.00s Real=0.01s
[426.119s][info][gc,start       ] GC(812) Pause Young (Allocation Failure)
[426.127s][info][gc,heap        ] GC(812) PSYoungGen: 225038K(225280K)->3328K(266752K) Eden: 220446K(220672K)->0K(263168K) From: 4592K(4608K)->3328K(3584K)
[426.127s][info][gc,heap        ] GC(812) ParOldGen: 284371K(345088K)->288964K(345088K)
[426.127s][info][gc,metaspace   ] GC(812) Metaspace: 57474K(57792K)->57474K(57792K) NonClass: 51850K(52096K)->51850K(52096K) Class: 5624K(5696K)->5624K(5696K)
[426.127s][info][gc             ] GC(812) Pause Young (Allocation Failure) 497M->285M(597M) 8.401ms
[426.127s][info][gc,cpu         ] GC(812) User=0.01s Sys=0.00s Real=0.01s
[426.734s][info][gc,start       ] GC(813) Pause Young (Allocation Failure)
[426.737s][info][gc,heap        ] GC(813) PSYoungGen: 266205K(266752K)->1056K(254464K) Eden: 262877K(263168K)->0K(252928K) From: 3328K(3584K)->1056K(1536K)
[426.737s][info][gc,heap        ] GC(813) ParOldGen: 288964K(345088K)->289260K(345088K)
[426.737s][info][gc,metaspace   ] GC(813) Metaspace: 57474K(57792K)->57474K(57792K) NonClass: 51850K(52096K)->51850K(52096K) Class: 5624K(5696K)->5624K(5696K)
[426.737s][info][gc             ] GC(813) Pause Young (Allocation Failure) 542M->283M(585M) 3.315ms
[426.737s][info][gc,cpu         ] GC(813) User=0.01s Sys=0.00s Real=0.01s
[427.331s][info][gc,start       ] GC(814) Pause Young (Allocation Failure)
[427.334s][info][gc,heap        ] GC(814) PSYoungGen: 253984K(254464K)->1406K(244736K) Eden: 252928K(252928K)->0K(243200K) From: 1056K(1536K)->1406K(1536K)
[427.334s][info][gc,heap        ] GC(814) ParOldGen: 289260K(345088K)->289276K(345088K)
[427.334s][info][gc,metaspace   ] GC(814) Metaspace: 57474K(57792K)->57474K(57792K) NonClass: 51850K(52096K)->51850K(52096K) Class: 5624K(5696K)->5624K(5696K)
[427.334s][info][gc             ] GC(814) Pause Young (Allocation Failure) 530M->283M(576M) 2.944ms
[427.334s][info][gc,cpu         ] GC(814) User=0.00s Sys=0.00s Real=0.00s
[427.913s][info][gc,start       ] GC(815) Pause Young (Allocation Failure)
[427.918s][info][gc,heap        ] GC(815) PSYoungGen: 244606K(244736K)->2464K(236544K) Eden: 243200K(243200K)->0K(233984K) From: 1406K(1536K)->2464K(2560K)
[427.918s][info][gc,heap        ] GC(815) ParOldGen: 289276K(345088K)->289292K(345088K)
[427.918s][info][gc,metaspace   ] GC(815) Metaspace: 57474K(57792K)->57474K(57792K) NonClass: 51850K(52096K)->51850K(52096K) Class: 5624K(5696K)->5624K(5696K)
[427.918s][info][gc             ] GC(815) Pause Young (Allocation Failure) 521M->284M(568M) 4.489ms
[427.918s][info][gc,cpu         ] GC(815) User=0.01s Sys=0.00s Real=0.01s
[428.499s][info][gc,start       ] GC(816) Pause Young (Allocation Failure)
[428.503s][info][gc,heap        ] GC(816) PSYoungGen: 236448K(236544K)->1248K(226816K) Eden: 233984K(233984K)->0K(225280K) From: 2464K(2560K)->1248K(1536K)
[428.503s][info][gc,heap        ] GC(816) ParOldGen: 289292K(345088K)->289308K(345088K)
[428.503s][info][gc,metaspace   ] GC(816) Metaspace: 57474K(57792K)->57474K(57792K) NonClass: 51850K(52096K)->51850K(52096K) Class: 5624K(5696K)->5624K(5696K)
[428.503s][info][gc             ] GC(816) Pause Young (Allocation Failure) 513M->283M(558M) 3.320ms
[428.503s][info][gc,cpu         ] GC(816) User=0.01s Sys=0.00s Real=0.00s
[429.013s][info][gc,start       ] GC(817) Pause Young (Allocation Failure)
[429.017s][info][gc,heap        ] GC(817) PSYoungGen: 226528K(226816K)->2015K(219136K) Eden: 225280K(225280K)->0K(217088K) From: 1248K(1536K)->2015K(2048K)
[429.017s][info][gc,heap        ] GC(817) ParOldGen: 289308K(345088K)->289324K(345088K)
[429.017s][info][gc,metaspace   ] GC(817) Metaspace: 57474K(57792K)->57474K(57792K) NonClass: 51850K(52096K)->51850K(52096K) Class: 5624K(5696K)->5624K(5696K)
[429.017s][info][gc             ] GC(817) Pause Young (Allocation Failure) 503M->284M(551M) 3.585ms
[429.017s][info][gc,cpu         ] GC(817) User=0.00s Sys=0.00s Real=0.01s
[429.640s][info][gc,start       ] GC(818) Pause Young (Allocation Failure)
[429.649s][info][gc,heap        ] GC(818) PSYoungGen: 219103K(219136K)->2016K(210944K) Eden: 217088K(217088K)->0K(208896K) From: 2015K(2048K)->2016K(2048K)
[429.649s][info][gc,heap        ] GC(818) ParOldGen: 289324K(345088K)->289340K(345088K)
[429.649s][info][gc,metaspace   ] GC(818) Metaspace: 57474K(57792K)->57474K(57792K) NonClass: 51850K(52096K)->51850K(52096K) Class: 5624K(5696K)->5624K(5696K)
[429.649s][info][gc             ] GC(818) Pause Young (Allocation Failure) 496M->284M(543M) 9.046ms
[429.649s][info][gc,cpu         ] GC(818) User=0.01s Sys=0.00s Real=0.01s
[430.115s][info][gc,start       ] GC(819) Pause Young (Allocation Failure)
[430.120s][info][gc,heap        ] GC(819) PSYoungGen: 210630K(210944K)->2880K(204288K) Eden: 208614K(208896K)->0K(201216K) From: 2016K(2048K)->2880K(3072K)
[430.120s][info][gc,heap        ] GC(819) ParOldGen: 289340K(345088K)->289356K(345088K)
[430.120s][info][gc,metaspace   ] GC(819) Metaspace: 57474K(57792K)->57474K(57792K) NonClass: 51850K(52096K)->51850K(52096K) Class: 5624K(5696K)->5624K(5696K)
[430.120s][info][gc             ] GC(819) Pause Young (Allocation Failure) 488M->285M(536M) 5.017ms
[430.120s][info][gc,cpu         ] GC(819) User=0.01s Sys=0.00s Real=0.01s
[430.607s][info][gc,start       ] GC(820) Pause Young (Allocation Failure)
[430.612s][info][gc,heap        ] GC(820) PSYoungGen: 204096K(204288K)->2528K(196608K) Eden: 201216K(201216K)->0K(194048K) From: 2880K(3072K)->2528K(2560K)
[430.612s][info][gc,heap        ] GC(820) ParOldGen: 289356K(345088K)->289372K(345088K)
[430.612s][info][gc,metaspace   ] GC(820) Metaspace: 57474K(57792K)->57474K(57792K) NonClass: 51850K(52096K)->51850K(52096K) Class: 5624K(5696K)->5624K(5696K)
[430.612s][info][gc             ] GC(820) Pause Young (Allocation Failure) 481M->285M(529M) 4.742ms
[430.612s][info][gc,cpu         ] GC(820) User=0.01s Sys=0.00s Real=0.00s
[432.201s][info][gc,start       ] GC(821) Pause Young (Allocation Failure)
[432.212s][info][gc,heap        ] GC(821) PSYoungGen: 193176K(196608K)->64K(187392K) Eden: 190648K(194048K)->0K(186880K) From: 2528K(2560K)->64K(512K)
[432.212s][info][gc,heap        ] GC(821) ParOldGen: 289372K(345088K)->328450K(345088K)
[432.212s][info][gc,metaspace   ] GC(821) Metaspace: 57478K(57792K)->57478K(57792K) NonClass: 51854K(52096K)->51854K(52096K) Class: 5624K(5696K)->5624K(5696K)
[432.212s][info][gc             ] GC(821) Pause Young (Allocation Failure) 471M->320M(520M) 10.855ms
[432.212s][info][gc,cpu         ] GC(821) User=0.02s Sys=0.00s Real=0.01s
[433.765s][info][gc,start       ] GC(822) Pause Young (Allocation Failure)
[433.795s][info][gc,heap        ] GC(822) PSYoungGen: 186944K(187392K)->5114K(227840K) Eden: 186880K(186880K)->0K(222720K) From: 64K(512K)->5114K(5120K)
[433.795s][info][gc,heap        ] GC(822) ParOldGen: 328450K(345088K)->386520K(386560K)
[433.795s][info][gc,metaspace   ] GC(822) Metaspace: 57593K(57920K)->57593K(57920K) NonClass: 51968K(52224K)->51968K(52224K) Class: 5624K(5696K)->5624K(5696K)
[433.795s][info][gc             ] GC(822) Pause Young (Allocation Failure) 503M->382M(600M) 30.500ms
[433.795s][info][gc,cpu         ] GC(822) User=0.03s Sys=0.03s Real=0.03s
[434.207s][info][gc,start       ] GC(823) Pause Young (Allocation Failure)
[434.216s][info][gc,heap        ] GC(823) PSYoungGen: 227834K(227840K)->2783K(256000K) Eden: 222720K(222720K)->0K(228352K) From: 5114K(5120K)->2783K(27648K)
[434.216s][info][gc,heap        ] GC(823) ParOldGen: 386520K(386560K)->391642K(391680K)
[434.216s][info][gc,metaspace   ] GC(823) Metaspace: 57593K(57920K)->57593K(57920K) NonClass: 51968K(52224K)->51968K(52224K) Class: 5624K(5696K)->5624K(5696K)
[434.216s][info][gc             ] GC(823) Pause Young (Allocation Failure) 599M->385M(632M) 9.541ms
[434.216s][info][gc,cpu         ] GC(823) User=0.01s Sys=0.00s Real=0.01s
[434.786s][info][gc,start       ] GC(824) Pause Young (Allocation Failure)
[434.788s][info][gc,heap        ] GC(824) PSYoungGen: 231135K(256000K)->397K(292864K) Eden: 228352K(228352K)->0K(266240K) From: 2783K(27648K)->397K(26624K)
[434.788s][info][gc,heap        ] GC(824) ParOldGen: 391642K(391680K)->391874K(392192K)
[434.788s][info][gc,metaspace   ] GC(824) Metaspace: 57593K(57920K)->57593K(57920K) NonClass: 51968K(52224K)->51968K(52224K) Class: 5624K(5696K)->5624K(5696K)
[434.788s][info][gc             ] GC(824) Pause Young (Allocation Failure) 608M->383M(669M) 2.519ms
[434.788s][info][gc,cpu         ] GC(824) User=0.00s Sys=0.00s Real=0.01s
[435.402s][info][gc,start       ] GC(825) Pause Young (Allocation Failure)
[435.405s][info][gc,heap        ] GC(825) PSYoungGen: 266637K(292864K)->1663K(292352K) Eden: 266240K(266240K)->0K(266240K) From: 397K(26624K)->1663K(26112K)
[435.405s][info][gc,heap        ] GC(825) ParOldGen: 391874K(392192K)->391890K(392192K)
[435.405s][info][gc,metaspace   ] GC(825) Metaspace: 57595K(57920K)->57595K(57920K) NonClass: 51970K(52224K)->51970K(52224K) Class: 5624K(5696K)->5624K(5696K)
[435.405s][info][gc             ] GC(825) Pause Young (Allocation Failure) 643M->384M(668M) 3.211ms
[435.405s][info][gc,cpu         ] GC(825) User=0.01s Sys=0.00s Real=0.00s
[436.013s][info][gc,start       ] GC(826) Pause Young (Allocation Failure)
[436.018s][info][gc,heap        ] GC(826) PSYoungGen: 267757K(292352K)->2688K(306688K) Eden: 266094K(266240K)->0K(282112K) From: 1663K(26112K)->2688K(24576K)
[436.019s][info][gc,heap        ] GC(826) ParOldGen: 391890K(392192K)->391906K(392192K)
[436.019s][info][gc,metaspace   ] GC(826) Metaspace: 57595K(57920K)->57595K(57920K) NonClass: 51970K(52224K)->51970K(52224K) Class: 5624K(5696K)->5624K(5696K)
[436.019s][info][gc             ] GC(826) Pause Young (Allocation Failure) 644M->385M(682M) 5.934ms
[436.019s][info][gc,cpu         ] GC(826) User=0.01s Sys=0.00s Real=0.01s
[436.703s][info][gc,start       ] GC(827) Pause Young (Allocation Failure)
[436.708s][info][gc,heap        ] GC(827) PSYoungGen: 284800K(306688K)->2814K(273920K) Eden: 282112K(282112K)->0K(270848K) From: 2688K(24576K)->2814K(3072K)
[436.708s][info][gc,heap        ] GC(827) ParOldGen: 391906K(392192K)->391922K(392192K)
[436.708s][info][gc,metaspace   ] GC(827) Metaspace: 57595K(57920K)->57595K(57920K) NonClass: 51970K(52224K)->51970K(52224K) Class: 5624K(5696K)->5624K(5696K)
[436.708s][info][gc             ] GC(827) Pause Young (Allocation Failure) 660M->385M(650M) 4.857ms
[436.708s][info][gc,cpu         ] GC(827) User=0.01s Sys=0.01s Real=0.01s
[437.350s][info][gc,start       ] GC(828) Pause Young (Allocation Failure)
[437.354s][info][gc,heap        ] GC(828) PSYoungGen: 273513K(273920K)->1216K(269824K) Eden: 270699K(270848K)->0K(260096K) From: 2814K(3072K)->1216K(9728K)
[437.354s][info][gc,heap        ] GC(828) ParOldGen: 391922K(392192K)->391938K(392192K)
[437.354s][info][gc,metaspace   ] GC(828) Metaspace: 57595K(57920K)->57595K(57920K) NonClass: 51970K(52224K)->51970K(52224K) Class: 5624K(5696K)->5624K(5696K)
[437.354s][info][gc             ] GC(828) Pause Young (Allocation Failure) 649M->383M(646M) 3.903ms
[437.354s][info][gc,cpu         ] GC(828) User=0.01s Sys=0.00s Real=0.00s
[437.986s][info][gc,start       ] GC(829) Pause Young (Allocation Failure)
[437.988s][info][gc,heap        ] GC(829) PSYoungGen: 261312K(269824K)->256K(250368K) Eden: 260096K(260096K)->0K(249856K) From: 1216K(9728K)->256K(512K)
[437.988s][info][gc,heap        ] GC(829) ParOldGen: 391938K(392192K)->391954K(392192K)
[437.988s][info][gc,metaspace   ] GC(829) Metaspace: 57595K(57920K)->57595K(57920K) NonClass: 51970K(52224K)->51970K(52224K) Class: 5624K(5696K)->5624K(5696K)
[437.988s][info][gc             ] GC(829) Pause Young (Allocation Failure) 637M->383M(627M) 1.998ms
[437.988s][info][gc,cpu         ] GC(829) User=0.00s Sys=0.00s Real=0.01s
[438.529s][info][gc,start       ] GC(830) Pause Young (Allocation Failure)
[438.532s][info][gc,heap        ] GC(830) PSYoungGen: 250112K(250368K)->767K(247296K) Eden: 249856K(249856K)->0K(240128K) From: 256K(512K)->767K(7168K)
[438.532s][info][gc,heap        ] GC(830) ParOldGen: 391954K(392192K)->391970K(392192K)
[438.532s][info][gc,metaspace   ] GC(830) Metaspace: 57595K(57920K)->57595K(57920K) NonClass: 51970K(52224K)->51970K(52224K) Class: 5624K(5696K)->5624K(5696K)
[438.532s][info][gc             ] GC(830) Pause Young (Allocation Failure) 627M->383M(624M) 2.847ms
[438.532s][info][gc,cpu         ] GC(830) User=0.01s Sys=0.00s Real=0.00s
[439.114s][info][gc,start       ] GC(831) Pause Young (Allocation Failure)
[439.120s][info][gc,heap        ] GC(831) PSYoungGen: 240895K(247296K)->2784K(233984K) Eden: 240128K(240128K)->0K(230912K) From: 767K(7168K)->2784K(3072K)
[439.120s][info][gc,heap        ] GC(831) ParOldGen: 391970K(392192K)->391986K(392192K)
[439.120s][info][gc,metaspace   ] GC(831) Metaspace: 57595K(57920K)->57595K(57920K) NonClass: 51970K(52224K)->51970K(52224K) Class: 5624K(5696K)->5624K(5696K)
[439.120s][info][gc             ] GC(831) Pause Young (Allocation Failure) 618M->385M(611M) 5.427ms
[439.120s][info][gc,cpu         ] GC(831) User=0.01s Sys=0.00s Real=0.01s
[439.689s][info][gc,start       ] GC(832) Pause Young (Allocation Failure)
[439.693s][info][gc,heap        ] GC(832) PSYoungGen: 233696K(233984K)->1119K(225792K) Eden: 230912K(230912K)->0K(222208K) From: 2784K(3072K)->1119K(3584K)
[439.693s][info][gc,heap        ] GC(832) ParOldGen: 391986K(392192K)->392002K(392192K)
[439.693s][info][gc,metaspace   ] GC(832) Metaspace: 57595K(57920K)->57595K(57920K) NonClass: 51970K(52224K)->51970K(52224K) Class: 5624K(5696K)->5624K(5696K)
[439.693s][info][gc             ] GC(832) Pause Young (Allocation Failure) 611M->383M(603M) 3.769ms
[439.693s][info][gc,cpu         ] GC(832) User=0.00s Sys=0.00s Real=0.00s
[440.202s][info][gc,start       ] GC(833) Pause Young (Allocation Failure)
[440.205s][info][gc,heap        ] GC(833) PSYoungGen: 223058K(225792K)->1728K(216064K) Eden: 221939K(222208K)->0K(214016K) From: 1119K(3584K)->1728K(2048K)
[440.205s][info][gc,heap        ] GC(833) ParOldGen: 392002K(392192K)->392018K(392192K)
[440.205s][info][gc,metaspace   ] GC(833) Metaspace: 57595K(57920K)->57595K(57920K) NonClass: 51970K(52224K)->51970K(52224K) Class: 5624K(5696K)->5624K(5696K)
[440.206s][info][gc             ] GC(833) Pause Young (Allocation Failure) 600M->384M(594M) 3.980ms
[440.206s][info][gc,cpu         ] GC(833) User=0.00s Sys=0.00s Real=0.00s
[440.700s][info][gc,start       ] GC(834) Pause Young (Allocation Failure)
[440.705s][info][gc,heap        ] GC(834) PSYoungGen: 215744K(216064K)->2495K(208896K) Eden: 214016K(214016K)->0K(206336K) From: 1728K(2048K)->2495K(2560K)
[440.705s][info][gc,heap        ] GC(834) ParOldGen: 392018K(392192K)->392034K(392192K)
[440.705s][info][gc,metaspace   ] GC(834) Metaspace: 57595K(57920K)->57595K(57920K) NonClass: 51970K(52224K)->51970K(52224K) Class: 5624K(5696K)->5624K(5696K)
[440.705s][info][gc             ] GC(834) Pause Young (Allocation Failure) 593M->385M(587M) 5.348ms
[440.705s][info][gc,cpu         ] GC(834) User=0.01s Sys=0.00s Real=0.00s
[441.245s][info][gc,start       ] GC(835) Pause Young (Allocation Failure)
[441.248s][info][gc,heap        ] GC(835) PSYoungGen: 208761K(208896K)->1344K(200192K) Eden: 206266K(206336K)->0K(198656K) From: 2495K(2560K)->1344K(1536K)
[441.248s][info][gc,heap        ] GC(835) ParOldGen: 392034K(392192K)->392050K(392192K)
[441.248s][info][gc,metaspace   ] GC(835) Metaspace: 57595K(57920K)->57595K(57920K) NonClass: 51970K(52224K)->51970K(52224K) Class: 5624K(5696K)->5624K(5696K)
[441.248s][info][gc             ] GC(835) Pause Young (Allocation Failure) 586M->384M(578M) 3.564ms
[441.248s][info][gc,cpu         ] GC(835) User=0.00s Sys=0.00s Real=0.01s
[441.688s][info][gc,start       ] GC(836) Pause Young (Allocation Failure)
[441.691s][info][gc,heap        ] GC(836) PSYoungGen: 200000K(200192K)->584K(192512K) Eden: 198656K(198656K)->0K(191488K) From: 1344K(1536K)->584K(1024K)
[441.691s][info][gc,heap        ] GC(836) ParOldGen: 392050K(392192K)->392066K(392192K)
[441.691s][info][gc,metaspace   ] GC(836) Metaspace: 57595K(57920K)->57595K(57920K) NonClass: 51970K(52224K)->51970K(52224K) Class: 5624K(5696K)->5624K(5696K)
[441.691s][info][gc             ] GC(836) Pause Young (Allocation Failure) 578M->383M(571M) 3.335ms
[441.691s][info][gc,cpu         ] GC(836) User=0.01s Sys=0.00s Real=0.00s
[442.111s][info][gc,start       ] GC(837) Pause Young (Allocation Failure)
[442.115s][info][gc,heap        ] GC(837) PSYoungGen: 192072K(192512K)->2240K(199168K) Eden: 191488K(191488K)->0K(184832K) From: 584K(1024K)->2240K(14336K)
[442.115s][info][gc,heap        ] GC(837) ParOldGen: 392066K(392192K)->392082K(392192K)
[442.115s][info][gc,metaspace   ] GC(837) Metaspace: 57595K(57920K)->57595K(57920K) NonClass: 51970K(52224K)->51970K(52224K) Class: 5624K(5696K)->5624K(5696K)
[442.115s][info][gc             ] GC(837) Pause Young (Allocation Failure) 570M->385M(577M) 4.316ms
[442.115s][info][gc,cpu         ] GC(837) User=0.00s Sys=0.00s Real=0.00s
[442.587s][info][gc,start       ] GC(838) Pause Young (Allocation Failure)
[442.589s][info][gc,heap        ] GC(838) PSYoungGen: 187072K(199168K)->350K(178688K) Eden: 184832K(184832K)->0K(178176K) From: 2240K(14336K)->350K(512K)
[442.589s][info][gc,heap        ] GC(838) ParOldGen: 392082K(392192K)->392098K(392192K)
[442.589s][info][gc,metaspace   ] GC(838) Metaspace: 57595K(57920K)->57595K(57920K) NonClass: 51970K(52224K)->51970K(52224K) Class: 5624K(5696K)->5624K(5696K)
[442.589s][info][gc             ] GC(838) Pause Young (Allocation Failure) 565M->383M(557M) 2.862ms
[442.589s][info][gc,cpu         ] GC(838) User=0.00s Sys=0.00s Real=0.00s
[442.995s][info][gc,start       ] GC(839) Pause Young (Allocation Failure)
[442.998s][info][gc,heap        ] GC(839) PSYoungGen: 178526K(178688K)->1886K(184832K) Eden: 178176K(178176K)->0K(172032K) From: 350K(512K)->1886K(12800K)
[442.998s][info][gc,heap        ] GC(839) ParOldGen: 392098K(392192K)->392114K(392192K)
[442.998s][info][gc,metaspace   ] GC(839) Metaspace: 57595K(57920K)->57595K(57920K) NonClass: 51970K(52224K)->51970K(52224K) Class: 5624K(5696K)->5624K(5696K)
[442.998s][info][gc             ] GC(839) Pause Young (Allocation Failure) 557M->384M(563M) 3.064ms
[442.998s][info][gc,cpu         ] GC(839) User=0.01s Sys=0.00s Real=0.01s
[443.397s][info][gc,start       ] GC(840) Pause Young (Allocation Failure)
[443.401s][info][gc,heap        ] GC(840) PSYoungGen: 173918K(184832K)->1759K(167936K) Eden: 172032K(172032K)->0K(165888K) From: 1886K(12800K)->1759K(2048K)
[443.401s][info][gc,heap        ] GC(840) ParOldGen: 392114K(392192K)->392130K(392192K)
[443.401s][info][gc,metaspace   ] GC(840) Metaspace: 57595K(57920K)->57595K(57920K) NonClass: 51970K(52224K)->51970K(52224K) Class: 5624K(5696K)->5624K(5696K)
[443.401s][info][gc             ] GC(840) Pause Young (Allocation Failure) 552M->384M(547M) 4.017ms
[443.401s][info][gc,cpu         ] GC(840) User=0.01s Sys=0.00s Real=0.00s
[443.789s][info][gc,start       ] GC(841) Pause Young (Allocation Failure)
[443.792s][info][gc,heap        ] GC(841) PSYoungGen: 167647K(167936K)->1151K(161792K) Eden: 165888K(165888K)->0K(160256K) From: 1759K(2048K)->1151K(1536K)
[443.792s][info][gc,heap        ] GC(841) ParOldGen: 392130K(392192K)->392146K(392192K)
[443.792s][info][gc,metaspace   ] GC(841) Metaspace: 57595K(57920K)->57595K(57920K) NonClass: 51970K(52224K)->51970K(52224K) Class: 5624K(5696K)->5624K(5696K)
[443.792s][info][gc             ] GC(841) Pause Young (Allocation Failure) 546M->384M(541M) 2.701ms
[443.792s][info][gc,cpu         ] GC(841) User=0.01s Sys=0.00s Real=0.00s
[444.192s][info][gc,start       ] GC(842) Pause Young (Allocation Failure)
[444.195s][info][gc,heap        ] GC(842) PSYoungGen: 161407K(161792K)->1248K(156160K) Eden: 160256K(160256K)->0K(154624K) From: 1151K(1536K)->1248K(1536K)
[444.195s][info][gc,heap        ] GC(842) ParOldGen: 392146K(392192K)->392162K(392192K)
[444.195s][info][gc,metaspace   ] GC(842) Metaspace: 57595K(57920K)->57595K(57920K) NonClass: 51970K(52224K)->51970K(52224K) Class: 5624K(5696K)->5624K(5696K)
[444.195s][info][gc             ] GC(842) Pause Young (Allocation Failure) 540M->384M(535M) 3.709ms
[444.195s][info][gc,cpu         ] GC(842) User=0.01s Sys=0.00s Real=0.00s
[444.507s][info][gc,start       ] GC(843) Pause Young (Allocation Failure)
[444.512s][info][gc,heap        ] GC(843) PSYoungGen: 155872K(156160K)->2719K(159744K) Eden: 154624K(154624K)->0K(149504K) From: 1248K(1536K)->2719K(10240K)
[444.512s][info][gc,heap        ] GC(843) ParOldGen: 392162K(392192K)->392178K(392192K)
[444.512s][info][gc,metaspace   ] GC(843) Metaspace: 57595K(57920K)->57595K(57920K) NonClass: 51970K(52224K)->51970K(52224K) Class: 5624K(5696K)->5624K(5696K)
[444.512s][info][gc             ] GC(843) Pause Young (Allocation Failure) 535M->385M(539M) 4.640ms
[444.512s][info][gc,cpu         ] GC(843) User=0.01s Sys=0.00s Real=0.00s
[444.886s][info][gc,start       ] GC(844) Pause Young (Allocation Failure)
[444.889s][info][gc,heap        ] GC(844) PSYoungGen: 152223K(159744K)->767K(145408K) Eden: 149504K(149504K)->0K(144384K) From: 2719K(10240K)->767K(1024K)
[444.889s][info][gc,heap        ] GC(844) ParOldGen: 392178K(392192K)->392194K(392704K)
[444.889s][info][gc,metaspace   ] GC(844) Metaspace: 57595K(57920K)->57595K(57920K) NonClass: 51970K(52224K)->51970K(52224K) Class: 5624K(5696K)->5624K(5696K)
[444.889s][info][gc             ] GC(844) Pause Young (Allocation Failure) 531M->383M(525M) 2.767ms
[444.889s][info][gc,cpu         ] GC(844) User=0.01s Sys=0.00s Real=0.00s
[445.204s][info][gc,start       ] GC(845) Pause Young (Allocation Failure)
[445.208s][info][gc,heap        ] GC(845) PSYoungGen: 145151K(145408K)->2815K(148992K) Eden: 144384K(144384K)->0K(139776K) From: 767K(1024K)->2815K(9216K)
[445.208s][info][gc,heap        ] GC(845) ParOldGen: 392194K(392704K)->392210K(392704K)
[445.208s][info][gc,metaspace   ] GC(845) Metaspace: 57595K(57920K)->57595K(57920K) NonClass: 51970K(52224K)->51970K(52224K) Class: 5624K(5696K)->5624K(5696K)
[445.208s][info][gc             ] GC(845) Pause Young (Allocation Failure) 524M->385M(529M) 4.598ms
[445.208s][info][gc,cpu         ] GC(845) User=0.01s Sys=0.00s Real=0.01s
[445.530s][info][gc,start       ] GC(846) Pause Young (Allocation Failure)
[445.534s][info][gc,heap        ] GC(846) PSYoungGen: 142360K(148992K)->2016K(173056K) Eden: 139545K(139776K)->0K(164352K) From: 2815K(9216K)->2016K(8704K)
[445.534s][info][gc,heap        ] GC(846) ParOldGen: 392210K(392704K)->392226K(392704K)
[445.534s][info][gc,metaspace   ] GC(846) Metaspace: 57595K(57920K)->57595K(57920K) NonClass: 51970K(52224K)->51970K(52224K) Class: 5624K(5696K)->5624K(5696K)
[445.534s][info][gc             ] GC(846) Pause Young (Allocation Failure) 522M->385M(552M) 4.034ms
[445.534s][info][gc,cpu         ] GC(846) User=0.01s Sys=0.00s Real=0.00s
[445.909s][info][gc,start       ] GC(847) Pause Young (Allocation Failure)
[445.914s][info][gc,heap        ] GC(847) PSYoungGen: 166267K(173056K)->2368K(172544K) Eden: 164251K(164352K)->0K(164352K) From: 2016K(8704K)->2368K(8192K)
[445.914s][info][gc,heap        ] GC(847) ParOldGen: 392226K(392704K)->392242K(392704K)
[445.914s][info][gc,metaspace   ] GC(847) Metaspace: 57595K(57920K)->57595K(57920K) NonClass: 51970K(52224K)->51970K(52224K) Class: 5624K(5696K)->5624K(5696K)
[445.914s][info][gc             ] GC(847) Pause Young (Allocation Failure) 545M->385M(552M) 4.467ms
[445.914s][info][gc,cpu         ] GC(847) User=0.01s Sys=0.00s Real=0.00s
[446.306s][info][gc,start       ] GC(848) Pause Young (Allocation Failure)
[446.311s][info][gc,heap        ] GC(848) PSYoungGen: 166707K(172544K)->2111K(202752K) Eden: 164339K(164352K)->0K(196096K) From: 2368K(8192K)->2111K(6656K)
[446.311s][info][gc,heap        ] GC(848) ParOldGen: 392242K(392704K)->392258K(392704K)
[446.311s][info][gc,metaspace   ] GC(848) Metaspace: 57595K(57920K)->57595K(57920K) NonClass: 51970K(52224K)->51970K(52224K) Class: 5624K(5696K)->5624K(5696K)
[446.311s][info][gc             ] GC(848) Pause Young (Allocation Failure) 545M->385M(581M) 4.610ms
[446.311s][info][gc,cpu         ] GC(848) User=0.01s Sys=0.01s Real=0.00s
[446.800s][info][gc,start       ] GC(849) Pause Young (Allocation Failure)
[446.802s][info][gc,heap        ] GC(849) PSYoungGen: 197965K(202752K)->480K(189440K) Eden: 195854K(196096K)->0K(188928K) From: 2111K(6656K)->480K(512K)
[446.802s][info][gc,heap        ] GC(849) ParOldGen: 392258K(392704K)->392274K(392704K)
[446.802s][info][gc,metaspace   ] GC(849) Metaspace: 57595K(57920K)->57595K(57920K) NonClass: 51970K(52224K)->51970K(52224K) Class: 5624K(5696K)->5624K(5696K)
[446.802s][info][gc             ] GC(849) Pause Young (Allocation Failure) 576M->383M(568M) 2.472ms
[446.802s][info][gc,cpu         ] GC(849) User=0.01s Sys=0.00s Real=0.00s
[447.208s][info][gc,start       ] GC(850) Pause Young (Allocation Failure)
[447.214s][info][gc,heap        ] GC(850) PSYoungGen: 189408K(189440K)->3262K(197632K) Eden: 188928K(188928K)->0K(190976K) From: 480K(512K)->3262K(6656K)
[447.214s][info][gc,heap        ] GC(850) ParOldGen: 392274K(392704K)->392290K(392704K)
[447.214s][info][gc,metaspace   ] GC(850) Metaspace: 57595K(57920K)->57595K(57920K) NonClass: 51970K(52224K)->51970K(52224K) Class: 5624K(5696K)->5624K(5696K)
[447.214s][info][gc             ] GC(850) Pause Young (Allocation Failure) 568M->386M(576M) 6.232ms
[447.214s][info][gc,cpu         ] GC(850) User=0.01s Sys=0.00s Real=0.00s
[447.690s][info][gc,start       ] GC(851) Pause Young (Allocation Failure)
[447.693s][info][gc,heap        ] GC(851) PSYoungGen: 194238K(197632K)->1087K(185856K) Eden: 190976K(190976K)->0K(184320K) From: 3262K(6656K)->1087K(1536K)
[447.693s][info][gc,heap        ] GC(851) ParOldGen: 392290K(392704K)->392306K(392704K)
[447.693s][info][gc,metaspace   ] GC(851) Metaspace: 57595K(57920K)->57595K(57920K) NonClass: 51970K(52224K)->51970K(52224K) Class: 5624K(5696K)->5624K(5696K)
[447.693s][info][gc             ] GC(851) Pause Young (Allocation Failure) 572M->384M(565M) 2.875ms
[447.693s][info][gc,cpu         ] GC(851) User=0.00s Sys=0.00s Real=0.00s
[448.105s][info][gc,start       ] GC(852) Pause Young (Allocation Failure)
[448.109s][info][gc,heap        ] GC(852) PSYoungGen: 185407K(185856K)->1984K(179712K) Eden: 184320K(184320K)->0K(177664K) From: 1087K(1536K)->1984K(2048K)
[448.109s][info][gc,heap        ] GC(852) ParOldGen: 392306K(392704K)->392322K(392704K)
[448.109s][info][gc,metaspace   ] GC(852) Metaspace: 57595K(57920K)->57595K(57920K) NonClass: 51970K(52224K)->51970K(52224K) Class: 5624K(5696K)->5624K(5696K)
[448.109s][info][gc             ] GC(852) Pause Young (Allocation Failure) 564M->385M(559M) 4.217ms
[448.109s][info][gc,cpu         ] GC(852) User=0.01s Sys=0.00s Real=0.01s
[448.520s][info][gc,start       ] GC(853) Pause Young (Allocation Failure)
[448.524s][info][gc,heap        ] GC(853) PSYoungGen: 179648K(179712K)->1248K(173056K) Eden: 177664K(177664K)->0K(171520K) From: 1984K(2048K)->1248K(1536K)
[448.524s][info][gc,heap        ] GC(853) ParOldGen: 392322K(392704K)->392338K(392704K)
[448.524s][info][gc,metaspace   ] GC(853) Metaspace: 57595K(57920K)->57595K(57920K) NonClass: 51970K(52224K)->51970K(52224K) Class: 5624K(5696K)->5624K(5696K)
[448.524s][info][gc             ] GC(853) Pause Young (Allocation Failure) 558M->384M(552M) 3.187ms
[448.524s][info][gc,cpu         ] GC(853) User=0.01s Sys=0.00s Real=0.00s
[448.913s][info][gc,start       ] GC(854) Pause Young (Allocation Failure)
[448.918s][info][gc,heap        ] GC(854) PSYoungGen: 172768K(173056K)->2336K(167936K) Eden: 171520K(171520K)->0K(165376K) From: 1248K(1536K)->2336K(2560K)
[448.918s][info][gc,heap        ] GC(854) ParOldGen: 392338K(392704K)->392354K(392704K)
[448.918s][info][gc,metaspace   ] GC(854) Metaspace: 57595K(57920K)->57595K(57920K) NonClass: 51970K(52224K)->51970K(52224K) Class: 5624K(5696K)->5624K(5696K)
[448.918s][info][gc             ] GC(854) Pause Young (Allocation Failure) 551M->385M(547M) 4.769ms
[448.918s][info][gc,cpu         ] GC(854) User=0.00s Sys=0.00s Real=0.01s
[449.310s][info][gc,start       ] GC(855) Pause Young (Allocation Failure)
[449.314s][info][gc,heap        ] GC(855) PSYoungGen: 167712K(167936K)->2303K(162304K) Eden: 165376K(165376K)->0K(159744K) From: 2336K(2560K)->2303K(2560K)
[449.315s][info][gc,heap        ] GC(855) ParOldGen: 392354K(392704K)->392370K(392704K)
[449.315s][info][gc,metaspace   ] GC(855) Metaspace: 57595K(57920K)->57595K(57920K) NonClass: 51970K(52224K)->51970K(52224K) Class: 5624K(5696K)->5624K(5696K)
[449.315s][info][gc             ] GC(855) Pause Young (Allocation Failure) 546M->385M(542M) 4.298ms
[449.315s][info][gc,cpu         ] GC(855) User=0.01s Sys=0.00s Real=0.00s
[449.751s][info][gc,start       ] GC(856) Pause Young (Allocation Failure)
[449.759s][info][gc,heap        ] GC(856) PSYoungGen: 161775K(162304K)->928K(182272K) Eden: 159472K(159744K)->0K(176640K) From: 2303K(2560K)->928K(5632K)
[449.759s][info][gc,heap        ] GC(856) ParOldGen: 392370K(392704K)->392386K(392704K)
[449.759s][info][gc,metaspace   ] GC(856) Metaspace: 57595K(57920K)->57595K(57920K) NonClass: 51970K(52224K)->51970K(52224K) Class: 5624K(5696K)->5624K(5696K)
[449.759s][info][gc             ] GC(856) Pause Young (Allocation Failure) 541M->384M(561M) 8.014ms
[449.759s][info][gc,cpu         ] GC(856) User=0.01s Sys=0.00s Real=0.01s
[450.104s][info][gc,start       ] GC(857) Pause Young (Allocation Failure)
[450.109s][info][gc,heap        ] GC(857) PSYoungGen: 177568K(182272K)->2847K(181760K) Eden: 176640K(176640K)->0K(176640K) From: 928K(5632K)->2847K(5120K)
[450.109s][info][gc,heap        ] GC(857) ParOldGen: 392386K(392704K)->392402K(392704K)
[450.109s][info][gc,metaspace   ] GC(857) Metaspace: 57595K(57920K)->57595K(57920K) NonClass: 51970K(52224K)->51970K(52224K) Class: 5624K(5696K)->5624K(5696K)
[450.109s][info][gc             ] GC(857) Pause Young (Allocation Failure) 556M->385M(561M) 4.745ms
[450.109s][info][gc,cpu         ] GC(857) User=0.01s Sys=0.00s Real=0.01s
[450.511s][info][gc,start       ] GC(858) Pause Young (Allocation Failure)
[450.516s][info][gc,heap        ] GC(858) PSYoungGen: 179487K(181760K)->2846K(216064K) Eden: 176640K(176640K)->0K(210944K) From: 2847K(5120K)->2846K(5120K)
[450.516s][info][gc,heap        ] GC(858) ParOldGen: 392402K(392704K)->392418K(392704K)
[450.516s][info][gc,metaspace   ] GC(858) Metaspace: 57595K(57920K)->57595K(57920K) NonClass: 51970K(52224K)->51970K(52224K) Class: 5624K(5696K)->5624K(5696K)
[450.517s][info][gc             ] GC(858) Pause Young (Allocation Failure) 558M->386M(594M) 5.618ms
[450.517s][info][gc,cpu         ] GC(858) User=0.00s Sys=0.00s Real=0.01s
[451.055s][info][gc,start       ] GC(859) Pause Young (Allocation Failure)
[451.062s][info][gc,heap        ] GC(859) PSYoungGen: 213505K(216064K)->2944K(216064K) Eden: 210659K(210944K)->0K(210944K) From: 2846K(5120K)->2944K(5120K)
[451.062s][info][gc,heap        ] GC(859) ParOldGen: 392418K(392704K)->392434K(392704K)
[451.062s][info][gc,metaspace   ] GC(859) Metaspace: 57595K(57920K)->57595K(57920K) NonClass: 51970K(52224K)->51970K(52224K) Class: 5624K(5696K)->5624K(5696K)
[451.062s][info][gc             ] GC(859) Pause Young (Allocation Failure) 591M->386M(594M) 6.478ms
[451.062s][info][gc,cpu         ] GC(859) User=0.01s Sys=0.00s Real=0.01s
[451.510s][info][gc,start       ] GC(860) Pause Young (Allocation Failure)
[451.515s][info][gc,heap        ] GC(860) PSYoungGen: 213888K(216064K)->2624K(257024K) Eden: 210944K(210944K)->0K(251904K) From: 2944K(5120K)->2624K(5120K)
[451.515s][info][gc,heap        ] GC(860) ParOldGen: 392434K(392704K)->392450K(392704K)
[451.515s][info][gc,metaspace   ] GC(860) Metaspace: 57595K(57920K)->57595K(57920K) NonClass: 51970K(52224K)->51970K(52224K) Class: 5624K(5696K)->5624K(5696K)
[451.515s][info][gc             ] GC(860) Pause Young (Allocation Failure) 592M->385M(634M) 5.731ms
[451.515s][info][gc,cpu         ] GC(860) User=0.00s Sys=0.00s Real=0.00s
[452.141s][info][gc,start       ] GC(861) Pause Young (Allocation Failure)
[452.146s][info][gc,heap        ] GC(861) PSYoungGen: 254528K(257024K)->2366K(257024K) Eden: 251904K(251904K)->0K(251904K) From: 2624K(5120K)->2366K(5120K)
[452.146s][info][gc,heap        ] GC(861) ParOldGen: 392450K(392704K)->392466K(392704K)
[452.146s][info][gc,metaspace   ] GC(861) Metaspace: 57595K(57920K)->57595K(57920K) NonClass: 51970K(52224K)->51970K(52224K) Class: 5624K(5696K)->5624K(5696K)
[452.146s][info][gc             ] GC(861) Pause Young (Allocation Failure) 631M->385M(634M) 4.916ms
[452.146s][info][gc,cpu         ] GC(861) User=0.00s Sys=0.00s Real=0.00s
[452.725s][info][gc,start       ] GC(862) Pause Young (Allocation Failure)
[452.757s][info][gc,heap        ] GC(862) PSYoungGen: 254270K(257024K)->4095K(305152K) Eden: 251904K(251904K)->0K(300032K) From: 2366K(5120K)->4095K(5120K)
[452.757s][info][gc,heap        ] GC(862) ParOldGen: 392466K(392704K)->392482K(392704K)
[452.757s][info][gc,metaspace   ] GC(862) Metaspace: 57595K(57920K)->57595K(57920K) NonClass: 51970K(52224K)->51970K(52224K) Class: 5624K(5696K)->5624K(5696K)
[452.758s][info][gc             ] GC(862) Pause Young (Allocation Failure) 631M->387M(681M) 32.082ms
[452.758s][info][gc,cpu         ] GC(862) User=0.03s Sys=0.00s Real=0.04s
[453.433s][info][gc,start       ] GC(863) Pause Young (Allocation Failure)
[453.439s][info][gc,heap        ] GC(863) PSYoungGen: 304127K(305152K)->2304K(305664K) Eden: 300032K(300032K)->0K(300032K) From: 4095K(5120K)->2304K(5632K)
[453.439s][info][gc,heap        ] GC(863) ParOldGen: 392482K(392704K)->392498K(392704K)
[453.439s][info][gc,metaspace   ] GC(863) Metaspace: 57596K(57920K)->57596K(57920K) NonClass: 51971K(52224K)->51971K(52224K) Class: 5624K(5696K)->5624K(5696K)
[453.439s][info][gc             ] GC(863) Pause Young (Allocation Failure) 680M->385M(682M) 5.663ms
[453.439s][info][gc,cpu         ] GC(863) User=0.01s Sys=0.00s Real=0.01s
[454.230s][info][gc,start       ] GC(864) Pause Young (Allocation Failure)
[454.234s][info][gc,heap        ] GC(864) PSYoungGen: 302165K(305664K)->1728K(328192K) Eden: 299861K(300032K)->0K(323072K) From: 2304K(5632K)->1728K(5120K)
[454.234s][info][gc,heap        ] GC(864) ParOldGen: 392498K(392704K)->392514K(392704K)
[454.234s][info][gc,metaspace   ] GC(864) Metaspace: 57596K(57920K)->57596K(57920K) NonClass: 51971K(52224K)->51971K(52224K) Class: 5624K(5696K)->5624K(5696K)
[454.234s][info][gc             ] GC(864) Pause Young (Allocation Failure) 678M->385M(704M) 4.562ms
[454.234s][info][gc,cpu         ] GC(864) User=0.01s Sys=0.00s Real=0.00s
[455.022s][info][gc,start       ] GC(865) Pause Young (Allocation Failure)
[455.026s][info][gc,heap        ] GC(865) PSYoungGen: 324800K(328192K)->2270K(328192K) Eden: 323072K(323072K)->0K(323072K) From: 1728K(5120K)->2270K(5120K)
[455.026s][info][gc,heap        ] GC(865) ParOldGen: 392514K(392704K)->392530K(392704K)
[455.026s][info][gc,metaspace   ] GC(865) Metaspace: 57596K(57920K)->57596K(57920K) NonClass: 51971K(52224K)->51971K(52224K) Class: 5624K(5696K)->5624K(5696K)
[455.026s][info][gc             ] GC(865) Pause Young (Allocation Failure) 700M->385M(704M) 4.727ms
[455.026s][info][gc,cpu         ] GC(865) User=0.01s Sys=0.00s Real=0.01s
[455.795s][info][gc,start       ] GC(866) Pause Young (Allocation Failure)
[455.799s][info][gc,heap        ] GC(866) PSYoungGen: 325342K(328192K)->1727K(328192K) Eden: 323072K(323072K)->0K(323584K) From: 2270K(5120K)->1727K(4608K)
[455.799s][info][gc,heap        ] GC(866) ParOldGen: 392530K(392704K)->392546K(392704K)
[455.799s][info][gc,metaspace   ] GC(866) Metaspace: 57596K(57920K)->57596K(57920K) NonClass: 51971K(52224K)->51971K(52224K) Class: 5624K(5696K)->5624K(5696K)
[455.799s][info][gc             ] GC(866) Pause Young (Allocation Failure) 701M->385M(704M) 3.303ms
[455.799s][info][gc,cpu         ] GC(866) User=0.00s Sys=0.00s Real=0.01s
[456.535s][info][gc,start       ] GC(867) Pause Young (Allocation Failure)
[456.539s][info][gc,heap        ] GC(867) PSYoungGen: 325311K(328192K)->1567K(312320K) Eden: 323584K(323584K)->0K(310272K) From: 1727K(4608K)->1567K(2048K)
[456.539s][info][gc,heap        ] GC(867) ParOldGen: 392546K(392704K)->392562K(392704K)
[456.539s][info][gc,metaspace   ] GC(867) Metaspace: 57598K(57920K)->57598K(57920K) NonClass: 51973K(52224K)->51973K(52224K) Class: 5624K(5696K)->5624K(5696K)
[456.539s][info][gc             ] GC(867) Pause Young (Allocation Failure) 701M->384M(688M) 3.550ms
[456.539s][info][gc,cpu         ] GC(867) User=0.00s Sys=0.00s Real=0.01s
[457.296s][info][gc,start       ] GC(868) Pause Young (Allocation Failure)
[457.300s][info][gc,heap        ] GC(868) PSYoungGen: 311839K(312320K)->1489K(299520K) Eden: 310272K(310272K)->0K(297984K) From: 1567K(2048K)->1489K(1536K)
[457.300s][info][gc,heap        ] GC(868) ParOldGen: 392562K(392704K)->392578K(392704K)
[457.300s][info][gc,metaspace   ] GC(868) Metaspace: 57598K(57920K)->57598K(57920K) NonClass: 51973K(52224K)->51973K(52224K) Class: 5624K(5696K)->5624K(5696K)
[457.300s][info][gc             ] GC(868) Pause Young (Allocation Failure) 687M->384M(676M) 4.002ms
[457.300s][info][gc,cpu         ] GC(868) User=0.01s Sys=0.00s Real=0.01s
[457.994s][info][gc,start       ] GC(869) Pause Young (Allocation Failure)
[457.998s][info][gc,heap        ] GC(869) PSYoungGen: 299473K(299520K)->1855K(288256K) Eden: 297984K(297984K)->0K(286208K) From: 1489K(1536K)->1855K(2048K)
[457.998s][info][gc,heap        ] GC(869) ParOldGen: 392578K(392704K)->392594K(392704K)
[457.998s][info][gc,metaspace   ] GC(869) Metaspace: 57598K(57920K)->57598K(57920K) NonClass: 51973K(52224K)->51973K(52224K) Class: 5624K(5696K)->5624K(5696K)
[457.998s][info][gc             ] GC(869) Pause Young (Allocation Failure) 675M->385M(665M) 3.562ms
[457.998s][info][gc,cpu         ] GC(869) User=0.01s Sys=0.00s Real=0.01s
[458.689s][info][gc,start       ] GC(870) Pause Young (Allocation Failure)
[458.692s][info][gc,heap        ] GC(870) PSYoungGen: 288063K(288256K)->864K(275968K) Eden: 286208K(286208K)->0K(274944K) From: 1855K(2048K)->864K(1024K)
[458.692s][info][gc,heap        ] GC(870) ParOldGen: 392594K(392704K)->392610K(392704K)
[458.692s][info][gc,metaspace   ] GC(870) Metaspace: 57598K(57920K)->57598K(57920K) NonClass: 51973K(52224K)->51973K(52224K) Class: 5624K(5696K)->5624K(5696K)
[458.692s][info][gc             ] GC(870) Pause Young (Allocation Failure) 664M->384M(653M) 2.998ms
[458.693s][info][gc,cpu         ] GC(870) User=0.01s Sys=0.00s Real=0.00s
[459.317s][info][gc,start       ] GC(871) Pause Young (Allocation Failure)
[459.323s][info][gc,heap        ] GC(871) PSYoungGen: 275808K(275968K)->2720K(267264K) Eden: 274944K(274944K)->0K(264192K) From: 864K(1024K)->2720K(3072K)
[459.323s][info][gc,heap        ] GC(871) ParOldGen: 392610K(392704K)->392626K(392704K)
[459.323s][info][gc,metaspace   ] GC(871) Metaspace: 57598K(57920K)->57598K(57920K) NonClass: 51973K(52224K)->51973K(52224K) Class: 5624K(5696K)->5624K(5696K)
[459.323s][info][gc             ] GC(871) Pause Young (Allocation Failure) 652M->386M(644M) 5.997ms
[459.323s][info][gc,cpu         ] GC(871) User=0.01s Sys=0.00s Real=0.00s
[459.928s][info][gc,start       ] GC(872) Pause Young (Allocation Failure)
[459.931s][info][gc,heap        ] GC(872) PSYoungGen: 266912K(267264K)->1023K(254976K) Eden: 264192K(264192K)->0K(253952K) From: 2720K(3072K)->1023K(1024K)
[459.931s][info][gc,heap        ] GC(872) ParOldGen: 392626K(392704K)->392642K(392704K)
[459.931s][info][gc,metaspace   ] GC(872) Metaspace: 57598K(57920K)->57598K(57920K) NonClass: 51973K(52224K)->51973K(52224K) Class: 5624K(5696K)->5624K(5696K)
[459.931s][info][gc             ] GC(872) Pause Young (Allocation Failure) 644M->384M(632M) 3.044ms
[459.931s][info][gc,cpu         ] GC(872) User=0.00s Sys=0.00s Real=0.00s
[460.586s][info][gc,start       ] GC(873) Pause Young (Allocation Failure)
[460.588s][info][gc,heap        ] GC(873) PSYoungGen: 254975K(254976K)->160K(244736K) Eden: 253952K(253952K)->0K(244224K) From: 1023K(1024K)->160K(512K)
[460.588s][info][gc,heap        ] GC(873) ParOldGen: 392642K(392704K)->392658K(392704K)
[460.588s][info][gc,metaspace   ] GC(873) Metaspace: 57598K(57920K)->57598K(57920K) NonClass: 51973K(52224K)->51973K(52224K) Class: 5624K(5696K)->5624K(5696K)
[460.588s][info][gc             ] GC(873) Pause Young (Allocation Failure) 632M->383M(622M) 1.994ms
[460.588s][info][gc,cpu         ] GC(873) User=0.00s Sys=0.00s Real=0.01s
[461.129s][info][gc,start       ] GC(874) Pause Young (Allocation Failure)
[461.133s][info][gc,heap        ] GC(874) PSYoungGen: 244297K(244736K)->1728K(237056K) Eden: 244137K(244224K)->0K(235008K) From: 160K(512K)->1728K(2048K)
[461.133s][info][gc,heap        ] GC(874) ParOldGen: 392658K(392704K)->392674K(392704K)
[461.133s][info][gc,metaspace   ] GC(874) Metaspace: 57598K(57920K)->57598K(57920K) NonClass: 51973K(52224K)->51973K(52224K) Class: 5624K(5696K)->5624K(5696K)
[461.133s][info][gc             ] GC(874) Pause Young (Allocation Failure) 622M->385M(615M) 3.917ms
[461.133s][info][gc,cpu         ] GC(874) User=0.00s Sys=0.00s Real=0.00s
[461.703s][info][gc,start       ] GC(875) Pause Young (Allocation Failure)
[461.711s][info][gc,heap        ] GC(875) PSYoungGen: 236736K(237056K)->2751K(229376K) Eden: 235008K(235008K)->0K(226304K) From: 1728K(2048K)->2751K(3072K)
[461.711s][info][gc,heap        ] GC(875) ParOldGen: 392674K(392704K)->392690K(392704K)
[461.711s][info][gc,metaspace   ] GC(875) Metaspace: 57598K(57920K)->57598K(57920K) NonClass: 51973K(52224K)->51973K(52224K) Class: 5624K(5696K)->5624K(5696K)
[461.711s][info][gc             ] GC(875) Pause Young (Allocation Failure) 614M->386M(607M) 7.275ms
[461.711s][info][gc,cpu         ] GC(875) User=0.01s Sys=0.00s Real=0.01s
[462.234s][info][gc,start       ] GC(876) Pause Young (Allocation Failure)
[462.238s][info][gc,heap        ] GC(876) PSYoungGen: 229055K(229376K)->1695K(219648K) Eden: 226304K(226304K)->0K(217600K) From: 2751K(3072K)->1695K(2048K)
[462.238s][info][gc,heap        ] GC(876) ParOldGen: 392690K(392704K)->392706K(393216K)
[462.238s][info][gc,metaspace   ] GC(876) Metaspace: 57598K(57920K)->57598K(57920K) NonClass: 51973K(52224K)->51973K(52224K) Class: 5624K(5696K)->5624K(5696K)
[462.238s][info][gc             ] GC(876) Pause Young (Allocation Failure) 607M->385M(598M) 3.609ms
[462.238s][info][gc,cpu         ] GC(876) User=0.01s Sys=0.00s Real=0.01s
[462.786s][info][gc,start       ] GC(877) Pause Young (Allocation Failure)
[462.788s][info][gc,heap        ] GC(877) PSYoungGen: 219295K(219648K)->444K(209920K) Eden: 217600K(217600K)->0K(209408K) From: 1695K(2048K)->444K(512K)
[462.788s][info][gc,heap        ] GC(877) ParOldGen: 392706K(393216K)->392722K(393216K)
[462.788s][info][gc,metaspace   ] GC(877) Metaspace: 57598K(57920K)->57598K(57920K) NonClass: 51973K(52224K)->51973K(52224K) Class: 5624K(5696K)->5624K(5696K)
[462.788s][info][gc             ] GC(877) Pause Young (Allocation Failure) 597M->383M(589M) 2.235ms
[462.788s][info][gc,cpu         ] GC(877) User=0.00s Sys=0.00s Real=0.01s
[463.224s][info][gc,start       ] GC(878) Pause Young (Allocation Failure)
[463.227s][info][gc,heap        ] GC(878) PSYoungGen: 209852K(209920K)->1312K(203264K) Eden: 209408K(209408K)->0K(201728K) From: 444K(512K)->1312K(1536K)
[463.227s][info][gc,heap        ] GC(878) ParOldGen: 392722K(393216K)->392738K(393216K)
[463.227s][info][gc,metaspace   ] GC(878) Metaspace: 57598K(57920K)->57598K(57920K) NonClass: 51973K(52224K)->51973K(52224K) Class: 5624K(5696K)->5624K(5696K)
[463.227s][info][gc             ] GC(878) Pause Young (Allocation Failure) 588M->384M(582M) 3.636ms
[463.228s][info][gc,cpu         ] GC(878) User=0.00s Sys=0.00s Real=0.01s
[463.708s][info][gc,start       ] GC(879) Pause Young (Allocation Failure)
[463.712s][info][gc,heap        ] GC(879) PSYoungGen: 203040K(203264K)->2464K(197120K) Eden: 201728K(201728K)->0K(194560K) From: 1312K(1536K)->2464K(2560K)
[463.712s][info][gc,heap        ] GC(879) ParOldGen: 392738K(393216K)->392754K(393216K)
[463.712s][info][gc,metaspace   ] GC(879) Metaspace: 57598K(57920K)->57598K(57920K) NonClass: 51973K(52224K)->51973K(52224K) Class: 5624K(5696K)->5624K(5696K)
[463.712s][info][gc             ] GC(879) Pause Young (Allocation Failure) 581M->385M(576M) 4.676ms
[463.712s][info][gc,cpu         ] GC(879) User=0.01s Sys=0.00s Real=0.00s
[464.201s][info][gc,start       ] GC(880) Pause Young (Allocation Failure)
[464.205s][info][gc,heap        ] GC(880) PSYoungGen: 197024K(197120K)->1728K(189440K) Eden: 194560K(194560K)->0K(187392K) From: 2464K(2560K)->1728K(2048K)
[464.205s][info][gc,heap        ] GC(880) ParOldGen: 392754K(393216K)->392770K(393216K)
[464.205s][info][gc,metaspace   ] GC(880) Metaspace: 57598K(57920K)->57598K(57920K) NonClass: 51973K(52224K)->51973K(52224K) Class: 5624K(5696K)->5624K(5696K)
[464.205s][info][gc             ] GC(880) Pause Young (Allocation Failure) 575M->385M(569M) 3.934ms
[464.205s][info][gc,cpu         ] GC(880) User=0.01s Sys=0.00s Real=0.00s
[464.621s][info][gc,start       ] GC(881) Pause Young (Allocation Failure)
[464.625s][info][gc,heap        ] GC(881) PSYoungGen: 189079K(189440K)->2432K(183296K) Eden: 187351K(187392K)->0K(180736K) From: 1728K(2048K)->2432K(2560K)
[464.625s][info][gc,heap        ] GC(881) ParOldGen: 392770K(393216K)->392786K(393216K)
[464.625s][info][gc,metaspace   ] GC(881) Metaspace: 57598K(57920K)->57598K(57920K) NonClass: 51973K(52224K)->51973K(52224K) Class: 5624K(5696K)->5624K(5696K)
[464.625s][info][gc             ] GC(881) Pause Young (Allocation Failure) 568M->385M(563M) 4.701ms
[464.625s][info][gc,cpu         ] GC(881) User=0.01s Sys=0.00s Real=0.00s
[465.088s][info][gc,start       ] GC(882) Pause Young (Allocation Failure)
[465.091s][info][gc,heap        ] GC(882) PSYoungGen: 183168K(183296K)->960K(175616K) Eden: 180736K(180736K)->0K(174592K) From: 2432K(2560K)->960K(1024K)
[465.091s][info][gc,heap        ] GC(882) ParOldGen: 392786K(393216K)->392802K(393216K)
[465.091s][info][gc,metaspace   ] GC(882) Metaspace: 57598K(57920K)->57598K(57920K) NonClass: 51973K(52224K)->51973K(52224K) Class: 5624K(5696K)->5624K(5696K)
[465.091s][info][gc             ] GC(882) Pause Young (Allocation Failure) 562M->384M(555M) 3.337ms
[465.091s][info][gc,cpu         ] GC(882) User=0.01s Sys=0.00s Real=0.00s
[465.496s][info][gc,start       ] GC(883) Pause Young (Allocation Failure)
[465.499s][info][gc,heap        ] GC(883) PSYoungGen: 175552K(175616K)->1439K(172544K) Eden: 174592K(174592K)->0K(168448K) From: 960K(1024K)->1439K(4096K)
[465.499s][info][gc,heap        ] GC(883) ParOldGen: 392802K(393216K)->392818K(393216K)
[465.499s][info][gc,metaspace   ] GC(883) Metaspace: 57598K(57920K)->57598K(57920K) NonClass: 51973K(52224K)->51973K(52224K) Class: 5624K(5696K)->5624K(5696K)
[465.499s][info][gc             ] GC(883) Pause Young (Allocation Failure) 555M->385M(552M) 3.081ms
[465.499s][info][gc,cpu         ] GC(883) User=0.01s Sys=0.00s Real=0.01s
[465.997s][info][gc,start       ] GC(884) Pause Young (Allocation Failure)
[466.003s][info][gc,heap        ] GC(884) PSYoungGen: 169887K(172544K)->1856K(164864K) Eden: 168448K(168448K)->0K(162816K) From: 1439K(4096K)->1856K(2048K)
[466.003s][info][gc,heap        ] GC(884) ParOldGen: 392818K(393216K)->392834K(393216K)
[466.003s][info][gc,metaspace   ] GC(884) Metaspace: 57598K(57920K)->57598K(57920K) NonClass: 51973K(52224K)->51973K(52224K) Class: 5624K(5696K)->5624K(5696K)
[466.003s][info][gc             ] GC(884) Pause Young (Allocation Failure) 549M->385M(545M) 6.726ms
[466.003s][info][gc,cpu         ] GC(884) User=0.00s Sys=0.00s Real=0.00s
[466.392s][info][gc,start       ] GC(885) Pause Young (Allocation Failure)
[466.395s][info][gc,heap        ] GC(885) PSYoungGen: 164672K(164864K)->1088K(158720K) Eden: 162816K(162816K)->0K(157184K) From: 1856K(2048K)->1088K(1536K)
[466.395s][info][gc,heap        ] GC(885) ParOldGen: 392834K(393216K)->392850K(393216K)
[466.395s][info][gc,metaspace   ] GC(885) Metaspace: 57598K(57920K)->57598K(57920K) NonClass: 51973K(52224K)->51973K(52224K) Class: 5624K(5696K)->5624K(5696K)
[466.395s][info][gc             ] GC(885) Pause Young (Allocation Failure) 544M->384M(539M) 2.990ms
[466.395s][info][gc,cpu         ] GC(885) User=0.01s Sys=0.00s Real=0.00s
[466.724s][info][gc,start       ] GC(886) Pause Young (Allocation Failure)
[466.727s][info][gc,heap        ] GC(886) PSYoungGen: 157983K(158720K)->1568K(154112K) Eden: 156895K(157184K)->0K(152064K) From: 1088K(1536K)->1568K(2048K)
[466.727s][info][gc,heap        ] GC(886) ParOldGen: 392850K(393216K)->392866K(393216K)
[466.727s][info][gc,metaspace   ] GC(886) Metaspace: 57598K(57920K)->57598K(57920K) NonClass: 51973K(52224K)->51973K(52224K) Class: 5624K(5696K)->5624K(5696K)
[466.727s][info][gc             ] GC(886) Pause Young (Allocation Failure) 537M->385M(534M) 3.616ms
[466.727s][info][gc,cpu         ] GC(886) User=0.01s Sys=0.00s Real=0.01s
[467.103s][info][gc,start       ] GC(887) Pause Young (Allocation Failure)
[467.107s][info][gc,heap        ] GC(887) PSYoungGen: 153632K(154112K)->1952K(148992K) Eden: 152064K(152064K)->0K(146944K) From: 1568K(2048K)->1952K(2048K)
[467.107s][info][gc,heap        ] GC(887) ParOldGen: 392866K(393216K)->392882K(393216K)
[467.107s][info][gc,metaspace   ] GC(887) Metaspace: 57598K(57920K)->57598K(57920K) NonClass: 51973K(52224K)->51973K(52224K) Class: 5624K(5696K)->5624K(5696K)
[467.107s][info][gc             ] GC(887) Pause Young (Allocation Failure) 533M->385M(529M) 4.114ms
[467.107s][info][gc,cpu         ] GC(887) User=0.01s Sys=0.00s Real=0.01s
[467.424s][info][gc,start       ] GC(888) Pause Young (Allocation Failure)
[467.427s][info][gc,heap        ] GC(888) PSYoungGen: 148896K(148992K)->1503K(143872K) Eden: 146944K(146944K)->0K(142336K) From: 1952K(2048K)->1503K(1536K)
[467.427s][info][gc,heap        ] GC(888) ParOldGen: 392882K(393216K)->392898K(393216K)
[467.427s][info][gc,metaspace   ] GC(888) Metaspace: 57598K(57920K)->57598K(57920K) NonClass: 51973K(52224K)->51973K(52224K) Class: 5624K(5696K)->5624K(5696K)
[467.427s][info][gc             ] GC(888) Pause Young (Allocation Failure) 529M->385M(524M) 3.272ms
[467.427s][info][gc,cpu         ] GC(888) User=0.01s Sys=0.00s Real=0.01s
[467.796s][info][gc,start       ] GC(889) Pause Young (Allocation Failure)
[467.799s][info][gc,heap        ] GC(889) PSYoungGen: 143839K(143872K)->1407K(139264K) Eden: 142336K(142336K)->0K(137728K) From: 1503K(1536K)->1407K(1536K)
[467.799s][info][gc,heap        ] GC(889) ParOldGen: 392898K(393216K)->392914K(393216K)
[467.799s][info][gc,metaspace   ] GC(889) Metaspace: 57598K(57920K)->57598K(57920K) NonClass: 51973K(52224K)->51973K(52224K) Class: 5624K(5696K)->5624K(5696K)
[467.799s][info][gc             ] GC(889) Pause Young (Allocation Failure) 524M->385M(520M) 3.093ms
[467.799s][info][gc,cpu         ] GC(889) User=0.00s Sys=0.00s Real=0.01s
[468.111s][info][gc,start       ] GC(890) Pause Young (Allocation Failure)
[468.115s][info][gc,heap        ] GC(890) PSYoungGen: 139062K(139264K)->1792K(166400K) Eden: 137654K(137728K)->0K(164352K) From: 1407K(1536K)->1792K(2048K)
[468.115s][info][gc,heap        ] GC(890) ParOldGen: 392914K(393216K)->392930K(393216K)
[468.115s][info][gc,metaspace   ] GC(890) Metaspace: 57598K(57920K)->57598K(57920K) NonClass: 51973K(52224K)->51973K(52224K) Class: 5624K(5696K)->5624K(5696K)
[468.115s][info][gc             ] GC(890) Pause Young (Allocation Failure) 519M->385M(546M) 4.082ms
[468.115s][info][gc,cpu         ] GC(890) User=0.01s Sys=0.00s Real=0.00s
[468.503s][info][gc,start       ] GC(891) Pause Young (Allocation Failure)
[468.507s][info][gc,heap        ] GC(891) PSYoungGen: 166144K(166400K)->1887K(198144K) Eden: 164352K(164352K)->0K(196096K) From: 1792K(2048K)->1887K(2048K)
[468.507s][info][gc,heap        ] GC(891) ParOldGen: 392930K(393216K)->392946K(393216K)
[468.507s][info][gc,metaspace   ] GC(891) Metaspace: 57598K(57920K)->57598K(57920K) NonClass: 51973K(52224K)->51973K(52224K) Class: 5624K(5696K)->5624K(5696K)
[468.507s][info][gc             ] GC(891) Pause Young (Allocation Failure) 545M->385M(577M) 4.011ms
[468.507s][info][gc,cpu         ] GC(891) User=0.01s Sys=0.00s Real=0.01s
[468.989s][info][gc,start       ] GC(892) Pause Young (Allocation Failure)
[468.991s][info][gc,heap        ] GC(892) PSYoungGen: 197983K(198144K)->767K(189952K) Eden: 196096K(196096K)->0K(188928K) From: 1887K(2048K)->767K(1024K)
[468.991s][info][gc,heap        ] GC(892) ParOldGen: 392946K(393216K)->392962K(393216K)
[468.991s][info][gc,metaspace   ] GC(892) Metaspace: 57598K(57920K)->57598K(57920K) NonClass: 51973K(52224K)->51973K(52224K) Class: 5624K(5696K)->5624K(5696K)
[468.991s][info][gc             ] GC(892) Pause Young (Allocation Failure) 577M->384M(569M) 2.313ms
[468.991s][info][gc,cpu         ] GC(892) User=0.00s Sys=0.00s Real=0.00s
[469.413s][info][gc,start       ] GC(893) Pause Young (Allocation Failure)
[469.417s][info][gc,heap        ] GC(893) PSYoungGen: 189695K(189952K)->1919K(184320K) Eden: 188928K(188928K)->0K(182272K) From: 767K(1024K)->1919K(2048K)
[469.417s][info][gc,heap        ] GC(893) ParOldGen: 392962K(393216K)->392978K(393216K)
[469.417s][info][gc,metaspace   ] GC(893) Metaspace: 57598K(57920K)->57598K(57920K) NonClass: 51973K(52224K)->51973K(52224K) Class: 5624K(5696K)->5624K(5696K)
[469.417s][info][gc             ] GC(893) Pause Young (Allocation Failure) 569M->385M(564M) 3.666ms
[469.417s][info][gc,cpu         ] GC(893) User=0.01s Sys=0.00s Real=0.01s
[469.831s][info][gc,start       ] GC(894) Pause Young (Allocation Failure)
[469.834s][info][gc,heap        ] GC(894) PSYoungGen: 184191K(184320K)->991K(177152K) Eden: 182272K(182272K)->0K(176128K) From: 1919K(2048K)->991K(1024K)
[469.834s][info][gc,heap        ] GC(894) ParOldGen: 392978K(393216K)->392994K(393216K)
[469.834s][info][gc,metaspace   ] GC(894) Metaspace: 57598K(57920K)->57598K(57920K) NonClass: 51973K(52224K)->51973K(52224K) Class: 5624K(5696K)->5624K(5696K)
[469.834s][info][gc             ] GC(894) Pause Young (Allocation Failure) 563M->384M(557M) 2.802ms
[469.834s][info][gc,cpu         ] GC(894) User=0.01s Sys=0.00s Real=0.00s
[470.292s][info][gc,start       ] GC(895) Pause Young (Allocation Failure)
[470.295s][info][gc,heap        ] GC(895) PSYoungGen: 177119K(177152K)->905K(171008K) Eden: 176128K(176128K)->0K(169984K) From: 991K(1024K)->905K(1024K)
[470.295s][info][gc,heap        ] GC(895) ParOldGen: 392994K(393216K)->393010K(393216K)
[470.295s][info][gc,metaspace   ] GC(895) Metaspace: 57598K(57920K)->57598K(57920K) NonClass: 51973K(52224K)->51973K(52224K) Class: 5624K(5696K)->5624K(5696K)
[470.295s][info][gc             ] GC(895) Pause Young (Allocation Failure) 556M->384M(551M) 2.774ms
[470.295s][info][gc,cpu         ] GC(895) User=0.01s Sys=0.00s Real=0.00s
[470.691s][info][gc,start       ] GC(896) Pause Young (Allocation Failure)
[470.695s][info][gc,heap        ] GC(896) PSYoungGen: 170889K(171008K)->1399K(165888K) Eden: 169983K(169984K)->0K(164352K) From: 905K(1024K)->1399K(1536K)
[470.695s][info][gc,heap        ] GC(896) ParOldGen: 393010K(393216K)->393026K(393216K)
[470.695s][info][gc,metaspace   ] GC(896) Metaspace: 57598K(57920K)->57598K(57920K) NonClass: 51973K(52224K)->51973K(52224K) Class: 5624K(5696K)->5624K(5696K)
[470.695s][info][gc             ] GC(896) Pause Young (Allocation Failure) 550M->385M(546M) 3.127ms
[470.695s][info][gc,cpu         ] GC(896) User=0.01s Sys=0.00s Real=0.00s
[471.088s][info][gc,start       ] GC(897) Pause Young (Allocation Failure)
[471.091s][info][gc,heap        ] GC(897) PSYoungGen: 165651K(165888K)->384K(159232K) Eden: 164252K(164352K)->0K(158720K) From: 1399K(1536K)->384K(512K)
[471.091s][info][gc,heap        ] GC(897) ParOldGen: 393026K(393216K)->393042K(393216K)
[471.091s][info][gc,metaspace   ] GC(897) Metaspace: 57598K(57920K)->57598K(57920K) NonClass: 51973K(52224K)->51973K(52224K) Class: 5624K(5696K)->5624K(5696K)
[471.091s][info][gc             ] GC(897) Pause Young (Allocation Failure) 545M->384M(539M) 2.148ms
[471.091s][info][gc,cpu         ] GC(897) User=0.00s Sys=0.01s Real=0.00s
[471.431s][info][gc,start       ] GC(898) Pause Young (Allocation Failure)
[471.435s][info][gc,heap        ] GC(898) PSYoungGen: 158826K(159232K)->1376K(155136K) Eden: 158442K(158720K)->0K(153600K) From: 384K(512K)->1376K(1536K)
[471.435s][info][gc,heap        ] GC(898) ParOldGen: 393042K(393216K)->393058K(393216K)
[471.435s][info][gc,metaspace   ] GC(898) Metaspace: 57598K(57920K)->57598K(57920K) NonClass: 51973K(52224K)->51973K(52224K) Class: 5624K(5696K)->5624K(5696K)
[471.435s][info][gc             ] GC(898) Pause Young (Allocation Failure) 538M->385M(535M) 3.497ms
[471.435s][info][gc,cpu         ] GC(898) User=0.00s Sys=0.00s Real=0.00s
[471.810s][info][gc,start       ] GC(899) Pause Young (Allocation Failure)
[471.815s][info][gc,heap        ] GC(899) PSYoungGen: 154976K(155136K)->2496K(151040K) Eden: 153600K(153600K)->0K(148480K) From: 1376K(1536K)->2496K(2560K)
[471.815s][info][gc,heap        ] GC(899) ParOldGen: 393058K(393216K)->393074K(393216K)
[471.815s][info][gc,metaspace   ] GC(899) Metaspace: 57598K(57920K)->57598K(57920K) NonClass: 51973K(52224K)->51973K(52224K) Class: 5624K(5696K)->5624K(5696K)
[471.815s][info][gc             ] GC(899) Pause Young (Allocation Failure) 535M->386M(531M) 4.688ms
[471.815s][info][gc,cpu         ] GC(899) User=0.00s Sys=0.00s Real=0.00s
[472.190s][info][gc,start       ] GC(900) Pause Young (Allocation Failure)
[472.193s][info][gc,heap        ] GC(900) PSYoungGen: 150884K(151040K)->896K(144896K) Eden: 148388K(148480K)->0K(143872K) From: 2496K(2560K)->896K(1024K)
[472.193s][info][gc,heap        ] GC(900) ParOldGen: 393074K(393216K)->393090K(393216K)
[472.193s][info][gc,metaspace   ] GC(900) Metaspace: 57598K(57920K)->57598K(57920K) NonClass: 51973K(52224K)->51973K(52224K) Class: 5624K(5696K)->5624K(5696K)
[472.193s][info][gc             ] GC(900) Pause Young (Allocation Failure) 531M->384M(525M) 2.912ms
[472.193s][info][gc,cpu         ] GC(900) User=0.01s Sys=0.00s Real=0.00s
[472.499s][info][gc,start       ] GC(901) Pause Young (Allocation Failure)
[472.503s][info][gc,heap        ] GC(901) PSYoungGen: 144768K(144896K)->2079K(141824K) Eden: 143872K(143872K)->0K(139264K) From: 896K(1024K)->2079K(2560K)
[472.503s][info][gc,heap        ] GC(901) ParOldGen: 393090K(393216K)->393106K(393216K)
[472.503s][info][gc,metaspace   ] GC(901) Metaspace: 57598K(57920K)->57598K(57920K) NonClass: 51973K(52224K)->51973K(52224K) Class: 5624K(5696K)->5624K(5696K)
[472.503s][info][gc             ] GC(901) Pause Young (Allocation Failure) 525M->385M(522M) 3.835ms
[472.503s][info][gc,cpu         ] GC(901) User=0.00s Sys=0.00s Real=0.00s
[472.807s][info][gc,start       ] GC(902) Pause Young (Allocation Failure)
[472.815s][info][gc,heap        ] GC(902) PSYoungGen: 141343K(141824K)->3072K(169472K) Eden: 139264K(139264K)->0K(166400K) From: 2079K(2560K)->3072K(3072K)
[472.815s][info][gc,heap        ] GC(902) ParOldGen: 393106K(393216K)->393945K(394240K)
[472.815s][info][gc,metaspace   ] GC(902) Metaspace: 57598K(57920K)->57598K(57920K) NonClass: 51973K(52224K)->51973K(52224K) Class: 5624K(5696K)->5624K(5696K)
[472.815s][info][gc             ] GC(902) Pause Young (Allocation Failure) 521M->387M(550M) 7.952ms
[472.815s][info][gc,cpu         ] GC(902) User=0.01s Sys=0.00s Real=0.00s
[473.209s][info][gc,start       ] GC(903) Pause Young (Allocation Failure)
[473.218s][info][gc,heap        ] GC(903) PSYoungGen: 169472K(169472K)->2848K(201728K) Eden: 166400K(166400K)->0K(198656K) From: 3072K(3072K)->2848K(3072K)
[473.218s][info][gc,heap        ] GC(903) ParOldGen: 393945K(394240K)->397009K(397312K)
[473.218s][info][gc,metaspace   ] GC(903) Metaspace: 57598K(57920K)->57598K(57920K) NonClass: 51973K(52224K)->51973K(52224K) Class: 5624K(5696K)->5624K(5696K)
[473.218s][info][gc             ] GC(903) Pause Young (Allocation Failure) 550M->390M(585M) 9.090ms
[473.218s][info][gc,cpu         ] GC(903) User=0.02s Sys=0.01s Real=0.01s
[473.695s][info][gc,start       ] GC(904) Pause Young (Allocation Failure)
[473.698s][info][gc,heap        ] GC(904) PSYoungGen: 201504K(201728K)->1311K(238592K) Eden: 198656K(198656K)->0K(237056K) From: 2848K(3072K)->1311K(1536K)
[473.698s][info][gc,heap        ] GC(904) ParOldGen: 397009K(397312K)->397097K(397312K)
[473.698s][info][gc,metaspace   ] GC(904) Metaspace: 57598K(57920K)->57598K(57920K) NonClass: 51973K(52224K)->51973K(52224K) Class: 5624K(5696K)->5624K(5696K)
[473.698s][info][gc             ] GC(904) Pause Young (Allocation Failure) 584M->389M(621M) 3.375ms
[473.698s][info][gc,cpu         ] GC(904) User=0.00s Sys=0.00s Real=0.01s
[474.226s][info][gc,start       ] GC(905) Pause Young (Allocation Failure)
[474.229s][info][gc,heap        ] GC(905) PSYoungGen: 238254K(238592K)->1056K(268800K) Eden: 236943K(237056K)->0K(264704K) From: 1311K(1536K)->1056K(4096K)
[474.229s][info][gc,heap        ] GC(905) ParOldGen: 397097K(397312K)->397113K(397312K)
[474.229s][info][gc,metaspace   ] GC(905) Metaspace: 57598K(57920K)->57598K(57920K) NonClass: 51973K(52224K)->51973K(52224K) Class: 5624K(5696K)->5624K(5696K)
[474.229s][info][gc             ] GC(905) Pause Young (Allocation Failure) 620M->388M(650M) 3.002ms
[474.229s][info][gc,cpu         ] GC(905) User=0.01s Sys=0.00s Real=0.01s
[474.887s][info][gc,start       ] GC(906) Pause Young (Allocation Failure)
[474.890s][info][gc,heap        ] GC(906) PSYoungGen: 265760K(268800K)->616K(255488K) Eden: 264704K(264704K)->0K(254464K) From: 1056K(4096K)->616K(1024K)
[474.890s][info][gc,heap        ] GC(906) ParOldGen: 397113K(397312K)->397129K(397312K)
[474.890s][info][gc,metaspace   ] GC(906) Metaspace: 57598K(57920K)->57598K(57920K) NonClass: 51973K(52224K)->51973K(52224K) Class: 5624K(5696K)->5624K(5696K)
[474.890s][info][gc             ] GC(906) Pause Young (Allocation Failure) 647M->388M(637M) 2.613ms
[474.890s][info][gc,cpu         ] GC(906) User=0.00s Sys=0.00s Real=0.00s
[475.486s][info][gc,start       ] GC(907) Pause Young (Allocation Failure)
[475.489s][info][gc,heap        ] GC(907) PSYoungGen: 255080K(255488K)->784K(245760K) Eden: 254464K(254464K)->0K(244736K) From: 616K(1024K)->784K(1024K)
[475.489s][info][gc,heap        ] GC(907) ParOldGen: 397129K(397312K)->397145K(397312K)
[475.489s][info][gc,metaspace   ] GC(907) Metaspace: 57598K(57920K)->57598K(57920K) NonClass: 51973K(52224K)->51973K(52224K) Class: 5624K(5696K)->5624K(5696K)
[475.489s][info][gc             ] GC(907) Pause Young (Allocation Failure) 636M->388M(628M) 2.560ms
[475.489s][info][gc,cpu         ] GC(907) User=0.01s Sys=0.00s Real=0.00s
[476.030s][info][gc,start       ] GC(908) Pause Young (Allocation Failure)
[476.035s][info][gc,heap        ] GC(908) PSYoungGen: 245520K(245760K)->2078K(238080K) Eden: 244736K(244736K)->0K(235520K) From: 784K(1024K)->2078K(2560K)
[476.035s][info][gc,heap        ] GC(908) ParOldGen: 397145K(397312K)->397161K(397312K)
[476.035s][info][gc,metaspace   ] GC(908) Metaspace: 57598K(57920K)->57598K(57920K) NonClass: 51973K(52224K)->51973K(52224K) Class: 5624K(5696K)->5624K(5696K)
[476.035s][info][gc             ] GC(908) Pause Young (Allocation Failure) 627M->389M(620M) 4.497ms
[476.035s][info][gc,cpu         ] GC(908) User=0.01s Sys=0.01s Real=0.00s
[476.607s][info][gc,start       ] GC(909) Pause Young (Allocation Failure)
[476.612s][info][gc,heap        ] GC(909) PSYoungGen: 237598K(238080K)->2847K(229888K) Eden: 235520K(235520K)->0K(226816K) From: 2078K(2560K)->2847K(3072K)
[476.613s][info][gc,heap        ] GC(909) ParOldGen: 397161K(397312K)->397177K(397312K)
[476.613s][info][gc,metaspace   ] GC(909) Metaspace: 57598K(57920K)->57598K(57920K) NonClass: 51973K(52224K)->51973K(52224K) Class: 5624K(5696K)->5624K(5696K)
[476.613s][info][gc             ] GC(909) Pause Young (Allocation Failure) 619M->390M(612M) 5.678ms
[476.613s][info][gc,cpu         ] GC(909) User=0.01s Sys=0.01s Real=0.00s
[477.131s][info][gc,start       ] GC(910) Pause Young (Allocation Failure)
[477.135s][info][gc,heap        ] GC(910) PSYoungGen: 229663K(229888K)->1886K(220160K) Eden: 226816K(226816K)->0K(218112K) From: 2847K(3072K)->1886K(2048K)
[477.135s][info][gc,heap        ] GC(910) ParOldGen: 397177K(397312K)->397193K(397312K)
[477.135s][info][gc,metaspace   ] GC(910) Metaspace: 57598K(57920K)->57598K(57920K) NonClass: 51973K(52224K)->51973K(52224K) Class: 5624K(5696K)->5624K(5696K)
[477.135s][info][gc             ] GC(910) Pause Young (Allocation Failure) 612M->389M(603M) 4.251ms
[477.135s][info][gc,cpu         ] GC(910) User=0.01s Sys=0.00s Real=0.00s
[477.689s][info][gc,start       ] GC(911) Pause Young (Allocation Failure)
[477.692s][info][gc,heap        ] GC(911) PSYoungGen: 219998K(220160K)->1148K(211456K) Eden: 218112K(218112K)->0K(209920K) From: 1886K(2048K)->1148K(1536K)
[477.692s][info][gc,heap        ] GC(911) ParOldGen: 397193K(397312K)->397209K(397312K)
[477.692s][info][gc,metaspace   ] GC(911) Metaspace: 57598K(57920K)->57598K(57920K) NonClass: 51973K(52224K)->51973K(52224K) Class: 5624K(5696K)->5624K(5696K)
[477.692s][info][gc             ] GC(911) Pause Young (Allocation Failure) 602M->389M(594M) 3.261ms
[477.692s][info][gc,cpu         ] GC(911) User=0.00s Sys=0.00s Real=0.00s
[478.191s][info][gc,start       ] GC(912) Pause Young (Allocation Failure)
[478.194s][info][gc,heap        ] GC(912) PSYoungGen: 211068K(211456K)->1045K(203776K) Eden: 209920K(209920K)->0K(202240K) From: 1148K(1536K)->1045K(1536K)
[478.194s][info][gc,heap        ] GC(912) ParOldGen: 397209K(397312K)->397225K(397312K)
[478.194s][info][gc,metaspace   ] GC(912) Metaspace: 57598K(57920K)->57598K(57920K) NonClass: 51973K(52224K)->51973K(52224K) Class: 5624K(5696K)->5624K(5696K)
[478.194s][info][gc             ] GC(912) Pause Young (Allocation Failure) 594M->388M(587M) 3.163ms
[478.194s][info][gc,cpu         ] GC(912) User=0.01s Sys=0.00s Real=0.00s
[478.675s][info][gc,start       ] GC(913) Pause Young (Allocation Failure)
[478.678s][info][gc,heap        ] GC(913) PSYoungGen: 203285K(203776K)->767K(196096K) Eden: 202240K(202240K)->0K(195072K) From: 1045K(1536K)->767K(1024K)
[478.678s][info][gc,heap        ] GC(913) ParOldGen: 397225K(397312K)->397241K(397312K)
[478.678s][info][gc,metaspace   ] GC(913) Metaspace: 57598K(57920K)->57598K(57920K) NonClass: 51973K(52224K)->51973K(52224K) Class: 5624K(5696K)->5624K(5696K)
[478.678s][info][gc             ] GC(913) Pause Young (Allocation Failure) 586M->388M(579M) 2.651ms
[478.678s][info][gc,cpu         ] GC(913) User=0.00s Sys=0.00s Real=0.01s
[479.114s][info][gc,start       ] GC(914) Pause Young (Allocation Failure)
[479.119s][info][gc,heap        ] GC(914) PSYoungGen: 195839K(196096K)->2464K(190464K) Eden: 195072K(195072K)->0K(187904K) From: 767K(1024K)->2464K(2560K)
[479.119s][info][gc,heap        ] GC(914) ParOldGen: 397241K(397312K)->397257K(397312K)
[479.119s][info][gc,metaspace   ] GC(914) Metaspace: 57598K(57920K)->57598K(57920K) NonClass: 51973K(52224K)->51973K(52224K) Class: 5624K(5696K)->5624K(5696K)
[479.120s][info][gc             ] GC(914) Pause Young (Allocation Failure) 579M->390M(574M) 5.127ms
[479.120s][info][gc,cpu         ] GC(914) User=0.00s Sys=0.00s Real=0.01s
[479.526s][info][gc,start       ] GC(915) Pause Young (Allocation Failure)
[479.528s][info][gc,heap        ] GC(915) PSYoungGen: 190368K(190464K)->831K(182272K) Eden: 187904K(187904K)->0K(181248K) From: 2464K(2560K)->831K(1024K)
[479.528s][info][gc,heap        ] GC(915) ParOldGen: 397257K(397312K)->397273K(397312K)
[479.528s][info][gc,metaspace   ] GC(915) Metaspace: 57598K(57920K)->57598K(57920K) NonClass: 51973K(52224K)->51973K(52224K) Class: 5624K(5696K)->5624K(5696K)
[479.528s][info][gc             ] GC(915) Pause Young (Allocation Failure) 573M->388M(566M) 2.486ms
[479.528s][info][gc,cpu         ] GC(915) User=0.01s Sys=0.00s Real=0.01s
[479.992s][info][gc,start       ] GC(916) Pause Young (Allocation Failure)
[479.995s][info][gc,heap        ] GC(916) PSYoungGen: 182079K(182272K)->1215K(176640K) Eden: 181248K(181248K)->0K(175104K) From: 831K(1024K)->1215K(1536K)
[479.995s][info][gc,heap        ] GC(916) ParOldGen: 397273K(397312K)->397289K(397312K)
[479.995s][info][gc,metaspace   ] GC(916) Metaspace: 57598K(57920K)->57598K(57920K) NonClass: 51973K(52224K)->51973K(52224K) Class: 5624K(5696K)->5624K(5696K)
[479.995s][info][gc             ] GC(916) Pause Young (Allocation Failure) 565M->389M(560M) 2.937ms
[479.995s][info][gc,cpu         ] GC(916) User=0.01s Sys=0.00s Real=0.00s
[480.396s][info][gc,start       ] GC(917) Pause Young (Allocation Failure)
[480.403s][info][gc,heap        ] GC(917) PSYoungGen: 176319K(176640K)->2175K(171520K) Eden: 175104K(175104K)->0K(168960K) From: 1215K(1536K)->2175K(2560K)
[480.403s][info][gc,heap        ] GC(917) ParOldGen: 397289K(397312K)->397305K(397312K)
[480.403s][info][gc,metaspace   ] GC(917) Metaspace: 57598K(57920K)->57598K(57920K) NonClass: 51973K(52224K)->51973K(52224K) Class: 5624K(5696K)->5624K(5696K)
[480.403s][info][gc             ] GC(917) Pause Young (Allocation Failure) 560M->390M(555M) 6.999ms
[480.403s][info][gc,cpu         ] GC(917) User=0.01s Sys=0.00s Real=0.00s
[480.801s][info][gc,start       ] GC(918) Pause Young (Allocation Failure)
[480.806s][info][gc,heap        ] GC(918) PSYoungGen: 171135K(171520K)->2303K(165888K) Eden: 168960K(168960K)->0K(163328K) From: 2175K(2560K)->2303K(2560K)
[480.806s][info][gc,heap        ] GC(918) ParOldGen: 397305K(397312K)->397321K(397824K)
[480.806s][info][gc,metaspace   ] GC(918) Metaspace: 57598K(57920K)->57598K(57920K) NonClass: 51973K(52224K)->51973K(52224K) Class: 5624K(5696K)->5624K(5696K)
[480.806s][info][gc             ] GC(918) Pause Young (Allocation Failure) 555M->390M(550M) 4.168ms
[480.806s][info][gc,cpu         ] GC(918) User=0.01s Sys=0.00s Real=0.00s
[481.192s][info][gc,start       ] GC(919) Pause Young (Allocation Failure)
[481.196s][info][gc,heap        ] GC(919) PSYoungGen: 165631K(165888K)->1567K(159744K) Eden: 163328K(163328K)->0K(157696K) From: 2303K(2560K)->1567K(2048K)
[481.196s][info][gc,heap        ] GC(919) ParOldGen: 397321K(397824K)->397337K(397824K)
[481.196s][info][gc,metaspace   ] GC(919) Metaspace: 57598K(57920K)->57598K(57920K) NonClass: 51973K(52224K)->51973K(52224K) Class: 5624K(5696K)->5624K(5696K)
[481.196s][info][gc             ] GC(919) Pause Young (Allocation Failure) 549M->389M(544M) 3.375ms
[481.196s][info][gc,cpu         ] GC(919) User=0.01s Sys=0.00s Real=0.00s
[481.525s][info][gc,start       ] GC(920) Pause Young (Allocation Failure)
[481.527s][info][gc,heap        ] GC(920) PSYoungGen: 159263K(159744K)->991K(153600K) Eden: 157696K(157696K)->0K(152576K) From: 1567K(2048K)->991K(1024K)
[481.527s][info][gc,heap        ] GC(920) ParOldGen: 397337K(397824K)->397353K(397824K)
[481.527s][info][gc,metaspace   ] GC(920) Metaspace: 57598K(57920K)->57598K(57920K) NonClass: 51973K(52224K)->51973K(52224K) Class: 5624K(5696K)->5624K(5696K)
[481.528s][info][gc             ] GC(920) Pause Young (Allocation Failure) 543M->389M(538M) 2.727ms
[481.528s][info][gc,cpu         ] GC(920) User=0.01s Sys=0.00s Real=0.01s
[482.081s][info][gc,start       ] GC(921) Pause Young (Allocation Failure)
[482.085s][info][gc,heap        ] GC(921) PSYoungGen: 153567K(153600K)->2430K(150016K) Eden: 152576K(152576K)->0K(147456K) From: 991K(1024K)->2430K(2560K)
[482.085s][info][gc,heap        ] GC(921) ParOldGen: 397353K(397824K)->397369K(397824K)
[482.085s][info][gc,metaspace   ] GC(921) Metaspace: 57598K(57920K)->57598K(57920K) NonClass: 51973K(52224K)->51973K(52224K) Class: 5624K(5696K)->5624K(5696K)
[482.085s][info][gc             ] GC(921) Pause Young (Allocation Failure) 538M->390M(535M) 3.973ms
[482.085s][info][gc,cpu         ] GC(921) User=0.01s Sys=0.00s Real=0.00s
[482.343s][info][gc,start       ] GC(922) Pause Young (Allocation Failure)
[482.345s][info][gc,heap        ] GC(922) PSYoungGen: 149886K(150016K)->64K(143360K) Eden: 147456K(147456K)->0K(142848K) From: 2430K(2560K)->64K(512K)
[482.345s][info][gc,heap        ] GC(922) ParOldGen: 397369K(397824K)->397385K(397824K)
[482.345s][info][gc,metaspace   ] GC(922) Metaspace: 57598K(57920K)->57598K(57920K) NonClass: 51973K(52224K)->51973K(52224K) Class: 5624K(5696K)->5624K(5696K)
[482.345s][info][gc             ] GC(922) Pause Young (Allocation Failure) 534M->388M(528M) 1.957ms
[482.345s][info][gc,cpu         ] GC(922) User=0.00s Sys=0.00s Real=0.00s
[482.706s][info][gc,start       ] GC(923) Pause Young (Allocation Failure)
[482.709s][info][gc,heap        ] GC(923) PSYoungGen: 142912K(143360K)->2015K(141824K) Eden: 142848K(142848K)->0K(138240K) From: 64K(512K)->2015K(3584K)
[482.709s][info][gc,heap        ] GC(923) ParOldGen: 397385K(397824K)->397401K(397824K)
[482.709s][info][gc,metaspace   ] GC(923) Metaspace: 57598K(57920K)->57598K(57920K) NonClass: 51973K(52224K)->51973K(52224K) Class: 5624K(5696K)->5624K(5696K)
[482.709s][info][gc             ] GC(923) Pause Young (Allocation Failure) 527M->390M(527M) 3.853ms
[482.709s][info][gc,cpu         ] GC(923) User=0.01s Sys=0.00s Real=0.01s
[483.010s][info][gc,start       ] GC(924) Pause Young (Allocation Failure)
[483.015s][info][gc,heap        ] GC(924) PSYoungGen: 140121K(141824K)->2944K(167936K) Eden: 138106K(138240K)->0K(164864K) From: 2015K(3584K)->2944K(3072K)
[483.015s][info][gc,heap        ] GC(924) ParOldGen: 397401K(397824K)->397417K(397824K)
[483.015s][info][gc,metaspace   ] GC(924) Metaspace: 57598K(57920K)->57598K(57920K) NonClass: 51973K(52224K)->51973K(52224K) Class: 5624K(5696K)->5624K(5696K)
[483.015s][info][gc             ] GC(924) Pause Young (Allocation Failure) 524M->390M(552M) 5.166ms
[483.015s][info][gc,cpu         ] GC(924) User=0.01s Sys=0.00s Real=0.00s
[483.412s][info][gc,start       ] GC(925) Pause Young (Allocation Failure)
[483.416s][info][gc,heap        ] GC(925) PSYoungGen: 167808K(167936K)->2943K(199680K) Eden: 164864K(164864K)->0K(196608K) From: 2944K(3072K)->2943K(3072K)
[483.417s][info][gc,heap        ] GC(925) ParOldGen: 397417K(397824K)->397433K(397824K)
[483.417s][info][gc,metaspace   ] GC(925) Metaspace: 57598K(57920K)->57598K(57920K) NonClass: 51973K(52224K)->51973K(52224K) Class: 5624K(5696K)->5624K(5696K)
[483.417s][info][gc             ] GC(925) Pause Young (Allocation Failure) 551M->390M(583M) 4.950ms
[483.417s][info][gc,cpu         ] GC(925) User=0.01s Sys=0.00s Real=0.01s
[483.889s][info][gc,start       ] GC(926) Pause Young (Allocation Failure)
[483.941s][info][gc,heap        ] GC(926) PSYoungGen: 192101K(199680K)->64K(236032K) Eden: 189157K(196608K)->0K(235520K) From: 2943K(3072K)->64K(512K)
[483.941s][info][gc,heap        ] GC(926) ParOldGen: 397433K(397824K)->436512K(437248K)
[483.941s][info][gc,metaspace   ] GC(926) Metaspace: 57601K(57920K)->57601K(57920K) NonClass: 51976K(52224K)->51976K(52224K) Class: 5624K(5696K)->5624K(5696K)
[483.941s][info][gc             ] GC(926) Pause Young (Allocation Failure) 575M->426M(657M) 51.813ms
[483.941s][info][gc,cpu         ] GC(926) User=0.06s Sys=0.03s Real=0.05s
[486.578s][info][gc,start       ] GC(927) Pause Young (Allocation Failure)
[486.643s][info][gc,heap        ] GC(927) PSYoungGen: 235584K(236032K)->4602K(252416K) Eden: 235520K(235520K)->0K(247808K) From: 64K(512K)->4602K(4608K)
[486.643s][info][gc,heap        ] GC(927) ParOldGen: 436512K(437248K)->524636K(524800K)
[486.643s][info][gc,metaspace   ] GC(927) Metaspace: 57757K(58048K)->57757K(58048K) NonClass: 52132K(52352K)->52132K(52352K) Class: 5624K(5696K)->5624K(5696K)
[486.643s][info][gc             ] GC(927) Pause Young (Allocation Failure) 656M->516M(759M) 64.983ms
[486.643s][info][gc,cpu         ] GC(927) User=0.08s Sys=0.05s Real=0.06s
[487.105s][info][gc,start       ] GC(928) Pause Young (Allocation Failure)
[487.117s][info][gc,heap        ] GC(928) PSYoungGen: 252165K(252416K)->4721K(297472K) Eden: 247563K(247808K)->0K(259584K) From: 4602K(4608K)->4721K(37888K)
[487.117s][info][gc,heap        ] GC(928) ParOldGen: 524636K(524800K)->529246K(529408K)
[487.117s][info][gc,metaspace   ] GC(928) Metaspace: 57757K(58048K)->57757K(58048K) NonClass: 52132K(52352K)->52132K(52352K) Class: 5624K(5696K)->5624K(5696K)
[487.117s][info][gc             ] GC(928) Pause Young (Allocation Failure) 758M->521M(807M) 12.928ms
[487.117s][info][gc,cpu         ] GC(928) User=0.02s Sys=0.01s Real=0.02s
[487.714s][info][gc,start       ] GC(929) Pause Young (Allocation Failure)
[487.720s][info][gc,heap        ] GC(929) PSYoungGen: 264305K(297472K)->1888K(261632K) Eden: 259584K(259584K)->0K(259584K) From: 4721K(37888K)->1888K(2048K)
[487.720s][info][gc,heap        ] GC(929) ParOldGen: 529246K(529408K)->531623K(531968K)
[487.720s][info][gc,metaspace   ] GC(929) Metaspace: 57757K(58048K)->57757K(58048K) NonClass: 52132K(52352K)->52132K(52352K) Class: 5624K(5696K)->5624K(5696K)
[487.721s][info][gc             ] GC(929) Pause Young (Allocation Failure) 774M->521M(775M) 6.847ms
[487.721s][info][gc,cpu         ] GC(929) User=0.01s Sys=0.00s Real=0.01s
[488.323s][info][gc,start       ] GC(930) Pause Young (Allocation Failure)
[488.328s][info][gc,heap        ] GC(930) PSYoungGen: 261177K(261632K)->1760K(295424K) Eden: 259289K(259584K)->0K(260608K) From: 1888K(2048K)->1760K(34816K)
[488.328s][info][gc,heap        ] GC(930) ParOldGen: 531623K(531968K)->531639K(531968K)
[488.328s][info][gc,metaspace   ] GC(930) Metaspace: 57757K(58048K)->57757K(58048K) NonClass: 52132K(52352K)->52132K(52352K) Class: 5624K(5696K)->5624K(5696K)
[488.328s][info][gc             ] GC(930) Pause Young (Allocation Failure) 774M->520M(808M) 4.616ms
[488.328s][info][gc,cpu         ] GC(930) User=0.00s Sys=0.00s Real=0.01s
[489.043s][info][gc,start       ] GC(931) Pause Young (Allocation Failure)
[489.049s][info][gc,heap        ] GC(931) PSYoungGen: 262368K(295424K)->681K(294400K) Eden: 260608K(260608K)->0K(260608K) From: 1760K(34816K)->681K(33792K)
[489.049s][info][gc,heap        ] GC(931) ParOldGen: 531639K(531968K)->531655K(531968K)
[489.049s][info][gc,metaspace   ] GC(931) Metaspace: 57758K(58048K)->57758K(58048K) NonClass: 52133K(52352K)->52133K(52352K) Class: 5624K(5696K)->5624K(5696K)
[489.049s][info][gc             ] GC(931) Pause Young (Allocation Failure) 775M->519M(807M) 5.714ms
[489.049s][info][gc,cpu         ] GC(931) User=0.00s Sys=0.00s Real=0.01s
[489.592s][info][gc,start       ] GC(932) Pause Young (Allocation Failure)
[489.595s][info][gc,heap        ] GC(932) PSYoungGen: 261289K(294400K)->1407K(298496K) Eden: 260608K(260608K)->0K(266752K) From: 681K(33792K)->1407K(31744K)
[489.596s][info][gc,heap        ] GC(932) ParOldGen: 531655K(531968K)->531671K(531968K)
[489.596s][info][gc,metaspace   ] GC(932) Metaspace: 57758K(58048K)->57758K(58048K) NonClass: 52133K(52352K)->52133K(52352K) Class: 5624K(5696K)->5624K(5696K)
[489.596s][info][gc             ] GC(932) Pause Young (Allocation Failure) 774M->520M(811M) 3.214ms
[489.596s][info][gc,cpu         ] GC(932) User=0.01s Sys=0.00s Real=0.00s
[490.258s][info][gc,start       ] GC(933) Pause Young (Allocation Failure)
[490.263s][info][gc,heap        ] GC(933) PSYoungGen: 268159K(298496K)->2208K(297984K) Eden: 266752K(266752K)->0K(266752K) From: 1407K(31744K)->2208K(31232K)
[490.263s][info][gc,heap        ] GC(933) ParOldGen: 531671K(531968K)->531687K(531968K)
[490.263s][info][gc,metaspace   ] GC(933) Metaspace: 57758K(58048K)->57758K(58048K) NonClass: 52133K(52352K)->52133K(52352K) Class: 5624K(5696K)->5624K(5696K)
[490.263s][info][gc             ] GC(933) Pause Young (Allocation Failure) 781M->521M(810M) 5.414ms
[490.263s][info][gc,cpu         ] GC(933) User=0.01s Sys=0.00s Real=0.00s
[490.834s][info][gc,start       ] GC(934) Pause Young (Allocation Failure)
[490.838s][info][gc,heap        ] GC(934) PSYoungGen: 268892K(297984K)->1504K(301056K) Eden: 266684K(266752K)->0K(272384K) From: 2208K(31232K)->1504K(28672K)
[490.838s][info][gc,heap        ] GC(934) ParOldGen: 531687K(531968K)->531703K(531968K)
[490.838s][info][gc,metaspace   ] GC(934) Metaspace: 57758K(58048K)->57758K(58048K) NonClass: 52133K(52352K)->52133K(52352K) Class: 5624K(5696K)->5624K(5696K)
[490.838s][info][gc             ] GC(934) Pause Young (Allocation Failure) 781M->520M(813M) 4.325ms
[490.838s][info][gc,cpu         ] GC(934) User=0.01s Sys=0.00s Real=0.01s
[491.509s][info][gc,start       ] GC(935) Pause Young (Allocation Failure)
[491.514s][info][gc,heap        ] GC(935) PSYoungGen: 273888K(301056K)->2176K(300544K) Eden: 272384K(272384K)->0K(272384K) From: 1504K(28672K)->2176K(28160K)
[491.514s][info][gc,heap        ] GC(935) ParOldGen: 531703K(531968K)->531719K(531968K)
[491.514s][info][gc,metaspace   ] GC(935) Metaspace: 57758K(58048K)->57758K(58048K) NonClass: 52133K(52352K)->52133K(52352K) Class: 5624K(5696K)->5624K(5696K)
[491.514s][info][gc             ] GC(935) Pause Young (Allocation Failure) 786M->521M(813M) 5.344ms
[491.514s][info][gc,cpu         ] GC(935) User=0.01s Sys=0.00s Real=0.00s
[492.127s][info][gc,start       ] GC(936) Pause Young (Allocation Failure)
[492.131s][info][gc,heap        ] GC(936) PSYoungGen: 274538K(300544K)->1056K(270848K) Eden: 272362K(272384K)->0K(261632K) From: 2176K(28160K)->1056K(9216K)
[492.131s][info][gc,heap        ] GC(936) ParOldGen: 531719K(531968K)->531735K(531968K)
[492.131s][info][gc,metaspace   ] GC(936) Metaspace: 57758K(58048K)->57758K(58048K) NonClass: 52133K(52352K)->52133K(52352K) Class: 5624K(5696K)->5624K(5696K)
[492.131s][info][gc             ] GC(936) Pause Young (Allocation Failure) 787M->520M(784M) 3.681ms
[492.131s][info][gc,cpu         ] GC(936) User=0.00s Sys=0.00s Real=0.00s
[492.791s][info][gc,start       ] GC(937) Pause Young (Allocation Failure)
[492.794s][info][gc,heap        ] GC(937) PSYoungGen: 262688K(270848K)->1012K(252416K) Eden: 261632K(261632K)->0K(251392K) From: 1056K(9216K)->1012K(1024K)
[492.794s][info][gc,heap        ] GC(937) ParOldGen: 531735K(531968K)->531751K(531968K)
[492.794s][info][gc,metaspace   ] GC(937) Metaspace: 57758K(58048K)->57758K(58048K) NonClass: 52133K(52352K)->52133K(52352K) Class: 5624K(5696K)->5624K(5696K)
[492.794s][info][gc             ] GC(937) Pause Young (Allocation Failure) 775M->520M(766M) 3.135ms
[492.794s][info][gc,cpu         ] GC(937) User=0.01s Sys=0.00s Real=0.00s
[493.391s][info][gc,start       ] GC(938) Pause Young (Allocation Failure)
[493.395s][info][gc,heap        ] GC(938) PSYoungGen: 252404K(252416K)->1310K(249344K) Eden: 251392K(251392K)->0K(241664K) From: 1012K(1024K)->1310K(7680K)
[493.395s][info][gc,heap        ] GC(938) ParOldGen: 531751K(531968K)->531767K(531968K)
[493.395s][info][gc,metaspace   ] GC(938) Metaspace: 57758K(58048K)->57758K(58048K) NonClass: 52133K(52352K)->52133K(52352K) Class: 5624K(5696K)->5624K(5696K)
[493.395s][info][gc             ] GC(938) Pause Young (Allocation Failure) 765M->520M(763M) 3.870ms
[493.395s][info][gc,cpu         ] GC(938) User=0.01s Sys=0.00s Real=0.00s
[493.931s][info][gc,start       ] GC(939) Pause Young (Allocation Failure)
[493.934s][info][gc,heap        ] GC(939) PSYoungGen: 242943K(249344K)->896K(233472K) Eden: 241632K(241664K)->0K(232448K) From: 1310K(7680K)->896K(1024K)
[493.934s][info][gc,heap        ] GC(939) ParOldGen: 531767K(531968K)->531783K(531968K)
[493.934s][info][gc,metaspace   ] GC(939) Metaspace: 57758K(58048K)->57758K(58048K) NonClass: 52133K(52352K)->52133K(52352K) Class: 5624K(5696K)->5624K(5696K)
[493.934s][info][gc             ] GC(939) Pause Young (Allocation Failure) 756M->520M(747M) 3.115ms
[493.934s][info][gc,cpu         ] GC(939) User=0.01s Sys=0.00s Real=0.00s
[494.504s][info][gc,start       ] GC(940) Pause Young (Allocation Failure)
[494.509s][info][gc,heap        ] GC(940) PSYoungGen: 233344K(233472K)->2208K(229376K) Eden: 232448K(232448K)->0K(223744K) From: 896K(1024K)->2208K(5632K)
[494.509s][info][gc,heap        ] GC(940) ParOldGen: 531783K(531968K)->531799K(531968K)
[494.509s][info][gc,metaspace   ] GC(940) Metaspace: 57758K(58048K)->57758K(58048K) NonClass: 52133K(52352K)->52133K(52352K) Class: 5624K(5696K)->5624K(5696K)
[494.509s][info][gc             ] GC(940) Pause Young (Allocation Failure) 747M->521M(743M) 5.413ms
[494.509s][info][gc,cpu         ] GC(940) User=0.00s Sys=0.00s Real=0.01s
[495.044s][info][gc,start       ] GC(941) Pause Young (Allocation Failure)
[495.048s][info][gc,heap        ] GC(941) PSYoungGen: 225952K(229376K)->1983K(217600K) Eden: 223744K(223744K)->0K(215552K) From: 2208K(5632K)->1983K(2048K)
[495.048s][info][gc,heap        ] GC(941) ParOldGen: 531799K(531968K)->531815K(531968K)
[495.048s][info][gc,metaspace   ] GC(941) Metaspace: 57758K(58048K)->57758K(58048K) NonClass: 52133K(52352K)->52133K(52352K) Class: 5624K(5696K)->5624K(5696K)
[495.048s][info][gc             ] GC(941) Pause Young (Allocation Failure) 739M->521M(732M) 4.335ms
[495.048s][info][gc,cpu         ] GC(941) User=0.01s Sys=0.00s Real=0.01s
[495.533s][info][gc,start       ] GC(942) Pause Young (Allocation Failure)
[495.537s][info][gc,heap        ] GC(942) PSYoungGen: 217227K(217600K)->1088K(209920K) Eden: 215243K(215552K)->0K(207360K) From: 1983K(2048K)->1088K(2560K)
[495.537s][info][gc,heap        ] GC(942) ParOldGen: 531815K(531968K)->531831K(531968K)
[495.537s][info][gc,metaspace   ] GC(942) Metaspace: 57758K(58048K)->57758K(58048K) NonClass: 52133K(52352K)->52133K(52352K) Class: 5624K(5696K)->5624K(5696K)
[495.537s][info][gc             ] GC(942) Pause Young (Allocation Failure) 731M->520M(724M) 4.376ms
[495.537s][info][gc,cpu         ] GC(942) User=0.00s Sys=0.00s Real=0.01s
[496.026s][info][gc,start       ] GC(943) Pause Young (Allocation Failure)
[496.030s][info][gc,heap        ] GC(943) PSYoungGen: 208156K(209920K)->1696K(201728K) Eden: 207068K(207360K)->0K(199680K) From: 1088K(2560K)->1696K(2048K)
[496.030s][info][gc,heap        ] GC(943) ParOldGen: 531831K(531968K)->531847K(531968K)
[496.031s][info][gc,metaspace   ] GC(943) Metaspace: 57758K(58048K)->57758K(58048K) NonClass: 52133K(52352K)->52133K(52352K) Class: 5624K(5696K)->5624K(5696K)
[496.031s][info][gc             ] GC(943) Pause Young (Allocation Failure) 722M->521M(716M) 4.098ms
[496.031s][info][gc,cpu         ] GC(943) User=0.01s Sys=0.00s Real=0.00s
[496.512s][info][gc,start       ] GC(944) Pause Young (Allocation Failure)
[496.517s][info][gc,heap        ] GC(944) PSYoungGen: 201376K(201728K)->2814K(195584K) Eden: 199680K(199680K)->0K(192512K) From: 1696K(2048K)->2814K(3072K)
[496.517s][info][gc,heap        ] GC(944) ParOldGen: 531847K(531968K)->531863K(531968K)
[496.517s][info][gc,metaspace   ] GC(944) Metaspace: 57758K(58048K)->57758K(58048K) NonClass: 52133K(52352K)->52133K(52352K) Class: 5624K(5696K)->5624K(5696K)
[496.517s][info][gc             ] GC(944) Pause Young (Allocation Failure) 716M->522M(710M) 5.404ms
[496.517s][info][gc,cpu         ] GC(944) User=0.01s Sys=0.00s Real=0.01s
[496.991s][info][gc,start       ] GC(945) Pause Young (Allocation Failure)
[496.994s][info][gc,heap        ] GC(945) PSYoungGen: 195326K(195584K)->1407K(187392K) Eden: 192512K(192512K)->0K(185856K) From: 2814K(3072K)->1407K(1536K)
[496.994s][info][gc,heap        ] GC(945) ParOldGen: 531863K(531968K)->531879K(531968K)
[496.994s][info][gc,metaspace   ] GC(945) Metaspace: 57758K(58048K)->57758K(58048K) NonClass: 52133K(52352K)->52133K(52352K) Class: 5624K(5696K)->5624K(5696K)
[496.994s][info][gc             ] GC(945) Pause Young (Allocation Failure) 710M->520M(702M) 3.497ms
[496.994s][info][gc,cpu         ] GC(945) User=0.00s Sys=0.00s Real=0.00s
[497.412s][info][gc,start       ] GC(946) Pause Young (Allocation Failure)
[497.418s][info][gc,heap        ] GC(946) PSYoungGen: 187263K(187392K)->2144K(181760K) Eden: 185856K(185856K)->0K(179200K) From: 1407K(1536K)->2144K(2560K)
[497.418s][info][gc,heap        ] GC(946) ParOldGen: 531879K(531968K)->531895K(531968K)
[497.418s][info][gc,metaspace   ] GC(946) Metaspace: 57758K(58048K)->57758K(58048K) NonClass: 52133K(52352K)->52133K(52352K) Class: 5624K(5696K)->5624K(5696K)
[497.418s][info][gc             ] GC(946) Pause Young (Allocation Failure) 702M->521M(697M) 6.779ms
[497.418s][info][gc,cpu         ] GC(946) User=0.01s Sys=0.00s Real=0.01s
[497.823s][info][gc,start       ] GC(947) Pause Young (Allocation Failure)
[497.828s][info][gc,heap        ] GC(947) PSYoungGen: 181156K(181760K)->2527K(175616K) Eden: 179012K(179200K)->0K(173056K) From: 2144K(2560K)->2527K(2560K)
[497.828s][info][gc,heap        ] GC(947) ParOldGen: 531895K(531968K)->531911K(531968K)
[497.828s][info][gc,metaspace   ] GC(947) Metaspace: 57758K(58048K)->57758K(58048K) NonClass: 52133K(52352K)->52133K(52352K) Class: 5624K(5696K)->5624K(5696K)
[497.828s][info][gc             ] GC(947) Pause Young (Allocation Failure) 696M->521M(691M) 4.796ms
[497.828s][info][gc,cpu         ] GC(947) User=0.01s Sys=0.00s Real=0.01s
[498.226s][info][gc,start       ] GC(948) Pause Young (Allocation Failure)
[498.230s][info][gc,heap        ] GC(948) PSYoungGen: 175574K(175616K)->1056K(168448K) Eden: 173047K(173056K)->0K(166912K) From: 2527K(2560K)->1056K(1536K)
[498.230s][info][gc,heap        ] GC(948) ParOldGen: 531911K(531968K)->531927K(531968K)
[498.230s][info][gc,metaspace   ] GC(948) Metaspace: 57758K(58048K)->57758K(58048K) NonClass: 52133K(52352K)->52133K(52352K) Class: 5624K(5696K)->5624K(5696K)
[498.230s][info][gc             ] GC(948) Pause Young (Allocation Failure) 690M->520M(684M) 3.913ms
[498.230s][info][gc,cpu         ] GC(948) User=0.01s Sys=0.00s Real=0.00s
[498.675s][info][gc,start       ] GC(949) Pause Young (Allocation Failure)
[498.684s][info][gc,heap        ] GC(949) PSYoungGen: 167954K(168448K)->1440K(186880K) Eden: 166898K(166912K)->0K(174592K) From: 1056K(1536K)->1440K(12288K)
[498.684s][info][gc,heap        ] GC(949) ParOldGen: 531927K(531968K)->531943K(531968K)
[498.684s][info][gc,metaspace   ] GC(949) Metaspace: 57758K(58048K)->57758K(58048K) NonClass: 52133K(52352K)->52133K(52352K) Class: 5624K(5696K)->5624K(5696K)
[498.684s][info][gc             ] GC(949) Pause Young (Allocation Failure) 683M->520M(702M) 8.804ms
[498.684s][info][gc,cpu         ] GC(949) User=0.00s Sys=0.00s Real=0.01s
[499.086s][info][gc,start       ] GC(950) Pause Young (Allocation Failure)
[499.089s][info][gc,heap        ] GC(950) PSYoungGen: 176032K(186880K)->186K(211456K) Eden: 174592K(174592K)->0K(200192K) From: 1440K(12288K)->186K(11264K)
[499.089s][info][gc,heap        ] GC(950) ParOldGen: 531943K(531968K)->531959K(531968K)
[499.089s][info][gc,metaspace   ] GC(950) Metaspace: 57758K(58048K)->57758K(58048K) NonClass: 52133K(52352K)->52133K(52352K) Class: 5624K(5696K)->5624K(5696K)
[499.089s][info][gc             ] GC(950) Pause Young (Allocation Failure) 691M->519M(726M) 3.354ms
[499.089s][info][gc,cpu         ] GC(950) User=0.01s Sys=0.00s Real=0.01s
[499.517s][info][gc,start       ] GC(951) Pause Young (Allocation Failure)
[499.524s][info][gc,heap        ] GC(951) PSYoungGen: 200378K(211456K)->2942K(210944K) Eden: 200192K(200192K)->0K(200192K) From: 186K(11264K)->2942K(10752K)
[499.524s][info][gc,heap        ] GC(951) ParOldGen: 531959K(531968K)->531975K(532480K)
[499.524s][info][gc,metaspace   ] GC(951) Metaspace: 57758K(58048K)->57758K(58048K) NonClass: 52133K(52352K)->52133K(52352K) Class: 5624K(5696K)->5624K(5696K)
[499.524s][info][gc             ] GC(951) Pause Young (Allocation Failure) 715M->522M(726M) 6.480ms
[499.524s][info][gc,cpu         ] GC(951) User=0.01s Sys=0.00s Real=0.00s
[500.007s][info][gc,start       ] GC(952) Pause Young (Allocation Failure)
[500.013s][info][gc,heap        ] GC(952) PSYoungGen: 203134K(210944K)->2942K(248320K) Eden: 200192K(200192K)->0K(239104K) From: 2942K(10752K)->2942K(9216K)
[500.013s][info][gc,heap        ] GC(952) ParOldGen: 531975K(532480K)->531991K(532480K)
[500.013s][info][gc,metaspace   ] GC(952) Metaspace: 57758K(58048K)->57758K(58048K) NonClass: 52133K(52352K)->52133K(52352K) Class: 5624K(5696K)->5624K(5696K)
[500.013s][info][gc             ] GC(952) Pause Young (Allocation Failure) 717M->522M(762M) 5.841ms
[500.013s][info][gc,cpu         ] GC(952) User=0.01s Sys=0.01s Real=0.00s
[500.594s][info][gc,start       ] GC(953) Pause Young (Allocation Failure)
[500.598s][info][gc,heap        ] GC(953) PSYoungGen: 242046K(248320K)->873K(248832K) Eden: 239104K(239104K)->0K(239104K) From: 2942K(9216K)->873K(9728K)
[500.598s][info][gc,heap        ] GC(953) ParOldGen: 531991K(532480K)->532007K(532480K)
[500.598s][info][gc,metaspace   ] GC(953) Metaspace: 57758K(58048K)->57758K(58048K) NonClass: 52133K(52352K)->52133K(52352K) Class: 5624K(5696K)->5624K(5696K)
[500.598s][info][gc             ] GC(953) Pause Young (Allocation Failure) 755M->520M(763M) 3.210ms
[500.598s][info][gc,cpu         ] GC(953) User=0.01s Sys=0.00s Real=0.01s
[501.126s][info][gc,start       ] GC(954) Pause Young (Allocation Failure)
[501.130s][info][gc,heap        ] GC(954) PSYoungGen: 239933K(248832K)->1056K(231424K) Eden: 239059K(239104K)->0K(229888K) From: 873K(9728K)->1056K(1536K)
[501.130s][info][gc,heap        ] GC(954) ParOldGen: 532007K(532480K)->532023K(532480K)
[501.130s][info][gc,metaspace   ] GC(954) Metaspace: 57758K(58048K)->57758K(58048K) NonClass: 52133K(52352K)->52133K(52352K) Class: 5624K(5696K)->5624K(5696K)
[501.130s][info][gc             ] GC(954) Pause Young (Allocation Failure) 753M->520M(746M) 3.605ms
[501.130s][info][gc,cpu         ] GC(954) User=0.01s Sys=0.00s Real=0.00s
[501.708s][info][gc,start       ] GC(955) Pause Young (Allocation Failure)
[501.712s][info][gc,heap        ] GC(955) PSYoungGen: 230944K(231424K)->1472K(222720K) Eden: 229888K(229888K)->0K(221184K) From: 1056K(1536K)->1472K(1536K)
[501.712s][info][gc,heap        ] GC(955) ParOldGen: 532023K(532480K)->532039K(532480K)
[501.712s][info][gc,metaspace   ] GC(955) Metaspace: 57758K(58048K)->57758K(58048K) NonClass: 52133K(52352K)->52133K(52352K) Class: 5624K(5696K)->5624K(5696K)
[501.712s][info][gc             ] GC(955) Pause Young (Allocation Failure) 745M->521M(737M) 4.197ms
[501.712s][info][gc,cpu         ] GC(955) User=0.01s Sys=0.00s Real=0.00s
[502.210s][info][gc,start       ] GC(956) Pause Young (Allocation Failure)
[502.216s][info][gc,heap        ] GC(956) PSYoungGen: 222415K(222720K)->2816K(216064K) Eden: 220943K(221184K)->0K(212992K) From: 1472K(1536K)->2816K(3072K)
[502.216s][info][gc,heap        ] GC(956) ParOldGen: 532039K(532480K)->532055K(532480K)
[502.217s][info][gc,metaspace   ] GC(956) Metaspace: 57758K(58048K)->57758K(58048K) NonClass: 52133K(52352K)->52133K(52352K) Class: 5624K(5696K)->5624K(5696K)
[502.217s][info][gc             ] GC(956) Pause Young (Allocation Failure) 736M->522M(731M) 6.483ms
[502.217s][info][gc,cpu         ] GC(956) User=0.01s Sys=0.00s Real=0.01s
[502.713s][info][gc,start       ] GC(957) Pause Young (Allocation Failure)
[502.719s][info][gc,heap        ] GC(957) PSYoungGen: 215808K(216064K)->3198K(257536K) Eden: 212992K(212992K)->0K(253952K) From: 2816K(3072K)->3198K(3584K)
[502.719s][info][gc,heap        ] GC(957) ParOldGen: 532055K(532480K)->532071K(532480K)
[502.719s][info][gc,metaspace   ] GC(957) Metaspace: 57758K(58048K)->57758K(58048K) NonClass: 52133K(52352K)->52133K(52352K) Class: 5624K(5696K)->5624K(5696K)
[502.719s][info][gc             ] GC(957) Pause Young (Allocation Failure) 730M->522M(771M) 6.542ms
[502.719s][info][gc,cpu         ] GC(957) User=0.01s Sys=0.00s Real=0.01s
[503.315s][info][gc,start       ] GC(958) Pause Young (Allocation Failure)
[503.321s][info][gc,heap        ] GC(958) PSYoungGen: 257150K(257536K)->3006K(279552K) Eden: 253952K(253952K)->0K(271872K) From: 3198K(3584K)->3006K(7680K)
[503.321s][info][gc,heap        ] GC(958) ParOldGen: 532071K(532480K)->532087K(532480K)
[503.321s][info][gc,metaspace   ] GC(958) Metaspace: 57758K(58048K)->57758K(58048K) NonClass: 52133K(52352K)->52133K(52352K) Class: 5624K(5696K)->5624K(5696K)
[503.321s][info][gc             ] GC(958) Pause Young (Allocation Failure) 770M->522M(793M) 5.880ms
[503.321s][info][gc,cpu         ] GC(958) User=0.01s Sys=0.00s Real=0.01s
[503.982s][info][gc,start       ] GC(959) Pause Young (Allocation Failure)
[503.986s][info][gc,heap        ] GC(959) PSYoungGen: 274839K(279552K)->992K(262144K) Eden: 271833K(271872K)->0K(261120K) From: 3006K(7680K)->992K(1024K)
[503.986s][info][gc,heap        ] GC(959) ParOldGen: 532087K(532480K)->532103K(532480K)
[503.986s][info][gc,metaspace   ] GC(959) Metaspace: 57758K(58048K)->57758K(58048K) NonClass: 52133K(52352K)->52133K(52352K) Class: 5624K(5696K)->5624K(5696K)
[503.986s][info][gc             ] GC(959) Pause Young (Allocation Failure) 788M->520M(776M) 3.728ms
[503.986s][info][gc,cpu         ] GC(959) User=0.01s Sys=0.00s Real=0.00s
[504.587s][info][gc,start       ] GC(960) Pause Young (Allocation Failure)
[504.589s][info][gc,heap        ] GC(960) PSYoungGen: 262112K(262144K)->320K(251392K) Eden: 261120K(261120K)->0K(250880K) From: 992K(1024K)->320K(512K)
[504.590s][info][gc,heap        ] GC(960) ParOldGen: 532103K(532480K)->532119K(532480K)
[504.590s][info][gc,metaspace   ] GC(960) Metaspace: 57758K(58048K)->57758K(58048K) NonClass: 52133K(52352K)->52133K(52352K) Class: 5624K(5696K)->5624K(5696K)
[504.590s][info][gc             ] GC(960) Pause Young (Allocation Failure) 775M->519M(765M) 2.680ms
[504.590s][info][gc,cpu         ] GC(960) User=0.00s Sys=0.00s Real=0.00s
[505.133s][info][gc,start       ] GC(961) Pause Young (Allocation Failure)
[505.136s][info][gc,heap        ] GC(961) PSYoungGen: 251071K(251392K)->608K(248320K) Eden: 250751K(250880K)->0K(241152K) From: 320K(512K)->608K(7168K)
[505.136s][info][gc,heap        ] GC(961) ParOldGen: 532119K(532480K)->532135K(532480K)
[505.136s][info][gc,metaspace   ] GC(961) Metaspace: 57758K(58048K)->57758K(58048K) NonClass: 52133K(52352K)->52133K(52352K) Class: 5624K(5696K)->5624K(5696K)
[505.136s][info][gc             ] GC(961) Pause Young (Allocation Failure) 764M->520M(762M) 2.641ms
[505.136s][info][gc,cpu         ] GC(961) User=0.01s Sys=0.00s Real=0.00s
[505.803s][info][gc,start       ] GC(962) Pause Young (Allocation Failure)
[505.821s][info][gc,heap        ] GC(962) PSYoungGen: 241603K(248320K)->6625K(261632K) Eden: 240995K(241152K)->0K(254976K) From: 608K(7168K)->6625K(6656K)
[505.821s][info][gc,heap        ] GC(962) ParOldGen: 532135K(532480K)->541545K(541696K)
[505.821s][info][gc,metaspace   ] GC(962) Metaspace: 57758K(58048K)->57758K(58048K) NonClass: 52133K(52352K)->52133K(52352K) Class: 5624K(5696K)->5624K(5696K)
[505.821s][info][gc             ] GC(962) Pause Young (Allocation Failure) 755M->535M(784M) 17.834ms
[505.821s][info][gc,cpu         ] GC(962) User=0.03s Sys=0.01s Real=0.02s
[506.308s][info][gc,start       ] GC(963) Pause Young (Allocation Failure)
[506.326s][info][gc,heap        ] GC(963) PSYoungGen: 261601K(261632K)->3518K(266752K) Eden: 254976K(254976K)->0K(254976K) From: 6625K(6656K)->3518K(11776K)
[506.326s][info][gc,heap        ] GC(963) ParOldGen: 541545K(541696K)->548180K(548352K)
[506.326s][info][gc,metaspace   ] GC(963) Metaspace: 57758K(58048K)->57758K(58048K) NonClass: 52133K(52352K)->52133K(52352K) Class: 5624K(5696K)->5624K(5696K)
[506.326s][info][gc             ] GC(963) Pause Young (Allocation Failure) 784M->538M(796M) 17.662ms
[506.326s][info][gc,cpu         ] GC(963) User=0.02s Sys=0.01s Real=0.01s
[506.909s][info][gc,start       ] GC(964) Pause Young (Allocation Failure)
[506.916s][info][gc,heap        ] GC(964) PSYoungGen: 258494K(266752K)->2942K(313856K) Eden: 254976K(254976K)->0K(304640K) From: 3518K(11776K)->2942K(9216K)
[506.916s][info][gc,heap        ] GC(964) ParOldGen: 548180K(548352K)->548624K(548864K)
[506.916s][info][gc,metaspace   ] GC(964) Metaspace: 57758K(58048K)->57758K(58048K) NonClass: 52133K(52352K)->52133K(52352K) Class: 5624K(5696K)->5624K(5696K)
[506.916s][info][gc             ] GC(964) Pause Young (Allocation Failure) 787M->538M(842M) 6.627ms
[506.916s][info][gc,cpu         ] GC(964) User=0.01s Sys=0.00s Real=0.00s
[507.635s][info][gc,start       ] GC(965) Pause Young (Allocation Failure)
[507.642s][info][gc,heap        ] GC(965) PSYoungGen: 307582K(313856K)->2975K(314880K) Eden: 304640K(304640K)->0K(304640K) From: 2942K(9216K)->2975K(10240K)
[507.642s][info][gc,heap        ] GC(965) ParOldGen: 548624K(548864K)->548640K(548864K)
[507.642s][info][gc,metaspace   ] GC(965) Metaspace: 57758K(58048K)->57758K(58048K) NonClass: 52133K(52352K)->52133K(52352K) Class: 5624K(5696K)->5624K(5696K)
[507.642s][info][gc             ] GC(965) Pause Young (Allocation Failure) 836M->538M(843M) 6.500ms
[507.642s][info][gc,cpu         ] GC(965) User=0.01s Sys=0.01s Real=0.01s
[508.329s][info][gc,start       ] GC(966) Pause Young (Allocation Failure)
[508.335s][info][gc,heap        ] GC(966) PSYoungGen: 307615K(314880K)->895K(322048K) Eden: 304640K(304640K)->0K(313856K) From: 2975K(10240K)->895K(8192K)
[508.335s][info][gc,heap        ] GC(966) ParOldGen: 548640K(548864K)->548656K(548864K)
[508.335s][info][gc,metaspace   ] GC(966) Metaspace: 57758K(58048K)->57758K(58048K) NonClass: 52133K(52352K)->52133K(52352K) Class: 5624K(5696K)->5624K(5696K)
[508.335s][info][gc             ] GC(966) Pause Young (Allocation Failure) 836M->536M(850M) 5.912ms
[508.335s][info][gc,cpu         ] GC(966) User=0.00s Sys=0.00s Real=0.00s
[509.112s][info][gc,start       ] GC(967) Pause Young (Allocation Failure)
[509.117s][info][gc,heap        ] GC(967) PSYoungGen: 314608K(322048K)->1152K(323072K) Eden: 313713K(313856K)->0K(313856K) From: 895K(8192K)->1152K(9216K)
[509.117s][info][gc,heap        ] GC(967) ParOldGen: 548656K(548864K)->548672K(548864K)
[509.117s][info][gc,metaspace   ] GC(967) Metaspace: 57758K(58048K)->57758K(58048K) NonClass: 52133K(52352K)->52133K(52352K) Class: 5624K(5696K)->5624K(5696K)
[509.117s][info][gc             ] GC(967) Pause Young (Allocation Failure) 843M->536M(851M) 5.058ms
[509.117s][info][gc,cpu         ] GC(967) User=0.01s Sys=0.00s Real=0.01s
[509.825s][info][gc,start       ] GC(968) Pause Young (Allocation Failure)
[509.829s][info][gc,heap        ] GC(968) PSYoungGen: 314869K(323072K)->1408K(323584K) Eden: 313717K(313856K)->0K(315392K) From: 1152K(9216K)->1408K(8192K)
[509.829s][info][gc,heap        ] GC(968) ParOldGen: 548672K(548864K)->548688K(548864K)
[509.829s][info][gc,metaspace   ] GC(968) Metaspace: 57758K(58048K)->57758K(58048K) NonClass: 52133K(52352K)->52133K(52352K) Class: 5624K(5696K)->5624K(5696K)
[509.829s][info][gc             ] GC(968) Pause Young (Allocation Failure) 843M->537M(852M) 4.108ms
[509.830s][info][gc,cpu         ] GC(968) User=0.01s Sys=0.00s Real=0.01s
[510.601s][info][gc,start       ] GC(969) Pause Young (Allocation Failure)
[510.606s][info][gc,heap        ] GC(969) PSYoungGen: 316800K(323584K)->2176K(305152K) Eden: 315392K(315392K)->0K(302592K) From: 1408K(8192K)->2176K(2560K)
[510.606s][info][gc,heap        ] GC(969) ParOldGen: 548688K(548864K)->548704K(548864K)
[510.606s][info][gc,metaspace   ] GC(969) Metaspace: 57758K(58048K)->57758K(58048K) NonClass: 52133K(52352K)->52133K(52352K) Class: 5624K(5696K)->5624K(5696K)
[510.606s][info][gc             ] GC(969) Pause Young (Allocation Failure) 845M->537M(834M) 4.886ms
[510.606s][info][gc,cpu         ] GC(969) User=0.01s Sys=0.00s Real=0.01s
[511.307s][info][gc,start       ] GC(970) Pause Young (Allocation Failure)
[511.313s][info][gc,heap        ] GC(970) PSYoungGen: 304768K(305152K)->2368K(292864K) Eden: 302592K(302592K)->0K(290304K) From: 2176K(2560K)->2368K(2560K)
[511.313s][info][gc,heap        ] GC(970) ParOldGen: 548704K(548864K)->548720K(548864K)
[511.313s][info][gc,metaspace   ] GC(970) Metaspace: 57758K(58048K)->57758K(58048K) NonClass: 52133K(52352K)->52133K(52352K) Class: 5624K(5696K)->5624K(5696K)
[511.313s][info][gc             ] GC(970) Pause Young (Allocation Failure) 833M->538M(822M) 5.909ms
[511.313s][info][gc,cpu         ] GC(970) User=0.01s Sys=0.00s Real=0.00s
[512.006s][info][gc,start       ] GC(971) Pause Young (Allocation Failure)
[512.012s][info][gc,heap        ] GC(971) PSYoungGen: 292672K(292864K)->3167K(282624K) Eden: 290304K(290304K)->0K(279040K) From: 2368K(2560K)->3167K(3584K)
[512.012s][info][gc,heap        ] GC(971) ParOldGen: 548720K(548864K)->548736K(548864K)
[512.012s][info][gc,metaspace   ] GC(971) Metaspace: 57758K(58048K)->57758K(58048K) NonClass: 52133K(52352K)->52133K(52352K) Class: 5624K(5696K)->5624K(5696K)
[512.012s][info][gc             ] GC(971) Pause Young (Allocation Failure) 821M->538M(812M) 5.663ms
[512.012s][info][gc,cpu         ] GC(971) User=0.01s Sys=0.00s Real=0.01s
[512.747s][info][gc,start       ] GC(972) Pause Young (Allocation Failure)
[512.750s][info][gc,heap        ] GC(972) PSYoungGen: 282207K(282624K)->1375K(269824K) Eden: 279040K(279040K)->0K(268288K) From: 3167K(3584K)->1375K(1536K)
[512.750s][info][gc,heap        ] GC(972) ParOldGen: 548736K(548864K)->548752K(548864K)
[512.750s][info][gc,metaspace   ] GC(972) Metaspace: 57758K(58048K)->57758K(58048K) NonClass: 52133K(52352K)->52133K(52352K) Class: 5624K(5696K)->5624K(5696K)
[512.750s][info][gc             ] GC(972) Pause Young (Allocation Failure) 811M->537M(799M) 3.746ms
[512.750s][info][gc,cpu         ] GC(972) User=0.00s Sys=0.00s Real=0.00s
[513.308s][info][gc,start       ] GC(973) Pause Young (Allocation Failure)
[513.313s][info][gc,heap        ] GC(973) PSYoungGen: 269663K(269824K)->2495K(260608K) Eden: 268288K(268288K)->0K(258048K) From: 1375K(1536K)->2495K(2560K)
[513.313s][info][gc,heap        ] GC(973) ParOldGen: 548752K(548864K)->548768K(548864K)
[513.313s][info][gc,metaspace   ] GC(973) Metaspace: 57758K(58048K)->57758K(58048K) NonClass: 52133K(52352K)->52133K(52352K) Class: 5624K(5696K)->5624K(5696K)
[513.313s][info][gc             ] GC(973) Pause Young (Allocation Failure) 799M->538M(790M) 4.694ms
[513.313s][info][gc,cpu         ] GC(973) User=0.01s Sys=0.00s Real=0.00s
[513.920s][info][gc,start       ] GC(974) Pause Young (Allocation Failure)
[513.924s][info][gc,heap        ] GC(974) PSYoungGen: 260543K(260608K)->928K(249344K) Eden: 258048K(258048K)->0K(248320K) From: 2495K(2560K)->928K(1024K)
[513.924s][info][gc,heap        ] GC(974) ParOldGen: 548768K(548864K)->548784K(548864K)
[513.924s][info][gc,metaspace   ] GC(974) Metaspace: 57758K(58048K)->57758K(58048K) NonClass: 52133K(52352K)->52133K(52352K) Class: 5624K(5696K)->5624K(5696K)
[513.924s][info][gc             ] GC(974) Pause Young (Allocation Failure) 790M->536M(779M) 3.370ms
[513.924s][info][gc,cpu         ] GC(974) User=0.00s Sys=0.00s Real=0.00s
[514.504s][info][gc,start       ] GC(975) Pause Young (Allocation Failure)
[514.508s][info][gc,heap        ] GC(975) PSYoungGen: 249248K(249344K)->1791K(245248K) Eden: 248320K(248320K)->0K(238592K) From: 928K(1024K)->1791K(6656K)
[514.508s][info][gc,heap        ] GC(975) ParOldGen: 548784K(548864K)->548800K(548864K)
[514.508s][info][gc,metaspace   ] GC(975) Metaspace: 57758K(58048K)->57758K(58048K) NonClass: 52133K(52352K)->52133K(52352K) Class: 5624K(5696K)->5624K(5696K)
[514.508s][info][gc             ] GC(975) Pause Young (Allocation Failure) 779M->537M(775M) 4.025ms
[514.508s][info][gc,cpu         ] GC(975) User=0.01s Sys=0.00s Real=0.01s
[515.091s][info][gc,start       ] GC(976) Pause Young (Allocation Failure)
[515.094s][info][gc,heap        ] GC(976) PSYoungGen: 240383K(245248K)->788K(230400K) Eden: 238592K(238592K)->0K(229376K) From: 1791K(6656K)->788K(1024K)
[515.095s][info][gc,heap        ] GC(976) ParOldGen: 548800K(548864K)->548816K(548864K)
[515.095s][info][gc,metaspace   ] GC(976) Metaspace: 57758K(58048K)->57758K(58048K) NonClass: 52133K(52352K)->52133K(52352K) Class: 5624K(5696K)->5624K(5696K)
[515.095s][info][gc             ] GC(976) Pause Young (Allocation Failure) 770M->536M(761M) 3.238ms
[515.095s][info][gc,cpu         ] GC(976) User=0.01s Sys=0.00s Real=0.00s
[515.611s][info][gc,start       ] GC(977) Pause Young (Allocation Failure)
[515.616s][info][gc,heap        ] GC(977) PSYoungGen: 230066K(230400K)->2368K(223232K) Eden: 229278K(229376K)->0K(220672K) From: 788K(1024K)->2368K(2560K)
[515.616s][info][gc,heap        ] GC(977) ParOldGen: 548816K(548864K)->548832K(548864K)
[515.616s][info][gc,metaspace   ] GC(977) Metaspace: 57758K(58048K)->57758K(58048K) NonClass: 52133K(52352K)->52133K(52352K) Class: 5624K(5696K)->5624K(5696K)
[515.616s][info][gc             ] GC(977) Pause Young (Allocation Failure) 760M->538M(754M) 4.886ms
[515.616s][info][gc,cpu         ] GC(977) User=0.01s Sys=0.00s Real=0.00s
[516.123s][info][gc,start       ] GC(978) Pause Young (Allocation Failure)
[516.127s][info][gc,heap        ] GC(978) PSYoungGen: 223002K(223232K)->1952K(214528K) Eden: 220634K(220672K)->0K(212480K) From: 2368K(2560K)->1952K(2048K)
[516.127s][info][gc,heap        ] GC(978) ParOldGen: 548832K(548864K)->548848K(548864K)
[516.127s][info][gc,metaspace   ] GC(978) Metaspace: 57758K(58048K)->57758K(58048K) NonClass: 52133K(52352K)->52133K(52352K) Class: 5624K(5696K)->5624K(5696K)
[516.127s][info][gc             ] GC(978) Pause Young (Allocation Failure) 753M->537M(745M) 4.559ms
[516.127s][info][gc,cpu         ] GC(978) User=0.00s Sys=0.00s Real=0.01s
[516.721s][info][gc,start       ] GC(979) Pause Young (Allocation Failure)
[516.725s][info][gc,heap        ] GC(979) PSYoungGen: 214432K(214528K)->1663K(206848K) Eden: 212480K(212480K)->0K(204800K) From: 1952K(2048K)->1663K(2048K)
[516.725s][info][gc,heap        ] GC(979) ParOldGen: 548848K(548864K)->548864K(549376K)
[516.725s][info][gc,metaspace   ] GC(979) Metaspace: 57758K(58048K)->57758K(58048K) NonClass: 52133K(52352K)->52133K(52352K) Class: 5624K(5696K)->5624K(5696K)
[516.725s][info][gc             ] GC(979) Pause Young (Allocation Failure) 745M->537M(738M) 3.982ms
[516.725s][info][gc,cpu         ] GC(979) User=0.01s Sys=0.00s Real=0.00s
[517.112s][info][gc,start       ] GC(980) Pause Young (Allocation Failure)
[517.118s][info][gc,heap        ] GC(980) PSYoungGen: 206463K(206848K)->3007K(200192K) Eden: 204800K(204800K)->0K(197120K) From: 1663K(2048K)->3007K(3072K)
[517.118s][info][gc,heap        ] GC(980) ParOldGen: 548864K(549376K)->548880K(549376K)
[517.118s][info][gc,metaspace   ] GC(980) Metaspace: 57758K(58048K)->57758K(58048K) NonClass: 52133K(52352K)->52133K(52352K) Class: 5624K(5696K)->5624K(5696K)
[517.118s][info][gc             ] GC(980) Pause Young (Allocation Failure) 737M->538M(732M) 5.614ms
[517.118s][info][gc,cpu         ] GC(980) User=0.01s Sys=0.00s Real=0.01s
[517.600s][info][gc,start       ] GC(981) Pause Young (Allocation Failure)
[517.604s][info][gc,heap        ] GC(981) PSYoungGen: 200127K(200192K)->1664K(192000K) Eden: 197120K(197120K)->0K(189952K) From: 3007K(3072K)->1664K(2048K)
[517.605s][info][gc,heap        ] GC(981) ParOldGen: 548880K(549376K)->548896K(549376K)
[517.605s][info][gc,metaspace   ] GC(981) Metaspace: 57758K(58048K)->57758K(58048K) NonClass: 52133K(52352K)->52133K(52352K) Class: 5624K(5696K)->5624K(5696K)
[517.605s][info][gc             ] GC(981) Pause Young (Allocation Failure) 731M->537M(724M) 4.115ms
[517.605s][info][gc,cpu         ] GC(981) User=0.00s Sys=0.00s Real=0.00s
[518.031s][info][gc,start       ] GC(982) Pause Young (Allocation Failure)
[518.035s][info][gc,heap        ] GC(982) PSYoungGen: 191616K(192000K)->1567K(185344K) Eden: 189952K(189952K)->0K(183296K) From: 1664K(2048K)->1567K(2048K)
[518.036s][info][gc,heap        ] GC(982) ParOldGen: 548896K(549376K)->548912K(549376K)
[518.036s][info][gc,metaspace   ] GC(982) Metaspace: 57758K(58048K)->57758K(58048K) NonClass: 52133K(52352K)->52133K(52352K) Class: 5624K(5696K)->5624K(5696K)
[518.036s][info][gc             ] GC(982) Pause Young (Allocation Failure) 723M->537M(717M) 4.610ms
[518.036s][info][gc,cpu         ] GC(982) User=0.01s Sys=0.00s Real=0.00s
[518.497s][info][gc,start       ] GC(983) Pause Young (Allocation Failure)
[518.501s][info][gc,heap        ] GC(983) PSYoungGen: 184863K(185344K)->992K(177664K) Eden: 183296K(183296K)->0K(176640K) From: 1567K(2048K)->992K(1024K)
[518.501s][info][gc,heap        ] GC(983) ParOldGen: 548912K(549376K)->548928K(549376K)
[518.501s][info][gc,metaspace   ] GC(983) Metaspace: 57758K(58048K)->57758K(58048K) NonClass: 52133K(52352K)->52133K(52352K) Class: 5624K(5696K)->5624K(5696K)
[518.501s][info][gc             ] GC(983) Pause Young (Allocation Failure) 716M->537M(710M) 3.894ms
[518.501s][info][gc,cpu         ] GC(983) User=0.00s Sys=0.00s Real=0.00s
[518.944s][info][gc,start       ] GC(984) Pause Young (Allocation Failure)
[518.948s][info][gc,heap        ] GC(984) PSYoungGen: 177632K(177664K)->1727K(172544K) Eden: 176640K(176640K)->0K(170496K) From: 992K(1024K)->1727K(2048K)
[518.948s][info][gc,heap        ] GC(984) ParOldGen: 548928K(549376K)->548944K(549376K)
[518.948s][info][gc,metaspace   ] GC(984) Metaspace: 57758K(58048K)->57758K(58048K) NonClass: 52133K(52352K)->52133K(52352K) Class: 5624K(5696K)->5624K(5696K)
[518.948s][info][gc             ] GC(984) Pause Young (Allocation Failure) 709M->537M(705M) 3.823ms
[518.948s][info][gc,cpu         ] GC(984) User=0.00s Sys=0.00s Real=0.01s
[519.305s][info][gc,start       ] GC(985) Pause Young (Allocation Failure)
[519.309s][info][gc,heap        ] GC(985) PSYoungGen: 172223K(172544K)->2751K(167936K) Eden: 170496K(170496K)->0K(164864K) From: 1727K(2048K)->2751K(3072K)
[519.309s][info][gc,heap        ] GC(985) ParOldGen: 548944K(549376K)->548960K(549376K)
[519.309s][info][gc,metaspace   ] GC(985) Metaspace: 57758K(58048K)->57758K(58048K) NonClass: 52133K(52352K)->52133K(52352K) Class: 5624K(5696K)->5624K(5696K)
[519.309s][info][gc             ] GC(985) Pause Young (Allocation Failure) 704M->538M(700M) 4.919ms
[519.309s][info][gc,cpu         ] GC(985) User=0.01s Sys=0.00s Real=0.01s
[519.749s][info][gc,start       ] GC(986) Pause Young (Allocation Failure)
[519.753s][info][gc,heap        ] GC(986) PSYoungGen: 167615K(167936K)->2175K(161792K) Eden: 164864K(164864K)->0K(159232K) From: 2751K(3072K)->2175K(2560K)
[519.753s][info][gc,heap        ] GC(986) ParOldGen: 548960K(549376K)->548976K(549376K)
[519.753s][info][gc,metaspace   ] GC(986) Metaspace: 57758K(58048K)->57758K(58048K) NonClass: 52133K(52352K)->52133K(52352K) Class: 5624K(5696K)->5624K(5696K)
[519.753s][info][gc             ] GC(986) Pause Young (Allocation Failure) 699M->538M(694M) 4.359ms
[519.753s][info][gc,cpu         ] GC(986) User=0.01s Sys=0.00s Real=0.00s
[520.044s][info][gc,start       ] GC(987) Pause Young (Allocation Failure)
[520.047s][info][gc,heap        ] GC(987) PSYoungGen: 161407K(161792K)->667K(155136K) Eden: 159232K(159232K)->0K(154112K) From: 2175K(2560K)->667K(1024K)
[520.047s][info][gc,heap        ] GC(987) ParOldGen: 548976K(549376K)->548992K(549376K)
[520.047s][info][gc,metaspace   ] GC(987) Metaspace: 57758K(58048K)->57758K(58048K) NonClass: 52133K(52352K)->52133K(52352K) Class: 5624K(5696K)->5624K(5696K)
[520.047s][info][gc             ] GC(987) Pause Young (Allocation Failure) 693M->536M(688M) 2.672ms
[520.047s][info][gc,cpu         ] GC(987) User=0.01s Sys=0.00s Real=0.01s
[520.415s][info][gc,start       ] GC(988) Pause Young (Allocation Failure)
[520.420s][info][gc,heap        ] GC(988) PSYoungGen: 154779K(155136K)->2528K(186368K) Eden: 154112K(154112K)->0K(183808K) From: 667K(1024K)->2528K(2560K)
[520.420s][info][gc,heap        ] GC(988) ParOldGen: 548992K(549376K)->549008K(549376K)
[520.420s][info][gc,metaspace   ] GC(988) Metaspace: 57758K(58048K)->57758K(58048K) NonClass: 52133K(52352K)->52133K(52352K) Class: 5624K(5696K)->5624K(5696K)
[520.420s][info][gc             ] GC(988) Pause Young (Allocation Failure) 687M->538M(718M) 5.080ms
[520.420s][info][gc,cpu         ] GC(988) User=0.01s Sys=0.00s Real=0.01s
[520.861s][info][gc,start       ] GC(989) Pause Young (Allocation Failure)
[520.863s][info][gc,heap        ] GC(989) PSYoungGen: 186139K(186368K)->767K(178176K) Eden: 183611K(183808K)->0K(177152K) From: 2528K(2560K)->767K(1024K)
[520.863s][info][gc,heap        ] GC(989) ParOldGen: 549008K(549376K)->549024K(549376K)
[520.863s][info][gc,metaspace   ] GC(989) Metaspace: 57758K(58048K)->57758K(58048K) NonClass: 52133K(52352K)->52133K(52352K) Class: 5624K(5696K)->5624K(5696K)
[520.863s][info][gc             ] GC(989) Pause Young (Allocation Failure) 717M->536M(710M) 2.802ms
[520.863s][info][gc,cpu         ] GC(989) User=0.00s Sys=0.00s Real=0.00s
[521.297s][info][gc,start       ] GC(990) Pause Young (Allocation Failure)
[521.300s][info][gc,heap        ] GC(990) PSYoungGen: 177919K(178176K)->1440K(172544K) Eden: 177152K(177152K)->0K(171008K) From: 767K(1024K)->1440K(1536K)
[521.300s][info][gc,heap        ] GC(990) ParOldGen: 549024K(549376K)->549040K(549376K)
[521.300s][info][gc,metaspace   ] GC(990) Metaspace: 57758K(58048K)->57758K(58048K) NonClass: 52133K(52352K)->52133K(52352K) Class: 5624K(5696K)->5624K(5696K)
[521.301s][info][gc             ] GC(990) Pause Young (Allocation Failure) 709M->537M(705M) 3.801ms
[521.301s][info][gc,cpu         ] GC(990) User=0.00s Sys=0.00s Real=0.00s
[521.705s][info][gc,start       ] GC(991) Pause Young (Allocation Failure)
[521.709s][info][gc,heap        ] GC(991) PSYoungGen: 172448K(172544K)->2622K(168448K) Eden: 171008K(171008K)->0K(165376K) From: 1440K(1536K)->2622K(3072K)
[521.709s][info][gc,heap        ] GC(991) ParOldGen: 549040K(549376K)->549056K(549376K)
[521.709s][info][gc,metaspace   ] GC(991) Metaspace: 57758K(58048K)->57758K(58048K) NonClass: 52133K(52352K)->52133K(52352K) Class: 5624K(5696K)->5624K(5696K)
[521.709s][info][gc             ] GC(991) Pause Young (Allocation Failure) 704M->538M(701M) 4.274ms
[521.709s][info][gc,cpu         ] GC(991) User=0.01s Sys=0.00s Real=0.01s
[522.099s][info][gc,start       ] GC(992) Pause Young (Allocation Failure)
[522.103s][info][gc,heap        ] GC(992) PSYoungGen: 167998K(168448K)->1856K(161792K) Eden: 165376K(165376K)->0K(159744K) From: 2622K(3072K)->1856K(2048K)
[522.104s][info][gc,heap        ] GC(992) ParOldGen: 549056K(549376K)->549072K(549376K)
[522.104s][info][gc,metaspace   ] GC(992) Metaspace: 57758K(58048K)->57758K(58048K) NonClass: 52133K(52352K)->52133K(52352K) Class: 5624K(5696K)->5624K(5696K)
[522.104s][info][gc             ] GC(992) Pause Young (Allocation Failure) 700M->538M(694M) 5.280ms
[522.104s][info][gc,cpu         ] GC(992) User=0.01s Sys=0.00s Real=0.00s
[522.487s][info][gc,start       ] GC(993) Pause Young (Allocation Failure)
[522.489s][info][gc,heap        ] GC(993) PSYoungGen: 161600K(161792K)->352K(155136K) Eden: 159744K(159744K)->0K(154624K) From: 1856K(2048K)->352K(512K)
[522.489s][info][gc,heap        ] GC(993) ParOldGen: 549072K(549376K)->549088K(549376K)
[522.489s][info][gc,metaspace   ] GC(993) Metaspace: 57758K(58048K)->57758K(58048K) NonClass: 52133K(52352K)->52133K(52352K) Class: 5624K(5696K)->5624K(5696K)
[522.489s][info][gc             ] GC(993) Pause Young (Allocation Failure) 694M->536M(688M) 2.314ms
[522.489s][info][gc,cpu         ] GC(993) User=0.01s Sys=0.00s Real=0.00s
[522.818s][info][gc,start       ] GC(994) Pause Young (Allocation Failure)
[522.823s][info][gc,heap        ] GC(994) PSYoungGen: 154976K(155136K)->2688K(187392K) Eden: 154624K(154624K)->0K(184320K) From: 352K(512K)->2688K(3072K)
[522.823s][info][gc,heap        ] GC(994) ParOldGen: 549088K(549376K)->549104K(549376K)
[522.823s][info][gc,metaspace   ] GC(994) Metaspace: 57758K(58048K)->57758K(58048K) NonClass: 52133K(52352K)->52133K(52352K) Class: 5624K(5696K)->5624K(5696K)
[522.824s][info][gc             ] GC(994) Pause Young (Allocation Failure) 687M->538M(719M) 5.192ms
[522.824s][info][gc,cpu         ] GC(994) User=0.01s Sys=0.00s Real=0.00s
[523.290s][info][gc,start       ] GC(995) Pause Young (Allocation Failure)
[523.293s][info][gc,heap        ] GC(995) PSYoungGen: 187008K(187392K)->894K(178688K) Eden: 184320K(184320K)->0K(177664K) From: 2688K(3072K)->894K(1024K)
[523.293s][info][gc,heap        ] GC(995) ParOldGen: 549104K(549376K)->549120K(549376K)
[523.293s][info][gc,metaspace   ] GC(995) Metaspace: 57758K(58048K)->57758K(58048K) NonClass: 52133K(52352K)->52133K(52352K) Class: 5624K(5696K)->5624K(5696K)
[523.293s][info][gc             ] GC(995) Pause Young (Allocation Failure) 718M->537M(711M) 3.023ms
[523.293s][info][gc,cpu         ] GC(995) User=0.00s Sys=0.00s Real=0.00s
[523.701s][info][gc,start       ] GC(996) Pause Young (Allocation Failure)
[523.709s][info][gc,heap        ] GC(996) PSYoungGen: 178558K(178688K)->2240K(214528K) Eden: 177664K(177664K)->0K(211968K) From: 894K(1024K)->2240K(2560K)
[523.709s][info][gc,heap        ] GC(996) ParOldGen: 549120K(549376K)->549136K(549376K)
[523.709s][info][gc,metaspace   ] GC(996) Metaspace: 57758K(58048K)->57758K(58048K) NonClass: 52133K(52352K)->52133K(52352K) Class: 5624K(5696K)->5624K(5696K)
[523.709s][info][gc             ] GC(996) Pause Young (Allocation Failure) 710M->538M(746M) 8.022ms
[523.709s][info][gc,cpu         ] GC(996) User=0.01s Sys=0.00s Real=0.01s
[524.200s][info][gc,start       ] GC(997) Pause Young (Allocation Failure)
[524.205s][info][gc,heap        ] GC(997) PSYoungGen: 214208K(214528K)->2032K(253952K) Eden: 211968K(211968K)->0K(249856K) From: 2240K(2560K)->2032K(4096K)
[524.205s][info][gc,heap        ] GC(997) ParOldGen: 549136K(549376K)->549152K(549376K)
[524.205s][info][gc,metaspace   ] GC(997) Metaspace: 57758K(58048K)->57758K(58048K) NonClass: 52133K(52352K)->52133K(52352K) Class: 5624K(5696K)->5624K(5696K)
[524.205s][info][gc             ] GC(997) Pause Young (Allocation Failure) 745M->538M(784M) 4.436ms
[524.205s][info][gc,cpu         ] GC(997) User=0.01s Sys=0.01s Real=0.00s
[524.853s][info][gc,start       ] GC(998) Pause Young (Allocation Failure)
[524.857s][info][gc,heap        ] GC(998) PSYoungGen: 251888K(253952K)->1152K(241664K) Eden: 249856K(249856K)->0K(240128K) From: 2032K(4096K)->1152K(1536K)
[524.857s][info][gc,heap        ] GC(998) ParOldGen: 549152K(549376K)->549168K(549376K)
[524.857s][info][gc,metaspace   ] GC(998) Metaspace: 57758K(58048K)->57758K(58048K) NonClass: 52133K(52352K)->52133K(52352K) Class: 5624K(5696K)->5624K(5696K)
[524.857s][info][gc             ] GC(998) Pause Young (Allocation Failure) 782M->537M(772M) 3.507ms
[524.857s][info][gc,cpu         ] GC(998) User=0.01s Sys=0.00s Real=0.01s
[525.390s][info][gc,start       ] GC(999) Pause Young (Allocation Failure)
[525.394s][info][gc,heap        ] GC(999) PSYoungGen: 241280K(241664K)->1101K(232448K) Eden: 240128K(240128K)->0K(230912K) From: 1152K(1536K)->1101K(1536K)
[525.394s][info][gc,heap        ] GC(999) ParOldGen: 549168K(549376K)->549184K(549376K)
[525.394s][info][gc,metaspace   ] GC(999) Metaspace: 57758K(58048K)->57758K(58048K) NonClass: 52133K(52352K)->52133K(52352K) Class: 5624K(5696K)->5624K(5696K)
[525.394s][info][gc             ] GC(999) Pause Young (Allocation Failure) 771M->537M(763M) 3.259ms
[525.394s][info][gc,cpu         ] GC(999) User=0.00s Sys=0.00s Real=0.00s
[525.957s][info][gc,start       ] GC(1000) Pause Young (Allocation Failure)
[525.961s][info][gc,heap        ] GC(1000) PSYoungGen: 232013K(232448K)->1152K(223744K) Eden: 230912K(230912K)->0K(222208K) From: 1101K(1536K)->1152K(1536K)
[525.961s][info][gc,heap        ] GC(1000) ParOldGen: 549184K(549376K)->549200K(549376K)
[525.961s][info][gc,metaspace   ] GC(1000) Metaspace: 57758K(58048K)->57758K(58048K) NonClass: 52133K(52352K)->52133K(52352K) Class: 5624K(5696K)->5624K(5696K)
[525.961s][info][gc             ] GC(1000) Pause Young (Allocation Failure) 762M->537M(755M) 3.568ms
[525.961s][info][gc,cpu         ] GC(1000) User=0.00s Sys=0.00s Real=0.00s
[526.444s][info][gc,start       ] GC(1001) Pause Young (Allocation Failure)
[526.449s][info][gc,heap        ] GC(1001) PSYoungGen: 223360K(223744K)->1471K(215552K) Eden: 222208K(222208K)->0K(214016K) From: 1152K(1536K)->1471K(1536K)
[526.449s][info][gc,heap        ] GC(1001) ParOldGen: 549200K(549376K)->549216K(549376K)
[526.449s][info][gc,metaspace   ] GC(1001) Metaspace: 57758K(58048K)->57758K(58048K) NonClass: 52133K(52352K)->52133K(52352K) Class: 5624K(5696K)->5624K(5696K)
[526.449s][info][gc             ] GC(1001) Pause Young (Allocation Failure) 754M->537M(747M) 4.238ms
[526.449s][info][gc,cpu         ] GC(1001) User=0.01s Sys=0.00s Real=0.01s
[526.935s][info][gc,start       ] GC(1002) Pause Young (Allocation Failure)
[526.938s][info][gc,heap        ] GC(1002) PSYoungGen: 215487K(215552K)->703K(207360K) Eden: 214016K(214016K)->0K(206336K) From: 1471K(1536K)->703K(1024K)
[526.938s][info][gc,heap        ] GC(1002) ParOldGen: 549216K(549376K)->549232K(549376K)
[526.938s][info][gc,metaspace   ] GC(1002) Metaspace: 57758K(58048K)->57758K(58048K) NonClass: 52133K(52352K)->52133K(52352K) Class: 5624K(5696K)->5624K(5696K)
[526.938s][info][gc             ] GC(1002) Pause Young (Allocation Failure) 746M->537M(739M) 2.726ms
[526.938s][info][gc,cpu         ] GC(1002) User=0.00s Sys=0.00s Real=0.01s
[527.429s][info][gc,start       ] GC(1003) Pause Young (Allocation Failure)
[527.433s][info][gc,heap        ] GC(1003) PSYoungGen: 206840K(207360K)->1664K(200704K) Eden: 206137K(206336K)->0K(198656K) From: 703K(1024K)->1664K(2048K)
[527.433s][info][gc,heap        ] GC(1003) ParOldGen: 549232K(549376K)->549248K(549376K)
[527.433s][info][gc,metaspace   ] GC(1003) Metaspace: 57758K(58048K)->57758K(58048K) NonClass: 52133K(52352K)->52133K(52352K) Class: 5624K(5696K)->5624K(5696K)
[527.433s][info][gc             ] GC(1003) Pause Young (Allocation Failure) 738M->538M(732M) 4.110ms
[527.433s][info][gc,cpu         ] GC(1003) User=0.01s Sys=0.00s Real=0.00s
[528.008s][info][gc,start       ] GC(1004) Pause Young (Allocation Failure)
[528.014s][info][gc,heap        ] GC(1004) PSYoungGen: 200320K(200704K)->3296K(195072K) Eden: 198656K(198656K)->0K(191488K) From: 1664K(2048K)->3296K(3584K)
[528.014s][info][gc,heap        ] GC(1004) ParOldGen: 549248K(549376K)->549903K(550400K)
[528.014s][info][gc,metaspace   ] GC(1004) Metaspace: 57758K(58048K)->57758K(58048K) NonClass: 52133K(52352K)->52133K(52352K) Class: 5624K(5696K)->5624K(5696K)
[528.014s][info][gc             ] GC(1004) Pause Young (Allocation Failure) 732M->540M(728M) 6.347ms
[528.014s][info][gc,cpu         ] GC(1004) User=0.01s Sys=0.01s Real=0.00s
[528.494s][info][gc,start       ] GC(1005) Pause Young (Allocation Failure)
[528.497s][info][gc,heap        ] GC(1005) PSYoungGen: 194784K(195072K)->1024K(185856K) Eden: 191488K(191488K)->0K(184832K) From: 3296K(3584K)->1024K(1024K)
[528.497s][info][gc,heap        ] GC(1005) ParOldGen: 549903K(550400K)->549919K(550400K)
[528.497s][info][gc,metaspace   ] GC(1005) Metaspace: 57758K(58048K)->57758K(58048K) NonClass: 52133K(52352K)->52133K(52352K) Class: 5624K(5696K)->5624K(5696K)
[528.498s][info][gc             ] GC(1005) Pause Young (Allocation Failure) 727M->538M(719M) 3.413ms
[528.498s][info][gc,cpu         ] GC(1005) User=0.01s Sys=0.00s Real=0.01s
[528.915s][info][gc,start       ] GC(1006) Pause Young (Allocation Failure)
[528.920s][info][gc,heap        ] GC(1006) PSYoungGen: 185856K(185856K)->2560K(180736K) Eden: 184832K(184832K)->0K(178176K) From: 1024K(1024K)->2560K(2560K)
[528.920s][info][gc,heap        ] GC(1006) ParOldGen: 549919K(550400K)->549935K(550400K)
[528.920s][info][gc,metaspace   ] GC(1006) Metaspace: 57758K(58048K)->57758K(58048K) NonClass: 52133K(52352K)->52133K(52352K) Class: 5624K(5696K)->5624K(5696K)
[528.920s][info][gc             ] GC(1006) Pause Young (Allocation Failure) 718M->539M(714M) 5.193ms
[528.920s][info][gc,cpu         ] GC(1006) User=0.01s Sys=0.00s Real=0.01s
[529.330s][info][gc,start       ] GC(1007) Pause Young (Allocation Failure)
[529.333s][info][gc,heap        ] GC(1007) PSYoungGen: 180528K(180736K)->1216K(173568K) Eden: 177968K(178176K)->0K(172032K) From: 2560K(2560K)->1216K(1536K)
[529.333s][info][gc,heap        ] GC(1007) ParOldGen: 549935K(550400K)->549951K(550400K)
[529.333s][info][gc,metaspace   ] GC(1007) Metaspace: 57758K(58048K)->57758K(58048K) NonClass: 52133K(52352K)->52133K(52352K) Class: 5624K(5696K)->5624K(5696K)
[529.333s][info][gc             ] GC(1007) Pause Young (Allocation Failure) 713M->538M(707M) 3.669ms
[529.333s][info][gc,cpu         ] GC(1007) User=0.01s Sys=0.00s Real=0.00s
[529.741s][info][gc,start       ] GC(1008) Pause Young (Allocation Failure)
[529.744s][info][gc,heap        ] GC(1008) PSYoungGen: 173066K(173568K)->863K(166912K) Eden: 171850K(172032K)->0K(165888K) From: 1216K(1536K)->863K(1024K)
[529.744s][info][gc,heap        ] GC(1008) ParOldGen: 549951K(550400K)->549967K(550400K)
[529.744s][info][gc,metaspace   ] GC(1008) Metaspace: 57758K(58048K)->57758K(58048K) NonClass: 52133K(52352K)->52133K(52352K) Class: 5624K(5696K)->5624K(5696K)
[529.744s][info][gc             ] GC(1008) Pause Young (Allocation Failure) 706M->537M(700M) 3.056ms
[529.744s][info][gc,cpu         ] GC(1008) User=0.00s Sys=0.00s Real=0.00s
[530.216s][info][gc,start       ] GC(1009) Pause Young (Allocation Failure)
[530.220s][info][gc,heap        ] GC(1009) PSYoungGen: 166751K(166912K)->2398K(162816K) Eden: 165888K(165888K)->0K(160256K) From: 863K(1024K)->2398K(2560K)
[530.220s][info][gc,heap        ] GC(1009) ParOldGen: 549967K(550400K)->549983K(550400K)
[530.220s][info][gc,metaspace   ] GC(1009) Metaspace: 57758K(58048K)->57758K(58048K) NonClass: 52133K(52352K)->52133K(52352K) Class: 5624K(5696K)->5624K(5696K)
[530.220s][info][gc             ] GC(1009) Pause Young (Allocation Failure) 699M->539M(696M) 4.749ms
[530.220s][info][gc,cpu         ] GC(1009) User=0.01s Sys=0.00s Real=0.01s
[530.517s][info][gc,start       ] GC(1010) Pause Young (Allocation Failure)
[530.524s][info][gc,heap        ] GC(1010) PSYoungGen: 162654K(162816K)->3615K(195584K) Eden: 160256K(160256K)->0K(191488K) From: 2398K(2560K)->3615K(4096K)
[530.524s][info][gc,heap        ] GC(1010) ParOldGen: 549983K(550400K)->549999K(550400K)
[530.524s][info][gc,metaspace   ] GC(1010) Metaspace: 57758K(58048K)->57758K(58048K) NonClass: 52133K(52352K)->52133K(52352K) Class: 5624K(5696K)->5624K(5696K)
[530.524s][info][gc             ] GC(1010) Pause Young (Allocation Failure) 695M->540M(728M) 6.986ms
[530.524s][info][gc,cpu         ] GC(1010) User=0.01s Sys=0.00s Real=0.00s
[530.996s][info][gc,start       ] GC(1011) Pause Young (Allocation Failure)
[531.001s][info][gc,heap        ] GC(1011) PSYoungGen: 195103K(195584K)->1919K(230400K) Eden: 191488K(191488K)->0K(228352K) From: 3615K(4096K)->1919K(2048K)
[531.001s][info][gc,heap        ] GC(1011) ParOldGen: 549999K(550400K)->550015K(550400K)
[531.001s][info][gc,metaspace   ] GC(1011) Metaspace: 57758K(58048K)->57758K(58048K) NonClass: 52133K(52352K)->52133K(52352K) Class: 5624K(5696K)->5624K(5696K)
[531.001s][info][gc             ] GC(1011) Pause Young (Allocation Failure) 727M->538M(762M) 4.678ms
[531.001s][info][gc,cpu         ] GC(1011) User=0.01s Sys=0.00s Real=0.00s
[531.521s][info][gc,start       ] GC(1012) Pause Young (Allocation Failure)
[531.530s][info][gc,heap        ] GC(1012) PSYoungGen: 230138K(230400K)->2176K(232960K) Eden: 228219K(228352K)->0K(229376K) From: 1919K(2048K)->2176K(3584K)
[531.530s][info][gc,heap        ] GC(1012) ParOldGen: 550015K(550400K)->550031K(550400K)
[531.530s][info][gc,metaspace   ] GC(1012) Metaspace: 57758K(58048K)->57758K(58048K) NonClass: 52133K(52352K)->52133K(52352K) Class: 5624K(5696K)->5624K(5696K)
[531.530s][info][gc             ] GC(1012) Pause Young (Allocation Failure) 761M->539M(765M) 8.957ms
[531.530s][info][gc,cpu         ] GC(1012) User=0.01s Sys=0.00s Real=0.01s
[532.099s][info][gc,start       ] GC(1013) Pause Young (Allocation Failure)
[532.103s][info][gc,heap        ] GC(1013) PSYoungGen: 231552K(232960K)->1759K(233472K) Eden: 229376K(229376K)->0K(229376K) From: 2176K(3584K)->1759K(4096K)
[532.103s][info][gc,heap        ] GC(1013) ParOldGen: 550031K(550400K)->550047K(550400K)
[532.103s][info][gc,metaspace   ] GC(1013) Metaspace: 57758K(58048K)->57758K(58048K) NonClass: 52133K(52352K)->52133K(52352K) Class: 5624K(5696K)->5624K(5696K)
[532.103s][info][gc             ] GC(1013) Pause Young (Allocation Failure) 763M->538M(765M) 4.035ms
[532.104s][info][gc,cpu         ] GC(1013) User=0.01s Sys=0.00s Real=0.00s
[532.613s][info][gc,start       ] GC(1014) Pause Young (Allocation Failure)
[532.620s][info][gc,heap        ] GC(1014) PSYoungGen: 231135K(233472K)->3422K(276992K) Eden: 229376K(229376K)->0K(272896K) From: 1759K(4096K)->3422K(4096K)
[532.620s][info][gc,heap        ] GC(1014) ParOldGen: 550047K(550400K)->550063K(550400K)
[532.620s][info][gc,metaspace   ] GC(1014) Metaspace: 57758K(58048K)->57758K(58048K) NonClass: 52133K(52352K)->52133K(52352K) Class: 5624K(5696K)->5624K(5696K)
[532.620s][info][gc             ] GC(1014) Pause Young (Allocation Failure) 762M->540M(808M) 6.937ms
[532.620s][info][gc,cpu         ] GC(1014) User=0.01s Sys=0.00s Real=0.01s
[533.293s][info][gc,start       ] GC(1015) Pause Young (Allocation Failure)
[533.297s][info][gc,heap        ] GC(1015) PSYoungGen: 276318K(276992K)->1044K(277504K) Eden: 272896K(272896K)->0K(272896K) From: 3422K(4096K)->1044K(4608K)
[533.297s][info][gc,heap        ] GC(1015) ParOldGen: 550063K(550400K)->550079K(550400K)
[533.297s][info][gc,metaspace   ] GC(1015) Metaspace: 57758K(58048K)->57758K(58048K) NonClass: 52133K(52352K)->52133K(52352K) Class: 5624K(5696K)->5624K(5696K)
[533.297s][info][gc             ] GC(1015) Pause Young (Allocation Failure) 807M->538M(808M) 3.417ms
[533.297s][info][gc,cpu         ] GC(1015) User=0.00s Sys=0.00s Real=0.01s
[533.959s][info][gc,start       ] GC(1016) Pause Young (Allocation Failure)
[533.969s][info][gc,heap        ] GC(1016) PSYoungGen: 273940K(277504K)->3551K(328704K) Eden: 272896K(272896K)->0K(324608K) From: 1044K(4608K)->3551K(4096K)
[533.969s][info][gc,heap        ] GC(1016) ParOldGen: 550079K(550400K)->550095K(550400K)
[533.969s][info][gc,metaspace   ] GC(1016) Metaspace: 57758K(58048K)->57758K(58048K) NonClass: 52133K(52352K)->52133K(52352K) Class: 5624K(5696K)->5624K(5696K)
[533.969s][info][gc             ] GC(1016) Pause Young (Allocation Failure) 804M->540M(858M) 9.784ms
[533.969s][info][gc,cpu         ] GC(1016) User=0.01s Sys=0.00s Real=0.01s
[534.715s][info][gc,start       ] GC(1017) Pause Young (Allocation Failure)
[534.722s][info][gc,heap        ] GC(1017) PSYoungGen: 328159K(328704K)->1247K(329216K) Eden: 324608K(324608K)->0K(324608K) From: 3551K(4096K)->1247K(4608K)
[534.722s][info][gc,heap        ] GC(1017) ParOldGen: 550095K(550400K)->550111K(550400K)
[534.722s][info][gc,metaspace   ] GC(1017) Metaspace: 57759K(58048K)->57759K(58048K) NonClass: 52134K(52352K)->52134K(52352K) Class: 5624K(5696K)->5624K(5696K)
[534.722s][info][gc             ] GC(1017) Pause Young (Allocation Failure) 857M->538M(859M) 7.094ms
[534.722s][info][gc,cpu         ] GC(1017) User=0.00s Sys=0.00s Real=0.01s
[535.494s][info][gc,start       ] GC(1018) Pause Young (Allocation Failure)
[535.498s][info][gc,heap        ] GC(1018) PSYoungGen: 325699K(329216K)->1312K(312832K) Eden: 324451K(324608K)->0K(311296K) From: 1247K(4608K)->1312K(1536K)
[535.498s][info][gc,heap        ] GC(1018) ParOldGen: 550111K(550400K)->550127K(550400K)
[535.498s][info][gc,metaspace   ] GC(1018) Metaspace: 57759K(58048K)->57759K(58048K) NonClass: 52134K(52352K)->52134K(52352K) Class: 5624K(5696K)->5624K(5696K)
[535.498s][info][gc             ] GC(1018) Pause Young (Allocation Failure) 855M->538M(843M) 4.630ms
[535.498s][info][gc,cpu         ] GC(1018) User=0.00s Sys=0.00s Real=0.01s
[536.222s][info][gc,start       ] GC(1019) Pause Young (Allocation Failure)
[536.227s][info][gc,heap        ] GC(1019) PSYoungGen: 312425K(312832K)->2943K(302080K) Eden: 311113K(311296K)->0K(299008K) From: 1312K(1536K)->2943K(3072K)
[536.227s][info][gc,heap        ] GC(1019) ParOldGen: 550127K(550400K)->550143K(550400K)
[536.227s][info][gc,metaspace   ] GC(1019) Metaspace: 57759K(58048K)->57759K(58048K) NonClass: 52134K(52352K)->52134K(52352K) Class: 5624K(5696K)->5624K(5696K)
[536.227s][info][gc             ] GC(1019) Pause Young (Allocation Failure) 842M->540M(832M) 5.582ms
[536.227s][info][gc,cpu         ] GC(1019) User=0.01s Sys=0.00s Real=0.01s
[539.315s][info][gc,start       ] GC(1020) Pause Young (Allocation Failure)
[539.363s][info][gc,heap        ] GC(1020) PSYoungGen: 301948K(302080K)->3383K(324608K) Eden: 299005K(299008K)->0K(320000K) From: 2943K(3072K)->3383K(4608K)
[539.363s][info][gc,heap        ] GC(1020) ParOldGen: 550143K(550400K)->628284K(629248K)
[539.363s][info][gc,metaspace   ] GC(1020) Metaspace: 57825K(58176K)->57825K(58176K) NonClass: 52200K(52480K)->52200K(52480K) Class: 5624K(5696K)->5624K(5696K)
[539.363s][info][gc             ] GC(1020) Pause Young (Allocation Failure) 832M->616M(931M) 48.071ms
[539.363s][info][gc,cpu         ] GC(1020) User=0.04s Sys=0.06s Real=0.05s
[539.995s][info][gc,start       ] GC(1021) Pause Young (Allocation Failure)
[540.013s][info][gc,heap        ] GC(1021) PSYoungGen: 323383K(324608K)->5107K(325120K) Eden: 320000K(320000K)->0K(320000K) From: 3383K(4608K)->5107K(5120K)
[540.013s][info][gc,heap        ] GC(1021) ParOldGen: 628284K(629248K)->647995K(648192K)
[540.013s][info][gc,metaspace   ] GC(1021) Metaspace: 57825K(58176K)->57825K(58176K) NonClass: 52200K(52480K)->52200K(52480K) Class: 5624K(5696K)->5624K(5696K)
[540.013s][info][gc             ] GC(1021) Pause Young (Allocation Failure) 929M->637M(950M) 18.328ms
[540.013s][info][gc,cpu         ] GC(1021) User=0.02s Sys=0.02s Real=0.02s
[540.729s][info][gc,start       ] GC(1022) Pause Full (Allocation Failure)
[540.729s][info][gc,phases,start] GC(1022) Marking Phase
[540.770s][info][gc,phases      ] GC(1022) Marking Phase 40.220ms
[540.770s][info][gc,phases,start] GC(1022) Summary Phase
[540.770s][info][gc,phases      ] GC(1022) Summary Phase 0.031ms
[540.770s][info][gc,phases,start] GC(1022) Forward
[540.774s][info][gc,phases      ] GC(1022) Forward 4.069ms
[540.774s][info][gc,phases,start] GC(1022) Adjust Pointers
[540.796s][info][gc,phases      ] GC(1022) Adjust Pointers 22.661ms
[540.797s][info][gc,phases,start] GC(1022) Compaction Phase
[540.816s][info][gc,phases      ] GC(1022) Compaction Phase 19.165ms
[540.816s][info][gc,phases,start] GC(1022) Post Compact
[540.820s][info][gc,phases      ] GC(1022) Post Compact 3.788ms
[540.842s][info][gc,heap        ] GC(1022) PSYoungGen: 325076K(325120K)->0K(316928K) Eden: 319968K(320000K)->0K(308224K) From: 5107K(5120K)->0K(8704K)
[540.842s][info][gc,heap        ] GC(1022) ParOldGen: 647995K(648192K)->286223K(387072K)
[540.842s][info][gc,metaspace   ] GC(1022) Metaspace: 57825K(58176K)->57825K(58176K) NonClass: 52200K(52480K)->52200K(52480K) Class: 5624K(5696K)->5624K(5696K)
[540.842s][info][gc             ] GC(1022) Pause Full (Allocation Failure) 950M->279M(687M) 113.112ms
[540.842s][info][gc,cpu         ] GC(1022) User=0.14s Sys=0.03s Real=0.11s
[541.502s][info][gc,start       ] GC(1023) Pause Young (Allocation Failure)
[541.508s][info][gc,heap        ] GC(1023) PSYoungGen: 308224K(316928K)->2526K(321024K) Eden: 308224K(308224K)->0K(308224K) From: 0K(8704K)->2526K(12800K)
[541.508s][info][gc,heap        ] GC(1023) ParOldGen: 286223K(387072K)->286223K(387072K)
[541.508s][info][gc,metaspace   ] GC(1023) Metaspace: 57825K(58176K)->57825K(58176K) NonClass: 52200K(52480K)->52200K(52480K) Class: 5624K(5696K)->5624K(5696K)
[541.508s][info][gc             ] GC(1023) Pause Young (Allocation Failure) 580M->281M(691M) 6.087ms
[541.508s][info][gc,cpu         ] GC(1023) User=0.00s Sys=0.00s Real=0.01s
[542.209s][info][gc,start       ] GC(1024) Pause Young (Allocation Failure)
[542.214s][info][gc,heap        ] GC(1024) PSYoungGen: 310750K(321024K)->2496K(319488K) Eden: 308224K(308224K)->0K(308736K) From: 2526K(12800K)->2496K(10752K)
[542.214s][info][gc,heap        ] GC(1024) ParOldGen: 286223K(387072K)->286566K(387072K)
[542.214s][info][gc,metaspace   ] GC(1024) Metaspace: 57825K(58176K)->57825K(58176K) NonClass: 52200K(52480K)->52200K(52480K) Class: 5624K(5696K)->5624K(5696K)
[542.214s][info][gc             ] GC(1024) Pause Young (Allocation Failure) 582M->282M(690M) 4.605ms
[542.214s][info][gc,cpu         ] GC(1024) User=0.01s Sys=0.00s Real=0.00s
[542.919s][info][gc,start       ] GC(1025) Pause Young (Allocation Failure)
[542.923s][info][gc,heap        ] GC(1025) PSYoungGen: 311232K(319488K)->1791K(298496K) Eden: 308736K(308736K)->0K(296448K) From: 2496K(10752K)->1791K(2048K)
[542.923s][info][gc,heap        ] GC(1025) ParOldGen: 286566K(387072K)->286582K(387072K)
[542.923s][info][gc,metaspace   ] GC(1025) Metaspace: 57825K(58176K)->57825K(58176K) NonClass: 52200K(52480K)->52200K(52480K) Class: 5624K(5696K)->5624K(5696K)
[542.923s][info][gc             ] GC(1025) Pause Young (Allocation Failure) 583M->281M(669M) 3.908ms
[542.923s][info][gc,cpu         ] GC(1025) User=0.01s Sys=0.00s Real=0.00s
[543.630s][info][gc,start       ] GC(1026) Pause Young (Allocation Failure)
[543.632s][info][gc,heap        ] GC(1026) PSYoungGen: 298239K(298496K)->703K(285696K) Eden: 296448K(296448K)->0K(284672K) From: 1791K(2048K)->703K(1024K)
[543.632s][info][gc,heap        ] GC(1026) ParOldGen: 286582K(387072K)->286598K(387072K)
[543.632s][info][gc,metaspace   ] GC(1026) Metaspace: 57825K(58176K)->57825K(58176K) NonClass: 52200K(52480K)->52200K(52480K) Class: 5624K(5696K)->5624K(5696K)
[543.632s][info][gc             ] GC(1026) Pause Young (Allocation Failure) 571M->280M(657M) 2.760ms
[543.632s][info][gc,cpu         ] GC(1026) User=0.00s Sys=0.00s Real=0.00s
[544.341s][info][gc,start       ] GC(1027) Pause Young (Allocation Failure)
[544.346s][info][gc,heap        ] GC(1027) PSYoungGen: 285222K(285696K)->2752K(284672K) Eden: 284519K(284672K)->0K(273408K) From: 703K(1024K)->2752K(11264K)
[544.346s][info][gc,heap        ] GC(1027) ParOldGen: 286598K(387072K)->286614K(387072K)
[544.346s][info][gc,metaspace   ] GC(1027) Metaspace: 57825K(58176K)->57825K(58176K) NonClass: 52200K(52480K)->52200K(52480K) Class: 5624K(5696K)->5624K(5696K)
[544.346s][info][gc             ] GC(1027) Pause Young (Allocation Failure) 558M->282M(656M) 4.919ms
[544.346s][info][gc,cpu         ] GC(1027) User=0.01s Sys=0.00s Real=0.01s
[544.991s][info][gc,start       ] GC(1028) Pause Young (Allocation Failure)
[544.994s][info][gc,heap        ] GC(1028) PSYoungGen: 276160K(284672K)->1001K(263680K) Eden: 273408K(273408K)->0K(262656K) From: 2752K(11264K)->1001K(1024K)
[544.994s][info][gc,heap        ] GC(1028) ParOldGen: 286614K(387072K)->286630K(387072K)
[544.994s][info][gc,metaspace   ] GC(1028) Metaspace: 57825K(58176K)->57825K(58176K) NonClass: 52200K(52480K)->52200K(52480K) Class: 5624K(5696K)->5624K(5696K)
[544.994s][info][gc             ] GC(1028) Pause Young (Allocation Failure) 549M->280M(635M) 3.223ms
[544.994s][info][gc,cpu         ] GC(1028) User=0.00s Sys=0.00s Real=0.00s
[545.598s][info][gc,start       ] GC(1029) Pause Young (Allocation Failure)
[545.601s][info][gc,heap        ] GC(1029) PSYoungGen: 263657K(263680K)->1472K(263168K) Eden: 262656K(262656K)->0K(252416K) From: 1001K(1024K)->1472K(10752K)
[545.601s][info][gc,heap        ] GC(1029) ParOldGen: 286630K(387072K)->286646K(387072K)
[545.601s][info][gc,metaspace   ] GC(1029) Metaspace: 57825K(58176K)->57825K(58176K) NonClass: 52200K(52480K)->52200K(52480K) Class: 5624K(5696K)->5624K(5696K)
[545.601s][info][gc             ] GC(1029) Pause Young (Allocation Failure) 537M->281M(635M) 3.182ms
[545.601s][info][gc,cpu         ] GC(1029) User=0.00s Sys=0.00s Real=0.00s
[546.199s][info][gc,start       ] GC(1030) Pause Young (Allocation Failure)
[546.204s][info][gc,heap        ] GC(1030) PSYoungGen: 253814K(263168K)->2176K(245248K) Eden: 252342K(252416K)->0K(242688K) From: 1472K(10752K)->2176K(2560K)
[546.204s][info][gc,heap        ] GC(1030) ParOldGen: 286646K(387072K)->286662K(387072K)
[546.204s][info][gc,metaspace   ] GC(1030) Metaspace: 57825K(58176K)->57825K(58176K) NonClass: 52200K(52480K)->52200K(52480K) Class: 5624K(5696K)->5624K(5696K)
[546.204s][info][gc             ] GC(1030) Pause Young (Allocation Failure) 527M->282M(617M) 4.669ms
[546.204s][info][gc,cpu         ] GC(1030) User=0.00s Sys=0.00s Real=0.00s
[546.820s][info][gc,start       ] GC(1031) Pause Young (Allocation Failure)
[546.837s][info][gc,heap        ] GC(1031) PSYoungGen: 244864K(245248K)->2335K(283648K) Eden: 242688K(242688K)->0K(273920K) From: 2176K(2560K)->2335K(9728K)
[546.837s][info][gc,heap        ] GC(1031) ParOldGen: 286662K(387072K)->286678K(387072K)
[546.837s][info][gc,metaspace   ] GC(1031) Metaspace: 57825K(58176K)->57825K(58176K) NonClass: 52200K(52480K)->52200K(52480K) Class: 5624K(5696K)->5624K(5696K)
[546.837s][info][gc             ] GC(1031) Pause Young (Allocation Failure) 519M->282M(655M) 17.071ms
[546.837s][info][gc,cpu         ] GC(1031) User=0.02s Sys=0.00s Real=0.02s
[547.433s][info][gc,start       ] GC(1032) Pause Young (Allocation Failure)
[547.437s][info][gc,heap        ] GC(1032) PSYoungGen: 276255K(283648K)->1151K(299008K) Eden: 273919K(273920K)->0K(289792K) From: 2335K(9728K)->1151K(9216K)
[547.437s][info][gc,heap        ] GC(1032) ParOldGen: 286678K(387072K)->286694K(387072K)
[547.437s][info][gc,metaspace   ] GC(1032) Metaspace: 57825K(58176K)->57825K(58176K) NonClass: 52200K(52480K)->52200K(52480K) Class: 5624K(5696K)->5624K(5696K)
[547.437s][info][gc             ] GC(1032) Pause Young (Allocation Failure) 549M->281M(670M) 3.925ms
[547.437s][info][gc,cpu         ] GC(1032) User=0.00s Sys=0.00s Real=0.01s
[548.159s][info][gc,start       ] GC(1033) Pause Young (Allocation Failure)
[548.162s][info][gc,heap        ] GC(1033) PSYoungGen: 290943K(299008K)->1503K(280064K) Eden: 289792K(289792K)->0K(278528K) From: 1151K(9216K)->1503K(1536K)
[548.162s][info][gc,heap        ] GC(1033) ParOldGen: 286694K(387072K)->286710K(387072K)
[548.162s][info][gc,metaspace   ] GC(1033) Metaspace: 57825K(58176K)->57825K(58176K) NonClass: 52200K(52480K)->52200K(52480K) Class: 5624K(5696K)->5624K(5696K)
[548.162s][info][gc             ] GC(1033) Pause Young (Allocation Failure) 564M->281M(651M) 3.018ms
[548.162s][info][gc,cpu         ] GC(1033) User=0.00s Sys=0.00s Real=0.00s
[548.805s][info][gc,start       ] GC(1034) Pause Young (Allocation Failure)
[548.811s][info][gc,heap        ] GC(1034) PSYoungGen: 280031K(280064K)->2943K(270848K) Eden: 278528K(278528K)->0K(267776K) From: 1503K(1536K)->2943K(3072K)
[548.811s][info][gc,heap        ] GC(1034) ParOldGen: 286710K(387072K)->286726K(387072K)
[548.811s][info][gc,metaspace   ] GC(1034) Metaspace: 57825K(58176K)->57825K(58176K) NonClass: 52200K(52480K)->52200K(52480K) Class: 5624K(5696K)->5624K(5696K)
[548.811s][info][gc             ] GC(1034) Pause Young (Allocation Failure) 553M->282M(642M) 5.293ms
[548.811s][info][gc,cpu         ] GC(1034) User=0.01s Sys=0.00s Real=0.01s
[549.428s][info][gc,start       ] GC(1035) Pause Young (Allocation Failure)
[549.431s][info][gc,heap        ] GC(1035) PSYoungGen: 270719K(270848K)->1663K(259584K) Eden: 267776K(267776K)->0K(257536K) From: 2943K(3072K)->1663K(2048K)
[549.431s][info][gc,heap        ] GC(1035) ParOldGen: 286726K(387072K)->286742K(387072K)
[549.431s][info][gc,metaspace   ] GC(1035) Metaspace: 57825K(58176K)->57825K(58176K) NonClass: 52200K(52480K)->52200K(52480K) Class: 5624K(5696K)->5624K(5696K)
[549.431s][info][gc             ] GC(1035) Pause Young (Allocation Failure) 544M->281M(631M) 3.407ms
[549.431s][info][gc,cpu         ] GC(1035) User=0.01s Sys=0.00s Real=0.00s
[550.035s][info][gc,start       ] GC(1036) Pause Young (Allocation Failure)
[550.037s][info][gc,heap        ] GC(1036) PSYoungGen: 259117K(259584K)->704K(248832K) Eden: 257454K(257536K)->0K(247808K) From: 1663K(2048K)->704K(1024K)
[550.038s][info][gc,heap        ] GC(1036) ParOldGen: 286742K(387072K)->286758K(387072K)
[550.038s][info][gc,metaspace   ] GC(1036) Metaspace: 57825K(58176K)->57825K(58176K) NonClass: 52200K(52480K)->52200K(52480K) Class: 5624K(5696K)->5624K(5696K)
[550.038s][info][gc             ] GC(1036) Pause Young (Allocation Failure) 533M->280M(621M) 2.869ms
[550.038s][info][gc,cpu         ] GC(1036) User=0.00s Sys=0.00s Real=0.01s
[550.629s][info][gc,start       ] GC(1037) Pause Young (Allocation Failure)
[550.632s][info][gc,heap        ] GC(1037) PSYoungGen: 248512K(248832K)->1759K(246272K) Eden: 247808K(247808K)->0K(238592K) From: 704K(1024K)->1759K(7680K)
[550.632s][info][gc,heap        ] GC(1037) ParOldGen: 286758K(387072K)->286774K(387072K)
[550.632s][info][gc,metaspace   ] GC(1037) Metaspace: 57825K(58176K)->57825K(58176K) NonClass: 52200K(52480K)->52200K(52480K) Class: 5624K(5696K)->5624K(5696K)
[550.632s][info][gc             ] GC(1037) Pause Young (Allocation Failure) 522M->281M(618M) 3.318ms
[550.632s][info][gc,cpu         ] GC(1037) User=0.01s Sys=0.00s Real=0.00s
[551.205s][info][gc,start       ] GC(1038) Pause Young (Allocation Failure)
[551.210s][info][gc,heap        ] GC(1038) PSYoungGen: 240351K(246272K)->2495K(231936K) Eden: 238592K(238592K)->0K(229376K) From: 1759K(7680K)->2495K(2560K)
[551.210s][info][gc,heap        ] GC(1038) ParOldGen: 286774K(387072K)->286790K(387072K)
[551.210s][info][gc,metaspace   ] GC(1038) Metaspace: 57825K(58176K)->57825K(58176K) NonClass: 52200K(52480K)->52200K(52480K) Class: 5624K(5696K)->5624K(5696K)
[551.210s][info][gc             ] GC(1038) Pause Young (Allocation Failure) 514M->282M(604M) 4.414ms
[551.210s][info][gc,cpu         ] GC(1038) User=0.00s Sys=0.00s Real=0.01s
[551.786s][info][gc,start       ] GC(1039) Pause Young (Allocation Failure)
[551.788s][info][gc,heap        ] GC(1039) PSYoungGen: 231824K(231936K)->288K(221184K) Eden: 229329K(229376K)->0K(220672K) From: 2495K(2560K)->288K(512K)
[551.788s][info][gc,heap        ] GC(1039) ParOldGen: 286790K(387072K)->286806K(387072K)
[551.788s][info][gc,metaspace   ] GC(1039) Metaspace: 57825K(58176K)->57825K(58176K) NonClass: 52200K(52480K)->52200K(52480K) Class: 5624K(5696K)->5624K(5696K)
[551.788s][info][gc             ] GC(1039) Pause Young (Allocation Failure) 506M->280M(594M) 1.913ms
[551.788s][info][gc,cpu         ] GC(1039) User=0.01s Sys=0.00s Real=0.00s
[552.295s][info][gc,start       ] GC(1040) Pause Young (Allocation Failure)
[552.298s][info][gc,heap        ] GC(1040) PSYoungGen: 220960K(221184K)->1184K(214016K) Eden: 220672K(220672K)->0K(212480K) From: 288K(512K)->1184K(1536K)
[552.298s][info][gc,heap        ] GC(1040) ParOldGen: 286806K(387072K)->286822K(387072K)
[552.298s][info][gc,metaspace   ] GC(1040) Metaspace: 57825K(58176K)->57825K(58176K) NonClass: 52200K(52480K)->52200K(52480K) Class: 5624K(5696K)->5624K(5696K)
[552.298s][info][gc             ] GC(1040) Pause Young (Allocation Failure) 495M->281M(587M) 3.213ms
[552.298s][info][gc,cpu         ] GC(1040) User=0.01s Sys=0.00s Real=0.01s
[552.795s][info][gc,start       ] GC(1041) Pause Young (Allocation Failure)
[552.798s][info][gc,heap        ] GC(1041) PSYoungGen: 213664K(214016K)->1408K(206336K) Eden: 212480K(212480K)->0K(204800K) From: 1184K(1536K)->1408K(1536K)
[552.798s][info][gc,heap        ] GC(1041) ParOldGen: 286822K(387072K)->286838K(387072K)
[552.798s][info][gc,metaspace   ] GC(1041) Metaspace: 57825K(58176K)->57825K(58176K) NonClass: 52200K(52480K)->52200K(52480K) Class: 5624K(5696K)->5624K(5696K)
[552.798s][info][gc             ] GC(1041) Pause Young (Allocation Failure) 488M->281M(579M) 3.131ms
[552.798s][info][gc,cpu         ] GC(1041) User=0.01s Sys=0.00s Real=0.01s
[553.291s][info][gc,start       ] GC(1042) Pause Young (Allocation Failure)
[553.294s][info][gc,heap        ] GC(1042) PSYoungGen: 206208K(206336K)->1270K(199168K) Eden: 204800K(204800K)->0K(197632K) From: 1408K(1536K)->1270K(1536K)
[553.294s][info][gc,heap        ] GC(1042) ParOldGen: 286838K(387072K)->286854K(387072K)
[553.294s][info][gc,metaspace   ] GC(1042) Metaspace: 57825K(58176K)->57825K(58176K) NonClass: 52200K(52480K)->52200K(52480K) Class: 5624K(5696K)->5624K(5696K)
[553.294s][info][gc             ] GC(1042) Pause Young (Allocation Failure) 481M->281M(572M) 3.117ms
[553.294s][info][gc,cpu         ] GC(1042) User=0.01s Sys=0.00s Real=0.00s
[553.725s][info][gc,start       ] GC(1043) Pause Young (Allocation Failure)
[553.728s][info][gc,heap        ] GC(1043) PSYoungGen: 198902K(199168K)->1535K(192000K) Eden: 197632K(197632K)->0K(190464K) From: 1270K(1536K)->1535K(1536K)
[553.728s][info][gc,heap        ] GC(1043) ParOldGen: 286854K(387072K)->286870K(387072K)
[553.728s][info][gc,metaspace   ] GC(1043) Metaspace: 57825K(58176K)->57825K(58176K) NonClass: 52200K(52480K)->52200K(52480K) Class: 5624K(5696K)->5624K(5696K)
[553.728s][info][gc             ] GC(1043) Pause Young (Allocation Failure) 474M->281M(565M) 3.007ms
[553.728s][info][gc,cpu         ] GC(1043) User=0.00s Sys=0.00s Real=0.01s
[554.201s][info][gc,start       ] GC(1044) Pause Young (Allocation Failure)
[554.206s][info][gc,heap        ] GC(1044) PSYoungGen: 191999K(192000K)->2607K(186880K) Eden: 190464K(190464K)->0K(183808K) From: 1535K(1536K)->2607K(3072K)
[554.206s][info][gc,heap        ] GC(1044) ParOldGen: 286870K(387072K)->286886K(387072K)
[554.206s][info][gc,metaspace   ] GC(1044) Metaspace: 57825K(58176K)->57825K(58176K) NonClass: 52200K(52480K)->52200K(52480K) Class: 5624K(5696K)->5624K(5696K)
[554.206s][info][gc             ] GC(1044) Pause Young (Allocation Failure) 467M->282M(560M) 4.573ms
[554.206s][info][gc,cpu         ] GC(1044) User=0.01s Sys=0.00s Real=0.00s
[554.622s][info][gc,start       ] GC(1045) Pause Young (Allocation Failure)
[554.626s][info][gc,heap        ] GC(1045) PSYoungGen: 186415K(186880K)->2303K(179712K) Eden: 183808K(183808K)->0K(177152K) From: 2607K(3072K)->2303K(2560K)
[554.626s][info][gc,heap        ] GC(1045) ParOldGen: 286886K(387072K)->286902K(387072K)
[554.626s][info][gc,metaspace   ] GC(1045) Metaspace: 57825K(58176K)->57825K(58176K) NonClass: 52200K(52480K)->52200K(52480K) Class: 5624K(5696K)->5624K(5696K)
[554.626s][info][gc             ] GC(1045) Pause Young (Allocation Failure) 462M->282M(553M) 3.919ms
[554.626s][info][gc,cpu         ] GC(1045) User=0.01s Sys=0.00s Real=0.00s
[555.028s][info][gc,start       ] GC(1046) Pause Young (Allocation Failure)
[555.030s][info][gc,heap        ] GC(1046) PSYoungGen: 179455K(179712K)->224K(171520K) Eden: 177152K(177152K)->0K(171008K) From: 2303K(2560K)->224K(512K)
[555.030s][info][gc,heap        ] GC(1046) ParOldGen: 286902K(387072K)->286918K(387072K)
[555.030s][info][gc,metaspace   ] GC(1046) Metaspace: 57825K(58176K)->57825K(58176K) NonClass: 52200K(52480K)->52200K(52480K) Class: 5624K(5696K)->5624K(5696K)
[555.030s][info][gc             ] GC(1046) Pause Young (Allocation Failure) 455M->280M(545M) 2.069ms
[555.030s][info][gc,cpu         ] GC(1046) User=0.00s Sys=0.00s Real=0.00s
[555.610s][info][gc,start       ] GC(1047) Pause Young (Allocation Failure)
[555.616s][info][gc,heap        ] GC(1047) PSYoungGen: 171232K(171520K)->3744K(169472K) Eden: 171008K(171008K)->0K(165376K) From: 224K(512K)->3744K(4096K)
[555.616s][info][gc,heap        ] GC(1047) ParOldGen: 286918K(387072K)->286934K(387072K)
[555.616s][info][gc,metaspace   ] GC(1047) Metaspace: 57825K(58176K)->57825K(58176K) NonClass: 52200K(52480K)->52200K(52480K) Class: 5624K(5696K)->5624K(5696K)
[555.616s][info][gc             ] GC(1047) Pause Young (Allocation Failure) 447M->283M(543M) 5.992ms
[555.616s][info][gc,cpu         ] GC(1047) User=0.01s Sys=0.00s Real=0.01s
[555.930s][info][gc,start       ] GC(1048) Pause Young (Allocation Failure)
[555.932s][info][gc,heap        ] GC(1048) PSYoungGen: 169120K(169472K)->1055K(161280K) Eden: 165376K(165376K)->0K(159744K) From: 3744K(4096K)->1055K(1536K)
[555.932s][info][gc,heap        ] GC(1048) ParOldGen: 286934K(387072K)->286950K(387072K)
[555.932s][info][gc,metaspace   ] GC(1048) Metaspace: 57825K(58176K)->57825K(58176K) NonClass: 52200K(52480K)->52200K(52480K) Class: 5624K(5696K)->5624K(5696K)
[555.932s][info][gc             ] GC(1048) Pause Young (Allocation Failure) 445M->281M(535M) 2.709ms
[555.932s][info][gc,cpu         ] GC(1048) User=0.01s Sys=0.01s Real=0.00s
[556.322s][info][gc,start       ] GC(1049) Pause Young (Allocation Failure)
[556.326s][info][gc,heap        ] GC(1049) PSYoungGen: 160799K(161280K)->2623K(157696K) Eden: 159744K(159744K)->0K(154624K) From: 1055K(1536K)->2623K(3072K)
[556.326s][info][gc,heap        ] GC(1049) ParOldGen: 286950K(387072K)->286966K(387072K)
[556.326s][info][gc,metaspace   ] GC(1049) Metaspace: 57825K(58176K)->57825K(58176K) NonClass: 52200K(52480K)->52200K(52480K) Class: 5624K(5696K)->5624K(5696K)
[556.326s][info][gc             ] GC(1049) Pause Young (Allocation Failure) 437M->282M(532M) 4.394ms
[556.326s][info][gc,cpu         ] GC(1049) User=0.01s Sys=0.00s Real=0.00s
[556.699s][info][gc,start       ] GC(1050) Pause Young (Allocation Failure)
[556.704s][info][gc,heap        ] GC(1050) PSYoungGen: 157010K(157696K)->2176K(152064K) Eden: 154387K(154624K)->0K(149504K) From: 2623K(3072K)->2176K(2560K)
[556.704s][info][gc,heap        ] GC(1050) ParOldGen: 286966K(387072K)->286982K(387072K)
[556.704s][info][gc,metaspace   ] GC(1050) Metaspace: 57825K(58176K)->57825K(58176K) NonClass: 52200K(52480K)->52200K(52480K) Class: 5624K(5696K)->5624K(5696K)
[556.704s][info][gc             ] GC(1050) Pause Young (Allocation Failure) 433M->282M(526M) 4.233ms
[556.704s][info][gc,cpu         ] GC(1050) User=0.00s Sys=0.00s Real=0.00s
[557.029s][info][gc,start       ] GC(1051) Pause Young (Allocation Failure)
[557.031s][info][gc,heap        ] GC(1051) PSYoungGen: 151680K(152064K)->735K(145920K) Eden: 149504K(149504K)->0K(144896K) From: 2176K(2560K)->735K(1024K)
[557.031s][info][gc,heap        ] GC(1051) ParOldGen: 286982K(387072K)->286998K(387072K)
[557.031s][info][gc,metaspace   ] GC(1051) Metaspace: 57825K(58176K)->57825K(58176K) NonClass: 52200K(52480K)->52200K(52480K) Class: 5624K(5696K)->5624K(5696K)
[557.031s][info][gc             ] GC(1051) Pause Young (Allocation Failure) 428M->280M(520M) 2.186ms
[557.031s][info][gc,cpu         ] GC(1051) User=0.00s Sys=0.00s Real=0.00s
[557.403s][info][gc,start       ] GC(1052) Pause Young (Allocation Failure)
[557.407s][info][gc,heap        ] GC(1052) PSYoungGen: 145631K(145920K)->2239K(142848K) Eden: 144896K(144896K)->0K(140288K) From: 735K(1024K)->2239K(2560K)
[557.407s][info][gc,heap        ] GC(1052) ParOldGen: 286998K(387072K)->287014K(387072K)
[557.407s][info][gc,metaspace   ] GC(1052) Metaspace: 57825K(58176K)->57825K(58176K) NonClass: 52200K(52480K)->52200K(52480K) Class: 5624K(5696K)->5624K(5696K)
[557.407s][info][gc             ] GC(1052) Pause Young (Allocation Failure) 422M->282M(517M) 4.078ms
[557.407s][info][gc,cpu         ] GC(1052) User=0.01s Sys=0.00s Real=0.01s
[557.724s][info][gc,start       ] GC(1053) Pause Young (Allocation Failure)
[557.728s][info][gc,heap        ] GC(1053) PSYoungGen: 142527K(142848K)->2143K(138240K) Eden: 140288K(140288K)->0K(135680K) From: 2239K(2560K)->2143K(2560K)
[557.728s][info][gc,heap        ] GC(1053) ParOldGen: 287014K(387072K)->287030K(387072K)
[557.728s][info][gc,metaspace   ] GC(1053) Metaspace: 57825K(58176K)->57825K(58176K) NonClass: 52200K(52480K)->52200K(52480K) Class: 5624K(5696K)->5624K(5696K)
[557.728s][info][gc             ] GC(1053) Pause Young (Allocation Failure) 419M->282M(513M) 3.926ms
[557.728s][info][gc,cpu         ] GC(1053) User=0.00s Sys=0.00s Real=0.01s
[558.040s][info][gc,start       ] GC(1054) Pause Young (Allocation Failure)
[558.042s][info][gc,heap        ] GC(1054) PSYoungGen: 137823K(138240K)->735K(132608K) Eden: 135680K(135680K)->0K(131584K) From: 2143K(2560K)->735K(1024K)
[558.042s][info][gc,heap        ] GC(1054) ParOldGen: 287030K(387072K)->287046K(387072K)
[558.042s][info][gc,metaspace   ] GC(1054) Metaspace: 57825K(58176K)->57825K(58176K) NonClass: 52200K(52480K)->52200K(52480K) Class: 5624K(5696K)->5624K(5696K)
[558.042s][info][gc             ] GC(1054) Pause Young (Allocation Failure) 414M->281M(507M) 2.327ms
[558.042s][info][gc,cpu         ] GC(1054) User=0.00s Sys=0.00s Real=0.00s
[558.389s][info][gc,start       ] GC(1055) Pause Young (Allocation Failure)
[558.391s][info][gc,heap        ] GC(1055) PSYoungGen: 132319K(132608K)->1087K(129024K) Eden: 131584K(131584K)->0K(127488K) From: 735K(1024K)->1087K(1536K)
[558.391s][info][gc,heap        ] GC(1055) ParOldGen: 287046K(387072K)->287062K(387072K)
[558.391s][info][gc,metaspace   ] GC(1055) Metaspace: 57825K(58176K)->57825K(58176K) NonClass: 52200K(52480K)->52200K(52480K) Class: 5624K(5696K)->5624K(5696K)
[558.391s][info][gc             ] GC(1055) Pause Young (Allocation Failure) 409M->281M(504M) 2.533ms
[558.392s][info][gc,cpu         ] GC(1055) User=0.00s Sys=0.00s Real=0.00s
[558.692s][info][gc,start       ] GC(1056) Pause Young (Allocation Failure)
[558.695s][info][gc,heap        ] GC(1056) PSYoungGen: 128575K(129024K)->1183K(124928K) Eden: 127488K(127488K)->0K(123392K) From: 1087K(1536K)->1183K(1536K)
[558.695s][info][gc,heap        ] GC(1056) ParOldGen: 287062K(387072K)->287078K(387072K)
[558.695s][info][gc,metaspace   ] GC(1056) Metaspace: 57825K(58176K)->57825K(58176K) NonClass: 52200K(52480K)->52200K(52480K) Class: 5624K(5696K)->5624K(5696K)
[558.695s][info][gc             ] GC(1056) Pause Young (Allocation Failure) 405M->281M(500M) 2.732ms
[558.695s][info][gc,cpu         ] GC(1056) User=0.00s Sys=0.00s Real=0.00s
[559.053s][info][gc,start       ] GC(1057) Pause Young (Allocation Failure)
[559.055s][info][gc,heap        ] GC(1057) PSYoungGen: 124575K(124928K)->841K(120832K) Eden: 123392K(123392K)->0K(119808K) From: 1183K(1536K)->841K(1024K)
[559.055s][info][gc,heap        ] GC(1057) ParOldGen: 287078K(387072K)->287094K(387072K)
[559.055s][info][gc,metaspace   ] GC(1057) Metaspace: 57825K(58176K)->57825K(58176K) NonClass: 52200K(52480K)->52200K(52480K) Class: 5624K(5696K)->5624K(5696K)
[559.055s][info][gc             ] GC(1057) Pause Young (Allocation Failure) 402M->281M(496M) 2.554ms
[559.056s][info][gc,cpu         ] GC(1057) User=0.01s Sys=0.00s Real=0.00s
[559.233s][info][gc,start       ] GC(1058) Pause Young (Allocation Failure)
[559.236s][info][gc,heap        ] GC(1058) PSYoungGen: 120392K(120832K)->928K(117248K) Eden: 119550K(119808K)->0K(116224K) From: 841K(1024K)->928K(1024K)
[559.236s][info][gc,heap        ] GC(1058) ParOldGen: 287094K(387072K)->287110K(387072K)
[559.236s][info][gc,metaspace   ] GC(1058) Metaspace: 57825K(58176K)->57825K(58176K) NonClass: 52200K(52480K)->52200K(52480K) Class: 5624K(5696K)->5624K(5696K)
[559.236s][info][gc             ] GC(1058) Pause Young (Allocation Failure) 397M->281M(492M) 2.825ms
[559.236s][info][gc,cpu         ] GC(1058) User=0.00s Sys=0.00s Real=0.00s
[559.518s][info][gc,start       ] GC(1059) Pause Young (Allocation Failure)
[559.523s][info][gc,heap        ] GC(1059) PSYoungGen: 116842K(117248K)->2912K(141824K) Eden: 115914K(116224K)->0K(138752K) From: 928K(1024K)->2912K(3072K)
[559.524s][info][gc,heap        ] GC(1059) ParOldGen: 287110K(387072K)->287126K(387072K)
[559.524s][info][gc,metaspace   ] GC(1059) Metaspace: 57825K(58176K)->57825K(58176K) NonClass: 52200K(52480K)->52200K(52480K) Class: 5624K(5696K)->5624K(5696K)
[559.524s][info][gc             ] GC(1059) Pause Young (Allocation Failure) 394M->283M(516M) 5.438ms
[559.524s][info][gc,cpu         ] GC(1059) User=0.01s Sys=0.00s Real=0.00s
[559.834s][info][gc,start       ] GC(1060) Pause Young (Allocation Failure)
[559.836s][info][gc,heap        ] GC(1060) PSYoungGen: 141664K(141824K)->959K(166912K) Eden: 138752K(138752K)->0K(165888K) From: 2912K(3072K)->959K(1024K)
[559.836s][info][gc,heap        ] GC(1060) ParOldGen: 287126K(387072K)->287142K(387072K)
[559.836s][info][gc,metaspace   ] GC(1060) Metaspace: 57825K(58176K)->57825K(58176K) NonClass: 52200K(52480K)->52200K(52480K) Class: 5624K(5696K)->5624K(5696K)
[559.836s][info][gc             ] GC(1060) Pause Young (Allocation Failure) 418M->281M(541M) 2.555ms
[559.836s][info][gc,cpu         ] GC(1060) User=0.01s Sys=0.00s Real=0.01s
[560.293s][info][gc,start       ] GC(1061) Pause Young (Allocation Failure)
[560.295s][info][gc,heap        ] GC(1061) PSYoungGen: 166847K(166912K)->1151K(161792K) Eden: 165888K(165888K)->0K(160256K) From: 959K(1024K)->1151K(1536K)
[560.295s][info][gc,heap        ] GC(1061) ParOldGen: 287142K(387072K)->287158K(387072K)
[560.295s][info][gc,metaspace   ] GC(1061) Metaspace: 57825K(58176K)->57825K(58176K) NonClass: 52200K(52480K)->52200K(52480K) Class: 5624K(5696K)->5624K(5696K)
[560.295s][info][gc             ] GC(1061) Pause Young (Allocation Failure) 443M->281M(536M) 2.729ms
[560.295s][info][gc,cpu         ] GC(1061) User=0.00s Sys=0.00s Real=0.00s
[560.620s][info][gc,start       ] GC(1062) Pause Young (Allocation Failure)
[560.624s][info][gc,heap        ] GC(1062) PSYoungGen: 161407K(161792K)->2048K(193024K) Eden: 160256K(160256K)->0K(190976K) From: 1151K(1536K)->2048K(2048K)
[560.624s][info][gc,heap        ] GC(1062) ParOldGen: 287158K(387072K)->287174K(387072K)
[560.624s][info][gc,metaspace   ] GC(1062) Metaspace: 57825K(58176K)->57825K(58176K) NonClass: 52200K(52480K)->52200K(52480K) Class: 5624K(5696K)->5624K(5696K)
[560.624s][info][gc             ] GC(1062) Pause Young (Allocation Failure) 438M->282M(566M) 4.094ms
[560.624s][info][gc,cpu         ] GC(1062) User=0.00s Sys=0.00s Real=0.00s
[561.101s][info][gc,start       ] GC(1063) Pause Young (Allocation Failure)
[561.104s][info][gc,heap        ] GC(1063) PSYoungGen: 193024K(193024K)->2015K(186368K) Eden: 190976K(190976K)->0K(184320K) From: 2048K(2048K)->2015K(2048K)
[561.104s][info][gc,heap        ] GC(1063) ParOldGen: 287174K(387072K)->287190K(387072K)
[561.105s][info][gc,metaspace   ] GC(1063) Metaspace: 57826K(58176K)->57826K(58176K) NonClass: 52201K(52480K)->52201K(52480K) Class: 5624K(5696K)->5624K(5696K)
[561.105s][info][gc             ] GC(1063) Pause Young (Allocation Failure) 468M->282M(560M) 3.686ms
[561.105s][info][gc,cpu         ] GC(1063) User=0.01s Sys=0.00s Real=0.00s
[561.522s][info][gc,start       ] GC(1064) Pause Young (Allocation Failure)
[561.526s][info][gc,heap        ] GC(1064) PSYoungGen: 186335K(186368K)->2271K(180224K) Eden: 184320K(184320K)->0K(177664K) From: 2015K(2048K)->2271K(2560K)
[561.526s][info][gc,heap        ] GC(1064) ParOldGen: 287190K(387072K)->287206K(387072K)
[561.526s][info][gc,metaspace   ] GC(1064) Metaspace: 57826K(58176K)->57826K(58176K) NonClass: 52201K(52480K)->52201K(52480K) Class: 5624K(5696K)->5624K(5696K)
[561.526s][info][gc             ] GC(1064) Pause Young (Allocation Failure) 462M->282M(554M) 4.193ms
[561.526s][info][gc,cpu         ] GC(1064) User=0.01s Sys=0.01s Real=0.01s
[562.035s][info][gc,start       ] GC(1065) Pause Young (Allocation Failure)
[562.037s][info][gc,heap        ] GC(1065) PSYoungGen: 179935K(180224K)->203K(172032K) Eden: 177664K(177664K)->0K(171520K) From: 2271K(2560K)->203K(512K)
[562.037s][info][gc,heap        ] GC(1065) ParOldGen: 287206K(387072K)->287222K(387072K)
[562.037s][info][gc,metaspace   ] GC(1065) Metaspace: 57826K(58176K)->57826K(58176K) NonClass: 52201K(52480K)->52201K(52480K) Class: 5624K(5696K)->5624K(5696K)
[562.037s][info][gc             ] GC(1065) Pause Young (Allocation Failure) 456M->280M(546M) 1.852ms
[562.037s][info][gc,cpu         ] GC(1065) User=0.00s Sys=0.00s Real=0.01s
[562.390s][info][gc,start       ] GC(1066) Pause Young (Allocation Failure)
[562.393s][info][gc,heap        ] GC(1066) PSYoungGen: 171688K(172032K)->992K(166912K) Eden: 171484K(171520K)->0K(165888K) From: 203K(512K)->992K(1024K)
[562.393s][info][gc,heap        ] GC(1066) ParOldGen: 287222K(387072K)->287238K(387072K)
[562.393s][info][gc,metaspace   ] GC(1066) Metaspace: 57826K(58176K)->57826K(58176K) NonClass: 52201K(52480K)->52201K(52480K) Class: 5624K(5696K)->5624K(5696K)
[562.393s][info][gc             ] GC(1066) Pause Young (Allocation Failure) 448M->281M(541M) 2.784ms
[562.393s][info][gc,cpu         ] GC(1066) User=0.00s Sys=0.00s Real=0.00s
[562.789s][info][gc,start       ] GC(1067) Pause Young (Allocation Failure)
[562.791s][info][gc,heap        ] GC(1067) PSYoungGen: 166880K(166912K)->758K(161280K) Eden: 165888K(165888K)->0K(160256K) From: 992K(1024K)->758K(1024K)
[562.792s][info][gc,heap        ] GC(1067) ParOldGen: 287238K(387072K)->287254K(387072K)
[562.792s][info][gc,metaspace   ] GC(1067) Metaspace: 57826K(58176K)->57826K(58176K) NonClass: 52201K(52480K)->52201K(52480K) Class: 5624K(5696K)->5624K(5696K)
[562.792s][info][gc             ] GC(1067) Pause Young (Allocation Failure) 443M->281M(535M) 2.276ms
[562.792s][info][gc,cpu         ] GC(1067) User=0.00s Sys=0.00s Real=0.00s
[563.122s][info][gc,start       ] GC(1068) Pause Young (Allocation Failure)
[563.126s][info][gc,heap        ] GC(1068) PSYoungGen: 161014K(161280K)->2207K(157696K) Eden: 160256K(160256K)->0K(155136K) From: 758K(1024K)->2207K(2560K)
[563.126s][info][gc,heap        ] GC(1068) ParOldGen: 287254K(387072K)->287270K(387072K)
[563.126s][info][gc,metaspace   ] GC(1068) Metaspace: 57826K(58176K)->57826K(58176K) NonClass: 52201K(52480K)->52201K(52480K) Class: 5624K(5696K)->5624K(5696K)
[563.126s][info][gc             ] GC(1068) Pause Young (Allocation Failure) 437M->282M(532M) 3.885ms
[563.126s][info][gc,cpu         ] GC(1068) User=0.01s Sys=0.00s Real=0.01s
[563.507s][info][gc,start       ] GC(1069) Pause Young (Allocation Failure)
[563.511s][info][gc,heap        ] GC(1069) PSYoungGen: 157343K(157696K)->2815K(153088K) Eden: 155136K(155136K)->0K(150016K) From: 2207K(2560K)->2815K(3072K)
[563.511s][info][gc,heap        ] GC(1069) ParOldGen: 287270K(387072K)->287286K(387072K)
[563.511s][info][gc,metaspace   ] GC(1069) Metaspace: 57826K(58176K)->57826K(58176K) NonClass: 52201K(52480K)->52201K(52480K) Class: 5624K(5696K)->5624K(5696K)
[563.511s][info][gc             ] GC(1069) Pause Young (Allocation Failure) 434M->283M(527M) 4.690ms
[563.511s][info][gc,cpu         ] GC(1069) User=0.01s Sys=0.00s Real=0.00s
[563.890s][info][gc,start       ] GC(1070) Pause Young (Allocation Failure)
[563.893s][info][gc,heap        ] GC(1070) PSYoungGen: 152831K(153088K)->1106K(146432K) Eden: 150016K(150016K)->0K(144896K) From: 2815K(3072K)->1106K(1536K)
[563.893s][info][gc,heap        ] GC(1070) ParOldGen: 287286K(387072K)->287302K(387072K)
[563.893s][info][gc,metaspace   ] GC(1070) Metaspace: 57826K(58176K)->57826K(58176K) NonClass: 52201K(52480K)->52201K(52480K) Class: 5624K(5696K)->5624K(5696K)
[563.893s][info][gc             ] GC(1070) Pause Young (Allocation Failure) 429M->281M(521M) 2.704ms
[563.893s][info][gc,cpu         ] GC(1070) User=0.00s Sys=0.00s Real=0.00s
[564.207s][info][gc,start       ] GC(1071) Pause Young (Allocation Failure)
[564.214s][info][gc,heap        ] GC(1071) PSYoungGen: 145947K(146432K)->3360K(176640K) Eden: 144840K(144896K)->0K(173056K) From: 1106K(1536K)->3360K(3584K)
[564.214s][info][gc,heap        ] GC(1071) ParOldGen: 287302K(387072K)->287318K(387072K)
[564.214s][info][gc,metaspace   ] GC(1071) Metaspace: 57826K(58176K)->57826K(58176K) NonClass: 52201K(52480K)->52201K(52480K) Class: 5624K(5696K)->5624K(5696K)
[564.214s][info][gc             ] GC(1071) Pause Young (Allocation Failure) 423M->283M(550M) 6.290ms
[564.214s][info][gc,cpu         ] GC(1071) User=0.01s Sys=0.00s Real=0.00s
[564.619s][info][gc,start       ] GC(1072) Pause Young (Allocation Failure)
[564.623s][info][gc,heap        ] GC(1072) PSYoungGen: 176390K(176640K)->2112K(204288K) Eden: 173030K(173056K)->0K(200704K) From: 3360K(3584K)->2112K(3584K)
[564.623s][info][gc,heap        ] GC(1072) ParOldGen: 287318K(387072K)->287334K(387072K)
[564.623s][info][gc,metaspace   ] GC(1072) Metaspace: 57826K(58176K)->57826K(58176K) NonClass: 52201K(52480K)->52201K(52480K) Class: 5624K(5696K)->5624K(5696K)
[564.623s][info][gc             ] GC(1072) Pause Young (Allocation Failure) 452M->282M(577M) 4.095ms
[564.623s][info][gc,cpu         ] GC(1072) User=0.00s Sys=0.00s Real=0.00s
[565.107s][info][gc,start       ] GC(1073) Pause Young (Allocation Failure)
[565.112s][info][gc,heap        ] GC(1073) PSYoungGen: 202816K(204288K)->2815K(205312K) Eden: 200704K(200704K)->0K(200704K) From: 2112K(3584K)->2815K(4608K)
[565.112s][info][gc,heap        ] GC(1073) ParOldGen: 287334K(387072K)->287350K(387072K)
[565.112s][info][gc,metaspace   ] GC(1073) Metaspace: 57826K(58176K)->57826K(58176K) NonClass: 52201K(52480K)->52201K(52480K) Class: 5624K(5696K)->5624K(5696K)
[565.112s][info][gc             ] GC(1073) Pause Young (Allocation Failure) 478M->283M(578M) 4.657ms
[565.112s][info][gc,cpu         ] GC(1073) User=0.01s Sys=0.00s Real=0.00s
[565.602s][info][gc,start       ] GC(1074) Pause Young (Allocation Failure)
[565.608s][info][gc,heap        ] GC(1074) PSYoungGen: 203519K(205312K)->2591K(243712K) Eden: 200704K(200704K)->0K(239104K) From: 2815K(4608K)->2591K(4608K)
[565.608s][info][gc,heap        ] GC(1074) ParOldGen: 287350K(387072K)->287366K(387072K)
[565.608s][info][gc,metaspace   ] GC(1074) Metaspace: 57826K(58176K)->57826K(58176K) NonClass: 52201K(52480K)->52201K(52480K) Class: 5624K(5696K)->5624K(5696K)
[565.608s][info][gc             ] GC(1074) Pause Young (Allocation Failure) 479M->283M(616M) 5.346ms
[565.608s][info][gc,cpu         ] GC(1074) User=0.00s Sys=0.01s Real=0.01s
[566.193s][info][gc,start       ] GC(1075) Pause Young (Allocation Failure)
[566.195s][info][gc,heap        ] GC(1075) PSYoungGen: 241695K(243712K)->384K(230400K) Eden: 239104K(239104K)->0K(229888K) From: 2591K(4608K)->384K(512K)
[566.195s][info][gc,heap        ] GC(1075) ParOldGen: 287366K(387072K)->287382K(387072K)
[566.195s][info][gc,metaspace   ] GC(1075) Metaspace: 57826K(58176K)->57826K(58176K) NonClass: 52201K(52480K)->52201K(52480K) Class: 5624K(5696K)->5624K(5696K)
[566.195s][info][gc             ] GC(1075) Pause Young (Allocation Failure) 516M->281M(603M) 2.076ms
[566.195s][info][gc,cpu         ] GC(1075) User=0.00s Sys=0.00s Real=0.00s
[566.716s][info][gc,start       ] GC(1076) Pause Young (Allocation Failure)
[566.722s][info][gc,heap        ] GC(1076) PSYoungGen: 230272K(230400K)->2464K(223744K) Eden: 229888K(229888K)->0K(221184K) From: 384K(512K)->2464K(2560K)
[566.722s][info][gc,heap        ] GC(1076) ParOldGen: 287382K(387072K)->287398K(387072K)
[566.722s][info][gc,metaspace   ] GC(1076) Metaspace: 57826K(58176K)->57826K(58176K) NonClass: 52201K(52480K)->52201K(52480K) Class: 5624K(5696K)->5624K(5696K)
[566.722s][info][gc             ] GC(1076) Pause Young (Allocation Failure) 505M->283M(596M) 5.501ms
[566.722s][info][gc,cpu         ] GC(1076) User=0.01s Sys=0.00s Real=0.00s
[567.233s][info][gc,start       ] GC(1077) Pause Young (Allocation Failure)
[567.235s][info][gc,heap        ] GC(1077) PSYoungGen: 223605K(223744K)->672K(214016K) Eden: 221141K(221184K)->0K(212992K) From: 2464K(2560K)->672K(1024K)
[567.235s][info][gc,heap        ] GC(1077) ParOldGen: 287398K(387072K)->287414K(387072K)
[567.235s][info][gc,metaspace   ] GC(1077) Metaspace: 57826K(58176K)->57826K(58176K) NonClass: 52201K(52480K)->52201K(52480K) Class: 5624K(5696K)->5624K(5696K)
[567.235s][info][gc             ] GC(1077) Pause Young (Allocation Failure) 499M->281M(587M) 2.554ms
[567.235s][info][gc,cpu         ] GC(1077) User=0.00s Sys=0.00s Real=0.00s
[567.887s][info][gc,start       ] GC(1078) Pause Young (Allocation Failure)
[567.889s][info][gc,heap        ] GC(1078) PSYoungGen: 213664K(214016K)->451K(205824K) Eden: 212992K(212992K)->0K(205312K) From: 672K(1024K)->451K(512K)
[567.889s][info][gc,heap        ] GC(1078) ParOldGen: 287414K(387072K)->287430K(387072K)
[567.889s][info][gc,metaspace   ] GC(1078) Metaspace: 57826K(58176K)->57826K(58176K) NonClass: 52201K(52480K)->52201K(52480K) Class: 5624K(5696K)->5624K(5696K)
[567.889s][info][gc             ] GC(1078) Pause Young (Allocation Failure) 489M->281M(579M) 2.178ms
[567.889s][info][gc,cpu         ] GC(1078) User=0.01s Sys=0.00s Real=0.00s
[568.338s][info][gc,start       ] GC(1079) Pause Young (Allocation Failure)
[568.340s][info][gc,heap        ] GC(1079) PSYoungGen: 205661K(205824K)->480K(202240K) Eden: 205209K(205312K)->0K(197632K) From: 451K(512K)->480K(4608K)
[568.340s][info][gc,heap        ] GC(1079) ParOldGen: 287430K(387072K)->287446K(387072K)
[568.340s][info][gc,metaspace   ] GC(1079) Metaspace: 57826K(58176K)->57826K(58176K) NonClass: 52201K(52480K)->52201K(52480K) Class: 5624K(5696K)->5624K(5696K)
[568.340s][info][gc             ] GC(1079) Pause Young (Allocation Failure) 481M->281M(575M) 2.039ms
[568.340s][info][gc,cpu         ] GC(1079) User=0.01s Sys=0.00s Real=0.00s
[568.818s][info][gc,start       ] GC(1080) Pause Young (Allocation Failure)
[568.823s][info][gc,heap        ] GC(1080) PSYoungGen: 198112K(202240K)->3007K(193536K) Eden: 197632K(197632K)->0K(190464K) From: 480K(4608K)->3007K(3072K)
[568.823s][info][gc,heap        ] GC(1080) ParOldGen: 287446K(387072K)->287462K(387072K)
[568.823s][info][gc,metaspace   ] GC(1080) Metaspace: 57826K(58176K)->57826K(58176K) NonClass: 52201K(52480K)->52201K(52480K) Class: 5624K(5696K)->5624K(5696K)
[568.823s][info][gc             ] GC(1080) Pause Young (Allocation Failure) 474M->283M(567M) 4.990ms
[568.823s][info][gc,cpu         ] GC(1080) User=0.01s Sys=0.00s Real=0.00s
[569.294s][info][gc,start       ] GC(1081) Pause Young (Allocation Failure)
[569.297s][info][gc,heap        ] GC(1081) PSYoungGen: 193471K(193536K)->896K(184832K) Eden: 190464K(190464K)->0K(183808K) From: 3007K(3072K)->896K(1024K)
[569.297s][info][gc,heap        ] GC(1081) ParOldGen: 287462K(387072K)->287478K(387072K)
[569.297s][info][gc,metaspace   ] GC(1081) Metaspace: 57826K(58176K)->57826K(58176K) NonClass: 52201K(52480K)->52201K(52480K) Class: 5624K(5696K)->5624K(5696K)
[569.297s][info][gc             ] GC(1081) Pause Young (Allocation Failure) 469M->281M(558M) 2.745ms
[569.297s][info][gc,cpu         ] GC(1081) User=0.01s Sys=0.00s Real=0.01s
[569.711s][info][gc,start       ] GC(1082) Pause Young (Allocation Failure)
[569.716s][info][gc,heap        ] GC(1082) PSYoungGen: 184435K(184832K)->2944K(180224K) Eden: 183539K(183808K)->0K(177152K) From: 896K(1024K)->2944K(3072K)
[569.716s][info][gc,heap        ] GC(1082) ParOldGen: 287478K(387072K)->287494K(387072K)
[569.716s][info][gc,metaspace   ] GC(1082) Metaspace: 57826K(58176K)->57826K(58176K) NonClass: 52201K(52480K)->52201K(52480K) Class: 5624K(5696K)->5624K(5696K)
[569.716s][info][gc             ] GC(1082) Pause Young (Allocation Failure) 460M->283M(554M) 5.289ms
[569.716s][info][gc,cpu         ] GC(1082) User=0.01s Sys=0.00s Real=0.00s
[570.126s][info][gc,start       ] GC(1083) Pause Young (Allocation Failure)
[570.129s][info][gc,heap        ] GC(1083) PSYoungGen: 180049K(180224K)->960K(172032K) Eden: 177105K(177152K)->0K(171008K) From: 2944K(3072K)->960K(1024K)
[570.129s][info][gc,heap        ] GC(1083) ParOldGen: 287494K(387072K)->287510K(387072K)
[570.129s][info][gc,metaspace   ] GC(1083) Metaspace: 57826K(58176K)->57826K(58176K) NonClass: 52201K(52480K)->52201K(52480K) Class: 5624K(5696K)->5624K(5696K)
[570.129s][info][gc             ] GC(1083) Pause Young (Allocation Failure) 456M->281M(546M) 2.949ms
[570.129s][info][gc,cpu         ] GC(1083) User=0.00s Sys=0.00s Real=0.00s
[570.563s][info][gc,start       ] GC(1084) Pause Young (Allocation Failure)
[570.565s][info][gc,heap        ] GC(1084) PSYoungGen: 171968K(172032K)->64K(165888K) Eden: 171008K(171008K)->0K(165376K) From: 960K(1024K)->64K(512K)
[570.565s][info][gc,heap        ] GC(1084) ParOldGen: 287510K(387072K)->287526K(387072K)
[570.565s][info][gc,metaspace   ] GC(1084) Metaspace: 57826K(58176K)->57826K(58176K) NonClass: 52201K(52480K)->52201K(52480K) Class: 5624K(5696K)->5624K(5696K)
[570.565s][info][gc             ] GC(1084) Pause Young (Allocation Failure) 448M->280M(540M) 1.885ms
[570.565s][info][gc,cpu         ] GC(1084) User=0.00s Sys=0.00s Real=0.00s
[571.032s][info][gc,start       ] GC(1085) Pause Young (Allocation Failure)
[571.035s][info][gc,heap        ] GC(1085) PSYoungGen: 165440K(165888K)->1503K(164352K) Eden: 165376K(165376K)->0K(159744K) From: 64K(512K)->1503K(4608K)
[571.035s][info][gc,heap        ] GC(1085) ParOldGen: 287526K(387072K)->287542K(387072K)
[571.035s][info][gc,metaspace   ] GC(1085) Metaspace: 57826K(58176K)->57826K(58176K) NonClass: 52201K(52480K)->52201K(52480K) Class: 5624K(5696K)->5624K(5696K)
[571.035s][info][gc             ] GC(1085) Pause Young (Allocation Failure) 442M->282M(538M) 3.510ms
[571.035s][info][gc,cpu         ] GC(1085) User=0.00s Sys=0.00s Real=0.00s
[571.312s][info][gc,start       ] GC(1086) Pause Young (Allocation Failure)
[571.318s][info][gc,heap        ] GC(1086) PSYoungGen: 161247K(164352K)->3199K(158208K) Eden: 159744K(159744K)->0K(154624K) From: 1503K(4608K)->3199K(3584K)
[571.318s][info][gc,heap        ] GC(1086) ParOldGen: 287542K(387072K)->287558K(387072K)
[571.318s][info][gc,metaspace   ] GC(1086) Metaspace: 57826K(58176K)->57826K(58176K) NonClass: 52201K(52480K)->52201K(52480K) Class: 5624K(5696K)->5624K(5696K)
[571.318s][info][gc             ] GC(1086) Pause Young (Allocation Failure) 438M->283M(532M) 5.099ms
[571.318s][info][gc,cpu         ] GC(1086) User=0.01s Sys=0.00s Real=0.01s
[571.699s][info][gc,start       ] GC(1087) Pause Young (Allocation Failure)
[571.703s][info][gc,heap        ] GC(1087) PSYoungGen: 157823K(158208K)->1983K(151552K) Eden: 154624K(154624K)->0K(149504K) From: 3199K(3584K)->1983K(2048K)
[571.703s][info][gc,heap        ] GC(1087) ParOldGen: 287558K(387072K)->287574K(387072K)
[571.703s][info][gc,metaspace   ] GC(1087) Metaspace: 57826K(58176K)->57826K(58176K) NonClass: 52201K(52480K)->52201K(52480K) Class: 5624K(5696K)->5624K(5696K)
[571.703s][info][gc             ] GC(1087) Pause Young (Allocation Failure) 434M->282M(526M) 3.808ms
[571.703s][info][gc,cpu         ] GC(1087) User=0.01s Sys=0.00s Real=0.00s
[572.106s][info][gc,start       ] GC(1088) Pause Young (Allocation Failure)
[572.109s][info][gc,heap        ] GC(1088) PSYoungGen: 151232K(151552K)->448K(145408K) Eden: 149248K(149504K)->0K(144896K) From: 1983K(2048K)->448K(512K)
[572.109s][info][gc,heap        ] GC(1088) ParOldGen: 287574K(387072K)->287590K(387072K)
[572.109s][info][gc,metaspace   ] GC(1088) Metaspace: 57826K(58176K)->57826K(58176K) NonClass: 52201K(52480K)->52201K(52480K) Class: 5624K(5696K)->5624K(5696K)
[572.109s][info][gc             ] GC(1088) Pause Young (Allocation Failure) 428M->281M(520M) 2.344ms
[572.109s][info][gc,cpu         ] GC(1088) User=0.01s Sys=0.00s Real=0.00s
[572.400s][info][gc,start       ] GC(1089) Pause Young (Allocation Failure)
[572.404s][info][gc,heap        ] GC(1089) PSYoungGen: 145344K(145408K)->2495K(144896K) Eden: 144896K(144896K)->0K(140288K) From: 448K(512K)->2495K(4608K)
[572.404s][info][gc,heap        ] GC(1089) ParOldGen: 287590K(387072K)->287606K(387072K)
[572.404s][info][gc,metaspace   ] GC(1089) Metaspace: 57826K(58176K)->57826K(58176K) NonClass: 52201K(52480K)->52201K(52480K) Class: 5624K(5696K)->5624K(5696K)
[572.404s][info][gc             ] GC(1089) Pause Young (Allocation Failure) 422M->283M(519M) 3.988ms
[572.404s][info][gc,cpu         ] GC(1089) User=0.01s Sys=0.00s Real=0.00s
[572.723s][info][gc,start       ] GC(1090) Pause Young (Allocation Failure)
[572.727s][info][gc,heap        ] GC(1090) PSYoungGen: 142783K(144896K)->2304K(169984K) Eden: 140288K(140288K)->0K(167424K) From: 2495K(4608K)->2304K(2560K)
[572.727s][info][gc,heap        ] GC(1090) ParOldGen: 287606K(387072K)->287622K(387072K)
[572.727s][info][gc,metaspace   ] GC(1090) Metaspace: 57826K(58176K)->57826K(58176K) NonClass: 52201K(52480K)->52201K(52480K) Class: 5624K(5696K)->5624K(5696K)
[572.727s][info][gc             ] GC(1090) Pause Young (Allocation Failure) 420M->283M(544M) 4.596ms
[572.727s][info][gc,cpu         ] GC(1090) User=0.01s Sys=0.00s Real=0.01s
[573.119s][info][gc,start       ] GC(1091) Pause Young (Allocation Failure)
[573.124s][info][gc,heap        ] GC(1091) PSYoungGen: 169671K(169984K)->2528K(202240K) Eden: 167367K(167424K)->0K(199680K) From: 2304K(2560K)->2528K(2560K)
[573.124s][info][gc,heap        ] GC(1091) ParOldGen: 287622K(387072K)->287638K(387072K)
[573.124s][info][gc,metaspace   ] GC(1091) Metaspace: 57826K(58176K)->57826K(58176K) NonClass: 52201K(52480K)->52201K(52480K) Class: 5624K(5696K)->5624K(5696K)
[573.124s][info][gc             ] GC(1091) Pause Young (Allocation Failure) 446M->283M(575M) 4.704ms
[573.124s][info][gc,cpu         ] GC(1091) User=0.01s Sys=0.00s Real=0.00s
[573.603s][info][gc,start       ] GC(1092) Pause Young (Allocation Failure)
[573.607s][info][gc,heap        ] GC(1092) PSYoungGen: 202208K(202240K)->2079K(207360K) Eden: 199680K(199680K)->0K(202752K) From: 2528K(2560K)->2079K(4608K)
[573.607s][info][gc,heap        ] GC(1092) ParOldGen: 287638K(387072K)->287654K(387072K)
[573.607s][info][gc,metaspace   ] GC(1092) Metaspace: 57826K(58176K)->57826K(58176K) NonClass: 52201K(52480K)->52201K(52480K) Class: 5624K(5696K)->5624K(5696K)
[573.607s][info][gc             ] GC(1092) Pause Young (Allocation Failure) 478M->282M(580M) 3.795ms
[573.607s][info][gc,cpu         ] GC(1092) User=0.00s Sys=0.00s Real=0.01s
[574.094s][info][gc,start       ] GC(1093) Pause Young (Allocation Failure)
[574.098s][info][gc,heap        ] GC(1093) PSYoungGen: 204831K(207360K)->2047K(197632K) Eden: 202752K(202752K)->0K(195584K) From: 2079K(4608K)->2047K(2048K)
[574.098s][info][gc,heap        ] GC(1093) ParOldGen: 287654K(387072K)->287670K(387072K)
[574.098s][info][gc,metaspace   ] GC(1093) Metaspace: 57826K(58176K)->57826K(58176K) NonClass: 52201K(52480K)->52201K(52480K) Class: 5624K(5696K)->5624K(5696K)
[574.098s][info][gc             ] GC(1093) Pause Young (Allocation Failure) 480M->282M(571M) 3.841ms
[574.098s][info][gc,cpu         ] GC(1093) User=0.00s Sys=0.00s Real=0.01s
[574.586s][info][gc,start       ] GC(1094) Pause Young (Allocation Failure)
[574.588s][info][gc,heap        ] GC(1094) PSYoungGen: 197631K(197632K)->703K(189440K) Eden: 195584K(195584K)->0K(188416K) From: 2047K(2048K)->703K(1024K)
[574.588s][info][gc,heap        ] GC(1094) ParOldGen: 287670K(387072K)->287686K(387072K)
[574.588s][info][gc,metaspace   ] GC(1094) Metaspace: 57826K(58176K)->57826K(58176K) NonClass: 52201K(52480K)->52201K(52480K) Class: 5624K(5696K)->5624K(5696K)
[574.589s][info][gc             ] GC(1094) Pause Young (Allocation Failure) 473M->281M(563M) 2.155ms
[574.589s][info][gc,cpu         ] GC(1094) User=0.01s Sys=0.00s Real=0.00s
[575.006s][info][gc,start       ] GC(1095) Pause Young (Allocation Failure)
[575.011s][info][gc,heap        ] GC(1095) PSYoungGen: 189119K(189440K)->2624K(184832K) Eden: 188416K(188416K)->0K(181760K) From: 703K(1024K)->2624K(3072K)
[575.011s][info][gc,heap        ] GC(1095) ParOldGen: 287686K(387072K)->287702K(387072K)
[575.011s][info][gc,metaspace   ] GC(1095) Metaspace: 57826K(58176K)->57826K(58176K) NonClass: 52201K(52480K)->52201K(52480K) Class: 5624K(5696K)->5624K(5696K)
[575.011s][info][gc             ] GC(1095) Pause Young (Allocation Failure) 465M->283M(558M) 4.543ms
[575.011s][info][gc,cpu         ] GC(1095) User=0.01s Sys=0.00s Real=0.00s
[575.477s][info][gc,start       ] GC(1096) Pause Young (Allocation Failure)
[575.480s][info][gc,heap        ] GC(1096) PSYoungGen: 184171K(184832K)->864K(176640K) Eden: 181547K(181760K)->0K(175616K) From: 2624K(3072K)->864K(1024K)
[575.480s][info][gc,heap        ] GC(1096) ParOldGen: 287702K(387072K)->287718K(387072K)
[575.480s][info][gc,metaspace   ] GC(1096) Metaspace: 57826K(58176K)->57826K(58176K) NonClass: 52201K(52480K)->52201K(52480K) Class: 5624K(5696K)->5624K(5696K)
[575.480s][info][gc             ] GC(1096) Pause Young (Allocation Failure) 460M->281M(550M) 2.747ms
[575.480s][info][gc,cpu         ] GC(1096) User=0.00s Sys=0.00s Real=0.00s
[575.889s][info][gc,start       ] GC(1097) Pause Young (Allocation Failure)
[575.892s][info][gc,heap        ] GC(1097) PSYoungGen: 176480K(176640K)->1028K(171008K) Eden: 175616K(175616K)->0K(169472K) From: 864K(1024K)->1028K(1536K)
[575.892s][info][gc,heap        ] GC(1097) ParOldGen: 287718K(387072K)->287734K(387072K)
[575.892s][info][gc,metaspace   ] GC(1097) Metaspace: 57826K(58176K)->57826K(58176K) NonClass: 52201K(52480K)->52201K(52480K) Class: 5624K(5696K)->5624K(5696K)
[575.892s][info][gc             ] GC(1097) Pause Young (Allocation Failure) 453M->281M(545M) 2.452ms
[575.892s][info][gc,cpu         ] GC(1097) User=0.01s Sys=0.00s Real=0.00s
[576.291s][info][gc,start       ] GC(1098) Pause Young (Allocation Failure)
[576.293s][info][gc,heap        ] GC(1098) PSYoungGen: 170500K(171008K)->1200K(165376K) Eden: 169472K(169472K)->0K(163840K) From: 1028K(1536K)->1200K(1536K)
[576.293s][info][gc,heap        ] GC(1098) ParOldGen: 287734K(387072K)->287750K(387072K)
[576.293s][info][gc,metaspace   ] GC(1098) Metaspace: 57826K(58176K)->57826K(58176K) NonClass: 52201K(52480K)->52201K(52480K) Class: 5624K(5696K)->5624K(5696K)
[576.293s][info][gc             ] GC(1098) Pause Young (Allocation Failure) 447M->282M(539M) 2.717ms
[576.293s][info][gc,cpu         ] GC(1098) User=0.00s Sys=0.00s Real=0.00s
[576.688s][info][gc,start       ] GC(1099) Pause Young (Allocation Failure)
[576.690s][info][gc,heap        ] GC(1099) PSYoungGen: 165040K(165376K)->701K(159232K) Eden: 163840K(163840K)->0K(158208K) From: 1200K(1536K)->701K(1024K)
[576.690s][info][gc,heap        ] GC(1099) ParOldGen: 287750K(387072K)->287766K(387072K)
[576.690s][info][gc,metaspace   ] GC(1099) Metaspace: 57826K(58176K)->57826K(58176K) NonClass: 52201K(52480K)->52201K(52480K) Class: 5624K(5696K)->5624K(5696K)
[576.690s][info][gc             ] GC(1099) Pause Young (Allocation Failure) 442M->281M(533M) 2.240ms
[576.690s][info][gc,cpu         ] GC(1099) User=0.00s Sys=0.01s Real=0.00s
[577.024s][info][gc,start       ] GC(1100) Pause Young (Allocation Failure)
[577.028s][info][gc,heap        ] GC(1100) PSYoungGen: 158909K(159232K)->2431K(155648K) Eden: 158208K(158208K)->0K(153088K) From: 701K(1024K)->2431K(2560K)
[577.028s][info][gc,heap        ] GC(1100) ParOldGen: 287766K(387072K)->287782K(387072K)
[577.028s][info][gc,metaspace   ] GC(1100) Metaspace: 57826K(58176K)->57826K(58176K) NonClass: 52201K(52480K)->52201K(52480K) Class: 5624K(5696K)->5624K(5696K)
[577.028s][info][gc             ] GC(1100) Pause Young (Allocation Failure) 436M->283M(530M) 4.260ms
[577.028s][info][gc,cpu         ] GC(1100) User=0.01s Sys=0.00s Real=0.01s
[577.402s][info][gc,start       ] GC(1101) Pause Young (Allocation Failure)
[577.406s][info][gc,heap        ] GC(1101) PSYoungGen: 155519K(155648K)->2015K(150016K) Eden: 153088K(153088K)->0K(147968K) From: 2431K(2560K)->2015K(2048K)
[577.406s][info][gc,heap        ] GC(1101) ParOldGen: 287782K(387072K)->287798K(387072K)
[577.406s][info][gc,metaspace   ] GC(1101) Metaspace: 57826K(58176K)->57826K(58176K) NonClass: 52201K(52480K)->52201K(52480K) Class: 5624K(5696K)->5624K(5696K)
[577.406s][info][gc             ] GC(1101) Pause Young (Allocation Failure) 432M->283M(524M) 3.614ms
[577.406s][info][gc,cpu         ] GC(1101) User=0.00s Sys=0.00s Real=0.00s
[577.767s][info][gc,start       ] GC(1102) Pause Young (Allocation Failure)
[577.769s][info][gc,heap        ] GC(1102) PSYoungGen: 149911K(150016K)->480K(143872K) Eden: 147896K(147968K)->0K(143360K) From: 2015K(2048K)->480K(512K)
[577.769s][info][gc,heap        ] GC(1102) ParOldGen: 287798K(387072K)->287814K(387072K)
[577.769s][info][gc,metaspace   ] GC(1102) Metaspace: 57826K(58176K)->57826K(58176K) NonClass: 52201K(52480K)->52201K(52480K) Class: 5624K(5696K)->5624K(5696K)
[577.769s][info][gc             ] GC(1102) Pause Young (Allocation Failure) 427M->281M(518M) 2.287ms
[577.769s][info][gc,cpu         ] GC(1102) User=0.01s Sys=0.00s Real=0.00s
[578.100s][info][gc,start       ] GC(1103) Pause Young (Allocation Failure)
[578.104s][info][gc,heap        ] GC(1103) PSYoungGen: 143840K(143872K)->2431K(142848K) Eden: 143360K(143360K)->0K(138752K) From: 480K(512K)->2431K(4096K)
[578.104s][info][gc,heap        ] GC(1103) ParOldGen: 287814K(387072K)->287830K(387072K)
[578.104s][info][gc,metaspace   ] GC(1103) Metaspace: 57826K(58176K)->57826K(58176K) NonClass: 52201K(52480K)->52201K(52480K) Class: 5624K(5696K)->5624K(5696K)
[578.104s][info][gc             ] GC(1103) Pause Young (Allocation Failure) 421M->283M(517M) 4.013ms
[578.105s][info][gc,cpu         ] GC(1103) User=0.00s Sys=0.00s Real=0.00s
[578.415s][info][gc,start       ] GC(1104) Pause Young (Allocation Failure)
[578.420s][info][gc,heap        ] GC(1104) PSYoungGen: 141183K(142848K)->2592K(168960K) Eden: 138752K(138752K)->0K(165888K) From: 2431K(4096K)->2592K(3072K)
[578.420s][info][gc,heap        ] GC(1104) ParOldGen: 287830K(387072K)->287846K(387072K)
[578.420s][info][gc,metaspace   ] GC(1104) Metaspace: 57826K(58176K)->57826K(58176K) NonClass: 52201K(52480K)->52201K(52480K) Class: 5624K(5696K)->5624K(5696K)
[578.420s][info][gc             ] GC(1104) Pause Young (Allocation Failure) 418M->283M(543M) 4.713ms
[578.420s][info][gc,cpu         ] GC(1104) User=0.01s Sys=0.00s Real=0.01s
[578.813s][info][gc,start       ] GC(1105) Pause Young (Allocation Failure)
[578.818s][info][gc,heap        ] GC(1105) PSYoungGen: 168480K(168960K)->3135K(185344K) Eden: 165888K(165888K)->0K(181248K) From: 2592K(3072K)->3135K(4096K)
[578.818s][info][gc,heap        ] GC(1105) ParOldGen: 287846K(387072K)->287862K(387072K)
[578.818s][info][gc,metaspace   ] GC(1105) Metaspace: 57826K(58176K)->57826K(58176K) NonClass: 52201K(52480K)->52201K(52480K) Class: 5624K(5696K)->5624K(5696K)
[578.818s][info][gc             ] GC(1105) Pause Young (Allocation Failure) 445M->284M(559M) 4.986ms
[578.818s][info][gc,cpu         ] GC(1105) User=0.01s Sys=0.00s Real=0.01s
[579.285s][info][gc,start       ] GC(1106) Pause Young (Allocation Failure)
[579.287s][info][gc,heap        ] GC(1106) PSYoungGen: 184383K(185344K)->192K(175616K) Eden: 181248K(181248K)->0K(175104K) From: 3135K(4096K)->192K(512K)
[579.287s][info][gc,heap        ] GC(1106) ParOldGen: 287862K(387072K)->287878K(387072K)
[579.287s][info][gc,metaspace   ] GC(1106) Metaspace: 57826K(58176K)->57826K(58176K) NonClass: 52201K(52480K)->52201K(52480K) Class: 5624K(5696K)->5624K(5696K)
[579.287s][info][gc             ] GC(1106) Pause Young (Allocation Failure) 461M->281M(549M) 1.758ms
[579.287s][info][gc,cpu         ] GC(1106) User=0.00s Sys=0.00s Real=0.01s
[579.693s][info][gc,start       ] GC(1107) Pause Young (Allocation Failure)
[579.697s][info][gc,heap        ] GC(1107) PSYoungGen: 175296K(175616K)->1823K(173568K) Eden: 175104K(175104K)->0K(168960K) From: 192K(512K)->1823K(4608K)
[579.697s][info][gc,heap        ] GC(1107) ParOldGen: 287878K(387072K)->287894K(387072K)
[579.697s][info][gc,metaspace   ] GC(1107) Metaspace: 57826K(58176K)->57826K(58176K) NonClass: 52201K(52480K)->52201K(52480K) Class: 5624K(5696K)->5624K(5696K)
[579.697s][info][gc             ] GC(1107) Pause Young (Allocation Failure) 452M->282M(547M) 3.935ms
[579.697s][info][gc,cpu         ] GC(1107) User=0.01s Sys=0.00s Real=0.01s
[580.098s][info][gc,start       ] GC(1108) Pause Young (Allocation Failure)
[580.102s][info][gc,heap        ] GC(1108) PSYoungGen: 170783K(173568K)->2078K(165888K) Eden: 168960K(168960K)->0K(163328K) From: 1823K(4608K)->2078K(2560K)
[580.102s][info][gc,heap        ] GC(1108) ParOldGen: 287894K(387072K)->287910K(387072K)
[580.102s][info][gc,metaspace   ] GC(1108) Metaspace: 57826K(58176K)->57826K(58176K) NonClass: 52201K(52480K)->52201K(52480K) Class: 5624K(5696K)->5624K(5696K)
[580.102s][info][gc             ] GC(1108) Pause Young (Allocation Failure) 447M->283M(540M) 4.031ms
[580.102s][info][gc,cpu         ] GC(1108) User=0.00s Sys=0.01s Real=0.00s
[580.488s][info][gc,start       ] GC(1109) Pause Young (Allocation Failure)
[580.491s][info][gc,heap        ] GC(1109) PSYoungGen: 165406K(165888K)->1151K(159232K) Eden: 163328K(163328K)->0K(157696K) From: 2078K(2560K)->1151K(1536K)
[580.491s][info][gc,heap        ] GC(1109) ParOldGen: 287910K(387072K)->287926K(387072K)
[580.491s][info][gc,metaspace   ] GC(1109) Metaspace: 57826K(58176K)->57826K(58176K) NonClass: 52201K(52480K)->52201K(52480K) Class: 5624K(5696K)->5624K(5696K)
[580.491s][info][gc             ] GC(1109) Pause Young (Allocation Failure) 442M->282M(533M) 2.921ms
[580.491s][info][gc,cpu         ] GC(1109) User=0.01s Sys=0.00s Real=0.00s
[580.828s][info][gc,start       ] GC(1110) Pause Young (Allocation Failure)
[580.831s][info][gc,heap        ] GC(1110) PSYoungGen: 158787K(159232K)->1312K(154112K) Eden: 157636K(157696K)->0K(152576K) From: 1151K(1536K)->1312K(1536K)
[580.831s][info][gc,heap        ] GC(1110) ParOldGen: 287926K(387072K)->287942K(387072K)
[580.831s][info][gc,metaspace   ] GC(1110) Metaspace: 57826K(58176K)->57826K(58176K) NonClass: 52201K(52480K)->52201K(52480K) Class: 5624K(5696K)->5624K(5696K)
[580.832s][info][gc             ] GC(1110) Pause Young (Allocation Failure) 436M->282M(528M) 3.415ms
[580.832s][info][gc,cpu         ] GC(1110) User=0.01s Sys=0.00s Real=0.00s
[581.257s][info][gc,start       ] GC(1111) Pause Young (Allocation Failure)
[581.259s][info][gc,heap        ] GC(1111) PSYoungGen: 153888K(154112K)->927K(148480K) Eden: 152576K(152576K)->0K(147456K) From: 1312K(1536K)->927K(1024K)
[581.259s][info][gc,heap        ] GC(1111) ParOldGen: 287942K(387072K)->287958K(387072K)
[581.259s][info][gc,metaspace   ] GC(1111) Metaspace: 57826K(58176K)->57826K(58176K) NonClass: 52201K(52480K)->52201K(52480K) Class: 5624K(5696K)->5624K(5696K)
[581.259s][info][gc             ] GC(1111) Pause Young (Allocation Failure) 431M->282M(523M) 2.292ms
[581.259s][info][gc,cpu         ] GC(1111) User=0.01s Sys=0.00s Real=0.00s
[581.586s][info][gc,start       ] GC(1112) Pause Young (Allocation Failure)
[581.589s][info][gc,heap        ] GC(1112) PSYoungGen: 148383K(148480K)->596K(143872K) Eden: 147456K(147456K)->0K(142848K) From: 927K(1024K)->596K(1024K)
[581.589s][info][gc,heap        ] GC(1112) ParOldGen: 287958K(387072K)->287974K(387072K)
[581.589s][info][gc,metaspace   ] GC(1112) Metaspace: 57826K(58176K)->57826K(58176K) NonClass: 52201K(52480K)->52201K(52480K) Class: 5624K(5696K)->5624K(5696K)
[581.589s][info][gc             ] GC(1112) Pause Young (Allocation Failure) 426M->281M(518M) 2.328ms
[581.589s][info][gc,cpu         ] GC(1112) User=0.01s Sys=0.00s Real=0.00s
[581.903s][info][gc,start       ] GC(1113) Pause Young (Allocation Failure)
[581.907s][info][gc,heap        ] GC(1113) PSYoungGen: 143444K(143872K)->2303K(140800K) Eden: 142848K(142848K)->0K(138240K) From: 596K(1024K)->2303K(2560K)
[581.907s][info][gc,heap        ] GC(1113) ParOldGen: 287974K(387072K)->287990K(387072K)
[581.907s][info][gc,metaspace   ] GC(1113) Metaspace: 57826K(58176K)->57826K(58176K) NonClass: 52201K(52480K)->52201K(52480K) Class: 5624K(5696K)->5624K(5696K)
[581.907s][info][gc             ] GC(1113) Pause Young (Allocation Failure) 421M->283M(515M) 3.966ms
[581.907s][info][gc,cpu         ] GC(1113) User=0.01s Sys=0.00s Real=0.01s
[582.216s][info][gc,start       ] GC(1114) Pause Young (Allocation Failure)
[582.221s][info][gc,heap        ] GC(1114) PSYoungGen: 140543K(140800K)->2815K(167936K) Eden: 138240K(138240K)->0K(164864K) From: 2303K(2560K)->2815K(3072K)
[582.221s][info][gc,heap        ] GC(1114) ParOldGen: 287990K(387072K)->288006K(387072K)
[582.221s][info][gc,metaspace   ] GC(1114) Metaspace: 57826K(58176K)->57826K(58176K) NonClass: 52201K(52480K)->52201K(52480K) Class: 5624K(5696K)->5624K(5696K)
[582.221s][info][gc             ] GC(1114) Pause Young (Allocation Failure) 418M->284M(542M) 4.916ms
[582.221s][info][gc,cpu         ] GC(1114) User=0.01s Sys=0.00s Real=0.00s
[582.613s][info][gc,start       ] GC(1115) Pause Young (Allocation Failure)
[582.617s][info][gc,heap        ] GC(1115) PSYoungGen: 167679K(167936K)->2399K(186368K) Eden: 164864K(164864K)->0K(182272K) From: 2815K(3072K)->2399K(4096K)
[582.617s][info][gc,heap        ] GC(1115) ParOldGen: 288006K(387072K)->288022K(387072K)
[582.617s][info][gc,metaspace   ] GC(1115) Metaspace: 57826K(58176K)->57826K(58176K) NonClass: 52201K(52480K)->52201K(52480K) Class: 5624K(5696K)->5624K(5696K)
[582.617s][info][gc             ] GC(1115) Pause Young (Allocation Failure) 445M->283M(560M) 4.042ms
[582.617s][info][gc,cpu         ] GC(1115) User=0.01s Sys=0.00s Real=0.01s
[583.085s][info][gc,start       ] GC(1116) Pause Young (Allocation Failure)
[583.087s][info][gc,heap        ] GC(1116) PSYoungGen: 184671K(186368K)->735K(177152K) Eden: 182272K(182272K)->0K(176128K) From: 2399K(4096K)->735K(1024K)
[583.087s][info][gc,heap        ] GC(1116) ParOldGen: 288022K(387072K)->288038K(387072K)
[583.088s][info][gc,metaspace   ] GC(1116) Metaspace: 57826K(58176K)->57826K(58176K) NonClass: 52201K(52480K)->52201K(52480K) Class: 5624K(5696K)->5624K(5696K)
[583.088s][info][gc             ] GC(1116) Pause Young (Allocation Failure) 461M->282M(551M) 2.413ms
[583.088s][info][gc,cpu         ] GC(1116) User=0.00s Sys=0.00s Real=0.01s
[583.491s][info][gc,start       ] GC(1117) Pause Young (Allocation Failure)
[583.495s][info][gc,heap        ] GC(1117) PSYoungGen: 176863K(177152K)->1311K(171520K) Eden: 176128K(176128K)->0K(169984K) From: 735K(1024K)->1311K(1536K)
[583.495s][info][gc,heap        ] GC(1117) ParOldGen: 288038K(387072K)->288054K(387072K)
[583.495s][info][gc,metaspace   ] GC(1117) Metaspace: 57827K(58176K)->57827K(58176K) NonClass: 52202K(52480K)->52202K(52480K) Class: 5624K(5696K)->5624K(5696K)
[583.495s][info][gc             ] GC(1117) Pause Young (Allocation Failure) 454M->282M(545M) 3.279ms
[583.495s][info][gc,cpu         ] GC(1117) User=0.01s Sys=0.00s Real=0.00s
[583.893s][info][gc,start       ] GC(1118) Pause Young (Allocation Failure)
[583.896s][info][gc,heap        ] GC(1118) PSYoungGen: 171295K(171520K)->1535K(165888K) Eden: 169984K(169984K)->0K(164352K) From: 1311K(1536K)->1535K(1536K)
[583.896s][info][gc,heap        ] GC(1118) ParOldGen: 288054K(387072K)->288070K(387072K)
[583.896s][info][gc,metaspace   ] GC(1118) Metaspace: 57827K(58176K)->57827K(58176K) NonClass: 52202K(52480K)->52202K(52480K) Class: 5624K(5696K)->5624K(5696K)
[583.896s][info][gc             ] GC(1118) Pause Young (Allocation Failure) 448M->282M(540M) 3.460ms
[583.896s][info][gc,cpu         ] GC(1118) User=0.00s Sys=0.00s Real=0.01s
[584.392s][info][gc,start       ] GC(1119) Pause Young (Allocation Failure)
[584.394s][info][gc,heap        ] GC(1119) PSYoungGen: 165887K(165888K)->927K(159744K) Eden: 164352K(164352K)->0K(158720K) From: 1535K(1536K)->927K(1024K)
[584.394s][info][gc,heap        ] GC(1119) ParOldGen: 288070K(387072K)->288086K(387072K)
[584.394s][info][gc,metaspace   ] GC(1119) Metaspace: 57827K(58176K)->57827K(58176K) NonClass: 52202K(52480K)->52202K(52480K) Class: 5624K(5696K)->5624K(5696K)
[584.394s][info][gc             ] GC(1119) Pause Young (Allocation Failure) 443M->282M(534M) 2.610ms
[584.395s][info][gc,cpu         ] GC(1119) User=0.00s Sys=0.00s Real=0.00s
[584.727s][info][gc,start       ] GC(1120) Pause Young (Allocation Failure)
[584.729s][info][gc,heap        ] GC(1120) PSYoungGen: 159603K(159744K)->512K(154112K) Eden: 158676K(158720K)->0K(153600K) From: 927K(1024K)->512K(512K)
[584.729s][info][gc,heap        ] GC(1120) ParOldGen: 288086K(387072K)->288102K(387072K)
[584.729s][info][gc,metaspace   ] GC(1120) Metaspace: 57827K(58176K)->57827K(58176K) NonClass: 52202K(52480K)->52202K(52480K) Class: 5624K(5696K)->5624K(5696K)
[584.729s][info][gc             ] GC(1120) Pause Young (Allocation Failure) 437M->281M(528M) 2.148ms
[584.729s][info][gc,cpu         ] GC(1120) User=0.01s Sys=0.00s Real=0.00s
[585.113s][info][gc,start       ] GC(1121) Pause Young (Allocation Failure)
[585.117s][info][gc,heap        ] GC(1121) PSYoungGen: 154112K(154112K)->2816K(151552K) Eden: 153600K(153600K)->0K(148480K) From: 512K(512K)->2816K(3072K)
[585.117s][info][gc,heap        ] GC(1121) ParOldGen: 288102K(387072K)->288118K(387072K)
[585.117s][info][gc,metaspace   ] GC(1121) Metaspace: 57827K(58176K)->57827K(58176K) NonClass: 52202K(52480K)->52202K(52480K) Class: 5624K(5696K)->5624K(5696K)
[585.117s][info][gc             ] GC(1121) Pause Young (Allocation Failure) 431M->284M(526M) 4.697ms
[585.117s][info][gc,cpu         ] GC(1121) User=0.01s Sys=0.00s Real=0.01s
[585.496s][info][gc,start       ] GC(1122) Pause Young (Allocation Failure)
[585.499s][info][gc,heap        ] GC(1122) PSYoungGen: 151296K(151552K)->1759K(145920K) Eden: 148480K(148480K)->0K(143872K) From: 2816K(3072K)->1759K(2048K)
[585.499s][info][gc,heap        ] GC(1122) ParOldGen: 288118K(387072K)->288134K(387072K)
[585.499s][info][gc,metaspace   ] GC(1122) Metaspace: 57827K(58176K)->57827K(58176K) NonClass: 52202K(52480K)->52202K(52480K) Class: 5624K(5696K)->5624K(5696K)
[585.499s][info][gc             ] GC(1122) Pause Young (Allocation Failure) 429M->283M(520M) 3.711ms
[585.499s][info][gc,cpu         ] GC(1122) User=0.01s Sys=0.00s Real=0.01s
[585.809s][info][gc,start       ] GC(1123) Pause Young (Allocation Failure)
[585.813s][info][gc,heap        ] GC(1123) PSYoungGen: 145631K(145920K)->2176K(141824K) Eden: 143872K(143872K)->0K(139264K) From: 1759K(2048K)->2176K(2560K)
[585.813s][info][gc,heap        ] GC(1123) ParOldGen: 288134K(387072K)->288150K(387072K)
[585.813s][info][gc,metaspace   ] GC(1123) Metaspace: 57827K(58176K)->57827K(58176K) NonClass: 52202K(52480K)->52202K(52480K) Class: 5624K(5696K)->5624K(5696K)
[585.813s][info][gc             ] GC(1123) Pause Young (Allocation Failure) 423M->283M(516M) 4.150ms
[585.813s][info][gc,cpu         ] GC(1123) User=0.00s Sys=0.00s Real=0.00s
[586.133s][info][gc,start       ] GC(1124) Pause Young (Allocation Failure)
[586.135s][info][gc,heap        ] GC(1124) PSYoungGen: 141402K(141824K)->576K(135680K) Eden: 139226K(139264K)->0K(134656K) From: 2176K(2560K)->576K(1024K)
[586.135s][info][gc,heap        ] GC(1124) ParOldGen: 288150K(387072K)->288166K(387072K)
[586.135s][info][gc,metaspace   ] GC(1124) Metaspace: 57827K(58176K)->57827K(58176K) NonClass: 52202K(52480K)->52202K(52480K) Class: 5624K(5696K)->5624K(5696K)
[586.135s][info][gc             ] GC(1124) Pause Young (Allocation Failure) 419M->281M(510M) 2.349ms
[586.135s][info][gc,cpu         ] GC(1124) User=0.01s Sys=0.00s Real=0.00s
[586.494s][info][gc,start       ] GC(1125) Pause Young (Allocation Failure)
[586.496s][info][gc,heap        ] GC(1125) PSYoungGen: 135232K(135680K)->1216K(134656K) Eden: 134656K(134656K)->0K(130560K) From: 576K(1024K)->1216K(4096K)
[586.496s][info][gc,heap        ] GC(1125) ParOldGen: 288166K(387072K)->288182K(387072K)
[586.496s][info][gc,metaspace   ] GC(1125) Metaspace: 57827K(58176K)->57827K(58176K) NonClass: 52202K(52480K)->52202K(52480K) Class: 5624K(5696K)->5624K(5696K)
[586.496s][info][gc             ] GC(1125) Pause Young (Allocation Failure) 413M->282M(509M) 2.801ms
[586.496s][info][gc,cpu         ] GC(1125) User=0.00s Sys=0.00s Real=0.01s
[586.799s][info][gc,start       ] GC(1126) Pause Young (Allocation Failure)
[586.802s][info][gc,heap        ] GC(1126) PSYoungGen: 131744K(134656K)->1440K(128000K) Eden: 130528K(130560K)->0K(126464K) From: 1216K(4096K)->1440K(1536K)
[586.802s][info][gc,heap        ] GC(1126) ParOldGen: 288182K(387072K)->288198K(387072K)
[586.802s][info][gc,metaspace   ] GC(1126) Metaspace: 57827K(58176K)->57827K(58176K) NonClass: 52202K(52480K)->52202K(52480K) Class: 5624K(5696K)->5624K(5696K)
[586.802s][info][gc             ] GC(1126) Pause Young (Allocation Failure) 410M->282M(503M) 3.310ms
[586.802s][info][gc,cpu         ] GC(1126) User=0.01s Sys=0.01s Real=0.00s
[587.099s][info][gc,start       ] GC(1127) Pause Young (Allocation Failure)
[587.102s][info][gc,heap        ] GC(1127) PSYoungGen: 127904K(128000K)->1759K(124928K) Eden: 126464K(126464K)->0K(122880K) From: 1440K(1536K)->1759K(2048K)
[587.102s][info][gc,heap        ] GC(1127) ParOldGen: 288198K(387072K)->288214K(387072K)
[587.102s][info][gc,metaspace   ] GC(1127) Metaspace: 57827K(58176K)->57827K(58176K) NonClass: 52202K(52480K)->52202K(52480K) Class: 5624K(5696K)->5624K(5696K)
[587.102s][info][gc             ] GC(1127) Pause Young (Allocation Failure) 406M->283M(500M) 3.286ms
[587.102s][info][gc,cpu         ] GC(1127) User=0.01s Sys=0.00s Real=0.00s
[587.392s][info][gc,start       ] GC(1128) Pause Young (Allocation Failure)
[587.394s][info][gc,heap        ] GC(1128) PSYoungGen: 124639K(124928K)->1152K(120832K) Eden: 122880K(122880K)->0K(119296K) From: 1759K(2048K)->1152K(1536K)
[587.394s][info][gc,heap        ] GC(1128) ParOldGen: 288214K(387072K)->288230K(387072K)
[587.394s][info][gc,metaspace   ] GC(1128) Metaspace: 57827K(58176K)->57827K(58176K) NonClass: 52202K(52480K)->52202K(52480K) Class: 5624K(5696K)->5624K(5696K)
[587.394s][info][gc             ] GC(1128) Pause Young (Allocation Failure) 403M->282M(496M) 2.844ms
[587.394s][info][gc,cpu         ] GC(1128) User=0.00s Sys=0.00s Real=0.00s
[587.686s][info][gc,start       ] GC(1129) Pause Young (Allocation Failure)
[587.687s][info][gc,heap        ] GC(1129) PSYoungGen: 120448K(120832K)->128K(116224K) Eden: 119296K(119296K)->0K(115712K) From: 1152K(1536K)->128K(512K)
[587.687s][info][gc,heap        ] GC(1129) ParOldGen: 288230K(387072K)->288246K(387072K)
[587.687s][info][gc,metaspace   ] GC(1129) Metaspace: 57827K(58176K)->57827K(58176K) NonClass: 52202K(52480K)->52202K(52480K) Class: 5624K(5696K)->5624K(5696K)
[587.687s][info][gc             ] GC(1129) Pause Young (Allocation Failure) 399M->281M(491M) 1.604ms
[587.687s][info][gc,cpu         ] GC(1129) User=0.00s Sys=0.00s Real=0.01s
[587.927s][info][gc,start       ] GC(1130) Pause Young (Allocation Failure)
[587.931s][info][gc,heap        ] GC(1130) PSYoungGen: 115840K(116224K)->1951K(114176K) Eden: 115712K(115712K)->0K(112128K) From: 128K(512K)->1951K(2048K)
[587.931s][info][gc,heap        ] GC(1130) ParOldGen: 288246K(387072K)->288262K(387072K)
[587.931s][info][gc,metaspace   ] GC(1130) Metaspace: 57827K(58176K)->57827K(58176K) NonClass: 52202K(52480K)->52202K(52480K) Class: 5624K(5696K)->5624K(5696K)
[587.931s][info][gc             ] GC(1130) Pause Young (Allocation Failure) 394M->283M(489M) 3.479ms
[587.931s][info][gc,cpu         ] GC(1130) User=0.01s Sys=0.00s Real=0.00s
[588.200s][info][gc,start       ] GC(1131) Pause Young (Allocation Failure)
[588.204s][info][gc,heap        ] GC(1131) PSYoungGen: 114079K(114176K)->2047K(135680K) Eden: 112128K(112128K)->0K(133632K) From: 1951K(2048K)->2047K(2048K)
[588.204s][info][gc,heap        ] GC(1131) ParOldGen: 288262K(387072K)->288278K(387072K)
[588.204s][info][gc,metaspace   ] GC(1131) Metaspace: 57827K(58176K)->57827K(58176K) NonClass: 52202K(52480K)->52202K(52480K) Class: 5624K(5696K)->5624K(5696K)
[588.204s][info][gc             ] GC(1131) Pause Young (Allocation Failure) 392M->283M(510M) 3.569ms
[588.204s][info][gc,cpu         ] GC(1131) User=0.00s Sys=0.00s Real=0.00s
[588.514s][info][gc,start       ] GC(1132) Pause Young (Allocation Failure)
[588.519s][info][gc,heap        ] GC(1132) PSYoungGen: 135679K(135680K)->2912K(162816K) Eden: 133632K(133632K)->0K(159744K) From: 2047K(2048K)->2912K(3072K)
[588.519s][info][gc,heap        ] GC(1132) ParOldGen: 288278K(387072K)->288294K(387072K)
[588.519s][info][gc,metaspace   ] GC(1132) Metaspace: 57827K(58176K)->57827K(58176K) NonClass: 52202K(52480K)->52202K(52480K) Class: 5624K(5696K)->5624K(5696K)
[588.519s][info][gc             ] GC(1132) Pause Young (Allocation Failure) 414M->284M(537M) 5.408ms
[588.519s][info][gc,cpu         ] GC(1132) User=0.01s Sys=0.00s Real=0.01s
[588.956s][info][gc,start       ] GC(1133) Pause Young (Allocation Failure)
[588.960s][info][gc,heap        ] GC(1133) PSYoungGen: 162656K(162816K)->1919K(173568K) Eden: 159744K(159744K)->0K(169472K) From: 2912K(3072K)->1919K(4096K)
[588.960s][info][gc,heap        ] GC(1133) ParOldGen: 288294K(387072K)->288310K(387072K)
[588.960s][info][gc,metaspace   ] GC(1133) Metaspace: 57827K(58176K)->57827K(58176K) NonClass: 52202K(52480K)->52202K(52480K) Class: 5624K(5696K)->5624K(5696K)
[588.960s][info][gc             ] GC(1133) Pause Young (Allocation Failure) 440M->283M(547M) 3.505ms
[588.960s][info][gc,cpu         ] GC(1133) User=0.01s Sys=0.00s Real=0.00s
[589.303s][info][gc,start       ] GC(1134) Pause Young (Allocation Failure)
[589.308s][info][gc,heap        ] GC(1134) PSYoungGen: 171391K(173568K)->2175K(194048K) Eden: 169472K(169472K)->0K(190464K) From: 1919K(4096K)->2175K(3584K)
[589.308s][info][gc,heap        ] GC(1134) ParOldGen: 288310K(387072K)->288326K(387072K)
[589.308s][info][gc,metaspace   ] GC(1134) Metaspace: 57827K(58176K)->57827K(58176K) NonClass: 52202K(52480K)->52202K(52480K) Class: 5624K(5696K)->5624K(5696K)
[589.308s][info][gc             ] GC(1134) Pause Young (Allocation Failure) 448M->283M(567M) 4.579ms
[589.308s][info][gc,cpu         ] GC(1134) User=0.01s Sys=0.00s Real=0.01s
[589.707s][info][gc,start       ] GC(1135) Pause Young (Allocation Failure)
[589.717s][info][gc,heap        ] GC(1135) PSYoungGen: 158177K(194048K)->64K(194048K) Eden: 156002K(190464K)->0K(190464K) From: 2175K(3584K)->64K(3584K)
[589.717s][info][gc,heap        ] GC(1135) ParOldGen: 288326K(387072K)->327405K(387072K)
[589.717s][info][gc,metaspace   ] GC(1135) Metaspace: 57830K(58176K)->57830K(58176K) NonClass: 52206K(52480K)->52206K(52480K) Class: 5624K(5696K)->5624K(5696K)
[589.717s][info][gc             ] GC(1135) Pause Young (Allocation Failure) 436M->319M(567M) 10.059ms
[589.717s][info][gc,cpu         ] GC(1135) User=0.02s Sys=0.00s Real=0.01s
[591.812s][info][gc,heap,exit   ] Heap
[591.813s][info][gc,heap,exit   ]  PSYoungGen      total 194048K, used 59403K [0x00000000eba00000, 0x00000000fa080000, 0x0000000100000000)
[591.813s][info][gc,heap,exit   ]   eden space 190464K, 31% used [0x00000000eba00000,0x00000000ef3f2ce0,0x00000000f7400000)
[591.813s][info][gc,heap,exit   ]   from space 3584K, 1% used [0x00000000f7400000,0x00000000f7410000,0x00000000f7780000)
[591.813s][info][gc,heap,exit   ]   to   space 4096K, 0% used [0x00000000f9c80000,0x00000000f9c80000,0x00000000fa080000)
[591.813s][info][gc,heap,exit   ]  ParOldGen       total 387072K, used 327405K [0x00000000c2e00000, 0x00000000da800000, 0x00000000eba00000)
[591.813s][info][gc,heap,exit   ]   object space 387072K, 84% used [0x00000000c2e00000,0x00000000d6dbb508,0x00000000da800000)
[591.813s][info][gc,heap,exit   ]  Metaspace       used 58364K, committed 58624K, reserved 1114112K
[591.813s][info][gc,heap,exit   ]   class space    used 5772K, committed 5824K, reserved 1048576K
