[0.002s][info][metaspace]  - commit_granule_bytes: 65536.
[0.002s][info][metaspace]  - commit_granule_words: 8192.
[0.002s][info][metaspace]  - virtual_space_node_default_size: 8388608.
[0.002s][info][metaspace]  - enlarge_chunks_in_place: 1.
[0.005s][info][gc,init  ] CardTable entry size: 512
[0.005s][info][gc       ] Using Parallel
[0.006s][info][gc,init  ] Version: 24-internal-adhoc.root.jdk (release)
[0.006s][info][gc,init  ] CPUs: 2 total, 2 available
[0.006s][info][gc,init  ] Memory: 3908M
[0.006s][info][gc,init  ] Large Page Support: Disabled
[0.006s][info][gc,init  ] NUMA Support: Disabled
[0.006s][info][gc,init  ] Compressed Oops: Enabled (32-bit)
[0.006s][info][gc,init  ] Alignments: Space 512K, Generation 512K, Heap 2M
[0.006s][info][gc,init  ] Heap Min Capacity: 256M
[0.006s][info][gc,init  ] Heap Initial Capacity: 256M
[0.006s][info][gc,init  ] Heap Max Capacity: 978M
[0.006s][info][gc,init  ] Pre-touch: Disabled
[0.006s][info][gc,init  ] Parallel Workers: 2
[0.052s][info][gc,metaspace] CDS archive(s) mapped at: [0x00007f1ada000000-0x00007f1adadc0000-0x00007f1adadc0000), size 14417920, SharedBaseAddress: 0x00007f1ada000000, ArchiveRelocationMode: 1.
[0.052s][info][gc,metaspace] Compressed class space mapped at: 0x00007f1adb000000-0x00007f1b1b000000, reserved size: 1073741824
[0.052s][info][gc,metaspace] UseCompressedClassPointers 1, UseCompactObjectHeaders 0
[0.052s][info][gc,metaspace] Narrow klass pointer bits 32, Max shift 3
[0.052s][info][gc,metaspace] Narrow klass base: 0x00007f1ada000000, Narrow klass shift: 0
[0.052s][info][gc,metaspace] Encoding Range: [0x00007f1ada000000 - 0x00007f1bda000000), (4294967296 bytes)
[0.052s][info][gc,metaspace] Klass Range:    [0x00007f1ada000000 - 0x00007f1b1b000000), (1090519040 bytes)
[0.052s][info][gc,metaspace] Klass ID Range:  [8 - 1090519033) (1090519025)
[1.006s][info][gc,start    ] GC(0) Pause Young (Allocation Failure)
[1.018s][info][gc,heap     ] GC(0) PSYoungGen: 65536K(76288K)->3191K(76288K) Eden: 65536K(65536K)->0K(65536K) From: 0K(10752K)->3191K(10752K)
[1.018s][info][gc,heap     ] GC(0) ParOldGen: 1157K(175104K)->1229K(175104K)
[1.018s][info][gc,metaspace] GC(0) Metaspace: 6292K(6400K)->6292K(6400K) NonClass: 5757K(5824K)->5757K(5824K) Class: 534K(576K)->534K(576K)
[1.018s][info][gc          ] GC(0) Pause Young (Allocation Failure) 65M->4M(245M) 12.224ms
[1.018s][info][gc,cpu      ] GC(0) User=0.02s Sys=0.00s Real=0.02s
[1.451s][info][gc,start    ] GC(1) Pause Young (Allocation Failure)
[1.456s][info][gc,heap     ] GC(1) PSYoungGen: 68631K(76288K)->3686K(141824K) Eden: 65440K(65536K)->0K(131072K) From: 3191K(10752K)->3686K(10752K)
[1.456s][info][gc,heap     ] GC(1) ParOldGen: 1229K(175104K)->1245K(175104K)
[1.456s][info][gc,metaspace] GC(1) Metaspace: 6728K(6848K)->6728K(6848K) NonClass: 6131K(6208K)->6131K(6208K) Class: 597K(640K)->597K(640K)
[1.456s][info][gc          ] GC(1) Pause Young (Allocation Failure) 68M->4M(309M) 5.063ms
[1.457s][info][gc,cpu      ] GC(1) User=0.00s Sys=0.00s Real=0.01s
[2.028s][info][gc,start    ] GC(2) Pause Young (Allocation Failure)
[2.038s][info][gc,heap     ] GC(2) PSYoungGen: 134758K(141824K)->4215K(141824K) Eden: 131072K(131072K)->0K(131072K) From: 3686K(10752K)->4215K(10752K)
[2.038s][info][gc,heap     ] GC(2) ParOldGen: 1245K(175104K)->1253K(175104K)
[2.038s][info][gc,metaspace] GC(2) Metaspace: 7725K(7872K)->7725K(7872K) NonClass: 6898K(6976K)->6898K(6976K) Class: 827K(896K)->827K(896K)
[2.038s][info][gc          ] GC(2) Pause Young (Allocation Failure) 132M->5M(309M) 9.665ms
[2.038s][info][gc,cpu      ] GC(2) User=0.02s Sys=0.00s Real=0.01s
[2.471s][info][gc,start    ] GC(3) Pause Young (Allocation Failure)
[2.476s][info][gc,heap     ] GC(3) PSYoungGen: 135287K(141824K)->3777K(272896K) Eden: 131072K(131072K)->0K(262144K) From: 4215K(10752K)->3777K(10752K)
[2.476s][info][gc,heap     ] GC(3) ParOldGen: 1253K(175104K)->1261K(175104K)
[2.476s][info][gc,metaspace] GC(3) Metaspace: 8081K(8256K)->8081K(8256K) NonClass: 7139K(7232K)->7139K(7232K) Class: 942K(1024K)->942K(1024K)
[2.476s][info][gc          ] GC(3) Pause Young (Allocation Failure) 133M->4M(437M) 5.631ms
[2.476s][info][gc,cpu      ] GC(3) User=0.01s Sys=0.00s Real=0.00s
[3.812s][info][gc,start    ] GC(4) Pause Young (Allocation Failure)
[3.953s][info][gc,heap     ] GC(4) PSYoungGen: 265921K(272896K)->10727K(272896K) Eden: 262144K(262144K)->0K(262144K) From: 3777K(10752K)->10727K(10752K)
[3.953s][info][gc,heap     ] GC(4) ParOldGen: 1261K(175104K)->87483K(175104K)
[3.953s][info][gc,metaspace] GC(4) Metaspace: 14274K(14464K)->14274K(14464K) NonClass: 12626K(12736K)->12626K(12736K) Class: 1648K(1728K)->1648K(1728K)
[3.953s][info][gc          ] GC(4) Pause Young (Allocation Failure) 260M->95M(437M) 140.453ms
[3.953s][info][gc,cpu      ] GC(4) User=0.20s Sys=0.08s Real=0.14s
[5.630s][info][gc,start    ] GC(5) Pause Young (Allocation Failure)
[5.750s][info][gc,heap     ] GC(5) PSYoungGen: 272871K(272896K)->60906K(219648K) Eden: 262144K(262144K)->0K(158720K) From: 10727K(10752K)->60906K(60928K)
[5.750s][info][gc,heap     ] GC(5) ParOldGen: 87483K(175104K)->96687K(175104K)
[5.750s][info][gc,metaspace] GC(5) Metaspace: 16488K(16704K)->16488K(16704K) NonClass: 14711K(14848K)->14711K(14848K) Class: 1777K(1856K)->1777K(1856K)
[5.750s][info][gc          ] GC(5) Pause Young (Allocation Failure) 351M->153M(385M) 120.144ms
[5.750s][info][gc,cpu      ] GC(5) User=0.18s Sys=0.06s Real=0.12s
[6.208s][info][gc,start    ] GC(6) Pause Young (Allocation Failure)
[6.363s][info][gc,heap     ] GC(6) PSYoungGen: 219626K(219648K)->87547K(246272K) Eden: 158720K(158720K)->0K(158720K) From: 60906K(60928K)->87547K(87552K)
[6.363s][info][gc,heap     ] GC(6) ParOldGen: 96687K(175104K)->129223K(175104K)
[6.363s][info][gc,metaspace] GC(6) Metaspace: 16566K(16768K)->16566K(16768K) NonClass: 14789K(14912K)->14789K(14912K) Class: 1777K(1856K)->1777K(1856K)
[6.363s][info][gc          ] GC(6) Pause Young (Allocation Failure) 308M->211M(411M) 155.093ms
[6.363s][info][gc,cpu      ] GC(6) User=0.28s Sys=0.03s Real=0.15s
[6.665s][info][gc,start    ] GC(7) Pause Young (Allocation Failure)
[6.862s][info][gc,heap     ] GC(7) PSYoungGen: 246267K(246272K)->87546K(199168K) Eden: 158720K(158720K)->0K(111616K) From: 87547K(87552K)->87546K(87552K)
[6.862s][info][gc,heap     ] GC(7) ParOldGen: 129223K(175104K)->145226K(175104K)
[6.862s][info][gc,metaspace] GC(7) Metaspace: 16607K(16832K)->16607K(16832K) NonClass: 14830K(14976K)->14830K(14976K) Class: 1777K(1856K)->1777K(1856K)
[6.862s][info][gc          ] GC(7) Pause Young (Allocation Failure) 366M->227M(365M) 196.141ms
[6.862s][info][gc,cpu      ] GC(7) User=0.37s Sys=0.02s Real=0.20s
[6.985s][info][gc,start    ] GC(8) Pause Young (Allocation Failure)
[7.207s][info][gc,heap     ] GC(8) PSYoungGen: 199162K(199168K)->39415K(222720K) Eden: 111616K(111616K)->0K(111616K) From: 87546K(87552K)->39415K(111104K)
[7.207s][info][gc,heap     ] GC(8) ParOldGen: 145226K(175104K)->203394K(203776K)
[7.207s][info][gc,metaspace] GC(8) Metaspace: 16624K(16832K)->16624K(16832K) NonClass: 14846K(14976K)->14846K(14976K) Class: 1777K(1856K)->1777K(1856K)
[7.207s][info][gc          ] GC(8) Pause Young (Allocation Failure) 336M->237M(416M) 221.699ms
[7.207s][info][gc,cpu      ] GC(8) User=0.39s Sys=0.04s Real=0.23s
[7.355s][info][gc,start    ] GC(9) Pause Young (Allocation Failure)
[7.414s][info][gc,heap     ] GC(9) PSYoungGen: 151031K(222720K)->11680K(222720K) Eden: 111616K(111616K)->0K(111616K) From: 39415K(111104K)->11680K(111104K)
[7.414s][info][gc,heap     ] GC(9) ParOldGen: 203394K(203776K)->233571K(233984K)
[7.414s][info][gc,metaspace] GC(9) Metaspace: 16642K(16832K)->16642K(16832K) NonClass: 14864K(14976K)->14864K(14976K) Class: 1777K(1856K)->1777K(1856K)
[7.414s][info][gc          ] GC(9) Pause Young (Allocation Failure) 346M->239M(446M) 58.792ms
[7.414s][info][gc,cpu      ] GC(9) User=0.09s Sys=0.02s Real=0.06s
[7.592s][info][gc,start    ] GC(10) Pause Young (Allocation Failure)
[7.629s][info][gc,heap     ] GC(10) PSYoungGen: 123296K(222720K)->96K(222720K) Eden: 111616K(111616K)->0K(111616K) From: 11680K(111104K)->96K(111104K)
[7.629s][info][gc,heap     ] GC(10) ParOldGen: 233571K(233984K)->245275K(245760K)
[7.629s][info][gc,metaspace] GC(10) Metaspace: 16657K(16832K)->16657K(16832K) NonClass: 14880K(14976K)->14880K(14976K) Class: 1777K(1856K)->1777K(1856K)
[7.629s][info][gc          ] GC(10) Pause Young (Allocation Failure) 348M->239M(457M) 36.292ms
[7.629s][info][gc,cpu      ] GC(10) User=0.06s Sys=0.01s Real=0.04s
[7.784s][info][gc,start    ] GC(11) Pause Young (Allocation Failure)
[7.794s][info][gc,heap     ] GC(11) PSYoungGen: 111712K(222720K)->2336K(222720K) Eden: 111616K(111616K)->0K(111616K) From: 96K(111104K)->2336K(111104K)
[7.794s][info][gc,heap     ] GC(11) ParOldGen: 245275K(245760K)->245379K(245760K)
[7.794s][info][gc,metaspace] GC(11) Metaspace: 16710K(16896K)->16710K(16896K) NonClass: 14933K(15040K)->14933K(15040K) Class: 1777K(1856K)->1777K(1856K)
[7.794s][info][gc          ] GC(11) Pause Young (Allocation Failure) 348M->241M(457M) 9.412ms
[7.794s][info][gc,cpu      ] GC(11) User=0.01s Sys=0.00s Real=0.01s
[8.017s][info][gc,start    ] GC(12) Pause Young (Allocation Failure)
[8.026s][info][gc,heap     ] GC(12) PSYoungGen: 113952K(222720K)->2272K(222720K) Eden: 111616K(111616K)->0K(111616K) From: 2336K(111104K)->2272K(111104K)
[8.026s][info][gc,heap     ] GC(12) ParOldGen: 245379K(245760K)->247691K(247808K)
[8.026s][info][gc,metaspace] GC(12) Metaspace: 16761K(16896K)->16761K(16896K) NonClass: 14983K(15040K)->14983K(15040K) Class: 1777K(1856K)->1777K(1856K)
[8.026s][info][gc          ] GC(12) Pause Young (Allocation Failure) 350M->244M(459M) 8.634ms
[8.026s][info][gc,cpu      ] GC(12) User=0.01s Sys=0.01s Real=0.00s
[8.235s][info][gc,start    ] GC(13) Pause Young (Allocation Failure)
[8.241s][info][gc,heap     ] GC(13) PSYoungGen: 113888K(222720K)->192K(222720K) Eden: 111616K(111616K)->0K(111616K) From: 2272K(111104K)->192K(111104K)
[8.241s][info][gc,heap     ] GC(13) ParOldGen: 247691K(247808K)->249939K(250368K)
[8.241s][info][gc,metaspace] GC(13) Metaspace: 16797K(17024K)->16797K(17024K) NonClass: 15019K(15168K)->15019K(15168K) Class: 1778K(1856K)->1778K(1856K)
[8.241s][info][gc          ] GC(13) Pause Young (Allocation Failure) 353M->244M(462M) 5.839ms
[8.241s][info][gc,cpu      ] GC(13) User=0.01s Sys=0.00s Real=0.01s
[8.523s][info][gc,start    ] GC(14) Pause Young (Allocation Failure)
[8.529s][info][gc,heap     ] GC(14) PSYoungGen: 111808K(222720K)->2272K(222720K) Eden: 111616K(111616K)->0K(111616K) From: 192K(111104K)->2272K(111104K)
[8.529s][info][gc,heap     ] GC(14) ParOldGen: 249939K(250368K)->250104K(250368K)
[8.529s][info][gc,metaspace] GC(14) Metaspace: 16830K(17024K)->16830K(17024K) NonClass: 15050K(15168K)->15050K(15168K) Class: 1779K(1856K)->1779K(1856K)
[8.529s][info][gc          ] GC(14) Pause Young (Allocation Failure) 353M->246M(462M) 6.355ms
[8.529s][info][gc,cpu      ] GC(14) User=0.01s Sys=0.00s Real=0.01s
[8.736s][info][gc,start    ] GC(15) Pause Young (Allocation Failure)
[8.744s][info][gc,heap     ] GC(15) PSYoungGen: 113888K(222720K)->2816K(222720K) Eden: 111616K(111616K)->0K(111616K) From: 2272K(111104K)->2816K(111104K)
[8.744s][info][gc,heap     ] GC(15) ParOldGen: 250104K(250368K)->252352K(252416K)
[8.744s][info][gc,metaspace] GC(15) Metaspace: 16898K(17088K)->16898K(17088K) NonClass: 15118K(15232K)->15118K(15232K) Class: 1779K(1856K)->1779K(1856K)
[8.744s][info][gc          ] GC(15) Pause Young (Allocation Failure) 355M->249M(464M) 8.159ms
[8.744s][info][gc,cpu      ] GC(15) User=0.01s Sys=0.00s Real=0.01s
[9.121s][info][gc,start    ] GC(16) Pause Young (Allocation Failure)
[9.161s][info][gc,heap     ] GC(16) PSYoungGen: 114432K(222720K)->34336K(146432K) Eden: 111616K(111616K)->0K(111616K) From: 2816K(111104K)->34336K(34816K)
[9.161s][info][gc,heap     ] GC(16) ParOldGen: 252352K(252416K)->255176K(255488K)
[9.161s][info][gc,metaspace] GC(16) Metaspace: 16926K(17152K)->16926K(17152K) NonClass: 15146K(15296K)->15146K(15296K) Class: 1780K(1856K)->1780K(1856K)
[9.162s][info][gc          ] GC(16) Pause Young (Allocation Failure) 358M->282M(392M) 40.009ms
[9.162s][info][gc,cpu      ] GC(16) User=0.07s Sys=0.00s Real=0.04s
[9.594s][info][gc,start    ] GC(17) Pause Young (Allocation Failure)
[9.668s][info][gc,heap     ] GC(17) PSYoungGen: 145952K(146432K)->29603K(225280K) Eden: 111616K(111616K)->0K(118272K) From: 34336K(34816K)->29603K(107008K)
[9.668s][info][gc,heap     ] GC(17) ParOldGen: 255176K(255488K)->289524K(289792K)
[9.668s][info][gc,metaspace] GC(17) Metaspace: 16944K(17152K)->16944K(17152K) NonClass: 15162K(15296K)->15162K(15296K) Class: 1781K(1856K)->1781K(1856K)
[9.668s][info][gc          ] GC(17) Pause Young (Allocation Failure) 391M->311M(503M) 74.274ms
[9.668s][info][gc,cpu      ] GC(17) User=0.12s Sys=0.02s Real=0.08s
[9.930s][info][gc,start    ] GC(18) Pause Young (Allocation Failure)
[9.986s][info][gc,heap     ] GC(18) PSYoungGen: 147875K(225280K)->13792K(218624K) Eden: 118272K(118272K)->0K(118272K) From: 29603K(107008K)->13792K(100352K)
[9.986s][info][gc,heap     ] GC(18) ParOldGen: 289524K(289792K)->319254K(319488K)
[9.986s][info][gc,metaspace] GC(18) Metaspace: 16957K(17152K)->16957K(17152K) NonClass: 15175K(15296K)->15175K(15296K) Class: 1782K(1856K)->1782K(1856K)
[9.986s][info][gc          ] GC(18) Pause Young (Allocation Failure) 427M->325M(525M) 56.487ms
[9.986s][info][gc,cpu      ] GC(18) User=0.09s Sys=0.02s Real=0.05s
[10.123s][info][gc,start    ] GC(19) Pause Young (Allocation Failure)
[10.148s][info][gc,heap     ] GC(19) PSYoungGen: 132064K(218624K)->2208K(224256K) Eden: 118272K(118272K)->0K(129536K) From: 13792K(100352K)->2208K(94720K)
[10.148s][info][gc,heap     ] GC(19) ParOldGen: 319254K(319488K)->333068K(333312K)
[10.148s][info][gc,metaspace] GC(19) Metaspace: 16958K(17152K)->16958K(17152K) NonClass: 15176K(15296K)->15176K(15296K) Class: 1782K(1856K)->1782K(1856K)
[10.148s][info][gc          ] GC(19) Pause Young (Allocation Failure) 440M->327M(544M) 25.876ms
[10.148s][info][gc,cpu      ] GC(19) User=0.04s Sys=0.01s Real=0.03s
[10.388s][info][gc,start    ] GC(20) Pause Young (Allocation Failure)
[10.396s][info][gc,heap     ] GC(20) PSYoungGen: 131744K(224256K)->1792K(221184K) Eden: 129536K(129536K)->0K(129536K) From: 2208K(94720K)->1792K(91648K)
[10.396s][info][gc,heap     ] GC(20) ParOldGen: 333068K(333312K)->335228K(335360K)
[10.396s][info][gc,metaspace] GC(20) Metaspace: 16961K(17152K)->16961K(17152K) NonClass: 15179K(15296K)->15179K(15296K) Class: 1782K(1856K)->1782K(1856K)
[10.396s][info][gc          ] GC(20) Pause Young (Allocation Failure) 453M->329M(543M) 7.135ms
[10.396s][info][gc,cpu      ] GC(20) User=0.01s Sys=0.00s Real=0.00s
[10.829s][info][gc,start    ] GC(21) Pause Young (Allocation Failure)
[10.834s][info][gc,heap     ] GC(21) PSYoungGen: 131328K(221184K)->320K(238592K) Eden: 129536K(129536K)->0K(151040K) From: 1792K(91648K)->320K(87552K)
[10.834s][info][gc,heap     ] GC(21) ParOldGen: 335228K(335360K)->336796K(336896K)
[10.834s][info][gc,metaspace] GC(21) Metaspace: 16970K(17152K)->16970K(17152K) NonClass: 15188K(15296K)->15188K(15296K) Class: 1782K(1856K)->1782K(1856K)
[10.834s][info][gc          ] GC(21) Pause Young (Allocation Failure) 455M->329M(562M) 5.166ms
[10.834s][info][gc,cpu      ] GC(21) User=0.01s Sys=0.00s Real=0.00s
[11.298s][info][gc,start    ] GC(22) Pause Young (Allocation Failure)
[11.335s][info][gc,heap     ] GC(22) PSYoungGen: 151360K(238592K)->20928K(236032K) Eden: 151040K(151040K)->0K(151040K) From: 320K(87552K)->20928K(84992K)
[11.335s][info][gc,heap     ] GC(22) ParOldGen: 336796K(336896K)->337052K(337408K)
[11.335s][info][gc,metaspace] GC(22) Metaspace: 16973K(17152K)->16973K(17152K) NonClass: 15191K(15296K)->15191K(15296K) Class: 1782K(1856K)->1782K(1856K)
[11.335s][info][gc          ] GC(22) Pause Young (Allocation Failure) 476M->349M(560M) 36.455ms
[11.335s][info][gc,cpu      ] GC(22) User=0.07s Sys=0.00s Real=0.03s
[11.721s][info][gc,start    ] GC(23) Pause Young (Allocation Failure)
[11.797s][info][gc,heap     ] GC(23) PSYoungGen: 171968K(236032K)->50896K(235008K) Eden: 151040K(151040K)->0K(155648K) From: 20928K(84992K)->50896K(79360K)
[11.797s][info][gc,heap     ] GC(23) ParOldGen: 337052K(337408K)->358013K(358400K)
[11.797s][info][gc,metaspace] GC(23) Metaspace: 16981K(17152K)->16981K(17152K) NonClass: 15199K(15296K)->15199K(15296K) Class: 1782K(1856K)->1782K(1856K)
[11.797s][info][gc          ] GC(23) Pause Young (Allocation Failure) 497M->399M(579M) 75.632ms
[11.797s][info][gc,cpu      ] GC(23) User=0.13s Sys=0.02s Real=0.08s
[12.050s][info][gc,start    ] GC(24) Pause Young (Allocation Failure)
[12.162s][info][gc,heap     ] GC(24) PSYoungGen: 206544K(235008K)->15424K(240640K) Eden: 155648K(155648K)->0K(155648K) From: 50896K(79360K)->15424K(84992K)
[12.162s][info][gc,heap     ] GC(24) ParOldGen: 358013K(358400K)->409258K(409600K)
[12.162s][info][gc,metaspace] GC(24) Metaspace: 16984K(17152K)->16984K(17152K) NonClass: 15202K(15296K)->15202K(15296K) Class: 1782K(1856K)->1782K(1856K)
[12.162s][info][gc          ] GC(24) Pause Young (Allocation Failure) 551M->414M(635M) 112.619ms
[12.162s][info][gc,cpu      ] GC(24) User=0.18s Sys=0.04s Real=0.11s
[12.289s][info][gc,start    ] GC(25) Pause Young (Allocation Failure)
[12.379s][info][gc,heap     ] GC(25) PSYoungGen: 171072K(240640K)->59552K(236544K) Eden: 155648K(155648K)->0K(156672K) From: 15424K(84992K)->59552K(79872K)
[12.379s][info][gc,heap     ] GC(25) ParOldGen: 409258K(409600K)->424706K(424960K)
[12.379s][info][gc,metaspace] GC(25) Metaspace: 16984K(17152K)->16984K(17152K) NonClass: 15202K(15296K)->15202K(15296K) Class: 1782K(1856K)->1782K(1856K)
[12.379s][info][gc          ] GC(25) Pause Young (Allocation Failure) 566M->472M(646M) 90.540ms
[12.379s][info][gc,cpu      ] GC(25) User=0.17s Sys=0.00s Real=0.09s
[12.576s][info][gc,start    ] GC(26) Pause Young (Allocation Failure)
[12.705s][info][gc,heap     ] GC(26) PSYoungGen: 216224K(236544K)->39136K(245248K) Eden: 156672K(156672K)->0K(156672K) From: 59552K(79872K)->39136K(88576K)
[12.705s][info][gc,heap     ] GC(26) ParOldGen: 424706K(424960K)->484434K(484864K)
[12.705s][info][gc,metaspace] GC(26) Metaspace: 16988K(17152K)->16988K(17152K) NonClass: 15206K(15296K)->15206K(15296K) Class: 1782K(1856K)->1782K(1856K)
[12.705s][info][gc          ] GC(26) Pause Young (Allocation Failure) 625M->511M(713M) 129.032ms
[12.705s][info][gc,cpu      ] GC(26) User=0.21s Sys=0.04s Real=0.13s
[13.191s][info][gc,start    ] GC(27) Pause Young (Allocation Failure)
[13.310s][info][gc,heap     ] GC(27) PSYoungGen: 195808K(245248K)->47587K(242688K) Eden: 156672K(156672K)->0K(155648K) From: 39136K(88576K)->47587K(87040K)
[13.310s][info][gc,heap     ] GC(27) ParOldGen: 484434K(484864K)->523674K(523776K)
[13.310s][info][gc,metaspace] GC(27) Metaspace: 17006K(17216K)->17006K(17216K) NonClass: 15223K(15360K)->15223K(15360K) Class: 1782K(1856K)->1782K(1856K)
[13.310s][info][gc          ] GC(27) Pause Young (Allocation Failure) 664M->557M(748M) 118.804ms
[13.310s][info][gc,cpu      ] GC(27) User=0.22s Sys=0.02s Real=0.12s
[13.504s][info][gc,start    ] GC(28) Pause Young (Allocation Failure)
[13.579s][info][gc,heap     ] GC(28) PSYoungGen: 203235K(242688K)->1152K(244736K) Eden: 155648K(155648K)->0K(155648K) From: 47587K(87040K)->1152K(89088K)
[13.579s][info][gc,heap     ] GC(28) ParOldGen: 523674K(523776K)->571964K(572416K)
[13.579s][info][gc,metaspace] GC(28) Metaspace: 17006K(17216K)->17006K(17216K) NonClass: 15223K(15360K)->15223K(15360K) Class: 1782K(1856K)->1782K(1856K)
[13.579s][info][gc          ] GC(28) Pause Young (Allocation Failure) 709M->559M(798M) 74.692ms
[13.579s][info][gc,cpu      ] GC(28) User=0.12s Sys=0.03s Real=0.08s
[13.861s][info][gc,start    ] GC(29) Pause Young (Allocation Failure)
[13.869s][info][gc,heap     ] GC(29) PSYoungGen: 156800K(244736K)->3648K(240128K) Eden: 155648K(155648K)->0K(157184K) From: 1152K(89088K)->3648K(82944K)
[13.869s][info][gc,heap     ] GC(29) ParOldGen: 571964K(572416K)->573004K(573440K)
[13.869s][info][gc,metaspace] GC(29) Metaspace: 17007K(17216K)->17007K(17216K) NonClass: 15225K(15360K)->15225K(15360K) Class: 1782K(1856K)->1782K(1856K)
[13.869s][info][gc          ] GC(29) Pause Young (Allocation Failure) 711M->563M(794M) 7.908ms
[13.869s][info][gc,cpu      ] GC(29) User=0.02s Sys=0.00s Real=0.01s
[14.248s][info][gc,start    ] GC(30) Pause Young (Allocation Failure)
[14.290s][info][gc,heap     ] GC(30) PSYoungGen: 160832K(240128K)->36292K(242688K) Eden: 157184K(157184K)->0K(157184K) From: 3648K(82944K)->36292K(85504K)
[14.290s][info][gc,heap     ] GC(30) ParOldGen: 573004K(573440K)->576620K(577024K)
[14.290s][info][gc,metaspace] GC(30) Metaspace: 17063K(17280K)->17063K(17280K) NonClass: 15275K(15424K)->15275K(15424K) Class: 1787K(1856K)->1787K(1856K)
[14.290s][info][gc          ] GC(30) Pause Young (Allocation Failure) 716M->598M(800M) 41.756ms
[14.290s][info][gc,cpu      ] GC(30) User=0.08s Sys=0.00s Real=0.04s
[14.562s][info][gc,start    ] GC(31) Pause Young (Allocation Failure)
[14.650s][info][gc,heap     ] GC(31) PSYoungGen: 193476K(242688K)->36368K(243200K) Eden: 157184K(157184K)->0K(164352K) From: 36292K(85504K)->36368K(78848K)
[14.650s][info][gc,heap     ] GC(31) ParOldGen: 576620K(577024K)->611590K(611840K)
[14.650s][info][gc,metaspace] GC(31) Metaspace: 17081K(17280K)->17081K(17280K) NonClass: 15290K(15424K)->15290K(15424K) Class: 1791K(1856K)->1791K(1856K)
[14.650s][info][gc          ] GC(31) Pause Young (Allocation Failure) 752M->632M(835M) 88.461ms
[14.650s][info][gc,cpu      ] GC(31) User=0.15s Sys=0.03s Real=0.09s
[14.885s][info][gc,start    ] GC(32) Pause Full (Allocation Failure)
[14.885s][info][gc,phases,start] GC(32) Marking Phase
[15.025s][info][gc,phases      ] GC(32) Marking Phase 139.324ms
[15.025s][info][gc,phases,start] GC(32) Summary Phase
[15.025s][info][gc,phases      ] GC(32) Summary Phase 0.044ms
[15.025s][info][gc,phases,start] GC(32) Forward
[15.065s][info][gc,phases      ] GC(32) Forward 40.231ms
[15.065s][info][gc,phases,start] GC(32) Adjust Pointers
[15.154s][info][gc,phases      ] GC(32) Adjust Pointers 89.149ms
[15.154s][info][gc,phases,start] GC(32) Compaction Phase
[15.207s][info][gc,phases      ] GC(32) Compaction Phase 52.384ms
[15.209s][info][gc,phases,start] GC(32) Post Compact
[15.221s][info][gc,phases      ] GC(32) Post Compact 11.960ms
[15.242s][info][gc,heap        ] GC(32) PSYoungGen: 200720K(243200K)->0K(246272K) Eden: 164352K(164352K)->0K(164352K) From: 36368K(78848K)->0K(81920K)
[15.242s][info][gc,heap        ] GC(32) ParOldGen: 611590K(611840K)->185653K(330752K)
[15.242s][info][gc,metaspace   ] GC(32) Metaspace: 17099K(17280K)->17099K(17280K) NonClass: 15308K(15424K)->15308K(15424K) Class: 1791K(1856K)->1791K(1856K)
[15.242s][info][gc             ] GC(32) Pause Full (Allocation Failure) 793M->181M(563M) 356.620ms
[15.242s][info][gc,cpu         ] GC(32) User=0.59s Sys=0.05s Real=0.36s
[15.465s][info][gc,start       ] GC(33) Pause Young (Allocation Failure)
[15.516s][info][gc,heap        ] GC(33) PSYoungGen: 164352K(246272K)->68896K(230400K) Eden: 164352K(164352K)->0K(148480K) From: 0K(81920K)->68896K(81920K)
[15.516s][info][gc,heap        ] GC(33) ParOldGen: 185653K(330752K)->185653K(330752K)
[15.516s][info][gc,metaspace   ] GC(33) Metaspace: 17104K(17280K)->17104K(17280K) NonClass: 15312K(15424K)->15312K(15424K) Class: 1792K(1856K)->1792K(1856K)
[15.516s][info][gc             ] GC(33) Pause Young (Allocation Failure) 341M->248M(548M) 50.681ms
[15.516s][info][gc,cpu         ] GC(33) User=0.10s Sys=0.00s Real=0.05s
[15.781s][info][gc,start       ] GC(34) Pause Young (Allocation Failure)
[15.859s][info][gc,heap        ] GC(34) PSYoungGen: 217376K(230400K)->42384K(241152K) Eden: 148480K(148480K)->0K(148480K) From: 68896K(81920K)->42384K(92672K)
[15.859s][info][gc,heap        ] GC(34) ParOldGen: 185653K(330752K)->255349K(330752K)
[15.859s][info][gc,metaspace   ] GC(34) Metaspace: 17107K(17280K)->17107K(17280K) NonClass: 15314K(15424K)->15314K(15424K) Class: 1792K(1856K)->1792K(1856K)
[15.859s][info][gc             ] GC(34) Pause Young (Allocation Failure) 393M->290M(558M) 77.336ms
[15.859s][info][gc,cpu         ] GC(34) User=0.15s Sys=0.00s Real=0.08s
[16.047s][info][gc,start       ] GC(35) Pause Young (Allocation Failure)
[16.094s][info][gc,heap        ] GC(35) PSYoungGen: 190864K(241152K)->4512K(237056K) Eden: 148480K(148480K)->0K(150528K) From: 42384K(92672K)->4512K(86528K)
[16.094s][info][gc,heap        ] GC(35) ParOldGen: 255349K(330752K)->298181K(330752K)
[16.094s][info][gc,metaspace   ] GC(35) Metaspace: 17109K(17280K)->17109K(17280K) NonClass: 15316K(15424K)->15316K(15424K) Class: 1792K(1856K)->1792K(1856K)
[16.094s][info][gc             ] GC(35) Pause Young (Allocation Failure) 435M->295M(554M) 46.995ms
[16.094s][info][gc,cpu         ] GC(35) User=0.09s Sys=0.00s Real=0.04s
[16.547s][info][gc,start       ] GC(36) Pause Young (Allocation Failure)
[16.662s][info][gc,heap        ] GC(36) PSYoungGen: 155040K(237056K)->33958K(240128K) Eden: 150528K(150528K)->0K(150528K) From: 4512K(86528K)->33958K(89600K)
[16.662s][info][gc,heap        ] GC(36) ParOldGen: 298181K(330752K)->302669K(330752K)
[16.662s][info][gc,metaspace   ] GC(36) Metaspace: 17114K(17280K)->17114K(17280K) NonClass: 15320K(15424K)->15320K(15424K) Class: 1793K(1856K)->1793K(1856K)
[16.662s][info][gc             ] GC(36) Pause Young (Allocation Failure) 442M->328M(557M) 114.794ms
[16.662s][info][gc,cpu         ] GC(36) User=0.23s Sys=0.00s Real=0.11s
[16.903s][info][gc,start       ] GC(37) Pause Young (Allocation Failure)
[16.993s][info][gc,heap        ] GC(37) PSYoungGen: 184486K(240128K)->30080K(233984K) Eden: 150528K(150528K)->0K(158720K) From: 33958K(89600K)->30080K(75264K)
[16.993s][info][gc,heap        ] GC(37) ParOldGen: 302669K(330752K)->336675K(336896K)
[16.993s][info][gc,metaspace   ] GC(37) Metaspace: 17114K(17280K)->17114K(17280K) NonClass: 15320K(15424K)->15320K(15424K) Class: 1793K(1856K)->1793K(1856K)
[16.993s][info][gc             ] GC(37) Pause Young (Allocation Failure) 475M->358M(557M) 90.151ms
[16.993s][info][gc,cpu         ] GC(37) User=0.17s Sys=0.00s Real=0.09s
[17.124s][info][gc,start       ] GC(38) Pause Young (Allocation Failure)
[17.203s][info][gc,heap        ] GC(38) PSYoungGen: 188800K(233984K)->30080K(238592K) Eden: 158720K(158720K)->0K(158720K) From: 30080K(75264K)->30080K(79872K)
[17.203s][info][gc,heap        ] GC(38) ParOldGen: 336675K(336896K)->366787K(367104K)
[17.203s][info][gc,metaspace   ] GC(38) Metaspace: 17114K(17280K)->17114K(17280K) NonClass: 15321K(15424K)->15321K(15424K) Class: 1793K(1856K)->1793K(1856K)
[17.203s][info][gc             ] GC(38) Pause Young (Allocation Failure) 513M->387M(591M) 78.863ms
[17.203s][info][gc,cpu         ] GC(38) User=0.13s Sys=0.02s Real=0.08s
[17.344s][info][gc,start       ] GC(39) Pause Young (Allocation Failure)
[17.415s][info][gc,heap        ] GC(39) PSYoungGen: 188800K(238592K)->14144K(249856K) Eden: 158720K(158720K)->0K(178688K) From: 30080K(79872K)->14144K(71168K)
[17.415s][info][gc,heap        ] GC(39) ParOldGen: 366787K(367104K)->396947K(397312K)
[17.415s][info][gc,metaspace   ] GC(39) Metaspace: 17114K(17280K)->17114K(17280K) NonClass: 15321K(15424K)->15321K(15424K) Class: 1793K(1856K)->1793K(1856K)
[17.415s][info][gc             ] GC(39) Pause Young (Allocation Failure) 542M->401M(632M) 71.498ms
[17.415s][info][gc,cpu         ] GC(39) User=0.11s Sys=0.03s Real=0.07s
[17.562s][info][gc,start       ] GC(40) Pause Young (Allocation Failure)
[17.593s][info][gc,heap        ] GC(40) PSYoungGen: 192832K(249856K)->1408K(251904K) Eden: 178688K(178688K)->0K(178688K) From: 14144K(71168K)->1408K(73216K)
[17.593s][info][gc,heap        ] GC(40) ParOldGen: 396947K(397312K)->411139K(411648K)
[17.593s][info][gc,metaspace   ] GC(40) Metaspace: 17117K(17280K)->17117K(17280K) NonClass: 15323K(15424K)->15323K(15424K) Class: 1793K(1856K)->1793K(1856K)
[17.593s][info][gc             ] GC(40) Pause Young (Allocation Failure) 575M->402M(648M) 30.492ms
[17.593s][info][gc,cpu         ] GC(40) User=0.04s Sys=0.01s Real=0.03s
[17.829s][info][gc,start       ] GC(41) Pause Young (Allocation Failure)
[17.846s][info][gc,heap        ] GC(41) PSYoungGen: 180096K(251904K)->3904K(258560K) Eden: 178688K(178688K)->0K(187392K) From: 1408K(73216K)->3904K(71168K)
[17.846s][info][gc,heap        ] GC(41) ParOldGen: 411139K(411648K)->412531K(412672K)
[17.846s][info][gc,metaspace   ] GC(41) Metaspace: 17126K(17344K)->17126K(17344K) NonClass: 15328K(15488K)->15328K(15488K) Class: 1798K(1856K)->1798K(1856K)
[17.846s][info][gc             ] GC(41) Pause Young (Allocation Failure) 577M->406M(655M) 17.670ms
[17.846s][info][gc,cpu         ] GC(41) User=0.03s Sys=0.00s Real=0.02s
[18.047s][info][gc,start       ] GC(42) Pause Young (Allocation Failure)
[18.078s][info][gc,heap        ] GC(42) PSYoungGen: 191296K(258560K)->10880K(259584K) Eden: 187392K(187392K)->0K(187392K) From: 3904K(71168K)->10880K(72192K)
[18.078s][info][gc,heap        ] GC(42) ParOldGen: 412531K(412672K)->416419K(416768K)
[18.078s][info][gc,metaspace   ] GC(42) Metaspace: 17130K(17344K)->17130K(17344K) NonClass: 15332K(15488K)->15332K(15488K) Class: 1798K(1856K)->1798K(1856K)
[18.078s][info][gc             ] GC(42) Pause Young (Allocation Failure) 589M->417M(660M) 31.674ms
[18.078s][info][gc,cpu         ] GC(42) User=0.06s Sys=0.00s Real=0.03s
[18.356s][info][gc,start       ] GC(43) Pause Young (Allocation Failure)
[18.410s][info][gc,heap        ] GC(43) PSYoungGen: 198272K(259584K)->36192K(258560K) Eden: 187392K(187392K)->0K(189440K) From: 10880K(72192K)->36192K(69120K)
[18.410s][info][gc,heap        ] GC(43) ParOldGen: 416419K(416768K)->427307K(427520K)
[18.410s][info][gc,metaspace   ] GC(43) Metaspace: 17130K(17344K)->17130K(17344K) NonClass: 15332K(15488K)->15332K(15488K) Class: 1798K(1856K)->1798K(1856K)
[18.410s][info][gc             ] GC(43) Pause Young (Allocation Failure) 600M->452M(670M) 54.228ms
[18.410s][info][gc,cpu         ] GC(43) User=0.10s Sys=0.01s Real=0.06s
[19.412s][info][gc,start       ] GC(44) Pause Young (Allocation Failure)
[19.474s][info][gc,heap        ] GC(44) PSYoungGen: 225632K(258560K)->2368K(259584K) Eden: 189440K(189440K)->0K(189440K) From: 36192K(69120K)->2368K(70144K)
[19.474s][info][gc,heap        ] GC(44) ParOldGen: 427307K(427520K)->463566K(463872K)
[19.474s][info][gc,metaspace   ] GC(44) Metaspace: 17154K(17344K)->17154K(17344K) NonClass: 15356K(15488K)->15356K(15488K) Class: 1798K(1856K)->1798K(1856K)
[19.474s][info][gc             ] GC(44) Pause Young (Allocation Failure) 637M->455M(706M) 61.821ms
[19.474s][info][gc,cpu         ] GC(44) User=0.10s Sys=0.02s Real=0.06s
[20.155s][info][gc,start       ] GC(45) Pause Young (Allocation Failure)
[20.161s][info][gc,heap        ] GC(45) PSYoungGen: 191808K(259584K)->64K(262144K) Eden: 189440K(189440K)->0K(195072K) From: 2368K(70144K)->64K(67072K)
[20.161s][info][gc,heap        ] GC(45) ParOldGen: 463566K(463872K)->465918K(465920K)
[20.161s][info][gc,metaspace   ] GC(45) Metaspace: 17163K(17344K)->17163K(17344K) NonClass: 15365K(15488K)->15365K(15488K) Class: 1798K(1856K)->1798K(1856K)
[20.161s][info][gc             ] GC(45) Pause Young (Allocation Failure) 640M->455M(711M) 5.844ms
[20.161s][info][gc,cpu         ] GC(45) User=0.00s Sys=0.00s Real=0.01s
[20.708s][info][gc,start       ] GC(46) Pause Young (Allocation Failure)
[20.710s][info][gc,heap        ] GC(46) PSYoungGen: 195136K(262144K)->64K(262656K) Eden: 195072K(195072K)->0K(195072K) From: 64K(67072K)->64K(67584K)
[20.710s][info][gc,heap        ] GC(46) ParOldGen: 465918K(465920K)->465950K(466432K)
[20.710s][info][gc,metaspace   ] GC(46) Metaspace: 17164K(17344K)->17164K(17344K) NonClass: 15365K(15488K)->15365K(15488K) Class: 1798K(1856K)->1798K(1856K)
[20.710s][info][gc             ] GC(46) Pause Young (Allocation Failure) 645M->455M(712M) 2.337ms
[20.710s][info][gc,cpu         ] GC(46) User=0.00s Sys=0.00s Real=0.00s
[21.311s][info][gc,start       ] GC(47) Pause Young (Allocation Failure)
[21.337s][info][gc,heap        ] GC(47) PSYoungGen: 195136K(262656K)->7008K(261120K) Eden: 195072K(195072K)->0K(200192K) From: 64K(67584K)->7008K(60928K)
[21.337s][info][gc,heap        ] GC(47) ParOldGen: 465950K(466432K)->465966K(466432K)
[21.337s][info][gc,metaspace   ] GC(47) Metaspace: 17165K(17344K)->17165K(17344K) NonClass: 15367K(15488K)->15367K(15488K) Class: 1798K(1856K)->1798K(1856K)
[21.337s][info][gc             ] GC(47) Pause Young (Allocation Failure) 645M->461M(710M) 26.500ms
[21.337s][info][gc,cpu         ] GC(47) User=0.05s Sys=0.00s Real=0.03s
[21.628s][info][gc,start       ] GC(48) Pause Young (Allocation Failure)
[21.699s][info][gc,heap        ] GC(48) PSYoungGen: 207200K(261120K)->54438K(254976K) Eden: 200192K(200192K)->0K(200192K) From: 7008K(60928K)->54438K(54784K)
[21.699s][info][gc,heap        ] GC(48) ParOldGen: 465966K(466432K)->472974K(473088K)
[21.699s][info][gc,metaspace   ] GC(48) Metaspace: 17182K(17344K)->17182K(17344K) NonClass: 15383K(15488K)->15383K(15488K) Class: 1798K(1856K)->1798K(1856K)
[21.699s][info][gc             ] GC(48) Pause Young (Allocation Failure) 657M->515M(711M) 70.637ms
[21.699s][info][gc,cpu         ] GC(48) User=0.13s Sys=0.00s Real=0.07s
[21.947s][info][gc,start       ] GC(49) Pause Young (Allocation Failure)
[22.054s][info][gc,heap        ] GC(49) PSYoungGen: 254630K(254976K)->60624K(241664K) Eden: 200192K(200192K)->0K(168960K) From: 54438K(54784K)->60624K(72704K)
[22.054s][info][gc,heap        ] GC(49) ParOldGen: 472974K(473088K)->527987K(528384K)
[22.054s][info][gc,metaspace   ] GC(49) Metaspace: 17200K(17344K)->17200K(17344K) NonClass: 15401K(15488K)->15401K(15488K) Class: 1798K(1856K)->1798K(1856K)
[22.054s][info][gc             ] GC(49) Pause Young (Allocation Failure) 710M->574M(752M) 106.910ms
[22.054s][info][gc,cpu         ] GC(49) User=0.17s Sys=0.04s Real=0.10s
[22.235s][info][gc,start       ] GC(50) Pause Young (Allocation Failure)
[22.353s][info][gc,heap        ] GC(50) PSYoungGen: 229584K(241664K)->10816K(251392K) Eden: 168960K(168960K)->0K(168960K) From: 60624K(72704K)->10816K(82432K)
[22.353s][info][gc,heap        ] GC(50) ParOldGen: 527987K(528384K)->589195K(589312K)
[22.353s][info][gc,metaspace   ] GC(50) Metaspace: 17200K(17344K)->17200K(17344K) NonClass: 15402K(15488K)->15402K(15488K) Class: 1798K(1856K)->1798K(1856K)
[22.353s][info][gc             ] GC(50) Pause Young (Allocation Failure) 739M->585M(821M) 117.779ms
[22.353s][info][gc,cpu         ] GC(50) User=0.19s Sys=0.03s Real=0.12s
[22.567s][info][gc,start       ] GC(51) Pause Full (Allocation Failure)
[22.567s][info][gc,phases,start] GC(51) Marking Phase
[22.780s][info][gc,phases      ] GC(51) Marking Phase 212.545ms
[22.780s][info][gc,phases,start] GC(51) Summary Phase
[22.780s][info][gc,phases      ] GC(51) Summary Phase 0.033ms
[22.780s][info][gc,phases,start] GC(51) Forward
[22.857s][info][gc,phases      ] GC(51) Forward 76.534ms
[22.857s][info][gc,phases,start] GC(51) Adjust Pointers
[23.018s][info][gc,phases      ] GC(51) Adjust Pointers 161.114ms
[23.018s][info][gc,phases,start] GC(51) Compaction Phase
[23.112s][info][gc,phases      ] GC(51) Compaction Phase 94.312ms
[23.118s][info][gc,phases,start] GC(51) Post Compact
[23.120s][info][gc,phases      ] GC(51) Post Compact 2.516ms
[23.127s][info][gc,heap        ] GC(51) PSYoungGen: 179776K(251392K)->0K(247808K) Eden: 168960K(168960K)->0K(172544K) From: 10816K(82432K)->0K(75264K)
[23.127s][info][gc,heap        ] GC(51) ParOldGen: 589195K(589312K)->324956K(491520K)
[23.127s][info][gc,metaspace   ] GC(51) Metaspace: 17202K(17344K)->17202K(17344K) NonClass: 15403K(15488K)->15403K(15488K) Class: 1798K(1856K)->1798K(1856K)
[23.127s][info][gc             ] GC(51) Pause Full (Allocation Failure) 750M->317M(722M) 559.556ms
[23.127s][info][gc,cpu         ] GC(51) User=1.02s Sys=0.01s Real=0.56s
[23.389s][info][gc,start       ] GC(52) Pause Young (Allocation Failure)
[23.447s][info][gc,heap        ] GC(52) PSYoungGen: 172544K(247808K)->41600K(251392K) Eden: 172544K(172544K)->0K(172544K) From: 0K(75264K)->41600K(78848K)
[23.448s][info][gc,heap        ] GC(52) ParOldGen: 324956K(491520K)->324956K(491520K)
[23.448s][info][gc,metaspace   ] GC(52) Metaspace: 17202K(17344K)->17202K(17344K) NonClass: 15403K(15488K)->15403K(15488K) Class: 1798K(1856K)->1798K(1856K)
[23.448s][info][gc             ] GC(52) Pause Young (Allocation Failure) 485M->357M(725M) 58.985ms
[23.448s][info][gc,cpu         ] GC(52) User=0.12s Sys=0.00s Real=0.06s
[23.630s][info][gc,start       ] GC(53) Pause Young (Allocation Failure)
[23.710s][info][gc,heap        ] GC(53) PSYoungGen: 214144K(251392K)->26304K(246272K) Eden: 172544K(172544K)->0K(174592K) From: 41600K(78848K)->26304K(71680K)
[23.710s][info][gc,heap        ] GC(53) ParOldGen: 324956K(491520K)->366644K(491520K)
[23.710s][info][gc,metaspace   ] GC(53) Metaspace: 17202K(17344K)->17202K(17344K) NonClass: 15403K(15488K)->15403K(15488K) Class: 1798K(1856K)->1798K(1856K)
[23.710s][info][gc             ] GC(53) Pause Young (Allocation Failure) 526M->383M(720M) 80.066ms
[23.710s][info][gc,cpu         ] GC(53) User=0.16s Sys=0.00s Real=0.08s
[23.880s][info][gc,start       ] GC(54) Pause Young (Allocation Failure)
[23.925s][info][gc,heap        ] GC(54) PSYoungGen: 200896K(246272K)->14752K(249856K) Eden: 174592K(174592K)->0K(174592K) From: 26304K(71680K)->14752K(75264K)
[23.925s][info][gc,heap        ] GC(54) ParOldGen: 366644K(491520K)->393004K(491520K)
[23.925s][info][gc,metaspace   ] GC(54) Metaspace: 17226K(17344K)->17226K(17344K) NonClass: 15427K(15488K)->15427K(15488K) Class: 1798K(1856K)->1798K(1856K)
[23.925s][info][gc             ] GC(54) Pause Young (Allocation Failure) 554M->398M(724M) 45.478ms
[23.925s][info][gc,cpu         ] GC(54) User=0.09s Sys=0.00s Real=0.04s
[24.116s][info][gc,start       ] GC(55) Pause Young (Allocation Failure)
[24.158s][info][gc,heap        ] GC(55) PSYoungGen: 189344K(249856K)->9376K(254464K) Eden: 174592K(174592K)->0K(186880K) From: 14752K(75264K)->9376K(67584K)
[24.158s][info][gc,heap        ] GC(55) ParOldGen: 393004K(491520K)->407812K(491520K)
[24.158s][info][gc,metaspace   ] GC(55) Metaspace: 17226K(17344K)->17226K(17344K) NonClass: 15427K(15488K)->15427K(15488K) Class: 1798K(1856K)->1798K(1856K)
[24.158s][info][gc             ] GC(55) Pause Young (Allocation Failure) 568M->407M(728M) 42.006ms
[24.158s][info][gc,cpu         ] GC(55) User=0.08s Sys=0.00s Real=0.04s
[24.498s][info][gc,start       ] GC(56) Pause Young (Allocation Failure)
[24.526s][info][gc,heap        ] GC(56) PSYoungGen: 196256K(254464K)->3680K(256512K) Eden: 186880K(186880K)->0K(186880K) From: 9376K(67584K)->3680K(69632K)
[24.526s][info][gc,heap        ] GC(56) ParOldGen: 407812K(491520K)->417172K(491520K)
[24.526s][info][gc,metaspace   ] GC(56) Metaspace: 17243K(17408K)->17243K(17408K) NonClass: 15445K(15552K)->15445K(15552K) Class: 1798K(1856K)->1798K(1856K)
[24.526s][info][gc             ] GC(56) Pause Young (Allocation Failure) 589M->410M(730M) 28.033ms
[24.526s][info][gc,cpu         ] GC(56) User=0.06s Sys=0.00s Real=0.02s
[24.894s][info][gc,start       ] GC(57) Pause Young (Allocation Failure)
[24.920s][info][gc,heap        ] GC(57) PSYoungGen: 190560K(256512K)->11552K(257536K) Eden: 186880K(186880K)->0K(196096K) From: 3680K(69632K)->11552K(61440K)
[24.920s][info][gc,heap        ] GC(57) ParOldGen: 417172K(491520K)->420841K(491520K)
[24.920s][info][gc,metaspace   ] GC(57) Metaspace: 17243K(17408K)->17243K(17408K) NonClass: 15445K(15552K)->15445K(15552K) Class: 1798K(1856K)->1798K(1856K)
[24.920s][info][gc             ] GC(57) Pause Young (Allocation Failure) 593M->422M(731M) 26.001ms
[24.920s][info][gc,cpu         ] GC(57) User=0.05s Sys=0.01s Real=0.03s
[25.248s][info][gc,start       ] GC(58) Pause Young (Allocation Failure)
[25.296s][info][gc,heap        ] GC(58) PSYoungGen: 207648K(257536K)->32480K(261120K) Eden: 196096K(196096K)->0K(196096K) From: 11552K(61440K)->32480K(65024K)
[25.296s][info][gc,heap        ] GC(58) ParOldGen: 420841K(491520K)->432383K(491520K)
[25.296s][info][gc,metaspace   ] GC(58) Metaspace: 17251K(17408K)->17251K(17408K) NonClass: 15452K(15552K)->15452K(15552K) Class: 1799K(1856K)->1799K(1856K)
[25.297s][info][gc             ] GC(58) Pause Young (Allocation Failure) 613M->453M(735M) 48.702ms
[25.297s][info][gc,cpu         ] GC(58) User=0.10s Sys=0.00s Real=0.05s
[25.728s][info][gc,start       ] GC(59) Pause Young (Allocation Failure)
[25.839s][info][gc,heap        ] GC(59) PSYoungGen: 228576K(261120K)->34464K(267776K) Eden: 196096K(196096K)->0K(202752K) From: 32480K(65024K)->34464K(65024K)
[25.839s][info][gc,heap        ] GC(59) ParOldGen: 432383K(491520K)->464983K(491520K)
[25.839s][info][gc,metaspace   ] GC(59) Metaspace: 17273K(17472K)->17273K(17472K) NonClass: 15474K(15616K)->15474K(15616K) Class: 1799K(1856K)->1799K(1856K)
[25.839s][info][gc             ] GC(59) Pause Young (Allocation Failure) 645M->487M(741M) 111.490ms
[25.839s][info][gc,cpu         ] GC(59) User=0.22s Sys=0.00s Real=0.11s
[26.276s][info][gc,start       ] GC(60) Pause Young (Allocation Failure)
[26.345s][info][gc,heap        ] GC(60) PSYoungGen: 237216K(267776K)->48960K(251904K) Eden: 202752K(202752K)->0K(202752K) From: 34464K(65024K)->48960K(49152K)
[26.345s][info][gc,heap        ] GC(60) ParOldGen: 464983K(491520K)->499703K(499712K)
[26.345s][info][gc,metaspace   ] GC(60) Metaspace: 17287K(17472K)->17287K(17472K) NonClass: 15487K(15616K)->15487K(15616K) Class: 1799K(1856K)->1799K(1856K)
[26.345s][info][gc             ] GC(60) Pause Young (Allocation Failure) 685M->535M(734M) 68.895ms
[26.345s][info][gc,cpu         ] GC(60) User=0.14s Sys=0.00s Real=0.06s
[26.879s][info][gc,start       ] GC(61) Pause Young (Allocation Failure)
[26.980s][info][gc,heap        ] GC(61) PSYoungGen: 251712K(251904K)->22143K(266752K) Eden: 202752K(202752K)->0K(195584K) From: 48960K(49152K)->22143K(71168K)
[26.980s][info][gc,heap        ] GC(61) ParOldGen: 499703K(499712K)->549255K(549376K)
[26.980s][info][gc,metaspace   ] GC(61) Metaspace: 17289K(17472K)->17289K(17472K) NonClass: 15490K(15616K)->15490K(15616K) Class: 1799K(1856K)->1799K(1856K)
[26.980s][info][gc             ] GC(61) Pause Young (Allocation Failure) 733M->558M(797M) 100.898ms
[26.980s][info][gc,cpu         ] GC(61) User=0.16s Sys=0.04s Real=0.10s
[27.358s][info][gc,start       ] GC(62) Pause Young (Allocation Failure)
[27.446s][info][gc,heap        ] GC(62) PSYoungGen: 217727K(266752K)->38016K(262656K) Eden: 195584K(195584K)->0K(195584K) From: 22143K(71168K)->38016K(67072K)
[27.446s][info][gc,heap        ] GC(62) ParOldGen: 549255K(549376K)->571422K(571904K)
[27.446s][info][gc,metaspace   ] GC(62) Metaspace: 17289K(17472K)->17289K(17472K) NonClass: 15490K(15616K)->15490K(15616K) Class: 1799K(1856K)->1799K(1856K)
[27.446s][info][gc             ] GC(62) Pause Young (Allocation Failure) 749M->595M(815M) 87.670ms
[27.446s][info][gc,cpu         ] GC(62) User=0.16s Sys=0.01s Real=0.08s
[27.663s][info][gc,start       ] GC(63) Pause Young (Allocation Failure)
[27.731s][info][gc,heap        ] GC(63) PSYoungGen: 233600K(262656K)->4896K(264704K) Eden: 195584K(195584K)->0K(196608K) From: 38016K(67072K)->4896K(68096K)
[27.731s][info][gc,heap        ] GC(63) ParOldGen: 571422K(571904K)->609534K(609792K)
[27.731s][info][gc,metaspace   ] GC(63) Metaspace: 17289K(17472K)->17289K(17472K) NonClass: 15490K(15616K)->15490K(15616K) Class: 1799K(1856K)->1799K(1856K)
[27.731s][info][gc             ] GC(63) Pause Young (Allocation Failure) 786M->600M(854M) 67.484ms
[27.731s][info][gc,cpu         ] GC(63) User=0.11s Sys=0.03s Real=0.07s
[27.992s][info][gc,start       ] GC(64) Pause Full (Allocation Failure)
[27.992s][info][gc,phases,start] GC(64) Marking Phase
[28.385s][info][gc,phases      ] GC(64) Marking Phase 392.785ms
[28.385s][info][gc,phases,start] GC(64) Summary Phase
[28.385s][info][gc,phases      ] GC(64) Summary Phase 0.047ms
[28.385s][info][gc,phases,start] GC(64) Forward
[28.466s][info][gc,phases      ] GC(64) Forward 80.986ms
[28.466s][info][gc,phases,start] GC(64) Adjust Pointers
[28.754s][info][gc,phases      ] GC(64) Adjust Pointers 287.310ms
[28.754s][info][gc,phases,start] GC(64) Compaction Phase
[28.904s][info][gc,phases      ] GC(64) Compaction Phase 149.899ms
[28.910s][info][gc,phases,start] GC(64) Post Compact
[28.913s][info][gc,phases      ] GC(64) Post Compact 2.740ms
[28.913s][info][gc,heap        ] GC(64) PSYoungGen: 201504K(264704K)->0K(263680K) Eden: 196608K(196608K)->0K(196608K) From: 4896K(68096K)->0K(67072K)
[28.913s][info][gc,heap        ] GC(64) ParOldGen: 609534K(609792K)->531033K(667648K)
[28.913s][info][gc,metaspace   ] GC(64) Metaspace: 17289K(17472K)->17289K(17472K) NonClass: 15490K(15616K)->15490K(15616K) Class: 1799K(1856K)->1799K(1856K)
[28.913s][info][gc             ] GC(64) Pause Full (Allocation Failure) 792M->518M(909M) 920.925ms
[28.913s][info][gc,cpu         ] GC(64) User=1.77s Sys=0.00s Real=0.92s
[29.331s][info][gc,start       ] GC(65) Pause Young (Allocation Failure)
[29.361s][info][gc,heap        ] GC(65) PSYoungGen: 196608K(263680K)->16992K(261632K) Eden: 196608K(196608K)->0K(199680K) From: 0K(67072K)->16992K(61952K)
[29.361s][info][gc,heap        ] GC(65) ParOldGen: 531033K(667648K)->531033K(667648K)
[29.361s][info][gc,metaspace   ] GC(65) Metaspace: 17289K(17472K)->17289K(17472K) NonClass: 15490K(15616K)->15490K(15616K) Class: 1799K(1856K)->1799K(1856K)
[29.361s][info][gc             ] GC(65) Pause Young (Allocation Failure) 710M->535M(907M) 29.233ms
[29.361s][info][gc,cpu         ] GC(65) User=0.06s Sys=0.00s Real=0.03s
[29.697s][info][gc,start       ] GC(66) Pause Young (Allocation Failure)
[29.757s][info][gc,heap        ] GC(66) PSYoungGen: 216672K(261632K)->46290K(263680K) Eden: 199680K(199680K)->0K(199680K) From: 16992K(61952K)->46290K(64000K)
[29.757s][info][gc,heap        ] GC(66) ParOldGen: 531033K(667648K)->548066K(667648K)
[29.757s][info][gc,metaspace   ] GC(66) Metaspace: 17299K(17472K)->17299K(17472K) NonClass: 15500K(15616K)->15500K(15616K) Class: 1799K(1856K)->1799K(1856K)
[29.758s][info][gc             ] GC(66) Pause Young (Allocation Failure) 730M->580M(909M) 60.034ms
[29.758s][info][gc,cpu         ] GC(66) User=0.12s Sys=0.00s Real=0.06s
[30.180s][info][gc,start       ] GC(67) Pause Young (Allocation Failure)
[30.276s][info][gc,heap        ] GC(67) PSYoungGen: 245970K(263680K)->49728K(256000K) Eden: 199680K(199680K)->0K(187392K) From: 46290K(64000K)->49728K(68608K)
[30.276s][info][gc,heap        ] GC(67) ParOldGen: 548066K(667648K)->594719K(667648K)
[30.276s][info][gc,metaspace   ] GC(67) Metaspace: 17301K(17472K)->17301K(17472K) NonClass: 15502K(15616K)->15502K(15616K) Class: 1799K(1856K)->1799K(1856K)
[30.276s][info][gc             ] GC(67) Pause Young (Allocation Failure) 775M->629M(902M) 96.640ms
[30.276s][info][gc,cpu         ] GC(67) User=0.19s Sys=0.00s Real=0.10s
[30.701s][info][gc,start       ] GC(68) Pause Young (Allocation Failure)
[30.806s][info][gc,heap        ] GC(68) PSYoungGen: 237120K(256000K)->34944K(260608K) Eden: 187392K(187392K)->0K(187392K) From: 49728K(68608K)->34944K(73216K)
[30.806s][info][gc,heap        ] GC(68) ParOldGen: 594719K(667648K)->644967K(667648K)
[30.806s][info][gc,metaspace   ] GC(68) Metaspace: 17310K(17472K)->17310K(17472K) NonClass: 15510K(15616K)->15510K(15616K) Class: 1799K(1856K)->1799K(1856K)
[30.806s][info][gc             ] GC(68) Pause Young (Allocation Failure) 812M->663M(906M) 104.843ms
[30.806s][info][gc,cpu         ] GC(68) User=0.19s Sys=0.02s Real=0.10s
[31.096s][info][gc,start       ] GC(69) Pause Full (Allocation Failure)
[31.096s][info][gc,phases,start] GC(69) Marking Phase
[31.499s][info][gc,phases      ] GC(69) Marking Phase 402.914ms
[31.499s][info][gc,phases,start] GC(69) Summary Phase
[31.499s][info][gc,phases      ] GC(69) Summary Phase 0.031ms
[31.499s][info][gc,phases,start] GC(69) Forward
[31.625s][info][gc,phases      ] GC(69) Forward 126.040ms
[31.625s][info][gc,phases,start] GC(69) Adjust Pointers
[31.932s][info][gc,phases      ] GC(69) Adjust Pointers 307.213ms
[31.932s][info][gc,phases,start] GC(69) Compaction Phase
[32.130s][info][gc,phases      ] GC(69) Compaction Phase 197.994ms
[32.143s][info][gc,phases,start] GC(69) Post Compact
[32.145s][info][gc,phases      ] GC(69) Post Compact 2.562ms
[32.146s][info][gc,heap        ] GC(69) PSYoungGen: 222336K(260608K)->0K(258560K) Eden: 187392K(187392K)->0K(189440K) From: 34944K(73216K)->0K(69120K)
[32.146s][info][gc,heap        ] GC(69) ParOldGen: 644967K(667648K)->551670K(667648K)
[32.146s][info][gc,metaspace   ] GC(69) Metaspace: 17310K(17472K)->17310K(17472K) NonClass: 15510K(15616K)->15510K(15616K) Class: 1799K(1856K)->1799K(1856K)
[32.146s][info][gc             ] GC(69) Pause Full (Allocation Failure) 846M->538M(904M) 1050.245ms
[32.146s][info][gc,cpu         ] GC(69) User=2.00s Sys=0.01s Real=1.05s
[32.312s][info][gc,start       ] GC(70) Pause Young (Allocation Failure)
[32.318s][info][gc,heap        ] GC(70) PSYoungGen: 189440K(258560K)->736K(260608K) Eden: 189440K(189440K)->0K(189440K) From: 0K(69120K)->736K(71168K)
[32.318s][info][gc,heap        ] GC(70) ParOldGen: 551670K(667648K)->551670K(667648K)
[32.318s][info][gc,metaspace   ] GC(70) Metaspace: 17310K(17472K)->17310K(17472K) NonClass: 15510K(15616K)->15510K(15616K) Class: 1799K(1856K)->1799K(1856K)
[32.318s][info][gc             ] GC(70) Pause Young (Allocation Failure) 723M->539M(906M) 6.689ms
[32.318s][info][gc,cpu         ] GC(70) User=0.01s Sys=0.00s Real=0.01s
[32.520s][info][gc,start       ] GC(71) Pause Young (Allocation Failure)
[32.532s][info][gc,heap        ] GC(71) PSYoungGen: 190176K(260608K)->5056K(261120K) Eden: 189440K(189440K)->0K(190976K) From: 736K(71168K)->5056K(70144K)
[32.532s][info][gc,heap        ] GC(71) ParOldGen: 551670K(667648K)->551670K(667648K)
[32.532s][info][gc,metaspace   ] GC(71) Metaspace: 17310K(17472K)->17310K(17472K) NonClass: 15511K(15616K)->15511K(15616K) Class: 1799K(1856K)->1799K(1856K)
[32.532s][info][gc             ] GC(71) Pause Young (Allocation Failure) 724M->543M(907M) 12.028ms
[32.532s][info][gc,cpu         ] GC(71) User=0.02s Sys=0.00s Real=0.01s
[32.842s][info][gc,start       ] GC(72) Pause Young (Allocation Failure)
[32.879s][info][gc,heap        ] GC(72) PSYoungGen: 196032K(261120K)->33632K(261632K) Eden: 190976K(190976K)->0K(190976K) From: 5056K(70144K)->33632K(70656K)
[32.879s][info][gc,heap        ] GC(72) ParOldGen: 551670K(667648K)->551670K(667648K)
[32.879s][info][gc,metaspace   ] GC(72) Metaspace: 17310K(17472K)->17310K(17472K) NonClass: 15511K(15616K)->15511K(15616K) Class: 1799K(1856K)->1799K(1856K)
[32.879s][info][gc             ] GC(72) Pause Young (Allocation Failure) 730M->571M(907M) 37.476ms
[32.879s][info][gc,cpu         ] GC(72) User=0.07s Sys=0.01s Real=0.04s
[33.594s][info][gc,start       ] GC(73) Pause Young (Allocation Failure)
[33.632s][info][gc,heap        ] GC(73) PSYoungGen: 224608K(261632K)->33696K(261632K) Eden: 190976K(190976K)->0K(193536K) From: 33632K(70656K)->33696K(68096K)
[33.632s][info][gc,heap        ] GC(73) ParOldGen: 551670K(667648K)->551670K(667648K)
[33.632s][info][gc,metaspace   ] GC(73) Metaspace: 17312K(17472K)->17312K(17472K) NonClass: 15512K(15616K)->15512K(15616K) Class: 1799K(1856K)->1799K(1856K)
[33.632s][info][gc             ] GC(73) Pause Young (Allocation Failure) 758M->571M(907M) 38.830ms
[33.632s][info][gc,cpu         ] GC(73) User=0.08s Sys=0.00s Real=0.04s
[34.424s][info][gc,start       ] GC(74) Pause Young (Allocation Failure)
[34.467s][info][gc,heap        ] GC(74) PSYoungGen: 227232K(261632K)->33696K(262144K) Eden: 193536K(193536K)->0K(193536K) From: 33696K(68096K)->33696K(68608K)
[34.467s][info][gc,heap        ] GC(74) ParOldGen: 551670K(667648K)->551670K(667648K)
[34.468s][info][gc,metaspace   ] GC(74) Metaspace: 17312K(17472K)->17312K(17472K) NonClass: 15512K(15616K)->15512K(15616K) Class: 1799K(1856K)->1799K(1856K)
[34.468s][info][gc             ] GC(74) Pause Young (Allocation Failure) 760M->571M(908M) 43.459ms
[34.468s][info][gc,cpu         ] GC(74) User=0.08s Sys=0.00s Real=0.05s
[35.008s][info][gc,start       ] GC(75) Pause Young (Allocation Failure)
[35.056s][info][gc,heap        ] GC(75) PSYoungGen: 227232K(262144K)->34368K(262656K) Eden: 193536K(193536K)->0K(197632K) From: 33696K(68608K)->34368K(65024K)
[35.056s][info][gc,heap        ] GC(75) ParOldGen: 551670K(667648K)->551670K(667648K)
[35.056s][info][gc,metaspace   ] GC(75) Metaspace: 17312K(17472K)->17312K(17472K) NonClass: 15512K(15616K)->15512K(15616K) Class: 1799K(1856K)->1799K(1856K)
[35.056s][info][gc             ] GC(75) Pause Young (Allocation Failure) 760M->572M(908M) 48.140ms
[35.056s][info][gc,cpu         ] GC(75) User=0.10s Sys=0.00s Real=0.05s
[35.332s][info][gc,start       ] GC(76) Pause Young (Allocation Failure)
[35.419s][info][gc,heap        ] GC(76) PSYoungGen: 232000K(262656K)->66032K(263680K) Eden: 197632K(197632K)->0K(197632K) From: 34368K(65024K)->66032K(66048K)
[35.419s][info][gc,heap        ] GC(76) ParOldGen: 551670K(667648K)->581022K(667648K)
[35.419s][info][gc,metaspace   ] GC(76) Metaspace: 17313K(17472K)->17313K(17472K) NonClass: 15514K(15616K)->15514K(15616K) Class: 1799K(1856K)->1799K(1856K)
[35.419s][info][gc             ] GC(76) Pause Young (Allocation Failure) 765M->631M(909M) 87.049ms
[35.419s][info][gc,cpu         ] GC(76) User=0.17s Sys=0.00s Real=0.09s
[35.844s][info][gc,start       ] GC(77) Pause Young (Allocation Failure)
[35.933s][info][gc,heap        ] GC(77) PSYoungGen: 263664K(263680K)->70128K(201216K) Eden: 197632K(197632K)->0K(131072K) From: 66032K(66048K)->70128K(70144K)
[35.933s][info][gc,heap        ] GC(77) ParOldGen: 581022K(667648K)->596958K(667648K)
[35.933s][info][gc,metaspace   ] GC(77) Metaspace: 17313K(17472K)->17313K(17472K) NonClass: 15514K(15616K)->15514K(15616K) Class: 1799K(1856K)->1799K(1856K)
[35.933s][info][gc             ] GC(77) Pause Young (Allocation Failure) 824M->651M(848M) 89.605ms
[35.933s][info][gc,cpu         ] GC(77) User=0.17s Sys=0.01s Real=0.09s
[36.236s][info][gc,start       ] GC(78) Pause Young (Allocation Failure)
[36.361s][info][gc,heap        ] GC(78) PSYoungGen: 201200K(201216K)->75440K(206848K) Eden: 131072K(131072K)->0K(131072K) From: 70128K(70144K)->75440K(75776K)
[36.361s][info][gc,heap        ] GC(78) ParOldGen: 596958K(667648K)->625670K(667648K)
[36.361s][info][gc,metaspace   ] GC(78) Metaspace: 17314K(17472K)->17314K(17472K) NonClass: 15515K(15616K)->15515K(15616K) Class: 1799K(1856K)->1799K(1856K)
[36.361s][info][gc             ] GC(78) Pause Young (Allocation Failure) 779M->684M(854M) 125.188ms
[36.361s][info][gc,cpu         ] GC(78) User=0.25s Sys=0.00s Real=0.13s
[36.545s][info][gc,start       ] GC(79) Pause Full (Allocation Failure)
[36.545s][info][gc,phases,start] GC(79) Marking Phase
[37.061s][info][gc,phases      ] GC(79) Marking Phase 516.481ms
[37.061s][info][gc,phases,start] GC(79) Summary Phase
[37.061s][info][gc,phases      ] GC(79) Summary Phase 0.030ms
[37.061s][info][gc,phases,start] GC(79) Forward
[37.206s][info][gc,phases      ] GC(79) Forward 145.129ms
[37.206s][info][gc,phases,start] GC(79) Adjust Pointers
[37.608s][info][gc,phases      ] GC(79) Adjust Pointers 401.838ms
[37.608s][info][gc,phases,start] GC(79) Compaction Phase
[37.858s][info][gc,phases      ] GC(79) Compaction Phase 249.751ms
[37.872s][info][gc,phases,start] GC(79) Post Compact
[37.874s][info][gc,phases      ] GC(79) Post Compact 2.421ms
[37.874s][info][gc,heap        ] GC(79) PSYoungGen: 206512K(206848K)->1700K(206848K) Eden: 131072K(131072K)->0K(131072K) From: 75440K(75776K)->1700K(75776K)
[37.874s][info][gc,heap        ] GC(79) ParOldGen: 625670K(667648K)->667564K(667648K)
[37.874s][info][gc,metaspace   ] GC(79) Metaspace: 17314K(17472K)->17314K(17472K) NonClass: 15515K(15616K)->15515K(15616K) Class: 1799K(1856K)->1799K(1856K)
[37.874s][info][gc             ] GC(79) Pause Full (Allocation Failure) 812M->653M(854M) 1329.395ms
[37.874s][info][gc,cpu         ] GC(79) User=2.57s Sys=0.02s Real=1.33s
[37.991s][info][gc,start       ] GC(80) Pause Full (Allocation Failure)
[37.991s][info][gc,phases,start] GC(80) Marking Phase
[38.503s][info][gc,phases      ] GC(80) Marking Phase 512.018ms
[38.504s][info][gc,phases,start] GC(80) Summary Phase
[38.504s][info][gc,phases      ] GC(80) Summary Phase 0.024ms
[38.504s][info][gc,phases,start] GC(80) Forward
[38.523s][info][gc,phases      ] GC(80) Forward 19.516ms
[38.523s][info][gc,phases,start] GC(80) Adjust Pointers
[38.877s][info][gc,phases      ] GC(80) Adjust Pointers 353.541ms
[38.877s][info][gc,phases,start] GC(80) Compaction Phase
[39.023s][info][gc,phases      ] GC(80) Compaction Phase 146.749ms
[39.025s][info][gc,phases,start] GC(80) Post Compact
[39.027s][info][gc,phases      ] GC(80) Post Compact 2.387ms
[39.027s][info][gc,heap        ] GC(80) PSYoungGen: 132772K(206848K)->5938K(239616K) Eden: 131072K(131072K)->5938K(131072K) From: 1700K(75776K)->0K(108544K)
[39.027s][info][gc,heap        ] GC(80) ParOldGen: 667564K(667648K)->667584K(667648K)
[39.027s][info][gc,metaspace   ] GC(80) Metaspace: 17314K(17472K)->17314K(17472K) NonClass: 15515K(15616K)->15515K(15616K) Class: 1799K(1856K)->1799K(1856K)
[39.027s][info][gc             ] GC(80) Pause Full (Allocation Failure) 781M->657M(886M) 1035.947ms
[39.027s][info][gc,cpu         ] GC(80) User=2.04s Sys=0.00s Real=1.04s
[39.156s][info][gc,start       ] GC(81) Pause Full (Allocation Failure)
[39.156s][info][gc,phases,start] GC(81) Marking Phase
[39.660s][info][gc,phases      ] GC(81) Marking Phase 503.852ms
[39.660s][info][gc,phases,start] GC(81) Summary Phase
[39.660s][info][gc,phases      ] GC(81) Summary Phase 0.023ms
[39.660s][info][gc,phases,start] GC(81) Forward
[39.663s][info][gc,phases      ] GC(81) Forward 3.237ms
[39.663s][info][gc,phases,start] GC(81) Adjust Pointers
[39.999s][info][gc,phases      ] GC(81) Adjust Pointers 336.374ms
[39.999s][info][gc,phases,start] GC(81) Compaction Phase
[40.141s][info][gc,phases      ] GC(81) Compaction Phase 141.778ms
[40.141s][info][gc,phases,start] GC(81) Post Compact
[40.144s][info][gc,phases      ] GC(81) Post Compact 2.272ms
[40.144s][info][gc,heap        ] GC(81) PSYoungGen: 131072K(239616K)->6554K(206848K) Eden: 131072K(131072K)->6554K(131072K) From: 0K(108544K)->0K(75776K)
[40.144s][info][gc,heap        ] GC(81) ParOldGen: 667584K(667648K)->667584K(667648K)
[40.144s][info][gc,metaspace   ] GC(81) Metaspace: 17314K(17472K)->17314K(17472K) NonClass: 15515K(15616K)->15515K(15616K) Class: 1799K(1856K)->1799K(1856K)
[40.144s][info][gc             ] GC(81) Pause Full (Allocation Failure) 779M->658M(854M) 987.944ms
[40.144s][info][gc,cpu         ] GC(81) User=1.95s Sys=0.01s Real=0.99s
[40.269s][info][gc,start       ] GC(82) Pause Full (Allocation Failure)
[40.269s][info][gc,phases,start] GC(82) Marking Phase
[40.782s][info][gc,phases      ] GC(82) Marking Phase 513.342ms
[40.782s][info][gc,phases,start] GC(82) Summary Phase
[40.782s][info][gc,phases      ] GC(82) Summary Phase 0.025ms
[40.782s][info][gc,phases,start] GC(82) Forward
[40.805s][info][gc,phases      ] GC(82) Forward 23.002ms
[40.805s][info][gc,phases,start] GC(82) Adjust Pointers
[41.161s][info][gc,phases      ] GC(82) Adjust Pointers 355.456ms
[41.161s][info][gc,phases,start] GC(82) Compaction Phase
[41.310s][info][gc,phases      ] GC(82) Compaction Phase 148.692ms
[41.311s][info][gc,phases,start] GC(82) Post Compact
[41.313s][info][gc,phases      ] GC(82) Post Compact 2.316ms
[41.313s][info][gc,heap        ] GC(82) PSYoungGen: 131072K(206848K)->10901K(239616K) Eden: 131072K(131072K)->10901K(131072K) From: 0K(75776K)->0K(108544K)
[41.313s][info][gc,heap        ] GC(82) ParOldGen: 667584K(667648K)->667584K(667648K)
[41.313s][info][gc,metaspace   ] GC(82) Metaspace: 17315K(17472K)->17315K(17472K) NonClass: 15515K(15616K)->15515K(15616K) Class: 1799K(1856K)->1799K(1856K)
[41.313s][info][gc             ] GC(82) Pause Full (Allocation Failure) 779M->662M(886M) 1044.612ms
[41.314s][info][gc,cpu         ] GC(82) User=2.05s Sys=0.00s Real=1.04s
[41.470s][info][gc,start       ] GC(83) Pause Full (Allocation Failure)
[41.470s][info][gc,phases,start] GC(83) Marking Phase
[41.869s][info][gc,phases      ] GC(83) Marking Phase 399.212ms
[41.869s][info][gc,phases,start] GC(83) Summary Phase
[41.869s][info][gc,phases      ] GC(83) Summary Phase 0.026ms
[41.869s][info][gc,phases,start] GC(83) Forward
[41.988s][info][gc,phases      ] GC(83) Forward 118.725ms
[41.988s][info][gc,phases,start] GC(83) Adjust Pointers
[42.291s][info][gc,phases      ] GC(83) Adjust Pointers 302.447ms
[42.291s][info][gc,phases,start] GC(83) Compaction Phase
[42.470s][info][gc,phases      ] GC(83) Compaction Phase 179.426ms
[42.482s][info][gc,phases,start] GC(83) Post Compact
[42.484s][info][gc,phases      ] GC(83) Post Compact 2.351ms
[42.484s][info][gc,heap        ] GC(83) PSYoungGen: 131072K(239616K)->0K(206848K) Eden: 131072K(131072K)->0K(131072K) From: 0K(108544K)->0K(75776K)
[42.484s][info][gc,heap        ] GC(83) ParOldGen: 667584K(667648K)->555667K(667648K)
[42.484s][info][gc,metaspace   ] GC(83) Metaspace: 17315K(17472K)->17315K(17472K) NonClass: 15515K(15616K)->15515K(15616K) Class: 1799K(1856K)->1799K(1856K)
[42.484s][info][gc             ] GC(83) Pause Full (Allocation Failure) 779M->542M(854M) 1014.485ms
[42.484s][info][gc,cpu         ] GC(83) User=1.94s Sys=0.00s Real=1.01s
[42.698s][info][gc,start       ] GC(84) Pause Young (Allocation Failure)
[42.723s][info][gc,heap        ] GC(84) PSYoungGen: 131072K(206848K)->19632K(227840K) Eden: 131072K(131072K)->0K(119296K) From: 0K(75776K)->19632K(108544K)
[42.723s][info][gc,heap        ] GC(84) ParOldGen: 555667K(667648K)->555667K(667648K)
[42.723s][info][gc,metaspace   ] GC(84) Metaspace: 17315K(17472K)->17315K(17472K) NonClass: 15516K(15616K)->15516K(15616K) Class: 1799K(1856K)->1799K(1856K)
[42.723s][info][gc             ] GC(84) Pause Young (Allocation Failure) 670M->561M(874M) 25.698ms
[42.723s][info][gc,cpu         ] GC(84) User=0.05s Sys=0.00s Real=0.02s
[43.061s][info][gc,start       ] GC(85) Pause Young (Allocation Failure)
[43.091s][info][gc,heap        ] GC(85) PSYoungGen: 138928K(227840K)->24284K(143872K) Eden: 119296K(119296K)->0K(119296K) From: 19632K(108544K)->24284K(24576K)
[43.091s][info][gc,heap        ] GC(85) ParOldGen: 555667K(667648K)->555667K(667648K)
[43.091s][info][gc,metaspace   ] GC(85) Metaspace: 17328K(17472K)->17328K(17472K) NonClass: 15528K(15616K)->15528K(15616K) Class: 1800K(1856K)->1800K(1856K)
[43.091s][info][gc             ] GC(85) Pause Young (Allocation Failure) 678M->566M(792M) 29.723ms
[43.091s][info][gc,cpu         ] GC(85) User=0.05s Sys=0.00s Real=0.03s
[43.352s][info][gc,start       ] GC(86) Pause Young (Allocation Failure)
[43.397s][info][gc,heap        ] GC(86) PSYoungGen: 143580K(143872K)->35019K(218624K) Eden: 119296K(119296K)->0K(123392K) From: 24284K(24576K)->35019K(95232K)
[43.397s][info][gc,heap        ] GC(86) ParOldGen: 555667K(667648K)->555667K(667648K)
[43.397s][info][gc,metaspace   ] GC(86) Metaspace: 17336K(17472K)->17336K(17472K) NonClass: 15535K(15616K)->15535K(15616K) Class: 1800K(1856K)->1800K(1856K)
[43.397s][info][gc             ] GC(86) Pause Young (Allocation Failure) 682M->576M(865M) 44.155ms
[43.397s][info][gc,cpu         ] GC(86) User=0.09s Sys=0.01s Real=0.05s
[43.578s][info][gc,start       ] GC(87) Pause Young (Allocation Failure)
[43.620s][info][gc,heap        ] GC(87) PSYoungGen: 158411K(218624K)->35516K(159232K) Eden: 123392K(123392K)->0K(123392K) From: 35019K(95232K)->35516K(35840K)
[43.620s][info][gc,heap        ] GC(87) ParOldGen: 555667K(667648K)->555667K(667648K)
[43.620s][info][gc,metaspace   ] GC(87) Metaspace: 17362K(17472K)->17362K(17472K) NonClass: 15560K(15616K)->15560K(15616K) Class: 1801K(1856K)->1801K(1856K)
[43.620s][info][gc             ] GC(87) Pause Young (Allocation Failure) 697M->577M(807M) 41.928ms
[43.620s][info][gc,cpu         ] GC(87) User=0.08s Sys=0.00s Real=0.04s
[43.883s][info][gc,start       ] GC(88) Pause Young (Allocation Failure)
[43.928s][info][gc,heap        ] GC(88) PSYoungGen: 158908K(159232K)->51211K(219136K) Eden: 123392K(123392K)->0K(128000K) From: 35516K(35840K)->51211K(91136K)
[43.929s][info][gc,heap        ] GC(88) ParOldGen: 555667K(667648K)->555667K(667648K)
[43.929s][info][gc,metaspace   ] GC(88) Metaspace: 17391K(17600K)->17391K(17600K) NonClass: 15586K(15744K)->15586K(15744K) Class: 1805K(1856K)->1805K(1856K)
[43.929s][info][gc             ] GC(88) Pause Young (Allocation Failure) 697M->592M(866M) 45.423ms
[43.929s][info][gc,cpu         ] GC(88) User=0.09s Sys=0.00s Real=0.05s
[44.161s][info][gc,start       ] GC(89) Pause Young (Allocation Failure)
[44.231s][info][gc,heap        ] GC(89) PSYoungGen: 179211K(219136K)->60540K(219136K) Eden: 128000K(128000K)->0K(128000K) From: 51211K(91136K)->60540K(91136K)
[44.231s][info][gc,heap        ] GC(89) ParOldGen: 555667K(667648K)->555667K(667648K)
[44.231s][info][gc,metaspace   ] GC(89) Metaspace: 17399K(17600K)->17399K(17600K) NonClass: 15594K(15744K)->15594K(15744K) Class: 1805K(1856K)->1805K(1856K)
[44.231s][info][gc             ] GC(89) Pause Young (Allocation Failure) 717M->601M(866M) 70.225ms
[44.231s][info][gc,cpu         ] GC(89) User=0.14s Sys=0.00s Real=0.07s
[44.513s][info][gc,start       ] GC(90) Pause Young (Allocation Failure)
[44.577s][info][gc,heap        ] GC(90) PSYoungGen: 188540K(219136K)->64475K(223744K) Eden: 128000K(128000K)->0K(130048K) From: 60540K(91136K)->64475K(93696K)
[44.577s][info][gc,heap        ] GC(90) ParOldGen: 555667K(667648K)->555667K(667648K)
[44.577s][info][gc,metaspace   ] GC(90) Metaspace: 17411K(17600K)->17411K(17600K) NonClass: 15606K(15744K)->15606K(15744K) Class: 1805K(1856K)->1805K(1856K)
[44.577s][info][gc             ] GC(90) Pause Young (Allocation Failure) 726M->605M(870M) 64.562ms
[44.577s][info][gc,cpu         ] GC(90) User=0.13s Sys=0.00s Real=0.07s
[45.071s][info][gc,start       ] GC(91) Pause Young (Allocation Failure)
[45.170s][info][gc,heap        ] GC(91) PSYoungGen: 194523K(223744K)->64588K(226816K) Eden: 130048K(130048K)->0K(130048K) From: 64475K(93696K)->64588K(96768K)
[45.170s][info][gc,heap        ] GC(91) ParOldGen: 555667K(667648K)->555667K(667648K)
[45.170s][info][gc,metaspace   ] GC(91) Metaspace: 17433K(17600K)->17433K(17600K) NonClass: 15628K(15744K)->15628K(15744K) Class: 1805K(1856K)->1805K(1856K)
[45.170s][info][gc             ] GC(91) Pause Young (Allocation Failure) 732M->605M(873M) 99.110ms
[45.170s][info][gc,cpu         ] GC(91) User=0.20s Sys=0.00s Real=0.10s
[45.408s][info][gc,start       ] GC(92) Pause Young (Allocation Failure)
[45.497s][info][gc,heap        ] GC(92) PSYoungGen: 194636K(226816K)->78348K(221184K) Eden: 130048K(130048K)->0K(121856K) From: 64588K(96768K)->78348K(99328K)
[45.497s][info][gc,heap        ] GC(92) ParOldGen: 555667K(667648K)->555667K(667648K)
[45.497s][info][gc,metaspace   ] GC(92) Metaspace: 17439K(17600K)->17439K(17600K) NonClass: 15634K(15744K)->15634K(15744K) Class: 1805K(1856K)->1805K(1856K)
[45.497s][info][gc             ] GC(92) Pause Young (Allocation Failure) 732M->619M(868M) 89.034ms
[45.497s][info][gc,cpu         ] GC(92) User=0.17s Sys=0.00s Real=0.09s
[45.711s][info][gc,start       ] GC(93) Pause Young (Allocation Failure)
[45.789s][info][gc,heap        ] GC(93) PSYoungGen: 200204K(221184K)->81483K(203776K) Eden: 121856K(121856K)->0K(121856K) From: 78348K(99328K)->81483K(81920K)
[45.790s][info][gc,heap        ] GC(93) ParOldGen: 555667K(667648K)->555667K(667648K)
[45.790s][info][gc,metaspace   ] GC(93) Metaspace: 17440K(17600K)->17440K(17600K) NonClass: 15635K(15744K)->15635K(15744K) Class: 1805K(1856K)->1805K(1856K)
[45.790s][info][gc             ] GC(93) Pause Young (Allocation Failure) 738M->622M(851M) 79.050ms
[45.790s][info][gc,cpu         ] GC(93) User=0.16s Sys=0.00s Real=0.08s
[45.945s][info][gc,start       ] GC(94) Pause Young (Allocation Failure)
[46.067s][info][gc,heap        ] GC(94) PSYoungGen: 203339K(203776K)->111084K(222720K) Eden: 121856K(121856K)->0K(111616K) From: 81483K(81920K)->111084K(111104K)
[46.067s][info][gc,heap        ] GC(94) ParOldGen: 555667K(667648K)->565174K(667648K)
[46.067s][info][gc,metaspace   ] GC(94) Metaspace: 17440K(17600K)->17440K(17600K) NonClass: 15635K(15744K)->15635K(15744K) Class: 1805K(1856K)->1805K(1856K)
[46.067s][info][gc             ] GC(94) Pause Young (Allocation Failure) 741M->660M(869M) 121.257ms
[46.067s][info][gc,cpu         ] GC(94) User=0.22s Sys=0.01s Real=0.13s
[46.192s][info][gc,start       ] GC(95) Pause Young (Allocation Failure)
[46.321s][info][gc,heap        ] GC(95) PSYoungGen: 222700K(222720K)->111083K(222720K) Eden: 111616K(111616K)->0K(111616K) From: 111084K(111104K)->111083K(111104K)
[46.321s][info][gc,heap        ] GC(95) ParOldGen: 565174K(667648K)->602670K(667648K)
[46.321s][info][gc,metaspace   ] GC(95) Metaspace: 17440K(17600K)->17440K(17600K) NonClass: 15635K(15744K)->15635K(15744K) Class: 1805K(1856K)->1805K(1856K)
[46.321s][info][gc             ] GC(95) Pause Young (Allocation Failure) 769M->697M(869M) 129.266ms
[46.321s][info][gc,cpu         ] GC(95) User=0.26s Sys=0.00s Real=0.13s
[46.602s][info][gc,start       ] GC(96) Pause Young (Allocation Failure)
[46.713s][info][gc,heap        ] GC(96) PSYoungGen: 222699K(222720K)->109248K(222720K) Eden: 111616K(111616K)->0K(111616K) From: 111083K(111104K)->109248K(111104K)
[46.713s][info][gc,heap        ] GC(96) ParOldGen: 602670K(667648K)->607898K(667648K)
[46.713s][info][gc,metaspace   ] GC(96) Metaspace: 17440K(17600K)->17440K(17600K) NonClass: 15635K(15744K)->15635K(15744K) Class: 1805K(1856K)->1805K(1856K)
[46.713s][info][gc             ] GC(96) Pause Young (Allocation Failure) 806M->700M(869M) 110.604ms
[46.713s][info][gc,cpu         ] GC(96) User=0.22s Sys=0.00s Real=0.11s
[46.998s][info][gc,start       ] GC(97) Pause Young (Allocation Failure)
[47.119s][info][gc,heap        ] GC(97) PSYoungGen: 220864K(222720K)->93184K(222720K) Eden: 111616K(111616K)->0K(111616K) From: 109248K(111104K)->93184K(111104K)
[47.119s][info][gc,heap        ] GC(97) ParOldGen: 607898K(667648K)->628162K(667648K)
[47.119s][info][gc,metaspace   ] GC(97) Metaspace: 17441K(17600K)->17441K(17600K) NonClass: 15636K(15744K)->15636K(15744K) Class: 1805K(1856K)->1805K(1856K)
[47.119s][info][gc             ] GC(97) Pause Young (Allocation Failure) 809M->704M(869M) 121.165ms
[47.119s][info][gc,cpu         ] GC(97) User=0.24s Sys=0.00s Real=0.12s
[47.303s][info][gc,start       ] GC(98) Pause Full (Allocation Failure)
[47.304s][info][gc,phases,start] GC(98) Marking Phase
[47.671s][info][gc,phases      ] GC(98) Marking Phase 367.932ms
[47.672s][info][gc,phases,start] GC(98) Summary Phase
[47.672s][info][gc,phases      ] GC(98) Summary Phase 0.029ms
[47.672s][info][gc,phases,start] GC(98) Forward
[47.752s][info][gc,phases      ] GC(98) Forward 80.410ms
[47.752s][info][gc,phases,start] GC(98) Adjust Pointers
[48.025s][info][gc,phases      ] GC(98) Adjust Pointers 272.748ms
[48.025s][info][gc,phases,start] GC(98) Compaction Phase
[48.157s][info][gc,phases      ] GC(98) Compaction Phase 132.530ms
[48.164s][info][gc,phases,start] GC(98) Post Compact
[48.166s][info][gc,phases      ] GC(98) Post Compact 2.430ms
[48.166s][info][gc,heap        ] GC(98) PSYoungGen: 204800K(222720K)->0K(222720K) Eden: 111616K(111616K)->0K(111616K) From: 93184K(111104K)->0K(111104K)
[48.166s][info][gc,heap        ] GC(98) ParOldGen: 628162K(667648K)->521084K(667648K)
[48.166s][info][gc,metaspace   ] GC(98) Metaspace: 17441K(17600K)->17441K(17600K) NonClass: 15636K(15744K)->15636K(15744K) Class: 1805K(1856K)->1805K(1856K)
[48.166s][info][gc             ] GC(98) Pause Full (Allocation Failure) 813M->508M(869M) 862.646ms
[48.166s][info][gc,cpu         ] GC(98) User=1.65s Sys=0.00s Real=0.86s
[48.306s][info][gc,start       ] GC(99) Pause Young (Allocation Failure)
[48.328s][info][gc,heap        ] GC(99) PSYoungGen: 111616K(222720K)->18144K(222720K) Eden: 111616K(111616K)->0K(111616K) From: 0K(111104K)->18144K(111104K)
[48.328s][info][gc,heap        ] GC(99) ParOldGen: 521084K(667648K)->521084K(667648K)
[48.328s][info][gc,metaspace   ] GC(99) Metaspace: 17441K(17600K)->17441K(17600K) NonClass: 15636K(15744K)->15636K(15744K) Class: 1805K(1856K)->1805K(1856K)
[48.328s][info][gc             ] GC(99) Pause Young (Allocation Failure) 617M->526M(869M) 22.524ms
[48.328s][info][gc,cpu         ] GC(99) User=0.04s Sys=0.00s Real=0.03s
[48.443s][info][gc,start       ] GC(100) Pause Young (Allocation Failure)
[48.478s][info][gc,heap        ] GC(100) PSYoungGen: 129760K(222720K)->22368K(222720K) Eden: 111616K(111616K)->0K(111616K) From: 18144K(111104K)->22368K(111104K)
[48.478s][info][gc,heap        ] GC(100) ParOldGen: 521084K(667648K)->521084K(667648K)
[48.478s][info][gc,metaspace   ] GC(100) Metaspace: 17441K(17600K)->17441K(17600K) NonClass: 15636K(15744K)->15636K(15744K) Class: 1805K(1856K)->1805K(1856K)
[48.478s][info][gc             ] GC(100) Pause Young (Allocation Failure) 635M->530M(869M) 34.476ms
[48.478s][info][gc,cpu         ] GC(100) User=0.07s Sys=0.00s Real=0.04s
[48.590s][info][gc,start       ] GC(101) Pause Young (Allocation Failure)
[48.618s][info][gc,heap        ] GC(101) PSYoungGen: 133984K(222720K)->23040K(222720K) Eden: 111616K(111616K)->0K(111616K) From: 22368K(111104K)->23040K(111104K)
[48.618s][info][gc,heap        ] GC(101) ParOldGen: 521084K(667648K)->521084K(667648K)
[48.618s][info][gc,metaspace   ] GC(101) Metaspace: 17441K(17600K)->17441K(17600K) NonClass: 15636K(15744K)->15636K(15744K) Class: 1805K(1856K)->1805K(1856K)
[48.618s][info][gc             ] GC(101) Pause Young (Allocation Failure) 639M->531M(869M) 27.456ms
[48.618s][info][gc,cpu         ] GC(101) User=0.05s Sys=0.00s Real=0.03s
[48.732s][info][gc,start       ] GC(102) Pause Young (Allocation Failure)
[48.761s][info][gc,heap        ] GC(102) PSYoungGen: 134656K(222720K)->26176K(222720K) Eden: 111616K(111616K)->0K(111616K) From: 23040K(111104K)->26176K(111104K)
[48.761s][info][gc,heap        ] GC(102) ParOldGen: 521084K(667648K)->521084K(667648K)
[48.761s][info][gc,metaspace   ] GC(102) Metaspace: 17441K(17600K)->17441K(17600K) NonClass: 15636K(15744K)->15636K(15744K) Class: 1805K(1856K)->1805K(1856K)
[48.761s][info][gc             ] GC(102) Pause Young (Allocation Failure) 640M->534M(869M) 29.150ms
[48.761s][info][gc,cpu         ] GC(102) User=0.06s Sys=0.00s Real=0.03s
[48.891s][info][gc,start       ] GC(103) Pause Young (Allocation Failure)
[48.923s][info][gc,heap        ] GC(103) PSYoungGen: 137792K(222720K)->9872K(222720K) Eden: 111616K(111616K)->0K(111616K) From: 26176K(111104K)->9872K(111104K)
[48.923s][info][gc,heap        ] GC(103) ParOldGen: 521084K(667648K)->539276K(667648K)
[48.923s][info][gc,metaspace   ] GC(103) Metaspace: 17442K(17600K)->17442K(17600K) NonClass: 15637K(15744K)->15637K(15744K) Class: 1805K(1856K)->1805K(1856K)
[48.923s][info][gc             ] GC(103) Pause Young (Allocation Failure) 643M->536M(869M) 31.707ms
[48.923s][info][gc,cpu         ] GC(103) User=0.06s Sys=0.00s Real=0.03s
[49.039s][info][gc,start       ] GC(104) Pause Young (Allocation Failure)
[49.083s][info][gc,heap        ] GC(104) PSYoungGen: 121488K(222720K)->43872K(222720K) Eden: 111616K(111616K)->0K(111616K) From: 9872K(111104K)->43872K(111104K)
[49.083s][info][gc,heap        ] GC(104) ParOldGen: 539276K(667648K)->544196K(667648K)
[49.083s][info][gc,metaspace   ] GC(104) Metaspace: 17442K(17600K)->17442K(17600K) NonClass: 15637K(15744K)->15637K(15744K) Class: 1805K(1856K)->1805K(1856K)
[49.083s][info][gc             ] GC(104) Pause Young (Allocation Failure) 645M->574M(869M) 43.955ms
[49.083s][info][gc,cpu         ] GC(104) User=0.09s Sys=0.00s Real=0.04s
[49.234s][info][gc,start       ] GC(105) Pause Young (Allocation Failure)
[49.278s][info][gc,heap        ] GC(105) PSYoungGen: 155488K(222720K)->53632K(222720K) Eden: 111616K(111616K)->0K(111616K) From: 43872K(111104K)->53632K(111104K)
[49.278s][info][gc,heap        ] GC(105) ParOldGen: 544196K(667648K)->549148K(667648K)
[49.278s][info][gc,metaspace   ] GC(105) Metaspace: 17442K(17600K)->17442K(17600K) NonClass: 15637K(15744K)->15637K(15744K) Class: 1805K(1856K)->1805K(1856K)
[49.278s][info][gc             ] GC(105) Pause Young (Allocation Failure) 683M->588M(869M) 43.804ms
[49.278s][info][gc,cpu         ] GC(105) User=0.08s Sys=0.00s Real=0.05s
[49.469s][info][gc,start       ] GC(106) Pause Young (Allocation Failure)
[49.576s][info][gc,heap        ] GC(106) PSYoungGen: 165248K(222720K)->26720K(222720K) Eden: 111616K(111616K)->0K(111616K) From: 53632K(111104K)->26720K(111104K)
[49.576s][info][gc,heap        ] GC(106) ParOldGen: 549148K(667648K)->603209K(667648K)
[49.576s][info][gc,metaspace   ] GC(106) Metaspace: 17442K(17600K)->17442K(17600K) NonClass: 15637K(15744K)->15637K(15744K) Class: 1805K(1856K)->1805K(1856K)
[49.576s][info][gc             ] GC(106) Pause Young (Allocation Failure) 697M->615M(869M) 106.600ms
[49.576s][info][gc,cpu         ] GC(106) User=0.21s Sys=0.01s Real=0.10s
[49.849s][info][gc,start       ] GC(107) Pause Young (Allocation Failure)
[49.889s][info][gc,heap        ] GC(107) PSYoungGen: 138336K(222720K)->3008K(222720K) Eden: 111616K(111616K)->0K(111616K) From: 26720K(111104K)->3008K(111104K)
[49.889s][info][gc,heap        ] GC(107) ParOldGen: 603209K(667648K)->629978K(667648K)
[49.889s][info][gc,metaspace   ] GC(107) Metaspace: 17442K(17600K)->17442K(17600K) NonClass: 15637K(15744K)->15637K(15744K) Class: 1805K(1856K)->1805K(1856K)
[49.889s][info][gc             ] GC(107) Pause Young (Allocation Failure) 724M->618M(869M) 39.312ms
[49.889s][info][gc,cpu         ] GC(107) User=0.07s Sys=0.00s Real=0.04s
[50.076s][info][gc,start       ] GC(108) Pause Full (Allocation Failure)
[50.076s][info][gc,phases,start] GC(108) Marking Phase
[50.392s][info][gc,phases      ] GC(108) Marking Phase 316.167ms
[50.392s][info][gc,phases,start] GC(108) Summary Phase
[50.393s][info][gc,phases      ] GC(108) Summary Phase 0.028ms
[50.393s][info][gc,phases,start] GC(108) Forward
[50.506s][info][gc,phases      ] GC(108) Forward 113.044ms
[50.506s][info][gc,phases,start] GC(108) Adjust Pointers
[50.755s][info][gc,phases      ] GC(108) Adjust Pointers 249.676ms
[50.755s][info][gc,phases,start] GC(108) Compaction Phase
[50.894s][info][gc,phases      ] GC(108) Compaction Phase 138.130ms
[50.903s][info][gc,phases,start] GC(108) Post Compact
[50.905s][info][gc,phases      ] GC(108) Post Compact 2.272ms
[50.905s][info][gc,heap        ] GC(108) PSYoungGen: 114624K(222720K)->0K(222720K) Eden: 111616K(111616K)->0K(111616K) From: 3008K(111104K)->0K(111104K)
[50.905s][info][gc,heap        ] GC(108) ParOldGen: 629978K(667648K)->470662K(667648K)
[50.905s][info][gc,metaspace   ] GC(108) Metaspace: 17443K(17600K)->17443K(17600K) NonClass: 15637K(15744K)->15637K(15744K) Class: 1805K(1856K)->1805K(1856K)
[50.905s][info][gc             ] GC(108) Pause Full (Allocation Failure) 727M->459M(869M) 828.879ms
[50.905s][info][gc,cpu         ] GC(108) User=1.54s Sys=0.00s Real=0.83s
[51.014s][info][gc,start       ] GC(109) Pause Young (Allocation Failure)
[51.027s][info][gc,heap        ] GC(109) PSYoungGen: 111616K(222720K)->8960K(222720K) Eden: 111616K(111616K)->0K(111616K) From: 0K(111104K)->8960K(111104K)
[51.027s][info][gc,heap        ] GC(109) ParOldGen: 470662K(667648K)->470662K(667648K)
[51.027s][info][gc,metaspace   ] GC(109) Metaspace: 17443K(17600K)->17443K(17600K) NonClass: 15637K(15744K)->15637K(15744K) Class: 1805K(1856K)->1805K(1856K)
[51.027s][info][gc             ] GC(109) Pause Young (Allocation Failure) 568M->468M(869M) 12.311ms
[51.027s][info][gc,cpu         ] GC(109) User=0.03s Sys=0.00s Real=0.02s
[51.140s][info][gc,start       ] GC(110) Pause Young (Allocation Failure)
[51.155s][info][gc,heap        ] GC(110) PSYoungGen: 120576K(222720K)->3072K(222720K) Eden: 111616K(111616K)->0K(111616K) From: 8960K(111104K)->3072K(111104K)
[51.155s][info][gc,heap        ] GC(110) ParOldGen: 470662K(667648K)->479614K(667648K)
[51.155s][info][gc,metaspace   ] GC(110) Metaspace: 17443K(17600K)->17443K(17600K) NonClass: 15637K(15744K)->15637K(15744K) Class: 1805K(1856K)->1805K(1856K)
[51.155s][info][gc             ] GC(110) Pause Young (Allocation Failure) 577M->471M(869M) 15.513ms
[51.155s][info][gc,cpu         ] GC(110) User=0.03s Sys=0.00s Real=0.01s
[51.337s][info][gc,start       ] GC(111) Pause Young (Allocation Failure)
[51.358s][info][gc,heap        ] GC(111) PSYoungGen: 114688K(222720K)->10304K(222720K) Eden: 111616K(111616K)->0K(111616K) From: 3072K(111104K)->10304K(111104K)
[51.358s][info][gc,heap        ] GC(111) ParOldGen: 479614K(667648K)->482406K(667648K)
[51.358s][info][gc,metaspace   ] GC(111) Metaspace: 17443K(17600K)->17443K(17600K) NonClass: 15637K(15744K)->15637K(15744K) Class: 1805K(1856K)->1805K(1856K)
[51.358s][info][gc             ] GC(111) Pause Young (Allocation Failure) 580M->481M(869M) 21.598ms
[51.358s][info][gc,cpu         ] GC(111) User=0.04s Sys=0.00s Real=0.02s
[51.652s][info][gc,start       ] GC(112) Pause Young (Allocation Failure)
[51.672s][info][gc,heap        ] GC(112) PSYoungGen: 121920K(222720K)->5440K(222720K) Eden: 111616K(111616K)->0K(111616K) From: 10304K(111104K)->5440K(111104K)
[51.672s][info][gc,heap        ] GC(112) ParOldGen: 482406K(667648K)->492693K(667648K)
[51.672s][info][gc,metaspace   ] GC(112) Metaspace: 17444K(17600K)->17444K(17600K) NonClass: 15639K(15744K)->15639K(15744K) Class: 1805K(1856K)->1805K(1856K)
[51.672s][info][gc             ] GC(112) Pause Young (Allocation Failure) 590M->486M(869M) 19.357ms
[51.672s][info][gc,cpu         ] GC(112) User=0.04s Sys=0.00s Real=0.02s
[51.961s][info][gc,start       ] GC(113) Pause Young (Allocation Failure)
[51.968s][info][gc,heap        ] GC(113) PSYoungGen: 117056K(222720K)->64K(222720K) Eden: 111616K(111616K)->0K(111616K) From: 5440K(111104K)->64K(111104K)
[51.968s][info][gc,heap        ] GC(113) ParOldGen: 492693K(667648K)->498064K(667648K)
[51.968s][info][gc,metaspace   ] GC(113) Metaspace: 17444K(17600K)->17444K(17600K) NonClass: 15639K(15744K)->15639K(15744K) Class: 1805K(1856K)->1805K(1856K)
[51.968s][info][gc             ] GC(113) Pause Young (Allocation Failure) 595M->486M(869M) 7.487ms
[51.968s][info][gc,cpu         ] GC(113) User=0.02s Sys=0.00s Real=0.01s
[52.223s][info][gc,start       ] GC(114) Pause Young (Allocation Failure)
[52.225s][info][gc,heap        ] GC(114) PSYoungGen: 111680K(222720K)->64K(222720K) Eden: 111616K(111616K)->0K(111616K) From: 64K(111104K)->64K(111104K)
[52.225s][info][gc,heap        ] GC(114) ParOldGen: 498064K(667648K)->498107K(667648K)
[52.225s][info][gc,metaspace   ] GC(114) Metaspace: 17444K(17600K)->17444K(17600K) NonClass: 15639K(15744K)->15639K(15744K) Class: 1805K(1856K)->1805K(1856K)
[52.225s][info][gc             ] GC(114) Pause Young (Allocation Failure) 595M->486M(869M) 1.796ms
[52.225s][info][gc,cpu         ] GC(114) User=0.01s Sys=0.00s Real=0.00s
[52.509s][info][gc,start       ] GC(115) Pause Young (Allocation Failure)
[52.512s][info][gc,heap        ] GC(115) PSYoungGen: 111680K(222720K)->64K(112128K) Eden: 111616K(111616K)->0K(111616K) From: 64K(111104K)->64K(512K)
[52.512s][info][gc,heap        ] GC(115) ParOldGen: 498107K(667648K)->498107K(667648K)
[52.512s][info][gc,metaspace   ] GC(115) Metaspace: 17445K(17600K)->17445K(17600K) NonClass: 15639K(15744K)->15639K(15744K) Class: 1805K(1856K)->1805K(1856K)
[52.512s][info][gc             ] GC(115) Pause Young (Allocation Failure) 595M->486M(761M) 2.542ms
[52.512s][info][gc,cpu         ] GC(115) User=0.00s Sys=0.00s Real=0.00s
[52.765s][info][gc,start       ] GC(116) Pause Young (Allocation Failure)
[52.773s][info][gc,heap        ] GC(116) PSYoungGen: 111680K(112128K)->1072K(214016K) Eden: 111616K(111616K)->0K(114176K) From: 64K(512K)->1072K(99840K)
[52.774s][info][gc,heap        ] GC(116) ParOldGen: 498107K(667648K)->498107K(667648K)
[52.774s][info][gc,metaspace   ] GC(116) Metaspace: 17445K(17600K)->17445K(17600K) NonClass: 15639K(15744K)->15639K(15744K) Class: 1805K(1856K)->1805K(1856K)
[52.774s][info][gc             ] GC(116) Pause Young (Allocation Failure) 595M->487M(861M) 8.888ms
[52.774s][info][gc,cpu         ] GC(116) User=0.02s Sys=0.00s Real=0.01s
[52.877s][info][gc,start       ] GC(117) Pause Young (Allocation Failure)
[52.912s][info][gc,heap        ] GC(117) PSYoungGen: 115248K(214016K)->39408K(216064K) Eden: 114176K(114176K)->0K(114176K) From: 1072K(99840K)->39408K(101888K)
[52.912s][info][gc,heap        ] GC(117) ParOldGen: 498107K(667648K)->498107K(667648K)
[52.912s][info][gc,metaspace   ] GC(117) Metaspace: 17445K(17600K)->17445K(17600K) NonClass: 15639K(15744K)->15639K(15744K) Class: 1805K(1856K)->1805K(1856K)
[52.912s][info][gc             ] GC(117) Pause Young (Allocation Failure) 598M->524M(863M) 35.087ms
[52.912s][info][gc,cpu         ] GC(117) User=0.07s Sys=0.00s Real=0.03s
[53.123s][info][gc,start       ] GC(118) Pause Young (Allocation Failure)
[53.171s][info][gc,heap        ] GC(118) PSYoungGen: 153584K(216064K)->73088K(208896K) Eden: 114176K(114176K)->0K(108032K) From: 39408K(101888K)->73088K(100864K)
[53.171s][info][gc,heap        ] GC(118) ParOldGen: 498107K(667648K)->498107K(667648K)
[53.171s][info][gc,metaspace   ] GC(118) Metaspace: 17445K(17600K)->17445K(17600K) NonClass: 15639K(15744K)->15639K(15744K) Class: 1805K(1856K)->1805K(1856K)
[53.171s][info][gc             ] GC(118) Pause Young (Allocation Failure) 636M->557M(856M) 48.443ms
[53.171s][info][gc,cpu         ] GC(118) User=0.09s Sys=0.00s Real=0.05s
[53.331s][info][gc,start       ] GC(119) Pause Young (Allocation Failure)
[53.391s][info][gc,heap        ] GC(119) PSYoungGen: 181120K(208896K)->75440K(219136K) Eden: 108032K(108032K)->0K(108032K) From: 73088K(100864K)->75440K(111104K)
[53.391s][info][gc,heap        ] GC(119) ParOldGen: 498107K(667648K)->498123K(667648K)
[53.391s][info][gc,metaspace   ] GC(119) Metaspace: 17445K(17600K)->17445K(17600K) NonClass: 15639K(15744K)->15639K(15744K) Class: 1805K(1856K)->1805K(1856K)
[53.391s][info][gc             ] GC(119) Pause Young (Allocation Failure) 663M->560M(866M) 60.032ms
[53.391s][info][gc,cpu         ] GC(119) User=0.12s Sys=0.00s Real=0.06s
[53.623s][info][gc,start       ] GC(120) Pause Young (Allocation Failure)
[53.709s][info][gc,heap        ] GC(120) PSYoungGen: 183472K(219136K)->55552K(222720K) Eden: 108032K(108032K)->0K(111616K) From: 75440K(111104K)->55552K(111104K)
[53.709s][info][gc,heap        ] GC(120) ParOldGen: 498123K(667648K)->537942K(667648K)
[53.709s][info][gc,metaspace   ] GC(120) Metaspace: 17446K(17600K)->17446K(17600K) NonClass: 15641K(15744K)->15641K(15744K) Class: 1805K(1856K)->1805K(1856K)
[53.709s][info][gc             ] GC(120) Pause Young (Allocation Failure) 665M->579M(869M) 85.942ms
[53.709s][info][gc,cpu         ] GC(120) User=0.17s Sys=0.00s Real=0.09s
[53.913s][info][gc,start       ] GC(121) Pause Young (Allocation Failure)
[53.976s][info][gc,heap        ] GC(121) PSYoungGen: 167168K(222720K)->19456K(222720K) Eden: 111616K(111616K)->0K(111616K) From: 55552K(111104K)->19456K(111104K)
[53.977s][info][gc,heap        ] GC(121) ParOldGen: 537942K(667648K)->574381K(667648K)
[53.977s][info][gc,metaspace   ] GC(121) Metaspace: 17448K(17600K)->17448K(17600K) NonClass: 15642K(15744K)->15642K(15744K) Class: 1805K(1856K)->1805K(1856K)
[53.977s][info][gc             ] GC(121) Pause Young (Allocation Failure) 688M->579M(869M) 63.804ms
[53.977s][info][gc,cpu         ] GC(121) User=0.12s Sys=0.00s Real=0.07s
[54.170s][info][gc,start       ] GC(122) Pause Young (Allocation Failure)
[54.206s][info][gc,heap        ] GC(122) PSYoungGen: 131072K(222720K)->64K(222720K) Eden: 111616K(111616K)->0K(111616K) From: 19456K(111104K)->64K(111104K)
[54.206s][info][gc,heap        ] GC(122) ParOldGen: 574381K(667648K)->593877K(667648K)
[54.206s][info][gc,metaspace   ] GC(122) Metaspace: 17448K(17600K)->17448K(17600K) NonClass: 15643K(15744K)->15643K(15744K) Class: 1805K(1856K)->1805K(1856K)
[54.206s][info][gc             ] GC(122) Pause Young (Allocation Failure) 688M->580M(869M) 36.563ms
[54.206s][info][gc,cpu         ] GC(122) User=0.07s Sys=0.00s Real=0.03s
[54.374s][info][gc,start       ] GC(123) Pause Young (Allocation Failure)
[54.377s][info][gc,heap        ] GC(123) PSYoungGen: 111680K(222720K)->713K(112640K) Eden: 111616K(111616K)->0K(111616K) From: 64K(111104K)->713K(1024K)
[54.377s][info][gc,heap        ] GC(123) ParOldGen: 593877K(667648K)->593901K(667648K)
[54.377s][info][gc,metaspace   ] GC(123) Metaspace: 17448K(17600K)->17448K(17600K) NonClass: 15643K(15744K)->15643K(15744K) Class: 1805K(1856K)->1805K(1856K)
[54.377s][info][gc             ] GC(123) Pause Young (Allocation Failure) 689M->580M(762M) 2.745ms
[54.377s][info][gc,cpu         ] GC(123) User=0.01s Sys=0.00s Real=0.01s
[54.517s][info][gc,start       ] GC(124) Pause Young (Allocation Failure)
[54.544s][info][gc,heap        ] GC(124) PSYoungGen: 112329K(112640K)->32361K(219648K) Eden: 111616K(111616K)->0K(117248K) From: 713K(1024K)->32361K(102400K)
[54.544s][info][gc,heap        ] GC(124) ParOldGen: 593901K(667648K)->593901K(667648K)
[54.544s][info][gc,metaspace   ] GC(124) Metaspace: 17453K(17600K)->17453K(17600K) NonClass: 15647K(15744K)->15647K(15744K) Class: 1805K(1856K)->1805K(1856K)
[54.544s][info][gc             ] GC(124) Pause Young (Allocation Failure) 689M->611M(866M) 26.346ms
[54.544s][info][gc,cpu         ] GC(124) User=0.05s Sys=0.00s Real=0.02s
[54.617s][info][gc,start       ] GC(125) Pause Young (Allocation Failure)
[54.662s][info][gc,heap        ] GC(125) PSYoungGen: 149609K(219648K)->69417K(220160K) Eden: 117248K(117248K)->0K(117248K) From: 32361K(102400K)->69417K(102912K)
[54.662s][info][gc,heap        ] GC(125) ParOldGen: 593901K(667648K)->593901K(667648K)
[54.662s][info][gc,metaspace   ] GC(125) Metaspace: 17460K(17600K)->17460K(17600K) NonClass: 15654K(15744K)->15654K(15744K) Class: 1805K(1856K)->1805K(1856K)
[54.662s][info][gc             ] GC(125) Pause Young (Allocation Failure) 726M->647M(867M) 45.562ms
[54.662s][info][gc,cpu         ] GC(125) User=0.09s Sys=0.00s Real=0.04s
[54.882s][info][gc,start       ] GC(126) Pause Young (Allocation Failure)
[54.928s][info][gc,heap        ] GC(126) PSYoungGen: 186665K(220160K)->74393K(222208K) Eden: 117248K(117248K)->0K(111616K) From: 69417K(102912K)->74393K(110592K)
[54.928s][info][gc,heap        ] GC(126) ParOldGen: 593901K(667648K)->593909K(667648K)
[54.928s][info][gc,metaspace   ] GC(126) Metaspace: 17463K(17600K)->17463K(17600K) NonClass: 15657K(15744K)->15657K(15744K) Class: 1805K(1856K)->1805K(1856K)
[54.928s][info][gc             ] GC(126) Pause Young (Allocation Failure) 762M->652M(869M) 45.800ms
[54.928s][info][gc,cpu         ] GC(126) User=0.09s Sys=0.00s Real=0.05s
[55.030s][info][gc,start       ] GC(127) Pause Young (Allocation Failure)
[55.079s][info][gc,heap        ] GC(127) PSYoungGen: 186009K(222208K)->44288K(222720K) Eden: 111616K(111616K)->0K(111616K) From: 74393K(110592K)->44288K(111104K)
[55.079s][info][gc,heap        ] GC(127) ParOldGen: 593909K(667648K)->626607K(667648K)
[55.079s][info][gc,metaspace   ] GC(127) Metaspace: 17464K(17600K)->17464K(17600K) NonClass: 15658K(15744K)->15658K(15744K) Class: 1805K(1856K)->1805K(1856K)
[55.079s][info][gc             ] GC(127) Pause Young (Allocation Failure) 761M->655M(869M) 48.530ms
[55.079s][info][gc,cpu         ] GC(127) User=0.10s Sys=0.00s Real=0.05s
[55.247s][info][gc,start       ] GC(128) Pause Full (Allocation Failure)
[55.247s][info][gc,phases,start] GC(128) Marking Phase
[55.580s][info][gc,phases      ] GC(128) Marking Phase 333.087ms
[55.581s][info][gc,phases,start] GC(128) Summary Phase
[55.581s][info][gc,phases      ] GC(128) Summary Phase 0.028ms
[55.581s][info][gc,phases,start] GC(128) Forward
[55.692s][info][gc,phases      ] GC(128) Forward 111.612ms
[55.692s][info][gc,phases,start] GC(128) Adjust Pointers
[55.957s][info][gc,phases      ] GC(128) Adjust Pointers 264.381ms
[55.957s][info][gc,phases,start] GC(128) Compaction Phase
[56.111s][info][gc,phases      ] GC(128) Compaction Phase 153.896ms
[56.124s][info][gc,phases,start] GC(128) Post Compact
[56.127s][info][gc,phases      ] GC(128) Post Compact 2.330ms
[56.127s][info][gc,heap        ] GC(128) PSYoungGen: 155904K(222720K)->0K(222720K) Eden: 111616K(111616K)->0K(111616K) From: 44288K(111104K)->0K(111104K)
[56.127s][info][gc,heap        ] GC(128) ParOldGen: 626607K(667648K)->512533K(667648K)
[56.127s][info][gc,metaspace   ] GC(128) Metaspace: 17464K(17600K)->17464K(17600K) NonClass: 15659K(15744K)->15659K(15744K) Class: 1805K(1856K)->1805K(1856K)
[56.127s][info][gc             ] GC(128) Pause Full (Allocation Failure) 764M->500M(869M) 879.348ms
[56.127s][info][gc,cpu         ] GC(128) User=1.65s Sys=0.00s Real=0.88s
[56.260s][info][gc,start       ] GC(129) Pause Young (Allocation Failure)
[56.262s][info][gc,heap        ] GC(129) PSYoungGen: 111616K(222720K)->64K(222720K) Eden: 111616K(111616K)->0K(111616K) From: 0K(111104K)->64K(111104K)
[56.262s][info][gc,heap        ] GC(129) ParOldGen: 512533K(667648K)->512533K(667648K)
[56.262s][info][gc,metaspace   ] GC(129) Metaspace: 17464K(17600K)->17464K(17600K) NonClass: 15659K(15744K)->15659K(15744K) Class: 1805K(1856K)->1805K(1856K)
[56.262s][info][gc             ] GC(129) Pause Young (Allocation Failure) 609M->500M(869M) 1.760ms
[56.262s][info][gc,cpu         ] GC(129) User=0.00s Sys=0.00s Real=0.00s
[56.395s][info][gc,start       ] GC(130) Pause Young (Allocation Failure)
[56.397s][info][gc,heap        ] GC(130) PSYoungGen: 111680K(222720K)->64K(220672K) Eden: 111616K(111616K)->0K(111616K) From: 64K(111104K)->64K(109056K)
[56.397s][info][gc,heap        ] GC(130) ParOldGen: 512533K(667648K)->512549K(667648K)
[56.397s][info][gc,metaspace   ] GC(130) Metaspace: 17464K(17600K)->17464K(17600K) NonClass: 15659K(15744K)->15659K(15744K) Class: 1805K(1856K)->1805K(1856K)
[56.397s][info][gc             ] GC(130) Pause Young (Allocation Failure) 609M->500M(867M) 1.832ms
[56.397s][info][gc,cpu         ] GC(130) User=0.01s Sys=0.00s Real=0.01s
[56.529s][info][gc,start       ] GC(131) Pause Young (Allocation Failure)
[56.531s][info][gc,heap        ] GC(131) PSYoungGen: 111680K(220672K)->64K(221696K) Eden: 111616K(111616K)->0K(111616K) From: 64K(109056K)->64K(110080K)
[56.531s][info][gc,heap        ] GC(131) ParOldGen: 512549K(667648K)->512549K(667648K)
[56.531s][info][gc,metaspace   ] GC(131) Metaspace: 17464K(17600K)->17464K(17600K) NonClass: 15659K(15744K)->15659K(15744K) Class: 1805K(1856K)->1805K(1856K)
[56.531s][info][gc             ] GC(131) Pause Young (Allocation Failure) 609M->500M(868M) 1.828ms
[56.531s][info][gc,cpu         ] GC(131) User=0.00s Sys=0.00s Real=0.00s
[56.660s][info][gc,start       ] GC(132) Pause Young (Allocation Failure)
[56.662s][info][gc,heap        ] GC(132) PSYoungGen: 111680K(221696K)->64K(216576K) Eden: 111616K(111616K)->0K(115712K) From: 64K(110080K)->64K(100864K)
[56.662s][info][gc,heap        ] GC(132) ParOldGen: 512549K(667648K)->512549K(667648K)
[56.662s][info][gc,metaspace   ] GC(132) Metaspace: 17464K(17600K)->17464K(17600K) NonClass: 15659K(15744K)->15659K(15744K) Class: 1805K(1856K)->1805K(1856K)
[56.662s][info][gc             ] GC(132) Pause Young (Allocation Failure) 609M->500M(863M) 1.728ms
[56.662s][info][gc,cpu         ] GC(132) User=0.00s Sys=0.00s Real=0.00s
[56.798s][info][gc,start       ] GC(133) Pause Young (Allocation Failure)
[56.799s][info][gc,heap        ] GC(133) PSYoungGen: 115776K(216576K)->64K(219136K) Eden: 115712K(115712K)->0K(115712K) From: 64K(100864K)->64K(103424K)
[56.799s][info][gc,heap        ] GC(133) ParOldGen: 512549K(667648K)->512549K(667648K)
[56.799s][info][gc,metaspace   ] GC(133) Metaspace: 17464K(17600K)->17464K(17600K) NonClass: 15659K(15744K)->15659K(15744K) Class: 1805K(1856K)->1805K(1856K)
[56.799s][info][gc             ] GC(133) Pause Young (Allocation Failure) 613M->500M(866M) 1.804ms
[56.799s][info][gc,cpu         ] GC(133) User=0.01s Sys=0.00s Real=0.00s
[56.935s][info][gc,start       ] GC(134) Pause Young (Allocation Failure)
[56.938s][info][gc,heap        ] GC(134) PSYoungGen: 115776K(219136K)->64K(209920K) Eden: 115712K(115712K)->0K(118784K) From: 64K(103424K)->64K(91136K)
[56.938s][info][gc,heap        ] GC(134) ParOldGen: 512549K(667648K)->512549K(667648K)
[56.938s][info][gc,metaspace   ] GC(134) Metaspace: 17464K(17600K)->17464K(17600K) NonClass: 15659K(15744K)->15659K(15744K) Class: 1805K(1856K)->1805K(1856K)
[56.938s][info][gc             ] GC(134) Pause Young (Allocation Failure) 613M->500M(857M) 2.333ms
[56.938s][info][gc,cpu         ] GC(134) User=0.00s Sys=0.00s Real=0.01s
[57.050s][info][gc,start       ] GC(135) Pause Young (Allocation Failure)
[57.069s][info][gc,heap        ] GC(135) PSYoungGen: 118848K(209920K)->14944K(134144K) Eden: 118784K(118784K)->0K(118784K) From: 64K(91136K)->14944K(15360K)
[57.069s][info][gc,heap        ] GC(135) ParOldGen: 512549K(667648K)->512549K(667648K)
[57.069s][info][gc,metaspace   ] GC(135) Metaspace: 17466K(17600K)->17466K(17600K) NonClass: 15660K(15744K)->15660K(15744K) Class: 1805K(1856K)->1805K(1856K)
[57.069s][info][gc             ] GC(135) Pause Young (Allocation Failure) 616M->515M(783M) 18.367ms
[57.069s][info][gc,cpu         ] GC(135) User=0.04s Sys=0.00s Real=0.02s
[57.179s][info][gc,start       ] GC(136) Pause Young (Allocation Failure)
[57.214s][info][gc,heap        ] GC(136) PSYoungGen: 133728K(134144K)->33664K(211968K) Eden: 118784K(118784K)->0K(124416K) From: 14944K(15360K)->33664K(87552K)
[57.214s][info][gc,heap        ] GC(136) ParOldGen: 512549K(667648K)->512549K(667648K)
[57.214s][info][gc,metaspace   ] GC(136) Metaspace: 17466K(17600K)->17466K(17600K) NonClass: 15661K(15744K)->15661K(15744K) Class: 1805K(1856K)->1805K(1856K)
[57.214s][info][gc             ] GC(136) Pause Young (Allocation Failure) 631M->533M(859M) 35.331ms
[57.214s][info][gc,cpu         ] GC(136) User=0.07s Sys=0.00s Real=0.03s
[57.316s][info][gc,start       ] GC(137) Pause Young (Allocation Failure)
[57.357s][info][gc,heap        ] GC(137) PSYoungGen: 158080K(211968K)->37632K(211968K) Eden: 124416K(124416K)->0K(124416K) From: 33664K(87552K)->37632K(87552K)
[57.357s][info][gc,heap        ] GC(137) ParOldGen: 512549K(667648K)->512549K(667648K)
[57.357s][info][gc,metaspace   ] GC(137) Metaspace: 17466K(17600K)->17466K(17600K) NonClass: 15661K(15744K)->15661K(15744K) Class: 1805K(1856K)->1805K(1856K)
[57.357s][info][gc             ] GC(137) Pause Young (Allocation Failure) 654M->537M(859M) 40.296ms
[57.357s][info][gc,cpu         ] GC(137) User=0.08s Sys=0.00s Real=0.04s
[57.444s][info][gc,start       ] GC(138) Pause Young (Allocation Failure)
[57.486s][info][gc,heap        ] GC(138) PSYoungGen: 162048K(211968K)->39136K(219136K) Eden: 124416K(124416K)->0K(132096K) From: 37632K(87552K)->39136K(87040K)
[57.486s][info][gc,heap        ] GC(138) ParOldGen: 512549K(667648K)->512549K(667648K)
[57.486s][info][gc,metaspace   ] GC(138) Metaspace: 17466K(17600K)->17466K(17600K) NonClass: 15661K(15744K)->15661K(15744K) Class: 1805K(1856K)->1805K(1856K)
[57.486s][info][gc             ] GC(138) Pause Young (Allocation Failure) 658M->538M(866M) 42.010ms
[57.486s][info][gc,cpu         ] GC(138) User=0.08s Sys=0.00s Real=0.05s
[57.599s][info][gc,start       ] GC(139) Pause Young (Allocation Failure)
[57.640s][info][gc,heap        ] GC(139) PSYoungGen: 171232K(219136K)->39232K(218624K) Eden: 132096K(132096K)->0K(132096K) From: 39136K(87040K)->39232K(86528K)
[57.640s][info][gc,heap        ] GC(139) ParOldGen: 512549K(667648K)->512549K(667648K)
[57.640s][info][gc,metaspace   ] GC(139) Metaspace: 17466K(17600K)->17466K(17600K) NonClass: 15661K(15744K)->15661K(15744K) Class: 1805K(1856K)->1805K(1856K)
[57.640s][info][gc             ] GC(139) Pause Young (Allocation Failure) 667M->538M(865M) 41.367ms
[57.640s][info][gc,cpu         ] GC(139) User=0.08s Sys=0.00s Real=0.04s
[57.757s][info][gc,start       ] GC(140) Pause Young (Allocation Failure)
[57.801s][info][gc,heap        ] GC(140) PSYoungGen: 171328K(218624K)->42880K(227328K) Eden: 132096K(132096K)->0K(141312K) From: 39232K(86528K)->42880K(86016K)
[57.801s][info][gc,heap        ] GC(140) ParOldGen: 512549K(667648K)->512549K(667648K)
[57.801s][info][gc,metaspace   ] GC(140) Metaspace: 17469K(17600K)->17469K(17600K) NonClass: 15663K(15744K)->15663K(15744K) Class: 1805K(1856K)->1805K(1856K)
[57.801s][info][gc             ] GC(140) Pause Young (Allocation Failure) 667M->542M(874M) 44.603ms
[57.801s][info][gc,cpu         ] GC(140) User=0.09s Sys=0.01s Real=0.04s
[57.926s][info][gc,start       ] GC(141) Pause Young (Allocation Failure)
[57.970s][info][gc,heap        ] GC(141) PSYoungGen: 184192K(227328K)->42880K(227840K) Eden: 141312K(141312K)->0K(141312K) From: 42880K(86016K)->42880K(86528K)
[57.971s][info][gc,heap        ] GC(141) ParOldGen: 512549K(667648K)->512549K(667648K)
[57.971s][info][gc,metaspace   ] GC(141) Metaspace: 17469K(17600K)->17469K(17600K) NonClass: 15663K(15744K)->15663K(15744K) Class: 1805K(1856K)->1805K(1856K)
[57.971s][info][gc             ] GC(141) Pause Young (Allocation Failure) 680M->542M(874M) 44.995ms
[57.971s][info][gc,cpu         ] GC(141) User=0.09s Sys=0.00s Real=0.05s
[58.121s][info][gc,start       ] GC(142) Pause Young (Allocation Failure)
[58.179s][info][gc,heap        ] GC(142) PSYoungGen: 184192K(227840K)->58864K(233984K) Eden: 141312K(141312K)->0K(147456K) From: 42880K(86528K)->58864K(86528K)
[58.179s][info][gc,heap        ] GC(142) ParOldGen: 512549K(667648K)->512549K(667648K)
[58.179s][info][gc,metaspace   ] GC(142) Metaspace: 17469K(17600K)->17469K(17600K) NonClass: 15663K(15744K)->15663K(15744K) Class: 1805K(1856K)->1805K(1856K)
[58.179s][info][gc             ] GC(142) Pause Young (Allocation Failure) 680M->558M(880M) 57.436ms
[58.179s][info][gc,cpu         ] GC(142) User=0.11s Sys=0.00s Real=0.06s
[58.288s][info][gc,start       ] GC(143) Pause Young (Allocation Failure)
[58.383s][info][gc,heap        ] GC(143) PSYoungGen: 206320K(233984K)->89056K(236544K) Eden: 147456K(147456K)->0K(147456K) From: 58864K(86528K)->89056K(89088K)
[58.383s][info][gc,heap        ] GC(143) ParOldGen: 512549K(667648K)->512549K(667648K)
[58.383s][info][gc,metaspace   ] GC(143) Metaspace: 17469K(17600K)->17469K(17600K) NonClass: 15663K(15744K)->15663K(15744K) Class: 1805K(1856K)->1805K(1856K)
[58.383s][info][gc             ] GC(143) Pause Young (Allocation Failure) 702M->587M(883M) 94.713ms
[58.383s][info][gc,cpu         ] GC(143) User=0.19s Sys=0.00s Real=0.09s
[58.552s][info][gc,start       ] GC(144) Pause Young (Allocation Failure)
[58.668s][info][gc,heap        ] GC(144) PSYoungGen: 236512K(236544K)->97280K(208896K) Eden: 147456K(147456K)->0K(111616K) From: 89056K(89088K)->97280K(97280K)
[58.668s][info][gc,heap        ] GC(144) ParOldGen: 512549K(667648K)->520973K(667648K)
[58.668s][info][gc,metaspace   ] GC(144) Metaspace: 17469K(17600K)->17469K(17600K) NonClass: 15663K(15744K)->15663K(15744K) Class: 1805K(1856K)->1805K(1856K)
[58.668s][info][gc             ] GC(144) Pause Young (Allocation Failure) 731M->603M(856M) 116.889ms
[58.668s][info][gc,cpu         ] GC(144) User=0.21s Sys=0.02s Real=0.12s
[58.785s][info][gc,start       ] GC(145) Pause Young (Allocation Failure)
[58.881s][info][gc,heap        ] GC(145) PSYoungGen: 208896K(208896K)->98816K(222720K) Eden: 111616K(111616K)->0K(111616K) From: 97280K(97280K)->98816K(111104K)
[58.881s][info][gc,heap        ] GC(145) ParOldGen: 520973K(667648K)->520973K(667648K)
[58.881s][info][gc,metaspace   ] GC(145) Metaspace: 17470K(17600K)->17470K(17600K) NonClass: 15664K(15744K)->15664K(15744K) Class: 1805K(1856K)->1805K(1856K)
[58.881s][info][gc             ] GC(145) Pause Young (Allocation Failure) 712M->605M(869M) 95.580ms
[58.881s][info][gc,cpu         ] GC(145) User=0.19s Sys=0.00s Real=0.10s
[59.011s][info][gc,start       ] GC(146) Pause Young (Allocation Failure)
[59.115s][info][gc,heap        ] GC(146) PSYoungGen: 210432K(222720K)->102608K(222720K) Eden: 111616K(111616K)->0K(111616K) From: 98816K(111104K)->102608K(111104K)
[59.115s][info][gc,heap        ] GC(146) ParOldGen: 520973K(667648K)->520973K(667648K)
[59.115s][info][gc,metaspace   ] GC(146) Metaspace: 17489K(17664K)->17489K(17664K) NonClass: 15684K(15808K)->15684K(15808K) Class: 1805K(1856K)->1805K(1856K)
[59.115s][info][gc             ] GC(146) Pause Young (Allocation Failure) 714M->608M(869M) 104.647ms
[59.115s][info][gc,cpu         ] GC(146) User=0.20s Sys=0.00s Real=0.10s
[59.211s][info][gc,start       ] GC(147) Pause Young (Allocation Failure)
[59.311s][info][gc,heap        ] GC(147) PSYoungGen: 214224K(222720K)->87680K(222720K) Eden: 111616K(111616K)->0K(111616K) From: 102608K(111104K)->87680K(111104K)
[59.311s][info][gc,heap        ] GC(147) ParOldGen: 520973K(667648K)->535949K(667648K)
[59.311s][info][gc,metaspace   ] GC(147) Metaspace: 17490K(17664K)->17490K(17664K) NonClass: 15684K(15808K)->15684K(15808K) Class: 1805K(1856K)->1805K(1856K)
[59.311s][info][gc             ] GC(147) Pause Young (Allocation Failure) 717M->609M(869M) 99.694ms
[59.311s][info][gc,cpu         ] GC(147) User=0.20s Sys=0.00s Real=0.10s
[59.527s][info][gc,start       ] GC(148) Pause Young (Allocation Failure)
[59.624s][info][gc,heap        ] GC(148) PSYoungGen: 199296K(222720K)->74160K(222720K) Eden: 111616K(111616K)->0K(111616K) From: 87680K(111104K)->74160K(111104K)
[59.624s][info][gc,heap        ] GC(148) ParOldGen: 535949K(667648K)->558709K(667648K)
[59.624s][info][gc,metaspace   ] GC(148) Metaspace: 17490K(17664K)->17490K(17664K) NonClass: 15684K(15808K)->15684K(15808K) Class: 1805K(1856K)->1805K(1856K)
[59.624s][info][gc             ] GC(148) Pause Young (Allocation Failure) 718M->618M(869M) 96.935ms
[59.624s][info][gc,cpu         ] GC(148) User=0.19s Sys=0.00s Real=0.09s
[59.758s][info][gc,start       ] GC(149) Pause Young (Allocation Failure)
[59.849s][info][gc,heap        ] GC(149) PSYoungGen: 185776K(222720K)->88560K(222720K) Eden: 111616K(111616K)->0K(111616K) From: 74160K(111104K)->88560K(111104K)
[59.849s][info][gc,heap        ] GC(149) ParOldGen: 558709K(667648K)->560317K(667648K)
[59.849s][info][gc,metaspace   ] GC(149) Metaspace: 17490K(17664K)->17490K(17664K) NonClass: 15684K(15808K)->15684K(15808K) Class: 1805K(1856K)->1805K(1856K)
[59.849s][info][gc             ] GC(149) Pause Young (Allocation Failure) 727M->633M(869M) 91.316ms
[59.849s][info][gc,cpu         ] GC(149) User=0.18s Sys=0.00s Real=0.09s
[60.290s][info][gc,start       ] GC(150) Pause Young (Allocation Failure)
[60.383s][info][gc,heap        ] GC(150) PSYoungGen: 200176K(222720K)->84976K(222720K) Eden: 111616K(111616K)->0K(111616K) From: 88560K(111104K)->84976K(111104K)
[60.383s][info][gc,heap        ] GC(150) ParOldGen: 560317K(667648K)->563989K(667648K)
[60.383s][info][gc,metaspace   ] GC(150) Metaspace: 17492K(17664K)->17492K(17664K) NonClass: 15687K(15808K)->15687K(15808K) Class: 1805K(1856K)->1805K(1856K)
[60.383s][info][gc             ] GC(150) Pause Young (Allocation Failure) 742M->633M(869M) 93.126ms
[60.383s][info][gc,cpu         ] GC(150) User=0.19s Sys=0.00s Real=0.09s
[60.707s][info][gc,start       ] GC(151) Pause Young (Allocation Failure)
[60.797s][info][gc,heap        ] GC(151) PSYoungGen: 196592K(222720K)->41888K(222720K) Eden: 111616K(111616K)->0K(111616K) From: 84976K(111104K)->41888K(111104K)
[60.797s][info][gc,heap        ] GC(151) ParOldGen: 563989K(667648K)->607269K(667648K)
[60.797s][info][gc,metaspace   ] GC(151) Metaspace: 17492K(17664K)->17492K(17664K) NonClass: 15687K(15808K)->15687K(15808K) Class: 1805K(1856K)->1805K(1856K)
[60.797s][info][gc             ] GC(151) Pause Young (Allocation Failure) 742M->633M(869M) 89.361ms
[60.797s][info][gc,cpu         ] GC(151) User=0.17s Sys=0.00s Real=0.09s
[61.101s][info][gc,start       ] GC(152) Pause Young (Allocation Failure)
[61.145s][info][gc,heap        ] GC(152) PSYoungGen: 153504K(222720K)->29088K(222720K) Eden: 111616K(111616K)->0K(111616K) From: 41888K(111104K)->29088K(111104K)
[61.145s][info][gc,heap        ] GC(152) ParOldGen: 607269K(667648K)->620125K(667648K)
[61.145s][info][gc,metaspace   ] GC(152) Metaspace: 17492K(17664K)->17492K(17664K) NonClass: 15687K(15808K)->15687K(15808K) Class: 1805K(1856K)->1805K(1856K)
[61.145s][info][gc             ] GC(152) Pause Young (Allocation Failure) 742M->633M(869M) 44.699ms
[61.145s][info][gc,cpu         ] GC(152) User=0.08s Sys=0.00s Real=0.04s
[61.416s][info][gc,start       ] GC(153) Pause Young (Allocation Failure)
[61.447s][info][gc,heap        ] GC(153) PSYoungGen: 140704K(222720K)->25312K(222720K) Eden: 111616K(111616K)->0K(111616K) From: 29088K(111104K)->25312K(111104K)
[61.447s][info][gc,heap        ] GC(153) ParOldGen: 620125K(667648K)->623925K(667648K)
[61.447s][info][gc,metaspace   ] GC(153) Metaspace: 17492K(17664K)->17492K(17664K) NonClass: 15687K(15808K)->15687K(15808K) Class: 1805K(1856K)->1805K(1856K)
[61.447s][info][gc             ] GC(153) Pause Young (Allocation Failure) 742M->634M(869M) 31.247ms
[61.447s][info][gc,cpu         ] GC(153) User=0.06s Sys=0.00s Real=0.04s
[61.714s][info][gc,start       ] GC(154) Pause Young (Allocation Failure)
[61.743s][info][gc,heap        ] GC(154) PSYoungGen: 136928K(222720K)->160K(222720K) Eden: 111616K(111616K)->0K(111616K) From: 25312K(111104K)->160K(111104K)
[61.743s][info][gc,heap        ] GC(154) ParOldGen: 623925K(667648K)->649190K(667648K)
[61.743s][info][gc,metaspace   ] GC(154) Metaspace: 17492K(17664K)->17492K(17664K) NonClass: 15687K(15808K)->15687K(15808K) Class: 1805K(1856K)->1805K(1856K)
[61.743s][info][gc             ] GC(154) Pause Young (Allocation Failure) 743M->634M(869M) 28.736ms
[61.743s][info][gc,cpu         ] GC(154) User=0.06s Sys=0.00s Real=0.03s
[62.017s][info][gc,start       ] GC(155) Pause Full (Allocation Failure)
[62.017s][info][gc,phases,start] GC(155) Marking Phase
[62.474s][info][gc,phases      ] GC(155) Marking Phase 457.449ms
[62.474s][info][gc,phases,start] GC(155) Summary Phase
[62.474s][info][gc,phases      ] GC(155) Summary Phase 0.037ms
[62.474s][info][gc,phases,start] GC(155) Forward
[62.502s][info][gc,phases      ] GC(155) Forward 27.729ms
[62.502s][info][gc,phases,start] GC(155) Adjust Pointers
[62.812s][info][gc,phases      ] GC(155) Adjust Pointers 309.556ms
[62.812s][info][gc,phases,start] GC(155) Compaction Phase
[62.963s][info][gc,phases      ] GC(155) Compaction Phase 150.747ms
[62.963s][info][gc,phases,start] GC(155) Post Compact
[62.965s][info][gc,phases      ] GC(155) Post Compact 2.256ms
[62.965s][info][gc,heap        ] GC(155) PSYoungGen: 111776K(222720K)->0K(222720K) Eden: 111616K(111616K)->0K(111616K) From: 160K(111104K)->0K(111104K)
[62.965s][info][gc,heap        ] GC(155) ParOldGen: 649190K(667648K)->648682K(667648K)
[62.965s][info][gc,metaspace   ] GC(155) Metaspace: 17495K(17664K)->17495K(17664K) NonClass: 15690K(15808K)->15690K(15808K) Class: 1805K(1856K)->1805K(1856K)
[62.965s][info][gc             ] GC(155) Pause Full (Allocation Failure) 743M->633M(869M) 948.265ms
[62.965s][info][gc,cpu         ] GC(155) User=1.86s Sys=0.00s Real=0.94s
[63.247s][info][gc,start       ] GC(156) Pause Full (Allocation Failure)
[63.248s][info][gc,phases,start] GC(156) Marking Phase
[63.649s][info][gc,phases      ] GC(156) Marking Phase 401.658ms
[63.649s][info][gc,phases,start] GC(156) Summary Phase
[63.649s][info][gc,phases      ] GC(156) Summary Phase 0.027ms
[63.649s][info][gc,phases,start] GC(156) Forward
[63.735s][info][gc,phases      ] GC(156) Forward 85.937ms
[63.735s][info][gc,phases,start] GC(156) Adjust Pointers
[64.019s][info][gc,phases      ] GC(156) Adjust Pointers 283.301ms
[64.019s][info][gc,phases,start] GC(156) Compaction Phase
[64.172s][info][gc,phases      ] GC(156) Compaction Phase 152.877ms
[64.177s][info][gc,phases,start] GC(156) Post Compact
[64.180s][info][gc,phases      ] GC(156) Post Compact 2.227ms
[64.180s][info][gc,heap        ] GC(156) PSYoungGen: 111616K(222720K)->0K(222720K) Eden: 111616K(111616K)->0K(111616K) From: 0K(111104K)->0K(111104K)
[64.180s][info][gc,heap        ] GC(156) ParOldGen: 648682K(667648K)->554594K(667648K)
[64.180s][info][gc,metaspace   ] GC(156) Metaspace: 17495K(17664K)->17495K(17664K) NonClass: 15690K(15808K)->15690K(15808K) Class: 1805K(1856K)->1805K(1856K)
[64.180s][info][gc             ] GC(156) Pause Full (Allocation Failure) 742M->541M(869M) 932.285ms
[64.180s][info][gc,cpu         ] GC(156) User=1.79s Sys=0.00s Real=0.93s
[64.386s][info][gc,start       ] GC(157) Pause Young (Allocation Failure)
[64.400s][info][gc,heap        ] GC(157) PSYoungGen: 111616K(222720K)->16416K(222720K) Eden: 111616K(111616K)->0K(111616K) From: 0K(111104K)->16416K(111104K)
[64.400s][info][gc,heap        ] GC(157) ParOldGen: 554594K(667648K)->554594K(667648K)
[64.400s][info][gc,metaspace   ] GC(157) Metaspace: 17496K(17664K)->17496K(17664K) NonClass: 15691K(15808K)->15691K(15808K) Class: 1805K(1856K)->1805K(1856K)
[64.400s][info][gc             ] GC(157) Pause Young (Allocation Failure) 650M->557M(869M) 13.577ms
[64.400s][info][gc,cpu         ] GC(157) User=0.02s Sys=0.00s Real=0.02s
[64.465s][info][gc,start       ] GC(158) Pause Young (Allocation Failure)
[64.505s][info][gc,heap        ] GC(158) PSYoungGen: 128032K(222720K)->57040K(222720K) Eden: 111616K(111616K)->0K(111616K) From: 16416K(111104K)->57040K(111104K)
[64.505s][info][gc,heap        ] GC(158) ParOldGen: 554594K(667648K)->554594K(667648K)
[64.505s][info][gc,metaspace   ] GC(158) Metaspace: 17496K(17664K)->17496K(17664K) NonClass: 15691K(15808K)->15691K(15808K) Class: 1805K(1856K)->1805K(1856K)
[64.505s][info][gc             ] GC(158) Pause Young (Allocation Failure) 666M->597M(869M) 39.746ms
[64.505s][info][gc,cpu         ] GC(158) User=0.08s Sys=0.00s Real=0.04s
[64.734s][info][gc,start       ] GC(159) Pause Young (Allocation Failure)
[64.784s][info][gc,heap        ] GC(159) PSYoungGen: 168656K(222720K)->59328K(222720K) Eden: 111616K(111616K)->0K(111616K) From: 57040K(111104K)->59328K(111104K)
[64.784s][info][gc,heap        ] GC(159) ParOldGen: 554594K(667648K)->571171K(667648K)
[64.784s][info][gc,metaspace   ] GC(159) Metaspace: 17496K(17664K)->17496K(17664K) NonClass: 15691K(15808K)->15691K(15808K) Class: 1805K(1856K)->1805K(1856K)
[64.784s][info][gc             ] GC(159) Pause Young (Allocation Failure) 706M->615M(869M) 50.202ms
[64.784s][info][gc,cpu         ] GC(159) User=0.10s Sys=0.00s Real=0.05s
[64.952s][info][gc,start       ] GC(160) Pause Young (Allocation Failure)
[64.997s][info][gc,heap        ] GC(160) PSYoungGen: 170944K(222720K)->2048K(222720K) Eden: 111616K(111616K)->0K(111616K) From: 59328K(111104K)->2048K(111104K)
[64.997s][info][gc,heap        ] GC(160) ParOldGen: 571171K(667648K)->631186K(667648K)
[64.997s][info][gc,metaspace   ] GC(160) Metaspace: 17498K(17664K)->17498K(17664K) NonClass: 15692K(15808K)->15692K(15808K) Class: 1805K(1856K)->1805K(1856K)
[64.997s][info][gc             ] GC(160) Pause Young (Allocation Failure) 724M->618M(869M) 44.953ms
[64.997s][info][gc,cpu         ] GC(160) User=0.09s Sys=0.00s Real=0.05s
[65.301s][info][gc,start       ] GC(161) Pause Full (Allocation Failure)
[65.301s][info][gc,phases,start] GC(161) Marking Phase
[65.518s][info][gc,phases      ] GC(161) Marking Phase 217.156ms
[65.518s][info][gc,phases,start] GC(161) Summary Phase
[65.518s][info][gc,phases      ] GC(161) Summary Phase 0.029ms
[65.518s][info][gc,phases,start] GC(161) Forward
[65.605s][info][gc,phases      ] GC(161) Forward 86.872ms
[65.605s][info][gc,phases,start] GC(161) Adjust Pointers
[65.766s][info][gc,phases      ] GC(161) Adjust Pointers 160.438ms
[65.766s][info][gc,phases,start] GC(161) Compaction Phase
[65.865s][info][gc,phases      ] GC(161) Compaction Phase 99.273ms
[65.875s][info][gc,phases,start] GC(161) Post Compact
[65.877s][info][gc,phases      ] GC(161) Post Compact 2.263ms
[65.887s][info][gc,heap        ] GC(161) PSYoungGen: 113664K(222720K)->0K(222720K) Eden: 111616K(111616K)->0K(111616K) From: 2048K(111104K)->0K(111104K)
[65.887s][info][gc,heap        ] GC(161) ParOldGen: 631186K(667648K)->316201K(556032K)
[65.887s][info][gc,metaspace   ] GC(161) Metaspace: 17504K(17728K)->17504K(17728K) NonClass: 15698K(15872K)->15698K(15872K) Class: 1805K(1856K)->1805K(1856K)
[65.887s][info][gc             ] GC(161) Pause Full (Allocation Failure) 727M->308M(760M) 585.869ms
[65.887s][info][gc,cpu         ] GC(161) User=1.04s Sys=0.01s Real=0.59s
[66.041s][info][gc,start       ] GC(162) Pause Young (Allocation Failure)
[66.047s][info][gc,heap        ] GC(162) PSYoungGen: 111616K(222720K)->5840K(222720K) Eden: 111616K(111616K)->0K(111616K) From: 0K(111104K)->5840K(111104K)
[66.047s][info][gc,heap        ] GC(162) ParOldGen: 316201K(556032K)->316201K(556032K)
[66.047s][info][gc,metaspace   ] GC(162) Metaspace: 17506K(17728K)->17506K(17728K) NonClass: 15700K(15872K)->15700K(15872K) Class: 1805K(1856K)->1805K(1856K)
[66.047s][info][gc             ] GC(162) Pause Young (Allocation Failure) 417M->314M(760M) 5.463ms
[66.047s][info][gc,cpu         ] GC(162) User=0.01s Sys=0.00s Real=0.01s
[66.143s][info][gc,start       ] GC(163) Pause Young (Allocation Failure)
[66.168s][info][gc,heap        ] GC(163) PSYoungGen: 117456K(222720K)->28640K(222720K) Eden: 111616K(111616K)->0K(111616K) From: 5840K(111104K)->28640K(111104K)
[66.168s][info][gc,heap        ] GC(163) ParOldGen: 316201K(556032K)->322097K(556032K)
[66.168s][info][gc,metaspace   ] GC(163) Metaspace: 17506K(17728K)->17506K(17728K) NonClass: 15700K(15872K)->15700K(15872K) Class: 1805K(1856K)->1805K(1856K)
[66.168s][info][gc             ] GC(163) Pause Young (Allocation Failure) 423M->342M(760M) 25.035ms
[66.168s][info][gc,cpu         ] GC(163) User=0.05s Sys=0.00s Real=0.03s
[66.265s][info][gc,start       ] GC(164) Pause Young (Allocation Failure)
[66.318s][info][gc,heap        ] GC(164) PSYoungGen: 140256K(222720K)->38848K(222720K) Eden: 111616K(111616K)->0K(111616K) From: 28640K(111104K)->38848K(111104K)
[66.318s][info][gc,heap        ] GC(164) ParOldGen: 322097K(556032K)->351137K(556032K)
[66.318s][info][gc,metaspace   ] GC(164) Metaspace: 17506K(17728K)->17506K(17728K) NonClass: 15700K(15872K)->15700K(15872K) Class: 1805K(1856K)->1805K(1856K)
[66.318s][info][gc             ] GC(164) Pause Young (Allocation Failure) 451M->380M(760M) 52.478ms
[66.318s][info][gc,cpu         ] GC(164) User=0.10s Sys=0.00s Real=0.06s
[66.544s][info][gc,start       ] GC(165) Pause Young (Allocation Failure)
[66.577s][info][gc,heap        ] GC(165) PSYoungGen: 150464K(222720K)->9024K(120832K) Eden: 111616K(111616K)->0K(111616K) From: 38848K(111104K)->9024K(9216K)
[66.577s][info][gc,heap        ] GC(165) ParOldGen: 351137K(556032K)->390485K(556032K)
[66.577s][info][gc,metaspace   ] GC(165) Metaspace: 17506K(17728K)->17506K(17728K) NonClass: 15700K(15872K)->15700K(15872K) Class: 1805K(1856K)->1805K(1856K)
[66.577s][info][gc             ] GC(165) Pause Young (Allocation Failure) 489M->390M(661M) 33.163ms
[66.577s][info][gc,cpu         ] GC(165) User=0.06s Sys=0.00s Real=0.04s
[66.742s][info][gc,start       ] GC(166) Pause Young (Allocation Failure)
[66.752s][info][gc,heap        ] GC(166) PSYoungGen: 120640K(120832K)->9088K(223744K) Eden: 111616K(111616K)->0K(114176K) From: 9024K(9216K)->9088K(109568K)
[66.752s][info][gc,heap        ] GC(166) ParOldGen: 390485K(556032K)->390485K(556032K)
[66.752s][info][gc,metaspace   ] GC(166) Metaspace: 17506K(17728K)->17506K(17728K) NonClass: 15700K(15872K)->15700K(15872K) Class: 1805K(1856K)->1805K(1856K)
[66.752s][info][gc             ] GC(166) Pause Young (Allocation Failure) 499M->390M(761M) 10.091ms
[66.752s][info][gc,cpu         ] GC(166) User=0.02s Sys=0.00s Real=0.01s
[66.917s][info][gc,start       ] GC(167) Pause Young (Allocation Failure)
[66.927s][info][gc,heap        ] GC(167) PSYoungGen: 123264K(223744K)->9152K(221184K) Eden: 114176K(114176K)->0K(114176K) From: 9088K(109568K)->9152K(107008K)
[66.927s][info][gc,heap        ] GC(167) ParOldGen: 390485K(556032K)->390485K(556032K)
[66.927s][info][gc,metaspace   ] GC(167) Metaspace: 17506K(17728K)->17506K(17728K) NonClass: 15700K(15872K)->15700K(15872K) Class: 1805K(1856K)->1805K(1856K)
[66.927s][info][gc             ] GC(167) Pause Young (Allocation Failure) 501M->390M(759M) 9.408ms
[66.927s][info][gc,cpu         ] GC(167) User=0.02s Sys=0.00s Real=0.01s
[67.084s][info][gc,start       ] GC(168) Pause Young (Allocation Failure)
[67.103s][info][gc,heap        ] GC(168) PSYoungGen: 123328K(221184K)->9248K(219136K) Eden: 114176K(114176K)->0K(119808K) From: 9152K(107008K)->9248K(99328K)
[67.103s][info][gc,heap        ] GC(168) ParOldGen: 390485K(556032K)->390485K(556032K)
[67.103s][info][gc,metaspace   ] GC(168) Metaspace: 17506K(17728K)->17506K(17728K) NonClass: 15700K(15872K)->15700K(15872K) Class: 1805K(1856K)->1805K(1856K)
[67.103s][info][gc             ] GC(168) Pause Young (Allocation Failure) 501M->390M(757M) 18.215ms
[67.103s][info][gc,cpu         ] GC(168) User=0.04s Sys=0.00s Real=0.02s
[67.268s][info][gc,start       ] GC(169) Pause Young (Allocation Failure)
[67.281s][info][gc,heap        ] GC(169) PSYoungGen: 129056K(219136K)->9376K(220160K) Eden: 119808K(119808K)->0K(119808K) From: 9248K(99328K)->9376K(100352K)
[67.281s][info][gc,heap        ] GC(169) ParOldGen: 390485K(556032K)->390485K(556032K)
[67.281s][info][gc,metaspace   ] GC(169) Metaspace: 17506K(17728K)->17506K(17728K) NonClass: 15700K(15872K)->15700K(15872K) Class: 1805K(1856K)->1805K(1856K)
[67.281s][info][gc             ] GC(169) Pause Young (Allocation Failure) 507M->390M(758M) 12.220ms
[67.281s][info][gc,cpu         ] GC(169) User=0.02s Sys=0.00s Real=0.01s
[67.446s][info][gc,start       ] GC(170) Pause Young (Allocation Failure)
[67.459s][info][gc,heap        ] GC(170) PSYoungGen: 129184K(220160K)->9440K(212480K) Eden: 119808K(119808K)->0K(124416K) From: 9376K(100352K)->9440K(88064K)
[67.459s][info][gc,heap        ] GC(170) ParOldGen: 390485K(556032K)->390485K(556032K)
[67.459s][info][gc,metaspace   ] GC(170) Metaspace: 17506K(17728K)->17506K(17728K) NonClass: 15700K(15872K)->15700K(15872K) Class: 1805K(1856K)->1805K(1856K)
[67.459s][info][gc             ] GC(170) Pause Young (Allocation Failure) 507M->390M(750M) 12.951ms
[67.459s][info][gc,cpu         ] GC(170) User=0.02s Sys=0.00s Real=0.01s
[67.620s][info][gc,start       ] GC(171) Pause Young (Allocation Failure)
[67.630s][info][gc,heap        ] GC(171) PSYoungGen: 133856K(212480K)->9504K(217088K) Eden: 124416K(124416K)->0K(124416K) From: 9440K(88064K)->9504K(92672K)
[67.630s][info][gc,heap        ] GC(171) ParOldGen: 390485K(556032K)->390485K(556032K)
[67.630s][info][gc,metaspace   ] GC(171) Metaspace: 17506K(17728K)->17506K(17728K) NonClass: 15700K(15872K)->15700K(15872K) Class: 1805K(1856K)->1805K(1856K)
[67.630s][info][gc             ] GC(171) Pause Young (Allocation Failure) 512M->390M(755M) 9.905ms
[67.630s][info][gc,cpu         ] GC(171) User=0.01s Sys=0.00s Real=0.01s
[67.768s][info][gc,start       ] GC(172) Pause Young (Allocation Failure)
[67.782s][info][gc,heap        ] GC(172) PSYoungGen: 133920K(217088K)->9632K(209408K) Eden: 124416K(124416K)->0K(129024K) From: 9504K(92672K)->9632K(80384K)
[67.782s][info][gc,heap        ] GC(172) ParOldGen: 390485K(556032K)->390485K(556032K)
[67.782s][info][gc,metaspace   ] GC(172) Metaspace: 17506K(17728K)->17506K(17728K) NonClass: 15700K(15872K)->15700K(15872K) Class: 1805K(1856K)->1805K(1856K)
[67.782s][info][gc             ] GC(172) Pause Young (Allocation Failure) 512M->390M(747M) 13.781ms
[67.782s][info][gc,cpu         ] GC(172) User=0.02s Sys=0.01s Real=0.01s
[67.914s][info][gc,start       ] GC(173) Pause Young (Allocation Failure)
[67.925s][info][gc,heap        ] GC(173) PSYoungGen: 138656K(209408K)->9728K(213504K) Eden: 129024K(129024K)->0K(129024K) From: 9632K(80384K)->9728K(84480K)
[67.925s][info][gc,heap        ] GC(173) ParOldGen: 390485K(556032K)->390485K(556032K)
[67.925s][info][gc,metaspace   ] GC(173) Metaspace: 17506K(17728K)->17506K(17728K) NonClass: 15700K(15872K)->15700K(15872K) Class: 1805K(1856K)->1805K(1856K)
[67.925s][info][gc             ] GC(173) Pause Young (Allocation Failure) 516M->390M(751M) 10.590ms
[67.925s][info][gc,cpu         ] GC(173) User=0.02s Sys=0.00s Real=0.01s
[68.060s][info][gc,start       ] GC(174) Pause Young (Allocation Failure)
[68.071s][info][gc,heap        ] GC(174) PSYoungGen: 138752K(213504K)->9824K(205824K) Eden: 129024K(129024K)->0K(133632K) From: 9728K(84480K)->9824K(72192K)
[68.071s][info][gc,heap        ] GC(174) ParOldGen: 390485K(556032K)->390485K(556032K)
[68.071s][info][gc,metaspace   ] GC(174) Metaspace: 17506K(17728K)->17506K(17728K) NonClass: 15700K(15872K)->15700K(15872K) Class: 1805K(1856K)->1805K(1856K)
[68.071s][info][gc             ] GC(174) Pause Young (Allocation Failure) 516M->390M(744M) 11.450ms
[68.071s][info][gc,cpu         ] GC(174) User=0.02s Sys=0.00s Real=0.01s
[68.251s][info][gc,start       ] GC(175) Pause Young (Allocation Failure)
[68.271s][info][gc,heap        ] GC(175) PSYoungGen: 143456K(205824K)->13472K(209920K) Eden: 133632K(133632K)->0K(133632K) From: 9824K(72192K)->13472K(76288K)
[68.271s][info][gc,heap        ] GC(175) ParOldGen: 390485K(556032K)->390485K(556032K)
[68.271s][info][gc,metaspace   ] GC(175) Metaspace: 17506K(17728K)->17506K(17728K) NonClass: 15700K(15872K)->15700K(15872K) Class: 1805K(1856K)->1805K(1856K)
[68.271s][info][gc             ] GC(175) Pause Young (Allocation Failure) 521M->394M(748M) 20.141ms
[68.271s][info][gc,cpu         ] GC(175) User=0.04s Sys=0.00s Real=0.02s
[68.505s][info][gc,start       ] GC(176) Pause Young (Allocation Failure)
[68.540s][info][gc,heap        ] GC(176) PSYoungGen: 147104K(209920K)->20768K(201728K) Eden: 133632K(133632K)->0K(138752K) From: 13472K(76288K)->20768K(62976K)
[68.541s][info][gc,heap        ] GC(176) ParOldGen: 390485K(556032K)->390485K(556032K)
[68.541s][info][gc,metaspace   ] GC(176) Metaspace: 17506K(17728K)->17506K(17728K) NonClass: 15700K(15872K)->15700K(15872K) Class: 1805K(1856K)->1805K(1856K)
[68.541s][info][gc             ] GC(176) Pause Young (Allocation Failure) 524M->401M(740M) 35.818ms
[68.541s][info][gc,cpu         ] GC(176) User=0.07s Sys=0.00s Real=0.04s
[68.690s][info][gc,start       ] GC(177) Pause Young (Allocation Failure)
[68.761s][info][gc,heap        ] GC(177) PSYoungGen: 159520K(201728K)->54923K(205824K) Eden: 138752K(138752K)->0K(138752K) From: 20768K(62976K)->54923K(67072K)
[68.761s][info][gc,heap        ] GC(177) ParOldGen: 390485K(556032K)->390485K(556032K)
[68.761s][info][gc,metaspace   ] GC(177) Metaspace: 17506K(17728K)->17506K(17728K) NonClass: 15700K(15872K)->15700K(15872K) Class: 1805K(1856K)->1805K(1856K)
[68.761s][info][gc             ] GC(177) Pause Young (Allocation Failure) 537M->434M(744M) 70.303ms
[68.761s][info][gc,cpu         ] GC(177) User=0.13s Sys=0.00s Real=0.07s
[68.923s][info][gc,start       ] GC(178) Pause Young (Allocation Failure)
[69.016s][info][gc,heap        ] GC(178) PSYoungGen: 193675K(205824K)->69067K(210432K) Eden: 138752K(138752K)->0K(134656K) From: 54923K(67072K)->69067K(75776K)
[69.016s][info][gc,heap        ] GC(178) ParOldGen: 390485K(556032K)->390485K(556032K)
[69.016s][info][gc,metaspace   ] GC(178) Metaspace: 17508K(17728K)->17508K(17728K) NonClass: 15702K(15872K)->15702K(15872K) Class: 1805K(1856K)->1805K(1856K)
[69.016s][info][gc             ] GC(178) Pause Young (Allocation Failure) 570M->448M(748M) 93.056ms
[69.016s][info][gc,cpu         ] GC(178) User=0.17s Sys=0.02s Real=0.09s
[69.104s][info][gc,start       ] GC(179) Pause Young (Allocation Failure)
[69.187s][info][gc,heap        ] GC(179) PSYoungGen: 203723K(210432K)->69547K(222208K) Eden: 134656K(134656K)->0K(134656K) From: 69067K(75776K)->69547K(87552K)
[69.187s][info][gc,heap        ] GC(179) ParOldGen: 390485K(556032K)->390485K(556032K)
[69.187s][info][gc,metaspace   ] GC(179) Metaspace: 17508K(17728K)->17508K(17728K) NonClass: 15702K(15872K)->15702K(15872K) Class: 1805K(1856K)->1805K(1856K)
[69.188s][info][gc             ] GC(179) Pause Young (Allocation Failure) 580M->449M(760M) 83.697ms
[69.188s][info][gc,cpu         ] GC(179) User=0.16s Sys=0.00s Real=0.09s
[69.305s][info][gc,start       ] GC(180) Pause Young (Allocation Failure)
[69.394s][info][gc,heap        ] GC(180) PSYoungGen: 204203K(222208K)->61803K(227840K) Eden: 134656K(134656K)->0K(131072K) From: 69547K(87552K)->61803K(96768K)
[69.394s][info][gc,heap        ] GC(180) ParOldGen: 390485K(556032K)->399553K(556032K)
[69.394s][info][gc,metaspace   ] GC(180) Metaspace: 17508K(17728K)->17508K(17728K) NonClass: 15702K(15872K)->15702K(15872K) Class: 1805K(1856K)->1805K(1856K)
[69.394s][info][gc             ] GC(180) Pause Young (Allocation Failure) 580M->450M(765M) 89.242ms
[69.394s][info][gc,cpu         ] GC(180) User=0.17s Sys=0.00s Real=0.09s
[69.505s][info][gc,start       ] GC(181) Pause Young (Allocation Failure)
[69.587s][info][gc,heap        ] GC(181) PSYoungGen: 192875K(227840K)->65387K(196608K) Eden: 131072K(131072K)->0K(131072K) From: 61803K(96768K)->65387K(65536K)
[69.587s][info][gc,heap        ] GC(181) ParOldGen: 399553K(556032K)->399625K(556032K)
[69.587s][info][gc,metaspace   ] GC(181) Metaspace: 17508K(17728K)->17508K(17728K) NonClass: 15702K(15872K)->15702K(15872K) Class: 1805K(1856K)->1805K(1856K)
[69.587s][info][gc             ] GC(181) Pause Young (Allocation Failure) 578M->454M(735M) 81.963ms
[69.587s][info][gc,cpu         ] GC(181) User=0.16s Sys=0.00s Real=0.09s
[69.689s][info][gc,start       ] GC(182) Pause Young (Allocation Failure)
[69.771s][info][gc,heap        ] GC(182) PSYoungGen: 196459K(196608K)->65355K(221184K) Eden: 131072K(131072K)->0K(114688K) From: 65387K(65536K)->65355K(106496K)
[69.771s][info][gc,heap        ] GC(182) ParOldGen: 399625K(556032K)->399689K(556032K)
[69.771s][info][gc,metaspace   ] GC(182) Metaspace: 17508K(17728K)->17508K(17728K) NonClass: 15702K(15872K)->15702K(15872K) Class: 1805K(1856K)->1805K(1856K)
[69.771s][info][gc             ] GC(182) Pause Young (Allocation Failure) 582M->454M(759M) 82.082ms
[69.771s][info][gc,cpu         ] GC(182) User=0.17s Sys=0.00s Real=0.08s
[69.911s][info][gc,start       ] GC(183) Pause Young (Allocation Failure)
[70.001s][info][gc,heap        ] GC(183) PSYoungGen: 180043K(221184K)->74795K(189952K) Eden: 114688K(114688K)->0K(114688K) From: 65355K(106496K)->74795K(75264K)
[70.001s][info][gc,heap        ] GC(183) ParOldGen: 399689K(556032K)->399801K(556032K)
[70.001s][info][gc,metaspace   ] GC(183) Metaspace: 17508K(17728K)->17508K(17728K) NonClass: 15702K(15872K)->15702K(15872K) Class: 1805K(1856K)->1805K(1856K)
[70.002s][info][gc             ] GC(183) Pause Young (Allocation Failure) 566M->463M(728M) 90.949ms
[70.002s][info][gc,cpu         ] GC(183) User=0.18s Sys=0.00s Real=0.09s
[70.111s][info][gc,start       ] GC(184) Pause Young (Allocation Failure)
[70.226s][info][gc,heap        ] GC(184) PSYoungGen: 189483K(189952K)->90316K(222720K) Eden: 114688K(114688K)->0K(111616K) From: 74795K(75264K)->90316K(111104K)
[70.226s][info][gc,heap        ] GC(184) ParOldGen: 399801K(556032K)->400001K(556032K)
[70.226s][info][gc,metaspace   ] GC(184) Metaspace: 17508K(17728K)->17508K(17728K) NonClass: 15702K(15872K)->15702K(15872K) Class: 1805K(1856K)->1805K(1856K)
[70.226s][info][gc             ] GC(184) Pause Young (Allocation Failure) 575M->478M(760M) 114.837ms
[70.226s][info][gc,cpu         ] GC(184) User=0.22s Sys=0.01s Real=0.11s
[70.454s][info][gc,start       ] GC(185) Pause Young (Allocation Failure)
[70.563s][info][gc,heap        ] GC(185) PSYoungGen: 201932K(222720K)->90092K(222720K) Eden: 111616K(111616K)->0K(111616K) From: 90316K(111104K)->90092K(111104K)
[70.563s][info][gc,heap        ] GC(185) ParOldGen: 400001K(556032K)->400201K(556032K)
[70.563s][info][gc,metaspace   ] GC(185) Metaspace: 17508K(17728K)->17508K(17728K) NonClass: 15702K(15872K)->15702K(15872K) Class: 1805K(1856K)->1805K(1856K)
[70.563s][info][gc             ] GC(185) Pause Young (Allocation Failure) 587M->478M(760M) 109.500ms
[70.563s][info][gc,cpu         ] GC(185) User=0.22s Sys=0.00s Real=0.11s
[70.779s][info][gc,start       ] GC(186) Pause Young (Allocation Failure)
[70.886s][info][gc,heap        ] GC(186) PSYoungGen: 201708K(222720K)->90028K(222720K) Eden: 111616K(111616K)->0K(111616K) From: 90092K(111104K)->90028K(111104K)
[70.886s][info][gc,heap        ] GC(186) ParOldGen: 400201K(556032K)->400409K(556032K)
[70.886s][info][gc,metaspace   ] GC(186) Metaspace: 17508K(17728K)->17508K(17728K) NonClass: 15703K(15872K)->15703K(15872K) Class: 1805K(1856K)->1805K(1856K)
[70.886s][info][gc             ] GC(186) Pause Young (Allocation Failure) 587M->478M(760M) 107.111ms
[70.886s][info][gc,cpu         ] GC(186) User=0.21s Sys=0.00s Real=0.10s
[71.081s][info][gc,start       ] GC(187) Pause Young (Allocation Failure)
[71.187s][info][gc,heap        ] GC(187) PSYoungGen: 201644K(222720K)->79036K(222720K) Eden: 111616K(111616K)->0K(111616K) From: 90028K(111104K)->79036K(111104K)
[71.187s][info][gc,heap        ] GC(187) ParOldGen: 400409K(556032K)->411448K(556032K)
[71.187s][info][gc,metaspace   ] GC(187) Metaspace: 17508K(17728K)->17508K(17728K) NonClass: 15703K(15872K)->15703K(15872K) Class: 1805K(1856K)->1805K(1856K)
[71.187s][info][gc             ] GC(187) Pause Young (Allocation Failure) 587M->478M(760M) 106.480ms
[71.187s][info][gc,cpu         ] GC(187) User=0.22s Sys=0.00s Real=0.11s
[71.349s][info][gc,start       ] GC(188) Pause Young (Allocation Failure)
[71.456s][info][gc,heap        ] GC(188) PSYoungGen: 190652K(222720K)->44320K(222720K) Eden: 111616K(111616K)->0K(111616K) From: 79036K(111104K)->44320K(111104K)
[71.456s][info][gc,heap        ] GC(188) ParOldGen: 411448K(556032K)->459889K(556032K)
[71.456s][info][gc,metaspace   ] GC(188) Metaspace: 17508K(17728K)->17508K(17728K) NonClass: 15703K(15872K)->15703K(15872K) Class: 1805K(1856K)->1805K(1856K)
[71.456s][info][gc             ] GC(188) Pause Young (Allocation Failure) 587M->492M(760M) 107.727ms
[71.456s][info][gc,cpu         ] GC(188) User=0.21s Sys=0.00s Real=0.11s
[71.585s][info][gc,start       ] GC(189) Pause Young (Allocation Failure)
[71.649s][info][gc,heap        ] GC(189) PSYoungGen: 155936K(222720K)->57552K(222720K) Eden: 111616K(111616K)->0K(111616K) From: 44320K(111104K)->57552K(111104K)
[71.650s][info][gc,heap        ] GC(189) ParOldGen: 459889K(556032K)->461625K(556032K)
[71.650s][info][gc,metaspace   ] GC(189) Metaspace: 17512K(17728K)->17512K(17728K) NonClass: 15707K(15872K)->15707K(15872K) Class: 1805K(1856K)->1805K(1856K)
[71.650s][info][gc             ] GC(189) Pause Young (Allocation Failure) 601M->507M(760M) 64.348ms
[71.650s][info][gc,cpu         ] GC(189) User=0.13s Sys=0.01s Real=0.07s
[71.820s][info][gc,start       ] GC(190) Pause Young (Allocation Failure)
[71.897s][info][gc,heap        ] GC(190) PSYoungGen: 169168K(222720K)->69424K(222720K) Eden: 111616K(111616K)->0K(111616K) From: 57552K(111104K)->69424K(111104K)
[71.897s][info][gc,heap        ] GC(190) ParOldGen: 461625K(556032K)->465329K(556032K)
[71.897s][info][gc,metaspace   ] GC(190) Metaspace: 17514K(17728K)->17514K(17728K) NonClass: 15708K(15872K)->15708K(15872K) Class: 1805K(1856K)->1805K(1856K)
[71.897s][info][gc             ] GC(190) Pause Young (Allocation Failure) 616M->522M(760M) 77.416ms
[71.897s][info][gc,cpu         ] GC(190) User=0.15s Sys=0.00s Real=0.08s
[71.978s][info][gc,start       ] GC(191) Pause Young (Allocation Failure)
[72.052s][info][gc,heap        ] GC(191) PSYoungGen: 181040K(222720K)->44864K(222720K) Eden: 111616K(111616K)->0K(111616K) From: 69424K(111104K)->44864K(111104K)
[72.052s][info][gc,heap        ] GC(191) ParOldGen: 465329K(556032K)->490641K(556032K)
[72.052s][info][gc,metaspace   ] GC(191) Metaspace: 17514K(17728K)->17514K(17728K) NonClass: 15708K(15872K)->15708K(15872K) Class: 1805K(1856K)->1805K(1856K)
[72.052s][info][gc             ] GC(191) Pause Young (Allocation Failure) 631M->522M(760M) 74.556ms
[72.052s][info][gc,cpu         ] GC(191) User=0.15s Sys=0.00s Real=0.07s
[72.193s][info][gc,start       ] GC(192) Pause Young (Allocation Failure)
[72.247s][info][gc,heap        ] GC(192) PSYoungGen: 156480K(222720K)->46784K(222720K) Eden: 111616K(111616K)->0K(111616K) From: 44864K(111104K)->46784K(111104K)
[72.247s][info][gc,heap        ] GC(192) ParOldGen: 490641K(556032K)->490681K(556032K)
[72.247s][info][gc,metaspace   ] GC(192) Metaspace: 17514K(17728K)->17514K(17728K) NonClass: 15708K(15872K)->15708K(15872K) Class: 1805K(1856K)->1805K(1856K)
[72.247s][info][gc             ] GC(192) Pause Young (Allocation Failure) 631M->524M(760M) 53.559ms
[72.247s][info][gc,cpu         ] GC(192) User=0.10s Sys=0.00s Real=0.06s
[72.369s][info][gc,start       ] GC(193) Pause Young (Allocation Failure)
[72.423s][info][gc,heap        ] GC(193) PSYoungGen: 158400K(222720K)->37760K(222720K) Eden: 111616K(111616K)->0K(111616K) From: 46784K(111104K)->37760K(111104K)
[72.423s][info][gc,heap        ] GC(193) ParOldGen: 490681K(556032K)->504329K(556032K)
[72.423s][info][gc,metaspace   ] GC(193) Metaspace: 17514K(17728K)->17514K(17728K) NonClass: 15709K(15872K)->15709K(15872K) Class: 1805K(1856K)->1805K(1856K)
[72.423s][info][gc             ] GC(193) Pause Young (Allocation Failure) 633M->529M(760M) 54.073ms
[72.423s][info][gc,cpu         ] GC(193) User=0.11s Sys=0.00s Real=0.05s
[72.531s][info][gc,start       ] GC(194) Pause Young (Allocation Failure)
[72.574s][info][gc,heap        ] GC(194) PSYoungGen: 149376K(222720K)->7264K(222720K) Eden: 111616K(111616K)->0K(111616K) From: 37760K(111104K)->7264K(111104K)
[72.574s][info][gc,heap        ] GC(194) ParOldGen: 504329K(556032K)->534953K(556032K)
[72.574s][info][gc,metaspace   ] GC(194) Metaspace: 17514K(17728K)->17514K(17728K) NonClass: 15709K(15872K)->15709K(15872K) Class: 1805K(1856K)->1805K(1856K)
[72.574s][info][gc             ] GC(194) Pause Young (Allocation Failure) 638M->529M(760M) 43.203ms
[72.574s][info][gc,cpu         ] GC(194) User=0.08s Sys=0.00s Real=0.04s
[72.644s][info][gc,start       ] GC(195) Pause Young (Allocation Failure)
[72.655s][info][gc,heap        ] GC(195) PSYoungGen: 118880K(222720K)->4640K(222720K) Eden: 111616K(111616K)->0K(111616K) From: 7264K(111104K)->4640K(111104K)
[72.655s][info][gc,heap        ] GC(195) ParOldGen: 534953K(556032K)->537593K(556032K)
[72.655s][info][gc,metaspace   ] GC(195) Metaspace: 17514K(17728K)->17514K(17728K) NonClass: 15709K(15872K)->15709K(15872K) Class: 1805K(1856K)->1805K(1856K)
[72.655s][info][gc             ] GC(195) Pause Young (Allocation Failure) 638M->529M(760M) 10.538ms
[72.655s][info][gc,cpu         ] GC(195) User=0.02s Sys=0.00s Real=0.01s
[72.810s][info][gc,start       ] GC(196) Pause Young (Allocation Failure)
[72.826s][info][gc,heap        ] GC(196) PSYoungGen: 116256K(222720K)->7520K(222720K) Eden: 111616K(111616K)->0K(111616K) From: 4640K(111104K)->7520K(111104K)
[72.826s][info][gc,heap        ] GC(196) ParOldGen: 537593K(556032K)->542217K(556032K)
[72.826s][info][gc,metaspace   ] GC(196) Metaspace: 17514K(17728K)->17514K(17728K) NonClass: 15709K(15872K)->15709K(15872K) Class: 1805K(1856K)->1805K(1856K)
[72.826s][info][gc             ] GC(196) Pause Young (Allocation Failure) 638M->536M(760M) 15.994ms
[72.826s][info][gc,cpu         ] GC(196) User=0.03s Sys=0.00s Real=0.02s
[72.989s][info][gc,start       ] GC(197) Pause Young (Allocation Failure)
[73.008s][info][gc,heap        ] GC(197) PSYoungGen: 119136K(222720K)->8992K(222720K) Eden: 111616K(111616K)->0K(111616K) From: 7520K(111104K)->8992K(111104K)
[73.008s][info][gc,heap        ] GC(197) ParOldGen: 542217K(556032K)->549743K(556032K)
[73.008s][info][gc,metaspace   ] GC(197) Metaspace: 17514K(17728K)->17514K(17728K) NonClass: 15709K(15872K)->15709K(15872K) Class: 1805K(1856K)->1805K(1856K)
[73.008s][info][gc             ] GC(197) Pause Young (Allocation Failure) 645M->545M(760M) 18.980ms
[73.008s][info][gc,cpu         ] GC(197) User=0.04s Sys=0.00s Real=0.02s
[73.322s][info][gc,start       ] GC(198) Pause Young (Allocation Failure)
[73.335s][info][gc,heap        ] GC(198) PSYoungGen: 120608K(222720K)->64K(222720K) Eden: 111616K(111616K)->0K(111616K) From: 8992K(111104K)->64K(111104K)
[73.335s][info][gc,heap        ] GC(198) ParOldGen: 549743K(556032K)->558759K(559104K)
[73.335s][info][gc,metaspace   ] GC(198) Metaspace: 17514K(17728K)->17514K(17728K) NonClass: 15709K(15872K)->15709K(15872K) Class: 1805K(1856K)->1805K(1856K)
[73.335s][info][gc             ] GC(198) Pause Young (Allocation Failure) 654M->545M(763M) 13.749ms
[73.335s][info][gc,cpu         ] GC(198) User=0.03s Sys=0.00s Real=0.01s
[73.632s][info][gc,start       ] GC(199) Pause Young (Allocation Failure)
[73.634s][info][gc,heap        ] GC(199) PSYoungGen: 111680K(222720K)->144K(112128K) Eden: 111616K(111616K)->0K(111616K) From: 64K(111104K)->144K(512K)
[73.635s][info][gc,heap        ] GC(199) ParOldGen: 558759K(559104K)->558791K(559104K)
[73.635s][info][gc,metaspace   ] GC(199) Metaspace: 17514K(17728K)->17514K(17728K) NonClass: 15709K(15872K)->15709K(15872K) Class: 1805K(1856K)->1805K(1856K)
[73.635s][info][gc             ] GC(199) Pause Young (Allocation Failure) 654M->545M(655M) 2.798ms
[73.635s][info][gc,cpu         ] GC(199) User=0.00s Sys=0.00s Real=0.00s
[73.902s][info][gc,start       ] GC(200) Pause Young (Allocation Failure)
[73.907s][info][gc,heap        ] GC(200) PSYoungGen: 111760K(112128K)->2704K(223232K) Eden: 111616K(111616K)->0K(114688K) From: 144K(512K)->2704K(108544K)
[73.907s][info][gc,heap        ] GC(200) ParOldGen: 558791K(559104K)->558791K(559104K)
[73.907s][info][gc,metaspace   ] GC(200) Metaspace: 17515K(17728K)->17515K(17728K) NonClass: 15709K(15872K)->15709K(15872K) Class: 1805K(1856K)->1805K(1856K)
[73.907s][info][gc             ] GC(200) Pause Young (Allocation Failure) 654M->548M(764M) 5.281ms
[73.907s][info][gc,cpu         ] GC(200) User=0.01s Sys=0.00s Real=0.01s
[74.059s][info][gc,start       ] GC(201) Pause Young (Allocation Failure)
[74.083s][info][gc,heap        ] GC(201) PSYoungGen: 117392K(223232K)->27664K(142848K) Eden: 114688K(114688K)->0K(114688K) From: 2704K(108544K)->27664K(28160K)
[74.083s][info][gc,heap        ] GC(201) ParOldGen: 558791K(559104K)->558791K(559104K)
[74.083s][info][gc,metaspace   ] GC(201) Metaspace: 17516K(17728K)->17516K(17728K) NonClass: 15710K(15872K)->15710K(15872K) Class: 1805K(1856K)->1805K(1856K)
[74.083s][info][gc             ] GC(201) Pause Young (Allocation Failure) 660M->572M(685M) 24.718ms
[74.083s][info][gc,cpu         ] GC(201) User=0.05s Sys=0.00s Real=0.02s
[74.195s][info][gc,start       ] GC(202) Pause Young (Allocation Failure)
[74.252s][info][gc,heap        ] GC(202) PSYoungGen: 142352K(142848K)->73168K(207872K) Eden: 114688K(114688K)->0K(108544K) From: 27664K(28160K)->73168K(99328K)
[74.252s][info][gc,heap        ] GC(202) ParOldGen: 558791K(559104K)->558791K(559104K)
[74.252s][info][gc,metaspace   ] GC(202) Metaspace: 17516K(17728K)->17516K(17728K) NonClass: 15710K(15872K)->15710K(15872K) Class: 1805K(1856K)->1805K(1856K)
[74.252s][info][gc             ] GC(202) Pause Young (Allocation Failure) 684M->617M(749M) 56.453ms
[74.252s][info][gc,cpu         ] GC(202) User=0.11s Sys=0.00s Real=0.06s
[74.331s][info][gc,start       ] GC(203) Pause Young (Allocation Failure)
[74.426s][info][gc,heap        ] GC(203) PSYoungGen: 181712K(207872K)->109024K(217600K) Eden: 108544K(108544K)->0K(108544K) From: 73168K(99328K)->109024K(109056K)
[74.426s][info][gc,heap        ] GC(203) ParOldGen: 558791K(559104K)->565111K(565248K)
[74.426s][info][gc,metaspace   ] GC(203) Metaspace: 17518K(17728K)->17518K(17728K) NonClass: 15712K(15872K)->15712K(15872K) Class: 1805K(1856K)->1805K(1856K)
[74.426s][info][gc             ] GC(203) Pause Young (Allocation Failure) 723M->658M(764M) 95.168ms
[74.426s][info][gc,cpu         ] GC(203) User=0.18s Sys=0.00s Real=0.09s
[74.628s][info][gc,start       ] GC(204) Pause Young (Allocation Failure)
[74.744s][info][gc,heap        ] GC(204) PSYoungGen: 217568K(217600K)->111104K(222720K) Eden: 108544K(108544K)->0K(111616K) From: 109024K(109056K)->111104K(111104K)
[74.744s][info][gc,heap        ] GC(204) ParOldGen: 565111K(565248K)->590576K(590848K)
[74.744s][info][gc,metaspace   ] GC(204) Metaspace: 17525K(17728K)->17525K(17728K) NonClass: 15720K(15872K)->15720K(15872K) Class: 1805K(1856K)->1805K(1856K)
[74.744s][info][gc             ] GC(204) Pause Young (Allocation Failure) 764M->685M(794M) 115.650ms
[74.744s][info][gc,cpu         ] GC(204) User=0.19s Sys=0.04s Real=0.11s
[75.102s][info][gc,start       ] GC(205) Pause Young (Allocation Failure)
[75.215s][info][gc,heap        ] GC(205) PSYoungGen: 222720K(222720K)->60288K(222720K) Eden: 111616K(111616K)->0K(111616K) From: 111104K(111104K)->60288K(111104K)
[75.215s][info][gc,heap        ] GC(205) ParOldGen: 590576K(590848K)->644496K(644608K)
[75.215s][info][gc,metaspace   ] GC(205) Metaspace: 17525K(17728K)->17525K(17728K) NonClass: 15720K(15872K)->15720K(15872K) Class: 1805K(1856K)->1805K(1856K)
[75.215s][info][gc             ] GC(205) Pause Young (Allocation Failure) 794M->688M(847M) 112.346ms
[75.215s][info][gc,cpu         ] GC(205) User=0.20s Sys=0.02s Real=0.11s
[75.356s][info][gc,start       ] GC(206) Pause Full (Allocation Failure)
[75.356s][info][gc,phases,start] GC(206) Marking Phase
[75.725s][info][gc,phases      ] GC(206) Marking Phase 369.456ms
[75.725s][info][gc,phases,start] GC(206) Summary Phase
[75.725s][info][gc,phases      ] GC(206) Summary Phase 0.031ms
[75.725s][info][gc,phases,start] GC(206) Forward
[75.849s][info][gc,phases      ] GC(206) Forward 123.827ms
[75.849s][info][gc,phases,start] GC(206) Adjust Pointers
[76.117s][info][gc,phases      ] GC(206) Adjust Pointers 267.914ms
[76.117s][info][gc,phases,start] GC(206) Compaction Phase
[76.295s][info][gc,phases      ] GC(206) Compaction Phase 177.591ms
[76.303s][info][gc,phases,start] GC(206) Post Compact
[76.305s][info][gc,phases      ] GC(206) Post Compact 2.389ms
[76.305s][info][gc,heap        ] GC(206) PSYoungGen: 171904K(222720K)->0K(222720K) Eden: 111616K(111616K)->0K(111616K) From: 60288K(111104K)->0K(111104K)
[76.305s][info][gc,heap        ] GC(206) ParOldGen: 644496K(644608K)->538707K(667648K)
[76.305s][info][gc,metaspace   ] GC(206) Metaspace: 17525K(17728K)->17525K(17728K) NonClass: 15720K(15872K)->15720K(15872K) Class: 1805K(1856K)->1805K(1856K)
[76.305s][info][gc             ] GC(206) Pause Full (Allocation Failure) 797M->526M(869M) 949.544ms
[76.305s][info][gc,cpu         ] GC(206) User=1.79s Sys=0.01s Real=0.95s
[76.489s][info][gc,start       ] GC(207) Pause Young (Allocation Failure)
[76.524s][info][gc,heap        ] GC(207) PSYoungGen: 111615K(222720K)->18794K(222720K) Eden: 111615K(111616K)->0K(111616K) From: 0K(111104K)->18794K(111104K)
[76.524s][info][gc,heap        ] GC(207) ParOldGen: 538707K(667648K)->538707K(667648K)
[76.524s][info][gc,metaspace   ] GC(207) Metaspace: 17530K(17728K)->17530K(17728K) NonClass: 15724K(15872K)->15724K(15872K) Class: 1805K(1856K)->1805K(1856K)
[76.524s][info][gc             ] GC(207) Pause Young (Allocation Failure) 635M->544M(869M) 34.945ms
[76.524s][info][gc,cpu         ] GC(207) User=0.06s Sys=0.00s Real=0.03s
[76.618s][info][gc,start       ] GC(208) Pause Young (Allocation Failure)
[76.707s][info][gc,heap        ] GC(208) PSYoungGen: 130410K(222720K)->59792K(222720K) Eden: 111616K(111616K)->0K(111616K) From: 18794K(111104K)->59792K(111104K)
[76.707s][info][gc,heap        ] GC(208) ParOldGen: 538707K(667648K)->555994K(667648K)
[76.707s][info][gc,metaspace   ] GC(208) Metaspace: 17530K(17728K)->17530K(17728K) NonClass: 15724K(15872K)->15724K(15872K) Class: 1805K(1856K)->1805K(1856K)
[76.707s][info][gc             ] GC(208) Pause Young (Allocation Failure) 653M->601M(869M) 88.747ms
[76.707s][info][gc,cpu         ] GC(208) User=0.17s Sys=0.00s Real=0.09s
[76.845s][info][gc,start       ] GC(209) Pause Young (Allocation Failure)
[76.920s][info][gc,heap        ] GC(209) PSYoungGen: 171408K(222720K)->23776K(222720K) Eden: 111616K(111616K)->0K(111616K) From: 59792K(111104K)->23776K(111104K)
[76.920s][info][gc,heap        ] GC(209) ParOldGen: 555994K(667648K)->616218K(667648K)
[76.920s][info][gc,metaspace   ] GC(209) Metaspace: 17530K(17728K)->17530K(17728K) NonClass: 15724K(15872K)->15724K(15872K) Class: 1805K(1856K)->1805K(1856K)
[76.920s][info][gc             ] GC(209) Pause Young (Allocation Failure) 710M->624M(869M) 74.728ms
[76.920s][info][gc,cpu         ] GC(209) User=0.15s Sys=0.00s Real=0.08s
[77.081s][info][gc,start       ] GC(210) Pause Full (Allocation Failure)
[77.081s][info][gc,phases,start] GC(210) Marking Phase
[77.402s][info][gc,phases      ] GC(210) Marking Phase 320.990ms
[77.402s][info][gc,phases,start] GC(210) Summary Phase
[77.402s][info][gc,phases      ] GC(210) Summary Phase 0.029ms
[77.402s][info][gc,phases,start] GC(210) Forward
[77.512s][info][gc,phases      ] GC(210) Forward 109.912ms
[77.512s][info][gc,phases,start] GC(210) Adjust Pointers
[77.772s][info][gc,phases      ] GC(210) Adjust Pointers 260.308ms
[77.772s][info][gc,phases,start] GC(210) Compaction Phase
[77.926s][info][gc,phases      ] GC(210) Compaction Phase 154.165ms
[77.941s][info][gc,phases,start] GC(210) Post Compact
[77.943s][info][gc,phases      ] GC(210) Post Compact 2.293ms
[77.943s][info][gc,heap        ] GC(210) PSYoungGen: 135392K(222720K)->0K(222720K) Eden: 111616K(111616K)->0K(111616K) From: 23776K(111104K)->0K(111104K)
[77.943s][info][gc,heap        ] GC(210) ParOldGen: 616218K(667648K)->489250K(667648K)
[77.943s][info][gc,metaspace   ] GC(210) Metaspace: 17530K(17728K)->17530K(17728K) NonClass: 15724K(15872K)->15724K(15872K) Class: 1805K(1856K)->1805K(1856K)
[77.943s][info][gc             ] GC(210) Pause Full (Allocation Failure) 733M->477M(869M) 862.476ms
[77.943s][info][gc,cpu         ] GC(210) User=1.62s Sys=0.00s Real=0.86s
[78.091s][info][gc,start       ] GC(211) Pause Young (Allocation Failure)
[78.093s][info][gc,heap        ] GC(211) PSYoungGen: 111616K(222720K)->64K(222720K) Eden: 111616K(111616K)->0K(111616K) From: 0K(111104K)->64K(111104K)
[78.093s][info][gc,heap        ] GC(211) ParOldGen: 489250K(667648K)->489250K(667648K)
[78.093s][info][gc,metaspace   ] GC(211) Metaspace: 17530K(17728K)->17530K(17728K) NonClass: 15724K(15872K)->15724K(15872K) Class: 1805K(1856K)->1805K(1856K)
[78.093s][info][gc             ] GC(211) Pause Young (Allocation Failure) 586M->477M(869M) 2.400ms
[78.093s][info][gc,cpu         ] GC(211) User=0.01s Sys=0.00s Real=0.00s
[78.239s][info][gc,start       ] GC(212) Pause Young (Allocation Failure)
[78.241s][info][gc,heap        ] GC(212) PSYoungGen: 111680K(222720K)->64K(222720K) Eden: 111616K(111616K)->0K(111616K) From: 64K(111104K)->64K(111104K)
[78.241s][info][gc,heap        ] GC(212) ParOldGen: 489250K(667648K)->489266K(667648K)
[78.241s][info][gc,metaspace   ] GC(212) Metaspace: 17530K(17728K)->17530K(17728K) NonClass: 15724K(15872K)->15724K(15872K) Class: 1805K(1856K)->1805K(1856K)
[78.241s][info][gc             ] GC(212) Pause Young (Allocation Failure) 586M->477M(869M) 1.706ms
[78.241s][info][gc,cpu         ] GC(212) User=0.00s Sys=0.01s Real=0.00s
[78.388s][info][gc,start       ] GC(213) Pause Young (Allocation Failure)
[78.390s][info][gc,heap        ] GC(213) PSYoungGen: 111680K(222720K)->64K(222720K) Eden: 111616K(111616K)->0K(111616K) From: 64K(111104K)->64K(111104K)
[78.390s][info][gc,heap        ] GC(213) ParOldGen: 489266K(667648K)->489266K(667648K)
[78.390s][info][gc,metaspace   ] GC(213) Metaspace: 17530K(17728K)->17530K(17728K) NonClass: 15724K(15872K)->15724K(15872K) Class: 1805K(1856K)->1805K(1856K)
[78.390s][info][gc             ] GC(213) Pause Young (Allocation Failure) 586M->477M(869M) 1.708ms
[78.390s][info][gc,cpu         ] GC(213) User=0.00s Sys=0.00s Real=0.00s
[78.538s][info][gc,start       ] GC(214) Pause Young (Allocation Failure)
[78.539s][info][gc,heap        ] GC(214) PSYoungGen: 111680K(222720K)->64K(222720K) Eden: 111616K(111616K)->0K(111616K) From: 64K(111104K)->64K(111104K)
[78.539s][info][gc,heap        ] GC(214) ParOldGen: 489266K(667648K)->489266K(667648K)
[78.539s][info][gc,metaspace   ] GC(214) Metaspace: 17530K(17728K)->17530K(17728K) NonClass: 15724K(15872K)->15724K(15872K) Class: 1805K(1856K)->1805K(1856K)
[78.539s][info][gc             ] GC(214) Pause Young (Allocation Failure) 586M->477M(869M) 1.690ms
[78.539s][info][gc,cpu         ] GC(214) User=0.00s Sys=0.00s Real=0.00s
[78.685s][info][gc,start       ] GC(215) Pause Young (Allocation Failure)
[78.687s][info][gc,heap        ] GC(215) PSYoungGen: 111680K(222720K)->64K(222720K) Eden: 111616K(111616K)->0K(111616K) From: 64K(111104K)->64K(111104K)
[78.687s][info][gc,heap        ] GC(215) ParOldGen: 489266K(667648K)->489266K(667648K)
[78.687s][info][gc,metaspace   ] GC(215) Metaspace: 17530K(17728K)->17530K(17728K) NonClass: 15724K(15872K)->15724K(15872K) Class: 1805K(1856K)->1805K(1856K)
[78.687s][info][gc             ] GC(215) Pause Young (Allocation Failure) 586M->477M(869M) 1.686ms
[78.687s][info][gc,cpu         ] GC(215) User=0.00s Sys=0.00s Real=0.01s
[78.834s][info][gc,start       ] GC(216) Pause Young (Allocation Failure)
[78.835s][info][gc,heap        ] GC(216) PSYoungGen: 111680K(222720K)->64K(222720K) Eden: 111616K(111616K)->0K(111616K) From: 64K(111104K)->64K(111104K)
[78.835s][info][gc,heap        ] GC(216) ParOldGen: 489266K(667648K)->489266K(667648K)
[78.835s][info][gc,metaspace   ] GC(216) Metaspace: 17530K(17728K)->17530K(17728K) NonClass: 15724K(15872K)->15724K(15872K) Class: 1805K(1856K)->1805K(1856K)
[78.835s][info][gc             ] GC(216) Pause Young (Allocation Failure) 586M->477M(869M) 1.687ms
[78.835s][info][gc,cpu         ] GC(216) User=0.01s Sys=0.00s Real=0.00s
[78.977s][info][gc,start       ] GC(217) Pause Young (Allocation Failure)
[78.979s][info][gc,heap        ] GC(217) PSYoungGen: 111680K(222720K)->64K(222720K) Eden: 111616K(111616K)->0K(111616K) From: 64K(111104K)->64K(111104K)
[78.979s][info][gc,heap        ] GC(217) ParOldGen: 489266K(667648K)->489266K(667648K)
[78.979s][info][gc,metaspace   ] GC(217) Metaspace: 17530K(17728K)->17530K(17728K) NonClass: 15724K(15872K)->15724K(15872K) Class: 1805K(1856K)->1805K(1856K)
[78.979s][info][gc             ] GC(217) Pause Young (Allocation Failure) 586M->477M(869M) 1.682ms
[78.979s][info][gc,cpu         ] GC(217) User=0.00s Sys=0.00s Real=0.00s
[79.125s][info][gc,start       ] GC(218) Pause Young (Allocation Failure)
[79.128s][info][gc,heap        ] GC(218) PSYoungGen: 111680K(222720K)->64K(214528K) Eden: 111616K(111616K)->0K(111616K) From: 64K(111104K)->64K(102912K)
[79.128s][info][gc,heap        ] GC(218) ParOldGen: 489266K(667648K)->489266K(667648K)
[79.128s][info][gc,metaspace   ] GC(218) Metaspace: 17530K(17728K)->17530K(17728K) NonClass: 15724K(15872K)->15724K(15872K) Class: 1805K(1856K)->1805K(1856K)
[79.128s][info][gc             ] GC(218) Pause Young (Allocation Failure) 586M->477M(861M) 2.392ms
[79.128s][info][gc,cpu         ] GC(218) User=0.01s Sys=0.00s Real=0.01s
[79.277s][info][gc,start       ] GC(219) Pause Young (Allocation Failure)
[79.279s][info][gc,heap        ] GC(219) PSYoungGen: 111680K(214528K)->64K(112128K) Eden: 111616K(111616K)->0K(111616K) From: 64K(102912K)->64K(512K)
[79.279s][info][gc,heap        ] GC(219) ParOldGen: 489266K(667648K)->489266K(667648K)
[79.279s][info][gc,metaspace   ] GC(219) Metaspace: 17530K(17728K)->17530K(17728K) NonClass: 15724K(15872K)->15724K(15872K) Class: 1805K(1856K)->1805K(1856K)
[79.279s][info][gc             ] GC(219) Pause Young (Allocation Failure) 586M->477M(761M) 2.389ms
[79.279s][info][gc,cpu         ] GC(219) User=0.01s Sys=0.00s Real=0.00s
[79.425s][info][gc,start       ] GC(220) Pause Young (Allocation Failure)
[79.427s][info][gc,heap        ] GC(220) PSYoungGen: 111680K(112128K)->64K(204288K) Eden: 111616K(111616K)->0K(113152K) From: 64K(512K)->64K(91136K)
[79.427s][info][gc,heap        ] GC(220) ParOldGen: 489266K(667648K)->489266K(667648K)
[79.427s][info][gc,metaspace   ] GC(220) Metaspace: 17530K(17728K)->17530K(17728K) NonClass: 15724K(15872K)->15724K(15872K) Class: 1805K(1856K)->1805K(1856K)
[79.427s][info][gc             ] GC(220) Pause Young (Allocation Failure) 586M->477M(851M) 2.609ms
[79.427s][info][gc,cpu         ] GC(220) User=0.00s Sys=0.00s Real=0.01s
[79.575s][info][gc,start       ] GC(221) Pause Young (Allocation Failure)
[79.579s][info][gc,heap        ] GC(221) PSYoungGen: 113216K(204288K)->576K(114176K) Eden: 113152K(113152K)->0K(113152K) From: 64K(91136K)->576K(1024K)
[79.579s][info][gc,heap        ] GC(221) ParOldGen: 489266K(667648K)->489266K(667648K)
[79.579s][info][gc,metaspace   ] GC(221) Metaspace: 17530K(17728K)->17530K(17728K) NonClass: 15724K(15872K)->15724K(15872K) Class: 1805K(1856K)->1805K(1856K)
[79.579s][info][gc             ] GC(221) Pause Young (Allocation Failure) 588M->478M(763M) 3.854ms
[79.579s][info][gc,cpu         ] GC(221) User=0.01s Sys=0.00s Real=0.01s
[79.682s][info][gc,start       ] GC(222) Pause Young (Allocation Failure)
[79.705s][info][gc,heap        ] GC(222) PSYoungGen: 113728K(114176K)->18976K(197632K) Eden: 113152K(113152K)->0K(116736K) From: 576K(1024K)->18976K(80896K)
[79.705s][info][gc,heap        ] GC(222) ParOldGen: 489266K(667648K)->489266K(667648K)
[79.705s][info][gc,metaspace   ] GC(222) Metaspace: 17530K(17728K)->17530K(17728K) NonClass: 15725K(15872K)->15725K(15872K) Class: 1805K(1856K)->1805K(1856K)
[79.705s][info][gc             ] GC(222) Pause Young (Allocation Failure) 588M->496M(845M) 23.101ms
[79.705s][info][gc,cpu         ] GC(222) User=0.05s Sys=0.00s Real=0.02s
[79.810s][info][gc,start       ] GC(223) Pause Young (Allocation Failure)
[79.844s][info][gc,heap        ] GC(223) PSYoungGen: 135712K(197632K)->30560K(201728K) Eden: 116736K(116736K)->0K(116736K) From: 18976K(80896K)->30560K(84992K)
[79.844s][info][gc,heap        ] GC(223) ParOldGen: 489266K(667648K)->489266K(667648K)
[79.844s][info][gc,metaspace   ] GC(223) Metaspace: 17530K(17728K)->17530K(17728K) NonClass: 15725K(15872K)->15725K(15872K) Class: 1805K(1856K)->1805K(1856K)
[79.844s][info][gc             ] GC(223) Pause Young (Allocation Failure) 610M->507M(849M) 33.609ms
[79.844s][info][gc,cpu         ] GC(223) User=0.06s Sys=0.00s Real=0.03s
[79.932s][info][gc,start       ] GC(224) Pause Young (Allocation Failure)
[79.968s][info][gc,heap        ] GC(224) PSYoungGen: 147296K(201728K)->33344K(206848K) Eden: 116736K(116736K)->0K(122880K) From: 30560K(84992K)->33344K(83968K)
[79.968s][info][gc,heap        ] GC(224) ParOldGen: 489266K(667648K)->489266K(667648K)
[79.968s][info][gc,metaspace   ] GC(224) Metaspace: 17530K(17728K)->17530K(17728K) NonClass: 15725K(15872K)->15725K(15872K) Class: 1805K(1856K)->1805K(1856K)
[79.968s][info][gc             ] GC(224) Pause Young (Allocation Failure) 621M->510M(854M) 36.354ms
[79.968s][info][gc,cpu         ] GC(224) User=0.07s Sys=0.00s Real=0.04s
[80.075s][info][gc,start       ] GC(225) Pause Young (Allocation Failure)
[80.113s][info][gc,heap        ] GC(225) PSYoungGen: 156224K(206848K)->35296K(206336K) Eden: 122880K(122880K)->0K(122880K) From: 33344K(83968K)->35296K(83456K)
[80.113s][info][gc,heap        ] GC(225) ParOldGen: 489266K(667648K)->489266K(667648K)
[80.113s][info][gc,metaspace   ] GC(225) Metaspace: 17530K(17728K)->17530K(17728K) NonClass: 15725K(15872K)->15725K(15872K) Class: 1805K(1856K)->1805K(1856K)
[80.113s][info][gc             ] GC(225) Pause Young (Allocation Failure) 630M->512M(853M) 38.200ms
[80.113s][info][gc,cpu         ] GC(225) User=0.07s Sys=0.00s Real=0.04s
[80.237s][info][gc,start       ] GC(226) Pause Young (Allocation Failure)
[80.276s][info][gc,heap        ] GC(226) PSYoungGen: 158176K(206336K)->35296K(214016K) Eden: 122880K(122880K)->0K(131584K) From: 35296K(83456K)->35296K(82432K)
[80.276s][info][gc,heap        ] GC(226) ParOldGen: 489266K(667648K)->489266K(667648K)
[80.276s][info][gc,metaspace   ] GC(226) Metaspace: 17530K(17728K)->17530K(17728K) NonClass: 15725K(15872K)->15725K(15872K) Class: 1805K(1856K)->1805K(1856K)
[80.276s][info][gc             ] GC(226) Pause Young (Allocation Failure) 632M->512M(861M) 39.354ms
[80.276s][info][gc,cpu         ] GC(226) User=0.08s Sys=0.00s Real=0.04s
[80.414s][info][gc,start       ] GC(227) Pause Young (Allocation Failure)
[80.459s][info][gc,heap        ] GC(227) PSYoungGen: 166880K(214016K)->43872K(214016K) Eden: 131584K(131584K)->0K(131584K) From: 35296K(82432K)->43872K(82432K)
[80.459s][info][gc,heap        ] GC(227) ParOldGen: 489266K(667648K)->489266K(667648K)
[80.459s][info][gc,metaspace   ] GC(227) Metaspace: 17530K(17728K)->17530K(17728K) NonClass: 15725K(15872K)->15725K(15872K) Class: 1805K(1856K)->1805K(1856K)
[80.459s][info][gc             ] GC(227) Pause Young (Allocation Failure) 640M->520M(861M) 44.774ms
[80.459s][info][gc,cpu         ] GC(227) User=0.09s Sys=0.00s Real=0.05s
[80.735s][info][gc,start       ] GC(228) Pause Young (Allocation Failure)
[80.782s][info][gc,heap        ] GC(228) PSYoungGen: 175456K(214016K)->44000K(224256K) Eden: 131584K(131584K)->0K(139776K) From: 43872K(82432K)->44000K(84480K)
[80.782s][info][gc,heap        ] GC(228) ParOldGen: 489266K(667648K)->489266K(667648K)
[80.782s][info][gc,metaspace   ] GC(228) Metaspace: 17531K(17728K)->17531K(17728K) NonClass: 15725K(15872K)->15725K(15872K) Class: 1805K(1856K)->1805K(1856K)
[80.782s][info][gc             ] GC(228) Pause Young (Allocation Failure) 649M->520M(871M) 47.070ms
[80.782s][info][gc,cpu         ] GC(228) User=0.09s Sys=0.00s Real=0.05s
[81.029s][info][gc,start       ] GC(229) Pause Young (Allocation Failure)
[81.079s][info][gc,heap        ] GC(229) PSYoungGen: 183776K(224256K)->44160K(225792K) Eden: 139776K(139776K)->0K(139776K) From: 44000K(84480K)->44160K(86016K)
[81.079s][info][gc,heap        ] GC(229) ParOldGen: 489266K(667648K)->489266K(667648K)
[81.079s][info][gc,metaspace   ] GC(229) Metaspace: 17531K(17728K)->17531K(17728K) NonClass: 15725K(15872K)->15725K(15872K) Class: 1805K(1856K)->1805K(1856K)
[81.079s][info][gc             ] GC(229) Pause Young (Allocation Failure) 657M->520M(872M) 50.468ms
[81.079s][info][gc,cpu         ] GC(229) User=0.10s Sys=0.00s Real=0.05s
[81.323s][info][gc,start       ] GC(230) Pause Young (Allocation Failure)
[81.370s][info][gc,heap        ] GC(230) PSYoungGen: 183936K(225792K)->44128K(236032K) Eden: 139776K(139776K)->0K(148992K) From: 44160K(86016K)->44128K(87040K)
[81.370s][info][gc,heap        ] GC(230) ParOldGen: 489266K(667648K)->489266K(667648K)
[81.370s][info][gc,metaspace   ] GC(230) Metaspace: 17531K(17728K)->17531K(17728K) NonClass: 15725K(15872K)->15725K(15872K) Class: 1805K(1856K)->1805K(1856K)
[81.370s][info][gc             ] GC(230) Pause Young (Allocation Failure) 657M->520M(882M) 47.323ms
[81.370s][info][gc,cpu         ] GC(230) User=0.09s Sys=0.00s Real=0.05s
[81.637s][info][gc,start       ] GC(231) Pause Young (Allocation Failure)
[81.684s][info][gc,heap        ] GC(231) PSYoungGen: 193120K(236032K)->44192K(236032K) Eden: 148992K(148992K)->0K(148992K) From: 44128K(87040K)->44192K(87040K)
[81.684s][info][gc,heap        ] GC(231) ParOldGen: 489266K(667648K)->489266K(667648K)
[81.684s][info][gc,metaspace   ] GC(231) Metaspace: 17531K(17728K)->17531K(17728K) NonClass: 15725K(15872K)->15725K(15872K) Class: 1805K(1856K)->1805K(1856K)
[81.684s][info][gc             ] GC(231) Pause Young (Allocation Failure) 666M->520M(882M) 46.826ms
[81.684s][info][gc,cpu         ] GC(231) User=0.10s Sys=0.00s Real=0.04s
[81.890s][info][gc,start       ] GC(232) Pause Young (Allocation Failure)
[81.958s][info][gc,heap        ] GC(232) PSYoungGen: 193184K(236032K)->58144K(238592K) Eden: 148992K(148992K)->0K(151552K) From: 44192K(87040K)->58144K(87040K)
[81.958s][info][gc,heap        ] GC(232) ParOldGen: 489266K(667648K)->489266K(667648K)
[81.958s][info][gc,metaspace   ] GC(232) Metaspace: 17531K(17728K)->17531K(17728K) NonClass: 15725K(15872K)->15725K(15872K) Class: 1805K(1856K)->1805K(1856K)
[81.958s][info][gc             ] GC(232) Pause Young (Allocation Failure) 666M->534M(885M) 67.696ms
[81.958s][info][gc,cpu         ] GC(232) User=0.12s Sys=0.01s Real=0.07s
[82.156s][info][gc,start       ] GC(233) Pause Young (Allocation Failure)
[82.225s][info][gc,heap        ] GC(233) PSYoungGen: 209696K(238592K)->70336K(222208K) Eden: 151552K(151552K)->0K(151552K) From: 58144K(87040K)->70336K(70656K)
[82.225s][info][gc,heap        ] GC(233) ParOldGen: 489266K(667648K)->489266K(667648K)
[82.225s][info][gc,metaspace   ] GC(233) Metaspace: 17531K(17728K)->17531K(17728K) NonClass: 15725K(15872K)->15725K(15872K) Class: 1805K(1856K)->1805K(1856K)
[82.225s][info][gc             ] GC(233) Pause Young (Allocation Failure) 682M->546M(869M) 69.542ms
[82.225s][info][gc,cpu         ] GC(233) User=0.14s Sys=0.00s Real=0.07s
[82.383s][info][gc,start       ] GC(234) Pause Young (Allocation Failure)
[82.498s][info][gc,heap        ] GC(234) PSYoungGen: 221888K(222208K)->99296K(210944K) Eden: 151552K(151552K)->0K(111616K) From: 70336K(70656K)->99296K(99328K)
[82.498s][info][gc,heap        ] GC(234) ParOldGen: 489266K(667648K)->505230K(667648K)
[82.498s][info][gc,metaspace   ] GC(234) Metaspace: 17540K(17728K)->17540K(17728K) NonClass: 15734K(15872K)->15734K(15872K) Class: 1805K(1856K)->1805K(1856K)
[82.498s][info][gc             ] GC(234) Pause Young (Allocation Failure) 694M->590M(858M) 114.969ms
[82.498s][info][gc,cpu         ] GC(234) User=0.20s Sys=0.02s Real=0.12s
[82.787s][info][gc,start       ] GC(235) Pause Young (Allocation Failure)
[82.882s][info][gc,heap        ] GC(235) PSYoungGen: 210912K(210944K)->101120K(222720K) Eden: 111616K(111616K)->0K(111616K) From: 99296K(99328K)->101120K(111104K)
[82.882s][info][gc,heap        ] GC(235) ParOldGen: 505230K(667648K)->505782K(667648K)
[82.882s][info][gc,metaspace   ] GC(235) Metaspace: 17548K(17728K)->17548K(17728K) NonClass: 15742K(15872K)->15742K(15872K) Class: 1806K(1856K)->1806K(1856K)
[82.882s][info][gc             ] GC(235) Pause Young (Allocation Failure) 699M->592M(869M) 95.534ms
[82.882s][info][gc,cpu         ] GC(235) User=0.19s Sys=0.00s Real=0.09s
[83.085s][info][gc,start       ] GC(236) Pause Young (Allocation Failure)
[83.203s][info][gc,heap        ] GC(236) PSYoungGen: 212736K(222720K)->84336K(222720K) Eden: 111616K(111616K)->0K(111616K) From: 101120K(111104K)->84336K(111104K)
[83.203s][info][gc,heap        ] GC(236) ParOldGen: 505782K(667648K)->535870K(667648K)
[83.203s][info][gc,metaspace   ] GC(236) Metaspace: 17563K(17728K)->17563K(17728K) NonClass: 15755K(15872K)->15755K(15872K) Class: 1808K(1856K)->1808K(1856K)
[83.203s][info][gc             ] GC(236) Pause Young (Allocation Failure) 701M->605M(869M) 118.095ms
[83.203s][info][gc,cpu         ] GC(236) User=0.24s Sys=0.00s Real=0.12s
[83.359s][info][gc,start       ] GC(237) Pause Young (Allocation Failure)
[83.448s][info][gc,heap        ] GC(237) PSYoungGen: 195952K(222720K)->79632K(222720K) Eden: 111616K(111616K)->0K(111616K) From: 84336K(111104K)->79632K(111104K)
[83.448s][info][gc,heap        ] GC(237) ParOldGen: 535870K(667648K)->540606K(667648K)
[83.448s][info][gc,metaspace   ] GC(237) Metaspace: 17563K(17728K)->17563K(17728K) NonClass: 15755K(15872K)->15755K(15872K) Class: 1808K(1856K)->1808K(1856K)
[83.449s][info][gc             ] GC(237) Pause Young (Allocation Failure) 714M->605M(869M) 89.252ms
[83.449s][info][gc,cpu         ] GC(237) User=0.17s Sys=0.00s Real=0.09s
[83.602s][info][gc,start       ] GC(238) Pause Young (Allocation Failure)
[83.690s][info][gc,heap        ] GC(238) PSYoungGen: 191248K(222720K)->71056K(222720K) Eden: 111616K(111616K)->0K(111616K) From: 79632K(111104K)->71056K(111104K)
[83.690s][info][gc,heap        ] GC(238) ParOldGen: 540606K(667648K)->549206K(667648K)
[83.690s][info][gc,metaspace   ] GC(238) Metaspace: 17563K(17728K)->17563K(17728K) NonClass: 15755K(15872K)->15755K(15872K) Class: 1808K(1856K)->1808K(1856K)
[83.690s][info][gc             ] GC(238) Pause Young (Allocation Failure) 714M->605M(869M) 88.129ms
[83.690s][info][gc,cpu         ] GC(238) User=0.17s Sys=0.00s Real=0.09s
[83.845s][info][gc,start       ] GC(239) Pause Young (Allocation Failure)
[83.921s][info][gc,heap        ] GC(239) PSYoungGen: 182672K(222720K)->70736K(222720K) Eden: 111616K(111616K)->0K(111616K) From: 71056K(111104K)->70736K(111104K)
[83.921s][info][gc,heap        ] GC(239) ParOldGen: 549206K(667648K)->549516K(667648K)
[83.921s][info][gc,metaspace   ] GC(239) Metaspace: 17563K(17728K)->17563K(17728K) NonClass: 15755K(15872K)->15755K(15872K) Class: 1808K(1856K)->1808K(1856K)
[83.921s][info][gc             ] GC(239) Pause Young (Allocation Failure) 714M->605M(869M) 75.546ms
[83.921s][info][gc,cpu         ] GC(239) User=0.15s Sys=0.00s Real=0.08s
[84.078s][info][gc,start       ] GC(240) Pause Young (Allocation Failure)
[84.154s][info][gc,heap        ] GC(240) PSYoungGen: 182352K(222720K)->70704K(222720K) Eden: 111616K(111616K)->0K(111616K) From: 70736K(111104K)->70704K(111104K)
[84.154s][info][gc,heap        ] GC(240) ParOldGen: 549516K(667648K)->549564K(667648K)
[84.154s][info][gc,metaspace   ] GC(240) Metaspace: 17563K(17728K)->17563K(17728K) NonClass: 15755K(15872K)->15755K(15872K) Class: 1808K(1856K)->1808K(1856K)
[84.154s][info][gc             ] GC(240) Pause Young (Allocation Failure) 714M->605M(869M) 75.763ms
[84.154s][info][gc,cpu         ] GC(240) User=0.15s Sys=0.00s Real=0.07s
[84.310s][info][gc,start       ] GC(241) Pause Young (Allocation Failure)
[84.383s][info][gc,heap        ] GC(241) PSYoungGen: 182320K(222720K)->44704K(222720K) Eden: 111616K(111616K)->0K(111616K) From: 70704K(111104K)->44704K(111104K)
[84.384s][info][gc,heap        ] GC(241) ParOldGen: 549564K(667648K)->575751K(667648K)
[84.384s][info][gc,metaspace   ] GC(241) Metaspace: 17563K(17728K)->17563K(17728K) NonClass: 15755K(15872K)->15755K(15872K) Class: 1808K(1856K)->1808K(1856K)
[84.384s][info][gc             ] GC(241) Pause Young (Allocation Failure) 714M->605M(869M) 73.395ms
[84.384s][info][gc,cpu         ] GC(241) User=0.15s Sys=0.00s Real=0.07s
[84.538s][info][gc,start       ] GC(242) Pause Young (Allocation Failure)
[84.587s][info][gc,heap        ] GC(242) PSYoungGen: 156320K(222720K)->13280K(222720K) Eden: 111616K(111616K)->0K(111616K) From: 44704K(111104K)->13280K(111104K)
[84.587s][info][gc,heap        ] GC(242) ParOldGen: 575751K(667648K)->607487K(667648K)
[84.587s][info][gc,metaspace   ] GC(242) Metaspace: 17563K(17728K)->17563K(17728K) NonClass: 15755K(15872K)->15755K(15872K) Class: 1808K(1856K)->1808K(1856K)
[84.587s][info][gc             ] GC(242) Pause Young (Allocation Failure) 714M->606M(869M) 49.641ms
[84.587s][info][gc,cpu         ] GC(242) User=0.09s Sys=0.00s Real=0.05s
[84.741s][info][gc,start       ] GC(243) Pause Young (Allocation Failure)
[84.764s][info][gc,heap        ] GC(243) PSYoungGen: 124896K(222720K)->32K(222720K) Eden: 111616K(111616K)->0K(111616K) From: 13280K(111104K)->32K(111104K)
[84.764s][info][gc,heap        ] GC(243) ParOldGen: 607487K(667648K)->620759K(667648K)
[84.764s][info][gc,metaspace   ] GC(243) Metaspace: 17563K(17728K)->17563K(17728K) NonClass: 15755K(15872K)->15755K(15872K) Class: 1808K(1856K)->1808K(1856K)
[84.764s][info][gc             ] GC(243) Pause Young (Allocation Failure) 715M->606M(869M) 23.409ms
[84.764s][info][gc,cpu         ] GC(243) User=0.05s Sys=0.00s Real=0.02s
[84.889s][info][gc,start       ] GC(244) Pause Young (Allocation Failure)
[84.912s][info][gc,heap        ] GC(244) PSYoungGen: 111648K(222720K)->16672K(222720K) Eden: 111616K(111616K)->0K(111616K) From: 32K(111104K)->16672K(111104K)
[84.912s][info][gc,heap        ] GC(244) ParOldGen: 620759K(667648K)->620759K(667648K)
[84.912s][info][gc,metaspace   ] GC(244) Metaspace: 17563K(17728K)->17563K(17728K) NonClass: 15755K(15872K)->15755K(15872K) Class: 1808K(1856K)->1808K(1856K)
[84.912s][info][gc             ] GC(244) Pause Young (Allocation Failure) 715M->622M(869M) 22.972ms
[84.912s][info][gc,cpu         ] GC(244) User=0.05s Sys=0.00s Real=0.02s
[85.046s][info][gc,start       ] GC(245) Pause Young (Allocation Failure)
[85.081s][info][gc,heap        ] GC(245) PSYoungGen: 128288K(222720K)->30912K(222720K) Eden: 111616K(111616K)->0K(111616K) From: 16672K(111104K)->30912K(111104K)
[85.081s][info][gc,heap        ] GC(245) ParOldGen: 620759K(667648K)->620759K(667648K)
[85.081s][info][gc,metaspace   ] GC(245) Metaspace: 17563K(17728K)->17563K(17728K) NonClass: 15755K(15872K)->15755K(15872K) Class: 1808K(1856K)->1808K(1856K)
[85.081s][info][gc             ] GC(245) Pause Young (Allocation Failure) 731M->636M(869M) 35.383ms
[85.081s][info][gc,cpu         ] GC(245) User=0.07s Sys=0.00s Real=0.04s
[85.209s][info][gc,start       ] GC(246) Pause Young (Allocation Failure)
[85.261s][info][gc,heap        ] GC(246) PSYoungGen: 142528K(222720K)->46240K(222720K) Eden: 111616K(111616K)->0K(111616K) From: 30912K(111104K)->46240K(111104K)
[85.261s][info][gc,heap        ] GC(246) ParOldGen: 620759K(667648K)->620759K(667648K)
[85.261s][info][gc,metaspace   ] GC(246) Metaspace: 17563K(17728K)->17563K(17728K) NonClass: 15755K(15872K)->15755K(15872K) Class: 1808K(1856K)->1808K(1856K)
[85.261s][info][gc             ] GC(246) Pause Young (Allocation Failure) 745M->651M(869M) 52.445ms
[85.261s][info][gc,cpu         ] GC(246) User=0.10s Sys=0.00s Real=0.05s
[85.346s][info][gc,start       ] GC(247) Pause Young (Allocation Failure)
[85.424s][info][gc,heap        ] GC(247) PSYoungGen: 157856K(222720K)->36416K(148480K) Eden: 111616K(111616K)->0K(111616K) From: 46240K(111104K)->36416K(36864K)
[85.424s][info][gc,heap        ] GC(247) ParOldGen: 620759K(667648K)->651719K(667648K)
[85.424s][info][gc,metaspace   ] GC(247) Metaspace: 17563K(17728K)->17563K(17728K) NonClass: 15755K(15872K)->15755K(15872K) Class: 1808K(1856K)->1808K(1856K)
[85.424s][info][gc             ] GC(247) Pause Young (Allocation Failure) 760M->672M(797M) 77.833ms
[85.424s][info][gc,cpu         ] GC(247) User=0.15s Sys=0.00s Real=0.08s
[85.517s][info][gc,start       ] GC(248) Pause Full (Allocation Failure)
[85.517s][info][gc,phases,start] GC(248) Marking Phase
[85.784s][info][gc,phases      ] GC(248) Marking Phase 267.015ms
[85.785s][info][gc,phases,start] GC(248) Summary Phase
[85.785s][info][gc,phases      ] GC(248) Summary Phase 0.031ms
[85.785s][info][gc,phases,start] GC(248) Forward
[85.854s][info][gc,phases      ] GC(248) Forward 68.906ms
[85.854s][info][gc,phases,start] GC(248) Adjust Pointers
[86.070s][info][gc,phases      ] GC(248) Adjust Pointers 216.872ms
[86.071s][info][gc,phases,start] GC(248) Compaction Phase
[86.194s][info][gc,phases      ] GC(248) Compaction Phase 123.726ms
[86.203s][info][gc,phases,start] GC(248) Post Compact
[86.206s][info][gc,phases      ] GC(248) Post Compact 2.418ms
[86.208s][info][gc,heap        ] GC(248) PSYoungGen: 148032K(148480K)->0K(220160K) Eden: 111616K(111616K)->0K(111616K) From: 36416K(36864K)->0K(108544K)
[86.208s][info][gc,heap        ] GC(248) ParOldGen: 651719K(667648K)->398132K(626688K)
[86.208s][info][gc,metaspace   ] GC(248) Metaspace: 17563K(17728K)->17563K(17728K) NonClass: 15755K(15872K)->15755K(15872K) Class: 1808K(1856K)->1808K(1856K)
[86.208s][info][gc             ] GC(248) Pause Full (Allocation Failure) 781M->388M(827M) 690.199ms
[86.208s][info][gc,cpu         ] GC(248) User=1.34s Sys=0.01s Real=0.69s
[86.270s][info][gc,start       ] GC(249) Pause Young (Allocation Failure)
[86.285s][info][gc,heap        ] GC(249) PSYoungGen: 111616K(220160K)->11136K(220160K) Eden: 111616K(111616K)->0K(111616K) From: 0K(108544K)->11136K(108544K)
[86.285s][info][gc,heap        ] GC(249) ParOldGen: 398132K(626688K)->398132K(626688K)
[86.285s][info][gc,metaspace   ] GC(249) Metaspace: 17563K(17728K)->17563K(17728K) NonClass: 15755K(15872K)->15755K(15872K) Class: 1808K(1856K)->1808K(1856K)
[86.285s][info][gc             ] GC(249) Pause Young (Allocation Failure) 497M->399M(827M) 14.814ms
[86.285s][info][gc,cpu         ] GC(249) User=0.03s Sys=0.00s Real=0.01s
[86.346s][info][gc,start       ] GC(250) Pause Young (Allocation Failure)
[86.369s][info][gc,heap        ] GC(250) PSYoungGen: 122752K(220160K)->16480K(221184K) Eden: 111616K(111616K)->0K(117760K) From: 11136K(108544K)->16480K(103424K)
[86.369s][info][gc,heap        ] GC(250) ParOldGen: 398132K(626688K)->398132K(626688K)
[86.369s][info][gc,metaspace   ] GC(250) Metaspace: 17563K(17728K)->17563K(17728K) NonClass: 15755K(15872K)->15755K(15872K) Class: 1808K(1856K)->1808K(1856K)
[86.369s][info][gc             ] GC(250) Pause Young (Allocation Failure) 508M->404M(828M) 22.916ms
[86.369s][info][gc,cpu         ] GC(250) User=0.04s Sys=0.00s Real=0.03s
[86.425s][info][gc,start       ] GC(251) Pause Young (Allocation Failure)
[86.452s][info][gc,heap        ] GC(251) PSYoungGen: 134240K(221184K)->20192K(222720K) Eden: 117760K(117760K)->0K(117760K) From: 16480K(103424K)->20192K(104960K)
[86.452s][info][gc,heap        ] GC(251) ParOldGen: 398132K(626688K)->398132K(626688K)
[86.452s][info][gc,metaspace   ] GC(251) Metaspace: 17563K(17728K)->17563K(17728K) NonClass: 15755K(15872K)->15755K(15872K) Class: 1808K(1856K)->1808K(1856K)
[86.452s][info][gc             ] GC(251) Pause Young (Allocation Failure) 519M->408M(829M) 26.678ms
[86.452s][info][gc,cpu         ] GC(251) User=0.06s Sys=0.00s Real=0.03s
[86.528s][info][gc,start       ] GC(252) Pause Young (Allocation Failure)
[86.559s][info][gc,heap        ] GC(252) PSYoungGen: 137952K(222720K)->23616K(222720K) Eden: 117760K(117760K)->0K(127488K) From: 20192K(104960K)->23616K(95232K)
[86.559s][info][gc,heap        ] GC(252) ParOldGen: 398132K(626688K)->398132K(626688K)
[86.559s][info][gc,metaspace   ] GC(252) Metaspace: 17563K(17728K)->17563K(17728K) NonClass: 15755K(15872K)->15755K(15872K) Class: 1808K(1856K)->1808K(1856K)
[86.559s][info][gc             ] GC(252) Pause Young (Allocation Failure) 523M->411M(829M) 30.875ms
[86.559s][info][gc,cpu         ] GC(252) User=0.06s Sys=0.00s Real=0.03s
[86.656s][info][gc,start       ] GC(253) Pause Young (Allocation Failure)
[86.698s][info][gc,heap        ] GC(253) PSYoungGen: 151104K(222720K)->23648K(224768K) Eden: 127488K(127488K)->0K(127488K) From: 23616K(95232K)->23648K(97280K)
[86.698s][info][gc,heap        ] GC(253) ParOldGen: 398132K(626688K)->398132K(626688K)
[86.698s][info][gc,metaspace   ] GC(253) Metaspace: 17563K(17728K)->17563K(17728K) NonClass: 15755K(15872K)->15755K(15872K) Class: 1808K(1856K)->1808K(1856K)
[86.698s][info][gc             ] GC(253) Pause Young (Allocation Failure) 536M->411M(831M) 42.442ms
[86.698s][info][gc,cpu         ] GC(253) User=0.08s Sys=0.00s Real=0.05s
[86.808s][info][gc,start       ] GC(254) Pause Young (Allocation Failure)
[86.848s][info][gc,heap        ] GC(254) PSYoungGen: 151136K(224768K)->32192K(221184K) Eden: 127488K(127488K)->0K(139776K) From: 23648K(97280K)->32192K(81408K)
[86.848s][info][gc,heap        ] GC(254) ParOldGen: 398132K(626688K)->398132K(626688K)
[86.848s][info][gc,metaspace   ] GC(254) Metaspace: 17586K(17728K)->17586K(17728K) NonClass: 15777K(15872K)->15777K(15872K) Class: 1808K(1856K)->1808K(1856K)
[86.848s][info][gc             ] GC(254) Pause Young (Allocation Failure) 536M->420M(828M) 40.467ms
[86.848s][info][gc,cpu         ] GC(254) User=0.08s Sys=0.00s Real=0.04s
[86.987s][info][gc,start       ] GC(255) Pause Young (Allocation Failure)
[87.034s][info][gc,heap        ] GC(255) PSYoungGen: 171968K(221184K)->35488K(226816K) Eden: 139776K(139776K)->0K(139776K) From: 32192K(81408K)->35488K(87040K)
[87.034s][info][gc,heap        ] GC(255) ParOldGen: 398132K(626688K)->398132K(626688K)
[87.034s][info][gc,metaspace   ] GC(255) Metaspace: 17587K(17728K)->17587K(17728K) NonClass: 15778K(15872K)->15778K(15872K) Class: 1808K(1856K)->1808K(1856K)
[87.034s][info][gc             ] GC(255) Pause Young (Allocation Failure) 556M->423M(833M) 46.741ms
[87.034s][info][gc,cpu         ] GC(255) User=0.09s Sys=0.00s Real=0.04s
[87.220s][info][gc,start       ] GC(256) Pause Young (Allocation Failure)
[87.266s][info][gc,heap        ] GC(256) PSYoungGen: 175264K(226816K)->39040K(228352K) Eden: 139776K(139776K)->0K(152576K) From: 35488K(87040K)->39040K(75776K)
[87.266s][info][gc,heap        ] GC(256) ParOldGen: 398132K(626688K)->398132K(626688K)
[87.266s][info][gc,metaspace   ] GC(256) Metaspace: 17588K(17728K)->17588K(17728K) NonClass: 15779K(15872K)->15779K(15872K) Class: 1808K(1856K)->1808K(1856K)
[87.266s][info][gc             ] GC(256) Pause Young (Allocation Failure) 559M->426M(835M) 46.181ms
[87.266s][info][gc,cpu         ] GC(256) User=0.09s Sys=0.01s Real=0.04s
[87.497s][info][gc,start       ] GC(257) Pause Young (Allocation Failure)
[87.545s][info][gc,heap        ] GC(257) PSYoungGen: 191616K(228352K)->42592K(231936K) Eden: 152576K(152576K)->0K(152576K) From: 39040K(75776K)->42592K(79360K)
[87.545s][info][gc,heap        ] GC(257) ParOldGen: 398132K(626688K)->398132K(626688K)
[87.545s][info][gc,metaspace   ] GC(257) Metaspace: 17588K(17728K)->17588K(17728K) NonClass: 15779K(15872K)->15779K(15872K) Class: 1808K(1856K)->1808K(1856K)
[87.545s][info][gc             ] GC(257) Pause Young (Allocation Failure) 575M->430M(838M) 48.084ms
[87.545s][info][gc,cpu         ] GC(257) User=0.10s Sys=0.00s Real=0.04s
[87.966s][info][gc,start       ] GC(258) Pause Young (Allocation Failure)
[88.024s][info][gc,heap        ] GC(258) PSYoungGen: 195168K(231936K)->56464K(240640K) Eden: 152576K(152576K)->0K(162304K) From: 42592K(79360K)->56464K(78336K)
[88.024s][info][gc,heap        ] GC(258) ParOldGen: 398132K(626688K)->398132K(626688K)
[88.024s][info][gc,metaspace   ] GC(258) Metaspace: 17588K(17728K)->17588K(17728K) NonClass: 15779K(15872K)->15779K(15872K) Class: 1808K(1856K)->1808K(1856K)
[88.024s][info][gc             ] GC(258) Pause Young (Allocation Failure) 579M->443M(847M) 57.284ms
[88.024s][info][gc,cpu         ] GC(258) User=0.11s Sys=0.00s Real=0.06s
[88.276s][info][gc,start       ] GC(259) Pause Young (Allocation Failure)
[88.344s][info][gc,heap        ] GC(259) PSYoungGen: 218768K(240640K)->66232K(244224K) Eden: 162304K(162304K)->0K(162304K) From: 56464K(78336K)->66232K(81920K)
[88.344s][info][gc,heap        ] GC(259) ParOldGen: 398132K(626688K)->398132K(626688K)
[88.344s][info][gc,metaspace   ] GC(259) Metaspace: 17588K(17728K)->17588K(17728K) NonClass: 15780K(15872K)->15780K(15872K) Class: 1808K(1856K)->1808K(1856K)
[88.344s][info][gc             ] GC(259) Pause Young (Allocation Failure) 602M->453M(850M) 68.195ms
[88.344s][info][gc,cpu         ] GC(259) User=0.14s Sys=0.00s Real=0.07s
[88.625s][info][gc,start       ] GC(260) Pause Young (Allocation Failure)
[88.732s][info][gc,heap        ] GC(260) PSYoungGen: 228536K(244224K)->88032K(206848K) Eden: 162304K(162304K)->0K(118784K) From: 66232K(81920K)->88032K(88064K)
[88.732s][info][gc,heap        ] GC(260) ParOldGen: 398132K(626688K)->416396K(626688K)
[88.732s][info][gc,metaspace   ] GC(260) Metaspace: 17595K(17728K)->17595K(17728K) NonClass: 15784K(15872K)->15784K(15872K) Class: 1811K(1856K)->1811K(1856K)
[88.732s][info][gc             ] GC(260) Pause Young (Allocation Failure) 611M->492M(814M) 106.582ms
[88.732s][info][gc,cpu         ] GC(260) User=0.20s Sys=0.01s Real=0.11s
[88.854s][info][gc,start       ] GC(261) Pause Young (Allocation Failure)
[88.970s][info][gc,heap        ] GC(261) PSYoungGen: 206816K(206848K)->107512K(226304K) Eden: 118784K(118784K)->0K(118784K) From: 88032K(88064K)->107512K(107520K)
[88.970s][info][gc,heap        ] GC(261) ParOldGen: 416396K(626688K)->439053K(626688K)
[88.970s][info][gc,metaspace   ] GC(261) Metaspace: 17612K(17792K)->17612K(17792K) NonClass: 15801K(15936K)->15801K(15936K) Class: 1811K(1856K)->1811K(1856K)
[88.970s][info][gc             ] GC(261) Pause Young (Allocation Failure) 608M->533M(833M) 116.037ms
[88.970s][info][gc,cpu         ] GC(261) User=0.23s Sys=0.00s Real=0.12s
[89.375s][info][gc,start       ] GC(262) Pause Young (Allocation Failure)
[89.483s][info][gc,heap        ] GC(262) PSYoungGen: 226296K(226304K)->92344K(219136K) Eden: 118784K(118784K)->0K(111616K) From: 107512K(107520K)->92344K(107520K)
[89.483s][info][gc,heap        ] GC(262) ParOldGen: 439053K(626688K)->455493K(626688K)
[89.483s][info][gc,metaspace   ] GC(262) Metaspace: 17616K(17792K)->17616K(17792K) NonClass: 15805K(15936K)->15805K(15936K) Class: 1811K(1856K)->1811K(1856K)
[89.483s][info][gc             ] GC(262) Pause Young (Allocation Failure) 649M->534M(826M) 107.724ms
[89.483s][info][gc,cpu         ] GC(262) User=0.21s Sys=0.00s Real=0.11s
[89.698s][info][gc,start       ] GC(263) Pause Young (Allocation Failure)
[89.793s][info][gc,heap        ] GC(263) PSYoungGen: 203960K(219136K)->85400K(222720K) Eden: 111616K(111616K)->0K(111616K) From: 92344K(107520K)->85400K(111104K)
[89.793s][info][gc,heap        ] GC(263) ParOldGen: 455493K(626688K)->462613K(626688K)
[89.793s][info][gc,metaspace   ] GC(263) Metaspace: 17616K(17792K)->17616K(17792K) NonClass: 15805K(15936K)->15805K(15936K) Class: 1811K(1856K)->1811K(1856K)
[89.793s][info][gc             ] GC(263) Pause Young (Allocation Failure) 643M->535M(829M) 95.643ms
[89.793s][info][gc,cpu         ] GC(263) User=0.19s Sys=0.00s Real=0.09s
[90.021s][info][gc,start       ] GC(264) Pause Young (Allocation Failure)
[90.109s][info][gc,heap        ] GC(264) PSYoungGen: 197016K(222720K)->77149K(222720K) Eden: 111616K(111616K)->0K(111616K) From: 85400K(111104K)->77149K(111104K)
[90.109s][info][gc,heap        ] GC(264) ParOldGen: 462613K(626688K)->471229K(626688K)
[90.109s][info][gc,metaspace   ] GC(264) Metaspace: 17616K(17792K)->17616K(17792K) NonClass: 15805K(15936K)->15805K(15936K) Class: 1811K(1856K)->1811K(1856K)
[90.109s][info][gc             ] GC(264) Pause Young (Allocation Failure) 644M->535M(829M) 87.764ms
[90.109s][info][gc,cpu         ] GC(264) User=0.17s Sys=0.00s Real=0.09s
[90.329s][info][gc,start       ] GC(265) Pause Young (Allocation Failure)
[90.414s][info][gc,heap        ] GC(265) PSYoungGen: 188765K(222720K)->70825K(222720K) Eden: 111616K(111616K)->0K(111616K) From: 77149K(111104K)->70825K(111104K)
[90.414s][info][gc,heap        ] GC(265) ParOldGen: 471229K(626688K)->478101K(626688K)
[90.414s][info][gc,metaspace   ] GC(265) Metaspace: 17616K(17792K)->17616K(17792K) NonClass: 15805K(15936K)->15805K(15936K) Class: 1811K(1856K)->1811K(1856K)
[90.414s][info][gc             ] GC(265) Pause Young (Allocation Failure) 644M->536M(829M) 84.438ms
[90.414s][info][gc,cpu         ] GC(265) User=0.16s Sys=0.00s Real=0.08s
[90.635s][info][gc,start       ] GC(266) Pause Young (Allocation Failure)
[90.709s][info][gc,heap        ] GC(266) PSYoungGen: 182441K(222720K)->54441K(222720K) Eden: 111616K(111616K)->0K(111616K) From: 70825K(111104K)->54441K(111104K)
[90.709s][info][gc,heap        ] GC(266) ParOldGen: 478101K(626688K)->495515K(626688K)
[90.709s][info][gc,metaspace   ] GC(266) Metaspace: 17616K(17792K)->17616K(17792K) NonClass: 15805K(15936K)->15805K(15936K) Class: 1811K(1856K)->1811K(1856K)
[90.709s][info][gc             ] GC(266) Pause Young (Allocation Failure) 645M->537M(829M) 74.170ms
[90.709s][info][gc,cpu         ] GC(266) User=0.15s Sys=0.00s Real=0.08s
[90.814s][info][gc,start       ] GC(267) Pause Young (Allocation Failure)
[90.875s][info][gc,heap        ] GC(267) PSYoungGen: 166057K(222720K)->26089K(222720K) Eden: 111616K(111616K)->0K(111616K) From: 54441K(111104K)->26089K(111104K)
[90.875s][info][gc,heap        ] GC(267) ParOldGen: 495515K(626688K)->525045K(626688K)
[90.875s][info][gc,metaspace   ] GC(267) Metaspace: 17619K(17792K)->17619K(17792K) NonClass: 15807K(15936K)->15807K(15936K) Class: 1811K(1856K)->1811K(1856K)
[90.875s][info][gc             ] GC(267) Pause Young (Allocation Failure) 646M->538M(829M) 60.688ms
[90.875s][info][gc,cpu         ] GC(267) User=0.12s Sys=0.00s Real=0.06s
[91.047s][info][gc,start       ] GC(268) Pause Young (Allocation Failure)
[91.080s][info][gc,heap        ] GC(268) PSYoungGen: 137705K(222720K)->4585K(222720K) Eden: 111616K(111616K)->0K(111616K) From: 26089K(111104K)->4585K(111104K)
[91.080s][info][gc,heap        ] GC(268) ParOldGen: 525045K(626688K)->548285K(626688K)
[91.080s][info][gc,metaspace   ] GC(268) Metaspace: 17622K(17792K)->17622K(17792K) NonClass: 15810K(15936K)->15810K(15936K) Class: 1811K(1856K)->1811K(1856K)
[91.080s][info][gc             ] GC(268) Pause Young (Allocation Failure) 647M->539M(829M) 32.620ms
[91.080s][info][gc,cpu         ] GC(268) User=0.07s Sys=0.01s Real=0.03s
[91.355s][info][gc,start       ] GC(269) Pause Young (Allocation Failure)
[91.379s][info][gc,heap        ] GC(269) PSYoungGen: 116201K(222720K)->4996K(222720K) Eden: 111616K(111616K)->0K(111616K) From: 4585K(111104K)->4996K(111104K)
[91.379s][info][gc,heap        ] GC(269) ParOldGen: 548285K(626688K)->548818K(626688K)
[91.379s][info][gc,metaspace   ] GC(269) Metaspace: 17640K(17792K)->17640K(17792K) NonClass: 15826K(15936K)->15826K(15936K) Class: 1814K(1856K)->1814K(1856K)
[91.379s][info][gc             ] GC(269) Pause Young (Allocation Failure) 648M->540M(829M) 23.672ms
[91.379s][info][gc,cpu         ] GC(269) User=0.04s Sys=0.00s Real=0.03s
[91.639s][info][gc,start       ] GC(270) Pause Young (Allocation Failure)
[91.679s][info][gc,heap        ] GC(270) PSYoungGen: 116612K(222720K)->19873K(222720K) Eden: 111616K(111616K)->0K(111616K) From: 4996K(111104K)->19873K(111104K)
[91.679s][info][gc,heap        ] GC(270) ParOldGen: 548818K(626688K)->550319K(626688K)
[91.679s][info][gc,metaspace   ] GC(270) Metaspace: 17646K(17792K)->17646K(17792K) NonClass: 15832K(15936K)->15832K(15936K) Class: 1814K(1856K)->1814K(1856K)
[91.679s][info][gc             ] GC(270) Pause Young (Allocation Failure) 649M->556M(829M) 40.015ms
[91.679s][info][gc,cpu         ] GC(270) User=0.08s Sys=0.00s Real=0.04s
[91.843s][info][gc,start       ] GC(271) Pause Young (Allocation Failure)
[91.890s][info][gc,heap        ] GC(271) PSYoungGen: 131489K(222720K)->29217K(222720K) Eden: 111616K(111616K)->0K(111616K) From: 19873K(111104K)->29217K(111104K)
[91.890s][info][gc,heap        ] GC(271) ParOldGen: 550319K(626688K)->552807K(626688K)
[91.890s][info][gc,metaspace   ] GC(271) Metaspace: 17646K(17792K)->17646K(17792K) NonClass: 15832K(15936K)->15832K(15936K) Class: 1814K(1856K)->1814K(1856K)
[91.890s][info][gc             ] GC(271) Pause Young (Allocation Failure) 665M->568M(829M) 47.314ms
[91.890s][info][gc,cpu         ] GC(271) User=0.10s Sys=0.00s Real=0.05s
[92.041s][info][gc,start       ] GC(272) Pause Young (Allocation Failure)
[92.099s][info][gc,heap        ] GC(272) PSYoungGen: 140833K(222720K)->25952K(222720K) Eden: 111616K(111616K)->0K(111616K) From: 29217K(111104K)->25952K(111104K)
[92.099s][info][gc,heap        ] GC(272) ParOldGen: 552807K(626688K)->570027K(626688K)
[92.099s][info][gc,metaspace   ] GC(272) Metaspace: 17647K(17792K)->17647K(17792K) NonClass: 15832K(15936K)->15832K(15936K) Class: 1814K(1856K)->1814K(1856K)
[92.099s][info][gc             ] GC(272) Pause Young (Allocation Failure) 677M->582M(829M) 57.827ms
[92.099s][info][gc,cpu         ] GC(272) User=0.12s Sys=0.00s Real=0.06s
[92.243s][info][gc,start       ] GC(273) Pause Young (Allocation Failure)
[92.285s][info][gc,heap        ] GC(273) PSYoungGen: 137568K(222720K)->11808K(222720K) Eden: 111616K(111616K)->0K(111616K) From: 25952K(111104K)->11808K(111104K)
[92.285s][info][gc,heap        ] GC(273) ParOldGen: 570027K(626688K)->596043K(626688K)
[92.285s][info][gc,metaspace   ] GC(273) Metaspace: 17652K(17792K)->17652K(17792K) NonClass: 15838K(15936K)->15838K(15936K) Class: 1814K(1856K)->1814K(1856K)
[92.285s][info][gc             ] GC(273) Pause Young (Allocation Failure) 691M->593M(829M) 42.052ms
[92.285s][info][gc,cpu         ] GC(273) User=0.09s Sys=0.00s Real=0.04s
[92.443s][info][gc,start       ] GC(274) Pause Young (Allocation Failure)
[92.475s][info][gc,heap        ] GC(274) PSYoungGen: 123424K(222720K)->2592K(222720K) Eden: 111616K(111616K)->0K(111616K) From: 11808K(111104K)->2592K(111104K)
[92.475s][info][gc,heap        ] GC(274) ParOldGen: 596043K(626688K)->607891K(626688K)
[92.475s][info][gc,metaspace   ] GC(274) Metaspace: 17655K(17792K)->17655K(17792K) NonClass: 15840K(15936K)->15840K(15936K) Class: 1814K(1856K)->1814K(1856K)
[92.475s][info][gc             ] GC(274) Pause Young (Allocation Failure) 702M->596M(829M) 32.702ms
[92.475s][info][gc,cpu         ] GC(274) User=0.06s Sys=0.00s Real=0.03s
[92.642s][info][gc,start       ] GC(275) Pause Young (Allocation Failure)
[92.656s][info][gc,heap        ] GC(275) PSYoungGen: 114208K(222720K)->2944K(222720K) Eden: 111616K(111616K)->0K(111616K) From: 2592K(111104K)->2944K(111104K)
[92.656s][info][gc,heap        ] GC(275) ParOldGen: 607891K(626688K)->610459K(626688K)
[92.656s][info][gc,metaspace   ] GC(275) Metaspace: 17657K(17792K)->17657K(17792K) NonClass: 15842K(15936K)->15842K(15936K) Class: 1814K(1856K)->1814K(1856K)
[92.656s][info][gc             ] GC(275) Pause Young (Allocation Failure) 705M->599M(829M) 13.299ms
[92.656s][info][gc,cpu         ] GC(275) User=0.02s Sys=0.00s Real=0.01s
[92.772s][info][gc,start       ] GC(276) Pause Young (Allocation Failure)
[92.789s][info][gc,heap        ] GC(276) PSYoungGen: 114560K(222720K)->10144K(216576K) Eden: 111616K(111616K)->0K(111616K) From: 2944K(111104K)->10144K(104960K)
[92.789s][info][gc,heap        ] GC(276) ParOldGen: 610459K(626688K)->613389K(626688K)
[92.789s][info][gc,metaspace   ] GC(276) Metaspace: 17661K(17792K)->17661K(17792K) NonClass: 15847K(15936K)->15847K(15936K) Class: 1814K(1856K)->1814K(1856K)
[92.789s][info][gc             ] GC(276) Pause Young (Allocation Failure) 708M->608M(823M) 16.795ms
[92.789s][info][gc,cpu         ] GC(276) User=0.04s Sys=0.00s Real=0.02s
[92.889s][info][gc,start       ] GC(277) Pause Young (Allocation Failure)
[92.933s][info][gc,heap        ] GC(277) PSYoungGen: 121760K(216576K)->23104K(219648K) Eden: 111616K(111616K)->0K(111616K) From: 10144K(104960K)->23104K(108032K)
[92.933s][info][gc,heap        ] GC(277) ParOldGen: 613389K(626688K)->613389K(626688K)
[92.933s][info][gc,metaspace   ] GC(277) Metaspace: 17661K(17792K)->17661K(17792K) NonClass: 15847K(15936K)->15847K(15936K) Class: 1814K(1856K)->1814K(1856K)
[92.933s][info][gc             ] GC(277) Pause Young (Allocation Failure) 717M->621M(826M) 43.830ms
[92.933s][info][gc,cpu         ] GC(277) User=0.08s Sys=0.00s Real=0.04s
[93.021s][info][gc,start       ] GC(278) Pause Young (Allocation Failure)
[93.050s][info][gc,heap        ] GC(278) PSYoungGen: 134720K(219648K)->23104K(209920K) Eden: 111616K(111616K)->0K(120832K) From: 23104K(108032K)->23104K(89088K)
[93.050s][info][gc,heap        ] GC(278) ParOldGen: 613389K(626688K)->613389K(626688K)
[93.050s][info][gc,metaspace   ] GC(278) Metaspace: 17661K(17792K)->17661K(17792K) NonClass: 15847K(15936K)->15847K(15936K) Class: 1814K(1856K)->1814K(1856K)
[93.050s][info][gc             ] GC(278) Pause Young (Allocation Failure) 730M->621M(817M) 28.261ms
[93.050s][info][gc,cpu         ] GC(278) User=0.05s Sys=0.00s Real=0.03s
[93.151s][info][gc,start       ] GC(279) Pause Young (Allocation Failure)
[93.182s][info][gc,heap        ] GC(279) PSYoungGen: 143936K(209920K)->27360K(216064K) Eden: 120832K(120832K)->0K(120832K) From: 23104K(89088K)->27360K(95232K)
[93.182s][info][gc,heap        ] GC(279) ParOldGen: 613389K(626688K)->613389K(626688K)
[93.182s][info][gc,metaspace   ] GC(279) Metaspace: 17671K(17792K)->17671K(17792K) NonClass: 15852K(15936K)->15852K(15936K) Class: 1818K(1856K)->1818K(1856K)
[93.182s][info][gc             ] GC(279) Pause Young (Allocation Failure) 739M->625M(823M) 31.138ms
[93.182s][info][gc,cpu         ] GC(279) User=0.06s Sys=0.01s Real=0.03s
[93.331s][info][gc,start       ] GC(280) Pause Young (Allocation Failure)
[93.373s][info][gc,heap        ] GC(280) PSYoungGen: 148192K(216064K)->31072K(209920K) Eden: 120832K(120832K)->0K(131072K) From: 27360K(95232K)->31072K(78848K)
[93.373s][info][gc,heap        ] GC(280) ParOldGen: 613389K(626688K)->613389K(626688K)
[93.373s][info][gc,metaspace   ] GC(280) Metaspace: 17671K(17792K)->17671K(17792K) NonClass: 15852K(15936K)->15852K(15936K) Class: 1818K(1856K)->1818K(1856K)
[93.373s][info][gc             ] GC(280) Pause Young (Allocation Failure) 743M->629M(817M) 42.441ms
[93.373s][info][gc,cpu         ] GC(280) User=0.09s Sys=0.00s Real=0.04s
[93.485s][info][gc,start       ] GC(281) Pause Young (Allocation Failure)
[93.522s][info][gc,heap        ] GC(281) PSYoungGen: 162144K(209920K)->31200K(215040K) Eden: 131072K(131072K)->0K(131072K) From: 31072K(78848K)->31200K(83968K)
[93.522s][info][gc,heap        ] GC(281) ParOldGen: 613389K(626688K)->613389K(626688K)
[93.522s][info][gc,metaspace   ] GC(281) Metaspace: 17671K(17792K)->17671K(17792K) NonClass: 15852K(15936K)->15852K(15936K) Class: 1818K(1856K)->1818K(1856K)
[93.522s][info][gc             ] GC(281) Pause Young (Allocation Failure) 757M->629M(822M) 37.122ms
[93.522s][info][gc,cpu         ] GC(281) User=0.07s Sys=0.00s Real=0.04s
[93.698s][info][gc,start       ] GC(282) Pause Young (Allocation Failure)
[93.735s][info][gc,heap        ] GC(282) PSYoungGen: 162272K(215040K)->31248K(211456K) Eden: 131072K(131072K)->0K(141824K) From: 31200K(83968K)->31248K(69632K)
[93.735s][info][gc,heap        ] GC(282) ParOldGen: 613389K(626688K)->613389K(626688K)
[93.735s][info][gc,metaspace   ] GC(282) Metaspace: 17677K(17792K)->17677K(17792K) NonClass: 15859K(15936K)->15859K(15936K) Class: 1818K(1856K)->1818K(1856K)
[93.735s][info][gc             ] GC(282) Pause Young (Allocation Failure) 757M->629M(818M) 36.702ms
[93.735s][info][gc,cpu         ] GC(282) User=0.07s Sys=0.00s Real=0.03s
[94.711s][info][gc,start       ] GC(283) Pause Young (Allocation Failure)
[94.746s][info][gc,heap        ] GC(283) PSYoungGen: 173072K(211456K)->31885K(216576K) Eden: 141824K(141824K)->0K(141824K) From: 31248K(69632K)->31885K(74752K)
[94.746s][info][gc,heap        ] GC(283) ParOldGen: 613389K(626688K)->613389K(626688K)
[94.746s][info][gc,metaspace   ] GC(283) Metaspace: 17693K(17792K)->17693K(17792K) NonClass: 15875K(15936K)->15875K(15936K) Class: 1818K(1856K)->1818K(1856K)
[94.746s][info][gc             ] GC(283) Pause Young (Allocation Failure) 768M->630M(823M) 35.237ms
[94.746s][info][gc,cpu         ] GC(283) User=0.07s Sys=0.00s Real=0.03s
[96.359s][info][gc,start       ] GC(284) Pause Young (Allocation Failure)
[96.396s][info][gc,heap        ] GC(284) PSYoungGen: 173709K(216576K)->32301K(214016K) Eden: 141824K(141824K)->0K(150528K) From: 31885K(74752K)->32301K(63488K)
[96.396s][info][gc,heap        ] GC(284) ParOldGen: 613389K(626688K)->613389K(626688K)
[96.396s][info][gc,metaspace   ] GC(284) Metaspace: 17698K(17792K)->17698K(17792K) NonClass: 15879K(15936K)->15879K(15936K) Class: 1818K(1856K)->1818K(1856K)
[96.396s][info][gc             ] GC(284) Pause Young (Allocation Failure) 768M->630M(821M) 37.148ms
[96.396s][info][gc,cpu         ] GC(284) User=0.07s Sys=0.00s Real=0.03s
[97.291s][info][gc,start       ] GC(285) Pause Young (Allocation Failure)
[97.329s][info][gc,heap        ] GC(285) PSYoungGen: 182829K(214016K)->33533K(218624K) Eden: 150528K(150528K)->0K(150528K) From: 32301K(63488K)->33533K(68096K)
[97.329s][info][gc,heap        ] GC(285) ParOldGen: 613389K(626688K)->613397K(626688K)
[97.329s][info][gc,metaspace   ] GC(285) Metaspace: 17831K(17984K)->17831K(17984K) NonClass: 16004K(16128K)->16004K(16128K) Class: 1827K(1856K)->1827K(1856K)
[97.329s][info][gc             ] GC(285) Pause Young (Allocation Failure) 777M->631M(825M) 37.689ms
[97.329s][info][gc,cpu         ] GC(285) User=0.08s Sys=0.00s Real=0.04s
[97.846s][info][gc,start       ] GC(286) Pause Young (Allocation Failure)
[97.884s][info][gc,heap        ] GC(286) PSYoungGen: 184061K(218624K)->33933K(219136K) Eden: 150528K(150528K)->0K(158208K) From: 33533K(68096K)->33933K(60928K)
[97.884s][info][gc,heap        ] GC(286) ParOldGen: 613397K(626688K)->613405K(626688K)
[97.884s][info][gc,metaspace   ] GC(286) Metaspace: 17907K(18048K)->17907K(18048K) NonClass: 16078K(16192K)->16078K(16192K) Class: 1828K(1856K)->1828K(1856K)
[97.884s][info][gc             ] GC(286) Pause Young (Allocation Failure) 778M->632M(826M) 37.572ms
[97.884s][info][gc,cpu         ] GC(286) User=0.07s Sys=0.00s Real=0.04s
[98.319s][info][gc,start       ] GC(287) Pause Young (Allocation Failure)
[98.357s][info][gc,heap        ] GC(287) PSYoungGen: 192141K(219136K)->34782K(221696K) Eden: 158208K(158208K)->0K(158208K) From: 33933K(60928K)->34782K(63488K)
[98.357s][info][gc,heap        ] GC(287) ParOldGen: 613405K(626688K)->613413K(626688K)
[98.357s][info][gc,metaspace   ] GC(287) Metaspace: 17946K(18112K)->17946K(18112K) NonClass: 16118K(16256K)->16118K(16256K) Class: 1828K(1856K)->1828K(1856K)
[98.357s][info][gc             ] GC(287) Pause Young (Allocation Failure) 786M->633M(828M) 37.812ms
[98.357s][info][gc,cpu         ] GC(287) User=0.08s Sys=0.00s Real=0.04s
[98.693s][info][gc,start       ] GC(288) Pause Young (Allocation Failure)
[98.769s][info][gc,heap        ] GC(288) PSYoungGen: 192990K(221696K)->61924K(216576K) Eden: 158208K(158208K)->0K(154624K) From: 34782K(63488K)->61924K(61952K)
[98.769s][info][gc,heap        ] GC(288) ParOldGen: 613413K(626688K)->622133K(626688K)
[98.769s][info][gc,metaspace   ] GC(288) Metaspace: 18032K(18176K)->18032K(18176K) NonClass: 16203K(16320K)->16203K(16320K) Class: 1828K(1856K)->1828K(1856K)
[98.770s][info][gc             ] GC(288) Pause Young (Allocation Failure) 787M->668M(823M) 76.174ms
[98.770s][info][gc,cpu         ] GC(288) User=0.15s Sys=0.00s Real=0.08s
[98.945s][info][gc,start       ] GC(289) Pause Young (Allocation Failure)
[99.061s][info][gc,heap        ] GC(289) PSYoungGen: 216548K(216576K)->73197K(227840K) Eden: 154624K(154624K)->0K(154624K) From: 61924K(61952K)->73197K(73216K)
[99.061s][info][gc,heap        ] GC(289) ParOldGen: 622133K(626688K)->657485K(657920K)
[99.061s][info][gc,metaspace   ] GC(289) Metaspace: 18056K(18176K)->18056K(18176K) NonClass: 16228K(16320K)->16228K(16320K) Class: 1828K(1856K)->1828K(1856K)
[99.061s][info][gc             ] GC(289) Pause Young (Allocation Failure) 819M->713M(865M) 116.597ms
[99.061s][info][gc,cpu         ] GC(289) User=0.21s Sys=0.02s Real=0.12s
[99.228s][info][gc,start       ] GC(290) Pause Full (Allocation Failure)
[99.228s][info][gc,phases,start] GC(290) Marking Phase
[99.344s][info][gc,phases      ] GC(290) Marking Phase 116.322ms
[99.344s][info][gc,phases,start] GC(290) Summary Phase
[99.344s][info][gc,phases      ] GC(290) Summary Phase 0.044ms
[99.344s][info][gc,phases,start] GC(290) Forward
[99.381s][info][gc,phases      ] GC(290) Forward 36.579ms
[99.381s][info][gc,phases,start] GC(290) Adjust Pointers
[99.455s][info][gc,phases      ] GC(290) Adjust Pointers 74.211ms
[99.455s][info][gc,phases,start] GC(290) Compaction Phase
[99.505s][info][gc,phases      ] GC(290) Compaction Phase 50.020ms
[99.506s][info][gc,phases,start] GC(290) Post Compact
[99.509s][info][gc,phases      ] GC(290) Post Compact 2.611ms
[99.529s][info][gc,heap        ] GC(290) PSYoungGen: 227821K(227840K)->0K(237056K) Eden: 154624K(154624K)->0K(140288K) From: 73197K(73216K)->0K(96768K)
[99.529s][info][gc,heap        ] GC(290) ParOldGen: 657485K(657920K)->186436K(416256K)
[99.529s][info][gc,metaspace   ] GC(290) Metaspace: 18056K(18176K)->18056K(18176K) NonClass: 16228K(16320K)->16228K(16320K) Class: 1828K(1856K)->1828K(1856K)
[99.529s][info][gc             ] GC(290) Pause Full (Allocation Failure) 864M->182M(638M) 301.179ms
[99.529s][info][gc,cpu         ] GC(290) User=0.52s Sys=0.02s Real=0.30s
[99.836s][info][gc,start       ] GC(291) Pause Young (Allocation Failure)
[99.893s][info][gc,heap        ] GC(291) PSYoungGen: 140288K(237056K)->43527K(184320K) Eden: 140288K(140288K)->0K(140288K) From: 0K(96768K)->43527K(44032K)
[99.893s][info][gc,heap        ] GC(291) ParOldGen: 186436K(416256K)->186436K(416256K)
[99.893s][info][gc,metaspace   ] GC(291) Metaspace: 18061K(18176K)->18061K(18176K) NonClass: 16232K(16320K)->16232K(16320K) Class: 1828K(1856K)->1828K(1856K)
[99.893s][info][gc             ] GC(291) Pause Young (Allocation Failure) 319M->224M(586M) 56.772ms
[99.893s][info][gc,cpu         ] GC(291) User=0.11s Sys=0.00s Real=0.05s
[100.101s][info][gc,start       ] GC(292) Pause Young (Allocation Failure)
[100.170s][info][gc,heap        ] GC(292) PSYoungGen: 183815K(184320K)->49967K(233984K) Eden: 140288K(140288K)->0K(142336K) From: 43527K(44032K)->49967K(91648K)
[100.170s][info][gc,heap        ] GC(292) ParOldGen: 186436K(416256K)->186444K(416256K)
[100.170s][info][gc,metaspace   ] GC(292) Metaspace: 18140K(18304K)->18140K(18304K) NonClass: 16311K(16448K)->16311K(16448K) Class: 1828K(1856K)->1828K(1856K)
[100.170s][info][gc             ] GC(292) Pause Young (Allocation Failure) 361M->230M(635M) 68.422ms
[100.170s][info][gc,cpu         ] GC(292) User=0.13s Sys=0.00s Real=0.07s
[100.354s][info][gc,start       ] GC(293) Pause Young (Allocation Failure)
[100.450s][info][gc,heap        ] GC(293) PSYoungGen: 192303K(233984K)->81338K(231936K) Eden: 142336K(142336K)->0K(142336K) From: 49967K(91648K)->81338K(89600K)
[100.450s][info][gc,heap        ] GC(293) ParOldGen: 186444K(416256K)->186444K(416256K)
[100.450s][info][gc,metaspace   ] GC(293) Metaspace: 18150K(18304K)->18150K(18304K) NonClass: 16322K(16448K)->16322K(16448K) Class: 1828K(1856K)->1828K(1856K)
[100.450s][info][gc             ] GC(293) Pause Young (Allocation Failure) 369M->261M(633M) 95.889ms
[100.450s][info][gc,cpu         ] GC(293) User=0.19s Sys=0.00s Real=0.10s
[100.634s][info][gc,start       ] GC(294) Pause Young (Allocation Failure)
[100.752s][info][gc,heap        ] GC(294) PSYoungGen: 223674K(231936K)->87258K(215040K) Eden: 142336K(142336K)->0K(115712K) From: 81338K(89600K)->87258K(99328K)
[100.752s][info][gc,heap        ] GC(294) ParOldGen: 186444K(416256K)->186444K(416256K)
[100.752s][info][gc,metaspace   ] GC(294) Metaspace: 18150K(18304K)->18150K(18304K) NonClass: 16322K(16448K)->16322K(16448K) Class: 1828K(1856K)->1828K(1856K)
[100.752s][info][gc             ] GC(294) Pause Young (Allocation Failure) 400M->267M(616M) 117.675ms
[100.752s][info][gc,cpu         ] GC(294) User=0.21s Sys=0.02s Real=0.12s
[100.869s][info][gc,start       ] GC(295) Pause Young (Allocation Failure)
[100.986s][info][gc,heap        ] GC(295) PSYoungGen: 202970K(215040K)->96314K(212480K) Eden: 115712K(115712K)->0K(115712K) From: 87258K(99328K)->96314K(96768K)
[100.986s][info][gc,heap        ] GC(295) ParOldGen: 186444K(416256K)->186444K(416256K)
[100.986s][info][gc,metaspace   ] GC(295) Metaspace: 18150K(18304K)->18150K(18304K) NonClass: 16322K(16448K)->16322K(16448K) Class: 1828K(1856K)->1828K(1856K)
[100.986s][info][gc             ] GC(295) Pause Young (Allocation Failure) 380M->276M(614M) 117.416ms
[100.987s][info][gc,cpu         ] GC(295) User=0.22s Sys=0.00s Real=0.12s
[101.146s][info][gc,start       ] GC(296) Pause Young (Allocation Failure)
[101.262s][info][gc,heap        ] GC(296) PSYoungGen: 212026K(212480K)->96410K(222720K) Eden: 115712K(115712K)->0K(111616K) From: 96314K(96768K)->96410K(111104K)
[101.262s][info][gc,heap        ] GC(296) ParOldGen: 186444K(416256K)->186444K(416256K)
[101.262s][info][gc,metaspace   ] GC(296) Metaspace: 18150K(18304K)->18150K(18304K) NonClass: 16322K(16448K)->16322K(16448K) Class: 1828K(1856K)->1828K(1856K)
[101.262s][info][gc             ] GC(296) Pause Young (Allocation Failure) 389M->276M(624M) 115.660ms
[101.262s][info][gc,cpu         ] GC(296) User=0.23s Sys=0.00s Real=0.12s
[101.340s][info][gc,start       ] GC(297) Pause Young (Allocation Failure)
[101.481s][info][gc,heap        ] GC(297) PSYoungGen: 208026K(222720K)->111098K(222720K) Eden: 111616K(111616K)->0K(111616K) From: 96410K(111104K)->111098K(111104K)
[101.481s][info][gc,heap        ] GC(297) ParOldGen: 186444K(416256K)->193420K(416256K)
[101.481s][info][gc,metaspace   ] GC(297) Metaspace: 18150K(18304K)->18150K(18304K) NonClass: 16322K(16448K)->16322K(16448K) Class: 1828K(1856K)->1828K(1856K)
[101.481s][info][gc             ] GC(297) Pause Young (Allocation Failure) 385M->297M(624M) 140.672ms
[101.481s][info][gc,cpu         ] GC(297) User=0.28s Sys=0.00s Real=0.14s
[101.576s][info][gc,start       ] GC(298) Pause Young (Allocation Failure)
[101.722s][info][gc,heap        ] GC(298) PSYoungGen: 222714K(222720K)->111098K(222720K) Eden: 111616K(111616K)->0K(111616K) From: 111098K(111104K)->111098K(111104K)
[101.722s][info][gc,heap        ] GC(298) ParOldGen: 193420K(416256K)->207884K(416256K)
[101.722s][info][gc,metaspace   ] GC(298) Metaspace: 18150K(18304K)->18150K(18304K) NonClass: 16322K(16448K)->16322K(16448K) Class: 1828K(1856K)->1828K(1856K)
[101.722s][info][gc             ] GC(298) Pause Young (Allocation Failure) 406M->311M(624M) 145.944ms
[101.722s][info][gc,cpu         ] GC(298) User=0.29s Sys=0.01s Real=0.15s
[101.801s][info][gc,start       ] GC(299) Pause Young (Allocation Failure)
[101.951s][info][gc,heap        ] GC(299) PSYoungGen: 222714K(222720K)->93874K(222720K) Eden: 111616K(111616K)->0K(111616K) From: 111098K(111104K)->93874K(111104K)
[101.951s][info][gc,heap        ] GC(299) ParOldGen: 207884K(416256K)->251747K(416256K)
[101.951s][info][gc,metaspace   ] GC(299) Metaspace: 18150K(18304K)->18150K(18304K) NonClass: 16322K(16448K)->16322K(16448K) Class: 1828K(1856K)->1828K(1856K)
[101.951s][info][gc             ] GC(299) Pause Young (Allocation Failure) 420M->337M(624M) 150.019ms
[101.951s][info][gc,cpu         ] GC(299) User=0.30s Sys=0.00s Real=0.15s
[102.161s][info][gc,start       ] GC(300) Pause Young (Allocation Failure)
[102.273s][info][gc,heap        ] GC(300) PSYoungGen: 205490K(222720K)->73187K(222720K) Eden: 111616K(111616K)->0K(111616K) From: 93874K(111104K)->73187K(111104K)
[102.273s][info][gc,heap        ] GC(300) ParOldGen: 251747K(416256K)->282208K(416256K)
[102.273s][info][gc,metaspace   ] GC(300) Metaspace: 18150K(18304K)->18150K(18304K) NonClass: 16322K(16448K)->16322K(16448K) Class: 1828K(1856K)->1828K(1856K)
[102.273s][info][gc             ] GC(300) Pause Young (Allocation Failure) 446M->347M(624M) 111.776ms
[102.273s][info][gc,cpu         ] GC(300) User=0.22s Sys=0.00s Real=0.11s
[102.399s][info][gc,start       ] GC(301) Pause Young (Allocation Failure)
[102.480s][info][gc,heap        ] GC(301) PSYoungGen: 184803K(222720K)->67971K(222720K) Eden: 111616K(111616K)->0K(111616K) From: 73187K(111104K)->67971K(111104K)
[102.480s][info][gc,heap        ] GC(301) ParOldGen: 282208K(416256K)->295640K(416256K)
[102.480s][info][gc,metaspace   ] GC(301) Metaspace: 18150K(18304K)->18150K(18304K) NonClass: 16322K(16448K)->16322K(16448K) Class: 1828K(1856K)->1828K(1856K)
[102.480s][info][gc             ] GC(301) Pause Young (Allocation Failure) 456M->355M(624M) 81.542ms
[102.480s][info][gc,cpu         ] GC(301) User=0.16s Sys=0.00s Real=0.08s
[102.552s][info][gc,start       ] GC(302) Pause Young (Allocation Failure)
[102.626s][info][gc,heap        ] GC(302) PSYoungGen: 179587K(222720K)->51395K(222720K) Eden: 111616K(111616K)->0K(111616K) From: 67971K(111104K)->51395K(111104K)
[102.626s][info][gc,heap        ] GC(302) ParOldGen: 295640K(416256K)->317448K(416256K)
[102.626s][info][gc,metaspace   ] GC(302) Metaspace: 18150K(18304K)->18150K(18304K) NonClass: 16322K(16448K)->16322K(16448K) Class: 1828K(1856K)->1828K(1856K)
[102.626s][info][gc             ] GC(302) Pause Young (Allocation Failure) 464M->360M(624M) 73.874ms
[102.626s][info][gc,cpu         ] GC(302) User=0.14s Sys=0.00s Real=0.07s
[102.732s][info][gc,start       ] GC(303) Pause Young (Allocation Failure)
[102.784s][info][gc,heap        ] GC(303) PSYoungGen: 163011K(222720K)->23971K(222720K) Eden: 111616K(111616K)->0K(111616K) From: 51395K(111104K)->23971K(111104K)
[102.784s][info][gc,heap        ] GC(303) ParOldGen: 317448K(416256K)->346015K(416256K)
[102.784s][info][gc,metaspace   ] GC(303) Metaspace: 18150K(18304K)->18150K(18304K) NonClass: 16322K(16448K)->16322K(16448K) Class: 1828K(1856K)->1828K(1856K)
[102.784s][info][gc             ] GC(303) Pause Young (Allocation Failure) 469M->361M(624M) 51.752ms
[102.784s][info][gc,cpu         ] GC(303) User=0.11s Sys=0.00s Real=0.05s
[103.013s][info][gc,start       ] GC(304) Pause Young (Allocation Failure)
[103.049s][info][gc,heap        ] GC(304) PSYoungGen: 135587K(222720K)->7776K(222720K) Eden: 111616K(111616K)->0K(111616K) From: 23971K(111104K)->7776K(111104K)
[103.049s][info][gc,heap        ] GC(304) ParOldGen: 346015K(416256K)->363930K(416256K)
[103.049s][info][gc,metaspace   ] GC(304) Metaspace: 18151K(18304K)->18151K(18304K) NonClass: 16322K(16448K)->16322K(16448K) Class: 1828K(1856K)->1828K(1856K)
[103.049s][info][gc             ] GC(304) Pause Young (Allocation Failure) 470M->362M(624M) 35.563ms
[103.049s][info][gc,cpu         ] GC(304) User=0.07s Sys=0.00s Real=0.04s
[103.342s][info][gc,start       ] GC(305) Pause Young (Allocation Failure)
[103.353s][info][gc,heap        ] GC(305) PSYoungGen: 119392K(222720K)->2176K(222720K) Eden: 111616K(111616K)->0K(111616K) From: 7776K(111104K)->2176K(111104K)
[103.354s][info][gc,heap        ] GC(305) ParOldGen: 363930K(416256K)->370050K(416256K)
[103.354s][info][gc,metaspace   ] GC(305) Metaspace: 18151K(18304K)->18151K(18304K) NonClass: 16322K(16448K)->16322K(16448K) Class: 1828K(1856K)->1828K(1856K)
[103.354s][info][gc             ] GC(305) Pause Young (Allocation Failure) 471M->363M(624M) 11.837ms
[103.354s][info][gc,cpu         ] GC(305) User=0.03s Sys=0.00s Real=0.01s
[103.538s][info][gc,start       ] GC(306) Pause Young (Allocation Failure)
[103.574s][info][gc,heap        ] GC(306) PSYoungGen: 113792K(222720K)->31712K(222720K) Eden: 111616K(111616K)->0K(111616K) From: 2176K(111104K)->31712K(111104K)
[103.574s][info][gc,heap        ] GC(306) ParOldGen: 370050K(416256K)->371951K(416256K)
[103.574s][info][gc,metaspace   ] GC(306) Metaspace: 18151K(18304K)->18151K(18304K) NonClass: 16322K(16448K)->16322K(16448K) Class: 1828K(1856K)->1828K(1856K)
[103.574s][info][gc             ] GC(306) Pause Young (Allocation Failure) 472M->394M(624M) 35.796ms
[103.574s][info][gc,cpu         ] GC(306) User=0.07s Sys=0.00s Real=0.03s
[103.727s][info][gc,start       ] GC(307) Pause Young (Allocation Failure)
[103.790s][info][gc,heap        ] GC(307) PSYoungGen: 143328K(222720K)->32736K(222720K) Eden: 111616K(111616K)->0K(111616K) From: 31712K(111104K)->32736K(111104K)
[103.790s][info][gc,heap        ] GC(307) ParOldGen: 371951K(416256K)->403740K(416256K)
[103.790s][info][gc,metaspace   ] GC(307) Metaspace: 18151K(18304K)->18151K(18304K) NonClass: 16322K(16448K)->16322K(16448K) Class: 1828K(1856K)->1828K(1856K)
[103.790s][info][gc             ] GC(307) Pause Young (Allocation Failure) 503M->426M(624M) 63.020ms
[103.790s][info][gc,cpu         ] GC(307) User=0.13s Sys=0.00s Real=0.06s
[103.965s][info][gc,start       ] GC(308) Pause Young (Allocation Failure)
[104.023s][info][gc,heap        ] GC(308) PSYoungGen: 144352K(222720K)->18560K(222720K) Eden: 111616K(111616K)->0K(111616K) From: 32736K(111104K)->18560K(111104K)
[104.023s][info][gc,heap        ] GC(308) ParOldGen: 403740K(416256K)->436660K(436736K)
[104.023s][info][gc,metaspace   ] GC(308) Metaspace: 18151K(18304K)->18151K(18304K) NonClass: 16323K(16448K)->16323K(16448K) Class: 1828K(1856K)->1828K(1856K)
[104.023s][info][gc             ] GC(308) Pause Young (Allocation Failure) 535M->444M(644M) 58.192ms
[104.023s][info][gc,cpu         ] GC(308) User=0.09s Sys=0.02s Real=0.06s
[104.137s][info][gc,start       ] GC(309) Pause Young (Allocation Failure)
[104.177s][info][gc,heap        ] GC(309) PSYoungGen: 130176K(222720K)->4544K(222720K) Eden: 111616K(111616K)->0K(111616K) From: 18560K(111104K)->4544K(111104K)
[104.177s][info][gc,heap        ] GC(309) ParOldGen: 436660K(436736K)->455308K(455680K)
[104.177s][info][gc,metaspace   ] GC(309) Metaspace: 18152K(18304K)->18152K(18304K) NonClass: 16323K(16448K)->16323K(16448K) Class: 1828K(1856K)->1828K(1856K)
[104.177s][info][gc             ] GC(309) Pause Young (Allocation Failure) 553M->449M(662M) 40.366ms
[104.177s][info][gc,cpu         ] GC(309) User=0.06s Sys=0.01s Real=0.04s
[104.289s][info][gc,start       ] GC(310) Pause Young (Allocation Failure)
[104.299s][info][gc,heap        ] GC(310) PSYoungGen: 116160K(222720K)->896K(222720K) Eden: 111616K(111616K)->0K(111616K) From: 4544K(111104K)->896K(111104K)
[104.299s][info][gc,heap        ] GC(310) ParOldGen: 455308K(455680K)->459836K(460288K)
[104.299s][info][gc,metaspace   ] GC(310) Metaspace: 18152K(18304K)->18152K(18304K) NonClass: 16323K(16448K)->16323K(16448K) Class: 1828K(1856K)->1828K(1856K)
[104.299s][info][gc             ] GC(310) Pause Young (Allocation Failure) 558M->449M(667M) 10.731ms
[104.299s][info][gc,cpu         ] GC(310) User=0.01s Sys=0.01s Real=0.01s
[104.438s][info][gc,start       ] GC(311) Pause Young (Allocation Failure)
[104.443s][info][gc,heap        ] GC(311) PSYoungGen: 112512K(222720K)->1408K(222720K) Eden: 111616K(111616K)->0K(111616K) From: 896K(111104K)->1408K(111104K)
[104.443s][info][gc,heap        ] GC(311) ParOldGen: 459836K(460288K)->460700K(460800K)
[104.443s][info][gc,metaspace   ] GC(311) Metaspace: 18152K(18304K)->18152K(18304K) NonClass: 16323K(16448K)->16323K(16448K) Class: 1828K(1856K)->1828K(1856K)
[104.443s][info][gc             ] GC(311) Pause Young (Allocation Failure) 558M->451M(667M) 5.558ms
[104.443s][info][gc,cpu         ] GC(311) User=0.01s Sys=0.00s Real=0.00s
[104.724s][info][gc,start       ] GC(312) Pause Young (Allocation Failure)
[104.729s][info][gc,heap        ] GC(312) PSYoungGen: 113024K(222720K)->224K(222720K) Eden: 111616K(111616K)->0K(111616K) From: 1408K(111104K)->224K(111104K)
[104.729s][info][gc,heap        ] GC(312) ParOldGen: 460700K(460800K)->462068K(462336K)
[104.729s][info][gc,metaspace   ] GC(312) Metaspace: 18152K(18304K)->18152K(18304K) NonClass: 16323K(16448K)->16323K(16448K) Class: 1828K(1856K)->1828K(1856K)
[104.729s][info][gc             ] GC(312) Pause Young (Allocation Failure) 560M->451M(669M) 5.018ms
[104.729s][info][gc,cpu         ] GC(312) User=0.01s Sys=0.00s Real=0.01s
[104.875s][info][gc,start       ] GC(313) Pause Young (Allocation Failure)
[104.923s][info][gc,heap        ] GC(313) PSYoungGen: 111840K(222720K)->45792K(222720K) Eden: 111616K(111616K)->0K(111616K) From: 224K(111104K)->45792K(111104K)
[104.923s][info][gc,heap        ] GC(313) ParOldGen: 462068K(462336K)->462260K(462336K)
[104.923s][info][gc,metaspace   ] GC(313) Metaspace: 18152K(18304K)->18152K(18304K) NonClass: 16323K(16448K)->16323K(16448K) Class: 1828K(1856K)->1828K(1856K)
[104.923s][info][gc             ] GC(313) Pause Young (Allocation Failure) 560M->496M(669M) 47.392ms
[104.923s][info][gc,cpu         ] GC(313) User=0.10s Sys=0.00s Real=0.05s
[105.041s][info][gc,start       ] GC(314) Pause Young (Allocation Failure)
[105.196s][info][gc,heap        ] GC(314) PSYoungGen: 157408K(222720K)->84704K(222720K) Eden: 111616K(111616K)->0K(111616K) From: 45792K(111104K)->84704K(111104K)
[105.196s][info][gc,heap        ] GC(314) ParOldGen: 462260K(462336K)->508180K(508416K)
[105.196s][info][gc,metaspace   ] GC(314) Metaspace: 18152K(18304K)->18152K(18304K) NonClass: 16323K(16448K)->16323K(16448K) Class: 1828K(1856K)->1828K(1856K)
[105.196s][info][gc             ] GC(314) Pause Young (Allocation Failure) 605M->578M(714M) 155.054ms
[105.196s][info][gc,cpu         ] GC(314) User=0.27s Sys=0.04s Real=0.15s
[105.334s][info][gc,start       ] GC(315) Pause Young (Allocation Failure)
[105.492s][info][gc,heap        ] GC(315) PSYoungGen: 196320K(222720K)->32211K(222720K) Eden: 111616K(111616K)->0K(111616K) From: 84704K(111104K)->32211K(111104K)
[105.492s][info][gc,heap        ] GC(315) ParOldGen: 508180K(508416K)->593100K(593408K)
[105.492s][info][gc,metaspace   ] GC(315) Metaspace: 18152K(18304K)->18152K(18304K) NonClass: 16323K(16448K)->16323K(16448K) Class: 1828K(1856K)->1828K(1856K)
[105.492s][info][gc             ] GC(315) Pause Young (Allocation Failure) 687M->610M(797M) 158.165ms
[105.492s][info][gc,cpu         ] GC(315) User=0.24s Sys=0.07s Real=0.16s
[105.631s][info][gc,start       ] GC(316) Pause Full (Allocation Failure)
[105.631s][info][gc,phases,start] GC(316) Marking Phase
[105.701s][info][gc,phases      ] GC(316) Marking Phase 69.204ms
[105.701s][info][gc,phases,start] GC(316) Summary Phase
[105.701s][info][gc,phases      ] GC(316) Summary Phase 0.030ms
[105.701s][info][gc,phases,start] GC(316) Forward
[105.717s][info][gc,phases      ] GC(316) Forward 15.921ms
[105.717s][info][gc,phases,start] GC(316) Adjust Pointers
[105.763s][info][gc,phases      ] GC(316) Adjust Pointers 46.851ms
[105.764s][info][gc,phases,start] GC(316) Compaction Phase
[105.786s][info][gc,phases      ] GC(316) Compaction Phase 22.108ms
[105.787s][info][gc,phases,start] GC(316) Post Compact
[105.790s][info][gc,phases      ] GC(316) Post Compact 2.317ms
[105.807s][info][gc,heap        ] GC(316) PSYoungGen: 143827K(222720K)->0K(222720K) Eden: 111616K(111616K)->0K(111616K) From: 32211K(111104K)->0K(111104K)
[105.807s][info][gc,heap        ] GC(316) ParOldGen: 593100K(593408K)->100678K(386048K)
[105.807s][info][gc,metaspace   ] GC(316) Metaspace: 18155K(18304K)->18155K(18304K) NonClass: 16327K(16448K)->16327K(16448K) Class: 1828K(1856K)->1828K(1856K)
[105.807s][info][gc             ] GC(316) Pause Full (Allocation Failure) 719M->98M(594M) 175.858ms
[105.807s][info][gc,cpu         ] GC(316) User=0.29s Sys=0.01s Real=0.18s
[105.885s][info][gc,start       ] GC(317) Pause Young (Allocation Failure)
[105.892s][info][gc,heap        ] GC(317) PSYoungGen: 111616K(222720K)->7344K(222720K) Eden: 111616K(111616K)->0K(111616K) From: 0K(111104K)->7344K(111104K)
[105.893s][info][gc,heap        ] GC(317) ParOldGen: 100678K(386048K)->100678K(386048K)
[105.893s][info][gc,metaspace   ] GC(317) Metaspace: 18155K(18304K)->18155K(18304K) NonClass: 16327K(16448K)->16327K(16448K) Class: 1828K(1856K)->1828K(1856K)
[105.893s][info][gc             ] GC(317) Pause Young (Allocation Failure) 207M->105M(594M) 7.114ms
[105.893s][info][gc,cpu         ] GC(317) User=0.01s Sys=0.00s Real=0.01s
[105.958s][info][gc,start       ] GC(318) Pause Young (Allocation Failure)
[105.970s][info][gc,heap        ] GC(318) PSYoungGen: 118960K(222720K)->4384K(222720K) Eden: 111616K(111616K)->0K(111616K) From: 7344K(111104K)->4384K(111104K)
[105.970s][info][gc,heap        ] GC(318) ParOldGen: 100678K(386048K)->108062K(386048K)
[105.970s][info][gc,metaspace   ] GC(318) Metaspace: 18155K(18304K)->18155K(18304K) NonClass: 16327K(16448K)->16327K(16448K) Class: 1828K(1856K)->1828K(1856K)
[105.970s][info][gc             ] GC(318) Pause Young (Allocation Failure) 214M->109M(594M) 11.854ms
[105.970s][info][gc,cpu         ] GC(318) User=0.02s Sys=0.00s Real=0.01s
[106.088s][info][gc,start       ] GC(319) Pause Young (Allocation Failure)
[106.107s][info][gc,heap        ] GC(319) PSYoungGen: 116000K(222720K)->10784K(122880K) Eden: 111616K(111616K)->0K(111616K) From: 4384K(111104K)->10784K(11264K)
[106.107s][info][gc,heap        ] GC(319) ParOldGen: 108062K(386048K)->112454K(386048K)
[106.107s][info][gc,metaspace   ] GC(319) Metaspace: 18156K(18304K)->18156K(18304K) NonClass: 16328K(16448K)->16328K(16448K) Class: 1828K(1856K)->1828K(1856K)
[106.107s][info][gc             ] GC(319) Pause Young (Allocation Failure) 218M->120M(497M) 19.063ms
[106.107s][info][gc,cpu         ] GC(319) User=0.03s Sys=0.00s Real=0.02s
[106.178s][info][gc,start       ] GC(320) Pause Young (Allocation Failure)
[106.211s][info][gc,heap        ] GC(320) PSYoungGen: 122400K(122880K)->31360K(227328K) Eden: 111616K(111616K)->0K(118784K) From: 10784K(11264K)->31360K(108544K)
[106.211s][info][gc,heap        ] GC(320) ParOldGen: 112454K(386048K)->123310K(386048K)
[106.211s][info][gc,metaspace   ] GC(320) Metaspace: 18156K(18304K)->18156K(18304K) NonClass: 16328K(16448K)->16328K(16448K) Class: 1828K(1856K)->1828K(1856K)
[106.211s][info][gc             ] GC(320) Pause Young (Allocation Failure) 229M->151M(599M) 33.705ms
[106.211s][info][gc,cpu         ] GC(320) User=0.06s Sys=0.00s Real=0.03s
[106.435s][info][gc,start       ] GC(321) Pause Young (Allocation Failure)
[106.504s][info][gc,heap        ] GC(321) PSYoungGen: 150144K(227328K)->31552K(150528K) Eden: 118784K(118784K)->0K(118784K) From: 31360K(108544K)->31552K(31744K)
[106.504s][info][gc,heap        ] GC(321) ParOldGen: 123310K(386048K)->154998K(386048K)
[106.505s][info][gc,metaspace   ] GC(321) Metaspace: 18161K(18304K)->18161K(18304K) NonClass: 16332K(16448K)->16332K(16448K) Class: 1828K(1856K)->1828K(1856K)
[106.505s][info][gc             ] GC(321) Pause Young (Allocation Failure) 267M->182M(524M) 69.441ms
[106.505s][info][gc,cpu         ] GC(321) User=0.13s Sys=0.00s Real=0.07s
[106.624s][info][gc,start       ] GC(322) Pause Young (Allocation Failure)
[106.656s][info][gc,heap        ] GC(322) PSYoungGen: 150336K(150528K)->2336K(220672K) Eden: 118784K(118784K)->0K(124416K) From: 31552K(31744K)->2336K(96256K)
[106.656s][info][gc,heap        ] GC(322) ParOldGen: 154998K(386048K)->186902K(386048K)
[106.656s][info][gc,metaspace   ] GC(322) Metaspace: 18161K(18304K)->18161K(18304K) NonClass: 16332K(16448K)->16332K(16448K) Class: 1828K(1856K)->1828K(1856K)
[106.656s][info][gc             ] GC(322) Pause Young (Allocation Failure) 298M->184M(592M) 32.301ms
[106.656s][info][gc,cpu         ] GC(322) User=0.07s Sys=0.00s Real=0.03s
[106.851s][info][gc,start       ] GC(323) Pause Young (Allocation Failure)
[106.891s][info][gc,heap        ] GC(323) PSYoungGen: 126752K(220672K)->22497K(218624K) Eden: 124416K(124416K)->0K(124416K) From: 2336K(96256K)->22497K(94208K)
[106.891s][info][gc,heap        ] GC(323) ParOldGen: 186902K(386048K)->189222K(386048K)
[106.891s][info][gc,metaspace   ] GC(323) Metaspace: 18161K(18304K)->18161K(18304K) NonClass: 16333K(16448K)->16333K(16448K) Class: 1828K(1856K)->1828K(1856K)
[106.891s][info][gc             ] GC(323) Pause Young (Allocation Failure) 306M->206M(590M) 39.981ms
[106.891s][info][gc,cpu         ] GC(323) User=0.08s Sys=0.00s Real=0.04s
[106.986s][info][gc,start       ] GC(324) Pause Young (Allocation Failure)
[107.084s][info][gc,heap        ] GC(324) PSYoungGen: 146913K(218624K)->64800K(219136K) Eden: 124416K(124416K)->0K(130560K) From: 22497K(94208K)->64800K(88576K)
[107.084s][info][gc,heap        ] GC(324) ParOldGen: 189222K(386048K)->211731K(386048K)
[107.084s][info][gc,metaspace   ] GC(324) Metaspace: 18161K(18304K)->18161K(18304K) NonClass: 16333K(16448K)->16333K(16448K) Class: 1828K(1856K)->1828K(1856K)
[107.084s][info][gc             ] GC(324) Pause Young (Allocation Failure) 328M->270M(591M) 97.430ms
[107.084s][info][gc,cpu         ] GC(324) User=0.19s Sys=0.00s Real=0.10s
[107.165s][info][gc,start       ] GC(325) Pause Young (Allocation Failure)
[107.269s][info][gc,heap        ] GC(325) PSYoungGen: 195360K(219136K)->40800K(226816K) Eden: 130560K(130560K)->0K(130560K) From: 64800K(88576K)->40800K(96256K)
[107.269s][info][gc,heap        ] GC(325) ParOldGen: 211731K(386048K)->276715K(386048K)
[107.269s][info][gc,metaspace   ] GC(325) Metaspace: 18161K(18304K)->18161K(18304K) NonClass: 16333K(16448K)->16333K(16448K) Class: 1828K(1856K)->1828K(1856K)
[107.269s][info][gc             ] GC(325) Pause Young (Allocation Failure) 397M->310M(598M) 103.410ms
[107.269s][info][gc,cpu         ] GC(325) User=0.21s Sys=0.00s Real=0.11s
[107.335s][info][gc,start       ] GC(326) Pause Young (Allocation Failure)
[107.406s][info][gc,heap        ] GC(326) PSYoungGen: 171360K(226816K)->44672K(231936K) Eden: 130560K(130560K)->0K(143872K) From: 40800K(96256K)->44672K(88064K)
[107.406s][info][gc,heap        ] GC(326) ParOldGen: 276715K(386048K)->317883K(386048K)
[107.406s][info][gc,metaspace   ] GC(326) Metaspace: 18161K(18304K)->18161K(18304K) NonClass: 16333K(16448K)->16333K(16448K) Class: 1828K(1856K)->1828K(1856K)
[107.406s][info][gc             ] GC(326) Pause Young (Allocation Failure) 437M->354M(603M) 70.780ms
[107.406s][info][gc,cpu         ] GC(326) User=0.14s Sys=0.00s Real=0.07s
[107.531s][info][gc,start       ] GC(327) Pause Young (Allocation Failure)
[107.570s][info][gc,heap        ] GC(327) PSYoungGen: 188544K(231936K)->6272K(236032K) Eden: 143872K(143872K)->0K(143872K) From: 44672K(88064K)->6272K(92160K)
[107.570s][info][gc,heap        ] GC(327) ParOldGen: 317883K(386048K)->363027K(386048K)
[107.570s][info][gc,metaspace   ] GC(327) Metaspace: 18161K(18304K)->18161K(18304K) NonClass: 16333K(16448K)->16333K(16448K) Class: 1828K(1856K)->1828K(1856K)
[107.570s][info][gc             ] GC(327) Pause Young (Allocation Failure) 494M->360M(607M) 39.349ms
[107.570s][info][gc,cpu         ] GC(327) User=0.07s Sys=0.00s Real=0.04s
[107.654s][info][gc,start       ] GC(328) Pause Young (Allocation Failure)
[107.672s][info][gc,heap        ] GC(328) PSYoungGen: 150144K(236032K)->2144K(237568K) Eden: 143872K(143872K)->0K(150528K) From: 6272K(92160K)->2144K(87040K)
[107.672s][info][gc,heap        ] GC(328) ParOldGen: 363027K(386048K)->369307K(386048K)
[107.672s][info][gc,metaspace   ] GC(328) Metaspace: 18161K(18304K)->18161K(18304K) NonClass: 16333K(16448K)->16333K(16448K) Class: 1828K(1856K)->1828K(1856K)
[107.672s][info][gc             ] GC(328) Pause Young (Allocation Failure) 501M->362M(609M) 18.197ms
[107.672s][info][gc,cpu         ] GC(328) User=0.03s Sys=0.00s Real=0.02s
[107.803s][info][gc,start       ] GC(329) Pause Young (Allocation Failure)
[107.842s][info][gc,heap        ] GC(329) PSYoungGen: 152672K(237568K)->17185K(240128K) Eden: 150528K(150528K)->0K(150528K) From: 2144K(87040K)->17185K(89600K)
[107.842s][info][gc,heap        ] GC(329) ParOldGen: 369307K(386048K)->371427K(386048K)
[107.842s][info][gc,metaspace   ] GC(329) Metaspace: 18166K(18304K)->18166K(18304K) NonClass: 16338K(16448K)->16338K(16448K) Class: 1828K(1856K)->1828K(1856K)
[107.842s][info][gc             ] GC(329) Pause Young (Allocation Failure) 509M->379M(611M) 38.892ms
[107.842s][info][gc,cpu         ] GC(329) User=0.07s Sys=0.00s Real=0.04s
[107.992s][info][gc,start       ] GC(330) Pause Young (Allocation Failure)
[108.048s][info][gc,heap        ] GC(330) PSYoungGen: 167713K(240128K)->24224K(236032K) Eden: 150528K(150528K)->0K(159232K) From: 17185K(89600K)->24224K(76800K)
[108.048s][info][gc,heap        ] GC(330) ParOldGen: 371427K(386048K)->388617K(389120K)
[108.048s][info][gc,metaspace   ] GC(330) Metaspace: 18167K(18304K)->18167K(18304K) NonClass: 16339K(16448K)->16339K(16448K) Class: 1828K(1856K)->1828K(1856K)
[108.048s][info][gc             ] GC(330) Pause Young (Allocation Failure) 526M->403M(610M) 56.643ms
[108.048s][info][gc,cpu         ] GC(330) User=0.11s Sys=0.00s Real=0.06s
[108.263s][info][gc,start       ] GC(331) Pause Young (Allocation Failure)
[108.340s][info][gc,heap        ] GC(331) PSYoungGen: 183456K(236032K)->32320K(239104K) Eden: 159232K(159232K)->0K(159232K) From: 24224K(76800K)->32320K(79872K)
[108.340s][info][gc,heap        ] GC(331) ParOldGen: 388617K(389120K)->412865K(413184K)
[108.340s][info][gc,metaspace   ] GC(331) Metaspace: 18172K(18304K)->18172K(18304K) NonClass: 16344K(16448K)->16344K(16448K) Class: 1828K(1856K)->1828K(1856K)
[108.340s][info][gc             ] GC(331) Pause Young (Allocation Failure) 558M->434M(637M) 77.302ms
[108.340s][info][gc,cpu         ] GC(331) User=0.13s Sys=0.03s Real=0.08s
[108.504s][info][gc,start       ] GC(332) Pause Young (Allocation Failure)
[108.565s][info][gc,heap        ] GC(332) PSYoungGen: 191552K(239104K)->6880K(250880K) Eden: 159232K(159232K)->0K(177152K) From: 32320K(79872K)->6880K(73728K)
[108.565s][info][gc,heap        ] GC(332) ParOldGen: 412865K(413184K)->445246K(445440K)
[108.565s][info][gc,metaspace   ] GC(332) Metaspace: 18173K(18304K)->18173K(18304K) NonClass: 16345K(16448K)->16345K(16448K) Class: 1828K(1856K)->1828K(1856K)
[108.565s][info][gc             ] GC(332) Pause Young (Allocation Failure) 590M->441M(680M) 60.968ms
[108.565s][info][gc,cpu         ] GC(332) User=0.09s Sys=0.03s Real=0.06s
[108.768s][info][gc,start       ] GC(333) Pause Young (Allocation Failure)
[108.789s][info][gc,heap        ] GC(333) PSYoungGen: 184032K(250880K)->3872K(252416K) Eden: 177152K(177152K)->0K(177152K) From: 6880K(73728K)->3872K(75264K)
[108.789s][info][gc,heap        ] GC(333) ParOldGen: 445246K(445440K)->452102K(452608K)
[108.789s][info][gc,metaspace   ] GC(333) Metaspace: 18176K(18304K)->18176K(18304K) NonClass: 16348K(16448K)->16348K(16448K) Class: 1828K(1856K)->1828K(1856K)
[108.789s][info][gc             ] GC(333) Pause Young (Allocation Failure) 614M->445M(688M) 21.510ms
[108.789s][info][gc,cpu         ] GC(333) User=0.04s Sys=0.00s Real=0.02s
[109.021s][info][gc,start       ] GC(334) Pause Young (Allocation Failure)
[109.046s][info][gc,heap        ] GC(334) PSYoungGen: 181024K(252416K)->15712K(250368K) Eden: 177152K(177152K)->0K(184832K) From: 3872K(75264K)->15712K(65536K)
[109.047s][info][gc,heap        ] GC(334) ParOldGen: 452102K(452608K)->455894K(456192K)
[109.047s][info][gc,metaspace   ] GC(334) Metaspace: 18178K(18304K)->18178K(18304K) NonClass: 16350K(16448K)->16350K(16448K) Class: 1828K(1856K)->1828K(1856K)
[109.047s][info][gc             ] GC(334) Pause Young (Allocation Failure) 618M->460M(690M) 25.074ms
[109.047s][info][gc,cpu         ] GC(334) User=0.05s Sys=0.00s Real=0.03s
[109.492s][info][gc,start       ] GC(335) Pause Young (Allocation Failure)
[109.527s][info][gc,heap        ] GC(335) PSYoungGen: 200544K(250368K)->7392K(254464K) Eden: 184832K(184832K)->0K(184832K) From: 15712K(65536K)->7392K(69632K)
[109.527s][info][gc,heap        ] GC(335) ParOldGen: 455894K(456192K)->471612K(472064K)
[109.527s][info][gc,metaspace   ] GC(335) Metaspace: 18190K(18304K)->18190K(18304K) NonClass: 16362K(16448K)->16362K(16448K) Class: 1828K(1856K)->1828K(1856K)
[109.527s][info][gc             ] GC(335) Pause Young (Allocation Failure) 641M->467M(709M) 35.543ms
[109.527s][info][gc,cpu         ] GC(335) User=0.06s Sys=0.02s Real=0.04s
[109.961s][info][gc,start       ] GC(336) Pause Young (Allocation Failure)
[109.975s][info][gc,heap        ] GC(336) PSYoungGen: 192224K(254464K)->128K(259072K) Eden: 184832K(184832K)->0K(196608K) From: 7392K(69632K)->128K(62464K)
[109.975s][info][gc,heap        ] GC(336) ParOldGen: 471612K(472064K)->478940K(479232K)
[109.975s][info][gc,metaspace   ] GC(336) Metaspace: 18192K(18304K)->18192K(18304K) NonClass: 16363K(16448K)->16363K(16448K) Class: 1828K(1856K)->1828K(1856K)
[109.975s][info][gc             ] GC(336) Pause Young (Allocation Failure) 648M->467M(721M) 14.127ms
[109.975s][info][gc,cpu         ] GC(336) User=0.02s Sys=0.00s Real=0.01s
[110.414s][info][gc,start       ] GC(337) Pause Young (Allocation Failure)
[110.429s][info][gc,heap        ] GC(337) PSYoungGen: 196736K(259072K)->4992K(262656K) Eden: 196608K(196608K)->0K(196608K) From: 128K(62464K)->4992K(66048K)
[110.429s][info][gc,heap        ] GC(337) ParOldGen: 478940K(479232K)->478940K(479232K)
[110.429s][info][gc,metaspace   ] GC(337) Metaspace: 18195K(18304K)->18195K(18304K) NonClass: 16367K(16448K)->16367K(16448K) Class: 1828K(1856K)->1828K(1856K)
[110.430s][info][gc             ] GC(337) Pause Young (Allocation Failure) 659M->472M(724M) 15.909ms
[110.430s][info][gc,cpu         ] GC(337) User=0.03s Sys=0.00s Real=0.02s
[110.623s][info][gc,start       ] GC(338) Pause Young (Allocation Failure)
[110.676s][info][gc,heap        ] GC(338) PSYoungGen: 201600K(262656K)->59318K(248320K) Eden: 196608K(196608K)->0K(184320K) From: 4992K(66048K)->59318K(64000K)
[110.676s][info][gc,heap        ] GC(338) ParOldGen: 478940K(479232K)->478940K(479232K)
[110.676s][info][gc,metaspace   ] GC(338) Metaspace: 18195K(18304K)->18195K(18304K) NonClass: 16367K(16448K)->16367K(16448K) Class: 1828K(1856K)->1828K(1856K)
[110.676s][info][gc             ] GC(338) Pause Young (Allocation Failure) 664M->525M(710M) 52.931ms
[110.676s][info][gc,cpu         ] GC(338) User=0.10s Sys=0.01s Real=0.05s
[110.916s][info][gc,start       ] GC(339) Pause Young (Allocation Failure)
[110.986s][info][gc,heap        ] GC(339) PSYoungGen: 243638K(248320K)->74742K(259072K) Eden: 184320K(184320K)->0K(184320K) From: 59318K(64000K)->74742K(74752K)
[110.986s][info][gc,heap        ] GC(339) ParOldGen: 478940K(479232K)->485512K(485888K)
[110.986s][info][gc,metaspace   ] GC(339) Metaspace: 18195K(18304K)->18195K(18304K) NonClass: 16367K(16448K)->16367K(16448K) Class: 1828K(1856K)->1828K(1856K)
[110.986s][info][gc             ] GC(339) Pause Young (Allocation Failure) 705M->547M(727M) 70.517ms
[110.986s][info][gc,cpu         ] GC(339) User=0.13s Sys=0.00s Real=0.08s
[111.245s][info][gc,start       ] GC(340) Pause Young (Allocation Failure)
[111.365s][info][gc,heap        ] GC(340) PSYoungGen: 259062K(259072K)->74736K(186368K) Eden: 184320K(184320K)->0K(111616K) From: 74742K(74752K)->74736K(74752K)
[111.365s][info][gc,heap        ] GC(340) ParOldGen: 485512K(485888K)->518392K(518656K)
[111.365s][info][gc,metaspace   ] GC(340) Metaspace: 18200K(18304K)->18200K(18304K) NonClass: 16371K(16448K)->16371K(16448K) Class: 1828K(1856K)->1828K(1856K)
[111.365s][info][gc             ] GC(340) Pause Young (Allocation Failure) 727M->579M(688M) 120.775ms
[111.365s][info][gc,cpu         ] GC(340) User=0.22s Sys=0.03s Real=0.12s
[111.468s][info][gc,start       ] GC(341) Pause Young (Allocation Failure)
[111.584s][info][gc,heap        ] GC(341) PSYoungGen: 186352K(186368K)->29744K(222720K) Eden: 111616K(111616K)->0K(111616K) From: 74736K(74752K)->29744K(111104K)
[111.584s][info][gc,heap        ] GC(341) ParOldGen: 518392K(518656K)->579760K(580096K)
[111.584s][info][gc,metaspace   ] GC(341) Metaspace: 18200K(18304K)->18200K(18304K) NonClass: 16371K(16448K)->16371K(16448K) Class: 1828K(1856K)->1828K(1856K)
[111.584s][info][gc             ] GC(341) Pause Young (Allocation Failure) 688M->595M(784M) 116.532ms
[111.584s][info][gc,cpu         ] GC(341) User=0.18s Sys=0.05s Real=0.11s
[111.657s][info][gc,start       ] GC(342) Pause Young (Allocation Failure)
[111.744s][info][gc,heap        ] GC(342) PSYoungGen: 141360K(222720K)->38640K(207360K) Eden: 111616K(111616K)->0K(114688K) From: 29744K(111104K)->38640K(92672K)
[111.744s][info][gc,heap        ] GC(342) ParOldGen: 579760K(580096K)->609624K(609792K)
[111.744s][info][gc,metaspace   ] GC(342) Metaspace: 18200K(18304K)->18200K(18304K) NonClass: 16371K(16448K)->16371K(16448K) Class: 1828K(1856K)->1828K(1856K)
[111.744s][info][gc             ] GC(342) Pause Young (Allocation Failure) 704M->633M(798M) 87.456ms
[111.744s][info][gc,cpu         ] GC(342) User=0.15s Sys=0.03s Real=0.08s
[111.823s][info][gc,start       ] GC(343) Pause Full (Allocation Failure)
[111.823s][info][gc,phases,start] GC(343) Marking Phase
[112.083s][info][gc,phases      ] GC(343) Marking Phase 259.542ms
[112.083s][info][gc,phases,start] GC(343) Summary Phase
[112.083s][info][gc,phases      ] GC(343) Summary Phase 0.033ms
[112.083s][info][gc,phases,start] GC(343) Forward
[112.149s][info][gc,phases      ] GC(343) Forward 66.751ms
[112.150s][info][gc,phases,start] GC(343) Adjust Pointers
[112.347s][info][gc,phases      ] GC(343) Adjust Pointers 197.389ms
[112.347s][info][gc,phases,start] GC(343) Compaction Phase
[112.463s][info][gc,phases      ] GC(343) Compaction Phase 116.236ms
[112.469s][info][gc,phases,start] GC(343) Post Compact
[112.472s][info][gc,phases      ] GC(343) Post Compact 2.231ms
[112.472s][info][gc,heap        ] GC(343) PSYoungGen: 153328K(207360K)->0K(216576K) Eden: 114688K(114688K)->0K(114688K) From: 38640K(92672K)->0K(101888K)
[112.472s][info][gc,heap        ] GC(343) ParOldGen: 609624K(609792K)->373116K(663040K)
[112.472s][info][gc,metaspace   ] GC(343) Metaspace: 18200K(18304K)->18200K(18304K) NonClass: 16371K(16448K)->16371K(16448K) Class: 1828K(1856K)->1828K(1856K)
[112.472s][info][gc             ] GC(343) Pause Full (Allocation Failure) 745M->364M(859M) 649.082ms
[112.472s][info][gc,cpu         ] GC(343) User=1.26s Sys=0.00s Real=0.65s
[112.545s][info][gc,start       ] GC(344) Pause Young (Allocation Failure)
[112.558s][info][gc,heap        ] GC(344) PSYoungGen: 114688K(216576K)->7424K(226816K) Eden: 114688K(114688K)->0K(129024K) From: 0K(101888K)->7424K(97792K)
[112.558s][info][gc,heap        ] GC(344) ParOldGen: 373116K(663040K)->373116K(663040K)
[112.558s][info][gc,metaspace   ] GC(344) Metaspace: 18200K(18304K)->18200K(18304K) NonClass: 16371K(16448K)->16371K(16448K) Class: 1828K(1856K)->1828K(1856K)
[112.558s][info][gc             ] GC(344) Pause Young (Allocation Failure) 476M->371M(869M) 12.703ms
[112.558s][info][gc,cpu         ] GC(344) User=0.03s Sys=0.00s Real=0.02s
[112.616s][info][gc,start       ] GC(345) Pause Young (Allocation Failure)
[112.632s][info][gc,heap        ] GC(345) PSYoungGen: 136448K(226816K)->4608K(229376K) Eden: 129024K(129024K)->0K(129024K) From: 7424K(97792K)->4608K(100352K)
[112.632s][info][gc,heap        ] GC(345) ParOldGen: 373116K(663040K)->380548K(663040K)
[112.632s][info][gc,metaspace   ] GC(345) Metaspace: 18200K(18304K)->18200K(18304K) NonClass: 16371K(16448K)->16371K(16448K) Class: 1828K(1856K)->1828K(1856K)
[112.632s][info][gc             ] GC(345) Pause Young (Allocation Failure) 497M->376M(871M) 16.706ms
[112.633s][info][gc,cpu         ] GC(345) User=0.04s Sys=0.00s Real=0.02s
[112.750s][info][gc,start       ] GC(346) Pause Young (Allocation Failure)
[112.782s][info][gc,heap        ] GC(346) PSYoungGen: 133632K(229376K)->16672K(223744K) Eden: 129024K(129024K)->0K(135168K) From: 4608K(100352K)->16672K(88576K)
[112.782s][info][gc,heap        ] GC(346) ParOldGen: 380548K(663040K)->385124K(663040K)
[112.782s][info][gc,metaspace   ] GC(346) Metaspace: 18200K(18304K)->18200K(18304K) NonClass: 16371K(16448K)->16371K(16448K) Class: 1828K(1856K)->1828K(1856K)
[112.782s][info][gc             ] GC(346) Pause Young (Allocation Failure) 502M->392M(866M) 31.874ms
[112.782s][info][gc,cpu         ] GC(346) User=0.06s Sys=0.00s Real=0.03s
[112.879s][info][gc,start       ] GC(347) Pause Young (Allocation Failure)
[112.915s][info][gc,heap        ] GC(347) PSYoungGen: 151840K(223744K)->9600K(228864K) Eden: 135168K(135168K)->0K(135168K) From: 16672K(88576K)->9600K(93696K)
[112.915s][info][gc,heap        ] GC(347) ParOldGen: 385124K(663040K)->401820K(663040K)
[112.915s][info][gc,metaspace   ] GC(347) Metaspace: 18209K(18304K)->18209K(18304K) NonClass: 16381K(16448K)->16381K(16448K) Class: 1828K(1856K)->1828K(1856K)
[112.915s][info][gc             ] GC(347) Pause Young (Allocation Failure) 524M->401M(871M) 35.700ms
[112.915s][info][gc,cpu         ] GC(347) User=0.07s Sys=0.00s Real=0.03s
[112.999s][info][gc,start       ] GC(348) Pause Young (Allocation Failure)
[113.018s][info][gc,heap        ] GC(348) PSYoungGen: 144768K(228864K)->4192K(233472K) Eden: 135168K(135168K)->0K(150016K) From: 9600K(93696K)->4192K(83456K)
[113.018s][info][gc,heap        ] GC(348) ParOldGen: 401820K(663040K)->411420K(663040K)
[113.018s][info][gc,metaspace   ] GC(348) Metaspace: 18209K(18304K)->18209K(18304K) NonClass: 16381K(16448K)->16381K(16448K) Class: 1828K(1856K)->1828K(1856K)
[113.018s][info][gc             ] GC(348) Pause Young (Allocation Failure) 533M->405M(875M) 19.035ms
[113.018s][info][gc,cpu         ] GC(348) User=0.04s Sys=0.00s Real=0.02s
[113.161s][info][gc,start       ] GC(349) Pause Young (Allocation Failure)
[113.182s][info][gc,heap        ] GC(349) PSYoungGen: 154208K(233472K)->12160K(237568K) Eden: 150016K(150016K)->0K(150016K) From: 4192K(83456K)->12160K(87552K)
[113.182s][info][gc,heap        ] GC(349) ParOldGen: 411420K(663040K)->415588K(663040K)
[113.182s][info][gc,metaspace   ] GC(349) Metaspace: 18216K(18304K)->18216K(18304K) NonClass: 16388K(16448K)->16388K(16448K) Class: 1828K(1856K)->1828K(1856K)
[113.182s][info][gc             ] GC(349) Pause Young (Allocation Failure) 552M->417M(879M) 20.964ms
[113.182s][info][gc,cpu         ] GC(349) User=0.04s Sys=0.00s Real=0.02s
[113.336s][info][gc,start       ] GC(350) Pause Young (Allocation Failure)
[113.376s][info][gc,heap        ] GC(350) PSYoungGen: 162176K(237568K)->21536K(235008K) Eden: 150016K(150016K)->0K(162816K) From: 12160K(87552K)->21536K(72192K)
[113.376s][info][gc,heap        ] GC(350) ParOldGen: 415588K(663040K)->427796K(663040K)
[113.376s][info][gc,metaspace   ] GC(350) Metaspace: 18216K(18304K)->18216K(18304K) NonClass: 16388K(16448K)->16388K(16448K) Class: 1828K(1856K)->1828K(1856K)
[113.376s][info][gc             ] GC(350) Pause Young (Allocation Failure) 564M->438M(877M) 39.738ms
[113.376s][info][gc,cpu         ] GC(350) User=0.08s Sys=0.00s Real=0.03s
[113.843s][info][gc,start       ] GC(351) Pause Young (Allocation Failure)
[113.873s][info][gc,heap        ] GC(351) PSYoungGen: 184352K(235008K)->544K(240640K) Eden: 162816K(162816K)->0K(162816K) From: 21536K(72192K)->544K(77824K)
[113.873s][info][gc,heap        ] GC(351) ParOldGen: 427796K(663040K)->449385K(663040K)
[113.873s][info][gc,metaspace   ] GC(351) Metaspace: 18223K(18368K)->18223K(18368K) NonClass: 16395K(16512K)->16395K(16512K) Class: 1828K(1856K)->1828K(1856K)
[113.873s][info][gc             ] GC(351) Pause Young (Allocation Failure) 597M->439M(882M) 30.053ms
[113.873s][info][gc,cpu         ] GC(351) User=0.06s Sys=0.00s Real=0.03s
[114.081s][info][gc,start       ] GC(352) Pause Young (Allocation Failure)
[114.115s][info][gc,heap        ] GC(352) PSYoungGen: 163360K(240640K)->20384K(244224K) Eden: 162816K(162816K)->0K(179200K) From: 544K(77824K)->20384K(65024K)
[114.115s][info][gc,heap        ] GC(352) ParOldGen: 449385K(663040K)->449867K(663040K)
[114.115s][info][gc,metaspace   ] GC(352) Metaspace: 18223K(18368K)->18223K(18368K) NonClass: 16395K(16512K)->16395K(16512K) Class: 1828K(1856K)->1828K(1856K)
[114.115s][info][gc             ] GC(352) Pause Young (Allocation Failure) 598M->459M(886M) 33.980ms
[114.115s][info][gc,cpu         ] GC(352) User=0.06s Sys=0.00s Real=0.03s
[114.319s][info][gc,start       ] GC(353) Pause Young (Allocation Failure)
[114.369s][info][gc,heap        ] GC(353) PSYoungGen: 199584K(244224K)->38288K(249856K) Eden: 179200K(179200K)->0K(179200K) From: 20384K(65024K)->38288K(70656K)
[114.369s][info][gc,heap        ] GC(353) ParOldGen: 449867K(663040K)->470360K(663040K)
[114.369s][info][gc,metaspace   ] GC(353) Metaspace: 18225K(18368K)->18225K(18368K) NonClass: 16397K(16512K)->16397K(16512K) Class: 1828K(1856K)->1828K(1856K)
[114.369s][info][gc             ] GC(353) Pause Young (Allocation Failure) 634M->496M(891M) 50.080ms
[114.369s][info][gc,cpu         ] GC(353) User=0.10s Sys=0.00s Real=0.05s
[114.602s][info][gc,start       ] GC(354) Pause Young (Allocation Failure)
[114.662s][info][gc,heap        ] GC(354) PSYoungGen: 217488K(249856K)->44096K(255488K) Eden: 179200K(179200K)->0K(183296K) From: 38288K(70656K)->44096K(72192K)
[114.662s][info][gc,heap        ] GC(354) ParOldGen: 470360K(663040K)->508992K(663040K)
[114.662s][info][gc,metaspace   ] GC(354) Metaspace: 18225K(18368K)->18225K(18368K) NonClass: 16397K(16512K)->16397K(16512K) Class: 1828K(1856K)->1828K(1856K)
[114.662s][info][gc             ] GC(354) Pause Young (Allocation Failure) 671M->540M(897M) 60.442ms
[114.662s][info][gc,cpu         ] GC(354) User=0.12s Sys=0.00s Real=0.06s
[114.925s][info][gc,start       ] GC(355) Pause Young (Allocation Failure)
[115.008s][info][gc,heap        ] GC(355) PSYoungGen: 227392K(255488K)->33439K(258560K) Eden: 183296K(183296K)->0K(183296K) From: 44096K(72192K)->33439K(75264K)
[115.008s][info][gc,heap        ] GC(355) ParOldGen: 508992K(663040K)->553621K(663040K)
[115.008s][info][gc,metaspace   ] GC(355) Metaspace: 18225K(18368K)->18225K(18368K) NonClass: 16397K(16512K)->16397K(16512K) Class: 1828K(1856K)->1828K(1856K)
[115.008s][info][gc             ] GC(355) Pause Young (Allocation Failure) 719M->573M(900M) 82.825ms
[115.008s][info][gc,cpu         ] GC(355) User=0.16s Sys=0.00s Real=0.09s
[115.229s][info][gc,start       ] GC(356) Pause Young (Allocation Failure)
[115.304s][info][gc,heap        ] GC(356) PSYoungGen: 216735K(258560K)->25824K(248320K) Eden: 183296K(183296K)->0K(185344K) From: 33439K(75264K)->25824K(62976K)
[115.304s][info][gc,heap        ] GC(356) ParOldGen: 553621K(663040K)->587139K(663040K)
[115.304s][info][gc,metaspace   ] GC(356) Metaspace: 18225K(18368K)->18225K(18368K) NonClass: 16397K(16512K)->16397K(16512K) Class: 1828K(1856K)->1828K(1856K)
[115.304s][info][gc             ] GC(356) Pause Young (Allocation Failure) 752M->598M(890M) 75.174ms
[115.304s][info][gc,cpu         ] GC(356) User=0.15s Sys=0.00s Real=0.07s
[115.475s][info][gc,start       ] GC(357) Pause Young (Allocation Failure)
[115.518s][info][gc,heap        ] GC(357) PSYoungGen: 211168K(248320K)->5312K(253952K) Eden: 185344K(185344K)->0K(185344K) From: 25824K(62976K)->5312K(68608K)
[115.518s][info][gc,heap        ] GC(357) ParOldGen: 587139K(663040K)->613051K(663040K)
[115.518s][info][gc,metaspace   ] GC(357) Metaspace: 18225K(18368K)->18225K(18368K) NonClass: 16397K(16512K)->16397K(16512K) Class: 1828K(1856K)->1828K(1856K)
[115.518s][info][gc             ] GC(357) Pause Young (Allocation Failure) 779M->603M(895M) 42.099ms
[115.518s][info][gc,cpu         ] GC(357) User=0.08s Sys=0.00s Real=0.05s
[115.718s][info][gc,start       ] GC(358) Pause Full (Allocation Failure)
[115.718s][info][gc,phases,start] GC(358) Marking Phase
[116.109s][info][gc,phases      ] GC(358) Marking Phase 390.632ms
[116.109s][info][gc,phases,start] GC(358) Summary Phase
[116.109s][info][gc,phases      ] GC(358) Summary Phase 0.028ms
[116.109s][info][gc,phases,start] GC(358) Forward
[116.169s][info][gc,phases      ] GC(358) Forward 60.660ms
[116.169s][info][gc,phases,start] GC(358) Adjust Pointers
[116.451s][info][gc,phases      ] GC(358) Adjust Pointers 281.366ms
[116.451s][info][gc,phases,start] GC(358) Compaction Phase
[116.595s][info][gc,phases      ] GC(358) Compaction Phase 143.886ms
[116.601s][info][gc,phases,start] GC(358) Post Compact
[116.604s][info][gc,phases      ] GC(358) Post Compact 2.374ms
[116.604s][info][gc,heap        ] GC(358) PSYoungGen: 190656K(253952K)->0K(264704K) Eden: 185344K(185344K)->0K(197120K) From: 5312K(68608K)->0K(67584K)
[116.604s][info][gc,heap        ] GC(358) ParOldGen: 613051K(663040K)->537123K(667648K)
[116.604s][info][gc,metaspace   ] GC(358) Metaspace: 18225K(18368K)->18225K(18368K) NonClass: 16397K(16512K)->16397K(16512K) Class: 1828K(1856K)->1828K(1856K)
[116.604s][info][gc             ] GC(358) Pause Full (Allocation Failure) 784M->524M(910M) 886.064ms
[116.604s][info][gc,cpu         ] GC(358) User=1.70s Sys=0.01s Real=0.88s
[116.912s][info][gc,start       ] GC(359) Pause Young (Allocation Failure)
[116.943s][info][gc,heap        ] GC(359) PSYoungGen: 197120K(264704K)->18256K(215552K) Eden: 197120K(197120K)->0K(197120K) From: 0K(67584K)->18256K(18432K)
[116.943s][info][gc,heap        ] GC(359) ParOldGen: 537123K(667648K)->537123K(667648K)
[116.943s][info][gc,metaspace   ] GC(359) Metaspace: 18225K(18368K)->18225K(18368K) NonClass: 16397K(16512K)->16397K(16512K) Class: 1828K(1856K)->1828K(1856K)
[116.944s][info][gc             ] GC(359) Pause Young (Allocation Failure) 717M->542M(862M) 31.132ms
[116.944s][info][gc,cpu         ] GC(359) User=0.07s Sys=0.00s Real=0.03s
[117.147s][info][gc,start       ] GC(360) Pause Young (Allocation Failure)
[117.237s][info][gc,heap        ] GC(360) PSYoungGen: 215376K(215552K)->55298K(253952K) Eden: 197120K(197120K)->0K(189440K) From: 18256K(18432K)->55298K(64512K)
[117.237s][info][gc,heap        ] GC(360) ParOldGen: 537123K(667648K)->555412K(667648K)
[117.237s][info][gc,metaspace   ] GC(360) Metaspace: 18225K(18368K)->18225K(18368K) NonClass: 16397K(16512K)->16397K(16512K) Class: 1828K(1856K)->1828K(1856K)
[117.237s][info][gc             ] GC(360) Pause Young (Allocation Failure) 734M->596M(900M) 89.609ms
[117.237s][info][gc,cpu         ] GC(360) User=0.18s Sys=0.00s Real=0.09s
[117.532s][info][gc,start       ] GC(361) Pause Young (Allocation Failure)
[117.608s][info][gc,heap        ] GC(361) PSYoungGen: 244738K(253952K)->40272K(229888K) Eden: 189440K(189440K)->0K(189440K) From: 55298K(64512K)->40272K(40448K)
[117.608s][info][gc,heap        ] GC(361) ParOldGen: 555412K(667648K)->611185K(667648K)
[117.608s][info][gc,metaspace   ] GC(361) Metaspace: 18225K(18368K)->18225K(18368K) NonClass: 16397K(16512K)->16397K(16512K) Class: 1828K(1856K)->1828K(1856K)
[117.608s][info][gc             ] GC(361) Pause Young (Allocation Failure) 781M->636M(876M) 76.250ms
[117.608s][info][gc,cpu         ] GC(361) User=0.15s Sys=0.00s Real=0.08s
[117.874s][info][gc,start       ] GC(362) Pause Full (Allocation Failure)
[117.874s][info][gc,phases,start] GC(362) Marking Phase
[118.261s][info][gc,phases      ] GC(362) Marking Phase 386.552ms
[118.261s][info][gc,phases,start] GC(362) Summary Phase
[118.261s][info][gc,phases      ] GC(362) Summary Phase 0.032ms
[118.261s][info][gc,phases,start] GC(362) Forward
[118.387s][info][gc,phases      ] GC(362) Forward 125.874ms
[118.387s][info][gc,phases,start] GC(362) Adjust Pointers
[118.683s][info][gc,phases      ] GC(362) Adjust Pointers 296.860ms
[118.684s][info][gc,phases,start] GC(362) Compaction Phase
[118.865s][info][gc,phases      ] GC(362) Compaction Phase 181.133ms
[118.876s][info][gc,phases,start] GC(362) Post Compact
[118.878s][info][gc,phases      ] GC(362) Post Compact 2.492ms
[118.878s][info][gc,heap        ] GC(362) PSYoungGen: 229712K(229888K)->0K(261120K) Eden: 189440K(189440K)->0K(188416K) From: 40272K(40448K)->0K(72704K)
[118.878s][info][gc,heap        ] GC(362) ParOldGen: 611185K(667648K)->533371K(667648K)
[118.878s][info][gc,metaspace   ] GC(362) Metaspace: 18228K(18368K)->18228K(18368K) NonClass: 16399K(16512K)->16399K(16512K) Class: 1828K(1856K)->1828K(1856K)
[118.878s][info][gc             ] GC(362) Pause Full (Allocation Failure) 821M->520M(907M) 1004.463ms
[118.878s][info][gc,cpu         ] GC(362) User=1.91s Sys=0.00s Real=1.01s
[119.076s][info][gc,start       ] GC(363) Pause Young (Allocation Failure)
[119.103s][info][gc,heap        ] GC(363) PSYoungGen: 188416K(261120K)->21536K(210432K) Eden: 188416K(188416K)->0K(188416K) From: 0K(72704K)->21536K(22016K)
[119.103s][info][gc,heap        ] GC(363) ParOldGen: 533371K(667648K)->533371K(667648K)
[119.103s][info][gc,metaspace   ] GC(363) Metaspace: 18228K(18368K)->18228K(18368K) NonClass: 16399K(16512K)->16399K(16512K) Class: 1828K(1856K)->1828K(1856K)
[119.103s][info][gc             ] GC(363) Pause Young (Allocation Failure) 704M->541M(857M) 27.331ms
[119.103s][info][gc,cpu         ] GC(363) User=0.05s Sys=0.00s Real=0.03s
[119.281s][info][gc,start       ] GC(364) Pause Young (Allocation Failure)
[119.309s][info][gc,heap        ] GC(364) PSYoungGen: 209952K(210432K)->22336K(261632K) Eden: 188416K(188416K)->0K(192000K) From: 21536K(22016K)->22336K(69632K)
[119.309s][info][gc,heap        ] GC(364) ParOldGen: 533371K(667648K)->533371K(667648K)
[119.309s][info][gc,metaspace   ] GC(364) Metaspace: 18228K(18368K)->18228K(18368K) NonClass: 16399K(16512K)->16399K(16512K) Class: 1828K(1856K)->1828K(1856K)
[119.309s][info][gc             ] GC(364) Pause Young (Allocation Failure) 725M->542M(907M) 28.145ms
[119.309s][info][gc,cpu         ] GC(364) User=0.06s Sys=0.00s Real=0.03s
[119.540s][info][gc,start       ] GC(365) Pause Young (Allocation Failure)
[119.577s][info][gc,heap        ] GC(365) PSYoungGen: 214336K(261632K)->31872K(258048K) Eden: 192000K(192000K)->0K(192000K) From: 22336K(69632K)->31872K(66048K)
[119.577s][info][gc,heap        ] GC(365) ParOldGen: 533371K(667648K)->533371K(667648K)
[119.577s][info][gc,metaspace   ] GC(365) Metaspace: 18229K(18368K)->18229K(18368K) NonClass: 16401K(16512K)->16401K(16512K) Class: 1828K(1856K)->1828K(1856K)
[119.577s][info][gc             ] GC(365) Pause Young (Allocation Failure) 730M->551M(904M) 36.339ms
[119.577s][info][gc,cpu         ] GC(365) User=0.07s Sys=0.00s Real=0.04s
[119.890s][info][gc,start       ] GC(366) Pause Young (Allocation Failure)
[119.950s][info][gc,heap        ] GC(366) PSYoungGen: 223872K(258048K)->55088K(255488K) Eden: 192000K(192000K)->0K(191488K) From: 31872K(66048K)->55088K(64000K)
[119.950s][info][gc,heap        ] GC(366) ParOldGen: 533371K(667648K)->533371K(667648K)
[119.950s][info][gc,metaspace   ] GC(366) Metaspace: 18229K(18368K)->18229K(18368K) NonClass: 16401K(16512K)->16401K(16512K) Class: 1828K(1856K)->1828K(1856K)
[119.950s][info][gc             ] GC(366) Pause Young (Allocation Failure) 739M->574M(901M) 60.631ms
[119.950s][info][gc,cpu         ] GC(366) User=0.12s Sys=0.00s Real=0.06s
[120.486s][info][gc,start       ] GC(367) Pause Young (Allocation Failure)
[120.545s][info][gc,heap        ] GC(367) PSYoungGen: 246576K(255488K)->55104K(246784K) Eden: 191488K(191488K)->0K(191488K) From: 55088K(64000K)->55104K(55296K)
[120.545s][info][gc,heap        ] GC(367) ParOldGen: 533371K(667648K)->533371K(667648K)
[120.545s][info][gc,metaspace   ] GC(367) Metaspace: 18230K(18368K)->18230K(18368K) NonClass: 16401K(16512K)->16401K(16512K) Class: 1828K(1856K)->1828K(1856K)
[120.545s][info][gc             ] GC(367) Pause Young (Allocation Failure) 761M->574M(893M) 58.386ms
[120.545s][info][gc,cpu         ] GC(367) User=0.11s Sys=0.00s Real=0.06s
[121.000s][info][gc,start       ] GC(368) Pause Young (Allocation Failure)
[121.058s][info][gc,heap        ] GC(368) PSYoungGen: 246592K(246784K)->55136K(249856K) Eden: 191488K(191488K)->0K(174080K) From: 55104K(55296K)->55136K(75776K)
[121.059s][info][gc,heap        ] GC(368) ParOldGen: 533371K(667648K)->533371K(667648K)
[121.059s][info][gc,metaspace   ] GC(368) Metaspace: 18234K(18432K)->18234K(18432K) NonClass: 16406K(16576K)->16406K(16576K) Class: 1828K(1856K)->1828K(1856K)
[121.059s][info][gc             ] GC(368) Pause Young (Allocation Failure) 761M->574M(896M) 58.726ms
[121.059s][info][gc,cpu         ] GC(368) User=0.11s Sys=0.00s Real=0.06s
[121.444s][info][gc,start       ] GC(369) Pause Young (Allocation Failure)
[121.513s][info][gc,heap        ] GC(369) PSYoungGen: 229216K(249856K)->55456K(229888K) Eden: 174080K(174080K)->0K(174080K) From: 55136K(75776K)->55456K(55808K)
[121.513s][info][gc,heap        ] GC(369) ParOldGen: 533371K(667648K)->533371K(667648K)
[121.513s][info][gc,metaspace   ] GC(369) Metaspace: 18235K(18432K)->18235K(18432K) NonClass: 16406K(16576K)->16406K(16576K) Class: 1828K(1856K)->1828K(1856K)
[121.513s][info][gc             ] GC(369) Pause Young (Allocation Failure) 744M->575M(876M) 68.906ms
[121.513s][info][gc,cpu         ] GC(369) User=0.14s Sys=0.00s Real=0.07s
[121.728s][info][gc,start       ] GC(370) Pause Young (Allocation Failure)
[121.830s][info][gc,heap        ] GC(370) PSYoungGen: 229536K(229888K)->83424K(211456K) Eden: 174080K(174080K)->0K(128000K) From: 55456K(55808K)->83424K(83456K)
[121.830s][info][gc,heap        ] GC(370) ParOldGen: 533371K(667648K)->552691K(667648K)
[121.830s][info][gc,metaspace   ] GC(370) Metaspace: 18235K(18432K)->18235K(18432K) NonClass: 16406K(16576K)->16406K(16576K) Class: 1828K(1856K)->1828K(1856K)
[121.830s][info][gc             ] GC(370) Pause Young (Allocation Failure) 745M->621M(858M) 102.022ms
[121.830s][info][gc,cpu         ] GC(370) User=0.19s Sys=0.01s Real=0.10s
[122.028s][info][gc,start       ] GC(371) Pause Young (Allocation Failure)
[122.133s][info][gc,heap        ] GC(371) PSYoungGen: 211424K(211456K)->92000K(220160K) Eden: 128000K(128000K)->0K(128000K) From: 83424K(83456K)->92000K(92160K)
[122.133s][info][gc,heap        ] GC(371) ParOldGen: 552691K(667648K)->575075K(667648K)
[122.133s][info][gc,metaspace   ] GC(371) Metaspace: 18235K(18432K)->18235K(18432K) NonClass: 16406K(16576K)->16406K(16576K) Class: 1828K(1856K)->1828K(1856K)
[122.133s][info][gc             ] GC(371) Pause Young (Allocation Failure) 746M->651M(867M) 104.749ms
[122.133s][info][gc,cpu         ] GC(371) User=0.20s Sys=0.00s Real=0.10s
[122.295s][info][gc,start       ] GC(372) Pause Young (Allocation Failure)
[122.382s][info][gc,heap        ] GC(372) PSYoungGen: 220000K(220160K)->63392K(222720K) Eden: 128000K(128000K)->0K(111616K) From: 92000K(92160K)->63392K(111104K)
[122.382s][info][gc,heap        ] GC(372) ParOldGen: 575075K(667648K)->607915K(667648K)
[122.382s][info][gc,metaspace   ] GC(372) Metaspace: 18235K(18432K)->18235K(18432K) NonClass: 16406K(16576K)->16406K(16576K) Class: 1828K(1856K)->1828K(1856K)
[122.382s][info][gc             ] GC(372) Pause Young (Allocation Failure) 776M->655M(869M) 86.874ms
[122.382s][info][gc,cpu         ] GC(372) User=0.17s Sys=0.00s Real=0.09s
[122.532s][info][gc,start       ] GC(373) Pause Young (Allocation Failure)
[122.628s][info][gc,heap        ] GC(373) PSYoungGen: 175008K(222720K)->97264K(222720K) Eden: 111616K(111616K)->0K(111616K) From: 63392K(111104K)->97264K(111104K)
[122.628s][info][gc,heap        ] GC(373) ParOldGen: 607915K(667648K)->607987K(667648K)
[122.628s][info][gc,metaspace   ] GC(373) Metaspace: 18235K(18432K)->18235K(18432K) NonClass: 16406K(16576K)->16406K(16576K) Class: 1828K(1856K)->1828K(1856K)
[122.628s][info][gc             ] GC(373) Pause Young (Allocation Failure) 764M->688M(869M) 95.681ms
[122.628s][info][gc,cpu         ] GC(373) User=0.19s Sys=0.00s Real=0.10s
[122.753s][info][gc,start       ] GC(374) Pause Young (Allocation Failure)
[122.882s][info][gc,heap        ] GC(374) PSYoungGen: 208880K(222720K)->91040K(222720K) Eden: 111616K(111616K)->0K(111616K) From: 97264K(111104K)->91040K(111104K)
[122.882s][info][gc,heap        ] GC(374) ParOldGen: 607987K(667648K)->636547K(667648K)
[122.882s][info][gc,metaspace   ] GC(374) Metaspace: 18235K(18432K)->18235K(18432K) NonClass: 16406K(16576K)->16406K(16576K) Class: 1828K(1856K)->1828K(1856K)
[122.883s][info][gc             ] GC(374) Pause Young (Allocation Failure) 797M->710M(869M) 129.701ms
[122.883s][info][gc,cpu         ] GC(374) User=0.23s Sys=0.02s Real=0.13s
[122.995s][info][gc,start       ] GC(375) Pause Full (Allocation Failure)
[122.995s][info][gc,phases,start] GC(375) Marking Phase
[123.513s][info][gc,phases      ] GC(375) Marking Phase 517.824ms
[123.513s][info][gc,phases,start] GC(375) Summary Phase
[123.513s][info][gc,phases      ] GC(375) Summary Phase 0.030ms
[123.513s][info][gc,phases,start] GC(375) Forward
[123.657s][info][gc,phases      ] GC(375) Forward 144.029ms
[123.657s][info][gc,phases,start] GC(375) Adjust Pointers
[124.056s][info][gc,phases      ] GC(375) Adjust Pointers 398.671ms
[124.056s][info][gc,phases,start] GC(375) Compaction Phase
[124.302s][info][gc,phases      ] GC(375) Compaction Phase 246.183ms
[124.316s][info][gc,phases,start] GC(375) Post Compact
[124.319s][info][gc,phases      ] GC(375) Post Compact 2.450ms
[124.319s][info][gc,heap        ] GC(375) PSYoungGen: 202656K(222720K)->9053K(222720K) Eden: 111616K(111616K)->0K(111616K) From: 91040K(111104K)->9053K(111104K)
[124.319s][info][gc,heap        ] GC(375) ParOldGen: 636547K(667648K)->667414K(667648K)
[124.319s][info][gc,metaspace   ] GC(375) Metaspace: 18235K(18432K)->18235K(18432K) NonClass: 16406K(16576K)->16406K(16576K) Class: 1828K(1856K)->1828K(1856K)
[124.319s][info][gc             ] GC(375) Pause Full (Allocation Failure) 819M->660M(869M) 1323.787ms
[124.319s][info][gc,cpu         ] GC(375) User=2.54s Sys=0.03s Real=1.33s
[124.406s][info][gc,start       ] GC(376) Pause Full (Allocation Failure)
[124.406s][info][gc,phases,start] GC(376) Marking Phase
[124.928s][info][gc,phases      ] GC(376) Marking Phase 521.829ms
[124.928s][info][gc,phases,start] GC(376) Summary Phase
[124.928s][info][gc,phases      ] GC(376) Summary Phase 0.025ms
[124.928s][info][gc,phases,start] GC(376) Forward
[124.955s][info][gc,phases      ] GC(376) Forward 26.376ms
[124.955s][info][gc,phases,start] GC(376) Adjust Pointers
[125.310s][info][gc,phases      ] GC(376) Adjust Pointers 355.595ms
[125.311s][info][gc,phases,start] GC(376) Compaction Phase
[125.459s][info][gc,phases      ] GC(376) Compaction Phase 148.432ms
[125.463s][info][gc,phases,start] GC(376) Post Compact
[125.465s][info][gc,phases      ] GC(376) Post Compact 2.247ms
[125.465s][info][gc,heap        ] GC(376) PSYoungGen: 120669K(222720K)->9558K(222720K) Eden: 111616K(111616K)->9558K(111616K) From: 9053K(111104K)->0K(111104K)
[125.465s][info][gc,heap        ] GC(376) ParOldGen: 667414K(667648K)->667589K(667648K)
[125.465s][info][gc,metaspace   ] GC(376) Metaspace: 18235K(18432K)->18235K(18432K) NonClass: 16406K(16576K)->16406K(16576K) Class: 1828K(1856K)->1828K(1856K)
[125.465s][info][gc             ] GC(376) Pause Full (Allocation Failure) 769M->661M(869M) 1058.497ms
[125.465s][info][gc,cpu         ] GC(376) User=2.07s Sys=0.01s Real=1.05s
[125.579s][info][gc,start       ] GC(377) Pause Full (Allocation Failure)
[125.579s][info][gc,phases,start] GC(377) Marking Phase
[126.104s][info][gc,phases      ] GC(377) Marking Phase 524.608ms
[126.104s][info][gc,phases,start] GC(377) Summary Phase
[126.104s][info][gc,phases      ] GC(377) Summary Phase 0.025ms
[126.104s][info][gc,phases,start] GC(377) Forward
[126.108s][info][gc,phases      ] GC(377) Forward 4.364ms
[126.108s][info][gc,phases,start] GC(377) Adjust Pointers
[126.460s][info][gc,phases      ] GC(377) Adjust Pointers 351.800ms
[126.460s][info][gc,phases,start] GC(377) Compaction Phase
[126.604s][info][gc,phases      ] GC(377) Compaction Phase 143.350ms
[126.604s][info][gc,phases,start] GC(377) Post Compact
[126.606s][info][gc,phases      ] GC(377) Post Compact 2.233ms
[126.606s][info][gc,heap        ] GC(377) PSYoungGen: 111616K(222720K)->9725K(222720K) Eden: 111616K(111616K)->9725K(111616K) From: 0K(111104K)->0K(111104K)
[126.606s][info][gc,heap        ] GC(377) ParOldGen: 667589K(667648K)->667589K(667648K)
[126.606s][info][gc,metaspace   ] GC(377) Metaspace: 18235K(18432K)->18235K(18432K) NonClass: 16406K(16576K)->16406K(16576K) Class: 1828K(1856K)->1828K(1856K)
[126.606s][info][gc             ] GC(377) Pause Full (Allocation Failure) 760M->661M(869M) 1026.808ms
[126.606s][info][gc,cpu         ] GC(377) User=2.01s Sys=0.00s Real=1.02s
[126.712s][info][gc,start       ] GC(378) Pause Full (Allocation Failure)
[126.712s][info][gc,phases,start] GC(378) Marking Phase
[127.114s][info][gc,phases      ] GC(378) Marking Phase 401.720ms
[127.114s][info][gc,phases,start] GC(378) Summary Phase
[127.114s][info][gc,phases      ] GC(378) Summary Phase 0.026ms
[127.114s][info][gc,phases,start] GC(378) Forward
[127.228s][info][gc,phases      ] GC(378) Forward 114.046ms
[127.228s][info][gc,phases,start] GC(378) Adjust Pointers
[127.528s][info][gc,phases      ] GC(378) Adjust Pointers 300.149ms
[127.528s][info][gc,phases,start] GC(378) Compaction Phase
[127.700s][info][gc,phases      ] GC(378) Compaction Phase 171.676ms
[127.712s][info][gc,phases,start] GC(378) Post Compact
[127.714s][info][gc,phases      ] GC(378) Post Compact 2.303ms
[127.714s][info][gc,heap        ] GC(378) PSYoungGen: 111616K(222720K)->0K(222720K) Eden: 111616K(111616K)->0K(111616K) From: 0K(111104K)->0K(111104K)
[127.714s][info][gc,heap        ] GC(378) ParOldGen: 667589K(667648K)->549684K(667648K)
[127.714s][info][gc,metaspace   ] GC(378) Metaspace: 18235K(18432K)->18235K(18432K) NonClass: 16406K(16576K)->16406K(16576K) Class: 1828K(1856K)->1828K(1856K)
[127.714s][info][gc             ] GC(378) Pause Full (Allocation Failure) 760M->536M(869M) 1002.080ms
[127.714s][info][gc,cpu         ] GC(378) User=1.92s Sys=0.00s Real=1.00s
[127.860s][info][gc,start       ] GC(379) Pause Young (Allocation Failure)
[127.873s][info][gc,heap        ] GC(379) PSYoungGen: 111616K(222720K)->9856K(222720K) Eden: 111616K(111616K)->0K(111616K) From: 0K(111104K)->9856K(111104K)
[127.873s][info][gc,heap        ] GC(379) ParOldGen: 549684K(667648K)->549684K(667648K)
[127.873s][info][gc,metaspace   ] GC(379) Metaspace: 18235K(18432K)->18235K(18432K) NonClass: 16406K(16576K)->16406K(16576K) Class: 1828K(1856K)->1828K(1856K)
[127.873s][info][gc             ] GC(379) Pause Young (Allocation Failure) 645M->546M(869M) 12.558ms
[127.873s][info][gc,cpu         ] GC(379) User=0.02s Sys=0.00s Real=0.01s
[128.038s][info][gc,start       ] GC(380) Pause Young (Allocation Failure)
[128.066s][info][gc,heap        ] GC(380) PSYoungGen: 121472K(222720K)->25275K(222720K) Eden: 111616K(111616K)->0K(111616K) From: 9856K(111104K)->25275K(111104K)
[128.066s][info][gc,heap        ] GC(380) ParOldGen: 549684K(667648K)->549684K(667648K)
[128.066s][info][gc,metaspace   ] GC(380) Metaspace: 18235K(18432K)->18235K(18432K) NonClass: 16406K(16576K)->16406K(16576K) Class: 1828K(1856K)->1828K(1856K)
[128.066s][info][gc             ] GC(380) Pause Young (Allocation Failure) 655M->561M(869M) 28.345ms
[128.066s][info][gc,cpu         ] GC(380) User=0.06s Sys=0.00s Real=0.02s
[128.206s][info][gc,start       ] GC(381) Pause Young (Allocation Failure)
[128.252s][info][gc,heap        ] GC(381) PSYoungGen: 136891K(222720K)->15776K(222720K) Eden: 111616K(111616K)->0K(111616K) From: 25275K(111104K)->15776K(111104K)
[128.252s][info][gc,heap        ] GC(381) ParOldGen: 549684K(667648K)->575009K(667648K)
[128.252s][info][gc,metaspace   ] GC(381) Metaspace: 18237K(18432K)->18237K(18432K) NonClass: 16409K(16576K)->16409K(16576K) Class: 1828K(1856K)->1828K(1856K)
[128.252s][info][gc             ] GC(381) Pause Young (Allocation Failure) 670M->576M(869M) 45.973ms
[128.252s][info][gc,cpu         ] GC(381) User=0.09s Sys=0.00s Real=0.05s
[128.469s][info][gc,start       ] GC(382) Pause Young (Allocation Failure)
[128.480s][info][gc,heap        ] GC(382) PSYoungGen: 127392K(222720K)->960K(222720K) Eden: 111615K(111616K)->0K(111616K) From: 15776K(111104K)->960K(111104K)
[128.481s][info][gc,heap        ] GC(382) ParOldGen: 575009K(667648K)->583393K(667648K)
[128.481s][info][gc,metaspace   ] GC(382) Metaspace: 18238K(18432K)->18238K(18432K) NonClass: 16410K(16576K)->16410K(16576K) Class: 1828K(1856K)->1828K(1856K)
[128.481s][info][gc             ] GC(382) Pause Young (Allocation Failure) 685M->570M(869M) 11.637ms
[128.481s][info][gc,cpu         ] GC(382) User=0.02s Sys=0.00s Real=0.01s
[128.622s][info][gc,start       ] GC(383) Pause Young (Allocation Failure)
[128.646s][info][gc,heap        ] GC(383) PSYoungGen: 112576K(222720K)->25136K(222720K) Eden: 111616K(111616K)->0K(111616K) From: 960K(111104K)->25136K(111104K)
[128.646s][info][gc,heap        ] GC(383) ParOldGen: 583393K(667648K)->584009K(667648K)
[128.646s][info][gc,metaspace   ] GC(383) Metaspace: 18238K(18432K)->18238K(18432K) NonClass: 16410K(16576K)->16410K(16576K) Class: 1828K(1856K)->1828K(1856K)
[128.646s][info][gc             ] GC(383) Pause Young (Allocation Failure) 679M->594M(869M) 24.631ms
[128.646s][info][gc,cpu         ] GC(383) User=0.05s Sys=0.00s Real=0.03s
[128.822s][info][gc,start       ] GC(384) Pause Young (Allocation Failure)
[128.868s][info][gc,heap        ] GC(384) PSYoungGen: 136752K(222720K)->11008K(222720K) Eden: 111616K(111616K)->0K(111616K) From: 25136K(111104K)->11008K(111104K)
[128.868s][info][gc,heap        ] GC(384) ParOldGen: 584009K(667648K)->609145K(667648K)
[128.868s][info][gc,metaspace   ] GC(384) Metaspace: 18238K(18432K)->18238K(18432K) NonClass: 16410K(16576K)->16410K(16576K) Class: 1828K(1856K)->1828K(1856K)
[128.868s][info][gc             ] GC(384) Pause Young (Allocation Failure) 703M->605M(869M) 46.645ms
[128.868s][info][gc,cpu         ] GC(384) User=0.10s Sys=0.00s Real=0.05s
[129.014s][info][gc,start       ] GC(385) Pause Young (Allocation Failure)
[129.037s][info][gc,heap        ] GC(385) PSYoungGen: 122624K(222720K)->6176K(222720K) Eden: 111616K(111616K)->0K(111616K) From: 11008K(111104K)->6176K(111104K)
[129.037s][info][gc,heap        ] GC(385) ParOldGen: 609145K(667648K)->620161K(667648K)
[129.037s][info][gc,metaspace   ] GC(385) Metaspace: 18239K(18432K)->18239K(18432K) NonClass: 16410K(16576K)->16410K(16576K) Class: 1828K(1856K)->1828K(1856K)
[129.037s][info][gc             ] GC(385) Pause Young (Allocation Failure) 714M->611M(869M) 23.193ms
[129.037s][info][gc,cpu         ] GC(385) User=0.04s Sys=0.00s Real=0.03s
[129.213s][info][gc,start       ] GC(386) Pause Young (Allocation Failure)
[129.226s][info][gc,heap        ] GC(386) PSYoungGen: 117792K(222720K)->3360K(222720K) Eden: 111616K(111616K)->0K(111616K) From: 6176K(111104K)->3360K(111104K)
[129.226s][info][gc,heap        ] GC(386) ParOldGen: 620161K(667648K)->626321K(667648K)
[129.226s][info][gc,metaspace   ] GC(386) Metaspace: 18240K(18432K)->18240K(18432K) NonClass: 16412K(16576K)->16412K(16576K) Class: 1828K(1856K)->1828K(1856K)
[129.226s][info][gc             ] GC(386) Pause Young (Allocation Failure) 720M->614M(869M) 12.823ms
[129.226s][info][gc,cpu         ] GC(386) User=0.03s Sys=0.00s Real=0.01s
[129.476s][info][gc,start       ] GC(387) Pause Full (Allocation Failure)
[129.476s][info][gc,phases,start] GC(387) Marking Phase
[129.806s][info][gc,phases      ] GC(387) Marking Phase 329.429ms
[129.806s][info][gc,phases,start] GC(387) Summary Phase
[129.806s][info][gc,phases      ] GC(387) Summary Phase 0.027ms
[129.806s][info][gc,phases,start] GC(387) Forward
[129.883s][info][gc,phases      ] GC(387) Forward 76.916ms
[129.883s][info][gc,phases,start] GC(387) Adjust Pointers
[130.121s][info][gc,phases      ] GC(387) Adjust Pointers 238.514ms
[130.122s][info][gc,phases,start] GC(387) Compaction Phase
[130.229s][info][gc,phases      ] GC(387) Compaction Phase 107.295ms
[130.235s][info][gc,phases,start] GC(387) Post Compact
[130.237s][info][gc,phases      ] GC(387) Post Compact 2.210ms
[130.237s][info][gc,heap        ] GC(387) PSYoungGen: 114976K(222720K)->0K(222720K) Eden: 111616K(111616K)->0K(111616K) From: 3360K(111104K)->0K(111104K)
[130.237s][info][gc,heap        ] GC(387) ParOldGen: 626321K(667648K)->444215K(667648K)
[130.237s][info][gc,metaspace   ] GC(387) Metaspace: 18240K(18432K)->18240K(18432K) NonClass: 16412K(16576K)->16412K(16576K) Class: 1828K(1856K)->1828K(1856K)
[130.237s][info][gc             ] GC(387) Pause Full (Allocation Failure) 723M->433M(869M) 760.555ms
[130.237s][info][gc,cpu         ] GC(387) User=1.41s Sys=0.00s Real=0.76s
[130.424s][info][gc,start       ] GC(388) Pause Young (Allocation Failure)
[130.440s][info][gc,heap        ] GC(388) PSYoungGen: 111616K(222720K)->13712K(125440K) Eden: 111616K(111616K)->0K(111616K) From: 0K(111104K)->13712K(13824K)
[130.440s][info][gc,heap        ] GC(388) ParOldGen: 444215K(667648K)->444215K(667648K)
[130.440s][info][gc,metaspace   ] GC(388) Metaspace: 18241K(18432K)->18241K(18432K) NonClass: 16413K(16576K)->16413K(16576K) Class: 1828K(1856K)->1828K(1856K)
[130.440s][info][gc             ] GC(388) Pause Young (Allocation Failure) 542M->447M(774M) 15.527ms
[130.440s][info][gc,cpu         ] GC(388) User=0.03s Sys=0.00s Real=0.02s
[130.593s][info][gc,start       ] GC(389) Pause Young (Allocation Failure)
[130.610s][info][gc,heap        ] GC(389) PSYoungGen: 125328K(125440K)->16752K(216576K) Eden: 111616K(111616K)->0K(115712K) From: 13712K(13824K)->16752K(100864K)
[130.610s][info][gc,heap        ] GC(389) ParOldGen: 444215K(667648K)->444215K(667648K)
[130.610s][info][gc,metaspace   ] GC(389) Metaspace: 18241K(18432K)->18241K(18432K) NonClass: 16413K(16576K)->16413K(16576K) Class: 1828K(1856K)->1828K(1856K)
[130.610s][info][gc             ] GC(389) Pause Young (Allocation Failure) 556M->450M(863M) 17.496ms
[130.611s][info][gc,cpu         ] GC(389) User=0.04s Sys=0.00s Real=0.02s
[130.711s][info][gc,start       ] GC(390) Pause Young (Allocation Failure)
[130.755s][info][gc,heap        ] GC(390) PSYoungGen: 132464K(216576K)->51696K(218112K) Eden: 115712K(115712K)->0K(115712K) From: 16752K(100864K)->51696K(102400K)
[130.755s][info][gc,heap        ] GC(390) ParOldGen: 444215K(667648K)->444215K(667648K)
[130.755s][info][gc,metaspace   ] GC(390) Metaspace: 18243K(18432K)->18243K(18432K) NonClass: 16414K(16576K)->16414K(16576K) Class: 1828K(1856K)->1828K(1856K)
[130.755s][info][gc             ] GC(390) Pause Young (Allocation Failure) 563M->484M(865M) 43.883ms
[130.755s][info][gc,cpu         ] GC(390) User=0.09s Sys=0.00s Real=0.04s
[130.833s][info][gc,start       ] GC(391) Pause Young (Allocation Failure)
[130.900s][info][gc,heap        ] GC(391) PSYoungGen: 167408K(218112K)->93088K(215552K) Eden: 115712K(115712K)->0K(111616K) From: 51696K(102400K)->93088K(103936K)
[130.900s][info][gc,heap        ] GC(391) ParOldGen: 444215K(667648K)->444215K(667648K)
[130.900s][info][gc,metaspace   ] GC(391) Metaspace: 18243K(18432K)->18243K(18432K) NonClass: 16414K(16576K)->16414K(16576K) Class: 1828K(1856K)->1828K(1856K)
[130.900s][info][gc             ] GC(391) Pause Young (Allocation Failure) 597M->524M(862M) 67.472ms
[130.900s][info][gc,cpu         ] GC(391) User=0.13s Sys=0.00s Real=0.07s
[131.090s][info][gc,start       ] GC(392) Pause Young (Allocation Failure)
[131.156s][info][gc,heap        ] GC(392) PSYoungGen: 204704K(215552K)->79568K(222720K) Eden: 111616K(111616K)->0K(111616K) From: 93088K(103936K)->79568K(111104K)
[131.156s][info][gc,heap        ] GC(392) ParOldGen: 444215K(667648K)->461039K(667648K)
[131.156s][info][gc,metaspace   ] GC(392) Metaspace: 18243K(18432K)->18243K(18432K) NonClass: 16415K(16576K)->16415K(16576K) Class: 1828K(1856K)->1828K(1856K)
[131.156s][info][gc             ] GC(392) Pause Young (Allocation Failure) 633M->527M(869M) 66.533ms
[131.156s][info][gc,cpu         ] GC(392) User=0.13s Sys=0.00s Real=0.07s
[131.337s][info][gc,start       ] GC(393) Pause Young (Allocation Failure)
[131.426s][info][gc,heap        ] GC(393) PSYoungGen: 191184K(222720K)->23488K(222720K) Eden: 111616K(111616K)->0K(111616K) From: 79568K(111104K)->23488K(111104K)
[131.426s][info][gc,heap        ] GC(393) ParOldGen: 461039K(667648K)->538303K(667648K)
[131.426s][info][gc,metaspace   ] GC(393) Metaspace: 18244K(18432K)->18244K(18432K) NonClass: 16416K(16576K)->16416K(16576K) Class: 1828K(1856K)->1828K(1856K)
[131.426s][info][gc             ] GC(393) Pause Young (Allocation Failure) 636M->548M(869M) 89.089ms
[131.426s][info][gc,cpu         ] GC(393) User=0.18s Sys=0.00s Real=0.08s
[131.549s][info][gc,start       ] GC(394) Pause Young (Allocation Failure)
[131.612s][info][gc,heap        ] GC(394) PSYoungGen: 135104K(222720K)->22976K(222720K) Eden: 111616K(111616K)->0K(111616K) From: 23488K(111104K)->22976K(111104K)
[131.612s][info][gc,heap        ] GC(394) ParOldGen: 538303K(667648K)->561827K(667648K)
[131.612s][info][gc,metaspace   ] GC(394) Metaspace: 18244K(18432K)->18244K(18432K) NonClass: 16416K(16576K)->16416K(16576K) Class: 1828K(1856K)->1828K(1856K)
[131.612s][info][gc             ] GC(394) Pause Young (Allocation Failure) 657M->571M(869M) 63.576ms
[131.612s][info][gc,cpu         ] GC(394) User=0.13s Sys=0.00s Real=0.06s
[131.751s][info][gc,start       ] GC(395) Pause Young (Allocation Failure)
[131.794s][info][gc,heap        ] GC(395) PSYoungGen: 134592K(222720K)->15648K(222720K) Eden: 111616K(111616K)->0K(111616K) From: 22976K(111104K)->15648K(111104K)
[131.794s][info][gc,heap        ] GC(395) ParOldGen: 561827K(667648K)->584859K(667648K)
[131.794s][info][gc,metaspace   ] GC(395) Metaspace: 18244K(18432K)->18244K(18432K) NonClass: 16416K(16576K)->16416K(16576K) Class: 1828K(1856K)->1828K(1856K)
[131.794s][info][gc             ] GC(395) Pause Young (Allocation Failure) 680M->586M(869M) 42.917ms
[131.794s][info][gc,cpu         ] GC(395) User=0.08s Sys=0.00s Real=0.04s
[131.871s][info][gc,start       ] GC(396) Pause Young (Allocation Failure)
[131.893s][info][gc,heap        ] GC(396) PSYoungGen: 127264K(222720K)->3200K(115200K) Eden: 111616K(111616K)->0K(111616K) From: 15648K(111104K)->3200K(3584K)
[131.893s][info][gc,heap        ] GC(396) ParOldGen: 584859K(667648K)->600531K(667648K)
[131.893s][info][gc,metaspace   ] GC(396) Metaspace: 18244K(18432K)->18244K(18432K) NonClass: 16416K(16576K)->16416K(16576K) Class: 1828K(1856K)->1828K(1856K)
[131.893s][info][gc             ] GC(396) Pause Young (Allocation Failure) 695M->589M(764M) 22.070ms
[131.893s][info][gc,cpu         ] GC(396) User=0.04s Sys=0.00s Real=0.02s
[132.017s][info][gc,start       ] GC(397) Pause Young (Allocation Failure)
[132.028s][info][gc,heap        ] GC(397) PSYoungGen: 114816K(115200K)->3936K(224768K) Eden: 111616K(111616K)->0K(114688K) From: 3200K(3584K)->3936K(110080K)
[132.028s][info][gc,heap        ] GC(397) ParOldGen: 600531K(667648K)->600531K(667648K)
[132.028s][info][gc,metaspace   ] GC(397) Metaspace: 18244K(18432K)->18244K(18432K) NonClass: 16416K(16576K)->16416K(16576K) Class: 1828K(1856K)->1828K(1856K)
[132.028s][info][gc             ] GC(397) Pause Young (Allocation Failure) 698M->590M(871M) 11.155ms
[132.028s][info][gc,cpu         ] GC(397) User=0.02s Sys=0.00s Real=0.01s
[132.144s][info][gc,start       ] GC(398) Pause Young (Allocation Failure)
[132.160s][info][gc,heap        ] GC(398) PSYoungGen: 118624K(224768K)->8192K(122880K) Eden: 114688K(114688K)->0K(114688K) From: 3936K(110080K)->8192K(8192K)
[132.160s][info][gc,heap        ] GC(398) ParOldGen: 600531K(667648K)->600531K(667648K)
[132.160s][info][gc,metaspace   ] GC(398) Metaspace: 18244K(18432K)->18244K(18432K) NonClass: 16416K(16576K)->16416K(16576K) Class: 1828K(1856K)->1828K(1856K)
[132.160s][info][gc             ] GC(398) Pause Young (Allocation Failure) 702M->594M(772M) 16.307ms
[132.160s][info][gc,cpu         ] GC(398) User=0.03s Sys=0.00s Real=0.02s
[132.313s][info][gc,start       ] GC(399) Pause Young (Allocation Failure)
[132.335s][info][gc,heap        ] GC(399) PSYoungGen: 122880K(122880K)->13184K(216576K) Eden: 114688K(114688K)->0K(120320K) From: 8192K(8192K)->13184K(96256K)
[132.335s][info][gc,heap        ] GC(399) ParOldGen: 600531K(667648K)->600531K(667648K)
[132.335s][info][gc,metaspace   ] GC(399) Metaspace: 18244K(18432K)->18244K(18432K) NonClass: 16416K(16576K)->16416K(16576K) Class: 1828K(1856K)->1828K(1856K)
[132.335s][info][gc             ] GC(399) Pause Young (Allocation Failure) 706M->599M(863M) 21.835ms
[132.335s][info][gc,cpu         ] GC(399) User=0.04s Sys=0.00s Real=0.02s
[132.553s][info][gc,start       ] GC(400) Pause Young (Allocation Failure)
[132.593s][info][gc,heap        ] GC(400) PSYoungGen: 133504K(216576K)->27440K(147968K) Eden: 120320K(120320K)->0K(120320K) From: 13184K(96256K)->27440K(27648K)
[132.593s][info][gc,heap        ] GC(400) ParOldGen: 600531K(667648K)->600531K(667648K)
[132.593s][info][gc,metaspace   ] GC(400) Metaspace: 18244K(18432K)->18244K(18432K) NonClass: 16416K(16576K)->16416K(16576K) Class: 1828K(1856K)->1828K(1856K)
[132.593s][info][gc             ] GC(400) Pause Young (Allocation Failure) 716M->613M(796M) 39.650ms
[132.593s][info][gc,cpu         ] GC(400) User=0.08s Sys=0.00s Real=0.04s
[132.798s][info][gc,start       ] GC(401) Pause Young (Allocation Failure)
[132.847s][info][gc,heap        ] GC(401) PSYoungGen: 147760K(147968K)->41824K(216576K) Eden: 120320K(120320K)->0K(126464K) From: 27440K(27648K)->41824K(90112K)
[132.847s][info][gc,heap        ] GC(401) ParOldGen: 600531K(667648K)->600531K(667648K)
[132.847s][info][gc,metaspace   ] GC(401) Metaspace: 18244K(18432K)->18244K(18432K) NonClass: 16416K(16576K)->16416K(16576K) Class: 1828K(1856K)->1828K(1856K)
[132.847s][info][gc             ] GC(401) Pause Young (Allocation Failure) 730M->627M(863M) 49.471ms
[132.847s][info][gc,cpu         ] GC(401) User=0.10s Sys=0.00s Real=0.05s
[132.990s][info][gc,start       ] GC(402) Pause Young (Allocation Failure)
[133.066s][info][gc,heap        ] GC(402) PSYoungGen: 168288K(216576K)->80096K(217088K) Eden: 126464K(126464K)->0K(126464K) From: 41824K(90112K)->80096K(90624K)
[133.066s][info][gc,heap        ] GC(402) ParOldGen: 600531K(667648K)->600531K(667648K)
[133.066s][info][gc,metaspace   ] GC(402) Metaspace: 18244K(18432K)->18244K(18432K) NonClass: 16416K(16576K)->16416K(16576K) Class: 1828K(1856K)->1828K(1856K)
[133.066s][info][gc             ] GC(402) Pause Young (Allocation Failure) 750M->664M(864M) 76.016ms
[133.066s][info][gc,cpu         ] GC(402) User=0.15s Sys=0.00s Real=0.07s
[133.283s][info][gc,start       ] GC(403) Pause Young (Allocation Failure)
[133.377s][info][gc,heap        ] GC(403) PSYoungGen: 206560K(217088K)->91824K(215552K) Eden: 126464K(126464K)->0K(111616K) From: 80096K(90624K)->91824K(103936K)
[133.377s][info][gc,heap        ] GC(403) ParOldGen: 600531K(667648K)->600531K(667648K)
[133.377s][info][gc,metaspace   ] GC(403) Metaspace: 18249K(18432K)->18249K(18432K) NonClass: 16420K(16576K)->16420K(16576K) Class: 1828K(1856K)->1828K(1856K)
[133.377s][info][gc             ] GC(403) Pause Young (Allocation Failure) 788M->676M(862M) 94.407ms
[133.377s][info][gc,cpu         ] GC(403) User=0.19s Sys=0.00s Real=0.10s
[133.558s][info][gc,start       ] GC(404) Pause Young (Allocation Failure)
[133.644s][info][gc,heap        ] GC(404) PSYoungGen: 203440K(215552K)->87936K(222720K) Eden: 111616K(111616K)->0K(111616K) From: 91824K(103936K)->87936K(111104K)
[133.645s][info][gc,heap        ] GC(404) ParOldGen: 600531K(667648K)->604467K(667648K)
[133.645s][info][gc,metaspace   ] GC(404) Metaspace: 18250K(18432K)->18250K(18432K) NonClass: 16422K(16576K)->16422K(16576K) Class: 1828K(1856K)->1828K(1856K)
[133.645s][info][gc             ] GC(404) Pause Young (Allocation Failure) 785M->676M(869M) 86.711ms
[133.645s][info][gc,cpu         ] GC(404) User=0.17s Sys=0.00s Real=0.08s
[133.789s][info][gc,start       ] GC(405) Pause Young (Allocation Failure)
[133.894s][info][gc,heap        ] GC(405) PSYoungGen: 199552K(222720K)->98624K(222720K) Eden: 111616K(111616K)->0K(111616K) From: 87936K(111104K)->98624K(111104K)
[133.894s][info][gc,heap        ] GC(405) ParOldGen: 604467K(667648K)->613731K(667648K)
[133.894s][info][gc,metaspace   ] GC(405) Metaspace: 18250K(18432K)->18250K(18432K) NonClass: 16422K(16576K)->16422K(16576K) Class: 1828K(1856K)->1828K(1856K)
[133.894s][info][gc             ] GC(405) Pause Young (Allocation Failure) 785M->695M(869M) 104.554ms
[133.894s][info][gc,cpu         ] GC(405) User=0.21s Sys=0.00s Real=0.10s
[134.000s][info][gc,start       ] GC(406) Pause Young (Allocation Failure)
[134.098s][info][gc,heap        ] GC(406) PSYoungGen: 210240K(222720K)->73344K(222720K) Eden: 111616K(111616K)->0K(111616K) From: 98624K(111104K)->73344K(111104K)
[134.098s][info][gc,heap        ] GC(406) ParOldGen: 613731K(667648K)->642492K(667648K)
[134.098s][info][gc,metaspace   ] GC(406) Metaspace: 18250K(18432K)->18250K(18432K) NonClass: 16422K(16576K)->16422K(16576K) Class: 1828K(1856K)->1828K(1856K)
[134.098s][info][gc             ] GC(406) Pause Young (Allocation Failure) 804M->699M(869M) 98.082ms
[134.099s][info][gc,cpu         ] GC(406) User=0.20s Sys=0.00s Real=0.10s
[134.215s][info][gc,start       ] GC(407) Pause Full (Allocation Failure)
[134.215s][info][gc,phases,start] GC(407) Marking Phase
[134.571s][info][gc,phases      ] GC(407) Marking Phase 355.549ms
[134.571s][info][gc,phases,start] GC(407) Summary Phase
[134.571s][info][gc,phases      ] GC(407) Summary Phase 0.030ms
[134.571s][info][gc,phases,start] GC(407) Forward
[134.682s][info][gc,phases      ] GC(407) Forward 111.051ms
[134.682s][info][gc,phases,start] GC(407) Adjust Pointers
[134.952s][info][gc,phases      ] GC(407) Adjust Pointers 269.597ms
[134.952s][info][gc,phases,start] GC(407) Compaction Phase
[135.104s][info][gc,phases      ] GC(407) Compaction Phase 151.888ms
[135.112s][info][gc,phases,start] GC(407) Post Compact
[135.114s][info][gc,phases      ] GC(407) Post Compact 2.420ms
[135.114s][info][gc,heap        ] GC(407) PSYoungGen: 184960K(222720K)->0K(222720K) Eden: 111616K(111616K)->0K(111616K) From: 73344K(111104K)->0K(111104K)
[135.114s][info][gc,heap        ] GC(407) ParOldGen: 642492K(667648K)->484954K(667648K)
[135.114s][info][gc,metaspace   ] GC(407) Metaspace: 18250K(18432K)->18250K(18432K) NonClass: 16422K(16576K)->16422K(16576K) Class: 1828K(1856K)->1828K(1856K)
[135.114s][info][gc             ] GC(407) Pause Full (Allocation Failure) 808M->473M(869M) 898.939ms
[135.114s][info][gc,cpu         ] GC(407) User=1.71s Sys=0.00s Real=0.90s
[135.257s][info][gc,start       ] GC(408) Pause Young (Allocation Failure)
[135.273s][info][gc,heap        ] GC(408) PSYoungGen: 111616K(222720K)->14048K(222720K) Eden: 111616K(111616K)->0K(111616K) From: 0K(111104K)->14048K(111104K)
[135.274s][info][gc,heap        ] GC(408) ParOldGen: 484954K(667648K)->484954K(667648K)
[135.274s][info][gc,metaspace   ] GC(408) Metaspace: 18250K(18432K)->18250K(18432K) NonClass: 16422K(16576K)->16422K(16576K) Class: 1828K(1856K)->1828K(1856K)
[135.274s][info][gc             ] GC(408) Pause Young (Allocation Failure) 582M->487M(869M) 16.899ms
[135.274s][info][gc,cpu         ] GC(408) User=0.03s Sys=0.00s Real=0.01s
[135.571s][info][gc,start       ] GC(409) Pause Young (Allocation Failure)
[135.590s][info][gc,heap        ] GC(409) PSYoungGen: 125664K(222720K)->15616K(222720K) Eden: 111616K(111616K)->0K(111616K) From: 14048K(111104K)->15616K(111104K)
[135.590s][info][gc,heap        ] GC(409) ParOldGen: 484954K(667648K)->484954K(667648K)
[135.590s][info][gc,metaspace   ] GC(409) Metaspace: 18250K(18432K)->18250K(18432K) NonClass: 16422K(16576K)->16422K(16576K) Class: 1828K(1856K)->1828K(1856K)
[135.590s][info][gc             ] GC(409) Pause Young (Allocation Failure) 596M->488M(869M) 19.171ms
[135.590s][info][gc,cpu         ] GC(409) User=0.04s Sys=0.00s Real=0.02s
[135.874s][info][gc,start       ] GC(410) Pause Young (Allocation Failure)
[135.893s][info][gc,heap        ] GC(410) PSYoungGen: 127232K(222720K)->1632K(222720K) Eden: 111616K(111616K)->0K(111616K) From: 15616K(111104K)->1632K(111104K)
[135.893s][info][gc,heap        ] GC(410) ParOldGen: 484954K(667648K)->499002K(667648K)
[135.893s][info][gc,metaspace   ] GC(410) Metaspace: 18250K(18432K)->18250K(18432K) NonClass: 16422K(16576K)->16422K(16576K) Class: 1828K(1856K)->1828K(1856K)
[135.893s][info][gc             ] GC(410) Pause Young (Allocation Failure) 597M->488M(869M) 19.062ms
[135.893s][info][gc,cpu         ] GC(410) User=0.04s Sys=0.00s Real=0.02s
[136.161s][info][gc,start       ] GC(411) Pause Young (Allocation Failure)
[136.164s][info][gc,heap        ] GC(411) PSYoungGen: 113248K(222720K)->64K(222720K) Eden: 111616K(111616K)->0K(111616K) From: 1632K(111104K)->64K(111104K)
[136.164s][info][gc,heap        ] GC(411) ParOldGen: 499002K(667648K)->500623K(667648K)
[136.164s][info][gc,metaspace   ] GC(411) Metaspace: 18250K(18432K)->18250K(18432K) NonClass: 16422K(16576K)->16422K(16576K) Class: 1828K(1856K)->1828K(1856K)
[136.165s][info][gc             ] GC(411) Pause Young (Allocation Failure) 597M->488M(869M) 3.605ms
[136.165s][info][gc,cpu         ] GC(411) User=0.01s Sys=0.00s Real=0.00s
[136.423s][info][gc,start       ] GC(412) Pause Young (Allocation Failure)
[136.434s][info][gc,heap        ] GC(412) PSYoungGen: 111680K(222720K)->64K(222720K) Eden: 111616K(111616K)->0K(111616K) From: 64K(111104K)->64K(111104K)
[136.434s][info][gc,heap        ] GC(412) ParOldGen: 500623K(667648K)->500631K(667648K)
[136.434s][info][gc,metaspace   ] GC(412) Metaspace: 18250K(18432K)->18250K(18432K) NonClass: 16422K(16576K)->16422K(16576K) Class: 1828K(1856K)->1828K(1856K)
[136.434s][info][gc             ] GC(412) Pause Young (Allocation Failure) 597M->488M(869M) 11.183ms
[136.434s][info][gc,cpu         ] GC(412) User=0.01s Sys=0.00s Real=0.01s
[136.617s][info][gc,start       ] GC(413) Pause Young (Allocation Failure)
[136.629s][info][gc,heap        ] GC(413) PSYoungGen: 111680K(222720K)->14192K(222720K) Eden: 111616K(111616K)->0K(111616K) From: 64K(111104K)->14192K(111104K)
[136.629s][info][gc,heap        ] GC(413) ParOldGen: 500631K(667648K)->500647K(667648K)
[136.629s][info][gc,metaspace   ] GC(413) Metaspace: 18250K(18432K)->18250K(18432K) NonClass: 16422K(16576K)->16422K(16576K) Class: 1828K(1856K)->1828K(1856K)
[136.629s][info][gc             ] GC(413) Pause Young (Allocation Failure) 597M->502M(869M) 12.058ms
[136.629s][info][gc,cpu         ] GC(413) User=0.02s Sys=0.00s Real=0.01s
[136.691s][info][gc,start       ] GC(414) Pause Young (Allocation Failure)
[136.731s][info][gc,heap        ] GC(414) PSYoungGen: 125808K(222720K)->40736K(222720K) Eden: 111616K(111616K)->0K(111616K) From: 14192K(111104K)->40736K(111104K)
[136.731s][info][gc,heap        ] GC(414) ParOldGen: 500647K(667648K)->515018K(667648K)
[136.731s][info][gc,metaspace   ] GC(414) Metaspace: 18250K(18432K)->18250K(18432K) NonClass: 16422K(16576K)->16422K(16576K) Class: 1828K(1856K)->1828K(1856K)
[136.731s][info][gc             ] GC(414) Pause Young (Allocation Failure) 611M->542M(869M) 39.446ms
[136.731s][info][gc,cpu         ] GC(414) User=0.08s Sys=0.00s Real=0.04s
[136.891s][info][gc,start       ] GC(415) Pause Young (Allocation Failure)
[136.933s][info][gc,heap        ] GC(415) PSYoungGen: 152352K(222720K)->18912K(219648K) Eden: 111616K(111616K)->0K(111616K) From: 40736K(111104K)->18912K(108032K)
[136.933s][info][gc,heap        ] GC(415) ParOldGen: 515018K(667648K)->556234K(667648K)
[136.933s][info][gc,metaspace   ] GC(415) Metaspace: 18250K(18432K)->18250K(18432K) NonClass: 16422K(16576K)->16422K(16576K) Class: 1828K(1856K)->1828K(1856K)
[136.933s][info][gc             ] GC(415) Pause Young (Allocation Failure) 651M->561M(866M) 41.828ms
[136.933s][info][gc,cpu         ] GC(415) User=0.08s Sys=0.00s Real=0.04s
[137.048s][info][gc,start       ] GC(416) Pause Young (Allocation Failure)
[137.083s][info][gc,heap        ] GC(416) PSYoungGen: 130528K(219648K)->21184K(133120K) Eden: 111616K(111616K)->0K(111616K) From: 18912K(108032K)->21184K(21504K)
[137.083s][info][gc,heap        ] GC(416) ParOldGen: 556234K(667648K)->556234K(667648K)
[137.083s][info][gc,metaspace   ] GC(416) Metaspace: 18250K(18432K)->18250K(18432K) NonClass: 16422K(16576K)->16422K(16576K) Class: 1828K(1856K)->1828K(1856K)
[137.083s][info][gc             ] GC(416) Pause Young (Allocation Failure) 670M->563M(782M) 35.551ms
[137.083s][info][gc,cpu         ] GC(416) User=0.07s Sys=0.00s Real=0.03s
[137.279s][info][gc,start       ] GC(417) Pause Young (Allocation Failure)
[137.330s][info][gc,heap        ] GC(417) PSYoungGen: 132800K(133120K)->39904K(218112K) Eden: 111616K(111616K)->0K(118784K) From: 21184K(21504K)->39904K(99328K)
[137.330s][info][gc,heap        ] GC(417) ParOldGen: 556234K(667648K)->556234K(667648K)
[137.330s][info][gc,metaspace   ] GC(417) Metaspace: 18253K(18432K)->18253K(18432K) NonClass: 16424K(16576K)->16424K(16576K) Class: 1828K(1856K)->1828K(1856K)
[137.330s][info][gc             ] GC(417) Pause Young (Allocation Failure) 672M->582M(865M) 51.201ms
[137.330s][info][gc,cpu         ] GC(417) User=0.10s Sys=0.00s Real=0.05s
[137.520s][info][gc,start       ] GC(418) Pause Young (Allocation Failure)
[137.569s][info][gc,heap        ] GC(418) PSYoungGen: 158688K(218112K)->40617K(218624K) Eden: 118784K(118784K)->0K(118784K) From: 39904K(99328K)->40617K(99840K)
[137.569s][info][gc,heap        ] GC(418) ParOldGen: 556234K(667648K)->556234K(667648K)
[137.569s][info][gc,metaspace   ] GC(418) Metaspace: 18253K(18432K)->18253K(18432K) NonClass: 16424K(16576K)->16424K(16576K) Class: 1828K(1856K)->1828K(1856K)
[137.569s][info][gc             ] GC(418) Pause Young (Allocation Failure) 698M->582M(865M) 49.840ms
[137.570s][info][gc,cpu         ] GC(418) User=0.10s Sys=0.00s Real=0.05s
[137.638s][info][gc,start       ] GC(419) Pause Young (Allocation Failure)
[137.714s][info][gc,heap        ] GC(419) PSYoungGen: 159401K(218624K)->78681K(211456K) Eden: 118784K(118784K)->0K(115200K) From: 40617K(99840K)->78681K(96256K)
[137.714s][info][gc,heap        ] GC(419) ParOldGen: 556234K(667648K)->556234K(667648K)
[137.714s][info][gc,metaspace   ] GC(419) Metaspace: 18259K(18432K)->18259K(18432K) NonClass: 16431K(16576K)->16431K(16576K) Class: 1828K(1856K)->1828K(1856K)
[137.714s][info][gc             ] GC(419) Pause Young (Allocation Failure) 698M->620M(858M) 75.962ms
[137.714s][info][gc,cpu         ] GC(419) User=0.15s Sys=0.00s Real=0.07s
[137.806s][info][gc,start       ] GC(420) Pause Young (Allocation Failure)
[137.901s][info][gc,heap        ] GC(420) PSYoungGen: 193881K(211456K)->107497K(222720K) Eden: 115200K(115200K)->0K(115200K) From: 78681K(96256K)->107497K(107520K)
[137.902s][info][gc,heap        ] GC(420) ParOldGen: 556234K(667648K)->561522K(667648K)
[137.902s][info][gc,metaspace   ] GC(420) Metaspace: 18260K(18432K)->18260K(18432K) NonClass: 16431K(16576K)->16431K(16576K) Class: 1828K(1856K)->1828K(1856K)
[137.902s][info][gc             ] GC(420) Pause Young (Allocation Failure) 732M->653M(869M) 95.599ms
[137.902s][info][gc,cpu         ] GC(420) User=0.19s Sys=0.00s Real=0.10s
[138.028s][info][gc,start       ] GC(421) Pause Young (Allocation Failure)
[138.124s][info][gc,heap        ] GC(421) PSYoungGen: 222697K(222720K)->88633K(222720K) Eden: 115200K(115200K)->0K(111616K) From: 107497K(107520K)->88633K(111104K)
[138.124s][info][gc,heap        ] GC(421) ParOldGen: 561522K(667648K)->582857K(667648K)
[138.124s][info][gc,metaspace   ] GC(421) Metaspace: 18260K(18432K)->18260K(18432K) NonClass: 16431K(16576K)->16431K(16576K) Class: 1828K(1856K)->1828K(1856K)
[138.124s][info][gc             ] GC(421) Pause Young (Allocation Failure) 765M->655M(869M) 95.432ms
[138.124s][info][gc,cpu         ] GC(421) User=0.19s Sys=0.00s Real=0.09s
[138.255s][info][gc,start       ] GC(422) Pause Young (Allocation Failure)
[138.335s][info][gc,heap        ] GC(422) PSYoungGen: 200249K(222720K)->71808K(222720K) Eden: 111616K(111616K)->0K(111616K) From: 88633K(111104K)->71808K(111104K)
[138.335s][info][gc,heap        ] GC(422) ParOldGen: 582857K(667648K)->602315K(667648K)
[138.335s][info][gc,metaspace   ] GC(422) Metaspace: 18260K(18432K)->18260K(18432K) NonClass: 16431K(16576K)->16431K(16576K) Class: 1828K(1856K)->1828K(1856K)
[138.335s][info][gc             ] GC(422) Pause Young (Allocation Failure) 764M->658M(869M) 79.975ms
[138.335s][info][gc,cpu         ] GC(422) User=0.16s Sys=0.00s Real=0.08s
[138.475s][info][gc,start       ] GC(423) Pause Young (Allocation Failure)
[138.559s][info][gc,promotion   ] GC(423) Promotion failed
[138.559s][info][gc,heap        ] GC(423) PSYoungGen: 183424K(222720K)->183424K(222720K) Eden: 111616K(111616K)->111616K(111616K) From: 71808K(111104K)->71808K(111104K)
[138.559s][info][gc,heap        ] GC(423) ParOldGen: 602315K(667648K)->667642K(667648K)
[138.559s][info][gc,metaspace   ] GC(423) Metaspace: 18260K(18432K)->18260K(18432K) NonClass: 16431K(16576K)->16431K(16576K) Class: 1828K(1856K)->1828K(1856K)
[138.559s][info][gc             ] GC(423) Pause Young (Allocation Failure) 767M->831M(869M) 83.691ms
[138.559s][info][gc,cpu         ] GC(423) User=0.16s Sys=0.00s Real=0.09s
[138.559s][info][gc,start       ] GC(424) Pause Full (Allocation Failure)
[138.559s][info][gc,phases,start] GC(424) Marking Phase
[138.916s][info][gc,phases      ] GC(424) Marking Phase 357.025ms
[138.916s][info][gc,phases,start] GC(424) Summary Phase
[138.916s][info][gc,phases      ] GC(424) Summary Phase 0.026ms
[138.916s][info][gc,phases,start] GC(424) Forward
[139.032s][info][gc,phases      ] GC(424) Forward 115.670ms
[139.032s][info][gc,phases,start] GC(424) Adjust Pointers
[139.317s][info][gc,phases      ] GC(424) Adjust Pointers 284.726ms
[139.317s][info][gc,phases,start] GC(424) Compaction Phase
[139.490s][info][gc,phases      ] GC(424) Compaction Phase 172.725ms
[139.504s][info][gc,phases,start] GC(424) Post Compact
[139.507s][info][gc,phases      ] GC(424) Post Compact 2.561ms
[139.507s][info][gc,heap        ] GC(424) PSYoungGen: 183424K(222720K)->0K(222720K) Eden: 111616K(111616K)->0K(111616K) From: 71808K(111104K)->0K(111104K)
[139.507s][info][gc,heap        ] GC(424) ParOldGen: 667642K(667648K)->514997K(667648K)
[139.507s][info][gc,metaspace   ] GC(424) Metaspace: 18260K(18432K)->18260K(18432K) NonClass: 16431K(16576K)->16431K(16576K) Class: 1828K(1856K)->1828K(1856K)
[139.507s][info][gc             ] GC(424) Pause Full (Allocation Failure) 831M->502M(869M) 947.526ms
[139.507s][info][gc,cpu         ] GC(424) User=1.79s Sys=0.00s Real=0.95s
[139.659s][info][gc,start       ] GC(425) Pause Young (Allocation Failure)
[139.661s][info][gc,heap        ] GC(425) PSYoungGen: 111616K(222720K)->64K(222720K) Eden: 111616K(111616K)->0K(111616K) From: 0K(111104K)->64K(111104K)
[139.661s][info][gc,heap        ] GC(425) ParOldGen: 514997K(667648K)->514997K(667648K)
[139.661s][info][gc,metaspace   ] GC(425) Metaspace: 18260K(18432K)->18260K(18432K) NonClass: 16431K(16576K)->16431K(16576K) Class: 1828K(1856K)->1828K(1856K)
[139.661s][info][gc             ] GC(425) Pause Young (Allocation Failure) 611M->502M(869M) 1.813ms
[139.661s][info][gc,cpu         ] GC(425) User=0.01s Sys=0.00s Real=0.00s
[139.809s][info][gc,start       ] GC(426) Pause Young (Allocation Failure)
[139.811s][info][gc,heap        ] GC(426) PSYoungGen: 111680K(222720K)->64K(222720K) Eden: 111616K(111616K)->0K(111616K) From: 64K(111104K)->64K(111104K)
[139.811s][info][gc,heap        ] GC(426) ParOldGen: 514997K(667648K)->514997K(667648K)
[139.811s][info][gc,metaspace   ] GC(426) Metaspace: 18260K(18432K)->18260K(18432K) NonClass: 16431K(16576K)->16431K(16576K) Class: 1828K(1856K)->1828K(1856K)
[139.811s][info][gc             ] GC(426) Pause Young (Allocation Failure) 611M->502M(869M) 1.784ms
[139.811s][info][gc,cpu         ] GC(426) User=0.01s Sys=0.00s Real=0.00s
[139.958s][info][gc,start       ] GC(427) Pause Young (Allocation Failure)
[139.960s][info][gc,heap        ] GC(427) PSYoungGen: 111680K(222720K)->64K(222720K) Eden: 111616K(111616K)->0K(111616K) From: 64K(111104K)->64K(111104K)
[139.960s][info][gc,heap        ] GC(427) ParOldGen: 514997K(667648K)->515013K(667648K)
[139.960s][info][gc,metaspace   ] GC(427) Metaspace: 18260K(18432K)->18260K(18432K) NonClass: 16431K(16576K)->16431K(16576K) Class: 1828K(1856K)->1828K(1856K)
[139.960s][info][gc             ] GC(427) Pause Young (Allocation Failure) 611M->503M(869M) 1.780ms
[139.960s][info][gc,cpu         ] GC(427) User=0.00s Sys=0.00s Real=0.00s
[140.108s][info][gc,start       ] GC(428) Pause Young (Allocation Failure)
[140.110s][info][gc,heap        ] GC(428) PSYoungGen: 111680K(222720K)->64K(222720K) Eden: 111616K(111616K)->0K(111616K) From: 64K(111104K)->64K(111104K)
[140.110s][info][gc,heap        ] GC(428) ParOldGen: 515013K(667648K)->515013K(667648K)
[140.110s][info][gc,metaspace   ] GC(428) Metaspace: 18260K(18432K)->18260K(18432K) NonClass: 16431K(16576K)->16431K(16576K) Class: 1828K(1856K)->1828K(1856K)
[140.110s][info][gc             ] GC(428) Pause Young (Allocation Failure) 612M->503M(869M) 1.798ms
[140.110s][info][gc,cpu         ] GC(428) User=0.01s Sys=0.00s Real=0.00s
[140.256s][info][gc,start       ] GC(429) Pause Young (Allocation Failure)
[140.258s][info][gc,heap        ] GC(429) PSYoungGen: 111680K(222720K)->64K(222720K) Eden: 111616K(111616K)->0K(111616K) From: 64K(111104K)->64K(111104K)
[140.258s][info][gc,heap        ] GC(429) ParOldGen: 515013K(667648K)->515013K(667648K)
[140.258s][info][gc,metaspace   ] GC(429) Metaspace: 18260K(18432K)->18260K(18432K) NonClass: 16431K(16576K)->16431K(16576K) Class: 1828K(1856K)->1828K(1856K)
[140.258s][info][gc             ] GC(429) Pause Young (Allocation Failure) 612M->503M(869M) 1.775ms
[140.258s][info][gc,cpu         ] GC(429) User=0.00s Sys=0.00s Real=0.00s
[140.405s][info][gc,start       ] GC(430) Pause Young (Allocation Failure)
[140.407s][info][gc,heap        ] GC(430) PSYoungGen: 111680K(222720K)->64K(222720K) Eden: 111616K(111616K)->0K(111616K) From: 64K(111104K)->64K(111104K)
[140.407s][info][gc,heap        ] GC(430) ParOldGen: 515013K(667648K)->515013K(667648K)
[140.407s][info][gc,metaspace   ] GC(430) Metaspace: 18260K(18432K)->18260K(18432K) NonClass: 16431K(16576K)->16431K(16576K) Class: 1828K(1856K)->1828K(1856K)
[140.407s][info][gc             ] GC(430) Pause Young (Allocation Failure) 612M->503M(869M) 1.795ms
[140.407s][info][gc,cpu         ] GC(430) User=0.01s Sys=0.01s Real=0.01s
[140.554s][info][gc,start       ] GC(431) Pause Young (Allocation Failure)
[140.555s][info][gc,heap        ] GC(431) PSYoungGen: 111680K(222720K)->64K(222720K) Eden: 111616K(111616K)->0K(111616K) From: 64K(111104K)->64K(111104K)
[140.555s][info][gc,heap        ] GC(431) ParOldGen: 515013K(667648K)->515013K(667648K)
[140.555s][info][gc,metaspace   ] GC(431) Metaspace: 18260K(18432K)->18260K(18432K) NonClass: 16431K(16576K)->16431K(16576K) Class: 1828K(1856K)->1828K(1856K)
[140.555s][info][gc             ] GC(431) Pause Young (Allocation Failure) 612M->503M(869M) 1.768ms
[140.555s][info][gc,cpu         ] GC(431) User=0.00s Sys=0.00s Real=0.00s
[140.703s][info][gc,start       ] GC(432) Pause Young (Allocation Failure)
[140.705s][info][gc,heap        ] GC(432) PSYoungGen: 111680K(222720K)->64K(222720K) Eden: 111616K(111616K)->0K(111616K) From: 64K(111104K)->64K(111104K)
[140.705s][info][gc,heap        ] GC(432) ParOldGen: 515013K(667648K)->515013K(667648K)
[140.705s][info][gc,metaspace   ] GC(432) Metaspace: 18260K(18432K)->18260K(18432K) NonClass: 16431K(16576K)->16431K(16576K) Class: 1828K(1856K)->1828K(1856K)
[140.705s][info][gc             ] GC(432) Pause Young (Allocation Failure) 612M->503M(869M) 1.786ms
[140.705s][info][gc,cpu         ] GC(432) User=0.01s Sys=0.00s Real=0.00s
[140.809s][info][gc,start       ] GC(433) Pause Young (Allocation Failure)
[140.833s][info][gc,heap        ] GC(433) PSYoungGen: 111680K(222720K)->19008K(131072K) Eden: 111616K(111616K)->0K(111616K) From: 64K(111104K)->19008K(19456K)
[140.833s][info][gc,heap        ] GC(433) ParOldGen: 515013K(667648K)->515013K(667648K)
[140.833s][info][gc,metaspace   ] GC(433) Metaspace: 18260K(18432K)->18260K(18432K) NonClass: 16431K(16576K)->16431K(16576K) Class: 1828K(1856K)->1828K(1856K)
[140.833s][info][gc             ] GC(433) Pause Young (Allocation Failure) 612M->521M(780M) 23.917ms
[140.833s][info][gc,cpu         ] GC(433) User=0.05s Sys=0.00s Real=0.02s
[140.943s][info][gc,start       ] GC(434) Pause Young (Allocation Failure)
[140.981s][info][gc,heap        ] GC(434) PSYoungGen: 130624K(131072K)->33696K(216576K) Eden: 111616K(111616K)->0K(115200K) From: 19008K(19456K)->33696K(101376K)
[140.981s][info][gc,heap        ] GC(434) ParOldGen: 515013K(667648K)->515013K(667648K)
[140.981s][info][gc,metaspace   ] GC(434) Metaspace: 18260K(18432K)->18260K(18432K) NonClass: 16431K(16576K)->16431K(16576K) Class: 1828K(1856K)->1828K(1856K)
[140.981s][info][gc             ] GC(434) Pause Young (Allocation Failure) 630M->535M(863M) 37.544ms
[140.981s][info][gc,cpu         ] GC(434) User=0.07s Sys=0.00s Real=0.04s
[141.065s][info][gc,start       ] GC(435) Pause Young (Allocation Failure)
[141.106s][info][gc,heap        ] GC(435) PSYoungGen: 148896K(216576K)->37696K(214528K) Eden: 115200K(115200K)->0K(115200K) From: 33696K(101376K)->37696K(99328K)
[141.106s][info][gc,heap        ] GC(435) ParOldGen: 515013K(667648K)->515013K(667648K)
[141.106s][info][gc,metaspace   ] GC(435) Metaspace: 18260K(18432K)->18260K(18432K) NonClass: 16431K(16576K)->16431K(16576K) Class: 1828K(1856K)->1828K(1856K)
[141.106s][info][gc             ] GC(435) Pause Young (Allocation Failure) 648M->539M(861M) 40.559ms
[141.106s][info][gc,cpu         ] GC(435) User=0.08s Sys=0.00s Real=0.04s
[141.202s][info][gc,start       ] GC(436) Pause Young (Allocation Failure)
[141.245s][info][gc,heap        ] GC(436) PSYoungGen: 152896K(214528K)->39136K(217600K) Eden: 115200K(115200K)->0K(123392K) From: 37696K(99328K)->39136K(94208K)
[141.245s][info][gc,heap        ] GC(436) ParOldGen: 515013K(667648K)->515013K(667648K)
[141.245s][info][gc,metaspace   ] GC(436) Metaspace: 18260K(18432K)->18260K(18432K) NonClass: 16431K(16576K)->16431K(16576K) Class: 1828K(1856K)->1828K(1856K)
[141.245s][info][gc             ] GC(436) Pause Young (Allocation Failure) 652M->541M(864M) 42.628ms
[141.245s][info][gc,cpu         ] GC(436) User=0.08s Sys=0.00s Real=0.04s
[141.354s][info][gc,start       ] GC(437) Pause Young (Allocation Failure)
[141.398s][info][gc,heap        ] GC(437) PSYoungGen: 162528K(217600K)->41440K(218624K) Eden: 123392K(123392K)->0K(123392K) From: 39136K(94208K)->41440K(95232K)
[141.398s][info][gc,heap        ] GC(437) ParOldGen: 515013K(667648K)->515013K(667648K)
[141.398s][info][gc,metaspace   ] GC(437) Metaspace: 18260K(18432K)->18260K(18432K) NonClass: 16431K(16576K)->16431K(16576K) Class: 1828K(1856K)->1828K(1856K)
[141.398s][info][gc             ] GC(437) Pause Young (Allocation Failure) 661M->543M(865M) 44.629ms
[141.398s][info][gc,cpu         ] GC(437) User=0.08s Sys=0.00s Real=0.05s
[141.514s][info][gc,start       ] GC(438) Pause Young (Allocation Failure)
[141.560s][info][gc,heap        ] GC(438) PSYoungGen: 164832K(218624K)->42880K(225792K) Eden: 123392K(123392K)->0K(133120K) From: 41440K(95232K)->42880K(92672K)
[141.560s][info][gc,heap        ] GC(438) ParOldGen: 515013K(667648K)->515013K(667648K)
[141.560s][info][gc,metaspace   ] GC(438) Metaspace: 18264K(18432K)->18264K(18432K) NonClass: 16435K(16576K)->16435K(16576K) Class: 1828K(1856K)->1828K(1856K)
[141.560s][info][gc             ] GC(438) Pause Young (Allocation Failure) 663M->544M(872M) 45.775ms
[141.560s][info][gc,cpu         ] GC(438) User=0.09s Sys=0.00s Real=0.05s
[141.673s][info][gc,start       ] GC(439) Pause Young (Allocation Failure)
[141.726s][info][gc,heap        ] GC(439) PSYoungGen: 176000K(225792K)->51648K(226304K) Eden: 133120K(133120K)->0K(133120K) From: 42880K(92672K)->51648K(93184K)
[141.727s][info][gc,heap        ] GC(439) ParOldGen: 515013K(667648K)->515013K(667648K)
[141.727s][info][gc,metaspace   ] GC(439) Metaspace: 18264K(18432K)->18264K(18432K) NonClass: 16435K(16576K)->16435K(16576K) Class: 1828K(1856K)->1828K(1856K)
[141.727s][info][gc             ] GC(439) Pause Young (Allocation Failure) 674M->553M(873M) 53.982ms
[141.727s][info][gc,cpu         ] GC(439) User=0.10s Sys=0.00s Real=0.06s
[141.865s][info][gc,start       ] GC(440) Pause Young (Allocation Failure)
[141.943s][info][gc,heap        ] GC(440) PSYoungGen: 184768K(226304K)->73712K(220160K) Eden: 133120K(133120K)->0K(124928K) From: 51648K(93184K)->73712K(95232K)
[141.943s][info][gc,heap        ] GC(440) ParOldGen: 515013K(667648K)->515013K(667648K)
[141.943s][info][gc,metaspace   ] GC(440) Metaspace: 18264K(18432K)->18264K(18432K) NonClass: 16435K(16576K)->16435K(16576K) Class: 1828K(1856K)->1828K(1856K)
[141.943s][info][gc             ] GC(440) Pause Young (Allocation Failure) 683M->574M(867M) 77.624ms
[141.943s][info][gc,cpu         ] GC(440) User=0.15s Sys=0.00s Real=0.08s
[142.046s][info][gc,start       ] GC(441) Pause Young (Allocation Failure)
[142.143s][info][gc,heap        ] GC(441) PSYoungGen: 198640K(220160K)->91584K(216576K) Eden: 124928K(124928K)->0K(124928K) From: 73712K(95232K)->91584K(91648K)
[142.143s][info][gc,heap        ] GC(441) ParOldGen: 515013K(667648K)->515013K(667648K)
[142.143s][info][gc,metaspace   ] GC(441) Metaspace: 18264K(18432K)->18264K(18432K) NonClass: 16435K(16576K)->16435K(16576K) Class: 1828K(1856K)->1828K(1856K)
[142.143s][info][gc             ] GC(441) Pause Young (Allocation Failure) 696M->592M(863M) 97.553ms
[142.143s][info][gc,cpu         ] GC(441) User=0.19s Sys=0.00s Real=0.10s
[142.285s][info][gc,start       ] GC(442) Pause Young (Allocation Failure)
[142.395s][info][gc,heap        ] GC(442) PSYoungGen: 216512K(216576K)->86736K(222720K) Eden: 124928K(124928K)->0K(111616K) From: 91584K(91648K)->86736K(111104K)
[142.395s][info][gc,heap        ] GC(442) ParOldGen: 515013K(667648K)->534053K(667648K)
[142.395s][info][gc,metaspace   ] GC(442) Metaspace: 18264K(18432K)->18264K(18432K) NonClass: 16435K(16576K)->16435K(16576K) Class: 1828K(1856K)->1828K(1856K)
[142.395s][info][gc             ] GC(442) Pause Young (Allocation Failure) 714M->606M(869M) 109.639ms
[142.395s][info][gc,cpu         ] GC(442) User=0.22s Sys=0.00s Real=0.11s
[142.523s][info][gc,start       ] GC(443) Pause Young (Allocation Failure)
[142.616s][info][gc,heap        ] GC(443) PSYoungGen: 198352K(222720K)->69536K(222720K) Eden: 111616K(111616K)->0K(111616K) From: 86736K(111104K)->69536K(111104K)
[142.616s][info][gc,heap        ] GC(443) ParOldGen: 534053K(667648K)->552829K(667648K)
[142.616s][info][gc,metaspace   ] GC(443) Metaspace: 18264K(18432K)->18264K(18432K) NonClass: 16436K(16576K)->16436K(16576K) Class: 1828K(1856K)->1828K(1856K)
[142.616s][info][gc             ] GC(443) Pause Young (Allocation Failure) 715M->607M(869M) 93.081ms
[142.616s][info][gc,cpu         ] GC(443) User=0.19s Sys=0.00s Real=0.09s
[142.749s][info][gc,start       ] GC(444) Pause Young (Allocation Failure)
[142.827s][info][gc,heap        ] GC(444) PSYoungGen: 181152K(222720K)->69568K(222720K) Eden: 111616K(111616K)->0K(111616K) From: 69536K(111104K)->69568K(111104K)
[142.827s][info][gc,heap        ] GC(444) ParOldGen: 552829K(667648K)->556597K(667648K)
[142.827s][info][gc,metaspace   ] GC(444) Metaspace: 18265K(18432K)->18265K(18432K) NonClass: 16437K(16576K)->16437K(16576K) Class: 1828K(1856K)->1828K(1856K)
[142.827s][info][gc             ] GC(444) Pause Young (Allocation Failure) 716M->611M(869M) 78.009ms
[142.827s][info][gc,cpu         ] GC(444) User=0.16s Sys=0.00s Real=0.08s
[142.945s][info][gc,start       ] GC(445) Pause Young (Allocation Failure)
[143.018s][info][gc,heap        ] GC(445) PSYoungGen: 181184K(222720K)->59376K(222720K) Eden: 111616K(111616K)->0K(111616K) From: 69568K(111104K)->59376K(111104K)
[143.018s][info][gc,heap        ] GC(445) ParOldGen: 556597K(667648K)->566837K(667648K)
[143.018s][info][gc,metaspace   ] GC(445) Metaspace: 18265K(18432K)->18265K(18432K) NonClass: 16437K(16576K)->16437K(16576K) Class: 1828K(1856K)->1828K(1856K)
[143.019s][info][gc             ] GC(445) Pause Young (Allocation Failure) 720M->611M(869M) 73.363ms
[143.019s][info][gc,cpu         ] GC(445) User=0.14s Sys=0.00s Real=0.08s
[143.146s][info][gc,start       ] GC(446) Pause Young (Allocation Failure)
[143.220s][info][gc,heap        ] GC(446) PSYoungGen: 170992K(222720K)->28320K(222720K) Eden: 111616K(111616K)->0K(111616K) From: 59376K(111104K)->28320K(111104K)
[143.220s][info][gc,heap        ] GC(446) ParOldGen: 566837K(667648K)->606901K(667648K)
[143.220s][info][gc,metaspace   ] GC(446) Metaspace: 18265K(18432K)->18265K(18432K) NonClass: 16437K(16576K)->16437K(16576K) Class: 1828K(1856K)->1828K(1856K)
[143.220s][info][gc             ] GC(446) Pause Young (Allocation Failure) 720M->620M(869M) 73.516ms
[143.220s][info][gc,cpu         ] GC(446) User=0.15s Sys=0.00s Real=0.08s
[143.367s][info][gc,start       ] GC(447) Pause Young (Allocation Failure)
[143.416s][info][gc,heap        ] GC(447) PSYoungGen: 139936K(222720K)->28992K(222720K) Eden: 111616K(111616K)->0K(111616K) From: 28320K(111104K)->28992K(111104K)
[143.416s][info][gc,heap        ] GC(447) ParOldGen: 606901K(667648K)->622581K(667648K)
[143.416s][info][gc,metaspace   ] GC(447) Metaspace: 18265K(18432K)->18265K(18432K) NonClass: 16437K(16576K)->16437K(16576K) Class: 1828K(1856K)->1828K(1856K)
[143.416s][info][gc             ] GC(447) Pause Young (Allocation Failure) 729M->636M(869M) 49.167ms
[143.417s][info][gc,cpu         ] GC(447) User=0.10s Sys=0.01s Real=0.05s
[143.764s][info][gc,start       ] GC(448) Pause Young (Allocation Failure)
[143.798s][info][gc,heap        ] GC(448) PSYoungGen: 140608K(222720K)->25200K(222720K) Eden: 111616K(111616K)->0K(111616K) From: 28992K(111104K)->25200K(111104K)
[143.798s][info][gc,heap        ] GC(448) ParOldGen: 622581K(667648K)->626405K(667648K)
[143.798s][info][gc,metaspace   ] GC(448) Metaspace: 18266K(18432K)->18266K(18432K) NonClass: 16437K(16576K)->16437K(16576K) Class: 1828K(1856K)->1828K(1856K)
[143.798s][info][gc             ] GC(448) Pause Young (Allocation Failure) 745M->636M(869M) 33.850ms
[143.798s][info][gc,cpu         ] GC(448) User=0.06s Sys=0.00s Real=0.04s
[144.066s][info][gc,start       ] GC(449) Pause Young (Allocation Failure)
[144.095s][info][gc,heap        ] GC(449) PSYoungGen: 136816K(222720K)->96K(222720K) Eden: 111616K(111616K)->0K(111616K) From: 25200K(111104K)->96K(111104K)
[144.095s][info][gc,heap        ] GC(449) ParOldGen: 626405K(667648K)->651646K(667648K)
[144.096s][info][gc,metaspace   ] GC(449) Metaspace: 18266K(18432K)->18266K(18432K) NonClass: 16437K(16576K)->16437K(16576K) Class: 1828K(1856K)->1828K(1856K)
[144.096s][info][gc             ] GC(449) Pause Young (Allocation Failure) 745M->636M(869M) 29.339ms
[144.096s][info][gc,cpu         ] GC(449) User=0.06s Sys=0.00s Real=0.03s
[144.375s][info][gc,start       ] GC(450) Pause Full (Allocation Failure)
[144.375s][info][gc,phases,start] GC(450) Marking Phase
[144.859s][info][gc,phases      ] GC(450) Marking Phase 484.055ms
[144.859s][info][gc,phases,start] GC(450) Summary Phase
[144.859s][info][gc,phases      ] GC(450) Summary Phase 0.028ms
[144.859s][info][gc,phases,start] GC(450) Forward
[144.892s][info][gc,phases      ] GC(450) Forward 33.116ms
[144.892s][info][gc,phases,start] GC(450) Adjust Pointers
[145.224s][info][gc,phases      ] GC(450) Adjust Pointers 331.487ms
[145.224s][info][gc,phases,start] GC(450) Compaction Phase
[145.383s][info][gc,phases      ] GC(450) Compaction Phase 159.613ms
[145.383s][info][gc,phases,start] GC(450) Post Compact
[145.386s][info][gc,phases      ] GC(450) Post Compact 2.222ms
[145.386s][info][gc,heap        ] GC(450) PSYoungGen: 111712K(222720K)->0K(222720K) Eden: 111616K(111616K)->0K(111616K) From: 96K(111104K)->0K(111104K)
[145.386s][info][gc,heap        ] GC(450) ParOldGen: 651646K(667648K)->651081K(667648K)
[145.386s][info][gc,metaspace   ] GC(450) Metaspace: 18266K(18432K)->18266K(18432K) NonClass: 16437K(16576K)->16437K(16576K) Class: 1828K(1856K)->1828K(1856K)
[145.386s][info][gc             ] GC(450) Pause Full (Allocation Failure) 745M->635M(869M) 1010.994ms
[145.386s][info][gc,cpu         ] GC(450) User=1.99s Sys=0.00s Real=1.01s
[145.652s][info][gc,start       ] GC(451) Pause Full (Allocation Failure)
[145.652s][info][gc,phases,start] GC(451) Marking Phase
[146.138s][info][gc,phases      ] GC(451) Marking Phase 485.909ms
[146.138s][info][gc,phases,start] GC(451) Summary Phase
[146.138s][info][gc,phases      ] GC(451) Summary Phase 0.027ms
[146.138s][info][gc,phases,start] GC(451) Forward
[146.138s][info][gc,phases      ] GC(451) Forward 0.359ms
[146.138s][info][gc,phases,start] GC(451) Adjust Pointers
[146.457s][info][gc,phases      ] GC(451) Adjust Pointers 318.835ms
[146.457s][info][gc,phases,start] GC(451) Compaction Phase
[146.593s][info][gc,phases      ] GC(451) Compaction Phase 135.862ms
[146.593s][info][gc,phases,start] GC(451) Post Compact
[146.595s][info][gc,phases      ] GC(451) Post Compact 2.195ms
[146.595s][info][gc,heap        ] GC(451) PSYoungGen: 111616K(222720K)->0K(222720K) Eden: 111616K(111616K)->0K(111616K) From: 0K(111104K)->0K(111104K)
[146.595s][info][gc,heap        ] GC(451) ParOldGen: 651081K(667648K)->651084K(667648K)
[146.595s][info][gc,metaspace   ] GC(451) Metaspace: 18266K(18432K)->18266K(18432K) NonClass: 16437K(16576K)->16437K(16576K) Class: 1828K(1856K)->1828K(1856K)
[146.595s][info][gc             ] GC(451) Pause Full (Allocation Failure) 744M->635M(869M) 943.605ms
[146.595s][info][gc,cpu         ] GC(451) User=1.85s Sys=0.00s Real=0.94s
[146.863s][info][gc,start       ] GC(452) Pause Full (Allocation Failure)
[146.863s][info][gc,phases,start] GC(452) Marking Phase
[147.347s][info][gc,phases      ] GC(452) Marking Phase 483.568ms
[147.347s][info][gc,phases,start] GC(452) Summary Phase
[147.347s][info][gc,phases      ] GC(452) Summary Phase 0.026ms
[147.347s][info][gc,phases,start] GC(452) Forward
[147.347s][info][gc,phases      ] GC(452) Forward 0.351ms
[147.347s][info][gc,phases,start] GC(452) Adjust Pointers
[147.670s][info][gc,phases      ] GC(452) Adjust Pointers 322.984ms
[147.670s][info][gc,phases,start] GC(452) Compaction Phase
[147.807s][info][gc,phases      ] GC(452) Compaction Phase 136.426ms
[147.807s][info][gc,phases,start] GC(452) Post Compact
[147.809s][info][gc,phases      ] GC(452) Post Compact 2.254ms
[147.809s][info][gc,heap        ] GC(452) PSYoungGen: 111616K(222720K)->0K(222720K) Eden: 111616K(111616K)->0K(111616K) From: 0K(111104K)->0K(111104K)
[147.809s][info][gc,heap        ] GC(452) ParOldGen: 651084K(667648K)->651087K(667648K)
[147.809s][info][gc,metaspace   ] GC(452) Metaspace: 18266K(18432K)->18266K(18432K) NonClass: 16437K(16576K)->16437K(16576K) Class: 1828K(1856K)->1828K(1856K)
[147.809s][info][gc             ] GC(452) Pause Full (Allocation Failure) 744M->635M(869M) 946.126ms
[147.809s][info][gc,cpu         ] GC(452) User=1.85s Sys=0.00s Real=0.95s
[148.060s][info][gc,start       ] GC(453) Pause Full (Allocation Failure)
[148.060s][info][gc,phases,start] GC(453) Marking Phase
[148.543s][info][gc,phases      ] GC(453) Marking Phase 482.982ms
[148.543s][info][gc,phases,start] GC(453) Summary Phase
[148.543s][info][gc,phases      ] GC(453) Summary Phase 0.024ms
[148.543s][info][gc,phases,start] GC(453) Forward
[148.544s][info][gc,phases      ] GC(453) Forward 0.393ms
[148.544s][info][gc,phases,start] GC(453) Adjust Pointers
[148.867s][info][gc,phases      ] GC(453) Adjust Pointers 323.822ms
[148.867s][info][gc,phases,start] GC(453) Compaction Phase
[149.004s][info][gc,phases      ] GC(453) Compaction Phase 136.373ms
[149.004s][info][gc,phases,start] GC(453) Post Compact
[149.006s][info][gc,phases      ] GC(453) Post Compact 2.186ms
[149.006s][info][gc,heap        ] GC(453) PSYoungGen: 111616K(222720K)->0K(222720K) Eden: 111616K(111616K)->0K(111616K) From: 0K(111104K)->0K(111104K)
[149.006s][info][gc,heap        ] GC(453) ParOldGen: 651087K(667648K)->651096K(667648K)
[149.006s][info][gc,metaspace   ] GC(453) Metaspace: 18266K(18432K)->18266K(18432K) NonClass: 16437K(16576K)->16437K(16576K) Class: 1828K(1856K)->1828K(1856K)
[149.006s][info][gc             ] GC(453) Pause Full (Allocation Failure) 744M->635M(869M) 946.168ms
[149.006s][info][gc,cpu         ] GC(453) User=1.86s Sys=0.00s Real=0.94s
[149.292s][info][gc,start       ] GC(454) Pause Full (Allocation Failure)
[149.292s][info][gc,phases,start] GC(454) Marking Phase
[149.701s][info][gc,phases      ] GC(454) Marking Phase 409.141ms
[149.701s][info][gc,phases,start] GC(454) Summary Phase
[149.701s][info][gc,phases      ] GC(454) Summary Phase 0.026ms
[149.701s][info][gc,phases,start] GC(454) Forward
[149.791s][info][gc,phases      ] GC(454) Forward 89.363ms
[149.791s][info][gc,phases,start] GC(454) Adjust Pointers
[150.093s][info][gc,phases      ] GC(454) Adjust Pointers 302.797ms
[150.093s][info][gc,phases,start] GC(454) Compaction Phase
[150.243s][info][gc,phases      ] GC(454) Compaction Phase 149.288ms
[150.249s][info][gc,phases,start] GC(454) Post Compact
[150.251s][info][gc,phases      ] GC(454) Post Compact 2.254ms
[150.251s][info][gc,heap        ] GC(454) PSYoungGen: 111616K(222720K)->0K(222720K) Eden: 111616K(111616K)->0K(111616K) From: 0K(111104K)->0K(111104K)
[150.251s][info][gc,heap        ] GC(454) ParOldGen: 651096K(667648K)->556381K(667648K)
[150.251s][info][gc,metaspace   ] GC(454) Metaspace: 18266K(18432K)->18266K(18432K) NonClass: 16437K(16576K)->16437K(16576K) Class: 1828K(1856K)->1828K(1856K)
[150.251s][info][gc             ] GC(454) Pause Full (Allocation Failure) 744M->543M(869M) 959.268ms
[150.251s][info][gc,cpu         ] GC(454) User=1.84s Sys=0.00s Real=0.96s
[150.442s][info][gc,start       ] GC(455) Pause Young (Allocation Failure)
[150.455s][info][gc,heap        ] GC(455) PSYoungGen: 111616K(222720K)->14240K(222720K) Eden: 111616K(111616K)->0K(111616K) From: 0K(111104K)->14240K(111104K)
[150.455s][info][gc,heap        ] GC(455) ParOldGen: 556381K(667648K)->556381K(667648K)
[150.455s][info][gc,metaspace   ] GC(455) Metaspace: 18266K(18432K)->18266K(18432K) NonClass: 16437K(16576K)->16437K(16576K) Class: 1828K(1856K)->1828K(1856K)
[150.455s][info][gc             ] GC(455) Pause Young (Allocation Failure) 652M->557M(869M) 12.693ms
[150.455s][info][gc,cpu         ] GC(455) User=0.03s Sys=0.00s Real=0.01s
[150.517s][info][gc,start       ] GC(456) Pause Young (Allocation Failure)
[150.557s][info][gc,heap        ] GC(456) PSYoungGen: 125856K(222720K)->55008K(221696K) Eden: 111616K(111616K)->0K(111616K) From: 14240K(111104K)->55008K(110080K)
[150.557s][info][gc,heap        ] GC(456) ParOldGen: 556381K(667648K)->556381K(667648K)
[150.557s][info][gc,metaspace   ] GC(456) Metaspace: 18266K(18432K)->18266K(18432K) NonClass: 16437K(16576K)->16437K(16576K) Class: 1828K(1856K)->1828K(1856K)
[150.557s][info][gc             ] GC(456) Pause Young (Allocation Failure) 666M->597M(868M) 40.438ms
[150.557s][info][gc,cpu         ] GC(456) User=0.08s Sys=0.01s Real=0.04s
[150.721s][info][gc,start       ] GC(457) Pause Young (Allocation Failure)
[150.774s][info][gc,heap        ] GC(457) PSYoungGen: 166624K(221696K)->76384K(222208K) Eden: 111616K(111616K)->0K(111616K) From: 55008K(110080K)->76384K(110592K)
[150.774s][info][gc,heap        ] GC(457) ParOldGen: 556381K(667648K)->556381K(667648K)
[150.774s][info][gc,metaspace   ] GC(457) Metaspace: 18267K(18432K)->18267K(18432K) NonClass: 16439K(16576K)->16439K(16576K) Class: 1828K(1856K)->1828K(1856K)
[150.774s][info][gc             ] GC(457) Pause Young (Allocation Failure) 706M->617M(869M) 53.328ms
[150.774s][info][gc,cpu         ] GC(457) User=0.10s Sys=0.00s Real=0.05s
[150.875s][info][gc,start       ] GC(458) Pause Young (Allocation Failure)
[150.930s][info][gc,heap        ] GC(458) PSYoungGen: 188000K(222208K)->23744K(222720K) Eden: 111616K(111616K)->0K(111616K) From: 76384K(110592K)->23744K(111104K)
[150.930s][info][gc,heap        ] GC(458) ParOldGen: 556381K(667648K)->612021K(667648K)
[150.930s][info][gc,metaspace   ] GC(458) Metaspace: 18267K(18432K)->18267K(18432K) NonClass: 16439K(16576K)->16439K(16576K) Class: 1828K(1856K)->1828K(1856K)
[150.930s][info][gc             ] GC(458) Pause Young (Allocation Failure) 726M->620M(869M) 54.882ms
[150.930s][info][gc,cpu         ] GC(458) User=0.11s Sys=0.00s Real=0.06s
[151.176s][info][gc,start       ] GC(459) Pause Young (Allocation Failure)
[151.230s][info][gc,heap        ] GC(459) PSYoungGen: 135360K(222720K)->19126K(131072K) Eden: 111616K(111616K)->0K(111616K) From: 23744K(111104K)->19126K(19456K)
[151.230s][info][gc,heap        ] GC(459) ParOldGen: 612021K(667648K)->635909K(667648K)
[151.230s][info][gc,metaspace   ] GC(459) Metaspace: 18267K(18432K)->18267K(18432K) NonClass: 16439K(16576K)->16439K(16576K) Class: 1828K(1856K)->1828K(1856K)
[151.230s][info][gc             ] GC(459) Pause Young (Allocation Failure) 729M->639M(780M) 54.065ms
[151.230s][info][gc,cpu         ] GC(459) User=0.11s Sys=0.00s Real=0.06s
[151.379s][info][gc,start       ] GC(460) Pause Full (Allocation Failure)
[151.379s][info][gc,phases,start] GC(460) Marking Phase
[151.598s][info][gc,phases      ] GC(460) Marking Phase 218.677ms
[151.598s][info][gc,phases,start] GC(460) Summary Phase
[151.598s][info][gc,phases      ] GC(460) Summary Phase 0.027ms
[151.598s][info][gc,phases,start] GC(460) Forward
[151.683s][info][gc,phases      ] GC(460) Forward 84.645ms
[151.683s][info][gc,phases,start] GC(460) Adjust Pointers
[151.853s][info][gc,phases      ] GC(460) Adjust Pointers 170.358ms
[151.853s][info][gc,phases,start] GC(460) Compaction Phase
[151.953s][info][gc,phases      ] GC(460) Compaction Phase 99.758ms
[151.963s][info][gc,phases,start] GC(460) Post Compact
[151.966s][info][gc,phases      ] GC(460) Post Compact 2.299ms
[151.971s][info][gc,heap        ] GC(460) PSYoungGen: 130742K(131072K)->0K(221184K) Eden: 111616K(111616K)->0K(111616K) From: 19126K(19456K)->0K(109568K)
[151.971s][info][gc,heap        ] GC(460) ParOldGen: 635909K(667648K)->318387K(601600K)
[151.971s][info][gc,metaspace   ] GC(460) Metaspace: 18267K(18432K)->18267K(18432K) NonClass: 16439K(16576K)->16439K(16576K) Class: 1828K(1856K)->1828K(1856K)
[151.971s][info][gc             ] GC(460) Pause Full (Allocation Failure) 748M->310M(803M) 592.122ms
[151.971s][info][gc,cpu         ] GC(460) User=1.07s Sys=0.00s Real=0.59s
[152.088s][info][gc,start       ] GC(461) Pause Young (Allocation Failure)
[152.108s][info][gc,heap        ] GC(461) PSYoungGen: 111616K(221184K)->26848K(138752K) Eden: 111616K(111616K)->0K(111616K) From: 0K(109568K)->26848K(27136K)
[152.108s][info][gc,heap        ] GC(461) ParOldGen: 318387K(601600K)->318387K(601600K)
[152.108s][info][gc,metaspace   ] GC(461) Metaspace: 18267K(18432K)->18267K(18432K) NonClass: 16439K(16576K)->16439K(16576K) Class: 1828K(1856K)->1828K(1856K)
[152.108s][info][gc             ] GC(461) Pause Young (Allocation Failure) 419M->337M(723M) 20.213ms
[152.108s][info][gc,cpu         ] GC(461) User=0.04s Sys=0.00s Real=0.02s
[152.167s][info][gc,start       ] GC(462) Pause Young (Allocation Failure)
[152.209s][info][gc,heap        ] GC(462) PSYoungGen: 138464K(138752K)->63824K(216064K) Eden: 111616K(111616K)->0K(111616K) From: 26848K(27136K)->63824K(104448K)
[152.210s][info][gc,heap        ] GC(462) ParOldGen: 318387K(601600K)->318387K(601600K)
[152.210s][info][gc,metaspace   ] GC(462) Metaspace: 18267K(18432K)->18267K(18432K) NonClass: 16439K(16576K)->16439K(16576K) Class: 1828K(1856K)->1828K(1856K)
[152.210s][info][gc             ] GC(462) Pause Young (Allocation Failure) 446M->373M(798M) 42.190ms
[152.210s][info][gc,cpu         ] GC(462) User=0.08s Sys=0.00s Real=0.04s
[152.334s][info][gc,start       ] GC(463) Pause Young (Allocation Failure)
[152.384s][info][gc,heap        ] GC(463) PSYoungGen: 175440K(216064K)->81968K(219136K) Eden: 111616K(111616K)->0K(111616K) From: 63824K(104448K)->81968K(107520K)
[152.384s][info][gc,heap        ] GC(463) ParOldGen: 318387K(601600K)->318387K(601600K)
[152.384s][info][gc,metaspace   ] GC(463) Metaspace: 18267K(18432K)->18267K(18432K) NonClass: 16439K(16576K)->16439K(16576K) Class: 1828K(1856K)->1828K(1856K)
[152.384s][info][gc             ] GC(463) Pause Young (Allocation Failure) 482M->390M(801M) 50.352ms
[152.384s][info][gc,cpu         ] GC(463) User=0.10s Sys=0.00s Real=0.05s
[152.528s][info][gc,start       ] GC(464) Pause Young (Allocation Failure)
[152.582s][info][gc,heap        ] GC(464) PSYoungGen: 193584K(219136K)->55232K(222720K) Eden: 111616K(111616K)->0K(111616K) From: 81968K(107520K)->55232K(111104K)
[152.582s][info][gc,heap        ] GC(464) ParOldGen: 318387K(601600K)->345587K(601600K)
[152.582s][info][gc,metaspace   ] GC(464) Metaspace: 18267K(18432K)->18267K(18432K) NonClass: 16439K(16576K)->16439K(16576K) Class: 1828K(1856K)->1828K(1856K)
[152.582s][info][gc             ] GC(464) Pause Young (Allocation Failure) 499M->391M(805M) 53.289ms
[152.582s][info][gc,cpu         ] GC(464) User=0.10s Sys=0.00s Real=0.05s
[152.703s][info][gc,start       ] GC(465) Pause Young (Allocation Failure)
[152.739s][info][gc,heap        ] GC(465) PSYoungGen: 166848K(222720K)->160K(222720K) Eden: 111616K(111616K)->0K(111616K) From: 55232K(111104K)->160K(111104K)
[152.739s][info][gc,heap        ] GC(465) ParOldGen: 345587K(601600K)->401408K(601600K)
[152.739s][info][gc,metaspace   ] GC(465) Metaspace: 18267K(18432K)->18267K(18432K) NonClass: 16439K(16576K)->16439K(16576K) Class: 1828K(1856K)->1828K(1856K)
[152.739s][info][gc             ] GC(465) Pause Young (Allocation Failure) 500M->392M(805M) 36.182ms
[152.739s][info][gc,cpu         ] GC(465) User=0.08s Sys=0.00s Real=0.04s
[152.859s][info][gc,start       ] GC(466) Pause Young (Allocation Failure)
[152.861s][info][gc,heap        ] GC(466) PSYoungGen: 111776K(222720K)->128K(222720K) Eden: 111616K(111616K)->0K(111616K) From: 160K(111104K)->128K(111104K)
[152.861s][info][gc,heap        ] GC(466) ParOldGen: 401408K(601600K)->401552K(601600K)
[152.861s][info][gc,metaspace   ] GC(466) Metaspace: 18267K(18432K)->18267K(18432K) NonClass: 16439K(16576K)->16439K(16576K) Class: 1828K(1856K)->1828K(1856K)
[152.861s][info][gc             ] GC(466) Pause Young (Allocation Failure) 501M->392M(805M) 2.106ms
[152.861s][info][gc,cpu         ] GC(466) User=0.01s Sys=0.00s Real=0.00s
[152.981s][info][gc,start       ] GC(467) Pause Young (Allocation Failure)
[152.982s][info][gc,heap        ] GC(467) PSYoungGen: 111744K(222720K)->128K(222720K) Eden: 111616K(111616K)->0K(111616K) From: 128K(111104K)->128K(111104K)
[152.982s][info][gc,heap        ] GC(467) ParOldGen: 401552K(601600K)->401680K(601600K)
[152.982s][info][gc,metaspace   ] GC(467) Metaspace: 18267K(18432K)->18267K(18432K) NonClass: 16439K(16576K)->16439K(16576K) Class: 1828K(1856K)->1828K(1856K)
[152.983s][info][gc             ] GC(467) Pause Young (Allocation Failure) 501M->392M(805M) 2.006ms
[152.983s][info][gc,cpu         ] GC(467) User=0.01s Sys=0.01s Real=0.00s
[153.104s][info][gc,start       ] GC(468) Pause Young (Allocation Failure)
[153.106s][info][gc,heap        ] GC(468) PSYoungGen: 111744K(222720K)->128K(220672K) Eden: 111616K(111616K)->0K(111616K) From: 128K(111104K)->128K(109056K)
[153.106s][info][gc,heap        ] GC(468) ParOldGen: 401680K(601600K)->401792K(601600K)
[153.106s][info][gc,metaspace   ] GC(468) Metaspace: 18267K(18432K)->18267K(18432K) NonClass: 16439K(16576K)->16439K(16576K) Class: 1828K(1856K)->1828K(1856K)
[153.106s][info][gc             ] GC(468) Pause Young (Allocation Failure) 501M->392M(803M) 2.018ms
[153.106s][info][gc,cpu         ] GC(468) User=0.00s Sys=0.00s Real=0.00s
[153.230s][info][gc,start       ] GC(469) Pause Young (Allocation Failure)
[153.232s][info][gc,heap        ] GC(469) PSYoungGen: 111744K(220672K)->192K(221696K) Eden: 111616K(111616K)->0K(111616K) From: 128K(109056K)->192K(110080K)
[153.232s][info][gc,heap        ] GC(469) ParOldGen: 401792K(601600K)->401792K(601600K)
[153.232s][info][gc,metaspace   ] GC(469) Metaspace: 18267K(18432K)->18267K(18432K) NonClass: 16439K(16576K)->16439K(16576K) Class: 1828K(1856K)->1828K(1856K)
[153.232s][info][gc             ] GC(469) Pause Young (Allocation Failure) 501M->392M(804M) 2.056ms
[153.232s][info][gc,cpu         ] GC(469) User=0.00s Sys=0.00s Real=0.00s
[153.350s][info][gc,start       ] GC(470) Pause Young (Allocation Failure)
[153.352s][info][gc,heap        ] GC(470) PSYoungGen: 111808K(221696K)->256K(214528K) Eden: 111616K(111616K)->0K(114176K) From: 192K(110080K)->256K(100352K)
[153.352s][info][gc,heap        ] GC(470) ParOldGen: 401792K(601600K)->401792K(601600K)
[153.352s][info][gc,metaspace   ] GC(470) Metaspace: 18267K(18432K)->18267K(18432K) NonClass: 16439K(16576K)->16439K(16576K) Class: 1828K(1856K)->1828K(1856K)
[153.352s][info][gc             ] GC(470) Pause Young (Allocation Failure) 501M->392M(797M) 2.236ms
[153.352s][info][gc,cpu         ] GC(470) User=0.01s Sys=0.00s Real=0.00s
[153.477s][info][gc,start       ] GC(471) Pause Young (Allocation Failure)
[153.479s][info][gc,heap        ] GC(471) PSYoungGen: 114432K(214528K)->384K(114688K) Eden: 114176K(114176K)->0K(114176K) From: 256K(100352K)->384K(512K)
[153.479s][info][gc,heap        ] GC(471) ParOldGen: 401792K(601600K)->401792K(601600K)
[153.479s][info][gc,metaspace   ] GC(471) Metaspace: 18267K(18432K)->18267K(18432K) NonClass: 16439K(16576K)->16439K(16576K) Class: 1828K(1856K)->1828K(1856K)
[153.479s][info][gc             ] GC(471) Pause Young (Allocation Failure) 504M->392M(699M) 2.302ms
[153.479s][info][gc,cpu         ] GC(471) User=0.00s Sys=0.00s Real=0.00s
[153.599s][info][gc,start       ] GC(472) Pause Young (Allocation Failure)
[153.602s][info][gc,heap        ] GC(472) PSYoungGen: 114560K(114688K)->448K(207360K) Eden: 114176K(114176K)->0K(116224K) From: 384K(512K)->448K(91136K)
[153.602s][info][gc,heap        ] GC(472) ParOldGen: 401792K(601600K)->401792K(601600K)
[153.602s][info][gc,metaspace   ] GC(472) Metaspace: 18267K(18432K)->18267K(18432K) NonClass: 16439K(16576K)->16439K(16576K) Class: 1828K(1856K)->1828K(1856K)
[153.602s][info][gc             ] GC(472) Pause Young (Allocation Failure) 504M->392M(790M) 3.120ms
[153.602s][info][gc,cpu         ] GC(472) User=0.00s Sys=0.00s Real=0.00s
[153.742s][info][gc,start       ] GC(473) Pause Young (Allocation Failure)
[153.754s][info][gc,heap        ] GC(473) PSYoungGen: 116672K(207360K)->3968K(120320K) Eden: 116224K(116224K)->0K(116224K) From: 448K(91136K)->3968K(4096K)
[153.754s][info][gc,heap        ] GC(473) ParOldGen: 401792K(601600K)->401792K(601600K)
[153.754s][info][gc,metaspace   ] GC(473) Metaspace: 18267K(18432K)->18267K(18432K) NonClass: 16439K(16576K)->16439K(16576K) Class: 1828K(1856K)->1828K(1856K)
[153.754s][info][gc             ] GC(473) Pause Young (Allocation Failure) 506M->396M(705M) 12.310ms
[153.754s][info][gc,cpu         ] GC(473) User=0.02s Sys=0.00s Real=0.01s
[153.902s][info][gc,start       ] GC(474) Pause Young (Allocation Failure)
[153.943s][info][gc,heap        ] GC(474) PSYoungGen: 120192K(120320K)->21483K(200192K) Eden: 116224K(116224K)->0K(119808K) From: 3968K(4096K)->21483K(80384K)
[153.943s][info][gc,heap        ] GC(474) ParOldGen: 401792K(601600K)->401792K(601600K)
[153.943s][info][gc,metaspace   ] GC(474) Metaspace: 18267K(18432K)->18267K(18432K) NonClass: 16439K(16576K)->16439K(16576K) Class: 1828K(1856K)->1828K(1856K)
[153.943s][info][gc             ] GC(474) Pause Young (Allocation Failure) 509M->413M(783M) 41.509ms
[153.943s][info][gc,cpu         ] GC(474) User=0.08s Sys=0.00s Real=0.04s
[154.096s][info][gc,start       ] GC(475) Pause Young (Allocation Failure)
[154.133s][info][gc,heap        ] GC(475) PSYoungGen: 141291K(200192K)->21547K(141824K) Eden: 119808K(119808K)->0K(119808K) From: 21483K(80384K)->21547K(22016K)
[154.133s][info][gc,heap        ] GC(475) ParOldGen: 401792K(601600K)->401792K(601600K)
[154.133s][info][gc,metaspace   ] GC(475) Metaspace: 18267K(18432K)->18267K(18432K) NonClass: 16439K(16576K)->16439K(16576K) Class: 1828K(1856K)->1828K(1856K)
[154.133s][info][gc             ] GC(475) Pause Young (Allocation Failure) 530M->413M(726M) 37.365ms
[154.134s][info][gc,cpu         ] GC(475) User=0.07s Sys=0.00s Real=0.04s
[154.275s][info][gc,start       ] GC(476) Pause Young (Allocation Failure)
[154.322s][info][gc,heap        ] GC(476) PSYoungGen: 141355K(141824K)->30475K(201728K) Eden: 119808K(119808K)->0K(124928K) From: 21547K(22016K)->30475K(76800K)
[154.322s][info][gc,heap        ] GC(476) ParOldGen: 401792K(601600K)->401792K(601600K)
[154.322s][info][gc,metaspace   ] GC(476) Metaspace: 18267K(18432K)->18267K(18432K) NonClass: 16439K(16576K)->16439K(16576K) Class: 1828K(1856K)->1828K(1856K)
[154.322s][info][gc             ] GC(476) Pause Young (Allocation Failure) 530M->422M(784M) 47.690ms
[154.322s][info][gc,cpu         ] GC(476) User=0.09s Sys=0.00s Real=0.05s
[154.436s][info][gc,start       ] GC(477) Pause Young (Allocation Failure)
[154.499s][info][gc,heap        ] GC(477) PSYoungGen: 155403K(201728K)->45291K(202752K) Eden: 124928K(124928K)->0K(124928K) From: 30475K(76800K)->45291K(77824K)
[154.499s][info][gc,heap        ] GC(477) ParOldGen: 401792K(601600K)->401792K(601600K)
[154.499s][info][gc,metaspace   ] GC(477) Metaspace: 18267K(18432K)->18267K(18432K) NonClass: 16439K(16576K)->16439K(16576K) Class: 1828K(1856K)->1828K(1856K)
[154.499s][info][gc             ] GC(477) Pause Young (Allocation Failure) 544M->436M(785M) 62.699ms
[154.499s][info][gc,cpu         ] GC(477) User=0.12s Sys=0.00s Real=0.07s
[154.621s][info][gc,start       ] GC(478) Pause Young (Allocation Failure)
[154.697s][info][gc,heap        ] GC(478) PSYoungGen: 170219K(202752K)->59435K(205312K) Eden: 124928K(124928K)->0K(123904K) From: 45291K(77824K)->59435K(81408K)
[154.697s][info][gc,heap        ] GC(478) ParOldGen: 401792K(601600K)->401792K(601600K)
[154.697s][info][gc,metaspace   ] GC(478) Metaspace: 18267K(18432K)->18267K(18432K) NonClass: 16439K(16576K)->16439K(16576K) Class: 1828K(1856K)->1828K(1856K)
[154.697s][info][gc             ] GC(478) Pause Young (Allocation Failure) 558M->450M(788M) 76.513ms
[154.697s][info][gc,cpu         ] GC(478) User=0.16s Sys=0.00s Real=0.08s
[154.775s][info][gc,start       ] GC(479) Pause Young (Allocation Failure)
[154.851s][info][gc,heap        ] GC(479) PSYoungGen: 183339K(205312K)->59883K(212992K) Eden: 123904K(123904K)->0K(123904K) From: 59435K(81408K)->59883K(89088K)
[154.851s][info][gc,heap        ] GC(479) ParOldGen: 401792K(601600K)->401792K(601600K)
[154.851s][info][gc,metaspace   ] GC(479) Metaspace: 18267K(18432K)->18267K(18432K) NonClass: 16439K(16576K)->16439K(16576K) Class: 1828K(1856K)->1828K(1856K)
[154.851s][info][gc             ] GC(479) Pause Young (Allocation Failure) 571M->450M(795M) 76.061ms
[154.851s][info][gc,cpu         ] GC(479) User=0.15s Sys=0.01s Real=0.08s
[154.965s][info][gc,start       ] GC(480) Pause Young (Allocation Failure)
[155.046s][info][gc,heap        ] GC(480) PSYoungGen: 183787K(212992K)->61099K(223232K) Eden: 123904K(123904K)->0K(128000K) From: 59883K(89088K)->61099K(95232K)
[155.046s][info][gc,heap        ] GC(480) ParOldGen: 401792K(601600K)->401792K(601600K)
[155.046s][info][gc,metaspace   ] GC(480) Metaspace: 18267K(18432K)->18267K(18432K) NonClass: 16439K(16576K)->16439K(16576K) Class: 1828K(1856K)->1828K(1856K)
[155.046s][info][gc             ] GC(480) Pause Young (Allocation Failure) 571M->452M(805M) 81.838ms
[155.046s][info][gc,cpu         ] GC(480) User=0.16s Sys=0.00s Real=0.09s
[155.176s][info][gc,start       ] GC(481) Pause Young (Allocation Failure)
[155.258s][info][gc,heap        ] GC(481) PSYoungGen: 189099K(223232K)->64747K(228352K) Eden: 128000K(128000K)->0K(128000K) From: 61099K(95232K)->64747K(100352K)
[155.258s][info][gc,heap        ] GC(481) ParOldGen: 401792K(601600K)->401792K(601600K)
[155.258s][info][gc,metaspace   ] GC(481) Metaspace: 18267K(18432K)->18267K(18432K) NonClass: 16439K(16576K)->16439K(16576K) Class: 1828K(1856K)->1828K(1856K)
[155.258s][info][gc             ] GC(481) Pause Young (Allocation Failure) 577M->455M(810M) 81.558ms
[155.258s][info][gc,cpu         ] GC(481) User=0.16s Sys=0.00s Real=0.09s
[155.357s][info][gc,start       ] GC(482) Pause Young (Allocation Failure)
[155.442s][info][gc,heap        ] GC(482) PSYoungGen: 192747K(228352K)->64779K(221184K) Eden: 128000K(128000K)->0K(115712K) From: 64747K(100352K)->64779K(105472K)
[155.442s][info][gc,heap        ] GC(482) ParOldGen: 401792K(601600K)->401792K(601600K)
[155.442s][info][gc,metaspace   ] GC(482) Metaspace: 18267K(18432K)->18267K(18432K) NonClass: 16439K(16576K)->16439K(16576K) Class: 1828K(1856K)->1828K(1856K)
[155.442s][info][gc             ] GC(482) Pause Young (Allocation Failure) 580M->455M(803M) 85.076ms
[155.442s][info][gc,cpu         ] GC(482) User=0.16s Sys=0.00s Real=0.08s
[155.556s][info][gc,start       ] GC(483) Pause Young (Allocation Failure)
[155.645s][info][gc,heap        ] GC(483) PSYoungGen: 180491K(221184K)->73611K(189440K) Eden: 115712K(115712K)->0K(115712K) From: 64779K(105472K)->73611K(73728K)
[155.645s][info][gc,heap        ] GC(483) ParOldGen: 401792K(601600K)->401872K(601600K)
[155.645s][info][gc,metaspace   ] GC(483) Metaspace: 18267K(18432K)->18267K(18432K) NonClass: 16439K(16576K)->16439K(16576K) Class: 1828K(1856K)->1828K(1856K)
[155.645s][info][gc             ] GC(483) Pause Young (Allocation Failure) 568M->464M(772M) 89.643ms
[155.645s][info][gc,cpu         ] GC(483) User=0.18s Sys=0.00s Real=0.09s
[155.769s][info][gc,start       ] GC(484) Pause Young (Allocation Failure)
[155.883s][info][gc,heap        ] GC(484) PSYoungGen: 189323K(189440K)->87644K(222720K) Eden: 115712K(115712K)->0K(111616K) From: 73611K(73728K)->87644K(111104K)
[155.883s][info][gc,heap        ] GC(484) ParOldGen: 401872K(601600K)->402048K(601600K)
[155.883s][info][gc,metaspace   ] GC(484) Metaspace: 18267K(18432K)->18267K(18432K) NonClass: 16439K(16576K)->16439K(16576K) Class: 1828K(1856K)->1828K(1856K)
[155.883s][info][gc             ] GC(484) Pause Young (Allocation Failure) 577M->478M(805M) 113.213ms
[155.883s][info][gc,cpu         ] GC(484) User=0.22s Sys=0.00s Real=0.11s
[156.031s][info][gc,start       ] GC(485) Pause Young (Allocation Failure)
[156.139s][info][gc,heap        ] GC(485) PSYoungGen: 199260K(222720K)->89628K(222720K) Eden: 111616K(111616K)->0K(111616K) From: 87644K(111104K)->89628K(111104K)
[156.139s][info][gc,heap        ] GC(485) ParOldGen: 402048K(601600K)->402208K(601600K)
[156.139s][info][gc,metaspace   ] GC(485) Metaspace: 18267K(18432K)->18267K(18432K) NonClass: 16439K(16576K)->16439K(16576K) Class: 1828K(1856K)->1828K(1856K)
[156.139s][info][gc             ] GC(485) Pause Young (Allocation Failure) 587M->480M(805M) 108.656ms
[156.139s][info][gc,cpu         ] GC(485) User=0.22s Sys=0.00s Real=0.11s
[156.358s][info][gc,start       ] GC(486) Pause Young (Allocation Failure)
[156.473s][info][gc,heap        ] GC(486) PSYoungGen: 201244K(222720K)->76960K(222720K) Eden: 111616K(111616K)->0K(111616K) From: 89628K(111104K)->76960K(111104K)
[156.473s][info][gc,heap        ] GC(486) ParOldGen: 402208K(601600K)->423331K(601600K)
[156.473s][info][gc,metaspace   ] GC(486) Metaspace: 18267K(18432K)->18267K(18432K) NonClass: 16439K(16576K)->16439K(16576K) Class: 1828K(1856K)->1828K(1856K)
[156.474s][info][gc             ] GC(486) Pause Young (Allocation Failure) 589M->488M(805M) 115.327ms
[156.474s][info][gc,cpu         ] GC(486) User=0.23s Sys=0.00s Real=0.11s
[156.609s][info][gc,start       ] GC(487) Pause Young (Allocation Failure)
[156.711s][info][gc,heap        ] GC(487) PSYoungGen: 188576K(222720K)->87648K(222720K) Eden: 111616K(111616K)->0K(111616K) From: 76960K(111104K)->87648K(111104K)
[156.711s][info][gc,heap        ] GC(487) ParOldGen: 423331K(601600K)->432395K(601600K)
[156.711s][info][gc,metaspace   ] GC(487) Metaspace: 18267K(18432K)->18267K(18432K) NonClass: 16439K(16576K)->16439K(16576K) Class: 1828K(1856K)->1828K(1856K)
[156.711s][info][gc             ] GC(487) Pause Young (Allocation Failure) 597M->507M(805M) 101.772ms
[156.711s][info][gc,cpu         ] GC(487) User=0.20s Sys=0.01s Real=0.10s
[156.849s][info][gc,start       ] GC(488) Pause Young (Allocation Failure)
[156.956s][info][gc,heap        ] GC(488) PSYoungGen: 199264K(222720K)->74672K(222720K) Eden: 111616K(111616K)->0K(111616K) From: 87648K(111104K)->74672K(111104K)
[156.956s][info][gc,heap        ] GC(488) ParOldGen: 432395K(601600K)->461443K(601600K)
[156.956s][info][gc,metaspace   ] GC(488) Metaspace: 18267K(18432K)->18267K(18432K) NonClass: 16439K(16576K)->16439K(16576K) Class: 1828K(1856K)->1828K(1856K)
[156.956s][info][gc             ] GC(488) Pause Young (Allocation Failure) 616M->523M(805M) 107.588ms
[156.956s][info][gc,cpu         ] GC(488) User=0.21s Sys=0.00s Real=0.10s
[157.037s][info][gc,start       ] GC(489) Pause Young (Allocation Failure)
[157.116s][info][gc,heap        ] GC(489) PSYoungGen: 186288K(222720K)->73760K(222720K) Eden: 111616K(111616K)->0K(111616K) From: 74672K(111104K)->73760K(111104K)
[157.116s][info][gc,heap        ] GC(489) ParOldGen: 461443K(601600K)->463139K(601600K)
[157.116s][info][gc,metaspace   ] GC(489) Metaspace: 18267K(18432K)->18267K(18432K) NonClass: 16439K(16576K)->16439K(16576K) Class: 1828K(1856K)->1828K(1856K)
[157.116s][info][gc             ] GC(489) Pause Young (Allocation Failure) 632M->524M(805M) 78.736ms
[157.116s][info][gc,cpu         ] GC(489) User=0.16s Sys=0.00s Real=0.07s
[157.286s][info][gc,start       ] GC(490) Pause Young (Allocation Failure)
[157.366s][info][gc,heap        ] GC(490) PSYoungGen: 185376K(222720K)->72064K(222720K) Eden: 111616K(111616K)->0K(111616K) From: 73760K(111104K)->72064K(111104K)
[157.366s][info][gc,heap        ] GC(490) ParOldGen: 463139K(601600K)->466843K(601600K)
[157.366s][info][gc,metaspace   ] GC(490) Metaspace: 18267K(18432K)->18267K(18432K) NonClass: 16439K(16576K)->16439K(16576K) Class: 1828K(1856K)->1828K(1856K)
[157.366s][info][gc             ] GC(490) Pause Young (Allocation Failure) 633M->526M(805M) 79.585ms
[157.366s][info][gc,cpu         ] GC(490) User=0.15s Sys=0.00s Real=0.08s
[157.492s][info][gc,start       ] GC(491) Pause Young (Allocation Failure)
[157.573s][info][gc,heap        ] GC(491) PSYoungGen: 183680K(222720K)->53536K(222720K) Eden: 111616K(111616K)->0K(111616K) From: 72064K(111104K)->53536K(111104K)
[157.574s][info][gc,heap        ] GC(491) ParOldGen: 466843K(601600K)->490028K(601600K)
[157.574s][info][gc,metaspace   ] GC(491) Metaspace: 18267K(18432K)->18267K(18432K) NonClass: 16439K(16576K)->16439K(16576K) Class: 1828K(1856K)->1828K(1856K)
[157.574s][info][gc             ] GC(491) Pause Young (Allocation Failure) 635M->530M(805M) 81.475ms
[157.574s][info][gc,cpu         ] GC(491) User=0.17s Sys=0.00s Real=0.08s
[157.689s][info][gc,start       ] GC(492) Pause Young (Allocation Failure)
[157.745s][info][gc,heap        ] GC(492) PSYoungGen: 165152K(222720K)->43040K(222720K) Eden: 111616K(111616K)->0K(111616K) From: 53536K(111104K)->43040K(111104K)
[157.745s][info][gc,heap        ] GC(492) ParOldGen: 490028K(601600K)->500596K(601600K)
[157.745s][info][gc,metaspace   ] GC(492) Metaspace: 18267K(18432K)->18267K(18432K) NonClass: 16439K(16576K)->16439K(16576K) Class: 1828K(1856K)->1828K(1856K)
[157.745s][info][gc             ] GC(492) Pause Young (Allocation Failure) 639M->530M(805M) 56.407ms
[157.745s][info][gc,cpu         ] GC(492) User=0.12s Sys=0.00s Real=0.05s
[157.816s][info][gc,start       ] GC(493) Pause Young (Allocation Failure)
[157.863s][info][gc,heap        ] GC(493) PSYoungGen: 154656K(222720K)->7392K(222720K) Eden: 111616K(111616K)->0K(111616K) From: 43040K(111104K)->7392K(111104K)
[157.863s][info][gc,heap        ] GC(493) ParOldGen: 500596K(601600K)->536364K(601600K)
[157.863s][info][gc,metaspace   ] GC(493) Metaspace: 18267K(18432K)->18267K(18432K) NonClass: 16439K(16576K)->16439K(16576K) Class: 1828K(1856K)->1828K(1856K)
[157.864s][info][gc             ] GC(493) Pause Young (Allocation Failure) 639M->531M(805M) 47.476ms
[157.864s][info][gc,cpu         ] GC(493) User=0.09s Sys=0.00s Real=0.05s
[158.008s][info][gc,start       ] GC(494) Pause Young (Allocation Failure)
[158.027s][info][gc,heap        ] GC(494) PSYoungGen: 119008K(222720K)->12000K(222720K) Eden: 111616K(111616K)->0K(111616K) From: 7392K(111104K)->12000K(111104K)
[158.027s][info][gc,heap        ] GC(494) ParOldGen: 536364K(601600K)->539132K(601600K)
[158.027s][info][gc,metaspace   ] GC(494) Metaspace: 18267K(18432K)->18267K(18432K) NonClass: 16439K(16576K)->16439K(16576K) Class: 1828K(1856K)->1828K(1856K)
[158.027s][info][gc             ] GC(494) Pause Young (Allocation Failure) 640M->538M(805M) 19.668ms
[158.027s][info][gc,cpu         ] GC(494) User=0.04s Sys=0.00s Real=0.02s
[158.165s][info][gc,start       ] GC(495) Pause Young (Allocation Failure)
[158.190s][info][gc,heap        ] GC(495) PSYoungGen: 123616K(222720K)->16480K(222720K) Eden: 111616K(111616K)->0K(111616K) From: 12000K(111104K)->16480K(111104K)
[158.190s][info][gc,heap        ] GC(495) ParOldGen: 539132K(601600K)->543756K(601600K)
[158.190s][info][gc,metaspace   ] GC(495) Metaspace: 18267K(18432K)->18267K(18432K) NonClass: 16439K(16576K)->16439K(16576K) Class: 1828K(1856K)->1828K(1856K)
[158.190s][info][gc             ] GC(495) Pause Young (Allocation Failure) 647M->547M(805M) 25.129ms
[158.190s][info][gc,cpu         ] GC(495) User=0.05s Sys=0.00s Real=0.03s
[158.538s][info][gc,start       ] GC(496) Pause Young (Allocation Failure)
[158.557s][info][gc,heap        ] GC(496) PSYoungGen: 128096K(222720K)->9216K(222720K) Eden: 111616K(111616K)->0K(111616K) From: 16480K(111104K)->9216K(111104K)
[158.558s][info][gc,heap        ] GC(496) ParOldGen: 543756K(601600K)->551156K(601600K)
[158.558s][info][gc,metaspace   ] GC(496) Metaspace: 18267K(18432K)->18267K(18432K) NonClass: 16439K(16576K)->16439K(16576K) Class: 1828K(1856K)->1828K(1856K)
[158.558s][info][gc             ] GC(496) Pause Young (Allocation Failure) 656M->547M(805M) 19.321ms
[158.558s][info][gc,cpu         ] GC(496) User=0.04s Sys=0.00s Real=0.02s
[158.834s][info][gc,start       ] GC(497) Pause Young (Allocation Failure)
[158.847s][info][gc,heap        ] GC(497) PSYoungGen: 120832K(222720K)->208K(222720K) Eden: 111616K(111616K)->0K(111616K) From: 9216K(111104K)->208K(111104K)
[158.847s][info][gc,heap        ] GC(497) ParOldGen: 551156K(601600K)->560324K(601600K)
[158.847s][info][gc,metaspace   ] GC(497) Metaspace: 18269K(18432K)->18269K(18432K) NonClass: 16441K(16576K)->16441K(16576K) Class: 1828K(1856K)->1828K(1856K)
[158.847s][info][gc             ] GC(497) Pause Young (Allocation Failure) 656M->547M(805M) 12.384ms
[158.847s][info][gc,cpu         ] GC(497) User=0.02s Sys=0.00s Real=0.02s
[159.117s][info][gc,start       ] GC(498) Pause Young (Allocation Failure)
[159.119s][info][gc,heap        ] GC(498) PSYoungGen: 111824K(222720K)->96K(222720K) Eden: 111616K(111616K)->0K(111616K) From: 208K(111104K)->96K(111104K)
[159.119s][info][gc,heap        ] GC(498) ParOldGen: 560324K(601600K)->560516K(601600K)
[159.119s][info][gc,metaspace   ] GC(498) Metaspace: 18269K(18432K)->18269K(18432K) NonClass: 16441K(16576K)->16441K(16576K) Class: 1828K(1856K)->1828K(1856K)
[159.119s][info][gc             ] GC(498) Pause Young (Allocation Failure) 656M->547M(805M) 2.618ms
[159.119s][info][gc,cpu         ] GC(498) User=0.00s Sys=0.00s Real=0.00s
[159.354s][info][gc,start       ] GC(499) Pause Young (Allocation Failure)
[159.357s][info][gc,heap        ] GC(499) PSYoungGen: 111712K(222720K)->448K(222720K) Eden: 111616K(111616K)->0K(111616K) From: 96K(111104K)->448K(111104K)
[159.357s][info][gc,heap        ] GC(499) ParOldGen: 560516K(601600K)->560588K(601600K)
[159.357s][info][gc,metaspace   ] GC(499) Metaspace: 18269K(18432K)->18269K(18432K) NonClass: 16441K(16576K)->16441K(16576K) Class: 1828K(1856K)->1828K(1856K)
[159.357s][info][gc             ] GC(499) Pause Young (Allocation Failure) 656M->547M(805M) 3.418ms
[159.357s][info][gc,cpu         ] GC(499) User=0.01s Sys=0.00s Real=0.01s
[159.688s][info][gc,start       ] GC(500) Pause Young (Allocation Failure)
[159.691s][info][gc,heap        ] GC(500) PSYoungGen: 112064K(222720K)->256K(222720K) Eden: 111616K(111616K)->0K(111616K) From: 448K(111104K)->256K(111104K)
[159.691s][info][gc,heap        ] GC(500) ParOldGen: 560588K(601600K)->560604K(601600K)
[159.691s][info][gc,metaspace   ] GC(500) Metaspace: 18269K(18432K)->18269K(18432K) NonClass: 16441K(16576K)->16441K(16576K) Class: 1828K(1856K)->1828K(1856K)
[159.691s][info][gc             ] GC(500) Pause Young (Allocation Failure) 656M->547M(805M) 2.797ms
[159.691s][info][gc,cpu         ] GC(500) User=0.01s Sys=0.00s Real=0.00s
[159.869s][info][gc,start       ] GC(501) Pause Young (Allocation Failure)
[159.880s][info][gc,heap        ] GC(501) PSYoungGen: 111872K(222720K)->7840K(119808K) Eden: 111616K(111616K)->0K(111616K) From: 256K(111104K)->7840K(8192K)
[159.880s][info][gc,heap        ] GC(501) ParOldGen: 560604K(601600K)->560844K(601600K)
[159.880s][info][gc,metaspace   ] GC(501) Metaspace: 18269K(18432K)->18269K(18432K) NonClass: 16441K(16576K)->16441K(16576K) Class: 1828K(1856K)->1828K(1856K)
[159.880s][info][gc             ] GC(501) Pause Young (Allocation Failure) 656M->555M(704M) 10.688ms
[159.880s][info][gc,cpu         ] GC(501) User=0.02s Sys=0.00s Real=0.01s
[160.003s][info][gc,start       ] GC(502) Pause Young (Allocation Failure)
[160.038s][info][gc,heap        ] GC(502) PSYoungGen: 119456K(119808K)->39760K(220672K) Eden: 111616K(111616K)->0K(115200K) From: 7840K(8192K)->39760K(105472K)
[160.038s][info][gc,heap        ] GC(502) ParOldGen: 560844K(601600K)->560844K(601600K)
[160.038s][info][gc,metaspace   ] GC(502) Metaspace: 18270K(18432K)->18270K(18432K) NonClass: 16442K(16576K)->16442K(16576K) Class: 1828K(1856K)->1828K(1856K)
[160.038s][info][gc             ] GC(502) Pause Young (Allocation Failure) 664M->586M(803M) 35.099ms
[160.038s][info][gc,cpu         ] GC(502) User=0.07s Sys=0.00s Real=0.04s
[160.113s][info][gc,start       ] GC(503) Pause Young (Allocation Failure)
[160.178s][info][gc,heap        ] GC(503) PSYoungGen: 154960K(220672K)->89062K(220160K) Eden: 115200K(115200K)->0K(115200K) From: 39760K(105472K)->89062K(104960K)
[160.178s][info][gc,heap        ] GC(503) ParOldGen: 560844K(601600K)->560844K(601600K)
[160.178s][info][gc,metaspace   ] GC(503) Metaspace: 18270K(18432K)->18270K(18432K) NonClass: 16442K(16576K)->16442K(16576K) Class: 1828K(1856K)->1828K(1856K)
[160.178s][info][gc             ] GC(503) Pause Young (Allocation Failure) 699M->634M(802M) 65.187ms
[160.178s][info][gc,cpu         ] GC(503) User=0.13s Sys=0.00s Real=0.07s
[160.224s][info][gc,start       ] GC(504) Pause Young (Allocation Failure)
[160.328s][info][gc,heap        ] GC(504) PSYoungGen: 204262K(220160K)->100550K(222720K) Eden: 115200K(115200K)->0K(111616K) From: 89062K(104960K)->100550K(111104K)
[160.328s][info][gc,heap        ] GC(504) ParOldGen: 560844K(601600K)->600981K(601600K)
[160.328s][info][gc,metaspace   ] GC(504) Metaspace: 18270K(18432K)->18270K(18432K) NonClass: 16442K(16576K)->16442K(16576K) Class: 1828K(1856K)->1828K(1856K)
[160.328s][info][gc             ] GC(504) Pause Young (Allocation Failure) 747M->685M(805M) 103.834ms
[160.328s][info][gc,cpu         ] GC(504) User=0.20s Sys=0.01s Real=0.11s
[160.380s][info][gc,start       ] GC(505) Pause Young (Allocation Failure)
[160.520s][info][gc,promotion   ] GC(505) Promotion failed
[160.520s][info][gc,heap        ] GC(505) PSYoungGen: 212166K(222720K)->212166K(222720K) Eden: 111616K(111616K)->111616K(111616K) From: 100550K(111104K)->100550K(111104K)
[160.520s][info][gc,heap        ] GC(505) ParOldGen: 600981K(601600K)->667643K(667648K)
[160.520s][info][gc,metaspace   ] GC(505) Metaspace: 18270K(18432K)->18270K(18432K) NonClass: 16442K(16576K)->16442K(16576K) Class: 1828K(1856K)->1828K(1856K)
[160.520s][info][gc             ] GC(505) Pause Young (Allocation Failure) 794M->859M(869M) 139.310ms
[160.520s][info][gc,cpu         ] GC(505) User=0.21s Sys=0.06s Real=0.14s
[160.520s][info][gc,start       ] GC(506) Pause Full (Allocation Failure)
[160.520s][info][gc,phases,start] GC(506) Marking Phase
[160.907s][info][gc,phases      ] GC(506) Marking Phase 387.494ms
[160.907s][info][gc,phases,start] GC(506) Summary Phase
[160.907s][info][gc,phases      ] GC(506) Summary Phase 0.043ms
[160.907s][info][gc,phases,start] GC(506) Forward
[161.039s][info][gc,phases      ] GC(506) Forward 131.148ms
[161.039s][info][gc,phases,start] GC(506) Adjust Pointers
[161.324s][info][gc,phases      ] GC(506) Adjust Pointers 285.635ms
[161.324s][info][gc,phases,start] GC(506) Compaction Phase
[161.503s][info][gc,phases      ] GC(506) Compaction Phase 178.878ms
[161.512s][info][gc,phases,start] GC(506) Post Compact
[161.514s][info][gc,phases      ] GC(506) Post Compact 2.652ms
[161.514s][info][gc,heap        ] GC(506) PSYoungGen: 212166K(222720K)->0K(222720K) Eden: 111616K(111616K)->0K(111616K) From: 100550K(111104K)->0K(111104K)
[161.514s][info][gc,heap        ] GC(506) ParOldGen: 667643K(667648K)->580822K(667648K)
[161.514s][info][gc,metaspace   ] GC(506) Metaspace: 18270K(18432K)->18270K(18432K) NonClass: 16442K(16576K)->16442K(16576K) Class: 1828K(1856K)->1828K(1856K)
[161.514s][info][gc             ] GC(506) Pause Full (Allocation Failure) 859M->567M(869M) 994.653ms
[161.514s][info][gc,cpu         ] GC(506) User=1.87s Sys=0.00s Real=0.99s
[161.750s][info][gc,start       ] GC(507) Pause Young (Allocation Failure)
[161.784s][info][gc,heap        ] GC(507) PSYoungGen: 111616K(222720K)->26240K(222720K) Eden: 111616K(111616K)->0K(111616K) From: 0K(111104K)->26240K(111104K)
[161.784s][info][gc,heap        ] GC(507) ParOldGen: 580822K(667648K)->580822K(667648K)
[161.784s][info][gc,metaspace   ] GC(507) Metaspace: 18270K(18432K)->18270K(18432K) NonClass: 16442K(16576K)->16442K(16576K) Class: 1828K(1856K)->1828K(1856K)
[161.784s][info][gc             ] GC(507) Pause Young (Allocation Failure) 676M->592M(869M) 33.624ms
[161.784s][info][gc,cpu         ] GC(507) User=0.07s Sys=0.00s Real=0.03s
[162.010s][info][gc,start       ] GC(508) Pause Young (Allocation Failure)
[162.062s][info][gc,heap        ] GC(508) PSYoungGen: 137856K(222720K)->14304K(222720K) Eden: 111616K(111616K)->0K(111616K) From: 26240K(111104K)->14304K(111104K)
[162.062s][info][gc,heap        ] GC(508) ParOldGen: 580822K(667648K)->607278K(667648K)
[162.062s][info][gc,metaspace   ] GC(508) Metaspace: 18270K(18432K)->18270K(18432K) NonClass: 16442K(16576K)->16442K(16576K) Class: 1828K(1856K)->1828K(1856K)
[162.062s][info][gc             ] GC(508) Pause Young (Allocation Failure) 701M->607M(869M) 51.889ms
[162.062s][info][gc,cpu         ] GC(508) User=0.10s Sys=0.00s Real=0.05s
[162.162s][info][gc,start       ] GC(509) Pause Young (Allocation Failure)
[162.195s][info][gc,heap        ] GC(509) PSYoungGen: 125920K(222720K)->4160K(222720K) Eden: 111616K(111616K)->0K(111616K) From: 14304K(111104K)->4160K(111104K)
[162.195s][info][gc,heap        ] GC(509) ParOldGen: 607278K(667648K)->621582K(667648K)
[162.195s][info][gc,metaspace   ] GC(509) Metaspace: 18270K(18432K)->18270K(18432K) NonClass: 16442K(16576K)->16442K(16576K) Class: 1828K(1856K)->1828K(1856K)
[162.195s][info][gc             ] GC(509) Pause Young (Allocation Failure) 716M->611M(869M) 32.574ms
[162.195s][info][gc,cpu         ] GC(509) User=0.06s Sys=0.01s Real=0.03s
[162.308s][info][gc,start       ] GC(510) Pause Young (Allocation Failure)
[162.336s][info][gc,heap        ] GC(510) PSYoungGen: 115776K(222720K)->864K(222720K) Eden: 111616K(111616K)->0K(111616K) From: 4160K(111104K)->864K(111104K)
[162.336s][info][gc,heap        ] GC(510) ParOldGen: 621582K(667648K)->625742K(667648K)
[162.336s][info][gc,metaspace   ] GC(510) Metaspace: 18270K(18432K)->18270K(18432K) NonClass: 16442K(16576K)->16442K(16576K) Class: 1828K(1856K)->1828K(1856K)
[162.336s][info][gc             ] GC(510) Pause Young (Allocation Failure) 720M->611M(869M) 28.343ms
[162.336s][info][gc,cpu         ] GC(510) User=0.05s Sys=0.00s Real=0.02s
[162.506s][info][gc,start       ] GC(511) Pause Young (Allocation Failure)
[162.565s][info][gc,heap        ] GC(511) PSYoungGen: 112480K(222720K)->30531K(218624K) Eden: 111616K(111616K)->0K(111616K) From: 864K(111104K)->30531K(107008K)
[162.565s][info][gc,heap        ] GC(511) ParOldGen: 625742K(667648K)->626574K(667648K)
[162.565s][info][gc,metaspace   ] GC(511) Metaspace: 18270K(18432K)->18270K(18432K) NonClass: 16442K(16576K)->16442K(16576K) Class: 1828K(1856K)->1828K(1856K)
[162.565s][info][gc             ] GC(511) Pause Young (Allocation Failure) 720M->641M(865M) 59.511ms
[162.565s][info][gc,cpu         ] GC(511) User=0.12s Sys=0.00s Real=0.06s
[162.722s][info][gc,start       ] GC(512) Pause Young (Allocation Failure)
[162.766s][info][gc,heap        ] GC(512) PSYoungGen: 142147K(218624K)->30531K(142336K) Eden: 111616K(111616K)->0K(111616K) From: 30531K(107008K)->30531K(30720K)
[162.766s][info][gc,heap        ] GC(512) ParOldGen: 626574K(667648K)->626574K(667648K)
[162.766s][info][gc,metaspace   ] GC(512) Metaspace: 18270K(18432K)->18270K(18432K) NonClass: 16442K(16576K)->16442K(16576K) Class: 1828K(1856K)->1828K(1856K)
[162.766s][info][gc             ] GC(512) Pause Young (Allocation Failure) 750M->641M(791M) 44.246ms
[162.766s][info][gc,cpu         ] GC(512) User=0.09s Sys=0.00s Real=0.04s
[162.924s][info][gc,start       ] GC(513) Pause Young (Allocation Failure)
[162.971s][info][gc,heap        ] GC(513) PSYoungGen: 142147K(142336K)->30531K(209920K) Eden: 111616K(111616K)->0K(119808K) From: 30531K(30720K)->30531K(90112K)
[162.971s][info][gc,heap        ] GC(513) ParOldGen: 626574K(667648K)->626574K(667648K)
[162.971s][info][gc,metaspace   ] GC(513) Metaspace: 18270K(18432K)->18270K(18432K) NonClass: 16442K(16576K)->16442K(16576K) Class: 1828K(1856K)->1828K(1856K)
[162.971s][info][gc             ] GC(513) Pause Young (Allocation Failure) 750M->641M(857M) 47.246ms
[162.971s][info][gc,cpu         ] GC(513) User=0.09s Sys=0.00s Real=0.05s
[163.139s][info][gc,start       ] GC(514) Pause Young (Allocation Failure)
[163.184s][info][gc,heap        ] GC(514) PSYoungGen: 150339K(209920K)->30531K(214528K) Eden: 119808K(119808K)->0K(119808K) From: 30531K(90112K)->30531K(94720K)
[163.184s][info][gc,heap        ] GC(514) ParOldGen: 626574K(667648K)->626574K(667648K)
[163.184s][info][gc,metaspace   ] GC(514) Metaspace: 18270K(18432K)->18270K(18432K) NonClass: 16442K(16576K)->16442K(16576K) Class: 1828K(1856K)->1828K(1856K)
[163.184s][info][gc             ] GC(514) Pause Young (Allocation Failure) 758M->641M(861M) 44.673ms
[163.184s][info][gc,cpu         ] GC(514) User=0.09s Sys=0.00s Real=0.04s
[163.355s][info][gc,start       ] GC(515) Pause Young (Allocation Failure)
[163.407s][info][gc,heap        ] GC(515) PSYoungGen: 150339K(214528K)->30531K(204800K) Eden: 119808K(119808K)->0K(128512K) From: 30531K(94720K)->30531K(76288K)
[163.407s][info][gc,heap        ] GC(515) ParOldGen: 626574K(667648K)->626574K(667648K)
[163.407s][info][gc,metaspace   ] GC(515) Metaspace: 18270K(18432K)->18270K(18432K) NonClass: 16442K(16576K)->16442K(16576K) Class: 1828K(1856K)->1828K(1856K)
[163.407s][info][gc             ] GC(515) Pause Young (Allocation Failure) 758M->641M(852M) 52.075ms
[163.407s][info][gc,cpu         ] GC(515) User=0.09s Sys=0.00s Real=0.06s
[163.590s][info][gc,start       ] GC(516) Pause Young (Allocation Failure)
[163.634s][info][gc,heap        ] GC(516) PSYoungGen: 159043K(204800K)->30531K(210944K) Eden: 128512K(128512K)->0K(128512K) From: 30531K(76288K)->30531K(82432K)
[163.634s][info][gc,heap        ] GC(516) ParOldGen: 626574K(667648K)->626574K(667648K)
[163.634s][info][gc,metaspace   ] GC(516) Metaspace: 18270K(18432K)->18270K(18432K) NonClass: 16442K(16576K)->16442K(16576K) Class: 1828K(1856K)->1828K(1856K)
[163.634s][info][gc             ] GC(516) Pause Young (Allocation Failure) 767M->641M(858M) 44.431ms
[163.634s][info][gc,cpu         ] GC(516) User=0.09s Sys=0.00s Real=0.04s
[163.817s][info][gc,start       ] GC(517) Pause Young (Allocation Failure)
[163.862s][info][gc,heap        ] GC(517) PSYoungGen: 159043K(210944K)->30531K(205824K) Eden: 128512K(128512K)->0K(137216K) From: 30531K(82432K)->30531K(68608K)
[163.862s][info][gc,heap        ] GC(517) ParOldGen: 626574K(667648K)->626574K(667648K)
[163.862s][info][gc,metaspace   ] GC(517) Metaspace: 18270K(18432K)->18270K(18432K) NonClass: 16442K(16576K)->16442K(16576K) Class: 1828K(1856K)->1828K(1856K)
[163.862s][info][gc             ] GC(517) Pause Young (Allocation Failure) 767M->641M(853M) 45.351ms
[163.862s][info][gc,cpu         ] GC(517) User=0.09s Sys=0.00s Real=0.04s
[164.057s][info][gc,start       ] GC(518) Pause Young (Allocation Failure)
[164.101s][info][gc,heap        ] GC(518) PSYoungGen: 167747K(205824K)->30531K(210432K) Eden: 137216K(137216K)->0K(137216K) From: 30531K(68608K)->30531K(73216K)
[164.101s][info][gc,heap        ] GC(518) ParOldGen: 626574K(667648K)->626574K(667648K)
[164.101s][info][gc,metaspace   ] GC(518) Metaspace: 18270K(18432K)->18270K(18432K) NonClass: 16442K(16576K)->16442K(16576K) Class: 1828K(1856K)->1828K(1856K)
[164.101s][info][gc             ] GC(518) Pause Young (Allocation Failure) 775M->641M(857M) 44.318ms
[164.101s][info][gc,cpu         ] GC(518) User=0.09s Sys=0.00s Real=0.04s
[164.261s][info][gc,start       ] GC(519) Pause Young (Allocation Failure)
[164.321s][info][gc,heap        ] GC(519) PSYoungGen: 167747K(210432K)->43789K(213504K) Eden: 137216K(137216K)->0K(144896K) From: 30531K(73216K)->43789K(68608K)
[164.321s][info][gc,heap        ] GC(519) ParOldGen: 626574K(667648K)->626574K(667648K)
[164.321s][info][gc,metaspace   ] GC(519) Metaspace: 18270K(18432K)->18270K(18432K) NonClass: 16442K(16576K)->16442K(16576K) Class: 1828K(1856K)->1828K(1856K)
[164.321s][info][gc             ] GC(519) Pause Young (Allocation Failure) 775M->654M(860M) 60.111ms
[164.321s][info][gc,cpu         ] GC(519) User=0.12s Sys=0.00s Real=0.06s
[164.460s][info][gc,start       ] GC(520) Pause Young (Allocation Failure)
[164.536s][info][gc,heap        ] GC(520) PSYoungGen: 188685K(213504K)->60118K(215040K) Eden: 144896K(144896K)->0K(144896K) From: 43789K(68608K)->60118K(70144K)
[164.536s][info][gc,heap        ] GC(520) ParOldGen: 626574K(667648K)->626574K(667648K)
[164.536s][info][gc,metaspace   ] GC(520) Metaspace: 18270K(18432K)->18270K(18432K) NonClass: 16442K(16576K)->16442K(16576K) Class: 1828K(1856K)->1828K(1856K)
[164.536s][info][gc             ] GC(520) Pause Young (Allocation Failure) 796M->670M(862M) 75.392ms
[164.536s][info][gc,cpu         ] GC(520) User=0.15s Sys=0.00s Real=0.07s
[164.648s][info][gc,start       ] GC(521) Pause Young (Allocation Failure)
[164.733s][info][gc,heap        ] GC(521) PSYoungGen: 205014K(215040K)->63862K(225792K) Eden: 144896K(144896K)->0K(148992K) From: 60118K(70144K)->63862K(76800K)
[164.733s][info][gc,heap        ] GC(521) ParOldGen: 626574K(667648K)->626574K(667648K)
[164.733s][info][gc,metaspace   ] GC(521) Metaspace: 18270K(18432K)->18270K(18432K) NonClass: 16442K(16576K)->16442K(16576K) Class: 1828K(1856K)->1828K(1856K)
[164.733s][info][gc             ] GC(521) Pause Young (Allocation Failure) 812M->674M(872M) 84.932ms
[164.733s][info][gc,cpu         ] GC(521) User=0.16s Sys=0.01s Real=0.08s
[164.866s][info][gc,start       ] GC(522) Pause Young (Allocation Failure)
[164.946s][info][gc,heap        ] GC(522) PSYoungGen: 212854K(225792K)->65763K(232448K) Eden: 148992K(148992K)->0K(148992K) From: 63862K(76800K)->65763K(83456K)
[164.946s][info][gc,heap        ] GC(522) ParOldGen: 626574K(667648K)->626574K(667648K)
[164.946s][info][gc,metaspace   ] GC(522) Metaspace: 18270K(18432K)->18270K(18432K) NonClass: 16442K(16576K)->16442K(16576K) Class: 1828K(1856K)->1828K(1856K)
[164.946s][info][gc             ] GC(522) Pause Young (Allocation Failure) 819M->676M(879M) 80.239ms
[164.946s][info][gc,cpu         ] GC(522) User=0.16s Sys=0.00s Real=0.09s
[165.108s][info][gc,start       ] GC(523) Pause Young (Allocation Failure)
[165.203s][info][gc,heap        ] GC(523) PSYoungGen: 214755K(232448K)->71181K(231424K) Eden: 148992K(148992K)->0K(142336K) From: 65763K(83456K)->71181K(89088K)
[165.203s][info][gc,heap        ] GC(523) ParOldGen: 626574K(667648K)->626574K(667648K)
[165.203s][info][gc,metaspace   ] GC(523) Metaspace: 18270K(18432K)->18270K(18432K) NonClass: 16442K(16576K)->16442K(16576K) Class: 1828K(1856K)->1828K(1856K)
[165.203s][info][gc             ] GC(523) Pause Young (Allocation Failure) 821M->681M(878M) 94.487ms
[165.203s][info][gc,cpu         ] GC(523) User=0.17s Sys=0.02s Real=0.09s
[165.387s][info][gc,start       ] GC(524) Pause Young (Allocation Failure)
[165.476s][info][gc,heap        ] GC(524) PSYoungGen: 213517K(231424K)->74477K(217088K) Eden: 142336K(142336K)->0K(142336K) From: 71181K(89088K)->74477K(74752K)
[165.476s][info][gc,heap        ] GC(524) ParOldGen: 626574K(667648K)->626574K(667648K)
[165.476s][info][gc,metaspace   ] GC(524) Metaspace: 18270K(18432K)->18270K(18432K) NonClass: 16442K(16576K)->16442K(16576K) Class: 1828K(1856K)->1828K(1856K)
[165.476s][info][gc             ] GC(524) Pause Young (Allocation Failure) 820M->684M(864M) 89.076ms
[165.476s][info][gc,cpu         ] GC(524) User=0.18s Sys=0.00s Real=0.08s
[165.771s][info][gc,start       ] GC(525) Pause Young (Allocation Failure)
[165.861s][info][gc,heap        ] GC(525) PSYoungGen: 216813K(217088K)->74595K(222208K) Eden: 142336K(142336K)->0K(119808K) From: 74477K(74752K)->74595K(102400K)
[165.861s][info][gc,heap        ] GC(525) ParOldGen: 626574K(667648K)->626574K(667648K)
[165.861s][info][gc,metaspace   ] GC(525) Metaspace: 18270K(18432K)->18270K(18432K) NonClass: 16442K(16576K)->16442K(16576K) Class: 1828K(1856K)->1828K(1856K)
[165.861s][info][gc             ] GC(525) Pause Young (Allocation Failure) 823M->684M(869M) 90.198ms
[165.861s][info][gc,cpu         ] GC(525) User=0.17s Sys=0.00s Real=0.09s
[166.100s][info][gc,start       ] GC(526) Pause Young (Allocation Failure)
[166.189s][info][gc,heap        ] GC(526) PSYoungGen: 194403K(222208K)->44160K(226816K) Eden: 119808K(119808K)->0K(119808K) From: 74595K(102400K)->44160K(107008K)
[166.189s][info][gc,heap        ] GC(526) ParOldGen: 626574K(667648K)->657157K(667648K)
[166.189s][info][gc,metaspace   ] GC(526) Metaspace: 18270K(18432K)->18270K(18432K) NonClass: 16442K(16576K)->16442K(16576K) Class: 1828K(1856K)->1828K(1856K)
[166.189s][info][gc             ] GC(526) Pause Young (Allocation Failure) 801M->684M(873M) 89.690ms
[166.189s][info][gc,cpu         ] GC(526) User=0.18s Sys=0.00s Real=0.09s
[166.391s][info][gc,start       ] GC(527) Pause Full (Allocation Failure)
[166.391s][info][gc,phases,start] GC(527) Marking Phase
[166.756s][info][gc,phases      ] GC(527) Marking Phase 364.167ms
[166.756s][info][gc,phases,start] GC(527) Summary Phase
[166.756s][info][gc,phases      ] GC(527) Summary Phase 0.029ms
[166.756s][info][gc,phases,start] GC(527) Forward
[166.872s][info][gc,phases      ] GC(527) Forward 115.835ms
[166.872s][info][gc,phases,start] GC(527) Adjust Pointers
[167.176s][info][gc,phases      ] GC(527) Adjust Pointers 304.272ms
[167.176s][info][gc,phases,start] GC(527) Compaction Phase
[167.342s][info][gc,phases      ] GC(527) Compaction Phase 165.707ms
[167.357s][info][gc,phases,start] GC(527) Post Compact
[167.360s][info][gc,phases      ] GC(527) Post Compact 2.477ms
[167.360s][info][gc,heap        ] GC(527) PSYoungGen: 163968K(226816K)->0K(226816K) Eden: 119808K(119808K)->0K(124416K) From: 44160K(107008K)->0K(102400K)
[167.360s][info][gc,heap        ] GC(527) ParOldGen: 657157K(667648K)->535633K(667648K)
[167.360s][info][gc,metaspace   ] GC(527) Metaspace: 18270K(18432K)->18270K(18432K) NonClass: 16442K(16576K)->16442K(16576K) Class: 1828K(1856K)->1828K(1856K)
[167.360s][info][gc             ] GC(527) Pause Full (Allocation Failure) 801M->523M(873M) 968.313ms
[167.360s][info][gc,cpu         ] GC(527) User=1.84s Sys=0.00s Real=0.97s
[167.610s][info][gc,start       ] GC(528) Pause Young (Allocation Failure)
[167.612s][info][gc,heap        ] GC(528) PSYoungGen: 124416K(226816K)->64K(226816K) Eden: 124416K(124416K)->0K(124416K) From: 0K(102400K)->64K(102400K)
[167.612s][info][gc,heap        ] GC(528) ParOldGen: 535633K(667648K)->535633K(667648K)
[167.612s][info][gc,metaspace   ] GC(528) Metaspace: 18270K(18432K)->18270K(18432K) NonClass: 16442K(16576K)->16442K(16576K) Class: 1828K(1856K)->1828K(1856K)
[167.612s][info][gc             ] GC(528) Pause Young (Allocation Failure) 644M->523M(873M) 1.987ms
[167.612s][info][gc,cpu         ] GC(528) User=0.01s Sys=0.00s Real=0.00s
[167.777s][info][gc,start       ] GC(529) Pause Young (Allocation Failure)
[167.798s][info][gc,heap        ] GC(529) PSYoungGen: 124480K(226816K)->14048K(229888K) Eden: 124416K(124416K)->0K(124928K) From: 64K(102400K)->14048K(104960K)
[167.798s][info][gc,heap        ] GC(529) ParOldGen: 535633K(667648K)->535633K(667648K)
[167.798s][info][gc,metaspace   ] GC(529) Metaspace: 18270K(18432K)->18270K(18432K) NonClass: 16442K(16576K)->16442K(16576K) Class: 1828K(1856K)->1828K(1856K)
[167.798s][info][gc             ] GC(529) Pause Young (Allocation Failure) 644M->536M(876M) 20.584ms
[167.798s][info][gc,cpu         ] GC(529) User=0.05s Sys=0.00s Real=0.02s
[167.939s][info][gc,start       ] GC(530) Pause Young (Allocation Failure)
[167.956s][info][gc,heap        ] GC(530) PSYoungGen: 138976K(229888K)->14048K(139264K) Eden: 124928K(124928K)->0K(124928K) From: 14048K(104960K)->14048K(14336K)
[167.956s][info][gc,heap        ] GC(530) ParOldGen: 535633K(667648K)->535633K(667648K)
[167.956s][info][gc,metaspace   ] GC(530) Metaspace: 18270K(18432K)->18270K(18432K) NonClass: 16442K(16576K)->16442K(16576K) Class: 1828K(1856K)->1828K(1856K)
[167.956s][info][gc             ] GC(530) Pause Young (Allocation Failure) 658M->536M(788M) 17.543ms
[167.956s][info][gc,cpu         ] GC(530) User=0.04s Sys=0.00s Real=0.01s
[168.071s][info][gc,start       ] GC(531) Pause Young (Allocation Failure)
[168.116s][info][gc,heap        ] GC(531) PSYoungGen: 138976K(139264K)->48608K(229888K) Eden: 124928K(124928K)->0K(127488K) From: 14048K(14336K)->48608K(102400K)
[168.116s][info][gc,heap        ] GC(531) ParOldGen: 535633K(667648K)->535633K(667648K)
[168.116s][info][gc,metaspace   ] GC(531) Metaspace: 18270K(18432K)->18270K(18432K) NonClass: 16442K(16576K)->16442K(16576K) Class: 1828K(1856K)->1828K(1856K)
[168.116s][info][gc             ] GC(531) Pause Young (Allocation Failure) 658M->570M(876M) 44.759ms
[168.116s][info][gc,cpu         ] GC(531) User=0.08s Sys=0.00s Real=0.04s
[168.285s][info][gc,start       ] GC(532) Pause Young (Allocation Failure)
[168.338s][info][gc,heap        ] GC(532) PSYoungGen: 176096K(229888K)->71136K(227328K) Eden: 127488K(127488K)->0K(127488K) From: 48608K(102400K)->71136K(99840K)
[168.338s][info][gc,heap        ] GC(532) ParOldGen: 535633K(667648K)->535633K(667648K)
[168.338s][info][gc,metaspace   ] GC(532) Metaspace: 18271K(18432K)->18271K(18432K) NonClass: 16443K(16576K)->16443K(16576K) Class: 1828K(1856K)->1828K(1856K)
[168.338s][info][gc             ] GC(532) Pause Young (Allocation Failure) 695M->592M(874M) 53.252ms
[168.338s][info][gc,cpu         ] GC(532) User=0.10s Sys=0.00s Real=0.06s
[168.519s][info][gc,start       ] GC(533) Pause Young (Allocation Failure)
[168.595s][info][gc,heap        ] GC(533) PSYoungGen: 198624K(227328K)->85696K(217088K) Eden: 127488K(127488K)->0K(111616K) From: 71136K(99840K)->85696K(105472K)
[168.595s][info][gc,heap        ] GC(533) ParOldGen: 535633K(667648K)->535633K(667648K)
[168.595s][info][gc,metaspace   ] GC(533) Metaspace: 18271K(18432K)->18271K(18432K) NonClass: 16443K(16576K)->16443K(16576K) Class: 1828K(1856K)->1828K(1856K)
[168.595s][info][gc             ] GC(533) Pause Young (Allocation Failure) 717M->606M(864M) 75.823ms
[168.595s][info][gc,cpu         ] GC(533) User=0.15s Sys=0.00s Real=0.07s
[168.752s][info][gc,start       ] GC(534) Pause Young (Allocation Failure)
[168.829s][info][gc,heap        ] GC(534) PSYoungGen: 197312K(217088K)->85696K(222720K) Eden: 111616K(111616K)->0K(111616K) From: 85696K(105472K)->85696K(111104K)
[168.829s][info][gc,heap        ] GC(534) ParOldGen: 535633K(667648K)->535633K(667648K)
[168.829s][info][gc,metaspace   ] GC(534) Metaspace: 18271K(18432K)->18271K(18432K) NonClass: 16443K(16576K)->16443K(16576K) Class: 1828K(1856K)->1828K(1856K)
[168.829s][info][gc             ] GC(534) Pause Young (Allocation Failure) 715M->606M(869M) 77.197ms
[168.829s][info][gc,cpu         ] GC(534) User=0.15s Sys=0.00s Real=0.08s
[168.986s][info][gc,start       ] GC(535) Pause Young (Allocation Failure)
[169.063s][info][gc,heap        ] GC(535) PSYoungGen: 197312K(222720K)->85664K(222720K) Eden: 111616K(111616K)->0K(111616K) From: 85696K(111104K)->85664K(111104K)
[169.063s][info][gc,heap        ] GC(535) ParOldGen: 535633K(667648K)->535633K(667648K)
[169.063s][info][gc,metaspace   ] GC(535) Metaspace: 18271K(18432K)->18271K(18432K) NonClass: 16443K(16576K)->16443K(16576K) Class: 1828K(1856K)->1828K(1856K)
[169.063s][info][gc             ] GC(535) Pause Young (Allocation Failure) 715M->606M(869M) 77.258ms
[169.063s][info][gc,cpu         ] GC(535) User=0.15s Sys=0.00s Real=0.08s
[169.220s][info][gc,start       ] GC(536) Pause Young (Allocation Failure)
[169.296s][info][gc,heap        ] GC(536) PSYoungGen: 197280K(222720K)->85696K(222720K) Eden: 111616K(111616K)->0K(111616K) From: 85664K(111104K)->85696K(111104K)
[169.297s][info][gc,heap        ] GC(536) ParOldGen: 535633K(667648K)->535633K(667648K)
[169.297s][info][gc,metaspace   ] GC(536) Metaspace: 18271K(18432K)->18271K(18432K) NonClass: 16443K(16576K)->16443K(16576K) Class: 1828K(1856K)->1828K(1856K)
[169.297s][info][gc             ] GC(536) Pause Young (Allocation Failure) 715M->606M(869M) 77.031ms
[169.297s][info][gc,cpu         ] GC(536) User=0.16s Sys=0.00s Real=0.08s
[169.453s][info][gc,start       ] GC(537) Pause Young (Allocation Failure)
[169.530s][info][gc,heap        ] GC(537) PSYoungGen: 197312K(222720K)->85696K(222720K) Eden: 111616K(111616K)->0K(111616K) From: 85696K(111104K)->85696K(111104K)
[169.530s][info][gc,heap        ] GC(537) ParOldGen: 535633K(667648K)->535633K(667648K)
[169.530s][info][gc,metaspace   ] GC(537) Metaspace: 18271K(18432K)->18271K(18432K) NonClass: 16443K(16576K)->16443K(16576K) Class: 1828K(1856K)->1828K(1856K)
[169.530s][info][gc             ] GC(537) Pause Young (Allocation Failure) 715M->606M(869M) 77.447ms
[169.530s][info][gc,cpu         ] GC(537) User=0.15s Sys=0.00s Real=0.08s
[169.687s][info][gc,start       ] GC(538) Pause Young (Allocation Failure)
[169.764s][info][gc,heap        ] GC(538) PSYoungGen: 197312K(222720K)->85664K(222720K) Eden: 111616K(111616K)->0K(111616K) From: 85696K(111104K)->85664K(111104K)
[169.764s][info][gc,heap        ] GC(538) ParOldGen: 535633K(667648K)->535657K(667648K)
[169.764s][info][gc,metaspace   ] GC(538) Metaspace: 18271K(18432K)->18271K(18432K) NonClass: 16443K(16576K)->16443K(16576K) Class: 1828K(1856K)->1828K(1856K)
[169.764s][info][gc             ] GC(538) Pause Young (Allocation Failure) 715M->606M(869M) 77.358ms
[169.764s][info][gc,cpu         ] GC(538) User=0.15s Sys=0.00s Real=0.07s
[169.922s][info][gc,start       ] GC(539) Pause Young (Allocation Failure)
[169.999s][info][gc,heap        ] GC(539) PSYoungGen: 197280K(222720K)->71648K(222720K) Eden: 111616K(111616K)->0K(111616K) From: 85664K(111104K)->71648K(111104K)
[169.999s][info][gc,heap        ] GC(539) ParOldGen: 535657K(667648K)->549713K(667648K)
[169.999s][info][gc,metaspace   ] GC(539) Metaspace: 18271K(18432K)->18271K(18432K) NonClass: 16443K(16576K)->16443K(16576K) Class: 1828K(1856K)->1828K(1856K)
[169.999s][info][gc             ] GC(539) Pause Young (Allocation Failure) 715M->606M(869M) 77.000ms
[169.999s][info][gc,cpu         ] GC(539) User=0.15s Sys=0.00s Real=0.08s
[170.159s][info][gc,start       ] GC(540) Pause Young (Allocation Failure)
[170.222s][info][gc,heap        ] GC(540) PSYoungGen: 183264K(222720K)->14560K(222720K) Eden: 111616K(111616K)->0K(111616K) From: 71648K(111104K)->14560K(111104K)
[170.222s][info][gc,heap        ] GC(540) ParOldGen: 549713K(667648K)->607412K(667648K)
[170.222s][info][gc,metaspace   ] GC(540) Metaspace: 18271K(18432K)->18271K(18432K) NonClass: 16443K(16576K)->16443K(16576K) Class: 1828K(1856K)->1828K(1856K)
[170.222s][info][gc             ] GC(540) Pause Young (Allocation Failure) 715M->607M(869M) 63.001ms
[170.222s][info][gc,cpu         ] GC(540) User=0.12s Sys=0.00s Real=0.06s
[170.377s][info][gc,start       ] GC(541) Pause Young (Allocation Failure)
[170.403s][info][gc,heap        ] GC(541) PSYoungGen: 126176K(222720K)->64K(222720K) Eden: 111616K(111616K)->0K(111616K) From: 14560K(111104K)->64K(111104K)
[170.403s][info][gc,heap        ] GC(541) ParOldGen: 607412K(667648K)->621996K(667648K)
[170.403s][info][gc,metaspace   ] GC(541) Metaspace: 18271K(18432K)->18271K(18432K) NonClass: 16443K(16576K)->16443K(16576K) Class: 1828K(1856K)->1828K(1856K)
[170.403s][info][gc             ] GC(541) Pause Young (Allocation Failure) 716M->607M(869M) 26.015ms
[170.403s][info][gc,cpu         ] GC(541) User=0.05s Sys=0.00s Real=0.02s
[170.555s][info][gc,start       ] GC(542) Pause Full (Allocation Failure)
[170.555s][info][gc,phases,start] GC(542) Marking Phase
[170.742s][info][gc,phases      ] GC(542) Marking Phase 186.713ms
[170.742s][info][gc,phases,start] GC(542) Summary Phase
[170.742s][info][gc,phases      ] GC(542) Summary Phase 0.027ms
[170.742s][info][gc,phases,start] GC(542) Forward
[170.803s][info][gc,phases      ] GC(542) Forward 60.508ms
[170.803s][info][gc,phases,start] GC(542) Adjust Pointers
[170.967s][info][gc,phases      ] GC(542) Adjust Pointers 163.689ms
[170.967s][info][gc,phases,start] GC(542) Compaction Phase
[171.046s][info][gc,phases      ] GC(542) Compaction Phase 79.319ms
[171.056s][info][gc,phases,start] GC(542) Post Compact
[171.058s][info][gc,phases      ] GC(542) Post Compact 2.188ms
[171.065s][info][gc,heap        ] GC(542) PSYoungGen: 111680K(222720K)->0K(222720K) Eden: 111616K(111616K)->0K(111616K) From: 64K(111104K)->0K(111104K)
[171.065s][info][gc,heap        ] GC(542) ParOldGen: 621996K(667648K)->309285K(586752K)
[171.065s][info][gc,metaspace   ] GC(542) Metaspace: 18271K(18432K)->18271K(18432K) NonClass: 16443K(16576K)->16443K(16576K) Class: 1828K(1856K)->1828K(1856K)
[171.065s][info][gc             ] GC(542) Pause Full (Allocation Failure) 716M->302M(790M) 509.622ms
[171.065s][info][gc,cpu         ] GC(542) User=0.93s Sys=0.00s Real=0.51s
[171.174s][info][gc,start       ] GC(543) Pause Young (Allocation Failure)
[171.194s][info][gc,heap        ] GC(543) PSYoungGen: 111616K(222720K)->16192K(222720K) Eden: 111616K(111616K)->0K(111616K) From: 0K(111104K)->16192K(111104K)
[171.194s][info][gc,heap        ] GC(543) ParOldGen: 309285K(586752K)->309285K(586752K)
[171.194s][info][gc,metaspace   ] GC(543) Metaspace: 18271K(18432K)->18271K(18432K) NonClass: 16443K(16576K)->16443K(16576K) Class: 1828K(1856K)->1828K(1856K)
[171.194s][info][gc             ] GC(543) Pause Young (Allocation Failure) 411M->317M(790M) 19.942ms
[171.194s][info][gc,cpu         ] GC(543) User=0.04s Sys=0.00s Real=0.02s
[171.296s][info][gc,start       ] GC(544) Pause Young (Allocation Failure)
[171.325s][info][gc,heap        ] GC(544) PSYoungGen: 127808K(222720K)->26656K(222720K) Eden: 111616K(111616K)->0K(111616K) From: 16192K(111104K)->26656K(111104K)
[171.325s][info][gc,heap        ] GC(544) ParOldGen: 309285K(586752K)->309285K(586752K)
[171.325s][info][gc,metaspace   ] GC(544) Metaspace: 18271K(18432K)->18271K(18432K) NonClass: 16443K(16576K)->16443K(16576K) Class: 1828K(1856K)->1828K(1856K)
[171.325s][info][gc             ] GC(544) Pause Young (Allocation Failure) 426M->328M(790M) 28.975ms
[171.325s][info][gc,cpu         ] GC(544) User=0.06s Sys=0.00s Real=0.03s
[171.409s][info][gc,start       ] GC(545) Pause Young (Allocation Failure)
[171.439s][info][gc,heap        ] GC(545) PSYoungGen: 138272K(222720K)->28320K(222720K) Eden: 111616K(111616K)->0K(111616K) From: 26656K(111104K)->28320K(111104K)
[171.439s][info][gc,heap        ] GC(545) ParOldGen: 309285K(586752K)->309285K(586752K)
[171.439s][info][gc,metaspace   ] GC(545) Metaspace: 18271K(18432K)->18271K(18432K) NonClass: 16443K(16576K)->16443K(16576K) Class: 1828K(1856K)->1828K(1856K)
[171.439s][info][gc             ] GC(545) Pause Young (Allocation Failure) 437M->329M(790M) 30.222ms
[171.439s][info][gc,cpu         ] GC(545) User=0.06s Sys=0.00s Real=0.03s
[171.534s][info][gc,start       ] GC(546) Pause Young (Allocation Failure)
[171.570s][info][gc,heap        ] GC(546) PSYoungGen: 139936K(222720K)->15776K(222720K) Eden: 111616K(111616K)->0K(111616K) From: 28320K(111104K)->15776K(111104K)
[171.570s][info][gc,heap        ] GC(546) ParOldGen: 309285K(586752K)->325485K(586752K)
[171.570s][info][gc,metaspace   ] GC(546) Metaspace: 18271K(18432K)->18271K(18432K) NonClass: 16443K(16576K)->16443K(16576K) Class: 1828K(1856K)->1828K(1856K)
[171.570s][info][gc             ] GC(546) Pause Young (Allocation Failure) 438M->333M(790M) 36.634ms
[171.570s][info][gc,cpu         ] GC(546) User=0.07s Sys=0.01s Real=0.04s
[171.642s][info][gc,start       ] GC(547) Pause Young (Allocation Failure)
[171.686s][info][gc,heap        ] GC(547) PSYoungGen: 127392K(222720K)->24992K(222720K) Eden: 111616K(111616K)->0K(111616K) From: 15776K(111104K)->24992K(111104K)
[171.686s][info][gc,heap        ] GC(547) ParOldGen: 325485K(586752K)->337677K(586752K)
[171.686s][info][gc,metaspace   ] GC(547) Metaspace: 18271K(18432K)->18271K(18432K) NonClass: 16443K(16576K)->16443K(16576K) Class: 1828K(1856K)->1828K(1856K)
[171.686s][info][gc             ] GC(547) Pause Young (Allocation Failure) 442M->354M(790M) 43.539ms
[171.686s][info][gc,cpu         ] GC(547) User=0.08s Sys=0.00s Real=0.04s
[171.758s][info][gc,start       ] GC(548) Pause Young (Allocation Failure)
[171.796s][info][gc,heap        ] GC(548) PSYoungGen: 136608K(222720K)->8160K(222720K) Eden: 111616K(111616K)->0K(111616K) From: 24992K(111104K)->8160K(111104K)
[171.796s][info][gc,heap        ] GC(548) ParOldGen: 337677K(586752K)->362709K(586752K)
[171.796s][info][gc,metaspace   ] GC(548) Metaspace: 18271K(18432K)->18271K(18432K) NonClass: 16443K(16576K)->16443K(16576K) Class: 1828K(1856K)->1828K(1856K)
[171.796s][info][gc             ] GC(548) Pause Young (Allocation Failure) 463M->362M(790M) 38.570ms
[171.796s][info][gc,cpu         ] GC(548) User=0.08s Sys=0.00s Real=0.04s
[171.880s][info][gc,start       ] GC(549) Pause Young (Allocation Failure)
[171.913s][info][gc,heap        ] GC(549) PSYoungGen: 119776K(222720K)->20768K(220672K) Eden: 111616K(111616K)->0K(111616K) From: 8160K(111104K)->20768K(109056K)
[171.913s][info][gc,heap        ] GC(549) ParOldGen: 362709K(586752K)->370885K(586752K)
[171.913s][info][gc,metaspace   ] GC(549) Metaspace: 18271K(18432K)->18271K(18432K) NonClass: 16443K(16576K)->16443K(16576K) Class: 1828K(1856K)->1828K(1856K)
[171.913s][info][gc             ] GC(549) Pause Young (Allocation Failure) 471M->382M(788M) 33.576ms
[171.913s][info][gc,cpu         ] GC(549) User=0.06s Sys=0.00s Real=0.03s
[171.997s][info][gc,start       ] GC(550) Pause Young (Allocation Failure)
[172.041s][info][gc,heap        ] GC(550) PSYoungGen: 132384K(220672K)->38112K(150016K) Eden: 111616K(111616K)->0K(111616K) From: 20768K(109056K)->38112K(38400K)
[172.041s][info][gc,heap        ] GC(550) ParOldGen: 370885K(586752K)->370885K(586752K)
[172.041s][info][gc,metaspace   ] GC(550) Metaspace: 18271K(18432K)->18271K(18432K) NonClass: 16443K(16576K)->16443K(16576K) Class: 1828K(1856K)->1828K(1856K)
[172.041s][info][gc             ] GC(550) Pause Young (Allocation Failure) 491M->399M(719M) 43.658ms
[172.041s][info][gc,cpu         ] GC(550) User=0.08s Sys=0.00s Real=0.04s
[172.189s][info][gc,start       ] GC(551) Pause Young (Allocation Failure)
[172.256s][info][gc,heap        ] GC(551) PSYoungGen: 149728K(150016K)->35296K(219648K) Eden: 111616K(111616K)->0K(121344K) From: 38112K(38400K)->35296K(98304K)
[172.256s][info][gc,heap        ] GC(551) ParOldGen: 370885K(586752K)->391769K(586752K)
[172.256s][info][gc,metaspace   ] GC(551) Metaspace: 18271K(18432K)->18271K(18432K) NonClass: 16443K(16576K)->16443K(16576K) Class: 1828K(1856K)->1828K(1856K)
[172.256s][info][gc             ] GC(551) Pause Young (Allocation Failure) 508M->417M(787M) 67.147ms
[172.256s][info][gc,cpu         ] GC(551) User=0.13s Sys=0.00s Real=0.06s
[172.353s][info][gc,start       ] GC(552) Pause Young (Allocation Failure)
[172.398s][info][gc,heap        ] GC(552) PSYoungGen: 156640K(219648K)->24000K(218112K) Eden: 121344K(121344K)->0K(121344K) From: 35296K(98304K)->24000K(96768K)
[172.398s][info][gc,heap        ] GC(552) ParOldGen: 391769K(586752K)->409169K(586752K)
[172.398s][info][gc,metaspace   ] GC(552) Metaspace: 18272K(18432K)->18272K(18432K) NonClass: 16444K(16576K)->16444K(16576K) Class: 1828K(1856K)->1828K(1856K)
[172.398s][info][gc             ] GC(552) Pause Young (Allocation Failure) 535M->423M(786M) 44.957ms
[172.398s][info][gc,cpu         ] GC(552) User=0.09s Sys=0.00s Real=0.05s
[172.514s][info][gc,start       ] GC(553) Pause Young (Allocation Failure)
[172.546s][info][gc,heap        ] GC(553) PSYoungGen: 145344K(218112K)->7872K(223232K) Eden: 121344K(121344K)->0K(133120K) From: 24000K(96768K)->7872K(90112K)
[172.546s][info][gc,heap        ] GC(553) ParOldGen: 409169K(586752K)->427129K(586752K)
[172.546s][info][gc,metaspace   ] GC(553) Metaspace: 18272K(18432K)->18272K(18432K) NonClass: 16444K(16576K)->16444K(16576K) Class: 1828K(1856K)->1828K(1856K)
[172.546s][info][gc             ] GC(553) Pause Young (Allocation Failure) 541M->424M(791M) 32.387ms
[172.546s][info][gc,cpu         ] GC(553) User=0.06s Sys=0.00s Real=0.03s
[172.690s][info][gc,start       ] GC(554) Pause Young (Allocation Failure)
[172.708s][info][gc,heap        ] GC(554) PSYoungGen: 140992K(223232K)->9312K(224768K) Eden: 133120K(133120K)->0K(133120K) From: 7872K(90112K)->9312K(91648K)
[172.708s][info][gc,heap        ] GC(554) ParOldGen: 427129K(586752K)->427129K(586752K)
[172.708s][info][gc,metaspace   ] GC(554) Metaspace: 18272K(18432K)->18272K(18432K) NonClass: 16444K(16576K)->16444K(16576K) Class: 1828K(1856K)->1828K(1856K)
[172.708s][info][gc             ] GC(554) Pause Young (Allocation Failure) 554M->426M(792M) 18.004ms
[172.708s][info][gc,cpu         ] GC(554) User=0.04s Sys=0.00s Real=0.02s
[172.836s][info][gc,start       ] GC(555) Pause Young (Allocation Failure)
[172.855s][info][gc,heap        ] GC(555) PSYoungGen: 142432K(224768K)->10240K(226304K) Eden: 133120K(133120K)->0K(143872K) From: 9312K(91648K)->10240K(82432K)
[172.856s][info][gc,heap        ] GC(555) ParOldGen: 427129K(586752K)->427129K(586752K)
[172.856s][info][gc,metaspace   ] GC(555) Metaspace: 18273K(18432K)->18273K(18432K) NonClass: 16445K(16576K)->16445K(16576K) Class: 1828K(1856K)->1828K(1856K)
[172.856s][info][gc             ] GC(555) Pause Young (Allocation Failure) 556M->427M(794M) 19.301ms
[172.856s][info][gc,cpu         ] GC(555) User=0.04s Sys=0.00s Real=0.02s
[172.992s][info][gc,start       ] GC(556) Pause Young (Allocation Failure)
[173.009s][info][gc,heap        ] GC(556) PSYoungGen: 154112K(226304K)->12832K(230400K) Eden: 143872K(143872K)->0K(143872K) From: 10240K(82432K)->12832K(86528K)
[173.009s][info][gc,heap        ] GC(556) ParOldGen: 427129K(586752K)->427129K(586752K)
[173.009s][info][gc,metaspace   ] GC(556) Metaspace: 18273K(18432K)->18273K(18432K) NonClass: 16445K(16576K)->16445K(16576K) Class: 1828K(1856K)->1828K(1856K)
[173.009s][info][gc             ] GC(556) Pause Young (Allocation Failure) 567M->429M(798M) 17.375ms
[173.009s][info][gc,cpu         ] GC(556) User=0.04s Sys=0.00s Real=0.02s
[173.201s][info][gc,start       ] GC(557) Pause Young (Allocation Failure)
[173.219s][info][gc,heap        ] GC(557) PSYoungGen: 156704K(230400K)->13056K(229376K) Eden: 143872K(143872K)->0K(154112K) From: 12832K(86528K)->13056K(75264K)
[173.219s][info][gc,heap        ] GC(557) ParOldGen: 427129K(586752K)->427129K(586752K)
[173.219s][info][gc,metaspace   ] GC(557) Metaspace: 18273K(18432K)->18273K(18432K) NonClass: 16445K(16576K)->16445K(16576K) Class: 1828K(1856K)->1828K(1856K)
[173.219s][info][gc             ] GC(557) Pause Young (Allocation Failure) 570M->429M(797M) 17.511ms
[173.219s][info][gc,cpu         ] GC(557) User=0.03s Sys=0.00s Real=0.02s
[173.412s][info][gc,start       ] GC(558) Pause Young (Allocation Failure)
[173.462s][info][gc,heap        ] GC(558) PSYoungGen: 167168K(229376K)->46704K(233984K) Eden: 154112K(154112K)->0K(154112K) From: 13056K(75264K)->46704K(79872K)
[173.462s][info][gc,heap        ] GC(558) ParOldGen: 427129K(586752K)->427129K(586752K)
[173.462s][info][gc,metaspace   ] GC(558) Metaspace: 18275K(18432K)->18275K(18432K) NonClass: 16447K(16576K)->16447K(16576K) Class: 1828K(1856K)->1828K(1856K)
[173.462s][info][gc             ] GC(558) Pause Young (Allocation Failure) 580M->462M(801M) 50.694ms
[173.462s][info][gc,cpu         ] GC(558) User=0.10s Sys=0.00s Real=0.05s
[173.577s][info][gc,start       ] GC(559) Pause Young (Allocation Failure)
[173.685s][info][gc,heap        ] GC(559) PSYoungGen: 200816K(233984K)->82400K(199168K) Eden: 154112K(154112K)->0K(116736K) From: 46704K(79872K)->82400K(82432K)
[173.685s][info][gc,heap        ] GC(559) ParOldGen: 427129K(586752K)->457089K(586752K)
[173.685s][info][gc,metaspace   ] GC(559) Metaspace: 18286K(18432K)->18286K(18432K) NonClass: 16458K(16576K)->16458K(16576K) Class: 1828K(1856K)->1828K(1856K)
[173.685s][info][gc             ] GC(559) Pause Young (Allocation Failure) 613M->526M(767M) 107.503ms
[173.685s][info][gc,cpu         ] GC(559) User=0.20s Sys=0.01s Real=0.10s
[173.827s][info][gc,start       ] GC(560) Pause Young (Allocation Failure)
[173.920s][info][gc,heap        ] GC(560) PSYoungGen: 199136K(199168K)->81000K(198144K) Eden: 116736K(116736K)->0K(116736K) From: 82400K(82432K)->81000K(81408K)
[173.920s][info][gc,heap        ] GC(560) ParOldGen: 457089K(586752K)->464905K(586752K)
[173.920s][info][gc,metaspace   ] GC(560) Metaspace: 18286K(18432K)->18286K(18432K) NonClass: 16458K(16576K)->16458K(16576K) Class: 1828K(1856K)->1828K(1856K)
[173.920s][info][gc             ] GC(560) Pause Young (Allocation Failure) 640M->533M(766M) 92.714ms
[173.920s][info][gc,cpu         ] GC(560) User=0.19s Sys=0.00s Real=0.09s
[174.005s][info][gc,start       ] GC(561) Pause Young (Allocation Failure)
[174.093s][info][gc,heap        ] GC(561) PSYoungGen: 197736K(198144K)->82768K(222720K) Eden: 116736K(116736K)->0K(111616K) From: 81000K(81408K)->82768K(111104K)
[174.093s][info][gc,heap        ] GC(561) ParOldGen: 464905K(586752K)->467343K(586752K)
[174.093s][info][gc,metaspace   ] GC(561) Metaspace: 18286K(18432K)->18286K(18432K) NonClass: 16458K(16576K)->16458K(16576K) Class: 1828K(1856K)->1828K(1856K)
[174.093s][info][gc             ] GC(561) Pause Young (Allocation Failure) 647M->537M(790M) 88.033ms
[174.093s][info][gc,cpu         ] GC(561) User=0.18s Sys=0.00s Real=0.09s
[174.248s][info][gc,start       ] GC(562) Pause Young (Allocation Failure)
[174.332s][info][gc,heap        ] GC(562) PSYoungGen: 194384K(222720K)->80088K(222720K) Eden: 111616K(111616K)->0K(111616K) From: 82768K(111104K)->80088K(111104K)
[174.332s][info][gc,heap        ] GC(562) ParOldGen: 467343K(586752K)->470159K(586752K)
[174.332s][info][gc,metaspace   ] GC(562) Metaspace: 18286K(18432K)->18286K(18432K) NonClass: 16458K(16576K)->16458K(16576K) Class: 1828K(1856K)->1828K(1856K)
[174.333s][info][gc             ] GC(562) Pause Young (Allocation Failure) 646M->537M(790M) 84.424ms
[174.333s][info][gc,cpu         ] GC(562) User=0.16s Sys=0.01s Real=0.08s
[174.482s][info][gc,start       ] GC(563) Pause Young (Allocation Failure)
[174.566s][info][gc,heap        ] GC(563) PSYoungGen: 191704K(222720K)->10976K(222720K) Eden: 111616K(111616K)->0K(111616K) From: 80088K(111104K)->10976K(111104K)
[174.566s][info][gc,heap        ] GC(563) ParOldGen: 470159K(586752K)->540027K(586752K)
[174.567s][info][gc,metaspace   ] GC(563) Metaspace: 18286K(18432K)->18286K(18432K) NonClass: 16458K(16576K)->16458K(16576K) Class: 1828K(1856K)->1828K(1856K)
[174.567s][info][gc             ] GC(563) Pause Young (Allocation Failure) 646M->538M(790M) 84.056ms
[174.567s][info][gc,cpu         ] GC(563) User=0.17s Sys=0.00s Real=0.09s
[174.812s][info][gc,start       ] GC(564) Pause Young (Allocation Failure)
[174.830s][info][gc,heap        ] GC(564) PSYoungGen: 122592K(222720K)->896K(222720K) Eden: 111616K(111616K)->0K(111616K) From: 10976K(111104K)->896K(111104K)
[174.830s][info][gc,heap        ] GC(564) ParOldGen: 540027K(586752K)->550583K(586752K)
[174.830s][info][gc,metaspace   ] GC(564) Metaspace: 18286K(18432K)->18286K(18432K) NonClass: 16458K(16576K)->16458K(16576K) Class: 1828K(1856K)->1828K(1856K)
[174.830s][info][gc             ] GC(564) Pause Young (Allocation Failure) 647M->538M(790M) 18.552ms
[174.830s][info][gc,cpu         ] GC(564) User=0.04s Sys=0.00s Real=0.02s
[174.959s][info][gc,start       ] GC(565) Pause Young (Allocation Failure)
[174.965s][info][gc,heap        ] GC(565) PSYoungGen: 112512K(222720K)->1696K(222720K) Eden: 111616K(111616K)->0K(111616K) From: 896K(111104K)->1696K(111104K)
[174.965s][info][gc,heap        ] GC(565) ParOldGen: 550583K(586752K)->551015K(586752K)
[174.965s][info][gc,metaspace   ] GC(565) Metaspace: 18287K(18432K)->18287K(18432K) NonClass: 16458K(16576K)->16458K(16576K) Class: 1828K(1856K)->1828K(1856K)
[174.965s][info][gc             ] GC(565) Pause Young (Allocation Failure) 647M->539M(790M) 6.324ms
[174.965s][info][gc,cpu         ] GC(565) User=0.01s Sys=0.00s Real=0.00s
[175.053s][info][gc,start       ] GC(566) Pause Young (Allocation Failure)
[175.059s][info][gc,heap        ] GC(566) PSYoungGen: 113312K(222720K)->768K(222720K) Eden: 111616K(111616K)->0K(111616K) From: 1696K(111104K)->768K(111104K)
[175.059s][info][gc,heap        ] GC(566) ParOldGen: 551015K(586752K)->552671K(586752K)
[175.059s][info][gc,metaspace   ] GC(566) Metaspace: 18287K(18432K)->18287K(18432K) NonClass: 16458K(16576K)->16458K(16576K) Class: 1828K(1856K)->1828K(1856K)
[175.060s][info][gc             ] GC(566) Pause Young (Allocation Failure) 648M->540M(790M) 6.859ms
[175.060s][info][gc,cpu         ] GC(566) User=0.01s Sys=0.00s Real=0.01s
[175.244s][info][gc,start       ] GC(567) Pause Young (Allocation Failure)
[175.259s][info][gc,heap        ] GC(567) PSYoungGen: 112384K(222720K)->1697K(222720K) Eden: 111616K(111616K)->0K(111616K) From: 768K(111104K)->1697K(111104K)
[175.259s][info][gc,heap        ] GC(567) ParOldGen: 552671K(586752K)->553423K(586752K)
[175.259s][info][gc,metaspace   ] GC(567) Metaspace: 18294K(18432K)->18294K(18432K) NonClass: 16465K(16576K)->16465K(16576K) Class: 1828K(1856K)->1828K(1856K)
[175.259s][info][gc             ] GC(567) Pause Young (Allocation Failure) 649M->542M(790M) 15.026ms
[175.259s][info][gc,cpu         ] GC(567) User=0.03s Sys=0.00s Real=0.02s
[175.509s][info][gc,start       ] GC(568) Pause Young (Allocation Failure)
[175.546s][info][gc,heap        ] GC(568) PSYoungGen: 113313K(222720K)->21257K(222720K) Eden: 111616K(111616K)->0K(111616K) From: 1697K(111104K)->21257K(111104K)
[175.546s][info][gc,heap        ] GC(568) ParOldGen: 553423K(586752K)->555071K(586752K)
[175.546s][info][gc,metaspace   ] GC(568) Metaspace: 18294K(18432K)->18294K(18432K) NonClass: 16465K(16576K)->16465K(16576K) Class: 1828K(1856K)->1828K(1856K)
[175.546s][info][gc             ] GC(568) Pause Young (Allocation Failure) 651M->562M(790M) 36.877ms
[175.546s][info][gc,cpu         ] GC(568) User=0.07s Sys=0.00s Real=0.03s
[175.680s][info][gc,start       ] GC(569) Pause Young (Allocation Failure)
[175.731s][info][gc,heap        ] GC(569) PSYoungGen: 132873K(222720K)->20096K(210432K) Eden: 111616K(111616K)->0K(111616K) From: 21257K(111104K)->20096K(98816K)
[175.731s][info][gc,heap        ] GC(569) ParOldGen: 555071K(586752K)->576361K(586752K)
[175.731s][info][gc,metaspace   ] GC(569) Metaspace: 18294K(18432K)->18294K(18432K) NonClass: 16465K(16576K)->16465K(16576K) Class: 1828K(1856K)->1828K(1856K)
[175.731s][info][gc             ] GC(569) Pause Young (Allocation Failure) 671M->582M(778M) 50.733ms
[175.731s][info][gc,cpu         ] GC(569) User=0.10s Sys=0.00s Real=0.05s
[175.880s][info][gc,start       ] GC(570) Pause Young (Allocation Failure)
[175.916s][info][gc,heap        ] GC(570) PSYoungGen: 131712K(210432K)->32416K(216576K) Eden: 111616K(111616K)->0K(111616K) From: 20096K(98816K)->32416K(104960K)
[175.916s][info][gc,heap        ] GC(570) ParOldGen: 576361K(586752K)->576369K(586752K)
[175.916s][info][gc,metaspace   ] GC(570) Metaspace: 18303K(18432K)->18303K(18432K) NonClass: 16475K(16576K)->16475K(16576K) Class: 1828K(1856K)->1828K(1856K)
[175.916s][info][gc             ] GC(570) Pause Young (Allocation Failure) 691M->594M(784M) 36.058ms
[175.916s][info][gc,cpu         ] GC(570) User=0.08s Sys=0.00s Real=0.03s
[176.005s][info][gc,start       ] GC(571) Pause Young (Allocation Failure)
[176.042s][info][gc,heap        ] GC(571) PSYoungGen: 144032K(216576K)->33024K(209920K) Eden: 111616K(111616K)->0K(120832K) From: 32416K(104960K)->33024K(89088K)
[176.042s][info][gc,heap        ] GC(571) ParOldGen: 576369K(586752K)->576369K(586752K)
[176.042s][info][gc,metaspace   ] GC(571) Metaspace: 18306K(18496K)->18306K(18496K) NonClass: 16478K(16640K)->16478K(16640K) Class: 1828K(1856K)->1828K(1856K)
[176.042s][info][gc             ] GC(571) Pause Young (Allocation Failure) 703M->595M(778M) 37.274ms
[176.042s][info][gc,cpu         ] GC(571) User=0.07s Sys=0.00s Real=0.04s
[176.185s][info][gc,start       ] GC(572) Pause Young (Allocation Failure)
[176.225s][info][gc,heap        ] GC(572) PSYoungGen: 153856K(209920K)->35264K(214528K) Eden: 120832K(120832K)->0K(120832K) From: 33024K(89088K)->35264K(93696K)
[176.225s][info][gc,heap        ] GC(572) ParOldGen: 576369K(586752K)->576369K(586752K)
[176.225s][info][gc,metaspace   ] GC(572) Metaspace: 18306K(18496K)->18306K(18496K) NonClass: 16478K(16640K)->16478K(16640K) Class: 1828K(1856K)->1828K(1856K)
[176.225s][info][gc             ] GC(572) Pause Young (Allocation Failure) 713M->597M(782M) 39.570ms
[176.225s][info][gc,cpu         ] GC(572) User=0.07s Sys=0.00s Real=0.04s
[176.370s][info][gc,start       ] GC(573) Pause Young (Allocation Failure)
[176.413s][info][gc,heap        ] GC(573) PSYoungGen: 156096K(214528K)->38176K(214528K) Eden: 120832K(120832K)->0K(131072K) From: 35264K(93696K)->38176K(83456K)
[176.413s][info][gc,heap        ] GC(573) ParOldGen: 576369K(586752K)->576369K(586752K)
[176.413s][info][gc,metaspace   ] GC(573) Metaspace: 18312K(18496K)->18312K(18496K) NonClass: 16483K(16640K)->16483K(16640K) Class: 1828K(1856K)->1828K(1856K)
[176.413s][info][gc             ] GC(573) Pause Young (Allocation Failure) 715M->600M(782M) 43.086ms
[176.413s][info][gc,cpu         ] GC(573) User=0.09s Sys=0.00s Real=0.04s
[176.503s][info][gc,start       ] GC(574) Pause Young (Allocation Failure)
[176.547s][info][gc,heap        ] GC(574) PSYoungGen: 169248K(214528K)->38176K(217600K) Eden: 131072K(131072K)->0K(131072K) From: 38176K(83456K)->38176K(86528K)
[176.547s][info][gc,heap        ] GC(574) ParOldGen: 576369K(586752K)->576369K(586752K)
[176.547s][info][gc,metaspace   ] GC(574) Metaspace: 18312K(18496K)->18312K(18496K) NonClass: 16483K(16640K)->16483K(16640K) Class: 1828K(1856K)->1828K(1856K)
[176.547s][info][gc             ] GC(574) Pause Young (Allocation Failure) 728M->600M(785M) 43.856ms
[176.547s][info][gc,cpu         ] GC(574) User=0.09s Sys=0.00s Real=0.05s
[176.631s][info][gc,start       ] GC(575) Pause Young (Allocation Failure)
[176.673s][info][gc,heap        ] GC(575) PSYoungGen: 169248K(217600K)->38240K(222720K) Eden: 131072K(131072K)->0K(143360K) From: 38176K(86528K)->38240K(79360K)
[176.673s][info][gc,heap        ] GC(575) ParOldGen: 576369K(586752K)->576369K(586752K)
[176.673s][info][gc,metaspace   ] GC(575) Metaspace: 18312K(18496K)->18312K(18496K) NonClass: 16483K(16640K)->16483K(16640K) Class: 1828K(1856K)->1828K(1856K)
[176.673s][info][gc             ] GC(575) Pause Young (Allocation Failure) 728M->600M(790M) 42.306ms
[176.673s][info][gc,cpu         ] GC(575) User=0.08s Sys=0.00s Real=0.04s
[176.912s][info][gc,start       ] GC(576) Pause Young (Allocation Failure)
[176.962s][info][gc,heap        ] GC(576) PSYoungGen: 181600K(222720K)->46144K(224768K) Eden: 143360K(143360K)->0K(143360K) From: 38240K(79360K)->46144K(81408K)
[176.962s][info][gc,heap        ] GC(576) ParOldGen: 576369K(586752K)->576369K(586752K)
[176.962s][info][gc,metaspace   ] GC(576) Metaspace: 18314K(18496K)->18314K(18496K) NonClass: 16485K(16640K)->16485K(16640K) Class: 1828K(1856K)->1828K(1856K)
[176.962s][info][gc             ] GC(576) Pause Young (Allocation Failure) 740M->607M(792M) 50.297ms
[176.962s][info][gc,cpu         ] GC(576) User=0.10s Sys=0.00s Real=0.05s
[177.238s][info][gc,start       ] GC(577) Pause Young (Allocation Failure)
[177.289s][info][gc,heap        ] GC(577) PSYoungGen: 189504K(224768K)->46320K(236032K) Eden: 143360K(143360K)->0K(155136K) From: 46144K(81408K)->46320K(80896K)
[177.289s][info][gc,heap        ] GC(577) ParOldGen: 576369K(586752K)->576369K(586752K)
[177.289s][info][gc,metaspace   ] GC(577) Metaspace: 18316K(18496K)->18316K(18496K) NonClass: 16487K(16640K)->16487K(16640K) Class: 1828K(1856K)->1828K(1856K)
[177.289s][info][gc             ] GC(577) Pause Young (Allocation Failure) 747M->608M(803M) 51.100ms
[177.289s][info][gc,cpu         ] GC(577) User=0.10s Sys=0.00s Real=0.05s
[177.604s][info][gc,start       ] GC(578) Pause Young (Allocation Failure)
[177.678s][info][gc,heap        ] GC(578) PSYoungGen: 201456K(236032K)->69248K(237056K) Eden: 155136K(155136K)->0K(155136K) From: 46320K(80896K)->69248K(81920K)
[177.678s][info][gc,heap        ] GC(578) ParOldGen: 576369K(586752K)->576369K(586752K)
[177.678s][info][gc,metaspace   ] GC(578) Metaspace: 18319K(18496K)->18319K(18496K) NonClass: 16491K(16640K)->16491K(16640K) Class: 1828K(1856K)->1828K(1856K)
[177.678s][info][gc             ] GC(578) Pause Young (Allocation Failure) 759M->630M(804M) 74.233ms
[177.678s][info][gc,cpu         ] GC(578) User=0.15s Sys=0.00s Real=0.08s
[177.874s][info][gc,start       ] GC(579) Pause Young (Allocation Failure)
[177.954s][info][gc,heap        ] GC(579) PSYoungGen: 224384K(237056K)->69280K(231424K) Eden: 155136K(155136K)->0K(141312K) From: 69248K(81920K)->69280K(90112K)
[177.954s][info][gc,heap        ] GC(579) ParOldGen: 576369K(586752K)->576369K(586752K)
[177.954s][info][gc,metaspace   ] GC(579) Metaspace: 18321K(18496K)->18321K(18496K) NonClass: 16493K(16640K)->16493K(16640K) Class: 1828K(1856K)->1828K(1856K)
[177.954s][info][gc             ] GC(579) Pause Young (Allocation Failure) 781M->630M(799M) 80.113ms
[177.954s][info][gc,cpu         ] GC(579) User=0.16s Sys=0.01s Real=0.08s
[178.193s][info][gc,start       ] GC(580) Pause Young (Allocation Failure)
[178.269s][info][gc,heap        ] GC(580) PSYoungGen: 210592K(231424K)->69280K(210944K) Eden: 141312K(141312K)->0K(141312K) From: 69280K(90112K)->69280K(69632K)
[178.269s][info][gc,heap        ] GC(580) ParOldGen: 576369K(586752K)->576369K(586752K)
[178.269s][info][gc,metaspace   ] GC(580) Metaspace: 18321K(18496K)->18321K(18496K) NonClass: 16493K(16640K)->16493K(16640K) Class: 1828K(1856K)->1828K(1856K)
[178.269s][info][gc             ] GC(580) Pause Young (Allocation Failure) 768M->630M(779M) 75.687ms
[178.269s][info][gc,cpu         ] GC(580) User=0.15s Sys=0.00s Real=0.08s
[179.638s][info][gc,start       ] GC(581) Pause Young (Allocation Failure)
[179.713s][info][gc,heap        ] GC(581) PSYoungGen: 210592K(210944K)->69773K(225280K) Eden: 141312K(141312K)->0K(123904K) From: 69280K(69632K)->69773K(101376K)
[179.713s][info][gc,heap        ] GC(581) ParOldGen: 576369K(586752K)->576369K(586752K)
[179.713s][info][gc,metaspace   ] GC(581) Metaspace: 18322K(18496K)->18322K(18496K) NonClass: 16494K(16640K)->16494K(16640K) Class: 1828K(1856K)->1828K(1856K)
[179.713s][info][gc             ] GC(581) Pause Young (Allocation Failure) 768M->630M(793M) 74.479ms
[179.713s][info][gc,cpu         ] GC(581) User=0.15s Sys=0.00s Real=0.07s
[180.356s][info][gc,start       ] GC(582) Pause Young (Allocation Failure)
[180.433s][info][gc,heap        ] GC(582) PSYoungGen: 193677K(225280K)->70269K(194560K) Eden: 123904K(123904K)->0K(123904K) From: 69773K(101376K)->70269K(70656K)
[180.433s][info][gc,heap        ] GC(582) ParOldGen: 576369K(586752K)->576369K(586752K)
[180.433s][info][gc,metaspace   ] GC(582) Metaspace: 18322K(18496K)->18322K(18496K) NonClass: 16494K(16640K)->16494K(16640K) Class: 1828K(1856K)->1828K(1856K)
[180.433s][info][gc             ] GC(582) Pause Young (Allocation Failure) 751M->631M(763M) 77.277ms
[180.433s][info][gc,cpu         ] GC(582) User=0.15s Sys=0.00s Real=0.08s
[181.357s][info][gc,start       ] GC(583) Pause Young (Allocation Failure)
[181.434s][info][gc,heap        ] GC(583) PSYoungGen: 194173K(194560K)->71661K(220672K) Eden: 123904K(123904K)->0K(112640K) From: 70269K(70656K)->71661K(108032K)
[181.434s][info][gc,heap        ] GC(583) ParOldGen: 576369K(586752K)->576369K(586752K)
[181.434s][info][gc,metaspace   ] GC(583) Metaspace: 18343K(18496K)->18343K(18496K) NonClass: 16515K(16640K)->16515K(16640K) Class: 1828K(1856K)->1828K(1856K)
[181.434s][info][gc             ] GC(583) Pause Young (Allocation Failure) 752M->632M(788M) 77.542ms
[181.434s][info][gc,cpu         ] GC(583) User=0.15s Sys=0.00s Real=0.07s
[181.741s][info][gc,start       ] GC(584) Pause Young (Allocation Failure)
[181.829s][info][gc,heap        ] GC(584) PSYoungGen: 184238K(220672K)->51799K(164864K) Eden: 112577K(112640K)->0K(112640K) From: 71661K(108032K)->51799K(52224K)
[181.829s][info][gc,heap        ] GC(584) ParOldGen: 576369K(586752K)->596513K(596992K)
[181.829s][info][gc,metaspace   ] GC(584) Metaspace: 18365K(18496K)->18365K(18496K) NonClass: 16537K(16640K)->16537K(16640K) Class: 1828K(1856K)->1828K(1856K)
[181.829s][info][gc             ] GC(584) Pause Young (Allocation Failure) 742M->633M(744M) 87.641ms
[181.829s][info][gc,cpu         ] GC(584) User=0.16s Sys=0.01s Real=0.09s
[182.150s][info][gc,start       ] GC(585) Pause Young (Allocation Failure)
[182.214s][info][gc,heap        ] GC(585) PSYoungGen: 164439K(164864K)->39696K(222208K) Eden: 112640K(112640K)->0K(118784K) From: 51799K(52224K)->39696K(103424K)
[182.214s][info][gc,heap        ] GC(585) ParOldGen: 596513K(596992K)->608745K(608768K)
[182.214s][info][gc,metaspace   ] GC(585) Metaspace: 18436K(18560K)->18436K(18560K) NonClass: 16608K(16704K)->16608K(16704K) Class: 1828K(1856K)->1828K(1856K)
[182.214s][info][gc             ] GC(585) Pause Young (Allocation Failure) 743M->633M(811M) 63.973ms
[182.214s][info][gc,cpu         ] GC(585) User=0.12s Sys=0.01s Real=0.06s
[182.528s][info][gc,start       ] GC(586) Pause Young (Allocation Failure)
[182.573s][info][gc,heap        ] GC(586) PSYoungGen: 158480K(222208K)->39181K(220160K) Eden: 118784K(118784K)->0K(118784K) From: 39696K(103424K)->39181K(101376K)
[182.573s][info][gc,heap        ] GC(586) ParOldGen: 608745K(608768K)->609457K(609792K)
[182.573s][info][gc,metaspace   ] GC(586) Metaspace: 18441K(18560K)->18441K(18560K) NonClass: 16613K(16704K)->16613K(16704K) Class: 1828K(1856K)->1828K(1856K)
[182.573s][info][gc             ] GC(586) Pause Young (Allocation Failure) 749M->633M(810M) 45.050ms
[182.573s][info][gc,cpu         ] GC(586) User=0.09s Sys=0.00s Real=0.04s
[182.708s][info][gc,start       ] GC(587) Pause Young (Allocation Failure)
[182.792s][info][gc,heap        ] GC(587) PSYoungGen: 157965K(220160K)->81325K(218112K) Eden: 118784K(118784K)->0K(119808K) From: 39181K(101376K)->81325K(98304K)
[182.792s][info][gc,heap        ] GC(587) ParOldGen: 609457K(609792K)->611737K(611840K)
[182.792s][info][gc,metaspace   ] GC(587) Metaspace: 18454K(18560K)->18454K(18560K) NonClass: 16625K(16704K)->16625K(16704K) Class: 1828K(1856K)->1828K(1856K)
[182.793s][info][gc             ] GC(587) Pause Young (Allocation Failure) 749M->676M(810M) 84.584ms
[182.793s][info][gc,cpu         ] GC(587) User=0.17s Sys=0.00s Real=0.08s
[182.916s][info][gc,start       ] GC(588) Pause Young (Allocation Failure)
[183.023s][info][gc,heap        ] GC(588) PSYoungGen: 201133K(218112K)->105469K(225280K) Eden: 119808K(119808K)->0K(119808K) From: 81325K(98304K)->105469K(105472K)
[183.023s][info][gc,heap        ] GC(588) ParOldGen: 611737K(611840K)->621625K(622080K)
[183.023s][info][gc,metaspace   ] GC(588) Metaspace: 18454K(18560K)->18454K(18560K) NonClass: 16625K(16704K)->16625K(16704K) Class: 1828K(1856K)->1828K(1856K)
[183.023s][info][gc             ] GC(588) Pause Young (Allocation Failure) 793M->710M(827M) 106.196ms
[183.023s][info][gc,cpu         ] GC(588) User=0.20s Sys=0.00s Real=0.10s
[183.169s][info][gc,start       ] GC(589) Pause Young (Allocation Failure)
[183.341s][info][gc,promotion   ] GC(589) Promotion failed
[183.341s][info][gc,heap        ] GC(589) PSYoungGen: 225277K(225280K)->225277K(225280K) Eden: 119808K(119808K)->119808K(119808K) From: 105469K(105472K)->105469K(105472K)
[183.341s][info][gc,heap        ] GC(589) ParOldGen: 621625K(622080K)->667641K(667648K)
[183.341s][info][gc,metaspace   ] GC(589) Metaspace: 18454K(18560K)->18454K(18560K) NonClass: 16625K(16704K)->16625K(16704K) Class: 1828K(1856K)->1828K(1856K)
[183.341s][info][gc             ] GC(589) Pause Young (Allocation Failure) 827M->871M(872M) 172.264ms
[183.341s][info][gc,cpu         ] GC(589) User=0.28s Sys=0.06s Real=0.17s
[183.341s][info][gc,start       ] GC(590) Pause Full (Allocation Failure)
[183.341s][info][gc,phases,start] GC(590) Marking Phase
[183.438s][info][gc,phases      ] GC(590) Marking Phase 97.034ms
[183.438s][info][gc,phases,start] GC(590) Summary Phase
[183.438s][info][gc,phases      ] GC(590) Summary Phase 0.031ms
[183.438s][info][gc,phases,start] GC(590) Forward
[183.474s][info][gc,phases      ] GC(590) Forward 35.156ms
[183.474s][info][gc,phases,start] GC(590) Adjust Pointers
[183.538s][info][gc,phases      ] GC(590) Adjust Pointers 63.894ms
[183.538s][info][gc,phases,start] GC(590) Compaction Phase
[183.582s][info][gc,phases      ] GC(590) Compaction Phase 44.461ms
[183.583s][info][gc,phases,start] GC(590) Post Compact
[183.585s][info][gc,phases      ] GC(590) Post Compact 2.846ms
[183.606s][info][gc,heap        ] GC(590) PSYoungGen: 225277K(225280K)->0K(220160K) Eden: 119808K(119808K)->0K(111616K) From: 105469K(105472K)->0K(108544K)
[183.606s][info][gc,heap        ] GC(590) ParOldGen: 667641K(667648K)->170941K(432128K)
[183.606s][info][gc,metaspace   ] GC(590) Metaspace: 18454K(18560K)->18454K(18560K) NonClass: 16625K(16704K)->16625K(16704K) Class: 1828K(1856K)->1828K(1856K)
[183.606s][info][gc             ] GC(590) Pause Full (Allocation Failure) 871M->166M(637M) 265.015ms
[183.606s][info][gc,cpu         ] GC(590) User=0.44s Sys=0.02s Real=0.26s
[183.745s][info][gc,start       ] GC(591) Pause Young (Allocation Failure)
[183.783s][info][gc,heap        ] GC(591) PSYoungGen: 111616K(220160K)->44576K(222720K) Eden: 111616K(111616K)->0K(111616K) From: 0K(108544K)->44576K(111104K)
[183.783s][info][gc,heap        ] GC(591) ParOldGen: 170941K(432128K)->170941K(432128K)
[183.783s][info][gc,metaspace   ] GC(591) Metaspace: 18454K(18560K)->18454K(18560K) NonClass: 16626K(16704K)->16626K(16704K) Class: 1828K(1856K)->1828K(1856K)
[183.783s][info][gc             ] GC(591) Pause Young (Allocation Failure) 275M->210M(639M) 37.821ms
[183.783s][info][gc,cpu         ] GC(591) User=0.08s Sys=0.00s Real=0.04s
[183.933s][info][gc,start       ] GC(592) Pause Young (Allocation Failure)
[183.992s][info][gc,heap        ] GC(592) PSYoungGen: 156192K(222720K)->62087K(222720K) Eden: 111616K(111616K)->0K(111616K) From: 44576K(111104K)->62087K(111104K)
[183.992s][info][gc,heap        ] GC(592) ParOldGen: 170941K(432128K)->170941K(432128K)
[183.992s][info][gc,metaspace   ] GC(592) Metaspace: 18454K(18560K)->18454K(18560K) NonClass: 16626K(16704K)->16626K(16704K) Class: 1828K(1856K)->1828K(1856K)
[183.992s][info][gc             ] GC(592) Pause Young (Allocation Failure) 319M->227M(639M) 59.975ms
[183.992s][info][gc,cpu         ] GC(592) User=0.12s Sys=0.00s Real=0.06s
[184.129s][info][gc,start       ] GC(593) Pause Young (Allocation Failure)
[184.199s][info][gc,heap        ] GC(593) PSYoungGen: 173703K(222720K)->64615K(222720K) Eden: 111616K(111616K)->0K(111616K) From: 62087K(111104K)->64615K(111104K)
[184.199s][info][gc,heap        ] GC(593) ParOldGen: 170941K(432128K)->170949K(432128K)
[184.199s][info][gc,metaspace   ] GC(593) Metaspace: 18499K(18624K)->18499K(18624K) NonClass: 16671K(16768K)->16671K(16768K) Class: 1828K(1856K)->1828K(1856K)
[184.199s][info][gc             ] GC(593) Pause Young (Allocation Failure) 336M->230M(639M) 70.139ms
[184.199s][info][gc,cpu         ] GC(593) User=0.13s Sys=0.00s Real=0.07s
[184.481s][info][gc,start       ] GC(594) Pause Young (Allocation Failure)
[184.590s][info][gc,heap        ] GC(594) PSYoungGen: 176231K(222720K)->89418K(222720K) Eden: 111616K(111616K)->0K(111616K) From: 64615K(111104K)->89418K(111104K)
[184.590s][info][gc,heap        ] GC(594) ParOldGen: 170949K(432128K)->170949K(432128K)
[184.590s][info][gc,metaspace   ] GC(594) Metaspace: 18509K(18624K)->18509K(18624K) NonClass: 16680K(16768K)->16680K(16768K) Class: 1828K(1856K)->1828K(1856K)
[184.590s][info][gc             ] GC(594) Pause Young (Allocation Failure) 339M->254M(639M) 108.635ms
[184.590s][info][gc,cpu         ] GC(594) User=0.21s Sys=0.00s Real=0.11s
[184.748s][info][gc,start       ] GC(595) Pause Young (Allocation Failure)
[184.863s][info][gc,heap        ] GC(595) PSYoungGen: 201034K(222720K)->100867K(222720K) Eden: 111616K(111616K)->0K(111616K) From: 89418K(111104K)->100867K(111104K)
[184.863s][info][gc,heap        ] GC(595) ParOldGen: 170949K(432128K)->170949K(432128K)
[184.863s][info][gc,metaspace   ] GC(595) Metaspace: 18509K(18624K)->18509K(18624K) NonClass: 16681K(16768K)->16681K(16768K) Class: 1828K(1856K)->1828K(1856K)
[184.863s][info][gc             ] GC(595) Pause Young (Allocation Failure) 363M->265M(639M) 114.924ms
[184.863s][info][gc,cpu         ] GC(595) User=0.23s Sys=0.00s Real=0.11s
[184.978s][info][gc,start       ] GC(596) Pause Young (Allocation Failure)
[185.100s][info][gc,heap        ] GC(596) PSYoungGen: 212483K(222720K)->106650K(222720K) Eden: 111616K(111616K)->0K(111616K) From: 100867K(111104K)->106650K(111104K)
[185.101s][info][gc,heap        ] GC(596) ParOldGen: 170949K(432128K)->170949K(432128K)
[185.101s][info][gc,metaspace   ] GC(596) Metaspace: 18509K(18624K)->18509K(18624K) NonClass: 16681K(16768K)->16681K(16768K) Class: 1828K(1856K)->1828K(1856K)
[185.101s][info][gc             ] GC(596) Pause Young (Allocation Failure) 374M->271M(639M) 122.807ms
[185.101s][info][gc,cpu         ] GC(596) User=0.25s Sys=0.00s Real=0.12s
[185.188s][info][gc,start       ] GC(597) Pause Young (Allocation Failure)
[185.328s][info][gc,heap        ] GC(597) PSYoungGen: 218266K(222720K)->111098K(222720K) Eden: 111616K(111616K)->0K(111616K) From: 106650K(111104K)->111098K(111104K)
[185.329s][info][gc,heap        ] GC(597) ParOldGen: 170949K(432128K)->180165K(432128K)
[185.329s][info][gc,metaspace   ] GC(597) Metaspace: 18509K(18624K)->18509K(18624K) NonClass: 16681K(16768K)->16681K(16768K) Class: 1828K(1856K)->1828K(1856K)
[185.329s][info][gc             ] GC(597) Pause Young (Allocation Failure) 380M->284M(639M) 140.122ms
[185.329s][info][gc,cpu         ] GC(597) User=0.28s Sys=0.00s Real=0.14s
[185.406s][info][gc,start       ] GC(598) Pause Young (Allocation Failure)
[185.560s][info][gc,heap        ] GC(598) PSYoungGen: 222714K(222720K)->88435K(222720K) Eden: 111616K(111616K)->0K(111616K) From: 111098K(111104K)->88435K(111104K)
[185.560s][info][gc,heap        ] GC(598) ParOldGen: 180165K(432128K)->224952K(432128K)
[185.560s][info][gc,metaspace   ] GC(598) Metaspace: 18509K(18624K)->18509K(18624K) NonClass: 16681K(16768K)->16681K(16768K) Class: 1828K(1856K)->1828K(1856K)
[185.560s][info][gc             ] GC(598) Pause Young (Allocation Failure) 393M->306M(639M) 154.544ms
[185.560s][info][gc,cpu         ] GC(598) User=0.31s Sys=0.00s Real=0.16s
[185.615s][info][gc,start       ] GC(599) Pause Young (Allocation Failure)
[185.748s][info][gc,heap        ] GC(599) PSYoungGen: 200051K(222720K)->99426K(222720K) Eden: 111616K(111616K)->0K(111616K) From: 88435K(111104K)->99426K(111104K)
[185.748s][info][gc,heap        ] GC(599) ParOldGen: 224952K(432128K)->244616K(432128K)
[185.748s][info][gc,metaspace   ] GC(599) Metaspace: 18509K(18624K)->18509K(18624K) NonClass: 16681K(16768K)->16681K(16768K) Class: 1828K(1856K)->1828K(1856K)
[185.748s][info][gc             ] GC(599) Pause Young (Allocation Failure) 415M->335M(639M) 132.935ms
[185.748s][info][gc,cpu         ] GC(599) User=0.26s Sys=0.00s Real=0.14s
[185.875s][info][gc,start       ] GC(600) Pause Young (Allocation Failure)
[185.973s][info][gc,heap        ] GC(600) PSYoungGen: 211042K(222720K)->75507K(222720K) Eden: 111616K(111616K)->0K(111616K) From: 99426K(111104K)->75507K(111104K)
[185.973s][info][gc,heap        ] GC(600) ParOldGen: 244616K(432128K)->272980K(432128K)
[185.973s][info][gc,metaspace   ] GC(600) Metaspace: 18509K(18624K)->18509K(18624K) NonClass: 16681K(16768K)->16681K(16768K) Class: 1828K(1856K)->1828K(1856K)
[185.973s][info][gc             ] GC(600) Pause Young (Allocation Failure) 444M->340M(639M) 97.742ms
[185.973s][info][gc,cpu         ] GC(600) User=0.20s Sys=0.00s Real=0.10s
[186.076s][info][gc,start       ] GC(601) Pause Young (Allocation Failure)
[186.157s][info][gc,heap        ] GC(601) PSYoungGen: 187123K(222720K)->68291K(222720K) Eden: 111616K(111616K)->0K(111616K) From: 75507K(111104K)->68291K(111104K)
[186.157s][info][gc,heap        ] GC(601) ParOldGen: 272980K(432128K)->291812K(432128K)
[186.157s][info][gc,metaspace   ] GC(601) Metaspace: 18509K(18624K)->18509K(18624K) NonClass: 16681K(16768K)->16681K(16768K) Class: 1828K(1856K)->1828K(1856K)
[186.157s][info][gc             ] GC(601) Pause Young (Allocation Failure) 449M->351M(639M) 81.668ms
[186.157s][info][gc,cpu         ] GC(601) User=0.16s Sys=0.00s Real=0.09s
[186.237s][info][gc,start       ] GC(602) Pause Young (Allocation Failure)
[186.305s][info][gc,heap        ] GC(602) PSYoungGen: 179907K(222720K)->19811K(222720K) Eden: 111616K(111616K)->0K(111616K) From: 68291K(111104K)->19811K(111104K)
[186.305s][info][gc,heap        ] GC(602) ParOldGen: 291812K(432128K)->344503K(432128K)
[186.305s][info][gc,metaspace   ] GC(602) Metaspace: 18509K(18624K)->18509K(18624K) NonClass: 16681K(16768K)->16681K(16768K) Class: 1828K(1856K)->1828K(1856K)
[186.305s][info][gc             ] GC(602) Pause Young (Allocation Failure) 460M->355M(639M) 67.432ms
[186.305s][info][gc,cpu         ] GC(602) User=0.13s Sys=0.00s Real=0.06s
[186.388s][info][gc,start       ] GC(603) Pause Young (Allocation Failure)
[186.419s][info][gc,heap        ] GC(603) PSYoungGen: 131427K(222720K)->4736K(222720K) Eden: 111616K(111616K)->0K(111616K) From: 19811K(111104K)->4736K(111104K)
[186.419s][info][gc,heap        ] GC(603) ParOldGen: 344503K(432128K)->360518K(432128K)
[186.419s][info][gc,metaspace   ] GC(603) Metaspace: 18509K(18624K)->18509K(18624K) NonClass: 16681K(16768K)->16681K(16768K) Class: 1828K(1856K)->1828K(1856K)
[186.419s][info][gc             ] GC(603) Pause Young (Allocation Failure) 464M->356M(639M) 31.348ms
[186.419s][info][gc,cpu         ] GC(603) User=0.07s Sys=0.00s Real=0.03s
[186.494s][info][gc,start       ] GC(604) Pause Young (Allocation Failure)
[186.504s][info][gc,heap        ] GC(604) PSYoungGen: 116352K(222720K)->2688K(222720K) Eden: 111616K(111616K)->0K(111616K) From: 4736K(111104K)->2688K(111104K)
[186.504s][info][gc,heap        ] GC(604) ParOldGen: 360518K(432128K)->365262K(432128K)
[186.504s][info][gc,metaspace   ] GC(604) Metaspace: 18509K(18624K)->18509K(18624K) NonClass: 16681K(16768K)->16681K(16768K) Class: 1828K(1856K)->1828K(1856K)
[186.504s][info][gc             ] GC(604) Pause Young (Allocation Failure) 465M->359M(639M) 10.175ms
[186.504s][info][gc,cpu         ] GC(604) User=0.02s Sys=0.00s Real=0.01s
[186.575s][info][gc,start       ] GC(605) Pause Young (Allocation Failure)
[186.583s][info][gc,heap        ] GC(605) PSYoungGen: 114304K(222720K)->3936K(222720K) Eden: 111616K(111616K)->0K(111616K) From: 2688K(111104K)->3936K(111104K)
[186.583s][info][gc,heap        ] GC(605) ParOldGen: 365262K(432128K)->367942K(432128K)
[186.583s][info][gc,metaspace   ] GC(605) Metaspace: 18509K(18624K)->18509K(18624K) NonClass: 16681K(16768K)->16681K(16768K) Class: 1828K(1856K)->1828K(1856K)
[186.583s][info][gc             ] GC(605) Pause Young (Allocation Failure) 468M->363M(639M) 8.461ms
[186.583s][info][gc,cpu         ] GC(605) User=0.02s Sys=0.00s Real=0.01s
[186.915s][info][gc,start       ] GC(606) Pause Young (Allocation Failure)
[186.922s][info][gc,heap        ] GC(606) PSYoungGen: 115552K(222720K)->288K(222720K) Eden: 111616K(111616K)->0K(111616K) From: 3936K(111104K)->288K(111104K)
[186.922s][info][gc,heap        ] GC(606) ParOldGen: 367942K(432128K)->371862K(432128K)
[186.922s][info][gc,metaspace   ] GC(606) Metaspace: 18509K(18624K)->18509K(18624K) NonClass: 16681K(16768K)->16681K(16768K) Class: 1828K(1856K)->1828K(1856K)
[186.922s][info][gc             ] GC(606) Pause Young (Allocation Failure) 472M->363M(639M) 7.037ms
[186.922s][info][gc,cpu         ] GC(606) User=0.01s Sys=0.00s Real=0.01s
[187.136s][info][gc,start       ] GC(607) Pause Young (Allocation Failure)
[187.165s][info][gc,heap        ] GC(607) PSYoungGen: 111904K(222720K)->26688K(222720K) Eden: 111616K(111616K)->0K(111616K) From: 288K(111104K)->26688K(111104K)
[187.165s][info][gc,heap        ] GC(607) ParOldGen: 371862K(432128K)->372134K(432128K)
[187.165s][info][gc,metaspace   ] GC(607) Metaspace: 18509K(18624K)->18509K(18624K) NonClass: 16681K(16768K)->16681K(16768K) Class: 1828K(1856K)->1828K(1856K)
[187.165s][info][gc             ] GC(607) Pause Young (Allocation Failure) 472M->389M(639M) 29.024ms
[187.165s][info][gc,cpu         ] GC(607) User=0.05s Sys=0.00s Real=0.03s
[187.281s][info][gc,start       ] GC(608) Pause Young (Allocation Failure)
[187.339s][info][gc,heap        ] GC(608) PSYoungGen: 138304K(222720K)->36016K(222720K) Eden: 111616K(111616K)->0K(111616K) From: 26688K(111104K)->36016K(111104K)
[187.339s][info][gc,heap        ] GC(608) ParOldGen: 372134K(432128K)->398734K(432128K)
[187.339s][info][gc,metaspace   ] GC(608) Metaspace: 18511K(18624K)->18511K(18624K) NonClass: 16682K(16768K)->16682K(16768K) Class: 1828K(1856K)->1828K(1856K)
[187.339s][info][gc             ] GC(608) Pause Young (Allocation Failure) 498M->424M(639M) 58.996ms
[187.340s][info][gc,cpu         ] GC(608) User=0.11s Sys=0.00s Real=0.06s
[187.511s][info][gc,start       ] GC(609) Pause Young (Allocation Failure)
[187.566s][info][gc,heap        ] GC(609) PSYoungGen: 147632K(222720K)->21632K(222720K) Eden: 111616K(111616K)->0K(111616K) From: 36016K(111104K)->21632K(111104K)
[187.566s][info][gc,heap        ] GC(609) ParOldGen: 398734K(432128K)->434971K(435200K)
[187.566s][info][gc,metaspace   ] GC(609) Metaspace: 18511K(18624K)->18511K(18624K) NonClass: 16683K(16768K)->16683K(16768K) Class: 1828K(1856K)->1828K(1856K)
[187.566s][info][gc             ] GC(609) Pause Young (Allocation Failure) 533M->445M(642M) 55.034ms
[187.566s][info][gc,cpu         ] GC(609) User=0.11s Sys=0.00s Real=0.05s
[187.674s][info][gc,start       ] GC(610) Pause Young (Allocation Failure)
[187.717s][info][gc,heap        ] GC(610) PSYoungGen: 133248K(222720K)->3520K(222720K) Eden: 111616K(111616K)->0K(111616K) From: 21632K(111104K)->3520K(111104K)
[187.718s][info][gc,heap        ] GC(610) ParOldGen: 434971K(435200K)->456717K(457216K)
[187.718s][info][gc,metaspace   ] GC(610) Metaspace: 18511K(18624K)->18511K(18624K) NonClass: 16683K(16768K)->16683K(16768K) Class: 1828K(1856K)->1828K(1856K)
[187.718s][info][gc             ] GC(610) Pause Young (Allocation Failure) 554M->449M(664M) 43.736ms
[187.718s][info][gc,cpu         ] GC(610) User=0.07s Sys=0.02s Real=0.05s
[187.788s][info][gc,start       ] GC(611) Pause Young (Allocation Failure)
[187.797s][info][gc,heap        ] GC(611) PSYoungGen: 115136K(222720K)->896K(222720K) Eden: 111616K(111616K)->0K(111616K) From: 3520K(111104K)->896K(111104K)
[187.798s][info][gc,heap        ] GC(611) ParOldGen: 456717K(457216K)->460125K(460288K)
[187.798s][info][gc,metaspace   ] GC(611) Metaspace: 18511K(18624K)->18511K(18624K) NonClass: 16683K(16768K)->16683K(16768K) Class: 1828K(1856K)->1828K(1856K)
[187.798s][info][gc             ] GC(611) Pause Young (Allocation Failure) 558M->450M(667M) 9.231ms
[187.798s][info][gc,cpu         ] GC(611) User=0.02s Sys=0.00s Real=0.01s
[187.994s][info][gc,start       ] GC(612) Pause Young (Allocation Failure)
[188.000s][info][gc,heap        ] GC(612) PSYoungGen: 112512K(222720K)->1376K(222720K) Eden: 111616K(111616K)->0K(111616K) From: 896K(111104K)->1376K(111104K)
[188.000s][info][gc,heap        ] GC(612) ParOldGen: 460125K(460288K)->460957K(461312K)
[188.000s][info][gc,metaspace   ] GC(612) Metaspace: 18511K(18624K)->18511K(18624K) NonClass: 16683K(16768K)->16683K(16768K) Class: 1828K(1856K)->1828K(1856K)
[188.000s][info][gc             ] GC(612) Pause Young (Allocation Failure) 559M->451M(668M) 5.793ms
[188.000s][info][gc,cpu         ] GC(612) User=0.01s Sys=0.00s Real=0.01s
[188.238s][info][gc,start       ] GC(613) Pause Young (Allocation Failure)
[188.243s][info][gc,heap        ] GC(613) PSYoungGen: 112992K(222720K)->224K(222720K) Eden: 111616K(111616K)->0K(111616K) From: 1376K(111104K)->224K(111104K)
[188.243s][info][gc,heap        ] GC(613) ParOldGen: 460957K(461312K)->462317K(462336K)
[188.243s][info][gc,metaspace   ] GC(613) Metaspace: 18511K(18624K)->18511K(18624K) NonClass: 16683K(16768K)->16683K(16768K) Class: 1828K(1856K)->1828K(1856K)
[188.243s][info][gc             ] GC(613) Pause Young (Allocation Failure) 560M->451M(669M) 5.221ms
[188.243s][info][gc,cpu         ] GC(613) User=0.01s Sys=0.00s Real=0.00s
[188.489s][info][gc,start       ] GC(614) Pause Young (Allocation Failure)
[188.512s][info][gc,heap        ] GC(614) PSYoungGen: 111840K(222720K)->20960K(219648K) Eden: 111616K(111616K)->0K(111616K) From: 224K(111104K)->20960K(108032K)
[188.512s][info][gc,heap        ] GC(614) ParOldGen: 462317K(462336K)->462509K(462848K)
[188.512s][info][gc,metaspace   ] GC(614) Metaspace: 18511K(18624K)->18511K(18624K) NonClass: 16683K(16768K)->16683K(16768K) Class: 1828K(1856K)->1828K(1856K)
[188.512s][info][gc             ] GC(614) Pause Young (Allocation Failure) 560M->472M(666M) 23.961ms
[188.512s][info][gc,cpu         ] GC(614) User=0.04s Sys=0.00s Real=0.02s
[188.637s][info][gc,start       ] GC(615) Pause Young (Allocation Failure)
[188.699s][info][gc,heap        ] GC(615) PSYoungGen: 132576K(219648K)->65443K(221184K) Eden: 111616K(111616K)->0K(111616K) From: 20960K(108032K)->65443K(109568K)
[188.699s][info][gc,heap        ] GC(615) ParOldGen: 462509K(462848K)->462509K(462848K)
[188.699s][info][gc,metaspace   ] GC(615) Metaspace: 18511K(18624K)->18511K(18624K) NonClass: 16683K(16768K)->16683K(16768K) Class: 1828K(1856K)->1828K(1856K)
[188.699s][info][gc             ] GC(615) Pause Young (Allocation Failure) 581M->515M(668M) 61.936ms
[188.699s][info][gc,cpu         ] GC(615) User=0.12s Sys=0.00s Real=0.06s
[188.771s][info][gc,start       ] GC(616) Pause Young (Allocation Failure)
[188.936s][info][gc,heap        ] GC(616) PSYoungGen: 177059K(221184K)->77056K(222720K) Eden: 111616K(111616K)->0K(111616K) From: 65443K(109568K)->77056K(111104K)
[188.936s][info][gc,heap        ] GC(616) ParOldGen: 462509K(462848K)->528213K(528384K)
[188.936s][info][gc,metaspace   ] GC(616) Metaspace: 18511K(18624K)->18511K(18624K) NonClass: 16683K(16768K)->16683K(16768K) Class: 1828K(1856K)->1828K(1856K)
[188.936s][info][gc             ] GC(616) Pause Young (Allocation Failure) 624M->591M(733M) 164.899ms
[188.936s][info][gc,cpu         ] GC(616) User=0.28s Sys=0.05s Real=0.16s
[189.035s][info][gc,start       ] GC(617) Pause Young (Allocation Failure)
[189.191s][info][gc,heap        ] GC(617) PSYoungGen: 188672K(222720K)->36276K(222720K) Eden: 111616K(111616K)->0K(111616K) From: 77056K(111104K)->36276K(111104K)
[189.191s][info][gc,heap        ] GC(617) ParOldGen: 528213K(528384K)->605518K(605696K)
[189.191s][info][gc,metaspace   ] GC(617) Metaspace: 18511K(18624K)->18511K(18624K) NonClass: 16683K(16768K)->16683K(16768K) Class: 1828K(1856K)->1828K(1856K)
[189.191s][info][gc             ] GC(617) Pause Young (Allocation Failure) 700M->626M(809M) 156.442ms
[189.191s][info][gc,cpu         ] GC(617) User=0.26s Sys=0.05s Real=0.16s
[189.287s][info][gc,start       ] GC(618) Pause Full (Allocation Failure)
[189.287s][info][gc,phases,start] GC(618) Marking Phase
[189.555s][info][gc,phases      ] GC(618) Marking Phase 267.517ms
[189.555s][info][gc,phases,start] GC(618) Summary Phase
[189.555s][info][gc,phases      ] GC(618) Summary Phase 0.032ms
[189.555s][info][gc,phases,start] GC(618) Forward
[189.622s][info][gc,phases      ] GC(618) Forward 67.169ms
[189.622s][info][gc,phases,start] GC(618) Adjust Pointers
[189.818s][info][gc,phases      ] GC(618) Adjust Pointers 196.256ms
[189.818s][info][gc,phases,start] GC(618) Compaction Phase
[189.924s][info][gc,phases      ] GC(618) Compaction Phase 105.200ms
[189.931s][info][gc,phases,start] GC(618) Post Compact
[189.934s][info][gc,phases      ] GC(618) Post Compact 2.253ms
[189.934s][info][gc,heap        ] GC(618) PSYoungGen: 147892K(222720K)->0K(222720K) Eden: 111616K(111616K)->0K(111616K) From: 36276K(111104K)->0K(111104K)
[189.934s][info][gc,heap        ] GC(618) ParOldGen: 605518K(605696K)->361303K(667648K)
[189.934s][info][gc,metaspace   ] GC(618) Metaspace: 18511K(18624K)->18511K(18624K) NonClass: 16683K(16768K)->16683K(16768K) Class: 1828K(1856K)->1828K(1856K)
[189.934s][info][gc             ] GC(618) Pause Full (Allocation Failure) 735M->352M(869M) 646.562ms
[189.934s][info][gc,cpu         ] GC(618) User=1.25s Sys=0.00s Real=0.64s
[190.017s][info][gc,start       ] GC(619) Pause Young (Allocation Failure)
[190.027s][info][gc,heap        ] GC(619) PSYoungGen: 111616K(222720K)->8436K(222720K) Eden: 111616K(111616K)->0K(111616K) From: 0K(111104K)->8436K(111104K)
[190.027s][info][gc,heap        ] GC(619) ParOldGen: 361303K(667648K)->361303K(667648K)
[190.027s][info][gc,metaspace   ] GC(619) Metaspace: 18512K(18624K)->18512K(18624K) NonClass: 16684K(16768K)->16684K(16768K) Class: 1828K(1856K)->1828K(1856K)
[190.027s][info][gc             ] GC(619) Pause Young (Allocation Failure) 461M->361M(869M) 9.370ms
[190.027s][info][gc,cpu         ] GC(619) User=0.02s Sys=0.00s Real=0.01s
[190.113s][info][gc,start       ] GC(620) Pause Young (Allocation Failure)
[190.129s][info][gc,heap        ] GC(620) PSYoungGen: 120052K(222720K)->9248K(216576K) Eden: 111616K(111616K)->0K(111616K) From: 8436K(111104K)->9248K(104960K)
[190.129s][info][gc,heap        ] GC(620) ParOldGen: 361303K(667648K)->368316K(667648K)
[190.129s][info][gc,metaspace   ] GC(620) Metaspace: 18512K(18624K)->18512K(18624K) NonClass: 16684K(16768K)->16684K(16768K) Class: 1828K(1856K)->1828K(1856K)
[190.129s][info][gc             ] GC(620) Pause Young (Allocation Failure) 470M->368M(863M) 16.297ms
[190.129s][info][gc,cpu         ] GC(620) User=0.03s Sys=0.00s Real=0.02s
[190.264s][info][gc,start       ] GC(621) Pause Young (Allocation Failure)
[190.286s][info][gc,heap        ] GC(621) PSYoungGen: 120864K(216576K)->15200K(219648K) Eden: 111616K(111616K)->0K(111616K) From: 9248K(104960K)->15200K(108032K)
[190.286s][info][gc,heap        ] GC(621) ParOldGen: 368316K(667648K)->377612K(667648K)
[190.286s][info][gc,metaspace   ] GC(621) Metaspace: 18512K(18624K)->18512K(18624K) NonClass: 16684K(16768K)->16684K(16768K) Class: 1828K(1856K)->1828K(1856K)
[190.286s][info][gc             ] GC(621) Pause Young (Allocation Failure) 477M->383M(866M) 22.581ms
[190.286s][info][gc,cpu         ] GC(621) User=0.04s Sys=0.00s Real=0.02s
[190.347s][info][gc,start       ] GC(622) Pause Young (Allocation Failure)
[190.391s][info][gc,heap        ] GC(622) PSYoungGen: 126816K(219648K)->41088K(222720K) Eden: 111616K(111616K)->0K(122880K) From: 15200K(108032K)->41088K(99840K)
[190.391s][info][gc,heap        ] GC(622) ParOldGen: 377612K(667648K)->392900K(667648K)
[190.391s][info][gc,metaspace   ] GC(622) Metaspace: 18512K(18624K)->18512K(18624K) NonClass: 16684K(16768K)->16684K(16768K) Class: 1828K(1856K)->1828K(1856K)
[190.391s][info][gc             ] GC(622) Pause Young (Allocation Failure) 492M->423M(869M) 43.314ms
[190.391s][info][gc,cpu         ] GC(622) User=0.09s Sys=0.01s Real=0.04s
[190.590s][info][gc,start       ] GC(623) Pause Young (Allocation Failure)
[190.634s][info][gc,heap        ] GC(623) PSYoungGen: 163968K(222720K)->21312K(223232K) Eden: 122880K(122880K)->0K(122880K) From: 41088K(99840K)->21312K(100352K)
[190.634s][info][gc,heap        ] GC(623) ParOldGen: 392900K(667648K)->434444K(667648K)
[190.634s][info][gc,metaspace   ] GC(623) Metaspace: 18513K(18624K)->18513K(18624K) NonClass: 16684K(16768K)->16684K(16768K) Class: 1828K(1856K)->1828K(1856K)
[190.634s][info][gc             ] GC(623) Pause Young (Allocation Failure) 543M->445M(870M) 43.892ms
[190.634s][info][gc,cpu         ] GC(623) User=0.08s Sys=0.00s Real=0.04s
[190.780s][info][gc,start       ] GC(624) Pause Young (Allocation Failure)
[190.812s][info][gc,heap        ] GC(624) PSYoungGen: 144192K(223232K)->4449K(228864K) Eden: 122880K(122880K)->0K(135680K) From: 21312K(100352K)->4449K(93184K)
[190.812s][info][gc,heap        ] GC(624) ParOldGen: 434444K(667648K)->455964K(667648K)
[190.812s][info][gc,metaspace   ] GC(624) Metaspace: 18513K(18624K)->18513K(18624K) NonClass: 16684K(16768K)->16684K(16768K) Class: 1828K(1856K)->1828K(1856K)
[190.812s][info][gc             ] GC(624) Pause Young (Allocation Failure) 565M->449M(875M) 32.264ms
[190.812s][info][gc,cpu         ] GC(624) User=0.06s Sys=0.00s Real=0.03s
[190.948s][info][gc,start       ] GC(625) Pause Young (Allocation Failure)
[191.034s][info][gc,heap        ] GC(625) PSYoungGen: 140129K(228864K)->71680K(228352K) Eden: 135680K(135680K)->0K(135680K) From: 4449K(93184K)->71680K(92672K)
[191.034s][info][gc,heap        ] GC(625) ParOldGen: 455964K(667648K)->460250K(667648K)
[191.034s][info][gc,metaspace   ] GC(625) Metaspace: 18513K(18624K)->18513K(18624K) NonClass: 16684K(16768K)->16684K(16768K) Class: 1828K(1856K)->1828K(1856K)
[191.034s][info][gc             ] GC(625) Pause Young (Allocation Failure) 582M->519M(875M) 86.157ms
[191.034s][info][gc,cpu         ] GC(625) User=0.17s Sys=0.00s Real=0.08s
[191.093s][info][gc,start       ] GC(626) Pause Young (Allocation Failure)
[191.213s][info][gc,heap        ] GC(626) PSYoungGen: 207360K(228352K)->51120K(230400K) Eden: 135680K(135680K)->0K(128000K) From: 71680K(92672K)->51120K(102400K)
[191.213s][info][gc,heap        ] GC(626) ParOldGen: 460250K(667648K)->532122K(667648K)
[191.214s][info][gc,metaspace   ] GC(626) Metaspace: 18513K(18624K)->18513K(18624K) NonClass: 16684K(16768K)->16684K(16768K) Class: 1828K(1856K)->1828K(1856K)
[191.214s][info][gc             ] GC(626) Pause Young (Allocation Failure) 651M->569M(877M) 120.145ms
[191.214s][info][gc,cpu         ] GC(626) User=0.24s Sys=0.00s Real=0.12s
[191.294s][info][gc,start       ] GC(627) Pause Young (Allocation Failure)
[191.365s][info][gc,heap        ] GC(627) PSYoungGen: 179120K(230400K)->39744K(167936K) Eden: 128000K(128000K)->0K(128000K) From: 51120K(102400K)->39744K(39936K)
[191.365s][info][gc,heap        ] GC(627) ParOldGen: 532122K(667648K)->583818K(667648K)
[191.365s][info][gc,metaspace   ] GC(627) Metaspace: 18516K(18624K)->18516K(18624K) NonClass: 16687K(16768K)->16687K(16768K) Class: 1828K(1856K)->1828K(1856K)
[191.365s][info][gc             ] GC(627) Pause Young (Allocation Failure) 694M->608M(816M) 70.550ms
[191.365s][info][gc,cpu         ] GC(627) User=0.14s Sys=0.00s Real=0.07s
[191.472s][info][gc,start       ] GC(628) Pause Young (Allocation Failure)
[191.531s][info][gc,heap        ] GC(628) PSYoungGen: 167744K(167936K)->13760K(229888K) Eden: 128000K(128000K)->0K(131584K) From: 39744K(39936K)->13760K(98304K)
[191.531s][info][gc,heap        ] GC(628) ParOldGen: 583818K(667648K)->623962K(667648K)
[191.531s][info][gc,metaspace   ] GC(628) Metaspace: 18517K(18624K)->18517K(18624K) NonClass: 16688K(16768K)->16688K(16768K) Class: 1828K(1856K)->1828K(1856K)
[191.531s][info][gc             ] GC(628) Pause Young (Allocation Failure) 733M->622M(876M) 59.045ms
[191.531s][info][gc,cpu         ] GC(628) User=0.11s Sys=0.01s Real=0.06s
[191.590s][info][gc,start       ] GC(629) Pause Full (Allocation Failure)
[191.590s][info][gc,phases,start] GC(629) Marking Phase
[191.827s][info][gc,phases      ] GC(629) Marking Phase 236.648ms
[191.827s][info][gc,phases,start] GC(629) Summary Phase
[191.827s][info][gc,phases      ] GC(629) Summary Phase 0.027ms
[191.827s][info][gc,phases,start] GC(629) Forward
[191.923s][info][gc,phases      ] GC(629) Forward 95.469ms
[191.923s][info][gc,phases,start] GC(629) Adjust Pointers
[192.102s][info][gc,phases      ] GC(629) Adjust Pointers 179.288ms
[192.102s][info][gc,phases,start] GC(629) Compaction Phase
[192.212s][info][gc,phases      ] GC(629) Compaction Phase 109.758ms
[192.218s][info][gc,phases,start] GC(629) Post Compact
[192.220s][info][gc,phases      ] GC(629) Post Compact 2.238ms
[192.220s][info][gc,heap        ] GC(629) PSYoungGen: 145344K(229888K)->0K(226816K) Eden: 131584K(131584K)->0K(131584K) From: 13760K(98304K)->0K(95232K)
[192.220s][info][gc,heap        ] GC(629) ParOldGen: 623962K(667648K)->362824K(667648K)
[192.220s][info][gc,metaspace   ] GC(629) Metaspace: 18517K(18624K)->18517K(18624K) NonClass: 16688K(16768K)->16688K(16768K) Class: 1828K(1856K)->1828K(1856K)
[192.220s][info][gc             ] GC(629) Pause Full (Allocation Failure) 751M->354M(873M) 629.724ms
[192.220s][info][gc,cpu         ] GC(629) User=1.15s Sys=0.00s Real=0.63s
[192.342s][info][gc,start       ] GC(630) Pause Young (Allocation Failure)
[192.379s][info][gc,heap        ] GC(630) PSYoungGen: 131584K(226816K)->17665K(233472K) Eden: 131584K(131584K)->0K(143360K) From: 0K(95232K)->17665K(90112K)
[192.379s][info][gc,heap        ] GC(630) ParOldGen: 362824K(667648K)->362824K(667648K)
[192.379s][info][gc,metaspace   ] GC(630) Metaspace: 18519K(18624K)->18519K(18624K) NonClass: 16690K(16768K)->16690K(16768K) Class: 1828K(1856K)->1828K(1856K)
[192.379s][info][gc             ] GC(630) Pause Young (Allocation Failure) 482M->371M(880M) 37.042ms
[192.379s][info][gc,cpu         ] GC(630) User=0.07s Sys=0.00s Real=0.04s
[192.490s][info][gc,start       ] GC(631) Pause Young (Allocation Failure)
[192.539s][info][gc,heap        ] GC(631) PSYoungGen: 161025K(233472K)->15488K(234496K) Eden: 143360K(143360K)->0K(143360K) From: 17665K(90112K)->15488K(91136K)
[192.539s][info][gc,heap        ] GC(631) ParOldGen: 362824K(667648K)->380485K(667648K)
[192.539s][info][gc,metaspace   ] GC(631) Metaspace: 18519K(18624K)->18519K(18624K) NonClass: 16690K(16768K)->16690K(16768K) Class: 1828K(1856K)->1828K(1856K)
[192.539s][info][gc             ] GC(631) Pause Young (Allocation Failure) 511M->386M(881M) 48.288ms
[192.539s][info][gc,cpu         ] GC(631) User=0.09s Sys=0.00s Real=0.05s
[192.657s][info][gc,start       ] GC(632) Pause Young (Allocation Failure)
[192.696s][info][gc,heap        ] GC(632) PSYoungGen: 158848K(234496K)->18624K(236544K) Eden: 143360K(143360K)->0K(154624K) From: 15488K(91136K)->18624K(81920K)
[192.696s][info][gc,heap        ] GC(632) ParOldGen: 380485K(667648K)->395989K(667648K)
[192.696s][info][gc,metaspace   ] GC(632) Metaspace: 18519K(18624K)->18519K(18624K) NonClass: 16690K(16768K)->16690K(16768K) Class: 1828K(1856K)->1828K(1856K)
[192.696s][info][gc             ] GC(632) Pause Young (Allocation Failure) 526M->404M(883M) 38.992ms
[192.696s][info][gc,cpu         ] GC(632) User=0.08s Sys=0.00s Real=0.03s
[192.807s][info][gc,start       ] GC(633) Pause Young (Allocation Failure)
[192.852s][info][gc,heap        ] GC(633) PSYoungGen: 173248K(236544K)->22624K(238592K) Eden: 154624K(154624K)->0K(154624K) From: 18624K(81920K)->22624K(83968K)
[192.852s][info][gc,heap        ] GC(633) ParOldGen: 395989K(667648K)->414653K(667648K)
[192.852s][info][gc,metaspace   ] GC(633) Metaspace: 18519K(18624K)->18519K(18624K) NonClass: 16690K(16768K)->16690K(16768K) Class: 1828K(1856K)->1828K(1856K)
[192.852s][info][gc             ] GC(633) Pause Young (Allocation Failure) 555M->427M(885M) 45.603ms
[192.852s][info][gc,cpu         ] GC(633) User=0.10s Sys=0.00s Real=0.04s
[192.977s][info][gc,start       ] GC(634) Pause Young (Allocation Failure)
[193.014s][info][gc,heap        ] GC(634) PSYoungGen: 177248K(238592K)->6592K(248320K) Eden: 154624K(154624K)->0K(169472K) From: 22624K(83968K)->6592K(78848K)
[193.014s][info][gc,heap        ] GC(634) ParOldGen: 414653K(667648K)->437339K(667648K)
[193.014s][info][gc,metaspace   ] GC(634) Metaspace: 18519K(18624K)->18519K(18624K) NonClass: 16690K(16768K)->16690K(16768K) Class: 1828K(1856K)->1828K(1856K)
[193.014s][info][gc             ] GC(634) Pause Young (Allocation Failure) 578M->433M(894M) 37.156ms
[193.014s][info][gc,cpu         ] GC(634) User=0.07s Sys=0.00s Real=0.03s
[193.225s][info][gc,start       ] GC(635) Pause Young (Allocation Failure)
[193.242s][info][gc,heap        ] GC(635) PSYoungGen: 176064K(248320K)->3520K(247296K) Eden: 169472K(169472K)->0K(169472K) From: 6592K(78848K)->3520K(77824K)
[193.242s][info][gc,heap        ] GC(635) ParOldGen: 437339K(667648K)->443931K(667648K)
[193.242s][info][gc,metaspace   ] GC(635) Metaspace: 18519K(18624K)->18519K(18624K) NonClass: 16690K(16768K)->16690K(16768K) Class: 1828K(1856K)->1828K(1856K)
[193.242s][info][gc             ] GC(635) Pause Young (Allocation Failure) 599M->436M(893M) 16.856ms
[193.242s][info][gc,cpu         ] GC(635) User=0.04s Sys=0.00s Real=0.02s
[193.447s][info][gc,start       ] GC(636) Pause Young (Allocation Failure)
[193.476s][info][gc,heap        ] GC(636) PSYoungGen: 172992K(247296K)->22912K(248320K) Eden: 169472K(169472K)->0K(179712K) From: 3520K(77824K)->22912K(68608K)
[193.476s][info][gc,heap        ] GC(636) ParOldGen: 443931K(667648K)->447427K(667648K)
[193.476s][info][gc,metaspace   ] GC(636) Metaspace: 18519K(18624K)->18519K(18624K) NonClass: 16690K(16768K)->16690K(16768K) Class: 1828K(1856K)->1828K(1856K)
[193.476s][info][gc             ] GC(636) Pause Young (Allocation Failure) 602M->459M(894M) 29.149ms
[193.476s][info][gc,cpu         ] GC(636) User=0.06s Sys=0.00s Real=0.02s
[194.032s][info][gc,start       ] GC(637) Pause Young (Allocation Failure)
[194.055s][info][gc,heap        ] GC(637) PSYoungGen: 202624K(248320K)->23040K(250880K) Eden: 179712K(179712K)->0K(179712K) From: 22912K(68608K)->23040K(71168K)
[194.055s][info][gc,heap        ] GC(637) ParOldGen: 447427K(667648K)->447427K(667648K)
[194.055s][info][gc,metaspace   ] GC(637) Metaspace: 18521K(18624K)->18521K(18624K) NonClass: 16693K(16768K)->16693K(16768K) Class: 1828K(1856K)->1828K(1856K)
[194.055s][info][gc             ] GC(637) Pause Young (Allocation Failure) 634M->459M(897M) 23.728ms
[194.055s][info][gc,cpu         ] GC(637) User=0.05s Sys=0.00s Real=0.02s
[194.467s][info][gc,start       ] GC(638) Pause Young (Allocation Failure)
[194.491s][info][gc,heap        ] GC(638) PSYoungGen: 202752K(250880K)->23072K(250880K) Eden: 179712K(179712K)->0K(193536K) From: 23040K(71168K)->23072K(57344K)
[194.491s][info][gc,heap        ] GC(638) ParOldGen: 447427K(667648K)->447427K(667648K)
[194.491s][info][gc,metaspace   ] GC(638) Metaspace: 18522K(18624K)->18522K(18624K) NonClass: 16693K(16768K)->16693K(16768K) Class: 1828K(1856K)->1828K(1856K)
[194.491s][info][gc             ] GC(638) Pause Young (Allocation Failure) 634M->459M(897M) 23.997ms
[194.491s][info][gc,cpu         ] GC(638) User=0.05s Sys=0.00s Real=0.02s
[194.917s][info][gc,start       ] GC(639) Pause Young (Allocation Failure)
[194.953s][info][gc,heap        ] GC(639) PSYoungGen: 216608K(250880K)->24960K(255488K) Eden: 193536K(193536K)->0K(193536K) From: 23072K(57344K)->24960K(61952K)
[194.953s][info][gc,heap        ] GC(639) ParOldGen: 447427K(667648K)->447427K(667648K)
[194.953s][info][gc,metaspace   ] GC(639) Metaspace: 18522K(18624K)->18522K(18624K) NonClass: 16693K(16768K)->16693K(16768K) Class: 1828K(1856K)->1828K(1856K)
[194.954s][info][gc             ] GC(639) Pause Young (Allocation Failure) 648M->461M(901M) 36.814ms
[194.954s][info][gc,cpu         ] GC(639) User=0.07s Sys=0.00s Real=0.03s
[195.149s][info][gc,start       ] GC(640) Pause Young (Allocation Failure)
[195.218s][info][gc,heap        ] GC(640) PSYoungGen: 218496K(255488K)->58870K(245248K) Eden: 193536K(193536K)->0K(186368K) From: 24960K(61952K)->58870K(58880K)
[195.218s][info][gc,heap        ] GC(640) ParOldGen: 447427K(667648K)->462483K(667648K)
[195.218s][info][gc,metaspace   ] GC(640) Metaspace: 18522K(18624K)->18522K(18624K) NonClass: 16693K(16768K)->16693K(16768K) Class: 1828K(1856K)->1828K(1856K)
[195.218s][info][gc             ] GC(640) Pause Young (Allocation Failure) 650M->509M(891M) 68.282ms
[195.218s][info][gc,cpu         ] GC(640) User=0.13s Sys=0.01s Real=0.07s
[195.438s][info][gc,start       ] GC(641) Pause Young (Allocation Failure)
[195.527s][info][gc,heap        ] GC(641) PSYoungGen: 245238K(245248K)->67046K(253440K) Eden: 186368K(186368K)->0K(186368K) From: 58870K(58880K)->67046K(67072K)
[195.527s][info][gc,heap        ] GC(641) ParOldGen: 462483K(667648K)->485593K(667648K)
[195.527s][info][gc,metaspace   ] GC(641) Metaspace: 18522K(18624K)->18522K(18624K) NonClass: 16693K(16768K)->16693K(16768K) Class: 1828K(1856K)->1828K(1856K)
[195.527s][info][gc             ] GC(641) Pause Young (Allocation Failure) 691M->539M(899M) 88.833ms
[195.527s][info][gc,cpu         ] GC(641) User=0.17s Sys=0.00s Real=0.09s
[195.721s][info][gc,start       ] GC(642) Pause Young (Allocation Failure)
[195.830s][info][gc,heap        ] GC(642) PSYoungGen: 253414K(253440K)->80360K(206336K) Eden: 186368K(186368K)->0K(125952K) From: 67046K(67072K)->80360K(80384K)
[195.830s][info][gc,heap        ] GC(642) ParOldGen: 485593K(667648K)->506432K(667648K)
[195.830s][info][gc,metaspace   ] GC(642) Metaspace: 18524K(18624K)->18524K(18624K) NonClass: 16696K(16768K)->16696K(16768K) Class: 1828K(1856K)->1828K(1856K)
[195.830s][info][gc             ] GC(642) Pause Young (Allocation Failure) 721M->573M(853M) 108.730ms
[195.830s][info][gc,cpu         ] GC(642) User=0.20s Sys=0.00s Real=0.11s
[195.941s][info][gc,start       ] GC(643) Pause Young (Allocation Failure)
[196.033s][info][gc,heap        ] GC(643) PSYoungGen: 206312K(206336K)->101817K(227840K) Eden: 125952K(125952K)->0K(125952K) From: 80360K(80384K)->101817K(101888K)
[196.033s][info][gc,heap        ] GC(643) ParOldGen: 506432K(667648K)->507568K(667648K)
[196.033s][info][gc,metaspace   ] GC(643) Metaspace: 18524K(18624K)->18524K(18624K) NonClass: 16696K(16768K)->16696K(16768K) Class: 1828K(1856K)->1828K(1856K)
[196.033s][info][gc             ] GC(643) Pause Young (Allocation Failure) 696M->595M(874M) 92.940ms
[196.033s][info][gc,cpu         ] GC(643) User=0.18s Sys=0.00s Real=0.09s
[196.125s][info][gc,start       ] GC(644) Pause Young (Allocation Failure)
[196.243s][info][gc,heap        ] GC(644) PSYoungGen: 227769K(227840K)->69561K(217600K) Eden: 125952K(125952K)->0K(111616K) From: 101817K(101888K)->69561K(105984K)
[196.243s][info][gc,heap        ] GC(644) ParOldGen: 507568K(667648K)->570548K(667648K)
[196.243s][info][gc,metaspace   ] GC(644) Metaspace: 18524K(18624K)->18524K(18624K) NonClass: 16696K(16768K)->16696K(16768K) Class: 1828K(1856K)->1828K(1856K)
[196.243s][info][gc             ] GC(644) Pause Young (Allocation Failure) 718M->625M(864M) 117.978ms
[196.243s][info][gc,cpu         ] GC(644) User=0.24s Sys=0.00s Real=0.12s
[196.310s][info][gc,start       ] GC(645) Pause Young (Allocation Failure)
[196.386s][info][gc,heap        ] GC(645) PSYoungGen: 181177K(217600K)->37728K(222720K) Eden: 111616K(111616K)->0K(111616K) From: 69561K(105984K)->37728K(111104K)
[196.386s][info][gc,heap        ] GC(645) ParOldGen: 570548K(667648K)->610261K(667648K)
[196.386s][info][gc,metaspace   ] GC(645) Metaspace: 18524K(18624K)->18524K(18624K) NonClass: 16696K(16768K)->16696K(16768K) Class: 1828K(1856K)->1828K(1856K)
[196.386s][info][gc             ] GC(645) Pause Young (Allocation Failure) 734M->632M(869M) 76.565ms
[196.386s][info][gc,cpu         ] GC(645) User=0.15s Sys=0.00s Real=0.07s
[196.455s][info][gc,start       ] GC(646) Pause Full (Allocation Failure)
[196.455s][info][gc,phases,start] GC(646) Marking Phase
[196.721s][info][gc,phases      ] GC(646) Marking Phase 265.324ms
[196.721s][info][gc,phases,start] GC(646) Summary Phase
[196.721s][info][gc,phases      ] GC(646) Summary Phase 0.027ms
[196.721s][info][gc,phases,start] GC(646) Forward
[196.792s][info][gc,phases      ] GC(646) Forward 71.464ms
[196.792s][info][gc,phases,start] GC(646) Adjust Pointers
[196.995s][info][gc,phases      ] GC(646) Adjust Pointers 203.051ms
[196.996s][info][gc,phases,start] GC(646) Compaction Phase
[197.114s][info][gc,phases      ] GC(646) Compaction Phase 118.328ms
[197.120s][info][gc,phases,start] GC(646) Post Compact
[197.122s][info][gc,phases      ] GC(646) Post Compact 2.235ms
[197.122s][info][gc,heap        ] GC(646) PSYoungGen: 149344K(222720K)->0K(222720K) Eden: 111616K(111616K)->0K(111616K) From: 37728K(111104K)->0K(111104K)
[197.122s][info][gc,heap        ] GC(646) ParOldGen: 610261K(667648K)->383561K(667648K)
[197.122s][info][gc,metaspace   ] GC(646) Metaspace: 18524K(18624K)->18524K(18624K) NonClass: 16696K(16768K)->16696K(16768K) Class: 1828K(1856K)->1828K(1856K)
[197.122s][info][gc             ] GC(646) Pause Full (Allocation Failure) 741M->374M(869M) 666.914ms
[197.122s][info][gc,cpu         ] GC(646) User=1.28s Sys=0.00s Real=0.67s
[197.190s][info][gc,start       ] GC(647) Pause Young (Allocation Failure)
[197.210s][info][gc,heap        ] GC(647) PSYoungGen: 111616K(222720K)->11392K(222720K) Eden: 111616K(111616K)->0K(111616K) From: 0K(111104K)->11392K(111104K)
[197.210s][info][gc,heap        ] GC(647) ParOldGen: 383561K(667648K)->383561K(667648K)
[197.210s][info][gc,metaspace   ] GC(647) Metaspace: 18524K(18624K)->18524K(18624K) NonClass: 16696K(16768K)->16696K(16768K) Class: 1828K(1856K)->1828K(1856K)
[197.210s][info][gc             ] GC(647) Pause Young (Allocation Failure) 483M->385M(869M) 20.003ms
[197.210s][info][gc,cpu         ] GC(647) User=0.04s Sys=0.00s Real=0.02s
[197.282s][info][gc,start       ] GC(648) Pause Young (Allocation Failure)
[197.311s][info][gc,heap        ] GC(648) PSYoungGen: 123008K(222720K)->10240K(222720K) Eden: 111616K(111616K)->0K(111616K) From: 11392K(111104K)->10240K(111104K)
[197.311s][info][gc,heap        ] GC(648) ParOldGen: 383561K(667648K)->394977K(667648K)
[197.311s][info][gc,metaspace   ] GC(648) Metaspace: 18524K(18624K)->18524K(18624K) NonClass: 16696K(16768K)->16696K(16768K) Class: 1828K(1856K)->1828K(1856K)
[197.311s][info][gc             ] GC(648) Pause Young (Allocation Failure) 494M->395M(869M) 28.162ms
[197.311s][info][gc,cpu         ] GC(648) User=0.05s Sys=0.00s Real=0.03s
[197.388s][info][gc,start       ] GC(649) Pause Young (Allocation Failure)
[197.413s][info][gc,heap        ] GC(649) PSYoungGen: 121856K(222720K)->8736K(222720K) Eden: 111616K(111616K)->0K(111616K) From: 10240K(111104K)->8736K(111104K)
[197.413s][info][gc,heap        ] GC(649) ParOldGen: 394977K(667648K)->405201K(667648K)
[197.413s][info][gc,metaspace   ] GC(649) Metaspace: 18524K(18624K)->18524K(18624K) NonClass: 16696K(16768K)->16696K(16768K) Class: 1828K(1856K)->1828K(1856K)
[197.413s][info][gc             ] GC(649) Pause Young (Allocation Failure) 504M->404M(869M) 24.580ms
[197.413s][info][gc,cpu         ] GC(649) User=0.05s Sys=0.00s Real=0.02s
[197.476s][info][gc,start       ] GC(650) Pause Young (Allocation Failure)
[197.495s][info][gc,heap        ] GC(650) PSYoungGen: 120352K(222720K)->4576K(220672K) Eden: 111616K(111616K)->0K(111616K) From: 8736K(111104K)->4576K(109056K)
[197.495s][info][gc,heap        ] GC(650) ParOldGen: 405201K(667648K)->413945K(667648K)
[197.495s][info][gc,metaspace   ] GC(650) Metaspace: 18524K(18624K)->18524K(18624K) NonClass: 16696K(16768K)->16696K(16768K) Class: 1828K(1856K)->1828K(1856K)
[197.495s][info][gc             ] GC(650) Pause Young (Allocation Failure) 513M->408M(867M) 19.202ms
[197.495s][info][gc,cpu         ] GC(650) User=0.04s Sys=0.00s Real=0.02s
[197.562s][info][gc,start       ] GC(651) Pause Young (Allocation Failure)
[197.572s][info][gc,heap        ] GC(651) PSYoungGen: 116192K(220672K)->1600K(221696K) Eden: 111616K(111616K)->0K(111616K) From: 4576K(109056K)->1600K(110080K)
[197.572s][info][gc,heap        ] GC(651) ParOldGen: 413945K(667648K)->418521K(667648K)
[197.572s][info][gc,metaspace   ] GC(651) Metaspace: 18524K(18624K)->18524K(18624K) NonClass: 16696K(16768K)->16696K(16768K) Class: 1828K(1856K)->1828K(1856K)
[197.572s][info][gc             ] GC(651) Pause Young (Allocation Failure) 517M->410M(868M) 10.531ms
[197.572s][info][gc,cpu         ] GC(651) User=0.02s Sys=0.00s Real=0.01s
[197.667s][info][gc,start       ] GC(652) Pause Young (Allocation Failure)
[197.680s][info][gc,heap        ] GC(652) PSYoungGen: 113216K(221696K)->8128K(216576K) Eden: 111616K(111616K)->0K(115712K) From: 1600K(110080K)->8128K(100864K)
[197.680s][info][gc,heap        ] GC(652) ParOldGen: 418521K(667648K)->420105K(667648K)
[197.680s][info][gc,metaspace   ] GC(652) Metaspace: 18524K(18624K)->18524K(18624K) NonClass: 16696K(16768K)->16696K(16768K) Class: 1828K(1856K)->1828K(1856K)
[197.680s][info][gc             ] GC(652) Pause Young (Allocation Failure) 519M->418M(863M) 12.719ms
[197.680s][info][gc,cpu         ] GC(652) User=0.02s Sys=0.00s Real=0.01s
[197.830s][info][gc,start       ] GC(653) Pause Young (Allocation Failure)
[197.863s][info][gc,heap        ] GC(653) PSYoungGen: 123840K(216576K)->20800K(219648K) Eden: 115712K(115712K)->0K(115712K) From: 8128K(100864K)->20800K(103936K)
[197.863s][info][gc,heap        ] GC(653) ParOldGen: 420105K(667648K)->428233K(667648K)
[197.863s][info][gc,metaspace   ] GC(653) Metaspace: 18524K(18624K)->18524K(18624K) NonClass: 16696K(16768K)->16696K(16768K) Class: 1828K(1856K)->1828K(1856K)
[197.863s][info][gc             ] GC(653) Pause Young (Allocation Failure) 531M->438M(866M) 33.210ms
[197.863s][info][gc,cpu         ] GC(653) User=0.06s Sys=0.00s Real=0.03s
[198.144s][info][gc,start       ] GC(654) Pause Young (Allocation Failure)
[198.174s][info][gc,heap        ] GC(654) PSYoungGen: 136512K(219648K)->3616K(218112K) Eden: 115712K(115712K)->0K(126976K) From: 20800K(103936K)->3616K(91136K)
[198.174s][info][gc,heap        ] GC(654) ParOldGen: 428233K(667648K)->449070K(667648K)
[198.174s][info][gc,metaspace   ] GC(654) Metaspace: 18524K(18624K)->18524K(18624K) NonClass: 16696K(16768K)->16696K(16768K) Class: 1828K(1856K)->1828K(1856K)
[198.174s][info][gc             ] GC(654) Pause Young (Allocation Failure) 551M->442M(865M) 30.307ms
[198.174s][info][gc,cpu         ] GC(654) User=0.06s Sys=0.00s Real=0.03s
[198.433s][info][gc,start       ] GC(655) Pause Young (Allocation Failure)
[198.453s][info][gc,heap        ] GC(655) PSYoungGen: 130592K(218112K)->16944K(221696K) Eden: 126976K(126976K)->0K(126976K) From: 3616K(91136K)->16944K(94720K)
[198.454s][info][gc,heap        ] GC(655) ParOldGen: 449070K(667648K)->449070K(667648K)
[198.454s][info][gc,metaspace   ] GC(655) Metaspace: 18524K(18624K)->18524K(18624K) NonClass: 16696K(16768K)->16696K(16768K) Class: 1828K(1856K)->1828K(1856K)
[198.454s][info][gc             ] GC(655) Pause Young (Allocation Failure) 566M->455M(868M) 20.258ms
[198.454s][info][gc,cpu         ] GC(655) User=0.04s Sys=0.00s Real=0.02s
[198.607s][info][gc,start       ] GC(656) Pause Young (Allocation Failure)
[198.634s][info][gc,heap        ] GC(656) PSYoungGen: 143920K(221696K)->26272K(216064K) Eden: 126976K(126976K)->0K(138240K) From: 16944K(94720K)->26272K(77824K)
[198.634s][info][gc,heap        ] GC(656) ParOldGen: 449070K(667648K)->449070K(667648K)
[198.634s][info][gc,metaspace   ] GC(656) Metaspace: 18524K(18624K)->18524K(18624K) NonClass: 16696K(16768K)->16696K(16768K) Class: 1828K(1856K)->1828K(1856K)
[198.634s][info][gc             ] GC(656) Pause Young (Allocation Failure) 579M->464M(863M) 27.061ms
[198.634s][info][gc,cpu         ] GC(656) User=0.05s Sys=0.00s Real=0.02s
[198.797s][info][gc,start       ] GC(657) Pause Young (Allocation Failure)
[198.847s][info][gc,heap        ] GC(657) PSYoungGen: 164512K(216064K)->57136K(221696K) Eden: 138240K(138240K)->0K(138240K) From: 26272K(77824K)->57136K(83456K)
[198.847s][info][gc,heap        ] GC(657) ParOldGen: 449070K(667648K)->449070K(667648K)
[198.847s][info][gc,metaspace   ] GC(657) Metaspace: 18524K(18624K)->18524K(18624K) NonClass: 16696K(16768K)->16696K(16768K) Class: 1828K(1856K)->1828K(1856K)
[198.847s][info][gc             ] GC(657) Pause Young (Allocation Failure) 599M->494M(868M) 50.273ms
[198.847s][info][gc,cpu         ] GC(657) User=0.10s Sys=0.01s Real=0.05s
[198.963s][info][gc,start       ] GC(658) Pause Young (Allocation Failure)
[199.056s][info][gc,heap        ] GC(658) PSYoungGen: 195376K(221696K)->89584K(201216K) Eden: 138240K(138240K)->0K(111616K) From: 57136K(83456K)->89584K(89600K)
[199.056s][info][gc,heap        ] GC(658) ParOldGen: 449070K(667648K)->464310K(667648K)
[199.056s][info][gc,metaspace   ] GC(658) Metaspace: 18524K(18624K)->18524K(18624K) NonClass: 16696K(16768K)->16696K(16768K) Class: 1828K(1856K)->1828K(1856K)
[199.056s][info][gc             ] GC(658) Pause Young (Allocation Failure) 629M->540M(848M) 92.827ms
[199.056s][info][gc,cpu         ] GC(658) User=0.17s Sys=0.01s Real=0.09s
[199.205s][info][gc,start       ] GC(659) Pause Young (Allocation Failure)
[199.282s][info][gc,heap        ] GC(659) PSYoungGen: 201200K(201216K)->75856K(222720K) Eden: 111616K(111616K)->0K(111616K) From: 89584K(89600K)->75856K(111104K)
[199.282s][info][gc,heap        ] GC(659) ParOldGen: 464310K(667648K)->481251K(667648K)
[199.282s][info][gc,metaspace   ] GC(659) Metaspace: 18524K(18624K)->18524K(18624K) NonClass: 16696K(16768K)->16696K(16768K) Class: 1828K(1856K)->1828K(1856K)
[199.282s][info][gc             ] GC(659) Pause Young (Allocation Failure) 649M->544M(869M) 76.951ms
[199.282s][info][gc,cpu         ] GC(659) User=0.15s Sys=0.00s Real=0.08s
[199.462s][info][gc,start       ] GC(660) Pause Young (Allocation Failure)
[199.558s][info][gc,heap        ] GC(660) PSYoungGen: 187472K(222720K)->62191K(222720K) Eden: 111616K(111616K)->0K(111616K) From: 75856K(111104K)->62191K(111104K)
[199.558s][info][gc,heap        ] GC(660) ParOldGen: 481251K(667648K)->518332K(667648K)
[199.558s][info][gc,metaspace   ] GC(660) Metaspace: 18524K(18624K)->18524K(18624K) NonClass: 16696K(16768K)->16696K(16768K) Class: 1828K(1856K)->1828K(1856K)
[199.558s][info][gc             ] GC(660) Pause Young (Allocation Failure) 653M->566M(869M) 96.405ms
[199.558s][info][gc,cpu         ] GC(660) User=0.19s Sys=0.00s Real=0.10s
[199.675s][info][gc,start       ] GC(661) Pause Young (Allocation Failure)
[199.768s][info][gc,heap        ] GC(661) PSYoungGen: 173807K(222720K)->46271K(222720K) Eden: 111616K(111616K)->0K(111616K) From: 62191K(111104K)->46271K(111104K)
[199.768s][info][gc,heap        ] GC(661) ParOldGen: 518332K(667648K)->557812K(667648K)
[199.768s][info][gc,metaspace   ] GC(661) Metaspace: 18524K(18624K)->18524K(18624K) NonClass: 16696K(16768K)->16696K(16768K) Class: 1828K(1856K)->1828K(1856K)
[199.768s][info][gc             ] GC(661) Pause Young (Allocation Failure) 675M->589M(869M) 92.202ms
[199.768s][info][gc,cpu         ] GC(661) User=0.18s Sys=0.00s Real=0.10s
[199.904s][info][gc,start       ] GC(662) Pause Young (Allocation Failure)
[199.983s][info][gc,heap        ] GC(662) PSYoungGen: 157887K(222720K)->15936K(222720K) Eden: 111616K(111616K)->0K(111616K) From: 46271K(111104K)->15936K(111104K)
[199.983s][info][gc,heap        ] GC(662) ParOldGen: 557812K(667648K)->604170K(667648K)
[199.983s][info][gc,metaspace   ] GC(662) Metaspace: 18524K(18624K)->18524K(18624K) NonClass: 16696K(16768K)->16696K(16768K) Class: 1828K(1856K)->1828K(1856K)
[199.983s][info][gc             ] GC(662) Pause Young (Allocation Failure) 698M->605M(869M) 78.728ms
[199.983s][info][gc,cpu         ] GC(662) User=0.16s Sys=0.00s Real=0.08s
[200.060s][info][gc,start       ] GC(663) Pause Young (Allocation Failure)
[200.080s][info][gc,heap        ] GC(663) PSYoungGen: 127552K(222720K)->256K(112128K) Eden: 111616K(111616K)->0K(111616K) From: 15936K(111104K)->256K(512K)
[200.080s][info][gc,heap        ] GC(663) ParOldGen: 604170K(667648K)->620122K(667648K)
[200.080s][info][gc,metaspace   ] GC(663) Metaspace: 18524K(18624K)->18524K(18624K) NonClass: 16696K(16768K)->16696K(16768K) Class: 1828K(1856K)->1828K(1856K)
[200.080s][info][gc             ] GC(663) Pause Young (Allocation Failure) 714M->605M(761M) 19.716ms
[200.080s][info][gc,cpu         ] GC(663) User=0.04s Sys=0.00s Real=0.02s
[200.193s][info][gc,start       ] GC(664) Pause Full (Allocation Failure)
[200.193s][info][gc,phases,start] GC(664) Marking Phase
[200.576s][info][gc,phases      ] GC(664) Marking Phase 383.004ms
[200.576s][info][gc,phases,start] GC(664) Summary Phase
[200.576s][info][gc,phases      ] GC(664) Summary Phase 0.026ms
[200.576s][info][gc,phases,start] GC(664) Forward
[200.635s][info][gc,phases      ] GC(664) Forward 58.560ms
[200.635s][info][gc,phases,start] GC(664) Adjust Pointers
[200.914s][info][gc,phases      ] GC(664) Adjust Pointers 278.763ms
[200.914s][info][gc,phases,start] GC(664) Compaction Phase
[201.059s][info][gc,phases      ] GC(664) Compaction Phase 145.741ms
[201.065s][info][gc,phases,start] GC(664) Post Compact
[201.067s][info][gc,phases      ] GC(664) Post Compact 2.224ms
[201.067s][info][gc,heap        ] GC(664) PSYoungGen: 111872K(112128K)->0K(222208K) Eden: 111616K(111616K)->0K(111616K) From: 256K(512K)->0K(110592K)
[201.067s][info][gc,heap        ] GC(664) ParOldGen: 620122K(667648K)->533042K(667648K)
[201.067s][info][gc,metaspace   ] GC(664) Metaspace: 18524K(18624K)->18524K(18624K) NonClass: 16696K(16768K)->16696K(16768K) Class: 1828K(1856K)->1828K(1856K)
[201.067s][info][gc             ] GC(664) Pause Full (Allocation Failure) 714M->520M(869M) 874.350ms
[201.067s][info][gc,cpu         ] GC(664) User=1.69s Sys=0.00s Real=0.88s
[201.198s][info][gc,start       ] GC(665) Pause Young (Allocation Failure)
[201.210s][info][gc,heap        ] GC(665) PSYoungGen: 111616K(222208K)->4192K(116224K) Eden: 111616K(111616K)->0K(111616K) From: 0K(110592K)->4192K(4608K)
[201.210s][info][gc,heap        ] GC(665) ParOldGen: 533042K(667648K)->533042K(667648K)
[201.210s][info][gc,metaspace   ] GC(665) Metaspace: 18524K(18624K)->18524K(18624K) NonClass: 16696K(16768K)->16696K(16768K) Class: 1828K(1856K)->1828K(1856K)
[201.210s][info][gc             ] GC(665) Pause Young (Allocation Failure) 629M->524M(765M) 11.789ms
[201.210s][info][gc,cpu         ] GC(665) User=0.03s Sys=0.00s Real=0.01s
[201.358s][info][gc,start       ] GC(666) Pause Young (Allocation Failure)
[201.385s][info][gc,heap        ] GC(666) PSYoungGen: 115807K(116224K)->8864K(224768K) Eden: 111615K(111616K)->0K(116224K) From: 4192K(4608K)->8864K(108544K)
[201.385s][info][gc,heap        ] GC(666) ParOldGen: 533042K(667648K)->537218K(667648K)
[201.385s][info][gc,metaspace   ] GC(666) Metaspace: 18524K(18624K)->18524K(18624K) NonClass: 16696K(16768K)->16696K(16768K) Class: 1828K(1856K)->1828K(1856K)
[201.385s][info][gc             ] GC(666) Pause Young (Allocation Failure) 633M->533M(871M) 26.292ms
[201.385s][info][gc,cpu         ] GC(666) User=0.05s Sys=0.00s Real=0.02s
[201.550s][info][gc,start       ] GC(667) Pause Young (Allocation Failure)
[201.577s][info][gc,heap        ] GC(667) PSYoungGen: 125088K(224768K)->13712K(130048K) Eden: 116224K(116224K)->0K(116224K) From: 8864K(108544K)->13712K(13824K)
[201.577s][info][gc,heap        ] GC(667) ParOldGen: 537218K(667648K)->546090K(667648K)
[201.577s][info][gc,metaspace   ] GC(667) Metaspace: 18524K(18624K)->18524K(18624K) NonClass: 16696K(16768K)->16696K(16768K) Class: 1828K(1856K)->1828K(1856K)
[201.577s][info][gc             ] GC(667) Pause Young (Allocation Failure) 646M->546M(779M) 26.675ms
[201.577s][info][gc,cpu         ] GC(667) User=0.05s Sys=0.01s Real=0.03s
[201.687s][info][gc,start       ] GC(668) Pause Young (Allocation Failure)
[201.734s][info][gc,heap        ] GC(668) PSYoungGen: 129936K(130048K)->32690K(223232K) Eden: 116224K(116224K)->0K(125952K) From: 13712K(13824K)->32690K(97280K)
[201.734s][info][gc,heap        ] GC(668) ParOldGen: 546090K(667648K)->559818K(667648K)
[201.734s][info][gc,metaspace   ] GC(668) Metaspace: 18524K(18624K)->18524K(18624K) NonClass: 16696K(16768K)->16696K(16768K) Class: 1828K(1856K)->1828K(1856K)
[201.734s][info][gc             ] GC(668) Pause Young (Allocation Failure) 660M->578M(870M) 47.694ms
[201.735s][info][gc,cpu         ] GC(668) User=0.09s Sys=0.00s Real=0.04s
[201.807s][info][gc,start       ] GC(669) Pause Young (Allocation Failure)
[201.867s][info][gc,heap        ] GC(669) PSYoungGen: 158642K(223232K)->45984K(220672K) Eden: 125952K(125952K)->0K(125952K) From: 32690K(97280K)->45984K(94720K)
[201.867s][info][gc,heap        ] GC(669) ParOldGen: 559818K(667648K)->592783K(667648K)
[201.867s][info][gc,metaspace   ] GC(669) Metaspace: 18524K(18624K)->18524K(18624K) NonClass: 16696K(16768K)->16696K(16768K) Class: 1828K(1856K)->1828K(1856K)
[201.867s][info][gc             ] GC(669) Pause Young (Allocation Failure) 701M->623M(867M) 59.934ms
[201.867s][info][gc,cpu         ] GC(669) User=0.11s Sys=0.00s Real=0.06s
[202.111s][info][gc,start       ] GC(670) Pause Young (Allocation Failure)
[202.161s][info][gc,heap        ] GC(670) PSYoungGen: 171936K(220672K)->12736K(227840K) Eden: 125952K(125952K)->0K(140288K) From: 45984K(94720K)->12736K(87552K)
[202.161s][info][gc,heap        ] GC(670) ParOldGen: 592783K(667648K)->639336K(667648K)
[202.161s][info][gc,metaspace   ] GC(670) Metaspace: 18524K(18624K)->18524K(18624K) NonClass: 16696K(16768K)->16696K(16768K) Class: 1828K(1856K)->1828K(1856K)
[202.161s][info][gc             ] GC(670) Pause Young (Allocation Failure) 746M->636M(874M) 50.429ms
[202.161s][info][gc,cpu         ] GC(670) User=0.09s Sys=0.01s Real=0.05s
[202.377s][info][gc,start       ] GC(671) Pause Full (Allocation Failure)
[202.377s][info][gc,phases,start] GC(671) Marking Phase
[202.763s][info][gc,phases      ] GC(671) Marking Phase 385.327ms
[202.763s][info][gc,phases,start] GC(671) Summary Phase
[202.763s][info][gc,phases      ] GC(671) Summary Phase 0.030ms
[202.763s][info][gc,phases,start] GC(671) Forward
[202.884s][info][gc,phases      ] GC(671) Forward 120.974ms
[202.884s][info][gc,phases,start] GC(671) Adjust Pointers
[203.178s][info][gc,phases      ] GC(671) Adjust Pointers 293.788ms
[203.178s][info][gc,phases,start] GC(671) Compaction Phase
[203.350s][info][gc,phases      ] GC(671) Compaction Phase 172.690ms
[203.363s][info][gc,phases,start] GC(671) Post Compact
[203.365s][info][gc,phases      ] GC(671) Post Compact 2.349ms
[203.365s][info][gc,heap        ] GC(671) PSYoungGen: 153024K(227840K)->0K(231424K) Eden: 140288K(140288K)->0K(140288K) From: 12736K(87552K)->0K(91136K)
[203.365s][info][gc,heap        ] GC(671) ParOldGen: 639336K(667648K)->527198K(667648K)
[203.365s][info][gc,metaspace   ] GC(671) Metaspace: 18524K(18624K)->18524K(18624K) NonClass: 16696K(16768K)->16696K(16768K) Class: 1828K(1856K)->1828K(1856K)
[203.365s][info][gc             ] GC(671) Pause Full (Allocation Failure) 773M->514M(878M) 987.761ms
[203.365s][info][gc,cpu         ] GC(671) User=1.88s Sys=0.00s Real=0.98s
[203.544s][info][gc,start       ] GC(672) Pause Young (Allocation Failure)
[203.572s][info][gc,heap        ] GC(672) PSYoungGen: 140288K(231424K)->23584K(232448K) Eden: 140288K(140288K)->0K(151552K) From: 0K(91136K)->23584K(80896K)
[203.572s][info][gc,heap        ] GC(672) ParOldGen: 527198K(667648K)->527198K(667648K)
[203.572s][info][gc,metaspace   ] GC(672) Metaspace: 18524K(18624K)->18524K(18624K) NonClass: 16696K(16768K)->16696K(16768K) Class: 1828K(1856K)->1828K(1856K)
[203.572s][info][gc             ] GC(672) Pause Young (Allocation Failure) 651M->537M(879M) 28.186ms
[203.572s][info][gc,cpu         ] GC(672) User=0.06s Sys=0.00s Real=0.03s
[203.696s][info][gc,start       ] GC(673) Pause Young (Allocation Failure)
[203.727s][info][gc,heap        ] GC(673) PSYoungGen: 175136K(232448K)->27968K(237568K) Eden: 151552K(151552K)->0K(151552K) From: 23584K(80896K)->27968K(86016K)
[203.727s][info][gc,heap        ] GC(673) ParOldGen: 527198K(667648K)->527198K(667648K)
[203.727s][info][gc,metaspace   ] GC(673) Metaspace: 18524K(18624K)->18524K(18624K) NonClass: 16696K(16768K)->16696K(16768K) Class: 1828K(1856K)->1828K(1856K)
[203.727s][info][gc             ] GC(673) Pause Young (Allocation Failure) 685M->542M(884M) 31.384ms
[203.727s][info][gc,cpu         ] GC(673) User=0.07s Sys=0.00s Real=0.04s
[203.887s][info][gc,start       ] GC(674) Pause Young (Allocation Failure)
[203.921s][info][gc,heap        ] GC(674) PSYoungGen: 179520K(237568K)->28640K(235520K) Eden: 151552K(151552K)->0K(164864K) From: 27968K(86016K)->28640K(70656K)
[203.921s][info][gc,heap        ] GC(674) ParOldGen: 527198K(667648K)->527198K(667648K)
[203.922s][info][gc,metaspace   ] GC(674) Metaspace: 18524K(18624K)->18524K(18624K) NonClass: 16696K(16768K)->16696K(16768K) Class: 1828K(1856K)->1828K(1856K)
[203.922s][info][gc             ] GC(674) Pause Young (Allocation Failure) 690M->542M(882M) 34.155ms
[203.922s][info][gc,cpu         ] GC(674) User=0.07s Sys=0.00s Real=0.03s
[204.128s][info][gc,start       ] GC(675) Pause Young (Allocation Failure)
[204.171s][info][gc,heap        ] GC(675) PSYoungGen: 193504K(235520K)->38272K(240128K) Eden: 164864K(164864K)->0K(164864K) From: 28640K(70656K)->38272K(75264K)
[204.171s][info][gc,heap        ] GC(675) ParOldGen: 527198K(667648K)->527198K(667648K)
[204.171s][info][gc,metaspace   ] GC(675) Metaspace: 18524K(18624K)->18524K(18624K) NonClass: 16696K(16768K)->16696K(16768K) Class: 1828K(1856K)->1828K(1856K)
[204.171s][info][gc             ] GC(675) Pause Young (Allocation Failure) 703M->552M(886M) 42.405ms
[204.171s][info][gc,cpu         ] GC(675) User=0.09s Sys=0.00s Real=0.04s
[204.415s][info][gc,start       ] GC(676) Pause Young (Allocation Failure)
[204.482s][info][gc,heap        ] GC(676) PSYoungGen: 203136K(240128K)->61344K(245248K) Eden: 164864K(164864K)->0K(171008K) From: 38272K(75264K)->61344K(74240K)
[204.482s][info][gc,heap        ] GC(676) ParOldGen: 527198K(667648K)->527198K(667648K)
[204.482s][info][gc,metaspace   ] GC(676) Metaspace: 18524K(18624K)->18524K(18624K) NonClass: 16696K(16768K)->16696K(16768K) Class: 1828K(1856K)->1828K(1856K)
[204.482s][info][gc             ] GC(676) Pause Young (Allocation Failure) 713M->574M(891M) 67.182ms
[204.482s][info][gc,cpu         ] GC(676) User=0.13s Sys=0.00s Real=0.07s
[204.992s][info][gc,start       ] GC(677) Pause Young (Allocation Failure)
[205.057s][info][gc,heap        ] GC(677) PSYoungGen: 232352K(245248K)->61632K(232960K) Eden: 171008K(171008K)->0K(171008K) From: 61344K(74240K)->61632K(61952K)
[205.057s][info][gc,heap        ] GC(677) ParOldGen: 527198K(667648K)->527198K(667648K)
[205.057s][info][gc,metaspace   ] GC(677) Metaspace: 18524K(18624K)->18524K(18624K) NonClass: 16696K(16768K)->16696K(16768K) Class: 1828K(1856K)->1828K(1856K)
[205.057s][info][gc             ] GC(677) Pause Young (Allocation Failure) 741M->575M(879M) 64.925ms
[205.057s][info][gc,cpu         ] GC(677) User=0.12s Sys=0.00s Real=0.07s
[205.492s][info][gc,start       ] GC(678) Pause Young (Allocation Failure)
[205.557s][info][gc,heap        ] GC(678) PSYoungGen: 232640K(232960K)->61424K(238080K) Eden: 171008K(171008K)->0K(150528K) From: 61632K(61952K)->61424K(87552K)
[205.557s][info][gc,heap        ] GC(678) ParOldGen: 527198K(667648K)->527198K(667648K)
[205.557s][info][gc,metaspace   ] GC(678) Metaspace: 18524K(18624K)->18524K(18624K) NonClass: 16696K(16768K)->16696K(16768K) Class: 1828K(1856K)->1828K(1856K)
[205.557s][info][gc             ] GC(678) Pause Young (Allocation Failure) 742M->574M(884M) 64.865ms
[205.557s][info][gc,cpu         ] GC(678) User=0.13s Sys=0.00s Real=0.07s
[205.903s][info][gc,start       ] GC(679) Pause Young (Allocation Failure)
[205.978s][info][gc,heap        ] GC(679) PSYoungGen: 211952K(238080K)->61424K(211968K) Eden: 150528K(150528K)->0K(150528K) From: 61424K(87552K)->61424K(61440K)
[205.978s][info][gc,heap        ] GC(679) ParOldGen: 527198K(667648K)->527198K(667648K)
[205.978s][info][gc,metaspace   ] GC(679) Metaspace: 18524K(18624K)->18524K(18624K) NonClass: 16696K(16768K)->16696K(16768K) Class: 1828K(1856K)->1828K(1856K)
[205.978s][info][gc             ] GC(679) Pause Young (Allocation Failure) 721M->574M(859M) 74.806ms
[205.978s][info][gc,cpu         ] GC(679) User=0.15s Sys=0.00s Real=0.08s
[206.332s][info][gc,start       ] GC(680) Pause Young (Allocation Failure)
[206.398s][info][gc,heap        ] GC(680) PSYoungGen: 211952K(211968K)->61952K(233472K) Eden: 150528K(150528K)->0K(138240K) From: 61424K(61440K)->61952K(95232K)
[206.398s][info][gc,heap        ] GC(680) ParOldGen: 527198K(667648K)->527198K(667648K)
[206.398s][info][gc,metaspace   ] GC(680) Metaspace: 18524K(18624K)->18524K(18624K) NonClass: 16696K(16768K)->16696K(16768K) Class: 1828K(1856K)->1828K(1856K)
[206.398s][info][gc             ] GC(680) Pause Young (Allocation Failure) 721M->575M(880M) 65.823ms
[206.398s][info][gc,cpu         ] GC(680) User=0.13s Sys=0.00s Real=0.07s
[206.538s][info][gc,start       ] GC(681) Pause Young (Allocation Failure)
[206.639s][info][gc,heap        ] GC(681) PSYoungGen: 200192K(233472K)->97760K(236032K) Eden: 138240K(138240K)->0K(138240K) From: 61952K(95232K)->97760K(97792K)
[206.639s][info][gc,heap        ] GC(681) ParOldGen: 527198K(667648K)->538686K(667648K)
[206.639s][info][gc,metaspace   ] GC(681) Metaspace: 18524K(18624K)->18524K(18624K) NonClass: 16696K(16768K)->16696K(16768K) Class: 1828K(1856K)->1828K(1856K)
[206.639s][info][gc             ] GC(681) Pause Young (Allocation Failure) 710M->621M(882M) 100.569ms
[206.639s][info][gc,cpu         ] GC(681) User=0.20s Sys=0.00s Real=0.10s
[206.851s][info][gc,start       ] GC(682) Pause Young (Allocation Failure)
[206.974s][info][gc,heap        ] GC(682) PSYoungGen: 236000K(236032K)->97776K(209408K) Eden: 138240K(138240K)->0K(111616K) From: 97760K(97792K)->97776K(97792K)
[206.974s][info][gc,heap        ] GC(682) ParOldGen: 538686K(667648K)->569670K(667648K)
[206.974s][info][gc,metaspace   ] GC(682) Metaspace: 18524K(18624K)->18524K(18624K) NonClass: 16696K(16768K)->16696K(16768K) Class: 1828K(1856K)->1828K(1856K)
[206.974s][info][gc             ] GC(682) Pause Young (Allocation Failure) 756M->651M(856M) 123.476ms
[206.974s][info][gc,cpu         ] GC(682) User=0.23s Sys=0.01s Real=0.12s
[207.110s][info][gc,start       ] GC(683) Pause Young (Allocation Failure)
[207.199s][info][gc,heap        ] GC(683) PSYoungGen: 209392K(209408K)->89904K(222720K) Eden: 111616K(111616K)->0K(111616K) From: 97776K(97792K)->89904K(111104K)
[207.199s][info][gc,heap        ] GC(683) ParOldGen: 569670K(667648K)->580030K(667648K)
[207.199s][info][gc,metaspace   ] GC(683) Metaspace: 18524K(18624K)->18524K(18624K) NonClass: 16696K(16768K)->16696K(16768K) Class: 1828K(1856K)->1828K(1856K)
[207.199s][info][gc             ] GC(683) Pause Young (Allocation Failure) 760M->654M(869M) 88.378ms
[207.199s][info][gc,cpu         ] GC(683) User=0.17s Sys=0.00s Real=0.09s
[207.351s][info][gc,start       ] GC(684) Pause Young (Allocation Failure)
[207.474s][info][gc,heap        ] GC(684) PSYoungGen: 201520K(222720K)->100880K(222720K) Eden: 111616K(111616K)->0K(111616K) From: 89904K(111104K)->100880K(111104K)
[207.475s][info][gc,heap        ] GC(684) ParOldGen: 580030K(667648K)->603223K(667648K)
[207.475s][info][gc,metaspace   ] GC(684) Metaspace: 18524K(18624K)->18524K(18624K) NonClass: 16696K(16768K)->16696K(16768K) Class: 1828K(1856K)->1828K(1856K)
[207.475s][info][gc             ] GC(684) Pause Young (Allocation Failure) 763M->687M(869M) 123.346ms
[207.475s][info][gc,cpu         ] GC(684) User=0.25s Sys=0.00s Real=0.12s
[207.601s][info][gc,start       ] GC(685) Pause Young (Allocation Failure)
[207.725s][info][gc,heap        ] GC(685) PSYoungGen: 212496K(222720K)->111088K(222720K) Eden: 111616K(111616K)->0K(111616K) From: 100880K(111104K)->111088K(111104K)
[207.725s][info][gc,heap        ] GC(685) ParOldGen: 603223K(667648K)->614807K(667648K)
[207.725s][info][gc,metaspace   ] GC(685) Metaspace: 18524K(18624K)->18524K(18624K) NonClass: 16696K(16768K)->16696K(16768K) Class: 1828K(1856K)->1828K(1856K)
[207.725s][info][gc             ] GC(685) Pause Young (Allocation Failure) 796M->708M(869M) 124.355ms
[207.725s][info][gc,cpu         ] GC(685) User=0.24s Sys=0.00s Real=0.12s
[207.839s][info][gc,start       ] GC(686) Pause Young (Allocation Failure)
[207.970s][info][gc,heap        ] GC(686) PSYoungGen: 222704K(222720K)->83264K(222720K) Eden: 111616K(111616K)->0K(111616K) From: 111088K(111104K)->83264K(111104K)
[207.970s][info][gc,heap        ] GC(686) ParOldGen: 614807K(667648K)->648671K(667648K)
[207.970s][info][gc,metaspace   ] GC(686) Metaspace: 18524K(18624K)->18524K(18624K) NonClass: 16696K(16768K)->16696K(16768K) Class: 1828K(1856K)->1828K(1856K)
[207.970s][info][gc             ] GC(686) Pause Young (Allocation Failure) 817M->714M(869M) 130.830ms
[207.970s][info][gc,cpu         ] GC(686) User=0.26s Sys=0.01s Real=0.13s
[208.061s][info][gc,start       ] GC(687) Pause Full (Allocation Failure)
[208.061s][info][gc,phases,start] GC(687) Marking Phase
[208.589s][info][gc,phases      ] GC(687) Marking Phase 528.630ms
[208.589s][info][gc,phases,start] GC(687) Summary Phase
[208.589s][info][gc,phases      ] GC(687) Summary Phase 0.031ms
[208.589s][info][gc,phases,start] GC(687) Forward
[208.732s][info][gc,phases      ] GC(687) Forward 143.067ms
[208.732s][info][gc,phases,start] GC(687) Adjust Pointers
[209.132s][info][gc,phases      ] GC(687) Adjust Pointers 399.343ms
[209.132s][info][gc,phases,start] GC(687) Compaction Phase
[209.399s][info][gc,phases      ] GC(687) Compaction Phase 267.587ms
[209.414s][info][gc,phases,start] GC(687) Post Compact
[209.416s][info][gc,phases      ] GC(687) Post Compact 2.453ms
[209.416s][info][gc,heap        ] GC(687) PSYoungGen: 194880K(222720K)->10003K(222720K) Eden: 111616K(111616K)->0K(111616K) From: 83264K(111104K)->10003K(111104K)
[209.416s][info][gc,heap        ] GC(687) ParOldGen: 648671K(667648K)->667155K(667648K)
[209.416s][info][gc,metaspace   ] GC(687) Metaspace: 18524K(18624K)->18524K(18624K) NonClass: 16696K(16768K)->16696K(16768K) Class: 1828K(1856K)->1828K(1856K)
[209.416s][info][gc             ] GC(687) Pause Full (Allocation Failure) 823M->661M(869M) 1355.577ms
[209.416s][info][gc,cpu         ] GC(687) User=2.63s Sys=0.01s Real=1.35s
[209.543s][info][gc,start       ] GC(688) Pause Full (Allocation Failure)
[209.543s][info][gc,phases,start] GC(688) Marking Phase
[209.948s][info][gc,phases      ] GC(688) Marking Phase 405.130ms
[209.948s][info][gc,phases,start] GC(688) Summary Phase
[209.948s][info][gc,phases      ] GC(688) Summary Phase 0.028ms
[209.948s][info][gc,phases,start] GC(688) Forward
[210.072s][info][gc,phases      ] GC(688) Forward 123.471ms
[210.072s][info][gc,phases,start] GC(688) Adjust Pointers
[210.374s][info][gc,phases      ] GC(688) Adjust Pointers 301.695ms
[210.374s][info][gc,phases,start] GC(688) Compaction Phase
[210.533s][info][gc,phases      ] GC(688) Compaction Phase 159.648ms
[210.545s][info][gc,phases,start] GC(688) Post Compact
[210.547s][info][gc,phases      ] GC(688) Post Compact 2.326ms
[210.548s][info][gc,heap        ] GC(688) PSYoungGen: 121619K(222720K)->0K(222720K) Eden: 111616K(111616K)->0K(111616K) From: 10003K(111104K)->0K(111104K)
[210.548s][info][gc,heap        ] GC(688) ParOldGen: 667155K(667648K)->545085K(667648K)
[210.548s][info][gc,metaspace   ] GC(688) Metaspace: 18524K(18624K)->18524K(18624K) NonClass: 16696K(16768K)->16696K(16768K) Class: 1828K(1856K)->1828K(1856K)
[210.548s][info][gc             ] GC(688) Pause Full (Allocation Failure) 770M->532M(869M) 1004.422ms
[210.548s][info][gc,cpu         ] GC(688) User=1.91s Sys=0.00s Real=1.01s
[210.670s][info][gc,start       ] GC(689) Pause Young (Allocation Failure)
[210.679s][info][gc,heap        ] GC(689) PSYoungGen: 111616K(222720K)->4224K(222720K) Eden: 111616K(111616K)->0K(111616K) From: 0K(111104K)->4224K(111104K)
[210.679s][info][gc,heap        ] GC(689) ParOldGen: 545085K(667648K)->545085K(667648K)
[210.679s][info][gc,metaspace   ] GC(689) Metaspace: 18524K(18624K)->18524K(18624K) NonClass: 16696K(16768K)->16696K(16768K) Class: 1828K(1856K)->1828K(1856K)
[210.679s][info][gc             ] GC(689) Pause Young (Allocation Failure) 641M->536M(869M) 9.176ms
[210.679s][info][gc,cpu         ] GC(689) User=0.01s Sys=0.00s Real=0.01s
[210.803s][info][gc,start       ] GC(690) Pause Young (Allocation Failure)
[210.822s][info][gc,heap        ] GC(690) PSYoungGen: 115840K(222720K)->14336K(222720K) Eden: 111616K(111616K)->0K(111616K) From: 4224K(111104K)->14336K(111104K)
[210.822s][info][gc,heap        ] GC(690) ParOldGen: 545085K(667648K)->545085K(667648K)
[210.822s][info][gc,metaspace   ] GC(690) Metaspace: 18524K(18624K)->18524K(18624K) NonClass: 16696K(16768K)->16696K(16768K) Class: 1828K(1856K)->1828K(1856K)
[210.822s][info][gc             ] GC(690) Pause Young (Allocation Failure) 645M->546M(869M) 19.697ms
[210.822s][info][gc,cpu         ] GC(690) User=0.03s Sys=0.00s Real=0.02s
[210.988s][info][gc,start       ] GC(691) Pause Young (Allocation Failure)
[211.023s][info][gc,heap        ] GC(691) PSYoungGen: 125952K(222720K)->26715K(222720K) Eden: 111616K(111616K)->0K(111616K) From: 14336K(111104K)->26715K(111104K)
[211.023s][info][gc,heap        ] GC(691) ParOldGen: 545085K(667648K)->549285K(667648K)
[211.023s][info][gc,metaspace   ] GC(691) Metaspace: 18525K(18624K)->18525K(18624K) NonClass: 16696K(16768K)->16696K(16768K) Class: 1828K(1856K)->1828K(1856K)
[211.023s][info][gc             ] GC(691) Pause Young (Allocation Failure) 655M->562M(869M) 35.266ms
[211.023s][info][gc,cpu         ] GC(691) User=0.07s Sys=0.00s Real=0.03s
[211.126s][info][gc,start       ] GC(692) Pause Young (Allocation Failure)
[211.175s][info][gc,heap        ] GC(692) PSYoungGen: 138331K(222720K)->16672K(222720K) Eden: 111616K(111616K)->0K(111616K) From: 26715K(111104K)->16672K(111104K)
[211.175s][info][gc,heap        ] GC(692) ParOldGen: 549285K(667648K)->576058K(667648K)
[211.175s][info][gc,metaspace   ] GC(692) Metaspace: 18525K(18624K)->18525K(18624K) NonClass: 16696K(16768K)->16696K(16768K) Class: 1828K(1856K)->1828K(1856K)
[211.175s][info][gc             ] GC(692) Pause Young (Allocation Failure) 671M->578M(869M) 48.801ms
[211.175s][info][gc,cpu         ] GC(692) User=0.10s Sys=0.00s Real=0.05s
[211.339s][info][gc,start       ] GC(693) Pause Young (Allocation Failure)
[211.364s][info][gc,heap        ] GC(693) PSYoungGen: 128288K(222720K)->6496K(222720K) Eden: 111616K(111616K)->0K(111616K) From: 16672K(111104K)->6496K(111104K)
[211.364s][info][gc,heap        ] GC(693) ParOldGen: 576058K(667648K)->592786K(667648K)
[211.364s][info][gc,metaspace   ] GC(693) Metaspace: 18525K(18624K)->18525K(18624K) NonClass: 16696K(16768K)->16696K(16768K) Class: 1828K(1856K)->1828K(1856K)
[211.364s][info][gc             ] GC(693) Pause Young (Allocation Failure) 687M->585M(869M) 24.984ms
[211.364s][info][gc,cpu         ] GC(693) User=0.05s Sys=0.00s Real=0.02s
[211.501s][info][gc,start       ] GC(694) Pause Young (Allocation Failure)
[211.526s][info][gc,heap        ] GC(694) PSYoungGen: 118112K(222720K)->21328K(222720K) Eden: 111616K(111616K)->0K(111616K) From: 6496K(111104K)->21328K(111104K)
[211.526s][info][gc,heap        ] GC(694) ParOldGen: 592786K(667648K)->599274K(667648K)
[211.526s][info][gc,metaspace   ] GC(694) Metaspace: 18530K(18624K)->18530K(18624K) NonClass: 16701K(16768K)->16701K(16768K) Class: 1828K(1856K)->1828K(1856K)
[211.526s][info][gc             ] GC(694) Pause Young (Allocation Failure) 694M->606M(869M) 25.368ms
[211.526s][info][gc,cpu         ] GC(694) User=0.05s Sys=0.00s Real=0.03s
[211.661s][info][gc,start       ] GC(695) Pause Young (Allocation Failure)
[211.698s][info][gc,heap        ] GC(695) PSYoungGen: 132944K(222720K)->15616K(222720K) Eden: 111616K(111616K)->0K(111616K) From: 21328K(111104K)->15616K(111104K)
[211.698s][info][gc,heap        ] GC(695) ParOldGen: 599274K(667648K)->620762K(667648K)
[211.698s][info][gc,metaspace   ] GC(695) Metaspace: 18530K(18624K)->18530K(18624K) NonClass: 16701K(16768K)->16701K(16768K) Class: 1828K(1856K)->1828K(1856K)
[211.698s][info][gc             ] GC(695) Pause Young (Allocation Failure) 715M->621M(869M) 37.035ms
[211.698s][info][gc,cpu         ] GC(695) User=0.08s Sys=0.00s Real=0.04s
[211.822s][info][gc,start       ] GC(696) Pause Young (Allocation Failure)
[211.846s][info][gc,heap        ] GC(696) PSYoungGen: 127232K(222720K)->2816K(222720K) Eden: 111616K(111616K)->0K(111616K) From: 15616K(111104K)->2816K(111104K)
[211.846s][info][gc,heap        ] GC(696) ParOldGen: 620762K(667648K)->636122K(667648K)
[211.846s][info][gc,metaspace   ] GC(696) Metaspace: 18530K(18624K)->18530K(18624K) NonClass: 16701K(16768K)->16701K(16768K) Class: 1828K(1856K)->1828K(1856K)
[211.846s][info][gc             ] GC(696) Pause Young (Allocation Failure) 730M->623M(869M) 24.242ms
[211.846s][info][gc,cpu         ] GC(696) User=0.05s Sys=0.00s Real=0.02s
[212.168s][info][gc,start       ] GC(697) Pause Full (Allocation Failure)
[212.168s][info][gc,phases,start] GC(697) Marking Phase
[212.496s][info][gc,phases      ] GC(697) Marking Phase 328.518ms
[212.496s][info][gc,phases,start] GC(697) Summary Phase
[212.497s][info][gc,phases      ] GC(697) Summary Phase 0.025ms
[212.497s][info][gc,phases,start] GC(697) Forward
[212.565s][info][gc,phases      ] GC(697) Forward 68.651ms
[212.565s][info][gc,phases,start] GC(697) Adjust Pointers
[212.798s][info][gc,phases      ] GC(697) Adjust Pointers 233.146ms
[212.798s][info][gc,phases,start] GC(697) Compaction Phase
[212.932s][info][gc,phases      ] GC(697) Compaction Phase 133.707ms
[212.938s][info][gc,phases,start] GC(697) Post Compact
[212.940s][info][gc,phases      ] GC(697) Post Compact 2.222ms
[212.940s][info][gc,heap        ] GC(697) PSYoungGen: 114432K(222720K)->0K(222720K) Eden: 111616K(111616K)->0K(111616K) From: 2816K(111104K)->0K(111104K)
[212.940s][info][gc,heap        ] GC(697) ParOldGen: 636122K(667648K)->443793K(667648K)
[212.941s][info][gc,metaspace   ] GC(697) Metaspace: 18533K(18624K)->18533K(18624K) NonClass: 16704K(16768K)->16704K(16768K) Class: 1828K(1856K)->1828K(1856K)
[212.941s][info][gc             ] GC(697) Pause Full (Allocation Failure) 732M->433M(869M) 772.700ms
[212.941s][info][gc,cpu         ] GC(697) User=1.45s Sys=0.00s Real=0.77s
[213.185s][info][gc,start       ] GC(698) Pause Young (Allocation Failure)
[213.188s][info][gc,heap        ] GC(698) PSYoungGen: 111616K(222720K)->1376K(222720K) Eden: 111616K(111616K)->0K(111616K) From: 0K(111104K)->1376K(111104K)
[213.189s][info][gc,heap        ] GC(698) ParOldGen: 443793K(667648K)->443793K(667648K)
[213.189s][info][gc,metaspace   ] GC(698) Metaspace: 18533K(18624K)->18533K(18624K) NonClass: 16704K(16768K)->16704K(16768K) Class: 1828K(1856K)->1828K(1856K)
[213.189s][info][gc             ] GC(698) Pause Young (Allocation Failure) 542M->434M(869M) 3.907ms
[213.189s][info][gc,cpu         ] GC(698) User=0.01s Sys=0.00s Real=0.01s
[213.304s][info][gc,start       ] GC(699) Pause Young (Allocation Failure)
[213.320s][info][gc,heap        ] GC(699) PSYoungGen: 112992K(222720K)->13568K(222720K) Eden: 111616K(111616K)->0K(111616K) From: 1376K(111104K)->13568K(111104K)
[213.320s][info][gc,heap        ] GC(699) ParOldGen: 443793K(667648K)->445126K(667648K)
[213.320s][info][gc,metaspace   ] GC(699) Metaspace: 18533K(18624K)->18533K(18624K) NonClass: 16704K(16768K)->16704K(16768K) Class: 1828K(1856K)->1828K(1856K)
[213.320s][info][gc             ] GC(699) Pause Young (Allocation Failure) 543M->447M(869M) 15.793ms
[213.320s][info][gc,cpu         ] GC(699) User=0.04s Sys=0.00s Real=0.02s
[213.478s][info][gc,start       ] GC(700) Pause Young (Allocation Failure)
[213.500s][info][gc,heap        ] GC(700) PSYoungGen: 125184K(222720K)->9632K(222720K) Eden: 111616K(111616K)->0K(111616K) From: 13568K(111104K)->9632K(111104K)
[213.500s][info][gc,heap        ] GC(700) ParOldGen: 445126K(667648K)->458774K(667648K)
[213.500s][info][gc,metaspace   ] GC(700) Metaspace: 18533K(18624K)->18533K(18624K) NonClass: 16704K(16768K)->16704K(16768K) Class: 1828K(1856K)->1828K(1856K)
[213.500s][info][gc             ] GC(700) Pause Young (Allocation Failure) 556M->457M(869M) 21.414ms
[213.500s][info][gc,cpu         ] GC(700) User=0.04s Sys=0.00s Real=0.02s
[213.564s][info][gc,start       ] GC(701) Pause Young (Allocation Failure)
[213.605s][info][gc,heap        ] GC(701) PSYoungGen: 121248K(222720K)->42496K(222720K) Eden: 111616K(111616K)->0K(111616K) From: 9632K(111104K)->42496K(111104K)
[213.605s][info][gc,heap        ] GC(701) ParOldGen: 458774K(667648K)->468438K(667648K)
[213.605s][info][gc,metaspace   ] GC(701) Metaspace: 18533K(18624K)->18533K(18624K) NonClass: 16704K(16768K)->16704K(16768K) Class: 1828K(1856K)->1828K(1856K)
[213.605s][info][gc             ] GC(701) Pause Young (Allocation Failure) 566M->498M(869M) 41.272ms
[213.605s][info][gc,cpu         ] GC(701) User=0.08s Sys=0.00s Real=0.04s
[213.776s][info][gc,start       ] GC(702) Pause Young (Allocation Failure)
[213.824s][info][gc,heap        ] GC(702) PSYoungGen: 154112K(222720K)->27488K(139264K) Eden: 111616K(111616K)->0K(111616K) From: 42496K(111104K)->27488K(27648K)
[213.824s][info][gc,heap        ] GC(702) ParOldGen: 468438K(667648K)->511414K(667648K)
[213.824s][info][gc,metaspace   ] GC(702) Metaspace: 18533K(18624K)->18533K(18624K) NonClass: 16704K(16768K)->16704K(16768K) Class: 1828K(1856K)->1828K(1856K)
[213.824s][info][gc             ] GC(702) Pause Young (Allocation Failure) 607M->526M(788M) 47.969ms
[213.824s][info][gc,cpu         ] GC(702) User=0.09s Sys=0.00s Real=0.05s
[213.938s][info][gc,start       ] GC(703) Pause Young (Allocation Failure)
[213.967s][info][gc,heap        ] GC(703) PSYoungGen: 139104K(139264K)->30496K(221184K) Eden: 111616K(111616K)->0K(119296K) From: 27488K(27648K)->30496K(101888K)
[213.967s][info][gc,heap        ] GC(703) ParOldGen: 511414K(667648K)->511414K(667648K)
[213.967s][info][gc,metaspace   ] GC(703) Metaspace: 18533K(18624K)->18533K(18624K) NonClass: 16704K(16768K)->16704K(16768K) Class: 1828K(1856K)->1828K(1856K)
[213.967s][info][gc             ] GC(703) Pause Young (Allocation Failure) 635M->529M(868M) 28.841ms
[213.967s][info][gc,cpu         ] GC(703) User=0.05s Sys=0.00s Real=0.03s
[214.151s][info][gc,start       ] GC(704) Pause Young (Allocation Failure)
[214.223s][info][gc,heap        ] GC(704) PSYoungGen: 149792K(221184K)->63728K(220672K) Eden: 119296K(119296K)->0K(119296K) From: 30496K(101888K)->63728K(101376K)
[214.223s][info][gc,heap        ] GC(704) ParOldGen: 511414K(667648K)->511414K(667648K)
[214.223s][info][gc,metaspace   ] GC(704) Metaspace: 18533K(18624K)->18533K(18624K) NonClass: 16704K(16768K)->16704K(16768K) Class: 1828K(1856K)->1828K(1856K)
[214.223s][info][gc             ] GC(704) Pause Young (Allocation Failure) 645M->561M(867M) 72.070ms
[214.223s][info][gc,cpu         ] GC(704) User=0.14s Sys=0.00s Real=0.07s
[214.363s][info][gc,start       ] GC(705) Pause Young (Allocation Failure)
[214.450s][info][gc,heap        ] GC(705) PSYoungGen: 183024K(220672K)->80560K(218112K) Eden: 119296K(119296K)->0K(111616K) From: 63728K(101376K)->80560K(106496K)
[214.450s][info][gc,heap        ] GC(705) ParOldGen: 511414K(667648K)->511414K(667648K)
[214.450s][info][gc,metaspace   ] GC(705) Metaspace: 18533K(18624K)->18533K(18624K) NonClass: 16704K(16768K)->16704K(16768K) Class: 1828K(1856K)->1828K(1856K)
[214.450s][info][gc             ] GC(705) Pause Young (Allocation Failure) 678M->578M(865M) 87.406ms
[214.450s][info][gc,cpu         ] GC(705) User=0.17s Sys=0.00s Real=0.09s
[214.568s][info][gc,start       ] GC(706) Pause Young (Allocation Failure)
[214.668s][info][gc,heap        ] GC(706) PSYoungGen: 192176K(218112K)->60896K(222720K) Eden: 111616K(111616K)->0K(111616K) From: 80560K(106496K)->60896K(111104K)
[214.668s][info][gc,heap        ] GC(706) ParOldGen: 511414K(667648K)->542154K(667648K)
[214.668s][info][gc,metaspace   ] GC(706) Metaspace: 18533K(18624K)->18533K(18624K) NonClass: 16704K(16768K)->16704K(16768K) Class: 1828K(1856K)->1828K(1856K)
[214.668s][info][gc             ] GC(706) Pause Young (Allocation Failure) 687M->588M(869M) 99.736ms
[214.668s][info][gc,cpu         ] GC(706) User=0.19s Sys=0.00s Real=0.10s
[214.762s][info][gc,start       ] GC(707) Pause Young (Allocation Failure)
[214.839s][info][gc,heap        ] GC(707) PSYoungGen: 172512K(222720K)->11520K(222720K) Eden: 111616K(111616K)->0K(111616K) From: 60896K(111104K)->11520K(111104K)
[214.839s][info][gc,heap        ] GC(707) ParOldGen: 542154K(667648K)->592378K(667648K)
[214.839s][info][gc,metaspace   ] GC(707) Metaspace: 18533K(18624K)->18533K(18624K) NonClass: 16704K(16768K)->16704K(16768K) Class: 1828K(1856K)->1828K(1856K)
[214.839s][info][gc             ] GC(707) Pause Young (Allocation Failure) 697M->589M(869M) 77.112ms
[214.839s][info][gc,cpu         ] GC(707) User=0.15s Sys=0.00s Real=0.08s
[214.959s][info][gc,start       ] GC(708) Pause Young (Allocation Failure)
[214.979s][info][gc,heap        ] GC(708) PSYoungGen: 123136K(222720K)->224K(222720K) Eden: 111616K(111616K)->0K(111616K) From: 11520K(111104K)->224K(111104K)
[214.979s][info][gc,heap        ] GC(708) ParOldGen: 592378K(667648K)->603898K(667648K)
[214.979s][info][gc,metaspace   ] GC(708) Metaspace: 18533K(18624K)->18533K(18624K) NonClass: 16704K(16768K)->16704K(16768K) Class: 1828K(1856K)->1828K(1856K)
[214.979s][info][gc             ] GC(708) Pause Young (Allocation Failure) 698M->589M(869M) 19.369ms
[214.979s][info][gc,cpu         ] GC(708) User=0.04s Sys=0.00s Real=0.02s
[215.090s][info][gc,start       ] GC(709) Pause Young (Allocation Failure)
[215.099s][info][gc,heap        ] GC(709) PSYoungGen: 111840K(222720K)->4320K(221696K) Eden: 111616K(111616K)->0K(111616K) From: 224K(111104K)->4320K(110080K)
[215.099s][info][gc,heap        ] GC(709) ParOldGen: 603898K(667648K)->604090K(667648K)
[215.099s][info][gc,metaspace   ] GC(709) Metaspace: 18533K(18624K)->18533K(18624K) NonClass: 16704K(16768K)->16704K(16768K) Class: 1828K(1856K)->1828K(1856K)
[215.099s][info][gc             ] GC(709) Pause Young (Allocation Failure) 698M->594M(868M) 9.219ms
[215.099s][info][gc,cpu         ] GC(709) User=0.02s Sys=0.00s Real=0.01s
[215.253s][info][gc,start       ] GC(710) Pause Young (Allocation Failure)
[215.272s][info][gc,heap        ] GC(710) PSYoungGen: 115936K(221696K)->14144K(125952K) Eden: 111616K(111616K)->0K(111616K) From: 4320K(110080K)->14144K(14336K)
[215.272s][info][gc,heap        ] GC(710) ParOldGen: 604090K(667648K)->604090K(667648K)
[215.272s][info][gc,metaspace   ] GC(710) Metaspace: 18533K(18624K)->18533K(18624K) NonClass: 16704K(16768K)->16704K(16768K) Class: 1828K(1856K)->1828K(1856K)
[215.272s][info][gc             ] GC(710) Pause Young (Allocation Failure) 703M->603M(775M) 19.184ms
[215.272s][info][gc,cpu         ] GC(710) User=0.04s Sys=0.00s Real=0.02s
[215.441s][info][gc,start       ] GC(711) Pause Young (Allocation Failure)
[215.488s][info][gc,heap        ] GC(711) PSYoungGen: 125760K(125952K)->33056K(219136K) Eden: 111616K(111616K)->0K(119296K) From: 14144K(14336K)->33056K(99840K)
[215.488s][info][gc,heap        ] GC(711) ParOldGen: 604090K(667648K)->604090K(667648K)
[215.488s][info][gc,metaspace   ] GC(711) Metaspace: 18533K(18624K)->18533K(18624K) NonClass: 16704K(16768K)->16704K(16768K) Class: 1828K(1856K)->1828K(1856K)
[215.488s][info][gc             ] GC(711) Pause Young (Allocation Failure) 712M->622M(866M) 46.958ms
[215.488s][info][gc,cpu         ] GC(711) User=0.09s Sys=0.00s Real=0.05s
[215.754s][info][gc,start       ] GC(712) Pause Young (Allocation Failure)
[215.800s][info][gc,heap        ] GC(712) PSYoungGen: 152352K(219136K)->44016K(218624K) Eden: 119296K(119296K)->0K(119296K) From: 33056K(99840K)->44016K(99328K)
[215.800s][info][gc,heap        ] GC(712) ParOldGen: 604090K(667648K)->604090K(667648K)
[215.800s][info][gc,metaspace   ] GC(712) Metaspace: 18533K(18624K)->18533K(18624K) NonClass: 16704K(16768K)->16704K(16768K) Class: 1828K(1856K)->1828K(1856K)
[215.800s][info][gc             ] GC(712) Pause Young (Allocation Failure) 738M->632M(865M) 46.821ms
[215.800s][info][gc,cpu         ] GC(712) User=0.10s Sys=0.00s Real=0.05s
[215.935s][info][gc,start       ] GC(713) Pause Young (Allocation Failure)
[216.003s][info][gc,heap        ] GC(713) PSYoungGen: 163312K(218624K)->76224K(214528K) Eden: 119296K(119296K)->0K(117248K) From: 44016K(99328K)->76224K(97280K)
[216.003s][info][gc,heap        ] GC(713) ParOldGen: 604090K(667648K)->604090K(667648K)
[216.003s][info][gc,metaspace   ] GC(713) Metaspace: 18533K(18624K)->18533K(18624K) NonClass: 16704K(16768K)->16704K(16768K) Class: 1828K(1856K)->1828K(1856K)
[216.003s][info][gc             ] GC(713) Pause Young (Allocation Failure) 749M->664M(861M) 68.375ms
[216.003s][info][gc,cpu         ] GC(713) User=0.14s Sys=0.00s Real=0.07s
[216.163s][info][gc,start       ] GC(714) Pause Young (Allocation Failure)
[216.248s][info][gc,heap        ] GC(714) PSYoungGen: 193472K(214528K)->87920K(205312K) Eden: 117248K(117248K)->0K(117248K) From: 76224K(97280K)->87920K(88064K)
[216.248s][info][gc,heap        ] GC(714) ParOldGen: 604090K(667648K)->604090K(667648K)
[216.248s][info][gc,metaspace   ] GC(714) Metaspace: 18533K(18624K)->18533K(18624K) NonClass: 16705K(16768K)->16705K(16768K) Class: 1828K(1856K)->1828K(1856K)
[216.248s][info][gc             ] GC(714) Pause Young (Allocation Failure) 778M->675M(852M) 84.828ms
[216.248s][info][gc,cpu         ] GC(714) User=0.17s Sys=0.00s Real=0.09s
[216.451s][info][gc,start       ] GC(715) Pause Young (Allocation Failure)
[216.538s][info][gc,heap        ] GC(715) PSYoungGen: 205168K(205312K)->73840K(222720K) Eden: 117248K(117248K)->0K(111616K) From: 87920K(88064K)->73840K(111104K)
[216.538s][info][gc,heap        ] GC(715) ParOldGen: 604090K(667648K)->618250K(667648K)
[216.538s][info][gc,metaspace   ] GC(715) Metaspace: 18533K(18624K)->18533K(18624K) NonClass: 16705K(16768K)->16705K(16768K) Class: 1828K(1856K)->1828K(1856K)
[216.538s][info][gc             ] GC(715) Pause Young (Allocation Failure) 790M->675M(869M) 86.296ms
[216.538s][info][gc,cpu         ] GC(715) User=0.18s Sys=0.00s Real=0.09s
[216.687s][info][gc,start       ] GC(716) Pause Young (Allocation Failure)
[216.772s][info][gc,heap        ] GC(716) PSYoungGen: 185456K(222720K)->59744K(222720K) Eden: 111616K(111616K)->0K(111616K) From: 73840K(111104K)->59744K(111104K)
[216.772s][info][gc,heap        ] GC(716) ParOldGen: 618250K(667648K)->648283K(667648K)
[216.772s][info][gc,metaspace   ] GC(716) Metaspace: 18533K(18624K)->18533K(18624K) NonClass: 16705K(16768K)->16705K(16768K) Class: 1828K(1856K)->1828K(1856K)
[216.772s][info][gc             ] GC(716) Pause Young (Allocation Failure) 784M->691M(869M) 84.762ms
[216.772s][info][gc,cpu         ] GC(716) User=0.17s Sys=0.00s Real=0.08s
[216.870s][info][gc,start       ] GC(717) Pause Full (Allocation Failure)
[216.870s][info][gc,phases,start] GC(717) Marking Phase
[217.224s][info][gc,phases      ] GC(717) Marking Phase 353.236ms
[217.224s][info][gc,phases,start] GC(717) Summary Phase
[217.224s][info][gc,phases      ] GC(717) Summary Phase 0.030ms
[217.224s][info][gc,phases,start] GC(717) Forward
[217.332s][info][gc,phases      ] GC(717) Forward 107.867ms
[217.332s][info][gc,phases,start] GC(717) Adjust Pointers
[217.596s][info][gc,phases      ] GC(717) Adjust Pointers 264.206ms
[217.596s][info][gc,phases,start] GC(717) Compaction Phase
[217.767s][info][gc,phases      ] GC(717) Compaction Phase 171.170ms
[217.776s][info][gc,phases,start] GC(717) Post Compact
[217.778s][info][gc,phases      ] GC(717) Post Compact 2.397ms
[217.778s][info][gc,heap        ] GC(717) PSYoungGen: 171360K(222720K)->0K(222720K) Eden: 111616K(111616K)->0K(111616K) From: 59744K(111104K)->0K(111104K)
[217.778s][info][gc,heap        ] GC(717) ParOldGen: 648283K(667648K)->481712K(667648K)
[217.778s][info][gc,metaspace   ] GC(717) Metaspace: 18533K(18624K)->18533K(18624K) NonClass: 16705K(16768K)->16705K(16768K) Class: 1828K(1856K)->1828K(1856K)
[217.778s][info][gc             ] GC(717) Pause Full (Allocation Failure) 800M->470M(869M) 907.626ms
[217.778s][info][gc,cpu         ] GC(717) User=1.73s Sys=0.00s Real=0.91s
[217.899s][info][gc,start       ] GC(718) Pause Young (Allocation Failure)
[217.907s][info][gc,heap        ] GC(718) PSYoungGen: 111616K(222720K)->3008K(222720K) Eden: 111616K(111616K)->0K(111616K) From: 0K(111104K)->3008K(111104K)
[217.907s][info][gc,heap        ] GC(718) ParOldGen: 481712K(667648K)->481712K(667648K)
[217.907s][info][gc,metaspace   ] GC(718) Metaspace: 18533K(18624K)->18533K(18624K) NonClass: 16705K(16768K)->16705K(16768K) Class: 1828K(1856K)->1828K(1856K)
[217.907s][info][gc             ] GC(718) Pause Young (Allocation Failure) 579M->473M(869M) 8.054ms
[217.907s][info][gc,cpu         ] GC(718) User=0.01s Sys=0.01s Real=0.01s
[218.050s][info][gc,start       ] GC(719) Pause Young (Allocation Failure)
[218.064s][info][gc,heap        ] GC(719) PSYoungGen: 114624K(222720K)->11840K(222720K) Eden: 111616K(111616K)->0K(111616K) From: 3008K(111104K)->11840K(111104K)
[218.064s][info][gc,heap        ] GC(719) ParOldGen: 481712K(667648K)->481712K(667648K)
[218.064s][info][gc,metaspace   ] GC(719) Metaspace: 18533K(18624K)->18533K(18624K) NonClass: 16705K(16768K)->16705K(16768K) Class: 1828K(1856K)->1828K(1856K)
[218.064s][info][gc             ] GC(719) Pause Young (Allocation Failure) 582M->481M(869M) 14.744ms
[218.064s][info][gc,cpu         ] GC(719) User=0.03s Sys=0.00s Real=0.01s
[218.318s][info][gc,start       ] GC(720) Pause Young (Allocation Failure)
[218.341s][info][gc,heap        ] GC(720) PSYoungGen: 123456K(222720K)->6848K(222720K) Eden: 111616K(111616K)->0K(111616K) From: 11840K(111104K)->6848K(111104K)
[218.341s][info][gc,heap        ] GC(720) ParOldGen: 481712K(667648K)->493560K(667648K)
[218.341s][info][gc,metaspace   ] GC(720) Metaspace: 18533K(18624K)->18533K(18624K) NonClass: 16705K(16768K)->16705K(16768K) Class: 1828K(1856K)->1828K(1856K)
[218.341s][info][gc             ] GC(720) Pause Young (Allocation Failure) 590M->488M(869M) 23.032ms
[218.341s][info][gc,cpu         ] GC(720) User=0.04s Sys=0.00s Real=0.02s
[218.604s][info][gc,start       ] GC(721) Pause Young (Allocation Failure)
[218.614s][info][gc,heap        ] GC(721) PSYoungGen: 118464K(222720K)->64K(222720K) Eden: 111616K(111616K)->0K(111616K) From: 6848K(111104K)->64K(111104K)
[218.614s][info][gc,heap        ] GC(721) ParOldGen: 493560K(667648K)->500355K(667648K)
[218.614s][info][gc,metaspace   ] GC(721) Metaspace: 18534K(18688K)->18534K(18688K) NonClass: 16705K(16832K)->16705K(16832K) Class: 1828K(1856K)->1828K(1856K)
[218.614s][info][gc             ] GC(721) Pause Young (Allocation Failure) 597M->488M(869M) 9.521ms
[218.614s][info][gc,cpu         ] GC(721) User=0.02s Sys=0.00s Real=0.01s
[218.864s][info][gc,start       ] GC(722) Pause Young (Allocation Failure)
[218.866s][info][gc,heap        ] GC(722) PSYoungGen: 111680K(222720K)->64K(222720K) Eden: 111616K(111616K)->0K(111616K) From: 64K(111104K)->64K(111104K)
[218.866s][info][gc,heap        ] GC(722) ParOldGen: 500355K(667648K)->500397K(667648K)
[218.866s][info][gc,metaspace   ] GC(722) Metaspace: 18534K(18688K)->18534K(18688K) NonClass: 16705K(16832K)->16705K(16832K) Class: 1828K(1856K)->1828K(1856K)
[218.866s][info][gc             ] GC(722) Pause Young (Allocation Failure) 597M->488M(869M) 1.852ms
[218.866s][info][gc,cpu         ] GC(722) User=0.00s Sys=0.00s Real=0.00s
[219.110s][info][gc,start       ] GC(723) Pause Young (Allocation Failure)
[219.118s][info][gc,heap        ] GC(723) PSYoungGen: 111680K(222720K)->64K(216576K) Eden: 111616K(111616K)->0K(111616K) From: 64K(111104K)->64K(104960K)
[219.118s][info][gc,heap        ] GC(723) ParOldGen: 500397K(667648K)->500397K(667648K)
[219.118s][info][gc,metaspace   ] GC(723) Metaspace: 18534K(18688K)->18534K(18688K) NonClass: 16705K(16832K)->16705K(16832K) Class: 1828K(1856K)->1828K(1856K)
[219.118s][info][gc             ] GC(723) Pause Young (Allocation Failure) 597M->488M(863M) 7.590ms
[219.118s][info][gc,cpu         ] GC(723) User=0.01s Sys=0.00s Real=0.01s
[219.312s][info][gc,start       ] GC(724) Pause Young (Allocation Failure)
[219.321s][info][gc,heap        ] GC(724) PSYoungGen: 111680K(216576K)->10576K(122368K) Eden: 111616K(111616K)->0K(111616K) From: 64K(104960K)->10576K(10752K)
[219.321s][info][gc,heap        ] GC(724) ParOldGen: 500397K(667648K)->500397K(667648K)
[219.322s][info][gc,metaspace   ] GC(724) Metaspace: 18549K(18752K)->18549K(18752K) NonClass: 16721K(16896K)->16721K(16896K) Class: 1828K(1856K)->1828K(1856K)
[219.322s][info][gc             ] GC(724) Pause Young (Allocation Failure) 597M->498M(771M) 9.790ms
[219.322s][info][gc,cpu         ] GC(724) User=0.01s Sys=0.00s Real=0.01s
[219.380s][info][gc,start       ] GC(725) Pause Young (Allocation Failure)
[219.415s][info][gc,heap        ] GC(725) PSYoungGen: 122192K(122368K)->48864K(217088K) Eden: 111616K(111616K)->0K(114688K) From: 10576K(10752K)->48864K(102400K)
[219.415s][info][gc,heap        ] GC(725) ParOldGen: 500397K(667648K)->500397K(667648K)
[219.415s][info][gc,metaspace   ] GC(725) Metaspace: 18549K(18752K)->18549K(18752K) NonClass: 16721K(16896K)->16721K(16896K) Class: 1828K(1856K)->1828K(1856K)
[219.415s][info][gc             ] GC(725) Pause Young (Allocation Failure) 607M->536M(864M) 35.815ms
[219.416s][info][gc,cpu         ] GC(725) User=0.07s Sys=0.00s Real=0.03s
[219.587s][info][gc,start       ] GC(726) Pause Young (Allocation Failure)
[219.641s][info][gc,heap        ] GC(726) PSYoungGen: 163552K(217088K)->73712K(218112K) Eden: 114688K(114688K)->0K(114688K) From: 48864K(102400K)->73712K(103424K)
[219.641s][info][gc,heap        ] GC(726) ParOldGen: 500397K(667648K)->500397K(667648K)
[219.641s][info][gc,metaspace   ] GC(726) Metaspace: 18549K(18752K)->18549K(18752K) NonClass: 16721K(16896K)->16721K(16896K) Class: 1828K(1856K)->1828K(1856K)
[219.641s][info][gc             ] GC(726) Pause Young (Allocation Failure) 648M->560M(865M) 54.108ms
[219.641s][info][gc,cpu         ] GC(726) User=0.11s Sys=0.00s Real=0.05s
[219.759s][info][gc,start       ] GC(727) Pause Young (Allocation Failure)
[219.814s][info][gc,heap        ] GC(727) PSYoungGen: 188400K(218112K)->76064K(222720K) Eden: 114688K(114688K)->0K(111616K) From: 73712K(103424K)->76064K(111104K)
[219.814s][info][gc,heap        ] GC(727) ParOldGen: 500397K(667648K)->500413K(667648K)
[219.814s][info][gc,metaspace   ] GC(727) Metaspace: 18549K(18752K)->18549K(18752K) NonClass: 16721K(16896K)->16721K(16896K) Class: 1828K(1856K)->1828K(1856K)
[219.814s][info][gc             ] GC(727) Pause Young (Allocation Failure) 672M->562M(869M) 54.971ms
[219.814s][info][gc,cpu         ] GC(727) User=0.11s Sys=0.00s Real=0.05s
[219.983s][info][gc,start       ] GC(728) Pause Young (Allocation Failure)
[220.068s][info][gc,heap        ] GC(728) PSYoungGen: 187680K(222720K)->46272K(222720K) Eden: 111616K(111616K)->0K(111616K) From: 76064K(111104K)->46272K(111104K)
[220.069s][info][gc,heap        ] GC(728) ParOldGen: 500413K(667648K)->549824K(667648K)
[220.069s][info][gc,metaspace   ] GC(728) Metaspace: 18549K(18752K)->18549K(18752K) NonClass: 16721K(16896K)->16721K(16896K) Class: 1828K(1856K)->1828K(1856K)
[220.069s][info][gc             ] GC(728) Pause Young (Allocation Failure) 671M->582M(869M) 85.690ms
[220.069s][info][gc,cpu         ] GC(728) User=0.17s Sys=0.00s Real=0.09s
[220.220s][info][gc,start       ] GC(729) Pause Young (Allocation Failure)
[220.284s][info][gc,heap        ] GC(729) PSYoungGen: 157888K(222720K)->33705K(219648K) Eden: 111616K(111616K)->0K(111616K) From: 46272K(111104K)->33705K(108032K)
[220.284s][info][gc,heap        ] GC(729) ParOldGen: 549824K(667648K)->577320K(667648K)
[220.284s][info][gc,metaspace   ] GC(729) Metaspace: 18549K(18752K)->18549K(18752K) NonClass: 16721K(16896K)->16721K(16896K) Class: 1828K(1856K)->1828K(1856K)
[220.284s][info][gc             ] GC(729) Pause Young (Allocation Failure) 691M->596M(866M) 64.766ms
[220.284s][info][gc,cpu         ] GC(729) User=0.13s Sys=0.00s Real=0.06s
[220.341s][info][gc,start       ] GC(730) Pause Young (Allocation Failure)
[220.405s][info][gc,heap        ] GC(730) PSYoungGen: 145321K(219648K)->70937K(221184K) Eden: 111616K(111616K)->0K(111616K) From: 33705K(108032K)->70937K(109568K)
[220.405s][info][gc,heap        ] GC(730) ParOldGen: 577320K(667648K)->577320K(667648K)
[220.405s][info][gc,metaspace   ] GC(730) Metaspace: 18549K(18752K)->18549K(18752K) NonClass: 16721K(16896K)->16721K(16896K) Class: 1828K(1856K)->1828K(1856K)
[220.405s][info][gc             ] GC(730) Pause Young (Allocation Failure) 705M->633M(868M) 63.835ms
[220.405s][info][gc,cpu         ] GC(730) User=0.13s Sys=0.00s Real=0.06s
[220.544s][info][gc,start       ] GC(731) Pause Young (Allocation Failure)
[220.620s][info][gc,heap        ] GC(731) PSYoungGen: 182553K(221184K)->58752K(222720K) Eden: 111616K(111616K)->0K(111616K) From: 70937K(109568K)->58752K(111104K)
[220.620s][info][gc,heap        ] GC(731) ParOldGen: 577320K(667648K)->611209K(667648K)
[220.620s][info][gc,metaspace   ] GC(731) Metaspace: 18550K(18752K)->18550K(18752K) NonClass: 16722K(16896K)->16722K(16896K) Class: 1828K(1856K)->1828K(1856K)
[220.620s][info][gc             ] GC(731) Pause Young (Allocation Failure) 742M->654M(869M) 75.344ms
[220.620s][info][gc,cpu         ] GC(731) User=0.15s Sys=0.00s Real=0.08s
[220.708s][info][gc,start       ] GC(732) Pause Young (Allocation Failure)
[220.751s][info][gc,promotion   ] GC(732) Promotion failed
[220.751s][info][gc,heap        ] GC(732) PSYoungGen: 170368K(222720K)->170368K(222720K) Eden: 111616K(111616K)->111616K(111616K) From: 58752K(111104K)->58752K(111104K)
[220.751s][info][gc,heap        ] GC(732) ParOldGen: 611209K(667648K)->667641K(667648K)
[220.751s][info][gc,metaspace   ] GC(732) Metaspace: 18550K(18752K)->18550K(18752K) NonClass: 16722K(16896K)->16722K(16896K) Class: 1828K(1856K)->1828K(1856K)
[220.751s][info][gc             ] GC(732) Pause Young (Allocation Failure) 763M->818M(869M) 43.309ms
[220.751s][info][gc,cpu         ] GC(732) User=0.08s Sys=0.00s Real=0.04s
[220.751s][info][gc,start       ] GC(733) Pause Full (Allocation Failure)
[220.751s][info][gc,phases,start] GC(733) Marking Phase
[221.090s][info][gc,phases      ] GC(733) Marking Phase 339.309ms
[221.090s][info][gc,phases,start] GC(733) Summary Phase
[221.090s][info][gc,phases      ] GC(733) Summary Phase 0.032ms
[221.090s][info][gc,phases,start] GC(733) Forward
[221.203s][info][gc,phases      ] GC(733) Forward 112.049ms
[221.203s][info][gc,phases,start] GC(733) Adjust Pointers
[221.476s][info][gc,phases      ] GC(733) Adjust Pointers 273.647ms
[221.476s][info][gc,phases,start] GC(733) Compaction Phase
[221.621s][info][gc,phases      ] GC(733) Compaction Phase 144.959ms
[221.630s][info][gc,phases,start] GC(733) Post Compact
[221.633s][info][gc,phases      ] GC(733) Post Compact 2.479ms
[221.633s][info][gc,heap        ] GC(733) PSYoungGen: 170368K(222720K)->0K(222720K) Eden: 111616K(111616K)->0K(111616K) From: 58752K(111104K)->0K(111104K)
[221.633s][info][gc,heap        ] GC(733) ParOldGen: 667641K(667648K)->495525K(667648K)
[221.633s][info][gc,metaspace   ] GC(733) Metaspace: 18550K(18752K)->18550K(18752K) NonClass: 16722K(16896K)->16722K(16896K) Class: 1828K(1856K)->1828K(1856K)
[221.633s][info][gc             ] GC(733) Pause Full (Allocation Failure) 818M->483M(869M) 882.025ms
[221.633s][info][gc,cpu         ] GC(733) User=1.68s Sys=0.01s Real=0.88s
[221.791s][info][gc,start       ] GC(734) Pause Young (Allocation Failure)
[221.824s][info][gc,heap        ] GC(734) PSYoungGen: 111616K(222720K)->16160K(222720K) Eden: 111616K(111616K)->0K(111616K) From: 0K(111104K)->16160K(111104K)
[221.824s][info][gc,heap        ] GC(734) ParOldGen: 495525K(667648K)->495525K(667648K)
[221.824s][info][gc,metaspace   ] GC(734) Metaspace: 18552K(18752K)->18552K(18752K) NonClass: 16724K(16896K)->16724K(16896K) Class: 1828K(1856K)->1828K(1856K)
[221.824s][info][gc             ] GC(734) Pause Young (Allocation Failure) 592M->499M(869M) 33.214ms
[221.824s][info][gc,cpu         ] GC(734) User=0.06s Sys=0.00s Real=0.03s
[221.969s][info][gc,start       ] GC(735) Pause Young (Allocation Failure)
[222.001s][info][gc,heap        ] GC(735) PSYoungGen: 127776K(222720K)->4352K(116224K) Eden: 111616K(111616K)->0K(111616K) From: 16160K(111104K)->4352K(4608K)
[222.002s][info][gc,heap        ] GC(735) ParOldGen: 495525K(667648K)->510677K(667648K)
[222.002s][info][gc,metaspace   ] GC(735) Metaspace: 18552K(18752K)->18552K(18752K) NonClass: 16724K(16896K)->16724K(16896K) Class: 1828K(1856K)->1828K(1856K)
[222.002s][info][gc             ] GC(735) Pause Young (Allocation Failure) 608M->502M(765M) 32.743ms
[222.002s][info][gc,cpu         ] GC(735) User=0.07s Sys=0.00s Real=0.03s
[222.152s][info][gc,start       ] GC(736) Pause Young (Allocation Failure)
[222.160s][info][gc,heap        ] GC(736) PSYoungGen: 115968K(116224K)->4352K(223744K) Eden: 111616K(111616K)->0K(113664K) From: 4352K(4608K)->4352K(110080K)
[222.160s][info][gc,heap        ] GC(736) ParOldGen: 510677K(667648K)->510677K(667648K)
[222.160s][info][gc,metaspace   ] GC(736) Metaspace: 18552K(18752K)->18552K(18752K) NonClass: 16724K(16896K)->16724K(16896K) Class: 1828K(1856K)->1828K(1856K)
[222.160s][info][gc             ] GC(736) Pause Young (Allocation Failure) 611M->502M(870M) 7.712ms
[222.160s][info][gc,cpu         ] GC(736) User=0.02s Sys=0.00s Real=0.01s
[222.315s][info][gc,start       ] GC(737) Pause Young (Allocation Failure)
[222.323s][info][gc,heap        ] GC(737) PSYoungGen: 118016K(223744K)->4352K(118272K) Eden: 113664K(113664K)->0K(113664K) From: 4352K(110080K)->4352K(4608K)
[222.323s][info][gc,heap        ] GC(737) ParOldGen: 510677K(667648K)->510677K(667648K)
[222.323s][info][gc,metaspace   ] GC(737) Metaspace: 18552K(18752K)->18552K(18752K) NonClass: 16724K(16896K)->16724K(16896K) Class: 1828K(1856K)->1828K(1856K)
[222.323s][info][gc             ] GC(737) Pause Young (Allocation Failure) 613M->502M(767M) 7.609ms
[222.323s][info][gc,cpu         ] GC(737) User=0.01s Sys=0.00s Real=0.01s
[222.477s][info][gc,start       ] GC(738) Pause Young (Allocation Failure)
[222.484s][info][gc,heap        ] GC(738) PSYoungGen: 118016K(118272K)->4352K(223232K) Eden: 113664K(113664K)->0K(118784K) From: 4352K(4608K)->4352K(104448K)
[222.484s][info][gc,heap        ] GC(738) ParOldGen: 510677K(667648K)->510677K(667648K)
[222.484s][info][gc,metaspace   ] GC(738) Metaspace: 18552K(18752K)->18552K(18752K) NonClass: 16724K(16896K)->16724K(16896K) Class: 1828K(1856K)->1828K(1856K)
[222.484s][info][gc             ] GC(738) Pause Young (Allocation Failure) 613M->502M(870M) 7.702ms
[222.484s][info][gc,cpu         ] GC(738) User=0.01s Sys=0.00s Real=0.00s
[222.644s][info][gc,start       ] GC(739) Pause Young (Allocation Failure)
[222.652s][info][gc,heap        ] GC(739) PSYoungGen: 123136K(223232K)->4320K(221184K) Eden: 118784K(118784K)->0K(118784K) From: 4352K(104448K)->4320K(102400K)
[222.652s][info][gc,heap        ] GC(739) ParOldGen: 510677K(667648K)->510677K(667648K)
[222.652s][info][gc,metaspace   ] GC(739) Metaspace: 18552K(18752K)->18552K(18752K) NonClass: 16724K(16896K)->16724K(16896K) Class: 1828K(1856K)->1828K(1856K)
[222.652s][info][gc             ] GC(739) Pause Young (Allocation Failure) 618M->502M(868M) 7.564ms
[222.652s][info][gc,cpu         ] GC(739) User=0.02s Sys=0.00s Real=0.01s
[222.812s][info][gc,start       ] GC(740) Pause Young (Allocation Failure)
[222.820s][info][gc,heap        ] GC(740) PSYoungGen: 123104K(221184K)->4352K(214528K) Eden: 118784K(118784K)->0K(124416K) From: 4320K(102400K)->4352K(90112K)
[222.820s][info][gc,heap        ] GC(740) ParOldGen: 510677K(667648K)->510677K(667648K)
[222.820s][info][gc,metaspace   ] GC(740) Metaspace: 18552K(18752K)->18552K(18752K) NonClass: 16724K(16896K)->16724K(16896K) Class: 1828K(1856K)->1828K(1856K)
[222.820s][info][gc             ] GC(740) Pause Young (Allocation Failure) 618M->502M(861M) 8.108ms
[222.821s][info][gc,cpu         ] GC(740) User=0.02s Sys=0.00s Real=0.01s
[222.987s][info][gc,start       ] GC(741) Pause Young (Allocation Failure)
[222.995s][info][gc,heap        ] GC(741) PSYoungGen: 128768K(214528K)->4352K(219136K) Eden: 124416K(124416K)->0K(124416K) From: 4352K(90112K)->4352K(94720K)
[222.995s][info][gc,heap        ] GC(741) ParOldGen: 510677K(667648K)->510677K(667648K)
[222.995s][info][gc,metaspace   ] GC(741) Metaspace: 18552K(18752K)->18552K(18752K) NonClass: 16724K(16896K)->16724K(16896K) Class: 1828K(1856K)->1828K(1856K)
[222.995s][info][gc             ] GC(741) Pause Young (Allocation Failure) 624M->502M(866M) 7.871ms
[222.995s][info][gc,cpu         ] GC(741) User=0.01s Sys=0.00s Real=0.00s
[223.162s][info][gc,start       ] GC(742) Pause Young (Allocation Failure)
[223.171s][info][gc,heap        ] GC(742) PSYoungGen: 128768K(219136K)->4352K(211456K) Eden: 124416K(124416K)->0K(129024K) From: 4352K(94720K)->4352K(82432K)
[223.171s][info][gc,heap        ] GC(742) ParOldGen: 510677K(667648K)->510677K(667648K)
[223.171s][info][gc,metaspace   ] GC(742) Metaspace: 18552K(18752K)->18552K(18752K) NonClass: 16724K(16896K)->16724K(16896K) Class: 1828K(1856K)->1828K(1856K)
[223.171s][info][gc             ] GC(742) Pause Young (Allocation Failure) 624M->502M(858M) 8.396ms
[223.171s][info][gc,cpu         ] GC(742) User=0.01s Sys=0.00s Real=0.01s
[223.336s][info][gc,start       ] GC(743) Pause Young (Allocation Failure)
[223.351s][info][gc,heap        ] GC(743) PSYoungGen: 133376K(211456K)->9664K(216064K) Eden: 129024K(129024K)->0K(129024K) From: 4352K(82432K)->9664K(87040K)
[223.351s][info][gc,heap        ] GC(743) ParOldGen: 510677K(667648K)->510677K(667648K)
[223.351s][info][gc,metaspace   ] GC(743) Metaspace: 18552K(18752K)->18552K(18752K) NonClass: 16724K(16896K)->16724K(16896K) Class: 1828K(1856K)->1828K(1856K)
[223.351s][info][gc             ] GC(743) Pause Young (Allocation Failure) 628M->508M(863M) 14.585ms
[223.351s][info][gc,cpu         ] GC(743) User=0.03s Sys=0.00s Real=0.02s
[223.471s][info][gc,start       ] GC(744) Pause Young (Allocation Failure)
[223.505s][info][gc,heap        ] GC(744) PSYoungGen: 138688K(216064K)->27840K(214016K) Eden: 129024K(129024K)->0K(136192K) From: 9664K(87040K)->27840K(77824K)
[223.505s][info][gc,heap        ] GC(744) ParOldGen: 510677K(667648K)->510677K(667648K)
[223.505s][info][gc,metaspace   ] GC(744) Metaspace: 18552K(18752K)->18552K(18752K) NonClass: 16724K(16896K)->16724K(16896K) Class: 1828K(1856K)->1828K(1856K)
[223.505s][info][gc             ] GC(744) Pause Young (Allocation Failure) 634M->525M(861M) 34.113ms
[223.505s][info][gc,cpu         ] GC(744) User=0.07s Sys=0.00s Real=0.03s
[223.635s][info][gc,start       ] GC(745) Pause Young (Allocation Failure)
[223.682s][info][gc,heap        ] GC(745) PSYoungGen: 164032K(214016K)->41920K(215040K) Eden: 136192K(136192K)->0K(136192K) From: 27840K(77824K)->41920K(78848K)
[223.682s][info][gc,heap        ] GC(745) ParOldGen: 510677K(667648K)->510677K(667648K)
[223.682s][info][gc,metaspace   ] GC(745) Metaspace: 18552K(18752K)->18552K(18752K) NonClass: 16724K(16896K)->16724K(16896K) Class: 1828K(1856K)->1828K(1856K)
[223.682s][info][gc             ] GC(745) Pause Young (Allocation Failure) 658M->539M(862M) 46.916ms
[223.682s][info][gc,cpu         ] GC(745) User=0.09s Sys=0.00s Real=0.05s
[223.779s][info][gc,start       ] GC(746) Pause Young (Allocation Failure)
[223.827s][info][gc,heap        ] GC(746) PSYoungGen: 178112K(215040K)->43424K(224768K) Eden: 136192K(136192K)->0K(143360K) From: 41920K(78848K)->43424K(81408K)
[223.827s][info][gc,heap        ] GC(746) ParOldGen: 510677K(667648K)->510677K(667648K)
[223.827s][info][gc,metaspace   ] GC(746) Metaspace: 18552K(18752K)->18552K(18752K) NonClass: 16724K(16896K)->16724K(16896K) Class: 1828K(1856K)->1828K(1856K)
[223.827s][info][gc             ] GC(746) Pause Young (Allocation Failure) 672M->541M(871M) 48.151ms
[223.827s][info][gc,cpu         ] GC(746) User=0.10s Sys=0.01s Real=0.05s
[223.958s][info][gc,start       ] GC(747) Pause Young (Allocation Failure)
[224.006s][info][gc,heap        ] GC(747) PSYoungGen: 186784K(224768K)->43680K(226816K) Eden: 143360K(143360K)->0K(143360K) From: 43424K(81408K)->43680K(83456K)
[224.006s][info][gc,heap        ] GC(747) ParOldGen: 510677K(667648K)->510677K(667648K)
[224.006s][info][gc,metaspace   ] GC(747) Metaspace: 18552K(18752K)->18552K(18752K) NonClass: 16724K(16896K)->16724K(16896K) Class: 1828K(1856K)->1828K(1856K)
[224.006s][info][gc             ] GC(747) Pause Young (Allocation Failure) 681M->541M(873M) 48.408ms
[224.006s][info][gc,cpu         ] GC(747) User=0.09s Sys=0.00s Real=0.04s
[224.136s][info][gc,start       ] GC(748) Pause Young (Allocation Failure)
[224.188s][info][gc,heap        ] GC(748) PSYoungGen: 187040K(226816K)->47200K(238080K) Eden: 143360K(143360K)->0K(153088K) From: 43680K(83456K)->47200K(84992K)
[224.188s][info][gc,heap        ] GC(748) ParOldGen: 510677K(667648K)->510677K(667648K)
[224.188s][info][gc,metaspace   ] GC(748) Metaspace: 18552K(18752K)->18552K(18752K) NonClass: 16724K(16896K)->16724K(16896K) Class: 1828K(1856K)->1828K(1856K)
[224.188s][info][gc             ] GC(748) Pause Young (Allocation Failure) 681M->544M(884M) 51.659ms
[224.188s][info][gc,cpu         ] GC(748) User=0.10s Sys=0.00s Real=0.06s
[224.321s][info][gc,start       ] GC(749) Pause Young (Allocation Failure)
[224.388s][info][gc,heap        ] GC(749) PSYoungGen: 200288K(238080K)->60736K(240128K) Eden: 153088K(153088K)->0K(153088K) From: 47200K(84992K)->60736K(87040K)
[224.389s][info][gc,heap        ] GC(749) ParOldGen: 510677K(667648K)->510677K(667648K)
[224.389s][info][gc,metaspace   ] GC(749) Metaspace: 18552K(18752K)->18552K(18752K) NonClass: 16724K(16896K)->16724K(16896K) Class: 1828K(1856K)->1828K(1856K)
[224.389s][info][gc             ] GC(749) Pause Young (Allocation Failure) 694M->558M(886M) 67.289ms
[224.389s][info][gc,cpu         ] GC(749) User=0.13s Sys=0.00s Real=0.07s
[224.516s][info][gc,start       ] GC(750) Pause Young (Allocation Failure)
[224.633s][info][gc,heap        ] GC(750) PSYoungGen: 213824K(240128K)->90112K(209920K) Eden: 153088K(153088K)->0K(116736K) From: 60736K(87040K)->90112K(93184K)
[224.633s][info][gc,heap        ] GC(750) ParOldGen: 510677K(667648K)->515005K(667648K)
[224.633s][info][gc,metaspace   ] GC(750) Metaspace: 18552K(18752K)->18552K(18752K) NonClass: 16724K(16896K)->16724K(16896K) Class: 1828K(1856K)->1828K(1856K)
[224.633s][info][gc             ] GC(750) Pause Young (Allocation Failure) 707M->590M(857M) 116.754ms
[224.633s][info][gc,cpu         ] GC(750) User=0.21s Sys=0.02s Real=0.11s
[224.752s][info][gc,start       ] GC(751) Pause Young (Allocation Failure)
[224.864s][info][gc,heap        ] GC(751) PSYoungGen: 206848K(209920K)->105584K(222720K) Eden: 116736K(116736K)->0K(116736K) From: 90112K(93184K)->105584K(105984K)
[224.864s][info][gc,heap        ] GC(751) ParOldGen: 515005K(667648K)->515005K(667648K)
[224.864s][info][gc,metaspace   ] GC(751) Metaspace: 18552K(18752K)->18552K(18752K) NonClass: 16724K(16896K)->16724K(16896K) Class: 1828K(1856K)->1828K(1856K)
[224.864s][info][gc             ] GC(751) Pause Young (Allocation Failure) 704M->606M(869M) 112.532ms
[224.864s][info][gc,cpu         ] GC(751) User=0.23s Sys=0.00s Real=0.11s
[224.958s][info][gc,start       ] GC(752) Pause Young (Allocation Failure)
[225.067s][info][gc,heap        ] GC(752) PSYoungGen: 222320K(222720K)->106048K(222720K) Eden: 116736K(116736K)->0K(111616K) From: 105584K(105984K)->106048K(111104K)
[225.067s][info][gc,heap        ] GC(752) ParOldGen: 515005K(667648K)->515005K(667648K)
[225.067s][info][gc,metaspace   ] GC(752) Metaspace: 18552K(18752K)->18552K(18752K) NonClass: 16724K(16896K)->16724K(16896K) Class: 1828K(1856K)->1828K(1856K)
[225.067s][info][gc             ] GC(752) Pause Young (Allocation Failure) 720M->606M(869M) 108.661ms
[225.067s][info][gc,cpu         ] GC(752) User=0.22s Sys=0.00s Real=0.11s
[225.224s][info][gc,start       ] GC(753) Pause Young (Allocation Failure)
[225.334s][info][gc,heap        ] GC(753) PSYoungGen: 217664K(222720K)->107312K(222720K) Eden: 111616K(111616K)->0K(111616K) From: 106048K(111104K)->107312K(111104K)
[225.334s][info][gc,heap        ] GC(753) ParOldGen: 515005K(667648K)->515005K(667648K)
[225.334s][info][gc,metaspace   ] GC(753) Metaspace: 18552K(18752K)->18552K(18752K) NonClass: 16724K(16896K)->16724K(16896K) Class: 1828K(1856K)->1828K(1856K)
[225.334s][info][gc             ] GC(753) Pause Young (Allocation Failure) 715M->607M(869M) 110.509ms
[225.334s][info][gc,cpu         ] GC(753) User=0.22s Sys=0.00s Real=0.11s
[225.458s][info][gc,start       ] GC(754) Pause Young (Allocation Failure)
[225.574s][info][gc,heap        ] GC(754) PSYoungGen: 218928K(222720K)->111056K(222720K) Eden: 111616K(111616K)->0K(111616K) From: 107312K(111104K)->111056K(111104K)
[225.574s][info][gc,heap        ] GC(754) ParOldGen: 515005K(667648K)->515013K(667648K)
[225.574s][info][gc,metaspace   ] GC(754) Metaspace: 18555K(18752K)->18555K(18752K) NonClass: 16727K(16896K)->16727K(16896K) Class: 1828K(1856K)->1828K(1856K)
[225.574s][info][gc             ] GC(754) Pause Young (Allocation Failure) 716M->611M(869M) 115.781ms
[225.574s][info][gc,cpu         ] GC(754) User=0.23s Sys=0.00s Real=0.11s
[225.689s][info][gc,start       ] GC(755) Pause Young (Allocation Failure)
[225.810s][info][gc,heap        ] GC(755) PSYoungGen: 222672K(222720K)->93904K(222720K) Eden: 111616K(111616K)->0K(111616K) From: 111056K(111104K)->93904K(111104K)
[225.810s][info][gc,heap        ] GC(755) ParOldGen: 515013K(667648K)->538597K(667648K)
[225.810s][info][gc,metaspace   ] GC(755) Metaspace: 18555K(18752K)->18555K(18752K) NonClass: 16727K(16896K)->16727K(16896K) Class: 1828K(1856K)->1828K(1856K)
[225.810s][info][gc             ] GC(755) Pause Young (Allocation Failure) 720M->617M(869M) 120.542ms
[225.810s][info][gc,cpu         ] GC(755) User=0.24s Sys=0.00s Real=0.12s
[225.969s][info][gc,start       ] GC(756) Pause Young (Allocation Failure)
[226.083s][info][gc,heap        ] GC(756) PSYoungGen: 205520K(222720K)->95280K(222720K) Eden: 111616K(111616K)->0K(111616K) From: 93904K(111104K)->95280K(111104K)
[226.083s][info][gc,heap        ] GC(756) ParOldGen: 538597K(667648K)->554253K(667648K)
[226.083s][info][gc,metaspace   ] GC(756) Metaspace: 18555K(18752K)->18555K(18752K) NonClass: 16727K(16896K)->16727K(16896K) Class: 1828K(1856K)->1828K(1856K)
[226.083s][info][gc             ] GC(756) Pause Young (Allocation Failure) 726M->634M(869M) 114.496ms
[226.083s][info][gc,cpu         ] GC(756) User=0.23s Sys=0.00s Real=0.11s
[226.346s][info][gc,start       ] GC(757) Pause Young (Allocation Failure)
[226.448s][info][gc,heap        ] GC(757) PSYoungGen: 206896K(222720K)->93328K(222720K) Eden: 111616K(111616K)->0K(111616K) From: 95280K(111104K)->93328K(111104K)
[226.448s][info][gc,heap        ] GC(757) ParOldGen: 554253K(667648K)->558029K(667648K)
[226.448s][info][gc,metaspace   ] GC(757) Metaspace: 18555K(18752K)->18555K(18752K) NonClass: 16727K(16896K)->16727K(16896K) Class: 1828K(1856K)->1828K(1856K)
[226.449s][info][gc             ] GC(757) Pause Young (Allocation Failure) 743M->636M(869M) 102.263ms
[226.449s][info][gc,cpu         ] GC(757) User=0.20s Sys=0.00s Real=0.11s
[226.774s][info][gc,start       ] GC(758) Pause Young (Allocation Failure)
[226.872s][info][gc,heap        ] GC(758) PSYoungGen: 204944K(222720K)->46096K(222720K) Eden: 111616K(111616K)->0K(111616K) From: 93328K(111104K)->46096K(111104K)
[226.872s][info][gc,heap        ] GC(758) ParOldGen: 558029K(667648K)->605430K(667648K)
[226.872s][info][gc,metaspace   ] GC(758) Metaspace: 18555K(18752K)->18555K(18752K) NonClass: 16727K(16896K)->16727K(16896K) Class: 1828K(1856K)->1828K(1856K)
[226.872s][info][gc             ] GC(758) Pause Young (Allocation Failure) 745M->636M(869M) 97.910ms
[226.872s][info][gc,cpu         ] GC(758) User=0.19s Sys=0.00s Real=0.10s
[227.197s][info][gc,start       ] GC(759) Pause Young (Allocation Failure)
[227.247s][info][gc,heap        ] GC(759) PSYoungGen: 157712K(222720K)->30240K(222720K) Eden: 111616K(111616K)->0K(111616K) From: 46096K(111104K)->30240K(111104K)
[227.247s][info][gc,heap        ] GC(759) ParOldGen: 605430K(667648K)->621414K(667648K)
[227.247s][info][gc,metaspace   ] GC(759) Metaspace: 18555K(18752K)->18555K(18752K) NonClass: 16727K(16896K)->16727K(16896K) Class: 1828K(1856K)->1828K(1856K)
[227.247s][info][gc             ] GC(759) Pause Young (Allocation Failure) 745M->636M(869M) 49.648ms
[227.247s][info][gc,cpu         ] GC(759) User=0.09s Sys=0.00s Real=0.05s
[227.525s][info][gc,start       ] GC(760) Pause Full (Allocation Failure)
[227.525s][info][gc,phases,start] GC(760) Marking Phase
[228.011s][info][gc,phases      ] GC(760) Marking Phase 486.600ms
[228.012s][info][gc,phases,start] GC(760) Summary Phase
[228.012s][info][gc,phases      ] GC(760) Summary Phase 0.027ms
[228.012s][info][gc,phases,start] GC(760) Forward
[228.043s][info][gc,phases      ] GC(760) Forward 31.175ms
[228.043s][info][gc,phases,start] GC(760) Adjust Pointers
[228.370s][info][gc,phases      ] GC(760) Adjust Pointers 327.401ms
[228.370s][info][gc,phases,start] GC(760) Compaction Phase
[228.526s][info][gc,phases      ] GC(760) Compaction Phase 156.077ms
[228.526s][info][gc,phases,start] GC(760) Post Compact
[228.529s][info][gc,phases      ] GC(760) Post Compact 2.215ms
[228.529s][info][gc,heap        ] GC(760) PSYoungGen: 141856K(222720K)->0K(222720K) Eden: 111616K(111616K)->0K(111616K) From: 30240K(111104K)->0K(111104K)
[228.529s][info][gc,heap        ] GC(760) ParOldGen: 621414K(667648K)->651084K(667648K)
[228.529s][info][gc,metaspace   ] GC(760) Metaspace: 18555K(18752K)->18555K(18752K) NonClass: 16727K(16896K)->16727K(16896K) Class: 1828K(1856K)->1828K(1856K)
[228.529s][info][gc             ] GC(760) Pause Full (Allocation Failure) 745M->635M(869M) 1003.961ms
[228.529s][info][gc,cpu         ] GC(760) User=1.97s Sys=0.00s Real=1.01s
[228.803s][info][gc,start       ] GC(761) Pause Full (Allocation Failure)
[228.803s][info][gc,phases,start] GC(761) Marking Phase
[229.289s][info][gc,phases      ] GC(761) Marking Phase 485.126ms
[229.289s][info][gc,phases,start] GC(761) Summary Phase
[229.289s][info][gc,phases      ] GC(761) Summary Phase 0.028ms
[229.289s][info][gc,phases,start] GC(761) Forward
[229.289s][info][gc,phases      ] GC(761) Forward 0.363ms
[229.289s][info][gc,phases,start] GC(761) Adjust Pointers
[229.611s][info][gc,phases      ] GC(761) Adjust Pointers 322.362ms
[229.611s][info][gc,phases,start] GC(761) Compaction Phase
[229.748s][info][gc,phases      ] GC(761) Compaction Phase 136.321ms
[229.748s][info][gc,phases,start] GC(761) Post Compact
[229.750s][info][gc,phases      ] GC(761) Post Compact 2.214ms
[229.750s][info][gc,heap        ] GC(761) PSYoungGen: 111616K(222720K)->0K(222720K) Eden: 111616K(111616K)->0K(111616K) From: 0K(111104K)->0K(111104K)
[229.750s][info][gc,heap        ] GC(761) ParOldGen: 651084K(667648K)->651088K(667648K)
[229.750s][info][gc,metaspace   ] GC(761) Metaspace: 18555K(18752K)->18555K(18752K) NonClass: 16727K(16896K)->16727K(16896K) Class: 1828K(1856K)->1828K(1856K)
[229.750s][info][gc             ] GC(761) Pause Full (Allocation Failure) 744M->635M(869M) 946.858ms
[229.750s][info][gc,cpu         ] GC(761) User=1.86s Sys=0.00s Real=0.95s
[230.012s][info][gc,start       ] GC(762) Pause Full (Allocation Failure)
[230.012s][info][gc,phases,start] GC(762) Marking Phase
[230.499s][info][gc,phases      ] GC(762) Marking Phase 487.275ms
[230.499s][info][gc,phases,start] GC(762) Summary Phase
[230.499s][info][gc,phases      ] GC(762) Summary Phase 0.025ms
[230.499s][info][gc,phases,start] GC(762) Forward
[230.500s][info][gc,phases      ] GC(762) Forward 0.375ms
[230.500s][info][gc,phases,start] GC(762) Adjust Pointers
[230.825s][info][gc,phases      ] GC(762) Adjust Pointers 325.077ms
[230.825s][info][gc,phases,start] GC(762) Compaction Phase
[230.965s][info][gc,phases      ] GC(762) Compaction Phase 139.931ms
[230.965s][info][gc,phases,start] GC(762) Post Compact
[230.967s][info][gc,phases      ] GC(762) Post Compact 2.248ms
[230.967s][info][gc,heap        ] GC(762) PSYoungGen: 111616K(222720K)->0K(222720K) Eden: 111616K(111616K)->0K(111616K) From: 0K(111104K)->0K(111104K)
[230.967s][info][gc,heap        ] GC(762) ParOldGen: 651088K(667648K)->651094K(667648K)
[230.967s][info][gc,metaspace   ] GC(762) Metaspace: 18555K(18752K)->18555K(18752K) NonClass: 16727K(16896K)->16727K(16896K) Class: 1828K(1856K)->1828K(1856K)
[230.967s][info][gc             ] GC(762) Pause Full (Allocation Failure) 744M->635M(869M) 955.369ms
[230.967s][info][gc,cpu         ] GC(762) User=1.87s Sys=0.00s Real=0.96s
[231.270s][info][gc,start       ] GC(763) Pause Full (Allocation Failure)
[231.270s][info][gc,phases,start] GC(763) Marking Phase
[231.684s][info][gc,phases      ] GC(763) Marking Phase 413.967ms
[231.684s][info][gc,phases,start] GC(763) Summary Phase
[231.684s][info][gc,phases      ] GC(763) Summary Phase 0.027ms
[231.684s][info][gc,phases,start] GC(763) Forward
[231.773s][info][gc,phases      ] GC(763) Forward 89.074ms
[231.773s][info][gc,phases,start] GC(763) Adjust Pointers
[232.073s][info][gc,phases      ] GC(763) Adjust Pointers 299.947ms
[232.073s][info][gc,phases,start] GC(763) Compaction Phase
[232.229s][info][gc,phases      ] GC(763) Compaction Phase 155.630ms
[232.235s][info][gc,phases,start] GC(763) Post Compact
[232.238s][info][gc,phases      ] GC(763) Post Compact 2.286ms
[232.238s][info][gc,heap        ] GC(763) PSYoungGen: 111616K(222720K)->0K(222720K) Eden: 111616K(111616K)->0K(111616K) From: 0K(111104K)->0K(111104K)
[232.238s][info][gc,heap        ] GC(763) ParOldGen: 651094K(667648K)->556303K(667648K)
[232.238s][info][gc,metaspace   ] GC(763) Metaspace: 18555K(18752K)->18555K(18752K) NonClass: 16727K(16896K)->16727K(16896K) Class: 1828K(1856K)->1828K(1856K)
[232.238s][info][gc             ] GC(763) Pause Full (Allocation Failure) 744M->543M(869M) 967.689ms
[232.238s][info][gc,cpu         ] GC(763) User=1.85s Sys=0.00s Real=0.97s
[232.454s][info][gc,start       ] GC(764) Pause Young (Allocation Failure)
[232.458s][info][gc,heap        ] GC(764) PSYoungGen: 111616K(222720K)->2272K(222720K) Eden: 111616K(111616K)->0K(111616K) From: 0K(111104K)->2272K(111104K)
[232.458s][info][gc,heap        ] GC(764) ParOldGen: 556303K(667648K)->556303K(667648K)
[232.458s][info][gc,metaspace   ] GC(764) Metaspace: 18555K(18752K)->18555K(18752K) NonClass: 16727K(16896K)->16727K(16896K) Class: 1828K(1856K)->1828K(1856K)
[232.458s][info][gc             ] GC(764) Pause Young (Allocation Failure) 652M->545M(869M) 4.212ms
[232.458s][info][gc,cpu         ] GC(764) User=0.01s Sys=0.00s Real=0.01s
[232.556s][info][gc,start       ] GC(765) Pause Young (Allocation Failure)
[232.586s][info][gc,heap        ] GC(765) PSYoungGen: 113888K(222720K)->39040K(222720K) Eden: 111616K(111616K)->0K(111616K) From: 2272K(111104K)->39040K(111104K)
[232.586s][info][gc,heap        ] GC(765) ParOldGen: 556303K(667648K)->556303K(667648K)
[232.586s][info][gc,metaspace   ] GC(765) Metaspace: 18555K(18752K)->18555K(18752K) NonClass: 16727K(16896K)->16727K(16896K) Class: 1828K(1856K)->1828K(1856K)
[232.586s][info][gc             ] GC(765) Pause Young (Allocation Failure) 654M->581M(869M) 30.402ms
[232.586s][info][gc,cpu         ] GC(765) User=0.06s Sys=0.00s Real=0.03s
[232.696s][info][gc,start       ] GC(766) Pause Young (Allocation Failure)
[232.748s][info][gc,heap        ] GC(766) PSYoungGen: 150656K(222720K)->75232K(222720K) Eden: 111616K(111616K)->0K(111616K) From: 39040K(111104K)->75232K(111104K)
[232.748s][info][gc,heap        ] GC(766) ParOldGen: 556303K(667648K)->556303K(667648K)
[232.748s][info][gc,metaspace   ] GC(766) Metaspace: 18555K(18752K)->18555K(18752K) NonClass: 16727K(16896K)->16727K(16896K) Class: 1828K(1856K)->1828K(1856K)
[232.748s][info][gc             ] GC(766) Pause Young (Allocation Failure) 690M->616M(869M) 51.870ms
[232.748s][info][gc,cpu         ] GC(766) User=0.10s Sys=0.00s Real=0.06s
[232.868s][info][gc,start       ] GC(767) Pause Young (Allocation Failure)
[232.919s][info][gc,heap        ] GC(767) PSYoungGen: 186848K(222720K)->75440K(222720K) Eden: 111616K(111616K)->0K(111616K) From: 75232K(111104K)->75440K(111104K)
[232.919s][info][gc,heap        ] GC(767) ParOldGen: 556303K(667648K)->558559K(667648K)
[232.919s][info][gc,metaspace   ] GC(767) Metaspace: 18555K(18752K)->18555K(18752K) NonClass: 16727K(16896K)->16727K(16896K) Class: 1828K(1856K)->1828K(1856K)
[232.919s][info][gc             ] GC(767) Pause Young (Allocation Failure) 725M->619M(869M) 51.075ms
[232.919s][info][gc,cpu         ] GC(767) User=0.10s Sys=0.00s Real=0.05s
[233.110s][info][gc,start       ] GC(768) Pause Young (Allocation Failure)
[233.197s][info][gc,heap        ] GC(768) PSYoungGen: 187056K(222720K)->22432K(222720K) Eden: 111616K(111616K)->0K(111616K) From: 75440K(111104K)->22432K(111104K)
[233.197s][info][gc,heap        ] GC(768) ParOldGen: 558559K(667648K)->632446K(667648K)
[233.197s][info][gc,metaspace   ] GC(768) Metaspace: 18562K(18752K)->18562K(18752K) NonClass: 16734K(16896K)->16734K(16896K) Class: 1828K(1856K)->1828K(1856K)
[233.197s][info][gc             ] GC(768) Pause Young (Allocation Failure) 728M->639M(869M) 87.272ms
[233.197s][info][gc,cpu         ] GC(768) User=0.17s Sys=0.00s Real=0.09s
[233.377s][info][gc,start       ] GC(769) Pause Full (Allocation Failure)
[233.377s][info][gc,phases,start] GC(769) Marking Phase
[233.595s][info][gc,phases      ] GC(769) Marking Phase 217.458ms
[233.595s][info][gc,phases,start] GC(769) Summary Phase
[233.595s][info][gc,phases      ] GC(769) Summary Phase 0.028ms
[233.595s][info][gc,phases,start] GC(769) Forward
[233.680s][info][gc,phases      ] GC(769) Forward 85.034ms
[233.680s][info][gc,phases,start] GC(769) Adjust Pointers
[233.850s][info][gc,phases      ] GC(769) Adjust Pointers 170.363ms
[233.850s][info][gc,phases,start] GC(769) Compaction Phase
[233.949s][info][gc,phases      ] GC(769) Compaction Phase 98.678ms
[233.959s][info][gc,phases,start] GC(769) Post Compact
[233.961s][info][gc,phases      ] GC(769) Post Compact 2.289ms
[233.967s][info][gc,heap        ] GC(769) PSYoungGen: 134048K(222720K)->0K(222720K) Eden: 111616K(111616K)->0K(111616K) From: 22432K(111104K)->0K(111104K)
[233.967s][info][gc,heap        ] GC(769) ParOldGen: 632446K(667648K)->317201K(608768K)
[233.967s][info][gc,metaspace   ] GC(769) Metaspace: 18562K(18752K)->18562K(18752K) NonClass: 16734K(16896K)->16734K(16896K) Class: 1828K(1856K)->1828K(1856K)
[233.967s][info][gc             ] GC(769) Pause Full (Allocation Failure) 748M->309M(812M) 589.477ms
[233.967s][info][gc,cpu         ] GC(769) User=1.05s Sys=0.01s Real=0.59s
[234.125s][info][gc,start       ] GC(770) Pause Young (Allocation Failure)
[234.134s][info][gc,heap        ] GC(770) PSYoungGen: 111616K(222720K)->9136K(222720K) Eden: 111616K(111616K)->0K(111616K) From: 0K(111104K)->9136K(111104K)
[234.134s][info][gc,heap        ] GC(770) ParOldGen: 317201K(608768K)->317201K(608768K)
[234.134s][info][gc,metaspace   ] GC(770) Metaspace: 18562K(18752K)->18562K(18752K) NonClass: 16734K(16896K)->16734K(16896K) Class: 1828K(1856K)->1828K(1856K)
[234.134s][info][gc             ] GC(770) Pause Young (Allocation Failure) 418M->318M(812M) 8.244ms
[234.134s][info][gc,cpu         ] GC(770) User=0.01s Sys=0.00s Real=0.01s
[234.193s][info][gc,start       ] GC(771) Pause Young (Allocation Failure)
[234.226s][info][gc,heap        ] GC(771) PSYoungGen: 120752K(222720K)->36096K(222720K) Eden: 111616K(111616K)->0K(111616K) From: 9136K(111104K)->36096K(111104K)
[234.226s][info][gc,heap        ] GC(771) ParOldGen: 317201K(608768K)->326449K(608768K)
[234.226s][info][gc,metaspace   ] GC(771) Metaspace: 18562K(18752K)->18562K(18752K) NonClass: 16734K(16896K)->16734K(16896K) Class: 1828K(1856K)->1828K(1856K)
[234.226s][info][gc             ] GC(771) Pause Young (Allocation Failure) 427M->354M(812M) 32.919ms
[234.226s][info][gc,cpu         ] GC(771) User=0.06s Sys=0.00s Real=0.03s
[234.294s][info][gc,start       ] GC(772) Pause Young (Allocation Failure)
[234.349s][info][gc,heap        ] GC(772) PSYoungGen: 147712K(222720K)->37568K(222720K) Eden: 111616K(111616K)->0K(111616K) From: 36096K(111104K)->37568K(111104K)
[234.350s][info][gc,heap        ] GC(772) ParOldGen: 326449K(608768K)->363065K(608768K)
[234.350s][info][gc,metaspace   ] GC(772) Metaspace: 18563K(18752K)->18563K(18752K) NonClass: 16734K(16896K)->16734K(16896K) Class: 1828K(1856K)->1828K(1856K)
[234.350s][info][gc             ] GC(772) Pause Young (Allocation Failure) 463M->391M(812M) 55.079ms
[234.350s][info][gc,cpu         ] GC(772) User=0.10s Sys=0.00s Real=0.06s
[234.500s][info][gc,start       ] GC(773) Pause Young (Allocation Failure)
[234.526s][info][gc,heap        ] GC(773) PSYoungGen: 149184K(222720K)->896K(222720K) Eden: 111616K(111616K)->0K(111616K) From: 37568K(111104K)->896K(111104K)
[234.526s][info][gc,heap        ] GC(773) ParOldGen: 363065K(608768K)->401110K(608768K)
[234.526s][info][gc,metaspace   ] GC(773) Metaspace: 18563K(18752K)->18563K(18752K) NonClass: 16735K(16896K)->16735K(16896K) Class: 1828K(1856K)->1828K(1856K)
[234.526s][info][gc             ] GC(773) Pause Young (Allocation Failure) 500M->392M(812M) 26.513ms
[234.526s][info][gc,cpu         ] GC(773) User=0.05s Sys=0.00s Real=0.02s
[234.649s][info][gc,start       ] GC(774) Pause Young (Allocation Failure)
[234.653s][info][gc,heap        ] GC(774) PSYoungGen: 112512K(222720K)->96K(222720K) Eden: 111616K(111616K)->0K(111616K) From: 896K(111104K)->96K(111104K)
[234.653s][info][gc,heap        ] GC(774) ParOldGen: 401110K(608768K)->401966K(608768K)
[234.653s][info][gc,metaspace   ] GC(774) Metaspace: 18563K(18752K)->18563K(18752K) NonClass: 16735K(16896K)->16735K(16896K) Class: 1828K(1856K)->1828K(1856K)
[234.653s][info][gc             ] GC(774) Pause Young (Allocation Failure) 501M->392M(812M) 4.036ms
[234.653s][info][gc,cpu         ] GC(774) User=0.01s Sys=0.00s Real=0.00s
[234.771s][info][gc,start       ] GC(775) Pause Young (Allocation Failure)
[234.773s][info][gc,heap        ] GC(775) PSYoungGen: 111712K(222720K)->160K(222720K) Eden: 111616K(111616K)->0K(111616K) From: 96K(111104K)->160K(111104K)
[234.773s][info][gc,heap        ] GC(775) ParOldGen: 401966K(608768K)->402046K(608768K)
[234.773s][info][gc,metaspace   ] GC(775) Metaspace: 18563K(18752K)->18563K(18752K) NonClass: 16735K(16896K)->16735K(16896K) Class: 1828K(1856K)->1828K(1856K)
[234.773s][info][gc             ] GC(775) Pause Young (Allocation Failure) 501M->392M(812M) 1.954ms
[234.773s][info][gc,cpu         ] GC(775) User=0.00s Sys=0.00s Real=0.00s
[234.890s][info][gc,start       ] GC(776) Pause Young (Allocation Failure)
[234.892s][info][gc,heap        ] GC(776) PSYoungGen: 111776K(222720K)->160K(222720K) Eden: 111616K(111616K)->0K(111616K) From: 160K(111104K)->160K(111104K)
[234.892s][info][gc,heap        ] GC(776) ParOldGen: 402046K(608768K)->402166K(608768K)
[234.892s][info][gc,metaspace   ] GC(776) Metaspace: 18563K(18752K)->18563K(18752K) NonClass: 16735K(16896K)->16735K(16896K) Class: 1828K(1856K)->1828K(1856K)
[234.892s][info][gc             ] GC(776) Pause Young (Allocation Failure) 501M->392M(812M) 2.045ms
[234.892s][info][gc,cpu         ] GC(776) User=0.01s Sys=0.00s Real=0.00s
[235.013s][info][gc,start       ] GC(777) Pause Young (Allocation Failure)
[235.015s][info][gc,heap        ] GC(777) PSYoungGen: 111776K(222720K)->128K(222720K) Eden: 111616K(111616K)->0K(111616K) From: 160K(111104K)->128K(111104K)
[235.015s][info][gc,heap        ] GC(777) ParOldGen: 402166K(608768K)->402302K(608768K)
[235.015s][info][gc,metaspace   ] GC(777) Metaspace: 18563K(18752K)->18563K(18752K) NonClass: 16735K(16896K)->16735K(16896K) Class: 1828K(1856K)->1828K(1856K)
[235.015s][info][gc             ] GC(777) Pause Young (Allocation Failure) 501M->392M(812M) 1.966ms
[235.015s][info][gc,cpu         ] GC(777) User=0.00s Sys=0.00s Real=0.00s
[235.141s][info][gc,start       ] GC(778) Pause Young (Allocation Failure)
[235.143s][info][gc,heap        ] GC(778) PSYoungGen: 111744K(222720K)->128K(222720K) Eden: 111616K(111616K)->0K(111616K) From: 128K(111104K)->128K(111104K)
[235.143s][info][gc,heap        ] GC(778) ParOldGen: 402302K(608768K)->402382K(608768K)
[235.143s][info][gc,metaspace   ] GC(778) Metaspace: 18563K(18752K)->18563K(18752K) NonClass: 16735K(16896K)->16735K(16896K) Class: 1828K(1856K)->1828K(1856K)
[235.143s][info][gc             ] GC(778) Pause Young (Allocation Failure) 501M->393M(812M) 1.865ms
[235.143s][info][gc,cpu         ] GC(778) User=0.00s Sys=0.00s Real=0.00s
[235.262s][info][gc,start       ] GC(779) Pause Young (Allocation Failure)
[235.264s][info][gc,heap        ] GC(779) PSYoungGen: 111744K(222720K)->128K(222720K) Eden: 111616K(111616K)->0K(111616K) From: 128K(111104K)->128K(111104K)
[235.264s][info][gc,heap        ] GC(779) ParOldGen: 402382K(608768K)->402462K(608768K)
[235.264s][info][gc,metaspace   ] GC(779) Metaspace: 18563K(18752K)->18563K(18752K) NonClass: 16735K(16896K)->16735K(16896K) Class: 1828K(1856K)->1828K(1856K)
[235.264s][info][gc             ] GC(779) Pause Young (Allocation Failure) 502M->393M(812M) 2.016ms
[235.264s][info][gc,cpu         ] GC(779) User=0.00s Sys=0.00s Real=0.00s
[235.383s][info][gc,start       ] GC(780) Pause Young (Allocation Failure)
[235.386s][info][gc,heap        ] GC(780) PSYoungGen: 111744K(222720K)->224K(213504K) Eden: 111616K(111616K)->0K(111616K) From: 128K(111104K)->224K(101888K)
[235.386s][info][gc,heap        ] GC(780) ParOldGen: 402462K(608768K)->402462K(608768K)
[235.386s][info][gc,metaspace   ] GC(780) Metaspace: 18563K(18752K)->18563K(18752K) NonClass: 16735K(16896K)->16735K(16896K) Class: 1828K(1856K)->1828K(1856K)
[235.386s][info][gc             ] GC(780) Pause Young (Allocation Failure) 502M->393M(803M) 2.732ms
[235.386s][info][gc,cpu         ] GC(780) User=0.00s Sys=0.00s Real=0.00s
[235.505s][info][gc,start       ] GC(781) Pause Young (Allocation Failure)
[235.507s][info][gc,heap        ] GC(781) PSYoungGen: 111840K(213504K)->288K(112128K) Eden: 111616K(111616K)->0K(111616K) From: 224K(101888K)->288K(512K)
[235.507s][info][gc,heap        ] GC(781) ParOldGen: 402462K(608768K)->402462K(608768K)
[235.507s][info][gc,metaspace   ] GC(781) Metaspace: 18563K(18752K)->18563K(18752K) NonClass: 16735K(16896K)->16735K(16896K) Class: 1828K(1856K)->1828K(1856K)
[235.508s][info][gc             ] GC(781) Pause Young (Allocation Failure) 502M->393M(704M) 2.878ms
[235.508s][info][gc,cpu         ] GC(781) User=0.00s Sys=0.00s Real=0.01s
[235.641s][info][gc,start       ] GC(782) Pause Young (Allocation Failure)
[235.648s][info][gc,heap        ] GC(782) PSYoungGen: 111904K(112128K)->1952K(204800K) Eden: 111616K(111616K)->0K(113664K) From: 288K(512K)->1952K(91136K)
[235.648s][info][gc,heap        ] GC(782) ParOldGen: 402462K(608768K)->402462K(608768K)
[235.648s][info][gc,metaspace   ] GC(782) Metaspace: 18563K(18752K)->18563K(18752K) NonClass: 16735K(16896K)->16735K(16896K) Class: 1828K(1856K)->1828K(1856K)
[235.648s][info][gc             ] GC(782) Pause Young (Allocation Failure) 502M->394M(794M) 6.493ms
[235.648s][info][gc,cpu         ] GC(782) User=0.01s Sys=0.00s Real=0.01s
[235.766s][info][gc,start       ] GC(783) Pause Young (Allocation Failure)
[235.785s][info][gc,heap        ] GC(783) PSYoungGen: 115616K(204800K)->4096K(117760K) Eden: 113664K(113664K)->0K(113664K) From: 1952K(91136K)->4096K(4096K)
[235.785s][info][gc,heap        ] GC(783) ParOldGen: 402462K(608768K)->402462K(608768K)
[235.785s][info][gc,metaspace   ] GC(783) Metaspace: 18566K(18752K)->18566K(18752K) NonClass: 16738K(16896K)->16738K(16896K) Class: 1828K(1856K)->1828K(1856K)
[235.785s][info][gc             ] GC(783) Pause Young (Allocation Failure) 505M->397M(709M) 19.029ms
[235.785s][info][gc,cpu         ] GC(783) User=0.04s Sys=0.00s Real=0.02s
[235.934s][info][gc,start       ] GC(784) Pause Young (Allocation Failure)
[235.971s][info][gc,heap        ] GC(784) PSYoungGen: 117760K(117760K)->21451K(198656K) Eden: 113664K(113664K)->0K(117760K) From: 4096K(4096K)->21451K(80896K)
[235.971s][info][gc,heap        ] GC(784) ParOldGen: 402462K(608768K)->402462K(608768K)
[235.971s][info][gc,metaspace   ] GC(784) Metaspace: 18566K(18752K)->18566K(18752K) NonClass: 16738K(16896K)->16738K(16896K) Class: 1828K(1856K)->1828K(1856K)
[235.971s][info][gc             ] GC(784) Pause Young (Allocation Failure) 508M->413M(788M) 37.792ms
[235.971s][info][gc,cpu         ] GC(784) User=0.07s Sys=0.00s Real=0.04s
[236.121s][info][gc,start       ] GC(785) Pause Young (Allocation Failure)
[236.158s][info][gc,heap        ] GC(785) PSYoungGen: 139211K(198656K)->21451K(202752K) Eden: 117760K(117760K)->0K(117760K) From: 21451K(80896K)->21451K(84992K)
[236.158s][info][gc,heap        ] GC(785) ParOldGen: 402462K(608768K)->402462K(608768K)
[236.158s][info][gc,metaspace   ] GC(785) Metaspace: 18566K(18752K)->18566K(18752K) NonClass: 16738K(16896K)->16738K(16896K) Class: 1828K(1856K)->1828K(1856K)
[236.158s][info][gc             ] GC(785) Pause Young (Allocation Failure) 528M->413M(792M) 36.645ms
[236.158s][info][gc,cpu         ] GC(785) User=0.07s Sys=0.00s Real=0.04s
[236.287s][info][gc,start       ] GC(786) Pause Young (Allocation Failure)
[236.338s][info][gc,heap        ] GC(786) PSYoungGen: 139211K(202752K)->34251K(202752K) Eden: 117760K(117760K)->0K(122368K) From: 21451K(84992K)->34251K(80384K)
[236.338s][info][gc,heap        ] GC(786) ParOldGen: 402462K(608768K)->402462K(608768K)
[236.338s][info][gc,metaspace   ] GC(786) Metaspace: 18566K(18752K)->18566K(18752K) NonClass: 16738K(16896K)->16738K(16896K) Class: 1828K(1856K)->1828K(1856K)
[236.338s][info][gc             ] GC(786) Pause Young (Allocation Failure) 528M->426M(792M) 51.340ms
[236.338s][info][gc,cpu         ] GC(786) User=0.11s Sys=0.00s Real=0.05s
[236.444s][info][gc,start       ] GC(787) Pause Young (Allocation Failure)
[236.516s][info][gc,heap        ] GC(787) PSYoungGen: 156619K(202752K)->55339K(202752K) Eden: 122368K(122368K)->0K(122368K) From: 34251K(80384K)->55339K(80384K)
[236.516s][info][gc,heap        ] GC(787) ParOldGen: 402462K(608768K)->402462K(608768K)
[236.516s][info][gc,metaspace   ] GC(787) Metaspace: 18566K(18752K)->18566K(18752K) NonClass: 16738K(16896K)->16738K(16896K) Class: 1828K(1856K)->1828K(1856K)
[236.516s][info][gc             ] GC(787) Pause Young (Allocation Failure) 545M->447M(792M) 72.093ms
[236.516s][info][gc,cpu         ] GC(787) User=0.15s Sys=0.00s Real=0.07s
[236.623s][info][gc,start       ] GC(788) Pause Young (Allocation Failure)
[236.699s][info][gc,heap        ] GC(788) PSYoungGen: 177707K(202752K)->59371K(210432K) Eden: 122368K(122368K)->0K(122880K) From: 55339K(80384K)->59371K(87552K)
[236.699s][info][gc,heap        ] GC(788) ParOldGen: 402462K(608768K)->402462K(608768K)
[236.699s][info][gc,metaspace   ] GC(788) Metaspace: 18566K(18752K)->18566K(18752K) NonClass: 16738K(16896K)->16738K(16896K) Class: 1828K(1856K)->1828K(1856K)
[236.699s][info][gc             ] GC(788) Pause Young (Allocation Failure) 566M->451M(800M) 76.109ms
[236.700s][info][gc,cpu         ] GC(788) User=0.15s Sys=0.00s Real=0.08s
[236.789s][info][gc,start       ] GC(789) Pause Young (Allocation Failure)
[236.866s][info][gc,heap        ] GC(789) PSYoungGen: 181369K(210432K)->60875K(217600K) Eden: 121997K(122880K)->0K(122880K) From: 59371K(87552K)->60875K(94720K)
[236.866s][info][gc,heap        ] GC(789) ParOldGen: 402462K(608768K)->402462K(608768K)
[236.866s][info][gc,metaspace   ] GC(789) Metaspace: 18566K(18752K)->18566K(18752K) NonClass: 16738K(16896K)->16738K(16896K) Class: 1828K(1856K)->1828K(1856K)
[236.866s][info][gc             ] GC(789) Pause Young (Allocation Failure) 570M->452M(807M) 77.258ms
[236.866s][info][gc,cpu         ] GC(789) User=0.15s Sys=0.00s Real=0.07s
[236.976s][info][gc,start       ] GC(790) Pause Young (Allocation Failure)
[237.058s][info][gc,heap        ] GC(790) PSYoungGen: 183755K(217600K)->61003K(223744K) Eden: 122880K(122880K)->0K(122880K) From: 60875K(94720K)->61003K(100864K)
[237.058s][info][gc,heap        ] GC(790) ParOldGen: 402462K(608768K)->402462K(608768K)
[237.058s][info][gc,metaspace   ] GC(790) Metaspace: 18566K(18752K)->18566K(18752K) NonClass: 16738K(16896K)->16738K(16896K) Class: 1828K(1856K)->1828K(1856K)
[237.058s][info][gc             ] GC(790) Pause Young (Allocation Failure) 572M->452M(813M) 82.520ms
[237.058s][info][gc,cpu         ] GC(790) User=0.16s Sys=0.01s Real=0.09s
[237.165s][info][gc,start       ] GC(791) Pause Young (Allocation Failure)
[237.246s][info][gc,heap        ] GC(791) PSYoungGen: 183883K(223744K)->64651K(187904K) Eden: 122880K(122880K)->0K(122880K) From: 61003K(100864K)->64651K(65024K)
[237.246s][info][gc,heap        ] GC(791) ParOldGen: 402462K(608768K)->402462K(608768K)
[237.246s][info][gc,metaspace   ] GC(791) Metaspace: 18566K(18752K)->18566K(18752K) NonClass: 16738K(16896K)->16738K(16896K) Class: 1828K(1856K)->1828K(1856K)
[237.246s][info][gc             ] GC(791) Pause Young (Allocation Failure) 572M->456M(778M) 81.352ms
[237.246s][info][gc,cpu         ] GC(791) User=0.16s Sys=0.00s Real=0.09s
[237.340s][info][gc,start       ] GC(792) Pause Young (Allocation Failure)
[237.425s][info][gc,heap        ] GC(792) PSYoungGen: 187531K(187904K)->64683K(221696K) Eden: 122880K(122880K)->0K(111616K) From: 64651K(65024K)->64683K(110080K)
[237.425s][info][gc,heap        ] GC(792) ParOldGen: 402462K(608768K)->402462K(608768K)
[237.425s][info][gc,metaspace   ] GC(792) Metaspace: 18566K(18752K)->18566K(18752K) NonClass: 16738K(16896K)->16738K(16896K) Class: 1828K(1856K)->1828K(1856K)
[237.425s][info][gc             ] GC(792) Pause Young (Allocation Failure) 576M->456M(811M) 84.123ms
[237.425s][info][gc,cpu         ] GC(792) User=0.16s Sys=0.00s Real=0.08s
[237.559s][info][gc,start       ] GC(793) Pause Young (Allocation Failure)
[237.650s][info][gc,heap        ] GC(793) PSYoungGen: 176299K(221696K)->73963K(222720K) Eden: 111616K(111616K)->0K(111616K) From: 64683K(110080K)->73963K(111104K)
[237.650s][info][gc,heap        ] GC(793) ParOldGen: 402462K(608768K)->402662K(608768K)
[237.650s][info][gc,metaspace   ] GC(793) Metaspace: 18566K(18752K)->18566K(18752K) NonClass: 16738K(16896K)->16738K(16896K) Class: 1828K(1856K)->1828K(1856K)
[237.650s][info][gc             ] GC(793) Pause Young (Allocation Failure) 565M->465M(812M) 90.413ms
[237.650s][info][gc,cpu         ] GC(793) User=0.18s Sys=0.00s Real=0.09s
[237.744s][info][gc,start       ] GC(794) Pause Young (Allocation Failure)
[237.857s][info][gc,heap        ] GC(794) PSYoungGen: 185579K(222720K)->87996K(222720K) Eden: 111616K(111616K)->0K(111616K) From: 73963K(111104K)->87996K(111104K)
[237.857s][info][gc,heap        ] GC(794) ParOldGen: 402662K(608768K)->404390K(608768K)
[237.857s][info][gc,metaspace   ] GC(794) Metaspace: 18566K(18752K)->18566K(18752K) NonClass: 16738K(16896K)->16738K(16896K) Class: 1828K(1856K)->1828K(1856K)
[237.857s][info][gc             ] GC(794) Pause Young (Allocation Failure) 574M->480M(812M) 113.068ms
[237.857s][info][gc,cpu         ] GC(794) User=0.21s Sys=0.01s Real=0.12s
[238.037s][info][gc,start       ] GC(795) Pause Young (Allocation Failure)
[238.141s][info][gc,heap        ] GC(795) PSYoungGen: 199612K(222720K)->68512K(222720K) Eden: 111616K(111616K)->0K(111616K) From: 87996K(111104K)->68512K(111104K)
[238.141s][info][gc,heap        ] GC(795) ParOldGen: 404390K(608768K)->423942K(608768K)
[238.141s][info][gc,metaspace   ] GC(795) Metaspace: 18566K(18752K)->18566K(18752K) NonClass: 16738K(16896K)->16738K(16896K) Class: 1828K(1856K)->1828K(1856K)
[238.142s][info][gc             ] GC(795) Pause Young (Allocation Failure) 589M->480M(812M) 104.479ms
[238.142s][info][gc,cpu         ] GC(795) User=0.21s Sys=0.00s Real=0.10s
[238.347s][info][gc,start       ] GC(796) Pause Young (Allocation Failure)
[238.432s][info][gc,heap        ] GC(796) PSYoungGen: 180128K(222720K)->65360K(222720K) Eden: 111616K(111616K)->0K(111616K) From: 68512K(111104K)->65360K(111104K)
[238.433s][info][gc,heap        ] GC(796) ParOldGen: 423942K(608768K)->436814K(608768K)
[238.433s][info][gc,metaspace   ] GC(796) Metaspace: 18566K(18752K)->18566K(18752K) NonClass: 16738K(16896K)->16738K(16896K) Class: 1828K(1856K)->1828K(1856K)
[238.433s][info][gc             ] GC(796) Pause Young (Allocation Failure) 589M->490M(812M) 85.160ms
[238.433s][info][gc,cpu         ] GC(796) User=0.17s Sys=0.00s Real=0.08s
[238.551s][info][gc,start       ] GC(797) Pause Young (Allocation Failure)
[238.640s][info][gc,heap        ] GC(797) PSYoungGen: 176976K(222720K)->58752K(222720K) Eden: 111616K(111616K)->0K(111616K) From: 65360K(111104K)->58752K(111104K)
[238.641s][info][gc,heap        ] GC(797) ParOldGen: 436814K(608768K)->462014K(608768K)
[238.641s][info][gc,metaspace   ] GC(797) Metaspace: 18566K(18752K)->18566K(18752K) NonClass: 16738K(16896K)->16738K(16896K) Class: 1828K(1856K)->1828K(1856K)
[238.641s][info][gc             ] GC(797) Pause Young (Allocation Failure) 599M->508M(812M) 89.279ms
[238.641s][info][gc,cpu         ] GC(797) User=0.18s Sys=0.00s Real=0.09s
[238.778s][info][gc,start       ] GC(798) Pause Young (Allocation Failure)
[238.857s][info][gc,heap        ] GC(798) PSYoungGen: 170368K(222720K)->73088K(222720K) Eden: 111616K(111616K)->0K(111616K) From: 58752K(111104K)->73088K(111104K)
[238.857s][info][gc,heap        ] GC(798) ParOldGen: 462014K(608768K)->463646K(608768K)
[238.857s][info][gc,metaspace   ] GC(798) Metaspace: 18566K(18752K)->18566K(18752K) NonClass: 16738K(16896K)->16738K(16896K) Class: 1828K(1856K)->1828K(1856K)
[238.857s][info][gc             ] GC(798) Pause Young (Allocation Failure) 617M->524M(812M) 78.985ms
[238.857s][info][gc,cpu         ] GC(798) User=0.15s Sys=0.00s Real=0.08s
[238.944s][info][gc,start       ] GC(799) Pause Young (Allocation Failure)
[239.021s][info][gc,heap        ] GC(799) PSYoungGen: 184704K(222720K)->70048K(222720K) Eden: 111616K(111616K)->0K(111616K) From: 73088K(111104K)->70048K(111104K)
[239.021s][info][gc,heap        ] GC(799) ParOldGen: 463646K(608768K)->467350K(608768K)
[239.021s][info][gc,metaspace   ] GC(799) Metaspace: 18566K(18752K)->18566K(18752K) NonClass: 16738K(16896K)->16738K(16896K) Class: 1828K(1856K)->1828K(1856K)
[239.021s][info][gc             ] GC(799) Pause Young (Allocation Failure) 633M->524M(812M) 77.155ms
[239.021s][info][gc,cpu         ] GC(799) User=0.16s Sys=0.00s Real=0.08s
[239.147s][info][gc,start       ] GC(800) Pause Young (Allocation Failure)
[239.224s][info][gc,heap        ] GC(800) PSYoungGen: 181664K(222720K)->46816K(222720K) Eden: 111616K(111616K)->0K(111616K) From: 70048K(111104K)->46816K(111104K)
[239.224s][info][gc,heap        ] GC(800) ParOldGen: 467350K(608768K)->492662K(608768K)
[239.224s][info][gc,metaspace   ] GC(800) Metaspace: 18566K(18752K)->18566K(18752K) NonClass: 16738K(16896K)->16738K(16896K) Class: 1828K(1856K)->1828K(1856K)
[239.224s][info][gc             ] GC(800) Pause Young (Allocation Failure) 633M->526M(812M) 76.740ms
[239.224s][info][gc,cpu         ] GC(800) User=0.15s Sys=0.00s Real=0.07s
[239.343s][info][gc,start       ] GC(801) Pause Young (Allocation Failure)
[239.399s][info][gc,heap        ] GC(801) PSYoungGen: 158432K(222720K)->41696K(222720K) Eden: 111616K(111616K)->0K(111616K) From: 46816K(111104K)->41696K(111104K)
[239.399s][info][gc,heap        ] GC(801) ParOldGen: 492662K(608768K)->502406K(608768K)
[239.399s][info][gc,metaspace   ] GC(801) Metaspace: 18566K(18752K)->18566K(18752K) NonClass: 16738K(16896K)->16738K(16896K) Class: 1828K(1856K)->1828K(1856K)
[239.399s][info][gc             ] GC(801) Pause Young (Allocation Failure) 635M->531M(812M) 56.149ms
[239.399s][info][gc,cpu         ] GC(801) User=0.11s Sys=0.00s Real=0.06s
[239.508s][info][gc,start       ] GC(802) Pause Young (Allocation Failure)
[239.554s][info][gc,heap        ] GC(802) PSYoungGen: 153312K(222720K)->7264K(222720K) Eden: 111616K(111616K)->0K(111616K) From: 41696K(111104K)->7264K(111104K)
[239.554s][info][gc,heap        ] GC(802) ParOldGen: 502406K(608768K)->536966K(608768K)
[239.554s][info][gc,metaspace   ] GC(802) Metaspace: 18568K(18752K)->18568K(18752K) NonClass: 16740K(16896K)->16740K(16896K) Class: 1828K(1856K)->1828K(1856K)
[239.554s][info][gc             ] GC(802) Pause Young (Allocation Failure) 640M->531M(812M) 46.191ms
[239.554s][info][gc,cpu         ] GC(802) User=0.09s Sys=0.00s Real=0.04s
[239.635s][info][gc,start       ] GC(803) Pause Young (Allocation Failure)
[239.647s][info][gc,heap        ] GC(803) PSYoungGen: 118880K(222720K)->4640K(222720K) Eden: 111616K(111616K)->0K(111616K) From: 7264K(111104K)->4640K(111104K)
[239.647s][info][gc,heap        ] GC(803) ParOldGen: 536966K(608768K)->539638K(608768K)
[239.647s][info][gc,metaspace   ] GC(803) Metaspace: 18568K(18752K)->18568K(18752K) NonClass: 16740K(16896K)->16740K(16896K) Class: 1828K(1856K)->1828K(1856K)
[239.647s][info][gc             ] GC(803) Pause Young (Allocation Failure) 640M->531M(812M) 11.275ms
[239.647s][info][gc,cpu         ] GC(803) User=0.02s Sys=0.00s Real=0.02s
[239.904s][info][gc,start       ] GC(804) Pause Young (Allocation Failure)
[239.922s][info][gc,heap        ] GC(804) PSYoungGen: 116256K(222720K)->9216K(222720K) Eden: 111616K(111616K)->0K(111616K) From: 4640K(111104K)->9216K(111104K)
[239.922s][info][gc,heap        ] GC(804) ParOldGen: 539638K(608768K)->544262K(608768K)
[239.922s][info][gc,metaspace   ] GC(804) Metaspace: 18568K(18752K)->18568K(18752K) NonClass: 16740K(16896K)->16740K(16896K) Class: 1828K(1856K)->1828K(1856K)
[239.922s][info][gc             ] GC(804) Pause Young (Allocation Failure) 640M->540M(812M) 17.466ms
[239.922s][info][gc,cpu         ] GC(804) User=0.04s Sys=0.00s Real=0.02s
[240.074s][info][gc,start       ] GC(805) Pause Young (Allocation Failure)
[240.093s][info][gc,heap        ] GC(805) PSYoungGen: 120832K(222720K)->7328K(222720K) Eden: 111616K(111616K)->0K(111616K) From: 9216K(111104K)->7328K(111104K)
[240.093s][info][gc,heap        ] GC(805) ParOldGen: 544262K(608768K)->553500K(608768K)
[240.093s][info][gc,metaspace   ] GC(805) Metaspace: 18568K(18752K)->18568K(18752K) NonClass: 16740K(16896K)->16740K(16896K) Class: 1828K(1856K)->1828K(1856K)
[240.093s][info][gc             ] GC(805) Pause Young (Allocation Failure) 649M->547M(812M) 19.557ms
[240.093s][info][gc,cpu         ] GC(805) User=0.04s Sys=0.00s Real=0.02s
[240.452s][info][gc,start       ] GC(806) Pause Young (Allocation Failure)
[240.462s][info][gc,heap        ] GC(806) PSYoungGen: 118944K(222720K)->128K(222720K) Eden: 111616K(111616K)->0K(111616K) From: 7328K(111104K)->128K(111104K)
[240.462s][info][gc,heap        ] GC(806) ParOldGen: 553500K(608768K)->560804K(608768K)
[240.462s][info][gc,metaspace   ] GC(806) Metaspace: 18568K(18752K)->18568K(18752K) NonClass: 16740K(16896K)->16740K(16896K) Class: 1828K(1856K)->1828K(1856K)
[240.462s][info][gc             ] GC(806) Pause Young (Allocation Failure) 656M->547M(812M) 10.623ms
[240.462s][info][gc,cpu         ] GC(806) User=0.02s Sys=0.00s Real=0.01s
[240.733s][info][gc,start       ] GC(807) Pause Young (Allocation Failure)
[240.735s][info][gc,heap        ] GC(807) PSYoungGen: 111744K(222720K)->224K(112128K) Eden: 111616K(111616K)->0K(111616K) From: 128K(111104K)->224K(512K)
[240.735s][info][gc,heap        ] GC(807) ParOldGen: 560804K(608768K)->560892K(608768K)
[240.735s][info][gc,metaspace   ] GC(807) Metaspace: 18568K(18752K)->18568K(18752K) NonClass: 16740K(16896K)->16740K(16896K) Class: 1828K(1856K)->1828K(1856K)
[240.735s][info][gc             ] GC(807) Pause Young (Allocation Failure) 656M->547M(704M) 2.776ms
[240.735s][info][gc,cpu         ] GC(807) User=0.01s Sys=0.00s Real=0.00s
[240.999s][info][gc,start       ] GC(808) Pause Young (Allocation Failure)
[241.001s][info][gc,heap        ] GC(808) PSYoungGen: 111840K(112128K)->224K(222208K) Eden: 111616K(111616K)->0K(114688K) From: 224K(512K)->224K(107520K)
[241.001s][info][gc,heap        ] GC(808) ParOldGen: 560892K(608768K)->560892K(608768K)
[241.001s][info][gc,metaspace   ] GC(808) Metaspace: 18568K(18752K)->18568K(18752K) NonClass: 16740K(16896K)->16740K(16896K) Class: 1828K(1856K)->1828K(1856K)
[241.001s][info][gc             ] GC(808) Pause Young (Allocation Failure) 656M->547M(811M) 2.511ms
[241.001s][info][gc,cpu         ] GC(808) User=0.00s Sys=0.00s Real=0.00s
[241.221s][info][gc,start       ] GC(809) Pause Young (Allocation Failure)
[241.223s][info][gc,heap        ] GC(809) PSYoungGen: 114912K(222208K)->256K(221184K) Eden: 114688K(114688K)->0K(114688K) From: 224K(107520K)->256K(106496K)
[241.223s][info][gc,heap        ] GC(809) ParOldGen: 560892K(608768K)->560892K(608768K)
[241.223s][info][gc,metaspace   ] GC(809) Metaspace: 18568K(18752K)->18568K(18752K) NonClass: 16740K(16896K)->16740K(16896K) Class: 1828K(1856K)->1828K(1856K)
[241.223s][info][gc             ] GC(809) Pause Young (Allocation Failure) 659M->547M(810M) 2.732ms
[241.223s][info][gc,cpu         ] GC(809) User=0.01s Sys=0.00s Real=0.00s
[241.534s][info][gc,start       ] GC(810) Pause Young (Allocation Failure)
[241.538s][info][gc,heap        ] GC(810) PSYoungGen: 114944K(221184K)->496K(211968K) Eden: 114688K(114688K)->0K(117248K) From: 256K(106496K)->496K(94720K)
[241.538s][info][gc,heap        ] GC(810) ParOldGen: 560892K(608768K)->560892K(608768K)
[241.538s][info][gc,metaspace   ] GC(810) Metaspace: 18576K(18752K)->18576K(18752K) NonClass: 16747K(16896K)->16747K(16896K) Class: 1828K(1856K)->1828K(1856K)
[241.538s][info][gc             ] GC(810) Pause Young (Allocation Failure) 659M->548M(801M) 3.372ms
[241.538s][info][gc,cpu         ] GC(810) User=0.00s Sys=0.00s Real=0.01s
[241.734s][info][gc,start       ] GC(811) Pause Young (Allocation Failure)
[241.757s][info][gc,heap        ] GC(811) PSYoungGen: 117744K(211968K)->20464K(137728K) Eden: 117248K(117248K)->0K(117248K) From: 496K(94720K)->20464K(20480K)
[241.757s][info][gc,heap        ] GC(811) ParOldGen: 560892K(608768K)->560892K(608768K)
[241.757s][info][gc,metaspace   ] GC(811) Metaspace: 18576K(18752K)->18576K(18752K) NonClass: 16747K(16896K)->16747K(16896K) Class: 1828K(1856K)->1828K(1856K)
[241.757s][info][gc             ] GC(811) Pause Young (Allocation Failure) 662M->567M(729M) 22.698ms
[241.757s][info][gc,cpu         ] GC(811) User=0.04s Sys=0.01s Real=0.03s
[241.819s][info][gc,start       ] GC(812) Pause Young (Allocation Failure)
[241.866s][info][gc,heap        ] GC(812) PSYoungGen: 137712K(137728K)->59856K(205312K) Eden: 117248K(117248K)->0K(113152K) From: 20464K(20480K)->59856K(92160K)
[241.866s][info][gc,heap        ] GC(812) ParOldGen: 560892K(608768K)->560892K(608768K)
[241.866s][info][gc,metaspace   ] GC(812) Metaspace: 18576K(18752K)->18576K(18752K) NonClass: 16747K(16896K)->16747K(16896K) Class: 1828K(1856K)->1828K(1856K)
[241.866s][info][gc             ] GC(812) Pause Young (Allocation Failure) 682M->606M(795M) 47.334ms
[241.866s][info][gc,cpu         ] GC(812) User=0.09s Sys=0.00s Real=0.04s
[241.937s][info][gc,start       ] GC(813) Pause Young (Allocation Failure)
[242.016s][info][gc,heap        ] GC(813) PSYoungGen: 173008K(205312K)->99318K(212480K) Eden: 113152K(113152K)->0K(113152K) From: 59856K(92160K)->99318K(99328K)
[242.016s][info][gc,heap        ] GC(813) ParOldGen: 560892K(608768K)->569580K(608768K)
[242.016s][info][gc,metaspace   ] GC(813) Metaspace: 18576K(18752K)->18576K(18752K) NonClass: 16747K(16896K)->16747K(16896K) Class: 1828K(1856K)->1828K(1856K)
[242.016s][info][gc             ] GC(813) Pause Young (Allocation Failure) 716M->653M(802M) 78.742ms
[242.016s][info][gc,cpu         ] GC(813) User=0.16s Sys=0.00s Real=0.07s
[242.076s][info][gc,start       ] GC(814) Pause Young (Allocation Failure)
[242.196s][info][gc,heap        ] GC(814) PSYoungGen: 212470K(212480K)->111094K(222720K) Eden: 113152K(113152K)->0K(111616K) From: 99318K(99328K)->111094K(111104K)
[242.196s][info][gc,heap        ] GC(814) ParOldGen: 569580K(608768K)->607108K(608768K)
[242.196s][info][gc,metaspace   ] GC(814) Metaspace: 18576K(18752K)->18576K(18752K) NonClass: 16747K(16896K)->16747K(16896K) Class: 1828K(1856K)->1828K(1856K)
[242.197s][info][gc             ] GC(814) Pause Young (Allocation Failure) 763M->701M(812M) 120.884ms
[242.197s][info][gc,cpu         ] GC(814) User=0.22s Sys=0.02s Real=0.13s
[242.305s][info][gc,start       ] GC(815) Pause Young (Allocation Failure)
[242.461s][info][gc,heap        ] GC(815) PSYoungGen: 222710K(222720K)->111094K(222720K) Eden: 111616K(111616K)->0K(111616K) From: 111094K(111104K)->111094K(111104K)
[242.461s][info][gc,heap        ] GC(815) ParOldGen: 607108K(608768K)->655420K(655872K)
[242.461s][info][gc,metaspace   ] GC(815) Metaspace: 18576K(18752K)->18576K(18752K) NonClass: 16747K(16896K)->16747K(16896K) Class: 1828K(1856K)->1828K(1856K)
[242.461s][info][gc             ] GC(815) Pause Young (Allocation Failure) 810M->748M(858M) 155.636ms
[242.461s][info][gc,cpu         ] GC(815) User=0.27s Sys=0.04s Real=0.16s
[242.714s][info][gc,start       ] GC(816) Pause Full (Allocation Failure)
[242.715s][info][gc,phases,start] GC(816) Marking Phase
[243.141s][info][gc,phases      ] GC(816) Marking Phase 426.482ms
[243.141s][info][gc,phases,start] GC(816) Summary Phase
[243.141s][info][gc,phases      ] GC(816) Summary Phase 0.035ms
[243.141s][info][gc,phases,start] GC(816) Forward
[243.279s][info][gc,phases      ] GC(816) Forward 137.891ms
[243.279s][info][gc,phases,start] GC(816) Adjust Pointers
[243.600s][info][gc,phases      ] GC(816) Adjust Pointers 320.822ms
[243.600s][info][gc,phases,start] GC(816) Compaction Phase
[243.812s][info][gc,phases      ] GC(816) Compaction Phase 211.788ms
[243.820s][info][gc,phases,start] GC(816) Post Compact
[243.823s][info][gc,phases      ] GC(816) Post Compact 2.652ms
[243.823s][info][gc,heap        ] GC(816) PSYoungGen: 222710K(222720K)->0K(222720K) Eden: 111616K(111616K)->0K(111616K) From: 111094K(111104K)->0K(111104K)
[243.823s][info][gc,heap        ] GC(816) ParOldGen: 655420K(655872K)->620310K(667648K)
[243.823s][info][gc,metaspace   ] GC(816) Metaspace: 18577K(18752K)->18577K(18752K) NonClass: 16748K(16896K)->16748K(16896K) Class: 1828K(1856K)->1828K(1856K)
[243.823s][info][gc             ] GC(816) Pause Full (Allocation Failure) 857M->605M(869M) 1108.704ms
[243.823s][info][gc,cpu         ] GC(816) User=2.11s Sys=0.00s Real=1.11s
[243.984s][info][gc,start       ] GC(817) Pause Full (Allocation Failure)
[243.984s][info][gc,phases,start] GC(817) Marking Phase
[244.411s][info][gc,phases      ] GC(817) Marking Phase 426.400ms
[244.411s][info][gc,phases,start] GC(817) Summary Phase
[244.411s][info][gc,phases      ] GC(817) Summary Phase 0.029ms
[244.411s][info][gc,phases,start] GC(817) Forward
[244.414s][info][gc,phases      ] GC(817) Forward 3.691ms
[244.414s][info][gc,phases,start] GC(817) Adjust Pointers
[244.700s][info][gc,phases      ] GC(817) Adjust Pointers 285.386ms
[244.700s][info][gc,phases,start] GC(817) Compaction Phase
[244.827s][info][gc,phases      ] GC(817) Compaction Phase 127.388ms
[244.827s][info][gc,phases,start] GC(817) Post Compact
[244.830s][info][gc,phases      ] GC(817) Post Compact 2.171ms
[244.830s][info][gc,heap        ] GC(817) PSYoungGen: 111616K(222720K)->0K(222720K) Eden: 111616K(111616K)->0K(111616K) From: 0K(111104K)->0K(111104K)
[244.830s][info][gc,heap        ] GC(817) ParOldGen: 620310K(667648K)->622814K(667648K)
[244.830s][info][gc,metaspace   ] GC(817) Metaspace: 18577K(18752K)->18577K(18752K) NonClass: 16748K(16896K)->16748K(16896K) Class: 1828K(1856K)->1828K(1856K)
[244.830s][info][gc             ] GC(817) Pause Full (Allocation Failure) 714M->608M(869M) 845.571ms
[244.830s][info][gc,cpu         ] GC(817) User=1.65s Sys=0.00s Real=0.85s
[244.933s][info][gc,start       ] GC(818) Pause Full (Allocation Failure)
[244.933s][info][gc,phases,start] GC(818) Marking Phase
[245.361s][info][gc,phases      ] GC(818) Marking Phase 427.741ms
[245.361s][info][gc,phases,start] GC(818) Summary Phase
[245.361s][info][gc,phases      ] GC(818) Summary Phase 0.028ms
[245.361s][info][gc,phases,start] GC(818) Forward
[245.364s][info][gc,phases      ] GC(818) Forward 3.166ms
[245.364s][info][gc,phases,start] GC(818) Adjust Pointers
[245.652s][info][gc,phases      ] GC(818) Adjust Pointers 287.947ms
[245.652s][info][gc,phases,start] GC(818) Compaction Phase
[245.782s][info][gc,phases      ] GC(818) Compaction Phase 129.645ms
[245.782s][info][gc,phases,start] GC(818) Post Compact
[245.784s][info][gc,phases      ] GC(818) Post Compact 2.130ms
[245.784s][info][gc,heap        ] GC(818) PSYoungGen: 111616K(222720K)->0K(222720K) Eden: 111616K(111616K)->0K(111616K) From: 0K(111104K)->0K(111104K)
[245.784s][info][gc,heap        ] GC(818) ParOldGen: 622814K(667648K)->625196K(667648K)
[245.784s][info][gc,metaspace   ] GC(818) Metaspace: 18577K(18752K)->18577K(18752K) NonClass: 16748K(16896K)->16748K(16896K) Class: 1828K(1856K)->1828K(1856K)
[245.784s][info][gc             ] GC(818) Pause Full (Allocation Failure) 717M->610M(869M) 851.159ms
[245.784s][info][gc,cpu         ] GC(818) User=1.66s Sys=0.01s Real=0.85s
[245.915s][info][gc,start       ] GC(819) Pause Full (Allocation Failure)
[245.915s][info][gc,phases,start] GC(819) Marking Phase
[246.224s][info][gc,phases      ] GC(819) Marking Phase 309.292ms
[246.224s][info][gc,phases,start] GC(819) Summary Phase
[246.224s][info][gc,phases      ] GC(819) Summary Phase 0.029ms
[246.224s][info][gc,phases,start] GC(819) Forward
[246.324s][info][gc,phases      ] GC(819) Forward 100.150ms
[246.325s][info][gc,phases,start] GC(819) Adjust Pointers
[246.556s][info][gc,phases      ] GC(819) Adjust Pointers 231.099ms
[246.556s][info][gc,phases,start] GC(819) Compaction Phase
[246.709s][info][gc,phases      ] GC(819) Compaction Phase 153.505ms
[246.716s][info][gc,phases,start] GC(819) Post Compact
[246.718s][info][gc,phases      ] GC(819) Post Compact 2.181ms
[246.718s][info][gc,heap        ] GC(819) PSYoungGen: 111616K(222720K)->0K(222720K) Eden: 111616K(111616K)->0K(111616K) From: 0K(111104K)->0K(111104K)
[246.718s][info][gc,heap        ] GC(819) ParOldGen: 625196K(667648K)->466437K(667648K)
[246.718s][info][gc,metaspace   ] GC(819) Metaspace: 18577K(18752K)->18577K(18752K) NonClass: 16748K(16896K)->16748K(16896K) Class: 1828K(1856K)->1828K(1856K)
[246.718s][info][gc             ] GC(819) Pause Full (Allocation Failure) 719M->455M(869M) 802.980ms
[246.718s][info][gc,cpu         ] GC(819) User=1.51s Sys=0.00s Real=0.81s
[246.871s][info][gc,start       ] GC(820) Pause Young (Allocation Failure)
[246.912s][info][gc,heap        ] GC(820) PSYoungGen: 111616K(222720K)->25344K(222720K) Eden: 111616K(111616K)->0K(111616K) From: 0K(111104K)->25344K(111104K)
[246.912s][info][gc,heap        ] GC(820) ParOldGen: 466437K(667648K)->466437K(667648K)
[246.912s][info][gc,metaspace   ] GC(820) Metaspace: 18577K(18752K)->18577K(18752K) NonClass: 16748K(16896K)->16748K(16896K) Class: 1828K(1856K)->1828K(1856K)
[246.912s][info][gc             ] GC(820) Pause Young (Allocation Failure) 564M->480M(869M) 40.605ms
[246.912s][info][gc,cpu         ] GC(820) User=0.08s Sys=0.00s Real=0.04s
[247.059s][info][gc,start       ] GC(821) Pause Young (Allocation Failure)
[247.096s][info][gc,heap        ] GC(821) PSYoungGen: 136960K(222720K)->25344K(222720K) Eden: 111616K(111616K)->0K(111616K) From: 25344K(111104K)->25344K(111104K)
[247.096s][info][gc,heap        ] GC(821) ParOldGen: 466437K(667648K)->466437K(667648K)
[247.096s][info][gc,metaspace   ] GC(821) Metaspace: 18577K(18752K)->18577K(18752K) NonClass: 16748K(16896K)->16748K(16896K) Class: 1828K(1856K)->1828K(1856K)
[247.096s][info][gc             ] GC(821) Pause Young (Allocation Failure) 589M->480M(869M) 36.664ms
[247.096s][info][gc,cpu         ] GC(821) User=0.08s Sys=0.00s Real=0.03s
[247.242s][info][gc,start       ] GC(822) Pause Young (Allocation Failure)
[247.280s][info][gc,heap        ] GC(822) PSYoungGen: 136960K(222720K)->32K(222720K) Eden: 111616K(111616K)->0K(111616K) From: 25344K(111104K)->32K(111104K)
[247.280s][info][gc,heap        ] GC(822) ParOldGen: 466437K(667648K)->491829K(667648K)
[247.280s][info][gc,metaspace   ] GC(822) Metaspace: 18577K(18752K)->18577K(18752K) NonClass: 16748K(16896K)->16748K(16896K) Class: 1828K(1856K)->1828K(1856K)
[247.280s][info][gc             ] GC(822) Pause Young (Allocation Failure) 589M->480M(869M) 38.417ms
[247.280s][info][gc,cpu         ] GC(822) User=0.07s Sys=0.00s Real=0.04s
[247.429s][info][gc,start       ] GC(823) Pause Young (Allocation Failure)
[247.431s][info][gc,heap        ] GC(823) PSYoungGen: 111648K(222720K)->64K(222720K) Eden: 111616K(111616K)->0K(111616K) From: 32K(111104K)->64K(111104K)
[247.431s][info][gc,heap        ] GC(823) ParOldGen: 491829K(667648K)->491829K(667648K)
[247.431s][info][gc,metaspace   ] GC(823) Metaspace: 18577K(18752K)->18577K(18752K) NonClass: 16748K(16896K)->16748K(16896K) Class: 1828K(1856K)->1828K(1856K)
[247.431s][info][gc             ] GC(823) Pause Young (Allocation Failure) 589M->480M(869M) 1.783ms
[247.431s][info][gc,cpu         ] GC(823) User=0.00s Sys=0.00s Real=0.00s
[247.577s][info][gc,start       ] GC(824) Pause Young (Allocation Failure)
[247.579s][info][gc,heap        ] GC(824) PSYoungGen: 111680K(222720K)->64K(222720K) Eden: 111616K(111616K)->0K(111616K) From: 64K(111104K)->64K(111104K)
[247.579s][info][gc,heap        ] GC(824) ParOldGen: 491829K(667648K)->491829K(667648K)
[247.579s][info][gc,metaspace   ] GC(824) Metaspace: 18577K(18752K)->18577K(18752K) NonClass: 16748K(16896K)->16748K(16896K) Class: 1828K(1856K)->1828K(1856K)
[247.579s][info][gc             ] GC(824) Pause Young (Allocation Failure) 589M->480M(869M) 1.773ms
[247.579s][info][gc,cpu         ] GC(824) User=0.00s Sys=0.00s Real=0.00s
[247.725s][info][gc,start       ] GC(825) Pause Young (Allocation Failure)
[247.727s][info][gc,heap        ] GC(825) PSYoungGen: 111680K(222720K)->64K(222720K) Eden: 111616K(111616K)->0K(111616K) From: 64K(111104K)->64K(111104K)
[247.727s][info][gc,heap        ] GC(825) ParOldGen: 491829K(667648K)->491829K(667648K)
[247.727s][info][gc,metaspace   ] GC(825) Metaspace: 18577K(18752K)->18577K(18752K) NonClass: 16748K(16896K)->16748K(16896K) Class: 1828K(1856K)->1828K(1856K)
[247.727s][info][gc             ] GC(825) Pause Young (Allocation Failure) 589M->480M(869M) 1.725ms
[247.727s][info][gc,cpu         ] GC(825) User=0.01s Sys=0.00s Real=0.01s
[247.874s][info][gc,start       ] GC(826) Pause Young (Allocation Failure)
[247.876s][info][gc,heap        ] GC(826) PSYoungGen: 111680K(222720K)->64K(222720K) Eden: 111616K(111616K)->0K(111616K) From: 64K(111104K)->64K(111104K)
[247.876s][info][gc,heap        ] GC(826) ParOldGen: 491829K(667648K)->491829K(667648K)
[247.876s][info][gc,metaspace   ] GC(826) Metaspace: 18577K(18752K)->18577K(18752K) NonClass: 16748K(16896K)->16748K(16896K) Class: 1828K(1856K)->1828K(1856K)
[247.876s][info][gc             ] GC(826) Pause Young (Allocation Failure) 589M->480M(869M) 1.741ms
[247.876s][info][gc,cpu         ] GC(826) User=0.00s Sys=0.00s Real=0.00s
[248.022s][info][gc,start       ] GC(827) Pause Young (Allocation Failure)
[248.024s][info][gc,heap        ] GC(827) PSYoungGen: 111680K(222720K)->64K(222720K) Eden: 111616K(111616K)->0K(111616K) From: 64K(111104K)->64K(111104K)
[248.024s][info][gc,heap        ] GC(827) ParOldGen: 491829K(667648K)->491829K(667648K)
[248.024s][info][gc,metaspace   ] GC(827) Metaspace: 18577K(18752K)->18577K(18752K) NonClass: 16748K(16896K)->16748K(16896K) Class: 1828K(1856K)->1828K(1856K)
[248.024s][info][gc             ] GC(827) Pause Young (Allocation Failure) 589M->480M(869M) 1.709ms
[248.024s][info][gc,cpu         ] GC(827) User=0.01s Sys=0.00s Real=0.00s
[248.141s][info][gc,start       ] GC(828) Pause Young (Allocation Failure)
[248.158s][info][gc,heap        ] GC(828) PSYoungGen: 111680K(222720K)->13888K(222720K) Eden: 111616K(111616K)->0K(111616K) From: 64K(111104K)->13888K(111104K)
[248.159s][info][gc,heap        ] GC(828) ParOldGen: 491829K(667648K)->491829K(667648K)
[248.159s][info][gc,metaspace   ] GC(828) Metaspace: 18577K(18752K)->18577K(18752K) NonClass: 16748K(16896K)->16748K(16896K) Class: 1828K(1856K)->1828K(1856K)
[248.159s][info][gc             ] GC(828) Pause Young (Allocation Failure) 589M->493M(869M) 17.725ms
[248.159s][info][gc,cpu         ] GC(828) User=0.03s Sys=0.00s Real=0.02s
[248.269s][info][gc,start       ] GC(829) Pause Young (Allocation Failure)
[248.299s][info][gc,heap        ] GC(829) PSYoungGen: 125504K(222720K)->12224K(222720K) Eden: 111616K(111616K)->0K(111616K) From: 13888K(111104K)->12224K(111104K)
[248.299s][info][gc,heap        ] GC(829) ParOldGen: 491829K(667648K)->505717K(667648K)
[248.299s][info][gc,metaspace   ] GC(829) Metaspace: 18577K(18752K)->18577K(18752K) NonClass: 16748K(16896K)->16748K(16896K) Class: 1828K(1856K)->1828K(1856K)
[248.299s][info][gc             ] GC(829) Pause Young (Allocation Failure) 602M->505M(869M) 30.107ms
[248.299s][info][gc,cpu         ] GC(829) User=0.06s Sys=0.00s Real=0.03s
[248.374s][info][gc,start       ] GC(830) Pause Young (Allocation Failure)
[248.397s][info][gc,heap        ] GC(830) PSYoungGen: 123840K(222720K)->7008K(222720K) Eden: 111616K(111616K)->0K(111616K) From: 12224K(111104K)->7008K(111104K)
[248.397s][info][gc,heap        ] GC(830) ParOldGen: 505717K(667648K)->517957K(667648K)
[248.397s][info][gc,metaspace   ] GC(830) Metaspace: 18577K(18752K)->18577K(18752K) NonClass: 16748K(16896K)->16748K(16896K) Class: 1828K(1856K)->1828K(1856K)
[248.397s][info][gc             ] GC(830) Pause Young (Allocation Failure) 614M->512M(869M) 22.862ms
[248.397s][info][gc,cpu         ] GC(830) User=0.04s Sys=0.00s Real=0.03s
[248.493s][info][gc,start       ] GC(831) Pause Young (Allocation Failure)
[248.507s][info][gc,heap        ] GC(831) PSYoungGen: 118624K(222720K)->768K(112640K) Eden: 111616K(111616K)->0K(111616K) From: 7008K(111104K)->768K(1024K)
[248.507s][info][gc,heap        ] GC(831) ParOldGen: 517957K(667648K)->524965K(667648K)
[248.507s][info][gc,metaspace   ] GC(831) Metaspace: 18577K(18752K)->18577K(18752K) NonClass: 16748K(16896K)->16748K(16896K) Class: 1828K(1856K)->1828K(1856K)
[248.507s][info][gc             ] GC(831) Pause Young (Allocation Failure) 621M->513M(762M) 14.256ms
[248.507s][info][gc,cpu         ] GC(831) User=0.03s Sys=0.00s Real=0.02s
[248.603s][info][gc,start       ] GC(832) Pause Young (Allocation Failure)
[248.610s][info][gc,heap        ] GC(832) PSYoungGen: 112384K(112640K)->2272K(217600K) Eden: 111616K(111616K)->0K(115200K) From: 768K(1024K)->2272K(102400K)
[248.610s][info][gc,heap        ] GC(832) ParOldGen: 524965K(667648K)->524965K(667648K)
[248.610s][info][gc,metaspace   ] GC(832) Metaspace: 18577K(18752K)->18577K(18752K) NonClass: 16748K(16896K)->16748K(16896K) Class: 1828K(1856K)->1828K(1856K)
[248.610s][info][gc             ] GC(832) Pause Young (Allocation Failure) 622M->514M(864M) 7.388ms
[248.610s][info][gc,cpu         ] GC(832) User=0.01s Sys=0.00s Real=0.01s
[248.735s][info][gc,start       ] GC(833) Pause Young (Allocation Failure)
[248.746s][info][gc,heap        ] GC(833) PSYoungGen: 117472K(217600K)->7264K(122880K) Eden: 115200K(115200K)->0K(115200K) From: 2272K(102400K)->7264K(7680K)
[248.746s][info][gc,heap        ] GC(833) ParOldGen: 524965K(667648K)->524965K(667648K)
[248.746s][info][gc,metaspace   ] GC(833) Metaspace: 18580K(18752K)->18580K(18752K) NonClass: 16752K(16896K)->16752K(16896K) Class: 1828K(1856K)->1828K(1856K)
[248.746s][info][gc             ] GC(833) Pause Young (Allocation Failure) 627M->519M(772M) 10.866ms
[248.746s][info][gc,cpu         ] GC(833) User=0.02s Sys=0.00s Real=0.01s
[248.871s][info][gc,start       ] GC(834) Pause Young (Allocation Failure)
[248.887s][info][gc,heap        ] GC(834) PSYoungGen: 122464K(122880K)->10944K(203264K) Eden: 115200K(115200K)->0K(118784K) From: 7264K(7680K)->10944K(84480K)
[248.887s][info][gc,heap        ] GC(834) ParOldGen: 524965K(667648K)->524965K(667648K)
[248.887s][info][gc,metaspace   ] GC(834) Metaspace: 18580K(18752K)->18580K(18752K) NonClass: 16752K(16896K)->16752K(16896K) Class: 1828K(1856K)->1828K(1856K)
[248.887s][info][gc             ] GC(834) Pause Young (Allocation Failure) 632M->523M(850M) 15.426ms
[248.887s][info][gc,cpu         ] GC(834) User=0.03s Sys=0.01s Real=0.02s
[249.146s][info][gc,start       ] GC(835) Pause Young (Allocation Failure)
[249.161s][info][gc,heap        ] GC(835) PSYoungGen: 129728K(203264K)->11008K(130048K) Eden: 118784K(118784K)->0K(118784K) From: 10944K(84480K)->11008K(11264K)
[249.161s][info][gc,heap        ] GC(835) ParOldGen: 524965K(667648K)->524965K(667648K)
[249.161s][info][gc,metaspace   ] GC(835) Metaspace: 18580K(18752K)->18580K(18752K) NonClass: 16752K(16896K)->16752K(16896K) Class: 1828K(1856K)->1828K(1856K)
[249.161s][info][gc             ] GC(835) Pause Young (Allocation Failure) 639M->523M(779M) 14.830ms
[249.161s][info][gc,cpu         ] GC(835) User=0.03s Sys=0.00s Real=0.02s
[249.375s][info][gc,start       ] GC(836) Pause Young (Allocation Failure)
[249.391s][info][gc,heap        ] GC(836) PSYoungGen: 129792K(130048K)->11136K(195072K) Eden: 118784K(118784K)->0K(121856K) From: 11008K(11264K)->11136K(73216K)
[249.391s][info][gc,heap        ] GC(836) ParOldGen: 524965K(667648K)->524965K(667648K)
[249.391s][info][gc,metaspace   ] GC(836) Metaspace: 18580K(18752K)->18580K(18752K) NonClass: 16752K(16896K)->16752K(16896K) Class: 1828K(1856K)->1828K(1856K)
[249.392s][info][gc             ] GC(836) Pause Young (Allocation Failure) 639M->523M(842M) 16.531ms
[249.392s][info][gc,cpu         ] GC(836) User=0.02s Sys=0.00s Real=0.02s
[249.616s][info][gc,start       ] GC(837) Pause Young (Allocation Failure)
[249.631s][info][gc,heap        ] GC(837) PSYoungGen: 132992K(195072K)->11136K(133120K) Eden: 121856K(121856K)->0K(121856K) From: 11136K(73216K)->11136K(11264K)
[249.631s][info][gc,heap        ] GC(837) ParOldGen: 524965K(667648K)->524965K(667648K)
[249.631s][info][gc,metaspace   ] GC(837) Metaspace: 18580K(18752K)->18580K(18752K) NonClass: 16752K(16896K)->16752K(16896K) Class: 1828K(1856K)->1828K(1856K)
[249.631s][info][gc             ] GC(837) Pause Young (Allocation Failure) 642M->523M(782M) 15.046ms
[249.631s][info][gc,cpu         ] GC(837) User=0.03s Sys=0.00s Real=0.02s
[249.840s][info][gc,start       ] GC(838) Pause Young (Allocation Failure)
[249.857s][info][gc,heap        ] GC(838) PSYoungGen: 132992K(133120K)->11168K(186880K) Eden: 121856K(121856K)->0K(124416K) From: 11136K(11264K)->11168K(62464K)
[249.857s][info][gc,heap        ] GC(838) ParOldGen: 524965K(667648K)->524965K(667648K)
[249.857s][info][gc,metaspace   ] GC(838) Metaspace: 18580K(18752K)->18580K(18752K) NonClass: 16752K(16896K)->16752K(16896K) Class: 1828K(1856K)->1828K(1856K)
[249.857s][info][gc             ] GC(838) Pause Young (Allocation Failure) 642M->523M(834M) 16.481ms
[249.857s][info][gc,cpu         ] GC(838) User=0.03s Sys=0.00s Real=0.02s
[250.048s][info][gc,start       ] GC(839) Pause Young (Allocation Failure)
[250.076s][info][gc,heap        ] GC(839) PSYoungGen: 135584K(186880K)->25152K(192512K) Eden: 124416K(124416K)->0K(124416K) From: 11168K(62464K)->25152K(68096K)
[250.076s][info][gc,heap        ] GC(839) ParOldGen: 524965K(667648K)->524965K(667648K)
[250.076s][info][gc,metaspace   ] GC(839) Metaspace: 18580K(18752K)->18580K(18752K) NonClass: 16752K(16896K)->16752K(16896K) Class: 1828K(1856K)->1828K(1856K)
[250.076s][info][gc             ] GC(839) Pause Young (Allocation Failure) 645M->537M(840M) 28.703ms
[250.076s][info][gc,cpu         ] GC(839) User=0.06s Sys=0.00s Real=0.02s
[250.217s][info][gc,start       ] GC(840) Pause Young (Allocation Failure)
[250.248s][info][gc,heap        ] GC(840) PSYoungGen: 149568K(192512K)->25152K(192000K) Eden: 124416K(124416K)->0K(128000K) From: 25152K(68096K)->25152K(64000K)
[250.248s][info][gc,heap        ] GC(840) ParOldGen: 524965K(667648K)->524965K(667648K)
[250.248s][info][gc,metaspace   ] GC(840) Metaspace: 18580K(18752K)->18580K(18752K) NonClass: 16752K(16896K)->16752K(16896K) Class: 1828K(1856K)->1828K(1856K)
[250.248s][info][gc             ] GC(840) Pause Young (Allocation Failure) 658M->537M(839M) 30.961ms
[250.248s][info][gc,cpu         ] GC(840) User=0.06s Sys=0.00s Real=0.03s
[250.386s][info][gc,start       ] GC(841) Pause Young (Allocation Failure)
[250.430s][info][gc,heap        ] GC(841) PSYoungGen: 153152K(192000K)->43152K(193024K) Eden: 128000K(128000K)->0K(128000K) From: 25152K(64000K)->43152K(65024K)
[250.430s][info][gc,heap        ] GC(841) ParOldGen: 524965K(667648K)->524965K(667648K)
[250.430s][info][gc,metaspace   ] GC(841) Metaspace: 18580K(18752K)->18580K(18752K) NonClass: 16752K(16896K)->16752K(16896K) Class: 1828K(1856K)->1828K(1856K)
[250.430s][info][gc             ] GC(841) Pause Young (Allocation Failure) 662M->554M(840M) 43.905ms
[250.430s][info][gc,cpu         ] GC(841) User=0.09s Sys=0.00s Real=0.04s
[250.535s][info][gc,start       ] GC(842) Pause Young (Allocation Failure)
[250.613s][info][gc,heap        ] GC(842) PSYoungGen: 171152K(193024K)->70112K(184832K) Eden: 128000K(128000K)->0K(114688K) From: 43152K(65024K)->70112K(70144K)
[250.613s][info][gc,heap        ] GC(842) ParOldGen: 524965K(667648K)->536837K(667648K)
[250.613s][info][gc,metaspace   ] GC(842) Metaspace: 18591K(18752K)->18591K(18752K) NonClass: 16763K(16896K)->16763K(16896K) Class: 1828K(1856K)->1828K(1856K)
[250.613s][info][gc             ] GC(842) Pause Young (Allocation Failure) 679M->592M(832M) 78.391ms
[250.613s][info][gc,cpu         ] GC(842) User=0.15s Sys=0.00s Real=0.08s
[250.809s][info][gc,start       ] GC(843) Pause Young (Allocation Failure)
[250.879s][info][gc,heap        ] GC(843) PSYoungGen: 184800K(184832K)->72848K(202752K) Eden: 114688K(114688K)->0K(114688K) From: 70112K(70144K)->72848K(88064K)
[250.880s][info][gc,heap        ] GC(843) ParOldGen: 536837K(667648K)->539085K(667648K)
[250.880s][info][gc,metaspace   ] GC(843) Metaspace: 18592K(18752K)->18592K(18752K) NonClass: 16763K(16896K)->16763K(16896K) Class: 1828K(1856K)->1828K(1856K)
[250.880s][info][gc             ] GC(843) Pause Young (Allocation Failure) 704M->597M(850M) 70.175ms
[250.880s][info][gc,cpu         ] GC(843) User=0.13s Sys=0.00s Real=0.07s
[251.033s][info][gc,start       ] GC(844) Pause Young (Allocation Failure)
[251.131s][info][gc,heap        ] GC(844) PSYoungGen: 187536K(202752K)->82848K(208384K) Eden: 114688K(114688K)->0K(109056K) From: 72848K(88064K)->82848K(99328K)
[251.131s][info][gc,heap        ] GC(844) ParOldGen: 539085K(667648K)->539085K(667648K)
[251.131s][info][gc,metaspace   ] GC(844) Metaspace: 18592K(18752K)->18592K(18752K) NonClass: 16763K(16896K)->16763K(16896K) Class: 1828K(1856K)->1828K(1856K)
[251.131s][info][gc             ] GC(844) Pause Young (Allocation Failure) 709M->607M(855M) 98.939ms
[251.131s][info][gc,cpu         ] GC(844) User=0.17s Sys=0.02s Real=0.10s
[251.283s][info][gc,start       ] GC(845) Pause Young (Allocation Failure)
[251.368s][info][gc,heap        ] GC(845) PSYoungGen: 191904K(208384K)->74176K(220160K) Eden: 109056K(109056K)->0K(109056K) From: 82848K(99328K)->74176K(111104K)
[251.368s][info][gc,heap        ] GC(845) ParOldGen: 539085K(667648K)->547805K(667648K)
[251.368s][info][gc,metaspace   ] GC(845) Metaspace: 18592K(18752K)->18592K(18752K) NonClass: 16763K(16896K)->16763K(16896K) Class: 1828K(1856K)->1828K(1856K)
[251.368s][info][gc             ] GC(845) Pause Young (Allocation Failure) 713M->607M(867M) 85.009ms
[251.368s][info][gc,cpu         ] GC(845) User=0.17s Sys=0.00s Real=0.09s
[251.523s][info][gc,start       ] GC(846) Pause Young (Allocation Failure)
[251.598s][info][gc,heap        ] GC(846) PSYoungGen: 183232K(220160K)->73984K(222720K) Eden: 109056K(109056K)->0K(111616K) From: 74176K(111104K)->73984K(111104K)
[251.598s][info][gc,heap        ] GC(846) ParOldGen: 547805K(667648K)->547995K(667648K)
[251.598s][info][gc,metaspace   ] GC(846) Metaspace: 18592K(18752K)->18592K(18752K) NonClass: 16763K(16896K)->16763K(16896K) Class: 1828K(1856K)->1828K(1856K)
[251.598s][info][gc             ] GC(846) Pause Young (Allocation Failure) 713M->607M(869M) 74.835ms
[251.598s][info][gc,cpu         ] GC(846) User=0.15s Sys=0.00s Real=0.08s
[251.753s][info][gc,start       ] GC(847) Pause Young (Allocation Failure)
[251.827s][info][gc,heap        ] GC(847) PSYoungGen: 185600K(222720K)->73952K(222720K) Eden: 111616K(111616K)->0K(111616K) From: 73984K(111104K)->73952K(111104K)
[251.827s][info][gc,heap        ] GC(847) ParOldGen: 547995K(667648K)->548027K(667648K)
[251.827s][info][gc,metaspace   ] GC(847) Metaspace: 18592K(18752K)->18592K(18752K) NonClass: 16763K(16896K)->16763K(16896K) Class: 1828K(1856K)->1828K(1856K)
[251.827s][info][gc             ] GC(847) Pause Young (Allocation Failure) 716M->607M(869M) 74.509ms
[251.827s][info][gc,cpu         ] GC(847) User=0.15s Sys=0.00s Real=0.08s
[251.982s][info][gc,start       ] GC(848) Pause Young (Allocation Failure)
[252.056s][info][gc,heap        ] GC(848) PSYoungGen: 185568K(222720K)->59936K(222720K) Eden: 111616K(111616K)->0K(111616K) From: 73952K(111104K)->59936K(111104K)
[252.056s][info][gc,heap        ] GC(848) ParOldGen: 548027K(667648K)->562091K(667648K)
[252.056s][info][gc,metaspace   ] GC(848) Metaspace: 18592K(18752K)->18592K(18752K) NonClass: 16763K(16896K)->16763K(16896K) Class: 1828K(1856K)->1828K(1856K)
[252.056s][info][gc             ] GC(848) Pause Young (Allocation Failure) 716M->607M(869M) 73.711ms
[252.056s][info][gc,cpu         ] GC(848) User=0.15s Sys=0.00s Real=0.07s
[252.211s][info][gc,start       ] GC(849) Pause Young (Allocation Failure)
[252.269s][info][gc,heap        ] GC(849) PSYoungGen: 171552K(222720K)->14944K(222720K) Eden: 111616K(111616K)->0K(111616K) From: 59936K(111104K)->14944K(111104K)
[252.269s][info][gc,heap        ] GC(849) ParOldGen: 562091K(667648K)->607562K(667648K)
[252.269s][info][gc,metaspace   ] GC(849) Metaspace: 18592K(18752K)->18592K(18752K) NonClass: 16763K(16896K)->16763K(16896K) Class: 1828K(1856K)->1828K(1856K)
[252.269s][info][gc             ] GC(849) Pause Young (Allocation Failure) 716M->607M(869M) 58.560ms
[252.269s][info][gc,cpu         ] GC(849) User=0.12s Sys=0.00s Real=0.06s
[252.422s][info][gc,start       ] GC(850) Pause Young (Allocation Failure)
[252.449s][info][gc,heap        ] GC(850) PSYoungGen: 126560K(222720K)->32K(222720K) Eden: 111616K(111616K)->0K(111616K) From: 14944K(111104K)->32K(111104K)
[252.449s][info][gc,heap        ] GC(850) ParOldGen: 607562K(667648K)->622538K(667648K)
[252.449s][info][gc,metaspace   ] GC(850) Metaspace: 18592K(18752K)->18592K(18752K) NonClass: 16763K(16896K)->16763K(16896K) Class: 1828K(1856K)->1828K(1856K)
[252.449s][info][gc             ] GC(850) Pause Young (Allocation Failure) 716M->607M(869M) 27.103ms
[252.449s][info][gc,cpu         ] GC(850) User=0.06s Sys=0.00s Real=0.03s
[252.597s][info][gc,start       ] GC(851) Pause Young (Allocation Failure)
[252.599s][info][gc,heap        ] GC(851) PSYoungGen: 111648K(222720K)->64K(222720K) Eden: 111616K(111616K)->0K(111616K) From: 32K(111104K)->64K(111104K)
[252.599s][info][gc,heap        ] GC(851) ParOldGen: 622538K(667648K)->622538K(667648K)
[252.599s][info][gc,metaspace   ] GC(851) Metaspace: 18592K(18752K)->18592K(18752K) NonClass: 16763K(16896K)->16763K(16896K) Class: 1828K(1856K)->1828K(1856K)
[252.599s][info][gc             ] GC(851) Pause Young (Allocation Failure) 716M->608M(869M) 1.959ms
[252.599s][info][gc,cpu         ] GC(851) User=0.00s Sys=0.00s Real=0.00s
[252.738s][info][gc,start       ] GC(852) Pause Young (Allocation Failure)
[252.740s][info][gc,heap        ] GC(852) PSYoungGen: 111680K(222720K)->64K(222720K) Eden: 111616K(111616K)->0K(111616K) From: 64K(111104K)->64K(111104K)
[252.740s][info][gc,heap        ] GC(852) ParOldGen: 622538K(667648K)->622538K(667648K)
[252.740s][info][gc,metaspace   ] GC(852) Metaspace: 18592K(18752K)->18592K(18752K) NonClass: 16763K(16896K)->16763K(16896K) Class: 1828K(1856K)->1828K(1856K)
[252.740s][info][gc             ] GC(852) Pause Young (Allocation Failure) 717M->608M(869M) 1.941ms
[252.740s][info][gc,cpu         ] GC(852) User=0.00s Sys=0.00s Real=0.00s
[252.867s][info][gc,start       ] GC(853) Pause Young (Allocation Failure)
[252.880s][info][gc,heap        ] GC(853) PSYoungGen: 111680K(222720K)->8480K(222720K) Eden: 111616K(111616K)->0K(111616K) From: 64K(111104K)->8480K(111104K)
[252.880s][info][gc,heap        ] GC(853) ParOldGen: 622538K(667648K)->622538K(667648K)
[252.880s][info][gc,metaspace   ] GC(853) Metaspace: 18592K(18752K)->18592K(18752K) NonClass: 16763K(16896K)->16763K(16896K) Class: 1828K(1856K)->1828K(1856K)
[252.880s][info][gc             ] GC(853) Pause Young (Allocation Failure) 717M->616M(869M) 12.998ms
[252.880s][info][gc,cpu         ] GC(853) User=0.02s Sys=0.01s Real=0.01s
[252.997s][info][gc,start       ] GC(854) Pause Young (Allocation Failure)
[253.022s][info][gc,heap        ] GC(854) PSYoungGen: 120096K(222720K)->23200K(212480K) Eden: 111616K(111616K)->0K(111616K) From: 8480K(111104K)->23200K(100864K)
[253.022s][info][gc,heap        ] GC(854) ParOldGen: 622538K(667648K)->622538K(667648K)
[253.022s][info][gc,metaspace   ] GC(854) Metaspace: 18594K(18752K)->18594K(18752K) NonClass: 16766K(16896K)->16766K(16896K) Class: 1828K(1856K)->1828K(1856K)
[253.022s][info][gc             ] GC(854) Pause Young (Allocation Failure) 725M->630M(859M) 25.043ms
[253.022s][info][gc,cpu         ] GC(854) User=0.05s Sys=0.00s Real=0.02s
[253.109s][info][gc,start       ] GC(855) Pause Young (Allocation Failure)
[253.139s][info][gc,heap        ] GC(855) PSYoungGen: 134816K(212480K)->28064K(139776K) Eden: 111616K(111616K)->0K(111616K) From: 23200K(100864K)->28064K(28160K)
[253.139s][info][gc,heap        ] GC(855) ParOldGen: 622538K(667648K)->622538K(667648K)
[253.139s][info][gc,metaspace   ] GC(855) Metaspace: 18594K(18752K)->18594K(18752K) NonClass: 16766K(16896K)->16766K(16896K) Class: 1828K(1856K)->1828K(1856K)
[253.139s][info][gc             ] GC(855) Pause Young (Allocation Failure) 739M->635M(788M) 30.693ms
[253.139s][info][gc,cpu         ] GC(855) User=0.06s Sys=0.00s Real=0.03s
[253.240s][info][gc,start       ] GC(856) Pause Young (Allocation Failure)
[253.272s][info][gc,heap        ] GC(856) PSYoungGen: 139680K(139776K)->28960K(201216K) Eden: 111616K(111616K)->0K(116736K) From: 28064K(28160K)->28960K(84480K)
[253.272s][info][gc,heap        ] GC(856) ParOldGen: 622538K(667648K)->622538K(667648K)
[253.272s][info][gc,metaspace   ] GC(856) Metaspace: 18594K(18752K)->18594K(18752K) NonClass: 16766K(16896K)->16766K(16896K) Class: 1828K(1856K)->1828K(1856K)
[253.272s][info][gc             ] GC(856) Pause Young (Allocation Failure) 744M->636M(848M) 32.192ms
[253.272s][info][gc,cpu         ] GC(856) User=0.07s Sys=0.00s Real=0.03s
[253.378s][info][gc,start       ] GC(857) Pause Young (Allocation Failure)
[253.418s][info][gc,heap        ] GC(857) PSYoungGen: 145696K(201216K)->31808K(208384K) Eden: 116736K(116736K)->0K(116736K) From: 28960K(84480K)->31808K(91648K)
[253.418s][info][gc,heap        ] GC(857) ParOldGen: 622538K(667648K)->622538K(667648K)
[253.418s][info][gc,metaspace   ] GC(857) Metaspace: 18596K(18752K)->18596K(18752K) NonClass: 16768K(16896K)->16768K(16896K) Class: 1828K(1856K)->1828K(1856K)
[253.418s][info][gc             ] GC(857) Pause Young (Allocation Failure) 750M->639M(855M) 39.740ms
[253.418s][info][gc,cpu         ] GC(857) User=0.07s Sys=0.00s Real=0.04s
[253.522s][info][gc,start       ] GC(858) Pause Young (Allocation Failure)
[253.564s][info][gc,heap        ] GC(858) PSYoungGen: 148544K(208384K)->31872K(200704K) Eden: 116736K(116736K)->0K(122880K) From: 31808K(91648K)->31872K(77824K)
[253.564s][info][gc,heap        ] GC(858) ParOldGen: 622538K(667648K)->622538K(667648K)
[253.564s][info][gc,metaspace   ] GC(858) Metaspace: 18596K(18752K)->18596K(18752K) NonClass: 16768K(16896K)->16768K(16896K) Class: 1828K(1856K)->1828K(1856K)
[253.564s][info][gc             ] GC(858) Pause Young (Allocation Failure) 753M->639M(848M) 41.565ms
[253.564s][info][gc,cpu         ] GC(858) User=0.08s Sys=0.00s Real=0.04s
[253.701s][info][gc,start       ] GC(859) Pause Young (Allocation Failure)
[253.749s][info][gc,heap        ] GC(859) PSYoungGen: 154752K(200704K)->42432K(204800K) Eden: 122880K(122880K)->0K(122880K) From: 31872K(77824K)->42432K(81920K)
[253.749s][info][gc,heap        ] GC(859) ParOldGen: 622538K(667648K)->622538K(667648K)
[253.749s][info][gc,metaspace   ] GC(859) Metaspace: 18599K(18752K)->18599K(18752K) NonClass: 16770K(16896K)->16770K(16896K) Class: 1828K(1856K)->1828K(1856K)
[253.749s][info][gc             ] GC(859) Pause Young (Allocation Failure) 759M->649M(852M) 47.471ms
[253.749s][info][gc,cpu         ] GC(859) User=0.09s Sys=0.00s Real=0.05s
[253.899s][info][gc,start       ] GC(860) Pause Young (Allocation Failure)
[253.973s][info][gc,heap        ] GC(860) PSYoungGen: 165312K(204800K)->68192K(202240K) Eden: 122880K(122880K)->0K(120832K) From: 42432K(81920K)->68192K(81408K)
[253.973s][info][gc,heap        ] GC(860) ParOldGen: 622538K(667648K)->622538K(667648K)
[253.973s][info][gc,metaspace   ] GC(860) Metaspace: 18602K(18752K)->18602K(18752K) NonClass: 16774K(16896K)->16774K(16896K) Class: 1828K(1856K)->1828K(1856K)
[253.973s][info][gc             ] GC(860) Pause Young (Allocation Failure) 769M->674M(849M) 73.985ms
[253.973s][info][gc,cpu         ] GC(860) User=0.14s Sys=0.00s Real=0.07s
[254.123s][info][gc,start       ] GC(861) Pause Young (Allocation Failure)
[254.218s][info][gc,heap        ] GC(861) PSYoungGen: 189024K(202240K)->89312K(210944K) Eden: 120832K(120832K)->0K(120832K) From: 68192K(81408K)->89312K(90112K)
[254.218s][info][gc,heap        ] GC(861) ParOldGen: 622538K(667648K)->622538K(667648K)
[254.218s][info][gc,metaspace   ] GC(861) Metaspace: 18606K(18752K)->18606K(18752K) NonClass: 16777K(16896K)->16777K(16896K) Class: 1828K(1856K)->1828K(1856K)
[254.218s][info][gc             ] GC(861) Pause Young (Allocation Failure) 792M->695M(858M) 95.116ms
[254.218s][info][gc,cpu         ] GC(861) User=0.19s Sys=0.00s Real=0.10s
[254.372s][info][gc,start       ] GC(862) Pause Young (Allocation Failure)
[254.503s][info][gc,heap        ] GC(862) PSYoungGen: 210144K(210944K)->104960K(216576K) Eden: 120832K(120832K)->0K(111616K) From: 89312K(90112K)->104960K(104960K)
[254.503s][info][gc,heap        ] GC(862) ParOldGen: 622538K(667648K)->625858K(667648K)
[254.503s][info][gc,metaspace   ] GC(862) Metaspace: 18606K(18752K)->18606K(18752K) NonClass: 16778K(16896K)->16778K(16896K) Class: 1828K(1856K)->1828K(1856K)
[254.503s][info][gc             ] GC(862) Pause Young (Allocation Failure) 813M->713M(863M) 130.922ms
[254.503s][info][gc,cpu         ] GC(862) User=0.23s Sys=0.03s Real=0.13s
[254.597s][info][gc,start       ] GC(863) Pause Young (Allocation Failure)
[254.720s][info][gc,heap        ] GC(863) PSYoungGen: 216576K(216576K)->96992K(222720K) Eden: 111616K(111616K)->0K(111616K) From: 104960K(104960K)->96992K(111104K)
[254.720s][info][gc,heap        ] GC(863) ParOldGen: 625858K(667648K)->647330K(667648K)
[254.720s][info][gc,metaspace   ] GC(863) Metaspace: 18609K(18752K)->18609K(18752K) NonClass: 16781K(16896K)->16781K(16896K) Class: 1828K(1856K)->1828K(1856K)
[254.720s][info][gc             ] GC(863) Pause Young (Allocation Failure) 822M->726M(869M) 123.328ms
[254.720s][info][gc,cpu         ] GC(863) User=0.25s Sys=0.00s Real=0.12s
[254.803s][info][gc,start       ] GC(864) Pause Full (Allocation Failure)
[254.803s][info][gc,phases,start] GC(864) Marking Phase
[255.116s][info][gc,phases      ] GC(864) Marking Phase 313.085ms
[255.116s][info][gc,phases,start] GC(864) Summary Phase
[255.116s][info][gc,phases      ] GC(864) Summary Phase 0.034ms
[255.116s][info][gc,phases,start] GC(864) Forward
[255.219s][info][gc,phases      ] GC(864) Forward 103.329ms
[255.220s][info][gc,phases,start] GC(864) Adjust Pointers
[255.458s][info][gc,phases      ] GC(864) Adjust Pointers 238.215ms
[255.458s][info][gc,phases,start] GC(864) Compaction Phase
[255.587s][info][gc,phases      ] GC(864) Compaction Phase 128.963ms
[255.597s][info][gc,phases,start] GC(864) Post Compact
[255.600s][info][gc,phases      ] GC(864) Post Compact 2.508ms
[255.600s][info][gc,heap        ] GC(864) PSYoungGen: 208608K(222720K)->0K(222720K) Eden: 111616K(111616K)->0K(111616K) From: 96992K(111104K)->0K(111104K)
[255.600s][info][gc,heap        ] GC(864) ParOldGen: 647330K(667648K)->434330K(667648K)
[255.600s][info][gc,metaspace   ] GC(864) Metaspace: 18614K(18752K)->18614K(18752K) NonClass: 16785K(16896K)->16785K(16896K) Class: 1828K(1856K)->1828K(1856K)
[255.600s][info][gc             ] GC(864) Pause Full (Allocation Failure) 835M->424M(869M) 797.192ms
[255.600s][info][gc,cpu         ] GC(864) User=1.49s Sys=0.00s Real=0.80s
[255.729s][info][gc,start       ] GC(865) Pause Young (Allocation Failure)
[255.737s][info][gc,heap        ] GC(865) PSYoungGen: 111616K(222720K)->128K(222720K) Eden: 111616K(111616K)->0K(111616K) From: 0K(111104K)->128K(111104K)
[255.737s][info][gc,heap        ] GC(865) ParOldGen: 434330K(667648K)->434330K(667648K)
[255.737s][info][gc,metaspace   ] GC(865) Metaspace: 18626K(18816K)->18626K(18816K) NonClass: 16797K(16960K)->16797K(16960K) Class: 1828K(1856K)->1828K(1856K)
[255.737s][info][gc             ] GC(865) Pause Young (Allocation Failure) 533M->424M(869M) 8.209ms
[255.737s][info][gc,cpu         ] GC(865) User=0.02s Sys=0.00s Real=0.01s
[255.849s][info][gc,start       ] GC(866) Pause Young (Allocation Failure)
[255.858s][info][gc,heap        ] GC(866) PSYoungGen: 111744K(222720K)->1440K(222720K) Eden: 111616K(111616K)->0K(111616K) From: 128K(111104K)->1440K(111104K)
[255.858s][info][gc,heap        ] GC(866) ParOldGen: 434330K(667648K)->434330K(667648K)
[255.858s][info][gc,metaspace   ] GC(866) Metaspace: 18640K(18816K)->18640K(18816K) NonClass: 16812K(16960K)->16812K(16960K) Class: 1828K(1856K)->1828K(1856K)
[255.858s][info][gc             ] GC(866) Pause Young (Allocation Failure) 533M->425M(869M) 9.796ms
[255.858s][info][gc,cpu         ] GC(866) User=0.01s Sys=0.00s Real=0.01s
[255.977s][info][gc,start       ] GC(867) Pause Young (Allocation Failure)
[255.989s][info][gc,heap        ] GC(867) PSYoungGen: 113056K(222720K)->3552K(222720K) Eden: 111616K(111616K)->0K(111616K) From: 1440K(111104K)->3552K(111104K)
[255.989s][info][gc,heap        ] GC(867) ParOldGen: 434330K(667648K)->434330K(667648K)
[255.989s][info][gc,metaspace   ] GC(867) Metaspace: 18640K(18816K)->18640K(18816K) NonClass: 16812K(16960K)->16812K(16960K) Class: 1828K(1856K)->1828K(1856K)
[255.989s][info][gc             ] GC(867) Pause Young (Allocation Failure) 534M->427M(869M) 12.640ms
[255.989s][info][gc,cpu         ] GC(867) User=0.02s Sys=0.00s Real=0.01s
[256.105s][info][gc,start       ] GC(868) Pause Young (Allocation Failure)
[256.114s][info][gc,heap        ] GC(868) PSYoungGen: 115168K(222720K)->5120K(222720K) Eden: 111616K(111616K)->0K(111616K) From: 3552K(111104K)->5120K(111104K)
[256.114s][info][gc,heap        ] GC(868) ParOldGen: 434330K(667648K)->434330K(667648K)
[256.114s][info][gc,metaspace   ] GC(868) Metaspace: 18641K(18816K)->18641K(18816K) NonClass: 16813K(16960K)->16813K(16960K) Class: 1828K(1856K)->1828K(1856K)
[256.114s][info][gc             ] GC(868) Pause Young (Allocation Failure) 536M->429M(869M) 8.376ms
[256.114s][info][gc,cpu         ] GC(868) User=0.02s Sys=0.00s Real=0.01s
[256.200s][info][gc,start       ] GC(869) Pause Young (Allocation Failure)
[256.220s][info][gc,heap        ] GC(869) PSYoungGen: 116736K(222720K)->16832K(222720K) Eden: 111616K(111616K)->0K(111616K) From: 5120K(111104K)->16832K(111104K)
[256.220s][info][gc,heap        ] GC(869) ParOldGen: 434330K(667648K)->434442K(667648K)
[256.220s][info][gc,metaspace   ] GC(869) Metaspace: 18641K(18816K)->18641K(18816K) NonClass: 16813K(16960K)->16813K(16960K) Class: 1828K(1856K)->1828K(1856K)
[256.220s][info][gc             ] GC(869) Pause Young (Allocation Failure) 538M->440M(869M) 20.469ms
[256.220s][info][gc,cpu         ] GC(869) User=0.04s Sys=0.00s Real=0.02s
[256.311s][info][gc,start       ] GC(870) Pause Young (Allocation Failure)
[256.351s][info][gc,heap        ] GC(870) PSYoungGen: 128448K(222720K)->39200K(222720K) Eden: 111616K(111616K)->0K(111616K) From: 16832K(111104K)->39200K(111104K)
[256.351s][info][gc,heap        ] GC(870) ParOldGen: 434442K(667648K)->437866K(667648K)
[256.351s][info][gc,metaspace   ] GC(870) Metaspace: 18642K(18816K)->18642K(18816K) NonClass: 16814K(16960K)->16814K(16960K) Class: 1828K(1856K)->1828K(1856K)
[256.351s][info][gc             ] GC(870) Pause Young (Allocation Failure) 549M->465M(869M) 39.976ms
[256.351s][info][gc,cpu         ] GC(870) User=0.08s Sys=0.00s Real=0.04s
[256.432s][info][gc,start       ] GC(871) Pause Young (Allocation Failure)
[256.500s][info][gc,heap        ] GC(871) PSYoungGen: 150816K(222720K)->67200K(222720K) Eden: 111616K(111616K)->0K(111616K) From: 39200K(111104K)->67200K(111104K)
[256.500s][info][gc,heap        ] GC(871) ParOldGen: 437866K(667648K)->451290K(667648K)
[256.500s][info][gc,metaspace   ] GC(871) Metaspace: 18642K(18816K)->18642K(18816K) NonClass: 16814K(16960K)->16814K(16960K) Class: 1828K(1856K)->1828K(1856K)
[256.500s][info][gc             ] GC(871) Pause Young (Allocation Failure) 574M->506M(869M) 67.478ms
[256.500s][info][gc,cpu         ] GC(871) User=0.13s Sys=0.00s Real=0.07s
[256.632s][info][gc,start       ] GC(872) Pause Young (Allocation Failure)
[256.695s][info][gc,heap        ] GC(872) PSYoungGen: 178816K(222720K)->20160K(222720K) Eden: 111616K(111616K)->0K(111616K) From: 67200K(111104K)->20160K(111104K)
[256.695s][info][gc,heap        ] GC(872) ParOldGen: 451290K(667648K)->519237K(667648K)
[256.695s][info][gc,metaspace   ] GC(872) Metaspace: 18642K(18816K)->18642K(18816K) NonClass: 16814K(16960K)->16814K(16960K) Class: 1828K(1856K)->1828K(1856K)
[256.695s][info][gc             ] GC(872) Pause Young (Allocation Failure) 615M->526M(869M) 63.539ms
[256.695s][info][gc,cpu         ] GC(872) User=0.12s Sys=0.00s Real=0.06s
[256.879s][info][gc,start       ] GC(873) Pause Young (Allocation Failure)
[256.901s][info][gc,heap        ] GC(873) PSYoungGen: 131776K(222720K)->1072K(222720K) Eden: 111616K(111616K)->0K(111616K) From: 20160K(111104K)->1072K(111104K)
[256.901s][info][gc,heap        ] GC(873) ParOldGen: 519237K(667648K)->539513K(667648K)
[256.901s][info][gc,metaspace   ] GC(873) Metaspace: 18642K(18816K)->18642K(18816K) NonClass: 16814K(16960K)->16814K(16960K) Class: 1828K(1856K)->1828K(1856K)
[256.901s][info][gc             ] GC(873) Pause Young (Allocation Failure) 635M->527M(869M) 21.994ms
[256.901s][info][gc,cpu         ] GC(873) User=0.04s Sys=0.00s Real=0.02s
[257.005s][info][gc,start       ] GC(874) Pause Young (Allocation Failure)
[257.014s][info][gc,heap        ] GC(874) PSYoungGen: 112688K(222720K)->5696K(217600K) Eden: 111616K(111616K)->0K(111616K) From: 1072K(111104K)->5696K(105984K)
[257.014s][info][gc,heap        ] GC(874) ParOldGen: 539513K(667648K)->540570K(667648K)
[257.014s][info][gc,metaspace   ] GC(874) Metaspace: 18642K(18816K)->18642K(18816K) NonClass: 16814K(16960K)->16814K(16960K) Class: 1828K(1856K)->1828K(1856K)
[257.014s][info][gc             ] GC(874) Pause Young (Allocation Failure) 636M->533M(864M) 9.295ms
[257.014s][info][gc,cpu         ] GC(874) User=0.01s Sys=0.00s Real=0.01s
[257.092s][info][gc,start       ] GC(875) Pause Young (Allocation Failure)
[257.104s][info][gc,heap        ] GC(875) PSYoungGen: 117312K(217600K)->9696K(220160K) Eden: 111616K(111616K)->0K(111616K) From: 5696K(105984K)->9696K(108544K)
[257.104s][info][gc,heap        ] GC(875) ParOldGen: 540570K(667648K)->540570K(667648K)
[257.104s][info][gc,metaspace   ] GC(875) Metaspace: 18642K(18816K)->18642K(18816K) NonClass: 16814K(16960K)->16814K(16960K) Class: 1828K(1856K)->1828K(1856K)
[257.104s][info][gc             ] GC(875) Pause Young (Allocation Failure) 642M->537M(867M) 12.237ms
[257.104s][info][gc,cpu         ] GC(875) User=0.03s Sys=0.00s Real=0.01s
[257.257s][info][gc,start       ] GC(876) Pause Young (Allocation Failure)
[257.272s][info][gc,heap        ] GC(876) PSYoungGen: 121312K(220160K)->9952K(211456K) Eden: 111616K(111616K)->0K(117248K) From: 9696K(108544K)->9952K(94208K)
[257.272s][info][gc,heap        ] GC(876) ParOldGen: 540570K(667648K)->540570K(667648K)
[257.272s][info][gc,metaspace   ] GC(876) Metaspace: 18642K(18816K)->18642K(18816K) NonClass: 16814K(16960K)->16814K(16960K) Class: 1828K(1856K)->1828K(1856K)
[257.272s][info][gc             ] GC(876) Pause Young (Allocation Failure) 646M->537M(858M) 14.972ms
[257.272s][info][gc,cpu         ] GC(876) User=0.03s Sys=0.00s Real=0.01s
[257.435s][info][gc,start       ] GC(877) Pause Young (Allocation Failure)
[257.449s][info][gc,heap        ] GC(877) PSYoungGen: 127200K(211456K)->10240K(216576K) Eden: 117248K(117248K)->0K(117248K) From: 9952K(94208K)->10240K(99328K)
[257.449s][info][gc,heap        ] GC(877) ParOldGen: 540570K(667648K)->540570K(667648K)
[257.449s][info][gc,metaspace   ] GC(877) Metaspace: 18642K(18816K)->18642K(18816K) NonClass: 16814K(16960K)->16814K(16960K) Class: 1828K(1856K)->1828K(1856K)
[257.449s][info][gc             ] GC(877) Pause Young (Allocation Failure) 652M->537M(863M) 14.134ms
[257.449s][info][gc,cpu         ] GC(877) User=0.03s Sys=0.00s Real=0.02s
[257.571s][info][gc,start       ] GC(878) Pause Young (Allocation Failure)
[257.588s][info][gc,heap        ] GC(878) PSYoungGen: 127488K(216576K)->11712K(206848K) Eden: 117248K(117248K)->0K(122368K) From: 10240K(99328K)->11712K(84480K)
[257.588s][info][gc,heap        ] GC(878) ParOldGen: 540570K(667648K)->540570K(667648K)
[257.588s][info][gc,metaspace   ] GC(878) Metaspace: 18642K(18816K)->18642K(18816K) NonClass: 16814K(16960K)->16814K(16960K) Class: 1828K(1856K)->1828K(1856K)
[257.588s][info][gc             ] GC(878) Pause Young (Allocation Failure) 652M->539M(854M) 17.150ms
[257.588s][info][gc,cpu         ] GC(878) User=0.03s Sys=0.00s Real=0.02s
[257.778s][info][gc,start       ] GC(879) Pause Young (Allocation Failure)
[257.803s][info][gc,heap        ] GC(879) PSYoungGen: 134080K(206848K)->13152K(211968K) Eden: 122368K(122368K)->0K(122368K) From: 11712K(84480K)->13152K(89600K)
[257.803s][info][gc,heap        ] GC(879) ParOldGen: 540570K(667648K)->540570K(667648K)
[257.803s][info][gc,metaspace   ] GC(879) Metaspace: 18642K(18816K)->18642K(18816K) NonClass: 16814K(16960K)->16814K(16960K) Class: 1828K(1856K)->1828K(1856K)
[257.803s][info][gc             ] GC(879) Pause Young (Allocation Failure) 658M->540M(859M) 24.954ms
[257.803s][info][gc,cpu         ] GC(879) User=0.05s Sys=0.00s Real=0.02s
[258.051s][info][gc,start       ] GC(880) Pause Young (Allocation Failure)
[258.096s][info][gc,heap        ] GC(880) PSYoungGen: 135520K(211968K)->29377K(205824K) Eden: 122368K(122368K)->0K(127488K) From: 13152K(89600K)->29377K(78336K)
[258.096s][info][gc,heap        ] GC(880) ParOldGen: 540570K(667648K)->540570K(667648K)
[258.096s][info][gc,metaspace   ] GC(880) Metaspace: 18642K(18816K)->18642K(18816K) NonClass: 16814K(16960K)->16814K(16960K) Class: 1828K(1856K)->1828K(1856K)
[258.096s][info][gc             ] GC(880) Pause Young (Allocation Failure) 660M->556M(853M) 45.079ms
[258.096s][info][gc,cpu         ] GC(880) User=0.09s Sys=0.00s Real=0.04s
[258.245s][info][gc,start       ] GC(881) Pause Young (Allocation Failure)
[258.314s][info][gc,heap        ] GC(881) PSYoungGen: 156865K(205824K)->53377K(208896K) Eden: 127488K(127488K)->0K(127488K) From: 29377K(78336K)->53377K(81408K)
[258.314s][info][gc,heap        ] GC(881) ParOldGen: 540570K(667648K)->540570K(667648K)
[258.314s][info][gc,metaspace   ] GC(881) Metaspace: 18642K(18816K)->18642K(18816K) NonClass: 16814K(16960K)->16814K(16960K) Class: 1828K(1856K)->1828K(1856K)
[258.314s][info][gc             ] GC(881) Pause Young (Allocation Failure) 681M->580M(856M) 69.070ms
[258.314s][info][gc,cpu         ] GC(881) User=0.14s Sys=0.00s Real=0.07s
[258.480s][info][gc,start       ] GC(882) Pause Young (Allocation Failure)
[258.563s][info][gc,heap        ] GC(882) PSYoungGen: 180865K(208896K)->67306K(210944K) Eden: 127488K(127488K)->0K(124416K) From: 53377K(81408K)->67306K(86528K)
[258.563s][info][gc,heap        ] GC(882) ParOldGen: 540570K(667648K)->540570K(667648K)
[258.563s][info][gc,metaspace   ] GC(882) Metaspace: 18642K(18816K)->18642K(18816K) NonClass: 16814K(16960K)->16814K(16960K) Class: 1828K(1856K)->1828K(1856K)
[258.563s][info][gc             ] GC(882) Pause Young (Allocation Failure) 704M->593M(858M) 82.154ms
[258.563s][info][gc,cpu         ] GC(882) User=0.16s Sys=0.00s Real=0.08s
[258.692s][info][gc,start       ] GC(883) Pause Young (Allocation Failure)
[258.777s][info][gc,heap        ] GC(883) PSYoungGen: 191722K(210944K)->69898K(220672K) Eden: 124416K(124416K)->0K(124416K) From: 67306K(86528K)->69898K(96256K)
[258.777s][info][gc,heap        ] GC(883) ParOldGen: 540570K(667648K)->540570K(667648K)
[258.777s][info][gc,metaspace   ] GC(883) Metaspace: 18642K(18816K)->18642K(18816K) NonClass: 16814K(16960K)->16814K(16960K) Class: 1828K(1856K)->1828K(1856K)
[258.777s][info][gc             ] GC(883) Pause Young (Allocation Failure) 715M->596M(867M) 85.353ms
[258.777s][info][gc,cpu         ] GC(883) User=0.16s Sys=0.00s Real=0.09s
[258.949s][info][gc,start       ] GC(884) Pause Young (Allocation Failure)
[259.043s][info][gc,heap        ] GC(884) PSYoungGen: 194314K(220672K)->73002K(216064K) Eden: 124416K(124416K)->0K(111616K) From: 69898K(96256K)->73002K(104448K)
[259.043s][info][gc,heap        ] GC(884) ParOldGen: 540570K(667648K)->540570K(667648K)
[259.043s][info][gc,metaspace   ] GC(884) Metaspace: 18647K(18816K)->18647K(18816K) NonClass: 16818K(16960K)->16818K(16960K) Class: 1828K(1856K)->1828K(1856K)
[259.043s][info][gc             ] GC(884) Pause Young (Allocation Failure) 717M->599M(863M) 94.732ms
[259.043s][info][gc,cpu         ] GC(884) User=0.18s Sys=0.01s Real=0.09s
[259.143s][info][gc,start       ] GC(885) Pause Young (Allocation Failure)
[259.233s][info][gc,heap        ] GC(885) PSYoungGen: 184618K(216064K)->63498K(222720K) Eden: 111616K(111616K)->0K(111616K) From: 73002K(104448K)->63498K(111104K)
[259.233s][info][gc,heap        ] GC(885) ParOldGen: 540570K(667648K)->550266K(667648K)
[259.233s][info][gc,metaspace   ] GC(885) Metaspace: 18648K(18816K)->18648K(18816K) NonClass: 16819K(16960K)->16819K(16960K) Class: 1828K(1856K)->1828K(1856K)
[259.233s][info][gc             ] GC(885) Pause Young (Allocation Failure) 708M->599M(869M) 89.865ms
[259.233s][info][gc,cpu         ] GC(885) User=0.18s Sys=0.00s Real=0.09s
[259.303s][info][gc,start       ] GC(886) Pause Young (Allocation Failure)
[259.382s][info][gc,heap        ] GC(886) PSYoungGen: 175114K(222720K)->62922K(222720K) Eden: 111616K(111616K)->0K(111616K) From: 63498K(111104K)->62922K(111104K)
[259.382s][info][gc,heap        ] GC(886) ParOldGen: 550266K(667648K)->550850K(667648K)
[259.382s][info][gc,metaspace   ] GC(886) Metaspace: 18648K(18816K)->18648K(18816K) NonClass: 16819K(16960K)->16819K(16960K) Class: 1828K(1856K)->1828K(1856K)
[259.382s][info][gc             ] GC(886) Pause Young (Allocation Failure) 708M->599M(869M) 78.783ms
[259.382s][info][gc,cpu         ] GC(886) User=0.16s Sys=0.00s Real=0.08s
[259.501s][info][gc,start       ] GC(887) Pause Young (Allocation Failure)
[259.583s][info][gc,heap        ] GC(887) PSYoungGen: 174538K(222720K)->64938K(222720K) Eden: 111616K(111616K)->0K(111616K) From: 62922K(111104K)->64938K(111104K)
[259.583s][info][gc,heap        ] GC(887) ParOldGen: 550850K(667648K)->553758K(667648K)
[259.583s][info][gc,metaspace   ] GC(887) Metaspace: 18648K(18816K)->18648K(18816K) NonClass: 16819K(16960K)->16819K(16960K) Class: 1828K(1856K)->1828K(1856K)
[259.583s][info][gc             ] GC(887) Pause Young (Allocation Failure) 708M->604M(869M) 82.380ms
[259.583s][info][gc,cpu         ] GC(887) User=0.17s Sys=0.00s Real=0.08s
[259.740s][info][gc,start       ] GC(888) Pause Young (Allocation Failure)
[259.819s][info][gc,heap        ] GC(888) PSYoungGen: 176554K(222720K)->27817K(222720K) Eden: 111616K(111616K)->0K(111616K) From: 64938K(111104K)->27817K(111104K)
[259.819s][info][gc,heap        ] GC(888) ParOldGen: 553758K(667648K)->594063K(667648K)
[259.819s][info][gc,metaspace   ] GC(888) Metaspace: 18650K(18816K)->18650K(18816K) NonClass: 16822K(16960K)->16822K(16960K) Class: 1828K(1856K)->1828K(1856K)
[259.820s][info][gc             ] GC(888) Pause Young (Allocation Failure) 713M->607M(869M) 79.340ms
[259.820s][info][gc,cpu         ] GC(888) User=0.16s Sys=0.00s Real=0.08s
[259.963s][info][gc,start       ] GC(889) Pause Young (Allocation Failure)
[259.997s][info][gc,heap        ] GC(889) PSYoungGen: 139433K(222720K)->11360K(123392K) Eden: 111616K(111616K)->0K(111616K) From: 27817K(111104K)->11360K(11776K)
[259.997s][info][gc,heap        ] GC(889) ParOldGen: 594063K(667648K)->610656K(667648K)
[259.997s][info][gc,metaspace   ] GC(889) Metaspace: 18650K(18816K)->18650K(18816K) NonClass: 16822K(16960K)->16822K(16960K) Class: 1828K(1856K)->1828K(1856K)
[259.997s][info][gc             ] GC(889) Pause Young (Allocation Failure) 716M->607M(772M) 33.681ms
[259.997s][info][gc,cpu         ] GC(889) User=0.07s Sys=0.00s Real=0.04s
[260.400s][info][gc,start       ] GC(890) Pause Young (Allocation Failure)
[260.416s][info][gc,heap        ] GC(890) PSYoungGen: 122976K(123392K)->11520K(223744K) Eden: 111616K(111616K)->0K(113664K) From: 11360K(11776K)->11520K(110080K)
[260.416s][info][gc,heap        ] GC(890) ParOldGen: 610656K(667648K)->610656K(667648K)
[260.416s][info][gc,metaspace   ] GC(890) Metaspace: 18654K(18816K)->18654K(18816K) NonClass: 16825K(16960K)->16825K(16960K) Class: 1828K(1856K)->1828K(1856K)
[260.416s][info][gc             ] GC(890) Pause Young (Allocation Failure) 716M->607M(870M) 15.591ms
[260.416s][info][gc,cpu         ] GC(890) User=0.03s Sys=0.00s Real=0.01s
[260.687s][info][gc,start       ] GC(891) Pause Young (Allocation Failure)
[260.702s][info][gc,heap        ] GC(891) PSYoungGen: 125184K(223744K)->11656K(125440K) Eden: 113664K(113664K)->0K(113664K) From: 11520K(110080K)->11656K(11776K)
[260.702s][info][gc,heap        ] GC(891) ParOldGen: 610656K(667648K)->610656K(667648K)
[260.703s][info][gc,metaspace   ] GC(891) Metaspace: 18654K(18816K)->18654K(18816K) NonClass: 16825K(16960K)->16825K(16960K) Class: 1828K(1856K)->1828K(1856K)
[260.703s][info][gc             ] GC(891) Pause Young (Allocation Failure) 718M->607M(774M) 15.616ms
[260.703s][info][gc,cpu         ] GC(891) User=0.03s Sys=0.00s Real=0.01s
[260.929s][info][gc,start       ] GC(892) Pause Young (Allocation Failure)
[260.969s][info][gc,heap        ] GC(892) PSYoungGen: 125320K(125440K)->34440K(215040K) Eden: 113664K(113664K)->0K(119808K) From: 11656K(11776K)->34440K(95232K)
[260.969s][info][gc,heap        ] GC(892) ParOldGen: 610656K(667648K)->610656K(667648K)
[260.969s][info][gc,metaspace   ] GC(892) Metaspace: 18654K(18816K)->18654K(18816K) NonClass: 16825K(16960K)->16825K(16960K) Class: 1828K(1856K)->1828K(1856K)
[260.969s][info][gc             ] GC(892) Pause Young (Allocation Failure) 718M->629M(862M) 39.753ms
[260.969s][info][gc,cpu         ] GC(892) User=0.08s Sys=0.00s Real=0.04s
[261.194s][info][gc,start       ] GC(893) Pause Young (Allocation Failure)
[261.236s][info][gc,heap        ] GC(893) PSYoungGen: 154248K(215040K)->34408K(218112K) Eden: 119808K(119808K)->0K(119808K) From: 34440K(95232K)->34408K(98304K)
[261.236s][info][gc,heap        ] GC(893) ParOldGen: 610656K(667648K)->610656K(667648K)
[261.236s][info][gc,metaspace   ] GC(893) Metaspace: 18654K(18816K)->18654K(18816K) NonClass: 16825K(16960K)->16825K(16960K) Class: 1828K(1856K)->1828K(1856K)
[261.236s][info][gc             ] GC(893) Pause Young (Allocation Failure) 746M->629M(865M) 42.202ms
[261.236s][info][gc,cpu         ] GC(893) User=0.09s Sys=0.00s Real=0.04s
[261.460s][info][gc,start       ] GC(894) Pause Young (Allocation Failure)
[261.503s][info][gc,heap        ] GC(894) PSYoungGen: 154216K(218112K)->34408K(206336K) Eden: 119808K(119808K)->0K(125952K) From: 34408K(98304K)->34408K(80384K)
[261.503s][info][gc,heap        ] GC(894) ParOldGen: 610656K(667648K)->610656K(667648K)
[261.503s][info][gc,metaspace   ] GC(894) Metaspace: 18654K(18816K)->18654K(18816K) NonClass: 16826K(16960K)->16826K(16960K) Class: 1828K(1856K)->1828K(1856K)
[261.503s][info][gc             ] GC(894) Pause Young (Allocation Failure) 746M->629M(853M) 42.585ms
[261.503s][info][gc,cpu         ] GC(894) User=0.09s Sys=0.00s Real=0.04s
[262.358s][info][gc,start       ] GC(895) Pause Young (Allocation Failure)
[262.398s][info][gc,heap        ] GC(895) PSYoungGen: 160360K(206336K)->34957K(212480K) Eden: 125952K(125952K)->0K(125952K) From: 34408K(80384K)->34957K(86528K)
[262.398s][info][gc,heap        ] GC(895) ParOldGen: 610656K(667648K)->610656K(667648K)
[262.398s][info][gc,metaspace   ] GC(895) Metaspace: 18654K(18816K)->18654K(18816K) NonClass: 16826K(16960K)->16826K(16960K) Class: 1828K(1856K)->1828K(1856K)
[262.398s][info][gc             ] GC(895) Pause Young (Allocation Failure) 752M->630M(859M) 40.503ms
[262.398s][info][gc,cpu         ] GC(895) User=0.08s Sys=0.00s Real=0.04s
[263.107s][info][gc,start       ] GC(896) Pause Young (Allocation Failure)
[263.151s][info][gc,heap        ] GC(896) PSYoungGen: 160909K(212480K)->35277K(202752K) Eden: 125952K(125952K)->0K(131072K) From: 34957K(86528K)->35277K(71680K)
[263.151s][info][gc,heap        ] GC(896) ParOldGen: 610656K(667648K)->610656K(667648K)
[263.151s][info][gc,metaspace   ] GC(896) Metaspace: 18663K(18816K)->18663K(18816K) NonClass: 16835K(16960K)->16835K(16960K) Class: 1828K(1856K)->1828K(1856K)
[263.151s][info][gc             ] GC(896) Pause Young (Allocation Failure) 753M->630M(850M) 43.963ms
[263.151s][info][gc,cpu         ] GC(896) User=0.09s Sys=0.01s Real=0.04s
[263.889s][info][gc,start       ] GC(897) Pause Young (Allocation Failure)
[263.931s][info][gc,heap        ] GC(897) PSYoungGen: 166342K(202752K)->37503K(207872K) Eden: 131065K(131072K)->0K(131072K) From: 35277K(71680K)->37503K(76800K)
[263.931s][info][gc,heap        ] GC(897) ParOldGen: 610656K(667648K)->610664K(667648K)
[263.931s][info][gc,metaspace   ] GC(897) Metaspace: 18684K(18816K)->18684K(18816K) NonClass: 16856K(16960K)->16856K(16960K) Class: 1828K(1856K)->1828K(1856K)
[263.931s][info][gc             ] GC(897) Pause Young (Allocation Failure) 758M->632M(855M) 41.786ms
[263.931s][info][gc,cpu         ] GC(897) User=0.08s Sys=0.00s Real=0.04s
[264.254s][info][gc,start       ] GC(898) Pause Young (Allocation Failure)
[264.294s][info][gc,heap        ] GC(898) PSYoungGen: 168497K(207872K)->37033K(203264K) Eden: 130993K(131072K)->0K(135680K) From: 37503K(76800K)->37033K(67584K)
[264.294s][info][gc,heap        ] GC(898) ParOldGen: 610664K(667648K)->610672K(667648K)
[264.294s][info][gc,metaspace   ] GC(898) Metaspace: 18685K(18816K)->18685K(18816K) NonClass: 16857K(16960K)->16857K(16960K) Class: 1828K(1856K)->1828K(1856K)
[264.294s][info][gc             ] GC(898) Pause Young (Allocation Failure) 760M->632M(850M) 40.374ms
[264.294s][info][gc,cpu         ] GC(898) User=0.08s Sys=0.00s Real=0.04s
[264.624s][info][gc,start       ] GC(899) Pause Young (Allocation Failure)
[264.665s][info][gc,heap        ] GC(899) PSYoungGen: 172693K(203264K)->34009K(206336K) Eden: 135660K(135680K)->0K(135680K) From: 37033K(67584K)->34009K(70656K)
[264.665s][info][gc,heap        ] GC(899) ParOldGen: 610672K(667648K)->613824K(667648K)
[264.665s][info][gc,metaspace   ] GC(899) Metaspace: 18686K(18816K)->18686K(18816K) NonClass: 16858K(16960K)->16858K(16960K) Class: 1828K(1856K)->1828K(1856K)
[264.665s][info][gc             ] GC(899) Pause Young (Allocation Failure) 765M->632M(853M) 41.127ms
[264.665s][info][gc,cpu         ] GC(899) User=0.08s Sys=0.00s Real=0.04s
[264.922s][info][gc,start       ] GC(900) Pause Young (Allocation Failure)
[264.975s][info][gc,heap        ] GC(900) PSYoungGen: 169689K(206336K)->51661K(205312K) Eden: 135680K(135680K)->0K(137728K) From: 34009K(70656K)->51661K(67584K)
[264.975s][info][gc,heap        ] GC(900) ParOldGen: 613824K(667648K)->613928K(667648K)
[264.975s][info][gc,metaspace   ] GC(900) Metaspace: 18693K(18816K)->18693K(18816K) NonClass: 16864K(16960K)->16864K(16960K) Class: 1828K(1856K)->1828K(1856K)
[264.975s][info][gc             ] GC(900) Pause Young (Allocation Failure) 765M->649M(852M) 52.740ms
[264.975s][info][gc,cpu         ] GC(900) User=0.11s Sys=0.00s Real=0.05s
[265.151s][info][gc,start       ] GC(901) Pause Young (Allocation Failure)
[265.246s][info][gc,heap        ] GC(901) PSYoungGen: 189389K(205312K)->70125K(207872K) Eden: 137728K(137728K)->0K(137728K) From: 51661K(67584K)->70125K(70144K)
[265.246s][info][gc,heap        ] GC(901) ParOldGen: 613928K(667648K)->654680K(667648K)
[265.246s][info][gc,metaspace   ] GC(901) Metaspace: 18721K(18880K)->18721K(18880K) NonClass: 16892K(17024K)->16892K(17024K) Class: 1828K(1856K)->1828K(1856K)
[265.246s][info][gc             ] GC(901) Pause Young (Allocation Failure) 784M->707M(855M) 95.095ms
[265.246s][info][gc,cpu         ] GC(901) User=0.19s Sys=0.00s Real=0.09s
[265.360s][info][gc,start       ] GC(902) Pause Full (Allocation Failure)
[265.360s][info][gc,phases,start] GC(902) Marking Phase
[265.482s][info][gc,phases      ] GC(902) Marking Phase 122.721ms
[265.482s][info][gc,phases,start] GC(902) Summary Phase
[265.482s][info][gc,phases      ] GC(902) Summary Phase 0.028ms
[265.482s][info][gc,phases,start] GC(902) Forward
[265.520s][info][gc,phases      ] GC(902) Forward 37.172ms
[265.520s][info][gc,phases,start] GC(902) Adjust Pointers
[265.583s][info][gc,phases      ] GC(902) Adjust Pointers 63.344ms
[265.583s][info][gc,phases,start] GC(902) Compaction Phase
[265.628s][info][gc,phases      ] GC(902) Compaction Phase 44.451ms
[265.628s][info][gc,phases,start] GC(902) Post Compact
[265.631s][info][gc,phases      ] GC(902) Post Compact 2.504ms
[265.650s][info][gc,heap        ] GC(902) PSYoungGen: 207853K(207872K)->0K(239104K) Eden: 137728K(137728K)->0K(144896K) From: 70125K(70144K)->0K(94208K)
[265.650s][info][gc,heap        ] GC(902) ParOldGen: 654680K(667648K)->165407K(433664K)
[265.650s][info][gc,metaspace   ] GC(902) Metaspace: 18721K(18880K)->18721K(18880K) NonClass: 16892K(17024K)->16892K(17024K) Class: 1828K(1856K)->1828K(1856K)
[265.650s][info][gc             ] GC(902) Pause Full (Allocation Failure) 842M->161M(657M) 290.599ms
[265.650s][info][gc,cpu         ] GC(902) User=0.49s Sys=0.02s Real=0.29s
[265.926s][info][gc,start       ] GC(903) Pause Young (Allocation Failure)
[265.984s][info][gc,heap        ] GC(903) PSYoungGen: 144896K(239104K)->49824K(195072K) Eden: 144896K(144896K)->0K(144896K) From: 0K(94208K)->49824K(50176K)
[265.984s][info][gc,heap        ] GC(903) ParOldGen: 165407K(433664K)->165407K(433664K)
[265.984s][info][gc,metaspace   ] GC(903) Metaspace: 18727K(18880K)->18727K(18880K) NonClass: 16898K(17024K)->16898K(17024K) Class: 1828K(1856K)->1828K(1856K)
[265.984s][info][gc             ] GC(903) Pause Young (Allocation Failure) 303M->210M(614M) 57.430ms
[265.984s][info][gc,cpu         ] GC(903) User=0.11s Sys=0.00s Real=0.05s
[266.233s][info][gc,start       ] GC(904) Pause Young (Allocation Failure)
[266.344s][info][gc,heap        ] GC(904) PSYoungGen: 194720K(195072K)->82803K(223744K) Eden: 144896K(144896K)->0K(132096K) From: 49824K(50176K)->82803K(91648K)
[266.344s][info][gc,heap        ] GC(904) ParOldGen: 165407K(433664K)->165415K(433664K)
[266.344s][info][gc,metaspace   ] GC(904) Metaspace: 18735K(18880K)->18735K(18880K) NonClass: 16907K(17024K)->16907K(17024K) Class: 1828K(1856K)->1828K(1856K)
[266.344s][info][gc             ] GC(904) Pause Young (Allocation Failure) 351M->242M(642M) 111.552ms
[266.344s][info][gc,cpu         ] GC(904) User=0.18s Sys=0.03s Real=0.11s
[266.468s][info][gc,start       ] GC(905) Pause Young (Allocation Failure)
[266.629s][info][gc,heap        ] GC(905) PSYoungGen: 214899K(223744K)->100835K(232960K) Eden: 132096K(132096K)->0K(132096K) From: 82803K(91648K)->100835K(100864K)
[266.629s][info][gc,heap        ] GC(905) ParOldGen: 165415K(433664K)->165951K(433664K)
[266.629s][info][gc,metaspace   ] GC(905) Metaspace: 18735K(18880K)->18735K(18880K) NonClass: 16907K(17024K)->16907K(17024K) Class: 1828K(1856K)->1828K(1856K)
[266.629s][info][gc             ] GC(905) Pause Young (Allocation Failure) 371M->260M(651M) 160.384ms
[266.629s][info][gc,cpu         ] GC(905) User=0.31s Sys=0.00s Real=0.16s
[266.756s][info][gc,start       ] GC(906) Pause Young (Allocation Failure)
[266.884s][info][gc,heap        ] GC(906) PSYoungGen: 232931K(232960K)->100857K(212480K) Eden: 132096K(132096K)->0K(111616K) From: 100835K(100864K)->100857K(100864K)
[266.885s][info][gc,heap        ] GC(906) ParOldGen: 165951K(433664K)->171309K(433664K)
[266.885s][info][gc,metaspace   ] GC(906) Metaspace: 18735K(18880K)->18735K(18880K) NonClass: 16907K(17024K)->16907K(17024K) Class: 1828K(1856K)->1828K(1856K)
[266.885s][info][gc             ] GC(906) Pause Young (Allocation Failure) 389M->265M(631M) 128.132ms
[266.885s][info][gc,cpu         ] GC(906) User=0.25s Sys=0.02s Real=0.12s
[267.096s][info][gc,start       ] GC(907) Pause Young (Allocation Failure)
[267.217s][info][gc,heap        ] GC(907) PSYoungGen: 212473K(212480K)->108538K(222720K) Eden: 111616K(111616K)->0K(111616K) From: 100857K(100864K)->108538K(111104K)
[267.217s][info][gc,heap        ] GC(907) ParOldGen: 171309K(433664K)->171309K(433664K)
[267.217s][info][gc,metaspace   ] GC(907) Metaspace: 18735K(18880K)->18735K(18880K) NonClass: 16907K(17024K)->16907K(17024K) Class: 1828K(1856K)->1828K(1856K)
[267.217s][info][gc             ] GC(907) Pause Young (Allocation Failure) 374M->273M(641M) 121.590ms
[267.217s][info][gc,cpu         ] GC(907) User=0.24s Sys=0.00s Real=0.13s
[267.314s][info][gc,start       ] GC(908) Pause Young (Allocation Failure)
[267.447s][info][gc,heap        ] GC(908) PSYoungGen: 220154K(222720K)->111093K(222720K) Eden: 111616K(111616K)->0K(111616K) From: 108538K(111104K)->111093K(111104K)
[267.447s][info][gc,heap        ] GC(908) ParOldGen: 171309K(433664K)->171958K(433664K)
[267.447s][info][gc,metaspace   ] GC(908) Metaspace: 18735K(18880K)->18735K(18880K) NonClass: 16907K(17024K)->16907K(17024K) Class: 1828K(1856K)->1828K(1856K)
[267.447s][info][gc             ] GC(908) Pause Young (Allocation Failure) 382M->276M(641M) 133.031ms
[267.447s][info][gc,cpu         ] GC(908) User=0.26s Sys=0.00s Real=0.14s
[267.550s][info][gc,start       ] GC(909) Pause Young (Allocation Failure)
[267.672s][info][gc,heap        ] GC(909) PSYoungGen: 222709K(222720K)->111093K(222720K) Eden: 111616K(111616K)->0K(111616K) From: 111093K(111104K)->111093K(111104K)
[267.672s][info][gc,heap        ] GC(909) ParOldGen: 171958K(433664K)->172078K(433664K)
[267.672s][info][gc,metaspace   ] GC(909) Metaspace: 18735K(18880K)->18735K(18880K) NonClass: 16907K(17024K)->16907K(17024K) Class: 1828K(1856K)->1828K(1856K)
[267.672s][info][gc             ] GC(909) Pause Young (Allocation Failure) 385M->276M(641M) 122.138ms
[267.672s][info][gc,cpu         ] GC(909) User=0.25s Sys=0.00s Real=0.12s
[267.779s][info][gc,start       ] GC(910) Pause Young (Allocation Failure)
[267.916s][info][gc,heap        ] GC(910) PSYoungGen: 222709K(222720K)->111090K(222720K) Eden: 111616K(111616K)->0K(111616K) From: 111093K(111104K)->111090K(111104K)
[267.916s][info][gc,heap        ] GC(910) ParOldGen: 172078K(433664K)->183812K(433664K)
[267.916s][info][gc,metaspace   ] GC(910) Metaspace: 18735K(18880K)->18735K(18880K) NonClass: 16907K(17024K)->16907K(17024K) Class: 1828K(1856K)->1828K(1856K)
[267.916s][info][gc             ] GC(910) Pause Young (Allocation Failure) 385M->287M(641M) 136.955ms
[267.916s][info][gc,cpu         ] GC(910) User=0.27s Sys=0.00s Real=0.14s
[267.984s][info][gc,start       ] GC(911) Pause Young (Allocation Failure)
[268.119s][info][gc,heap        ] GC(911) PSYoungGen: 222706K(222720K)->111074K(222720K) Eden: 111616K(111616K)->0K(111616K) From: 111090K(111104K)->111074K(111104K)
[268.119s][info][gc,heap        ] GC(911) ParOldGen: 183812K(433664K)->199748K(433664K)
[268.119s][info][gc,metaspace   ] GC(911) Metaspace: 18735K(18880K)->18735K(18880K) NonClass: 16907K(17024K)->16907K(17024K) Class: 1828K(1856K)->1828K(1856K)
[268.119s][info][gc             ] GC(911) Pause Young (Allocation Failure) 396M->303M(641M) 135.217ms
[268.119s][info][gc,cpu         ] GC(911) User=0.26s Sys=0.00s Real=0.14s
[268.176s][info][gc,start       ] GC(912) Pause Young (Allocation Failure)
[268.323s][info][gc,heap        ] GC(912) PSYoungGen: 222690K(222720K)->76352K(222720K) Eden: 111616K(111616K)->0K(111616K) From: 111074K(111104K)->76352K(111104K)
[268.323s][info][gc,heap        ] GC(912) ParOldGen: 199748K(433664K)->266346K(433664K)
[268.323s][info][gc,metaspace   ] GC(912) Metaspace: 18735K(18880K)->18735K(18880K) NonClass: 16907K(17024K)->16907K(17024K) Class: 1828K(1856K)->1828K(1856K)
[268.323s][info][gc             ] GC(912) Pause Young (Allocation Failure) 412M->334M(641M) 146.477ms
[268.323s][info][gc,cpu         ] GC(912) User=0.30s Sys=0.00s Real=0.15s
[268.459s][info][gc,start       ] GC(913) Pause Young (Allocation Failure)
[268.547s][info][gc,heap        ] GC(913) PSYoungGen: 187968K(222720K)->74019K(222720K) Eden: 111616K(111616K)->0K(111616K) From: 76352K(111104K)->74019K(111104K)
[268.547s][info][gc,heap        ] GC(913) ParOldGen: 266346K(433664K)->283850K(433664K)
[268.547s][info][gc,metaspace   ] GC(913) Metaspace: 18735K(18880K)->18735K(18880K) NonClass: 16907K(17024K)->16907K(17024K) Class: 1828K(1856K)->1828K(1856K)
[268.547s][info][gc             ] GC(913) Pause Young (Allocation Failure) 443M->349M(641M) 87.510ms
[268.547s][info][gc,cpu         ] GC(913) User=0.17s Sys=0.00s Real=0.09s
[268.619s][info][gc,start       ] GC(914) Pause Young (Allocation Failure)
[268.695s][info][gc,heap        ] GC(914) PSYoungGen: 185635K(222720K)->72867K(222720K) Eden: 111616K(111616K)->0K(111616K) From: 74019K(111104K)->72867K(111104K)
[268.695s][info][gc,heap        ] GC(914) ParOldGen: 283850K(433664K)->292994K(433664K)
[268.695s][info][gc,metaspace   ] GC(914) Metaspace: 18735K(18880K)->18735K(18880K) NonClass: 16907K(17024K)->16907K(17024K) Class: 1828K(1856K)->1828K(1856K)
[268.695s][info][gc             ] GC(914) Pause Young (Allocation Failure) 458M->357M(641M) 76.064ms
[268.695s][info][gc,cpu         ] GC(914) User=0.15s Sys=0.00s Real=0.07s
[268.755s][info][gc,start       ] GC(915) Pause Young (Allocation Failure)
[268.825s][info][gc,heap        ] GC(915) PSYoungGen: 184483K(222720K)->64931K(222720K) Eden: 111616K(111616K)->0K(111616K) From: 72867K(111104K)->64931K(111104K)
[268.825s][info][gc,heap        ] GC(915) ParOldGen: 292994K(433664K)->304298K(433664K)
[268.825s][info][gc,metaspace   ] GC(915) Metaspace: 18735K(18880K)->18735K(18880K) NonClass: 16907K(17024K)->16907K(17024K) Class: 1828K(1856K)->1828K(1856K)
[268.825s][info][gc             ] GC(915) Pause Young (Allocation Failure) 466M->360M(641M) 70.873ms
[268.825s][info][gc,cpu         ] GC(915) User=0.14s Sys=0.00s Real=0.07s
[268.929s][info][gc,start       ] GC(916) Pause Young (Allocation Failure)
[268.991s][info][gc,heap        ] GC(916) PSYoungGen: 176547K(222720K)->27459K(222720K) Eden: 111616K(111616K)->0K(111616K) From: 64931K(111104K)->27459K(111104K)
[268.991s][info][gc,heap        ] GC(916) ParOldGen: 304298K(433664K)->343064K(433664K)
[268.991s][info][gc,metaspace   ] GC(916) Metaspace: 18735K(18880K)->18735K(18880K) NonClass: 16907K(17024K)->16907K(17024K) Class: 1828K(1856K)->1828K(1856K)
[268.991s][info][gc             ] GC(916) Pause Young (Allocation Failure) 469M->361M(641M) 61.364ms
[268.991s][info][gc,cpu         ] GC(916) User=0.12s Sys=0.00s Real=0.06s
[269.234s][info][gc,start       ] GC(917) Pause Young (Allocation Failure)
[269.271s][info][gc,heap        ] GC(917) PSYoungGen: 139075K(222720K)->6080K(222720K) Eden: 111616K(111616K)->0K(111616K) From: 27459K(111104K)->6080K(111104K)
[269.271s][info][gc,heap        ] GC(917) ParOldGen: 343064K(433664K)->366292K(433664K)
[269.271s][info][gc,metaspace   ] GC(917) Metaspace: 18736K(18880K)->18736K(18880K) NonClass: 16907K(17024K)->16907K(17024K) Class: 1828K(1856K)->1828K(1856K)
[269.271s][info][gc             ] GC(917) Pause Young (Allocation Failure) 470M->363M(641M) 37.108ms
[269.271s][info][gc,cpu         ] GC(917) User=0.07s Sys=0.00s Real=0.04s
[269.557s][info][gc,start       ] GC(918) Pause Young (Allocation Failure)
[269.566s][info][gc,heap        ] GC(918) PSYoungGen: 117696K(222720K)->2112K(222720K) Eden: 111616K(111616K)->0K(111616K) From: 6080K(111104K)->2112K(111104K)
[269.566s][info][gc,heap        ] GC(918) ParOldGen: 366292K(433664K)->370612K(433664K)
[269.566s][info][gc,metaspace   ] GC(918) Metaspace: 18736K(18880K)->18736K(18880K) NonClass: 16907K(17024K)->16907K(17024K) Class: 1828K(1856K)->1828K(1856K)
[269.566s][info][gc             ] GC(918) Pause Young (Allocation Failure) 472M->363M(641M) 9.162ms
[269.566s][info][gc,cpu         ] GC(918) User=0.02s Sys=0.00s Real=0.01s
[269.703s][info][gc,start       ] GC(919) Pause Young (Allocation Failure)
[269.742s][info][gc,heap        ] GC(919) PSYoungGen: 113728K(222720K)->40048K(222720K) Eden: 111616K(111616K)->0K(111616K) From: 2112K(111104K)->40048K(111104K)
[269.742s][info][gc,heap        ] GC(919) ParOldGen: 370612K(433664K)->372548K(433664K)
[269.742s][info][gc,metaspace   ] GC(919) Metaspace: 18737K(18880K)->18737K(18880K) NonClass: 16908K(17024K)->16908K(17024K) Class: 1828K(1856K)->1828K(1856K)
[269.742s][info][gc             ] GC(919) Pause Young (Allocation Failure) 472M->402M(641M) 38.914ms
[269.742s][info][gc,cpu         ] GC(919) User=0.08s Sys=0.00s Real=0.04s
[269.902s][info][gc,start       ] GC(920) Pause Young (Allocation Failure)
[269.981s][info][gc,heap        ] GC(920) PSYoungGen: 151664K(222720K)->39712K(222720K) Eden: 111616K(111616K)->0K(111616K) From: 40048K(111104K)->39712K(111104K)
[269.981s][info][gc,heap        ] GC(920) ParOldGen: 372548K(433664K)->412716K(433664K)
[269.981s][info][gc,metaspace   ] GC(920) Metaspace: 18737K(18880K)->18737K(18880K) NonClass: 16908K(17024K)->16908K(17024K) Class: 1828K(1856K)->1828K(1856K)
[269.981s][info][gc             ] GC(920) Pause Young (Allocation Failure) 511M->441M(641M) 79.117ms
[269.981s][info][gc,cpu         ] GC(920) User=0.16s Sys=0.00s Real=0.08s
[270.092s][info][gc,start       ] GC(921) Pause Young (Allocation Failure)
[270.144s][info][gc,heap        ] GC(921) PSYoungGen: 151328K(222720K)->7680K(222720K) Eden: 111616K(111616K)->0K(111616K) From: 39712K(111104K)->7680K(111104K)
[270.144s][info][gc,heap        ] GC(921) ParOldGen: 412716K(433664K)->452890K(453120K)
[270.144s][info][gc,metaspace   ] GC(921) Metaspace: 18737K(18880K)->18737K(18880K) NonClass: 16908K(17024K)->16908K(17024K) Class: 1828K(1856K)->1828K(1856K)
[270.144s][info][gc             ] GC(921) Pause Young (Allocation Failure) 550M->449M(660M) 51.621ms
[270.144s][info][gc,cpu         ] GC(921) User=0.09s Sys=0.01s Real=0.05s
[270.215s][info][gc,start       ] GC(922) Pause Young (Allocation Failure)
[270.229s][info][gc,heap        ] GC(922) PSYoungGen: 119296K(222720K)->896K(222720K) Eden: 111616K(111616K)->0K(111616K) From: 7680K(111104K)->896K(111104K)
[270.229s][info][gc,heap        ] GC(922) ParOldGen: 452890K(453120K)->460506K(460800K)
[270.229s][info][gc,metaspace   ] GC(922) Metaspace: 18737K(18880K)->18737K(18880K) NonClass: 16908K(17024K)->16908K(17024K) Class: 1828K(1856K)->1828K(1856K)
[270.229s][info][gc             ] GC(922) Pause Young (Allocation Failure) 558M->450M(667M) 14.134ms
[270.229s][info][gc,cpu         ] GC(922) User=0.02s Sys=0.00s Real=0.02s
[270.341s][info][gc,start       ] GC(923) Pause Young (Allocation Failure)
[270.346s][info][gc,heap        ] GC(923) PSYoungGen: 112512K(222720K)->1184K(222720K) Eden: 111616K(111616K)->0K(111616K) From: 896K(111104K)->1184K(111104K)
[270.346s][info][gc,heap        ] GC(923) ParOldGen: 460506K(460800K)->461370K(461824K)
[270.346s][info][gc,metaspace   ] GC(923) Metaspace: 18737K(18880K)->18737K(18880K) NonClass: 16908K(17024K)->16908K(17024K) Class: 1828K(1856K)->1828K(1856K)
[270.346s][info][gc             ] GC(923) Pause Young (Allocation Failure) 559M->451M(668M) 5.109ms
[270.346s][info][gc,cpu         ] GC(923) User=0.01s Sys=0.00s Real=0.01s
[270.635s][info][gc,start       ] GC(924) Pause Young (Allocation Failure)
[270.641s][info][gc,heap        ] GC(924) PSYoungGen: 112800K(222720K)->416K(222720K) Eden: 111616K(111616K)->0K(111616K) From: 1184K(111104K)->416K(111104K)
[270.641s][info][gc,heap        ] GC(924) ParOldGen: 461370K(461824K)->462522K(462848K)
[270.641s][info][gc,metaspace   ] GC(924) Metaspace: 18737K(18880K)->18737K(18880K) NonClass: 16908K(17024K)->16908K(17024K) Class: 1828K(1856K)->1828K(1856K)
[270.641s][info][gc             ] GC(924) Pause Young (Allocation Failure) 560M->452M(669M) 6.662ms
[270.641s][info][gc,cpu         ] GC(924) User=0.01s Sys=0.00s Real=0.01s
[270.956s][info][gc,start       ] GC(925) Pause Young (Allocation Failure)
[270.959s][info][gc,heap        ] GC(925) PSYoungGen: 112032K(222720K)->96K(222720K) Eden: 111616K(111616K)->0K(111616K) From: 416K(111104K)->96K(111104K)
[270.959s][info][gc,heap        ] GC(925) ParOldGen: 462522K(462848K)->462930K(463360K)
[270.959s][info][gc,metaspace   ] GC(925) Metaspace: 18737K(18880K)->18737K(18880K) NonClass: 16908K(17024K)->16908K(17024K) Class: 1828K(1856K)->1828K(1856K)
[270.959s][info][gc             ] GC(925) Pause Young (Allocation Failure) 561M->452M(670M) 3.526ms
[270.959s][info][gc,cpu         ] GC(925) User=0.01s Sys=0.00s Real=0.01s
[271.155s][info][gc,start       ] GC(926) Pause Young (Allocation Failure)
[271.210s][info][gc,heap        ] GC(926) PSYoungGen: 111712K(222720K)->42496K(222720K) Eden: 111616K(111616K)->0K(111616K) From: 96K(111104K)->42496K(111104K)
[271.210s][info][gc,heap        ] GC(926) ParOldGen: 462930K(463360K)->462994K(463360K)
[271.210s][info][gc,metaspace   ] GC(926) Metaspace: 18737K(18880K)->18737K(18880K) NonClass: 16908K(17024K)->16908K(17024K) Class: 1828K(1856K)->1828K(1856K)
[271.210s][info][gc             ] GC(926) Pause Young (Allocation Failure) 561M->493M(670M) 55.361ms
[271.210s][info][gc,cpu         ] GC(926) User=0.10s Sys=0.00s Real=0.06s
[271.281s][info][gc,start       ] GC(927) Pause Young (Allocation Failure)
[271.422s][info][gc,heap        ] GC(927) PSYoungGen: 154112K(222720K)->79971K(222720K) Eden: 111616K(111616K)->0K(111616K) From: 42496K(111104K)->79971K(111104K)
[271.422s][info][gc,heap        ] GC(927) ParOldGen: 462994K(463360K)->505607K(505856K)
[271.422s][info][gc,metaspace   ] GC(927) Metaspace: 18737K(18880K)->18737K(18880K) NonClass: 16908K(17024K)->16908K(17024K) Class: 1828K(1856K)->1828K(1856K)
[271.422s][info][gc             ] GC(927) Pause Young (Allocation Failure) 602M->571M(711M) 141.466ms
[271.422s][info][gc,cpu         ] GC(927) User=0.25s Sys=0.04s Real=0.14s
[271.534s][info][gc,start       ] GC(928) Pause Young (Allocation Failure)
[271.740s][info][gc,heap        ] GC(928) PSYoungGen: 191587K(222720K)->50260K(222720K) Eden: 111616K(111616K)->0K(111616K) From: 79971K(111104K)->50260K(111104K)
[271.740s][info][gc,heap        ] GC(928) ParOldGen: 505607K(505856K)->585859K(586240K)
[271.740s][info][gc,metaspace   ] GC(928) Metaspace: 18737K(18880K)->18737K(18880K) NonClass: 16908K(17024K)->16908K(17024K) Class: 1828K(1856K)->1828K(1856K)
[271.740s][info][gc             ] GC(928) Pause Young (Allocation Failure) 680M->621M(790M) 205.657ms
[271.740s][info][gc,cpu         ] GC(928) User=0.33s Sys=0.07s Real=0.21s
[271.899s][info][gc,start       ] GC(929) Pause Young (Allocation Failure)
[271.988s][info][gc,heap        ] GC(929) PSYoungGen: 161876K(222720K)->8116K(222720K) Eden: 111616K(111616K)->0K(111616K) From: 50260K(111104K)->8116K(111104K)
[271.988s][info][gc,heap        ] GC(929) ParOldGen: 585859K(586240K)->636317K(636416K)
[271.988s][info][gc,metaspace   ] GC(929) Metaspace: 18741K(18880K)->18741K(18880K) NonClass: 16912K(17024K)->16912K(17024K) Class: 1828K(1856K)->1828K(1856K)
[271.988s][info][gc             ] GC(929) Pause Young (Allocation Failure) 730M->629M(839M) 89.371ms
[271.988s][info][gc,cpu         ] GC(929) User=0.14s Sys=0.04s Real=0.09s
[272.053s][info][gc,start       ] GC(930) Pause Full (Allocation Failure)
[272.053s][info][gc,phases,start] GC(930) Marking Phase
[272.118s][info][gc,phases      ] GC(930) Marking Phase 65.044ms
[272.118s][info][gc,phases,start] GC(930) Summary Phase
[272.118s][info][gc,phases      ] GC(930) Summary Phase 0.041ms
[272.118s][info][gc,phases,start] GC(930) Forward
[272.136s][info][gc,phases      ] GC(930) Forward 17.637ms
[272.136s][info][gc,phases,start] GC(930) Adjust Pointers
[272.182s][info][gc,phases      ] GC(930) Adjust Pointers 46.042ms
[272.182s][info][gc,phases,start] GC(930) Compaction Phase
[272.204s][info][gc,phases      ] GC(930) Compaction Phase 22.089ms
[272.206s][info][gc,phases,start] GC(930) Post Compact
[272.209s][info][gc,phases      ] GC(930) Post Compact 2.256ms
[272.227s][info][gc,heap        ] GC(930) PSYoungGen: 119732K(222720K)->0K(222720K) Eden: 111616K(111616K)->0K(111616K) From: 8116K(111104K)->0K(111104K)
[272.227s][info][gc,heap        ] GC(930) ParOldGen: 636317K(636416K)->104253K(415232K)
[272.227s][info][gc,metaspace   ] GC(930) Metaspace: 18743K(18880K)->18743K(18880K) NonClass: 16914K(17024K)->16914K(17024K) Class: 1828K(1856K)->1828K(1856K)
[272.227s][info][gc             ] GC(930) Pause Full (Allocation Failure) 738M->101M(623M) 174.413ms
[272.227s][info][gc,cpu         ] GC(930) User=0.27s Sys=0.02s Real=0.18s
[272.313s][info][gc,start       ] GC(931) Pause Young (Allocation Failure)
[272.323s][info][gc,heap        ] GC(931) PSYoungGen: 111616K(222720K)->9296K(222720K) Eden: 111616K(111616K)->0K(111616K) From: 0K(111104K)->9296K(111104K)
[272.323s][info][gc,heap        ] GC(931) ParOldGen: 104253K(415232K)->104253K(415232K)
[272.323s][info][gc,metaspace   ] GC(931) Metaspace: 18743K(18880K)->18743K(18880K) NonClass: 16914K(17024K)->16914K(17024K) Class: 1828K(1856K)->1828K(1856K)
[272.323s][info][gc             ] GC(931) Pause Young (Allocation Failure) 210M->110M(623M) 9.722ms
[272.323s][info][gc,cpu         ] GC(931) User=0.02s Sys=0.00s Real=0.01s
[272.417s][info][gc,start       ] GC(932) Pause Young (Allocation Failure)
[272.430s][info][gc,heap        ] GC(932) PSYoungGen: 120912K(222720K)->3008K(222720K) Eden: 111616K(111616K)->0K(111616K) From: 9296K(111104K)->3008K(111104K)
[272.430s][info][gc,heap        ] GC(932) ParOldGen: 104253K(415232K)->113565K(415232K)
[272.430s][info][gc,metaspace   ] GC(932) Metaspace: 18743K(18880K)->18743K(18880K) NonClass: 16914K(17024K)->16914K(17024K) Class: 1828K(1856K)->1828K(1856K)
[272.430s][info][gc             ] GC(932) Pause Young (Allocation Failure) 219M->113M(623M) 12.272ms
[272.430s][info][gc,cpu         ] GC(932) User=0.03s Sys=0.00s Real=0.01s
[272.506s][info][gc,start       ] GC(933) Pause Young (Allocation Failure)
[272.541s][info][gc,heap        ] GC(933) PSYoungGen: 114624K(222720K)->42720K(222720K) Eden: 111616K(111616K)->0K(111616K) From: 3008K(111104K)->42720K(111104K)
[272.541s][info][gc,heap        ] GC(933) ParOldGen: 113565K(415232K)->116541K(415232K)
[272.541s][info][gc,metaspace   ] GC(933) Metaspace: 18744K(18880K)->18744K(18880K) NonClass: 16915K(17024K)->16915K(17024K) Class: 1828K(1856K)->1828K(1856K)
[272.541s][info][gc             ] GC(933) Pause Young (Allocation Failure) 222M->155M(623M) 34.996ms
[272.541s][info][gc,cpu         ] GC(933) User=0.07s Sys=0.00s Real=0.04s
[272.691s][info][gc,start       ] GC(934) Pause Young (Allocation Failure)
[272.742s][info][gc,heap        ] GC(934) PSYoungGen: 154336K(222720K)->28608K(214528K) Eden: 111616K(111616K)->0K(111616K) From: 42720K(111104K)->28608K(102912K)
[272.742s][info][gc,heap        ] GC(934) ParOldGen: 116541K(415232K)->159694K(415232K)
[272.742s][info][gc,metaspace   ] GC(934) Metaspace: 18744K(18880K)->18744K(18880K) NonClass: 16915K(17024K)->16915K(17024K) Class: 1828K(1856K)->1828K(1856K)
[272.742s][info][gc             ] GC(934) Pause Young (Allocation Failure) 264M->183M(615M) 51.082ms
[272.742s][info][gc,cpu         ] GC(934) User=0.10s Sys=0.00s Real=0.05s
[272.837s][info][gc,start       ] GC(935) Pause Young (Allocation Failure)
[272.861s][info][gc,heap        ] GC(935) PSYoungGen: 140224K(214528K)->30720K(218624K) Eden: 111616K(111616K)->0K(111616K) From: 28608K(102912K)->30720K(107008K)
[272.861s][info][gc,heap        ] GC(935) ParOldGen: 159694K(415232K)->159694K(415232K)
[272.861s][info][gc,metaspace   ] GC(935) Metaspace: 18744K(18880K)->18744K(18880K) NonClass: 16915K(17024K)->16915K(17024K) Class: 1828K(1856K)->1828K(1856K)
[272.861s][info][gc             ] GC(935) Pause Young (Allocation Failure) 292M->185M(619M) 23.955ms
[272.861s][info][gc,cpu         ] GC(935) User=0.05s Sys=0.00s Real=0.02s
[273.041s][info][gc,start       ] GC(936) Pause Young (Allocation Failure)
[273.102s][info][gc,heap        ] GC(936) PSYoungGen: 142336K(218624K)->54529K(220160K) Eden: 111616K(111616K)->0K(120320K) From: 30720K(107008K)->54529K(99840K)
[273.102s][info][gc,heap        ] GC(936) ParOldGen: 159694K(415232K)->159694K(415232K)
[273.102s][info][gc,metaspace   ] GC(936) Metaspace: 18744K(18880K)->18744K(18880K) NonClass: 16915K(17024K)->16915K(17024K) Class: 1828K(1856K)->1828K(1856K)
[273.102s][info][gc             ] GC(936) Pause Young (Allocation Failure) 294M->209M(620M) 61.147ms
[273.102s][info][gc,cpu         ] GC(936) User=0.12s Sys=0.01s Real=0.06s
[273.193s][info][gc,start       ] GC(937) Pause Young (Allocation Failure)
[273.314s][info][gc,heap        ] GC(937) PSYoungGen: 174849K(220160K)->101345K(221696K) Eden: 120320K(120320K)->0K(120320K) From: 54529K(99840K)->101345K(101376K)
[273.314s][info][gc,heap        ] GC(937) ParOldGen: 159694K(415232K)->173470K(415232K)
[273.314s][info][gc,metaspace   ] GC(937) Metaspace: 18744K(18880K)->18744K(18880K) NonClass: 16915K(17024K)->16915K(17024K) Class: 1828K(1856K)->1828K(1856K)
[273.314s][info][gc             ] GC(937) Pause Young (Allocation Failure) 326M->268M(622M) 121.001ms
[273.314s][info][gc,cpu         ] GC(937) User=0.24s Sys=0.00s Real=0.12s
[273.370s][info][gc,start       ] GC(938) Pause Young (Allocation Failure)
[273.515s][info][gc,heap        ] GC(938) PSYoungGen: 221665K(221696K)->111089K(222720K) Eden: 120320K(120320K)->0K(111616K) From: 101345K(101376K)->111089K(111104K)
[273.515s][info][gc,heap        ] GC(938) ParOldGen: 173470K(415232K)->206238K(415232K)
[273.515s][info][gc,metaspace   ] GC(938) Metaspace: 18744K(18880K)->18744K(18880K) NonClass: 16915K(17024K)->16915K(17024K) Class: 1828K(1856K)->1828K(1856K)
[273.515s][info][gc             ] GC(938) Pause Young (Allocation Failure) 385M->309M(623M) 144.368ms
[273.515s][info][gc,cpu         ] GC(938) User=0.28s Sys=0.01s Real=0.14s
[273.564s][info][gc,start       ] GC(939) Pause Young (Allocation Failure)
[273.704s][info][gc,heap        ] GC(939) PSYoungGen: 222705K(222720K)->77520K(222720K) Eden: 111616K(111616K)->0K(111616K) From: 111089K(111104K)->77520K(111104K)
[273.704s][info][gc,heap        ] GC(939) ParOldGen: 206238K(415232K)->277091K(415232K)
[273.704s][info][gc,metaspace   ] GC(939) Metaspace: 18744K(18880K)->18744K(18880K) NonClass: 16915K(17024K)->16915K(17024K) Class: 1828K(1856K)->1828K(1856K)
[273.705s][info][gc             ] GC(939) Pause Young (Allocation Failure) 418M->346M(623M) 140.047ms
[273.705s][info][gc,cpu         ] GC(939) User=0.28s Sys=0.00s Real=0.14s
[273.823s][info][gc,start       ] GC(940) Pause Young (Allocation Failure)
[273.895s][info][gc,heap        ] GC(940) PSYoungGen: 189136K(222720K)->14880K(222720K) Eden: 111616K(111616K)->0K(111616K) From: 77520K(111104K)->14880K(111104K)
[273.895s][info][gc,heap        ] GC(940) ParOldGen: 277091K(415232K)->355347K(415232K)
[273.895s][info][gc,metaspace   ] GC(940) Metaspace: 18744K(18880K)->18744K(18880K) NonClass: 16915K(17024K)->16915K(17024K) Class: 1828K(1856K)->1828K(1856K)
[273.895s][info][gc             ] GC(940) Pause Young (Allocation Failure) 455M->361M(623M) 72.235ms
[273.895s][info][gc,cpu         ] GC(940) User=0.14s Sys=0.00s Real=0.07s
[273.951s][info][gc,start       ] GC(941) Pause Young (Allocation Failure)
[273.973s][info][gc,heap        ] GC(941) PSYoungGen: 126496K(222720K)->2016K(222720K) Eden: 111616K(111616K)->0K(111616K) From: 14880K(111104K)->2016K(111104K)
[273.973s][info][gc,heap        ] GC(941) ParOldGen: 355347K(415232K)->370267K(415232K)
[273.973s][info][gc,metaspace   ] GC(941) Metaspace: 18744K(18880K)->18744K(18880K) NonClass: 16915K(17024K)->16915K(17024K) Class: 1828K(1856K)->1828K(1856K)
[273.973s][info][gc             ] GC(941) Pause Young (Allocation Failure) 470M->363M(623M) 22.788ms
[273.973s][info][gc,cpu         ] GC(941) User=0.05s Sys=0.00s Real=0.02s
[274.055s][info][gc,start       ] GC(942) Pause Young (Allocation Failure)
[274.071s][info][gc,heap        ] GC(942) PSYoungGen: 113632K(222720K)->1696K(222720K) Eden: 111616K(111616K)->0K(111616K) From: 2016K(111104K)->1696K(111104K)
[274.071s][info][gc,heap        ] GC(942) ParOldGen: 370267K(415232K)->372267K(415232K)
[274.071s][info][gc,metaspace   ] GC(942) Metaspace: 18744K(18880K)->18744K(18880K) NonClass: 16915K(17024K)->16915K(17024K) Class: 1828K(1856K)->1828K(1856K)
[274.071s][info][gc             ] GC(942) Pause Young (Allocation Failure) 472M->365M(623M) 16.273ms
[274.071s][info][gc,cpu         ] GC(942) User=0.03s Sys=0.00s Real=0.02s
[274.179s][info][gc,start       ] GC(943) Pause Young (Allocation Failure)
[274.220s][info][gc,heap        ] GC(943) PSYoungGen: 113312K(222720K)->21697K(222720K) Eden: 111616K(111616K)->0K(111616K) From: 1696K(111104K)->21697K(111104K)
[274.220s][info][gc,heap        ] GC(943) ParOldGen: 372267K(415232K)->373923K(415232K)
[274.220s][info][gc,metaspace   ] GC(943) Metaspace: 18744K(18880K)->18744K(18880K) NonClass: 16915K(17024K)->16915K(17024K) Class: 1828K(1856K)->1828K(1856K)
[274.220s][info][gc             ] GC(943) Pause Young (Allocation Failure) 474M->386M(623M) 41.146ms
[274.220s][info][gc,cpu         ] GC(943) User=0.08s Sys=0.00s Real=0.04s
[274.306s][info][gc,start       ] GC(944) Pause Young (Allocation Failure)
[274.348s][info][gc,heap        ] GC(944) PSYoungGen: 133313K(222720K)->9760K(222720K) Eden: 111616K(111616K)->0K(111616K) From: 21697K(111104K)->9760K(111104K)
[274.348s][info][gc,heap        ] GC(944) ParOldGen: 373923K(415232K)->395656K(415232K)
[274.348s][info][gc,metaspace   ] GC(944) Metaspace: 18744K(18880K)->18744K(18880K) NonClass: 16915K(17024K)->16915K(17024K) Class: 1828K(1856K)->1828K(1856K)
[274.348s][info][gc             ] GC(944) Pause Young (Allocation Failure) 495M->395M(623M) 42.577ms
[274.348s][info][gc,cpu         ] GC(944) User=0.08s Sys=0.00s Real=0.05s
[274.444s][info][gc,start       ] GC(945) Pause Young (Allocation Failure)
[274.478s][info][gc,heap        ] GC(945) PSYoungGen: 121376K(222720K)->19680K(222720K) Eden: 111616K(111616K)->0K(111616K) From: 9760K(111104K)->19680K(111104K)
[274.478s][info][gc,heap        ] GC(945) ParOldGen: 395656K(415232K)->405456K(415232K)
[274.478s][info][gc,metaspace   ] GC(945) Metaspace: 18749K(18880K)->18749K(18880K) NonClass: 16920K(17024K)->16920K(17024K) Class: 1828K(1856K)->1828K(1856K)
[274.478s][info][gc             ] GC(945) Pause Young (Allocation Failure) 504M->415M(623M) 33.875ms
[274.478s][info][gc,cpu         ] GC(945) User=0.07s Sys=0.00s Real=0.04s
[274.573s][info][gc,start       ] GC(946) Pause Young (Allocation Failure)
[274.622s][info][gc,heap        ] GC(946) PSYoungGen: 131296K(222720K)->20608K(222720K) Eden: 111616K(111616K)->0K(111616K) From: 19680K(111104K)->20608K(111104K)
[274.622s][info][gc,heap        ] GC(946) ParOldGen: 405456K(415232K)->425184K(425472K)
[274.622s][info][gc,metaspace   ] GC(946) Metaspace: 18749K(18880K)->18749K(18880K) NonClass: 16920K(17024K)->16920K(17024K) Class: 1828K(1856K)->1828K(1856K)
[274.622s][info][gc             ] GC(946) Pause Young (Allocation Failure) 524M->435M(633M) 49.589ms
[274.623s][info][gc,cpu         ] GC(946) User=0.09s Sys=0.01s Real=0.05s
[274.690s][info][gc,start       ] GC(947) Pause Young (Allocation Failure)
[274.733s][info][gc,heap        ] GC(947) PSYoungGen: 132224K(222720K)->7808K(222720K) Eden: 111616K(111616K)->0K(111616K) From: 20608K(111104K)->7808K(111104K)
[274.733s][info][gc,heap        ] GC(947) ParOldGen: 425184K(425472K)->445854K(445952K)
[274.733s][info][gc,metaspace   ] GC(947) Metaspace: 18749K(18880K)->18749K(18880K) NonClass: 16920K(17024K)->16920K(17024K) Class: 1828K(1856K)->1828K(1856K)
[274.733s][info][gc             ] GC(947) Pause Young (Allocation Failure) 544M->443M(653M) 43.180ms
[274.733s][info][gc,cpu         ] GC(947) User=0.07s Sys=0.02s Real=0.04s
[274.850s][info][gc,start       ] GC(948) Pause Young (Allocation Failure)
[274.868s][info][gc,heap        ] GC(948) PSYoungGen: 119424K(222720K)->800K(222720K) Eden: 111616K(111616K)->0K(111616K) From: 7808K(111104K)->800K(111104K)
[274.869s][info][gc,heap        ] GC(948) ParOldGen: 445854K(445952K)->453662K(454144K)
[274.869s][info][gc,metaspace   ] GC(948) Metaspace: 18749K(18880K)->18749K(18880K) NonClass: 16920K(17024K)->16920K(17024K) Class: 1828K(1856K)->1828K(1856K)
[274.869s][info][gc             ] GC(948) Pause Young (Allocation Failure) 552M->443M(661M) 18.662ms
[274.869s][info][gc,cpu         ] GC(948) User=0.03s Sys=0.01s Real=0.02s
[275.007s][info][gc,start       ] GC(949) Pause Young (Allocation Failure)
[275.017s][info][gc,heap        ] GC(949) PSYoungGen: 112416K(222720K)->3520K(115200K) Eden: 111616K(111616K)->0K(111616K) From: 800K(111104K)->3520K(3584K)
[275.017s][info][gc,heap        ] GC(949) ParOldGen: 453662K(454144K)->454438K(454656K)
[275.017s][info][gc,metaspace   ] GC(949) Metaspace: 18750K(18880K)->18750K(18880K) NonClass: 16921K(17024K)->16921K(17024K) Class: 1828K(1856K)->1828K(1856K)
[275.017s][info][gc             ] GC(949) Pause Young (Allocation Failure) 552M->447M(556M) 10.938ms
[275.017s][info][gc,cpu         ] GC(949) User=0.02s Sys=0.00s Real=0.01s
[275.159s][info][gc,start       ] GC(950) Pause Young (Allocation Failure)
[275.173s][info][gc,heap        ] GC(950) PSYoungGen: 115136K(115200K)->11040K(223744K) Eden: 111616K(111616K)->0K(117248K) From: 3520K(3584K)->11040K(106496K)
[275.173s][info][gc,heap        ] GC(950) ParOldGen: 454438K(454656K)->454438K(454656K)
[275.173s][info][gc,metaspace   ] GC(950) Metaspace: 18750K(18880K)->18750K(18880K) NonClass: 16921K(17024K)->16921K(17024K) Class: 1828K(1856K)->1828K(1856K)
[275.173s][info][gc             ] GC(950) Pause Young (Allocation Failure) 556M->454M(662M) 13.803ms
[275.173s][info][gc,cpu         ] GC(950) User=0.02s Sys=0.00s Real=0.01s
[275.330s][info][gc,start       ] GC(951) Pause Young (Allocation Failure)
[275.362s][info][gc,heap        ] GC(951) PSYoungGen: 128288K(223744K)->26432K(220160K) Eden: 117248K(117248K)->0K(117248K) From: 11040K(106496K)->26432K(102912K)
[275.362s][info][gc,heap        ] GC(951) ParOldGen: 454438K(454656K)->454438K(454656K)
[275.362s][info][gc,metaspace   ] GC(951) Metaspace: 18750K(18880K)->18750K(18880K) NonClass: 16921K(17024K)->16921K(17024K) Class: 1828K(1856K)->1828K(1856K)
[275.362s][info][gc             ] GC(951) Pause Young (Allocation Failure) 569M->469M(659M) 31.991ms
[275.362s][info][gc,cpu         ] GC(951) User=0.06s Sys=0.00s Real=0.03s
[275.735s][info][gc,start       ] GC(952) Pause Young (Allocation Failure)
[275.766s][info][gc,heap        ] GC(952) PSYoungGen: 143680K(220160K)->26496K(209920K) Eden: 117248K(117248K)->0K(125440K) From: 26432K(102912K)->26496K(84480K)
[275.766s][info][gc,heap        ] GC(952) ParOldGen: 454438K(454656K)->454438K(454656K)
[275.766s][info][gc,metaspace   ] GC(952) Metaspace: 18750K(18880K)->18750K(18880K) NonClass: 16921K(17024K)->16921K(17024K) Class: 1828K(1856K)->1828K(1856K)
[275.766s][info][gc             ] GC(952) Pause Young (Allocation Failure) 584M->469M(649M) 30.658ms
[275.766s][info][gc,cpu         ] GC(952) User=0.05s Sys=0.00s Real=0.03s
[276.093s][info][gc,start       ] GC(953) Pause Young (Allocation Failure)
[276.122s][info][gc,heap        ] GC(953) PSYoungGen: 151936K(209920K)->26528K(215040K) Eden: 125440K(125440K)->0K(125440K) From: 26496K(84480K)->26528K(89600K)
[276.122s][info][gc,heap        ] GC(953) ParOldGen: 454438K(454656K)->454438K(454656K)
[276.122s][info][gc,metaspace   ] GC(953) Metaspace: 18750K(18880K)->18750K(18880K) NonClass: 16921K(17024K)->16921K(17024K) Class: 1828K(1856K)->1828K(1856K)
[276.122s][info][gc             ] GC(953) Pause Young (Allocation Failure) 592M->469M(654M) 29.936ms
[276.123s][info][gc,cpu         ] GC(953) User=0.06s Sys=0.00s Real=0.03s
[276.405s][info][gc,start       ] GC(954) Pause Young (Allocation Failure)
[276.436s][info][gc,heap        ] GC(954) PSYoungGen: 151968K(215040K)->26560K(205312K) Eden: 125440K(125440K)->0K(133120K) From: 26528K(89600K)->26560K(72192K)
[276.436s][info][gc,heap        ] GC(954) ParOldGen: 454438K(454656K)->454438K(454656K)
[276.436s][info][gc,metaspace   ] GC(954) Metaspace: 18750K(18880K)->18750K(18880K) NonClass: 16921K(17024K)->16921K(17024K) Class: 1828K(1856K)->1828K(1856K)
[276.436s][info][gc             ] GC(954) Pause Young (Allocation Failure) 592M->469M(644M) 31.068ms
[276.436s][info][gc,cpu         ] GC(954) User=0.06s Sys=0.00s Real=0.03s
[276.818s][info][gc,start       ] GC(955) Pause Young (Allocation Failure)
[276.856s][info][gc,heap        ] GC(955) PSYoungGen: 159680K(205312K)->26592K(211456K) Eden: 133120K(133120K)->0K(133120K) From: 26560K(72192K)->26592K(78336K)
[276.856s][info][gc,heap        ] GC(955) ParOldGen: 454438K(454656K)->454438K(454656K)
[276.856s][info][gc,metaspace   ] GC(955) Metaspace: 18750K(18880K)->18750K(18880K) NonClass: 16921K(17024K)->16921K(17024K) Class: 1828K(1856K)->1828K(1856K)
[276.856s][info][gc             ] GC(955) Pause Young (Allocation Failure) 599M->469M(650M) 38.956ms
[276.856s][info][gc,cpu         ] GC(955) User=0.07s Sys=0.00s Real=0.04s
[277.030s][info][gc,start       ] GC(956) Pause Young (Allocation Failure)
[277.073s][info][gc,heap        ] GC(956) PSYoungGen: 159712K(211456K)->46166K(211456K) Eden: 133120K(133120K)->0K(137728K) From: 26592K(78336K)->46166K(73728K)
[277.073s][info][gc,heap        ] GC(956) ParOldGen: 454438K(454656K)->454438K(454656K)
[277.073s][info][gc,metaspace   ] GC(956) Metaspace: 18750K(18880K)->18750K(18880K) NonClass: 16921K(17024K)->16921K(17024K) Class: 1828K(1856K)->1828K(1856K)
[277.073s][info][gc             ] GC(956) Pause Young (Allocation Failure) 599M->488M(650M) 43.221ms
[277.073s][info][gc,cpu         ] GC(956) User=0.08s Sys=0.00s Real=0.04s
[277.152s][info][gc,start       ] GC(957) Pause Young (Allocation Failure)
[277.249s][info][gc,heap        ] GC(957) PSYoungGen: 183894K(211456K)->76774K(214528K) Eden: 137728K(137728K)->0K(137728K) From: 46166K(73728K)->76774K(76800K)
[277.249s][info][gc,heap        ] GC(957) ParOldGen: 454438K(454656K)->476406K(476672K)
[277.249s][info][gc,metaspace   ] GC(957) Metaspace: 18750K(18880K)->18750K(18880K) NonClass: 16921K(17024K)->16921K(17024K) Class: 1828K(1856K)->1828K(1856K)
[277.249s][info][gc             ] GC(957) Pause Young (Allocation Failure) 623M->540M(675M) 97.679ms
[277.249s][info][gc,cpu         ] GC(957) User=0.17s Sys=0.02s Real=0.10s
[277.459s][info][gc,start       ] GC(958) Pause Young (Allocation Failure)
[277.561s][info][gc,heap        ] GC(958) PSYoungGen: 214502K(214528K)->74902K(218112K) Eden: 137728K(137728K)->0K(119808K) From: 76774K(76800K)->74902K(98304K)
[277.561s][info][gc,heap        ] GC(958) ParOldGen: 476406K(476672K)->487374K(487424K)
[277.561s][info][gc,metaspace   ] GC(958) Metaspace: 18750K(18880K)->18750K(18880K) NonClass: 16921K(17024K)->16921K(17024K) Class: 1828K(1856K)->1828K(1856K)
[277.561s][info][gc             ] GC(958) Pause Young (Allocation Failure) 674M->549M(689M) 102.281ms
[277.561s][info][gc,cpu         ] GC(958) User=0.18s Sys=0.02s Real=0.10s
[277.710s][info][gc,start       ] GC(959) Pause Young (Allocation Failure)
[277.803s][info][gc,heap        ] GC(959) PSYoungGen: 194710K(218112K)->92931K(212992K) Eden: 119808K(119808K)->0K(119808K) From: 74902K(98304K)->92931K(93184K)
[277.803s][info][gc,heap        ] GC(959) ParOldGen: 487374K(487424K)->487382K(487424K)
[277.803s][info][gc,metaspace   ] GC(959) Metaspace: 18750K(18880K)->18750K(18880K) NonClass: 16921K(17024K)->16921K(17024K) Class: 1828K(1856K)->1828K(1856K)
[277.803s][info][gc             ] GC(959) Pause Young (Allocation Failure) 666M->566M(684M) 92.543ms
[277.803s][info][gc,cpu         ] GC(959) User=0.18s Sys=0.01s Real=0.09s
[277.924s][info][gc,start       ] GC(960) Pause Young (Allocation Failure)
[278.053s][info][gc,heap        ] GC(960) PSYoungGen: 212739K(212992K)->95779K(222720K) Eden: 119808K(119808K)->0K(111616K) From: 92931K(93184K)->95779K(111104K)
[278.053s][info][gc,heap        ] GC(960) ParOldGen: 487382K(487424K)->502931K(503296K)
[278.053s][info][gc,metaspace   ] GC(960) Metaspace: 18750K(18880K)->18750K(18880K) NonClass: 16921K(17024K)->16921K(17024K) Class: 1828K(1856K)->1828K(1856K)
[278.053s][info][gc             ] GC(960) Pause Young (Allocation Failure) 683M->584M(709M) 128.433ms
[278.053s][info][gc,cpu         ] GC(960) User=0.23s Sys=0.02s Real=0.13s
[278.141s][info][gc,start       ] GC(961) Pause Young (Allocation Failure)
[278.275s][info][gc,heap        ] GC(961) PSYoungGen: 207395K(222720K)->111091K(222720K) Eden: 111616K(111616K)->0K(111616K) From: 95779K(111104K)->111091K(111104K)
[278.275s][info][gc,heap        ] GC(961) ParOldGen: 502931K(503296K)->517683K(518144K)
[278.275s][info][gc,metaspace   ] GC(961) Metaspace: 18751K(18880K)->18751K(18880K) NonClass: 16922K(17024K)->16922K(17024K) Class: 1828K(1856K)->1828K(1856K)
[278.275s][info][gc             ] GC(961) Pause Young (Allocation Failure) 693M->614M(723M) 134.222ms
[278.275s][info][gc,cpu         ] GC(961) User=0.26s Sys=0.01s Real=0.13s
[278.355s][info][gc,start       ] GC(962) Pause Young (Allocation Failure)
[278.507s][info][gc,heap        ] GC(962) PSYoungGen: 222707K(222720K)->111100K(222720K) Eden: 111616K(111616K)->0K(111616K) From: 111091K(111104K)->111100K(111104K)
[278.507s][info][gc,heap        ] GC(962) ParOldGen: 517683K(518144K)->546717K(546816K)
[278.507s][info][gc,metaspace   ] GC(962) Metaspace: 18751K(18880K)->18751K(18880K) NonClass: 16922K(17024K)->16922K(17024K) Class: 1828K(1856K)->1828K(1856K)
[278.507s][info][gc             ] GC(962) Pause Young (Allocation Failure) 723M->642M(751M) 152.281ms
[278.507s][info][gc,cpu         ] GC(962) User=0.27s Sys=0.03s Real=0.16s
[278.582s][info][gc,start       ] GC(963) Pause Young (Allocation Failure)
[278.726s][info][gc,heap        ] GC(963) PSYoungGen: 222716K(222720K)->80796K(222720K) Eden: 111616K(111616K)->0K(111616K) From: 111100K(111104K)->80796K(111104K)
[278.726s][info][gc,heap        ] GC(963) ParOldGen: 546717K(546816K)->586601K(586752K)
[278.726s][info][gc,metaspace   ] GC(963) Metaspace: 18751K(18880K)->18751K(18880K) NonClass: 16922K(17024K)->16922K(17024K) Class: 1828K(1856K)->1828K(1856K)
[278.726s][info][gc             ] GC(963) Pause Young (Allocation Failure) 751M->651M(790M) 143.850ms
[278.726s][info][gc,cpu         ] GC(963) User=0.25s Sys=0.04s Real=0.14s
[278.784s][info][gc,start       ] GC(964) Pause Young (Allocation Failure)
[278.890s][info][gc,heap        ] GC(964) PSYoungGen: 192412K(222720K)->58224K(222720K) Eden: 111616K(111616K)->0K(111616K) From: 80796K(111104K)->58224K(111104K)
[278.890s][info][gc,heap        ] GC(964) ParOldGen: 586601K(586752K)->613335K(613376K)
[278.890s][info][gc,metaspace   ] GC(964) Metaspace: 18751K(18880K)->18751K(18880K) NonClass: 16922K(17024K)->16922K(17024K) Class: 1828K(1856K)->1828K(1856K)
[278.890s][info][gc             ] GC(964) Pause Young (Allocation Failure) 760M->655M(816M) 105.904ms
[278.890s][info][gc,cpu         ] GC(964) User=0.19s Sys=0.02s Real=0.11s
[278.940s][info][gc,start       ] GC(965) Pause Full (Allocation Failure)
[278.941s][info][gc,phases,start] GC(965) Marking Phase
[279.213s][info][gc,phases      ] GC(965) Marking Phase 272.887ms
[279.213s][info][gc,phases,start] GC(965) Summary Phase
[279.213s][info][gc,phases      ] GC(965) Summary Phase 0.031ms
[279.214s][info][gc,phases,start] GC(965) Forward
[279.287s][info][gc,phases      ] GC(965) Forward 73.879ms
[279.287s][info][gc,phases,start] GC(965) Adjust Pointers
[279.498s][info][gc,phases      ] GC(965) Adjust Pointers 210.844ms
[279.498s][info][gc,phases,start] GC(965) Compaction Phase
[279.624s][info][gc,phases      ] GC(965) Compaction Phase 125.543ms
[279.630s][info][gc,phases,start] GC(965) Post Compact
[279.632s][info][gc,phases      ] GC(965) Post Compact 2.312ms
[279.633s][info][gc,heap        ] GC(965) PSYoungGen: 169840K(222720K)->0K(222720K) Eden: 111616K(111616K)->0K(111616K) From: 58224K(111104K)->0K(111104K)
[279.633s][info][gc,heap        ] GC(965) ParOldGen: 613335K(613376K)->385821K(667648K)
[279.633s][info][gc,metaspace   ] GC(965) Metaspace: 18751K(18880K)->18751K(18880K) NonClass: 16922K(17024K)->16922K(17024K) Class: 1828K(1856K)->1828K(1856K)
[279.633s][info][gc             ] GC(965) Pause Full (Allocation Failure) 764M->376M(869M) 692.325ms
[279.633s][info][gc,cpu         ] GC(965) User=1.33s Sys=0.00s Real=0.69s
[279.734s][info][gc,start       ] GC(966) Pause Young (Allocation Failure)
[279.757s][info][gc,heap        ] GC(966) PSYoungGen: 111616K(222720K)->12064K(222720K) Eden: 111616K(111616K)->0K(111616K) From: 0K(111104K)->12064K(111104K)
[279.757s][info][gc,heap        ] GC(966) ParOldGen: 385821K(667648K)->385821K(667648K)
[279.757s][info][gc,metaspace   ] GC(966) Metaspace: 18751K(18880K)->18751K(18880K) NonClass: 16922K(17024K)->16922K(17024K) Class: 1828K(1856K)->1828K(1856K)
[279.757s][info][gc             ] GC(966) Pause Young (Allocation Failure) 485M->388M(869M) 23.621ms
[279.757s][info][gc,cpu         ] GC(966) User=0.05s Sys=0.00s Real=0.03s
[279.831s][info][gc,start       ] GC(967) Pause Young (Allocation Failure)
[279.866s][info][gc,heap        ] GC(967) PSYoungGen: 123680K(222720K)->24992K(222720K) Eden: 111616K(111616K)->0K(111616K) From: 12064K(111104K)->24992K(111104K)
[279.866s][info][gc,heap        ] GC(967) ParOldGen: 385821K(667648K)->385821K(667648K)
[279.866s][info][gc,metaspace   ] GC(967) Metaspace: 18751K(18880K)->18751K(18880K) NonClass: 16922K(17024K)->16922K(17024K) Class: 1828K(1856K)->1828K(1856K)
[279.866s][info][gc             ] GC(967) Pause Young (Allocation Failure) 497M->401M(869M) 35.121ms
[279.866s][info][gc,cpu         ] GC(967) User=0.07s Sys=0.00s Real=0.03s
[279.936s][info][gc,start       ] GC(968) Pause Young (Allocation Failure)
[279.974s][info][gc,heap        ] GC(968) PSYoungGen: 136608K(222720K)->4704K(222720K) Eden: 111616K(111616K)->0K(111616K) From: 24992K(111104K)->4704K(111104K)
[279.974s][info][gc,heap        ] GC(968) ParOldGen: 385821K(667648K)->410853K(667648K)
[279.974s][info][gc,metaspace   ] GC(968) Metaspace: 18751K(18880K)->18751K(18880K) NonClass: 16922K(17024K)->16922K(17024K) Class: 1828K(1856K)->1828K(1856K)
[279.974s][info][gc             ] GC(968) Pause Young (Allocation Failure) 510M->405M(869M) 38.565ms
[279.974s][info][gc,cpu         ] GC(968) User=0.08s Sys=0.00s Real=0.04s
[280.058s][info][gc,start       ] GC(969) Pause Young (Allocation Failure)
[280.070s][info][gc,heap        ] GC(969) PSYoungGen: 116320K(222720K)->1920K(222720K) Eden: 111616K(111616K)->0K(111616K) From: 4704K(111104K)->1920K(111104K)
[280.070s][info][gc,heap        ] GC(969) ParOldGen: 410853K(667648K)->415533K(667648K)
[280.070s][info][gc,metaspace   ] GC(969) Metaspace: 18751K(18880K)->18751K(18880K) NonClass: 16922K(17024K)->16922K(17024K) Class: 1828K(1856K)->1828K(1856K)
[280.070s][info][gc             ] GC(969) Pause Young (Allocation Failure) 514M->407M(869M) 11.925ms
[280.070s][info][gc,cpu         ] GC(969) User=0.02s Sys=0.00s Real=0.01s
[280.162s][info][gc,start       ] GC(970) Pause Young (Allocation Failure)
[280.179s][info][gc,heap        ] GC(970) PSYoungGen: 113536K(222720K)->12832K(222720K) Eden: 111616K(111616K)->0K(111616K) From: 1920K(111104K)->12832K(111104K)
[280.179s][info][gc,heap        ] GC(970) ParOldGen: 415533K(667648K)->417437K(667648K)
[280.179s][info][gc,metaspace   ] GC(970) Metaspace: 18751K(18880K)->18751K(18880K) NonClass: 16922K(17024K)->16922K(17024K) Class: 1828K(1856K)->1828K(1856K)
[280.179s][info][gc             ] GC(970) Pause Young (Allocation Failure) 516M->420M(869M) 17.411ms
[280.179s][info][gc,cpu         ] GC(970) User=0.03s Sys=0.00s Real=0.02s
[280.287s][info][gc,start       ] GC(971) Pause Young (Allocation Failure)
[280.325s][info][gc,heap        ] GC(971) PSYoungGen: 124448K(222720K)->19360K(222720K) Eden: 111616K(111616K)->0K(111616K) From: 12832K(111104K)->19360K(111104K)
[280.325s][info][gc,heap        ] GC(971) ParOldGen: 417437K(667648K)->430309K(667648K)
[280.325s][info][gc,metaspace   ] GC(971) Metaspace: 18751K(18880K)->18751K(18880K) NonClass: 16922K(17024K)->16922K(17024K) Class: 1828K(1856K)->1828K(1856K)
[280.325s][info][gc             ] GC(971) Pause Young (Allocation Failure) 529M->439M(869M) 37.733ms
[280.325s][info][gc,cpu         ] GC(971) User=0.08s Sys=0.00s Real=0.03s
[280.656s][info][gc,start       ] GC(972) Pause Young (Allocation Failure)
[280.679s][info][gc,heap        ] GC(972) PSYoungGen: 130976K(222720K)->96K(222720K) Eden: 111616K(111616K)->0K(111616K) From: 19360K(111104K)->96K(111104K)
[280.679s][info][gc,heap        ] GC(972) ParOldGen: 430309K(667648K)->449699K(667648K)
[280.679s][info][gc,metaspace   ] GC(972) Metaspace: 18751K(18880K)->18751K(18880K) NonClass: 16922K(17024K)->16922K(17024K) Class: 1828K(1856K)->1828K(1856K)
[280.679s][info][gc             ] GC(972) Pause Young (Allocation Failure) 548M->439M(869M) 23.100ms
[280.679s][info][gc,cpu         ] GC(972) User=0.04s Sys=0.00s Real=0.03s
[280.883s][info][gc,start       ] GC(973) Pause Young (Allocation Failure)
[280.899s][info][gc,heap        ] GC(973) PSYoungGen: 111712K(222720K)->13264K(222720K) Eden: 111616K(111616K)->0K(111616K) From: 96K(111104K)->13264K(111104K)
[280.899s][info][gc,heap        ] GC(973) ParOldGen: 449699K(667648K)->449791K(667648K)
[280.899s][info][gc,metaspace   ] GC(973) Metaspace: 18762K(18880K)->18762K(18880K) NonClass: 16933K(17024K)->16933K(17024K) Class: 1828K(1856K)->1828K(1856K)
[280.899s][info][gc             ] GC(973) Pause Young (Allocation Failure) 548M->452M(869M) 16.390ms
[280.899s][info][gc,cpu         ] GC(973) User=0.03s Sys=0.00s Real=0.02s
[281.038s][info][gc,start       ] GC(974) Pause Young (Allocation Failure)
[281.059s][info][gc,heap        ] GC(974) PSYoungGen: 124880K(222720K)->7568K(222720K) Eden: 111616K(111616K)->0K(111616K) From: 13264K(111104K)->7568K(111104K)
[281.059s][info][gc,heap        ] GC(974) ParOldGen: 449791K(667648K)->463132K(667648K)
[281.059s][info][gc,metaspace   ] GC(974) Metaspace: 18762K(18880K)->18762K(18880K) NonClass: 16933K(17024K)->16933K(17024K) Class: 1828K(1856K)->1828K(1856K)
[281.059s][info][gc             ] GC(974) Pause Young (Allocation Failure) 561M->459M(869M) 20.735ms
[281.059s][info][gc,cpu         ] GC(974) User=0.04s Sys=0.00s Real=0.02s
[281.220s][info][gc,start       ] GC(975) Pause Young (Allocation Failure)
[281.241s][info][gc,heap        ] GC(975) PSYoungGen: 119184K(222720K)->12064K(222720K) Eden: 111616K(111616K)->0K(111616K) From: 7568K(111104K)->12064K(111104K)
[281.241s][info][gc,heap        ] GC(975) ParOldGen: 463132K(667648K)->470693K(667648K)
[281.241s][info][gc,metaspace   ] GC(975) Metaspace: 18766K(18880K)->18766K(18880K) NonClass: 16937K(17024K)->16937K(17024K) Class: 1828K(1856K)->1828K(1856K)
[281.241s][info][gc             ] GC(975) Pause Young (Allocation Failure) 568M->471M(869M) 21.142ms
[281.241s][info][gc,cpu         ] GC(975) User=0.04s Sys=0.00s Real=0.02s
[281.304s][info][gc,start       ] GC(976) Pause Young (Allocation Failure)
[281.345s][info][gc,heap        ] GC(976) PSYoungGen: 123680K(222720K)->42496K(222720K) Eden: 111616K(111616K)->0K(111616K) From: 12064K(111104K)->42496K(111104K)
[281.345s][info][gc,heap        ] GC(976) ParOldGen: 470693K(667648K)->482845K(667648K)
[281.345s][info][gc,metaspace   ] GC(976) Metaspace: 18766K(18880K)->18766K(18880K) NonClass: 16937K(17024K)->16937K(17024K) Class: 1828K(1856K)->1828K(1856K)
[281.345s][info][gc             ] GC(976) Pause Young (Allocation Failure) 580M->513M(869M) 41.123ms
[281.345s][info][gc,cpu         ] GC(976) User=0.08s Sys=0.00s Real=0.04s
[281.505s][info][gc,start       ] GC(977) Pause Young (Allocation Failure)
[281.553s][info][gc,heap        ] GC(977) PSYoungGen: 154112K(222720K)->26688K(138752K) Eden: 111616K(111616K)->0K(111616K) From: 42496K(111104K)->26688K(27136K)
[281.553s][info][gc,heap        ] GC(977) ParOldGen: 482845K(667648K)->525789K(667648K)
[281.553s][info][gc,metaspace   ] GC(977) Metaspace: 18766K(18880K)->18766K(18880K) NonClass: 16937K(17024K)->16937K(17024K) Class: 1828K(1856K)->1828K(1856K)
[281.553s][info][gc             ] GC(977) Pause Young (Allocation Failure) 622M->539M(787M) 47.864ms
[281.553s][info][gc,cpu         ] GC(977) User=0.09s Sys=0.00s Real=0.05s
[281.671s][info][gc,start       ] GC(978) Pause Young (Allocation Failure)
[281.700s][info][gc,heap        ] GC(978) PSYoungGen: 138304K(138752K)->29664K(223232K) Eden: 111616K(111616K)->0K(119296K) From: 26688K(27136K)->29664K(103936K)
[281.700s][info][gc,heap        ] GC(978) ParOldGen: 525789K(667648K)->525789K(667648K)
[281.700s][info][gc,metaspace   ] GC(978) Metaspace: 18766K(18880K)->18766K(18880K) NonClass: 16937K(17024K)->16937K(17024K) Class: 1828K(1856K)->1828K(1856K)
[281.700s][info][gc             ] GC(978) Pause Young (Allocation Failure) 648M->542M(870M) 28.333ms
[281.700s][info][gc,cpu         ] GC(978) User=0.06s Sys=0.00s Real=0.03s
[281.882s][info][gc,start       ] GC(979) Pause Young (Allocation Failure)
[281.954s][info][gc,heap        ] GC(979) PSYoungGen: 148960K(223232K)->63545K(220672K) Eden: 119296K(119296K)->0K(119296K) From: 29664K(103936K)->63545K(101376K)
[281.954s][info][gc,heap        ] GC(979) ParOldGen: 525789K(667648K)->525789K(667648K)
[281.954s][info][gc,metaspace   ] GC(979) Metaspace: 18766K(18880K)->18766K(18880K) NonClass: 16937K(17024K)->16937K(17024K) Class: 1828K(1856K)->1828K(1856K)
[281.954s][info][gc             ] GC(979) Pause Young (Allocation Failure) 658M->575M(867M) 72.263ms
[281.955s][info][gc,cpu         ] GC(979) User=0.14s Sys=0.00s Real=0.07s
[282.096s][info][gc,start       ] GC(980) Pause Young (Allocation Failure)
[282.185s][info][gc,heap        ] GC(980) PSYoungGen: 182841K(220672K)->82079K(218112K) Eden: 119296K(119296K)->0K(111616K) From: 63545K(101376K)->82079K(106496K)
[282.185s][info][gc,heap        ] GC(980) ParOldGen: 525789K(667648K)->525789K(667648K)
[282.185s][info][gc,metaspace   ] GC(980) Metaspace: 18766K(18880K)->18766K(18880K) NonClass: 16937K(17024K)->16937K(17024K) Class: 1828K(1856K)->1828K(1856K)
[282.185s][info][gc             ] GC(980) Pause Young (Allocation Failure) 692M->593M(865M) 88.471ms
[282.185s][info][gc,cpu         ] GC(980) User=0.18s Sys=0.00s Real=0.09s
[282.302s][info][gc,start       ] GC(981) Pause Young (Allocation Failure)
[282.402s][info][gc,heap        ] GC(981) PSYoungGen: 193695K(218112K)->61896K(222720K) Eden: 111616K(111616K)->0K(111616K) From: 82079K(106496K)->61896K(111104K)
[282.402s][info][gc,heap        ] GC(981) ParOldGen: 525789K(667648K)->555709K(667648K)
[282.402s][info][gc,metaspace   ] GC(981) Metaspace: 18766K(18880K)->18766K(18880K) NonClass: 16937K(17024K)->16937K(17024K) Class: 1828K(1856K)->1828K(1856K)
[282.402s][info][gc             ] GC(981) Pause Young (Allocation Failure) 702M->603M(869M) 100.442ms
[282.402s][info][gc,cpu         ] GC(981) User=0.20s Sys=0.00s Real=0.10s
[282.506s][info][gc,start       ] GC(982) Pause Young (Allocation Failure)
[282.585s][info][gc,heap        ] GC(982) PSYoungGen: 173512K(222720K)->9888K(222720K) Eden: 111616K(111616K)->0K(111616K) From: 61896K(111104K)->9888K(111104K)
[282.585s][info][gc,heap        ] GC(982) ParOldGen: 555709K(667648K)->608275K(667648K)
[282.585s][info][gc,metaspace   ] GC(982) Metaspace: 18770K(18880K)->18770K(18880K) NonClass: 16941K(17024K)->16941K(17024K) Class: 1828K(1856K)->1828K(1856K)
[282.585s][info][gc             ] GC(982) Pause Young (Allocation Failure) 712M->603M(869M) 78.707ms
[282.585s][info][gc,cpu         ] GC(982) User=0.15s Sys=0.00s Real=0.08s
[282.713s][info][gc,start       ] GC(983) Pause Young (Allocation Failure)
[282.736s][info][gc,heap        ] GC(983) PSYoungGen: 121504K(222720K)->192K(222720K) Eden: 111616K(111616K)->0K(111616K) From: 9888K(111104K)->192K(111104K)
[282.736s][info][gc,heap        ] GC(983) ParOldGen: 608275K(667648K)->618187K(667648K)
[282.736s][info][gc,metaspace   ] GC(983) Metaspace: 18770K(18880K)->18770K(18880K) NonClass: 16941K(17024K)->16941K(17024K) Class: 1828K(1856K)->1828K(1856K)
[282.736s][info][gc             ] GC(983) Pause Young (Allocation Failure) 712M->603M(869M) 23.003ms
[282.736s][info][gc,cpu         ] GC(983) User=0.04s Sys=0.01s Real=0.02s
[282.890s][info][gc,start       ] GC(984) Pause Full (Allocation Failure)
[282.890s][info][gc,phases,start] GC(984) Marking Phase
[283.166s][info][gc,phases      ] GC(984) Marking Phase 276.038ms
[283.166s][info][gc,phases,start] GC(984) Summary Phase
[283.166s][info][gc,phases      ] GC(984) Summary Phase 0.029ms
[283.166s][info][gc,phases,start] GC(984) Forward
[283.251s][info][gc,phases      ] GC(984) Forward 84.952ms
[283.251s][info][gc,phases,start] GC(984) Adjust Pointers
[283.462s][info][gc,phases      ] GC(984) Adjust Pointers 210.892ms
[283.462s][info][gc,phases,start] GC(984) Compaction Phase
[283.586s][info][gc,phases      ] GC(984) Compaction Phase 123.811ms
[283.593s][info][gc,phases,start] GC(984) Post Compact
[283.595s][info][gc,phases      ] GC(984) Post Compact 2.207ms
[283.595s][info][gc,heap        ] GC(984) PSYoungGen: 111808K(222720K)->0K(222720K) Eden: 111616K(111616K)->0K(111616K) From: 192K(111104K)->0K(111104K)
[283.595s][info][gc,heap        ] GC(984) ParOldGen: 618187K(667648K)->380364K(665088K)
[283.595s][info][gc,metaspace   ] GC(984) Metaspace: 18770K(18880K)->18770K(18880K) NonClass: 16941K(17024K)->16941K(17024K) Class: 1828K(1856K)->1828K(1856K)
[283.595s][info][gc             ] GC(984) Pause Full (Allocation Failure) 712M->371M(867M) 705.182ms
[283.595s][info][gc,cpu         ] GC(984) User=1.33s Sys=0.00s Real=0.70s
[283.763s][info][gc,start       ] GC(985) Pause Young (Allocation Failure)
[283.780s][info][gc,heap        ] GC(985) PSYoungGen: 111616K(222720K)->14944K(126976K) Eden: 111616K(111616K)->0K(111616K) From: 0K(111104K)->14944K(15360K)
[283.780s][info][gc,heap        ] GC(985) ParOldGen: 380364K(665088K)->380364K(665088K)
[283.780s][info][gc,metaspace   ] GC(985) Metaspace: 18770K(18880K)->18770K(18880K) NonClass: 16941K(17024K)->16941K(17024K) Class: 1828K(1856K)->1828K(1856K)
[283.780s][info][gc             ] GC(985) Pause Young (Allocation Failure) 480M->386M(773M) 17.333ms
[283.780s][info][gc,cpu         ] GC(985) User=0.04s Sys=0.00s Real=0.02s
[283.913s][info][gc,start       ] GC(986) Pause Young (Allocation Failure)
[283.952s][info][gc,heap        ] GC(986) PSYoungGen: 126560K(126976K)->28002K(225280K) Eden: 111616K(111616K)->0K(118784K) From: 14944K(15360K)->28002K(106496K)
[283.952s][info][gc,heap        ] GC(986) ParOldGen: 380364K(665088K)->395348K(665088K)
[283.952s][info][gc,metaspace   ] GC(986) Metaspace: 18776K(18944K)->18776K(18944K) NonClass: 16947K(17088K)->16947K(17088K) Class: 1828K(1856K)->1828K(1856K)
[283.953s][info][gc             ] GC(986) Pause Young (Allocation Failure) 495M->413M(869M) 39.279ms
[283.953s][info][gc,cpu         ] GC(986) User=0.08s Sys=0.00s Real=0.04s
[283.998s][info][gc,start       ] GC(987) Pause Young (Allocation Failure)
[284.054s][info][gc,heap        ] GC(987) PSYoungGen: 146786K(225280K)->43408K(221184K) Eden: 118784K(118784K)->0K(118784K) From: 28002K(106496K)->43408K(102400K)
[284.054s][info][gc,heap        ] GC(987) ParOldGen: 395348K(665088K)->423618K(665088K)
[284.054s][info][gc,metaspace   ] GC(987) Metaspace: 18776K(18944K)->18776K(18944K) NonClass: 16947K(17088K)->16947K(17088K) Class: 1828K(1856K)->1828K(1856K)
[284.054s][info][gc             ] GC(987) Pause Young (Allocation Failure) 529M->456M(865M) 55.645ms
[284.054s][info][gc,cpu         ] GC(987) User=0.11s Sys=0.00s Real=0.05s
[284.239s][info][gc,start       ] GC(988) Pause Young (Allocation Failure)
[284.295s][info][gc,heap        ] GC(988) PSYoungGen: 162192K(221184K)->25440K(225792K) Eden: 118784K(118784K)->0K(130560K) From: 43408K(102400K)->25440K(95232K)
[284.295s][info][gc,heap        ] GC(988) ParOldGen: 423618K(665088K)->467403K(665088K)
[284.295s][info][gc,metaspace   ] GC(988) Metaspace: 18776K(18944K)->18776K(18944K) NonClass: 16947K(17088K)->16947K(17088K) Class: 1828K(1856K)->1828K(1856K)
[284.295s][info][gc             ] GC(988) Pause Young (Allocation Failure) 572M->481M(870M) 56.559ms
[284.295s][info][gc,cpu         ] GC(988) User=0.11s Sys=0.00s Real=0.05s
[284.520s][info][gc,start       ] GC(989) Pause Young (Allocation Failure)
[284.580s][info][gc,heap        ] GC(989) PSYoungGen: 156000K(225792K)->21728K(224768K) Eden: 130560K(130560K)->0K(130560K) From: 25440K(95232K)->21728K(94208K)
[284.580s][info][gc,heap        ] GC(989) ParOldGen: 467403K(665088K)->493135K(665088K)
[284.580s][info][gc,metaspace   ] GC(989) Metaspace: 18776K(18944K)->18776K(18944K) NonClass: 16947K(17088K)->16947K(17088K) Class: 1828K(1856K)->1828K(1856K)
[284.580s][info][gc             ] GC(989) Pause Young (Allocation Failure) 608M->502M(869M) 59.440ms
[284.580s][info][gc,cpu         ] GC(989) User=0.12s Sys=0.00s Real=0.06s
[284.717s][info][gc,start       ] GC(990) Pause Young (Allocation Failure)
[284.781s][info][gc,heap        ] GC(990) PSYoungGen: 152288K(224768K)->26944K(225280K) Eden: 130560K(130560K)->0K(144896K) From: 21728K(94208K)->26944K(80384K)
[284.781s][info][gc,heap        ] GC(990) ParOldGen: 493135K(665088K)->514911K(665088K)
[284.781s][info][gc,metaspace   ] GC(990) Metaspace: 18776K(18944K)->18776K(18944K) NonClass: 16947K(17088K)->16947K(17088K) Class: 1828K(1856K)->1828K(1856K)
[284.782s][info][gc             ] GC(990) Pause Young (Allocation Failure) 630M->529M(869M) 64.167ms
[284.782s][info][gc,cpu         ] GC(990) User=0.12s Sys=0.00s Real=0.06s
[284.942s][info][gc,start       ] GC(991) Pause Young (Allocation Failure)
[284.988s][info][gc,heap        ] GC(991) PSYoungGen: 171840K(225280K)->15520K(229888K) Eden: 144896K(144896K)->0K(144896K) From: 26944K(80384K)->15520K(84992K)
[284.988s][info][gc,heap        ] GC(991) ParOldGen: 514911K(665088K)->541663K(665088K)
[284.988s][info][gc,metaspace   ] GC(991) Metaspace: 18776K(18944K)->18776K(18944K) NonClass: 16947K(17088K)->16947K(17088K) Class: 1828K(1856K)->1828K(1856K)
[284.988s][info][gc             ] GC(991) Pause Young (Allocation Failure) 670M->544M(874M) 46.216ms
[284.988s][info][gc,cpu         ] GC(991) User=0.09s Sys=0.00s Real=0.05s
[285.126s][info][gc,start       ] GC(992) Pause Young (Allocation Failure)
[285.150s][info][gc,heap        ] GC(992) PSYoungGen: 160416K(229888K)->704K(239616K) Eden: 144896K(144896K)->0K(159744K) From: 15520K(84992K)->704K(79872K)
[285.150s][info][gc,heap        ] GC(992) ParOldGen: 541663K(665088K)->557239K(665088K)
[285.150s][info][gc,metaspace   ] GC(992) Metaspace: 18776K(18944K)->18776K(18944K) NonClass: 16947K(17088K)->16947K(17088K) Class: 1828K(1856K)->1828K(1856K)
[285.151s][info][gc             ] GC(992) Pause Young (Allocation Failure) 685M->544M(883M) 24.066ms
[285.151s][info][gc,cpu         ] GC(992) User=0.04s Sys=0.00s Real=0.02s
[285.321s][info][gc,start       ] GC(993) Pause Young (Allocation Failure)
[285.334s][info][gc,heap        ] GC(993) PSYoungGen: 160448K(239616K)->4352K(241152K) Eden: 159744K(159744K)->0K(159744K) From: 704K(79872K)->4352K(81408K)
[285.334s][info][gc,heap        ] GC(993) ParOldGen: 557239K(665088K)->557927K(665088K)
[285.334s][info][gc,metaspace   ] GC(993) Metaspace: 18776K(18944K)->18776K(18944K) NonClass: 16947K(17088K)->16947K(17088K) Class: 1828K(1856K)->1828K(1856K)
[285.334s][info][gc             ] GC(993) Pause Young (Allocation Failure) 700M->549M(885M) 13.072ms
[285.334s][info][gc,cpu         ] GC(993) User=0.03s Sys=0.00s Real=0.01s
[285.599s][info][gc,start       ] GC(994) Pause Young (Allocation Failure)
[285.617s][info][gc,heap        ] GC(994) PSYoungGen: 164096K(241152K)->14976K(244224K) Eden: 159744K(159744K)->0K(172544K) From: 4352K(81408K)->14976K(71680K)
[285.617s][info][gc,heap        ] GC(994) ParOldGen: 557927K(665088K)->557927K(665088K)
[285.617s][info][gc,metaspace   ] GC(994) Metaspace: 18776K(18944K)->18776K(18944K) NonClass: 16947K(17088K)->16947K(17088K) Class: 1828K(1856K)->1828K(1856K)
[285.617s][info][gc             ] GC(994) Pause Young (Allocation Failure) 705M->559M(888M) 18.351ms
[285.617s][info][gc,cpu         ] GC(994) User=0.04s Sys=0.00s Real=0.02s
[285.971s][info][gc,start       ] GC(995) Pause Young (Allocation Failure)
[286.009s][info][gc,heap        ] GC(995) PSYoungGen: 187520K(244224K)->32944K(248320K) Eden: 172544K(172544K)->0K(172544K) From: 14976K(71680K)->32944K(75776K)
[286.009s][info][gc,heap        ] GC(995) ParOldGen: 557927K(665088K)->557927K(665088K)
[286.009s][info][gc,metaspace   ] GC(995) Metaspace: 18776K(18944K)->18776K(18944K) NonClass: 16947K(17088K)->16947K(17088K) Class: 1828K(1856K)->1828K(1856K)
[286.009s][info][gc             ] GC(995) Pause Young (Allocation Failure) 727M->577M(892M) 38.288ms
[286.009s][info][gc,cpu         ] GC(995) User=0.07s Sys=0.00s Real=0.04s
[286.475s][info][gc,start       ] GC(996) Pause Young (Allocation Failure)
[286.511s][info][gc,heap        ] GC(996) PSYoungGen: 205488K(248320K)->32960K(252416K) Eden: 172544K(172544K)->0K(183808K) From: 32944K(75776K)->32960K(68608K)
[286.511s][info][gc,heap        ] GC(996) ParOldGen: 557927K(665088K)->557927K(665088K)
[286.511s][info][gc,metaspace   ] GC(996) Metaspace: 18776K(18944K)->18776K(18944K) NonClass: 16947K(17088K)->16947K(17088K) Class: 1828K(1856K)->1828K(1856K)
[286.511s][info][gc             ] GC(996) Pause Young (Allocation Failure) 745M->577M(896M) 35.775ms
[286.511s][info][gc,cpu         ] GC(996) User=0.07s Sys=0.00s Real=0.04s
[286.966s][info][gc,start       ] GC(997) Pause Young (Allocation Failure)
[287.002s][info][gc,heap        ] GC(997) PSYoungGen: 216768K(252416K)->33024K(256000K) Eden: 183808K(183808K)->0K(183808K) From: 32960K(68608K)->33024K(72192K)
[287.002s][info][gc,heap        ] GC(997) ParOldGen: 557927K(665088K)->557927K(665088K)
[287.002s][info][gc,metaspace   ] GC(997) Metaspace: 18776K(18944K)->18776K(18944K) NonClass: 16947K(17088K)->16947K(17088K) Class: 1828K(1856K)->1828K(1856K)
[287.002s][info][gc             ] GC(997) Pause Young (Allocation Failure) 756M->577M(899M) 36.140ms
[287.002s][info][gc,cpu         ] GC(997) User=0.07s Sys=0.00s Real=0.04s
[287.463s][info][gc,start       ] GC(998) Pause Young (Allocation Failure)
[287.509s][info][gc,heap        ] GC(998) PSYoungGen: 216832K(256000K)->33248K(257024K) Eden: 183808K(183808K)->0K(190976K) From: 33024K(72192K)->33248K(66048K)
[287.510s][info][gc,heap        ] GC(998) ParOldGen: 557927K(665088K)->557927K(665088K)
[287.510s][info][gc,metaspace   ] GC(998) Metaspace: 18776K(18944K)->18776K(18944K) NonClass: 16947K(17088K)->16947K(17088K) Class: 1828K(1856K)->1828K(1856K)
[287.510s][info][gc             ] GC(998) Pause Young (Allocation Failure) 756M->577M(900M) 46.566ms
[287.510s][info][gc,cpu         ] GC(998) User=0.09s Sys=0.01s Real=0.05s
[287.777s][info][gc,start       ] GC(999) Pause Young (Allocation Failure)
[287.844s][info][gc,heap        ] GC(999) PSYoungGen: 224224K(257024K)->69104K(260096K) Eden: 190976K(190976K)->0K(190976K) From: 33248K(66048K)->69104K(69120K)
[287.844s][info][gc,heap        ] GC(999) ParOldGen: 557927K(665088K)->564431K(665088K)
[287.844s][info][gc,metaspace   ] GC(999) Metaspace: 18776K(18944K)->18776K(18944K) NonClass: 16947K(17088K)->16947K(17088K) Class: 1828K(1856K)->1828K(1856K)
[287.844s][info][gc             ] GC(999) Pause Young (Allocation Failure) 763M->618M(903M) 67.319ms
[287.844s][info][gc,cpu         ] GC(999) User=0.14s Sys=0.00s Real=0.06s
[288.083s][info][gc,start       ] GC(1000) Pause Young (Allocation Failure)
[288.182s][info][gc,heap        ] GC(1000) PSYoungGen: 260080K(260096K)->73712K(196608K) Eden: 190976K(190976K)->0K(122880K) From: 69104K(69120K)->73712K(73728K)
[288.182s][info][gc,heap        ] GC(1000) ParOldGen: 564431K(665088K)->597031K(665088K)
[288.182s][info][gc,metaspace   ] GC(1000) Metaspace: 18776K(18944K)->18776K(18944K) NonClass: 16947K(17088K)->16947K(17088K) Class: 1828K(1856K)->1828K(1856K)
[288.182s][info][gc             ] GC(1000) Pause Young (Allocation Failure) 805M->655M(841M) 98.656ms
[288.182s][info][gc,cpu         ] GC(1000) User=0.18s Sys=0.02s Real=0.10s
[288.371s][info][gc,start       ] GC(1001) Pause Young (Allocation Failure)
[288.472s][info][gc,heap        ] GC(1001) PSYoungGen: 196592K(196608K)->76320K(199680K) Eden: 122880K(122880K)->0K(122880K) From: 73712K(73728K)->76320K(76800K)
[288.472s][info][gc,heap        ] GC(1001) ParOldGen: 597031K(665088K)->615119K(665088K)
[288.472s][info][gc,metaspace   ] GC(1001) Metaspace: 18776K(18944K)->18776K(18944K) NonClass: 16947K(17088K)->16947K(17088K) Class: 1828K(1856K)->1828K(1856K)
[288.472s][info][gc             ] GC(1001) Pause Young (Allocation Failure) 775M->675M(844M) 101.214ms
[288.472s][info][gc,cpu         ] GC(1001) User=0.20s Sys=0.00s Real=0.10s
[288.605s][info][gc,start       ] GC(1002) Pause Young (Allocation Failure)
[288.710s][info][gc,heap        ] GC(1002) PSYoungGen: 199200K(199680K)->101872K(222720K) Eden: 122880K(122880K)->0K(111616K) From: 76320K(76800K)->101872K(111104K)
[288.710s][info][gc,heap        ] GC(1002) ParOldGen: 615119K(665088K)->615383K(665088K)
[288.710s][info][gc,metaspace   ] GC(1002) Metaspace: 18776K(18944K)->18776K(18944K) NonClass: 16947K(17088K)->16947K(17088K) Class: 1828K(1856K)->1828K(1856K)
[288.710s][info][gc             ] GC(1002) Pause Young (Allocation Failure) 795M->700M(867M) 104.796ms
[288.710s][info][gc,cpu         ] GC(1002) User=0.20s Sys=0.00s Real=0.11s
[288.837s][info][gc,start       ] GC(1003) Pause Young (Allocation Failure)
[288.981s][info][gc,promotion   ] GC(1003) Promotion failed
[288.981s][info][gc,heap        ] GC(1003) PSYoungGen: 213488K(222720K)->213488K(222720K) Eden: 111616K(111616K)->111616K(111616K) From: 101872K(111104K)->101872K(111104K)
[288.981s][info][gc,heap        ] GC(1003) ParOldGen: 615383K(665088K)->667644K(667648K)
[288.981s][info][gc,metaspace   ] GC(1003) Metaspace: 18776K(18944K)->18776K(18944K) NonClass: 16947K(17088K)->16947K(17088K) Class: 1828K(1856K)->1828K(1856K)
[288.981s][info][gc             ] GC(1003) Pause Young (Allocation Failure) 809M->860M(869M) 143.540ms
[288.981s][info][gc,cpu         ] GC(1003) User=0.25s Sys=0.04s Real=0.14s
[288.981s][info][gc,start       ] GC(1004) Pause Full (Allocation Failure)
[288.981s][info][gc,phases,start] GC(1004) Marking Phase
[289.502s][info][gc,phases      ] GC(1004) Marking Phase 521.616ms
[289.503s][info][gc,phases,start] GC(1004) Summary Phase
[289.503s][info][gc,phases      ] GC(1004) Summary Phase 0.031ms
[289.503s][info][gc,phases,start] GC(1004) Forward
[289.640s][info][gc,phases      ] GC(1004) Forward 137.807ms
[289.640s][info][gc,phases,start] GC(1004) Adjust Pointers
[290.045s][info][gc,phases      ] GC(1004) Adjust Pointers 404.075ms
[290.045s][info][gc,phases,start] GC(1004) Compaction Phase
[290.289s][info][gc,phases      ] GC(1004) Compaction Phase 244.251ms
[290.301s][info][gc,phases,start] GC(1004) Post Compact
[290.303s][info][gc,phases      ] GC(1004) Post Compact 2.735ms
[290.304s][info][gc,heap        ] GC(1004) PSYoungGen: 213488K(222720K)->5779K(222720K) Eden: 111616K(111616K)->0K(111616K) From: 101872K(111104K)->5779K(111104K)
[290.304s][info][gc,heap        ] GC(1004) ParOldGen: 667644K(667648K)->667247K(667648K)
[290.304s][info][gc,metaspace   ] GC(1004) Metaspace: 18776K(18944K)->18776K(18944K) NonClass: 16947K(17088K)->16947K(17088K) Class: 1828K(1856K)->1828K(1856K)
[290.304s][info][gc             ] GC(1004) Pause Full (Allocation Failure) 860M->657M(869M) 1322.702ms
[290.304s][info][gc,cpu         ] GC(1004) User=2.58s Sys=0.00s Real=1.32s
[290.387s][info][gc,start       ] GC(1005) Pause Full (Allocation Failure)
[290.387s][info][gc,phases,start] GC(1005) Marking Phase
[290.913s][info][gc,phases      ] GC(1005) Marking Phase 526.751ms
[290.914s][info][gc,phases,start] GC(1005) Summary Phase
[290.914s][info][gc,phases      ] GC(1005) Summary Phase 0.025ms
[290.914s][info][gc,phases,start] GC(1005) Forward
[290.925s][info][gc,phases      ] GC(1005) Forward 11.246ms
[290.925s][info][gc,phases,start] GC(1005) Adjust Pointers
[291.285s][info][gc,phases      ] GC(1005) Adjust Pointers 360.016ms
[291.285s][info][gc,phases,start] GC(1005) Compaction Phase
[291.432s][info][gc,phases      ] GC(1005) Compaction Phase 147.522ms
[291.433s][info][gc,phases,start] GC(1005) Post Compact
[291.435s][info][gc,phases      ] GC(1005) Post Compact 2.284ms
[291.435s][info][gc,heap        ] GC(1005) PSYoungGen: 117395K(222720K)->8967K(222720K) Eden: 111616K(111616K)->8967K(111616K) From: 5779K(111104K)->0K(111104K)
[291.435s][info][gc,heap        ] GC(1005) ParOldGen: 667247K(667648K)->667618K(667648K)
[291.435s][info][gc,metaspace   ] GC(1005) Metaspace: 18776K(18944K)->18776K(18944K) NonClass: 16947K(17088K)->16947K(17088K) Class: 1828K(1856K)->1828K(1856K)
[291.435s][info][gc             ] GC(1005) Pause Full (Allocation Failure) 766M->660M(869M) 1048.277ms
[291.435s][info][gc,cpu         ] GC(1005) User=2.04s Sys=0.00s Real=1.04s
[291.549s][info][gc,start       ] GC(1006) Pause Full (Allocation Failure)
[291.549s][info][gc,phases,start] GC(1006) Marking Phase
[291.952s][info][gc,phases      ] GC(1006) Marking Phase 402.711ms
[291.952s][info][gc,phases,start] GC(1006) Summary Phase
[291.952s][info][gc,phases      ] GC(1006) Summary Phase 0.027ms
[291.952s][info][gc,phases,start] GC(1006) Forward
[292.067s][info][gc,phases      ] GC(1006) Forward 114.701ms
[292.067s][info][gc,phases,start] GC(1006) Adjust Pointers
[292.373s][info][gc,phases      ] GC(1006) Adjust Pointers 306.839ms
[292.373s][info][gc,phases,start] GC(1006) Compaction Phase
[292.550s][info][gc,phases      ] GC(1006) Compaction Phase 176.651ms
[292.561s][info][gc,phases,start] GC(1006) Post Compact
[292.563s][info][gc,phases      ] GC(1006) Post Compact 2.333ms
[292.563s][info][gc,heap        ] GC(1006) PSYoungGen: 111616K(222720K)->0K(222720K) Eden: 111616K(111616K)->0K(111616K) From: 0K(111104K)->0K(111104K)
[292.563s][info][gc,heap        ] GC(1006) ParOldGen: 667618K(667648K)->545342K(667648K)
[292.563s][info][gc,metaspace   ] GC(1006) Metaspace: 18776K(18944K)->18776K(18944K) NonClass: 16947K(17088K)->16947K(17088K) Class: 1828K(1856K)->1828K(1856K)
[292.563s][info][gc             ] GC(1006) Pause Full (Allocation Failure) 760M->532M(869M) 1014.555ms
[292.564s][info][gc,cpu         ] GC(1006) User=1.94s Sys=0.00s Real=1.01s
[292.694s][info][gc,start       ] GC(1007) Pause Young (Allocation Failure)
[292.707s][info][gc,heap        ] GC(1007) PSYoungGen: 111616K(222720K)->4384K(222720K) Eden: 111616K(111616K)->0K(111616K) From: 0K(111104K)->4384K(111104K)
[292.707s][info][gc,heap        ] GC(1007) ParOldGen: 545342K(667648K)->545342K(667648K)
[292.707s][info][gc,metaspace   ] GC(1007) Metaspace: 18776K(18944K)->18776K(18944K) NonClass: 16947K(17088K)->16947K(17088K) Class: 1828K(1856K)->1828K(1856K)
[292.707s][info][gc             ] GC(1007) Pause Young (Allocation Failure) 641M->536M(869M) 12.426ms
[292.707s][info][gc,cpu         ] GC(1007) User=0.02s Sys=0.00s Real=0.02s
[292.824s][info][gc,start       ] GC(1008) Pause Young (Allocation Failure)
[292.831s][info][gc,heap        ] GC(1008) PSYoungGen: 116000K(222720K)->4672K(222720K) Eden: 111616K(111616K)->0K(111616K) From: 4384K(111104K)->4672K(111104K)
[292.831s][info][gc,heap        ] GC(1008) ParOldGen: 545342K(667648K)->545342K(667648K)
[292.831s][info][gc,metaspace   ] GC(1008) Metaspace: 18776K(18944K)->18776K(18944K) NonClass: 16947K(17088K)->16947K(17088K) Class: 1828K(1856K)->1828K(1856K)
[292.831s][info][gc             ] GC(1008) Pause Young (Allocation Failure) 645M->537M(869M) 7.517ms
[292.831s][info][gc,cpu         ] GC(1008) User=0.01s Sys=0.00s Real=0.01s
[293.002s][info][gc,start       ] GC(1009) Pause Young (Allocation Failure)
[293.025s][info][gc,heap        ] GC(1009) PSYoungGen: 116288K(222720K)->15163K(222720K) Eden: 111616K(111616K)->0K(111616K) From: 4672K(111104K)->15163K(111104K)
[293.025s][info][gc,heap        ] GC(1009) ParOldGen: 545342K(667648K)->550022K(667648K)
[293.025s][info][gc,metaspace   ] GC(1009) Metaspace: 18776K(18944K)->18776K(18944K) NonClass: 16947K(17088K)->16947K(17088K) Class: 1828K(1856K)->1828K(1856K)
[293.025s][info][gc             ] GC(1009) Pause Young (Allocation Failure) 646M->551M(869M) 22.652ms
[293.025s][info][gc,cpu         ] GC(1009) User=0.04s Sys=0.00s Real=0.02s
[293.102s][info][gc,start       ] GC(1010) Pause Young (Allocation Failure)
[293.144s][info][gc,heap        ] GC(1010) PSYoungGen: 126779K(222720K)->25024K(222720K) Eden: 111616K(111616K)->0K(111616K) From: 15163K(111104K)->25024K(111104K)
[293.144s][info][gc,heap        ] GC(1010) ParOldGen: 550022K(667648K)->565226K(667648K)
[293.144s][info][gc,metaspace   ] GC(1010) Metaspace: 18776K(18944K)->18776K(18944K) NonClass: 16947K(17088K)->16947K(17088K) Class: 1828K(1856K)->1828K(1856K)
[293.144s][info][gc             ] GC(1010) Pause Young (Allocation Failure) 660M->576M(869M) 41.894ms
[293.144s][info][gc,cpu         ] GC(1010) User=0.08s Sys=0.00s Real=0.04s
[293.283s][info][gc,start       ] GC(1011) Pause Young (Allocation Failure)
[293.312s][info][gc,heap        ] GC(1011) PSYoungGen: 136640K(222720K)->8320K(222720K) Eden: 111616K(111616K)->0K(111616K) From: 25024K(111104K)->8320K(111104K)
[293.312s][info][gc,heap        ] GC(1011) ParOldGen: 565226K(667648K)->581746K(667648K)
[293.312s][info][gc,metaspace   ] GC(1011) Metaspace: 18776K(18944K)->18776K(18944K) NonClass: 16947K(17088K)->16947K(17088K) Class: 1828K(1856K)->1828K(1856K)
[293.312s][info][gc             ] GC(1011) Pause Young (Allocation Failure) 685M->576M(869M) 29.019ms
[293.312s][info][gc,cpu         ] GC(1011) User=0.06s Sys=0.00s Real=0.03s
[293.448s][info][gc,start       ] GC(1012) Pause Young (Allocation Failure)
[293.472s][info][gc,heap        ] GC(1012) PSYoungGen: 119936K(222720K)->25488K(137216K) Eden: 111616K(111616K)->0K(111616K) From: 8320K(111104K)->25488K(25600K)
[293.472s][info][gc,heap        ] GC(1012) ParOldGen: 581746K(667648K)->583530K(667648K)
[293.472s][info][gc,metaspace   ] GC(1012) Metaspace: 18777K(18944K)->18777K(18944K) NonClass: 16948K(17088K)->16948K(17088K) Class: 1828K(1856K)->1828K(1856K)
[293.472s][info][gc             ] GC(1012) Pause Young (Allocation Failure) 685M->594M(786M) 24.693ms
[293.472s][info][gc,cpu         ] GC(1012) User=0.04s Sys=0.00s Real=0.02s
[293.625s][info][gc,start       ] GC(1013) Pause Young (Allocation Failure)
[293.659s][info][gc,heap        ] GC(1013) PSYoungGen: 137104K(137216K)->34416K(215552K) Eden: 111616K(111616K)->0K(117760K) From: 25488K(25600K)->34416K(97792K)
[293.659s][info][gc,heap        ] GC(1013) ParOldGen: 583530K(667648K)->583530K(667648K)
[293.659s][info][gc,metaspace   ] GC(1013) Metaspace: 18778K(18944K)->18778K(18944K) NonClass: 16949K(17088K)->16949K(17088K) Class: 1828K(1856K)->1828K(1856K)
[293.659s][info][gc             ] GC(1013) Pause Young (Allocation Failure) 703M->603M(862M) 33.639ms
[293.659s][info][gc,cpu         ] GC(1013) User=0.07s Sys=0.00s Real=0.04s
[293.771s][info][gc,start       ] GC(1014) Pause Young (Allocation Failure)
[293.805s][info][gc,heap        ] GC(1014) PSYoungGen: 152176K(215552K)->36544K(216576K) Eden: 117760K(117760K)->0K(117760K) From: 34416K(97792K)->36544K(98816K)
[293.805s][info][gc,heap        ] GC(1014) ParOldGen: 583530K(667648K)->583530K(667648K)
[293.805s][info][gc,metaspace   ] GC(1014) Metaspace: 18780K(18944K)->18780K(18944K) NonClass: 16951K(17088K)->16951K(17088K) Class: 1828K(1856K)->1828K(1856K)
[293.805s][info][gc             ] GC(1014) Pause Young (Allocation Failure) 718M->605M(863M) 34.047ms
[293.805s][info][gc,cpu         ] GC(1014) User=0.06s Sys=0.00s Real=0.03s
[294.058s][info][gc,start       ] GC(1015) Pause Young (Allocation Failure)
[294.095s][info][gc,heap        ] GC(1015) PSYoungGen: 154304K(216576K)->39616K(209920K) Eden: 117760K(117760K)->0K(123904K) From: 36544K(98816K)->39616K(86016K)
[294.095s][info][gc,heap        ] GC(1015) ParOldGen: 583530K(667648K)->583530K(667648K)
[294.095s][info][gc,metaspace   ] GC(1015) Metaspace: 18780K(18944K)->18780K(18944K) NonClass: 16951K(17088K)->16951K(17088K) Class: 1828K(1856K)->1828K(1856K)
[294.095s][info][gc             ] GC(1015) Pause Young (Allocation Failure) 720M->608M(857M) 37.805ms
[294.095s][info][gc,cpu         ] GC(1015) User=0.08s Sys=0.00s Real=0.03s
[294.333s][info][gc,start       ] GC(1016) Pause Young (Allocation Failure)
[294.377s][info][gc,heap        ] GC(1016) PSYoungGen: 163520K(209920K)->45696K(214016K) Eden: 123904K(123904K)->0K(123904K) From: 39616K(86016K)->45696K(90112K)
[294.377s][info][gc,heap        ] GC(1016) ParOldGen: 583530K(667648K)->583530K(667648K)
[294.377s][info][gc,metaspace   ] GC(1016) Metaspace: 18780K(18944K)->18780K(18944K) NonClass: 16951K(17088K)->16951K(17088K) Class: 1828K(1856K)->1828K(1856K)
[294.377s][info][gc             ] GC(1016) Pause Young (Allocation Failure) 729M->614M(861M) 43.868ms
[294.377s][info][gc,cpu         ] GC(1016) User=0.09s Sys=0.00s Real=0.05s
[294.511s][info][gc,start       ] GC(1017) Pause Young (Allocation Failure)
[294.563s][info][gc,heap        ] GC(1017) PSYoungGen: 169600K(214016K)->56400K(216576K) Eden: 123904K(123904K)->0K(128000K) From: 45696K(90112K)->56400K(88576K)
[294.563s][info][gc,heap        ] GC(1017) ParOldGen: 583530K(667648K)->583530K(667648K)
[294.563s][info][gc,metaspace   ] GC(1017) Metaspace: 18780K(18944K)->18780K(18944K) NonClass: 16951K(17088K)->16951K(17088K) Class: 1828K(1856K)->1828K(1856K)
[294.563s][info][gc             ] GC(1017) Pause Young (Allocation Failure) 735M->624M(863M) 51.870ms
[294.563s][info][gc,cpu         ] GC(1017) User=0.10s Sys=0.00s Real=0.05s
[294.686s][info][gc,start       ] GC(1018) Pause Young (Allocation Failure)
[294.722s][info][gc,heap        ] GC(1018) PSYoungGen: 184400K(216576K)->45744K(219136K) Eden: 128000K(128000K)->0K(128000K) From: 56400K(88576K)->45744K(91136K)
[294.722s][info][gc,heap        ] GC(1018) ParOldGen: 583530K(667648K)->583530K(667648K)
[294.722s][info][gc,metaspace   ] GC(1018) Metaspace: 18780K(18944K)->18780K(18944K) NonClass: 16951K(17088K)->16951K(17088K) Class: 1828K(1856K)->1828K(1856K)
[294.722s][info][gc             ] GC(1018) Pause Young (Allocation Failure) 749M->614M(866M) 36.682ms
[294.722s][info][gc,cpu         ] GC(1018) User=0.07s Sys=0.00s Real=0.04s
[294.801s][info][gc,start       ] GC(1019) Pause Young (Allocation Failure)
[294.869s][info][gc,heap        ] GC(1019) PSYoungGen: 173744K(219136K)->89056K(209920K) Eden: 128000K(128000K)->0K(120832K) From: 45744K(91136K)->89056K(89088K)
[294.869s][info][gc,heap        ] GC(1019) ParOldGen: 583530K(667648K)->586506K(667648K)
[294.869s][info][gc,metaspace   ] GC(1019) Metaspace: 18780K(18944K)->18780K(18944K) NonClass: 16951K(17088K)->16951K(17088K) Class: 1828K(1856K)->1828K(1856K)
[294.869s][info][gc             ] GC(1019) Pause Young (Allocation Failure) 739M->659M(857M) 68.213ms
[294.869s][info][gc,cpu         ] GC(1019) User=0.13s Sys=0.01s Real=0.07s
[295.056s][info][gc,start       ] GC(1020) Pause Young (Allocation Failure)
[295.117s][info][gc,heap        ] GC(1020) PSYoungGen: 209888K(209920K)->92592K(213504K) Eden: 120832K(120832K)->0K(120832K) From: 89056K(89088K)->92592K(92672K)
[295.117s][info][gc,heap        ] GC(1020) ParOldGen: 586506K(667648K)->586610K(667648K)
[295.117s][info][gc,metaspace   ] GC(1020) Metaspace: 18780K(18944K)->18780K(18944K) NonClass: 16951K(17088K)->16951K(17088K) Class: 1828K(1856K)->1828K(1856K)
[295.117s][info][gc             ] GC(1020) Pause Young (Allocation Failure) 777M->663M(860M) 60.657ms
[295.117s][info][gc,cpu         ] GC(1020) User=0.12s Sys=0.00s Real=0.06s
[295.305s][info][gc,start       ] GC(1021) Pause Young (Allocation Failure)
[295.402s][info][gc,heap        ] GC(1021) PSYoungGen: 213424K(213504K)->103888K(222720K) Eden: 120832K(120832K)->0K(111616K) From: 92592K(92672K)->103888K(111104K)
[295.403s][info][gc,heap        ] GC(1021) ParOldGen: 586610K(667648K)->586810K(667648K)
[295.403s][info][gc,metaspace   ] GC(1021) Metaspace: 18780K(18944K)->18780K(18944K) NonClass: 16951K(17088K)->16951K(17088K) Class: 1828K(1856K)->1828K(1856K)
[295.403s][info][gc             ] GC(1021) Pause Young (Allocation Failure) 781M->674M(869M) 97.921ms
[295.403s][info][gc,cpu         ] GC(1021) User=0.18s Sys=0.01s Real=0.10s
[295.527s][info][gc,start       ] GC(1022) Pause Young (Allocation Failure)
[295.643s][info][gc,heap        ] GC(1022) PSYoungGen: 215504K(222720K)->111088K(222720K) Eden: 111616K(111616K)->0K(111616K) From: 103888K(111104K)->111088K(111104K)
[295.643s][info][gc,heap        ] GC(1022) ParOldGen: 586810K(667648K)->598271K(667648K)
[295.643s][info][gc,metaspace   ] GC(1022) Metaspace: 18780K(18944K)->18780K(18944K) NonClass: 16951K(17088K)->16951K(17088K) Class: 1828K(1856K)->1828K(1856K)
[295.643s][info][gc             ] GC(1022) Pause Young (Allocation Failure) 783M->692M(869M) 115.777ms
[295.643s][info][gc,cpu         ] GC(1022) User=0.23s Sys=0.01s Real=0.11s
[295.770s][info][gc,start       ] GC(1023) Pause Young (Allocation Failure)
[295.898s][info][gc,promotion   ] GC(1023) Promotion failed
[295.898s][info][gc,heap        ] GC(1023) PSYoungGen: 222704K(222720K)->222704K(222720K) Eden: 111616K(111616K)->111616K(111616K) From: 111088K(111104K)->111088K(111104K)
[295.898s][info][gc,heap        ] GC(1023) ParOldGen: 598271K(667648K)->667647K(667648K)
[295.898s][info][gc,metaspace   ] GC(1023) Metaspace: 18780K(18944K)->18780K(18944K) NonClass: 16951K(17088K)->16951K(17088K) Class: 1828K(1856K)->1828K(1856K)
[295.898s][info][gc             ] GC(1023) Pause Young (Allocation Failure) 801M->869M(869M) 127.829ms
[295.898s][info][gc,cpu         ] GC(1023) User=0.25s Sys=0.00s Real=0.13s
[295.898s][info][gc,start       ] GC(1024) Pause Full (Allocation Failure)
[295.898s][info][gc,phases,start] GC(1024) Marking Phase
[296.287s][info][gc,phases      ] GC(1024) Marking Phase 389.043ms
[296.287s][info][gc,phases,start] GC(1024) Summary Phase
[296.287s][info][gc,phases      ] GC(1024) Summary Phase 0.032ms
[296.287s][info][gc,phases,start] GC(1024) Forward
[296.380s][info][gc,phases      ] GC(1024) Forward 92.517ms
[296.380s][info][gc,phases,start] GC(1024) Adjust Pointers
[296.681s][info][gc,phases      ] GC(1024) Adjust Pointers 300.976ms
[296.681s][info][gc,phases,start] GC(1024) Compaction Phase
[296.830s][info][gc,phases      ] GC(1024) Compaction Phase 148.689ms
[296.839s][info][gc,phases,start] GC(1024) Post Compact
[296.842s][info][gc,phases      ] GC(1024) Post Compact 2.762ms
[296.842s][info][gc,heap        ] GC(1024) PSYoungGen: 222704K(222720K)->0K(222720K) Eden: 111616K(111616K)->0K(111616K) From: 111088K(111104K)->0K(111104K)
[296.842s][info][gc,heap        ] GC(1024) ParOldGen: 667647K(667648K)->545283K(667648K)
[296.842s][info][gc,metaspace   ] GC(1024) Metaspace: 18780K(18944K)->18780K(18944K) NonClass: 16951K(17088K)->16951K(17088K) Class: 1828K(1856K)->1828K(1856K)
[296.842s][info][gc             ] GC(1024) Pause Full (Allocation Failure) 869M->532M(869M) 944.111ms
[296.842s][info][gc,cpu         ] GC(1024) User=1.77s Sys=0.00s Real=0.94s
[296.931s][info][gc,start       ] GC(1025) Pause Young (Allocation Failure)
[296.933s][info][gc,heap        ] GC(1025) PSYoungGen: 111616K(222720K)->224K(222720K) Eden: 111616K(111616K)->0K(111616K) From: 0K(111104K)->224K(111104K)
[296.933s][info][gc,heap        ] GC(1025) ParOldGen: 545283K(667648K)->545283K(667648K)
[296.933s][info][gc,metaspace   ] GC(1025) Metaspace: 18780K(18944K)->18780K(18944K) NonClass: 16951K(17088K)->16951K(17088K) Class: 1828K(1856K)->1828K(1856K)
[296.933s][info][gc             ] GC(1025) Pause Young (Allocation Failure) 641M->532M(869M) 2.088ms
[296.933s][info][gc,cpu         ] GC(1025) User=0.00s Sys=0.00s Real=0.00s
[297.059s][info][gc,start       ] GC(1026) Pause Young (Allocation Failure)
[297.067s][info][gc,heap        ] GC(1026) PSYoungGen: 111840K(222720K)->896K(222720K) Eden: 111616K(111616K)->0K(111616K) From: 224K(111104K)->896K(111104K)
[297.067s][info][gc,heap        ] GC(1026) ParOldGen: 545283K(667648K)->545283K(667648K)
[297.067s][info][gc,metaspace   ] GC(1026) Metaspace: 18780K(18944K)->18780K(18944K) NonClass: 16951K(17088K)->16951K(17088K) Class: 1828K(1856K)->1828K(1856K)
[297.068s][info][gc             ] GC(1026) Pause Young (Allocation Failure) 641M->533M(869M) 8.112ms
[297.068s][info][gc,cpu         ] GC(1026) User=0.02s Sys=0.00s Real=0.01s
[297.187s][info][gc,start       ] GC(1027) Pause Young (Allocation Failure)
[297.198s][info][gc,heap        ] GC(1027) PSYoungGen: 112512K(222720K)->4960K(222720K) Eden: 111616K(111616K)->0K(111616K) From: 896K(111104K)->4960K(111104K)
[297.198s][info][gc,heap        ] GC(1027) ParOldGen: 545283K(667648K)->545491K(667648K)
[297.198s][info][gc,metaspace   ] GC(1027) Metaspace: 18780K(18944K)->18780K(18944K) NonClass: 16951K(17088K)->16951K(17088K) Class: 1828K(1856K)->1828K(1856K)
[297.198s][info][gc             ] GC(1027) Pause Young (Allocation Failure) 642M->537M(869M) 11.155ms
[297.198s][info][gc,cpu         ] GC(1027) User=0.02s Sys=0.00s Real=0.01s
[297.356s][info][gc,start       ] GC(1028) Pause Young (Allocation Failure)
[297.375s][info][gc,heap        ] GC(1028) PSYoungGen: 116576K(222720K)->9888K(222720K) Eden: 111616K(111616K)->0K(111616K) From: 4960K(111104K)->9888K(111104K)
[297.375s][info][gc,heap        ] GC(1028) ParOldGen: 545491K(667648K)->550451K(667648K)
[297.375s][info][gc,metaspace   ] GC(1028) Metaspace: 18780K(18944K)->18780K(18944K) NonClass: 16951K(17088K)->16951K(17088K) Class: 1828K(1856K)->1828K(1856K)
[297.375s][info][gc             ] GC(1028) Pause Young (Allocation Failure) 646M->547M(869M) 18.747ms
[297.375s][info][gc,cpu         ] GC(1028) User=0.04s Sys=0.00s Real=0.01s
[297.545s][info][gc,start       ] GC(1029) Pause Young (Allocation Failure)
[297.573s][info][gc,heap        ] GC(1029) PSYoungGen: 121504K(222720K)->14192K(222720K) Eden: 111616K(111616K)->0K(111616K) From: 9888K(111104K)->14192K(111104K)
[297.573s][info][gc,heap        ] GC(1029) ParOldGen: 550451K(667648K)->560355K(667648K)
[297.573s][info][gc,metaspace   ] GC(1029) Metaspace: 18780K(18944K)->18780K(18944K) NonClass: 16951K(17088K)->16951K(17088K) Class: 1828K(1856K)->1828K(1856K)
[297.573s][info][gc             ] GC(1029) Pause Young (Allocation Failure) 656M->561M(869M) 28.106ms
[297.573s][info][gc,cpu         ] GC(1029) User=0.06s Sys=0.00s Real=0.03s
[297.867s][info][gc,start       ] GC(1030) Pause Young (Allocation Failure)
[297.901s][info][gc,heap        ] GC(1030) PSYoungGen: 125808K(222720K)->4832K(222720K) Eden: 111616K(111616K)->0K(111616K) From: 14192K(111104K)->4832K(111104K)
[297.901s][info][gc,heap        ] GC(1030) ParOldGen: 560355K(667648K)->574547K(667648K)
[297.901s][info][gc,metaspace   ] GC(1030) Metaspace: 18780K(18944K)->18780K(18944K) NonClass: 16951K(17088K)->16951K(17088K) Class: 1828K(1856K)->1828K(1856K)
[297.901s][info][gc             ] GC(1030) Pause Young (Allocation Failure) 670M->565M(869M) 34.255ms
[297.901s][info][gc,cpu         ] GC(1030) User=0.07s Sys=0.00s Real=0.03s
[298.174s][info][gc,start       ] GC(1031) Pause Young (Allocation Failure)
[298.182s][info][gc,heap        ] GC(1031) PSYoungGen: 116448K(222720K)->928K(222720K) Eden: 111616K(111616K)->0K(111616K) From: 4832K(111104K)->928K(111104K)
[298.182s][info][gc,heap        ] GC(1031) ParOldGen: 574547K(667648K)->579387K(667648K)
[298.182s][info][gc,metaspace   ] GC(1031) Metaspace: 18780K(18944K)->18780K(18944K) NonClass: 16951K(17088K)->16951K(17088K) Class: 1828K(1856K)->1828K(1856K)
[298.182s][info][gc             ] GC(1031) Pause Young (Allocation Failure) 674M->566M(869M) 8.029ms
[298.182s][info][gc,cpu         ] GC(1031) User=0.02s Sys=0.00s Real=0.01s
[298.241s][info][gc,start       ] GC(1032) Pause Young (Allocation Failure)
[298.270s][info][gc,heap        ] GC(1032) PSYoungGen: 112544K(222720K)->39584K(222720K) Eden: 111616K(111616K)->0K(111616K) From: 928K(111104K)->39584K(111104K)
[298.270s][info][gc,heap        ] GC(1032) ParOldGen: 579387K(667648K)->580299K(667648K)
[298.270s][info][gc,metaspace   ] GC(1032) Metaspace: 18782K(18944K)->18782K(18944K) NonClass: 16953K(17088K)->16953K(17088K) Class: 1828K(1856K)->1828K(1856K)
[298.270s][info][gc             ] GC(1032) Pause Young (Allocation Failure) 675M->605M(869M) 28.997ms
[298.270s][info][gc,cpu         ] GC(1032) User=0.05s Sys=0.00s Real=0.03s
[298.439s][info][gc,start       ] GC(1033) Pause Young (Allocation Failure)
[298.477s][info][gc,heap        ] GC(1033) PSYoungGen: 151200K(222720K)->7936K(222720K) Eden: 111616K(111616K)->0K(111616K) From: 39584K(111104K)->7936K(111104K)
[298.478s][info][gc,heap        ] GC(1033) ParOldGen: 580299K(667648K)->620336K(667648K)
[298.478s][info][gc,metaspace   ] GC(1033) Metaspace: 18782K(18944K)->18782K(18944K) NonClass: 16953K(17088K)->16953K(17088K) Class: 1828K(1856K)->1828K(1856K)
[298.478s][info][gc             ] GC(1033) Pause Young (Allocation Failure) 714M->613M(869M) 39.074ms
[298.478s][info][gc,cpu         ] GC(1033) User=0.07s Sys=0.00s Real=0.04s
[298.651s][info][gc,start       ] GC(1034) Pause Young (Allocation Failure)
[298.674s][info][gc,heap        ] GC(1034) PSYoungGen: 119552K(222720K)->6848K(222720K) Eden: 111616K(111616K)->0K(111616K) From: 7936K(111104K)->6848K(111104K)
[298.674s][info][gc,heap        ] GC(1034) ParOldGen: 620336K(667648K)->628000K(667648K)
[298.674s][info][gc,metaspace   ] GC(1034) Metaspace: 18782K(18944K)->18782K(18944K) NonClass: 16953K(17088K)->16953K(17088K) Class: 1828K(1856K)->1828K(1856K)
[298.674s][info][gc             ] GC(1034) Pause Young (Allocation Failure) 722M->619M(869M) 23.309ms
[298.674s][info][gc,cpu         ] GC(1034) User=0.04s Sys=0.00s Real=0.02s
[298.841s][info][gc,start       ] GC(1035) Pause Young (Allocation Failure)
[298.859s][info][gc,heap        ] GC(1035) PSYoungGen: 118464K(222720K)->6560K(118272K) Eden: 111616K(111616K)->0K(111616K) From: 6848K(111104K)->6560K(6656K)
[298.859s][info][gc,heap        ] GC(1035) ParOldGen: 628000K(667648K)->634856K(667648K)
[298.859s][info][gc,metaspace   ] GC(1035) Metaspace: 18782K(18944K)->18782K(18944K) NonClass: 16953K(17088K)->16953K(17088K) Class: 1828K(1856K)->1828K(1856K)
[298.859s][info][gc             ] GC(1035) Pause Young (Allocation Failure) 728M->626M(767M) 17.924ms
[298.859s][info][gc,cpu         ] GC(1035) User=0.04s Sys=0.00s Real=0.02s
[298.985s][info][gc,start       ] GC(1036) Pause Young (Allocation Failure)
[299.012s][info][gc,heap        ] GC(1036) PSYoungGen: 118176K(118272K)->22304K(216576K) Eden: 111616K(111616K)->0K(117760K) From: 6560K(6656K)->22304K(98816K)
[299.012s][info][gc,heap        ] GC(1036) ParOldGen: 634856K(667648K)->634856K(667648K)
[299.012s][info][gc,metaspace   ] GC(1036) Metaspace: 18782K(18944K)->18782K(18944K) NonClass: 16953K(17088K)->16953K(17088K) Class: 1828K(1856K)->1828K(1856K)
[299.012s][info][gc             ] GC(1036) Pause Young (Allocation Failure) 735M->641M(863M) 26.226ms
[299.012s][info][gc,cpu         ] GC(1036) User=0.05s Sys=0.00s Real=0.03s
[299.118s][info][gc,start       ] GC(1037) Pause Young (Allocation Failure)
[299.145s][info][gc,heap        ] GC(1037) PSYoungGen: 140064K(216576K)->23360K(141312K) Eden: 117760K(117760K)->0K(117760K) From: 22304K(98816K)->23360K(23552K)
[299.145s][info][gc,heap        ] GC(1037) ParOldGen: 634856K(667648K)->634856K(667648K)
[299.145s][info][gc,metaspace   ] GC(1037) Metaspace: 18782K(18944K)->18782K(18944K) NonClass: 16953K(17088K)->16953K(17088K) Class: 1828K(1856K)->1828K(1856K)
[299.145s][info][gc             ] GC(1037) Pause Young (Allocation Failure) 756M->642M(790M) 26.847ms
[299.145s][info][gc,cpu         ] GC(1037) User=0.05s Sys=0.00s Real=0.02s
[299.278s][info][gc,start       ] GC(1038) Pause Young (Allocation Failure)
[299.310s][info][gc,heap        ] GC(1038) PSYoungGen: 141120K(141312K)->29440K(207360K) Eden: 117760K(117760K)->0K(124416K) From: 23360K(23552K)->29440K(82944K)
[299.310s][info][gc,heap        ] GC(1038) ParOldGen: 634856K(667648K)->634856K(667648K)
[299.310s][info][gc,metaspace   ] GC(1038) Metaspace: 18782K(18944K)->18782K(18944K) NonClass: 16953K(17088K)->16953K(17088K) Class: 1828K(1856K)->1828K(1856K)
[299.310s][info][gc             ] GC(1038) Pause Young (Allocation Failure) 757M->648M(854M) 31.658ms
[299.310s][info][gc,cpu         ] GC(1038) User=0.06s Sys=0.01s Real=0.03s
[299.536s][info][gc,start       ] GC(1039) Pause Young (Allocation Failure)
[299.579s][info][gc,heap        ] GC(1039) PSYoungGen: 153856K(207360K)->40992K(212480K) Eden: 124416K(124416K)->0K(124416K) From: 29440K(82944K)->40992K(88064K)
[299.579s][info][gc,heap        ] GC(1039) ParOldGen: 634856K(667648K)->634856K(667648K)
[299.579s][info][gc,metaspace   ] GC(1039) Metaspace: 18782K(18944K)->18782K(18944K) NonClass: 16953K(17088K)->16953K(17088K) Class: 1828K(1856K)->1828K(1856K)
[299.579s][info][gc             ] GC(1039) Pause Young (Allocation Failure) 770M->660M(859M) 43.979ms
[299.580s][info][gc,cpu         ] GC(1039) User=0.08s Sys=0.00s Real=0.05s
[299.892s][info][gc,start       ] GC(1040) Pause Young (Allocation Failure)
[299.934s][info][gc,heap        ] GC(1040) PSYoungGen: 165408K(212480K)->41056K(216064K) Eden: 124416K(124416K)->0K(131072K) From: 40992K(88064K)->41056K(84992K)
[299.934s][info][gc,heap        ] GC(1040) ParOldGen: 634856K(667648K)->634856K(667648K)
[299.934s][info][gc,metaspace   ] GC(1040) Metaspace: 18782K(18944K)->18782K(18944K) NonClass: 16953K(17088K)->16953K(17088K) Class: 1828K(1856K)->1828K(1856K)
[299.934s][info][gc             ] GC(1040) Pause Young (Allocation Failure) 781M->660M(863M) 42.211ms
[299.934s][info][gc,cpu         ] GC(1040) User=0.09s Sys=0.00s Real=0.04s
[300.235s][info][gc,start       ] GC(1041) Pause Young (Allocation Failure)
[300.278s][info][gc,heap        ] GC(1041) PSYoungGen: 172128K(216064K)->41056K(217600K) Eden: 131072K(131072K)->0K(131072K) From: 41056K(84992K)->41056K(86528K)
[300.278s][info][gc,heap        ] GC(1041) ParOldGen: 634856K(667648K)->634856K(667648K)
[300.278s][info][gc,metaspace   ] GC(1041) Metaspace: 18782K(18944K)->18782K(18944K) NonClass: 16953K(17088K)->16953K(17088K) Class: 1828K(1856K)->1828K(1856K)
[300.278s][info][gc             ] GC(1041) Pause Young (Allocation Failure) 788M->660M(864M) 43.357ms
[300.278s][info][gc,cpu         ] GC(1041) User=0.09s Sys=0.00s Real=0.05s
[300.545s][info][gc,start       ] GC(1042) Pause Young (Allocation Failure)
[300.593s][info][gc,heap        ] GC(1042) PSYoungGen: 172128K(217600K)->41088K(220160K) Eden: 131072K(131072K)->0K(137728K) From: 41056K(86528K)->41088K(82432K)
[300.593s][info][gc,heap        ] GC(1042) ParOldGen: 634856K(667648K)->634856K(667648K)
[300.594s][info][gc,metaspace   ] GC(1042) Metaspace: 18782K(18944K)->18782K(18944K) NonClass: 16953K(17088K)->16953K(17088K) Class: 1828K(1856K)->1828K(1856K)
[300.594s][info][gc             ] GC(1042) Pause Young (Allocation Failure) 788M->660M(867M) 48.306ms
[300.594s][info][gc,cpu         ] GC(1042) User=0.09s Sys=0.00s Real=0.05s
[300.787s][info][gc,start       ] GC(1043) Pause Young (Allocation Failure)
[300.856s][info][gc,heap        ] GC(1043) PSYoungGen: 178816K(220160K)->66032K(221696K) Eden: 137728K(137728K)->0K(137728K) From: 41088K(82432K)->66032K(83968K)
[300.856s][info][gc,heap        ] GC(1043) ParOldGen: 634856K(667648K)->634856K(667648K)
[300.856s][info][gc,metaspace   ] GC(1043) Metaspace: 18782K(18944K)->18782K(18944K) NonClass: 16953K(17088K)->16953K(17088K) Class: 1828K(1856K)->1828K(1856K)
[300.856s][info][gc             ] GC(1043) Pause Young (Allocation Failure) 794M->684M(868M) 68.900ms
[300.856s][info][gc,cpu         ] GC(1043) User=0.14s Sys=0.00s Real=0.06s
[300.979s][info][gc,start       ] GC(1044) Pause Young (Allocation Failure)
[301.088s][info][gc,heap        ] GC(1044) PSYoungGen: 203760K(221696K)->91616K(203264K) Eden: 137728K(137728K)->0K(111616K) From: 66032K(83968K)->91616K(91648K)
[301.088s][info][gc,heap        ] GC(1044) ParOldGen: 634856K(667648K)->657160K(667648K)
[301.088s][info][gc,metaspace   ] GC(1044) Metaspace: 18782K(18944K)->18782K(18944K) NonClass: 16953K(17088K)->16953K(17088K) Class: 1828K(1856K)->1828K(1856K)
[301.088s][info][gc             ] GC(1044) Pause Young (Allocation Failure) 818M->731M(850M) 109.158ms
[301.088s][info][gc,cpu         ] GC(1044) User=0.20s Sys=0.02s Real=0.11s
[301.201s][info][gc,start       ] GC(1045) Pause Full (Allocation Failure)
[301.201s][info][gc,phases,start] GC(1045) Marking Phase
[301.479s][info][gc,phases      ] GC(1045) Marking Phase 277.615ms
[301.479s][info][gc,phases,start] GC(1045) Summary Phase
[301.479s][info][gc,phases      ] GC(1045) Summary Phase 0.031ms
[301.479s][info][gc,phases,start] GC(1045) Forward
[301.583s][info][gc,phases      ] GC(1045) Forward 104.433ms
[301.583s][info][gc,phases,start] GC(1045) Adjust Pointers
[301.787s][info][gc,phases      ] GC(1045) Adjust Pointers 203.491ms
[301.787s][info][gc,phases,start] GC(1045) Compaction Phase
[301.920s][info][gc,phases      ] GC(1045) Compaction Phase 132.842ms
[301.929s][info][gc,phases,start] GC(1045) Post Compact
[301.931s][info][gc,phases      ] GC(1045) Post Compact 2.459ms
[301.932s][info][gc,heap        ] GC(1045) PSYoungGen: 203232K(203264K)->0K(222720K) Eden: 111616K(111616K)->0K(111616K) From: 91616K(91648K)->0K(111104K)
[301.932s][info][gc,heap        ] GC(1045) ParOldGen: 657160K(667648K)->400590K(659968K)
[301.932s][info][gc,metaspace   ] GC(1045) Metaspace: 18782K(18944K)->18782K(18944K) NonClass: 16953K(17088K)->16953K(17088K) Class: 1828K(1856K)->1828K(1856K)
[301.932s][info][gc             ] GC(1045) Pause Full (Allocation Failure) 840M->391M(862M) 731.020ms
[301.932s][info][gc,cpu         ] GC(1045) User=1.34s Sys=0.00s Real=0.73s
[302.054s][info][gc,start       ] GC(1046) Pause Young (Allocation Failure)
[302.080s][info][gc,heap        ] GC(1046) PSYoungGen: 111616K(222720K)->18329K(222720K) Eden: 111616K(111616K)->0K(111616K) From: 0K(111104K)->18329K(111104K)
[302.080s][info][gc,heap        ] GC(1046) ParOldGen: 400590K(659968K)->400590K(659968K)
[302.080s][info][gc,metaspace   ] GC(1046) Metaspace: 18782K(18944K)->18782K(18944K) NonClass: 16953K(17088K)->16953K(17088K) Class: 1828K(1856K)->1828K(1856K)
[302.080s][info][gc             ] GC(1046) Pause Young (Allocation Failure) 500M->409M(862M) 25.504ms
[302.080s][info][gc,cpu         ] GC(1046) User=0.05s Sys=0.00s Real=0.03s
[302.134s][info][gc,start       ] GC(1047) Pause Young (Allocation Failure)
[302.198s][info][gc,heap        ] GC(1047) PSYoungGen: 129945K(222720K)->71625K(222720K) Eden: 111616K(111616K)->0K(111616K) From: 18329K(111104K)->71625K(111104K)
[302.198s][info][gc,heap        ] GC(1047) ParOldGen: 400590K(659968K)->400590K(659968K)
[302.198s][info][gc,metaspace   ] GC(1047) Metaspace: 18782K(18944K)->18782K(18944K) NonClass: 16953K(17088K)->16953K(17088K) Class: 1828K(1856K)->1828K(1856K)
[302.198s][info][gc             ] GC(1047) Pause Young (Allocation Failure) 518M->461M(862M) 63.524ms
[302.198s][info][gc,cpu         ] GC(1047) User=0.12s Sys=0.00s Real=0.07s
[302.332s][info][gc,start       ] GC(1048) Pause Young (Allocation Failure)
[302.407s][info][gc,heap        ] GC(1048) PSYoungGen: 183241K(222720K)->93481K(222720K) Eden: 111616K(111616K)->0K(111616K) From: 71625K(111104K)->93481K(111104K)
[302.407s][info][gc,heap        ] GC(1048) ParOldGen: 400590K(659968K)->400590K(659968K)
[302.407s][info][gc,metaspace   ] GC(1048) Metaspace: 18782K(18944K)->18782K(18944K) NonClass: 16953K(17088K)->16953K(17088K) Class: 1828K(1856K)->1828K(1856K)
[302.407s][info][gc             ] GC(1048) Pause Young (Allocation Failure) 570M->482M(862M) 74.794ms
[302.407s][info][gc,cpu         ] GC(1048) User=0.15s Sys=0.00s Real=0.08s
[302.490s][info][gc,start       ] GC(1049) Pause Young (Allocation Failure)
[302.565s][info][gc,heap        ] GC(1049) PSYoungGen: 205097K(222720K)->95641K(222720K) Eden: 111616K(111616K)->0K(111616K) From: 93481K(111104K)->95641K(111104K)
[302.565s][info][gc,heap        ] GC(1049) ParOldGen: 400590K(659968K)->400590K(659968K)
[302.565s][info][gc,metaspace   ] GC(1049) Metaspace: 18782K(18944K)->18782K(18944K) NonClass: 16953K(17088K)->16953K(17088K) Class: 1828K(1856K)->1828K(1856K)
[302.565s][info][gc             ] GC(1049) Pause Young (Allocation Failure) 591M->484M(862M) 75.414ms
[302.565s][info][gc,cpu         ] GC(1049) User=0.15s Sys=0.01s Real=0.07s
[302.712s][info][gc,start       ] GC(1050) Pause Young (Allocation Failure)
[302.824s][info][gc,heap        ] GC(1050) PSYoungGen: 207257K(222720K)->111097K(222720K) Eden: 111616K(111616K)->0K(111616K) From: 95641K(111104K)->111097K(111104K)
[302.824s][info][gc,heap        ] GC(1050) ParOldGen: 400590K(659968K)->400974K(659968K)
[302.824s][info][gc,metaspace   ] GC(1050) Metaspace: 18782K(18944K)->18782K(18944K) NonClass: 16953K(17088K)->16953K(17088K) Class: 1828K(1856K)->1828K(1856K)
[302.824s][info][gc             ] GC(1050) Pause Young (Allocation Failure) 593M->500M(862M) 111.395ms
[302.824s][info][gc,cpu         ] GC(1050) User=0.22s Sys=0.00s Real=0.11s
[302.968s][info][gc,start       ] GC(1051) Pause Young (Allocation Failure)
[303.079s][info][gc,heap        ] GC(1051) PSYoungGen: 222713K(222720K)->43136K(222720K) Eden: 111616K(111616K)->0K(111616K) From: 111097K(111104K)->43136K(111104K)
[303.079s][info][gc,heap        ] GC(1051) ParOldGen: 400974K(659968K)->473264K(659968K)
[303.079s][info][gc,metaspace   ] GC(1051) Metaspace: 18782K(18944K)->18782K(18944K) NonClass: 16953K(17088K)->16953K(17088K) Class: 1828K(1856K)->1828K(1856K)
[303.079s][info][gc             ] GC(1051) Pause Young (Allocation Failure) 609M->504M(862M) 111.535ms
[303.079s][info][gc,cpu         ] GC(1051) User=0.22s Sys=0.00s Real=0.11s
[303.233s][info][gc,start       ] GC(1052) Pause Young (Allocation Failure)
[303.285s][info][gc,heap        ] GC(1052) PSYoungGen: 154752K(222720K)->19072K(222720K) Eden: 111616K(111616K)->0K(111616K) From: 43136K(111104K)->19072K(111104K)
[303.285s][info][gc,heap        ] GC(1052) ParOldGen: 473264K(659968K)->497576K(659968K)
[303.285s][info][gc,metaspace   ] GC(1052) Metaspace: 18782K(18944K)->18782K(18944K) NonClass: 16953K(17088K)->16953K(17088K) Class: 1828K(1856K)->1828K(1856K)
[303.285s][info][gc             ] GC(1052) Pause Young (Allocation Failure) 613M->504M(862M) 52.007ms
[303.285s][info][gc,cpu         ] GC(1052) User=0.11s Sys=0.00s Real=0.05s
[303.439s][info][gc,start       ] GC(1053) Pause Young (Allocation Failure)
[303.471s][info][gc,heap        ] GC(1053) PSYoungGen: 130688K(222720K)->32K(222720K) Eden: 111616K(111616K)->0K(111616K) From: 19072K(111104K)->32K(111104K)
[303.471s][info][gc,heap        ] GC(1053) ParOldGen: 497576K(659968K)->516680K(659968K)
[303.471s][info][gc,metaspace   ] GC(1053) Metaspace: 18782K(18944K)->18782K(18944K) NonClass: 16953K(17088K)->16953K(17088K) Class: 1828K(1856K)->1828K(1856K)
[303.471s][info][gc             ] GC(1053) Pause Young (Allocation Failure) 613M->504M(862M) 32.267ms
[303.471s][info][gc,cpu         ] GC(1053) User=0.06s Sys=0.00s Real=0.03s
[303.628s][info][gc,start       ] GC(1054) Pause Young (Allocation Failure)
[303.630s][info][gc,heap        ] GC(1054) PSYoungGen: 111648K(222720K)->64K(222720K) Eden: 111616K(111616K)->0K(111616K) From: 32K(111104K)->64K(111104K)
[303.630s][info][gc,heap        ] GC(1054) ParOldGen: 516680K(659968K)->516680K(659968K)
[303.630s][info][gc,metaspace   ] GC(1054) Metaspace: 18782K(18944K)->18782K(18944K) NonClass: 16953K(17088K)->16953K(17088K) Class: 1828K(1856K)->1828K(1856K)
[303.630s][info][gc             ] GC(1054) Pause Young (Allocation Failure) 613M->504M(862M) 1.815ms
[303.630s][info][gc,cpu         ] GC(1054) User=0.00s Sys=0.00s Real=0.00s
[303.784s][info][gc,start       ] GC(1055) Pause Young (Allocation Failure)
[303.786s][info][gc,heap        ] GC(1055) PSYoungGen: 111680K(222720K)->64K(222720K) Eden: 111616K(111616K)->0K(111616K) From: 64K(111104K)->64K(111104K)
[303.786s][info][gc,heap        ] GC(1055) ParOldGen: 516680K(659968K)->516680K(659968K)
[303.786s][info][gc,metaspace   ] GC(1055) Metaspace: 18782K(18944K)->18782K(18944K) NonClass: 16953K(17088K)->16953K(17088K) Class: 1828K(1856K)->1828K(1856K)
[303.786s][info][gc             ] GC(1055) Pause Young (Allocation Failure) 613M->504M(862M) 1.753ms
[303.786s][info][gc,cpu         ] GC(1055) User=0.01s Sys=0.00s Real=0.00s
[303.937s][info][gc,start       ] GC(1056) Pause Young (Allocation Failure)
[303.938s][info][gc,heap        ] GC(1056) PSYoungGen: 111680K(222720K)->64K(222720K) Eden: 111616K(111616K)->0K(111616K) From: 64K(111104K)->64K(111104K)
[303.939s][info][gc,heap        ] GC(1056) ParOldGen: 516680K(659968K)->516680K(659968K)
[303.939s][info][gc,metaspace   ] GC(1056) Metaspace: 18782K(18944K)->18782K(18944K) NonClass: 16953K(17088K)->16953K(17088K) Class: 1828K(1856K)->1828K(1856K)
[303.939s][info][gc             ] GC(1056) Pause Young (Allocation Failure) 613M->504M(862M) 1.768ms
[303.939s][info][gc,cpu         ] GC(1056) User=0.00s Sys=0.00s Real=0.00s
[304.093s][info][gc,start       ] GC(1057) Pause Young (Allocation Failure)
[304.095s][info][gc,heap        ] GC(1057) PSYoungGen: 111680K(222720K)->64K(222720K) Eden: 111616K(111616K)->0K(111616K) From: 64K(111104K)->64K(111104K)
[304.095s][info][gc,heap        ] GC(1057) ParOldGen: 516680K(659968K)->516680K(659968K)
[304.095s][info][gc,metaspace   ] GC(1057) Metaspace: 18782K(18944K)->18782K(18944K) NonClass: 16953K(17088K)->16953K(17088K) Class: 1828K(1856K)->1828K(1856K)
[304.095s][info][gc             ] GC(1057) Pause Young (Allocation Failure) 613M->504M(862M) 1.791ms
[304.095s][info][gc,cpu         ] GC(1057) User=0.01s Sys=0.00s Real=0.00s
[304.248s][info][gc,start       ] GC(1058) Pause Young (Allocation Failure)
[304.249s][info][gc,heap        ] GC(1058) PSYoungGen: 111680K(222720K)->64K(222720K) Eden: 111616K(111616K)->0K(111616K) From: 64K(111104K)->64K(111104K)
[304.249s][info][gc,heap        ] GC(1058) ParOldGen: 516680K(659968K)->516680K(659968K)
[304.249s][info][gc,metaspace   ] GC(1058) Metaspace: 18782K(18944K)->18782K(18944K) NonClass: 16953K(17088K)->16953K(17088K) Class: 1828K(1856K)->1828K(1856K)
[304.249s][info][gc             ] GC(1058) Pause Young (Allocation Failure) 613M->504M(862M) 1.784ms
[304.250s][info][gc,cpu         ] GC(1058) User=0.00s Sys=0.00s Real=0.00s
[304.401s][info][gc,start       ] GC(1059) Pause Young (Allocation Failure)
[304.403s][info][gc,heap        ] GC(1059) PSYoungGen: 111680K(222720K)->64K(222720K) Eden: 111616K(111616K)->0K(111616K) From: 64K(111104K)->64K(111104K)
[304.403s][info][gc,heap        ] GC(1059) ParOldGen: 516680K(659968K)->516680K(659968K)
[304.403s][info][gc,metaspace   ] GC(1059) Metaspace: 18782K(18944K)->18782K(18944K) NonClass: 16953K(17088K)->16953K(17088K) Class: 1828K(1856K)->1828K(1856K)
[304.403s][info][gc             ] GC(1059) Pause Young (Allocation Failure) 613M->504M(862M) 1.767ms
[304.403s][info][gc,cpu         ] GC(1059) User=0.01s Sys=0.00s Real=0.00s
[304.555s][info][gc,start       ] GC(1060) Pause Young (Allocation Failure)
[304.557s][info][gc,heap        ] GC(1060) PSYoungGen: 111680K(222720K)->64K(222720K) Eden: 111616K(111616K)->0K(111616K) From: 64K(111104K)->64K(111104K)
[304.557s][info][gc,heap        ] GC(1060) ParOldGen: 516680K(659968K)->516680K(659968K)
[304.557s][info][gc,metaspace   ] GC(1060) Metaspace: 18782K(18944K)->18782K(18944K) NonClass: 16953K(17088K)->16953K(17088K) Class: 1828K(1856K)->1828K(1856K)
[304.557s][info][gc             ] GC(1060) Pause Young (Allocation Failure) 613M->504M(862M) 1.898ms
[304.557s][info][gc,cpu         ] GC(1060) User=0.00s Sys=0.00s Real=0.01s
[304.713s][info][gc,start       ] GC(1061) Pause Young (Allocation Failure)
[304.715s][info][gc,heap        ] GC(1061) PSYoungGen: 111680K(222720K)->64K(222720K) Eden: 111616K(111616K)->0K(111616K) From: 64K(111104K)->64K(111104K)
[304.715s][info][gc,heap        ] GC(1061) ParOldGen: 516680K(659968K)->516680K(659968K)
[304.715s][info][gc,metaspace   ] GC(1061) Metaspace: 18782K(18944K)->18782K(18944K) NonClass: 16953K(17088K)->16953K(17088K) Class: 1828K(1856K)->1828K(1856K)
[304.715s][info][gc             ] GC(1061) Pause Young (Allocation Failure) 613M->504M(862M) 1.845ms
[304.715s][info][gc,cpu         ] GC(1061) User=0.00s Sys=0.00s Real=0.00s
[304.829s][info][gc,start       ] GC(1062) Pause Young (Allocation Failure)
[304.862s][info][gc,heap        ] GC(1062) PSYoungGen: 111680K(222720K)->20096K(205312K) Eden: 111616K(111616K)->0K(111616K) From: 64K(111104K)->20096K(93696K)
[304.862s][info][gc,heap        ] GC(1062) ParOldGen: 516680K(659968K)->516680K(659968K)
[304.862s][info][gc,metaspace   ] GC(1062) Metaspace: 18782K(18944K)->18782K(18944K) NonClass: 16953K(17088K)->16953K(17088K) Class: 1828K(1856K)->1828K(1856K)
[304.862s][info][gc             ] GC(1062) Pause Young (Allocation Failure) 613M->524M(845M) 33.754ms
[304.862s][info][gc,cpu         ] GC(1062) User=0.06s Sys=0.00s Real=0.03s
[304.983s][info][gc,start       ] GC(1063) Pause Young (Allocation Failure)
[305.021s][info][gc,heap        ] GC(1063) PSYoungGen: 131712K(205312K)->33728K(214016K) Eden: 111616K(111616K)->0K(111616K) From: 20096K(93696K)->33728K(102400K)
[305.021s][info][gc,heap        ] GC(1063) ParOldGen: 516680K(659968K)->516680K(659968K)
[305.021s][info][gc,metaspace   ] GC(1063) Metaspace: 18782K(18944K)->18782K(18944K) NonClass: 16953K(17088K)->16953K(17088K) Class: 1828K(1856K)->1828K(1856K)
[305.021s][info][gc             ] GC(1063) Pause Young (Allocation Failure) 633M->537M(853M) 37.261ms
[305.021s][info][gc,cpu         ] GC(1063) User=0.08s Sys=0.00s Real=0.04s
[305.096s][info][gc,start       ] GC(1064) Pause Young (Allocation Failure)
[305.137s][info][gc,heap        ] GC(1064) PSYoungGen: 145344K(214016K)->37792K(216576K) Eden: 111616K(111616K)->0K(118784K) From: 33728K(102400K)->37792K(97792K)
[305.138s][info][gc,heap        ] GC(1064) ParOldGen: 516680K(659968K)->516680K(659968K)
[305.138s][info][gc,metaspace   ] GC(1064) Metaspace: 18782K(18944K)->18782K(18944K) NonClass: 16953K(17088K)->16953K(17088K) Class: 1828K(1856K)->1828K(1856K)
[305.138s][info][gc             ] GC(1064) Pause Young (Allocation Failure) 646M->541M(856M) 41.185ms
[305.138s][info][gc,cpu         ] GC(1064) User=0.08s Sys=0.00s Real=0.04s
[305.241s][info][gc,start       ] GC(1065) Pause Young (Allocation Failure)
[305.284s][info][gc,heap        ] GC(1065) PSYoungGen: 156576K(216576K)->39104K(216064K) Eden: 118784K(118784K)->0K(118784K) From: 37792K(97792K)->39104K(97280K)
[305.284s][info][gc,heap        ] GC(1065) ParOldGen: 516680K(659968K)->516680K(659968K)
[305.284s][info][gc,metaspace   ] GC(1065) Metaspace: 18782K(18944K)->18782K(18944K) NonClass: 16953K(17088K)->16953K(17088K) Class: 1828K(1856K)->1828K(1856K)
[305.284s][info][gc             ] GC(1065) Pause Young (Allocation Failure) 657M->542M(855M) 42.485ms
[305.284s][info][gc,cpu         ] GC(1065) User=0.09s Sys=0.00s Real=0.04s
[305.392s][info][gc,start       ] GC(1066) Pause Young (Allocation Failure)
[305.438s][info][gc,heap        ] GC(1066) PSYoungGen: 157888K(216064K)->42816K(223232K) Eden: 118784K(118784K)->0K(128000K) From: 39104K(97280K)->42816K(95232K)
[305.438s][info][gc,heap        ] GC(1066) ParOldGen: 516680K(659968K)->516680K(659968K)
[305.438s][info][gc,metaspace   ] GC(1066) Metaspace: 18782K(18944K)->18782K(18944K) NonClass: 16953K(17088K)->16953K(17088K) Class: 1828K(1856K)->1828K(1856K)
[305.438s][info][gc             ] GC(1066) Pause Young (Allocation Failure) 658M->546M(862M) 46.296ms
[305.438s][info][gc,cpu         ] GC(1066) User=0.09s Sys=0.00s Real=0.05s
[305.542s][info][gc,start       ] GC(1067) Pause Young (Allocation Failure)
[305.602s][info][gc,heap        ] GC(1067) PSYoungGen: 170816K(223232K)->55488K(223232K) Eden: 128000K(128000K)->0K(128000K) From: 42816K(95232K)->55488K(95232K)
[305.602s][info][gc,heap        ] GC(1067) ParOldGen: 516680K(659968K)->516680K(659968K)
[305.602s][info][gc,metaspace   ] GC(1067) Metaspace: 18782K(18944K)->18782K(18944K) NonClass: 16953K(17088K)->16953K(17088K) Class: 1828K(1856K)->1828K(1856K)
[305.602s][info][gc             ] GC(1067) Pause Young (Allocation Failure) 671M->558M(862M) 59.778ms
[305.602s][info][gc,cpu         ] GC(1067) User=0.12s Sys=0.00s Real=0.06s
[305.679s][info][gc,start       ] GC(1068) Pause Young (Allocation Failure)
[305.754s][info][gc,heap        ] GC(1068) PSYoungGen: 183488K(223232K)->66560K(221696K) Eden: 128000K(128000K)->0K(122880K) From: 55488K(95232K)->66560K(98816K)
[305.754s][info][gc,heap        ] GC(1068) ParOldGen: 516680K(659968K)->516680K(659968K)
[305.754s][info][gc,metaspace   ] GC(1068) Metaspace: 18782K(18944K)->18782K(18944K) NonClass: 16953K(17088K)->16953K(17088K) Class: 1828K(1856K)->1828K(1856K)
[305.754s][info][gc             ] GC(1068) Pause Young (Allocation Failure) 683M->569M(861M) 74.620ms
[305.754s][info][gc,cpu         ] GC(1068) User=0.15s Sys=0.00s Real=0.07s
[305.909s][info][gc,start       ] GC(1069) Pause Young (Allocation Failure)
[306.004s][info][gc,heap        ] GC(1069) PSYoungGen: 189440K(221696K)->90016K(212992K) Eden: 122880K(122880K)->0K(122880K) From: 66560K(98816K)->90016K(90112K)
[306.004s][info][gc,heap        ] GC(1069) ParOldGen: 516680K(659968K)->516680K(659968K)
[306.004s][info][gc,metaspace   ] GC(1069) Metaspace: 18782K(18944K)->18782K(18944K) NonClass: 16953K(17088K)->16953K(17088K) Class: 1828K(1856K)->1828K(1856K)
[306.004s][info][gc             ] GC(1069) Pause Young (Allocation Failure) 689M->592M(852M) 94.235ms
[306.004s][info][gc,cpu         ] GC(1069) User=0.19s Sys=0.00s Real=0.09s
[306.059s][info][gc,start       ] GC(1070) Pause Young (Allocation Failure)
[306.166s][info][gc,heap        ] GC(1070) PSYoungGen: 212896K(212992K)->84496K(222720K) Eden: 122880K(122880K)->0K(111616K) From: 90016K(90112K)->84496K(111104K)
[306.166s][info][gc,heap        ] GC(1070) ParOldGen: 516680K(659968K)->536816K(659968K)
[306.166s][info][gc,metaspace   ] GC(1070) Metaspace: 18782K(18944K)->18782K(18944K) NonClass: 16953K(17088K)->16953K(17088K) Class: 1828K(1856K)->1828K(1856K)
[306.166s][info][gc             ] GC(1070) Pause Young (Allocation Failure) 712M->606M(862M) 107.480ms
[306.166s][info][gc,cpu         ] GC(1070) User=0.21s Sys=0.00s Real=0.11s
[306.264s][info][gc,start       ] GC(1071) Pause Young (Allocation Failure)
[306.357s][info][gc,heap        ] GC(1071) PSYoungGen: 196112K(222720K)->69440K(222720K) Eden: 111616K(111616K)->0K(111616K) From: 84496K(111104K)->69440K(111104K)
[306.357s][info][gc,heap        ] GC(1071) ParOldGen: 536816K(659968K)->554560K(659968K)
[306.357s][info][gc,metaspace   ] GC(1071) Metaspace: 18782K(18944K)->18782K(18944K) NonClass: 16953K(17088K)->16953K(17088K) Class: 1828K(1856K)->1828K(1856K)
[306.357s][info][gc             ] GC(1071) Pause Young (Allocation Failure) 715M->609M(862M) 93.574ms
[306.357s][info][gc,cpu         ] GC(1071) User=0.19s Sys=0.00s Real=0.10s
[306.498s][info][gc,start       ] GC(1072) Pause Young (Allocation Failure)
[306.576s][info][gc,heap        ] GC(1072) PSYoungGen: 181056K(222720K)->68128K(222720K) Eden: 111616K(111616K)->0K(111616K) From: 69440K(111104K)->68128K(111104K)
[306.576s][info][gc,heap        ] GC(1072) ParOldGen: 554560K(659968K)->559624K(659968K)
[306.576s][info][gc,metaspace   ] GC(1072) Metaspace: 18782K(18944K)->18782K(18944K) NonClass: 16953K(17088K)->16953K(17088K) Class: 1828K(1856K)->1828K(1856K)
[306.576s][info][gc             ] GC(1072) Pause Young (Allocation Failure) 718M->613M(862M) 77.726ms
[306.576s][info][gc,cpu         ] GC(1072) User=0.15s Sys=0.00s Real=0.07s
[306.700s][info][gc,start       ] GC(1073) Pause Young (Allocation Failure)
[306.771s][info][gc,heap        ] GC(1073) PSYoungGen: 179744K(222720K)->44432K(222720K) Eden: 111616K(111616K)->0K(111616K) From: 68128K(111104K)->44432K(111104K)
[306.771s][info][gc,heap        ] GC(1073) ParOldGen: 559624K(659968K)->583440K(659968K)
[306.771s][info][gc,metaspace   ] GC(1073) Metaspace: 18782K(18944K)->18782K(18944K) NonClass: 16953K(17088K)->16953K(17088K) Class: 1828K(1856K)->1828K(1856K)
[306.771s][info][gc             ] GC(1073) Pause Young (Allocation Failure) 722M->613M(862M) 70.991ms
[306.771s][info][gc,cpu         ] GC(1073) User=0.14s Sys=0.00s Real=0.07s
[306.951s][info][gc,start       ] GC(1074) Pause Young (Allocation Failure)
[307.011s][info][gc,heap        ] GC(1074) PSYoungGen: 156048K(222720K)->16064K(222720K) Eden: 111616K(111616K)->0K(111616K) From: 44432K(111104K)->16064K(111104K)
[307.011s][info][gc,heap        ] GC(1074) ParOldGen: 583440K(659968K)->621584K(659968K)
[307.011s][info][gc,metaspace   ] GC(1074) Metaspace: 18782K(18944K)->18782K(18944K) NonClass: 16953K(17088K)->16953K(17088K) Class: 1828K(1856K)->1828K(1856K)
[307.011s][info][gc             ] GC(1074) Pause Young (Allocation Failure) 722M->622M(862M) 59.751ms
[307.011s][info][gc,cpu         ] GC(1074) User=0.11s Sys=0.00s Real=0.06s
[307.138s][info][gc,start       ] GC(1075) Pause Full (Allocation Failure)
[307.138s][info][gc,phases,start] GC(1075) Marking Phase
[307.623s][info][gc,phases      ] GC(1075) Marking Phase 485.341ms
[307.624s][info][gc,phases,start] GC(1075) Summary Phase
[307.624s][info][gc,phases      ] GC(1075) Summary Phase 0.032ms
[307.624s][info][gc,phases,start] GC(1075) Forward
[307.740s][info][gc,phases      ] GC(1075) Forward 116.769ms
[307.740s][info][gc,phases,start] GC(1075) Adjust Pointers
[308.119s][info][gc,phases      ] GC(1075) Adjust Pointers 378.308ms
[308.119s][info][gc,phases,start] GC(1075) Compaction Phase
[308.342s][info][gc,phases      ] GC(1075) Compaction Phase 223.016ms
[308.353s][info][gc,phases,start] GC(1075) Post Compact
[308.355s][info][gc,phases      ] GC(1075) Post Compact 2.166ms
[308.355s][info][gc,heap        ] GC(1075) PSYoungGen: 127680K(222720K)->0K(222720K) Eden: 111616K(111616K)->0K(111616K) From: 16064K(111104K)->0K(111104K)
[308.355s][info][gc,heap        ] GC(1075) ParOldGen: 621584K(659968K)->650453K(667648K)
[308.355s][info][gc,metaspace   ] GC(1075) Metaspace: 18782K(18944K)->18782K(18944K) NonClass: 16953K(17088K)->16953K(17088K) Class: 1828K(1856K)->1828K(1856K)
[308.355s][info][gc             ] GC(1075) Pause Full (Allocation Failure) 731M->635M(869M) 1217.002ms
[308.355s][info][gc,cpu         ] GC(1075) User=2.39s Sys=0.00s Real=1.21s
[308.739s][info][gc,start       ] GC(1076) Pause Full (Allocation Failure)
[308.740s][info][gc,phases,start] GC(1076) Marking Phase
[309.215s][info][gc,phases      ] GC(1076) Marking Phase 475.844ms
[309.215s][info][gc,phases,start] GC(1076) Summary Phase
[309.215s][info][gc,phases      ] GC(1076) Summary Phase 0.027ms
[309.215s][info][gc,phases,start] GC(1076) Forward
[309.216s][info][gc,phases      ] GC(1076) Forward 0.414ms
[309.216s][info][gc,phases,start] GC(1076) Adjust Pointers
[309.543s][info][gc,phases      ] GC(1076) Adjust Pointers 326.627ms
[309.543s][info][gc,phases,start] GC(1076) Compaction Phase
[309.679s][info][gc,phases      ] GC(1076) Compaction Phase 136.668ms
[309.679s][info][gc,phases,start] GC(1076) Post Compact
[309.682s][info][gc,phases      ] GC(1076) Post Compact 2.402ms
[309.682s][info][gc,heap        ] GC(1076) PSYoungGen: 111616K(222720K)->0K(222720K) Eden: 111616K(111616K)->0K(111616K) From: 0K(111104K)->0K(111104K)
[309.682s][info][gc,heap        ] GC(1076) ParOldGen: 650453K(667648K)->650497K(667648K)
[309.682s][info][gc,metaspace   ] GC(1076) Metaspace: 18782K(18944K)->18782K(18944K) NonClass: 16953K(17088K)->16953K(17088K) Class: 1828K(1856K)->1828K(1856K)
[309.682s][info][gc             ] GC(1076) Pause Full (Allocation Failure) 744M->635M(869M) 942.521ms
[309.682s][info][gc,cpu         ] GC(1076) User=1.85s Sys=0.00s Real=0.94s
[309.969s][info][gc,start       ] GC(1077) Pause Full (Allocation Failure)
[309.969s][info][gc,phases,start] GC(1077) Marking Phase
[310.455s][info][gc,phases      ] GC(1077) Marking Phase 485.437ms
[310.455s][info][gc,phases,start] GC(1077) Summary Phase
[310.455s][info][gc,phases      ] GC(1077) Summary Phase 0.024ms
[310.455s][info][gc,phases,start] GC(1077) Forward
[310.455s][info][gc,phases      ] GC(1077) Forward 0.437ms
[310.455s][info][gc,phases,start] GC(1077) Adjust Pointers
[310.790s][info][gc,phases      ] GC(1077) Adjust Pointers 334.440ms
[310.790s][info][gc,phases,start] GC(1077) Compaction Phase
[310.949s][info][gc,phases      ] GC(1077) Compaction Phase 159.464ms
[310.949s][info][gc,phases,start] GC(1077) Post Compact
[310.951s][info][gc,phases      ] GC(1077) Post Compact 2.210ms
[310.952s][info][gc,heap        ] GC(1077) PSYoungGen: 111616K(222720K)->0K(222720K) Eden: 111616K(111616K)->0K(111616K) From: 0K(111104K)->0K(111104K)
[310.952s][info][gc,heap        ] GC(1077) ParOldGen: 650497K(667648K)->650550K(667648K)
[310.952s][info][gc,metaspace   ] GC(1077) Metaspace: 18782K(18944K)->18782K(18944K) NonClass: 16953K(17088K)->16953K(17088K) Class: 1828K(1856K)->1828K(1856K)
[310.952s][info][gc             ] GC(1077) Pause Full (Allocation Failure) 744M->635M(869M) 982.439ms
[310.952s][info][gc,cpu         ] GC(1077) User=1.92s Sys=0.00s Real=0.98s
[311.266s][info][gc,start       ] GC(1078) Pause Full (Allocation Failure)
[311.266s][info][gc,phases,start] GC(1078) Marking Phase
[311.755s][info][gc,phases      ] GC(1078) Marking Phase 488.914ms
[311.755s][info][gc,phases,start] GC(1078) Summary Phase
[311.755s][info][gc,phases      ] GC(1078) Summary Phase 0.026ms
[311.755s][info][gc,phases,start] GC(1078) Forward
[311.755s][info][gc,phases      ] GC(1078) Forward 0.429ms
[311.755s][info][gc,phases,start] GC(1078) Adjust Pointers
[312.079s][info][gc,phases      ] GC(1078) Adjust Pointers 324.041ms
[312.079s][info][gc,phases,start] GC(1078) Compaction Phase
[312.209s][info][gc,phases      ] GC(1078) Compaction Phase 130.110ms
[312.209s][info][gc,phases,start] GC(1078) Post Compact
[312.212s][info][gc,phases      ] GC(1078) Post Compact 2.188ms
[312.212s][info][gc,heap        ] GC(1078) PSYoungGen: 111616K(222720K)->0K(222720K) Eden: 111616K(111616K)->0K(111616K) From: 0K(111104K)->0K(111104K)
[312.212s][info][gc,heap        ] GC(1078) ParOldGen: 650550K(667648K)->650562K(667648K)
[312.212s][info][gc,metaspace   ] GC(1078) Metaspace: 18782K(18944K)->18782K(18944K) NonClass: 16953K(17088K)->16953K(17088K) Class: 1828K(1856K)->1828K(1856K)
[312.212s][info][gc             ] GC(1078) Pause Full (Allocation Failure) 744M->635M(869M) 946.109ms
[312.212s][info][gc,cpu         ] GC(1078) User=1.86s Sys=0.00s Real=0.95s
[312.477s][info][gc,start       ] GC(1079) Pause Full (Allocation Failure)
[312.477s][info][gc,phases,start] GC(1079) Marking Phase
[312.931s][info][gc,phases      ] GC(1079) Marking Phase 454.669ms
[312.931s][info][gc,phases,start] GC(1079) Summary Phase
[312.931s][info][gc,phases      ] GC(1079) Summary Phase 0.027ms
[312.931s][info][gc,phases,start] GC(1079) Forward
[312.932s][info][gc,phases      ] GC(1079) Forward 0.354ms
[312.932s][info][gc,phases,start] GC(1079) Adjust Pointers
[313.241s][info][gc,phases      ] GC(1079) Adjust Pointers 309.433ms
[313.241s][info][gc,phases,start] GC(1079) Compaction Phase
[313.373s][info][gc,phases      ] GC(1079) Compaction Phase 131.580ms
[313.373s][info][gc,phases,start] GC(1079) Post Compact
[313.375s][info][gc,phases      ] GC(1079) Post Compact 2.239ms
[313.375s][info][gc,heap        ] GC(1079) PSYoungGen: 111616K(222720K)->0K(222720K) Eden: 111616K(111616K)->0K(111616K) From: 0K(111104K)->0K(111104K)
[313.375s][info][gc,heap        ] GC(1079) ParOldGen: 650562K(667648K)->650564K(667648K)
[313.375s][info][gc,metaspace   ] GC(1079) Metaspace: 18782K(18944K)->18782K(18944K) NonClass: 16953K(17088K)->16953K(17088K) Class: 1828K(1856K)->1828K(1856K)
[313.375s][info][gc             ] GC(1079) Pause Full (Allocation Failure) 744M->635M(869M) 898.704ms
[313.375s][info][gc,cpu         ] GC(1079) User=1.76s Sys=0.00s Real=0.89s
[313.649s][info][gc,start       ] GC(1080) Pause Full (Allocation Failure)
[313.649s][info][gc,phases,start] GC(1080) Marking Phase
[314.127s][info][gc,phases      ] GC(1080) Marking Phase 477.907ms
[314.127s][info][gc,phases,start] GC(1080) Summary Phase
[314.127s][info][gc,phases      ] GC(1080) Summary Phase 0.027ms
[314.127s][info][gc,phases,start] GC(1080) Forward
[314.128s][info][gc,phases      ] GC(1080) Forward 0.350ms
[314.128s][info][gc,phases,start] GC(1080) Adjust Pointers
[314.440s][info][gc,phases      ] GC(1080) Adjust Pointers 312.609ms
[314.441s][info][gc,phases,start] GC(1080) Compaction Phase
[314.579s][info][gc,phases      ] GC(1080) Compaction Phase 138.230ms
[314.579s][info][gc,phases,start] GC(1080) Post Compact
[314.581s][info][gc,phases      ] GC(1080) Post Compact 2.262ms
[314.581s][info][gc,heap        ] GC(1080) PSYoungGen: 111616K(222720K)->0K(222720K) Eden: 111616K(111616K)->0K(111616K) From: 0K(111104K)->0K(111104K)
[314.581s][info][gc,heap        ] GC(1080) ParOldGen: 650564K(667648K)->650566K(667648K)
[314.581s][info][gc,metaspace   ] GC(1080) Metaspace: 18782K(18944K)->18782K(18944K) NonClass: 16953K(17088K)->16953K(17088K) Class: 1828K(1856K)->1828K(1856K)
[314.581s][info][gc             ] GC(1080) Pause Full (Allocation Failure) 744M->635M(869M) 931.787ms
[314.581s][info][gc,cpu         ] GC(1080) User=1.82s Sys=0.01s Real=0.93s
[314.835s][info][gc,start       ] GC(1081) Pause Full (Allocation Failure)
[314.835s][info][gc,phases,start] GC(1081) Marking Phase
[315.327s][info][gc,phases      ] GC(1081) Marking Phase 491.548ms
[315.327s][info][gc,phases,start] GC(1081) Summary Phase
[315.327s][info][gc,phases      ] GC(1081) Summary Phase 0.024ms
[315.327s][info][gc,phases,start] GC(1081) Forward
[315.327s][info][gc,phases      ] GC(1081) Forward 0.405ms
[315.327s][info][gc,phases,start] GC(1081) Adjust Pointers
[315.650s][info][gc,phases      ] GC(1081) Adjust Pointers 322.778ms
[315.650s][info][gc,phases,start] GC(1081) Compaction Phase
[315.788s][info][gc,phases      ] GC(1081) Compaction Phase 137.856ms
[315.788s][info][gc,phases,start] GC(1081) Post Compact
[315.790s][info][gc,phases      ] GC(1081) Post Compact 2.264ms
[315.791s][info][gc,heap        ] GC(1081) PSYoungGen: 111616K(222720K)->0K(222720K) Eden: 111616K(111616K)->0K(111616K) From: 0K(111104K)->0K(111104K)
[315.791s][info][gc,heap        ] GC(1081) ParOldGen: 650566K(667648K)->650579K(667648K)
[315.791s][info][gc,metaspace   ] GC(1081) Metaspace: 18782K(18944K)->18782K(18944K) NonClass: 16953K(17088K)->16953K(17088K) Class: 1828K(1856K)->1828K(1856K)
[315.791s][info][gc             ] GC(1081) Pause Full (Allocation Failure) 744M->635M(869M) 955.299ms
[315.791s][info][gc,cpu         ] GC(1081) User=1.88s Sys=0.00s Real=0.96s
[316.111s][info][gc,start       ] GC(1082) Pause Full (Allocation Failure)
[316.111s][info][gc,phases,start] GC(1082) Marking Phase
[316.530s][info][gc,phases      ] GC(1082) Marking Phase 418.584ms
[316.530s][info][gc,phases,start] GC(1082) Summary Phase
[316.530s][info][gc,phases      ] GC(1082) Summary Phase 0.028ms
[316.530s][info][gc,phases,start] GC(1082) Forward
[316.622s][info][gc,phases      ] GC(1082) Forward 92.604ms
[316.622s][info][gc,phases,start] GC(1082) Adjust Pointers
[316.943s][info][gc,phases      ] GC(1082) Adjust Pointers 320.224ms
[316.943s][info][gc,phases,start] GC(1082) Compaction Phase
[317.098s][info][gc,phases      ] GC(1082) Compaction Phase 154.947ms
[317.106s][info][gc,phases,start] GC(1082) Post Compact
[317.109s][info][gc,phases      ] GC(1082) Post Compact 2.266ms
[317.109s][info][gc,heap        ] GC(1082) PSYoungGen: 111616K(222720K)->0K(222720K) Eden: 111616K(111616K)->0K(111616K) From: 0K(111104K)->0K(111104K)
[317.109s][info][gc,heap        ] GC(1082) ParOldGen: 650579K(667648K)->556306K(667648K)
[317.109s][info][gc,metaspace   ] GC(1082) Metaspace: 18782K(18944K)->18782K(18944K) NonClass: 16953K(17088K)->16953K(17088K) Class: 1828K(1856K)->1828K(1856K)
[317.109s][info][gc             ] GC(1082) Pause Full (Allocation Failure) 744M->543M(869M) 997.739ms
[317.109s][info][gc,cpu         ] GC(1082) User=1.89s Sys=0.00s Real=1.00s
[317.348s][info][gc,start       ] GC(1083) Pause Young (Allocation Failure)
[317.352s][info][gc,heap        ] GC(1083) PSYoungGen: 111616K(222720K)->2384K(222720K) Eden: 111616K(111616K)->0K(111616K) From: 0K(111104K)->2384K(111104K)
[317.353s][info][gc,heap        ] GC(1083) ParOldGen: 556306K(667648K)->556306K(667648K)
[317.353s][info][gc,metaspace   ] GC(1083) Metaspace: 18782K(18944K)->18782K(18944K) NonClass: 16953K(17088K)->16953K(17088K) Class: 1828K(1856K)->1828K(1856K)
[317.353s][info][gc             ] GC(1083) Pause Young (Allocation Failure) 652M->545M(869M) 4.395ms
[317.353s][info][gc,cpu         ] GC(1083) User=0.00s Sys=0.00s Real=0.00s
[317.417s][info][gc,start       ] GC(1084) Pause Young (Allocation Failure)
[317.451s][info][gc,heap        ] GC(1084) PSYoungGen: 114000K(222720K)->42592K(222720K) Eden: 111616K(111616K)->0K(111616K) From: 2384K(111104K)->42592K(111104K)
[317.451s][info][gc,heap        ] GC(1084) ParOldGen: 556306K(667648K)->556306K(667648K)
[317.451s][info][gc,metaspace   ] GC(1084) Metaspace: 18782K(18944K)->18782K(18944K) NonClass: 16953K(17088K)->16953K(17088K) Class: 1828K(1856K)->1828K(1856K)
[317.451s][info][gc             ] GC(1084) Pause Young (Allocation Failure) 654M->584M(869M) 33.602ms
[317.451s][info][gc,cpu         ] GC(1084) User=0.07s Sys=0.00s Real=0.03s
[317.569s][info][gc,start       ] GC(1085) Pause Young (Allocation Failure)
[317.622s][info][gc,heap        ] GC(1085) PSYoungGen: 154208K(222720K)->32864K(144896K) Eden: 111616K(111616K)->0K(111616K) From: 42592K(111104K)->32864K(33280K)
[317.622s][info][gc,heap        ] GC(1085) ParOldGen: 556306K(667648K)->599362K(667648K)
[317.622s][info][gc,metaspace   ] GC(1085) Metaspace: 18782K(18944K)->18782K(18944K) NonClass: 16953K(17088K)->16953K(17088K) Class: 1828K(1856K)->1828K(1856K)
[317.622s][info][gc             ] GC(1085) Pause Young (Allocation Failure) 693M->617M(793M) 52.637ms
[317.622s][info][gc,cpu         ] GC(1085) User=0.11s Sys=0.00s Real=0.05s
[317.742s][info][gc,start       ] GC(1086) Pause Young (Allocation Failure)
[317.770s][info][gc,heap        ] GC(1086) PSYoungGen: 144480K(144896K)->35552K(219136K) Eden: 111616K(111616K)->0K(117248K) From: 32864K(33280K)->35552K(101888K)
[317.770s][info][gc,heap        ] GC(1086) ParOldGen: 599362K(667648K)->599362K(667648K)
[317.770s][info][gc,metaspace   ] GC(1086) Metaspace: 18782K(18944K)->18782K(18944K) NonClass: 16953K(17088K)->16953K(17088K) Class: 1828K(1856K)->1828K(1856K)
[317.770s][info][gc             ] GC(1086) Pause Young (Allocation Failure) 726M->620M(866M) 27.510ms
[317.770s][info][gc,cpu         ] GC(1086) User=0.06s Sys=0.00s Real=0.03s
[317.980s][info][gc,start       ] GC(1087) Pause Young (Allocation Failure)
[318.041s][info][gc,heap        ] GC(1087) PSYoungGen: 152800K(219136K)->55222K(218112K) Eden: 117248K(117248K)->0K(117248K) From: 35552K(101888K)->55222K(100864K)
[318.041s][info][gc,heap        ] GC(1087) ParOldGen: 599362K(667648K)->599362K(667648K)
[318.041s][info][gc,metaspace   ] GC(1087) Metaspace: 18782K(18944K)->18782K(18944K) NonClass: 16953K(17088K)->16953K(17088K) Class: 1828K(1856K)->1828K(1856K)
[318.041s][info][gc             ] GC(1087) Pause Young (Allocation Failure) 734M->639M(865M) 60.750ms
[318.041s][info][gc,cpu         ] GC(1087) User=0.12s Sys=0.00s Real=0.06s
[318.210s][info][gc,start       ] GC(1088) Pause Young (Allocation Failure)
[318.271s][info][gc,heap        ] GC(1088) PSYoungGen: 172470K(218112K)->57430K(224256K) Eden: 117248K(117248K)->0K(123904K) From: 55222K(100864K)->57430K(100352K)
[318.271s][info][gc,heap        ] GC(1088) ParOldGen: 599362K(667648K)->599362K(667648K)
[318.271s][info][gc,metaspace   ] GC(1088) Metaspace: 18782K(18944K)->18782K(18944K) NonClass: 16953K(17088K)->16953K(17088K) Class: 1828K(1856K)->1828K(1856K)
[318.271s][info][gc             ] GC(1088) Pause Young (Allocation Failure) 753M->641M(871M) 61.392ms
[318.271s][info][gc,cpu         ] GC(1088) User=0.12s Sys=0.00s Real=0.06s
[318.399s][info][gc,start       ] GC(1089) Pause Young (Allocation Failure)
[318.479s][info][gc,heap        ] GC(1089) PSYoungGen: 181334K(224256K)->83478K(207872K) Eden: 123904K(123904K)->0K(123904K) From: 57430K(100352K)->83478K(83968K)
[318.479s][info][gc,heap        ] GC(1089) ParOldGen: 599362K(667648K)->599362K(667648K)
[318.479s][info][gc,metaspace   ] GC(1089) Metaspace: 18782K(18944K)->18782K(18944K) NonClass: 16953K(17088K)->16953K(17088K) Class: 1828K(1856K)->1828K(1856K)
[318.479s][info][gc             ] GC(1089) Pause Young (Allocation Failure) 762M->666M(855M) 79.774ms
[318.479s][info][gc,cpu         ] GC(1089) User=0.16s Sys=0.00s Real=0.08s
[318.545s][info][gc,start       ] GC(1090) Pause Young (Allocation Failure)
[318.661s][info][gc,heap        ] GC(1090) PSYoungGen: 207382K(207872K)->110070K(221696K) Eden: 123904K(123904K)->0K(111616K) From: 83478K(83968K)->110070K(110080K)
[318.661s][info][gc,heap        ] GC(1090) ParOldGen: 599362K(667648K)->614330K(667648K)
[318.661s][info][gc,metaspace   ] GC(1090) Metaspace: 18782K(18944K)->18782K(18944K) NonClass: 16953K(17088K)->16953K(17088K) Class: 1828K(1856K)->1828K(1856K)
[318.661s][info][gc             ] GC(1090) Pause Young (Allocation Failure) 787M->707M(868M) 116.160ms
[318.661s][info][gc,cpu         ] GC(1090) User=0.22s Sys=0.02s Real=0.12s
[318.792s][info][gc,start       ] GC(1091) Pause Young (Allocation Failure)
[318.902s][info][gc,heap        ] GC(1091) PSYoungGen: 221686K(221696K)->89158K(222720K) Eden: 111616K(111616K)->0K(111616K) From: 110070K(110080K)->89158K(111104K)
[318.902s][info][gc,heap        ] GC(1091) ParOldGen: 614330K(667648K)->650193K(667648K)
[318.902s][info][gc,metaspace   ] GC(1091) Metaspace: 18782K(18944K)->18782K(18944K) NonClass: 16953K(17088K)->16953K(17088K) Class: 1828K(1856K)->1828K(1856K)
[318.902s][info][gc             ] GC(1091) Pause Young (Allocation Failure) 816M->722M(869M) 109.971ms
[318.902s][info][gc,cpu         ] GC(1091) User=0.21s Sys=0.00s Real=0.11s
[319.032s][info][gc,start       ] GC(1092) Pause Full (Allocation Failure)
[319.032s][info][gc,phases,start] GC(1092) Marking Phase
[319.296s][info][gc,phases      ] GC(1092) Marking Phase 264.801ms
[319.297s][info][gc,phases,start] GC(1092) Summary Phase
[319.297s][info][gc,phases      ] GC(1092) Summary Phase 0.030ms
[319.297s][info][gc,phases,start] GC(1092) Forward
[319.385s][info][gc,phases      ] GC(1092) Forward 88.786ms
[319.385s][info][gc,phases,start] GC(1092) Adjust Pointers
[319.588s][info][gc,phases      ] GC(1092) Adjust Pointers 202.897ms
[319.588s][info][gc,phases,start] GC(1092) Compaction Phase
[319.702s][info][gc,phases      ] GC(1092) Compaction Phase 113.645ms
[319.710s][info][gc,phases,start] GC(1092) Post Compact
[319.712s][info][gc,phases      ] GC(1092) Post Compact 2.521ms
[319.712s][info][gc,heap        ] GC(1092) PSYoungGen: 200774K(222720K)->0K(222720K) Eden: 111616K(111616K)->0K(111616K) From: 89158K(111104K)->0K(111104K)
[319.712s][info][gc,heap        ] GC(1092) ParOldGen: 650193K(667648K)->400319K(667648K)
[319.712s][info][gc,metaspace   ] GC(1092) Metaspace: 18782K(18944K)->18782K(18944K) NonClass: 16953K(17088K)->16953K(17088K) Class: 1828K(1856K)->1828K(1856K)
[319.712s][info][gc             ] GC(1092) Pause Full (Allocation Failure) 831M->390M(869M) 680.621ms
[319.712s][info][gc,cpu         ] GC(1092) User=1.27s Sys=0.00s Real=0.68s
[319.832s][info][gc,start       ] GC(1093) Pause Young (Allocation Failure)
[319.834s][info][gc,heap        ] GC(1093) PSYoungGen: 111616K(222720K)->128K(222720K) Eden: 111616K(111616K)->0K(111616K) From: 0K(111104K)->128K(111104K)
[319.834s][info][gc,heap        ] GC(1093) ParOldGen: 400319K(667648K)->400319K(667648K)
[319.834s][info][gc,metaspace   ] GC(1093) Metaspace: 18782K(18944K)->18782K(18944K) NonClass: 16953K(17088K)->16953K(17088K) Class: 1828K(1856K)->1828K(1856K)
[319.834s][info][gc             ] GC(1093) Pause Young (Allocation Failure) 499M->391M(869M) 1.880ms
[319.834s][info][gc,cpu         ] GC(1093) User=0.00s Sys=0.00s Real=0.00s
[319.955s][info][gc,start       ] GC(1094) Pause Young (Allocation Failure)
[319.957s][info][gc,heap        ] GC(1094) PSYoungGen: 111744K(222720K)->224K(222720K) Eden: 111616K(111616K)->0K(111616K) From: 128K(111104K)->224K(111104K)
[319.957s][info][gc,heap        ] GC(1094) ParOldGen: 400319K(667648K)->400319K(667648K)
[319.957s][info][gc,metaspace   ] GC(1094) Metaspace: 18782K(18944K)->18782K(18944K) NonClass: 16953K(17088K)->16953K(17088K) Class: 1828K(1856K)->1828K(1856K)
[319.957s][info][gc             ] GC(1094) Pause Young (Allocation Failure) 500M->391M(869M) 2.096ms
[319.957s][info][gc,cpu         ] GC(1094) User=0.00s Sys=0.00s Real=0.01s
[320.076s][info][gc,start       ] GC(1095) Pause Young (Allocation Failure)
[320.078s][info][gc,heap        ] GC(1095) PSYoungGen: 111840K(222720K)->224K(222720K) Eden: 111616K(111616K)->0K(111616K) From: 224K(111104K)->224K(111104K)
[320.078s][info][gc,heap        ] GC(1095) ParOldGen: 400319K(667648K)->400407K(667648K)
[320.078s][info][gc,metaspace   ] GC(1095) Metaspace: 18782K(18944K)->18782K(18944K) NonClass: 16953K(17088K)->16953K(17088K) Class: 1828K(1856K)->1828K(1856K)
[320.078s][info][gc             ] GC(1095) Pause Young (Allocation Failure) 500M->391M(869M) 1.982ms
[320.078s][info][gc,cpu         ] GC(1095) User=0.00s Sys=0.00s Real=0.01s
[320.198s][info][gc,start       ] GC(1096) Pause Young (Allocation Failure)
[320.200s][info][gc,heap        ] GC(1096) PSYoungGen: 111840K(222720K)->96K(222720K) Eden: 111616K(111616K)->0K(111616K) From: 224K(111104K)->96K(111104K)
[320.200s][info][gc,heap        ] GC(1096) ParOldGen: 400407K(667648K)->400623K(667648K)
[320.200s][info][gc,metaspace   ] GC(1096) Metaspace: 18782K(18944K)->18782K(18944K) NonClass: 16953K(17088K)->16953K(17088K) Class: 1828K(1856K)->1828K(1856K)
[320.200s][info][gc             ] GC(1096) Pause Young (Allocation Failure) 500M->391M(869M) 2.077ms
[320.200s][info][gc,cpu         ] GC(1096) User=0.00s Sys=0.00s Real=0.00s
[320.319s][info][gc,start       ] GC(1097) Pause Young (Allocation Failure)
[320.321s][info][gc,heap        ] GC(1097) PSYoungGen: 111712K(222720K)->128K(222720K) Eden: 111616K(111616K)->0K(111616K) From: 96K(111104K)->128K(111104K)
[320.321s][info][gc,heap        ] GC(1097) ParOldGen: 400623K(667648K)->400711K(667648K)
[320.321s][info][gc,metaspace   ] GC(1097) Metaspace: 18782K(18944K)->18782K(18944K) NonClass: 16953K(17088K)->16953K(17088K) Class: 1828K(1856K)->1828K(1856K)
[320.321s][info][gc             ] GC(1097) Pause Young (Allocation Failure) 500M->391M(869M) 1.854ms
[320.321s][info][gc,cpu         ] GC(1097) User=0.00s Sys=0.00s Real=0.00s
[320.438s][info][gc,start       ] GC(1098) Pause Young (Allocation Failure)
[320.440s][info][gc,heap        ] GC(1098) PSYoungGen: 111744K(222720K)->128K(222720K) Eden: 111616K(111616K)->0K(111616K) From: 128K(111104K)->128K(111104K)
[320.440s][info][gc,heap        ] GC(1098) ParOldGen: 400711K(667648K)->400791K(667648K)
[320.440s][info][gc,metaspace   ] GC(1098) Metaspace: 18782K(18944K)->18782K(18944K) NonClass: 16953K(17088K)->16953K(17088K) Class: 1828K(1856K)->1828K(1856K)
[320.440s][info][gc             ] GC(1098) Pause Young (Allocation Failure) 500M->391M(869M) 2.078ms
[320.440s][info][gc,cpu         ] GC(1098) User=0.01s Sys=0.00s Real=0.00s
[320.565s][info][gc,start       ] GC(1099) Pause Young (Allocation Failure)
[320.567s][info][gc,heap        ] GC(1099) PSYoungGen: 111744K(222720K)->128K(222720K) Eden: 111616K(111616K)->0K(111616K) From: 128K(111104K)->128K(111104K)
[320.567s][info][gc,heap        ] GC(1099) ParOldGen: 400791K(667648K)->400903K(667648K)
[320.567s][info][gc,metaspace   ] GC(1099) Metaspace: 18782K(18944K)->18782K(18944K) NonClass: 16953K(17088K)->16953K(17088K) Class: 1828K(1856K)->1828K(1856K)
[320.567s][info][gc             ] GC(1099) Pause Young (Allocation Failure) 500M->391M(869M) 2.094ms
[320.567s][info][gc,cpu         ] GC(1099) User=0.00s Sys=0.00s Real=0.01s
[320.689s][info][gc,start       ] GC(1100) Pause Young (Allocation Failure)
[320.691s][info][gc,heap        ] GC(1100) PSYoungGen: 111744K(222720K)->96K(222720K) Eden: 111616K(111616K)->0K(111616K) From: 128K(111104K)->96K(111104K)
[320.691s][info][gc,heap        ] GC(1100) ParOldGen: 400903K(667648K)->400991K(667648K)
[320.691s][info][gc,metaspace   ] GC(1100) Metaspace: 18782K(18944K)->18782K(18944K) NonClass: 16953K(17088K)->16953K(17088K) Class: 1828K(1856K)->1828K(1856K)
[320.691s][info][gc             ] GC(1100) Pause Young (Allocation Failure) 500M->391M(869M) 1.925ms
[320.691s][info][gc,cpu         ] GC(1100) User=0.01s Sys=0.00s Real=0.00s
[320.825s][info][gc,start       ] GC(1101) Pause Young (Allocation Failure)
[320.836s][info][gc,heap        ] GC(1101) PSYoungGen: 111712K(222720K)->3552K(222720K) Eden: 111616K(111616K)->0K(111616K) From: 96K(111104K)->3552K(111104K)
[320.836s][info][gc,heap        ] GC(1101) ParOldGen: 400991K(667648K)->401071K(667648K)
[320.836s][info][gc,metaspace   ] GC(1101) Metaspace: 18782K(18944K)->18782K(18944K) NonClass: 16953K(17088K)->16953K(17088K) Class: 1828K(1856K)->1828K(1856K)
[320.836s][info][gc             ] GC(1101) Pause Young (Allocation Failure) 500M->395M(869M) 10.870ms
[320.836s][info][gc,cpu         ] GC(1101) User=0.02s Sys=0.00s Real=0.02s
[320.975s][info][gc,start       ] GC(1102) Pause Young (Allocation Failure)
[321.017s][info][gc,heap        ] GC(1102) PSYoungGen: 115168K(222720K)->17547K(211456K) Eden: 111616K(111616K)->0K(111616K) From: 3552K(111104K)->17547K(99840K)
[321.017s][info][gc,heap        ] GC(1102) ParOldGen: 401071K(667648K)->404615K(667648K)
[321.017s][info][gc,metaspace   ] GC(1102) Metaspace: 18782K(18944K)->18782K(18944K) NonClass: 16953K(17088K)->16953K(17088K) Class: 1828K(1856K)->1828K(1856K)
[321.017s][info][gc             ] GC(1102) Pause Young (Allocation Failure) 504M->412M(858M) 41.580ms
[321.017s][info][gc,cpu         ] GC(1102) User=0.08s Sys=0.00s Real=0.05s
[321.164s][info][gc,start       ] GC(1103) Pause Young (Allocation Failure)
[321.196s][info][gc,heap        ] GC(1103) PSYoungGen: 129163K(211456K)->17611K(129536K) Eden: 111616K(111616K)->0K(111616K) From: 17547K(99840K)->17611K(17920K)
[321.196s][info][gc,heap        ] GC(1103) ParOldGen: 404615K(667648K)->404615K(667648K)
[321.196s][info][gc,metaspace   ] GC(1103) Metaspace: 18782K(18944K)->18782K(18944K) NonClass: 16953K(17088K)->16953K(17088K) Class: 1828K(1856K)->1828K(1856K)
[321.196s][info][gc             ] GC(1103) Pause Young (Allocation Failure) 521M->412M(778M) 32.100ms
[321.196s][info][gc,cpu         ] GC(1103) User=0.06s Sys=0.00s Real=0.03s
[321.333s][info][gc,start       ] GC(1104) Pause Young (Allocation Failure)
[321.374s][info][gc,heap        ] GC(1104) PSYoungGen: 129227K(129536K)->24683K(202240K) Eden: 111616K(111616K)->0K(116224K) From: 17611K(17920K)->24683K(86016K)
[321.374s][info][gc,heap        ] GC(1104) ParOldGen: 404615K(667648K)->404615K(667648K)
[321.374s][info][gc,metaspace   ] GC(1104) Metaspace: 18782K(18944K)->18782K(18944K) NonClass: 16953K(17088K)->16953K(17088K) Class: 1828K(1856K)->1828K(1856K)
[321.374s][info][gc             ] GC(1104) Pause Young (Allocation Failure) 521M->419M(849M) 40.398ms
[321.374s][info][gc,cpu         ] GC(1104) User=0.07s Sys=0.00s Real=0.04s
[321.504s][info][gc,start       ] GC(1105) Pause Young (Allocation Failure)
[321.560s][info][gc,heap        ] GC(1105) PSYoungGen: 140907K(202240K)->40619K(207872K) Eden: 116224K(116224K)->0K(116224K) From: 24683K(86016K)->40619K(91648K)
[321.560s][info][gc,heap        ] GC(1105) ParOldGen: 404615K(667648K)->404615K(667648K)
[321.560s][info][gc,metaspace   ] GC(1105) Metaspace: 18782K(18944K)->18782K(18944K) NonClass: 16953K(17088K)->16953K(17088K) Class: 1828K(1856K)->1828K(1856K)
[321.560s][info][gc             ] GC(1105) Pause Young (Allocation Failure) 532M->434M(855M) 55.843ms
[321.560s][info][gc,cpu         ] GC(1105) User=0.11s Sys=0.00s Real=0.06s
[321.680s][info][gc,start       ] GC(1106) Pause Young (Allocation Failure)
[321.750s][info][gc,heap        ] GC(1106) PSYoungGen: 156843K(207872K)->51627K(209408K) Eden: 116224K(116224K)->0K(118272K) From: 40619K(91648K)->51627K(91136K)
[321.750s][info][gc,heap        ] GC(1106) ParOldGen: 404615K(667648K)->404615K(667648K)
[321.750s][info][gc,metaspace   ] GC(1106) Metaspace: 18782K(18944K)->18782K(18944K) NonClass: 16953K(17088K)->16953K(17088K) Class: 1828K(1856K)->1828K(1856K)
[321.750s][info][gc             ] GC(1106) Pause Young (Allocation Failure) 548M->445M(856M) 69.422ms
[321.750s][info][gc,cpu         ] GC(1106) User=0.13s Sys=0.00s Real=0.07s
[321.823s][info][gc,start       ] GC(1107) Pause Young (Allocation Failure)
[321.895s][info][gc,heap        ] GC(1107) PSYoungGen: 169899K(209408K)->55819K(212992K) Eden: 118272K(118272K)->0K(118272K) From: 51627K(91136K)->55819K(94720K)
[321.896s][info][gc,heap        ] GC(1107) ParOldGen: 404615K(667648K)->404615K(667648K)
[321.896s][info][gc,metaspace   ] GC(1107) Metaspace: 18782K(18944K)->18782K(18944K) NonClass: 16953K(17088K)->16953K(17088K) Class: 1828K(1856K)->1828K(1856K)
[321.896s][info][gc             ] GC(1107) Pause Young (Allocation Failure) 561M->449M(860M) 72.451ms
[321.896s][info][gc,cpu         ] GC(1107) User=0.14s Sys=0.00s Real=0.07s
[322.001s][info][gc,start       ] GC(1108) Pause Young (Allocation Failure)
[322.073s][info][gc,heap        ] GC(1108) PSYoungGen: 174091K(212992K)->57035K(222208K) Eden: 118272K(118272K)->0K(123392K) From: 55819K(94720K)->57035K(98816K)
[322.073s][info][gc,heap        ] GC(1108) ParOldGen: 404615K(667648K)->404615K(667648K)
[322.073s][info][gc,metaspace   ] GC(1108) Metaspace: 18782K(18944K)->18782K(18944K) NonClass: 16953K(17088K)->16953K(17088K) Class: 1828K(1856K)->1828K(1856K)
[322.073s][info][gc             ] GC(1108) Pause Young (Allocation Failure) 565M->450M(869M) 71.855ms
[322.073s][info][gc,cpu         ] GC(1108) User=0.14s Sys=0.00s Real=0.07s
[322.186s][info][gc,start       ] GC(1109) Pause Young (Allocation Failure)
[322.261s][info][gc,heap        ] GC(1109) PSYoungGen: 180427K(222208K)->60779K(225280K) Eden: 123392K(123392K)->0K(123392K) From: 57035K(98816K)->60779K(101888K)
[322.261s][info][gc,heap        ] GC(1109) ParOldGen: 404615K(667648K)->404615K(667648K)
[322.261s][info][gc,metaspace   ] GC(1109) Metaspace: 18782K(18944K)->18782K(18944K) NonClass: 16953K(17088K)->16953K(17088K) Class: 1828K(1856K)->1828K(1856K)
[322.261s][info][gc             ] GC(1109) Pause Young (Allocation Failure) 571M->454M(872M) 75.178ms
[322.261s][info][gc,cpu         ] GC(1109) User=0.15s Sys=0.00s Real=0.08s
[322.382s][info][gc,start       ] GC(1110) Pause Young (Allocation Failure)
[322.460s][info][gc,heap        ] GC(1110) PSYoungGen: 184171K(225280K)->60843K(223232K) Eden: 123392K(123392K)->0K(117760K) From: 60779K(101888K)->60843K(105472K)
[322.460s][info][gc,heap        ] GC(1110) ParOldGen: 404615K(667648K)->404615K(667648K)
[322.460s][info][gc,metaspace   ] GC(1110) Metaspace: 18782K(18944K)->18782K(18944K) NonClass: 16953K(17088K)->16953K(17088K) Class: 1828K(1856K)->1828K(1856K)
[322.460s][info][gc             ] GC(1110) Pause Young (Allocation Failure) 574M->454M(870M) 78.077ms
[322.460s][info][gc,cpu         ] GC(1110) User=0.15s Sys=0.00s Real=0.08s
[322.564s][info][gc,start       ] GC(1111) Pause Young (Allocation Failure)
[322.643s][info][gc,heap        ] GC(1111) PSYoungGen: 178603K(223232K)->62891K(180736K) Eden: 117760K(117760K)->0K(117760K) From: 60843K(105472K)->62891K(62976K)
[322.643s][info][gc,heap        ] GC(1111) ParOldGen: 404615K(667648K)->404615K(667648K)
[322.643s][info][gc,metaspace   ] GC(1111) Metaspace: 18782K(18944K)->18782K(18944K) NonClass: 16953K(17088K)->16953K(17088K) Class: 1828K(1856K)->1828K(1856K)
[322.643s][info][gc             ] GC(1111) Pause Young (Allocation Failure) 569M->456M(828M) 79.081ms
[322.643s][info][gc,cpu         ] GC(1111) User=0.15s Sys=0.00s Real=0.08s
[322.785s][info][gc,start       ] GC(1112) Pause Young (Allocation Failure)
[322.877s][info][gc,heap        ] GC(1112) PSYoungGen: 180651K(180736K)->75019K(221696K) Eden: 117760K(117760K)->0K(111616K) From: 62891K(62976K)->75019K(110080K)
[322.878s][info][gc,heap        ] GC(1112) ParOldGen: 404615K(667648K)->404615K(667648K)
[322.878s][info][gc,metaspace   ] GC(1112) Metaspace: 18782K(18944K)->18782K(18944K) NonClass: 16953K(17088K)->16953K(17088K) Class: 1828K(1856K)->1828K(1856K)
[322.878s][info][gc             ] GC(1112) Pause Young (Allocation Failure) 571M->468M(868M) 92.066ms
[322.878s][info][gc,cpu         ] GC(1112) User=0.18s Sys=0.00s Real=0.10s
[322.977s][info][gc,start       ] GC(1113) Pause Young (Allocation Failure)
[323.081s][info][gc,heap        ] GC(1113) PSYoungGen: 186635K(221696K)->68528K(222720K) Eden: 111616K(111616K)->0K(111616K) From: 75019K(110080K)->68528K(111104K)
[323.081s][info][gc,heap        ] GC(1113) ParOldGen: 404615K(667648K)->422247K(667648K)
[323.081s][info][gc,metaspace   ] GC(1113) Metaspace: 18782K(18944K)->18782K(18944K) NonClass: 16953K(17088K)->16953K(17088K) Class: 1828K(1856K)->1828K(1856K)
[323.081s][info][gc             ] GC(1113) Pause Young (Allocation Failure) 577M->479M(869M) 103.905ms
[323.081s][info][gc,cpu         ] GC(1113) User=0.21s Sys=0.00s Real=0.10s
[323.302s][info][gc,start       ] GC(1114) Pause Young (Allocation Failure)
[323.374s][info][gc,heap        ] GC(1114) PSYoungGen: 180144K(222720K)->45504K(222720K) Eden: 111616K(111616K)->0K(111616K) From: 68528K(111104K)->45504K(111104K)
[323.374s][info][gc,heap        ] GC(1114) ParOldGen: 422247K(667648K)->445343K(667648K)
[323.374s][info][gc,metaspace   ] GC(1114) Metaspace: 18782K(18944K)->18782K(18944K) NonClass: 16953K(17088K)->16953K(17088K) Class: 1828K(1856K)->1828K(1856K)
[323.374s][info][gc             ] GC(1114) Pause Young (Allocation Failure) 588M->479M(869M) 71.605ms
[323.374s][info][gc,cpu         ] GC(1114) User=0.15s Sys=0.00s Real=0.07s
[323.546s][info][gc,start       ] GC(1115) Pause Young (Allocation Failure)
[323.617s][info][gc,heap        ] GC(1115) PSYoungGen: 157120K(222720K)->62800K(174592K) Eden: 111616K(111616K)->0K(111616K) From: 45504K(111104K)->62800K(62976K)
[323.617s][info][gc,heap        ] GC(1115) ParOldGen: 445343K(667648K)->445343K(667648K)
[323.617s][info][gc,metaspace   ] GC(1115) Metaspace: 18782K(18944K)->18782K(18944K) NonClass: 16953K(17088K)->16953K(17088K) Class: 1828K(1856K)->1828K(1856K)
[323.617s][info][gc             ] GC(1115) Pause Young (Allocation Failure) 588M->496M(822M) 70.831ms
[323.617s][info][gc,cpu         ] GC(1115) User=0.14s Sys=0.00s Real=0.08s
[323.738s][info][gc,start       ] GC(1116) Pause Young (Allocation Failure)
[323.830s][info][gc,heap        ] GC(1116) PSYoungGen: 174416K(174592K)->82016K(221696K) Eden: 111616K(111616K)->0K(111104K) From: 62800K(62976K)->82016K(110592K)
[323.830s][info][gc,heap        ] GC(1116) ParOldGen: 445343K(667648K)->445343K(667648K)
[323.830s][info][gc,metaspace   ] GC(1116) Metaspace: 18782K(18944K)->18782K(18944K) NonClass: 16953K(17088K)->16953K(17088K) Class: 1828K(1856K)->1828K(1856K)
[323.830s][info][gc             ] GC(1116) Pause Young (Allocation Failure) 605M->515M(868M) 92.470ms
[323.830s][info][gc,cpu         ] GC(1116) User=0.18s Sys=0.00s Real=0.09s
[323.945s][info][gc,start       ] GC(1117) Pause Young (Allocation Failure)
[324.038s][info][gc,heap        ] GC(1117) PSYoungGen: 193120K(221696K)->74480K(222208K) Eden: 111104K(111104K)->0K(111104K) From: 82016K(110592K)->74480K(111104K)
[324.038s][info][gc,heap        ] GC(1117) ParOldGen: 445343K(667648K)->460591K(667648K)
[324.038s][info][gc,metaspace   ] GC(1117) Metaspace: 18782K(18944K)->18782K(18944K) NonClass: 16953K(17088K)->16953K(17088K) Class: 1828K(1856K)->1828K(1856K)
[324.038s][info][gc             ] GC(1117) Pause Young (Allocation Failure) 623M->522M(869M) 93.447ms
[324.038s][info][gc,cpu         ] GC(1117) User=0.19s Sys=0.00s Real=0.10s
[324.144s][info][gc,start       ] GC(1118) Pause Young (Allocation Failure)
[324.223s][info][gc,heap        ] GC(1118) PSYoungGen: 185584K(222208K)->70208K(222720K) Eden: 111104K(111104K)->0K(111616K) From: 74480K(111104K)->70208K(111104K)
[324.223s][info][gc,heap        ] GC(1118) ParOldGen: 460591K(667648K)->465591K(667648K)
[324.223s][info][gc,metaspace   ] GC(1118) Metaspace: 18782K(18944K)->18782K(18944K) NonClass: 16953K(17088K)->16953K(17088K) Class: 1828K(1856K)->1828K(1856K)
[324.223s][info][gc             ] GC(1118) Pause Young (Allocation Failure) 631M->523M(869M) 78.926ms
[324.223s][info][gc,cpu         ] GC(1118) User=0.16s Sys=0.00s Real=0.08s
[324.345s][info][gc,start       ] GC(1119) Pause Young (Allocation Failure)
[324.421s][info][gc,heap        ] GC(1119) PSYoungGen: 181824K(222720K)->70048K(222720K) Eden: 111616K(111616K)->0K(111616K) From: 70208K(111104K)->70048K(111104K)
[324.421s][info][gc,heap        ] GC(1119) ParOldGen: 465591K(667648K)->467687K(667648K)
[324.421s][info][gc,metaspace   ] GC(1119) Metaspace: 18782K(18944K)->18782K(18944K) NonClass: 16953K(17088K)->16953K(17088K) Class: 1828K(1856K)->1828K(1856K)
[324.422s][info][gc             ] GC(1119) Pause Young (Allocation Failure) 632M->525M(869M) 76.389ms
[324.422s][info][gc,cpu         ] GC(1119) User=0.14s Sys=0.00s Real=0.08s
[324.536s][info][gc,start       ] GC(1120) Pause Young (Allocation Failure)
[324.615s][info][gc,heap        ] GC(1120) PSYoungGen: 181664K(222720K)->51424K(222720K) Eden: 111616K(111616K)->0K(111616K) From: 70048K(111104K)->51424K(111104K)
[324.615s][info][gc,heap        ] GC(1120) ParOldGen: 467687K(667648K)->490992K(667648K)
[324.615s][info][gc,metaspace   ] GC(1120) Metaspace: 18782K(18944K)->18782K(18944K) NonClass: 16953K(17088K)->16953K(17088K) Class: 1828K(1856K)->1828K(1856K)
[324.615s][info][gc             ] GC(1120) Pause Young (Allocation Failure) 634M->529M(869M) 79.601ms
[324.616s][info][gc,cpu         ] GC(1120) User=0.16s Sys=0.00s Real=0.08s
[324.718s][info][gc,start       ] GC(1121) Pause Young (Allocation Failure)
[324.786s][info][gc,heap        ] GC(1121) PSYoungGen: 163040K(222720K)->34144K(222720K) Eden: 111616K(111616K)->0K(111616K) From: 51424K(111104K)->34144K(111104K)
[324.786s][info][gc,heap        ] GC(1121) ParOldGen: 490992K(667648K)->508344K(667648K)
[324.786s][info][gc,metaspace   ] GC(1121) Metaspace: 18782K(18944K)->18782K(18944K) NonClass: 16953K(17088K)->16953K(17088K) Class: 1828K(1856K)->1828K(1856K)
[324.786s][info][gc             ] GC(1121) Pause Young (Allocation Failure) 638M->529M(869M) 67.860ms
[324.786s][info][gc,cpu         ] GC(1121) User=0.14s Sys=0.00s Real=0.06s
[324.899s][info][gc,start       ] GC(1122) Pause Young (Allocation Failure)
[324.938s][info][gc,heap        ] GC(1122) PSYoungGen: 145760K(222720K)->35168K(217600K) Eden: 111616K(111616K)->0K(111616K) From: 34144K(111104K)->35168K(105984K)
[324.938s][info][gc,heap        ] GC(1122) ParOldGen: 508344K(667648K)->508344K(667648K)
[324.938s][info][gc,metaspace   ] GC(1122) Metaspace: 18782K(18944K)->18782K(18944K) NonClass: 16953K(17088K)->16953K(17088K) Class: 1828K(1856K)->1828K(1856K)
[324.938s][info][gc             ] GC(1122) Pause Young (Allocation Failure) 638M->530M(864M) 39.713ms
[324.938s][info][gc,cpu         ] GC(1122) User=0.08s Sys=0.00s Real=0.04s
[325.088s][info][gc,start       ] GC(1123) Pause Young (Allocation Failure)
[325.139s][info][gc,heap        ] GC(1123) PSYoungGen: 146784K(217600K)->47456K(220160K) Eden: 111616K(111616K)->0K(111616K) From: 35168K(105984K)->47456K(108544K)
[325.139s][info][gc,heap        ] GC(1123) ParOldGen: 508344K(667648K)->508344K(667648K)
[325.139s][info][gc,metaspace   ] GC(1123) Metaspace: 18782K(18944K)->18782K(18944K) NonClass: 16953K(17088K)->16953K(17088K) Class: 1828K(1856K)->1828K(1856K)
[325.139s][info][gc             ] GC(1123) Pause Young (Allocation Failure) 639M->542M(867M) 51.065ms
[325.139s][info][gc,cpu         ] GC(1123) User=0.11s Sys=0.00s Real=0.05s
[325.333s][info][gc,start       ] GC(1124) Pause Young (Allocation Failure)
[325.390s][info][gc,heap        ] GC(1124) PSYoungGen: 159072K(220160K)->50592K(214528K) Eden: 111616K(111616K)->0K(119808K) From: 47456K(108544K)->50592K(94720K)
[325.390s][info][gc,heap        ] GC(1124) ParOldGen: 508344K(667648K)->508344K(667648K)
[325.390s][info][gc,metaspace   ] GC(1124) Metaspace: 18782K(18944K)->18782K(18944K) NonClass: 16953K(17088K)->16953K(17088K) Class: 1828K(1856K)->1828K(1856K)
[325.390s][info][gc             ] GC(1124) Pause Young (Allocation Failure) 651M->545M(861M) 57.268ms
[325.390s][info][gc,cpu         ] GC(1124) User=0.11s Sys=0.00s Real=0.06s
[325.773s][info][gc,start       ] GC(1125) Pause Young (Allocation Failure)
[325.830s][info][gc,heap        ] GC(1125) PSYoungGen: 170400K(214528K)->50816K(218624K) Eden: 119808K(119808K)->0K(119808K) From: 50592K(94720K)->50816K(98816K)
[325.830s][info][gc,heap        ] GC(1125) ParOldGen: 508344K(667648K)->508344K(667648K)
[325.830s][info][gc,metaspace   ] GC(1125) Metaspace: 18782K(18944K)->18782K(18944K) NonClass: 16953K(17088K)->16953K(17088K) Class: 1828K(1856K)->1828K(1856K)
[325.830s][info][gc             ] GC(1125) Pause Young (Allocation Failure) 662M->546M(865M) 56.791ms
[325.830s][info][gc,cpu         ] GC(1125) User=0.11s Sys=0.00s Real=0.06s
[326.139s][info][gc,start       ] GC(1126) Pause Young (Allocation Failure)
[326.196s][info][gc,heap        ] GC(1126) PSYoungGen: 170624K(218624K)->51008K(212480K) Eden: 119808K(119808K)->0K(126976K) From: 50816K(98816K)->51008K(85504K)
[326.196s][info][gc,heap        ] GC(1126) ParOldGen: 508344K(667648K)->508344K(667648K)
[326.196s][info][gc,metaspace   ] GC(1126) Metaspace: 18782K(18944K)->18782K(18944K) NonClass: 16953K(17088K)->16953K(17088K) Class: 1828K(1856K)->1828K(1856K)
[326.196s][info][gc             ] GC(1126) Pause Young (Allocation Failure) 663M->546M(859M) 56.710ms
[326.196s][info][gc,cpu         ] GC(1126) User=0.12s Sys=0.00s Real=0.05s
[326.457s][info][gc,start       ] GC(1127) Pause Young (Allocation Failure)
[326.511s][info][gc,heap        ] GC(1127) PSYoungGen: 177984K(212480K)->51280K(217088K) Eden: 126976K(126976K)->0K(126976K) From: 51008K(85504K)->51280K(90112K)
[326.512s][info][gc,heap        ] GC(1127) ParOldGen: 508344K(667648K)->508344K(667648K)
[326.512s][info][gc,metaspace   ] GC(1127) Metaspace: 18782K(18944K)->18782K(18944K) NonClass: 16954K(17088K)->16954K(17088K) Class: 1828K(1856K)->1828K(1856K)
[326.512s][info][gc             ] GC(1127) Pause Young (Allocation Failure) 670M->546M(864M) 54.952ms
[326.512s][info][gc,cpu         ] GC(1127) User=0.11s Sys=0.00s Real=0.05s
[326.836s][info][gc,start       ] GC(1128) Pause Young (Allocation Failure)
[326.891s][info][gc,heap        ] GC(1128) PSYoungGen: 178256K(217088K)->51120K(212992K) Eden: 126976K(126976K)->0K(133632K) From: 51280K(90112K)->51120K(79360K)
[326.891s][info][gc,heap        ] GC(1128) ParOldGen: 508344K(667648K)->508344K(667648K)
[326.891s][info][gc,metaspace   ] GC(1128) Metaspace: 18782K(18944K)->18782K(18944K) NonClass: 16954K(17088K)->16954K(17088K) Class: 1828K(1856K)->1828K(1856K)
[326.891s][info][gc             ] GC(1128) Pause Young (Allocation Failure) 670M->546M(860M) 55.457ms
[326.891s][info][gc,cpu         ] GC(1128) User=0.11s Sys=0.00s Real=0.06s
[327.102s][info][gc,start       ] GC(1129) Pause Young (Allocation Failure)
[327.165s][info][gc,heap        ] GC(1129) PSYoungGen: 184752K(212992K)->58960K(216576K) Eden: 133632K(133632K)->0K(133632K) From: 51120K(79360K)->58960K(82944K)
[327.165s][info][gc,heap        ] GC(1129) ParOldGen: 508344K(667648K)->508344K(667648K)
[327.165s][info][gc,metaspace   ] GC(1129) Metaspace: 18782K(18944K)->18782K(18944K) NonClass: 16954K(17088K)->16954K(17088K) Class: 1828K(1856K)->1828K(1856K)
[327.165s][info][gc             ] GC(1129) Pause Young (Allocation Failure) 676M->554M(863M) 62.725ms
[327.165s][info][gc,cpu         ] GC(1129) User=0.12s Sys=0.00s Real=0.06s
[327.308s][info][gc,start       ] GC(1130) Pause Young (Allocation Failure)
[327.413s][info][gc,heap        ] GC(1130) PSYoungGen: 192592K(216576K)->82406K(205312K) Eden: 133632K(133632K)->0K(122880K) From: 58960K(82944K)->82406K(82432K)
[327.413s][info][gc,heap        ] GC(1130) ParOldGen: 508344K(667648K)->534936K(667648K)
[327.413s][info][gc,metaspace   ] GC(1130) Metaspace: 18782K(18944K)->18782K(18944K) NonClass: 16954K(17088K)->16954K(17088K) Class: 1828K(1856K)->1828K(1856K)
[327.413s][info][gc             ] GC(1130) Pause Young (Allocation Failure) 684M->602M(852M) 104.612ms
[327.413s][info][gc,cpu         ] GC(1130) User=0.21s Sys=0.01s Real=0.10s
[327.457s][info][gc,start       ] GC(1131) Pause Young (Allocation Failure)
[327.583s][info][gc,heap        ] GC(1131) PSYoungGen: 205286K(205312K)->100343K(223232K) Eden: 122880K(122880K)->0K(122880K) From: 82406K(82432K)->100343K(100352K)
[327.583s][info][gc,heap        ] GC(1131) ParOldGen: 534936K(667648K)->571888K(667648K)
[327.583s][info][gc,metaspace   ] GC(1131) Metaspace: 18782K(18944K)->18782K(18944K) NonClass: 16954K(17088K)->16954K(17088K) Class: 1828K(1856K)->1828K(1856K)
[327.583s][info][gc             ] GC(1131) Pause Young (Allocation Failure) 722M->656M(870M) 126.880ms
[327.583s][info][gc,cpu         ] GC(1131) User=0.25s Sys=0.00s Real=0.12s
[327.626s][info][gc,start       ] GC(1132) Pause Young (Allocation Failure)
[327.768s][info][gc,heap        ] GC(1132) PSYoungGen: 223223K(223232K)->110576K(222208K) Eden: 122880K(122880K)->0K(111616K) From: 100343K(100352K)->110576K(110592K)
[327.768s][info][gc,heap        ] GC(1132) ParOldGen: 571888K(667648K)->614774K(667648K)
[327.768s][info][gc,metaspace   ] GC(1132) Metaspace: 18782K(18944K)->18782K(18944K) NonClass: 16954K(17088K)->16954K(17088K) Class: 1828K(1856K)->1828K(1856K)
[327.768s][info][gc             ] GC(1132) Pause Young (Allocation Failure) 776M->708M(869M) 142.632ms
[327.768s][info][gc,cpu         ] GC(1132) User=0.27s Sys=0.01s Real=0.15s
[327.844s][info][gc,start       ] GC(1133) Pause Full (Allocation Failure)
[327.844s][info][gc,phases,start] GC(1133) Marking Phase
[328.255s][info][gc,phases      ] GC(1133) Marking Phase 410.348ms
[328.255s][info][gc,phases,start] GC(1133) Summary Phase
[328.255s][info][gc,phases      ] GC(1133) Summary Phase 0.031ms
[328.255s][info][gc,phases,start] GC(1133) Forward
[328.390s][info][gc,phases      ] GC(1133) Forward 134.708ms
[328.390s][info][gc,phases,start] GC(1133) Adjust Pointers
[328.690s][info][gc,phases      ] GC(1133) Adjust Pointers 300.339ms
[328.690s][info][gc,phases,start] GC(1133) Compaction Phase
[328.889s][info][gc,phases      ] GC(1133) Compaction Phase 199.153ms
[328.896s][info][gc,phases,start] GC(1133) Post Compact
[328.899s][info][gc,phases      ] GC(1133) Post Compact 2.425ms
[328.899s][info][gc,heap        ] GC(1133) PSYoungGen: 222192K(222208K)->0K(222720K) Eden: 111616K(111616K)->0K(111616K) From: 110576K(110592K)->0K(111104K)
[328.899s][info][gc,heap        ] GC(1133) ParOldGen: 614774K(667648K)->603788K(667648K)
[328.899s][info][gc,metaspace   ] GC(1133) Metaspace: 18782K(18944K)->18782K(18944K) NonClass: 16954K(17088K)->16954K(17088K) Class: 1828K(1856K)->1828K(1856K)
[328.899s][info][gc             ] GC(1133) Pause Full (Allocation Failure) 817M->589M(869M) 1054.534ms
[328.899s][info][gc,cpu         ] GC(1133) User=2.01s Sys=0.00s Real=1.06s
[329.136s][info][gc,start       ] GC(1134) Pause Young (Allocation Failure)
[329.175s][info][gc,heap        ] GC(1134) PSYoungGen: 111616K(222720K)->17120K(222720K) Eden: 111616K(111616K)->0K(111616K) From: 0K(111104K)->17120K(111104K)
[329.175s][info][gc,heap        ] GC(1134) ParOldGen: 603788K(667648K)->603788K(667648K)
[329.175s][info][gc,metaspace   ] GC(1134) Metaspace: 18782K(18944K)->18782K(18944K) NonClass: 16954K(17088K)->16954K(17088K) Class: 1828K(1856K)->1828K(1856K)
[329.175s][info][gc             ] GC(1134) Pause Young (Allocation Failure) 698M->606M(869M) 38.688ms
[329.175s][info][gc,cpu         ] GC(1134) User=0.08s Sys=0.00s Real=0.03s
[329.367s][info][gc,start       ] GC(1135) Pause Young (Allocation Failure)
[329.406s][info][gc,heap        ] GC(1135) PSYoungGen: 128736K(222720K)->19296K(222720K) Eden: 111616K(111616K)->0K(111616K) From: 17120K(111104K)->19296K(111104K)
[329.406s][info][gc,heap        ] GC(1135) ParOldGen: 603788K(667648K)->603788K(667648K)
[329.406s][info][gc,metaspace   ] GC(1135) Metaspace: 18782K(18944K)->18782K(18944K) NonClass: 16954K(17088K)->16954K(17088K) Class: 1828K(1856K)->1828K(1856K)
[329.406s][info][gc             ] GC(1135) Pause Young (Allocation Failure) 715M->608M(869M) 39.814ms
[329.406s][info][gc,cpu         ] GC(1135) User=0.07s Sys=0.00s Real=0.04s
[329.512s][info][gc,start       ] GC(1136) Pause Young (Allocation Failure)
[329.562s][info][gc,heap        ] GC(1136) PSYoungGen: 130912K(222720K)->22240K(222720K) Eden: 111616K(111616K)->0K(111616K) From: 19296K(111104K)->22240K(111104K)
[329.562s][info][gc,heap        ] GC(1136) ParOldGen: 603788K(667648K)->603788K(667648K)
[329.562s][info][gc,metaspace   ] GC(1136) Metaspace: 18782K(18944K)->18782K(18944K) NonClass: 16954K(17088K)->16954K(17088K) Class: 1828K(1856K)->1828K(1856K)
[329.562s][info][gc             ] GC(1136) Pause Young (Allocation Failure) 717M->611M(869M) 49.992ms
[329.562s][info][gc,cpu         ] GC(1136) User=0.10s Sys=0.00s Real=0.05s
[329.698s][info][gc,start       ] GC(1137) Pause Young (Allocation Failure)
[329.766s][info][gc,heap        ] GC(1137) PSYoungGen: 133856K(222720K)->31331K(222720K) Eden: 111616K(111616K)->0K(111616K) From: 22240K(111104K)->31331K(111104K)
[329.766s][info][gc,heap        ] GC(1137) ParOldGen: 603788K(667648K)->603788K(667648K)
[329.766s][info][gc,metaspace   ] GC(1137) Metaspace: 18782K(18944K)->18782K(18944K) NonClass: 16954K(17088K)->16954K(17088K) Class: 1828K(1856K)->1828K(1856K)
[329.766s][info][gc             ] GC(1137) Pause Young (Allocation Failure) 720M->620M(869M) 68.496ms
[329.766s][info][gc,cpu         ] GC(1137) User=0.14s Sys=0.00s Real=0.06s
[329.927s][info][gc,start       ] GC(1138) Pause Young (Allocation Failure)
[330.022s][info][gc,heap        ] GC(1138) PSYoungGen: 142947K(222720K)->53251K(222720K) Eden: 111616K(111616K)->0K(111616K) From: 31331K(111104K)->53251K(111104K)
[330.022s][info][gc,heap        ] GC(1138) ParOldGen: 603788K(667648K)->603788K(667648K)
[330.022s][info][gc,metaspace   ] GC(1138) Metaspace: 18782K(18944K)->18782K(18944K) NonClass: 16954K(17088K)->16954K(17088K) Class: 1828K(1856K)->1828K(1856K)
[330.023s][info][gc             ] GC(1138) Pause Young (Allocation Failure) 729M->641M(869M) 95.503ms
[330.023s][info][gc,cpu         ] GC(1138) User=0.18s Sys=0.00s Real=0.09s
[330.182s][info][gc,start       ] GC(1139) Pause Young (Allocation Failure)
[330.276s][info][gc,heap        ] GC(1139) PSYoungGen: 164867K(222720K)->53251K(222720K) Eden: 111616K(111616K)->0K(111616K) From: 53251K(111104K)->53251K(111104K)
[330.276s][info][gc,heap        ] GC(1139) ParOldGen: 603788K(667648K)->603788K(667648K)
[330.276s][info][gc,metaspace   ] GC(1139) Metaspace: 18782K(18944K)->18782K(18944K) NonClass: 16954K(17088K)->16954K(17088K) Class: 1828K(1856K)->1828K(1856K)
[330.276s][info][gc             ] GC(1139) Pause Young (Allocation Failure) 750M->641M(869M) 93.929ms
[330.276s][info][gc,cpu         ] GC(1139) User=0.19s Sys=0.00s Real=0.09s
[330.436s][info][gc,start       ] GC(1140) Pause Young (Allocation Failure)
[330.533s][info][gc,heap        ] GC(1140) PSYoungGen: 164867K(222720K)->36182K(222720K) Eden: 111616K(111616K)->0K(111616K) From: 53251K(111104K)->36182K(111104K)
[330.533s][info][gc,heap        ] GC(1140) ParOldGen: 603788K(667648K)->620932K(667648K)
[330.533s][info][gc,metaspace   ] GC(1140) Metaspace: 18782K(18944K)->18782K(18944K) NonClass: 16954K(17088K)->16954K(17088K) Class: 1828K(1856K)->1828K(1856K)
[330.533s][info][gc             ] GC(1140) Pause Young (Allocation Failure) 750M->641M(869M) 96.694ms
[330.533s][info][gc,cpu         ] GC(1140) User=0.19s Sys=0.00s Real=0.10s
[330.690s][info][gc,start       ] GC(1141) Pause Full (Allocation Failure)
[330.690s][info][gc,phases,start] GC(1141) Marking Phase
[331.017s][info][gc,phases      ] GC(1141) Marking Phase 327.286ms
[331.017s][info][gc,phases,start] GC(1141) Summary Phase
[331.017s][info][gc,phases      ] GC(1141) Summary Phase 0.029ms
[331.017s][info][gc,phases,start] GC(1141) Forward
[331.123s][info][gc,phases      ] GC(1141) Forward 105.874ms
[331.123s][info][gc,phases,start] GC(1141) Adjust Pointers
[331.401s][info][gc,phases      ] GC(1141) Adjust Pointers 277.697ms
[331.401s][info][gc,phases,start] GC(1141) Compaction Phase
[331.529s][info][gc,phases      ] GC(1141) Compaction Phase 128.371ms
[331.545s][info][gc,phases,start] GC(1141) Post Compact
[331.547s][info][gc,phases      ] GC(1141) Post Compact 2.330ms
[331.547s][info][gc,heap        ] GC(1141) PSYoungGen: 147798K(222720K)->0K(222720K) Eden: 111616K(111616K)->0K(111616K) From: 36182K(111104K)->0K(111104K)
[331.547s][info][gc,heap        ] GC(1141) ParOldGen: 620932K(667648K)->491540K(667648K)
[331.547s][info][gc,metaspace   ] GC(1141) Metaspace: 18782K(18944K)->18782K(18944K) NonClass: 16954K(17088K)->16954K(17088K) Class: 1828K(1856K)->1828K(1856K)
[331.547s][info][gc             ] GC(1141) Pause Full (Allocation Failure) 750M->480M(869M) 857.659ms
[331.547s][info][gc,cpu         ] GC(1141) User=1.61s Sys=0.00s Real=0.86s
[331.707s][info][gc,start       ] GC(1142) Pause Young (Allocation Failure)
[331.709s][info][gc,heap        ] GC(1142) PSYoungGen: 111616K(222720K)->64K(222720K) Eden: 111616K(111616K)->0K(111616K) From: 0K(111104K)->64K(111104K)
[331.709s][info][gc,heap        ] GC(1142) ParOldGen: 491540K(667648K)->491540K(667648K)
[331.709s][info][gc,metaspace   ] GC(1142) Metaspace: 18782K(18944K)->18782K(18944K) NonClass: 16954K(17088K)->16954K(17088K) Class: 1828K(1856K)->1828K(1856K)
[331.709s][info][gc             ] GC(1142) Pause Young (Allocation Failure) 589M->480M(869M) 1.769ms
[331.709s][info][gc,cpu         ] GC(1142) User=0.01s Sys=0.00s Real=0.00s
[331.867s][info][gc,start       ] GC(1143) Pause Young (Allocation Failure)
[331.869s][info][gc,heap        ] GC(1143) PSYoungGen: 111680K(222720K)->64K(222720K) Eden: 111616K(111616K)->0K(111616K) From: 64K(111104K)->64K(111104K)
[331.869s][info][gc,heap        ] GC(1143) ParOldGen: 491540K(667648K)->491540K(667648K)
[331.869s][info][gc,metaspace   ] GC(1143) Metaspace: 18782K(18944K)->18782K(18944K) NonClass: 16954K(17088K)->16954K(17088K) Class: 1828K(1856K)->1828K(1856K)
[331.869s][info][gc             ] GC(1143) Pause Young (Allocation Failure) 589M->480M(869M) 1.736ms
[331.869s][info][gc,cpu         ] GC(1143) User=0.01s Sys=0.00s Real=0.00s
[332.026s][info][gc,start       ] GC(1144) Pause Young (Allocation Failure)
[332.028s][info][gc,heap        ] GC(1144) PSYoungGen: 111680K(222720K)->64K(222720K) Eden: 111616K(111616K)->0K(111616K) From: 64K(111104K)->64K(111104K)
[332.028s][info][gc,heap        ] GC(1144) ParOldGen: 491540K(667648K)->491540K(667648K)
[332.028s][info][gc,metaspace   ] GC(1144) Metaspace: 18782K(18944K)->18782K(18944K) NonClass: 16954K(17088K)->16954K(17088K) Class: 1828K(1856K)->1828K(1856K)
[332.028s][info][gc             ] GC(1144) Pause Young (Allocation Failure) 589M->480M(869M) 1.695ms
[332.028s][info][gc,cpu         ] GC(1144) User=0.00s Sys=0.00s Real=0.01s
[332.184s][info][gc,start       ] GC(1145) Pause Young (Allocation Failure)
[332.186s][info][gc,heap        ] GC(1145) PSYoungGen: 111680K(222720K)->64K(222720K) Eden: 111616K(111616K)->0K(111616K) From: 64K(111104K)->64K(111104K)
[332.186s][info][gc,heap        ] GC(1145) ParOldGen: 491540K(667648K)->491548K(667648K)
[332.186s][info][gc,metaspace   ] GC(1145) Metaspace: 18782K(18944K)->18782K(18944K) NonClass: 16954K(17088K)->16954K(17088K) Class: 1828K(1856K)->1828K(1856K)
[332.186s][info][gc             ] GC(1145) Pause Young (Allocation Failure) 589M->480M(869M) 1.734ms
[332.186s][info][gc,cpu         ] GC(1145) User=0.00s Sys=0.00s Real=0.00s
[332.330s][info][gc,start       ] GC(1146) Pause Young (Allocation Failure)
[332.342s][info][gc,heap        ] GC(1146) PSYoungGen: 111680K(222720K)->8896K(222720K) Eden: 111616K(111616K)->0K(111616K) From: 64K(111104K)->8896K(111104K)
[332.342s][info][gc,heap        ] GC(1146) ParOldGen: 491548K(667648K)->491548K(667648K)
[332.342s][info][gc,metaspace   ] GC(1146) Metaspace: 18782K(18944K)->18782K(18944K) NonClass: 16954K(17088K)->16954K(17088K) Class: 1828K(1856K)->1828K(1856K)
[332.342s][info][gc             ] GC(1146) Pause Young (Allocation Failure) 589M->488M(869M) 12.704ms
[332.342s][info][gc,cpu         ] GC(1146) User=0.03s Sys=0.00s Real=0.01s
[332.448s][info][gc,start       ] GC(1147) Pause Young (Allocation Failure)
[332.474s][info][gc,heap        ] GC(1147) PSYoungGen: 120512K(222720K)->13952K(222720K) Eden: 111616K(111616K)->0K(111616K) From: 8896K(111104K)->13952K(111104K)
[332.474s][info][gc,heap        ] GC(1147) ParOldGen: 491548K(667648K)->500428K(667648K)
[332.474s][info][gc,metaspace   ] GC(1147) Metaspace: 18782K(18944K)->18782K(18944K) NonClass: 16954K(17088K)->16954K(17088K) Class: 1828K(1856K)->1828K(1856K)
[332.474s][info][gc             ] GC(1147) Pause Young (Allocation Failure) 597M->502M(869M) 26.430ms
[332.474s][info][gc,cpu         ] GC(1147) User=0.06s Sys=0.01s Real=0.02s
[332.569s][info][gc,start       ] GC(1148) Pause Young (Allocation Failure)
[332.595s][info][gc,heap        ] GC(1148) PSYoungGen: 125568K(222720K)->9376K(222720K) Eden: 111616K(111616K)->0K(111616K) From: 13952K(111104K)->9376K(111104K)
[332.595s][info][gc,heap        ] GC(1148) ParOldGen: 500428K(667648K)->514364K(667648K)
[332.595s][info][gc,metaspace   ] GC(1148) Metaspace: 18782K(18944K)->18782K(18944K) NonClass: 16954K(17088K)->16954K(17088K) Class: 1828K(1856K)->1828K(1856K)
[332.595s][info][gc             ] GC(1148) Pause Young (Allocation Failure) 611M->511M(869M) 26.563ms
[332.595s][info][gc,cpu         ] GC(1148) User=0.06s Sys=0.00s Real=0.02s
[332.692s][info][gc,start       ] GC(1149) Pause Young (Allocation Failure)
[332.710s][info][gc,heap        ] GC(1149) PSYoungGen: 120992K(222720K)->10624K(122368K) Eden: 111616K(111616K)->0K(111616K) From: 9376K(111104K)->10624K(10752K)
[332.710s][info][gc,heap        ] GC(1149) ParOldGen: 514364K(667648K)->514364K(667648K)
[332.710s][info][gc,metaspace   ] GC(1149) Metaspace: 18782K(18944K)->18782K(18944K) NonClass: 16954K(17088K)->16954K(17088K) Class: 1828K(1856K)->1828K(1856K)
[332.710s][info][gc             ] GC(1149) Pause Young (Allocation Failure) 620M->512M(771M) 17.739ms
[332.710s][info][gc,cpu         ] GC(1149) User=0.03s Sys=0.00s Real=0.02s
[332.813s][info][gc,start       ] GC(1150) Pause Young (Allocation Failure)
[332.832s][info][gc,heap        ] GC(1150) PSYoungGen: 122240K(122368K)->12544K(218624K) Eden: 111616K(111616K)->0K(116736K) From: 10624K(10752K)->12544K(101888K)
[332.832s][info][gc,heap        ] GC(1150) ParOldGen: 514364K(667648K)->514364K(667648K)
[332.832s][info][gc,metaspace   ] GC(1150) Metaspace: 18782K(18944K)->18782K(18944K) NonClass: 16954K(17088K)->16954K(17088K) Class: 1828K(1856K)->1828K(1856K)
[332.832s][info][gc             ] GC(1150) Pause Young (Allocation Failure) 621M->514M(865M) 19.021ms
[332.832s][info][gc,cpu         ] GC(1150) User=0.03s Sys=0.00s Real=0.02s
[332.940s][info][gc,start       ] GC(1151) Pause Young (Allocation Failure)
[332.956s][info][gc,heap        ] GC(1151) PSYoungGen: 129280K(218624K)->12576K(217600K) Eden: 116736K(116736K)->0K(116736K) From: 12544K(101888K)->12576K(100864K)
[332.956s][info][gc,heap        ] GC(1151) ParOldGen: 514364K(667648K)->514364K(667648K)
[332.956s][info][gc,metaspace   ] GC(1151) Metaspace: 18782K(18944K)->18782K(18944K) NonClass: 16954K(17088K)->16954K(17088K) Class: 1828K(1856K)->1828K(1856K)
[332.956s][info][gc             ] GC(1151) Pause Young (Allocation Failure) 628M->514M(864M) 16.640ms
[332.956s][info][gc,cpu         ] GC(1151) User=0.03s Sys=0.00s Real=0.01s
[333.074s][info][gc,start       ] GC(1152) Pause Young (Allocation Failure)
[333.099s][info][gc,heap        ] GC(1152) PSYoungGen: 129312K(217600K)->20832K(205312K) Eden: 116736K(116736K)->0K(122880K) From: 12576K(100864K)->20832K(82432K)
[333.099s][info][gc,heap        ] GC(1152) ParOldGen: 514364K(667648K)->514364K(667648K)
[333.099s][info][gc,metaspace   ] GC(1152) Metaspace: 18782K(18944K)->18782K(18944K) NonClass: 16954K(17088K)->16954K(17088K) Class: 1828K(1856K)->1828K(1856K)
[333.099s][info][gc             ] GC(1152) Pause Young (Allocation Failure) 628M->522M(852M) 24.854ms
[333.099s][info][gc,cpu         ] GC(1152) User=0.05s Sys=0.00s Real=0.03s
[333.335s][info][gc,start       ] GC(1153) Pause Young (Allocation Failure)
[333.359s][info][gc,heap        ] GC(1153) PSYoungGen: 143712K(205312K)->21248K(211968K) Eden: 122880K(122880K)->0K(122880K) From: 20832K(82432K)->21248K(89088K)
[333.360s][info][gc,heap        ] GC(1153) ParOldGen: 514364K(667648K)->514364K(667648K)
[333.360s][info][gc,metaspace   ] GC(1153) Metaspace: 18782K(18944K)->18782K(18944K) NonClass: 16954K(17088K)->16954K(17088K) Class: 1828K(1856K)->1828K(1856K)
[333.360s][info][gc             ] GC(1153) Pause Young (Allocation Failure) 642M->523M(859M) 25.071ms
[333.360s][info][gc,cpu         ] GC(1153) User=0.05s Sys=0.00s Real=0.03s
[333.593s][info][gc,start       ] GC(1154) Pause Young (Allocation Failure)
[333.619s][info][gc,heap        ] GC(1154) PSYoungGen: 144128K(211968K)->21408K(199680K) Eden: 122880K(122880K)->0K(128512K) From: 21248K(89088K)->21408K(71168K)
[333.619s][info][gc,heap        ] GC(1154) ParOldGen: 514364K(667648K)->514364K(667648K)
[333.619s][info][gc,metaspace   ] GC(1154) Metaspace: 18782K(18944K)->18782K(18944K) NonClass: 16954K(17088K)->16954K(17088K) Class: 1828K(1856K)->1828K(1856K)
[333.619s][info][gc             ] GC(1154) Pause Young (Allocation Failure) 643M->523M(847M) 25.325ms
[333.619s][info][gc,cpu         ] GC(1154) User=0.04s Sys=0.00s Real=0.03s
[333.864s][info][gc,start       ] GC(1155) Pause Young (Allocation Failure)
[333.888s][info][gc,heap        ] GC(1155) PSYoungGen: 149920K(199680K)->21408K(205824K) Eden: 128512K(128512K)->0K(128512K) From: 21408K(71168K)->21408K(77312K)
[333.888s][info][gc,heap        ] GC(1155) ParOldGen: 514364K(667648K)->514364K(667648K)
[333.888s][info][gc,metaspace   ] GC(1155) Metaspace: 18782K(18944K)->18782K(18944K) NonClass: 16954K(17088K)->16954K(17088K) Class: 1828K(1856K)->1828K(1856K)
[333.888s][info][gc             ] GC(1155) Pause Young (Allocation Failure) 648M->523M(853M) 24.851ms
[333.889s][info][gc,cpu         ] GC(1155) User=0.05s Sys=0.00s Real=0.03s
[334.105s][info][gc,start       ] GC(1156) Pause Young (Allocation Failure)
[334.132s][info][gc,heap        ] GC(1156) PSYoungGen: 149920K(205824K)->21440K(197120K) Eden: 128512K(128512K)->0K(134144K) From: 21408K(77312K)->21440K(62976K)
[334.132s][info][gc,heap        ] GC(1156) ParOldGen: 514364K(667648K)->514364K(667648K)
[334.132s][info][gc,metaspace   ] GC(1156) Metaspace: 18782K(18944K)->18782K(18944K) NonClass: 16954K(17088K)->16954K(17088K) Class: 1828K(1856K)->1828K(1856K)
[334.132s][info][gc             ] GC(1156) Pause Young (Allocation Failure) 648M->523M(844M) 27.702ms
[334.132s][info][gc,cpu         ] GC(1156) User=0.05s Sys=0.00s Real=0.03s
[334.361s][info][gc,start       ] GC(1157) Pause Young (Allocation Failure)
[334.394s][info][gc,heap        ] GC(1157) PSYoungGen: 155584K(197120K)->30592K(201728K) Eden: 134144K(134144K)->0K(134144K) From: 21440K(62976K)->30592K(67584K)
[334.394s][info][gc,heap        ] GC(1157) ParOldGen: 514364K(667648K)->514364K(667648K)
[334.394s][info][gc,metaspace   ] GC(1157) Metaspace: 18782K(18944K)->18782K(18944K) NonClass: 16954K(17088K)->16954K(17088K) Class: 1828K(1856K)->1828K(1856K)
[334.394s][info][gc             ] GC(1157) Pause Young (Allocation Failure) 654M->532M(849M) 33.104ms
[334.394s][info][gc,cpu         ] GC(1157) User=0.07s Sys=0.00s Real=0.03s
[334.546s][info][gc,start       ] GC(1158) Pause Young (Allocation Failure)
[334.585s][info][gc,heap        ] GC(1158) PSYoungGen: 164736K(201728K)->35456K(206336K) Eden: 134144K(134144K)->0K(140288K) From: 30592K(67584K)->35456K(66048K)
[334.585s][info][gc,heap        ] GC(1158) ParOldGen: 514364K(667648K)->514364K(667648K)
[334.586s][info][gc,metaspace   ] GC(1158) Metaspace: 18782K(18944K)->18782K(18944K) NonClass: 16954K(17088K)->16954K(17088K) Class: 1828K(1856K)->1828K(1856K)
[334.586s][info][gc             ] GC(1158) Pause Young (Allocation Failure) 663M->536M(853M) 39.282ms
[334.586s][info][gc,cpu         ] GC(1158) User=0.08s Sys=0.00s Real=0.04s
[334.735s][info][gc,start       ] GC(1159) Pause Young (Allocation Failure)
[334.786s][info][gc,heap        ] GC(1159) PSYoungGen: 175744K(206336K)->53968K(206336K) Eden: 140288K(140288K)->0K(140288K) From: 35456K(66048K)->53968K(66048K)
[334.786s][info][gc,heap        ] GC(1159) ParOldGen: 514364K(667648K)->514364K(667648K)
[334.786s][info][gc,metaspace   ] GC(1159) Metaspace: 18782K(18944K)->18782K(18944K) NonClass: 16954K(17088K)->16954K(17088K) Class: 1828K(1856K)->1828K(1856K)
[334.786s][info][gc             ] GC(1159) Pause Young (Allocation Failure) 673M->555M(853M) 51.562ms
[334.786s][info][gc,cpu         ] GC(1159) User=0.11s Sys=0.00s Real=0.05s
[334.914s][info][gc,start       ] GC(1160) Pause Young (Allocation Failure)
[335.004s][info][gc,heap        ] GC(1160) PSYoungGen: 194256K(206336K)->72672K(201728K) Eden: 140288K(140288K)->0K(129024K) From: 53968K(66048K)->72672K(72704K)
[335.004s][info][gc,heap        ] GC(1160) ParOldGen: 514364K(667648K)->534300K(667648K)
[335.004s][info][gc,metaspace   ] GC(1160) Metaspace: 18782K(18944K)->18782K(18944K) NonClass: 16954K(17088K)->16954K(17088K) Class: 1828K(1856K)->1828K(1856K)
[335.004s][info][gc             ] GC(1160) Pause Young (Allocation Failure) 692M->592M(849M) 90.384ms
[335.004s][info][gc,cpu         ] GC(1160) User=0.17s Sys=0.02s Real=0.09s
[335.210s][info][gc,start       ] GC(1161) Pause Young (Allocation Failure)
[335.304s][info][gc,heap        ] GC(1161) PSYoungGen: 201696K(201728K)->76752K(221184K) Eden: 129024K(129024K)->0K(129024K) From: 72672K(72704K)->76752K(92160K)
[335.304s][info][gc,heap        ] GC(1161) ParOldGen: 534300K(667648K)->544932K(667648K)
[335.304s][info][gc,metaspace   ] GC(1161) Metaspace: 18782K(18944K)->18782K(18944K) NonClass: 16954K(17088K)->16954K(17088K) Class: 1828K(1856K)->1828K(1856K)
[335.305s][info][gc             ] GC(1161) Pause Young (Allocation Failure) 718M->607M(868M) 94.993ms
[335.305s][info][gc,cpu         ] GC(1161) User=0.19s Sys=0.00s Real=0.09s
[335.484s][info][gc,start       ] GC(1162) Pause Young (Allocation Failure)
[335.576s][info][gc,heap        ] GC(1162) PSYoungGen: 205776K(221184K)->76800K(216064K) Eden: 129024K(129024K)->0K(113664K) From: 76752K(92160K)->76800K(102400K)
[335.576s][info][gc,heap        ] GC(1162) ParOldGen: 544932K(667648K)->544932K(667648K)
[335.577s][info][gc,metaspace   ] GC(1162) Metaspace: 18782K(18944K)->18782K(18944K) NonClass: 16954K(17088K)->16954K(17088K) Class: 1828K(1856K)->1828K(1856K)
[335.577s][info][gc             ] GC(1162) Pause Young (Allocation Failure) 733M->607M(863M) 92.140ms
[335.577s][info][gc,cpu         ] GC(1162) User=0.17s Sys=0.01s Real=0.10s
[335.738s][info][gc,start       ] GC(1163) Pause Young (Allocation Failure)
[335.822s][info][gc,heap        ] GC(1163) PSYoungGen: 190464K(216064K)->76768K(190464K) Eden: 113664K(113664K)->0K(113664K) From: 76800K(102400K)->76768K(76800K)
[335.822s][info][gc,heap        ] GC(1163) ParOldGen: 544932K(667648K)->544932K(667648K)
[335.822s][info][gc,metaspace   ] GC(1163) Metaspace: 18782K(18944K)->18782K(18944K) NonClass: 16954K(17088K)->16954K(17088K) Class: 1828K(1856K)->1828K(1856K)
[335.822s][info][gc             ] GC(1163) Pause Young (Allocation Failure) 718M->607M(838M) 83.968ms
[335.822s][info][gc,cpu         ] GC(1163) User=0.17s Sys=0.00s Real=0.08s
[335.985s][info][gc,start       ] GC(1164) Pause Young (Allocation Failure)
[336.069s][info][gc,heap        ] GC(1164) PSYoungGen: 190432K(190464K)->74848K(222720K) Eden: 113664K(113664K)->0K(111616K) From: 76768K(76800K)->74848K(111104K)
[336.069s][info][gc,heap        ] GC(1164) ParOldGen: 544932K(667648K)->546868K(667648K)
[336.069s][info][gc,metaspace   ] GC(1164) Metaspace: 18782K(18944K)->18782K(18944K) NonClass: 16954K(17088K)->16954K(17088K) Class: 1828K(1856K)->1828K(1856K)
[336.069s][info][gc             ] GC(1164) Pause Young (Allocation Failure) 718M->607M(869M) 84.279ms
[336.069s][info][gc,cpu         ] GC(1164) User=0.17s Sys=0.00s Real=0.09s
[336.227s][info][gc,start       ] GC(1165) Pause Young (Allocation Failure)
[336.310s][info][gc,heap        ] GC(1165) PSYoungGen: 186464K(222720K)->66176K(222720K) Eden: 111616K(111616K)->0K(111616K) From: 74848K(111104K)->66176K(111104K)
[336.310s][info][gc,heap        ] GC(1165) ParOldGen: 546868K(667648K)->555604K(667648K)
[336.310s][info][gc,metaspace   ] GC(1165) Metaspace: 18782K(18944K)->18782K(18944K) NonClass: 16954K(17088K)->16954K(17088K) Class: 1828K(1856K)->1828K(1856K)
[336.310s][info][gc             ] GC(1165) Pause Young (Allocation Failure) 716M->607M(869M) 82.538ms
[336.310s][info][gc,cpu         ] GC(1165) User=0.16s Sys=0.00s Real=0.08s
[336.466s][info][gc,start       ] GC(1166) Pause Young (Allocation Failure)
[336.538s][info][gc,heap        ] GC(1166) PSYoungGen: 177792K(222720K)->65984K(222720K) Eden: 111616K(111616K)->0K(111616K) From: 66176K(111104K)->65984K(111104K)
[336.538s][info][gc,heap        ] GC(1166) ParOldGen: 555604K(667648K)->555794K(667648K)
[336.538s][info][gc,metaspace   ] GC(1166) Metaspace: 18782K(18944K)->18782K(18944K) NonClass: 16954K(17088K)->16954K(17088K) Class: 1828K(1856K)->1828K(1856K)
[336.538s][info][gc             ] GC(1166) Pause Young (Allocation Failure) 716M->607M(869M) 72.055ms
[336.538s][info][gc,cpu         ] GC(1166) User=0.15s Sys=0.00s Real=0.08s
[336.695s][info][gc,start       ] GC(1167) Pause Young (Allocation Failure)
[336.767s][info][gc,heap        ] GC(1167) PSYoungGen: 177600K(222720K)->56800K(222720K) Eden: 111616K(111616K)->0K(111616K) From: 65984K(111104K)->56800K(111104K)
[336.767s][info][gc,heap        ] GC(1167) ParOldGen: 555794K(667648K)->565010K(667648K)
[336.767s][info][gc,metaspace   ] GC(1167) Metaspace: 18782K(18944K)->18782K(18944K) NonClass: 16954K(17088K)->16954K(17088K) Class: 1828K(1856K)->1828K(1856K)
[336.768s][info][gc             ] GC(1167) Pause Young (Allocation Failure) 716M->607M(869M) 72.658ms
[336.768s][info][gc,cpu         ] GC(1167) User=0.14s Sys=0.00s Real=0.08s
[336.924s][info][gc,start       ] GC(1168) Pause Young (Allocation Failure)
[336.982s][info][gc,heap        ] GC(1168) PSYoungGen: 168416K(222720K)->35584K(220672K) Eden: 111616K(111616K)->0K(111616K) From: 56800K(111104K)->35584K(109056K)
[336.982s][info][gc,heap        ] GC(1168) ParOldGen: 565010K(667648K)->586437K(667648K)
[336.982s][info][gc,metaspace   ] GC(1168) Metaspace: 18782K(18944K)->18782K(18944K) NonClass: 16954K(17088K)->16954K(17088K) Class: 1828K(1856K)->1828K(1856K)
[336.982s][info][gc             ] GC(1168) Pause Young (Allocation Failure) 716M->607M(867M) 58.921ms
[336.983s][info][gc,cpu         ] GC(1168) User=0.12s Sys=0.00s Real=0.06s
[337.138s][info][gc,start       ] GC(1169) Pause Young (Allocation Failure)
[337.180s][info][gc,heap        ] GC(1169) PSYoungGen: 147200K(220672K)->35584K(221696K) Eden: 111616K(111616K)->0K(111616K) From: 35584K(109056K)->35584K(110080K)
[337.180s][info][gc,heap        ] GC(1169) ParOldGen: 586437K(667648K)->586437K(667648K)
[337.180s][info][gc,metaspace   ] GC(1169) Metaspace: 18782K(18944K)->18782K(18944K) NonClass: 16954K(17088K)->16954K(17088K) Class: 1828K(1856K)->1828K(1856K)
[337.180s][info][gc             ] GC(1169) Pause Young (Allocation Failure) 716M->607M(868M) 42.593ms
[337.180s][info][gc,cpu         ] GC(1169) User=0.08s Sys=0.00s Real=0.04s
[337.336s][info][gc,start       ] GC(1170) Pause Young (Allocation Failure)
[337.379s][info][gc,heap        ] GC(1170) PSYoungGen: 147200K(221696K)->35584K(218624K) Eden: 111616K(111616K)->0K(116736K) From: 35584K(110080K)->35584K(101888K)
[337.379s][info][gc,heap        ] GC(1170) ParOldGen: 586437K(667648K)->586437K(667648K)
[337.379s][info][gc,metaspace   ] GC(1170) Metaspace: 18782K(18944K)->18782K(18944K) NonClass: 16954K(17088K)->16954K(17088K) Class: 1828K(1856K)->1828K(1856K)
[337.379s][info][gc             ] GC(1170) Pause Young (Allocation Failure) 716M->607M(865M) 42.930ms
[337.379s][info][gc,cpu         ] GC(1170) User=0.08s Sys=0.00s Real=0.04s
[337.511s][info][gc,start       ] GC(1171) Pause Young (Allocation Failure)
[337.567s][info][gc,heap        ] GC(1171) PSYoungGen: 152320K(218624K)->48480K(220160K) Eden: 116736K(116736K)->0K(116736K) From: 35584K(101888K)->48480K(103424K)
[337.567s][info][gc,heap        ] GC(1171) ParOldGen: 586437K(667648K)->586437K(667648K)
[337.567s][info][gc,metaspace   ] GC(1171) Metaspace: 18782K(18944K)->18782K(18944K) NonClass: 16954K(17088K)->16954K(17088K) Class: 1828K(1856K)->1828K(1856K)
[337.567s][info][gc             ] GC(1171) Pause Young (Allocation Failure) 721M->620M(867M) 55.923ms
[337.567s][info][gc,cpu         ] GC(1171) User=0.11s Sys=0.00s Real=0.06s
[337.685s][info][gc,start       ] GC(1172) Pause Young (Allocation Failure)
[337.754s][info][gc,heap        ] GC(1172) PSYoungGen: 165216K(220160K)->61312K(224256K) Eden: 116736K(116736K)->0K(126464K) From: 48480K(103424K)->61312K(97792K)
[337.754s][info][gc,heap        ] GC(1172) ParOldGen: 586437K(667648K)->586437K(667648K)
[337.754s][info][gc,metaspace   ] GC(1172) Metaspace: 18782K(18944K)->18782K(18944K) NonClass: 16954K(17088K)->16954K(17088K) Class: 1828K(1856K)->1828K(1856K)
[337.755s][info][gc             ] GC(1172) Pause Young (Allocation Failure) 734M->632M(871M) 69.885ms
[337.755s][info][gc,cpu         ] GC(1172) User=0.14s Sys=0.00s Real=0.07s
[337.848s][info][gc,start       ] GC(1173) Pause Young (Allocation Failure)
[337.920s][info][gc,heap        ] GC(1173) PSYoungGen: 187776K(224256K)->63872K(224256K) Eden: 126464K(126464K)->0K(126464K) From: 61312K(97792K)->63872K(97792K)
[337.920s][info][gc,heap        ] GC(1173) ParOldGen: 586437K(667648K)->586437K(667648K)
[337.920s][info][gc,metaspace   ] GC(1173) Metaspace: 18782K(18944K)->18782K(18944K) NonClass: 16954K(17088K)->16954K(17088K) Class: 1828K(1856K)->1828K(1856K)
[337.920s][info][gc             ] GC(1173) Pause Young (Allocation Failure) 756M->635M(871M) 72.240ms
[337.920s][info][gc,cpu         ] GC(1173) User=0.15s Sys=0.00s Real=0.07s
[338.020s][info][gc,start       ] GC(1174) Pause Young (Allocation Failure)
[338.109s][info][gc,heap        ] GC(1174) PSYoungGen: 190336K(224256K)->75520K(226304K) Eden: 126464K(126464K)->0K(128000K) From: 63872K(97792K)->75520K(98304K)
[338.109s][info][gc,heap        ] GC(1174) ParOldGen: 586437K(667648K)->586437K(667648K)
[338.109s][info][gc,metaspace   ] GC(1174) Metaspace: 18782K(18944K)->18782K(18944K) NonClass: 16954K(17088K)->16954K(17088K) Class: 1828K(1856K)->1828K(1856K)
[338.109s][info][gc             ] GC(1174) Pause Young (Allocation Failure) 758M->646M(873M) 89.331ms
[338.109s][info][gc,cpu         ] GC(1174) User=0.18s Sys=0.00s Real=0.09s
[338.211s][info][gc,start       ] GC(1175) Pause Young (Allocation Failure)
[338.316s][info][gc,heap        ] GC(1175) PSYoungGen: 203520K(226304K)->71136K(199168K) Eden: 128000K(128000K)->0K(128000K) From: 75520K(98304K)->71136K(71168K)
[338.316s][info][gc,heap        ] GC(1175) ParOldGen: 586437K(667648K)->607501K(667648K)
[338.316s][info][gc,metaspace   ] GC(1175) Metaspace: 18782K(18944K)->18782K(18944K) NonClass: 16954K(17088K)->16954K(17088K) Class: 1828K(1856K)->1828K(1856K)
[338.316s][info][gc             ] GC(1175) Pause Young (Allocation Failure) 771M->662M(846M) 104.707ms
[338.316s][info][gc,cpu         ] GC(1175) User=0.21s Sys=0.00s Real=0.10s
[338.388s][info][gc,start       ] GC(1176) Pause Young (Allocation Failure)
[338.491s][info][gc,heap        ] GC(1176) PSYoungGen: 199136K(199168K)->71488K(226304K) Eden: 128000K(128000K)->0K(121856K) From: 71136K(71168K)->71488K(104448K)
[338.491s][info][gc,heap        ] GC(1176) ParOldGen: 607501K(667648K)->622197K(667648K)
[338.491s][info][gc,metaspace   ] GC(1176) Metaspace: 18782K(18944K)->18782K(18944K) NonClass: 16954K(17088K)->16954K(17088K) Class: 1828K(1856K)->1828K(1856K)
[338.491s][info][gc             ] GC(1176) Pause Young (Allocation Failure) 787M->677M(873M) 102.812ms
[338.491s][info][gc,cpu         ] GC(1176) User=0.20s Sys=0.00s Real=0.10s
[338.585s][info][gc,start       ] GC(1177) Pause Young (Allocation Failure)
[338.677s][info][gc,heap        ] GC(1177) PSYoungGen: 193344K(226304K)->87552K(209408K) Eden: 121856K(121856K)->0K(121856K) From: 71488K(104448K)->87552K(87552K)
[338.677s][info][gc,heap        ] GC(1177) ParOldGen: 622197K(667648K)->622245K(667648K)
[338.677s][info][gc,metaspace   ] GC(1177) Metaspace: 18782K(18944K)->18782K(18944K) NonClass: 16954K(17088K)->16954K(17088K) Class: 1828K(1856K)->1828K(1856K)
[338.677s][info][gc             ] GC(1177) Pause Young (Allocation Failure) 796M->693M(856M) 92.433ms
[338.677s][info][gc,cpu         ] GC(1177) User=0.18s Sys=0.00s Real=0.10s
[338.806s][info][gc,start       ] GC(1178) Pause Young (Allocation Failure)
[338.927s][info][gc,heap        ] GC(1178) PSYoungGen: 209408K(209408K)->107488K(222720K) Eden: 121856K(121856K)->0K(111616K) From: 87552K(87552K)->107488K(111104K)
[338.927s][info][gc,heap        ] GC(1178) ParOldGen: 622245K(667648K)->622245K(667648K)
[338.927s][info][gc,metaspace   ] GC(1178) Metaspace: 18782K(18944K)->18782K(18944K) NonClass: 16954K(17088K)->16954K(17088K) Class: 1828K(1856K)->1828K(1856K)
[338.927s][info][gc             ] GC(1178) Pause Young (Allocation Failure) 812M->712M(869M) 121.250ms
[338.927s][info][gc,cpu         ] GC(1178) User=0.22s Sys=0.01s Real=0.13s
[339.038s][info][gc,start       ] GC(1179) Pause Young (Allocation Failure)
[339.163s][info][gc,heap        ] GC(1179) PSYoungGen: 219104K(222720K)->111104K(222720K) Eden: 111616K(111616K)->0K(111616K) From: 107488K(111104K)->111104K(111104K)
[339.163s][info][gc,heap        ] GC(1179) ParOldGen: 622245K(667648K)->632693K(667648K)
[339.164s][info][gc,metaspace   ] GC(1179) Metaspace: 18782K(18944K)->18782K(18944K) NonClass: 16954K(17088K)->16954K(17088K) Class: 1828K(1856K)->1828K(1856K)
[339.164s][info][gc             ] GC(1179) Pause Young (Allocation Failure) 821M->726M(869M) 125.911ms
[339.164s][info][gc,cpu         ] GC(1179) User=0.25s Sys=0.00s Real=0.12s
[339.259s][info][gc,start       ] GC(1180) Pause Young (Allocation Failure)
[339.379s][info][gc,heap        ] GC(1180) PSYoungGen: 222720K(222720K)->111104K(222720K) Eden: 111616K(111616K)->0K(111616K) From: 111104K(111104K)->111104K(111104K)
[339.379s][info][gc,heap        ] GC(1180) ParOldGen: 632693K(667648K)->636269K(667648K)
[339.379s][info][gc,metaspace   ] GC(1180) Metaspace: 18782K(18944K)->18782K(18944K) NonClass: 16954K(17088K)->16954K(17088K) Class: 1828K(1856K)->1828K(1856K)
[339.379s][info][gc             ] GC(1180) Pause Young (Allocation Failure) 835M->729M(869M) 120.362ms
[339.379s][info][gc,cpu         ] GC(1180) User=0.24s Sys=0.00s Real=0.12s
[339.496s][info][gc,start       ] GC(1181) Pause Young (Allocation Failure)
[339.611s][info][gc,heap        ] GC(1181) PSYoungGen: 222720K(222720K)->111104K(222720K) Eden: 111616K(111616K)->0K(111616K) From: 111104K(111104K)->111104K(111104K)
[339.611s][info][gc,heap        ] GC(1181) ParOldGen: 636269K(667648K)->636453K(667648K)
[339.611s][info][gc,metaspace   ] GC(1181) Metaspace: 18782K(18944K)->18782K(18944K) NonClass: 16954K(17088K)->16954K(17088K) Class: 1828K(1856K)->1828K(1856K)
[339.611s][info][gc             ] GC(1181) Pause Young (Allocation Failure) 838M->730M(869M) 115.073ms
[339.611s][info][gc,cpu         ] GC(1181) User=0.23s Sys=0.00s Real=0.12s
[339.731s][info][gc,start       ] GC(1182) Pause Young (Allocation Failure)
[339.849s][info][gc,heap        ] GC(1182) PSYoungGen: 222720K(222720K)->95040K(222720K) Eden: 111616K(111616K)->0K(111616K) From: 111104K(111104K)->95040K(111104K)
[339.849s][info][gc,heap        ] GC(1182) ParOldGen: 636453K(667648K)->654005K(667648K)
[339.849s][info][gc,metaspace   ] GC(1182) Metaspace: 18782K(18944K)->18782K(18944K) NonClass: 16954K(17088K)->16954K(17088K) Class: 1828K(1856K)->1828K(1856K)
[339.849s][info][gc             ] GC(1182) Pause Young (Allocation Failure) 839M->731M(869M) 117.563ms
[339.849s][info][gc,cpu         ] GC(1182) User=0.24s Sys=0.00s Real=0.12s
[339.965s][info][gc,start       ] GC(1183) Pause Full (Allocation Failure)
[339.965s][info][gc,phases,start] GC(1183) Marking Phase
[340.283s][info][gc,phases      ] GC(1183) Marking Phase 318.043ms
[340.283s][info][gc,phases,start] GC(1183) Summary Phase
[340.283s][info][gc,phases      ] GC(1183) Summary Phase 0.032ms
[340.284s][info][gc,phases,start] GC(1183) Forward
[340.381s][info][gc,phases      ] GC(1183) Forward 97.742ms
[340.381s][info][gc,phases,start] GC(1183) Adjust Pointers
[340.631s][info][gc,phases      ] GC(1183) Adjust Pointers 249.161ms
[340.631s][info][gc,phases,start] GC(1183) Compaction Phase
[340.768s][info][gc,phases      ] GC(1183) Compaction Phase 137.745ms
[340.777s][info][gc,phases,start] GC(1183) Post Compact
[340.780s][info][gc,phases      ] GC(1183) Post Compact 2.536ms
[340.780s][info][gc,heap        ] GC(1183) PSYoungGen: 206656K(222720K)->0K(222720K) Eden: 111616K(111616K)->0K(111616K) From: 95040K(111104K)->0K(111104K)
[340.780s][info][gc,heap        ] GC(1183) ParOldGen: 654005K(667648K)->439283K(667648K)
[340.780s][info][gc,metaspace   ] GC(1183) Metaspace: 18782K(18944K)->18782K(18944K) NonClass: 16954K(17088K)->16954K(17088K) Class: 1828K(1856K)->1828K(1856K)
[340.780s][info][gc             ] GC(1183) Pause Full (Allocation Failure) 840M->428M(869M) 814.753ms
[340.780s][info][gc,cpu         ] GC(1183) User=1.54s Sys=0.01s Real=0.82s
[340.887s][info][gc,start       ] GC(1184) Pause Young (Allocation Failure)
[340.889s][info][gc,heap        ] GC(1184) PSYoungGen: 111616K(222720K)->448K(222720K) Eden: 111616K(111616K)->0K(111616K) From: 0K(111104K)->448K(111104K)
[340.889s][info][gc,heap        ] GC(1184) ParOldGen: 439283K(667648K)->439283K(667648K)
[340.889s][info][gc,metaspace   ] GC(1184) Metaspace: 18782K(18944K)->18782K(18944K) NonClass: 16954K(17088K)->16954K(17088K) Class: 1828K(1856K)->1828K(1856K)
[340.889s][info][gc             ] GC(1184) Pause Young (Allocation Failure) 537M->429M(869M) 2.151ms
[340.889s][info][gc,cpu         ] GC(1184) User=0.00s Sys=0.00s Real=0.00s
[341.021s][info][gc,start       ] GC(1185) Pause Young (Allocation Failure)
[341.023s][info][gc,heap        ] GC(1185) PSYoungGen: 112064K(222720K)->64K(222720K) Eden: 111616K(111616K)->0K(111616K) From: 448K(111104K)->64K(111104K)
[341.023s][info][gc,heap        ] GC(1185) ParOldGen: 439283K(667648K)->439283K(667648K)
[341.023s][info][gc,metaspace   ] GC(1185) Metaspace: 18784K(18944K)->18784K(18944K) NonClass: 16956K(17088K)->16956K(17088K) Class: 1828K(1856K)->1828K(1856K)
[341.023s][info][gc             ] GC(1185) Pause Young (Allocation Failure) 538M->429M(869M) 2.384ms
[341.023s][info][gc,cpu         ] GC(1185) User=0.00s Sys=0.00s Real=0.00s
[341.200s][info][gc,start       ] GC(1186) Pause Young (Allocation Failure)
[341.220s][info][gc,heap        ] GC(1186) PSYoungGen: 111680K(222720K)->16192K(222720K) Eden: 111616K(111616K)->0K(111616K) From: 64K(111104K)->16192K(111104K)
[341.220s][info][gc,heap        ] GC(1186) ParOldGen: 439283K(667648K)->439283K(667648K)
[341.220s][info][gc,metaspace   ] GC(1186) Metaspace: 18784K(18944K)->18784K(18944K) NonClass: 16956K(17088K)->16956K(17088K) Class: 1828K(1856K)->1828K(1856K)
[341.220s][info][gc             ] GC(1186) Pause Young (Allocation Failure) 538M->444M(869M) 19.535ms
[341.220s][info][gc,cpu         ] GC(1186) User=0.03s Sys=0.00s Real=0.02s
[341.420s][info][gc,start       ] GC(1187) Pause Young (Allocation Failure)
[341.458s][info][gc,heap        ] GC(1187) PSYoungGen: 127808K(222720K)->37040K(222720K) Eden: 111616K(111616K)->0K(111616K) From: 16192K(111104K)->37040K(111104K)
[341.458s][info][gc,heap        ] GC(1187) ParOldGen: 439283K(667648K)->439283K(667648K)
[341.458s][info][gc,metaspace   ] GC(1187) Metaspace: 18784K(18944K)->18784K(18944K) NonClass: 16956K(17088K)->16956K(17088K) Class: 1828K(1856K)->1828K(1856K)
[341.458s][info][gc             ] GC(1187) Pause Young (Allocation Failure) 553M->465M(869M) 38.229ms
[341.458s][info][gc,cpu         ] GC(1187) User=0.08s Sys=0.00s Real=0.04s
[341.566s][info][gc,start       ] GC(1188) Pause Young (Allocation Failure)
[341.640s][info][gc,heap        ] GC(1188) PSYoungGen: 148656K(222720K)->84432K(222720K) Eden: 111616K(111616K)->0K(111616K) From: 37040K(111104K)->84432K(111104K)
[341.641s][info][gc,heap        ] GC(1188) ParOldGen: 439283K(667648K)->439283K(667648K)
[341.641s][info][gc,metaspace   ] GC(1188) Metaspace: 18785K(18944K)->18785K(18944K) NonClass: 16956K(17088K)->16956K(17088K) Class: 1828K(1856K)->1828K(1856K)
[341.641s][info][gc             ] GC(1188) Pause Young (Allocation Failure) 574M->511M(869M) 74.123ms
[341.641s][info][gc,cpu         ] GC(1188) User=0.15s Sys=0.00s Real=0.07s
[341.734s][info][gc,start       ] GC(1189) Pause Young (Allocation Failure)
[341.818s][info][gc,heap        ] GC(1189) PSYoungGen: 196048K(222720K)->107360K(222720K) Eden: 111616K(111616K)->0K(111616K) From: 84432K(111104K)->107360K(111104K)
[341.818s][info][gc,heap        ] GC(1189) ParOldGen: 439283K(667648K)->439331K(667648K)
[341.818s][info][gc,metaspace   ] GC(1189) Metaspace: 18785K(18944K)->18785K(18944K) NonClass: 16956K(17088K)->16956K(17088K) Class: 1828K(1856K)->1828K(1856K)
[341.818s][info][gc             ] GC(1189) Pause Young (Allocation Failure) 620M->533M(869M) 83.828ms
[341.818s][info][gc,cpu         ] GC(1189) User=0.17s Sys=0.00s Real=0.09s
[341.908s][info][gc,start       ] GC(1190) Pause Young (Allocation Failure)
[341.994s][info][gc,heap        ] GC(1190) PSYoungGen: 218976K(222720K)->72576K(222720K) Eden: 111616K(111616K)->0K(111616K) From: 107360K(111104K)->72576K(111104K)
[341.995s][info][gc,heap        ] GC(1190) ParOldGen: 439331K(667648K)->476471K(667648K)
[341.995s][info][gc,metaspace   ] GC(1190) Metaspace: 18785K(18944K)->18785K(18944K) NonClass: 16956K(17088K)->16956K(17088K) Class: 1828K(1856K)->1828K(1856K)
[341.995s][info][gc             ] GC(1190) Pause Young (Allocation Failure) 642M->536M(869M) 86.751ms
[341.995s][info][gc,cpu         ] GC(1190) User=0.18s Sys=0.00s Real=0.08s
[342.153s][info][gc,start       ] GC(1191) Pause Young (Allocation Failure)
[342.206s][info][gc,heap        ] GC(1191) PSYoungGen: 184192K(222720K)->2368K(222720K) Eden: 111616K(111616K)->0K(111616K) From: 72576K(111104K)->2368K(111104K)
[342.206s][info][gc,heap        ] GC(1191) ParOldGen: 476471K(667648K)->547643K(667648K)
[342.206s][info][gc,metaspace   ] GC(1191) Metaspace: 18785K(18944K)->18785K(18944K) NonClass: 16956K(17088K)->16956K(17088K) Class: 1828K(1856K)->1828K(1856K)
[342.207s][info][gc             ] GC(1191) Pause Young (Allocation Failure) 645M->537M(869M) 53.480ms
[342.207s][info][gc,cpu         ] GC(1191) User=0.11s Sys=0.00s Real=0.06s
[342.381s][info][gc,start       ] GC(1192) Pause Young (Allocation Failure)
[342.387s][info][gc,heap        ] GC(1192) PSYoungGen: 113984K(222720K)->352K(222720K) Eden: 111616K(111616K)->0K(111616K) From: 2368K(111104K)->352K(111104K)
[342.387s][info][gc,heap        ] GC(1192) ParOldGen: 547643K(667648K)->549963K(667648K)
[342.387s][info][gc,metaspace   ] GC(1192) Metaspace: 18785K(18944K)->18785K(18944K) NonClass: 16956K(17088K)->16956K(17088K) Class: 1828K(1856K)->1828K(1856K)
[342.387s][info][gc             ] GC(1192) Pause Young (Allocation Failure) 646M->537M(869M) 6.487ms
[342.387s][info][gc,cpu         ] GC(1192) User=0.01s Sys=0.00s Real=0.01s
[342.594s][info][gc,start       ] GC(1193) Pause Young (Allocation Failure)
[342.599s][info][gc,heap        ] GC(1193) PSYoungGen: 111968K(222720K)->384K(222720K) Eden: 111616K(111616K)->0K(111616K) From: 352K(111104K)->384K(111104K)
[342.599s][info][gc,heap        ] GC(1193) ParOldGen: 549963K(667648K)->550275K(667648K)
[342.599s][info][gc,metaspace   ] GC(1193) Metaspace: 18785K(18944K)->18785K(18944K) NonClass: 16956K(17088K)->16956K(17088K) Class: 1828K(1856K)->1828K(1856K)
[342.599s][info][gc             ] GC(1193) Pause Young (Allocation Failure) 646M->537M(869M) 4.462ms
[342.599s][info][gc,cpu         ] GC(1193) User=0.01s Sys=0.00s Real=0.01s
[342.771s][info][gc,start       ] GC(1194) Pause Young (Allocation Failure)
[342.776s][info][gc,heap        ] GC(1194) PSYoungGen: 112000K(222720K)->704K(222720K) Eden: 111616K(111616K)->0K(111616K) From: 384K(111104K)->704K(111104K)
[342.776s][info][gc,heap        ] GC(1194) ParOldGen: 550275K(667648K)->550619K(667648K)
[342.776s][info][gc,metaspace   ] GC(1194) Metaspace: 18785K(18944K)->18785K(18944K) NonClass: 16956K(17088K)->16956K(17088K) Class: 1828K(1856K)->1828K(1856K)
[342.776s][info][gc             ] GC(1194) Pause Young (Allocation Failure) 646M->538M(869M) 5.264ms
[342.776s][info][gc,cpu         ] GC(1194) User=0.01s Sys=0.00s Real=0.00s
[342.868s][info][gc,start       ] GC(1195) Pause Young (Allocation Failure)
[342.873s][info][gc,heap        ] GC(1195) PSYoungGen: 112320K(222720K)->1056K(222720K) Eden: 111616K(111616K)->0K(111616K) From: 704K(111104K)->1056K(111104K)
[342.874s][info][gc,heap        ] GC(1195) ParOldGen: 550619K(667648K)->551323K(667648K)
[342.874s][info][gc,metaspace   ] GC(1195) Metaspace: 18785K(18944K)->18785K(18944K) NonClass: 16956K(17088K)->16956K(17088K) Class: 1828K(1856K)->1828K(1856K)
[342.874s][info][gc             ] GC(1195) Pause Young (Allocation Failure) 647M->539M(869M) 6.058ms
[342.874s][info][gc,cpu         ] GC(1195) User=0.02s Sys=0.00s Real=0.00s
[342.968s][info][gc,start       ] GC(1196) Pause Young (Allocation Failure)
[342.975s][info][gc,heap        ] GC(1196) PSYoungGen: 112672K(222720K)->1248K(222720K) Eden: 111616K(111616K)->0K(111616K) From: 1056K(111104K)->1248K(111104K)
[342.975s][info][gc,heap        ] GC(1196) ParOldGen: 551323K(667648K)->552371K(667648K)
[342.975s][info][gc,metaspace   ] GC(1196) Metaspace: 18785K(18944K)->18785K(18944K) NonClass: 16956K(17088K)->16956K(17088K) Class: 1828K(1856K)->1828K(1856K)
[342.975s][info][gc             ] GC(1196) Pause Young (Allocation Failure) 648M->540M(869M) 6.638ms
[342.975s][info][gc,cpu         ] GC(1196) User=0.02s Sys=0.00s Real=0.00s
[343.258s][info][gc,start       ] GC(1197) Pause Young (Allocation Failure)
[343.295s][info][gc,heap        ] GC(1197) PSYoungGen: 112864K(222720K)->16778K(222720K) Eden: 111616K(111616K)->0K(111616K) From: 1248K(111104K)->16778K(111104K)
[343.295s][info][gc,heap        ] GC(1197) ParOldGen: 552371K(667648K)->553595K(667648K)
[343.295s][info][gc,metaspace   ] GC(1197) Metaspace: 18785K(18944K)->18785K(18944K) NonClass: 16956K(17088K)->16956K(17088K) Class: 1828K(1856K)->1828K(1856K)
[343.295s][info][gc             ] GC(1197) Pause Young (Allocation Failure) 649M->557M(869M) 36.970ms
[343.295s][info][gc,cpu         ] GC(1197) User=0.07s Sys=0.00s Real=0.03s
[343.478s][info][gc,start       ] GC(1198) Pause Young (Allocation Failure)
[343.523s][info][gc,heap        ] GC(1198) PSYoungGen: 128394K(222720K)->13248K(222720K) Eden: 111616K(111616K)->0K(111616K) From: 16778K(111104K)->13248K(111104K)
[343.523s][info][gc,heap        ] GC(1198) ParOldGen: 553595K(667648K)->570421K(667648K)
[343.523s][info][gc,metaspace   ] GC(1198) Metaspace: 18785K(18944K)->18785K(18944K) NonClass: 16956K(17088K)->16956K(17088K) Class: 1828K(1856K)->1828K(1856K)
[343.523s][info][gc             ] GC(1198) Pause Young (Allocation Failure) 666M->569M(869M) 44.486ms
[343.523s][info][gc,cpu         ] GC(1198) User=0.08s Sys=0.01s Real=0.04s
[343.659s][info][gc,start       ] GC(1199) Pause Young (Allocation Failure)
[343.697s][info][gc,heap        ] GC(1199) PSYoungGen: 124864K(222720K)->20704K(222720K) Eden: 111616K(111616K)->0K(111616K) From: 13248K(111104K)->20704K(111104K)
[343.697s][info][gc,heap        ] GC(1199) ParOldGen: 570421K(667648K)->583653K(667648K)
[343.697s][info][gc,metaspace   ] GC(1199) Metaspace: 18785K(18944K)->18785K(18944K) NonClass: 16956K(17088K)->16956K(17088K) Class: 1828K(1856K)->1828K(1856K)
[343.697s][info][gc             ] GC(1199) Pause Young (Allocation Failure) 678M->590M(869M) 38.611ms
[343.697s][info][gc,cpu         ] GC(1199) User=0.08s Sys=0.00s Real=0.04s
[343.805s][info][gc,start       ] GC(1200) Pause Young (Allocation Failure)
[343.834s][info][gc,heap        ] GC(1200) PSYoungGen: 132320K(222720K)->4096K(222720K) Eden: 111616K(111616K)->0K(111616K) From: 20704K(111104K)->4096K(111104K)
[343.834s][info][gc,heap        ] GC(1200) ParOldGen: 583653K(667648K)->604277K(667648K)
[343.834s][info][gc,metaspace   ] GC(1200) Metaspace: 18785K(18944K)->18785K(18944K) NonClass: 16956K(17088K)->16956K(17088K) Class: 1828K(1856K)->1828K(1856K)
[343.834s][info][gc             ] GC(1200) Pause Young (Allocation Failure) 699M->594M(869M) 29.734ms
[343.834s][info][gc,cpu         ] GC(1200) User=0.06s Sys=0.00s Real=0.03s
[343.958s][info][gc,start       ] GC(1201) Pause Young (Allocation Failure)
[343.973s][info][gc,heap        ] GC(1201) PSYoungGen: 115712K(222720K)->2528K(222720K) Eden: 111616K(111616K)->0K(111616K) From: 4096K(111104K)->2528K(111104K)
[343.973s][info][gc,heap        ] GC(1201) ParOldGen: 604277K(667648K)->608341K(667648K)
[343.973s][info][gc,metaspace   ] GC(1201) Metaspace: 18785K(18944K)->18785K(18944K) NonClass: 16956K(17088K)->16956K(17088K) Class: 1828K(1856K)->1828K(1856K)
[343.973s][info][gc             ] GC(1201) Pause Young (Allocation Failure) 703M->596M(869M) 14.838ms
[343.973s][info][gc,cpu         ] GC(1201) User=0.03s Sys=0.00s Real=0.01s
[344.126s][info][gc,start       ] GC(1202) Pause Young (Allocation Failure)
[344.141s][info][gc,heap        ] GC(1202) PSYoungGen: 114144K(222720K)->2944K(217600K) Eden: 111616K(111616K)->0K(111616K) From: 2528K(111104K)->2944K(105984K)
[344.141s][info][gc,heap        ] GC(1202) ParOldGen: 608341K(667648K)->610837K(667648K)
[344.141s][info][gc,metaspace   ] GC(1202) Metaspace: 18786K(18944K)->18786K(18944K) NonClass: 16957K(17088K)->16957K(17088K) Class: 1828K(1856K)->1828K(1856K)
[344.141s][info][gc             ] GC(1202) Pause Young (Allocation Failure) 705M->599M(864M) 14.690ms
[344.141s][info][gc,cpu         ] GC(1202) User=0.03s Sys=0.00s Real=0.01s
[344.283s][info][gc,start       ] GC(1203) Pause Young (Allocation Failure)
[344.290s][info][gc,heap        ] GC(1203) PSYoungGen: 114560K(217600K)->3264K(220160K) Eden: 111616K(111616K)->0K(111616K) From: 2944K(105984K)->3264K(108544K)
[344.290s][info][gc,heap        ] GC(1203) ParOldGen: 610837K(667648K)->610837K(667648K)
[344.290s][info][gc,metaspace   ] GC(1203) Metaspace: 18786K(18944K)->18786K(18944K) NonClass: 16957K(17088K)->16957K(17088K) Class: 1828K(1856K)->1828K(1856K)
[344.290s][info][gc             ] GC(1203) Pause Young (Allocation Failure) 708M->599M(867M) 7.014ms
[344.290s][info][gc,cpu         ] GC(1203) User=0.02s Sys=0.00s Real=0.01s
[344.358s][info][gc,start       ] GC(1204) Pause Young (Allocation Failure)
[344.368s][info][gc,heap        ] GC(1204) PSYoungGen: 114880K(220160K)->3296K(210432K) Eden: 111616K(111616K)->0K(117248K) From: 3264K(108544K)->3296K(93184K)
[344.368s][info][gc,heap        ] GC(1204) ParOldGen: 610837K(667648K)->610837K(667648K)
[344.368s][info][gc,metaspace   ] GC(1204) Metaspace: 18786K(18944K)->18786K(18944K) NonClass: 16957K(17088K)->16957K(17088K) Class: 1828K(1856K)->1828K(1856K)
[344.368s][info][gc             ] GC(1204) Pause Young (Allocation Failure) 708M->599M(857M) 10.064ms
[344.368s][info][gc,cpu         ] GC(1204) User=0.02s Sys=0.00s Real=0.01s
[344.472s][info][gc,start       ] GC(1205) Pause Young (Allocation Failure)
[344.479s][info][gc,heap        ] GC(1205) PSYoungGen: 120544K(210432K)->3360K(215552K) Eden: 117248K(117248K)->0K(117248K) From: 3296K(93184K)->3360K(98304K)
[344.479s][info][gc,heap        ] GC(1205) ParOldGen: 610837K(667648K)->610837K(667648K)
[344.479s][info][gc,metaspace   ] GC(1205) Metaspace: 18786K(18944K)->18786K(18944K) NonClass: 16957K(17088K)->16957K(17088K) Class: 1828K(1856K)->1828K(1856K)
[344.479s][info][gc             ] GC(1205) Pause Young (Allocation Failure) 714M->599M(862M) 7.243ms
[344.479s][info][gc,cpu         ] GC(1205) User=0.01s Sys=0.00s Real=0.01s
[344.669s][info][gc,start       ] GC(1206) Pause Young (Allocation Failure)
[344.685s][info][gc,heap        ] GC(1206) PSYoungGen: 120608K(215552K)->11248K(201728K) Eden: 117248K(117248K)->0K(122368K) From: 3360K(98304K)->11248K(79360K)
[344.685s][info][gc,heap        ] GC(1206) ParOldGen: 610837K(667648K)->610837K(667648K)
[344.685s][info][gc,metaspace   ] GC(1206) Metaspace: 18786K(18944K)->18786K(18944K) NonClass: 16957K(17088K)->16957K(17088K) Class: 1828K(1856K)->1828K(1856K)
[344.686s][info][gc             ] GC(1206) Pause Young (Allocation Failure) 714M->607M(849M) 17.005ms
[344.686s][info][gc,cpu         ] GC(1206) User=0.03s Sys=0.00s Real=0.01s
[344.893s][info][gc,start       ] GC(1207) Pause Young (Allocation Failure)
[344.909s][info][gc,heap        ] GC(1207) PSYoungGen: 133616K(201728K)->11408K(134144K) Eden: 122368K(122368K)->0K(122368K) From: 11248K(79360K)->11408K(11776K)
[344.909s][info][gc,heap        ] GC(1207) ParOldGen: 610837K(667648K)->610837K(667648K)
[344.909s][info][gc,metaspace   ] GC(1207) Metaspace: 18786K(18944K)->18786K(18944K) NonClass: 16957K(17088K)->16957K(17088K) Class: 1828K(1856K)->1828K(1856K)
[344.909s][info][gc             ] GC(1207) Pause Young (Allocation Failure) 727M->607M(783M) 16.168ms
[344.909s][info][gc,cpu         ] GC(1207) User=0.03s Sys=0.00s Real=0.02s
[345.245s][info][gc,start       ] GC(1208) Pause Young (Allocation Failure)
[345.277s][info][gc,heap        ] GC(1208) PSYoungGen: 133776K(134144K)->27760K(203264K) Eden: 122368K(122368K)->0K(127488K) From: 11408K(11776K)->27760K(75776K)
[345.277s][info][gc,heap        ] GC(1208) ParOldGen: 610837K(667648K)->610837K(667648K)
[345.277s][info][gc,metaspace   ] GC(1208) Metaspace: 18787K(18944K)->18787K(18944K) NonClass: 16958K(17088K)->16958K(17088K) Class: 1828K(1856K)->1828K(1856K)
[345.277s][info][gc             ] GC(1208) Pause Young (Allocation Failure) 727M->623M(850M) 32.679ms
[345.277s][info][gc,cpu         ] GC(1208) User=0.06s Sys=0.00s Real=0.04s
[345.438s][info][gc,start       ] GC(1209) Pause Young (Allocation Failure)
[345.478s][info][gc,heap        ] GC(1209) PSYoungGen: 155248K(203264K)->34352K(205824K) Eden: 127488K(127488K)->0K(127488K) From: 27760K(75776K)->34352K(78336K)
[345.478s][info][gc,heap        ] GC(1209) ParOldGen: 610837K(667648K)->610837K(667648K)
[345.478s][info][gc,metaspace   ] GC(1209) Metaspace: 18787K(18944K)->18787K(18944K) NonClass: 16958K(17088K)->16958K(17088K) Class: 1828K(1856K)->1828K(1856K)
[345.478s][info][gc             ] GC(1209) Pause Young (Allocation Failure) 748M->630M(853M) 40.095ms
[345.478s][info][gc,cpu         ] GC(1209) User=0.08s Sys=0.00s Real=0.04s
[345.656s][info][gc,start       ] GC(1210) Pause Young (Allocation Failure)
[345.696s][info][gc,heap        ] GC(1210) PSYoungGen: 161840K(205824K)->34392K(212480K) Eden: 127488K(127488K)->0K(134144K) From: 34352K(78336K)->34392K(78336K)
[345.696s][info][gc,heap        ] GC(1210) ParOldGen: 610837K(667648K)->610837K(667648K)
[345.696s][info][gc,metaspace   ] GC(1210) Metaspace: 18787K(18944K)->18787K(18944K) NonClass: 16958K(17088K)->16958K(17088K) Class: 1828K(1856K)->1828K(1856K)
[345.696s][info][gc             ] GC(1210) Pause Young (Allocation Failure) 754M->630M(859M) 39.948ms
[345.696s][info][gc,cpu         ] GC(1210) User=0.08s Sys=0.00s Real=0.04s
[345.939s][info][gc,start       ] GC(1211) Pause Young (Allocation Failure)
[345.980s][info][gc,heap        ] GC(1211) PSYoungGen: 168536K(212480K)->34424K(212480K) Eden: 134144K(134144K)->0K(134144K) From: 34392K(78336K)->34424K(78336K)
[345.980s][info][gc,heap        ] GC(1211) ParOldGen: 610837K(667648K)->610837K(667648K)
[345.980s][info][gc,metaspace   ] GC(1211) Metaspace: 18787K(18944K)->18787K(18944K) NonClass: 16958K(17088K)->16958K(17088K) Class: 1828K(1856K)->1828K(1856K)
[345.980s][info][gc             ] GC(1211) Pause Young (Allocation Failure) 761M->630M(859M) 40.686ms
[345.980s][info][gc,cpu         ] GC(1211) User=0.08s Sys=0.00s Real=0.04s
[347.389s][info][gc,start       ] GC(1212) Pause Young (Allocation Failure)
[347.429s][info][gc,heap        ] GC(1212) PSYoungGen: 168568K(212480K)->34884K(215552K) Eden: 134144K(134144K)->0K(140800K) From: 34424K(78336K)->34884K(74752K)
[347.429s][info][gc,heap        ] GC(1212) ParOldGen: 610837K(667648K)->610837K(667648K)
[347.429s][info][gc,metaspace   ] GC(1212) Metaspace: 18787K(18944K)->18787K(18944K) NonClass: 16958K(17088K)->16958K(17088K) Class: 1828K(1856K)->1828K(1856K)
[347.429s][info][gc             ] GC(1212) Pause Young (Allocation Failure) 761M->630M(862M) 40.501ms
[347.429s][info][gc,cpu         ] GC(1212) User=0.08s Sys=0.00s Real=0.04s
[348.094s][info][gc,start       ] GC(1213) Pause Young (Allocation Failure)
[348.135s][info][gc,heap        ] GC(1213) PSYoungGen: 175684K(215552K)->36077K(217600K) Eden: 140800K(140800K)->0K(140800K) From: 34884K(74752K)->36077K(76800K)
[348.135s][info][gc,heap        ] GC(1213) ParOldGen: 610837K(667648K)->610837K(667648K)
[348.135s][info][gc,metaspace   ] GC(1213) Metaspace: 18787K(18944K)->18787K(18944K) NonClass: 16958K(17088K)->16958K(17088K) Class: 1828K(1856K)->1828K(1856K)
[348.135s][info][gc             ] GC(1213) Pause Young (Allocation Failure) 768M->631M(864M) 41.252ms
[348.135s][info][gc,cpu         ] GC(1213) User=0.08s Sys=0.00s Real=0.04s
[348.844s][info][gc,start       ] GC(1214) Pause Young (Allocation Failure)
[348.885s][info][gc,heap        ] GC(1214) PSYoungGen: 176834K(217600K)->36943K(221184K) Eden: 140757K(140800K)->0K(146432K) From: 36077K(76800K)->36943K(74752K)
[348.885s][info][gc,heap        ] GC(1214) ParOldGen: 610837K(667648K)->610845K(667648K)
[348.885s][info][gc,metaspace   ] GC(1214) Metaspace: 18795K(18944K)->18795K(18944K) NonClass: 16966K(17088K)->16966K(17088K) Class: 1828K(1856K)->1828K(1856K)
[348.885s][info][gc             ] GC(1214) Pause Young (Allocation Failure) 769M->632M(868M) 41.876ms
[348.885s][info][gc,cpu         ] GC(1214) User=0.08s Sys=0.00s Real=0.04s
[349.274s][info][gc,start       ] GC(1215) Pause Young (Allocation Failure)
[349.319s][info][gc,heap        ] GC(1215) PSYoungGen: 183375K(221184K)->36909K(222208K) Eden: 146432K(146432K)->0K(146432K) From: 36943K(74752K)->36909K(75776K)
[349.319s][info][gc,heap        ] GC(1215) ParOldGen: 610845K(667648K)->610853K(667648K)
[349.319s][info][gc,metaspace   ] GC(1215) Metaspace: 18807K(18944K)->18807K(18944K) NonClass: 16978K(17088K)->16978K(17088K) Class: 1828K(1856K)->1828K(1856K)
[349.319s][info][gc             ] GC(1215) Pause Young (Allocation Failure) 775M->632M(869M) 44.177ms
[349.319s][info][gc,cpu         ] GC(1215) User=0.09s Sys=0.00s Real=0.05s
[349.717s][info][gc,start       ] GC(1216) Pause Young (Allocation Failure)
[349.767s][info][gc,heap        ] GC(1216) PSYoungGen: 183341K(222208K)->37213K(226304K) Eden: 146432K(146432K)->0K(153088K) From: 36909K(75776K)->37213K(73216K)
[349.768s][info][gc,heap        ] GC(1216) ParOldGen: 610853K(667648K)->610853K(667648K)
[349.768s][info][gc,metaspace   ] GC(1216) Metaspace: 18807K(18944K)->18807K(18944K) NonClass: 16978K(17088K)->16978K(17088K) Class: 1828K(1856K)->1828K(1856K)
[349.768s][info][gc             ] GC(1216) Pause Young (Allocation Failure) 775M->632M(873M) 50.462ms
[349.768s][info][gc,cpu         ] GC(1216) User=0.10s Sys=0.00s Real=0.05s
[349.919s][info][gc,start       ] GC(1217) Pause Young (Allocation Failure)
[350.024s][info][gc,heap        ] GC(1217) PSYoungGen: 190301K(226304K)->73725K(226816K) Eden: 153088K(153088K)->0K(153088K) From: 37213K(73216K)->73725K(73728K)
[350.024s][info][gc,heap        ] GC(1217) ParOldGen: 610853K(667648K)->636773K(667648K)
[350.024s][info][gc,metaspace   ] GC(1217) Metaspace: 18822K(19008K)->18822K(19008K) NonClass: 16993K(17152K)->16993K(17152K) Class: 1829K(1856K)->1829K(1856K)
[350.024s][info][gc             ] GC(1217) Pause Young (Allocation Failure) 782M->693M(873M) 105.017ms
[350.024s][info][gc,cpu         ] GC(1217) User=0.20s Sys=0.00s Real=0.10s
[350.118s][info][gc,start       ] GC(1218) Pause Full (Allocation Failure)
[350.118s][info][gc,phases,start] GC(1218) Marking Phase
[350.218s][info][gc,phases      ] GC(1218) Marking Phase 99.938ms
[350.218s][info][gc,phases,start] GC(1218) Summary Phase
[350.218s][info][gc,phases      ] GC(1218) Summary Phase 0.030ms
[350.218s][info][gc,phases,start] GC(1218) Forward
[350.253s][info][gc,phases      ] GC(1218) Forward 35.133ms
[350.253s][info][gc,phases,start] GC(1218) Adjust Pointers
[350.315s][info][gc,phases      ] GC(1218) Adjust Pointers 61.816ms
[350.315s][info][gc,phases,start] GC(1218) Compaction Phase
[350.353s][info][gc,phases      ] GC(1218) Compaction Phase 38.334ms
[350.354s][info][gc,phases,start] GC(1218) Post Compact
[350.356s][info][gc,phases      ] GC(1218) Post Compact 2.541ms
[350.379s][info][gc,heap        ] GC(1218) PSYoungGen: 226813K(226816K)->0K(238080K) Eden: 153088K(153088K)->0K(142336K) From: 73725K(73728K)->0K(95744K)
[350.380s][info][gc,heap        ] GC(1218) ParOldGen: 636773K(667648K)->155379K(418816K)
[350.380s][info][gc,metaspace   ] GC(1218) Metaspace: 18822K(19008K)->18822K(19008K) NonClass: 16993K(17152K)->16993K(17152K) Class: 1829K(1856K)->1829K(1856K)
[350.380s][info][gc             ] GC(1218) Pause Full (Allocation Failure) 843M->151M(641M) 261.898ms
[350.380s][info][gc,cpu         ] GC(1218) User=0.42s Sys=0.03s Real=0.26s
[350.534s][info][gc,start       ] GC(1219) Pause Young (Allocation Failure)
[350.580s][info][gc,heap        ] GC(1219) PSYoungGen: 142336K(238080K)->54752K(197120K) Eden: 142336K(142336K)->0K(142336K) From: 0K(95744K)->54752K(54784K)
[350.580s][info][gc,heap        ] GC(1219) ParOldGen: 155379K(418816K)->155379K(418816K)
[350.580s][info][gc,metaspace   ] GC(1219) Metaspace: 18822K(19008K)->18822K(19008K) NonClass: 16993K(17152K)->16993K(17152K) Class: 1829K(1856K)->1829K(1856K)
[350.580s][info][gc             ] GC(1219) Pause Young (Allocation Failure) 290M->205M(601M) 46.085ms
[350.580s][info][gc,cpu         ] GC(1219) User=0.09s Sys=0.00s Real=0.05s
[350.799s][info][gc,start       ] GC(1220) Pause Young (Allocation Failure)
[350.896s][info][gc,heap        ] GC(1220) PSYoungGen: 197088K(197120K)->79303K(217600K) Eden: 142336K(142336K)->0K(120832K) From: 54752K(54784K)->79303K(96768K)
[350.896s][info][gc,heap        ] GC(1220) ParOldGen: 155379K(418816K)->155379K(418816K)
[350.896s][info][gc,metaspace   ] GC(1220) Metaspace: 18830K(19008K)->18830K(19008K) NonClass: 17001K(17152K)->17001K(17152K) Class: 1829K(1856K)->1829K(1856K)
[350.896s][info][gc             ] GC(1220) Pause Young (Allocation Failure) 344M->229M(621M) 96.982ms
[350.896s][info][gc,cpu         ] GC(1220) User=0.16s Sys=0.03s Real=0.09s
[351.033s][info][gc,start       ] GC(1221) Pause Young (Allocation Failure)
[351.129s][info][gc,heap        ] GC(1221) PSYoungGen: 200135K(217600K)->89513K(210432K) Eden: 120832K(120832K)->0K(120832K) From: 79303K(96768K)->89513K(89600K)
[351.129s][info][gc,heap        ] GC(1221) ParOldGen: 155379K(418816K)->155379K(418816K)
[351.129s][info][gc,metaspace   ] GC(1221) Metaspace: 18834K(19008K)->18834K(19008K) NonClass: 17004K(17152K)->17004K(17152K) Class: 1829K(1856K)->1829K(1856K)
[351.129s][info][gc             ] GC(1221) Pause Young (Allocation Failure) 347M->239M(614M) 96.240ms
[351.129s][info][gc,cpu         ] GC(1221) User=0.18s Sys=0.00s Real=0.10s
[351.352s][info][gc,start       ] GC(1222) Pause Young (Allocation Failure)
[351.497s][info][gc,heap        ] GC(1222) PSYoungGen: 210345K(210432K)->111102K(222720K) Eden: 120832K(120832K)->0K(111616K) From: 89513K(89600K)->111102K(111104K)
[351.497s][info][gc,heap        ] GC(1222) ParOldGen: 155379K(418816K)->160008K(418816K)
[351.497s][info][gc,metaspace   ] GC(1222) Metaspace: 18834K(19008K)->18834K(19008K) NonClass: 17004K(17152K)->17004K(17152K) Class: 1829K(1856K)->1829K(1856K)
[351.497s][info][gc             ] GC(1222) Pause Young (Allocation Failure) 357M->264M(626M) 145.845ms
[351.497s][info][gc,cpu         ] GC(1222) User=0.28s Sys=0.01s Real=0.15s
[351.617s][info][gc,start       ] GC(1223) Pause Young (Allocation Failure)
[351.738s][info][gc,heap        ] GC(1223) PSYoungGen: 222718K(222720K)->111076K(222720K) Eden: 111616K(111616K)->0K(111616K) From: 111102K(111104K)->111076K(111104K)
[351.738s][info][gc,heap        ] GC(1223) ParOldGen: 160008K(418816K)->162104K(418816K)
[351.738s][info][gc,metaspace   ] GC(1223) Metaspace: 18834K(19008K)->18834K(19008K) NonClass: 17004K(17152K)->17004K(17152K) Class: 1829K(1856K)->1829K(1856K)
[351.738s][info][gc             ] GC(1223) Pause Young (Allocation Failure) 373M->266M(626M) 121.053ms
[351.738s][info][gc,cpu         ] GC(1223) User=0.24s Sys=0.00s Real=0.12s
[351.841s][info][gc,start       ] GC(1224) Pause Young (Allocation Failure)
[351.983s][info][gc,heap        ] GC(1224) PSYoungGen: 222692K(222720K)->111076K(222720K) Eden: 111616K(111616K)->0K(111616K) From: 111076K(111104K)->111076K(111104K)
[351.983s][info][gc,heap        ] GC(1224) ParOldGen: 162104K(418816K)->171752K(418816K)
[351.983s][info][gc,metaspace   ] GC(1224) Metaspace: 18834K(19008K)->18834K(19008K) NonClass: 17004K(17152K)->17004K(17152K) Class: 1829K(1856K)->1829K(1856K)
[351.983s][info][gc             ] GC(1224) Pause Young (Allocation Failure) 375M->276M(626M) 142.712ms
[351.983s][info][gc,cpu         ] GC(1224) User=0.28s Sys=0.00s Real=0.14s
[352.093s][info][gc,start       ] GC(1225) Pause Young (Allocation Failure)
[352.215s][info][gc,heap        ] GC(1225) PSYoungGen: 222692K(222720K)->111086K(222720K) Eden: 111616K(111616K)->0K(111616K) From: 111076K(111104K)->111086K(111104K)
[352.215s][info][gc,heap        ] GC(1225) ParOldGen: 171752K(418816K)->172048K(418816K)
[352.215s][info][gc,metaspace   ] GC(1225) Metaspace: 18834K(19008K)->18834K(19008K) NonClass: 17004K(17152K)->17004K(17152K) Class: 1829K(1856K)->1829K(1856K)
[352.215s][info][gc             ] GC(1225) Pause Young (Allocation Failure) 385M->276M(626M) 121.873ms
[352.215s][info][gc,cpu         ] GC(1225) User=0.24s Sys=0.00s Real=0.12s
[352.299s][info][gc,start       ] GC(1226) Pause Young (Allocation Failure)
[352.445s][info][gc,heap        ] GC(1226) PSYoungGen: 222702K(222720K)->111090K(222720K) Eden: 111616K(111616K)->0K(111616K) From: 111086K(111104K)->111090K(111104K)
[352.445s][info][gc,heap        ] GC(1226) ParOldGen: 172048K(418816K)->193832K(418816K)
[352.445s][info][gc,metaspace   ] GC(1226) Metaspace: 18834K(19008K)->18834K(19008K) NonClass: 17004K(17152K)->17004K(17152K) Class: 1829K(1856K)->1829K(1856K)
[352.445s][info][gc             ] GC(1226) Pause Young (Allocation Failure) 385M->297M(626M) 145.380ms
[352.445s][info][gc,cpu         ] GC(1226) User=0.29s Sys=0.00s Real=0.14s
[352.511s][info][gc,start       ] GC(1227) Pause Young (Allocation Failure)
[352.664s][info][gc,heap        ] GC(1227) PSYoungGen: 222706K(222720K)->111090K(222720K) Eden: 111616K(111616K)->0K(111616K) From: 111090K(111104K)->111090K(111104K)
[352.664s][info][gc,heap        ] GC(1227) ParOldGen: 193832K(418816K)->219416K(418816K)
[352.664s][info][gc,metaspace   ] GC(1227) Metaspace: 18834K(19008K)->18834K(19008K) NonClass: 17004K(17152K)->17004K(17152K) Class: 1829K(1856K)->1829K(1856K)
[352.664s][info][gc             ] GC(1227) Pause Young (Allocation Failure) 406M->322M(626M) 152.330ms
[352.664s][info][gc,cpu         ] GC(1227) User=0.30s Sys=0.00s Real=0.15s
[352.752s][info][gc,start       ] GC(1228) Pause Young (Allocation Failure)
[352.896s][info][gc,heap        ] GC(1228) PSYoungGen: 222706K(222720K)->58912K(222720K) Eden: 111616K(111616K)->0K(111616K) From: 111090K(111104K)->58912K(111104K)
[352.896s][info][gc,heap        ] GC(1228) ParOldGen: 219416K(418816K)->289448K(418816K)
[352.896s][info][gc,metaspace   ] GC(1228) Metaspace: 18834K(19008K)->18834K(19008K) NonClass: 17004K(17152K)->17004K(17152K) Class: 1829K(1856K)->1829K(1856K)
[352.896s][info][gc             ] GC(1228) Pause Young (Allocation Failure) 431M->340M(626M) 143.971ms
[352.896s][info][gc,cpu         ] GC(1228) User=0.28s Sys=0.00s Real=0.14s
[352.994s][info][gc,start       ] GC(1229) Pause Young (Allocation Failure)
[353.076s][info][gc,heap        ] GC(1229) PSYoungGen: 170528K(222720K)->52931K(222720K) Eden: 111616K(111616K)->0K(111616K) From: 58912K(111104K)->52931K(111104K)
[353.076s][info][gc,heap        ] GC(1229) ParOldGen: 289448K(418816K)->307768K(418816K)
[353.076s][info][gc,metaspace   ] GC(1229) Metaspace: 18834K(19008K)->18834K(19008K) NonClass: 17004K(17152K)->17004K(17152K) Class: 1829K(1856K)->1829K(1856K)
[353.076s][info][gc             ] GC(1229) Pause Young (Allocation Failure) 449M->352M(626M) 82.055ms
[353.076s][info][gc,cpu         ] GC(1229) User=0.16s Sys=0.00s Real=0.08s
[353.174s][info][gc,start       ] GC(1230) Pause Young (Allocation Failure)
[353.238s][info][gc,heap        ] GC(1230) PSYoungGen: 164547K(222720K)->49123K(222720K) Eden: 111616K(111616K)->0K(111616K) From: 52931K(111104K)->49123K(111104K)
[353.238s][info][gc,heap        ] GC(1230) ParOldGen: 307768K(418816K)->315448K(418816K)
[353.238s][info][gc,metaspace   ] GC(1230) Metaspace: 18834K(19008K)->18834K(19008K) NonClass: 17004K(17152K)->17004K(17152K) Class: 1829K(1856K)->1829K(1856K)
[353.238s][info][gc             ] GC(1230) Pause Young (Allocation Failure) 461M->356M(626M) 64.321ms
[353.238s][info][gc,cpu         ] GC(1230) User=0.13s Sys=0.00s Real=0.07s
[353.325s][info][gc,start       ] GC(1231) Pause Young (Allocation Failure)
[353.381s][info][gc,heap        ] GC(1231) PSYoungGen: 160739K(222720K)->37571K(222720K) Eden: 111616K(111616K)->0K(111616K) From: 49123K(111104K)->37571K(111104K)
[353.381s][info][gc,heap        ] GC(1231) ParOldGen: 315448K(418816K)->330056K(418816K)
[353.381s][info][gc,metaspace   ] GC(1231) Metaspace: 18842K(19008K)->18842K(19008K) NonClass: 17012K(17152K)->17012K(17152K) Class: 1829K(1856K)->1829K(1856K)
[353.381s][info][gc             ] GC(1231) Pause Young (Allocation Failure) 465M->359M(626M) 56.251ms
[353.381s][info][gc,cpu         ] GC(1231) User=0.11s Sys=0.00s Real=0.06s
[353.443s][info][gc,start       ] GC(1232) Pause Young (Allocation Failure)
[353.488s][info][gc,heap        ] GC(1232) PSYoungGen: 149187K(222720K)->21539K(222720K) Eden: 111616K(111616K)->0K(111616K) From: 37571K(111104K)->21539K(111104K)
[353.488s][info][gc,heap        ] GC(1232) ParOldGen: 330056K(418816K)->348604K(418816K)
[353.488s][info][gc,metaspace   ] GC(1232) Metaspace: 18842K(19008K)->18842K(19008K) NonClass: 17012K(17152K)->17012K(17152K) Class: 1829K(1856K)->1829K(1856K)
[353.488s][info][gc             ] GC(1232) Pause Young (Allocation Failure) 468M->361M(626M) 44.670ms
[353.488s][info][gc,cpu         ] GC(1232) User=0.09s Sys=0.00s Real=0.05s
[353.662s][info][gc,start       ] GC(1233) Pause Young (Allocation Failure)
[353.694s][info][gc,heap        ] GC(1233) PSYoungGen: 133155K(222720K)->7552K(222720K) Eden: 111616K(111616K)->0K(111616K) From: 21539K(111104K)->7552K(111104K)
[353.694s][info][gc,heap        ] GC(1233) ParOldGen: 348604K(418816K)->364784K(418816K)
[353.694s][info][gc,metaspace   ] GC(1233) Metaspace: 18842K(19008K)->18842K(19008K) NonClass: 17012K(17152K)->17012K(17152K) Class: 1829K(1856K)->1829K(1856K)
[353.694s][info][gc             ] GC(1233) Pause Young (Allocation Failure) 470M->363M(626M) 31.967ms
[353.694s][info][gc,cpu         ] GC(1233) User=0.06s Sys=0.00s Real=0.03s
[354.056s][info][gc,start       ] GC(1234) Pause Young (Allocation Failure)
[354.068s][info][gc,heap        ] GC(1234) PSYoungGen: 119168K(222720K)->2496K(222720K) Eden: 111616K(111616K)->0K(111616K) From: 7552K(111104K)->2496K(111104K)
[354.068s][info][gc,heap        ] GC(1234) ParOldGen: 364784K(418816K)->370176K(418816K)
[354.068s][info][gc,metaspace   ] GC(1234) Metaspace: 18842K(19008K)->18842K(19008K) NonClass: 17012K(17152K)->17012K(17152K) Class: 1829K(1856K)->1829K(1856K)
[354.068s][info][gc             ] GC(1234) Pause Young (Allocation Failure) 472M->363M(626M) 11.596ms
[354.068s][info][gc,cpu         ] GC(1234) User=0.02s Sys=0.00s Real=0.02s
[354.268s][info][gc,start       ] GC(1235) Pause Young (Allocation Failure)
[354.305s][info][gc,heap        ] GC(1235) PSYoungGen: 114112K(222720K)->31424K(222720K) Eden: 111616K(111616K)->0K(111616K) From: 2496K(111104K)->31424K(111104K)
[354.305s][info][gc,heap        ] GC(1235) ParOldGen: 370176K(418816K)->372656K(418816K)
[354.305s][info][gc,metaspace   ] GC(1235) Metaspace: 18842K(19008K)->18842K(19008K) NonClass: 17012K(17152K)->17012K(17152K) Class: 1829K(1856K)->1829K(1856K)
[354.305s][info][gc             ] GC(1235) Pause Young (Allocation Failure) 472M->394M(626M) 36.413ms
[354.305s][info][gc,cpu         ] GC(1235) User=0.07s Sys=0.00s Real=0.03s
[354.414s][info][gc,start       ] GC(1236) Pause Young (Allocation Failure)
[354.480s][info][gc,heap        ] GC(1236) PSYoungGen: 143040K(222720K)->39168K(222720K) Eden: 111616K(111616K)->0K(111616K) From: 31424K(111104K)->39168K(111104K)
[354.480s][info][gc,heap        ] GC(1236) ParOldGen: 372656K(418816K)->404119K(418816K)
[354.480s][info][gc,metaspace   ] GC(1236) Metaspace: 18842K(19008K)->18842K(19008K) NonClass: 17012K(17152K)->17012K(17152K) Class: 1829K(1856K)->1829K(1856K)
[354.480s][info][gc             ] GC(1236) Pause Young (Allocation Failure) 503M->432M(626M) 66.019ms
[354.481s][info][gc,cpu         ] GC(1236) User=0.13s Sys=0.00s Real=0.07s
[354.663s][info][gc,start       ] GC(1237) Pause Young (Allocation Failure)
[354.727s][info][gc,heap        ] GC(1237) PSYoungGen: 150784K(222720K)->15264K(222720K) Eden: 111616K(111616K)->0K(111616K) From: 39168K(111104K)->15264K(111104K)
[354.727s][info][gc,heap        ] GC(1237) ParOldGen: 404119K(418816K)->443578K(443904K)
[354.727s][info][gc,metaspace   ] GC(1237) Metaspace: 18842K(19008K)->18842K(19008K) NonClass: 17012K(17152K)->17012K(17152K) Class: 1829K(1856K)->1829K(1856K)
[354.727s][info][gc             ] GC(1237) Pause Young (Allocation Failure) 541M->448M(651M) 63.627ms
[354.727s][info][gc,cpu         ] GC(1237) User=0.10s Sys=0.03s Real=0.07s
[354.820s][info][gc,start       ] GC(1238) Pause Young (Allocation Failure)
[354.855s][info][gc,heap        ] GC(1238) PSYoungGen: 126880K(222720K)->1856K(222720K) Eden: 111616K(111616K)->0K(111616K) From: 15264K(111104K)->1856K(111104K)
[354.855s][info][gc,heap        ] GC(1238) ParOldGen: 443578K(443904K)->458874K(459264K)
[354.855s][info][gc,metaspace   ] GC(1238) Metaspace: 18842K(19008K)->18842K(19008K) NonClass: 17012K(17152K)->17012K(17152K) Class: 1829K(1856K)->1829K(1856K)
[354.855s][info][gc             ] GC(1238) Pause Young (Allocation Failure) 557M->449M(666M) 35.383ms
[354.855s][info][gc,cpu         ] GC(1238) User=0.05s Sys=0.01s Real=0.03s
[354.958s][info][gc,start       ] GC(1239) Pause Young (Allocation Failure)
[354.964s][info][gc,heap        ] GC(1239) PSYoungGen: 113472K(222720K)->864K(222720K) Eden: 111616K(111616K)->0K(111616K) From: 1856K(111104K)->864K(111104K)
[354.964s][info][gc,heap        ] GC(1239) ParOldGen: 458874K(459264K)->460514K(460800K)
[354.964s][info][gc,metaspace   ] GC(1239) Metaspace: 18842K(19008K)->18842K(19008K) NonClass: 17012K(17152K)->17012K(17152K) Class: 1829K(1856K)->1829K(1856K)
[354.964s][info][gc             ] GC(1239) Pause Young (Allocation Failure) 558M->450M(667M) 6.528ms
[354.964s][info][gc,cpu         ] GC(1239) User=0.01s Sys=0.00s Real=0.00s
[355.183s][info][gc,start       ] GC(1240) Pause Young (Allocation Failure)
[355.190s][info][gc,heap        ] GC(1240) PSYoungGen: 112480K(222720K)->1952K(222720K) Eden: 111616K(111616K)->0K(111616K) From: 864K(111104K)->1952K(111104K)
[355.190s][info][gc,heap        ] GC(1240) ParOldGen: 460514K(460800K)->461354K(461824K)
[355.190s][info][gc,metaspace   ] GC(1240) Metaspace: 18842K(19008K)->18842K(19008K) NonClass: 17012K(17152K)->17012K(17152K) Class: 1829K(1856K)->1829K(1856K)
[355.190s][info][gc             ] GC(1240) Pause Young (Allocation Failure) 559M->452M(668M) 6.549ms
[355.190s][info][gc,cpu         ] GC(1240) User=0.01s Sys=0.00s Real=0.01s
[355.459s][info][gc,start       ] GC(1241) Pause Young (Allocation Failure)
[355.464s][info][gc,heap        ] GC(1241) PSYoungGen: 113568K(222720K)->192K(222720K) Eden: 111616K(111616K)->0K(111616K) From: 1952K(111104K)->192K(111104K)
[355.464s][info][gc,heap        ] GC(1241) ParOldGen: 461354K(461824K)->462722K(462848K)
[355.464s][info][gc,metaspace   ] GC(1241) Metaspace: 18842K(19008K)->18842K(19008K) NonClass: 17012K(17152K)->17012K(17152K) Class: 1829K(1856K)->1829K(1856K)
[355.464s][info][gc             ] GC(1241) Pause Young (Allocation Failure) 561M->452M(669M) 5.087ms
[355.464s][info][gc,cpu         ] GC(1241) User=0.01s Sys=0.00s Real=0.00s
[355.688s][info][gc,start       ] GC(1242) Pause Young (Allocation Failure)
[355.725s][info][gc,heap        ] GC(1242) PSYoungGen: 111808K(222720K)->33920K(222720K) Eden: 111616K(111616K)->0K(111616K) From: 192K(111104K)->33920K(111104K)
[355.726s][info][gc,heap        ] GC(1242) ParOldGen: 462722K(462848K)->462898K(463360K)
[355.726s][info][gc,metaspace   ] GC(1242) Metaspace: 18842K(19008K)->18842K(19008K) NonClass: 17012K(17152K)->17012K(17152K) Class: 1829K(1856K)->1829K(1856K)
[355.726s][info][gc             ] GC(1242) Pause Young (Allocation Failure) 561M->485M(670M) 37.563ms
[355.726s][info][gc,cpu         ] GC(1242) User=0.07s Sys=0.01s Real=0.03s
[355.827s][info][gc,start       ] GC(1243) Pause Young (Allocation Failure)
[355.936s][info][gc,heap        ] GC(1243) PSYoungGen: 145536K(222720K)->57235K(222720K) Eden: 111616K(111616K)->0K(111616K) From: 33920K(111104K)->57235K(111104K)
[355.936s][info][gc,heap        ] GC(1243) ParOldGen: 462898K(463360K)->496914K(497152K)
[355.936s][info][gc,metaspace   ] GC(1243) Metaspace: 18842K(19008K)->18842K(19008K) NonClass: 17013K(17152K)->17013K(17152K) Class: 1829K(1856K)->1829K(1856K)
[355.936s][info][gc             ] GC(1243) Pause Young (Allocation Failure) 594M->541M(703M) 109.319ms
[355.936s][info][gc,cpu         ] GC(1243) User=0.18s Sys=0.03s Real=0.10s
[356.010s][info][gc,start       ] GC(1244) Pause Young (Allocation Failure)
[356.162s][info][gc,heap        ] GC(1244) PSYoungGen: 168851K(222720K)->76544K(222720K) Eden: 111616K(111616K)->0K(111616K) From: 57235K(111104K)->76544K(111104K)
[356.162s][info][gc,heap        ] GC(1244) ParOldGen: 496914K(497152K)->554354K(554496K)
[356.162s][info][gc,metaspace   ] GC(1244) Metaspace: 18842K(19008K)->18842K(19008K) NonClass: 17013K(17152K)->17013K(17152K) Class: 1829K(1856K)->1829K(1856K)
[356.162s][info][gc             ] GC(1244) Pause Young (Allocation Failure) 650M->616M(759M) 152.223ms
[356.162s][info][gc,cpu         ] GC(1244) User=0.25s Sys=0.05s Real=0.15s
[356.277s][info][gc,start       ] GC(1245) Pause Young (Allocation Failure)
[356.411s][info][gc,heap        ] GC(1245) PSYoungGen: 188160K(222720K)->11348K(222720K) Eden: 111616K(111616K)->0K(111616K) From: 76544K(111104K)->11348K(111104K)
[356.411s][info][gc,heap        ] GC(1245) ParOldGen: 554354K(554496K)->631148K(631296K)
[356.411s][info][gc,metaspace   ] GC(1245) Metaspace: 18842K(19008K)->18842K(19008K) NonClass: 17013K(17152K)->17013K(17152K) Class: 1829K(1856K)->1829K(1856K)
[356.411s][info][gc             ] GC(1245) Pause Young (Allocation Failure) 725M->627M(834M) 134.260ms
[356.411s][info][gc,cpu         ] GC(1245) User=0.21s Sys=0.05s Real=0.13s
[356.500s][info][gc,start       ] GC(1246) Pause Full (Allocation Failure)
[356.500s][info][gc,phases,start] GC(1246) Marking Phase
[356.563s][info][gc,phases      ] GC(1246) Marking Phase 63.389ms
[356.563s][info][gc,phases,start] GC(1246) Summary Phase
[356.563s][info][gc,phases      ] GC(1246) Summary Phase 0.028ms
[356.563s][info][gc,phases,start] GC(1246) Forward
[356.581s][info][gc,phases      ] GC(1246) Forward 17.777ms
[356.581s][info][gc,phases,start] GC(1246) Adjust Pointers
[356.624s][info][gc,phases      ] GC(1246) Adjust Pointers 42.584ms
[356.624s][info][gc,phases,start] GC(1246) Compaction Phase
[356.645s][info][gc,phases      ] GC(1246) Compaction Phase 20.929ms
[356.647s][info][gc,phases,start] GC(1246) Post Compact
[356.650s][info][gc,phases      ] GC(1246) Post Compact 2.254ms
[356.668s][info][gc,heap        ] GC(1246) PSYoungGen: 122964K(222720K)->0K(222720K) Eden: 111616K(111616K)->0K(111616K) From: 11348K(111104K)->0K(111104K)
[356.668s][info][gc,heap        ] GC(1246) ParOldGen: 631148K(631296K)->99395K(409088K)
[356.668s][info][gc,metaspace   ] GC(1246) Metaspace: 18842K(19008K)->18842K(19008K) NonClass: 17013K(17152K)->17013K(17152K) Class: 1829K(1856K)->1829K(1856K)
[356.668s][info][gc             ] GC(1246) Pause Full (Allocation Failure) 736M->97M(617M) 168.432ms
[356.668s][info][gc,cpu         ] GC(1246) User=0.26s Sys=0.02s Real=0.17s
[356.752s][info][gc,start       ] GC(1247) Pause Young (Allocation Failure)
[356.761s][info][gc,heap        ] GC(1247) PSYoungGen: 111616K(222720K)->8484K(222720K) Eden: 111616K(111616K)->0K(111616K) From: 0K(111104K)->8484K(111104K)
[356.761s][info][gc,heap        ] GC(1247) ParOldGen: 99395K(409088K)->99395K(409088K)
[356.761s][info][gc,metaspace   ] GC(1247) Metaspace: 18842K(19008K)->18842K(19008K) NonClass: 17013K(17152K)->17013K(17152K) Class: 1829K(1856K)->1829K(1856K)
[356.761s][info][gc             ] GC(1247) Pause Young (Allocation Failure) 206M->105M(617M) 8.858ms
[356.761s][info][gc,cpu         ] GC(1247) User=0.02s Sys=0.00s Real=0.01s
[356.861s][info][gc,start       ] GC(1248) Pause Young (Allocation Failure)
[356.879s][info][gc,heap        ] GC(1248) PSYoungGen: 120100K(222720K)->10592K(222720K) Eden: 111616K(111616K)->0K(111616K) From: 8484K(111104K)->10592K(111104K)
[356.879s][info][gc,heap        ] GC(1248) ParOldGen: 99395K(409088K)->106456K(409088K)
[356.879s][info][gc,metaspace   ] GC(1248) Metaspace: 18842K(19008K)->18842K(19008K) NonClass: 17013K(17152K)->17013K(17152K) Class: 1829K(1856K)->1829K(1856K)
[356.879s][info][gc             ] GC(1248) Pause Young (Allocation Failure) 214M->114M(617M) 17.205ms
[356.879s][info][gc,cpu         ] GC(1248) User=0.03s Sys=0.00s Real=0.02s
[357.002s][info][gc,start       ] GC(1249) Pause Young (Allocation Failure)
[357.030s][info][gc,heap        ] GC(1249) PSYoungGen: 122208K(222720K)->23568K(135680K) Eden: 111616K(111616K)->0K(111616K) From: 10592K(111104K)->23568K(24064K)
[357.030s][info][gc,heap        ] GC(1249) ParOldGen: 106456K(409088K)->117080K(409088K)
[357.030s][info][gc,metaspace   ] GC(1249) Metaspace: 18842K(19008K)->18842K(19008K) NonClass: 17013K(17152K)->17013K(17152K) Class: 1829K(1856K)->1829K(1856K)
[357.030s][info][gc             ] GC(1249) Pause Young (Allocation Failure) 223M->137M(532M) 28.533ms
[357.030s][info][gc,cpu         ] GC(1249) User=0.06s Sys=0.01s Real=0.03s
[357.095s][info][gc,start       ] GC(1250) Pause Young (Allocation Failure)
[357.141s][info][gc,heap        ] GC(1250) PSYoungGen: 135184K(135680K)->40832K(225792K) Eden: 111616K(111616K)->0K(115712K) From: 23568K(24064K)->40832K(110080K)
[357.141s][info][gc,heap        ] GC(1250) ParOldGen: 117080K(409088K)->140904K(409088K)
[357.141s][info][gc,metaspace   ] GC(1250) Metaspace: 18842K(19008K)->18842K(19008K) NonClass: 17013K(17152K)->17013K(17152K) Class: 1829K(1856K)->1829K(1856K)
[357.141s][info][gc             ] GC(1250) Pause Young (Allocation Failure) 246M->177M(620M) 46.118ms
[357.141s][info][gc,cpu         ] GC(1250) User=0.09s Sys=0.00s Real=0.05s
[357.338s][info][gc,start       ] GC(1251) Pause Young (Allocation Failure)
[357.375s][info][gc,heap        ] GC(1251) PSYoungGen: 156544K(225792K)->9760K(125952K) Eden: 115712K(115712K)->0K(115712K) From: 40832K(110080K)->9760K(10240K)
[357.375s][info][gc,heap        ] GC(1251) ParOldGen: 140904K(409088K)->182160K(409088K)
[357.375s][info][gc,metaspace   ] GC(1251) Metaspace: 18842K(19008K)->18842K(19008K) NonClass: 17013K(17152K)->17013K(17152K) Class: 1829K(1856K)->1829K(1856K)
[357.375s][info][gc             ] GC(1251) Pause Young (Allocation Failure) 290M->187M(522M) 37.324ms
[357.375s][info][gc,cpu         ] GC(1251) User=0.07s Sys=0.00s Real=0.03s
[357.533s][info][gc,start       ] GC(1252) Pause Young (Allocation Failure)
[357.569s][info][gc,heap        ] GC(1252) PSYoungGen: 125472K(125952K)->15521K(225280K) Eden: 115712K(115712K)->0K(122880K) From: 9760K(10240K)->15521K(102400K)
[357.569s][info][gc,heap        ] GC(1252) ParOldGen: 182160K(409088K)->191992K(409088K)
[357.569s][info][gc,metaspace   ] GC(1252) Metaspace: 18842K(19008K)->18842K(19008K) NonClass: 17013K(17152K)->17013K(17152K) Class: 1829K(1856K)->1829K(1856K)
[357.569s][info][gc             ] GC(1252) Pause Young (Allocation Failure) 300M->202M(619M) 36.352ms
[357.569s][info][gc,cpu         ] GC(1252) User=0.07s Sys=0.00s Real=0.04s
[357.690s][info][gc,start       ] GC(1253) Pause Young (Allocation Failure)
[357.779s][info][gc,heap        ] GC(1253) PSYoungGen: 138401K(225280K)->64256K(220160K) Eden: 122880K(122880K)->0K(122880K) From: 15521K(102400K)->64256K(97280K)
[357.779s][info][gc,heap        ] GC(1253) ParOldGen: 191992K(409088K)->206990K(409088K)
[357.779s][info][gc,metaspace   ] GC(1253) Metaspace: 18842K(19008K)->18842K(19008K) NonClass: 17013K(17152K)->17013K(17152K) Class: 1829K(1856K)->1829K(1856K)
[357.779s][info][gc             ] GC(1253) Pause Young (Allocation Failure) 322M->264M(614M) 88.404ms
[357.779s][info][gc,cpu         ] GC(1253) User=0.18s Sys=0.00s Real=0.09s
[357.834s][info][gc,start       ] GC(1254) Pause Young (Allocation Failure)
[357.942s][info][gc,heap        ] GC(1254) PSYoungGen: 187136K(220160K)->47264K(231424K) Eden: 122880K(122880K)->0K(127488K) From: 64256K(97280K)->47264K(103936K)
[357.942s][info][gc,heap        ] GC(1254) ParOldGen: 206990K(409088K)->271503K(409088K)
[357.942s][info][gc,metaspace   ] GC(1254) Metaspace: 18842K(19008K)->18842K(19008K) NonClass: 17013K(17152K)->17013K(17152K) Class: 1829K(1856K)->1829K(1856K)
[357.942s][info][gc             ] GC(1254) Pause Young (Allocation Failure) 384M->311M(625M) 107.857ms
[357.942s][info][gc,cpu         ] GC(1254) User=0.21s Sys=0.00s Real=0.11s
[358.027s][info][gc,start       ] GC(1255) Pause Young (Allocation Failure)
[358.097s][info][gc,heap        ] GC(1255) PSYoungGen: 174752K(231424K)->39904K(167424K) Eden: 127488K(127488K)->0K(127488K) From: 47264K(103936K)->39904K(39936K)
[358.097s][info][gc,heap        ] GC(1255) ParOldGen: 271503K(409088K)->319311K(409088K)
[358.097s][info][gc,metaspace   ] GC(1255) Metaspace: 18842K(19008K)->18842K(19008K) NonClass: 17013K(17152K)->17013K(17152K) Class: 1829K(1856K)->1829K(1856K)
[358.097s][info][gc             ] GC(1255) Pause Young (Allocation Failure) 435M->350M(563M) 69.541ms
[358.097s][info][gc,cpu         ] GC(1255) User=0.14s Sys=0.00s Real=0.07s
[358.210s][info][gc,start       ] GC(1256) Pause Young (Allocation Failure)
[358.261s][info][gc,heap        ] GC(1256) PSYoungGen: 167392K(167424K)->14016K(228864K) Eden: 127488K(127488K)->0K(130560K) From: 39904K(39936K)->14016K(98304K)
[358.261s][info][gc,heap        ] GC(1256) ParOldGen: 319311K(409088K)->359551K(409088K)
[358.261s][info][gc,metaspace   ] GC(1256) Metaspace: 18842K(19008K)->18842K(19008K) NonClass: 17013K(17152K)->17013K(17152K) Class: 1829K(1856K)->1829K(1856K)
[358.261s][info][gc             ] GC(1256) Pause Young (Allocation Failure) 475M->364M(623M) 50.662ms
[358.261s][info][gc,cpu         ] GC(1256) User=0.10s Sys=0.00s Real=0.05s
[358.321s][info][gc,start       ] GC(1257) Pause Young (Allocation Failure)
[358.343s][info][gc,heap        ] GC(1257) PSYoungGen: 144576K(228864K)->2048K(225792K) Eden: 130560K(130560K)->0K(130560K) From: 14016K(98304K)->2048K(95232K)
[358.343s][info][gc,heap        ] GC(1257) ParOldGen: 359551K(409088K)->373583K(409088K)
[358.343s][info][gc,metaspace   ] GC(1257) Metaspace: 18842K(19008K)->18842K(19008K) NonClass: 17013K(17152K)->17013K(17152K) Class: 1829K(1856K)->1829K(1856K)
[358.343s][info][gc             ] GC(1257) Pause Young (Allocation Failure) 492M->366M(620M) 22.460ms
[358.343s][info][gc,cpu         ] GC(1257) User=0.04s Sys=0.00s Real=0.02s
[358.477s][info][gc,start       ] GC(1258) Pause Young (Allocation Failure)
[358.519s][info][gc,heap        ] GC(1258) PSYoungGen: 132608K(225792K)->19105K(233984K) Eden: 130560K(130560K)->0K(144896K) From: 2048K(95232K)->19105K(89088K)
[358.520s][info][gc,heap        ] GC(1258) ParOldGen: 373583K(409088K)->375631K(409088K)
[358.520s][info][gc,metaspace   ] GC(1258) Metaspace: 18842K(19008K)->18842K(19008K) NonClass: 17013K(17152K)->17013K(17152K) Class: 1829K(1856K)->1829K(1856K)
[358.520s][info][gc             ] GC(1258) Pause Young (Allocation Failure) 494M->385M(628M) 42.748ms
[358.520s][info][gc,cpu         ] GC(1258) User=0.08s Sys=0.00s Real=0.04s
[358.636s][info][gc,start       ] GC(1259) Pause Young (Allocation Failure)
[358.685s][info][gc,heap        ] GC(1259) PSYoungGen: 164001K(233984K)->14208K(233984K) Eden: 144896K(144896K)->0K(144896K) From: 19105K(89088K)->14208K(89088K)
[358.686s][info][gc,heap        ] GC(1259) ParOldGen: 375631K(409088K)->394732K(409088K)
[358.686s][info][gc,metaspace   ] GC(1259) Metaspace: 18842K(19008K)->18842K(19008K) NonClass: 17013K(17152K)->17013K(17152K) Class: 1829K(1856K)->1829K(1856K)
[358.686s][info][gc             ] GC(1259) Pause Young (Allocation Failure) 526M->399M(628M) 49.634ms
[358.686s][info][gc,cpu         ] GC(1259) User=0.10s Sys=0.00s Real=0.05s
[358.807s][info][gc,start       ] GC(1260) Pause Young (Allocation Failure)
[358.848s][info][gc,heap        ] GC(1260) PSYoungGen: 159104K(233984K)->16832K(240640K) Eden: 144896K(144896K)->0K(159744K) From: 14208K(89088K)->16832K(80896K)
[358.848s][info][gc,heap        ] GC(1260) ParOldGen: 394732K(409088K)->408972K(409088K)
[358.848s][info][gc,metaspace   ] GC(1260) Metaspace: 18842K(19008K)->18842K(19008K) NonClass: 17013K(17152K)->17013K(17152K) Class: 1829K(1856K)->1829K(1856K)
[358.848s][info][gc             ] GC(1260) Pause Young (Allocation Failure) 540M->415M(634M) 40.988ms
[358.848s][info][gc,cpu         ] GC(1260) User=0.08s Sys=0.00s Real=0.04s
[358.970s][info][gc,start       ] GC(1261) Pause Young (Allocation Failure)
[359.022s][info][gc,heap        ] GC(1261) PSYoungGen: 176576K(240640K)->21248K(240640K) Eden: 159744K(159744K)->0K(159744K) From: 16832K(80896K)->21248K(80896K)
[359.022s][info][gc,heap        ] GC(1261) ParOldGen: 408972K(409088K)->425828K(425984K)
[359.022s][info][gc,metaspace   ] GC(1261) Metaspace: 18842K(19008K)->18842K(19008K) NonClass: 17013K(17152K)->17013K(17152K) Class: 1829K(1856K)->1829K(1856K)
[359.022s][info][gc             ] GC(1261) Pause Young (Allocation Failure) 571M->436M(651M) 51.447ms
[359.022s][info][gc,cpu         ] GC(1261) User=0.08s Sys=0.02s Real=0.05s
[359.151s][info][gc,start       ] GC(1262) Pause Young (Allocation Failure)
[359.206s][info][gc,heap        ] GC(1262) PSYoungGen: 180992K(240640K)->9728K(250368K) Eden: 159744K(159744K)->0K(174592K) From: 21248K(80896K)->9728K(75776K)
[359.206s][info][gc,heap        ] GC(1262) ParOldGen: 425828K(425984K)->447097K(447488K)
[359.206s][info][gc,metaspace   ] GC(1262) Metaspace: 18842K(19008K)->18842K(19008K) NonClass: 17013K(17152K)->17013K(17152K) Class: 1829K(1856K)->1829K(1856K)
[359.206s][info][gc             ] GC(1262) Pause Young (Allocation Failure) 592M->446M(681M) 54.292ms
[359.206s][info][gc,cpu         ] GC(1262) User=0.09s Sys=0.02s Real=0.05s
[359.454s][info][gc,start       ] GC(1263) Pause Young (Allocation Failure)
[359.480s][info][gc,heap        ] GC(1263) PSYoungGen: 184320K(250368K)->3520K(248320K) Eden: 174592K(174592K)->0K(174592K) From: 9728K(75776K)->3520K(73728K)
[359.480s][info][gc,heap        ] GC(1263) ParOldGen: 447097K(447488K)->456857K(457216K)
[359.480s][info][gc,metaspace   ] GC(1263) Metaspace: 18842K(19008K)->18842K(19008K) NonClass: 17013K(17152K)->17013K(17152K) Class: 1829K(1856K)->1829K(1856K)
[359.480s][info][gc             ] GC(1263) Pause Young (Allocation Failure) 616M->449M(689M) 26.295ms
[359.480s][info][gc,cpu         ] GC(1263) User=0.04s Sys=0.02s Real=0.03s
[359.731s][info][gc,start       ] GC(1264) Pause Young (Allocation Failure)
[359.763s][info][gc,heap        ] GC(1264) PSYoungGen: 178112K(248320K)->22912K(254464K) Eden: 174592K(174592K)->0K(187904K) From: 3520K(73728K)->22912K(66560K)
[359.763s][info][gc,heap        ] GC(1264) ParOldGen: 456857K(457216K)->460361K(460800K)
[359.763s][info][gc,metaspace   ] GC(1264) Metaspace: 18842K(19008K)->18842K(19008K) NonClass: 17013K(17152K)->17013K(17152K) Class: 1829K(1856K)->1829K(1856K)
[359.763s][info][gc             ] GC(1264) Pause Young (Allocation Failure) 620M->471M(698M) 32.285ms
[359.763s][info][gc,cpu         ] GC(1264) User=0.05s Sys=0.00s Real=0.03s
[360.327s][info][gc,start       ] GC(1265) Pause Young (Allocation Failure)
[360.364s][info][gc,heap        ] GC(1265) PSYoungGen: 210816K(254464K)->160K(255488K) Eden: 187904K(187904K)->0K(187904K) From: 22912K(66560K)->160K(67584K)
[360.364s][info][gc,heap        ] GC(1265) ParOldGen: 460361K(460800K)->483335K(483840K)
[360.364s][info][gc,metaspace   ] GC(1265) Metaspace: 18842K(19008K)->18842K(19008K) NonClass: 17013K(17152K)->17013K(17152K) Class: 1829K(1856K)->1829K(1856K)
[360.364s][info][gc             ] GC(1265) Pause Young (Allocation Failure) 655M->472M(722M) 36.469ms
[360.364s][info][gc,cpu         ] GC(1265) User=0.05s Sys=0.03s Real=0.03s
[360.825s][info][gc,start       ] GC(1266) Pause Young (Allocation Failure)
[360.828s][info][gc,heap        ] GC(1266) PSYoungGen: 188064K(255488K)->160K(263168K) Eden: 187904K(187904K)->0K(199680K) From: 160K(67584K)->160K(63488K)
[360.828s][info][gc,heap        ] GC(1266) ParOldGen: 483335K(483840K)->483335K(483840K)
[360.828s][info][gc,metaspace   ] GC(1266) Metaspace: 18842K(19008K)->18842K(19008K) NonClass: 17013K(17152K)->17013K(17152K) Class: 1829K(1856K)->1829K(1856K)
[360.828s][info][gc             ] GC(1266) Pause Young (Allocation Failure) 655M->472M(729M) 2.722ms
[360.828s][info][gc,cpu         ] GC(1266) User=0.00s Sys=0.00s Real=0.01s
[361.281s][info][gc,start       ] GC(1267) Pause Young (Allocation Failure)
[361.297s][info][gc,heap        ] GC(1267) PSYoungGen: 199840K(263168K)->5248K(264704K) Eden: 199680K(199680K)->0K(199680K) From: 160K(63488K)->5248K(65024K)
[361.297s][info][gc,heap        ] GC(1267) ParOldGen: 483335K(483840K)->483335K(483840K)
[361.297s][info][gc,metaspace   ] GC(1267) Metaspace: 18842K(19008K)->18842K(19008K) NonClass: 17013K(17152K)->17013K(17152K) Class: 1829K(1856K)->1829K(1856K)
[361.298s][info][gc             ] GC(1267) Pause Young (Allocation Failure) 667M->477M(731M) 16.724ms
[361.298s][info][gc,cpu         ] GC(1267) User=0.03s Sys=0.00s Real=0.02s
[361.461s][info][gc,start       ] GC(1268) Pause Young (Allocation Failure)
[361.527s][info][gc,heap        ] GC(1268) PSYoungGen: 204928K(264704K)->62438K(239616K) Eden: 199680K(199680K)->0K(177152K) From: 5248K(65024K)->62438K(62464K)
[361.527s][info][gc,heap        ] GC(1268) ParOldGen: 483335K(483840K)->491759K(492032K)
[361.527s][info][gc,metaspace   ] GC(1268) Metaspace: 18842K(19008K)->18842K(19008K) NonClass: 17013K(17152K)->17013K(17152K) Class: 1829K(1856K)->1829K(1856K)
[361.527s][info][gc             ] GC(1268) Pause Young (Allocation Failure) 672M->541M(714M) 65.919ms
[361.527s][info][gc,cpu         ] GC(1268) User=0.12s Sys=0.01s Real=0.07s
[361.784s][info][gc,start       ] GC(1269) Pause Young (Allocation Failure)
[361.849s][info][gc,heap        ] GC(1269) PSYoungGen: 239590K(239616K)->73174K(250368K) Eden: 177152K(177152K)->0K(177152K) From: 62438K(62464K)->73174K(73216K)
[361.849s][info][gc,heap        ] GC(1269) ParOldGen: 491759K(492032K)->491919K(492032K)
[361.849s][info][gc,metaspace   ] GC(1269) Metaspace: 18842K(19008K)->18842K(19008K) NonClass: 17013K(17152K)->17013K(17152K) Class: 1829K(1856K)->1829K(1856K)
[361.849s][info][gc             ] GC(1269) Pause Young (Allocation Failure) 714M->551M(725M) 65.460ms
[361.849s][info][gc,cpu         ] GC(1269) User=0.13s Sys=0.00s Real=0.07s
[362.069s][info][gc,start       ] GC(1270) Pause Young (Allocation Failure)
[362.193s][info][gc,heap        ] GC(1270) PSYoungGen: 250326K(250368K)->83440K(195072K) Eden: 177152K(177152K)->0K(111616K) From: 73174K(73216K)->83440K(83456K)
[362.193s][info][gc,heap        ] GC(1270) ParOldGen: 491919K(492032K)->516274K(516608K)
[362.193s][info][gc,metaspace   ] GC(1270) Metaspace: 18843K(19008K)->18843K(19008K) NonClass: 17013K(17152K)->17013K(17152K) Class: 1829K(1856K)->1829K(1856K)
[362.193s][info][gc             ] GC(1270) Pause Young (Allocation Failure) 724M->585M(695M) 124.051ms
[362.193s][info][gc,cpu         ] GC(1270) User=0.22s Sys=0.03s Real=0.12s
[362.288s][info][gc,start       ] GC(1271) Pause Young (Allocation Failure)
[362.420s][info][gc,heap        ] GC(1271) PSYoungGen: 195056K(195072K)->49622K(222720K) Eden: 111616K(111616K)->0K(111616K) From: 83440K(83456K)->49622K(111104K)
[362.420s][info][gc,heap        ] GC(1271) ParOldGen: 516274K(516608K)->574114K(574464K)
[362.420s][info][gc,metaspace   ] GC(1271) Metaspace: 18843K(19008K)->18843K(19008K) NonClass: 17014K(17152K)->17014K(17152K) Class: 1829K(1856K)->1829K(1856K)
[362.420s][info][gc             ] GC(1271) Pause Young (Allocation Failure) 694M->609M(778M) 131.694ms
[362.420s][info][gc,cpu         ] GC(1271) User=0.21s Sys=0.04s Real=0.13s
[362.500s][info][gc,start       ] GC(1272) Pause Young (Allocation Failure)
[362.603s][info][gc,heap        ] GC(1272) PSYoungGen: 161238K(222720K)->58368K(222720K) Eden: 111616K(111616K)->0K(111616K) From: 49622K(111104K)->58368K(111104K)
[362.603s][info][gc,heap        ] GC(1272) ParOldGen: 574114K(574464K)->600587K(601088K)
[362.603s][info][gc,metaspace   ] GC(1272) Metaspace: 18843K(19008K)->18843K(19008K) NonClass: 17014K(17152K)->17014K(17152K) Class: 1829K(1856K)->1829K(1856K)
[362.603s][info][gc             ] GC(1272) Pause Young (Allocation Failure) 718M->643M(804M) 102.859ms
[362.603s][info][gc,cpu         ] GC(1272) User=0.18s Sys=0.02s Real=0.10s
[362.677s][info][gc,start       ] GC(1273) Pause Young (Allocation Failure)
[362.772s][info][gc,heap        ] GC(1273) PSYoungGen: 169984K(222720K)->10912K(122880K) Eden: 111616K(111616K)->0K(111616K) From: 58368K(111104K)->10912K(11264K)
[362.772s][info][gc,heap        ] GC(1273) ParOldGen: 600587K(601088K)->659347K(659456K)
[362.773s][info][gc,metaspace   ] GC(1273) Metaspace: 18843K(19008K)->18843K(19008K) NonClass: 17014K(17152K)->17014K(17152K) Class: 1829K(1856K)->1829K(1856K)
[362.773s][info][gc             ] GC(1273) Pause Young (Allocation Failure) 752M->654M(764M) 95.144ms
[362.773s][info][gc,cpu         ] GC(1273) User=0.14s Sys=0.04s Real=0.09s
[362.844s][info][gc,start       ] GC(1274) Pause Full (Allocation Failure)
[362.845s][info][gc,phases,start] GC(1274) Marking Phase
[363.121s][info][gc,phases      ] GC(1274) Marking Phase 276.258ms
[363.121s][info][gc,phases,start] GC(1274) Summary Phase
[363.121s][info][gc,phases      ] GC(1274) Summary Phase 0.031ms
[363.121s][info][gc,phases,start] GC(1274) Forward
[363.206s][info][gc,phases      ] GC(1274) Forward 84.965ms
[363.206s][info][gc,phases,start] GC(1274) Adjust Pointers
[363.422s][info][gc,phases      ] GC(1274) Adjust Pointers 216.288ms
[363.422s][info][gc,phases,start] GC(1274) Compaction Phase
[363.558s][info][gc,phases      ] GC(1274) Compaction Phase 135.261ms
[363.564s][info][gc,phases,start] GC(1274) Post Compact
[363.566s][info][gc,phases      ] GC(1274) Post Compact 2.336ms
[363.566s][info][gc,heap        ] GC(1274) PSYoungGen: 122528K(122880K)->0K(221696K) Eden: 111616K(111616K)->0K(111616K) From: 10912K(11264K)->0K(110080K)
[363.566s][info][gc,heap        ] GC(1274) ParOldGen: 659347K(659456K)->386957K(667648K)
[363.566s][info][gc,metaspace   ] GC(1274) Metaspace: 18844K(19008K)->18844K(19008K) NonClass: 17015K(17152K)->17015K(17152K) Class: 1829K(1856K)->1829K(1856K)
[363.566s][info][gc             ] GC(1274) Pause Full (Allocation Failure) 763M->377M(868M) 721.802ms
[363.566s][info][gc,cpu         ] GC(1274) User=1.37s Sys=0.00s Real=0.72s
[363.615s][info][gc,start       ] GC(1275) Pause Young (Allocation Failure)
[363.619s][info][gc,heap        ] GC(1275) PSYoungGen: 111616K(221696K)->1184K(221696K) Eden: 111616K(111616K)->0K(111616K) From: 0K(110080K)->1184K(110080K)
[363.619s][info][gc,heap        ] GC(1275) ParOldGen: 386957K(667648K)->386957K(667648K)
[363.619s][info][gc,metaspace   ] GC(1275) Metaspace: 18844K(19008K)->18844K(19008K) NonClass: 17015K(17152K)->17015K(17152K) Class: 1829K(1856K)->1829K(1856K)
[363.619s][info][gc             ] GC(1275) Pause Young (Allocation Failure) 486M->379M(868M) 4.361ms
[363.619s][info][gc,cpu         ] GC(1275) User=0.01s Sys=0.00s Real=0.01s
[363.717s][info][gc,start       ] GC(1276) Pause Young (Allocation Failure)
[363.742s][info][gc,heap        ] GC(1276) PSYoungGen: 112800K(221696K)->10304K(218112K) Eden: 111616K(111616K)->0K(115200K) From: 1184K(110080K)->10304K(102912K)
[363.742s][info][gc,heap        ] GC(1276) ParOldGen: 386957K(667648K)->388133K(667648K)
[363.742s][info][gc,metaspace   ] GC(1276) Metaspace: 18844K(19008K)->18844K(19008K) NonClass: 17015K(17152K)->17015K(17152K) Class: 1829K(1856K)->1829K(1856K)
[363.742s][info][gc             ] GC(1276) Pause Young (Allocation Failure) 488M->389M(865M) 24.828ms
[363.742s][info][gc,cpu         ] GC(1276) User=0.05s Sys=0.00s Real=0.02s
[363.824s][info][gc,start       ] GC(1277) Pause Young (Allocation Failure)
[363.857s][info][gc,heap        ] GC(1277) PSYoungGen: 125504K(218112K)->12000K(220160K) Eden: 115200K(115200K)->0K(115200K) From: 10304K(102912K)->12000K(104960K)
[363.857s][info][gc,heap        ] GC(1277) ParOldGen: 388133K(667648K)->398413K(667648K)
[363.857s][info][gc,metaspace   ] GC(1277) Metaspace: 18844K(19008K)->18844K(19008K) NonClass: 17015K(17152K)->17015K(17152K) Class: 1829K(1856K)->1829K(1856K)
[363.857s][info][gc             ] GC(1277) Pause Young (Allocation Failure) 501M->400M(867M) 32.912ms
[363.857s][info][gc,cpu         ] GC(1277) User=0.07s Sys=0.00s Real=0.04s
[363.935s][info][gc,start       ] GC(1278) Pause Young (Allocation Failure)
[363.960s][info][gc,heap        ] GC(1278) PSYoungGen: 127200K(220160K)->8064K(224256K) Eden: 115200K(115200K)->0K(128512K) From: 12000K(104960K)->8064K(95744K)
[363.961s][info][gc,heap        ] GC(1278) ParOldGen: 398413K(667648K)->410421K(667648K)
[363.961s][info][gc,metaspace   ] GC(1278) Metaspace: 18845K(19008K)->18845K(19008K) NonClass: 17016K(17152K)->17016K(17152K) Class: 1829K(1856K)->1829K(1856K)
[363.961s][info][gc             ] GC(1278) Pause Young (Allocation Failure) 513M->408M(871M) 25.821ms
[363.961s][info][gc,cpu         ] GC(1278) User=0.05s Sys=0.00s Real=0.03s
[364.052s][info][gc,start       ] GC(1279) Pause Young (Allocation Failure)
[364.067s][info][gc,heap        ] GC(1279) PSYoungGen: 136576K(224256K)->1600K(225280K) Eden: 128512K(128512K)->0K(128512K) From: 8064K(95744K)->1600K(96768K)
[364.067s][info][gc,heap        ] GC(1279) ParOldGen: 410421K(667648K)->418509K(667648K)
[364.067s][info][gc,metaspace   ] GC(1279) Metaspace: 18846K(19008K)->18846K(19008K) NonClass: 17016K(17152K)->17016K(17152K) Class: 1829K(1856K)->1829K(1856K)
[364.067s][info][gc             ] GC(1279) Pause Young (Allocation Failure) 534M->410M(872M) 15.263ms
[364.067s][info][gc,cpu         ] GC(1279) User=0.03s Sys=0.01s Real=0.02s
[364.179s][info][gc,start       ] GC(1280) Pause Young (Allocation Failure)
[364.201s][info][gc,heap        ] GC(1280) PSYoungGen: 130112K(225280K)->16288K(226304K) Eden: 128512K(128512K)->0K(142848K) From: 1600K(96768K)->16288K(83456K)
[364.201s][info][gc,heap        ] GC(1280) ParOldGen: 418509K(667648K)->420077K(667648K)
[364.201s][info][gc,metaspace   ] GC(1280) Metaspace: 18846K(19008K)->18846K(19008K) NonClass: 17016K(17152K)->17016K(17152K) Class: 1829K(1856K)->1829K(1856K)
[364.201s][info][gc             ] GC(1280) Pause Young (Allocation Failure) 535M->426M(873M) 21.547ms
[364.201s][info][gc,cpu         ] GC(1280) User=0.05s Sys=0.00s Real=0.02s
[364.455s][info][gc,start       ] GC(1281) Pause Young (Allocation Failure)
[364.493s][info][gc,heap        ] GC(1281) PSYoungGen: 159136K(226304K)->15968K(230912K) Eden: 142848K(142848K)->0K(142848K) From: 16288K(83456K)->15968K(88064K)
[364.493s][info][gc,heap        ] GC(1281) ParOldGen: 420077K(667648K)->436389K(667648K)
[364.493s][info][gc,metaspace   ] GC(1281) Metaspace: 18846K(19008K)->18846K(19008K) NonClass: 17016K(17152K)->17016K(17152K) Class: 1829K(1856K)->1829K(1856K)
[364.493s][info][gc             ] GC(1281) Pause Young (Allocation Failure) 565M->441M(877M) 38.386ms
[364.494s][info][gc,cpu         ] GC(1281) User=0.07s Sys=0.00s Real=0.04s
[364.935s][info][gc,start       ] GC(1282) Pause Young (Allocation Failure)
[364.963s][info][gc,heap        ] GC(1282) PSYoungGen: 158816K(230912K)->3648K(232960K) Eden: 142848K(142848K)->0K(156672K) From: 15968K(88064K)->3648K(76288K)
[364.963s][info][gc,heap        ] GC(1282) ParOldGen: 436389K(667648K)->452362K(667648K)
[364.963s][info][gc,metaspace   ] GC(1282) Metaspace: 18853K(19008K)->18853K(19008K) NonClass: 17023K(17152K)->17023K(17152K) Class: 1829K(1856K)->1829K(1856K)
[364.963s][info][gc             ] GC(1282) Pause Young (Allocation Failure) 581M->445M(879M) 27.870ms
[364.963s][info][gc,cpu         ] GC(1282) User=0.05s Sys=0.00s Real=0.03s
[365.180s][info][gc,start       ] GC(1283) Pause Young (Allocation Failure)
[365.203s][info][gc,heap        ] GC(1283) PSYoungGen: 160320K(232960K)->20848K(237056K) Eden: 156672K(156672K)->0K(156672K) From: 3648K(76288K)->20848K(80384K)
[365.203s][info][gc,heap        ] GC(1283) ParOldGen: 452362K(667648K)->452362K(667648K)
[365.203s][info][gc,metaspace   ] GC(1283) Metaspace: 18853K(19008K)->18853K(19008K) NonClass: 17023K(17152K)->17023K(17152K) Class: 1829K(1856K)->1829K(1856K)
[365.203s][info][gc             ] GC(1283) Pause Young (Allocation Failure) 598M->462M(883M) 23.250ms
[365.203s][info][gc,cpu         ] GC(1283) User=0.05s Sys=0.00s Real=0.02s
[365.461s][info][gc,start       ] GC(1284) Pause Young (Allocation Failure)
[365.502s][info][gc,heap        ] GC(1284) PSYoungGen: 177520K(237056K)->43952K(241664K) Eden: 156672K(156672K)->0K(167424K) From: 20848K(80384K)->43952K(74240K)
[365.502s][info][gc,heap        ] GC(1284) ParOldGen: 452362K(667648K)->452362K(667648K)
[365.502s][info][gc,metaspace   ] GC(1284) Metaspace: 18855K(19008K)->18855K(19008K) NonClass: 17026K(17152K)->17026K(17152K) Class: 1829K(1856K)->1829K(1856K)
[365.502s][info][gc             ] GC(1284) Pause Young (Allocation Failure) 615M->484M(888M) 40.698ms
[365.502s][info][gc,cpu         ] GC(1284) User=0.08s Sys=0.00s Real=0.04s
[365.639s][info][gc,start       ] GC(1285) Pause Young (Allocation Failure)
[365.724s][info][gc,heap        ] GC(1285) PSYoungGen: 211376K(241664K)->77808K(245248K) Eden: 167424K(167424K)->0K(167424K) From: 43952K(74240K)->77808K(77824K)
[365.724s][info][gc,heap        ] GC(1285) ParOldGen: 452362K(667648K)->476202K(667648K)
[365.724s][info][gc,metaspace   ] GC(1285) Metaspace: 18855K(19008K)->18855K(19008K) NonClass: 17026K(17152K)->17026K(17152K) Class: 1829K(1856K)->1829K(1856K)
[365.724s][info][gc             ] GC(1285) Pause Young (Allocation Failure) 648M->541M(891M) 84.871ms
[365.724s][info][gc,cpu         ] GC(1285) User=0.17s Sys=0.00s Real=0.08s
[365.982s][info][gc,start       ] GC(1286) Pause Young (Allocation Failure)
[366.064s][info][gc,heap        ] GC(1286) PSYoungGen: 245232K(245248K)->64489K(208384K) Eden: 167424K(167424K)->0K(119808K) From: 77808K(77824K)->64489K(88576K)
[366.064s][info][gc,heap        ] GC(1286) ParOldGen: 476202K(667648K)->497143K(667648K)
[366.064s][info][gc,metaspace   ] GC(1286) Metaspace: 18855K(19008K)->18855K(19008K) NonClass: 17026K(17152K)->17026K(17152K) Class: 1829K(1856K)->1829K(1856K)
[366.064s][info][gc             ] GC(1286) Pause Young (Allocation Failure) 704M->548M(855M) 81.544ms
[366.064s][info][gc,cpu         ] GC(1286) User=0.16s Sys=0.00s Real=0.08s
[366.221s][info][gc,start       ] GC(1287) Pause Young (Allocation Failure)
[366.328s][info][gc,heap        ] GC(1287) PSYoungGen: 184297K(208384K)->41096K(226816K) Eden: 119808K(119808K)->0K(119808K) From: 64489K(88576K)->41096K(107008K)
[366.328s][info][gc,heap        ] GC(1287) ParOldGen: 497143K(667648K)->554763K(667648K)
[366.328s][info][gc,metaspace   ] GC(1287) Metaspace: 18855K(19008K)->18855K(19008K) NonClass: 17026K(17152K)->17026K(17152K) Class: 1829K(1856K)->1829K(1856K)
[366.328s][info][gc             ] GC(1287) Pause Young (Allocation Failure) 665M->581M(873M) 106.432ms
[366.328s][info][gc,cpu         ] GC(1287) User=0.21s Sys=0.00s Real=0.11s
[366.469s][info][gc,start       ] GC(1288) Pause Young (Allocation Failure)
[366.552s][info][gc,heap        ] GC(1288) PSYoungGen: 160904K(226816K)->20000K(213504K) Eden: 119808K(119808K)->0K(124928K) From: 41096K(107008K)->20000K(88576K)
[366.552s][info][gc,heap        ] GC(1288) ParOldGen: 554763K(667648K)->595938K(667648K)
[366.552s][info][gc,metaspace   ] GC(1288) Metaspace: 18855K(19008K)->18855K(19008K) NonClass: 17026K(17152K)->17026K(17152K) Class: 1829K(1856K)->1829K(1856K)
[366.552s][info][gc             ] GC(1288) Pause Young (Allocation Failure) 698M->601M(860M) 83.007ms
[366.552s][info][gc,cpu         ] GC(1288) User=0.16s Sys=0.00s Real=0.08s
[366.654s][info][gc,start       ] GC(1289) Pause Young (Allocation Failure)
[366.684s][info][gc,heap        ] GC(1289) PSYoungGen: 144928K(213504K)->4288K(222720K) Eden: 124928K(124928K)->0K(124928K) From: 20000K(88576K)->4288K(97792K)
[366.685s][info][gc,heap        ] GC(1289) ParOldGen: 595938K(667648K)->616002K(667648K)
[366.685s][info][gc,metaspace   ] GC(1289) Metaspace: 18855K(19008K)->18855K(19008K) NonClass: 17026K(17152K)->17026K(17152K) Class: 1829K(1856K)->1829K(1856K)
[366.685s][info][gc             ] GC(1289) Pause Young (Allocation Failure) 723M->605M(869M) 30.877ms
[366.685s][info][gc,cpu         ] GC(1289) User=0.05s Sys=0.00s Real=0.03s
[366.828s][info][gc,start       ] GC(1290) Pause Full (Allocation Failure)
[366.829s][info][gc,phases,start] GC(1290) Marking Phase
[367.115s][info][gc,phases      ] GC(1290) Marking Phase 286.604ms
[367.115s][info][gc,phases,start] GC(1290) Summary Phase
[367.115s][info][gc,phases      ] GC(1290) Summary Phase 0.029ms
[367.115s][info][gc,phases,start] GC(1290) Forward
[367.203s][info][gc,phases      ] GC(1290) Forward 88.113ms
[367.203s][info][gc,phases,start] GC(1290) Adjust Pointers
[367.431s][info][gc,phases      ] GC(1290) Adjust Pointers 227.841ms
[367.431s][info][gc,phases,start] GC(1290) Compaction Phase
[367.560s][info][gc,phases      ] GC(1290) Compaction Phase 128.939ms
[367.567s][info][gc,phases,start] GC(1290) Post Compact
[367.569s][info][gc,phases      ] GC(1290) Post Compact 2.255ms
[367.569s][info][gc,heap        ] GC(1290) PSYoungGen: 129216K(222720K)->0K(235520K) Eden: 124928K(124928K)->0K(139776K) From: 4288K(97792K)->0K(95744K)
[367.569s][info][gc,heap        ] GC(1290) ParOldGen: 616002K(667648K)->375770K(665088K)
[367.569s][info][gc,metaspace   ] GC(1290) Metaspace: 18855K(19008K)->18855K(19008K) NonClass: 17026K(17152K)->17026K(17152K) Class: 1829K(1856K)->1829K(1856K)
[367.569s][info][gc             ] GC(1290) Pause Full (Allocation Failure) 727M->366M(879M) 740.772ms
[367.569s][info][gc,cpu         ] GC(1290) User=1.40s Sys=0.00s Real=0.74s
[367.728s][info][gc,start       ] GC(1291) Pause Young (Allocation Failure)
[367.744s][info][gc,heap        ] GC(1291) PSYoungGen: 139776K(235520K)->4224K(236032K) Eden: 139776K(139776K)->0K(139776K) From: 0K(95744K)->4224K(96256K)
[367.744s][info][gc,heap        ] GC(1291) ParOldGen: 375770K(665088K)->375770K(665088K)
[367.744s][info][gc,metaspace   ] GC(1291) Metaspace: 18855K(19008K)->18855K(19008K) NonClass: 17026K(17152K)->17026K(17152K) Class: 1829K(1856K)->1829K(1856K)
[367.744s][info][gc             ] GC(1291) Pause Young (Allocation Failure) 503M->371M(880M) 16.153ms
[367.744s][info][gc,cpu         ] GC(1291) User=0.03s Sys=0.00s Real=0.01s
[367.907s][info][gc,start       ] GC(1292) Pause Young (Allocation Failure)
[367.929s][info][gc,heap        ] GC(1292) PSYoungGen: 144000K(236032K)->14976K(230912K) Eden: 139776K(139776K)->0K(143360K) From: 4224K(96256K)->14976K(87552K)
[367.929s][info][gc,heap        ] GC(1292) ParOldGen: 375770K(665088K)->379978K(665088K)
[367.929s][info][gc,metaspace   ] GC(1292) Metaspace: 18855K(19008K)->18855K(19008K) NonClass: 17026K(17152K)->17026K(17152K) Class: 1829K(1856K)->1829K(1856K)
[367.929s][info][gc             ] GC(1292) Pause Young (Allocation Failure) 507M->385M(875M) 22.465ms
[367.929s][info][gc,cpu         ] GC(1292) User=0.05s Sys=0.00s Real=0.02s
[368.060s][info][gc,start       ] GC(1293) Pause Young (Allocation Failure)
[368.117s][info][gc,heap        ] GC(1293) PSYoungGen: 158336K(230912K)->51186K(233472K) Eden: 143360K(143360K)->0K(143360K) From: 14976K(87552K)->51186K(90112K)
[368.117s][info][gc,heap        ] GC(1293) ParOldGen: 379978K(665088K)->394970K(665088K)
[368.117s][info][gc,metaspace   ] GC(1293) Metaspace: 18855K(19008K)->18855K(19008K) NonClass: 17026K(17152K)->17026K(17152K) Class: 1829K(1856K)->1829K(1856K)
[368.117s][info][gc             ] GC(1293) Pause Young (Allocation Failure) 525M->435M(877M) 57.659ms
[368.118s][info][gc,cpu         ] GC(1293) User=0.12s Sys=0.00s Real=0.06s
[368.245s][info][gc,start       ] GC(1294) Pause Young (Allocation Failure)
[368.320s][info][gc,heap        ] GC(1294) PSYoungGen: 194546K(233472K)->44560K(241664K) Eden: 143360K(143360K)->0K(148992K) From: 51186K(90112K)->44560K(92672K)
[368.320s][info][gc,heap        ] GC(1294) ParOldGen: 394970K(665088K)->446680K(665088K)
[368.320s][info][gc,metaspace   ] GC(1294) Metaspace: 18855K(19008K)->18855K(19008K) NonClass: 17026K(17152K)->17026K(17152K) Class: 1829K(1856K)->1829K(1856K)
[368.320s][info][gc             ] GC(1294) Pause Young (Allocation Failure) 575M->479M(885M) 74.998ms
[368.320s][info][gc,cpu         ] GC(1294) User=0.15s Sys=0.00s Real=0.08s
[368.604s][info][gc,start       ] GC(1295) Pause Young (Allocation Failure)
[368.680s][info][gc,heap        ] GC(1295) PSYoungGen: 193552K(241664K)->20544K(169984K) Eden: 148992K(148992K)->0K(148992K) From: 44560K(92672K)->20544K(20992K)
[368.681s][info][gc,heap        ] GC(1295) ParOldGen: 446680K(665088K)->491693K(665088K)
[368.681s][info][gc,metaspace   ] GC(1295) Metaspace: 18855K(19008K)->18855K(19008K) NonClass: 17026K(17152K)->17026K(17152K) Class: 1829K(1856K)->1829K(1856K)
[368.681s][info][gc             ] GC(1295) Pause Young (Allocation Failure) 625M->500M(815M) 76.161ms
[368.681s][info][gc,cpu         ] GC(1295) User=0.15s Sys=0.00s Real=0.08s
[368.848s][info][gc,start       ] GC(1296) Pause Young (Allocation Failure)
[368.915s][info][gc,heap        ] GC(1296) PSYoungGen: 169536K(169984K)->29408K(242176K) Eden: 148992K(148992K)->0K(154624K) From: 20544K(20992K)->29408K(87552K)
[368.915s][info][gc,heap        ] GC(1296) ParOldGen: 491693K(665088K)->512269K(665088K)
[368.915s][info][gc,metaspace   ] GC(1296) Metaspace: 18855K(19008K)->18855K(19008K) NonClass: 17026K(17152K)->17026K(17152K) Class: 1829K(1856K)->1829K(1856K)
[368.915s][info][gc             ] GC(1296) Pause Young (Allocation Failure) 645M->528M(886M) 66.800ms
[368.915s][info][gc,cpu         ] GC(1296) User=0.14s Sys=0.00s Real=0.06s
[369.076s][info][gc,start       ] GC(1297) Pause Young (Allocation Failure)
[369.125s][info][gc,heap        ] GC(1297) PSYoungGen: 184032K(242176K)->15328K(236544K) Eden: 154624K(154624K)->0K(154624K) From: 29408K(87552K)->15328K(81920K)
[369.125s][info][gc,heap        ] GC(1297) ParOldGen: 512269K(665088K)->541501K(665088K)
[369.125s][info][gc,metaspace   ] GC(1297) Metaspace: 18855K(19008K)->18855K(19008K) NonClass: 17026K(17152K)->17026K(17152K) Class: 1829K(1856K)->1829K(1856K)
[369.125s][info][gc             ] GC(1297) Pause Young (Allocation Failure) 679M->543M(880M) 48.745ms
[369.125s][info][gc,cpu         ] GC(1297) User=0.10s Sys=0.00s Real=0.04s
[369.286s][info][gc,start       ] GC(1298) Pause Young (Allocation Failure)
[369.310s][info][gc,heap        ] GC(1298) PSYoungGen: 169952K(236544K)->864K(244224K) Eden: 154624K(154624K)->0K(164864K) From: 15328K(81920K)->864K(79360K)
[369.310s][info][gc,heap        ] GC(1298) ParOldGen: 541501K(665088K)->556877K(665088K)
[369.310s][info][gc,metaspace   ] GC(1298) Metaspace: 18855K(19008K)->18855K(19008K) NonClass: 17026K(17152K)->17026K(17152K) Class: 1829K(1856K)->1829K(1856K)
[369.310s][info][gc             ] GC(1298) Pause Young (Allocation Failure) 694M->544M(888M) 24.372ms
[369.310s][info][gc,cpu         ] GC(1298) User=0.05s Sys=0.00s Real=0.03s
[369.485s][info][gc,start       ] GC(1299) Pause Young (Allocation Failure)
[369.497s][info][gc,heap        ] GC(1299) PSYoungGen: 165728K(244224K)->4192K(243712K) Eden: 164864K(164864K)->0K(164864K) From: 864K(79360K)->4192K(78848K)
[369.498s][info][gc,heap        ] GC(1299) ParOldGen: 556877K(665088K)->557725K(665088K)
[369.498s][info][gc,metaspace   ] GC(1299) Metaspace: 18855K(19008K)->18855K(19008K) NonClass: 17026K(17152K)->17026K(17152K) Class: 1829K(1856K)->1829K(1856K)
[369.498s][info][gc             ] GC(1299) Pause Young (Allocation Failure) 705M->548M(887M) 12.926ms
[369.498s][info][gc,cpu         ] GC(1299) User=0.03s Sys=0.00s Real=0.02s
[369.820s][info][gc,start       ] GC(1300) Pause Young (Allocation Failure)
[369.846s][info][gc,heap        ] GC(1300) PSYoungGen: 169056K(243712K)->15920K(249344K) Eden: 164864K(164864K)->0K(178176K) From: 4192K(78848K)->15920K(71168K)
[369.846s][info][gc,heap        ] GC(1300) ParOldGen: 557725K(665088K)->561901K(665088K)
[369.846s][info][gc,metaspace   ] GC(1300) Metaspace: 18855K(19008K)->18855K(19008K) NonClass: 17026K(17152K)->17026K(17152K) Class: 1829K(1856K)->1829K(1856K)
[369.846s][info][gc             ] GC(1300) Pause Young (Allocation Failure) 709M->564M(893M) 25.595ms
[369.846s][info][gc,cpu         ] GC(1300) User=0.05s Sys=0.00s Real=0.02s
[370.308s][info][gc,start       ] GC(1301) Pause Young (Allocation Failure)
[370.341s][info][gc,heap        ] GC(1301) PSYoungGen: 194096K(249344K)->28624K(250880K) Eden: 178176K(178176K)->0K(178176K) From: 15920K(71168K)->28624K(72704K)
[370.341s][info][gc,heap        ] GC(1301) ParOldGen: 561901K(665088K)->561901K(665088K)
[370.341s][info][gc,metaspace   ] GC(1301) Metaspace: 18855K(19008K)->18855K(19008K) NonClass: 17026K(17152K)->17026K(17152K) Class: 1829K(1856K)->1829K(1856K)
[370.341s][info][gc             ] GC(1301) Pause Young (Allocation Failure) 738M->576M(894M) 33.241ms
[370.341s][info][gc,cpu         ] GC(1301) User=0.06s Sys=0.00s Real=0.03s
[370.807s][info][gc,start       ] GC(1302) Pause Young (Allocation Failure)
[370.838s][info][gc,heap        ] GC(1302) PSYoungGen: 206800K(250880K)->28672K(257024K) Eden: 178176K(178176K)->0K(190976K) From: 28624K(72704K)->28672K(66048K)
[370.838s][info][gc,heap        ] GC(1302) ParOldGen: 561901K(665088K)->561901K(665088K)
[370.838s][info][gc,metaspace   ] GC(1302) Metaspace: 18855K(19008K)->18855K(19008K) NonClass: 17026K(17152K)->17026K(17152K) Class: 1829K(1856K)->1829K(1856K)
[370.838s][info][gc             ] GC(1302) Pause Young (Allocation Failure) 750M->576M(900M) 31.113ms
[370.838s][info][gc,cpu         ] GC(1302) User=0.06s Sys=0.00s Real=0.03s
[371.300s][info][gc,start       ] GC(1303) Pause Young (Allocation Failure)
[371.332s][info][gc,heap        ] GC(1303) PSYoungGen: 219648K(257024K)->28688K(258560K) Eden: 190976K(190976K)->0K(190976K) From: 28672K(66048K)->28688K(67584K)
[371.332s][info][gc,heap        ] GC(1303) ParOldGen: 561901K(665088K)->561901K(665088K)
[371.332s][info][gc,metaspace   ] GC(1303) Metaspace: 18855K(19008K)->18855K(19008K) NonClass: 17026K(17152K)->17026K(17152K) Class: 1829K(1856K)->1829K(1856K)
[371.332s][info][gc             ] GC(1303) Pause Young (Allocation Failure) 763M->576M(902M) 31.564ms
[371.332s][info][gc,cpu         ] GC(1303) User=0.06s Sys=0.00s Real=0.03s
[371.775s][info][gc,start       ] GC(1304) Pause Young (Allocation Failure)
[371.817s][info][gc,heap        ] GC(1304) PSYoungGen: 219664K(258560K)->30048K(263168K) Eden: 190976K(190976K)->0K(201216K) From: 28688K(67584K)->30048K(61952K)
[371.817s][info][gc,heap        ] GC(1304) ParOldGen: 561901K(665088K)->561901K(665088K)
[371.817s][info][gc,metaspace   ] GC(1304) Metaspace: 18855K(19008K)->18855K(19008K) NonClass: 17026K(17152K)->17026K(17152K) Class: 1829K(1856K)->1829K(1856K)
[371.817s][info][gc             ] GC(1304) Pause Young (Allocation Failure) 763M->578M(906M) 42.339ms
[371.818s][info][gc,cpu         ] GC(1304) User=0.08s Sys=0.01s Real=0.05s
[371.941s][info][gc,start       ] GC(1305) Pause Young (Allocation Failure)
[372.043s][info][gc,heap        ] GC(1305) PSYoungGen: 231264K(263168K)->62960K(264192K) Eden: 201216K(201216K)->0K(201216K) From: 30048K(61952K)->62960K(62976K)
[372.043s][info][gc,heap        ] GC(1305) ParOldGen: 561901K(665088K)->603805K(665088K)
[372.043s][info][gc,metaspace   ] GC(1305) Metaspace: 18855K(19008K)->18855K(19008K) NonClass: 17026K(17152K)->17026K(17152K) Class: 1829K(1856K)->1829K(1856K)
[372.043s][info][gc             ] GC(1305) Pause Young (Allocation Failure) 774M->651M(907M) 102.264ms
[372.043s][info][gc,cpu         ] GC(1305) User=0.20s Sys=0.00s Real=0.10s
[372.424s][info][gc,start       ] GC(1306) Pause Young (Allocation Failure)
[372.519s][info][gc,heap        ] GC(1306) PSYoungGen: 264176K(264192K)->52656K(222208K) Eden: 201216K(201216K)->0K(152576K) From: 62960K(62976K)->52656K(69632K)
[372.519s][info][gc,heap        ] GC(1306) ParOldGen: 603805K(665088K)->632517K(665088K)
[372.519s][info][gc,metaspace   ] GC(1306) Metaspace: 18855K(19008K)->18855K(19008K) NonClass: 17026K(17152K)->17026K(17152K) Class: 1829K(1856K)->1829K(1856K)
[372.519s][info][gc             ] GC(1306) Pause Young (Allocation Failure) 847M->669M(866M) 95.094ms
[372.519s][info][gc,cpu         ] GC(1306) User=0.19s Sys=0.00s Real=0.10s
[372.707s][info][gc,start       ] GC(1307) Pause Full (Allocation Failure)
[372.707s][info][gc,phases,start] GC(1307) Marking Phase
[373.226s][info][gc,phases      ] GC(1307) Marking Phase 518.374ms
[373.226s][info][gc,phases,start] GC(1307) Summary Phase
[373.226s][info][gc,phases      ] GC(1307) Summary Phase 0.030ms
[373.226s][info][gc,phases,start] GC(1307) Forward
[373.324s][info][gc,phases      ] GC(1307) Forward 97.754ms
[373.324s][info][gc,phases,start] GC(1307) Adjust Pointers
[373.729s][info][gc,phases      ] GC(1307) Adjust Pointers 404.800ms
[373.729s][info][gc,phases,start] GC(1307) Compaction Phase
[373.936s][info][gc,phases      ] GC(1307) Compaction Phase 207.780ms
[373.945s][info][gc,phases,start] GC(1307) Post Compact
[373.947s][info][gc,phases      ] GC(1307) Post Compact 2.446ms
[373.947s][info][gc,heap        ] GC(1307) PSYoungGen: 205232K(222208K)->28499K(222208K) Eden: 152576K(152576K)->0K(152576K) From: 52656K(69632K)->28499K(69632K)
[373.947s][info][gc,heap        ] GC(1307) ParOldGen: 632517K(665088K)->665049K(667648K)
[373.947s][info][gc,metaspace   ] GC(1307) Metaspace: 18855K(19008K)->18855K(19008K) NonClass: 17026K(17152K)->17026K(17152K) Class: 1829K(1856K)->1829K(1856K)
[373.947s][info][gc             ] GC(1307) Pause Full (Allocation Failure) 818M->677M(869M) 1240.060ms
[373.947s][info][gc,cpu         ] GC(1307) User=2.41s Sys=0.00s Real=1.24s
[374.114s][info][gc,start       ] GC(1308) Pause Full (Allocation Failure)
[374.114s][info][gc,phases,start] GC(1308) Marking Phase
[374.652s][info][gc,phases      ] GC(1308) Marking Phase 537.863ms
[374.652s][info][gc,phases,start] GC(1308) Summary Phase
[374.652s][info][gc,phases      ] GC(1308) Summary Phase 0.029ms
[374.652s][info][gc,phases,start] GC(1308) Forward
[374.791s][info][gc,phases      ] GC(1308) Forward 138.133ms
[374.791s][info][gc,phases,start] GC(1308) Adjust Pointers
[375.207s][info][gc,phases      ] GC(1308) Adjust Pointers 415.858ms
[375.207s][info][gc,phases,start] GC(1308) Compaction Phase
[375.431s][info][gc,phases      ] GC(1308) Compaction Phase 224.261ms
[375.444s][info][gc,phases,start] GC(1308) Post Compact
[375.447s][info][metaspace      ] ChkMgr @0x00007f1b3803aaf0 (non-class-space): : reclaiming memory...
[375.447s][info][metaspace      ] ChkMgr @0x00007f1b3803aaf0 (non-class-space): nothing reclaimed.
[375.447s][info][metaspace      ] ChkMgr @0x00007f1b3803a900 (class-space): : reclaiming memory...
[375.447s][info][metaspace      ] ChkMgr @0x00007f1b3803a900 (class-space): nothing reclaimed.
[375.447s][info][gc,phases      ] GC(1308) Post Compact 2.634ms
[375.447s][info][gc,heap        ] GC(1308) PSYoungGen: 181075K(222208K)->9043K(222208K) Eden: 152576K(152576K)->0K(152576K) From: 28499K(69632K)->9043K(69632K)
[375.447s][info][gc,heap        ] GC(1308) ParOldGen: 665049K(667648K)->667225K(667648K)
[375.447s][info][gc,metaspace   ] GC(1308) Metaspace: 18855K(19008K)->18833K(19008K) NonClass: 17026K(17152K)->17003K(17152K) Class: 1829K(1856K)->1829K(1856K)
[375.447s][info][gc             ] GC(1308) Pause Full (Allocation Failure) 826M->660M(869M) 1332.590ms
[375.447s][info][gc,cpu         ] GC(1308) User=2.59s Sys=0.01s Real=1.34s
[375.586s][info][gc,start       ] GC(1309) Pause Full (Allocation Failure)
[375.586s][info][gc,phases,start] GC(1309) Marking Phase
[376.120s][info][gc,phases      ] GC(1309) Marking Phase 534.574ms
[376.120s][info][gc,phases,start] GC(1309) Summary Phase
[376.120s][info][gc,phases      ] GC(1309) Summary Phase 0.026ms
[376.120s][info][gc,phases,start] GC(1309) Forward
[376.126s][info][gc,phases      ] GC(1309) Forward 5.675ms
[376.126s][info][gc,phases,start] GC(1309) Adjust Pointers
[376.489s][info][gc,phases      ] GC(1309) Adjust Pointers 363.415ms
[376.489s][info][gc,phases,start] GC(1309) Compaction Phase
[376.634s][info][gc,phases      ] GC(1309) Compaction Phase 144.182ms
[376.635s][info][gc,phases,start] GC(1309) Post Compact
[376.637s][info][gc,phases      ] GC(1309) Post Compact 2.466ms
[376.637s][info][gc,heap        ] GC(1309) PSYoungGen: 161619K(222208K)->9393K(243200K) Eden: 152576K(152576K)->9393K(152576K) From: 9043K(69632K)->0K(90624K)
[376.637s][info][gc,heap        ] GC(1309) ParOldGen: 667225K(667648K)->667567K(667648K)
[376.637s][info][gc,metaspace   ] GC(1309) Metaspace: 18833K(19008K)->18833K(19008K) NonClass: 17003K(17152K)->17003K(17152K) Class: 1829K(1856K)->1829K(1856K)
[376.637s][info][gc             ] GC(1309) Pause Full (Allocation Failure) 809M->661M(889M) 1051.729ms
[376.637s][info][gc,cpu         ] GC(1309) User=2.06s Sys=0.00s Real=1.06s
[376.794s][info][gc,start       ] GC(1310) Pause Full (Allocation Failure)
[376.794s][info][gc,phases,start] GC(1310) Marking Phase
[377.199s][info][gc,phases      ] GC(1310) Marking Phase 405.599ms
[377.199s][info][gc,phases,start] GC(1310) Summary Phase
[377.200s][info][gc,phases      ] GC(1310) Summary Phase 0.034ms
[377.200s][info][gc,phases,start] GC(1310) Forward
[377.322s][info][gc,phases      ] GC(1310) Forward 122.442ms
[377.322s][info][gc,phases,start] GC(1310) Adjust Pointers
[377.638s][info][gc,phases      ] GC(1310) Adjust Pointers 316.052ms
[377.638s][info][gc,phases,start] GC(1310) Compaction Phase
[377.865s][info][gc,phases      ] GC(1310) Compaction Phase 226.820ms
[377.877s][info][gc,phases,start] GC(1310) Post Compact
[377.879s][info][gc,phases      ] GC(1310) Post Compact 2.441ms
[377.879s][info][gc,heap        ] GC(1310) PSYoungGen: 152576K(243200K)->0K(222208K) Eden: 152576K(152576K)->0K(152576K) From: 0K(90624K)->0K(69632K)
[377.879s][info][gc,heap        ] GC(1310) ParOldGen: 667567K(667648K)->549217K(667648K)
[377.879s][info][gc,metaspace   ] GC(1310) Metaspace: 18833K(19008K)->18833K(19008K) NonClass: 17003K(17152K)->17003K(17152K) Class: 1829K(1856K)->1829K(1856K)
[377.879s][info][gc             ] GC(1310) Pause Full (Allocation Failure) 800M->536M(869M) 1085.360ms
[377.879s][info][gc,cpu         ] GC(1310) User=2.07s Sys=0.00s Real=1.09s
[378.062s][info][gc,start       ] GC(1311) Pause Young (Allocation Failure)
[378.076s][info][gc,heap        ] GC(1311) PSYoungGen: 152576K(222208K)->10144K(243200K) Eden: 152576K(152576K)->0K(152576K) From: 0K(69632K)->10144K(90624K)
[378.076s][info][gc,heap        ] GC(1311) ParOldGen: 549217K(667648K)->549217K(667648K)
[378.076s][info][gc,metaspace   ] GC(1311) Metaspace: 18833K(19008K)->18833K(19008K) NonClass: 17003K(17152K)->17003K(17152K) Class: 1829K(1856K)->1829K(1856K)
[378.076s][info][gc             ] GC(1311) Pause Young (Allocation Failure) 685M->546M(889M) 13.384ms
[378.076s][info][gc,cpu         ] GC(1311) User=0.02s Sys=0.00s Real=0.01s
[378.279s][info][gc,start       ] GC(1312) Pause Young (Allocation Failure)
[378.320s][info][gc,heap        ] GC(1312) PSYoungGen: 162720K(243200K)->35211K(232448K) Eden: 152576K(152576K)->0K(154112K) From: 10144K(90624K)->35211K(78336K)
[378.320s][info][gc,heap        ] GC(1312) ParOldGen: 549217K(667648K)->549217K(667648K)
[378.320s][info][gc,metaspace   ] GC(1312) Metaspace: 18834K(19008K)->18834K(19008K) NonClass: 17005K(17152K)->17005K(17152K) Class: 1829K(1856K)->1829K(1856K)
[378.320s][info][gc             ] GC(1312) Pause Young (Allocation Failure) 695M->570M(879M) 40.693ms
[378.320s][info][gc,cpu         ] GC(1312) User=0.08s Sys=0.00s Real=0.04s
[378.544s][info][gc,start       ] GC(1313) Pause Young (Allocation Failure)
[378.580s][info][gc,heap        ] GC(1313) PSYoungGen: 189323K(232448K)->34027K(238592K) Eden: 154112K(154112K)->0K(154112K) From: 35211K(78336K)->34027K(84480K)
[378.580s][info][gc,heap        ] GC(1313) ParOldGen: 549217K(667648K)->549217K(667648K)
[378.580s][info][gc,metaspace   ] GC(1313) Metaspace: 18838K(19008K)->18838K(19008K) NonClass: 17009K(17152K)->17009K(17152K) Class: 1829K(1856K)->1829K(1856K)
[378.580s][info][gc             ] GC(1313) Pause Young (Allocation Failure) 721M->569M(885M) 36.273ms
[378.580s][info][gc,cpu         ] GC(1313) User=0.07s Sys=0.00s Real=0.04s
[378.780s][info][gc,start       ] GC(1314) Pause Young (Allocation Failure)
[378.838s][info][gc,heap        ] GC(1314) PSYoungGen: 188139K(238592K)->60044K(235008K) Eden: 154112K(154112K)->0K(155136K) From: 34027K(84480K)->60044K(79872K)
[378.838s][info][gc,heap        ] GC(1314) ParOldGen: 549217K(667648K)->549217K(667648K)
[378.838s][info][gc,metaspace   ] GC(1314) Metaspace: 18839K(19008K)->18839K(19008K) NonClass: 17010K(17152K)->17010K(17152K) Class: 1829K(1856K)->1829K(1856K)
[378.838s][info][gc             ] GC(1314) Pause Young (Allocation Failure) 720M->594M(881M) 58.891ms
[378.839s][info][gc,cpu         ] GC(1314) User=0.12s Sys=0.00s Real=0.06s
[379.016s][info][gc,start       ] GC(1315) Pause Young (Allocation Failure)
[379.087s][info][gc,heap        ] GC(1315) PSYoungGen: 215180K(235008K)->69915K(240640K) Eden: 155136K(155136K)->0K(155136K) From: 60044K(79872K)->69915K(85504K)
[379.087s][info][gc,heap        ] GC(1315) ParOldGen: 549217K(667648K)->549217K(667648K)
[379.087s][info][gc,metaspace   ] GC(1315) Metaspace: 18839K(19008K)->18839K(19008K) NonClass: 17010K(17152K)->17010K(17152K) Class: 1829K(1856K)->1829K(1856K)
[379.087s][info][gc             ] GC(1315) Pause Young (Allocation Failure) 746M->604M(887M) 70.902ms
[379.087s][info][gc,cpu         ] GC(1315) User=0.14s Sys=0.00s Real=0.08s
[379.424s][info][gc,start       ] GC(1316) Pause Young (Allocation Failure)
[379.498s][info][gc,heap        ] GC(1316) PSYoungGen: 225051K(240640K)->73275K(226304K) Eden: 155136K(155136K)->0K(133120K) From: 69915K(85504K)->73275K(93184K)
[379.498s][info][gc,heap        ] GC(1316) ParOldGen: 549217K(667648K)->549217K(667648K)
[379.498s][info][gc,metaspace   ] GC(1316) Metaspace: 18839K(19008K)->18839K(19008K) NonClass: 17010K(17152K)->17010K(17152K) Class: 1829K(1856K)->1829K(1856K)
[379.498s][info][gc             ] GC(1316) Pause Young (Allocation Failure) 756M->607M(873M) 73.876ms
[379.498s][info][gc,cpu         ] GC(1316) User=0.15s Sys=0.00s Real=0.08s
[379.766s][info][gc,start       ] GC(1317) Pause Young (Allocation Failure)
[379.844s][info][gc,heap        ] GC(1317) PSYoungGen: 206395K(226304K)->77852K(211456K) Eden: 133120K(133120K)->0K(133120K) From: 73275K(93184K)->77852K(78336K)
[379.844s][info][gc,heap        ] GC(1317) ParOldGen: 549217K(667648K)->549217K(667648K)
[379.844s][info][gc,metaspace   ] GC(1317) Metaspace: 18839K(19008K)->18839K(19008K) NonClass: 17010K(17152K)->17010K(17152K) Class: 1829K(1856K)->1829K(1856K)
[379.844s][info][gc             ] GC(1317) Pause Young (Allocation Failure) 737M->612M(858M) 78.241ms
[379.844s][info][gc,cpu         ] GC(1317) User=0.15s Sys=0.00s Real=0.08s
[380.002s][info][gc,start       ] GC(1318) Pause Young (Allocation Failure)
[380.092s][info][gc,heap        ] GC(1318) PSYoungGen: 210972K(211456K)->90092K(219648K) Eden: 133120K(133120K)->0K(111616K) From: 77852K(78336K)->90092K(108032K)
[380.092s][info][gc,heap        ] GC(1318) ParOldGen: 549217K(667648K)->549217K(667648K)
[380.092s][info][gc,metaspace   ] GC(1318) Metaspace: 18839K(19008K)->18839K(19008K) NonClass: 17010K(17152K)->17010K(17152K) Class: 1829K(1856K)->1829K(1856K)
[380.092s][info][gc             ] GC(1318) Pause Young (Allocation Failure) 742M->624M(866M) 89.572ms
[380.092s][info][gc,cpu         ] GC(1318) User=0.18s Sys=0.00s Real=0.09s
[380.210s][info][gc,start       ] GC(1319) Pause Young (Allocation Failure)
[380.279s][info][gc,heap        ] GC(1319) PSYoungGen: 201708K(219648K)->74892K(222720K) Eden: 111616K(111616K)->0K(111616K) From: 90092K(108032K)->74892K(111104K)
[380.279s][info][gc,heap        ] GC(1319) ParOldGen: 549217K(667648K)->549217K(667648K)
[380.279s][info][gc,metaspace   ] GC(1319) Metaspace: 18839K(19008K)->18839K(19008K) NonClass: 17010K(17152K)->17010K(17152K) Class: 1829K(1856K)->1829K(1856K)
[380.279s][info][gc             ] GC(1319) Pause Young (Allocation Failure) 733M->609M(869M) 68.989ms
[380.279s][info][gc,cpu         ] GC(1319) User=0.13s Sys=0.00s Real=0.07s
[380.341s][info][gc,start       ] GC(1320) Pause Young (Allocation Failure)
[380.448s][info][gc,heap        ] GC(1320) PSYoungGen: 186508K(222720K)->111100K(222720K) Eden: 111616K(111616K)->0K(111616K) From: 74892K(111104K)->111100K(111104K)
[380.448s][info][gc,heap        ] GC(1320) ParOldGen: 549217K(667648K)->554641K(667648K)
[380.448s][info][gc,metaspace   ] GC(1320) Metaspace: 18839K(19008K)->18839K(19008K) NonClass: 17010K(17152K)->17010K(17152K) Class: 1829K(1856K)->1829K(1856K)
[380.448s][info][gc             ] GC(1320) Pause Young (Allocation Failure) 718M->650M(869M) 107.270ms
[380.448s][info][gc,cpu         ] GC(1320) User=0.20s Sys=0.01s Real=0.11s
[380.643s][info][gc,start       ] GC(1321) Pause Young (Allocation Failure)
[380.758s][info][gc,heap        ] GC(1321) PSYoungGen: 222716K(222720K)->89360K(222720K) Eden: 111616K(111616K)->0K(111616K) From: 111100K(111104K)->89360K(111104K)
[380.758s][info][gc,heap        ] GC(1321) ParOldGen: 554641K(667648K)->588325K(667648K)
[380.758s][info][gc,metaspace   ] GC(1321) Metaspace: 18839K(19008K)->18839K(19008K) NonClass: 17010K(17152K)->17010K(17152K) Class: 1829K(1856K)->1829K(1856K)
[380.758s][info][gc             ] GC(1321) Pause Young (Allocation Failure) 759M->661M(869M) 115.057ms
[380.758s][info][gc,cpu         ] GC(1321) User=0.23s Sys=0.00s Real=0.12s
[380.937s][info][gc,start       ] GC(1322) Pause Young (Allocation Failure)
[381.013s][info][gc,heap        ] GC(1322) PSYoungGen: 200976K(222720K)->84976K(222720K) Eden: 111616K(111616K)->0K(111616K) From: 89360K(111104K)->84976K(111104K)
[381.013s][info][gc,heap        ] GC(1322) ParOldGen: 588325K(667648K)->588509K(667648K)
[381.013s][info][gc,metaspace   ] GC(1322) Metaspace: 18839K(19008K)->18839K(19008K) NonClass: 17010K(17152K)->17010K(17152K) Class: 1829K(1856K)->1829K(1856K)
[381.013s][info][gc             ] GC(1322) Pause Young (Allocation Failure) 770M->657M(869M) 76.357ms
[381.013s][info][gc,cpu         ] GC(1322) User=0.15s Sys=0.00s Real=0.07s
[381.169s][info][gc,start       ] GC(1323) Pause Young (Allocation Failure)
[381.278s][info][gc,heap        ] GC(1323) PSYoungGen: 196592K(222720K)->110880K(222720K) Eden: 111616K(111616K)->0K(111616K) From: 84976K(111104K)->110880K(111104K)
[381.278s][info][gc,heap        ] GC(1323) ParOldGen: 588509K(667648K)->588733K(667648K)
[381.278s][info][gc,metaspace   ] GC(1323) Metaspace: 18839K(19008K)->18839K(19008K) NonClass: 17010K(17152K)->17010K(17152K) Class: 1829K(1856K)->1829K(1856K)
[381.278s][info][gc             ] GC(1323) Pause Young (Allocation Failure) 766M->683M(869M) 109.121ms
[381.278s][info][gc,cpu         ] GC(1323) User=0.21s Sys=0.00s Real=0.11s
[381.422s][info][gc,start       ] GC(1324) Pause Young (Allocation Failure)
[381.557s][info][gc,heap        ] GC(1324) PSYoungGen: 222496K(222720K)->111072K(222720K) Eden: 111616K(111616K)->0K(111616K) From: 110880K(111104K)->111072K(111104K)
[381.557s][info][gc,heap        ] GC(1324) ParOldGen: 588733K(667648K)->608957K(667648K)
[381.557s][info][gc,metaspace   ] GC(1324) Metaspace: 18839K(19008K)->18839K(19008K) NonClass: 17010K(17152K)->17010K(17152K) Class: 1829K(1856K)->1829K(1856K)
[381.557s][info][gc             ] GC(1324) Pause Young (Allocation Failure) 792M->703M(869M) 135.157ms
[381.557s][info][gc,cpu         ] GC(1324) User=0.27s Sys=0.00s Real=0.14s
[381.661s][info][gc,start       ] GC(1325) Pause Young (Allocation Failure)
[381.790s][info][gc,promotion   ] GC(1325) Promotion failed
[381.790s][info][gc,heap        ] GC(1325) PSYoungGen: 222688K(222720K)->222688K(222720K) Eden: 111616K(111616K)->111616K(111616K) From: 111072K(111104K)->111072K(111104K)
[381.790s][info][gc,heap        ] GC(1325) ParOldGen: 608957K(667648K)->667646K(667648K)
[381.790s][info][gc,metaspace   ] GC(1325) Metaspace: 18839K(19008K)->18839K(19008K) NonClass: 17010K(17152K)->17010K(17152K) Class: 1829K(1856K)->1829K(1856K)
[381.790s][info][gc             ] GC(1325) Pause Young (Allocation Failure) 812M->869M(869M) 129.698ms
[381.790s][info][gc,cpu         ] GC(1325) User=0.26s Sys=0.01s Real=0.13s
[381.790s][info][gc,start       ] GC(1326) Pause Full (Allocation Failure)
[381.790s][info][gc,phases,start] GC(1326) Marking Phase
[382.210s][info][gc,phases      ] GC(1326) Marking Phase 419.332ms
[382.210s][info][gc,phases,start] GC(1326) Summary Phase
[382.210s][info][gc,phases      ] GC(1326) Summary Phase 0.030ms
[382.210s][info][gc,phases,start] GC(1326) Forward
[382.314s][info][gc,phases      ] GC(1326) Forward 104.393ms
[382.314s][info][gc,phases,start] GC(1326) Adjust Pointers
[382.624s][info][gc,phases      ] GC(1326) Adjust Pointers 309.549ms
[382.624s][info][gc,phases,start] GC(1326) Compaction Phase
[382.786s][info][gc,phases      ] GC(1326) Compaction Phase 162.506ms
[382.794s][info][gc,phases,start] GC(1326) Post Compact
[382.797s][info][gc,phases      ] GC(1326) Post Compact 2.809ms
[382.797s][info][gc,heap        ] GC(1326) PSYoungGen: 222688K(222720K)->0K(222720K) Eden: 111616K(111616K)->0K(111616K) From: 111072K(111104K)->0K(111104K)
[382.797s][info][gc,heap        ] GC(1326) ParOldGen: 667646K(667648K)->544999K(667648K)
[382.797s][info][gc,metaspace   ] GC(1326) Metaspace: 18839K(19008K)->18839K(19008K) NonClass: 17010K(17152K)->17010K(17152K) Class: 1829K(1856K)->1829K(1856K)
[382.797s][info][gc             ] GC(1326) Pause Full (Allocation Failure) 869M->532M(869M) 1006.436ms
[382.797s][info][gc,cpu         ] GC(1326) User=1.89s Sys=0.00s Real=1.01s
[382.907s][info][gc,start       ] GC(1327) Pause Young (Allocation Failure)
[382.915s][info][gc,heap        ] GC(1327) PSYoungGen: 111616K(222720K)->672K(222720K) Eden: 111616K(111616K)->0K(111616K) From: 0K(111104K)->672K(111104K)
[382.915s][info][gc,heap        ] GC(1327) ParOldGen: 544999K(667648K)->544999K(667648K)
[382.915s][info][gc,metaspace   ] GC(1327) Metaspace: 18839K(19008K)->18839K(19008K) NonClass: 17010K(17152K)->17010K(17152K) Class: 1829K(1856K)->1829K(1856K)
[382.915s][info][gc             ] GC(1327) Pause Young (Allocation Failure) 641M->532M(869M) 7.722ms
[382.915s][info][gc,cpu         ] GC(1327) User=0.02s Sys=0.00s Real=0.00s
[383.037s][info][gc,start       ] GC(1328) Pause Young (Allocation Failure)
[383.050s][info][gc,heap        ] GC(1328) PSYoungGen: 112288K(222720K)->5120K(222720K) Eden: 111616K(111616K)->0K(111616K) From: 672K(111104K)->5120K(111104K)
[383.050s][info][gc,heap        ] GC(1328) ParOldGen: 544999K(667648K)->544999K(667648K)
[383.050s][info][gc,metaspace   ] GC(1328) Metaspace: 18839K(19008K)->18839K(19008K) NonClass: 17010K(17152K)->17010K(17152K) Class: 1829K(1856K)->1829K(1856K)
[383.050s][info][gc             ] GC(1328) Pause Young (Allocation Failure) 641M->537M(869M) 13.280ms
[383.050s][info][gc,cpu         ] GC(1328) User=0.02s Sys=0.00s Real=0.01s
[383.177s][info][gc,start       ] GC(1329) Pause Young (Allocation Failure)
[383.185s][info][gc,heap        ] GC(1329) PSYoungGen: 116736K(222720K)->5120K(222720K) Eden: 111616K(111616K)->0K(111616K) From: 5120K(111104K)->5120K(111104K)
[383.185s][info][gc,heap        ] GC(1329) ParOldGen: 544999K(667648K)->544999K(667648K)
[383.185s][info][gc,metaspace   ] GC(1329) Metaspace: 18839K(19008K)->18839K(19008K) NonClass: 17010K(17152K)->17010K(17152K) Class: 1829K(1856K)->1829K(1856K)
[383.185s][info][gc             ] GC(1329) Pause Young (Allocation Failure) 646M->537M(869M) 8.195ms
[383.185s][info][gc,cpu         ] GC(1329) User=0.01s Sys=0.00s Real=0.00s
[383.400s][info][gc,start       ] GC(1330) Pause Young (Allocation Failure)
[383.427s][info][gc,heap        ] GC(1330) PSYoungGen: 116736K(222720K)->10768K(222720K) Eden: 111616K(111616K)->0K(111616K) From: 5120K(111104K)->10768K(111104K)
[383.428s][info][gc,heap        ] GC(1330) ParOldGen: 544999K(667648K)->550087K(667648K)
[383.428s][info][gc,metaspace   ] GC(1330) Metaspace: 18839K(19008K)->18839K(19008K) NonClass: 17010K(17152K)->17010K(17152K) Class: 1829K(1856K)->1829K(1856K)
[383.428s][info][gc             ] GC(1330) Pause Young (Allocation Failure) 646M->547M(869M) 27.555ms
[383.428s][info][gc,cpu         ] GC(1330) User=0.05s Sys=0.00s Real=0.03s
[383.591s][info][gc,start       ] GC(1331) Pause Young (Allocation Failure)
[383.633s][info][gc,heap        ] GC(1331) PSYoungGen: 122384K(222720K)->18112K(222720K) Eden: 111616K(111616K)->0K(111616K) From: 10768K(111104K)->18112K(111104K)
[383.633s][info][gc,heap        ] GC(1331) ParOldGen: 550087K(667648K)->560888K(667648K)
[383.633s][info][gc,metaspace   ] GC(1331) Metaspace: 18839K(19008K)->18839K(19008K) NonClass: 17010K(17152K)->17010K(17152K) Class: 1829K(1856K)->1829K(1856K)
[383.633s][info][gc             ] GC(1331) Pause Young (Allocation Failure) 656M->565M(869M) 42.480ms
[383.633s][info][gc,cpu         ] GC(1331) User=0.09s Sys=0.00s Real=0.04s
[383.925s][info][gc,start       ] GC(1332) Pause Young (Allocation Failure)
[383.957s][info][gc,heap        ] GC(1332) PSYoungGen: 129728K(222720K)->11936K(222720K) Eden: 111616K(111616K)->0K(111616K) From: 18112K(111104K)->11936K(111104K)
[383.957s][info][gc,heap        ] GC(1332) ParOldGen: 560888K(667648K)->579008K(667648K)
[383.957s][info][gc,metaspace   ] GC(1332) Metaspace: 18839K(19008K)->18839K(19008K) NonClass: 17010K(17152K)->17010K(17152K) Class: 1829K(1856K)->1829K(1856K)
[383.957s][info][gc             ] GC(1332) Pause Young (Allocation Failure) 674M->577M(869M) 32.628ms
[383.957s][info][gc,cpu         ] GC(1332) User=0.06s Sys=0.00s Real=0.04s
[384.088s][info][gc,start       ] GC(1333) Pause Young (Allocation Failure)
[384.123s][info][gc,heap        ] GC(1333) PSYoungGen: 123552K(222720K)->31040K(222720K) Eden: 111616K(111616K)->0K(111616K) From: 11936K(111104K)->31040K(111104K)
[384.123s][info][gc,heap        ] GC(1333) ParOldGen: 579008K(667648K)->591072K(667648K)
[384.123s][info][gc,metaspace   ] GC(1333) Metaspace: 18839K(19008K)->18839K(19008K) NonClass: 17010K(17152K)->17010K(17152K) Class: 1829K(1856K)->1829K(1856K)
[384.123s][info][gc             ] GC(1333) Pause Young (Allocation Failure) 686M->607M(869M) 34.216ms
[384.123s][info][gc,cpu         ] GC(1333) User=0.07s Sys=0.00s Real=0.03s
[384.270s][info][gc,start       ] GC(1334) Pause Young (Allocation Failure)
[384.316s][info][gc,heap        ] GC(1334) PSYoungGen: 142656K(222720K)->12224K(222720K) Eden: 111616K(111616K)->0K(111616K) From: 31040K(111104K)->12224K(111104K)
[384.316s][info][gc,heap        ] GC(1334) ParOldGen: 591072K(667648K)->622229K(667648K)
[384.316s][info][gc,metaspace   ] GC(1334) Metaspace: 18839K(19008K)->18839K(19008K) NonClass: 17010K(17152K)->17010K(17152K) Class: 1829K(1856K)->1829K(1856K)
[384.316s][info][gc             ] GC(1334) Pause Young (Allocation Failure) 716M->619M(869M) 46.426ms
[384.316s][info][gc,cpu         ] GC(1334) User=0.09s Sys=0.00s Real=0.04s
[384.539s][info][gc,start       ] GC(1335) Pause Young (Allocation Failure)
[384.562s][info][gc,heap        ] GC(1335) PSYoungGen: 123840K(222720K)->64K(222720K) Eden: 111616K(111616K)->0K(111616K) From: 12224K(111104K)->64K(111104K)
[384.562s][info][gc,heap        ] GC(1335) ParOldGen: 622229K(667648K)->634461K(667648K)
[384.562s][info][gc,metaspace   ] GC(1335) Metaspace: 18839K(19008K)->18839K(19008K) NonClass: 17010K(17152K)->17010K(17152K) Class: 1829K(1856K)->1829K(1856K)
[384.562s][info][gc             ] GC(1335) Pause Young (Allocation Failure) 728M->619M(869M) 22.782ms
[384.562s][info][gc,cpu         ] GC(1335) User=0.05s Sys=0.00s Real=0.02s
[384.751s][info][gc,start       ] GC(1336) Pause Full (Allocation Failure)
[384.751s][info][gc,phases,start] GC(1336) Marking Phase
[385.116s][info][gc,phases      ] GC(1336) Marking Phase 365.039ms
[385.116s][info][gc,phases,start] GC(1336) Summary Phase
[385.116s][info][gc,phases      ] GC(1336) Summary Phase 0.028ms
[385.116s][info][gc,phases,start] GC(1336) Forward
[385.233s][info][gc,phases      ] GC(1336) Forward 116.121ms
[385.233s][info][gc,phases,start] GC(1336) Adjust Pointers
[385.521s][info][gc,phases      ] GC(1336) Adjust Pointers 288.080ms
[385.521s][info][gc,phases,start] GC(1336) Compaction Phase
[385.691s][info][gc,phases      ] GC(1336) Compaction Phase 170.536ms
[385.702s][info][gc,phases,start] GC(1336) Post Compact
[385.704s][info][gc,phases      ] GC(1336) Post Compact 2.258ms
[385.704s][info][gc,heap        ] GC(1336) PSYoungGen: 111680K(222720K)->0K(222720K) Eden: 111616K(111616K)->0K(111616K) From: 64K(111104K)->0K(111104K)
[385.704s][info][gc,heap        ] GC(1336) ParOldGen: 634461K(667648K)->467118K(667648K)
[385.704s][info][gc,metaspace   ] GC(1336) Metaspace: 18839K(19008K)->18839K(19008K) NonClass: 17010K(17152K)->17010K(17152K) Class: 1829K(1856K)->1829K(1856K)
[385.704s][info][gc             ] GC(1336) Pause Full (Allocation Failure) 728M->456M(869M) 952.590ms
[385.704s][info][gc,cpu         ] GC(1336) User=1.79s Sys=0.00s Real=0.95s
[385.831s][info][gc,start       ] GC(1337) Pause Young (Allocation Failure)
[385.852s][info][gc,heap        ] GC(1337) PSYoungGen: 111616K(222720K)->14528K(222720K) Eden: 111616K(111616K)->0K(111616K) From: 0K(111104K)->14528K(111104K)
[385.852s][info][gc,heap        ] GC(1337) ParOldGen: 467118K(667648K)->467118K(667648K)
[385.852s][info][gc,metaspace   ] GC(1337) Metaspace: 18839K(19008K)->18839K(19008K) NonClass: 17010K(17152K)->17010K(17152K) Class: 1829K(1856K)->1829K(1856K)
[385.852s][info][gc             ] GC(1337) Pause Young (Allocation Failure) 565M->470M(869M) 21.129ms
[385.852s][info][gc,cpu         ] GC(1337) User=0.04s Sys=0.00s Real=0.02s
[385.970s][info][gc,start       ] GC(1338) Pause Young (Allocation Failure)
[385.991s][info][gc,heap        ] GC(1338) PSYoungGen: 126144K(222720K)->1056K(222720K) Eden: 111616K(111616K)->0K(111616K) From: 14528K(111104K)->1056K(111104K)
[385.991s][info][gc,heap        ] GC(1338) ParOldGen: 467118K(667648K)->481654K(667648K)
[385.991s][info][gc,metaspace   ] GC(1338) Metaspace: 18839K(19008K)->18839K(19008K) NonClass: 17010K(17152K)->17010K(17152K) Class: 1829K(1856K)->1829K(1856K)
[385.991s][info][gc             ] GC(1338) Pause Young (Allocation Failure) 579M->471M(869M) 21.485ms
[385.991s][info][gc,cpu         ] GC(1338) User=0.04s Sys=0.00s Real=0.02s
[386.131s][info][gc,start       ] GC(1339) Pause Young (Allocation Failure)
[386.143s][info][gc,heap        ] GC(1339) PSYoungGen: 112672K(222720K)->7616K(222720K) Eden: 111616K(111616K)->0K(111616K) From: 1056K(111104K)->7616K(111104K)
[386.143s][info][gc,heap        ] GC(1339) ParOldGen: 481654K(667648K)->482678K(667648K)
[386.143s][info][gc,metaspace   ] GC(1339) Metaspace: 18839K(19008K)->18839K(19008K) NonClass: 17010K(17152K)->17010K(17152K) Class: 1829K(1856K)->1829K(1856K)
[386.143s][info][gc             ] GC(1339) Pause Young (Allocation Failure) 580M->478M(869M) 12.162ms
[386.143s][info][gc,cpu         ] GC(1339) User=0.02s Sys=0.00s Real=0.01s
[386.337s][info][gc,start       ] GC(1340) Pause Young (Allocation Failure)
[386.359s][info][gc,heap        ] GC(1340) PSYoungGen: 119232K(222720K)->10080K(222720K) Eden: 111616K(111616K)->0K(111616K) From: 7616K(111104K)->10080K(111104K)
[386.359s][info][gc,heap        ] GC(1340) ParOldGen: 482678K(667648K)->490294K(667648K)
[386.359s][info][gc,metaspace   ] GC(1340) Metaspace: 18839K(19008K)->18839K(19008K) NonClass: 17010K(17152K)->17010K(17152K) Class: 1829K(1856K)->1829K(1856K)
[386.359s][info][gc             ] GC(1340) Pause Young (Allocation Failure) 587M->488M(869M) 21.711ms
[386.359s][info][gc,cpu         ] GC(1340) User=0.04s Sys=0.00s Real=0.02s
[386.712s][info][gc,start       ] GC(1341) Pause Young (Allocation Failure)
[386.725s][info][gc,heap        ] GC(1341) PSYoungGen: 121696K(222720K)->96K(221696K) Eden: 111616K(111616K)->0K(111616K) From: 10080K(111104K)->96K(110080K)
[386.725s][info][gc,heap        ] GC(1341) ParOldGen: 490294K(667648K)->500374K(667648K)
[386.725s][info][gc,metaspace   ] GC(1341) Metaspace: 18839K(19008K)->18839K(19008K) NonClass: 17010K(17152K)->17010K(17152K) Class: 1829K(1856K)->1829K(1856K)
[386.725s][info][gc             ] GC(1341) Pause Young (Allocation Failure) 597M->488M(868M) 13.054ms
[386.725s][info][gc,cpu         ] GC(1341) User=0.03s Sys=0.00s Real=0.01s
[387.023s][info][gc,start       ] GC(1342) Pause Young (Allocation Failure)
[387.026s][info][gc,heap        ] GC(1342) PSYoungGen: 111712K(221696K)->96K(112128K) Eden: 111616K(111616K)->0K(111616K) From: 96K(110080K)->96K(512K)
[387.026s][info][gc,heap        ] GC(1342) ParOldGen: 500374K(667648K)->500374K(667648K)
[387.026s][info][gc,metaspace   ] GC(1342) Metaspace: 18839K(19008K)->18839K(19008K) NonClass: 17010K(17152K)->17010K(17152K) Class: 1829K(1856K)->1829K(1856K)
[387.026s][info][gc             ] GC(1342) Pause Young (Allocation Failure) 597M->488M(761M) 2.843ms
[387.026s][info][gc,cpu         ] GC(1342) User=0.00s Sys=0.00s Real=0.00s
[387.307s][info][gc,start       ] GC(1343) Pause Young (Allocation Failure)
[387.310s][info][gc,heap        ] GC(1343) PSYoungGen: 111712K(112128K)->96K(211968K) Eden: 111616K(111616K)->0K(114176K) From: 96K(512K)->96K(97792K)
[387.310s][info][gc,heap        ] GC(1343) ParOldGen: 500374K(667648K)->500374K(667648K)
[387.310s][info][gc,metaspace   ] GC(1343) Metaspace: 18839K(19008K)->18839K(19008K) NonClass: 17010K(17152K)->17010K(17152K) Class: 1829K(1856K)->1829K(1856K)
[387.310s][info][gc             ] GC(1343) Pause Young (Allocation Failure) 597M->488M(859M) 2.703ms
[387.310s][info][gc,cpu         ] GC(1343) User=0.00s Sys=0.00s Real=0.00s
[387.577s][info][gc,start       ] GC(1344) Pause Young (Allocation Failure)
[387.588s][info][gc,heap        ] GC(1344) PSYoungGen: 114272K(211968K)->160K(114688K) Eden: 114176K(114176K)->0K(114176K) From: 96K(97792K)->160K(512K)
[387.588s][info][gc,heap        ] GC(1344) ParOldGen: 500374K(667648K)->500374K(667648K)
[387.588s][info][gc,metaspace   ] GC(1344) Metaspace: 18839K(19008K)->18839K(19008K) NonClass: 17010K(17152K)->17010K(17152K) Class: 1829K(1856K)->1829K(1856K)
[387.588s][info][gc             ] GC(1344) Pause Young (Allocation Failure) 600M->488M(764M) 10.987ms
[387.588s][info][gc,cpu         ] GC(1344) User=0.02s Sys=0.00s Real=0.01s
[387.762s][info][gc,start       ] GC(1345) Pause Young (Allocation Failure)
[387.787s][info][gc,heap        ] GC(1345) PSYoungGen: 114336K(114688K)->18864K(199680K) Eden: 114176K(114176K)->0K(117248K) From: 160K(512K)->18864K(82432K)
[387.787s][info][gc,heap        ] GC(1345) ParOldGen: 500374K(667648K)->500374K(667648K)
[387.787s][info][gc,metaspace   ] GC(1345) Metaspace: 18839K(19008K)->18839K(19008K) NonClass: 17010K(17152K)->17010K(17152K) Class: 1829K(1856K)->1829K(1856K)
[387.787s][info][gc             ] GC(1345) Pause Young (Allocation Failure) 600M->507M(847M) 24.840ms
[387.787s][info][gc,cpu         ] GC(1345) User=0.05s Sys=0.00s Real=0.03s
[387.853s][info][gc,start       ] GC(1346) Pause Young (Allocation Failure)
[387.897s][info][gc,heap        ] GC(1346) PSYoungGen: 136112K(199680K)->59872K(206336K) Eden: 117248K(117248K)->0K(117248K) From: 18864K(82432K)->59872K(89088K)
[387.897s][info][gc,heap        ] GC(1346) ParOldGen: 500374K(667648K)->500374K(667648K)
[387.897s][info][gc,metaspace   ] GC(1346) Metaspace: 18839K(19008K)->18839K(19008K) NonClass: 17010K(17152K)->17010K(17152K) Class: 1829K(1856K)->1829K(1856K)
[387.897s][info][gc             ] GC(1346) Pause Young (Allocation Failure) 621M->547M(853M) 43.739ms
[387.897s][info][gc,cpu         ] GC(1346) User=0.09s Sys=0.00s Real=0.05s
[388.074s][info][gc,start       ] GC(1347) Pause Young (Allocation Failure)
[388.124s][info][gc,heap        ] GC(1347) PSYoungGen: 177120K(206336K)->75081K(209408K) Eden: 117248K(117248K)->0K(111616K) From: 59872K(89088K)->75081K(97792K)
[388.125s][info][gc,heap        ] GC(1347) ParOldGen: 500374K(667648K)->500374K(667648K)
[388.125s][info][gc,metaspace   ] GC(1347) Metaspace: 18839K(19008K)->18839K(19008K) NonClass: 17010K(17152K)->17010K(17152K) Class: 1829K(1856K)->1829K(1856K)
[388.125s][info][gc             ] GC(1347) Pause Young (Allocation Failure) 661M->561M(856M) 50.780ms
[388.125s][info][gc,cpu         ] GC(1347) User=0.10s Sys=0.01s Real=0.05s
[388.176s][info][gc,start       ] GC(1348) Pause Young (Allocation Failure)
[388.248s][info][gc,heap        ] GC(1348) PSYoungGen: 186697K(209408K)->104073K(221184K) Eden: 111616K(111616K)->0K(111616K) From: 75081K(97792K)->104073K(109568K)
[388.248s][info][gc,heap        ] GC(1348) ParOldGen: 500374K(667648K)->500374K(667648K)
[388.248s][info][gc,metaspace   ] GC(1348) Metaspace: 18840K(19008K)->18840K(19008K) NonClass: 17011K(17152K)->17011K(17152K) Class: 1829K(1856K)->1829K(1856K)
[388.248s][info][gc             ] GC(1348) Pause Young (Allocation Failure) 670M->590M(868M) 71.174ms
[388.248s][info][gc,cpu         ] GC(1348) User=0.14s Sys=0.00s Real=0.07s
[388.300s][info][gc,start       ] GC(1349) Pause Young (Allocation Failure)
[388.413s][info][gc,heap        ] GC(1349) PSYoungGen: 215689K(221184K)->111072K(222720K) Eden: 111616K(111616K)->0K(111616K) From: 104073K(109568K)->111072K(111104K)
[388.413s][info][gc,heap        ] GC(1349) ParOldGen: 500374K(667648K)->528628K(667648K)
[388.413s][info][gc,metaspace   ] GC(1349) Metaspace: 18840K(19008K)->18840K(19008K) NonClass: 17011K(17152K)->17011K(17152K) Class: 1829K(1856K)->1829K(1856K)
[388.413s][info][gc             ] GC(1349) Pause Young (Allocation Failure) 699M->624M(869M) 112.822ms
[388.413s][info][gc,cpu         ] GC(1349) User=0.20s Sys=0.02s Real=0.11s
[388.574s][info][gc,start       ] GC(1350) Pause Young (Allocation Failure)
[388.701s][info][gc,heap        ] GC(1350) PSYoungGen: 222688K(222720K)->111088K(222720K) Eden: 111616K(111616K)->0K(111616K) From: 111072K(111104K)->111088K(111104K)
[388.701s][info][gc,heap        ] GC(1350) ParOldGen: 528628K(667648K)->559284K(667648K)
[388.701s][info][gc,metaspace   ] GC(1350) Metaspace: 18841K(19008K)->18841K(19008K) NonClass: 17011K(17152K)->17011K(17152K) Class: 1829K(1856K)->1829K(1856K)
[388.701s][info][gc             ] GC(1350) Pause Young (Allocation Failure) 733M->654M(869M) 127.634ms
[388.701s][info][gc,cpu         ] GC(1350) User=0.25s Sys=0.00s Real=0.13s
[388.792s][info][gc,start       ] GC(1351) Pause Young (Allocation Failure)
[388.903s][info][gc,heap        ] GC(1351) PSYoungGen: 222704K(222720K)->70192K(222720K) Eden: 111616K(111616K)->0K(111616K) From: 111088K(111104K)->70192K(111104K)
[388.903s][info][gc,heap        ] GC(1351) ParOldGen: 559284K(667648K)->602750K(667648K)
[388.903s][info][gc,metaspace   ] GC(1351) Metaspace: 18841K(19008K)->18841K(19008K) NonClass: 17011K(17152K)->17011K(17152K) Class: 1829K(1856K)->1829K(1856K)
[388.903s][info][gc             ] GC(1351) Pause Young (Allocation Failure) 763M->657M(869M) 111.300ms
[388.903s][info][gc,cpu         ] GC(1351) User=0.22s Sys=0.00s Real=0.11s
[389.059s][info][gc,start       ] GC(1352) Pause Young (Allocation Failure)
[389.170s][info][gc,heap        ] GC(1352) PSYoungGen: 181808K(222720K)->70016K(222720K) Eden: 111616K(111616K)->0K(111616K) From: 70192K(111104K)->70016K(111104K)
[389.170s][info][gc,heap        ] GC(1352) ParOldGen: 602750K(667648K)->621943K(667648K)
[389.170s][info][gc,metaspace   ] GC(1352) Metaspace: 18841K(19008K)->18841K(19008K) NonClass: 17011K(17152K)->17011K(17152K) Class: 1829K(1856K)->1829K(1856K)
[389.170s][info][gc             ] GC(1352) Pause Young (Allocation Failure) 766M->675M(869M) 111.416ms
[389.170s][info][gc,cpu         ] GC(1352) User=0.22s Sys=0.00s Real=0.11s
[389.325s][info][gc,start       ] GC(1353) Pause Full (Allocation Failure)
[389.325s][info][gc,phases,start] GC(1353) Marking Phase
[389.685s][info][gc,phases      ] GC(1353) Marking Phase 360.435ms
[389.685s][info][gc,phases,start] GC(1353) Summary Phase
[389.685s][info][gc,phases      ] GC(1353) Summary Phase 0.030ms
[389.685s][info][gc,phases,start] GC(1353) Forward
[389.805s][info][gc,phases      ] GC(1353) Forward 119.496ms
[389.805s][info][gc,phases,start] GC(1353) Adjust Pointers
[390.094s][info][gc,phases      ] GC(1353) Adjust Pointers 289.202ms
[390.094s][info][gc,phases,start] GC(1353) Compaction Phase
[390.258s][info][gc,phases      ] GC(1353) Compaction Phase 163.595ms
[390.270s][info][gc,phases,start] GC(1353) Post Compact
[390.273s][info][gc,phases      ] GC(1353) Post Compact 2.376ms
[390.273s][info][gc,heap        ] GC(1353) PSYoungGen: 181632K(222720K)->0K(222720K) Eden: 111616K(111616K)->0K(111616K) From: 70016K(111104K)->0K(111104K)
[390.273s][info][gc,heap        ] GC(1353) ParOldGen: 621943K(667648K)->514731K(667648K)
[390.273s][info][gc,metaspace   ] GC(1353) Metaspace: 18841K(19008K)->18841K(19008K) NonClass: 17011K(17152K)->17011K(17152K) Class: 1829K(1856K)->1829K(1856K)
[390.273s][info][gc             ] GC(1353) Pause Full (Allocation Failure) 784M->502M(869M) 948.483ms
[390.273s][info][gc,cpu         ] GC(1353) User=1.79s Sys=0.00s Real=0.95s
[390.425s][info][gc,start       ] GC(1354) Pause Young (Allocation Failure)
[390.427s][info][gc,heap        ] GC(1354) PSYoungGen: 111616K(222720K)->64K(222720K) Eden: 111616K(111616K)->0K(111616K) From: 0K(111104K)->64K(111104K)
[390.427s][info][gc,heap        ] GC(1354) ParOldGen: 514731K(667648K)->514731K(667648K)
[390.427s][info][gc,metaspace   ] GC(1354) Metaspace: 18841K(19008K)->18841K(19008K) NonClass: 17011K(17152K)->17011K(17152K) Class: 1829K(1856K)->1829K(1856K)
[390.427s][info][gc             ] GC(1354) Pause Young (Allocation Failure) 611M->502M(869M) 1.822ms
[390.427s][info][gc,cpu         ] GC(1354) User=0.00s Sys=0.00s Real=0.01s
[390.580s][info][gc,start       ] GC(1355) Pause Young (Allocation Failure)
[390.581s][info][gc,heap        ] GC(1355) PSYoungGen: 111680K(222720K)->64K(222720K) Eden: 111616K(111616K)->0K(111616K) From: 64K(111104K)->64K(111104K)
[390.581s][info][gc,heap        ] GC(1355) ParOldGen: 514731K(667648K)->514731K(667648K)
[390.581s][info][gc,metaspace   ] GC(1355) Metaspace: 18841K(19008K)->18841K(19008K) NonClass: 17011K(17152K)->17011K(17152K) Class: 1829K(1856K)->1829K(1856K)
[390.581s][info][gc             ] GC(1355) Pause Young (Allocation Failure) 611M->502M(869M) 1.824ms
[390.581s][info][gc,cpu         ] GC(1355) User=0.01s Sys=0.00s Real=0.00s
[390.734s][info][gc,start       ] GC(1356) Pause Young (Allocation Failure)
[390.735s][info][gc,heap        ] GC(1356) PSYoungGen: 111680K(222720K)->64K(222720K) Eden: 111616K(111616K)->0K(111616K) From: 64K(111104K)->64K(111104K)
[390.736s][info][gc,heap        ] GC(1356) ParOldGen: 514731K(667648K)->514739K(667648K)
[390.736s][info][gc,metaspace   ] GC(1356) Metaspace: 18841K(19008K)->18841K(19008K) NonClass: 17011K(17152K)->17011K(17152K) Class: 1829K(1856K)->1829K(1856K)
[390.736s][info][gc             ] GC(1356) Pause Young (Allocation Failure) 611M->502M(869M) 1.838ms
[390.736s][info][gc,cpu         ] GC(1356) User=0.00s Sys=0.00s Real=0.00s
[390.887s][info][gc,start       ] GC(1357) Pause Young (Allocation Failure)
[390.889s][info][gc,heap        ] GC(1357) PSYoungGen: 111680K(222720K)->64K(222720K) Eden: 111616K(111616K)->0K(111616K) From: 64K(111104K)->64K(111104K)
[390.889s][info][gc,heap        ] GC(1357) ParOldGen: 514739K(667648K)->514739K(667648K)
[390.889s][info][gc,metaspace   ] GC(1357) Metaspace: 18841K(19008K)->18841K(19008K) NonClass: 17011K(17152K)->17011K(17152K) Class: 1829K(1856K)->1829K(1856K)
[390.889s][info][gc             ] GC(1357) Pause Young (Allocation Failure) 611M->502M(869M) 1.791ms
[390.889s][info][gc,cpu         ] GC(1357) User=0.01s Sys=0.00s Real=0.00s
[391.044s][info][gc,start       ] GC(1358) Pause Young (Allocation Failure)
[391.046s][info][gc,heap        ] GC(1358) PSYoungGen: 111680K(222720K)->64K(222720K) Eden: 111616K(111616K)->0K(111616K) From: 64K(111104K)->64K(111104K)
[391.046s][info][gc,heap        ] GC(1358) ParOldGen: 514739K(667648K)->514739K(667648K)
[391.046s][info][gc,metaspace   ] GC(1358) Metaspace: 18841K(19008K)->18841K(19008K) NonClass: 17011K(17152K)->17011K(17152K) Class: 1829K(1856K)->1829K(1856K)
[391.046s][info][gc             ] GC(1358) Pause Young (Allocation Failure) 611M->502M(869M) 1.821ms
[391.046s][info][gc,cpu         ] GC(1358) User=0.01s Sys=0.00s Real=0.00s
[391.199s][info][gc,start       ] GC(1359) Pause Young (Allocation Failure)
[391.201s][info][gc,heap        ] GC(1359) PSYoungGen: 111680K(222720K)->64K(222720K) Eden: 111616K(111616K)->0K(111616K) From: 64K(111104K)->64K(111104K)
[391.201s][info][gc,heap        ] GC(1359) ParOldGen: 514739K(667648K)->514739K(667648K)
[391.201s][info][gc,metaspace   ] GC(1359) Metaspace: 18841K(19008K)->18841K(19008K) NonClass: 17011K(17152K)->17011K(17152K) Class: 1829K(1856K)->1829K(1856K)
[391.201s][info][gc             ] GC(1359) Pause Young (Allocation Failure) 611M->502M(869M) 1.788ms
[391.201s][info][gc,cpu         ] GC(1359) User=0.00s Sys=0.00s Real=0.00s
[391.352s][info][gc,start       ] GC(1360) Pause Young (Allocation Failure)
[391.354s][info][gc,heap        ] GC(1360) PSYoungGen: 111680K(222720K)->64K(222720K) Eden: 111616K(111616K)->0K(111616K) From: 64K(111104K)->64K(111104K)
[391.354s][info][gc,heap        ] GC(1360) ParOldGen: 514739K(667648K)->514739K(667648K)
[391.354s][info][gc,metaspace   ] GC(1360) Metaspace: 18841K(19008K)->18841K(19008K) NonClass: 17011K(17152K)->17011K(17152K) Class: 1829K(1856K)->1829K(1856K)
[391.354s][info][gc             ] GC(1360) Pause Young (Allocation Failure) 611M->502M(869M) 1.792ms
[391.354s][info][gc,cpu         ] GC(1360) User=0.01s Sys=0.00s Real=0.00s
[391.503s][info][gc,start       ] GC(1361) Pause Young (Allocation Failure)
[391.505s][info][gc,heap        ] GC(1361) PSYoungGen: 111680K(222720K)->64K(222720K) Eden: 111616K(111616K)->0K(111616K) From: 64K(111104K)->64K(111104K)
[391.505s][info][gc,heap        ] GC(1361) ParOldGen: 514739K(667648K)->514739K(667648K)
[391.505s][info][gc,metaspace   ] GC(1361) Metaspace: 18841K(19008K)->18841K(19008K) NonClass: 17011K(17152K)->17011K(17152K) Class: 1829K(1856K)->1829K(1856K)
[391.505s][info][gc             ] GC(1361) Pause Young (Allocation Failure) 611M->502M(869M) 1.811ms
[391.505s][info][gc,cpu         ] GC(1361) User=0.01s Sys=0.00s Real=0.00s
[391.653s][info][gc,start       ] GC(1362) Pause Young (Allocation Failure)
[391.655s][info][gc,heap        ] GC(1362) PSYoungGen: 111680K(222720K)->64K(222720K) Eden: 111616K(111616K)->0K(111616K) From: 64K(111104K)->64K(111104K)
[391.655s][info][gc,heap        ] GC(1362) ParOldGen: 514739K(667648K)->514739K(667648K)
[391.655s][info][gc,metaspace   ] GC(1362) Metaspace: 18841K(19008K)->18841K(19008K) NonClass: 17011K(17152K)->17011K(17152K) Class: 1829K(1856K)->1829K(1856K)
[391.655s][info][gc             ] GC(1362) Pause Young (Allocation Failure) 611M->502M(869M) 1.783ms
[391.655s][info][gc,cpu         ] GC(1362) User=0.01s Sys=0.00s Real=0.00s
[391.808s][info][gc,start       ] GC(1363) Pause Young (Allocation Failure)
[391.809s][info][gc,heap        ] GC(1363) PSYoungGen: 111680K(222720K)->64K(222720K) Eden: 111616K(111616K)->0K(111616K) From: 64K(111104K)->64K(111104K)
[391.809s][info][gc,heap        ] GC(1363) ParOldGen: 514739K(667648K)->514739K(667648K)
[391.809s][info][gc,metaspace   ] GC(1363) Metaspace: 18841K(19008K)->18841K(19008K) NonClass: 17011K(17152K)->17011K(17152K) Class: 1829K(1856K)->1829K(1856K)
[391.809s][info][gc             ] GC(1363) Pause Young (Allocation Failure) 611M->502M(869M) 1.685ms
[391.809s][info][gc,cpu         ] GC(1363) User=0.00s Sys=0.00s Real=0.00s
[391.947s][info][gc,start       ] GC(1364) Pause Young (Allocation Failure)
[391.957s][info][gc,heap        ] GC(1364) PSYoungGen: 111680K(222720K)->7296K(222720K) Eden: 111616K(111616K)->0K(111616K) From: 64K(111104K)->7296K(111104K)
[391.957s][info][gc,heap        ] GC(1364) ParOldGen: 514739K(667648K)->514739K(667648K)
[391.957s][info][gc,metaspace   ] GC(1364) Metaspace: 18841K(19008K)->18841K(19008K) NonClass: 17011K(17152K)->17011K(17152K) Class: 1829K(1856K)->1829K(1856K)
[391.957s][info][gc             ] GC(1364) Pause Young (Allocation Failure) 611M->509M(869M) 10.042ms
[391.957s][info][gc,cpu         ] GC(1364) User=0.02s Sys=0.00s Real=0.01s
[392.059s][info][gc,start       ] GC(1365) Pause Young (Allocation Failure)
[392.087s][info][gc,heap        ] GC(1365) PSYoungGen: 118912K(222720K)->15968K(206336K) Eden: 111616K(111616K)->0K(111616K) From: 7296K(111104K)->15968K(94720K)
[392.087s][info][gc,heap        ] GC(1365) ParOldGen: 514739K(667648K)->522051K(667648K)
[392.087s][info][gc,metaspace   ] GC(1365) Metaspace: 18841K(19008K)->18841K(19008K) NonClass: 17011K(17152K)->17011K(17152K) Class: 1829K(1856K)->1829K(1856K)
[392.087s][info][gc             ] GC(1365) Pause Young (Allocation Failure) 618M->525M(853M) 27.763ms
[392.087s][info][gc,cpu         ] GC(1365) User=0.05s Sys=0.00s Real=0.03s
[392.203s][info][gc,start       ] GC(1366) Pause Young (Allocation Failure)
[392.234s][info][gc,heap        ] GC(1366) PSYoungGen: 127584K(206336K)->27136K(214528K) Eden: 111616K(111616K)->0K(111616K) From: 15968K(94720K)->27136K(102912K)
[392.234s][info][gc,heap        ] GC(1366) ParOldGen: 522051K(667648K)->522051K(667648K)
[392.234s][info][gc,metaspace   ] GC(1366) Metaspace: 18841K(19008K)->18841K(19008K) NonClass: 17011K(17152K)->17011K(17152K) Class: 1829K(1856K)->1829K(1856K)
[392.234s][info][gc             ] GC(1366) Pause Young (Allocation Failure) 634M->536M(861M) 30.554ms
[392.234s][info][gc,cpu         ] GC(1366) User=0.06s Sys=0.00s Real=0.03s
[392.301s][info][gc,start       ] GC(1367) Pause Young (Allocation Failure)
[392.334s][info][gc,heap        ] GC(1367) PSYoungGen: 138752K(214528K)->30656K(211456K) Eden: 111616K(111616K)->0K(118784K) From: 27136K(102912K)->30656K(92672K)
[392.334s][info][gc,heap        ] GC(1367) ParOldGen: 522051K(667648K)->522051K(667648K)
[392.334s][info][gc,metaspace   ] GC(1367) Metaspace: 18841K(19008K)->18841K(19008K) NonClass: 17011K(17152K)->17011K(17152K) Class: 1829K(1856K)->1829K(1856K)
[392.334s][info][gc             ] GC(1367) Pause Young (Allocation Failure) 645M->539M(858M) 32.870ms
[392.334s][info][gc,cpu         ] GC(1367) User=0.07s Sys=0.00s Real=0.03s
[392.424s][info][gc,start       ] GC(1368) Pause Young (Allocation Failure)
[392.474s][info][gc,heap        ] GC(1368) PSYoungGen: 149440K(211456K)->44704K(212992K) Eden: 118784K(118784K)->0K(118784K) From: 30656K(92672K)->44704K(94208K)
[392.474s][info][gc,heap        ] GC(1368) ParOldGen: 522051K(667648K)->522051K(667648K)
[392.474s][info][gc,metaspace   ] GC(1368) Metaspace: 18841K(19008K)->18841K(19008K) NonClass: 17011K(17152K)->17011K(17152K) Class: 1829K(1856K)->1829K(1856K)
[392.474s][info][gc             ] GC(1368) Pause Young (Allocation Failure) 655M->553M(860M) 49.794ms
[392.474s][info][gc,cpu         ] GC(1368) User=0.10s Sys=0.00s Real=0.05s
[392.556s][info][gc,start       ] GC(1369) Pause Young (Allocation Failure)
[392.615s][info][gc,heap        ] GC(1369) PSYoungGen: 163488K(212992K)->55712K(218112K) Eden: 118784K(118784K)->0K(122368K) From: 44704K(94208K)->55712K(95744K)
[392.615s][info][gc,heap        ] GC(1369) ParOldGen: 522051K(667648K)->522051K(667648K)
[392.615s][info][gc,metaspace   ] GC(1369) Metaspace: 18841K(19008K)->18841K(19008K) NonClass: 17011K(17152K)->17011K(17152K) Class: 1829K(1856K)->1829K(1856K)
[392.615s][info][gc             ] GC(1369) Pause Young (Allocation Failure) 669M->564M(865M) 59.394ms
[392.615s][info][gc,cpu         ] GC(1369) User=0.12s Sys=0.00s Real=0.06s
[392.710s][info][gc,start       ] GC(1370) Pause Young (Allocation Failure)
[392.784s][info][gc,heap        ] GC(1370) PSYoungGen: 178080K(218112K)->70240K(223232K) Eden: 122368K(122368K)->0K(122368K) From: 55712K(95744K)->70240K(100864K)
[392.784s][info][gc,heap        ] GC(1370) ParOldGen: 522051K(667648K)->522051K(667648K)
[392.784s][info][gc,metaspace   ] GC(1370) Metaspace: 18841K(19008K)->18841K(19008K) NonClass: 17011K(17152K)->17011K(17152K) Class: 1829K(1856K)->1829K(1856K)
[392.784s][info][gc             ] GC(1370) Pause Young (Allocation Failure) 683M->578M(870M) 74.094ms
[392.784s][info][gc,cpu         ] GC(1370) User=0.15s Sys=0.00s Real=0.07s
[392.847s][info][gc,start       ] GC(1371) Pause Young (Allocation Failure)
[392.924s][info][gc,heap        ] GC(1371) PSYoungGen: 192608K(223232K)->73440K(221184K) Eden: 122368K(122368K)->0K(111616K) From: 70240K(100864K)->73440K(109568K)
[392.924s][info][gc,heap        ] GC(1371) ParOldGen: 522051K(667648K)->522051K(667648K)
[392.924s][info][gc,metaspace   ] GC(1371) Metaspace: 18841K(19008K)->18841K(19008K) NonClass: 17011K(17152K)->17011K(17152K) Class: 1829K(1856K)->1829K(1856K)
[392.924s][info][gc             ] GC(1371) Pause Young (Allocation Failure) 697M->581M(868M) 76.851ms
[392.924s][info][gc,cpu         ] GC(1371) User=0.15s Sys=0.00s Real=0.07s
[392.997s][info][gc,start       ] GC(1372) Pause Young (Allocation Failure)
[393.076s][info][gc,heap        ] GC(1372) PSYoungGen: 185056K(221184K)->47712K(222720K) Eden: 111616K(111616K)->0K(111616K) From: 73440K(109568K)->47712K(111104K)
[393.076s][info][gc,heap        ] GC(1372) ParOldGen: 522051K(667648K)->549259K(667648K)
[393.076s][info][gc,metaspace   ] GC(1372) Metaspace: 18841K(19008K)->18841K(19008K) NonClass: 17011K(17152K)->17011K(17152K) Class: 1829K(1856K)->1829K(1856K)
[393.076s][info][gc             ] GC(1372) Pause Young (Allocation Failure) 690M->582M(869M) 78.637ms
[393.076s][info][gc,cpu         ] GC(1372) User=0.16s Sys=0.00s Real=0.07s
[393.168s][info][gc,start       ] GC(1373) Pause Young (Allocation Failure)
[393.230s][info][gc,heap        ] GC(1373) PSYoungGen: 159328K(222720K)->39584K(215552K) Eden: 111616K(111616K)->0K(111616K) From: 47712K(111104K)->39584K(103936K)
[393.230s][info][gc,heap        ] GC(1373) ParOldGen: 549259K(667648K)->566867K(667648K)
[393.230s][info][gc,metaspace   ] GC(1373) Metaspace: 18841K(19008K)->18841K(19008K) NonClass: 17011K(17152K)->17011K(17152K) Class: 1829K(1856K)->1829K(1856K)
[393.230s][info][gc             ] GC(1373) Pause Young (Allocation Failure) 691M->592M(862M) 62.375ms
[393.230s][info][gc,cpu         ] GC(1373) User=0.12s Sys=0.00s Real=0.06s
[393.313s][info][gc,start       ] GC(1374) Pause Young (Allocation Failure)
[393.376s][info][gc,heap        ] GC(1374) PSYoungGen: 151200K(215552K)->46928K(219136K) Eden: 111616K(111616K)->0K(111616K) From: 39584K(103936K)->46928K(107520K)
[393.376s][info][gc,heap        ] GC(1374) ParOldGen: 566867K(667648K)->577955K(667648K)
[393.376s][info][gc,metaspace   ] GC(1374) Metaspace: 18841K(19008K)->18841K(19008K) NonClass: 17011K(17152K)->17011K(17152K) Class: 1829K(1856K)->1829K(1856K)
[393.376s][info][gc             ] GC(1374) Pause Young (Allocation Failure) 701M->610M(866M) 62.509ms
[393.376s][info][gc,cpu         ] GC(1374) User=0.12s Sys=0.00s Real=0.06s
[393.465s][info][gc,start       ] GC(1375) Pause Young (Allocation Failure)
[393.519s][info][gc,heap        ] GC(1375) PSYoungGen: 158544K(219136K)->33488K(213504K) Eden: 111616K(111616K)->0K(121856K) From: 46928K(107520K)->33488K(91648K)
[393.519s][info][gc,heap        ] GC(1375) ParOldGen: 577955K(667648K)->592547K(667648K)
[393.519s][info][gc,metaspace   ] GC(1375) Metaspace: 18841K(19008K)->18841K(19008K) NonClass: 17011K(17152K)->17011K(17152K) Class: 1829K(1856K)->1829K(1856K)
[393.519s][info][gc             ] GC(1375) Pause Young (Allocation Failure) 719M->611M(860M) 53.930ms
[393.519s][info][gc,cpu         ] GC(1375) User=0.10s Sys=0.00s Real=0.06s
[393.719s][info][gc,start       ] GC(1376) Pause Young (Allocation Failure)
[393.765s][info][gc,heap        ] GC(1376) PSYoungGen: 155344K(213504K)->39776K(220160K) Eden: 121856K(121856K)->0K(121856K) From: 33488K(91648K)->39776K(98304K)
[393.766s][info][gc,heap        ] GC(1376) ParOldGen: 592547K(667648K)->595795K(667648K)
[393.766s][info][gc,metaspace   ] GC(1376) Metaspace: 18841K(19008K)->18841K(19008K) NonClass: 17011K(17152K)->17011K(17152K) Class: 1829K(1856K)->1829K(1856K)
[393.766s][info][gc             ] GC(1376) Pause Young (Allocation Failure) 730M->620M(867M) 46.939ms
[393.766s][info][gc,cpu         ] GC(1376) User=0.09s Sys=0.00s Real=0.04s
[393.958s][info][gc,start       ] GC(1377) Pause Young (Allocation Failure)
[394.018s][info][gc,heap        ] GC(1377) PSYoungGen: 161632K(220160K)->55488K(225792K) Eden: 121856K(121856K)->0K(132608K) From: 39776K(98304K)->55488K(93184K)
[394.018s][info][gc,heap        ] GC(1377) ParOldGen: 595795K(667648K)->595795K(667648K)
[394.018s][info][gc,metaspace   ] GC(1377) Metaspace: 18841K(19008K)->18841K(19008K) NonClass: 17011K(17152K)->17011K(17152K) Class: 1829K(1856K)->1829K(1856K)
[394.018s][info][gc             ] GC(1377) Pause Young (Allocation Failure) 739M->636M(872M) 59.432ms
[394.018s][info][gc,cpu         ] GC(1377) User=0.11s Sys=0.01s Real=0.06s
[394.453s][info][gc,start       ] GC(1378) Pause Young (Allocation Failure)
[394.511s][info][gc,heap        ] GC(1378) PSYoungGen: 188096K(225792K)->55520K(226816K) Eden: 132608K(132608K)->0K(132608K) From: 55488K(93184K)->55520K(94208K)
[394.511s][info][gc,heap        ] GC(1378) ParOldGen: 595795K(667648K)->595795K(667648K)
[394.511s][info][gc,metaspace   ] GC(1378) Metaspace: 18841K(19008K)->18841K(19008K) NonClass: 17011K(17152K)->17011K(17152K) Class: 1829K(1856K)->1829K(1856K)
[394.511s][info][gc             ] GC(1378) Pause Young (Allocation Failure) 765M->636M(873M) 57.850ms
[394.511s][info][gc,cpu         ] GC(1378) User=0.12s Sys=0.00s Real=0.06s
[394.854s][info][gc,start       ] GC(1379) Pause Young (Allocation Failure)
[394.914s][info][gc,heap        ] GC(1379) PSYoungGen: 188128K(226816K)->55568K(236544K) Eden: 132608K(132608K)->0K(142848K) From: 55520K(94208K)->55568K(93696K)
[394.914s][info][gc,heap        ] GC(1379) ParOldGen: 595795K(667648K)->595795K(667648K)
[394.914s][info][gc,metaspace   ] GC(1379) Metaspace: 18841K(19008K)->18841K(19008K) NonClass: 17011K(17152K)->17011K(17152K) Class: 1829K(1856K)->1829K(1856K)
[394.914s][info][gc             ] GC(1379) Pause Young (Allocation Failure) 765M->636M(883M) 59.788ms
[394.914s][info][gc,cpu         ] GC(1379) User=0.12s Sys=0.00s Real=0.06s
[395.260s][info][gc,start       ] GC(1380) Pause Young (Allocation Failure)
[395.321s][info][gc,heap        ] GC(1380) PSYoungGen: 198416K(236544K)->55552K(237568K) Eden: 142848K(142848K)->0K(142848K) From: 55568K(93696K)->55552K(94720K)
[395.321s][info][gc,heap        ] GC(1380) ParOldGen: 595795K(667648K)->595795K(667648K)
[395.321s][info][gc,metaspace   ] GC(1380) Metaspace: 18841K(19008K)->18841K(19008K) NonClass: 17011K(17152K)->17011K(17152K) Class: 1829K(1856K)->1829K(1856K)
[395.322s][info][gc             ] GC(1380) Pause Young (Allocation Failure) 775M->636M(884M) 61.773ms
[395.322s][info][gc,cpu         ] GC(1380) User=0.12s Sys=0.00s Real=0.06s
[395.673s][info][gc,start       ] GC(1381) Pause Young (Allocation Failure)
[395.731s][info][gc,heap        ] GC(1381) PSYoungGen: 198400K(237568K)->55568K(237056K) Eden: 142848K(142848K)->0K(144384K) From: 55552K(94720K)->55568K(92672K)
[395.732s][info][gc,heap        ] GC(1381) ParOldGen: 595795K(667648K)->595795K(667648K)
[395.732s][info][gc,metaspace   ] GC(1381) Metaspace: 18841K(19008K)->18841K(19008K) NonClass: 17011K(17152K)->17011K(17152K) Class: 1829K(1856K)->1829K(1856K)
[395.732s][info][gc             ] GC(1381) Pause Young (Allocation Failure) 775M->636M(883M) 58.504ms
[395.732s][info][gc,cpu         ] GC(1381) User=0.12s Sys=0.00s Real=0.06s
[396.088s][info][gc,start       ] GC(1382) Pause Young (Allocation Failure)
[396.149s][info][gc,heap        ] GC(1382) PSYoungGen: 199952K(237056K)->55568K(238080K) Eden: 144384K(144384K)->0K(144384K) From: 55568K(92672K)->55568K(93696K)
[396.149s][info][gc,heap        ] GC(1382) ParOldGen: 595795K(667648K)->595795K(667648K)
[396.149s][info][gc,metaspace   ] GC(1382) Metaspace: 18841K(19008K)->18841K(19008K) NonClass: 17011K(17152K)->17011K(17152K) Class: 1829K(1856K)->1829K(1856K)
[396.149s][info][gc             ] GC(1382) Pause Young (Allocation Failure) 777M->636M(884M) 61.471ms
[396.149s][info][gc,cpu         ] GC(1382) User=0.12s Sys=0.00s Real=0.06s
[396.493s][info][gc,start       ] GC(1383) Pause Young (Allocation Failure)
[396.555s][info][gc,heap        ] GC(1383) PSYoungGen: 199952K(238080K)->55568K(236544K) Eden: 144384K(144384K)->0K(146944K) From: 55568K(93696K)->55568K(89600K)
[396.555s][info][gc,heap        ] GC(1383) ParOldGen: 595795K(667648K)->595795K(667648K)
[396.555s][info][gc,metaspace   ] GC(1383) Metaspace: 18841K(19008K)->18841K(19008K) NonClass: 17011K(17152K)->17011K(17152K) Class: 1829K(1856K)->1829K(1856K)
[396.555s][info][gc             ] GC(1383) Pause Young (Allocation Failure) 777M->636M(883M) 62.090ms
[396.555s][info][gc,cpu         ] GC(1383) User=0.12s Sys=0.00s Real=0.06s
[396.880s][info][gc,start       ] GC(1384) Pause Young (Allocation Failure)
[396.941s][info][gc,heap        ] GC(1384) PSYoungGen: 202512K(236544K)->57936K(238592K) Eden: 146944K(146944K)->0K(146944K) From: 55568K(89600K)->57936K(91648K)
[396.941s][info][gc,heap        ] GC(1384) ParOldGen: 595795K(667648K)->595795K(667648K)
[396.941s][info][gc,metaspace   ] GC(1384) Metaspace: 18841K(19008K)->18841K(19008K) NonClass: 17011K(17152K)->17011K(17152K) Class: 1829K(1856K)->1829K(1856K)
[396.941s][info][gc             ] GC(1384) Pause Young (Allocation Failure) 779M->638M(885M) 60.976ms
[396.941s][info][gc,cpu         ] GC(1384) User=0.12s Sys=0.00s Real=0.06s
[397.099s][info][gc,start       ] GC(1385) Pause Young (Allocation Failure)
[397.206s][info][gc,heap        ] GC(1385) PSYoungGen: 204880K(238592K)->91616K(211456K) Eden: 146944K(146944K)->0K(119808K) From: 57936K(91648K)->91616K(91648K)
[397.206s][info][gc,heap        ] GC(1385) ParOldGen: 595795K(667648K)->606315K(667648K)
[397.206s][info][gc,metaspace   ] GC(1385) Metaspace: 18841K(19008K)->18841K(19008K) NonClass: 17011K(17152K)->17011K(17152K) Class: 1829K(1856K)->1829K(1856K)
[397.206s][info][gc             ] GC(1385) Pause Young (Allocation Failure) 781M->681M(858M) 106.691ms
[397.206s][info][gc,cpu         ] GC(1385) User=0.19s Sys=0.02s Real=0.10s
[397.334s][info][gc,start       ] GC(1386) Pause Young (Allocation Failure)
[397.446s][info][gc,heap        ] GC(1386) PSYoungGen: 211424K(211456K)->106976K(226816K) Eden: 119808K(119808K)->0K(119808K) From: 91616K(91648K)->106976K(107008K)
[397.446s][info][gc,heap        ] GC(1386) ParOldGen: 606315K(667648K)->622738K(667648K)
[397.446s][info][gc,metaspace   ] GC(1386) Metaspace: 18841K(19008K)->18841K(19008K) NonClass: 17011K(17152K)->17011K(17152K) Class: 1829K(1856K)->1829K(1856K)
[397.446s][info][gc             ] GC(1386) Pause Young (Allocation Failure) 798M->712M(873M) 111.723ms
[397.446s][info][gc,cpu         ] GC(1386) User=0.22s Sys=0.00s Real=0.11s
[397.564s][info][gc,start       ] GC(1387) Pause Young (Allocation Failure)
[397.663s][info][gc,heap        ] GC(1387) PSYoungGen: 226784K(226816K)->93360K(218624K) Eden: 119808K(119808K)->0K(111616K) From: 106976K(107008K)->93360K(107008K)
[397.663s][info][gc,heap        ] GC(1387) ParOldGen: 622738K(667648K)->642283K(667648K)
[397.663s][info][gc,metaspace   ] GC(1387) Metaspace: 18841K(19008K)->18841K(19008K) NonClass: 17011K(17152K)->17011K(17152K) Class: 1829K(1856K)->1829K(1856K)
[397.663s][info][gc             ] GC(1387) Pause Young (Allocation Failure) 829M->718M(865M) 98.723ms
[397.663s][info][gc,cpu         ] GC(1387) User=0.19s Sys=0.00s Real=0.10s
[397.720s][info][gc,start       ] GC(1388) Pause Full (Allocation Failure)
[397.720s][info][gc,phases,start] GC(1388) Marking Phase
[398.072s][info][gc,phases      ] GC(1388) Marking Phase 352.449ms
[398.072s][info][gc,phases,start] GC(1388) Summary Phase
[398.072s][info][gc,phases      ] GC(1388) Summary Phase 0.028ms
[398.073s][info][gc,phases,start] GC(1388) Forward
[398.205s][info][gc,phases      ] GC(1388) Forward 132.094ms
[398.205s][info][gc,phases,start] GC(1388) Adjust Pointers
[398.465s][info][gc,phases      ] GC(1388) Adjust Pointers 260.069ms
[398.465s][info][gc,phases,start] GC(1388) Compaction Phase
[398.616s][info][gc,phases      ] GC(1388) Compaction Phase 151.596ms
[398.626s][info][gc,phases,start] GC(1388) Post Compact
[398.628s][info][gc,phases      ] GC(1388) Post Compact 2.479ms
[398.628s][info][gc,heap        ] GC(1388) PSYoungGen: 204976K(218624K)->0K(222720K) Eden: 111616K(111616K)->0K(111616K) From: 93360K(107008K)->0K(111104K)
[398.628s][info][gc,heap        ] GC(1388) ParOldGen: 642283K(667648K)->501882K(667648K)
[398.628s][info][gc,metaspace   ] GC(1388) Metaspace: 18841K(19008K)->18841K(19008K) NonClass: 17011K(17152K)->17011K(17152K) Class: 1829K(1856K)->1829K(1856K)
[398.628s][info][gc             ] GC(1388) Pause Full (Allocation Failure) 827M->490M(869M) 908.319ms
[398.628s][info][gc,cpu         ] GC(1388) User=1.67s Sys=0.01s Real=0.91s
[398.693s][info][gc,start       ] GC(1389) Pause Young (Allocation Failure)
[398.734s][info][gc,heap        ] GC(1389) PSYoungGen: 111616K(222720K)->47094K(222720K) Eden: 111616K(111616K)->0K(111616K) From: 0K(111104K)->47094K(111104K)
[398.734s][info][gc,heap        ] GC(1389) ParOldGen: 501882K(667648K)->501882K(667648K)
[398.734s][info][gc,metaspace   ] GC(1389) Metaspace: 18841K(19008K)->18841K(19008K) NonClass: 17012K(17152K)->17012K(17152K) Class: 1829K(1856K)->1829K(1856K)
[398.734s][info][gc             ] GC(1389) Pause Young (Allocation Failure) 599M->536M(869M) 41.745ms
[398.734s][info][gc,cpu         ] GC(1389) User=0.09s Sys=0.00s Real=0.04s
[398.876s][info][gc,start       ] GC(1390) Pause Young (Allocation Failure)
[398.931s][info][gc,heap        ] GC(1390) PSYoungGen: 158710K(222720K)->61878K(222720K) Eden: 111616K(111616K)->0K(111616K) From: 47094K(111104K)->61878K(111104K)
[398.931s][info][gc,heap        ] GC(1390) ParOldGen: 501882K(667648K)->501882K(667648K)
[398.931s][info][gc,metaspace   ] GC(1390) Metaspace: 18841K(19008K)->18841K(19008K) NonClass: 17012K(17152K)->17012K(17152K) Class: 1829K(1856K)->1829K(1856K)
[398.931s][info][gc             ] GC(1390) Pause Young (Allocation Failure) 645M->550M(869M) 55.000ms
[398.931s][info][gc,cpu         ] GC(1390) User=0.11s Sys=0.00s Real=0.06s
[399.046s][info][gc,start       ] GC(1391) Pause Young (Allocation Failure)
[399.099s][info][gc,heap        ] GC(1391) PSYoungGen: 173494K(222720K)->61952K(222720K) Eden: 111616K(111616K)->0K(111616K) From: 61878K(111104K)->61952K(111104K)
[399.099s][info][gc,heap        ] GC(1391) ParOldGen: 501882K(667648K)->501882K(667648K)
[399.099s][info][gc,metaspace   ] GC(1391) Metaspace: 18841K(19008K)->18841K(19008K) NonClass: 17012K(17152K)->17012K(17152K) Class: 1829K(1856K)->1829K(1856K)
[399.099s][info][gc             ] GC(1391) Pause Young (Allocation Failure) 659M->550M(869M) 53.302ms
[399.099s][info][gc,cpu         ] GC(1391) User=0.11s Sys=0.00s Real=0.06s
[399.219s][info][gc,start       ] GC(1392) Pause Young (Allocation Failure)
[399.272s][info][gc,heap        ] GC(1392) PSYoungGen: 173568K(222720K)->62038K(222720K) Eden: 111616K(111616K)->0K(111616K) From: 61952K(111104K)->62038K(111104K)
[399.272s][info][gc,heap        ] GC(1392) ParOldGen: 501882K(667648K)->501882K(667648K)
[399.272s][info][gc,metaspace   ] GC(1392) Metaspace: 18841K(19008K)->18841K(19008K) NonClass: 17012K(17152K)->17012K(17152K) Class: 1829K(1856K)->1829K(1856K)
[399.272s][info][gc             ] GC(1392) Pause Young (Allocation Failure) 659M->550M(869M) 53.101ms
[399.272s][info][gc,cpu         ] GC(1392) User=0.10s Sys=0.00s Real=0.05s
[399.388s][info][gc,start       ] GC(1393) Pause Young (Allocation Failure)
[399.442s][info][gc,heap        ] GC(1393) PSYoungGen: 173654K(222720K)->62176K(212480K) Eden: 111616K(111616K)->0K(111616K) From: 62038K(111104K)->62176K(100864K)
[399.442s][info][gc,heap        ] GC(1393) ParOldGen: 501882K(667648K)->501882K(667648K)
[399.442s][info][gc,metaspace   ] GC(1393) Metaspace: 18841K(19008K)->18841K(19008K) NonClass: 17012K(17152K)->17012K(17152K) Class: 1829K(1856K)->1829K(1856K)
[399.442s][info][gc             ] GC(1393) Pause Young (Allocation Failure) 659M->550M(859M) 54.030ms
[399.442s][info][gc,cpu         ] GC(1393) User=0.11s Sys=0.00s Real=0.05s
[399.564s][info][gc,start       ] GC(1394) Pause Young (Allocation Failure)
[399.618s][info][gc,heap        ] GC(1394) PSYoungGen: 173792K(212480K)->62262K(217600K) Eden: 111616K(111616K)->0K(111616K) From: 62176K(100864K)->62262K(105984K)
[399.618s][info][gc,heap        ] GC(1394) ParOldGen: 501882K(667648K)->501882K(667648K)
[399.618s][info][gc,metaspace   ] GC(1394) Metaspace: 18841K(19008K)->18841K(19008K) NonClass: 17012K(17152K)->17012K(17152K) Class: 1829K(1856K)->1829K(1856K)
[399.618s][info][gc             ] GC(1394) Pause Young (Allocation Failure) 659M->550M(864M) 54.223ms
[399.618s][info][gc,cpu         ] GC(1394) User=0.11s Sys=0.00s Real=0.06s
[399.738s][info][gc,start       ] GC(1395) Pause Young (Allocation Failure)
[399.792s][info][gc,heap        ] GC(1395) PSYoungGen: 173878K(217600K)->62294K(216576K) Eden: 111616K(111616K)->0K(122880K) From: 62262K(105984K)->62294K(93696K)
[399.792s][info][gc,heap        ] GC(1395) ParOldGen: 501882K(667648K)->501882K(667648K)
[399.792s][info][gc,metaspace   ] GC(1395) Metaspace: 18841K(19008K)->18841K(19008K) NonClass: 17012K(17152K)->17012K(17152K) Class: 1829K(1856K)->1829K(1856K)
[399.792s][info][gc             ] GC(1395) Pause Young (Allocation Failure) 659M->550M(863M) 54.073ms
[399.792s][info][gc,cpu         ] GC(1395) User=0.11s Sys=0.00s Real=0.05s
[399.925s][info][gc,start       ] GC(1396) Pause Young (Allocation Failure)
[399.984s][info][gc,heap        ] GC(1396) PSYoungGen: 185174K(216576K)->62422K(220672K) Eden: 122880K(122880K)->0K(122880K) From: 62294K(93696K)->62422K(97792K)
[399.984s][info][gc,heap        ] GC(1396) ParOldGen: 501882K(667648K)->501882K(667648K)
[399.984s][info][gc,metaspace   ] GC(1396) Metaspace: 18841K(19008K)->18841K(19008K) NonClass: 17012K(17152K)->17012K(17152K) Class: 1829K(1856K)->1829K(1856K)
[399.984s][info][gc             ] GC(1396) Pause Young (Allocation Failure) 670M->551M(867M) 59.350ms
[399.985s][info][gc,cpu         ] GC(1396) User=0.12s Sys=0.00s Real=0.06s
[400.111s][info][gc,start       ] GC(1397) Pause Young (Allocation Failure)
[400.165s][info][gc,heap        ] GC(1397) PSYoungGen: 185302K(220672K)->62518K(223744K) Eden: 122880K(122880K)->0K(135168K) From: 62422K(97792K)->62518K(88576K)
[400.165s][info][gc,heap        ] GC(1397) ParOldGen: 501882K(667648K)->501882K(667648K)
[400.165s][info][gc,metaspace   ] GC(1397) Metaspace: 18841K(19008K)->18841K(19008K) NonClass: 17012K(17152K)->17012K(17152K) Class: 1829K(1856K)->1829K(1856K)
[400.165s][info][gc             ] GC(1397) Pause Young (Allocation Failure) 671M->551M(870M) 54.063ms
[400.165s][info][gc,cpu         ] GC(1397) User=0.11s Sys=0.00s Real=0.05s
[400.309s][info][gc,start       ] GC(1398) Pause Young (Allocation Failure)
[400.366s][info][gc,heap        ] GC(1398) PSYoungGen: 197686K(223744K)->16064K(226816K) Eden: 135168K(135168K)->0K(135168K) From: 62518K(88576K)->16064K(91648K)
[400.366s][info][gc,heap        ] GC(1398) ParOldGen: 501882K(667648K)->548948K(667648K)
[400.366s][info][gc,metaspace   ] GC(1398) Metaspace: 18841K(19008K)->18841K(19008K) NonClass: 17012K(17152K)->17012K(17152K) Class: 1829K(1856K)->1829K(1856K)
[400.366s][info][gc             ] GC(1398) Pause Young (Allocation Failure) 683M->551M(873M) 56.532ms
[400.366s][info][gc,cpu         ] GC(1398) User=0.11s Sys=0.01s Real=0.05s
[400.517s][info][gc,start       ] GC(1399) Pause Young (Allocation Failure)
[400.549s][info][gc,heap        ] GC(1399) PSYoungGen: 151232K(226816K)->4288K(226304K) Eden: 135168K(135168K)->0K(130048K) From: 16064K(91648K)->4288K(96256K)
[400.549s][info][gc,heap        ] GC(1399) ParOldGen: 548948K(667648K)->564312K(667648K)
[400.549s][info][gc,metaspace   ] GC(1399) Metaspace: 18842K(19008K)->18842K(19008K) NonClass: 17013K(17152K)->17013K(17152K) Class: 1829K(1856K)->1829K(1856K)
[400.549s][info][gc             ] GC(1399) Pause Young (Allocation Failure) 683M->555M(873M) 31.699ms
[400.549s][info][gc,cpu         ] GC(1399) User=0.07s Sys=0.00s Real=0.03s
[400.714s][info][gc,start       ] GC(1400) Pause Young (Allocation Failure)
[400.755s][info][gc,heap        ] GC(1400) PSYoungGen: 134336K(226304K)->21867K(231936K) Eden: 130048K(130048K)->0K(130048K) From: 4288K(96256K)->21867K(101888K)
[400.755s][info][gc,heap        ] GC(1400) ParOldGen: 564312K(667648K)->564312K(667648K)
[400.755s][info][gc,metaspace   ] GC(1400) Metaspace: 18842K(19008K)->18842K(19008K) NonClass: 17013K(17152K)->17013K(17152K) Class: 1829K(1856K)->1829K(1856K)
[400.755s][info][gc             ] GC(1400) Pause Young (Allocation Failure) 682M->572M(878M) 40.890ms
[400.755s][info][gc,cpu         ] GC(1400) User=0.09s Sys=0.00s Real=0.04s
[400.923s][info][gc,start       ] GC(1401) Pause Young (Allocation Failure)
[400.961s][info][gc,heap        ] GC(1401) PSYoungGen: 151915K(231936K)->21867K(230912K) Eden: 130048K(130048K)->0K(130048K) From: 21867K(101888K)->21867K(100864K)
[400.961s][info][gc,heap        ] GC(1401) ParOldGen: 564312K(667648K)->564312K(667648K)
[400.961s][info][gc,metaspace   ] GC(1401) Metaspace: 18842K(19008K)->18842K(19008K) NonClass: 17013K(17152K)->17013K(17152K) Class: 1829K(1856K)->1829K(1856K)
[400.961s][info][gc             ] GC(1401) Pause Young (Allocation Failure) 699M->572M(877M) 38.750ms
[400.961s][info][gc,cpu         ] GC(1401) User=0.07s Sys=0.00s Real=0.04s
[401.128s][info][gc,start       ] GC(1402) Pause Young (Allocation Failure)
[401.166s][info][gc,heap        ] GC(1402) PSYoungGen: 151915K(230912K)->21867K(231424K) Eden: 130048K(130048K)->0K(130048K) From: 21867K(100864K)->21867K(101376K)
[401.166s][info][gc,heap        ] GC(1402) ParOldGen: 564312K(667648K)->564312K(667648K)
[401.166s][info][gc,metaspace   ] GC(1402) Metaspace: 18842K(19008K)->18842K(19008K) NonClass: 17013K(17152K)->17013K(17152K) Class: 1829K(1856K)->1829K(1856K)
[401.166s][info][gc             ] GC(1402) Pause Young (Allocation Failure) 699M->572M(878M) 37.747ms
[401.166s][info][gc,cpu         ] GC(1402) User=0.08s Sys=0.00s Real=0.03s
[401.331s][info][gc,start       ] GC(1403) Pause Young (Allocation Failure)
[401.367s][info][gc,heap        ] GC(1403) PSYoungGen: 151915K(231424K)->21867K(230400K) Eden: 130048K(130048K)->0K(132608K) From: 21867K(101376K)->21867K(97792K)
[401.367s][info][gc,heap        ] GC(1403) ParOldGen: 564312K(667648K)->564312K(667648K)
[401.367s][info][gc,metaspace   ] GC(1403) Metaspace: 18842K(19008K)->18842K(19008K) NonClass: 17013K(17152K)->17013K(17152K) Class: 1829K(1856K)->1829K(1856K)
[401.367s][info][gc             ] GC(1403) Pause Young (Allocation Failure) 699M->572M(877M) 36.612ms
[401.367s][info][gc,cpu         ] GC(1403) User=0.08s Sys=0.00s Real=0.04s
[401.534s][info][gc,start       ] GC(1404) Pause Young (Allocation Failure)
[401.570s][info][gc,heap        ] GC(1404) PSYoungGen: 154475K(230400K)->21867K(230912K) Eden: 132608K(132608K)->0K(132608K) From: 21867K(97792K)->21867K(98304K)
[401.570s][info][gc,heap        ] GC(1404) ParOldGen: 564312K(667648K)->564312K(667648K)
[401.570s][info][gc,metaspace   ] GC(1404) Metaspace: 18842K(19008K)->18842K(19008K) NonClass: 17013K(17152K)->17013K(17152K) Class: 1829K(1856K)->1829K(1856K)
[401.570s][info][gc             ] GC(1404) Pause Young (Allocation Failure) 701M->572M(877M) 36.458ms
[401.570s][info][gc,cpu         ] GC(1404) User=0.07s Sys=0.00s Real=0.04s
[401.711s][info][gc,start       ] GC(1405) Pause Young (Allocation Failure)
[401.762s][info][gc,heap        ] GC(1405) PSYoungGen: 154475K(230912K)->34411K(228352K) Eden: 132608K(132608K)->0K(139776K) From: 21867K(98304K)->34411K(88576K)
[401.762s][info][gc,heap        ] GC(1405) ParOldGen: 564312K(667648K)->564312K(667648K)
[401.762s][info][gc,metaspace   ] GC(1405) Metaspace: 18842K(19008K)->18842K(19008K) NonClass: 17013K(17152K)->17013K(17152K) Class: 1829K(1856K)->1829K(1856K)
[401.762s][info][gc             ] GC(1405) Pause Young (Allocation Failure) 701M->584M(875M) 50.981ms
[401.762s][info][gc,cpu         ] GC(1405) User=0.10s Sys=0.00s Real=0.05s
[401.892s][info][gc,start       ] GC(1406) Pause Young (Allocation Failure)
[401.968s][info][gc,heap        ] GC(1406) PSYoungGen: 174187K(228352K)->55787K(230912K) Eden: 139776K(139776K)->0K(139776K) From: 34411K(88576K)->55787K(91136K)
[401.968s][info][gc,heap        ] GC(1406) ParOldGen: 564312K(667648K)->564384K(667648K)
[401.968s][info][gc,metaspace   ] GC(1406) Metaspace: 18842K(19008K)->18842K(19008K) NonClass: 17013K(17152K)->17013K(17152K) Class: 1829K(1856K)->1829K(1856K)
[401.968s][info][gc             ] GC(1406) Pause Young (Allocation Failure) 721M->605M(877M) 75.960ms
[401.968s][info][gc,cpu         ] GC(1406) User=0.15s Sys=0.00s Real=0.08s
[402.086s][info][gc,start       ] GC(1407) Pause Young (Allocation Failure)
[402.165s][info][gc,heap        ] GC(1407) PSYoungGen: 195563K(230912K)->59691K(237568K) Eden: 139776K(139776K)->0K(145408K) From: 55787K(91136K)->59691K(92160K)
[402.165s][info][gc,heap        ] GC(1407) ParOldGen: 564384K(667648K)->564496K(667648K)
[402.165s][info][gc,metaspace   ] GC(1407) Metaspace: 18842K(19008K)->18842K(19008K) NonClass: 17013K(17152K)->17013K(17152K) Class: 1829K(1856K)->1829K(1856K)
[402.165s][info][gc             ] GC(1407) Pause Young (Allocation Failure) 742M->609M(884M) 78.981ms
[402.165s][info][gc,cpu         ] GC(1407) User=0.16s Sys=0.00s Real=0.08s
[402.287s][info][gc,start       ] GC(1408) Pause Young (Allocation Failure)
[402.367s][info][gc,heap        ] GC(1408) PSYoungGen: 205099K(237568K)->61035K(206848K) Eden: 145408K(145408K)->0K(145408K) From: 59691K(92160K)->61035K(61440K)
[402.367s][info][gc,heap        ] GC(1408) ParOldGen: 564496K(667648K)->564624K(667648K)
[402.367s][info][gc,metaspace   ] GC(1408) Metaspace: 18842K(19008K)->18842K(19008K) NonClass: 17013K(17152K)->17013K(17152K) Class: 1829K(1856K)->1829K(1856K)
[402.367s][info][gc             ] GC(1408) Pause Young (Allocation Failure) 751M->610M(854M) 80.102ms
[402.367s][info][gc,cpu         ] GC(1408) User=0.16s Sys=0.00s Real=0.08s
[402.501s][info][gc,start       ] GC(1409) Pause Young (Allocation Failure)
[402.585s][info][gc,heap        ] GC(1409) PSYoungGen: 206443K(206848K)->64683K(232960K) Eden: 145408K(145408K)->0K(137216K) From: 61035K(61440K)->64683K(95744K)
[402.585s][info][gc,heap        ] GC(1409) ParOldGen: 564624K(667648K)->564712K(667648K)
[402.585s][info][gc,metaspace   ] GC(1409) Metaspace: 18842K(19008K)->18842K(19008K) NonClass: 17013K(17152K)->17013K(17152K) Class: 1829K(1856K)->1829K(1856K)
[402.585s][info][gc             ] GC(1409) Pause Young (Allocation Failure) 752M->614M(879M) 83.902ms
[402.585s][info][gc,cpu         ] GC(1409) User=0.17s Sys=0.00s Real=0.08s
[402.693s][info][gc,start       ] GC(1410) Pause Young (Allocation Failure)
[402.775s][info][gc,heap        ] GC(1410) PSYoungGen: 201899K(232960K)->64683K(202240K) Eden: 137216K(137216K)->0K(137216K) From: 64683K(95744K)->64683K(65024K)
[402.775s][info][gc,heap        ] GC(1410) ParOldGen: 564712K(667648K)->564792K(667648K)
[402.775s][info][gc,metaspace   ] GC(1410) Metaspace: 18842K(19008K)->18842K(19008K) NonClass: 17013K(17152K)->17013K(17152K) Class: 1829K(1856K)->1829K(1856K)
[402.775s][info][gc             ] GC(1410) Pause Young (Allocation Failure) 748M->614M(849M) 82.249ms
[402.775s][info][gc,cpu         ] GC(1410) User=0.17s Sys=0.00s Real=0.08s
[402.900s][info][gc,start       ] GC(1411) Pause Young (Allocation Failure)
[403.004s][info][gc,heap        ] GC(1411) PSYoungGen: 201899K(202240K)->83019K(218624K) Eden: 137216K(137216K)->0K(118784K) From: 64683K(65024K)->83019K(99840K)
[403.004s][info][gc,heap        ] GC(1411) ParOldGen: 564792K(667648K)->565008K(667648K)
[403.004s][info][gc,metaspace   ] GC(1411) Metaspace: 18842K(19008K)->18842K(19008K) NonClass: 17013K(17152K)->17013K(17152K) Class: 1829K(1856K)->1829K(1856K)
[403.004s][info][gc             ] GC(1411) Pause Young (Allocation Failure) 748M->632M(865M) 103.817ms
[403.004s][info][gc,cpu         ] GC(1411) User=0.21s Sys=0.00s Real=0.10s
[403.107s][info][gc,start       ] GC(1412) Pause Young (Allocation Failure)
[403.231s][info][gc,heap        ] GC(1412) PSYoungGen: 201803K(218624K)->105420K(224256K) Eden: 118784K(118784K)->0K(118784K) From: 83019K(99840K)->105420K(105472K)
[403.231s][info][gc,heap        ] GC(1412) ParOldGen: 565008K(667648K)->568656K(667648K)
[403.231s][info][gc,metaspace   ] GC(1412) Metaspace: 18842K(19008K)->18842K(19008K) NonClass: 17013K(17152K)->17013K(17152K) Class: 1829K(1856K)->1829K(1856K)
[403.231s][info][gc             ] GC(1412) Pause Young (Allocation Failure) 748M->658M(871M) 124.005ms
[403.231s][info][gc,cpu         ] GC(1412) User=0.24s Sys=0.00s Real=0.12s
[403.325s][info][gc,start       ] GC(1413) Pause Young (Allocation Failure)
[403.467s][info][gc,heap        ] GC(1413) PSYoungGen: 224204K(224256K)->104928K(221184K) Eden: 118784K(118784K)->0K(111616K) From: 105420K(105472K)->104928K(109568K)
[403.467s][info][gc,heap        ] GC(1413) ParOldGen: 568656K(667648K)->586280K(667648K)
[403.467s][info][gc,metaspace   ] GC(1413) Metaspace: 18842K(19008K)->18842K(19008K) NonClass: 17013K(17152K)->17013K(17152K) Class: 1829K(1856K)->1829K(1856K)
[403.467s][info][gc             ] GC(1413) Pause Young (Allocation Failure) 774M->675M(868M) 141.598ms
[403.467s][info][gc,cpu         ] GC(1413) User=0.27s Sys=0.01s Real=0.15s
[403.565s][info][gc,start       ] GC(1414) Pause Young (Allocation Failure)
[403.679s][info][gc,heap        ] GC(1414) PSYoungGen: 216544K(221184K)->111104K(222720K) Eden: 111616K(111616K)->0K(111616K) From: 104928K(109568K)->111104K(111104K)
[403.679s][info][gc,heap        ] GC(1414) ParOldGen: 586280K(667648K)->587776K(667648K)
[403.679s][info][gc,metaspace   ] GC(1414) Metaspace: 18842K(19008K)->18842K(19008K) NonClass: 17013K(17152K)->17013K(17152K) Class: 1829K(1856K)->1829K(1856K)
[403.679s][info][gc             ] GC(1414) Pause Young (Allocation Failure) 784M->682M(869M) 113.549ms
[403.679s][info][gc,cpu         ] GC(1414) User=0.22s Sys=0.00s Real=0.12s
[403.806s][info][gc,start       ] GC(1415) Pause Young (Allocation Failure)
[403.917s][info][gc,heap        ] GC(1415) PSYoungGen: 222720K(222720K)->99328K(222720K) Eden: 111616K(111616K)->0K(111616K) From: 111104K(111104K)->99328K(111104K)
[403.917s][info][gc,heap        ] GC(1415) ParOldGen: 587776K(667648K)->600312K(667648K)
[403.917s][info][gc,metaspace   ] GC(1415) Metaspace: 18842K(19008K)->18842K(19008K) NonClass: 17013K(17152K)->17013K(17152K) Class: 1829K(1856K)->1829K(1856K)
[403.917s][info][gc             ] GC(1415) Pause Young (Allocation Failure) 791M->683M(869M) 111.019ms
[403.917s][info][gc,cpu         ] GC(1415) User=0.22s Sys=0.00s Real=0.12s
[404.057s][info][gc,start       ] GC(1416) Pause Young (Allocation Failure)
[404.166s][info][gc,heap        ] GC(1416) PSYoungGen: 210944K(222720K)->80416K(222720K) Eden: 111616K(111616K)->0K(111616K) From: 99328K(111104K)->80416K(111104K)
[404.166s][info][gc,heap        ] GC(1416) ParOldGen: 600312K(667648K)->625800K(667648K)
[404.166s][info][gc,metaspace   ] GC(1416) Metaspace: 18842K(19008K)->18842K(19008K) NonClass: 17013K(17152K)->17013K(17152K) Class: 1829K(1856K)->1829K(1856K)
[404.167s][info][gc             ] GC(1416) Pause Young (Allocation Failure) 792M->689M(869M) 109.851ms
[404.167s][info][gc,cpu         ] GC(1416) User=0.22s Sys=0.00s Real=0.11s
[404.280s][info][gc,start       ] GC(1417) Pause Young (Allocation Failure)
[404.364s][info][gc,heap        ] GC(1417) PSYoungGen: 192032K(222720K)->75392K(222720K) Eden: 111616K(111616K)->0K(111616K) From: 80416K(111104K)->75392K(111104K)
[404.364s][info][gc,heap        ] GC(1417) ParOldGen: 625800K(667648K)->631024K(667648K)
[404.364s][info][gc,metaspace   ] GC(1417) Metaspace: 18842K(19008K)->18842K(19008K) NonClass: 17013K(17152K)->17013K(17152K) Class: 1829K(1856K)->1829K(1856K)
[404.364s][info][gc             ] GC(1417) Pause Young (Allocation Failure) 798M->689M(869M) 84.519ms
[404.364s][info][gc,cpu         ] GC(1417) User=0.17s Sys=0.00s Real=0.08s
[404.434s][info][gc,start       ] GC(1418) Pause Young (Allocation Failure)
[404.522s][info][gc,heap        ] GC(1418) PSYoungGen: 187008K(222720K)->57088K(222720K) Eden: 111616K(111616K)->0K(111616K) From: 75392K(111104K)->57088K(111104K)
[404.522s][info][gc,heap        ] GC(1418) ParOldGen: 631024K(667648K)->649352K(667648K)
[404.522s][info][gc,metaspace   ] GC(1418) Metaspace: 18842K(19008K)->18842K(19008K) NonClass: 17013K(17152K)->17013K(17152K) Class: 1829K(1856K)->1829K(1856K)
[404.522s][info][gc             ] GC(1418) Pause Young (Allocation Failure) 798M->689M(869M) 87.528ms
[404.522s][info][gc,cpu         ] GC(1418) User=0.17s Sys=0.00s Real=0.09s
[404.673s][info][gc,start       ] GC(1419) Pause Full (Allocation Failure)
[404.673s][info][gc,phases,start] GC(1419) Marking Phase
[404.953s][info][gc,phases      ] GC(1419) Marking Phase 279.839ms
[404.953s][info][gc,phases,start] GC(1419) Summary Phase
[404.953s][info][gc,phases      ] GC(1419) Summary Phase 0.030ms
[404.953s][info][gc,phases,start] GC(1419) Forward
[405.058s][info][gc,phases      ] GC(1419) Forward 105.513ms
[405.058s][info][gc,phases,start] GC(1419) Adjust Pointers
[405.276s][info][gc,phases      ] GC(1419) Adjust Pointers 217.964ms
[405.276s][info][gc,phases,start] GC(1419) Compaction Phase
[405.389s][info][gc,phases      ] GC(1419) Compaction Phase 112.162ms
[405.399s][info][gc,phases,start] GC(1419) Post Compact
[405.401s][info][gc,phases      ] GC(1419) Post Compact 2.432ms
[405.403s][info][gc,heap        ] GC(1419) PSYoungGen: 168704K(222720K)->0K(222720K) Eden: 111616K(111616K)->0K(111616K) From: 57088K(111104K)->0K(111104K)
[405.403s][info][gc,heap        ] GC(1419) ParOldGen: 649352K(667648K)->385146K(647168K)
[405.403s][info][gc,metaspace   ] GC(1419) Metaspace: 18842K(19008K)->18842K(19008K) NonClass: 17013K(17152K)->17013K(17152K) Class: 1829K(1856K)->1829K(1856K)
[405.403s][info][gc             ] GC(1419) Pause Full (Allocation Failure) 798M->376M(849M) 730.370ms
[405.403s][info][gc,cpu         ] GC(1419) User=1.33s Sys=0.00s Real=0.73s
[405.553s][info][gc,start       ] GC(1420) Pause Young (Allocation Failure)
[405.565s][info][gc,heap        ] GC(1420) PSYoungGen: 111616K(222720K)->9152K(222720K) Eden: 111616K(111616K)->0K(111616K) From: 0K(111104K)->9152K(111104K)
[405.565s][info][gc,heap        ] GC(1420) ParOldGen: 385146K(647168K)->385146K(647168K)
[405.565s][info][gc,metaspace   ] GC(1420) Metaspace: 18842K(19008K)->18842K(19008K) NonClass: 17013K(17152K)->17013K(17152K) Class: 1829K(1856K)->1829K(1856K)
[405.565s][info][gc             ] GC(1420) Pause Young (Allocation Failure) 485M->385M(849M) 11.922ms
[405.565s][info][gc,cpu         ] GC(1420) User=0.02s Sys=0.00s Real=0.01s
[405.910s][info][gc,start       ] GC(1421) Pause Young (Allocation Failure)
[405.922s][info][gc,heap        ] GC(1421) PSYoungGen: 120768K(222720K)->9248K(222720K) Eden: 111616K(111616K)->0K(111616K) From: 9152K(111104K)->9248K(111104K)
[405.922s][info][gc,heap        ] GC(1421) ParOldGen: 385146K(647168K)->385146K(647168K)
[405.922s][info][gc,metaspace   ] GC(1421) Metaspace: 18842K(19008K)->18842K(19008K) NonClass: 17013K(17152K)->17013K(17152K) Class: 1829K(1856K)->1829K(1856K)
[405.922s][info][gc             ] GC(1421) Pause Young (Allocation Failure) 494M->385M(849M) 11.778ms
[405.922s][info][gc,cpu         ] GC(1421) User=0.03s Sys=0.00s Real=0.01s
[406.187s][info][gc,start       ] GC(1422) Pause Young (Allocation Failure)
[406.198s][info][gc,heap        ] GC(1422) PSYoungGen: 120864K(222720K)->9392K(222720K) Eden: 111616K(111616K)->0K(111616K) From: 9248K(111104K)->9392K(111104K)
[406.198s][info][gc,heap        ] GC(1422) ParOldGen: 385146K(647168K)->385146K(647168K)
[406.198s][info][gc,metaspace   ] GC(1422) Metaspace: 18842K(19008K)->18842K(19008K) NonClass: 17013K(17152K)->17013K(17152K) Class: 1829K(1856K)->1829K(1856K)
[406.198s][info][gc             ] GC(1422) Pause Young (Allocation Failure) 494M->385M(849M) 11.147ms
[406.198s][info][gc,cpu         ] GC(1422) User=0.02s Sys=0.00s Real=0.01s
[406.462s][info][gc,start       ] GC(1423) Pause Young (Allocation Failure)
[406.473s][info][gc,heap        ] GC(1423) PSYoungGen: 121008K(222720K)->320K(222720K) Eden: 111616K(111616K)->0K(111616K) From: 9392K(111104K)->320K(111104K)
[406.473s][info][gc,heap        ] GC(1423) ParOldGen: 385146K(647168K)->394290K(647168K)
[406.473s][info][gc,metaspace   ] GC(1423) Metaspace: 18842K(19008K)->18842K(19008K) NonClass: 17013K(17152K)->17013K(17152K) Class: 1829K(1856K)->1829K(1856K)
[406.473s][info][gc             ] GC(1423) Pause Young (Allocation Failure) 494M->385M(849M) 11.727ms
[406.474s][info][gc,cpu         ] GC(1423) User=0.03s Sys=0.00s Real=0.01s
[406.717s][info][gc,start       ] GC(1424) Pause Young (Allocation Failure)
[406.719s][info][gc,heap        ] GC(1424) PSYoungGen: 111936K(222720K)->64K(222720K) Eden: 111616K(111616K)->0K(111616K) From: 320K(111104K)->64K(111104K)
[406.719s][info][gc,heap        ] GC(1424) ParOldGen: 394290K(647168K)->394554K(647168K)
[406.719s][info][gc,metaspace   ] GC(1424) Metaspace: 18842K(19008K)->18842K(19008K) NonClass: 17013K(17152K)->17013K(17152K) Class: 1829K(1856K)->1829K(1856K)
[406.719s][info][gc             ] GC(1424) Pause Young (Allocation Failure) 494M->385M(849M) 2.308ms
[406.719s][info][gc,cpu         ] GC(1424) User=0.01s Sys=0.00s Real=0.00s
[406.998s][info][gc,start       ] GC(1425) Pause Young (Allocation Failure)
[407.001s][info][gc,heap        ] GC(1425) PSYoungGen: 111680K(222720K)->64K(222720K) Eden: 111616K(111616K)->0K(111616K) From: 64K(111104K)->64K(111104K)
[407.001s][info][gc,heap        ] GC(1425) ParOldGen: 394554K(647168K)->394602K(647168K)
[407.001s][info][gc,metaspace   ] GC(1425) Metaspace: 18842K(19008K)->18842K(19008K) NonClass: 17013K(17152K)->17013K(17152K) Class: 1829K(1856K)->1829K(1856K)
[407.001s][info][gc             ] GC(1425) Pause Young (Allocation Failure) 494M->385M(849M) 2.504ms
[407.001s][info][gc,cpu         ] GC(1425) User=0.00s Sys=0.00s Real=0.00s
[407.211s][info][gc,start       ] GC(1426) Pause Young (Allocation Failure)
[407.218s][info][gc,heap        ] GC(1426) PSYoungGen: 111680K(222720K)->5664K(222720K) Eden: 111616K(111616K)->0K(111616K) From: 64K(111104K)->5664K(111104K)
[407.218s][info][gc,heap        ] GC(1426) ParOldGen: 394602K(647168K)->394642K(647168K)
[407.218s][info][gc,metaspace   ] GC(1426) Metaspace: 18842K(19008K)->18842K(19008K) NonClass: 17013K(17152K)->17013K(17152K) Class: 1829K(1856K)->1829K(1856K)
[407.218s][info][gc             ] GC(1426) Pause Young (Allocation Failure) 494M->390M(849M) 7.627ms
[407.218s][info][gc,cpu         ] GC(1426) User=0.02s Sys=0.00s Real=0.01s
[407.389s][info][gc,start       ] GC(1427) Pause Young (Allocation Failure)
[407.415s][info][gc,heap        ] GC(1427) PSYoungGen: 117280K(222720K)->24736K(222720K) Eden: 111616K(111616K)->0K(111616K) From: 5664K(111104K)->24736K(111104K)
[407.415s][info][gc,heap        ] GC(1427) ParOldGen: 394642K(647168K)->400298K(647168K)
[407.415s][info][gc,metaspace   ] GC(1427) Metaspace: 18842K(19008K)->18842K(19008K) NonClass: 17013K(17152K)->17013K(17152K) Class: 1829K(1856K)->1829K(1856K)
[407.415s][info][gc             ] GC(1427) Pause Young (Allocation Failure) 499M->415M(849M) 25.810ms
[407.415s][info][gc,cpu         ] GC(1427) User=0.05s Sys=0.00s Real=0.02s
[407.485s][info][gc,start       ] GC(1428) Pause Young (Allocation Failure)
[407.533s][info][gc,heap        ] GC(1428) PSYoungGen: 136352K(222720K)->43936K(222720K) Eden: 111616K(111616K)->0K(111616K) From: 24736K(111104K)->43936K(111104K)
[407.533s][info][gc,heap        ] GC(1428) ParOldGen: 400298K(647168K)->425283K(647168K)
[407.533s][info][gc,metaspace   ] GC(1428) Metaspace: 18842K(19008K)->18842K(19008K) NonClass: 17013K(17152K)->17013K(17152K) Class: 1829K(1856K)->1829K(1856K)
[407.533s][info][gc             ] GC(1428) Pause Young (Allocation Failure) 524M->458M(849M) 48.602ms
[407.533s][info][gc,cpu         ] GC(1428) User=0.10s Sys=0.00s Real=0.05s
[407.600s][info][gc,start       ] GC(1429) Pause Young (Allocation Failure)
[407.658s][info][gc,heap        ] GC(1429) PSYoungGen: 155552K(222720K)->43136K(222720K) Eden: 111616K(111616K)->0K(111616K) From: 43936K(111104K)->43136K(111104K)
[407.658s][info][gc,heap        ] GC(1429) ParOldGen: 425283K(647168K)->469723K(647168K)
[407.658s][info][gc,metaspace   ] GC(1429) Metaspace: 18842K(19008K)->18842K(19008K) NonClass: 17013K(17152K)->17013K(17152K) Class: 1829K(1856K)->1829K(1856K)
[407.658s][info][gc             ] GC(1429) Pause Young (Allocation Failure) 567M->500M(849M) 58.073ms
[407.658s][info][gc,cpu         ] GC(1429) User=0.11s Sys=0.00s Real=0.06s
[407.798s][info][gc,start       ] GC(1430) Pause Young (Allocation Failure)
[407.851s][info][gc,heap        ] GC(1430) PSYoungGen: 154752K(222720K)->30592K(142336K) Eden: 111616K(111616K)->0K(111616K) From: 43136K(111104K)->30592K(30720K)
[407.851s][info][gc,heap        ] GC(1430) ParOldGen: 469723K(647168K)->513336K(647168K)
[407.851s][info][gc,metaspace   ] GC(1430) Metaspace: 18842K(19008K)->18842K(19008K) NonClass: 17013K(17152K)->17013K(17152K) Class: 1829K(1856K)->1829K(1856K)
[407.851s][info][gc             ] GC(1430) Pause Young (Allocation Failure) 609M->531M(771M) 52.699ms
[407.851s][info][gc,cpu         ] GC(1430) User=0.11s Sys=0.00s Real=0.05s
[408.020s][info][gc,start       ] GC(1431) Pause Young (Allocation Failure)
[408.072s][info][gc,heap        ] GC(1431) PSYoungGen: 142208K(142336K)->34517K(223744K) Eden: 111616K(111616K)->0K(118272K) From: 30592K(30720K)->34517K(105472K)
[408.072s][info][gc,heap        ] GC(1431) ParOldGen: 513336K(647168K)->544244K(647168K)
[408.072s][info][gc,metaspace   ] GC(1431) Metaspace: 18842K(19008K)->18842K(19008K) NonClass: 17013K(17152K)->17013K(17152K) Class: 1829K(1856K)->1829K(1856K)
[408.072s][info][gc             ] GC(1431) Pause Young (Allocation Failure) 640M->565M(850M) 51.818ms
[408.072s][info][gc,cpu         ] GC(1431) User=0.10s Sys=0.00s Real=0.05s
[408.220s][info][gc,start       ] GC(1432) Pause Young (Allocation Failure)
[408.271s][info][gc,heap        ] GC(1432) PSYoungGen: 152789K(223744K)->32128K(219136K) Eden: 118272K(118272K)->0K(118272K) From: 34517K(105472K)->32128K(100864K)
[408.271s][info][gc,heap        ] GC(1432) ParOldGen: 544244K(647168K)->579082K(647168K)
[408.271s][info][gc,metaspace   ] GC(1432) Metaspace: 18842K(19008K)->18842K(19008K) NonClass: 17013K(17152K)->17013K(17152K) Class: 1829K(1856K)->1829K(1856K)
[408.271s][info][gc             ] GC(1432) Pause Young (Allocation Failure) 680M->596M(846M) 51.622ms
[408.271s][info][gc,cpu         ] GC(1432) User=0.10s Sys=0.00s Real=0.05s
[408.367s][info][gc,start       ] GC(1433) Pause Young (Allocation Failure)
[408.419s][info][gc,heap        ] GC(1433) PSYoungGen: 150400K(219136K)->12256K(223232K) Eden: 118272K(118272K)->0K(129536K) From: 32128K(100864K)->12256K(93696K)
[408.419s][info][gc,heap        ] GC(1433) ParOldGen: 579082K(647168K)->611482K(647168K)
[408.419s][info][gc,metaspace   ] GC(1433) Metaspace: 18842K(19008K)->18842K(19008K) NonClass: 17013K(17152K)->17013K(17152K) Class: 1829K(1856K)->1829K(1856K)
[408.419s][info][gc             ] GC(1433) Pause Young (Allocation Failure) 712M->609M(850M) 51.530ms
[408.419s][info][gc,cpu         ] GC(1433) User=0.10s Sys=0.00s Real=0.05s
[408.560s][info][gc,start       ] GC(1434) Pause Full (Allocation Failure)
[408.560s][info][gc,phases,start] GC(1434) Marking Phase
[408.852s][info][gc,phases      ] GC(1434) Marking Phase 291.986ms
[408.852s][info][gc,phases,start] GC(1434) Summary Phase
[408.852s][info][gc,phases      ] GC(1434) Summary Phase 0.029ms
[408.852s][info][gc,phases,start] GC(1434) Forward
[408.946s][info][gc,phases      ] GC(1434) Forward 93.957ms
[408.946s][info][gc,phases,start] GC(1434) Adjust Pointers
[409.175s][info][gc,phases      ] GC(1434) Adjust Pointers 229.651ms
[409.176s][info][gc,phases,start] GC(1434) Compaction Phase
[409.310s][info][gc,phases      ] GC(1434) Compaction Phase 134.072ms
[409.316s][info][gc,phases,start] GC(1434) Post Compact
[409.318s][info][gc,phases      ] GC(1434) Post Compact 2.243ms
[409.318s][info][gc,heap        ] GC(1434) PSYoungGen: 141792K(223232K)->0K(222208K) Eden: 129536K(129536K)->0K(129536K) From: 12256K(93696K)->0K(92672K)
[409.318s][info][gc,heap        ] GC(1434) ParOldGen: 611482K(647168K)->461252K(667648K)
[409.318s][info][gc,metaspace   ] GC(1434) Metaspace: 18842K(19008K)->18842K(19008K) NonClass: 17013K(17152K)->17013K(17152K) Class: 1829K(1856K)->1829K(1856K)
[409.318s][info][gc             ] GC(1434) Pause Full (Allocation Failure) 735M->450M(869M) 758.811ms
[409.318s][info][gc,cpu         ] GC(1434) User=1.44s Sys=0.00s Real=0.76s
[409.499s][info][gc,start       ] GC(1435) Pause Young (Allocation Failure)
[409.543s][info][gc,heap        ] GC(1435) PSYoungGen: 129536K(222208K)->28864K(222720K) Eden: 129536K(129536K)->0K(141824K) From: 0K(92672K)->28864K(80896K)
[409.543s][info][gc,heap        ] GC(1435) ParOldGen: 461252K(667648K)->461252K(667648K)
[409.543s][info][gc,metaspace   ] GC(1435) Metaspace: 18842K(19008K)->18842K(19008K) NonClass: 17013K(17152K)->17013K(17152K) Class: 1829K(1856K)->1829K(1856K)
[409.543s][info][gc             ] GC(1435) Pause Young (Allocation Failure) 576M->478M(869M) 43.857ms
[409.543s][info][gc,cpu         ] GC(1435) User=0.08s Sys=0.00s Real=0.04s
[409.740s][info][gc,start       ] GC(1436) Pause Young (Allocation Failure)
[409.780s][info][gc,heap        ] GC(1436) PSYoungGen: 170688K(222720K)->28832K(229376K) Eden: 141824K(141824K)->0K(141824K) From: 28864K(80896K)->28832K(87552K)
[409.780s][info][gc,heap        ] GC(1436) ParOldGen: 461252K(667648K)->461252K(667648K)
[409.780s][info][gc,metaspace   ] GC(1436) Metaspace: 18842K(19008K)->18842K(19008K) NonClass: 17013K(17152K)->17013K(17152K) Class: 1829K(1856K)->1829K(1856K)
[409.780s][info][gc             ] GC(1436) Pause Young (Allocation Failure) 617M->478M(876M) 40.111ms
[409.780s][info][gc,cpu         ] GC(1436) User=0.08s Sys=0.00s Real=0.04s
[409.973s][info][gc,start       ] GC(1437) Pause Young (Allocation Failure)
[410.015s][info][gc,heap        ] GC(1437) PSYoungGen: 170656K(229376K)->28864K(227840K) Eden: 141824K(141824K)->0K(154624K) From: 28832K(87552K)->28864K(73216K)
[410.015s][info][gc,heap        ] GC(1437) ParOldGen: 461252K(667648K)->461252K(667648K)
[410.015s][info][gc,metaspace   ] GC(1437) Metaspace: 18842K(19008K)->18842K(19008K) NonClass: 17013K(17152K)->17013K(17152K) Class: 1829K(1856K)->1829K(1856K)
[410.015s][info][gc             ] GC(1437) Pause Young (Allocation Failure) 617M->478M(874M) 42.217ms
[410.015s][info][gc,cpu         ] GC(1437) User=0.08s Sys=0.01s Real=0.04s
[410.225s][info][gc,start       ] GC(1438) Pause Young (Allocation Failure)
[410.267s][info][gc,heap        ] GC(1438) PSYoungGen: 183488K(227840K)->28864K(232960K) Eden: 154624K(154624K)->0K(154624K) From: 28864K(73216K)->28864K(78336K)
[410.267s][info][gc,heap        ] GC(1438) ParOldGen: 461252K(667648K)->461252K(667648K)
[410.267s][info][gc,metaspace   ] GC(1438) Metaspace: 18842K(19008K)->18842K(19008K) NonClass: 17013K(17152K)->17013K(17152K) Class: 1829K(1856K)->1829K(1856K)
[410.267s][info][gc             ] GC(1438) Pause Young (Allocation Failure) 629M->478M(879M) 41.599ms
[410.267s][info][gc,cpu         ] GC(1438) User=0.08s Sys=0.00s Real=0.05s
[410.480s][info][gc,start       ] GC(1439) Pause Young (Allocation Failure)
[410.522s][info][gc,heap        ] GC(1439) PSYoungGen: 183488K(232960K)->28832K(234496K) Eden: 154624K(154624K)->0K(167936K) From: 28864K(78336K)->28832K(66560K)
[410.522s][info][gc,heap        ] GC(1439) ParOldGen: 461252K(667648K)->461252K(667648K)
[410.522s][info][gc,metaspace   ] GC(1439) Metaspace: 18842K(19008K)->18842K(19008K) NonClass: 17013K(17152K)->17013K(17152K) Class: 1829K(1856K)->1829K(1856K)
[410.522s][info][gc             ] GC(1439) Pause Young (Allocation Failure) 629M->478M(881M) 41.208ms
[410.522s][info][gc,cpu         ] GC(1439) User=0.08s Sys=0.00s Real=0.04s
[410.752s][info][gc,start       ] GC(1440) Pause Young (Allocation Failure)
[410.791s][info][gc,heap        ] GC(1440) PSYoungGen: 196768K(234496K)->28864K(238592K) Eden: 167936K(167936K)->0K(167936K) From: 28832K(66560K)->28864K(70656K)
[410.791s][info][gc,heap        ] GC(1440) ParOldGen: 461252K(667648K)->461252K(667648K)
[410.791s][info][gc,metaspace   ] GC(1440) Metaspace: 18842K(19008K)->18842K(19008K) NonClass: 17013K(17152K)->17013K(17152K) Class: 1829K(1856K)->1829K(1856K)
[410.792s][info][gc             ] GC(1440) Pause Young (Allocation Failure) 642M->478M(885M) 39.842ms
[410.792s][info][gc,cpu         ] GC(1440) User=0.08s Sys=0.00s Real=0.04s
[411.012s][info][gc,start       ] GC(1441) Pause Young (Allocation Failure)
[411.051s][info][gc,heap        ] GC(1441) PSYoungGen: 196800K(238592K)->28832K(242176K) Eden: 167936K(167936K)->0K(181760K) From: 28864K(70656K)->28832K(60416K)
[411.051s][info][gc,heap        ] GC(1441) ParOldGen: 461252K(667648K)->461252K(667648K)
[411.051s][info][gc,metaspace   ] GC(1441) Metaspace: 18842K(19008K)->18842K(19008K) NonClass: 17013K(17152K)->17013K(17152K) Class: 1829K(1856K)->1829K(1856K)
[411.051s][info][gc             ] GC(1441) Pause Young (Allocation Failure) 642M->478M(888M) 39.646ms
[411.051s][info][gc,cpu         ] GC(1441) User=0.08s Sys=0.00s Real=0.04s
[411.279s][info][gc,start       ] GC(1442) Pause Young (Allocation Failure)
[411.332s][info][gc,heap        ] GC(1442) PSYoungGen: 210592K(242176K)->39392K(245760K) Eden: 181760K(181760K)->0K(181760K) From: 28832K(60416K)->39392K(64000K)
[411.332s][info][gc,heap        ] GC(1442) ParOldGen: 461252K(667648K)->461252K(667648K)
[411.332s][info][gc,metaspace   ] GC(1442) Metaspace: 18842K(19008K)->18842K(19008K) NonClass: 17013K(17152K)->17013K(17152K) Class: 1829K(1856K)->1829K(1856K)
[411.332s][info][gc             ] GC(1442) Pause Young (Allocation Failure) 656M->488M(892M) 53.268ms
[411.332s][info][gc,cpu         ] GC(1442) User=0.10s Sys=0.00s Real=0.05s
[411.502s][info][gc,start       ] GC(1443) Pause Young (Allocation Failure)
[411.579s][info][gc,heap        ] GC(1443) PSYoungGen: 221152K(245760K)->59040K(253440K) Eden: 181760K(181760K)->0K(189952K) From: 39392K(64000K)->59040K(63488K)
[411.579s][info][gc,heap        ] GC(1443) ParOldGen: 461252K(667648K)->461252K(667648K)
[411.579s][info][gc,metaspace   ] GC(1443) Metaspace: 18842K(19008K)->18842K(19008K) NonClass: 17013K(17152K)->17013K(17152K) Class: 1829K(1856K)->1829K(1856K)
[411.579s][info][gc             ] GC(1443) Pause Young (Allocation Failure) 666M->508M(899M) 76.604ms
[411.579s][info][gc,cpu         ] GC(1443) User=0.14s Sys=0.01s Real=0.08s
[411.729s][info][gc,start       ] GC(1444) Pause Young (Allocation Failure)
[411.803s][info][gc,heap        ] GC(1444) PSYoungGen: 248992K(253440K)->62592K(252928K) Eden: 189952K(189952K)->0K(189952K) From: 59040K(63488K)->62592K(62976K)
[411.803s][info][gc,heap        ] GC(1444) ParOldGen: 461252K(667648K)->461252K(667648K)
[411.803s][info][gc,metaspace   ] GC(1444) Metaspace: 18842K(19008K)->18842K(19008K) NonClass: 17013K(17152K)->17013K(17152K) Class: 1829K(1856K)->1829K(1856K)
[411.803s][info][gc             ] GC(1444) Pause Young (Allocation Failure) 693M->511M(899M) 74.006ms
[411.803s][info][gc,cpu         ] GC(1444) User=0.14s Sys=0.00s Real=0.07s
[411.984s][info][gc,start       ] GC(1445) Pause Young (Allocation Failure)
[412.062s][info][gc,heap        ] GC(1445) PSYoungGen: 252544K(252928K)->35296K(260096K) Eden: 189952K(189952K)->0K(182784K) From: 62592K(62976K)->35296K(77312K)
[412.062s][info][gc,heap        ] GC(1445) ParOldGen: 461252K(667648K)->490164K(667648K)
[412.062s][info][gc,metaspace   ] GC(1445) Metaspace: 18842K(19008K)->18842K(19008K) NonClass: 17013K(17152K)->17013K(17152K) Class: 1829K(1856K)->1829K(1856K)
[412.062s][info][gc             ] GC(1445) Pause Young (Allocation Failure) 697M->513M(906M) 77.549ms
[412.062s][info][gc,cpu         ] GC(1445) User=0.16s Sys=0.00s Real=0.08s
[412.277s][info][gc,start       ] GC(1446) Pause Young (Allocation Failure)
[412.322s][info][gc,heap        ] GC(1446) PSYoungGen: 218080K(260096K)->44000K(226816K) Eden: 182784K(182784K)->0K(182784K) From: 35296K(77312K)->44000K(44032K)
[412.322s][info][gc,heap        ] GC(1446) ParOldGen: 490164K(667648K)->490164K(667648K)
[412.322s][info][gc,metaspace   ] GC(1446) Metaspace: 18842K(19008K)->18842K(19008K) NonClass: 17013K(17152K)->17013K(17152K) Class: 1829K(1856K)->1829K(1856K)
[412.322s][info][gc             ] GC(1446) Pause Young (Allocation Failure) 691M->521M(873M) 45.109ms
[412.322s][info][gc,cpu         ] GC(1446) User=0.08s Sys=0.00s Real=0.04s
[412.691s][info][gc,start       ] GC(1447) Pause Young (Allocation Failure)
[412.737s][info][gc,heap        ] GC(1447) PSYoungGen: 226784K(226816K)->44128K(256512K) Eden: 182784K(182784K)->0K(183808K) From: 44000K(44032K)->44128K(72704K)
[412.737s][info][gc,heap        ] GC(1447) ParOldGen: 490164K(667648K)->490164K(667648K)
[412.737s][info][gc,metaspace   ] GC(1447) Metaspace: 18842K(19008K)->18842K(19008K) NonClass: 17013K(17152K)->17013K(17152K) Class: 1829K(1856K)->1829K(1856K)
[412.737s][info][gc             ] GC(1447) Pause Young (Allocation Failure) 700M->521M(902M) 46.414ms
[412.737s][info][gc,cpu         ] GC(1447) User=0.09s Sys=0.00s Real=0.05s
[413.054s][info][gc,start       ] GC(1448) Pause Young (Allocation Failure)
[413.101s][info][gc,heap        ] GC(1448) PSYoungGen: 227936K(256512K)->44128K(255488K) Eden: 183808K(183808K)->0K(183808K) From: 44128K(72704K)->44128K(71680K)
[413.101s][info][gc,heap        ] GC(1448) ParOldGen: 490164K(667648K)->490164K(667648K)
[413.101s][info][gc,metaspace   ] GC(1448) Metaspace: 18842K(19008K)->18842K(19008K) NonClass: 17013K(17152K)->17013K(17152K) Class: 1829K(1856K)->1829K(1856K)
[413.101s][info][gc             ] GC(1448) Pause Young (Allocation Failure) 701M->521M(901M) 46.729ms
[413.101s][info][gc,cpu         ] GC(1448) User=0.09s Sys=0.00s Real=0.05s
[413.421s][info][gc,start       ] GC(1449) Pause Young (Allocation Failure)
[413.472s][info][gc,heap        ] GC(1449) PSYoungGen: 227936K(255488K)->50720K(259072K) Eden: 183808K(183808K)->0K(188416K) From: 44128K(71680K)->50720K(70656K)
[413.472s][info][gc,heap        ] GC(1449) ParOldGen: 490164K(667648K)->490164K(667648K)
[413.472s][info][gc,metaspace   ] GC(1449) Metaspace: 18842K(19008K)->18842K(19008K) NonClass: 17013K(17152K)->17013K(17152K) Class: 1829K(1856K)->1829K(1856K)
[413.472s][info][gc             ] GC(1449) Pause Young (Allocation Failure) 701M->528M(905M) 51.180ms
[413.472s][info][gc,cpu         ] GC(1449) User=0.10s Sys=0.00s Real=0.05s
[413.674s][info][gc,start       ] GC(1450) Pause Young (Allocation Failure)
[413.731s][info][gc,heap        ] GC(1450) PSYoungGen: 239136K(259072K)->58176K(246784K) Eden: 188416K(188416K)->0K(188416K) From: 50720K(70656K)->58176K(58368K)
[413.731s][info][gc,heap        ] GC(1450) ParOldGen: 490164K(667648K)->490164K(667648K)
[413.731s][info][gc,metaspace   ] GC(1450) Metaspace: 18842K(19008K)->18842K(19008K) NonClass: 17013K(17152K)->17013K(17152K) Class: 1829K(1856K)->1829K(1856K)
[413.731s][info][gc             ] GC(1450) Pause Young (Allocation Failure) 712M->535M(893M) 57.082ms
[413.731s][info][gc,cpu         ] GC(1450) User=0.11s Sys=0.00s Real=0.06s
[413.877s][info][gc,start       ] GC(1451) Pause Young (Allocation Failure)
[413.980s][info][gc,heap        ] GC(1451) PSYoungGen: 246592K(246784K)->75248K(214528K) Eden: 188416K(188416K)->0K(139264K) From: 58176K(58368K)->75248K(75264K)
[413.981s][info][gc,heap        ] GC(1451) ParOldGen: 490164K(667648K)->525732K(667648K)
[413.981s][info][gc,metaspace   ] GC(1451) Metaspace: 18842K(19008K)->18842K(19008K) NonClass: 17013K(17152K)->17013K(17152K) Class: 1829K(1856K)->1829K(1856K)
[413.981s][info][gc             ] GC(1451) Pause Young (Allocation Failure) 719M->586M(861M) 103.743ms
[413.981s][info][gc,cpu         ] GC(1451) User=0.19s Sys=0.01s Real=0.10s
[414.214s][info][gc,start       ] GC(1452) Pause Young (Allocation Failure)
[414.310s][info][gc,heap        ] GC(1452) PSYoungGen: 214512K(214528K)->84768K(224256K) Eden: 139264K(139264K)->0K(139264K) From: 75248K(75264K)->84768K(84992K)
[414.310s][info][gc,heap        ] GC(1452) ParOldGen: 525732K(667648K)->525740K(667648K)
[414.310s][info][gc,metaspace   ] GC(1452) Metaspace: 18842K(19008K)->18842K(19008K) NonClass: 17013K(17152K)->17013K(17152K) Class: 1829K(1856K)->1829K(1856K)
[414.310s][info][gc             ] GC(1452) Pause Young (Allocation Failure) 722M->596M(871M) 96.209ms
[414.310s][info][gc,cpu         ] GC(1452) User=0.18s Sys=0.00s Real=0.10s
[414.496s][info][gc,start       ] GC(1453) Pause Young (Allocation Failure)
[414.606s][info][gc,heap        ] GC(1453) PSYoungGen: 224032K(224256K)->94688K(217600K) Eden: 139264K(139264K)->0K(111616K) From: 84768K(84992K)->94688K(105984K)
[414.606s][info][gc,heap        ] GC(1453) ParOldGen: 525740K(667648K)->525740K(667648K)
[414.607s][info][gc,metaspace   ] GC(1453) Metaspace: 18842K(19008K)->18842K(19008K) NonClass: 17013K(17152K)->17013K(17152K) Class: 1829K(1856K)->1829K(1856K)
[414.607s][info][gc             ] GC(1453) Pause Young (Allocation Failure) 732M->605M(864M) 110.031ms
[414.607s][info][gc,cpu         ] GC(1453) User=0.21s Sys=0.00s Real=0.11s
[414.761s][info][gc,start       ] GC(1454) Pause Young (Allocation Failure)
[414.869s][info][gc,heap        ] GC(1454) PSYoungGen: 206304K(217600K)->84128K(222720K) Eden: 111616K(111616K)->0K(111616K) From: 94688K(105984K)->84128K(111104K)
[414.869s][info][gc,heap        ] GC(1454) ParOldGen: 525740K(667648K)->536332K(667648K)
[414.869s][info][gc,metaspace   ] GC(1454) Metaspace: 18842K(19008K)->18842K(19008K) NonClass: 17013K(17152K)->17013K(17152K) Class: 1829K(1856K)->1829K(1856K)
[414.869s][info][gc             ] GC(1454) Pause Young (Allocation Failure) 714M->605M(869M) 108.267ms
[414.869s][info][gc,cpu         ] GC(1454) User=0.22s Sys=0.00s Real=0.11s
[415.022s][info][gc,start       ] GC(1455) Pause Young (Allocation Failure)
[415.123s][info][gc,heap        ] GC(1455) PSYoungGen: 195744K(222720K)->60960K(222720K) Eden: 111616K(111616K)->0K(111616K) From: 84128K(111104K)->60960K(111104K)
[415.123s][info][gc,heap        ] GC(1455) ParOldGen: 536332K(667648K)->559580K(667648K)
[415.123s][info][gc,metaspace   ] GC(1455) Metaspace: 18842K(19008K)->18842K(19008K) NonClass: 17013K(17152K)->17013K(17152K) Class: 1829K(1856K)->1829K(1856K)
[415.123s][info][gc             ] GC(1455) Pause Young (Allocation Failure) 714M->605M(869M) 101.030ms
[415.123s][info][gc,cpu         ] GC(1455) User=0.20s Sys=0.00s Real=0.10s
[415.276s][info][gc,start       ] GC(1456) Pause Young (Allocation Failure)
[415.356s][info][gc,heap        ] GC(1456) PSYoungGen: 172576K(222720K)->50752K(222720K) Eden: 111616K(111616K)->0K(111616K) From: 60960K(111104K)->50752K(111104K)
[415.356s][info][gc,heap        ] GC(1456) ParOldGen: 559580K(667648K)->569820K(667648K)
[415.356s][info][gc,metaspace   ] GC(1456) Metaspace: 18842K(19008K)->18842K(19008K) NonClass: 17013K(17152K)->17013K(17152K) Class: 1829K(1856K)->1829K(1856K)
[415.356s][info][gc             ] GC(1456) Pause Young (Allocation Failure) 714M->606M(869M) 80.067ms
[415.356s][info][gc,cpu         ] GC(1456) User=0.16s Sys=0.00s Real=0.08s
[415.512s][info][gc,start       ] GC(1457) Pause Young (Allocation Failure)
[415.583s][info][gc,heap        ] GC(1457) PSYoungGen: 162368K(222720K)->50560K(214528K) Eden: 111616K(111616K)->0K(111616K) From: 50752K(111104K)->50560K(102912K)
[415.583s][info][gc,heap        ] GC(1457) ParOldGen: 569820K(667648K)->570009K(667648K)
[415.583s][info][gc,metaspace   ] GC(1457) Metaspace: 18842K(19008K)->18842K(19008K) NonClass: 17013K(17152K)->17013K(17152K) Class: 1829K(1856K)->1829K(1856K)
[415.583s][info][gc             ] GC(1457) Pause Young (Allocation Failure) 715M->606M(861M) 70.804ms
[415.583s][info][gc,cpu         ] GC(1457) User=0.14s Sys=0.00s Real=0.07s
[415.736s][info][gc,start       ] GC(1458) Pause Young (Allocation Failure)
[415.803s][info][gc,heap        ] GC(1458) PSYoungGen: 162176K(214528K)->36544K(218624K) Eden: 111616K(111616K)->0K(111616K) From: 50560K(102912K)->36544K(107008K)
[415.803s][info][gc,heap        ] GC(1458) ParOldGen: 570009K(667648K)->584081K(667648K)
[415.803s][info][gc,metaspace   ] GC(1458) Metaspace: 18842K(19008K)->18842K(19008K) NonClass: 17013K(17152K)->17013K(17152K) Class: 1829K(1856K)->1829K(1856K)
[415.803s][info][gc             ] GC(1458) Pause Young (Allocation Failure) 715M->606M(865M) 67.036ms
[415.803s][info][gc,cpu         ] GC(1458) User=0.14s Sys=0.00s Real=0.07s
[415.954s][info][gc,start       ] GC(1459) Pause Young (Allocation Failure)
[416.001s][info][gc,heap        ] GC(1459) PSYoungGen: 148160K(218624K)->10080K(222720K) Eden: 111616K(111616K)->0K(116736K) From: 36544K(107008K)->10080K(105984K)
[416.001s][info][gc,heap        ] GC(1459) ParOldGen: 584081K(667648K)->610765K(667648K)
[416.001s][info][gc,metaspace   ] GC(1459) Metaspace: 18842K(19008K)->18842K(19008K) NonClass: 17013K(17152K)->17013K(17152K) Class: 1829K(1856K)->1829K(1856K)
[416.001s][info][gc             ] GC(1459) Pause Young (Allocation Failure) 715M->606M(869M) 46.949ms
[416.001s][info][gc,cpu         ] GC(1459) User=0.09s Sys=0.00s Real=0.05s
[416.158s][info][gc,start       ] GC(1460) Pause Young (Allocation Failure)
[416.173s][info][gc,heap        ] GC(1460) PSYoungGen: 126816K(222720K)->32K(117248K) Eden: 116736K(116736K)->0K(116736K) From: 10080K(105984K)->32K(512K)
[416.173s][info][gc,heap        ] GC(1460) ParOldGen: 610765K(667648K)->620853K(667648K)
[416.173s][info][gc,metaspace   ] GC(1460) Metaspace: 18842K(19008K)->18842K(19008K) NonClass: 17013K(17152K)->17013K(17152K) Class: 1829K(1856K)->1829K(1856K)
[416.173s][info][gc             ] GC(1460) Pause Young (Allocation Failure) 720M->606M(766M) 14.553ms
[416.173s][info][gc,cpu         ] GC(1460) User=0.03s Sys=0.00s Real=0.01s
[416.337s][info][gc,start       ] GC(1461) Pause Young (Allocation Failure)
[416.339s][info][gc,heap        ] GC(1461) PSYoungGen: 116768K(117248K)->64K(222720K) Eden: 116736K(116736K)->0K(111616K) From: 32K(512K)->64K(111104K)
[416.340s][info][gc,heap        ] GC(1461) ParOldGen: 620853K(667648K)->620853K(667648K)
[416.340s][info][gc,metaspace   ] GC(1461) Metaspace: 18842K(19008K)->18842K(19008K) NonClass: 17013K(17152K)->17013K(17152K) Class: 1829K(1856K)->1829K(1856K)
[416.340s][info][gc             ] GC(1461) Pause Young (Allocation Failure) 720M->606M(869M) 2.152ms
[416.340s][info][gc,cpu         ] GC(1461) User=0.01s Sys=0.00s Real=0.00s
[416.465s][info][gc,start       ] GC(1462) Pause Young (Allocation Failure)
[416.481s][info][gc,heap        ] GC(1462) PSYoungGen: 111680K(222720K)->12320K(124416K) Eden: 111616K(111616K)->0K(111616K) From: 64K(111104K)->12320K(12800K)
[416.481s][info][gc,heap        ] GC(1462) ParOldGen: 620853K(667648K)->620853K(667648K)
[416.481s][info][gc,metaspace   ] GC(1462) Metaspace: 18842K(19008K)->18842K(19008K) NonClass: 17013K(17152K)->17013K(17152K) Class: 1829K(1856K)->1829K(1856K)
[416.481s][info][gc             ] GC(1462) Pause Young (Allocation Failure) 715M->618M(773M) 16.299ms
[416.481s][info][gc,cpu         ] GC(1462) User=0.03s Sys=0.00s Real=0.02s
[416.588s][info][gc,start       ] GC(1463) Pause Young (Allocation Failure)
[416.620s][info][gc,heap        ] GC(1463) PSYoungGen: 123936K(124416K)->26496K(226816K) Eden: 111616K(111616K)->0K(116736K) From: 12320K(12800K)->26496K(110080K)
[416.620s][info][gc,heap        ] GC(1463) ParOldGen: 620853K(667648K)->620853K(667648K)
[416.620s][info][gc,metaspace   ] GC(1463) Metaspace: 18842K(19008K)->18842K(19008K) NonClass: 17013K(17152K)->17013K(17152K) Class: 1829K(1856K)->1829K(1856K)
[416.620s][info][gc             ] GC(1463) Pause Young (Allocation Failure) 727M->632M(873M) 32.423ms
[416.620s][info][gc,cpu         ] GC(1463) User=0.06s Sys=0.00s Real=0.03s
[416.684s][info][gc,start       ] GC(1464) Pause Young (Allocation Failure)
[416.736s][info][gc,heap        ] GC(1464) PSYoungGen: 143232K(226816K)->47808K(164864K) Eden: 116736K(116736K)->0K(116736K) From: 26496K(110080K)->47808K(48128K)
[416.736s][info][gc,heap        ] GC(1464) ParOldGen: 620853K(667648K)->620853K(667648K)
[416.736s][info][gc,metaspace   ] GC(1464) Metaspace: 18842K(19008K)->18842K(19008K) NonClass: 17013K(17152K)->17013K(17152K) Class: 1829K(1856K)->1829K(1856K)
[416.736s][info][gc             ] GC(1464) Pause Young (Allocation Failure) 746M->652M(813M) 52.321ms
[416.736s][info][gc,cpu         ] GC(1464) User=0.10s Sys=0.00s Real=0.05s
[416.822s][info][gc,start       ] GC(1465) Pause Young (Allocation Failure)
[416.886s][info][gc,heap        ] GC(1465) PSYoungGen: 164544K(164864K)->58848K(219136K) Eden: 116736K(116736K)->0K(116736K) From: 47808K(48128K)->58848K(102400K)
[416.886s][info][gc,heap        ] GC(1465) ParOldGen: 620853K(667648K)->620853K(667648K)
[416.886s][info][gc,metaspace   ] GC(1465) Metaspace: 18842K(19008K)->18842K(19008K) NonClass: 17013K(17152K)->17013K(17152K) Class: 1829K(1856K)->1829K(1856K)
[416.886s][info][gc             ] GC(1465) Pause Young (Allocation Failure) 766M->663M(866M) 63.613ms
[416.886s][info][gc,cpu         ] GC(1465) User=0.13s Sys=0.00s Real=0.06s
[416.956s][info][gc,start       ] GC(1466) Pause Young (Allocation Failure)
[417.037s][info][gc,heap        ] GC(1466) PSYoungGen: 175584K(219136K)->75328K(220672K) Eden: 116736K(116736K)->0K(116736K) From: 58848K(102400K)->75328K(103936K)
[417.037s][info][gc,heap        ] GC(1466) ParOldGen: 620853K(667648K)->620853K(667648K)
[417.037s][info][gc,metaspace   ] GC(1466) Metaspace: 18842K(19008K)->18842K(19008K) NonClass: 17013K(17152K)->17013K(17152K) Class: 1829K(1856K)->1829K(1856K)
[417.037s][info][gc             ] GC(1466) Pause Young (Allocation Failure) 777M->679M(867M) 81.328ms
[417.037s][info][gc,cpu         ] GC(1466) User=0.16s Sys=0.00s Real=0.09s
[417.123s][info][gc,start       ] GC(1467) Pause Young (Allocation Failure)
[417.214s][info][gc,heap        ] GC(1467) PSYoungGen: 192064K(220672K)->57920K(224768K) Eden: 116736K(116736K)->0K(114176K) From: 75328K(103936K)->57920K(110592K)
[417.214s][info][gc,heap        ] GC(1467) ParOldGen: 620853K(667648K)->647421K(667648K)
[417.214s][info][gc,metaspace   ] GC(1467) Metaspace: 18842K(19008K)->18842K(19008K) NonClass: 17013K(17152K)->17013K(17152K) Class: 1829K(1856K)->1829K(1856K)
[417.214s][info][gc             ] GC(1467) Pause Young (Allocation Failure) 793M->688M(871M) 90.970ms
[417.214s][info][gc,cpu         ] GC(1467) User=0.18s Sys=0.00s Real=0.09s
[417.291s][info][gc,start       ] GC(1468) Pause Full (Allocation Failure)
[417.291s][info][gc,phases,start] GC(1468) Marking Phase
[417.707s][info][gc,phases      ] GC(1468) Marking Phase 416.467ms
[417.707s][info][gc,phases,start] GC(1468) Summary Phase
[417.707s][info][gc,phases      ] GC(1468) Summary Phase 0.041ms
[417.707s][info][gc,phases,start] GC(1468) Forward
[417.750s][info][gc,phases      ] GC(1468) Forward 42.906ms
[417.750s][info][gc,phases,start] GC(1468) Adjust Pointers
[418.056s][info][gc,phases      ] GC(1468) Adjust Pointers 305.498ms
[418.056s][info][gc,phases,start] GC(1468) Compaction Phase
[418.200s][info][gc,phases      ] GC(1468) Compaction Phase 144.500ms
[418.203s][info][gc,phases,start] GC(1468) Post Compact
[418.205s][info][gc,phases      ] GC(1468) Post Compact 2.426ms
[418.206s][info][gc,heap        ] GC(1468) PSYoungGen: 172096K(224768K)->0K(223232K) Eden: 114176K(114176K)->0K(114176K) From: 57920K(110592K)->0K(109056K)
[418.206s][info][gc,heap        ] GC(1468) ParOldGen: 647421K(667648K)->581416K(667648K)
[418.206s][info][gc,metaspace   ] GC(1468) Metaspace: 18842K(19008K)->18842K(19008K) NonClass: 17013K(17152K)->17013K(17152K) Class: 1829K(1856K)->1829K(1856K)
[418.206s][info][gc             ] GC(1468) Pause Full (Allocation Failure) 800M->567M(870M) 914.872ms
[418.206s][info][gc,cpu         ] GC(1468) User=1.79s Sys=0.01s Real=0.91s
[418.299s][info][gc,start       ] GC(1469) Pause Young (Allocation Failure)
[418.325s][info][gc,heap        ] GC(1469) PSYoungGen: 114176K(223232K)->19904K(222208K) Eden: 114176K(114176K)->0K(115712K) From: 0K(109056K)->19904K(106496K)
[418.325s][info][gc,heap        ] GC(1469) ParOldGen: 581416K(667648K)->581416K(667648K)
[418.325s][info][gc,metaspace   ] GC(1469) Metaspace: 18842K(19008K)->18842K(19008K) NonClass: 17013K(17152K)->17013K(17152K) Class: 1829K(1856K)->1829K(1856K)
[418.325s][info][gc             ] GC(1469) Pause Young (Allocation Failure) 679M->587M(869M) 25.762ms
[418.325s][info][gc,cpu         ] GC(1469) User=0.05s Sys=0.00s Real=0.02s
[418.393s][info][gc,start       ] GC(1470) Pause Young (Allocation Failure)
[418.424s][info][gc,heap        ] GC(1470) PSYoungGen: 135616K(222208K)->25440K(222720K) Eden: 115712K(115712K)->0K(115712K) From: 19904K(106496K)->25440K(107008K)
[418.424s][info][gc,heap        ] GC(1470) ParOldGen: 581416K(667648K)->581416K(667648K)
[418.424s][info][gc,metaspace   ] GC(1470) Metaspace: 18842K(19008K)->18842K(19008K) NonClass: 17013K(17152K)->17013K(17152K) Class: 1829K(1856K)->1829K(1856K)
[418.424s][info][gc             ] GC(1470) Pause Young (Allocation Failure) 700M->592M(869M) 30.807ms
[418.424s][info][gc,cpu         ] GC(1470) User=0.06s Sys=0.00s Real=0.03s
[418.524s][info][gc,start       ] GC(1471) Pause Young (Allocation Failure)
[418.559s][info][gc,heap        ] GC(1471) PSYoungGen: 141152K(222720K)->2880K(223232K) Eden: 115712K(115712K)->0K(119808K) From: 25440K(107008K)->2880K(103424K)
[418.559s][info][gc,heap        ] GC(1471) ParOldGen: 581416K(667648K)->606924K(667648K)
[418.559s][info][gc,metaspace   ] GC(1471) Metaspace: 18842K(19008K)->18842K(19008K) NonClass: 17013K(17152K)->17013K(17152K) Class: 1829K(1856K)->1829K(1856K)
[418.560s][info][gc             ] GC(1471) Pause Young (Allocation Failure) 705M->595M(870M) 35.677ms
[418.560s][info][gc,cpu         ] GC(1471) User=0.07s Sys=0.00s Real=0.04s
[418.717s][info][gc,start       ] GC(1472) Pause Young (Allocation Failure)
[418.732s][info][gc,heap        ] GC(1472) PSYoungGen: 122688K(223232K)->1376K(223744K) Eden: 119808K(119808K)->0K(119808K) From: 2880K(103424K)->1376K(103936K)
[418.732s][info][gc,heap        ] GC(1472) ParOldGen: 606924K(667648K)->609772K(667648K)
[418.732s][info][gc,metaspace   ] GC(1472) Metaspace: 18842K(19008K)->18842K(19008K) NonClass: 17013K(17152K)->17013K(17152K) Class: 1829K(1856K)->1829K(1856K)
[418.732s][info][gc             ] GC(1472) Pause Young (Allocation Failure) 712M->596M(870M) 14.897ms
[418.732s][info][gc,cpu         ] GC(1472) User=0.03s Sys=0.00s Real=0.01s
[418.847s][info][gc,start       ] GC(1473) Pause Young (Allocation Failure)
[418.857s][info][gc,heap        ] GC(1473) PSYoungGen: 121184K(223744K)->128K(226816K) Eden: 119808K(119808K)->0K(126464K) From: 1376K(103936K)->128K(100352K)
[418.857s][info][gc,heap        ] GC(1473) ParOldGen: 609772K(667648K)->611116K(667648K)
[418.857s][info][gc,metaspace   ] GC(1473) Metaspace: 18842K(19008K)->18842K(19008K) NonClass: 17013K(17152K)->17013K(17152K) Class: 1829K(1856K)->1829K(1856K)
[418.857s][info][gc             ] GC(1473) Pause Young (Allocation Failure) 713M->596M(873M) 10.596ms
[418.857s][info][gc,cpu         ] GC(1473) User=0.02s Sys=0.00s Real=0.01s
[419.005s][info][gc,start       ] GC(1474) Pause Young (Allocation Failure)
[419.015s][info][gc,heap        ] GC(1474) PSYoungGen: 126592K(226816K)->3744K(228352K) Eden: 126464K(126464K)->0K(126464K) From: 128K(100352K)->3744K(101888K)
[419.015s][info][gc,heap        ] GC(1474) ParOldGen: 611116K(667648K)->611116K(667648K)
[419.015s][info][gc,metaspace   ] GC(1474) Metaspace: 18842K(19008K)->18842K(19008K) NonClass: 17013K(17152K)->17013K(17152K) Class: 1829K(1856K)->1829K(1856K)
[419.015s][info][gc             ] GC(1474) Pause Young (Allocation Failure) 720M->600M(875M) 9.310ms
[419.015s][info][gc,cpu         ] GC(1474) User=0.02s Sys=0.00s Real=0.01s
[419.150s][info][gc,start       ] GC(1475) Pause Young (Allocation Failure)
[419.157s][info][gc,heap        ] GC(1475) PSYoungGen: 130208K(228352K)->3776K(226816K) Eden: 126464K(126464K)->0K(132608K) From: 3744K(101888K)->3776K(94208K)
[419.157s][info][gc,heap        ] GC(1475) ParOldGen: 611116K(667648K)->611116K(667648K)
[419.157s][info][gc,metaspace   ] GC(1475) Metaspace: 18842K(19008K)->18842K(19008K) NonClass: 17013K(17152K)->17013K(17152K) Class: 1829K(1856K)->1829K(1856K)
[419.157s][info][gc             ] GC(1475) Pause Young (Allocation Failure) 723M->600M(873M) 7.673ms
[419.157s][info][gc,cpu         ] GC(1475) User=0.01s Sys=0.00s Real=0.01s
[419.343s][info][gc,start       ] GC(1476) Pause Young (Allocation Failure)
[419.368s][info][gc,heap        ] GC(1476) PSYoungGen: 136384K(226816K)->19776K(228864K) Eden: 132608K(132608K)->0K(132608K) From: 3776K(94208K)->19776K(96256K)
[419.368s][info][gc,heap        ] GC(1476) ParOldGen: 611116K(667648K)->611116K(667648K)
[419.368s][info][gc,metaspace   ] GC(1476) Metaspace: 18842K(19008K)->18842K(19008K) NonClass: 17013K(17152K)->17013K(17152K) Class: 1829K(1856K)->1829K(1856K)
[419.368s][info][gc             ] GC(1476) Pause Young (Allocation Failure) 729M->616M(875M) 24.973ms
[419.368s][info][gc,cpu         ] GC(1476) User=0.05s Sys=0.00s Real=0.03s
[419.758s][info][gc,start       ] GC(1477) Pause Young (Allocation Failure)
[419.796s][info][gc,heap        ] GC(1477) PSYoungGen: 152384K(228864K)->33456K(225792K) Eden: 132608K(132608K)->0K(142336K) From: 19776K(96256K)->33456K(83456K)
[419.796s][info][gc,heap        ] GC(1477) ParOldGen: 611116K(667648K)->611116K(667648K)
[419.796s][info][gc,metaspace   ] GC(1477) Metaspace: 18842K(19008K)->18842K(19008K) NonClass: 17013K(17152K)->17013K(17152K) Class: 1829K(1856K)->1829K(1856K)
[419.796s][info][gc             ] GC(1477) Pause Young (Allocation Failure) 745M->629M(872M) 38.870ms
[419.796s][info][gc,cpu         ] GC(1477) User=0.07s Sys=0.00s Real=0.04s
[419.872s][info][gc,start       ] GC(1478) Pause Young (Allocation Failure)
[419.946s][info][gc,heap        ] GC(1478) PSYoungGen: 175792K(225792K)->81248K(229376K) Eden: 142336K(142336K)->0K(142336K) From: 33456K(83456K)->81248K(87040K)
[419.946s][info][gc,heap        ] GC(1478) ParOldGen: 611116K(667648K)->611116K(667648K)
[419.946s][info][gc,metaspace   ] GC(1478) Metaspace: 18842K(19008K)->18842K(19008K) NonClass: 17013K(17152K)->17013K(17152K) Class: 1829K(1856K)->1829K(1856K)
[419.946s][info][gc             ] GC(1478) Pause Young (Allocation Failure) 768M->676M(876M) 74.075ms
[419.946s][info][gc,cpu         ] GC(1478) User=0.14s Sys=0.00s Real=0.07s
[420.036s][info][gc,start       ] GC(1479) Pause Young (Allocation Failure)
[420.142s][info][gc,heap        ] GC(1479) PSYoungGen: 223584K(229376K)->101352K(212992K) Eden: 142336K(142336K)->0K(111616K) From: 81248K(87040K)->101352K(101376K)
[420.142s][info][gc,heap        ] GC(1479) ParOldGen: 611116K(667648K)->622698K(667648K)
[420.142s][info][gc,metaspace   ] GC(1479) Metaspace: 18842K(19008K)->18842K(19008K) NonClass: 17013K(17152K)->17013K(17152K) Class: 1829K(1856K)->1829K(1856K)
[420.142s][info][gc             ] GC(1479) Pause Young (Allocation Failure) 815M->707M(860M) 105.989ms
[420.142s][info][gc,cpu         ] GC(1479) User=0.20s Sys=0.02s Real=0.10s
[420.301s][info][gc,start       ] GC(1480) Pause Young (Allocation Failure)
[420.387s][info][gc,heap        ] GC(1480) PSYoungGen: 212968K(212992K)->85856K(222720K) Eden: 111616K(111616K)->0K(111616K) From: 101352K(101376K)->85856K(111104K)
[420.387s][info][gc,heap        ] GC(1480) ParOldGen: 622698K(667648K)->638826K(667648K)
[420.387s][info][gc,metaspace   ] GC(1480) Metaspace: 18842K(19008K)->18842K(19008K) NonClass: 17013K(17152K)->17013K(17152K) Class: 1829K(1856K)->1829K(1856K)
[420.387s][info][gc             ] GC(1480) Pause Young (Allocation Failure) 816M->707M(869M) 85.948ms
[420.387s][info][gc,cpu         ] GC(1480) User=0.17s Sys=0.00s Real=0.09s
[420.531s][info][gc,start       ] GC(1481) Pause Full (Allocation Failure)
[420.531s][info][gc,phases,start] GC(1481) Marking Phase
[421.054s][info][gc,phases      ] GC(1481) Marking Phase 522.616ms
[421.054s][info][gc,phases,start] GC(1481) Summary Phase
[421.054s][info][gc,phases      ] GC(1481) Summary Phase 0.029ms
[421.054s][info][gc,phases,start] GC(1481) Forward
[421.187s][info][gc,phases      ] GC(1481) Forward 133.656ms
[421.187s][info][gc,phases,start] GC(1481) Adjust Pointers
[421.586s][info][gc,phases      ] GC(1481) Adjust Pointers 398.395ms
[421.586s][info][gc,phases,start] GC(1481) Compaction Phase
[421.787s][info][gc,phases      ] GC(1481) Compaction Phase 200.960ms
[421.800s][info][gc,phases,start] GC(1481) Post Compact
[421.802s][info][gc,phases      ] GC(1481) Post Compact 2.415ms
[421.803s][info][gc,heap        ] GC(1481) PSYoungGen: 197472K(222720K)->23272K(222720K) Eden: 111616K(111616K)->0K(111616K) From: 85856K(111104K)->23272K(111104K)
[421.803s][info][gc,heap        ] GC(1481) ParOldGen: 638826K(667648K)->667377K(667648K)
[421.803s][info][gc,metaspace   ] GC(1481) Metaspace: 18842K(19008K)->18842K(19008K) NonClass: 17013K(17152K)->17013K(17152K) Class: 1829K(1856K)->1829K(1856K)
[421.803s][info][gc             ] GC(1481) Pause Full (Allocation Failure) 816M->674M(869M) 1271.729ms
[421.803s][info][gc,cpu         ] GC(1481) User=2.47s Sys=0.02s Real=1.27s
[422.003s][info][gc,start       ] GC(1482) Pause Full (Allocation Failure)
[422.003s][info][gc,phases,start] GC(1482) Marking Phase
[422.519s][info][gc,phases      ] GC(1482) Marking Phase 516.620ms
[422.519s][info][gc,phases,start] GC(1482) Summary Phase
[422.519s][info][gc,phases      ] GC(1482) Summary Phase 0.028ms
[422.519s][info][gc,phases,start] GC(1482) Forward
[422.655s][info][gc,phases      ] GC(1482) Forward 135.603ms
[422.655s][info][gc,phases,start] GC(1482) Adjust Pointers
[423.055s][info][gc,phases      ] GC(1482) Adjust Pointers 400.284ms
[423.055s][info][gc,phases,start] GC(1482) Compaction Phase
[423.234s][info][gc,phases      ] GC(1482) Compaction Phase 178.421ms
[423.250s][info][gc,phases,start] GC(1482) Post Compact
[423.252s][info][gc,phases      ] GC(1482) Post Compact 2.315ms
[423.252s][info][gc,heap        ] GC(1482) PSYoungGen: 134888K(222720K)->23358K(222720K) Eden: 111616K(111616K)->23358K(111616K) From: 23272K(111104K)->0K(111104K)
[423.252s][info][gc,heap        ] GC(1482) ParOldGen: 667377K(667648K)->667647K(667648K)
[423.252s][info][gc,metaspace   ] GC(1482) Metaspace: 18842K(19008K)->18842K(19008K) NonClass: 17013K(17152K)->17013K(17152K) Class: 1829K(1856K)->1829K(1856K)
[423.252s][info][gc             ] GC(1482) Pause Full (Allocation Failure) 783M->674M(869M) 1249.902ms
[423.252s][info][gc,cpu         ] GC(1482) User=2.44s Sys=0.00s Real=1.25s
[423.402s][info][gc,start       ] GC(1483) Pause Full (Allocation Failure)
[423.403s][info][gc,phases,start] GC(1483) Marking Phase
[423.890s][info][gc,phases      ] GC(1483) Marking Phase 487.653ms
[423.890s][info][gc,phases,start] GC(1483) Summary Phase
[423.890s][info][gc,phases      ] GC(1483) Summary Phase 0.027ms
[423.890s][info][gc,phases,start] GC(1483) Forward
[423.910s][info][gc,phases      ] GC(1483) Forward 19.485ms
[423.910s][info][gc,phases,start] GC(1483) Adjust Pointers
[424.245s][info][gc,phases      ] GC(1483) Adjust Pointers 335.279ms
[424.245s][info][gc,phases,start] GC(1483) Compaction Phase
[424.380s][info][gc,phases      ] GC(1483) Compaction Phase 134.945ms
[424.380s][info][gc,phases,start] GC(1483) Post Compact
[424.383s][info][gc,phases      ] GC(1483) Post Compact 2.235ms
[424.383s][info][gc,heap        ] GC(1483) PSYoungGen: 111616K(222720K)->23700K(222720K) Eden: 111616K(111616K)->23700K(111616K) From: 0K(111104K)->0K(111104K)
[424.383s][info][gc,heap        ] GC(1483) ParOldGen: 667647K(667648K)->667643K(667648K)
[424.383s][info][gc,metaspace   ] GC(1483) Metaspace: 18842K(19008K)->18842K(19008K) NonClass: 17013K(17152K)->17013K(17152K) Class: 1829K(1856K)->1829K(1856K)
[424.383s][info][gc             ] GC(1483) Pause Full (Allocation Failure) 760M->675M(869M) 980.089ms
[424.383s][info][gc,cpu         ] GC(1483) User=1.91s Sys=0.00s Real=0.98s
[424.496s][info][gc,start       ] GC(1484) Pause Full (Allocation Failure)
[424.496s][info][gc,phases,start] GC(1484) Marking Phase
[424.985s][info][gc,phases      ] GC(1484) Marking Phase 489.055ms
[424.985s][info][gc,phases,start] GC(1484) Summary Phase
[424.985s][info][gc,phases      ] GC(1484) Summary Phase 0.025ms
[424.985s][info][gc,phases,start] GC(1484) Forward
[425.005s][info][gc,phases      ] GC(1484) Forward 19.548ms
[425.005s][info][gc,phases,start] GC(1484) Adjust Pointers
[425.359s][info][gc,phases      ] GC(1484) Adjust Pointers 353.876ms
[425.359s][info][gc,phases,start] GC(1484) Compaction Phase
[425.505s][info][gc,phases      ] GC(1484) Compaction Phase 145.965ms
[425.505s][info][gc,phases,start] GC(1484) Post Compact
[425.507s][info][gc,phases      ] GC(1484) Post Compact 2.250ms
[425.507s][info][gc,heap        ] GC(1484) PSYoungGen: 111616K(222720K)->24133K(222720K) Eden: 111616K(111616K)->24133K(111616K) From: 0K(111104K)->0K(111104K)
[425.507s][info][gc,heap        ] GC(1484) ParOldGen: 667643K(667648K)->667642K(667648K)
[425.507s][info][gc,metaspace   ] GC(1484) Metaspace: 18842K(19008K)->18842K(19008K) NonClass: 17013K(17152K)->17013K(17152K) Class: 1829K(1856K)->1829K(1856K)
[425.507s][info][gc             ] GC(1484) Pause Full (Allocation Failure) 760M->675M(869M) 1011.161ms
[425.507s][info][gc,cpu         ] GC(1484) User=1.97s Sys=0.00s Real=1.02s
[425.582s][info][gc,start       ] GC(1485) Pause Full (Allocation Failure)
[425.582s][info][gc,phases,start] GC(1485) Marking Phase
[426.111s][info][gc,phases      ] GC(1485) Marking Phase 529.067ms
[426.111s][info][gc,phases,start] GC(1485) Summary Phase
[426.111s][info][gc,phases      ] GC(1485) Summary Phase 0.024ms
[426.111s][info][gc,phases,start] GC(1485) Forward
[426.121s][info][gc,phases      ] GC(1485) Forward 10.485ms
[426.121s][info][gc,phases,start] GC(1485) Adjust Pointers
[426.475s][info][gc,phases      ] GC(1485) Adjust Pointers 353.354ms
[426.475s][info][gc,phases,start] GC(1485) Compaction Phase
[426.618s][info][gc,phases      ] GC(1485) Compaction Phase 143.320ms
[426.618s][info][gc,phases,start] GC(1485) Post Compact
[426.621s][info][gc,phases      ] GC(1485) Post Compact 2.290ms
[426.621s][info][gc,heap        ] GC(1485) PSYoungGen: 111616K(222720K)->25122K(222720K) Eden: 111616K(111616K)->25122K(111616K) From: 0K(111104K)->0K(111104K)
[426.621s][info][gc,heap        ] GC(1485) ParOldGen: 667642K(667648K)->667642K(667648K)
[426.621s][info][gc,metaspace   ] GC(1485) Metaspace: 18842K(19008K)->18842K(19008K) NonClass: 17013K(17152K)->17013K(17152K) Class: 1829K(1856K)->1829K(1856K)
[426.621s][info][gc             ] GC(1485) Pause Full (Allocation Failure) 760M->676M(869M) 1039.088ms
[426.621s][info][gc,cpu         ] GC(1485) User=2.02s Sys=0.00s Real=1.04s
[426.691s][info][gc,start       ] GC(1486) Pause Full (Allocation Failure)
[426.691s][info][gc,phases,start] GC(1486) Marking Phase
[427.218s][info][gc,phases      ] GC(1486) Marking Phase 526.895ms
[427.218s][info][gc,phases,start] GC(1486) Summary Phase
[427.218s][info][gc,phases      ] GC(1486) Summary Phase 0.025ms
[427.218s][info][gc,phases,start] GC(1486) Forward
[427.229s][info][gc,phases      ] GC(1486) Forward 10.947ms
[427.229s][info][gc,phases,start] GC(1486) Adjust Pointers
[427.580s][info][gc,phases      ] GC(1486) Adjust Pointers 350.537ms
[427.580s][info][gc,phases,start] GC(1486) Compaction Phase
[427.716s][info][gc,phases      ] GC(1486) Compaction Phase 135.957ms
[427.716s][info][gc,phases,start] GC(1486) Post Compact
[427.718s][info][gc,phases      ] GC(1486) Post Compact 2.236ms
[427.718s][info][gc,heap        ] GC(1486) PSYoungGen: 111616K(222720K)->25816K(222720K) Eden: 111616K(111616K)->25816K(111616K) From: 0K(111104K)->0K(111104K)
[427.718s][info][gc,heap        ] GC(1486) ParOldGen: 667642K(667648K)->667642K(667648K)
[427.718s][info][gc,metaspace   ] GC(1486) Metaspace: 18842K(19008K)->18842K(19008K) NonClass: 17013K(17152K)->17013K(17152K) Class: 1829K(1856K)->1829K(1856K)
[427.718s][info][gc             ] GC(1486) Pause Full (Allocation Failure) 760M->677M(869M) 1027.021ms
[427.718s][info][gc,cpu         ] GC(1486) User=2.01s Sys=0.00s Real=1.03s
[427.845s][info][gc,start       ] GC(1487) Pause Full (Allocation Failure)
[427.845s][info][gc,phases,start] GC(1487) Marking Phase
[428.370s][info][gc,phases      ] GC(1487) Marking Phase 525.126ms
[428.370s][info][gc,phases,start] GC(1487) Summary Phase
[428.370s][info][gc,phases      ] GC(1487) Summary Phase 0.024ms
[428.370s][info][gc,phases,start] GC(1487) Forward
[428.389s][info][gc,phases      ] GC(1487) Forward 18.884ms
[428.389s][info][gc,phases,start] GC(1487) Adjust Pointers
[428.747s][info][gc,phases      ] GC(1487) Adjust Pointers 357.403ms
[428.747s][info][gc,phases,start] GC(1487) Compaction Phase
[428.891s][info][gc,phases      ] GC(1487) Compaction Phase 144.024ms
[428.891s][info][gc,phases,start] GC(1487) Post Compact
[428.893s][info][gc,phases      ] GC(1487) Post Compact 2.278ms
[428.893s][info][gc,heap        ] GC(1487) PSYoungGen: 111616K(222720K)->26856K(222720K) Eden: 111616K(111616K)->26856K(111616K) From: 0K(111104K)->0K(111104K)
[428.893s][info][gc,heap        ] GC(1487) ParOldGen: 667642K(667648K)->667617K(667648K)
[428.893s][info][gc,metaspace   ] GC(1487) Metaspace: 18843K(19008K)->18843K(19008K) NonClass: 17013K(17152K)->17013K(17152K) Class: 1829K(1856K)->1829K(1856K)
[428.893s][info][gc             ] GC(1487) Pause Full (Allocation Failure) 760M->678M(869M) 1048.198ms
[428.893s][info][gc,cpu         ] GC(1487) User=2.04s Sys=0.00s Real=1.05s
[429.097s][info][gc,start       ] GC(1488) Pause Full (Allocation Failure)
[429.097s][info][gc,phases,start] GC(1488) Marking Phase
[429.637s][info][gc,phases      ] GC(1488) Marking Phase 539.386ms
[429.637s][info][gc,phases,start] GC(1488) Summary Phase
[429.637s][info][gc,phases      ] GC(1488) Summary Phase 0.030ms
[429.637s][info][gc,phases,start] GC(1488) Forward
[429.772s][info][gc,phases      ] GC(1488) Forward 135.131ms
[429.772s][info][gc,phases,start] GC(1488) Adjust Pointers
[430.195s][info][gc,phases      ] GC(1488) Adjust Pointers 422.997ms
[430.195s][info][gc,phases,start] GC(1488) Compaction Phase
[430.402s][info][gc,phases      ] GC(1488) Compaction Phase 207.299ms
[430.419s][info][gc,phases,start] GC(1488) Post Compact
[430.421s][info][gc,phases      ] GC(1488) Post Compact 2.333ms
[430.422s][info][gc,heap        ] GC(1488) PSYoungGen: 111616K(222720K)->43266K(222720K) Eden: 111616K(111616K)->43266K(111616K) From: 0K(111104K)->0K(111104K)
[430.422s][info][gc,heap        ] GC(1488) ParOldGen: 667617K(667648K)->667537K(667648K)
[430.422s][info][gc,metaspace   ] GC(1488) Metaspace: 18846K(19008K)->18846K(19008K) NonClass: 17016K(17152K)->17016K(17152K) Class: 1829K(1856K)->1829K(1856K)
[430.422s][info][gc             ] GC(1488) Pause Full (Allocation Failure) 760M->694M(869M) 1324.375ms
[430.422s][info][gc,cpu         ] GC(1488) User=2.59s Sys=0.01s Real=1.32s
[430.534s][info][gc,start       ] GC(1489) Pause Full (Allocation Failure)
[430.534s][info][gc,phases,start] GC(1489) Marking Phase
[431.091s][info][gc,phases      ] GC(1489) Marking Phase 556.701ms
[431.091s][info][gc,phases,start] GC(1489) Summary Phase
[431.091s][info][gc,phases      ] GC(1489) Summary Phase 0.024ms
[431.091s][info][gc,phases,start] GC(1489) Forward
[431.108s][info][gc,phases      ] GC(1489) Forward 17.405ms
[431.108s][info][gc,phases,start] GC(1489) Adjust Pointers
[431.481s][info][gc,phases      ] GC(1489) Adjust Pointers 372.173ms
[431.481s][info][gc,phases,start] GC(1489) Compaction Phase
[431.631s][info][gc,phases      ] GC(1489) Compaction Phase 150.417ms
[431.631s][info][gc,phases,start] GC(1489) Post Compact
[431.634s][info][gc,phases      ] GC(1489) Post Compact 2.258ms
[431.634s][info][gc,heap        ] GC(1489) PSYoungGen: 111616K(222720K)->53404K(222720K) Eden: 111616K(111616K)->53404K(111616K) From: 0K(111104K)->0K(111104K)
[431.634s][info][gc,heap        ] GC(1489) ParOldGen: 667537K(667648K)->667537K(667648K)
[431.634s][info][gc,metaspace   ] GC(1489) Metaspace: 18846K(19008K)->18846K(19008K) NonClass: 17016K(17152K)->17016K(17152K) Class: 1829K(1856K)->1829K(1856K)
[431.634s][info][gc             ] GC(1489) Pause Full (Allocation Failure) 760M->704M(869M) 1099.459ms
[431.634s][info][gc,cpu         ] GC(1489) User=2.15s Sys=0.00s Real=1.10s
[431.708s][info][gc,start       ] GC(1490) Pause Full (Allocation Failure)
[431.708s][info][gc,phases,start] GC(1490) Marking Phase
[432.271s][info][gc,phases      ] GC(1490) Marking Phase 563.016ms
[432.271s][info][gc,phases,start] GC(1490) Summary Phase
[432.271s][info][gc,phases      ] GC(1490) Summary Phase 0.025ms
[432.271s][info][gc,phases,start] GC(1490) Forward
[432.294s][info][gc,phases      ] GC(1490) Forward 22.699ms
[432.294s][info][gc,phases,start] GC(1490) Adjust Pointers
[432.677s][info][gc,phases      ] GC(1490) Adjust Pointers 382.980ms
[432.677s][info][gc,phases,start] GC(1490) Compaction Phase
[432.835s][info][gc,phases      ] GC(1490) Compaction Phase 157.408ms
[432.835s][info][gc,phases,start] GC(1490) Post Compact
[432.837s][info][gc,phases      ] GC(1490) Post Compact 2.275ms
[432.837s][info][gc,heap        ] GC(1490) PSYoungGen: 111616K(222720K)->60037K(222720K) Eden: 111616K(111616K)->60037K(111616K) From: 0K(111104K)->0K(111104K)
[432.837s][info][gc,heap        ] GC(1490) ParOldGen: 667537K(667648K)->667537K(667648K)
[432.837s][info][gc,metaspace   ] GC(1490) Metaspace: 18846K(19008K)->18846K(19008K) NonClass: 17016K(17152K)->17016K(17152K) Class: 1829K(1856K)->1829K(1856K)
[432.837s][info][gc             ] GC(1490) Pause Full (Allocation Failure) 760M->710M(869M) 1128.882ms
[432.837s][info][gc,cpu         ] GC(1490) User=2.20s Sys=0.00s Real=1.13s
[432.889s][info][gc,start       ] GC(1491) Pause Full (Allocation Failure)
[432.889s][info][gc,phases,start] GC(1491) Marking Phase
[433.463s][info][gc,phases      ] GC(1491) Marking Phase 573.772ms
[433.463s][info][gc,phases,start] GC(1491) Summary Phase
[433.463s][info][gc,phases      ] GC(1491) Summary Phase 0.028ms
[433.463s][info][gc,phases,start] GC(1491) Forward
[433.487s][info][gc,phases      ] GC(1491) Forward 23.907ms
[433.487s][info][gc,phases,start] GC(1491) Adjust Pointers
[433.867s][info][gc,phases      ] GC(1491) Adjust Pointers 380.246ms
[433.867s][info][gc,phases,start] GC(1491) Compaction Phase
[434.022s][info][gc,phases      ] GC(1491) Compaction Phase 155.270ms
[434.022s][info][gc,phases,start] GC(1491) Post Compact
[434.025s][info][gc,phases      ] GC(1491) Post Compact 2.234ms
[434.025s][info][gc,heap        ] GC(1491) PSYoungGen: 111616K(222720K)->69214K(222720K) Eden: 111616K(111616K)->69214K(111616K) From: 0K(111104K)->0K(111104K)
[434.025s][info][gc,heap        ] GC(1491) ParOldGen: 667537K(667648K)->667537K(667648K)
[434.025s][info][gc,metaspace   ] GC(1491) Metaspace: 18846K(19008K)->18846K(19008K) NonClass: 17016K(17152K)->17016K(17152K) Class: 1829K(1856K)->1829K(1856K)
[434.025s][info][gc             ] GC(1491) Pause Full (Allocation Failure) 760M->719M(869M) 1135.902ms
[434.025s][info][gc,cpu         ] GC(1491) User=2.22s Sys=0.00s Real=1.13s
[434.063s][info][gc,start       ] GC(1492) Pause Full (Allocation Failure)
[434.063s][info][gc,phases,start] GC(1492) Marking Phase
[434.635s][info][gc,phases      ] GC(1492) Marking Phase 571.666ms
[434.635s][info][gc,phases,start] GC(1492) Summary Phase
[434.635s][info][gc,phases      ] GC(1492) Summary Phase 0.026ms
[434.635s][info][gc,phases,start] GC(1492) Forward
[434.658s][info][gc,phases      ] GC(1492) Forward 23.237ms
[434.658s][info][gc,phases,start] GC(1492) Adjust Pointers
[435.040s][info][gc,phases      ] GC(1492) Adjust Pointers 381.340ms
[435.040s][info][gc,phases,start] GC(1492) Compaction Phase
[435.194s][info][gc,phases      ] GC(1492) Compaction Phase 154.667ms
[435.194s][info][gc,phases,start] GC(1492) Post Compact
[435.197s][info][gc,phases      ] GC(1492) Post Compact 2.250ms
[435.197s][info][gc,heap        ] GC(1492) PSYoungGen: 111616K(222720K)->73788K(222720K) Eden: 111616K(111616K)->73788K(111616K) From: 0K(111104K)->0K(111104K)
[435.197s][info][gc,heap        ] GC(1492) ParOldGen: 667537K(667648K)->667537K(667648K)
[435.197s][info][gc,metaspace   ] GC(1492) Metaspace: 18846K(19008K)->18846K(19008K) NonClass: 17016K(17152K)->17016K(17152K) Class: 1829K(1856K)->1829K(1856K)
[435.197s][info][gc             ] GC(1492) Pause Full (Allocation Failure) 760M->723M(869M) 1133.687ms
[435.197s][info][gc,cpu         ] GC(1492) User=2.21s Sys=0.00s Real=1.14s
[435.250s][info][gc,start       ] GC(1493) Pause Full (Allocation Failure)
[435.250s][info][gc,phases,start] GC(1493) Marking Phase
[435.835s][info][gc,phases      ] GC(1493) Marking Phase 585.841ms
[435.835s][info][gc,phases,start] GC(1493) Summary Phase
[435.835s][info][gc,phases      ] GC(1493) Summary Phase 0.024ms
[435.836s][info][gc,phases,start] GC(1493) Forward
[435.860s][info][gc,phases      ] GC(1493) Forward 23.993ms
[435.860s][info][gc,phases,start] GC(1493) Adjust Pointers
[436.247s][info][gc,phases      ] GC(1493) Adjust Pointers 387.571ms
[436.247s][info][gc,phases,start] GC(1493) Compaction Phase
[436.403s][info][gc,phases      ] GC(1493) Compaction Phase 155.508ms
[436.403s][info][gc,phases,start] GC(1493) Post Compact
[436.405s][info][gc,phases      ] GC(1493) Post Compact 2.273ms
[436.405s][info][gc,heap        ] GC(1493) PSYoungGen: 111616K(222720K)->77557K(222720K) Eden: 111616K(111616K)->77557K(111616K) From: 0K(111104K)->0K(111104K)
[436.405s][info][gc,heap        ] GC(1493) ParOldGen: 667537K(667648K)->667537K(667648K)
[436.405s][info][gc,metaspace   ] GC(1493) Metaspace: 18846K(19008K)->18846K(19008K) NonClass: 17016K(17152K)->17016K(17152K) Class: 1829K(1856K)->1829K(1856K)
[436.405s][info][gc             ] GC(1493) Pause Full (Allocation Failure) 760M->727M(869M) 1155.689ms
[436.405s][info][gc,cpu         ] GC(1493) User=2.25s Sys=0.00s Real=1.15s
[436.441s][info][gc,start       ] GC(1494) Pause Full (Allocation Failure)
[436.441s][info][gc,phases,start] GC(1494) Marking Phase
[437.028s][info][gc,phases      ] GC(1494) Marking Phase 586.867ms
[437.028s][info][gc,phases,start] GC(1494) Summary Phase
[437.028s][info][gc,phases      ] GC(1494) Summary Phase 0.025ms
[437.028s][info][gc,phases,start] GC(1494) Forward
[437.052s][info][gc,phases      ] GC(1494) Forward 23.970ms
[437.052s][info][gc,phases,start] GC(1494) Adjust Pointers
[437.443s][info][gc,phases      ] GC(1494) Adjust Pointers 390.195ms
[437.443s][info][gc,phases,start] GC(1494) Compaction Phase
[437.599s][info][gc,phases      ] GC(1494) Compaction Phase 156.847ms
[437.600s][info][gc,phases,start] GC(1494) Post Compact
[437.602s][info][gc,phases      ] GC(1494) Post Compact 2.256ms
[437.602s][info][gc,heap        ] GC(1494) PSYoungGen: 111616K(222720K)->80893K(222720K) Eden: 111616K(111616K)->80893K(111616K) From: 0K(111104K)->0K(111104K)
[437.602s][info][gc,heap        ] GC(1494) ParOldGen: 667537K(667648K)->667537K(667648K)
[437.602s][info][gc,metaspace   ] GC(1494) Metaspace: 18846K(19008K)->18846K(19008K) NonClass: 17016K(17152K)->17016K(17152K) Class: 1829K(1856K)->1829K(1856K)
[437.602s][info][gc             ] GC(1494) Pause Full (Allocation Failure) 760M->730M(869M) 1160.639ms
[437.602s][info][gc,cpu         ] GC(1494) User=2.27s Sys=0.01s Real=1.16s
[437.623s][info][gc,start       ] GC(1495) Pause Full (Allocation Failure)
[437.623s][info][gc,phases,start] GC(1495) Marking Phase
[438.205s][info][gc,phases      ] GC(1495) Marking Phase 581.274ms
[438.205s][info][gc,phases,start] GC(1495) Summary Phase
[438.205s][info][gc,phases      ] GC(1495) Summary Phase 0.050ms
[438.205s][info][gc,phases,start] GC(1495) Forward
[438.228s][info][gc,phases      ] GC(1495) Forward 23.215ms
[438.228s][info][gc,phases,start] GC(1495) Adjust Pointers
[438.615s][info][gc,phases      ] GC(1495) Adjust Pointers 386.479ms
[438.615s][info][gc,phases,start] GC(1495) Compaction Phase
[438.771s][info][gc,phases      ] GC(1495) Compaction Phase 155.948ms
[438.771s][info][gc,phases,start] GC(1495) Post Compact
[438.773s][info][gc,phases      ] GC(1495) Post Compact 2.266ms
[438.773s][info][gc,heap        ] GC(1495) PSYoungGen: 111616K(222720K)->80962K(222720K) Eden: 111616K(111616K)->80962K(111616K) From: 0K(111104K)->0K(111104K)
[438.773s][info][gc,heap        ] GC(1495) ParOldGen: 667537K(667648K)->667537K(667648K)
[438.773s][info][gc,metaspace   ] GC(1495) Metaspace: 18846K(19008K)->18846K(19008K) NonClass: 17016K(17152K)->17016K(17152K) Class: 1829K(1856K)->1829K(1856K)
[438.773s][info][gc             ] GC(1495) Pause Full (Allocation Failure) 760M->730M(869M) 1149.677ms
[438.773s][info][gc,cpu         ] GC(1495) User=2.25s Sys=0.00s Real=1.15s
[438.794s][info][gc,start       ] GC(1496) Pause Full (Allocation Failure)
[438.794s][info][gc,phases,start] GC(1496) Marking Phase
[439.373s][info][gc,phases      ] GC(1496) Marking Phase 578.633ms
[439.373s][info][gc,phases,start] GC(1496) Summary Phase
[439.373s][info][gc,phases      ] GC(1496) Summary Phase 0.024ms
[439.373s][info][gc,phases,start] GC(1496) Forward
[439.397s][info][gc,phases      ] GC(1496) Forward 23.854ms
[439.397s][info][gc,phases,start] GC(1496) Adjust Pointers
[439.780s][info][gc,phases      ] GC(1496) Adjust Pointers 382.530ms
[439.780s][info][gc,phases,start] GC(1496) Compaction Phase
[439.936s][info][gc,phases      ] GC(1496) Compaction Phase 156.233ms
[439.936s][info][gc,phases,start] GC(1496) Post Compact
[439.938s][info][gc,phases      ] GC(1496) Post Compact 2.271ms
[439.938s][info][gc,heap        ] GC(1496) PSYoungGen: 111616K(222720K)->81050K(222720K) Eden: 111616K(111616K)->81050K(111616K) From: 0K(111104K)->0K(111104K)
[439.938s][info][gc,heap        ] GC(1496) ParOldGen: 667537K(667648K)->667537K(667648K)
[439.938s][info][gc,metaspace   ] GC(1496) Metaspace: 18846K(19008K)->18846K(19008K) NonClass: 17016K(17152K)->17016K(17152K) Class: 1829K(1856K)->1829K(1856K)
[439.938s][info][gc             ] GC(1496) Pause Full (Allocation Failure) 760M->731M(869M) 1144.004ms
[439.938s][info][gc,cpu         ] GC(1496) User=2.23s Sys=0.00s Real=1.15s
[439.973s][info][gc,start       ] GC(1497) Pause Full (Allocation Failure)
[439.973s][info][gc,phases,start] GC(1497) Marking Phase
[440.554s][info][gc,phases      ] GC(1497) Marking Phase 580.832ms
[440.554s][info][gc,phases,start] GC(1497) Summary Phase
[440.554s][info][gc,phases      ] GC(1497) Summary Phase 0.035ms
[440.554s][info][gc,phases,start] GC(1497) Forward
[440.578s][info][gc,phases      ] GC(1497) Forward 23.413ms
[440.578s][info][gc,phases,start] GC(1497) Adjust Pointers
[440.960s][info][gc,phases      ] GC(1497) Adjust Pointers 382.270ms
[440.960s][info][gc,phases,start] GC(1497) Compaction Phase
[441.117s][info][gc,phases      ] GC(1497) Compaction Phase 157.155ms
[441.117s][info][gc,phases,start] GC(1497) Post Compact
[441.120s][info][gc,phases      ] GC(1497) Post Compact 2.265ms
[441.120s][info][gc,heap        ] GC(1497) PSYoungGen: 111616K(222720K)->81560K(222720K) Eden: 111616K(111616K)->81560K(111616K) From: 0K(111104K)->0K(111104K)
[441.120s][info][gc,heap        ] GC(1497) ParOldGen: 667537K(667648K)->667537K(667648K)
[441.120s][info][gc,metaspace   ] GC(1497) Metaspace: 18846K(19008K)->18846K(19008K) NonClass: 17016K(17152K)->17016K(17152K) Class: 1829K(1856K)->1829K(1856K)
[441.120s][info][gc             ] GC(1497) Pause Full (Allocation Failure) 760M->731M(869M) 1146.411ms
[441.120s][info][gc,cpu         ] GC(1497) User=2.24s Sys=0.00s Real=1.15s
[441.156s][info][gc,start       ] GC(1498) Pause Full (Allocation Failure)
[441.156s][info][gc,phases,start] GC(1498) Marking Phase
[441.735s][info][gc,phases      ] GC(1498) Marking Phase 578.839ms
[441.735s][info][gc,phases,start] GC(1498) Summary Phase
[441.735s][info][gc,phases      ] GC(1498) Summary Phase 0.024ms
[441.735s][info][gc,phases,start] GC(1498) Forward
[441.759s][info][gc,phases      ] GC(1498) Forward 23.930ms
[441.759s][info][gc,phases,start] GC(1498) Adjust Pointers
[442.143s][info][gc,phases      ] GC(1498) Adjust Pointers 384.724ms
[442.143s][info][gc,phases,start] GC(1498) Compaction Phase
[442.300s][info][gc,phases      ] GC(1498) Compaction Phase 156.342ms
[442.300s][info][gc,phases,start] GC(1498) Post Compact
[442.302s][info][gc,phases      ] GC(1498) Post Compact 2.265ms
[442.302s][info][gc,heap        ] GC(1498) PSYoungGen: 111616K(222720K)->83477K(222720K) Eden: 111616K(111616K)->83477K(111616K) From: 0K(111104K)->0K(111104K)
[442.302s][info][gc,heap        ] GC(1498) ParOldGen: 667537K(667648K)->667537K(667648K)
[442.302s][info][gc,metaspace   ] GC(1498) Metaspace: 18846K(19008K)->18846K(19008K) NonClass: 17016K(17152K)->17016K(17152K) Class: 1829K(1856K)->1829K(1856K)
[442.302s][info][gc             ] GC(1498) Pause Full (Allocation Failure) 760M->733M(869M) 1146.609ms
[442.302s][info][gc,cpu         ] GC(1498) User=2.24s Sys=0.00s Real=1.15s
[442.336s][info][gc,start       ] GC(1499) Pause Full (Allocation Failure)
[442.337s][info][gc,phases,start] GC(1499) Marking Phase
[442.918s][info][gc,phases      ] GC(1499) Marking Phase 581.348ms
[442.918s][info][gc,phases,start] GC(1499) Summary Phase
[442.918s][info][gc,phases      ] GC(1499) Summary Phase 0.025ms
[442.918s][info][gc,phases,start] GC(1499) Forward
[442.942s][info][gc,phases      ] GC(1499) Forward 23.677ms
[442.942s][info][gc,phases,start] GC(1499) Adjust Pointers
[443.325s][info][gc,phases      ] GC(1499) Adjust Pointers 383.540ms
[443.325s][info][gc,phases,start] GC(1499) Compaction Phase
[443.482s][info][gc,phases      ] GC(1499) Compaction Phase 156.511ms
[443.482s][info][gc,phases,start] GC(1499) Post Compact
[443.484s][info][gc,phases      ] GC(1499) Post Compact 2.241ms
[443.484s][info][gc,heap        ] GC(1499) PSYoungGen: 111616K(222720K)->83477K(222720K) Eden: 111616K(111616K)->83477K(111616K) From: 0K(111104K)->0K(111104K)
[443.484s][info][gc,heap        ] GC(1499) ParOldGen: 667537K(667648K)->667537K(667648K)
[443.484s][info][gc,metaspace   ] GC(1499) Metaspace: 18846K(19008K)->18846K(19008K) NonClass: 17016K(17152K)->17016K(17152K) Class: 1829K(1856K)->1829K(1856K)
[443.484s][info][gc             ] GC(1499) Pause Full (Allocation Failure) 760M->733M(869M) 1147.815ms
[443.484s][info][gc,cpu         ] GC(1499) User=2.25s Sys=0.00s Real=1.14s
[443.519s][info][gc,start       ] GC(1500) Pause Full (Allocation Failure)
[443.519s][info][gc,phases,start] GC(1500) Marking Phase
[444.097s][info][gc,phases      ] GC(1500) Marking Phase 578.616ms
[444.097s][info][gc,phases,start] GC(1500) Summary Phase
[444.097s][info][gc,phases      ] GC(1500) Summary Phase 0.023ms
[444.097s][info][gc,phases,start] GC(1500) Forward
[444.121s][info][gc,phases      ] GC(1500) Forward 23.501ms
[444.121s][info][gc,phases,start] GC(1500) Adjust Pointers
[444.505s][info][gc,phases      ] GC(1500) Adjust Pointers 383.709ms
[444.505s][info][gc,phases,start] GC(1500) Compaction Phase
[444.661s][info][gc,phases      ] GC(1500) Compaction Phase 156.490ms
[444.661s][info][gc,phases,start] GC(1500) Post Compact
[444.664s][info][gc,phases      ] GC(1500) Post Compact 2.225ms
[444.664s][info][gc,heap        ] GC(1500) PSYoungGen: 111616K(222720K)->83823K(222720K) Eden: 111616K(111616K)->83823K(111616K) From: 0K(111104K)->0K(111104K)
[444.664s][info][gc,heap        ] GC(1500) ParOldGen: 667537K(667648K)->667537K(667648K)
[444.664s][info][gc,metaspace   ] GC(1500) Metaspace: 18846K(19008K)->18846K(19008K) NonClass: 17016K(17152K)->17016K(17152K) Class: 1829K(1856K)->1829K(1856K)
[444.664s][info][gc             ] GC(1500) Pause Full (Allocation Failure) 760M->733M(869M) 1144.998ms
[444.664s][info][gc,cpu         ] GC(1500) User=2.24s Sys=0.00s Real=1.14s
[444.690s][info][gc,start       ] GC(1501) Pause Full (Allocation Failure)
[444.690s][info][gc,phases,start] GC(1501) Marking Phase
[445.270s][info][gc,phases      ] GC(1501) Marking Phase 579.888ms
[445.270s][info][gc,phases,start] GC(1501) Summary Phase
[445.270s][info][gc,phases      ] GC(1501) Summary Phase 0.024ms
[445.270s][info][gc,phases,start] GC(1501) Forward
[445.293s][info][gc,phases      ] GC(1501) Forward 23.512ms
[445.293s][info][gc,phases,start] GC(1501) Adjust Pointers
[445.681s][info][gc,phases      ] GC(1501) Adjust Pointers 387.686ms
[445.681s][info][gc,phases,start] GC(1501) Compaction Phase
[445.838s][info][gc,phases      ] GC(1501) Compaction Phase 156.598ms
[445.838s][info][gc,phases,start] GC(1501) Post Compact
[445.840s][info][gc,phases      ] GC(1501) Post Compact 2.286ms
[445.840s][info][gc,heap        ] GC(1501) PSYoungGen: 111616K(222720K)->83823K(222720K) Eden: 111616K(111616K)->83823K(111616K) From: 0K(111104K)->0K(111104K)
[445.840s][info][gc,heap        ] GC(1501) ParOldGen: 667537K(667648K)->667537K(667648K)
[445.840s][info][gc,metaspace   ] GC(1501) Metaspace: 18846K(19008K)->18846K(19008K) NonClass: 17016K(17152K)->17016K(17152K) Class: 1829K(1856K)->1829K(1856K)
[445.840s][info][gc             ] GC(1501) Pause Full (Allocation Failure) 760M->733M(869M) 1150.471ms
[445.840s][info][gc,cpu         ] GC(1501) User=2.24s Sys=0.00s Real=1.15s
[445.868s][info][gc,start       ] GC(1502) Pause Full (Allocation Failure)
[445.868s][info][gc,phases,start] GC(1502) Marking Phase
[446.453s][info][gc,phases      ] GC(1502) Marking Phase 585.704ms
[446.453s][info][gc,phases,start] GC(1502) Summary Phase
[446.454s][info][gc,phases      ] GC(1502) Summary Phase 0.025ms
[446.454s][info][gc,phases,start] GC(1502) Forward
[446.477s][info][gc,phases      ] GC(1502) Forward 23.763ms
[446.477s][info][gc,phases,start] GC(1502) Adjust Pointers
[446.862s][info][gc,phases      ] GC(1502) Adjust Pointers 384.711ms
[446.862s][info][gc,phases,start] GC(1502) Compaction Phase
[447.019s][info][gc,phases      ] GC(1502) Compaction Phase 156.515ms
[447.019s][info][gc,phases,start] GC(1502) Post Compact
[447.021s][info][gc,phases      ] GC(1502) Post Compact 2.293ms
[447.021s][info][gc,heap        ] GC(1502) PSYoungGen: 111616K(222720K)->84323K(222720K) Eden: 111616K(111616K)->84323K(111616K) From: 0K(111104K)->0K(111104K)
[447.021s][info][gc,heap        ] GC(1502) ParOldGen: 667537K(667648K)->667537K(667648K)
[447.021s][info][gc,metaspace   ] GC(1502) Metaspace: 18846K(19008K)->18846K(19008K) NonClass: 17016K(17152K)->17016K(17152K) Class: 1829K(1856K)->1829K(1856K)
[447.021s][info][gc             ] GC(1502) Pause Full (Allocation Failure) 760M->734M(869M) 1153.464ms
[447.021s][info][gc,cpu         ] GC(1502) User=2.25s Sys=0.01s Real=1.15s
[447.066s][info][gc,start       ] GC(1503) Pause Full (Allocation Failure)
[447.066s][info][gc,phases,start] GC(1503) Marking Phase
[447.655s][info][gc,phases      ] GC(1503) Marking Phase 588.767ms
[447.655s][info][gc,phases,start] GC(1503) Summary Phase
[447.655s][info][gc,phases      ] GC(1503) Summary Phase 0.026ms
[447.655s][info][gc,phases,start] GC(1503) Forward
[447.802s][info][gc,phases      ] GC(1503) Forward 146.842ms
[447.802s][info][gc,phases,start] GC(1503) Adjust Pointers
[448.251s][info][gc,phases      ] GC(1503) Adjust Pointers 449.593ms
[448.251s][info][gc,phases,start] GC(1503) Compaction Phase
[448.443s][info][gc,phases      ] GC(1503) Compaction Phase 191.886ms
[448.460s][info][gc,phases,start] GC(1503) Post Compact
[448.462s][info][gc,phases      ] GC(1503) Post Compact 2.332ms
[448.462s][info][gc,heap        ] GC(1503) PSYoungGen: 111616K(222720K)->86377K(222720K) Eden: 111616K(111616K)->86377K(111616K) From: 0K(111104K)->0K(111104K)
[448.462s][info][gc,heap        ] GC(1503) ParOldGen: 667537K(667648K)->667536K(667648K)
[448.462s][info][gc,metaspace   ] GC(1503) Metaspace: 18848K(19008K)->18848K(19008K) NonClass: 17019K(17152K)->17019K(17152K) Class: 1829K(1856K)->1829K(1856K)
[448.462s][info][gc             ] GC(1503) Pause Full (Allocation Failure) 760M->736M(869M) 1396.308ms
[448.462s][info][gc,cpu         ] GC(1503) User=2.73s Sys=0.00s Real=1.40s
[448.492s][info][gc,start       ] GC(1504) Pause Full (Allocation Failure)
[448.492s][info][gc,phases,start] GC(1504) Marking Phase
[449.077s][info][gc,phases      ] GC(1504) Marking Phase 585.127ms
[449.077s][info][gc,phases,start] GC(1504) Summary Phase
[449.077s][info][gc,phases      ] GC(1504) Summary Phase 0.023ms
[449.077s][info][gc,phases,start] GC(1504) Forward
[449.101s][info][gc,phases      ] GC(1504) Forward 23.996ms
[449.102s][info][gc,phases,start] GC(1504) Adjust Pointers
[449.490s][info][gc,phases      ] GC(1504) Adjust Pointers 388.404ms
[449.490s][info][gc,phases,start] GC(1504) Compaction Phase
[449.647s][info][gc,phases      ] GC(1504) Compaction Phase 157.340ms
[449.647s][info][gc,phases,start] GC(1504) Post Compact
[449.650s][info][gc,phases      ] GC(1504) Post Compact 2.250ms
[449.650s][info][gc,heap        ] GC(1504) PSYoungGen: 111616K(222720K)->86618K(222720K) Eden: 111616K(111616K)->86618K(111616K) From: 0K(111104K)->0K(111104K)
[449.650s][info][gc,heap        ] GC(1504) ParOldGen: 667536K(667648K)->667536K(667648K)
[449.650s][info][gc,metaspace   ] GC(1504) Metaspace: 18848K(19008K)->18848K(19008K) NonClass: 17019K(17152K)->17019K(17152K) Class: 1829K(1856K)->1829K(1856K)
[449.650s][info][gc             ] GC(1504) Pause Full (Allocation Failure) 760M->736M(869M) 1157.574ms
[449.650s][info][gc,cpu         ] GC(1504) User=2.27s Sys=0.00s Real=1.16s
[449.669s][info][gc,start       ] GC(1505) Pause Full (Allocation Failure)
[449.669s][info][gc,phases,start] GC(1505) Marking Phase
[450.256s][info][gc,phases      ] GC(1505) Marking Phase 586.944ms
[450.256s][info][gc,phases,start] GC(1505) Summary Phase
[450.256s][info][gc,phases      ] GC(1505) Summary Phase 0.025ms
[450.256s][info][gc,phases,start] GC(1505) Forward
[450.280s][info][gc,phases      ] GC(1505) Forward 23.739ms
[450.280s][info][gc,phases,start] GC(1505) Adjust Pointers
[450.669s][info][gc,phases      ] GC(1505) Adjust Pointers 389.514ms
[450.670s][info][gc,phases,start] GC(1505) Compaction Phase
[450.827s][info][gc,phases      ] GC(1505) Compaction Phase 157.474ms
[450.827s][info][gc,phases,start] GC(1505) Post Compact
[450.829s][info][gc,phases      ] GC(1505) Post Compact 2.267ms
[450.829s][info][gc,heap        ] GC(1505) PSYoungGen: 111616K(222720K)->86804K(222720K) Eden: 111616K(111616K)->86804K(111616K) From: 0K(111104K)->0K(111104K)
[450.829s][info][gc,heap        ] GC(1505) ParOldGen: 667536K(667648K)->667536K(667648K)
[450.829s][info][gc,metaspace   ] GC(1505) Metaspace: 18848K(19008K)->18848K(19008K) NonClass: 17019K(17152K)->17019K(17152K) Class: 1829K(1856K)->1829K(1856K)
[450.829s][info][gc             ] GC(1505) Pause Full (Allocation Failure) 760M->736M(869M) 1160.411ms
[450.829s][info][gc,cpu         ] GC(1505) User=2.27s Sys=0.00s Real=1.16s
[450.851s][info][gc,start       ] GC(1506) Pause Full (Allocation Failure)
[450.851s][info][gc,phases,start] GC(1506) Marking Phase
[451.438s][info][gc,phases      ] GC(1506) Marking Phase 587.074ms
[451.438s][info][gc,phases,start] GC(1506) Summary Phase
[451.438s][info][gc,phases      ] GC(1506) Summary Phase 0.023ms
[451.438s][info][gc,phases,start] GC(1506) Forward
[451.462s][info][gc,phases      ] GC(1506) Forward 23.702ms
[451.462s][info][gc,phases,start] GC(1506) Adjust Pointers
[451.849s][info][gc,phases      ] GC(1506) Adjust Pointers 387.230ms
[451.849s][info][gc,phases,start] GC(1506) Compaction Phase
[452.007s][info][gc,phases      ] GC(1506) Compaction Phase 157.278ms
[452.007s][info][gc,phases,start] GC(1506) Post Compact
[452.009s][info][gc,phases      ] GC(1506) Post Compact 2.265ms
[452.009s][info][gc,heap        ] GC(1506) PSYoungGen: 111616K(222720K)->87189K(222720K) Eden: 111616K(111616K)->87189K(111616K) From: 0K(111104K)->0K(111104K)
[452.009s][info][gc,heap        ] GC(1506) ParOldGen: 667536K(667648K)->667536K(667648K)
[452.009s][info][gc,metaspace   ] GC(1506) Metaspace: 18848K(19008K)->18848K(19008K) NonClass: 17019K(17152K)->17019K(17152K) Class: 1829K(1856K)->1829K(1856K)
[452.009s][info][gc             ] GC(1506) Pause Full (Allocation Failure) 760M->737M(869M) 1158.049ms
[452.009s][info][gc,cpu         ] GC(1506) User=2.26s Sys=0.00s Real=1.16s
[452.041s][info][gc,start       ] GC(1507) Pause Full (Allocation Failure)
[452.041s][info][gc,phases,start] GC(1507) Marking Phase
[452.627s][info][gc,phases      ] GC(1507) Marking Phase 586.299ms
[452.627s][info][gc,phases,start] GC(1507) Summary Phase
[452.628s][info][gc,phases      ] GC(1507) Summary Phase 0.023ms
[452.628s][info][gc,phases,start] GC(1507) Forward
[452.651s][info][gc,phases      ] GC(1507) Forward 23.562ms
[452.651s][info][gc,phases,start] GC(1507) Adjust Pointers
[453.035s][info][gc,phases      ] GC(1507) Adjust Pointers 383.824ms
[453.035s][info][gc,phases,start] GC(1507) Compaction Phase
[453.191s][info][gc,phases      ] GC(1507) Compaction Phase 156.248ms
[453.191s][info][gc,phases,start] GC(1507) Post Compact
[453.194s][info][gc,phases      ] GC(1507) Post Compact 2.243ms
[453.194s][info][gc,heap        ] GC(1507) PSYoungGen: 111616K(222720K)->86697K(222720K) Eden: 111616K(111616K)->86697K(111616K) From: 0K(111104K)->0K(111104K)
[453.194s][info][gc,heap        ] GC(1507) ParOldGen: 667536K(667648K)->667536K(667648K)
[453.194s][info][gc,metaspace   ] GC(1507) Metaspace: 18848K(19008K)->18848K(19008K) NonClass: 17019K(17152K)->17019K(17152K) Class: 1829K(1856K)->1829K(1856K)
[453.194s][info][gc             ] GC(1507) Pause Full (Allocation Failure) 760M->736M(869M) 1152.640ms
[453.194s][info][gc,cpu         ] GC(1507) User=2.26s Sys=0.00s Real=1.15s
[453.211s][info][gc,start       ] GC(1508) Pause Full (Allocation Failure)
[453.211s][info][gc,phases,start] GC(1508) Marking Phase
[453.794s][info][gc,phases      ] GC(1508) Marking Phase 582.969ms
[453.794s][info][gc,phases,start] GC(1508) Summary Phase
[453.794s][info][gc,phases      ] GC(1508) Summary Phase 0.027ms
[453.794s][info][gc,phases,start] GC(1508) Forward
[453.936s][info][gc,phases      ] GC(1508) Forward 142.749ms
[453.936s][info][gc,phases,start] GC(1508) Adjust Pointers
[454.380s][info][gc,phases      ] GC(1508) Adjust Pointers 443.672ms
[454.380s][info][gc,phases,start] GC(1508) Compaction Phase
[454.570s][info][gc,phases      ] GC(1508) Compaction Phase 190.236ms
[454.587s][info][gc,phases,start] GC(1508) Post Compact
[454.590s][info][gc,phases      ] GC(1508) Post Compact 2.241ms
[454.590s][info][gc,heap        ] GC(1508) PSYoungGen: 111616K(222720K)->86701K(222720K) Eden: 111616K(111616K)->86701K(111616K) From: 0K(111104K)->0K(111104K)
[454.590s][info][gc,heap        ] GC(1508) ParOldGen: 667536K(667648K)->667535K(667648K)
[454.590s][info][gc,metaspace   ] GC(1508) Metaspace: 18848K(19008K)->18848K(19008K) NonClass: 17019K(17152K)->17019K(17152K) Class: 1829K(1856K)->1829K(1856K)
[454.590s][info][gc             ] GC(1508) Pause Full (Allocation Failure) 760M->736M(869M) 1379.075ms
[454.590s][info][gc,cpu         ] GC(1508) User=2.70s Sys=0.01s Real=1.38s
[454.604s][info][gc,start       ] GC(1509) Pause Full (Allocation Failure)
[454.604s][info][gc,phases,start] GC(1509) Marking Phase
[455.189s][info][gc,phases      ] GC(1509) Marking Phase 584.599ms
[455.189s][info][gc,phases,start] GC(1509) Summary Phase
[455.189s][info][gc,phases      ] GC(1509) Summary Phase 0.026ms
[455.189s][info][gc,phases,start] GC(1509) Forward
[455.212s][info][gc,phases      ] GC(1509) Forward 23.745ms
[455.213s][info][gc,phases,start] GC(1509) Adjust Pointers
[455.600s][info][gc,phases      ] GC(1509) Adjust Pointers 387.366ms
[455.600s][info][gc,phases,start] GC(1509) Compaction Phase
[455.757s][info][gc,phases      ] GC(1509) Compaction Phase 157.279ms
[455.757s][info][gc,phases,start] GC(1509) Post Compact
[455.760s][info][gc,phases      ] GC(1509) Post Compact 2.268ms
[455.760s][info][gc,heap        ] GC(1509) PSYoungGen: 111616K(222720K)->86701K(222720K) Eden: 111616K(111616K)->86701K(111616K) From: 0K(111104K)->0K(111104K)
[455.760s][info][gc,heap        ] GC(1509) ParOldGen: 667535K(667648K)->667535K(667648K)
[455.760s][info][gc,metaspace   ] GC(1509) Metaspace: 18848K(19008K)->18848K(19008K) NonClass: 17019K(17152K)->17019K(17152K) Class: 1829K(1856K)->1829K(1856K)
[455.760s][info][gc             ] GC(1509) Pause Full (Allocation Failure) 760M->736M(869M) 1155.776ms
[455.760s][info][gc,cpu         ] GC(1509) User=2.26s Sys=0.01s Real=1.16s
[455.774s][info][gc,start       ] GC(1510) Pause Full (Allocation Failure)
[455.774s][info][gc,phases,start] GC(1510) Marking Phase
[456.351s][info][gc,phases      ] GC(1510) Marking Phase 576.978ms
[456.351s][info][gc,phases,start] GC(1510) Summary Phase
[456.351s][info][gc,phases      ] GC(1510) Summary Phase 0.024ms
[456.351s][info][gc,phases,start] GC(1510) Forward
[456.374s][info][gc,phases      ] GC(1510) Forward 23.298ms
[456.374s][info][gc,phases,start] GC(1510) Adjust Pointers
[456.746s][info][gc,phases      ] GC(1510) Adjust Pointers 371.973ms
[456.747s][info][gc,phases,start] GC(1510) Compaction Phase
[456.898s][info][gc,phases      ] GC(1510) Compaction Phase 151.116ms
[456.898s][info][gc,phases,start] GC(1510) Post Compact
[456.900s][info][gc,phases      ] GC(1510) Post Compact 2.250ms
[456.900s][info][gc,heap        ] GC(1510) PSYoungGen: 111616K(222720K)->86701K(222720K) Eden: 111616K(111616K)->86701K(111616K) From: 0K(111104K)->0K(111104K)
[456.900s][info][gc,heap        ] GC(1510) ParOldGen: 667535K(667648K)->667535K(667648K)
[456.900s][info][gc,metaspace   ] GC(1510) Metaspace: 18848K(19008K)->18848K(19008K) NonClass: 17019K(17152K)->17019K(17152K) Class: 1829K(1856K)->1829K(1856K)
[456.900s][info][gc             ] GC(1510) Pause Full (Allocation Failure) 760M->736M(869M) 1126.065ms
[456.900s][info][gc,cpu         ] GC(1510) User=2.20s Sys=0.00s Real=1.13s
[456.915s][info][gc,start       ] GC(1511) Pause Full (Allocation Failure)
[456.915s][info][gc,phases,start] GC(1511) Marking Phase
[457.475s][info][gc,phases      ] GC(1511) Marking Phase 559.996ms
[457.475s][info][gc,phases,start] GC(1511) Summary Phase
[457.475s][info][gc,phases      ] GC(1511) Summary Phase 0.025ms
[457.475s][info][gc,phases,start] GC(1511) Forward
[457.499s][info][gc,phases      ] GC(1511) Forward 23.954ms
[457.499s][info][gc,phases,start] GC(1511) Adjust Pointers
[457.875s][info][gc,phases      ] GC(1511) Adjust Pointers 376.272ms
[457.875s][info][gc,phases,start] GC(1511) Compaction Phase
[458.024s][info][gc,phases      ] GC(1511) Compaction Phase 148.882ms
[458.024s][info][gc,phases,start] GC(1511) Post Compact
[458.027s][info][gc,phases      ] GC(1511) Post Compact 2.202ms
[458.027s][info][gc,heap        ] GC(1511) PSYoungGen: 111616K(222720K)->86724K(222720K) Eden: 111616K(111616K)->86724K(111616K) From: 0K(111104K)->0K(111104K)
[458.027s][info][gc,heap        ] GC(1511) ParOldGen: 667535K(667648K)->667535K(667648K)
[458.027s][info][gc,metaspace   ] GC(1511) Metaspace: 18848K(19008K)->18848K(19008K) NonClass: 17019K(17152K)->17019K(17152K) Class: 1829K(1856K)->1829K(1856K)
[458.027s][info][gc             ] GC(1511) Pause Full (Allocation Failure) 760M->736M(869M) 1111.775ms
[458.027s][info][gc,cpu         ] GC(1511) User=2.17s Sys=0.00s Real=1.12s
[458.040s][info][gc,start       ] GC(1512) Pause Full (Allocation Failure)
[458.040s][info][gc,phases,start] GC(1512) Marking Phase
[458.600s][info][gc,phases      ] GC(1512) Marking Phase 559.388ms
[458.600s][info][gc,phases,start] GC(1512) Summary Phase
[458.600s][info][gc,phases      ] GC(1512) Summary Phase 0.024ms
[458.600s][info][gc,phases,start] GC(1512) Forward
[458.623s][info][gc,phases      ] GC(1512) Forward 22.859ms
[458.623s][info][gc,phases,start] GC(1512) Adjust Pointers
[458.993s][info][gc,phases      ] GC(1512) Adjust Pointers 370.531ms
[458.993s][info][gc,phases,start] GC(1512) Compaction Phase
[459.142s][info][gc,phases      ] GC(1512) Compaction Phase 148.372ms
[459.142s][info][gc,phases,start] GC(1512) Post Compact
[459.144s][info][gc,phases      ] GC(1512) Post Compact 2.254ms
[459.144s][info][gc,heap        ] GC(1512) PSYoungGen: 111616K(222720K)->86724K(222720K) Eden: 111616K(111616K)->86724K(111616K) From: 0K(111104K)->0K(111104K)
[459.144s][info][gc,heap        ] GC(1512) ParOldGen: 667535K(667648K)->667535K(667648K)
[459.144s][info][gc,metaspace   ] GC(1512) Metaspace: 18848K(19008K)->18848K(19008K) NonClass: 17019K(17152K)->17019K(17152K) Class: 1829K(1856K)->1829K(1856K)
[459.144s][info][gc             ] GC(1512) Pause Full (Allocation Failure) 760M->736M(869M) 1103.894ms
[459.144s][info][gc,cpu         ] GC(1512) User=2.16s Sys=0.00s Real=1.10s
[459.158s][info][gc,start       ] GC(1513) Pause Full (Allocation Failure)
[459.158s][info][gc,phases,start] GC(1513) Marking Phase
[459.716s][info][gc,phases      ] GC(1513) Marking Phase 558.176ms
[459.716s][info][gc,phases,start] GC(1513) Summary Phase
[459.716s][info][gc,phases      ] GC(1513) Summary Phase 0.024ms
[459.716s][info][gc,phases,start] GC(1513) Forward
[459.740s][info][gc,phases      ] GC(1513) Forward 23.625ms
[459.740s][info][gc,phases,start] GC(1513) Adjust Pointers
[460.112s][info][gc,phases      ] GC(1513) Adjust Pointers 372.475ms
[460.112s][info][gc,phases,start] GC(1513) Compaction Phase
[460.267s][info][gc,phases      ] GC(1513) Compaction Phase 154.734ms
[460.267s][info][gc,phases,start] GC(1513) Post Compact
[460.269s][info][gc,phases      ] GC(1513) Post Compact 2.315ms
[460.269s][info][gc,heap        ] GC(1513) PSYoungGen: 111616K(222720K)->86725K(222720K) Eden: 111616K(111616K)->86725K(111616K) From: 0K(111104K)->0K(111104K)
[460.269s][info][gc,heap        ] GC(1513) ParOldGen: 667535K(667648K)->667535K(667648K)
[460.269s][info][gc,metaspace   ] GC(1513) Metaspace: 18848K(19008K)->18848K(19008K) NonClass: 17019K(17152K)->17019K(17152K) Class: 1829K(1856K)->1829K(1856K)
[460.269s][info][gc             ] GC(1513) Pause Full (Allocation Failure) 760M->736M(869M) 1111.754ms
[460.269s][info][gc,cpu         ] GC(1513) User=2.17s Sys=0.00s Real=1.11s
[460.285s][info][gc,start       ] GC(1514) Pause Full (Allocation Failure)
[460.285s][info][gc,phases,start] GC(1514) Marking Phase
[460.865s][info][gc,phases      ] GC(1514) Marking Phase 580.038ms
[460.865s][info][gc,phases,start] GC(1514) Summary Phase
[460.865s][info][gc,phases      ] GC(1514) Summary Phase 0.031ms
[460.865s][info][gc,phases,start] GC(1514) Forward
[460.889s][info][gc,phases      ] GC(1514) Forward 23.704ms
[460.889s][info][gc,phases,start] GC(1514) Adjust Pointers
[461.279s][info][gc,phases      ] GC(1514) Adjust Pointers 389.909ms
[461.279s][info][gc,phases,start] GC(1514) Compaction Phase
[461.434s][info][gc,phases      ] GC(1514) Compaction Phase 155.129ms
[461.434s][info][gc,phases,start] GC(1514) Post Compact
[461.437s][info][gc,phases      ] GC(1514) Post Compact 2.271ms
[461.437s][info][gc,heap        ] GC(1514) PSYoungGen: 111616K(222720K)->86723K(222720K) Eden: 111616K(111616K)->86723K(111616K) From: 0K(111104K)->0K(111104K)
[461.437s][info][gc,heap        ] GC(1514) ParOldGen: 667535K(667648K)->667535K(667648K)
[461.437s][info][gc,metaspace   ] GC(1514) Metaspace: 18848K(19008K)->18848K(19008K) NonClass: 17019K(17152K)->17019K(17152K) Class: 1829K(1856K)->1829K(1856K)
[461.437s][info][gc             ] GC(1514) Pause Full (Allocation Failure) 760M->736M(869M) 1151.531ms
[461.437s][info][gc,cpu         ] GC(1514) User=2.25s Sys=0.00s Real=1.16s
[461.452s][info][gc,start       ] GC(1515) Pause Full (Allocation Failure)
[461.452s][info][gc,phases,start] GC(1515) Marking Phase
[462.004s][info][gc,phases      ] GC(1515) Marking Phase 551.644ms
[462.004s][info][gc,phases,start] GC(1515) Summary Phase
[462.004s][info][gc,phases      ] GC(1515) Summary Phase 0.024ms
[462.004s][info][gc,phases,start] GC(1515) Forward
[462.027s][info][gc,phases      ] GC(1515) Forward 22.560ms
[462.027s][info][gc,phases,start] GC(1515) Adjust Pointers
[462.395s][info][gc,phases      ] GC(1515) Adjust Pointers 368.452ms
[462.395s][info][gc,phases,start] GC(1515) Compaction Phase
[462.548s][info][gc,phases      ] GC(1515) Compaction Phase 152.191ms
[462.548s][info][gc,phases,start] GC(1515) Post Compact
[462.550s][info][gc,phases      ] GC(1515) Post Compact 2.299ms
[462.550s][info][gc,heap        ] GC(1515) PSYoungGen: 111616K(222720K)->86725K(222720K) Eden: 111616K(111616K)->86725K(111616K) From: 0K(111104K)->0K(111104K)
[462.550s][info][gc,heap        ] GC(1515) ParOldGen: 667535K(667648K)->667535K(667648K)
[462.550s][info][gc,metaspace   ] GC(1515) Metaspace: 18848K(19008K)->18848K(19008K) NonClass: 17019K(17152K)->17019K(17152K) Class: 1829K(1856K)->1829K(1856K)
[462.550s][info][gc             ] GC(1515) Pause Full (Allocation Failure) 760M->736M(869M) 1097.595ms
[462.550s][info][gc,cpu         ] GC(1515) User=2.15s Sys=0.00s Real=1.10s
[462.565s][info][gc,start       ] GC(1516) Pause Full (Allocation Failure)
[462.565s][info][gc,phases,start] GC(1516) Marking Phase
[463.120s][info][gc,phases      ] GC(1516) Marking Phase 554.937ms
[463.120s][info][gc,phases,start] GC(1516) Summary Phase
[463.120s][info][gc,phases      ] GC(1516) Summary Phase 0.023ms
[463.120s][info][gc,phases,start] GC(1516) Forward
[463.142s][info][gc,phases      ] GC(1516) Forward 22.362ms
[463.142s][info][gc,phases,start] GC(1516) Adjust Pointers
[463.517s][info][gc,phases      ] GC(1516) Adjust Pointers 374.685ms
[463.517s][info][gc,phases,start] GC(1516) Compaction Phase
[463.665s][info][gc,phases      ] GC(1516) Compaction Phase 148.325ms
[463.665s][info][gc,phases,start] GC(1516) Post Compact
[463.668s][info][gc,phases      ] GC(1516) Post Compact 2.306ms
[463.668s][info][gc,heap        ] GC(1516) PSYoungGen: 111616K(222720K)->86727K(222720K) Eden: 111616K(111616K)->86727K(111616K) From: 0K(111104K)->0K(111104K)
[463.668s][info][gc,heap        ] GC(1516) ParOldGen: 667535K(667648K)->667535K(667648K)
[463.668s][info][gc,metaspace   ] GC(1516) Metaspace: 18848K(19008K)->18848K(19008K) NonClass: 17019K(17152K)->17019K(17152K) Class: 1829K(1856K)->1829K(1856K)
[463.668s][info][gc             ] GC(1516) Pause Full (Allocation Failure) 760M->736M(869M) 1103.036ms
[463.668s][info][gc,cpu         ] GC(1516) User=2.16s Sys=0.00s Real=1.11s
[463.730s][info][gc,start       ] GC(1517) Pause Full (Allocation Failure)
[463.730s][info][gc,phases,start] GC(1517) Marking Phase
[464.279s][info][gc,phases      ] GC(1517) Marking Phase 549.302ms
[464.279s][info][gc,phases,start] GC(1517) Summary Phase
[464.279s][info][gc,phases      ] GC(1517) Summary Phase 0.025ms
[464.279s][info][gc,phases,start] GC(1517) Forward
[464.302s][info][gc,phases      ] GC(1517) Forward 22.586ms
[464.302s][info][gc,phases,start] GC(1517) Adjust Pointers
[464.673s][info][gc,phases      ] GC(1517) Adjust Pointers 371.006ms
[464.673s][info][gc,phases,start] GC(1517) Compaction Phase
[464.822s][info][gc,phases      ] GC(1517) Compaction Phase 148.899ms
[464.822s][info][gc,phases,start] GC(1517) Post Compact
[464.824s][info][gc,phases      ] GC(1517) Post Compact 2.220ms
[464.824s][info][gc,heap        ] GC(1517) PSYoungGen: 111616K(222720K)->86790K(222720K) Eden: 111616K(111616K)->86790K(111616K) From: 0K(111104K)->0K(111104K)
[464.824s][info][gc,heap        ] GC(1517) ParOldGen: 667535K(667648K)->667535K(667648K)
[464.824s][info][gc,metaspace   ] GC(1517) Metaspace: 18848K(19008K)->18848K(19008K) NonClass: 17019K(17152K)->17019K(17152K) Class: 1829K(1856K)->1829K(1856K)
[464.824s][info][gc             ] GC(1517) Pause Full (Allocation Failure) 760M->736M(869M) 1094.459ms
[464.824s][info][gc,cpu         ] GC(1517) User=2.14s Sys=0.00s Real=1.09s
[464.856s][info][gc,start       ] GC(1518) Pause Full (Allocation Failure)
[464.856s][info][gc,phases,start] GC(1518) Marking Phase
[465.437s][info][gc,phases      ] GC(1518) Marking Phase 581.258ms
[465.437s][info][gc,phases,start] GC(1518) Summary Phase
[465.437s][info][gc,phases      ] GC(1518) Summary Phase 0.025ms
[465.437s][info][gc,phases,start] GC(1518) Forward
[465.461s][info][gc,phases      ] GC(1518) Forward 23.826ms
[465.461s][info][gc,phases,start] GC(1518) Adjust Pointers
[465.857s][info][gc,phases      ] GC(1518) Adjust Pointers 396.080ms
[465.857s][info][gc,phases,start] GC(1518) Compaction Phase
[466.019s][info][gc,phases      ] GC(1518) Compaction Phase 161.324ms
[466.019s][info][gc,phases,start] GC(1518) Post Compact
[466.021s][info][gc,phases      ] GC(1518) Post Compact 2.282ms
[466.021s][info][gc,heap        ] GC(1518) PSYoungGen: 111616K(222720K)->91661K(222720K) Eden: 111616K(111616K)->91661K(111616K) From: 0K(111104K)->0K(111104K)
[466.021s][info][gc,heap        ] GC(1518) ParOldGen: 667535K(667648K)->667535K(667648K)
[466.021s][info][gc,metaspace   ] GC(1518) Metaspace: 18848K(19008K)->18848K(19008K) NonClass: 17019K(17152K)->17019K(17152K) Class: 1829K(1856K)->1829K(1856K)
[466.021s][info][gc             ] GC(1518) Pause Full (Allocation Failure) 760M->741M(869M) 1165.239ms
[466.021s][info][gc,cpu         ] GC(1518) User=2.28s Sys=0.00s Real=1.17s
[466.060s][info][gc,start       ] GC(1519) Pause Full (Allocation Failure)
[466.060s][info][gc,phases,start] GC(1519) Marking Phase
[466.523s][info][gc,phases      ] GC(1519) Marking Phase 463.085ms
[466.523s][info][gc,phases,start] GC(1519) Summary Phase
[466.523s][info][gc,phases      ] GC(1519) Summary Phase 0.029ms
[466.523s][info][gc,phases,start] GC(1519) Forward
[466.657s][info][gc,phases      ] GC(1519) Forward 133.790ms
[466.657s][info][gc,phases,start] GC(1519) Adjust Pointers
[467.007s][info][gc,phases      ] GC(1519) Adjust Pointers 350.053ms
[467.007s][info][gc,phases,start] GC(1519) Compaction Phase
[467.218s][info][gc,phases      ] GC(1519) Compaction Phase 211.247ms
[467.231s][info][gc,phases,start] GC(1519) Post Compact
[467.233s][info][gc,phases      ] GC(1519) Post Compact 2.286ms
[467.233s][info][gc,heap        ] GC(1519) PSYoungGen: 111616K(222720K)->0K(222720K) Eden: 111616K(111616K)->0K(111616K) From: 0K(111104K)->0K(111104K)
[467.233s][info][gc,heap        ] GC(1519) ParOldGen: 667535K(667648K)->616717K(667648K)
[467.233s][info][gc,metaspace   ] GC(1519) Metaspace: 18848K(19008K)->18848K(19008K) NonClass: 17019K(17152K)->17019K(17152K) Class: 1829K(1856K)->1829K(1856K)
[467.233s][info][gc             ] GC(1519) Pause Full (Allocation Failure) 760M->602M(869M) 1173.766ms
[467.233s][info][gc,cpu         ] GC(1519) User=2.24s Sys=0.01s Real=1.17s
[467.393s][info][gc,start       ] GC(1520) Pause Young (Allocation Failure)
[467.398s][info][gc,heap        ] GC(1520) PSYoungGen: 111615K(222720K)->2992K(222720K) Eden: 111615K(111616K)->0K(111616K) From: 0K(111104K)->2992K(111104K)
[467.398s][info][gc,heap        ] GC(1520) ParOldGen: 616717K(667648K)->616717K(667648K)
[467.398s][info][gc,metaspace   ] GC(1520) Metaspace: 18849K(19008K)->18849K(19008K) NonClass: 17020K(17152K)->17020K(17152K) Class: 1829K(1856K)->1829K(1856K)
[467.398s][info][gc             ] GC(1520) Pause Young (Allocation Failure) 711M->605M(869M) 5.501ms
[467.398s][info][gc,cpu         ] GC(1520) User=0.01s Sys=0.00s Real=0.01s
[467.633s][info][gc,start       ] GC(1521) Pause Young (Allocation Failure)
[467.639s][info][gc,heap        ] GC(1521) PSYoungGen: 114608K(222720K)->3104K(222720K) Eden: 111616K(111616K)->0K(111616K) From: 2992K(111104K)->3104K(111104K)
[467.639s][info][gc,heap        ] GC(1521) ParOldGen: 616717K(667648K)->616717K(667648K)
[467.639s][info][gc,metaspace   ] GC(1521) Metaspace: 18849K(19008K)->18849K(19008K) NonClass: 17020K(17152K)->17020K(17152K) Class: 1829K(1856K)->1829K(1856K)
[467.639s][info][gc             ] GC(1521) Pause Young (Allocation Failure) 714M->605M(869M) 6.135ms
[467.639s][info][gc,cpu         ] GC(1521) User=0.02s Sys=0.00s Real=0.01s
[467.862s][info][gc,start       ] GC(1522) Pause Young (Allocation Failure)
[467.892s][info][gc,heap        ] GC(1522) PSYoungGen: 114720K(222720K)->22912K(222720K) Eden: 111616K(111616K)->0K(111616K) From: 3104K(111104K)->22912K(111104K)
[467.892s][info][gc,heap        ] GC(1522) ParOldGen: 616717K(667648K)->619813K(667648K)
[467.892s][info][gc,metaspace   ] GC(1522) Metaspace: 18849K(19008K)->18849K(19008K) NonClass: 17020K(17152K)->17020K(17152K) Class: 1829K(1856K)->1829K(1856K)
[467.892s][info][gc             ] GC(1522) Pause Young (Allocation Failure) 714M->627M(869M) 29.468ms
[467.892s][info][gc,cpu         ] GC(1522) User=0.06s Sys=0.00s Real=0.03s
[468.052s][info][gc,start       ] GC(1523) Pause Young (Allocation Failure)
[468.079s][info][gc,heap        ] GC(1523) PSYoungGen: 134528K(222720K)->96K(222720K) Eden: 111616K(111616K)->0K(111616K) From: 22912K(111104K)->96K(111104K)
[468.079s][info][gc,heap        ] GC(1523) ParOldGen: 619813K(667648K)->642757K(667648K)
[468.079s][info][gc,metaspace   ] GC(1523) Metaspace: 18849K(19008K)->18849K(19008K) NonClass: 17020K(17152K)->17020K(17152K) Class: 1829K(1856K)->1829K(1856K)
[468.079s][info][gc             ] GC(1523) Pause Young (Allocation Failure) 736M->627M(869M) 27.586ms
[468.079s][info][gc,cpu         ] GC(1523) User=0.06s Sys=0.00s Real=0.03s
[468.217s][info][gc,start       ] GC(1524) Pause Full (Allocation Failure)
[468.217s][info][gc,phases,start] GC(1524) Marking Phase
[468.703s][info][gc,phases      ] GC(1524) Marking Phase 486.619ms
[468.703s][info][gc,phases,start] GC(1524) Summary Phase
[468.703s][info][gc,phases      ] GC(1524) Summary Phase 0.026ms
[468.703s][info][gc,phases,start] GC(1524) Forward
[468.708s][info][gc,phases      ] GC(1524) Forward 4.044ms
[468.708s][info][gc,phases,start] GC(1524) Adjust Pointers
[469.029s][info][gc,phases      ] GC(1524) Adjust Pointers 321.464ms
[469.029s][info][gc,phases,start] GC(1524) Compaction Phase
[469.166s][info][gc,phases      ] GC(1524) Compaction Phase 137.278ms
[469.166s][info][gc,phases,start] GC(1524) Post Compact
[469.169s][info][gc,phases      ] GC(1524) Post Compact 2.136ms
[469.169s][info][gc,heap        ] GC(1524) PSYoungGen: 111712K(222720K)->0K(222720K) Eden: 111616K(111616K)->0K(111616K) From: 96K(111104K)->0K(111104K)
[469.169s][info][gc,heap        ] GC(1524) ParOldGen: 642757K(667648K)->642783K(667648K)
[469.169s][info][gc,metaspace   ] GC(1524) Metaspace: 18849K(19008K)->18849K(19008K) NonClass: 17020K(17152K)->17020K(17152K) Class: 1829K(1856K)->1829K(1856K)
[469.169s][info][gc             ] GC(1524) Pause Full (Allocation Failure) 736M->627M(869M) 951.981ms
[469.169s][info][gc,cpu         ] GC(1524) User=1.87s Sys=0.00s Real=0.95s
[469.344s][info][gc,start       ] GC(1525) Pause Full (Allocation Failure)
[469.344s][info][gc,phases,start] GC(1525) Marking Phase
[469.813s][info][gc,phases      ] GC(1525) Marking Phase 469.444ms
[469.813s][info][gc,phases,start] GC(1525) Summary Phase
[469.813s][info][gc,phases      ] GC(1525) Summary Phase 0.025ms
[469.813s][info][gc,phases,start] GC(1525) Forward
[469.814s][info][gc,phases      ] GC(1525) Forward 0.291ms
[469.814s][info][gc,phases,start] GC(1525) Adjust Pointers
[470.125s][info][gc,phases      ] GC(1525) Adjust Pointers 311.546ms
[470.125s][info][gc,phases,start] GC(1525) Compaction Phase
[470.259s][info][gc,phases      ] GC(1525) Compaction Phase 133.710ms
[470.259s][info][gc,phases,start] GC(1525) Post Compact
[470.261s][info][gc,phases      ] GC(1525) Post Compact 2.185ms
[470.261s][info][gc,heap        ] GC(1525) PSYoungGen: 111616K(222720K)->0K(222720K) Eden: 111616K(111616K)->0K(111616K) From: 0K(111104K)->0K(111104K)
[470.261s][info][gc,heap        ] GC(1525) ParOldGen: 642783K(667648K)->642795K(667648K)
[470.261s][info][gc,metaspace   ] GC(1525) Metaspace: 18849K(19008K)->18849K(19008K) NonClass: 17020K(17152K)->17020K(17152K) Class: 1829K(1856K)->1829K(1856K)
[470.261s][info][gc             ] GC(1525) Pause Full (Allocation Failure) 736M->627M(869M) 917.612ms
[470.261s][info][gc,cpu         ] GC(1525) User=1.79s Sys=0.00s Real=0.92s
[471.440s][info][gc,start       ] GC(1526) Pause Full (Allocation Failure)
[471.440s][info][gc,phases,start] GC(1526) Marking Phase
[471.908s][info][gc,phases      ] GC(1526) Marking Phase 467.523ms
[471.908s][info][gc,phases,start] GC(1526) Summary Phase
[471.908s][info][gc,phases      ] GC(1526) Summary Phase 0.027ms
[471.908s][info][gc,phases,start] GC(1526) Forward
[471.909s][info][gc,phases      ] GC(1526) Forward 1.528ms
[471.909s][info][gc,phases,start] GC(1526) Adjust Pointers
[472.225s][info][gc,phases      ] GC(1526) Adjust Pointers 315.723ms
[472.225s][info][gc,phases,start] GC(1526) Compaction Phase
[472.359s][info][gc,phases      ] GC(1526) Compaction Phase 133.695ms
[472.359s][info][gc,phases,start] GC(1526) Post Compact
[472.361s][info][gc,phases      ] GC(1526) Post Compact 2.163ms
[472.361s][info][gc,heap        ] GC(1526) PSYoungGen: 111616K(222720K)->0K(222720K) Eden: 111616K(111616K)->0K(111616K) From: 0K(111104K)->0K(111104K)
[472.361s][info][gc,heap        ] GC(1526) ParOldGen: 642795K(667648K)->643274K(667648K)
[472.361s][info][gc,metaspace   ] GC(1526) Metaspace: 18849K(19008K)->18849K(19008K) NonClass: 17020K(17152K)->17020K(17152K) Class: 1829K(1856K)->1829K(1856K)
[472.361s][info][gc             ] GC(1526) Pause Full (Allocation Failure) 736M->628M(869M) 921.155ms
[472.361s][info][gc,cpu         ] GC(1526) User=1.80s Sys=0.01s Real=0.92s
[473.053s][info][gc,start       ] GC(1527) Pause Full (Allocation Failure)
[473.054s][info][gc,phases,start] GC(1527) Marking Phase
[473.426s][info][gc,phases      ] GC(1527) Marking Phase 372.104ms
[473.426s][info][gc,phases,start] GC(1527) Summary Phase
[473.426s][info][gc,phases      ] GC(1527) Summary Phase 0.026ms
[473.426s][info][gc,phases,start] GC(1527) Forward
[473.497s][info][gc,phases      ] GC(1527) Forward 70.783ms
[473.497s][info][gc,phases,start] GC(1527) Adjust Pointers
[473.758s][info][gc,phases      ] GC(1527) Adjust Pointers 261.787ms
[473.758s][info][gc,phases,start] GC(1527) Compaction Phase
[473.899s][info][gc,phases      ] GC(1527) Compaction Phase 140.339ms
[473.904s][info][gc,phases,start] GC(1527) Post Compact
[473.906s][info][gc,phases      ] GC(1527) Post Compact 2.208ms
[473.906s][info][gc,heap        ] GC(1527) PSYoungGen: 111616K(222720K)->0K(222720K) Eden: 111616K(111616K)->0K(111616K) From: 0K(111104K)->0K(111104K)
[473.906s][info][gc,heap        ] GC(1527) ParOldGen: 643274K(667648K)->518367K(667648K)
[473.906s][info][gc,metaspace   ] GC(1527) Metaspace: 18850K(19008K)->18850K(19008K) NonClass: 17021K(17152K)->17021K(17152K) Class: 1829K(1856K)->1829K(1856K)
[473.906s][info][gc             ] GC(1527) Pause Full (Allocation Failure) 737M->506M(869M) 852.679ms
[473.906s][info][gc,cpu         ] GC(1527) User=1.63s Sys=0.00s Real=0.85s
[474.293s][info][gc,start       ] GC(1528) Pause Young (Allocation Failure)
[474.297s][info][gc,heap        ] GC(1528) PSYoungGen: 111616K(222720K)->1248K(222720K) Eden: 111616K(111616K)->0K(111616K) From: 0K(111104K)->1248K(111104K)
[474.297s][info][gc,heap        ] GC(1528) ParOldGen: 518367K(667648K)->518367K(667648K)
[474.297s][info][gc,metaspace   ] GC(1528) Metaspace: 18850K(19008K)->18850K(19008K) NonClass: 17021K(17152K)->17021K(17152K) Class: 1829K(1856K)->1829K(1856K)
[474.297s][info][gc             ] GC(1528) Pause Young (Allocation Failure) 615M->507M(869M) 3.630ms
[474.297s][info][gc,cpu         ] GC(1528) User=0.00s Sys=0.00s Real=0.01s
[474.767s][info][gc,start       ] GC(1529) Pause Young (Allocation Failure)
[474.771s][info][gc,heap        ] GC(1529) PSYoungGen: 112766K(222720K)->566K(222720K) Eden: 111518K(111616K)->0K(111616K) From: 1248K(111104K)->566K(111104K)
[474.771s][info][gc,heap        ] GC(1529) ParOldGen: 518367K(667648K)->519559K(667648K)
[474.771s][info][gc,metaspace   ] GC(1529) Metaspace: 18861K(19008K)->18861K(19008K) NonClass: 17032K(17152K)->17032K(17152K) Class: 1829K(1856K)->1829K(1856K)
[474.771s][info][gc             ] GC(1529) Pause Young (Allocation Failure) 616M->507M(869M) 3.477ms
[474.771s][info][gc,cpu         ] GC(1529) User=0.01s Sys=0.00s Real=0.00s
[475.037s][info][gc,start       ] GC(1530) Pause Young (Allocation Failure)
[475.040s][info][gc,heap        ] GC(1530) PSYoungGen: 112157K(222720K)->1352K(214528K) Eden: 111591K(111616K)->0K(111616K) From: 566K(111104K)->1352K(102912K)
[475.040s][info][gc,heap        ] GC(1530) ParOldGen: 519559K(667648K)->519559K(667648K)
[475.040s][info][gc,metaspace   ] GC(1530) Metaspace: 18861K(19008K)->18861K(19008K) NonClass: 17032K(17152K)->17032K(17152K) Class: 1829K(1856K)->1829K(1856K)
[475.040s][info][gc             ] GC(1530) Pause Young (Allocation Failure) 616M->508M(861M) 3.187ms
[475.040s][info][gc,cpu         ] GC(1530) User=0.01s Sys=0.00s Real=0.00s
[475.297s][info][gc,start       ] GC(1531) Pause Young (Allocation Failure)
[475.300s][info][gc,heap        ] GC(1531) PSYoungGen: 112942K(214528K)->708K(112640K) Eden: 111589K(111616K)->0K(111616K) From: 1352K(102912K)->708K(1024K)
[475.300s][info][gc,heap        ] GC(1531) ParOldGen: 519559K(667648K)->519559K(667648K)
[475.300s][info][gc,metaspace   ] GC(1531) Metaspace: 18861K(19008K)->18861K(19008K) NonClass: 17032K(17152K)->17032K(17152K) Class: 1829K(1856K)->1829K(1856K)
[475.300s][info][gc             ] GC(1531) Pause Young (Allocation Failure) 617M->508M(762M) 2.702ms
[475.300s][info][gc,cpu         ] GC(1531) User=0.01s Sys=0.00s Real=0.00s
[475.473s][info][gc,start       ] GC(1532) Pause Young (Allocation Failure)
[475.493s][info][gc,heap        ] GC(1532) PSYoungGen: 112324K(112640K)->23920K(201728K) Eden: 111616K(111616K)->0K(113664K) From: 708K(1024K)->23920K(88064K)
[475.493s][info][gc,heap        ] GC(1532) ParOldGen: 519559K(667648K)->519559K(667648K)
[475.493s][info][gc,metaspace   ] GC(1532) Metaspace: 18863K(19008K)->18863K(19008K) NonClass: 17034K(17152K)->17034K(17152K) Class: 1829K(1856K)->1829K(1856K)
[475.493s][info][gc             ] GC(1532) Pause Young (Allocation Failure) 617M->530M(849M) 20.382ms
[475.493s][info][gc,cpu         ] GC(1532) User=0.04s Sys=0.00s Real=0.02s
[475.585s][info][gc,start       ] GC(1533) Pause Young (Allocation Failure)
[475.644s][info][gc,heap        ] GC(1533) PSYoungGen: 137584K(201728K)->75424K(208896K) Eden: 113664K(113664K)->0K(113664K) From: 23920K(88064K)->75424K(95232K)
[475.644s][info][gc,heap        ] GC(1533) ParOldGen: 519559K(667648K)->519559K(667648K)
[475.644s][info][gc,metaspace   ] GC(1533) Metaspace: 18869K(19008K)->18869K(19008K) NonClass: 17039K(17152K)->17039K(17152K) Class: 1829K(1856K)->1829K(1856K)
[475.644s][info][gc             ] GC(1533) Pause Young (Allocation Failure) 641M->581M(856M) 58.648ms
[475.644s][info][gc,cpu         ] GC(1533) User=0.11s Sys=0.00s Real=0.06s
[475.720s][info][gc,start       ] GC(1534) Pause Young (Allocation Failure)
[475.810s][info][gc,heap        ] GC(1534) PSYoungGen: 189088K(208896K)->108000K(219648K) Eden: 113664K(113664K)->0K(111616K) From: 75424K(95232K)->108000K(108032K)
[475.810s][info][gc,heap        ] GC(1534) ParOldGen: 519559K(667648K)->521647K(667648K)
[475.810s][info][gc,metaspace   ] GC(1534) Metaspace: 18870K(19008K)->18870K(19008K) NonClass: 17040K(17152K)->17040K(17152K) Class: 1829K(1856K)->1829K(1856K)
[475.810s][info][gc             ] GC(1534) Pause Young (Allocation Failure) 692M->614M(866M) 90.057ms
[475.810s][info][gc,cpu         ] GC(1534) User=0.16s Sys=0.02s Real=0.09s
[475.951s][info][gc,start       ] GC(1535) Pause Young (Allocation Failure)
[476.043s][info][gc,heap        ] GC(1535) PSYoungGen: 219616K(219648K)->111104K(222720K) Eden: 111616K(111616K)->0K(111616K) From: 108000K(108032K)->111104K(111104K)
[476.043s][info][gc,heap        ] GC(1535) ParOldGen: 521647K(667648K)->548913K(667648K)
[476.043s][info][gc,metaspace   ] GC(1535) Metaspace: 18870K(19008K)->18870K(19008K) NonClass: 17040K(17152K)->17040K(17152K) Class: 1829K(1856K)->1829K(1856K)
[476.043s][info][gc             ] GC(1535) Pause Young (Allocation Failure) 723M->644M(869M) 91.638ms
[476.043s][info][gc,cpu         ] GC(1535) User=0.18s Sys=0.00s Real=0.09s
[476.194s][info][gc,start       ] GC(1536) Pause Young (Allocation Failure)
[476.301s][info][gc,heap        ] GC(1536) PSYoungGen: 222720K(222720K)->111104K(222720K) Eden: 111616K(111616K)->0K(111616K) From: 111104K(111104K)->111104K(111104K)
[476.301s][info][gc,heap        ] GC(1536) ParOldGen: 548913K(667648K)->591613K(667648K)
[476.301s][info][gc,metaspace   ] GC(1536) Metaspace: 18870K(19008K)->18870K(19008K) NonClass: 17040K(17152K)->17040K(17152K) Class: 1829K(1856K)->1829K(1856K)
[476.301s][info][gc             ] GC(1536) Pause Young (Allocation Failure) 753M->686M(869M) 106.832ms
[476.301s][info][gc,cpu         ] GC(1536) User=0.21s Sys=0.00s Real=0.11s
[476.417s][info][gc,start       ] GC(1537) Pause Young (Allocation Failure)
[476.504s][info][gc,heap        ] GC(1537) PSYoungGen: 222720K(222720K)->45451K(222720K) Eden: 111616K(111616K)->0K(111616K) From: 111104K(111104K)->45451K(111104K)
[476.505s][info][gc,heap        ] GC(1537) ParOldGen: 591613K(667648K)->667621K(667648K)
[476.505s][info][gc,metaspace   ] GC(1537) Metaspace: 18884K(19008K)->18884K(19008K) NonClass: 17054K(17152K)->17054K(17152K) Class: 1829K(1856K)->1829K(1856K)
[476.505s][info][gc             ] GC(1537) Pause Young (Allocation Failure) 795M->696M(869M) 87.822ms
[476.505s][info][gc,cpu         ] GC(1537) User=0.17s Sys=0.00s Real=0.08s
[476.631s][info][gc,start       ] GC(1538) Pause Full (Allocation Failure)
[476.631s][info][gc,phases,start] GC(1538) Marking Phase
[476.792s][info][gc,phases      ] GC(1538) Marking Phase 160.043ms
[476.792s][info][gc,phases,start] GC(1538) Summary Phase
[476.792s][info][gc,phases      ] GC(1538) Summary Phase 0.027ms
[476.792s][info][gc,phases,start] GC(1538) Forward
[476.851s][info][gc,phases      ] GC(1538) Forward 59.601ms
[476.851s][info][gc,phases,start] GC(1538) Adjust Pointers
[476.971s][info][gc,phases      ] GC(1538) Adjust Pointers 119.458ms
[476.971s][info][gc,phases,start] GC(1538) Compaction Phase
[477.036s][info][gc,phases      ] GC(1538) Compaction Phase 65.595ms
[477.045s][info][gc,phases,start] GC(1538) Post Compact
[477.048s][info][gc,phases      ] GC(1538) Post Compact 2.393ms
[477.057s][info][gc,heap        ] GC(1538) PSYoungGen: 157067K(222720K)->0K(222720K) Eden: 111616K(111616K)->0K(111616K) From: 45451K(111104K)->0K(111104K)
[477.057s][info][gc,heap        ] GC(1538) ParOldGen: 667621K(667648K)->257271K(554496K)
[477.057s][info][gc,metaspace   ] GC(1538) Metaspace: 18884K(19008K)->18884K(19008K) NonClass: 17054K(17152K)->17054K(17152K) Class: 1829K(1856K)->1829K(1856K)
[477.057s][info][gc             ] GC(1538) Pause Full (Allocation Failure) 805M->251M(759M) 426.006ms
[477.057s][info][gc,cpu         ] GC(1538) User=0.75s Sys=0.01s Real=0.43s
[477.157s][info][gc,start       ] GC(1539) Pause Young (Allocation Failure)
[477.172s][info][gc,heap        ] GC(1539) PSYoungGen: 111616K(222720K)->13696K(222720K) Eden: 111616K(111616K)->0K(111616K) From: 0K(111104K)->13696K(111104K)
[477.172s][info][gc,heap        ] GC(1539) ParOldGen: 257271K(554496K)->257271K(554496K)
[477.172s][info][gc,metaspace   ] GC(1539) Metaspace: 18891K(19008K)->18891K(19008K) NonClass: 17062K(17152K)->17062K(17152K) Class: 1829K(1856K)->1829K(1856K)
[477.172s][info][gc             ] GC(1539) Pause Young (Allocation Failure) 360M->264M(759M) 14.707ms
[477.172s][info][gc,cpu         ] GC(1539) User=0.03s Sys=0.00s Real=0.01s
[477.287s][info][gc,start       ] GC(1540) Pause Young (Allocation Failure)
[477.309s][info][gc,heap        ] GC(1540) PSYoungGen: 125312K(222720K)->5024K(222720K) Eden: 111616K(111616K)->0K(111616K) From: 13696K(111104K)->5024K(111104K)
[477.309s][info][gc,heap        ] GC(1540) ParOldGen: 257271K(554496K)->270983K(554496K)
[477.309s][info][gc,metaspace   ] GC(1540) Metaspace: 18891K(19008K)->18891K(19008K) NonClass: 17062K(17152K)->17062K(17152K) Class: 1829K(1856K)->1829K(1856K)
[477.309s][info][gc             ] GC(1540) Pause Young (Allocation Failure) 373M->269M(759M) 21.656ms
[477.309s][info][gc,cpu         ] GC(1540) User=0.04s Sys=0.00s Real=0.02s
[477.387s][info][gc,start       ] GC(1541) Pause Young (Allocation Failure)
[477.402s][info][gc,heap        ] GC(1541) PSYoungGen: 116640K(222720K)->6752K(222720K) Eden: 111616K(111616K)->0K(111616K) From: 5024K(111104K)->6752K(111104K)
[477.402s][info][gc,heap        ] GC(1541) ParOldGen: 270983K(554496K)->276007K(554496K)
[477.402s][info][gc,metaspace   ] GC(1541) Metaspace: 18891K(19008K)->18891K(19008K) NonClass: 17062K(17152K)->17062K(17152K) Class: 1829K(1856K)->1829K(1856K)
[477.402s][info][gc             ] GC(1541) Pause Young (Allocation Failure) 378M->276M(759M) 14.501ms
[477.402s][info][gc,cpu         ] GC(1541) User=0.03s Sys=0.00s Real=0.01s
[477.507s][info][gc,start       ] GC(1542) Pause Young (Allocation Failure)
[477.517s][info][gc,heap        ] GC(1542) PSYoungGen: 118368K(222720K)->128K(222720K) Eden: 111616K(111616K)->0K(111616K) From: 6752K(111104K)->128K(111104K)
[477.517s][info][gc,heap        ] GC(1542) ParOldGen: 276007K(554496K)->282755K(554496K)
[477.517s][info][gc,metaspace   ] GC(1542) Metaspace: 18891K(19008K)->18891K(19008K) NonClass: 17062K(17152K)->17062K(17152K) Class: 1829K(1856K)->1829K(1856K)
[477.517s][info][gc             ] GC(1542) Pause Young (Allocation Failure) 385M->276M(759M) 10.027ms
[477.517s][info][gc,cpu         ] GC(1542) User=0.02s Sys=0.00s Real=0.01s
[477.601s][info][gc,start       ] GC(1543) Pause Young (Allocation Failure)
[477.604s][info][gc,heap        ] GC(1543) PSYoungGen: 111744K(222720K)->64K(222720K) Eden: 111616K(111616K)->0K(111616K) From: 128K(111104K)->64K(111104K)
[477.604s][info][gc,heap        ] GC(1543) ParOldGen: 282755K(554496K)->282859K(554496K)
[477.604s][info][gc,metaspace   ] GC(1543) Metaspace: 18891K(19008K)->18891K(19008K) NonClass: 17062K(17152K)->17062K(17152K) Class: 1829K(1856K)->1829K(1856K)
[477.604s][info][gc             ] GC(1543) Pause Young (Allocation Failure) 385M->276M(759M) 2.610ms
[477.604s][info][gc,cpu         ] GC(1543) User=0.01s Sys=0.00s Real=0.00s
[477.677s][info][gc,start       ] GC(1544) Pause Young (Allocation Failure)
[477.702s][info][gc,heap        ] GC(1544) PSYoungGen: 111680K(222720K)->23904K(222720K) Eden: 111616K(111616K)->0K(111616K) From: 64K(111104K)->23904K(111104K)
[477.702s][info][gc,heap        ] GC(1544) ParOldGen: 282859K(554496K)->282899K(554496K)
[477.702s][info][gc,metaspace   ] GC(1544) Metaspace: 18891K(19008K)->18891K(19008K) NonClass: 17062K(17152K)->17062K(17152K) Class: 1829K(1856K)->1829K(1856K)
[477.702s][info][gc             ] GC(1544) Pause Young (Allocation Failure) 385M->299M(759M) 24.991ms
[477.702s][info][gc,cpu         ] GC(1544) User=0.05s Sys=0.00s Real=0.02s
[477.751s][info][gc,start       ] GC(1545) Pause Young (Allocation Failure)
[477.794s][info][gc,heap        ] GC(1545) PSYoungGen: 135520K(222720K)->24128K(222720K) Eden: 111616K(111616K)->0K(111616K) From: 23904K(111104K)->24128K(111104K)
[477.794s][info][gc,heap        ] GC(1545) ParOldGen: 282899K(554496K)->306851K(554496K)
[477.794s][info][gc,metaspace   ] GC(1545) Metaspace: 18891K(19008K)->18891K(19008K) NonClass: 17062K(17152K)->17062K(17152K) Class: 1829K(1856K)->1829K(1856K)
[477.794s][info][gc             ] GC(1545) Pause Young (Allocation Failure) 408M->323M(759M) 42.763ms
[477.794s][info][gc,cpu         ] GC(1545) User=0.08s Sys=0.00s Real=0.04s
[477.901s][info][gc,start       ] GC(1546) Pause Young (Allocation Failure)
[477.934s][info][gc,heap        ] GC(1546) PSYoungGen: 135744K(222720K)->17763K(222720K) Eden: 111616K(111616K)->0K(111616K) From: 24128K(111104K)->17763K(111104K)
[477.934s][info][gc,heap        ] GC(1546) ParOldGen: 306851K(554496K)->331107K(554496K)
[477.934s][info][gc,metaspace   ] GC(1546) Metaspace: 18891K(19008K)->18891K(19008K) NonClass: 17062K(17152K)->17062K(17152K) Class: 1829K(1856K)->1829K(1856K)
[477.934s][info][gc             ] GC(1546) Pause Young (Allocation Failure) 432M->340M(759M) 32.511ms
[477.934s][info][gc,cpu         ] GC(1546) User=0.06s Sys=0.00s Real=0.03s
[478.031s][info][gc,start       ] GC(1547) Pause Young (Allocation Failure)
[478.065s][info][gc,heap        ] GC(1547) PSYoungGen: 129379K(222720K)->14048K(222720K) Eden: 111616K(111616K)->0K(111616K) From: 17763K(111104K)->14048K(111104K)
[478.065s][info][gc,heap        ] GC(1547) ParOldGen: 331107K(554496K)->348994K(554496K)
[478.065s][info][gc,metaspace   ] GC(1547) Metaspace: 18891K(19008K)->18891K(19008K) NonClass: 17062K(17152K)->17062K(17152K) Class: 1829K(1856K)->1829K(1856K)
[478.065s][info][gc             ] GC(1547) Pause Young (Allocation Failure) 449M->354M(759M) 33.810ms
[478.065s][info][gc,cpu         ] GC(1547) User=0.07s Sys=0.00s Real=0.03s
[478.117s][info][gc,start       ] GC(1548) Pause Young (Allocation Failure)
[478.139s][info][gc,heap        ] GC(1548) PSYoungGen: 125664K(222720K)->5088K(222720K) Eden: 111616K(111616K)->0K(111616K) From: 14048K(111104K)->5088K(111104K)
[478.139s][info][gc,heap        ] GC(1548) ParOldGen: 348994K(554496K)->363074K(554496K)
[478.139s][info][gc,metaspace   ] GC(1548) Metaspace: 18891K(19008K)->18891K(19008K) NonClass: 17062K(17152K)->17062K(17152K) Class: 1829K(1856K)->1829K(1856K)
[478.139s][info][gc             ] GC(1548) Pause Young (Allocation Failure) 463M->359M(759M) 22.140ms
[478.139s][info][gc,cpu         ] GC(1548) User=0.05s Sys=0.00s Real=0.02s
[478.221s][info][gc,start       ] GC(1549) Pause Young (Allocation Failure)
[478.230s][info][gc,heap        ] GC(1549) PSYoungGen: 116704K(222720K)->1504K(113152K) Eden: 111616K(111616K)->0K(111616K) From: 5088K(111104K)->1504K(1536K)
[478.230s][info][gc,heap        ] GC(1549) ParOldGen: 363074K(554496K)->368138K(554496K)
[478.230s][info][gc,metaspace   ] GC(1549) Metaspace: 18891K(19008K)->18891K(19008K) NonClass: 17062K(17152K)->17062K(17152K) Class: 1829K(1856K)->1829K(1856K)
[478.230s][info][gc             ] GC(1549) Pause Young (Allocation Failure) 468M->360M(652M) 9.724ms
[478.230s][info][gc,cpu         ] GC(1549) User=0.01s Sys=0.00s Real=0.01s
[478.353s][info][gc,start       ] GC(1550) Pause Young (Allocation Failure)
[478.358s][info][gc,heap        ] GC(1550) PSYoungGen: 113120K(113152K)->3040K(221696K) Eden: 111616K(111616K)->0K(116736K) From: 1504K(1536K)->3040K(104960K)
[478.358s][info][gc,heap        ] GC(1550) ParOldGen: 368138K(554496K)->368138K(554496K)
[478.358s][info][gc,metaspace   ] GC(1550) Metaspace: 18891K(19008K)->18891K(19008K) NonClass: 17062K(17152K)->17062K(17152K) Class: 1829K(1856K)->1829K(1856K)
[478.358s][info][gc             ] GC(1550) Pause Young (Allocation Failure) 469M->362M(758M) 5.423ms
[478.358s][info][gc,cpu         ] GC(1550) User=0.01s Sys=0.00s Real=0.01s
[478.686s][info][gc,start       ] GC(1551) Pause Young (Allocation Failure)
[478.692s][info][gc,heap        ] GC(1551) PSYoungGen: 119776K(221696K)->3552K(120320K) Eden: 116736K(116736K)->0K(116736K) From: 3040K(104960K)->3552K(3584K)
[478.692s][info][gc,heap        ] GC(1551) ParOldGen: 368138K(554496K)->368138K(554496K)
[478.692s][info][gc,metaspace   ] GC(1551) Metaspace: 18892K(19008K)->18892K(19008K) NonClass: 17062K(17152K)->17062K(17152K) Class: 1829K(1856K)->1829K(1856K)
[478.692s][info][gc             ] GC(1551) Pause Young (Allocation Failure) 476M->362M(659M) 6.712ms
[478.692s][info][gc,cpu         ] GC(1551) User=0.01s Sys=0.00s Real=0.01s
[478.875s][info][gc,start       ] GC(1552) Pause Young (Allocation Failure)
[478.911s][info][gc,heap        ] GC(1552) PSYoungGen: 120288K(120320K)->35072K(217600K) Eden: 116736K(116736K)->0K(121856K) From: 3552K(3584K)->35072K(95744K)
[478.911s][info][gc,heap        ] GC(1552) ParOldGen: 368138K(554496K)->368138K(554496K)
[478.911s][info][gc,metaspace   ] GC(1552) Metaspace: 18892K(19008K)->18892K(19008K) NonClass: 17062K(17152K)->17062K(17152K) Class: 1829K(1856K)->1829K(1856K)
[478.911s][info][gc             ] GC(1552) Pause Young (Allocation Failure) 476M->393M(754M) 35.813ms
[478.911s][info][gc,cpu         ] GC(1552) User=0.07s Sys=0.00s Real=0.04s
[479.051s][info][gc,start       ] GC(1553) Pause Young (Allocation Failure)
[479.116s][info][gc,heap        ] GC(1553) PSYoungGen: 156928K(217600K)->74656K(219136K) Eden: 121856K(121856K)->0K(121856K) From: 35072K(95744K)->74656K(97280K)
[479.116s][info][gc,heap        ] GC(1553) ParOldGen: 368138K(554496K)->368138K(554496K)
[479.116s][info][gc,metaspace   ] GC(1553) Metaspace: 18895K(19008K)->18895K(19008K) NonClass: 17065K(17152K)->17065K(17152K) Class: 1829K(1856K)->1829K(1856K)
[479.116s][info][gc             ] GC(1553) Pause Young (Allocation Failure) 512M->432M(755M) 65.369ms
[479.116s][info][gc,cpu         ] GC(1553) User=0.13s Sys=0.00s Real=0.06s
[479.252s][info][gc,start       ] GC(1554) Pause Young (Allocation Failure)
[479.329s][info][gc,heap        ] GC(1554) PSYoungGen: 196512K(219136K)->88144K(220672K) Eden: 121856K(121856K)->0K(111616K) From: 74656K(97280K)->88144K(109056K)
[479.329s][info][gc,heap        ] GC(1554) ParOldGen: 368138K(554496K)->368138K(554496K)
[479.329s][info][gc,metaspace   ] GC(1554) Metaspace: 18895K(19008K)->18895K(19008K) NonClass: 17065K(17152K)->17065K(17152K) Class: 1829K(1856K)->1829K(1856K)
[479.329s][info][gc             ] GC(1554) Pause Young (Allocation Failure) 551M->445M(757M) 77.075ms
[479.329s][info][gc,cpu         ] GC(1554) User=0.15s Sys=0.00s Real=0.08s
[479.421s][info][gc,start       ] GC(1555) Pause Young (Allocation Failure)
[479.499s][info][gc,heap        ] GC(1555) PSYoungGen: 199760K(220672K)->87744K(222720K) Eden: 111616K(111616K)->0K(111616K) From: 88144K(109056K)->87744K(111104K)
[479.499s][info][gc,heap        ] GC(1555) ParOldGen: 368138K(554496K)->371186K(554496K)
[479.499s][info][gc,metaspace   ] GC(1555) Metaspace: 18895K(19008K)->18895K(19008K) NonClass: 17065K(17152K)->17065K(17152K) Class: 1829K(1856K)->1829K(1856K)
[479.499s][info][gc             ] GC(1555) Pause Young (Allocation Failure) 554M->448M(759M) 78.387ms
[479.500s][info][gc,cpu         ] GC(1555) User=0.15s Sys=0.00s Real=0.08s
[479.619s][info][gc,start       ] GC(1556) Pause Young (Allocation Failure)
[479.697s][info][gc,heap        ] GC(1556) PSYoungGen: 199360K(222720K)->56896K(222720K) Eden: 111616K(111616K)->0K(111616K) From: 87744K(111104K)->56896K(111104K)
[479.697s][info][gc,heap        ] GC(1556) ParOldGen: 371186K(554496K)->403309K(554496K)
[479.697s][info][gc,metaspace   ] GC(1556) Metaspace: 18895K(19008K)->18895K(19008K) NonClass: 17066K(17152K)->17066K(17152K) Class: 1829K(1856K)->1829K(1856K)
[479.697s][info][gc             ] GC(1556) Pause Young (Allocation Failure) 557M->449M(759M) 77.656ms
[479.697s][info][gc,cpu         ] GC(1556) User=0.16s Sys=0.00s Real=0.08s
[479.877s][info][gc,start       ] GC(1557) Pause Young (Allocation Failure)
[479.927s][info][gc,heap        ] GC(1557) PSYoungGen: 168512K(222720K)->5056K(222720K) Eden: 111616K(111616K)->0K(111616K) From: 56896K(111104K)->5056K(111104K)
[479.927s][info][gc,heap        ] GC(1557) ParOldGen: 403309K(554496K)->456798K(554496K)
[479.927s][info][gc,metaspace   ] GC(1557) Metaspace: 18896K(19008K)->18896K(19008K) NonClass: 17067K(17152K)->17067K(17152K) Class: 1829K(1856K)->1829K(1856K)
[479.927s][info][gc             ] GC(1557) Pause Young (Allocation Failure) 558M->451M(759M) 50.228ms
[479.928s][info][gc,cpu         ] GC(1557) User=0.10s Sys=0.00s Real=0.05s
[480.201s][info][gc,start       ] GC(1558) Pause Young (Allocation Failure)
[480.210s][info][gc,heap        ] GC(1558) PSYoungGen: 116672K(222720K)->1216K(222720K) Eden: 111616K(111616K)->0K(111616K) From: 5056K(111104K)->1216K(111104K)
[480.210s][info][gc,heap        ] GC(1558) ParOldGen: 456798K(554496K)->460806K(554496K)
[480.210s][info][gc,metaspace   ] GC(1558) Metaspace: 18899K(19008K)->18899K(19008K) NonClass: 17070K(17152K)->17070K(17152K) Class: 1829K(1856K)->1829K(1856K)
[480.210s][info][gc             ] GC(1558) Pause Young (Allocation Failure) 560M->451M(759M) 8.731ms
[480.210s][info][gc,cpu         ] GC(1558) User=0.02s Sys=0.00s Real=0.01s
[480.376s][info][gc,start       ] GC(1559) Pause Young (Allocation Failure)
[480.430s][info][gc,heap        ] GC(1559) PSYoungGen: 112832K(222720K)->56512K(222720K) Eden: 111616K(111616K)->0K(111616K) From: 1216K(111104K)->56512K(111104K)
[480.430s][info][gc,heap        ] GC(1559) ParOldGen: 460806K(554496K)->462006K(554496K)
[480.430s][info][gc,metaspace   ] GC(1559) Metaspace: 18900K(19008K)->18900K(19008K) NonClass: 17071K(17152K)->17071K(17152K) Class: 1829K(1856K)->1829K(1856K)
[480.430s][info][gc             ] GC(1559) Pause Young (Allocation Failure) 560M->506M(759M) 54.812ms
[480.430s][info][gc,cpu         ] GC(1559) User=0.11s Sys=0.00s Real=0.06s
[480.498s][info][gc,start       ] GC(1560) Pause Young (Allocation Failure)
[480.621s][info][gc,heap        ] GC(1560) PSYoungGen: 168128K(222720K)->75008K(222720K) Eden: 111616K(111616K)->0K(111616K) From: 56512K(111104K)->75008K(111104K)
[480.622s][info][gc,heap        ] GC(1560) ParOldGen: 462006K(554496K)->518670K(554496K)
[480.622s][info][gc,metaspace   ] GC(1560) Metaspace: 18900K(19008K)->18900K(19008K) NonClass: 17071K(17152K)->17071K(17152K) Class: 1829K(1856K)->1829K(1856K)
[480.622s][info][gc             ] GC(1560) Pause Young (Allocation Failure) 615M->579M(759M) 123.757ms
[480.622s][info][gc,cpu         ] GC(1560) User=0.24s Sys=0.00s Real=0.12s
[480.708s][info][gc,start       ] GC(1561) Pause Young (Allocation Failure)
[480.829s][info][gc,heap        ] GC(1561) PSYoungGen: 186624K(222720K)->38595K(222720K) Eden: 111616K(111616K)->0K(111616K) From: 75008K(111104K)->38595K(111104K)
[480.829s][info][gc,heap        ] GC(1561) ParOldGen: 518670K(554496K)->593894K(593920K)
[480.829s][info][gc,metaspace   ] GC(1561) Metaspace: 18900K(19008K)->18900K(19008K) NonClass: 17071K(17152K)->17071K(17152K) Class: 1829K(1856K)->1829K(1856K)
[480.829s][info][gc             ] GC(1561) Pause Young (Allocation Failure) 688M->617M(797M) 121.046ms
[480.829s][info][gc,cpu         ] GC(1561) User=0.21s Sys=0.04s Real=0.12s
[480.939s][info][gc,start       ] GC(1562) Pause Full (Allocation Failure)
[480.939s][info][gc,phases,start] GC(1562) Marking Phase
[480.996s][info][gc,phases      ] GC(1562) Marking Phase 56.375ms
[480.996s][info][gc,phases,start] GC(1562) Summary Phase
[480.996s][info][gc,phases      ] GC(1562) Summary Phase 0.030ms
[480.996s][info][gc,phases,start] GC(1562) Forward
[481.007s][info][gc,phases      ] GC(1562) Forward 11.510ms
[481.007s][info][gc,phases,start] GC(1562) Adjust Pointers
[481.047s][info][gc,phases      ] GC(1562) Adjust Pointers 39.475ms
[481.047s][info][gc,phases,start] GC(1562) Compaction Phase
[481.069s][info][gc,phases      ] GC(1562) Compaction Phase 22.392ms
[481.071s][info][gc,phases,start] GC(1562) Post Compact
[481.074s][info][gc,phases      ] GC(1562) Post Compact 2.137ms
[481.090s][info][gc,heap        ] GC(1562) PSYoungGen: 150211K(222720K)->0K(222720K) Eden: 111616K(111616K)->0K(111616K) From: 38595K(111104K)->0K(111104K)
[481.090s][info][gc,heap        ] GC(1562) ParOldGen: 593894K(593920K)->98494K(409600K)
[481.090s][info][gc,metaspace   ] GC(1562) Metaspace: 18906K(19008K)->18906K(19008K) NonClass: 17076K(17152K)->17076K(17152K) Class: 1829K(1856K)->1829K(1856K)
[481.090s][info][gc             ] GC(1562) Pause Full (Allocation Failure) 726M->96M(617M) 151.106ms
[481.090s][info][gc,cpu         ] GC(1562) User=0.24s Sys=0.01s Real=0.15s
[481.154s][info][gc,start       ] GC(1563) Pause Young (Allocation Failure)
[481.159s][info][gc,heap        ] GC(1563) PSYoungGen: 111616K(222720K)->3744K(222720K) Eden: 111616K(111616K)->0K(111616K) From: 0K(111104K)->3744K(111104K)
[481.159s][info][gc,heap        ] GC(1563) ParOldGen: 98494K(409600K)->98494K(409600K)
[481.159s][info][gc,metaspace   ] GC(1563) Metaspace: 18906K(19008K)->18906K(19008K) NonClass: 17076K(17152K)->17076K(17152K) Class: 1829K(1856K)->1829K(1856K)
[481.159s][info][gc             ] GC(1563) Pause Young (Allocation Failure) 205M->99M(617M) 4.628ms
[481.159s][info][gc,cpu         ] GC(1563) User=0.01s Sys=0.00s Real=0.01s
[481.221s][info][gc,start       ] GC(1564) Pause Young (Allocation Failure)
[481.233s][info][gc,heap        ] GC(1564) PSYoungGen: 115360K(222720K)->10000K(222720K) Eden: 111616K(111616K)->0K(111616K) From: 3744K(111104K)->10000K(111104K)
[481.233s][info][gc,heap        ] GC(1564) ParOldGen: 98494K(409600K)->102230K(409600K)
[481.233s][info][gc,metaspace   ] GC(1564) Metaspace: 18906K(19008K)->18906K(19008K) NonClass: 17076K(17152K)->17076K(17152K) Class: 1829K(1856K)->1829K(1856K)
[481.233s][info][gc             ] GC(1564) Pause Young (Allocation Failure) 208M->109M(617M) 12.947ms
[481.233s][info][gc,cpu         ] GC(1564) User=0.03s Sys=0.00s Real=0.01s
[481.309s][info][gc,start       ] GC(1565) Pause Young (Allocation Failure)
[481.321s][info][gc,heap        ] GC(1565) PSYoungGen: 121616K(222720K)->3136K(222720K) Eden: 111616K(111616K)->0K(111616K) From: 10000K(111104K)->3136K(111104K)
[481.321s][info][gc,heap        ] GC(1565) ParOldGen: 102230K(409600K)->112246K(409600K)
[481.321s][info][gc,metaspace   ] GC(1565) Metaspace: 18906K(19008K)->18906K(19008K) NonClass: 17076K(17152K)->17076K(17152K) Class: 1829K(1856K)->1829K(1856K)
[481.321s][info][gc             ] GC(1565) Pause Young (Allocation Failure) 218M->112M(617M) 11.624ms
[481.321s][info][gc,cpu         ] GC(1565) User=0.02s Sys=0.00s Real=0.01s
[481.389s][info][gc,start       ] GC(1566) Pause Young (Allocation Failure)
[481.420s][info][gc,heap        ] GC(1566) PSYoungGen: 114752K(222720K)->40768K(217600K) Eden: 111616K(111616K)->0K(111616K) From: 3136K(111104K)->40768K(105984K)
[481.420s][info][gc,heap        ] GC(1566) ParOldGen: 112246K(409600K)->115366K(409600K)
[481.420s][info][gc,metaspace   ] GC(1566) Metaspace: 18907K(19008K)->18907K(19008K) NonClass: 17077K(17152K)->17077K(17152K) Class: 1829K(1856K)->1829K(1856K)
[481.420s][info][gc             ] GC(1566) Pause Young (Allocation Failure) 221M->152M(612M) 31.275ms
[481.420s][info][gc,cpu         ] GC(1566) User=0.06s Sys=0.00s Real=0.03s
[481.549s][info][gc,start       ] GC(1567) Pause Young (Allocation Failure)
[481.592s][info][gc,heap        ] GC(1567) PSYoungGen: 152384K(217600K)->70336K(220160K) Eden: 111616K(111616K)->0K(111616K) From: 40768K(105984K)->70336K(108544K)
[481.592s][info][gc,heap        ] GC(1567) ParOldGen: 115366K(409600K)->115366K(409600K)
[481.592s][info][gc,metaspace   ] GC(1567) Metaspace: 18907K(19008K)->18907K(19008K) NonClass: 17077K(17152K)->17077K(17152K) Class: 1829K(1856K)->1829K(1856K)
[481.592s][info][gc             ] GC(1567) Pause Young (Allocation Failure) 261M->181M(615M) 43.491ms
[481.592s][info][gc,cpu         ] GC(1567) User=0.09s Sys=0.00s Real=0.04s
[481.682s][info][gc,start       ] GC(1568) Pause Young (Allocation Failure)
[481.727s][info][gc,heap        ] GC(1568) PSYoungGen: 181952K(220160K)->2272K(222720K) Eden: 111616K(111616K)->0K(111616K) From: 70336K(108544K)->2272K(111104K)
[481.727s][info][gc,heap        ] GC(1568) ParOldGen: 115366K(409600K)->186534K(409600K)
[481.727s][info][gc,metaspace   ] GC(1568) Metaspace: 18907K(19008K)->18907K(19008K) NonClass: 17077K(17152K)->17077K(17152K) Class: 1829K(1856K)->1829K(1856K)
[481.727s][info][gc             ] GC(1568) Pause Young (Allocation Failure) 290M->184M(617M) 45.292ms
[481.727s][info][gc,cpu         ] GC(1568) User=0.09s Sys=0.00s Real=0.05s
[481.872s][info][gc,start       ] GC(1569) Pause Young (Allocation Failure)
[481.924s][info][gc,heap        ] GC(1569) PSYoungGen: 113888K(222720K)->37153K(148992K) Eden: 111616K(111616K)->0K(111616K) From: 2272K(111104K)->37153K(37376K)
[481.924s][info][gc,heap        ] GC(1569) ParOldGen: 186534K(409600K)->188758K(409600K)
[481.924s][info][gc,metaspace   ] GC(1569) Metaspace: 18907K(19008K)->18907K(19008K) NonClass: 17077K(17152K)->17077K(17152K) Class: 1829K(1856K)->1829K(1856K)
[481.924s][info][gc             ] GC(1569) Pause Young (Allocation Failure) 293M->220M(545M) 52.024ms
[481.924s][info][gc,cpu         ] GC(1569) User=0.11s Sys=0.00s Real=0.05s
[482.005s][info][gc,start       ] GC(1570) Pause Young (Allocation Failure)
[482.089s][info][gc,heap        ] GC(1570) PSYoungGen: 148769K(148992K)->82641K(213504K) Eden: 111616K(111616K)->0K(107008K) From: 37153K(37376K)->82641K(106496K)
[482.089s][info][gc,heap        ] GC(1570) ParOldGen: 188758K(409600K)->188758K(409600K)
[482.089s][info][gc,metaspace   ] GC(1570) Metaspace: 18907K(19008K)->18907K(19008K) NonClass: 17078K(17152K)->17078K(17152K) Class: 1829K(1856K)->1829K(1856K)
[482.089s][info][gc             ] GC(1570) Pause Young (Allocation Failure) 329M->265M(608M) 83.928ms
[482.089s][info][gc,cpu         ] GC(1570) User=0.16s Sys=0.00s Real=0.09s
[482.131s][info][gc,start       ] GC(1571) Pause Young (Allocation Failure)
[482.247s][info][gc,heap        ] GC(1571) PSYoungGen: 189649K(213504K)->41440K(218112K) Eden: 107008K(107008K)->0K(107008K) From: 82641K(106496K)->41440K(111104K)
[482.247s][info][gc,heap        ] GC(1571) ParOldGen: 188758K(409600K)->271716K(409600K)
[482.247s][info][gc,metaspace   ] GC(1571) Metaspace: 18907K(19008K)->18907K(19008K) NonClass: 17078K(17152K)->17078K(17152K) Class: 1829K(1856K)->1829K(1856K)
[482.247s][info][gc             ] GC(1571) Pause Young (Allocation Failure) 369M->305M(613M) 116.770ms
[482.247s][info][gc,cpu         ] GC(1571) User=0.23s Sys=0.00s Real=0.12s
[482.298s][info][gc,start       ] GC(1572) Pause Young (Allocation Failure)
[482.353s][info][gc,heap        ] GC(1572) PSYoungGen: 148448K(218112K)->36960K(208384K) Eden: 107008K(107008K)->0K(111616K) From: 41440K(111104K)->36960K(96768K)
[482.353s][info][gc,heap        ] GC(1572) ParOldGen: 271716K(409600K)->313604K(409600K)
[482.353s][info][gc,metaspace   ] GC(1572) Metaspace: 18907K(19008K)->18907K(19008K) NonClass: 17078K(17152K)->17078K(17152K) Class: 1829K(1856K)->1829K(1856K)
[482.354s][info][gc             ] GC(1572) Pause Young (Allocation Failure) 410M->342M(603M) 55.882ms
[482.354s][info][gc,cpu         ] GC(1572) User=0.11s Sys=0.00s Real=0.05s
[482.469s][info][gc,start       ] GC(1573) Pause Young (Allocation Failure)
[482.512s][info][gc,heap        ] GC(1573) PSYoungGen: 148576K(208384K)->14464K(215552K) Eden: 111616K(111616K)->0K(111616K) From: 36960K(96768K)->14464K(103936K)
[482.512s][info][gc,heap        ] GC(1573) ParOldGen: 313604K(409600K)->350844K(409600K)
[482.512s][info][gc,metaspace   ] GC(1573) Metaspace: 18907K(19008K)->18907K(19008K) NonClass: 17078K(17152K)->17078K(17152K) Class: 1829K(1856K)->1829K(1856K)
[482.512s][info][gc             ] GC(1573) Pause Young (Allocation Failure) 451M->356M(610M) 42.779ms
[482.512s][info][gc,cpu         ] GC(1573) User=0.09s Sys=0.00s Real=0.04s
[482.561s][info][gc,start       ] GC(1574) Pause Young (Allocation Failure)
[482.586s][info][gc,heap        ] GC(1574) PSYoungGen: 126080K(215552K)->5120K(221184K) Eden: 111616K(111616K)->0K(122880K) From: 14464K(103936K)->5120K(98304K)
[482.586s][info][gc,heap        ] GC(1574) ParOldGen: 350844K(409600K)->365340K(409600K)
[482.586s][info][gc,metaspace   ] GC(1574) Metaspace: 18907K(19008K)->18907K(19008K) NonClass: 17078K(17152K)->17078K(17152K) Class: 1829K(1856K)->1829K(1856K)
[482.586s][info][gc             ] GC(1574) Pause Young (Allocation Failure) 465M->361M(616M) 24.728ms
[482.586s][info][gc,cpu         ] GC(1574) User=0.05s Sys=0.00s Real=0.02s
[482.669s][info][gc,start       ] GC(1575) Pause Young (Allocation Failure)
[482.689s][info][gc,heap        ] GC(1575) PSYoungGen: 128000K(221184K)->2058K(222720K) Eden: 122880K(122880K)->0K(122880K) From: 5120K(98304K)->2058K(99840K)
[482.689s][info][gc,heap        ] GC(1575) ParOldGen: 365340K(409600K)->370444K(409600K)
[482.689s][info][gc,metaspace   ] GC(1575) Metaspace: 18907K(19008K)->18907K(19008K) NonClass: 17078K(17152K)->17078K(17152K) Class: 1829K(1856K)->1829K(1856K)
[482.689s][info][gc             ] GC(1575) Pause Young (Allocation Failure) 481M->363M(617M) 20.724ms
[482.689s][info][gc,cpu         ] GC(1575) User=0.04s Sys=0.00s Real=0.02s
[482.787s][info][gc,start       ] GC(1576) Pause Young (Allocation Failure)
[482.820s][info][gc,heap        ] GC(1576) PSYoungGen: 124938K(222720K)->20033K(221184K) Eden: 122880K(122880K)->0K(133632K) From: 2058K(99840K)->20033K(87552K)
[482.820s][info][gc,heap        ] GC(1576) ParOldGen: 370444K(409600K)->370444K(409600K)
[482.820s][info][gc,metaspace   ] GC(1576) Metaspace: 18907K(19008K)->18907K(19008K) NonClass: 17078K(17152K)->17078K(17152K) Class: 1829K(1856K)->1829K(1856K)
[482.820s][info][gc             ] GC(1576) Pause Young (Allocation Failure) 483M->381M(616M) 32.940ms
[482.820s][info][gc,cpu         ] GC(1576) User=0.07s Sys=0.00s Real=0.03s
[482.915s][info][gc,start       ] GC(1577) Pause Young (Allocation Failure)
[482.962s][info][gc,heap        ] GC(1577) PSYoungGen: 153665K(221184K)->36801K(226816K) Eden: 133632K(133632K)->0K(133632K) From: 20033K(87552K)->36801K(93184K)
[482.962s][info][gc,heap        ] GC(1577) ParOldGen: 370444K(409600K)->370444K(409600K)
[482.962s][info][gc,metaspace   ] GC(1577) Metaspace: 18907K(19008K)->18907K(19008K) NonClass: 17078K(17152K)->17078K(17152K) Class: 1829K(1856K)->1829K(1856K)
[482.962s][info][gc             ] GC(1577) Pause Young (Allocation Failure) 511M->397M(621M) 46.852ms
[482.962s][info][gc,cpu         ] GC(1577) User=0.09s Sys=0.00s Real=0.05s
[483.070s][info][gc,start       ] GC(1578) Pause Young (Allocation Failure)
[483.140s][info][gc,heap        ] GC(1578) PSYoungGen: 170433K(226816K)->61889K(228864K) Eden: 133632K(133632K)->0K(139264K) From: 36801K(93184K)->61889K(89600K)
[483.140s][info][gc,heap        ] GC(1578) ParOldGen: 370444K(409600K)->370444K(409600K)
[483.140s][info][gc,metaspace   ] GC(1578) Metaspace: 18907K(19008K)->18907K(19008K) NonClass: 17078K(17152K)->17078K(17152K) Class: 1829K(1856K)->1829K(1856K)
[483.140s][info][gc             ] GC(1578) Pause Young (Allocation Failure) 528M->422M(623M) 69.567ms
[483.140s][info][gc,cpu         ] GC(1578) User=0.14s Sys=0.00s Real=0.07s
[483.227s][info][gc,start       ] GC(1579) Pause Young (Allocation Failure)
[483.310s][info][gc,heap        ] GC(1579) PSYoungGen: 201153K(228864K)->75553K(215040K) Eden: 139264K(139264K)->0K(139264K) From: 61889K(89600K)->75553K(75776K)
[483.310s][info][gc,heap        ] GC(1579) ParOldGen: 370444K(409600K)->370444K(409600K)
[483.310s][info][gc,metaspace   ] GC(1579) Metaspace: 18907K(19008K)->18907K(19008K) NonClass: 17078K(17152K)->17078K(17152K) Class: 1829K(1856K)->1829K(1856K)
[483.310s][info][gc             ] GC(1579) Pause Young (Allocation Failure) 558M->435M(610M) 82.753ms
[483.310s][info][gc,cpu         ] GC(1579) User=0.17s Sys=0.00s Real=0.08s
[483.416s][info][gc,start       ] GC(1580) Pause Young (Allocation Failure)
[483.506s][info][gc,heap        ] GC(1580) PSYoungGen: 214817K(215040K)->81889K(217088K) Eden: 139264K(139264K)->0K(111616K) From: 75553K(75776K)->81889K(105472K)
[483.506s][info][gc,heap        ] GC(1580) ParOldGen: 370444K(409600K)->370444K(409600K)
[483.506s][info][gc,metaspace   ] GC(1580) Metaspace: 18907K(19008K)->18907K(19008K) NonClass: 17078K(17152K)->17078K(17152K) Class: 1829K(1856K)->1829K(1856K)
[483.506s][info][gc             ] GC(1580) Pause Young (Allocation Failure) 571M->441M(612M) 90.156ms
[483.506s][info][gc,cpu         ] GC(1580) User=0.18s Sys=0.00s Real=0.09s
[483.631s][info][gc,start       ] GC(1581) Pause Young (Allocation Failure)
[483.724s][info][gc,heap        ] GC(1581) PSYoungGen: 193505K(217088K)->65344K(222720K) Eden: 111616K(111616K)->0K(111616K) From: 81889K(105472K)->65344K(111104K)
[483.724s][info][gc,heap        ] GC(1581) ParOldGen: 370444K(409600K)->390490K(409600K)
[483.724s][info][gc,metaspace   ] GC(1581) Metaspace: 18907K(19008K)->18907K(19008K) NonClass: 17078K(17152K)->17078K(17152K) Class: 1829K(1856K)->1829K(1856K)
[483.724s][info][gc             ] GC(1581) Pause Young (Allocation Failure) 550M->445M(617M) 92.417ms
[483.724s][info][gc,cpu         ] GC(1581) User=0.18s Sys=0.00s Real=0.09s
[483.877s][info][gc,start       ] GC(1582) Pause Young (Allocation Failure)
[483.960s][info][gc,heap        ] GC(1582) PSYoungGen: 176960K(222720K)->31008K(222720K) Eden: 111616K(111616K)->0K(111616K) From: 65344K(111104K)->31008K(111104K)
[483.960s][info][gc,heap        ] GC(1582) ParOldGen: 390490K(409600K)->432466K(432640K)
[483.960s][info][gc,metaspace   ] GC(1582) Metaspace: 18907K(19008K)->18907K(19008K) NonClass: 17078K(17152K)->17078K(17152K) Class: 1829K(1856K)->1829K(1856K)
[483.960s][info][gc             ] GC(1582) Pause Young (Allocation Failure) 554M->452M(640M) 82.976ms
[483.960s][info][gc,cpu         ] GC(1582) User=0.14s Sys=0.02s Real=0.08s
[484.092s][info][gc,start       ] GC(1583) Pause Young (Allocation Failure)
[484.150s][info][gc,heap        ] GC(1583) PSYoungGen: 142624K(222720K)->26336K(138240K) Eden: 111616K(111616K)->0K(111616K) From: 31008K(111104K)->26336K(26624K)
[484.150s][info][gc,heap        ] GC(1583) ParOldGen: 432466K(432640K)->452552K(452608K)
[484.150s][info][gc,metaspace   ] GC(1583) Metaspace: 18907K(19008K)->18907K(19008K) NonClass: 17078K(17152K)->17078K(17152K) Class: 1829K(1856K)->1829K(1856K)
[484.150s][info][gc             ] GC(1583) Pause Young (Allocation Failure) 561M->467M(577M) 58.532ms
[484.150s][info][gc,cpu         ] GC(1583) User=0.11s Sys=0.01s Real=0.06s
[484.502s][info][gc,start       ] GC(1584) Pause Young (Allocation Failure)
[484.529s][info][gc,heap        ] GC(1584) PSYoungGen: 137952K(138240K)->26496K(223232K) Eden: 111616K(111616K)->0K(115712K) From: 26336K(26624K)->26496K(107520K)
[484.529s][info][gc,heap        ] GC(1584) ParOldGen: 452552K(452608K)->452552K(452608K)
[484.529s][info][gc,metaspace   ] GC(1584) Metaspace: 18907K(19008K)->18907K(19008K) NonClass: 17078K(17152K)->17078K(17152K) Class: 1829K(1856K)->1829K(1856K)
[484.529s][info][gc             ] GC(1584) Pause Young (Allocation Failure) 576M->467M(660M) 27.017ms
[484.529s][info][gc,cpu         ] GC(1584) User=0.05s Sys=0.00s Real=0.03s
[484.807s][info][gc,start       ] GC(1585) Pause Young (Allocation Failure)
[484.834s][info][gc,heap        ] GC(1585) PSYoungGen: 142208K(223232K)->26560K(219136K) Eden: 115712K(115712K)->0K(115712K) From: 26496K(107520K)->26560K(103424K)
[484.834s][info][gc,heap        ] GC(1585) ParOldGen: 452552K(452608K)->452552K(452608K)
[484.834s][info][gc,metaspace   ] GC(1585) Metaspace: 18907K(19008K)->18907K(19008K) NonClass: 17078K(17152K)->17078K(17152K) Class: 1829K(1856K)->1829K(1856K)
[484.834s][info][gc             ] GC(1585) Pause Young (Allocation Failure) 580M->467M(656M) 27.241ms
[484.834s][info][gc,cpu         ] GC(1585) User=0.05s Sys=0.00s Real=0.02s
[485.106s][info][gc,start       ] GC(1586) Pause Young (Allocation Failure)
[485.133s][info][gc,heap        ] GC(1586) PSYoungGen: 142272K(219136K)->26528K(215040K) Eden: 115712K(115712K)->0K(123392K) From: 26560K(103424K)->26528K(91648K)
[485.134s][info][gc,heap        ] GC(1586) ParOldGen: 452552K(452608K)->452552K(452608K)
[485.134s][info][gc,metaspace   ] GC(1586) Metaspace: 18907K(19008K)->18907K(19008K) NonClass: 17078K(17152K)->17078K(17152K) Class: 1829K(1856K)->1829K(1856K)
[485.134s][info][gc             ] GC(1586) Pause Young (Allocation Failure) 580M->467M(652M) 27.599ms
[485.134s][info][gc,cpu         ] GC(1586) User=0.06s Sys=0.00s Real=0.03s
[485.411s][info][gc,start       ] GC(1587) Pause Young (Allocation Failure)
[485.441s][info][gc,heap        ] GC(1587) PSYoungGen: 149920K(215040K)->26560K(218624K) Eden: 123392K(123392K)->0K(123392K) From: 26528K(91648K)->26560K(95232K)
[485.441s][info][gc,heap        ] GC(1587) ParOldGen: 452552K(452608K)->452552K(452608K)
[485.441s][info][gc,metaspace   ] GC(1587) Metaspace: 18907K(19008K)->18907K(19008K) NonClass: 17078K(17152K)->17078K(17152K) Class: 1829K(1856K)->1829K(1856K)
[485.441s][info][gc             ] GC(1587) Pause Young (Allocation Failure) 588M->467M(655M) 29.678ms
[485.441s][info][gc,cpu         ] GC(1587) User=0.06s Sys=0.00s Real=0.03s
[485.690s][info][gc,start       ] GC(1588) Pause Young (Allocation Failure)
[485.731s][info][gc,heap        ] GC(1588) PSYoungGen: 149952K(218624K)->31424K(211968K) Eden: 123392K(123392K)->0K(130560K) From: 26560K(95232K)->31424K(81408K)
[485.731s][info][gc,heap        ] GC(1588) ParOldGen: 452552K(452608K)->452552K(452608K)
[485.731s][info][gc,metaspace   ] GC(1588) Metaspace: 18907K(19008K)->18907K(19008K) NonClass: 17078K(17152K)->17078K(17152K) Class: 1829K(1856K)->1829K(1856K)
[485.731s][info][gc             ] GC(1588) Pause Young (Allocation Failure) 588M->472M(649M) 41.198ms
[485.731s][info][gc,cpu         ] GC(1588) User=0.08s Sys=0.00s Real=0.04s
[485.873s][info][gc,start       ] GC(1589) Pause Young (Allocation Failure)
[485.929s][info][gc,heap        ] GC(1589) PSYoungGen: 161984K(211968K)->62758K(217088K) Eden: 130560K(130560K)->0K(130560K) From: 31424K(81408K)->62758K(86528K)
[485.929s][info][gc,heap        ] GC(1589) ParOldGen: 452552K(452608K)->452552K(452608K)
[485.929s][info][gc,metaspace   ] GC(1589) Metaspace: 18907K(19008K)->18907K(19008K) NonClass: 17078K(17152K)->17078K(17152K) Class: 1829K(1856K)->1829K(1856K)
[485.929s][info][gc             ] GC(1589) Pause Young (Allocation Failure) 600M->503M(654M) 56.017ms
[485.929s][info][gc,cpu         ] GC(1589) User=0.11s Sys=0.01s Real=0.06s
[486.058s][info][gc,start       ] GC(1590) Pause Young (Allocation Failure)
[486.158s][info][gc,heap        ] GC(1590) PSYoungGen: 193318K(217088K)->91126K(202752K) Eden: 130560K(130560K)->0K(111616K) From: 62758K(86528K)->91126K(91136K)
[486.158s][info][gc,heap        ] GC(1590) ParOldGen: 452552K(452608K)->466784K(466944K)
[486.158s][info][gc,metaspace   ] GC(1590) Metaspace: 18907K(19008K)->18907K(19008K) NonClass: 17078K(17152K)->17078K(17152K) Class: 1829K(1856K)->1829K(1856K)
[486.158s][info][gc             ] GC(1590) Pause Young (Allocation Failure) 630M->544M(654M) 100.322ms
[486.158s][info][gc,cpu         ] GC(1590) User=0.18s Sys=0.02s Real=0.10s
[486.260s][info][gc,start       ] GC(1591) Pause Young (Allocation Failure)
[486.342s][info][gc,heap        ] GC(1591) PSYoungGen: 202742K(202752K)->87174K(222720K) Eden: 111616K(111616K)->0K(111616K) From: 91126K(91136K)->87174K(111104K)
[486.342s][info][gc,heap        ] GC(1591) ParOldGen: 466784K(466944K)->477752K(478208K)
[486.342s][info][gc,metaspace   ] GC(1591) Metaspace: 18907K(19008K)->18907K(19008K) NonClass: 17078K(17152K)->17078K(17152K) Class: 1829K(1856K)->1829K(1856K)
[486.342s][info][gc             ] GC(1591) Pause Young (Allocation Failure) 653M->551M(684M) 81.802ms
[486.342s][info][gc,cpu         ] GC(1591) User=0.15s Sys=0.01s Real=0.08s
[486.464s][info][gc,start       ] GC(1592) Pause Young (Allocation Failure)
[486.553s][info][gc,heap        ] GC(1592) PSYoungGen: 198790K(222720K)->84307K(222720K) Eden: 111616K(111616K)->0K(111616K) From: 87174K(111104K)->84307K(111104K)
[486.553s][info][gc,heap        ] GC(1592) ParOldGen: 477752K(478208K)->493301K(493568K)
[486.553s][info][gc,metaspace   ] GC(1592) Metaspace: 18907K(19008K)->18907K(19008K) NonClass: 17078K(17152K)->17078K(17152K) Class: 1829K(1856K)->1829K(1856K)
[486.553s][info][gc             ] GC(1592) Pause Young (Allocation Failure) 660M->564M(699M) 89.906ms
[486.553s][info][gc,cpu         ] GC(1592) User=0.16s Sys=0.02s Real=0.09s
[486.661s][info][gc,start       ] GC(1593) Pause Young (Allocation Failure)
[486.757s][info][gc,heap        ] GC(1593) PSYoungGen: 195923K(222720K)->104531K(222720K) Eden: 111616K(111616K)->0K(111616K) From: 84307K(111104K)->104531K(111104K)
[486.757s][info][gc,heap        ] GC(1593) ParOldGen: 493301K(493568K)->493405K(493568K)
[486.757s][info][gc,metaspace   ] GC(1593) Metaspace: 18907K(19008K)->18907K(19008K) NonClass: 17078K(17152K)->17078K(17152K) Class: 1829K(1856K)->1829K(1856K)
[486.757s][info][gc             ] GC(1593) Pause Young (Allocation Failure) 673M->583M(699M) 96.653ms
[486.757s][info][gc,cpu         ] GC(1593) User=0.19s Sys=0.00s Real=0.10s
[486.828s][info][gc,start       ] GC(1594) Pause Young (Allocation Failure)
[486.983s][info][gc,heap        ] GC(1594) PSYoungGen: 216147K(222720K)->111088K(222720K) Eden: 111616K(111616K)->0K(111616K) From: 104531K(111104K)->111088K(111104K)
[486.983s][info][gc,heap        ] GC(1594) ParOldGen: 493405K(493568K)->527752K(527872K)
[486.983s][info][gc,metaspace   ] GC(1594) Metaspace: 18907K(19008K)->18907K(19008K) NonClass: 17078K(17152K)->17078K(17152K) Class: 1829K(1856K)->1829K(1856K)
[486.983s][info][gc             ] GC(1594) Pause Young (Allocation Failure) 692M->623M(733M) 155.200ms
[486.983s][info][gc,cpu         ] GC(1594) User=0.28s Sys=0.02s Real=0.15s
[487.059s][info][gc,start       ] GC(1595) Pause Young (Allocation Failure)
[487.198s][info][gc,heap        ] GC(1595) PSYoungGen: 222704K(222720K)->62656K(222720K) Eden: 111616K(111616K)->0K(111616K) From: 111088K(111104K)->62656K(111104K)
[487.198s][info][gc,heap        ] GC(1595) ParOldGen: 527752K(527872K)->588107K(588288K)
[487.198s][info][gc,metaspace   ] GC(1595) Metaspace: 18907K(19008K)->18907K(19008K) NonClass: 17078K(17152K)->17078K(17152K) Class: 1829K(1856K)->1829K(1856K)
[487.198s][info][gc             ] GC(1595) Pause Young (Allocation Failure) 732M->635M(792M) 138.821ms
[487.198s][info][gc,cpu         ] GC(1595) User=0.23s Sys=0.04s Real=0.14s
[487.263s][info][gc,start       ] GC(1596) Pause Young (Allocation Failure)
[487.348s][info][gc,heap        ] GC(1596) PSYoungGen: 174272K(222720K)->53344K(222720K) Eden: 111616K(111616K)->0K(111616K) From: 62656K(111104K)->53344K(111104K)
[487.348s][info][gc,heap        ] GC(1596) ParOldGen: 588107K(588288K)->603734K(604160K)
[487.348s][info][gc,metaspace   ] GC(1596) Metaspace: 18907K(19008K)->18907K(19008K) NonClass: 17078K(17152K)->17078K(17152K) Class: 1829K(1856K)->1829K(1856K)
[487.348s][info][gc             ] GC(1596) Pause Young (Allocation Failure) 744M->641M(807M) 84.908ms
[487.348s][info][gc,cpu         ] GC(1596) User=0.16s Sys=0.02s Real=0.09s
[487.422s][info][gc,start       ] GC(1597) Pause Full (Allocation Failure)
[487.422s][info][gc,phases,start] GC(1597) Marking Phase
[487.678s][info][gc,phases      ] GC(1597) Marking Phase 255.939ms
[487.678s][info][gc,phases,start] GC(1597) Summary Phase
[487.678s][info][gc,phases      ] GC(1597) Summary Phase 0.030ms
[487.678s][info][gc,phases,start] GC(1597) Forward
[487.747s][info][gc,phases      ] GC(1597) Forward 69.573ms
[487.747s][info][gc,phases,start] GC(1597) Adjust Pointers
[487.943s][info][gc,phases      ] GC(1597) Adjust Pointers 195.422ms
[487.943s][info][gc,phases,start] GC(1597) Compaction Phase
[488.057s][info][gc,phases      ] GC(1597) Compaction Phase 114.027ms
[488.063s][info][gc,phases,start] GC(1597) Post Compact
[488.065s][info][gc,phases      ] GC(1597) Post Compact 2.256ms
[488.065s][info][gc,heap        ] GC(1597) PSYoungGen: 164960K(222720K)->0K(222720K) Eden: 111616K(111616K)->0K(111616K) From: 53344K(111104K)->0K(111104K)
[488.065s][info][gc,heap        ] GC(1597) ParOldGen: 603734K(604160K)->381155K(667648K)
[488.065s][info][gc,metaspace   ] GC(1597) Metaspace: 18907K(19008K)->18907K(19008K) NonClass: 17078K(17152K)->17078K(17152K) Class: 1829K(1856K)->1829K(1856K)
[488.065s][info][gc             ] GC(1597) Pause Full (Allocation Failure) 750M->372M(869M) 643.850ms
[488.065s][info][gc,cpu         ] GC(1597) User=1.24s Sys=0.00s Real=0.64s
[488.132s][info][gc,start       ] GC(1598) Pause Young (Allocation Failure)
[488.150s][info][gc,heap        ] GC(1598) PSYoungGen: 111616K(222720K)->13504K(222720K) Eden: 111616K(111616K)->0K(111616K) From: 0K(111104K)->13504K(111104K)
[488.150s][info][gc,heap        ] GC(1598) ParOldGen: 381155K(667648K)->381155K(667648K)
[488.150s][info][gc,metaspace   ] GC(1598) Metaspace: 18907K(19008K)->18907K(19008K) NonClass: 17078K(17152K)->17078K(17152K) Class: 1829K(1856K)->1829K(1856K)
[488.150s][info][gc             ] GC(1598) Pause Young (Allocation Failure) 481M->385M(869M) 18.267ms
[488.150s][info][gc,cpu         ] GC(1598) User=0.03s Sys=0.00s Real=0.02s
[488.222s][info][gc,start       ] GC(1599) Pause Young (Allocation Failure)
[488.254s][info][gc,heap        ] GC(1599) PSYoungGen: 125120K(222720K)->25792K(222720K) Eden: 111616K(111616K)->0K(111616K) From: 13504K(111104K)->25792K(111104K)
[488.254s][info][gc,heap        ] GC(1599) ParOldGen: 381155K(667648K)->381155K(667648K)
[488.254s][info][gc,metaspace   ] GC(1599) Metaspace: 18907K(19008K)->18907K(19008K) NonClass: 17078K(17152K)->17078K(17152K) Class: 1829K(1856K)->1829K(1856K)
[488.254s][info][gc             ] GC(1599) Pause Young (Allocation Failure) 494M->397M(869M) 31.558ms
[488.254s][info][gc,cpu         ] GC(1599) User=0.06s Sys=0.00s Real=0.03s
[488.323s][info][gc,start       ] GC(1600) Pause Young (Allocation Failure)
[488.361s][info][gc,heap        ] GC(1600) PSYoungGen: 137408K(222720K)->4544K(222720K) Eden: 111616K(111616K)->0K(111616K) From: 25792K(111104K)->4544K(111104K)
[488.361s][info][gc,heap        ] GC(1600) ParOldGen: 381155K(667648K)->406995K(667648K)
[488.361s][info][gc,metaspace   ] GC(1600) Metaspace: 18907K(19008K)->18907K(19008K) NonClass: 17078K(17152K)->17078K(17152K) Class: 1829K(1856K)->1829K(1856K)
[488.361s][info][gc             ] GC(1600) Pause Young (Allocation Failure) 506M->401M(869M) 38.137ms
[488.361s][info][gc,cpu         ] GC(1600) User=0.07s Sys=0.00s Real=0.04s
[488.435s][info][gc,start       ] GC(1601) Pause Young (Allocation Failure)
[488.450s][info][gc,heap        ] GC(1601) PSYoungGen: 116160K(222720K)->3968K(222720K) Eden: 111616K(111616K)->0K(111616K) From: 4544K(111104K)->3968K(111104K)
[488.451s][info][gc,heap        ] GC(1601) ParOldGen: 406995K(667648K)->411531K(667648K)
[488.451s][info][gc,metaspace   ] GC(1601) Metaspace: 18907K(19008K)->18907K(19008K) NonClass: 17078K(17152K)->17078K(17152K) Class: 1829K(1856K)->1829K(1856K)
[488.451s][info][gc             ] GC(1601) Pause Young (Allocation Failure) 510M->405M(869M) 15.518ms
[488.451s][info][gc,cpu         ] GC(1601) User=0.02s Sys=0.00s Real=0.02s
[488.522s][info][gc,start       ] GC(1602) Pause Young (Allocation Failure)
[488.530s][info][gc,heap        ] GC(1602) PSYoungGen: 115584K(222720K)->1632K(222720K) Eden: 111616K(111616K)->0K(111616K) From: 3968K(111104K)->1632K(111104K)
[488.530s][info][gc,heap        ] GC(1602) ParOldGen: 411531K(667648K)->415491K(667648K)
[488.530s][info][gc,metaspace   ] GC(1602) Metaspace: 18907K(19008K)->18907K(19008K) NonClass: 17078K(17152K)->17078K(17152K) Class: 1829K(1856K)->1829K(1856K)
[488.530s][info][gc             ] GC(1602) Pause Young (Allocation Failure) 514M->407M(869M) 8.654ms
[488.530s][info][gc,cpu         ] GC(1602) User=0.02s Sys=0.00s Real=0.01s
[488.635s][info][gc,start       ] GC(1603) Pause Young (Allocation Failure)
[488.654s][info][gc,heap        ] GC(1603) PSYoungGen: 113248K(222720K)->16000K(222720K) Eden: 111616K(111616K)->0K(111616K) From: 1632K(111104K)->16000K(111104K)
[488.654s][info][gc,heap        ] GC(1603) ParOldGen: 415491K(667648K)->417107K(667648K)
[488.654s][info][gc,metaspace   ] GC(1603) Metaspace: 18907K(19008K)->18907K(19008K) NonClass: 17078K(17152K)->17078K(17152K) Class: 1829K(1856K)->1829K(1856K)
[488.654s][info][gc             ] GC(1603) Pause Young (Allocation Failure) 516M->422M(869M) 19.687ms
[488.654s][info][gc,cpu         ] GC(1603) User=0.04s Sys=0.00s Real=0.02s
[488.786s][info][gc,start       ] GC(1604) Pause Young (Allocation Failure)
[488.822s][info][gc,heap        ] GC(1604) PSYoungGen: 127616K(222720K)->16192K(222720K) Eden: 111616K(111616K)->0K(111616K) From: 16000K(111104K)->16192K(111104K)
[488.822s][info][gc,heap        ] GC(1604) ParOldGen: 417107K(667648K)->433147K(667648K)
[488.822s][info][gc,metaspace   ] GC(1604) Metaspace: 18907K(19008K)->18907K(19008K) NonClass: 17078K(17152K)->17078K(17152K) Class: 1829K(1856K)->1829K(1856K)
[488.822s][info][gc             ] GC(1604) Pause Young (Allocation Failure) 531M->438M(869M) 35.759ms
[488.822s][info][gc,cpu         ] GC(1604) User=0.07s Sys=0.00s Real=0.04s
[489.164s][info][gc,start       ] GC(1605) Pause Young (Allocation Failure)
[489.187s][info][gc,heap        ] GC(1605) PSYoungGen: 127808K(222720K)->128K(222720K) Eden: 111616K(111616K)->0K(111616K) From: 16192K(111104K)->128K(111104K)
[489.187s][info][gc,heap        ] GC(1605) ParOldGen: 433147K(667648K)->449320K(667648K)
[489.187s][info][gc,metaspace   ] GC(1605) Metaspace: 18908K(19008K)->18908K(19008K) NonClass: 17079K(17152K)->17079K(17152K) Class: 1829K(1856K)->1829K(1856K)
[489.187s][info][gc             ] GC(1605) Pause Young (Allocation Failure) 547M->438M(869M) 22.582ms
[489.187s][info][gc,cpu         ] GC(1605) User=0.04s Sys=0.00s Real=0.03s
[489.357s][info][gc,start       ] GC(1606) Pause Young (Allocation Failure)
[489.372s][info][gc,heap        ] GC(1606) PSYoungGen: 111744K(222720K)->15824K(222720K) Eden: 111616K(111616K)->0K(111616K) From: 128K(111104K)->15824K(111104K)
[489.372s][info][gc,heap        ] GC(1606) ParOldGen: 449320K(667648K)->449397K(667648K)
[489.372s][info][gc,metaspace   ] GC(1606) Metaspace: 18908K(19008K)->18908K(19008K) NonClass: 17079K(17152K)->17079K(17152K) Class: 1829K(1856K)->1829K(1856K)
[489.372s][info][gc             ] GC(1606) Pause Young (Allocation Failure) 547M->454M(869M) 15.513ms
[489.372s][info][gc,cpu         ] GC(1606) User=0.03s Sys=0.00s Real=0.01s
[489.495s][info][gc,start       ] GC(1607) Pause Young (Allocation Failure)
[489.516s][info][gc,heap        ] GC(1607) PSYoungGen: 127440K(222720K)->6512K(222720K) Eden: 111616K(111616K)->0K(111616K) From: 15824K(111104K)->6512K(111104K)
[489.516s][info][gc,heap        ] GC(1607) ParOldGen: 449397K(667648K)->465293K(667648K)
[489.516s][info][gc,metaspace   ] GC(1607) Metaspace: 18908K(19008K)->18908K(19008K) NonClass: 17079K(17152K)->17079K(17152K) Class: 1829K(1856K)->1829K(1856K)
[489.516s][info][gc             ] GC(1607) Pause Young (Allocation Failure) 563M->460M(869M) 21.478ms
[489.516s][info][gc,cpu         ] GC(1607) User=0.05s Sys=0.00s Real=0.03s
[489.659s][info][gc,start       ] GC(1608) Pause Young (Allocation Failure)
[489.683s][info][gc,heap        ] GC(1608) PSYoungGen: 118128K(222720K)->19888K(218624K) Eden: 111616K(111616K)->0K(111616K) From: 6512K(111104K)->19888K(107008K)
[489.683s][info][gc,heap        ] GC(1608) ParOldGen: 465293K(667648K)->471814K(667648K)
[489.683s][info][gc,metaspace   ] GC(1608) Metaspace: 18908K(19008K)->18908K(19008K) NonClass: 17079K(17152K)->17079K(17152K) Class: 1829K(1856K)->1829K(1856K)
[489.683s][info][gc             ] GC(1608) Pause Young (Allocation Failure) 569M->480M(865M) 23.407ms
[489.683s][info][gc,cpu         ] GC(1608) User=0.04s Sys=0.00s Real=0.02s
[489.759s][info][gc,start       ] GC(1609) Pause Young (Allocation Failure)
[489.799s][info][gc,heap        ] GC(1609) PSYoungGen: 131504K(218624K)->60784K(220672K) Eden: 111616K(111616K)->0K(111616K) From: 19888K(107008K)->60784K(109056K)
[489.799s][info][gc,heap        ] GC(1609) ParOldGen: 471814K(667648K)->471814K(667648K)
[489.799s][info][gc,metaspace   ] GC(1609) Metaspace: 18908K(19008K)->18908K(19008K) NonClass: 17079K(17152K)->17079K(17152K) Class: 1829K(1856K)->1829K(1856K)
[489.799s][info][gc             ] GC(1609) Pause Young (Allocation Failure) 589M->520M(867M) 40.571ms
[489.799s][info][gc,cpu         ] GC(1609) User=0.08s Sys=0.00s Real=0.04s
[489.976s][info][gc,start       ] GC(1610) Pause Young (Allocation Failure)
[490.028s][info][gc,heap        ] GC(1610) PSYoungGen: 172400K(220672K)->19712K(218624K) Eden: 111616K(111616K)->0K(113664K) From: 60784K(109056K)->19712K(104960K)
[490.028s][info][gc,heap        ] GC(1610) ParOldGen: 471814K(667648K)->533246K(667648K)
[490.028s][info][gc,metaspace   ] GC(1610) Metaspace: 18908K(19008K)->18908K(19008K) NonClass: 17079K(17152K)->17079K(17152K) Class: 1829K(1856K)->1829K(1856K)
[490.028s][info][gc             ] GC(1610) Pause Young (Allocation Failure) 629M->539M(865M) 52.117ms
[490.028s][info][gc,cpu         ] GC(1610) User=0.11s Sys=0.00s Real=0.06s
[490.159s][info][gc,start       ] GC(1611) Pause Young (Allocation Failure)
[490.188s][info][gc,heap        ] GC(1611) PSYoungGen: 133376K(218624K)->22144K(220672K) Eden: 113664K(113664K)->0K(113664K) From: 19712K(104960K)->22144K(107008K)
[490.188s][info][gc,heap        ] GC(1611) ParOldGen: 533246K(667648K)->533246K(667648K)
[490.188s][info][gc,metaspace   ] GC(1611) Metaspace: 18908K(19008K)->18908K(19008K) NonClass: 17079K(17152K)->17079K(17152K) Class: 1829K(1856K)->1829K(1856K)
[490.188s][info][gc             ] GC(1611) Pause Young (Allocation Failure) 650M->542M(867M) 28.735ms
[490.188s][info][gc,cpu         ] GC(1611) User=0.05s Sys=0.00s Real=0.03s
[490.333s][info][gc,start       ] GC(1612) Pause Young (Allocation Failure)
[490.397s][info][gc,heap        ] GC(1612) PSYoungGen: 135808K(220672K)->57320K(219648K) Eden: 113664K(113664K)->0K(118784K) From: 22144K(107008K)->57320K(100864K)
[490.397s][info][gc,heap        ] GC(1612) ParOldGen: 533246K(667648K)->533246K(667648K)
[490.397s][info][gc,metaspace   ] GC(1612) Metaspace: 18908K(19008K)->18908K(19008K) NonClass: 17079K(17152K)->17079K(17152K) Class: 1829K(1856K)->1829K(1856K)
[490.397s][info][gc             ] GC(1612) Pause Young (Allocation Failure) 653M->576M(866M) 63.687ms
[490.397s][info][gc,cpu         ] GC(1612) User=0.13s Sys=0.00s Real=0.07s
[490.527s][info][gc,start       ] GC(1613) Pause Young (Allocation Failure)
[490.610s][info][gc,heap        ] GC(1613) PSYoungGen: 176104K(219648K)->79304K(222720K) Eden: 118784K(118784K)->0K(118784K) From: 57320K(100864K)->79304K(103936K)
[490.610s][info][gc,heap        ] GC(1613) ParOldGen: 533246K(667648K)->533246K(667648K)
[490.610s][info][gc,metaspace   ] GC(1613) Metaspace: 18908K(19008K)->18908K(19008K) NonClass: 17079K(17152K)->17079K(17152K) Class: 1829K(1856K)->1829K(1856K)
[490.610s][info][gc             ] GC(1613) Pause Young (Allocation Failure) 692M->598M(869M) 83.038ms
[490.610s][info][gc,cpu         ] GC(1613) User=0.17s Sys=0.00s Real=0.08s
[490.718s][info][gc,start       ] GC(1614) Pause Young (Allocation Failure)
[490.807s][info][gc,heap        ] GC(1614) PSYoungGen: 198088K(222720K)->61448K(222720K) Eden: 118784K(118784K)->0K(111616K) From: 79304K(103936K)->61448K(111104K)
[490.807s][info][gc,heap        ] GC(1614) ParOldGen: 533246K(667648K)->555574K(667648K)
[490.807s][info][gc,metaspace   ] GC(1614) Metaspace: 18908K(19008K)->18908K(19008K) NonClass: 17079K(17152K)->17079K(17152K) Class: 1829K(1856K)->1829K(1856K)
[490.807s][info][gc             ] GC(1614) Pause Young (Allocation Failure) 714M->602M(869M) 89.247ms
[490.807s][info][gc,cpu         ] GC(1614) User=0.18s Sys=0.00s Real=0.09s
[490.896s][info][gc,start       ] GC(1615) Pause Young (Allocation Failure)
[490.969s][info][gc,heap        ] GC(1615) PSYoungGen: 173064K(222720K)->4896K(222720K) Eden: 111616K(111616K)->0K(111616K) From: 61448K(111104K)->4896K(111104K)
[490.969s][info][gc,heap        ] GC(1615) ParOldGen: 555574K(667648K)->612932K(667648K)
[490.969s][info][gc,metaspace   ] GC(1615) Metaspace: 18908K(19008K)->18908K(19008K) NonClass: 17079K(17152K)->17079K(17152K) Class: 1829K(1856K)->1829K(1856K)
[490.969s][info][gc             ] GC(1615) Pause Young (Allocation Failure) 711M->603M(869M) 73.667ms
[490.969s][info][gc,cpu         ] GC(1615) User=0.14s Sys=0.01s Real=0.08s
[491.086s][info][gc,start       ] GC(1616) Pause Full (Allocation Failure)
[491.086s][info][gc,phases,start] GC(1616) Marking Phase
[491.450s][info][gc,phases      ] GC(1616) Marking Phase 364.076ms
[491.450s][info][gc,phases,start] GC(1616) Summary Phase
[491.450s][info][gc,phases      ] GC(1616) Summary Phase 0.026ms
[491.450s][info][gc,phases,start] GC(1616) Forward
[491.516s][info][gc,phases      ] GC(1616) Forward 65.719ms
[491.516s][info][gc,phases,start] GC(1616) Adjust Pointers
[491.790s][info][gc,phases      ] GC(1616) Adjust Pointers 274.223ms
[491.790s][info][gc,phases,start] GC(1616) Compaction Phase
[491.935s][info][gc,phases      ] GC(1616) Compaction Phase 144.536ms
[491.941s][info][gc,phases,start] GC(1616) Post Compact
[491.943s][info][gc,phases      ] GC(1616) Post Compact 2.108ms
[491.943s][info][gc,heap        ] GC(1616) PSYoungGen: 116512K(222720K)->0K(222720K) Eden: 111616K(111616K)->0K(111616K) From: 4896K(111104K)->0K(111104K)
[491.943s][info][gc,heap        ] GC(1616) ParOldGen: 612932K(667648K)->533665K(667648K)
[491.943s][info][gc,metaspace   ] GC(1616) Metaspace: 18908K(19008K)->18908K(19008K) NonClass: 17079K(17152K)->17079K(17152K) Class: 1829K(1856K)->1829K(1856K)
[491.944s][info][gc             ] GC(1616) Pause Full (Allocation Failure) 712M->521M(869M) 857.660ms
[491.944s][info][gc,cpu         ] GC(1616) User=1.66s Sys=0.00s Real=0.86s
[492.073s][info][gc,start       ] GC(1617) Pause Young (Allocation Failure)
[492.088s][info][gc,heap        ] GC(1617) PSYoungGen: 111616K(222720K)->3520K(222720K) Eden: 111616K(111616K)->0K(111616K) From: 0K(111104K)->3520K(111104K)
[492.088s][info][gc,heap        ] GC(1617) ParOldGen: 533665K(667648K)->533665K(667648K)
[492.088s][info][gc,metaspace   ] GC(1617) Metaspace: 18908K(19008K)->18908K(19008K) NonClass: 17079K(17152K)->17079K(17152K) Class: 1829K(1856K)->1829K(1856K)
[492.088s][info][gc             ] GC(1617) Pause Young (Allocation Failure) 630M->524M(869M) 14.902ms
[492.088s][info][gc,cpu         ] GC(1617) User=0.03s Sys=0.00s Real=0.02s
[492.237s][info][gc,start       ] GC(1618) Pause Young (Allocation Failure)
[492.258s][info][gc,heap        ] GC(1618) PSYoungGen: 115136K(222720K)->15488K(213504K) Eden: 111616K(111616K)->0K(111616K) From: 3520K(111104K)->15488K(101888K)
[492.258s][info][gc,heap        ] GC(1618) ParOldGen: 533665K(667648K)->537185K(667648K)
[492.258s][info][gc,metaspace   ] GC(1618) Metaspace: 18908K(19008K)->18908K(19008K) NonClass: 17079K(17152K)->17079K(17152K) Class: 1829K(1856K)->1829K(1856K)
[492.258s][info][gc             ] GC(1618) Pause Young (Allocation Failure) 633M->539M(860M) 20.955ms
[492.258s][info][gc,cpu         ] GC(1618) User=0.04s Sys=0.00s Real=0.02s
[492.371s][info][gc,start       ] GC(1619) Pause Young (Allocation Failure)
[492.409s][info][gc,heap        ] GC(1619) PSYoungGen: 127104K(213504K)->38882K(218112K) Eden: 111616K(111616K)->0K(111616K) From: 15488K(101888K)->38882K(106496K)
[492.409s][info][gc,heap        ] GC(1619) ParOldGen: 537185K(667648K)->537185K(667648K)
[492.409s][info][gc,metaspace   ] GC(1619) Metaspace: 18908K(19008K)->18908K(19008K) NonClass: 17079K(17152K)->17079K(17152K) Class: 1829K(1856K)->1829K(1856K)
[492.409s][info][gc             ] GC(1619) Pause Young (Allocation Failure) 648M->562M(865M) 37.876ms
[492.409s][info][gc,cpu         ] GC(1619) User=0.07s Sys=0.00s Real=0.04s
[492.467s][info][gc,start       ] GC(1620) Pause Young (Allocation Failure)
[492.539s][info][gc,heap        ] GC(1620) PSYoungGen: 150498K(218112K)->81586K(213504K) Eden: 111616K(111616K)->0K(111616K) From: 38882K(106496K)->81586K(101888K)
[492.539s][info][gc,heap        ] GC(1620) ParOldGen: 537185K(667648K)->537185K(667648K)
[492.539s][info][gc,metaspace   ] GC(1620) Metaspace: 18908K(19008K)->18908K(19008K) NonClass: 17079K(17152K)->17079K(17152K) Class: 1829K(1856K)->1829K(1856K)
[492.539s][info][gc             ] GC(1620) Pause Young (Allocation Failure) 671M->604M(860M) 71.752ms
[492.539s][info][gc,cpu         ] GC(1620) User=0.14s Sys=0.00s Real=0.07s
[492.726s][info][gc,start       ] GC(1621) Pause Young (Allocation Failure)
[492.809s][info][gc,heap        ] GC(1621) PSYoungGen: 193202K(213504K)->72800K(222720K) Eden: 111616K(111616K)->0K(111616K) From: 81586K(101888K)->72800K(111104K)
[492.809s][info][gc,heap        ] GC(1621) ParOldGen: 537185K(667648K)->576190K(667648K)
[492.809s][info][gc,metaspace   ] GC(1621) Metaspace: 18908K(19008K)->18908K(19008K) NonClass: 17079K(17152K)->17079K(17152K) Class: 1829K(1856K)->1829K(1856K)
[492.809s][info][gc             ] GC(1621) Pause Young (Allocation Failure) 713M->633M(869M) 82.853ms
[492.809s][info][gc,cpu         ] GC(1621) User=0.16s Sys=0.00s Real=0.09s
[492.972s][info][gc,start       ] GC(1622) Pause Young (Allocation Failure)
[493.058s][info][gc,heap        ] GC(1622) PSYoungGen: 184416K(222720K)->10496K(222720K) Eden: 111616K(111616K)->0K(111616K) From: 72800K(111104K)->10496K(111104K)
[493.058s][info][gc,heap        ] GC(1622) ParOldGen: 576190K(667648K)->649811K(667648K)
[493.058s][info][gc,metaspace   ] GC(1622) Metaspace: 18908K(19008K)->18908K(19008K) NonClass: 17079K(17152K)->17079K(17152K) Class: 1829K(1856K)->1829K(1856K)
[493.058s][info][gc             ] GC(1622) Pause Young (Allocation Failure) 742M->644M(869M) 85.341ms
[493.058s][info][gc,cpu         ] GC(1622) User=0.14s Sys=0.03s Real=0.09s
[493.190s][info][gc,start       ] GC(1623) Pause Full (Allocation Failure)
[493.190s][info][gc,phases,start] GC(1623) Marking Phase
[493.557s][info][gc,phases      ] GC(1623) Marking Phase 367.099ms
[493.557s][info][gc,phases,start] GC(1623) Summary Phase
[493.557s][info][gc,phases      ] GC(1623) Summary Phase 0.028ms
[493.557s][info][gc,phases,start] GC(1623) Forward
[493.670s][info][gc,phases      ] GC(1623) Forward 113.285ms
[493.671s][info][gc,phases,start] GC(1623) Adjust Pointers
[493.949s][info][gc,phases      ] GC(1623) Adjust Pointers 278.636ms
[493.949s][info][gc,phases,start] GC(1623) Compaction Phase
[494.113s][info][gc,phases      ] GC(1623) Compaction Phase 163.413ms
[494.125s][info][gc,phases,start] GC(1623) Post Compact
[494.127s][info][gc,phases      ] GC(1623) Post Compact 2.256ms
[494.127s][info][gc,heap        ] GC(1623) PSYoungGen: 122112K(222720K)->0K(222720K) Eden: 111616K(111616K)->0K(111616K) From: 10496K(111104K)->0K(111104K)
[494.127s][info][gc,heap        ] GC(1623) ParOldGen: 649811K(667648K)->530108K(667648K)
[494.127s][info][gc,metaspace   ] GC(1623) Metaspace: 18908K(19008K)->18908K(19008K) NonClass: 17079K(17152K)->17079K(17152K) Class: 1829K(1856K)->1829K(1856K)
[494.128s][info][gc             ] GC(1623) Pause Full (Allocation Failure) 753M->517M(869M) 937.600ms
[494.128s][info][gc,cpu         ] GC(1623) User=1.78s Sys=0.00s Real=0.94s
[494.247s][info][gc,start       ] GC(1624) Pause Young (Allocation Failure)
[494.270s][info][gc,heap        ] GC(1624) PSYoungGen: 111616K(222720K)->20768K(222720K) Eden: 111616K(111616K)->0K(111616K) From: 0K(111104K)->20768K(111104K)
[494.270s][info][gc,heap        ] GC(1624) ParOldGen: 530108K(667648K)->530108K(667648K)
[494.270s][info][gc,metaspace   ] GC(1624) Metaspace: 18908K(19008K)->18908K(19008K) NonClass: 17079K(17152K)->17079K(17152K) Class: 1829K(1856K)->1829K(1856K)
[494.270s][info][gc             ] GC(1624) Pause Young (Allocation Failure) 626M->537M(869M) 23.222ms
[494.270s][info][gc,cpu         ] GC(1624) User=0.04s Sys=0.00s Real=0.02s
[494.368s][info][gc,start       ] GC(1625) Pause Young (Allocation Failure)
[494.394s][info][gc,heap        ] GC(1625) PSYoungGen: 132384K(222720K)->25024K(136704K) Eden: 111616K(111616K)->0K(111616K) From: 20768K(111104K)->25024K(25088K)
[494.394s][info][gc,heap        ] GC(1625) ParOldGen: 530108K(667648K)->530108K(667648K)
[494.394s][info][gc,metaspace   ] GC(1625) Metaspace: 18908K(19008K)->18908K(19008K) NonClass: 17079K(17152K)->17079K(17152K) Class: 1829K(1856K)->1829K(1856K)
[494.394s][info][gc             ] GC(1625) Pause Young (Allocation Failure) 646M->542M(785M) 25.970ms
[494.394s][info][gc,cpu         ] GC(1625) User=0.05s Sys=0.00s Real=0.02s
[494.500s][info][gc,start       ] GC(1626) Pause Young (Allocation Failure)
[494.528s][info][gc,heap        ] GC(1626) PSYoungGen: 136640K(136704K)->25664K(220672K) Eden: 111616K(111616K)->0K(117248K) From: 25024K(25088K)->25664K(103424K)
[494.528s][info][gc,heap        ] GC(1626) ParOldGen: 530108K(667648K)->530108K(667648K)
[494.528s][info][gc,metaspace   ] GC(1626) Metaspace: 18908K(19008K)->18908K(19008K) NonClass: 17079K(17152K)->17079K(17152K) Class: 1829K(1856K)->1829K(1856K)
[494.528s][info][gc             ] GC(1626) Pause Young (Allocation Failure) 651M->542M(867M) 27.996ms
[494.528s][info][gc,cpu         ] GC(1626) User=0.05s Sys=0.00s Real=0.03s
[494.654s][info][gc,start       ] GC(1627) Pause Young (Allocation Failure)
[494.687s][info][gc,heap        ] GC(1627) PSYoungGen: 142912K(220672K)->29984K(217088K) Eden: 117248K(117248K)->0K(117248K) From: 25664K(103424K)->29984K(99840K)
[494.687s][info][gc,heap        ] GC(1627) ParOldGen: 530108K(667648K)->530108K(667648K)
[494.687s][info][gc,metaspace   ] GC(1627) Metaspace: 18908K(19008K)->18908K(19008K) NonClass: 17079K(17152K)->17079K(17152K) Class: 1829K(1856K)->1829K(1856K)
[494.687s][info][gc             ] GC(1627) Pause Young (Allocation Failure) 657M->546M(864M) 32.672ms
[494.687s][info][gc,cpu         ] GC(1627) User=0.07s Sys=0.00s Real=0.04s
[494.825s][info][gc,start       ] GC(1628) Pause Young (Allocation Failure)
[494.857s][info][gc,heap        ] GC(1628) PSYoungGen: 147232K(217088K)->30016K(208896K) Eden: 117248K(117248K)->0K(126464K) From: 29984K(99840K)->30016K(82432K)
[494.857s][info][gc,heap        ] GC(1628) ParOldGen: 530108K(667648K)->530108K(667648K)
[494.857s][info][gc,metaspace   ] GC(1628) Metaspace: 18908K(19008K)->18908K(19008K) NonClass: 17079K(17152K)->17079K(17152K) Class: 1829K(1856K)->1829K(1856K)
[494.857s][info][gc             ] GC(1628) Pause Young (Allocation Failure) 661M->546M(856M) 32.286ms
[494.857s][info][gc,cpu         ] GC(1628) User=0.06s Sys=0.00s Real=0.04s
[495.050s][info][gc,start       ] GC(1629) Pause Young (Allocation Failure)
[495.098s][info][gc,heap        ] GC(1629) PSYoungGen: 156480K(208896K)->49104K(215040K) Eden: 126464K(126464K)->0K(126464K) From: 30016K(82432K)->49104K(88576K)
[495.098s][info][gc,heap        ] GC(1629) ParOldGen: 530108K(667648K)->530108K(667648K)
[495.098s][info][gc,metaspace   ] GC(1629) Metaspace: 18908K(19008K)->18908K(19008K) NonClass: 17079K(17152K)->17079K(17152K) Class: 1829K(1856K)->1829K(1856K)
[495.098s][info][gc             ] GC(1629) Pause Young (Allocation Failure) 670M->565M(862M) 48.069ms
[495.098s][info][gc,cpu         ] GC(1629) User=0.09s Sys=0.00s Real=0.05s
[495.372s][info][gc,start       ] GC(1630) Pause Young (Allocation Failure)
[495.432s][info][gc,heap        ] GC(1630) PSYoungGen: 175568K(215040K)->58576K(221696K) Eden: 126464K(126464K)->0K(132608K) From: 49104K(88576K)->58576K(89088K)
[495.432s][info][gc,heap        ] GC(1630) ParOldGen: 530108K(667648K)->530108K(667648K)
[495.432s][info][gc,metaspace   ] GC(1630) Metaspace: 18908K(19008K)->18908K(19008K) NonClass: 17079K(17152K)->17079K(17152K) Class: 1829K(1856K)->1829K(1856K)
[495.432s][info][gc             ] GC(1630) Pause Young (Allocation Failure) 689M->574M(868M) 60.769ms
[495.432s][info][gc,cpu         ] GC(1630) User=0.12s Sys=0.00s Real=0.06s
[495.794s][info][gc,start       ] GC(1631) Pause Young (Allocation Failure)
[495.853s][info][gc,heap        ] GC(1631) PSYoungGen: 191184K(221696K)->58592K(225280K) Eden: 132608K(132608K)->0K(132608K) From: 58576K(89088K)->58592K(92672K)
[495.853s][info][gc,heap        ] GC(1631) ParOldGen: 530108K(667648K)->530108K(667648K)
[495.853s][info][gc,metaspace   ] GC(1631) Metaspace: 18908K(19008K)->18908K(19008K) NonClass: 17079K(17152K)->17079K(17152K) Class: 1829K(1856K)->1829K(1856K)
[495.853s][info][gc             ] GC(1631) Pause Young (Allocation Failure) 704M->574M(872M) 59.337ms
[495.853s][info][gc,cpu         ] GC(1631) User=0.12s Sys=0.00s Real=0.06s
[496.200s][info][gc,start       ] GC(1632) Pause Young (Allocation Failure)
[496.258s][info][gc,heap        ] GC(1632) PSYoungGen: 191200K(225280K)->58592K(235008K) Eden: 132608K(132608K)->0K(140288K) From: 58592K(92672K)->58592K(94720K)
[496.258s][info][gc,heap        ] GC(1632) ParOldGen: 530108K(667648K)->530108K(667648K)
[496.258s][info][gc,metaspace   ] GC(1632) Metaspace: 18908K(19008K)->18908K(19008K) NonClass: 17079K(17152K)->17079K(17152K) Class: 1829K(1856K)->1829K(1856K)
[496.258s][info][gc             ] GC(1632) Pause Young (Allocation Failure) 704M->574M(881M) 57.946ms
[496.258s][info][gc,cpu         ] GC(1632) User=0.11s Sys=0.00s Real=0.06s
[496.574s][info][gc,start       ] GC(1633) Pause Young (Allocation Failure)
[496.635s][info][gc,heap        ] GC(1633) PSYoungGen: 198880K(235008K)->58640K(199168K) Eden: 140288K(140288K)->0K(140288K) From: 58592K(94720K)->58640K(58880K)
[496.635s][info][gc,heap        ] GC(1633) ParOldGen: 530108K(667648K)->530108K(667648K)
[496.635s][info][gc,metaspace   ] GC(1633) Metaspace: 18908K(19008K)->18908K(19008K) NonClass: 17079K(17152K)->17079K(17152K) Class: 1829K(1856K)->1829K(1856K)
[496.635s][info][gc             ] GC(1633) Pause Young (Allocation Failure) 711M->574M(846M) 60.615ms
[496.635s][info][gc,cpu         ] GC(1633) User=0.12s Sys=0.00s Real=0.06s
[496.948s][info][gc,start       ] GC(1634) Pause Young (Allocation Failure)
[497.020s][info][gc,heap        ] GC(1634) PSYoungGen: 198928K(199168K)->58960K(235520K) Eden: 140288K(140288K)->0K(138240K) From: 58640K(58880K)->58960K(97280K)
[497.020s][info][gc,heap        ] GC(1634) ParOldGen: 530108K(667648K)->530108K(667648K)
[497.020s][info][gc,metaspace   ] GC(1634) Metaspace: 18908K(19008K)->18908K(19008K) NonClass: 17079K(17152K)->17079K(17152K) Class: 1829K(1856K)->1829K(1856K)
[497.020s][info][gc             ] GC(1634) Pause Young (Allocation Failure) 711M->575M(882M) 72.359ms
[497.020s][info][gc,cpu         ] GC(1634) User=0.14s Sys=0.00s Real=0.07s
[497.203s][info][gc,start       ] GC(1635) Pause Young (Allocation Failure)
[497.288s][info][gc,heap        ] GC(1635) PSYoungGen: 197200K(235520K)->91920K(230400K) Eden: 138240K(138240K)->0K(138240K) From: 58960K(97280K)->91920K(92160K)
[497.288s][info][gc,heap        ] GC(1635) ParOldGen: 530108K(667648K)->530108K(667648K)
[497.288s][info][gc,metaspace   ] GC(1635) Metaspace: 18909K(19008K)->18909K(19008K) NonClass: 17079K(17152K)->17079K(17152K) Class: 1829K(1856K)->1829K(1856K)
[497.288s][info][gc             ] GC(1635) Pause Young (Allocation Failure) 710M->607M(877M) 84.979ms
[497.288s][info][gc,cpu         ] GC(1635) User=0.16s Sys=0.00s Real=0.09s
[497.424s][info][gc,start       ] GC(1636) Pause Young (Allocation Failure)
[497.553s][info][gc,heap        ] GC(1636) PSYoungGen: 230160K(230400K)->103392K(215040K) Eden: 138240K(138240K)->0K(111616K) From: 91920K(92160K)->103392K(103424K)
[497.553s][info][gc,heap        ] GC(1636) ParOldGen: 530108K(667648K)->563152K(667648K)
[497.553s][info][gc,metaspace   ] GC(1636) Metaspace: 18909K(19008K)->18909K(19008K) NonClass: 17079K(17152K)->17079K(17152K) Class: 1829K(1856K)->1829K(1856K)
[497.553s][info][gc             ] GC(1636) Pause Young (Allocation Failure) 742M->650M(862M) 129.070ms
[497.553s][info][gc,cpu         ] GC(1636) User=0.23s Sys=0.03s Real=0.13s
[497.686s][info][gc,start       ] GC(1637) Pause Young (Allocation Failure)
[497.794s][info][gc,heap        ] GC(1637) PSYoungGen: 215008K(215040K)->81665K(222720K) Eden: 111616K(111616K)->0K(111616K) From: 103392K(103424K)->81665K(111104K)
[497.794s][info][gc,heap        ] GC(1637) ParOldGen: 563152K(667648K)->588208K(667648K)
[497.794s][info][gc,metaspace   ] GC(1637) Metaspace: 18910K(19008K)->18910K(19008K) NonClass: 17080K(17152K)->17080K(17152K) Class: 1829K(1856K)->1829K(1856K)
[497.794s][info][gc             ] GC(1637) Pause Young (Allocation Failure) 759M->654M(869M) 108.141ms
[497.794s][info][gc,cpu         ] GC(1637) User=0.21s Sys=0.00s Real=0.11s
[497.976s][info][gc,start       ] GC(1638) Pause Young (Allocation Failure)
[498.099s][info][gc,heap        ] GC(1638) PSYoungGen: 193281K(222720K)->105328K(222720K) Eden: 111616K(111616K)->0K(111616K) From: 81665K(111104K)->105328K(111104K)
[498.099s][info][gc,heap        ] GC(1638) ParOldGen: 588208K(667648K)->593200K(667648K)
[498.099s][info][gc,metaspace   ] GC(1638) Metaspace: 18910K(19008K)->18910K(19008K) NonClass: 17080K(17152K)->17080K(17152K) Class: 1829K(1856K)->1829K(1856K)
[498.099s][info][gc             ] GC(1638) Pause Young (Allocation Failure) 763M->682M(869M) 122.632ms
[498.099s][info][gc,cpu         ] GC(1638) User=0.24s Sys=0.00s Real=0.12s
[498.225s][info][gc,start       ] GC(1639) Pause Young (Allocation Failure)
[498.351s][info][gc,heap        ] GC(1639) PSYoungGen: 216944K(222720K)->104256K(222720K) Eden: 111616K(111616K)->0K(111616K) From: 105328K(111104K)->104256K(111104K)
[498.351s][info][gc,heap        ] GC(1639) ParOldGen: 593200K(667648K)->612425K(667648K)
[498.351s][info][gc,metaspace   ] GC(1639) Metaspace: 18910K(19008K)->18910K(19008K) NonClass: 17080K(17152K)->17080K(17152K) Class: 1829K(1856K)->1829K(1856K)
[498.351s][info][gc             ] GC(1639) Pause Young (Allocation Failure) 791M->699M(869M) 126.417ms
[498.351s][info][gc,cpu         ] GC(1639) User=0.26s Sys=0.00s Real=0.13s
[498.476s][info][gc,start       ] GC(1640) Pause Full (Allocation Failure)
[498.477s][info][gc,phases,start] GC(1640) Marking Phase
[498.981s][info][gc,phases      ] GC(1640) Marking Phase 504.404ms
[498.981s][info][gc,phases,start] GC(1640) Summary Phase
[498.981s][info][gc,phases      ] GC(1640) Summary Phase 0.034ms
[498.981s][info][gc,phases,start] GC(1640) Forward
[499.125s][info][gc,phases      ] GC(1640) Forward 144.020ms
[499.125s][info][gc,phases,start] GC(1640) Adjust Pointers
[499.515s][info][gc,phases      ] GC(1640) Adjust Pointers 389.419ms
[499.515s][info][gc,phases,start] GC(1640) Compaction Phase
[499.761s][info][gc,phases      ] GC(1640) Compaction Phase 246.805ms
[499.776s][info][gc,phases,start] GC(1640) Post Compact
[499.778s][info][gc,phases      ] GC(1640) Post Compact 2.420ms
[499.778s][info][gc,heap        ] GC(1640) PSYoungGen: 215872K(222720K)->8988K(222720K) Eden: 111616K(111616K)->0K(111616K) From: 104256K(111104K)->8988K(111104K)
[499.778s][info][gc,heap        ] GC(1640) ParOldGen: 612425K(667648K)->667250K(667648K)
[499.779s][info][gc,metaspace   ] GC(1640) Metaspace: 18910K(19008K)->18910K(19008K) NonClass: 17080K(17152K)->17080K(17152K) Class: 1829K(1856K)->1829K(1856K)
[499.779s][info][gc             ] GC(1640) Pause Full (Allocation Failure) 808M->660M(869M) 1302.076ms
[499.779s][info][gc,cpu         ] GC(1640) User=2.52s Sys=0.01s Real=1.30s
[499.857s][info][gc,start       ] GC(1641) Pause Full (Allocation Failure)
[499.857s][info][gc,phases,start] GC(1641) Marking Phase
[500.379s][info][gc,phases      ] GC(1641) Marking Phase 521.994ms
[500.379s][info][gc,phases,start] GC(1641) Summary Phase
[500.379s][info][gc,phases      ] GC(1641) Summary Phase 0.023ms
[500.379s][info][gc,phases,start] GC(1641) Forward
[500.401s][info][gc,phases      ] GC(1641) Forward 22.491ms
[500.401s][info][gc,phases,start] GC(1641) Adjust Pointers
[500.752s][info][gc,phases      ] GC(1641) Adjust Pointers 350.540ms
[500.752s][info][gc,phases,start] GC(1641) Compaction Phase
[500.899s][info][gc,phases      ] GC(1641) Compaction Phase 146.745ms
[500.901s][info][gc,phases,start] GC(1641) Post Compact
[500.903s][info][gc,phases      ] GC(1641) Post Compact 2.257ms
[500.903s][info][gc,heap        ] GC(1641) PSYoungGen: 120604K(222720K)->8988K(222720K) Eden: 111616K(111616K)->0K(111616K) From: 8988K(111104K)->8988K(111104K)
[500.903s][info][gc,heap        ] GC(1641) ParOldGen: 667250K(667648K)->667458K(667648K)
[500.903s][info][gc,metaspace   ] GC(1641) Metaspace: 18910K(19008K)->18910K(19008K) NonClass: 17080K(17152K)->17080K(17152K) Class: 1829K(1856K)->1829K(1856K)
[500.904s][info][gc             ] GC(1641) Pause Full (Allocation Failure) 769M->660M(869M) 1046.804ms
[500.904s][info][gc,cpu         ] GC(1641) User=2.05s Sys=0.00s Real=1.04s
[501.023s][info][gc,start       ] GC(1642) Pause Full (Allocation Failure)
[501.023s][info][gc,phases,start] GC(1642) Marking Phase
[501.551s][info][gc,phases      ] GC(1642) Marking Phase 528.219ms
[501.551s][info][gc,phases,start] GC(1642) Summary Phase
[501.551s][info][gc,phases      ] GC(1642) Summary Phase 0.037ms
[501.551s][info][gc,phases,start] GC(1642) Forward
[501.554s][info][gc,phases      ] GC(1642) Forward 2.449ms
[501.554s][info][gc,phases,start] GC(1642) Adjust Pointers
[501.888s][info][gc,phases      ] GC(1642) Adjust Pointers 334.603ms
[501.889s][info][gc,phases,start] GC(1642) Compaction Phase
[502.023s][info][gc,phases      ] GC(1642) Compaction Phase 134.497ms
[502.023s][info][gc,phases,start] GC(1642) Post Compact
[502.025s][info][gc,phases      ] GC(1642) Post Compact 2.259ms
[502.025s][info][gc,heap        ] GC(1642) PSYoungGen: 120604K(222720K)->9481K(222720K) Eden: 111616K(111616K)->9481K(111616K) From: 8988K(111104K)->0K(111104K)
[502.025s][info][gc,heap        ] GC(1642) ParOldGen: 667458K(667648K)->667642K(667648K)
[502.025s][info][gc,metaspace   ] GC(1642) Metaspace: 18910K(19008K)->18910K(19008K) NonClass: 17080K(17152K)->17080K(17152K) Class: 1829K(1856K)->1829K(1856K)
[502.025s][info][gc             ] GC(1642) Pause Full (Allocation Failure) 769M->661M(869M) 1002.513ms
[502.025s][info][gc,cpu         ] GC(1642) User=1.96s Sys=0.01s Real=1.00s
[502.130s][info][gc,start       ] GC(1643) Pause Full (Allocation Failure)
[502.130s][info][gc,phases,start] GC(1643) Marking Phase
[502.511s][info][gc,phases      ] GC(1643) Marking Phase 380.488ms
[502.511s][info][gc,phases,start] GC(1643) Summary Phase
[502.511s][info][gc,phases      ] GC(1643) Summary Phase 0.029ms
[502.511s][info][gc,phases,start] GC(1643) Forward
[502.622s][info][gc,phases      ] GC(1643) Forward 110.819ms
[502.622s][info][gc,phases,start] GC(1643) Adjust Pointers
[502.910s][info][gc,phases      ] GC(1643) Adjust Pointers 288.497ms
[502.910s][info][gc,phases,start] GC(1643) Compaction Phase
[503.073s][info][gc,phases      ] GC(1643) Compaction Phase 162.284ms
[503.084s][info][gc,phases,start] GC(1643) Post Compact
[503.086s][info][gc,phases      ] GC(1643) Post Compact 2.322ms
[503.086s][info][gc,heap        ] GC(1643) PSYoungGen: 111616K(222720K)->0K(222720K) Eden: 111616K(111616K)->0K(111616K) From: 0K(111104K)->0K(111104K)
[503.086s][info][gc,heap        ] GC(1643) ParOldGen: 667642K(667648K)->549483K(667648K)
[503.086s][info][gc,metaspace   ] GC(1643) Metaspace: 18910K(19008K)->18910K(19008K) NonClass: 17080K(17152K)->17080K(17152K) Class: 1829K(1856K)->1829K(1856K)
[503.087s][info][gc             ] GC(1643) Pause Full (Allocation Failure) 760M->536M(869M) 956.435ms
[503.087s][info][gc,cpu         ] GC(1643) User=1.82s Sys=0.00s Real=0.96s
[503.234s][info][gc,start       ] GC(1644) Pause Young (Allocation Failure)
[503.246s][info][gc,heap        ] GC(1644) PSYoungGen: 111616K(222720K)->9856K(222720K) Eden: 111616K(111616K)->0K(111616K) From: 0K(111104K)->9856K(111104K)
[503.246s][info][gc,heap        ] GC(1644) ParOldGen: 549483K(667648K)->549483K(667648K)
[503.246s][info][gc,metaspace   ] GC(1644) Metaspace: 18910K(19008K)->18910K(19008K) NonClass: 17080K(17152K)->17080K(17152K) Class: 1829K(1856K)->1829K(1856K)
[503.247s][info][gc             ] GC(1644) Pause Young (Allocation Failure) 645M->546M(869M) 12.051ms
[503.247s][info][gc,cpu         ] GC(1644) User=0.02s Sys=0.00s Real=0.02s
[503.394s][info][gc,start       ] GC(1645) Pause Young (Allocation Failure)
[503.414s][info][gc,heap        ] GC(1645) PSYoungGen: 121472K(222720K)->17980K(222720K) Eden: 111616K(111616K)->0K(111616K) From: 9856K(111104K)->17980K(111104K)
[503.414s][info][gc,heap        ] GC(1645) ParOldGen: 549483K(667648K)->549483K(667648K)
[503.414s][info][gc,metaspace   ] GC(1645) Metaspace: 18910K(19008K)->18910K(19008K) NonClass: 17080K(17152K)->17080K(17152K) Class: 1829K(1856K)->1829K(1856K)
[503.414s][info][gc             ] GC(1645) Pause Young (Allocation Failure) 655M->554M(869M) 20.125ms
[503.414s][info][gc,cpu         ] GC(1645) User=0.04s Sys=0.00s Real=0.02s
[503.542s][info][gc,start       ] GC(1646) Pause Young (Allocation Failure)
[503.581s][info][gc,heap        ] GC(1646) PSYoungGen: 129596K(222720K)->38572K(222720K) Eden: 111616K(111616K)->0K(111616K) From: 17980K(111104K)->38572K(111104K)
[503.581s][info][gc,heap        ] GC(1646) ParOldGen: 549483K(667648K)->549483K(667648K)
[503.581s][info][gc,metaspace   ] GC(1646) Metaspace: 18918K(19072K)->18918K(19072K) NonClass: 17089K(17216K)->17089K(17216K) Class: 1829K(1856K)->1829K(1856K)
[503.581s][info][gc             ] GC(1646) Pause Young (Allocation Failure) 663M->574M(869M) 39.334ms
[503.581s][info][gc,cpu         ] GC(1646) User=0.08s Sys=0.00s Real=0.04s
[503.714s][info][gc,start       ] GC(1647) Pause Young (Allocation Failure)
[503.761s][info][gc,heap        ] GC(1647) PSYoungGen: 150188K(222720K)->50091K(222720K) Eden: 111616K(111616K)->0K(111616K) From: 38572K(111104K)->50091K(111104K)
[503.761s][info][gc,heap        ] GC(1647) ParOldGen: 549483K(667648K)->549483K(667648K)
[503.761s][info][gc,metaspace   ] GC(1647) Metaspace: 18920K(19072K)->18920K(19072K) NonClass: 17091K(17216K)->17091K(17216K) Class: 1829K(1856K)->1829K(1856K)
[503.761s][info][gc             ] GC(1647) Pause Young (Allocation Failure) 683M->585M(869M) 46.925ms
[503.761s][info][gc,cpu         ] GC(1647) User=0.10s Sys=0.00s Real=0.05s
[503.899s][info][gc,start       ] GC(1648) Pause Young (Allocation Failure)
[503.952s][info][gc,heap        ] GC(1648) PSYoungGen: 161707K(222720K)->59084K(222720K) Eden: 111616K(111616K)->0K(111616K) From: 50091K(111104K)->59084K(111104K)
[503.952s][info][gc,heap        ] GC(1648) ParOldGen: 549483K(667648K)->549483K(667648K)
[503.952s][info][gc,metaspace   ] GC(1648) Metaspace: 18920K(19072K)->18920K(19072K) NonClass: 17091K(17216K)->17091K(17216K) Class: 1829K(1856K)->1829K(1856K)
[503.952s][info][gc             ] GC(1648) Pause Young (Allocation Failure) 694M->594M(869M) 52.387ms
[503.952s][info][gc,cpu         ] GC(1648) User=0.10s Sys=0.00s Real=0.05s
[504.072s][info][gc,start       ] GC(1649) Pause Young (Allocation Failure)
[504.132s][info][gc,heap        ] GC(1649) PSYoungGen: 170700K(222720K)->46144K(222720K) Eden: 111616K(111616K)->0K(111616K) From: 59084K(111104K)->46144K(111104K)
[504.132s][info][gc,heap        ] GC(1649) ParOldGen: 549483K(667648K)->567487K(667648K)
[504.132s][info][gc,metaspace   ] GC(1649) Metaspace: 18920K(19072K)->18920K(19072K) NonClass: 17091K(17216K)->17091K(17216K) Class: 1829K(1856K)->1829K(1856K)
[504.132s][info][gc             ] GC(1649) Pause Young (Allocation Failure) 703M->599M(869M) 59.627ms
[504.132s][info][gc,cpu         ] GC(1649) User=0.12s Sys=0.00s Real=0.06s
[504.238s][info][gc,start       ] GC(1650) Pause Young (Allocation Failure)
[504.285s][info][gc,heap        ] GC(1650) PSYoungGen: 157760K(222720K)->36288K(222720K) Eden: 111616K(111616K)->0K(111616K) From: 46144K(111104K)->36288K(111104K)
[504.285s][info][gc,heap        ] GC(1650) ParOldGen: 567487K(667648K)->583280K(667648K)
[504.285s][info][gc,metaspace   ] GC(1650) Metaspace: 18920K(19072K)->18920K(19072K) NonClass: 17091K(17216K)->17091K(17216K) Class: 1829K(1856K)->1829K(1856K)
[504.285s][info][gc             ] GC(1650) Pause Young (Allocation Failure) 708M->605M(869M) 47.285ms
[504.285s][info][gc,cpu         ] GC(1650) User=0.10s Sys=0.00s Real=0.04s
[504.460s][info][gc,start       ] GC(1651) Pause Young (Allocation Failure)
[504.496s][info][gc,heap        ] GC(1651) PSYoungGen: 147904K(222720K)->9408K(222720K) Eden: 111616K(111616K)->0K(111616K) From: 36288K(111104K)->9408K(111104K)
[504.496s][info][gc,heap        ] GC(1651) ParOldGen: 583280K(667648K)->613672K(667648K)
[504.496s][info][gc,metaspace   ] GC(1651) Metaspace: 18920K(19072K)->18920K(19072K) NonClass: 17091K(17216K)->17091K(17216K) Class: 1829K(1856K)->1829K(1856K)
[504.496s][info][gc             ] GC(1651) Pause Young (Allocation Failure) 714M->608M(869M) 36.447ms
[504.496s][info][gc,cpu         ] GC(1651) User=0.07s Sys=0.00s Real=0.03s
[504.760s][info][gc,start       ] GC(1652) Pause Full (Allocation Failure)
[504.760s][info][gc,phases,start] GC(1652) Marking Phase
[505.064s][info][gc,phases      ] GC(1652) Marking Phase 304.737ms
[505.064s][info][gc,phases,start] GC(1652) Summary Phase
[505.064s][info][gc,phases      ] GC(1652) Summary Phase 0.026ms
[505.064s][info][gc,phases,start] GC(1652) Forward
[505.130s][info][gc,phases      ] GC(1652) Forward 65.572ms
[505.130s][info][gc,phases,start] GC(1652) Adjust Pointers
[505.348s][info][gc,phases      ] GC(1652) Adjust Pointers 217.581ms
[505.348s][info][gc,phases,start] GC(1652) Compaction Phase
[505.458s][info][gc,phases      ] GC(1652) Compaction Phase 109.955ms
[505.462s][info][gc,phases,start] GC(1652) Post Compact
[505.464s][info][gc,phases      ] GC(1652) Post Compact 2.170ms
[505.464s][info][gc,heap        ] GC(1652) PSYoungGen: 121024K(222720K)->0K(222720K) Eden: 111616K(111616K)->0K(111616K) From: 9408K(111104K)->0K(111104K)
[505.464s][info][gc,heap        ] GC(1652) ParOldGen: 613672K(667648K)->444014K(667648K)
[505.464s][info][gc,metaspace   ] GC(1652) Metaspace: 18921K(19072K)->18921K(19072K) NonClass: 17091K(17216K)->17091K(17216K) Class: 1829K(1856K)->1829K(1856K)
[505.464s][info][gc             ] GC(1652) Pause Full (Allocation Failure) 717M->433M(869M) 704.829ms
[505.464s][info][gc,cpu         ] GC(1652) User=1.32s Sys=0.00s Real=0.70s
[505.601s][info][gc,start       ] GC(1653) Pause Young (Allocation Failure)
[505.614s][info][gc,heap        ] GC(1653) PSYoungGen: 111616K(222720K)->14096K(222720K) Eden: 111616K(111616K)->0K(111616K) From: 0K(111104K)->14096K(111104K)
[505.614s][info][gc,heap        ] GC(1653) ParOldGen: 444014K(667648K)->444014K(667648K)
[505.614s][info][gc,metaspace   ] GC(1653) Metaspace: 18921K(19072K)->18921K(19072K) NonClass: 17091K(17216K)->17091K(17216K) Class: 1829K(1856K)->1829K(1856K)
[505.614s][info][gc             ] GC(1653) Pause Young (Allocation Failure) 542M->447M(869M) 13.946ms
[505.615s][info][gc,cpu         ] GC(1653) User=0.03s Sys=0.00s Real=0.01s
[505.763s][info][gc,start       ] GC(1654) Pause Young (Allocation Failure)
[505.778s][info][gc,heap        ] GC(1654) PSYoungGen: 125712K(222720K)->2752K(222720K) Eden: 111616K(111616K)->0K(111616K) From: 14096K(111104K)->2752K(111104K)
[505.778s][info][gc,heap        ] GC(1654) ParOldGen: 444014K(667648K)->458182K(667648K)
[505.778s][info][gc,metaspace   ] GC(1654) Metaspace: 18921K(19072K)->18921K(19072K) NonClass: 17091K(17216K)->17091K(17216K) Class: 1829K(1856K)->1829K(1856K)
[505.778s][info][gc             ] GC(1654) Pause Young (Allocation Failure) 556M->450M(869M) 15.769ms
[505.778s][info][gc,cpu         ] GC(1654) User=0.03s Sys=0.00s Real=0.02s
[505.849s][info][gc,start       ] GC(1655) Pause Young (Allocation Failure)
[505.879s][info][gc,heap        ] GC(1655) PSYoungGen: 114368K(222720K)->38976K(222720K) Eden: 111616K(111616K)->0K(111616K) From: 2752K(111104K)->38976K(111104K)
[505.879s][info][gc,heap        ] GC(1655) ParOldGen: 458182K(667648K)->460894K(667648K)
[505.879s][info][gc,metaspace   ] GC(1655) Metaspace: 18921K(19072K)->18921K(19072K) NonClass: 17091K(17216K)->17091K(17216K) Class: 1829K(1856K)->1829K(1856K)
[505.879s][info][gc             ] GC(1655) Pause Young (Allocation Failure) 559M->488M(869M) 30.177ms
[505.879s][info][gc,cpu         ] GC(1655) User=0.06s Sys=0.00s Real=0.03s
[505.974s][info][gc,start       ] GC(1656) Pause Young (Allocation Failure)
[506.023s][info][gc,heap        ] GC(1656) PSYoungGen: 150592K(222720K)->37888K(213504K) Eden: 111616K(111616K)->0K(111616K) From: 38976K(111104K)->37888K(101888K)
[506.023s][info][gc,heap        ] GC(1656) ParOldGen: 460894K(667648K)->500302K(667648K)
[506.023s][info][gc,metaspace   ] GC(1656) Metaspace: 18921K(19072K)->18921K(19072K) NonClass: 17091K(17216K)->17091K(17216K) Class: 1829K(1856K)->1829K(1856K)
[506.023s][info][gc             ] GC(1656) Pause Young (Allocation Failure) 597M->525M(860M) 49.818ms
[506.023s][info][gc,cpu         ] GC(1656) User=0.10s Sys=0.00s Real=0.05s
[506.165s][info][gc,start       ] GC(1657) Pause Young (Allocation Failure)
[506.195s][info][gc,heap        ] GC(1657) PSYoungGen: 149504K(213504K)->41072K(218112K) Eden: 111616K(111616K)->0K(111616K) From: 37888K(101888K)->41072K(106496K)
[506.195s][info][gc,heap        ] GC(1657) ParOldGen: 500302K(667648K)->500302K(667648K)
[506.195s][info][gc,metaspace   ] GC(1657) Metaspace: 18921K(19072K)->18921K(19072K) NonClass: 17091K(17216K)->17091K(17216K) Class: 1829K(1856K)->1829K(1856K)
[506.195s][info][gc             ] GC(1657) Pause Young (Allocation Failure) 634M->528M(865M) 29.546ms
[506.195s][info][gc,cpu         ] GC(1657) User=0.06s Sys=0.00s Real=0.03s
[506.370s][info][gc,start       ] GC(1658) Pause Young (Allocation Failure)
[506.434s][info][gc,heap        ] GC(1658) PSYoungGen: 152688K(218112K)->65520K(215552K) Eden: 111616K(111616K)->0K(115200K) From: 41072K(106496K)->65520K(100352K)
[506.434s][info][gc,heap        ] GC(1658) ParOldGen: 500302K(667648K)->500302K(667648K)
[506.434s][info][gc,metaspace   ] GC(1658) Metaspace: 18921K(19072K)->18921K(19072K) NonClass: 17091K(17216K)->17091K(17216K) Class: 1829K(1856K)->1829K(1856K)
[506.434s][info][gc             ] GC(1658) Pause Young (Allocation Failure) 637M->552M(862M) 64.576ms
[506.434s][info][gc,cpu         ] GC(1658) User=0.13s Sys=0.00s Real=0.06s
[506.553s][info][gc,start       ] GC(1659) Pause Young (Allocation Failure)
[506.635s][info][gc,heap        ] GC(1659) PSYoungGen: 180720K(215552K)->87072K(218624K) Eden: 115200K(115200K)->0K(115200K) From: 65520K(100352K)->87072K(103424K)
[506.636s][info][gc,heap        ] GC(1659) ParOldGen: 500302K(667648K)->500302K(667648K)
[506.636s][info][gc,metaspace   ] GC(1659) Metaspace: 18921K(19072K)->18921K(19072K) NonClass: 17091K(17216K)->17091K(17216K) Class: 1829K(1856K)->1829K(1856K)
[506.636s][info][gc             ] GC(1659) Pause Young (Allocation Failure) 665M->573M(865M) 82.191ms
[506.636s][info][gc,cpu         ] GC(1659) User=0.16s Sys=0.00s Real=0.08s
[506.764s][info][gc,start       ] GC(1660) Pause Young (Allocation Failure)
[506.863s][info][gc,heap        ] GC(1660) PSYoungGen: 202272K(218624K)->61376K(222720K) Eden: 115200K(115200K)->0K(111616K) From: 87072K(103424K)->61376K(111104K)
[506.863s][info][gc,heap        ] GC(1660) ParOldGen: 500302K(667648K)->541787K(667648K)
[506.863s][info][gc,metaspace   ] GC(1660) Metaspace: 18921K(19072K)->18921K(19072K) NonClass: 17091K(17216K)->17091K(17216K) Class: 1829K(1856K)->1829K(1856K)
[506.863s][info][gc             ] GC(1660) Pause Young (Allocation Failure) 686M->589M(869M) 99.647ms
[506.863s][info][gc,cpu         ] GC(1660) User=0.20s Sys=0.00s Real=0.10s
[506.951s][info][gc,start       ] GC(1661) Pause Young (Allocation Failure)
[507.022s][info][gc,heap        ] GC(1661) PSYoungGen: 172992K(222720K)->15584K(222720K) Eden: 111616K(111616K)->0K(111616K) From: 61376K(111104K)->15584K(111104K)
[507.022s][info][gc,heap        ] GC(1661) ParOldGen: 541787K(667648K)->587907K(667648K)
[507.022s][info][gc,metaspace   ] GC(1661) Metaspace: 18921K(19072K)->18921K(19072K) NonClass: 17091K(17216K)->17091K(17216K) Class: 1829K(1856K)->1829K(1856K)
[507.022s][info][gc             ] GC(1661) Pause Young (Allocation Failure) 698M->589M(869M) 71.440ms
[507.022s][info][gc,cpu         ] GC(1661) User=0.14s Sys=0.00s Real=0.07s
[507.137s][info][gc,start       ] GC(1662) Pause Young (Allocation Failure)
[507.159s][info][gc,heap        ] GC(1662) PSYoungGen: 127200K(222720K)->736K(222720K) Eden: 111616K(111616K)->0K(111616K) From: 15584K(111104K)->736K(111104K)
[507.159s][info][gc,heap        ] GC(1662) ParOldGen: 587907K(667648K)->603523K(667648K)
[507.159s][info][gc,metaspace   ] GC(1662) Metaspace: 18921K(19072K)->18921K(19072K) NonClass: 17091K(17216K)->17091K(17216K) Class: 1829K(1856K)->1829K(1856K)
[507.159s][info][gc             ] GC(1662) Pause Young (Allocation Failure) 698M->590M(869M) 22.428ms
[507.159s][info][gc,cpu         ] GC(1662) User=0.04s Sys=0.00s Real=0.02s
[507.271s][info][gc,start       ] GC(1663) Pause Full (Allocation Failure)
[507.271s][info][gc,phases,start] GC(1663) Marking Phase
[507.657s][info][gc,phases      ] GC(1663) Marking Phase 385.779ms
[507.657s][info][gc,phases,start] GC(1663) Summary Phase
[507.657s][info][gc,phases      ] GC(1663) Summary Phase 0.025ms
[507.657s][info][gc,phases,start] GC(1663) Forward
[507.693s][info][gc,phases      ] GC(1663) Forward 35.884ms
[507.693s][info][gc,phases,start] GC(1663) Adjust Pointers
[507.957s][info][gc,phases      ] GC(1663) Adjust Pointers 263.755ms
[507.957s][info][gc,phases,start] GC(1663) Compaction Phase
[508.082s][info][gc,phases      ] GC(1663) Compaction Phase 124.497ms
[508.085s][info][gc,phases,start] GC(1663) Post Compact
[508.087s][info][gc,phases      ] GC(1663) Post Compact 2.095ms
[508.087s][info][gc,heap        ] GC(1663) PSYoungGen: 112352K(222720K)->0K(222720K) Eden: 111616K(111616K)->0K(111616K) From: 736K(111104K)->0K(111104K)
[508.087s][info][gc,heap        ] GC(1663) ParOldGen: 603523K(667648K)->550223K(667648K)
[508.087s][info][gc,metaspace   ] GC(1663) Metaspace: 18921K(19072K)->18921K(19072K) NonClass: 17091K(17216K)->17091K(17216K) Class: 1829K(1856K)->1829K(1856K)
[508.087s][info][gc             ] GC(1663) Pause Full (Allocation Failure) 699M->537M(869M) 815.690ms
[508.087s][info][gc,cpu         ] GC(1663) User=1.58s Sys=0.01s Real=0.82s
[508.235s][info][gc,start       ] GC(1664) Pause Young (Allocation Failure)
[508.247s][info][gc,heap        ] GC(1664) PSYoungGen: 111616K(222720K)->10176K(221696K) Eden: 111616K(111616K)->0K(111616K) From: 0K(111104K)->10176K(110080K)
[508.247s][info][gc,heap        ] GC(1664) ParOldGen: 550223K(667648K)->550223K(667648K)
[508.247s][info][gc,metaspace   ] GC(1664) Metaspace: 18921K(19072K)->18921K(19072K) NonClass: 17091K(17216K)->17091K(17216K) Class: 1829K(1856K)->1829K(1856K)
[508.247s][info][gc             ] GC(1664) Pause Young (Allocation Failure) 646M->547M(868M) 12.237ms
[508.247s][info][gc,cpu         ] GC(1664) User=0.03s Sys=0.00s Real=0.02s
[508.404s][info][gc,start       ] GC(1665) Pause Young (Allocation Failure)
[508.433s][info][gc,heap        ] GC(1665) PSYoungGen: 121792K(221696K)->25632K(137728K) Eden: 111616K(111616K)->0K(111616K) From: 10176K(110080K)->25632K(26112K)
[508.433s][info][gc,heap        ] GC(1665) ParOldGen: 550223K(667648K)->550223K(667648K)
[508.433s][info][gc,metaspace   ] GC(1665) Metaspace: 18921K(19072K)->18921K(19072K) NonClass: 17091K(17216K)->17091K(17216K) Class: 1829K(1856K)->1829K(1856K)
[508.433s][info][gc             ] GC(1665) Pause Young (Allocation Failure) 656M->562M(786M) 29.025ms
[508.433s][info][gc,cpu         ] GC(1665) User=0.06s Sys=0.00s Real=0.03s
[508.716s][info][gc,start       ] GC(1666) Pause Young (Allocation Failure)
[508.757s][info][gc,heap        ] GC(1666) PSYoungGen: 137248K(137728K)->28832K(218624K) Eden: 111616K(111616K)->0K(118272K) From: 25632K(26112K)->28832K(100352K)
[508.757s][info][gc,heap        ] GC(1666) ParOldGen: 550223K(667648K)->550223K(667648K)
[508.757s][info][gc,metaspace   ] GC(1666) Metaspace: 18921K(19072K)->18921K(19072K) NonClass: 17091K(17216K)->17091K(17216K) Class: 1829K(1856K)->1829K(1856K)
[508.757s][info][gc             ] GC(1666) Pause Young (Allocation Failure) 671M->565M(865M) 40.744ms
[508.757s][info][gc,cpu         ] GC(1666) User=0.08s Sys=0.00s Real=0.05s
[508.954s][info][gc,start       ] GC(1667) Pause Young (Allocation Failure)
[508.998s][info][gc,heap        ] GC(1667) PSYoungGen: 147104K(218624K)->50192K(218624K) Eden: 118272K(118272K)->0K(118272K) From: 28832K(100352K)->50192K(100352K)
[508.998s][info][gc,heap        ] GC(1667) ParOldGen: 550223K(667648K)->550223K(667648K)
[508.998s][info][gc,metaspace   ] GC(1667) Metaspace: 18921K(19072K)->18921K(19072K) NonClass: 17091K(17216K)->17091K(17216K) Class: 1829K(1856K)->1829K(1856K)
[508.998s][info][gc             ] GC(1667) Pause Young (Allocation Failure) 680M->586M(865M) 44.384ms
[508.998s][info][gc,cpu         ] GC(1667) User=0.09s Sys=0.00s Real=0.05s
[509.112s][info][gc,start       ] GC(1668) Pause Young (Allocation Failure)
[509.170s][info][gc,heap        ] GC(1668) PSYoungGen: 168464K(218624K)->72192K(216576K) Eden: 118272K(118272K)->0K(117760K) From: 50192K(100352K)->72192K(98816K)
[509.170s][info][gc,heap        ] GC(1668) ParOldGen: 550223K(667648K)->550223K(667648K)
[509.170s][info][gc,metaspace   ] GC(1668) Metaspace: 18921K(19072K)->18921K(19072K) NonClass: 17091K(17216K)->17091K(17216K) Class: 1829K(1856K)->1829K(1856K)
[509.170s][info][gc             ] GC(1668) Pause Young (Allocation Failure) 701M->607M(863M) 58.365ms
[509.170s][info][gc,cpu         ] GC(1668) User=0.12s Sys=0.00s Real=0.06s
[509.348s][info][gc,start       ] GC(1669) Pause Young (Allocation Failure)
[509.424s][info][gc,heap        ] GC(1669) PSYoungGen: 189952K(216576K)->83680K(201728K) Eden: 117760K(117760K)->0K(117760K) From: 72192K(98816K)->83680K(83968K)
[509.424s][info][gc,heap        ] GC(1669) ParOldGen: 550223K(667648K)->550223K(667648K)
[509.424s][info][gc,metaspace   ] GC(1669) Metaspace: 18921K(19072K)->18921K(19072K) NonClass: 17091K(17216K)->17091K(17216K) Class: 1829K(1856K)->1829K(1856K)
[509.424s][info][gc             ] GC(1669) Pause Young (Allocation Failure) 722M->619M(849M) 76.237ms
[509.424s][info][gc,cpu         ] GC(1669) User=0.15s Sys=0.00s Real=0.07s
[509.623s][info][gc,start       ] GC(1670) Pause Young (Allocation Failure)
[509.700s][info][gc,heap        ] GC(1670) PSYoungGen: 201440K(201728K)->58112K(222720K) Eden: 117760K(117760K)->0K(111616K) From: 83680K(83968K)->58112K(111104K)
[509.701s][info][gc,heap        ] GC(1670) ParOldGen: 550223K(667648K)->575896K(667648K)
[509.701s][info][gc,metaspace   ] GC(1670) Metaspace: 18921K(19072K)->18921K(19072K) NonClass: 17091K(17216K)->17091K(17216K) Class: 1829K(1856K)->1829K(1856K)
[509.701s][info][gc             ] GC(1670) Pause Young (Allocation Failure) 734M->619M(869M) 77.959ms
[509.701s][info][gc,cpu         ] GC(1670) User=0.15s Sys=0.00s Real=0.08s
[509.829s][info][gc,start       ] GC(1671) Pause Young (Allocation Failure)
[509.897s][info][gc,heap        ] GC(1671) PSYoungGen: 169728K(222720K)->53664K(165376K) Eden: 111616K(111616K)->0K(111616K) From: 58112K(111104K)->53664K(53760K)
[509.897s][info][gc,heap        ] GC(1671) ParOldGen: 575896K(667648K)->600504K(667648K)
[509.897s][info][gc,metaspace   ] GC(1671) Metaspace: 18921K(19072K)->18921K(19072K) NonClass: 17091K(17216K)->17091K(17216K) Class: 1829K(1856K)->1829K(1856K)
[509.897s][info][gc             ] GC(1671) Pause Young (Allocation Failure) 728M->638M(813M) 68.234ms
[509.897s][info][gc,cpu         ] GC(1671) User=0.13s Sys=0.00s Real=0.07s
[509.996s][info][gc,start       ] GC(1672) Pause Young (Allocation Failure)
[510.052s][info][gc,heap        ] GC(1672) PSYoungGen: 165280K(165376K)->57056K(223232K) Eden: 111616K(111616K)->0K(114176K) From: 53664K(53760K)->57056K(109056K)
[510.052s][info][gc,heap        ] GC(1672) ParOldGen: 600504K(667648K)->600504K(667648K)
[510.052s][info][gc,metaspace   ] GC(1672) Metaspace: 18921K(19072K)->18921K(19072K) NonClass: 17091K(17216K)->17091K(17216K) Class: 1829K(1856K)->1829K(1856K)
[510.052s][info][gc             ] GC(1672) Pause Young (Allocation Failure) 747M->642M(870M) 55.963ms
[510.052s][info][gc,cpu         ] GC(1672) User=0.11s Sys=0.00s Real=0.06s
[510.166s][info][gc,start       ] GC(1673) Pause Young (Allocation Failure)
[510.224s][info][gc,heap        ] GC(1673) PSYoungGen: 171232K(223232K)->59200K(220672K) Eden: 114176K(114176K)->0K(114176K) From: 57056K(109056K)->59200K(106496K)
[510.224s][info][gc,heap        ] GC(1673) ParOldGen: 600504K(667648K)->600504K(667648K)
[510.224s][info][gc,metaspace   ] GC(1673) Metaspace: 18921K(19072K)->18921K(19072K) NonClass: 17091K(17216K)->17091K(17216K) Class: 1829K(1856K)->1829K(1856K)
[510.224s][info][gc             ] GC(1673) Pause Young (Allocation Failure) 753M->644M(867M) 57.934ms
[510.224s][info][gc,cpu         ] GC(1673) User=0.11s Sys=0.00s Real=0.06s
[510.363s][info][gc,start       ] GC(1674) Pause Young (Allocation Failure)
[510.434s][info][gc,heap        ] GC(1674) PSYoungGen: 173376K(220672K)->73248K(220160K) Eden: 114176K(114176K)->0K(115200K) From: 59200K(106496K)->73248K(104960K)
[510.434s][info][gc,heap        ] GC(1674) ParOldGen: 600504K(667648K)->600504K(667648K)
[510.434s][info][gc,metaspace   ] GC(1674) Metaspace: 18921K(19072K)->18921K(19072K) NonClass: 17091K(17216K)->17091K(17216K) Class: 1829K(1856K)->1829K(1856K)
[510.434s][info][gc             ] GC(1674) Pause Young (Allocation Failure) 755M->657M(867M) 71.267ms
[510.434s][info][gc,cpu         ] GC(1674) User=0.14s Sys=0.00s Real=0.07s
[510.725s][info][gc,start       ] GC(1675) Pause Young (Allocation Failure)
[510.796s][info][gc,heap        ] GC(1675) PSYoungGen: 188448K(220160K)->74752K(190464K) Eden: 115200K(115200K)->0K(115200K) From: 73248K(104960K)->74752K(75264K)
[510.796s][info][gc,heap        ] GC(1675) ParOldGen: 600504K(667648K)->600504K(667648K)
[510.796s][info][gc,metaspace   ] GC(1675) Metaspace: 18923K(19072K)->18923K(19072K) NonClass: 17094K(17216K)->17094K(17216K) Class: 1829K(1856K)->1829K(1856K)
[510.796s][info][gc             ] GC(1675) Pause Young (Allocation Failure) 770M->659M(838M) 71.573ms
[510.796s][info][gc,cpu         ] GC(1675) User=0.15s Sys=0.00s Real=0.07s
[511.081s][info][gc,start       ] GC(1676) Pause Young (Allocation Failure)
[511.154s][info][gc,heap        ] GC(1676) PSYoungGen: 189952K(190464K)->74784K(222720K) Eden: 115200K(115200K)->0K(111616K) From: 74752K(75264K)->74784K(111104K)
[511.154s][info][gc,heap        ] GC(1676) ParOldGen: 600504K(667648K)->600504K(667648K)
[511.154s][info][gc,metaspace   ] GC(1676) Metaspace: 18923K(19072K)->18923K(19072K) NonClass: 17094K(17216K)->17094K(17216K) Class: 1829K(1856K)->1829K(1856K)
[511.154s][info][gc             ] GC(1676) Pause Young (Allocation Failure) 771M->659M(869M) 73.065ms
[511.154s][info][gc,cpu         ] GC(1676) User=0.14s Sys=0.00s Real=0.07s
[511.409s][info][gc,start       ] GC(1677) Pause Young (Allocation Failure)
[511.483s][info][gc,heap        ] GC(1677) PSYoungGen: 186400K(222720K)->41056K(153088K) Eden: 111616K(111616K)->0K(111616K) From: 74784K(111104K)->41056K(41472K)
[511.483s][info][gc,heap        ] GC(1677) ParOldGen: 600504K(667648K)->634512K(667648K)
[511.483s][info][gc,metaspace   ] GC(1677) Metaspace: 18923K(19072K)->18923K(19072K) NonClass: 17094K(17216K)->17094K(17216K) Class: 1829K(1856K)->1829K(1856K)
[511.483s][info][gc             ] GC(1677) Pause Young (Allocation Failure) 768M->659M(801M) 74.067ms
[511.483s][info][gc,cpu         ] GC(1677) User=0.15s Sys=0.00s Real=0.07s
[511.710s][info][gc,start       ] GC(1678) Pause Full (Allocation Failure)
[511.710s][info][gc,phases,start] GC(1678) Marking Phase
[511.931s][info][gc,phases      ] GC(1678) Marking Phase 221.207ms
[511.932s][info][gc,phases,start] GC(1678) Summary Phase
[511.932s][info][gc,phases      ] GC(1678) Summary Phase 0.026ms
[511.932s][info][gc,phases,start] GC(1678) Forward
[512.020s][info][gc,phases      ] GC(1678) Forward 88.201ms
[512.020s][info][gc,phases,start] GC(1678) Adjust Pointers
[512.195s][info][gc,phases      ] GC(1678) Adjust Pointers 175.515ms
[512.195s][info][gc,phases,start] GC(1678) Compaction Phase
[512.311s][info][gc,phases      ] GC(1678) Compaction Phase 115.546ms
[512.320s][info][gc,phases,start] GC(1678) Post Compact
[512.322s][info][gc,phases      ] GC(1678) Post Compact 2.284ms
[512.326s][info][gc,heap        ] GC(1678) PSYoungGen: 152672K(153088K)->0K(221696K) Eden: 111616K(111616K)->0K(111616K) From: 41056K(41472K)->0K(110080K)
[512.326s][info][gc,heap        ] GC(1678) ParOldGen: 634512K(667648K)->325784K(616448K)
[512.326s][info][gc,metaspace   ] GC(1678) Metaspace: 18923K(19072K)->18923K(19072K) NonClass: 17094K(17216K)->17094K(17216K) Class: 1829K(1856K)->1829K(1856K)
[512.326s][info][gc             ] GC(1678) Pause Full (Allocation Failure) 768M->318M(818M) 616.215ms
[512.326s][info][gc,cpu         ] GC(1678) User=1.10s Sys=0.00s Real=0.62s
[512.500s][info][gc,start       ] GC(1679) Pause Young (Allocation Failure)
[512.515s][info][gc,heap        ] GC(1679) PSYoungGen: 111616K(221696K)->13920K(221696K) Eden: 111616K(111616K)->0K(111616K) From: 0K(110080K)->13920K(110080K)
[512.515s][info][gc,heap        ] GC(1679) ParOldGen: 325784K(616448K)->325784K(616448K)
[512.515s][info][gc,metaspace   ] GC(1679) Metaspace: 18923K(19072K)->18923K(19072K) NonClass: 17094K(17216K)->17094K(17216K) Class: 1829K(1856K)->1829K(1856K)
[512.515s][info][gc             ] GC(1679) Pause Young (Allocation Failure) 427M->331M(818M) 15.754ms
[512.515s][info][gc,cpu         ] GC(1679) User=0.04s Sys=0.00s Real=0.01s
[512.573s][info][gc,start       ] GC(1680) Pause Young (Allocation Failure)
[512.614s][info][gc,heap        ] GC(1680) PSYoungGen: 125536K(221696K)->55248K(216576K) Eden: 111616K(111616K)->0K(112640K) From: 13920K(110080K)->55248K(103936K)
[512.614s][info][gc,heap        ] GC(1680) ParOldGen: 325784K(616448K)->325784K(616448K)
[512.614s][info][gc,metaspace   ] GC(1680) Metaspace: 18923K(19072K)->18923K(19072K) NonClass: 17094K(17216K)->17094K(17216K) Class: 1829K(1856K)->1829K(1856K)
[512.614s][info][gc             ] GC(1680) Pause Young (Allocation Failure) 440M->372M(813M) 41.551ms
[512.614s][info][gc,cpu         ] GC(1680) User=0.08s Sys=0.00s Real=0.04s
[512.772s][info][gc,start       ] GC(1681) Pause Young (Allocation Failure)
[512.816s][info][gc,heap        ] GC(1681) PSYoungGen: 167888K(216576K)->74064K(219648K) Eden: 112640K(112640K)->0K(112640K) From: 55248K(103936K)->74064K(107008K)
[512.816s][info][gc,heap        ] GC(1681) ParOldGen: 325784K(616448K)->325784K(616448K)
[512.816s][info][gc,metaspace   ] GC(1681) Metaspace: 18923K(19072K)->18923K(19072K) NonClass: 17094K(17216K)->17094K(17216K) Class: 1829K(1856K)->1829K(1856K)
[512.816s][info][gc             ] GC(1681) Pause Young (Allocation Failure) 482M->390M(816M) 44.488ms
[512.816s][info][gc,cpu         ] GC(1681) User=0.09s Sys=0.00s Real=0.04s
[512.900s][info][gc,start       ] GC(1682) Pause Young (Allocation Failure)
[512.945s][info][gc,heap        ] GC(1682) PSYoungGen: 186704K(219648K)->76272K(221696K) Eden: 112640K(112640K)->0K(111616K) From: 74064K(107008K)->76272K(110080K)
[512.945s][info][gc,heap        ] GC(1682) ParOldGen: 325784K(616448K)->325784K(616448K)
[512.945s][info][gc,metaspace   ] GC(1682) Metaspace: 18923K(19072K)->18923K(19072K) NonClass: 17094K(17216K)->17094K(17216K) Class: 1829K(1856K)->1829K(1856K)
[512.945s][info][gc             ] GC(1682) Pause Young (Allocation Failure) 500M->392M(818M) 45.429ms
[512.945s][info][gc,cpu         ] GC(1682) User=0.09s Sys=0.00s Real=0.04s
[513.063s][info][gc,start       ] GC(1683) Pause Young (Allocation Failure)
[513.159s][info][gc,heap        ] GC(1683) PSYoungGen: 187888K(221696K)->111088K(222720K) Eden: 111616K(111616K)->0K(111616K) From: 76272K(110080K)->111088K(111104K)
[513.159s][info][gc,heap        ] GC(1683) ParOldGen: 325784K(616448K)->335225K(616448K)
[513.159s][info][gc,metaspace   ] GC(1683) Metaspace: 18923K(19072K)->18923K(19072K) NonClass: 17094K(17216K)->17094K(17216K) Class: 1829K(1856K)->1829K(1856K)
[513.159s][info][gc             ] GC(1683) Pause Young (Allocation Failure) 501M->435M(819M) 95.340ms
[513.159s][info][gc,cpu         ] GC(1683) User=0.19s Sys=0.00s Real=0.10s
[513.209s][info][gc,start       ] GC(1684) Pause Young (Allocation Failure)
[513.330s][info][gc,heap        ] GC(1684) PSYoungGen: 222704K(222720K)->111072K(222720K) Eden: 111616K(111616K)->0K(111616K) From: 111088K(111104K)->111072K(111104K)
[513.330s][info][gc,heap        ] GC(1684) ParOldGen: 335225K(616448K)->374761K(616448K)
[513.330s][info][gc,metaspace   ] GC(1684) Metaspace: 18923K(19072K)->18923K(19072K) NonClass: 17094K(17216K)->17094K(17216K) Class: 1829K(1856K)->1829K(1856K)
[513.330s][info][gc             ] GC(1684) Pause Young (Allocation Failure) 544M->474M(819M) 120.828ms
[513.330s][info][gc,cpu         ] GC(1684) User=0.22s Sys=0.01s Real=0.12s
[513.474s][info][gc,start       ] GC(1685) Pause Young (Allocation Failure)
[513.579s][info][gc,heap        ] GC(1685) PSYoungGen: 222688K(222720K)->111088K(222720K) Eden: 111616K(111616K)->0K(111616K) From: 111072K(111104K)->111088K(111104K)
[513.580s][info][gc,heap        ] GC(1685) ParOldGen: 374761K(616448K)->384713K(616448K)
[513.580s][info][gc,metaspace   ] GC(1685) Metaspace: 18923K(19072K)->18923K(19072K) NonClass: 17094K(17216K)->17094K(17216K) Class: 1829K(1856K)->1829K(1856K)
[513.580s][info][gc             ] GC(1685) Pause Young (Allocation Failure) 583M->484M(819M) 105.077ms
[513.580s][info][gc,cpu         ] GC(1685) User=0.21s Sys=0.00s Real=0.11s
[513.663s][info][gc,start       ] GC(1686) Pause Young (Allocation Failure)
[513.772s][info][gc,heap        ] GC(1686) PSYoungGen: 222704K(222720K)->111072K(222720K) Eden: 111616K(111616K)->0K(111616K) From: 111088K(111104K)->111072K(111104K)
[513.772s][info][gc,heap        ] GC(1686) ParOldGen: 384713K(616448K)->386793K(616448K)
[513.772s][info][gc,metaspace   ] GC(1686) Metaspace: 18923K(19072K)->18923K(19072K) NonClass: 17094K(17216K)->17094K(17216K) Class: 1829K(1856K)->1829K(1856K)
[513.772s][info][gc             ] GC(1686) Pause Young (Allocation Failure) 593M->486M(819M) 109.497ms
[513.772s][info][gc,cpu         ] GC(1686) User=0.22s Sys=0.00s Real=0.11s
[513.916s][info][gc,start       ] GC(1687) Pause Young (Allocation Failure)
[514.038s][info][gc,heap        ] GC(1687) PSYoungGen: 222688K(222720K)->74896K(222720K) Eden: 111616K(111616K)->0K(111616K) From: 111072K(111104K)->74896K(111104K)
[514.038s][info][gc,heap        ] GC(1687) ParOldGen: 386793K(616448K)->442508K(616448K)
[514.038s][info][gc,metaspace   ] GC(1687) Metaspace: 18923K(19072K)->18923K(19072K) NonClass: 17094K(17216K)->17094K(17216K) Class: 1829K(1856K)->1829K(1856K)
[514.038s][info][gc             ] GC(1687) Pause Young (Allocation Failure) 595M->505M(819M) 122.868ms
[514.039s][info][gc,cpu         ] GC(1687) User=0.25s Sys=0.00s Real=0.13s
[514.178s][info][gc,start       ] GC(1688) Pause Young (Allocation Failure)
[514.272s][info][gc,heap        ] GC(1688) PSYoungGen: 186512K(222720K)->53984K(222720K) Eden: 111616K(111616K)->0K(111616K) From: 74896K(111104K)->53984K(111104K)
[514.272s][info][gc,heap        ] GC(1688) ParOldGen: 442508K(616448K)->463579K(616448K)
[514.272s][info][gc,metaspace   ] GC(1688) Metaspace: 18923K(19072K)->18923K(19072K) NonClass: 17094K(17216K)->17094K(17216K) Class: 1829K(1856K)->1829K(1856K)
[514.272s][info][gc             ] GC(1688) Pause Young (Allocation Failure) 614M->505M(819M) 94.030ms
[514.272s][info][gc,cpu         ] GC(1688) User=0.19s Sys=0.00s Real=0.09s
[514.410s][info][gc,start       ] GC(1689) Pause Young (Allocation Failure)
[514.485s][info][gc,heap        ] GC(1689) PSYoungGen: 165600K(222720K)->28480K(222720K) Eden: 111616K(111616K)->0K(111616K) From: 53984K(111104K)->28480K(111104K)
[514.486s][info][gc,heap        ] GC(1689) ParOldGen: 463579K(616448K)->489203K(616448K)
[514.486s][info][gc,metaspace   ] GC(1689) Metaspace: 18923K(19072K)->18923K(19072K) NonClass: 17094K(17216K)->17094K(17216K) Class: 1829K(1856K)->1829K(1856K)
[514.486s][info][gc             ] GC(1689) Pause Young (Allocation Failure) 614M->505M(819M) 75.203ms
[514.486s][info][gc,cpu         ] GC(1689) User=0.14s Sys=0.01s Real=0.07s
[514.627s][info][gc,start       ] GC(1690) Pause Young (Allocation Failure)
[514.663s][info][gc,heap        ] GC(1690) PSYoungGen: 140096K(222720K)->18848K(222720K) Eden: 111616K(111616K)->0K(111616K) From: 28480K(111104K)->18848K(111104K)
[514.663s][info][gc,heap        ] GC(1690) ParOldGen: 489203K(616448K)->498915K(616448K)
[514.663s][info][gc,metaspace   ] GC(1690) Metaspace: 18923K(19072K)->18923K(19072K) NonClass: 17094K(17216K)->17094K(17216K) Class: 1829K(1856K)->1829K(1856K)
[514.663s][info][gc             ] GC(1690) Pause Young (Allocation Failure) 614M->505M(819M) 36.290ms
[514.663s][info][gc,cpu         ] GC(1690) User=0.08s Sys=0.00s Real=0.03s
[514.801s][info][gc,start       ] GC(1691) Pause Young (Allocation Failure)
[514.829s][info][gc,heap        ] GC(1691) PSYoungGen: 130464K(222720K)->32K(222720K) Eden: 111616K(111616K)->0K(111616K) From: 18848K(111104K)->32K(111104K)
[514.829s][info][gc,heap        ] GC(1691) ParOldGen: 498915K(616448K)->517771K(616448K)
[514.829s][info][gc,metaspace   ] GC(1691) Metaspace: 18923K(19072K)->18923K(19072K) NonClass: 17094K(17216K)->17094K(17216K) Class: 1829K(1856K)->1829K(1856K)
[514.829s][info][gc             ] GC(1691) Pause Young (Allocation Failure) 614M->505M(819M) 28.060ms
[514.829s][info][gc,cpu         ] GC(1691) User=0.06s Sys=0.00s Real=0.03s
[514.969s][info][gc,start       ] GC(1692) Pause Young (Allocation Failure)
[514.971s][info][gc,heap        ] GC(1692) PSYoungGen: 111648K(222720K)->64K(222720K) Eden: 111616K(111616K)->0K(111616K) From: 32K(111104K)->64K(111104K)
[514.971s][info][gc,heap        ] GC(1692) ParOldGen: 517771K(616448K)->517771K(616448K)
[514.971s][info][gc,metaspace   ] GC(1692) Metaspace: 18923K(19072K)->18923K(19072K) NonClass: 17094K(17216K)->17094K(17216K) Class: 1829K(1856K)->1829K(1856K)
[514.971s][info][gc             ] GC(1692) Pause Young (Allocation Failure) 614M->505M(819M) 1.692ms
[514.971s][info][gc,cpu         ] GC(1692) User=0.01s Sys=0.00s Real=0.00s
[515.108s][info][gc,start       ] GC(1693) Pause Young (Allocation Failure)
[515.110s][info][gc,heap        ] GC(1693) PSYoungGen: 111680K(222720K)->64K(222720K) Eden: 111616K(111616K)->0K(111616K) From: 64K(111104K)->64K(111104K)
[515.110s][info][gc,heap        ] GC(1693) ParOldGen: 517771K(616448K)->517771K(616448K)
[515.110s][info][gc,metaspace   ] GC(1693) Metaspace: 18923K(19072K)->18923K(19072K) NonClass: 17094K(17216K)->17094K(17216K) Class: 1829K(1856K)->1829K(1856K)
[515.110s][info][gc             ] GC(1693) Pause Young (Allocation Failure) 614M->505M(819M) 1.730ms
[515.110s][info][gc,cpu         ] GC(1693) User=0.00s Sys=0.00s Real=0.00s
[515.249s][info][gc,start       ] GC(1694) Pause Young (Allocation Failure)
[515.250s][info][gc,heap        ] GC(1694) PSYoungGen: 111680K(222720K)->64K(222720K) Eden: 111616K(111616K)->0K(111616K) From: 64K(111104K)->64K(111104K)
[515.250s][info][gc,heap        ] GC(1694) ParOldGen: 517771K(616448K)->517771K(616448K)
[515.250s][info][gc,metaspace   ] GC(1694) Metaspace: 18923K(19072K)->18923K(19072K) NonClass: 17094K(17216K)->17094K(17216K) Class: 1829K(1856K)->1829K(1856K)
[515.250s][info][gc             ] GC(1694) Pause Young (Allocation Failure) 614M->505M(819M) 1.683ms
[515.251s][info][gc,cpu         ] GC(1694) User=0.00s Sys=0.00s Real=0.00s
[515.387s][info][gc,start       ] GC(1695) Pause Young (Allocation Failure)
[515.389s][info][gc,heap        ] GC(1695) PSYoungGen: 111680K(222720K)->64K(222720K) Eden: 111616K(111616K)->0K(111616K) From: 64K(111104K)->64K(111104K)
[515.389s][info][gc,heap        ] GC(1695) ParOldGen: 517771K(616448K)->517771K(616448K)
[515.389s][info][gc,metaspace   ] GC(1695) Metaspace: 18923K(19072K)->18923K(19072K) NonClass: 17094K(17216K)->17094K(17216K) Class: 1829K(1856K)->1829K(1856K)
[515.389s][info][gc             ] GC(1695) Pause Young (Allocation Failure) 614M->505M(819M) 1.696ms
[515.389s][info][gc,cpu         ] GC(1695) User=0.01s Sys=0.00s Real=0.00s
[515.528s][info][gc,start       ] GC(1696) Pause Young (Allocation Failure)
[515.529s][info][gc,heap        ] GC(1696) PSYoungGen: 111680K(222720K)->64K(222720K) Eden: 111616K(111616K)->0K(111616K) From: 64K(111104K)->64K(111104K)
[515.529s][info][gc,heap        ] GC(1696) ParOldGen: 517771K(616448K)->517771K(616448K)
[515.529s][info][gc,metaspace   ] GC(1696) Metaspace: 18923K(19072K)->18923K(19072K) NonClass: 17094K(17216K)->17094K(17216K) Class: 1829K(1856K)->1829K(1856K)
[515.529s][info][gc             ] GC(1696) Pause Young (Allocation Failure) 614M->505M(819M) 1.696ms
[515.530s][info][gc,cpu         ] GC(1696) User=0.01s Sys=0.00s Real=0.00s
[515.665s][info][gc,start       ] GC(1697) Pause Young (Allocation Failure)
[515.667s][info][gc,heap        ] GC(1697) PSYoungGen: 111680K(222720K)->64K(222720K) Eden: 111616K(111616K)->0K(111616K) From: 64K(111104K)->64K(111104K)
[515.667s][info][gc,heap        ] GC(1697) ParOldGen: 517771K(616448K)->517771K(616448K)
[515.667s][info][gc,metaspace   ] GC(1697) Metaspace: 18923K(19072K)->18923K(19072K) NonClass: 17094K(17216K)->17094K(17216K) Class: 1829K(1856K)->1829K(1856K)
[515.667s][info][gc             ] GC(1697) Pause Young (Allocation Failure) 614M->505M(819M) 1.709ms
[515.667s][info][gc,cpu         ] GC(1697) User=0.00s Sys=0.00s Real=0.01s
[515.788s][info][gc,start       ] GC(1698) Pause Young (Allocation Failure)
[515.801s][info][gc,heap        ] GC(1698) PSYoungGen: 111680K(222720K)->10976K(222720K) Eden: 111616K(111616K)->0K(111616K) From: 64K(111104K)->10976K(111104K)
[515.801s][info][gc,heap        ] GC(1698) ParOldGen: 517771K(616448K)->517771K(616448K)
[515.801s][info][gc,metaspace   ] GC(1698) Metaspace: 18923K(19072K)->18923K(19072K) NonClass: 17094K(17216K)->17094K(17216K) Class: 1829K(1856K)->1829K(1856K)
[515.801s][info][gc             ] GC(1698) Pause Young (Allocation Failure) 614M->516M(819M) 13.596ms
[515.801s][info][gc,cpu         ] GC(1698) User=0.02s Sys=0.00s Real=0.01s
[515.901s][info][gc,start       ] GC(1699) Pause Young (Allocation Failure)
[515.926s][info][gc,heap        ] GC(1699) PSYoungGen: 122592K(222720K)->12544K(222720K) Eden: 111616K(111616K)->0K(111616K) From: 10976K(111104K)->12544K(111104K)
[515.926s][info][gc,heap        ] GC(1699) ParOldGen: 517771K(616448K)->528827K(616448K)
[515.926s][info][gc,metaspace   ] GC(1699) Metaspace: 18923K(19072K)->18923K(19072K) NonClass: 17094K(17216K)->17094K(17216K) Class: 1829K(1856K)->1829K(1856K)
[515.926s][info][gc             ] GC(1699) Pause Young (Allocation Failure) 625M->528M(819M) 25.671ms
[515.926s][info][gc,cpu         ] GC(1699) User=0.05s Sys=0.00s Real=0.03s
[516.033s][info][gc,start       ] GC(1700) Pause Young (Allocation Failure)
[516.061s][info][gc,heap        ] GC(1700) PSYoungGen: 124160K(222720K)->12800K(222720K) Eden: 111616K(111616K)->0K(111616K) From: 12544K(111104K)->12800K(111104K)
[516.061s][info][gc,heap        ] GC(1700) ParOldGen: 528827K(616448K)->541379K(616448K)
[516.061s][info][gc,metaspace   ] GC(1700) Metaspace: 18923K(19072K)->18923K(19072K) NonClass: 17094K(17216K)->17094K(17216K) Class: 1829K(1856K)->1829K(1856K)
[516.061s][info][gc             ] GC(1700) Pause Young (Allocation Failure) 637M->541M(819M) 28.184ms
[516.061s][info][gc,cpu         ] GC(1700) User=0.06s Sys=0.00s Real=0.03s
[516.124s][info][gc,start       ] GC(1701) Pause Young (Allocation Failure)
[516.140s][info][gc,heap        ] GC(1701) PSYoungGen: 124416K(222720K)->1664K(222720K) Eden: 111616K(111616K)->0K(111616K) From: 12800K(111104K)->1664K(111104K)
[516.140s][info][gc,heap        ] GC(1701) ParOldGen: 541379K(616448K)->554211K(616448K)
[516.140s][info][gc,metaspace   ] GC(1701) Metaspace: 18923K(19072K)->18923K(19072K) NonClass: 17094K(17216K)->17094K(17216K) Class: 1829K(1856K)->1829K(1856K)
[516.140s][info][gc             ] GC(1701) Pause Young (Allocation Failure) 650M->542M(819M) 15.924ms
[516.140s][info][gc,cpu         ] GC(1701) User=0.03s Sys=0.00s Real=0.02s
[516.237s][info][gc,start       ] GC(1702) Pause Young (Allocation Failure)
[516.245s][info][gc,heap        ] GC(1702) PSYoungGen: 113280K(222720K)->1216K(220672K) Eden: 111616K(111616K)->0K(111616K) From: 1664K(111104K)->1216K(109056K)
[516.245s][info][gc,heap        ] GC(1702) ParOldGen: 554211K(616448K)->555875K(616448K)
[516.245s][info][gc,metaspace   ] GC(1702) Metaspace: 18923K(19072K)->18923K(19072K) NonClass: 17094K(17216K)->17094K(17216K) Class: 1829K(1856K)->1829K(1856K)
[516.245s][info][gc             ] GC(1702) Pause Young (Allocation Failure) 651M->544M(817M) 8.380ms
[516.245s][info][gc,cpu         ] GC(1702) User=0.02s Sys=0.00s Real=0.00s
[516.324s][info][gc,start       ] GC(1703) Pause Young (Allocation Failure)
[516.345s][info][gc,heap        ] GC(1703) PSYoungGen: 112832K(220672K)->13600K(125440K) Eden: 111616K(111616K)->0K(111616K) From: 1216K(109056K)->13600K(13824K)
[516.345s][info][gc,heap        ] GC(1703) ParOldGen: 555875K(616448K)->555875K(616448K)
[516.345s][info][gc,metaspace   ] GC(1703) Metaspace: 18923K(19072K)->18923K(19072K) NonClass: 17094K(17216K)->17094K(17216K) Class: 1829K(1856K)->1829K(1856K)
[516.345s][info][gc             ] GC(1703) Pause Young (Allocation Failure) 653M->556M(724M) 20.533ms
[516.345s][info][gc,cpu         ] GC(1703) User=0.04s Sys=0.00s Real=0.02s
[516.418s][info][gc,start       ] GC(1704) Pause Young (Allocation Failure)
[516.448s][info][gc,heap        ] GC(1704) PSYoungGen: 125216K(125440K)->27072K(213504K) Eden: 111616K(111616K)->0K(118784K) From: 13600K(13824K)->27072K(94720K)
[516.448s][info][gc,heap        ] GC(1704) ParOldGen: 555875K(616448K)->555875K(616448K)
[516.448s][info][gc,metaspace   ] GC(1704) Metaspace: 18923K(19072K)->18923K(19072K) NonClass: 17094K(17216K)->17094K(17216K) Class: 1829K(1856K)->1829K(1856K)
[516.448s][info][gc             ] GC(1704) Pause Young (Allocation Failure) 665M->569M(810M) 30.296ms
[516.449s][info][gc,cpu         ] GC(1704) User=0.06s Sys=0.00s Real=0.03s
[516.522s][info][gc,start       ] GC(1705) Pause Young (Allocation Failure)
[516.561s][info][gc,heap        ] GC(1705) PSYoungGen: 145856K(213504K)->38720K(215552K) Eden: 118784K(118784K)->0K(118784K) From: 27072K(94720K)->38720K(96768K)
[516.561s][info][gc,heap        ] GC(1705) ParOldGen: 555875K(616448K)->555875K(616448K)
[516.561s][info][gc,metaspace   ] GC(1705) Metaspace: 18923K(19072K)->18923K(19072K) NonClass: 17094K(17216K)->17094K(17216K) Class: 1829K(1856K)->1829K(1856K)
[516.561s][info][gc             ] GC(1705) Pause Young (Allocation Failure) 685M->580M(812M) 39.622ms
[516.561s][info][gc,cpu         ] GC(1705) User=0.08s Sys=0.00s Real=0.04s
[516.641s][info][gc,start       ] GC(1706) Pause Young (Allocation Failure)
[516.692s][info][gc,heap        ] GC(1706) PSYoungGen: 157504K(215552K)->51552K(220160K) Eden: 118784K(118784K)->0K(124416K) From: 38720K(96768K)->51552K(95744K)
[516.692s][info][gc,heap        ] GC(1706) ParOldGen: 555875K(616448K)->555875K(616448K)
[516.692s][info][gc,metaspace   ] GC(1706) Metaspace: 18923K(19072K)->18923K(19072K) NonClass: 17094K(17216K)->17094K(17216K) Class: 1829K(1856K)->1829K(1856K)
[516.692s][info][gc             ] GC(1706) Pause Young (Allocation Failure) 696M->593M(817M) 51.430ms
[516.692s][info][gc,cpu         ] GC(1706) User=0.10s Sys=0.00s Real=0.05s
[516.784s][info][gc,start       ] GC(1707) Pause Young (Allocation Failure)
[516.838s][info][gc,heap        ] GC(1707) PSYoungGen: 175968K(220160K)->54224K(223232K) Eden: 124416K(124416K)->0K(124416K) From: 51552K(95744K)->54224K(98816K)
[516.838s][info][gc,heap        ] GC(1707) ParOldGen: 555875K(616448K)->555875K(616448K)
[516.838s][info][gc,metaspace   ] GC(1707) Metaspace: 18923K(19072K)->18923K(19072K) NonClass: 17094K(17216K)->17094K(17216K) Class: 1829K(1856K)->1829K(1856K)
[516.838s][info][gc             ] GC(1707) Pause Young (Allocation Failure) 714M->595M(820M) 53.637ms
[516.838s][info][gc,cpu         ] GC(1707) User=0.11s Sys=0.00s Real=0.06s
[516.909s][info][gc,start       ] GC(1708) Pause Young (Allocation Failure)
[516.980s][info][gc,heap        ] GC(1708) PSYoungGen: 178640K(223232K)->69392K(216576K) Eden: 124416K(124416K)->0K(114688K) From: 54224K(98816K)->69392K(101888K)
[516.980s][info][gc,heap        ] GC(1708) ParOldGen: 555875K(616448K)->555875K(616448K)
[516.980s][info][gc,metaspace   ] GC(1708) Metaspace: 18923K(19072K)->18923K(19072K) NonClass: 17094K(17216K)->17094K(17216K) Class: 1829K(1856K)->1829K(1856K)
[516.980s][info][gc             ] GC(1708) Pause Young (Allocation Failure) 717M->610M(813M) 70.938ms
[516.980s][info][gc,cpu         ] GC(1708) User=0.14s Sys=0.00s Real=0.07s
[517.093s][info][gc,start       ] GC(1709) Pause Young (Allocation Failure)
[517.166s][info][gc,heap        ] GC(1709) PSYoungGen: 184080K(216576K)->73024K(187904K) Eden: 114688K(114688K)->0K(114688K) From: 69392K(101888K)->73024K(73216K)
[517.166s][info][gc,heap        ] GC(1709) ParOldGen: 555875K(616448K)->555875K(616448K)
[517.166s][info][gc,metaspace   ] GC(1709) Metaspace: 18923K(19072K)->18923K(19072K) NonClass: 17094K(17216K)->17094K(17216K) Class: 1829K(1856K)->1829K(1856K)
[517.166s][info][gc             ] GC(1709) Pause Young (Allocation Failure) 722M->614M(785M) 73.719ms
[517.166s][info][gc,cpu         ] GC(1709) User=0.14s Sys=0.00s Real=0.08s
[517.304s][info][gc,start       ] GC(1710) Pause Young (Allocation Failure)
[517.385s][info][gc,heap        ] GC(1710) PSYoungGen: 187712K(187904K)->59680K(222720K) Eden: 114688K(114688K)->0K(111616K) From: 73024K(73216K)->59680K(111104K)
[517.385s][info][gc,heap        ] GC(1710) ParOldGen: 555875K(616448K)->569555K(616448K)
[517.385s][info][gc,metaspace   ] GC(1710) Metaspace: 18923K(19072K)->18923K(19072K) NonClass: 17094K(17216K)->17094K(17216K) Class: 1829K(1856K)->1829K(1856K)
[517.385s][info][gc             ] GC(1710) Pause Young (Allocation Failure) 726M->614M(819M) 81.090ms
[517.385s][info][gc,cpu         ] GC(1710) User=0.16s Sys=0.00s Real=0.08s
[517.564s][info][gc,start       ] GC(1711) Pause Young (Allocation Failure)
[517.645s][info][gc,heap        ] GC(1711) PSYoungGen: 171296K(222720K)->58496K(222720K) Eden: 111616K(111616K)->0K(111616K) From: 59680K(111104K)->58496K(111104K)
[517.645s][info][gc,heap        ] GC(1711) ParOldGen: 569555K(616448K)->594755K(616448K)
[517.645s][info][gc,metaspace   ] GC(1711) Metaspace: 18923K(19072K)->18923K(19072K) NonClass: 17094K(17216K)->17094K(17216K) Class: 1829K(1856K)->1829K(1856K)
[517.645s][info][gc             ] GC(1711) Pause Young (Allocation Failure) 723M->637M(819M) 80.902ms
[517.645s][info][gc,cpu         ] GC(1711) User=0.16s Sys=0.00s Real=0.08s
[517.928s][info][gc,start       ] GC(1712) Pause Young (Allocation Failure)
[517.989s][info][gc,heap        ] GC(1712) PSYoungGen: 170112K(222720K)->44096K(220672K) Eden: 111616K(111616K)->0K(111616K) From: 58496K(111104K)->44096K(109056K)
[517.989s][info][gc,heap        ] GC(1712) ParOldGen: 594755K(616448K)->610316K(616448K)
[517.989s][info][gc,metaspace   ] GC(1712) Metaspace: 18923K(19072K)->18923K(19072K) NonClass: 17094K(17216K)->17094K(17216K) Class: 1829K(1856K)->1829K(1856K)
[517.989s][info][gc             ] GC(1712) Pause Young (Allocation Failure) 746M->639M(817M) 61.167ms
[517.989s][info][gc,cpu         ] GC(1712) User=0.12s Sys=0.00s Real=0.06s
[518.302s][info][gc,start       ] GC(1713) Pause Young (Allocation Failure)
[518.345s][info][gc,heap        ] GC(1713) PSYoungGen: 155712K(220672K)->44144K(156160K) Eden: 111616K(111616K)->0K(111616K) From: 44096K(109056K)->44144K(44544K)
[518.345s][info][gc,heap        ] GC(1713) ParOldGen: 610316K(616448K)->610316K(616448K)
[518.345s][info][gc,metaspace   ] GC(1713) Metaspace: 18923K(19072K)->18923K(19072K) NonClass: 17094K(17216K)->17094K(17216K) Class: 1829K(1856K)->1829K(1856K)
[518.345s][info][gc             ] GC(1713) Pause Young (Allocation Failure) 748M->639M(754M) 43.802ms
[518.345s][info][gc,cpu         ] GC(1713) User=0.09s Sys=0.00s Real=0.04s
[518.632s][info][gc,start       ] GC(1714) Pause Young (Allocation Failure)
[518.676s][info][gc,heap        ] GC(1714) PSYoungGen: 155760K(156160K)->44160K(219136K) Eden: 111616K(111616K)->0K(119808K) From: 44144K(44544K)->44160K(99328K)
[518.676s][info][gc,heap        ] GC(1714) ParOldGen: 610316K(616448K)->610316K(616448K)
[518.676s][info][gc,metaspace   ] GC(1714) Metaspace: 18923K(19072K)->18923K(19072K) NonClass: 17094K(17216K)->17094K(17216K) Class: 1829K(1856K)->1829K(1856K)
[518.676s][info][gc             ] GC(1714) Pause Young (Allocation Failure) 748M->639M(816M) 44.215ms
[518.676s][info][gc,cpu         ] GC(1714) User=0.09s Sys=0.00s Real=0.04s
[518.954s][info][gc,start       ] GC(1715) Pause Young (Allocation Failure)
[519.001s][info][gc,heap        ] GC(1715) PSYoungGen: 163968K(219136K)->44160K(219136K) Eden: 119808K(119808K)->0K(119808K) From: 44160K(99328K)->44160K(99328K)
[519.001s][info][gc,heap        ] GC(1715) ParOldGen: 610316K(616448K)->610316K(616448K)
[519.001s][info][gc,metaspace   ] GC(1715) Metaspace: 18923K(19072K)->18923K(19072K) NonClass: 17094K(17216K)->17094K(17216K) Class: 1829K(1856K)->1829K(1856K)
[519.001s][info][gc             ] GC(1715) Pause Young (Allocation Failure) 756M->639M(816M) 46.951ms
[519.001s][info][gc,cpu         ] GC(1715) User=0.09s Sys=0.00s Real=0.05s
[519.281s][info][gc,start       ] GC(1716) Pause Young (Allocation Failure)
[519.327s][info][gc,heap        ] GC(1716) PSYoungGen: 163968K(219136K)->44160K(211968K) Eden: 119808K(119808K)->0K(127488K) From: 44160K(99328K)->44160K(84480K)
[519.327s][info][gc,heap        ] GC(1716) ParOldGen: 610316K(616448K)->610316K(616448K)
[519.327s][info][gc,metaspace   ] GC(1716) Metaspace: 18923K(19072K)->18923K(19072K) NonClass: 17094K(17216K)->17094K(17216K) Class: 1829K(1856K)->1829K(1856K)
[519.327s][info][gc             ] GC(1716) Pause Young (Allocation Failure) 756M->639M(809M) 45.839ms
[519.327s][info][gc,cpu         ] GC(1716) User=0.09s Sys=0.00s Real=0.05s
[519.619s][info][gc,start       ] GC(1717) Pause Young (Allocation Failure)
[519.664s][info][gc,heap        ] GC(1717) PSYoungGen: 171648K(211968K)->44176K(217088K) Eden: 127488K(127488K)->0K(127488K) From: 44160K(84480K)->44176K(89600K)
[519.664s][info][gc,heap        ] GC(1717) ParOldGen: 610316K(616448K)->610316K(616448K)
[519.664s][info][gc,metaspace   ] GC(1717) Metaspace: 18923K(19072K)->18923K(19072K) NonClass: 17094K(17216K)->17094K(17216K) Class: 1829K(1856K)->1829K(1856K)
[519.664s][info][gc             ] GC(1717) Pause Young (Allocation Failure) 763M->639M(814M) 45.073ms
[519.664s][info][gc,cpu         ] GC(1717) User=0.09s Sys=0.00s Real=0.04s
[519.951s][info][gc,start       ] GC(1718) Pause Young (Allocation Failure)
[519.997s][info][gc,heap        ] GC(1718) PSYoungGen: 171664K(217088K)->44192K(213504K) Eden: 127488K(127488K)->0K(135168K) From: 44176K(89600K)->44192K(78336K)
[519.997s][info][gc,heap        ] GC(1718) ParOldGen: 610316K(616448K)->610316K(616448K)
[519.997s][info][gc,metaspace   ] GC(1718) Metaspace: 18923K(19072K)->18923K(19072K) NonClass: 17094K(17216K)->17094K(17216K) Class: 1829K(1856K)->1829K(1856K)
[519.997s][info][gc             ] GC(1718) Pause Young (Allocation Failure) 763M->639M(810M) 45.998ms
[519.997s][info][gc,cpu         ] GC(1718) User=0.09s Sys=0.00s Real=0.05s
[520.320s][info][gc,start       ] GC(1719) Pause Young (Allocation Failure)
[520.364s][info][gc,heap        ] GC(1719) PSYoungGen: 179360K(213504K)->44352K(217088K) Eden: 135168K(135168K)->0K(135168K) From: 44192K(78336K)->44352K(81920K)
[520.364s][info][gc,heap        ] GC(1719) ParOldGen: 610316K(616448K)->610316K(616448K)
[520.364s][info][gc,metaspace   ] GC(1719) Metaspace: 18923K(19072K)->18923K(19072K) NonClass: 17094K(17216K)->17094K(17216K) Class: 1829K(1856K)->1829K(1856K)
[520.364s][info][gc             ] GC(1719) Pause Young (Allocation Failure) 771M->639M(814M) 44.539ms
[520.364s][info][gc,cpu         ] GC(1719) User=0.08s Sys=0.00s Real=0.04s
[520.619s][info][gc,start       ] GC(1720) Pause Young (Allocation Failure)
[520.671s][info][gc,heap        ] GC(1720) PSYoungGen: 179520K(217088K)->56192K(220672K) Eden: 135168K(135168K)->0K(141824K) From: 44352K(81920K)->56192K(78848K)
[520.671s][info][gc,heap        ] GC(1720) ParOldGen: 610316K(616448K)->610316K(616448K)
[520.671s][info][gc,metaspace   ] GC(1720) Metaspace: 18923K(19072K)->18923K(19072K) NonClass: 17094K(17216K)->17094K(17216K) Class: 1829K(1856K)->1829K(1856K)
[520.671s][info][gc             ] GC(1720) Pause Young (Allocation Failure) 771M->650M(817M) 52.381ms
[520.671s][info][gc,cpu         ] GC(1720) User=0.10s Sys=0.00s Real=0.05s
[520.743s][info][gc,start       ] GC(1721) Pause Young (Allocation Failure)
[520.847s][info][gc,heap        ] GC(1721) PSYoungGen: 198016K(220672K)->79856K(221696K) Eden: 141824K(141824K)->0K(141824K) From: 56192K(78848K)->79856K(79872K)
[520.847s][info][gc,heap        ] GC(1721) ParOldGen: 610316K(616448K)->639756K(640000K)
[520.847s][info][gc,metaspace   ] GC(1721) Metaspace: 18923K(19072K)->18923K(19072K) NonClass: 17094K(17216K)->17094K(17216K) Class: 1829K(1856K)->1829K(1856K)
[520.847s][info][gc             ] GC(1721) Pause Young (Allocation Failure) 789M->702M(841M) 103.698ms
[520.847s][info][gc,cpu         ] GC(1721) User=0.19s Sys=0.02s Real=0.11s
[521.022s][info][gc,start       ] GC(1722) Pause Full (Allocation Failure)
[521.022s][info][gc,phases,start] GC(1722) Marking Phase
[521.328s][info][gc,phases      ] GC(1722) Marking Phase 305.782ms
[521.328s][info][gc,phases,start] GC(1722) Summary Phase
[521.328s][info][gc,phases      ] GC(1722) Summary Phase 0.030ms
[521.328s][info][gc,phases,start] GC(1722) Forward
[521.444s][info][gc,phases      ] GC(1722) Forward 115.847ms
[521.444s][info][gc,phases,start] GC(1722) Adjust Pointers
[521.687s][info][gc,phases      ] GC(1722) Adjust Pointers 243.244ms
[521.687s][info][gc,phases,start] GC(1722) Compaction Phase
[521.834s][info][gc,phases      ] GC(1722) Compaction Phase 146.440ms
[521.843s][info][gc,phases,start] GC(1722) Post Compact
[521.846s][info][gc,phases      ] GC(1722) Post Compact 2.519ms
[521.846s][info][gc,heap        ] GC(1722) PSYoungGen: 221680K(221696K)->0K(232960K) Eden: 141824K(141824K)->0K(132096K) From: 79856K(79872K)->0K(100864K)
[521.846s][info][gc,heap        ] GC(1722) ParOldGen: 639756K(640000K)->460410K(667648K)
[521.846s][info][gc,metaspace   ] GC(1722) Metaspace: 18924K(19072K)->18924K(19072K) NonClass: 17094K(17216K)->17094K(17216K) Class: 1829K(1856K)->1829K(1856K)
[521.846s][info][gc             ] GC(1722) Pause Full (Allocation Failure) 841M->449M(879M) 824.071ms
[521.846s][info][gc,cpu         ] GC(1722) User=1.52s Sys=0.00s Real=0.82s
[521.911s][info][gc,start       ] GC(1723) Pause Young (Allocation Failure)
[521.940s][info][gc,heap        ] GC(1723) PSYoungGen: 132096K(232960K)->32960K(165376K) Eden: 132096K(132096K)->0K(132096K) From: 0K(100864K)->32960K(33280K)
[521.940s][info][gc,heap        ] GC(1723) ParOldGen: 460410K(667648K)->460410K(667648K)
[521.940s][info][gc,metaspace   ] GC(1723) Metaspace: 18924K(19072K)->18924K(19072K) NonClass: 17094K(17216K)->17094K(17216K) Class: 1829K(1856K)->1829K(1856K)
[521.940s][info][gc             ] GC(1723) Pause Young (Allocation Failure) 578M->481M(813M) 29.350ms
[521.940s][info][gc,cpu         ] GC(1723) User=0.05s Sys=0.00s Real=0.03s
[522.017s][info][gc,start       ] GC(1724) Pause Young (Allocation Failure)
[522.090s][info][gc,heap        ] GC(1724) PSYoungGen: 165056K(165376K)->81728K(220672K) Eden: 132096K(132096K)->0K(121856K) From: 32960K(33280K)->81728K(98816K)
[522.090s][info][gc,heap        ] GC(1724) ParOldGen: 460410K(667648K)->460410K(667648K)
[522.090s][info][gc,metaspace   ] GC(1724) Metaspace: 18924K(19072K)->18924K(19072K) NonClass: 17094K(17216K)->17094K(17216K) Class: 1829K(1856K)->1829K(1856K)
[522.090s][info][gc             ] GC(1724) Pause Young (Allocation Failure) 610M->529M(867M) 73.236ms
[522.090s][info][gc,cpu         ] GC(1724) User=0.13s Sys=0.01s Real=0.07s
[522.250s][info][gc,start       ] GC(1725) Pause Young (Allocation Failure)
[522.330s][info][gc,heap        ] GC(1725) PSYoungGen: 203584K(220672K)->102214K(224256K) Eden: 121856K(121856K)->0K(121856K) From: 81728K(98816K)->102214K(102400K)
[522.330s][info][gc,heap        ] GC(1725) ParOldGen: 460410K(667648K)->460410K(667648K)
[522.330s][info][gc,metaspace   ] GC(1725) Metaspace: 18924K(19072K)->18924K(19072K) NonClass: 17094K(17216K)->17094K(17216K) Class: 1829K(1856K)->1829K(1856K)
[522.330s][info][gc             ] GC(1725) Pause Young (Allocation Failure) 648M->549M(871M) 80.712ms
[522.330s][info][gc,cpu         ] GC(1725) User=0.16s Sys=0.00s Real=0.08s
[522.462s][info][gc,start       ] GC(1726) Pause Young (Allocation Failure)
[522.546s][info][gc,heap        ] GC(1726) PSYoungGen: 224070K(224256K)->102294K(221184K) Eden: 121856K(121856K)->0K(111616K) From: 102214K(102400K)->102294K(109568K)
[522.546s][info][gc,heap        ] GC(1726) ParOldGen: 460410K(667648K)->460410K(667648K)
[522.546s][info][gc,metaspace   ] GC(1726) Metaspace: 18924K(19072K)->18924K(19072K) NonClass: 17094K(17216K)->17094K(17216K) Class: 1829K(1856K)->1829K(1856K)
[522.546s][info][gc             ] GC(1726) Pause Young (Allocation Failure) 668M->549M(868M) 84.688ms
[522.546s][info][gc,cpu         ] GC(1726) User=0.15s Sys=0.01s Real=0.09s
[522.666s][info][gc,start       ] GC(1727) Pause Young (Allocation Failure)
[522.743s][info][gc,heap        ] GC(1727) PSYoungGen: 213910K(221184K)->102422K(222720K) Eden: 111616K(111616K)->0K(111616K) From: 102294K(109568K)->102422K(111104K)
[522.743s][info][gc,heap        ] GC(1727) ParOldGen: 460410K(667648K)->460410K(667648K)
[522.743s][info][gc,metaspace   ] GC(1727) Metaspace: 18924K(19072K)->18924K(19072K) NonClass: 17094K(17216K)->17094K(17216K) Class: 1829K(1856K)->1829K(1856K)
[522.743s][info][gc             ] GC(1727) Pause Young (Allocation Failure) 658M->549M(869M) 77.571ms
[522.743s][info][gc,cpu         ] GC(1727) User=0.15s Sys=0.00s Real=0.08s
[522.861s][info][gc,start       ] GC(1728) Pause Young (Allocation Failure)
[522.940s][info][gc,heap        ] GC(1728) PSYoungGen: 214038K(222720K)->102518K(222720K) Eden: 111616K(111616K)->0K(111616K) From: 102422K(111104K)->102518K(111104K)
[522.940s][info][gc,heap        ] GC(1728) ParOldGen: 460410K(667648K)->460410K(667648K)
[522.940s][info][gc,metaspace   ] GC(1728) Metaspace: 18924K(19072K)->18924K(19072K) NonClass: 17094K(17216K)->17094K(17216K) Class: 1829K(1856K)->1829K(1856K)
[522.940s][info][gc             ] GC(1728) Pause Young (Allocation Failure) 658M->549M(869M) 78.670ms
[522.940s][info][gc,cpu         ] GC(1728) User=0.16s Sys=0.00s Real=0.08s
[523.060s][info][gc,start       ] GC(1729) Pause Young (Allocation Failure)
[523.138s][info][gc,heap        ] GC(1729) PSYoungGen: 214134K(222720K)->102614K(222720K) Eden: 111616K(111616K)->0K(111616K) From: 102518K(111104K)->102614K(111104K)
[523.138s][info][gc,heap        ] GC(1729) ParOldGen: 460410K(667648K)->460410K(667648K)
[523.138s][info][gc,metaspace   ] GC(1729) Metaspace: 18924K(19072K)->18924K(19072K) NonClass: 17094K(17216K)->17094K(17216K) Class: 1829K(1856K)->1829K(1856K)
[523.138s][info][gc             ] GC(1729) Pause Young (Allocation Failure) 658M->549M(869M) 77.733ms
[523.138s][info][gc,cpu         ] GC(1729) User=0.15s Sys=0.00s Real=0.08s
[523.259s][info][gc,start       ] GC(1730) Pause Young (Allocation Failure)
[523.337s][info][gc,heap        ] GC(1730) PSYoungGen: 214230K(222720K)->102678K(222720K) Eden: 111616K(111616K)->0K(111616K) From: 102614K(111104K)->102678K(111104K)
[523.337s][info][gc,heap        ] GC(1730) ParOldGen: 460410K(667648K)->460410K(667648K)
[523.337s][info][gc,metaspace   ] GC(1730) Metaspace: 18924K(19072K)->18924K(19072K) NonClass: 17094K(17216K)->17094K(17216K) Class: 1829K(1856K)->1829K(1856K)
[523.337s][info][gc             ] GC(1730) Pause Young (Allocation Failure) 658M->549M(869M) 78.497ms
[523.337s][info][gc,cpu         ] GC(1730) User=0.16s Sys=0.00s Real=0.08s
[523.457s][info][gc,start       ] GC(1731) Pause Young (Allocation Failure)
[523.536s][info][gc,heap        ] GC(1731) PSYoungGen: 214294K(222720K)->102742K(222720K) Eden: 111616K(111616K)->0K(111616K) From: 102678K(111104K)->102742K(111104K)
[523.536s][info][gc,heap        ] GC(1731) ParOldGen: 460410K(667648K)->460410K(667648K)
[523.536s][info][gc,metaspace   ] GC(1731) Metaspace: 18924K(19072K)->18924K(19072K) NonClass: 17094K(17216K)->17094K(17216K) Class: 1829K(1856K)->1829K(1856K)
[523.536s][info][gc             ] GC(1731) Pause Young (Allocation Failure) 658M->549M(869M) 79.271ms
[523.536s][info][gc,cpu         ] GC(1731) User=0.15s Sys=0.00s Real=0.07s
[523.654s][info][gc,start       ] GC(1732) Pause Young (Allocation Failure)
[523.734s][info][gc,heap        ] GC(1732) PSYoungGen: 214358K(222720K)->21120K(222720K) Eden: 111616K(111616K)->0K(111616K) From: 102742K(111104K)->21120K(111104K)
[523.734s][info][gc,heap        ] GC(1732) ParOldGen: 460410K(667648K)->543218K(667648K)
[523.734s][info][gc,metaspace   ] GC(1732) Metaspace: 18924K(19072K)->18924K(19072K) NonClass: 17094K(17216K)->17094K(17216K) Class: 1829K(1856K)->1829K(1856K)
[523.734s][info][gc             ] GC(1732) Pause Young (Allocation Failure) 658M->551M(869M) 79.813ms
[523.734s][info][gc,cpu         ] GC(1732) User=0.16s Sys=0.00s Real=0.08s
[523.847s][info][gc,start       ] GC(1733) Pause Young (Allocation Failure)
[523.877s][info][gc,heap        ] GC(1733) PSYoungGen: 132736K(222720K)->640K(222720K) Eden: 111616K(111616K)->0K(111616K) From: 21120K(111104K)->640K(111104K)
[523.877s][info][gc,heap        ] GC(1733) ParOldGen: 543218K(667648K)->563845K(667648K)
[523.877s][info][gc,metaspace   ] GC(1733) Metaspace: 18924K(19072K)->18924K(19072K) NonClass: 17094K(17216K)->17094K(17216K) Class: 1829K(1856K)->1829K(1856K)
[523.877s][info][gc             ] GC(1733) Pause Young (Allocation Failure) 660M->551M(869M) 30.606ms
[523.877s][info][gc,cpu         ] GC(1733) User=0.06s Sys=0.00s Real=0.03s
[524.005s][info][gc,start       ] GC(1734) Pause Young (Allocation Failure)
[524.012s][info][gc,heap        ] GC(1734) PSYoungGen: 112256K(222720K)->2688K(222720K) Eden: 111616K(111616K)->0K(111616K) From: 640K(111104K)->2688K(111104K)
[524.012s][info][gc,heap        ] GC(1734) ParOldGen: 563845K(667648K)->564077K(667648K)
[524.012s][info][gc,metaspace   ] GC(1734) Metaspace: 18924K(19072K)->18924K(19072K) NonClass: 17094K(17216K)->17094K(17216K) Class: 1829K(1856K)->1829K(1856K)
[524.012s][info][gc             ] GC(1734) Pause Young (Allocation Failure) 660M->553M(869M) 7.202ms
[524.012s][info][gc,cpu         ] GC(1734) User=0.02s Sys=0.00s Real=0.01s
[524.128s][info][gc,start       ] GC(1735) Pause Young (Allocation Failure)
[524.149s][info][gc,heap        ] GC(1735) PSYoungGen: 114304K(222720K)->6027K(222720K) Eden: 111616K(111616K)->0K(111616K) From: 2688K(111104K)->6027K(111104K)
[524.149s][info][gc,heap        ] GC(1735) ParOldGen: 564077K(667648K)->564229K(667648K)
[524.149s][info][gc,metaspace   ] GC(1735) Metaspace: 18924K(19072K)->18924K(19072K) NonClass: 17094K(17216K)->17094K(17216K) Class: 1829K(1856K)->1829K(1856K)
[524.149s][info][gc             ] GC(1735) Pause Young (Allocation Failure) 662M->556M(869M) 20.410ms
[524.149s][info][gc,cpu         ] GC(1735) User=0.04s Sys=0.00s Real=0.02s
[524.283s][info][gc,start       ] GC(1736) Pause Young (Allocation Failure)
[524.319s][info][gc,heap        ] GC(1736) PSYoungGen: 117643K(222720K)->21227K(222720K) Eden: 111616K(111616K)->0K(111616K) From: 6027K(111104K)->21227K(111104K)
[524.319s][info][gc,heap        ] GC(1736) ParOldGen: 564229K(667648K)->564421K(667648K)
[524.319s][info][gc,metaspace   ] GC(1736) Metaspace: 18924K(19072K)->18924K(19072K) NonClass: 17094K(17216K)->17094K(17216K) Class: 1829K(1856K)->1829K(1856K)
[524.319s][info][gc             ] GC(1736) Pause Young (Allocation Failure) 665M->571M(869M) 36.091ms
[524.319s][info][gc,cpu         ] GC(1736) User=0.07s Sys=0.00s Real=0.04s
[524.457s][info][gc,start       ] GC(1737) Pause Young (Allocation Failure)
[524.492s][info][gc,heap        ] GC(1737) PSYoungGen: 132843K(222720K)->18891K(222720K) Eden: 111616K(111616K)->0K(111616K) From: 21227K(111104K)->18891K(111104K)
[524.492s][info][gc,heap        ] GC(1737) ParOldGen: 564421K(667648K)->566765K(667648K)
[524.492s][info][gc,metaspace   ] GC(1737) Metaspace: 18924K(19072K)->18924K(19072K) NonClass: 17094K(17216K)->17094K(17216K) Class: 1829K(1856K)->1829K(1856K)
[524.492s][info][gc             ] GC(1737) Pause Young (Allocation Failure) 680M->571M(869M) 35.341ms
[524.492s][info][gc,cpu         ] GC(1737) User=0.07s Sys=0.00s Real=0.03s
[524.630s][info][gc,start       ] GC(1738) Pause Young (Allocation Failure)
[524.663s][info][gc,heap        ] GC(1738) PSYoungGen: 130507K(222720K)->64K(222720K) Eden: 111616K(111616K)->0K(111616K) From: 18891K(111104K)->64K(111104K)
[524.663s][info][gc,heap        ] GC(1738) ParOldGen: 566765K(667648K)->585693K(667648K)
[524.663s][info][gc,metaspace   ] GC(1738) Metaspace: 18924K(19072K)->18924K(19072K) NonClass: 17094K(17216K)->17094K(17216K) Class: 1829K(1856K)->1829K(1856K)
[524.663s][info][gc             ] GC(1738) Pause Young (Allocation Failure) 680M->572M(869M) 32.348ms
[524.663s][info][gc,cpu         ] GC(1738) User=0.07s Sys=0.00s Real=0.03s
[524.800s][info][gc,start       ] GC(1739) Pause Young (Allocation Failure)
[524.802s][info][gc,heap        ] GC(1739) PSYoungGen: 111680K(222720K)->64K(222720K) Eden: 111616K(111616K)->0K(111616K) From: 64K(111104K)->64K(111104K)
[524.802s][info][gc,heap        ] GC(1739) ParOldGen: 585693K(667648K)->585693K(667648K)
[524.802s][info][gc,metaspace   ] GC(1739) Metaspace: 18924K(19072K)->18924K(19072K) NonClass: 17094K(17216K)->17094K(17216K) Class: 1829K(1856K)->1829K(1856K)
[524.802s][info][gc             ] GC(1739) Pause Young (Allocation Failure) 681M->572M(869M) 1.858ms
[524.802s][info][gc,cpu         ] GC(1739) User=0.00s Sys=0.00s Real=0.00s
[524.939s][info][gc,start       ] GC(1740) Pause Young (Allocation Failure)
[524.941s][info][gc,heap        ] GC(1740) PSYoungGen: 111680K(222720K)->64K(222720K) Eden: 111616K(111616K)->0K(111616K) From: 64K(111104K)->64K(111104K)
[524.941s][info][gc,heap        ] GC(1740) ParOldGen: 585693K(667648K)->585693K(667648K)
[524.941s][info][gc,metaspace   ] GC(1740) Metaspace: 18924K(19072K)->18924K(19072K) NonClass: 17094K(17216K)->17094K(17216K) Class: 1829K(1856K)->1829K(1856K)
[524.941s][info][gc             ] GC(1740) Pause Young (Allocation Failure) 681M->572M(869M) 1.970ms
[524.941s][info][gc,cpu         ] GC(1740) User=0.00s Sys=0.00s Real=0.00s
[525.076s][info][gc,start       ] GC(1741) Pause Young (Allocation Failure)
[525.078s][info][gc,heap        ] GC(1741) PSYoungGen: 111680K(222720K)->64K(222720K) Eden: 111616K(111616K)->0K(111616K) From: 64K(111104K)->64K(111104K)
[525.078s][info][gc,heap        ] GC(1741) ParOldGen: 585693K(667648K)->585693K(667648K)
[525.078s][info][gc,metaspace   ] GC(1741) Metaspace: 18924K(19072K)->18924K(19072K) NonClass: 17094K(17216K)->17094K(17216K) Class: 1829K(1856K)->1829K(1856K)
[525.078s][info][gc             ] GC(1741) Pause Young (Allocation Failure) 681M->572M(869M) 1.961ms
[525.078s][info][gc,cpu         ] GC(1741) User=0.00s Sys=0.00s Real=0.00s
[525.175s][info][gc,start       ] GC(1742) Pause Young (Allocation Failure)
[525.197s][info][gc,heap        ] GC(1742) PSYoungGen: 111680K(222720K)->18624K(222720K) Eden: 111616K(111616K)->0K(111616K) From: 64K(111104K)->18624K(111104K)
[525.197s][info][gc,heap        ] GC(1742) ParOldGen: 585693K(667648K)->585693K(667648K)
[525.197s][info][gc,metaspace   ] GC(1742) Metaspace: 18924K(19072K)->18924K(19072K) NonClass: 17094K(17216K)->17094K(17216K) Class: 1829K(1856K)->1829K(1856K)
[525.197s][info][gc             ] GC(1742) Pause Young (Allocation Failure) 681M->590M(869M) 21.650ms
[525.197s][info][gc,cpu         ] GC(1742) User=0.05s Sys=0.00s Real=0.03s
[525.301s][info][gc,start       ] GC(1743) Pause Young (Allocation Failure)
[525.338s][info][gc,heap        ] GC(1743) PSYoungGen: 130240K(222720K)->15424K(222720K) Eden: 111616K(111616K)->0K(111616K) From: 18624K(111104K)->15424K(111104K)
[525.338s][info][gc,heap        ] GC(1743) ParOldGen: 585693K(667648K)->604333K(667648K)
[525.338s][info][gc,metaspace   ] GC(1743) Metaspace: 18924K(19072K)->18924K(19072K) NonClass: 17094K(17216K)->17094K(17216K) Class: 1829K(1856K)->1829K(1856K)
[525.338s][info][gc             ] GC(1743) Pause Young (Allocation Failure) 699M->605M(869M) 37.245ms
[525.338s][info][gc,cpu         ] GC(1743) User=0.08s Sys=0.00s Real=0.04s
[525.422s][info][gc,start       ] GC(1744) Pause Young (Allocation Failure)
[525.445s][info][gc,heap        ] GC(1744) PSYoungGen: 127040K(222720K)->4064K(222720K) Eden: 111616K(111616K)->0K(111616K) From: 15424K(111104K)->4064K(111104K)
[525.445s][info][gc,heap        ] GC(1744) ParOldGen: 604333K(667648K)->619773K(667648K)
[525.445s][info][gc,metaspace   ] GC(1744) Metaspace: 18924K(19072K)->18924K(19072K) NonClass: 17094K(17216K)->17094K(17216K) Class: 1829K(1856K)->1829K(1856K)
[525.445s][info][gc             ] GC(1744) Pause Young (Allocation Failure) 714M->609M(869M) 22.908ms
[525.445s][info][gc,cpu         ] GC(1744) User=0.05s Sys=0.00s Real=0.02s
[525.528s][info][gc,start       ] GC(1745) Pause Young (Allocation Failure)
[525.539s][info][gc,heap        ] GC(1745) PSYoungGen: 115680K(222720K)->1504K(113152K) Eden: 111616K(111616K)->0K(111616K) From: 4064K(111104K)->1504K(1536K)
[525.539s][info][gc,heap        ] GC(1745) ParOldGen: 619773K(667648K)->623797K(667648K)
[525.539s][info][gc,metaspace   ] GC(1745) Metaspace: 18924K(19072K)->18924K(19072K) NonClass: 17094K(17216K)->17094K(17216K) Class: 1829K(1856K)->1829K(1856K)
[525.539s][info][gc             ] GC(1745) Pause Young (Allocation Failure) 718M->610M(762M) 10.553ms
[525.539s][info][gc,cpu         ] GC(1745) User=0.02s Sys=0.00s Real=0.01s
[525.636s][info][gc,start       ] GC(1746) Pause Young (Allocation Failure)
[525.644s][info][gc,heap        ] GC(1746) PSYoungGen: 113120K(113152K)->1632K(224256K) Eden: 111616K(111616K)->0K(116224K) From: 1504K(1536K)->1632K(108032K)
[525.644s][info][gc,heap        ] GC(1746) ParOldGen: 623797K(667648K)->623797K(667648K)
[525.644s][info][gc,metaspace   ] GC(1746) Metaspace: 18924K(19072K)->18924K(19072K) NonClass: 17094K(17216K)->17094K(17216K) Class: 1829K(1856K)->1829K(1856K)
[525.644s][info][gc             ] GC(1746) Pause Young (Allocation Failure) 719M->610M(871M) 7.500ms
[525.644s][info][gc,cpu         ] GC(1746) User=0.01s Sys=0.00s Real=0.01s
[525.745s][info][gc,start       ] GC(1747) Pause Young (Allocation Failure)
[525.756s][info][gc,heap        ] GC(1747) PSYoungGen: 117856K(224256K)->5280K(121856K) Eden: 116224K(116224K)->0K(116224K) From: 1632K(108032K)->5280K(5632K)
[525.756s][info][gc,heap        ] GC(1747) ParOldGen: 623797K(667648K)->623797K(667648K)
[525.756s][info][gc,metaspace   ] GC(1747) Metaspace: 18924K(19072K)->18924K(19072K) NonClass: 17094K(17216K)->17094K(17216K) Class: 1829K(1856K)->1829K(1856K)
[525.756s][info][gc             ] GC(1747) Pause Young (Allocation Failure) 724M->614M(771M) 10.496ms
[525.756s][info][gc,cpu         ] GC(1747) User=0.02s Sys=0.00s Real=0.01s
[525.843s][info][gc,start       ] GC(1748) Pause Young (Allocation Failure)
[525.853s][info][gc,heap        ] GC(1748) PSYoungGen: 121504K(121856K)->5312K(214016K) Eden: 116224K(116224K)->0K(122368K) From: 5280K(5632K)->5312K(91648K)
[525.853s][info][gc,heap        ] GC(1748) ParOldGen: 623797K(667648K)->623797K(667648K)
[525.853s][info][gc,metaspace   ] GC(1748) Metaspace: 18926K(19072K)->18926K(19072K) NonClass: 17097K(17216K)->17097K(17216K) Class: 1829K(1856K)->1829K(1856K)
[525.853s][info][gc             ] GC(1748) Pause Young (Allocation Failure) 727M->614M(861M) 9.171ms
[525.853s][info][gc,cpu         ] GC(1748) User=0.02s Sys=0.00s Real=0.01s
[525.963s][info][gc,start       ] GC(1749) Pause Young (Allocation Failure)
[525.995s][info][gc,heap        ] GC(1749) PSYoungGen: 127680K(214016K)->24480K(217088K) Eden: 122368K(122368K)->0K(122368K) From: 5312K(91648K)->24480K(94720K)
[525.995s][info][gc,heap        ] GC(1749) ParOldGen: 623797K(667648K)->623797K(667648K)
[525.995s][info][gc,metaspace   ] GC(1749) Metaspace: 18926K(19072K)->18926K(19072K) NonClass: 17097K(17216K)->17097K(17216K) Class: 1829K(1856K)->1829K(1856K)
[525.995s][info][gc             ] GC(1749) Pause Young (Allocation Failure) 733M->633M(864M) 32.651ms
[525.995s][info][gc,cpu         ] GC(1749) User=0.06s Sys=0.00s Real=0.03s
[526.100s][info][gc,start       ] GC(1750) Pause Young (Allocation Failure)
[526.157s][info][gc,heap        ] GC(1750) PSYoungGen: 146848K(217088K)->52512K(213504K) Eden: 122368K(122368K)->0K(124416K) From: 24480K(94720K)->52512K(89088K)
[526.157s][info][gc,heap        ] GC(1750) ParOldGen: 623797K(667648K)->623797K(667648K)
[526.157s][info][gc,metaspace   ] GC(1750) Metaspace: 18926K(19072K)->18926K(19072K) NonClass: 17097K(17216K)->17097K(17216K) Class: 1829K(1856K)->1829K(1856K)
[526.157s][info][gc             ] GC(1750) Pause Young (Allocation Failure) 752M->660M(860M) 56.494ms
[526.157s][info][gc,cpu         ] GC(1750) User=0.11s Sys=0.00s Real=0.06s
[526.273s][info][gc,start       ] GC(1751) Pause Young (Allocation Failure)
[526.347s][info][gc,heap        ] GC(1751) PSYoungGen: 176928K(213504K)->70816K(219136K) Eden: 124416K(124416K)->0K(124416K) From: 52512K(89088K)->70816K(94720K)
[526.347s][info][gc,heap        ] GC(1751) ParOldGen: 623797K(667648K)->623797K(667648K)
[526.347s][info][gc,metaspace   ] GC(1751) Metaspace: 18926K(19072K)->18926K(19072K) NonClass: 17097K(17216K)->17097K(17216K) Class: 1829K(1856K)->1829K(1856K)
[526.347s][info][gc             ] GC(1751) Pause Young (Allocation Failure) 781M->678M(866M) 74.232ms
[526.347s][info][gc,cpu         ] GC(1751) User=0.15s Sys=0.00s Real=0.08s
[526.436s][info][gc,start       ] GC(1752) Pause Young (Allocation Failure)
[526.512s][info][gc,heap        ] GC(1752) PSYoungGen: 195232K(219136K)->75184K(217088K) Eden: 124416K(124416K)->0K(111616K) From: 70816K(94720K)->75184K(105472K)
[526.512s][info][gc,heap        ] GC(1752) ParOldGen: 623797K(667648K)->623797K(667648K)
[526.512s][info][gc,metaspace   ] GC(1752) Metaspace: 18926K(19072K)->18926K(19072K) NonClass: 17097K(17216K)->17097K(17216K) Class: 1829K(1856K)->1829K(1856K)
[526.512s][info][gc             ] GC(1752) Pause Young (Allocation Failure) 799M->682M(864M) 76.357ms
[526.512s][info][gc,cpu         ] GC(1752) User=0.16s Sys=0.00s Real=0.08s
[526.660s][info][gc,start       ] GC(1753) Pause Young (Allocation Failure)
[526.739s][info][gc,heap        ] GC(1753) PSYoungGen: 186800K(217088K)->75680K(222720K) Eden: 111616K(111616K)->0K(111616K) From: 75184K(105472K)->75680K(111104K)
[526.739s][info][gc,heap        ] GC(1753) ParOldGen: 623797K(667648K)->625405K(667648K)
[526.739s][info][gc,metaspace   ] GC(1753) Metaspace: 18926K(19072K)->18926K(19072K) NonClass: 17097K(17216K)->17097K(17216K) Class: 1829K(1856K)->1829K(1856K)
[526.739s][info][gc             ] GC(1753) Pause Young (Allocation Failure) 791M->684M(869M) 78.687ms
[526.739s][info][gc,cpu         ] GC(1753) User=0.15s Sys=0.00s Real=0.08s
[526.865s][info][gc,start       ] GC(1754) Pause Young (Allocation Failure)
[526.945s][info][gc,heap        ] GC(1754) PSYoungGen: 187296K(222720K)->76544K(222720K) Eden: 111616K(111616K)->0K(111616K) From: 75680K(111104K)->76544K(111104K)
[526.945s][info][gc,heap        ] GC(1754) ParOldGen: 625405K(667648K)->629101K(667648K)
[526.945s][info][gc,metaspace   ] GC(1754) Metaspace: 18926K(19072K)->18926K(19072K) NonClass: 17097K(17216K)->17097K(17216K) Class: 1829K(1856K)->1829K(1856K)
[526.945s][info][gc             ] GC(1754) Pause Young (Allocation Failure) 793M->689M(869M) 80.191ms
[526.945s][info][gc,cpu         ] GC(1754) User=0.16s Sys=0.00s Real=0.08s
[527.048s][info][gc,start       ] GC(1755) Pause Young (Allocation Failure)
[527.143s][info][gc,promotion   ] GC(1755) Promotion failed
[527.143s][info][gc,heap        ] GC(1755) PSYoungGen: 188160K(222720K)->188160K(222720K) Eden: 111616K(111616K)->111616K(111616K) From: 76544K(111104K)->76544K(111104K)
[527.143s][info][gc,heap        ] GC(1755) ParOldGen: 629101K(667648K)->667645K(667648K)
[527.143s][info][gc,metaspace   ] GC(1755) Metaspace: 18926K(19072K)->18926K(19072K) NonClass: 17097K(17216K)->17097K(17216K) Class: 1829K(1856K)->1829K(1856K)
[527.143s][info][gc             ] GC(1755) Pause Young (Allocation Failure) 798M->835M(869M) 94.734ms
[527.143s][info][gc,cpu         ] GC(1755) User=0.17s Sys=0.02s Real=0.09s
[527.143s][info][gc,start       ] GC(1756) Pause Full (Allocation Failure)
[527.143s][info][gc,phases,start] GC(1756) Marking Phase
[527.408s][info][gc,phases      ] GC(1756) Marking Phase 264.870ms
[527.408s][info][gc,phases,start] GC(1756) Summary Phase
[527.408s][info][gc,phases      ] GC(1756) Summary Phase 0.029ms
[527.408s][info][gc,phases,start] GC(1756) Forward
[527.509s][info][gc,phases      ] GC(1756) Forward 100.865ms
[527.509s][info][gc,phases,start] GC(1756) Adjust Pointers
[527.709s][info][gc,phases      ] GC(1756) Adjust Pointers 200.428ms
[527.710s][info][gc,phases,start] GC(1756) Compaction Phase
[527.817s][info][gc,phases      ] GC(1756) Compaction Phase 107.881ms
[527.827s][info][gc,phases,start] GC(1756) Post Compact
[527.829s][info][gc,phases      ] GC(1756) Post Compact 2.544ms
[527.832s][info][gc,heap        ] GC(1756) PSYoungGen: 188160K(222720K)->0K(222720K) Eden: 111616K(111616K)->0K(111616K) From: 76544K(111104K)->0K(111104K)
[527.832s][info][gc,heap        ] GC(1756) ParOldGen: 667645K(667648K)->377620K(640512K)
[527.832s][info][gc,metaspace   ] GC(1756) Metaspace: 18926K(19072K)->18926K(19072K) NonClass: 17097K(17216K)->17097K(17216K) Class: 1829K(1856K)->1829K(1856K)
[527.832s][info][gc             ] GC(1756) Pause Full (Allocation Failure) 835M->368M(843M) 688.493ms
[527.832s][info][gc,cpu         ] GC(1756) User=1.24s Sys=0.01s Real=0.69s
[527.900s][info][gc,start       ] GC(1757) Pause Young (Allocation Failure)
[527.902s][info][gc,heap        ] GC(1757) PSYoungGen: 111616K(222720K)->64K(222720K) Eden: 111616K(111616K)->0K(111616K) From: 0K(111104K)->64K(111104K)
[527.902s][info][gc,heap        ] GC(1757) ParOldGen: 377620K(640512K)->377620K(640512K)
[527.902s][info][gc,metaspace   ] GC(1757) Metaspace: 18926K(19072K)->18926K(19072K) NonClass: 17097K(17216K)->17097K(17216K) Class: 1829K(1856K)->1829K(1856K)
[527.902s][info][gc             ] GC(1757) Pause Young (Allocation Failure) 477M->368M(843M) 1.683ms
[527.902s][info][gc,cpu         ] GC(1757) User=0.00s Sys=0.00s Real=0.00s
[528.085s][info][gc,start       ] GC(1758) Pause Young (Allocation Failure)
[528.097s][info][gc,heap        ] GC(1758) PSYoungGen: 111680K(222720K)->10336K(222720K) Eden: 111616K(111616K)->0K(111616K) From: 64K(111104K)->10336K(111104K)
[528.097s][info][gc,heap        ] GC(1758) ParOldGen: 377620K(640512K)->377620K(640512K)
[528.097s][info][gc,metaspace   ] GC(1758) Metaspace: 18926K(19072K)->18926K(19072K) NonClass: 17097K(17216K)->17097K(17216K) Class: 1829K(1856K)->1829K(1856K)
[528.097s][info][gc             ] GC(1758) Pause Young (Allocation Failure) 477M->378M(843M) 12.022ms
[528.097s][info][gc,cpu         ] GC(1758) User=0.02s Sys=0.00s Real=0.02s
[528.264s][info][gc,start       ] GC(1759) Pause Young (Allocation Failure)
[528.283s][info][gc,heap        ] GC(1759) PSYoungGen: 121952K(222720K)->16576K(222720K) Eden: 111616K(111616K)->0K(111616K) From: 10336K(111104K)->16576K(111104K)
[528.283s][info][gc,heap        ] GC(1759) ParOldGen: 377620K(640512K)->377620K(640512K)
[528.283s][info][gc,metaspace   ] GC(1759) Metaspace: 18926K(19072K)->18926K(19072K) NonClass: 17097K(17216K)->17097K(17216K) Class: 1829K(1856K)->1829K(1856K)
[528.283s][info][gc             ] GC(1759) Pause Young (Allocation Failure) 487M->384M(843M) 19.355ms
[528.283s][info][gc,cpu         ] GC(1759) User=0.04s Sys=0.00s Real=0.02s
[528.627s][info][gc,start       ] GC(1760) Pause Young (Allocation Failure)
[528.645s][info][gc,heap        ] GC(1760) PSYoungGen: 128192K(222720K)->6336K(222720K) Eden: 111616K(111616K)->0K(111616K) From: 16576K(111104K)->6336K(111104K)
[528.645s][info][gc,heap        ] GC(1760) ParOldGen: 377620K(640512K)->387978K(640512K)
[528.645s][info][gc,metaspace   ] GC(1760) Metaspace: 18926K(19072K)->18926K(19072K) NonClass: 17097K(17216K)->17097K(17216K) Class: 1829K(1856K)->1829K(1856K)
[528.645s][info][gc             ] GC(1760) Pause Young (Allocation Failure) 493M->385M(843M) 18.158ms
[528.645s][info][gc,cpu         ] GC(1760) User=0.04s Sys=0.00s Real=0.01s
[528.915s][info][gc,start       ] GC(1761) Pause Young (Allocation Failure)
[528.923s][info][gc,heap        ] GC(1761) PSYoungGen: 117952K(222720K)->240K(219648K) Eden: 111616K(111616K)->0K(111616K) From: 6336K(111104K)->240K(108032K)
[528.923s][info][gc,heap        ] GC(1761) ParOldGen: 387978K(640512K)->394306K(640512K)
[528.923s][info][gc,metaspace   ] GC(1761) Metaspace: 18926K(19072K)->18926K(19072K) NonClass: 17097K(17216K)->17097K(17216K) Class: 1829K(1856K)->1829K(1856K)
[528.923s][info][gc             ] GC(1761) Pause Young (Allocation Failure) 494M->385M(840M) 8.629ms
[528.923s][info][gc,cpu         ] GC(1761) User=0.02s Sys=0.00s Real=0.01s
[529.183s][info][gc,start       ] GC(1762) Pause Young (Allocation Failure)
[529.185s][info][gc,heap        ] GC(1762) PSYoungGen: 111856K(219648K)->224K(221184K) Eden: 111616K(111616K)->0K(111616K) From: 240K(108032K)->224K(109568K)
[529.185s][info][gc,heap        ] GC(1762) ParOldGen: 394306K(640512K)->394306K(640512K)
[529.185s][info][gc,metaspace   ] GC(1762) Metaspace: 18926K(19072K)->18926K(19072K) NonClass: 17097K(17216K)->17097K(17216K) Class: 1829K(1856K)->1829K(1856K)
[529.185s][info][gc             ] GC(1762) Pause Young (Allocation Failure) 494M->385M(841M) 1.972ms
[529.185s][info][gc,cpu         ] GC(1762) User=0.01s Sys=0.00s Real=0.00s
[529.397s][info][gc,start       ] GC(1763) Pause Young (Allocation Failure)
[529.404s][info][gc,heap        ] GC(1763) PSYoungGen: 111840K(221184K)->304K(214528K) Eden: 111616K(111616K)->0K(116736K) From: 224K(109568K)->304K(97792K)
[529.404s][info][gc,heap        ] GC(1763) ParOldGen: 394306K(640512K)->394306K(640512K)
[529.404s][info][gc,metaspace   ] GC(1763) Metaspace: 18926K(19072K)->18926K(19072K) NonClass: 17097K(17216K)->17097K(17216K) Class: 1829K(1856K)->1829K(1856K)
[529.404s][info][gc             ] GC(1763) Pause Young (Allocation Failure) 494M->385M(835M) 6.779ms
[529.404s][info][gc,cpu         ] GC(1763) User=0.01s Sys=0.00s Real=0.00s
[529.738s][info][gc,start       ] GC(1764) Pause Young (Allocation Failure)
[529.741s][info][gc,heap        ] GC(1764) PSYoungGen: 117040K(214528K)->336K(218112K) Eden: 116736K(116736K)->0K(116736K) From: 304K(97792K)->336K(101376K)
[529.741s][info][gc,heap        ] GC(1764) ParOldGen: 394306K(640512K)->394306K(640512K)
[529.741s][info][gc,metaspace   ] GC(1764) Metaspace: 18926K(19072K)->18926K(19072K) NonClass: 17097K(17216K)->17097K(17216K) Class: 1829K(1856K)->1829K(1856K)
[529.741s][info][gc             ] GC(1764) Pause Young (Allocation Failure) 499M->385M(838M) 3.312ms
[529.741s][info][gc,cpu         ] GC(1764) User=0.01s Sys=0.00s Real=0.00s
[529.956s][info][gc,start       ] GC(1765) Pause Young (Allocation Failure)
[529.965s][info][gc,heap        ] GC(1765) PSYoungGen: 117072K(218112K)->6096K(206336K) Eden: 116736K(116736K)->0K(120832K) From: 336K(101376K)->6096K(85504K)
[529.965s][info][gc,heap        ] GC(1765) ParOldGen: 394306K(640512K)->394306K(640512K)
[529.965s][info][gc,metaspace   ] GC(1765) Metaspace: 18926K(19072K)->18926K(19072K) NonClass: 17097K(17216K)->17097K(17216K) Class: 1829K(1856K)->1829K(1856K)
[529.965s][info][gc             ] GC(1765) Pause Young (Allocation Failure) 499M->391M(827M) 9.186ms
[529.965s][info][gc,cpu         ] GC(1765) User=0.02s Sys=0.00s Real=0.01s
[530.056s][info][gc,start       ] GC(1766) Pause Young (Allocation Failure)
[530.101s][info][gc,heap        ] GC(1766) PSYoungGen: 126928K(206336K)->53424K(212480K) Eden: 120832K(120832K)->0K(120832K) From: 6096K(85504K)->53424K(91648K)
[530.101s][info][gc,heap        ] GC(1766) ParOldGen: 394306K(640512K)->394306K(640512K)
[530.101s][info][gc,metaspace   ] GC(1766) Metaspace: 18926K(19072K)->18926K(19072K) NonClass: 17097K(17216K)->17097K(17216K) Class: 1829K(1856K)->1829K(1856K)
[530.101s][info][gc             ] GC(1766) Pause Young (Allocation Failure) 509M->437M(833M) 44.476ms
[530.101s][info][gc,cpu         ] GC(1766) User=0.09s Sys=0.00s Real=0.05s
[530.192s][info][gc,start       ] GC(1767) Pause Young (Allocation Failure)
[530.285s][info][gc,heap        ] GC(1767) PSYoungGen: 174256K(212480K)->97248K(208896K) Eden: 120832K(120832K)->0K(111616K) From: 53424K(91648K)->97248K(97280K)
[530.285s][info][gc,heap        ] GC(1767) ParOldGen: 394306K(640512K)->398002K(640512K)
[530.285s][info][gc,metaspace   ] GC(1767) Metaspace: 18926K(19072K)->18926K(19072K) NonClass: 17097K(17216K)->17097K(17216K) Class: 1829K(1856K)->1829K(1856K)
[530.285s][info][gc             ] GC(1767) Pause Young (Allocation Failure) 555M->483M(829M) 92.454ms
[530.285s][info][gc,cpu         ] GC(1767) User=0.17s Sys=0.01s Real=0.09s
[530.363s][info][gc,start       ] GC(1768) Pause Young (Allocation Failure)
[530.466s][info][gc,heap        ] GC(1768) PSYoungGen: 208864K(208896K)->111088K(222720K) Eden: 111616K(111616K)->0K(111616K) From: 97248K(97280K)->111088K(111104K)
[530.466s][info][gc,heap        ] GC(1768) ParOldGen: 398002K(640512K)->426642K(640512K)
[530.466s][info][gc,metaspace   ] GC(1768) Metaspace: 18926K(19072K)->18926K(19072K) NonClass: 17097K(17216K)->17097K(17216K) Class: 1829K(1856K)->1829K(1856K)
[530.466s][info][gc             ] GC(1768) Pause Young (Allocation Failure) 592M->525M(843M) 102.725ms
[530.466s][info][gc,cpu         ] GC(1768) User=0.21s Sys=0.00s Real=0.10s
[530.724s][info][gc,start       ] GC(1769) Pause Young (Allocation Failure)
[530.825s][info][gc,heap        ] GC(1769) PSYoungGen: 222704K(222720K)->111104K(222720K) Eden: 111616K(111616K)->0K(111616K) From: 111088K(111104K)->111104K(111104K)
[530.825s][info][gc,heap        ] GC(1769) ParOldGen: 426642K(640512K)->447089K(640512K)
[530.825s][info][gc,metaspace   ] GC(1769) Metaspace: 18926K(19072K)->18926K(19072K) NonClass: 17097K(17216K)->17097K(17216K) Class: 1829K(1856K)->1829K(1856K)
[530.825s][info][gc             ] GC(1769) Pause Young (Allocation Failure) 634M->545M(843M) 101.272ms
[530.825s][info][gc,cpu         ] GC(1769) User=0.20s Sys=0.00s Real=0.10s
[530.897s][info][gc,start       ] GC(1770) Pause Young (Allocation Failure)
[531.013s][info][gc,heap        ] GC(1770) PSYoungGen: 222720K(222720K)->108640K(222720K) Eden: 111616K(111616K)->0K(111616K) From: 111104K(111104K)->108640K(111104K)
[531.013s][info][gc,heap        ] GC(1770) ParOldGen: 447089K(640512K)->496049K(640512K)
[531.013s][info][gc,metaspace   ] GC(1770) Metaspace: 18926K(19072K)->18926K(19072K) NonClass: 17097K(17216K)->17097K(17216K) Class: 1829K(1856K)->1829K(1856K)
[531.013s][info][gc             ] GC(1770) Pause Young (Allocation Failure) 654M->590M(843M) 116.106ms
[531.013s][info][gc,cpu         ] GC(1770) User=0.23s Sys=0.00s Real=0.11s
[531.199s][info][gc,start       ] GC(1771) Pause Young (Allocation Failure)
[531.292s][info][gc,heap        ] GC(1771) PSYoungGen: 220256K(222720K)->59296K(222720K) Eden: 111616K(111616K)->0K(111616K) From: 108640K(111104K)->59296K(111104K)
[531.292s][info][gc,heap        ] GC(1771) ParOldGen: 496049K(640512K)->554201K(640512K)
[531.292s][info][gc,metaspace   ] GC(1771) Metaspace: 18926K(19072K)->18926K(19072K) NonClass: 17097K(17216K)->17097K(17216K) Class: 1829K(1856K)->1829K(1856K)
[531.292s][info][gc             ] GC(1771) Pause Young (Allocation Failure) 699M->599M(843M) 93.381ms
[531.292s][info][gc,cpu         ] GC(1771) User=0.19s Sys=0.00s Real=0.09s
[531.395s][info][gc,start       ] GC(1772) Pause Young (Allocation Failure)
[531.479s][info][gc,heap        ] GC(1772) PSYoungGen: 170912K(222720K)->23712K(222720K) Eden: 111616K(111616K)->0K(111616K) From: 59296K(111104K)->23712K(111104K)
[531.479s][info][gc,heap        ] GC(1772) ParOldGen: 554201K(640512K)->605793K(640512K)
[531.479s][info][gc,metaspace   ] GC(1772) Metaspace: 18926K(19072K)->18926K(19072K) NonClass: 17097K(17216K)->17097K(17216K) Class: 1829K(1856K)->1829K(1856K)
[531.479s][info][gc             ] GC(1772) Pause Young (Allocation Failure) 708M->614M(843M) 83.962ms
[531.479s][info][gc,cpu         ] GC(1772) User=0.17s Sys=0.00s Real=0.09s
[531.619s][info][gc,start       ] GC(1773) Pause Full (Allocation Failure)
[531.619s][info][gc,phases,start] GC(1773) Marking Phase
[531.933s][info][gc,phases      ] GC(1773) Marking Phase 314.113ms
[531.933s][info][gc,phases,start] GC(1773) Summary Phase
[531.933s][info][gc,phases      ] GC(1773) Summary Phase 0.030ms
[531.933s][info][gc,phases,start] GC(1773) Forward
[532.035s][info][gc,phases      ] GC(1773) Forward 102.235ms
[532.035s][info][gc,phases,start] GC(1773) Adjust Pointers
[532.280s][info][gc,phases      ] GC(1773) Adjust Pointers 244.460ms
[532.280s][info][gc,phases,start] GC(1773) Compaction Phase
[532.425s][info][gc,phases      ] GC(1773) Compaction Phase 145.568ms
[532.434s][info][gc,phases,start] GC(1773) Post Compact
[532.436s][info][gc,phases      ] GC(1773) Post Compact 2.201ms
[532.436s][info][gc,heap        ] GC(1773) PSYoungGen: 135328K(222720K)->0K(222720K) Eden: 111616K(111616K)->0K(111616K) From: 23712K(111104K)->0K(111104K)
[532.436s][info][gc,heap        ] GC(1773) ParOldGen: 605793K(640512K)->471499K(667648K)
[532.436s][info][gc,metaspace   ] GC(1773) Metaspace: 18926K(19072K)->18926K(19072K) NonClass: 17097K(17216K)->17097K(17216K) Class: 1829K(1856K)->1829K(1856K)
[532.436s][info][gc             ] GC(1773) Pause Full (Allocation Failure) 723M->460M(869M) 817.488ms
[532.436s][info][gc,cpu         ] GC(1773) User=1.54s Sys=0.00s Real=0.81s
[532.603s][info][gc,start       ] GC(1774) Pause Young (Allocation Failure)
[532.637s][info][gc,heap        ] GC(1774) PSYoungGen: 111616K(222720K)->19328K(222720K) Eden: 111616K(111616K)->0K(111616K) From: 0K(111104K)->19328K(111104K)
[532.637s][info][gc,heap        ] GC(1774) ParOldGen: 471499K(667648K)->471499K(667648K)
[532.637s][info][gc,metaspace   ] GC(1774) Metaspace: 18926K(19072K)->18926K(19072K) NonClass: 17097K(17216K)->17097K(17216K) Class: 1829K(1856K)->1829K(1856K)
[532.637s][info][gc             ] GC(1774) Pause Young (Allocation Failure) 569M->479M(869M) 34.134ms
[532.637s][info][gc,cpu         ] GC(1774) User=0.07s Sys=0.00s Real=0.04s
[532.793s][info][gc,start       ] GC(1775) Pause Young (Allocation Failure)
[532.825s][info][gc,heap        ] GC(1775) PSYoungGen: 130944K(222720K)->32K(222720K) Eden: 111616K(111616K)->0K(111616K) From: 19328K(111104K)->32K(111104K)
[532.825s][info][gc,heap        ] GC(1775) ParOldGen: 471499K(667648K)->490859K(667648K)
[532.825s][info][gc,metaspace   ] GC(1775) Metaspace: 18926K(19072K)->18926K(19072K) NonClass: 17097K(17216K)->17097K(17216K) Class: 1829K(1856K)->1829K(1856K)
[532.825s][info][gc             ] GC(1775) Pause Young (Allocation Failure) 588M->479M(869M) 31.511ms
[532.825s][info][gc,cpu         ] GC(1775) User=0.06s Sys=0.00s Real=0.03s
[532.984s][info][gc,start       ] GC(1776) Pause Young (Allocation Failure)
[532.986s][info][gc,heap        ] GC(1776) PSYoungGen: 111648K(222720K)->64K(222720K) Eden: 111616K(111616K)->0K(111616K) From: 32K(111104K)->64K(111104K)
[532.986s][info][gc,heap        ] GC(1776) ParOldGen: 490859K(667648K)->490859K(667648K)
[532.986s][info][gc,metaspace   ] GC(1776) Metaspace: 18926K(19072K)->18926K(19072K) NonClass: 17097K(17216K)->17097K(17216K) Class: 1829K(1856K)->1829K(1856K)
[532.986s][info][gc             ] GC(1776) Pause Young (Allocation Failure) 588M->479M(869M) 1.746ms
[532.986s][info][gc,cpu         ] GC(1776) User=0.00s Sys=0.00s Real=0.00s
[533.142s][info][gc,start       ] GC(1777) Pause Young (Allocation Failure)
[533.143s][info][gc,heap        ] GC(1777) PSYoungGen: 111680K(222720K)->64K(222720K) Eden: 111616K(111616K)->0K(111616K) From: 64K(111104K)->64K(111104K)
[533.143s][info][gc,heap        ] GC(1777) ParOldGen: 490859K(667648K)->490859K(667648K)
[533.143s][info][gc,metaspace   ] GC(1777) Metaspace: 18926K(19072K)->18926K(19072K) NonClass: 17097K(17216K)->17097K(17216K) Class: 1829K(1856K)->1829K(1856K)
[533.143s][info][gc             ] GC(1777) Pause Young (Allocation Failure) 588M->479M(869M) 1.786ms
[533.143s][info][gc,cpu         ] GC(1777) User=0.01s Sys=0.00s Real=0.00s
[533.298s][info][gc,start       ] GC(1778) Pause Young (Allocation Failure)
[533.300s][info][gc,heap        ] GC(1778) PSYoungGen: 111680K(222720K)->64K(222720K) Eden: 111616K(111616K)->0K(111616K) From: 64K(111104K)->64K(111104K)
[533.300s][info][gc,heap        ] GC(1778) ParOldGen: 490859K(667648K)->490859K(667648K)
[533.300s][info][gc,metaspace   ] GC(1778) Metaspace: 18926K(19072K)->18926K(19072K) NonClass: 17097K(17216K)->17097K(17216K) Class: 1829K(1856K)->1829K(1856K)
[533.300s][info][gc             ] GC(1778) Pause Young (Allocation Failure) 588M->479M(869M) 1.731ms
[533.300s][info][gc,cpu         ] GC(1778) User=0.01s Sys=0.00s Real=0.00s
[533.460s][info][gc,start       ] GC(1779) Pause Young (Allocation Failure)
[533.462s][info][gc,heap        ] GC(1779) PSYoungGen: 111680K(222720K)->64K(222720K) Eden: 111616K(111616K)->0K(111616K) From: 64K(111104K)->64K(111104K)
[533.462s][info][gc,heap        ] GC(1779) ParOldGen: 490859K(667648K)->490859K(667648K)
[533.462s][info][gc,metaspace   ] GC(1779) Metaspace: 18926K(19072K)->18926K(19072K) NonClass: 17097K(17216K)->17097K(17216K) Class: 1829K(1856K)->1829K(1856K)
[533.462s][info][gc             ] GC(1779) Pause Young (Allocation Failure) 588M->479M(869M) 1.756ms
[533.462s][info][gc,cpu         ] GC(1779) User=0.00s Sys=0.00s Real=0.00s
[533.607s][info][gc,start       ] GC(1780) Pause Young (Allocation Failure)
[533.609s][info][gc,heap        ] GC(1780) PSYoungGen: 111680K(222720K)->64K(222720K) Eden: 111616K(111616K)->0K(111616K) From: 64K(111104K)->64K(111104K)
[533.609s][info][gc,heap        ] GC(1780) ParOldGen: 490859K(667648K)->490859K(667648K)
[533.609s][info][gc,metaspace   ] GC(1780) Metaspace: 18926K(19072K)->18926K(19072K) NonClass: 17097K(17216K)->17097K(17216K) Class: 1829K(1856K)->1829K(1856K)
[533.609s][info][gc             ] GC(1780) Pause Young (Allocation Failure) 588M->479M(869M) 1.653ms
[533.609s][info][gc,cpu         ] GC(1780) User=0.00s Sys=0.01s Real=0.00s
[533.749s][info][gc,start       ] GC(1781) Pause Young (Allocation Failure)
[533.751s][info][gc,heap        ] GC(1781) PSYoungGen: 111680K(222720K)->64K(222720K) Eden: 111616K(111616K)->0K(111616K) From: 64K(111104K)->64K(111104K)
[533.751s][info][gc,heap        ] GC(1781) ParOldGen: 490859K(667648K)->490859K(667648K)
[533.751s][info][gc,metaspace   ] GC(1781) Metaspace: 18926K(19072K)->18926K(19072K) NonClass: 17097K(17216K)->17097K(17216K) Class: 1829K(1856K)->1829K(1856K)
[533.751s][info][gc             ] GC(1781) Pause Young (Allocation Failure) 588M->479M(869M) 1.714ms
[533.751s][info][gc,cpu         ] GC(1781) User=0.00s Sys=0.00s Real=0.00s
[533.890s][info][gc,start       ] GC(1782) Pause Young (Allocation Failure)
[533.892s][info][gc,heap        ] GC(1782) PSYoungGen: 111680K(222720K)->64K(222720K) Eden: 111616K(111616K)->0K(111616K) From: 64K(111104K)->64K(111104K)
[533.892s][info][gc,heap        ] GC(1782) ParOldGen: 490859K(667648K)->490859K(667648K)
[533.892s][info][gc,metaspace   ] GC(1782) Metaspace: 18926K(19072K)->18926K(19072K) NonClass: 17097K(17216K)->17097K(17216K) Class: 1829K(1856K)->1829K(1856K)
[533.892s][info][gc             ] GC(1782) Pause Young (Allocation Failure) 588M->479M(869M) 1.605ms
[533.892s][info][gc,cpu         ] GC(1782) User=0.00s Sys=0.00s Real=0.00s
[534.030s][info][gc,start       ] GC(1783) Pause Young (Allocation Failure)
[534.031s][info][gc,heap        ] GC(1783) PSYoungGen: 111680K(222720K)->64K(222720K) Eden: 111616K(111616K)->0K(111616K) From: 64K(111104K)->64K(111104K)
[534.031s][info][gc,heap        ] GC(1783) ParOldGen: 490859K(667648K)->490859K(667648K)
[534.031s][info][gc,metaspace   ] GC(1783) Metaspace: 18926K(19072K)->18926K(19072K) NonClass: 17097K(17216K)->17097K(17216K) Class: 1829K(1856K)->1829K(1856K)
[534.031s][info][gc             ] GC(1783) Pause Young (Allocation Failure) 588M->479M(869M) 1.618ms
[534.031s][info][gc,cpu         ] GC(1783) User=0.00s Sys=0.00s Real=0.00s
[534.155s][info][gc,start       ] GC(1784) Pause Young (Allocation Failure)
[534.167s][info][gc,heap        ] GC(1784) PSYoungGen: 111680K(222720K)->8704K(120320K) Eden: 111616K(111616K)->0K(111616K) From: 64K(111104K)->8704K(8704K)
[534.167s][info][gc,heap        ] GC(1784) ParOldGen: 490859K(667648K)->490859K(667648K)
[534.167s][info][gc,metaspace   ] GC(1784) Metaspace: 18926K(19072K)->18926K(19072K) NonClass: 17097K(17216K)->17097K(17216K) Class: 1829K(1856K)->1829K(1856K)
[534.167s][info][gc             ] GC(1784) Pause Young (Allocation Failure) 588M->487M(769M) 12.404ms
[534.167s][info][gc,cpu         ] GC(1784) User=0.03s Sys=0.00s Real=0.02s
[534.263s][info][gc,start       ] GC(1785) Pause Young (Allocation Failure)
[534.285s][info][gc,heap        ] GC(1785) PSYoungGen: 120320K(120320K)->19904K(212480K) Eden: 111616K(111616K)->0K(117248K) From: 8704K(8704K)->19904K(95232K)
[534.285s][info][gc,heap        ] GC(1785) ParOldGen: 490859K(667648K)->490859K(667648K)
[534.285s][info][gc,metaspace   ] GC(1785) Metaspace: 18926K(19072K)->18926K(19072K) NonClass: 17097K(17216K)->17097K(17216K) Class: 1829K(1856K)->1829K(1856K)
[534.285s][info][gc             ] GC(1785) Pause Young (Allocation Failure) 596M->498M(859M) 21.967ms
[534.285s][info][gc,cpu         ] GC(1785) User=0.04s Sys=0.00s Real=0.02s
[534.377s][info][gc,start       ] GC(1786) Pause Young (Allocation Failure)
[534.408s][info][gc,heap        ] GC(1786) PSYoungGen: 137152K(212480K)->31776K(215040K) Eden: 117248K(117248K)->0K(117248K) From: 19904K(95232K)->31776K(97792K)
[534.408s][info][gc,heap        ] GC(1786) ParOldGen: 490859K(667648K)->490859K(667648K)
[534.408s][info][gc,metaspace   ] GC(1786) Metaspace: 18926K(19072K)->18926K(19072K) NonClass: 17097K(17216K)->17097K(17216K) Class: 1829K(1856K)->1829K(1856K)
[534.408s][info][gc             ] GC(1786) Pause Young (Allocation Failure) 613M->510M(862M) 31.602ms
[534.408s][info][gc,cpu         ] GC(1786) User=0.06s Sys=0.00s Real=0.03s
[534.498s][info][gc,start       ] GC(1787) Pause Young (Allocation Failure)
[534.531s][info][gc,heap        ] GC(1787) PSYoungGen: 149024K(215040K)->33376K(217600K) Eden: 117248K(117248K)->0K(126464K) From: 31776K(97792K)->33376K(91136K)
[534.532s][info][gc,heap        ] GC(1787) ParOldGen: 490859K(667648K)->490859K(667648K)
[534.532s][info][gc,metaspace   ] GC(1787) Metaspace: 18926K(19072K)->18926K(19072K) NonClass: 17097K(17216K)->17097K(17216K) Class: 1829K(1856K)->1829K(1856K)
[534.532s][info][gc             ] GC(1787) Pause Young (Allocation Failure) 624M->511M(864M) 33.137ms
[534.532s][info][gc,cpu         ] GC(1787) User=0.07s Sys=0.00s Real=0.03s
[534.638s][info][gc,start       ] GC(1788) Pause Young (Allocation Failure)
[534.672s][info][gc,heap        ] GC(1788) PSYoungGen: 159840K(217600K)->35264K(219136K) Eden: 126464K(126464K)->0K(126464K) From: 33376K(91136K)->35264K(92672K)
[534.672s][info][gc,heap        ] GC(1788) ParOldGen: 490859K(667648K)->490859K(667648K)
[534.672s][info][gc,metaspace   ] GC(1788) Metaspace: 18926K(19072K)->18926K(19072K) NonClass: 17097K(17216K)->17097K(17216K) Class: 1829K(1856K)->1829K(1856K)
[534.672s][info][gc             ] GC(1788) Pause Young (Allocation Failure) 635M->513M(866M) 34.640ms
[534.672s][info][gc,cpu         ] GC(1788) User=0.07s Sys=0.00s Real=0.03s
[534.791s][info][gc,start       ] GC(1789) Pause Young (Allocation Failure)
[534.828s][info][gc,heap        ] GC(1789) PSYoungGen: 161728K(219136K)->35264K(224768K) Eden: 126464K(126464K)->0K(137728K) From: 35264K(92672K)->35264K(87040K)
[534.829s][info][gc,heap        ] GC(1789) ParOldGen: 490859K(667648K)->490859K(667648K)
[534.829s][info][gc,metaspace   ] GC(1789) Metaspace: 18926K(19072K)->18926K(19072K) NonClass: 17097K(17216K)->17097K(17216K) Class: 1829K(1856K)->1829K(1856K)
[534.829s][info][gc             ] GC(1789) Pause Young (Allocation Failure) 637M->513M(871M) 37.972ms
[534.829s][info][gc,cpu         ] GC(1789) User=0.08s Sys=0.00s Real=0.04s
[534.958s][info][gc,start       ] GC(1790) Pause Young (Allocation Failure)
[535.000s][info][gc,heap        ] GC(1790) PSYoungGen: 172992K(224768K)->43968K(226304K) Eden: 137728K(137728K)->0K(137728K) From: 35264K(87040K)->43968K(88576K)
[535.000s][info][gc,heap        ] GC(1790) ParOldGen: 490859K(667648K)->490859K(667648K)
[535.000s][info][gc,metaspace   ] GC(1790) Metaspace: 18926K(19072K)->18926K(19072K) NonClass: 17097K(17216K)->17097K(17216K) Class: 1829K(1856K)->1829K(1856K)
[535.000s][info][gc             ] GC(1790) Pause Young (Allocation Failure) 648M->522M(873M) 42.583ms
[535.000s][info][gc,cpu         ] GC(1790) User=0.09s Sys=0.00s Real=0.04s
[535.274s][info][gc,start       ] GC(1791) Pause Young (Allocation Failure)
[535.319s][info][gc,heap        ] GC(1791) PSYoungGen: 181696K(226304K)->44000K(239616K) Eden: 137728K(137728K)->0K(150016K) From: 43968K(88576K)->44000K(89600K)
[535.319s][info][gc,heap        ] GC(1791) ParOldGen: 490859K(667648K)->490859K(667648K)
[535.319s][info][gc,metaspace   ] GC(1791) Metaspace: 18926K(19072K)->18926K(19072K) NonClass: 17097K(17216K)->17097K(17216K) Class: 1829K(1856K)->1829K(1856K)
[535.319s][info][gc             ] GC(1791) Pause Young (Allocation Failure) 656M->522M(886M) 45.519ms
[535.319s][info][gc,cpu         ] GC(1791) User=0.09s Sys=0.00s Real=0.05s
[535.571s][info][gc,start       ] GC(1792) Pause Young (Allocation Failure)
[535.618s][info][gc,heap        ] GC(1792) PSYoungGen: 194016K(239616K)->44128K(240128K) Eden: 150016K(150016K)->0K(150016K) From: 44000K(89600K)->44128K(90112K)
[535.618s][info][gc,heap        ] GC(1792) ParOldGen: 490859K(667648K)->490859K(667648K)
[535.618s][info][gc,metaspace   ] GC(1792) Metaspace: 18926K(19072K)->18926K(19072K) NonClass: 17097K(17216K)->17097K(17216K) Class: 1829K(1856K)->1829K(1856K)
[535.618s][info][gc             ] GC(1792) Pause Young (Allocation Failure) 668M->522M(886M) 47.098ms
[535.618s][info][gc,cpu         ] GC(1792) User=0.09s Sys=0.00s Real=0.05s
[535.865s][info][gc,start       ] GC(1793) Pause Young (Allocation Failure)
[535.910s][info][gc,heap        ] GC(1793) PSYoungGen: 194144K(240128K)->44160K(242688K) Eden: 150016K(150016K)->0K(153600K) From: 44128K(90112K)->44160K(89088K)
[535.910s][info][gc,heap        ] GC(1793) ParOldGen: 490859K(667648K)->490859K(667648K)
[535.910s][info][gc,metaspace   ] GC(1793) Metaspace: 18926K(19072K)->18926K(19072K) NonClass: 17097K(17216K)->17097K(17216K) Class: 1829K(1856K)->1829K(1856K)
[535.910s][info][gc             ] GC(1793) Pause Young (Allocation Failure) 668M->522M(889M) 44.712ms
[535.910s][info][gc,cpu         ] GC(1793) User=0.09s Sys=0.00s Real=0.05s
[536.188s][info][gc,start       ] GC(1794) Pause Young (Allocation Failure)
[536.231s][info][gc,heap        ] GC(1794) PSYoungGen: 197760K(242688K)->44192K(243200K) Eden: 153600K(153600K)->0K(153600K) From: 44160K(89088K)->44192K(89600K)
[536.231s][info][gc,heap        ] GC(1794) ParOldGen: 490859K(667648K)->490859K(667648K)
[536.231s][info][gc,metaspace   ] GC(1794) Metaspace: 18926K(19072K)->18926K(19072K) NonClass: 17097K(17216K)->17097K(17216K) Class: 1829K(1856K)->1829K(1856K)
[536.231s][info][gc             ] GC(1794) Pause Young (Allocation Failure) 672M->522M(889M) 42.433ms
[536.231s][info][gc,cpu         ] GC(1794) User=0.08s Sys=0.00s Real=0.04s
[536.412s][info][gc,start       ] GC(1795) Pause Young (Allocation Failure)
[536.467s][info][gc,heap        ] GC(1795) PSYoungGen: 197792K(243200K)->58176K(237056K) Eden: 153600K(153600K)->0K(148480K) From: 44192K(89600K)->58176K(88576K)
[536.467s][info][gc,heap        ] GC(1795) ParOldGen: 490859K(667648K)->490859K(667648K)
[536.467s][info][gc,metaspace   ] GC(1795) Metaspace: 18926K(19072K)->18926K(19072K) NonClass: 17097K(17216K)->17097K(17216K) Class: 1829K(1856K)->1829K(1856K)
[536.467s][info][gc             ] GC(1795) Pause Young (Allocation Failure) 672M->536M(883M) 54.814ms
[536.467s][info][gc,cpu         ] GC(1795) User=0.11s Sys=0.00s Real=0.06s
[536.636s][info][gc,start       ] GC(1796) Pause Young (Allocation Failure)
[536.701s][info][gc,heap        ] GC(1796) PSYoungGen: 206656K(237056K)->66256K(215040K) Eden: 148480K(148480K)->0K(148480K) From: 58176K(88576K)->66256K(66560K)
[536.701s][info][gc,heap        ] GC(1796) ParOldGen: 490859K(667648K)->490859K(667648K)
[536.701s][info][gc,metaspace   ] GC(1796) Metaspace: 18927K(19072K)->18927K(19072K) NonClass: 17097K(17216K)->17097K(17216K) Class: 1829K(1856K)->1829K(1856K)
[536.701s][info][gc             ] GC(1796) Pause Young (Allocation Failure) 681M->544M(862M) 65.004ms
[536.701s][info][gc,cpu         ] GC(1796) User=0.13s Sys=0.00s Real=0.07s
[536.790s][info][gc,start       ] GC(1797) Pause Young (Allocation Failure)
[536.903s][info][gc,heap        ] GC(1797) PSYoungGen: 214736K(215040K)->98272K(209920K) Eden: 148480K(148480K)->0K(111616K) From: 66256K(66560K)->98272K(98304K)
[536.903s][info][gc,heap        ] GC(1797) ParOldGen: 490859K(667648K)->507323K(667648K)
[536.903s][info][gc,metaspace   ] GC(1797) Metaspace: 18929K(19072K)->18929K(19072K) NonClass: 17099K(17216K)->17099K(17216K) Class: 1829K(1856K)->1829K(1856K)
[536.903s][info][gc             ] GC(1797) Pause Young (Allocation Failure) 689M->591M(857M) 112.846ms
[536.903s][info][gc,cpu         ] GC(1797) User=0.21s Sys=0.02s Real=0.11s
[537.091s][info][gc,start       ] GC(1798) Pause Young (Allocation Failure)
[537.178s][info][gc,heap        ] GC(1798) PSYoungGen: 209888K(209920K)->81248K(222720K) Eden: 111616K(111616K)->0K(111616K) From: 98272K(98304K)->81248K(111104K)
[537.178s][info][gc,heap        ] GC(1798) ParOldGen: 507323K(667648K)->527267K(667648K)
[537.178s][info][gc,metaspace   ] GC(1798) Metaspace: 18929K(19072K)->18929K(19072K) NonClass: 17099K(17216K)->17099K(17216K) Class: 1829K(1856K)->1829K(1856K)
[537.178s][info][gc             ] GC(1798) Pause Young (Allocation Failure) 700M->594M(869M) 87.413ms
[537.178s][info][gc,cpu         ] GC(1798) User=0.18s Sys=0.00s Real=0.09s
[537.326s][info][gc,start       ] GC(1799) Pause Young (Allocation Failure)
[537.416s][info][gc,heap        ] GC(1799) PSYoungGen: 192864K(222720K)->80240K(222720K) Eden: 111616K(111616K)->0K(111616K) From: 81248K(111104K)->80240K(111104K)
[537.416s][info][gc,heap        ] GC(1799) ParOldGen: 527267K(667648K)->540755K(667648K)
[537.416s][info][gc,metaspace   ] GC(1799) Metaspace: 18929K(19072K)->18929K(19072K) NonClass: 17099K(17216K)->17099K(17216K) Class: 1829K(1856K)->1829K(1856K)
[537.416s][info][gc             ] GC(1799) Pause Young (Allocation Failure) 703M->606M(869M) 90.235ms
[537.416s][info][gc,cpu         ] GC(1799) User=0.18s Sys=0.00s Real=0.09s
[537.562s][info][gc,start       ] GC(1800) Pause Young (Allocation Failure)
[537.658s][info][gc,heap        ] GC(1800) PSYoungGen: 191856K(222720K)->78320K(222720K) Eden: 111616K(111616K)->0K(111616K) From: 80240K(111104K)->78320K(111104K)
[537.658s][info][gc,heap        ] GC(1800) ParOldGen: 540755K(667648K)->542691K(667648K)
[537.658s][info][gc,metaspace   ] GC(1800) Metaspace: 18929K(19072K)->18929K(19072K) NonClass: 17099K(17216K)->17099K(17216K) Class: 1829K(1856K)->1829K(1856K)
[537.658s][info][gc             ] GC(1800) Pause Young (Allocation Failure) 715M->606M(869M) 96.441ms
[537.658s][info][gc,cpu         ] GC(1800) User=0.19s Sys=0.00s Real=0.10s
[537.821s][info][gc,start       ] GC(1801) Pause Young (Allocation Failure)
[537.901s][info][gc,heap        ] GC(1801) PSYoungGen: 189936K(222720K)->69616K(222720K) Eden: 111616K(111616K)->0K(111616K) From: 78320K(111104K)->69616K(111104K)
[537.901s][info][gc,heap        ] GC(1801) ParOldGen: 542691K(667648K)->551443K(667648K)
[537.901s][info][gc,metaspace   ] GC(1801) Metaspace: 18929K(19072K)->18929K(19072K) NonClass: 17099K(17216K)->17099K(17216K) Class: 1829K(1856K)->1829K(1856K)
[537.901s][info][gc             ] GC(1801) Pause Young (Allocation Failure) 715M->606M(869M) 80.157ms
[537.901s][info][gc,cpu         ] GC(1801) User=0.16s Sys=0.00s Real=0.08s
[538.058s][info][gc,start       ] GC(1802) Pause Young (Allocation Failure)
[538.139s][info][gc,heap        ] GC(1802) PSYoungGen: 181232K(222720K)->69456K(222720K) Eden: 111616K(111616K)->0K(111616K) From: 69616K(111104K)->69456K(111104K)
[538.139s][info][gc,heap        ] GC(1802) ParOldGen: 551443K(667648K)->551600K(667648K)
[538.139s][info][gc,metaspace   ] GC(1802) Metaspace: 18929K(19072K)->18929K(19072K) NonClass: 17099K(17216K)->17099K(17216K) Class: 1829K(1856K)->1829K(1856K)
[538.139s][info][gc             ] GC(1802) Pause Young (Allocation Failure) 715M->606M(869M) 81.232ms
[538.139s][info][gc,cpu         ] GC(1802) User=0.16s Sys=0.00s Real=0.08s
[538.299s][info][gc,start       ] GC(1803) Pause Young (Allocation Failure)
[538.374s][info][gc,heap        ] GC(1803) PSYoungGen: 181072K(222720K)->55440K(222720K) Eden: 111616K(111616K)->0K(111616K) From: 69456K(111104K)->55440K(111104K)
[538.374s][info][gc,heap        ] GC(1803) ParOldGen: 551600K(667648K)->565664K(667648K)
[538.374s][info][gc,metaspace   ] GC(1803) Metaspace: 18929K(19072K)->18929K(19072K) NonClass: 17099K(17216K)->17099K(17216K) Class: 1829K(1856K)->1829K(1856K)
[538.374s][info][gc             ] GC(1803) Pause Young (Allocation Failure) 715M->606M(869M) 75.182ms
[538.374s][info][gc,cpu         ] GC(1803) User=0.15s Sys=0.00s Real=0.07s
[538.532s][info][gc,start       ] GC(1804) Pause Young (Allocation Failure)
[538.587s][info][gc,heap        ] GC(1804) PSYoungGen: 167056K(222720K)->15328K(222720K) Eden: 111616K(111616K)->0K(111616K) From: 55440K(111104K)->15328K(111104K)
[538.587s][info][gc,heap        ] GC(1804) ParOldGen: 565664K(667648K)->606203K(667648K)
[538.587s][info][gc,metaspace   ] GC(1804) Metaspace: 18929K(19072K)->18929K(19072K) NonClass: 17099K(17216K)->17099K(17216K) Class: 1829K(1856K)->1829K(1856K)
[538.587s][info][gc             ] GC(1804) Pause Young (Allocation Failure) 715M->606M(869M) 55.810ms
[538.587s][info][gc,cpu         ] GC(1804) User=0.11s Sys=0.00s Real=0.06s
[538.744s][info][gc,start       ] GC(1805) Pause Young (Allocation Failure)
[538.775s][info][gc,heap        ] GC(1805) PSYoungGen: 126944K(222720K)->32K(222720K) Eden: 111616K(111616K)->0K(111616K) From: 15328K(111104K)->32K(111104K)
[538.775s][info][gc,heap        ] GC(1805) ParOldGen: 606203K(667648K)->621532K(667648K)
[538.775s][info][gc,metaspace   ] GC(1805) Metaspace: 18929K(19072K)->18929K(19072K) NonClass: 17099K(17216K)->17099K(17216K) Class: 1829K(1856K)->1829K(1856K)
[538.775s][info][gc             ] GC(1805) Pause Young (Allocation Failure) 715M->606M(869M) 30.643ms
[538.775s][info][gc,cpu         ] GC(1805) User=0.06s Sys=0.00s Real=0.03s
[538.937s][info][gc,start       ] GC(1806) Pause Full (Allocation Failure)
[538.937s][info][gc,phases,start] GC(1806) Marking Phase
[539.264s][info][gc,phases      ] GC(1806) Marking Phase 327.469ms
[539.264s][info][gc,phases,start] GC(1806) Summary Phase
[539.264s][info][gc,phases      ] GC(1806) Summary Phase 0.026ms
[539.264s][info][gc,phases,start] GC(1806) Forward
[539.302s][info][gc,phases      ] GC(1806) Forward 38.245ms
[539.302s][info][gc,phases,start] GC(1806) Adjust Pointers
[539.564s][info][gc,phases      ] GC(1806) Adjust Pointers 261.890ms
[539.564s][info][gc,phases,start] GC(1806) Compaction Phase
[539.686s][info][gc,phases      ] GC(1806) Compaction Phase 122.025ms
[539.694s][info][gc,phases,start] GC(1806) Post Compact
[539.696s][info][gc,phases      ] GC(1806) Post Compact 2.183ms
[539.696s][info][gc,heap        ] GC(1806) PSYoungGen: 111648K(222720K)->0K(222720K) Eden: 111616K(111616K)->0K(111616K) From: 32K(111104K)->0K(111104K)
[539.696s][info][gc,heap        ] GC(1806) ParOldGen: 621532K(667648K)->484296K(667648K)
[539.696s][info][gc,metaspace   ] GC(1806) Metaspace: 18929K(19072K)->18929K(19072K) NonClass: 17099K(17216K)->17099K(17216K) Class: 1829K(1856K)->1829K(1856K)
[539.696s][info][gc             ] GC(1806) Pause Full (Allocation Failure) 715M->472M(869M) 759.385ms
[539.696s][info][gc,cpu         ] GC(1806) User=1.49s Sys=0.00s Real=0.75s
[539.814s][info][gc,start       ] GC(1807) Pause Young (Allocation Failure)
[539.840s][info][gc,heap        ] GC(1807) PSYoungGen: 111616K(222720K)->19616K(222720K) Eden: 111616K(111616K)->0K(111616K) From: 0K(111104K)->19616K(111104K)
[539.840s][info][gc,heap        ] GC(1807) ParOldGen: 484296K(667648K)->484296K(667648K)
[539.840s][info][gc,metaspace   ] GC(1807) Metaspace: 18929K(19072K)->18929K(19072K) NonClass: 17099K(17216K)->17099K(17216K) Class: 1829K(1856K)->1829K(1856K)
[539.840s][info][gc             ] GC(1807) Pause Young (Allocation Failure) 581M->492M(869M) 26.141ms
[539.840s][info][gc,cpu         ] GC(1807) User=0.05s Sys=0.00s Real=0.03s
[539.945s][info][gc,start       ] GC(1808) Pause Young (Allocation Failure)
[539.980s][info][gc,heap        ] GC(1808) PSYoungGen: 131232K(222720K)->32352K(222720K) Eden: 111616K(111616K)->0K(111616K) From: 19616K(111104K)->32352K(111104K)
[539.980s][info][gc,heap        ] GC(1808) ParOldGen: 484296K(667648K)->484296K(667648K)
[539.980s][info][gc,metaspace   ] GC(1808) Metaspace: 18929K(19072K)->18929K(19072K) NonClass: 17099K(17216K)->17099K(17216K) Class: 1829K(1856K)->1829K(1856K)
[539.980s][info][gc             ] GC(1808) Pause Young (Allocation Failure) 601M->504M(869M) 34.756ms
[539.980s][info][gc,cpu         ] GC(1808) User=0.07s Sys=0.00s Real=0.04s
[540.073s][info][gc,start       ] GC(1809) Pause Young (Allocation Failure)
[540.122s][info][gc,heap        ] GC(1809) PSYoungGen: 143968K(222720K)->46496K(219648K) Eden: 111616K(111616K)->0K(111616K) From: 32352K(111104K)->46496K(108032K)
[540.122s][info][gc,heap        ] GC(1809) ParOldGen: 484296K(667648K)->484296K(667648K)
[540.122s][info][gc,metaspace   ] GC(1809) Metaspace: 18929K(19072K)->18929K(19072K) NonClass: 17099K(17216K)->17099K(17216K) Class: 1829K(1856K)->1829K(1856K)
[540.122s][info][gc             ] GC(1809) Pause Young (Allocation Failure) 613M->518M(866M) 48.755ms
[540.122s][info][gc,cpu         ] GC(1809) User=0.10s Sys=0.00s Real=0.05s
[540.208s][info][gc,start       ] GC(1810) Pause Young (Allocation Failure)
[540.292s][info][gc,heap        ] GC(1810) PSYoungGen: 158112K(219648K)->45024K(156672K) Eden: 111616K(111616K)->0K(111616K) From: 46496K(108032K)->45024K(45056K)
[540.292s][info][gc,heap        ] GC(1810) ParOldGen: 484296K(667648K)->516704K(667648K)
[540.292s][info][gc,metaspace   ] GC(1810) Metaspace: 18929K(19072K)->18929K(19072K) NonClass: 17099K(17216K)->17099K(17216K) Class: 1829K(1856K)->1829K(1856K)
[540.292s][info][gc             ] GC(1810) Pause Young (Allocation Failure) 627M->548M(805M) 83.569ms
[540.292s][info][gc,cpu         ] GC(1810) User=0.16s Sys=0.00s Real=0.08s
[540.391s][info][gc,start       ] GC(1811) Pause Young (Allocation Failure)
[540.457s][info][gc,heap        ] GC(1811) PSYoungGen: 156640K(156672K)->13664K(220160K) Eden: 111616K(111616K)->0K(116736K) From: 45024K(45056K)->13664K(103424K)
[540.457s][info][gc,heap        ] GC(1811) ParOldGen: 516704K(667648K)->561856K(667648K)
[540.457s][info][gc,metaspace   ] GC(1811) Metaspace: 18929K(19072K)->18929K(19072K) NonClass: 17099K(17216K)->17099K(17216K) Class: 1829K(1856K)->1829K(1856K)
[540.457s][info][gc             ] GC(1811) Pause Young (Allocation Failure) 657M->562M(867M) 66.724ms
[540.457s][info][gc,cpu         ] GC(1811) User=0.13s Sys=0.00s Real=0.07s
[540.520s][info][gc,start       ] GC(1812) Pause Young (Allocation Failure)
[540.555s][info][gc,heap        ] GC(1812) PSYoungGen: 130400K(220160K)->14880K(219648K) Eden: 116736K(116736K)->0K(116736K) From: 13664K(103424K)->14880K(102912K)
[540.555s][info][gc,heap        ] GC(1812) ParOldGen: 561856K(667648K)->575536K(667648K)
[540.555s][info][gc,metaspace   ] GC(1812) Metaspace: 18929K(19072K)->18929K(19072K) NonClass: 17099K(17216K)->17099K(17216K) Class: 1829K(1856K)->1829K(1856K)
[540.555s][info][gc             ] GC(1812) Pause Young (Allocation Failure) 676M->576M(866M) 35.112ms
[540.556s][info][gc,cpu         ] GC(1812) User=0.07s Sys=0.00s Real=0.03s
[540.609s][info][gc,start       ] GC(1813) Pause Young (Allocation Failure)
[540.634s][info][gc,heap        ] GC(1813) PSYoungGen: 131616K(219648K)->3168K(228352K) Eden: 116736K(116736K)->0K(127488K) From: 14880K(102912K)->3168K(100864K)
[540.634s][info][gc,heap        ] GC(1813) ParOldGen: 575536K(667648K)->590448K(667648K)
[540.634s][info][gc,metaspace   ] GC(1813) Metaspace: 18929K(19072K)->18929K(19072K) NonClass: 17099K(17216K)->17099K(17216K) Class: 1829K(1856K)->1829K(1856K)
[540.634s][info][gc             ] GC(1813) Pause Young (Allocation Failure) 690M->579M(875M) 24.374ms
[540.634s][info][gc,cpu         ] GC(1813) User=0.05s Sys=0.00s Real=0.02s
[540.713s][info][gc,start       ] GC(1814) Pause Young (Allocation Failure)
[540.724s][info][gc,heap        ] GC(1814) PSYoungGen: 130656K(228352K)->2688K(228352K) Eden: 127488K(127488K)->0K(127488K) From: 3168K(100864K)->2688K(100864K)
[540.724s][info][gc,heap        ] GC(1814) ParOldGen: 590448K(667648K)->593608K(667648K)
[540.724s][info][gc,metaspace   ] GC(1814) Metaspace: 18929K(19072K)->18929K(19072K) NonClass: 17099K(17216K)->17099K(17216K) Class: 1829K(1856K)->1829K(1856K)
[540.724s][info][gc             ] GC(1814) Pause Young (Allocation Failure) 704M->582M(875M) 11.414ms
[540.724s][info][gc,cpu         ] GC(1814) User=0.02s Sys=0.00s Real=0.01s
[540.807s][info][gc,start       ] GC(1815) Pause Young (Allocation Failure)
[540.822s][info][gc,heap        ] GC(1815) PSYoungGen: 130176K(228352K)->2848K(229888K) Eden: 127488K(127488K)->0K(133120K) From: 2688K(100864K)->2848K(96768K)
[540.823s][info][gc,heap        ] GC(1815) ParOldGen: 593608K(667648K)->596304K(667648K)
[540.823s][info][gc,metaspace   ] GC(1815) Metaspace: 18929K(19072K)->18929K(19072K) NonClass: 17099K(17216K)->17099K(17216K) Class: 1829K(1856K)->1829K(1856K)
[540.823s][info][gc             ] GC(1815) Pause Young (Allocation Failure) 706M->585M(876M) 15.731ms
[540.823s][info][gc,cpu         ] GC(1815) User=0.03s Sys=0.00s Real=0.01s
[540.903s][info][gc,start       ] GC(1816) Pause Young (Allocation Failure)
[540.912s][info][gc,heap        ] GC(1816) PSYoungGen: 135968K(229888K)->1376K(230912K) Eden: 133120K(133120K)->0K(133120K) From: 2848K(96768K)->1376K(97792K)
[540.912s][info][gc,heap        ] GC(1816) ParOldGen: 596304K(667648K)->599144K(667648K)
[540.912s][info][gc,metaspace   ] GC(1816) Metaspace: 18929K(19072K)->18929K(19072K) NonClass: 17099K(17216K)->17099K(17216K) Class: 1829K(1856K)->1829K(1856K)
[540.912s][info][gc             ] GC(1816) Pause Young (Allocation Failure) 715M->586M(877M) 9.784ms
[540.912s][info][gc,cpu         ] GC(1816) User=0.02s Sys=0.00s Real=0.01s
[541.007s][info][gc,start       ] GC(1817) Pause Young (Allocation Failure)
[541.020s][info][gc,heap        ] GC(1817) PSYoungGen: 134496K(230912K)->4096K(230912K) Eden: 133120K(133120K)->0K(140288K) From: 1376K(97792K)->4096K(90624K)
[541.020s][info][gc,heap        ] GC(1817) ParOldGen: 599144K(667648K)->600504K(667648K)
[541.020s][info][gc,metaspace   ] GC(1817) Metaspace: 18929K(19072K)->18929K(19072K) NonClass: 17099K(17216K)->17099K(17216K) Class: 1829K(1856K)->1829K(1856K)
[541.020s][info][gc             ] GC(1817) Pause Young (Allocation Failure) 716M->590M(877M) 13.451ms
[541.020s][info][gc,cpu         ] GC(1817) User=0.02s Sys=0.00s Real=0.01s
[541.134s][info][gc,start       ] GC(1818) Pause Young (Allocation Failure)
[541.154s][info][gc,heap        ] GC(1818) PSYoungGen: 144384K(230912K)->14112K(232960K) Eden: 140288K(140288K)->0K(140288K) From: 4096K(90624K)->14112K(92672K)
[541.154s][info][gc,heap        ] GC(1818) ParOldGen: 600504K(667648K)->600504K(667648K)
[541.154s][info][gc,metaspace   ] GC(1818) Metaspace: 18929K(19072K)->18929K(19072K) NonClass: 17099K(17216K)->17099K(17216K) Class: 1829K(1856K)->1829K(1856K)
[541.154s][info][gc             ] GC(1818) Pause Young (Allocation Failure) 727M->600M(879M) 19.995ms
[541.154s][info][gc,cpu         ] GC(1818) User=0.03s Sys=0.00s Real=0.02s
[541.292s][info][gc,start       ] GC(1819) Pause Young (Allocation Failure)
[541.310s][info][gc,heap        ] GC(1819) PSYoungGen: 154400K(232960K)->14176K(231936K) Eden: 140288K(140288K)->0K(152576K) From: 14112K(92672K)->14176K(79360K)
[541.310s][info][gc,heap        ] GC(1819) ParOldGen: 600504K(667648K)->600504K(667648K)
[541.310s][info][gc,metaspace   ] GC(1819) Metaspace: 18929K(19072K)->18929K(19072K) NonClass: 17099K(17216K)->17099K(17216K) Class: 1829K(1856K)->1829K(1856K)
[541.310s][info][gc             ] GC(1819) Pause Young (Allocation Failure) 737M->600M(878M) 18.511ms
[541.310s][info][gc,cpu         ] GC(1819) User=0.03s Sys=0.00s Real=0.02s
[541.527s][info][gc,start       ] GC(1820) Pause Young (Allocation Failure)
[541.563s][info][gc,heap        ] GC(1820) PSYoungGen: 166752K(231936K)->30272K(235008K) Eden: 152576K(152576K)->0K(152576K) From: 14176K(79360K)->30272K(82432K)
[541.563s][info][gc,heap        ] GC(1820) ParOldGen: 600504K(667648K)->600504K(667648K)
[541.563s][info][gc,metaspace   ] GC(1820) Metaspace: 18929K(19072K)->18929K(19072K) NonClass: 17099K(17216K)->17099K(17216K) Class: 1829K(1856K)->1829K(1856K)
[541.563s][info][gc             ] GC(1820) Pause Young (Allocation Failure) 749M->615M(881M) 35.500ms
[541.563s][info][gc,cpu         ] GC(1820) User=0.07s Sys=0.00s Real=0.03s
[542.024s][info][gc,start       ] GC(1821) Pause Young (Allocation Failure)
[542.062s][info][gc,heap        ] GC(1821) PSYoungGen: 182848K(235008K)->33208K(240128K) Eden: 152576K(152576K)->0K(164864K) From: 30272K(82432K)->33208K(75264K)
[542.062s][info][gc,heap        ] GC(1821) ParOldGen: 600504K(667648K)->600504K(667648K)
[542.062s][info][gc,metaspace   ] GC(1821) Metaspace: 18929K(19072K)->18929K(19072K) NonClass: 17100K(17216K)->17100K(17216K) Class: 1829K(1856K)->1829K(1856K)
[542.062s][info][gc             ] GC(1821) Pause Young (Allocation Failure) 764M->618M(886M) 38.019ms
[542.062s][info][gc,cpu         ] GC(1821) User=0.07s Sys=0.00s Real=0.04s
[542.279s][info][gc,start       ] GC(1822) Pause Young (Allocation Failure)
[542.331s][info][gc,heap        ] GC(1822) PSYoungGen: 198072K(240128K)->46960K(242688K) Eden: 164864K(164864K)->0K(164864K) From: 33208K(75264K)->46960K(77824K)
[542.331s][info][gc,heap        ] GC(1822) ParOldGen: 600504K(667648K)->600504K(667648K)
[542.331s][info][gc,metaspace   ] GC(1822) Metaspace: 18929K(19072K)->18929K(19072K) NonClass: 17100K(17216K)->17100K(17216K) Class: 1829K(1856K)->1829K(1856K)
[542.331s][info][gc             ] GC(1822) Pause Young (Allocation Failure) 779M->632M(889M) 52.048ms
[542.331s][info][gc,cpu         ] GC(1822) User=0.10s Sys=0.00s Real=0.05s
[542.533s][info][gc,start       ] GC(1823) Pause Young (Allocation Failure)
[542.622s][info][gc,heap        ] GC(1823) PSYoungGen: 211824K(242688K)->80872K(216064K) Eden: 164864K(164864K)->0K(135168K) From: 46960K(77824K)->80872K(80896K)
[542.622s][info][gc,heap        ] GC(1823) ParOldGen: 600504K(667648K)->610856K(667648K)
[542.622s][info][gc,metaspace   ] GC(1823) Metaspace: 18929K(19072K)->18929K(19072K) NonClass: 17100K(17216K)->17100K(17216K) Class: 1829K(1856K)->1829K(1856K)
[542.622s][info][gc             ] GC(1823) Pause Young (Allocation Failure) 793M->675M(863M) 88.887ms
[542.622s][info][gc,cpu         ] GC(1823) User=0.16s Sys=0.01s Real=0.09s
[542.811s][info][gc,start       ] GC(1824) Pause Young (Allocation Failure)
[542.909s][info][gc,heap        ] GC(1824) PSYoungGen: 216040K(216064K)->99328K(234496K) Eden: 135168K(135168K)->0K(135168K) From: 80872K(80896K)->99328K(99328K)
[542.909s][info][gc,heap        ] GC(1824) ParOldGen: 610856K(667648K)->625312K(667648K)
[542.909s][info][gc,metaspace   ] GC(1824) Metaspace: 18932K(19072K)->18932K(19072K) NonClass: 17102K(17216K)->17102K(17216K) Class: 1829K(1856K)->1829K(1856K)
[542.909s][info][gc             ] GC(1824) Pause Young (Allocation Failure) 807M->707M(881M) 98.437ms
[542.909s][info][gc,cpu         ] GC(1824) User=0.20s Sys=0.00s Real=0.10s
[543.134s][info][gc,start       ] GC(1825) Pause Young (Allocation Failure)
[543.222s][info][gc,heap        ] GC(1825) PSYoungGen: 234496K(234496K)->83440K(210944K) Eden: 135168K(135168K)->0K(111616K) From: 99328K(99328K)->83440K(99328K)
[543.222s][info][gc,heap        ] GC(1825) ParOldGen: 625312K(667648K)->641560K(667648K)
[543.222s][info][gc,metaspace   ] GC(1825) Metaspace: 18932K(19072K)->18932K(19072K) NonClass: 17102K(17216K)->17102K(17216K) Class: 1829K(1856K)->1829K(1856K)
[543.222s][info][gc             ] GC(1825) Pause Young (Allocation Failure) 839M->708M(858M) 87.323ms
[543.222s][info][gc,cpu         ] GC(1825) User=0.18s Sys=0.00s Real=0.09s
[543.375s][info][gc,start       ] GC(1826) Pause Full (Allocation Failure)
[543.375s][info][gc,phases,start] GC(1826) Marking Phase
[543.887s][info][gc,phases      ] GC(1826) Marking Phase 511.616ms
[543.887s][info][gc,phases,start] GC(1826) Summary Phase
[543.887s][info][gc,phases      ] GC(1826) Summary Phase 0.029ms
[543.887s][info][gc,phases,start] GC(1826) Forward
[544.015s][info][gc,phases      ] GC(1826) Forward 128.171ms
[544.015s][info][gc,phases,start] GC(1826) Adjust Pointers
[544.415s][info][gc,phases      ] GC(1826) Adjust Pointers 399.258ms
[544.415s][info][gc,phases,start] GC(1826) Compaction Phase
[544.660s][info][gc,phases      ] GC(1826) Compaction Phase 245.014ms
[544.673s][info][gc,phases,start] GC(1826) Post Compact
[544.675s][info][gc,phases      ] GC(1826) Post Compact 2.399ms
[544.675s][info][gc,heap        ] GC(1826) PSYoungGen: 195056K(210944K)->23913K(210944K) Eden: 111616K(111616K)->0K(111616K) From: 83440K(99328K)->23913K(99328K)
[544.675s][info][gc,heap        ] GC(1826) ParOldGen: 641560K(667648K)->667161K(667648K)
[544.675s][info][gc,metaspace   ] GC(1826) Metaspace: 18932K(19072K)->18932K(19072K) NonClass: 17102K(17216K)->17102K(17216K) Class: 1829K(1856K)->1829K(1856K)
[544.675s][info][gc             ] GC(1826) Pause Full (Allocation Failure) 817M->674M(858M) 1299.987ms
[544.675s][info][gc,cpu         ] GC(1826) User=2.52s Sys=0.02s Real=1.30s
[544.838s][info][gc,start       ] GC(1827) Pause Full (Allocation Failure)
[544.838s][info][gc,phases,start] GC(1827) Marking Phase
[545.375s][info][gc,phases      ] GC(1827) Marking Phase 537.776ms
[545.375s][info][gc,phases,start] GC(1827) Summary Phase
[545.376s][info][gc,phases      ] GC(1827) Summary Phase 0.030ms
[545.376s][info][gc,phases,start] GC(1827) Forward
[545.394s][info][gc,phases      ] GC(1827) Forward 18.178ms
[545.394s][info][gc,phases,start] GC(1827) Adjust Pointers
[545.750s][info][gc,phases      ] GC(1827) Adjust Pointers 356.234ms
[545.750s][info][gc,phases,start] GC(1827) Compaction Phase
[545.901s][info][gc,phases      ] GC(1827) Compaction Phase 150.579ms
[545.901s][info][gc,phases,start] GC(1827) Post Compact
[545.903s][info][gc,phases      ] GC(1827) Post Compact 2.319ms
[545.903s][info][gc,heap        ] GC(1827) PSYoungGen: 135529K(210944K)->23912K(210944K) Eden: 111616K(111616K)->0K(111616K) From: 23913K(99328K)->23912K(99328K)
[545.903s][info][gc,heap        ] GC(1827) ParOldGen: 667161K(667648K)->667487K(667648K)
[545.903s][info][gc,metaspace   ] GC(1827) Metaspace: 18932K(19072K)->18932K(19072K) NonClass: 17102K(17216K)->17102K(17216K) Class: 1829K(1856K)->1829K(1856K)
[545.903s][info][gc             ] GC(1827) Pause Full (Allocation Failure) 783M->675M(858M) 1065.615ms
[545.903s][info][gc,cpu         ] GC(1827) User=2.08s Sys=0.00s Real=1.06s
[546.067s][info][gc,start       ] GC(1828) Pause Full (Allocation Failure)
[546.067s][info][gc,phases,start] GC(1828) Marking Phase
[546.592s][info][gc,phases      ] GC(1828) Marking Phase 524.729ms
[546.592s][info][gc,phases,start] GC(1828) Summary Phase
[546.592s][info][gc,phases      ] GC(1828) Summary Phase 0.028ms
[546.592s][info][gc,phases,start] GC(1828) Forward
[546.627s][info][gc,phases      ] GC(1828) Forward 35.122ms
[546.627s][info][gc,phases,start] GC(1828) Adjust Pointers
[546.988s][info][gc,phases      ] GC(1828) Adjust Pointers 360.702ms
[546.988s][info][gc,phases,start] GC(1828) Compaction Phase
[547.144s][info][gc,phases      ] GC(1828) Compaction Phase 156.042ms
[547.144s][info][gc,phases,start] GC(1828) Post Compact
[547.146s][info][gc,phases      ] GC(1828) Post Compact 2.305ms
[547.146s][info][gc,heap        ] GC(1828) PSYoungGen: 135528K(210944K)->24734K(222720K) Eden: 111616K(111616K)->24734K(111616K) From: 23912K(99328K)->0K(111104K)
[547.146s][info][gc,heap        ] GC(1828) ParOldGen: 667487K(667648K)->667644K(667648K)
[547.146s][info][gc,metaspace   ] GC(1828) Metaspace: 18932K(19072K)->18932K(19072K) NonClass: 17103K(17216K)->17103K(17216K) Class: 1829K(1856K)->1829K(1856K)
[547.146s][info][gc             ] GC(1828) Pause Full (Allocation Failure) 784M->676M(869M) 1079.454ms
[547.146s][info][gc,cpu         ] GC(1828) User=2.11s Sys=0.01s Real=1.07s
[547.221s][info][gc,start       ] GC(1829) Pause Full (Allocation Failure)
[547.221s][info][gc,phases,start] GC(1829) Marking Phase
[547.758s][info][gc,phases      ] GC(1829) Marking Phase 537.652ms
[547.758s][info][gc,phases,start] GC(1829) Summary Phase
[547.758s][info][gc,phases      ] GC(1829) Summary Phase 0.033ms
[547.758s][info][gc,phases,start] GC(1829) Forward
[547.853s][info][gc,phases      ] GC(1829) Forward 94.287ms
[547.853s][info][gc,phases,start] GC(1829) Adjust Pointers
[548.237s][info][gc,phases      ] GC(1829) Adjust Pointers 384.043ms
[548.237s][info][gc,phases,start] GC(1829) Compaction Phase
[548.408s][info][gc,phases      ] GC(1829) Compaction Phase 170.721ms
[548.422s][info][gc,phases,start] GC(1829) Post Compact
[548.425s][info][gc,phases      ] GC(1829) Post Compact 2.362ms
[548.425s][info][gc,heap        ] GC(1829) PSYoungGen: 111616K(222720K)->25479K(210944K) Eden: 111616K(111616K)->25479K(111616K) From: 0K(111104K)->0K(99328K)
[548.425s][info][gc,heap        ] GC(1829) ParOldGen: 667644K(667648K)->667644K(667648K)
[548.425s][info][gc,metaspace   ] GC(1829) Metaspace: 18932K(19072K)->18932K(19072K) NonClass: 17103K(17216K)->17103K(17216K) Class: 1829K(1856K)->1829K(1856K)
[548.425s][info][gc             ] GC(1829) Pause Full (Allocation Failure) 760M->676M(858M) 1204.296ms
[548.425s][info][gc,cpu         ] GC(1829) User=2.33s Sys=0.00s Real=1.20s
[548.503s][info][gc,start       ] GC(1830) Pause Full (Allocation Failure)
[548.503s][info][gc,phases,start] GC(1830) Marking Phase
[549.057s][info][gc,phases      ] GC(1830) Marking Phase 553.993ms
[549.057s][info][gc,phases,start] GC(1830) Summary Phase
[549.057s][info][gc,phases      ] GC(1830) Summary Phase 0.029ms
[549.057s][info][gc,phases,start] GC(1830) Forward
[549.068s][info][gc,phases      ] GC(1830) Forward 11.314ms
[549.068s][info][gc,phases,start] GC(1830) Adjust Pointers
[549.432s][info][gc,phases      ] GC(1830) Adjust Pointers 363.538ms
[549.432s][info][gc,phases,start] GC(1830) Compaction Phase
[549.578s][info][gc,phases      ] GC(1830) Compaction Phase 145.800ms
[549.578s][info][gc,phases,start] GC(1830) Post Compact
[549.580s][info][gc,phases      ] GC(1830) Post Compact 2.290ms
[549.580s][info][gc,heap        ] GC(1830) PSYoungGen: 111616K(210944K)->26264K(222720K) Eden: 111616K(111616K)->26264K(111616K) From: 0K(99328K)->0K(111104K)
[549.580s][info][gc,heap        ] GC(1830) ParOldGen: 667644K(667648K)->667644K(667648K)
[549.580s][info][gc,metaspace   ] GC(1830) Metaspace: 18934K(19072K)->18934K(19072K) NonClass: 17104K(17216K)->17104K(17216K) Class: 1829K(1856K)->1829K(1856K)
[549.580s][info][gc             ] GC(1830) Pause Full (Allocation Failure) 760M->677M(869M) 1077.513ms
[549.580s][info][gc,cpu         ] GC(1830) User=2.10s Sys=0.00s Real=1.08s
[549.749s][info][gc,start       ] GC(1831) Pause Full (Allocation Failure)
[549.749s][info][gc,phases,start] GC(1831) Marking Phase
[550.291s][info][gc,phases      ] GC(1831) Marking Phase 541.544ms
[550.291s][info][gc,phases,start] GC(1831) Summary Phase
[550.291s][info][gc,phases      ] GC(1831) Summary Phase 0.032ms
[550.291s][info][gc,phases,start] GC(1831) Forward
[550.427s][info][gc,phases      ] GC(1831) Forward 135.606ms
[550.427s][info][gc,phases,start] GC(1831) Adjust Pointers
[550.831s][info][gc,phases      ] GC(1831) Adjust Pointers 404.598ms
[550.832s][info][gc,phases,start] GC(1831) Compaction Phase
[551.021s][info][gc,phases      ] GC(1831) Compaction Phase 189.469ms
[551.038s][info][gc,phases,start] GC(1831) Post Compact
[551.041s][info][gc,phases      ] GC(1831) Post Compact 2.376ms
[551.041s][info][gc,heap        ] GC(1831) PSYoungGen: 111616K(222720K)->29161K(210944K) Eden: 111616K(111616K)->29161K(111616K) From: 0K(111104K)->0K(99328K)
[551.041s][info][gc,heap        ] GC(1831) ParOldGen: 667644K(667648K)->667564K(667648K)
[551.041s][info][gc,metaspace   ] GC(1831) Metaspace: 18934K(19072K)->18934K(19072K) NonClass: 17104K(17216K)->17104K(17216K) Class: 1829K(1856K)->1829K(1856K)
[551.041s][info][gc             ] GC(1831) Pause Full (Allocation Failure) 760M->680M(858M) 1291.463ms
[551.041s][info][gc,cpu         ] GC(1831) User=2.51s Sys=0.01s Real=1.29s
[551.183s][info][gc,start       ] GC(1832) Pause Full (Allocation Failure)
[551.183s][info][gc,phases,start] GC(1832) Marking Phase
[551.719s][info][gc,phases      ] GC(1832) Marking Phase 536.404ms
[551.719s][info][gc,phases,start] GC(1832) Summary Phase
[551.719s][info][gc,phases      ] GC(1832) Summary Phase 0.027ms
[551.719s][info][gc,phases,start] GC(1832) Forward
[551.734s][info][gc,phases      ] GC(1832) Forward 14.394ms
[551.734s][info][gc,phases,start] GC(1832) Adjust Pointers
[552.101s][info][gc,phases      ] GC(1832) Adjust Pointers 367.217ms
[552.101s][info][gc,phases,start] GC(1832) Compaction Phase
[552.252s][info][gc,phases      ] GC(1832) Compaction Phase 150.887ms
[552.252s][info][gc,phases,start] GC(1832) Post Compact
[552.254s][info][gc,phases      ] GC(1832) Post Compact 2.289ms
[552.254s][info][gc,heap        ] GC(1832) PSYoungGen: 111616K(210944K)->43265K(222720K) Eden: 111616K(111616K)->43265K(111616K) From: 0K(99328K)->0K(111104K)
[552.254s][info][gc,heap        ] GC(1832) ParOldGen: 667564K(667648K)->667564K(667648K)
[552.254s][info][gc,metaspace   ] GC(1832) Metaspace: 18934K(19072K)->18934K(19072K) NonClass: 17104K(17216K)->17104K(17216K) Class: 1829K(1856K)->1829K(1856K)
[552.254s][info][gc             ] GC(1832) Pause Full (Allocation Failure) 760M->694M(869M) 1071.743ms
[552.254s][info][gc,cpu         ] GC(1832) User=2.09s Sys=0.00s Real=1.07s
[552.373s][info][gc,start       ] GC(1833) Pause Full (Allocation Failure)
[552.373s][info][gc,phases,start] GC(1833) Marking Phase
[552.920s][info][gc,phases      ] GC(1833) Marking Phase 546.817ms
[552.920s][info][gc,phases,start] GC(1833) Summary Phase
[552.920s][info][gc,phases      ] GC(1833) Summary Phase 0.026ms
[552.920s][info][gc,phases,start] GC(1833) Forward
[552.938s][info][gc,phases      ] GC(1833) Forward 17.160ms
[552.938s][info][gc,phases,start] GC(1833) Adjust Pointers
[553.313s][info][gc,phases      ] GC(1833) Adjust Pointers 375.079ms
[553.313s][info][gc,phases,start] GC(1833) Compaction Phase
[553.460s][info][gc,phases      ] GC(1833) Compaction Phase 146.821ms
[553.460s][info][gc,phases,start] GC(1833) Post Compact
[553.462s][info][gc,phases      ] GC(1833) Post Compact 2.284ms
[553.462s][info][gc,heap        ] GC(1833) PSYoungGen: 111616K(222720K)->53277K(210944K) Eden: 111616K(111616K)->53277K(111616K) From: 0K(111104K)->0K(99328K)
[553.462s][info][gc,heap        ] GC(1833) ParOldGen: 667564K(667648K)->667564K(667648K)
[553.462s][info][gc,metaspace   ] GC(1833) Metaspace: 18934K(19072K)->18934K(19072K) NonClass: 17104K(17216K)->17104K(17216K) Class: 1829K(1856K)->1829K(1856K)
[553.462s][info][gc             ] GC(1833) Pause Full (Allocation Failure) 760M->703M(858M) 1088.718ms
[553.462s][info][gc,cpu         ] GC(1833) User=2.12s Sys=0.00s Real=1.09s
[553.530s][info][gc,start       ] GC(1834) Pause Full (Allocation Failure)
[553.530s][info][gc,phases,start] GC(1834) Marking Phase
[554.098s][info][gc,phases      ] GC(1834) Marking Phase 568.560ms
[554.098s][info][gc,phases,start] GC(1834) Summary Phase
[554.098s][info][gc,phases      ] GC(1834) Summary Phase 0.031ms
[554.099s][info][gc,phases,start] GC(1834) Forward
[554.120s][info][gc,phases      ] GC(1834) Forward 21.834ms
[554.120s][info][gc,phases,start] GC(1834) Adjust Pointers
[554.505s][info][gc,phases      ] GC(1834) Adjust Pointers 384.384ms
[554.505s][info][gc,phases,start] GC(1834) Compaction Phase
[554.664s][info][gc,phases      ] GC(1834) Compaction Phase 158.723ms
[554.664s][info][gc,phases,start] GC(1834) Post Compact
[554.666s][info][gc,phases      ] GC(1834) Post Compact 2.289ms
[554.666s][info][gc,heap        ] GC(1834) PSYoungGen: 111616K(210944K)->58415K(222720K) Eden: 111616K(111616K)->58415K(111616K) From: 0K(99328K)->0K(111104K)
[554.666s][info][gc,heap        ] GC(1834) ParOldGen: 667564K(667648K)->667564K(667648K)
[554.666s][info][gc,metaspace   ] GC(1834) Metaspace: 18934K(19072K)->18934K(19072K) NonClass: 17104K(17216K)->17104K(17216K) Class: 1829K(1856K)->1829K(1856K)
[554.666s][info][gc             ] GC(1834) Pause Full (Allocation Failure) 760M->708M(869M) 1136.385ms
[554.666s][info][gc,cpu         ] GC(1834) User=2.21s Sys=0.00s Real=1.13s
[554.711s][info][gc,start       ] GC(1835) Pause Full (Allocation Failure)
[554.711s][info][gc,phases,start] GC(1835) Marking Phase
[555.274s][info][gc,phases      ] GC(1835) Marking Phase 562.447ms
[555.274s][info][gc,phases,start] GC(1835) Summary Phase
[555.274s][info][gc,phases      ] GC(1835) Summary Phase 0.028ms
[555.274s][info][gc,phases,start] GC(1835) Forward
[555.297s][info][gc,phases      ] GC(1835) Forward 23.470ms
[555.297s][info][gc,phases,start] GC(1835) Adjust Pointers
[555.677s][info][gc,phases      ] GC(1835) Adjust Pointers 379.426ms
[555.677s][info][gc,phases,start] GC(1835) Compaction Phase
[555.827s][info][gc,phases      ] GC(1835) Compaction Phase 149.620ms
[555.827s][info][gc,phases,start] GC(1835) Post Compact
[555.829s][info][gc,phases      ] GC(1835) Post Compact 2.305ms
[555.829s][info][gc,heap        ] GC(1835) PSYoungGen: 111616K(222720K)->68700K(210944K) Eden: 111616K(111616K)->68700K(111616K) From: 0K(111104K)->0K(99328K)
[555.829s][info][gc,heap        ] GC(1835) ParOldGen: 667564K(667648K)->667564K(667648K)
[555.829s][info][gc,metaspace   ] GC(1835) Metaspace: 18934K(19072K)->18934K(19072K) NonClass: 17104K(17216K)->17104K(17216K) Class: 1829K(1856K)->1829K(1856K)
[555.829s][info][gc             ] GC(1835) Pause Full (Allocation Failure) 760M->719M(858M) 1117.868ms
[555.829s][info][gc,cpu         ] GC(1835) User=2.18s Sys=0.00s Real=1.12s
[555.875s][info][gc,start       ] GC(1836) Pause Full (Allocation Failure)
[555.875s][info][gc,phases,start] GC(1836) Marking Phase
[556.449s][info][gc,phases      ] GC(1836) Marking Phase 573.608ms
[556.449s][info][gc,phases,start] GC(1836) Summary Phase
[556.449s][info][gc,phases      ] GC(1836) Summary Phase 0.027ms
[556.449s][info][gc,phases,start] GC(1836) Forward
[556.471s][info][gc,phases      ] GC(1836) Forward 22.472ms
[556.472s][info][gc,phases,start] GC(1836) Adjust Pointers
[556.845s][info][gc,phases      ] GC(1836) Adjust Pointers 373.906ms
[556.846s][info][gc,phases,start] GC(1836) Compaction Phase
[557.001s][info][gc,phases      ] GC(1836) Compaction Phase 155.819ms
[557.001s][info][gc,phases,start] GC(1836) Post Compact
[557.004s][info][gc,phases      ] GC(1836) Post Compact 2.280ms
[557.004s][info][gc,heap        ] GC(1836) PSYoungGen: 111616K(210944K)->70820K(222720K) Eden: 111616K(111616K)->70820K(111616K) From: 0K(99328K)->0K(111104K)
[557.004s][info][gc,heap        ] GC(1836) ParOldGen: 667564K(667648K)->667564K(667648K)
[557.004s][info][gc,metaspace   ] GC(1836) Metaspace: 18934K(19072K)->18934K(19072K) NonClass: 17104K(17216K)->17104K(17216K) Class: 1829K(1856K)->1829K(1856K)
[557.004s][info][gc             ] GC(1836) Pause Full (Allocation Failure) 760M->721M(869M) 1128.625ms
[557.004s][info][gc,cpu         ] GC(1836) User=2.19s Sys=0.00s Real=1.13s
[557.043s][info][gc,start       ] GC(1837) Pause Full (Allocation Failure)
[557.043s][info][gc,phases,start] GC(1837) Marking Phase
[557.626s][info][gc,phases      ] GC(1837) Marking Phase 582.444ms
[557.626s][info][gc,phases,start] GC(1837) Summary Phase
[557.626s][info][gc,phases      ] GC(1837) Summary Phase 0.026ms
[557.626s][info][gc,phases,start] GC(1837) Forward
[557.648s][info][gc,phases      ] GC(1837) Forward 22.768ms
[557.648s][info][gc,phases,start] GC(1837) Adjust Pointers
[558.037s][info][gc,phases      ] GC(1837) Adjust Pointers 388.277ms
[558.037s][info][gc,phases,start] GC(1837) Compaction Phase
[558.194s][info][gc,phases      ] GC(1837) Compaction Phase 156.900ms
[558.194s][info][gc,phases,start] GC(1837) Post Compact
[558.196s][info][gc,phases      ] GC(1837) Post Compact 2.240ms
[558.196s][info][gc,heap        ] GC(1837) PSYoungGen: 111616K(222720K)->77486K(210944K) Eden: 111616K(111616K)->77486K(111616K) From: 0K(111104K)->0K(99328K)
[558.196s][info][gc,heap        ] GC(1837) ParOldGen: 667564K(667648K)->667564K(667648K)
[558.196s][info][gc,metaspace   ] GC(1837) Metaspace: 18934K(19072K)->18934K(19072K) NonClass: 17104K(17216K)->17104K(17216K) Class: 1829K(1856K)->1829K(1856K)
[558.196s][info][gc             ] GC(1837) Pause Full (Allocation Failure) 760M->727M(858M) 1153.178ms
[558.196s][info][gc,cpu         ] GC(1837) User=2.25s Sys=0.01s Real=1.15s
[558.239s][info][gc,start       ] GC(1838) Pause Full (Allocation Failure)
[558.240s][info][gc,phases,start] GC(1838) Marking Phase
[558.805s][info][gc,phases      ] GC(1838) Marking Phase 565.507ms
[558.805s][info][gc,phases,start] GC(1838) Summary Phase
[558.805s][info][gc,phases      ] GC(1838) Summary Phase 0.029ms
[558.805s][info][gc,phases,start] GC(1838) Forward
[558.829s][info][gc,phases      ] GC(1838) Forward 24.300ms
[558.830s][info][gc,phases,start] GC(1838) Adjust Pointers
[559.228s][info][gc,phases      ] GC(1838) Adjust Pointers 398.183ms
[559.228s][info][gc,phases,start] GC(1838) Compaction Phase
[559.389s][info][gc,phases      ] GC(1838) Compaction Phase 160.782ms
[559.389s][info][gc,phases,start] GC(1838) Post Compact
[559.391s][info][gc,phases      ] GC(1838) Post Compact 2.305ms
[559.391s][info][gc,heap        ] GC(1838) PSYoungGen: 111616K(210944K)->80649K(222720K) Eden: 111616K(111616K)->80649K(111616K) From: 0K(99328K)->0K(111104K)
[559.391s][info][gc,heap        ] GC(1838) ParOldGen: 667564K(667648K)->667564K(667648K)
[559.391s][info][gc,metaspace   ] GC(1838) Metaspace: 18934K(19072K)->18934K(19072K) NonClass: 17104K(17216K)->17104K(17216K) Class: 1829K(1856K)->1829K(1856K)
[559.391s][info][gc             ] GC(1838) Pause Full (Allocation Failure) 760M->730M(869M) 1151.635ms
[559.391s][info][gc,cpu         ] GC(1838) User=2.25s Sys=0.00s Real=1.15s
[559.413s][info][gc,start       ] GC(1839) Pause Full (Allocation Failure)
[559.413s][info][gc,phases,start] GC(1839) Marking Phase
[559.998s][info][gc,phases      ] GC(1839) Marking Phase 584.334ms
[559.998s][info][gc,phases,start] GC(1839) Summary Phase
[559.998s][info][gc,phases      ] GC(1839) Summary Phase 0.035ms
[559.998s][info][gc,phases,start] GC(1839) Forward
[560.021s][info][gc,phases      ] GC(1839) Forward 23.327ms
[560.021s][info][gc,phases,start] GC(1839) Adjust Pointers
[560.410s][info][gc,phases      ] GC(1839) Adjust Pointers 388.723ms
[560.410s][info][gc,phases,start] GC(1839) Compaction Phase
[560.566s][info][gc,phases      ] GC(1839) Compaction Phase 156.076ms
[560.566s][info][gc,phases,start] GC(1839) Post Compact
[560.569s][info][gc,phases      ] GC(1839) Post Compact 2.292ms
[560.569s][info][gc,heap        ] GC(1839) PSYoungGen: 111616K(222720K)->80911K(210944K) Eden: 111616K(111616K)->80911K(111616K) From: 0K(111104K)->0K(99328K)
[560.569s][info][gc,heap        ] GC(1839) ParOldGen: 667564K(667648K)->667564K(667648K)
[560.569s][info][gc,metaspace   ] GC(1839) Metaspace: 18934K(19072K)->18934K(19072K) NonClass: 17104K(17216K)->17104K(17216K) Class: 1829K(1856K)->1829K(1856K)
[560.569s][info][gc             ] GC(1839) Pause Full (Allocation Failure) 760M->730M(858M) 1155.359ms
[560.569s][info][gc,cpu         ] GC(1839) User=2.25s Sys=0.00s Real=1.16s
[560.596s][info][gc,start       ] GC(1840) Pause Full (Allocation Failure)
[560.596s][info][gc,phases,start] GC(1840) Marking Phase
[561.180s][info][gc,phases      ] GC(1840) Marking Phase 584.301ms
[561.180s][info][gc,phases,start] GC(1840) Summary Phase
[561.180s][info][gc,phases      ] GC(1840) Summary Phase 0.025ms
[561.180s][info][gc,phases,start] GC(1840) Forward
[561.204s][info][gc,phases      ] GC(1840) Forward 23.319ms
[561.204s][info][gc,phases,start] GC(1840) Adjust Pointers
[561.589s][info][gc,phases      ] GC(1840) Adjust Pointers 385.562ms
[561.589s][info][gc,phases,start] GC(1840) Compaction Phase
[561.748s][info][gc,phases      ] GC(1840) Compaction Phase 158.914ms
[561.748s][info][gc,phases,start] GC(1840) Post Compact
[561.751s][info][gc,phases      ] GC(1840) Post Compact 2.300ms
[561.751s][info][gc,heap        ] GC(1840) PSYoungGen: 111616K(210944K)->80998K(222720K) Eden: 111616K(111616K)->80998K(111616K) From: 0K(99328K)->0K(111104K)
[561.751s][info][gc,heap        ] GC(1840) ParOldGen: 667564K(667648K)->667564K(667648K)
[561.751s][info][gc,metaspace   ] GC(1840) Metaspace: 18934K(19072K)->18934K(19072K) NonClass: 17104K(17216K)->17104K(17216K) Class: 1829K(1856K)->1829K(1856K)
[561.751s][info][gc             ] GC(1840) Pause Full (Allocation Failure) 760M->731M(869M) 1154.903ms
[561.751s][info][gc,cpu         ] GC(1840) User=2.25s Sys=0.00s Real=1.16s
[561.776s][info][gc,start       ] GC(1841) Pause Full (Allocation Failure)
[561.776s][info][gc,phases,start] GC(1841) Marking Phase
[562.372s][info][gc,phases      ] GC(1841) Marking Phase 596.544ms
[562.372s][info][gc,phases,start] GC(1841) Summary Phase
[562.372s][info][gc,phases      ] GC(1841) Summary Phase 0.026ms
[562.372s][info][gc,phases,start] GC(1841) Forward
[562.396s][info][gc,phases      ] GC(1841) Forward 23.422ms
[562.396s][info][gc,phases,start] GC(1841) Adjust Pointers
[562.773s][info][gc,phases      ] GC(1841) Adjust Pointers 377.229ms
[562.773s][info][gc,phases,start] GC(1841) Compaction Phase
[562.925s][info][gc,phases      ] GC(1841) Compaction Phase 151.546ms
[562.925s][info][gc,phases,start] GC(1841) Post Compact
[562.927s][info][gc,phases      ] GC(1841) Post Compact 2.321ms
[562.927s][info][gc,heap        ] GC(1841) PSYoungGen: 111616K(222720K)->81081K(210944K) Eden: 111616K(111616K)->81081K(111616K) From: 0K(111104K)->0K(99328K)
[562.927s][info][gc,heap        ] GC(1841) ParOldGen: 667564K(667648K)->667564K(667648K)
[562.927s][info][gc,metaspace   ] GC(1841) Metaspace: 18934K(19072K)->18934K(19072K) NonClass: 17104K(17216K)->17104K(17216K) Class: 1829K(1856K)->1829K(1856K)
[562.927s][info][gc             ] GC(1841) Pause Full (Allocation Failure) 760M->731M(858M) 1151.577ms
[562.927s][info][gc,cpu         ] GC(1841) User=2.24s Sys=0.01s Real=1.16s
[562.963s][info][gc,start       ] GC(1842) Pause Full (Allocation Failure)
[562.963s][info][gc,phases,start] GC(1842) Marking Phase
[563.523s][info][gc,phases      ] GC(1842) Marking Phase 560.272ms
[563.523s][info][gc,phases,start] GC(1842) Summary Phase
[563.523s][info][gc,phases      ] GC(1842) Summary Phase 0.029ms
[563.523s][info][gc,phases,start] GC(1842) Forward
[563.546s][info][gc,phases      ] GC(1842) Forward 22.545ms
[563.546s][info][gc,phases,start] GC(1842) Adjust Pointers
[563.920s][info][gc,phases      ] GC(1842) Adjust Pointers 373.879ms
[563.920s][info][gc,phases,start] GC(1842) Compaction Phase
[564.071s][info][gc,phases      ] GC(1842) Compaction Phase 150.843ms
[564.071s][info][gc,phases,start] GC(1842) Post Compact
[564.073s][info][gc,phases      ] GC(1842) Post Compact 2.271ms
[564.073s][info][gc,heap        ] GC(1842) PSYoungGen: 111616K(210944K)->81842K(222720K) Eden: 111616K(111616K)->81842K(111616K) From: 0K(99328K)->0K(111104K)
[564.073s][info][gc,heap        ] GC(1842) ParOldGen: 667564K(667648K)->667564K(667648K)
[564.073s][info][gc,metaspace   ] GC(1842) Metaspace: 18934K(19072K)->18934K(19072K) NonClass: 17105K(17216K)->17105K(17216K) Class: 1829K(1856K)->1829K(1856K)
[564.073s][info][gc             ] GC(1842) Pause Full (Allocation Failure) 760M->731M(869M) 1110.334ms
[564.073s][info][gc,cpu         ] GC(1842) User=2.16s Sys=0.00s Real=1.11s
[564.107s][info][gc,start       ] GC(1843) Pause Full (Allocation Failure)
[564.108s][info][gc,phases,start] GC(1843) Marking Phase
[564.671s][info][gc,phases      ] GC(1843) Marking Phase 563.708ms
[564.671s][info][gc,phases,start] GC(1843) Summary Phase
[564.671s][info][gc,phases      ] GC(1843) Summary Phase 0.025ms
[564.671s][info][gc,phases,start] GC(1843) Forward
[564.694s][info][gc,phases      ] GC(1843) Forward 22.751ms
[564.694s][info][gc,phases,start] GC(1843) Adjust Pointers
[565.068s][info][gc,phases      ] GC(1843) Adjust Pointers 374.206ms
[565.068s][info][gc,phases,start] GC(1843) Compaction Phase
[565.227s][info][gc,phases      ] GC(1843) Compaction Phase 158.924ms
[565.227s][info][gc,phases,start] GC(1843) Post Compact
[565.230s][info][gc,phases      ] GC(1843) Post Compact 2.267ms
[565.230s][info][gc,heap        ] GC(1843) PSYoungGen: 111616K(222720K)->83476K(210944K) Eden: 111616K(111616K)->83476K(111616K) From: 0K(111104K)->0K(99328K)
[565.230s][info][gc,heap        ] GC(1843) ParOldGen: 667564K(667648K)->667564K(667648K)
[565.230s][info][gc,metaspace   ] GC(1843) Metaspace: 18934K(19072K)->18934K(19072K) NonClass: 17105K(17216K)->17105K(17216K) Class: 1829K(1856K)->1829K(1856K)
[565.230s][info][gc             ] GC(1843) Pause Full (Allocation Failure) 760M->733M(858M) 1122.389ms
[565.230s][info][gc,cpu         ] GC(1843) User=2.19s Sys=0.00s Real=1.12s
[565.265s][info][gc,start       ] GC(1844) Pause Full (Allocation Failure)
[565.265s][info][gc,phases,start] GC(1844) Marking Phase
[565.855s][info][gc,phases      ] GC(1844) Marking Phase 589.774ms
[565.855s][info][gc,phases,start] GC(1844) Summary Phase
[565.855s][info][gc,phases      ] GC(1844) Summary Phase 0.027ms
[565.855s][info][gc,phases,start] GC(1844) Forward
[565.879s][info][gc,phases      ] GC(1844) Forward 24.056ms
[565.879s][info][gc,phases,start] GC(1844) Adjust Pointers
[566.269s][info][gc,phases      ] GC(1844) Adjust Pointers 389.573ms
[566.269s][info][gc,phases,start] GC(1844) Compaction Phase
[566.427s][info][gc,phases      ] GC(1844) Compaction Phase 158.262ms
[566.427s][info][gc,phases,start] GC(1844) Post Compact
[566.430s][info][gc,phases      ] GC(1844) Post Compact 2.332ms
[566.430s][info][gc,heap        ] GC(1844) PSYoungGen: 111616K(210944K)->83475K(222720K) Eden: 111616K(111616K)->83475K(111616K) From: 0K(99328K)->0K(111104K)
[566.430s][info][gc,heap        ] GC(1844) ParOldGen: 667564K(667648K)->667564K(667648K)
[566.430s][info][gc,metaspace   ] GC(1844) Metaspace: 18934K(19072K)->18934K(19072K) NonClass: 17105K(17216K)->17105K(17216K) Class: 1829K(1856K)->1829K(1856K)
[566.430s][info][gc             ] GC(1844) Pause Full (Allocation Failure) 760M->733M(869M) 1164.560ms
[566.430s][info][gc,cpu         ] GC(1844) User=2.28s Sys=0.00s Real=1.17s
[566.464s][info][gc,start       ] GC(1845) Pause Full (Allocation Failure)
[566.464s][info][gc,phases,start] GC(1845) Marking Phase
[567.056s][info][gc,phases      ] GC(1845) Marking Phase 591.681ms
[567.056s][info][gc,phases,start] GC(1845) Summary Phase
[567.056s][info][gc,phases      ] GC(1845) Summary Phase 0.025ms
[567.056s][info][gc,phases,start] GC(1845) Forward
[567.080s][info][gc,phases      ] GC(1845) Forward 24.136ms
[567.080s][info][gc,phases,start] GC(1845) Adjust Pointers
[567.474s][info][gc,phases      ] GC(1845) Adjust Pointers 393.451ms
[567.474s][info][gc,phases,start] GC(1845) Compaction Phase
[567.633s][info][gc,phases      ] GC(1845) Compaction Phase 159.041ms
[567.633s][info][gc,phases,start] GC(1845) Post Compact
[567.635s][info][gc,phases      ] GC(1845) Post Compact 2.286ms
[567.635s][info][gc,heap        ] GC(1845) PSYoungGen: 111616K(222720K)->83820K(210944K) Eden: 111616K(111616K)->83820K(111616K) From: 0K(111104K)->0K(99328K)
[567.635s][info][gc,heap        ] GC(1845) ParOldGen: 667564K(667648K)->667564K(667648K)
[567.635s][info][gc,metaspace   ] GC(1845) Metaspace: 18934K(19072K)->18934K(19072K) NonClass: 17105K(17216K)->17105K(17216K) Class: 1829K(1856K)->1829K(1856K)
[567.635s][info][gc             ] GC(1845) Pause Full (Allocation Failure) 760M->733M(858M) 1171.072ms
[567.635s][info][gc,cpu         ] GC(1845) User=2.28s Sys=0.00s Real=1.17s
[567.666s][info][gc,start       ] GC(1846) Pause Full (Allocation Failure)
[567.666s][info][gc,phases,start] GC(1846) Marking Phase
[568.127s][info][gc,phases      ] GC(1846) Marking Phase 460.694ms
[568.127s][info][gc,phases,start] GC(1846) Summary Phase
[568.127s][info][gc,phases      ] GC(1846) Summary Phase 0.027ms
[568.127s][info][gc,phases,start] GC(1846) Forward
[568.258s][info][gc,phases      ] GC(1846) Forward 130.527ms
[568.258s][info][gc,phases,start] GC(1846) Adjust Pointers
[568.590s][info][gc,phases      ] GC(1846) Adjust Pointers 331.697ms
[568.590s][info][gc,phases,start] GC(1846) Compaction Phase
[568.786s][info][gc,phases      ] GC(1846) Compaction Phase 196.820ms
[568.799s][info][gc,phases,start] GC(1846) Post Compact
[568.802s][info][gc,phases      ] GC(1846) Post Compact 2.249ms
[568.802s][info][gc,heap        ] GC(1846) PSYoungGen: 111616K(210944K)->0K(222720K) Eden: 111616K(111616K)->0K(111616K) From: 0K(99328K)->0K(111104K)
[568.802s][info][gc,heap        ] GC(1846) ParOldGen: 667564K(667648K)->608829K(667648K)
[568.802s][info][gc,metaspace   ] GC(1846) Metaspace: 18934K(19072K)->18934K(19072K) NonClass: 17105K(17216K)->17105K(17216K) Class: 1829K(1856K)->1829K(1856K)
[568.802s][info][gc             ] GC(1846) Pause Full (Allocation Failure) 760M->594M(869M) 1135.329ms
[568.802s][info][gc,cpu         ] GC(1846) User=2.17s Sys=0.00s Real=1.13s
[568.948s][info][gc,start       ] GC(1847) Pause Young (Allocation Failure)
[568.954s][info][gc,heap        ] GC(1847) PSYoungGen: 111616K(222720K)->2912K(222720K) Eden: 111616K(111616K)->0K(111616K) From: 0K(111104K)->2912K(111104K)
[568.954s][info][gc,heap        ] GC(1847) ParOldGen: 608829K(667648K)->608829K(667648K)
[568.954s][info][gc,metaspace   ] GC(1847) Metaspace: 18937K(19072K)->18937K(19072K) NonClass: 17108K(17216K)->17108K(17216K) Class: 1829K(1856K)->1829K(1856K)
[568.954s][info][gc             ] GC(1847) Pause Young (Allocation Failure) 703M->597M(869M) 6.427ms
[568.954s][info][gc,cpu         ] GC(1847) User=0.01s Sys=0.00s Real=0.00s
[569.031s][info][gc,start       ] GC(1848) Pause Young (Allocation Failure)
[569.037s][info][gc,heap        ] GC(1848) PSYoungGen: 114528K(222720K)->2944K(222720K) Eden: 111616K(111616K)->0K(111616K) From: 2912K(111104K)->2944K(111104K)
[569.037s][info][gc,heap        ] GC(1848) ParOldGen: 608829K(667648K)->608829K(667648K)
[569.037s][info][gc,metaspace   ] GC(1848) Metaspace: 18937K(19072K)->18937K(19072K) NonClass: 17108K(17216K)->17108K(17216K) Class: 1829K(1856K)->1829K(1856K)
[569.037s][info][gc             ] GC(1848) Pause Young (Allocation Failure) 706M->597M(869M) 5.230ms
[569.037s][info][gc,cpu         ] GC(1848) User=0.02s Sys=0.00s Real=0.01s
[569.104s][info][gc,start       ] GC(1849) Pause Young (Allocation Failure)
[569.109s][info][gc,heap        ] GC(1849) PSYoungGen: 114560K(222720K)->128K(222720K) Eden: 111616K(111616K)->0K(111616K) From: 2944K(111104K)->128K(111104K)
[569.109s][info][gc,heap        ] GC(1849) ParOldGen: 608829K(667648K)->611730K(667648K)
[569.109s][info][gc,metaspace   ] GC(1849) Metaspace: 18937K(19072K)->18937K(19072K) NonClass: 17108K(17216K)->17108K(17216K) Class: 1829K(1856K)->1829K(1856K)
[569.109s][info][gc             ] GC(1849) Pause Young (Allocation Failure) 706M->597M(869M) 5.564ms
[569.109s][info][gc,cpu         ] GC(1849) User=0.01s Sys=0.00s Real=0.01s
[569.298s][info][gc,start       ] GC(1850) Pause Young (Allocation Failure)
[569.308s][info][gc,heap        ] GC(1850) PSYoungGen: 111744K(222720K)->6832K(222720K) Eden: 111616K(111616K)->0K(111616K) From: 128K(111104K)->6832K(111104K)
[569.308s][info][gc,heap        ] GC(1850) ParOldGen: 611730K(667648K)->611850K(667648K)
[569.308s][info][gc,metaspace   ] GC(1850) Metaspace: 18937K(19072K)->18937K(19072K) NonClass: 17108K(17216K)->17108K(17216K) Class: 1829K(1856K)->1829K(1856K)
[569.308s][info][gc             ] GC(1850) Pause Young (Allocation Failure) 706M->604M(869M) 9.904ms
[569.308s][info][gc,cpu         ] GC(1850) User=0.02s Sys=0.00s Real=0.01s
[569.394s][info][gc,start       ] GC(1851) Pause Young (Allocation Failure)
[569.422s][info][gc,heap        ] GC(1851) PSYoungGen: 118448K(222720K)->17344K(222720K) Eden: 111616K(111616K)->0K(111616K) From: 6832K(111104K)->17344K(111104K)
[569.422s][info][gc,heap        ] GC(1851) ParOldGen: 611850K(667648K)->618690K(667648K)
[569.422s][info][gc,metaspace   ] GC(1851) Metaspace: 18937K(19072K)->18937K(19072K) NonClass: 17108K(17216K)->17108K(17216K) Class: 1829K(1856K)->1829K(1856K)
[569.422s][info][gc             ] GC(1851) Pause Young (Allocation Failure) 713M->621M(869M) 28.071ms
[569.422s][info][gc,cpu         ] GC(1851) User=0.06s Sys=0.00s Real=0.03s
[569.531s][info][gc,start       ] GC(1852) Pause Young (Allocation Failure)
[569.559s][info][gc,heap        ] GC(1852) PSYoungGen: 128960K(222720K)->6752K(118784K) Eden: 111616K(111616K)->0K(111616K) From: 17344K(111104K)->6752K(7168K)
[569.559s][info][gc,heap        ] GC(1852) ParOldGen: 618690K(667648K)->636050K(667648K)
[569.559s][info][gc,metaspace   ] GC(1852) Metaspace: 18937K(19072K)->18937K(19072K) NonClass: 17108K(17216K)->17108K(17216K) Class: 1829K(1856K)->1829K(1856K)
[569.559s][info][gc             ] GC(1852) Pause Young (Allocation Failure) 730M->627M(768M) 27.720ms
[569.559s][info][gc,cpu         ] GC(1852) User=0.06s Sys=0.01s Real=0.03s
[569.729s][info][gc,start       ] GC(1853) Pause Full (Allocation Failure)
[569.729s][info][gc,phases,start] GC(1853) Marking Phase
[570.220s][info][gc,phases      ] GC(1853) Marking Phase 490.955ms
[570.220s][info][gc,phases,start] GC(1853) Summary Phase
[570.220s][info][gc,phases      ] GC(1853) Summary Phase 0.047ms
[570.220s][info][gc,phases,start] GC(1853) Forward
[570.228s][info][gc,phases      ] GC(1853) Forward 7.411ms
[570.228s][info][gc,phases,start] GC(1853) Adjust Pointers
[570.561s][info][gc,phases      ] GC(1853) Adjust Pointers 333.409ms
[570.561s][info][gc,phases,start] GC(1853) Compaction Phase
[570.699s][info][gc,phases      ] GC(1853) Compaction Phase 137.663ms
[570.699s][info][gc,phases,start] GC(1853) Post Compact
[570.701s][info][gc,phases      ] GC(1853) Post Compact 2.216ms
[570.701s][info][gc,heap        ] GC(1853) PSYoungGen: 118368K(118784K)->0K(220160K) Eden: 111616K(111616K)->0K(111616K) From: 6752K(7168K)->0K(108544K)
[570.701s][info][gc,heap        ] GC(1853) ParOldGen: 636050K(667648K)->642614K(667648K)
[570.701s][info][gc,metaspace   ] GC(1853) Metaspace: 18937K(19072K)->18937K(19072K) NonClass: 17108K(17216K)->17108K(17216K) Class: 1829K(1856K)->1829K(1856K)
[570.702s][info][gc             ] GC(1853) Pause Full (Allocation Failure) 736M->627M(867M) 972.342ms
[570.702s][info][gc,cpu         ] GC(1853) User=1.90s Sys=0.00s Real=0.97s
[570.881s][info][gc,start       ] GC(1854) Pause Full (Allocation Failure)
[570.881s][info][gc,phases,start] GC(1854) Marking Phase
[571.348s][info][gc,phases      ] GC(1854) Marking Phase 467.516ms
[571.348s][info][gc,phases,start] GC(1854) Summary Phase
[571.348s][info][gc,phases      ] GC(1854) Summary Phase 0.026ms
[571.348s][info][gc,phases,start] GC(1854) Forward
[571.350s][info][gc,phases      ] GC(1854) Forward 1.715ms
[571.350s][info][gc,phases,start] GC(1854) Adjust Pointers
[571.656s][info][gc,phases      ] GC(1854) Adjust Pointers 305.755ms
[571.656s][info][gc,phases,start] GC(1854) Compaction Phase
[571.790s][info][gc,phases      ] GC(1854) Compaction Phase 133.879ms
[571.790s][info][gc,phases,start] GC(1854) Post Compact
[571.792s][info][gc,phases      ] GC(1854) Post Compact 2.153ms
[571.792s][info][gc,heap        ] GC(1854) PSYoungGen: 111616K(220160K)->0K(220160K) Eden: 111616K(111616K)->0K(111616K) From: 0K(108544K)->0K(108544K)
[571.792s][info][gc,heap        ] GC(1854) ParOldGen: 642614K(667648K)->642704K(667648K)
[571.792s][info][gc,metaspace   ] GC(1854) Metaspace: 18938K(19072K)->18938K(19072K) NonClass: 17109K(17216K)->17109K(17216K) Class: 1829K(1856K)->1829K(1856K)
[571.792s][info][gc             ] GC(1854) Pause Full (Allocation Failure) 736M->627M(867M) 911.520ms
[571.792s][info][gc,cpu         ] GC(1854) User=1.79s Sys=0.00s Real=0.91s
[571.929s][info][gc,start       ] GC(1855) Pause Full (Allocation Failure)
[571.929s][info][gc,phases,start] GC(1855) Marking Phase
[572.391s][info][gc,phases      ] GC(1855) Marking Phase 461.659ms
[572.391s][info][gc,phases,start] GC(1855) Summary Phase
[572.391s][info][gc,phases      ] GC(1855) Summary Phase 0.027ms
[572.391s][info][gc,phases,start] GC(1855) Forward
[572.393s][info][gc,phases      ] GC(1855) Forward 2.405ms
[572.393s][info][gc,phases,start] GC(1855) Adjust Pointers
[572.700s][info][gc,phases      ] GC(1855) Adjust Pointers 306.813ms
[572.700s][info][gc,phases,start] GC(1855) Compaction Phase
[572.834s][info][gc,phases      ] GC(1855) Compaction Phase 133.503ms
[572.834s][info][gc,phases,start] GC(1855) Post Compact
[572.836s][info][gc,phases      ] GC(1855) Post Compact 2.173ms
[572.836s][info][gc,heap        ] GC(1855) PSYoungGen: 111616K(220160K)->0K(223744K) Eden: 111616K(111616K)->0K(115200K) From: 0K(108544K)->0K(108544K)
[572.836s][info][gc,heap        ] GC(1855) ParOldGen: 642704K(667648K)->642767K(667648K)
[572.836s][info][gc,metaspace   ] GC(1855) Metaspace: 18938K(19072K)->18938K(19072K) NonClass: 17109K(17216K)->17109K(17216K) Class: 1829K(1856K)->1829K(1856K)
[572.836s][info][gc             ] GC(1855) Pause Full (Allocation Failure) 736M->627M(870M) 907.025ms
[572.836s][info][gc,cpu         ] GC(1855) User=1.77s Sys=0.00s Real=0.90s
[574.330s][info][gc,start       ] GC(1856) Pause Full (Allocation Failure)
[574.330s][info][gc,phases,start] GC(1856) Marking Phase
[574.818s][info][gc,phases      ] GC(1856) Marking Phase 487.720ms
[574.818s][info][gc,phases,start] GC(1856) Summary Phase
[574.818s][info][gc,phases      ] GC(1856) Summary Phase 0.054ms
[574.818s][info][gc,phases,start] GC(1856) Forward
[574.826s][info][gc,phases      ] GC(1856) Forward 8.390ms
[574.826s][info][gc,phases,start] GC(1856) Adjust Pointers
[575.136s][info][gc,phases      ] GC(1856) Adjust Pointers 309.578ms
[575.136s][info][gc,phases,start] GC(1856) Compaction Phase
[575.266s][info][gc,phases      ] GC(1856) Compaction Phase 130.341ms
[575.266s][info][gc,phases,start] GC(1856) Post Compact
[575.269s][info][gc,phases      ] GC(1856) Post Compact 2.209ms
[575.269s][info][gc,heap        ] GC(1856) PSYoungGen: 115200K(223744K)->0K(223744K) Eden: 115200K(115200K)->0K(115200K) From: 0K(108544K)->0K(108544K)
[575.269s][info][gc,heap        ] GC(1856) ParOldGen: 642767K(667648K)->643277K(667648K)
[575.269s][info][gc,metaspace   ] GC(1856) Metaspace: 18938K(19072K)->18938K(19072K) NonClass: 17109K(17216K)->17109K(17216K) Class: 1829K(1856K)->1829K(1856K)
[575.269s][info][gc             ] GC(1856) Pause Full (Allocation Failure) 740M->628M(870M) 938.795ms
[575.269s][info][gc,cpu         ] GC(1856) User=1.84s Sys=0.00s Real=0.94s
[576.018s][info][gc,start       ] GC(1857) Pause Full (Allocation Failure)
[576.018s][info][gc,phases,start] GC(1857) Marking Phase
[576.420s][info][gc,phases      ] GC(1857) Marking Phase 402.533ms
[576.420s][info][gc,phases,start] GC(1857) Summary Phase
[576.420s][info][gc,phases      ] GC(1857) Summary Phase 0.027ms
[576.420s][info][gc,phases,start] GC(1857) Forward
[576.491s][info][gc,phases      ] GC(1857) Forward 70.641ms
[576.491s][info][gc,phases,start] GC(1857) Adjust Pointers
[576.755s][info][gc,phases      ] GC(1857) Adjust Pointers 263.772ms
[576.755s][info][gc,phases,start] GC(1857) Compaction Phase
[576.900s][info][gc,phases      ] GC(1857) Compaction Phase 145.265ms
[576.905s][info][gc,phases,start] GC(1857) Post Compact
[576.907s][info][gc,phases      ] GC(1857) Post Compact 2.277ms
[576.907s][info][gc,heap        ] GC(1857) PSYoungGen: 115200K(223744K)->0K(225280K) Eden: 115200K(115200K)->0K(116736K) From: 0K(108544K)->0K(108544K)
[576.907s][info][gc,heap        ] GC(1857) ParOldGen: 643277K(667648K)->518443K(667648K)
[576.907s][info][gc,metaspace   ] GC(1857) Metaspace: 18941K(19072K)->18941K(19072K) NonClass: 17111K(17216K)->17111K(17216K) Class: 1829K(1856K)->1829K(1856K)
[576.907s][info][gc             ] GC(1857) Pause Full (Allocation Failure) 740M->506M(872M) 889.350ms
[576.907s][info][gc,cpu         ] GC(1857) User=1.71s Sys=0.00s Real=0.89s
[577.363s][info][gc,start       ] GC(1858) Pause Young (Allocation Failure)
[577.367s][info][gc,heap        ] GC(1858) PSYoungGen: 116736K(225280K)->1232K(118272K) Eden: 116736K(116736K)->0K(116736K) From: 0K(108544K)->1232K(1536K)
[577.367s][info][gc,heap        ] GC(1858) ParOldGen: 518443K(667648K)->518443K(667648K)
[577.367s][info][gc,metaspace   ] GC(1858) Metaspace: 18942K(19072K)->18942K(19072K) NonClass: 17112K(17216K)->17112K(17216K) Class: 1829K(1856K)->1829K(1856K)
[577.367s][info][gc             ] GC(1858) Pause Young (Allocation Failure) 620M->507M(767M) 3.886ms
[577.367s][info][gc,cpu         ] GC(1858) User=0.00s Sys=0.00s Real=0.01s
[577.825s][info][gc,start       ] GC(1859) Pause Young (Allocation Failure)
[577.829s][info][gc,heap        ] GC(1859) PSYoungGen: 117968K(118272K)->1504K(219648K) Eden: 116736K(116736K)->0K(119808K) From: 1232K(1536K)->1504K(99840K)
[577.829s][info][gc,heap        ] GC(1859) ParOldGen: 518443K(667648K)->518443K(667648K)
[577.829s][info][gc,metaspace   ] GC(1859) Metaspace: 18944K(19072K)->18944K(19072K) NonClass: 17115K(17216K)->17115K(17216K) Class: 1829K(1856K)->1829K(1856K)
[577.829s][info][gc             ] GC(1859) Pause Young (Allocation Failure) 621M->507M(866M) 4.021ms
[577.829s][info][gc,cpu         ] GC(1859) User=0.01s Sys=0.00s Real=0.01s
[578.115s][info][gc,start       ] GC(1860) Pause Young (Allocation Failure)
[578.119s][info][gc,heap        ] GC(1860) PSYoungGen: 121174K(219648K)->1978K(121856K) Eden: 119670K(119808K)->0K(119808K) From: 1504K(99840K)->1978K(2048K)
[578.119s][info][gc,heap        ] GC(1860) ParOldGen: 518443K(667648K)->518443K(667648K)
[578.119s][info][gc,metaspace   ] GC(1860) Metaspace: 18945K(19072K)->18945K(19072K) NonClass: 17116K(17216K)->17116K(17216K) Class: 1829K(1856K)->1829K(1856K)
[578.119s][info][gc             ] GC(1860) Pause Young (Allocation Failure) 624M->508M(771M) 4.406ms
[578.119s][info][gc,cpu         ] GC(1860) User=0.01s Sys=0.00s Real=0.01s
[578.421s][info][gc,start       ] GC(1861) Pause Young (Allocation Failure)
[578.426s][info][gc,heap        ] GC(1861) PSYoungGen: 121786K(121856K)->1776K(208384K) Eden: 119808K(119808K)->0K(121856K) From: 1978K(2048K)->1776K(86528K)
[578.426s][info][gc,heap        ] GC(1861) ParOldGen: 518443K(667648K)->518443K(667648K)
[578.426s][info][gc,metaspace   ] GC(1861) Metaspace: 18945K(19072K)->18945K(19072K) NonClass: 17116K(17216K)->17116K(17216K) Class: 1829K(1856K)->1829K(1856K)
[578.426s][info][gc             ] GC(1861) Pause Young (Allocation Failure) 625M->508M(855M) 4.822ms
[578.426s][info][gc,cpu         ] GC(1861) User=0.01s Sys=0.00s Real=0.00s
[578.561s][info][gc,start       ] GC(1862) Pause Young (Allocation Failure)
[578.596s][info][gc,heap        ] GC(1862) PSYoungGen: 123632K(208384K)->41360K(213504K) Eden: 121856K(121856K)->0K(121856K) From: 1776K(86528K)->41360K(91648K)
[578.596s][info][gc,heap        ] GC(1862) ParOldGen: 518443K(667648K)->518451K(667648K)
[578.596s][info][gc,metaspace   ] GC(1862) Metaspace: 18949K(19072K)->18949K(19072K) NonClass: 17119K(17216K)->17119K(17216K) Class: 1829K(1856K)->1829K(1856K)
[578.596s][info][gc             ] GC(1862) Pause Young (Allocation Failure) 627M->546M(860M) 34.809ms
[578.596s][info][gc,cpu         ] GC(1862) User=0.07s Sys=0.00s Real=0.03s
[578.694s][info][gc,start       ] GC(1863) Pause Young (Allocation Failure)
[578.774s][info][gc,heap        ] GC(1863) PSYoungGen: 163216K(213504K)->93152K(200192K) Eden: 121856K(121856K)->0K(107008K) From: 41360K(91648K)->93152K(93184K)
[578.774s][info][gc,heap        ] GC(1863) ParOldGen: 518451K(667648K)->521475K(667648K)
[578.774s][info][gc,metaspace   ] GC(1863) Metaspace: 18950K(19072K)->18950K(19072K) NonClass: 17120K(17216K)->17120K(17216K) Class: 1829K(1856K)->1829K(1856K)
[578.774s][info][gc             ] GC(1863) Pause Young (Allocation Failure) 665M->600M(847M) 80.399ms
[578.774s][info][gc,cpu         ] GC(1863) User=0.15s Sys=0.00s Real=0.08s
[578.849s][info][gc,start       ] GC(1864) Pause Young (Allocation Failure)
[578.939s][info][gc,heap        ] GC(1864) PSYoungGen: 200160K(200192K)->111088K(218112K) Eden: 107008K(107008K)->0K(107008K) From: 93152K(93184K)->111088K(111104K)
[578.939s][info][gc,heap        ] GC(1864) ParOldGen: 521475K(667648K)->536788K(667648K)
[578.939s][info][gc,metaspace   ] GC(1864) Metaspace: 18950K(19072K)->18950K(19072K) NonClass: 17120K(17216K)->17120K(17216K) Class: 1829K(1856K)->1829K(1856K)
[578.939s][info][gc             ] GC(1864) Pause Young (Allocation Failure) 704M->632M(865M) 89.308ms
[578.939s][info][gc,cpu         ] GC(1864) User=0.18s Sys=0.01s Real=0.09s
[579.135s][info][gc,start       ] GC(1865) Pause Young (Allocation Failure)
[579.252s][info][gc,heap        ] GC(1865) PSYoungGen: 218096K(218112K)->111072K(222720K) Eden: 107008K(107008K)->0K(111616K) From: 111088K(111104K)->111072K(111104K)
[579.252s][info][gc,heap        ] GC(1865) ParOldGen: 536788K(667648K)->565968K(667648K)
[579.252s][info][gc,metaspace   ] GC(1865) Metaspace: 18950K(19072K)->18950K(19072K) NonClass: 17121K(17216K)->17121K(17216K) Class: 1829K(1856K)->1829K(1856K)
[579.252s][info][gc             ] GC(1865) Pause Young (Allocation Failure) 737M->661M(869M) 117.256ms
[579.252s][info][gc,cpu         ] GC(1865) User=0.22s Sys=0.01s Real=0.12s
[579.434s][info][gc,start       ] GC(1866) Pause Young (Allocation Failure)
[579.558s][info][gc,heap        ] GC(1866) PSYoungGen: 222688K(222720K)->104279K(222720K) Eden: 111616K(111616K)->0K(111616K) From: 111072K(111104K)->104279K(111104K)
[579.558s][info][gc,heap        ] GC(1866) ParOldGen: 565968K(667648K)->603632K(667648K)
[579.558s][info][gc,metaspace   ] GC(1866) Metaspace: 18950K(19072K)->18950K(19072K) NonClass: 17121K(17216K)->17121K(17216K) Class: 1829K(1856K)->1829K(1856K)
[579.558s][info][gc             ] GC(1866) Pause Young (Allocation Failure) 770M->691M(869M) 123.282ms
[579.558s][info][gc,cpu         ] GC(1866) User=0.24s Sys=0.00s Real=0.13s
[579.737s][info][gc,start       ] GC(1867) Pause Young (Allocation Failure)
[579.874s][info][gc,heap        ] GC(1867) PSYoungGen: 215895K(222720K)->66698K(222720K) Eden: 111616K(111616K)->0K(111616K) From: 104279K(111104K)->66698K(111104K)
[579.874s][info][gc,heap        ] GC(1867) ParOldGen: 603632K(667648K)->667591K(667648K)
[579.874s][info][gc,metaspace   ] GC(1867) Metaspace: 18951K(19072K)->18951K(19072K) NonClass: 17122K(17216K)->17122K(17216K) Class: 1829K(1856K)->1829K(1856K)
[579.874s][info][gc             ] GC(1867) Pause Young (Allocation Failure) 800M->717M(869M) 137.556ms
[579.874s][info][gc,cpu         ] GC(1867) User=0.28s Sys=0.01s Real=0.13s
[579.998s][info][gc,start       ] GC(1868) Pause Full (Allocation Failure)
[579.998s][info][gc,phases,start] GC(1868) Marking Phase
[580.198s][info][gc,phases      ] GC(1868) Marking Phase 199.503ms
[580.198s][info][gc,phases,start] GC(1868) Summary Phase
[580.198s][info][gc,phases      ] GC(1868) Summary Phase 0.029ms
[580.198s][info][gc,phases,start] GC(1868) Forward
[580.264s][info][gc,phases      ] GC(1868) Forward 66.227ms
[580.264s][info][gc,phases,start] GC(1868) Adjust Pointers
[580.400s][info][gc,phases      ] GC(1868) Adjust Pointers 135.802ms
[580.400s][info][gc,phases,start] GC(1868) Compaction Phase
[580.480s][info][gc,phases      ] GC(1868) Compaction Phase 80.010ms
[580.489s][info][gc,phases,start] GC(1868) Post Compact
[580.491s][info][gc,phases      ] GC(1868) Post Compact 2.529ms
[580.501s][info][gc,heap        ] GC(1868) PSYoungGen: 178314K(222720K)->0K(222720K) Eden: 111616K(111616K)->0K(111616K) From: 66698K(111104K)->0K(111104K)
[580.501s][info][gc,heap        ] GC(1868) ParOldGen: 667591K(667648K)->268420K(558080K)
[580.501s][info][gc,metaspace   ] GC(1868) Metaspace: 18951K(19072K)->18951K(19072K) NonClass: 17122K(17216K)->17122K(17216K) Class: 1829K(1856K)->1829K(1856K)
[580.501s][info][gc             ] GC(1868) Pause Full (Allocation Failure) 826M->262M(762M) 503.483ms
[580.501s][info][gc,cpu         ] GC(1868) User=0.90s Sys=0.01s Real=0.50s
[580.604s][info][gc,start       ] GC(1869) Pause Young (Allocation Failure)
[580.609s][info][gc,heap        ] GC(1869) PSYoungGen: 111616K(222720K)->3264K(222720K) Eden: 111616K(111616K)->0K(111616K) From: 0K(111104K)->3264K(111104K)
[580.609s][info][gc,heap        ] GC(1869) ParOldGen: 268420K(558080K)->268420K(558080K)
[580.609s][info][gc,metaspace   ] GC(1869) Metaspace: 18951K(19072K)->18951K(19072K) NonClass: 17122K(17216K)->17122K(17216K) Class: 1829K(1856K)->1829K(1856K)
[580.609s][info][gc             ] GC(1869) Pause Young (Allocation Failure) 371M->265M(762M) 5.108ms
[580.609s][info][gc,cpu         ] GC(1869) User=0.01s Sys=0.00s Real=0.01s
[580.729s][info][gc,start       ] GC(1870) Pause Young (Allocation Failure)
[580.745s][info][gc,heap        ] GC(1870) PSYoungGen: 114880K(222720K)->9056K(222720K) Eden: 111616K(111616K)->0K(111616K) From: 3264K(111104K)->9056K(111104K)
[580.745s][info][gc,heap        ] GC(1870) ParOldGen: 268420K(558080K)->271684K(558080K)
[580.745s][info][gc,metaspace   ] GC(1870) Metaspace: 18951K(19072K)->18951K(19072K) NonClass: 17122K(17216K)->17122K(17216K) Class: 1829K(1856K)->1829K(1856K)
[580.745s][info][gc             ] GC(1870) Pause Young (Allocation Failure) 374M->274M(762M) 16.175ms
[580.745s][info][gc,cpu         ] GC(1870) User=0.04s Sys=0.00s Real=0.01s
[580.860s][info][gc,start       ] GC(1871) Pause Young (Allocation Failure)
[580.878s][info][gc,heap        ] GC(1871) PSYoungGen: 120672K(222720K)->1952K(222720K) Eden: 111616K(111616K)->0K(111616K) From: 9056K(111104K)->1952K(111104K)
[580.878s][info][gc,heap        ] GC(1871) ParOldGen: 271684K(558080K)->280740K(558080K)
[580.878s][info][gc,metaspace   ] GC(1871) Metaspace: 18951K(19072K)->18951K(19072K) NonClass: 17122K(17216K)->17122K(17216K) Class: 1829K(1856K)->1829K(1856K)
[580.878s][info][gc             ] GC(1871) Pause Young (Allocation Failure) 383M->276M(762M) 18.182ms
[580.878s][info][gc,cpu         ] GC(1871) User=0.04s Sys=0.00s Real=0.02s
[580.977s][info][gc,start       ] GC(1872) Pause Young (Allocation Failure)
[580.981s][info][gc,heap        ] GC(1872) PSYoungGen: 113568K(222720K)->128K(222720K) Eden: 111616K(111616K)->0K(111616K) From: 1952K(111104K)->128K(111104K)
[580.981s][info][gc,heap        ] GC(1872) ParOldGen: 280740K(558080K)->282692K(558080K)
[580.981s][info][gc,metaspace   ] GC(1872) Metaspace: 18951K(19072K)->18951K(19072K) NonClass: 17122K(17216K)->17122K(17216K) Class: 1829K(1856K)->1829K(1856K)
[580.981s][info][gc             ] GC(1872) Pause Young (Allocation Failure) 385M->276M(762M) 4.301ms
[580.981s][info][gc,cpu         ] GC(1872) User=0.01s Sys=0.00s Real=0.00s
[581.084s][info][gc,start       ] GC(1873) Pause Young (Allocation Failure)
[581.091s][info][gc,heap        ] GC(1873) PSYoungGen: 111744K(222720K)->2272K(222720K) Eden: 111616K(111616K)->0K(111616K) From: 128K(111104K)->2272K(111104K)
[581.091s][info][gc,heap        ] GC(1873) ParOldGen: 282692K(558080K)->282804K(558080K)
[581.091s][info][gc,metaspace   ] GC(1873) Metaspace: 18951K(19072K)->18951K(19072K) NonClass: 17122K(17216K)->17122K(17216K) Class: 1829K(1856K)->1829K(1856K)
[581.091s][info][gc             ] GC(1873) Pause Young (Allocation Failure) 385M->278M(762M) 7.191ms
[581.091s][info][gc,cpu         ] GC(1873) User=0.01s Sys=0.00s Real=0.01s
[581.158s][info][gc,start       ] GC(1874) Pause Young (Allocation Failure)
[581.183s][info][gc,heap        ] GC(1874) PSYoungGen: 113888K(222720K)->21248K(222720K) Eden: 111616K(111616K)->0K(111616K) From: 2272K(111104K)->21248K(111104K)
[581.183s][info][gc,heap        ] GC(1874) ParOldGen: 282804K(558080K)->285036K(558080K)
[581.183s][info][gc,metaspace   ] GC(1874) Metaspace: 18951K(19072K)->18951K(19072K) NonClass: 17122K(17216K)->17122K(17216K) Class: 1829K(1856K)->1829K(1856K)
[581.183s][info][gc             ] GC(1874) Pause Young (Allocation Failure) 387M->299M(762M) 25.048ms
[581.183s][info][gc,cpu         ] GC(1874) User=0.05s Sys=0.00s Real=0.02s
[581.277s][info][gc,start       ] GC(1875) Pause Young (Allocation Failure)
[581.319s][info][gc,heap        ] GC(1875) PSYoungGen: 132864K(222720K)->23472K(222720K) Eden: 111616K(111616K)->0K(111616K) From: 21248K(111104K)->23472K(111104K)
[581.319s][info][gc,heap        ] GC(1875) ParOldGen: 285036K(558080K)->306316K(558080K)
[581.319s][info][gc,metaspace   ] GC(1875) Metaspace: 18956K(19072K)->18956K(19072K) NonClass: 17126K(17216K)->17126K(17216K) Class: 1829K(1856K)->1829K(1856K)
[581.319s][info][gc             ] GC(1875) Pause Young (Allocation Failure) 408M->322M(762M) 42.057ms
[581.319s][info][gc,cpu         ] GC(1875) User=0.08s Sys=0.00s Real=0.04s
[581.453s][info][gc,start       ] GC(1876) Pause Young (Allocation Failure)
[581.495s][info][gc,heap        ] GC(1876) PSYoungGen: 135088K(222720K)->24291K(222720K) Eden: 111616K(111616K)->0K(111616K) From: 23472K(111104K)->24291K(111104K)
[581.495s][info][gc,heap        ] GC(1876) ParOldGen: 306316K(558080K)->329916K(558080K)
[581.495s][info][gc,metaspace   ] GC(1876) Metaspace: 18956K(19072K)->18956K(19072K) NonClass: 17126K(17216K)->17126K(17216K) Class: 1829K(1856K)->1829K(1856K)
[581.495s][info][gc             ] GC(1876) Pause Young (Allocation Failure) 431M->345M(762M) 42.296ms
[581.495s][info][gc,cpu         ] GC(1876) User=0.08s Sys=0.00s Real=0.04s
[581.563s][info][gc,start       ] GC(1877) Pause Young (Allocation Failure)
[581.601s][info][gc,heap        ] GC(1877) PSYoungGen: 135907K(222720K)->9984K(222720K) Eden: 111616K(111616K)->0K(111616K) From: 24291K(111104K)->9984K(111104K)
[581.601s][info][gc,heap        ] GC(1877) ParOldGen: 329916K(558080K)->354155K(558080K)
[581.601s][info][gc,metaspace   ] GC(1877) Metaspace: 18956K(19072K)->18956K(19072K) NonClass: 17126K(17216K)->17126K(17216K) Class: 1829K(1856K)->1829K(1856K)
[581.601s][info][gc             ] GC(1877) Pause Young (Allocation Failure) 454M->355M(762M) 37.561ms
[581.601s][info][gc,cpu         ] GC(1877) User=0.07s Sys=0.00s Real=0.04s
[581.682s][info][gc,start       ] GC(1878) Pause Young (Allocation Failure)
[581.698s][info][gc,heap        ] GC(1878) PSYoungGen: 121600K(222720K)->4480K(222720K) Eden: 111616K(111616K)->0K(111616K) From: 9984K(111104K)->4480K(111104K)
[581.698s][info][gc,heap        ] GC(1878) ParOldGen: 354155K(558080K)->364163K(558080K)
[581.698s][info][gc,metaspace   ] GC(1878) Metaspace: 18956K(19072K)->18956K(19072K) NonClass: 17126K(17216K)->17126K(17216K) Class: 1829K(1856K)->1829K(1856K)
[581.698s][info][gc             ] GC(1878) Pause Young (Allocation Failure) 464M->360M(762M) 16.976ms
[581.699s][info][gc,cpu         ] GC(1878) User=0.03s Sys=0.00s Real=0.02s
[581.800s][info][gc,start       ] GC(1879) Pause Young (Allocation Failure)
[581.808s][info][gc,heap        ] GC(1879) PSYoungGen: 116096K(222720K)->5408K(213504K) Eden: 111616K(111616K)->0K(111616K) From: 4480K(111104K)->5408K(101888K)
[581.808s][info][gc,heap        ] GC(1879) ParOldGen: 364163K(558080K)->364163K(558080K)
[581.808s][info][gc,metaspace   ] GC(1879) Metaspace: 18956K(19072K)->18956K(19072K) NonClass: 17126K(17216K)->17126K(17216K) Class: 1829K(1856K)->1829K(1856K)
[581.808s][info][gc             ] GC(1879) Pause Young (Allocation Failure) 469M->360M(753M) 8.544ms
[581.808s][info][gc,cpu         ] GC(1879) User=0.02s Sys=0.01s Real=0.01s
[582.064s][info][gc,start       ] GC(1880) Pause Young (Allocation Failure)
[582.075s][info][gc,heap        ] GC(1880) PSYoungGen: 117024K(213504K)->7232K(218112K) Eden: 111616K(111616K)->0K(111616K) From: 5408K(101888K)->7232K(106496K)
[582.075s][info][gc,heap        ] GC(1880) ParOldGen: 364163K(558080K)->364163K(558080K)
[582.075s][info][gc,metaspace   ] GC(1880) Metaspace: 18957K(19072K)->18957K(19072K) NonClass: 17127K(17216K)->17127K(17216K) Class: 1829K(1856K)->1829K(1856K)
[582.075s][info][gc             ] GC(1880) Pause Young (Allocation Failure) 469M->362M(758M) 11.427ms
[582.075s][info][gc,cpu         ] GC(1880) User=0.03s Sys=0.00s Real=0.01s
[582.305s][info][gc,start       ] GC(1881) Pause Young (Allocation Failure)
[582.317s][info][gc,heap        ] GC(1881) PSYoungGen: 118848K(218112K)->7552K(205824K) Eden: 111616K(111616K)->0K(116224K) From: 7232K(106496K)->7552K(89600K)
[582.317s][info][gc,heap        ] GC(1881) ParOldGen: 364163K(558080K)->364163K(558080K)
[582.317s][info][gc,metaspace   ] GC(1881) Metaspace: 18957K(19072K)->18957K(19072K) NonClass: 17127K(17216K)->17127K(17216K) Class: 1829K(1856K)->1829K(1856K)
[582.317s][info][gc             ] GC(1881) Pause Young (Allocation Failure) 471M->363M(746M) 12.565ms
[582.317s][info][gc,cpu         ] GC(1881) User=0.02s Sys=0.00s Real=0.02s
[582.507s][info][gc,start       ] GC(1882) Pause Young (Allocation Failure)
[582.548s][info][gc,heap        ] GC(1882) PSYoungGen: 123776K(205824K)->38976K(211968K) Eden: 116224K(116224K)->0K(116224K) From: 7552K(89600K)->38976K(95744K)
[582.548s][info][gc,heap        ] GC(1882) ParOldGen: 364163K(558080K)->364163K(558080K)
[582.548s][info][gc,metaspace   ] GC(1882) Metaspace: 18957K(19072K)->18957K(19072K) NonClass: 17127K(17216K)->17127K(17216K) Class: 1829K(1856K)->1829K(1856K)
[582.548s][info][gc             ] GC(1882) Pause Young (Allocation Failure) 476M->393M(752M) 40.532ms
[582.548s][info][gc,cpu         ] GC(1882) User=0.08s Sys=0.00s Real=0.04s
[582.679s][info][gc,start       ] GC(1883) Pause Young (Allocation Failure)
[582.750s][info][gc,heap        ] GC(1883) PSYoungGen: 155200K(211968K)->79184K(203264K) Eden: 116224K(116224K)->0K(108032K) From: 38976K(95744K)->79184K(95232K)
[582.750s][info][gc,heap        ] GC(1883) ParOldGen: 364163K(558080K)->364163K(558080K)
[582.750s][info][gc,metaspace   ] GC(1883) Metaspace: 18959K(19072K)->18959K(19072K) NonClass: 17130K(17216K)->17130K(17216K) Class: 1829K(1856K)->1829K(1856K)
[582.750s][info][gc             ] GC(1883) Pause Young (Allocation Failure) 507M->432M(743M) 70.827ms
[582.750s][info][gc,cpu         ] GC(1883) User=0.14s Sys=0.00s Real=0.07s
[582.872s][info][gc,start       ] GC(1884) Pause Young (Allocation Failure)
[582.958s][info][gc,heap        ] GC(1884) PSYoungGen: 187216K(203264K)->91296K(216576K) Eden: 108032K(108032K)->0K(108032K) From: 79184K(95232K)->91296K(108544K)
[582.958s][info][gc,heap        ] GC(1884) ParOldGen: 364163K(558080K)->364163K(558080K)
[582.958s][info][gc,metaspace   ] GC(1884) Metaspace: 18959K(19072K)->18959K(19072K) NonClass: 17130K(17216K)->17130K(17216K) Class: 1829K(1856K)->1829K(1856K)
[582.958s][info][gc             ] GC(1884) Pause Young (Allocation Failure) 538M->444M(756M) 86.013ms
[582.958s][info][gc,cpu         ] GC(1884) User=0.17s Sys=0.00s Real=0.09s
[583.063s][info][gc,start       ] GC(1885) Pause Young (Allocation Failure)
[583.153s][info][gc,heap        ] GC(1885) PSYoungGen: 199328K(216576K)->89312K(222720K) Eden: 108032K(108032K)->0K(111616K) From: 91296K(108544K)->89312K(111104K)
[583.153s][info][gc,heap        ] GC(1885) ParOldGen: 364163K(558080K)->369555K(558080K)
[583.153s][info][gc,metaspace   ] GC(1885) Metaspace: 18959K(19072K)->18959K(19072K) NonClass: 17130K(17216K)->17130K(17216K) Class: 1829K(1856K)->1829K(1856K)
[583.153s][info][gc             ] GC(1885) Pause Young (Allocation Failure) 550M->448M(762M) 90.083ms
[583.153s][info][gc,cpu         ] GC(1885) User=0.18s Sys=0.01s Real=0.09s
[583.251s][info][gc,start       ] GC(1886) Pause Young (Allocation Failure)
[583.334s][info][gc,heap        ] GC(1886) PSYoungGen: 200928K(222720K)->88224K(222720K) Eden: 111616K(111616K)->0K(111616K) From: 89312K(111104K)->88224K(111104K)
[583.334s][info][gc,heap        ] GC(1886) ParOldGen: 369555K(558080K)->371475K(558080K)
[583.334s][info][gc,metaspace   ] GC(1886) Metaspace: 18959K(19072K)->18959K(19072K) NonClass: 17130K(17216K)->17130K(17216K) Class: 1829K(1856K)->1829K(1856K)
[583.334s][info][gc             ] GC(1886) Pause Young (Allocation Failure) 557M->448M(762M) 82.226ms
[583.334s][info][gc,cpu         ] GC(1886) User=0.16s Sys=0.00s Real=0.08s
[583.538s][info][gc,start       ] GC(1887) Pause Young (Allocation Failure)
[583.627s][info][gc,heap        ] GC(1887) PSYoungGen: 199840K(222720K)->17888K(222720K) Eden: 111616K(111616K)->0K(111616K) From: 88224K(111104K)->17888K(111104K)
[583.628s][info][gc,heap        ] GC(1887) ParOldGen: 371475K(558080K)->443613K(558080K)
[583.628s][info][gc,metaspace   ] GC(1887) Metaspace: 18959K(19072K)->18959K(19072K) NonClass: 17130K(17216K)->17130K(17216K) Class: 1829K(1856K)->1829K(1856K)
[583.628s][info][gc             ] GC(1887) Pause Young (Allocation Failure) 557M->450M(762M) 89.741ms
[583.628s][info][gc,cpu         ] GC(1887) User=0.17s Sys=0.00s Real=0.09s
[583.883s][info][gc,start       ] GC(1888) Pause Young (Allocation Failure)
[583.912s][info][gc,heap        ] GC(1888) PSYoungGen: 129504K(222720K)->2400K(222720K) Eden: 111616K(111616K)->0K(111616K) From: 17888K(111104K)->2400K(111104K)
[583.912s][info][gc,heap        ] GC(1888) ParOldGen: 443613K(558080K)->459349K(558080K)
[583.912s][info][gc,metaspace   ] GC(1888) Metaspace: 18959K(19072K)->18959K(19072K) NonClass: 17130K(17216K)->17130K(17216K) Class: 1829K(1856K)->1829K(1856K)
[583.912s][info][gc             ] GC(1888) Pause Young (Allocation Failure) 559M->450M(762M) 29.232ms
[583.912s][info][gc,cpu         ] GC(1888) User=0.06s Sys=0.00s Real=0.03s
[584.033s][info][gc,start       ] GC(1889) Pause Young (Allocation Failure)
[584.098s][info][gc,heap        ] GC(1889) PSYoungGen: 114016K(222720K)->63488K(222720K) Eden: 111616K(111616K)->0K(111616K) From: 2400K(111104K)->63488K(111104K)
[584.098s][info][gc,heap        ] GC(1889) ParOldGen: 459349K(558080K)->461557K(558080K)
[584.098s][info][gc,metaspace   ] GC(1889) Metaspace: 18959K(19072K)->18959K(19072K) NonClass: 17130K(17216K)->17130K(17216K) Class: 1829K(1856K)->1829K(1856K)
[584.098s][info][gc             ] GC(1889) Pause Young (Allocation Failure) 559M->512M(762M) 65.767ms
[584.098s][info][gc,cpu         ] GC(1889) User=0.13s Sys=0.00s Real=0.07s
[584.217s][info][gc,start       ] GC(1890) Pause Young (Allocation Failure)
[584.354s][info][gc,heap        ] GC(1890) PSYoungGen: 175104K(222720K)->67168K(222720K) Eden: 111616K(111616K)->0K(111616K) From: 63488K(111104K)->67168K(111104K)
[584.354s][info][gc,heap        ] GC(1890) ParOldGen: 461557K(558080K)->525221K(558080K)
[584.354s][info][gc,metaspace   ] GC(1890) Metaspace: 18959K(19072K)->18959K(19072K) NonClass: 17130K(17216K)->17130K(17216K) Class: 1829K(1856K)->1829K(1856K)
[584.354s][info][gc             ] GC(1890) Pause Young (Allocation Failure) 621M->578M(762M) 136.909ms
[584.354s][info][gc,cpu         ] GC(1890) User=0.27s Sys=0.00s Real=0.13s
[584.462s][info][gc,start       ] GC(1891) Pause Young (Allocation Failure)
[584.585s][info][gc,heap        ] GC(1891) PSYoungGen: 178784K(222720K)->41284K(222720K) Eden: 111616K(111616K)->0K(111616K) From: 67168K(111104K)->41284K(111104K)
[584.585s][info][gc,heap        ] GC(1891) ParOldGen: 525221K(558080K)->592570K(592896K)
[584.585s][info][gc,metaspace   ] GC(1891) Metaspace: 18962K(19072K)->18962K(19072K) NonClass: 17133K(17216K)->17133K(17216K) Class: 1829K(1856K)->1829K(1856K)
[584.585s][info][gc             ] GC(1891) Pause Young (Allocation Failure) 687M->618M(796M) 122.930ms
[584.585s][info][gc,cpu         ] GC(1891) User=0.22s Sys=0.02s Real=0.12s
[584.708s][info][gc,start       ] GC(1892) Pause Full (Allocation Failure)
[584.708s][info][gc,phases,start] GC(1892) Marking Phase
[584.773s][info][gc,phases      ] GC(1892) Marking Phase 64.999ms
[584.773s][info][gc,phases,start] GC(1892) Summary Phase
[584.773s][info][gc,phases      ] GC(1892) Summary Phase 0.033ms
[584.773s][info][gc,phases,start] GC(1892) Forward
[584.787s][info][gc,phases      ] GC(1892) Forward 13.580ms
[584.787s][info][gc,phases,start] GC(1892) Adjust Pointers
[584.830s][info][gc,phases      ] GC(1892) Adjust Pointers 43.399ms
[584.831s][info][gc,phases,start] GC(1892) Compaction Phase
[584.854s][info][gc,phases      ] GC(1892) Compaction Phase 23.534ms
[584.856s][info][gc,phases,start] GC(1892) Post Compact
[584.858s][info][gc,phases      ] GC(1892) Post Compact 2.224ms
[584.875s][info][gc,heap        ] GC(1892) PSYoungGen: 152900K(222720K)->0K(222720K) Eden: 111616K(111616K)->0K(111616K) From: 41284K(111104K)->0K(111104K)
[584.875s][info][gc,heap        ] GC(1892) ParOldGen: 592570K(592896K)->101877K(411648K)
[584.875s][info][gc,metaspace   ] GC(1892) Metaspace: 18962K(19072K)->18962K(19072K) NonClass: 17133K(17216K)->17133K(17216K) Class: 1829K(1856K)->1829K(1856K)
[584.875s][info][gc             ] GC(1892) Pause Full (Allocation Failure) 727M->99M(619M) 166.627ms
[584.875s][info][gc,cpu         ] GC(1892) User=0.27s Sys=0.02s Real=0.16s
[584.957s][info][gc,start       ] GC(1893) Pause Young (Allocation Failure)
[584.967s][info][gc,heap        ] GC(1893) PSYoungGen: 111616K(222720K)->10128K(222720K) Eden: 111616K(111616K)->0K(111616K) From: 0K(111104K)->10128K(111104K)
[584.967s][info][gc,heap        ] GC(1893) ParOldGen: 101877K(411648K)->101877K(411648K)
[584.967s][info][gc,metaspace   ] GC(1893) Metaspace: 18966K(19072K)->18966K(19072K) NonClass: 17137K(17216K)->17137K(17216K) Class: 1829K(1856K)->1829K(1856K)
[584.967s][info][gc             ] GC(1893) Pause Young (Allocation Failure) 208M->109M(619M) 10.347ms
[584.967s][info][gc,cpu         ] GC(1893) User=0.02s Sys=0.00s Real=0.01s
[585.042s][info][gc,start       ] GC(1894) Pause Young (Allocation Failure)
[585.053s][info][gc,heap        ] GC(1894) PSYoungGen: 121744K(222720K)->1920K(222720K) Eden: 111616K(111616K)->0K(111616K) From: 10128K(111104K)->1920K(111104K)
[585.053s][info][gc,heap        ] GC(1894) ParOldGen: 101877K(411648K)->112029K(411648K)
[585.053s][info][gc,metaspace   ] GC(1894) Metaspace: 18966K(19072K)->18966K(19072K) NonClass: 17137K(17216K)->17137K(17216K) Class: 1829K(1856K)->1829K(1856K)
[585.053s][info][gc             ] GC(1894) Pause Young (Allocation Failure) 218M->111M(619M) 11.470ms
[585.053s][info][gc,cpu         ] GC(1894) User=0.03s Sys=0.00s Real=0.01s
[585.111s][info][gc,start       ] GC(1895) Pause Young (Allocation Failure)
[585.132s][info][gc,heap        ] GC(1895) PSYoungGen: 113536K(222720K)->25712K(222720K) Eden: 111616K(111616K)->0K(111616K) From: 1920K(111104K)->25712K(111104K)
[585.132s][info][gc,heap        ] GC(1895) ParOldGen: 112029K(411648K)->113917K(411648K)
[585.132s][info][gc,metaspace   ] GC(1895) Metaspace: 18966K(19072K)->18966K(19072K) NonClass: 17137K(17216K)->17137K(17216K) Class: 1829K(1856K)->1829K(1856K)
[585.132s][info][gc             ] GC(1895) Pause Young (Allocation Failure) 220M->136M(619M) 20.966ms
[585.132s][info][gc,cpu         ] GC(1895) User=0.04s Sys=0.00s Real=0.02s
[585.180s][info][gc,start       ] GC(1896) Pause Young (Allocation Failure)
[585.220s][info][gc,heap        ] GC(1896) PSYoungGen: 137328K(222720K)->31904K(143872K) Eden: 111616K(111616K)->0K(111616K) From: 25712K(111104K)->31904K(32256K)
[585.220s][info][gc,heap        ] GC(1896) ParOldGen: 113917K(411648K)->139949K(411648K)
[585.220s][info][gc,metaspace   ] GC(1896) Metaspace: 18966K(19072K)->18966K(19072K) NonClass: 17137K(17216K)->17137K(17216K) Class: 1829K(1856K)->1829K(1856K)
[585.220s][info][gc             ] GC(1896) Pause Young (Allocation Failure) 245M->167M(542M) 39.789ms
[585.220s][info][gc,cpu         ] GC(1896) User=0.08s Sys=0.00s Real=0.04s
[585.373s][info][gc,start       ] GC(1897) Pause Young (Allocation Failure)
[585.405s][info][gc,heap        ] GC(1897) PSYoungGen: 143520K(143872K)->46720K(222720K) Eden: 111616K(111616K)->0K(114688K) From: 31904K(32256K)->46720K(108032K)
[585.405s][info][gc,heap        ] GC(1897) ParOldGen: 139949K(411648K)->139949K(411648K)
[585.405s][info][gc,metaspace   ] GC(1897) Metaspace: 18968K(19072K)->18968K(19072K) NonClass: 17138K(17216K)->17138K(17216K) Class: 1829K(1856K)->1829K(1856K)
[585.405s][info][gc             ] GC(1897) Pause Young (Allocation Failure) 276M->182M(619M) 32.058ms
[585.405s][info][gc,cpu         ] GC(1897) User=0.06s Sys=0.00s Real=0.03s
[585.506s][info][gc,start       ] GC(1898) Pause Young (Allocation Failure)
[585.541s][info][gc,heap        ] GC(1898) PSYoungGen: 161408K(222720K)->48864K(219648K) Eden: 114688K(114688K)->0K(114688K) From: 46720K(108032K)->48864K(104960K)
[585.541s][info][gc,heap        ] GC(1898) ParOldGen: 139949K(411648K)->139949K(411648K)
[585.541s][info][gc,metaspace   ] GC(1898) Metaspace: 18968K(19072K)->18968K(19072K) NonClass: 17138K(17216K)->17138K(17216K) Class: 1829K(1856K)->1829K(1856K)
[585.541s][info][gc             ] GC(1898) Pause Young (Allocation Failure) 294M->184M(616M) 34.839ms
[585.541s][info][gc,cpu         ] GC(1898) User=0.07s Sys=0.00s Real=0.03s
[585.720s][info][gc,start       ] GC(1899) Pause Young (Allocation Failure)
[585.786s][info][gc,heap        ] GC(1899) PSYoungGen: 163552K(219648K)->70497K(218112K) Eden: 114688K(114688K)->0K(115200K) From: 48864K(104960K)->70497K(102912K)
[585.786s][info][gc,heap        ] GC(1899) ParOldGen: 139949K(411648K)->139949K(411648K)
[585.786s][info][gc,metaspace   ] GC(1899) Metaspace: 18968K(19072K)->18968K(19072K) NonClass: 17139K(17216K)->17139K(17216K) Class: 1829K(1856K)->1829K(1856K)
[585.786s][info][gc             ] GC(1899) Pause Young (Allocation Failure) 296M->205M(615M) 65.410ms
[585.786s][info][gc,cpu         ] GC(1899) User=0.13s Sys=0.00s Real=0.06s
[585.866s][info][gc,start       ] GC(1900) Pause Young (Allocation Failure)
[585.991s][info][gc,heap        ] GC(1900) PSYoungGen: 185697K(218112K)->108513K(223744K) Eden: 115200K(115200K)->0K(115200K) From: 70497K(102912K)->108513K(108544K)
[585.991s][info][gc,heap        ] GC(1900) ParOldGen: 139949K(411648K)->163557K(411648K)
[585.991s][info][gc,metaspace   ] GC(1900) Metaspace: 18968K(19072K)->18968K(19072K) NonClass: 17139K(17216K)->17139K(17216K) Class: 1829K(1856K)->1829K(1856K)
[585.991s][info][gc             ] GC(1900) Pause Young (Allocation Failure) 318M->265M(620M) 125.397ms
[585.992s][info][gc,cpu         ] GC(1900) User=0.25s Sys=0.00s Real=0.13s
[586.061s][info][gc,start       ] GC(1901) Pause Young (Allocation Failure)
[586.202s][info][gc,heap        ] GC(1901) PSYoungGen: 223713K(223744K)->96177K(221696K) Eden: 115200K(115200K)->0K(111616K) From: 108513K(108544K)->96177K(110080K)
[586.202s][info][gc,heap        ] GC(1901) ParOldGen: 163557K(411648K)->210781K(411648K)
[586.202s][info][gc,metaspace   ] GC(1901) Metaspace: 18968K(19072K)->18968K(19072K) NonClass: 17139K(17216K)->17139K(17216K) Class: 1829K(1856K)->1829K(1856K)
[586.202s][info][gc             ] GC(1901) Pause Young (Allocation Failure) 378M->299M(618M) 140.643ms
[586.202s][info][gc,cpu         ] GC(1901) User=0.27s Sys=0.01s Real=0.14s
[586.252s][info][gc,start       ] GC(1902) Pause Young (Allocation Failure)
[586.383s][info][gc,heap        ] GC(1902) PSYoungGen: 207793K(221696K)->111072K(222720K) Eden: 111616K(111616K)->0K(111616K) From: 96177K(110080K)->111072K(111104K)
[586.383s][info][gc,heap        ] GC(1902) ParOldGen: 210781K(411648K)->237258K(411648K)
[586.383s][info][gc,metaspace   ] GC(1902) Metaspace: 18968K(19072K)->18968K(19072K) NonClass: 17139K(17216K)->17139K(17216K) Class: 1829K(1856K)->1829K(1856K)
[586.383s][info][gc             ] GC(1902) Pause Young (Allocation Failure) 408M->340M(619M) 131.119ms
[586.383s][info][gc,cpu         ] GC(1902) User=0.26s Sys=0.00s Real=0.13s
[586.455s][info][gc,start       ] GC(1903) Pause Young (Allocation Failure)
[586.574s][info][gc,heap        ] GC(1903) PSYoungGen: 222688K(222720K)->43392K(222720K) Eden: 111616K(111616K)->0K(111616K) From: 111072K(111104K)->43392K(111104K)
[586.574s][info][gc,heap        ] GC(1903) ParOldGen: 237258K(411648K)->324258K(411648K)
[586.574s][info][gc,metaspace   ] GC(1903) Metaspace: 18968K(19072K)->18968K(19072K) NonClass: 17139K(17216K)->17139K(17216K) Class: 1829K(1856K)->1829K(1856K)
[586.574s][info][gc             ] GC(1903) Pause Young (Allocation Failure) 449M->359M(619M) 119.199ms
[586.574s][info][gc,cpu         ] GC(1903) User=0.23s Sys=0.00s Real=0.12s
[586.656s][info][gc,start       ] GC(1904) Pause Young (Allocation Failure)
[586.699s][info][gc,heap        ] GC(1904) PSYoungGen: 155008K(222720K)->2176K(222720K) Eden: 111616K(111616K)->0K(111616K) From: 43392K(111104K)->2176K(111104K)
[586.699s][info][gc,heap        ] GC(1904) ParOldGen: 324258K(411648K)->367970K(411648K)
[586.699s][info][gc,metaspace   ] GC(1904) Metaspace: 18968K(19072K)->18968K(19072K) NonClass: 17139K(17216K)->17139K(17216K) Class: 1829K(1856K)->1829K(1856K)
[586.699s][info][gc             ] GC(1904) Pause Young (Allocation Failure) 468M->361M(619M) 42.981ms
[586.699s][info][gc,cpu         ] GC(1904) User=0.08s Sys=0.00s Real=0.05s
[586.766s][info][gc,start       ] GC(1905) Pause Young (Allocation Failure)
[586.780s][info][gc,heap        ] GC(1905) PSYoungGen: 113792K(222720K)->1536K(222720K) Eden: 111616K(111616K)->0K(111616K) From: 2176K(111104K)->1536K(111104K)
[586.780s][info][gc,heap        ] GC(1905) ParOldGen: 367970K(411648K)->370106K(411648K)
[586.780s][info][gc,metaspace   ] GC(1905) Metaspace: 18968K(19072K)->18968K(19072K) NonClass: 17139K(17216K)->17139K(17216K) Class: 1829K(1856K)->1829K(1856K)
[586.780s][info][gc             ] GC(1905) Pause Young (Allocation Failure) 470M->362M(619M) 13.247ms
[586.780s][info][gc,cpu         ] GC(1905) User=0.03s Sys=0.00s Real=0.01s
[586.881s][info][gc,start       ] GC(1906) Pause Young (Allocation Failure)
[586.909s][info][gc,heap        ] GC(1906) PSYoungGen: 113152K(222720K)->10113K(222720K) Eden: 111616K(111616K)->0K(111616K) From: 1536K(111104K)->10113K(111104K)
[586.909s][info][gc,heap        ] GC(1906) ParOldGen: 370106K(411648K)->371618K(411648K)
[586.909s][info][gc,metaspace   ] GC(1906) Metaspace: 18968K(19072K)->18968K(19072K) NonClass: 17139K(17216K)->17139K(17216K) Class: 1829K(1856K)->1829K(1856K)
[586.909s][info][gc             ] GC(1906) Pause Young (Allocation Failure) 471M->372M(619M) 27.832ms
[586.909s][info][gc,cpu         ] GC(1906) User=0.05s Sys=0.00s Real=0.03s
[587.018s][info][gc,start       ] GC(1907) Pause Young (Allocation Failure)
[587.054s][info][gc,heap        ] GC(1907) PSYoungGen: 121729K(222720K)->13696K(222720K) Eden: 111616K(111616K)->0K(111616K) From: 10113K(111104K)->13696K(111104K)
[587.054s][info][gc,heap        ] GC(1907) ParOldGen: 371618K(411648K)->381207K(411648K)
[587.054s][info][gc,metaspace   ] GC(1907) Metaspace: 18968K(19072K)->18968K(19072K) NonClass: 17139K(17216K)->17139K(17216K) Class: 1829K(1856K)->1829K(1856K)
[587.054s][info][gc             ] GC(1907) Pause Young (Allocation Failure) 481M->385M(619M) 35.950ms
[587.054s][info][gc,cpu         ] GC(1907) User=0.07s Sys=0.00s Real=0.03s
[587.149s][info][gc,start       ] GC(1908) Pause Young (Allocation Failure)
[587.193s][info][gc,heap        ] GC(1908) PSYoungGen: 125312K(222720K)->25504K(222720K) Eden: 111616K(111616K)->0K(111616K) From: 13696K(111104K)->25504K(111104K)
[587.193s][info][gc,heap        ] GC(1908) ParOldGen: 381207K(411648K)->394927K(411648K)
[587.193s][info][gc,metaspace   ] GC(1908) Metaspace: 18968K(19072K)->18968K(19072K) NonClass: 17139K(17216K)->17139K(17216K) Class: 1829K(1856K)->1829K(1856K)
[587.193s][info][gc             ] GC(1908) Pause Young (Allocation Failure) 494M->410M(619M) 44.226ms
[587.193s][info][gc,cpu         ] GC(1908) User=0.09s Sys=0.00s Real=0.04s
[587.267s][info][gc,start       ] GC(1909) Pause Young (Allocation Failure)
[587.329s][info][gc,heap        ] GC(1909) PSYoungGen: 137120K(222720K)->27424K(222720K) Eden: 111616K(111616K)->0K(111616K) From: 25504K(111104K)->27424K(111104K)
[587.329s][info][gc,heap        ] GC(1909) ParOldGen: 394927K(411648K)->420477K(420864K)
[587.329s][info][gc,metaspace   ] GC(1909) Metaspace: 18968K(19072K)->18968K(19072K) NonClass: 17139K(17216K)->17139K(17216K) Class: 1829K(1856K)->1829K(1856K)
[587.329s][info][gc             ] GC(1909) Pause Young (Allocation Failure) 519M->437M(628M) 61.857ms
[587.329s][info][gc,cpu         ] GC(1909) User=0.12s Sys=0.01s Real=0.06s
[587.441s][info][gc,start       ] GC(1910) Pause Young (Allocation Failure)
[587.492s][info][gc,heap        ] GC(1910) PSYoungGen: 139040K(222720K)->3776K(222720K) Eden: 111616K(111616K)->0K(111616K) From: 27424K(111104K)->3776K(111104K)
[587.492s][info][gc,heap        ] GC(1910) ParOldGen: 420477K(420864K)->447965K(448000K)
[587.492s][info][gc,metaspace   ] GC(1910) Metaspace: 18968K(19072K)->18968K(19072K) NonClass: 17139K(17216K)->17139K(17216K) Class: 1829K(1856K)->1829K(1856K)
[587.492s][info][gc             ] GC(1910) Pause Young (Allocation Failure) 546M->441M(655M) 51.136ms
[587.492s][info][gc,cpu         ] GC(1910) User=0.08s Sys=0.02s Real=0.05s
[587.618s][info][gc,start       ] GC(1911) Pause Young (Allocation Failure)
[587.631s][info][gc,heap        ] GC(1911) PSYoungGen: 115392K(222720K)->896K(222720K) Eden: 111616K(111616K)->0K(111616K) From: 3776K(111104K)->896K(111104K)
[587.631s][info][gc,heap        ] GC(1911) ParOldGen: 447965K(448000K)->451741K(452096K)
[587.631s][info][gc,metaspace   ] GC(1911) Metaspace: 18968K(19072K)->18968K(19072K) NonClass: 17139K(17216K)->17139K(17216K) Class: 1829K(1856K)->1829K(1856K)
[587.631s][info][gc             ] GC(1911) Pause Young (Allocation Failure) 550M->442M(659M) 12.911ms
[587.631s][info][gc,cpu         ] GC(1911) User=0.03s Sys=0.00s Real=0.01s
[587.760s][info][gc,start       ] GC(1912) Pause Young (Allocation Failure)
[587.771s][info][gc,heap        ] GC(1912) PSYoungGen: 112512K(222720K)->3488K(222720K) Eden: 111616K(111616K)->0K(111616K) From: 896K(111104K)->3488K(111104K)
[587.771s][info][gc,heap        ] GC(1912) ParOldGen: 451741K(452096K)->452621K(453120K)
[587.771s][info][gc,metaspace   ] GC(1912) Metaspace: 18968K(19072K)->18968K(19072K) NonClass: 17139K(17216K)->17139K(17216K) Class: 1829K(1856K)->1829K(1856K)
[587.771s][info][gc             ] GC(1912) Pause Young (Allocation Failure) 551M->445M(660M) 11.076ms
[587.771s][info][gc,cpu         ] GC(1912) User=0.02s Sys=0.00s Real=0.01s
[587.928s][info][gc,start       ] GC(1913) Pause Young (Allocation Failure)
[587.944s][info][gc,heap        ] GC(1913) PSYoungGen: 115104K(222720K)->7552K(222720K) Eden: 111616K(111616K)->0K(111616K) From: 3488K(111104K)->7552K(111104K)
[587.944s][info][gc,heap        ] GC(1913) ParOldGen: 452621K(453120K)->456101K(456192K)
[587.944s][info][gc,metaspace   ] GC(1913) Metaspace: 18968K(19072K)->18968K(19072K) NonClass: 17139K(17216K)->17139K(17216K) Class: 1829K(1856K)->1829K(1856K)
[587.944s][info][gc             ] GC(1913) Pause Young (Allocation Failure) 554M->452M(663M) 16.326ms
[587.944s][info][gc,cpu         ] GC(1913) User=0.04s Sys=0.00s Real=0.01s
[588.077s][info][gc,start       ] GC(1914) Pause Young (Allocation Failure)
[588.107s][info][gc,heap        ] GC(1914) PSYoungGen: 119168K(222720K)->15424K(127488K) Eden: 111616K(111616K)->0K(111616K) From: 7552K(111104K)->15424K(15872K)
[588.107s][info][gc,heap        ] GC(1914) ParOldGen: 456101K(456192K)->463661K(463872K)
[588.107s][info][gc,metaspace   ] GC(1914) Metaspace: 18968K(19072K)->18968K(19072K) NonClass: 17139K(17216K)->17139K(17216K) Class: 1829K(1856K)->1829K(1856K)
[588.107s][info][gc             ] GC(1914) Pause Young (Allocation Failure) 561M->467M(577M) 30.162ms
[588.107s][info][gc,cpu         ] GC(1914) User=0.05s Sys=0.00s Real=0.03s
[588.486s][info][gc,start       ] GC(1915) Pause Young (Allocation Failure)
[588.505s][info][gc,heap        ] GC(1915) PSYoungGen: 127040K(127488K)->15488K(220160K) Eden: 111616K(111616K)->0K(117760K) From: 15424K(15872K)->15488K(102400K)
[588.505s][info][gc,heap        ] GC(1915) ParOldGen: 463661K(463872K)->463661K(463872K)
[588.505s][info][gc,metaspace   ] GC(1915) Metaspace: 18968K(19072K)->18968K(19072K) NonClass: 17139K(17216K)->17139K(17216K) Class: 1829K(1856K)->1829K(1856K)
[588.505s][info][gc             ] GC(1915) Pause Young (Allocation Failure) 576M->467M(668M) 18.412ms
[588.505s][info][gc,cpu         ] GC(1915) User=0.04s Sys=0.01s Real=0.02s
[588.797s][info][gc,start       ] GC(1916) Pause Young (Allocation Failure)
[588.815s][info][gc,heap        ] GC(1916) PSYoungGen: 133248K(220160K)->15552K(133632K) Eden: 117760K(117760K)->0K(117760K) From: 15488K(102400K)->15552K(15872K)
[588.815s][info][gc,heap        ] GC(1916) ParOldGen: 463661K(463872K)->463661K(463872K)
[588.815s][info][gc,metaspace   ] GC(1916) Metaspace: 18968K(19072K)->18968K(19072K) NonClass: 17139K(17216K)->17139K(17216K) Class: 1829K(1856K)->1829K(1856K)
[588.815s][info][gc             ] GC(1916) Pause Young (Allocation Failure) 582M->467M(583M) 18.492ms
[588.815s][info][gc,cpu         ] GC(1916) User=0.03s Sys=0.00s Real=0.01s
[589.092s][info][gc,start       ] GC(1917) Pause Young (Allocation Failure)
[589.110s][info][gc,heap        ] GC(1917) PSYoungGen: 133312K(133632K)->15584K(207872K) Eden: 117760K(117760K)->0K(122880K) From: 15552K(15872K)->15584K(84992K)
[589.110s][info][gc,heap        ] GC(1917) ParOldGen: 463661K(463872K)->463661K(463872K)
[589.110s][info][gc,metaspace   ] GC(1917) Metaspace: 18968K(19072K)->18968K(19072K) NonClass: 17139K(17216K)->17139K(17216K) Class: 1829K(1856K)->1829K(1856K)
[589.110s][info][gc             ] GC(1917) Pause Young (Allocation Failure) 582M->468M(656M) 18.015ms
[589.110s][info][gc,cpu         ] GC(1917) User=0.03s Sys=0.00s Real=0.02s
[589.427s][info][gc,start       ] GC(1918) Pause Young (Allocation Failure)
[589.453s][info][gc,heap        ] GC(1918) PSYoungGen: 138464K(207872K)->15616K(138752K) Eden: 122880K(122880K)->0K(122880K) From: 15584K(84992K)->15616K(15872K)
[589.453s][info][gc,heap        ] GC(1918) ParOldGen: 463661K(463872K)->463661K(463872K)
[589.453s][info][gc,metaspace   ] GC(1918) Metaspace: 18968K(19072K)->18968K(19072K) NonClass: 17139K(17216K)->17139K(17216K) Class: 1829K(1856K)->1829K(1856K)
[589.453s][info][gc             ] GC(1918) Pause Young (Allocation Failure) 588M->468M(588M) 26.479ms
[589.453s][info][gc,cpu         ] GC(1918) User=0.05s Sys=0.00s Real=0.02s
[589.650s][info][gc,start       ] GC(1919) Pause Young (Allocation Failure)
[589.681s][info][gc,heap        ] GC(1919) PSYoungGen: 138496K(138752K)->32006K(209408K) Eden: 122880K(122880K)->0K(128512K) From: 15616K(15872K)->32006K(80896K)
[589.681s][info][gc,heap        ] GC(1919) ParOldGen: 463661K(463872K)->463661K(463872K)
[589.681s][info][gc,metaspace   ] GC(1919) Metaspace: 18968K(19072K)->18968K(19072K) NonClass: 17139K(17216K)->17139K(17216K) Class: 1829K(1856K)->1829K(1856K)
[589.681s][info][gc             ] GC(1919) Pause Young (Allocation Failure) 588M->484M(657M) 31.175ms
[589.681s][info][gc,cpu         ] GC(1919) User=0.06s Sys=0.00s Real=0.03s
[589.753s][info][gc,start       ] GC(1920) Pause Young (Allocation Failure)
[589.819s][info][gc,heap        ] GC(1920) PSYoungGen: 160518K(209408K)->78646K(211456K) Eden: 128512K(128512K)->0K(128512K) From: 32006K(80896K)->78646K(82944K)
[589.819s][info][gc,heap        ] GC(1920) ParOldGen: 463661K(463872K)->463661K(463872K)
[589.819s][info][gc,metaspace   ] GC(1920) Metaspace: 18968K(19072K)->18968K(19072K) NonClass: 17139K(17216K)->17139K(17216K) Class: 1829K(1856K)->1829K(1856K)
[589.819s][info][gc             ] GC(1920) Pause Young (Allocation Failure) 609M->529M(659M) 65.600ms
[589.819s][info][gc,cpu         ] GC(1920) User=0.13s Sys=0.00s Real=0.07s
[590.003s][info][gc,start       ] GC(1921) Pause Young (Allocation Failure)
[590.090s][info][gc,heap        ] GC(1921) PSYoungGen: 207158K(211456K)->95478K(208896K) Eden: 128512K(128512K)->0K(111616K) From: 78646K(82944K)->95478K(97280K)
[590.090s][info][gc,heap        ] GC(1921) ParOldGen: 463661K(463872K)->463661K(463872K)
[590.090s][info][gc,metaspace   ] GC(1921) Metaspace: 18968K(19072K)->18968K(19072K) NonClass: 17139K(17216K)->17139K(17216K) Class: 1829K(1856K)->1829K(1856K)
[590.090s][info][gc             ] GC(1921) Pause Young (Allocation Failure) 655M->546M(657M) 86.682ms
[590.090s][info][gc,cpu         ] GC(1921) User=0.15s Sys=0.02s Real=0.09s
[590.227s][info][gc,start       ] GC(1922) Pause Young (Allocation Failure)
[590.316s][info][gc,heap        ] GC(1922) PSYoungGen: 207094K(208896K)->82134K(222720K) Eden: 111616K(111616K)->0K(111616K) From: 95478K(97280K)->82134K(111104K)
[590.316s][info][gc,heap        ] GC(1922) ParOldGen: 463661K(463872K)->479147K(479232K)
[590.316s][info][gc,metaspace   ] GC(1922) Metaspace: 18968K(19072K)->18968K(19072K) NonClass: 17139K(17216K)->17139K(17216K) Class: 1829K(1856K)->1829K(1856K)
[590.316s][info][gc             ] GC(1922) Pause Young (Allocation Failure) 655M->548M(685M) 89.519ms
[590.316s][info][gc,cpu         ] GC(1922) User=0.16s Sys=0.02s Real=0.09s
[590.469s][info][gc,start       ] GC(1923) Pause Young (Allocation Failure)
[590.565s][info][gc,heap        ] GC(1923) PSYoungGen: 193750K(222720K)->105756K(222720K) Eden: 111616K(111616K)->0K(111616K) From: 82134K(111104K)->105756K(111104K)
[590.565s][info][gc,heap        ] GC(1923) ParOldGen: 479147K(479232K)->479259K(479744K)
[590.565s][info][gc,metaspace   ] GC(1923) Metaspace: 18968K(19072K)->18968K(19072K) NonClass: 17139K(17216K)->17139K(17216K) Class: 1829K(1856K)->1829K(1856K)
[590.565s][info][gc             ] GC(1923) Pause Young (Allocation Failure) 657M->571M(686M) 96.353ms
[590.565s][info][gc,cpu         ] GC(1923) User=0.19s Sys=0.00s Real=0.09s
[590.679s][info][gc,start       ] GC(1924) Pause Young (Allocation Failure)
[590.808s][info][gc,heap        ] GC(1924) PSYoungGen: 217372K(222720K)->111077K(222720K) Eden: 111616K(111616K)->0K(111616K) From: 105756K(111104K)->111077K(111104K)
[590.808s][info][gc,heap        ] GC(1924) ParOldGen: 479259K(479744K)->498301K(498688K)
[590.808s][info][gc,metaspace   ] GC(1924) Metaspace: 18968K(19072K)->18968K(19072K) NonClass: 17139K(17216K)->17139K(17216K) Class: 1829K(1856K)->1829K(1856K)
[590.808s][info][gc             ] GC(1924) Pause Young (Allocation Failure) 680M->595M(704M) 129.352ms
[590.808s][info][gc,cpu         ] GC(1924) User=0.24s Sys=0.01s Real=0.13s
[590.887s][info][gc,start       ] GC(1925) Pause Young (Allocation Failure)
[591.037s][info][gc,heap        ] GC(1925) PSYoungGen: 222693K(222720K)->64572K(222720K) Eden: 111616K(111616K)->0K(111616K) From: 111077K(111104K)->64572K(111104K)
[591.037s][info][gc,heap        ] GC(1925) ParOldGen: 498301K(498688K)->562497K(562688K)
[591.037s][info][gc,metaspace   ] GC(1925) Metaspace: 18968K(19072K)->18968K(19072K) NonClass: 17139K(17216K)->17139K(17216K) Class: 1829K(1856K)->1829K(1856K)
[591.037s][info][gc             ] GC(1925) Pause Young (Allocation Failure) 704M->612M(767M) 149.972ms
[591.037s][info][gc,cpu         ] GC(1925) User=0.24s Sys=0.05s Real=0.15s
[591.110s][info][gc,start       ] GC(1926) Pause Young (Allocation Failure)
[591.225s][info][gc,heap        ] GC(1926) PSYoungGen: 176188K(222720K)->76032K(222720K) Eden: 111616K(111616K)->0K(111616K) From: 64572K(111104K)->76032K(111104K)
[591.225s][info][gc,heap        ] GC(1926) ParOldGen: 562497K(562688K)->585980K(586240K)
[591.225s][info][gc,metaspace   ] GC(1926) Metaspace: 18968K(19072K)->18968K(19072K) NonClass: 17139K(17216K)->17139K(17216K) Class: 1829K(1856K)->1829K(1856K)
[591.225s][info][gc             ] GC(1926) Pause Young (Allocation Failure) 721M->646M(790M) 114.743ms
[591.225s][info][gc,cpu         ] GC(1926) User=0.21s Sys=0.01s Real=0.11s
[591.291s][info][gc,start       ] GC(1927) Pause Young (Allocation Failure)
[591.388s][info][gc,heap        ] GC(1927) PSYoungGen: 187648K(222720K)->42480K(222720K) Eden: 111616K(111616K)->0K(111616K) From: 76032K(111104K)->42480K(111104K)
[591.388s][info][gc,heap        ] GC(1927) ParOldGen: 585980K(586240K)->627239K(627712K)
[591.388s][info][gc,metaspace   ] GC(1927) Metaspace: 18968K(19072K)->18968K(19072K) NonClass: 17139K(17216K)->17139K(17216K) Class: 1829K(1856K)->1829K(1856K)
[591.388s][info][gc             ] GC(1927) Pause Young (Allocation Failure) 755M->654M(830M) 97.153ms
[591.388s][info][gc,cpu         ] GC(1927) User=0.15s Sys=0.05s Real=0.10s
[591.452s][info][gc,start       ] GC(1928) Pause Full (Allocation Failure)
[591.452s][info][gc,phases,start] GC(1928) Marking Phase
[591.735s][info][gc,phases      ] GC(1928) Marking Phase 283.027ms
[591.735s][info][gc,phases,start] GC(1928) Summary Phase
[591.735s][info][gc,phases      ] GC(1928) Summary Phase 0.044ms
[591.735s][info][gc,phases,start] GC(1928) Forward
[591.809s][info][gc,phases      ] GC(1928) Forward 74.346ms
[591.809s][info][gc,phases,start] GC(1928) Adjust Pointers
[592.027s][info][gc,phases      ] GC(1928) Adjust Pointers 217.678ms
[592.027s][info][gc,phases,start] GC(1928) Compaction Phase
[592.148s][info][gc,phases      ] GC(1928) Compaction Phase 121.006ms
[592.154s][info][gc,phases,start] GC(1928) Post Compact
[592.157s][info][gc,phases      ] GC(1928) Post Compact 2.377ms
[592.157s][info][gc,heap        ] GC(1928) PSYoungGen: 154096K(222720K)->0K(222720K) Eden: 111616K(111616K)->0K(111616K) From: 42480K(111104K)->0K(111104K)
[592.157s][info][gc,heap        ] GC(1928) ParOldGen: 627239K(627712K)->385876K(667648K)
[592.157s][info][gc,metaspace   ] GC(1928) Metaspace: 18968K(19072K)->18968K(19072K) NonClass: 17139K(17216K)->17139K(17216K) Class: 1829K(1856K)->1829K(1856K)
[592.157s][info][gc             ] GC(1928) Pause Full (Allocation Failure) 763M->376M(869M) 705.269ms
[592.157s][info][gc,cpu         ] GC(1928) User=1.35s Sys=0.00s Real=0.71s
[592.226s][info][gc,start       ] GC(1929) Pause Young (Allocation Failure)
[592.231s][info][gc,heap        ] GC(1929) PSYoungGen: 111616K(222720K)->416K(222720K) Eden: 111616K(111616K)->0K(111616K) From: 0K(111104K)->416K(111104K)
[592.231s][info][gc,heap        ] GC(1929) ParOldGen: 385876K(667648K)->385876K(667648K)
[592.231s][info][gc,metaspace   ] GC(1929) Metaspace: 18968K(19072K)->18968K(19072K) NonClass: 17139K(17216K)->17139K(17216K) Class: 1829K(1856K)->1829K(1856K)
[592.231s][info][gc             ] GC(1929) Pause Young (Allocation Failure) 485M->377M(869M) 5.381ms
[592.231s][info][gc,cpu         ] GC(1929) User=0.01s Sys=0.00s Real=0.01s
[592.312s][info][gc,start       ] GC(1930) Pause Young (Allocation Failure)
[592.329s][info][gc,heap        ] GC(1930) PSYoungGen: 112032K(222720K)->4736K(222720K) Eden: 111616K(111616K)->0K(111616K) From: 416K(111104K)->4736K(111104K)
[592.329s][info][gc,heap        ] GC(1930) ParOldGen: 385876K(667648K)->386252K(667648K)
[592.329s][info][gc,metaspace   ] GC(1930) Metaspace: 18968K(19072K)->18968K(19072K) NonClass: 17139K(17216K)->17139K(17216K) Class: 1829K(1856K)->1829K(1856K)
[592.329s][info][gc             ] GC(1930) Pause Young (Allocation Failure) 486M->381M(869M) 17.267ms
[592.329s][info][gc,cpu         ] GC(1930) User=0.03s Sys=0.00s Real=0.02s
[592.414s][info][gc,start       ] GC(1931) Pause Young (Allocation Failure)
[592.440s][info][gc,heap        ] GC(1931) PSYoungGen: 116352K(222720K)->15488K(222720K) Eden: 111616K(111616K)->0K(111616K) From: 4736K(111104K)->15488K(111104K)
[592.440s][info][gc,heap        ] GC(1931) ParOldGen: 386252K(667648K)->390852K(667648K)
[592.440s][info][gc,metaspace   ] GC(1931) Metaspace: 18968K(19072K)->18968K(19072K) NonClass: 17139K(17216K)->17139K(17216K) Class: 1829K(1856K)->1829K(1856K)
[592.440s][info][gc             ] GC(1931) Pause Young (Allocation Failure) 490M->396M(869M) 26.972ms
[592.441s][info][gc,cpu         ] GC(1931) User=0.05s Sys=0.00s Real=0.03s
[592.540s][info][gc,start       ] GC(1932) Pause Young (Allocation Failure)
[592.570s][info][gc,heap        ] GC(1932) PSYoungGen: 127104K(222720K)->9568K(222720K) Eden: 111616K(111616K)->0K(111616K) From: 15488K(111104K)->9568K(111104K)
[592.570s][info][gc,heap        ] GC(1932) ParOldGen: 390852K(667648K)->406348K(667648K)
[592.570s][info][gc,metaspace   ] GC(1932) Metaspace: 18968K(19072K)->18968K(19072K) NonClass: 17139K(17216K)->17139K(17216K) Class: 1829K(1856K)->1829K(1856K)
[592.570s][info][gc             ] GC(1932) Pause Young (Allocation Failure) 505M->406M(869M) 30.047ms
[592.570s][info][gc,cpu         ] GC(1932) User=0.06s Sys=0.00s Real=0.03s
[592.654s][info][gc,start       ] GC(1933) Pause Young (Allocation Failure)
[592.677s][info][gc,heap        ] GC(1933) PSYoungGen: 121184K(222720K)->9056K(222720K) Eden: 111616K(111616K)->0K(111616K) From: 9568K(111104K)->9056K(111104K)
[592.677s][info][gc,heap        ] GC(1933) ParOldGen: 406348K(667648K)->415908K(667648K)
[592.677s][info][gc,metaspace   ] GC(1933) Metaspace: 18968K(19072K)->18968K(19072K) NonClass: 17139K(17216K)->17139K(17216K) Class: 1829K(1856K)->1829K(1856K)
[592.677s][info][gc             ] GC(1933) Pause Young (Allocation Failure) 515M->415M(869M) 22.770ms
[592.677s][info][gc,cpu         ] GC(1933) User=0.04s Sys=0.00s Real=0.03s
[592.748s][info][gc,start       ] GC(1934) Pause Young (Allocation Failure)
[592.778s][info][gc,heap        ] GC(1934) PSYoungGen: 120672K(222720K)->16256K(222720K) Eden: 111616K(111616K)->0K(111616K) From: 9056K(111104K)->16256K(111104K)
[592.778s][info][gc,heap        ] GC(1934) ParOldGen: 415908K(667648K)->424986K(667648K)
[592.778s][info][gc,metaspace   ] GC(1934) Metaspace: 18968K(19072K)->18968K(19072K) NonClass: 17139K(17216K)->17139K(17216K) Class: 1829K(1856K)->1829K(1856K)
[592.778s][info][gc             ] GC(1934) Pause Young (Allocation Failure) 524M->430M(869M) 29.750ms
[592.778s][info][gc,cpu         ] GC(1934) User=0.06s Sys=0.00s Real=0.03s
[592.987s][info][gc,start       ] GC(1935) Pause Young (Allocation Failure)
[593.016s][info][gc,heap        ] GC(1935) PSYoungGen: 127872K(222720K)->9056K(222720K) Eden: 111616K(111616K)->0K(111616K) From: 16256K(111104K)->9056K(111104K)
[593.016s][info][gc,heap        ] GC(1935) ParOldGen: 424986K(667648K)->441266K(667648K)
[593.016s][info][gc,metaspace   ] GC(1935) Metaspace: 18968K(19072K)->18968K(19072K) NonClass: 17139K(17216K)->17139K(17216K) Class: 1829K(1856K)->1829K(1856K)
[593.016s][info][gc             ] GC(1935) Pause Young (Allocation Failure) 539M->439M(869M) 29.603ms
[593.017s][info][gc,cpu         ] GC(1935) User=0.06s Sys=0.00s Real=0.03s
[593.338s][info][gc,start       ] GC(1936) Pause Young (Allocation Failure)
[593.350s][info][gc,heap        ] GC(1936) PSYoungGen: 120672K(222720K)->160K(222720K) Eden: 111616K(111616K)->0K(111616K) From: 9056K(111104K)->160K(111104K)
[593.350s][info][gc,heap        ] GC(1936) ParOldGen: 441266K(667648K)->450314K(667648K)
[593.350s][info][gc,metaspace   ] GC(1936) Metaspace: 18968K(19072K)->18968K(19072K) NonClass: 17139K(17216K)->17139K(17216K) Class: 1829K(1856K)->1829K(1856K)
[593.350s][info][gc             ] GC(1936) Pause Young (Allocation Failure) 548M->439M(869M) 11.840ms
[593.350s][info][gc,cpu         ] GC(1936) User=0.02s Sys=0.00s Real=0.01s
[593.575s][info][gc,start       ] GC(1937) Pause Young (Allocation Failure)
[593.592s][info][gc,heap        ] GC(1937) PSYoungGen: 111776K(222720K)->13200K(222720K) Eden: 111616K(111616K)->0K(111616K) From: 160K(111104K)->13200K(111104K)
[593.592s][info][gc,heap        ] GC(1937) ParOldGen: 450314K(667648K)->450391K(667648K)
[593.592s][info][gc,metaspace   ] GC(1937) Metaspace: 18968K(19072K)->18968K(19072K) NonClass: 17139K(17216K)->17139K(17216K) Class: 1829K(1856K)->1829K(1856K)
[593.592s][info][gc             ] GC(1937) Pause Young (Allocation Failure) 548M->452M(869M) 16.580ms
[593.592s][info][gc,cpu         ] GC(1937) User=0.03s Sys=0.00s Real=0.02s
[593.733s][info][gc,start       ] GC(1938) Pause Young (Allocation Failure)
[593.755s][info][gc,heap        ] GC(1938) PSYoungGen: 124816K(222720K)->7648K(119296K) Eden: 111616K(111616K)->0K(111616K) From: 13200K(111104K)->7648K(7680K)
[593.755s][info][gc,heap        ] GC(1938) ParOldGen: 450391K(667648K)->463692K(667648K)
[593.755s][info][gc,metaspace   ] GC(1938) Metaspace: 18968K(19072K)->18968K(19072K) NonClass: 17139K(17216K)->17139K(17216K) Class: 1829K(1856K)->1829K(1856K)
[593.755s][info][gc             ] GC(1938) Pause Young (Allocation Failure) 561M->460M(768M) 21.230ms
[593.755s][info][gc,cpu         ] GC(1938) User=0.04s Sys=0.01s Real=0.02s
[593.907s][info][gc,start       ] GC(1939) Pause Young (Allocation Failure)
[593.926s][info][gc,heap        ] GC(1939) PSYoungGen: 119264K(119296K)->17328K(218112K) Eden: 111616K(111616K)->0K(118272K) From: 7648K(7680K)->17328K(99840K)
[593.926s][info][gc,heap        ] GC(1939) ParOldGen: 463692K(667648K)->463692K(667648K)
[593.926s][info][gc,metaspace   ] GC(1939) Metaspace: 18968K(19072K)->18968K(19072K) NonClass: 17139K(17216K)->17139K(17216K) Class: 1829K(1856K)->1829K(1856K)
[593.926s][info][gc             ] GC(1939) Pause Young (Allocation Failure) 569M->469M(865M) 18.999ms
[593.926s][info][gc,cpu         ] GC(1939) User=0.04s Sys=0.00s Real=0.01s
[593.988s][info][gc,start       ] GC(1940) Pause Young (Allocation Failure)
[594.037s][info][gc,heap        ] GC(1940) PSYoungGen: 135600K(218112K)->61504K(218112K) Eden: 118272K(118272K)->0K(118272K) From: 17328K(99840K)->61504K(99840K)
[594.037s][info][gc,heap        ] GC(1940) ParOldGen: 463692K(667648K)->463692K(667648K)
[594.037s][info][gc,metaspace   ] GC(1940) Metaspace: 18968K(19072K)->18968K(19072K) NonClass: 17139K(17216K)->17139K(17216K) Class: 1829K(1856K)->1829K(1856K)
[594.037s][info][gc             ] GC(1940) Pause Young (Allocation Failure) 585M->512M(865M) 48.680ms
[594.037s][info][gc,cpu         ] GC(1940) User=0.10s Sys=0.00s Real=0.05s
[594.216s][info][gc,start       ] GC(1941) Pause Young (Allocation Failure)
[594.281s][info][gc,heap        ] GC(1941) PSYoungGen: 179776K(218112K)->88944K(217600K) Eden: 118272K(118272K)->0K(111616K) From: 61504K(99840K)->88944K(105984K)
[594.281s][info][gc,heap        ] GC(1941) ParOldGen: 463692K(667648K)->463692K(667648K)
[594.281s][info][gc,metaspace   ] GC(1941) Metaspace: 18968K(19072K)->18968K(19072K) NonClass: 17139K(17216K)->17139K(17216K) Class: 1829K(1856K)->1829K(1856K)
[594.281s][info][gc             ] GC(1941) Pause Young (Allocation Failure) 628M->539M(864M) 64.580ms
[594.281s][info][gc,cpu         ] GC(1941) User=0.13s Sys=0.00s Real=0.06s
[594.399s][info][gc,start       ] GC(1942) Pause Young (Allocation Failure)
[594.464s][info][gc,heap        ] GC(1942) PSYoungGen: 200560K(217600K)->74496K(222720K) Eden: 111616K(111616K)->0K(111616K) From: 88944K(105984K)->74496K(111104K)
[594.464s][info][gc,heap        ] GC(1942) ParOldGen: 463692K(667648K)->481092K(667648K)
[594.464s][info][gc,metaspace   ] GC(1942) Metaspace: 18968K(19072K)->18968K(19072K) NonClass: 17139K(17216K)->17139K(17216K) Class: 1829K(1856K)->1829K(1856K)
[594.464s][info][gc             ] GC(1942) Pause Young (Allocation Failure) 648M->542M(869M) 65.222ms
[594.464s][info][gc,cpu         ] GC(1942) User=0.13s Sys=0.00s Real=0.06s
[594.634s][info][gc,start       ] GC(1943) Pause Young (Allocation Failure)
[594.735s][info][gc,heap        ] GC(1943) PSYoungGen: 186112K(222720K)->36680K(222720K) Eden: 111616K(111616K)->0K(111616K) From: 74496K(111104K)->36680K(111104K)
[594.735s][info][gc,heap        ] GC(1943) ParOldGen: 481092K(667648K)->553600K(667648K)
[594.735s][info][gc,metaspace   ] GC(1943) Metaspace: 18968K(19072K)->18968K(19072K) NonClass: 17139K(17216K)->17139K(17216K) Class: 1829K(1856K)->1829K(1856K)
[594.736s][info][gc             ] GC(1943) Pause Young (Allocation Failure) 651M->576M(869M) 101.585ms
[594.736s][info][gc,cpu         ] GC(1943) User=0.20s Sys=0.00s Real=0.10s
[594.860s][info][gc,start       ] GC(1944) Pause Young (Allocation Failure)
[594.922s][info][gc,heap        ] GC(1944) PSYoungGen: 148296K(222720K)->12704K(222720K) Eden: 111616K(111616K)->0K(111616K) From: 36680K(111104K)->12704K(111104K)
[594.922s][info][gc,heap        ] GC(1944) ParOldGen: 553600K(667648K)->590327K(667648K)
[594.922s][info][gc,metaspace   ] GC(1944) Metaspace: 18968K(19072K)->18968K(19072K) NonClass: 17139K(17216K)->17139K(17216K) Class: 1829K(1856K)->1829K(1856K)
[594.922s][info][gc             ] GC(1944) Pause Young (Allocation Failure) 685M->588M(869M) 62.594ms
[594.922s][info][gc,cpu         ] GC(1944) User=0.12s Sys=0.00s Real=0.06s
[595.038s][info][gc,start       ] GC(1945) Pause Young (Allocation Failure)
[595.069s][info][gc,heap        ] GC(1945) PSYoungGen: 124320K(222720K)->15072K(220672K) Eden: 111616K(111616K)->0K(111616K) From: 12704K(111104K)->15072K(109056K)
[595.069s][info][gc,heap        ] GC(1945) ParOldGen: 590327K(667648K)->603047K(667648K)
[595.069s][info][gc,metaspace   ] GC(1945) Metaspace: 18968K(19072K)->18968K(19072K) NonClass: 17139K(17216K)->17139K(17216K) Class: 1829K(1856K)->1829K(1856K)
[595.069s][info][gc             ] GC(1945) Pause Young (Allocation Failure) 697M->603M(867M) 31.626ms
[595.069s][info][gc,cpu         ] GC(1945) User=0.06s Sys=0.00s Real=0.03s
[595.156s][info][gc,start       ] GC(1946) Pause Young (Allocation Failure)
[595.183s][info][gc,heap        ] GC(1946) PSYoungGen: 126688K(220672K)->15808K(127488K) Eden: 111616K(111616K)->0K(111616K) From: 15072K(109056K)->15808K(15872K)
[595.183s][info][gc,heap        ] GC(1946) ParOldGen: 603047K(667648K)->603047K(667648K)
[595.183s][info][gc,metaspace   ] GC(1946) Metaspace: 18968K(19072K)->18968K(19072K) NonClass: 17139K(17216K)->17139K(17216K) Class: 1829K(1856K)->1829K(1856K)
[595.183s][info][gc             ] GC(1946) Pause Young (Allocation Failure) 712M->604M(776M) 26.926ms
[595.183s][info][gc,cpu         ] GC(1946) User=0.06s Sys=0.00s Real=0.03s
[595.308s][info][gc,start       ] GC(1947) Pause Young (Allocation Failure)
[595.330s][info][gc,heap        ] GC(1947) PSYoungGen: 127424K(127488K)->16000K(222208K) Eden: 111616K(111616K)->0K(119296K) From: 15808K(15872K)->16000K(102912K)
[595.330s][info][gc,heap        ] GC(1947) ParOldGen: 603047K(667648K)->603047K(667648K)
[595.330s][info][gc,metaspace   ] GC(1947) Metaspace: 18968K(19072K)->18968K(19072K) NonClass: 17139K(17216K)->17139K(17216K) Class: 1829K(1856K)->1829K(1856K)
[595.330s][info][gc             ] GC(1947) Pause Young (Allocation Failure) 713M->604M(869M) 22.136ms
[595.330s][info][gc,cpu         ] GC(1947) User=0.04s Sys=0.00s Real=0.02s
[595.438s][info][gc,start       ] GC(1948) Pause Young (Allocation Failure)
[595.468s][info][gc,heap        ] GC(1948) PSYoungGen: 135296K(222208K)->25280K(220160K) Eden: 119296K(119296K)->0K(119296K) From: 16000K(102912K)->25280K(100864K)
[595.468s][info][gc,heap        ] GC(1948) ParOldGen: 603047K(667648K)->603047K(667648K)
[595.468s][info][gc,metaspace   ] GC(1948) Metaspace: 18968K(19072K)->18968K(19072K) NonClass: 17139K(17216K)->17139K(17216K) Class: 1829K(1856K)->1829K(1856K)
[595.468s][info][gc             ] GC(1948) Pause Young (Allocation Failure) 721M->613M(867M) 29.461ms
[595.468s][info][gc,cpu         ] GC(1948) User=0.06s Sys=0.00s Real=0.03s
[595.592s][info][gc,start       ] GC(1949) Pause Young (Allocation Failure)
[595.639s][info][gc,heap        ] GC(1949) PSYoungGen: 144576K(220160K)->47730K(223744K) Eden: 119296K(119296K)->0K(129024K) From: 25280K(100864K)->47730K(94720K)
[595.639s][info][gc,heap        ] GC(1949) ParOldGen: 603047K(667648K)->603047K(667648K)
[595.639s][info][gc,metaspace   ] GC(1949) Metaspace: 18968K(19072K)->18968K(19072K) NonClass: 17139K(17216K)->17139K(17216K) Class: 1829K(1856K)->1829K(1856K)
[595.639s][info][gc             ] GC(1949) Pause Young (Allocation Failure) 730M->635M(870M) 46.317ms
[595.639s][info][gc,cpu         ] GC(1949) User=0.09s Sys=0.00s Real=0.05s
[595.702s][info][gc,start       ] GC(1950) Pause Young (Allocation Failure)
[595.777s][info][gc,heap        ] GC(1950) PSYoungGen: 176754K(223744K)->89490K(223744K) Eden: 129024K(129024K)->0K(129024K) From: 47730K(94720K)->89490K(94720K)
[595.777s][info][gc,heap        ] GC(1950) ParOldGen: 603047K(667648K)->603047K(667648K)
[595.777s][info][gc,metaspace   ] GC(1950) Metaspace: 18968K(19072K)->18968K(19072K) NonClass: 17139K(17216K)->17139K(17216K) Class: 1829K(1856K)->1829K(1856K)
[595.777s][info][gc             ] GC(1950) Pause Young (Allocation Failure) 761M->676M(870M) 75.220ms
[595.777s][info][gc,cpu         ] GC(1950) User=0.15s Sys=0.00s Real=0.08s
[595.890s][info][gc,start       ] GC(1951) Pause Young (Allocation Failure)
[595.999s][info][gc,heap        ] GC(1951) PSYoungGen: 218514K(223744K)->110050K(221696K) Eden: 129024K(129024K)->0K(111616K) From: 89490K(94720K)->110050K(110080K)
[596.000s][info][gc,heap        ] GC(1951) ParOldGen: 603047K(667648K)->623715K(667648K)
[596.000s][info][gc,metaspace   ] GC(1951) Metaspace: 18968K(19072K)->18968K(19072K) NonClass: 17139K(17216K)->17139K(17216K) Class: 1829K(1856K)->1829K(1856K)
[596.000s][info][gc             ] GC(1951) Pause Young (Allocation Failure) 802M->716M(868M) 110.081ms
[596.000s][info][gc,cpu         ] GC(1951) User=0.22s Sys=0.01s Real=0.11s
[596.131s][info][gc,start       ] GC(1952) Pause Full (Allocation Failure)
[596.131s][info][gc,phases,start] GC(1952) Marking Phase
[596.483s][info][gc,phases      ] GC(1952) Marking Phase 351.833ms
[596.483s][info][gc,phases,start] GC(1952) Summary Phase
[596.483s][info][gc,phases      ] GC(1952) Summary Phase 0.032ms
[596.483s][info][gc,phases,start] GC(1952) Forward
[596.583s][info][gc,phases      ] GC(1952) Forward 100.123ms
[596.583s][info][gc,phases,start] GC(1952) Adjust Pointers
[596.847s][info][gc,phases      ] GC(1952) Adjust Pointers 264.501ms
[596.848s][info][gc,phases,start] GC(1952) Compaction Phase
[597.007s][info][gc,phases      ] GC(1952) Compaction Phase 159.277ms
[597.014s][info][gc,phases,start] GC(1952) Post Compact
[597.016s][info][gc,phases      ] GC(1952) Post Compact 2.493ms
[597.016s][info][gc,heap        ] GC(1952) PSYoungGen: 221666K(221696K)->0K(222720K) Eden: 111616K(111616K)->0K(111616K) From: 110050K(110080K)->0K(111104K)
[597.016s][info][gc,heap        ] GC(1952) ParOldGen: 623715K(667648K)->493084K(667648K)
[597.016s][info][gc,metaspace   ] GC(1952) Metaspace: 18968K(19072K)->18968K(19072K) NonClass: 17139K(17216K)->17139K(17216K) Class: 1829K(1856K)->1829K(1856K)
[597.016s][info][gc             ] GC(1952) Pause Full (Allocation Failure) 825M->481M(869M) 885.638ms
[597.016s][info][gc,cpu         ] GC(1952) User=1.71s Sys=0.00s Real=0.89s
[597.238s][info][gc,start       ] GC(1953) Pause Young (Allocation Failure)
[597.293s][info][gc,heap        ] GC(1953) PSYoungGen: 111616K(222720K)->34112K(222720K) Eden: 111616K(111616K)->0K(111616K) From: 0K(111104K)->34112K(111104K)
[597.293s][info][gc,heap        ] GC(1953) ParOldGen: 493084K(667648K)->493084K(667648K)
[597.293s][info][gc,metaspace   ] GC(1953) Metaspace: 18968K(19072K)->18968K(19072K) NonClass: 17139K(17216K)->17139K(17216K) Class: 1829K(1856K)->1829K(1856K)
[597.293s][info][gc             ] GC(1953) Pause Young (Allocation Failure) 590M->514M(869M) 54.726ms
[597.293s][info][gc,cpu         ] GC(1953) User=0.11s Sys=0.00s Real=0.05s
[597.423s][info][gc,start       ] GC(1954) Pause Young (Allocation Failure)
[597.492s][info][gc,heap        ] GC(1954) PSYoungGen: 145728K(222720K)->57856K(222720K) Eden: 111616K(111616K)->0K(111616K) From: 34112K(111104K)->57856K(111104K)
[597.492s][info][gc,heap        ] GC(1954) ParOldGen: 493084K(667648K)->493084K(667648K)
[597.492s][info][gc,metaspace   ] GC(1954) Metaspace: 18968K(19072K)->18968K(19072K) NonClass: 17139K(17216K)->17139K(17216K) Class: 1829K(1856K)->1829K(1856K)
[597.492s][info][gc             ] GC(1954) Pause Young (Allocation Failure) 623M->538M(869M) 68.721ms
[597.492s][info][gc,cpu         ] GC(1954) User=0.14s Sys=0.00s Real=0.07s
[597.608s][info][gc,start       ] GC(1955) Pause Young (Allocation Failure)
[597.683s][info][gc,heap        ] GC(1955) PSYoungGen: 169472K(222720K)->61824K(222720K) Eden: 111616K(111616K)->0K(111616K) From: 57856K(111104K)->61824K(111104K)
[597.683s][info][gc,heap        ] GC(1955) ParOldGen: 493084K(667648K)->493084K(667648K)
[597.683s][info][gc,metaspace   ] GC(1955) Metaspace: 18968K(19072K)->18968K(19072K) NonClass: 17139K(17216K)->17139K(17216K) Class: 1829K(1856K)->1829K(1856K)
[597.683s][info][gc             ] GC(1955) Pause Young (Allocation Failure) 647M->541M(869M) 75.248ms
[597.683s][info][gc,cpu         ] GC(1955) User=0.15s Sys=0.00s Real=0.07s
[597.783s][info][gc,start       ] GC(1956) Pause Young (Allocation Failure)
[597.859s][info][gc,heap        ] GC(1956) PSYoungGen: 173440K(222720K)->4896K(222720K) Eden: 111616K(111616K)->0K(111616K) From: 61824K(111104K)->4896K(111104K)
[597.859s][info][gc,heap        ] GC(1956) ParOldGen: 493084K(667648K)->550844K(667648K)
[597.859s][info][gc,metaspace   ] GC(1956) Metaspace: 18968K(19072K)->18968K(19072K) NonClass: 17139K(17216K)->17139K(17216K) Class: 1829K(1856K)->1829K(1856K)
[597.859s][info][gc             ] GC(1956) Pause Young (Allocation Failure) 650M->542M(869M) 76.301ms
[597.859s][info][gc,cpu         ] GC(1956) User=0.15s Sys=0.00s Real=0.08s
[597.981s][info][gc,start       ] GC(1957) Pause Young (Allocation Failure)
[597.995s][info][gc,heap        ] GC(1957) PSYoungGen: 116512K(222720K)->224K(222720K) Eden: 111616K(111616K)->0K(111616K) From: 4896K(111104K)->224K(111104K)
[597.995s][info][gc,heap        ] GC(1957) ParOldGen: 550844K(667648K)->555732K(667648K)
[597.995s][info][gc,metaspace   ] GC(1957) Metaspace: 18968K(19072K)->18968K(19072K) NonClass: 17139K(17216K)->17139K(17216K) Class: 1829K(1856K)->1829K(1856K)
[597.995s][info][gc             ] GC(1957) Pause Young (Allocation Failure) 651M->542M(869M) 13.235ms
[597.995s][info][gc,cpu         ] GC(1957) User=0.02s Sys=0.00s Real=0.01s
[598.130s][info][gc,start       ] GC(1958) Pause Young (Allocation Failure)
[598.139s][info][gc,heap        ] GC(1958) PSYoungGen: 111840K(222720K)->4192K(222720K) Eden: 111616K(111616K)->0K(111616K) From: 224K(111104K)->4192K(111104K)
[598.139s][info][gc,heap        ] GC(1958) ParOldGen: 555732K(667648K)->555916K(667648K)
[598.139s][info][gc,metaspace   ] GC(1958) Metaspace: 18968K(19072K)->18968K(19072K) NonClass: 17139K(17216K)->17139K(17216K) Class: 1829K(1856K)->1829K(1856K)
[598.139s][info][gc             ] GC(1958) Pause Young (Allocation Failure) 651M->546M(869M) 8.518ms
[598.139s][info][gc,cpu         ] GC(1958) User=0.02s Sys=0.00s Real=0.01s
[598.324s][info][gc,start       ] GC(1959) Pause Young (Allocation Failure)
[598.342s][info][gc,heap        ] GC(1959) PSYoungGen: 115808K(222720K)->10528K(222720K) Eden: 111616K(111616K)->0K(111616K) From: 4192K(111104K)->10528K(111104K)
[598.342s][info][gc,heap        ] GC(1959) ParOldGen: 555916K(667648K)->560100K(667648K)
[598.342s][info][gc,metaspace   ] GC(1959) Metaspace: 18968K(19072K)->18968K(19072K) NonClass: 17139K(17216K)->17139K(17216K) Class: 1829K(1856K)->1829K(1856K)
[598.342s][info][gc             ] GC(1959) Pause Young (Allocation Failure) 655M->557M(869M) 18.875ms
[598.342s][info][gc,cpu         ] GC(1959) User=0.03s Sys=0.00s Real=0.02s
[598.500s][info][gc,start       ] GC(1960) Pause Young (Allocation Failure)
[598.534s][info][gc,heap        ] GC(1960) PSYoungGen: 122144K(222720K)->18192K(222720K) Eden: 111616K(111616K)->0K(111616K) From: 10528K(111104K)->18192K(111104K)
[598.534s][info][gc,heap        ] GC(1960) ParOldGen: 560100K(667648K)->570596K(667648K)
[598.534s][info][gc,metaspace   ] GC(1960) Metaspace: 18968K(19072K)->18968K(19072K) NonClass: 17139K(17216K)->17139K(17216K) Class: 1829K(1856K)->1829K(1856K)
[598.534s][info][gc             ] GC(1960) Pause Young (Allocation Failure) 666M->574M(869M) 34.787ms
[598.534s][info][gc,cpu         ] GC(1960) User=0.07s Sys=0.00s Real=0.03s
[598.919s][info][gc,start       ] GC(1961) Pause Young (Allocation Failure)
[598.941s][info][gc,heap        ] GC(1961) PSYoungGen: 129808K(222720K)->18224K(211456K) Eden: 111616K(111616K)->0K(111616K) From: 18192K(111104K)->18224K(99840K)
[598.941s][info][gc,heap        ] GC(1961) ParOldGen: 570596K(667648K)->570596K(667648K)
[598.941s][info][gc,metaspace   ] GC(1961) Metaspace: 18968K(19072K)->18968K(19072K) NonClass: 17139K(17216K)->17139K(17216K) Class: 1829K(1856K)->1829K(1856K)
[598.941s][info][gc             ] GC(1961) Pause Young (Allocation Failure) 683M->575M(858M) 22.129ms
[598.941s][info][gc,cpu         ] GC(1961) User=0.04s Sys=0.00s Real=0.02s
[599.214s][info][gc,start       ] GC(1962) Pause Young (Allocation Failure)
[599.236s][info][gc,heap        ] GC(1962) PSYoungGen: 129840K(211456K)->18224K(217088K) Eden: 111616K(111616K)->0K(111616K) From: 18224K(99840K)->18224K(105472K)
[599.236s][info][gc,heap        ] GC(1962) ParOldGen: 570596K(667648K)->570596K(667648K)
[599.236s][info][gc,metaspace   ] GC(1962) Metaspace: 18968K(19072K)->18968K(19072K) NonClass: 17139K(17216K)->17139K(17216K) Class: 1829K(1856K)->1829K(1856K)
[599.236s][info][gc             ] GC(1962) Pause Young (Allocation Failure) 684M->575M(864M) 22.462ms
[599.236s][info][gc,cpu         ] GC(1962) User=0.05s Sys=0.00s Real=0.02s
[599.537s][info][gc,start       ] GC(1963) Pause Young (Allocation Failure)
[599.559s][info][gc,heap        ] GC(1963) PSYoungGen: 129840K(217088K)->18256K(207872K) Eden: 111616K(111616K)->0K(118272K) From: 18224K(105472K)->18256K(89600K)
[599.559s][info][gc,heap        ] GC(1963) ParOldGen: 570596K(667648K)->570596K(667648K)
[599.559s][info][gc,metaspace   ] GC(1963) Metaspace: 18968K(19072K)->18968K(19072K) NonClass: 17139K(17216K)->17139K(17216K) Class: 1829K(1856K)->1829K(1856K)
[599.559s][info][gc             ] GC(1963) Pause Young (Allocation Failure) 684M->575M(855M) 22.249ms
[599.559s][info][gc,cpu         ] GC(1963) User=0.05s Sys=0.00s Real=0.02s
[599.841s][info][gc,start       ] GC(1964) Pause Young (Allocation Failure)
[599.863s][info][gc,heap        ] GC(1964) PSYoungGen: 136528K(207872K)->18592K(213504K) Eden: 118272K(118272K)->0K(118272K) From: 18256K(89600K)->18592K(95232K)
[599.863s][info][gc,heap        ] GC(1964) ParOldGen: 570596K(667648K)->570596K(667648K)
[599.863s][info][gc,metaspace   ] GC(1964) Metaspace: 18968K(19072K)->18968K(19072K) NonClass: 17139K(17216K)->17139K(17216K) Class: 1829K(1856K)->1829K(1856K)
[599.863s][info][gc             ] GC(1964) Pause Young (Allocation Failure) 690M->575M(860M) 22.083ms
[599.863s][info][gc,cpu         ] GC(1964) User=0.05s Sys=0.00s Real=0.02s
[600.134s][info][gc,start       ] GC(1965) Pause Young (Allocation Failure)
[600.166s][info][gc,heap        ] GC(1965) PSYoungGen: 136864K(213504K)->18240K(205824K) Eden: 118272K(118272K)->0K(124928K) From: 18592K(95232K)->18240K(80896K)
[600.166s][info][gc,heap        ] GC(1965) ParOldGen: 570596K(667648K)->570596K(667648K)
[600.166s][info][gc,metaspace   ] GC(1965) Metaspace: 18968K(19072K)->18968K(19072K) NonClass: 17139K(17216K)->17139K(17216K) Class: 1829K(1856K)->1829K(1856K)
[600.166s][info][gc             ] GC(1965) Pause Young (Allocation Failure) 690M->575M(853M) 32.168ms
[600.166s][info][gc,cpu         ] GC(1965) User=0.07s Sys=0.01s Real=0.03s
[600.427s][info][gc,start       ] GC(1966) Pause Young (Allocation Failure)
[600.449s][info][gc,heap        ] GC(1966) PSYoungGen: 143168K(205824K)->18576K(210432K) Eden: 124928K(124928K)->0K(124928K) From: 18240K(80896K)->18576K(85504K)
[600.449s][info][gc,heap        ] GC(1966) ParOldGen: 570596K(667648K)->570596K(667648K)
[600.449s][info][gc,metaspace   ] GC(1966) Metaspace: 18968K(19072K)->18968K(19072K) NonClass: 17139K(17216K)->17139K(17216K) Class: 1829K(1856K)->1829K(1856K)
[600.449s][info][gc             ] GC(1966) Pause Young (Allocation Failure) 697M->575M(857M) 21.960ms
[600.449s][info][gc,cpu         ] GC(1966) User=0.05s Sys=0.00s Real=0.02s
[600.602s][info][gc,start       ] GC(1967) Pause Young (Allocation Failure)
[600.649s][info][gc,heap        ] GC(1967) PSYoungGen: 143504K(210432K)->53616K(207872K) Eden: 124928K(124928K)->0K(126976K) From: 18576K(85504K)->53616K(80896K)
[600.649s][info][gc,heap        ] GC(1967) ParOldGen: 570596K(667648K)->570596K(667648K)
[600.649s][info][gc,metaspace   ] GC(1967) Metaspace: 18969K(19072K)->18969K(19072K) NonClass: 17140K(17216K)->17140K(17216K) Class: 1829K(1856K)->1829K(1856K)
[600.649s][info][gc             ] GC(1967) Pause Young (Allocation Failure) 697M->609M(855M) 46.881ms
[600.649s][info][gc,cpu         ] GC(1967) User=0.09s Sys=0.00s Real=0.05s
[600.766s][info][gc,start       ] GC(1968) Pause Young (Allocation Failure)
[600.839s][info][gc,heap        ] GC(1968) PSYoungGen: 180592K(207872K)->85472K(212480K) Eden: 126976K(126976K)->0K(126976K) From: 53616K(80896K)->85472K(85504K)
[600.839s][info][gc,heap        ] GC(1968) ParOldGen: 570596K(667648K)->580684K(667648K)
[600.839s][info][gc,metaspace   ] GC(1968) Metaspace: 18969K(19072K)->18969K(19072K) NonClass: 17140K(17216K)->17140K(17216K) Class: 1829K(1856K)->1829K(1856K)
[600.839s][info][gc             ] GC(1968) Pause Young (Allocation Failure) 733M->650M(859M) 73.375ms
[600.840s][info][gc,cpu         ] GC(1968) User=0.15s Sys=0.00s Real=0.08s
[601.005s][info][gc,start       ] GC(1969) Pause Young (Allocation Failure)
[601.079s][info][gc,heap        ] GC(1969) PSYoungGen: 212448K(212480K)->70864K(216576K) Eden: 126976K(126976K)->0K(111616K) From: 85472K(85504K)->70864K(104960K)
[601.080s][info][gc,heap        ] GC(1969) ParOldGen: 580684K(667648K)->598933K(667648K)
[601.080s][info][gc,metaspace   ] GC(1969) Metaspace: 18969K(19072K)->18969K(19072K) NonClass: 17140K(17216K)->17140K(17216K) Class: 1829K(1856K)->1829K(1856K)
[601.080s][info][gc             ] GC(1969) Pause Young (Allocation Failure) 774M->654M(863M) 75.033ms
[601.080s][info][gc,cpu         ] GC(1969) User=0.15s Sys=0.00s Real=0.08s
[601.262s][info][gc,start       ] GC(1970) Pause Young (Allocation Failure)
[601.359s][info][gc,heap        ] GC(1970) PSYoungGen: 182480K(216576K)->101744K(222720K) Eden: 111616K(111616K)->0K(111616K) From: 70864K(104960K)->101744K(111104K)
[601.359s][info][gc,heap        ] GC(1970) ParOldGen: 598933K(667648K)->598933K(667648K)
[601.359s][info][gc,metaspace   ] GC(1970) Metaspace: 18969K(19072K)->18969K(19072K) NonClass: 17140K(17216K)->17140K(17216K) Class: 1829K(1856K)->1829K(1856K)
[601.359s][info][gc             ] GC(1970) Pause Young (Allocation Failure) 763M->684M(869M) 97.166ms
[601.360s][info][gc,cpu         ] GC(1970) User=0.19s Sys=0.00s Real=0.10s
[601.480s][info][gc,start       ] GC(1971) Pause Young (Allocation Failure)
[601.614s][info][gc,heap        ] GC(1971) PSYoungGen: 213360K(222720K)->111072K(222720K) Eden: 111616K(111616K)->0K(111616K) From: 101744K(111104K)->111072K(111104K)
[601.614s][info][gc,heap        ] GC(1971) ParOldGen: 598933K(667648K)->605181K(667648K)
[601.614s][info][gc,metaspace   ] GC(1971) Metaspace: 18969K(19072K)->18969K(19072K) NonClass: 17140K(17216K)->17140K(17216K) Class: 1829K(1856K)->1829K(1856K)
[601.614s][info][gc             ] GC(1971) Pause Young (Allocation Failure) 793M->699M(869M) 133.951ms
[601.614s][info][gc,cpu         ] GC(1971) User=0.24s Sys=0.03s Real=0.13s
[601.749s][info][gc,start       ] GC(1972) Pause Young (Allocation Failure)
[601.882s][info][gc,heap        ] GC(1972) PSYoungGen: 222688K(222720K)->111088K(222720K) Eden: 111616K(111616K)->0K(111616K) From: 111072K(111104K)->111088K(111104K)
[601.882s][info][gc,heap        ] GC(1972) ParOldGen: 605181K(667648K)->620477K(667648K)
[601.882s][info][gc,metaspace   ] GC(1972) Metaspace: 18969K(19072K)->18969K(19072K) NonClass: 17140K(17216K)->17140K(17216K) Class: 1829K(1856K)->1829K(1856K)
[601.882s][info][gc             ] GC(1972) Pause Young (Allocation Failure) 808M->714M(869M) 133.798ms
[601.882s][info][gc,cpu         ] GC(1972) User=0.26s Sys=0.00s Real=0.13s
[601.962s][info][gc,start       ] GC(1973) Pause Young (Allocation Failure)
[602.110s][info][gc,heap        ] GC(1973) PSYoungGen: 222704K(222720K)->76336K(222720K) Eden: 111616K(111616K)->0K(111616K) From: 111088K(111104K)->76336K(111104K)
[602.110s][info][gc,heap        ] GC(1973) ParOldGen: 620477K(667648K)->655869K(667648K)
[602.110s][info][gc,metaspace   ] GC(1973) Metaspace: 18969K(19072K)->18969K(19072K) NonClass: 17140K(17216K)->17140K(17216K) Class: 1829K(1856K)->1829K(1856K)
[602.110s][info][gc             ] GC(1973) Pause Young (Allocation Failure) 823M->715M(869M) 148.375ms
[602.110s][info][gc,cpu         ] GC(1973) User=0.28s Sys=0.02s Real=0.15s
[602.237s][info][gc,start       ] GC(1974) Pause Full (Allocation Failure)
[602.237s][info][gc,phases,start] GC(1974) Marking Phase
[602.637s][info][gc,phases      ] GC(1974) Marking Phase 400.027ms
[602.637s][info][gc,phases,start] GC(1974) Summary Phase
[602.637s][info][gc,phases      ] GC(1974) Summary Phase 0.029ms
[602.637s][info][gc,phases,start] GC(1974) Forward
[602.767s][info][gc,phases      ] GC(1974) Forward 129.432ms
[602.767s][info][gc,phases,start] GC(1974) Adjust Pointers
[603.072s][info][gc,phases      ] GC(1974) Adjust Pointers 305.139ms
[603.072s][info][gc,phases,start] GC(1974) Compaction Phase
[603.242s][info][gc,phases      ] GC(1974) Compaction Phase 169.771ms
[603.252s][info][gc,phases,start] GC(1974) Post Compact
[603.254s][info][gc,phases      ] GC(1974) Post Compact 2.507ms
[603.254s][info][gc,heap        ] GC(1974) PSYoungGen: 187952K(222720K)->0K(222720K) Eden: 111616K(111616K)->0K(111616K) From: 76336K(111104K)->0K(111104K)
[603.254s][info][gc,heap        ] GC(1974) ParOldGen: 655869K(667648K)->545051K(667648K)
[603.254s][info][gc,metaspace   ] GC(1974) Metaspace: 18969K(19072K)->18969K(19072K) NonClass: 17140K(17216K)->17140K(17216K) Class: 1829K(1856K)->1829K(1856K)
[603.254s][info][gc             ] GC(1974) Pause Full (Allocation Failure) 824M->532M(869M) 1017.298ms
[603.254s][info][gc,cpu         ] GC(1974) User=1.92s Sys=0.00s Real=1.01s
[603.364s][info][gc,start       ] GC(1975) Pause Young (Allocation Failure)
[603.375s][info][gc,heap        ] GC(1975) PSYoungGen: 111616K(222720K)->4544K(222720K) Eden: 111616K(111616K)->0K(111616K) From: 0K(111104K)->4544K(111104K)
[603.375s][info][gc,heap        ] GC(1975) ParOldGen: 545051K(667648K)->545051K(667648K)
[603.375s][info][gc,metaspace   ] GC(1975) Metaspace: 18969K(19072K)->18969K(19072K) NonClass: 17140K(17216K)->17140K(17216K) Class: 1829K(1856K)->1829K(1856K)
[603.375s][info][gc             ] GC(1975) Pause Young (Allocation Failure) 641M->536M(869M) 10.839ms
[603.375s][info][gc,cpu         ] GC(1975) User=0.03s Sys=0.00s Real=0.01s
[603.525s][info][gc,start       ] GC(1976) Pause Young (Allocation Failure)
[603.545s][info][gc,heap        ] GC(1976) PSYoungGen: 116160K(222720K)->16043K(222720K) Eden: 111616K(111616K)->0K(111616K) From: 4544K(111104K)->16043K(111104K)
[603.545s][info][gc,heap        ] GC(1976) ParOldGen: 545051K(667648K)->545051K(667648K)
[603.545s][info][gc,metaspace   ] GC(1976) Metaspace: 18969K(19072K)->18969K(19072K) NonClass: 17140K(17216K)->17140K(17216K) Class: 1829K(1856K)->1829K(1856K)
[603.545s][info][gc             ] GC(1976) Pause Young (Allocation Failure) 645M->547M(869M) 20.633ms
[603.545s][info][gc,cpu         ] GC(1976) User=0.04s Sys=0.00s Real=0.02s
[603.681s][info][gc,start       ] GC(1977) Pause Young (Allocation Failure)
[603.712s][info][gc,heap        ] GC(1977) PSYoungGen: 127659K(222720K)->28347K(222720K) Eden: 111616K(111616K)->0K(111616K) From: 16043K(111104K)->28347K(111104K)
[603.712s][info][gc,heap        ] GC(1977) ParOldGen: 545051K(667648K)->545051K(667648K)
[603.712s][info][gc,metaspace   ] GC(1977) Metaspace: 18969K(19072K)->18969K(19072K) NonClass: 17140K(17216K)->17140K(17216K) Class: 1829K(1856K)->1829K(1856K)
[603.712s][info][gc             ] GC(1977) Pause Young (Allocation Failure) 656M->559M(869M) 31.001ms
[603.712s][info][gc,cpu         ] GC(1977) User=0.06s Sys=0.00s Real=0.03s
[603.796s][info][gc,start       ] GC(1978) Pause Young (Allocation Failure)
[603.850s][info][gc,heap        ] GC(1978) PSYoungGen: 139963K(222720K)->34016K(222720K) Eden: 111616K(111616K)->0K(111616K) From: 28347K(111104K)->34016K(111104K)
[603.850s][info][gc,heap        ] GC(1978) ParOldGen: 545051K(667648K)->561103K(667648K)
[603.850s][info][gc,metaspace   ] GC(1978) Metaspace: 18973K(19136K)->18973K(19136K) NonClass: 17144K(17280K)->17144K(17280K) Class: 1829K(1856K)->1829K(1856K)
[603.850s][info][gc             ] GC(1978) Pause Young (Allocation Failure) 668M->581M(869M) 54.076ms
[603.850s][info][gc,cpu         ] GC(1978) User=0.10s Sys=0.00s Real=0.06s
[603.988s][info][gc,start       ] GC(1979) Pause Young (Allocation Failure)
[604.023s][info][gc,heap        ] GC(1979) PSYoungGen: 145632K(222720K)->7920K(222720K) Eden: 111616K(111616K)->0K(111616K) From: 34016K(111104K)->7920K(111104K)
[604.023s][info][gc,heap        ] GC(1979) ParOldGen: 561103K(667648K)->583000K(667648K)
[604.023s][info][gc,metaspace   ] GC(1979) Metaspace: 18975K(19136K)->18975K(19136K) NonClass: 17146K(17280K)->17146K(17280K) Class: 1829K(1856K)->1829K(1856K)
[604.023s][info][gc             ] GC(1979) Pause Young (Allocation Failure) 690M->577M(869M) 34.471ms
[604.023s][info][gc,cpu         ] GC(1979) User=0.07s Sys=0.00s Real=0.03s
[604.170s][info][gc,start       ] GC(1980) Pause Young (Allocation Failure)
[604.196s][info][gc,heap        ] GC(1980) PSYoungGen: 119536K(222720K)->18528K(222720K) Eden: 111616K(111616K)->0K(111616K) From: 7920K(111104K)->18528K(111104K)
[604.196s][info][gc,heap        ] GC(1980) ParOldGen: 583000K(667648K)->590928K(667648K)
[604.196s][info][gc,metaspace   ] GC(1980) Metaspace: 18976K(19136K)->18976K(19136K) NonClass: 17146K(17280K)->17146K(17280K) Class: 1829K(1856K)->1829K(1856K)
[604.196s][info][gc             ] GC(1980) Pause Young (Allocation Failure) 686M->595M(869M) 26.391ms
[604.196s][info][gc,cpu         ] GC(1980) User=0.05s Sys=0.00s Real=0.02s
[604.335s][info][gc,start       ] GC(1981) Pause Young (Allocation Failure)
[604.370s][info][gc,heap        ] GC(1981) PSYoungGen: 130144K(222720K)->15552K(222720K) Eden: 111616K(111616K)->0K(111616K) From: 18528K(111104K)->15552K(111104K)
[604.370s][info][gc,heap        ] GC(1981) ParOldGen: 590928K(667648K)->609584K(667648K)
[604.370s][info][gc,metaspace   ] GC(1981) Metaspace: 18976K(19136K)->18976K(19136K) NonClass: 17146K(17280K)->17146K(17280K) Class: 1829K(1856K)->1829K(1856K)
[604.370s][info][gc             ] GC(1981) Pause Young (Allocation Failure) 704M->610M(869M) 34.796ms
[604.370s][info][gc,cpu         ] GC(1981) User=0.07s Sys=0.00s Real=0.04s
[604.508s][info][gc,start       ] GC(1982) Pause Young (Allocation Failure)
[604.533s][info][gc,heap        ] GC(1982) PSYoungGen: 127168K(222720K)->4192K(222720K) Eden: 111616K(111616K)->0K(111616K) From: 15552K(111104K)->4192K(111104K)
[604.533s][info][gc,heap        ] GC(1982) ParOldGen: 609584K(667648K)->625168K(667648K)
[604.533s][info][gc,metaspace   ] GC(1982) Metaspace: 18976K(19136K)->18976K(19136K) NonClass: 17146K(17280K)->17146K(17280K) Class: 1829K(1856K)->1829K(1856K)
[604.533s][info][gc             ] GC(1982) Pause Young (Allocation Failure) 719M->614M(869M) 24.547ms
[604.533s][info][gc,cpu         ] GC(1982) User=0.05s Sys=0.00s Real=0.02s
[604.832s][info][gc,start       ] GC(1983) Pause Young (Allocation Failure)
[604.839s][info][gc,heap        ] GC(1983) PSYoungGen: 115808K(222720K)->128K(222720K) Eden: 111616K(111616K)->0K(111616K) From: 4192K(111104K)->128K(111104K)
[604.839s][info][gc,heap        ] GC(1983) ParOldGen: 625168K(667648K)->629104K(667648K)
[604.839s][info][gc,metaspace   ] GC(1983) Metaspace: 18976K(19136K)->18976K(19136K) NonClass: 17146K(17280K)->17146K(17280K) Class: 1829K(1856K)->1829K(1856K)
[604.839s][info][gc             ] GC(1983) Pause Young (Allocation Failure) 723M->614M(869M) 7.129ms
[604.839s][info][gc,cpu         ] GC(1983) User=0.01s Sys=0.00s Real=0.01s
[605.020s][info][gc,start       ] GC(1984) Pause Full (Allocation Failure)
[605.020s][info][gc,phases,start] GC(1984) Marking Phase
[605.359s][info][gc,phases      ] GC(1984) Marking Phase 338.944ms
[605.359s][info][gc,phases,start] GC(1984) Summary Phase
[605.359s][info][gc,phases      ] GC(1984) Summary Phase 0.029ms
[605.359s][info][gc,phases,start] GC(1984) Forward
[605.443s][info][gc,phases      ] GC(1984) Forward 83.675ms
[605.443s][info][gc,phases,start] GC(1984) Adjust Pointers
[605.687s][info][gc,phases      ] GC(1984) Adjust Pointers 244.497ms
[605.688s][info][gc,phases,start] GC(1984) Compaction Phase
[605.807s][info][gc,phases      ] GC(1984) Compaction Phase 119.758ms
[605.814s][info][gc,phases,start] GC(1984) Post Compact
[605.817s][info][gc,phases      ] GC(1984) Post Compact 2.271ms
[605.817s][info][gc,heap        ] GC(1984) PSYoungGen: 111744K(222720K)->0K(222720K) Eden: 111616K(111616K)->0K(111616K) From: 128K(111104K)->0K(111104K)
[605.817s][info][gc,heap        ] GC(1984) ParOldGen: 629104K(667648K)->454004K(667648K)
[605.817s][info][gc,metaspace   ] GC(1984) Metaspace: 18976K(19136K)->18976K(19136K) NonClass: 17147K(17280K)->17147K(17280K) Class: 1829K(1856K)->1829K(1856K)
[605.817s][info][gc             ] GC(1984) Pause Full (Allocation Failure) 723M->443M(869M) 796.639ms
[605.817s][info][gc,cpu         ] GC(1984) User=1.48s Sys=0.00s Real=0.80s
[605.952s][info][gc,start       ] GC(1985) Pause Young (Allocation Failure)
[605.961s][info][gc,heap        ] GC(1985) PSYoungGen: 111616K(222720K)->6400K(222720K) Eden: 111616K(111616K)->0K(111616K) From: 0K(111104K)->6400K(111104K)
[605.961s][info][gc,heap        ] GC(1985) ParOldGen: 454004K(667648K)->454004K(667648K)
[605.961s][info][gc,metaspace   ] GC(1985) Metaspace: 18976K(19136K)->18976K(19136K) NonClass: 17147K(17280K)->17147K(17280K) Class: 1829K(1856K)->1829K(1856K)
[605.961s][info][gc             ] GC(1985) Pause Young (Allocation Failure) 552M->449M(869M) 8.797ms
[605.961s][info][gc,cpu         ] GC(1985) User=0.02s Sys=0.00s Real=0.01s
[606.075s][info][gc,start       ] GC(1986) Pause Young (Allocation Failure)
[606.102s][info][gc,heap        ] GC(1986) PSYoungGen: 118016K(222720K)->26944K(138752K) Eden: 111616K(111616K)->0K(111616K) From: 6400K(111104K)->26944K(27136K)
[606.103s][info][gc,heap        ] GC(1986) ParOldGen: 454004K(667648K)->460404K(667648K)
[606.103s][info][gc,metaspace   ] GC(1986) Metaspace: 18976K(19136K)->18976K(19136K) NonClass: 17147K(17280K)->17147K(17280K) Class: 1829K(1856K)->1829K(1856K)
[606.103s][info][gc             ] GC(1986) Pause Young (Allocation Failure) 558M->475M(787M) 28.041ms
[606.103s][info][gc,cpu         ] GC(1986) User=0.06s Sys=0.00s Real=0.03s
[606.169s][info][gc,start       ] GC(1987) Pause Young (Allocation Failure)
[606.216s][info][gc,heap        ] GC(1987) PSYoungGen: 138560K(138752K)->67872K(219648K) Eden: 111616K(111616K)->0K(110080K) From: 26944K(27136K)->67872K(109568K)
[606.216s][info][gc,heap        ] GC(1987) ParOldGen: 460404K(667648K)->460404K(667648K)
[606.216s][info][gc,metaspace   ] GC(1987) Metaspace: 18976K(19136K)->18976K(19136K) NonClass: 17147K(17280K)->17147K(17280K) Class: 1829K(1856K)->1829K(1856K)
[606.216s][info][gc             ] GC(1987) Pause Young (Allocation Failure) 584M->515M(866M) 47.020ms
[606.217s][info][gc,cpu         ] GC(1987) User=0.09s Sys=0.01s Real=0.05s
[606.413s][info][gc,start       ] GC(1988) Pause Young (Allocation Failure)
[606.467s][info][gc,heap        ] GC(1988) PSYoungGen: 177952K(219648K)->11168K(221184K) Eden: 110080K(110080K)->0K(110080K) From: 67872K(109568K)->11168K(111104K)
[606.468s][info][gc,heap        ] GC(1988) ParOldGen: 460404K(667648K)->529061K(667648K)
[606.468s][info][gc,metaspace   ] GC(1988) Metaspace: 18976K(19136K)->18976K(19136K) NonClass: 17147K(17280K)->17147K(17280K) Class: 1829K(1856K)->1829K(1856K)
[606.468s][info][gc             ] GC(1988) Pause Young (Allocation Failure) 623M->527M(868M) 54.505ms
[606.468s][info][gc,cpu         ] GC(1988) User=0.11s Sys=0.00s Real=0.06s
[606.628s][info][gc,start       ] GC(1989) Pause Young (Allocation Failure)
[606.665s][info][gc,heap        ] GC(1989) PSYoungGen: 121248K(221184K)->11552K(213504K) Eden: 110080K(110080K)->0K(111616K) From: 11168K(111104K)->11552K(101888K)
[606.665s][info][gc,heap        ] GC(1989) ParOldGen: 529061K(667648K)->540321K(667648K)
[606.665s][info][gc,metaspace   ] GC(1989) Metaspace: 18976K(19136K)->18976K(19136K) NonClass: 17147K(17280K)->17147K(17280K) Class: 1829K(1856K)->1829K(1856K)
[606.665s][info][gc             ] GC(1989) Pause Young (Allocation Failure) 635M->538M(860M) 37.464ms
[606.665s][info][gc,cpu         ] GC(1989) User=0.08s Sys=0.00s Real=0.03s
[606.804s][info][gc,start       ] GC(1990) Pause Young (Allocation Failure)
[606.857s][info][gc,heap        ] GC(1990) PSYoungGen: 123168K(213504K)->38272K(218112K) Eden: 111616K(111616K)->0K(111616K) From: 11552K(101888K)->38272K(106496K)
[606.857s][info][gc,heap        ] GC(1990) ParOldGen: 540321K(667648K)->540321K(667648K)
[606.857s][info][gc,metaspace   ] GC(1990) Metaspace: 18976K(19136K)->18976K(19136K) NonClass: 17147K(17280K)->17147K(17280K) Class: 1829K(1856K)->1829K(1856K)
[606.857s][info][gc             ] GC(1990) Pause Young (Allocation Failure) 647M->565M(865M) 53.088ms
[606.857s][info][gc,cpu         ] GC(1990) User=0.11s Sys=0.00s Real=0.06s
[606.986s][info][gc,start       ] GC(1991) Pause Young (Allocation Failure)
[607.059s][info][gc,heap        ] GC(1991) PSYoungGen: 149888K(218112K)->58240K(220672K) Eden: 111616K(111616K)->0K(118272K) From: 38272K(106496K)->58240K(102400K)
[607.059s][info][gc,heap        ] GC(1991) ParOldGen: 540321K(667648K)->540321K(667648K)
[607.059s][info][gc,metaspace   ] GC(1991) Metaspace: 18976K(19136K)->18976K(19136K) NonClass: 17147K(17280K)->17147K(17280K) Class: 1829K(1856K)->1829K(1856K)
[607.059s][info][gc             ] GC(1991) Pause Young (Allocation Failure) 674M->584M(867M) 73.048ms
[607.059s][info][gc,cpu         ] GC(1991) User=0.15s Sys=0.00s Real=0.08s
[607.165s][info][gc,start       ] GC(1992) Pause Young (Allocation Failure)
[607.243s][info][gc,heap        ] GC(1992) PSYoungGen: 176512K(220672K)->51488K(224256K) Eden: 118272K(118272K)->0K(118272K) From: 58240K(102400K)->51488K(105984K)
[607.243s][info][gc,heap        ] GC(1992) ParOldGen: 540321K(667648K)->551377K(667648K)
[607.243s][info][gc,metaspace   ] GC(1992) Metaspace: 18976K(19136K)->18976K(19136K) NonClass: 17147K(17280K)->17147K(17280K) Class: 1829K(1856K)->1829K(1856K)
[607.243s][info][gc             ] GC(1992) Pause Young (Allocation Failure) 700M->588M(871M) 78.301ms
[607.243s][info][gc,cpu         ] GC(1992) User=0.15s Sys=0.00s Real=0.08s
[607.365s][info][gc,start       ] GC(1993) Pause Young (Allocation Failure)
[607.426s][info][gc,heap        ] GC(1993) PSYoungGen: 169760K(224256K)->24896K(216064K) Eden: 118272K(118272K)->0K(122368K) From: 51488K(105984K)->24896K(93696K)
[607.426s][info][gc,heap        ] GC(1993) ParOldGen: 551377K(667648K)->578705K(667648K)
[607.426s][info][gc,metaspace   ] GC(1993) Metaspace: 18976K(19136K)->18976K(19136K) NonClass: 17147K(17280K)->17147K(17280K) Class: 1829K(1856K)->1829K(1856K)
[607.426s][info][gc             ] GC(1993) Pause Young (Allocation Failure) 704M->589M(863M) 60.178ms
[607.426s][info][gc,cpu         ] GC(1993) User=0.12s Sys=0.00s Real=0.06s
[607.566s][info][gc,start       ] GC(1994) Pause Young (Allocation Failure)
[607.602s][info][gc,heap        ] GC(1994) PSYoungGen: 147264K(216064K)->5120K(222208K) Eden: 122368K(122368K)->0K(122368K) From: 24896K(93696K)->5120K(99840K)
[607.602s][info][gc,heap        ] GC(1994) ParOldGen: 578705K(667648K)->603033K(667648K)
[607.602s][info][gc,metaspace   ] GC(1994) Metaspace: 18976K(19136K)->18976K(19136K) NonClass: 17147K(17280K)->17147K(17280K) Class: 1829K(1856K)->1829K(1856K)
[607.602s][info][gc             ] GC(1994) Pause Young (Allocation Failure) 708M->593M(869M) 36.528ms
[607.602s][info][gc,cpu         ] GC(1994) User=0.07s Sys=0.00s Real=0.04s
[607.759s][info][gc,start       ] GC(1995) Pause Young (Allocation Failure)
[607.774s][info][gc,heap        ] GC(1995) PSYoungGen: 127488K(222208K)->11424K(223232K) Eden: 122368K(122368K)->0K(133632K) From: 5120K(99840K)->11424K(89600K)
[607.774s][info][gc,heap        ] GC(1995) ParOldGen: 603033K(667648K)->603673K(667648K)
[607.774s][info][gc,metaspace   ] GC(1995) Metaspace: 18976K(19136K)->18976K(19136K) NonClass: 17147K(17280K)->17147K(17280K) Class: 1829K(1856K)->1829K(1856K)
[607.775s][info][gc             ] GC(1995) Pause Young (Allocation Failure) 713M->600M(870M) 15.582ms
[607.775s][info][gc,cpu         ] GC(1995) User=0.03s Sys=0.00s Real=0.01s
[607.970s][info][gc,start       ] GC(1996) Pause Young (Allocation Failure)
[608.002s][info][gc,heap        ] GC(1996) PSYoungGen: 145056K(223232K)->28080K(228352K) Eden: 133632K(133632K)->0K(133632K) From: 11424K(89600K)->28080K(94720K)
[608.002s][info][gc,heap        ] GC(1996) ParOldGen: 603673K(667648K)->603673K(667648K)
[608.002s][info][gc,metaspace   ] GC(1996) Metaspace: 18976K(19136K)->18976K(19136K) NonClass: 17147K(17280K)->17147K(17280K) Class: 1829K(1856K)->1829K(1856K)
[608.002s][info][gc             ] GC(1996) Pause Young (Allocation Failure) 731M->616M(875M) 32.258ms
[608.002s][info][gc,cpu         ] GC(1996) User=0.06s Sys=0.00s Real=0.03s
[608.340s][info][gc,start       ] GC(1997) Pause Young (Allocation Failure)
[608.390s][info][gc,heap        ] GC(1997) PSYoungGen: 161712K(228352K)->33616K(224256K) Eden: 133632K(133632K)->0K(144896K) From: 28080K(94720K)->33616K(79360K)
[608.390s][info][gc,heap        ] GC(1997) ParOldGen: 603673K(667648K)->603673K(667648K)
[608.390s][info][gc,metaspace   ] GC(1997) Metaspace: 18976K(19136K)->18976K(19136K) NonClass: 17147K(17280K)->17147K(17280K) Class: 1829K(1856K)->1829K(1856K)
[608.390s][info][gc             ] GC(1997) Pause Young (Allocation Failure) 747M->622M(871M) 49.851ms
[608.390s][info][gc,cpu         ] GC(1997) User=0.10s Sys=0.00s Real=0.05s
[608.598s][info][gc,start       ] GC(1998) Pause Young (Allocation Failure)
[608.660s][info][gc,heap        ] GC(1998) PSYoungGen: 178512K(224256K)->67824K(228864K) Eden: 144896K(144896K)->0K(144896K) From: 33616K(79360K)->67824K(83968K)
[608.660s][info][gc,heap        ] GC(1998) ParOldGen: 603673K(667648K)->603673K(667648K)
[608.660s][info][gc,metaspace   ] GC(1998) Metaspace: 18982K(19136K)->18982K(19136K) NonClass: 17153K(17280K)->17153K(17280K) Class: 1829K(1856K)->1829K(1856K)
[608.660s][info][gc             ] GC(1998) Pause Young (Allocation Failure) 763M->655M(875M) 62.015ms
[608.660s][info][gc,cpu         ] GC(1998) User=0.12s Sys=0.00s Real=0.06s
[608.859s][info][gc,start       ] GC(1999) Pause Young (Allocation Failure)
[608.949s][info][gc,heap        ] GC(1999) PSYoungGen: 212720K(228864K)->86176K(214016K) Eden: 144896K(144896K)->0K(120832K) From: 67824K(83968K)->86176K(93184K)
[608.949s][info][gc,heap        ] GC(1999) ParOldGen: 603673K(667648K)->603673K(667648K)
[608.949s][info][gc,metaspace   ] GC(1999) Metaspace: 18982K(19136K)->18982K(19136K) NonClass: 17153K(17280K)->17153K(17280K) Class: 1829K(1856K)->1829K(1856K)
[608.949s][info][gc             ] GC(1999) Pause Young (Allocation Failure) 797M->673M(861M) 90.255ms
[608.949s][info][gc,cpu         ] GC(1999) User=0.16s Sys=0.02s Real=0.09s
[609.165s][info][gc,start       ] GC(2000) Pause Young (Allocation Failure)
[609.252s][info][gc,heap        ] GC(2000) PSYoungGen: 207008K(214016K)->88112K(209408K) Eden: 120832K(120832K)->0K(120832K) From: 86176K(93184K)->88112K(88576K)
[609.252s][info][gc,heap        ] GC(2000) ParOldGen: 603673K(667648K)->603673K(667648K)
[609.252s][info][gc,metaspace   ] GC(2000) Metaspace: 18982K(19136K)->18982K(19136K) NonClass: 17153K(17280K)->17153K(17280K) Class: 1829K(1856K)->1829K(1856K)
[609.252s][info][gc             ] GC(2000) Pause Young (Allocation Failure) 791M->675M(856M) 86.415ms
[609.252s][info][gc,cpu         ] GC(2000) User=0.17s Sys=0.00s Real=0.09s
[609.426s][info][gc,start       ] GC(2001) Pause Young (Allocation Failure)
[609.522s][info][gc,heap        ] GC(2001) PSYoungGen: 208944K(209408K)->87920K(222720K) Eden: 120832K(120832K)->0K(111616K) From: 88112K(88576K)->87920K(111104K)
[609.522s][info][gc,heap        ] GC(2001) ParOldGen: 603673K(667648K)->615105K(667648K)
[609.522s][info][gc,metaspace   ] GC(2001) Metaspace: 18982K(19136K)->18982K(19136K) NonClass: 17153K(17280K)->17153K(17280K) Class: 1829K(1856K)->1829K(1856K)
[609.523s][info][gc             ] GC(2001) Pause Young (Allocation Failure) 793M->686M(869M) 96.446ms
[609.523s][info][gc,cpu         ] GC(2001) User=0.19s Sys=0.00s Real=0.10s
[609.636s][info][gc,start       ] GC(2002) Pause Young (Allocation Failure)
[609.732s][info][gc,heap        ] GC(2002) PSYoungGen: 199536K(222720K)->76864K(222720K) Eden: 111616K(111616K)->0K(111616K) From: 87920K(111104K)->76864K(111104K)
[609.732s][info][gc,heap        ] GC(2002) ParOldGen: 615105K(667648K)->637345K(667648K)
[609.732s][info][gc,metaspace   ] GC(2002) Metaspace: 18982K(19136K)->18982K(19136K) NonClass: 17153K(17280K)->17153K(17280K) Class: 1829K(1856K)->1829K(1856K)
[609.732s][info][gc             ] GC(2002) Pause Young (Allocation Failure) 795M->697M(869M) 96.103ms
[609.732s][info][gc,cpu         ] GC(2002) User=0.19s Sys=0.00s Real=0.10s
[609.845s][info][gc,start       ] GC(2003) Pause Full (Allocation Failure)
[609.845s][info][gc,phases,start] GC(2003) Marking Phase
[610.201s][info][gc,phases      ] GC(2003) Marking Phase 356.635ms
[610.202s][info][gc,phases,start] GC(2003) Summary Phase
[610.202s][info][gc,phases      ] GC(2003) Summary Phase 0.028ms
[610.202s][info][gc,phases,start] GC(2003) Forward
[610.307s][info][gc,phases      ] GC(2003) Forward 105.005ms
[610.307s][info][gc,phases,start] GC(2003) Adjust Pointers
[610.574s][info][gc,phases      ] GC(2003) Adjust Pointers 267.519ms
[610.574s][info][gc,phases,start] GC(2003) Compaction Phase
[610.731s][info][gc,phases      ] GC(2003) Compaction Phase 156.512ms
[610.740s][info][gc,phases,start] GC(2003) Post Compact
[610.742s][info][gc,phases      ] GC(2003) Post Compact 2.418ms
[610.742s][info][gc,heap        ] GC(2003) PSYoungGen: 188480K(222720K)->0K(222720K) Eden: 111616K(111616K)->0K(111616K) From: 76864K(111104K)->0K(111104K)
[610.742s][info][gc,heap        ] GC(2003) ParOldGen: 637345K(667648K)->482396K(667648K)
[610.742s][info][gc,metaspace   ] GC(2003) Metaspace: 18982K(19136K)->18982K(19136K) NonClass: 17153K(17280K)->17153K(17280K) Class: 1829K(1856K)->1829K(1856K)
[610.742s][info][gc             ] GC(2003) Pause Full (Allocation Failure) 806M->471M(869M) 897.376ms
[610.742s][info][gc,cpu         ] GC(2003) User=1.70s Sys=0.00s Real=0.90s
[610.879s][info][gc,start       ] GC(2004) Pause Young (Allocation Failure)
[610.890s][info][gc,heap        ] GC(2004) PSYoungGen: 111616K(222720K)->7616K(222720K) Eden: 111616K(111616K)->0K(111616K) From: 0K(111104K)->7616K(111104K)
[610.890s][info][gc,heap        ] GC(2004) ParOldGen: 482396K(667648K)->482396K(667648K)
[610.890s][info][gc,metaspace   ] GC(2004) Metaspace: 18982K(19136K)->18982K(19136K) NonClass: 17153K(17280K)->17153K(17280K) Class: 1829K(1856K)->1829K(1856K)
[610.890s][info][gc             ] GC(2004) Pause Young (Allocation Failure) 580M->478M(869M) 10.720ms
[610.890s][info][gc,cpu         ] GC(2004) User=0.02s Sys=0.00s Real=0.01s
[611.124s][info][gc,start       ] GC(2005) Pause Young (Allocation Failure)
[611.145s][info][gc,heap        ] GC(2005) PSYoungGen: 119232K(222720K)->17696K(222720K) Eden: 111616K(111616K)->0K(111616K) From: 7616K(111104K)->17696K(111104K)
[611.146s][info][gc,heap        ] GC(2005) ParOldGen: 482396K(667648K)->482396K(667648K)
[611.146s][info][gc,metaspace   ] GC(2005) Metaspace: 18982K(19136K)->18982K(19136K) NonClass: 17153K(17280K)->17153K(17280K) Class: 1829K(1856K)->1829K(1856K)
[611.146s][info][gc             ] GC(2005) Pause Young (Allocation Failure) 587M->488M(869M) 21.834ms
[611.146s][info][gc,cpu         ] GC(2005) User=0.04s Sys=0.00s Real=0.02s
[611.428s][info][gc,start       ] GC(2006) Pause Young (Allocation Failure)
[611.449s][info][gc,heap        ] GC(2006) PSYoungGen: 129312K(222720K)->10144K(222720K) Eden: 111616K(111616K)->0K(111616K) From: 17696K(111104K)->10144K(111104K)
[611.449s][info][gc,heap        ] GC(2006) ParOldGen: 482396K(667648K)->490012K(667648K)
[611.449s][info][gc,metaspace   ] GC(2006) Metaspace: 18982K(19136K)->18982K(19136K) NonClass: 17153K(17280K)->17153K(17280K) Class: 1829K(1856K)->1829K(1856K)
[611.449s][info][gc             ] GC(2006) Pause Young (Allocation Failure) 597M->488M(869M) 20.900ms
[611.449s][info][gc,cpu         ] GC(2006) User=0.04s Sys=0.00s Real=0.02s
[611.714s][info][gc,start       ] GC(2007) Pause Young (Allocation Failure)
[611.727s][info][gc,heap        ] GC(2007) PSYoungGen: 121760K(222720K)->64K(222720K) Eden: 111616K(111616K)->0K(111616K) From: 10144K(111104K)->64K(111104K)
[611.727s][info][gc,heap        ] GC(2007) ParOldGen: 490012K(667648K)->500145K(667648K)
[611.727s][info][gc,metaspace   ] GC(2007) Metaspace: 18982K(19136K)->18982K(19136K) NonClass: 17153K(17280K)->17153K(17280K) Class: 1829K(1856K)->1829K(1856K)
[611.727s][info][gc             ] GC(2007) Pause Young (Allocation Failure) 597M->488M(869M) 13.103ms
[611.727s][info][gc,cpu         ] GC(2007) User=0.02s Sys=0.00s Real=0.02s
[611.996s][info][gc,start       ] GC(2008) Pause Young (Allocation Failure)
[611.998s][info][gc,heap        ] GC(2008) PSYoungGen: 111680K(222720K)->64K(222720K) Eden: 111616K(111616K)->0K(111616K) From: 64K(111104K)->64K(111104K)
[611.998s][info][gc,heap        ] GC(2008) ParOldGen: 500145K(667648K)->500161K(667648K)
[611.998s][info][gc,metaspace   ] GC(2008) Metaspace: 18982K(19136K)->18982K(19136K) NonClass: 17153K(17280K)->17153K(17280K) Class: 1829K(1856K)->1829K(1856K)
[611.998s][info][gc             ] GC(2008) Pause Young (Allocation Failure) 597M->488M(869M) 1.924ms
[611.998s][info][gc,cpu         ] GC(2008) User=0.00s Sys=0.00s Real=0.01s
[612.246s][info][gc,start       ] GC(2009) Pause Young (Allocation Failure)
[612.254s][info][gc,heap        ] GC(2009) PSYoungGen: 111680K(222720K)->352K(222720K) Eden: 111616K(111616K)->0K(111616K) From: 64K(111104K)->352K(111104K)
[612.254s][info][gc,heap        ] GC(2009) ParOldGen: 500161K(667648K)->500177K(667648K)
[612.254s][info][gc,metaspace   ] GC(2009) Metaspace: 18982K(19136K)->18982K(19136K) NonClass: 17153K(17280K)->17153K(17280K) Class: 1829K(1856K)->1829K(1856K)
[612.254s][info][gc             ] GC(2009) Pause Young (Allocation Failure) 597M->488M(869M) 8.344ms
[612.254s][info][gc,cpu         ] GC(2009) User=0.02s Sys=0.00s Real=0.01s
[612.349s][info][gc,start       ] GC(2010) Pause Young (Allocation Failure)
[612.387s][info][gc,heap        ] GC(2010) PSYoungGen: 111968K(222720K)->35616K(147456K) Eden: 111616K(111616K)->0K(111616K) From: 352K(111104K)->35616K(35840K)
[612.387s][info][gc,heap        ] GC(2010) ParOldGen: 500177K(667648K)->500513K(667648K)
[612.387s][info][gc,metaspace   ] GC(2010) Metaspace: 18986K(19136K)->18986K(19136K) NonClass: 17156K(17280K)->17156K(17280K) Class: 1829K(1856K)->1829K(1856K)
[612.387s][info][gc             ] GC(2010) Pause Young (Allocation Failure) 597M->523M(796M) 37.779ms
[612.387s][info][gc,cpu         ] GC(2010) User=0.08s Sys=0.00s Real=0.04s
[612.507s][info][gc,start       ] GC(2011) Pause Young (Allocation Failure)
[612.557s][info][gc,heap        ] GC(2011) PSYoungGen: 147232K(147456K)->72368K(220672K) Eden: 111616K(111616K)->0K(110592K) From: 35616K(35840K)->72368K(110080K)
[612.557s][info][gc,heap        ] GC(2011) ParOldGen: 500513K(667648K)->500513K(667648K)
[612.557s][info][gc,metaspace   ] GC(2011) Metaspace: 18986K(19136K)->18986K(19136K) NonClass: 17156K(17280K)->17156K(17280K) Class: 1829K(1856K)->1829K(1856K)
[612.557s][info][gc             ] GC(2011) Pause Young (Allocation Failure) 632M->559M(867M) 49.657ms
[612.557s][info][gc,cpu         ] GC(2011) User=0.09s Sys=0.00s Real=0.05s
[612.672s][info][gc,start       ] GC(2012) Pause Young (Allocation Failure)
[612.723s][info][gc,heap        ] GC(2012) PSYoungGen: 182960K(220672K)->2688K(221696K) Eden: 110592K(110592K)->0K(110592K) From: 72368K(110080K)->2688K(111104K)
[612.723s][info][gc,heap        ] GC(2012) ParOldGen: 500513K(667648K)->573764K(667648K)
[612.723s][info][gc,metaspace   ] GC(2012) Metaspace: 18986K(19136K)->18986K(19136K) NonClass: 17156K(17280K)->17156K(17280K) Class: 1829K(1856K)->1829K(1856K)
[612.723s][info][gc             ] GC(2012) Pause Young (Allocation Failure) 667M->562M(868M) 51.821ms
[612.723s][info][gc,cpu         ] GC(2012) User=0.10s Sys=0.00s Real=0.05s
[612.880s][info][gc,start       ] GC(2013) Pause Young (Allocation Failure)
[612.922s][info][gc,heap        ] GC(2013) PSYoungGen: 113280K(221696K)->22633K(216576K) Eden: 110592K(110592K)->0K(111616K) From: 2688K(111104K)->22633K(104960K)
[612.922s][info][gc,heap        ] GC(2013) ParOldGen: 573764K(667648K)->576436K(667648K)
[612.922s][info][gc,metaspace   ] GC(2013) Metaspace: 18986K(19136K)->18986K(19136K) NonClass: 17157K(17280K)->17157K(17280K) Class: 1829K(1856K)->1829K(1856K)
[612.922s][info][gc             ] GC(2013) Pause Young (Allocation Failure) 670M->585M(863M) 42.080ms
[612.922s][info][gc,cpu         ] GC(2013) User=0.09s Sys=0.00s Real=0.04s
[612.980s][info][gc,start       ] GC(2014) Pause Young (Allocation Failure)
[613.044s][info][gc,heap        ] GC(2014) PSYoungGen: 134249K(216576K)->62585K(219648K) Eden: 111616K(111616K)->0K(111616K) From: 22633K(104960K)->62585K(108032K)
[613.044s][info][gc,heap        ] GC(2014) ParOldGen: 576436K(667648K)->576436K(667648K)
[613.044s][info][gc,metaspace   ] GC(2014) Metaspace: 18986K(19136K)->18986K(19136K) NonClass: 17157K(17280K)->17157K(17280K) Class: 1829K(1856K)->1829K(1856K)
[613.044s][info][gc             ] GC(2014) Pause Young (Allocation Failure) 694M->624M(866M) 63.121ms
[613.044s][info][gc,cpu         ] GC(2014) User=0.12s Sys=0.00s Real=0.06s
[613.149s][info][gc,start       ] GC(2015) Pause Young (Allocation Failure)
[613.230s][info][gc,heap        ] GC(2015) PSYoungGen: 174201K(219648K)->30016K(216576K) Eden: 111616K(111616K)->0K(114688K) From: 62585K(108032K)->30016K(101888K)
[613.230s][info][gc,heap        ] GC(2015) ParOldGen: 576436K(667648K)->639589K(667648K)
[613.230s][info][gc,metaspace   ] GC(2015) Metaspace: 18986K(19136K)->18986K(19136K) NonClass: 17157K(17280K)->17157K(17280K) Class: 1829K(1856K)->1829K(1856K)
[613.230s][info][gc             ] GC(2015) Pause Young (Allocation Failure) 733M->653M(863M) 81.404ms
[613.230s][info][gc,cpu         ] GC(2015) User=0.16s Sys=0.00s Real=0.08s
[613.347s][info][gc,start       ] GC(2016) Pause Full (Allocation Failure)
[613.347s][info][gc,phases,start] GC(2016) Marking Phase
[613.686s][info][gc,phases      ] GC(2016) Marking Phase 338.587ms
[613.686s][info][gc,phases,start] GC(2016) Summary Phase
[613.686s][info][gc,phases      ] GC(2016) Summary Phase 0.032ms
[613.686s][info][gc,phases,start] GC(2016) Forward
[613.797s][info][gc,phases      ] GC(2016) Forward 110.668ms
[613.797s][info][gc,phases,start] GC(2016) Adjust Pointers
[614.067s][info][gc,phases      ] GC(2016) Adjust Pointers 270.476ms
[614.067s][info][gc,phases,start] GC(2016) Compaction Phase
[614.228s][info][gc,phases      ] GC(2016) Compaction Phase 160.581ms
[614.237s][info][gc,phases,start] GC(2016) Post Compact
[614.239s][info][gc,phases      ] GC(2016) Post Compact 2.331ms
[614.239s][info][gc,heap        ] GC(2016) PSYoungGen: 144704K(216576K)->0K(219648K) Eden: 114688K(114688K)->0K(114688K) From: 30016K(101888K)->0K(104960K)
[614.239s][info][gc,heap        ] GC(2016) ParOldGen: 639589K(667648K)->494633K(667648K)
[614.239s][info][gc,metaspace   ] GC(2016) Metaspace: 18986K(19136K)->18986K(19136K) NonClass: 17157K(17280K)->17157K(17280K) Class: 1829K(1856K)->1829K(1856K)
[614.239s][info][gc             ] GC(2016) Pause Full (Allocation Failure) 765M->483M(866M) 891.927ms
[614.239s][info][gc,cpu         ] GC(2016) User=1.68s Sys=0.00s Real=0.89s
[614.382s][info][gc,start       ] GC(2017) Pause Young (Allocation Failure)
[614.406s][info][gc,heap        ] GC(2017) PSYoungGen: 114688K(219648K)->8160K(222720K) Eden: 114688K(114688K)->0K(123904K) From: 0K(104960K)->8160K(98816K)
[614.406s][info][gc,heap        ] GC(2017) ParOldGen: 494633K(667648K)->494633K(667648K)
[614.406s][info][gc,metaspace   ] GC(2017) Metaspace: 18986K(19136K)->18986K(19136K) NonClass: 17157K(17280K)->17157K(17280K) Class: 1829K(1856K)->1829K(1856K)
[614.406s][info][gc             ] GC(2017) Pause Young (Allocation Failure) 595M->491M(869M) 23.734ms
[614.406s][info][gc,cpu         ] GC(2017) User=0.05s Sys=0.00s Real=0.02s
[614.567s][info][gc,start       ] GC(2018) Pause Young (Allocation Failure)
[614.602s][info][gc,heap        ] GC(2018) PSYoungGen: 132064K(222720K)->12320K(225792K) Eden: 123904K(123904K)->0K(123904K) From: 8160K(98816K)->12320K(101888K)
[614.602s][info][gc,heap        ] GC(2018) ParOldGen: 494633K(667648K)->502297K(667648K)
[614.602s][info][gc,metaspace   ] GC(2018) Metaspace: 18986K(19136K)->18986K(19136K) NonClass: 17157K(17280K)->17157K(17280K) Class: 1829K(1856K)->1829K(1856K)
[614.602s][info][gc             ] GC(2018) Pause Young (Allocation Failure) 612M->502M(872M) 34.220ms
[614.602s][info][gc,cpu         ] GC(2018) User=0.07s Sys=0.00s Real=0.03s
[614.771s][info][gc,start       ] GC(2019) Pause Young (Allocation Failure)
[614.789s][info][gc,heap        ] GC(2019) PSYoungGen: 136224K(225792K)->12320K(224768K) Eden: 123904K(123904K)->0K(134144K) From: 12320K(101888K)->12320K(90624K)
[614.789s][info][gc,heap        ] GC(2019) ParOldGen: 502297K(667648K)->502297K(667648K)
[614.789s][info][gc,metaspace   ] GC(2019) Metaspace: 18986K(19136K)->18986K(19136K) NonClass: 17157K(17280K)->17157K(17280K) Class: 1829K(1856K)->1829K(1856K)
[614.789s][info][gc             ] GC(2019) Pause Young (Allocation Failure) 623M->502M(871M) 18.137ms
[614.789s][info][gc,cpu         ] GC(2019) User=0.03s Sys=0.00s Real=0.02s
[614.975s][info][gc,start       ] GC(2020) Pause Young (Allocation Failure)
[614.993s][info][gc,heap        ] GC(2020) PSYoungGen: 146464K(224768K)->12288K(227840K) Eden: 134144K(134144K)->0K(134144K) From: 12320K(90624K)->12288K(93696K)
[614.993s][info][gc,heap        ] GC(2020) ParOldGen: 502297K(667648K)->502297K(667648K)
[614.993s][info][gc,metaspace   ] GC(2020) Metaspace: 18986K(19136K)->18986K(19136K) NonClass: 17157K(17280K)->17157K(17280K) Class: 1829K(1856K)->1829K(1856K)
[614.993s][info][gc             ] GC(2020) Pause Young (Allocation Failure) 633M->502M(874M) 17.888ms
[614.993s][info][gc,cpu         ] GC(2020) User=0.03s Sys=0.00s Real=0.02s
[615.176s][info][gc,start       ] GC(2021) Pause Young (Allocation Failure)
[615.194s][info][gc,heap        ] GC(2021) PSYoungGen: 146432K(227840K)->12320K(224768K) Eden: 134144K(134144K)->0K(144384K) From: 12288K(93696K)->12320K(80384K)
[615.194s][info][gc,heap        ] GC(2021) ParOldGen: 502297K(667648K)->502297K(667648K)
[615.194s][info][gc,metaspace   ] GC(2021) Metaspace: 18986K(19136K)->18986K(19136K) NonClass: 17157K(17280K)->17157K(17280K) Class: 1829K(1856K)->1829K(1856K)
[615.194s][info][gc             ] GC(2021) Pause Young (Allocation Failure) 633M->502M(871M) 17.822ms
[615.194s][info][gc,cpu         ] GC(2021) User=0.03s Sys=0.00s Real=0.02s
[615.384s][info][gc,start       ] GC(2022) Pause Young (Allocation Failure)
[615.401s][info][gc,heap        ] GC(2022) PSYoungGen: 156704K(224768K)->12320K(229888K) Eden: 144384K(144384K)->0K(144384K) From: 12320K(80384K)->12320K(85504K)
[615.401s][info][gc,heap        ] GC(2022) ParOldGen: 502297K(667648K)->502297K(667648K)
[615.401s][info][gc,metaspace   ] GC(2022) Metaspace: 18986K(19136K)->18986K(19136K) NonClass: 17157K(17280K)->17157K(17280K) Class: 1829K(1856K)->1829K(1856K)
[615.401s][info][gc             ] GC(2022) Pause Young (Allocation Failure) 643M->502M(876M) 16.574ms
[615.401s][info][gc,cpu         ] GC(2022) User=0.03s Sys=0.00s Real=0.02s
[615.584s][info][gc,start       ] GC(2023) Pause Young (Allocation Failure)
[615.601s][info][gc,heap        ] GC(2023) PSYoungGen: 156704K(229888K)->12288K(227840K) Eden: 144384K(144384K)->0K(154112K) From: 12320K(85504K)->12288K(73728K)
[615.601s][info][gc,heap        ] GC(2023) ParOldGen: 502297K(667648K)->502297K(667648K)
[615.601s][info][gc,metaspace   ] GC(2023) Metaspace: 18986K(19136K)->18986K(19136K) NonClass: 17157K(17280K)->17157K(17280K) Class: 1829K(1856K)->1829K(1856K)
[615.601s][info][gc             ] GC(2023) Pause Young (Allocation Failure) 643M->502M(874M) 16.861ms
[615.601s][info][gc,cpu         ] GC(2023) User=0.04s Sys=0.00s Real=0.02s
[615.793s][info][gc,start       ] GC(2024) Pause Young (Allocation Failure)
[615.809s][info][gc,heap        ] GC(2024) PSYoungGen: 166400K(227840K)->12320K(231936K) Eden: 154112K(154112K)->0K(154112K) From: 12288K(73728K)->12320K(77824K)
[615.809s][info][gc,heap        ] GC(2024) ParOldGen: 502297K(667648K)->502297K(667648K)
[615.809s][info][gc,metaspace   ] GC(2024) Metaspace: 18986K(19136K)->18986K(19136K) NonClass: 17157K(17280K)->17157K(17280K) Class: 1829K(1856K)->1829K(1856K)
[615.809s][info][gc             ] GC(2024) Pause Young (Allocation Failure) 653M->502M(878M) 15.949ms
[615.809s][info][gc,cpu         ] GC(2024) User=0.03s Sys=0.00s Real=0.02s
[615.998s][info][gc,start       ] GC(2025) Pause Young (Allocation Failure)
[616.015s][info][gc,heap        ] GC(2025) PSYoungGen: 166432K(231936K)->12320K(229376K) Eden: 154112K(154112K)->0K(163328K) From: 12320K(77824K)->12320K(66048K)
[616.015s][info][gc,heap        ] GC(2025) ParOldGen: 502297K(667648K)->502297K(667648K)
[616.015s][info][gc,metaspace   ] GC(2025) Metaspace: 18986K(19136K)->18986K(19136K) NonClass: 17157K(17280K)->17157K(17280K) Class: 1829K(1856K)->1829K(1856K)
[616.015s][info][gc             ] GC(2025) Pause Young (Allocation Failure) 653M->502M(876M) 16.742ms
[616.015s][info][gc,cpu         ] GC(2025) User=0.04s Sys=0.00s Real=0.01s
[616.200s][info][gc,start       ] GC(2026) Pause Young (Allocation Failure)
[616.227s][info][gc,heap        ] GC(2026) PSYoungGen: 175648K(229376K)->23136K(233472K) Eden: 163328K(163328K)->0K(163328K) From: 12320K(66048K)->23136K(70144K)
[616.227s][info][gc,heap        ] GC(2026) ParOldGen: 502297K(667648K)->502297K(667648K)
[616.227s][info][gc,metaspace   ] GC(2026) Metaspace: 18986K(19136K)->18986K(19136K) NonClass: 17157K(17280K)->17157K(17280K) Class: 1829K(1856K)->1829K(1856K)
[616.227s][info][gc             ] GC(2026) Pause Young (Allocation Failure) 662M->513M(880M) 27.009ms
[616.227s][info][gc,cpu         ] GC(2026) User=0.05s Sys=0.01s Real=0.03s
[616.374s][info][gc,start       ] GC(2027) Pause Young (Allocation Failure)
[616.422s][info][gc,heap        ] GC(2027) PSYoungGen: 186464K(233472K)->45952K(233984K) Eden: 163328K(163328K)->0K(167936K) From: 23136K(70144K)->45952K(66048K)
[616.422s][info][gc,heap        ] GC(2027) ParOldGen: 502297K(667648K)->502297K(667648K)
[616.422s][info][gc,metaspace   ] GC(2027) Metaspace: 18986K(19136K)->18986K(19136K) NonClass: 17157K(17280K)->17157K(17280K) Class: 1829K(1856K)->1829K(1856K)
[616.423s][info][gc             ] GC(2027) Pause Young (Allocation Failure) 672M->535M(880M) 48.957ms
[616.423s][info][gc,cpu         ] GC(2027) User=0.10s Sys=0.00s Real=0.05s
[616.549s][info][gc,start       ] GC(2028) Pause Young (Allocation Failure)
[616.601s][info][gc,heap        ] GC(2028) PSYoungGen: 213888K(233984K)->50176K(239104K) Eden: 167936K(167936K)->0K(167936K) From: 45952K(66048K)->50176K(71168K)
[616.602s][info][gc,heap        ] GC(2028) ParOldGen: 502297K(667648K)->502297K(667648K)
[616.602s][info][gc,metaspace   ] GC(2028) Metaspace: 18986K(19136K)->18986K(19136K) NonClass: 17157K(17280K)->17157K(17280K) Class: 1829K(1856K)->1829K(1856K)
[616.602s][info][gc             ] GC(2028) Pause Young (Allocation Failure) 699M->539M(885M) 52.472ms
[616.602s][info][gc,cpu         ] GC(2028) User=0.10s Sys=0.00s Real=0.05s
[616.746s][info][gc,start       ] GC(2029) Pause Young (Allocation Failure)
[616.802s][info][gc,heap        ] GC(2029) PSYoungGen: 218112K(239104K)->52096K(248320K) Eden: 167936K(167936K)->0K(172032K) From: 50176K(71168K)->52096K(76288K)
[616.802s][info][gc,heap        ] GC(2029) ParOldGen: 502297K(667648K)->502297K(667648K)
[616.802s][info][gc,metaspace   ] GC(2029) Metaspace: 18986K(19136K)->18986K(19136K) NonClass: 17157K(17280K)->17157K(17280K) Class: 1829K(1856K)->1829K(1856K)
[616.802s][info][gc             ] GC(2029) Pause Young (Allocation Failure) 703M->541M(894M) 56.936ms
[616.802s][info][gc,cpu         ] GC(2029) User=0.11s Sys=0.00s Real=0.06s
[616.914s][info][gc,start       ] GC(2030) Pause Young (Allocation Failure)
[616.996s][info][gc,heap        ] GC(2030) PSYoungGen: 224128K(248320K)->78368K(250880K) Eden: 172032K(172032K)->0K(172032K) From: 52096K(76288K)->78368K(78848K)
[616.996s][info][gc,heap        ] GC(2030) ParOldGen: 502297K(667648K)->502297K(667648K)
[616.996s][info][gc,metaspace   ] GC(2030) Metaspace: 18986K(19136K)->18986K(19136K) NonClass: 17157K(17280K)->17157K(17280K) Class: 1829K(1856K)->1829K(1856K)
[616.997s][info][gc             ] GC(2030) Pause Young (Allocation Failure) 709M->567M(897M) 82.531ms
[616.997s][info][gc,cpu         ] GC(2030) User=0.16s Sys=0.00s Real=0.09s
[617.118s][info][gc,start       ] GC(2031) Pause Young (Allocation Failure)
[617.222s][info][gc,heap        ] GC(2031) PSYoungGen: 250400K(250880K)->78688K(206848K) Eden: 172032K(172032K)->0K(123904K) From: 78368K(78848K)->78688K(82944K)
[617.222s][info][gc,heap        ] GC(2031) ParOldGen: 502297K(667648K)->514617K(667648K)
[617.222s][info][gc,metaspace   ] GC(2031) Metaspace: 18986K(19136K)->18986K(19136K) NonClass: 17157K(17280K)->17157K(17280K) Class: 1829K(1856K)->1829K(1856K)
[617.222s][info][gc             ] GC(2031) Pause Young (Allocation Failure) 735M->579M(854M) 104.224ms
[617.222s][info][gc,cpu         ] GC(2031) User=0.19s Sys=0.02s Real=0.10s
[617.289s][info][gc,start       ] GC(2032) Pause Young (Allocation Failure)
[617.378s][info][gc,heap        ] GC(2032) PSYoungGen: 202592K(206848K)->89696K(214016K) Eden: 123904K(123904K)->0K(123904K) From: 78688K(82944K)->89696K(90112K)
[617.378s][info][gc,heap        ] GC(2032) ParOldGen: 514617K(667648K)->514617K(667648K)
[617.378s][info][gc,metaspace   ] GC(2032) Metaspace: 18986K(19136K)->18986K(19136K) NonClass: 17157K(17280K)->17157K(17280K) Class: 1829K(1856K)->1829K(1856K)
[617.378s][info][gc             ] GC(2032) Pause Young (Allocation Failure) 700M->590M(861M) 89.137ms
[617.378s][info][gc,cpu         ] GC(2032) User=0.18s Sys=0.00s Real=0.09s
[617.481s][info][gc,start       ] GC(2033) Pause Young (Allocation Failure)
[617.579s][info][gc,heap        ] GC(2033) PSYoungGen: 213600K(214016K)->101248K(222720K) Eden: 123904K(123904K)->0K(111616K) From: 89696K(90112K)->101248K(111104K)
[617.579s][info][gc,heap        ] GC(2033) ParOldGen: 514617K(667648K)->514617K(667648K)
[617.579s][info][gc,metaspace   ] GC(2033) Metaspace: 18986K(19136K)->18986K(19136K) NonClass: 17157K(17280K)->17157K(17280K) Class: 1829K(1856K)->1829K(1856K)
[617.579s][info][gc             ] GC(2033) Pause Young (Allocation Failure) 711M->601M(869M) 98.059ms
[617.579s][info][gc,cpu         ] GC(2033) User=0.19s Sys=0.00s Real=0.10s
[617.652s][info][gc,start       ] GC(2034) Pause Young (Allocation Failure)
[617.757s][info][gc,heap        ] GC(2034) PSYoungGen: 212864K(222720K)->107280K(222720K) Eden: 111616K(111616K)->0K(111616K) From: 101248K(111104K)->107280K(111104K)
[617.757s][info][gc,heap        ] GC(2034) ParOldGen: 514617K(667648K)->514617K(667648K)
[617.757s][info][gc,metaspace   ] GC(2034) Metaspace: 18986K(19136K)->18986K(19136K) NonClass: 17157K(17280K)->17157K(17280K) Class: 1829K(1856K)->1829K(1856K)
[617.757s][info][gc             ] GC(2034) Pause Young (Allocation Failure) 710M->607M(869M) 105.220ms
[617.757s][info][gc,cpu         ] GC(2034) User=0.21s Sys=0.00s Real=0.11s
[617.881s][info][gc,start       ] GC(2035) Pause Young (Allocation Failure)
[617.989s][info][gc,heap        ] GC(2035) PSYoungGen: 218896K(222720K)->100144K(222720K) Eden: 111616K(111616K)->0K(111616K) From: 107280K(111104K)->100144K(111104K)
[617.989s][info][gc,heap        ] GC(2035) ParOldGen: 514617K(667648K)->525513K(667648K)
[617.989s][info][gc,metaspace   ] GC(2035) Metaspace: 18986K(19136K)->18986K(19136K) NonClass: 17157K(17280K)->17157K(17280K) Class: 1829K(1856K)->1829K(1856K)
[617.989s][info][gc             ] GC(2035) Pause Young (Allocation Failure) 716M->610M(869M) 108.199ms
[617.989s][info][gc,cpu         ] GC(2035) User=0.21s Sys=0.00s Real=0.11s
[618.128s][info][gc,start       ] GC(2036) Pause Young (Allocation Failure)
[618.234s][info][gc,heap        ] GC(2036) PSYoungGen: 211760K(222720K)->81968K(222720K) Eden: 111616K(111616K)->0K(111616K) From: 100144K(111104K)->81968K(111104K)
[618.234s][info][gc,heap        ] GC(2036) ParOldGen: 525513K(667648K)->552657K(667648K)
[618.234s][info][gc,metaspace   ] GC(2036) Metaspace: 18986K(19136K)->18986K(19136K) NonClass: 17157K(17280K)->17157K(17280K) Class: 1829K(1856K)->1829K(1856K)
[618.234s][info][gc             ] GC(2036) Pause Young (Allocation Failure) 719M->619M(869M) 105.820ms
[618.234s][info][gc,cpu         ] GC(2036) User=0.21s Sys=0.00s Real=0.10s
[618.378s][info][gc,start       ] GC(2037) Pause Young (Allocation Failure)
[618.475s][info][gc,heap        ] GC(2037) PSYoungGen: 193584K(222720K)->70112K(222720K) Eden: 111616K(111616K)->0K(111616K) From: 81968K(111104K)->70112K(111104K)
[618.475s][info][gc,heap        ] GC(2037) ParOldGen: 552657K(667648K)->580953K(667648K)
[618.475s][info][gc,metaspace   ] GC(2037) Metaspace: 18986K(19136K)->18986K(19136K) NonClass: 17157K(17280K)->17157K(17280K) Class: 1829K(1856K)->1829K(1856K)
[618.475s][info][gc             ] GC(2037) Pause Young (Allocation Failure) 728M->635M(869M) 97.362ms
[618.475s][info][gc,cpu         ] GC(2037) User=0.20s Sys=0.00s Real=0.09s
[618.835s][info][gc,start       ] GC(2038) Pause Young (Allocation Failure)
[618.905s][info][gc,heap        ] GC(2038) PSYoungGen: 181728K(222720K)->46544K(222720K) Eden: 111616K(111616K)->0K(111616K) From: 70112K(111104K)->46544K(111104K)
[618.905s][info][gc,heap        ] GC(2038) ParOldGen: 580953K(667648K)->604649K(667648K)
[618.905s][info][gc,metaspace   ] GC(2038) Metaspace: 18986K(19136K)->18986K(19136K) NonClass: 17157K(17280K)->17157K(17280K) Class: 1829K(1856K)->1829K(1856K)
[618.906s][info][gc             ] GC(2038) Pause Young (Allocation Failure) 744M->635M(869M) 70.339ms
[618.906s][info][gc,cpu         ] GC(2038) User=0.14s Sys=0.00s Real=0.07s
[619.174s][info][gc,start       ] GC(2039) Pause Young (Allocation Failure)
[619.223s][info][gc,heap        ] GC(2039) PSYoungGen: 158160K(222720K)->28992K(222720K) Eden: 111616K(111616K)->0K(111616K) From: 46544K(111104K)->28992K(111104K)
[619.223s][info][gc,heap        ] GC(2039) ParOldGen: 604649K(667648K)->622306K(667648K)
[619.223s][info][gc,metaspace   ] GC(2039) Metaspace: 18986K(19136K)->18986K(19136K) NonClass: 17157K(17280K)->17157K(17280K) Class: 1829K(1856K)->1829K(1856K)
[619.223s][info][gc             ] GC(2039) Pause Young (Allocation Failure) 744M->636M(869M) 48.418ms
[619.223s][info][gc,cpu         ] GC(2039) User=0.10s Sys=0.00s Real=0.05s
[619.503s][info][gc,start       ] GC(2040) Pause Full (Allocation Failure)
[619.503s][info][gc,phases,start] GC(2040) Marking Phase
[619.967s][info][gc,phases      ] GC(2040) Marking Phase 463.459ms
[619.967s][info][gc,phases,start] GC(2040) Summary Phase
[619.967s][info][gc,phases      ] GC(2040) Summary Phase 0.025ms
[619.967s][info][gc,phases,start] GC(2040) Forward
[619.989s][info][gc,phases      ] GC(2040) Forward 22.207ms
[619.989s][info][gc,phases,start] GC(2040) Adjust Pointers
[620.306s][info][gc,phases      ] GC(2040) Adjust Pointers 317.399ms
[620.306s][info][gc,phases,start] GC(2040) Compaction Phase
[620.445s][info][gc,phases      ] GC(2040) Compaction Phase 138.558ms
[620.445s][info][gc,phases,start] GC(2040) Post Compact
[620.447s][info][gc,phases      ] GC(2040) Post Compact 2.218ms
[620.447s][info][gc,heap        ] GC(2040) PSYoungGen: 140608K(222720K)->0K(222720K) Eden: 111616K(111616K)->0K(111616K) From: 28992K(111104K)->0K(111104K)
[620.447s][info][gc,heap        ] GC(2040) ParOldGen: 622306K(667648K)->650888K(667648K)
[620.447s][info][gc,metaspace   ] GC(2040) Metaspace: 18986K(19136K)->18986K(19136K) NonClass: 17157K(17280K)->17157K(17280K) Class: 1829K(1856K)->1829K(1856K)
[620.447s][info][gc             ] GC(2040) Pause Full (Allocation Failure) 745M->635M(869M) 944.280ms
[620.447s][info][gc,cpu         ] GC(2040) User=1.85s Sys=0.00s Real=0.95s
[620.708s][info][gc,start       ] GC(2041) Pause Full (Allocation Failure)
[620.708s][info][gc,phases,start] GC(2041) Marking Phase
[621.171s][info][gc,phases      ] GC(2041) Marking Phase 462.958ms
[621.171s][info][gc,phases,start] GC(2041) Summary Phase
[621.171s][info][gc,phases      ] GC(2041) Summary Phase 0.024ms
[621.171s][info][gc,phases,start] GC(2041) Forward
[621.172s][info][gc,phases      ] GC(2041) Forward 0.260ms
[621.172s][info][gc,phases,start] GC(2041) Adjust Pointers
[621.487s][info][gc,phases      ] GC(2041) Adjust Pointers 315.081ms
[621.487s][info][gc,phases,start] GC(2041) Compaction Phase
[621.616s][info][gc,phases      ] GC(2041) Compaction Phase 129.015ms
[621.616s][info][gc,phases,start] GC(2041) Post Compact
[621.618s][info][gc,phases      ] GC(2041) Post Compact 2.182ms
[621.618s][info][gc,heap        ] GC(2041) PSYoungGen: 111616K(222720K)->0K(222720K) Eden: 111616K(111616K)->0K(111616K) From: 0K(111104K)->0K(111104K)
[621.618s][info][gc,heap        ] GC(2041) ParOldGen: 650888K(667648K)->650892K(667648K)
[621.618s][info][gc,metaspace   ] GC(2041) Metaspace: 18986K(19136K)->18986K(19136K) NonClass: 17157K(17280K)->17157K(17280K) Class: 1829K(1856K)->1829K(1856K)
[621.618s][info][gc             ] GC(2041) Pause Full (Allocation Failure) 744M->635M(869M) 910.006ms
[621.618s][info][gc,cpu         ] GC(2041) User=1.78s Sys=0.00s Real=0.91s
[621.879s][info][gc,start       ] GC(2042) Pause Full (Allocation Failure)
[621.879s][info][gc,phases,start] GC(2042) Marking Phase
[622.343s][info][gc,phases      ] GC(2042) Marking Phase 463.327ms
[622.343s][info][gc,phases,start] GC(2042) Summary Phase
[622.343s][info][gc,phases      ] GC(2042) Summary Phase 0.026ms
[622.343s][info][gc,phases,start] GC(2042) Forward
[622.343s][info][gc,phases      ] GC(2042) Forward 0.311ms
[622.343s][info][gc,phases,start] GC(2042) Adjust Pointers
[622.657s][info][gc,phases      ] GC(2042) Adjust Pointers 314.352ms
[622.657s][info][gc,phases,start] GC(2042) Compaction Phase
[622.786s][info][gc,phases      ] GC(2042) Compaction Phase 128.850ms
[622.786s][info][gc,phases,start] GC(2042) Post Compact
[622.789s][info][gc,phases      ] GC(2042) Post Compact 2.203ms
[622.789s][info][gc,heap        ] GC(2042) PSYoungGen: 111616K(222720K)->0K(222720K) Eden: 111616K(111616K)->0K(111616K) From: 0K(111104K)->0K(111104K)
[622.789s][info][gc,heap        ] GC(2042) ParOldGen: 650892K(667648K)->650894K(667648K)
[622.789s][info][gc,metaspace   ] GC(2042) Metaspace: 18986K(19136K)->18986K(19136K) NonClass: 17157K(17280K)->17157K(17280K) Class: 1829K(1856K)->1829K(1856K)
[622.789s][info][gc             ] GC(2042) Pause Full (Allocation Failure) 744M->635M(869M) 909.561ms
[622.789s][info][gc,cpu         ] GC(2042) User=1.78s Sys=0.00s Real=0.91s
[623.047s][info][gc,start       ] GC(2043) Pause Full (Allocation Failure)
[623.048s][info][gc,phases,start] GC(2043) Marking Phase
[623.509s][info][gc,phases      ] GC(2043) Marking Phase 461.060ms
[623.509s][info][gc,phases,start] GC(2043) Summary Phase
[623.509s][info][gc,phases      ] GC(2043) Summary Phase 0.025ms
[623.509s][info][gc,phases,start] GC(2043) Forward
[623.509s][info][gc,phases      ] GC(2043) Forward 0.289ms
[623.509s][info][gc,phases,start] GC(2043) Adjust Pointers
[623.822s][info][gc,phases      ] GC(2043) Adjust Pointers 312.486ms
[623.822s][info][gc,phases,start] GC(2043) Compaction Phase
[623.950s][info][gc,phases      ] GC(2043) Compaction Phase 128.326ms
[623.950s][info][gc,phases,start] GC(2043) Post Compact
[623.952s][info][gc,phases      ] GC(2043) Post Compact 2.153ms
[623.952s][info][gc,heap        ] GC(2043) PSYoungGen: 111616K(222720K)->0K(222720K) Eden: 111616K(111616K)->0K(111616K) From: 0K(111104K)->0K(111104K)
[623.952s][info][gc,heap        ] GC(2043) ParOldGen: 650894K(667648K)->650897K(667648K)
[623.952s][info][gc,metaspace   ] GC(2043) Metaspace: 18986K(19136K)->18986K(19136K) NonClass: 17157K(17280K)->17157K(17280K) Class: 1829K(1856K)->1829K(1856K)
[623.952s][info][gc             ] GC(2043) Pause Full (Allocation Failure) 744M->635M(869M) 904.770ms
[623.952s][info][gc,cpu         ] GC(2043) User=1.77s Sys=0.00s Real=0.90s
[624.201s][info][gc,start       ] GC(2044) Pause Full (Allocation Failure)
[624.201s][info][gc,phases,start] GC(2044) Marking Phase
[624.666s][info][gc,phases      ] GC(2044) Marking Phase 465.576ms
[624.666s][info][gc,phases,start] GC(2044) Summary Phase
[624.666s][info][gc,phases      ] GC(2044) Summary Phase 0.026ms
[624.666s][info][gc,phases,start] GC(2044) Forward
[624.667s][info][gc,phases      ] GC(2044) Forward 0.287ms
[624.667s][info][gc,phases,start] GC(2044) Adjust Pointers
[624.981s][info][gc,phases      ] GC(2044) Adjust Pointers 313.949ms
[624.981s][info][gc,phases,start] GC(2044) Compaction Phase
[625.112s][info][gc,phases      ] GC(2044) Compaction Phase 130.791ms
[625.112s][info][gc,phases,start] GC(2044) Post Compact
[625.114s][info][gc,phases      ] GC(2044) Post Compact 2.164ms
[625.114s][info][gc,heap        ] GC(2044) PSYoungGen: 111616K(222720K)->0K(222720K) Eden: 111616K(111616K)->0K(111616K) From: 0K(111104K)->0K(111104K)
[625.114s][info][gc,heap        ] GC(2044) ParOldGen: 650897K(667648K)->650903K(667648K)
[625.114s][info][gc,metaspace   ] GC(2044) Metaspace: 18986K(19136K)->18986K(19136K) NonClass: 17157K(17280K)->17157K(17280K) Class: 1829K(1856K)->1829K(1856K)
[625.114s][info][gc             ] GC(2044) Pause Full (Allocation Failure) 744M->635M(869M) 913.290ms
[625.114s][info][gc,cpu         ] GC(2044) User=1.78s Sys=0.00s Real=0.91s
[625.399s][info][gc,start       ] GC(2045) Pause Full (Allocation Failure)
[625.399s][info][gc,phases,start] GC(2045) Marking Phase
[625.813s][info][gc,phases      ] GC(2045) Marking Phase 413.572ms
[625.813s][info][gc,phases,start] GC(2045) Summary Phase
[625.813s][info][gc,phases      ] GC(2045) Summary Phase 0.029ms
[625.813s][info][gc,phases,start] GC(2045) Forward
[625.896s][info][gc,phases      ] GC(2045) Forward 82.693ms
[625.896s][info][gc,phases,start] GC(2045) Adjust Pointers
[626.203s][info][gc,phases      ] GC(2045) Adjust Pointers 307.487ms
[626.203s][info][gc,phases,start] GC(2045) Compaction Phase
[626.350s][info][gc,phases      ] GC(2045) Compaction Phase 146.918ms
[626.358s][info][gc,phases,start] GC(2045) Post Compact
[626.360s][info][gc,phases      ] GC(2045) Post Compact 2.242ms
[626.360s][info][gc,heap        ] GC(2045) PSYoungGen: 111616K(222720K)->0K(222720K) Eden: 111616K(111616K)->0K(111616K) From: 0K(111104K)->0K(111104K)
[626.360s][info][gc,heap        ] GC(2045) ParOldGen: 650903K(667648K)->556021K(667648K)
[626.360s][info][gc,metaspace   ] GC(2045) Metaspace: 18986K(19136K)->18986K(19136K) NonClass: 17157K(17280K)->17157K(17280K) Class: 1829K(1856K)->1829K(1856K)
[626.360s][info][gc             ] GC(2045) Pause Full (Allocation Failure) 744M->542M(869M) 960.507ms
[626.360s][info][gc,cpu         ] GC(2045) User=1.84s Sys=0.00s Real=0.96s
[626.566s][info][gc,start       ] GC(2046) Pause Young (Allocation Failure)
[626.570s][info][gc,heap        ] GC(2046) PSYoungGen: 111616K(222720K)->2176K(222720K) Eden: 111616K(111616K)->0K(111616K) From: 0K(111104K)->2176K(111104K)
[626.570s][info][gc,heap        ] GC(2046) ParOldGen: 556021K(667648K)->556021K(667648K)
[626.570s][info][gc,metaspace   ] GC(2046) Metaspace: 18986K(19136K)->18986K(19136K) NonClass: 17157K(17280K)->17157K(17280K) Class: 1829K(1856K)->1829K(1856K)
[626.570s][info][gc             ] GC(2046) Pause Young (Allocation Failure) 651M->545M(869M) 4.362ms
[626.570s][info][gc,cpu         ] GC(2046) User=0.01s Sys=0.00s Real=0.01s
[626.705s][info][gc,start       ] GC(2047) Pause Young (Allocation Failure)
[626.733s][info][gc,heap        ] GC(2047) PSYoungGen: 113792K(222720K)->36464K(222720K) Eden: 111616K(111616K)->0K(111616K) From: 2176K(111104K)->36464K(111104K)
[626.734s][info][gc,heap        ] GC(2047) ParOldGen: 556021K(667648K)->556021K(667648K)
[626.734s][info][gc,metaspace   ] GC(2047) Metaspace: 18987K(19136K)->18987K(19136K) NonClass: 17158K(17280K)->17158K(17280K) Class: 1829K(1856K)->1829K(1856K)
[626.734s][info][gc             ] GC(2047) Pause Young (Allocation Failure) 654M->578M(869M) 28.770ms
[626.734s][info][gc,cpu         ] GC(2047) User=0.05s Sys=0.00s Real=0.03s
[626.826s][info][gc,start       ] GC(2048) Pause Young (Allocation Failure)
[626.879s][info][gc,heap        ] GC(2048) PSYoungGen: 148080K(222720K)->72864K(222720K) Eden: 111616K(111616K)->0K(111616K) From: 36464K(111104K)->72864K(111104K)
[626.879s][info][gc,heap        ] GC(2048) ParOldGen: 556021K(667648K)->558205K(667648K)
[626.879s][info][gc,metaspace   ] GC(2048) Metaspace: 18987K(19136K)->18987K(19136K) NonClass: 17158K(17280K)->17158K(17280K) Class: 1829K(1856K)->1829K(1856K)
[626.879s][info][gc             ] GC(2048) Pause Young (Allocation Failure) 687M->616M(869M) 52.348ms
[626.879s][info][gc,cpu         ] GC(2048) User=0.10s Sys=0.00s Real=0.05s
[627.007s][info][gc,start       ] GC(2049) Pause Young (Allocation Failure)
[627.062s][info][gc,heap        ] GC(2049) PSYoungGen: 184480K(222720K)->4608K(222720K) Eden: 111616K(111616K)->0K(111616K) From: 72864K(111104K)->4608K(111104K)
[627.063s][info][gc,heap        ] GC(2049) ParOldGen: 558205K(667648K)->631957K(667648K)
[627.063s][info][gc,metaspace   ] GC(2049) Metaspace: 18987K(19136K)->18987K(19136K) NonClass: 17158K(17280K)->17158K(17280K) Class: 1829K(1856K)->1829K(1856K)
[627.063s][info][gc             ] GC(2049) Pause Young (Allocation Failure) 725M->621M(869M) 55.199ms
[627.063s][info][gc,cpu         ] GC(2049) User=0.11s Sys=0.00s Real=0.05s
[627.174s][info][gc,start       ] GC(2050) Pause Full (Allocation Failure)
[627.174s][info][gc,phases,start] GC(2050) Marking Phase
[627.520s][info][gc,phases      ] GC(2050) Marking Phase 345.702ms
[627.520s][info][gc,phases,start] GC(2050) Summary Phase
[627.520s][info][gc,phases      ] GC(2050) Summary Phase 0.031ms
[627.520s][info][gc,phases,start] GC(2050) Forward
[627.648s][info][gc,phases      ] GC(2050) Forward 127.901ms
[627.648s][info][gc,phases,start] GC(2050) Adjust Pointers
[627.908s][info][gc,phases      ] GC(2050) Adjust Pointers 260.126ms
[627.908s][info][gc,phases,start] GC(2050) Compaction Phase
[628.073s][info][gc,phases      ] GC(2050) Compaction Phase 164.604ms
[628.079s][info][gc,phases,start] GC(2050) Post Compact
[628.081s][info][gc,phases      ] GC(2050) Post Compact 2.263ms
[628.081s][info][gc,heap        ] GC(2050) PSYoungGen: 116224K(222720K)->0K(222720K) Eden: 111616K(111616K)->0K(111616K) From: 4608K(111104K)->0K(111104K)
[628.081s][info][gc,heap        ] GC(2050) ParOldGen: 631957K(667648K)->448158K(667648K)
[628.081s][info][gc,metaspace   ] GC(2050) Metaspace: 18987K(19136K)->18987K(19136K) NonClass: 17158K(17280K)->17158K(17280K) Class: 1829K(1856K)->1829K(1856K)
[628.081s][info][gc             ] GC(2050) Pause Full (Allocation Failure) 730M->437M(869M) 906.682ms
[628.081s][info][gc,cpu         ] GC(2050) User=1.69s Sys=0.00s Real=0.91s
[628.148s][info][gc,start       ] GC(2051) Pause Young (Allocation Failure)
[628.187s][info][gc,heap        ] GC(2051) PSYoungGen: 111616K(222720K)->44534K(222720K) Eden: 111616K(111616K)->0K(111616K) From: 0K(111104K)->44534K(111104K)
[628.187s][info][gc,heap        ] GC(2051) ParOldGen: 448158K(667648K)->448158K(667648K)
[628.187s][info][gc,metaspace   ] GC(2051) Metaspace: 18987K(19136K)->18987K(19136K) NonClass: 17158K(17280K)->17158K(17280K) Class: 1829K(1856K)->1829K(1856K)
[628.187s][info][gc             ] GC(2051) Pause Young (Allocation Failure) 546M->481M(869M) 39.094ms
[628.187s][info][gc,cpu         ] GC(2051) User=0.08s Sys=0.00s Real=0.04s
[628.298s][info][gc,start       ] GC(2052) Pause Young (Allocation Failure)
[628.368s][info][gc,heap        ] GC(2052) PSYoungGen: 156150K(222720K)->38304K(222720K) Eden: 111616K(111616K)->0K(111616K) From: 44534K(111104K)->38304K(111104K)
[628.368s][info][gc,heap        ] GC(2052) ParOldGen: 448158K(667648K)->492732K(667648K)
[628.368s][info][gc,metaspace   ] GC(2052) Metaspace: 18987K(19136K)->18987K(19136K) NonClass: 17158K(17280K)->17158K(17280K) Class: 1829K(1856K)->1829K(1856K)
[628.368s][info][gc             ] GC(2052) Pause Young (Allocation Failure) 590M->518M(869M) 70.547ms
[628.368s][info][gc,cpu         ] GC(2052) User=0.14s Sys=0.00s Real=0.07s
[628.497s][info][gc,start       ] GC(2053) Pause Young (Allocation Failure)
[628.533s][info][gc,heap        ] GC(2053) PSYoungGen: 149920K(222720K)->96K(222720K) Eden: 111616K(111616K)->0K(111616K) From: 38304K(111104K)->96K(111104K)
[628.534s][info][gc,heap        ] GC(2053) ParOldGen: 492732K(667648K)->531344K(667648K)
[628.534s][info][gc,metaspace   ] GC(2053) Metaspace: 18987K(19136K)->18987K(19136K) NonClass: 17158K(17280K)->17158K(17280K) Class: 1829K(1856K)->1829K(1856K)
[628.534s][info][gc             ] GC(2053) Pause Young (Allocation Failure) 627M->518M(869M) 36.302ms
[628.534s][info][gc,cpu         ] GC(2053) User=0.07s Sys=0.00s Real=0.03s
[628.660s][info][gc,start       ] GC(2054) Pause Young (Allocation Failure)
[628.663s][info][gc,heap        ] GC(2054) PSYoungGen: 111712K(222720K)->96K(222720K) Eden: 111616K(111616K)->0K(111616K) From: 96K(111104K)->96K(111104K)
[628.663s][info][gc,heap        ] GC(2054) ParOldGen: 531344K(667648K)->531408K(667648K)
[628.663s][info][gc,metaspace   ] GC(2054) Metaspace: 18987K(19136K)->18987K(19136K) NonClass: 17158K(17280K)->17158K(17280K) Class: 1829K(1856K)->1829K(1856K)
[628.663s][info][gc             ] GC(2054) Pause Young (Allocation Failure) 627M->519M(869M) 2.314ms
[628.663s][info][gc,cpu         ] GC(2054) User=0.01s Sys=0.00s Real=0.00s
[628.784s][info][gc,start       ] GC(2055) Pause Young (Allocation Failure)
[628.787s][info][gc,heap        ] GC(2055) PSYoungGen: 111712K(222720K)->128K(222720K) Eden: 111616K(111616K)->0K(111616K) From: 96K(111104K)->128K(111104K)
[628.787s][info][gc,heap        ] GC(2055) ParOldGen: 531408K(667648K)->531480K(667648K)
[628.787s][info][gc,metaspace   ] GC(2055) Metaspace: 18987K(19136K)->18987K(19136K) NonClass: 17158K(17280K)->17158K(17280K) Class: 1829K(1856K)->1829K(1856K)
[628.787s][info][gc             ] GC(2055) Pause Young (Allocation Failure) 628M->519M(869M) 2.479ms
[628.787s][info][gc,cpu         ] GC(2055) User=0.00s Sys=0.00s Real=0.01s
[628.909s][info][gc,start       ] GC(2056) Pause Young (Allocation Failure)
[628.911s][info][gc,heap        ] GC(2056) PSYoungGen: 111744K(222720K)->160K(222720K) Eden: 111616K(111616K)->0K(111616K) From: 128K(111104K)->160K(111104K)
[628.911s][info][gc,heap        ] GC(2056) ParOldGen: 531480K(667648K)->531600K(667648K)
[628.911s][info][gc,metaspace   ] GC(2056) Metaspace: 18987K(19136K)->18987K(19136K) NonClass: 17158K(17280K)->17158K(17280K) Class: 1829K(1856K)->1829K(1856K)
[628.911s][info][gc             ] GC(2056) Pause Young (Allocation Failure) 628M->519M(869M) 2.511ms
[628.911s][info][gc,cpu         ] GC(2056) User=0.01s Sys=0.00s Real=0.00s
[629.038s][info][gc,start       ] GC(2057) Pause Young (Allocation Failure)
[629.040s][info][gc,heap        ] GC(2057) PSYoungGen: 111776K(222720K)->96K(222720K) Eden: 111616K(111616K)->0K(111616K) From: 160K(111104K)->96K(111104K)
[629.040s][info][gc,heap        ] GC(2057) ParOldGen: 531600K(667648K)->531720K(667648K)
[629.040s][info][gc,metaspace   ] GC(2057) Metaspace: 18987K(19136K)->18987K(19136K) NonClass: 17158K(17280K)->17158K(17280K) Class: 1829K(1856K)->1829K(1856K)
[629.040s][info][gc             ] GC(2057) Pause Young (Allocation Failure) 628M->519M(869M) 2.373ms
[629.040s][info][gc,cpu         ] GC(2057) User=0.00s Sys=0.00s Real=0.00s
[629.167s][info][gc,start       ] GC(2058) Pause Young (Allocation Failure)
[629.170s][info][gc,heap        ] GC(2058) PSYoungGen: 111712K(222720K)->96K(112128K) Eden: 111616K(111616K)->0K(111616K) From: 96K(111104K)->96K(512K)
[629.170s][info][gc,heap        ] GC(2058) ParOldGen: 531720K(667648K)->531800K(667648K)
[629.170s][info][gc,metaspace   ] GC(2058) Metaspace: 18987K(19136K)->18987K(19136K) NonClass: 17158K(17280K)->17158K(17280K) Class: 1829K(1856K)->1829K(1856K)
[629.170s][info][gc             ] GC(2058) Pause Young (Allocation Failure) 628M->519M(761M) 2.571ms
[629.170s][info][gc,cpu         ] GC(2058) User=0.00s Sys=0.00s Real=0.00s
[629.292s][info][gc,start       ] GC(2059) Pause Young (Allocation Failure)
[629.295s][info][gc,heap        ] GC(2059) PSYoungGen: 111712K(112128K)->192K(215552K) Eden: 111616K(111616K)->0K(113664K) From: 96K(512K)->192K(101888K)
[629.295s][info][gc,heap        ] GC(2059) ParOldGen: 531800K(667648K)->531800K(667648K)
[629.295s][info][gc,metaspace   ] GC(2059) Metaspace: 18987K(19136K)->18987K(19136K) NonClass: 17158K(17280K)->17158K(17280K) Class: 1829K(1856K)->1829K(1856K)
[629.295s][info][gc             ] GC(2059) Pause Young (Allocation Failure) 628M->519M(862M) 3.000ms
[629.295s][info][gc,cpu         ] GC(2059) User=0.00s Sys=0.00s Real=0.00s
[629.421s][info][gc,start       ] GC(2060) Pause Young (Allocation Failure)
[629.424s][info][gc,heap        ] GC(2060) PSYoungGen: 113856K(215552K)->288K(114176K) Eden: 113664K(113664K)->0K(113664K) From: 192K(101888K)->288K(512K)
[629.424s][info][gc,heap        ] GC(2060) ParOldGen: 531800K(667648K)->531800K(667648K)
[629.424s][info][gc,metaspace   ] GC(2060) Metaspace: 18987K(19136K)->18987K(19136K) NonClass: 17158K(17280K)->17158K(17280K) Class: 1829K(1856K)->1829K(1856K)
[629.424s][info][gc             ] GC(2060) Pause Young (Allocation Failure) 630M->519M(763M) 3.151ms
[629.424s][info][gc,cpu         ] GC(2060) User=0.01s Sys=0.00s Real=0.00s
[629.548s][info][gc,start       ] GC(2061) Pause Young (Allocation Failure)
[629.552s][info][gc,heap        ] GC(2061) PSYoungGen: 113952K(114176K)->352K(205312K) Eden: 113664K(113664K)->0K(115200K) From: 288K(512K)->352K(90112K)
[629.552s][info][gc,heap        ] GC(2061) ParOldGen: 531800K(667648K)->531800K(667648K)
[629.552s][info][gc,metaspace   ] GC(2061) Metaspace: 18987K(19136K)->18987K(19136K) NonClass: 17158K(17280K)->17158K(17280K) Class: 1829K(1856K)->1829K(1856K)
[629.552s][info][gc             ] GC(2061) Pause Young (Allocation Failure) 630M->519M(852M) 3.336ms
[629.552s][info][gc,cpu         ] GC(2061) User=0.01s Sys=0.00s Real=0.00s
[629.691s][info][gc,start       ] GC(2062) Pause Young (Allocation Failure)
[629.700s][info][gc,heap        ] GC(2062) PSYoungGen: 115552K(205312K)->3136K(118784K) Eden: 115200K(115200K)->0K(115200K) From: 352K(90112K)->3136K(3584K)
[629.700s][info][gc,heap        ] GC(2062) ParOldGen: 531800K(667648K)->531800K(667648K)
[629.700s][info][gc,metaspace   ] GC(2062) Metaspace: 18987K(19136K)->18987K(19136K) NonClass: 17158K(17280K)->17158K(17280K) Class: 1829K(1856K)->1829K(1856K)
[629.700s][info][gc             ] GC(2062) Pause Young (Allocation Failure) 632M->522M(768M) 9.315ms
[629.700s][info][gc,cpu         ] GC(2062) User=0.02s Sys=0.00s Real=0.01s
[629.837s][info][gc,start       ] GC(2063) Pause Young (Allocation Failure)
[629.867s][info][gc,heap        ] GC(2063) PSYoungGen: 118336K(118784K)->11531K(195072K) Eden: 115200K(115200K)->0K(117760K) From: 3136K(3584K)->11531K(77312K)
[629.867s][info][gc,heap        ] GC(2063) ParOldGen: 531800K(667648K)->531800K(667648K)
[629.867s][info][gc,metaspace   ] GC(2063) Metaspace: 18987K(19136K)->18987K(19136K) NonClass: 17158K(17280K)->17158K(17280K) Class: 1829K(1856K)->1829K(1856K)
[629.867s][info][gc             ] GC(2063) Pause Young (Allocation Failure) 634M->530M(842M) 30.152ms
[629.867s][info][gc,cpu         ] GC(2063) User=0.06s Sys=0.01s Real=0.03s
[630.018s][info][gc,start       ] GC(2064) Pause Young (Allocation Failure)
[630.057s][info][gc,heap        ] GC(2064) PSYoungGen: 129291K(195072K)->21483K(139264K) Eden: 117760K(117760K)->0K(117760K) From: 11531K(77312K)->21483K(21504K)
[630.057s][info][gc,heap        ] GC(2064) ParOldGen: 531800K(667648K)->531800K(667648K)
[630.057s][info][gc,metaspace   ] GC(2064) Metaspace: 18987K(19136K)->18987K(19136K) NonClass: 17158K(17280K)->17158K(17280K) Class: 1829K(1856K)->1829K(1856K)
[630.057s][info][gc             ] GC(2064) Pause Young (Allocation Failure) 645M->540M(788M) 38.877ms
[630.057s][info][gc,cpu         ] GC(2064) User=0.07s Sys=0.00s Real=0.04s
[630.210s][info][gc,start       ] GC(2065) Pause Young (Allocation Failure)
[630.249s][info][gc,heap        ] GC(2065) PSYoungGen: 139243K(139264K)->21451K(192000K) Eden: 117760K(117760K)->0K(121856K) From: 21483K(21504K)->21451K(70144K)
[630.249s][info][gc,heap        ] GC(2065) ParOldGen: 531800K(667648K)->531800K(667648K)
[630.249s][info][gc,metaspace   ] GC(2065) Metaspace: 18987K(19136K)->18987K(19136K) NonClass: 17158K(17280K)->17158K(17280K) Class: 1829K(1856K)->1829K(1856K)
[630.249s][info][gc             ] GC(2065) Pause Young (Allocation Failure) 655M->540M(839M) 38.392ms
[630.249s][info][gc,cpu         ] GC(2065) User=0.07s Sys=0.00s Real=0.04s
[630.407s][info][gc,start       ] GC(2066) Pause Young (Allocation Failure)
[630.445s][info][gc,heap        ] GC(2066) PSYoungGen: 143307K(192000K)->21483K(196096K) Eden: 121856K(121856K)->0K(121856K) From: 21451K(70144K)->21483K(74240K)
[630.445s][info][gc,heap        ] GC(2066) ParOldGen: 531800K(667648K)->531800K(667648K)
[630.445s][info][gc,metaspace   ] GC(2066) Metaspace: 18987K(19136K)->18987K(19136K) NonClass: 17158K(17280K)->17158K(17280K) Class: 1829K(1856K)->1829K(1856K)
[630.445s][info][gc             ] GC(2066) Pause Young (Allocation Failure) 659M->540M(843M) 37.662ms
[630.445s][info][gc,cpu         ] GC(2066) User=0.08s Sys=0.00s Real=0.03s
[630.606s][info][gc,start       ] GC(2067) Pause Young (Allocation Failure)
[630.644s][info][gc,heap        ] GC(2067) PSYoungGen: 143339K(196096K)->21451K(189952K) Eden: 121856K(121856K)->0K(126976K) From: 21483K(74240K)->21451K(62976K)
[630.644s][info][gc,heap        ] GC(2067) ParOldGen: 531800K(667648K)->531800K(667648K)
[630.644s][info][gc,metaspace   ] GC(2067) Metaspace: 18987K(19136K)->18987K(19136K) NonClass: 17158K(17280K)->17158K(17280K) Class: 1829K(1856K)->1829K(1856K)
[630.644s][info][gc             ] GC(2067) Pause Young (Allocation Failure) 659M->540M(837M) 38.287ms
[630.644s][info][gc,cpu         ] GC(2067) User=0.07s Sys=0.00s Real=0.04s
[630.792s][info][gc,start       ] GC(2068) Pause Young (Allocation Failure)
[630.843s][info][gc,heap        ] GC(2068) PSYoungGen: 148427K(189952K)->32555K(193536K) Eden: 126976K(126976K)->0K(126976K) From: 21451K(62976K)->32555K(66560K)
[630.843s][info][gc,heap        ] GC(2068) ParOldGen: 531800K(667648K)->531800K(667648K)
[630.843s][info][gc,metaspace   ] GC(2068) Metaspace: 18987K(19136K)->18987K(19136K) NonClass: 17158K(17280K)->17158K(17280K) Class: 1829K(1856K)->1829K(1856K)
[630.843s][info][gc             ] GC(2068) Pause Young (Allocation Failure) 664M->551M(841M) 50.802ms
[630.843s][info][gc,cpu         ] GC(2068) User=0.10s Sys=0.00s Real=0.05s
[630.966s][info][gc,start       ] GC(2069) Pause Young (Allocation Failure)
[631.029s][info][gc,heap        ] GC(2069) PSYoungGen: 159531K(193536K)->45387K(195584K) Eden: 126976K(126976K)->0K(128512K) From: 32555K(66560K)->45387K(67072K)
[631.029s][info][gc,heap        ] GC(2069) ParOldGen: 531800K(667648K)->531800K(667648K)
[631.029s][info][gc,metaspace   ] GC(2069) Metaspace: 18987K(19136K)->18987K(19136K) NonClass: 17158K(17280K)->17158K(17280K) Class: 1829K(1856K)->1829K(1856K)
[631.029s][info][gc             ] GC(2069) Pause Young (Allocation Failure) 675M->563M(843M) 63.638ms
[631.029s][info][gc,cpu         ] GC(2069) User=0.12s Sys=0.00s Real=0.07s
[631.151s][info][gc,start       ] GC(2070) Pause Young (Allocation Failure)
[631.228s][info][gc,heap        ] GC(2070) PSYoungGen: 173899K(195584K)->59371K(200192K) Eden: 128512K(128512K)->0K(128512K) From: 45387K(67072K)->59371K(71680K)
[631.228s][info][gc,heap        ] GC(2070) ParOldGen: 531800K(667648K)->531800K(667648K)
[631.228s][info][gc,metaspace   ] GC(2070) Metaspace: 18988K(19136K)->18988K(19136K) NonClass: 17159K(17280K)->17159K(17280K) Class: 1829K(1856K)->1829K(1856K)
[631.228s][info][gc             ] GC(2070) Pause Young (Allocation Failure) 689M->577M(847M) 77.127ms
[631.228s][info][gc,cpu         ] GC(2070) User=0.15s Sys=0.00s Real=0.08s
[631.316s][info][gc,start       ] GC(2071) Pause Young (Allocation Failure)
[631.403s][info][gc,heap        ] GC(2071) PSYoungGen: 187883K(200192K)->60939K(210432K) Eden: 128512K(128512K)->0K(129536K) From: 59371K(71680K)->60939K(80896K)
[631.403s][info][gc,heap        ] GC(2071) ParOldGen: 531800K(667648K)->531800K(667648K)
[631.403s][info][gc,metaspace   ] GC(2071) Metaspace: 18988K(19136K)->18988K(19136K) NonClass: 17159K(17280K)->17159K(17280K) Class: 1829K(1856K)->1829K(1856K)
[631.404s][info][gc             ] GC(2071) Pause Young (Allocation Failure) 702M->578M(857M) 87.140ms
[631.404s][info][gc,cpu         ] GC(2071) User=0.16s Sys=0.01s Real=0.08s
[631.521s][info][gc,start       ] GC(2072) Pause Young (Allocation Failure)
[631.599s][info][gc,heap        ] GC(2072) PSYoungGen: 190475K(210432K)->61035K(217600K) Eden: 129536K(129536K)->0K(129536K) From: 60939K(80896K)->61035K(88064K)
[631.599s][info][gc,heap        ] GC(2072) ParOldGen: 531800K(667648K)->531800K(667648K)
[631.599s][info][gc,metaspace   ] GC(2072) Metaspace: 18988K(19136K)->18988K(19136K) NonClass: 17159K(17280K)->17159K(17280K) Class: 1829K(1856K)->1829K(1856K)
[631.599s][info][gc             ] GC(2072) Pause Young (Allocation Failure) 705M->578M(864M) 78.532ms
[631.599s][info][gc,cpu         ] GC(2072) User=0.16s Sys=0.00s Real=0.08s
[631.711s][info][gc,start       ] GC(2073) Pause Young (Allocation Failure)
[631.802s][info][gc,heap        ] GC(2073) PSYoungGen: 190571K(217600K)->64651K(227840K) Eden: 129536K(129536K)->0K(133632K) From: 61035K(88064K)->64651K(94208K)
[631.802s][info][gc,heap        ] GC(2073) ParOldGen: 531800K(667648K)->531872K(667648K)
[631.802s][info][gc,metaspace   ] GC(2073) Metaspace: 18988K(19136K)->18988K(19136K) NonClass: 17159K(17280K)->17159K(17280K) Class: 1829K(1856K)->1829K(1856K)
[631.803s][info][gc             ] GC(2073) Pause Young (Allocation Failure) 705M->582M(874M) 91.113ms
[631.803s][info][gc,cpu         ] GC(2073) User=0.16s Sys=0.02s Real=0.09s
[631.912s][info][gc,start       ] GC(2074) Pause Young (Allocation Failure)
[631.993s][info][gc,heap        ] GC(2074) PSYoungGen: 198283K(227840K)->64555K(198656K) Eden: 133632K(133632K)->0K(133632K) From: 64651K(94208K)->64555K(65024K)
[631.993s][info][gc,heap        ] GC(2074) ParOldGen: 531872K(667648K)->531976K(667648K)
[631.993s][info][gc,metaspace   ] GC(2074) Metaspace: 18988K(19136K)->18988K(19136K) NonClass: 17159K(17280K)->17159K(17280K) Class: 1829K(1856K)->1829K(1856K)
[631.993s][info][gc             ] GC(2074) Pause Young (Allocation Failure) 713M->582M(846M) 81.583ms
[631.993s][info][gc,cpu         ] GC(2074) User=0.16s Sys=0.00s Real=0.08s
[632.159s][info][gc,start       ] GC(2075) Pause Young (Allocation Failure)
[632.263s][info][gc,heap        ] GC(2075) PSYoungGen: 198187K(198656K)->80668K(216064K) Eden: 133632K(133632K)->0K(111616K) From: 64555K(65024K)->80668K(104448K)
[632.263s][info][gc,heap        ] GC(2075) ParOldGen: 531976K(667648K)->532072K(667648K)
[632.263s][info][gc,metaspace   ] GC(2075) Metaspace: 18988K(19136K)->18988K(19136K) NonClass: 17159K(17280K)->17159K(17280K) Class: 1829K(1856K)->1829K(1856K)
[632.264s][info][gc             ] GC(2075) Pause Young (Allocation Failure) 713M->598M(863M) 104.636ms
[632.264s][info][gc,cpu         ] GC(2075) User=0.20s Sys=0.00s Real=0.10s
[632.339s][info][gc,start       ] GC(2076) Pause Young (Allocation Failure)
[632.460s][info][gc,heap        ] GC(2076) PSYoungGen: 192284K(216064K)->100412K(222720K) Eden: 111616K(111616K)->0K(111616K) From: 80668K(104448K)->100412K(111104K)
[632.460s][info][gc,heap        ] GC(2076) ParOldGen: 532072K(667648K)->534920K(667648K)
[632.460s][info][gc,metaspace   ] GC(2076) Metaspace: 18988K(19136K)->18988K(19136K) NonClass: 17159K(17280K)->17159K(17280K) Class: 1829K(1856K)->1829K(1856K)
[632.460s][info][gc             ] GC(2076) Pause Young (Allocation Failure) 707M->620M(869M) 120.397ms
[632.460s][info][gc,cpu         ] GC(2076) User=0.24s Sys=0.00s Real=0.12s
[632.578s][info][gc,start       ] GC(2077) Pause Young (Allocation Failure)
[632.720s][info][gc,heap        ] GC(2077) PSYoungGen: 212028K(222720K)->100816K(222720K) Eden: 111616K(111616K)->0K(111616K) From: 100412K(111104K)->100816K(111104K)
[632.720s][info][gc,heap        ] GC(2077) ParOldGen: 534920K(667648K)->553340K(667648K)
[632.720s][info][gc,metaspace   ] GC(2077) Metaspace: 18988K(19136K)->18988K(19136K) NonClass: 17159K(17280K)->17159K(17280K) Class: 1829K(1856K)->1829K(1856K)
[632.720s][info][gc             ] GC(2077) Pause Young (Allocation Failure) 729M->638M(869M) 142.246ms
[632.720s][info][gc,cpu         ] GC(2077) User=0.28s Sys=0.00s Real=0.14s
[632.851s][info][gc,start       ] GC(2078) Pause Young (Allocation Failure)
[632.967s][info][gc,heap        ] GC(2078) PSYoungGen: 212432K(222720K)->111104K(222720K) Eden: 111616K(111616K)->0K(111616K) From: 100816K(111104K)->111104K(111104K)
[632.967s][info][gc,heap        ] GC(2078) ParOldGen: 553340K(667648K)->554836K(667648K)
[632.967s][info][gc,metaspace   ] GC(2078) Metaspace: 18988K(19136K)->18988K(19136K) NonClass: 17159K(17280K)->17159K(17280K) Class: 1829K(1856K)->1829K(1856K)
[632.967s][info][gc             ] GC(2078) Pause Young (Allocation Failure) 747M->650M(869M) 115.172ms
[632.967s][info][gc,cpu         ] GC(2078) User=0.23s Sys=0.00s Real=0.12s
[633.089s][info][gc,start       ] GC(2079) Pause Young (Allocation Failure)
[633.203s][info][gc,heap        ] GC(2079) PSYoungGen: 222720K(222720K)->100784K(222720K) Eden: 111616K(111616K)->0K(111616K) From: 111104K(111104K)->100784K(111104K)
[633.204s][info][gc,heap        ] GC(2079) ParOldGen: 554836K(667648K)->566004K(667648K)
[633.204s][info][gc,metaspace   ] GC(2079) Metaspace: 18988K(19136K)->18988K(19136K) NonClass: 17159K(17280K)->17159K(17280K) Class: 1829K(1856K)->1829K(1856K)
[633.204s][info][gc             ] GC(2079) Pause Young (Allocation Failure) 759M->651M(869M) 114.801ms
[633.204s][info][gc,cpu         ] GC(2079) User=0.23s Sys=0.00s Real=0.11s
[633.322s][info][gc,start       ] GC(2080) Pause Young (Allocation Failure)
[633.429s][info][gc,heap        ] GC(2080) PSYoungGen: 212400K(222720K)->75968K(222720K) Eden: 111616K(111616K)->0K(111616K) From: 100784K(111104K)->75968K(111104K)
[633.429s][info][gc,heap        ] GC(2080) ParOldGen: 566004K(667648K)->592916K(667648K)
[633.429s][info][gc,metaspace   ] GC(2080) Metaspace: 18988K(19136K)->18988K(19136K) NonClass: 17159K(17280K)->17159K(17280K) Class: 1829K(1856K)->1829K(1856K)
[633.429s][info][gc             ] GC(2080) Pause Young (Allocation Failure) 760M->653M(869M) 106.949ms
[633.429s][info][gc,cpu         ] GC(2080) User=0.21s Sys=0.00s Real=0.11s
[633.543s][info][gc,start       ] GC(2081) Pause Young (Allocation Failure)
[633.628s][info][gc,heap        ] GC(2081) PSYoungGen: 187584K(222720K)->78848K(222720K) Eden: 111616K(111616K)->0K(111616K) From: 75968K(111104K)->78848K(111104K)
[633.628s][info][gc,heap        ] GC(2081) ParOldGen: 592916K(667648K)->594580K(667648K)
[633.628s][info][gc,metaspace   ] GC(2081) Metaspace: 18988K(19136K)->18988K(19136K) NonClass: 17159K(17280K)->17159K(17280K) Class: 1829K(1856K)->1829K(1856K)
[633.628s][info][gc             ] GC(2081) Pause Young (Allocation Failure) 762M->657M(869M) 84.649ms
[633.628s][info][gc,cpu         ] GC(2081) User=0.17s Sys=0.00s Real=0.09s
[633.729s][info][gc,start       ] GC(2082) Pause Young (Allocation Failure)
[633.812s][info][gc,heap        ] GC(2082) PSYoungGen: 190464K(222720K)->75184K(222720K) Eden: 111616K(111616K)->0K(111616K) From: 78848K(111104K)->75184K(111104K)
[633.812s][info][gc,heap        ] GC(2082) ParOldGen: 594580K(667648K)->598276K(667648K)
[633.812s][info][gc,metaspace   ] GC(2082) Metaspace: 18988K(19136K)->18988K(19136K) NonClass: 17159K(17280K)->17159K(17280K) Class: 1829K(1856K)->1829K(1856K)
[633.812s][info][gc             ] GC(2082) Pause Young (Allocation Failure) 766M->657M(869M) 82.904ms
[633.812s][info][gc,cpu         ] GC(2082) User=0.16s Sys=0.00s Real=0.08s
[633.938s][info][gc,start       ] GC(2083) Pause Young (Allocation Failure)
[634.026s][info][gc,heap        ] GC(2083) PSYoungGen: 186800K(222720K)->44480K(222720K) Eden: 111616K(111616K)->0K(111616K) From: 75184K(111104K)->44480K(111104K)
[634.026s][info][gc,heap        ] GC(2083) ParOldGen: 598276K(667648K)->636133K(667648K)
[634.026s][info][gc,metaspace   ] GC(2083) Metaspace: 18988K(19136K)->18988K(19136K) NonClass: 17159K(17280K)->17159K(17280K) Class: 1829K(1856K)->1829K(1856K)
[634.026s][info][gc             ] GC(2083) Pause Young (Allocation Failure) 766M->664M(869M) 87.205ms
[634.026s][info][gc,cpu         ] GC(2083) User=0.17s Sys=0.00s Real=0.08s
[634.175s][info][gc,start       ] GC(2084) Pause Full (Allocation Failure)
[634.175s][info][gc,phases,start] GC(2084) Marking Phase
[634.467s][info][gc,phases      ] GC(2084) Marking Phase 291.868ms
[634.467s][info][gc,phases,start] GC(2084) Summary Phase
[634.467s][info][gc,phases      ] GC(2084) Summary Phase 0.028ms
[634.467s][info][gc,phases,start] GC(2084) Forward
[634.580s][info][gc,phases      ] GC(2084) Forward 113.103ms
[634.580s][info][gc,phases,start] GC(2084) Adjust Pointers
[634.803s][info][gc,phases      ] GC(2084) Adjust Pointers 223.037ms
[634.803s][info][gc,phases,start] GC(2084) Compaction Phase
[634.930s][info][gc,phases      ] GC(2084) Compaction Phase 126.696ms
[634.942s][info][gc,phases,start] GC(2084) Post Compact
[634.944s][info][gc,phases      ] GC(2084) Post Compact 2.310ms
[634.944s][info][gc,heap        ] GC(2084) PSYoungGen: 156096K(222720K)->0K(222720K) Eden: 111616K(111616K)->0K(111616K) From: 44480K(111104K)->0K(111104K)
[634.944s][info][gc,heap        ] GC(2084) ParOldGen: 636133K(667648K)->393976K(667648K)
[634.944s][info][gc,metaspace   ] GC(2084) Metaspace: 18988K(19136K)->18988K(19136K) NonClass: 17159K(17280K)->17159K(17280K) Class: 1829K(1856K)->1829K(1856K)
[634.944s][info][gc             ] GC(2084) Pause Full (Allocation Failure) 773M->384M(869M) 769.350ms
[634.944s][info][gc,cpu         ] GC(2084) User=1.39s Sys=0.01s Real=0.77s
[635.210s][info][gc,start       ] GC(2085) Pause Young (Allocation Failure)
[635.212s][info][gc,heap        ] GC(2085) PSYoungGen: 111616K(222720K)->128K(222720K) Eden: 111616K(111616K)->0K(111616K) From: 0K(111104K)->128K(111104K)
[635.212s][info][gc,heap        ] GC(2085) ParOldGen: 393976K(667648K)->393976K(667648K)
[635.212s][info][gc,metaspace   ] GC(2085) Metaspace: 18988K(19136K)->18988K(19136K) NonClass: 17159K(17280K)->17159K(17280K) Class: 1829K(1856K)->1829K(1856K)
[635.212s][info][gc             ] GC(2085) Pause Young (Allocation Failure) 493M->384M(869M) 2.644ms
[635.212s][info][gc,cpu         ] GC(2085) User=0.00s Sys=0.00s Real=0.00s
[635.541s][info][gc,start       ] GC(2086) Pause Young (Allocation Failure)
[635.543s][info][gc,heap        ] GC(2086) PSYoungGen: 111744K(222720K)->256K(222720K) Eden: 111616K(111616K)->0K(111616K) From: 128K(111104K)->256K(111104K)
[635.543s][info][gc,heap        ] GC(2086) ParOldGen: 393976K(667648K)->393976K(667648K)
[635.543s][info][gc,metaspace   ] GC(2086) Metaspace: 18988K(19136K)->18988K(19136K) NonClass: 17159K(17280K)->17159K(17280K) Class: 1829K(1856K)->1829K(1856K)
[635.543s][info][gc             ] GC(2086) Pause Young (Allocation Failure) 493M->384M(869M) 2.242ms
[635.543s][info][gc,cpu         ] GC(2086) User=0.01s Sys=0.00s Real=0.00s
[635.824s][info][gc,start       ] GC(2087) Pause Young (Allocation Failure)
[635.826s][info][gc,heap        ] GC(2087) PSYoungGen: 111872K(222720K)->464K(222720K) Eden: 111616K(111616K)->0K(111616K) From: 256K(111104K)->464K(111104K)
[635.826s][info][gc,heap        ] GC(2087) ParOldGen: 393976K(667648K)->393976K(667648K)
[635.826s][info][gc,metaspace   ] GC(2087) Metaspace: 18988K(19136K)->18988K(19136K) NonClass: 17159K(17280K)->17159K(17280K) Class: 1829K(1856K)->1829K(1856K)
[635.826s][info][gc             ] GC(2087) Pause Young (Allocation Failure) 493M->385M(869M) 2.545ms
[635.826s][info][gc,cpu         ] GC(2087) User=0.01s Sys=0.00s Real=0.00s
[636.071s][info][gc,start       ] GC(2088) Pause Young (Allocation Failure)
[636.073s][info][gc,heap        ] GC(2088) PSYoungGen: 112080K(222720K)->480K(222720K) Eden: 111616K(111616K)->0K(111616K) From: 464K(111104K)->480K(111104K)
[636.073s][info][gc,heap        ] GC(2088) ParOldGen: 393976K(667648K)->394008K(667648K)
[636.073s][info][gc,metaspace   ] GC(2088) Metaspace: 18988K(19136K)->18988K(19136K) NonClass: 17159K(17280K)->17159K(17280K) Class: 1829K(1856K)->1829K(1856K)
[636.073s][info][gc             ] GC(2088) Pause Young (Allocation Failure) 494M->385M(869M) 2.630ms
[636.073s][info][gc,cpu         ] GC(2088) User=0.01s Sys=0.00s Real=0.00s
[636.333s][info][gc,start       ] GC(2089) Pause Young (Allocation Failure)
[636.336s][info][gc,heap        ] GC(2089) PSYoungGen: 112096K(222720K)->64K(222720K) Eden: 111616K(111616K)->0K(111616K) From: 480K(111104K)->64K(111104K)
[636.336s][info][gc,heap        ] GC(2089) ParOldGen: 394008K(667648K)->394264K(667648K)
[636.336s][info][gc,metaspace   ] GC(2089) Metaspace: 18988K(19136K)->18988K(19136K) NonClass: 17159K(17280K)->17159K(17280K) Class: 1829K(1856K)->1829K(1856K)
[636.336s][info][gc             ] GC(2089) Pause Young (Allocation Failure) 494M->385M(869M) 2.708ms
[636.336s][info][gc,cpu         ] GC(2089) User=0.01s Sys=0.00s Real=0.00s
[636.611s][info][gc,start       ] GC(2090) Pause Young (Allocation Failure)
[636.614s][info][gc,heap        ] GC(2090) PSYoungGen: 111680K(222720K)->96K(222720K) Eden: 111616K(111616K)->0K(111616K) From: 64K(111104K)->96K(111104K)
[636.614s][info][gc,heap        ] GC(2090) ParOldGen: 394264K(667648K)->394320K(667648K)
[636.614s][info][gc,metaspace   ] GC(2090) Metaspace: 18988K(19136K)->18988K(19136K) NonClass: 17159K(17280K)->17159K(17280K) Class: 1829K(1856K)->1829K(1856K)
[636.614s][info][gc             ] GC(2090) Pause Young (Allocation Failure) 494M->385M(869M) 2.971ms
[636.614s][info][gc,cpu         ] GC(2090) User=0.01s Sys=0.00s Real=0.00s
[636.868s][info][gc,start       ] GC(2091) Pause Young (Allocation Failure)
[636.884s][info][gc,heap        ] GC(2091) PSYoungGen: 111712K(222720K)->16336K(222720K) Eden: 111616K(111616K)->0K(111616K) From: 96K(111104K)->16336K(111104K)
[636.884s][info][gc,heap        ] GC(2091) ParOldGen: 394320K(667648K)->394392K(667648K)
[636.884s][info][gc,metaspace   ] GC(2091) Metaspace: 19000K(19136K)->19000K(19136K) NonClass: 17171K(17280K)->17171K(17280K) Class: 1829K(1856K)->1829K(1856K)
[636.884s][info][gc             ] GC(2091) Pause Young (Allocation Failure) 494M->401M(869M) 16.761ms
[636.884s][info][gc,cpu         ] GC(2091) User=0.03s Sys=0.00s Real=0.01s
[636.956s][info][gc,start       ] GC(2092) Pause Young (Allocation Failure)
[637.001s][info][gc,heap        ] GC(2092) PSYoungGen: 127952K(222720K)->42080K(222720K) Eden: 111616K(111616K)->0K(111616K) From: 16336K(111104K)->42080K(111104K)
[637.001s][info][gc,heap        ] GC(2092) ParOldGen: 394392K(667648K)->410817K(667648K)
[637.001s][info][gc,metaspace   ] GC(2092) Metaspace: 19000K(19136K)->19000K(19136K) NonClass: 17171K(17280K)->17171K(17280K) Class: 1829K(1856K)->1829K(1856K)
[637.001s][info][gc             ] GC(2092) Pause Young (Allocation Failure) 510M->442M(869M) 45.519ms
[637.001s][info][gc,cpu         ] GC(2092) User=0.09s Sys=0.00s Real=0.05s
[637.063s][info][gc,start       ] GC(2093) Pause Young (Allocation Failure)
[637.120s][info][gc,heap        ] GC(2093) PSYoungGen: 153696K(222720K)->40832K(222720K) Eden: 111616K(111616K)->0K(111616K) From: 42080K(111104K)->40832K(111104K)
[637.120s][info][gc,heap        ] GC(2093) ParOldGen: 410817K(667648K)->453369K(667648K)
[637.120s][info][gc,metaspace   ] GC(2093) Metaspace: 19000K(19136K)->19000K(19136K) NonClass: 17171K(17280K)->17171K(17280K) Class: 1829K(1856K)->1829K(1856K)
[637.120s][info][gc             ] GC(2093) Pause Young (Allocation Failure) 551M->482M(869M) 57.132ms
[637.120s][info][gc,cpu         ] GC(2093) User=0.11s Sys=0.00s Real=0.06s
[637.181s][info][gc,start       ] GC(2094) Pause Young (Allocation Failure)
[637.236s][info][gc,heap        ] GC(2094) PSYoungGen: 152448K(222720K)->36896K(148992K) Eden: 111616K(111616K)->0K(111616K) From: 40832K(111104K)->36896K(37376K)
[637.236s][info][gc,heap        ] GC(2094) ParOldGen: 453369K(667648K)->494625K(667648K)
[637.236s][info][gc,metaspace   ] GC(2094) Metaspace: 19000K(19136K)->19000K(19136K) NonClass: 17171K(17280K)->17171K(17280K) Class: 1829K(1856K)->1829K(1856K)
[637.236s][info][gc             ] GC(2094) Pause Young (Allocation Failure) 591M->519M(797M) 54.317ms
[637.236s][info][gc,cpu         ] GC(2094) User=0.11s Sys=0.00s Real=0.05s
[637.364s][info][gc,start       ] GC(2095) Pause Young (Allocation Failure)
[637.425s][info][gc,heap        ] GC(2095) PSYoungGen: 148512K(148992K)->82742K(220672K) Eden: 111616K(111616K)->0K(110592K) From: 36896K(37376K)->82742K(110080K)
[637.425s][info][gc,heap        ] GC(2095) ParOldGen: 494625K(667648K)->494625K(667648K)
[637.425s][info][gc,metaspace   ] GC(2095) Metaspace: 19007K(19136K)->19007K(19136K) NonClass: 17177K(17280K)->17177K(17280K) Class: 1829K(1856K)->1829K(1856K)
[637.425s][info][gc             ] GC(2095) Pause Young (Allocation Failure) 628M->563M(867M) 60.700ms
[637.425s][info][gc,cpu         ] GC(2095) User=0.12s Sys=0.00s Real=0.06s
[637.582s][info][gc,start       ] GC(2096) Pause Young (Allocation Failure)
[637.664s][info][gc,heap        ] GC(2096) PSYoungGen: 193334K(220672K)->31904K(221696K) Eden: 110592K(110592K)->0K(110592K) From: 82742K(110080K)->31904K(111104K)
[637.664s][info][gc,heap        ] GC(2096) ParOldGen: 494625K(667648K)->578259K(667648K)
[637.664s][info][gc,metaspace   ] GC(2096) Metaspace: 19011K(19136K)->19011K(19136K) NonClass: 17182K(17280K)->17182K(17280K) Class: 1829K(1856K)->1829K(1856K)
[637.664s][info][gc             ] GC(2096) Pause Young (Allocation Failure) 671M->595M(868M) 82.738ms
[637.664s][info][gc,cpu         ] GC(2096) User=0.17s Sys=0.00s Real=0.08s
[637.855s][info][gc,start       ] GC(2097) Pause Young (Allocation Failure)
[637.911s][info][gc,heap        ] GC(2097) PSYoungGen: 142496K(221696K)->15136K(220672K) Eden: 110592K(110592K)->0K(111616K) From: 31904K(111104K)->15136K(109056K)
[637.911s][info][gc,heap        ] GC(2097) ParOldGen: 578259K(667648K)->610423K(667648K)
[637.911s][info][gc,metaspace   ] GC(2097) Metaspace: 19022K(19200K)->19022K(19200K) NonClass: 17192K(17344K)->17192K(17344K) Class: 1829K(1856K)->1829K(1856K)
[637.911s][info][gc             ] GC(2097) Pause Young (Allocation Failure) 703M->610M(867M) 56.434ms
[637.911s][info][gc,cpu         ] GC(2097) User=0.11s Sys=0.00s Real=0.06s
[638.039s][info][gc,start       ] GC(2098) Pause Full (Allocation Failure)
[638.040s][info][gc,phases,start] GC(2098) Marking Phase
[638.366s][info][gc,phases      ] GC(2098) Marking Phase 326.566ms
[638.366s][info][gc,phases,start] GC(2098) Summary Phase
[638.366s][info][gc,phases      ] GC(2098) Summary Phase 0.028ms
[638.366s][info][gc,phases,start] GC(2098) Forward
[638.461s][info][gc,phases      ] GC(2098) Forward 95.279ms
[638.462s][info][gc,phases,start] GC(2098) Adjust Pointers
[638.688s][info][gc,phases      ] GC(2098) Adjust Pointers 226.508ms
[638.688s][info][gc,phases,start] GC(2098) Compaction Phase
[638.827s][info][gc,phases      ] GC(2098) Compaction Phase 138.470ms
[638.833s][info][gc,phases,start] GC(2098) Post Compact
[638.835s][info][gc,phases      ] GC(2098) Post Compact 2.134ms
[638.835s][info][gc,heap        ] GC(2098) PSYoungGen: 126752K(220672K)->0K(221696K) Eden: 111616K(111616K)->0K(111616K) From: 15136K(109056K)->0K(110080K)
[638.835s][info][gc,heap        ] GC(2098) ParOldGen: 610423K(667648K)->460597K(667648K)
[638.835s][info][gc,metaspace   ] GC(2098) Metaspace: 19022K(19200K)->19022K(19200K) NonClass: 17192K(17344K)->17192K(17344K) Class: 1829K(1856K)->1829K(1856K)
[638.835s][info][gc             ] GC(2098) Pause Full (Allocation Failure) 719M->449M(868M) 795.755ms
[638.835s][info][gc,cpu         ] GC(2098) User=1.50s Sys=0.00s Real=0.79s
[638.955s][info][gc,start       ] GC(2099) Pause Young (Allocation Failure)
[638.976s][info][gc,heap        ] GC(2099) PSYoungGen: 111616K(221696K)->768K(220672K) Eden: 111616K(111616K)->0K(113664K) From: 0K(110080K)->768K(107008K)
[638.976s][info][gc,heap        ] GC(2099) ParOldGen: 460597K(667648K)->460597K(667648K)
[638.976s][info][gc,metaspace   ] GC(2099) Metaspace: 19022K(19200K)->19022K(19200K) NonClass: 17192K(17344K)->17192K(17344K) Class: 1829K(1856K)->1829K(1856K)
[638.976s][info][gc             ] GC(2099) Pause Young (Allocation Failure) 558M->450M(867M) 21.263ms
[638.976s][info][gc,cpu         ] GC(2099) User=0.04s Sys=0.00s Real=0.02s
[639.143s][info][gc,start       ] GC(2100) Pause Young (Allocation Failure)
[639.199s][info][gc,heap        ] GC(2100) PSYoungGen: 114432K(220672K)->30679K(144384K) Eden: 113664K(113664K)->0K(113664K) From: 768K(107008K)->30679K(30720K)
[639.199s][info][gc,heap        ] GC(2100) ParOldGen: 460597K(667648K)->460597K(667648K)
[639.199s][info][gc,metaspace   ] GC(2100) Metaspace: 19022K(19200K)->19022K(19200K) NonClass: 17192K(17344K)->17192K(17344K) Class: 1829K(1856K)->1829K(1856K)
[639.199s][info][gc             ] GC(2100) Pause Young (Allocation Failure) 561M->479M(793M) 55.730ms
[639.199s][info][gc,cpu         ] GC(2100) User=0.11s Sys=0.00s Real=0.06s
[639.345s][info][gc,start       ] GC(2101) Pause Young (Allocation Failure)
[639.397s][info][gc,heap        ] GC(2101) PSYoungGen: 144343K(144384K)->30670K(215552K) Eden: 113664K(113664K)->0K(122368K) From: 30679K(30720K)->30670K(93184K)
[639.397s][info][gc,heap        ] GC(2101) ParOldGen: 460597K(667648K)->460597K(667648K)
[639.397s][info][gc,metaspace   ] GC(2101) Metaspace: 19022K(19200K)->19022K(19200K) NonClass: 17192K(17344K)->17192K(17344K) Class: 1829K(1856K)->1829K(1856K)
[639.397s][info][gc             ] GC(2101) Pause Young (Allocation Failure) 590M->479M(862M) 52.539ms
[639.398s][info][gc,cpu         ] GC(2101) User=0.10s Sys=0.00s Real=0.06s
[639.553s][info][gc,start       ] GC(2102) Pause Young (Allocation Failure)
[639.605s][info][gc,heap        ] GC(2102) PSYoungGen: 153038K(215552K)->30670K(217600K) Eden: 122368K(122368K)->0K(122368K) From: 30670K(93184K)->30670K(95232K)
[639.605s][info][gc,heap        ] GC(2102) ParOldGen: 460597K(667648K)->460597K(667648K)
[639.605s][info][gc,metaspace   ] GC(2102) Metaspace: 19022K(19200K)->19022K(19200K) NonClass: 17192K(17344K)->17192K(17344K) Class: 1829K(1856K)->1829K(1856K)
[639.605s][info][gc             ] GC(2102) Pause Young (Allocation Failure) 599M->479M(864M) 52.039ms
[639.605s][info][gc,cpu         ] GC(2102) User=0.10s Sys=0.00s Real=0.05s
[639.765s][info][gc,start       ] GC(2103) Pause Young (Allocation Failure)
[639.817s][info][gc,heap        ] GC(2103) PSYoungGen: 153038K(217600K)->30670K(209408K) Eden: 122368K(122368K)->0K(131584K) From: 30670K(95232K)->30670K(77824K)
[639.817s][info][gc,heap        ] GC(2103) ParOldGen: 460597K(667648K)->460597K(667648K)
[639.817s][info][gc,metaspace   ] GC(2103) Metaspace: 19022K(19200K)->19022K(19200K) NonClass: 17192K(17344K)->17192K(17344K) Class: 1829K(1856K)->1829K(1856K)
[639.817s][info][gc             ] GC(2103) Pause Young (Allocation Failure) 599M->479M(856M) 52.124ms
[639.817s][info][gc,cpu         ] GC(2103) User=0.10s Sys=0.00s Real=0.06s
[639.983s][info][gc,start       ] GC(2104) Pause Young (Allocation Failure)
[640.035s][info][gc,heap        ] GC(2104) PSYoungGen: 162254K(209408K)->30670K(215040K) Eden: 131584K(131584K)->0K(131584K) From: 30670K(77824K)->30670K(83456K)
[640.035s][info][gc,heap        ] GC(2104) ParOldGen: 460597K(667648K)->460597K(667648K)
[640.035s][info][gc,metaspace   ] GC(2104) Metaspace: 19022K(19200K)->19022K(19200K) NonClass: 17192K(17344K)->17192K(17344K) Class: 1829K(1856K)->1829K(1856K)
[640.035s][info][gc             ] GC(2104) Pause Young (Allocation Failure) 608M->479M(862M) 51.879ms
[640.035s][info][gc,cpu         ] GC(2104) User=0.11s Sys=0.00s Real=0.05s
[640.203s][info][gc,start       ] GC(2105) Pause Young (Allocation Failure)
[640.256s][info][gc,heap        ] GC(2105) PSYoungGen: 162254K(215040K)->30670K(210944K) Eden: 131584K(131584K)->0K(141312K) From: 30670K(83456K)->30670K(69632K)
[640.256s][info][gc,heap        ] GC(2105) ParOldGen: 460597K(667648K)->460597K(667648K)
[640.256s][info][gc,metaspace   ] GC(2105) Metaspace: 19022K(19200K)->19022K(19200K) NonClass: 17192K(17344K)->17192K(17344K) Class: 1829K(1856K)->1829K(1856K)
[640.256s][info][gc             ] GC(2105) Pause Young (Allocation Failure) 608M->479M(858M) 52.343ms
[640.256s][info][gc,cpu         ] GC(2105) User=0.10s Sys=0.00s Real=0.05s
[640.435s][info][gc,start       ] GC(2106) Pause Young (Allocation Failure)
[640.486s][info][gc,heap        ] GC(2106) PSYoungGen: 171982K(210944K)->30670K(215552K) Eden: 141312K(141312K)->0K(141312K) From: 30670K(69632K)->30670K(74240K)
[640.486s][info][gc,heap        ] GC(2106) ParOldGen: 460597K(667648K)->460597K(667648K)
[640.486s][info][gc,metaspace   ] GC(2106) Metaspace: 19022K(19200K)->19022K(19200K) NonClass: 17192K(17344K)->17192K(17344K) Class: 1829K(1856K)->1829K(1856K)
[640.486s][info][gc             ] GC(2106) Pause Young (Allocation Failure) 617M->479M(862M) 51.118ms
[640.486s][info][gc,cpu         ] GC(2106) User=0.10s Sys=0.00s Real=0.05s
[640.670s][info][gc,start       ] GC(2107) Pause Young (Allocation Failure)
[640.722s][info][gc,heap        ] GC(2107) PSYoungGen: 171982K(215552K)->30679K(214016K) Eden: 141312K(141312K)->0K(151552K) From: 30670K(74240K)->30679K(62464K)
[640.722s][info][gc,heap        ] GC(2107) ParOldGen: 460597K(667648K)->460597K(667648K)
[640.722s][info][gc,metaspace   ] GC(2107) Metaspace: 19022K(19200K)->19022K(19200K) NonClass: 17192K(17344K)->17192K(17344K) Class: 1829K(1856K)->1829K(1856K)
[640.722s][info][gc             ] GC(2107) Pause Young (Allocation Failure) 617M->479M(861M) 51.916ms
[640.722s][info][gc,cpu         ] GC(2107) User=0.10s Sys=0.00s Real=0.05s
[640.871s][info][gc,start       ] GC(2108) Pause Young (Allocation Failure)
[640.941s][info][gc,heap        ] GC(2108) PSYoungGen: 182231K(214016K)->48622K(218112K) Eden: 151552K(151552K)->0K(151552K) From: 30679K(62464K)->48622K(66560K)
[640.941s][info][gc,heap        ] GC(2108) ParOldGen: 460597K(667648K)->460597K(667648K)
[640.941s][info][gc,metaspace   ] GC(2108) Metaspace: 19023K(19200K)->19023K(19200K) NonClass: 17193K(17344K)->17193K(17344K) Class: 1829K(1856K)->1829K(1856K)
[640.941s][info][gc             ] GC(2108) Pause Young (Allocation Failure) 627M->497M(865M) 70.046ms
[640.941s][info][gc,cpu         ] GC(2108) User=0.14s Sys=0.00s Real=0.07s
[641.065s][info][gc,start       ] GC(2109) Pause Young (Allocation Failure)
[641.153s][info][gc,heap        ] GC(2109) PSYoungGen: 200174K(218112K)->62606K(225792K) Eden: 151552K(151552K)->0K(156160K) From: 48622K(66560K)->62606K(69632K)
[641.153s][info][gc,heap        ] GC(2109) ParOldGen: 460597K(667648K)->460597K(667648K)
[641.153s][info][gc,metaspace   ] GC(2109) Metaspace: 19023K(19200K)->19023K(19200K) NonClass: 17193K(17344K)->17193K(17344K) Class: 1829K(1856K)->1829K(1856K)
[641.153s][info][gc             ] GC(2109) Pause Young (Allocation Failure) 645M->510M(872M) 88.365ms
[641.153s][info][gc,cpu         ] GC(2109) User=0.17s Sys=0.01s Real=0.09s
[641.278s][info][gc,start       ] GC(2110) Pause Young (Allocation Failure)
[641.361s][info][gc,heap        ] GC(2110) PSYoungGen: 218766K(225792K)->64407K(232960K) Eden: 156160K(156160K)->0K(156160K) From: 62606K(69632K)->64407K(76800K)
[641.361s][info][gc,heap        ] GC(2110) ParOldGen: 460597K(667648K)->460597K(667648K)
[641.361s][info][gc,metaspace   ] GC(2110) Metaspace: 19023K(19200K)->19023K(19200K) NonClass: 17193K(17344K)->17193K(17344K) Class: 1829K(1856K)->1829K(1856K)
[641.361s][info][gc             ] GC(2110) Pause Young (Allocation Failure) 663M->512M(879M) 82.889ms
[641.361s][info][gc,cpu         ] GC(2110) User=0.17s Sys=0.00s Real=0.08s
[641.487s][info][gc,start       ] GC(2111) Pause Young (Allocation Failure)
[641.580s][info][gc,heap        ] GC(2111) PSYoungGen: 220567K(232960K)->65934K(239616K) Eden: 156160K(156160K)->0K(156672K) From: 64407K(76800K)->65934K(82944K)
[641.580s][info][gc,heap        ] GC(2111) ParOldGen: 460597K(667648K)->460597K(667648K)
[641.580s][info][gc,metaspace   ] GC(2111) Metaspace: 19023K(19200K)->19023K(19200K) NonClass: 17193K(17344K)->17193K(17344K) Class: 1829K(1856K)->1829K(1856K)
[641.580s][info][gc             ] GC(2111) Pause Young (Allocation Failure) 665M->514M(886M) 93.670ms
[641.580s][info][gc,cpu         ] GC(2111) User=0.17s Sys=0.02s Real=0.09s
[641.734s][info][gc,start       ] GC(2112) Pause Young (Allocation Failure)
[641.826s][info][gc,heap        ] GC(2112) PSYoungGen: 222606K(239616K)->74414K(231424K) Eden: 156672K(156672K)->0K(156672K) From: 65934K(82944K)->74414K(74752K)
[641.826s][info][gc,heap        ] GC(2112) ParOldGen: 460597K(667648K)->460597K(667648K)
[641.826s][info][gc,metaspace   ] GC(2112) Metaspace: 19023K(19200K)->19023K(19200K) NonClass: 17194K(17344K)->17194K(17344K) Class: 1829K(1856K)->1829K(1856K)
[641.826s][info][gc             ] GC(2112) Pause Young (Allocation Failure) 667M->522M(878M) 91.742ms
[641.826s][info][gc,cpu         ] GC(2112) User=0.18s Sys=0.00s Real=0.09s
[642.118s][info][gc,start       ] GC(2113) Pause Young (Allocation Failure)
[642.213s][info][gc,heap        ] GC(2113) PSYoungGen: 231086K(231424K)->74638K(226304K) Eden: 156672K(156672K)->0K(130048K) From: 74414K(74752K)->74638K(96256K)
[642.213s][info][gc,heap        ] GC(2113) ParOldGen: 460597K(667648K)->460597K(667648K)
[642.213s][info][gc,metaspace   ] GC(2113) Metaspace: 19028K(19200K)->19028K(19200K) NonClass: 17199K(17344K)->17199K(17344K) Class: 1829K(1856K)->1829K(1856K)
[642.213s][info][gc             ] GC(2113) Pause Young (Allocation Failure) 675M->522M(873M) 94.835ms
[642.213s][info][gc,cpu         ] GC(2113) User=0.19s Sys=0.00s Real=0.09s
[642.454s][info][gc,start       ] GC(2114) Pause Young (Allocation Failure)
[642.549s][info][gc,heap        ] GC(2114) PSYoungGen: 204686K(226304K)->74062K(204288K) Eden: 130048K(130048K)->0K(130048K) From: 74638K(96256K)->74062K(74240K)
[642.549s][info][gc,heap        ] GC(2114) ParOldGen: 460597K(667648K)->461333K(667648K)
[642.549s][info][gc,metaspace   ] GC(2114) Metaspace: 19029K(19200K)->19029K(19200K) NonClass: 17200K(17344K)->17200K(17344K) Class: 1829K(1856K)->1829K(1856K)
[642.549s][info][gc             ] GC(2114) Pause Young (Allocation Failure) 649M->522M(851M) 95.628ms
[642.549s][info][gc,cpu         ] GC(2114) User=0.19s Sys=0.00s Real=0.10s
[642.775s][info][gc,start       ] GC(2115) Pause Young (Allocation Failure)
[642.859s][info][gc,heap        ] GC(2115) PSYoungGen: 204110K(204288K)->44160K(231936K) Eden: 130048K(130048K)->0K(125440K) From: 74062K(74240K)->44160K(106496K)
[642.859s][info][gc,heap        ] GC(2115) ParOldGen: 461333K(667648K)->491343K(667648K)
[642.859s][info][gc,metaspace   ] GC(2115) Metaspace: 19030K(19200K)->19030K(19200K) NonClass: 17200K(17344K)->17200K(17344K) Class: 1829K(1856K)->1829K(1856K)
[642.859s][info][gc             ] GC(2115) Pause Young (Allocation Failure) 649M->522M(878M) 83.680ms
[642.859s][info][gc,cpu         ] GC(2115) User=0.17s Sys=0.00s Real=0.09s
[643.090s][info][gc,start       ] GC(2116) Pause Young (Allocation Failure)
[643.133s][info][gc,heap        ] GC(2116) PSYoungGen: 169600K(231936K)->44160K(169984K) Eden: 125440K(125440K)->0K(125440K) From: 44160K(106496K)->44160K(44544K)
[643.133s][info][gc,heap        ] GC(2116) ParOldGen: 491343K(667648K)->491343K(667648K)
[643.133s][info][gc,metaspace   ] GC(2116) Metaspace: 19036K(19200K)->19036K(19200K) NonClass: 17206K(17344K)->17206K(17344K) Class: 1829K(1856K)->1829K(1856K)
[643.133s][info][gc             ] GC(2116) Pause Young (Allocation Failure) 645M->522M(818M) 43.433ms
[643.133s][info][gc,cpu         ] GC(2116) User=0.08s Sys=0.00s Real=0.04s
[643.299s][info][gc,start       ] GC(2117) Pause Young (Allocation Failure)
[643.354s][info][gc,heap        ] GC(2117) PSYoungGen: 169600K(169984K)->58176K(224768K) Eden: 125440K(125440K)->0K(126976K) From: 44160K(44544K)->58176K(97792K)
[643.354s][info][gc,heap        ] GC(2117) ParOldGen: 491343K(667648K)->491343K(667648K)
[643.354s][info][gc,metaspace   ] GC(2117) Metaspace: 19038K(19200K)->19038K(19200K) NonClass: 17209K(17344K)->17209K(17344K) Class: 1829K(1856K)->1829K(1856K)
[643.354s][info][gc             ] GC(2117) Pause Young (Allocation Failure) 645M->536M(871M) 55.414ms
[643.354s][info][gc,cpu         ] GC(2117) User=0.11s Sys=0.00s Real=0.05s
[643.487s][info][gc,start       ] GC(2118) Pause Young (Allocation Failure)
[643.545s][info][gc,heap        ] GC(2118) PSYoungGen: 185152K(224768K)->58176K(223232K) Eden: 126976K(126976K)->0K(126976K) From: 58176K(97792K)->58176K(96256K)
[643.545s][info][gc,heap        ] GC(2118) ParOldGen: 491343K(667648K)->491343K(667648K)
[643.545s][info][gc,metaspace   ] GC(2118) Metaspace: 19038K(19200K)->19038K(19200K) NonClass: 17209K(17344K)->17209K(17344K) Class: 1829K(1856K)->1829K(1856K)
[643.545s][info][gc             ] GC(2118) Pause Young (Allocation Failure) 660M->536M(870M) 58.117ms
[643.545s][info][gc,cpu         ] GC(2118) User=0.11s Sys=0.00s Real=0.05s
[643.661s][info][gc,start       ] GC(2119) Pause Young (Allocation Failure)
[643.740s][info][gc,heap        ] GC(2119) PSYoungGen: 185152K(223232K)->89696K(219648K) Eden: 126976K(126976K)->0K(124928K) From: 58176K(96256K)->89696K(94720K)
[643.740s][info][gc,heap        ] GC(2119) ParOldGen: 491343K(667648K)->491351K(667648K)
[643.740s][info][gc,metaspace   ] GC(2119) Metaspace: 19043K(19200K)->19043K(19200K) NonClass: 17213K(17344K)->17213K(17344K) Class: 1829K(1856K)->1829K(1856K)
[643.740s][info][gc             ] GC(2119) Pause Young (Allocation Failure) 660M->567M(866M) 79.535ms
[643.740s][info][gc,cpu         ] GC(2119) User=0.15s Sys=0.00s Real=0.08s
[643.879s][info][gc,start       ] GC(2120) Pause Young (Allocation Failure)
[643.972s][info][gc,heap        ] GC(2120) PSYoungGen: 214624K(219648K)->104432K(229376K) Eden: 124928K(124928K)->0K(124928K) From: 89696K(94720K)->104432K(104448K)
[643.972s][info][gc,heap        ] GC(2120) ParOldGen: 491351K(667648K)->502263K(667648K)
[643.972s][info][gc,metaspace   ] GC(2120) Metaspace: 19043K(19200K)->19043K(19200K) NonClass: 17213K(17344K)->17213K(17344K) Class: 1829K(1856K)->1829K(1856K)
[643.973s][info][gc             ] GC(2120) Pause Young (Allocation Failure) 689M->592M(876M) 93.987ms
[643.973s][info][gc,cpu         ] GC(2120) User=0.18s Sys=0.00s Real=0.09s
[644.149s][info][gc,start       ] GC(2121) Pause Young (Allocation Failure)
[644.265s][info][gc,heap        ] GC(2121) PSYoungGen: 229360K(229376K)->104432K(216064K) Eden: 124928K(124928K)->0K(111616K) From: 104432K(104448K)->104432K(104448K)
[644.265s][info][gc,heap        ] GC(2121) ParOldGen: 502263K(667648K)->516879K(667648K)
[644.265s][info][gc,metaspace   ] GC(2121) Metaspace: 19043K(19200K)->19043K(19200K) NonClass: 17213K(17344K)->17213K(17344K) Class: 1829K(1856K)->1829K(1856K)
[644.265s][info][gc             ] GC(2121) Pause Young (Allocation Failure) 714M->606M(863M) 115.754ms
[644.265s][info][gc,cpu         ] GC(2121) User=0.23s Sys=0.01s Real=0.11s
[644.411s][info][gc,start       ] GC(2122) Pause Young (Allocation Failure)
[644.506s][info][gc,heap        ] GC(2122) PSYoungGen: 216048K(216064K)->80688K(222720K) Eden: 111616K(111616K)->0K(111616K) From: 104432K(104448K)->80688K(111104K)
[644.506s][info][gc,heap        ] GC(2122) ParOldGen: 516879K(667648K)->540711K(667648K)
[644.506s][info][gc,metaspace   ] GC(2122) Metaspace: 19043K(19200K)->19043K(19200K) NonClass: 17213K(17344K)->17213K(17344K) Class: 1829K(1856K)->1829K(1856K)
[644.506s][info][gc             ] GC(2122) Pause Young (Allocation Failure) 715M->606M(869M) 95.259ms
[644.506s][info][gc,cpu         ] GC(2122) User=0.18s Sys=0.00s Real=0.09s
[644.653s][info][gc,start       ] GC(2123) Pause Young (Allocation Failure)
[644.731s][info][gc,heap        ] GC(2123) PSYoungGen: 192304K(222720K)->78448K(222720K) Eden: 111616K(111616K)->0K(111616K) From: 80688K(111104K)->78448K(111104K)
[644.731s][info][gc,heap        ] GC(2123) ParOldGen: 540711K(667648K)->543007K(667648K)
[644.731s][info][gc,metaspace   ] GC(2123) Metaspace: 19043K(19200K)->19043K(19200K) NonClass: 17213K(17344K)->17213K(17344K) Class: 1829K(1856K)->1829K(1856K)
[644.731s][info][gc             ] GC(2123) Pause Young (Allocation Failure) 715M->606M(869M) 78.147ms
[644.731s][info][gc,cpu         ] GC(2123) User=0.15s Sys=0.00s Real=0.08s
[644.879s][info][gc,start       ] GC(2124) Pause Young (Allocation Failure)
[644.952s][info][gc,heap        ] GC(2124) PSYoungGen: 190064K(222720K)->71696K(222720K) Eden: 111616K(111616K)->0K(111616K) From: 78448K(111104K)->71696K(111104K)
[644.952s][info][gc,heap        ] GC(2124) ParOldGen: 543007K(667648K)->549775K(667648K)
[644.952s][info][gc,metaspace   ] GC(2124) Metaspace: 19043K(19200K)->19043K(19200K) NonClass: 17213K(17344K)->17213K(17344K) Class: 1829K(1856K)->1829K(1856K)
[644.952s][info][gc             ] GC(2124) Pause Young (Allocation Failure) 715M->606M(869M) 73.187ms
[644.952s][info][gc,cpu         ] GC(2124) User=0.14s Sys=0.00s Real=0.07s
[645.097s][info][gc,start       ] GC(2125) Pause Young (Allocation Failure)
[645.168s][info][gc,heap        ] GC(2125) PSYoungGen: 183312K(222720K)->71568K(222720K) Eden: 111616K(111616K)->0K(111616K) From: 71696K(111104K)->71568K(111104K)
[645.168s][info][gc,heap        ] GC(2125) ParOldGen: 549775K(667648K)->549933K(667648K)
[645.168s][info][gc,metaspace   ] GC(2125) Metaspace: 19043K(19200K)->19043K(19200K) NonClass: 17213K(17344K)->17213K(17344K) Class: 1829K(1856K)->1829K(1856K)
[645.168s][info][gc             ] GC(2125) Pause Young (Allocation Failure) 715M->606M(869M) 71.906ms
[645.169s][info][gc,cpu         ] GC(2125) User=0.13s Sys=0.00s Real=0.07s
[645.313s][info][gc,start       ] GC(2126) Pause Young (Allocation Failure)
[645.378s][info][gc,heap        ] GC(2126) PSYoungGen: 183184K(222720K)->60752K(222720K) Eden: 111616K(111616K)->0K(111616K) From: 71568K(111104K)->60752K(111104K)
[645.378s][info][gc,heap        ] GC(2126) ParOldGen: 549933K(667648K)->560781K(667648K)
[645.378s][info][gc,metaspace   ] GC(2126) Metaspace: 19043K(19200K)->19043K(19200K) NonClass: 17213K(17344K)->17213K(17344K) Class: 1829K(1856K)->1829K(1856K)
[645.378s][info][gc             ] GC(2126) Pause Young (Allocation Failure) 715M->606M(869M) 64.337ms
[645.378s][info][gc,cpu         ] GC(2126) User=0.13s Sys=0.00s Real=0.07s
[645.526s][info][gc,start       ] GC(2127) Pause Young (Allocation Failure)
[645.579s][info][gc,heap        ] GC(2127) PSYoungGen: 172368K(222720K)->36192K(222720K) Eden: 111616K(111616K)->0K(111616K) From: 60752K(111104K)->36192K(111104K)
[645.579s][info][gc,heap        ] GC(2127) ParOldGen: 560781K(667648K)->585576K(667648K)
[645.579s][info][gc,metaspace   ] GC(2127) Metaspace: 19043K(19200K)->19043K(19200K) NonClass: 17213K(17344K)->17213K(17344K) Class: 1829K(1856K)->1829K(1856K)
[645.579s][info][gc             ] GC(2127) Pause Young (Allocation Failure) 715M->607M(869M) 53.604ms
[645.579s][info][gc,cpu         ] GC(2127) User=0.11s Sys=0.00s Real=0.06s
[645.723s][info][gc,start       ] GC(2128) Pause Young (Allocation Failure)
[645.762s][info][gc,heap        ] GC(2128) PSYoungGen: 147808K(222720K)->64K(222720K) Eden: 111616K(111616K)->0K(111616K) From: 36192K(111104K)->64K(111104K)
[645.762s][info][gc,heap        ] GC(2128) ParOldGen: 585576K(667648K)->622033K(667648K)
[645.762s][info][gc,metaspace   ] GC(2128) Metaspace: 19043K(19200K)->19043K(19200K) NonClass: 17213K(17344K)->17213K(17344K) Class: 1829K(1856K)->1829K(1856K)
[645.762s][info][gc             ] GC(2128) Pause Young (Allocation Failure) 716M->607M(869M) 39.087ms
[645.762s][info][gc,cpu         ] GC(2128) User=0.08s Sys=0.00s Real=0.04s
[645.906s][info][gc,start       ] GC(2129) Pause Full (Allocation Failure)
[645.906s][info][gc,phases,start] GC(2129) Marking Phase
[646.215s][info][gc,phases      ] GC(2129) Marking Phase 308.213ms
[646.215s][info][gc,phases,start] GC(2129) Summary Phase
[646.215s][info][gc,phases      ] GC(2129) Summary Phase 0.026ms
[646.215s][info][gc,phases,start] GC(2129) Forward
[646.311s][info][gc,phases      ] GC(2129) Forward 96.169ms
[646.311s][info][gc,phases,start] GC(2129) Adjust Pointers
[646.571s][info][gc,phases      ] GC(2129) Adjust Pointers 259.810ms
[646.571s][info][gc,phases,start] GC(2129) Compaction Phase
[646.706s][info][gc,phases      ] GC(2129) Compaction Phase 134.814ms
[646.719s][info][gc,phases,start] GC(2129) Post Compact
[646.721s][info][gc,phases      ] GC(2129) Post Compact 2.136ms
[646.721s][info][gc,heap        ] GC(2129) PSYoungGen: 111680K(222720K)->0K(222720K) Eden: 111616K(111616K)->0K(111616K) From: 64K(111104K)->0K(111104K)
[646.721s][info][gc,heap        ] GC(2129) ParOldGen: 622033K(667648K)->484607K(667648K)
[646.721s][info][gc,metaspace   ] GC(2129) Metaspace: 19043K(19200K)->19043K(19200K) NonClass: 17213K(17344K)->17213K(17344K) Class: 1829K(1856K)->1829K(1856K)
[646.721s][info][gc             ] GC(2129) Pause Full (Allocation Failure) 716M->473M(869M) 815.031ms
[646.721s][info][gc,cpu         ] GC(2129) User=1.53s Sys=0.00s Real=0.81s
[646.867s][info][gc,start       ] GC(2130) Pause Young (Allocation Failure)
[646.868s][info][gc,heap        ] GC(2130) PSYoungGen: 111616K(222720K)->64K(222720K) Eden: 111616K(111616K)->0K(111616K) From: 0K(111104K)->64K(111104K)
[646.868s][info][gc,heap        ] GC(2130) ParOldGen: 484607K(667648K)->484607K(667648K)
[646.868s][info][gc,metaspace   ] GC(2130) Metaspace: 19043K(19200K)->19043K(19200K) NonClass: 17213K(17344K)->17213K(17344K) Class: 1829K(1856K)->1829K(1856K)
[646.868s][info][gc             ] GC(2130) Pause Young (Allocation Failure) 582M->473M(869M) 1.771ms
[646.868s][info][gc,cpu         ] GC(2130) User=0.01s Sys=0.00s Real=0.00s
[646.978s][info][gc,start       ] GC(2131) Pause Young (Allocation Failure)
[646.995s][info][gc,heap        ] GC(2131) PSYoungGen: 111680K(222720K)->14176K(222720K) Eden: 111616K(111616K)->0K(111616K) From: 64K(111104K)->14176K(111104K)
[646.995s][info][gc,heap        ] GC(2131) ParOldGen: 484607K(667648K)->484607K(667648K)
[646.995s][info][gc,metaspace   ] GC(2131) Metaspace: 19043K(19200K)->19043K(19200K) NonClass: 17213K(17344K)->17213K(17344K) Class: 1829K(1856K)->1829K(1856K)
[646.995s][info][gc             ] GC(2131) Pause Young (Allocation Failure) 582M->487M(869M) 16.968ms
[646.995s][info][gc,cpu         ] GC(2131) User=0.04s Sys=0.00s Real=0.01s
[647.101s][info][gc,start       ] GC(2132) Pause Young (Allocation Failure)
[647.129s][info][gc,heap        ] GC(2132) PSYoungGen: 125792K(222720K)->26080K(222720K) Eden: 111616K(111616K)->0K(111616K) From: 14176K(111104K)->26080K(111104K)
[647.129s][info][gc,heap        ] GC(2132) ParOldGen: 484607K(667648K)->484607K(667648K)
[647.129s][info][gc,metaspace   ] GC(2132) Metaspace: 19043K(19200K)->19043K(19200K) NonClass: 17213K(17344K)->17213K(17344K) Class: 1829K(1856K)->1829K(1856K)
[647.129s][info][gc             ] GC(2132) Pause Young (Allocation Failure) 596M->498M(869M) 27.835ms
[647.129s][info][gc,cpu         ] GC(2132) User=0.05s Sys=0.00s Real=0.03s
[647.204s][info][gc,start       ] GC(2133) Pause Young (Allocation Failure)
[647.233s][info][gc,heap        ] GC(2133) PSYoungGen: 137696K(222720K)->28320K(222720K) Eden: 111616K(111616K)->0K(111616K) From: 26080K(111104K)->28320K(111104K)
[647.233s][info][gc,heap        ] GC(2133) ParOldGen: 484607K(667648K)->484615K(667648K)
[647.233s][info][gc,metaspace   ] GC(2133) Metaspace: 19043K(19200K)->19043K(19200K) NonClass: 17213K(17344K)->17213K(17344K) Class: 1829K(1856K)->1829K(1856K)
[647.233s][info][gc             ] GC(2133) Pause Young (Allocation Failure) 607M->500M(869M) 29.014ms
[647.233s][info][gc,cpu         ] GC(2133) User=0.06s Sys=0.00s Real=0.03s
[647.328s][info][gc,start       ] GC(2134) Pause Young (Allocation Failure)
[647.358s][info][gc,heap        ] GC(2134) PSYoungGen: 139936K(222720K)->2912K(222720K) Eden: 111616K(111616K)->0K(111616K) From: 28320K(111104K)->2912K(111104K)
[647.358s][info][gc,heap        ] GC(2134) ParOldGen: 484615K(667648K)->510743K(667648K)
[647.358s][info][gc,metaspace   ] GC(2134) Metaspace: 19043K(19200K)->19043K(19200K) NonClass: 17213K(17344K)->17213K(17344K) Class: 1829K(1856K)->1829K(1856K)
[647.358s][info][gc             ] GC(2134) Pause Young (Allocation Failure) 609M->501M(869M) 30.534ms
[647.358s][info][gc,cpu         ] GC(2134) User=0.06s Sys=0.00s Real=0.03s
[647.429s][info][gc,start       ] GC(2135) Pause Young (Allocation Failure)
[647.460s][info][gc,heap        ] GC(2135) PSYoungGen: 114528K(222720K)->22464K(222720K) Eden: 111616K(111616K)->0K(111616K) From: 2912K(111104K)->22464K(111104K)
[647.461s][info][gc,heap        ] GC(2135) ParOldGen: 510743K(667648K)->513639K(667648K)
[647.461s][info][gc,metaspace   ] GC(2135) Metaspace: 19043K(19200K)->19043K(19200K) NonClass: 17213K(17344K)->17213K(17344K) Class: 1829K(1856K)->1829K(1856K)
[647.461s][info][gc             ] GC(2135) Pause Young (Allocation Failure) 610M->523M(869M) 31.837ms
[647.461s][info][gc,cpu         ] GC(2135) User=0.06s Sys=0.00s Real=0.03s
[647.532s][info][gc,start       ] GC(2136) Pause Young (Allocation Failure)
[647.565s][info][gc,heap        ] GC(2136) PSYoungGen: 134080K(222720K)->6784K(222720K) Eden: 111616K(111616K)->0K(111616K) From: 22464K(111104K)->6784K(111104K)
[647.565s][info][gc,heap        ] GC(2136) ParOldGen: 513639K(667648K)->536151K(667648K)
[647.565s][info][gc,metaspace   ] GC(2136) Metaspace: 19043K(19200K)->19043K(19200K) NonClass: 17213K(17344K)->17213K(17344K) Class: 1829K(1856K)->1829K(1856K)
[647.565s][info][gc             ] GC(2136) Pause Young (Allocation Failure) 632M->530M(869M) 32.891ms
[647.565s][info][gc,cpu         ] GC(2136) User=0.07s Sys=0.00s Real=0.03s
[647.646s][info][gc,start       ] GC(2137) Pause Young (Allocation Failure)
[647.676s][info][gc,heap        ] GC(2137) PSYoungGen: 118400K(222720K)->20384K(214528K) Eden: 111616K(111616K)->0K(111616K) From: 6784K(111104K)->20384K(102912K)
[647.676s][info][gc,heap        ] GC(2137) ParOldGen: 536151K(667648K)->542951K(667648K)
[647.676s][info][gc,metaspace   ] GC(2137) Metaspace: 19043K(19200K)->19043K(19200K) NonClass: 17213K(17344K)->17213K(17344K) Class: 1829K(1856K)->1829K(1856K)
[647.676s][info][gc             ] GC(2137) Pause Young (Allocation Failure) 639M->550M(861M) 30.788ms
[647.676s][info][gc,cpu         ] GC(2137) User=0.06s Sys=0.00s Real=0.04s
[647.750s][info][gc,start       ] GC(2138) Pause Young (Allocation Failure)
[647.785s][info][gc,heap        ] GC(2138) PSYoungGen: 132000K(214528K)->31424K(218624K) Eden: 111616K(111616K)->0K(111616K) From: 20384K(102912K)->31424K(107008K)
[647.785s][info][gc,heap        ] GC(2138) ParOldGen: 542951K(667648K)->542951K(667648K)
[647.785s][info][gc,metaspace   ] GC(2138) Metaspace: 19043K(19200K)->19043K(19200K) NonClass: 17213K(17344K)->17213K(17344K) Class: 1829K(1856K)->1829K(1856K)
[647.785s][info][gc             ] GC(2138) Pause Young (Allocation Failure) 659M->560M(865M) 34.855ms
[647.785s][info][gc,cpu         ] GC(2138) User=0.07s Sys=0.01s Real=0.03s
[647.928s][info][gc,start       ] GC(2139) Pause Young (Allocation Failure)
[647.981s][info][gc,heap        ] GC(2139) PSYoungGen: 143040K(218624K)->52288K(222208K) Eden: 111616K(111616K)->0K(121856K) From: 31424K(107008K)->52288K(100352K)
[647.981s][info][gc,heap        ] GC(2139) ParOldGen: 542951K(667648K)->542951K(667648K)
[647.981s][info][gc,metaspace   ] GC(2139) Metaspace: 19043K(19200K)->19043K(19200K) NonClass: 17213K(17344K)->17213K(17344K) Class: 1829K(1856K)->1829K(1856K)
[647.981s][info][gc             ] GC(2139) Pause Young (Allocation Failure) 669M->581M(869M) 53.082ms
[647.981s][info][gc,cpu         ] GC(2139) User=0.11s Sys=0.00s Real=0.05s
[648.078s][info][gc,start       ] GC(2140) Pause Young (Allocation Failure)
[648.142s][info][gc,heap        ] GC(2140) PSYoungGen: 174144K(222208K)->64352K(222208K) Eden: 121856K(121856K)->0K(121856K) From: 52288K(100352K)->64352K(100352K)
[648.142s][info][gc,heap        ] GC(2140) ParOldGen: 542951K(667648K)->542951K(667648K)
[648.142s][info][gc,metaspace   ] GC(2140) Metaspace: 19043K(19200K)->19043K(19200K) NonClass: 17213K(17344K)->17213K(17344K) Class: 1829K(1856K)->1829K(1856K)
[648.142s][info][gc             ] GC(2140) Pause Young (Allocation Failure) 700M->593M(869M) 64.050ms
[648.142s][info][gc,cpu         ] GC(2140) User=0.12s Sys=0.00s Real=0.06s
[648.246s][info][gc,start       ] GC(2141) Pause Young (Allocation Failure)
[648.316s][info][gc,heap        ] GC(2141) PSYoungGen: 186208K(222208K)->67136K(221184K) Eden: 121856K(121856K)->0K(116736K) From: 64352K(100352K)->67136K(104448K)
[648.316s][info][gc,heap        ] GC(2141) ParOldGen: 542951K(667648K)->542951K(667648K)
[648.316s][info][gc,metaspace   ] GC(2141) Metaspace: 19043K(19200K)->19043K(19200K) NonClass: 17213K(17344K)->17213K(17344K) Class: 1829K(1856K)->1829K(1856K)
[648.316s][info][gc             ] GC(2141) Pause Young (Allocation Failure) 712M->595M(868M) 69.775ms
[648.316s][info][gc,cpu         ] GC(2141) User=0.14s Sys=0.00s Real=0.07s
[648.440s][info][gc,start       ] GC(2142) Pause Young (Allocation Failure)
[648.509s][info][gc,heap        ] GC(2142) PSYoungGen: 183872K(221184K)->46912K(163840K) Eden: 116736K(116736K)->0K(116736K) From: 67136K(104448K)->46912K(47104K)
[648.509s][info][gc,heap        ] GC(2142) ParOldGen: 542951K(667648K)->563439K(667648K)
[648.509s][info][gc,metaspace   ] GC(2142) Metaspace: 19043K(19200K)->19043K(19200K) NonClass: 17213K(17344K)->17213K(17344K) Class: 1829K(1856K)->1829K(1856K)
[648.509s][info][gc             ] GC(2142) Pause Young (Allocation Failure) 709M->596M(812M) 68.935ms
[648.509s][info][gc,cpu         ] GC(2142) User=0.13s Sys=0.00s Real=0.07s
[648.618s][info][gc,start       ] GC(2143) Pause Young (Allocation Failure)
[648.671s][info][gc,heap        ] GC(2143) PSYoungGen: 163648K(163840K)->37184K(227328K) Eden: 116736K(116736K)->0K(125952K) From: 46912K(47104K)->37184K(101376K)
[648.671s][info][gc,heap        ] GC(2143) ParOldGen: 563439K(667648K)->574511K(667648K)
[648.671s][info][gc,metaspace   ] GC(2143) Metaspace: 19043K(19200K)->19043K(19200K) NonClass: 17213K(17344K)->17213K(17344K) Class: 1829K(1856K)->1829K(1856K)
[648.671s][info][gc             ] GC(2143) Pause Young (Allocation Failure) 710M->597M(874M) 53.299ms
[648.671s][info][gc,cpu         ] GC(2143) User=0.10s Sys=0.00s Real=0.05s
[648.804s][info][gc,start       ] GC(2144) Pause Young (Allocation Failure)
[648.850s][info][gc,heap        ] GC(2144) PSYoungGen: 163136K(227328K)->20352K(224768K) Eden: 125952K(125952K)->0K(125952K) From: 37184K(101376K)->20352K(98816K)
[648.850s][info][gc,heap        ] GC(2144) ParOldGen: 574511K(667648K)->595439K(667648K)
[648.850s][info][gc,metaspace   ] GC(2144) Metaspace: 19043K(19200K)->19043K(19200K) NonClass: 17213K(17344K)->17213K(17344K) Class: 1829K(1856K)->1829K(1856K)
[648.850s][info][gc             ] GC(2144) Pause Young (Allocation Failure) 720M->601M(871M) 45.501ms
[648.850s][info][gc,cpu         ] GC(2144) User=0.09s Sys=0.00s Real=0.05s
[648.961s][info][gc,start       ] GC(2145) Pause Young (Allocation Failure)
[648.985s][info][gc,heap        ] GC(2145) PSYoungGen: 146304K(224768K)->7744K(230912K) Eden: 125952K(125952K)->0K(134144K) From: 20352K(98816K)->7744K(96768K)
[648.985s][info][gc,heap        ] GC(2145) ParOldGen: 595439K(667648K)->607591K(667648K)
[648.985s][info][gc,metaspace   ] GC(2145) Metaspace: 19043K(19200K)->19043K(19200K) NonClass: 17213K(17344K)->17213K(17344K) Class: 1829K(1856K)->1829K(1856K)
[648.985s][info][gc             ] GC(2145) Pause Young (Allocation Failure) 724M->600M(877M) 23.552ms
[648.985s][info][gc,cpu         ] GC(2145) User=0.05s Sys=0.00s Real=0.02s
[649.171s][info][gc,start       ] GC(2146) Pause Young (Allocation Failure)
[649.198s][info][gc,heap        ] GC(2146) PSYoungGen: 141888K(230912K)->23936K(230400K) Eden: 134144K(134144K)->0K(134144K) From: 7744K(96768K)->23936K(96256K)
[649.198s][info][gc,heap        ] GC(2146) ParOldGen: 607591K(667648K)->607591K(667648K)
[649.198s][info][gc,metaspace   ] GC(2146) Metaspace: 19043K(19200K)->19043K(19200K) NonClass: 17213K(17344K)->17213K(17344K) Class: 1829K(1856K)->1829K(1856K)
[649.198s][info][gc             ] GC(2146) Pause Young (Allocation Failure) 731M->616M(877M) 27.080ms
[649.198s][info][gc,cpu         ] GC(2146) User=0.05s Sys=0.00s Real=0.03s
[649.367s][info][gc,start       ] GC(2147) Pause Young (Allocation Failure)
[649.416s][info][gc,heap        ] GC(2147) PSYoungGen: 158080K(230400K)->50640K(232448K) Eden: 134144K(134144K)->0K(140288K) From: 23936K(96256K)->50640K(92160K)
[649.416s][info][gc,heap        ] GC(2147) ParOldGen: 607591K(667648K)->607591K(667648K)
[649.416s][info][gc,metaspace   ] GC(2147) Metaspace: 19043K(19200K)->19043K(19200K) NonClass: 17213K(17344K)->17213K(17344K) Class: 1829K(1856K)->1829K(1856K)
[649.416s][info][gc             ] GC(2147) Pause Young (Allocation Failure) 747M->642M(879M) 48.778ms
[649.416s][info][gc,cpu         ] GC(2147) User=0.10s Sys=0.00s Real=0.04s
[649.546s][info][gc,start       ] GC(2148) Pause Young (Allocation Failure)
[649.636s][info][gc,heap        ] GC(2148) PSYoungGen: 190928K(232448K)->92648K(232960K) Eden: 140288K(140288K)->0K(140288K) From: 50640K(92160K)->92648K(92672K)
[649.636s][info][gc,heap        ] GC(2148) ParOldGen: 607591K(667648K)->623039K(667648K)
[649.636s][info][gc,metaspace   ] GC(2148) Metaspace: 19043K(19200K)->19043K(19200K) NonClass: 17213K(17344K)->17213K(17344K) Class: 1829K(1856K)->1829K(1856K)
[649.636s][info][gc             ] GC(2148) Pause Young (Allocation Failure) 779M->698M(879M) 90.460ms
[649.636s][info][gc,cpu         ] GC(2148) User=0.18s Sys=0.00s Real=0.09s
[649.740s][info][gc,start       ] GC(2149) Pause Young (Allocation Failure)
[649.826s][info][gc,heap        ] GC(2149) PSYoungGen: 232936K(232960K)->97384K(212480K) Eden: 140288K(140288K)->0K(111616K) From: 92648K(92672K)->97384K(100864K)
[649.826s][info][gc,heap        ] GC(2149) ParOldGen: 623039K(667648K)->625933K(667648K)
[649.826s][info][gc,metaspace   ] GC(2149) Metaspace: 19043K(19200K)->19043K(19200K) NonClass: 17213K(17344K)->17213K(17344K) Class: 1829K(1856K)->1829K(1856K)
[649.826s][info][gc             ] GC(2149) Pause Young (Allocation Failure) 835M->706M(859M) 85.265ms
[649.826s][info][gc,cpu         ] GC(2149) User=0.17s Sys=0.00s Real=0.08s
[649.928s][info][gc,start       ] GC(2150) Pause Young (Allocation Failure)
[650.010s][info][gc,heap        ] GC(2150) PSYoungGen: 209000K(212480K)->94448K(222720K) Eden: 111616K(111616K)->0K(111616K) From: 97384K(100864K)->94448K(111104K)
[650.010s][info][gc,heap        ] GC(2150) ParOldGen: 625933K(667648K)->630757K(667648K)
[650.010s][info][gc,metaspace   ] GC(2150) Metaspace: 19043K(19200K)->19043K(19200K) NonClass: 17213K(17344K)->17213K(17344K) Class: 1829K(1856K)->1829K(1856K)
[650.010s][info][gc             ] GC(2150) Pause Young (Allocation Failure) 815M->708M(869M) 82.021ms
[650.010s][info][gc,cpu         ] GC(2150) User=0.16s Sys=0.00s Real=0.08s
[650.160s][info][gc,start       ] GC(2151) Pause Young (Allocation Failure)
[650.236s][info][gc,heap        ] GC(2151) PSYoungGen: 206064K(222720K)->78432K(222720K) Eden: 111616K(111616K)->0K(111616K) From: 94448K(111104K)->78432K(111104K)
[650.236s][info][gc,heap        ] GC(2151) ParOldGen: 630757K(667648K)->647061K(667648K)
[650.236s][info][gc,metaspace   ] GC(2151) Metaspace: 19043K(19200K)->19043K(19200K) NonClass: 17213K(17344K)->17213K(17344K) Class: 1829K(1856K)->1829K(1856K)
[650.236s][info][gc             ] GC(2151) Pause Young (Allocation Failure) 817M->708M(869M) 76.231ms
[650.236s][info][gc,cpu         ] GC(2151) User=0.15s Sys=0.00s Real=0.07s
[650.399s][info][gc,start       ] GC(2152) Pause Full (Allocation Failure)
[650.399s][info][gc,phases,start] GC(2152) Marking Phase
[650.896s][info][gc,phases      ] GC(2152) Marking Phase 496.427ms
[650.896s][info][gc,phases,start] GC(2152) Summary Phase
[650.896s][info][gc,phases      ] GC(2152) Summary Phase 0.029ms
[650.896s][info][gc,phases,start] GC(2152) Forward
[651.025s][info][gc,phases      ] GC(2152) Forward 129.226ms
[651.025s][info][gc,phases,start] GC(2152) Adjust Pointers
[651.405s][info][gc,phases      ] GC(2152) Adjust Pointers 379.757ms
[651.405s][info][gc,phases,start] GC(2152) Compaction Phase
[651.593s][info][gc,phases      ] GC(2152) Compaction Phase 188.000ms
[651.607s][info][gc,phases,start] GC(2152) Post Compact
[651.609s][info][gc,phases      ] GC(2152) Post Compact 2.397ms
[651.609s][info][gc,heap        ] GC(2152) PSYoungGen: 190048K(222720K)->23545K(222720K) Eden: 111616K(111616K)->0K(111616K) From: 78432K(111104K)->23545K(111104K)
[651.609s][info][gc,heap        ] GC(2152) ParOldGen: 647061K(667648K)->667608K(667648K)
[651.609s][info][gc,metaspace   ] GC(2152) Metaspace: 19043K(19200K)->19043K(19200K) NonClass: 17213K(17344K)->17213K(17344K) Class: 1829K(1856K)->1829K(1856K)
[651.609s][info][gc             ] GC(2152) Pause Full (Allocation Failure) 817M->674M(869M) 1209.945ms
[651.609s][info][gc,cpu         ] GC(2152) User=2.34s Sys=0.01s Real=1.21s
[651.808s][info][gc,start       ] GC(2153) Pause Full (Allocation Failure)
[651.808s][info][gc,phases,start] GC(2153) Marking Phase
[652.308s][info][gc,phases      ] GC(2153) Marking Phase 499.913ms
[652.308s][info][gc,phases,start] GC(2153) Summary Phase
[652.308s][info][gc,phases      ] GC(2153) Summary Phase 0.026ms
[652.308s][info][gc,phases,start] GC(2153) Forward
[652.328s][info][gc,phases      ] GC(2153) Forward 20.204ms
[652.328s][info][gc,phases,start] GC(2153) Adjust Pointers
[652.668s][info][gc,phases      ] GC(2153) Adjust Pointers 340.054ms
[652.668s][info][gc,phases,start] GC(2153) Compaction Phase
[652.810s][info][gc,phases      ] GC(2153) Compaction Phase 141.766ms
[652.810s][info][gc,phases,start] GC(2153) Post Compact
[652.813s][info][gc,phases      ] GC(2153) Post Compact 2.276ms
[652.813s][info][gc,heap        ] GC(2153) PSYoungGen: 135161K(222720K)->24027K(222720K) Eden: 111616K(111616K)->24027K(111616K) From: 23545K(111104K)->0K(111104K)
[652.813s][info][gc,heap        ] GC(2153) ParOldGen: 667608K(667648K)->667645K(667648K)
[652.813s][info][gc,metaspace   ] GC(2153) Metaspace: 19043K(19200K)->19043K(19200K) NonClass: 17214K(17344K)->17214K(17344K) Class: 1829K(1856K)->1829K(1856K)
[652.813s][info][gc             ] GC(2153) Pause Full (Allocation Failure) 783M->675M(869M) 1004.717ms
[652.813s][info][gc,cpu         ] GC(2153) User=1.97s Sys=0.00s Real=1.00s
[652.889s][info][gc,start       ] GC(2154) Pause Full (Allocation Failure)
[652.889s][info][gc,phases,start] GC(2154) Marking Phase
[653.380s][info][gc,phases      ] GC(2154) Marking Phase 490.861ms
[653.380s][info][gc,phases,start] GC(2154) Summary Phase
[653.380s][info][gc,phases      ] GC(2154) Summary Phase 0.027ms
[653.380s][info][gc,phases,start] GC(2154) Forward
[653.504s][info][gc,phases      ] GC(2154) Forward 124.065ms
[653.504s][info][gc,phases,start] GC(2154) Adjust Pointers
[653.905s][info][gc,phases      ] GC(2154) Adjust Pointers 400.765ms
[653.905s][info][gc,phases,start] GC(2154) Compaction Phase
[654.072s][info][gc,phases      ] GC(2154) Compaction Phase 166.640ms
[654.088s][info][gc,phases,start] GC(2154) Post Compact
[654.090s][info][gc,phases      ] GC(2154) Post Compact 2.314ms
[654.090s][info][gc,heap        ] GC(2154) PSYoungGen: 111616K(222720K)->25068K(222720K) Eden: 111616K(111616K)->25068K(111616K) From: 0K(111104K)->0K(111104K)
[654.090s][info][gc,heap        ] GC(2154) ParOldGen: 667645K(667648K)->667645K(667648K)
[654.090s][info][gc,metaspace   ] GC(2154) Metaspace: 19043K(19200K)->19043K(19200K) NonClass: 17214K(17344K)->17214K(17344K) Class: 1829K(1856K)->1829K(1856K)
[654.091s][info][gc             ] GC(2154) Pause Full (Allocation Failure) 760M->676M(869M) 1201.590ms
[654.091s][info][gc,cpu         ] GC(2154) User=2.34s Sys=0.01s Real=1.20s
[654.158s][info][gc,start       ] GC(2155) Pause Full (Allocation Failure)
[654.158s][info][gc,phases,start] GC(2155) Marking Phase
[654.661s][info][gc,phases      ] GC(2155) Marking Phase 503.325ms
[654.661s][info][gc,phases,start] GC(2155) Summary Phase
[654.661s][info][gc,phases      ] GC(2155) Summary Phase 0.027ms
[654.661s][info][gc,phases,start] GC(2155) Forward
[654.672s][info][gc,phases      ] GC(2155) Forward 10.475ms
[654.672s][info][gc,phases,start] GC(2155) Adjust Pointers
[655.008s][info][gc,phases      ] GC(2155) Adjust Pointers 336.334ms
[655.008s][info][gc,phases,start] GC(2155) Compaction Phase
[655.142s][info][gc,phases      ] GC(2155) Compaction Phase 133.393ms
[655.142s][info][gc,phases,start] GC(2155) Post Compact
[655.144s][info][gc,phases      ] GC(2155) Post Compact 2.218ms
[655.144s][info][gc,heap        ] GC(2155) PSYoungGen: 111616K(222720K)->25712K(222720K) Eden: 111616K(111616K)->25712K(111616K) From: 0K(111104K)->0K(111104K)
[655.144s][info][gc,heap        ] GC(2155) ParOldGen: 667645K(667648K)->667645K(667648K)
[655.144s][info][gc,metaspace   ] GC(2155) Metaspace: 19043K(19200K)->19043K(19200K) NonClass: 17214K(17344K)->17214K(17344K) Class: 1829K(1856K)->1829K(1856K)
[655.144s][info][gc             ] GC(2155) Pause Full (Allocation Failure) 760M->677M(869M) 986.216ms
[655.144s][info][gc,cpu         ] GC(2155) User=1.93s Sys=0.00s Real=0.98s
[655.234s][info][gc,start       ] GC(2156) Pause Full (Allocation Failure)
[655.234s][info][gc,phases,start] GC(2156) Marking Phase
[655.722s][info][gc,phases      ] GC(2156) Marking Phase 488.372ms
[655.722s][info][gc,phases,start] GC(2156) Summary Phase
[655.722s][info][gc,phases      ] GC(2156) Summary Phase 0.025ms
[655.722s][info][gc,phases,start] GC(2156) Forward
[655.730s][info][gc,phases      ] GC(2156) Forward 8.286ms
[655.730s][info][gc,phases,start] GC(2156) Adjust Pointers
[656.063s][info][gc,phases      ] GC(2156) Adjust Pointers 332.232ms
[656.063s][info][gc,phases,start] GC(2156) Compaction Phase
[656.197s][info][gc,phases      ] GC(2156) Compaction Phase 134.119ms
[656.197s][info][gc,phases,start] GC(2156) Post Compact
[656.199s][info][gc,phases      ] GC(2156) Post Compact 2.206ms
[656.199s][info][gc,heap        ] GC(2156) PSYoungGen: 111616K(222720K)->26683K(222720K) Eden: 111616K(111616K)->26683K(111616K) From: 0K(111104K)->0K(111104K)
[656.199s][info][gc,heap        ] GC(2156) ParOldGen: 667645K(667648K)->667645K(667648K)
[656.199s][info][gc,metaspace   ] GC(2156) Metaspace: 19043K(19200K)->19043K(19200K) NonClass: 17214K(17344K)->17214K(17344K) Class: 1829K(1856K)->1829K(1856K)
[656.199s][info][gc             ] GC(2156) Pause Full (Allocation Failure) 760M->678M(869M) 965.643ms
[656.199s][info][gc,cpu         ] GC(2156) User=1.89s Sys=0.01s Real=0.97s
[656.372s][info][gc,start       ] GC(2157) Pause Full (Allocation Failure)
[656.372s][info][gc,phases,start] GC(2157) Marking Phase
[656.875s][info][gc,phases      ] GC(2157) Marking Phase 502.411ms
[656.875s][info][gc,phases,start] GC(2157) Summary Phase
[656.875s][info][gc,phases      ] GC(2157) Summary Phase 0.028ms
[656.875s][info][gc,phases,start] GC(2157) Forward
[657.003s][info][gc,phases      ] GC(2157) Forward 128.097ms
[657.003s][info][gc,phases,start] GC(2157) Adjust Pointers
[657.412s][info][gc,phases      ] GC(2157) Adjust Pointers 409.270ms
[657.412s][info][gc,phases,start] GC(2157) Compaction Phase
[657.606s][info][gc,phases      ] GC(2157) Compaction Phase 193.253ms
[657.622s][info][gc,phases,start] GC(2157) Post Compact
[657.625s][info][gc,phases      ] GC(2157) Post Compact 2.283ms
[657.625s][info][gc,heap        ] GC(2157) PSYoungGen: 111616K(222720K)->43019K(222720K) Eden: 111616K(111616K)->43019K(111616K) From: 0K(111104K)->0K(111104K)
[657.625s][info][gc,heap        ] GC(2157) ParOldGen: 667645K(667648K)->667564K(667648K)
[657.625s][info][gc,metaspace   ] GC(2157) Metaspace: 19043K(19200K)->19043K(19200K) NonClass: 17214K(17344K)->17214K(17344K) Class: 1829K(1856K)->1829K(1856K)
[657.625s][info][gc             ] GC(2157) Pause Full (Allocation Failure) 760M->693M(869M) 1252.443ms
[657.625s][info][gc,cpu         ] GC(2157) User=2.44s Sys=0.00s Real=1.25s
[657.768s][info][gc,start       ] GC(2158) Pause Full (Allocation Failure)
[657.768s][info][gc,phases,start] GC(2158) Marking Phase
[658.285s][info][gc,phases      ] GC(2158) Marking Phase 517.639ms
[658.285s][info][gc,phases,start] GC(2158) Summary Phase
[658.286s][info][gc,phases      ] GC(2158) Summary Phase 0.024ms
[658.286s][info][gc,phases,start] GC(2158) Forward
[658.322s][info][gc,phases      ] GC(2158) Forward 36.570ms
[658.322s][info][gc,phases,start] GC(2158) Adjust Pointers
[658.685s][info][gc,phases      ] GC(2158) Adjust Pointers 363.018ms
[658.685s][info][gc,phases,start] GC(2158) Compaction Phase
[658.828s][info][gc,phases      ] GC(2158) Compaction Phase 143.060ms
[658.830s][info][gc,phases,start] GC(2158) Post Compact
[658.832s][info][gc,phases      ] GC(2158) Post Compact 2.241ms
[658.832s][info][gc,heap        ] GC(2158) PSYoungGen: 111616K(222720K)->49680K(222720K) Eden: 111616K(111616K)->49680K(111616K) From: 0K(111104K)->0K(111104K)
[658.832s][info][gc,heap        ] GC(2158) ParOldGen: 667564K(667648K)->667540K(667648K)
[658.832s][info][gc,metaspace   ] GC(2158) Metaspace: 19043K(19200K)->19043K(19200K) NonClass: 17214K(17344K)->17214K(17344K) Class: 1829K(1856K)->1829K(1856K)
[658.832s][info][gc             ] GC(2158) Pause Full (Allocation Failure) 760M->700M(869M) 1064.425ms
[658.832s][info][gc,cpu         ] GC(2158) User=2.08s Sys=0.00s Real=1.06s
[658.905s][info][gc,start       ] GC(2159) Pause Full (Allocation Failure)
[658.905s][info][gc,phases,start] GC(2159) Marking Phase
[659.417s][info][gc,phases      ] GC(2159) Marking Phase 511.211ms
[659.417s][info][gc,phases,start] GC(2159) Summary Phase
[659.417s][info][gc,phases      ] GC(2159) Summary Phase 0.027ms
[659.417s][info][gc,phases,start] GC(2159) Forward
[659.513s][info][gc,phases      ] GC(2159) Forward 95.777ms
[659.513s][info][gc,phases,start] GC(2159) Adjust Pointers
[659.898s][info][gc,phases      ] GC(2159) Adjust Pointers 385.399ms
[659.898s][info][gc,phases,start] GC(2159) Compaction Phase
[660.058s][info][gc,phases      ] GC(2159) Compaction Phase 160.256ms
[660.073s][info][gc,phases,start] GC(2159) Post Compact
[660.075s][info][gc,phases      ] GC(2159) Post Compact 2.266ms
[660.076s][info][gc,heap        ] GC(2159) PSYoungGen: 111616K(222720K)->58797K(222720K) Eden: 111616K(111616K)->58797K(111616K) From: 0K(111104K)->0K(111104K)
[660.076s][info][gc,heap        ] GC(2159) ParOldGen: 667540K(667648K)->667540K(667648K)
[660.076s][info][gc,metaspace   ] GC(2159) Metaspace: 19043K(19200K)->19043K(19200K) NonClass: 17214K(17344K)->17214K(17344K) Class: 1829K(1856K)->1829K(1856K)
[660.076s][info][gc             ] GC(2159) Pause Full (Allocation Failure) 760M->709M(869M) 1170.190ms
[660.076s][info][gc,cpu         ] GC(2159) User=2.28s Sys=0.01s Real=1.17s
[660.123s][info][gc,start       ] GC(2160) Pause Full (Allocation Failure)
[660.123s][info][gc,phases,start] GC(2160) Marking Phase
[660.641s][info][gc,phases      ] GC(2160) Marking Phase 517.889ms
[660.641s][info][gc,phases,start] GC(2160) Summary Phase
[660.641s][info][gc,phases      ] GC(2160) Summary Phase 0.024ms
[660.641s][info][gc,phases,start] GC(2160) Forward
[660.663s][info][gc,phases      ] GC(2160) Forward 21.872ms
[660.663s][info][gc,phases,start] GC(2160) Adjust Pointers
[661.020s][info][gc,phases      ] GC(2160) Adjust Pointers 356.630ms
[661.020s][info][gc,phases,start] GC(2160) Compaction Phase
[661.168s][info][gc,phases      ] GC(2160) Compaction Phase 147.775ms
[661.168s][info][gc,phases,start] GC(2160) Post Compact
[661.170s][info][gc,phases      ] GC(2160) Post Compact 2.216ms
[661.170s][info][gc,heap        ] GC(2160) PSYoungGen: 111616K(222720K)->68886K(222720K) Eden: 111616K(111616K)->68886K(111616K) From: 0K(111104K)->0K(111104K)
[661.170s][info][gc,heap        ] GC(2160) ParOldGen: 667540K(667648K)->667540K(667648K)
[661.170s][info][gc,metaspace   ] GC(2160) Metaspace: 19043K(19200K)->19043K(19200K) NonClass: 17214K(17344K)->17214K(17344K) Class: 1829K(1856K)->1829K(1856K)
[661.170s][info][gc             ] GC(2160) Pause Full (Allocation Failure) 760M->719M(869M) 1046.771ms
[661.170s][info][gc,cpu         ] GC(2160) User=2.04s Sys=0.00s Real=1.05s
[661.217s][info][gc,start       ] GC(2161) Pause Full (Allocation Failure)
[661.217s][info][gc,phases,start] GC(2161) Marking Phase
[661.743s][info][gc,phases      ] GC(2161) Marking Phase 525.134ms
[661.743s][info][gc,phases,start] GC(2161) Summary Phase
[661.743s][info][gc,phases      ] GC(2161) Summary Phase 0.026ms
[661.743s][info][gc,phases,start] GC(2161) Forward
[661.765s][info][gc,phases      ] GC(2161) Forward 22.063ms
[661.765s][info][gc,phases,start] GC(2161) Adjust Pointers
[662.127s][info][gc,phases      ] GC(2161) Adjust Pointers 362.661ms
[662.128s][info][gc,phases,start] GC(2161) Compaction Phase
[662.273s][info][gc,phases      ] GC(2161) Compaction Phase 145.478ms
[662.273s][info][gc,phases,start] GC(2161) Post Compact
[662.275s][info][gc,phases      ] GC(2161) Post Compact 2.233ms
[662.275s][info][gc,heap        ] GC(2161) PSYoungGen: 111616K(222720K)->76954K(222720K) Eden: 111616K(111616K)->76954K(111616K) From: 0K(111104K)->0K(111104K)
[662.275s][info][gc,heap        ] GC(2161) ParOldGen: 667540K(667648K)->667540K(667648K)
[662.275s][info][gc,metaspace   ] GC(2161) Metaspace: 19043K(19200K)->19043K(19200K) NonClass: 17214K(17344K)->17214K(17344K) Class: 1829K(1856K)->1829K(1856K)
[662.275s][info][gc             ] GC(2161) Pause Full (Allocation Failure) 760M->727M(869M) 1058.018ms
[662.275s][info][gc,cpu         ] GC(2161) User=2.07s Sys=0.00s Real=1.05s
[662.331s][info][gc,start       ] GC(2162) Pause Full (Allocation Failure)
[662.331s][info][gc,phases,start] GC(2162) Marking Phase
[662.872s][info][gc,phases      ] GC(2162) Marking Phase 540.788ms
[662.872s][info][gc,phases,start] GC(2162) Summary Phase
[662.872s][info][gc,phases      ] GC(2162) Summary Phase 0.023ms
[662.872s][info][gc,phases,start] GC(2162) Forward
[662.894s][info][gc,phases      ] GC(2162) Forward 22.620ms
[662.894s][info][gc,phases,start] GC(2162) Adjust Pointers
[663.259s][info][gc,phases      ] GC(2162) Adjust Pointers 364.538ms
[663.259s][info][gc,phases,start] GC(2162) Compaction Phase
[663.407s][info][gc,phases      ] GC(2162) Compaction Phase 147.778ms
[663.407s][info][gc,phases,start] GC(2162) Post Compact
[663.409s][info][gc,phases      ] GC(2162) Post Compact 2.211ms
[663.409s][info][gc,heap        ] GC(2162) PSYoungGen: 111616K(222720K)->77657K(222720K) Eden: 111616K(111616K)->77657K(111616K) From: 0K(111104K)->0K(111104K)
[663.409s][info][gc,heap        ] GC(2162) ParOldGen: 667540K(667648K)->667540K(667648K)
[663.409s][info][gc,metaspace   ] GC(2162) Metaspace: 19043K(19200K)->19043K(19200K) NonClass: 17214K(17344K)->17214K(17344K) Class: 1829K(1856K)->1829K(1856K)
[663.409s][info][gc             ] GC(2162) Pause Full (Allocation Failure) 760M->727M(869M) 1078.404ms
[663.409s][info][gc,cpu         ] GC(2162) User=2.10s Sys=0.00s Real=1.08s
[663.437s][info][gc,start       ] GC(2163) Pause Full (Allocation Failure)
[663.437s][info][gc,phases,start] GC(2163) Marking Phase
[663.973s][info][gc,phases      ] GC(2163) Marking Phase 535.571ms
[663.973s][info][gc,phases,start] GC(2163) Summary Phase
[663.973s][info][gc,phases      ] GC(2163) Summary Phase 0.023ms
[663.973s][info][gc,phases,start] GC(2163) Forward
[663.995s][info][gc,phases      ] GC(2163) Forward 22.402ms
[663.996s][info][gc,phases,start] GC(2163) Adjust Pointers
[664.359s][info][gc,phases      ] GC(2163) Adjust Pointers 363.726ms
[664.359s][info][gc,phases,start] GC(2163) Compaction Phase
[664.504s][info][gc,phases      ] GC(2163) Compaction Phase 144.835ms
[664.504s][info][gc,phases,start] GC(2163) Post Compact
[664.506s][info][gc,phases      ] GC(2163) Post Compact 2.219ms
[664.507s][info][gc,heap        ] GC(2163) PSYoungGen: 111616K(222720K)->80873K(222720K) Eden: 111616K(111616K)->80873K(111616K) From: 0K(111104K)->0K(111104K)
[664.507s][info][gc,heap        ] GC(2163) ParOldGen: 667540K(667648K)->667540K(667648K)
[664.507s][info][gc,metaspace   ] GC(2163) Metaspace: 19043K(19200K)->19043K(19200K) NonClass: 17214K(17344K)->17214K(17344K) Class: 1829K(1856K)->1829K(1856K)
[664.507s][info][gc             ] GC(2163) Pause Full (Allocation Failure) 760M->730M(869M) 1069.211ms
[664.507s][info][gc,cpu         ] GC(2163) User=2.09s Sys=0.00s Real=1.07s
[664.527s][info][gc,start       ] GC(2164) Pause Full (Allocation Failure)
[664.527s][info][gc,phases,start] GC(2164) Marking Phase
[665.076s][info][gc,phases      ] GC(2164) Marking Phase 549.812ms
[665.077s][info][gc,phases,start] GC(2164) Summary Phase
[665.077s][info][gc,phases      ] GC(2164) Summary Phase 0.024ms
[665.077s][info][gc,phases,start] GC(2164) Forward
[665.099s][info][gc,phases      ] GC(2164) Forward 22.328ms
[665.099s][info][gc,phases,start] GC(2164) Adjust Pointers
[665.464s][info][gc,phases      ] GC(2164) Adjust Pointers 365.213ms
[665.464s][info][gc,phases,start] GC(2164) Compaction Phase
[665.613s][info][gc,phases      ] GC(2164) Compaction Phase 148.493ms
[665.613s][info][gc,phases,start] GC(2164) Post Compact
[665.615s][info][gc,phases      ] GC(2164) Post Compact 2.262ms
[665.615s][info][gc,heap        ] GC(2164) PSYoungGen: 111616K(222720K)->80969K(222720K) Eden: 111616K(111616K)->80969K(111616K) From: 0K(111104K)->0K(111104K)
[665.615s][info][gc,heap        ] GC(2164) ParOldGen: 667540K(667648K)->667540K(667648K)
[665.615s][info][gc,metaspace   ] GC(2164) Metaspace: 19043K(19200K)->19043K(19200K) NonClass: 17214K(17344K)->17214K(17344K) Class: 1829K(1856K)->1829K(1856K)
[665.615s][info][gc             ] GC(2164) Pause Full (Allocation Failure) 760M->730M(869M) 1088.525ms
[665.615s][info][gc,cpu         ] GC(2164) User=2.13s Sys=0.00s Real=1.08s
[665.637s][info][gc,start       ] GC(2165) Pause Full (Allocation Failure)
[665.637s][info][gc,phases,start] GC(2165) Marking Phase
[666.192s][info][gc,phases      ] GC(2165) Marking Phase 555.318ms
[666.192s][info][gc,phases,start] GC(2165) Summary Phase
[666.192s][info][gc,phases      ] GC(2165) Summary Phase 0.024ms
[666.192s][info][gc,phases,start] GC(2165) Forward
[666.215s][info][gc,phases      ] GC(2165) Forward 23.199ms
[666.215s][info][gc,phases,start] GC(2165) Adjust Pointers
[666.585s][info][gc,phases      ] GC(2165) Adjust Pointers 369.345ms
[666.585s][info][gc,phases,start] GC(2165) Compaction Phase
[666.733s][info][gc,phases      ] GC(2165) Compaction Phase 148.322ms
[666.733s][info][gc,phases,start] GC(2165) Post Compact
[666.735s][info][gc,phases      ] GC(2165) Post Compact 2.210ms
[666.735s][info][gc,heap        ] GC(2165) PSYoungGen: 111616K(222720K)->81355K(222720K) Eden: 111616K(111616K)->81355K(111616K) From: 0K(111104K)->0K(111104K)
[666.735s][info][gc,heap        ] GC(2165) ParOldGen: 667540K(667648K)->667540K(667648K)
[666.735s][info][gc,metaspace   ] GC(2165) Metaspace: 19043K(19200K)->19043K(19200K) NonClass: 17214K(17344K)->17214K(17344K) Class: 1829K(1856K)->1829K(1856K)
[666.735s][info][gc             ] GC(2165) Pause Full (Allocation Failure) 760M->731M(869M) 1098.857ms
[666.735s][info][gc,cpu         ] GC(2165) User=2.14s Sys=0.01s Real=1.09s
[666.772s][info][gc,start       ] GC(2166) Pause Full (Allocation Failure)
[666.772s][info][gc,phases,start] GC(2166) Marking Phase
[667.320s][info][gc,phases      ] GC(2166) Marking Phase 547.951ms
[667.320s][info][gc,phases,start] GC(2166) Summary Phase
[667.320s][info][gc,phases      ] GC(2166) Summary Phase 0.024ms
[667.320s][info][gc,phases,start] GC(2166) Forward
[667.343s][info][gc,phases      ] GC(2166) Forward 22.463ms
[667.343s][info][gc,phases,start] GC(2166) Adjust Pointers
[667.718s][info][gc,phases      ] GC(2166) Adjust Pointers 375.385ms
[667.718s][info][gc,phases,start] GC(2166) Compaction Phase
[667.873s][info][gc,phases      ] GC(2166) Compaction Phase 154.352ms
[667.873s][info][gc,phases,start] GC(2166) Post Compact
[667.875s][info][gc,phases      ] GC(2166) Post Compact 2.259ms
[667.875s][info][gc,heap        ] GC(2166) PSYoungGen: 111616K(222720K)->83518K(222720K) Eden: 111616K(111616K)->83518K(111616K) From: 0K(111104K)->0K(111104K)
[667.875s][info][gc,heap        ] GC(2166) ParOldGen: 667540K(667648K)->667540K(667648K)
[667.875s][info][gc,metaspace   ] GC(2166) Metaspace: 19043K(19200K)->19043K(19200K) NonClass: 17214K(17344K)->17214K(17344K) Class: 1829K(1856K)->1829K(1856K)
[667.875s][info][gc             ] GC(2166) Pause Full (Allocation Failure) 760M->733M(869M) 1102.849ms
[667.875s][info][gc,cpu         ] GC(2166) User=2.16s Sys=0.00s Real=1.10s
[667.898s][info][gc,start       ] GC(2167) Pause Full (Allocation Failure)
[667.898s][info][gc,phases,start] GC(2167) Marking Phase
[668.436s][info][gc,phases      ] GC(2167) Marking Phase 538.693ms
[668.436s][info][gc,phases,start] GC(2167) Summary Phase
[668.436s][info][gc,phases      ] GC(2167) Summary Phase 0.023ms
[668.436s][info][gc,phases,start] GC(2167) Forward
[668.459s][info][gc,phases      ] GC(2167) Forward 22.191ms
[668.459s][info][gc,phases,start] GC(2167) Adjust Pointers
[668.823s][info][gc,phases      ] GC(2167) Adjust Pointers 364.658ms
[668.823s][info][gc,phases,start] GC(2167) Compaction Phase
[668.972s][info][gc,phases      ] GC(2167) Compaction Phase 148.226ms
[668.972s][info][gc,phases,start] GC(2167) Post Compact
[668.974s][info][gc,phases      ] GC(2167) Post Compact 2.223ms
[668.974s][info][gc,heap        ] GC(2167) PSYoungGen: 111616K(222720K)->83575K(222720K) Eden: 111616K(111616K)->83575K(111616K) From: 0K(111104K)->0K(111104K)
[668.974s][info][gc,heap        ] GC(2167) ParOldGen: 667540K(667648K)->667540K(667648K)
[668.974s][info][gc,metaspace   ] GC(2167) Metaspace: 19043K(19200K)->19043K(19200K) NonClass: 17214K(17344K)->17214K(17344K) Class: 1829K(1856K)->1829K(1856K)
[668.974s][info][gc             ] GC(2167) Pause Full (Allocation Failure) 760M->733M(869M) 1076.403ms
[668.974s][info][gc,cpu         ] GC(2167) User=2.11s Sys=0.00s Real=1.07s
[668.999s][info][gc,start       ] GC(2168) Pause Full (Allocation Failure)
[668.999s][info][gc,phases,start] GC(2168) Marking Phase
[669.539s][info][gc,phases      ] GC(2168) Marking Phase 540.093ms
[669.539s][info][gc,phases,start] GC(2168) Summary Phase
[669.539s][info][gc,phases      ] GC(2168) Summary Phase 0.026ms
[669.539s][info][gc,phases,start] GC(2168) Forward
[669.562s][info][gc,phases      ] GC(2168) Forward 22.517ms
[669.562s][info][gc,phases,start] GC(2168) Adjust Pointers
[669.936s][info][gc,phases      ] GC(2168) Adjust Pointers 374.225ms
[669.936s][info][gc,phases,start] GC(2168) Compaction Phase
[670.094s][info][gc,phases      ] GC(2168) Compaction Phase 157.555ms
[670.094s][info][gc,phases,start] GC(2168) Post Compact
[670.096s][info][gc,phases      ] GC(2168) Post Compact 2.269ms
[670.096s][info][gc,heap        ] GC(2168) PSYoungGen: 111616K(222720K)->83486K(222720K) Eden: 111616K(111616K)->83486K(111616K) From: 0K(111104K)->0K(111104K)
[670.096s][info][gc,heap        ] GC(2168) ParOldGen: 667540K(667648K)->667540K(667648K)
[670.096s][info][gc,metaspace   ] GC(2168) Metaspace: 19043K(19200K)->19043K(19200K) NonClass: 17214K(17344K)->17214K(17344K) Class: 1829K(1856K)->1829K(1856K)
[670.096s][info][gc             ] GC(2168) Pause Full (Allocation Failure) 760M->733M(869M) 1097.143ms
[670.096s][info][gc,cpu         ] GC(2168) User=2.14s Sys=0.00s Real=1.09s
[670.131s][info][gc,start       ] GC(2169) Pause Full (Allocation Failure)
[670.132s][info][gc,phases,start] GC(2169) Marking Phase
[670.714s][info][gc,phases      ] GC(2169) Marking Phase 582.289ms
[670.714s][info][gc,phases,start] GC(2169) Summary Phase
[670.714s][info][gc,phases      ] GC(2169) Summary Phase 0.026ms
[670.714s][info][gc,phases,start] GC(2169) Forward
[670.737s][info][gc,phases      ] GC(2169) Forward 22.805ms
[670.737s][info][gc,phases,start] GC(2169) Adjust Pointers
[671.111s][info][gc,phases      ] GC(2169) Adjust Pointers 374.557ms
[671.111s][info][gc,phases,start] GC(2169) Compaction Phase
[671.260s][info][gc,phases      ] GC(2169) Compaction Phase 148.475ms
[671.260s][info][gc,phases,start] GC(2169) Post Compact
[671.262s][info][gc,phases      ] GC(2169) Post Compact 2.215ms
[671.262s][info][gc,heap        ] GC(2169) PSYoungGen: 111616K(222720K)->83818K(222720K) Eden: 111616K(111616K)->83818K(111616K) From: 0K(111104K)->0K(111104K)
[671.262s][info][gc,heap        ] GC(2169) ParOldGen: 667540K(667648K)->667540K(667648K)
[671.262s][info][gc,metaspace   ] GC(2169) Metaspace: 19043K(19200K)->19043K(19200K) NonClass: 17214K(17344K)->17214K(17344K) Class: 1829K(1856K)->1829K(1856K)
[671.262s][info][gc             ] GC(2169) Pause Full (Allocation Failure) 760M->733M(869M) 1130.784ms
[671.262s][info][gc,cpu         ] GC(2169) User=2.21s Sys=0.00s Real=1.13s
[671.291s][info][gc,start       ] GC(2170) Pause Full (Allocation Failure)
[671.291s][info][gc,phases,start] GC(2170) Marking Phase
[671.834s][info][gc,phases      ] GC(2170) Marking Phase 543.095ms
[671.834s][info][gc,phases,start] GC(2170) Summary Phase
[671.834s][info][gc,phases      ] GC(2170) Summary Phase 0.024ms
[671.834s][info][gc,phases,start] GC(2170) Forward
[671.856s][info][gc,phases      ] GC(2170) Forward 22.316ms
[671.856s][info][gc,phases,start] GC(2170) Adjust Pointers
[672.230s][info][gc,phases      ] GC(2170) Adjust Pointers 374.054ms
[672.230s][info][gc,phases,start] GC(2170) Compaction Phase
[672.387s][info][gc,phases      ] GC(2170) Compaction Phase 156.859ms
[672.387s][info][gc,phases,start] GC(2170) Post Compact
[672.390s][info][gc,phases      ] GC(2170) Post Compact 2.272ms
[672.390s][info][gc,heap        ] GC(2170) PSYoungGen: 111616K(222720K)->83819K(222720K) Eden: 111616K(111616K)->83819K(111616K) From: 0K(111104K)->0K(111104K)
[672.390s][info][gc,heap        ] GC(2170) ParOldGen: 667540K(667648K)->667540K(667648K)
[672.390s][info][gc,metaspace   ] GC(2170) Metaspace: 19043K(19200K)->19043K(19200K) NonClass: 17214K(17344K)->17214K(17344K) Class: 1829K(1856K)->1829K(1856K)
[672.390s][info][gc             ] GC(2170) Pause Full (Allocation Failure) 760M->733M(869M) 1099.048ms
[672.390s][info][gc,cpu         ] GC(2170) User=2.15s Sys=0.00s Real=1.10s
[672.423s][info][gc,start       ] GC(2171) Pause Full (Allocation Failure)
[672.423s][info][gc,phases,start] GC(2171) Marking Phase
[673.001s][info][gc,phases      ] GC(2171) Marking Phase 578.509ms
[673.001s][info][gc,phases,start] GC(2171) Summary Phase
[673.001s][info][gc,phases      ] GC(2171) Summary Phase 0.024ms
[673.002s][info][gc,phases,start] GC(2171) Forward
[673.025s][info][gc,phases      ] GC(2171) Forward 23.520ms
[673.025s][info][gc,phases,start] GC(2171) Adjust Pointers
[673.413s][info][gc,phases      ] GC(2171) Adjust Pointers 387.930ms
[673.413s][info][gc,phases,start] GC(2171) Compaction Phase
[673.569s][info][gc,phases      ] GC(2171) Compaction Phase 155.932ms
[673.569s][info][gc,phases,start] GC(2171) Post Compact
[673.571s][info][gc,phases      ] GC(2171) Post Compact 2.342ms
[673.572s][info][gc,heap        ] GC(2171) PSYoungGen: 111616K(222720K)->84521K(222720K) Eden: 111616K(111616K)->84521K(111616K) From: 0K(111104K)->0K(111104K)
[673.572s][info][gc,heap        ] GC(2171) ParOldGen: 667540K(667648K)->667540K(667648K)
[673.572s][info][gc,metaspace   ] GC(2171) Metaspace: 19043K(19200K)->19043K(19200K) NonClass: 17214K(17344K)->17214K(17344K) Class: 1829K(1856K)->1829K(1856K)
[673.572s][info][gc             ] GC(2171) Pause Full (Allocation Failure) 760M->734M(869M) 1148.723ms
[673.572s][info][gc,cpu         ] GC(2171) User=2.24s Sys=0.00s Real=1.15s
[673.627s][info][gc,start       ] GC(2172) Pause Full (Allocation Failure)
[673.627s][info][gc,phases,start] GC(2172) Marking Phase
[674.206s][info][gc,phases      ] GC(2172) Marking Phase 578.779ms
[674.206s][info][gc,phases,start] GC(2172) Summary Phase
[674.206s][info][gc,phases      ] GC(2172) Summary Phase 0.024ms
[674.206s][info][gc,phases,start] GC(2172) Forward
[674.229s][info][gc,phases      ] GC(2172) Forward 22.995ms
[674.229s][info][gc,phases,start] GC(2172) Adjust Pointers
[674.608s][info][gc,phases      ] GC(2172) Adjust Pointers 378.467ms
[674.608s][info][gc,phases,start] GC(2172) Compaction Phase
[674.767s][info][gc,phases      ] GC(2172) Compaction Phase 158.823ms
[674.767s][info][gc,phases,start] GC(2172) Post Compact
[674.769s][info][gc,phases      ] GC(2172) Post Compact 2.274ms
[674.769s][info][gc,heap        ] GC(2172) PSYoungGen: 111616K(222720K)->86383K(222720K) Eden: 111616K(111616K)->86383K(111616K) From: 0K(111104K)->0K(111104K)
[674.769s][info][gc,heap        ] GC(2172) ParOldGen: 667540K(667648K)->667540K(667648K)
[674.769s][info][gc,metaspace   ] GC(2172) Metaspace: 19043K(19200K)->19043K(19200K) NonClass: 17214K(17344K)->17214K(17344K) Class: 1829K(1856K)->1829K(1856K)
[674.769s][info][gc             ] GC(2172) Pause Full (Allocation Failure) 760M->736M(869M) 1141.843ms
[674.769s][info][gc,cpu         ] GC(2172) User=2.22s Sys=0.00s Real=1.14s
[674.796s][info][gc,start       ] GC(2173) Pause Full (Allocation Failure)
[674.796s][info][gc,phases,start] GC(2173) Marking Phase
[675.373s][info][gc,phases      ] GC(2173) Marking Phase 576.752ms
[675.373s][info][gc,phases,start] GC(2173) Summary Phase
[675.373s][info][gc,phases      ] GC(2173) Summary Phase 0.024ms
[675.373s][info][gc,phases,start] GC(2173) Forward
[675.396s][info][gc,phases      ] GC(2173) Forward 22.966ms
[675.396s][info][gc,phases,start] GC(2173) Adjust Pointers
[675.786s][info][gc,phases      ] GC(2173) Adjust Pointers 390.372ms
[675.786s][info][gc,phases,start] GC(2173) Compaction Phase
[675.945s][info][gc,phases      ] GC(2173) Compaction Phase 158.106ms
[675.945s][info][gc,phases,start] GC(2173) Post Compact
[675.947s][info][gc,phases      ] GC(2173) Post Compact 2.282ms
[675.947s][info][gc,heap        ] GC(2173) PSYoungGen: 111616K(222720K)->86615K(222720K) Eden: 111616K(111616K)->86615K(111616K) From: 0K(111104K)->0K(111104K)
[675.947s][info][gc,heap        ] GC(2173) ParOldGen: 667540K(667648K)->667540K(667648K)
[675.947s][info][gc,metaspace   ] GC(2173) Metaspace: 19043K(19200K)->19043K(19200K) NonClass: 17214K(17344K)->17214K(17344K) Class: 1829K(1856K)->1829K(1856K)
[675.947s][info][gc             ] GC(2173) Pause Full (Allocation Failure) 760M->736M(869M) 1150.982ms
[675.947s][info][gc,cpu         ] GC(2173) User=2.25s Sys=0.00s Real=1.16s
[675.971s][info][gc,start       ] GC(2174) Pause Full (Allocation Failure)
[675.971s][info][gc,phases,start] GC(2174) Marking Phase
[676.543s][info][gc,phases      ] GC(2174) Marking Phase 572.698ms
[676.543s][info][gc,phases,start] GC(2174) Summary Phase
[676.543s][info][gc,phases      ] GC(2174) Summary Phase 0.026ms
[676.543s][info][gc,phases,start] GC(2174) Forward
[676.567s][info][gc,phases      ] GC(2174) Forward 23.082ms
[676.567s][info][gc,phases,start] GC(2174) Adjust Pointers
[676.963s][info][gc,phases      ] GC(2174) Adjust Pointers 396.883ms
[676.964s][info][gc,phases,start] GC(2174) Compaction Phase
[677.122s][info][gc,phases      ] GC(2174) Compaction Phase 158.620ms
[677.122s][info][gc,phases,start] GC(2174) Post Compact
[677.125s][info][gc,phases      ] GC(2174) Post Compact 2.360ms
[677.125s][info][gc,heap        ] GC(2174) PSYoungGen: 111616K(222720K)->86618K(222720K) Eden: 111616K(111616K)->86618K(111616K) From: 0K(111104K)->0K(111104K)
[677.125s][info][gc,heap        ] GC(2174) ParOldGen: 667540K(667648K)->667540K(667648K)
[677.125s][info][gc,metaspace   ] GC(2174) Metaspace: 19043K(19200K)->19043K(19200K) NonClass: 17214K(17344K)->17214K(17344K) Class: 1829K(1856K)->1829K(1856K)
[677.125s][info][gc             ] GC(2174) Pause Full (Allocation Failure) 760M->736M(869M) 1154.151ms
[677.125s][info][gc,cpu         ] GC(2174) User=2.25s Sys=0.01s Real=1.15s
[677.160s][info][gc,start       ] GC(2175) Pause Full (Allocation Failure)
[677.160s][info][gc,phases,start] GC(2175) Marking Phase
[677.752s][info][gc,phases      ] GC(2175) Marking Phase 591.953ms
[677.752s][info][gc,phases,start] GC(2175) Summary Phase
[677.753s][info][gc,phases      ] GC(2175) Summary Phase 0.027ms
[677.753s][info][gc,phases,start] GC(2175) Forward
[677.776s][info][gc,phases      ] GC(2175) Forward 23.725ms
[677.776s][info][gc,phases,start] GC(2175) Adjust Pointers
[678.161s][info][gc,phases      ] GC(2175) Adjust Pointers 384.837ms
[678.161s][info][gc,phases,start] GC(2175) Compaction Phase
[678.310s][info][gc,phases      ] GC(2175) Compaction Phase 148.439ms
[678.310s][info][gc,phases,start] GC(2175) Post Compact
[678.312s][info][gc,phases      ] GC(2175) Post Compact 2.224ms
[678.312s][info][gc,heap        ] GC(2175) PSYoungGen: 111616K(222720K)->86694K(222720K) Eden: 111616K(111616K)->86694K(111616K) From: 0K(111104K)->0K(111104K)
[678.312s][info][gc,heap        ] GC(2175) ParOldGen: 667540K(667648K)->667540K(667648K)
[678.312s][info][gc,metaspace   ] GC(2175) Metaspace: 19043K(19200K)->19043K(19200K) NonClass: 17214K(17344K)->17214K(17344K) Class: 1829K(1856K)->1829K(1856K)
[678.312s][info][gc             ] GC(2175) Pause Full (Allocation Failure) 760M->736M(869M) 1151.647ms
[678.312s][info][gc,cpu         ] GC(2175) User=2.25s Sys=0.00s Real=1.15s
[678.332s][info][gc,start       ] GC(2176) Pause Full (Allocation Failure)
[678.332s][info][gc,phases,start] GC(2176) Marking Phase
[678.875s][info][gc,phases      ] GC(2176) Marking Phase 542.954ms
[678.875s][info][gc,phases,start] GC(2176) Summary Phase
[678.875s][info][gc,phases      ] GC(2176) Summary Phase 0.027ms
[678.875s][info][gc,phases,start] GC(2176) Forward
[679.011s][info][gc,phases      ] GC(2176) Forward 135.782ms
[679.011s][info][gc,phases,start] GC(2176) Adjust Pointers
[679.425s][info][gc,phases      ] GC(2176) Adjust Pointers 414.706ms
[679.425s][info][gc,phases,start] GC(2176) Compaction Phase
[679.597s][info][gc,phases      ] GC(2176) Compaction Phase 171.747ms
[679.614s][info][gc,phases,start] GC(2176) Post Compact
[679.616s][info][gc,phases      ] GC(2176) Post Compact 2.242ms
[679.616s][info][gc,heap        ] GC(2176) PSYoungGen: 111616K(222720K)->86694K(222720K) Eden: 111616K(111616K)->86694K(111616K) From: 0K(111104K)->0K(111104K)
[679.616s][info][gc,heap        ] GC(2176) ParOldGen: 667540K(667648K)->667539K(667648K)
[679.616s][info][gc,metaspace   ] GC(2176) Metaspace: 19043K(19200K)->19043K(19200K) NonClass: 17214K(17344K)->17214K(17344K) Class: 1829K(1856K)->1829K(1856K)
[679.616s][info][gc             ] GC(2176) Pause Full (Allocation Failure) 760M->736M(869M) 1284.543ms
[679.616s][info][gc,cpu         ] GC(2176) User=2.51s Sys=0.00s Real=1.28s
[679.632s][info][gc,start       ] GC(2177) Pause Full (Allocation Failure)
[679.632s][info][gc,phases,start] GC(2177) Marking Phase
[680.181s][info][gc,phases      ] GC(2177) Marking Phase 549.134ms
[680.181s][info][gc,phases,start] GC(2177) Summary Phase
[680.181s][info][gc,phases      ] GC(2177) Summary Phase 0.024ms
[680.181s][info][gc,phases,start] GC(2177) Forward
[680.204s][info][gc,phases      ] GC(2177) Forward 22.790ms
[680.204s][info][gc,phases,start] GC(2177) Adjust Pointers
[680.581s][info][gc,phases      ] GC(2177) Adjust Pointers 377.155ms
[680.581s][info][gc,phases,start] GC(2177) Compaction Phase
[680.732s][info][gc,phases      ] GC(2177) Compaction Phase 150.465ms
[680.732s][info][gc,phases,start] GC(2177) Post Compact
[680.734s][info][gc,phases      ] GC(2177) Post Compact 2.272ms
[680.734s][info][gc,heap        ] GC(2177) PSYoungGen: 111616K(222720K)->86694K(222720K) Eden: 111616K(111616K)->86694K(111616K) From: 0K(111104K)->0K(111104K)
[680.734s][info][gc,heap        ] GC(2177) ParOldGen: 667539K(667648K)->667539K(667648K)
[680.734s][info][gc,metaspace   ] GC(2177) Metaspace: 19043K(19200K)->19043K(19200K) NonClass: 17214K(17344K)->17214K(17344K) Class: 1829K(1856K)->1829K(1856K)
[680.734s][info][gc             ] GC(2177) Pause Full (Allocation Failure) 760M->736M(869M) 1102.213ms
[680.734s][info][gc,cpu         ] GC(2177) User=2.16s Sys=0.00s Real=1.10s
[680.747s][info][gc,start       ] GC(2178) Pause Full (Allocation Failure)
[680.747s][info][gc,phases,start] GC(2178) Marking Phase
[681.325s][info][gc,phases      ] GC(2178) Marking Phase 577.244ms
[681.325s][info][gc,phases,start] GC(2178) Summary Phase
[681.325s][info][gc,phases      ] GC(2178) Summary Phase 0.024ms
[681.325s][info][gc,phases,start] GC(2178) Forward
[681.348s][info][gc,phases      ] GC(2178) Forward 23.697ms
[681.348s][info][gc,phases,start] GC(2178) Adjust Pointers
[681.736s][info][gc,phases      ] GC(2178) Adjust Pointers 387.831ms
[681.736s][info][gc,phases,start] GC(2178) Compaction Phase
[681.895s][info][gc,phases      ] GC(2178) Compaction Phase 158.421ms
[681.895s][info][gc,phases,start] GC(2178) Post Compact
[681.897s][info][gc,phases      ] GC(2178) Post Compact 2.287ms
[681.897s][info][gc,heap        ] GC(2178) PSYoungGen: 111616K(222720K)->86696K(222720K) Eden: 111616K(111616K)->86696K(111616K) From: 0K(111104K)->0K(111104K)
[681.897s][info][gc,heap        ] GC(2178) ParOldGen: 667539K(667648K)->667539K(667648K)
[681.897s][info][gc,metaspace   ] GC(2178) Metaspace: 19043K(19200K)->19043K(19200K) NonClass: 17214K(17344K)->17214K(17344K) Class: 1829K(1856K)->1829K(1856K)
[681.897s][info][gc             ] GC(2178) Pause Full (Allocation Failure) 760M->736M(869M) 1149.938ms
[681.897s][info][gc,cpu         ] GC(2178) User=2.25s Sys=0.00s Real=1.15s
[681.912s][info][gc,start       ] GC(2179) Pause Full (Allocation Failure)
[681.912s][info][gc,phases,start] GC(2179) Marking Phase
[682.504s][info][gc,phases      ] GC(2179) Marking Phase 592.348ms
[682.504s][info][gc,phases,start] GC(2179) Summary Phase
[682.504s][info][gc,phases      ] GC(2179) Summary Phase 0.037ms
[682.504s][info][gc,phases,start] GC(2179) Forward
[682.529s][info][gc,phases      ] GC(2179) Forward 24.190ms
[682.529s][info][gc,phases,start] GC(2179) Adjust Pointers
[682.920s][info][gc,phases      ] GC(2179) Adjust Pointers 391.617ms
[682.920s][info][gc,phases,start] GC(2179) Compaction Phase
[683.079s][info][gc,phases      ] GC(2179) Compaction Phase 158.604ms
[683.079s][info][gc,phases,start] GC(2179) Post Compact
[683.081s][info][gc,phases      ] GC(2179) Post Compact 2.257ms
[683.081s][info][gc,heap        ] GC(2179) PSYoungGen: 111616K(222720K)->86696K(222720K) Eden: 111616K(111616K)->86696K(111616K) From: 0K(111104K)->0K(111104K)
[683.081s][info][gc,heap        ] GC(2179) ParOldGen: 667539K(667648K)->667539K(667648K)
[683.081s][info][gc,metaspace   ] GC(2179) Metaspace: 19043K(19200K)->19043K(19200K) NonClass: 17214K(17344K)->17214K(17344K) Class: 1829K(1856K)->1829K(1856K)
[683.081s][info][gc             ] GC(2179) Pause Full (Allocation Failure) 760M->736M(869M) 1169.472ms
[683.081s][info][gc,cpu         ] GC(2179) User=2.28s Sys=0.01s Real=1.17s
[683.096s][info][gc,start       ] GC(2180) Pause Full (Allocation Failure)
[683.096s][info][gc,phases,start] GC(2180) Marking Phase
[683.685s][info][gc,phases      ] GC(2180) Marking Phase 588.322ms
[683.685s][info][gc,phases,start] GC(2180) Summary Phase
[683.685s][info][gc,phases      ] GC(2180) Summary Phase 0.027ms
[683.685s][info][gc,phases,start] GC(2180) Forward
[683.708s][info][gc,phases      ] GC(2180) Forward 23.630ms
[683.708s][info][gc,phases,start] GC(2180) Adjust Pointers
[684.101s][info][gc,phases      ] GC(2180) Adjust Pointers 392.887ms
[684.101s][info][gc,phases,start] GC(2180) Compaction Phase
[684.258s][info][gc,phases      ] GC(2180) Compaction Phase 156.707ms
[684.258s][info][gc,phases,start] GC(2180) Post Compact
[684.261s][info][gc,phases      ] GC(2180) Post Compact 2.309ms
[684.261s][info][gc,heap        ] GC(2180) PSYoungGen: 111616K(222720K)->86697K(222720K) Eden: 111616K(111616K)->86697K(111616K) From: 0K(111104K)->0K(111104K)
[684.261s][info][gc,heap        ] GC(2180) ParOldGen: 667539K(667648K)->667539K(667648K)
[684.261s][info][gc,metaspace   ] GC(2180) Metaspace: 19043K(19200K)->19043K(19200K) NonClass: 17214K(17344K)->17214K(17344K) Class: 1829K(1856K)->1829K(1856K)
[684.261s][info][gc             ] GC(2180) Pause Full (Allocation Failure) 760M->736M(869M) 1164.371ms
[684.261s][info][gc,cpu         ] GC(2180) User=2.28s Sys=0.00s Real=1.17s
[684.275s][info][gc,start       ] GC(2181) Pause Full (Allocation Failure)
[684.275s][info][gc,phases,start] GC(2181) Marking Phase
[684.861s][info][gc,phases      ] GC(2181) Marking Phase 585.397ms
[684.861s][info][gc,phases,start] GC(2181) Summary Phase
[684.861s][info][gc,phases      ] GC(2181) Summary Phase 0.024ms
[684.861s][info][gc,phases,start] GC(2181) Forward
[684.885s][info][gc,phases      ] GC(2181) Forward 23.709ms
[684.885s][info][gc,phases,start] GC(2181) Adjust Pointers
[685.275s][info][gc,phases      ] GC(2181) Adjust Pointers 390.122ms
[685.275s][info][gc,phases,start] GC(2181) Compaction Phase
[685.433s][info][gc,phases      ] GC(2181) Compaction Phase 157.867ms
[685.433s][info][gc,phases,start] GC(2181) Post Compact
[685.435s][info][gc,phases      ] GC(2181) Post Compact 2.267ms
[685.435s][info][gc,heap        ] GC(2181) PSYoungGen: 111616K(222720K)->86694K(222720K) Eden: 111616K(111616K)->86694K(111616K) From: 0K(111104K)->0K(111104K)
[685.435s][info][gc,heap        ] GC(2181) ParOldGen: 667539K(667648K)->667539K(667648K)
[685.435s][info][gc,metaspace   ] GC(2181) Metaspace: 19043K(19200K)->19043K(19200K) NonClass: 17214K(17344K)->17214K(17344K) Class: 1829K(1856K)->1829K(1856K)
[685.435s][info][gc             ] GC(2181) Pause Full (Allocation Failure) 760M->736M(869M) 1159.845ms
[685.435s][info][gc,cpu         ] GC(2181) User=2.27s Sys=0.00s Real=1.16s
[685.451s][info][gc,start       ] GC(2182) Pause Full (Allocation Failure)
[685.451s][info][gc,phases,start] GC(2182) Marking Phase
[686.041s][info][gc,phases      ] GC(2182) Marking Phase 590.229ms
[686.041s][info][gc,phases,start] GC(2182) Summary Phase
[686.041s][info][gc,phases      ] GC(2182) Summary Phase 0.023ms
[686.041s][info][gc,phases,start] GC(2182) Forward
[686.065s][info][gc,phases      ] GC(2182) Forward 23.705ms
[686.065s][info][gc,phases,start] GC(2182) Adjust Pointers
[686.462s][info][gc,phases      ] GC(2182) Adjust Pointers 397.092ms
[686.462s][info][gc,phases,start] GC(2182) Compaction Phase
[686.621s][info][gc,phases      ] GC(2182) Compaction Phase 158.768ms
[686.621s][info][gc,phases,start] GC(2182) Post Compact
[686.623s][info][gc,phases      ] GC(2182) Post Compact 2.292ms
[686.623s][info][gc,heap        ] GC(2182) PSYoungGen: 111616K(222720K)->86695K(222720K) Eden: 111616K(111616K)->86695K(111616K) From: 0K(111104K)->0K(111104K)
[686.623s][info][gc,heap        ] GC(2182) ParOldGen: 667539K(667648K)->667539K(667648K)
[686.623s][info][gc,metaspace   ] GC(2182) Metaspace: 19043K(19200K)->19043K(19200K) NonClass: 17214K(17344K)->17214K(17344K) Class: 1829K(1856K)->1829K(1856K)
[686.623s][info][gc             ] GC(2182) Pause Full (Allocation Failure) 760M->736M(869M) 1172.572ms
[686.623s][info][gc,cpu         ] GC(2182) User=2.29s Sys=0.00s Real=1.17s
[686.638s][info][gc,start       ] GC(2183) Pause Full (Allocation Failure)
[686.638s][info][gc,phases,start] GC(2183) Marking Phase
[687.235s][info][gc,phases      ] GC(2183) Marking Phase 596.342ms
[687.235s][info][gc,phases,start] GC(2183) Summary Phase
[687.235s][info][gc,phases      ] GC(2183) Summary Phase 0.024ms
[687.235s][info][gc,phases,start] GC(2183) Forward
[687.260s][info][gc,phases      ] GC(2183) Forward 24.932ms
[687.260s][info][gc,phases,start] GC(2183) Adjust Pointers
[687.673s][info][gc,phases      ] GC(2183) Adjust Pointers 412.914ms
[687.673s][info][gc,phases,start] GC(2183) Compaction Phase
[687.833s][info][gc,phases      ] GC(2183) Compaction Phase 160.070ms
[687.833s][info][gc,phases,start] GC(2183) Post Compact
[687.835s][info][gc,phases      ] GC(2183) Post Compact 2.311ms
[687.835s][info][gc,heap        ] GC(2183) PSYoungGen: 111616K(222720K)->86694K(222720K) Eden: 111616K(111616K)->86694K(111616K) From: 0K(111104K)->0K(111104K)
[687.835s][info][gc,heap        ] GC(2183) ParOldGen: 667539K(667648K)->667539K(667648K)
[687.835s][info][gc,metaspace   ] GC(2183) Metaspace: 19043K(19200K)->19043K(19200K) NonClass: 17214K(17344K)->17214K(17344K) Class: 1829K(1856K)->1829K(1856K)
[687.835s][info][gc             ] GC(2183) Pause Full (Allocation Failure) 760M->736M(869M) 1197.082ms
[687.835s][info][gc,cpu         ] GC(2183) User=2.34s Sys=0.00s Real=1.19s
[687.850s][info][gc,start       ] GC(2184) Pause Full (Allocation Failure)
[687.850s][info][gc,phases,start] GC(2184) Marking Phase
[688.453s][info][gc,phases      ] GC(2184) Marking Phase 602.299ms
[688.453s][info][gc,phases,start] GC(2184) Summary Phase
[688.453s][info][gc,phases      ] GC(2184) Summary Phase 0.027ms
[688.453s][info][gc,phases,start] GC(2184) Forward
[688.477s][info][gc,phases      ] GC(2184) Forward 24.188ms
[688.477s][info][gc,phases,start] GC(2184) Adjust Pointers
[688.879s][info][gc,phases      ] GC(2184) Adjust Pointers 401.854ms
[688.879s][info][gc,phases,start] GC(2184) Compaction Phase
[689.038s][info][gc,phases      ] GC(2184) Compaction Phase 158.889ms
[689.038s][info][gc,phases,start] GC(2184) Post Compact
[689.040s][info][gc,phases      ] GC(2184) Post Compact 2.278ms
[689.040s][info][gc,heap        ] GC(2184) PSYoungGen: 111616K(222720K)->86694K(222720K) Eden: 111616K(111616K)->86694K(111616K) From: 0K(111104K)->0K(111104K)
[689.040s][info][gc,heap        ] GC(2184) ParOldGen: 667539K(667648K)->667539K(667648K)
[689.040s][info][gc,metaspace   ] GC(2184) Metaspace: 19043K(19200K)->19043K(19200K) NonClass: 17214K(17344K)->17214K(17344K) Class: 1829K(1856K)->1829K(1856K)
[689.040s][info][gc             ] GC(2184) Pause Full (Allocation Failure) 760M->736M(869M) 1190.031ms
[689.040s][info][gc,cpu         ] GC(2184) User=2.33s Sys=0.00s Real=1.19s
[689.077s][info][gc,start       ] GC(2185) Pause Full (Allocation Failure)
[689.077s][info][gc,phases,start] GC(2185) Marking Phase
[689.668s][info][gc,phases      ] GC(2185) Marking Phase 591.346ms
[689.668s][info][gc,phases,start] GC(2185) Summary Phase
[689.669s][info][gc,phases      ] GC(2185) Summary Phase 0.026ms
[689.669s][info][gc,phases,start] GC(2185) Forward
[689.693s][info][gc,phases      ] GC(2185) Forward 24.019ms
[689.693s][info][gc,phases,start] GC(2185) Adjust Pointers
[690.089s][info][gc,phases      ] GC(2185) Adjust Pointers 396.041ms
[690.089s][info][gc,phases,start] GC(2185) Compaction Phase
[690.247s][info][gc,phases      ] GC(2185) Compaction Phase 158.698ms
[690.248s][info][gc,phases,start] GC(2185) Post Compact
[690.250s][info][gc,phases      ] GC(2185) Post Compact 2.290ms
[690.250s][info][gc,heap        ] GC(2185) PSYoungGen: 111616K(222720K)->86914K(222720K) Eden: 111616K(111616K)->86914K(111616K) From: 0K(111104K)->0K(111104K)
[690.250s][info][gc,heap        ] GC(2185) ParOldGen: 667539K(667648K)->667539K(667648K)
[690.250s][info][gc,metaspace   ] GC(2185) Metaspace: 19043K(19200K)->19043K(19200K) NonClass: 17214K(17344K)->17214K(17344K) Class: 1829K(1856K)->1829K(1856K)
[690.250s][info][gc             ] GC(2185) Pause Full (Allocation Failure) 760M->736M(869M) 1172.873ms
[690.250s][info][gc,cpu         ] GC(2185) User=2.29s Sys=0.00s Real=1.17s
[690.280s][info][gc,start       ] GC(2186) Pause Full (Allocation Failure)
[690.280s][info][gc,phases,start] GC(2186) Marking Phase
[690.876s][info][gc,phases      ] GC(2186) Marking Phase 595.845ms
[690.876s][info][gc,phases,start] GC(2186) Summary Phase
[690.876s][info][gc,phases      ] GC(2186) Summary Phase 0.026ms
[690.876s][info][gc,phases,start] GC(2186) Forward
[690.900s][info][gc,phases      ] GC(2186) Forward 23.852ms
[690.900s][info][gc,phases,start] GC(2186) Adjust Pointers
[691.303s][info][gc,phases      ] GC(2186) Adjust Pointers 402.998ms
[691.303s][info][gc,phases,start] GC(2186) Compaction Phase
[691.464s][info][gc,phases      ] GC(2186) Compaction Phase 161.203ms
[691.464s][info][gc,phases,start] GC(2186) Post Compact
[691.466s][info][gc,phases      ] GC(2186) Post Compact 2.261ms
[691.466s][info][gc,heap        ] GC(2186) PSYoungGen: 111616K(222720K)->91247K(222720K) Eden: 111616K(111616K)->91247K(111616K) From: 0K(111104K)->0K(111104K)
[691.466s][info][gc,heap        ] GC(2186) ParOldGen: 667539K(667648K)->667539K(667648K)
[691.466s][info][gc,metaspace   ] GC(2186) Metaspace: 19043K(19200K)->19043K(19200K) NonClass: 17214K(17344K)->17214K(17344K) Class: 1829K(1856K)->1829K(1856K)
[691.466s][info][gc             ] GC(2186) Pause Full (Allocation Failure) 760M->741M(869M) 1186.650ms
[691.466s][info][gc,cpu         ] GC(2186) User=2.32s Sys=0.00s Real=1.19s
[691.493s][info][gc,start       ] GC(2187) Pause Full (Allocation Failure)
[691.493s][info][gc,phases,start] GC(2187) Marking Phase
[692.087s][info][gc,phases      ] GC(2187) Marking Phase 593.221ms
[692.087s][info][gc,phases,start] GC(2187) Summary Phase
[692.087s][info][gc,phases      ] GC(2187) Summary Phase 0.025ms
[692.087s][info][gc,phases,start] GC(2187) Forward
[692.111s][info][gc,phases      ] GC(2187) Forward 24.191ms
[692.111s][info][gc,phases,start] GC(2187) Adjust Pointers
[692.508s][info][gc,phases      ] GC(2187) Adjust Pointers 397.448ms
[692.508s][info][gc,phases,start] GC(2187) Compaction Phase
[692.670s][info][gc,phases      ] GC(2187) Compaction Phase 161.085ms
[692.670s][info][gc,phases,start] GC(2187) Post Compact
[692.672s][info][gc,phases      ] GC(2187) Post Compact 2.271ms
[692.672s][info][gc,heap        ] GC(2187) PSYoungGen: 111616K(222720K)->91635K(222720K) Eden: 111616K(111616K)->91635K(111616K) From: 0K(111104K)->0K(111104K)
[692.672s][info][gc,heap        ] GC(2187) ParOldGen: 667539K(667648K)->667539K(667648K)
[692.672s][info][gc,metaspace   ] GC(2187) Metaspace: 19043K(19200K)->19043K(19200K) NonClass: 17214K(17344K)->17214K(17344K) Class: 1829K(1856K)->1829K(1856K)
[692.672s][info][gc             ] GC(2187) Pause Full (Allocation Failure) 760M->741M(869M) 1178.728ms
[692.672s][info][gc,cpu         ] GC(2187) User=2.30s Sys=0.01s Real=1.18s
[692.710s][info][gc,start       ] GC(2188) Pause Full (Allocation Failure)
[692.710s][info][gc,phases,start] GC(2188) Marking Phase
[693.315s][info][gc,phases      ] GC(2188) Marking Phase 605.312ms
[693.315s][info][gc,phases,start] GC(2188) Summary Phase
[693.315s][info][gc,phases      ] GC(2188) Summary Phase 0.026ms
[693.315s][info][gc,phases,start] GC(2188) Forward
[693.340s][info][gc,phases      ] GC(2188) Forward 24.115ms
[693.340s][info][gc,phases,start] GC(2188) Adjust Pointers
[693.743s][info][gc,phases      ] GC(2188) Adjust Pointers 403.051ms
[693.743s][info][gc,phases,start] GC(2188) Compaction Phase
[693.903s][info][gc,phases      ] GC(2188) Compaction Phase 160.487ms
[693.903s][info][gc,phases,start] GC(2188) Post Compact
[693.906s][info][gc,phases      ] GC(2188) Post Compact 2.326ms
[693.906s][info][gc,heap        ] GC(2188) PSYoungGen: 111616K(222720K)->91927K(222720K) Eden: 111616K(111616K)->91927K(111616K) From: 0K(111104K)->0K(111104K)
[693.906s][info][gc,heap        ] GC(2188) ParOldGen: 667539K(667648K)->667539K(667648K)
[693.906s][info][gc,metaspace   ] GC(2188) Metaspace: 19043K(19200K)->19043K(19200K) NonClass: 17214K(17344K)->17214K(17344K) Class: 1829K(1856K)->1829K(1856K)
[693.906s][info][gc             ] GC(2188) Pause Full (Allocation Failure) 760M->741M(869M) 1195.771ms
[693.906s][info][gc,cpu         ] GC(2188) User=2.34s Sys=0.00s Real=1.19s
[693.948s][info][gc,start       ] GC(2189) Pause Full (Allocation Failure)
[693.949s][info][gc,phases,start] GC(2189) Marking Phase
[694.553s][info][gc,phases      ] GC(2189) Marking Phase 604.864ms
[694.553s][info][gc,phases,start] GC(2189) Summary Phase
[694.554s][info][gc,phases      ] GC(2189) Summary Phase 0.052ms
[694.554s][info][gc,phases,start] GC(2189) Forward
[694.578s][info][gc,phases      ] GC(2189) Forward 24.196ms
[694.578s][info][gc,phases,start] GC(2189) Adjust Pointers
[694.978s][info][gc,phases      ] GC(2189) Adjust Pointers 400.690ms
[694.979s][info][gc,phases,start] GC(2189) Compaction Phase
[695.145s][info][gc,phases      ] GC(2189) Compaction Phase 166.536ms
[695.145s][info][gc,phases,start] GC(2189) Post Compact
[695.147s][info][gc,phases      ] GC(2189) Post Compact 2.270ms
[695.147s][info][gc,heap        ] GC(2189) PSYoungGen: 111616K(222720K)->92350K(222720K) Eden: 111616K(111616K)->92350K(111616K) From: 0K(111104K)->0K(111104K)
[695.147s][info][gc,heap        ] GC(2189) ParOldGen: 667539K(667648K)->667539K(667648K)
[695.148s][info][gc,metaspace   ] GC(2189) Metaspace: 19043K(19200K)->19043K(19200K) NonClass: 17214K(17344K)->17214K(17344K) Class: 1829K(1856K)->1829K(1856K)
[695.148s][info][gc             ] GC(2189) Pause Full (Allocation Failure) 760M->742M(869M) 1199.063ms
[695.148s][info][gc,cpu         ] GC(2189) User=2.35s Sys=0.00s Real=1.20s
[695.163s][info][gc,start       ] GC(2190) Pause Full (Allocation Failure)
[695.163s][info][gc,phases,start] GC(2190) Marking Phase
[695.763s][info][gc,phases      ] GC(2190) Marking Phase 600.395ms
[695.763s][info][gc,phases,start] GC(2190) Summary Phase
[695.763s][info][gc,phases      ] GC(2190) Summary Phase 0.026ms
[695.763s][info][gc,phases,start] GC(2190) Forward
[695.788s][info][gc,phases      ] GC(2190) Forward 24.142ms
[695.788s][info][gc,phases,start] GC(2190) Adjust Pointers
[696.188s][info][gc,phases      ] GC(2190) Adjust Pointers 400.631ms
[696.188s][info][gc,phases,start] GC(2190) Compaction Phase
[696.349s][info][gc,phases      ] GC(2190) Compaction Phase 160.345ms
[696.349s][info][gc,phases,start] GC(2190) Post Compact
[696.351s][info][gc,phases      ] GC(2190) Post Compact 2.265ms
[696.351s][info][gc,heap        ] GC(2190) PSYoungGen: 111616K(222720K)->93309K(222720K) Eden: 111616K(111616K)->93309K(111616K) From: 0K(111104K)->0K(111104K)
[696.351s][info][gc,heap        ] GC(2190) ParOldGen: 667539K(667648K)->667539K(667648K)
[696.351s][info][gc,metaspace   ] GC(2190) Metaspace: 19043K(19200K)->19043K(19200K) NonClass: 17214K(17344K)->17214K(17344K) Class: 1829K(1856K)->1829K(1856K)
[696.351s][info][gc             ] GC(2190) Pause Full (Allocation Failure) 760M->743M(869M) 1188.219ms
[696.351s][info][gc,cpu         ] GC(2190) User=2.32s Sys=0.00s Real=1.19s
[696.367s][info][gc,start       ] GC(2191) Pause Full (Allocation Failure)
[696.367s][info][gc,phases,start] GC(2191) Marking Phase
[696.962s][info][gc,phases      ] GC(2191) Marking Phase 594.552ms
[696.962s][info][gc,phases,start] GC(2191) Summary Phase
[696.962s][info][gc,phases      ] GC(2191) Summary Phase 0.026ms
[696.962s][info][gc,phases,start] GC(2191) Forward
[696.986s][info][gc,phases      ] GC(2191) Forward 24.157ms
[696.986s][info][gc,phases,start] GC(2191) Adjust Pointers
[697.388s][info][gc,phases      ] GC(2191) Adjust Pointers 401.546ms
[697.388s][info][gc,phases,start] GC(2191) Compaction Phase
[697.549s][info][gc,phases      ] GC(2191) Compaction Phase 160.643ms
[697.549s][info][gc,phases,start] GC(2191) Post Compact
[697.551s][info][gc,phases      ] GC(2191) Post Compact 2.281ms
[697.551s][info][gc,heap        ] GC(2191) PSYoungGen: 111616K(222720K)->94058K(222720K) Eden: 111616K(111616K)->94058K(111616K) From: 0K(111104K)->0K(111104K)
[697.551s][info][gc,heap        ] GC(2191) ParOldGen: 667539K(667648K)->667539K(667648K)
[697.551s][info][gc,metaspace   ] GC(2191) Metaspace: 19043K(19200K)->19043K(19200K) NonClass: 17214K(17344K)->17214K(17344K) Class: 1829K(1856K)->1829K(1856K)
[697.551s][info][gc             ] GC(2191) Pause Full (Allocation Failure) 760M->743M(869M) 1183.682ms
[697.551s][info][gc,cpu         ] GC(2191) User=2.32s Sys=0.00s Real=1.18s
[697.570s][info][gc,start       ] GC(2192) Pause Full (Allocation Failure)
[697.570s][info][gc,phases,start] GC(2192) Marking Phase
[698.170s][info][gc,phases      ] GC(2192) Marking Phase 599.445ms
[698.170s][info][gc,phases,start] GC(2192) Summary Phase
[698.170s][info][gc,phases      ] GC(2192) Summary Phase 0.025ms
[698.170s][info][gc,phases,start] GC(2192) Forward
[698.194s][info][gc,phases      ] GC(2192) Forward 24.179ms
[698.194s][info][gc,phases,start] GC(2192) Adjust Pointers
[698.594s][info][gc,phases      ] GC(2192) Adjust Pointers 399.438ms
[698.594s][info][gc,phases,start] GC(2192) Compaction Phase
[698.754s][info][gc,phases      ] GC(2192) Compaction Phase 160.719ms
[698.755s][info][gc,phases,start] GC(2192) Post Compact
[698.757s][info][gc,phases      ] GC(2192) Post Compact 2.283ms
[698.757s][info][gc,heap        ] GC(2192) PSYoungGen: 111616K(222720K)->94670K(222720K) Eden: 111616K(111616K)->94670K(111616K) From: 0K(111104K)->0K(111104K)
[698.757s][info][gc,heap        ] GC(2192) ParOldGen: 667539K(667648K)->667539K(667648K)
[698.757s][info][gc,metaspace   ] GC(2192) Metaspace: 19043K(19200K)->19043K(19200K) NonClass: 17214K(17344K)->17214K(17344K) Class: 1829K(1856K)->1829K(1856K)
[698.757s][info][gc             ] GC(2192) Pause Full (Allocation Failure) 760M->744M(869M) 1186.550ms
[698.757s][info][gc,cpu         ] GC(2192) User=2.32s Sys=0.01s Real=1.19s
[698.777s][info][gc,start       ] GC(2193) Pause Full (Allocation Failure)
[698.777s][info][gc,phases,start] GC(2193) Marking Phase
[699.379s][info][gc,phases      ] GC(2193) Marking Phase 602.149ms
[699.379s][info][gc,phases,start] GC(2193) Summary Phase
[699.379s][info][gc,phases      ] GC(2193) Summary Phase 0.025ms
[699.379s][info][gc,phases,start] GC(2193) Forward
[699.404s][info][gc,phases      ] GC(2193) Forward 24.132ms
[699.404s][info][gc,phases,start] GC(2193) Adjust Pointers
[699.806s][info][gc,phases      ] GC(2193) Adjust Pointers 402.537ms
[699.806s][info][gc,phases,start] GC(2193) Compaction Phase
[699.967s][info][gc,phases      ] GC(2193) Compaction Phase 160.379ms
[699.967s][info][gc,phases,start] GC(2193) Post Compact
[699.969s][info][gc,phases      ] GC(2193) Post Compact 2.273ms
[699.969s][info][gc,heap        ] GC(2193) PSYoungGen: 111616K(222720K)->94687K(222720K) Eden: 111616K(111616K)->94687K(111616K) From: 0K(111104K)->0K(111104K)
[699.969s][info][gc,heap        ] GC(2193) ParOldGen: 667539K(667648K)->667539K(667648K)
[699.969s][info][gc,metaspace   ] GC(2193) Metaspace: 19043K(19200K)->19043K(19200K) NonClass: 17214K(17344K)->17214K(17344K) Class: 1829K(1856K)->1829K(1856K)
[699.969s][info][gc             ] GC(2193) Pause Full (Allocation Failure) 760M->744M(869M) 1191.969ms
[699.969s][info][gc,cpu         ] GC(2193) User=2.34s Sys=0.00s Real=1.19s
[699.990s][info][gc,start       ] GC(2194) Pause Full (Allocation Failure)
[699.990s][info][gc,phases,start] GC(2194) Marking Phase
[700.599s][info][gc,phases      ] GC(2194) Marking Phase 609.240ms
[700.599s][info][gc,phases,start] GC(2194) Summary Phase
[700.599s][info][gc,phases      ] GC(2194) Summary Phase 0.025ms
[700.599s][info][gc,phases,start] GC(2194) Forward
[700.623s][info][gc,phases      ] GC(2194) Forward 24.455ms
[700.623s][info][gc,phases,start] GC(2194) Adjust Pointers
[701.038s][info][gc,phases      ] GC(2194) Adjust Pointers 414.793ms
[701.038s][info][gc,phases,start] GC(2194) Compaction Phase
[701.203s][info][gc,phases      ] GC(2194) Compaction Phase 164.453ms
[701.203s][info][gc,phases,start] GC(2194) Post Compact
[701.205s][info][gc,phases      ] GC(2194) Post Compact 2.319ms
[701.205s][info][gc,heap        ] GC(2194) PSYoungGen: 111616K(222720K)->94723K(222720K) Eden: 111616K(111616K)->94723K(111616K) From: 0K(111104K)->0K(111104K)
[701.205s][info][gc,heap        ] GC(2194) ParOldGen: 667539K(667648K)->667539K(667648K)
[701.205s][info][gc,metaspace   ] GC(2194) Metaspace: 19043K(19200K)->19043K(19200K) NonClass: 17214K(17344K)->17214K(17344K) Class: 1829K(1856K)->1829K(1856K)
[701.205s][info][gc             ] GC(2194) Pause Full (Allocation Failure) 760M->744M(869M) 1215.759ms
[701.205s][info][gc,cpu         ] GC(2194) User=2.37s Sys=0.00s Real=1.21s
[701.228s][info][gc,start       ] GC(2195) Pause Full (Allocation Failure)
[701.228s][info][gc,phases,start] GC(2195) Marking Phase
[701.857s][info][gc,phases      ] GC(2195) Marking Phase 629.292ms
[701.857s][info][gc,phases,start] GC(2195) Summary Phase
[701.857s][info][gc,phases      ] GC(2195) Summary Phase 0.027ms
[701.858s][info][gc,phases,start] GC(2195) Forward
[701.942s][info][gc,phases      ] GC(2195) Forward 84.509ms
[701.942s][info][gc,phases,start] GC(2195) Adjust Pointers
[702.364s][info][gc,phases      ] GC(2195) Adjust Pointers 421.859ms
[702.364s][info][gc,phases,start] GC(2195) Compaction Phase
[702.541s][info][gc,phases      ] GC(2195) Compaction Phase 176.469ms
[702.544s][info][gc,phases,start] GC(2195) Post Compact
[702.546s][info][gc,phases      ] GC(2195) Post Compact 2.293ms
[702.546s][info][gc,heap        ] GC(2195) PSYoungGen: 111616K(222720K)->94745K(222720K) Eden: 111616K(111616K)->94745K(111616K) From: 0K(111104K)->0K(111104K)
[702.546s][info][gc,heap        ] GC(2195) ParOldGen: 667539K(667648K)->667539K(667648K)
[702.546s][info][gc,metaspace   ] GC(2195) Metaspace: 19043K(19200K)->19043K(19200K) NonClass: 17214K(17344K)->17214K(17344K) Class: 1829K(1856K)->1829K(1856K)
[702.546s][info][gc             ] GC(2195) Pause Full (Allocation Failure) 760M->744M(869M) 1318.402ms
[702.546s][info][gc,cpu         ] GC(2195) User=2.57s Sys=0.00s Real=1.32s
[702.569s][info][gc,start       ] GC(2196) Pause Full (Allocation Failure)
[702.569s][info][gc,phases,start] GC(2196) Marking Phase
[703.171s][info][gc,phases      ] GC(2196) Marking Phase 601.946ms
[703.171s][info][gc,phases,start] GC(2196) Summary Phase
[703.171s][info][gc,phases      ] GC(2196) Summary Phase 0.025ms
[703.171s][info][gc,phases,start] GC(2196) Forward
[703.195s][info][gc,phases      ] GC(2196) Forward 24.174ms
[703.195s][info][gc,phases,start] GC(2196) Adjust Pointers
[703.595s][info][gc,phases      ] GC(2196) Adjust Pointers 399.540ms
[703.595s][info][gc,phases,start] GC(2196) Compaction Phase
[703.756s][info][gc,phases      ] GC(2196) Compaction Phase 160.917ms
[703.756s][info][gc,phases,start] GC(2196) Post Compact
[703.758s][info][gc,phases      ] GC(2196) Post Compact 2.273ms
[703.758s][info][gc,heap        ] GC(2196) PSYoungGen: 111616K(222720K)->94787K(222720K) Eden: 111616K(111616K)->94787K(111616K) From: 0K(111104K)->0K(111104K)
[703.758s][info][gc,heap        ] GC(2196) ParOldGen: 667539K(667648K)->667539K(667648K)
[703.758s][info][gc,metaspace   ] GC(2196) Metaspace: 19043K(19200K)->19043K(19200K) NonClass: 17214K(17344K)->17214K(17344K) Class: 1829K(1856K)->1829K(1856K)
[703.758s][info][gc             ] GC(2196) Pause Full (Allocation Failure) 760M->744M(869M) 1189.315ms
[703.758s][info][gc,cpu         ] GC(2196) User=2.33s Sys=0.00s Real=1.19s
[703.776s][info][gc,start       ] GC(2197) Pause Full (Allocation Failure)
[703.776s][info][gc,phases,start] GC(2197) Marking Phase
[704.381s][info][gc,phases      ] GC(2197) Marking Phase 605.738ms
[704.382s][info][gc,phases,start] GC(2197) Summary Phase
[704.382s][info][gc,phases      ] GC(2197) Summary Phase 0.027ms
[704.382s][info][gc,phases,start] GC(2197) Forward
[704.406s][info][gc,phases      ] GC(2197) Forward 24.455ms
[704.406s][info][gc,phases,start] GC(2197) Adjust Pointers
[704.806s][info][gc,phases      ] GC(2197) Adjust Pointers 399.551ms
[704.806s][info][gc,phases,start] GC(2197) Compaction Phase
[704.967s][info][gc,phases      ] GC(2197) Compaction Phase 161.030ms
[704.967s][info][gc,phases,start] GC(2197) Post Compact
[704.969s][info][gc,phases      ] GC(2197) Post Compact 2.278ms
[704.969s][info][gc,heap        ] GC(2197) PSYoungGen: 111616K(222720K)->94790K(222720K) Eden: 111616K(111616K)->94790K(111616K) From: 0K(111104K)->0K(111104K)
[704.969s][info][gc,heap        ] GC(2197) ParOldGen: 667539K(667648K)->667539K(667648K)
[704.969s][info][gc,metaspace   ] GC(2197) Metaspace: 19043K(19200K)->19043K(19200K) NonClass: 17214K(17344K)->17214K(17344K) Class: 1829K(1856K)->1829K(1856K)
[704.969s][info][gc             ] GC(2197) Pause Full (Allocation Failure) 760M->744M(869M) 1193.526ms
[704.969s][info][gc,cpu         ] GC(2197) User=2.34s Sys=0.00s Real=1.20s
[705.001s][info][gc,start       ] GC(2198) Pause Full (Allocation Failure)
[705.001s][info][gc,phases,start] GC(2198) Marking Phase
[705.469s][info][gc,phases      ] GC(2198) Marking Phase 468.052ms
[705.469s][info][gc,phases,start] GC(2198) Summary Phase
[705.469s][info][gc,phases      ] GC(2198) Summary Phase 0.029ms
[705.469s][info][gc,phases,start] GC(2198) Forward
[705.608s][info][gc,phases      ] GC(2198) Forward 138.698ms
[705.608s][info][gc,phases,start] GC(2198) Adjust Pointers
[705.960s][info][gc,phases      ] GC(2198) Adjust Pointers 352.503ms
[705.960s][info][gc,phases,start] GC(2198) Compaction Phase
[706.157s][info][gc,phases      ] GC(2198) Compaction Phase 196.879ms
[706.170s][info][gc,phases,start] GC(2198) Post Compact
[706.173s][info][gc,phases      ] GC(2198) Post Compact 2.302ms
[706.173s][info][gc,heap        ] GC(2198) PSYoungGen: 111616K(222720K)->0K(222720K) Eden: 111616K(111616K)->0K(111616K) From: 0K(111104K)->0K(111104K)
[706.173s][info][gc,heap        ] GC(2198) ParOldGen: 667539K(667648K)->619790K(667648K)
[706.173s][info][gc,metaspace   ] GC(2198) Metaspace: 19043K(19200K)->19043K(19200K) NonClass: 17214K(17344K)->17214K(17344K) Class: 1829K(1856K)->1829K(1856K)
[706.173s][info][gc             ] GC(2198) Pause Full (Allocation Failure) 760M->605M(869M) 1171.994ms
[706.173s][info][gc,cpu         ] GC(2198) User=2.23s Sys=0.01s Real=1.17s
[706.590s][info][gc,start       ] GC(2199) Pause Young (Allocation Failure)
[706.592s][info][gc,heap        ] GC(2199) PSYoungGen: 111616K(222720K)->192K(222720K) Eden: 111616K(111616K)->0K(111616K) From: 0K(111104K)->192K(111104K)
[706.592s][info][gc,heap        ] GC(2199) ParOldGen: 619790K(667648K)->619790K(667648K)
[706.592s][info][gc,metaspace   ] GC(2199) Metaspace: 19046K(19200K)->19046K(19200K) NonClass: 17217K(17344K)->17217K(17344K) Class: 1829K(1856K)->1829K(1856K)
[706.592s][info][gc             ] GC(2199) Pause Young (Allocation Failure) 714M->605M(869M) 2.448ms
[706.592s][info][gc,cpu         ] GC(2199) User=0.01s Sys=0.00s Real=0.00s
[706.746s][info][gc,start       ] GC(2200) Pause Young (Allocation Failure)
[706.770s][info][gc,heap        ] GC(2200) PSYoungGen: 111808K(222720K)->21152K(222720K) Eden: 111616K(111616K)->0K(111616K) From: 192K(111104K)->21152K(111104K)
[706.770s][info][gc,heap        ] GC(2200) ParOldGen: 619790K(667648K)->619790K(667648K)
[706.770s][info][gc,metaspace   ] GC(2200) Metaspace: 19046K(19200K)->19046K(19200K) NonClass: 17217K(17344K)->17217K(17344K) Class: 1829K(1856K)->1829K(1856K)
[706.770s][info][gc             ] GC(2200) Pause Young (Allocation Failure) 714M->625M(869M) 24.416ms
[706.770s][info][gc,cpu         ] GC(2200) User=0.05s Sys=0.00s Real=0.03s
[706.922s][info][gc,start       ] GC(2201) Pause Young (Allocation Failure)
[706.948s][info][gc,heap        ] GC(2201) PSYoungGen: 132768K(222720K)->22936K(222720K) Eden: 111616K(111616K)->0K(111616K) From: 21152K(111104K)->22936K(111104K)
[706.948s][info][gc,heap        ] GC(2201) ParOldGen: 619790K(667648K)->619974K(667648K)
[706.948s][info][gc,metaspace   ] GC(2201) Metaspace: 19046K(19200K)->19046K(19200K) NonClass: 17217K(17344K)->17217K(17344K) Class: 1829K(1856K)->1829K(1856K)
[706.948s][info][gc             ] GC(2201) Pause Young (Allocation Failure) 734M->627M(869M) 26.386ms
[706.948s][info][gc,cpu         ] GC(2201) User=0.05s Sys=0.00s Real=0.03s
[707.151s][info][gc,start       ] GC(2202) Pause Young (Allocation Failure)
[707.179s][info][gc,heap        ] GC(2202) PSYoungGen: 134552K(222720K)->64K(222720K) Eden: 111616K(111616K)->0K(111616K) From: 22936K(111104K)->64K(111104K)
[707.179s][info][gc,heap        ] GC(2202) ParOldGen: 619974K(667648K)->642927K(667648K)
[707.179s][info][gc,metaspace   ] GC(2202) Metaspace: 19046K(19200K)->19046K(19200K) NonClass: 17217K(17344K)->17217K(17344K) Class: 1829K(1856K)->1829K(1856K)
[707.179s][info][gc             ] GC(2202) Pause Young (Allocation Failure) 736M->627M(869M) 27.516ms
[707.179s][info][gc,cpu         ] GC(2202) User=0.06s Sys=0.00s Real=0.03s
[707.383s][info][gc,start       ] GC(2203) Pause Full (Allocation Failure)
[707.383s][info][gc,phases,start] GC(2203) Marking Phase
[707.871s][info][gc,phases      ] GC(2203) Marking Phase 488.220ms
[707.871s][info][gc,phases,start] GC(2203) Summary Phase
[707.871s][info][gc,phases      ] GC(2203) Summary Phase 0.025ms
[707.871s][info][gc,phases,start] GC(2203) Forward
[707.877s][info][gc,phases      ] GC(2203) Forward 5.919ms
[707.877s][info][gc,phases,start] GC(2203) Adjust Pointers
[708.200s][info][gc,phases      ] GC(2203) Adjust Pointers 323.248ms
[708.200s][info][gc,phases,start] GC(2203) Compaction Phase
[708.339s][info][gc,phases      ] GC(2203) Compaction Phase 138.768ms
[708.339s][info][gc,phases,start] GC(2203) Post Compact
[708.341s][info][gc,phases      ] GC(2203) Post Compact 2.234ms
[708.341s][info][gc,heap        ] GC(2203) PSYoungGen: 111680K(222720K)->0K(222720K) Eden: 111616K(111616K)->0K(111616K) From: 64K(111104K)->0K(111104K)
[708.342s][info][gc,heap        ] GC(2203) ParOldGen: 642927K(667648K)->642818K(667648K)
[708.342s][info][gc,metaspace   ] GC(2203) Metaspace: 19046K(19200K)->19046K(19200K) NonClass: 17217K(17344K)->17217K(17344K) Class: 1829K(1856K)->1829K(1856K)
[708.342s][info][gc             ] GC(2203) Pause Full (Allocation Failure) 736M->627M(869M) 958.858ms
[708.342s][info][gc,cpu         ] GC(2203) User=1.87s Sys=0.00s Real=0.96s
[709.496s][info][gc,start       ] GC(2204) Pause Full (Allocation Failure)
[709.496s][info][gc,phases,start] GC(2204) Marking Phase
[709.985s][info][gc,phases      ] GC(2204) Marking Phase 488.932ms
[709.985s][info][gc,phases,start] GC(2204) Summary Phase
[709.985s][info][gc,phases      ] GC(2204) Summary Phase 0.027ms
[709.985s][info][gc,phases,start] GC(2204) Forward
[709.987s][info][gc,phases      ] GC(2204) Forward 1.918ms
[709.987s][info][gc,phases,start] GC(2204) Adjust Pointers
[710.307s][info][gc,phases      ] GC(2204) Adjust Pointers 319.860ms
[710.307s][info][gc,phases,start] GC(2204) Compaction Phase
[710.451s][info][gc,phases      ] GC(2204) Compaction Phase 143.979ms
[710.451s][info][gc,phases,start] GC(2204) Post Compact
[710.453s][info][gc,phases      ] GC(2204) Post Compact 2.213ms
[710.453s][info][gc,heap        ] GC(2204) PSYoungGen: 111616K(222720K)->0K(222720K) Eden: 111616K(111616K)->0K(111616K) From: 0K(111104K)->0K(111104K)
[710.453s][info][gc,heap        ] GC(2204) ParOldGen: 642818K(667648K)->643281K(667648K)
[710.453s][info][gc,metaspace   ] GC(2204) Metaspace: 19046K(19200K)->19046K(19200K) NonClass: 17217K(17344K)->17217K(17344K) Class: 1829K(1856K)->1829K(1856K)
[710.453s][info][gc             ] GC(2204) Pause Full (Allocation Failure) 736M->628M(869M) 957.402ms
[710.453s][info][gc,cpu         ] GC(2204) User=1.87s Sys=0.00s Real=0.96s
[711.016s][info][gc,start       ] GC(2205) Pause Full (Allocation Failure)
[711.016s][info][gc,phases,start] GC(2205) Marking Phase
[711.408s][info][gc,phases      ] GC(2205) Marking Phase 392.026ms
[711.408s][info][gc,phases,start] GC(2205) Summary Phase
[711.408s][info][gc,phases      ] GC(2205) Summary Phase 0.026ms
[711.408s][info][gc,phases,start] GC(2205) Forward
[711.484s][info][gc,phases      ] GC(2205) Forward 76.556ms
[711.484s][info][gc,phases,start] GC(2205) Adjust Pointers
[711.758s][info][gc,phases      ] GC(2205) Adjust Pointers 273.339ms
[711.758s][info][gc,phases,start] GC(2205) Compaction Phase
[711.906s][info][gc,phases      ] GC(2205) Compaction Phase 147.612ms
[711.910s][info][gc,phases,start] GC(2205) Post Compact
[711.912s][info][gc,phases      ] GC(2205) Post Compact 2.305ms
[711.912s][info][gc,heap        ] GC(2205) PSYoungGen: 111616K(222720K)->0K(222720K) Eden: 111616K(111616K)->0K(111616K) From: 0K(111104K)->0K(111104K)
[711.912s][info][gc,heap        ] GC(2205) ParOldGen: 643281K(667648K)->518469K(667648K)
[711.912s][info][gc,metaspace   ] GC(2205) Metaspace: 19046K(19200K)->19046K(19200K) NonClass: 17217K(17344K)->17217K(17344K) Class: 1829K(1856K)->1829K(1856K)
[711.912s][info][gc             ] GC(2205) Pause Full (Allocation Failure) 737M->506M(869M) 896.726ms
[711.912s][info][gc,cpu         ] GC(2205) User=1.72s Sys=0.00s Real=0.90s
[712.461s][info][gc,start       ] GC(2206) Pause Young (Allocation Failure)
[712.465s][info][gc,heap        ] GC(2206) PSYoungGen: 111616K(222720K)->1248K(222720K) Eden: 111616K(111616K)->0K(111616K) From: 0K(111104K)->1248K(111104K)
[712.465s][info][gc,heap        ] GC(2206) ParOldGen: 518469K(667648K)->518469K(667648K)
[712.465s][info][gc,metaspace   ] GC(2206) Metaspace: 19047K(19200K)->19047K(19200K) NonClass: 17218K(17344K)->17218K(17344K) Class: 1829K(1856K)->1829K(1856K)
[712.465s][info][gc             ] GC(2206) Pause Young (Allocation Failure) 615M->507M(869M) 3.647ms
[712.465s][info][gc,cpu         ] GC(2206) User=0.01s Sys=0.00s Real=0.00s
[712.821s][info][gc,start       ] GC(2207) Pause Young (Allocation Failure)
[712.825s][info][gc,heap        ] GC(2207) PSYoungGen: 112824K(222720K)->597K(222720K) Eden: 111576K(111616K)->0K(111616K) From: 1248K(111104K)->597K(111104K)
[712.825s][info][gc,heap        ] GC(2207) ParOldGen: 518469K(667648K)->519654K(667648K)
[712.825s][info][gc,metaspace   ] GC(2207) Metaspace: 19048K(19200K)->19048K(19200K) NonClass: 17219K(17344K)->17219K(17344K) Class: 1829K(1856K)->1829K(1856K)
[712.825s][info][gc             ] GC(2207) Pause Young (Allocation Failure) 616M->508M(869M) 4.003ms
[712.825s][info][gc,cpu         ] GC(2207) User=0.01s Sys=0.00s Real=0.00s
[713.104s][info][gc,start       ] GC(2208) Pause Young (Allocation Failure)
[713.106s][info][gc,heap        ] GC(2208) PSYoungGen: 112213K(222720K)->352K(222720K) Eden: 111616K(111616K)->0K(111616K) From: 597K(111104K)->352K(111104K)
[713.106s][info][gc,heap        ] GC(2208) ParOldGen: 519654K(667648K)->519830K(667648K)
[713.106s][info][gc,metaspace   ] GC(2208) Metaspace: 19049K(19200K)->19049K(19200K) NonClass: 17219K(17344K)->17219K(17344K) Class: 1829K(1856K)->1829K(1856K)
[713.106s][info][gc             ] GC(2208) Pause Young (Allocation Failure) 617M->507M(869M) 2.162ms
[713.106s][info][gc,cpu         ] GC(2208) User=0.00s Sys=0.00s Real=0.00s
[713.371s][info][gc,start       ] GC(2209) Pause Young (Allocation Failure)
[713.373s][info][gc,heap        ] GC(2209) PSYoungGen: 111881K(222720K)->650K(222720K) Eden: 111529K(111616K)->0K(111616K) From: 352K(111104K)->650K(111104K)
[713.373s][info][gc,heap        ] GC(2209) ParOldGen: 519830K(667648K)->519950K(667648K)
[713.373s][info][gc,metaspace   ] GC(2209) Metaspace: 19052K(19200K)->19052K(19200K) NonClass: 17222K(17344K)->17222K(17344K) Class: 1829K(1856K)->1829K(1856K)
[713.373s][info][gc             ] GC(2209) Pause Young (Allocation Failure) 616M->508M(869M) 2.184ms
[713.373s][info][gc,cpu         ] GC(2209) User=0.01s Sys=0.00s Real=0.00s
[713.531s][info][gc,start       ] GC(2210) Pause Young (Allocation Failure)
[713.557s][info][gc,heap        ] GC(2210) PSYoungGen: 112266K(222720K)->30080K(217600K) Eden: 111616K(111616K)->0K(111616K) From: 650K(111104K)->30080K(105984K)
[713.557s][info][gc,heap        ] GC(2210) ParOldGen: 519950K(667648K)->520070K(667648K)
[713.557s][info][gc,metaspace   ] GC(2210) Metaspace: 19057K(19200K)->19057K(19200K) NonClass: 17228K(17344K)->17228K(17344K) Class: 1829K(1856K)->1829K(1856K)
[713.557s][info][gc             ] GC(2210) Pause Young (Allocation Failure) 617M->537M(864M) 26.473ms
[713.558s][info][gc,cpu         ] GC(2210) User=0.05s Sys=0.00s Real=0.03s
[713.661s][info][gc,start       ] GC(2211) Pause Young (Allocation Failure)
[713.711s][info][gc,heap        ] GC(2211) PSYoungGen: 141696K(217600K)->63456K(220160K) Eden: 111616K(111616K)->0K(111616K) From: 30080K(105984K)->63456K(108544K)
[713.711s][info][gc,heap        ] GC(2211) ParOldGen: 520070K(667648K)->520070K(667648K)
[713.711s][info][gc,metaspace   ] GC(2211) Metaspace: 19058K(19200K)->19058K(19200K) NonClass: 17228K(17344K)->17228K(17344K) Class: 1829K(1856K)->1829K(1856K)
[713.711s][info][gc             ] GC(2211) Pause Young (Allocation Failure) 646M->569M(867M) 49.620ms
[713.711s][info][gc,cpu         ] GC(2211) User=0.10s Sys=0.00s Real=0.05s
[713.795s][info][gc,start       ] GC(2212) Pause Young (Allocation Failure)
[713.876s][info][gc,heap        ] GC(2212) PSYoungGen: 175072K(220160K)->41440K(223744K) Eden: 111616K(111616K)->0K(113152K) From: 63456K(108544K)->41440K(110592K)
[713.876s][info][gc,heap        ] GC(2212) ParOldGen: 520070K(667648K)->583910K(667648K)
[713.876s][info][gc,metaspace   ] GC(2212) Metaspace: 19058K(19200K)->19058K(19200K) NonClass: 17228K(17344K)->17228K(17344K) Class: 1829K(1856K)->1829K(1856K)
[713.876s][info][gc             ] GC(2212) Pause Young (Allocation Failure) 678M->610M(870M) 80.892ms
[713.876s][info][gc,cpu         ] GC(2212) User=0.16s Sys=0.00s Real=0.08s
[713.972s][info][gc,start       ] GC(2213) Pause Young (Allocation Failure)
[714.036s][info][gc,heap        ] GC(2213) PSYoungGen: 154592K(223744K)->85360K(222720K) Eden: 113152K(113152K)->0K(113152K) From: 41440K(110592K)->85360K(109568K)
[714.036s][info][gc,heap        ] GC(2213) ParOldGen: 583910K(667648K)->583910K(667648K)
[714.036s][info][gc,metaspace   ] GC(2213) Metaspace: 19058K(19200K)->19058K(19200K) NonClass: 17228K(17344K)->17228K(17344K) Class: 1829K(1856K)->1829K(1856K)
[714.036s][info][gc             ] GC(2213) Pause Young (Allocation Failure) 721M->653M(869M) 63.458ms
[714.036s][info][gc,cpu         ] GC(2213) User=0.13s Sys=0.00s Real=0.06s
[714.199s][info][gc,start       ] GC(2214) Pause Young (Allocation Failure)
[714.296s][info][gc,promotion   ] GC(2214) Promotion failed
[714.296s][info][gc,heap        ] GC(2214) PSYoungGen: 198512K(222720K)->198512K(222720K) Eden: 113152K(113152K)->113152K(113152K) From: 85360K(109568K)->85360K(109568K)
[714.296s][info][gc,heap        ] GC(2214) ParOldGen: 583910K(667648K)->667645K(667648K)
[714.296s][info][gc,metaspace   ] GC(2214) Metaspace: 19058K(19200K)->19058K(19200K) NonClass: 17228K(17344K)->17228K(17344K) Class: 1829K(1856K)->1829K(1856K)
[714.296s][info][gc             ] GC(2214) Pause Young (Allocation Failure) 764M->845M(869M) 97.195ms
[714.296s][info][gc,cpu         ] GC(2214) User=0.19s Sys=0.00s Real=0.09s
[714.296s][info][gc,start       ] GC(2215) Pause Full (Allocation Failure)
[714.296s][info][gc,phases,start] GC(2215) Marking Phase
[714.434s][info][gc,phases      ] GC(2215) Marking Phase 138.123ms
[714.434s][info][gc,phases,start] GC(2215) Summary Phase
[714.434s][info][gc,phases      ] GC(2215) Summary Phase 0.027ms
[714.434s][info][gc,phases,start] GC(2215) Forward
[714.489s][info][gc,phases      ] GC(2215) Forward 54.452ms
[714.489s][info][gc,phases,start] GC(2215) Adjust Pointers
[714.583s][info][gc,phases      ] GC(2215) Adjust Pointers 94.059ms
[714.583s][info][gc,phases,start] GC(2215) Compaction Phase
[714.643s][info][gc,phases      ] GC(2215) Compaction Phase 59.889ms
[714.645s][info][gc,phases,start] GC(2215) Post Compact
[714.648s][info][gc,phases      ] GC(2215) Post Compact 2.610ms
[714.662s][info][gc,heap        ] GC(2215) PSYoungGen: 198512K(222720K)->0K(222720K) Eden: 113152K(113152K)->0K(111616K) From: 85360K(109568K)->0K(111104K)
[714.662s][info][gc,heap        ] GC(2215) ParOldGen: 667645K(667648K)->227905K(503808K)
[714.662s][info][gc,metaspace   ] GC(2215) Metaspace: 19058K(19200K)->19058K(19200K) NonClass: 17228K(17344K)->17228K(17344K) Class: 1829K(1856K)->1829K(1856K)
[714.662s][info][gc             ] GC(2215) Pause Full (Allocation Failure) 845M->222M(709M) 366.003ms
[714.662s][info][gc,cpu         ] GC(2215) User=0.63s Sys=0.02s Real=0.37s
[714.774s][info][gc,start       ] GC(2216) Pause Young (Allocation Failure)
[714.798s][info][gc,heap        ] GC(2216) PSYoungGen: 111616K(222720K)->6432K(222720K) Eden: 111616K(111616K)->0K(111616K) From: 0K(111104K)->6432K(111104K)
[714.798s][info][gc,heap        ] GC(2216) ParOldGen: 227905K(503808K)->227905K(503808K)
[714.798s][info][gc,metaspace   ] GC(2216) Metaspace: 19059K(19200K)->19059K(19200K) NonClass: 17230K(17344K)->17230K(17344K) Class: 1829K(1856K)->1829K(1856K)
[714.798s][info][gc             ] GC(2216) Pause Young (Allocation Failure) 331M->228M(709M) 24.327ms
[714.798s][info][gc,cpu         ] GC(2216) User=0.04s Sys=0.00s Real=0.03s
[714.940s][info][gc,start       ] GC(2217) Pause Young (Allocation Failure)
[714.995s][info][gc,heap        ] GC(2217) PSYoungGen: 118048K(222720K)->23826K(222720K) Eden: 111616K(111616K)->0K(111616K) From: 6432K(111104K)->23826K(111104K)
[714.995s][info][gc,heap        ] GC(2217) ParOldGen: 227905K(503808K)->234329K(503808K)
[714.995s][info][gc,metaspace   ] GC(2217) Metaspace: 19067K(19200K)->19067K(19200K) NonClass: 17237K(17344K)->17237K(17344K) Class: 1829K(1856K)->1829K(1856K)
[714.995s][info][gc             ] GC(2217) Pause Young (Allocation Failure) 337M->252M(709M) 55.210ms
[714.995s][info][gc,cpu         ] GC(2217) User=0.11s Sys=0.00s Real=0.05s
[715.107s][info][gc,start       ] GC(2218) Pause Young (Allocation Failure)
[715.155s][info][gc,heap        ] GC(2218) PSYoungGen: 135442K(222720K)->13024K(124928K) Eden: 111616K(111616K)->0K(111616K) From: 23826K(111104K)->13024K(13312K)
[715.155s][info][gc,heap        ] GC(2218) ParOldGen: 234329K(503808K)->258189K(503808K)
[715.155s][info][gc,metaspace   ] GC(2218) Metaspace: 19067K(19200K)->19067K(19200K) NonClass: 17237K(17344K)->17237K(17344K) Class: 1829K(1856K)->1829K(1856K)
[715.155s][info][gc             ] GC(2218) Pause Young (Allocation Failure) 361M->264M(614M) 47.485ms
[715.155s][info][gc,cpu         ] GC(2218) User=0.09s Sys=0.00s Real=0.04s
[715.271s][info][gc,start       ] GC(2219) Pause Young (Allocation Failure)
[715.291s][info][gc,heap        ] GC(2219) PSYoungGen: 124640K(124928K)->16992K(220672K) Eden: 111616K(111616K)->0K(116736K) From: 13024K(13312K)->16992K(103936K)
[715.291s][info][gc,heap        ] GC(2219) ParOldGen: 258189K(503808K)->258189K(503808K)
[715.291s][info][gc,metaspace   ] GC(2219) Metaspace: 19067K(19200K)->19067K(19200K) NonClass: 17237K(17344K)->17237K(17344K) Class: 1829K(1856K)->1829K(1856K)
[715.291s][info][gc             ] GC(2219) Pause Young (Allocation Failure) 373M->268M(707M) 19.858ms
[715.291s][info][gc,cpu         ] GC(2219) User=0.04s Sys=0.00s Real=0.02s
[715.377s][info][gc,start       ] GC(2220) Pause Young (Allocation Failure)
[715.406s][info][gc,heap        ] GC(2220) PSYoungGen: 133728K(220672K)->24640K(219136K) Eden: 116736K(116736K)->0K(116736K) From: 16992K(103936K)->24640K(102400K)
[715.406s][info][gc,heap        ] GC(2220) ParOldGen: 258189K(503808K)->258189K(503808K)
[715.406s][info][gc,metaspace   ] GC(2220) Metaspace: 19067K(19200K)->19067K(19200K) NonClass: 17237K(17344K)->17237K(17344K) Class: 1829K(1856K)->1829K(1856K)
[715.406s][info][gc             ] GC(2220) Pause Young (Allocation Failure) 382M->276M(706M) 28.291ms
[715.406s][info][gc,cpu         ] GC(2220) User=0.05s Sys=0.00s Real=0.02s
[715.512s][info][gc,start       ] GC(2221) Pause Young (Allocation Failure)
[715.548s][info][gc,heap        ] GC(2221) PSYoungGen: 141376K(219136K)->32832K(209408K) Eden: 116736K(116736K)->0K(123904K) From: 24640K(102400K)->32832K(85504K)
[715.548s][info][gc,heap        ] GC(2221) ParOldGen: 258189K(503808K)->258189K(503808K)
[715.548s][info][gc,metaspace   ] GC(2221) Metaspace: 19067K(19200K)->19067K(19200K) NonClass: 17237K(17344K)->17237K(17344K) Class: 1829K(1856K)->1829K(1856K)
[715.548s][info][gc             ] GC(2221) Pause Young (Allocation Failure) 390M->284M(696M) 36.343ms
[715.548s][info][gc,cpu         ] GC(2221) User=0.07s Sys=0.00s Real=0.04s
[715.625s][info][gc,start       ] GC(2222) Pause Young (Allocation Failure)
[715.680s][info][gc,heap        ] GC(2222) PSYoungGen: 156736K(209408K)->55376K(214528K) Eden: 123904K(123904K)->0K(123904K) From: 32832K(85504K)->55376K(90624K)
[715.680s][info][gc,heap        ] GC(2222) ParOldGen: 258189K(503808K)->258189K(503808K)
[715.680s][info][gc,metaspace   ] GC(2222) Metaspace: 19067K(19200K)->19067K(19200K) NonClass: 17237K(17344K)->17237K(17344K) Class: 1829K(1856K)->1829K(1856K)
[715.680s][info][gc             ] GC(2222) Pause Young (Allocation Failure) 405M->306M(701M) 55.478ms
[715.680s][info][gc,cpu         ] GC(2222) User=0.11s Sys=0.00s Real=0.06s
[715.762s][info][gc,start       ] GC(2223) Pause Young (Allocation Failure)
[715.847s][info][gc,heap        ] GC(2223) PSYoungGen: 179280K(214528K)->87984K(210944K) Eden: 123904K(123904K)->0K(116736K) From: 55376K(90624K)->87984K(94208K)
[715.847s][info][gc,heap        ] GC(2223) ParOldGen: 258189K(503808K)->258189K(503808K)
[715.847s][info][gc,metaspace   ] GC(2223) Metaspace: 19067K(19200K)->19067K(19200K) NonClass: 17237K(17344K)->17237K(17344K) Class: 1829K(1856K)->1829K(1856K)
[715.847s][info][gc             ] GC(2223) Pause Young (Allocation Failure) 427M->338M(698M) 85.045ms
[715.847s][info][gc,cpu         ] GC(2223) User=0.17s Sys=0.01s Real=0.09s
[715.934s][info][gc,start       ] GC(2224) Pause Young (Allocation Failure)
[716.024s][info][gc,heap        ] GC(2224) PSYoungGen: 204720K(210944K)->96675K(213504K) Eden: 116736K(116736K)->0K(116736K) From: 87984K(94208K)->96675K(96768K)
[716.024s][info][gc,heap        ] GC(2224) ParOldGen: 258189K(503808K)->258189K(503808K)
[716.024s][info][gc,metaspace   ] GC(2224) Metaspace: 19067K(19200K)->19067K(19200K) NonClass: 17237K(17344K)->17237K(17344K) Class: 1829K(1856K)->1829K(1856K)
[716.024s][info][gc             ] GC(2224) Pause Young (Allocation Failure) 452M->346M(700M) 90.157ms
[716.024s][info][gc,cpu         ] GC(2224) User=0.18s Sys=0.00s Real=0.09s
[716.114s][info][gc,start       ] GC(2225) Pause Young (Allocation Failure)
[716.215s][info][gc,heap        ] GC(2225) PSYoungGen: 213411K(213504K)->87155K(222720K) Eden: 116736K(116736K)->0K(111616K) From: 96675K(96768K)->87155K(111104K)
[716.215s][info][gc,heap        ] GC(2225) ParOldGen: 258189K(503808K)->275210K(503808K)
[716.215s][info][gc,metaspace   ] GC(2225) Metaspace: 19067K(19200K)->19067K(19200K) NonClass: 17237K(17344K)->17237K(17344K) Class: 1829K(1856K)->1829K(1856K)
[716.215s][info][gc             ] GC(2225) Pause Young (Allocation Failure) 460M->353M(709M) 100.566ms
[716.215s][info][gc,cpu         ] GC(2225) User=0.19s Sys=0.00s Real=0.10s
[716.299s][info][gc,start       ] GC(2226) Pause Young (Allocation Failure)
[716.384s][info][gc,heap        ] GC(2226) PSYoungGen: 198771K(222720K)->72195K(222720K) Eden: 111616K(111616K)->0K(111616K) From: 87155K(111104K)->72195K(111104K)
[716.384s][info][gc,heap        ] GC(2226) ParOldGen: 275210K(503808K)->291098K(503808K)
[716.384s][info][gc,metaspace   ] GC(2226) Metaspace: 19067K(19200K)->19067K(19200K) NonClass: 17237K(17344K)->17237K(17344K) Class: 1829K(1856K)->1829K(1856K)
[716.384s][info][gc             ] GC(2226) Pause Young (Allocation Failure) 462M->354M(709M) 84.528ms
[716.384s][info][gc,cpu         ] GC(2226) User=0.17s Sys=0.00s Real=0.08s
[716.447s][info][gc,start       ] GC(2227) Pause Young (Allocation Failure)
[716.519s][info][gc,heap        ] GC(2227) PSYoungGen: 183811K(222720K)->20931K(222720K) Eden: 111616K(111616K)->0K(111616K) From: 72195K(111104K)->20931K(111104K)
[716.519s][info][gc,heap        ] GC(2227) ParOldGen: 291098K(503808K)->346645K(503808K)
[716.519s][info][gc,metaspace   ] GC(2227) Metaspace: 19067K(19200K)->19067K(19200K) NonClass: 17237K(17344K)->17237K(17344K) Class: 1829K(1856K)->1829K(1856K)
[716.519s][info][gc             ] GC(2227) Pause Young (Allocation Failure) 463M->358M(709M) 71.815ms
[716.519s][info][gc,cpu         ] GC(2227) User=0.14s Sys=0.00s Real=0.07s
[716.591s][info][gc,start       ] GC(2228) Pause Young (Allocation Failure)
[716.624s][info][gc,heap        ] GC(2228) PSYoungGen: 132547K(222720K)->8064K(222720K) Eden: 111616K(111616K)->0K(111616K) From: 20931K(111104K)->8064K(111104K)
[716.624s][info][gc,heap        ] GC(2228) ParOldGen: 346645K(503808K)->362856K(503808K)
[716.625s][info][gc,metaspace   ] GC(2228) Metaspace: 19067K(19200K)->19067K(19200K) NonClass: 17237K(17344K)->17237K(17344K) Class: 1829K(1856K)->1829K(1856K)
[716.625s][info][gc             ] GC(2228) Pause Young (Allocation Failure) 467M->362M(709M) 33.564ms
[716.625s][info][gc,cpu         ] GC(2228) User=0.06s Sys=0.00s Real=0.03s
[716.904s][info][gc,start       ] GC(2229) Pause Young (Allocation Failure)
[716.916s][info][gc,heap        ] GC(2229) PSYoungGen: 119680K(222720K)->3968K(222720K) Eden: 111616K(111616K)->0K(111616K) From: 8064K(111104K)->3968K(111104K)
[716.916s][info][gc,heap        ] GC(2229) ParOldGen: 362856K(503808K)->367600K(503808K)
[716.916s][info][gc,metaspace   ] GC(2229) Metaspace: 19067K(19200K)->19067K(19200K) NonClass: 17237K(17344K)->17237K(17344K) Class: 1829K(1856K)->1829K(1856K)
[716.916s][info][gc             ] GC(2229) Pause Young (Allocation Failure) 471M->362M(709M) 11.990ms
[716.916s][info][gc,cpu         ] GC(2229) User=0.02s Sys=0.00s Real=0.01s
[717.156s][info][gc,start       ] GC(2230) Pause Young (Allocation Failure)
[717.181s][info][gc,heap        ] GC(2230) PSYoungGen: 115584K(222720K)->19200K(222720K) Eden: 111616K(111616K)->0K(111616K) From: 3968K(111104K)->19200K(111104K)
[717.182s][info][gc,heap        ] GC(2230) ParOldGen: 367600K(503808K)->371493K(503808K)
[717.182s][info][gc,metaspace   ] GC(2230) Metaspace: 19067K(19200K)->19067K(19200K) NonClass: 17237K(17344K)->17237K(17344K) Class: 1829K(1856K)->1829K(1856K)
[717.182s][info][gc             ] GC(2230) Pause Young (Allocation Failure) 471M->381M(709M) 25.822ms
[717.182s][info][gc,cpu         ] GC(2230) User=0.05s Sys=0.00s Real=0.03s
[717.297s][info][gc,start       ] GC(2231) Pause Young (Allocation Failure)
[717.356s][info][gc,heap        ] GC(2231) PSYoungGen: 130816K(222720K)->39088K(222720K) Eden: 111616K(111616K)->0K(111616K) From: 19200K(111104K)->39088K(111104K)
[717.356s][info][gc,heap        ] GC(2231) ParOldGen: 371493K(503808K)->390580K(503808K)
[717.356s][info][gc,metaspace   ] GC(2231) Metaspace: 19067K(19200K)->19067K(19200K) NonClass: 17237K(17344K)->17237K(17344K) Class: 1829K(1856K)->1829K(1856K)
[717.356s][info][gc             ] GC(2231) Pause Young (Allocation Failure) 490M->419M(709M) 59.785ms
[717.356s][info][gc,cpu         ] GC(2231) User=0.12s Sys=0.00s Real=0.06s
[717.528s][info][gc,start       ] GC(2232) Pause Young (Allocation Failure)
[717.586s][info][gc,heap        ] GC(2232) PSYoungGen: 150704K(222720K)->25600K(137728K) Eden: 111616K(111616K)->0K(111616K) From: 39088K(111104K)->25600K(26112K)
[717.586s][info][gc,heap        ] GC(2232) ParOldGen: 390580K(503808K)->429897K(503808K)
[717.586s][info][gc,metaspace   ] GC(2232) Metaspace: 19067K(19200K)->19067K(19200K) NonClass: 17237K(17344K)->17237K(17344K) Class: 1829K(1856K)->1829K(1856K)
[717.586s][info][gc             ] GC(2232) Pause Young (Allocation Failure) 528M->444M(626M) 58.540ms
[717.586s][info][gc,cpu         ] GC(2232) User=0.12s Sys=0.00s Real=0.06s
[717.693s][info][gc,start       ] GC(2233) Pause Young (Allocation Failure)
[717.725s][info][gc,heap        ] GC(2233) PSYoungGen: 137216K(137728K)->29440K(221184K) Eden: 111616K(111616K)->0K(117248K) From: 25600K(26112K)->29440K(103936K)
[717.725s][info][gc,heap        ] GC(2233) ParOldGen: 429897K(503808K)->429897K(503808K)
[717.725s][info][gc,metaspace   ] GC(2233) Metaspace: 19067K(19200K)->19067K(19200K) NonClass: 17237K(17344K)->17237K(17344K) Class: 1829K(1856K)->1829K(1856K)
[717.725s][info][gc             ] GC(2233) Pause Young (Allocation Failure) 553M->448M(708M) 31.896ms
[717.725s][info][gc,cpu         ] GC(2233) User=0.06s Sys=0.00s Real=0.03s
[717.797s][info][gc,start       ] GC(2234) Pause Young (Allocation Failure)
[717.829s][info][gc,heap        ] GC(2234) PSYoungGen: 146688K(221184K)->30240K(219136K) Eden: 117248K(117248K)->0K(117248K) From: 29440K(103936K)->30240K(101888K)
[717.830s][info][gc,heap        ] GC(2234) ParOldGen: 429897K(503808K)->429897K(503808K)
[717.830s][info][gc,metaspace   ] GC(2234) Metaspace: 19067K(19200K)->19067K(19200K) NonClass: 17237K(17344K)->17237K(17344K) Class: 1829K(1856K)->1829K(1856K)
[717.830s][info][gc             ] GC(2234) Pause Young (Allocation Failure) 563M->449M(706M) 32.463ms
[717.830s][info][gc,cpu         ] GC(2234) User=0.06s Sys=0.00s Real=0.03s
[718.024s][info][gc,start       ] GC(2235) Pause Young (Allocation Failure)
[718.059s][info][gc,heap        ] GC(2235) PSYoungGen: 147488K(219136K)->31584K(208384K) Eden: 117248K(117248K)->0K(124416K) From: 30240K(101888K)->31584K(83968K)
[718.059s][info][gc,heap        ] GC(2235) ParOldGen: 429897K(503808K)->429897K(503808K)
[718.059s][info][gc,metaspace   ] GC(2235) Metaspace: 19067K(19200K)->19067K(19200K) NonClass: 17237K(17344K)->17237K(17344K) Class: 1829K(1856K)->1829K(1856K)
[718.059s][info][gc             ] GC(2235) Pause Young (Allocation Failure) 563M->450M(695M) 34.850ms
[718.059s][info][gc,cpu         ] GC(2235) User=0.06s Sys=0.00s Real=0.04s
[718.285s][info][gc,start       ] GC(2236) Pause Young (Allocation Failure)
[718.320s][info][gc,heap        ] GC(2236) PSYoungGen: 156000K(208384K)->31744K(215040K) Eden: 124416K(124416K)->0K(124416K) From: 31584K(83968K)->31744K(90624K)
[718.320s][info][gc,heap        ] GC(2236) ParOldGen: 429897K(503808K)->429897K(503808K)
[718.320s][info][gc,metaspace   ] GC(2236) Metaspace: 19067K(19200K)->19067K(19200K) NonClass: 17237K(17344K)->17237K(17344K) Class: 1829K(1856K)->1829K(1856K)
[718.320s][info][gc             ] GC(2236) Pause Young (Allocation Failure) 572M->450M(702M) 34.779ms
[718.320s][info][gc,cpu         ] GC(2236) User=0.07s Sys=0.00s Real=0.04s
[718.549s][info][gc,start       ] GC(2237) Pause Young (Allocation Failure)
[718.620s][info][gc,heap        ] GC(2237) PSYoungGen: 156160K(215040K)->65696K(210432K) Eden: 124416K(124416K)->0K(124928K) From: 31744K(90624K)->65696K(85504K)
[718.620s][info][gc,heap        ] GC(2237) ParOldGen: 429897K(503808K)->429897K(503808K)
[718.620s][info][gc,metaspace   ] GC(2237) Metaspace: 19067K(19200K)->19067K(19200K) NonClass: 17237K(17344K)->17237K(17344K) Class: 1829K(1856K)->1829K(1856K)
[718.620s][info][gc             ] GC(2237) Pause Young (Allocation Failure) 572M->483M(697M) 70.837ms
[718.620s][info][gc,cpu         ] GC(2237) User=0.14s Sys=0.00s Real=0.07s
[718.774s][info][gc,start       ] GC(2238) Pause Young (Allocation Failure)
[718.892s][info][gc,heap        ] GC(2238) PSYoungGen: 190624K(210432K)->92131K(217088K) Eden: 124928K(124928K)->0K(124928K) From: 65696K(85504K)->92131K(92160K)
[718.892s][info][gc,heap        ] GC(2238) ParOldGen: 429897K(503808K)->451396K(503808K)
[718.892s][info][gc,metaspace   ] GC(2238) Metaspace: 19067K(19200K)->19067K(19200K) NonClass: 17237K(17344K)->17237K(17344K) Class: 1829K(1856K)->1829K(1856K)
[718.892s][info][gc             ] GC(2238) Pause Young (Allocation Failure) 605M->530M(704M) 118.599ms
[718.892s][info][gc,cpu         ] GC(2238) User=0.24s Sys=0.00s Real=0.12s
[718.988s][info][gc,start       ] GC(2239) Pause Young (Allocation Failure)
[719.178s][info][gc,heap        ] GC(2239) PSYoungGen: 217059K(217088K)->111080K(222720K) Eden: 124928K(124928K)->0K(111616K) From: 92131K(92160K)->111080K(111104K)
[719.178s][info][gc,heap        ] GC(2239) ParOldGen: 451396K(503808K)->506359K(506368K)
[719.178s][info][gc,metaspace   ] GC(2239) Metaspace: 19067K(19200K)->19067K(19200K) NonClass: 17237K(17344K)->17237K(17344K) Class: 1829K(1856K)->1829K(1856K)
[719.179s][info][gc             ] GC(2239) Pause Young (Allocation Failure) 652M->602M(712M) 190.772ms
[719.179s][info][gc,cpu         ] GC(2239) User=0.36s Sys=0.02s Real=0.19s
[719.253s][info][gc,start       ] GC(2240) Pause Young (Allocation Failure)
[719.400s][info][gc,heap        ] GC(2240) PSYoungGen: 222696K(222720K)->111080K(222720K) Eden: 111616K(111616K)->0K(111616K) From: 111080K(111104K)->111080K(111104K)
[719.400s][info][gc,heap        ] GC(2240) ParOldGen: 506359K(506368K)->529919K(529920K)
[719.400s][info][gc,metaspace   ] GC(2240) Metaspace: 19067K(19200K)->19067K(19200K) NonClass: 17237K(17344K)->17237K(17344K) Class: 1829K(1856K)->1829K(1856K)
[719.400s][info][gc             ] GC(2240) Pause Young (Allocation Failure) 711M->625M(735M) 147.298ms
[719.400s][info][gc,cpu         ] GC(2240) User=0.27s Sys=0.02s Real=0.15s
[719.498s][info][gc,start       ] GC(2241) Pause Young (Allocation Failure)
[719.604s][info][gc,heap        ] GC(2241) PSYoungGen: 222696K(222720K)->111100K(222720K) Eden: 111616K(111616K)->0K(111616K) From: 111080K(111104K)->111100K(111104K)
[719.604s][info][gc,heap        ] GC(2241) ParOldGen: 529919K(529920K)->530335K(530432K)
[719.604s][info][gc,metaspace   ] GC(2241) Metaspace: 19067K(19200K)->19067K(19200K) NonClass: 17237K(17344K)->17237K(17344K) Class: 1829K(1856K)->1829K(1856K)
[719.604s][info][gc             ] GC(2241) Pause Young (Allocation Failure) 734M->626M(735M) 106.493ms
[719.605s][info][gc,cpu         ] GC(2241) User=0.21s Sys=0.00s Real=0.10s
[719.687s][info][gc,start       ] GC(2242) Pause Young (Allocation Failure)
[719.846s][info][gc,heap        ] GC(2242) PSYoungGen: 222716K(222720K)->18036K(222720K) Eden: 111616K(111616K)->0K(111616K) From: 111100K(111104K)->18036K(111104K)
[719.846s][info][gc,heap        ] GC(2242) ParOldGen: 530335K(530432K)->630715K(630784K)
[719.846s][info][gc,metaspace   ] GC(2242) Metaspace: 19067K(19200K)->19067K(19200K) NonClass: 17237K(17344K)->17237K(17344K) Class: 1829K(1856K)->1829K(1856K)
[719.846s][info][gc             ] GC(2242) Pause Young (Allocation Failure) 735M->633M(833M) 159.160ms
[719.846s][info][gc,cpu         ] GC(2242) User=0.25s Sys=0.07s Real=0.16s
[719.968s][info][gc,start       ] GC(2243) Pause Full (Allocation Failure)
[719.968s][info][gc,phases,start] GC(2243) Marking Phase
[720.036s][info][gc,phases      ] GC(2243) Marking Phase 68.094ms
[720.036s][info][gc,phases,start] GC(2243) Summary Phase
[720.036s][info][gc,phases      ] GC(2243) Summary Phase 0.031ms
[720.036s][info][gc,phases,start] GC(2243) Forward
[720.059s][info][gc,phases      ] GC(2243) Forward 22.916ms
[720.059s][info][gc,phases,start] GC(2243) Adjust Pointers
[720.110s][info][gc,phases      ] GC(2243) Adjust Pointers 50.366ms
[720.110s][info][gc,phases,start] GC(2243) Compaction Phase
[720.134s][info][gc,phases      ] GC(2243) Compaction Phase 24.414ms
[720.137s][info][gc,phases,start] GC(2243) Post Compact
[720.139s][info][gc,phases      ] GC(2243) Post Compact 2.296ms
[720.157s][info][gc,heap        ] GC(2243) PSYoungGen: 129652K(222720K)->0K(222720K) Eden: 111616K(111616K)->0K(111616K) From: 18036K(111104K)->0K(111104K)
[720.157s][info][gc,heap        ] GC(2243) ParOldGen: 630715K(630784K)->113133K(428544K)
[720.157s][info][gc,metaspace   ] GC(2243) Metaspace: 19067K(19200K)->19067K(19200K) NonClass: 17237K(17344K)->17237K(17344K) Class: 1829K(1856K)->1829K(1856K)
[720.157s][info][gc             ] GC(2243) Pause Full (Allocation Failure) 742M->110M(636M) 188.512ms
[720.157s][info][gc,cpu         ] GC(2243) User=0.29s Sys=0.02s Real=0.19s
[720.258s][info][gc,start       ] GC(2244) Pause Young (Allocation Failure)
[720.274s][info][gc,heap        ] GC(2244) PSYoungGen: 111616K(222720K)->22624K(222720K) Eden: 111616K(111616K)->0K(111616K) From: 0K(111104K)->22624K(111104K)
[720.274s][info][gc,heap        ] GC(2244) ParOldGen: 113133K(428544K)->113133K(428544K)
[720.274s][info][gc,metaspace   ] GC(2244) Metaspace: 19067K(19200K)->19067K(19200K) NonClass: 17237K(17344K)->17237K(17344K) Class: 1829K(1856K)->1829K(1856K)
[720.274s][info][gc             ] GC(2244) Pause Young (Allocation Failure) 219M->132M(636M) 16.373ms
[720.274s][info][gc,cpu         ] GC(2244) User=0.03s Sys=0.00s Real=0.01s
[720.330s][info][gc,start       ] GC(2245) Pause Young (Allocation Failure)
[720.372s][info][gc,heap        ] GC(2245) PSYoungGen: 134240K(222720K)->39808K(222720K) Eden: 111616K(111616K)->0K(111616K) From: 22624K(111104K)->39808K(111104K)
[720.372s][info][gc,heap        ] GC(2245) ParOldGen: 113133K(428544K)->136037K(428544K)
[720.372s][info][gc,metaspace   ] GC(2245) Metaspace: 19067K(19200K)->19067K(19200K) NonClass: 17237K(17344K)->17237K(17344K) Class: 1829K(1856K)->1829K(1856K)
[720.372s][info][gc             ] GC(2245) Pause Young (Allocation Failure) 241M->171M(636M) 41.846ms
[720.372s][info][gc,cpu         ] GC(2245) User=0.09s Sys=0.00s Real=0.04s
[720.522s][info][gc,start       ] GC(2246) Pause Young (Allocation Failure)
[720.558s][info][gc,heap        ] GC(2246) PSYoungGen: 151424K(222720K)->12416K(222720K) Eden: 111616K(111616K)->0K(111616K) From: 39808K(111104K)->12416K(111104K)
[720.559s][info][gc,heap        ] GC(2246) ParOldGen: 136037K(428544K)->176261K(428544K)
[720.559s][info][gc,metaspace   ] GC(2246) Metaspace: 19067K(19200K)->19067K(19200K) NonClass: 17237K(17344K)->17237K(17344K) Class: 1829K(1856K)->1829K(1856K)
[720.559s][info][gc             ] GC(2246) Pause Young (Allocation Failure) 280M->184M(636M) 36.165ms
[720.559s][info][gc,cpu         ] GC(2246) User=0.08s Sys=0.00s Real=0.04s
[720.607s][info][gc,start       ] GC(2247) Pause Young (Allocation Failure)
[720.670s][info][gc,heap        ] GC(2247) PSYoungGen: 124032K(222720K)->54208K(222720K) Eden: 111616K(111616K)->0K(111616K) From: 12416K(111104K)->54208K(111104K)
[720.670s][info][gc,heap        ] GC(2247) ParOldGen: 176261K(428544K)->188781K(428544K)
[720.670s][info][gc,metaspace   ] GC(2247) Metaspace: 19067K(19200K)->19067K(19200K) NonClass: 17237K(17344K)->17237K(17344K) Class: 1829K(1856K)->1829K(1856K)
[720.670s][info][gc             ] GC(2247) Pause Young (Allocation Failure) 293M->237M(636M) 62.966ms
[720.670s][info][gc,cpu         ] GC(2247) User=0.13s Sys=0.00s Real=0.06s
[720.746s][info][gc,start       ] GC(2248) Pause Young (Allocation Failure)
[720.829s][info][gc,heap        ] GC(2248) PSYoungGen: 165824K(222720K)->27153K(222720K) Eden: 111616K(111616K)->0K(111616K) From: 54208K(111104K)->27153K(111104K)
[720.829s][info][gc,heap        ] GC(2248) ParOldGen: 188781K(428544K)->243109K(428544K)
[720.829s][info][gc,metaspace   ] GC(2248) Metaspace: 19067K(19200K)->19067K(19200K) NonClass: 17237K(17344K)->17237K(17344K) Class: 1829K(1856K)->1829K(1856K)
[720.829s][info][gc             ] GC(2248) Pause Young (Allocation Failure) 346M->263M(636M) 82.349ms
[720.829s][info][gc,cpu         ] GC(2248) User=0.16s Sys=0.01s Real=0.08s
[720.883s][info][gc,start       ] GC(2249) Pause Young (Allocation Failure)
[720.949s][info][gc,heap        ] GC(2249) PSYoungGen: 138769K(222720K)->53825K(222720K) Eden: 111616K(111616K)->0K(111616K) From: 27153K(111104K)->53825K(111104K)
[720.949s][info][gc,heap        ] GC(2249) ParOldGen: 243109K(428544K)->270517K(428544K)
[720.949s][info][gc,metaspace   ] GC(2249) Metaspace: 19067K(19200K)->19067K(19200K) NonClass: 17237K(17344K)->17237K(17344K) Class: 1829K(1856K)->1829K(1856K)
[720.949s][info][gc             ] GC(2249) Pause Young (Allocation Failure) 372M->316M(636M) 66.428ms
[720.949s][info][gc,cpu         ] GC(2249) User=0.13s Sys=0.00s Real=0.07s
[721.075s][info][gc,start       ] GC(2250) Pause Young (Allocation Failure)
[721.140s][info][gc,heap        ] GC(2250) PSYoungGen: 165441K(222720K)->20608K(222720K) Eden: 111616K(111616K)->0K(111616K) From: 53825K(111104K)->20608K(111104K)
[721.140s][info][gc,heap        ] GC(2250) ParOldGen: 270517K(428544K)->324690K(428544K)
[721.140s][info][gc,metaspace   ] GC(2250) Metaspace: 19067K(19200K)->19067K(19200K) NonClass: 17237K(17344K)->17237K(17344K) Class: 1829K(1856K)->1829K(1856K)
[721.140s][info][gc             ] GC(2250) Pause Young (Allocation Failure) 425M->337M(636M) 64.390ms
[721.140s][info][gc,cpu         ] GC(2250) User=0.13s Sys=0.00s Real=0.07s
[721.204s][info][gc,start       ] GC(2251) Pause Young (Allocation Failure)
[721.241s][info][gc,heap        ] GC(2251) PSYoungGen: 132224K(222720K)->11680K(222720K) Eden: 111616K(111616K)->0K(111616K) From: 20608K(111104K)->11680K(111104K)
[721.241s][info][gc,heap        ] GC(2251) ParOldGen: 324690K(428544K)->345346K(428544K)
[721.241s][info][gc,metaspace   ] GC(2251) Metaspace: 19067K(19200K)->19067K(19200K) NonClass: 17237K(17344K)->17237K(17344K) Class: 1829K(1856K)->1829K(1856K)
[721.241s][info][gc             ] GC(2251) Pause Young (Allocation Failure) 446M->348M(636M) 37.811ms
[721.241s][info][gc,cpu         ] GC(2251) User=0.08s Sys=0.00s Real=0.04s
[721.345s][info][gc,start       ] GC(2252) Pause Young (Allocation Failure)
[721.386s][info][gc,heap        ] GC(2252) PSYoungGen: 123145K(222720K)->16257K(222720K) Eden: 111465K(111616K)->0K(111616K) From: 11680K(111104K)->16257K(111104K)
[721.386s][info][gc,heap        ] GC(2252) ParOldGen: 345346K(428544K)->357066K(428544K)
[721.386s][info][gc,metaspace   ] GC(2252) Metaspace: 19067K(19200K)->19067K(19200K) NonClass: 17237K(17344K)->17237K(17344K) Class: 1829K(1856K)->1829K(1856K)
[721.386s][info][gc             ] GC(2252) Pause Young (Allocation Failure) 457M->364M(636M) 40.995ms
[721.386s][info][gc,cpu         ] GC(2252) User=0.08s Sys=0.00s Real=0.04s
[721.453s][info][gc,start       ] GC(2253) Pause Young (Allocation Failure)
[721.496s][info][gc,heap        ] GC(2253) PSYoungGen: 127873K(222720K)->16576K(222720K) Eden: 111616K(111616K)->0K(111616K) From: 16257K(111104K)->16576K(111104K)
[721.496s][info][gc,heap        ] GC(2253) ParOldGen: 357066K(428544K)->373071K(428544K)
[721.496s][info][gc,metaspace   ] GC(2253) Metaspace: 19067K(19200K)->19067K(19200K) NonClass: 17237K(17344K)->17237K(17344K) Class: 1829K(1856K)->1829K(1856K)
[721.496s][info][gc             ] GC(2253) Pause Young (Allocation Failure) 473M->380M(636M) 43.659ms
[721.496s][info][gc,cpu         ] GC(2253) User=0.09s Sys=0.00s Real=0.05s
[721.578s][info][gc,start       ] GC(2254) Pause Young (Allocation Failure)
[721.615s][info][gc,heap        ] GC(2254) PSYoungGen: 128192K(222720K)->11520K(222720K) Eden: 111616K(111616K)->0K(111616K) From: 16576K(111104K)->11520K(111104K)
[721.615s][info][gc,heap        ] GC(2254) ParOldGen: 373071K(428544K)->389655K(428544K)
[721.615s][info][gc,metaspace   ] GC(2254) Metaspace: 19067K(19200K)->19067K(19200K) NonClass: 17237K(17344K)->17237K(17344K) Class: 1829K(1856K)->1829K(1856K)
[721.615s][info][gc             ] GC(2254) Pause Young (Allocation Failure) 489M->391M(636M) 37.705ms
[721.615s][info][gc,cpu         ] GC(2254) User=0.07s Sys=0.00s Real=0.03s
[721.692s][info][gc,start       ] GC(2255) Pause Young (Allocation Failure)
[721.721s][info][gc,heap        ] GC(2255) PSYoungGen: 123136K(222720K)->11200K(222720K) Eden: 111616K(111616K)->0K(111616K) From: 11520K(111104K)->11200K(111104K)
[721.721s][info][gc,heap        ] GC(2255) ParOldGen: 389655K(428544K)->401199K(428544K)
[721.721s][info][gc,metaspace   ] GC(2255) Metaspace: 19067K(19200K)->19067K(19200K) NonClass: 17237K(17344K)->17237K(17344K) Class: 1829K(1856K)->1829K(1856K)
[721.721s][info][gc             ] GC(2255) Pause Young (Allocation Failure) 500M->402M(636M) 29.737ms
[721.721s][info][gc,cpu         ] GC(2255) User=0.06s Sys=0.00s Real=0.03s
[721.806s][info][gc,start       ] GC(2256) Pause Young (Allocation Failure)
[721.836s][info][gc,heap        ] GC(2256) PSYoungGen: 122816K(222720K)->12544K(222720K) Eden: 111616K(111616K)->0K(111616K) From: 11200K(111104K)->12544K(111104K)
[721.836s][info][gc,heap        ] GC(2256) ParOldGen: 401199K(428544K)->412407K(428544K)
[721.836s][info][gc,metaspace   ] GC(2256) Metaspace: 19067K(19200K)->19067K(19200K) NonClass: 17237K(17344K)->17237K(17344K) Class: 1829K(1856K)->1829K(1856K)
[721.836s][info][gc             ] GC(2256) Pause Young (Allocation Failure) 511M->414M(636M) 29.439ms
[721.836s][info][gc,cpu         ] GC(2256) User=0.06s Sys=0.00s Real=0.03s
[721.900s][info][gc,start       ] GC(2257) Pause Young (Allocation Failure)
[721.920s][info][gc,heap        ] GC(2257) PSYoungGen: 124160K(222720K)->3648K(216576K) Eden: 111616K(111616K)->0K(111616K) From: 12544K(111104K)->3648K(104960K)
[721.920s][info][gc,heap        ] GC(2257) ParOldGen: 412407K(428544K)->424975K(428544K)
[721.920s][info][gc,metaspace   ] GC(2257) Metaspace: 19067K(19200K)->19067K(19200K) NonClass: 17237K(17344K)->17237K(17344K) Class: 1829K(1856K)->1829K(1856K)
[721.920s][info][gc             ] GC(2257) Pause Young (Allocation Failure) 523M->418M(630M) 19.936ms
[721.920s][info][gc,cpu         ] GC(2257) User=0.04s Sys=0.00s Real=0.02s
[722.000s][info][gc,start       ] GC(2258) Pause Young (Allocation Failure)
[722.016s][info][gc,heap        ] GC(2258) PSYoungGen: 115264K(216576K)->12096K(219648K) Eden: 111616K(111616K)->0K(111616K) From: 3648K(104960K)->12096K(108032K)
[722.016s][info][gc,heap        ] GC(2258) ParOldGen: 424975K(428544K)->424975K(428544K)
[722.016s][info][gc,metaspace   ] GC(2258) Metaspace: 19067K(19200K)->19067K(19200K) NonClass: 17237K(17344K)->17237K(17344K) Class: 1829K(1856K)->1829K(1856K)
[722.016s][info][gc             ] GC(2258) Pause Young (Allocation Failure) 527M->426M(633M) 16.511ms
[722.016s][info][gc,cpu         ] GC(2258) User=0.04s Sys=0.00s Real=0.01s
[722.100s][info][gc,start       ] GC(2259) Pause Young (Allocation Failure)
[722.129s][info][gc,heap        ] GC(2259) PSYoungGen: 123712K(219648K)->20704K(210432K) Eden: 111616K(111616K)->0K(120320K) From: 12096K(108032K)->20704K(90112K)
[722.129s][info][gc,heap        ] GC(2259) ParOldGen: 424975K(428544K)->424975K(428544K)
[722.129s][info][gc,metaspace   ] GC(2259) Metaspace: 19067K(19200K)->19067K(19200K) NonClass: 17237K(17344K)->17237K(17344K) Class: 1829K(1856K)->1829K(1856K)
[722.129s][info][gc             ] GC(2259) Pause Young (Allocation Failure) 535M->435M(624M) 28.301ms
[722.129s][info][gc,cpu         ] GC(2259) User=0.06s Sys=0.00s Real=0.03s
[722.226s][info][gc,start       ] GC(2260) Pause Young (Allocation Failure)
[722.264s][info][gc,heap        ] GC(2260) PSYoungGen: 141024K(210432K)->30944K(217088K) Eden: 120320K(120320K)->0K(120320K) From: 20704K(90112K)->30944K(96768K)
[722.264s][info][gc,heap        ] GC(2260) ParOldGen: 424975K(428544K)->424975K(428544K)
[722.264s][info][gc,metaspace   ] GC(2260) Metaspace: 19067K(19200K)->19067K(19200K) NonClass: 17237K(17344K)->17237K(17344K) Class: 1829K(1856K)->1829K(1856K)
[722.264s][info][gc             ] GC(2260) Pause Young (Allocation Failure) 552M->445M(630M) 37.905ms
[722.264s][info][gc,cpu         ] GC(2260) User=0.07s Sys=0.00s Real=0.04s
[722.472s][info][gc,start       ] GC(2261) Pause Young (Allocation Failure)
[722.516s][info][gc,heap        ] GC(2261) PSYoungGen: 151264K(217088K)->39648K(216576K) Eden: 120320K(120320K)->0K(129024K) From: 30944K(96768K)->39648K(87552K)
[722.516s][info][gc,heap        ] GC(2261) ParOldGen: 424975K(428544K)->424975K(428544K)
[722.516s][info][gc,metaspace   ] GC(2261) Metaspace: 19067K(19200K)->19067K(19200K) NonClass: 17237K(17344K)->17237K(17344K) Class: 1829K(1856K)->1829K(1856K)
[722.516s][info][gc             ] GC(2261) Pause Young (Allocation Failure) 562M->453M(630M) 44.080ms
[722.516s][info][gc,cpu         ] GC(2261) User=0.09s Sys=0.00s Real=0.04s
[722.725s][info][gc,start       ] GC(2262) Pause Young (Allocation Failure)
[722.784s][info][gc,heap        ] GC(2262) PSYoungGen: 168672K(216576K)->53824K(218624K) Eden: 129024K(129024K)->0K(129024K) From: 39648K(87552K)->53824K(89600K)
[722.784s][info][gc,heap        ] GC(2262) ParOldGen: 424975K(428544K)->424975K(428544K)
[722.784s][info][gc,metaspace   ] GC(2262) Metaspace: 19067K(19200K)->19067K(19200K) NonClass: 17237K(17344K)->17237K(17344K) Class: 1829K(1856K)->1829K(1856K)
[722.784s][info][gc             ] GC(2262) Pause Young (Allocation Failure) 579M->467M(632M) 58.910ms
[722.784s][info][gc,cpu         ] GC(2262) User=0.12s Sys=0.00s Real=0.06s
[723.186s][info][gc,start       ] GC(2263) Pause Young (Allocation Failure)
[723.244s][info][gc,heap        ] GC(2263) PSYoungGen: 182848K(218624K)->54016K(229376K) Eden: 129024K(129024K)->0K(136192K) From: 53824K(89600K)->54016K(93184K)
[723.244s][info][gc,heap        ] GC(2263) ParOldGen: 424975K(428544K)->424975K(428544K)
[723.244s][info][gc,metaspace   ] GC(2263) Metaspace: 19067K(19200K)->19067K(19200K) NonClass: 17237K(17344K)->17237K(17344K) Class: 1829K(1856K)->1829K(1856K)
[723.244s][info][gc             ] GC(2263) Pause Young (Allocation Failure) 593M->467M(642M) 57.910ms
[723.244s][info][gc,cpu         ] GC(2263) User=0.12s Sys=0.00s Real=0.05s
[723.583s][info][gc,start       ] GC(2264) Pause Young (Allocation Failure)
[723.641s][info][gc,heap        ] GC(2264) PSYoungGen: 190208K(229376K)->54048K(231424K) Eden: 136192K(136192K)->0K(136192K) From: 54016K(93184K)->54048K(95232K)
[723.641s][info][gc,heap        ] GC(2264) ParOldGen: 424975K(428544K)->424975K(428544K)
[723.641s][info][gc,metaspace   ] GC(2264) Metaspace: 19067K(19200K)->19067K(19200K) NonClass: 17237K(17344K)->17237K(17344K) Class: 1829K(1856K)->1829K(1856K)
[723.641s][info][gc             ] GC(2264) Pause Young (Allocation Failure) 600M->467M(644M) 57.824ms
[723.641s][info][gc,cpu         ] GC(2264) User=0.11s Sys=0.00s Real=0.06s
[723.949s][info][gc,start       ] GC(2265) Pause Young (Allocation Failure)
[724.009s][info][gc,heap        ] GC(2265) PSYoungGen: 190240K(231424K)->54016K(235008K) Eden: 136192K(136192K)->0K(138240K) From: 54048K(95232K)->54016K(96768K)
[724.009s][info][gc,heap        ] GC(2265) ParOldGen: 424975K(428544K)->424975K(428544K)
[724.009s][info][gc,metaspace   ] GC(2265) Metaspace: 19067K(19200K)->19067K(19200K) NonClass: 17237K(17344K)->17237K(17344K) Class: 1829K(1856K)->1829K(1856K)
[724.009s][info][gc             ] GC(2265) Pause Young (Allocation Failure) 600M->467M(648M) 59.858ms
[724.009s][info][gc,cpu         ] GC(2265) User=0.12s Sys=0.00s Real=0.06s
[724.326s][info][gc,start       ] GC(2266) Pause Young (Allocation Failure)
[724.393s][info][gc,heap        ] GC(2266) PSYoungGen: 192256K(235008K)->54112K(236032K) Eden: 138240K(138240K)->0K(138240K) From: 54016K(96768K)->54112K(97792K)
[724.393s][info][gc,heap        ] GC(2266) ParOldGen: 424975K(428544K)->424975K(428544K)
[724.393s][info][gc,metaspace   ] GC(2266) Metaspace: 19067K(19200K)->19067K(19200K) NonClass: 17237K(17344K)->17237K(17344K) Class: 1829K(1856K)->1829K(1856K)
[724.393s][info][gc             ] GC(2266) Pause Young (Allocation Failure) 602M->467M(649M) 67.548ms
[724.393s][info][gc,cpu         ] GC(2266) User=0.14s Sys=0.00s Real=0.07s
[724.604s][info][gc,start       ] GC(2267) Pause Young (Allocation Failure)
[724.689s][info][gc,heap        ] GC(2267) PSYoungGen: 192352K(236032K)->75814K(220672K) Eden: 138240K(138240K)->0K(122880K) From: 54112K(97792K)->75814K(97792K)
[724.689s][info][gc,heap        ] GC(2267) ParOldGen: 424975K(428544K)->424975K(428544K)
[724.689s][info][gc,metaspace   ] GC(2267) Metaspace: 19067K(19200K)->19067K(19200K) NonClass: 17237K(17344K)->17237K(17344K) Class: 1829K(1856K)->1829K(1856K)
[724.689s][info][gc             ] GC(2267) Pause Young (Allocation Failure) 602M->489M(634M) 84.895ms
[724.689s][info][gc,cpu         ] GC(2267) User=0.16s Sys=0.01s Real=0.09s
[724.757s][info][gc,start       ] GC(2268) Pause Young (Allocation Failure)
[724.875s][info][gc,heap        ] GC(2268) PSYoungGen: 198694K(220672K)->105462K(228352K) Eden: 122880K(122880K)->0K(122880K) From: 75814K(97792K)->105462K(105472K)
[724.875s][info][gc,heap        ] GC(2268) ParOldGen: 424975K(428544K)->441487K(441856K)
[724.875s][info][gc,metaspace   ] GC(2268) Metaspace: 19067K(19200K)->19067K(19200K) NonClass: 17237K(17344K)->17237K(17344K) Class: 1829K(1856K)->1829K(1856K)
[724.875s][info][gc             ] GC(2268) Pause Young (Allocation Failure) 609M->534M(654M) 117.697ms
[724.875s][info][gc,cpu         ] GC(2268) User=0.22s Sys=0.01s Real=0.11s
[725.038s][info][gc,start       ] GC(2269) Pause Young (Allocation Failure)
[725.168s][info][gc,heap        ] GC(2269) PSYoungGen: 228342K(228352K)->105446K(217088K) Eden: 122880K(122880K)->0K(111616K) From: 105462K(105472K)->105446K(105472K)
[725.169s][info][gc,heap        ] GC(2269) ParOldGen: 441487K(441856K)->458319K(458752K)
[725.169s][info][gc,metaspace   ] GC(2269) Metaspace: 19067K(19200K)->19067K(19200K) NonClass: 17237K(17344K)->17237K(17344K) Class: 1829K(1856K)->1829K(1856K)
[725.169s][info][gc             ] GC(2269) Pause Young (Allocation Failure) 654M->550M(660M) 130.129ms
[725.169s][info][gc,cpu         ] GC(2269) User=0.24s Sys=0.02s Real=0.13s
[725.252s][info][gc,start       ] GC(2270) Pause Young (Allocation Failure)
[725.366s][info][gc,heap        ] GC(2270) PSYoungGen: 217062K(217088K)->97142K(222720K) Eden: 111616K(111616K)->0K(111616K) From: 105446K(105472K)->97142K(111104K)
[725.366s][info][gc,heap        ] GC(2270) ParOldGen: 458319K(458752K)->477229K(477696K)
[725.366s][info][gc,metaspace   ] GC(2270) Metaspace: 19067K(19200K)->19067K(19200K) NonClass: 17237K(17344K)->17237K(17344K) Class: 1829K(1856K)->1829K(1856K)
[725.366s][info][gc             ] GC(2270) Pause Young (Allocation Failure) 659M->560M(684M) 114.515ms
[725.366s][info][gc,cpu         ] GC(2270) User=0.21s Sys=0.02s Real=0.11s
[725.479s][info][gc,start       ] GC(2271) Pause Young (Allocation Failure)
[725.609s][info][gc,heap        ] GC(2271) PSYoungGen: 208758K(222720K)->98988K(222720K) Eden: 111616K(111616K)->0K(111616K) From: 97142K(111104K)->98988K(111104K)
[725.609s][info][gc,heap        ] GC(2271) ParOldGen: 477229K(477696K)->500178K(500224K)
[725.609s][info][gc,metaspace   ] GC(2271) Metaspace: 19067K(19200K)->19067K(19200K) NonClass: 17237K(17344K)->17237K(17344K) Class: 1829K(1856K)->1829K(1856K)
[725.609s][info][gc             ] GC(2271) Pause Young (Allocation Failure) 669M->585M(706M) 130.243ms
[725.609s][info][gc,cpu         ] GC(2271) User=0.24s Sys=0.02s Real=0.13s
[725.699s][info][gc,start       ] GC(2272) Pause Young (Allocation Failure)
[725.833s][info][gc,heap        ] GC(2272) PSYoungGen: 210604K(222720K)->111103K(222720K) Eden: 111616K(111616K)->0K(111616K) From: 98988K(111104K)->111103K(111104K)
[725.833s][info][gc,heap        ] GC(2272) ParOldGen: 500178K(500224K)->520972K(521216K)
[725.833s][info][gc,metaspace   ] GC(2272) Metaspace: 19067K(19200K)->19067K(19200K) NonClass: 17237K(17344K)->17237K(17344K) Class: 1829K(1856K)->1829K(1856K)
[725.833s][info][gc             ] GC(2272) Pause Young (Allocation Failure) 694M->617M(726M) 134.042ms
[725.833s][info][gc,cpu         ] GC(2272) User=0.25s Sys=0.02s Real=0.13s
[725.911s][info][gc,start       ] GC(2273) Pause Young (Allocation Failure)
[726.038s][info][gc,heap        ] GC(2273) PSYoungGen: 222719K(222720K)->111103K(222720K) Eden: 111616K(111616K)->0K(111616K) From: 111103K(111104K)->111103K(111104K)
[726.038s][info][gc,heap        ] GC(2273) ParOldGen: 520972K(521216K)->532460K(532480K)
[726.038s][info][gc,metaspace   ] GC(2273) Metaspace: 19067K(19200K)->19067K(19200K) NonClass: 17237K(17344K)->17237K(17344K) Class: 1829K(1856K)->1829K(1856K)
[726.038s][info][gc             ] GC(2273) Pause Young (Allocation Failure) 726M->628M(737M) 127.259ms
[726.038s][info][gc,cpu         ] GC(2273) User=0.25s Sys=0.00s Real=0.13s
[726.105s][info][gc,start       ] GC(2274) Pause Young (Allocation Failure)
[726.251s][info][gc,heap        ] GC(2274) PSYoungGen: 222719K(222720K)->73135K(222720K) Eden: 111616K(111616K)->0K(111616K) From: 111103K(111104K)->73135K(111104K)
[726.251s][info][gc,heap        ] GC(2274) ParOldGen: 532460K(532480K)->577636K(578048K)
[726.251s][info][gc,metaspace   ] GC(2274) Metaspace: 19067K(19200K)->19067K(19200K) NonClass: 17237K(17344K)->17237K(17344K) Class: 1829K(1856K)->1829K(1856K)
[726.251s][info][gc             ] GC(2274) Pause Young (Allocation Failure) 737M->635M(782M) 145.652ms
[726.251s][info][gc,cpu         ] GC(2274) User=0.26s Sys=0.03s Real=0.15s
[726.343s][info][gc,start       ] GC(2275) Pause Young (Allocation Failure)
[726.447s][info][gc,heap        ] GC(2275) PSYoungGen: 184718K(222720K)->66431K(222720K) Eden: 111583K(111616K)->0K(111616K) From: 73135K(111104K)->66431K(111104K)
[726.447s][info][gc,heap        ] GC(2275) ParOldGen: 577636K(578048K)->593360K(593408K)
[726.447s][info][gc,metaspace   ] GC(2275) Metaspace: 19067K(19200K)->19067K(19200K) NonClass: 17237K(17344K)->17237K(17344K) Class: 1829K(1856K)->1829K(1856K)
[726.447s][info][gc             ] GC(2275) Pause Young (Allocation Failure) 744M->644M(797M) 104.331ms
[726.447s][info][gc,cpu         ] GC(2275) User=0.19s Sys=0.01s Real=0.11s
[726.539s][info][gc,start       ] GC(2276) Pause Young (Allocation Failure)
[726.650s][info][gc,heap        ] GC(2276) PSYoungGen: 178047K(222720K)->52416K(222720K) Eden: 111616K(111616K)->0K(111616K) From: 66431K(111104K)->52416K(111104K)
[726.650s][info][gc,heap        ] GC(2276) ParOldGen: 593360K(593408K)->622838K(623104K)
[726.650s][info][gc,metaspace   ] GC(2276) Metaspace: 19067K(19200K)->19067K(19200K) NonClass: 17237K(17344K)->17237K(17344K) Class: 1829K(1856K)->1829K(1856K)
[726.650s][info][gc             ] GC(2276) Pause Young (Allocation Failure) 753M->659M(826M) 110.606ms
[726.650s][info][gc,cpu         ] GC(2276) User=0.19s Sys=0.03s Real=0.11s
[726.709s][info][gc,start       ] GC(2277) Pause Full (Allocation Failure)
[726.709s][info][gc,phases,start] GC(2277) Marking Phase
[726.996s][info][gc,phases      ] GC(2277) Marking Phase 287.052ms
[726.996s][info][gc,phases,start] GC(2277) Summary Phase
[726.996s][info][gc,phases      ] GC(2277) Summary Phase 0.032ms
[726.996s][info][gc,phases,start] GC(2277) Forward
[727.085s][info][gc,phases      ] GC(2277) Forward 89.158ms
[727.085s][info][gc,phases,start] GC(2277) Adjust Pointers
[727.309s][info][gc,phases      ] GC(2277) Adjust Pointers 223.711ms
[727.309s][info][gc,phases,start] GC(2277) Compaction Phase
[727.436s][info][gc,phases      ] GC(2277) Compaction Phase 126.849ms
[727.444s][info][gc,phases,start] GC(2277) Post Compact
[727.446s][info][gc,phases      ] GC(2277) Post Compact 2.322ms
[727.447s][info][gc,heap        ] GC(2277) PSYoungGen: 164032K(222720K)->0K(222720K) Eden: 111616K(111616K)->0K(111616K) From: 52416K(111104K)->0K(111104K)
[727.447s][info][gc,heap        ] GC(2277) ParOldGen: 622838K(623104K)->398245K(667648K)
[727.447s][info][gc,metaspace   ] GC(2277) Metaspace: 19067K(19200K)->19067K(19200K) NonClass: 17237K(17344K)->17237K(17344K) Class: 1829K(1856K)->1829K(1856K)
[727.447s][info][gc             ] GC(2277) Pause Full (Allocation Failure) 768M->388M(869M) 737.986ms
[727.447s][info][gc,cpu         ] GC(2277) User=1.40s Sys=0.00s Real=0.74s
[727.513s][info][gc,start       ] GC(2278) Pause Young (Allocation Failure)
[727.521s][info][gc,heap        ] GC(2278) PSYoungGen: 111616K(222720K)->2304K(222720K) Eden: 111616K(111616K)->0K(111616K) From: 0K(111104K)->2304K(111104K)
[727.522s][info][gc,heap        ] GC(2278) ParOldGen: 398245K(667648K)->398245K(667648K)
[727.522s][info][gc,metaspace   ] GC(2278) Metaspace: 19067K(19200K)->19067K(19200K) NonClass: 17237K(17344K)->17237K(17344K) Class: 1829K(1856K)->1829K(1856K)
[727.522s][info][gc             ] GC(2278) Pause Young (Allocation Failure) 497M->391M(869M) 8.315ms
[727.522s][info][gc,cpu         ] GC(2278) User=0.01s Sys=0.00s Real=0.01s
[727.592s][info][gc,start       ] GC(2279) Pause Young (Allocation Failure)
[727.602s][info][gc,heap        ] GC(2279) PSYoungGen: 113920K(222720K)->3968K(222720K) Eden: 111616K(111616K)->0K(111616K) From: 2304K(111104K)->3968K(111104K)
[727.602s][info][gc,heap        ] GC(2279) ParOldGen: 398245K(667648K)->398245K(667648K)
[727.602s][info][gc,metaspace   ] GC(2279) Metaspace: 19067K(19200K)->19067K(19200K) NonClass: 17237K(17344K)->17237K(17344K) Class: 1829K(1856K)->1829K(1856K)
[727.602s][info][gc             ] GC(2279) Pause Young (Allocation Failure) 500M->392M(869M) 10.407ms
[727.602s][info][gc,cpu         ] GC(2279) User=0.02s Sys=0.00s Real=0.01s
[727.680s][info][gc,start       ] GC(2280) Pause Young (Allocation Failure)
[727.696s][info][gc,heap        ] GC(2280) PSYoungGen: 115584K(222720K)->8064K(222720K) Eden: 111616K(111616K)->0K(111616K) From: 3968K(111104K)->8064K(111104K)
[727.696s][info][gc,heap        ] GC(2280) ParOldGen: 398245K(667648K)->402173K(667648K)
[727.696s][info][gc,metaspace   ] GC(2280) Metaspace: 19067K(19200K)->19067K(19200K) NonClass: 17237K(17344K)->17237K(17344K) Class: 1829K(1856K)->1829K(1856K)
[727.696s][info][gc             ] GC(2280) Pause Young (Allocation Failure) 501M->400M(869M) 16.155ms
[727.696s][info][gc,cpu         ] GC(2280) User=0.03s Sys=0.00s Real=0.02s
[727.815s][info][gc,start       ] GC(2281) Pause Young (Allocation Failure)
[727.830s][info][gc,heap        ] GC(2281) PSYoungGen: 119680K(222720K)->3616K(222720K) Eden: 111616K(111616K)->0K(111616K) From: 8064K(111104K)->3616K(111104K)
[727.830s][info][gc,heap        ] GC(2281) ParOldGen: 402173K(667648K)->410261K(667648K)
[727.830s][info][gc,metaspace   ] GC(2281) Metaspace: 19067K(19200K)->19067K(19200K) NonClass: 17237K(17344K)->17237K(17344K) Class: 1829K(1856K)->1829K(1856K)
[727.830s][info][gc             ] GC(2281) Pause Young (Allocation Failure) 509M->404M(869M) 15.370ms
[727.830s][info][gc,cpu         ] GC(2281) User=0.03s Sys=0.00s Real=0.02s
[727.968s][info][gc,start       ] GC(2282) Pause Young (Allocation Failure)
[727.989s][info][gc,heap        ] GC(2282) PSYoungGen: 115232K(222720K)->16672K(222720K) Eden: 111616K(111616K)->0K(111616K) From: 3616K(111104K)->16672K(111104K)
[727.989s][info][gc,heap        ] GC(2282) ParOldGen: 410261K(667648K)->413869K(667648K)
[727.989s][info][gc,metaspace   ] GC(2282) Metaspace: 19067K(19200K)->19067K(19200K) NonClass: 17237K(17344K)->17237K(17344K) Class: 1829K(1856K)->1829K(1856K)
[727.989s][info][gc             ] GC(2282) Pause Young (Allocation Failure) 513M->420M(869M) 21.272ms
[727.989s][info][gc,cpu         ] GC(2282) User=0.04s Sys=0.00s Real=0.02s
[728.151s][info][gc,start       ] GC(2283) Pause Young (Allocation Failure)
[728.178s][info][gc,heap        ] GC(2283) PSYoungGen: 128288K(222720K)->7488K(222720K) Eden: 111616K(111616K)->0K(111616K) From: 16672K(111104K)->7488K(111104K)
[728.178s][info][gc,heap        ] GC(2283) ParOldGen: 413869K(667648K)->430567K(667648K)
[728.178s][info][gc,metaspace   ] GC(2283) Metaspace: 19067K(19200K)->19067K(19200K) NonClass: 17237K(17344K)->17237K(17344K) Class: 1829K(1856K)->1829K(1856K)
[728.178s][info][gc             ] GC(2283) Pause Young (Allocation Failure) 529M->427M(869M) 26.816ms
[728.178s][info][gc,cpu         ] GC(2283) User=0.05s Sys=0.00s Real=0.03s
[728.411s][info][gc,start       ] GC(2284) Pause Young (Allocation Failure)
[728.439s][info][gc,heap        ] GC(2284) PSYoungGen: 119104K(222720K)->15856K(222720K) Eden: 111616K(111616K)->0K(111616K) From: 7488K(111104K)->15856K(111104K)
[728.439s][info][gc,heap        ] GC(2284) ParOldGen: 430567K(667648K)->438047K(667648K)
[728.439s][info][gc,metaspace   ] GC(2284) Metaspace: 19067K(19200K)->19067K(19200K) NonClass: 17237K(17344K)->17237K(17344K) Class: 1829K(1856K)->1829K(1856K)
[728.439s][info][gc             ] GC(2284) Pause Young (Allocation Failure) 536M->443M(869M) 27.567ms
[728.439s][info][gc,cpu         ] GC(2284) User=0.05s Sys=0.00s Real=0.03s
[728.547s][info][gc,start       ] GC(2285) Pause Young (Allocation Failure)
[728.571s][info][gc,heap        ] GC(2285) PSYoungGen: 127472K(222720K)->8480K(222720K) Eden: 111616K(111616K)->0K(111616K) From: 15856K(111104K)->8480K(111104K)
[728.571s][info][gc,heap        ] GC(2285) ParOldGen: 438047K(667648K)->453972K(667648K)
[728.571s][info][gc,metaspace   ] GC(2285) Metaspace: 19067K(19200K)->19067K(19200K) NonClass: 17237K(17344K)->17237K(17344K) Class: 1829K(1856K)->1829K(1856K)
[728.571s][info][gc             ] GC(2285) Pause Young (Allocation Failure) 552M->451M(869M) 24.031ms
[728.571s][info][gc,cpu         ] GC(2285) User=0.05s Sys=0.00s Real=0.02s
[728.711s][info][gc,start       ] GC(2286) Pause Young (Allocation Failure)
[728.736s][info][gc,heap        ] GC(2286) PSYoungGen: 120096K(222720K)->21072K(222720K) Eden: 111616K(111616K)->0K(111616K) From: 8480K(111104K)->21072K(111104K)
[728.736s][info][gc,heap        ] GC(2286) ParOldGen: 453972K(667648K)->462364K(667648K)
[728.736s][info][gc,metaspace   ] GC(2286) Metaspace: 19067K(19200K)->19067K(19200K) NonClass: 17237K(17344K)->17237K(17344K) Class: 1829K(1856K)->1829K(1856K)
[728.736s][info][gc             ] GC(2286) Pause Young (Allocation Failure) 560M->472M(869M) 25.649ms
[728.736s][info][gc,cpu         ] GC(2286) User=0.05s Sys=0.00s Real=0.02s
[728.797s][info][gc,start       ] GC(2287) Pause Young (Allocation Failure)
[728.841s][info][gc,heap        ] GC(2287) PSYoungGen: 132688K(222720K)->41952K(222720K) Eden: 111616K(111616K)->0K(111616K) From: 21072K(111104K)->41952K(111104K)
[728.841s][info][gc,heap        ] GC(2287) ParOldGen: 462364K(667648K)->483653K(667648K)
[728.841s][info][gc,metaspace   ] GC(2287) Metaspace: 19067K(19200K)->19067K(19200K) NonClass: 17237K(17344K)->17237K(17344K) Class: 1829K(1856K)->1829K(1856K)
[728.841s][info][gc             ] GC(2287) Pause Young (Allocation Failure) 581M->513M(869M) 44.030ms
[728.841s][info][gc,cpu         ] GC(2287) User=0.09s Sys=0.00s Real=0.04s
[729.034s][info][gc,start       ] GC(2288) Pause Young (Allocation Failure)
[729.073s][info][gc,heap        ] GC(2288) PSYoungGen: 153568K(222720K)->16064K(222720K) Eden: 111616K(111616K)->0K(111616K) From: 41952K(111104K)->16064K(111104K)
[729.073s][info][gc,heap        ] GC(2288) ParOldGen: 483653K(667648K)->526117K(667648K)
[729.073s][info][gc,metaspace   ] GC(2288) Metaspace: 19067K(19200K)->19067K(19200K) NonClass: 17237K(17344K)->17237K(17344K) Class: 1829K(1856K)->1829K(1856K)
[729.073s][info][gc             ] GC(2288) Pause Young (Allocation Failure) 622M->529M(869M) 39.569ms
[729.074s][info][gc,cpu         ] GC(2288) User=0.08s Sys=0.00s Real=0.04s
[729.224s][info][gc,start       ] GC(2289) Pause Young (Allocation Failure)
[729.261s][info][gc,heap        ] GC(2289) PSYoungGen: 127680K(222720K)->11295K(222720K) Eden: 111616K(111616K)->0K(111616K) From: 16064K(111104K)->11295K(111104K)
[729.261s][info][gc,heap        ] GC(2289) ParOldGen: 526117K(667648K)->542337K(667648K)
[729.261s][info][gc,metaspace   ] GC(2289) Metaspace: 19067K(19200K)->19067K(19200K) NonClass: 17237K(17344K)->17237K(17344K) Class: 1829K(1856K)->1829K(1856K)
[729.261s][info][gc             ] GC(2289) Pause Young (Allocation Failure) 638M->540M(869M) 37.230ms
[729.261s][info][gc,cpu         ] GC(2289) User=0.07s Sys=0.00s Real=0.04s
[729.396s][info][gc,start       ] GC(2290) Pause Young (Allocation Failure)
[729.449s][info][gc,heap        ] GC(2290) PSYoungGen: 122911K(222720K)->28192K(140288K) Eden: 111616K(111616K)->0K(111616K) From: 11295K(111104K)->28192K(28672K)
[729.449s][info][gc,heap        ] GC(2290) ParOldGen: 542337K(667648K)->553087K(667648K)
[729.449s][info][gc,metaspace   ] GC(2290) Metaspace: 19067K(19200K)->19067K(19200K) NonClass: 17237K(17344K)->17237K(17344K) Class: 1829K(1856K)->1829K(1856K)
[729.449s][info][gc             ] GC(2290) Pause Young (Allocation Failure) 649M->567M(789M) 53.160ms
[729.449s][info][gc,cpu         ] GC(2290) User=0.10s Sys=0.00s Real=0.06s
[729.575s][info][gc,start       ] GC(2291) Pause Young (Allocation Failure)
[729.629s][info][gc,heap        ] GC(2291) PSYoungGen: 139808K(140288K)->48480K(220160K) Eden: 111616K(111616K)->0K(113152K) From: 28192K(28672K)->48480K(107008K)
[729.629s][info][gc,heap        ] GC(2291) ParOldGen: 553087K(667648K)->553087K(667648K)
[729.629s][info][gc,metaspace   ] GC(2291) Metaspace: 19067K(19200K)->19067K(19200K) NonClass: 17237K(17344K)->17237K(17344K) Class: 1829K(1856K)->1829K(1856K)
[729.629s][info][gc             ] GC(2291) Pause Young (Allocation Failure) 676M->587M(867M) 53.708ms
[729.629s][info][gc,cpu         ] GC(2291) User=0.11s Sys=0.00s Real=0.06s
[729.728s][info][gc,start       ] GC(2292) Pause Young (Allocation Failure)
[729.785s][info][gc,heap        ] GC(2292) PSYoungGen: 161632K(220160K)->52672K(218624K) Eden: 113152K(113152K)->0K(113152K) From: 48480K(107008K)->52672K(105472K)
[729.785s][info][gc,heap        ] GC(2292) ParOldGen: 553087K(667648K)->553087K(667648K)
[729.785s][info][gc,metaspace   ] GC(2292) Metaspace: 19067K(19200K)->19067K(19200K) NonClass: 17237K(17344K)->17237K(17344K) Class: 1829K(1856K)->1829K(1856K)
[729.785s][info][gc             ] GC(2292) Pause Young (Allocation Failure) 697M->591M(865M) 56.757ms
[729.785s][info][gc,cpu         ] GC(2292) User=0.12s Sys=0.00s Real=0.05s
[729.894s][info][gc,start       ] GC(2293) Pause Young (Allocation Failure)
[729.953s][info][gc,heap        ] GC(2293) PSYoungGen: 165824K(218624K)->53344K(226816K) Eden: 113152K(113152K)->0K(121344K) From: 52672K(105472K)->53344K(105472K)
[729.953s][info][gc,heap        ] GC(2293) ParOldGen: 553087K(667648K)->553087K(667648K)
[729.953s][info][gc,metaspace   ] GC(2293) Metaspace: 19067K(19200K)->19067K(19200K) NonClass: 17237K(17344K)->17237K(17344K) Class: 1829K(1856K)->1829K(1856K)
[729.953s][info][gc             ] GC(2293) Pause Young (Allocation Failure) 702M->592M(873M) 59.008ms
[729.953s][info][gc,cpu         ] GC(2293) User=0.12s Sys=0.00s Real=0.06s
[730.084s][info][gc,start       ] GC(2294) Pause Young (Allocation Failure)
[730.147s][info][gc,heap        ] GC(2294) PSYoungGen: 174688K(226816K)->58048K(226816K) Eden: 121344K(121344K)->0K(121344K) From: 53344K(105472K)->58048K(105472K)
[730.147s][info][gc,heap        ] GC(2294) ParOldGen: 553087K(667648K)->553087K(667648K)
[730.147s][info][gc,metaspace   ] GC(2294) Metaspace: 19067K(19200K)->19067K(19200K) NonClass: 17237K(17344K)->17237K(17344K) Class: 1829K(1856K)->1829K(1856K)
[730.147s][info][gc             ] GC(2294) Pause Young (Allocation Failure) 710M->596M(873M) 63.731ms
[730.147s][info][gc,cpu         ] GC(2294) User=0.12s Sys=0.00s Real=0.07s
[730.287s][info][gc,start       ] GC(2295) Pause Young (Allocation Failure)
[730.350s][info][gc,heap        ] GC(2295) PSYoungGen: 179392K(226816K)->57664K(227328K) Eden: 121344K(121344K)->0K(120832K) From: 58048K(105472K)->57664K(106496K)
[730.350s][info][gc,heap        ] GC(2295) ParOldGen: 553087K(667648K)->553087K(667648K)
[730.350s][info][gc,metaspace   ] GC(2295) Metaspace: 19067K(19200K)->19067K(19200K) NonClass: 17237K(17344K)->17237K(17344K) Class: 1829K(1856K)->1829K(1856K)
[730.350s][info][gc             ] GC(2295) Pause Young (Allocation Failure) 715M->596M(874M) 63.383ms
[730.350s][info][gc,cpu         ] GC(2295) User=0.13s Sys=0.00s Real=0.06s
[730.557s][info][gc,start       ] GC(2296) Pause Young (Allocation Failure)
[730.646s][info][gc,heap        ] GC(2296) PSYoungGen: 178496K(227328K)->76000K(197120K) Eden: 120832K(120832K)->0K(120832K) From: 57664K(106496K)->76000K(76288K)
[730.646s][info][gc,heap        ] GC(2296) ParOldGen: 553087K(667648K)->553087K(667648K)
[730.646s][info][gc,metaspace   ] GC(2296) Metaspace: 19067K(19200K)->19067K(19200K) NonClass: 17237K(17344K)->17237K(17344K) Class: 1829K(1856K)->1829K(1856K)
[730.646s][info][gc             ] GC(2296) Pause Young (Allocation Failure) 714M->614M(844M) 88.854ms
[730.646s][info][gc,cpu         ] GC(2296) User=0.17s Sys=0.00s Real=0.08s
[730.808s][info][gc,start       ] GC(2297) Pause Young (Allocation Failure)
[730.906s][info][gc,heap        ] GC(2297) PSYoungGen: 196832K(197120K)->42960K(227328K) Eden: 120832K(120832K)->0K(116224K) From: 76000K(76288K)->42960K(111104K)
[730.907s][info][gc,heap        ] GC(2297) ParOldGen: 553087K(667648K)->601671K(667648K)
[730.907s][info][gc,metaspace   ] GC(2297) Metaspace: 19067K(19200K)->19067K(19200K) NonClass: 17237K(17344K)->17237K(17344K) Class: 1829K(1856K)->1829K(1856K)
[730.907s][info][gc             ] GC(2297) Pause Young (Allocation Failure) 732M->629M(874M) 98.593ms
[730.907s][info][gc,cpu         ] GC(2297) User=0.19s Sys=0.00s Real=0.10s
[731.029s][info][gc,start       ] GC(2298) Pause Young (Allocation Failure)
[731.106s][info][gc,heap        ] GC(2298) PSYoungGen: 159184K(227328K)->81426K(222720K) Eden: 116224K(116224K)->0K(116224K) From: 42960K(111104K)->81426K(106496K)
[731.106s][info][gc,heap        ] GC(2298) ParOldGen: 601671K(667648K)->605911K(667648K)
[731.106s][info][gc,metaspace   ] GC(2298) Metaspace: 19067K(19200K)->19067K(19200K) NonClass: 17237K(17344K)->17237K(17344K) Class: 1829K(1856K)->1829K(1856K)
[731.106s][info][gc             ] GC(2298) Pause Young (Allocation Failure) 743M->671M(869M) 76.798ms
[731.106s][info][gc,cpu         ] GC(2298) User=0.16s Sys=0.00s Real=0.07s
[731.295s][info][gc,start       ] GC(2299) Pause Young (Allocation Failure)
[731.391s][info][gc,heap        ] GC(2299) PSYoungGen: 197650K(222720K)->111075K(222720K) Eden: 116224K(116224K)->0K(111616K) From: 81426K(106496K)->111075K(111104K)
[731.391s][info][gc,heap        ] GC(2299) ParOldGen: 605911K(667648K)->611183K(667648K)
[731.391s][info][gc,metaspace   ] GC(2299) Metaspace: 19067K(19200K)->19067K(19200K) NonClass: 17237K(17344K)->17237K(17344K) Class: 1829K(1856K)->1829K(1856K)
[731.391s][info][gc             ] GC(2299) Pause Young (Allocation Failure) 784M->705M(869M) 95.837ms
[731.391s][info][gc,cpu         ] GC(2299) User=0.18s Sys=0.00s Real=0.10s
[731.504s][info][gc,start       ] GC(2300) Pause Young (Allocation Failure)
[731.593s][info][gc,heap        ] GC(2300) PSYoungGen: 222691K(222720K)->95794K(222720K) Eden: 111616K(111616K)->0K(111616K) From: 111075K(111104K)->95794K(111104K)
[731.593s][info][gc,heap        ] GC(2300) ParOldGen: 611183K(667648K)->629584K(667648K)
[731.593s][info][gc,metaspace   ] GC(2300) Metaspace: 19067K(19200K)->19067K(19200K) NonClass: 17237K(17344K)->17237K(17344K) Class: 1829K(1856K)->1829K(1856K)
[731.593s][info][gc             ] GC(2300) Pause Young (Allocation Failure) 814M->708M(869M) 89.517ms
[731.593s][info][gc,cpu         ] GC(2300) User=0.17s Sys=0.01s Real=0.09s
[731.759s][info][gc,start       ] GC(2301) Pause Full (Allocation Failure)
[731.759s][info][gc,phases,start] GC(2301) Marking Phase
[732.143s][info][gc,phases      ] GC(2301) Marking Phase 383.427ms
[732.143s][info][gc,phases,start] GC(2301) Summary Phase
[732.143s][info][gc,phases      ] GC(2301) Summary Phase 0.032ms
[732.143s][info][gc,phases,start] GC(2301) Forward
[732.268s][info][gc,phases      ] GC(2301) Forward 125.102ms
[732.268s][info][gc,phases,start] GC(2301) Adjust Pointers
[732.553s][info][gc,phases      ] GC(2301) Adjust Pointers 285.441ms
[732.553s][info][gc,phases,start] GC(2301) Compaction Phase
[732.720s][info][gc,phases      ] GC(2301) Compaction Phase 166.215ms
[732.730s][info][gc,phases,start] GC(2301) Post Compact
[732.733s][info][gc,phases      ] GC(2301) Post Compact 2.474ms
[732.733s][info][gc,heap        ] GC(2301) PSYoungGen: 207410K(222720K)->0K(222720K) Eden: 111616K(111616K)->0K(111616K) From: 95794K(111104K)->0K(111104K)
[732.733s][info][gc,heap        ] GC(2301) ParOldGen: 629584K(667648K)->527072K(667648K)
[732.733s][info][gc,metaspace   ] GC(2301) Metaspace: 19067K(19200K)->19067K(19200K) NonClass: 17237K(17344K)->17237K(17344K) Class: 1829K(1856K)->1829K(1856K)
[732.733s][info][gc             ] GC(2301) Pause Full (Allocation Failure) 817M->514M(869M) 973.881ms
[732.733s][info][gc,cpu         ] GC(2301) User=1.84s Sys=0.00s Real=0.97s
[732.865s][info][gc,start       ] GC(2302) Pause Young (Allocation Failure)
[732.887s][info][gc,heap        ] GC(2302) PSYoungGen: 111616K(222720K)->18400K(222720K) Eden: 111616K(111616K)->0K(111616K) From: 0K(111104K)->18400K(111104K)
[732.887s][info][gc,heap        ] GC(2302) ParOldGen: 527072K(667648K)->527072K(667648K)
[732.887s][info][gc,metaspace   ] GC(2302) Metaspace: 19067K(19200K)->19067K(19200K) NonClass: 17237K(17344K)->17237K(17344K) Class: 1829K(1856K)->1829K(1856K)
[732.887s][info][gc             ] GC(2302) Pause Young (Allocation Failure) 623M->532M(869M) 21.959ms
[732.887s][info][gc,cpu         ] GC(2302) User=0.04s Sys=0.00s Real=0.03s
[732.995s][info][gc,start       ] GC(2303) Pause Young (Allocation Failure)
[733.024s][info][gc,heap        ] GC(2303) PSYoungGen: 130016K(222720K)->27808K(222720K) Eden: 111616K(111616K)->0K(111616K) From: 18400K(111104K)->27808K(111104K)
[733.024s][info][gc,heap        ] GC(2303) ParOldGen: 527072K(667648K)->527072K(667648K)
[733.024s][info][gc,metaspace   ] GC(2303) Metaspace: 19067K(19200K)->19067K(19200K) NonClass: 17237K(17344K)->17237K(17344K) Class: 1829K(1856K)->1829K(1856K)
[733.024s][info][gc             ] GC(2303) Pause Young (Allocation Failure) 641M->541M(869M) 29.869ms
[733.025s][info][gc,cpu         ] GC(2303) User=0.06s Sys=0.00s Real=0.03s
[733.110s][info][gc,start       ] GC(2304) Pause Young (Allocation Failure)
[733.143s][info][gc,heap        ] GC(2304) PSYoungGen: 139424K(222720K)->704K(222720K) Eden: 111616K(111616K)->0K(111616K) From: 27808K(111104K)->704K(111104K)
[733.143s][info][gc,heap        ] GC(2304) ParOldGen: 527072K(667648K)->554936K(667648K)
[733.143s][info][gc,metaspace   ] GC(2304) Metaspace: 19067K(19200K)->19067K(19200K) NonClass: 17237K(17344K)->17237K(17344K) Class: 1829K(1856K)->1829K(1856K)
[733.143s][info][gc             ] GC(2304) Pause Young (Allocation Failure) 650M->542M(869M) 33.367ms
[733.143s][info][gc,cpu         ] GC(2304) User=0.07s Sys=0.00s Real=0.03s
[733.254s][info][gc,start       ] GC(2305) Pause Young (Allocation Failure)
[733.261s][info][gc,heap        ] GC(2305) PSYoungGen: 112320K(222720K)->192K(222720K) Eden: 111616K(111616K)->0K(111616K) From: 704K(111104K)->192K(111104K)
[733.261s][info][gc,heap        ] GC(2305) ParOldGen: 554936K(667648K)->555608K(667648K)
[733.261s][info][gc,metaspace   ] GC(2305) Metaspace: 19067K(19200K)->19067K(19200K) NonClass: 17237K(17344K)->17237K(17344K) Class: 1829K(1856K)->1829K(1856K)
[733.261s][info][gc             ] GC(2305) Pause Young (Allocation Failure) 651M->542M(869M) 6.883ms
[733.261s][info][gc,cpu         ] GC(2305) User=0.01s Sys=0.00s Real=0.01s
[733.368s][info][gc,start       ] GC(2306) Pause Young (Allocation Failure)
[733.376s][info][gc,heap        ] GC(2306) PSYoungGen: 111808K(222720K)->4192K(222720K) Eden: 111616K(111616K)->0K(111616K) From: 192K(111104K)->4192K(111104K)
[733.376s][info][gc,heap        ] GC(2306) ParOldGen: 555608K(667648K)->555784K(667648K)
[733.376s][info][gc,metaspace   ] GC(2306) Metaspace: 19067K(19200K)->19067K(19200K) NonClass: 17237K(17344K)->17237K(17344K) Class: 1829K(1856K)->1829K(1856K)
[733.376s][info][gc             ] GC(2306) Pause Young (Allocation Failure) 651M->546M(869M) 8.167ms
[733.376s][info][gc,cpu         ] GC(2306) User=0.02s Sys=0.00s Real=0.01s
[733.524s][info][gc,start       ] GC(2307) Pause Young (Allocation Failure)
[733.542s][info][gc,heap        ] GC(2307) PSYoungGen: 115808K(222720K)->10016K(222720K) Eden: 111616K(111616K)->0K(111616K) From: 4192K(111104K)->10016K(111104K)
[733.542s][info][gc,heap        ] GC(2307) ParOldGen: 555784K(667648K)->559968K(667648K)
[733.542s][info][gc,metaspace   ] GC(2307) Metaspace: 19067K(19200K)->19067K(19200K) NonClass: 17237K(17344K)->17237K(17344K) Class: 1829K(1856K)->1829K(1856K)
[733.542s][info][gc             ] GC(2307) Pause Young (Allocation Failure) 655M->556M(869M) 17.350ms
[733.542s][info][gc,cpu         ] GC(2307) User=0.04s Sys=0.00s Real=0.02s
[733.689s][info][gc,start       ] GC(2308) Pause Young (Allocation Failure)
[733.720s][info][gc,heap        ] GC(2308) PSYoungGen: 121632K(222720K)->18624K(222720K) Eden: 111616K(111616K)->0K(111616K) From: 10016K(111104K)->18624K(111104K)
[733.720s][info][gc,heap        ] GC(2308) ParOldGen: 559968K(667648K)->570000K(667648K)
[733.720s][info][gc,metaspace   ] GC(2308) Metaspace: 19067K(19200K)->19067K(19200K) NonClass: 17237K(17344K)->17237K(17344K) Class: 1829K(1856K)->1829K(1856K)
[733.720s][info][gc             ] GC(2308) Pause Young (Allocation Failure) 665M->574M(869M) 31.766ms
[733.720s][info][gc,cpu         ] GC(2308) User=0.06s Sys=0.00s Real=0.03s
[734.066s][info][gc,start       ] GC(2309) Pause Young (Allocation Failure)
[734.086s][info][gc,heap        ] GC(2309) PSYoungGen: 130240K(222720K)->64K(222720K) Eden: 111616K(111616K)->0K(111616K) From: 18624K(111104K)->64K(111104K)
[734.086s][info][gc,heap        ] GC(2309) ParOldGen: 570000K(667648K)->588673K(667648K)
[734.086s][info][gc,metaspace   ] GC(2309) Metaspace: 19067K(19200K)->19067K(19200K) NonClass: 17237K(17344K)->17237K(17344K) Class: 1829K(1856K)->1829K(1856K)
[734.086s][info][gc             ] GC(2309) Pause Young (Allocation Failure) 683M->574M(869M) 20.548ms
[734.086s][info][gc,cpu         ] GC(2309) User=0.04s Sys=0.00s Real=0.03s
[734.331s][info][gc,start       ] GC(2310) Pause Young (Allocation Failure)
[734.333s][info][gc,heap        ] GC(2310) PSYoungGen: 111680K(222720K)->64K(222720K) Eden: 111616K(111616K)->0K(111616K) From: 64K(111104K)->64K(111104K)
[734.333s][info][gc,heap        ] GC(2310) ParOldGen: 588673K(667648K)->588713K(667648K)
[734.333s][info][gc,metaspace   ] GC(2310) Metaspace: 19067K(19200K)->19067K(19200K) NonClass: 17237K(17344K)->17237K(17344K) Class: 1829K(1856K)->1829K(1856K)
[734.333s][info][gc             ] GC(2310) Pause Young (Allocation Failure) 683M->574M(869M) 2.035ms
[734.333s][info][gc,cpu         ] GC(2310) User=0.01s Sys=0.00s Real=0.00s
[734.599s][info][gc,start       ] GC(2311) Pause Young (Allocation Failure)
[734.601s][info][gc,heap        ] GC(2311) PSYoungGen: 111680K(222720K)->64K(221696K) Eden: 111616K(111616K)->0K(111616K) From: 64K(111104K)->64K(110080K)
[734.601s][info][gc,heap        ] GC(2311) ParOldGen: 588713K(667648K)->588729K(667648K)
[734.601s][info][gc,metaspace   ] GC(2311) Metaspace: 19067K(19200K)->19067K(19200K) NonClass: 17237K(17344K)->17237K(17344K) Class: 1829K(1856K)->1829K(1856K)
[734.601s][info][gc             ] GC(2311) Pause Young (Allocation Failure) 683M->574M(868M) 2.128ms
[734.601s][info][gc,cpu         ] GC(2311) User=0.01s Sys=0.00s Real=0.00s
[734.841s][info][gc,start       ] GC(2312) Pause Young (Allocation Failure)
[734.853s][info][gc,heap        ] GC(2312) PSYoungGen: 111680K(221696K)->64K(112128K) Eden: 111616K(111616K)->0K(111616K) From: 64K(110080K)->64K(512K)
[734.853s][info][gc,heap        ] GC(2312) ParOldGen: 588729K(667648K)->588729K(667648K)
[734.853s][info][gc,metaspace   ] GC(2312) Metaspace: 19067K(19200K)->19067K(19200K) NonClass: 17237K(17344K)->17237K(17344K) Class: 1829K(1856K)->1829K(1856K)
[734.853s][info][gc             ] GC(2312) Pause Young (Allocation Failure) 683M->574M(761M) 11.862ms
[734.853s][info][gc,cpu         ] GC(2312) User=0.02s Sys=0.00s Real=0.01s
[735.061s][info][gc,start       ] GC(2313) Pause Young (Allocation Failure)
[735.064s][info][gc,heap        ] GC(2313) PSYoungGen: 111680K(112128K)->352K(214528K) Eden: 111616K(111616K)->0K(115200K) From: 64K(512K)->352K(99328K)
[735.064s][info][gc,heap        ] GC(2313) ParOldGen: 588729K(667648K)->588729K(667648K)
[735.064s][info][gc,metaspace   ] GC(2313) Metaspace: 19067K(19200K)->19067K(19200K) NonClass: 17237K(17344K)->17237K(17344K) Class: 1829K(1856K)->1829K(1856K)
[735.064s][info][gc             ] GC(2313) Pause Young (Allocation Failure) 683M->575M(861M) 3.221ms
[735.064s][info][gc,cpu         ] GC(2313) User=0.01s Sys=0.00s Real=0.00s
[735.200s][info][gc,start       ] GC(2314) Pause Young (Allocation Failure)
[735.226s][info][gc,heap        ] GC(2314) PSYoungGen: 115552K(214528K)->33408K(217088K) Eden: 115200K(115200K)->0K(115200K) From: 352K(99328K)->33408K(101888K)
[735.226s][info][gc,heap        ] GC(2314) ParOldGen: 588729K(667648K)->588729K(667648K)
[735.226s][info][gc,metaspace   ] GC(2314) Metaspace: 19067K(19200K)->19067K(19200K) NonClass: 17237K(17344K)->17237K(17344K) Class: 1829K(1856K)->1829K(1856K)
[735.226s][info][gc             ] GC(2314) Pause Young (Allocation Failure) 687M->607M(864M) 25.352ms
[735.226s][info][gc,cpu         ] GC(2314) User=0.05s Sys=0.00s Real=0.02s
[735.285s][info][gc,start       ] GC(2315) Pause Young (Allocation Failure)
[735.334s][info][gc,heap        ] GC(2315) PSYoungGen: 148608K(217088K)->76000K(205824K) Eden: 115200K(115200K)->0K(107520K) From: 33408K(101888K)->76000K(98304K)
[735.334s][info][gc,heap        ] GC(2315) ParOldGen: 588729K(667648K)->588729K(667648K)
[735.334s][info][gc,metaspace   ] GC(2315) Metaspace: 19067K(19200K)->19067K(19200K) NonClass: 17237K(17344K)->17237K(17344K) Class: 1829K(1856K)->1829K(1856K)
[735.334s][info][gc             ] GC(2315) Pause Young (Allocation Failure) 720M->649M(853M) 48.978ms
[735.334s][info][gc,cpu         ] GC(2315) User=0.10s Sys=0.00s Real=0.05s
[735.521s][info][gc,start       ] GC(2316) Pause Young (Allocation Failure)
[735.568s][info][gc,heap        ] GC(2316) PSYoungGen: 183520K(205824K)->79728K(218624K) Eden: 107520K(107520K)->0K(107520K) From: 76000K(98304K)->79728K(111104K)
[735.568s][info][gc,heap        ] GC(2316) ParOldGen: 588729K(667648K)->588729K(667648K)
[735.568s][info][gc,metaspace   ] GC(2316) Metaspace: 19067K(19200K)->19067K(19200K) NonClass: 17237K(17344K)->17237K(17344K) Class: 1829K(1856K)->1829K(1856K)
[735.568s][info][gc             ] GC(2316) Pause Young (Allocation Failure) 754M->652M(865M) 47.224ms
[735.568s][info][gc,cpu         ] GC(2316) User=0.09s Sys=0.00s Real=0.05s
[735.730s][info][gc,start       ] GC(2317) Pause Young (Allocation Failure)
[735.812s][info][gc,heap        ] GC(2317) PSYoungGen: 187248K(218624K)->98608K(222720K) Eden: 107520K(107520K)->0K(111616K) From: 79728K(111104K)->98608K(111104K)
[735.812s][info][gc,heap        ] GC(2317) ParOldGen: 588729K(667648K)->588769K(667648K)
[735.812s][info][gc,metaspace   ] GC(2317) Metaspace: 19067K(19200K)->19067K(19200K) NonClass: 17237K(17344K)->17237K(17344K) Class: 1829K(1856K)->1829K(1856K)
[735.812s][info][gc             ] GC(2317) Pause Young (Allocation Failure) 757M->671M(869M) 82.018ms
[735.812s][info][gc,cpu         ] GC(2317) User=0.16s Sys=0.00s Real=0.08s
[735.932s][info][gc,start       ] GC(2318) Pause Young (Allocation Failure)
[736.034s][info][gc,heap        ] GC(2318) PSYoungGen: 210224K(222720K)->88576K(222720K) Eden: 111616K(111616K)->0K(111616K) From: 98608K(111104K)->88576K(111104K)
[736.034s][info][gc,heap        ] GC(2318) ParOldGen: 588769K(667648K)->622497K(667648K)
[736.034s][info][gc,metaspace   ] GC(2318) Metaspace: 19067K(19200K)->19067K(19200K) NonClass: 17237K(17344K)->17237K(17344K) Class: 1829K(1856K)->1829K(1856K)
[736.034s][info][gc             ] GC(2318) Pause Young (Allocation Failure) 780M->694M(869M) 101.651ms
[736.034s][info][gc,cpu         ] GC(2318) User=0.20s Sys=0.00s Real=0.10s
[736.166s][info][gc,start       ] GC(2319) Pause Young (Allocation Failure)
[736.285s][info][gc,promotion   ] GC(2319) Promotion failed
[736.285s][info][gc,heap        ] GC(2319) PSYoungGen: 200192K(222720K)->200192K(222720K) Eden: 111616K(111616K)->111616K(111616K) From: 88576K(111104K)->88576K(111104K)
[736.285s][info][gc,heap        ] GC(2319) ParOldGen: 622497K(667648K)->667641K(667648K)
[736.285s][info][gc,metaspace   ] GC(2319) Metaspace: 19067K(19200K)->19067K(19200K) NonClass: 17237K(17344K)->17237K(17344K) Class: 1829K(1856K)->1829K(1856K)
[736.285s][info][gc             ] GC(2319) Pause Young (Allocation Failure) 803M->847M(869M) 119.796ms
[736.285s][info][gc,cpu         ] GC(2319) User=0.20s Sys=0.03s Real=0.12s
[736.286s][info][gc,start       ] GC(2320) Pause Full (Allocation Failure)
[736.286s][info][gc,phases,start] GC(2320) Marking Phase
[736.775s][info][gc,phases      ] GC(2320) Marking Phase 489.873ms
[736.775s][info][gc,phases,start] GC(2320) Summary Phase
[736.775s][info][gc,phases      ] GC(2320) Summary Phase 0.028ms
[736.775s][info][gc,phases,start] GC(2320) Forward
[736.905s][info][gc,phases      ] GC(2320) Forward 129.237ms
[736.905s][info][gc,phases,start] GC(2320) Adjust Pointers
[737.278s][info][gc,phases      ] GC(2320) Adjust Pointers 373.493ms
[737.278s][info][gc,phases,start] GC(2320) Compaction Phase
[737.503s][info][gc,phases      ] GC(2320) Compaction Phase 225.041ms
[737.515s][info][gc,phases,start] GC(2320) Post Compact
[737.518s][info][gc,phases      ] GC(2320) Post Compact 2.669ms
[737.518s][info][gc,heap        ] GC(2320) PSYoungGen: 200192K(222720K)->4874K(222720K) Eden: 111616K(111616K)->0K(111616K) From: 88576K(111104K)->4874K(111104K)
[737.518s][info][gc,heap        ] GC(2320) ParOldGen: 667641K(667648K)->667218K(667648K)
[737.518s][info][gc,metaspace   ] GC(2320) Metaspace: 19067K(19200K)->19067K(19200K) NonClass: 17237K(17344K)->17237K(17344K) Class: 1829K(1856K)->1829K(1856K)
[737.518s][info][gc             ] GC(2320) Pause Full (Allocation Failure) 847M->656M(869M) 1232.493ms
[737.518s][info][gc,cpu         ] GC(2320) User=2.40s Sys=0.00s Real=1.24s
[737.596s][info][gc,start       ] GC(2321) Pause Full (Allocation Failure)
[737.596s][info][gc,phases,start] GC(2321) Marking Phase
[738.095s][info][gc,phases      ] GC(2321) Marking Phase 499.388ms
[738.095s][info][gc,phases,start] GC(2321) Summary Phase
[738.095s][info][gc,phases      ] GC(2321) Summary Phase 0.024ms
[738.095s][info][gc,phases,start] GC(2321) Forward
[738.109s][info][gc,phases      ] GC(2321) Forward 13.589ms
[738.109s][info][gc,phases,start] GC(2321) Adjust Pointers
[738.445s][info][gc,phases      ] GC(2321) Adjust Pointers 336.367ms
[738.445s][info][gc,phases,start] GC(2321) Compaction Phase
[738.584s][info][gc,phases      ] GC(2321) Compaction Phase 138.412ms
[738.584s][info][gc,phases,start] GC(2321) Post Compact
[738.586s][info][gc,phases      ] GC(2321) Post Compact 2.274ms
[738.586s][info][gc,heap        ] GC(2321) PSYoungGen: 116490K(222720K)->8693K(222720K) Eden: 111616K(111616K)->8693K(111616K) From: 4874K(111104K)->0K(111104K)
[738.586s][info][gc,heap        ] GC(2321) ParOldGen: 667218K(667648K)->667644K(667648K)
[738.586s][info][gc,metaspace   ] GC(2321) Metaspace: 19067K(19200K)->19067K(19200K) NonClass: 17237K(17344K)->17237K(17344K) Class: 1829K(1856K)->1829K(1856K)
[738.586s][info][gc             ] GC(2321) Pause Full (Allocation Failure) 765M->660M(869M) 990.465ms
[738.586s][info][gc,cpu         ] GC(2321) User=1.95s Sys=0.00s Real=0.99s
[738.690s][info][gc,start       ] GC(2322) Pause Full (Allocation Failure)
[738.690s][info][gc,phases,start] GC(2322) Marking Phase
[739.189s][info][gc,phases      ] GC(2322) Marking Phase 498.341ms
[739.189s][info][gc,phases,start] GC(2322) Summary Phase
[739.189s][info][gc,phases      ] GC(2322) Summary Phase 0.046ms
[739.189s][info][gc,phases,start] GC(2322) Forward
[739.193s][info][gc,phases      ] GC(2322) Forward 4.266ms
[739.193s][info][gc,phases,start] GC(2322) Adjust Pointers
[739.527s][info][gc,phases      ] GC(2322) Adjust Pointers 334.405ms
[739.528s][info][gc,phases,start] GC(2322) Compaction Phase
[739.663s][info][gc,phases      ] GC(2322) Compaction Phase 135.005ms
[739.663s][info][gc,phases,start] GC(2322) Post Compact
[739.665s][info][gc,phases      ] GC(2322) Post Compact 2.232ms
[739.665s][info][gc,heap        ] GC(2322) PSYoungGen: 111616K(222720K)->9303K(222720K) Eden: 111616K(111616K)->9303K(111616K) From: 0K(111104K)->0K(111104K)
[739.665s][info][gc,heap        ] GC(2322) ParOldGen: 667644K(667648K)->667644K(667648K)
[739.665s][info][gc,metaspace   ] GC(2322) Metaspace: 19067K(19200K)->19067K(19200K) NonClass: 17237K(17344K)->17237K(17344K) Class: 1829K(1856K)->1829K(1856K)
[739.665s][info][gc             ] GC(2322) Pause Full (Allocation Failure) 760M->661M(869M) 974.694ms
[739.665s][info][gc,cpu         ] GC(2322) User=1.91s Sys=0.01s Real=0.97s
[739.758s][info][gc,start       ] GC(2323) Pause Full (Allocation Failure)
[739.759s][info][gc,phases,start] GC(2323) Marking Phase
[740.254s][info][gc,phases      ] GC(2323) Marking Phase 495.570ms
[740.254s][info][gc,phases,start] GC(2323) Summary Phase
[740.254s][info][gc,phases      ] GC(2323) Summary Phase 0.026ms
[740.254s][info][gc,phases,start] GC(2323) Forward
[740.285s][info][gc,phases      ] GC(2323) Forward 30.653ms
[740.285s][info][gc,phases,start] GC(2323) Adjust Pointers
[740.626s][info][gc,phases      ] GC(2323) Adjust Pointers 341.367ms
[740.626s][info][gc,phases,start] GC(2323) Compaction Phase
[740.765s][info][gc,phases      ] GC(2323) Compaction Phase 138.514ms
[740.770s][info][gc,phases,start] GC(2323) Post Compact
[740.772s][info][gc,phases      ] GC(2323) Post Compact 2.258ms
[740.772s][info][gc,heap        ] GC(2323) PSYoungGen: 111616K(222720K)->12021K(222720K) Eden: 111616K(111616K)->12021K(111616K) From: 0K(111104K)->0K(111104K)
[740.772s][info][gc,heap        ] GC(2323) ParOldGen: 667644K(667648K)->667644K(667648K)
[740.772s][info][gc,metaspace   ] GC(2323) Metaspace: 19067K(19200K)->19067K(19200K) NonClass: 17237K(17344K)->17237K(17344K) Class: 1829K(1856K)->1829K(1856K)
[740.772s][info][gc             ] GC(2323) Pause Full (Allocation Failure) 760M->663M(869M) 1013.980ms
[740.772s][info][gc,cpu         ] GC(2323) User=1.97s Sys=0.00s Real=1.01s
[740.882s][info][gc,start       ] GC(2324) Pause Full (Allocation Failure)
[740.882s][info][gc,phases,start] GC(2324) Marking Phase
[741.387s][info][gc,phases      ] GC(2324) Marking Phase 505.267ms
[741.387s][info][gc,phases,start] GC(2324) Summary Phase
[741.387s][info][gc,phases      ] GC(2324) Summary Phase 0.025ms
[741.387s][info][gc,phases,start] GC(2324) Forward
[741.404s][info][gc,phases      ] GC(2324) Forward 16.950ms
[741.404s][info][gc,phases,start] GC(2324) Adjust Pointers
[741.744s][info][gc,phases      ] GC(2324) Adjust Pointers 339.927ms
[741.744s][info][gc,phases,start] GC(2324) Compaction Phase
[741.886s][info][gc,phases      ] GC(2324) Compaction Phase 142.225ms
[741.886s][info][gc,phases,start] GC(2324) Post Compact
[741.889s][info][gc,phases      ] GC(2324) Post Compact 2.263ms
[741.889s][info][gc,heap        ] GC(2324) PSYoungGen: 111616K(222720K)->13648K(222720K) Eden: 111616K(111616K)->13648K(111616K) From: 0K(111104K)->0K(111104K)
[741.889s][info][gc,heap        ] GC(2324) ParOldGen: 667644K(667648K)->667644K(667648K)
[741.889s][info][gc,metaspace   ] GC(2324) Metaspace: 19067K(19200K)->19067K(19200K) NonClass: 17237K(17344K)->17237K(17344K) Class: 1829K(1856K)->1829K(1856K)
[741.889s][info][gc             ] GC(2324) Pause Full (Allocation Failure) 760M->665M(869M) 1007.078ms
[741.889s][info][gc,cpu         ] GC(2324) User=1.97s Sys=0.00s Real=1.01s
[742.028s][info][gc,start       ] GC(2325) Pause Full (Allocation Failure)
[742.028s][info][gc,phases,start] GC(2325) Marking Phase
[742.423s][info][gc,phases      ] GC(2325) Marking Phase 395.126ms
[742.423s][info][gc,phases,start] GC(2325) Summary Phase
[742.423s][info][gc,phases      ] GC(2325) Summary Phase 0.030ms
[742.423s][info][gc,phases,start] GC(2325) Forward
[742.539s][info][gc,phases      ] GC(2325) Forward 116.295ms
[742.539s][info][gc,phases,start] GC(2325) Adjust Pointers
[742.834s][info][gc,phases      ] GC(2325) Adjust Pointers 294.950ms
[742.834s][info][gc,phases,start] GC(2325) Compaction Phase
[743.038s][info][gc,phases      ] GC(2325) Compaction Phase 203.364ms
[743.050s][info][gc,phases,start] GC(2325) Post Compact
[743.053s][info][gc,phases      ] GC(2325) Post Compact 2.320ms
[743.053s][info][gc,heap        ] GC(2325) PSYoungGen: 111616K(222720K)->0K(222720K) Eden: 111616K(111616K)->0K(111616K) From: 0K(111104K)->0K(111104K)
[743.053s][info][gc,heap        ] GC(2325) ParOldGen: 667644K(667648K)->559291K(667648K)
[743.053s][info][gc,metaspace   ] GC(2325) Metaspace: 19067K(19200K)->19067K(19200K) NonClass: 17237K(17344K)->17237K(17344K) Class: 1829K(1856K)->1829K(1856K)
[743.053s][info][gc             ] GC(2325) Pause Full (Allocation Failure) 760M->546M(869M) 1024.886ms
[743.053s][info][gc,cpu         ] GC(2325) User=1.96s Sys=0.00s Real=1.02s
[743.203s][info][gc,start       ] GC(2326) Pause Young (Allocation Failure)
[743.225s][info][gc,heap        ] GC(2326) PSYoungGen: 111616K(222720K)->18624K(222720K) Eden: 111616K(111616K)->0K(111616K) From: 0K(111104K)->18624K(111104K)
[743.225s][info][gc,heap        ] GC(2326) ParOldGen: 559291K(667648K)->559291K(667648K)
[743.225s][info][gc,metaspace   ] GC(2326) Metaspace: 19067K(19200K)->19067K(19200K) NonClass: 17237K(17344K)->17237K(17344K) Class: 1829K(1856K)->1829K(1856K)
[743.225s][info][gc             ] GC(2326) Pause Young (Allocation Failure) 655M->564M(869M) 22.375ms
[743.225s][info][gc,cpu         ] GC(2326) User=0.04s Sys=0.00s Real=0.02s
[743.449s][info][gc,start       ] GC(2327) Pause Young (Allocation Failure)
[743.475s][info][gc,heap        ] GC(2327) PSYoungGen: 130240K(222720K)->25771K(222720K) Eden: 111616K(111616K)->0K(111616K) From: 18624K(111104K)->25771K(111104K)
[743.475s][info][gc,heap        ] GC(2327) ParOldGen: 559291K(667648K)->559291K(667648K)
[743.475s][info][gc,metaspace   ] GC(2327) Metaspace: 19067K(19200K)->19067K(19200K) NonClass: 17237K(17344K)->17237K(17344K) Class: 1829K(1856K)->1829K(1856K)
[743.475s][info][gc             ] GC(2327) Pause Young (Allocation Failure) 673M->571M(869M) 25.859ms
[743.475s][info][gc,cpu         ] GC(2327) User=0.06s Sys=0.00s Real=0.02s
[743.625s][info][gc,start       ] GC(2328) Pause Young (Allocation Failure)
[743.664s][info][gc,heap        ] GC(2328) PSYoungGen: 137387K(222720K)->14288K(222720K) Eden: 111616K(111616K)->0K(111616K) From: 25771K(111104K)->14288K(111104K)
[743.664s][info][gc,heap        ] GC(2328) ParOldGen: 559291K(667648K)->585112K(667648K)
[743.664s][info][gc,metaspace   ] GC(2328) Metaspace: 19067K(19200K)->19067K(19200K) NonClass: 17237K(17344K)->17237K(17344K) Class: 1829K(1856K)->1829K(1856K)
[743.664s][info][gc             ] GC(2328) Pause Young (Allocation Failure) 680M->585M(869M) 39.170ms
[743.664s][info][gc,cpu         ] GC(2328) User=0.08s Sys=0.01s Real=0.04s
[743.779s][info][gc,start       ] GC(2329) Pause Young (Allocation Failure)
[743.804s][info][gc,heap        ] GC(2329) PSYoungGen: 125904K(222720K)->18848K(222720K) Eden: 111616K(111616K)->0K(111616K) From: 14288K(111104K)->18848K(111104K)
[743.804s][info][gc,heap        ] GC(2329) ParOldGen: 585112K(667648K)->594344K(667648K)
[743.804s][info][gc,metaspace   ] GC(2329) Metaspace: 19067K(19200K)->19067K(19200K) NonClass: 17237K(17344K)->17237K(17344K) Class: 1829K(1856K)->1829K(1856K)
[743.804s][info][gc             ] GC(2329) Pause Young (Allocation Failure) 694M->598M(869M) 24.650ms
[743.804s][info][gc,cpu         ] GC(2329) User=0.04s Sys=0.00s Real=0.02s
[743.923s][info][gc,start       ] GC(2330) Pause Young (Allocation Failure)
[743.942s][info][gc,heap        ] GC(2330) PSYoungGen: 130464K(222720K)->9888K(222720K) Eden: 111616K(111616K)->0K(111616K) From: 18848K(111104K)->9888K(111104K)
[743.942s][info][gc,heap        ] GC(2330) ParOldGen: 594344K(667648K)->606792K(667648K)
[743.942s][info][gc,metaspace   ] GC(2330) Metaspace: 19067K(19200K)->19067K(19200K) NonClass: 17237K(17344K)->17237K(17344K) Class: 1829K(1856K)->1829K(1856K)
[743.942s][info][gc             ] GC(2330) Pause Young (Allocation Failure) 707M->602M(869M) 19.162ms
[743.942s][info][gc,cpu         ] GC(2330) User=0.04s Sys=0.00s Real=0.02s
[744.051s][info][gc,start       ] GC(2331) Pause Young (Allocation Failure)
[744.077s][info][gc,heap        ] GC(2331) PSYoungGen: 121504K(222720K)->13600K(222720K) Eden: 111616K(111616K)->0K(111616K) From: 9888K(111104K)->13600K(111104K)
[744.077s][info][gc,heap        ] GC(2331) ParOldGen: 606792K(667648K)->616592K(667648K)
[744.077s][info][gc,metaspace   ] GC(2331) Metaspace: 19067K(19200K)->19067K(19200K) NonClass: 17237K(17344K)->17237K(17344K) Class: 1829K(1856K)->1829K(1856K)
[744.077s][info][gc             ] GC(2331) Pause Young (Allocation Failure) 711M->615M(869M) 26.399ms
[744.077s][info][gc,cpu         ] GC(2331) User=0.05s Sys=0.00s Real=0.03s
[744.229s][info][gc,start       ] GC(2332) Pause Young (Allocation Failure)
[744.250s][info][gc,heap        ] GC(2332) PSYoungGen: 125216K(222720K)->3968K(218624K) Eden: 111616K(111616K)->0K(111616K) From: 13600K(111104K)->3968K(107008K)
[744.250s][info][gc,heap        ] GC(2332) ParOldGen: 616592K(667648K)->630176K(667648K)
[744.250s][info][gc,metaspace   ] GC(2332) Metaspace: 19067K(19200K)->19067K(19200K) NonClass: 17237K(17344K)->17237K(17344K) Class: 1829K(1856K)->1829K(1856K)
[744.250s][info][gc             ] GC(2332) Pause Young (Allocation Failure) 724M->619M(865M) 20.886ms
[744.250s][info][gc,cpu         ] GC(2332) User=0.05s Sys=0.00s Real=0.02s
[744.502s][info][gc,start       ] GC(2333) Pause Young (Allocation Failure)
[744.508s][info][gc,heap        ] GC(2333) PSYoungGen: 115584K(218624K)->4064K(115712K) Eden: 111616K(111616K)->0K(111616K) From: 3968K(107008K)->4064K(4096K)
[744.508s][info][gc,heap        ] GC(2333) ParOldGen: 630176K(667648K)->630176K(667648K)
[744.508s][info][gc,metaspace   ] GC(2333) Metaspace: 19067K(19200K)->19067K(19200K) NonClass: 17237K(17344K)->17237K(17344K) Class: 1829K(1856K)->1829K(1856K)
[744.508s][info][gc             ] GC(2333) Pause Young (Allocation Failure) 728M->619M(765M) 6.780ms
[744.508s][info][gc,cpu         ] GC(2333) User=0.02s Sys=0.00s Real=0.01s
[744.655s][info][gc,start       ] GC(2334) Pause Young (Allocation Failure)
[744.672s][info][gc,heap        ] GC(2334) PSYoungGen: 115680K(115712K)->17008K(207872K) Eden: 111616K(111616K)->0K(115200K) From: 4064K(4096K)->17008K(92672K)
[744.672s][info][gc,heap        ] GC(2334) ParOldGen: 630176K(667648K)->630176K(667648K)
[744.672s][info][gc,metaspace   ] GC(2334) Metaspace: 19067K(19200K)->19067K(19200K) NonClass: 17237K(17344K)->17237K(17344K) Class: 1829K(1856K)->1829K(1856K)
[744.672s][info][gc             ] GC(2334) Pause Young (Allocation Failure) 728M->632M(855M) 17.768ms
[744.672s][info][gc,cpu         ] GC(2334) User=0.03s Sys=0.00s Real=0.02s
[744.814s][info][gc,start       ] GC(2335) Pause Young (Allocation Failure)
[744.835s][info][gc,heap        ] GC(2335) PSYoungGen: 132208K(207872K)->20832K(136192K) Eden: 115200K(115200K)->0K(115200K) From: 17008K(92672K)->20832K(20992K)
[744.835s][info][gc,heap        ] GC(2335) ParOldGen: 630176K(667648K)->630176K(667648K)
[744.835s][info][gc,metaspace   ] GC(2335) Metaspace: 19067K(19200K)->19067K(19200K) NonClass: 17237K(17344K)->17237K(17344K) Class: 1829K(1856K)->1829K(1856K)
[744.835s][info][gc             ] GC(2335) Pause Young (Allocation Failure) 744M->635M(785M) 21.015ms
[744.835s][info][gc,cpu         ] GC(2335) User=0.04s Sys=0.00s Real=0.02s
[744.914s][info][gc,start       ] GC(2336) Pause Young (Allocation Failure)
[744.960s][info][gc,heap        ] GC(2336) PSYoungGen: 136032K(136192K)->58928K(205312K) Eden: 115200K(115200K)->0K(113152K) From: 20832K(20992K)->58928K(92160K)
[744.960s][info][gc,heap        ] GC(2336) ParOldGen: 630176K(667648K)->630176K(667648K)
[744.960s][info][gc,metaspace   ] GC(2336) Metaspace: 19067K(19200K)->19067K(19200K) NonClass: 17237K(17344K)->17237K(17344K) Class: 1829K(1856K)->1829K(1856K)
[744.960s][info][gc             ] GC(2336) Pause Young (Allocation Failure) 748M->672M(852M) 46.179ms
[744.960s][info][gc,cpu         ] GC(2336) User=0.09s Sys=0.00s Real=0.05s
[745.053s][info][gc,start       ] GC(2337) Pause Young (Allocation Failure)
[745.119s][info][gc,heap        ] GC(2337) PSYoungGen: 172080K(205312K)->97664K(210944K) Eden: 113152K(113152K)->0K(113152K) From: 58928K(92160K)->97664K(97792K)
[745.119s][info][gc,heap        ] GC(2337) ParOldGen: 630176K(667648K)->630176K(667648K)
[745.119s][info][gc,metaspace   ] GC(2337) Metaspace: 19067K(19200K)->19067K(19200K) NonClass: 17237K(17344K)->17237K(17344K) Class: 1829K(1856K)->1829K(1856K)
[745.119s][info][gc             ] GC(2337) Pause Young (Allocation Failure) 783M->710M(858M) 65.646ms
[745.119s][info][gc,cpu         ] GC(2337) User=0.13s Sys=0.00s Real=0.07s
[745.257s][info][gc,start       ] GC(2338) Pause Young (Allocation Failure)
[745.330s][info][gc,heap        ] GC(2338) PSYoungGen: 210816K(210944K)->96880K(222720K) Eden: 113152K(113152K)->0K(111616K) From: 97664K(97792K)->96880K(111104K)
[745.330s][info][gc,heap        ] GC(2338) ParOldGen: 630176K(667648K)->634208K(667648K)
[745.330s][info][gc,metaspace   ] GC(2338) Metaspace: 19067K(19200K)->19067K(19200K) NonClass: 17237K(17344K)->17237K(17344K) Class: 1829K(1856K)->1829K(1856K)
[745.330s][info][gc             ] GC(2338) Pause Young (Allocation Failure) 821M->713M(869M) 73.352ms
[745.330s][info][gc,cpu         ] GC(2338) User=0.13s Sys=0.01s Real=0.07s
[745.499s][info][gc,start       ] GC(2339) Pause Young (Allocation Failure)
[745.585s][info][gc,heap        ] GC(2339) PSYoungGen: 208496K(222720K)->105472K(222720K) Eden: 111616K(111616K)->0K(111616K) From: 96880K(111104K)->105472K(111104K)
[745.586s][info][gc,heap        ] GC(2339) ParOldGen: 634208K(667648K)->635845K(667648K)
[745.586s][info][gc,metaspace   ] GC(2339) Metaspace: 19067K(19200K)->19067K(19200K) NonClass: 17237K(17344K)->17237K(17344K) Class: 1829K(1856K)->1829K(1856K)
[745.586s][info][gc             ] GC(2339) Pause Young (Allocation Failure) 822M->723M(869M) 86.790ms
[745.586s][info][gc,cpu         ] GC(2339) User=0.18s Sys=0.00s Real=0.08s
[745.702s][info][gc,start       ] GC(2340) Pause Young (Allocation Failure)
[745.817s][info][gc,promotion   ] GC(2340) Promotion failed
[745.817s][info][gc,heap        ] GC(2340) PSYoungGen: 217088K(222720K)->217088K(222720K) Eden: 111616K(111616K)->111616K(111616K) From: 105472K(111104K)->105472K(111104K)
[745.817s][info][gc,heap        ] GC(2340) ParOldGen: 635845K(667648K)->667641K(667648K)
[745.817s][info][gc,metaspace   ] GC(2340) Metaspace: 19067K(19200K)->19067K(19200K) NonClass: 17237K(17344K)->17237K(17344K) Class: 1829K(1856K)->1829K(1856K)
[745.817s][info][gc             ] GC(2340) Pause Young (Allocation Failure) 832M->863M(869M) 114.994ms
[745.817s][info][gc,cpu         ] GC(2340) User=0.22s Sys=0.01s Real=0.12s
[745.817s][info][gc,start       ] GC(2341) Pause Full (Allocation Failure)
[745.817s][info][gc,phases,start] GC(2341) Marking Phase
[746.179s][info][gc,phases      ] GC(2341) Marking Phase 361.668ms
[746.179s][info][gc,phases,start] GC(2341) Summary Phase
[746.179s][info][gc,phases      ] GC(2341) Summary Phase 0.029ms
[746.179s][info][gc,phases,start] GC(2341) Forward
[746.263s][info][gc,phases      ] GC(2341) Forward 83.941ms
[746.263s][info][gc,phases,start] GC(2341) Adjust Pointers
[746.530s][info][gc,phases      ] GC(2341) Adjust Pointers 267.094ms
[746.530s][info][gc,phases,start] GC(2341) Compaction Phase
[746.686s][info][gc,phases      ] GC(2341) Compaction Phase 156.281ms
[746.695s][info][gc,phases,start] GC(2341) Post Compact
[746.697s][info][gc,phases      ] GC(2341) Post Compact 2.773ms
[746.697s][info][gc,heap        ] GC(2341) PSYoungGen: 217088K(222720K)->0K(222720K) Eden: 111616K(111616K)->0K(111616K) From: 105472K(111104K)->0K(111104K)
[746.697s][info][gc,heap        ] GC(2341) ParOldGen: 667641K(667648K)->529592K(667648K)
[746.698s][info][gc,metaspace   ] GC(2341) Metaspace: 19067K(19200K)->19067K(19200K) NonClass: 17237K(17344K)->17237K(17344K) Class: 1829K(1856K)->1829K(1856K)
[746.698s][info][gc             ] GC(2341) Pause Full (Allocation Failure) 863M->517M(869M) 880.433ms
[746.698s][info][gc,cpu         ] GC(2341) User=1.67s Sys=0.00s Real=0.88s
[746.825s][info][gc,start       ] GC(2342) Pause Young (Allocation Failure)
[746.846s][info][gc,heap        ] GC(2342) PSYoungGen: 111616K(222720K)->15392K(222720K) Eden: 111616K(111616K)->0K(111616K) From: 0K(111104K)->15392K(111104K)
[746.847s][info][gc,heap        ] GC(2342) ParOldGen: 529592K(667648K)->529592K(667648K)
[746.847s][info][gc,metaspace   ] GC(2342) Metaspace: 19067K(19200K)->19067K(19200K) NonClass: 17237K(17344K)->17237K(17344K) Class: 1829K(1856K)->1829K(1856K)
[746.847s][info][gc             ] GC(2342) Pause Young (Allocation Failure) 626M->532M(869M) 21.369ms
[746.847s][info][gc,cpu         ] GC(2342) User=0.05s Sys=0.00s Real=0.03s
[746.925s][info][gc,start       ] GC(2343) Pause Young (Allocation Failure)
[746.941s][info][gc,heap        ] GC(2343) PSYoungGen: 127008K(222720K)->15552K(222720K) Eden: 111616K(111616K)->0K(111616K) From: 15392K(111104K)->15552K(111104K)
[746.941s][info][gc,heap        ] GC(2343) ParOldGen: 529592K(667648K)->529592K(667648K)
[746.941s][info][gc,metaspace   ] GC(2343) Metaspace: 19067K(19200K)->19067K(19200K) NonClass: 17237K(17344K)->17237K(17344K) Class: 1829K(1856K)->1829K(1856K)
[746.941s][info][gc             ] GC(2343) Pause Young (Allocation Failure) 641M->532M(869M) 16.694ms
[746.941s][info][gc,cpu         ] GC(2343) User=0.03s Sys=0.00s Real=0.02s
[747.058s][info][gc,start       ] GC(2344) Pause Young (Allocation Failure)
[747.081s][info][gc,heap        ] GC(2344) PSYoungGen: 127168K(222720K)->736K(222720K) Eden: 111616K(111616K)->0K(111616K) From: 15552K(111104K)->736K(111104K)
[747.081s][info][gc,heap        ] GC(2344) ParOldGen: 529592K(667648K)->545200K(667648K)
[747.081s][info][gc,metaspace   ] GC(2344) Metaspace: 19067K(19200K)->19067K(19200K) NonClass: 17237K(17344K)->17237K(17344K) Class: 1829K(1856K)->1829K(1856K)
[747.081s][info][gc             ] GC(2344) Pause Young (Allocation Failure) 641M->533M(869M) 22.910ms
[747.081s][info][gc,cpu         ] GC(2344) User=0.04s Sys=0.00s Real=0.02s
[747.195s][info][gc,start       ] GC(2345) Pause Young (Allocation Failure)
[747.206s][info][gc,heap        ] GC(2345) PSYoungGen: 112352K(222720K)->4288K(222720K) Eden: 111616K(111616K)->0K(111616K) From: 736K(111104K)->4288K(111104K)
[747.206s][info][gc,heap        ] GC(2345) ParOldGen: 545200K(667648K)->545896K(667648K)
[747.206s][info][gc,metaspace   ] GC(2345) Metaspace: 19067K(19200K)->19067K(19200K) NonClass: 17237K(17344K)->17237K(17344K) Class: 1829K(1856K)->1829K(1856K)
[747.206s][info][gc             ] GC(2345) Pause Young (Allocation Failure) 642M->537M(869M) 10.259ms
[747.206s][info][gc,cpu         ] GC(2345) User=0.02s Sys=0.00s Real=0.01s
[747.349s][info][gc,start       ] GC(2346) Pause Young (Allocation Failure)
[747.366s][info][gc,heap        ] GC(2346) PSYoungGen: 115904K(222720K)->9888K(222720K) Eden: 111616K(111616K)->0K(111616K) From: 4288K(111104K)->9888K(111104K)
[747.366s][info][gc,heap        ] GC(2346) ParOldGen: 545896K(667648K)->550176K(667648K)
[747.366s][info][gc,metaspace   ] GC(2346) Metaspace: 19067K(19200K)->19067K(19200K) NonClass: 17237K(17344K)->17237K(17344K) Class: 1829K(1856K)->1829K(1856K)
[747.366s][info][gc             ] GC(2346) Pause Young (Allocation Failure) 646M->546M(869M) 17.659ms
[747.366s][info][gc,cpu         ] GC(2346) User=0.04s Sys=0.00s Real=0.02s
[747.546s][info][gc,start       ] GC(2347) Pause Young (Allocation Failure)
[747.587s][info][gc,heap        ] GC(2347) PSYoungGen: 121504K(222720K)->14368K(222720K) Eden: 111616K(111616K)->0K(111616K) From: 9888K(111104K)->14368K(111104K)
[747.587s][info][gc,heap        ] GC(2347) ParOldGen: 550176K(667648K)->560080K(667648K)
[747.587s][info][gc,metaspace   ] GC(2347) Metaspace: 19067K(19200K)->19067K(19200K) NonClass: 17237K(17344K)->17237K(17344K) Class: 1829K(1856K)->1829K(1856K)
[747.587s][info][gc             ] GC(2347) Pause Young (Allocation Failure) 655M->560M(869M) 41.592ms
[747.587s][info][gc,cpu         ] GC(2347) User=0.06s Sys=0.00s Real=0.05s
[747.834s][info][gc,start       ] GC(2348) Pause Young (Allocation Failure)
[747.864s][info][gc,heap        ] GC(2348) PSYoungGen: 125984K(222720K)->4960K(222720K) Eden: 111616K(111616K)->0K(111616K) From: 14368K(111104K)->4960K(111104K)
[747.864s][info][gc,heap        ] GC(2348) ParOldGen: 560080K(667648K)->574457K(667648K)
[747.864s][info][gc,metaspace   ] GC(2348) Metaspace: 19067K(19200K)->19067K(19200K) NonClass: 17237K(17344K)->17237K(17344K) Class: 1829K(1856K)->1829K(1856K)
[747.864s][info][gc             ] GC(2348) Pause Young (Allocation Failure) 669M->565M(869M) 29.367ms
[747.864s][info][gc,cpu         ] GC(2348) User=0.06s Sys=0.00s Real=0.03s
[748.056s][info][gc,start       ] GC(2349) Pause Young (Allocation Failure)
[748.081s][info][gc,heap        ] GC(2349) PSYoungGen: 116576K(222720K)->26240K(211456K) Eden: 111616K(111616K)->0K(111616K) From: 4960K(111104K)->26240K(99840K)
[748.081s][info][gc,heap        ] GC(2349) ParOldGen: 574457K(667648K)->579417K(667648K)
[748.081s][info][gc,metaspace   ] GC(2349) Metaspace: 19067K(19200K)->19067K(19200K) NonClass: 17237K(17344K)->17237K(17344K) Class: 1829K(1856K)->1829K(1856K)
[748.081s][info][gc             ] GC(2349) Pause Young (Allocation Failure) 674M->591M(858M) 24.847ms
[748.081s][info][gc,cpu         ] GC(2349) User=0.05s Sys=0.00s Real=0.02s
[748.199s][info][gc,start       ] GC(2350) Pause Young (Allocation Failure)
[748.229s][info][gc,heap        ] GC(2350) PSYoungGen: 137856K(211456K)->43504K(217088K) Eden: 111616K(111616K)->0K(111616K) From: 26240K(99840K)->43504K(105472K)
[748.229s][info][gc,heap        ] GC(2350) ParOldGen: 579417K(667648K)->579417K(667648K)
[748.229s][info][gc,metaspace   ] GC(2350) Metaspace: 19067K(19200K)->19067K(19200K) NonClass: 17237K(17344K)->17237K(17344K) Class: 1829K(1856K)->1829K(1856K)
[748.229s][info][gc             ] GC(2350) Pause Young (Allocation Failure) 700M->608M(864M) 30.056ms
[748.229s][info][gc,cpu         ] GC(2350) User=0.06s Sys=0.00s Real=0.03s
[748.391s][info][gc,start       ] GC(2351) Pause Young (Allocation Failure)
[748.436s][info][gc,heap        ] GC(2351) PSYoungGen: 155120K(217088K)->54576K(218112K) Eden: 111616K(111616K)->0K(114176K) From: 43504K(105472K)->54576K(103936K)
[748.436s][info][gc,heap        ] GC(2351) ParOldGen: 579417K(667648K)->579417K(667648K)
[748.436s][info][gc,metaspace   ] GC(2351) Metaspace: 19067K(19200K)->19067K(19200K) NonClass: 17237K(17344K)->17237K(17344K) Class: 1829K(1856K)->1829K(1856K)
[748.436s][info][gc             ] GC(2351) Pause Young (Allocation Failure) 717M->619M(865M) 45.187ms
[748.436s][info][gc,cpu         ] GC(2351) User=0.08s Sys=0.00s Real=0.05s
[748.637s][info][gc,start       ] GC(2352) Pause Young (Allocation Failure)
[748.682s][info][gc,heap        ] GC(2352) PSYoungGen: 168752K(218112K)->54592K(220160K) Eden: 114176K(114176K)->0K(114176K) From: 54576K(103936K)->54592K(105984K)
[748.682s][info][gc,heap        ] GC(2352) ParOldGen: 579417K(667648K)->579417K(667648K)
[748.682s][info][gc,metaspace   ] GC(2352) Metaspace: 19067K(19200K)->19067K(19200K) NonClass: 17237K(17344K)->17237K(17344K) Class: 1829K(1856K)->1829K(1856K)
[748.682s][info][gc             ] GC(2352) Pause Young (Allocation Failure) 730M->619M(867M) 44.855ms
[748.682s][info][gc,cpu         ] GC(2352) User=0.09s Sys=0.00s Real=0.04s
[748.808s][info][gc,start       ] GC(2353) Pause Young (Allocation Failure)
[748.873s][info][gc,heap        ] GC(2353) PSYoungGen: 168768K(220160K)->74448K(218624K) Eden: 114176K(114176K)->0K(111616K) From: 54592K(105984K)->74448K(107008K)
[748.873s][info][gc,heap        ] GC(2353) ParOldGen: 579417K(667648K)->579417K(667648K)
[748.873s][info][gc,metaspace   ] GC(2353) Metaspace: 19067K(19200K)->19067K(19200K) NonClass: 17237K(17344K)->17237K(17344K) Class: 1829K(1856K)->1829K(1856K)
[748.873s][info][gc             ] GC(2353) Pause Young (Allocation Failure) 730M->638M(865M) 64.775ms
[748.873s][info][gc,cpu         ] GC(2353) User=0.13s Sys=0.00s Real=0.06s
[748.972s][info][gc,start       ] GC(2354) Pause Young (Allocation Failure)
[749.044s][info][gc,heap        ] GC(2354) PSYoungGen: 186064K(218624K)->34624K(222720K) Eden: 111616K(111616K)->0K(111616K) From: 74448K(107008K)->34624K(111104K)
[749.044s][info][gc,heap        ] GC(2354) ParOldGen: 579417K(667648K)->623097K(667648K)
[749.044s][info][gc,metaspace   ] GC(2354) Metaspace: 19067K(19200K)->19067K(19200K) NonClass: 17237K(17344K)->17237K(17344K) Class: 1829K(1856K)->1829K(1856K)
[749.044s][info][gc             ] GC(2354) Pause Young (Allocation Failure) 747M->642M(869M) 72.413ms
[749.044s][info][gc,cpu         ] GC(2354) User=0.15s Sys=0.00s Real=0.07s
[749.156s][info][gc,start       ] GC(2355) Pause Young (Allocation Failure)
[749.200s][info][gc,heap        ] GC(2355) PSYoungGen: 146240K(222720K)->36768K(208896K) Eden: 111616K(111616K)->0K(115200K) From: 34624K(111104K)->36768K(93696K)
[749.200s][info][gc,heap        ] GC(2355) ParOldGen: 623097K(667648K)->623097K(667648K)
[749.200s][info][gc,metaspace   ] GC(2355) Metaspace: 19067K(19200K)->19067K(19200K) NonClass: 17237K(17344K)->17237K(17344K) Class: 1829K(1856K)->1829K(1856K)
[749.200s][info][gc             ] GC(2355) Pause Young (Allocation Failure) 751M->644M(856M) 43.700ms
[749.200s][info][gc,cpu         ] GC(2355) User=0.09s Sys=0.00s Real=0.05s
[749.340s][info][gc,start       ] GC(2356) Pause Young (Allocation Failure)
[749.397s][info][gc,heap        ] GC(2356) PSYoungGen: 151968K(208896K)->50304K(216064K) Eden: 115200K(115200K)->0K(115200K) From: 36768K(93696K)->50304K(100864K)
[749.397s][info][gc,heap        ] GC(2356) ParOldGen: 623097K(667648K)->623097K(667648K)
[749.397s][info][gc,metaspace   ] GC(2356) Metaspace: 19067K(19200K)->19067K(19200K) NonClass: 17237K(17344K)->17237K(17344K) Class: 1829K(1856K)->1829K(1856K)
[749.397s][info][gc             ] GC(2356) Pause Young (Allocation Failure) 756M->657M(863M) 56.913ms
[749.397s][info][gc,cpu         ] GC(2356) User=0.11s Sys=0.00s Real=0.06s
[749.705s][info][gc,start       ] GC(2357) Pause Young (Allocation Failure)
[749.766s][info][gc,heap        ] GC(2357) PSYoungGen: 165504K(216064K)->52320K(218624K) Eden: 115200K(115200K)->0K(121856K) From: 50304K(100864K)->52320K(96768K)
[749.766s][info][gc,heap        ] GC(2357) ParOldGen: 623097K(667648K)->623097K(667648K)
[749.766s][info][gc,metaspace   ] GC(2357) Metaspace: 19067K(19200K)->19067K(19200K) NonClass: 17237K(17344K)->17237K(17344K) Class: 1829K(1856K)->1829K(1856K)
[749.766s][info][gc             ] GC(2357) Pause Young (Allocation Failure) 770M->659M(865M) 60.997ms
[749.766s][info][gc,cpu         ] GC(2357) User=0.12s Sys=0.01s Real=0.07s
[750.088s][info][gc,start       ] GC(2358) Pause Young (Allocation Failure)
[750.147s][info][gc,heap        ] GC(2358) PSYoungGen: 174176K(218624K)->52352K(220160K) Eden: 121856K(121856K)->0K(121856K) From: 52320K(96768K)->52352K(98304K)
[750.147s][info][gc,heap        ] GC(2358) ParOldGen: 623097K(667648K)->623097K(667648K)
[750.147s][info][gc,metaspace   ] GC(2358) Metaspace: 19067K(19200K)->19067K(19200K) NonClass: 17237K(17344K)->17237K(17344K) Class: 1829K(1856K)->1829K(1856K)
[750.147s][info][gc             ] GC(2358) Pause Young (Allocation Failure) 778M->659M(867M) 59.228ms
[750.147s][info][gc,cpu         ] GC(2358) User=0.12s Sys=0.00s Real=0.06s
[750.484s][info][gc,start       ] GC(2359) Pause Young (Allocation Failure)
[750.558s][info][gc,heap        ] GC(2359) PSYoungGen: 174208K(220160K)->52384K(223232K) Eden: 121856K(121856K)->0K(128512K) From: 52352K(98304K)->52384K(94720K)
[750.558s][info][gc,heap        ] GC(2359) ParOldGen: 623097K(667648K)->623097K(667648K)
[750.558s][info][gc,metaspace   ] GC(2359) Metaspace: 19067K(19200K)->19067K(19200K) NonClass: 17237K(17344K)->17237K(17344K) Class: 1829K(1856K)->1829K(1856K)
[750.558s][info][gc             ] GC(2359) Pause Young (Allocation Failure) 778M->659M(870M) 74.010ms
[750.558s][info][gc,cpu         ] GC(2359) User=0.15s Sys=0.00s Real=0.08s
[750.860s][info][gc,start       ] GC(2360) Pause Young (Allocation Failure)
[750.923s][info][gc,heap        ] GC(2360) PSYoungGen: 180896K(223232K)->52448K(224256K) Eden: 128512K(128512K)->0K(128512K) From: 52384K(94720K)->52448K(95744K)
[750.923s][info][gc,heap        ] GC(2360) ParOldGen: 623097K(667648K)->623097K(667648K)
[750.923s][info][gc,metaspace   ] GC(2360) Metaspace: 19067K(19200K)->19067K(19200K) NonClass: 17237K(17344K)->17237K(17344K) Class: 1829K(1856K)->1829K(1856K)
[750.923s][info][gc             ] GC(2360) Pause Young (Allocation Failure) 785M->659M(871M) 63.439ms
[750.923s][info][gc,cpu         ] GC(2360) User=0.12s Sys=0.00s Real=0.06s
[751.080s][info][gc,start       ] GC(2361) Pause Young (Allocation Failure)
[751.171s][info][gc,heap        ] GC(2361) PSYoungGen: 180960K(224256K)->80080K(220160K) Eden: 128512K(128512K)->0K(126464K) From: 52448K(95744K)->80080K(93696K)
[751.171s][info][gc,heap        ] GC(2361) ParOldGen: 623097K(667648K)->623097K(667648K)
[751.171s][info][gc,metaspace   ] GC(2361) Metaspace: 19067K(19200K)->19067K(19200K) NonClass: 17237K(17344K)->17237K(17344K) Class: 1829K(1856K)->1829K(1856K)
[751.171s][info][gc             ] GC(2361) Pause Young (Allocation Failure) 785M->686M(867M) 90.305ms
[751.171s][info][gc,cpu         ] GC(2361) User=0.18s Sys=0.00s Real=0.09s
[751.280s][info][gc,start       ] GC(2362) Pause Young (Allocation Failure)
[751.390s][info][gc,heap        ] GC(2362) PSYoungGen: 206544K(220160K)->102384K(228864K) Eden: 126464K(126464K)->0K(126464K) From: 80080K(93696K)->102384K(102400K)
[751.390s][info][gc,heap        ] GC(2362) ParOldGen: 623097K(667648K)->645700K(667648K)
[751.390s][info][gc,metaspace   ] GC(2362) Metaspace: 19067K(19200K)->19067K(19200K) NonClass: 17237K(17344K)->17237K(17344K) Class: 1829K(1856K)->1829K(1856K)
[751.390s][info][gc             ] GC(2362) Pause Young (Allocation Failure) 810M->730M(875M) 110.065ms
[751.390s][info][gc,cpu         ] GC(2362) User=0.22s Sys=0.00s Real=0.11s
[751.530s][info][gc,start       ] GC(2363) Pause Full (Allocation Failure)
[751.530s][info][gc,phases,start] GC(2363) Marking Phase
[751.798s][info][gc,phases      ] GC(2363) Marking Phase 267.759ms
[751.798s][info][gc,phases,start] GC(2363) Summary Phase
[751.798s][info][gc,phases      ] GC(2363) Summary Phase 0.040ms
[751.798s][info][gc,phases,start] GC(2363) Forward
[751.898s][info][gc,phases      ] GC(2363) Forward 100.591ms
[751.899s][info][gc,phases,start] GC(2363) Adjust Pointers
[752.092s][info][gc,phases      ] GC(2363) Adjust Pointers 193.649ms
[752.092s][info][gc,phases,start] GC(2363) Compaction Phase
[752.226s][info][gc,phases      ] GC(2363) Compaction Phase 133.722ms
[752.235s][info][gc,phases,start] GC(2363) Post Compact
[752.238s][info][gc,phases      ] GC(2363) Post Compact 2.475ms
[752.238s][info][gc,heap        ] GC(2363) PSYoungGen: 228848K(228864K)->0K(216576K) Eden: 126464K(126464K)->0K(111616K) From: 102384K(102400K)->0K(104960K)
[752.238s][info][gc,heap        ] GC(2363) ParOldGen: 645700K(667648K)->400808K(665600K)
[752.238s][info][gc,metaspace   ] GC(2363) Metaspace: 19067K(19200K)->19067K(19200K) NonClass: 17237K(17344K)->17237K(17344K) Class: 1829K(1856K)->1829K(1856K)
[752.238s][info][gc             ] GC(2363) Pause Full (Allocation Failure) 854M->391M(861M) 707.945ms
[752.238s][info][gc,cpu         ] GC(2363) User=1.29s Sys=0.00s Real=0.71s
[752.391s][info][gc,start       ] GC(2364) Pause Young (Allocation Failure)
[752.431s][info][gc,heap        ] GC(2364) PSYoungGen: 111616K(216576K)->26041K(222720K) Eden: 111616K(111616K)->0K(111616K) From: 0K(104960K)->26041K(111104K)
[752.431s][info][gc,heap        ] GC(2364) ParOldGen: 400808K(665600K)->400808K(665600K)
[752.431s][info][gc,metaspace   ] GC(2364) Metaspace: 19067K(19200K)->19067K(19200K) NonClass: 17237K(17344K)->17237K(17344K) Class: 1829K(1856K)->1829K(1856K)
[752.431s][info][gc             ] GC(2364) Pause Young (Allocation Failure) 500M->416M(867M) 39.663ms
[752.431s][info][gc,cpu         ] GC(2364) User=0.07s Sys=0.00s Real=0.04s
[752.481s][info][gc,start       ] GC(2365) Pause Young (Allocation Failure)
[752.542s][info][gc,heap        ] GC(2365) PSYoungGen: 137657K(222720K)->64937K(222720K) Eden: 111616K(111616K)->0K(111616K) From: 26041K(111104K)->64937K(111104K)
[752.542s][info][gc,heap        ] GC(2365) ParOldGen: 400808K(665600K)->400808K(665600K)
[752.542s][info][gc,metaspace   ] GC(2365) Metaspace: 19067K(19200K)->19067K(19200K) NonClass: 17237K(17344K)->17237K(17344K) Class: 1829K(1856K)->1829K(1856K)
[752.542s][info][gc             ] GC(2365) Pause Young (Allocation Failure) 525M->454M(867M) 60.562ms
[752.542s][info][gc,cpu         ] GC(2365) User=0.12s Sys=0.00s Real=0.06s
[752.646s][info][gc,start       ] GC(2366) Pause Young (Allocation Failure)
[752.719s][info][gc,heap        ] GC(2366) PSYoungGen: 176553K(222720K)->92361K(222720K) Eden: 111616K(111616K)->0K(111616K) From: 64937K(111104K)->92361K(111104K)
[752.720s][info][gc,heap        ] GC(2366) ParOldGen: 400808K(665600K)->400808K(665600K)
[752.720s][info][gc,metaspace   ] GC(2366) Metaspace: 19067K(19200K)->19067K(19200K) NonClass: 17237K(17344K)->17237K(17344K) Class: 1829K(1856K)->1829K(1856K)
[752.720s][info][gc             ] GC(2366) Pause Young (Allocation Failure) 563M->481M(867M) 73.430ms
[752.720s][info][gc,cpu         ] GC(2366) User=0.15s Sys=0.00s Real=0.08s
[752.820s][info][gc,start       ] GC(2367) Pause Young (Allocation Failure)
[752.893s][info][gc,heap        ] GC(2367) PSYoungGen: 203977K(222720K)->94601K(222720K) Eden: 111616K(111616K)->0K(111616K) From: 92361K(111104K)->94601K(111104K)
[752.893s][info][gc,heap        ] GC(2367) ParOldGen: 400808K(665600K)->400808K(665600K)
[752.893s][info][gc,metaspace   ] GC(2367) Metaspace: 19067K(19200K)->19067K(19200K) NonClass: 17237K(17344K)->17237K(17344K) Class: 1829K(1856K)->1829K(1856K)
[752.893s][info][gc             ] GC(2367) Pause Young (Allocation Failure) 590M->483M(867M) 72.911ms
[752.893s][info][gc,cpu         ] GC(2367) User=0.14s Sys=0.00s Real=0.07s
[753.019s][info][gc,start       ] GC(2368) Pause Young (Allocation Failure)
[753.105s][info][gc,heap        ] GC(2368) PSYoungGen: 206217K(222720K)->102425K(222720K) Eden: 111616K(111616K)->0K(111616K) From: 94601K(111104K)->102425K(111104K)
[753.105s][info][gc,heap        ] GC(2368) ParOldGen: 400808K(665600K)->400808K(665600K)
[753.105s][info][gc,metaspace   ] GC(2368) Metaspace: 19067K(19200K)->19067K(19200K) NonClass: 17237K(17344K)->17237K(17344K) Class: 1829K(1856K)->1829K(1856K)
[753.105s][info][gc             ] GC(2368) Pause Young (Allocation Failure) 592M->491M(867M) 86.169ms
[753.105s][info][gc,cpu         ] GC(2368) User=0.17s Sys=0.00s Real=0.08s
[753.235s][info][gc,start       ] GC(2369) Pause Young (Allocation Failure)
[753.347s][info][gc,heap        ] GC(2369) PSYoungGen: 214041K(222720K)->111072K(222720K) Eden: 111616K(111616K)->0K(111616K) From: 102425K(111104K)->111072K(111104K)
[753.347s][info][gc,heap        ] GC(2369) ParOldGen: 400808K(665600K)->404105K(665600K)
[753.347s][info][gc,metaspace   ] GC(2369) Metaspace: 19067K(19200K)->19067K(19200K) NonClass: 17237K(17344K)->17237K(17344K) Class: 1829K(1856K)->1829K(1856K)
[753.347s][info][gc             ] GC(2369) Pause Young (Allocation Failure) 600M->503M(867M) 112.490ms
[753.347s][info][gc,cpu         ] GC(2369) User=0.21s Sys=0.01s Real=0.12s
[753.486s][info][gc,start       ] GC(2370) Pause Young (Allocation Failure)
[753.590s][info][gc,heap        ] GC(2370) PSYoungGen: 222688K(222720K)->49280K(222720K) Eden: 111616K(111616K)->0K(111616K) From: 111072K(111104K)->49280K(111104K)
[753.590s][info][gc,heap        ] GC(2370) ParOldGen: 404105K(665600K)->466594K(665600K)
[753.590s][info][gc,metaspace   ] GC(2370) Metaspace: 19067K(19200K)->19067K(19200K) NonClass: 17237K(17344K)->17237K(17344K) Class: 1829K(1856K)->1829K(1856K)
[753.590s][info][gc             ] GC(2370) Pause Young (Allocation Failure) 612M->503M(867M) 104.045ms
[753.590s][info][gc,cpu         ] GC(2370) User=0.21s Sys=0.00s Real=0.11s
[753.730s][info][gc,start       ] GC(2371) Pause Young (Allocation Failure)
[753.780s][info][gc,heap        ] GC(2371) PSYoungGen: 160896K(222720K)->19616K(222720K) Eden: 111616K(111616K)->0K(111616K) From: 49280K(111104K)->19616K(111104K)
[753.781s][info][gc,heap        ] GC(2371) ParOldGen: 466594K(665600K)->496609K(665600K)
[753.781s][info][gc,metaspace   ] GC(2371) Metaspace: 19067K(19200K)->19067K(19200K) NonClass: 17237K(17344K)->17237K(17344K) Class: 1829K(1856K)->1829K(1856K)
[753.781s][info][gc             ] GC(2371) Pause Young (Allocation Failure) 612M->504M(867M) 50.937ms
[753.781s][info][gc,cpu         ] GC(2371) User=0.10s Sys=0.01s Real=0.05s
[753.917s][info][gc,start       ] GC(2372) Pause Young (Allocation Failure)
[753.947s][info][gc,heap        ] GC(2372) PSYoungGen: 131232K(222720K)->64K(222720K) Eden: 111616K(111616K)->0K(111616K) From: 19616K(111104K)->64K(111104K)
[753.947s][info][gc,heap        ] GC(2372) ParOldGen: 496609K(665600K)->516233K(665600K)
[753.947s][info][gc,metaspace   ] GC(2372) Metaspace: 19067K(19200K)->19067K(19200K) NonClass: 17237K(17344K)->17237K(17344K) Class: 1829K(1856K)->1829K(1856K)
[753.947s][info][gc             ] GC(2372) Pause Young (Allocation Failure) 613M->504M(867M) 29.721ms
[753.947s][info][gc,cpu         ] GC(2372) User=0.06s Sys=0.00s Real=0.03s
[754.088s][info][gc,start       ] GC(2373) Pause Young (Allocation Failure)
[754.090s][info][gc,heap        ] GC(2373) PSYoungGen: 111680K(222720K)->64K(222720K) Eden: 111616K(111616K)->0K(111616K) From: 64K(111104K)->64K(111104K)
[754.090s][info][gc,heap        ] GC(2373) ParOldGen: 516233K(665600K)->516241K(665600K)
[754.090s][info][gc,metaspace   ] GC(2373) Metaspace: 19067K(19200K)->19067K(19200K) NonClass: 17237K(17344K)->17237K(17344K) Class: 1829K(1856K)->1829K(1856K)
[754.090s][info][gc             ] GC(2373) Pause Young (Allocation Failure) 613M->504M(867M) 1.712ms
[754.090s][info][gc,cpu         ] GC(2373) User=0.01s Sys=0.00s Real=0.00s
[754.238s][info][gc,start       ] GC(2374) Pause Young (Allocation Failure)
[754.240s][info][gc,heap        ] GC(2374) PSYoungGen: 111680K(222720K)->64K(222720K) Eden: 111616K(111616K)->0K(111616K) From: 64K(111104K)->64K(111104K)
[754.240s][info][gc,heap        ] GC(2374) ParOldGen: 516241K(665600K)->516241K(665600K)
[754.240s][info][gc,metaspace   ] GC(2374) Metaspace: 19067K(19200K)->19067K(19200K) NonClass: 17237K(17344K)->17237K(17344K) Class: 1829K(1856K)->1829K(1856K)
[754.240s][info][gc             ] GC(2374) Pause Young (Allocation Failure) 613M->504M(867M) 1.812ms
[754.240s][info][gc,cpu         ] GC(2374) User=0.00s Sys=0.00s Real=0.00s
[754.386s][info][gc,start       ] GC(2375) Pause Young (Allocation Failure)
[754.387s][info][gc,heap        ] GC(2375) PSYoungGen: 111680K(222720K)->64K(222720K) Eden: 111616K(111616K)->0K(111616K) From: 64K(111104K)->64K(111104K)
[754.387s][info][gc,heap        ] GC(2375) ParOldGen: 516241K(665600K)->516241K(665600K)
[754.387s][info][gc,metaspace   ] GC(2375) Metaspace: 19067K(19200K)->19067K(19200K) NonClass: 17237K(17344K)->17237K(17344K) Class: 1829K(1856K)->1829K(1856K)
[754.387s][info][gc             ] GC(2375) Pause Young (Allocation Failure) 613M->504M(867M) 1.826ms
[754.387s][info][gc,cpu         ] GC(2375) User=0.01s Sys=0.00s Real=0.01s
[754.538s][info][gc,start       ] GC(2376) Pause Young (Allocation Failure)
[754.540s][info][gc,heap        ] GC(2376) PSYoungGen: 111680K(222720K)->64K(222720K) Eden: 111616K(111616K)->0K(111616K) From: 64K(111104K)->64K(111104K)
[754.540s][info][gc,heap        ] GC(2376) ParOldGen: 516241K(665600K)->516241K(665600K)
[754.540s][info][gc,metaspace   ] GC(2376) Metaspace: 19067K(19200K)->19067K(19200K) NonClass: 17237K(17344K)->17237K(17344K) Class: 1829K(1856K)->1829K(1856K)
[754.540s][info][gc             ] GC(2376) Pause Young (Allocation Failure) 613M->504M(867M) 1.781ms
[754.540s][info][gc,cpu         ] GC(2376) User=0.00s Sys=0.00s Real=0.00s
[754.688s][info][gc,start       ] GC(2377) Pause Young (Allocation Failure)
[754.690s][info][gc,heap        ] GC(2377) PSYoungGen: 111680K(222720K)->64K(222720K) Eden: 111616K(111616K)->0K(111616K) From: 64K(111104K)->64K(111104K)
[754.690s][info][gc,heap        ] GC(2377) ParOldGen: 516241K(665600K)->516241K(665600K)
[754.690s][info][gc,metaspace   ] GC(2377) Metaspace: 19067K(19200K)->19067K(19200K) NonClass: 17237K(17344K)->17237K(17344K) Class: 1829K(1856K)->1829K(1856K)
[754.690s][info][gc             ] GC(2377) Pause Young (Allocation Failure) 613M->504M(867M) 1.812ms
[754.690s][info][gc,cpu         ] GC(2377) User=0.01s Sys=0.00s Real=0.00s
[754.834s][info][gc,start       ] GC(2378) Pause Young (Allocation Failure)
[754.835s][info][gc,heap        ] GC(2378) PSYoungGen: 111680K(222720K)->64K(222720K) Eden: 111616K(111616K)->0K(111616K) From: 64K(111104K)->64K(111104K)
[754.835s][info][gc,heap        ] GC(2378) ParOldGen: 516241K(665600K)->516241K(665600K)
[754.835s][info][gc,metaspace   ] GC(2378) Metaspace: 19067K(19200K)->19067K(19200K) NonClass: 17237K(17344K)->17237K(17344K) Class: 1829K(1856K)->1829K(1856K)
[754.835s][info][gc             ] GC(2378) Pause Young (Allocation Failure) 613M->504M(867M) 1.672ms
[754.835s][info][gc,cpu         ] GC(2378) User=0.01s Sys=0.00s Real=0.00s
[754.974s][info][gc,start       ] GC(2379) Pause Young (Allocation Failure)
[754.975s][info][gc,heap        ] GC(2379) PSYoungGen: 111680K(222720K)->64K(222720K) Eden: 111616K(111616K)->0K(111616K) From: 64K(111104K)->64K(111104K)
[754.975s][info][gc,heap        ] GC(2379) ParOldGen: 516241K(665600K)->516241K(665600K)
[754.975s][info][gc,metaspace   ] GC(2379) Metaspace: 19067K(19200K)->19067K(19200K) NonClass: 17237K(17344K)->17237K(17344K) Class: 1829K(1856K)->1829K(1856K)
[754.975s][info][gc             ] GC(2379) Pause Young (Allocation Failure) 613M->504M(867M) 1.707ms
[754.975s][info][gc,cpu         ] GC(2379) User=0.00s Sys=0.00s Real=0.00s
[755.073s][info][gc,start       ] GC(2380) Pause Young (Allocation Failure)
[755.094s][info][gc,heap        ] GC(2380) PSYoungGen: 111680K(222720K)->18720K(222720K) Eden: 111616K(111616K)->0K(111616K) From: 64K(111104K)->18720K(111104K)
[755.095s][info][gc,heap        ] GC(2380) ParOldGen: 516241K(665600K)->516241K(665600K)
[755.095s][info][gc,metaspace   ] GC(2380) Metaspace: 19067K(19200K)->19067K(19200K) NonClass: 17237K(17344K)->17237K(17344K) Class: 1829K(1856K)->1829K(1856K)
[755.095s][info][gc             ] GC(2380) Pause Young (Allocation Failure) 613M->522M(867M) 21.422ms
[755.095s][info][gc,cpu         ] GC(2380) User=0.04s Sys=0.00s Real=0.02s
[755.198s][info][gc,start       ] GC(2381) Pause Young (Allocation Failure)
[755.233s][info][gc,heap        ] GC(2381) PSYoungGen: 130336K(222720K)->15008K(222720K) Eden: 111616K(111616K)->0K(111616K) From: 18720K(111104K)->15008K(111104K)
[755.233s][info][gc,heap        ] GC(2381) ParOldGen: 516241K(665600K)->534977K(665600K)
[755.233s][info][gc,metaspace   ] GC(2381) Metaspace: 19067K(19200K)->19067K(19200K) NonClass: 17237K(17344K)->17237K(17344K) Class: 1829K(1856K)->1829K(1856K)
[755.233s][info][gc             ] GC(2381) Pause Young (Allocation Failure) 631M->537M(867M) 34.999ms
[755.233s][info][gc,cpu         ] GC(2381) User=0.07s Sys=0.00s Real=0.03s
[755.319s][info][gc,start       ] GC(2382) Pause Young (Allocation Failure)
[755.340s][info][gc,heap        ] GC(2382) PSYoungGen: 126624K(222720K)->4032K(115712K) Eden: 111616K(111616K)->0K(111616K) From: 15008K(111104K)->4032K(4096K)
[755.340s][info][gc,heap        ] GC(2382) ParOldGen: 534977K(665600K)->550017K(665600K)
[755.340s][info][gc,metaspace   ] GC(2382) Metaspace: 19067K(19200K)->19067K(19200K) NonClass: 17237K(17344K)->17237K(17344K) Class: 1829K(1856K)->1829K(1856K)
[755.340s][info][gc             ] GC(2382) Pause Young (Allocation Failure) 646M->541M(763M) 21.335ms
[755.340s][info][gc,cpu         ] GC(2382) User=0.04s Sys=0.00s Real=0.02s
[755.429s][info][gc,start       ] GC(2383) Pause Young (Allocation Failure)
[755.439s][info][gc,heap        ] GC(2383) PSYoungGen: 115648K(115712K)->5472K(218624K) Eden: 111616K(111616K)->0K(116736K) From: 4032K(4096K)->5472K(101888K)
[755.439s][info][gc,heap        ] GC(2383) ParOldGen: 550017K(665600K)->550017K(665600K)
[755.439s][info][gc,metaspace   ] GC(2383) Metaspace: 19067K(19200K)->19067K(19200K) NonClass: 17237K(17344K)->17237K(17344K) Class: 1829K(1856K)->1829K(1856K)
[755.439s][info][gc             ] GC(2383) Pause Young (Allocation Failure) 650M->542M(863M) 10.752ms
[755.439s][info][gc,cpu         ] GC(2383) User=0.02s Sys=0.00s Real=0.01s
[755.540s][info][gc,start       ] GC(2384) Pause Young (Allocation Failure)
[755.552s][info][gc,heap        ] GC(2384) PSYoungGen: 122208K(218624K)->5600K(219136K) Eden: 116736K(116736K)->0K(116736K) From: 5472K(101888K)->5600K(102400K)
[755.552s][info][gc,heap        ] GC(2384) ParOldGen: 550017K(665600K)->550017K(665600K)
[755.552s][info][gc,metaspace   ] GC(2384) Metaspace: 19067K(19200K)->19067K(19200K) NonClass: 17237K(17344K)->17237K(17344K) Class: 1829K(1856K)->1829K(1856K)
[755.552s][info][gc             ] GC(2384) Pause Young (Allocation Failure) 656M->542M(864M) 12.115ms
[755.552s][info][gc,cpu         ] GC(2384) User=0.02s Sys=0.00s Real=0.01s
[755.638s][info][gc,start       ] GC(2385) Pause Young (Allocation Failure)
[755.668s][info][gc,heap        ] GC(2385) PSYoungGen: 122336K(219136K)->22848K(206848K) Eden: 116736K(116736K)->0K(122368K) From: 5600K(102400K)->22848K(84480K)
[755.668s][info][gc,heap        ] GC(2385) ParOldGen: 550017K(665600K)->550017K(665600K)
[755.668s][info][gc,metaspace   ] GC(2385) Metaspace: 19067K(19200K)->19067K(19200K) NonClass: 17237K(17344K)->17237K(17344K) Class: 1829K(1856K)->1829K(1856K)
[755.668s][info][gc             ] GC(2385) Pause Young (Allocation Failure) 656M->559M(852M) 29.277ms
[755.668s][info][gc,cpu         ] GC(2385) User=0.06s Sys=0.00s Real=0.03s
[755.741s][info][gc,start       ] GC(2386) Pause Young (Allocation Failure)
[755.778s][info][gc,heap        ] GC(2386) PSYoungGen: 145216K(206848K)->32928K(212992K) Eden: 122368K(122368K)->0K(122368K) From: 22848K(84480K)->32928K(90624K)
[755.778s][info][gc,heap        ] GC(2386) ParOldGen: 550017K(665600K)->550017K(665600K)
[755.778s][info][gc,metaspace   ] GC(2386) Metaspace: 19067K(19200K)->19067K(19200K) NonClass: 17237K(17344K)->17237K(17344K) Class: 1829K(1856K)->1829K(1856K)
[755.778s][info][gc             ] GC(2386) Pause Young (Allocation Failure) 678M->569M(858M) 37.273ms
[755.778s][info][gc,cpu         ] GC(2386) User=0.08s Sys=0.00s Real=0.04s
[755.880s][info][gc,start       ] GC(2387) Pause Young (Allocation Failure)
[755.937s][info][gc,heap        ] GC(2387) PSYoungGen: 155296K(212992K)->55264K(212480K) Eden: 122368K(122368K)->0K(123904K) From: 32928K(90624K)->55264K(88576K)
[755.938s][info][gc,heap        ] GC(2387) ParOldGen: 550017K(665600K)->550017K(665600K)
[755.938s][info][gc,metaspace   ] GC(2387) Metaspace: 19067K(19200K)->19067K(19200K) NonClass: 17237K(17344K)->17237K(17344K) Class: 1829K(1856K)->1829K(1856K)
[755.938s][info][gc             ] GC(2387) Pause Young (Allocation Failure) 688M->591M(857M) 57.327ms
[755.938s][info][gc,cpu         ] GC(2387) User=0.11s Sys=0.01s Real=0.06s
[756.021s][info][gc,start       ] GC(2388) Pause Young (Allocation Failure)
[756.081s][info][gc,heap        ] GC(2388) PSYoungGen: 179168K(212480K)->58000K(218112K) Eden: 123904K(123904K)->0K(123904K) From: 55264K(88576K)->58000K(94208K)
[756.081s][info][gc,heap        ] GC(2388) ParOldGen: 550017K(665600K)->550017K(665600K)
[756.081s][info][gc,metaspace   ] GC(2388) Metaspace: 19067K(19200K)->19067K(19200K) NonClass: 17237K(17344K)->17237K(17344K) Class: 1829K(1856K)->1829K(1856K)
[756.081s][info][gc             ] GC(2388) Pause Young (Allocation Failure) 712M->593M(863M) 60.013ms
[756.081s][info][gc,cpu         ] GC(2388) User=0.12s Sys=0.00s Real=0.06s
[756.156s][info][gc,start       ] GC(2389) Pause Young (Allocation Failure)
[756.236s][info][gc,heap        ] GC(2389) PSYoungGen: 181904K(218112K)->73520K(215552K) Eden: 123904K(123904K)->0K(115712K) From: 58000K(94208K)->73520K(99840K)
[756.236s][info][gc,heap        ] GC(2389) ParOldGen: 550017K(665600K)->550017K(665600K)
[756.236s][info][gc,metaspace   ] GC(2389) Metaspace: 19067K(19200K)->19067K(19200K) NonClass: 17237K(17344K)->17237K(17344K) Class: 1829K(1856K)->1829K(1856K)
[756.236s][info][gc             ] GC(2389) Pause Young (Allocation Failure) 714M->608M(860M) 80.387ms
[756.236s][info][gc,cpu         ] GC(2389) User=0.16s Sys=0.00s Real=0.08s
[756.365s][info][gc,start       ] GC(2390) Pause Young (Allocation Failure)
[756.443s][info][gc,heap        ] GC(2390) PSYoungGen: 189232K(215552K)->77232K(193024K) Eden: 115712K(115712K)->0K(115712K) From: 73520K(99840K)->77232K(77312K)
[756.443s][info][gc,heap        ] GC(2390) ParOldGen: 550017K(665600K)->550017K(665600K)
[756.443s][info][gc,metaspace   ] GC(2390) Metaspace: 19067K(19200K)->19067K(19200K) NonClass: 17237K(17344K)->17237K(17344K) Class: 1829K(1856K)->1829K(1856K)
[756.443s][info][gc             ] GC(2390) Pause Young (Allocation Failure) 721M->612M(838M) 78.820ms
[756.443s][info][gc,cpu         ] GC(2390) User=0.16s Sys=0.00s Real=0.08s
[756.561s][info][gc,start       ] GC(2391) Pause Young (Allocation Failure)
[756.639s][info][gc,heap        ] GC(2391) PSYoungGen: 192944K(193024K)->71856K(222720K) Eden: 115712K(115712K)->0K(111616K) From: 77232K(77312K)->71856K(111104K)
[756.639s][info][gc,heap        ] GC(2391) ParOldGen: 550017K(665600K)->555481K(665600K)
[756.639s][info][gc,metaspace   ] GC(2391) Metaspace: 19067K(19200K)->19067K(19200K) NonClass: 17237K(17344K)->17237K(17344K) Class: 1829K(1856K)->1829K(1856K)
[756.639s][info][gc             ] GC(2391) Pause Young (Allocation Failure) 725M->612M(867M) 78.613ms
[756.639s][info][gc,cpu         ] GC(2391) User=0.16s Sys=0.00s Real=0.08s
[756.833s][info][gc,start       ] GC(2392) Pause Young (Allocation Failure)
[756.919s][info][gc,heap        ] GC(2392) PSYoungGen: 183472K(222720K)->67152K(222720K) Eden: 111616K(111616K)->0K(111616K) From: 71856K(111104K)->67152K(111104K)
[756.919s][info][gc,heap        ] GC(2392) ParOldGen: 555481K(665600K)->572921K(665600K)
[756.919s][info][gc,metaspace   ] GC(2392) Metaspace: 19067K(19200K)->19067K(19200K) NonClass: 17237K(17344K)->17237K(17344K) Class: 1829K(1856K)->1829K(1856K)
[756.919s][info][gc             ] GC(2392) Pause Young (Allocation Failure) 721M->625M(867M) 86.699ms
[756.919s][info][gc,cpu         ] GC(2392) User=0.17s Sys=0.00s Real=0.09s
[757.056s][info][gc,start       ] GC(2393) Pause Young (Allocation Failure)
[757.141s][info][gc,heap        ] GC(2393) PSYoungGen: 178768K(222720K)->47248K(222720K) Eden: 111616K(111616K)->0K(111616K) From: 67152K(111104K)->47248K(111104K)
[757.141s][info][gc,heap        ] GC(2393) ParOldGen: 572921K(665600K)->605457K(665600K)
[757.141s][info][gc,metaspace   ] GC(2393) Metaspace: 19067K(19200K)->19067K(19200K) NonClass: 17237K(17344K)->17237K(17344K) Class: 1829K(1856K)->1829K(1856K)
[757.141s][info][gc             ] GC(2393) Pause Young (Allocation Failure) 734M->637M(867M) 84.735ms
[757.141s][info][gc,cpu         ] GC(2393) User=0.17s Sys=0.00s Real=0.09s
[757.529s][info][gc,start       ] GC(2394) Pause Young (Allocation Failure)
[757.580s][info][gc,heap        ] GC(2394) PSYoungGen: 158864K(222720K)->29040K(222720K) Eden: 111616K(111616K)->0K(111616K) From: 47248K(111104K)->29040K(111104K)
[757.580s][info][gc,heap        ] GC(2394) ParOldGen: 605457K(665600K)->623761K(665600K)
[757.580s][info][gc,metaspace   ] GC(2394) Metaspace: 19067K(19200K)->19067K(19200K) NonClass: 17237K(17344K)->17237K(17344K) Class: 1829K(1856K)->1829K(1856K)
[757.580s][info][gc             ] GC(2394) Pause Young (Allocation Failure) 746M->637M(867M) 50.831ms
[757.580s][info][gc,cpu         ] GC(2394) User=0.10s Sys=0.00s Real=0.05s
[757.863s][info][gc,start       ] GC(2395) Pause Full (Allocation Failure)
[757.863s][info][gc,phases,start] GC(2395) Marking Phase
[758.344s][info][gc,phases      ] GC(2395) Marking Phase 480.392ms
[758.344s][info][gc,phases,start] GC(2395) Summary Phase
[758.344s][info][gc,phases      ] GC(2395) Summary Phase 0.025ms
[758.344s][info][gc,phases,start] GC(2395) Forward
[758.431s][info][gc,phases      ] GC(2395) Forward 87.393ms
[758.431s][info][gc,phases,start] GC(2395) Adjust Pointers
[758.787s][info][gc,phases      ] GC(2395) Adjust Pointers 356.125ms
[758.787s][info][gc,phases,start] GC(2395) Compaction Phase
[758.986s][info][gc,phases      ] GC(2395) Compaction Phase 198.769ms
[758.996s][info][gc,phases,start] GC(2395) Post Compact
[758.998s][info][gc,phases      ] GC(2395) Post Compact 2.298ms
[758.998s][info][gc,heap        ] GC(2395) PSYoungGen: 140656K(222720K)->0K(222720K) Eden: 111616K(111616K)->0K(111616K) From: 29040K(111104K)->0K(111104K)
[758.998s][info][gc,heap        ] GC(2395) ParOldGen: 623761K(665600K)->650769K(667648K)
[758.998s][info][gc,metaspace   ] GC(2395) Metaspace: 19067K(19200K)->19067K(19200K) NonClass: 17237K(17344K)->17237K(17344K) Class: 1829K(1856K)->1829K(1856K)
[758.998s][info][gc             ] GC(2395) Pause Full (Allocation Failure) 746M->635M(869M) 1135.129ms
[758.998s][info][gc,cpu         ] GC(2395) User=2.22s Sys=0.00s Real=1.14s
[759.287s][info][gc,start       ] GC(2396) Pause Full (Allocation Failure)
[759.287s][info][gc,phases,start] GC(2396) Marking Phase
[759.766s][info][gc,phases      ] GC(2396) Marking Phase 478.593ms
[759.766s][info][gc,phases,start] GC(2396) Summary Phase
[759.766s][info][gc,phases      ] GC(2396) Summary Phase 0.025ms
[759.766s][info][gc,phases,start] GC(2396) Forward
[759.766s][info][gc,phases      ] GC(2396) Forward 0.323ms
[759.766s][info][gc,phases,start] GC(2396) Adjust Pointers
[760.085s][info][gc,phases      ] GC(2396) Adjust Pointers 319.047ms
[760.085s][info][gc,phases,start] GC(2396) Compaction Phase
[760.217s][info][gc,phases      ] GC(2396) Compaction Phase 132.284ms
[760.217s][info][gc,phases,start] GC(2396) Post Compact
[760.220s][info][gc,phases      ] GC(2396) Post Compact 2.257ms
[760.220s][info][gc,heap        ] GC(2396) PSYoungGen: 111616K(222720K)->0K(222720K) Eden: 111616K(111616K)->0K(111616K) From: 0K(111104K)->0K(111104K)
[760.220s][info][gc,heap        ] GC(2396) ParOldGen: 650769K(667648K)->650781K(667648K)
[760.220s][info][gc,metaspace   ] GC(2396) Metaspace: 19067K(19200K)->19067K(19200K) NonClass: 17237K(17344K)->17237K(17344K) Class: 1829K(1856K)->1829K(1856K)
[760.220s][info][gc             ] GC(2396) Pause Full (Allocation Failure) 744M->635M(869M) 932.931ms
[760.220s][info][gc,cpu         ] GC(2396) User=1.83s Sys=0.01s Real=0.93s
[760.480s][info][gc,start       ] GC(2397) Pause Full (Allocation Failure)
[760.480s][info][gc,phases,start] GC(2397) Marking Phase
[760.958s][info][gc,phases      ] GC(2397) Marking Phase 477.327ms
[760.958s][info][gc,phases,start] GC(2397) Summary Phase
[760.958s][info][gc,phases      ] GC(2397) Summary Phase 0.028ms
[760.958s][info][gc,phases,start] GC(2397) Forward
[760.958s][info][gc,phases      ] GC(2397) Forward 0.490ms
[760.958s][info][gc,phases,start] GC(2397) Adjust Pointers
[761.275s][info][gc,phases      ] GC(2397) Adjust Pointers 317.024ms
[761.275s][info][gc,phases,start] GC(2397) Compaction Phase
[761.409s][info][gc,phases      ] GC(2397) Compaction Phase 133.297ms
[761.409s][info][gc,phases,start] GC(2397) Post Compact
[761.411s][info][gc,phases      ] GC(2397) Post Compact 2.162ms
[761.411s][info][gc,heap        ] GC(2397) PSYoungGen: 111616K(222720K)->0K(222720K) Eden: 111616K(111616K)->0K(111616K) From: 0K(111104K)->0K(111104K)
[761.411s][info][gc,heap        ] GC(2397) ParOldGen: 650781K(667648K)->650783K(667648K)
[761.411s][info][gc,metaspace   ] GC(2397) Metaspace: 19067K(19200K)->19067K(19200K) NonClass: 17237K(17344K)->17237K(17344K) Class: 1829K(1856K)->1829K(1856K)
[761.411s][info][gc             ] GC(2397) Pause Full (Allocation Failure) 744M->635M(869M) 930.756ms
[761.411s][info][gc,cpu         ] GC(2397) User=1.82s Sys=0.00s Real=0.93s
[761.683s][info][gc,start       ] GC(2398) Pause Full (Allocation Failure)
[761.683s][info][gc,phases,start] GC(2398) Marking Phase
[762.164s][info][gc,phases      ] GC(2398) Marking Phase 480.909ms
[762.164s][info][gc,phases,start] GC(2398) Summary Phase
[762.164s][info][gc,phases      ] GC(2398) Summary Phase 0.025ms
[762.164s][info][gc,phases,start] GC(2398) Forward
[762.165s][info][gc,phases      ] GC(2398) Forward 0.296ms
[762.165s][info][gc,phases,start] GC(2398) Adjust Pointers
[762.488s][info][gc,phases      ] GC(2398) Adjust Pointers 323.050ms
[762.488s][info][gc,phases,start] GC(2398) Compaction Phase
[762.620s][info][gc,phases      ] GC(2398) Compaction Phase 132.730ms
[762.621s][info][gc,phases,start] GC(2398) Post Compact
[762.623s][info][gc,phases      ] GC(2398) Post Compact 2.200ms
[762.623s][info][gc,heap        ] GC(2398) PSYoungGen: 111616K(222720K)->0K(222720K) Eden: 111616K(111616K)->0K(111616K) From: 0K(111104K)->0K(111104K)
[762.623s][info][gc,heap        ] GC(2398) ParOldGen: 650783K(667648K)->650786K(667648K)
[762.623s][info][gc,metaspace   ] GC(2398) Metaspace: 19067K(19200K)->19067K(19200K) NonClass: 17237K(17344K)->17237K(17344K) Class: 1829K(1856K)->1829K(1856K)
[762.623s][info][gc             ] GC(2398) Pause Full (Allocation Failure) 744M->635M(869M) 939.668ms
[762.623s][info][gc,cpu         ] GC(2398) User=1.84s Sys=0.00s Real=0.94s
[762.881s][info][gc,start       ] GC(2399) Pause Full (Allocation Failure)
[762.881s][info][gc,phases,start] GC(2399) Marking Phase
[763.344s][info][gc,phases      ] GC(2399) Marking Phase 462.770ms
[763.344s][info][gc,phases,start] GC(2399) Summary Phase
[763.344s][info][gc,phases      ] GC(2399) Summary Phase 0.027ms
[763.344s][info][gc,phases,start] GC(2399) Forward
[763.345s][info][gc,phases      ] GC(2399) Forward 0.853ms
[763.345s][info][gc,phases,start] GC(2399) Adjust Pointers
[763.665s][info][gc,phases      ] GC(2399) Adjust Pointers 319.670ms
[763.665s][info][gc,phases,start] GC(2399) Compaction Phase
[763.804s][info][gc,phases      ] GC(2399) Compaction Phase 139.011ms
[763.804s][info][gc,phases,start] GC(2399) Post Compact
[763.806s][info][gc,phases      ] GC(2399) Post Compact 2.242ms
[763.806s][info][gc,heap        ] GC(2399) PSYoungGen: 111616K(222720K)->0K(222720K) Eden: 111616K(111616K)->0K(111616K) From: 0K(111104K)->0K(111104K)
[763.806s][info][gc,heap        ] GC(2399) ParOldGen: 650786K(667648K)->651236K(667648K)
[763.806s][info][gc,metaspace   ] GC(2399) Metaspace: 19067K(19200K)->19067K(19200K) NonClass: 17237K(17344K)->17237K(17344K) Class: 1829K(1856K)->1829K(1856K)
[763.806s][info][gc             ] GC(2399) Pause Full (Allocation Failure) 744M->635M(869M) 924.999ms
[763.806s][info][gc,cpu         ] GC(2399) User=1.81s Sys=0.00s Real=0.92s
[764.112s][info][gc,start       ] GC(2400) Pause Full (Allocation Failure)
[764.112s][info][gc,phases,start] GC(2400) Marking Phase
[764.554s][info][gc,phases      ] GC(2400) Marking Phase 441.830ms
[764.554s][info][gc,phases,start] GC(2400) Summary Phase
[764.554s][info][gc,phases      ] GC(2400) Summary Phase 0.027ms
[764.554s][info][gc,phases,start] GC(2400) Forward
[764.639s][info][gc,phases      ] GC(2400) Forward 84.888ms
[764.639s][info][gc,phases,start] GC(2400) Adjust Pointers
[764.955s][info][gc,phases      ] GC(2400) Adjust Pointers 316.248ms
[764.955s][info][gc,phases,start] GC(2400) Compaction Phase
[765.122s][info][gc,phases      ] GC(2400) Compaction Phase 166.824ms
[765.130s][info][gc,phases,start] GC(2400) Post Compact
[765.132s][info][gc,phases      ] GC(2400) Post Compact 2.320ms
[765.132s][info][gc,heap        ] GC(2400) PSYoungGen: 111616K(222720K)->0K(222720K) Eden: 111616K(111616K)->0K(111616K) From: 0K(111104K)->0K(111104K)
[765.132s][info][gc,heap        ] GC(2400) ParOldGen: 651236K(667648K)->555934K(667648K)
[765.132s][info][gc,metaspace   ] GC(2400) Metaspace: 19067K(19200K)->19067K(19200K) NonClass: 17237K(17344K)->17237K(17344K) Class: 1829K(1856K)->1829K(1856K)
[765.132s][info][gc             ] GC(2400) Pause Full (Allocation Failure) 744M->542M(869M) 1020.696ms
[765.132s][info][gc,cpu         ] GC(2400) User=1.94s Sys=0.00s Real=1.02s
[765.366s][info][gc,start       ] GC(2401) Pause Young (Allocation Failure)
[765.370s][info][gc,heap        ] GC(2401) PSYoungGen: 111616K(222720K)->2368K(222720K) Eden: 111616K(111616K)->0K(111616K) From: 0K(111104K)->2368K(111104K)
[765.370s][info][gc,heap        ] GC(2401) ParOldGen: 555934K(667648K)->555934K(667648K)
[765.370s][info][gc,metaspace   ] GC(2401) Metaspace: 19067K(19200K)->19067K(19200K) NonClass: 17237K(17344K)->17237K(17344K) Class: 1829K(1856K)->1829K(1856K)
[765.370s][info][gc             ] GC(2401) Pause Young (Allocation Failure) 651M->545M(869M) 4.499ms
[765.370s][info][gc,cpu         ] GC(2401) User=0.01s Sys=0.00s Real=0.01s
[765.508s][info][gc,start       ] GC(2402) Pause Young (Allocation Failure)
[765.532s][info][gc,heap        ] GC(2402) PSYoungGen: 113984K(222720K)->29456K(141312K) Eden: 111616K(111616K)->0K(111616K) From: 2368K(111104K)->29456K(29696K)
[765.532s][info][gc,heap        ] GC(2402) ParOldGen: 555934K(667648K)->555934K(667648K)
[765.532s][info][gc,metaspace   ] GC(2402) Metaspace: 19067K(19200K)->19067K(19200K) NonClass: 17237K(17344K)->17237K(17344K) Class: 1829K(1856K)->1829K(1856K)
[765.532s][info][gc             ] GC(2402) Pause Young (Allocation Failure) 654M->571M(790M) 24.719ms
[765.532s][info][gc,cpu         ] GC(2402) User=0.04s Sys=0.00s Real=0.02s
[765.594s][info][gc,start       ] GC(2403) Pause Young (Allocation Failure)
[765.643s][info][gc,heap        ] GC(2403) PSYoungGen: 141072K(141312K)->68432K(214528K) Eden: 111616K(111616K)->0K(107520K) From: 29456K(29696K)->68432K(107008K)
[765.643s][info][gc,heap        ] GC(2403) ParOldGen: 555934K(667648K)->555934K(667648K)
[765.643s][info][gc,metaspace   ] GC(2403) Metaspace: 19067K(19200K)->19067K(19200K) NonClass: 17237K(17344K)->17237K(17344K) Class: 1829K(1856K)->1829K(1856K)
[765.643s][info][gc             ] GC(2403) Pause Young (Allocation Failure) 680M->609M(861M) 49.899ms
[765.644s][info][gc,cpu         ] GC(2403) User=0.09s Sys=0.01s Real=0.05s
[765.831s][info][gc,start       ] GC(2404) Pause Young (Allocation Failure)
[765.887s][info][gc,heap        ] GC(2404) PSYoungGen: 175952K(214528K)->75088K(218624K) Eden: 107520K(107520K)->0K(107520K) From: 68432K(107008K)->75088K(111104K)
[765.887s][info][gc,heap        ] GC(2404) ParOldGen: 555934K(667648K)->558270K(667648K)
[765.887s][info][gc,metaspace   ] GC(2404) Metaspace: 19067K(19200K)->19067K(19200K) NonClass: 17237K(17344K)->17237K(17344K) Class: 1829K(1856K)->1829K(1856K)
[765.887s][info][gc             ] GC(2404) Pause Young (Allocation Failure) 714M->618M(865M) 56.442ms
[765.887s][info][gc,cpu         ] GC(2404) User=0.12s Sys=0.00s Real=0.06s
[766.053s][info][gc,start       ] GC(2405) Pause Young (Allocation Failure)
[766.124s][info][gc,heap        ] GC(2405) PSYoungGen: 182608K(218624K)->21120K(222720K) Eden: 107520K(107520K)->0K(111616K) From: 75088K(111104K)->21120K(111104K)
[766.124s][info][gc,heap        ] GC(2405) ParOldGen: 558270K(667648K)->625134K(667648K)
[766.124s][info][gc,metaspace   ] GC(2405) Metaspace: 19077K(19200K)->19077K(19200K) NonClass: 17248K(17344K)->17248K(17344K) Class: 1829K(1856K)->1829K(1856K)
[766.124s][info][gc             ] GC(2405) Pause Young (Allocation Failure) 723M->631M(869M) 71.164ms
[766.124s][info][gc,cpu         ] GC(2405) User=0.15s Sys=0.00s Real=0.07s
[766.274s][info][gc,start       ] GC(2406) Pause Full (Allocation Failure)
[766.274s][info][gc,phases,start] GC(2406) Marking Phase
[766.492s][info][gc,phases      ] GC(2406) Marking Phase 218.038ms
[766.492s][info][gc,phases,start] GC(2406) Summary Phase
[766.493s][info][gc,phases      ] GC(2406) Summary Phase 0.026ms
[766.493s][info][gc,phases,start] GC(2406) Forward
[766.566s][info][gc,phases      ] GC(2406) Forward 73.506ms
[766.566s][info][gc,phases,start] GC(2406) Adjust Pointers
[766.732s][info][gc,phases      ] GC(2406) Adjust Pointers 165.854ms
[766.732s][info][gc,phases,start] GC(2406) Compaction Phase
[766.832s][info][gc,phases      ] GC(2406) Compaction Phase 100.052ms
[766.841s][info][gc,phases,start] GC(2406) Post Compact
[766.843s][info][gc,phases      ] GC(2406) Post Compact 2.216ms
[766.848s][info][gc,heap        ] GC(2406) PSYoungGen: 132736K(222720K)->0K(222720K) Eden: 111616K(111616K)->0K(111616K) From: 21120K(111104K)->0K(111104K)
[766.848s][info][gc,heap        ] GC(2406) ParOldGen: 625134K(667648K)->318696K(608768K)
[766.848s][info][gc,metaspace   ] GC(2406) Metaspace: 19077K(19200K)->19077K(19200K) NonClass: 17248K(17344K)->17248K(17344K) Class: 1829K(1856K)->1829K(1856K)
[766.848s][info][gc             ] GC(2406) Pause Full (Allocation Failure) 740M->311M(812M) 573.652ms
[766.848s][info][gc,cpu         ] GC(2406) User=1.05s Sys=0.00s Real=0.58s
[766.929s][info][gc,start       ] GC(2407) Pause Young (Allocation Failure)
[766.954s][info][gc,heap        ] GC(2407) PSYoungGen: 111616K(222720K)->32848K(216576K) Eden: 111616K(111616K)->0K(111616K) From: 0K(111104K)->32848K(104960K)
[766.954s][info][gc,heap        ] GC(2407) ParOldGen: 318696K(608768K)->318696K(608768K)
[766.954s][info][gc,metaspace   ] GC(2407) Metaspace: 19077K(19200K)->19077K(19200K) NonClass: 17248K(17344K)->17248K(17344K) Class: 1829K(1856K)->1829K(1856K)
[766.954s][info][gc             ] GC(2407) Pause Young (Allocation Failure) 420M->343M(806M) 24.869ms
[766.954s][info][gc,cpu         ] GC(2407) User=0.05s Sys=0.00s Real=0.02s
[767.014s][info][gc,start       ] GC(2408) Pause Young (Allocation Failure)
[767.061s][info][gc,heap        ] GC(2408) PSYoungGen: 144464K(216576K)->70144K(219648K) Eden: 111616K(111616K)->0K(111616K) From: 32848K(104960K)->70144K(108032K)
[767.061s][info][gc,heap        ] GC(2408) ParOldGen: 318696K(608768K)->318696K(608768K)
[767.061s][info][gc,metaspace   ] GC(2408) Metaspace: 19077K(19200K)->19077K(19200K) NonClass: 17248K(17344K)->17248K(17344K) Class: 1829K(1856K)->1829K(1856K)
[767.061s][info][gc             ] GC(2408) Pause Young (Allocation Failure) 452M->379M(809M) 46.516ms
[767.061s][info][gc,cpu         ] GC(2408) User=0.09s Sys=0.00s Real=0.05s
[767.191s][info][gc,start       ] GC(2409) Pause Young (Allocation Failure)
[767.243s][info][gc,heap        ] GC(2409) PSYoungGen: 181760K(219648K)->11744K(223232K) Eden: 111616K(111616K)->0K(112128K) From: 70144K(108032K)->11744K(111104K)
[767.243s][info][gc,heap        ] GC(2409) ParOldGen: 318696K(608768K)->389863K(608768K)
[767.243s][info][gc,metaspace   ] GC(2409) Metaspace: 19077K(19200K)->19077K(19200K) NonClass: 17248K(17344K)->17248K(17344K) Class: 1829K(1856K)->1829K(1856K)
[767.243s][info][gc             ] GC(2409) Pause Young (Allocation Failure) 488M->392M(812M) 51.891ms
[767.243s][info][gc,cpu         ] GC(2409) User=0.11s Sys=0.00s Real=0.05s
[767.360s][info][gc,start       ] GC(2410) Pause Young (Allocation Failure)
[767.370s][info][gc,heap        ] GC(2410) PSYoungGen: 123872K(223232K)->11776K(123904K) Eden: 112128K(112128K)->0K(112128K) From: 11744K(111104K)->11776K(11776K)
[767.370s][info][gc,heap        ] GC(2410) ParOldGen: 389863K(608768K)->389863K(608768K)
[767.370s][info][gc,metaspace   ] GC(2410) Metaspace: 19077K(19200K)->19077K(19200K) NonClass: 17248K(17344K)->17248K(17344K) Class: 1829K(1856K)->1829K(1856K)
[767.370s][info][gc             ] GC(2410) Pause Young (Allocation Failure) 501M->392M(715M) 10.222ms
[767.370s][info][gc,cpu         ] GC(2410) User=0.02s Sys=0.00s Real=0.01s
[767.485s][info][gc,start       ] GC(2411) Pause Young (Allocation Failure)
[767.495s][info][gc,heap        ] GC(2411) PSYoungGen: 123904K(123904K)->11904K(223232K) Eden: 112128K(112128K)->0K(114688K) From: 11776K(11776K)->11904K(108544K)
[767.495s][info][gc,heap        ] GC(2411) ParOldGen: 389863K(608768K)->389863K(608768K)
[767.495s][info][gc,metaspace   ] GC(2411) Metaspace: 19077K(19200K)->19077K(19200K) NonClass: 17248K(17344K)->17248K(17344K) Class: 1829K(1856K)->1829K(1856K)
[767.495s][info][gc             ] GC(2411) Pause Young (Allocation Failure) 501M->392M(812M) 10.357ms
[767.495s][info][gc,cpu         ] GC(2411) User=0.02s Sys=0.00s Real=0.01s
[767.613s][info][gc,start       ] GC(2412) Pause Young (Allocation Failure)
[767.624s][info][gc,heap        ] GC(2412) PSYoungGen: 126592K(223232K)->12032K(220672K) Eden: 114688K(114688K)->0K(114688K) From: 11904K(108544K)->12032K(105984K)
[767.624s][info][gc,heap        ] GC(2412) ParOldGen: 389863K(608768K)->389863K(608768K)
[767.624s][info][gc,metaspace   ] GC(2412) Metaspace: 19077K(19200K)->19077K(19200K) NonClass: 17248K(17344K)->17248K(17344K) Class: 1829K(1856K)->1829K(1856K)
[767.624s][info][gc             ] GC(2412) Pause Young (Allocation Failure) 504M->392M(810M) 11.190ms
[767.624s][info][gc,cpu         ] GC(2412) User=0.02s Sys=0.00s Real=0.01s
[767.744s][info][gc,start       ] GC(2413) Pause Young (Allocation Failure)
[767.755s][info][gc,heap        ] GC(2413) PSYoungGen: 126720K(220672K)->12096K(215040K) Eden: 114688K(114688K)->0K(119296K) From: 12032K(105984K)->12096K(95744K)
[767.755s][info][gc,heap        ] GC(2413) ParOldGen: 389863K(608768K)->389863K(608768K)
[767.755s][info][gc,metaspace   ] GC(2413) Metaspace: 19077K(19200K)->19077K(19200K) NonClass: 17248K(17344K)->17248K(17344K) Class: 1829K(1856K)->1829K(1856K)
[767.755s][info][gc             ] GC(2413) Pause Young (Allocation Failure) 504M->392M(804M) 11.196ms
[767.755s][info][gc,cpu         ] GC(2413) User=0.02s Sys=0.00s Real=0.01s
[767.880s][info][gc,start       ] GC(2414) Pause Young (Allocation Failure)
[767.891s][info][gc,heap        ] GC(2414) PSYoungGen: 131392K(215040K)->12192K(218624K) Eden: 119296K(119296K)->0K(119296K) From: 12096K(95744K)->12192K(99328K)
[767.891s][info][gc,heap        ] GC(2414) ParOldGen: 389863K(608768K)->389863K(608768K)
[767.891s][info][gc,metaspace   ] GC(2414) Metaspace: 19077K(19200K)->19077K(19200K) NonClass: 17248K(17344K)->17248K(17344K) Class: 1829K(1856K)->1829K(1856K)
[767.892s][info][gc             ] GC(2414) Pause Young (Allocation Failure) 509M->392M(808M) 11.846ms
[767.892s][info][gc,cpu         ] GC(2414) User=0.02s Sys=0.00s Real=0.01s
[768.011s][info][gc,start       ] GC(2415) Pause Young (Allocation Failure)
[768.023s][info][gc,heap        ] GC(2415) PSYoungGen: 131488K(218624K)->12256K(210432K) Eden: 119296K(119296K)->0K(123392K) From: 12192K(99328K)->12256K(87040K)
[768.023s][info][gc,heap        ] GC(2415) ParOldGen: 389863K(608768K)->389863K(608768K)
[768.023s][info][gc,metaspace   ] GC(2415) Metaspace: 19077K(19200K)->19077K(19200K) NonClass: 17248K(17344K)->17248K(17344K) Class: 1829K(1856K)->1829K(1856K)
[768.023s][info][gc             ] GC(2415) Pause Young (Allocation Failure) 509M->392M(800M) 11.702ms
[768.023s][info][gc,cpu         ] GC(2415) User=0.02s Sys=0.00s Real=0.01s
[768.147s][info][gc,start       ] GC(2416) Pause Young (Allocation Failure)
[768.160s][info][gc,heap        ] GC(2416) PSYoungGen: 135648K(210432K)->12352K(215040K) Eden: 123392K(123392K)->0K(123392K) From: 12256K(87040K)->12352K(91648K)
[768.160s][info][gc,heap        ] GC(2416) ParOldGen: 389863K(608768K)->389863K(608768K)
[768.160s][info][gc,metaspace   ] GC(2416) Metaspace: 19077K(19200K)->19077K(19200K) NonClass: 17248K(17344K)->17248K(17344K) Class: 1829K(1856K)->1829K(1856K)
[768.160s][info][gc             ] GC(2416) Pause Young (Allocation Failure) 513M->392M(804M) 12.383ms
[768.160s][info][gc,cpu         ] GC(2416) User=0.02s Sys=0.01s Real=0.01s
[768.284s][info][gc,start       ] GC(2417) Pause Young (Allocation Failure)
[768.297s][info][gc,heap        ] GC(2417) PSYoungGen: 135744K(215040K)->12448K(207360K) Eden: 123392K(123392K)->0K(127488K) From: 12352K(91648K)->12448K(79872K)
[768.297s][info][gc,heap        ] GC(2417) ParOldGen: 389863K(608768K)->389863K(608768K)
[768.297s][info][gc,metaspace   ] GC(2417) Metaspace: 19077K(19200K)->19077K(19200K) NonClass: 17248K(17344K)->17248K(17344K) Class: 1829K(1856K)->1829K(1856K)
[768.297s][info][gc             ] GC(2417) Pause Young (Allocation Failure) 513M->392M(797M) 12.997ms
[768.297s][info][gc,cpu         ] GC(2417) User=0.02s Sys=0.00s Real=0.02s
[768.441s][info][gc,start       ] GC(2418) Pause Young (Allocation Failure)
[768.457s][info][gc,heap        ] GC(2418) PSYoungGen: 139936K(207360K)->14240K(211456K) Eden: 127488K(127488K)->0K(127488K) From: 12448K(79872K)->14240K(83968K)
[768.457s][info][gc,heap        ] GC(2418) ParOldGen: 389863K(608768K)->389863K(608768K)
[768.457s][info][gc,metaspace   ] GC(2418) Metaspace: 19077K(19200K)->19077K(19200K) NonClass: 17248K(17344K)->17248K(17344K) Class: 1829K(1856K)->1829K(1856K)
[768.457s][info][gc             ] GC(2418) Pause Young (Allocation Failure) 517M->394M(801M) 16.389ms
[768.457s][info][gc,cpu         ] GC(2418) User=0.04s Sys=0.00s Real=0.02s
[768.585s][info][gc,start       ] GC(2419) Pause Young (Allocation Failure)
[768.616s][info][gc,heap        ] GC(2419) PSYoungGen: 141728K(211456K)->19883K(202240K) Eden: 127488K(127488K)->0K(132096K) From: 14240K(83968K)->19883K(70144K)
[768.617s][info][gc,heap        ] GC(2419) ParOldGen: 389863K(608768K)->389863K(608768K)
[768.617s][info][gc,metaspace   ] GC(2419) Metaspace: 19080K(19200K)->19080K(19200K) NonClass: 17250K(17344K)->17250K(17344K) Class: 1829K(1856K)->1829K(1856K)
[768.617s][info][gc             ] GC(2419) Pause Young (Allocation Failure) 519M->400M(792M) 31.164ms
[768.617s][info][gc,cpu         ] GC(2419) User=0.06s Sys=0.00s Real=0.04s
[768.771s][info][gc,start       ] GC(2420) Pause Young (Allocation Failure)
[768.816s][info][gc,heap        ] GC(2420) PSYoungGen: 151979K(202240K)->33579K(206848K) Eden: 132096K(132096K)->0K(132096K) From: 19883K(70144K)->33579K(74752K)
[768.816s][info][gc,heap        ] GC(2420) ParOldGen: 389863K(608768K)->389863K(608768K)
[768.816s][info][gc,metaspace   ] GC(2420) Metaspace: 19080K(19200K)->19080K(19200K) NonClass: 17250K(17344K)->17250K(17344K) Class: 1829K(1856K)->1829K(1856K)
[768.816s][info][gc             ] GC(2420) Pause Young (Allocation Failure) 529M->413M(796M) 45.049ms
[768.816s][info][gc,cpu         ] GC(2420) User=0.09s Sys=0.00s Real=0.04s
[768.973s][info][gc,start       ] GC(2421) Pause Young (Allocation Failure)
[769.017s][info][gc,heap        ] GC(2421) PSYoungGen: 165675K(206848K)->33579K(209408K) Eden: 132096K(132096K)->0K(138240K) From: 33579K(74752K)->33579K(71168K)
[769.017s][info][gc,heap        ] GC(2421) ParOldGen: 389863K(608768K)->389863K(608768K)
[769.017s][info][gc,metaspace   ] GC(2421) Metaspace: 19080K(19200K)->19080K(19200K) NonClass: 17250K(17344K)->17250K(17344K) Class: 1829K(1856K)->1829K(1856K)
[769.017s][info][gc             ] GC(2421) Pause Young (Allocation Failure) 542M->413M(799M) 44.281ms
[769.017s][info][gc,cpu         ] GC(2421) User=0.09s Sys=0.00s Real=0.05s
[769.166s][info][gc,start       ] GC(2422) Pause Young (Allocation Failure)
[769.223s][info][gc,heap        ] GC(2422) PSYoungGen: 171819K(209408K)->46283K(210432K) Eden: 138240K(138240K)->0K(138240K) From: 33579K(71168K)->46283K(72192K)
[769.223s][info][gc,heap        ] GC(2422) ParOldGen: 389863K(608768K)->389863K(608768K)
[769.223s][info][gc,metaspace   ] GC(2422) Metaspace: 19080K(19200K)->19080K(19200K) NonClass: 17250K(17344K)->17250K(17344K) Class: 1829K(1856K)->1829K(1856K)
[769.223s][info][gc             ] GC(2422) Pause Young (Allocation Failure) 548M->425M(800M) 56.954ms
[769.223s][info][gc,cpu         ] GC(2422) User=0.11s Sys=0.00s Real=0.05s
[769.344s][info][gc,start       ] GC(2423) Pause Young (Allocation Failure)
[769.426s][info][gc,heap        ] GC(2423) PSYoungGen: 184523K(210432K)->67531K(210432K) Eden: 138240K(138240K)->0K(135168K) From: 46283K(72192K)->67531K(75264K)
[769.426s][info][gc,heap        ] GC(2423) ParOldGen: 389863K(608768K)->389863K(608768K)
[769.426s][info][gc,metaspace   ] GC(2423) Metaspace: 19080K(19200K)->19080K(19200K) NonClass: 17250K(17344K)->17250K(17344K) Class: 1829K(1856K)->1829K(1856K)
[769.426s][info][gc             ] GC(2423) Pause Young (Allocation Failure) 560M->446M(800M) 81.801ms
[769.426s][info][gc,cpu         ] GC(2423) User=0.15s Sys=0.01s Real=0.08s
[769.528s][info][gc,start       ] GC(2424) Pause Young (Allocation Failure)
[769.608s][info][gc,heap        ] GC(2424) PSYoungGen: 202699K(210432K)->59883K(220672K) Eden: 135168K(135168K)->0K(135168K) From: 67531K(75264K)->59883K(85504K)
[769.608s][info][gc,heap        ] GC(2424) ParOldGen: 389863K(608768K)->401663K(608768K)
[769.608s][info][gc,metaspace   ] GC(2424) Metaspace: 19080K(19200K)->19080K(19200K) NonClass: 17250K(17344K)->17250K(17344K) Class: 1829K(1856K)->1829K(1856K)
[769.608s][info][gc             ] GC(2424) Pause Young (Allocation Failure) 578M->450M(810M) 80.274ms
[769.608s][info][gc,cpu         ] GC(2424) User=0.16s Sys=0.00s Real=0.08s
[769.710s][info][gc,start       ] GC(2425) Pause Young (Allocation Failure)
[769.789s][info][gc,heap        ] GC(2425) PSYoungGen: 195051K(220672K)->61291K(230400K) Eden: 135168K(135168K)->0K(139776K) From: 59883K(85504K)->61291K(90624K)
[769.789s][info][gc,heap        ] GC(2425) ParOldGen: 401663K(608768K)->401743K(608768K)
[769.789s][info][gc,metaspace   ] GC(2425) Metaspace: 19080K(19200K)->19080K(19200K) NonClass: 17250K(17344K)->17250K(17344K) Class: 1829K(1856K)->1829K(1856K)
[769.789s][info][gc             ] GC(2425) Pause Young (Allocation Failure) 582M->452M(819M) 79.534ms
[769.789s][info][gc,cpu         ] GC(2425) User=0.16s Sys=0.01s Real=0.08s
[769.911s][info][gc,start       ] GC(2426) Pause Young (Allocation Failure)
[769.988s][info][gc,heap        ] GC(2426) PSYoungGen: 201067K(230400K)->64907K(204800K) Eden: 139776K(139776K)->0K(139776K) From: 61291K(90624K)->64907K(65024K)
[769.988s][info][gc,heap        ] GC(2426) ParOldGen: 401743K(608768K)->401839K(608768K)
[769.988s][info][gc,metaspace   ] GC(2426) Metaspace: 19080K(19200K)->19080K(19200K) NonClass: 17250K(17344K)->17250K(17344K) Class: 1829K(1856K)->1829K(1856K)
[769.988s][info][gc             ] GC(2426) Pause Young (Allocation Failure) 588M->455M(794M) 76.279ms
[769.988s][info][gc,cpu         ] GC(2426) User=0.15s Sys=0.00s Real=0.08s
[770.089s][info][gc,start       ] GC(2427) Pause Young (Allocation Failure)
[770.168s][info][gc,heap        ] GC(2427) PSYoungGen: 204683K(204800K)->64875K(227840K) Eden: 139776K(139776K)->0K(128000K) From: 64907K(65024K)->64875K(99840K)
[770.168s][info][gc,heap        ] GC(2427) ParOldGen: 401839K(608768K)->401967K(608768K)
[770.168s][info][gc,metaspace   ] GC(2427) Metaspace: 19080K(19200K)->19080K(19200K) NonClass: 17250K(17344K)->17250K(17344K) Class: 1829K(1856K)->1829K(1856K)
[770.168s][info][gc             ] GC(2427) Pause Young (Allocation Failure) 592M->455M(817M) 79.505ms
[770.169s][info][gc,cpu         ] GC(2427) User=0.15s Sys=0.00s Real=0.08s
[770.283s][info][gc,start       ] GC(2428) Pause Young (Allocation Failure)
[770.369s][info][gc,heap        ] GC(2428) PSYoungGen: 192875K(227840K)->73643K(201728K) Eden: 128000K(128000K)->0K(128000K) From: 64875K(99840K)->73643K(73728K)
[770.369s][info][gc,heap        ] GC(2428) ParOldGen: 401967K(608768K)->402063K(608768K)
[770.369s][info][gc,metaspace   ] GC(2428) Metaspace: 19080K(19200K)->19080K(19200K) NonClass: 17250K(17344K)->17250K(17344K) Class: 1829K(1856K)->1829K(1856K)
[770.369s][info][gc             ] GC(2428) Pause Young (Allocation Failure) 580M->464M(791M) 85.845ms
[770.369s][info][gc,cpu         ] GC(2428) User=0.17s Sys=0.00s Real=0.09s
[770.493s][info][gc,start       ] GC(2429) Pause Young (Allocation Failure)
[770.597s][info][gc,heap        ] GC(2429) PSYoungGen: 201643K(201728K)->88875K(220160K) Eden: 128000K(128000K)->0K(111616K) From: 73643K(73728K)->88875K(108544K)
[770.598s][info][gc,heap        ] GC(2429) ParOldGen: 402063K(608768K)->402151K(608768K)
[770.598s][info][gc,metaspace   ] GC(2429) Metaspace: 19080K(19200K)->19080K(19200K) NonClass: 17250K(17344K)->17250K(17344K) Class: 1829K(1856K)->1829K(1856K)
[770.598s][info][gc             ] GC(2429) Pause Young (Allocation Failure) 589M->479M(809M) 104.720ms
[770.598s][info][gc,cpu         ] GC(2429) User=0.20s Sys=0.01s Real=0.11s
[770.745s][info][gc,start       ] GC(2430) Pause Young (Allocation Failure)
[770.845s][info][gc,heap        ] GC(2430) PSYoungGen: 200491K(220160K)->89724K(222720K) Eden: 111616K(111616K)->0K(111616K) From: 88875K(108544K)->89724K(111104K)
[770.845s][info][gc,heap        ] GC(2430) ParOldGen: 402151K(608768K)->402351K(608768K)
[770.845s][info][gc,metaspace   ] GC(2430) Metaspace: 19080K(19200K)->19080K(19200K) NonClass: 17250K(17344K)->17250K(17344K) Class: 1829K(1856K)->1829K(1856K)
[770.845s][info][gc             ] GC(2430) Pause Young (Allocation Failure) 588M->480M(812M) 100.090ms
[770.845s][info][gc,cpu         ] GC(2430) User=0.20s Sys=0.00s Real=0.10s
[771.023s][info][gc,start       ] GC(2431) Pause Young (Allocation Failure)
[771.142s][info][gc,heap        ] GC(2431) PSYoungGen: 201340K(222720K)->102652K(222720K) Eden: 111616K(111616K)->0K(111616K) From: 89724K(111104K)->102652K(111104K)
[771.143s][info][gc,heap        ] GC(2431) ParOldGen: 402351K(608768K)->404255K(608768K)
[771.143s][info][gc,metaspace   ] GC(2431) Metaspace: 19080K(19200K)->19080K(19200K) NonClass: 17250K(17344K)->17250K(17344K) Class: 1829K(1856K)->1829K(1856K)
[771.143s][info][gc             ] GC(2431) Pause Young (Allocation Failure) 589M->495M(812M) 119.255ms
[771.143s][info][gc,cpu         ] GC(2431) User=0.24s Sys=0.01s Real=0.12s
[771.271s][info][gc,start       ] GC(2432) Pause Young (Allocation Failure)
[771.404s][info][gc,heap        ] GC(2432) PSYoungGen: 214268K(222720K)->104944K(222720K) Eden: 111616K(111616K)->0K(111616K) From: 102652K(111104K)->104944K(111104K)
[771.404s][info][gc,heap        ] GC(2432) ParOldGen: 404255K(608768K)->423651K(608768K)
[771.404s][info][gc,metaspace   ] GC(2432) Metaspace: 19080K(19200K)->19080K(19200K) NonClass: 17250K(17344K)->17250K(17344K) Class: 1829K(1856K)->1829K(1856K)
[771.404s][info][gc             ] GC(2432) Pause Young (Allocation Failure) 604M->516M(812M) 132.772ms
[771.404s][info][gc,cpu         ] GC(2432) User=0.26s Sys=0.00s Real=0.13s
[771.507s][info][gc,start       ] GC(2433) Pause Young (Allocation Failure)
[771.614s][info][gc,heap        ] GC(2433) PSYoungGen: 216560K(222720K)->99936K(222720K) Eden: 111616K(111616K)->0K(111616K) From: 104944K(111104K)->99936K(111104K)
[771.614s][info][gc,heap        ] GC(2433) ParOldGen: 423651K(608768K)->436411K(608768K)
[771.614s][info][gc,metaspace   ] GC(2433) Metaspace: 19080K(19200K)->19080K(19200K) NonClass: 17250K(17344K)->17250K(17344K) Class: 1829K(1856K)->1829K(1856K)
[771.614s][info][gc             ] GC(2433) Pause Young (Allocation Failure) 625M->523M(812M) 107.099ms
[771.615s][info][gc,cpu         ] GC(2433) User=0.21s Sys=0.00s Real=0.10s
[771.713s][info][gc,start       ] GC(2434) Pause Young (Allocation Failure)
[771.810s][info][gc,heap        ] GC(2434) PSYoungGen: 211552K(222720K)->75376K(222720K) Eden: 111616K(111616K)->0K(111616K) From: 99936K(111104K)->75376K(111104K)
[771.810s][info][gc,heap        ] GC(2434) ParOldGen: 436411K(608768K)->461763K(608768K)
[771.810s][info][gc,metaspace   ] GC(2434) Metaspace: 19080K(19200K)->19080K(19200K) NonClass: 17250K(17344K)->17250K(17344K) Class: 1829K(1856K)->1829K(1856K)
[771.810s][info][gc             ] GC(2434) Pause Young (Allocation Failure) 632M->524M(812M) 97.701ms
[771.810s][info][gc,cpu         ] GC(2434) User=0.20s Sys=0.00s Real=0.10s
[771.926s][info][gc,start       ] GC(2435) Pause Young (Allocation Failure)
[772.003s][info][gc,heap        ] GC(2435) PSYoungGen: 186992K(222720K)->72096K(222720K) Eden: 111616K(111616K)->0K(111616K) From: 75376K(111104K)->72096K(111104K)
[772.003s][info][gc,heap        ] GC(2435) ParOldGen: 461763K(608768K)->466987K(608768K)
[772.003s][info][gc,metaspace   ] GC(2435) Metaspace: 19080K(19200K)->19080K(19200K) NonClass: 17250K(17344K)->17250K(17344K) Class: 1829K(1856K)->1829K(1856K)
[772.003s][info][gc             ] GC(2435) Pause Young (Allocation Failure) 633M->526M(812M) 77.041ms
[772.003s][info][gc,cpu         ] GC(2435) User=0.15s Sys=0.00s Real=0.08s
[772.119s][info][gc,start       ] GC(2436) Pause Young (Allocation Failure)
[772.192s][info][gc,heap        ] GC(2436) PSYoungGen: 183712K(222720K)->67744K(222720K) Eden: 111616K(111616K)->0K(111616K) From: 72096K(111104K)->67744K(111104K)
[772.192s][info][gc,heap        ] GC(2436) ParOldGen: 466987K(608768K)->475987K(608768K)
[772.192s][info][gc,metaspace   ] GC(2436) Metaspace: 19080K(19200K)->19080K(19200K) NonClass: 17250K(17344K)->17250K(17344K) Class: 1829K(1856K)->1829K(1856K)
[772.192s][info][gc             ] GC(2436) Pause Young (Allocation Failure) 635M->530M(812M) 73.437ms
[772.192s][info][gc,cpu         ] GC(2436) User=0.14s Sys=0.00s Real=0.07s
[772.282s][info][gc,start       ] GC(2437) Pause Young (Allocation Failure)
[772.350s][info][gc,heap        ] GC(2437) PSYoungGen: 179360K(222720K)->51424K(222720K) Eden: 111616K(111616K)->0K(111616K) From: 67744K(111104K)->51424K(111104K)
[772.350s][info][gc,heap        ] GC(2437) ParOldGen: 475987K(608768K)->492388K(608768K)
[772.350s][info][gc,metaspace   ] GC(2437) Metaspace: 19080K(19200K)->19080K(19200K) NonClass: 17250K(17344K)->17250K(17344K) Class: 1829K(1856K)->1829K(1856K)
[772.350s][info][gc             ] GC(2437) Pause Young (Allocation Failure) 639M->531M(812M) 67.673ms
[772.350s][info][gc,cpu         ] GC(2437) User=0.14s Sys=0.00s Real=0.07s
[772.455s][info][gc,start       ] GC(2438) Pause Young (Allocation Failure)
[772.507s][info][gc,heap        ] GC(2438) PSYoungGen: 163040K(222720K)->16032K(222720K) Eden: 111616K(111616K)->0K(111616K) From: 51424K(111104K)->16032K(111104K)
[772.507s][info][gc,heap        ] GC(2438) ParOldGen: 492388K(608768K)->528932K(608768K)
[772.507s][info][gc,metaspace   ] GC(2438) Metaspace: 19080K(19200K)->19080K(19200K) NonClass: 17250K(17344K)->17250K(17344K) Class: 1829K(1856K)->1829K(1856K)
[772.507s][info][gc             ] GC(2438) Pause Young (Allocation Failure) 640M->532M(812M) 51.454ms
[772.507s][info][gc,cpu         ] GC(2438) User=0.10s Sys=0.00s Real=0.06s
[772.647s][info][gc,start       ] GC(2439) Pause Young (Allocation Failure)
[772.679s][info][gc,heap        ] GC(2439) PSYoungGen: 127648K(222720K)->20032K(222720K) Eden: 111616K(111616K)->0K(111616K) From: 16032K(111104K)->20032K(111104K)
[772.679s][info][gc,heap        ] GC(2439) ParOldGen: 528932K(608768K)->537396K(608768K)
[772.679s][info][gc,metaspace   ] GC(2439) Metaspace: 19080K(19200K)->19080K(19200K) NonClass: 17250K(17344K)->17250K(17344K) Class: 1829K(1856K)->1829K(1856K)
[772.679s][info][gc             ] GC(2439) Pause Young (Allocation Failure) 641M->544M(812M) 32.148ms
[772.679s][info][gc,cpu         ] GC(2439) User=0.06s Sys=0.00s Real=0.03s
[772.872s][info][gc,start       ] GC(2440) Pause Young (Allocation Failure)
[772.898s][info][gc,heap        ] GC(2440) PSYoungGen: 131648K(222720K)->16480K(222720K) Eden: 111616K(111616K)->0K(111616K) From: 20032K(111104K)->16480K(111104K)
[772.898s][info][gc,heap        ] GC(2440) ParOldGen: 537396K(608768K)->543964K(608768K)
[772.898s][info][gc,metaspace   ] GC(2440) Metaspace: 19080K(19200K)->19080K(19200K) NonClass: 17250K(17344K)->17250K(17344K) Class: 1829K(1856K)->1829K(1856K)
[772.898s][info][gc             ] GC(2440) Pause Young (Allocation Failure) 653M->547M(812M) 26.125ms
[772.898s][info][gc,cpu         ] GC(2440) User=0.06s Sys=0.00s Real=0.03s
[773.253s][info][gc,start       ] GC(2441) Pause Young (Allocation Failure)
[773.272s][info][gc,heap        ] GC(2441) PSYoungGen: 128096K(222720K)->15680K(222720K) Eden: 111616K(111616K)->0K(111616K) From: 16480K(111104K)->15680K(111104K)
[773.272s][info][gc,heap        ] GC(2441) ParOldGen: 543964K(608768K)->545012K(608768K)
[773.272s][info][gc,metaspace   ] GC(2441) Metaspace: 19080K(19200K)->19080K(19200K) NonClass: 17250K(17344K)->17250K(17344K) Class: 1829K(1856K)->1829K(1856K)
[773.272s][info][gc             ] GC(2441) Pause Young (Allocation Failure) 656M->547M(812M) 19.379ms
[773.272s][info][gc,cpu         ] GC(2441) User=0.04s Sys=0.00s Real=0.02s
[773.557s][info][gc,start       ] GC(2442) Pause Young (Allocation Failure)
[773.576s][info][gc,heap        ] GC(2442) PSYoungGen: 127296K(222720K)->304K(222720K) Eden: 111616K(111616K)->0K(111616K) From: 15680K(111104K)->304K(111104K)
[773.576s][info][gc,heap        ] GC(2442) ParOldGen: 545012K(608768K)->560476K(608768K)
[773.576s][info][gc,metaspace   ] GC(2442) Metaspace: 19080K(19200K)->19080K(19200K) NonClass: 17250K(17344K)->17250K(17344K) Class: 1829K(1856K)->1829K(1856K)
[773.576s][info][gc             ] GC(2442) Pause Young (Allocation Failure) 656M->547M(812M) 19.145ms
[773.576s][info][gc,cpu         ] GC(2442) User=0.03s Sys=0.00s Real=0.01s
[773.831s][info][gc,start       ] GC(2443) Pause Young (Allocation Failure)
[773.833s][info][gc,heap        ] GC(2443) PSYoungGen: 111920K(222720K)->64K(222720K) Eden: 111616K(111616K)->0K(111616K) From: 304K(111104K)->64K(111104K)
[773.833s][info][gc,heap        ] GC(2443) ParOldGen: 560476K(608768K)->560756K(608768K)
[773.833s][info][gc,metaspace   ] GC(2443) Metaspace: 19080K(19200K)->19080K(19200K) NonClass: 17250K(17344K)->17250K(17344K) Class: 1829K(1856K)->1829K(1856K)
[773.833s][info][gc             ] GC(2443) Pause Young (Allocation Failure) 656M->547M(812M) 2.748ms
[773.833s][info][gc,cpu         ] GC(2443) User=0.01s Sys=0.00s Real=0.00s
[774.041s][info][gc,start       ] GC(2444) Pause Young (Allocation Failure)
[774.044s][info][gc,heap        ] GC(2444) PSYoungGen: 111680K(222720K)->64K(222720K) Eden: 111616K(111616K)->0K(111616K) From: 64K(111104K)->64K(111104K)
[774.044s][info][gc,heap        ] GC(2444) ParOldGen: 560756K(608768K)->560788K(608768K)
[774.044s][info][gc,metaspace   ] GC(2444) Metaspace: 19080K(19200K)->19080K(19200K) NonClass: 17250K(17344K)->17250K(17344K) Class: 1829K(1856K)->1829K(1856K)
[774.044s][info][gc             ] GC(2444) Pause Young (Allocation Failure) 656M->547M(812M) 3.173ms
[774.044s][info][gc,cpu         ] GC(2444) User=0.00s Sys=0.00s Real=0.00s
[774.351s][info][gc,start       ] GC(2445) Pause Young (Allocation Failure)
[774.356s][info][gc,heap        ] GC(2445) PSYoungGen: 111680K(222720K)->2336K(222720K) Eden: 111616K(111616K)->0K(111616K) From: 64K(111104K)->2336K(111104K)
[774.356s][info][gc,heap        ] GC(2445) ParOldGen: 560788K(608768K)->560828K(608768K)
[774.356s][info][gc,metaspace   ] GC(2445) Metaspace: 19080K(19200K)->19080K(19200K) NonClass: 17250K(17344K)->17250K(17344K) Class: 1829K(1856K)->1829K(1856K)
[774.356s][info][gc             ] GC(2445) Pause Young (Allocation Failure) 656M->549M(812M) 4.924ms
[774.356s][info][gc,cpu         ] GC(2445) User=0.01s Sys=0.00s Real=0.01s
[774.524s][info][gc,start       ] GC(2446) Pause Young (Allocation Failure)
[774.537s][info][gc,heap        ] GC(2446) PSYoungGen: 113952K(222720K)->9968K(222720K) Eden: 111616K(111616K)->0K(111616K) From: 2336K(111104K)->9968K(111104K)
[774.537s][info][gc,heap        ] GC(2446) ParOldGen: 560828K(608768K)->563140K(608768K)
[774.537s][info][gc,metaspace   ] GC(2446) Metaspace: 19080K(19200K)->19080K(19200K) NonClass: 17250K(17344K)->17250K(17344K) Class: 1829K(1856K)->1829K(1856K)
[774.537s][info][gc             ] GC(2446) Pause Young (Allocation Failure) 658M->559M(812M) 13.333ms
[774.537s][info][gc,cpu         ] GC(2446) User=0.03s Sys=0.00s Real=0.02s
[774.608s][info][gc,start       ] GC(2447) Pause Young (Allocation Failure)
[774.653s][info][gc,heap        ] GC(2447) PSYoungGen: 121584K(222720K)->45568K(222720K) Eden: 111616K(111616K)->0K(111616K) From: 9968K(111104K)->45568K(111104K)
[774.653s][info][gc,heap        ] GC(2447) ParOldGen: 563140K(608768K)->573133K(608768K)
[774.653s][info][gc,metaspace   ] GC(2447) Metaspace: 19080K(19200K)->19080K(19200K) NonClass: 17250K(17344K)->17250K(17344K) Class: 1829K(1856K)->1829K(1856K)
[774.653s][info][gc             ] GC(2447) Pause Young (Allocation Failure) 668M->604M(812M) 44.757ms
[774.653s][info][gc,cpu         ] GC(2447) User=0.09s Sys=0.00s Real=0.04s
[774.696s][info][gc,start       ] GC(2448) Pause Young (Allocation Failure)
[774.767s][info][gc,heap        ] GC(2448) PSYoungGen: 157184K(222720K)->49077K(222720K) Eden: 111616K(111616K)->0K(111616K) From: 45568K(111104K)->49077K(111104K)
[774.767s][info][gc,heap        ] GC(2448) ParOldGen: 573133K(608768K)->619197K(619520K)
[774.767s][info][gc,metaspace   ] GC(2448) Metaspace: 19080K(19200K)->19080K(19200K) NonClass: 17250K(17344K)->17250K(17344K) Class: 1829K(1856K)->1829K(1856K)
[774.767s][info][gc             ] GC(2448) Pause Young (Allocation Failure) 713M->652M(822M) 70.973ms
[774.767s][info][gc,cpu         ] GC(2448) User=0.13s Sys=0.01s Real=0.08s
[774.805s][info][gc,start       ] GC(2449) Pause Young (Allocation Failure)
[774.899s][info][gc,promotion   ] GC(2449) Promotion failed
[774.899s][info][gc,heap        ] GC(2449) PSYoungGen: 160693K(222720K)->160693K(222720K) Eden: 111616K(111616K)->111616K(111616K) From: 49077K(111104K)->49077K(111104K)
[774.899s][info][gc,heap        ] GC(2449) ParOldGen: 619197K(619520K)->667645K(667648K)
[774.899s][info][gc,metaspace   ] GC(2449) Metaspace: 19080K(19200K)->19080K(19200K) NonClass: 17250K(17344K)->17250K(17344K) Class: 1829K(1856K)->1829K(1856K)
[774.899s][info][gc             ] GC(2449) Pause Young (Allocation Failure) 761M->808M(869M) 93.805ms
[774.899s][info][gc,cpu         ] GC(2449) User=0.14s Sys=0.04s Real=0.10s
[774.899s][info][gc,start       ] GC(2450) Pause Full (Allocation Failure)
[774.899s][info][gc,phases,start] GC(2450) Marking Phase
[775.277s][info][gc,phases      ] GC(2450) Marking Phase 377.971ms
[775.277s][info][gc,phases,start] GC(2450) Summary Phase
[775.277s][info][gc,phases      ] GC(2450) Summary Phase 0.027ms
[775.277s][info][gc,phases,start] GC(2450) Forward
[775.399s][info][gc,phases      ] GC(2450) Forward 122.150ms
[775.399s][info][gc,phases,start] GC(2450) Adjust Pointers
[775.678s][info][gc,phases      ] GC(2450) Adjust Pointers 278.546ms
[775.678s][info][gc,phases,start] GC(2450) Compaction Phase
[775.847s][info][gc,phases      ] GC(2450) Compaction Phase 169.284ms
[775.856s][info][gc,phases,start] GC(2450) Post Compact
[775.858s][info][gc,phases      ] GC(2450) Post Compact 2.547ms
[775.858s][info][gc,heap        ] GC(2450) PSYoungGen: 160693K(222720K)->0K(222720K) Eden: 111616K(111616K)->0K(111616K) From: 49077K(111104K)->0K(111104K)
[775.858s][info][gc,heap        ] GC(2450) ParOldGen: 667645K(667648K)->548379K(667648K)
[775.858s][info][gc,metaspace   ] GC(2450) Metaspace: 19080K(19200K)->19080K(19200K) NonClass: 17250K(17344K)->17250K(17344K) Class: 1829K(1856K)->1829K(1856K)
[775.858s][info][gc             ] GC(2450) Pause Full (Allocation Failure) 808M->535M(869M) 959.397ms
[775.858s][info][gc,cpu         ] GC(2450) User=1.81s Sys=0.01s Real=0.96s
[775.911s][info][gc,start       ] GC(2451) Pause Young (Allocation Failure)
[775.948s][info][gc,heap        ] GC(2451) PSYoungGen: 111616K(222720K)->47296K(159232K) Eden: 111616K(111616K)->0K(111616K) From: 0K(111104K)->47296K(47616K)
[775.948s][info][gc,heap        ] GC(2451) ParOldGen: 548379K(667648K)->548379K(667648K)
[775.948s][info][gc,metaspace   ] GC(2451) Metaspace: 19080K(19200K)->19080K(19200K) NonClass: 17250K(17344K)->17250K(17344K) Class: 1829K(1856K)->1829K(1856K)
[775.948s][info][gc             ] GC(2451) Pause Young (Allocation Failure) 644M->581M(807M) 37.248ms
[775.948s][info][gc,cpu         ] GC(2451) User=0.07s Sys=0.00s Real=0.04s
[776.165s][info][gc,start       ] GC(2452) Pause Young (Allocation Failure)
[776.238s][info][gc,heap        ] GC(2452) PSYoungGen: 158912K(159232K)->72224K(221696K) Eden: 111616K(111616K)->0K(111104K) From: 47296K(47616K)->72224K(110592K)
[776.238s][info][gc,heap        ] GC(2452) ParOldGen: 548379K(667648K)->548379K(667648K)
[776.238s][info][gc,metaspace   ] GC(2452) Metaspace: 19080K(19200K)->19080K(19200K) NonClass: 17250K(17344K)->17250K(17344K) Class: 1829K(1856K)->1829K(1856K)
[776.238s][info][gc             ] GC(2452) Pause Young (Allocation Failure) 690M->606M(868M) 73.247ms
[776.238s][info][gc,cpu         ] GC(2452) User=0.14s Sys=0.00s Real=0.08s
[776.472s][info][gc,start       ] GC(2453) Pause Young (Allocation Failure)
[776.539s][info][gc,heap        ] GC(2453) PSYoungGen: 183328K(221696K)->1216K(222208K) Eden: 111104K(111104K)->0K(111104K) From: 72224K(110592K)->1216K(111104K)
[776.539s][info][gc,heap        ] GC(2453) ParOldGen: 548379K(667648K)->621260K(667648K)
[776.539s][info][gc,metaspace   ] GC(2453) Metaspace: 19080K(19200K)->19080K(19200K) NonClass: 17250K(17344K)->17250K(17344K) Class: 1829K(1856K)->1829K(1856K)
[776.539s][info][gc             ] GC(2453) Pause Young (Allocation Failure) 714M->607M(869M) 66.876ms
[776.539s][info][gc,cpu         ] GC(2453) User=0.13s Sys=0.00s Real=0.07s
[776.633s][info][gc,start       ] GC(2454) Pause Full (Allocation Failure)
[776.633s][info][gc,phases,start] GC(2454) Marking Phase
[776.917s][info][gc,phases      ] GC(2454) Marking Phase 283.119ms
[776.917s][info][gc,phases,start] GC(2454) Summary Phase
[776.917s][info][gc,phases      ] GC(2454) Summary Phase 0.027ms
[776.917s][info][gc,phases,start] GC(2454) Forward
[777.014s][info][gc,phases      ] GC(2454) Forward 97.742ms
[777.014s][info][gc,phases,start] GC(2454) Adjust Pointers
[777.236s][info][gc,phases      ] GC(2454) Adjust Pointers 221.913ms
[777.236s][info][gc,phases,start] GC(2454) Compaction Phase
[777.361s][info][gc,phases      ] GC(2454) Compaction Phase 124.505ms
[777.367s][info][gc,phases,start] GC(2454) Post Compact
[777.369s][info][gc,phases      ] GC(2454) Post Compact 2.159ms
[777.369s][info][gc,heap        ] GC(2454) PSYoungGen: 112320K(222208K)->0K(222720K) Eden: 111104K(111104K)->0K(111616K) From: 1216K(111104K)->0K(111104K)
[777.369s][info][gc,heap        ] GC(2454) ParOldGen: 621260K(667648K)->460573K(667648K)
[777.369s][info][gc,metaspace   ] GC(2454) Metaspace: 19080K(19200K)->19080K(19200K) NonClass: 17250K(17344K)->17250K(17344K) Class: 1829K(1856K)->1829K(1856K)
[777.369s][info][gc             ] GC(2454) Pause Full (Allocation Failure) 716M->449M(869M) 736.027ms
[777.369s][info][gc,cpu         ] GC(2454) User=1.38s Sys=0.00s Real=0.74s
[777.486s][info][gc,start       ] GC(2455) Pause Young (Allocation Failure)
[777.509s][info][gc,heap        ] GC(2455) PSYoungGen: 111616K(222720K)->832K(222720K) Eden: 111616K(111616K)->0K(111616K) From: 0K(111104K)->832K(111104K)
[777.509s][info][gc,heap        ] GC(2455) ParOldGen: 460573K(667648K)->460573K(667648K)
[777.509s][info][gc,metaspace   ] GC(2455) Metaspace: 19080K(19200K)->19080K(19200K) NonClass: 17250K(17344K)->17250K(17344K) Class: 1829K(1856K)->1829K(1856K)
[777.509s][info][gc             ] GC(2455) Pause Young (Allocation Failure) 558M->450M(869M) 23.159ms
[777.509s][info][gc,cpu         ] GC(2455) User=0.05s Sys=0.00s Real=0.03s
[777.681s][info][gc,start       ] GC(2456) Pause Young (Allocation Failure)
[777.739s][info][gc,heap        ] GC(2456) PSYoungGen: 112448K(222720K)->29943K(211456K) Eden: 111616K(111616K)->0K(111616K) From: 832K(111104K)->29943K(99840K)
[777.739s][info][gc,heap        ] GC(2456) ParOldGen: 460573K(667648K)->461389K(667648K)
[777.739s][info][gc,metaspace   ] GC(2456) Metaspace: 19080K(19200K)->19080K(19200K) NonClass: 17250K(17344K)->17250K(17344K) Class: 1829K(1856K)->1829K(1856K)
[777.739s][info][gc             ] GC(2456) Pause Young (Allocation Failure) 559M->479M(858M) 58.536ms
[777.739s][info][gc,cpu         ] GC(2456) User=0.11s Sys=0.00s Real=0.06s
[777.896s][info][gc,start       ] GC(2457) Pause Young (Allocation Failure)
[777.937s][info][gc,heap        ] GC(2457) PSYoungGen: 141559K(211456K)->29943K(217088K) Eden: 111616K(111616K)->0K(111616K) From: 29943K(99840K)->29943K(105472K)
[777.937s][info][gc,heap        ] GC(2457) ParOldGen: 461389K(667648K)->461389K(667648K)
[777.937s][info][gc,metaspace   ] GC(2457) Metaspace: 19080K(19200K)->19080K(19200K) NonClass: 17250K(17344K)->17250K(17344K) Class: 1829K(1856K)->1829K(1856K)
[777.937s][info][gc             ] GC(2457) Pause Young (Allocation Failure) 588M->479M(864M) 41.240ms
[777.937s][info][gc,cpu         ] GC(2457) User=0.09s Sys=0.00s Real=0.05s
[778.085s][info][gc,start       ] GC(2458) Pause Young (Allocation Failure)
[778.128s][info][gc,heap        ] GC(2458) PSYoungGen: 141559K(217088K)->29943K(203776K) Eden: 111616K(111616K)->0K(118784K) From: 29943K(105472K)->29943K(84992K)
[778.128s][info][gc,heap        ] GC(2458) ParOldGen: 461389K(667648K)->461389K(667648K)
[778.128s][info][gc,metaspace   ] GC(2458) Metaspace: 19080K(19200K)->19080K(19200K) NonClass: 17250K(17344K)->17250K(17344K) Class: 1829K(1856K)->1829K(1856K)
[778.128s][info][gc             ] GC(2458) Pause Young (Allocation Failure) 588M->479M(851M) 43.506ms
[778.128s][info][gc,cpu         ] GC(2458) User=0.08s Sys=0.01s Real=0.05s
[778.294s][info][gc,start       ] GC(2459) Pause Young (Allocation Failure)
[778.335s][info][gc,heap        ] GC(2459) PSYoungGen: 148727K(203776K)->29966K(210432K) Eden: 118784K(118784K)->0K(118784K) From: 29943K(84992K)->29966K(91648K)
[778.335s][info][gc,heap        ] GC(2459) ParOldGen: 461389K(667648K)->461389K(667648K)
[778.335s][info][gc,metaspace   ] GC(2459) Metaspace: 19080K(19200K)->19080K(19200K) NonClass: 17250K(17344K)->17250K(17344K) Class: 1829K(1856K)->1829K(1856K)
[778.335s][info][gc             ] GC(2459) Pause Young (Allocation Failure) 595M->479M(857M) 40.982ms
[778.335s][info][gc,cpu         ] GC(2459) User=0.08s Sys=0.00s Real=0.04s
[778.492s][info][gc,start       ] GC(2460) Pause Young (Allocation Failure)
[778.536s][info][gc,heap        ] GC(2460) PSYoungGen: 148750K(210432K)->29943K(201216K) Eden: 118784K(118784K)->0K(126464K) From: 29966K(91648K)->29943K(74752K)
[778.536s][info][gc,heap        ] GC(2460) ParOldGen: 461389K(667648K)->461389K(667648K)
[778.536s][info][gc,metaspace   ] GC(2460) Metaspace: 19080K(19200K)->19080K(19200K) NonClass: 17250K(17344K)->17250K(17344K) Class: 1829K(1856K)->1829K(1856K)
[778.536s][info][gc             ] GC(2460) Pause Young (Allocation Failure) 595M->479M(848M) 43.912ms
[778.536s][info][gc,cpu         ] GC(2460) User=0.09s Sys=0.00s Real=0.04s
[778.708s][info][gc,start       ] GC(2461) Pause Young (Allocation Failure)
[778.748s][info][gc,heap        ] GC(2461) PSYoungGen: 156407K(201216K)->29975K(206848K) Eden: 126464K(126464K)->0K(126464K) From: 29943K(74752K)->29975K(80384K)
[778.748s][info][gc,heap        ] GC(2461) ParOldGen: 461389K(667648K)->461389K(667648K)
[778.748s][info][gc,metaspace   ] GC(2461) Metaspace: 19080K(19200K)->19080K(19200K) NonClass: 17250K(17344K)->17250K(17344K) Class: 1829K(1856K)->1829K(1856K)
[778.748s][info][gc             ] GC(2461) Pause Young (Allocation Failure) 603M->479M(854M) 40.202ms
[778.748s][info][gc,cpu         ] GC(2461) User=0.08s Sys=0.00s Real=0.04s
[778.918s][info][gc,start       ] GC(2462) Pause Young (Allocation Failure)
[778.960s][info][gc,heap        ] GC(2462) PSYoungGen: 156439K(206848K)->29934K(201216K) Eden: 126464K(126464K)->0K(134144K) From: 29975K(80384K)->29934K(67072K)
[778.960s][info][gc,heap        ] GC(2462) ParOldGen: 461389K(667648K)->461389K(667648K)
[778.960s][info][gc,metaspace   ] GC(2462) Metaspace: 19080K(19200K)->19080K(19200K) NonClass: 17250K(17344K)->17250K(17344K) Class: 1829K(1856K)->1829K(1856K)
[778.960s][info][gc             ] GC(2462) Pause Young (Allocation Failure) 603M->479M(848M) 41.983ms
[778.960s][info][gc,cpu         ] GC(2462) User=0.08s Sys=0.00s Real=0.04s
[779.136s][info][gc,start       ] GC(2463) Pause Young (Allocation Failure)
[779.176s][info][gc,heap        ] GC(2463) PSYoungGen: 164078K(201216K)->29966K(205824K) Eden: 134144K(134144K)->0K(134144K) From: 29934K(67072K)->29966K(71680K)
[779.176s][info][gc,heap        ] GC(2463) ParOldGen: 461389K(667648K)->461389K(667648K)
[779.176s][info][gc,metaspace   ] GC(2463) Metaspace: 19080K(19200K)->19080K(19200K) NonClass: 17250K(17344K)->17250K(17344K) Class: 1829K(1856K)->1829K(1856K)
[779.176s][info][gc             ] GC(2463) Pause Young (Allocation Failure) 610M->479M(853M) 39.965ms
[779.176s][info][gc,cpu         ] GC(2463) User=0.08s Sys=0.00s Real=0.04s
[779.298s][info][gc,start       ] GC(2464) Pause Young (Allocation Failure)
[779.358s][info][gc,heap        ] GC(2464) PSYoungGen: 164110K(205824K)->48910K(206848K) Eden: 134144K(134144K)->0K(139264K) From: 29966K(71680K)->48910K(67584K)
[779.358s][info][gc,heap        ] GC(2464) ParOldGen: 461389K(667648K)->461389K(667648K)
[779.358s][info][gc,metaspace   ] GC(2464) Metaspace: 19080K(19200K)->19080K(19200K) NonClass: 17250K(17344K)->17250K(17344K) Class: 1829K(1856K)->1829K(1856K)
[779.358s][info][gc             ] GC(2464) Pause Young (Allocation Failure) 610M->498M(854M) 60.305ms
[779.358s][info][gc,cpu         ] GC(2464) User=0.12s Sys=0.00s Real=0.06s
[779.479s][info][gc,start       ] GC(2465) Pause Young (Allocation Failure)
[779.550s][info][gc,heap        ] GC(2465) PSYoungGen: 188174K(206848K)->61719K(209920K) Eden: 139264K(139264K)->0K(139264K) From: 48910K(67584K)->61719K(70656K)
[779.550s][info][gc,heap        ] GC(2465) ParOldGen: 461389K(667648K)->461389K(667648K)
[779.550s][info][gc,metaspace   ] GC(2465) Metaspace: 19080K(19200K)->19080K(19200K) NonClass: 17250K(17344K)->17250K(17344K) Class: 1829K(1856K)->1829K(1856K)
[779.550s][info][gc             ] GC(2465) Pause Young (Allocation Failure) 634M->510M(857M) 70.981ms
[779.550s][info][gc,cpu         ] GC(2465) User=0.14s Sys=0.00s Real=0.07s
[779.662s][info][gc,start       ] GC(2466) Pause Young (Allocation Failure)
[779.742s][info][gc,heap        ] GC(2466) PSYoungGen: 200983K(209920K)->63662K(221184K) Eden: 139264K(139264K)->0K(143360K) From: 61719K(70656K)->63662K(77824K)
[779.742s][info][gc,heap        ] GC(2466) ParOldGen: 461389K(667648K)->461389K(667648K)
[779.742s][info][gc,metaspace   ] GC(2466) Metaspace: 19080K(19200K)->19080K(19200K) NonClass: 17250K(17344K)->17250K(17344K) Class: 1829K(1856K)->1829K(1856K)
[779.742s][info][gc             ] GC(2466) Pause Young (Allocation Failure) 646M->512M(868M) 79.922ms
[779.742s][info][gc,cpu         ] GC(2466) User=0.15s Sys=0.01s Real=0.08s
[779.861s][info][gc,start       ] GC(2467) Pause Young (Allocation Failure)
[779.935s][info][gc,heap        ] GC(2467) PSYoungGen: 207022K(221184K)->65198K(227328K) Eden: 143360K(143360K)->0K(143360K) From: 63662K(77824K)->65198K(83968K)
[779.935s][info][gc,heap        ] GC(2467) ParOldGen: 461389K(667648K)->461389K(667648K)
[779.935s][info][gc,metaspace   ] GC(2467) Metaspace: 19080K(19200K)->19080K(19200K) NonClass: 17250K(17344K)->17250K(17344K) Class: 1829K(1856K)->1829K(1856K)
[779.935s][info][gc             ] GC(2467) Pause Young (Allocation Failure) 652M->514M(874M) 73.521ms
[779.935s][info][gc,cpu         ] GC(2467) User=0.14s Sys=0.00s Real=0.07s
[780.085s][info][gc,start       ] GC(2468) Pause Young (Allocation Failure)
[780.176s][info][gc,heap        ] GC(2468) PSYoungGen: 208558K(227328K)->71447K(231936K) Eden: 143360K(143360K)->0K(142336K) From: 65198K(83968K)->71447K(89600K)
[780.176s][info][gc,heap        ] GC(2468) ParOldGen: 461389K(667648K)->461389K(667648K)
[780.176s][info][gc,metaspace   ] GC(2468) Metaspace: 19080K(19200K)->19080K(19200K) NonClass: 17250K(17344K)->17250K(17344K) Class: 1829K(1856K)->1829K(1856K)
[780.176s][info][gc             ] GC(2468) Pause Young (Allocation Failure) 654M->520M(878M) 90.424ms
[780.176s][info][gc,cpu         ] GC(2468) User=0.16s Sys=0.02s Real=0.09s
[780.371s][info][gc,start       ] GC(2469) Pause Young (Allocation Failure)
[780.453s][info][gc,heap        ] GC(2469) PSYoungGen: 213783K(231936K)->73911K(216576K) Eden: 142336K(142336K)->0K(142336K) From: 71447K(89600K)->73911K(74240K)
[780.453s][info][gc,heap        ] GC(2469) ParOldGen: 461389K(667648K)->461389K(667648K)
[780.453s][info][gc,metaspace   ] GC(2469) Metaspace: 19080K(19200K)->19080K(19200K) NonClass: 17250K(17344K)->17250K(17344K) Class: 1829K(1856K)->1829K(1856K)
[780.453s][info][gc             ] GC(2469) Pause Young (Allocation Failure) 659M->522M(863M) 82.364ms
[780.453s][info][gc,cpu         ] GC(2469) User=0.16s Sys=0.00s Real=0.08s
[780.717s][info][gc,start       ] GC(2470) Pause Young (Allocation Failure)
[780.797s][info][gc,heap        ] GC(2470) PSYoungGen: 216247K(216576K)->74030K(222720K) Eden: 142336K(142336K)->0K(120832K) From: 73911K(74240K)->74030K(101888K)
[780.797s][info][gc,heap        ] GC(2470) ParOldGen: 461389K(667648K)->461389K(667648K)
[780.797s][info][gc,metaspace   ] GC(2470) Metaspace: 19080K(19200K)->19080K(19200K) NonClass: 17250K(17344K)->17250K(17344K) Class: 1829K(1856K)->1829K(1856K)
[780.797s][info][gc             ] GC(2470) Pause Young (Allocation Failure) 661M->522M(869M) 80.188ms
[780.797s][info][gc,cpu         ] GC(2470) User=0.16s Sys=0.00s Real=0.08s
[781.005s][info][gc,start       ] GC(2471) Pause Young (Allocation Failure)
[781.086s][info][gc,heap        ] GC(2471) PSYoungGen: 194862K(222720K)->44160K(165376K) Eden: 120832K(120832K)->0K(120832K) From: 74030K(101888K)->44160K(44544K)
[781.086s][info][gc,heap        ] GC(2471) ParOldGen: 461389K(667648K)->491396K(667648K)
[781.086s][info][gc,metaspace   ] GC(2471) Metaspace: 19080K(19200K)->19080K(19200K) NonClass: 17250K(17344K)->17250K(17344K) Class: 1829K(1856K)->1829K(1856K)
[781.086s][info][gc             ] GC(2471) Pause Young (Allocation Failure) 640M->523M(813M) 81.495ms
[781.086s][info][gc,cpu         ] GC(2471) User=0.16s Sys=0.00s Real=0.09s
[781.272s][info][gc,start       ] GC(2472) Pause Young (Allocation Failure)
[781.315s][info][gc,heap        ] GC(2472) PSYoungGen: 164992K(165376K)->44160K(227328K) Eden: 120832K(120832K)->0K(129536K) From: 44160K(44544K)->44160K(97792K)
[781.315s][info][gc,heap        ] GC(2472) ParOldGen: 491396K(667648K)->491396K(667648K)
[781.315s][info][gc,metaspace   ] GC(2472) Metaspace: 19080K(19200K)->19080K(19200K) NonClass: 17250K(17344K)->17250K(17344K) Class: 1829K(1856K)->1829K(1856K)
[781.315s][info][gc             ] GC(2472) Pause Young (Allocation Failure) 641M->523M(874M) 43.314ms
[781.315s][info][gc,cpu         ] GC(2472) User=0.08s Sys=0.00s Real=0.04s
[781.546s][info][gc,start       ] GC(2473) Pause Young (Allocation Failure)
[781.593s][info][gc,heap        ] GC(2473) PSYoungGen: 173696K(227328K)->44160K(226816K) Eden: 129536K(129536K)->0K(129536K) From: 44160K(97792K)->44160K(97280K)
[781.593s][info][gc,heap        ] GC(2473) ParOldGen: 491396K(667648K)->491396K(667648K)
[781.593s][info][gc,metaspace   ] GC(2473) Metaspace: 19080K(19200K)->19080K(19200K) NonClass: 17250K(17344K)->17250K(17344K) Class: 1829K(1856K)->1829K(1856K)
[781.593s][info][gc             ] GC(2473) Pause Young (Allocation Failure) 649M->523M(873M) 46.469ms
[781.593s][info][gc,cpu         ] GC(2473) User=0.09s Sys=0.00s Real=0.05s
[781.727s][info][gc,start       ] GC(2474) Pause Young (Allocation Failure)
[781.785s][info][gc,heap        ] GC(2474) PSYoungGen: 173696K(226816K)->58176K(229888K) Eden: 129536K(129536K)->0K(138752K) From: 44160K(97280K)->58176K(91136K)
[781.785s][info][gc,heap        ] GC(2474) ParOldGen: 491396K(667648K)->491396K(667648K)
[781.785s][info][gc,metaspace   ] GC(2474) Metaspace: 19080K(19200K)->19080K(19200K) NonClass: 17250K(17344K)->17250K(17344K) Class: 1829K(1856K)->1829K(1856K)
[781.785s][info][gc             ] GC(2474) Pause Young (Allocation Failure) 649M->536M(876M) 57.425ms
[781.785s][info][gc,cpu         ] GC(2474) User=0.11s Sys=0.00s Real=0.05s
[781.945s][info][gc,start       ] GC(2475) Pause Young (Allocation Failure)
[782.007s][info][gc,heap        ] GC(2475) PSYoungGen: 196928K(229888K)->66736K(230912K) Eden: 138752K(138752K)->0K(138752K) From: 58176K(91136K)->66736K(92160K)
[782.007s][info][gc,heap        ] GC(2475) ParOldGen: 491396K(667648K)->491396K(667648K)
[782.007s][info][gc,metaspace   ] GC(2475) Metaspace: 19080K(19200K)->19080K(19200K) NonClass: 17250K(17344K)->17250K(17344K) Class: 1829K(1856K)->1829K(1856K)
[782.007s][info][gc             ] GC(2475) Pause Young (Allocation Failure) 672M->545M(877M) 61.455ms
[782.007s][info][gc,cpu         ] GC(2475) User=0.12s Sys=0.00s Real=0.07s
[782.080s][info][gc,start       ] GC(2476) Pause Young (Allocation Failure)
[782.185s][info][gc,heap        ] GC(2476) PSYoungGen: 205488K(230912K)->94688K(206336K) Eden: 138752K(138752K)->0K(111616K) From: 66736K(92160K)->94688K(94720K)
[782.185s][info][gc,heap        ] GC(2476) ParOldGen: 491396K(667648K)->510116K(667648K)
[782.185s][info][gc,metaspace   ] GC(2476) Metaspace: 19080K(19200K)->19080K(19200K) NonClass: 17250K(17344K)->17250K(17344K) Class: 1829K(1856K)->1829K(1856K)
[782.185s][info][gc             ] GC(2476) Pause Young (Allocation Failure) 680M->590M(853M) 104.470ms
[782.185s][info][gc,cpu         ] GC(2476) User=0.20s Sys=0.02s Real=0.10s
[782.372s][info][gc,start       ] GC(2477) Pause Young (Allocation Failure)
[782.464s][info][gc,heap        ] GC(2477) PSYoungGen: 206304K(206336K)->98896K(222720K) Eden: 111616K(111616K)->0K(111616K) From: 94688K(94720K)->98896K(111104K)
[782.464s][info][gc,heap        ] GC(2477) ParOldGen: 510116K(667648K)->510116K(667648K)
[782.464s][info][gc,metaspace   ] GC(2477) Metaspace: 19080K(19200K)->19080K(19200K) NonClass: 17250K(17344K)->17250K(17344K) Class: 1829K(1856K)->1829K(1856K)
[782.464s][info][gc             ] GC(2477) Pause Young (Allocation Failure) 699M->594M(869M) 92.208ms
[782.464s][info][gc,cpu         ] GC(2477) User=0.18s Sys=0.00s Real=0.09s
[782.608s][info][gc,start       ] GC(2478) Pause Young (Allocation Failure)
[782.720s][info][gc,heap        ] GC(2478) PSYoungGen: 210512K(222720K)->79568K(222720K) Eden: 111616K(111616K)->0K(111616K) From: 98896K(111104K)->79568K(111104K)
[782.720s][info][gc,heap        ] GC(2478) ParOldGen: 510116K(667648K)->541988K(667648K)
[782.720s][info][gc,metaspace   ] GC(2478) Metaspace: 19080K(19200K)->19080K(19200K) NonClass: 17250K(17344K)->17250K(17344K) Class: 1829K(1856K)->1829K(1856K)
[782.720s][info][gc             ] GC(2478) Pause Young (Allocation Failure) 703M->606M(869M) 112.002ms
[782.720s][info][gc,cpu         ] GC(2478) User=0.22s Sys=0.00s Real=0.11s
[782.871s][info][gc,start       ] GC(2479) Pause Young (Allocation Failure)
[782.951s][info][gc,heap        ] GC(2479) PSYoungGen: 191184K(222720K)->76112K(222720K) Eden: 111616K(111616K)->0K(111616K) From: 79568K(111104K)->76112K(111104K)
[782.951s][info][gc,heap        ] GC(2479) ParOldGen: 541988K(667648K)->545476K(667648K)
[782.951s][info][gc,metaspace   ] GC(2479) Metaspace: 19080K(19200K)->19080K(19200K) NonClass: 17250K(17344K)->17250K(17344K) Class: 1829K(1856K)->1829K(1856K)
[782.951s][info][gc             ] GC(2479) Pause Young (Allocation Failure) 715M->607M(869M) 80.752ms
[782.951s][info][gc,cpu         ] GC(2479) User=0.16s Sys=0.00s Real=0.08s
[783.093s][info][gc,start       ] GC(2480) Pause Young (Allocation Failure)
[783.169s][info][gc,heap        ] GC(2480) PSYoungGen: 187728K(222720K)->67408K(222720K) Eden: 111616K(111616K)->0K(111616K) From: 76112K(111104K)->67408K(111104K)
[783.169s][info][gc,heap        ] GC(2480) ParOldGen: 545476K(667648K)->554212K(667648K)
[783.169s][info][gc,metaspace   ] GC(2480) Metaspace: 19080K(19200K)->19080K(19200K) NonClass: 17250K(17344K)->17250K(17344K) Class: 1829K(1856K)->1829K(1856K)
[783.169s][info][gc             ] GC(2480) Pause Young (Allocation Failure) 716M->607M(869M) 76.755ms
[783.169s][info][gc,cpu         ] GC(2480) User=0.15s Sys=0.00s Real=0.08s
[783.310s][info][gc,start       ] GC(2481) Pause Young (Allocation Failure)
[783.378s][info][gc,heap        ] GC(2481) PSYoungGen: 179024K(222720K)->67248K(222720K) Eden: 111616K(111616K)->0K(111616K) From: 67408K(111104K)->67248K(111104K)
[783.378s][info][gc,heap        ] GC(2481) ParOldGen: 554212K(667648K)->554402K(667648K)
[783.378s][info][gc,metaspace   ] GC(2481) Metaspace: 19080K(19200K)->19080K(19200K) NonClass: 17250K(17344K)->17250K(17344K) Class: 1829K(1856K)->1829K(1856K)
[783.378s][info][gc             ] GC(2481) Pause Young (Allocation Failure) 716M->607M(869M) 68.029ms
[783.378s][info][gc,cpu         ] GC(2481) User=0.14s Sys=0.00s Real=0.07s
[783.521s][info][gc,start       ] GC(2482) Pause Young (Allocation Failure)
[783.589s][info][gc,heap        ] GC(2482) PSYoungGen: 178864K(222720K)->67184K(219648K) Eden: 111616K(111616K)->0K(111616K) From: 67248K(111104K)->67184K(108032K)
[783.589s][info][gc,heap        ] GC(2482) ParOldGen: 554402K(667648K)->554434K(667648K)
[783.589s][info][gc,metaspace   ] GC(2482) Metaspace: 19080K(19200K)->19080K(19200K) NonClass: 17250K(17344K)->17250K(17344K) Class: 1829K(1856K)->1829K(1856K)
[783.589s][info][gc             ] GC(2482) Pause Young (Allocation Failure) 716M->607M(866M) 68.365ms
[783.589s][info][gc,cpu         ] GC(2482) User=0.13s Sys=0.00s Real=0.07s
[783.731s][info][gc,start       ] GC(2483) Pause Young (Allocation Failure)
[783.799s][info][gc,heap        ] GC(2483) PSYoungGen: 178800K(219648K)->67216K(221184K) Eden: 111616K(111616K)->0K(111616K) From: 67184K(108032K)->67216K(109568K)
[783.799s][info][gc,heap        ] GC(2483) ParOldGen: 554434K(667648K)->554434K(667648K)
[783.800s][info][gc,metaspace   ] GC(2483) Metaspace: 19080K(19200K)->19080K(19200K) NonClass: 17250K(17344K)->17250K(17344K) Class: 1829K(1856K)->1829K(1856K)
[783.800s][info][gc             ] GC(2483) Pause Young (Allocation Failure) 716M->607M(868M) 68.328ms
[783.800s][info][gc,cpu         ] GC(2483) User=0.13s Sys=0.00s Real=0.07s
[783.948s][info][gc,start       ] GC(2484) Pause Young (Allocation Failure)
[784.018s][info][gc,heap        ] GC(2484) PSYoungGen: 178832K(221184K)->67184K(219136K) Eden: 111616K(111616K)->0K(118272K) From: 67216K(109568K)->67184K(100864K)
[784.019s][info][gc,heap        ] GC(2484) ParOldGen: 554434K(667648K)->554434K(667648K)
[784.019s][info][gc,metaspace   ] GC(2484) Metaspace: 19080K(19200K)->19080K(19200K) NonClass: 17250K(17344K)->17250K(17344K) Class: 1829K(1856K)->1829K(1856K)
[784.019s][info][gc             ] GC(2484) Pause Young (Allocation Failure) 716M->607M(866M) 70.131ms
[784.019s][info][gc,cpu         ] GC(2484) User=0.13s Sys=0.00s Real=0.07s
[784.172s][info][gc,start       ] GC(2485) Pause Young (Allocation Failure)
[784.239s][info][gc,heap        ] GC(2485) PSYoungGen: 185456K(219136K)->67184K(220672K) Eden: 118272K(118272K)->0K(118272K) From: 67184K(100864K)->67184K(102400K)
[784.239s][info][gc,heap        ] GC(2485) ParOldGen: 554434K(667648K)->554434K(667648K)
[784.239s][info][gc,metaspace   ] GC(2485) Metaspace: 19080K(19200K)->19080K(19200K) NonClass: 17250K(17344K)->17250K(17344K) Class: 1829K(1856K)->1829K(1856K)
[784.239s][info][gc             ] GC(2485) Pause Young (Allocation Failure) 722M->607M(867M) 66.657ms
[784.239s][info][gc,cpu         ] GC(2485) User=0.13s Sys=0.00s Real=0.07s
[784.389s][info][gc,start       ] GC(2486) Pause Young (Allocation Failure)
[784.456s][info][gc,heap        ] GC(2486) PSYoungGen: 185456K(220672K)->67216K(222208K) Eden: 118272K(118272K)->0K(128000K) From: 67184K(102400K)->67216K(94208K)
[784.456s][info][gc,heap        ] GC(2486) ParOldGen: 554434K(667648K)->554434K(667648K)
[784.456s][info][gc,metaspace   ] GC(2486) Metaspace: 19080K(19200K)->19080K(19200K) NonClass: 17250K(17344K)->17250K(17344K) Class: 1829K(1856K)->1829K(1856K)
[784.456s][info][gc             ] GC(2486) Pause Young (Allocation Failure) 722M->607M(869M) 67.566ms
[784.456s][info][gc,cpu         ] GC(2486) User=0.13s Sys=0.00s Real=0.06s
[784.600s][info][gc,start       ] GC(2487) Pause Young (Allocation Failure)
[784.675s][info][gc,heap        ] GC(2487) PSYoungGen: 195216K(222208K)->76560K(224768K) Eden: 128000K(128000K)->0K(128000K) From: 67216K(94208K)->76560K(96768K)
[784.675s][info][gc,heap        ] GC(2487) ParOldGen: 554434K(667648K)->554434K(667648K)
[784.675s][info][gc,metaspace   ] GC(2487) Metaspace: 19080K(19200K)->19080K(19200K) NonClass: 17250K(17344K)->17250K(17344K) Class: 1829K(1856K)->1829K(1856K)
[784.675s][info][gc             ] GC(2487) Pause Young (Allocation Failure) 732M->616M(871M) 74.882ms
[784.675s][info][gc,cpu         ] GC(2487) User=0.14s Sys=0.00s Real=0.07s
[784.802s][info][gc,start       ] GC(2488) Pause Young (Allocation Failure)
[784.894s][info][gc,heap        ] GC(2488) PSYoungGen: 204560K(224768K)->90448K(225280K) Eden: 128000K(128000K)->0K(128000K) From: 76560K(96768K)->90448K(97280K)
[784.894s][info][gc,heap        ] GC(2488) ParOldGen: 554434K(667648K)->554434K(667648K)
[784.894s][info][gc,metaspace   ] GC(2488) Metaspace: 19080K(19200K)->19080K(19200K) NonClass: 17250K(17344K)->17250K(17344K) Class: 1829K(1856K)->1829K(1856K)
[784.894s][info][gc             ] GC(2488) Pause Young (Allocation Failure) 741M->629M(872M) 92.133ms
[784.894s][info][gc,cpu         ] GC(2488) User=0.17s Sys=0.01s Real=0.09s
[784.994s][info][gc,start       ] GC(2489) Pause Young (Allocation Failure)
[785.089s][info][gc,heap        ] GC(2489) PSYoungGen: 218448K(225280K)->81520K(209920K) Eden: 128000K(128000K)->0K(128000K) From: 90448K(97280K)->81520K(81920K)
[785.090s][info][gc,heap        ] GC(2489) ParOldGen: 554434K(667648K)->568474K(667648K)
[785.090s][info][gc,metaspace   ] GC(2489) Metaspace: 19080K(19200K)->19080K(19200K) NonClass: 17250K(17344K)->17250K(17344K) Class: 1829K(1856K)->1829K(1856K)
[785.090s][info][gc             ] GC(2489) Pause Young (Allocation Failure) 754M->634M(857M) 95.825ms
[785.090s][info][gc,cpu         ] GC(2489) User=0.19s Sys=0.00s Real=0.10s
[785.202s][info][gc,start       ] GC(2490) Pause Young (Allocation Failure)
[785.284s][info][gc,heap        ] GC(2490) PSYoungGen: 209520K(209920K)->73600K(231936K) Eden: 128000K(128000K)->0K(127488K) From: 81520K(81920K)->73600K(104448K)
[785.284s][info][gc,heap        ] GC(2490) ParOldGen: 568474K(667648K)->577124K(667648K)
[785.284s][info][gc,metaspace   ] GC(2490) Metaspace: 19080K(19200K)->19080K(19200K) NonClass: 17250K(17344K)->17250K(17344K) Class: 1829K(1856K)->1829K(1856K)
[785.284s][info][gc             ] GC(2490) Pause Young (Allocation Failure) 759M->635M(878M) 82.958ms
[785.285s][info][gc,cpu         ] GC(2490) User=0.16s Sys=0.00s Real=0.08s
[785.373s][info][gc,start       ] GC(2491) Pause Young (Allocation Failure)
[785.477s][info][gc,heap        ] GC(2491) PSYoungGen: 201088K(231936K)->68032K(195584K) Eden: 127488K(127488K)->0K(127488K) From: 73600K(104448K)->68032K(68096K)
[785.477s][info][gc,heap        ] GC(2491) ParOldGen: 577124K(667648K)->605380K(667648K)
[785.477s][info][gc,metaspace   ] GC(2491) Metaspace: 19080K(19200K)->19080K(19200K) NonClass: 17250K(17344K)->17250K(17344K) Class: 1829K(1856K)->1829K(1856K)
[785.477s][info][gc             ] GC(2491) Pause Young (Allocation Failure) 759M->657M(843M) 104.082ms
[785.477s][info][gc,cpu         ] GC(2491) User=0.20s Sys=0.00s Real=0.11s
[785.565s][info][gc,start       ] GC(2492) Pause Young (Allocation Failure)
[785.656s][info][gc,heap        ] GC(2492) PSYoungGen: 195520K(195584K)->73888K(228352K) Eden: 127488K(127488K)->0K(129024K) From: 68032K(68096K)->73888K(99328K)
[785.656s][info][gc,heap        ] GC(2492) ParOldGen: 605380K(667648K)->609584K(667648K)
[785.656s][info][gc,metaspace   ] GC(2492) Metaspace: 19080K(19200K)->19080K(19200K) NonClass: 17250K(17344K)->17250K(17344K) Class: 1829K(1856K)->1829K(1856K)
[785.656s][info][gc             ] GC(2492) Pause Young (Allocation Failure) 782M->667M(875M) 90.919ms
[785.656s][info][gc,cpu         ] GC(2492) User=0.18s Sys=0.00s Real=0.09s
[785.742s][info][gc,start       ] GC(2493) Pause Young (Allocation Failure)
[785.850s][info][gc,heap        ] GC(2493) PSYoungGen: 202912K(228352K)->86240K(226816K) Eden: 129024K(129024K)->0K(129024K) From: 73888K(99328K)->86240K(97792K)
[785.850s][info][gc,heap        ] GC(2493) ParOldGen: 609584K(667648K)->622085K(667648K)
[785.850s][info][gc,metaspace   ] GC(2493) Metaspace: 19080K(19200K)->19080K(19200K) NonClass: 17250K(17344K)->17250K(17344K) Class: 1829K(1856K)->1829K(1856K)
[785.850s][info][gc             ] GC(2493) Pause Young (Allocation Failure) 793M->691M(873M) 108.350ms
[785.850s][info][gc,cpu         ] GC(2493) User=0.21s Sys=0.00s Real=0.11s
[785.974s][info][gc,start       ] GC(2494) Pause Young (Allocation Failure)
[786.085s][info][gc,heap        ] GC(2494) PSYoungGen: 215264K(226816K)->100864K(212480K) Eden: 129024K(129024K)->0K(111616K) From: 86240K(97792K)->100864K(100864K)
[786.085s][info][gc,heap        ] GC(2494) ParOldGen: 622085K(667648K)->628661K(667648K)
[786.085s][info][gc,metaspace   ] GC(2494) Metaspace: 19080K(19200K)->19080K(19200K) NonClass: 17250K(17344K)->17250K(17344K) Class: 1829K(1856K)->1829K(1856K)
[786.085s][info][gc             ] GC(2494) Pause Young (Allocation Failure) 817M->712M(859M) 111.019ms
[786.085s][info][gc,cpu         ] GC(2494) User=0.22s Sys=0.01s Real=0.11s
[786.231s][info][gc,start       ] GC(2495) Pause Young (Allocation Failure)
[786.345s][info][gc,heap        ] GC(2495) PSYoungGen: 212480K(212480K)->111104K(222720K) Eden: 111616K(111616K)->0K(111616K) From: 100864K(100864K)->111104K(111104K)
[786.345s][info][gc,heap        ] GC(2495) ParOldGen: 628661K(667648K)->631845K(667648K)
[786.345s][info][gc,metaspace   ] GC(2495) Metaspace: 19080K(19200K)->19080K(19200K) NonClass: 17250K(17344K)->17250K(17344K) Class: 1829K(1856K)->1829K(1856K)
[786.345s][info][gc             ] GC(2495) Pause Young (Allocation Failure) 821M->725M(869M) 113.773ms
[786.345s][info][gc,cpu         ] GC(2495) User=0.23s Sys=0.00s Real=0.11s
[786.420s][info][gc,start       ] GC(2496) Pause Young (Allocation Failure)
[786.530s][info][gc,heap        ] GC(2496) PSYoungGen: 222720K(222720K)->111104K(222720K) Eden: 111616K(111616K)->0K(111616K) From: 111104K(111104K)->111104K(111104K)
[786.530s][info][gc,heap        ] GC(2496) ParOldGen: 631845K(667648K)->635725K(667648K)
[786.530s][info][gc,metaspace   ] GC(2496) Metaspace: 19080K(19200K)->19080K(19200K) NonClass: 17250K(17344K)->17250K(17344K) Class: 1829K(1856K)->1829K(1856K)
[786.530s][info][gc             ] GC(2496) Pause Young (Allocation Failure) 834M->729M(869M) 109.975ms
[786.530s][info][gc,cpu         ] GC(2496) User=0.21s Sys=0.00s Real=0.11s
[786.642s][info][gc,start       ] GC(2497) Pause Young (Allocation Failure)
[786.752s][info][gc,heap        ] GC(2497) PSYoungGen: 222720K(222720K)->111104K(222720K) Eden: 111616K(111616K)->0K(111616K) From: 111104K(111104K)->111104K(111104K)
[786.753s][info][gc,heap        ] GC(2497) ParOldGen: 635725K(667648K)->636445K(667648K)
[786.753s][info][gc,metaspace   ] GC(2497) Metaspace: 19080K(19200K)->19080K(19200K) NonClass: 17250K(17344K)->17250K(17344K) Class: 1829K(1856K)->1829K(1856K)
[786.753s][info][gc             ] GC(2497) Pause Young (Allocation Failure) 838M->730M(869M) 110.508ms
[786.753s][info][gc,cpu         ] GC(2497) User=0.22s Sys=0.00s Real=0.11s
[786.877s][info][gc,start       ] GC(2498) Pause Young (Allocation Failure)
[786.989s][info][gc,heap        ] GC(2498) PSYoungGen: 222720K(222720K)->105664K(222720K) Eden: 111616K(111616K)->0K(111616K) From: 111104K(111104K)->105664K(111104K)
[786.989s][info][gc,heap        ] GC(2498) ParOldGen: 636445K(667648K)->643293K(667648K)
[786.990s][info][gc,metaspace   ] GC(2498) Metaspace: 19080K(19200K)->19080K(19200K) NonClass: 17250K(17344K)->17250K(17344K) Class: 1829K(1856K)->1829K(1856K)
[786.990s][info][gc             ] GC(2498) Pause Young (Allocation Failure) 839M->731M(869M) 112.922ms
[786.990s][info][gc,cpu         ] GC(2498) User=0.23s Sys=0.00s Real=0.11s
[787.097s][info][gc,start       ] GC(2499) Pause Full (Allocation Failure)
[787.097s][info][gc,phases,start] GC(2499) Marking Phase
[787.516s][info][gc,phases      ] GC(2499) Marking Phase 419.676ms
[787.516s][info][gc,phases,start] GC(2499) Summary Phase
[787.516s][info][gc,phases      ] GC(2499) Summary Phase 0.029ms
[787.516s][info][gc,phases,start] GC(2499) Forward
[787.629s][info][gc,phases      ] GC(2499) Forward 112.748ms
[787.629s][info][gc,phases,start] GC(2499) Adjust Pointers
[787.961s][info][gc,phases      ] GC(2499) Adjust Pointers 331.739ms
[787.961s][info][gc,phases,start] GC(2499) Compaction Phase
[788.141s][info][gc,phases      ] GC(2499) Compaction Phase 179.636ms
[788.153s][info][gc,phases,start] GC(2499) Post Compact
[788.155s][info][gc,phases      ] GC(2499) Post Compact 2.460ms
[788.156s][info][gc,heap        ] GC(2499) PSYoungGen: 217280K(222720K)->0K(222720K) Eden: 111616K(111616K)->0K(111616K) From: 105664K(111104K)->0K(111104K)
[788.156s][info][gc,heap        ] GC(2499) ParOldGen: 643293K(667648K)->611168K(667648K)
[788.156s][info][gc,metaspace   ] GC(2499) Metaspace: 19080K(19200K)->19080K(19200K) NonClass: 17250K(17344K)->17250K(17344K) Class: 1829K(1856K)->1829K(1856K)
[788.156s][info][gc             ] GC(2499) Pause Full (Allocation Failure) 840M->596M(869M) 1058.950ms
[788.156s][info][gc,cpu         ] GC(2499) User=2.04s Sys=0.00s Real=1.05s
[788.269s][info][gc,start       ] GC(2500) Pause Young (Allocation Failure)
[788.277s][info][gc,heap        ] GC(2500) PSYoungGen: 111616K(222720K)->3552K(222720K) Eden: 111616K(111616K)->0K(111616K) From: 0K(111104K)->3552K(111104K)
[788.277s][info][gc,heap        ] GC(2500) ParOldGen: 611168K(667648K)->611168K(667648K)
[788.277s][info][gc,metaspace   ] GC(2500) Metaspace: 19080K(19200K)->19080K(19200K) NonClass: 17250K(17344K)->17250K(17344K) Class: 1829K(1856K)->1829K(1856K)
[788.277s][info][gc             ] GC(2500) Pause Young (Allocation Failure) 705M->600M(869M) 8.428ms
[788.277s][info][gc,cpu         ] GC(2500) User=0.01s Sys=0.00s Real=0.01s
[788.384s][info][gc,start       ] GC(2501) Pause Young (Allocation Failure)
[788.390s][info][gc,heap        ] GC(2501) PSYoungGen: 115168K(222720K)->3584K(222720K) Eden: 111616K(111616K)->0K(111616K) From: 3552K(111104K)->3584K(111104K)
[788.390s][info][gc,heap        ] GC(2501) ParOldGen: 611168K(667648K)->611168K(667648K)
[788.390s][info][gc,metaspace   ] GC(2501) Metaspace: 19080K(19200K)->19080K(19200K) NonClass: 17250K(17344K)->17250K(17344K) Class: 1829K(1856K)->1829K(1856K)
[788.390s][info][gc             ] GC(2501) Pause Young (Allocation Failure) 709M->600M(869M) 6.407ms
[788.390s][info][gc,cpu         ] GC(2501) User=0.01s Sys=0.00s Real=0.01s
[788.548s][info][gc,start       ] GC(2502) Pause Young (Allocation Failure)
[788.562s][info][gc,heap        ] GC(2502) PSYoungGen: 115200K(222720K)->11680K(222720K) Eden: 111616K(111616K)->0K(111616K) From: 3584K(111104K)->11680K(111104K)
[788.562s][info][gc,heap        ] GC(2502) ParOldGen: 611168K(667648K)->611168K(667648K)
[788.562s][info][gc,metaspace   ] GC(2502) Metaspace: 19080K(19200K)->19080K(19200K) NonClass: 17250K(17344K)->17250K(17344K) Class: 1829K(1856K)->1829K(1856K)
[788.562s][info][gc             ] GC(2502) Pause Young (Allocation Failure) 709M->608M(869M) 14.422ms
[788.562s][info][gc,cpu         ] GC(2502) User=0.03s Sys=0.00s Real=0.01s
[788.674s][info][gc,start       ] GC(2503) Pause Young (Allocation Failure)
[788.707s][info][gc,heap        ] GC(2503) PSYoungGen: 123296K(222720K)->32128K(222720K) Eden: 111616K(111616K)->0K(111616K) From: 11680K(111104K)->32128K(111104K)
[788.707s][info][gc,heap        ] GC(2503) ParOldGen: 611168K(667648K)->611168K(667648K)
[788.707s][info][gc,metaspace   ] GC(2503) Metaspace: 19080K(19200K)->19080K(19200K) NonClass: 17250K(17344K)->17250K(17344K) Class: 1829K(1856K)->1829K(1856K)
[788.707s][info][gc             ] GC(2503) Pause Young (Allocation Failure) 717M->628M(869M) 32.923ms
[788.707s][info][gc,cpu         ] GC(2503) User=0.07s Sys=0.00s Real=0.04s
[788.834s][info][gc,start       ] GC(2504) Pause Young (Allocation Failure)
[788.898s][info][gc,heap        ] GC(2504) PSYoungGen: 143744K(222720K)->78360K(222720K) Eden: 111616K(111616K)->0K(111616K) From: 32128K(111104K)->78360K(111104K)
[788.898s][info][gc,heap        ] GC(2504) ParOldGen: 611168K(667648K)->611168K(667648K)
[788.898s][info][gc,metaspace   ] GC(2504) Metaspace: 19080K(19200K)->19080K(19200K) NonClass: 17250K(17344K)->17250K(17344K) Class: 1829K(1856K)->1829K(1856K)
[788.898s][info][gc             ] GC(2504) Pause Young (Allocation Failure) 737M->673M(869M) 64.658ms
[788.898s][info][gc,cpu         ] GC(2504) User=0.12s Sys=0.00s Real=0.07s
[789.015s][info][gc,start       ] GC(2505) Pause Young (Allocation Failure)
[789.095s][info][gc,heap        ] GC(2505) PSYoungGen: 189976K(222720K)->104336K(222720K) Eden: 111616K(111616K)->0K(111616K) From: 78360K(111104K)->104336K(111104K)
[789.095s][info][gc,heap        ] GC(2505) ParOldGen: 611168K(667648K)->614696K(667648K)
[789.095s][info][gc,metaspace   ] GC(2505) Metaspace: 19080K(19200K)->19080K(19200K) NonClass: 17251K(17344K)->17251K(17344K) Class: 1829K(1856K)->1829K(1856K)
[789.095s][info][gc             ] GC(2505) Pause Young (Allocation Failure) 782M->702M(869M) 79.450ms
[789.095s][info][gc,cpu         ] GC(2505) User=0.16s Sys=0.00s Real=0.08s
[789.162s][info][gc,start       ] GC(2506) Pause Young (Allocation Failure)
[789.240s][info][gc,heap        ] GC(2506) PSYoungGen: 215952K(222720K)->101432K(222720K) Eden: 111616K(111616K)->0K(111616K) From: 104336K(111104K)->101432K(111104K)
[789.240s][info][gc,heap        ] GC(2506) ParOldGen: 614696K(667648K)->622880K(667648K)
[789.240s][info][gc,metaspace   ] GC(2506) Metaspace: 19080K(19200K)->19080K(19200K) NonClass: 17251K(17344K)->17251K(17344K) Class: 1829K(1856K)->1829K(1856K)
[789.240s][info][gc             ] GC(2506) Pause Young (Allocation Failure) 811M->707M(869M) 77.491ms
[789.240s][info][gc,cpu         ] GC(2506) User=0.15s Sys=0.00s Real=0.08s
[789.381s][info][gc,start       ] GC(2507) Pause Young (Allocation Failure)
[789.457s][info][gc,promotion   ] GC(2507) Promotion failed
[789.457s][info][gc,heap        ] GC(2507) PSYoungGen: 213048K(222720K)->213048K(222720K) Eden: 111616K(111616K)->111616K(111616K) From: 101432K(111104K)->101432K(111104K)
[789.457s][info][gc,heap        ] GC(2507) ParOldGen: 622880K(667648K)->667644K(667648K)
[789.457s][info][gc,metaspace   ] GC(2507) Metaspace: 19080K(19200K)->19080K(19200K) NonClass: 17251K(17344K)->17251K(17344K) Class: 1829K(1856K)->1829K(1856K)
[789.457s][info][gc             ] GC(2507) Pause Young (Allocation Failure) 816M->860M(869M) 76.048ms
[789.457s][info][gc,cpu         ] GC(2507) User=0.14s Sys=0.00s Real=0.08s
[789.457s][info][gc,start       ] GC(2508) Pause Full (Allocation Failure)
[789.457s][info][gc,phases,start] GC(2508) Marking Phase
[789.941s][info][gc,phases      ] GC(2508) Marking Phase 484.088ms
[789.941s][info][gc,phases,start] GC(2508) Summary Phase
[789.941s][info][gc,phases      ] GC(2508) Summary Phase 0.029ms
[789.941s][info][gc,phases,start] GC(2508) Forward
[790.070s][info][gc,phases      ] GC(2508) Forward 128.692ms
[790.070s][info][gc,phases,start] GC(2508) Adjust Pointers
[790.441s][info][gc,phases      ] GC(2508) Adjust Pointers 371.710ms
[790.441s][info][gc,phases,start] GC(2508) Compaction Phase
[790.614s][info][gc,phases      ] GC(2508) Compaction Phase 172.105ms
[790.628s][info][gc,phases,start] GC(2508) Post Compact
[790.630s][info][gc,phases      ] GC(2508) Post Compact 2.589ms
[790.630s][info][gc,heap        ] GC(2508) PSYoungGen: 213048K(222720K)->23032K(222720K) Eden: 111616K(111616K)->0K(111616K) From: 101432K(111104K)->23032K(111104K)
[790.630s][info][gc,heap        ] GC(2508) ParOldGen: 667644K(667648K)->667588K(667648K)
[790.630s][info][gc,metaspace   ] GC(2508) Metaspace: 19080K(19200K)->19080K(19200K) NonClass: 17251K(17344K)->17251K(17344K) Class: 1829K(1856K)->1829K(1856K)
[790.630s][info][gc             ] GC(2508) Pause Full (Allocation Failure) 860M->674M(869M) 1173.754ms
[790.630s][info][gc,cpu         ] GC(2508) User=2.28s Sys=0.00s Real=1.17s
[790.760s][info][gc,start       ] GC(2509) Pause Full (Allocation Failure)
[790.760s][info][gc,phases,start] GC(2509) Marking Phase
[791.243s][info][gc,phases      ] GC(2509) Marking Phase 483.165ms
[791.243s][info][gc,phases,start] GC(2509) Summary Phase
[791.243s][info][gc,phases      ] GC(2509) Summary Phase 0.024ms
[791.243s][info][gc,phases,start] GC(2509) Forward
[791.248s][info][gc,phases      ] GC(2509) Forward 4.662ms
[791.248s][info][gc,phases,start] GC(2509) Adjust Pointers
[791.582s][info][gc,phases      ] GC(2509) Adjust Pointers 333.970ms
[791.582s][info][gc,phases,start] GC(2509) Compaction Phase
[791.725s][info][gc,phases      ] GC(2509) Compaction Phase 143.251ms
[791.726s][info][gc,phases,start] GC(2509) Post Compact
[791.728s][info][gc,phases      ] GC(2509) Post Compact 2.271ms
[791.728s][info][gc,heap        ] GC(2509) PSYoungGen: 134648K(222720K)->23178K(222720K) Eden: 111616K(111616K)->23178K(111616K) From: 23032K(111104K)->0K(111104K)
[791.728s][info][gc,heap        ] GC(2509) ParOldGen: 667588K(667648K)->667635K(667648K)
[791.728s][info][gc,metaspace   ] GC(2509) Metaspace: 19080K(19200K)->19080K(19200K) NonClass: 17251K(17344K)->17251K(17344K) Class: 1829K(1856K)->1829K(1856K)
[791.728s][info][gc             ] GC(2509) Pause Full (Allocation Failure) 783M->674M(869M) 967.745ms
[791.728s][info][gc,cpu         ] GC(2509) User=1.90s Sys=0.00s Real=0.97s
[791.874s][info][gc,start       ] GC(2510) Pause Full (Allocation Failure)
[791.874s][info][gc,phases,start] GC(2510) Marking Phase
[792.370s][info][gc,phases      ] GC(2510) Marking Phase 495.859ms
[792.370s][info][gc,phases,start] GC(2510) Summary Phase
[792.370s][info][gc,phases      ] GC(2510) Summary Phase 0.024ms
[792.370s][info][gc,phases,start] GC(2510) Forward
[792.378s][info][gc,phases      ] GC(2510) Forward 7.621ms
[792.378s][info][gc,phases,start] GC(2510) Adjust Pointers
[792.723s][info][gc,phases      ] GC(2510) Adjust Pointers 344.679ms
[792.723s][info][gc,phases,start] GC(2510) Compaction Phase
[792.861s][info][gc,phases      ] GC(2510) Compaction Phase 138.664ms
[792.861s][info][gc,phases,start] GC(2510) Post Compact
[792.864s][info][gc,phases      ] GC(2510) Post Compact 2.188ms
[792.864s][info][gc,heap        ] GC(2510) PSYoungGen: 111616K(222720K)->23535K(222720K) Eden: 111616K(111616K)->23535K(111616K) From: 0K(111104K)->0K(111104K)
[792.864s][info][gc,heap        ] GC(2510) ParOldGen: 667635K(667648K)->667635K(667648K)
[792.864s][info][gc,metaspace   ] GC(2510) Metaspace: 19080K(19200K)->19080K(19200K) NonClass: 17251K(17344K)->17251K(17344K) Class: 1829K(1856K)->1829K(1856K)
[792.864s][info][gc             ] GC(2510) Pause Full (Allocation Failure) 760M->674M(869M) 989.487ms
[792.864s][info][gc,cpu         ] GC(2510) User=1.93s Sys=0.00s Real=0.99s
[793.018s][info][gc,start       ] GC(2511) Pause Full (Allocation Failure)
[793.018s][info][gc,phases,start] GC(2511) Marking Phase
[793.513s][info][gc,phases      ] GC(2511) Marking Phase 495.000ms
[793.514s][info][gc,phases,start] GC(2511) Summary Phase
[793.514s][info][gc,phases      ] GC(2511) Summary Phase 0.029ms
[793.514s][info][gc,phases,start] GC(2511) Forward
[793.522s][info][gc,phases      ] GC(2511) Forward 8.092ms
[793.522s][info][gc,phases,start] GC(2511) Adjust Pointers
[793.859s][info][gc,phases      ] GC(2511) Adjust Pointers 336.869ms
[793.859s][info][gc,phases,start] GC(2511) Compaction Phase
[793.993s][info][gc,phases      ] GC(2511) Compaction Phase 134.291ms
[793.993s][info][gc,phases,start] GC(2511) Post Compact
[793.995s][info][gc,phases      ] GC(2511) Post Compact 2.214ms
[793.995s][info][gc,heap        ] GC(2511) PSYoungGen: 111616K(222720K)->23768K(222720K) Eden: 111616K(111616K)->23768K(111616K) From: 0K(111104K)->0K(111104K)
[793.995s][info][gc,heap        ] GC(2511) ParOldGen: 667635K(667648K)->667635K(667648K)
[793.995s][info][gc,metaspace   ] GC(2511) Metaspace: 19080K(19200K)->19080K(19200K) NonClass: 17251K(17344K)->17251K(17344K) Class: 1829K(1856K)->1829K(1856K)
[793.995s][info][gc             ] GC(2511) Pause Full (Allocation Failure) 760M->675M(869M) 976.937ms
[793.995s][info][gc,cpu         ] GC(2511) User=1.91s Sys=0.00s Real=0.97s
[794.099s][info][gc,start       ] GC(2512) Pause Full (Allocation Failure)
[794.099s][info][gc,phases,start] GC(2512) Marking Phase
[794.587s][info][gc,phases      ] GC(2512) Marking Phase 487.776ms
[794.587s][info][gc,phases,start] GC(2512) Summary Phase
[794.587s][info][gc,phases      ] GC(2512) Summary Phase 0.024ms
[794.587s][info][gc,phases,start] GC(2512) Forward
[794.596s][info][gc,phases      ] GC(2512) Forward 8.516ms
[794.596s][info][gc,phases,start] GC(2512) Adjust Pointers
[794.926s][info][gc,phases      ] GC(2512) Adjust Pointers 330.326ms
[794.926s][info][gc,phases,start] GC(2512) Compaction Phase
[795.058s][info][gc,phases      ] GC(2512) Compaction Phase 132.486ms
[795.059s][info][gc,phases,start] GC(2512) Post Compact
[795.061s][info][gc,phases      ] GC(2512) Post Compact 2.206ms
[795.061s][info][gc,heap        ] GC(2512) PSYoungGen: 111616K(222720K)->24875K(222720K) Eden: 111616K(111616K)->24875K(111616K) From: 0K(111104K)->0K(111104K)
[795.061s][info][gc,heap        ] GC(2512) ParOldGen: 667635K(667648K)->667635K(667648K)
[795.061s][info][gc,metaspace   ] GC(2512) Metaspace: 19080K(19200K)->19080K(19200K) NonClass: 17251K(17344K)->17251K(17344K) Class: 1829K(1856K)->1829K(1856K)
[795.061s][info][gc             ] GC(2512) Pause Full (Allocation Failure) 760M->676M(869M) 961.775ms
[795.061s][info][gc,cpu         ] GC(2512) User=1.88s Sys=0.00s Real=0.96s
[795.124s][info][gc,start       ] GC(2513) Pause Full (Allocation Failure)
[795.124s][info][gc,phases,start] GC(2513) Marking Phase
[795.602s][info][gc,phases      ] GC(2513) Marking Phase 478.540ms
[795.602s][info][gc,phases,start] GC(2513) Summary Phase
[795.602s][info][gc,phases      ] GC(2513) Summary Phase 0.024ms
[795.602s][info][gc,phases,start] GC(2513) Forward
[795.613s][info][gc,phases      ] GC(2513) Forward 10.469ms
[795.613s][info][gc,phases,start] GC(2513) Adjust Pointers
[795.940s][info][gc,phases      ] GC(2513) Adjust Pointers 327.362ms
[795.940s][info][gc,phases,start] GC(2513) Compaction Phase
[796.073s][info][gc,phases      ] GC(2513) Compaction Phase 132.541ms
[796.073s][info][gc,phases,start] GC(2513) Post Compact
[796.075s][info][gc,phases      ] GC(2513) Post Compact 2.198ms
[796.075s][info][gc,heap        ] GC(2513) PSYoungGen: 111616K(222720K)->25493K(222720K) Eden: 111616K(111616K)->25493K(111616K) From: 0K(111104K)->0K(111104K)
[796.075s][info][gc,heap        ] GC(2513) ParOldGen: 667635K(667648K)->667635K(667648K)
[796.075s][info][gc,metaspace   ] GC(2513) Metaspace: 19080K(19200K)->19080K(19200K) NonClass: 17251K(17344K)->17251K(17344K) Class: 1829K(1856K)->1829K(1856K)
[796.075s][info][gc             ] GC(2513) Pause Full (Allocation Failure) 760M->676M(869M) 951.567ms
[796.075s][info][gc,cpu         ] GC(2513) User=1.86s Sys=0.00s Real=0.95s
[796.137s][info][gc,start       ] GC(2514) Pause Full (Allocation Failure)
[796.137s][info][gc,phases,start] GC(2514) Marking Phase
[796.630s][info][gc,phases      ] GC(2514) Marking Phase 493.277ms
[796.630s][info][gc,phases,start] GC(2514) Summary Phase
[796.630s][info][gc,phases      ] GC(2514) Summary Phase 0.026ms
[796.630s][info][gc,phases,start] GC(2514) Forward
[796.641s][info][gc,phases      ] GC(2514) Forward 10.484ms
[796.641s][info][gc,phases,start] GC(2514) Adjust Pointers
[796.975s][info][gc,phases      ] GC(2514) Adjust Pointers 333.978ms
[796.975s][info][gc,phases,start] GC(2514) Compaction Phase
[797.108s][info][gc,phases      ] GC(2514) Compaction Phase 133.472ms
[797.109s][info][gc,phases,start] GC(2514) Post Compact
[797.111s][info][gc,phases      ] GC(2514) Post Compact 2.299ms
[797.111s][info][gc,heap        ] GC(2514) PSYoungGen: 111616K(222720K)->26307K(222720K) Eden: 111616K(111616K)->26307K(111616K) From: 0K(111104K)->0K(111104K)
[797.111s][info][gc,heap        ] GC(2514) ParOldGen: 667635K(667648K)->667635K(667648K)
[797.111s][info][gc,metaspace   ] GC(2514) Metaspace: 19080K(19200K)->19080K(19200K) NonClass: 17251K(17344K)->17251K(17344K) Class: 1829K(1856K)->1829K(1856K)
[797.111s][info][gc             ] GC(2514) Pause Full (Allocation Failure) 760M->677M(869M) 973.996ms
[797.111s][info][gc,cpu         ] GC(2514) User=1.89s Sys=0.01s Real=0.97s
[797.288s][info][gc,start       ] GC(2515) Pause Full (Allocation Failure)
[797.288s][info][gc,phases,start] GC(2515) Marking Phase
[797.794s][info][gc,phases      ] GC(2515) Marking Phase 506.293ms
[797.794s][info][gc,phases,start] GC(2515) Summary Phase
[797.794s][info][gc,phases      ] GC(2515) Summary Phase 0.027ms
[797.794s][info][gc,phases,start] GC(2515) Forward
[797.919s][info][gc,phases      ] GC(2515) Forward 124.786ms
[797.919s][info][gc,phases,start] GC(2515) Adjust Pointers
[798.311s][info][gc,phases      ] GC(2515) Adjust Pointers 392.393ms
[798.311s][info][gc,phases,start] GC(2515) Compaction Phase
[798.501s][info][gc,phases      ] GC(2515) Compaction Phase 189.389ms
[798.518s][info][gc,phases,start] GC(2515) Post Compact
[798.520s][info][gc,phases      ] GC(2515) Post Compact 2.281ms
[798.520s][info][gc,heap        ] GC(2515) PSYoungGen: 111616K(222720K)->35391K(222720K) Eden: 111616K(111616K)->35391K(111616K) From: 0K(111104K)->0K(111104K)
[798.520s][info][gc,heap        ] GC(2515) ParOldGen: 667635K(667648K)->667506K(667648K)
[798.520s][info][gc,metaspace   ] GC(2515) Metaspace: 19083K(19200K)->19083K(19200K) NonClass: 17254K(17344K)->17254K(17344K) Class: 1829K(1856K)->1829K(1856K)
[798.520s][info][gc             ] GC(2515) Pause Full (Allocation Failure) 760M->686M(869M) 1232.639ms
[798.520s][info][gc,cpu         ] GC(2515) User=2.41s Sys=0.00s Real=1.23s
[798.701s][info][gc,start       ] GC(2516) Pause Full (Allocation Failure)
[798.701s][info][gc,phases,start] GC(2516) Marking Phase
[799.213s][info][gc,phases      ] GC(2516) Marking Phase 512.201ms
[799.213s][info][gc,phases,start] GC(2516) Summary Phase
[799.213s][info][gc,phases      ] GC(2516) Summary Phase 0.025ms
[799.213s][info][gc,phases,start] GC(2516) Forward
[799.273s][info][gc,phases      ] GC(2516) Forward 59.887ms
[799.273s][info][gc,phases,start] GC(2516) Adjust Pointers
[799.631s][info][gc,phases      ] GC(2516) Adjust Pointers 358.529ms
[799.631s][info][gc,phases,start] GC(2516) Compaction Phase
[799.783s][info][gc,phases      ] GC(2516) Compaction Phase 150.990ms
[799.786s][info][gc,phases,start] GC(2516) Post Compact
[799.788s][info][gc,phases      ] GC(2516) Post Compact 2.240ms
[799.788s][info][gc,heap        ] GC(2516) PSYoungGen: 111616K(222720K)->43284K(222720K) Eden: 111616K(111616K)->43284K(111616K) From: 0K(111104K)->0K(111104K)
[799.788s][info][gc,heap        ] GC(2516) ParOldGen: 667506K(667648K)->667506K(667648K)
[799.788s][info][gc,metaspace   ] GC(2516) Metaspace: 19083K(19200K)->19083K(19200K) NonClass: 17254K(17344K)->17254K(17344K) Class: 1829K(1856K)->1829K(1856K)
[799.788s][info][gc             ] GC(2516) Pause Full (Allocation Failure) 760M->694M(869M) 1087.417ms
[799.788s][info][gc,cpu         ] GC(2516) User=2.11s Sys=0.00s Real=1.09s
[799.867s][info][gc,start       ] GC(2517) Pause Full (Allocation Failure)
[799.867s][info][gc,phases,start] GC(2517) Marking Phase
[800.379s][info][gc,phases      ] GC(2517) Marking Phase 512.621ms
[800.379s][info][gc,phases,start] GC(2517) Summary Phase
[800.379s][info][gc,phases      ] GC(2517) Summary Phase 0.027ms
[800.379s][info][gc,phases,start] GC(2517) Forward
[800.476s][info][gc,phases      ] GC(2517) Forward 96.251ms
[800.476s][info][gc,phases,start] GC(2517) Adjust Pointers
[800.872s][info][gc,phases      ] GC(2517) Adjust Pointers 396.245ms
[800.872s][info][gc,phases,start] GC(2517) Compaction Phase
[801.035s][info][gc,phases      ] GC(2517) Compaction Phase 162.692ms
[801.050s][info][gc,phases,start] GC(2517) Post Compact
[801.052s][info][gc,phases      ] GC(2517) Post Compact 2.231ms
[801.052s][info][gc,heap        ] GC(2517) PSYoungGen: 111616K(222720K)->55316K(222720K) Eden: 111616K(111616K)->55316K(111616K) From: 0K(111104K)->0K(111104K)
[801.052s][info][gc,heap        ] GC(2517) ParOldGen: 667506K(667648K)->667506K(667648K)
[801.052s][info][gc,metaspace   ] GC(2517) Metaspace: 19083K(19200K)->19083K(19200K) NonClass: 17254K(17344K)->17254K(17344K) Class: 1829K(1856K)->1829K(1856K)
[801.052s][info][gc             ] GC(2517) Pause Full (Allocation Failure) 760M->705M(869M) 1185.565ms
[801.052s][info][gc,cpu         ] GC(2517) User=2.31s Sys=0.00s Real=1.18s
[801.114s][info][gc,start       ] GC(2518) Pause Full (Allocation Failure)
[801.114s][info][gc,phases,start] GC(2518) Marking Phase
[801.648s][info][gc,phases      ] GC(2518) Marking Phase 534.397ms
[801.648s][info][gc,phases,start] GC(2518) Summary Phase
[801.648s][info][gc,phases      ] GC(2518) Summary Phase 0.024ms
[801.648s][info][gc,phases,start] GC(2518) Forward
[801.671s][info][gc,phases      ] GC(2518) Forward 23.247ms
[801.671s][info][gc,phases,start] GC(2518) Adjust Pointers
[802.035s][info][gc,phases      ] GC(2518) Adjust Pointers 363.734ms
[802.035s][info][gc,phases,start] GC(2518) Compaction Phase
[802.179s][info][gc,phases      ] GC(2518) Compaction Phase 144.120ms
[802.180s][info][gc,phases,start] GC(2518) Post Compact
[802.182s][info][gc,phases      ] GC(2518) Post Compact 2.224ms
[802.182s][info][gc,heap        ] GC(2518) PSYoungGen: 111616K(222720K)->66336K(222720K) Eden: 111616K(111616K)->66336K(111616K) From: 0K(111104K)->0K(111104K)
[802.182s][info][gc,heap        ] GC(2518) ParOldGen: 667506K(667648K)->667506K(667648K)
[802.182s][info][gc,metaspace   ] GC(2518) Metaspace: 19083K(19200K)->19083K(19200K) NonClass: 17254K(17344K)->17254K(17344K) Class: 1829K(1856K)->1829K(1856K)
[802.182s][info][gc             ] GC(2518) Pause Full (Allocation Failure) 760M->716M(869M) 1068.173ms
[802.182s][info][gc,cpu         ] GC(2518) User=2.08s Sys=0.01s Real=1.07s
[802.236s][info][gc,start       ] GC(2519) Pause Full (Allocation Failure)
[802.236s][info][gc,phases,start] GC(2519) Marking Phase
[802.769s][info][gc,phases      ] GC(2519) Marking Phase 532.521ms
[802.769s][info][gc,phases,start] GC(2519) Summary Phase
[802.769s][info][gc,phases      ] GC(2519) Summary Phase 0.025ms
[802.769s][info][gc,phases,start] GC(2519) Forward
[802.791s][info][gc,phases      ] GC(2519) Forward 22.284ms
[802.791s][info][gc,phases,start] GC(2519) Adjust Pointers
[803.146s][info][gc,phases      ] GC(2519) Adjust Pointers 354.585ms
[803.146s][info][gc,phases,start] GC(2519) Compaction Phase
[803.293s][info][gc,phases      ] GC(2519) Compaction Phase 146.863ms
[803.293s][info][gc,phases,start] GC(2519) Post Compact
[803.295s][info][gc,phases      ] GC(2519) Post Compact 2.242ms
[803.295s][info][gc,heap        ] GC(2519) PSYoungGen: 111616K(222720K)->69188K(222720K) Eden: 111616K(111616K)->69188K(111616K) From: 0K(111104K)->0K(111104K)
[803.295s][info][gc,heap        ] GC(2519) ParOldGen: 667506K(667648K)->667506K(667648K)
[803.295s][info][gc,metaspace   ] GC(2519) Metaspace: 19083K(19200K)->19083K(19200K) NonClass: 17254K(17344K)->17254K(17344K) Class: 1829K(1856K)->1829K(1856K)
[803.295s][info][gc             ] GC(2519) Pause Full (Allocation Failure) 760M->719M(869M) 1059.026ms
[803.295s][info][gc,cpu         ] GC(2519) User=2.06s Sys=0.00s Real=1.06s
[803.349s][info][gc,start       ] GC(2520) Pause Full (Allocation Failure)
[803.349s][info][gc,phases,start] GC(2520) Marking Phase
[803.903s][info][gc,phases      ] GC(2520) Marking Phase 553.855ms
[803.903s][info][gc,phases,start] GC(2520) Summary Phase
[803.903s][info][gc,phases      ] GC(2520) Summary Phase 0.028ms
[803.903s][info][gc,phases,start] GC(2520) Forward
[803.926s][info][gc,phases      ] GC(2520) Forward 23.545ms
[803.926s][info][gc,phases,start] GC(2520) Adjust Pointers
[804.292s][info][gc,phases      ] GC(2520) Adjust Pointers 365.371ms
[804.292s][info][gc,phases,start] GC(2520) Compaction Phase
[804.444s][info][gc,phases      ] GC(2520) Compaction Phase 152.603ms
[804.445s][info][gc,phases,start] GC(2520) Post Compact
[804.447s][info][gc,phases      ] GC(2520) Post Compact 2.206ms
[804.447s][info][gc,heap        ] GC(2520) PSYoungGen: 111616K(222720K)->77544K(222720K) Eden: 111616K(111616K)->77544K(111616K) From: 0K(111104K)->0K(111104K)
[804.447s][info][gc,heap        ] GC(2520) ParOldGen: 667506K(667648K)->667506K(667648K)
[804.447s][info][gc,metaspace   ] GC(2520) Metaspace: 19083K(19200K)->19083K(19200K) NonClass: 17254K(17344K)->17254K(17344K) Class: 1829K(1856K)->1829K(1856K)
[804.447s][info][gc             ] GC(2520) Pause Full (Allocation Failure) 760M->727M(869M) 1098.049ms
[804.447s][info][gc,cpu         ] GC(2520) User=2.14s Sys=0.00s Real=1.10s
[804.489s][info][gc,start       ] GC(2521) Pause Full (Allocation Failure)
[804.489s][info][gc,phases,start] GC(2521) Marking Phase
[805.037s][info][gc,phases      ] GC(2521) Marking Phase 548.040ms
[805.038s][info][gc,phases,start] GC(2521) Summary Phase
[805.038s][info][gc,phases      ] GC(2521) Summary Phase 0.023ms
[805.038s][info][gc,phases,start] GC(2521) Forward
[805.060s][info][gc,phases      ] GC(2521) Forward 22.918ms
[805.061s][info][gc,phases,start] GC(2521) Adjust Pointers
[805.436s][info][gc,phases      ] GC(2521) Adjust Pointers 375.275ms
[805.436s][info][gc,phases,start] GC(2521) Compaction Phase
[805.589s][info][gc,phases      ] GC(2521) Compaction Phase 153.495ms
[805.589s][info][gc,phases,start] GC(2521) Post Compact
[805.592s][info][gc,phases      ] GC(2521) Post Compact 2.232ms
[805.592s][info][gc,heap        ] GC(2521) PSYoungGen: 111616K(222720K)->80988K(222720K) Eden: 111616K(111616K)->80988K(111616K) From: 0K(111104K)->0K(111104K)
[805.592s][info][gc,heap        ] GC(2521) ParOldGen: 667506K(667648K)->667506K(667648K)
[805.592s][info][gc,metaspace   ] GC(2521) Metaspace: 19083K(19200K)->19083K(19200K) NonClass: 17254K(17344K)->17254K(17344K) Class: 1829K(1856K)->1829K(1856K)
[805.592s][info][gc             ] GC(2521) Pause Full (Allocation Failure) 760M->730M(869M) 1102.372ms
[805.592s][info][gc,cpu         ] GC(2521) User=2.15s Sys=0.00s Real=1.10s
[805.606s][info][gc,start       ] GC(2522) Pause Full (Allocation Failure)
[805.606s][info][gc,phases,start] GC(2522) Marking Phase
[806.184s][info][gc,phases      ] GC(2522) Marking Phase 578.506ms
[806.184s][info][gc,phases,start] GC(2522) Summary Phase
[806.185s][info][gc,phases      ] GC(2522) Summary Phase 0.026ms
[806.185s][info][gc,phases,start] GC(2522) Forward
[806.208s][info][gc,phases      ] GC(2522) Forward 23.708ms
[806.208s][info][gc,phases,start] GC(2522) Adjust Pointers
[806.594s][info][gc,phases      ] GC(2522) Adjust Pointers 385.329ms
[806.594s][info][gc,phases,start] GC(2522) Compaction Phase
[806.747s][info][gc,phases      ] GC(2522) Compaction Phase 152.929ms
[806.747s][info][gc,phases,start] GC(2522) Post Compact
[806.749s][info][gc,phases      ] GC(2522) Post Compact 2.213ms
[806.749s][info][gc,heap        ] GC(2522) PSYoungGen: 111616K(222720K)->81067K(222720K) Eden: 111616K(111616K)->81067K(111616K) From: 0K(111104K)->0K(111104K)
[806.749s][info][gc,heap        ] GC(2522) ParOldGen: 667506K(667648K)->667506K(667648K)
[806.749s][info][gc,metaspace   ] GC(2522) Metaspace: 19083K(19200K)->19083K(19200K) NonClass: 17254K(17344K)->17254K(17344K) Class: 1829K(1856K)->1829K(1856K)
[806.749s][info][gc             ] GC(2522) Pause Full (Allocation Failure) 760M->731M(869M) 1143.182ms
[806.749s][info][gc,cpu         ] GC(2522) User=2.23s Sys=0.00s Real=1.15s
[806.767s][info][gc,start       ] GC(2523) Pause Full (Allocation Failure)
[806.767s][info][gc,phases,start] GC(2523) Marking Phase
[807.309s][info][gc,phases      ] GC(2523) Marking Phase 542.193ms
[807.309s][info][gc,phases,start] GC(2523) Summary Phase
[807.309s][info][gc,phases      ] GC(2523) Summary Phase 0.024ms
[807.310s][info][gc,phases,start] GC(2523) Forward
[807.332s][info][gc,phases      ] GC(2523) Forward 22.592ms
[807.332s][info][gc,phases,start] GC(2523) Adjust Pointers
[807.737s][info][gc,phases      ] GC(2523) Adjust Pointers 404.481ms
[807.737s][info][gc,phases,start] GC(2523) Compaction Phase
[807.893s][info][gc,phases      ] GC(2523) Compaction Phase 156.542ms
[807.893s][info][gc,phases,start] GC(2523) Post Compact
[807.896s][info][gc,phases      ] GC(2523) Post Compact 2.253ms
[807.896s][info][gc,heap        ] GC(2523) PSYoungGen: 111616K(222720K)->81029K(222720K) Eden: 111616K(111616K)->81029K(111616K) From: 0K(111104K)->0K(111104K)
[807.896s][info][gc,heap        ] GC(2523) ParOldGen: 667506K(667648K)->667506K(667648K)
[807.896s][info][gc,metaspace   ] GC(2523) Metaspace: 19083K(19200K)->19083K(19200K) NonClass: 17254K(17344K)->17254K(17344K) Class: 1829K(1856K)->1829K(1856K)
[807.896s][info][gc             ] GC(2523) Pause Full (Allocation Failure) 760M->730M(869M) 1128.523ms
[807.896s][info][gc,cpu         ] GC(2523) User=2.21s Sys=0.00s Real=1.12s
[807.922s][info][gc,start       ] GC(2524) Pause Full (Allocation Failure)
[807.922s][info][gc,phases,start] GC(2524) Marking Phase
[808.519s][info][gc,phases      ] GC(2524) Marking Phase 597.002ms
[808.519s][info][gc,phases,start] GC(2524) Summary Phase
[808.519s][info][gc,phases      ] GC(2524) Summary Phase 0.027ms
[808.519s][info][gc,phases,start] GC(2524) Forward
[808.544s][info][gc,phases      ] GC(2524) Forward 24.588ms
[808.544s][info][gc,phases,start] GC(2524) Adjust Pointers
[808.943s][info][gc,phases      ] GC(2524) Adjust Pointers 399.476ms
[808.943s][info][gc,phases,start] GC(2524) Compaction Phase
[809.100s][info][gc,phases      ] GC(2524) Compaction Phase 157.282ms
[809.101s][info][gc,phases,start] GC(2524) Post Compact
[809.103s][info][gc,phases      ] GC(2524) Post Compact 2.302ms
[809.103s][info][gc,heap        ] GC(2524) PSYoungGen: 111616K(222720K)->81591K(222720K) Eden: 111616K(111616K)->81591K(111616K) From: 0K(111104K)->0K(111104K)
[809.103s][info][gc,heap        ] GC(2524) ParOldGen: 667506K(667648K)->667506K(667648K)
[809.103s][info][gc,metaspace   ] GC(2524) Metaspace: 19083K(19200K)->19083K(19200K) NonClass: 17254K(17344K)->17254K(17344K) Class: 1829K(1856K)->1829K(1856K)
[809.103s][info][gc             ] GC(2524) Pause Full (Allocation Failure) 760M->731M(869M) 1181.153ms
[809.103s][info][gc,cpu         ] GC(2524) User=2.30s Sys=0.00s Real=1.18s
[809.141s][info][gc,start       ] GC(2525) Pause Full (Allocation Failure)
[809.141s][info][gc,phases,start] GC(2525) Marking Phase
[809.703s][info][gc,phases      ] GC(2525) Marking Phase 561.641ms
[809.703s][info][gc,phases,start] GC(2525) Summary Phase
[809.703s][info][gc,phases      ] GC(2525) Summary Phase 0.022ms
[809.703s][info][gc,phases,start] GC(2525) Forward
[809.726s][info][gc,phases      ] GC(2525) Forward 22.621ms
[809.726s][info][gc,phases,start] GC(2525) Adjust Pointers
[810.089s][info][gc,phases      ] GC(2525) Adjust Pointers 362.923ms
[810.089s][info][gc,phases,start] GC(2525) Compaction Phase
[810.233s][info][gc,phases      ] GC(2525) Compaction Phase 144.061ms
[810.233s][info][gc,phases,start] GC(2525) Post Compact
[810.235s][info][gc,phases      ] GC(2525) Post Compact 2.198ms
[810.235s][info][gc,heap        ] GC(2525) PSYoungGen: 111616K(222720K)->83510K(222720K) Eden: 111616K(111616K)->83510K(111616K) From: 0K(111104K)->0K(111104K)
[810.235s][info][gc,heap        ] GC(2525) ParOldGen: 667506K(667648K)->667506K(667648K)
[810.235s][info][gc,metaspace   ] GC(2525) Metaspace: 19083K(19200K)->19083K(19200K) NonClass: 17254K(17344K)->17254K(17344K) Class: 1829K(1856K)->1829K(1856K)
[810.235s][info][gc             ] GC(2525) Pause Full (Allocation Failure) 760M->733M(869M) 1093.944ms
[810.235s][info][gc,cpu         ] GC(2525) User=2.14s Sys=0.00s Real=1.09s
[810.269s][info][gc,start       ] GC(2526) Pause Full (Allocation Failure)
[810.269s][info][gc,phases,start] GC(2526) Marking Phase
[810.824s][info][gc,phases      ] GC(2526) Marking Phase 555.231ms
[810.824s][info][gc,phases,start] GC(2526) Summary Phase
[810.824s][info][gc,phases      ] GC(2526) Summary Phase 0.024ms
[810.824s][info][gc,phases,start] GC(2526) Forward
[810.848s][info][gc,phases      ] GC(2526) Forward 24.010ms
[810.848s][info][gc,phases,start] GC(2526) Adjust Pointers
[811.229s][info][gc,phases      ] GC(2526) Adjust Pointers 380.842ms
[811.229s][info][gc,phases,start] GC(2526) Compaction Phase
[811.385s][info][gc,phases      ] GC(2526) Compaction Phase 155.636ms
[811.385s][info][gc,phases,start] GC(2526) Post Compact
[811.387s][info][gc,phases      ] GC(2526) Post Compact 2.249ms
[811.387s][info][gc,heap        ] GC(2526) PSYoungGen: 111616K(222720K)->83509K(222720K) Eden: 111616K(111616K)->83509K(111616K) From: 0K(111104K)->0K(111104K)
[811.387s][info][gc,heap        ] GC(2526) ParOldGen: 667506K(667648K)->667506K(667648K)
[811.387s][info][gc,metaspace   ] GC(2526) Metaspace: 19083K(19200K)->19083K(19200K) NonClass: 17254K(17344K)->17254K(17344K) Class: 1829K(1856K)->1829K(1856K)
[811.387s][info][gc             ] GC(2526) Pause Full (Allocation Failure) 760M->733M(869M) 1118.428ms
[811.387s][info][gc,cpu         ] GC(2526) User=2.19s Sys=0.00s Real=1.12s
[811.420s][info][gc,start       ] GC(2527) Pause Full (Allocation Failure)
[811.420s][info][gc,phases,start] GC(2527) Marking Phase
[811.990s][info][gc,phases      ] GC(2527) Marking Phase 570.177ms
[811.990s][info][gc,phases,start] GC(2527) Summary Phase
[811.990s][info][gc,phases      ] GC(2527) Summary Phase 0.025ms
[811.990s][info][gc,phases,start] GC(2527) Forward
[812.013s][info][gc,phases      ] GC(2527) Forward 23.127ms
[812.013s][info][gc,phases,start] GC(2527) Adjust Pointers
[812.386s][info][gc,phases      ] GC(2527) Adjust Pointers 373.265ms
[812.387s][info][gc,phases,start] GC(2527) Compaction Phase
[812.532s][info][gc,phases      ] GC(2527) Compaction Phase 145.797ms
[812.532s][info][gc,phases,start] GC(2527) Post Compact
[812.535s][info][gc,phases      ] GC(2527) Post Compact 2.219ms
[812.535s][info][gc,heap        ] GC(2527) PSYoungGen: 111616K(222720K)->83510K(222720K) Eden: 111616K(111616K)->83510K(111616K) From: 0K(111104K)->0K(111104K)
[812.535s][info][gc,heap        ] GC(2527) ParOldGen: 667506K(667648K)->667506K(667648K)
[812.535s][info][gc,metaspace   ] GC(2527) Metaspace: 19083K(19200K)->19083K(19200K) NonClass: 17254K(17344K)->17254K(17344K) Class: 1829K(1856K)->1829K(1856K)
[812.535s][info][gc             ] GC(2527) Pause Full (Allocation Failure) 760M->733M(869M) 1115.054ms
[812.535s][info][gc,cpu         ] GC(2527) User=2.18s Sys=0.01s Real=1.11s
[812.565s][info][gc,start       ] GC(2528) Pause Full (Allocation Failure)
[812.565s][info][gc,phases,start] GC(2528) Marking Phase
[813.129s][info][gc,phases      ] GC(2528) Marking Phase 563.642ms
[813.129s][info][gc,phases,start] GC(2528) Summary Phase
[813.129s][info][gc,phases      ] GC(2528) Summary Phase 0.024ms
[813.129s][info][gc,phases,start] GC(2528) Forward
[813.153s][info][gc,phases      ] GC(2528) Forward 23.837ms
[813.153s][info][gc,phases,start] GC(2528) Adjust Pointers
[813.534s][info][gc,phases      ] GC(2528) Adjust Pointers 381.442ms
[813.534s][info][gc,phases,start] GC(2528) Compaction Phase
[813.691s][info][gc,phases      ] GC(2528) Compaction Phase 156.336ms
[813.691s][info][gc,phases,start] GC(2528) Post Compact
[813.693s][info][gc,phases      ] GC(2528) Post Compact 2.349ms
[813.693s][info][gc,heap        ] GC(2528) PSYoungGen: 111616K(222720K)->83855K(222720K) Eden: 111616K(111616K)->83855K(111616K) From: 0K(111104K)->0K(111104K)
[813.693s][info][gc,heap        ] GC(2528) ParOldGen: 667506K(667648K)->667506K(667648K)
[813.693s][info][gc,metaspace   ] GC(2528) Metaspace: 19083K(19200K)->19083K(19200K) NonClass: 17254K(17344K)->17254K(17344K) Class: 1829K(1856K)->1829K(1856K)
[813.693s][info][gc             ] GC(2528) Pause Full (Allocation Failure) 760M->733M(869M) 1128.035ms
[813.693s][info][gc,cpu         ] GC(2528) User=2.21s Sys=0.00s Real=1.13s
[813.722s][info][gc,start       ] GC(2529) Pause Full (Allocation Failure)
[813.722s][info][gc,phases,start] GC(2529) Marking Phase
[814.305s][info][gc,phases      ] GC(2529) Marking Phase 582.480ms
[814.305s][info][gc,phases,start] GC(2529) Summary Phase
[814.305s][info][gc,phases      ] GC(2529) Summary Phase 0.026ms
[814.305s][info][gc,phases,start] GC(2529) Forward
[814.329s][info][gc,phases      ] GC(2529) Forward 24.017ms
[814.329s][info][gc,phases,start] GC(2529) Adjust Pointers
[814.715s][info][gc,phases      ] GC(2529) Adjust Pointers 386.034ms
[814.715s][info][gc,phases,start] GC(2529) Compaction Phase
[814.872s][info][gc,phases      ] GC(2529) Compaction Phase 156.701ms
[814.872s][info][gc,phases,start] GC(2529) Post Compact
[814.874s][info][gc,phases      ] GC(2529) Post Compact 2.255ms
[814.874s][info][gc,heap        ] GC(2529) PSYoungGen: 111616K(222720K)->83859K(222720K) Eden: 111616K(111616K)->83859K(111616K) From: 0K(111104K)->0K(111104K)
[814.874s][info][gc,heap        ] GC(2529) ParOldGen: 667506K(667648K)->667506K(667648K)
[814.874s][info][gc,metaspace   ] GC(2529) Metaspace: 19083K(19200K)->19083K(19200K) NonClass: 17254K(17344K)->17254K(17344K) Class: 1829K(1856K)->1829K(1856K)
[814.874s][info][gc             ] GC(2529) Pause Full (Allocation Failure) 760M->733M(869M) 1151.945ms
[814.874s][info][gc,cpu         ] GC(2529) User=2.26s Sys=0.00s Real=1.15s
[814.927s][info][gc,start       ] GC(2530) Pause Full (Allocation Failure)
[814.927s][info][gc,phases,start] GC(2530) Marking Phase
[815.523s][info][gc,phases      ] GC(2530) Marking Phase 595.857ms
[815.523s][info][gc,phases,start] GC(2530) Summary Phase
[815.523s][info][gc,phases      ] GC(2530) Summary Phase 0.026ms
[815.523s][info][gc,phases,start] GC(2530) Forward
[815.547s][info][gc,phases      ] GC(2530) Forward 24.205ms
[815.547s][info][gc,phases,start] GC(2530) Adjust Pointers
[815.935s][info][gc,phases      ] GC(2530) Adjust Pointers 387.527ms
[815.935s][info][gc,phases,start] GC(2530) Compaction Phase
[816.093s][info][gc,phases      ] GC(2530) Compaction Phase 157.955ms
[816.093s][info][gc,phases,start] GC(2530) Post Compact
[816.095s][info][gc,phases      ] GC(2530) Post Compact 2.261ms
[816.095s][info][gc,heap        ] GC(2530) PSYoungGen: 111616K(222720K)->86419K(222720K) Eden: 111616K(111616K)->86419K(111616K) From: 0K(111104K)->0K(111104K)
[816.095s][info][gc,heap        ] GC(2530) ParOldGen: 667506K(667648K)->667506K(667648K)
[816.095s][info][gc,metaspace   ] GC(2530) Metaspace: 19083K(19200K)->19083K(19200K) NonClass: 17254K(17344K)->17254K(17344K) Class: 1829K(1856K)->1829K(1856K)
[816.095s][info][gc             ] GC(2530) Pause Full (Allocation Failure) 760M->736M(869M) 1168.278ms
[816.095s][info][gc,cpu         ] GC(2530) User=2.29s Sys=0.00s Real=1.16s
[816.134s][info][gc,start       ] GC(2531) Pause Full (Allocation Failure)
[816.134s][info][gc,phases,start] GC(2531) Marking Phase
[816.724s][info][gc,phases      ] GC(2531) Marking Phase 589.916ms
[816.724s][info][gc,phases,start] GC(2531) Summary Phase
[816.724s][info][gc,phases      ] GC(2531) Summary Phase 0.025ms
[816.724s][info][gc,phases,start] GC(2531) Forward
[816.748s][info][gc,phases      ] GC(2531) Forward 23.839ms
[816.748s][info][gc,phases,start] GC(2531) Adjust Pointers
[817.138s][info][gc,phases      ] GC(2531) Adjust Pointers 390.152ms
[817.138s][info][gc,phases,start] GC(2531) Compaction Phase
[817.297s][info][gc,phases      ] GC(2531) Compaction Phase 158.459ms
[817.297s][info][gc,phases,start] GC(2531) Post Compact
[817.299s][info][gc,phases      ] GC(2531) Post Compact 2.298ms
[817.299s][info][gc,heap        ] GC(2531) PSYoungGen: 111616K(222720K)->86650K(222720K) Eden: 111616K(111616K)->86650K(111616K) From: 0K(111104K)->0K(111104K)
[817.299s][info][gc,heap        ] GC(2531) ParOldGen: 667506K(667648K)->667506K(667648K)
[817.299s][info][gc,metaspace   ] GC(2531) Metaspace: 19084K(19200K)->19084K(19200K) NonClass: 17255K(17344K)->17255K(17344K) Class: 1829K(1856K)->1829K(1856K)
[817.299s][info][gc             ] GC(2531) Pause Full (Allocation Failure) 760M->736M(869M) 1165.138ms
[817.299s][info][gc,cpu         ] GC(2531) User=2.27s Sys=0.00s Real=1.17s
[817.320s][info][gc,start       ] GC(2532) Pause Full (Allocation Failure)
[817.320s][info][gc,phases,start] GC(2532) Marking Phase
[817.923s][info][gc,phases      ] GC(2532) Marking Phase 602.821ms
[817.923s][info][gc,phases,start] GC(2532) Summary Phase
[817.923s][info][gc,phases      ] GC(2532) Summary Phase 0.025ms
[817.923s][info][gc,phases,start] GC(2532) Forward
[817.947s][info][gc,phases      ] GC(2532) Forward 23.933ms
[817.947s][info][gc,phases,start] GC(2532) Adjust Pointers
[818.336s][info][gc,phases      ] GC(2532) Adjust Pointers 389.364ms
[818.336s][info][gc,phases,start] GC(2532) Compaction Phase
[818.494s][info][gc,phases      ] GC(2532) Compaction Phase 157.907ms
[818.494s][info][gc,phases,start] GC(2532) Post Compact
[818.497s][info][gc,phases      ] GC(2532) Post Compact 2.266ms
[818.497s][info][gc,heap        ] GC(2532) PSYoungGen: 111616K(222720K)->86653K(222720K) Eden: 111616K(111616K)->86653K(111616K) From: 0K(111104K)->0K(111104K)
[818.497s][info][gc,heap        ] GC(2532) ParOldGen: 667506K(667648K)->667506K(667648K)
[818.497s][info][gc,metaspace   ] GC(2532) Metaspace: 19084K(19200K)->19084K(19200K) NonClass: 17255K(17344K)->17255K(17344K) Class: 1829K(1856K)->1829K(1856K)
[818.497s][info][gc             ] GC(2532) Pause Full (Allocation Failure) 760M->736M(869M) 1176.805ms
[818.497s][info][gc,cpu         ] GC(2532) User=2.30s Sys=0.00s Real=1.18s
[818.520s][info][gc,start       ] GC(2533) Pause Full (Allocation Failure)
[818.520s][info][gc,phases,start] GC(2533) Marking Phase
[819.101s][info][gc,phases      ] GC(2533) Marking Phase 580.436ms
[819.101s][info][gc,phases,start] GC(2533) Summary Phase
[819.101s][info][gc,phases      ] GC(2533) Summary Phase 0.034ms
[819.101s][info][gc,phases,start] GC(2533) Forward
[819.124s][info][gc,phases      ] GC(2533) Forward 23.380ms
[819.124s][info][gc,phases,start] GC(2533) Adjust Pointers
[819.512s][info][gc,phases      ] GC(2533) Adjust Pointers 387.985ms
[819.512s][info][gc,phases,start] GC(2533) Compaction Phase
[819.667s][info][gc,phases      ] GC(2533) Compaction Phase 154.450ms
[819.667s][info][gc,phases,start] GC(2533) Post Compact
[819.669s][info][gc,phases      ] GC(2533) Post Compact 2.204ms
[819.669s][info][gc,heap        ] GC(2533) PSYoungGen: 111616K(222720K)->86731K(222720K) Eden: 111616K(111616K)->86731K(111616K) From: 0K(111104K)->0K(111104K)
[819.669s][info][gc,heap        ] GC(2533) ParOldGen: 667506K(667648K)->667506K(667648K)
[819.669s][info][gc,metaspace   ] GC(2533) Metaspace: 19084K(19200K)->19084K(19200K) NonClass: 17255K(17344K)->17255K(17344K) Class: 1829K(1856K)->1829K(1856K)
[819.669s][info][gc             ] GC(2533) Pause Full (Allocation Failure) 760M->736M(869M) 1148.900ms
[819.669s][info][gc,cpu         ] GC(2533) User=2.25s Sys=0.00s Real=1.15s
[819.697s][info][gc,start       ] GC(2534) Pause Full (Allocation Failure)
[819.697s][info][gc,phases,start] GC(2534) Marking Phase
[820.261s][info][gc,phases      ] GC(2534) Marking Phase 563.874ms
[820.261s][info][gc,phases,start] GC(2534) Summary Phase
[820.261s][info][gc,phases      ] GC(2534) Summary Phase 0.026ms
[820.261s][info][gc,phases,start] GC(2534) Forward
[820.401s][info][gc,phases      ] GC(2534) Forward 139.664ms
[820.401s][info][gc,phases,start] GC(2534) Adjust Pointers
[820.841s][info][gc,phases      ] GC(2534) Adjust Pointers 440.190ms
[820.841s][info][gc,phases,start] GC(2534) Compaction Phase
[821.023s][info][gc,phases      ] GC(2534) Compaction Phase 181.552ms
[821.040s][info][gc,phases,start] GC(2534) Post Compact
[821.042s][info][gc,phases      ] GC(2534) Post Compact 2.230ms
[821.042s][info][gc,heap        ] GC(2534) PSYoungGen: 111616K(222720K)->86730K(222720K) Eden: 111616K(111616K)->86730K(111616K) From: 0K(111104K)->0K(111104K)
[821.042s][info][gc,heap        ] GC(2534) ParOldGen: 667506K(667648K)->667505K(667648K)
[821.042s][info][gc,metaspace   ] GC(2534) Metaspace: 19084K(19200K)->19084K(19200K) NonClass: 17255K(17344K)->17255K(17344K) Class: 1829K(1856K)->1829K(1856K)
[821.042s][info][gc             ] GC(2534) Pause Full (Allocation Failure) 760M->736M(869M) 1344.851ms
[821.042s][info][gc,cpu         ] GC(2534) User=2.63s Sys=0.01s Real=1.34s
[821.056s][info][gc,start       ] GC(2535) Pause Full (Allocation Failure)
[821.056s][info][gc,phases,start] GC(2535) Marking Phase
[821.623s][info][gc,phases      ] GC(2535) Marking Phase 566.329ms
[821.623s][info][gc,phases,start] GC(2535) Summary Phase
[821.623s][info][gc,phases      ] GC(2535) Summary Phase 0.024ms
[821.623s][info][gc,phases,start] GC(2535) Forward
[821.647s][info][gc,phases      ] GC(2535) Forward 24.077ms
[821.647s][info][gc,phases,start] GC(2535) Adjust Pointers
[822.035s][info][gc,phases      ] GC(2535) Adjust Pointers 388.126ms
[822.035s][info][gc,phases,start] GC(2535) Compaction Phase
[822.199s][info][gc,phases      ] GC(2535) Compaction Phase 163.963ms
[822.199s][info][gc,phases,start] GC(2535) Post Compact
[822.201s][info][gc,phases      ] GC(2535) Post Compact 2.262ms
[822.201s][info][gc,heap        ] GC(2535) PSYoungGen: 111616K(222720K)->86730K(222720K) Eden: 111616K(111616K)->86730K(111616K) From: 0K(111104K)->0K(111104K)
[822.201s][info][gc,heap        ] GC(2535) ParOldGen: 667505K(667648K)->667505K(667648K)
[822.201s][info][gc,metaspace   ] GC(2535) Metaspace: 19084K(19200K)->19084K(19200K) NonClass: 17255K(17344K)->17255K(17344K) Class: 1829K(1856K)->1829K(1856K)
[822.201s][info][gc             ] GC(2535) Pause Full (Allocation Failure) 760M->736M(869M) 1145.213ms
[822.201s][info][gc,cpu         ] GC(2535) User=2.23s Sys=0.00s Real=1.15s
[822.216s][info][gc,start       ] GC(2536) Pause Full (Allocation Failure)
[822.217s][info][gc,phases,start] GC(2536) Marking Phase
[822.799s][info][gc,phases      ] GC(2536) Marking Phase 582.228ms
[822.799s][info][gc,phases,start] GC(2536) Summary Phase
[822.799s][info][gc,phases      ] GC(2536) Summary Phase 0.025ms
[822.799s][info][gc,phases,start] GC(2536) Forward
[822.823s][info][gc,phases      ] GC(2536) Forward 23.837ms
[822.823s][info][gc,phases,start] GC(2536) Adjust Pointers
[823.207s][info][gc,phases      ] GC(2536) Adjust Pointers 383.743ms
[823.207s][info][gc,phases,start] GC(2536) Compaction Phase
[823.361s][info][gc,phases      ] GC(2536) Compaction Phase 154.663ms
[823.361s][info][gc,phases,start] GC(2536) Post Compact
[823.364s][info][gc,phases      ] GC(2536) Post Compact 2.207ms
[823.364s][info][gc,heap        ] GC(2536) PSYoungGen: 111616K(222720K)->86730K(222720K) Eden: 111616K(111616K)->86730K(111616K) From: 0K(111104K)->0K(111104K)
[823.364s][info][gc,heap        ] GC(2536) ParOldGen: 667505K(667648K)->667505K(667648K)
[823.364s][info][gc,metaspace   ] GC(2536) Metaspace: 19084K(19200K)->19084K(19200K) NonClass: 17255K(17344K)->17255K(17344K) Class: 1829K(1856K)->1829K(1856K)
[823.364s][info][gc             ] GC(2536) Pause Full (Allocation Failure) 760M->736M(869M) 1147.163ms
[823.364s][info][gc,cpu         ] GC(2536) User=2.24s Sys=0.00s Real=1.14s
[823.378s][info][gc,start       ] GC(2537) Pause Full (Allocation Failure)
[823.378s][info][gc,phases,start] GC(2537) Marking Phase
[823.953s][info][gc,phases      ] GC(2537) Marking Phase 575.479ms
[823.953s][info][gc,phases,start] GC(2537) Summary Phase
[823.953s][info][gc,phases      ] GC(2537) Summary Phase 0.025ms
[823.953s][info][gc,phases,start] GC(2537) Forward
[823.977s][info][gc,phases      ] GC(2537) Forward 24.068ms
[823.977s][info][gc,phases,start] GC(2537) Adjust Pointers
[824.357s][info][gc,phases      ] GC(2537) Adjust Pointers 379.665ms
[824.357s][info][gc,phases,start] GC(2537) Compaction Phase
[824.510s][info][gc,phases      ] GC(2537) Compaction Phase 153.370ms
[824.511s][info][gc,phases,start] GC(2537) Post Compact
[824.513s][info][gc,phases      ] GC(2537) Post Compact 2.212ms
[824.513s][info][gc,heap        ] GC(2537) PSYoungGen: 111616K(222720K)->86730K(222720K) Eden: 111616K(111616K)->86730K(111616K) From: 0K(111104K)->0K(111104K)
[824.513s][info][gc,heap        ] GC(2537) ParOldGen: 667505K(667648K)->667505K(667648K)
[824.513s][info][gc,metaspace   ] GC(2537) Metaspace: 19084K(19200K)->19084K(19200K) NonClass: 17255K(17344K)->17255K(17344K) Class: 1829K(1856K)->1829K(1856K)
[824.513s][info][gc             ] GC(2537) Pause Full (Allocation Failure) 760M->736M(869M) 1135.266ms
[824.513s][info][gc,cpu         ] GC(2537) User=2.22s Sys=0.00s Real=1.13s
[824.527s][info][gc,start       ] GC(2538) Pause Full (Allocation Failure)
[824.527s][info][gc,phases,start] GC(2538) Marking Phase
[825.091s][info][gc,phases      ] GC(2538) Marking Phase 563.861ms
[825.091s][info][gc,phases,start] GC(2538) Summary Phase
[825.091s][info][gc,phases      ] GC(2538) Summary Phase 0.024ms
[825.091s][info][gc,phases,start] GC(2538) Forward
[825.115s][info][gc,phases      ] GC(2538) Forward 23.824ms
[825.115s][info][gc,phases,start] GC(2538) Adjust Pointers
[825.505s][info][gc,phases      ] GC(2538) Adjust Pointers 390.506ms
[825.506s][info][gc,phases,start] GC(2538) Compaction Phase
[825.664s][info][gc,phases      ] GC(2538) Compaction Phase 158.514ms
[825.664s][info][gc,phases,start] GC(2538) Post Compact
[825.666s][info][gc,phases      ] GC(2538) Post Compact 2.260ms
[825.666s][info][gc,heap        ] GC(2538) PSYoungGen: 111616K(222720K)->86730K(222720K) Eden: 111616K(111616K)->86730K(111616K) From: 0K(111104K)->0K(111104K)
[825.666s][info][gc,heap        ] GC(2538) ParOldGen: 667505K(667648K)->667505K(667648K)
[825.667s][info][gc,metaspace   ] GC(2538) Metaspace: 19084K(19200K)->19084K(19200K) NonClass: 17255K(17344K)->17255K(17344K) Class: 1829K(1856K)->1829K(1856K)
[825.667s][info][gc             ] GC(2538) Pause Full (Allocation Failure) 760M->736M(869M) 1139.407ms
[825.667s][info][gc,cpu         ] GC(2538) User=2.23s Sys=0.00s Real=1.14s
[825.681s][info][gc,start       ] GC(2539) Pause Full (Allocation Failure)
[825.681s][info][gc,phases,start] GC(2539) Marking Phase
[826.267s][info][gc,phases      ] GC(2539) Marking Phase 586.141ms
[826.267s][info][gc,phases,start] GC(2539) Summary Phase
[826.267s][info][gc,phases      ] GC(2539) Summary Phase 0.028ms
[826.267s][info][gc,phases,start] GC(2539) Forward
[826.292s][info][gc,phases      ] GC(2539) Forward 24.304ms
[826.292s][info][gc,phases,start] GC(2539) Adjust Pointers
[826.679s][info][gc,phases      ] GC(2539) Adjust Pointers 387.567ms
[826.679s][info][gc,phases,start] GC(2539) Compaction Phase
[826.837s][info][gc,phases      ] GC(2539) Compaction Phase 158.116ms
[826.837s][info][gc,phases,start] GC(2539) Post Compact
[826.840s][info][gc,phases      ] GC(2539) Post Compact 2.259ms
[826.840s][info][gc,heap        ] GC(2539) PSYoungGen: 111616K(222720K)->86882K(222720K) Eden: 111616K(111616K)->86882K(111616K) From: 0K(111104K)->0K(111104K)
[826.840s][info][gc,heap        ] GC(2539) ParOldGen: 667505K(667648K)->667505K(667648K)
[826.840s][info][gc,metaspace   ] GC(2539) Metaspace: 19084K(19200K)->19084K(19200K) NonClass: 17255K(17344K)->17255K(17344K) Class: 1829K(1856K)->1829K(1856K)
[826.840s][info][gc             ] GC(2539) Pause Full (Allocation Failure) 760M->736M(869M) 1158.841ms
[826.840s][info][gc,cpu         ] GC(2539) User=2.26s Sys=0.00s Real=1.16s
[826.855s][info][gc,start       ] GC(2540) Pause Full (Allocation Failure)
[826.855s][info][gc,phases,start] GC(2540) Marking Phase
[827.443s][info][gc,phases      ] GC(2540) Marking Phase 588.877ms
[827.443s][info][gc,phases,start] GC(2540) Summary Phase
[827.444s][info][gc,phases      ] GC(2540) Summary Phase 0.024ms
[827.444s][info][gc,phases,start] GC(2540) Forward
[827.468s][info][gc,phases      ] GC(2540) Forward 24.166ms
[827.468s][info][gc,phases,start] GC(2540) Adjust Pointers
[827.857s][info][gc,phases      ] GC(2540) Adjust Pointers 389.721ms
[827.858s][info][gc,phases,start] GC(2540) Compaction Phase
[828.016s][info][gc,phases      ] GC(2540) Compaction Phase 158.343ms
[828.016s][info][gc,phases,start] GC(2540) Post Compact
[828.018s][info][gc,phases      ] GC(2540) Post Compact 2.252ms
[828.018s][info][gc,heap        ] GC(2540) PSYoungGen: 111616K(222720K)->87079K(222720K) Eden: 111616K(111616K)->87079K(111616K) From: 0K(111104K)->0K(111104K)
[828.018s][info][gc,heap        ] GC(2540) ParOldGen: 667505K(667648K)->667505K(667648K)
[828.018s][info][gc,metaspace   ] GC(2540) Metaspace: 19084K(19200K)->19084K(19200K) NonClass: 17255K(17344K)->17255K(17344K) Class: 1829K(1856K)->1829K(1856K)
[828.018s][info][gc             ] GC(2540) Pause Full (Allocation Failure) 760M->736M(869M) 1163.787ms
[828.018s][info][gc,cpu         ] GC(2540) User=2.28s Sys=0.00s Real=1.17s
[828.034s][info][gc,start       ] GC(2541) Pause Full (Allocation Failure)
[828.034s][info][gc,phases,start] GC(2541) Marking Phase
[828.624s][info][gc,phases      ] GC(2541) Marking Phase 589.951ms
[828.624s][info][gc,phases,start] GC(2541) Summary Phase
[828.624s][info][gc,phases      ] GC(2541) Summary Phase 0.025ms
[828.624s][info][gc,phases,start] GC(2541) Forward
[828.648s][info][gc,phases      ] GC(2541) Forward 23.906ms
[828.648s][info][gc,phases,start] GC(2541) Adjust Pointers
[829.039s][info][gc,phases      ] GC(2541) Adjust Pointers 390.918ms
[829.039s][info][gc,phases,start] GC(2541) Compaction Phase
[829.198s][info][gc,phases      ] GC(2541) Compaction Phase 158.775ms
[829.198s][info][gc,phases,start] GC(2541) Post Compact
[829.200s][info][gc,phases      ] GC(2541) Post Compact 2.261ms
[829.200s][info][gc,heap        ] GC(2541) PSYoungGen: 111616K(222720K)->87221K(222720K) Eden: 111616K(111616K)->87221K(111616K) From: 0K(111104K)->0K(111104K)
[829.200s][info][gc,heap        ] GC(2541) ParOldGen: 667505K(667648K)->667505K(667648K)
[829.200s][info][gc,metaspace   ] GC(2541) Metaspace: 19084K(19200K)->19084K(19200K) NonClass: 17255K(17344K)->17255K(17344K) Class: 1829K(1856K)->1829K(1856K)
[829.200s][info][gc             ] GC(2541) Pause Full (Allocation Failure) 760M->737M(869M) 1166.256ms
[829.200s][info][gc,cpu         ] GC(2541) User=2.28s Sys=0.01s Real=1.17s
[829.215s][info][gc,start       ] GC(2542) Pause Full (Allocation Failure)
[829.215s][info][gc,phases,start] GC(2542) Marking Phase
[829.805s][info][gc,phases      ] GC(2542) Marking Phase 590.458ms
[829.805s][info][gc,phases,start] GC(2542) Summary Phase
[829.805s][info][gc,phases      ] GC(2542) Summary Phase 0.028ms
[829.805s][info][gc,phases,start] GC(2542) Forward
[829.829s][info][gc,phases      ] GC(2542) Forward 24.144ms
[829.829s][info][gc,phases,start] GC(2542) Adjust Pointers
[830.219s][info][gc,phases      ] GC(2542) Adjust Pointers 389.990ms
[830.219s][info][gc,phases,start] GC(2542) Compaction Phase
[830.377s][info][gc,phases      ] GC(2542) Compaction Phase 157.349ms
[830.377s][info][gc,phases,start] GC(2542) Post Compact
[830.379s][info][gc,phases      ] GC(2542) Post Compact 2.280ms
[830.379s][info][gc,heap        ] GC(2542) PSYoungGen: 111616K(222720K)->86730K(222720K) Eden: 111616K(111616K)->86730K(111616K) From: 0K(111104K)->0K(111104K)
[830.379s][info][gc,heap        ] GC(2542) ParOldGen: 667505K(667648K)->667505K(667648K)
[830.379s][info][gc,metaspace   ] GC(2542) Metaspace: 19084K(19200K)->19084K(19200K) NonClass: 17255K(17344K)->17255K(17344K) Class: 1829K(1856K)->1829K(1856K)
[830.379s][info][gc             ] GC(2542) Pause Full (Allocation Failure) 760M->736M(869M) 1164.714ms
[830.379s][info][gc,cpu         ] GC(2542) User=2.27s Sys=0.00s Real=1.17s
[830.396s][info][gc,start       ] GC(2543) Pause Full (Allocation Failure)
[830.396s][info][gc,phases,start] GC(2543) Marking Phase
[830.984s][info][gc,phases      ] GC(2543) Marking Phase 588.329ms
[830.984s][info][gc,phases,start] GC(2543) Summary Phase
[830.984s][info][gc,phases      ] GC(2543) Summary Phase 0.039ms
[830.984s][info][gc,phases,start] GC(2543) Forward
[831.009s][info][gc,phases      ] GC(2543) Forward 24.219ms
[831.009s][info][gc,phases,start] GC(2543) Adjust Pointers
[831.400s][info][gc,phases      ] GC(2543) Adjust Pointers 391.393ms
[831.400s][info][gc,phases,start] GC(2543) Compaction Phase
[831.559s][info][gc,phases      ] GC(2543) Compaction Phase 158.373ms
[831.559s][info][gc,phases,start] GC(2543) Post Compact
[831.561s][info][gc,phases      ] GC(2543) Post Compact 2.270ms
[831.561s][info][gc,heap        ] GC(2543) PSYoungGen: 111616K(222720K)->86777K(222720K) Eden: 111616K(111616K)->86777K(111616K) From: 0K(111104K)->0K(111104K)
[831.561s][info][gc,heap        ] GC(2543) ParOldGen: 667505K(667648K)->667505K(667648K)
[831.561s][info][gc,metaspace   ] GC(2543) Metaspace: 19084K(19200K)->19084K(19200K) NonClass: 17255K(17344K)->17255K(17344K) Class: 1829K(1856K)->1829K(1856K)
[831.561s][info][gc             ] GC(2543) Pause Full (Allocation Failure) 760M->736M(869M) 1165.062ms
[831.561s][info][gc,cpu         ] GC(2543) User=2.27s Sys=0.00s Real=1.17s
[831.603s][info][gc,start       ] GC(2544) Pause Full (Allocation Failure)
[831.604s][info][gc,phases,start] GC(2544) Marking Phase
[832.192s][info][gc,phases      ] GC(2544) Marking Phase 588.662ms
[832.192s][info][gc,phases,start] GC(2544) Summary Phase
[832.192s][info][gc,phases      ] GC(2544) Summary Phase 0.026ms
[832.192s][info][gc,phases,start] GC(2544) Forward
[832.216s][info][gc,phases      ] GC(2544) Forward 24.091ms
[832.216s][info][gc,phases,start] GC(2544) Adjust Pointers
[832.602s][info][gc,phases      ] GC(2544) Adjust Pointers 385.825ms
[832.602s][info][gc,phases,start] GC(2544) Compaction Phase
[832.760s][info][gc,phases      ] GC(2544) Compaction Phase 157.731ms
[832.760s][info][gc,phases,start] GC(2544) Post Compact
[832.762s][info][gc,phases      ] GC(2544) Post Compact 2.262ms
[832.763s][info][gc,heap        ] GC(2544) PSYoungGen: 111616K(222720K)->86801K(222720K) Eden: 111616K(111616K)->86801K(111616K) From: 0K(111104K)->0K(111104K)
[832.763s][info][gc,heap        ] GC(2544) ParOldGen: 667505K(667648K)->667505K(667648K)
[832.763s][info][gc,metaspace   ] GC(2544) Metaspace: 19084K(19200K)->19084K(19200K) NonClass: 17255K(17344K)->17255K(17344K) Class: 1829K(1856K)->1829K(1856K)
[832.763s][info][gc             ] GC(2544) Pause Full (Allocation Failure) 760M->736M(869M) 1159.066ms
[832.763s][info][gc,cpu         ] GC(2544) User=2.26s Sys=0.01s Real=1.16s
[832.790s][info][gc,start       ] GC(2545) Pause Full (Allocation Failure)
[832.790s][info][gc,phases,start] GC(2545) Marking Phase
[833.379s][info][gc,phases      ] GC(2545) Marking Phase 589.544ms
[833.379s][info][gc,phases,start] GC(2545) Summary Phase
[833.379s][info][gc,phases      ] GC(2545) Summary Phase 0.023ms
[833.380s][info][gc,phases,start] GC(2545) Forward
[833.403s][info][gc,phases      ] GC(2545) Forward 23.788ms
[833.403s][info][gc,phases,start] GC(2545) Adjust Pointers
[833.792s][info][gc,phases      ] GC(2545) Adjust Pointers 388.886ms
[833.792s][info][gc,phases,start] GC(2545) Compaction Phase
[833.952s][info][gc,phases      ] GC(2545) Compaction Phase 159.744ms
[833.952s][info][gc,phases,start] GC(2545) Post Compact
[833.954s][info][gc,phases      ] GC(2545) Post Compact 2.253ms
[833.954s][info][gc,heap        ] GC(2545) PSYoungGen: 111616K(222720K)->91695K(222720K) Eden: 111616K(111616K)->91695K(111616K) From: 0K(111104K)->0K(111104K)
[833.954s][info][gc,heap        ] GC(2545) ParOldGen: 667505K(667648K)->667505K(667648K)
[833.954s][info][gc,metaspace   ] GC(2545) Metaspace: 19084K(19200K)->19084K(19200K) NonClass: 17255K(17344K)->17255K(17344K) Class: 1829K(1856K)->1829K(1856K)
[833.954s][info][gc             ] GC(2545) Pause Full (Allocation Failure) 760M->741M(869M) 1164.654ms
[833.954s][info][gc,cpu         ] GC(2545) User=2.29s Sys=0.00s Real=1.16s
[833.975s][info][gc,start       ] GC(2546) Pause Full (Allocation Failure)
[833.975s][info][gc,phases,start] GC(2546) Marking Phase
[834.563s][info][gc,phases      ] GC(2546) Marking Phase 588.467ms
[834.563s][info][gc,phases,start] GC(2546) Summary Phase
[834.563s][info][gc,phases      ] GC(2546) Summary Phase 0.024ms
[834.563s][info][gc,phases,start] GC(2546) Forward
[834.587s][info][gc,phases      ] GC(2546) Forward 23.664ms
[834.587s][info][gc,phases,start] GC(2546) Adjust Pointers
[834.974s][info][gc,phases      ] GC(2546) Adjust Pointers 387.181ms
[834.974s][info][gc,phases,start] GC(2546) Compaction Phase
[835.133s][info][gc,phases      ] GC(2546) Compaction Phase 158.562ms
[835.133s][info][gc,phases,start] GC(2546) Post Compact
[835.135s][info][gc,phases      ] GC(2546) Post Compact 2.296ms
[835.135s][info][gc,heap        ] GC(2546) PSYoungGen: 111616K(222720K)->91696K(222720K) Eden: 111616K(111616K)->91696K(111616K) From: 0K(111104K)->0K(111104K)
[835.135s][info][gc,heap        ] GC(2546) ParOldGen: 667505K(667648K)->667505K(667648K)
[835.135s][info][gc,metaspace   ] GC(2546) Metaspace: 19084K(19200K)->19084K(19200K) NonClass: 17255K(17344K)->17255K(17344K) Class: 1829K(1856K)->1829K(1856K)
[835.135s][info][gc             ] GC(2546) Pause Full (Allocation Failure) 760M->741M(869M) 1160.635ms
[835.135s][info][gc,cpu         ] GC(2546) User=2.27s Sys=0.00s Real=1.16s
[835.190s][info][gc,start       ] GC(2547) Pause Full (Allocation Failure)
[835.190s][info][gc,phases,start] GC(2547) Marking Phase
[835.778s][info][gc,phases      ] GC(2547) Marking Phase 587.751ms
[835.778s][info][gc,phases,start] GC(2547) Summary Phase
[835.778s][info][gc,phases      ] GC(2547) Summary Phase 0.026ms
[835.778s][info][gc,phases,start] GC(2547) Forward
[835.881s][info][gc,phases      ] GC(2547) Forward 103.481ms
[835.881s][info][gc,phases,start] GC(2547) Adjust Pointers
[836.306s][info][gc,phases      ] GC(2547) Adjust Pointers 425.232ms
[836.307s][info][gc,phases,start] GC(2547) Compaction Phase
[836.486s][info][gc,phases      ] GC(2547) Compaction Phase 179.499ms
[836.497s][info][gc,phases,start] GC(2547) Post Compact
[836.499s][info][gc,phases      ] GC(2547) Post Compact 2.248ms
[836.499s][info][gc,heap        ] GC(2547) PSYoungGen: 111616K(222720K)->92099K(222720K) Eden: 111616K(111616K)->92099K(111616K) From: 0K(111104K)->0K(111104K)
[836.499s][info][gc,heap        ] GC(2547) ParOldGen: 667505K(667648K)->667505K(667648K)
[836.499s][info][gc,metaspace   ] GC(2547) Metaspace: 19084K(19200K)->19084K(19200K) NonClass: 17255K(17344K)->17255K(17344K) Class: 1829K(1856K)->1829K(1856K)
[836.499s][info][gc             ] GC(2547) Pause Full (Allocation Failure) 760M->741M(869M) 1309.560ms
[836.499s][info][gc,cpu         ] GC(2547) User=2.56s Sys=0.00s Real=1.31s
[836.536s][info][gc,start       ] GC(2548) Pause Full (Allocation Failure)
[836.536s][info][gc,phases,start] GC(2548) Marking Phase
[837.127s][info][gc,phases      ] GC(2548) Marking Phase 590.357ms
[837.127s][info][gc,phases,start] GC(2548) Summary Phase
[837.127s][info][gc,phases      ] GC(2548) Summary Phase 0.023ms
[837.127s][info][gc,phases,start] GC(2548) Forward
[837.151s][info][gc,phases      ] GC(2548) Forward 24.022ms
[837.151s][info][gc,phases,start] GC(2548) Adjust Pointers
[837.536s][info][gc,phases      ] GC(2548) Adjust Pointers 385.162ms
[837.536s][info][gc,phases,start] GC(2548) Compaction Phase
[837.691s][info][gc,phases      ] GC(2548) Compaction Phase 155.190ms
[837.691s][info][gc,phases,start] GC(2548) Post Compact
[837.694s][info][gc,phases      ] GC(2548) Post Compact 2.317ms
[837.694s][info][gc,heap        ] GC(2548) PSYoungGen: 111616K(222720K)->93143K(222720K) Eden: 111616K(111616K)->93143K(111616K) From: 0K(111104K)->0K(111104K)
[837.694s][info][gc,heap        ] GC(2548) ParOldGen: 667505K(667648K)->667505K(667648K)
[837.694s][info][gc,metaspace   ] GC(2548) Metaspace: 19084K(19200K)->19084K(19200K) NonClass: 17255K(17344K)->17255K(17344K) Class: 1829K(1856K)->1829K(1856K)
[837.694s][info][gc             ] GC(2548) Pause Full (Allocation Failure) 760M->742M(869M) 1157.457ms
[837.694s][info][gc,cpu         ] GC(2548) User=2.27s Sys=0.00s Real=1.15s
[837.711s][info][gc,start       ] GC(2549) Pause Full (Allocation Failure)
[837.711s][info][gc,phases,start] GC(2549) Marking Phase
[838.277s][info][gc,phases      ] GC(2549) Marking Phase 565.478ms
[838.277s][info][gc,phases,start] GC(2549) Summary Phase
[838.277s][info][gc,phases      ] GC(2549) Summary Phase 0.023ms
[838.277s][info][gc,phases,start] GC(2549) Forward
[838.299s][info][gc,phases      ] GC(2549) Forward 22.424ms
[838.299s][info][gc,phases,start] GC(2549) Adjust Pointers
[838.678s][info][gc,phases      ] GC(2549) Adjust Pointers 379.212ms
[838.678s][info][gc,phases,start] GC(2549) Compaction Phase
[838.829s][info][gc,phases      ] GC(2549) Compaction Phase 150.153ms
[838.829s][info][gc,phases,start] GC(2549) Post Compact
[838.831s][info][gc,phases      ] GC(2549) Post Compact 2.222ms
[838.831s][info][gc,heap        ] GC(2549) PSYoungGen: 111616K(222720K)->93880K(222720K) Eden: 111616K(111616K)->93880K(111616K) From: 0K(111104K)->0K(111104K)
[838.831s][info][gc,heap        ] GC(2549) ParOldGen: 667505K(667648K)->667505K(667648K)
[838.831s][info][gc,metaspace   ] GC(2549) Metaspace: 19084K(19200K)->19084K(19200K) NonClass: 17255K(17344K)->17255K(17344K) Class: 1829K(1856K)->1829K(1856K)
[838.831s][info][gc             ] GC(2549) Pause Full (Allocation Failure) 760M->743M(869M) 1119.984ms
[838.831s][info][gc,cpu         ] GC(2549) User=2.19s Sys=0.00s Real=1.12s
[838.848s][info][gc,start       ] GC(2550) Pause Full (Allocation Failure)
[838.848s][info][gc,phases,start] GC(2550) Marking Phase
[839.409s][info][gc,phases      ] GC(2550) Marking Phase 560.492ms
[839.409s][info][gc,phases,start] GC(2550) Summary Phase
[839.409s][info][gc,phases      ] GC(2550) Summary Phase 0.023ms
[839.409s][info][gc,phases,start] GC(2550) Forward
[839.433s][info][gc,phases      ] GC(2550) Forward 23.740ms
[839.433s][info][gc,phases,start] GC(2550) Adjust Pointers
[839.816s][info][gc,phases      ] GC(2550) Adjust Pointers 382.934ms
[839.816s][info][gc,phases,start] GC(2550) Compaction Phase
[839.975s][info][gc,phases      ] GC(2550) Compaction Phase 159.325ms
[839.975s][info][gc,phases,start] GC(2550) Post Compact
[839.977s][info][gc,phases      ] GC(2550) Post Compact 2.245ms
[839.977s][info][gc,heap        ] GC(2550) PSYoungGen: 111616K(222720K)->94691K(222720K) Eden: 111616K(111616K)->94691K(111616K) From: 0K(111104K)->0K(111104K)
[839.977s][info][gc,heap        ] GC(2550) ParOldGen: 667505K(667648K)->667505K(667648K)
[839.977s][info][gc,metaspace   ] GC(2550) Metaspace: 19084K(19200K)->19084K(19200K) NonClass: 17255K(17344K)->17255K(17344K) Class: 1829K(1856K)->1829K(1856K)
[839.977s][info][gc             ] GC(2550) Pause Full (Allocation Failure) 760M->744M(869M) 1129.146ms
[839.977s][info][gc,cpu         ] GC(2550) User=2.21s Sys=0.00s Real=1.13s
[839.997s][info][gc,start       ] GC(2551) Pause Full (Allocation Failure)
[839.997s][info][gc,phases,start] GC(2551) Marking Phase
[840.450s][info][gc,phases      ] GC(2551) Marking Phase 452.173ms
[840.450s][info][gc,phases,start] GC(2551) Summary Phase
[840.450s][info][gc,phases      ] GC(2551) Summary Phase 0.025ms
[840.450s][info][gc,phases,start] GC(2551) Forward
[840.580s][info][gc,phases      ] GC(2551) Forward 130.103ms
[840.580s][info][gc,phases,start] GC(2551) Adjust Pointers
[840.906s][info][gc,phases      ] GC(2551) Adjust Pointers 325.618ms
[840.906s][info][gc,phases,start] GC(2551) Compaction Phase
[841.105s][info][gc,phases      ] GC(2551) Compaction Phase 199.243ms
[841.117s][info][gc,phases,start] GC(2551) Post Compact
[841.120s][info][gc,phases      ] GC(2551) Post Compact 2.305ms
[841.120s][info][gc,heap        ] GC(2551) PSYoungGen: 111616K(222720K)->0K(222720K) Eden: 111616K(111616K)->0K(111616K) From: 0K(111104K)->0K(111104K)
[841.120s][info][gc,heap        ] GC(2551) ParOldGen: 667505K(667648K)->619680K(667648K)
[841.120s][info][gc,metaspace   ] GC(2551) Metaspace: 19084K(19200K)->19084K(19200K) NonClass: 17255K(17344K)->17255K(17344K) Class: 1829K(1856K)->1829K(1856K)
[841.120s][info][gc             ] GC(2551) Pause Full (Allocation Failure) 760M->605M(869M) 1122.546ms
[841.120s][info][gc,cpu         ] GC(2551) User=2.14s Sys=0.00s Real=1.12s
[841.299s][info][gc,start       ] GC(2552) Pause Young (Allocation Failure)
[841.302s][info][gc,heap        ] GC(2552) PSYoungGen: 111616K(222720K)->128K(222720K) Eden: 111616K(111616K)->0K(111616K) From: 0K(111104K)->128K(111104K)
[841.302s][info][gc,heap        ] GC(2552) ParOldGen: 619680K(667648K)->619680K(667648K)
[841.302s][info][gc,metaspace   ] GC(2552) Metaspace: 19084K(19200K)->19084K(19200K) NonClass: 17255K(17344K)->17255K(17344K) Class: 1829K(1856K)->1829K(1856K)
[841.302s][info][gc             ] GC(2552) Pause Young (Allocation Failure) 714M->605M(869M) 3.004ms
[841.302s][info][gc,cpu         ] GC(2552) User=0.01s Sys=0.00s Real=0.00s
[841.652s][info][gc,start       ] GC(2553) Pause Young (Allocation Failure)
[841.656s][info][gc,heap        ] GC(2553) PSYoungGen: 111744K(222720K)->2272K(222720K) Eden: 111616K(111616K)->0K(111616K) From: 128K(111104K)->2272K(111104K)
[841.656s][info][gc,heap        ] GC(2553) ParOldGen: 619680K(667648K)->619680K(667648K)
[841.656s][info][gc,metaspace   ] GC(2553) Metaspace: 19084K(19200K)->19084K(19200K) NonClass: 17255K(17344K)->17255K(17344K) Class: 1829K(1856K)->1829K(1856K)
[841.656s][info][gc             ] GC(2553) Pause Young (Allocation Failure) 714M->607M(869M) 4.295ms
[841.656s][info][gc,cpu         ] GC(2553) User=0.01s Sys=0.00s Real=0.00s
[841.788s][info][gc,start       ] GC(2554) Pause Young (Allocation Failure)
[841.812s][info][gc,heap        ] GC(2554) PSYoungGen: 113888K(222720K)->20896K(222720K) Eden: 111616K(111616K)->0K(111616K) From: 2272K(111104K)->20896K(111104K)
[841.812s][info][gc,heap        ] GC(2554) ParOldGen: 619680K(667648K)->621912K(667648K)
[841.812s][info][gc,metaspace   ] GC(2554) Metaspace: 19084K(19200K)->19084K(19200K) NonClass: 17255K(17344K)->17255K(17344K) Class: 1829K(1856K)->1829K(1856K)
[841.812s][info][gc             ] GC(2554) Pause Young (Allocation Failure) 716M->627M(869M) 24.818ms
[841.812s][info][gc,cpu         ] GC(2554) User=0.05s Sys=0.00s Real=0.02s
[841.956s][info][gc,start       ] GC(2555) Pause Young (Allocation Failure)
[841.980s][info][gc,heap        ] GC(2555) PSYoungGen: 132512K(222720K)->120K(222720K) Eden: 111616K(111616K)->0K(111616K) From: 20896K(111104K)->120K(111104K)
[841.980s][info][gc,heap        ] GC(2555) ParOldGen: 621912K(667648K)->642856K(667648K)
[841.980s][info][gc,metaspace   ] GC(2555) Metaspace: 19084K(19200K)->19084K(19200K) NonClass: 17255K(17344K)->17255K(17344K) Class: 1829K(1856K)->1829K(1856K)
[841.980s][info][gc             ] GC(2555) Pause Young (Allocation Failure) 736M->627M(869M) 23.841ms
[841.980s][info][gc,cpu         ] GC(2555) User=0.04s Sys=0.00s Real=0.03s
[842.161s][info][gc,start       ] GC(2556) Pause Full (Allocation Failure)
[842.161s][info][gc,phases,start] GC(2556) Marking Phase
[842.629s][info][gc,phases      ] GC(2556) Marking Phase 468.232ms
[842.629s][info][gc,phases,start] GC(2556) Summary Phase
[842.629s][info][gc,phases      ] GC(2556) Summary Phase 0.039ms
[842.629s][info][gc,phases,start] GC(2556) Forward
[842.636s][info][gc,phases      ] GC(2556) Forward 6.759ms
[842.636s][info][gc,phases,start] GC(2556) Adjust Pointers
[842.946s][info][gc,phases      ] GC(2556) Adjust Pointers 309.576ms
[842.946s][info][gc,phases,start] GC(2556) Compaction Phase
[843.076s][info][gc,phases      ] GC(2556) Compaction Phase 129.818ms
[843.076s][info][gc,phases,start] GC(2556) Post Compact
[843.078s][info][gc,phases      ] GC(2556) Post Compact 2.153ms
[843.078s][info][gc,heap        ] GC(2556) PSYoungGen: 111736K(222720K)->0K(222720K) Eden: 111616K(111616K)->0K(111616K) From: 120K(111104K)->0K(111104K)
[843.078s][info][gc,heap        ] GC(2556) ParOldGen: 642856K(667648K)->642785K(667648K)
[843.078s][info][gc,metaspace   ] GC(2556) Metaspace: 19084K(19200K)->19084K(19200K) NonClass: 17255K(17344K)->17255K(17344K) Class: 1829K(1856K)->1829K(1856K)
[843.078s][info][gc             ] GC(2556) Pause Full (Allocation Failure) 736M->627M(869M) 917.031ms
[843.078s][info][gc,cpu         ] GC(2556) User=1.80s Sys=0.00s Real=0.92s
[843.297s][info][gc,start       ] GC(2557) Pause Full (Allocation Failure)
[843.297s][info][gc,phases,start] GC(2557) Marking Phase
[843.768s][info][gc,phases      ] GC(2557) Marking Phase 471.402ms
[843.768s][info][gc,phases,start] GC(2557) Summary Phase
[843.768s][info][gc,phases      ] GC(2557) Summary Phase 0.025ms
[843.768s][info][gc,phases,start] GC(2557) Forward
[843.769s][info][gc,phases      ] GC(2557) Forward 0.314ms
[843.769s][info][gc,phases,start] GC(2557) Adjust Pointers
[844.089s][info][gc,phases      ] GC(2557) Adjust Pointers 320.459ms
[844.089s][info][gc,phases,start] GC(2557) Compaction Phase
[844.232s][info][gc,phases      ] GC(2557) Compaction Phase 143.381ms
[844.233s][info][gc,phases,start] GC(2557) Post Compact
[844.235s][info][gc,phases      ] GC(2557) Post Compact 2.187ms
[844.235s][info][gc,heap        ] GC(2557) PSYoungGen: 111616K(222720K)->0K(222720K) Eden: 111616K(111616K)->0K(111616K) From: 0K(111104K)->0K(111104K)
[844.235s][info][gc,heap        ] GC(2557) ParOldGen: 642785K(667648K)->642831K(667648K)
[844.235s][info][gc,metaspace   ] GC(2557) Metaspace: 19084K(19200K)->19084K(19200K) NonClass: 17255K(17344K)->17255K(17344K) Class: 1829K(1856K)->1829K(1856K)
[844.235s][info][gc             ] GC(2557) Pause Full (Allocation Failure) 736M->627M(869M) 938.172ms
[844.235s][info][gc,cpu         ] GC(2557) User=1.84s Sys=0.00s Real=0.93s
[845.545s][info][gc,start       ] GC(2558) Pause Full (Allocation Failure)
[845.546s][info][gc,phases,start] GC(2558) Marking Phase
[846.035s][info][gc,phases      ] GC(2558) Marking Phase 489.628ms
[846.035s][info][gc,phases,start] GC(2558) Summary Phase
[846.035s][info][gc,phases      ] GC(2558) Summary Phase 0.026ms
[846.035s][info][gc,phases,start] GC(2558) Forward
[846.037s][info][gc,phases      ] GC(2558) Forward 1.494ms
[846.037s][info][gc,phases,start] GC(2558) Adjust Pointers
[846.355s][info][gc,phases      ] GC(2558) Adjust Pointers 317.794ms
[846.355s][info][gc,phases,start] GC(2558) Compaction Phase
[846.498s][info][gc,phases      ] GC(2558) Compaction Phase 143.191ms
[846.498s][info][gc,phases,start] GC(2558) Post Compact
[846.500s][info][gc,phases      ] GC(2558) Post Compact 2.195ms
[846.500s][info][gc,heap        ] GC(2558) PSYoungGen: 111616K(222720K)->0K(222720K) Eden: 111616K(111616K)->0K(111616K) From: 0K(111104K)->0K(111104K)
[846.500s][info][gc,heap        ] GC(2558) ParOldGen: 642831K(667648K)->643289K(667648K)
[846.500s][info][gc,metaspace   ] GC(2558) Metaspace: 19084K(19200K)->19084K(19200K) NonClass: 17255K(17344K)->17255K(17344K) Class: 1829K(1856K)->1829K(1856K)
[846.500s][info][gc             ] GC(2558) Pause Full (Allocation Failure) 736M->628M(869M) 954.755ms
[846.500s][info][gc,cpu         ] GC(2558) User=1.86s Sys=0.00s Real=0.96s
[847.039s][info][gc,start       ] GC(2559) Pause Full (Allocation Failure)
[847.039s][info][gc,phases,start] GC(2559) Marking Phase
[847.441s][info][gc,phases      ] GC(2559) Marking Phase 402.026ms
[847.441s][info][gc,phases,start] GC(2559) Summary Phase
[847.441s][info][gc,phases      ] GC(2559) Summary Phase 0.027ms
[847.441s][info][gc,phases,start] GC(2559) Forward
[847.521s][info][gc,phases      ] GC(2559) Forward 80.130ms
[847.521s][info][gc,phases,start] GC(2559) Adjust Pointers
[847.804s][info][gc,phases      ] GC(2559) Adjust Pointers 283.014ms
[847.804s][info][gc,phases,start] GC(2559) Compaction Phase
[847.965s][info][gc,phases      ] GC(2559) Compaction Phase 160.148ms
[847.970s][info][gc,phases,start] GC(2559) Post Compact
[847.972s][info][gc,phases      ] GC(2559) Post Compact 2.288ms
[847.972s][info][gc,heap        ] GC(2559) PSYoungGen: 111616K(222720K)->0K(222720K) Eden: 111616K(111616K)->0K(111616K) From: 0K(111104K)->0K(111104K)
[847.972s][info][gc,heap        ] GC(2559) ParOldGen: 643289K(667648K)->518559K(667648K)
[847.972s][info][gc,metaspace   ] GC(2559) Metaspace: 19084K(19200K)->19084K(19200K) NonClass: 17255K(17344K)->17255K(17344K) Class: 1829K(1856K)->1829K(1856K)
[847.972s][info][gc             ] GC(2559) Pause Full (Allocation Failure) 737M->506M(869M) 933.243ms
[847.972s][info][gc,cpu         ] GC(2559) User=1.77s Sys=0.00s Real=0.93s
[848.617s][info][gc,start       ] GC(2560) Pause Young (Allocation Failure)
[848.622s][info][gc,heap        ] GC(2560) PSYoungGen: 111492K(222720K)->1569K(222720K) Eden: 111492K(111616K)->0K(111616K) From: 0K(111104K)->1569K(111104K)
[848.622s][info][gc,heap        ] GC(2560) ParOldGen: 518559K(667648K)->518567K(667648K)
[848.623s][info][gc,metaspace   ] GC(2560) Metaspace: 19095K(19264K)->19095K(19264K) NonClass: 17266K(17408K)->17266K(17408K) Class: 1829K(1856K)->1829K(1856K)
[848.623s][info][gc             ] GC(2560) Pause Young (Allocation Failure) 615M->507M(869M) 5.959ms
[848.623s][info][gc,cpu         ] GC(2560) User=0.01s Sys=0.00s Real=0.00s
[848.912s][info][gc,start       ] GC(2561) Pause Young (Allocation Failure)
[848.916s][info][gc,heap        ] GC(2561) PSYoungGen: 113185K(222720K)->352K(222720K) Eden: 111616K(111616K)->0K(111616K) From: 1569K(111104K)->352K(111104K)
[848.916s][info][gc,heap        ] GC(2561) ParOldGen: 518567K(667648K)->519736K(667648K)
[848.916s][info][gc,metaspace   ] GC(2561) Metaspace: 19095K(19264K)->19095K(19264K) NonClass: 17266K(17408K)->17266K(17408K) Class: 1829K(1856K)->1829K(1856K)
[848.916s][info][gc             ] GC(2561) Pause Young (Allocation Failure) 616M->507M(869M) 4.151ms
[848.916s][info][gc,cpu         ] GC(2561) User=0.01s Sys=0.00s Real=0.00s
[849.187s][info][gc,start       ] GC(2562) Pause Young (Allocation Failure)
[849.189s][info][gc,heap        ] GC(2562) PSYoungGen: 111803K(222720K)->682K(222720K) Eden: 111451K(111616K)->0K(111616K) From: 352K(111104K)->682K(111104K)
[849.189s][info][gc,heap        ] GC(2562) ParOldGen: 519736K(667648K)->519880K(667648K)
[849.189s][info][gc,metaspace   ] GC(2562) Metaspace: 19095K(19264K)->19095K(19264K) NonClass: 17266K(17408K)->17266K(17408K) Class: 1829K(1856K)->1829K(1856K)
[849.189s][info][gc             ] GC(2562) Pause Young (Allocation Failure) 616M->508M(869M) 2.642ms
[849.190s][info][gc,cpu         ] GC(2562) User=0.00s Sys=0.00s Real=0.00s
[849.466s][info][gc,start       ] GC(2563) Pause Young (Allocation Failure)
[849.468s][info][gc,heap        ] GC(2563) PSYoungGen: 112298K(222720K)->512K(222720K) Eden: 111616K(111616K)->0K(111616K) From: 682K(111104K)->512K(111104K)
[849.469s][info][gc,heap        ] GC(2563) ParOldGen: 519880K(667648K)->520016K(667648K)
[849.469s][info][gc,metaspace   ] GC(2563) Metaspace: 19097K(19264K)->19097K(19264K) NonClass: 17267K(17408K)->17267K(17408K) Class: 1829K(1856K)->1829K(1856K)
[849.469s][info][gc             ] GC(2563) Pause Young (Allocation Failure) 617M->508M(869M) 2.256ms
[849.469s][info][gc,cpu         ] GC(2563) User=0.01s Sys=0.00s Real=0.01s
[849.555s][info][gc,start       ] GC(2564) Pause Young (Allocation Failure)
[849.599s][info][gc,heap        ] GC(2564) PSYoungGen: 112128K(222720K)->44912K(222720K) Eden: 111616K(111616K)->0K(111616K) From: 512K(111104K)->44912K(111104K)
[849.599s][info][gc,heap        ] GC(2564) ParOldGen: 520016K(667648K)->520144K(667648K)
[849.599s][info][gc,metaspace   ] GC(2564) Metaspace: 19097K(19264K)->19097K(19264K) NonClass: 17267K(17408K)->17267K(17408K) Class: 1829K(1856K)->1829K(1856K)
[849.599s][info][gc             ] GC(2564) Pause Young (Allocation Failure) 617M->551M(869M) 43.856ms
[849.599s][info][gc,cpu         ] GC(2564) User=0.09s Sys=0.00s Real=0.05s
[849.689s][info][gc,start       ] GC(2565) Pause Young (Allocation Failure)
[849.762s][info][gc,heap        ] GC(2565) PSYoungGen: 156528K(222720K)->28480K(222720K) Eden: 111616K(111616K)->0K(111616K) From: 44912K(111104K)->28480K(111104K)
[849.762s][info][gc,heap        ] GC(2565) ParOldGen: 520144K(667648K)->565292K(667648K)
[849.762s][info][gc,metaspace   ] GC(2565) Metaspace: 19097K(19264K)->19097K(19264K) NonClass: 17267K(17408K)->17267K(17408K) Class: 1829K(1856K)->1829K(1856K)
[849.762s][info][gc             ] GC(2565) Pause Young (Allocation Failure) 660M->579M(869M) 73.326ms
[849.762s][info][gc,cpu         ] GC(2565) User=0.14s Sys=0.00s Real=0.07s
[849.850s][info][gc,start       ] GC(2566) Pause Young (Allocation Failure)
[849.903s][info][gc,heap        ] GC(2566) PSYoungGen: 140096K(222720K)->42016K(222720K) Eden: 111616K(111616K)->0K(111616K) From: 28480K(111104K)->42016K(111104K)
[849.903s][info][gc,heap        ] GC(2566) ParOldGen: 565292K(667648K)->593892K(667648K)
[849.903s][info][gc,metaspace   ] GC(2566) Metaspace: 19097K(19264K)->19097K(19264K) NonClass: 17267K(17408K)->17267K(17408K) Class: 1829K(1856K)->1829K(1856K)
[849.903s][info][gc             ] GC(2566) Pause Young (Allocation Failure) 688M->621M(869M) 53.699ms
[849.903s][info][gc,cpu         ] GC(2566) User=0.11s Sys=0.00s Real=0.05s
[849.981s][info][gc,start       ] GC(2567) Pause Young (Allocation Failure)
[850.053s][info][gc,heap        ] GC(2567) PSYoungGen: 153632K(222720K)->51120K(222720K) Eden: 111616K(111616K)->0K(111616K) From: 42016K(111104K)->51120K(111104K)
[850.053s][info][gc,heap        ] GC(2567) ParOldGen: 593892K(667648K)->636235K(667648K)
[850.053s][info][gc,metaspace   ] GC(2567) Metaspace: 19100K(19264K)->19100K(19264K) NonClass: 17270K(17408K)->17270K(17408K) Class: 1829K(1856K)->1829K(1856K)
[850.053s][info][gc             ] GC(2567) Pause Young (Allocation Failure) 730M->671M(869M) 72.365ms
[850.053s][info][gc,cpu         ] GC(2567) User=0.14s Sys=0.00s Real=0.07s
[850.253s][info][gc,start       ] GC(2568) Pause Full (Allocation Failure)
[850.253s][info][gc,phases,start] GC(2568) Marking Phase
[850.396s][info][gc,phases      ] GC(2568) Marking Phase 143.073ms
[850.396s][info][gc,phases,start] GC(2568) Summary Phase
[850.396s][info][gc,phases      ] GC(2568) Summary Phase 0.032ms
[850.396s][info][gc,phases,start] GC(2568) Forward
[850.447s][info][gc,phases      ] GC(2568) Forward 50.880ms
[850.447s][info][gc,phases,start] GC(2568) Adjust Pointers
[850.560s][info][gc,phases      ] GC(2568) Adjust Pointers 112.809ms
[850.560s][info][gc,phases,start] GC(2568) Compaction Phase
[850.623s][info][gc,phases      ] GC(2568) Compaction Phase 62.481ms
[850.624s][info][gc,phases,start] GC(2568) Post Compact
[850.627s][info][gc,phases      ] GC(2568) Post Compact 2.431ms
[850.640s][info][gc,heap        ] GC(2568) PSYoungGen: 162736K(222720K)->0K(222720K) Eden: 111616K(111616K)->0K(111616K) From: 51120K(111104K)->0K(111104K)
[850.640s][info][gc,heap        ] GC(2568) ParOldGen: 636235K(667648K)->231874K(509952K)
[850.640s][info][gc,metaspace   ] GC(2568) Metaspace: 19100K(19264K)->19100K(19264K) NonClass: 17270K(17408K)->17270K(17408K) Class: 1829K(1856K)->1829K(1856K)
[850.641s][info][gc             ] GC(2568) Pause Full (Allocation Failure) 780M->226M(715M) 387.539ms
[850.641s][info][gc,cpu         ] GC(2568) User=0.68s Sys=0.01s Real=0.39s
[850.765s][info][gc,start       ] GC(2569) Pause Young (Allocation Failure)
[850.791s][info][gc,heap        ] GC(2569) PSYoungGen: 111616K(222720K)->13266K(222720K) Eden: 111616K(111616K)->0K(111616K) From: 0K(111104K)->13266K(111104K)
[850.791s][info][gc,heap        ] GC(2569) ParOldGen: 231874K(509952K)->231874K(509952K)
[850.791s][info][gc,metaspace   ] GC(2569) Metaspace: 19101K(19264K)->19101K(19264K) NonClass: 17272K(17408K)->17272K(17408K) Class: 1829K(1856K)->1829K(1856K)
[850.791s][info][gc             ] GC(2569) Pause Young (Allocation Failure) 335M->239M(715M) 25.772ms
[850.791s][info][gc,cpu         ] GC(2569) User=0.05s Sys=0.00s Real=0.03s
[850.881s][info][gc,start       ] GC(2570) Pause Young (Allocation Failure)
[850.934s][info][gc,heap        ] GC(2570) PSYoungGen: 124882K(222720K)->19520K(131584K) Eden: 111616K(111616K)->0K(111616K) From: 13266K(111104K)->19520K(19968K)
[850.934s][info][gc,heap        ] GC(2570) ParOldGen: 231874K(509952K)->244647K(509952K)
[850.934s][info][gc,metaspace   ] GC(2570) Metaspace: 19101K(19264K)->19101K(19264K) NonClass: 17272K(17408K)->17272K(17408K) Class: 1829K(1856K)->1829K(1856K)
[850.935s][info][gc             ] GC(2570) Pause Young (Allocation Failure) 348M->257M(626M) 53.300ms
[850.935s][info][gc,cpu         ] GC(2570) User=0.10s Sys=0.00s Real=0.05s
[851.055s][info][gc,start       ] GC(2571) Pause Young (Allocation Failure)
[851.090s][info][gc,heap        ] GC(2571) PSYoungGen: 131136K(131584K)->27296K(220160K) Eden: 111616K(111616K)->0K(118272K) From: 19520K(19968K)->27296K(101888K)
[851.090s][info][gc,heap        ] GC(2571) ParOldGen: 244647K(509952K)->244647K(509952K)
[851.090s][info][gc,metaspace   ] GC(2571) Metaspace: 19101K(19264K)->19101K(19264K) NonClass: 17272K(17408K)->17272K(17408K) Class: 1829K(1856K)->1829K(1856K)
[851.090s][info][gc             ] GC(2571) Pause Young (Allocation Failure) 366M->265M(713M) 35.049ms
[851.090s][info][gc,cpu         ] GC(2571) User=0.06s Sys=0.00s Real=0.04s
[851.201s][info][gc,start       ] GC(2572) Pause Young (Allocation Failure)
[851.245s][info][gc,heap        ] GC(2572) PSYoungGen: 145568K(220160K)->35808K(219648K) Eden: 118272K(118272K)->0K(118272K) From: 27296K(101888K)->35808K(101376K)
[851.245s][info][gc,heap        ] GC(2572) ParOldGen: 244647K(509952K)->244647K(509952K)
[851.245s][info][gc,metaspace   ] GC(2572) Metaspace: 19101K(19264K)->19101K(19264K) NonClass: 17272K(17408K)->17272K(17408K) Class: 1829K(1856K)->1829K(1856K)
[851.245s][info][gc             ] GC(2572) Pause Young (Allocation Failure) 381M->273M(712M) 43.665ms
[851.245s][info][gc,cpu         ] GC(2572) User=0.08s Sys=0.00s Real=0.04s
[851.353s][info][gc,start       ] GC(2573) Pause Young (Allocation Failure)
[851.400s][info][gc,heap        ] GC(2573) PSYoungGen: 154080K(219648K)->38272K(215040K) Eden: 118272K(118272K)->0K(126464K) From: 35808K(101376K)->38272K(88576K)
[851.400s][info][gc,heap        ] GC(2573) ParOldGen: 244647K(509952K)->244647K(509952K)
[851.400s][info][gc,metaspace   ] GC(2573) Metaspace: 19101K(19264K)->19101K(19264K) NonClass: 17272K(17408K)->17272K(17408K) Class: 1829K(1856K)->1829K(1856K)
[851.400s][info][gc             ] GC(2573) Pause Young (Allocation Failure) 389M->276M(708M) 46.638ms
[851.400s][info][gc,cpu         ] GC(2573) User=0.09s Sys=0.00s Real=0.05s
[851.521s][info][gc,start       ] GC(2574) Pause Young (Allocation Failure)
[851.566s][info][gc,heap        ] GC(2574) PSYoungGen: 164736K(215040K)->38240K(218624K) Eden: 126464K(126464K)->0K(126464K) From: 38272K(88576K)->38240K(92160K)
[851.567s][info][gc,heap        ] GC(2574) ParOldGen: 244647K(509952K)->244647K(509952K)
[851.567s][info][gc,metaspace   ] GC(2574) Metaspace: 19101K(19264K)->19101K(19264K) NonClass: 17272K(17408K)->17272K(17408K) Class: 1829K(1856K)->1829K(1856K)
[851.567s][info][gc             ] GC(2574) Pause Young (Allocation Failure) 399M->276M(711M) 45.971ms
[851.567s][info][gc,cpu         ] GC(2574) User=0.09s Sys=0.00s Real=0.05s
[851.658s][info][gc,start       ] GC(2575) Pause Young (Allocation Failure)
[851.733s][info][gc,heap        ] GC(2575) PSYoungGen: 164704K(218624K)->67824K(216064K) Eden: 126464K(126464K)->0K(128000K) From: 38240K(92160K)->67824K(88064K)
[851.733s][info][gc,heap        ] GC(2575) ParOldGen: 244647K(509952K)->244647K(509952K)
[851.733s][info][gc,metaspace   ] GC(2575) Metaspace: 19101K(19264K)->19101K(19264K) NonClass: 17272K(17408K)->17272K(17408K) Class: 1829K(1856K)->1829K(1856K)
[851.733s][info][gc             ] GC(2575) Pause Young (Allocation Failure) 399M->305M(709M) 74.808ms
[851.733s][info][gc,cpu         ] GC(2575) User=0.15s Sys=0.00s Real=0.07s
[851.789s][info][gc,start       ] GC(2576) Pause Young (Allocation Failure)
[851.904s][info][gc,heap        ] GC(2576) PSYoungGen: 195824K(216064K)->95200K(223232K) Eden: 128000K(128000K)->0K(128000K) From: 67824K(88064K)->95200K(95232K)
[851.904s][info][gc,heap        ] GC(2576) ParOldGen: 244647K(509952K)->248527K(509952K)
[851.904s][info][gc,metaspace   ] GC(2576) Metaspace: 19101K(19264K)->19101K(19264K) NonClass: 17272K(17408K)->17272K(17408K) Class: 1829K(1856K)->1829K(1856K)
[851.904s][info][gc             ] GC(2576) Pause Young (Allocation Failure) 430M->335M(716M) 114.932ms
[851.904s][info][gc,cpu         ] GC(2576) User=0.23s Sys=0.00s Real=0.11s
[852.041s][info][gc,start       ] GC(2577) Pause Young (Allocation Failure)
[852.151s][info][gc,heap        ] GC(2577) PSYoungGen: 223200K(223232K)->80979K(222208K) Eden: 128000K(128000K)->0K(111616K) From: 95200K(95232K)->80979K(110592K)
[852.151s][info][gc,heap        ] GC(2577) ParOldGen: 248527K(509952K)->275871K(509952K)
[852.151s][info][gc,metaspace   ] GC(2577) Metaspace: 19101K(19264K)->19101K(19264K) NonClass: 17272K(17408K)->17272K(17408K) Class: 1829K(1856K)->1829K(1856K)
[852.151s][info][gc             ] GC(2577) Pause Young (Allocation Failure) 460M->348M(715M) 110.309ms
[852.151s][info][gc,cpu         ] GC(2577) User=0.21s Sys=0.00s Real=0.11s
[852.242s][info][gc,start       ] GC(2578) Pause Young (Allocation Failure)
[852.331s][info][gc,heap        ] GC(2578) PSYoungGen: 192595K(222208K)->78035K(222720K) Eden: 111616K(111616K)->0K(111616K) From: 80979K(110592K)->78035K(111104K)
[852.331s][info][gc,heap        ] GC(2578) ParOldGen: 275871K(509952K)->286751K(509952K)
[852.331s][info][gc,metaspace   ] GC(2578) Metaspace: 19101K(19264K)->19101K(19264K) NonClass: 17272K(17408K)->17272K(17408K) Class: 1829K(1856K)->1829K(1856K)
[852.331s][info][gc             ] GC(2578) Pause Young (Allocation Failure) 457M->356M(715M) 89.447ms
[852.331s][info][gc,cpu         ] GC(2578) User=0.17s Sys=0.00s Real=0.09s
[852.390s][info][gc,start       ] GC(2579) Pause Young (Allocation Failure)
[852.470s][info][gc,heap        ] GC(2579) PSYoungGen: 189651K(222720K)->50691K(222720K) Eden: 111616K(111616K)->0K(111616K) From: 78035K(111104K)->50691K(111104K)
[852.470s][info][gc,heap        ] GC(2579) ParOldGen: 286751K(509952K)->316550K(509952K)
[852.470s][info][gc,metaspace   ] GC(2579) Metaspace: 19101K(19264K)->19101K(19264K) NonClass: 17272K(17408K)->17272K(17408K) Class: 1829K(1856K)->1829K(1856K)
[852.470s][info][gc             ] GC(2579) Pause Young (Allocation Failure) 465M->358M(715M) 80.205ms
[852.470s][info][gc,cpu         ] GC(2579) User=0.16s Sys=0.00s Real=0.08s
[852.546s][info][gc,start       ] GC(2580) Pause Young (Allocation Failure)
[852.595s][info][gc,heap        ] GC(2580) PSYoungGen: 162307K(222720K)->12352K(222720K) Eden: 111616K(111616K)->0K(111616K) From: 50691K(111104K)->12352K(111104K)
[852.595s][info][gc,heap        ] GC(2580) ParOldGen: 316550K(509952K)->357376K(509952K)
[852.595s][info][gc,metaspace   ] GC(2580) Metaspace: 19101K(19264K)->19101K(19264K) NonClass: 17272K(17408K)->17272K(17408K) Class: 1829K(1856K)->1829K(1856K)
[852.595s][info][gc             ] GC(2580) Pause Young (Allocation Failure) 467M->361M(715M) 49.149ms
[852.595s][info][gc,cpu         ] GC(2580) User=0.10s Sys=0.00s Real=0.05s
[852.818s][info][gc,start       ] GC(2581) Pause Young (Allocation Failure)
[852.835s][info][gc,heap        ] GC(2581) PSYoungGen: 123968K(222720K)->3776K(222720K) Eden: 111616K(111616K)->0K(111616K) From: 12352K(111104K)->3776K(111104K)
[852.835s][info][gc,heap        ] GC(2581) ParOldGen: 357376K(509952K)->367672K(509952K)
[852.835s][info][gc,metaspace   ] GC(2581) Metaspace: 19101K(19264K)->19101K(19264K) NonClass: 17272K(17408K)->17272K(17408K) Class: 1829K(1856K)->1829K(1856K)
[852.835s][info][gc             ] GC(2581) Pause Young (Allocation Failure) 470M->362M(715M) 17.482ms
[852.835s][info][gc,cpu         ] GC(2581) User=0.03s Sys=0.00s Real=0.01s
[853.108s][info][gc,start       ] GC(2582) Pause Young (Allocation Failure)
[853.115s][info][gc,heap        ] GC(2582) PSYoungGen: 115392K(222720K)->448K(222720K) Eden: 111616K(111616K)->0K(111616K) From: 3776K(111104K)->448K(111104K)
[853.115s][info][gc,heap        ] GC(2582) ParOldGen: 367672K(509952K)->371392K(509952K)
[853.115s][info][gc,metaspace   ] GC(2582) Metaspace: 19101K(19264K)->19101K(19264K) NonClass: 17272K(17408K)->17272K(17408K) Class: 1829K(1856K)->1829K(1856K)
[853.115s][info][gc             ] GC(2582) Pause Young (Allocation Failure) 471M->363M(715M) 7.671ms
[853.115s][info][gc,cpu         ] GC(2582) User=0.02s Sys=0.00s Real=0.00s
[853.300s][info][gc,start       ] GC(2583) Pause Young (Allocation Failure)
[853.334s][info][gc,heap        ] GC(2583) PSYoungGen: 112064K(222720K)->31712K(219648K) Eden: 111616K(111616K)->0K(111616K) From: 448K(111104K)->31712K(108032K)
[853.334s][info][gc,heap        ] GC(2583) ParOldGen: 371392K(509952K)->371661K(509952K)
[853.334s][info][gc,metaspace   ] GC(2583) Metaspace: 19101K(19264K)->19101K(19264K) NonClass: 17272K(17408K)->17272K(17408K) Class: 1829K(1856K)->1829K(1856K)
[853.334s][info][gc             ] GC(2583) Pause Young (Allocation Failure) 472M->393M(712M) 34.432ms
[853.334s][info][gc,cpu         ] GC(2583) User=0.07s Sys=0.01s Real=0.03s
[853.445s][info][gc,start       ] GC(2584) Pause Young (Allocation Failure)
[853.509s][info][gc,heap        ] GC(2584) PSYoungGen: 143328K(219648K)->71072K(221184K) Eden: 111616K(111616K)->0K(111616K) From: 31712K(108032K)->71072K(109568K)
[853.509s][info][gc,heap        ] GC(2584) ParOldGen: 371661K(509952K)->371661K(509952K)
[853.509s][info][gc,metaspace   ] GC(2584) Metaspace: 19101K(19264K)->19101K(19264K) NonClass: 17272K(17408K)->17272K(17408K) Class: 1829K(1856K)->1829K(1856K)
[853.509s][info][gc             ] GC(2584) Pause Young (Allocation Failure) 502M->432M(714M) 64.017ms
[853.509s][info][gc,cpu         ] GC(2584) User=0.12s Sys=0.00s Real=0.07s
[853.656s][info][gc,start       ] GC(2585) Pause Young (Allocation Failure)
[853.737s][info][gc,heap        ] GC(2585) PSYoungGen: 182688K(221184K)->13024K(222720K) Eden: 111616K(111616K)->0K(111616K) From: 71072K(109568K)->13024K(111104K)
[853.737s][info][gc,heap        ] GC(2585) ParOldGen: 371661K(509952K)->443135K(509952K)
[853.737s][info][gc,metaspace   ] GC(2585) Metaspace: 19101K(19264K)->19101K(19264K) NonClass: 17272K(17408K)->17272K(17408K) Class: 1829K(1856K)->1829K(1856K)
[853.737s][info][gc             ] GC(2585) Pause Young (Allocation Failure) 541M->445M(715M) 81.206ms
[853.737s][info][gc,cpu         ] GC(2585) User=0.16s Sys=0.00s Real=0.09s
[853.847s][info][gc,start       ] GC(2586) Pause Young (Allocation Failure)
[853.881s][info][gc,heap        ] GC(2586) PSYoungGen: 124640K(222720K)->3584K(115200K) Eden: 111616K(111616K)->0K(111616K) From: 13024K(111104K)->3584K(3584K)
[853.881s][info][gc,heap        ] GC(2586) ParOldGen: 443135K(509952K)->455983K(509952K)
[853.881s][info][gc,metaspace   ] GC(2586) Metaspace: 19101K(19264K)->19101K(19264K) NonClass: 17272K(17408K)->17272K(17408K) Class: 1829K(1856K)->1829K(1856K)
[853.881s][info][gc             ] GC(2586) Pause Young (Allocation Failure) 554M->448M(610M) 33.975ms
[853.881s][info][gc,cpu         ] GC(2586) User=0.07s Sys=0.00s Real=0.03s
[854.006s][info][gc,start       ] GC(2587) Pause Young (Allocation Failure)
[854.013s][info][gc,heap        ] GC(2587) PSYoungGen: 115200K(115200K)->4384K(224768K) Eden: 111616K(111616K)->0K(114176K) From: 3584K(3584K)->4384K(110592K)
[854.013s][info][gc,heap        ] GC(2587) ParOldGen: 455983K(509952K)->455983K(509952K)
[854.013s][info][gc,metaspace   ] GC(2587) Metaspace: 19101K(19264K)->19101K(19264K) NonClass: 17272K(17408K)->17272K(17408K) Class: 1829K(1856K)->1829K(1856K)
[854.013s][info][gc             ] GC(2587) Pause Young (Allocation Failure) 557M->449M(717M) 7.811ms
[854.013s][info][gc,cpu         ] GC(2587) User=0.01s Sys=0.00s Real=0.01s
[854.198s][info][gc,start       ] GC(2588) Pause Young (Allocation Failure)
[854.208s][info][gc,heap        ] GC(2588) PSYoungGen: 118560K(224768K)->5760K(120320K) Eden: 114176K(114176K)->0K(114176K) From: 4384K(110592K)->5760K(6144K)
[854.208s][info][gc,heap        ] GC(2588) ParOldGen: 455983K(509952K)->455983K(509952K)
[854.208s][info][gc,metaspace   ] GC(2588) Metaspace: 19101K(19264K)->19101K(19264K) NonClass: 17272K(17408K)->17272K(17408K) Class: 1829K(1856K)->1829K(1856K)
[854.208s][info][gc             ] GC(2588) Pause Young (Allocation Failure) 561M->450M(615M) 10.007ms
[854.208s][info][gc,cpu         ] GC(2588) User=0.02s Sys=0.00s Real=0.01s
[854.513s][info][gc,start       ] GC(2589) Pause Young (Allocation Failure)
[854.523s][info][gc,heap        ] GC(2589) PSYoungGen: 119936K(120320K)->5920K(220672K) Eden: 114176K(114176K)->0K(118784K) From: 5760K(6144K)->5920K(101888K)
[854.523s][info][gc,heap        ] GC(2589) ParOldGen: 455983K(509952K)->455983K(509952K)
[854.523s][info][gc,metaspace   ] GC(2589) Metaspace: 19101K(19264K)->19101K(19264K) NonClass: 17272K(17408K)->17272K(17408K) Class: 1829K(1856K)->1829K(1856K)
[854.523s][info][gc             ] GC(2589) Pause Young (Allocation Failure) 562M->451M(713M) 9.904ms
[854.523s][info][gc,cpu         ] GC(2589) User=0.02s Sys=0.00s Real=0.01s
[854.681s][info][gc,start       ] GC(2590) Pause Young (Allocation Failure)
[854.746s][info][gc,heap        ] GC(2590) PSYoungGen: 124704K(220672K)->61280K(220160K) Eden: 118784K(118784K)->0K(118784K) From: 5920K(101888K)->61280K(101376K)
[854.746s][info][gc,heap        ] GC(2590) ParOldGen: 455983K(509952K)->455983K(509952K)
[854.746s][info][gc,metaspace   ] GC(2590) Metaspace: 19101K(19264K)->19101K(19264K) NonClass: 17272K(17408K)->17272K(17408K) Class: 1829K(1856K)->1829K(1856K)
[854.746s][info][gc             ] GC(2590) Pause Young (Allocation Failure) 567M->505M(713M) 64.789ms
[854.746s][info][gc,cpu         ] GC(2590) User=0.12s Sys=0.00s Real=0.06s
[854.864s][info][gc,start       ] GC(2591) Pause Young (Allocation Failure)
[855.008s][info][gc,heap        ] GC(2591) PSYoungGen: 180064K(220160K)->106496K(218112K) Eden: 118784K(118784K)->0K(111616K) From: 61280K(101376K)->106496K(106496K)
[855.008s][info][gc,heap        ] GC(2591) ParOldGen: 455983K(509952K)->485903K(509952K)
[855.008s][info][gc,metaspace   ] GC(2591) Metaspace: 19101K(19264K)->19101K(19264K) NonClass: 17272K(17408K)->17272K(17408K) Class: 1829K(1856K)->1829K(1856K)
[855.008s][info][gc             ] GC(2591) Pause Young (Allocation Failure) 621M->578M(711M) 143.741ms
[855.008s][info][gc,cpu         ] GC(2591) User=0.27s Sys=0.01s Real=0.15s
[855.115s][info][gc,start       ] GC(2592) Pause Young (Allocation Failure)
[855.257s][info][gc,heap        ] GC(2592) PSYoungGen: 218112K(218112K)->111101K(222720K) Eden: 111616K(111616K)->0K(111616K) From: 106496K(106496K)->111101K(111104K)
[855.257s][info][gc,heap        ] GC(2592) ParOldGen: 485903K(509952K)->521632K(521728K)
[855.257s][info][gc,metaspace   ] GC(2592) Metaspace: 19101K(19264K)->19101K(19264K) NonClass: 17272K(17408K)->17272K(17408K) Class: 1829K(1856K)->1829K(1856K)
[855.257s][info][gc             ] GC(2592) Pause Young (Allocation Failure) 687M->617M(727M) 142.097ms
[855.257s][info][gc,cpu         ] GC(2592) User=0.26s Sys=0.01s Real=0.15s
[855.371s][info][gc,start       ] GC(2593) Pause Young (Allocation Failure)
[855.521s][info][gc,heap        ] GC(2593) PSYoungGen: 222717K(222720K)->111076K(222720K) Eden: 111616K(111616K)->0K(111616K) From: 111101K(111104K)->111076K(111104K)
[855.521s][info][gc,heap        ] GC(2593) ParOldGen: 521632K(521728K)->537738K(538112K)
[855.521s][info][gc,metaspace   ] GC(2593) Metaspace: 19102K(19264K)->19102K(19264K) NonClass: 17273K(17408K)->17273K(17408K) Class: 1829K(1856K)->1829K(1856K)
[855.521s][info][gc             ] GC(2593) Pause Young (Allocation Failure) 726M->633M(743M) 149.757ms
[855.521s][info][gc,cpu         ] GC(2593) User=0.28s Sys=0.00s Real=0.15s
[855.598s][info][gc,start       ] GC(2594) Pause Young (Allocation Failure)
[855.776s][info][gc,heap        ] GC(2594) PSYoungGen: 222692K(222720K)->27652K(222720K) Eden: 111616K(111616K)->0K(111616K) From: 111076K(111104K)->27652K(111104K)
[855.776s][info][gc,heap        ] GC(2594) ParOldGen: 537738K(538112K)->630106K(630272K)
[855.776s][info][gc,metaspace   ] GC(2594) Metaspace: 19103K(19264K)->19103K(19264K) NonClass: 17274K(17408K)->17274K(17408K) Class: 1829K(1856K)->1829K(1856K)
[855.776s][info][gc             ] GC(2594) Pause Young (Allocation Failure) 742M->642M(833M) 177.985ms
[855.776s][info][gc,cpu         ] GC(2594) User=0.28s Sys=0.06s Real=0.17s
[855.838s][info][gc,start       ] GC(2595) Pause Full (Allocation Failure)
[855.838s][info][gc,phases,start] GC(2595) Marking Phase
[855.914s][info][gc,phases      ] GC(2595) Marking Phase 75.273ms
[855.914s][info][gc,phases,start] GC(2595) Summary Phase
[855.914s][info][gc,phases      ] GC(2595) Summary Phase 0.034ms
[855.914s][info][gc,phases,start] GC(2595) Forward
[855.932s][info][gc,phases      ] GC(2595) Forward 18.307ms
[855.932s][info][gc,phases,start] GC(2595) Adjust Pointers
[855.983s][info][gc,phases      ] GC(2595) Adjust Pointers 51.265ms
[855.983s][info][gc,phases,start] GC(2595) Compaction Phase
[856.010s][info][gc,phases      ] GC(2595) Compaction Phase 26.689ms
[856.013s][info][gc,phases,start] GC(2595) Post Compact
[856.015s][info][gc,phases      ] GC(2595) Post Compact 2.303ms
[856.034s][info][gc,heap        ] GC(2595) PSYoungGen: 139268K(222720K)->0K(222720K) Eden: 111616K(111616K)->0K(111616K) From: 27652K(111104K)->0K(111104K)
[856.034s][info][gc,heap        ] GC(2595) ParOldGen: 630106K(630272K)->113929K(424960K)
[856.034s][info][gc,metaspace   ] GC(2595) Metaspace: 19103K(19264K)->19103K(19264K) NonClass: 17274K(17408K)->17274K(17408K) Class: 1829K(1856K)->1829K(1856K)
[856.034s][info][gc             ] GC(2595) Pause Full (Allocation Failure) 751M->111M(632M) 195.640ms
[856.034s][info][gc,cpu         ] GC(2595) User=0.31s Sys=0.02s Real=0.19s
[856.115s][info][gc,start       ] GC(2596) Pause Young (Allocation Failure)
[856.129s][info][gc,heap        ] GC(2596) PSYoungGen: 111616K(222720K)->19584K(222720K) Eden: 111616K(111616K)->0K(111616K) From: 0K(111104K)->19584K(111104K)
[856.130s][info][gc,heap        ] GC(2596) ParOldGen: 113929K(424960K)->113929K(424960K)
[856.130s][info][gc,metaspace   ] GC(2596) Metaspace: 19103K(19264K)->19103K(19264K) NonClass: 17274K(17408K)->17274K(17408K) Class: 1829K(1856K)->1829K(1856K)
[856.130s][info][gc             ] GC(2596) Pause Young (Allocation Failure) 220M->130M(632M) 15.018ms
[856.130s][info][gc,cpu         ] GC(2596) User=0.03s Sys=0.00s Real=0.02s
[856.171s][info][gc,start       ] GC(2597) Pause Young (Allocation Failure)
[856.205s][info][gc,heap        ] GC(2597) PSYoungGen: 131200K(222720K)->29440K(222720K) Eden: 111616K(111616K)->0K(111616K) From: 19584K(111104K)->29440K(111104K)
[856.205s][info][gc,heap        ] GC(2597) ParOldGen: 113929K(424960K)->133754K(424960K)
[856.205s][info][gc,metaspace   ] GC(2597) Metaspace: 19103K(19264K)->19103K(19264K) NonClass: 17274K(17408K)->17274K(17408K) Class: 1829K(1856K)->1829K(1856K)
[856.205s][info][gc             ] GC(2597) Pause Young (Allocation Failure) 239M->159M(632M) 33.543ms
[856.205s][info][gc,cpu         ] GC(2597) User=0.07s Sys=0.00s Real=0.03s
[856.366s][info][gc,start       ] GC(2598) Pause Young (Allocation Failure)
[856.404s][info][gc,heap        ] GC(2598) PSYoungGen: 141056K(222720K)->23328K(222720K) Eden: 111616K(111616K)->0K(111616K) From: 29440K(111104K)->23328K(111104K)
[856.404s][info][gc,heap        ] GC(2598) ParOldGen: 133754K(424960K)->163522K(424960K)
[856.404s][info][gc,metaspace   ] GC(2598) Metaspace: 19103K(19264K)->19103K(19264K) NonClass: 17274K(17408K)->17274K(17408K) Class: 1829K(1856K)->1829K(1856K)
[856.404s][info][gc             ] GC(2598) Pause Young (Allocation Failure) 268M->182M(632M) 38.339ms
[856.404s][info][gc,cpu         ] GC(2598) User=0.08s Sys=0.00s Real=0.04s
[856.507s][info][gc,start       ] GC(2599) Pause Young (Allocation Failure)
[856.531s][info][gc,heap        ] GC(2599) PSYoungGen: 134944K(222720K)->2304K(222720K) Eden: 111616K(111616K)->0K(111616K) From: 23328K(111104K)->2304K(111104K)
[856.531s][info][gc,heap        ] GC(2599) ParOldGen: 163522K(424960K)->187098K(424960K)
[856.531s][info][gc,metaspace   ] GC(2599) Metaspace: 19103K(19264K)->19103K(19264K) NonClass: 17274K(17408K)->17274K(17408K) Class: 1829K(1856K)->1829K(1856K)
[856.531s][info][gc             ] GC(2599) Pause Young (Allocation Failure) 291M->184M(632M) 24.458ms
[856.531s][info][gc,cpu         ] GC(2599) User=0.05s Sys=0.00s Real=0.02s
[856.716s][info][gc,start       ] GC(2600) Pause Young (Allocation Failure)
[856.753s][info][gc,heap        ] GC(2600) PSYoungGen: 113920K(222720K)->20577K(222720K) Eden: 111616K(111616K)->0K(111616K) From: 2304K(111104K)->20577K(111104K)
[856.753s][info][gc,heap        ] GC(2600) ParOldGen: 187098K(424960K)->189362K(424960K)
[856.753s][info][gc,metaspace   ] GC(2600) Metaspace: 19106K(19264K)->19106K(19264K) NonClass: 17276K(17408K)->17276K(17408K) Class: 1829K(1856K)->1829K(1856K)
[856.753s][info][gc             ] GC(2600) Pause Young (Allocation Failure) 293M->205M(632M) 36.924ms
[856.753s][info][gc,cpu         ] GC(2600) User=0.07s Sys=0.00s Real=0.04s
[856.860s][info][gc,start       ] GC(2601) Pause Young (Allocation Failure)
[856.933s][info][gc,heap        ] GC(2601) PSYoungGen: 132193K(222720K)->44928K(222720K) Eden: 111616K(111616K)->0K(111616K) From: 20577K(111104K)->44928K(111104K)
[856.933s][info][gc,heap        ] GC(2601) ParOldGen: 189362K(424960K)->209975K(424960K)
[856.933s][info][gc,metaspace   ] GC(2601) Metaspace: 19106K(19264K)->19106K(19264K) NonClass: 17276K(17408K)->17276K(17408K) Class: 1829K(1856K)->1829K(1856K)
[856.933s][info][gc             ] GC(2601) Pause Young (Allocation Failure) 314M->248M(632M) 73.110ms
[856.934s][info][gc,cpu         ] GC(2601) User=0.15s Sys=0.00s Real=0.07s
[857.017s][info][gc,start       ] GC(2602) Pause Young (Allocation Failure)
[857.105s][info][gc,heap        ] GC(2602) PSYoungGen: 156544K(222720K)->44512K(222720K) Eden: 111616K(111616K)->0K(111616K) From: 44928K(111104K)->44512K(111104K)
[857.105s][info][gc,heap        ] GC(2602) ParOldGen: 209975K(424960K)->255007K(424960K)
[857.105s][info][gc,metaspace   ] GC(2602) Metaspace: 19106K(19264K)->19106K(19264K) NonClass: 17276K(17408K)->17276K(17408K) Class: 1829K(1856K)->1829K(1856K)
[857.105s][info][gc             ] GC(2602) Pause Young (Allocation Failure) 357M->292M(632M) 87.406ms
[857.105s][info][gc,cpu         ] GC(2602) User=0.18s Sys=0.00s Real=0.08s
[857.155s][info][gc,start       ] GC(2603) Pause Young (Allocation Failure)
[857.228s][info][gc,heap        ] GC(2603) PSYoungGen: 156128K(222720K)->37280K(222720K) Eden: 111616K(111616K)->0K(111616K) From: 44512K(111104K)->37280K(111104K)
[857.228s][info][gc,heap        ] GC(2603) ParOldGen: 255007K(424960K)->299727K(424960K)
[857.228s][info][gc,metaspace   ] GC(2603) Metaspace: 19106K(19264K)->19106K(19264K) NonClass: 17276K(17408K)->17276K(17408K) Class: 1829K(1856K)->1829K(1856K)
[857.228s][info][gc             ] GC(2603) Pause Young (Allocation Failure) 401M->329M(632M) 72.469ms
[857.228s][info][gc,cpu         ] GC(2603) User=0.14s Sys=0.00s Real=0.08s
[857.268s][info][gc,start       ] GC(2604) Pause Young (Allocation Failure)
[857.316s][info][gc,heap        ] GC(2604) PSYoungGen: 148896K(222720K)->28352K(222720K) Eden: 111616K(111616K)->0K(111616K) From: 37280K(111104K)->28352K(111104K)
[857.316s][info][gc,heap        ] GC(2604) ParOldGen: 299727K(424960K)->337447K(424960K)
[857.316s][info][gc,metaspace   ] GC(2604) Metaspace: 19106K(19264K)->19106K(19264K) NonClass: 17276K(17408K)->17276K(17408K) Class: 1829K(1856K)->1829K(1856K)
[857.316s][info][gc             ] GC(2604) Pause Young (Allocation Failure) 438M->357M(632M) 48.072ms
[857.316s][info][gc,cpu         ] GC(2604) User=0.10s Sys=0.00s Real=0.04s
[857.432s][info][gc,start       ] GC(2605) Pause Young (Allocation Failure)
[857.462s][info][gc,heap        ] GC(2605) PSYoungGen: 139968K(222720K)->3424K(222720K) Eden: 111616K(111616K)->0K(111616K) From: 28352K(111104K)->3424K(111104K)
[857.462s][info][gc,heap        ] GC(2605) ParOldGen: 337447K(424960K)->366039K(424960K)
[857.462s][info][gc,metaspace   ] GC(2605) Metaspace: 19106K(19264K)->19106K(19264K) NonClass: 17276K(17408K)->17276K(17408K) Class: 1829K(1856K)->1829K(1856K)
[857.462s][info][gc             ] GC(2605) Pause Young (Allocation Failure) 466M->360M(632M) 29.658ms
[857.462s][info][gc,cpu         ] GC(2605) User=0.06s Sys=0.00s Real=0.03s
[857.527s][info][gc,start       ] GC(2606) Pause Young (Allocation Failure)
[857.540s][info][gc,heap        ] GC(2606) PSYoungGen: 115040K(222720K)->1760K(222720K) Eden: 111616K(111616K)->0K(111616K) From: 3424K(111104K)->1760K(111104K)
[857.540s][info][gc,heap        ] GC(2606) ParOldGen: 366039K(424960K)->369455K(424960K)
[857.540s][info][gc,metaspace   ] GC(2606) Metaspace: 19106K(19264K)->19106K(19264K) NonClass: 17276K(17408K)->17276K(17408K) Class: 1829K(1856K)->1829K(1856K)
[857.540s][info][gc             ] GC(2606) Pause Young (Allocation Failure) 469M->362M(632M) 13.371ms
[857.540s][info][gc,cpu         ] GC(2606) User=0.03s Sys=0.00s Real=0.01s
[857.621s][info][gc,start       ] GC(2607) Pause Young (Allocation Failure)
[857.642s][info][gc,heap        ] GC(2607) PSYoungGen: 113376K(222720K)->4480K(217600K) Eden: 111616K(111616K)->0K(111616K) From: 1760K(111104K)->4480K(105984K)
[857.642s][info][gc,heap        ] GC(2607) ParOldGen: 369455K(424960K)->371191K(424960K)
[857.642s][info][gc,metaspace   ] GC(2607) Metaspace: 19106K(19264K)->19106K(19264K) NonClass: 17276K(17408K)->17276K(17408K) Class: 1829K(1856K)->1829K(1856K)
[857.642s][info][gc             ] GC(2607) Pause Young (Allocation Failure) 471M->366M(627M) 20.294ms
[857.642s][info][gc,cpu         ] GC(2607) User=0.04s Sys=0.00s Real=0.02s
[857.760s][info][gc,start       ] GC(2608) Pause Young (Allocation Failure)
[857.797s][info][gc,heap        ] GC(2608) PSYoungGen: 116096K(217600K)->22689K(220160K) Eden: 111616K(111616K)->0K(111616K) From: 4480K(105984K)->22689K(108544K)
[857.797s][info][gc,heap        ] GC(2608) ParOldGen: 371191K(424960K)->371191K(424960K)
[857.797s][info][gc,metaspace   ] GC(2608) Metaspace: 19106K(19264K)->19106K(19264K) NonClass: 17276K(17408K)->17276K(17408K) Class: 1829K(1856K)->1829K(1856K)
[857.797s][info][gc             ] GC(2608) Pause Young (Allocation Failure) 475M->384M(630M) 36.830ms
[857.797s][info][gc,cpu         ] GC(2608) User=0.08s Sys=0.00s Real=0.04s
[857.901s][info][gc,start       ] GC(2609) Pause Young (Allocation Failure)
[857.960s][info][gc,heap        ] GC(2609) PSYoungGen: 134305K(220160K)->46433K(221696K) Eden: 111616K(111616K)->0K(120320K) From: 22689K(108544K)->46433K(101376K)
[857.960s][info][gc,heap        ] GC(2609) ParOldGen: 371191K(424960K)->371191K(424960K)
[857.960s][info][gc,metaspace   ] GC(2609) Metaspace: 19106K(19264K)->19106K(19264K) NonClass: 17276K(17408K)->17276K(17408K) Class: 1829K(1856K)->1829K(1856K)
[857.960s][info][gc             ] GC(2609) Pause Young (Allocation Failure) 493M->407M(631M) 59.032ms
[857.960s][info][gc,cpu         ] GC(2609) User=0.12s Sys=0.00s Real=0.06s
[858.048s][info][gc,start       ] GC(2610) Pause Young (Allocation Failure)
[858.130s][info][gc,heap        ] GC(2610) PSYoungGen: 166753K(221696K)->68065K(221184K) Eden: 120320K(120320K)->0K(120320K) From: 46433K(101376K)->68065K(100864K)
[858.130s][info][gc,heap        ] GC(2610) ParOldGen: 371191K(424960K)->371191K(424960K)
[858.130s][info][gc,metaspace   ] GC(2610) Metaspace: 19106K(19264K)->19106K(19264K) NonClass: 17276K(17408K)->17276K(17408K) Class: 1829K(1856K)->1829K(1856K)
[858.130s][info][gc             ] GC(2610) Pause Young (Allocation Failure) 525M->428M(631M) 82.642ms
[858.130s][info][gc,cpu         ] GC(2610) User=0.16s Sys=0.00s Real=0.08s
[858.257s][info][gc,start       ] GC(2611) Pause Young (Allocation Failure)
[858.350s][info][gc,heap        ] GC(2611) PSYoungGen: 188385K(221184K)->80193K(219648K) Eden: 120320K(120320K)->0K(111616K) From: 68065K(100864K)->80193K(108032K)
[858.350s][info][gc,heap        ] GC(2611) ParOldGen: 371191K(424960K)->371191K(424960K)
[858.350s][info][gc,metaspace   ] GC(2611) Metaspace: 19106K(19264K)->19106K(19264K) NonClass: 17276K(17408K)->17276K(17408K) Class: 1829K(1856K)->1829K(1856K)
[858.350s][info][gc             ] GC(2611) Pause Young (Allocation Failure) 546M->440M(629M) 92.780ms
[858.350s][info][gc,cpu         ] GC(2611) User=0.18s Sys=0.00s Real=0.09s
[858.482s][info][gc,start       ] GC(2612) Pause Young (Allocation Failure)
[858.579s][info][gc,heap        ] GC(2612) PSYoungGen: 191809K(219648K)->58560K(222720K) Eden: 111616K(111616K)->0K(111616K) From: 80193K(108032K)->58560K(111104K)
[858.579s][info][gc,heap        ] GC(2612) ParOldGen: 371191K(424960K)->393892K(424960K)
[858.579s][info][gc,metaspace   ] GC(2612) Metaspace: 19106K(19264K)->19106K(19264K) NonClass: 17276K(17408K)->17276K(17408K) Class: 1829K(1856K)->1829K(1856K)
[858.579s][info][gc             ] GC(2612) Pause Young (Allocation Failure) 549M->441M(632M) 97.335ms
[858.579s][info][gc,cpu         ] GC(2612) User=0.19s Sys=0.01s Real=0.10s
[858.714s][info][gc,start       ] GC(2613) Pause Young (Allocation Failure)
[858.790s][info][gc,heap        ] GC(2613) PSYoungGen: 170176K(222720K)->16640K(222720K) Eden: 111616K(111616K)->0K(111616K) From: 58560K(111104K)->16640K(111104K)
[858.790s][info][gc,heap        ] GC(2613) ParOldGen: 393892K(424960K)->439434K(439808K)
[858.790s][info][gc,metaspace   ] GC(2613) Metaspace: 19106K(19264K)->19106K(19264K) NonClass: 17276K(17408K)->17276K(17408K) Class: 1829K(1856K)->1829K(1856K)
[858.790s][info][gc             ] GC(2613) Pause Young (Allocation Failure) 550M->445M(647M) 76.118ms
[858.790s][info][gc,cpu         ] GC(2613) User=0.14s Sys=0.01s Real=0.08s
[858.947s][info][gc,start       ] GC(2614) Pause Young (Allocation Failure)
[858.982s][info][gc,heap        ] GC(2614) PSYoungGen: 128256K(222720K)->10656K(122368K) Eden: 111616K(111616K)->0K(111616K) From: 16640K(111104K)->10656K(10752K)
[858.982s][info][gc,heap        ] GC(2614) ParOldGen: 439434K(439808K)->452586K(452608K)
[858.982s][info][gc,metaspace   ] GC(2614) Metaspace: 19106K(19264K)->19106K(19264K) NonClass: 17276K(17408K)->17276K(17408K) Class: 1829K(1856K)->1829K(1856K)
[858.983s][info][gc             ] GC(2614) Pause Young (Allocation Failure) 554M->452M(561M) 35.036ms
[858.983s][info][gc,cpu         ] GC(2614) User=0.06s Sys=0.01s Real=0.03s
[859.119s][info][gc,start       ] GC(2615) Pause Young (Allocation Failure)
[859.148s][info][gc,heap        ] GC(2615) PSYoungGen: 122272K(122368K)->26400K(225792K) Eden: 111616K(111616K)->0K(117248K) From: 10656K(10752K)->26400K(108544K)
[859.148s][info][gc,heap        ] GC(2615) ParOldGen: 452586K(452608K)->452586K(452608K)
[859.148s][info][gc,metaspace   ] GC(2615) Metaspace: 19106K(19264K)->19106K(19264K) NonClass: 17276K(17408K)->17276K(17408K) Class: 1829K(1856K)->1829K(1856K)
[859.148s][info][gc             ] GC(2615) Pause Young (Allocation Failure) 561M->467M(662M) 29.812ms
[859.148s][info][gc,cpu         ] GC(2615) User=0.06s Sys=0.00s Real=0.03s
[859.531s][info][gc,start       ] GC(2616) Pause Young (Allocation Failure)
[859.563s][info][gc,heap        ] GC(2616) PSYoungGen: 143648K(225792K)->26432K(143872K) Eden: 117248K(117248K)->0K(117248K) From: 26400K(108544K)->26432K(26624K)
[859.563s][info][gc,heap        ] GC(2616) ParOldGen: 452586K(452608K)->452586K(452608K)
[859.563s][info][gc,metaspace   ] GC(2616) Metaspace: 19106K(19264K)->19106K(19264K) NonClass: 17276K(17408K)->17276K(17408K) Class: 1829K(1856K)->1829K(1856K)
[859.563s][info][gc             ] GC(2616) Pause Young (Allocation Failure) 582M->467M(582M) 32.082ms
[859.563s][info][gc,cpu         ] GC(2616) User=0.07s Sys=0.00s Real=0.03s
[859.861s][info][gc,start       ] GC(2617) Pause Young (Allocation Failure)
[859.891s][info][gc,heap        ] GC(2617) PSYoungGen: 143680K(143872K)->26528K(218624K) Eden: 117248K(117248K)->0K(124928K) From: 26432K(26624K)->26528K(93696K)
[859.891s][info][gc,heap        ] GC(2617) ParOldGen: 452586K(452608K)->452586K(452608K)
[859.891s][info][gc,metaspace   ] GC(2617) Metaspace: 19106K(19264K)->19106K(19264K) NonClass: 17276K(17408K)->17276K(17408K) Class: 1829K(1856K)->1829K(1856K)
[859.891s][info][gc             ] GC(2617) Pause Young (Allocation Failure) 582M->467M(655M) 29.561ms
[859.891s][info][gc,cpu         ] GC(2617) User=0.06s Sys=0.00s Real=0.03s
[860.195s][info][gc,start       ] GC(2618) Pause Young (Allocation Failure)
[860.224s][info][gc,heap        ] GC(2618) PSYoungGen: 151456K(218624K)->26528K(219136K) Eden: 124928K(124928K)->0K(124928K) From: 26528K(93696K)->26528K(94208K)
[860.224s][info][gc,heap        ] GC(2618) ParOldGen: 452586K(452608K)->452586K(452608K)
[860.224s][info][gc,metaspace   ] GC(2618) Metaspace: 19106K(19264K)->19106K(19264K) NonClass: 17276K(17408K)->17276K(17408K) Class: 1829K(1856K)->1829K(1856K)
[860.224s][info][gc             ] GC(2618) Pause Young (Allocation Failure) 589M->467M(656M) 29.492ms
[860.224s][info][gc,cpu         ] GC(2618) User=0.06s Sys=0.00s Real=0.03s
[860.513s][info][gc,start       ] GC(2619) Pause Young (Allocation Failure)
[860.556s][info][gc,heap        ] GC(2619) PSYoungGen: 151456K(219136K)->31392K(210944K) Eden: 124928K(124928K)->0K(132096K) From: 26528K(94208K)->31392K(78848K)
[860.556s][info][gc,heap        ] GC(2619) ParOldGen: 452586K(452608K)->452586K(452608K)
[860.556s][info][gc,metaspace   ] GC(2619) Metaspace: 19106K(19264K)->19106K(19264K) NonClass: 17276K(17408K)->17276K(17408K) Class: 1829K(1856K)->1829K(1856K)
[860.556s][info][gc             ] GC(2619) Pause Young (Allocation Failure) 589M->472M(648M) 42.929ms
[860.556s][info][gc,cpu         ] GC(2619) User=0.08s Sys=0.00s Real=0.04s
[860.709s][info][gc,start       ] GC(2620) Pause Young (Allocation Failure)
[860.763s][info][gc,heap        ] GC(2620) PSYoungGen: 163488K(210944K)->61302K(216064K) Eden: 132096K(132096K)->0K(132096K) From: 31392K(78848K)->61302K(83968K)
[860.763s][info][gc,heap        ] GC(2620) ParOldGen: 452586K(452608K)->452586K(452608K)
[860.763s][info][gc,metaspace   ] GC(2620) Metaspace: 19107K(19264K)->19107K(19264K) NonClass: 17278K(17408K)->17278K(17408K) Class: 1829K(1856K)->1829K(1856K)
[860.763s][info][gc             ] GC(2620) Pause Young (Allocation Failure) 601M->501M(653M) 53.739ms
[860.763s][info][gc,cpu         ] GC(2620) User=0.10s Sys=0.00s Real=0.05s
[860.880s][info][gc,start       ] GC(2621) Pause Young (Allocation Failure)
[860.981s][info][gc,heap        ] GC(2621) PSYoungGen: 193398K(216064K)->89062K(203776K) Eden: 132096K(132096K)->0K(114688K) From: 61302K(83968K)->89062K(89088K)
[860.981s][info][gc,heap        ] GC(2621) ParOldGen: 452586K(452608K)->468694K(468992K)
[860.981s][info][gc,metaspace   ] GC(2621) Metaspace: 19107K(19264K)->19107K(19264K) NonClass: 17278K(17408K)->17278K(17408K) Class: 1829K(1856K)->1829K(1856K)
[860.981s][info][gc             ] GC(2621) Pause Young (Allocation Failure) 630M->544M(657M) 101.726ms
[860.981s][info][gc,cpu         ] GC(2621) User=0.18s Sys=0.02s Real=0.10s
[861.101s][info][gc,start       ] GC(2622) Pause Young (Allocation Failure)
[861.183s][info][gc,heap        ] GC(2622) PSYoungGen: 203750K(203776K)->80790K(195584K) Eden: 114688K(114688K)->0K(114688K) From: 89062K(89088K)->80790K(80896K)
[861.183s][info][gc,heap        ] GC(2622) ParOldGen: 468694K(468992K)->479350K(479744K)
[861.183s][info][gc,metaspace   ] GC(2622) Metaspace: 19107K(19264K)->19107K(19264K) NonClass: 17278K(17408K)->17278K(17408K) Class: 1829K(1856K)->1829K(1856K)
[861.184s][info][gc             ] GC(2622) Pause Young (Allocation Failure) 656M->547M(659M) 82.095ms
[861.184s][info][gc,cpu         ] GC(2622) User=0.15s Sys=0.02s Real=0.08s
[861.368s][info][gc,start       ] GC(2623) Pause Young (Allocation Failure)
[861.488s][info][gc,heap        ] GC(2623) PSYoungGen: 195478K(195584K)->85203K(222720K) Eden: 114688K(114688K)->0K(111616K) From: 80790K(80896K)->85203K(111104K)
[861.488s][info][gc,heap        ] GC(2623) ParOldGen: 479350K(479744K)->495195K(495616K)
[861.488s][info][gc,metaspace   ] GC(2623) Metaspace: 19107K(19264K)->19107K(19264K) NonClass: 17278K(17408K)->17278K(17408K) Class: 1829K(1856K)->1829K(1856K)
[861.488s][info][gc             ] GC(2623) Pause Young (Allocation Failure) 659M->566M(701M) 120.353ms
[861.488s][info][gc,cpu         ] GC(2623) User=0.23s Sys=0.01s Real=0.12s
[861.639s][info][gc,start       ] GC(2624) Pause Young (Allocation Failure)
[861.730s][info][gc,heap        ] GC(2624) PSYoungGen: 196819K(222720K)->96867K(222720K) Eden: 111616K(111616K)->0K(111616K) From: 85203K(111104K)->96867K(111104K)
[861.730s][info][gc,heap        ] GC(2624) ParOldGen: 495195K(495616K)->495307K(495616K)
[861.730s][info][gc,metaspace   ] GC(2624) Metaspace: 19107K(19264K)->19107K(19264K) NonClass: 17278K(17408K)->17278K(17408K) Class: 1829K(1856K)->1829K(1856K)
[861.730s][info][gc             ] GC(2624) Pause Young (Allocation Failure) 675M->578M(701M) 91.275ms
[861.730s][info][gc,cpu         ] GC(2624) User=0.18s Sys=0.00s Real=0.09s
[861.840s][info][gc,start       ] GC(2625) Pause Young (Allocation Failure)
[861.962s][info][gc,heap        ] GC(2625) PSYoungGen: 208483K(222720K)->85868K(222720K) Eden: 111616K(111616K)->0K(111616K) From: 96867K(111104K)->85868K(111104K)
[861.963s][info][gc,heap        ] GC(2625) ParOldGen: 495307K(495616K)->523565K(523776K)
[861.963s][info][gc,metaspace   ] GC(2625) Metaspace: 19107K(19264K)->19107K(19264K) NonClass: 17278K(17408K)->17278K(17408K) Class: 1829K(1856K)->1829K(1856K)
[861.963s][info][gc             ] GC(2625) Pause Young (Allocation Failure) 687M->595M(729M) 122.691ms
[861.963s][info][gc,cpu         ] GC(2625) User=0.23s Sys=0.02s Real=0.12s
[862.048s][info][gc,start       ] GC(2626) Pause Young (Allocation Failure)
[862.176s][info][gc,heap        ] GC(2626) PSYoungGen: 197484K(222720K)->69500K(222720K) Eden: 111616K(111616K)->0K(111616K) From: 85868K(111104K)->69500K(111104K)
[862.176s][info][gc,heap        ] GC(2626) ParOldGen: 523565K(523776K)->560845K(561152K)
[862.176s][info][gc,metaspace   ] GC(2626) Metaspace: 19107K(19264K)->19107K(19264K) NonClass: 17278K(17408K)->17278K(17408K) Class: 1829K(1856K)->1829K(1856K)
[862.176s][info][gc             ] GC(2626) Pause Young (Allocation Failure) 704M->615M(765M) 127.270ms
[862.176s][info][gc,cpu         ] GC(2626) User=0.22s Sys=0.03s Real=0.12s
[862.242s][info][gc,start       ] GC(2627) Pause Young (Allocation Failure)
[862.343s][info][gc,heap        ] GC(2627) PSYoungGen: 181116K(222720K)->42544K(222720K) Eden: 111616K(111616K)->0K(111616K) From: 69500K(111104K)->42544K(111104K)
[862.343s][info][gc,heap        ] GC(2627) ParOldGen: 560845K(561152K)->592952K(593408K)
[862.343s][info][gc,metaspace   ] GC(2627) Metaspace: 19107K(19264K)->19107K(19264K) NonClass: 17278K(17408K)->17278K(17408K) Class: 1829K(1856K)->1829K(1856K)
[862.344s][info][gc             ] GC(2627) Pause Young (Allocation Failure) 724M->620M(797M) 101.252ms
[862.344s][info][gc,cpu         ] GC(2627) User=0.17s Sys=0.02s Real=0.10s
[862.393s][info][gc,start       ] GC(2628) Pause Young (Allocation Failure)
[862.480s][info][gc,heap        ] GC(2628) PSYoungGen: 154160K(222720K)->37392K(222720K) Eden: 111616K(111616K)->0K(111616K) From: 42544K(111104K)->37392K(111104K)
[862.480s][info][gc,heap        ] GC(2628) ParOldGen: 592952K(593408K)->630571K(630784K)
[862.480s][info][gc,metaspace   ] GC(2628) Metaspace: 19107K(19264K)->19107K(19264K) NonClass: 17278K(17408K)->17278K(17408K) Class: 1829K(1856K)->1829K(1856K)
[862.480s][info][gc             ] GC(2628) Pause Young (Allocation Failure) 729M->652M(833M) 87.062ms
[862.480s][info][gc,cpu         ] GC(2628) User=0.15s Sys=0.03s Real=0.09s
[862.564s][info][gc,start       ] GC(2629) Pause Full (Allocation Failure)
[862.564s][info][gc,phases,start] GC(2629) Marking Phase
[862.835s][info][gc,phases      ] GC(2629) Marking Phase 270.451ms
[862.835s][info][gc,phases,start] GC(2629) Summary Phase
[862.835s][info][gc,phases      ] GC(2629) Summary Phase 0.031ms
[862.835s][info][gc,phases,start] GC(2629) Forward
[862.906s][info][gc,phases      ] GC(2629) Forward 70.920ms
[862.906s][info][gc,phases,start] GC(2629) Adjust Pointers
[863.120s][info][gc,phases      ] GC(2629) Adjust Pointers 214.218ms
[863.120s][info][gc,phases,start] GC(2629) Compaction Phase
[863.239s][info][gc,phases      ] GC(2629) Compaction Phase 118.946ms
[863.245s][info][gc,phases,start] GC(2629) Post Compact
[863.247s][info][gc,phases      ] GC(2629) Post Compact 2.360ms
[863.248s][info][gc,heap        ] GC(2629) PSYoungGen: 149008K(222720K)->0K(222720K) Eden: 111616K(111616K)->0K(111616K) From: 37392K(111104K)->0K(111104K)
[863.248s][info][gc,heap        ] GC(2629) ParOldGen: 630571K(630784K)->386111K(667648K)
[863.248s][info][gc,metaspace   ] GC(2629) Metaspace: 19107K(19264K)->19107K(19264K) NonClass: 17278K(17408K)->17278K(17408K) Class: 1829K(1856K)->1829K(1856K)
[863.248s][info][gc             ] GC(2629) Pause Full (Allocation Failure) 761M->377M(869M) 683.622ms
[863.248s][info][gc,cpu         ] GC(2629) User=1.32s Sys=0.00s Real=0.69s
[863.310s][info][gc,start       ] GC(2630) Pause Young (Allocation Failure)
[863.318s][info][gc,heap        ] GC(2630) PSYoungGen: 111616K(222720K)->2752K(222720K) Eden: 111616K(111616K)->0K(111616K) From: 0K(111104K)->2752K(111104K)
[863.318s][info][gc,heap        ] GC(2630) ParOldGen: 386111K(667648K)->386111K(667648K)
[863.318s][info][gc,metaspace   ] GC(2630) Metaspace: 19107K(19264K)->19107K(19264K) NonClass: 17278K(17408K)->17278K(17408K) Class: 1829K(1856K)->1829K(1856K)
[863.318s][info][gc             ] GC(2630) Pause Young (Allocation Failure) 486M->379M(869M) 8.024ms
[863.318s][info][gc,cpu         ] GC(2630) User=0.02s Sys=0.00s Real=0.01s
[863.379s][info][gc,start       ] GC(2631) Pause Young (Allocation Failure)
[863.386s][info][gc,heap        ] GC(2631) PSYoungGen: 114368K(222720K)->1440K(222720K) Eden: 111616K(111616K)->0K(111616K) From: 2752K(111104K)->1440K(111104K)
[863.386s][info][gc,heap        ] GC(2631) ParOldGen: 386111K(667648K)->388847K(667648K)
[863.386s][info][gc,metaspace   ] GC(2631) Metaspace: 19107K(19264K)->19107K(19264K) NonClass: 17278K(17408K)->17278K(17408K) Class: 1829K(1856K)->1829K(1856K)
[863.386s][info][gc             ] GC(2631) Pause Young (Allocation Failure) 488M->381M(869M) 7.071ms
[863.386s][info][gc,cpu         ] GC(2631) User=0.01s Sys=0.00s Real=0.00s
[863.495s][info][gc,start       ] GC(2632) Pause Young (Allocation Failure)
[863.515s][info][gc,heap        ] GC(2632) PSYoungGen: 113056K(222720K)->9952K(222720K) Eden: 111616K(111616K)->0K(111616K) From: 1440K(111104K)->9952K(111104K)
[863.515s][info][gc,heap        ] GC(2632) ParOldGen: 388847K(667648K)->390255K(667648K)
[863.515s][info][gc,metaspace   ] GC(2632) Metaspace: 19107K(19264K)->19107K(19264K) NonClass: 17278K(17408K)->17278K(17408K) Class: 1829K(1856K)->1829K(1856K)
[863.515s][info][gc             ] GC(2632) Pause Young (Allocation Failure) 490M->390M(869M) 20.230ms
[863.515s][info][gc,cpu         ] GC(2632) User=0.04s Sys=0.00s Real=0.02s
[863.620s][info][gc,start       ] GC(2633) Pause Young (Allocation Failure)
[863.670s][info][gc,heap        ] GC(2633) PSYoungGen: 121568K(222720K)->23136K(222720K) Eden: 111616K(111616K)->0K(111616K) From: 9952K(111104K)->23136K(111104K)
[863.670s][info][gc,heap        ] GC(2633) ParOldGen: 390255K(667648K)->400207K(667648K)
[863.670s][info][gc,metaspace   ] GC(2633) Metaspace: 19107K(19264K)->19107K(19264K) NonClass: 17278K(17408K)->17278K(17408K) Class: 1829K(1856K)->1829K(1856K)
[863.670s][info][gc             ] GC(2633) Pause Young (Allocation Failure) 499M->413M(869M) 49.492ms
[863.670s][info][gc,cpu         ] GC(2633) User=0.09s Sys=0.00s Real=0.05s
[863.733s][info][gc,start       ] GC(2634) Pause Young (Allocation Failure)
[863.776s][info][gc,heap        ] GC(2634) PSYoungGen: 134752K(222720K)->16256K(222720K) Eden: 111616K(111616K)->0K(111616K) From: 23136K(111104K)->16256K(111104K)
[863.776s][info][gc,heap        ] GC(2634) ParOldGen: 400207K(667648K)->423381K(667648K)
[863.776s][info][gc,metaspace   ] GC(2634) Metaspace: 19107K(19264K)->19107K(19264K) NonClass: 17278K(17408K)->17278K(17408K) Class: 1829K(1856K)->1829K(1856K)
[863.776s][info][gc             ] GC(2634) Pause Young (Allocation Failure) 522M->429M(869M) 43.560ms
[863.776s][info][gc,cpu         ] GC(2634) User=0.08s Sys=0.00s Real=0.04s
[863.890s][info][gc,start       ] GC(2635) Pause Young (Allocation Failure)
[863.917s][info][gc,heap        ] GC(2635) PSYoungGen: 127872K(222720K)->2784K(222720K) Eden: 111616K(111616K)->0K(111616K) From: 16256K(111104K)->2784K(111104K)
[863.917s][info][gc,heap        ] GC(2635) ParOldGen: 423381K(667648K)->439669K(667648K)
[863.917s][info][gc,metaspace   ] GC(2635) Metaspace: 19107K(19264K)->19107K(19264K) NonClass: 17278K(17408K)->17278K(17408K) Class: 1829K(1856K)->1829K(1856K)
[863.917s][info][gc             ] GC(2635) Pause Young (Allocation Failure) 538M->432M(869M) 26.556ms
[863.917s][info][gc,cpu         ] GC(2635) User=0.05s Sys=0.00s Real=0.03s
[864.222s][info][gc,start       ] GC(2636) Pause Young (Allocation Failure)
[864.236s][info][gc,heap        ] GC(2636) PSYoungGen: 114400K(222720K)->8128K(222720K) Eden: 111616K(111616K)->0K(111616K) From: 2784K(111104K)->8128K(111104K)
[864.236s][info][gc,heap        ] GC(2636) ParOldGen: 439669K(667648K)->442413K(667648K)
[864.236s][info][gc,metaspace   ] GC(2636) Metaspace: 19107K(19264K)->19107K(19264K) NonClass: 17278K(17408K)->17278K(17408K) Class: 1829K(1856K)->1829K(1856K)
[864.237s][info][gc             ] GC(2636) Pause Young (Allocation Failure) 541M->439M(869M) 14.217ms
[864.237s][info][gc,cpu         ] GC(2636) User=0.02s Sys=0.00s Real=0.02s
[864.507s][info][gc,start       ] GC(2637) Pause Young (Allocation Failure)
[864.518s][info][gc,heap        ] GC(2637) PSYoungGen: 119744K(222720K)->8512K(214528K) Eden: 111616K(111616K)->0K(111616K) From: 8128K(111104K)->8512K(102912K)
[864.518s][info][gc,heap        ] GC(2637) ParOldGen: 442413K(667648K)->442413K(667648K)
[864.518s][info][gc,metaspace   ] GC(2637) Metaspace: 19107K(19264K)->19107K(19264K) NonClass: 17278K(17408K)->17278K(17408K) Class: 1829K(1856K)->1829K(1856K)
[864.518s][info][gc             ] GC(2637) Pause Young (Allocation Failure) 548M->440M(861M) 10.993ms
[864.518s][info][gc,cpu         ] GC(2637) User=0.02s Sys=0.00s Real=0.01s
[864.751s][info][gc,start       ] GC(2638) Pause Young (Allocation Failure)
[864.775s][info][gc,heap        ] GC(2638) PSYoungGen: 120128K(214528K)->19632K(218624K) Eden: 111616K(111616K)->0K(111616K) From: 8512K(102912K)->19632K(107008K)
[864.775s][info][gc,heap        ] GC(2638) ParOldGen: 442413K(667648K)->442413K(667648K)
[864.775s][info][gc,metaspace   ] GC(2638) Metaspace: 19107K(19264K)->19107K(19264K) NonClass: 17278K(17408K)->17278K(17408K) Class: 1829K(1856K)->1829K(1856K)
[864.775s][info][gc             ] GC(2638) Pause Young (Allocation Failure) 549M->451M(865M) 23.471ms
[864.775s][info][gc,cpu         ] GC(2638) User=0.05s Sys=0.00s Real=0.02s
[864.917s][info][gc,start       ] GC(2639) Pause Young (Allocation Failure)
[864.948s][info][gc,heap        ] GC(2639) PSYoungGen: 131248K(218624K)->28880K(205312K) Eden: 111616K(111616K)->0K(118784K) From: 19632K(107008K)->28880K(86528K)
[864.948s][info][gc,heap        ] GC(2639) ParOldGen: 442413K(667648K)->442413K(667648K)
[864.948s][info][gc,metaspace   ] GC(2639) Metaspace: 19107K(19264K)->19107K(19264K) NonClass: 17278K(17408K)->17278K(17408K) Class: 1829K(1856K)->1829K(1856K)
[864.948s][info][gc             ] GC(2639) Pause Young (Allocation Failure) 560M->460M(852M) 31.129ms
[864.948s][info][gc,cpu         ] GC(2639) User=0.06s Sys=0.00s Real=0.03s
[865.115s][info][gc,start       ] GC(2640) Pause Young (Allocation Failure)
[865.150s][info][gc,heap        ] GC(2640) PSYoungGen: 147664K(205312K)->35376K(212480K) Eden: 118784K(118784K)->0K(118784K) From: 28880K(86528K)->35376K(93696K)
[865.150s][info][gc,heap        ] GC(2640) ParOldGen: 442413K(667648K)->442413K(667648K)
[865.150s][info][gc,metaspace   ] GC(2640) Metaspace: 19107K(19264K)->19107K(19264K) NonClass: 17278K(17408K)->17278K(17408K) Class: 1829K(1856K)->1829K(1856K)
[865.150s][info][gc             ] GC(2640) Pause Young (Allocation Failure) 576M->466M(859M) 35.514ms
[865.150s][info][gc,cpu         ] GC(2640) User=0.07s Sys=0.00s Real=0.04s
[865.216s][info][gc,start       ] GC(2641) Pause Young (Allocation Failure)
[865.283s][info][gc,heap        ] GC(2641) PSYoungGen: 154160K(212480K)->79296K(204288K) Eden: 118784K(118784K)->0K(114176K) From: 35376K(93696K)->79296K(90112K)
[865.283s][info][gc,heap        ] GC(2641) ParOldGen: 442413K(667648K)->442413K(667648K)
[865.283s][info][gc,metaspace   ] GC(2641) Metaspace: 19107K(19264K)->19107K(19264K) NonClass: 17278K(17408K)->17278K(17408K) Class: 1829K(1856K)->1829K(1856K)
[865.283s][info][gc             ] GC(2641) Pause Young (Allocation Failure) 582M->509M(851M) 66.899ms
[865.283s][info][gc,cpu         ] GC(2641) User=0.13s Sys=0.00s Real=0.07s
[865.444s][info][gc,start       ] GC(2642) Pause Young (Allocation Failure)
[865.528s][info][gc,heap        ] GC(2642) PSYoungGen: 193472K(204288K)->102368K(216576K) Eden: 114176K(114176K)->0K(114176K) From: 79296K(90112K)->102368K(102400K)
[865.528s][info][gc,heap        ] GC(2642) ParOldGen: 442413K(667648K)->450093K(667648K)
[865.528s][info][gc,metaspace   ] GC(2642) Metaspace: 19107K(19264K)->19107K(19264K) NonClass: 17278K(17408K)->17278K(17408K) Class: 1829K(1856K)->1829K(1856K)
[865.528s][info][gc             ] GC(2642) Pause Young (Allocation Failure) 620M->539M(863M) 84.093ms
[865.528s][info][gc,cpu         ] GC(2642) User=0.17s Sys=0.00s Real=0.09s
[865.654s][info][gc,start       ] GC(2643) Pause Young (Allocation Failure)
[865.743s][info][gc,heap        ] GC(2643) PSYoungGen: 216544K(216576K)->97264K(222720K) Eden: 114176K(114176K)->0K(111616K) From: 102368K(102400K)->97264K(111104K)
[865.743s][info][gc,heap        ] GC(2643) ParOldGen: 450093K(667648K)->458351K(667648K)
[865.743s][info][gc,metaspace   ] GC(2643) Metaspace: 19107K(19264K)->19107K(19264K) NonClass: 17278K(17408K)->17278K(17408K) Class: 1829K(1856K)->1829K(1856K)
[865.743s][info][gc             ] GC(2643) Pause Young (Allocation Failure) 651M->542M(869M) 88.623ms
[865.743s][info][gc,cpu         ] GC(2643) User=0.17s Sys=0.00s Real=0.09s
[865.926s][info][gc,start       ] GC(2644) Pause Young (Allocation Failure)
[866.041s][info][gc,heap        ] GC(2644) PSYoungGen: 208880K(222720K)->103314K(222720K) Eden: 111616K(111616K)->0K(111616K) From: 97264K(111104K)->103314K(111104K)
[866.041s][info][gc,heap        ] GC(2644) ParOldGen: 458351K(667648K)->479092K(667648K)
[866.041s][info][gc,metaspace   ] GC(2644) Metaspace: 19107K(19264K)->19107K(19264K) NonClass: 17278K(17408K)->17278K(17408K) Class: 1829K(1856K)->1829K(1856K)
[866.041s][info][gc             ] GC(2644) Pause Young (Allocation Failure) 651M->568M(869M) 114.518ms
[866.041s][info][gc,cpu         ] GC(2644) User=0.23s Sys=0.00s Real=0.11s
[866.170s][info][gc,start       ] GC(2645) Pause Young (Allocation Failure)
[866.279s][info][gc,heap        ] GC(2645) PSYoungGen: 214930K(222720K)->79641K(222720K) Eden: 111616K(111616K)->0K(111616K) From: 103314K(111104K)->79641K(111104K)
[866.279s][info][gc,heap        ] GC(2645) ParOldGen: 479092K(667648K)->522900K(667648K)
[866.279s][info][gc,metaspace   ] GC(2645) Metaspace: 19107K(19264K)->19107K(19264K) NonClass: 17278K(17408K)->17278K(17408K) Class: 1829K(1856K)->1829K(1856K)
[866.279s][info][gc             ] GC(2645) Pause Young (Allocation Failure) 677M->588M(869M) 109.226ms
[866.279s][info][gc,cpu         ] GC(2645) User=0.21s Sys=0.00s Real=0.11s
[866.408s][info][gc,start       ] GC(2646) Pause Young (Allocation Failure)
[866.513s][info][gc,heap        ] GC(2646) PSYoungGen: 191257K(222720K)->61631K(222720K) Eden: 111616K(111616K)->0K(111616K) From: 79641K(111104K)->61631K(111104K)
[866.513s][info][gc,heap        ] GC(2646) ParOldGen: 522900K(667648K)->556460K(667648K)
[866.513s][info][gc,metaspace   ] GC(2646) Metaspace: 19107K(19264K)->19107K(19264K) NonClass: 17278K(17408K)->17278K(17408K) Class: 1829K(1856K)->1829K(1856K)
[866.513s][info][gc             ] GC(2646) Pause Young (Allocation Failure) 697M->603M(869M) 105.045ms
[866.513s][info][gc,cpu         ] GC(2646) User=0.20s Sys=0.00s Real=0.10s
[866.598s][info][gc,start       ] GC(2647) Pause Young (Allocation Failure)
[866.669s][info][gc,heap        ] GC(2647) PSYoungGen: 173247K(222720K)->15456K(222720K) Eden: 111616K(111616K)->0K(111616K) From: 61631K(111104K)->15456K(111104K)
[866.669s][info][gc,heap        ] GC(2647) ParOldGen: 556460K(667648K)->602946K(667648K)
[866.669s][info][gc,metaspace   ] GC(2647) Metaspace: 19107K(19264K)->19107K(19264K) NonClass: 17278K(17408K)->17278K(17408K) Class: 1829K(1856K)->1829K(1856K)
[866.669s][info][gc             ] GC(2647) Pause Young (Allocation Failure) 712M->603M(869M) 71.667ms
[866.669s][info][gc,cpu         ] GC(2647) User=0.14s Sys=0.00s Real=0.07s
[866.765s][info][gc,start       ] GC(2648) Pause Young (Allocation Failure)
[866.793s][info][gc,heap        ] GC(2648) PSYoungGen: 127072K(222720K)->5824K(222720K) Eden: 111616K(111616K)->0K(111616K) From: 15456K(111104K)->5824K(111104K)
[866.793s][info][gc,heap        ] GC(2648) ParOldGen: 602946K(667648K)->618450K(667648K)
[866.793s][info][gc,metaspace   ] GC(2648) Metaspace: 19107K(19264K)->19107K(19264K) NonClass: 17278K(17408K)->17278K(17408K) Class: 1829K(1856K)->1829K(1856K)
[866.793s][info][gc             ] GC(2648) Pause Young (Allocation Failure) 712M->609M(869M) 27.296ms
[866.793s][info][gc,cpu         ] GC(2648) User=0.06s Sys=0.01s Real=0.03s
[866.881s][info][gc,start       ] GC(2649) Pause Full (Allocation Failure)
[866.881s][info][gc,phases,start] GC(2649) Marking Phase
[867.156s][info][gc,phases      ] GC(2649) Marking Phase 275.118ms
[867.157s][info][gc,phases,start] GC(2649) Summary Phase
[867.157s][info][gc,phases      ] GC(2649) Summary Phase 0.028ms
[867.157s][info][gc,phases,start] GC(2649) Forward
[867.242s][info][gc,phases      ] GC(2649) Forward 85.660ms
[867.242s][info][gc,phases,start] GC(2649) Adjust Pointers
[867.461s][info][gc,phases      ] GC(2649) Adjust Pointers 218.406ms
[867.461s][info][gc,phases,start] GC(2649) Compaction Phase
[867.586s][info][gc,phases      ] GC(2649) Compaction Phase 125.300ms
[867.593s][info][gc,phases,start] GC(2649) Post Compact
[867.595s][info][gc,phases      ] GC(2649) Post Compact 2.209ms
[867.595s][info][gc,heap        ] GC(2649) PSYoungGen: 117440K(222720K)->0K(222720K) Eden: 111616K(111616K)->0K(111616K) From: 5824K(111104K)->0K(111104K)
[867.595s][info][gc,heap        ] GC(2649) ParOldGen: 618450K(667648K)->401381K(667648K)
[867.595s][info][gc,metaspace   ] GC(2649) Metaspace: 19107K(19264K)->19107K(19264K) NonClass: 17278K(17408K)->17278K(17408K) Class: 1829K(1856K)->1829K(1856K)
[867.595s][info][gc             ] GC(2649) Pause Full (Allocation Failure) 718M->391M(869M) 713.774ms
[867.595s][info][gc,cpu         ] GC(2649) User=1.35s Sys=0.00s Real=0.71s
[867.642s][info][gc,start       ] GC(2650) Pause Young (Allocation Failure)
[867.665s][info][gc,heap        ] GC(2650) PSYoungGen: 111616K(222720K)->30336K(222720K) Eden: 111616K(111616K)->0K(111616K) From: 0K(111104K)->30336K(111104K)
[867.665s][info][gc,heap        ] GC(2650) ParOldGen: 401381K(667648K)->401381K(667648K)
[867.665s][info][gc,metaspace   ] GC(2650) Metaspace: 19107K(19264K)->19107K(19264K) NonClass: 17278K(17408K)->17278K(17408K) Class: 1829K(1856K)->1829K(1856K)
[867.665s][info][gc             ] GC(2650) Pause Young (Allocation Failure) 500M->421M(869M) 23.277ms
[867.665s][info][gc,cpu         ] GC(2650) User=0.04s Sys=0.00s Real=0.02s
[867.738s][info][gc,start       ] GC(2651) Pause Young (Allocation Failure)
[867.777s][info][gc,heap        ] GC(2651) PSYoungGen: 141952K(222720K)->29408K(222720K) Eden: 111616K(111616K)->0K(111616K) From: 30336K(111104K)->29408K(111104K)
[867.777s][info][gc,heap        ] GC(2651) ParOldGen: 401381K(667648K)->432069K(667648K)
[867.777s][info][gc,metaspace   ] GC(2651) Metaspace: 19107K(19264K)->19107K(19264K) NonClass: 17278K(17408K)->17278K(17408K) Class: 1829K(1856K)->1829K(1856K)
[867.777s][info][gc             ] GC(2651) Pause Young (Allocation Failure) 530M->450M(869M) 39.735ms
[867.777s][info][gc,cpu         ] GC(2651) User=0.08s Sys=0.00s Real=0.04s
[867.919s][info][gc,start       ] GC(2652) Pause Young (Allocation Failure)
[867.957s][info][gc,heap        ] GC(2652) PSYoungGen: 141024K(222720K)->12768K(222720K) Eden: 111616K(111616K)->0K(111616K) From: 29408K(111104K)->12768K(111104K)
[867.957s][info][gc,heap        ] GC(2652) ParOldGen: 432069K(667648K)->461805K(667648K)
[867.957s][info][gc,metaspace   ] GC(2652) Metaspace: 19107K(19264K)->19107K(19264K) NonClass: 17278K(17408K)->17278K(17408K) Class: 1829K(1856K)->1829K(1856K)
[867.957s][info][gc             ] GC(2652) Pause Young (Allocation Failure) 559M->463M(869M) 37.275ms
[867.957s][info][gc,cpu         ] GC(2652) User=0.07s Sys=0.00s Real=0.04s
[868.053s][info][gc,start       ] GC(2653) Pause Young (Allocation Failure)
[868.096s][info][gc,heap        ] GC(2653) PSYoungGen: 124384K(222720K)->16336K(222720K) Eden: 111616K(111616K)->0K(111616K) From: 12768K(111104K)->16336K(111104K)
[868.096s][info][gc,heap        ] GC(2653) ParOldGen: 461805K(667648K)->474593K(667648K)
[868.096s][info][gc,metaspace   ] GC(2653) Metaspace: 19107K(19264K)->19107K(19264K) NonClass: 17278K(17408K)->17278K(17408K) Class: 1829K(1856K)->1829K(1856K)
[868.096s][info][gc             ] GC(2653) Pause Young (Allocation Failure) 572M->479M(869M) 42.443ms
[868.096s][info][gc,cpu         ] GC(2653) User=0.09s Sys=0.00s Real=0.04s
[868.243s][info][gc,start       ] GC(2654) Pause Young (Allocation Failure)
[868.312s][info][gc,heap        ] GC(2654) PSYoungGen: 127952K(222720K)->36384K(222720K) Eden: 111616K(111616K)->0K(111616K) From: 16336K(111104K)->36384K(111104K)
[868.312s][info][gc,heap        ] GC(2654) ParOldGen: 474593K(667648K)->490962K(667648K)
[868.312s][info][gc,metaspace   ] GC(2654) Metaspace: 19107K(19264K)->19107K(19264K) NonClass: 17278K(17408K)->17278K(17408K) Class: 1829K(1856K)->1829K(1856K)
[868.312s][info][gc             ] GC(2654) Pause Young (Allocation Failure) 588M->514M(869M) 69.235ms
[868.312s][info][gc,cpu         ] GC(2654) User=0.14s Sys=0.00s Real=0.07s
[868.466s][info][gc,start       ] GC(2655) Pause Young (Allocation Failure)
[868.536s][info][gc,heap        ] GC(2655) PSYoungGen: 148000K(222720K)->24224K(214528K) Eden: 111616K(111616K)->0K(111616K) From: 36384K(111104K)->24224K(102912K)
[868.536s][info][gc,heap        ] GC(2655) ParOldGen: 490962K(667648K)->527434K(667648K)
[868.536s][info][gc,metaspace   ] GC(2655) Metaspace: 19107K(19264K)->19107K(19264K) NonClass: 17278K(17408K)->17278K(17408K) Class: 1829K(1856K)->1829K(1856K)
[868.536s][info][gc             ] GC(2655) Pause Young (Allocation Failure) 623M->538M(861M) 70.175ms
[868.536s][info][gc,cpu         ] GC(2655) User=0.14s Sys=0.00s Real=0.08s
[868.666s][info][gc,start       ] GC(2656) Pause Young (Allocation Failure)
[868.699s][info][gc,heap        ] GC(2656) PSYoungGen: 135840K(214528K)->4544K(218624K) Eden: 111616K(111616K)->0K(111616K) From: 24224K(102912K)->4544K(107008K)
[868.699s][info][gc,heap        ] GC(2656) ParOldGen: 527434K(667648K)->551722K(667648K)
[868.699s][info][gc,metaspace   ] GC(2656) Metaspace: 19107K(19264K)->19107K(19264K) NonClass: 17278K(17408K)->17278K(17408K) Class: 1829K(1856K)->1829K(1856K)
[868.699s][info][gc             ] GC(2656) Pause Young (Allocation Failure) 647M->543M(865M) 32.531ms
[868.699s][info][gc,cpu         ] GC(2656) User=0.06s Sys=0.00s Real=0.04s
[868.800s][info][gc,start       ] GC(2657) Pause Young (Allocation Failure)
[868.811s][info][gc,heap        ] GC(2657) PSYoungGen: 116160K(218624K)->5440K(221696K) Eden: 111616K(111616K)->0K(121344K) From: 4544K(107008K)->5440K(100352K)
[868.811s][info][gc,heap        ] GC(2657) ParOldGen: 551722K(667648K)->551722K(667648K)
[868.811s][info][gc,metaspace   ] GC(2657) Metaspace: 19107K(19264K)->19107K(19264K) NonClass: 17278K(17408K)->17278K(17408K) Class: 1829K(1856K)->1829K(1856K)
[868.811s][info][gc             ] GC(2657) Pause Young (Allocation Failure) 652M->544M(868M) 11.275ms
[868.811s][info][gc,cpu         ] GC(2657) User=0.02s Sys=0.00s Real=0.01s
[868.946s][info][gc,start       ] GC(2658) Pause Young (Allocation Failure)
[868.963s][info][gc,heap        ] GC(2658) PSYoungGen: 126784K(221696K)->8768K(224768K) Eden: 121344K(121344K)->0K(121344K) From: 5440K(100352K)->8768K(103424K)
[868.963s][info][gc,heap        ] GC(2658) ParOldGen: 551722K(667648K)->551722K(667648K)
[868.963s][info][gc,metaspace   ] GC(2658) Metaspace: 19107K(19264K)->19107K(19264K) NonClass: 17278K(17408K)->17278K(17408K) Class: 1829K(1856K)->1829K(1856K)
[868.963s][info][gc             ] GC(2658) Pause Young (Allocation Failure) 662M->547M(871M) 17.334ms
[868.963s][info][gc,cpu         ] GC(2658) User=0.03s Sys=0.00s Real=0.02s
[869.142s][info][gc,start       ] GC(2659) Pause Young (Allocation Failure)
[869.157s][info][gc,heap        ] GC(2659) PSYoungGen: 130112K(224768K)->9504K(222720K) Eden: 121344K(121344K)->0K(130560K) From: 8768K(103424K)->9504K(92160K)
[869.157s][info][gc,heap        ] GC(2659) ParOldGen: 551722K(667648K)->551722K(667648K)
[869.157s][info][gc,metaspace   ] GC(2659) Metaspace: 19107K(19264K)->19107K(19264K) NonClass: 17278K(17408K)->17278K(17408K) Class: 1829K(1856K)->1829K(1856K)
[869.157s][info][gc             ] GC(2659) Pause Young (Allocation Failure) 665M->548M(869M) 15.016ms
[869.157s][info][gc,cpu         ] GC(2659) User=0.03s Sys=0.00s Real=0.02s
[869.377s][info][gc,start       ] GC(2660) Pause Young (Allocation Failure)
[869.408s][info][gc,heap        ] GC(2660) PSYoungGen: 140064K(222720K)->28592K(226304K) Eden: 130560K(130560K)->0K(130560K) From: 9504K(92160K)->28592K(95744K)
[869.408s][info][gc,heap        ] GC(2660) ParOldGen: 551722K(667648K)->551722K(667648K)
[869.408s][info][gc,metaspace   ] GC(2660) Metaspace: 19107K(19264K)->19107K(19264K) NonClass: 17278K(17408K)->17278K(17408K) Class: 1829K(1856K)->1829K(1856K)
[869.408s][info][gc             ] GC(2660) Pause Young (Allocation Failure) 675M->566M(873M) 30.862ms
[869.408s][info][gc,cpu         ] GC(2660) User=0.07s Sys=0.00s Real=0.03s
[869.706s][info][gc,start       ] GC(2661) Pause Young (Allocation Failure)
[869.748s][info][gc,heap        ] GC(2661) PSYoungGen: 159152K(226304K)->38112K(224256K) Eden: 130560K(130560K)->0K(139264K) From: 28592K(95744K)->38112K(84992K)
[869.748s][info][gc,heap        ] GC(2661) ParOldGen: 551722K(667648K)->551722K(667648K)
[869.748s][info][gc,metaspace   ] GC(2661) Metaspace: 19107K(19264K)->19107K(19264K) NonClass: 17278K(17408K)->17278K(17408K) Class: 1829K(1856K)->1829K(1856K)
[869.748s][info][gc             ] GC(2661) Pause Young (Allocation Failure) 694M->576M(871M) 41.678ms
[869.748s][info][gc,cpu         ] GC(2661) User=0.08s Sys=0.00s Real=0.05s
[870.142s][info][gc,start       ] GC(2662) Pause Young (Allocation Failure)
[870.182s][info][gc,heap        ] GC(2662) PSYoungGen: 177376K(224256K)->38160K(226816K) Eden: 139264K(139264K)->0K(139264K) From: 38112K(84992K)->38160K(87552K)
[870.183s][info][gc,heap        ] GC(2662) ParOldGen: 551722K(667648K)->551722K(667648K)
[870.183s][info][gc,metaspace   ] GC(2662) Metaspace: 19107K(19264K)->19107K(19264K) NonClass: 17278K(17408K)->17278K(17408K) Class: 1829K(1856K)->1829K(1856K)
[870.183s][info][gc             ] GC(2662) Pause Young (Allocation Failure) 712M->576M(873M) 40.937ms
[870.183s][info][gc,cpu         ] GC(2662) User=0.08s Sys=0.00s Real=0.04s
[870.565s][info][gc,start       ] GC(2663) Pause Young (Allocation Failure)
[870.608s][info][gc,heap        ] GC(2663) PSYoungGen: 177424K(226816K)->38160K(229376K) Eden: 139264K(139264K)->0K(147968K) From: 38160K(87552K)->38160K(81408K)
[870.608s][info][gc,heap        ] GC(2663) ParOldGen: 551722K(667648K)->551722K(667648K)
[870.608s][info][gc,metaspace   ] GC(2663) Metaspace: 19107K(19264K)->19107K(19264K) NonClass: 17278K(17408K)->17278K(17408K) Class: 1829K(1856K)->1829K(1856K)
[870.608s][info][gc             ] GC(2663) Pause Young (Allocation Failure) 712M->576M(876M) 42.301ms
[870.608s][info][gc,cpu         ] GC(2663) User=0.09s Sys=0.00s Real=0.05s
[870.978s][info][gc,start       ] GC(2664) Pause Young (Allocation Failure)
[871.022s][info][gc,heap        ] GC(2664) PSYoungGen: 186128K(229376K)->38192K(231424K) Eden: 147968K(147968K)->0K(147968K) From: 38160K(81408K)->38192K(83456K)
[871.022s][info][gc,heap        ] GC(2664) ParOldGen: 551722K(667648K)->551722K(667648K)
[871.022s][info][gc,metaspace   ] GC(2664) Metaspace: 19107K(19264K)->19107K(19264K) NonClass: 17278K(17408K)->17278K(17408K) Class: 1829K(1856K)->1829K(1856K)
[871.022s][info][gc             ] GC(2664) Pause Young (Allocation Failure) 720M->576M(878M) 43.956ms
[871.022s][info][gc,cpu         ] GC(2664) User=0.09s Sys=0.00s Real=0.04s
[871.392s][info][gc,start       ] GC(2665) Pause Young (Allocation Failure)
[871.446s][info][gc,heap        ] GC(2665) PSYoungGen: 186160K(231424K)->38192K(233472K) Eden: 147968K(147968K)->0K(156672K) From: 38192K(83456K)->38192K(76800K)
[871.446s][info][gc,heap        ] GC(2665) ParOldGen: 551722K(667648K)->551722K(667648K)
[871.446s][info][gc,metaspace   ] GC(2665) Metaspace: 19107K(19264K)->19107K(19264K) NonClass: 17278K(17408K)->17278K(17408K) Class: 1829K(1856K)->1829K(1856K)
[871.446s][info][gc             ] GC(2665) Pause Young (Allocation Failure) 720M->576M(880M) 53.969ms
[871.446s][info][gc,cpu         ] GC(2665) User=0.11s Sys=0.00s Real=0.06s
[871.772s][info][gc,start       ] GC(2666) Pause Young (Allocation Failure)
[871.824s][info][gc,heap        ] GC(2666) PSYoungGen: 194864K(233472K)->49376K(235520K) Eden: 156672K(156672K)->0K(156672K) From: 38192K(76800K)->49376K(78848K)
[871.824s][info][gc,heap        ] GC(2666) ParOldGen: 551722K(667648K)->551722K(667648K)
[871.824s][info][gc,metaspace   ] GC(2666) Metaspace: 19107K(19264K)->19107K(19264K) NonClass: 17278K(17408K)->17278K(17408K) Class: 1829K(1856K)->1829K(1856K)
[871.824s][info][gc             ] GC(2666) Pause Young (Allocation Failure) 729M->587M(882M) 51.913ms
[871.824s][info][gc,cpu         ] GC(2666) User=0.11s Sys=0.00s Real=0.05s
[871.934s][info][gc,start       ] GC(2667) Pause Young (Allocation Failure)
[872.044s][info][gc,heap        ] GC(2667) PSYoungGen: 206048K(235520K)->80368K(208384K) Eden: 156672K(156672K)->0K(128000K) From: 49376K(78848K)->80368K(80384K)
[872.044s][info][gc,heap        ] GC(2667) ParOldGen: 551722K(667648K)->577466K(667648K)
[872.044s][info][gc,metaspace   ] GC(2667) Metaspace: 19107K(19264K)->19107K(19264K) NonClass: 17278K(17408K)->17278K(17408K) Class: 1829K(1856K)->1829K(1856K)
[872.044s][info][gc             ] GC(2667) Pause Young (Allocation Failure) 740M->642M(855M) 109.312ms
[872.044s][info][gc,cpu         ] GC(2667) User=0.21s Sys=0.00s Real=0.11s
[872.273s][info][gc,start       ] GC(2668) Pause Young (Allocation Failure)
